[0.002s][info][gc,init] CardTable entry size: 512
[0.002s][info][gc     ] Using Parallel
[0.002s][info][gc,init] Version: 24-internal-adhoc.thomas.source (release)
[0.002s][info][gc,init] CPUs: 8 total, 6 available
[0.002s][info][gc,init] Memory: 15662M
[0.002s][info][gc,init] Large Page Support: Disabled
[0.002s][info][gc,init] NUMA Support: Disabled
[0.002s][info][gc,init] Compressed Oops: Enabled (Zero based)
[0.002s][info][gc,init] Alignments: Space 512K, Generation 512K, Heap 2M
[0.002s][info][gc,init] Heap Min Capacity: 2M
[0.002s][info][gc,init] Heap Initial Capacity: 246M
[0.002s][info][gc,init] Heap Max Capacity: 8G
[0.002s][info][gc,init] Pre-touch: Disabled
[0.002s][info][gc,init] Parallel Workers: 6
[0.002s][info][gc,metaspace] CDS archive(s) not mapped
[0.002s][info][gc,metaspace] Compressed class space mapped at: 0x000000001c000000-0x000000005c000000, reserved size: 1073741824
[0.002s][info][gc,metaspace] UseCompressedClassPointers 1, UseCompactObjectHeaders 0, narrow klass pointer bits 32, max shift 3
[0.002s][info][gc,metaspace] Narrow klass base: 0x0000000000000000, Narrow klass shift: 0, Narrow klass range: 0x5c000000

SPECjbb2015 Java Business Benchmark
 (c) Standard Performance Evaluation Corporation, 2015

Preparing to launch All-in-one SPECjbb2015.

Reading property file: /shared/projects/openjdk/analysis/lilliput-benefits/specjbb/results-COH-OFF-Parallel-FullGC-8G-0/./config/specjbb2015.props

     0s: Enumerating plugins...
     0s:    Connectivity:
     0s:             HTTP_Grizzly: Grizzly HTTP server, JDK HTTP client
     0s:              NIO_Grizzly: Grizzly NIO server, Grizzly NIO client
     0s:               HTTP_Jetty: Jetty HTTP server, JDK HTTP client
     0s:    Snapshot:
     0s:                 InMemory: Stores snapshots in heap memory
     0s:    Data Writers:
     0s:                     Demo: Send all frame to listener
     0s:                   InFile: Writing Data into file
     0s:                   Silent: Drop all frames
     0s: 
     0s: Kit validation is skipped.
     0s: Tests are skipped.
     0s: 
     0s: [0.433s][info][gc,start    ] GC(0) Pause Young (Allocation Failure)
[0.436s][info][gc,heap     ] GC(0) PSYoungGen: 63488K(73728K)->3930K(73728K) Eden: 63488K(63488K)->0K(63488K) From: 0K(10240K)->3930K(10240K)
[0.436s][info][gc,heap     ] GC(0) ParOldGen: 0K(167936K)->16K(167936K)
[0.436s][info][gc,metaspace] GC(0) Metaspace: 16275K(16448K)->16275K(16448K) NonClass: 14474K(14528K)->14474K(14528K) Class: 1801K(1920K)->1801K(1920K)
[0.436s][info][gc          ] GC(0) Pause Young (Allocation Failure) 62M->3M(236M) 3.460ms
[0.436s][info][gc,cpu      ] GC(0) User=0.02s Sys=0.00s Real=0.00s
[0.577s][info][gc,start    ] GC(1) Pause Young (Allocation Failure)
[0.581s][info][gc,heap     ] GC(1) PSYoungGen: 67418K(73728K)->4170K(73728K) Eden: 63488K(63488K)->0K(63488K) From: 3930K(10240K)->4170K(10240K)
[0.581s][info][gc,heap     ] GC(1) ParOldGen: 16K(167936K)->24K(167936K)
[0.581s][info][gc,metaspace] GC(1) Metaspace: 18026K(18240K)->18026K(18240K) NonClass: 15911K(16000K)->15911K(16000K) Class: 2115K(2240K)->2115K(2240K)
[0.581s][info][gc          ] GC(1) Pause Young (Allocation Failure) 65M->4M(236M) 3.528ms
[0.581s][info][gc,cpu      ] GC(1) User=0.01s Sys=0.00s Real=0.00s
[0.741s][info][gc,start    ] GC(2) Pause Young (Allocation Failure)
[0.744s][info][gc,heap     ] GC(2) PSYoungGen: 67658K(73728K)->4598K(73728K) Eden: 63488K(63488K)->0K(63488K) From: 4170K(10240K)->4598K(10240K)
[0.744s][info][gc,heap     ] GC(2) ParOldGen: 24K(167936K)->32K(167936K)
[0.744s][info][gc,metaspace] GC(2) Metaspace: 20223K(20416K)->20223K(20416K) NonClass: 17805K(17920K)->17805K(17920K) Class: 2418K(2496K)->2418K(2496K)
[0.744s][info][gc          ] GC(2) Pause Young (Allocation Failure) 66M->4M(236M) 2.348ms
[0.744s][info][gc,cpu      ] GC(2) User=0.01s Sys=0.00s Real=0.01s
[0.882s][info][gc,start    ] GC(3) Pause Young (Allocation Failure)
[0.886s][info][gc,heap     ] GC(3) PSYoungGen: 68086K(73728K)->5087K(137216K) Eden: 63488K(63488K)->0K(126976K) From: 4598K(10240K)->5087K(10240K)
[0.886s][info][gc,heap     ] GC(3) ParOldGen: 32K(167936K)->40K(167936K)
[0.886s][info][gc,metaspace] GC(3) Metaspace: 21075K(21248K)->21075K(21248K) NonClass: 18562K(18624K)->18562K(18624K) Class: 2513K(2624K)->2513K(2624K)
[0.886s][info][gc          ] GC(3) Pause Young (Allocation Failure) 66M->5M(298M) 4.221ms
[0.886s][info][gc,cpu      ] GC(3) User=0.01s Sys=0.01s Real=0.00s
[0.990s][info][gc,start    ] GC(4) Pause Full (Metadata GC Threshold)
[0.990s][info][gc,phases,start] GC(4) Marking Phase
[0.994s][info][gc,phases      ] GC(4) Marking Phase 4.489ms
[0.994s][info][gc,phases,start] GC(4) Summary Phase
[0.994s][info][gc,phases      ] GC(4) Summary Phase 0.008ms
[0.994s][info][gc,phases,start] GC(4) Forward
[0.995s][info][gc,phases      ] GC(4) Forward 0.457ms
[0.995s][info][gc,phases,start] GC(4) Adjust Pointers
[0.996s][info][gc,phases      ] GC(4) Adjust Pointers 1.399ms
[0.996s][info][gc,phases,start] GC(4) Compaction Phase
[0.997s][info][gc,phases      ] GC(4) Compaction Phase 1.167ms
[0.997s][info][gc,phases,start] GC(4) Post Compact
[0.998s][info][gc,phases      ] GC(4) Post Compact 0.546ms
[0.998s][info][gc,heap        ] GC(4) PSYoungGen: 65282K(137216K)->0K(137216K) Eden: 60195K(126976K)->0K(126976K) From: 5087K(10240K)->0K(10240K)
[0.998s][info][gc,heap        ] GC(4) ParOldGen: 40K(167936K)->5276K(167936K)
[0.998s][info][gc,metaspace   ] GC(4) Metaspace: 21364K(21504K)->21364K(21504K) NonClass: 18834K(18880K)->18834K(18880K) Class: 2530K(2624K)->2530K(2624K)
[0.998s][info][gc             ] GC(4) Pause Full (Metadata GC Threshold) 63M->5M(298M) 8.260ms
[0.998s][info][gc,cpu         ] GC(4) User=0.03s Sys=0.01s Real=0.01s
Ladies and gentlemen, this is your Controller speaking.
     0s: We are delighted in having you for benchmark run today.
     0s: 
     0s: Binary log file is ./specjbb2015-C-20240916-00001.data.gz
     0s: 
     0s: Performing handshake with all agents ...
     0s: 
     0s:  Agent Group1.TxInjector.CompositeTxInjector has attached to Controller
     0s:  Agent Group1.Backend.CompositeBackend has attached to Controller
     0s: 
     0s: All agents have connected.
     0s: 
     0s: Attached agents info:

Group "Group1"
    TxInjectors:
        CompositeTxInjector, includes { Driver } @ [local in-Java link]
    Backends:
        CompositeBackend, includes { SM(2),SP(2) } @ [local in-Java link]

     0s: Initializing... (init[1.060s][info][gc,start       ] GC(5) Pause Young (Allocation Failure)
[1.093s][info][gc,heap        ] GC(5) PSYoungGen: 126976K(137216K)->10211K(137216K) Eden: 126976K(126976K)->0K(126976K) From: 0K(10240K)->10211K(10240K)
[1.093s][info][gc,heap        ] GC(5) ParOldGen: 5276K(167936K)->70362K(167936K)
[1.093s][info][gc,metaspace   ] GC(5) Metaspace: 22295K(22400K)->22295K(22400K) NonClass: 19652K(19712K)->19652K(19712K) Class: 2642K(2688K)->2642K(2688K)
[1.093s][info][gc             ] GC(5) Pause Young (Allocation Failure) 129M->78M(298M) 32.648ms
[1.093s][info][gc,cpu         ] GC(5) User=0.10s Sys=0.08s Real=0.04s
[1.175s][info][gc,start       ] GC(6) Pause Young (Allocation Failure)
[1.231s][info][gc,heap        ] GC(6) PSYoungGen: 137187K(137216K)->53753K(270848K) Eden: 126976K(126976K)->0K(217088K) From: 10211K(10240K)->53753K(53760K)
[1.231s][info][gc,heap        ] GC(6) ParOldGen: 70362K(167936K)->111027K(167936K)
[1.231s][info][gc,metaspace   ] GC(6) Metaspace: 22643K(22784K)->22643K(22784K) NonClass: 19969K(20032K)->19969K(20032K) Class: 2673K(2752K)->2673K(2752K)
[1.231s][info][gc             ] GC(6) Pause Young (Allocation Failure) 202M->160M(428M) 55.836ms
[1.231s][info][gc,cpu         ] GC(6) User=0.17s Sys=0.16s Real=0.05s
[1.374s][info][gc,start       ] GC(7) Pause Young (Allocation Failure)
[1.482s][info][gc,heap        ] GC(7) PSYoungGen: 270841K(270848K)->90614K(307712K) Eden: 217088K(217088K)->0K(217088K) From: 53753K(53760K)->90614K(90624K)
[1.482s][info][gc,heap        ] GC(7) ParOldGen: 111027K(167936K)->224803K(225280K)
[1.482s][info][gc,metaspace   ] GC(7) Metaspace: 22687K(22848K)->22687K(22848K) NonClass: 20013K(20096K)->20013K(20096K) Class: 2674K(2752K)->2674K(2752K)
[1.482s][info][gc             ] GC(7) Pause Young (Allocation Failure) 372M->308M(520M) 107.725ms
[1.482s][info][gc,cpu         ] GC(7) User=0.40s Sys=0.24s Real=0.11s
[1.601s][info][gc,start       ] GC(8) Pause Young (Allocation Failure)
[1.738s][info][gc,heap        ] GC(8) PSYoungGen: 307702K(307712K)->169440K(520192K) Eden: 217088K(217088K)->0K(350720K) From: 90614K(90624K)->169440K(169472K)
[1.738s][info][gc,heap        ] GC(8) ParOldGen: 224803K(225280K)->333163K(333312K)
[1.738s][info][gc,metaspace   ] GC(8) Metaspace: 22689K(22848K)->22689K(22848K) NonClass: 20015K(20096K)->20015K(20096K) Class: 2674K(2752K)->2674K(2752K)
[1.738s][info][gc             ] GC(8) Pause Young (Allocation Failure) 520M->490M(833M) 136.689ms
[1.738s][info][gc,cpu         ] GC(8) User=0.55s Sys=0.26s Real=0.14s
[1.968s][info][gc,start       ] GC(9) Pause Young (Allocation Failure)
[2.180s][info][gc,heap        ] GC(9) PSYoungGen: 520160K(520192K)->252919K(603648K) Eden: 350720K(350720K)->0K(350720K) From: 169440K(169472K)->252919K(252928K)
[2.180s][info][gc,heap        ] GC(9) ParOldGen: 333163K(333312K)->542839K(543232K)
[2.180s][info][gc,metaspace   ] GC(9) Metaspace: 22712K(22912K)->22712K(22912K) NonClass: 20037K(20160K)->20037K(20160K) Class: 2675K(2752K)->2675K(2752K)
[2.180s][info][gc             ] GC(9) Pause Young (Allocation Failure) 833M->777M(1120M) 212.111ms
[2.181s][info][gc,cpu         ] GC(9) User=0.85s Sys=0.40s Real=0.21s
[2.394s][info][gc,start       ] GC(10) Pause Young (Allocation Failure)
[2.663s][info][gc,heap        ] GC(10) PSYoungGen: 602207K(603648K)->370164K(884736K) Eden: 349288K(350720K)->0K(496640K) From: 252919K(252928K)->370164K(388096K)
[2.663s][info][gc,heap        ] GC(10) ParOldGen: 542839K(543232K)->637341K(637440K)
[2.663s][info][gc,metaspace   ] GC(10) Metaspace: 22739K(22912K)->22739K(22912K) NonClass: 20063K(20160K)->20063K(20160K) Class: 2675K(2752K)->2675K(2752K)
[2.663s][info][gc             ] GC(10) Pause Young (Allocation Failure) 1118M->983M(1486M) 269.145ms
[2.663s][info][gc,cpu         ] GC(10) User=0.82s Sys=0.53s Real=0.27s
) OK
     2s: 
     2s: Check whether properties are compliant
     2s: (validation=PASSED) Property settings are COMPLIANT.
     2s: 
     2s: Searching for high-bound for max-jOPS possible for this system
     2s: Searching from base IR = 100
     2s:       rampup IR =      0 [reconfig (term) [3.068s][info][gc,start       ] GC(11) Pause Full (System.gc())
[3.068s][info][gc,phases,start] GC(11) Marking Phase
[3.088s][info][gc,phases      ] GC(11) Marking Phase 19.575ms
[3.088s][info][gc,phases,start] GC(11) Summary Phase
[3.088s][info][gc,phases      ] GC(11) Summary Phase 0.036ms
[3.088s][info][gc,phases,start] GC(11) Forward
[3.102s][info][gc,phases      ] GC(11) Forward 14.234ms
[3.102s][info][gc,phases,start] GC(11) Adjust Pointers
[3.113s][info][gc,phases      ] GC(11) Adjust Pointers 11.136ms
[3.113s][info][gc,phases,start] GC(11) Compaction Phase
[3.130s][info][gc,phases      ] GC(11) Compaction Phase 17.135ms
[3.130s][info][gc,phases,start] GC(11) Post Compact
[3.137s][info][gc,phases      ] GC(11) Post Compact 7.029ms
[3.137s][info][gc,heap        ] GC(11) PSYoungGen: 739579K(884736K)->0K(884736K) Eden: 369414K(496640K)->0K(496640K) From: 370164K(388096K)->0K(388096K)
[3.138s][info][gc,heap        ] GC(11) ParOldGen: 637341K(637440K)->97738K(637440K)
[3.138s][info][gc,metaspace   ] GC(11) Metaspace: 23040K(23168K)->23040K(23168K) NonClass: 20337K(20416K)->20337K(20416K) Class: 2702K(2752K)->2702K(2752K)
[3.138s][info][gc             ] GC(11) Pause Full (System.gc()) 1344M->95M(1486M) 69.449ms
[3.138s][info][gc,cpu         ] GC(11) User=0.28s Sys=0.01s Real=0.07s
(init[3.488s][info][gc,start       ] GC(12) Pause Young (Allocation Failure)
[3.629s][info][gc,heap        ] GC(12) PSYoungGen: 496640K(884736K)->366746K(949248K) Eden: 496640K(496640K)->0K(496640K) From: 0K(388096K)->366746K(452608K)
[3.629s][info][gc,heap        ] GC(12) ParOldGen: 97738K(637440K)->97746K(637440K)
[3.629s][info][gc,metaspace   ] GC(12) Metaspace: 23049K(23168K)->23049K(23168K) NonClass: 20346K(20416K)->20346K(20416K) Class: 2702K(2752K)->2702K(2752K)
[3.629s][info][gc             ] GC(12) Pause Young (Allocation Failure) 580M->453M(1549M) 141.103ms
[3.629s][info][gc,cpu         ] GC(12) User=0.68s Sys=0.16s Real=0.14s
[3.766s][info][gc,start       ] GC(13) Pause Young (Allocation Failure)
[4.080s][info][gc,heap        ] GC(13) PSYoungGen: 863386K(949248K)->401011K(1246208K) Eden: 496640K(496640K)->0K(742912K) From: 366746K(452608K)->401011K(503296K)
[4.081s][info][gc,heap        ] GC(13) ParOldGen: 97746K(637440K)->450292K(637440K)
[4.081s][info][gc,metaspace   ] GC(13) Metaspace: 23050K(23168K)->23050K(23168K) NonClass: 20347K(20416K)->20347K(20416K) Class: 2702K(2752K)->2702K(2752K)
[4.081s][info][gc             ] GC(13) Pause Young (Allocation Failure) 938M->831M(1839M) 314.840ms
[4.081s][info][gc,cpu         ] GC(13) User=1.26s Sys=0.62s Real=0.31s
) ] ... (rIR:aIR:PR = 0:0:0) (tPR = 0) [OK] 
     7s:       rampup IR =     10 ..[9.883s][info][gc,start       ] GC(14) Pause Young (Allocation Failure)
[10.135s][info][gc,heap        ] GC(14) PSYoungGen: 1143923K(1246208K)->265710K(1297920K) Eden: 742912K(742912K)->0K(742912K) From: 401011K(503296K)->265710K(555008K)
[10.135s][info][gc,heap        ] GC(14) ParOldGen: 450292K(637440K)->852325K(852480K)
[10.135s][info][gc,metaspace   ] GC(14) Metaspace: 24305K(24512K)->24305K(24512K) NonClass: 21516K(21632K)->21516K(21632K) Class: 2788K(2880K)->2788K(2880K)
[10.135s][info][gc             ] GC(14) Pause Young (Allocation Failure) 1556M->1091M(2100M) 252.327ms
[10.135s][info][gc,cpu         ] GC(14) User=1.30s Sys=0.20s Real=0.25s
. (rIR:aIR:PR = 10:8:8) (tPR = 654) [OK] 
    10s:       rampup IR =     20 ... (rIR:aIR:PR = 20:19:19) (tPR = 1445) [OK] 
    13s:       rampup IR =     30 .... (rIR:aIR:PR = 30:30:30) (tPR = 2075) [OK] 
    17s:       rampup IR =     40 .... (rIR:aIR:PR = 40:41:41) (tPR = 3190) [OK] 
    21s:       rampup IR =     50 .... (rIR:aIR:PR = 50:50:49) (tPR = 3368) [OK] 
    25s:       rampup IR =     60 .... (rIR:aIR:PR = 60:63:61) (tPR = 4001) [OK] 
    29s:       rampup IR =     70 .... (rIR:aIR:PR = 70:70:69) (tPR = 4155) [OK] 
    33s:       rampup IR =     80 .... (rIR:aIR:PR = 80:82:80) (tPR = 4645) [OK] 
    37s:       rampup IR =     90 .... (rIR:aIR:PR = 90:95:93) (tPR = 4400) [OK] 
    41s:       rampup IR =    100 .... (rIR:aIR:PR = 100:99:96) (tPR = 4667) [OK] 
    45s:    snapshot, IR =    100 ....|.......[57.615s][info][gc,start       ] GC(15) Pause Young (Allocation Failure)
[57.735s][info][gc,heap        ] GC(15) PSYoungGen: 1008622K(1297920K)->48272K(1717248K) Eden: 742912K(742912K)->0K(1188864K) From: 265710K(555008K)->48272K(528384K)
[57.735s][info][gc,heap        ] GC(15) ParOldGen: 852325K(852480K)->1118277K(1118720K)
[57.735s][info][gc,metaspace   ] GC(15) Metaspace: 27065K(27264K)->27065K(27264K) NonClass: 24032K(24128K)->24032K(24128K) Class: 3032K(3136K)->3032K(3136K)
[57.735s][info][gc             ] GC(15) Pause Young (Allocation Failure) 1817M->1139M(2769M) 120.710ms
[57.735s][info][gc,cpu         ] GC(15) User=0.61s Sys=0.09s Real=0.12s
....................... (rIR:aIR:PR = 100:100:98) (tPR = 3063) [OK] 
    79s: Performing snapshot: (quiescence.....) (stop TxI) (stop BE) (saving... [86.953s][info][gc,start       ] GC(16) Pause Young (Allocation Failure)
[87.008s][info][gc,heap        ] GC(16) PSYoungGen: 1191414K(1717248K)->150914K(1725952K) Eden: 1143141K(1188864K)->0K(1188864K) From: 48272K(528384K)->150914K(537088K)
[87.008s][info][gc,heap        ] GC(16) ParOldGen: 1118277K(1118720K)->1165457K(1165824K)
[87.008s][info][gc,metaspace   ] GC(16) Metaspace: 27340K(27520K)->27340K(27520K) NonClass: 24302K(24384K)->24302K(24384K) Class: 3038K(3136K)->3038K(3136K)
[87.008s][info][gc             ] GC(16) Pause Young (Allocation Failure) 2255M->1285M(2824M) 55.384ms
[87.008s][info][gc,cpu         ] GC(16) User=0.31s Sys=0.02s Real=0.05s
103362 Kb) (term) [87.022s][info][gc,start       ] GC(17) Pause Full (System.gc())
[87.022s][info][gc,phases,start] GC(17) Marking Phase
[87.042s][info][gc,phases      ] GC(17) Marking Phase 20.382ms
[87.042s][info][gc,phases,start] GC(17) Summary Phase
[87.042s][info][gc,phases      ] GC(17) Summary Phase 0.030ms
[87.042s][info][gc,phases,start] GC(17) Forward
[87.060s][info][gc,phases      ] GC(17) Forward 17.422ms
[87.060s][info][gc,phases,start] GC(17) Adjust Pointers
[87.073s][info][gc,phases      ] GC(17) Adjust Pointers 13.412ms
[87.073s][info][gc,phases,start] GC(17) Compaction Phase
[87.100s][info][gc,phases      ] GC(17) Compaction Phase 26.279ms
[87.100s][info][gc,phases,start] GC(17) Post Compact
[87.103s][info][gc,phases      ] GC(17) Post Compact 3.759ms
[87.103s][info][gc,heap        ] GC(17) PSYoungGen: 223322K(1725952K)->0K(1725952K) Eden: 72407K(1188864K)->0K(1188864K) From: 150914K(537088K)->0K(537088K)
[87.103s][info][gc,heap        ] GC(17) ParOldGen: 1165457K(1165824K)->202630K(1165824K)
[87.103s][info][gc,metaspace   ] GC(17) Metaspace: 27342K(27520K)->27342K(27520K) NonClass: 24304K(24384K)->24304K(24384K) Class: 3038K(3136K)->3038K(3136K)
[87.103s][info][gc             ] GC(17) Pause Full (System.gc()) 1356M->197M(2824M) 81.642ms
[87.104s][info][gc,cpu         ] GC(17) User=0.33s Sys=0.01s Real=0.08s
(init[87.918s][info][gc,start       ] GC(18) Pause Young (Allocation Failure)
[88.251s][info][gc,heap        ] GC(18) PSYoungGen: 1188864K(1725952K)->498188K(2119168K) Eden: 1188864K(1188864K)->0K(1611264K) From: 0K(537088K)->498188K(507904K)
[88.251s][info][gc,heap        ] GC(18) ParOldGen: 202630K(1165824K)->202638K(1165824K)
[88.251s][info][gc,metaspace   ] GC(18) Metaspace: 27438K(27712K)->27438K(27712K) NonClass: 24389K(24512K)->24389K(24512K) Class: 3048K(3200K)->3048K(3200K)
[88.251s][info][gc             ] GC(18) Pause Young (Allocation Failure) 1358M->684M(3208M) 332.338ms
[88.251s][info][gc,cpu         ] GC(18) User=1.26s Sys=0.73s Real=0.33s
) ...
    91s:       rampup IR =      0 ... (rIR:aIR:PR = 0:0:0) (tPR = 0) [OK] 
    94s:       rampup IR =     10 ... (rIR:aIR:PR = 10:9:9) (tPR = 131) [OK] 
    97s:       rampup IR =     20 ... (rIR:aIR:PR = 20:18:18) (tPR = 598) [OK] 
   100s:       rampup IR =     30 .... (rIR:aIR:PR = 30:31:31) (tPR = 693) [OK] 
   104s:       rampup IR =     40 .... (rIR:aIR:PR = 40:39:39) (tPR = 1171) [OK] 
   108s:       rampup IR =     50 .... (rIR:aIR:PR = 50:52:50) (tPR = 1465) [OK] 
   112s:       rampup IR =     60 .... (rIR:aIR:PR = 60:66:64) (tPR = 1576) [OK] 
   116s:       rampup IR =     70 .... (rIR:aIR:PR = 70:71:69) (tPR = 1546) [OK] 
   120s:       rampup IR =     80 .... (rIR:aIR:PR = 80:82:80) (tPR = 1668) [OK] 
   124s:       rampup IR =     90 .... (rIR:aIR:PR = 90:95:93) (tPR = 2083) [OK] 
   128s:       rampup IR =    100 [129.224s][info][gc,start       ] GC(19) Pause Young (Allocation Failure)
[129.640s][info][gc,heap        ] GC(19) PSYoungGen: 2109452K(2119168K)->592361K(2203648K) Eden: 1611264K(1611264K)->0K(1611264K) From: 498188K(507904K)->592361K(592384K)
[129.640s][info][gc,heap        ] GC(19) ParOldGen: 202638K(1165824K)->562273K(1165824K)
[129.640s][info][gc,metaspace   ] GC(19) Metaspace: 27567K(27840K)->27567K(27840K) NonClass: 24517K(24640K)->24517K(24640K) Class: 3049K(3200K)->3049K(3200K)
[129.640s][info][gc             ] GC(19) Pause Young (Allocation Failure) 2257M->1127M(3290M) 416.361ms
[129.640s][info][gc,cpu         ] GC(19) User=1.74s Sys=0.75s Real=0.41s
.... (rIR:aIR:PR = 100:103:101) (tPR = 2265) [OK] 
   132s:       trying IR =    200 .... (rIR:aIR:PR = 200:199:195) (tPR = 4169) [OK] 
   136s:       trying IR =    220 .... (rIR:aIR:PR = 220:214:210) (tPR = 3910) [OK] 
   140s:       trying IR =    244 .... (rIR:aIR:PR = 244:247:241) (tPR = 4670) [OK] 
   144s:       trying IR =    273 .... (rIR:aIR:PR = 273:276:272) (tPR = 5125) [OK] 
   148s:       trying IR =    307 .... (rIR:aIR:PR = 307:310:304) (tPR = 6099) [OK] 
   152s:       trying IR =    349 .... (rIR:aIR:PR = 349:352:345) (tPR = 6788) [OK] 
   156s:       trying IR =    399 ...... (rIR:aIR:PR = 399:395:387) (tPR = 7043) [OK] 
   162s:       trying IR =    458 [163.268s][info][gc,start       ] GC(20) Pause Young (Allocation Failure)
[163.452s][info][gc,heap        ] GC(20) PSYoungGen: 2203625K(2203648K)->97456K(1776640K) Eden: 1611264K(1611264K)->0K(1184256K) From: 592361K(592384K)->97456K(592384K)
[163.452s][info][gc,heap        ] GC(20) ParOldGen: 562273K(1165824K)->1065066K(1165824K)
[163.452s][info][gc,metaspace   ] GC(20) Metaspace: 27776K(28096K)->27776K(28096K) NonClass: 24725K(24896K)->24725K(24896K) Class: 3051K(3200K)->3051K(3200K)
[163.452s][info][gc             ] GC(20) Pause Young (Allocation Failure) 2701M->1135M(2873M) 184.117ms
[163.452s][info][gc,cpu         ] GC(20) User=1.09s Sys=0.01s Real=0.19s
.... (rIR:aIR:PR = 458:468:457) (tPR = 8367) [OK] 
   166s:       trying IR =    530 .... (rIR:aIR:PR = 530:530:520) (tPR = 10185) [OK] 
   170s:       trying IR =    616 ...[174.354s][info][gc,start       ] GC(21) Pause Young (Allocation Failure)
[174.415s][info][gc,heap        ] GC(21) PSYoungGen: 1281712K(1776640K)->65838K(1990144K) Eden: 1184256K(1184256K)->0K(1184256K) From: 97456K(592384K)->65838K(805888K)
[174.415s][info][gc,heap        ] GC(21) ParOldGen: 1065066K(1165824K)->1153138K(1165824K)
[174.415s][info][gc,metaspace   ] GC(21) Metaspace: 27824K(28096K)->27824K(28096K) NonClass: 24770K(24896K)->24770K(24896K) Class: 3053K(3200K)->3053K(3200K)
[174.416s][info][gc             ] GC(21) Pause Young (Allocation Failure) 2291M->1190M(3082M) 61.092ms
[174.416s][info][gc,cpu         ] GC(21) User=0.36s Sys=0.00s Real=0.06s
. (rIR:aIR:PR = 616:624:611) (tPR = 11051) [OK] 
   174s:       trying IR =    719 .... (rIR:aIR:PR = 719:732:718) (tPR = 12728) [OK] 
   178s:       trying IR =    843 ...[182.135s][info][gc,start       ] GC(22) Pause Young (Allocation Failure)
[182.188s][info][gc,heap        ] GC(22) PSYoungGen: 1250094K(1990144K)->64549K(1925120K) Eden: 1184256K(1184256K)->0K(1203200K) From: 65838K(805888K)->64549K(721920K)
[182.188s][info][gc,heap        ] GC(22) ParOldGen: 1153138K(1165824K)->1212794K(1212928K)
[182.188s][info][gc,metaspace   ] GC(22) Metaspace: 27893K(28160K)->27893K(28160K) NonClass: 24837K(24960K)->24837K(24960K) Class: 3056K(3200K)->3056K(3200K)
[182.188s][info][gc             ] GC(22) Pause Young (Allocation Failure) 2346M->1247M(3064M) 52.414ms
[182.188s][info][gc,cpu         ] GC(22) User=0.30s Sys=0.01s Real=0.05s
. (rIR:aIR:PR = 843:847:830) (tPR = 14135) [OK] 
   182s:       trying IR =    992 .... (rIR:aIR:PR = 992:990:971) (tPR = 17112) [OK] 
   186s:       trying IR =   1170 .[188.375s][info][gc,start       ] GC(23) Pause Young (Allocation Failure)
[188.430s][info][gc,heap        ] GC(23) PSYoungGen: 1267749K(1925120K)->77660K(1967104K) Eden: 1203200K(1203200K)->0K(1203200K) From: 64549K(721920K)->77660K(763904K)
[188.430s][info][gc,heap        ] GC(23) ParOldGen: 1212794K(1212928K)->1270987K(1271296K)
[188.430s][info][gc,metaspace   ] GC(23) Metaspace: 27911K(28160K)->27911K(28160K) NonClass: 24855K(24960K)->24855K(24960K) Class: 3056K(3200K)->3056K(3200K)
[188.430s][info][gc             ] GC(23) Pause Young (Allocation Failure) 2422M->1317M(3162M) 55.943ms
[188.430s][info][gc,cpu         ] GC(23) User=0.32s Sys=0.02s Real=0.05s
... (rIR:aIR:PR = 1170:1172:1147) (tPR = 20000) [OK] 
   190s:       trying IR =   1384 ..[193.332s][info][gc,start       ] GC(24) Pause Young (Allocation Failure)
[193.387s][info][gc,heap        ] GC(24) PSYoungGen: 1280860K(1967104K)->69211K(1961984K) Eden: 1203200K(1203200K)->0K(1295360K) From: 77660K(763904K)->69211K(666624K)
[193.387s][info][gc,heap        ] GC(24) ParOldGen: 1270987K(1271296K)->1333851K(1334272K)
[193.387s][info][gc,metaspace   ] GC(24) Metaspace: 27931K(28224K)->27931K(28224K) NonClass: 24875K(25024K)->24875K(25024K) Class: 3056K(3200K)->3056K(3200K)
[193.387s][info][gc             ] GC(24) Pause Young (Allocation Failure) 2492M->1370M(3219M) 55.139ms
[193.387s][info][gc,cpu         ] GC(24) User=0.31s Sys=0.02s Real=0.06s
.. (rIR:aIR:PR = 1384:1391:1368) (tPR = 24244) [OK] 
   194s:       trying IR =   1641 ..[197.565s][info][gc,start       ] GC(25) Pause Young (Allocation Failure)
[197.621s][info][gc,heap        ] GC(25) PSYoungGen: 1364571K(1961984K)->77328K(2004480K) Eden: 1295360K(1295360K)->0K(1295360K) From: 69211K(666624K)->77328K(709120K)
[197.621s][info][gc,heap        ] GC(25) ParOldGen: 1333851K(1334272K)->1396055K(1396224K)
[197.621s][info][gc,metaspace   ] GC(25) Metaspace: 28023K(28288K)->28023K(28288K) NonClass: 24951K(25088K)->24951K(25088K) Class: 3072K(3200K)->3072K(3200K)
[197.621s][info][gc             ] GC(25) Pause Young (Allocation Failure) 2635M->1438M(3321M) 55.571ms
[197.621s][info][gc,cpu         ] GC(25) User=0.30s Sys=0.02s Real=0.05s
.. (rIR:aIR:PR = 1641:1644:1638) (tPR = 27000) [OK] 
   198s:       trying IR =   1949 ..[201.378s][info][gc,start       ] GC(26) Pause Young (Allocation Failure)
[201.435s][info][gc,heap        ] GC(26) PSYoungGen: 1372688K(2004480K)->75113K(2015232K) Eden: 1295360K(1295360K)->0K(1408000K) From: 77328K(709120K)->75113K(607232K)
[201.435s][info][gc,heap        ] GC(26) ParOldGen: 1396055K(1396224K)->1466023K(1466368K)
[201.435s][info][gc,metaspace   ] GC(26) Metaspace: 28047K(28288K)->28047K(28288K) NonClass: 24975K(25088K)->24975K(25088K) Class: 3072K(3200K)->3072K(3200K)
[201.435s][info][gc             ] GC(26) Pause Young (Allocation Failure) 2703M->1505M(3400M) 57.285ms
[201.435s][info][gc,cpu         ] GC(26) User=0.31s Sys=0.02s Real=0.06s
.. (rIR:aIR:PR = 1949:1930:1929) (tPR = 31891) [OK] 
   202s:       trying IR =   2319 .[204.671s][info][gc,start       ] GC(27) Pause Young (Allocation Failure)
[204.734s][info][gc,heap        ] GC(27) PSYoungGen: 1483113K(2015232K)->80912K(2057216K) Eden: 1408000K(1408000K)->0K(1408000K) From: 75113K(607232K)->80912K(649216K)
[204.734s][info][gc,heap        ] GC(27) ParOldGen: 1466023K(1466368K)->1532489K(1532928K)
[204.734s][info][gc,metaspace   ] GC(27) Metaspace: 28076K(28352K)->28076K(28352K) NonClass: 25003K(25152K)->25003K(25152K) Class: 3072K(3200K)->3072K(3200K)
[204.734s][info][gc             ] GC(27) Pause Young (Allocation Failure) 2880M->1575M(3506M) 63.048ms
[204.734s][info][gc,cpu         ] GC(27) User=0.35s Sys=0.02s Real=0.07s
.[205.043s][info][gc,start       ] GC(28) Pause Full (Diagnostic Command)
[205.043s][info][gc,phases,start] GC(28) Marking Phase
[205.320s][info][gc,phases      ] GC(28) Marking Phase 276.566ms
[205.320s][info][gc,phases,start] GC(28) Summary Phase
[205.320s][info][gc,phases      ] GC(28) Summary Phase 0.030ms
[205.320s][info][gc,phases,start] GC(28) Forward
[205.441s][info][gc,phases      ] GC(28) Forward 121.099ms
[205.441s][info][gc,phases,start] GC(28) Adjust Pointers
[205.625s][info][gc,phases      ] GC(28) Adjust Pointers 183.750ms
[205.625s][info][gc,phases,start] GC(28) Compaction Phase
[205.826s][info][gc,phases      ] GC(28) Compaction Phase 200.838ms
[205.827s][info][gc,phases,start] GC(28) Post Compact
[205.829s][info][gc,phases      ] GC(28) Post Compact 1.753ms
[205.829s][info][gc,heap        ] GC(28) PSYoungGen: 267671K(2057216K)->0K(2057216K) Eden: 186758K(1408000K)->0K(1408000K) From: 80912K(649216K)->0K(649216K)
[205.829s][info][gc,heap        ] GC(28) ParOldGen: 1532489K(1532928K)->1137859K(1532928K)
[205.829s][info][gc,metaspace   ] GC(28) Metaspace: 28076K(28352K)->28076K(28352K) NonClass: 25003K(25152K)->25003K(25152K) Class: 3072K(3200K)->3072K(3200K)
[205.829s][info][gc             ] GC(28) Pause Full (Diagnostic Command) 1757M->1111M(3506M) 785.436ms
[205.829s][info][gc,cpu         ] GC(28) User=4.51s Sys=0.00s Real=0.78s
...[208.319s][info][gc,start       ] GC(29) Pause Young (Allocation Failure)
[208.358s][info][gc,heap        ] GC(29) PSYoungGen: 1408000K(2057216K)->87988K(2072576K) Eden: 1408000K(1408000K)->0K(1528832K) From: 0K(649216K)->87988K(543744K)
[208.358s][info][gc,heap        ] GC(29) ParOldGen: 1137859K(1532928K)->1137867K(1532928K)
[208.358s][info][gc,metaspace   ] GC(29) Metaspace: 28118K(28416K)->28118K(28416K) NonClass: 25045K(25216K)->25045K(25216K) Class: 3072K(3200K)->3072K(3200K)
[208.358s][info][gc             ] GC(29) Pause Young (Allocation Failure) 2486M->1197M(3521M) 39.042ms
[208.358s][info][gc,cpu         ] GC(29) User=0.23s Sys=0.00s Real=0.04s
. (rIR:aIR:PR = 2319:2321:2321) (tPR = 37846) [OK] 
   208s:       trying IR =   2762 ..[211.808s][info][gc,start       ] GC(30) Pause Young (Allocation Failure)
[211.872s][info][gc,heap        ] GC(30) PSYoungGen: 1616820K(2072576K)->101264K(2115072K) Eden: 1528832K(1528832K)->0K(1528832K) From: 87988K(543744K)->101264K(586240K)
[211.872s][info][gc,heap        ] GC(30) ParOldGen: 1137867K(1532928K)->1206972K(1532928K)
[211.872s][info][gc,metaspace   ] GC(30) Metaspace: 28243K(28608K)->28243K(28608K) NonClass: 25159K(25344K)->25159K(25344K) Class: 3084K(3264K)->3084K(3264K)
[211.872s][info][gc             ] GC(30) Pause Young (Allocation Failure) 2690M->1277M(3562M) 64.328ms
[211.872s][info][gc,cpu         ] GC(30) User=0.37s Sys=0.00s Real=0.07s
.. (rIR:aIR:PR = 2762:2752:2752) (tPR = 42944) [OK] 
   212s:       trying IR =   3295 .[214.987s][info][gc,start       ] GC(31) Pause Young (Allocation Failure)
[215.051s][info][gc,heap        ] GC(31) PSYoungGen: 1630096K(2115072K)->96814K(2139648K) Eden: 1528832K(1528832K)->0K(1656320K) From: 101264K(586240K)->96814K(483328K)
[215.051s][info][gc,heap        ] GC(31) ParOldGen: 1206972K(1532928K)->1285220K(1532928K)
[215.051s][info][gc,metaspace   ] GC(31) Metaspace: 28480K(28800K)->28480K(28800K) NonClass: 25383K(25536K)->25383K(25536K) Class: 3097K(3264K)->3097K(3264K)
[215.051s][info][gc             ] GC(31) Pause Young (Allocation Failure) 2770M->1349M(3586M) 63.455ms
[215.051s][info][gc,cpu         ] GC(31) User=0.37s Sys=0.00s Real=0.06s
... (rIR:aIR:PR = 3295:3275:3275) (tPR = 51832) [OK] 
   216s:       trying IR =   3934 .[218.086s][info][gc,start       ] GC(32) Pause Young (Allocation Failure)
[218.152s][info][gc,heap        ] GC(32) PSYoungGen: 1753134K(2139648K)->102656K(2179584K) Eden: 1656320K(1656320K)->0K(1656320K) From: 96814K(483328K)->102656K(523264K)
[218.152s][info][gc,heap        ] GC(32) ParOldGen: 1285220K(1532928K)->1364523K(1532928K)
[218.152s][info][gc,metaspace   ] GC(32) Metaspace: 28569K(28864K)->28569K(28864K) NonClass: 25471K(25600K)->25471K(25600K) Class: 3097K(3264K)->3097K(3264K)
[218.152s][info][gc             ] GC(32) Pause Young (Allocation Failure) 2967M->1432M(3625M) 66.507ms
[218.152s][info][gc,cpu         ] GC(32) User=0.39s Sys=0.00s Real=0.07s
..[220.907s][info][gc,start       ] GC(33) Pause Young (Allocation Failure)
[220.981s][info][gc,heap        ] GC(33) PSYoungGen: 1758976K(2179584K)->116912K(2202624K) Eden: 1656320K(1656320K)->0K(1779712K) From: 102656K(523264K)->116912K(422912K)
[220.981s][info][gc,heap        ] GC(33) ParOldGen: 1364523K(1532928K)->1447659K(1532928K)
[220.981s][info][gc,metaspace   ] GC(33) Metaspace: 28586K(28928K)->28586K(28928K) NonClass: 25488K(25664K)->25488K(25664K) Class: 3097K(3264K)->3097K(3264K)
[220.981s][info][gc             ] GC(33) Pause Young (Allocation Failure) 3050M->1527M(3648M) 73.364ms
[220.981s][info][gc,cpu         ] GC(33) User=0.43s Sys=0.00s Real=0.07s
. (rIR:aIR:PR = 3934:3933:3933) (tPR = 58640) [OK] 
   220s:       trying IR =   4701 ..[223.422s][info][gc,start       ] GC(34) Pause Young (Allocation Failure)
[223.498s][info][gc,heap        ] GC(34) PSYoungGen: 1896624K(2202624K)->124192K(2242560K) Eden: 1779712K(1779712K)->0K(1779712K) From: 116912K(422912K)->124192K(462848K)
[223.498s][info][gc,heap        ] GC(34) ParOldGen: 1447659K(1532928K)->1531627K(1532928K)
[223.498s][info][gc,metaspace   ] GC(34) Metaspace: 28611K(28928K)->28611K(28928K) NonClass: 25513K(25664K)->25513K(25664K) Class: 3098K(3264K)->3098K(3264K)
[223.498s][info][gc             ] GC(34) Pause Young (Allocation Failure) 3265M->1617M(3687M) 76.383ms
[223.498s][info][gc,cpu         ] GC(34) User=0.44s Sys=0.00s Real=0.07s
.. (rIR:aIR:PR = 4701:4710:4711) (tPR = 71414) [OK] 
   224s:       trying IR =   5621 [225.946s][info][gc,start       ] GC(35) Pause Young (Allocation Failure)
[226.027s][info][gc,heap        ] GC(35) PSYoungGen: 1903904K(2242560K)->122763K(2269696K) Eden: 1779712K(1779712K)->0K(1900032K) From: 124192K(462848K)->122763K(369664K)
[226.027s][info][gc,heap        ] GC(35) ParOldGen: 1531627K(1532928K)->1617403K(1617408K)
[226.027s][info][gc,metaspace   ] GC(35) Metaspace: 28611K(28928K)->28611K(28928K) NonClass: 25513K(25664K)->25513K(25664K) Class: 3098K(3264K)->3098K(3264K)
[226.027s][info][gc             ] GC(35) Pause Young (Allocation Failure) 3355M->1699M(3796M) 80.384ms
[226.027s][info][gc,cpu         ] GC(35) User=0.44s Sys=0.03s Real=0.08s
...[228.179s][info][gc,start       ] GC(36) Pause Young (Allocation Failure)
[228.258s][info][gc,heap        ] GC(36) PSYoungGen: 2022795K(2269696K)->116736K(2306560K) Eden: 1900032K(1900032K)->0K(1900032K) From: 122763K(369664K)->116736K(406528K)
[228.258s][info][gc,heap        ] GC(36) ParOldGen: 1617403K(1617408K)->1709203K(1709568K)
[228.258s][info][gc,metaspace   ] GC(36) Metaspace: 28632K(28928K)->28632K(28928K) NonClass: 25534K(25664K)->25534K(25664K) Class: 3098K(3264K)->3098K(3264K)
[228.258s][info][gc             ] GC(36) Pause Young (Allocation Failure) 3554M->1783M(3922M) 78.744ms
[228.258s][info][gc,cpu         ] GC(36) User=0.44s Sys=0.03s Real=0.08s
. (rIR:aIR:PR = 5621:5580:5580) (tPR = 83891) [OK] 
   228s:       trying IR =   6725 .[230.364s][info][gc,start       ] GC(37) Pause Young (Allocation Failure)
[230.446s][info][gc,heap        ] GC(37) PSYoungGen: 2016768K(2306560K)->130048K(2329088K) Eden: 1900032K(1900032K)->0K(2006528K) From: 116736K(406528K)->130048K(322560K)
[230.446s][info][gc,heap        ] GC(37) ParOldGen: 1709203K(1709568K)->1796531K(1796608K)
[230.446s][info][gc,metaspace   ] GC(37) Metaspace: 28633K(28928K)->28633K(28928K) NonClass: 25535K(25664K)->25535K(25664K) Class: 3098K(3264K)->3098K(3264K)
[230.446s][info][gc             ] GC(37) Pause Young (Allocation Failure) 3638M->1881M(4029M) 82.265ms
[230.446s][info][gc,cpu         ] GC(37) User=0.46s Sys=0.02s Real=0.08s
..[232.380s][info][gc,start       ] GC(38) Pause Young (Allocation Failure)
[232.466s][info][gc,heap        ] GC(38) PSYoungGen: 2136576K(2329088K)->131765K(2365952K) Eden: 2006528K(2006528K)->0K(2006528K) From: 130048K(322560K)->131765K(359424K)
[232.466s][info][gc,heap        ] GC(38) ParOldGen: 1796531K(1796608K)->1891539K(1891840K)
[232.466s][info][gc,metaspace   ] GC(38) Metaspace: 28667K(28992K)->28667K(28992K) NonClass: 25569K(25728K)->25569K(25728K) Class: 3098K(3264K)->3098K(3264K)
[232.466s][info][gc             ] GC(38) Pause Young (Allocation Failure) 3840M->1975M(4158M) 86.616ms
[232.466s][info][gc,cpu         ] GC(38) User=0.48s Sys=0.02s Real=0.09s
. (rIR:aIR:PR = 6725:6728:6727) (tPR = 98227) [OK] 
   232s:       trying IR =   8050 .[234.235s][info][gc,start       ] GC(39) Pause Young (Allocation Failure)
[234.327s][info][gc,heap        ] GC(39) PSYoungGen: 2138293K(2365952K)->146325K(2390016K) Eden: 2006528K(2006528K)->0K(2099200K) From: 131765K(359424K)->146325K(290816K)
[234.327s][info][gc,heap        ] GC(39) ParOldGen: 1891539K(1891840K)->1983555K(1984000K)
[234.327s][info][gc,metaspace   ] GC(39) Metaspace: 28668K(28992K)->28668K(28992K) NonClass: 25570K(25728K)->25570K(25728K) Class: 3098K(3264K)->3098K(3264K)
[234.327s][info][gc             ] GC(39) Pause Young (Allocation Failure) 3935M->2079M(4271M) 91.117ms
[234.327s][info][gc,cpu         ] GC(39) User=0.50s Sys=0.02s Real=0.09s
.[236.074s][info][gc,start       ] GC(40) Pause Young (Allocation Failure)
[236.158s][info][gc,heap        ] GC(40) PSYoungGen: 2245525K(2390016K)->128096K(2420736K) Eden: 2099200K(2099200K)->0K(2099200K) From: 146325K(290816K)->128096K(321536K)
[236.158s][info][gc,heap        ] GC(40) ParOldGen: 1983555K(1984000K)->2077595K(2077696K)
[236.158s][info][gc,metaspace   ] GC(40) Metaspace: 28678K(28992K)->28678K(28992K) NonClass: 25579K(25728K)->25579K(25728K) Class: 3098K(3264K)->3098K(3264K)
[236.158s][info][gc             ] GC(40) Pause Young (Allocation Failure) 4129M->2153M(4393M) 83.934ms
[236.158s][info][gc,cpu         ] GC(40) User=0.46s Sys=0.02s Real=0.08s
..[237.900s][info][gc,start       ] GC(41) Pause Young (Allocation Failure)
[237.991s][info][gc,heap        ] GC(41) PSYoungGen: 2227296K(2420736K)->141408K(2432512K) Eden: 2099200K(2099200K)->0K(2170368K) From: 128096K(321536K)->141408K(262144K)
[237.991s][info][gc,heap        ] GC(41) ParOldGen: 2077595K(2077696K)->2172939K(2173440K)
[237.991s][info][gc,metaspace   ] GC(41) Metaspace: 28678K(28992K)->28678K(28992K) NonClass: 25580K(25728K)->25580K(25728K) Class: 3098K(3264K)->3098K(3264K)
[237.991s][info][gc             ] GC(41) Pause Young (Allocation Failure) 4203M->2260M(4498M) 90.509ms
[237.991s][info][gc,cpu         ] GC(41) User=0.49s Sys=0.04s Real=0.09s
.. (rIR:aIR:PR = 8050:7902:7902) (tPR = 119216) [OK] 
   238s:       trying IR =   9640 [239.633s][info][gc,start       ] GC(42) Pause Young (Allocation Failure)
[239.724s][info][gc,heap        ] GC(42) PSYoungGen: 2311776K(2432512K)->143360K(2460160K) Eden: 2170368K(2170368K)->0K(2170368K) From: 141408K(262144K)->143360K(289792K)
[239.724s][info][gc,heap        ] GC(42) ParOldGen: 2172939K(2173440K)->2270195K(2270208K)
[239.724s][info][gc,metaspace   ] GC(42) Metaspace: 28680K(28992K)->28680K(28992K) NonClass: 25582K(25728K)->25582K(25728K) Class: 3098K(3264K)->3098K(3264K)
[239.724s][info][gc             ] GC(42) Pause Young (Allocation Failure) 4379M->2356M(4619M) 91.018ms
[239.724s][info][gc,cpu         ] GC(42) User=0.49s Sys=0.04s Real=0.09s
..[241.177s][info][gc,start       ] GC(43) Pause Young (Allocation Failure)
[241.270s][info][gc,heap        ] GC(43) PSYoungGen: 2313728K(2460160K)->144128K(2471936K) Eden: 2170368K(2170368K)->0K(2229248K) From: 143360K(289792K)->144128K(242688K)
[241.270s][info][gc,heap        ] GC(43) ParOldGen: 2270195K(2270208K)->2364179K(2364416K)
[241.270s][info][gc,metaspace   ] GC(43) Metaspace: 28683K(28992K)->28683K(28992K) NonClass: 25585K(25728K)->25585K(25728K) Class: 3098K(3264K)->3098K(3264K)
[241.270s][info][gc             ] GC(43) Pause Young (Allocation Failure) 4476M->2449M(4723M) 93.644ms
[241.270s][info][gc,cpu         ] GC(43) User=0.52s Sys=0.02s Real=0.09s
.[242.745s][info][gc,start       ] GC(44) Pause Young (Allocation Failure)
[242.838s][info][gc,heap        ] GC(44) PSYoungGen: 2373376K(2471936K)->146848K(2495488K) Eden: 2229248K(2229248K)->0K(2229248K) From: 144128K(242688K)->146848K(266240K)
[242.839s][info][gc,heap        ] GC(44) ParOldGen: 2364179K(2364416K)->2464843K(2465280K)
[242.839s][info][gc,metaspace   ] GC(44) Metaspace: 28713K(29056K)->28713K(29056K) NonClass: 25614K(25792K)->25614K(25792K) Class: 3098K(3264K)->3098K(3264K)
[242.839s][info][gc             ] GC(44) Pause Young (Allocation Failure) 4626M->2550M(4844M) 93.950ms
[242.839s][info][gc,cpu         ] GC(44) User=0.52s Sys=0.03s Real=0.09s
..[244.297s][info][gc,start       ] GC(45) Pause Young (Allocation Failure)
[244.392s][info][gc,heap        ] GC(45) PSYoungGen: 2376096K(2495488K)->151204K(2506240K) Eden: 2229248K(2229248K)->0K(2272768K) From: 146848K(266240K)->151204K(233472K)
[244.393s][info][gc,heap        ] GC(45) ParOldGen: 2464843K(2465280K)->2563467K(2563584K)
[244.393s][info][gc,metaspace   ] GC(45) Metaspace: 28716K(29056K)->28716K(29056K) NonClass: 25617K(25792K)->25617K(25792K) Class: 3098K(3264K)->3098K(3264K)
[244.393s][info][gc             ] GC(45) Pause Young (Allocation Failure) 4727M->2651M(4951M) 95.206ms
[244.393s][info][gc,cpu         ] GC(45) User=0.53s Sys=0.03s Real=0.10s
. (rIR:aIR:PR = 9640:9819:9832) (tPR = 149042) [OK] 
   245s:       trying IR =  11548 [245.920s][info][gc,start       ] GC(46) Pause Young (Allocation Failure)
[246.025s][info][gc,heap        ] GC(46) PSYoungGen: 2423972K(2506240K)->169873K(2522624K) Eden: 2272768K(2272768K)->0K(2272768K) From: 151204K(233472K)->169873K(249856K)
[246.025s][info][gc,heap        ] GC(46) ParOldGen: 2563467K(2563584K)->2664883K(2664960K)
[246.025s][info][gc,metaspace   ] GC(46) Metaspace: 28718K(29056K)->28718K(29056K) NonClass: 25619K(25792K)->25619K(25792K) Class: 3098K(3264K)->3098K(3264K)
[246.025s][info][gc             ] GC(46) Pause Young (Allocation Failure) 4870M->2768M(5066M) 105.540ms
[246.025s][info][gc,cpu         ] GC(46) User=0.59s Sys=0.03s Real=0.11s
..[247.341s][info][gc,start       ] GC(47) Pause Young (Allocation Failure)
[247.436s][info][gc,heap        ] GC(47) PSYoungGen: 2442641K(2522624K)->152672K(2532864K) Eden: 2272768K(2272768K)->0K(2296320K) From: 169873K(249856K)->152672K(236544K)
[247.436s][info][gc,heap        ] GC(47) ParOldGen: 2664883K(2664960K)->2762579K(2762752K)
[247.436s][info][gc,metaspace   ] GC(47) Metaspace: 28718K(29056K)->28718K(29056K) NonClass: 25619K(25792K)->25619K(25792K) Class: 3098K(3264K)->3098K(3264K)
[247.436s][info][gc             ] GC(47) Pause Young (Allocation Failure) 4987M->2846M(5171M) 94.358ms
[247.436s][info][gc,cpu         ] GC(47) User=0.53s Sys=0.03s Real=0.10s
.[248.722s][info][gc,start       ] GC(48) Pause Young (Allocation Failure)
[248.819s][info][gc,heap        ] GC(48) PSYoungGen: 2448992K(2532864K)->155808K(2539520K) Eden: 2296320K(2296320K)->0K(2296320K) From: 152672K(236544K)->155808K(243200K)
[248.819s][info][gc,heap        ] GC(48) ParOldGen: 2762579K(2762752K)->2863683K(2864128K)
[248.819s][info][gc,metaspace   ] GC(48) Metaspace: 28722K(29056K)->28722K(29056K) NonClass: 25624K(25792K)->25624K(25792K) Class: 3098K(3264K)->3098K(3264K)
[248.819s][info][gc             ] GC(48) Pause Young (Allocation Failure) 5089M->2948M(5277M) 96.808ms
[248.819s][info][gc,cpu         ] GC(48) User=0.53s Sys=0.03s Real=0.09s
. (rIR:aIR:PR = 11548:11599:11560) (tPR = 172987) [OK] 
   249s:       trying IR =  13837 [250.138s][info][gc,start       ] GC(49) Pause Young (Allocation Failure)
[250.233s][info][gc,heap        ] GC(49) PSYoungGen: 2452128K(2539520K)->146240K(2534400K) Eden: 2296320K(2296320K)->0K(2315264K) From: 155808K(243200K)->146240K(219136K)
[250.233s][info][gc,heap        ] GC(49) ParOldGen: 2863683K(2864128K)->2965395K(2965504K)
[250.233s][info][gc,metaspace   ] GC(49) Metaspace: 28722K(29056K)->28722K(29056K) NonClass: 25624K(25792K)->25624K(25792K) Class: 3098K(3264K)->3098K(3264K)
[250.233s][info][gc             ] GC(49) Pause Young (Allocation Failure) 5191M->3038M(5371M) 95.285ms
[250.233s][info][gc,cpu         ] GC(49) User=0.51s Sys=0.04s Real=0.10s
.[251.571s][info][gc,start       ] GC(50) Pause Young (Allocation Failure)
[251.678s][info][gc,heap        ] GC(50) PSYoungGen: 2461504K(2534400K)->167198K(2544128K) Eden: 2315264K(2315264K)->0K(2315264K) From: 146240K(219136K)->167198K(228864K)
[251.678s][info][gc,heap        ] GC(50) ParOldGen: 2965395K(2965504K)->3070487K(3070976K)
[251.678s][info][gc,metaspace   ] GC(50) Metaspace: 28722K(29056K)->28722K(29056K) NonClass: 25624K(25792K)->25624K(25792K) Class: 3098K(3264K)->3098K(3264K)
[251.678s][info][gc             ] GC(50) Pause Young (Allocation Failure) 5299M->3161M(5483M) 106.512ms
[251.678s][info][gc,cpu         ] GC(50) User=0.59s Sys=0.04s Real=0.11s
..[252.870s][info][gc,start       ] GC(51) Pause Young (Allocation Failure)
[252.988s][info][gc,heap        ] GC(51) PSYoungGen: 2482462K(2544128K)->174272K(2563072K) Eden: 2315264K(2315264K)->0K(2334208K) From: 167198K(228864K)->174272K(228864K)
[252.988s][info][gc,heap        ] GC(51) ParOldGen: 3070487K(3070976K)->3176631K(3176960K)
[252.988s][info][gc,metaspace   ] GC(51) Metaspace: 28723K(29056K)->28723K(29056K) NonClass: 25624K(25792K)->25624K(25792K) Class: 3098K(3264K)->3098K(3264K)
[252.988s][info][gc             ] GC(51) Pause Young (Allocation Failure) 5422M->3272M(5605M) 117.553ms
[252.988s][info][gc,cpu         ] GC(51) User=0.60s Sys=0.08s Real=0.12s
.[254.363s][info][gc,start       ] GC(52) Pause Young (Allocation Failure)
[254.475s][info][gc,heap        ] GC(52) PSYoungGen: 2508480K(2563072K)->168624K(2565120K) Eden: 2334208K(2334208K)->0K(2334208K) From: 174272K(228864K)->168624K(230912K)
[254.475s][info][gc,heap        ] GC(52) ParOldGen: 3176631K(3176960K)->3292431K(3292672K)
[254.475s][info][gc,metaspace   ] GC(52) Metaspace: 28723K(29056K)->28723K(29056K) NonClass: 25624K(25792K)->25624K(25792K) Class: 3098K(3264K)->3098K(3264K)
[254.475s][info][gc             ] GC(52) Pause Young (Allocation Failure) 5551M->3379M(5720M) 111.947ms
[254.475s][info][gc,cpu         ] GC(52) User=0.60s Sys=0.05s Real=0.11s
.[255.694s][info][gc,start       ] GC(53) Pause Young (Allocation Failure)
[255.805s][info][gc,heap        ] GC(53) PSYoungGen: 2502832K(2565120K)->186240K(2555904K) Eden: 2334208K(2334208K)->0K(2326016K) From: 168624K(230912K)->186240K(229888K)
[255.805s][info][gc,heap        ] GC(53) ParOldGen: 3292431K(3292672K)->3384927K(3385344K)
[255.805s][info][gc,metaspace   ] GC(53) Metaspace: 28723K(29056K)->28723K(29056K) NonClass: 25624K(25792K)->25624K(25792K) Class: 3098K(3264K)->3098K(3264K)
[255.805s][info][gc             ] GC(53) Pause Young (Allocation Failure) 5659M->3487M(5802M) 111.310ms
[255.805s][info][gc,cpu         ] GC(53) User=0.62s Sys=0.04s Real=0.11s
.[257.060s][info][gc,start       ] GC(54) Pause Young (Allocation Failure)
[257.173s][info][gc,heap        ] GC(54) PSYoungGen: 2512256K(2555904K)->185705K(2511872K) Eden: 2326016K(2326016K)->0K(2326016K) From: 186240K(229888K)->185705K(185856K)
[257.173s][info][gc,heap        ] GC(54) ParOldGen: 3384927K(3385344K)->3492319K(3492352K)
[257.173s][info][gc,metaspace   ] GC(54) Metaspace: 28724K(29056K)->28724K(29056K) NonClass: 25625K(25792K)->25625K(25792K) Class: 3098K(3264K)->3098K(3264K)
[257.173s][info][gc             ] GC(54) Pause Young (Allocation Failure) 5758M->3591M(5863M) 112.688ms
[257.173s][info][gc,cpu         ] GC(54) User=0.62s Sys=0.04s Real=0.12s
.[258.445s][info][gc,start       ] GC(55) Pause Young (Allocation Failure)
[258.596s][info][gc,heap        ] GC(55) PSYoungGen: 2511721K(2511872K)->163296K(2564096K) Eden: 2326016K(2326016K)->0K(2326016K) From: 185705K(185856K)->163296K(238080K)
[258.596s][info][gc,heap        ] GC(55) ParOldGen: 3492319K(3492352K)->3597239K(3597312K)
[258.596s][info][gc,metaspace   ] GC(55) Metaspace: 28725K(29056K)->28725K(29056K) NonClass: 25626K(25792K)->25626K(25792K) Class: 3098K(3264K)->3098K(3264K)
[258.596s][info][gc             ] GC(55) Pause Young (Allocation Failure) 5863M->3672M(6017M) 150.754ms
[258.596s][info][gc,cpu         ] GC(55) User=0.57s Sys=0.04s Real=0.15s
.[259.870s][info][gc,start       ] GC(56) Pause Young (Allocation Failure)
[259.982s][info][gc,heap        ] GC(56) PSYoungGen: 2489312K(2564096K)->180884K(2557952K) Eden: 2326016K(2326016K)->0K(2326016K) From: 163296K(238080K)->180884K(231936K)
[259.982s][info][gc,heap        ] GC(56) ParOldGen: 3597239K(3597312K)->3701535K(3701760K)
[259.982s][info][gc,metaspace   ] GC(56) Metaspace: 28725K(29056K)->28725K(29056K) NonClass: 25626K(25792K)->25626K(25792K) Class: 3098K(3264K)->3098K(3264K)
[259.982s][info][gc             ] GC(56) Pause Young (Allocation Failure) 5943M->3791M(6113M) 111.926ms
[259.982s][info][gc,cpu         ] GC(56) User=0.63s Sys=0.02s Real=0.12s
.[261.049s][info][gc,start       ] GC(57) Pause Young (Allocation Failure)
[261.152s][info][gc,heap        ] GC(57) PSYoungGen: 2506900K(2557952K)->173152K(2561536K) Eden: 2326016K(2326016K)->0K(2328576K) From: 180884K(231936K)->173152K(232960K)
[261.153s][info][gc,heap        ] GC(57) ParOldGen: 3701535K(3701760K)->3797079K(3797504K)
[261.153s][info][gc,metaspace   ] GC(57) Metaspace: 28732K(29056K)->28732K(29056K) NonClass: 25633K(25792K)->25633K(25792K) Class: 3098K(3264K)->3098K(3264K)
[261.153s][info][gc             ] GC(57) Pause Young (Allocation Failure) 6062M->3877M(6210M) 103.192ms
[261.153s][info][gc,cpu         ] GC(57) User=0.56s Sys=0.03s Real=0.11s
.[262.416s][info][gc,start       ] GC(58) Pause Young (Allocation Failure)
[262.578s][info][gc,heap        ] GC(58) PSYoungGen: 2501728K(2561536K)->180180K(2558976K) Eden: 2328576K(2328576K)->0K(2328576K) From: 173152K(232960K)->180180K(230400K)
[262.579s][info][gc,heap        ] GC(58) ParOldGen: 3797079K(3797504K)->3922095K(3922432K)
[262.579s][info][gc,metaspace   ] GC(58) Metaspace: 28733K(29056K)->28733K(29056K) NonClass: 25634K(25792K)->25634K(25792K) Class: 3098K(3264K)->3098K(3264K)
[262.579s][info][gc             ] GC(58) Pause Young (Allocation Failure) 6151M->4006M(6329M) 162.991ms
[262.579s][info][gc,cpu         ] GC(58) User=0.65s Sys=0.04s Real=0.16s
..[263.945s][info][gc,start       ] GC(59) Pause Young (Allocation Failure)
[264.041s][info][gc,heap        ] GC(59) PSYoungGen: 2508756K(2558976K)->144277K(2561024K) Eden: 2328576K(2328576K)->0K(2335232K) From: 180180K(230400K)->144277K(225792K)
[264.041s][info][gc,heap        ] GC(59) ParOldGen: 3922095K(3922432K)->4030719K(4030976K)
[264.041s][info][gc,metaspace   ] GC(59) Metaspace: 28733K(29056K)->28733K(29056K) NonClass: 25634K(25792K)->25634K(25792K) Class: 3098K(3264K)->3098K(3264K)
[264.041s][info][gc             ] GC(59) Pause Young (Allocation Failure) 6280M->4077M(6437M) 96.598ms
[264.041s][info][gc,cpu         ] GC(59) User=0.54s Sys=0.03s Real=0.09s
.[265.451s][info][gc,start       ] GC(60) Pause Young (Allocation Failure)
[265.594s][info][gc,heap        ] GC(60) PSYoungGen: 2479509K(2561024K)->148704K(2562048K) Eden: 2335232K(2335232K)->0K(2335232K) From: 144277K(225792K)->148704K(226816K)
[265.594s][info][gc,heap        ] GC(60) ParOldGen: 4030719K(4030976K)->4124287K(4124672K)
[265.594s][info][gc,metaspace   ] GC(60) Metaspace: 28734K(29056K)->28734K(29056K) NonClass: 25635K(25792K)->25635K(25792K) Class: 3098K(3264K)->3098K(3264K)
[265.594s][info][gc             ] GC(60) Pause Young (Allocation Failure) 6357M->4172M(6530M) 142.335ms
[265.594s][info][gc,cpu         ] GC(60) User=0.52s Sys=0.03s Real=0.15s
.[266.978s][info][gc,start       ] GC(61) Pause Young (Allocation Failure)
[267.078s][info][gc,heap        ] GC(61) PSYoungGen: 2483936K(2562048K)->161632K(2561024K) Eden: 2335232K(2335232K)->0K(2346496K) From: 148704K(226816K)->161632K(214528K)
[267.078s][info][gc,heap        ] GC(61) ParOldGen: 4124287K(4124672K)->4233439K(4233728K)
[267.078s][info][gc,metaspace   ] GC(61) Metaspace: 28734K(29056K)->28734K(29056K) NonClass: 25635K(25792K)->25635K(25792K) Class: 3098K(3264K)->3098K(3264K)
[267.078s][info][gc             ] GC(61) Pause Young (Allocation Failure) 6453M->4292M(6635M) 100.327ms
[267.078s][info][gc,cpu         ] GC(61) User=0.56s Sys=0.04s Real=0.10s
.[268.306s][info][gc,start       ] GC(62) Pause Young (Allocation Failure)
[268.417s][info][gc,heap        ] GC(62) PSYoungGen: 2508128K(2561024K)->188821K(2563584K) Eden: 2346496K(2346496K)->0K(2346496K) From: 161632K(214528K)->188821K(217088K)
[268.417s][info][gc,heap        ] GC(62) ParOldGen: 4233439K(4233728K)->4329119K(4329472K)
[268.417s][info][gc,metaspace   ] GC(62) Metaspace: 28734K(29056K)->28734K(29056K) NonClass: 25635K(25792K)->25635K(25792K) Class: 3098K(3264K)->3098K(3264K)
[268.417s][info][gc             ] GC(62) Pause Young (Allocation Failure) 6583M->4412M(6731M) 111.815ms
[268.417s][info][gc,cpu         ] GC(62) User=0.62s Sys=0.03s Real=0.11s
..[269.724s][info][gc,start       ] GC(63) Pause Young (Allocation Failure)
[269.835s][info][gc,heap        ] GC(63) PSYoungGen: 2535317K(2563584K)->171168K(2575872K) Eden: 2346496K(2346496K)->0K(2355712K) From: 188821K(217088K)->171168K(220160K)
[269.835s][info][gc,heap        ] GC(63) ParOldGen: 4329119K(4329472K)->4443271K(4443648K)
[269.835s][info][gc,metaspace   ] GC(63) Metaspace: 28736K(29056K)->28736K(29056K) NonClass: 25638K(25792K)->25638K(25792K) Class: 3098K(3264K)->3098K(3264K)
[269.835s][info][gc             ] GC(63) Pause Young (Allocation Failure) 6703M->4506M(6855M) 111.366ms
[269.835s][info][gc,cpu         ] GC(63) User=0.61s Sys=0.03s Real=0.11s
.[271.195s][info][gc,start       ] GC(64) Pause Young (Allocation Failure)
[271.304s][info][gc,heap        ] GC(64) PSYoungGen: 2526880K(2575872K)->172664K(2528768K) Eden: 2355712K(2355712K)->0K(2355712K) From: 171168K(220160K)->172664K(173056K)
[271.304s][info][gc,heap        ] GC(64) ParOldGen: 4443271K(4443648K)->4551791K(4552192K)
[271.304s][info][gc,metaspace   ] GC(64) Metaspace: 28742K(29056K)->28742K(29056K) NonClass: 25643K(25792K)->25643K(25792K) Class: 3098K(3264K)->3098K(3264K)
[271.304s][info][gc             ] GC(64) Pause Young (Allocation Failure) 6806M->4613M(6915M) 109.036ms
[271.304s][info][gc,cpu         ] GC(64) User=0.60s Sys=0.04s Real=0.11s
.[272.597s][info][gc,start       ] GC(65) Pause Young (Allocation Failure)
[272.711s][info][gc,heap        ] GC(65) PSYoungGen: 2528376K(2528768K)->188180K(2570752K) Eden: 2355712K(2355712K)->0K(2354176K) From: 172664K(173056K)->188180K(216576K)
[272.711s][info][gc,heap        ] GC(65) ParOldGen: 4551791K(4552192K)->4652687K(4653056K)
[272.711s][info][gc,metaspace   ] GC(65) Metaspace: 28744K(29056K)->28744K(29056K) NonClass: 25645K(25792K)->25645K(25792K) Class: 3098K(3264K)->3098K(3264K)
[272.711s][info][gc             ] GC(65) Pause Young (Allocation Failure) 6914M->4727M(7054M) 113.512ms
[272.711s][info][gc,cpu         ] GC(65) User=0.63s Sys=0.03s Real=0.11s
.[273.990s][info][gc,start       ] GC(66) Pause Young (Allocation Failure)
[274.104s][info][gc,heap        ] GC(66) PSYoungGen: 2542356K(2570752K)->176645K(2573824K) Eden: 2354176K(2354176K)->0K(2354176K) From: 188180K(216576K)->176645K(219648K)
[274.104s][info][gc,heap        ] GC(66) ParOldGen: 4652687K(4653056K)->4762223K(4762624K)
[274.104s][info][gc,metaspace   ] GC(66) Metaspace: 28745K(29056K)->28745K(29056K) NonClass: 25646K(25792K)->25646K(25792K) Class: 3098K(3264K)->3098K(3264K)
[274.104s][info][gc             ] GC(66) Pause Young (Allocation Failure) 7026M->4823M(7164M) 114.378ms
[274.104s][info][gc,cpu         ] GC(66) User=0.63s Sys=0.03s Real=0.12s
.[275.347s][info][gc,start       ] GC(67) Pause Young (Allocation Failure)
[275.456s][info][gc,heap        ] GC(67) PSYoungGen: 2530821K(2573824K)->169140K(2565632K) Eden: 2354176K(2354176K)->0K(2358272K) From: 176645K(219648K)->169140K(207360K)
[275.456s][info][gc,heap        ] GC(67) ParOldGen: 4762223K(4762624K)->4867431K(4867584K)
[275.456s][info][gc,metaspace   ] GC(67) Metaspace: 28746K(29056K)->28746K(29056K) NonClass: 25647K(25792K)->25647K(25792K) Class: 3098K(3264K)->3098K(3264K)
[275.456s][info][gc             ] GC(67) Pause Young (Allocation Failure) 7122M->4918M(7259M) 108.476ms
[275.456s][info][gc,cpu         ] GC(67) User=0.59s Sys=0.04s Real=0.11s
.[276.767s][info][gc,start       ] GC(68) Pause Young (Allocation Failure)
[276.877s][info][gc,heap        ] GC(68) PSYoungGen: 2527412K(2565632K)->167424K(2571776K) Eden: 2358272K(2358272K)->0K(2358272K) From: 169140K(207360K)->167424K(213504K)
[276.877s][info][gc,heap        ] GC(68) ParOldGen: 4867431K(4867584K)->4977199K(4977664K)
[276.877s][info][gc,metaspace   ] GC(68) Metaspace: 28746K(29056K)->28746K(29056K) NonClass: 25647K(25792K)->25647K(25792K) Class: 3098K(3264K)->3098K(3264K)
[276.877s][info][gc             ] GC(68) Pause Young (Allocation Failure) 7221M->5024M(7372M) 110.105ms
[276.877s][info][gc,cpu         ] GC(68) User=0.60s Sys=0.04s Real=0.11s
.[278.067s][info][gc,start       ] GC(69) Pause Young (Allocation Failure)
[278.175s][info][gc,heap        ] GC(69) PSYoungGen: 2525696K(2571776K)->176640K(2578944K) Eden: 2358272K(2358272K)->0K(2373632K) From: 167424K(213504K)->176640K(205312K)
[278.175s][info][gc,heap        ] GC(69) ParOldGen: 4977199K(4977664K)->5079511K(5079552K)
[278.175s][info][gc,metaspace   ] GC(69) Metaspace: 28746K(29056K)->28746K(29056K) NonClass: 25647K(25792K)->25647K(25792K) Class: 3098K(3264K)->3098K(3264K)
[278.175s][info][gc             ] GC(69) Pause Young (Allocation Failure) 7327M->5132M(7479M) 108.136ms
[278.175s][info][gc,cpu         ] GC(69) User=0.60s Sys=0.03s Real=0.11s
.[279.670s][info][gc,start       ] GC(70) Pause Young (Allocation Failure)
[279.787s][info][gc,heap        ] GC(70) PSYoungGen: 2550272K(2578944K)->176901K(2581504K) Eden: 2373632K(2373632K)->0K(2373632K) From: 176640K(205312K)->176901K(207872K)
[279.787s][info][gc,heap        ] GC(70) ParOldGen: 5079511K(5079552K)->5199015K(5199360K)
[279.787s][info][gc,metaspace   ] GC(70) Metaspace: 28746K(29056K)->28746K(29056K) NonClass: 25647K(25792K)->25647K(25792K) Class: 3098K(3264K)->3098K(3264K)
[279.787s][info][gc             ] GC(70) Pause Young (Allocation Failure) 7450M->5249M(7598M) 117.400ms
[279.787s][info][gc,cpu         ] GC(70) User=0.64s Sys=0.04s Real=0.12s
. (rIR:aIR:PR = 13837:13460:11816) (tPR = 176331) [PR is under limit] 
   279s: Re-initializing (term[281.139s][info][gc,start       ] GC(71) Pause Young (Allocation Failure)
[281.252s][info][gc,heap        ] GC(71) PSYoungGen: 2550533K(2581504K)->166992K(2580992K) Eden: 2373632K(2373632K)->0K(2381312K) From: 176901K(207872K)->166992K(199680K)
[281.252s][info][gc,heap        ] GC(71) ParOldGen: 5199015K(5199360K)->5320751K(5321216K)
[281.252s][info][gc,metaspace   ] GC(71) Metaspace: 28756K(29056K)->28756K(29056K) NonClass: 25657K(25792K)->25657K(25792K) Class: 3098K(3264K)->3098K(3264K)
[281.252s][info][gc             ] GC(71) Pause Young (Allocation Failure) 7567M->5359M(7717M) 112.798ms
[281.252s][info][gc,cpu         ] GC(71) User=0.62s Sys=0.04s Real=0.12s
[282.443s][info][gc,start       ] GC(72) Pause Young (Allocation Failure)
[282.612s][info][gc,heap        ] GC(72) PSYoungGen: 2548304K(2580992K)->203760K(2585088K) Eden: 2381312K(2381312K)->0K(2381312K) From: 166992K(199680K)->203760K(203776K)
[282.612s][info][gc,heap        ] GC(72) ParOldGen: 5320751K(5321216K)->5437399K(5437440K)
[282.612s][info][gc,metaspace   ] GC(72) Metaspace: 28756K(29056K)->28756K(29056K) NonClass: 25657K(25792K)->25657K(25792K) Class: 3098K(3264K)->3098K(3264K)
[282.612s][info][gc             ] GC(72) Pause Young (Allocation Failure) 7684M->5508M(7834M) 168.881ms
[282.612s][info][gc,cpu         ] GC(72) User=0.69s Sys=0.03s Real=0.17s
[283.814s][info][gc,start       ] GC(73) Pause Young (Allocation Failure)
[283.927s][info][gc,heap        ] GC(73) PSYoungGen: 2585072K(2585088K)->173936K(2505216K) Eden: 2381312K(2381312K)->0K(2294272K) From: 203760K(203776K)->173936K(210944K)
[283.927s][info][gc,heap        ] GC(73) ParOldGen: 5437399K(5437440K)->5548703K(5549056K)
[283.927s][info][gc,metaspace   ] GC(73) Metaspace: 28757K(29056K)->28757K(29056K) NonClass: 25658K(25792K)->25658K(25792K) Class: 3098K(3264K)->3098K(3264K)
[283.927s][info][gc             ] GC(73) Pause Young (Allocation Failure) 7834M->5588M(7865M) 113.242ms
[283.927s][info][gc,cpu         ] GC(73) User=0.63s Sys=0.04s Real=0.11s
) [284.387s][info][gc,start       ] GC(74) Pause Full (System.gc())
[284.387s][info][gc,phases,start] GC(74) Marking Phase
[284.410s][info][gc,phases      ] GC(74) Marking Phase 23.248ms
[284.410s][info][gc,phases,start] GC(74) Summary Phase
[284.410s][info][gc,phases      ] GC(74) Summary Phase 0.112ms
[284.410s][info][gc,phases,start] GC(74) Forward
[284.413s][info][gc,phases      ] GC(74) Forward 2.599ms
[284.413s][info][gc,phases,start] GC(74) Adjust Pointers
[284.427s][info][gc,phases      ] GC(74) Adjust Pointers 14.241ms
[284.427s][info][gc,phases,start] GC(74) Compaction Phase
[284.446s][info][gc,phases      ] GC(74) Compaction Phase 18.872ms
[284.446s][info][gc,phases,start] GC(74) Post Compact
[284.474s][info][gc,phases      ] GC(74) Post Compact 28.178ms
[284.474s][info][gc,heap        ] GC(74) PSYoungGen: 1086767K(2505216K)->0K(2505216K) Eden: 912831K(2294272K)->0K(2294272K) From: 173936K(210944K)->0K(210944K)
[284.474s][info][gc,heap        ] GC(74) ParOldGen: 5548703K(5549056K)->204791K(5549056K)
[284.474s][info][gc,metaspace   ] GC(74) Metaspace: 28758K(29056K)->28758K(29056K) NonClass: 25659K(25792K)->25659K(25792K) Class: 3098K(3264K)->3098K(3264K)
[284.474s][info][gc             ] GC(74) Pause Full (System.gc()) 6479M->199M(7865M) 87.556ms
[284.474s][info][gc,cpu         ] GC(74) User=0.30s Sys=0.01s Real=0.09s
(init[285.654s][info][gc,start       ] GC(75) Pause Young (Allocation Failure)
[285.952s][info][gc,heap        ] GC(75) PSYoungGen: 2294272K(2505216K)->250868K(2545152K) Eden: 2294272K(2294272K)->0K(2294272K) From: 0K(210944K)->250868K(250880K)
[285.952s][info][gc,heap        ] GC(75) ParOldGen: 204791K(5549056K)->822725K(5549056K)
[285.952s][info][gc,metaspace   ] GC(75) Metaspace: 28770K(29056K)->28770K(29056K) NonClass: 25671K(25792K)->25671K(25792K) Class: 3099K(3264K)->3099K(3264K)
[285.952s][info][gc             ] GC(75) Pause Young (Allocation Failure) 2440M->1048M(7904M) 298.038ms
[285.952s][info][gc,cpu         ] GC(75) User=1.78s Sys=0.00s Real=0.30s
) ... OK
   288s: Searching from base IR = 11548
   288s:       rampup IR =      0 ... (rIR:aIR:PR = 0:0:0) (tPR = 0) [OK] 
   291s:       rampup IR =   1155 .... (rIR:aIR:PR = 1155:1173:1148) (tPR = 23872) [OK] 
   295s:       rampup IR =   2310 ...[299.104s][info][gc,start       ] GC(76) Pause Young (Allocation Failure)
[299.250s][info][gc,heap        ] GC(76) PSYoungGen: 2545140K(2545152K)->206672K(2085376K) Eden: 2294272K(2294272K)->0K(1834496K) From: 250868K(250880K)->206672K(250880K)
[299.250s][info][gc,heap        ] GC(76) ParOldGen: 822725K(5549056K)->1035848K(5549056K)
[299.250s][info][gc,metaspace   ] GC(76) Metaspace: 28787K(29120K)->28787K(29120K) NonClass: 25687K(25856K)->25687K(25856K) Class: 3099K(3264K)->3099K(3264K)
[299.250s][info][gc             ] GC(76) Pause Young (Allocation Failure) 3288M->1213M(7455M) 146.202ms
[299.250s][info][gc,cpu         ] GC(76) User=0.88s Sys=0.00s Real=0.14s
.. (rIR:aIR:PR = 2310:2299:2246) (tPR = 41045) [OK] 
   300s:       rampup IR =   3464 .[302.391s][info][gc,start       ] GC(77) Pause Young (Allocation Failure)
[302.491s][info][gc,heap        ] GC(77) PSYoungGen: 2041168K(2085376K)->104645K(1939456K) Eden: 1834496K(1834496K)->0K(1834496K) From: 206672K(250880K)->104645K(104960K)
[302.491s][info][gc,heap        ] GC(77) ParOldGen: 1035848K(5549056K)->1210861K(5549056K)
[302.491s][info][gc,metaspace   ] GC(77) Metaspace: 28787K(29120K)->28787K(29120K) NonClass: 25687K(25856K)->25687K(25856K) Class: 3099K(3264K)->3099K(3264K)
[302.491s][info][gc             ] GC(77) Pause Young (Allocation Failure) 3004M->1284M(7313M) 100.549ms
[302.491s][info][gc,cpu         ] GC(77) User=0.59s Sys=0.00s Real=0.10s
..[304.957s][info][gc,start       ] GC(78) Pause Young (Allocation Failure)
[305.029s][info][gc,heap        ] GC(78) PSYoungGen: 1939141K(1939456K)->106940K(2317312K) Eden: 1834496K(1834496K)->0K(1835520K) From: 104645K(104960K)->106940K(481792K)
[305.029s][info][gc,heap        ] GC(78) ParOldGen: 1210861K(5549056K)->1297117K(5549056K)
[305.030s][info][gc,metaspace   ] GC(78) Metaspace: 28791K(29120K)->28791K(29120K) NonClass: 25692K(25856K)->25692K(25856K) Class: 3099K(3264K)->3099K(3264K)
[305.030s][info][gc             ] GC(78) Pause Young (Allocation Failure) 3076M->1371M(7682M) 72.908ms
[305.030s][info][gc,cpu         ] GC(78) User=0.43s Sys=0.00s Real=0.07s
. (rIR:aIR:PR = 3464:3410:3337) (tPR = 57550) [OK] 
   304s:       rampup IR =   4619 ..[307.064s][info][gc,start       ] GC(79) Pause Young (Allocation Failure)
[307.136s][info][gc,heap        ] GC(79) PSYoungGen: 1942460K(2317312K)->106945K(1942528K) Eden: 1835520K(1835520K)->0K(1835520K) From: 106940K(481792K)->106945K(107008K)
[307.136s][info][gc,heap        ] GC(79) ParOldGen: 1297117K(5549056K)->1379014K(5549056K)
[307.136s][info][gc,metaspace   ] GC(79) Metaspace: 28791K(29120K)->28791K(29120K) NonClass: 25692K(25856K)->25692K(25856K) Class: 3099K(3264K)->3099K(3264K)
[307.136s][info][gc             ] GC(79) Pause Young (Allocation Failure) 3163M->1451M(7316M) 71.523ms
[307.136s][info][gc,cpu         ] GC(79) User=0.42s Sys=0.00s Real=0.07s
.. (rIR:aIR:PR = 4619:4659:4651) (tPR = 77015) [OK] 
   308s:       rampup IR =   5774 [309.072s][info][gc,start       ] GC(80) Pause Young (Allocation Failure)
[309.143s][info][gc,heap        ] GC(80) PSYoungGen: 1942465K(1942528K)->103577K(2315776K) Eden: 1835520K(1835520K)->0K(1843712K) From: 106945K(107008K)->103577K(472064K)
[309.143s][info][gc,heap        ] GC(80) ParOldGen: 1379014K(5549056K)->1464226K(5549056K)
[309.143s][info][gc,metaspace   ] GC(80) Metaspace: 28792K(29120K)->28792K(29120K) NonClass: 25692K(25856K)->25692K(25856K) Class: 3099K(3264K)->3099K(3264K)
[309.143s][info][gc             ] GC(80) Pause Young (Allocation Failure) 3243M->1531M(7680M) 70.871ms
[309.143s][info][gc,cpu         ] GC(80) User=0.42s Sys=0.00s Real=0.07s
.[310.735s][info][gc,start       ] GC(81) Pause Young (Allocation Failure)
[310.812s][info][gc,heap        ] GC(81) PSYoungGen: 1947289K(2315776K)->110816K(2307584K) Eden: 1843712K(1843712K)->0K(1843712K) From: 103577K(472064K)->110816K(463872K)
[310.812s][info][gc,heap        ] GC(81) ParOldGen: 1464226K(5549056K)->1550340K(5549056K)
[310.812s][info][gc,metaspace   ] GC(81) Metaspace: 28793K(29120K)->28793K(29120K) NonClass: 25693K(25856K)->25693K(25856K) Class: 3099K(3264K)->3099K(3264K)
[310.812s][info][gc             ] GC(81) Pause Young (Allocation Failure) 3331M->1622M(7672M) 76.824ms
[310.812s][info][gc,cpu         ] GC(81) User=0.44s Sys=0.00s Real=0.08s
..[312.556s][info][gc,start       ] GC(82) Pause Young (Allocation Failure)
[312.629s][info][gc,heap        ] GC(82) PSYoungGen: 1954528K(2307584K)->109920K(2319872K) Eden: 1843712K(1843712K)->0K(1872384K) From: 110816K(463872K)->109920K(447488K)
[312.629s][info][gc,heap        ] GC(82) ParOldGen: 1550340K(5549056K)->1638892K(5549056K)
[312.629s][info][gc,metaspace   ] GC(82) Metaspace: 28796K(29120K)->28796K(29120K) NonClass: 25696K(25856K)->25696K(25856K) Class: 3099K(3264K)->3099K(3264K)
[312.629s][info][gc             ] GC(82) Pause Young (Allocation Failure) 3422M->1707M(7684M) 73.693ms
[312.629s][info][gc,cpu         ] GC(82) User=0.44s Sys=0.00s Real=0.07s
. (rIR:aIR:PR = 5774:5765:5765) (tPR = 93258) [OK] 
   312s:       rampup IR =   6929 .[314.291s][info][gc,start       ] GC(83) Pause Young (Allocation Failure)
[314.370s][info][gc,heap        ] GC(83) PSYoungGen: 1982304K(2319872K)->123070K(2312192K) Eden: 1872384K(1872384K)->0K(1872384K) From: 109920K(447488K)->123070K(439808K)
[314.370s][info][gc,heap        ] GC(83) ParOldGen: 1638892K(5549056K)->1724485K(5549056K)
[314.370s][info][gc,metaspace   ] GC(83) Metaspace: 28796K(29120K)->28796K(29120K) NonClass: 25697K(25856K)->25697K(25856K) Class: 3099K(3264K)->3099K(3264K)
[314.370s][info][gc             ] GC(83) Pause Young (Allocation Failure) 3536M->1804M(7677M) 79.047ms
[314.370s][info][gc,cpu         ] GC(83) User=0.46s Sys=0.00s Real=0.08s
.[316.061s][info][gc,start       ] GC(84) Pause Young (Allocation Failure)
[316.139s][info][gc,heap        ] GC(84) PSYoungGen: 1995454K(2312192K)->120832K(2340864K) Eden: 1872384K(1872384K)->0K(1924096K) From: 123070K(439808K)->120832K(416768K)
[316.139s][info][gc,heap        ] GC(84) ParOldGen: 1724485K(5549056K)->1814547K(5549056K)
[316.139s][info][gc,metaspace   ] GC(84) Metaspace: 28799K(29120K)->28799K(29120K) NonClass: 25700K(25856K)->25700K(25856K) Class: 3099K(3264K)->3099K(3264K)
[316.139s][info][gc             ] GC(84) Pause Young (Allocation Failure) 3632M->1890M(7705M) 78.276ms
[316.139s][info][gc,cpu         ] GC(84) User=0.45s Sys=0.00s Real=0.08s
.. (rIR:aIR:PR = 6929:6865:6868) (tPR = 105030) [OK] 
   316s:       rampup IR =   8084 [317.804s][info][gc,start       ] GC(85) Pause Young (Allocation Failure)
[317.886s][info][gc,heap        ] GC(85) PSYoungGen: 2044928K(2340864K)->129888K(2332672K) Eden: 1924096K(1924096K)->0K(1924096K) From: 120832K(416768K)->129888K(408576K)
[317.886s][info][gc,heap        ] GC(85) ParOldGen: 1814547K(5549056K)->1905124K(5549056K)
[317.886s][info][gc,metaspace   ] GC(85) Metaspace: 28800K(29120K)->28800K(29120K) NonClass: 25700K(25856K)->25700K(25856K) Class: 3099K(3264K)->3099K(3264K)
[317.886s][info][gc             ] GC(85) Pause Young (Allocation Failure) 3769M->1987M(7697M) 82.054ms
[317.886s][info][gc,cpu         ] GC(85) User=0.47s Sys=0.00s Real=0.08s
..[319.440s][info][gc,start       ] GC(86) Pause Young (Allocation Failure)
[319.527s][info][gc,heap        ] GC(86) PSYoungGen: 2053984K(2332672K)->138464K(2369536K) Eden: 1924096K(1924096K)->0K(1988608K) From: 129888K(408576K)->138464K(380928K)
[319.527s][info][gc,heap        ] GC(86) ParOldGen: 1905124K(5549056K)->1998844K(5549056K)
[319.527s][info][gc,metaspace   ] GC(86) Metaspace: 28800K(29120K)->28800K(29120K) NonClass: 25700K(25856K)->25700K(25856K) Class: 3099K(3264K)->3099K(3264K)
[319.527s][info][gc             ] GC(86) Pause Young (Allocation Failure) 3866M->2087M(7733M) 86.967ms
[319.527s][info][gc,cpu         ] GC(86) User=0.50s Sys=0.00s Real=0.09s
.[321.117s][info][gc,start       ] GC(87) Pause Young (Allocation Failure)
[321.196s][info][gc,heap        ] GC(87) PSYoungGen: 2127072K(2369536K)->124320K(2362368K) Eden: 1988608K(1988608K)->0K(1988608K) From: 138464K(380928K)->124320K(373760K)
[321.196s][info][gc,heap        ] GC(87) ParOldGen: 1998844K(5549056K)->2092636K(5549056K)
[321.196s][info][gc,metaspace   ] GC(87) Metaspace: 28800K(29120K)->28800K(29120K) NonClass: 25700K(25856K)->25700K(25856K) Class: 3099K(3264K)->3099K(3264K)
[321.196s][info][gc             ] GC(87) Pause Young (Allocation Failure) 4029M->2164M(7726M) 79.530ms
[321.197s][info][gc,cpu         ] GC(87) User=0.46s Sys=0.00s Real=0.08s
. (rIR:aIR:PR = 8084:8125:7977) (tPR = 121008) [OK] 
   321s:       rampup IR =   9238 .[322.640s][info][gc,start       ] GC(88) Pause Young (Allocation Failure)
[322.729s][info][gc,heap        ] GC(88) PSYoungGen: 2112928K(2362368K)->145333K(2404864K) Eden: 1988608K(1988608K)->0K(2058752K) From: 124320K(373760K)->145333K(346112K)
[322.729s][info][gc,heap        ] GC(88) ParOldGen: 2092636K(5549056K)->2187276K(5549056K)
[322.729s][info][gc,metaspace   ] GC(88) Metaspace: 28800K(29120K)->28800K(29120K) NonClass: 25700K(25856K)->25700K(25856K) Class: 3099K(3264K)->3099K(3264K)
[322.729s][info][gc             ] GC(88) Pause Young (Allocation Failure) 4106M->2277M(7767M) 89.131ms
[322.729s][info][gc,cpu         ] GC(88) User=0.52s Sys=0.01s Real=0.09s
..[324.262s][info][gc,start       ] GC(89) Pause Young (Allocation Failure)
[324.346s][info][gc,heap        ] GC(89) PSYoungGen: 2204085K(2404864K)->135296K(2400768K) Eden: 2058752K(2058752K)->0K(2058752K) From: 145333K(346112K)->135296K(342016K)
[324.346s][info][gc,heap        ] GC(89) ParOldGen: 2187276K(5549056K)->2281324K(5549056K)
[324.346s][info][gc,metaspace   ] GC(89) Metaspace: 28800K(29120K)->28800K(29120K) NonClass: 25700K(25856K)->25700K(25856K) Class: 3099K(3264K)->3099K(3264K)
[324.346s][info][gc             ] GC(89) Pause Young (Allocation Failure) 4288M->2359M(7763M) 83.916ms
[324.346s][info][gc,cpu         ] GC(89) User=0.49s Sys=0.00s Real=0.08s
. (rIR:aIR:PR = 9238:9331:9331) (tPR = 140141) [OK] 
   325s:       rampup IR =  10393 [325.771s][info][gc,start       ] GC(90) Pause Young (Allocation Failure)
[325.859s][info][gc,heap        ] GC(90) PSYoungGen: 2194048K(2400768K)->139680K(2439680K) Eden: 2058752K(2058752K)->0K(2122240K) From: 135296K(342016K)->139680K(317440K)
[325.859s][info][gc,heap        ] GC(90) ParOldGen: 2281324K(5549056K)->2380652K(5549056K)
[325.859s][info][gc,metaspace   ] GC(90) Metaspace: 28800K(29120K)->28800K(29120K) NonClass: 25700K(25856K)->25700K(25856K) Class: 3099K(3264K)->3099K(3264K)
[325.859s][info][gc             ] GC(90) Pause Young (Allocation Failure) 4370M->2461M(7801M) 87.892ms
[325.859s][info][gc,cpu         ] GC(90) User=0.51s Sys=0.00s Real=0.09s
.[327.122s][info][gc,start       ] GC(91) Pause Young (Allocation Failure)
[327.206s][info][gc,heap        ] GC(91) PSYoungGen: 2261920K(2439680K)->128704K(2435584K) Eden: 2122240K(2122240K)->0K(2122240K) From: 139680K(317440K)->128704K(313344K)
[327.206s][info][gc,heap        ] GC(91) ParOldGen: 2380652K(5549056K)->2477444K(5549056K)
[327.206s][info][gc,metaspace   ] GC(91) Metaspace: 28800K(29120K)->28800K(29120K) NonClass: 25700K(25856K)->25700K(25856K) Class: 3099K(3264K)->3099K(3264K)
[327.206s][info][gc             ] GC(91) Pause Young (Allocation Failure) 4533M->2545M(7797M) 83.161ms
[327.206s][info][gc,cpu         ] GC(91) User=0.48s Sys=0.00s Real=0.08s
..[328.595s][info][gc,start       ] GC(92) Pause Young (Allocation Failure)
[328.690s][info][gc,heap        ] GC(92) PSYoungGen: 2250944K(2435584K)->158020K(2470400K) Eden: 2122240K(2122240K)->0K(2177536K) From: 128704K(313344K)->158020K(292864K)
[328.690s][info][gc,heap        ] GC(92) ParOldGen: 2477444K(5549056K)->2570488K(5549056K)
[328.690s][info][gc,metaspace   ] GC(92) Metaspace: 28802K(29120K)->28802K(29120K) NonClass: 25703K(25856K)->25703K(25856K) Class: 3099K(3264K)->3099K(3264K)
[328.690s][info][gc             ] GC(92) Pause Young (Allocation Failure) 4617M->2664M(7831M) 95.016ms
[328.690s][info][gc,cpu         ] GC(92) User=0.56s Sys=0.01s Real=0.09s
.[330.078s][info][gc,start       ] GC(93) Pause Young (Allocation Failure)
[330.161s][info][gc,heap        ] GC(93) PSYoungGen: 2335556K(2470400K)->132660K(2466816K) Eden: 2177536K(2177536K)->0K(2177536K) From: 158020K(292864K)->132660K(289280K)
[330.161s][info][gc,heap        ] GC(93) ParOldGen: 2570488K(5549056K)->2669260K(5549056K)
[330.161s][info][gc,metaspace   ] GC(93) Metaspace: 28803K(29120K)->28803K(29120K) NonClass: 25703K(25856K)->25703K(25856K) Class: 3099K(3264K)->3099K(3264K)
[330.161s][info][gc             ] GC(93) Pause Young (Allocation Failure) 4791M->2736M(7828M) 83.355ms
[330.161s][info][gc,cpu         ] GC(93) User=0.49s Sys=0.00s Real=0.08s
. (rIR:aIR:PR = 10393:10086:10094) (tPR = 154002) [OK] 
   330s:       rampup IR =  11548 .[331.477s][info][gc,start       ] GC(94) Pause Young (Allocation Failure)
[331.575s][info][gc,heap        ] GC(94) PSYoungGen: 2310196K(2466816K)->164778K(2499072K) Eden: 2177536K(2177536K)->0K(2221568K) From: 132660K(289280K)->164778K(277504K)
[331.575s][info][gc,heap        ] GC(94) ParOldGen: 2669260K(5549056K)->2765292K(5549056K)
[331.575s][info][gc,metaspace   ] GC(94) Metaspace: 28803K(29120K)->28803K(29120K) NonClass: 25703K(25856K)->25703K(25856K) Class: 3099K(3264K)->3099K(3264K)
[331.575s][info][gc             ] GC(94) Pause Young (Allocation Failure) 4862M->2861M(7859M) 98.014ms
[331.575s][info][gc,cpu         ] GC(94) User=0.57s Sys=0.00s Real=0.10s
.[332.831s][info][gc,start       ] GC(95) Pause Young (Allocation Failure)
[332.929s][info][gc,heap        ] GC(95) PSYoungGen: 2386346K(2499072K)->164576K(2492928K) Eden: 2221568K(2221568K)->0K(2221568K) From: 164778K(277504K)->164576K(271360K)
[332.929s][info][gc,heap        ] GC(95) ParOldGen: 2765292K(5549056K)->2863700K(5549056K)
[332.929s][info][gc,metaspace   ] GC(95) Metaspace: 28803K(29120K)->28803K(29120K) NonClass: 25703K(25856K)->25703K(25856K) Class: 3099K(3264K)->3099K(3264K)
[332.929s][info][gc             ] GC(95) Pause Young (Allocation Failure) 5030M->2957M(7853M) 97.540ms
[332.929s][info][gc,cpu         ] GC(95) User=0.57s Sys=0.00s Real=0.10s
.[334.230s][info][gc,start       ] GC(96) Pause Young (Allocation Failure)
[334.321s][info][gc,heap        ] GC(96) PSYoungGen: 2386144K(2492928K)->139888K(2515968K) Eden: 2221568K(2221568K)->0K(2255872K) From: 164576K(271360K)->139888K(260096K)
[334.321s][info][gc,heap        ] GC(96) ParOldGen: 2863700K(5549056K)->2966524K(5549056K)
[334.321s][info][gc,metaspace   ] GC(96) Metaspace: 28803K(29120K)->28803K(29120K) NonClass: 25703K(25856K)->25703K(25856K) Class: 3099K(3264K)->3099K(3264K)
[334.321s][info][gc             ] GC(96) Pause Young (Allocation Failure) 5126M->3033M(7876M) 90.989ms
[334.321s][info][gc,cpu         ] GC(96) User=0.53s Sys=0.00s Real=0.09s
.[335.645s][info][gc,start       ] GC(97) Pause Young (Allocation Failure)
[335.744s][info][gc,heap        ] GC(97) PSYoungGen: 2395760K(2515968K)->164574K(2511360K) Eden: 2255872K(2255872K)->0K(2255872K) From: 139888K(260096K)->164574K(255488K)
[335.744s][info][gc,heap        ] GC(97) ParOldGen: 2966524K(5549056K)->3064836K(5549056K)
[335.744s][info][gc,metaspace   ] GC(97) Metaspace: 28803K(29120K)->28803K(29120K) NonClass: 25703K(25856K)->25703K(25856K) Class: 3099K(3264K)->3099K(3264K)
[335.744s][info][gc             ] GC(97) Pause Young (Allocation Failure) 5236M->3153M(7871M) 99.330ms
[335.745s][info][gc,cpu         ] GC(97) User=0.57s Sys=0.01s Real=0.10s
..[337.013s][info][gc,start       ] GC(98) Pause Young (Allocation Failure)
[337.110s][info][gc,heap        ] GC(98) PSYoungGen: 2420446K(2511360K)->164569K(2534912K) Eden: 2255872K(2255872K)->0K(2286080K) From: 164574K(255488K)->164569K(248832K)
[337.110s][info][gc,heap        ] GC(98) ParOldGen: 3064836K(5549056K)->3164628K(5549056K)
[337.110s][info][gc,metaspace   ] GC(98) Metaspace: 28805K(29120K)->28805K(29120K) NonClass: 25706K(25856K)->25706K(25856K) Class: 3099K(3264K)->3099K(3264K)
[337.110s][info][gc             ] GC(98) Pause Young (Allocation Failure) 5356M->3251M(7894M) 97.739ms
[337.110s][info][gc,cpu         ] GC(98) User=0.57s Sys=0.00s Real=0.09s
.[338.444s][info][gc,start       ] GC(99) Pause Young (Allocation Failure)
[338.591s][info][gc,heap        ] GC(99) PSYoungGen: 2450649K(2534912K)->165790K(2530304K) Eden: 2286080K(2286080K)->0K(2286080K) From: 164569K(248832K)->165790K(244224K)
[338.591s][info][gc,heap        ] GC(99) ParOldGen: 3164628K(5549056K)->3267156K(5549056K)
[338.591s][info][gc,metaspace   ] GC(99) Metaspace: 28805K(29120K)->28805K(29120K) NonClass: 25706K(25856K)->25706K(25856K) Class: 3099K(3264K)->3099K(3264K)
[338.591s][info][gc             ] GC(99) Pause Young (Allocation Failure) 5483M->3352M(7890M) 146.881ms
[338.591s][info][gc,cpu         ] GC(99) User=0.60s Sys=0.00s Real=0.14s
. (rIR:aIR:PR = 11548:11108:11090) (tPR = 170037) [OK] 
   338s:    snapshot, IR =  11548 [339.913s][info][gc,start       ] GC(100) Pause Young (Allocation Failure)
[340.014s][info][gc,heap        ] GC(100) PSYoungGen: 2451870K(2530304K)->171642K(2545152K) Eden: 2286080K(2286080K)->0K(2305536K) From: 165790K(244224K)->171642K(239616K)
[340.015s][info][gc,heap        ] GC(100) ParOldGen: 3267156K(5549056K)->3362500K(5549056K)
[340.015s][info][gc,metaspace   ] GC(100) Metaspace: 28807K(29120K)->28807K(29120K) NonClass: 25707K(25856K)->25707K(25856K) Class: 3099K(3264K)->3099K(3264K)
[340.015s][info][gc             ] GC(100) Pause Young (Allocation Failure) 5584M->3451M(7904M) 101.171ms
[340.015s][info][gc,cpu         ] GC(100) User=0.58s Sys=0.00s Real=0.10s
..[341.325s][info][gc,start       ] GC(101) Pause Young (Allocation Failure)
[341.419s][info][gc,heap        ] GC(101) PSYoungGen: 2477178K(2545152K)->152448K(2542592K) Eden: 2305536K(2305536K)->0K(2305536K) From: 171642K(239616K)->152448K(237056K)
[341.419s][info][gc,heap        ] GC(101) ParOldGen: 3362500K(5549056K)->3468188K(5549056K)
[341.419s][info][gc,metaspace   ] GC(101) Metaspace: 28808K(29120K)->28808K(29120K) NonClass: 25708K(25856K)->25708K(25856K) Class: 3099K(3264K)->3099K(3264K)
[341.419s][info][gc             ] GC(101) Pause Young (Allocation Failure) 5702M->3535M(7902M) 94.606ms
[341.419s][info][gc,cpu         ] GC(101) User=0.56s Sys=0.00s Real=0.09s
.[342.797s][info][gc,start       ] GC(102) Pause Young (Allocation Failure)
[342.896s][info][gc,heap        ] GC(102) PSYoungGen: 2457984K(2542592K)->158421K(2552320K) Eden: 2305536K(2305536K)->0K(2326016K) From: 152448K(237056K)->158421K(226304K)
[342.896s][info][gc,heap        ] GC(102) ParOldGen: 3468188K(5549056K)->3572076K(5549056K)
[342.896s][info][gc,metaspace   ] GC(102) Metaspace: 28808K(29120K)->28808K(29120K) NonClass: 25708K(25856K)->25708K(25856K) Class: 3099K(3264K)->3099K(3264K)
[342.896s][info][gc             ] GC(102) Pause Young (Allocation Failure) 5787M->3643M(7911M) 99.546ms
[342.896s][info][gc,cpu         ] GC(102) User=0.57s Sys=0.01s Real=0.10s
..|[344.228s][info][gc,start       ] GC(103) Pause Young (Allocation Failure)
[344.326s][info][gc,heap        ] GC(103) PSYoungGen: 2484437K(2552320K)->155076K(2549248K) Eden: 2326016K(2326016K)->0K(2326016K) From: 158421K(226304K)->155076K(223232K)
[344.326s][info][gc,heap        ] GC(103) ParOldGen: 3572076K(5549056K)->3673412K(5549056K)
[344.326s][info][gc,metaspace   ] GC(103) Metaspace: 28808K(29120K)->28808K(29120K) NonClass: 25708K(25856K)->25708K(25856K) Class: 3099K(3264K)->3099K(3264K)
[344.326s][info][gc             ] GC(103) Pause Young (Allocation Failure) 5914M->3738M(7908M) 97.853ms
[344.326s][info][gc,cpu         ] GC(103) User=0.57s Sys=0.01s Real=0.10s
.[345.747s][info][gc,start       ] GC(104) Pause Young (Allocation Failure)
[345.848s][info][gc,heap        ] GC(104) PSYoungGen: 2481092K(2549248K)->165204K(2566656K) Eden: 2326016K(2326016K)->0K(2349568K) From: 155076K(223232K)->165204K(217088K)
[345.848s][info][gc,heap        ] GC(104) ParOldGen: 3673412K(5549056K)->3778076K(5549056K)
[345.848s][info][gc,metaspace   ] GC(104) Metaspace: 28808K(29120K)->28808K(29120K) NonClass: 25708K(25856K)->25708K(25856K) Class: 3099K(3264K)->3099K(3264K)
[345.848s][info][gc             ] GC(104) Pause Young (Allocation Failure) 6010M->3850M(7925M) 100.991ms
[345.848s][info][gc,cpu         ] GC(104) User=0.58s Sys=0.01s Real=0.10s
.[347.200s][info][gc,start       ] GC(105) Pause Young (Allocation Failure)
[347.292s][info][gc,heap        ] GC(105) PSYoungGen: 2514772K(2566656K)->145504K(2563584K) Eden: 2349568K(2349568K)->0K(2349568K) From: 165204K(217088K)->145504K(214016K)
[347.292s][info][gc,heap        ] GC(105) ParOldGen: 3778076K(5549056K)->3880340K(5549056K)
[347.292s][info][gc,metaspace   ] GC(105) Metaspace: 28808K(29120K)->28808K(29120K) NonClass: 25708K(25856K)->25708K(25856K) Class: 3099K(3264K)->3099K(3264K)
[347.292s][info][gc             ] GC(105) Pause Young (Allocation Failure) 6145M->3931M(7922M) 91.720ms
[347.292s][info][gc,cpu         ] GC(105) User=0.54s Sys=0.00s Real=0.09s
..[348.673s][info][gc,start       ] GC(106) Pause Young (Allocation Failure)
[348.772s][info][gc,heap        ] GC(106) PSYoungGen: 2495072K(2563584K)->167024K(2576384K) Eden: 2349568K(2349568K)->0K(2365952K) From: 145504K(214016K)->167024K(210432K)
[348.772s][info][gc,heap        ] GC(106) ParOldGen: 3880340K(5549056K)->3980988K(5549056K)
[348.772s][info][gc,metaspace   ] GC(106) Metaspace: 28809K(29120K)->28809K(29120K) NonClass: 25709K(25856K)->25709K(25856K) Class: 3099K(3264K)->3099K(3264K)
[348.772s][info][gc             ] GC(106) Pause Young (Allocation Failure) 6225M->4050M(7935M) 98.797ms
[348.772s][info][gc,cpu         ] GC(106) User=0.58s Sys=0.00s Real=0.10s
.[350.153s][info][gc,start       ] GC(107) Pause Young (Allocation Failure)
[350.246s][info][gc,heap        ] GC(107) PSYoungGen: 2532976K(2576384K)->144256K(2575360K) Eden: 2365952K(2365952K)->0K(2365952K) From: 167024K(210432K)->144256K(209408K)
[350.246s][info][gc,heap        ] GC(107) ParOldGen: 3980988K(5549056K)->4088092K(5549056K)
[350.246s][info][gc,metaspace   ] GC(107) Metaspace: 28809K(29120K)->28809K(29120K) NonClass: 25709K(25856K)->25709K(25856K) Class: 3099K(3264K)->3099K(3264K)
[350.246s][info][gc             ] GC(107) Pause Young (Allocation Failure) 6361M->4133M(7934M) 93.048ms
[350.246s][info][gc,cpu         ] GC(107) User=0.53s Sys=0.00s Real=0.09s
..[351.645s][info][gc,start       ] GC(108) Pause Young (Allocation Failure)
[351.742s][info][gc,heap        ] GC(108) PSYoungGen: 2510208K(2575360K)->156928K(2581504K) Eden: 2365952K(2365952K)->0K(2380288K) From: 144256K(209408K)->156928K(201216K)
[351.742s][info][gc,heap        ] GC(108) ParOldGen: 4088092K(5549056K)->4190748K(5549056K)
[351.742s][info][gc,metaspace   ] GC(108) Metaspace: 28809K(29120K)->28809K(29120K) NonClass: 25709K(25856K)->25709K(25856K) Class: 3099K(3264K)->3099K(3264K)
[351.742s][info][gc             ] GC(108) Pause Young (Allocation Failure) 6443M->4245M(7940M) 96.576ms
[351.742s][info][gc,cpu         ] GC(108) User=0.57s Sys=0.00s Real=0.09s
.[353.135s][info][gc,start       ] GC(109) Pause Young (Allocation Failure)
[353.235s][info][gc,heap        ] GC(109) PSYoungGen: 2537216K(2581504K)->156640K(2582016K) Eden: 2380288K(2380288K)->0K(2380288K) From: 156928K(201216K)->156640K(201728K)
[353.235s][info][gc,heap        ] GC(109) ParOldGen: 4190748K(5549056K)->4297524K(5549056K)
[353.235s][info][gc,metaspace   ] GC(109) Metaspace: 28810K(29120K)->28810K(29120K) NonClass: 25711K(25856K)->25711K(25856K) Class: 3099K(3264K)->3099K(3264K)
[353.235s][info][gc             ] GC(109) Pause Young (Allocation Failure) 6570M->4349M(7940M) 100.009ms
[353.235s][info][gc,cpu         ] GC(109) User=0.58s Sys=0.00s Real=0.10s
.[354.657s][info][gc,start       ] GC(110) Pause Young (Allocation Failure)
[354.761s][info][gc,heap        ] GC(110) PSYoungGen: 2536928K(2582016K)->164128K(2591232K) Eden: 2380288K(2380288K)->0K(2394112K) From: 156640K(201728K)->164128K(197120K)
[354.761s][info][gc,heap        ] GC(110) ParOldGen: 4297524K(5549056K)->4402020K(5549056K)
[354.761s][info][gc,metaspace   ] GC(110) Metaspace: 28810K(29120K)->28810K(29120K) NonClass: 25711K(25856K)->25711K(25856K) Class: 3099K(3264K)->3099K(3264K)
[354.761s][info][gc             ] GC(110) Pause Young (Allocation Failure) 6674M->4459M(7949M) 103.325ms
[354.761s][info][gc,cpu         ] GC(110) User=0.58s Sys=0.01s Real=0.10s
..[356.162s][info][gc,start       ] GC(111) Pause Young (Allocation Failure)
[356.257s][info][gc,heap        ] GC(111) PSYoungGen: 2558240K(2591232K)->147360K(2590208K) Eden: 2394112K(2394112K)->0K(2394112K) From: 164128K(197120K)->147360K(196096K)
[356.257s][info][gc,heap        ] GC(111) ParOldGen: 4402020K(5549056K)->4508980K(5549056K)
[356.257s][info][gc,metaspace   ] GC(111) Metaspace: 28815K(29120K)->28815K(29120K) NonClass: 25715K(25856K)->25715K(25856K) Class: 3099K(3264K)->3099K(3264K)
[356.257s][info][gc             ] GC(111) Pause Young (Allocation Failure) 6797M->4547M(7948M) 94.957ms
[356.257s][info][gc,cpu         ] GC(111) User=0.55s Sys=0.00s Real=0.09s
.[357.650s][info][gc,start       ] GC(112) Pause Young (Allocation Failure)
[357.756s][info][gc,heap        ] GC(112) PSYoungGen: 2541472K(2590208K)->167748K(2596352K) Eden: 2394112K(2394112K)->0K(2402304K) From: 147360K(196096K)->167748K(194048K)
[357.756s][info][gc,heap        ] GC(112) ParOldGen: 4508980K(5549056K)->4609852K(5549056K)
[357.756s][info][gc,metaspace   ] GC(112) Metaspace: 28815K(29120K)->28815K(29120K) NonClass: 25715K(25856K)->25715K(25856K) Class: 3099K(3264K)->3099K(3264K)
[357.756s][info][gc             ] GC(112) Pause Young (Allocation Failure) 6885M->4665M(7954M) 105.700ms
[357.756s][info][gc,cpu         ] GC(112) User=0.59s Sys=0.03s Real=0.11s
.[359.144s][info][gc,start       ] GC(113) Pause Young (Allocation Failure)
[359.248s][info][gc,heap        ] GC(113) PSYoungGen: 2570052K(2596352K)->161956K(2596864K) Eden: 2402304K(2402304K)->0K(2402304K) From: 167748K(194048K)->161956K(194560K)
[359.248s][info][gc,heap        ] GC(113) ParOldGen: 4609852K(5549056K)->4717924K(5549056K)
[359.248s][info][gc,metaspace   ] GC(113) Metaspace: 28815K(29120K)->28815K(29120K) NonClass: 25715K(25856K)->25715K(25856K) Class: 3099K(3264K)->3099K(3264K)
[359.248s][info][gc             ] GC(113) Pause Young (Allocation Failure) 7011M->4765M(7955M) 103.771ms
[359.248s][info][gc,cpu         ] GC(113) User=0.60s Sys=0.01s Real=0.10s
..[360.663s][info][gc,start       ] GC(114) Pause Young (Allocation Failure)
[360.762s][info][gc,heap        ] GC(114) PSYoungGen: 2564260K(2596864K)->162048K(2598912K) Eden: 2402304K(2402304K)->0K(2408960K) From: 161956K(194560K)->162048K(189952K)
[360.762s][info][gc,heap        ] GC(114) ParOldGen: 4717924K(5549056K)->4818740K(5549056K)
[360.762s][info][gc,metaspace   ] GC(114) Metaspace: 28815K(29120K)->28815K(29120K) NonClass: 25715K(25856K)->25715K(25856K) Class: 3099K(3264K)->3099K(3264K)
[360.762s][info][gc             ] GC(114) Pause Young (Allocation Failure) 7111M->4864M(7957M) 99.403ms
[360.762s][info][gc,cpu         ] GC(114) User=0.58s Sys=0.00s Real=0.10s
.[362.156s][info][gc,start       ] GC(115) Pause Young (Allocation Failure)
[362.264s][info][gc,heap        ] GC(115) PSYoungGen: 2571008K(2598912K)->168345K(2599424K) Eden: 2408960K(2408960K)->0K(2408960K) From: 162048K(189952K)->168345K(190464K)
[362.264s][info][gc,heap        ] GC(115) ParOldGen: 4818740K(5549056K)->4928604K(5549056K)
[362.264s][info][gc,metaspace   ] GC(115) Metaspace: 28815K(29120K)->28815K(29120K) NonClass: 25715K(25856K)->25715K(25856K) Class: 3099K(3264K)->3099K(3264K)
[362.264s][info][gc             ] GC(115) Pause Young (Allocation Failure) 7216M->4977M(7957M) 108.377ms
[362.264s][info][gc,cpu         ] GC(115) User=0.63s Sys=0.00s Real=0.11s
..[363.679s][info][gc,start       ] GC(116) Pause Young (Allocation Failure)
[363.788s][info][gc,heap        ] GC(116) PSYoungGen: 2577305K(2599424K)->171529K(2601984K) Eden: 2408960K(2408960K)->0K(2411008K) From: 168345K(190464K)->171529K(190976K)
[363.788s][info][gc,heap        ] GC(116) ParOldGen: 4928604K(5549056K)->5031516K(5549056K)
[363.788s][info][gc,metaspace   ] GC(116) Metaspace: 28815K(29120K)->28815K(29120K) NonClass: 25715K(25856K)->25715K(25856K) Class: 3099K(3264K)->3099K(3264K)
[363.788s][info][gc             ] GC(116) Pause Young (Allocation Failure) 7329M->5081M(7960M) 108.497ms
[363.788s][info][gc,cpu         ] GC(116) User=0.62s Sys=0.02s Real=0.11s
.[365.166s][info][gc,start       ] GC(117) Pause Young (Allocation Failure)
[365.267s][info][gc,heap        ] GC(117) PSYoungGen: 2582537K(2601984K)->158432K(2569728K) Eden: 2411008K(2411008K)->0K(2411008K) From: 171529K(190976K)->158432K(158720K)
[365.267s][info][gc,heap        ] GC(117) ParOldGen: 5031516K(5549056K)->5137036K(5549056K)
[365.267s][info][gc,metaspace   ] GC(117) Metaspace: 28815K(29120K)->28815K(29120K) NonClass: 25715K(25856K)->25715K(25856K) Class: 3099K(3264K)->3099K(3264K)
[365.267s][info][gc             ] GC(117) Pause Young (Allocation Failure) 7435M->5171M(7928M) 100.651ms
[365.267s][info][gc,cpu         ] GC(117) User=0.59s Sys=0.00s Real=0.10s
.[366.697s][info][gc,start       ] GC(118) Pause Young (Allocation Failure)
[366.795s][info][gc,heap        ] GC(118) PSYoungGen: 2569440K(2569728K)->158592K(2605568K) Eden: 2411008K(2411008K)->0K(2415616K) From: 158432K(158720K)->158592K(189952K)
[366.795s][info][gc,heap        ] GC(118) ParOldGen: 5137036K(5549056K)->5242348K(5549056K)
[366.795s][info][gc,metaspace   ] GC(118) Metaspace: 28821K(29120K)->28821K(29120K) NonClass: 25721K(25856K)->25721K(25856K) Class: 3099K(3264K)->3099K(3264K)
[366.795s][info][gc             ] GC(118) Pause Young (Allocation Failure) 7525M->5274M(7963M) 97.783ms
[366.795s][info][gc,cpu         ] GC(118) User=0.58s Sys=0.01s Real=0.10s
..[368.192s][info][gc,start       ] GC(119) Pause Young (Allocation Failure)
[368.293s][info][gc,heap        ] GC(119) PSYoungGen: 2574208K(2605568K)->164587K(2602496K) Eden: 2415616K(2415616K)->0K(2415616K) From: 158592K(189952K)->164587K(186880K)
[368.293s][info][gc,heap        ] GC(119) ParOldGen: 5242348K(5549056K)->5347788K(5549056K)
[368.293s][info][gc,metaspace   ] GC(119) Metaspace: 28821K(29120K)->28821K(29120K) NonClass: 25721K(25856K)->25721K(25856K) Class: 3099K(3264K)->3099K(3264K)
[368.293s][info][gc             ] GC(119) Pause Young (Allocation Failure) 7633M->5383M(7960M) 101.609ms
[368.293s][info][gc,cpu         ] GC(119) User=0.60s Sys=0.00s Real=0.10s
.[369.726s][info][gc,start       ] GC(120) Pause Young (Allocation Failure)
[369.832s][info][gc,heap        ] GC(120) PSYoungGen: 2580203K(2602496K)->171584K(2603008K) Eden: 2415616K(2415616K)->0K(2417152K) From: 164587K(186880K)->171584K(185856K)
[369.832s][info][gc,heap        ] GC(120) ParOldGen: 5347788K(5549056K)->5453108K(5549056K)
[369.832s][info][gc,metaspace   ] GC(120) Metaspace: 28821K(29120K)->28821K(29120K) NonClass: 25721K(25856K)->25721K(25856K) Class: 3099K(3264K)->3099K(3264K)
[369.832s][info][gc             ] GC(120) Pause Young (Allocation Failure) 7742M->5492M(7961M) 105.938ms
[369.832s][info][gc,cpu         ] GC(120) User=0.61s Sys=0.00s Real=0.11s
..[371.208s][info][gc,start       ] GC(121) Pause Young (Allocation Failure)
[371.309s][info][gc,heap        ] GC(121) PSYoungGen: 2588736K(2603008K)->155264K(2605056K) Eden: 2417152K(2417152K)->0K(2417152K) From: 171584K(185856K)->155264K(187904K)
[371.309s][info][gc,heap        ] GC(121) ParOldGen: 5453108K(5549056K)->5557860K(5558272K)
[371.309s][info][gc,metaspace   ] GC(121) Metaspace: 28821K(29120K)->28821K(29120K) NonClass: 25721K(25856K)->25721K(25856K) Class: 3099K(3264K)->3099K(3264K)
[371.309s][info][gc             ] GC(121) Pause Young (Allocation Failure) 7853M->5579M(7972M) 100.993ms
[371.309s][info][gc,cpu         ] GC(121) User=0.58s Sys=0.01s Real=0.10s
.[372.726s][info][gc,start       ] GC(122) Pause Full (Allocation Failure)
[372.726s][info][gc,phases,start] GC(122) Marking Phase
[373.068s][info][gc,phases      ] GC(122) Marking Phase 341.672ms
[373.068s][info][gc,phases,start] GC(122) Summary Phase
[373.068s][info][gc,phases      ] GC(122) Summary Phase 0.114ms
[373.068s][info][gc,phases,start] GC(122) Forward
[373.247s][info][gc,phases      ] GC(122) Forward 179.430ms
[373.247s][info][gc,phases,start] GC(122) Adjust Pointers
[373.493s][info][gc,phases      ] GC(122) Adjust Pointers 245.701ms
[373.493s][info][gc,phases,start] GC(122) Compaction Phase
[373.688s][info][gc,phases      ] GC(122) Compaction Phase 194.744ms
[373.690s][info][gc,phases,start] GC(122) Post Compact
[373.697s][info][gc,phases      ] GC(122) Post Compact 7.779ms
[373.814s][info][gc,heap        ] GC(122) PSYoungGen: 2572416K(2605056K)->0K(2607616K) Eden: 2417152K(2417152K)->0K(2421760K) From: 155264K(187904K)->0K(185856K)
[373.814s][info][gc,heap        ] GC(122) ParOldGen: 5557860K(5558272K)->1479687K(1667584K)
[373.814s][info][gc,metaspace   ] GC(122) Metaspace: 28821K(29120K)->28821K(29120K) NonClass: 25721K(25856K)->25721K(25856K) Class: 3099K(3264K)->3099K(3264K)
[373.814s][info][gc             ] GC(122) Pause Full (Allocation Failure) 7939M->1445M(4175M) 1088.069ms
[373.814s][info][gc,cpu         ] GC(122) User=5.16s Sys=0.12s Real=1.09s
..[375.129s][info][gc,start       ] GC(123) Pause Young (Allocation Failure)
[375.203s][info][gc,heap        ] GC(123) PSYoungGen: 2421760K(2607616K)->173082K(2595328K) Eden: 2421760K(2421760K)->0K(2421760K) From: 0K(185856K)->173082K(173568K)
[375.203s][info][gc,heap        ] GC(123) ParOldGen: 1479687K(1667584K)->1479687K(1667584K)
[375.203s][info][gc,metaspace   ] GC(123) Metaspace: 28821K(29120K)->28821K(29120K) NonClass: 25721K(25856K)->25721K(25856K) Class: 3099K(3264K)->3099K(3264K)
[375.203s][info][gc             ] GC(123) Pause Young (Allocation Failure) 3810M->1614M(4163M) 73.699ms
[375.203s][info][gc,cpu         ] GC(123) User=0.43s Sys=0.01s Real=0.08s
 (rIR:aIR:PR = 11548:11241:11084) (tPR = 165267) [OK] 
   375s: Performing snapshot: (quiescence.....) (stop TxI) (stop BE) (saving... [383.113s][info][gc,start       ] GC(124) Pause Young (Allocation Failure)
[383.271s][info][gc,heap        ] GC(124) PSYoungGen: 2581733K(2595328K)->188384K(2335232K) Eden: 2408650K(2421760K)->0K(2146816K) From: 173082K(173568K)->188384K(188416K)
[383.271s][info][gc,heap        ] GC(124) ParOldGen: 1479687K(1667584K)->1829730K(1829888K)
[383.271s][info][gc,metaspace   ] GC(124) Metaspace: 28828K(29120K)->28828K(29120K) NonClass: 25729K(25856K)->25729K(25856K) Class: 3099K(3264K)->3099K(3264K)
[383.271s][info][gc             ] GC(124) Pause Young (Allocation Failure) 3966M->1970M(4067M) 157.661ms
[383.271s][info][gc,cpu         ] GC(124) User=0.89s Sys=0.05s Real=0.15s
224947 Kb) (term) [385.332s][info][gc,start       ] GC(125) Pause Full (System.gc())
[385.332s][info][gc,phases,start] GC(125) Marking Phase
[385.353s][info][gc,phases      ] GC(125) Marking Phase 21.211ms
[385.353s][info][gc,phases,start] GC(125) Summary Phase
[385.353s][info][gc,phases      ] GC(125) Summary Phase 0.029ms
[385.353s][info][gc,phases,start] GC(125) Forward
[385.355s][info][gc,phases      ] GC(125) Forward 2.068ms
[385.355s][info][gc,phases,start] GC(125) Adjust Pointers
[385.369s][info][gc,phases      ] GC(125) Adjust Pointers 13.524ms
[385.369s][info][gc,phases,start] GC(125) Compaction Phase
[385.401s][info][gc,phases      ] GC(125) Compaction Phase 31.622ms
[385.401s][info][gc,phases,start] GC(125) Post Compact
[385.403s][info][gc,phases      ] GC(125) Post Compact 2.280ms
[385.403s][info][gc,heap        ] GC(125) PSYoungGen: 647167K(2335232K)->0K(2335232K) Eden: 458783K(2146816K)->0K(2146816K) From: 188384K(188416K)->0K(188416K)
[385.403s][info][gc,heap        ] GC(125) ParOldGen: 1829730K(1829888K)->325111K(1829888K)
[385.403s][info][gc,metaspace   ] GC(125) Metaspace: 28829K(29120K)->28829K(29120K) NonClass: 25729K(25856K)->25729K(25856K) Class: 3099K(3264K)->3099K(3264K)
[385.403s][info][gc             ] GC(125) Pause Full (System.gc()) 2418M->317M(4067M) 71.043ms
[385.403s][info][gc,cpu         ] GC(125) User=0.37s Sys=0.00s Real=0.07s
(init[386.344s][info][gc,start       ] GC(126) Pause Young (Allocation Failure)
[386.642s][info][gc,heap        ] GC(126) PSYoungGen: 2146816K(2335232K)->324582K(2471424K) Eden: 2146816K(2146816K)->0K(2146816K) From: 0K(188416K)->324582K(324608K)
[386.642s][info][gc,heap        ] GC(126) ParOldGen: 325111K(1829888K)->666394K(1829888K)
[386.642s][info][gc,metaspace   ] GC(126) Metaspace: 28843K(29120K)->28843K(29120K) NonClass: 25741K(25856K)->25741K(25856K) Class: 3101K(3264K)->3101K(3264K)
[386.642s][info][gc             ] GC(126) Pause Young (Allocation Failure) 2413M->967M(4200M) 297.706ms
[386.642s][info][gc,cpu         ] GC(126) User=1.77s Sys=0.00s Real=0.30s
[387.965s][info][gc,start       ] GC(127) Pause Young (Allocation Failure)
[388.296s][info][gc,heap        ] GC(127) PSYoungGen: 2471398K(2471424K)->324577K(1715712K) Eden: 2146816K(2146816K)->0K(1391104K) From: 324582K(324608K)->324577K(324608K)
[388.296s][info][gc,heap        ] GC(127) ParOldGen: 666394K(1829888K)->1240596K(1829888K)
[388.296s][info][gc,metaspace   ] GC(127) Metaspace: 28851K(29120K)->28851K(29120K) NonClass: 25749K(25856K)->25749K(25856K) Class: 3102K(3264K)->3102K(3264K)
[388.296s][info][gc             ] GC(127) Pause Young (Allocation Failure) 3064M->1528M(3462M) 331.050ms
[388.296s][info][gc,cpu         ] GC(127) User=1.98s Sys=0.00s Real=0.33s
) ...
   391s:       rampup IR =      0 ... (rIR:aIR:PR = 0:0:0) (tPR = 0) [OK] 
   394s:       rampup IR =   1155 .... (rIR:aIR:PR = 1155:1134:1134) (tPR = 17916) [OK] 
   398s:       rampup IR =   2310 [399.156s][info][gc,start       ] GC(128) Pause Young (Allocation Failure)
[399.362s][info][gc,heap        ] GC(128) PSYoungGen: 1715681K(1715712K)->349200K(2093568K) Eden: 1391104K(1391104K)->0K(1391104K) From: 324577K(324608K)->349200K(702464K)
[399.362s][info][gc,heap        ] GC(128) ParOldGen: 1240596K(1829888K)->1543097K(1829888K)
[399.362s][info][gc,metaspace   ] GC(128) Metaspace: 28857K(29120K)->28857K(29120K) NonClass: 25755K(25856K)->25755K(25856K) Class: 3102K(3264K)->3102K(3264K)
[399.362s][info][gc             ] GC(128) Pause Young (Allocation Failure) 2886M->1847M(3831M) 205.965ms
[399.362s][info][gc,cpu         ] GC(128) User=1.22s Sys=0.01s Real=0.21s
....[403.183s][info][gc,start       ] GC(129) Pause Young (Allocation Failure)
[403.307s][info][gc,heap        ] GC(129) PSYoungGen: 1740304K(2093568K)->91120K(2072576K) Eden: 1391104K(1391104K)->0K(1416192K) From: 349200K(702464K)->91120K(656384K)
[403.307s][info][gc,heap        ] GC(129) ParOldGen: 1543097K(1829888K)->1834230K(1834496K)
[403.307s][info][gc,metaspace   ] GC(129) Metaspace: 28867K(29184K)->28867K(29184K) NonClass: 25765K(25920K)->25765K(25920K) Class: 3102K(3264K)->3102K(3264K)
[403.307s][info][gc             ] GC(129) Pause Young (Allocation Failure) 3206M->1880M(3815M) 123.963ms
[403.307s][info][gc,cpu         ] GC(129) User=0.73s Sys=0.00s Real=0.12s
... (rIR:aIR:PR = 2310:2374:2373) (tPR = 35918) [OK] 
   405s:       rampup IR =   3464 .[406.908s][info][gc,start       ] GC(130) Pause Young (Allocation Failure)
[406.984s][info][gc,heap        ] GC(130) PSYoungGen: 1507312K(2072576K)->109861K(2095616K) Eden: 1416192K(1416192K)->0K(1416192K) From: 91120K(656384K)->109861K(679424K)
[406.984s][info][gc,heap        ] GC(130) ParOldGen: 1834230K(1834496K)->1906174K(1906176K)
[406.984s][info][gc,metaspace   ] GC(130) Metaspace: 28867K(29184K)->28867K(29184K) NonClass: 25765K(25920K)->25765K(25920K) Class: 3102K(3264K)->3102K(3264K)
[406.984s][info][gc             ] GC(130) Pause Young (Allocation Failure) 3263M->1968M(3908M) 75.842ms
[406.984s][info][gc,cpu         ] GC(130) User=0.42s Sys=0.02s Real=0.08s
... (rIR:aIR:PR = 3464:3480:3480) (tPR = 50082) [OK] 
   409s:       rampup IR =   4619 [409.655s][info][gc,start       ] GC(131) Pause Young (Allocation Failure)
[409.725s][info][gc,heap        ] GC(131) PSYoungGen: 1526053K(2095616K)->97104K(2089472K) Eden: 1416192K(1416192K)->0K(1444864K) From: 109861K(679424K)->97104K(644608K)
[409.725s][info][gc,heap        ] GC(131) ParOldGen: 1906174K(1906176K)->1986158K(1986560K)
[409.725s][info][gc,metaspace   ] GC(131) Metaspace: 28870K(29184K)->28870K(29184K) NonClass: 25768K(25920K)->25768K(25920K) Class: 3102K(3264K)->3102K(3264K)
[409.725s][info][gc             ] GC(131) Pause Young (Allocation Failure) 3351M->2034M(3980M) 70.652ms
[409.725s][info][gc,cpu         ] GC(131) User=0.39s Sys=0.02s Real=0.07s
..[411.877s][info][gc,start       ] GC(132) Pause Young (Allocation Failure)
[411.944s][info][gc,heap        ] GC(132) PSYoungGen: 1541968K(2089472K)->99024K(2106880K) Eden: 1444864K(1444864K)->0K(1444864K) From: 97104K(644608K)->99024K(662016K)
[411.944s][info][gc,heap        ] GC(132) ParOldGen: 1986158K(1986560K)->2060455K(2060800K)
[411.944s][info][gc,metaspace   ] GC(132) Metaspace: 28870K(29184K)->28870K(29184K) NonClass: 25768K(25920K)->25768K(25920K) Class: 3102K(3264K)->3102K(3264K)
[411.944s][info][gc             ] GC(132) Pause Young (Allocation Failure) 3445M->2108M(4070M) 66.724ms
[411.944s][info][gc,cpu         ] GC(132) User=0.38s Sys=0.01s Real=0.07s
.. (rIR:aIR:PR = 4619:4620:4620) (tPR = 68855) [OK] 
   413s:       rampup IR =   5774 [414.010s][info][gc,start       ] GC(133) Pause Young (Allocation Failure)
[414.081s][info][gc,heap        ] GC(133) PSYoungGen: 1543888K(2106880K)->104928K(2094080K) Eden: 1444864K(1444864K)->0K(1485312K) From: 99024K(662016K)->104928K(608768K)
[414.081s][info][gc,heap        ] GC(133) ParOldGen: 2060455K(2060800K)->2138207K(2138624K)
[414.081s][info][gc,metaspace   ] GC(133) Metaspace: 28870K(29184K)->28870K(29184K) NonClass: 25768K(25920K)->25768K(25920K) Class: 3102K(3264K)->3102K(3264K)
[414.081s][info][gc             ] GC(133) Pause Young (Allocation Failure) 3519M->2190M(4133M) 71.538ms
[414.081s][info][gc,cpu         ] GC(133) User=0.40s Sys=0.02s Real=0.07s
..[415.839s][info][gc,start       ] GC(134) Pause Young (Allocation Failure)
[415.911s][info][gc,heap        ] GC(134) PSYoungGen: 1590240K(2094080K)->105136K(2116096K) Eden: 1485312K(1485312K)->0K(1485312K) From: 104928K(608768K)->105136K(630784K)
[415.911s][info][gc,heap        ] GC(134) ParOldGen: 2138207K(2138624K)->2216647K(2216960K)
[415.911s][info][gc,metaspace   ] GC(134) Metaspace: 28871K(29184K)->28871K(29184K) NonClass: 25769K(25920K)->25769K(25920K) Class: 3102K(3264K)->3102K(3264K)
[415.911s][info][gc             ] GC(134) Pause Young (Allocation Failure) 3641M->2267M(4231M) 71.653ms
[415.911s][info][gc,cpu         ] GC(134) User=0.40s Sys=0.03s Real=0.07s
.. (rIR:aIR:PR = 5774:5812:5814) (tPR = 85393) [OK] 
   417s:       rampup IR =   6929 [417.666s][info][gc,start       ] GC(135) Pause Young (Allocation Failure)
[417.736s][info][gc,heap        ] GC(135) PSYoungGen: 1590448K(2116096K)->101200K(2122752K) Eden: 1485312K(1485312K)->0K(1553920K) From: 105136K(630784K)->101200K(568832K)
[417.736s][info][gc,heap        ] GC(135) ParOldGen: 2216647K(2216960K)->2296655K(2296832K)
[417.736s][info][gc,metaspace   ] GC(135) Metaspace: 28873K(29184K)->28873K(29184K) NonClass: 25771K(25920K)->25771K(25920K) Class: 3102K(3264K)->3102K(3264K)
[417.736s][info][gc             ] GC(135) Pause Young (Allocation Failure) 3717M->2341M(4316M) 70.152ms
[417.736s][info][gc,cpu         ] GC(135) User=0.38s Sys=0.03s Real=0.07s
.[419.184s][info][gc,start       ] GC(136) Pause Young (Allocation Failure)
[419.257s][info][gc,heap        ] GC(136) PSYoungGen: 1655120K(2122752K)->106948K(2145280K) Eden: 1553920K(1553920K)->0K(1553920K) From: 101200K(568832K)->106948K(591360K)
[419.257s][info][gc,heap        ] GC(136) ParOldGen: 2296655K(2296832K)->2376863K(2377216K)
[419.257s][info][gc,metaspace   ] GC(136) Metaspace: 28874K(29184K)->28874K(29184K) NonClass: 25771K(25920K)->25771K(25920K) Class: 3102K(3264K)->3102K(3264K)
[419.257s][info][gc             ] GC(136) Pause Young (Allocation Failure) 3859M->2425M(4416M) 72.745ms
[419.257s][info][gc,cpu         ] GC(136) User=0.40s Sys=0.03s Real=0.07s
..[420.856s][info][gc,start       ] GC(137) Pause Young (Allocation Failure)
[420.930s][info][gc,heap        ] GC(137) PSYoungGen: 1660868K(2145280K)->112736K(2157568K) Eden: 1553920K(1553920K)->0K(1635840K) From: 106948K(591360K)->112736K(521728K)
[420.930s][info][gc,heap        ] GC(137) ParOldGen: 2376863K(2377216K)->2454651K(2455040K)
[420.930s][info][gc,metaspace   ] GC(137) Metaspace: 28876K(29184K)->28876K(29184K) NonClass: 25774K(25920K)->25774K(25920K) Class: 3102K(3264K)->3102K(3264K)
[420.930s][info][gc             ] GC(137) Pause Young (Allocation Failure) 3943M->2507M(4504M) 73.883ms
[420.930s][info][gc,cpu         ] GC(137) User=0.41s Sys=0.03s Real=0.07s
. (rIR:aIR:PR = 6929:6905:6899) (tPR = 101410) [OK] 
   421s:       rampup IR =   8084 .[422.415s][info][gc,start       ] GC(138) Pause Young (Allocation Failure)
[422.489s][info][gc,heap        ] GC(138) PSYoungGen: 1748576K(2157568K)->108736K(2181120K) Eden: 1635840K(1635840K)->0K(1635840K) From: 112736K(521728K)->108736K(545280K)
[422.489s][info][gc,heap        ] GC(138) ParOldGen: 2454651K(2455040K)->2539075K(2539520K)
[422.489s][info][gc,metaspace   ] GC(138) Metaspace: 28876K(29184K)->28876K(29184K) NonClass: 25774K(25920K)->25774K(25920K) Class: 3102K(3264K)->3102K(3264K)
[422.489s][info][gc             ] GC(138) Pause Young (Allocation Failure) 4104M->2585M(4610M) 74.080ms
[422.489s][info][gc,cpu         ] GC(138) User=0.41s Sys=0.02s Real=0.07s
.[423.845s][info][gc,start       ] GC(139) Pause Young (Allocation Failure)
[423.923s][info][gc,heap        ] GC(139) PSYoungGen: 1744576K(2181120K)->115776K(2201600K) Eden: 1635840K(1635840K)->0K(1728000K) From: 108736K(545280K)->115776K(473600K)
[423.923s][info][gc,heap        ] GC(139) ParOldGen: 2539075K(2539520K)->2623635K(2624000K)
[423.923s][info][gc,metaspace   ] GC(139) Metaspace: 28876K(29184K)->28876K(29184K) NonClass: 25774K(25920K)->25774K(25920K) Class: 3102K(3264K)->3102K(3264K)
[423.923s][info][gc             ] GC(139) Pause Young (Allocation Failure) 4183M->2675M(4712M) 78.032ms
[423.923s][info][gc,cpu         ] GC(139) User=0.43s Sys=0.03s Real=0.08s
.[425.322s][info][gc,start       ] GC(140) Pause Young (Allocation Failure)
[425.403s][info][gc,heap        ] GC(140) PSYoungGen: 1843776K(2201600K)->124672K(2226688K) Eden: 1728000K(1728000K)->0K(1728000K) From: 115776K(473600K)->124672K(498688K)
[425.403s][info][gc,heap        ] GC(140) ParOldGen: 2623635K(2624000K)->2706823K(2706944K)
[425.403s][info][gc,metaspace   ] GC(140) Metaspace: 28882K(29184K)->28882K(29184K) NonClass: 25779K(25920K)->25779K(25920K) Class: 3102K(3264K)->3102K(3264K)
[425.403s][info][gc             ] GC(140) Pause Young (Allocation Failure) 4362M->2765M(4818M) 80.892ms
[425.403s][info][gc,cpu         ] GC(140) User=0.45s Sys=0.03s Real=0.08s
. (rIR:aIR:PR = 8084:8042:8028) (tPR = 116099) [OK] 
   425s:       rampup IR =   9238 .[426.752s][info][gc,start       ] GC(141) Pause Young (Allocation Failure)
[426.836s][info][gc,heap        ] GC(141) PSYoungGen: 1852672K(2226688K)->130575K(2248704K) Eden: 1728000K(1728000K)->0K(1823232K) From: 124672K(498688K)->130575K(425472K)
[426.836s][info][gc,heap        ] GC(141) ParOldGen: 2706823K(2706944K)->2793343K(2793472K)
[426.836s][info][gc,metaspace   ] GC(141) Metaspace: 28884K(29184K)->28884K(29184K) NonClass: 25782K(25920K)->25782K(25920K) Class: 3102K(3264K)->3102K(3264K)
[426.836s][info][gc             ] GC(141) Pause Young (Allocation Failure) 4452M->2855M(4924M) 84.337ms
[426.836s][info][gc,cpu         ] GC(141) User=0.48s Sys=0.02s Real=0.08s
.[428.126s][info][gc,start       ] GC(142) Pause Young (Allocation Failure)
[428.209s][info][gc,heap        ] GC(142) PSYoungGen: 1953807K(2248704K)->124896K(2273280K) Eden: 1823232K(1823232K)->0K(1823232K) From: 130575K(425472K)->124896K(450048K)
[428.209s][info][gc,heap        ] GC(142) ParOldGen: 2793343K(2793472K)->2879167K(2879488K)
[428.209s][info][gc,metaspace   ] GC(142) Metaspace: 28884K(29184K)->28884K(29184K) NonClass: 25782K(25920K)->25782K(25920K) Class: 3102K(3264K)->3102K(3264K)
[428.209s][info][gc             ] GC(142) Pause Young (Allocation Failure) 4635M->2933M(5032M) 83.462ms
[428.209s][info][gc,cpu         ] GC(142) User=0.46s Sys=0.03s Real=0.08s
..[429.552s][info][gc,start       ] GC(143) Pause Young (Allocation Failure)
[429.631s][info][gc,heap        ] GC(143) PSYoungGen: 1948128K(2273280K)->118880K(2303488K) Eden: 1823232K(1823232K)->0K(1917952K) From: 124896K(450048K)->118880K(385536K)
[429.631s][info][gc,heap        ] GC(143) ParOldGen: 2879167K(2879488K)->2967439K(2967552K)
[429.631s][info][gc,metaspace   ] GC(143) Metaspace: 28884K(29184K)->28884K(29184K) NonClass: 25782K(25920K)->25782K(25920K) Class: 3102K(3264K)->3102K(3264K)
[429.631s][info][gc             ] GC(143) Pause Young (Allocation Failure) 4714M->3013M(5147M) 78.994ms
[429.631s][info][gc,cpu         ] GC(143) User=0.45s Sys=0.02s Real=0.08s
. (rIR:aIR:PR = 9238:9156:9155) (tPR = 134421) [OK] 
   430s:       rampup IR =  10393 [430.966s][info][gc,start       ] GC(144) Pause Young (Allocation Failure)
[431.053s][info][gc,heap        ] GC(144) PSYoungGen: 2036832K(2303488K)->137136K(2326016K) Eden: 1917952K(1917952K)->0K(1917952K) From: 118880K(385536K)->137136K(408064K)
[431.053s][info][gc,heap        ] GC(144) ParOldGen: 2967439K(2967552K)->3057015K(3057152K)
[431.053s][info][gc,metaspace   ] GC(144) Metaspace: 28886K(29184K)->28886K(29184K) NonClass: 25784K(25920K)->25784K(25920K) Class: 3102K(3264K)->3102K(3264K)
[431.053s][info][gc             ] GC(144) Pause Young (Allocation Failure) 4886M->3119M(5257M) 87.950ms
[431.054s][info][gc,cpu         ] GC(144) User=0.49s Sys=0.03s Real=0.09s
.[432.244s][info][gc,start       ] GC(145) Pause Young (Allocation Failure)
[432.334s][info][gc,heap        ] GC(145) PSYoungGen: 2055088K(2326016K)->144288K(2344448K) Eden: 1917952K(1917952K)->0K(2001920K) From: 137136K(408064K)->144288K(342528K)
[432.334s][info][gc,heap        ] GC(145) ParOldGen: 3057015K(3057152K)->3146087K(3146240K)
[432.334s][info][gc,metaspace   ] GC(145) Metaspace: 28886K(29184K)->28886K(29184K) NonClass: 25784K(25920K)->25784K(25920K) Class: 3102K(3264K)->3102K(3264K)
[432.334s][info][gc             ] GC(145) Pause Young (Allocation Failure) 4992M->3213M(5362M) 90.539ms
[432.334s][info][gc,cpu         ] GC(145) User=0.50s Sys=0.03s Real=0.09s
..[433.617s][info][gc,start       ] GC(146) Pause Young (Allocation Failure)
[433.711s][info][gc,heap        ] GC(146) PSYoungGen: 2146208K(2344448K)->148389K(2366464K) Eden: 2001920K(2001920K)->0K(2001920K) From: 144288K(342528K)->148389K(364544K)
[433.711s][info][gc,heap        ] GC(146) ParOldGen: 3146087K(3146240K)->3237767K(3237888K)
[433.711s][info][gc,metaspace   ] GC(146) Metaspace: 28887K(29184K)->28887K(29184K) NonClass: 25784K(25920K)->25784K(25920K) Class: 3102K(3264K)->3102K(3264K)
[433.711s][info][gc             ] GC(146) Pause Young (Allocation Failure) 5168M->3306M(5473M) 93.728ms
[433.711s][info][gc,cpu         ] GC(146) User=0.54s Sys=0.02s Real=0.09s
. (rIR:aIR:PR = 10393:10342:10362) (tPR = 158440) [OK] 
   434s:       rampup IR =  11548 [435.046s][info][gc,start       ] GC(147) Pause Young (Allocation Failure)
[435.140s][info][gc,heap        ] GC(147) PSYoungGen: 2150309K(2366464K)->147189K(2393088K) Eden: 2001920K(2001920K)->0K(2087424K) From: 148389K(364544K)->147189K(305664K)
[435.140s][info][gc,heap        ] GC(147) ParOldGen: 3237767K(3237888K)->3331863K(3332096K)
[435.140s][info][gc,metaspace   ] GC(147) Metaspace: 28893K(29184K)->28893K(29184K) NonClass: 25791K(25920K)->25791K(25920K) Class: 3102K(3264K)->3102K(3264K)
[435.140s][info][gc             ] GC(147) Pause Young (Allocation Failure) 5261M->3397M(5591M) 93.963ms
[435.140s][info][gc,cpu         ] GC(147) User=0.53s Sys=0.02s Real=0.09s
.[436.403s][info][gc,start       ] GC(148) Pause Young (Allocation Failure)
[436.497s][info][gc,heap        ] GC(148) PSYoungGen: 2234613K(2393088K)->149088K(2413056K) Eden: 2087424K(2087424K)->0K(2087424K) From: 147189K(305664K)->149088K(325632K)
[436.497s][info][gc,heap        ] GC(148) ParOldGen: 3331863K(3332096K)->3425372K(3425792K)
[436.497s][info][gc,metaspace   ] GC(148) Metaspace: 28893K(29184K)->28893K(29184K) NonClass: 25791K(25920K)->25791K(25920K) Class: 3102K(3264K)->3102K(3264K)
[436.497s][info][gc             ] GC(148) Pause Young (Allocation Failure) 5436M->3490M(5702M) 94.735ms
[436.497s][info][gc,cpu         ] GC(148) User=0.54s Sys=0.03s Real=0.09s
..[437.748s][info][gc,start       ] GC(149) Pause Young (Allocation Failure)
[437.837s][info][gc,heap        ] GC(149) PSYoungGen: 2236512K(2413056K)->133728K(2442752K) Eden: 2087424K(2087424K)->0K(2161664K) From: 149088K(325632K)->133728K(281088K)
[437.837s][info][gc,heap        ] GC(149) ParOldGen: 3425372K(3425792K)->3525404K(3525632K)
[437.837s][info][gc,metaspace   ] GC(149) Metaspace: 28893K(29184K)->28893K(29184K) NonClass: 25791K(25920K)->25791K(25920K) Class: 3102K(3264K)->3102K(3264K)
[437.837s][info][gc             ] GC(149) Pause Young (Allocation Failure) 5529M->3573M(5828M) 89.455ms
[437.837s][info][gc,cpu         ] GC(149) User=0.50s Sys=0.02s Real=0.09s
.[439.084s][info][gc,start       ] GC(150) Pause Young (Allocation Failure)
[439.181s][info][gc,heap        ] GC(150) PSYoungGen: 2295392K(2442752K)->159588K(2458112K) Eden: 2161664K(2161664K)->0K(2161664K) From: 133728K(281088K)->159588K(296448K)
[439.181s][info][gc,heap        ] GC(150) ParOldGen: 3525404K(3525632K)->3618088K(3618304K)
[439.181s][info][gc,metaspace   ] GC(150) Metaspace: 28894K(29184K)->28894K(29184K) NonClass: 25791K(25920K)->25791K(25920K) Class: 3102K(3264K)->3102K(3264K)
[439.181s][info][gc             ] GC(150) Pause Young (Allocation Failure) 5684M->3689M(5934M) 96.867ms
[439.181s][info][gc,cpu         ] GC(150) User=0.55s Sys=0.02s Real=0.09s
.[440.453s][info][gc,start       ] GC(151) Pause Young (Allocation Failure)
[440.592s][info][gc,heap        ] GC(151) PSYoungGen: 2321252K(2458112K)->137184K(2472960K) Eden: 2161664K(2161664K)->0K(2214400K) From: 159588K(296448K)->137184K(258560K)
[440.592s][info][gc,heap        ] GC(151) ParOldGen: 3618088K(3618304K)->3721456K(3721728K)
[440.592s][info][gc,metaspace   ] GC(151) Metaspace: 28895K(29184K)->28895K(29184K) NonClass: 25793K(25920K)->25793K(25920K) Class: 3102K(3264K)->3102K(3264K)
[440.592s][info][gc             ] GC(151) Pause Young (Allocation Failure) 5800M->3768M(6049M) 139.234ms
[440.592s][info][gc,cpu         ] GC(151) User=0.51s Sys=0.03s Real=0.14s
. (rIR:aIR:PR = 11548:11067:11022) (tPR = 158040) [OK] 
   440s:       trying IR =  11648 [441.899s][info][gc,start       ] GC(152) Pause Young (Allocation Failure)
[441.996s][info][gc,heap        ] GC(152) PSYoungGen: 2351584K(2472960K)->154677K(2488320K) Eden: 2214400K(2214400K)->0K(2214400K) From: 137184K(258560K)->154677K(273920K)
[441.996s][info][gc,heap        ] GC(152) ParOldGen: 3721456K(3721728K)->3817616K(3817984K)
[441.996s][info][gc,metaspace   ] GC(152) Metaspace: 28895K(29184K)->28895K(29184K) NonClass: 25793K(25920K)->25793K(25920K) Class: 3102K(3264K)->3102K(3264K)
[441.996s][info][gc             ] GC(152) Pause Young (Allocation Failure) 5930M->3879M(6158M) 97.806ms
[441.996s][info][gc,cpu         ] GC(152) User=0.55s Sys=0.02s Real=0.10s
..[443.316s][info][gc,start       ] GC(153) Pause Young (Allocation Failure)
[443.413s][info][gc,heap        ] GC(153) PSYoungGen: 2369077K(2488320K)->154816K(2497536K) Eden: 2214400K(2214400K)->0K(2258432K) From: 154677K(273920K)->154816K(239104K)
[443.413s][info][gc,heap        ] GC(153) ParOldGen: 3817616K(3817984K)->3914304K(3914752K)
[443.413s][info][gc,metaspace   ] GC(153) Metaspace: 28895K(29184K)->28895K(29184K) NonClass: 25793K(25920K)->25793K(25920K) Class: 3102K(3264K)->3102K(3264K)
[443.413s][info][gc             ] GC(153) Pause Young (Allocation Failure) 6041M->3973M(6262M) 97.049ms
[443.413s][info][gc,cpu         ] GC(153) User=0.54s Sys=0.03s Real=0.10s
.[444.731s][info][gc,start       ] GC(154) Pause Young (Allocation Failure)
[444.835s][info][gc,heap        ] GC(154) PSYoungGen: 2413248K(2497536K)->163877K(2512384K) Eden: 2258432K(2258432K)->0K(2258432K) From: 154816K(239104K)->163877K(253952K)
[444.835s][info][gc,heap        ] GC(154) ParOldGen: 3914304K(3914752K)->4016112K(4016128K)
[444.835s][info][gc,metaspace   ] GC(154) Metaspace: 28895K(29184K)->28895K(29184K) NonClass: 25793K(25920K)->25793K(25920K) Class: 3102K(3264K)->3102K(3264K)
[444.835s][info][gc             ] GC(154) Pause Young (Allocation Failure) 6179M->4082M(6375M) 103.874ms
[444.835s][info][gc,cpu         ] GC(154) User=0.59s Sys=0.03s Real=0.11s
.. (rIR:aIR:PR = 11648:11401:11390) (tPR = 166358) [OK] 
   445s:       trying IR =  11668 [446.162s][info][gc,start       ] GC(155) Pause Young (Allocation Failure)
[446.257s][info][gc,heap        ] GC(155) PSYoungGen: 2422309K(2512384K)->149280K(2518528K) Eden: 2258432K(2258432K)->0K(2293248K) From: 163877K(253952K)->149280K(225280K)
[446.257s][info][gc,heap        ] GC(155) ParOldGen: 4016112K(4016128K)->4117472K(4117504K)
[446.257s][info][gc,metaspace   ] GC(155) Metaspace: 28895K(29184K)->28895K(29184K) NonClass: 25793K(25920K)->25793K(25920K) Class: 3102K(3264K)->3102K(3264K)
[446.257s][info][gc             ] GC(155) Pause Young (Allocation Failure) 6287M->4166M(6480M) 95.637ms
[446.257s][info][gc,cpu         ] GC(155) User=0.53s Sys=0.03s Real=0.10s
.[447.619s][info][gc,start       ] GC(156) Pause Young (Allocation Failure)
[447.719s][info][gc,heap        ] GC(156) PSYoungGen: 2442528K(2518528K)->155840K(2532864K) Eden: 2293248K(2293248K)->0K(2293248K) From: 149280K(225280K)->155840K(239616K)
[447.719s][info][gc,heap        ] GC(156) ParOldGen: 4117472K(4117504K)->4215408K(4215808K)
[447.719s][info][gc,metaspace   ] GC(156) Metaspace: 28895K(29184K)->28895K(29184K) NonClass: 25793K(25920K)->25793K(25920K) Class: 3102K(3264K)->3102K(3264K)
[447.719s][info][gc             ] GC(156) Pause Young (Allocation Failure) 6406M->4268M(6590M) 99.671ms
[447.719s][info][gc,cpu         ] GC(156) User=0.55s Sys=0.04s Real=0.10s
.[449.064s][info][gc,start       ] GC(157) Pause Young (Allocation Failure)
[449.166s][info][gc,heap        ] GC(157) PSYoungGen: 2449088K(2532864K)->155204K(2534912K) Eden: 2293248K(2293248K)->0K(2323968K) From: 155840K(239616K)->155204K(210944K)
[449.166s][info][gc,heap        ] GC(157) ParOldGen: 4215408K(4215808K)->4321232K(4321280K)
[449.166s][info][gc,metaspace   ] GC(157) Metaspace: 28895K(29184K)->28895K(29184K) NonClass: 25793K(25920K)->25793K(25920K) Class: 3102K(3264K)->3102K(3264K)
[449.166s][info][gc             ] GC(157) Pause Young (Allocation Failure) 6508M->4371M(6695M) 101.309ms
[449.166s][info][gc,cpu         ] GC(157) User=0.55s Sys=0.04s Real=0.10s
..[450.574s][info][gc,start       ] GC(158) Pause Young (Allocation Failure)
[450.676s][info][gc,heap        ] GC(158) PSYoungGen: 2479172K(2534912K)->158761K(2549248K) Eden: 2323968K(2323968K)->0K(2323968K) From: 155204K(210944K)->158761K(225280K)
[450.676s][info][gc,heap        ] GC(158) ParOldGen: 4321232K(4321280K)->4421536K(4421632K)
[450.676s][info][gc,metaspace   ] GC(158) Metaspace: 28895K(29184K)->28895K(29184K) NonClass: 25793K(25920K)->25793K(25920K) Class: 3102K(3264K)->3102K(3264K)
[450.676s][info][gc             ] GC(158) Pause Young (Allocation Failure) 6641M->4472M(6807M) 102.452ms
[450.676s][info][gc,cpu         ] GC(158) User=0.57s Sys=0.03s Real=0.10s
.[452.018s][info][gc,start       ] GC(159) Pause Young (Allocation Failure)
[452.133s][info][gc,heap        ] GC(159) PSYoungGen: 2482729K(2549248K)->171898K(2566144K) Eden: 2323968K(2323968K)->0K(2350080K) From: 158761K(225280K)->171898K(216064K)
[452.133s][info][gc,heap        ] GC(159) ParOldGen: 4421536K(4421632K)->4523016K(4523520K)
[452.133s][info][gc,metaspace   ] GC(159) Metaspace: 28895K(29184K)->28895K(29184K) NonClass: 25793K(25920K)->25793K(25920K) Class: 3102K(3264K)->3102K(3264K)
[452.133s][info][gc             ] GC(159) Pause Young (Allocation Failure) 6742M->4584M(6923M) 115.201ms
[452.133s][info][gc,cpu         ] GC(159) User=0.62s Sys=0.06s Real=0.12s
.[453.560s][info][gc,start       ] GC(160) Pause Young (Allocation Failure)
[453.658s][info][gc,heap        ] GC(160) PSYoungGen: 2521978K(2566144K)->148464K(2570752K) Eden: 2350080K(2350080K)->0K(2350080K) From: 171898K(216064K)->148464K(220672K)
[453.658s][info][gc,heap        ] GC(160) ParOldGen: 4523016K(4523520K)->4630936K(4631040K)
[453.658s][info][gc,metaspace   ] GC(160) Metaspace: 28895K(29184K)->28895K(29184K) NonClass: 25793K(25920K)->25793K(25920K) Class: 3102K(3264K)->3102K(3264K)
[453.658s][info][gc             ] GC(160) Pause Young (Allocation Failure) 6879M->4667M(7033M) 98.527ms
[453.658s][info][gc,cpu         ] GC(160) User=0.55s Sys=0.03s Real=0.10s
..[455.012s][info][gc,start       ] GC(161) Pause Young (Allocation Failure)
[455.117s][info][gc,heap        ] GC(161) PSYoungGen: 2498544K(2570752K)->162707K(2569728K) Eden: 2350080K(2350080K)->0K(2359808K) From: 148464K(220672K)->162707K(209920K)
[455.117s][info][gc,heap        ] GC(161) ParOldGen: 4630936K(4631040K)->4732320K(4732416K)
[455.117s][info][gc,metaspace   ] GC(161) Metaspace: 28895K(29184K)->28895K(29184K) NonClass: 25793K(25920K)->25793K(25920K) Class: 3102K(3264K)->3102K(3264K)
[455.117s][info][gc             ] GC(161) Pause Young (Allocation Failure) 6962M->4780M(7131M) 104.655ms
[455.117s][info][gc,cpu         ] GC(161) User=0.59s Sys=0.02s Real=0.10s
.[456.485s][info][gc,start       ] GC(162) Pause Young (Allocation Failure)
[456.645s][info][gc,heap        ] GC(162) PSYoungGen: 2522515K(2569728K)->178395K(2572288K) Eden: 2359808K(2359808K)->0K(2359808K) From: 162707K(209920K)->178395K(212480K)
[456.645s][info][gc,heap        ] GC(162) ParOldGen: 4732320K(4732416K)->4837448K(4837888K)
[456.645s][info][gc,metaspace   ] GC(162) Metaspace: 28895K(29184K)->28895K(29184K) NonClass: 25793K(25920K)->25793K(25920K) Class: 3102K(3264K)->3102K(3264K)
[456.645s][info][gc             ] GC(162) Pause Young (Allocation Failure) 7084M->4898M(7236M) 160.325ms
[456.645s][info][gc,cpu         ] GC(162) User=0.64s Sys=0.03s Real=0.16s
.[457.971s][info][gc,start       ] GC(163) Pause Young (Allocation Failure)
[458.075s][info][gc,heap        ] GC(163) PSYoungGen: 2538203K(2572288K)->163136K(2578432K) Eden: 2359808K(2359808K)->0K(2368000K) From: 178395K(212480K)->163136K(210432K)
[458.075s][info][gc,heap        ] GC(163) ParOldGen: 4837448K(4837888K)->4940728K(4940800K)
[458.075s][info][gc,metaspace   ] GC(163) Metaspace: 28895K(29184K)->28895K(29184K) NonClass: 25793K(25920K)->25793K(25920K) Class: 3102K(3264K)->3102K(3264K)
[458.075s][info][gc             ] GC(163) Pause Young (Allocation Failure) 7202M->4984M(7343M) 103.999ms
[458.075s][info][gc,cpu         ] GC(163) User=0.57s Sys=0.04s Real=0.11s
..[459.482s][info][gc,start       ] GC(164) Pause Young (Allocation Failure)
[459.635s][info][gc,heap        ] GC(164) PSYoungGen: 2531136K(2578432K)->163942K(2579456K) Eden: 2368000K(2368000K)->0K(2368000K) From: 163136K(210432K)->163942K(211456K)
[459.635s][info][gc,heap        ] GC(164) ParOldGen: 4940728K(4940800K)->5045320K(5045760K)
[459.635s][info][gc,metaspace   ] GC(164) Metaspace: 28895K(29184K)->28895K(29184K) NonClass: 25793K(25920K)->25793K(25920K) Class: 3102K(3264K)->3102K(3264K)
[459.635s][info][gc             ] GC(164) Pause Young (Allocation Failure) 7296M->5087M(7446M) 153.404ms
[459.635s][info][gc,cpu         ] GC(164) User=0.59s Sys=0.04s Real=0.15s
.[460.970s][info][gc,start       ] GC(165) Pause Young (Allocation Failure)
[461.078s][info][gc,heap        ] GC(165) PSYoungGen: 2531942K(2579456K)->169179K(2583552K) Eden: 2368000K(2368000K)->0K(2375168K) From: 163942K(211456K)->169179K(208384K)
[461.078s][info][gc,heap        ] GC(165) ParOldGen: 5045320K(5045760K)->5147480K(5147648K)
[461.078s][info][gc,metaspace   ] GC(165) Metaspace: 28895K(29184K)->28895K(29184K) NonClass: 25793K(25920K)->25793K(25920K) Class: 3102K(3264K)->3102K(3264K)
[461.078s][info][gc             ] GC(165) Pause Young (Allocation Failure) 7399M->5192M(7550M) 107.800ms
[461.078s][info][gc,cpu         ] GC(165) User=0.60s Sys=0.03s Real=0.11s
. (rIR:aIR:PR = 11668:11136:11137) (tPR = 163734) [OK] 
   461s:       trying IR =  11692 .[462.521s][info][gc,start       ] GC(166) Pause Young (Allocation Failure)
[462.623s][info][gc,heap        ] GC(166) PSYoungGen: 2544347K(2583552K)->155764K(2582528K) Eden: 2375168K(2375168K)->0K(2375168K) From: 169179K(208384K)->155764K(207360K)
[462.623s][info][gc,heap        ] GC(166) ParOldGen: 5147480K(5147648K)->5250456K(5250560K)
[462.623s][info][gc,metaspace   ] GC(166) Metaspace: 28895K(29184K)->28895K(29184K) NonClass: 25793K(25920K)->25793K(25920K) Class: 3102K(3264K)->3102K(3264K)
[462.623s][info][gc             ] GC(166) Pause Young (Allocation Failure) 7511M->5279M(7649M) 101.696ms
[462.623s][info][gc,cpu         ] GC(166) User=0.57s Sys=0.02s Real=0.11s
.[463.999s][info][gc,start       ] GC(167) Pause Young (Allocation Failure)
[464.109s][info][gc,heap        ] GC(167) PSYoungGen: 2530932K(2582528K)->169300K(2584064K) Eden: 2375168K(2375168K)->0K(2380800K) From: 155764K(207360K)->169300K(203264K)
[464.109s][info][gc,heap        ] GC(167) ParOldGen: 5250456K(5250560K)->5355080K(5355520K)
[464.109s][info][gc,metaspace   ] GC(167) Metaspace: 28895K(29184K)->28895K(29184K) NonClass: 25793K(25920K)->25793K(25920K) Class: 3102K(3264K)->3102K(3264K)
[464.109s][info][gc             ] GC(167) Pause Young (Allocation Failure) 7599M->5394M(7753M) 109.397ms
[464.109s][info][gc,cpu         ] GC(167) User=0.62s Sys=0.02s Real=0.11s
..[465.441s][info][gc,start       ] GC(168) Pause Young (Allocation Failure)
[465.587s][info][gc,heap        ] GC(168) PSYoungGen: 2550100K(2584064K)->153504K(2583552K) Eden: 2380800K(2380800K)->0K(2380800K) From: 169300K(203264K)->153504K(202752K)
[465.587s][info][gc,heap        ] GC(168) ParOldGen: 5355080K(5355520K)->5456432K(5456896K)
[465.587s][info][gc,metaspace   ] GC(168) Metaspace: 28895K(29184K)->28895K(29184K) NonClass: 25793K(25920K)->25793K(25920K) Class: 3102K(3264K)->3102K(3264K)
[465.587s][info][gc             ] GC(168) Pause Young (Allocation Failure) 7719M->5478M(7852M) 146.380ms
[465.588s][info][gc,cpu         ] GC(168) User=0.56s Sys=0.03s Real=0.15s
.[466.965s][info][gc,start       ] GC(169) Pause Young (Allocation Failure)
[467.071s][info][gc,heap        ] GC(169) PSYoungGen: 2534304K(2583552K)->161472K(2590208K) Eden: 2380800K(2380800K)->0K(2393088K) From: 153504K(202752K)->161472K(197120K)
[467.071s][info][gc,heap        ] GC(169) ParOldGen: 5456432K(5456896K)->5565280K(5565440K)
[467.071s][info][gc,metaspace   ] GC(169) Metaspace: 28895K(29184K)->28895K(29184K) NonClass: 25793K(25920K)->25793K(25920K) Class: 3102K(3264K)->3102K(3264K)
[467.071s][info][gc             ] GC(169) Pause Young (Allocation Failure) 7803M->5592M(7964M) 106.618ms
[467.071s][info][gc,cpu         ] GC(169) User=0.61s Sys=0.03s Real=0.10s
. (rIR:aIR:PR = 11692:11317:11210) (tPR = 169260) [OK] 
   467s:       trying IR =  11721 [468.534s][info][gc,start       ] GC(170) Pause Full (Allocation Failure)
[468.534s][info][gc,phases,start] GC(170) Marking Phase
[468.841s][info][gc,phases      ] GC(170) Marking Phase 306.974ms
[468.841s][info][gc,phases,start] GC(170) Summary Phase
[468.841s][info][gc,phases      ] GC(170) Summary Phase 0.105ms
[468.841s][info][gc,phases,start] GC(170) Forward
[469.000s][info][gc,phases      ] GC(170) Forward 158.384ms
[469.000s][info][gc,phases,start] GC(170) Adjust Pointers
[469.235s][info][gc,phases      ] GC(170) Adjust Pointers 234.798ms
[469.235s][info][gc,phases,start] GC(170) Compaction Phase
[469.429s][info][gc,phases      ] GC(170) Compaction Phase 193.819ms
[469.431s][info][gc,phases,start] GC(170) Post Compact
[469.438s][info][gc,phases      ] GC(170) Post Compact 6.935ms
[469.553s][info][gc,heap        ] GC(170) PSYoungGen: 2554560K(2590208K)->0K(2589696K) Eden: 2393088K(2393088K)->0K(2393088K) From: 161472K(197120K)->0K(196608K)
[469.553s][info][gc,heap        ] GC(170) ParOldGen: 5565280K(5565440K)->1603116K(1807360K)
[469.553s][info][gc,metaspace   ] GC(170) Metaspace: 28895K(29184K)->28895K(29184K) NonClass: 25793K(25920K)->25793K(25920K) Class: 3102K(3264K)->3102K(3264K)
[469.553s][info][gc             ] GC(170) Pause Full (Allocation Failure) 7929M->1565M(4294M) 1019.190ms
[469.554s][info][gc,cpu         ] GC(170) User=4.87s Sys=0.12s Real=1.02s
..[470.898s][info][gc,start       ] GC(171) Pause Young (Allocation Failure)
[470.978s][info][gc,heap        ] GC(171) PSYoungGen: 2393088K(2589696K)->178206K(2593280K) Eden: 2393088K(2393088K)->0K(2396672K) From: 0K(196608K)->178206K(196608K)
[470.978s][info][gc,heap        ] GC(171) ParOldGen: 1603116K(1807360K)->1603116K(1807360K)
[470.978s][info][gc,metaspace   ] GC(171) Metaspace: 28896K(29184K)->28896K(29184K) NonClass: 25794K(25920K)->25794K(25920K) Class: 3102K(3264K)->3102K(3264K)
[470.978s][info][gc             ] GC(171) Pause Young (Allocation Failure) 3902M->1739M(4297M) 80.438ms
[470.978s][info][gc,cpu         ] GC(171) User=0.44s Sys=0.03s Real=0.08s
.[472.413s][info][gc,start       ] GC(172) Pause Young (Allocation Failure)
[472.509s][info][gc,heap        ] GC(172) PSYoungGen: 2574878K(2593280K)->155856K(2596352K) Eden: 2396672K(2396672K)->0K(2396672K) From: 178206K(196608K)->155856K(199680K)
[472.509s][info][gc,heap        ] GC(172) ParOldGen: 1603116K(1807360K)->1717740K(1807360K)
[472.509s][info][gc,metaspace   ] GC(172) Metaspace: 28896K(29184K)->28896K(29184K) NonClass: 25794K(25920K)->25794K(25920K) Class: 3102K(3264K)->3102K(3264K)
[472.509s][info][gc             ] GC(172) Pause Young (Allocation Failure) 4080M->1829M(4300M) 95.937ms
[472.509s][info][gc,cpu         ] GC(172) User=0.57s Sys=0.00s Real=0.09s
.[473.860s][info][gc,start       ] GC(173) Pause Young (Allocation Failure)
[473.955s][info][gc,heap        ] GC(173) PSYoungGen: 2552528K(2596352K)->167872K(2594304K) Eden: 2396672K(2396672K)->0K(2399744K) From: 155856K(199680K)->167872K(194560K)
[473.955s][info][gc,heap        ] GC(173) ParOldGen: 1717740K(1807360K)->1817540K(1817600K)
[473.955s][info][gc,metaspace   ] GC(173) Metaspace: 28896K(29184K)->28896K(29184K) NonClass: 25794K(25920K)->25794K(25920K) Class: 3102K(3264K)->3102K(3264K)
[473.955s][info][gc             ] GC(173) Pause Young (Allocation Failure) 4170M->1938M(4308M) 95.037ms
[473.955s][info][gc,cpu         ] GC(173) User=0.56s Sys=0.00s Real=0.10s
.[475.406s][info][gc,start       ] GC(174) Pause Young (Allocation Failure)
[475.508s][info][gc,heap        ] GC(174) PSYoungGen: 2567616K(2594304K)->160485K(2595328K) Eden: 2399744K(2399744K)->0K(2399744K) From: 167872K(194560K)->160485K(195584K)
[475.508s][info][gc,heap        ] GC(174) ParOldGen: 1817540K(1817600K)->1932844K(1933312K)
[475.508s][info][gc,metaspace   ] GC(174) Metaspace: 28896K(29184K)->28896K(29184K) NonClass: 25794K(25920K)->25794K(25920K) Class: 3102K(3264K)->3102K(3264K)
[475.508s][info][gc             ] GC(174) Pause Young (Allocation Failure) 4282M->2044M(4422M) 102.839ms
[475.509s][info][gc,cpu         ] GC(174) User=0.58s Sys=0.04s Real=0.10s
.[476.864s][info][gc,start       ] GC(175) Pause Young (Allocation Failure)
[476.965s][info][gc,heap        ] GC(175) PSYoungGen: 2560229K(2595328K)->175409K(2596352K) Eden: 2399744K(2399744K)->0K(2403840K) From: 160485K(195584K)->175409K(192512K)
[476.965s][info][gc,heap        ] GC(175) ParOldGen: 1932844K(1933312K)->2027452K(2027520K)
[476.965s][info][gc,metaspace   ] GC(175) Metaspace: 28896K(29184K)->28896K(29184K) NonClass: 25794K(25920K)->25794K(25920K) Class: 3102K(3264K)->3102K(3264K)
[476.965s][info][gc             ] GC(175) Pause Young (Allocation Failure) 4387M->2151M(4515M) 101.358ms
[476.965s][info][gc,cpu         ] GC(175) User=0.58s Sys=0.02s Real=0.10s
.[478.376s][info][gc,start       ] GC(176) Pause Young (Allocation Failure)
[478.485s][info][gc,heap        ] GC(176) PSYoungGen: 2579249K(2596352K)->180421K(2584576K) Eden: 2403840K(2403840K)->0K(2403840K) From: 175409K(192512K)->180421K(180736K)
[478.485s][info][gc,heap        ] GC(176) ParOldGen: 2027452K(2027520K)->2141428K(2141696K)
[478.485s][info][gc,metaspace   ] GC(176) Metaspace: 28896K(29184K)->28896K(29184K) NonClass: 25794K(25920K)->25794K(25920K) Class: 3102K(3264K)->3102K(3264K)
[478.485s][info][gc             ] GC(176) Pause Young (Allocation Failure) 4498M->2267M(4615M) 108.824ms
[478.485s][info][gc,cpu         ] GC(176) User=0.60s Sys=0.04s Real=0.11s
.[479.921s][info][gc,start       ] GC(177) Pause Young (Allocation Failure)
[480.017s][info][gc,heap        ] GC(177) PSYoungGen: 2584261K(2584576K)->153920K(2599424K) Eden: 2403840K(2403840K)->0K(2401280K) From: 180421K(180736K)->153920K(198144K)
[480.017s][info][gc,heap        ] GC(177) ParOldGen: 2141428K(2141696K)->2245692K(2246144K)
[480.017s][info][gc,metaspace   ] GC(177) Metaspace: 28900K(29184K)->28900K(29184K) NonClass: 25798K(25920K)->25798K(25920K) Class: 3102K(3264K)->3102K(3264K)
[480.017s][info][gc             ] GC(177) Pause Young (Allocation Failure) 4614M->2343M(4732M) 95.608ms
[480.017s][info][gc,cpu         ] GC(177) User=0.52s Sys=0.04s Real=0.10s
.[481.234s][info][gc,start       ] GC(178) Pause Young (Allocation Failure)
[481.338s][info][gc,heap        ] GC(178) PSYoungGen: 2555200K(2599424K)->180148K(2581504K) Eden: 2401280K(2401280K)->0K(2401280K) From: 153920K(198144K)->180148K(180224K)
[481.338s][info][gc,heap        ] GC(178) ParOldGen: 2245692K(2246144K)->2340584K(2340864K)
[481.338s][info][gc,metaspace   ] GC(178) Metaspace: 28900K(29184K)->28900K(29184K) NonClass: 25798K(25920K)->25798K(25920K) Class: 3102K(3264K)->3102K(3264K)
[481.338s][info][gc             ] GC(178) Pause Young (Allocation Failure) 4688M->2461M(4807M) 104.106ms
[481.338s][info][gc,cpu         ] GC(178) User=0.58s Sys=0.03s Real=0.10s
.[482.688s][info][gc,start       ] GC(179) Pause Young (Allocation Failure)
[482.806s][info][gc,heap        ] GC(179) PSYoungGen: 2581428K(2581504K)->193380K(2582528K) Eden: 2401280K(2401280K)->0K(2383360K) From: 180148K(180224K)->193380K(199168K)
[482.806s][info][gc,heap        ] GC(179) ParOldGen: 2340584K(2340864K)->2458248K(2458624K)
[482.806s][info][gc,metaspace   ] GC(179) Metaspace: 28900K(29184K)->28900K(29184K) NonClass: 25798K(25920K)->25798K(25920K) Class: 3102K(3264K)->3102K(3264K)
[482.806s][info][gc             ] GC(179) Pause Young (Allocation Failure) 4806M->2589M(4923M) 118.052ms
[482.807s][info][gc,cpu         ] GC(179) User=0.64s Sys=0.07s Real=0.12s
.[484.174s][info][gc,start       ] GC(180) Pause Young (Allocation Failure)
[484.280s][info][gc,heap        ] GC(180) PSYoungGen: 2576740K(2582528K)->172768K(2589696K) Eden: 2383360K(2383360K)->0K(2383360K) From: 193380K(199168K)->172768K(206336K)
[484.280s][info][gc,heap        ] GC(180) ParOldGen: 2458248K(2458624K)->2570896K(2571264K)
[484.280s][info][gc,metaspace   ] GC(180) Metaspace: 28900K(29184K)->28900K(29184K) NonClass: 25798K(25920K)->25798K(25920K) Class: 3102K(3264K)->3102K(3264K)
[484.280s][info][gc             ] GC(180) Pause Young (Allocation Failure) 4916M->2679M(5040M) 106.295ms
[484.280s][info][gc,cpu         ] GC(180) User=0.59s Sys=0.04s Real=0.10s
. (rIR:aIR:PR = 11721:11198:11603) (tPR = 172968) [OK] 
   484s:       trying IR =  11755 .[485.666s][info][gc,start       ] GC(181) Pause Young (Allocation Failure)
[485.762s][info][gc,heap        ] GC(181) PSYoungGen: 2556128K(2589696K)->161536K(2582528K) Eden: 2383360K(2383360K)->0K(2385408K) From: 172768K(206336K)->161536K(197120K)
[485.762s][info][gc,heap        ] GC(181) ParOldGen: 2570896K(2571264K)->2668944K(2669056K)
[485.762s][info][gc,metaspace   ] GC(181) Metaspace: 28901K(29184K)->28901K(29184K) NonClass: 25799K(25920K)->25799K(25920K) Class: 3102K(3264K)->3102K(3264K)
[485.762s][info][gc             ] GC(181) Pause Young (Allocation Failure) 5006M->2764M(5128M) 95.879ms
[485.762s][info][gc,cpu         ] GC(181) User=0.55s Sys=0.02s Real=0.10s
.[487.077s][info][gc,start       ] GC(182) Pause Young (Allocation Failure)
[487.181s][info][gc,heap        ] GC(182) PSYoungGen: 2546944K(2582528K)->165844K(2587136K) Eden: 2385408K(2385408K)->0K(2385408K) From: 161536K(197120K)->165844K(201728K)
[487.181s][info][gc,heap        ] GC(182) ParOldGen: 2668944K(2669056K)->2781008K(2781184K)
[487.181s][info][gc,metaspace   ] GC(182) Metaspace: 28901K(29184K)->28901K(29184K) NonClass: 25799K(25920K)->25799K(25920K) Class: 3102K(3264K)->3102K(3264K)
[487.181s][info][gc             ] GC(182) Pause Young (Allocation Failure) 5093M->2877M(5242M) 103.979ms
[487.181s][info][gc,cpu         ] GC(182) User=0.58s Sys=0.04s Real=0.10s
.[488.623s][info][gc,start       ] GC(183) Pause Young (Allocation Failure)
[488.725s][info][gc,heap        ] GC(183) PSYoungGen: 2551252K(2587136K)->166528K(2587648K) Eden: 2385408K(2385408K)->0K(2395648K) From: 165844K(201728K)->166528K(192000K)
[488.725s][info][gc,heap        ] GC(183) ParOldGen: 2781008K(2781184K)->2889216K(2889728K)
[488.725s][info][gc,metaspace   ] GC(183) Metaspace: 28901K(29184K)->28901K(29184K) NonClass: 25799K(25920K)->25799K(25920K) Class: 3102K(3264K)->3102K(3264K)
[488.725s][info][gc             ] GC(183) Pause Young (Allocation Failure) 5207M->2984M(5349M) 101.875ms
[488.725s][info][gc,cpu         ] GC(183) User=0.58s Sys=0.02s Real=0.10s
.[490.046s][info][gc,start       ] GC(184) Pause Young (Allocation Failure)
[490.150s][info][gc,heap        ] GC(184) PSYoungGen: 2562176K(2587648K)->172213K(2591744K) Eden: 2395648K(2395648K)->0K(2395648K) From: 166528K(192000K)->172213K(196096K)
[490.150s][info][gc,heap        ] GC(184) ParOldGen: 2889216K(2889728K)->2991120K(2991616K)
[490.150s][info][gc,metaspace   ] GC(184) Metaspace: 28901K(29184K)->28901K(29184K) NonClass: 25799K(25920K)->25799K(25920K) Class: 3102K(3264K)->3102K(3264K)
[490.150s][info][gc             ] GC(184) Pause Young (Allocation Failure) 5323M->3089M(5452M) 104.047ms
[490.150s][info][gc,cpu         ] GC(184) User=0.60s Sys=0.02s Real=0.10s
..[491.606s][info][gc,start       ] GC(185) Pause Young (Allocation Failure)
[491.719s][info][gc,heap        ] GC(185) PSYoungGen: 2567861K(2591744K)->186105K(2592768K) Eden: 2395648K(2395648K)->0K(2397696K) From: 172213K(196096K)->186105K(195072K)
[491.719s][info][gc,heap        ] GC(185) ParOldGen: 2991120K(2991616K)->3100360K(3100672K)
[491.719s][info][gc,metaspace   ] GC(185) Metaspace: 28901K(29184K)->28901K(29184K) NonClass: 25799K(25920K)->25799K(25920K) Class: 3102K(3264K)->3102K(3264K)
[491.719s][info][gc             ] GC(185) Pause Young (Allocation Failure) 5428M->3209M(5560M) 113.017ms
[491.719s][info][gc,cpu         ] GC(185) User=0.63s Sys=0.05s Real=0.11s
. (rIR:aIR:PR = 11755:11616:11543) (tPR = 171271) [OK] 
   492s:       trying IR =  11797 [493.001s][info][gc,start       ] GC(186) Pause Young (Allocation Failure)
[493.101s][info][gc,heap        ] GC(186) PSYoungGen: 2583801K(2592768K)->168832K(2596864K) Eden: 2397696K(2397696K)->0K(2397696K) From: 186105K(195072K)->168832K(199168K)
[493.101s][info][gc,heap        ] GC(186) ParOldGen: 3100360K(3100672K)->3201144K(3201536K)
[493.101s][info][gc,metaspace   ] GC(186) Metaspace: 28901K(29184K)->28901K(29184K) NonClass: 25799K(25920K)->25799K(25920K) Class: 3102K(3264K)->3102K(3264K)
[493.101s][info][gc             ] GC(186) Pause Young (Allocation Failure) 5550M->3290M(5662M) 100.151ms
[493.101s][info][gc,cpu         ] GC(186) User=0.56s Sys=0.03s Real=0.10s
.[494.418s][info][gc,start       ] GC(187) Pause Young (Allocation Failure)
[494.568s][info][gc,heap        ] GC(187) PSYoungGen: 2566528K(2596864K)->159830K(2593792K) Eden: 2397696K(2397696K)->0K(2400768K) From: 168832K(199168K)->159830K(193024K)
[494.568s][info][gc,heap        ] GC(187) ParOldGen: 3201144K(3201536K)->3311984K(3312128K)
[494.568s][info][gc,metaspace   ] GC(187) Metaspace: 28901K(29184K)->28901K(29184K) NonClass: 25799K(25920K)->25799K(25920K) Class: 3102K(3264K)->3102K(3264K)
[494.568s][info][gc             ] GC(187) Pause Young (Allocation Failure) 5632M->3390M(5767M) 150.841ms
[494.568s][info][gc,cpu         ] GC(187) User=0.58s Sys=0.03s Real=0.15s
.[495.943s][info][gc,start       ] GC(188) Pause Young (Allocation Failure)
[496.039s][info][gc,heap        ] GC(188) PSYoungGen: 2560598K(2593792K)->149728K(2595840K) Eden: 2400768K(2400768K)->0K(2400768K) From: 159830K(193024K)->149728K(195072K)
[496.039s][info][gc,heap        ] GC(188) ParOldGen: 3311984K(3312128K)->3421032K(3421184K)
[496.039s][info][gc,metaspace   ] GC(188) Metaspace: 28901K(29184K)->28901K(29184K) NonClass: 25799K(25920K)->25799K(25920K) Class: 3102K(3264K)->3102K(3264K)
[496.039s][info][gc             ] GC(188) Pause Young (Allocation Failure) 5734M->3487M(5876M) 96.218ms
[496.039s][info][gc,cpu         ] GC(188) User=0.53s Sys=0.03s Real=0.09s
.[497.390s][info][gc,start       ] GC(189) Pause Young (Allocation Failure)
[497.490s][info][gc,heap        ] GC(189) PSYoungGen: 2550496K(2595840K)->161952K(2597888K) Eden: 2400768K(2400768K)->0K(2404864K) From: 149728K(195072K)->161952K(193024K)
[497.490s][info][gc,heap        ] GC(189) ParOldGen: 3421032K(3421184K)->3522776K(3523072K)
[497.490s][info][gc,metaspace   ] GC(189) Metaspace: 28901K(29184K)->28901K(29184K) NonClass: 25799K(25920K)->25799K(25920K) Class: 3102K(3264K)->3102K(3264K)
[497.490s][info][gc             ] GC(189) Pause Young (Allocation Failure) 5831M->3598M(5977M) 100.265ms
[497.490s][info][gc,cpu         ] GC(189) User=0.56s Sys=0.03s Real=0.10s
.. (rIR:aIR:PR = 11797:11610:11458) (tPR = 171026) [OK] 
   498s:       trying IR =  11847 [498.988s][info][gc,start       ] GC(190) Pause Young (Allocation Failure)
[499.087s][info][gc,heap        ] GC(190) PSYoungGen: 2566816K(2597888K)->151040K(2598912K) Eden: 2404864K(2404864K)->0K(2404864K) From: 161952K(193024K)->151040K(194048K)
[499.087s][info][gc,heap        ] GC(190) ParOldGen: 3522776K(3523072K)->3631368K(3631616K)
[499.087s][info][gc,metaspace   ] GC(190) Metaspace: 28902K(29184K)->28902K(29184K) NonClass: 25800K(25920K)->25800K(25920K) Class: 3102K(3264K)->3102K(3264K)
[499.087s][info][gc             ] GC(190) Pause Young (Allocation Failure) 5946M->3693M(6084M) 98.339ms
[499.087s][info][gc,cpu         ] GC(190) User=0.56s Sys=0.02s Real=0.10s
.[500.415s][info][gc,start       ] GC(191) Pause Young (Allocation Failure)
[500.573s][info][gc,heap        ] GC(191) PSYoungGen: 2555904K(2598912K)->187979K(2591232K) Eden: 2404864K(2404864K)->0K(2397696K) From: 151040K(194048K)->187979K(193536K)
[500.573s][info][gc,heap        ] GC(191) ParOldGen: 3631368K(3631616K)->3728224K(3728384K)
[500.573s][info][gc,metaspace   ] GC(191) Metaspace: 28902K(29184K)->28902K(29184K) NonClass: 25800K(25920K)->25800K(25920K) Class: 3102K(3264K)->3102K(3264K)
[500.573s][info][gc             ] GC(191) Pause Young (Allocation Failure) 6042M->3824M(6171M) 158.165ms
[500.573s][info][gc,cpu         ] GC(191) User=0.63s Sys=0.03s Real=0.16s
.[501.957s][info][gc,start       ] GC(192) Pause Young (Allocation Failure)
[502.058s][info][gc,heap        ] GC(192) PSYoungGen: 2585675K(2591232K)->157824K(2596864K) Eden: 2397696K(2397696K)->0K(2397696K) From: 187979K(193536K)->157824K(199168K)
[502.058s][info][gc,heap        ] GC(192) ParOldGen: 3728224K(3728384K)->3838392K(3838464K)
[502.058s][info][gc,metaspace   ] GC(192) Metaspace: 28903K(29184K)->28903K(29184K) NonClass: 25801K(25920K)->25801K(25920K) Class: 3102K(3264K)->3102K(3264K)
[502.058s][info][gc             ] GC(192) Pause Young (Allocation Failure) 6165M->3902M(6284M) 100.454ms
[502.058s][info][gc,cpu         ] GC(192) User=0.55s Sys=0.04s Real=0.10s
..[503.442s][info][gc,start       ] GC(193) Pause Young (Allocation Failure)
[503.590s][info][gc,heap        ] GC(193) PSYoungGen: 2555520K(2596864K)->161108K(2591232K) Eden: 2397696K(2397696K)->0K(2399232K) From: 157824K(199168K)->161108K(192000K)
[503.590s][info][gc,heap        ] GC(193) ParOldGen: 3838392K(3838464K)->3941840K(3941888K)
[503.590s][info][gc,metaspace   ] GC(193) Metaspace: 28904K(29184K)->28904K(29184K) NonClass: 25802K(25920K)->25802K(25920K) Class: 3102K(3264K)->3102K(3264K)
[503.590s][info][gc             ] GC(193) Pause Young (Allocation Failure) 6244M->4006M(6380M) 147.825ms
[503.590s][info][gc,cpu         ] GC(193) User=0.58s Sys=0.02s Real=0.14s
.[504.908s][info][gc,start       ] GC(194) Pause Young (Allocation Failure)
[505.014s][info][gc,heap        ] GC(194) PSYoungGen: 2560340K(2591232K)->172660K(2594816K) Eden: 2399232K(2399232K)->0K(2399232K) From: 161108K(192000K)->172660K(195584K)
[505.014s][info][gc,heap        ] GC(194) ParOldGen: 3941840K(3941888K)->4046320K(4046336K)
[505.014s][info][gc,metaspace   ] GC(194) Metaspace: 28904K(29184K)->28904K(29184K) NonClass: 25802K(25920K)->25802K(25920K) Class: 3102K(3264K)->3102K(3264K)
[505.014s][info][gc             ] GC(194) Pause Young (Allocation Failure) 6349M->4120M(6485M) 106.124ms
[505.014s][info][gc,cpu         ] GC(194) User=0.60s Sys=0.03s Real=0.11s
.[506.302s][info][gc,start       ] GC(195) Pause Full (Diagnostic Command)
[506.302s][info][gc,phases,start] GC(195) Marking Phase
[506.660s][info][gc,phases      ] GC(195) Marking Phase 357.679ms
[506.660s][info][gc,phases,start] GC(195) Summary Phase
[506.660s][info][gc,phases      ] GC(195) Summary Phase 0.093ms
[506.660s][info][gc,phases,start] GC(195) Forward
[506.821s][info][gc,phases      ] GC(195) Forward 160.614ms
[506.821s][info][gc,phases,start] GC(195) Adjust Pointers
[507.056s][info][gc,phases      ] GC(195) Adjust Pointers 235.255ms
[507.056s][info][gc,phases,start] GC(195) Compaction Phase
[507.285s][info][gc,phases      ] GC(195) Compaction Phase 229.356ms
[507.289s][info][gc,phases,start] GC(195) Post Compact
[507.294s][info][gc,phases      ] GC(195) Post Compact 5.443ms
[507.294s][info][gc,heap        ] GC(195) PSYoungGen: 2208741K(2594816K)->0K(2594816K) Eden: 2036080K(2399232K)->0K(2399232K) From: 172660K(195584K)->0K(195584K)
[507.294s][info][gc,heap        ] GC(195) ParOldGen: 4046320K(4046336K)->1343425K(4046336K)
[507.294s][info][gc,metaspace   ] GC(195) Metaspace: 28904K(29184K)->28904K(29184K) NonClass: 25802K(25920K)->25802K(25920K) Class: 3102K(3264K)->3102K(3264K)
[507.294s][info][gc             ] GC(195) Pause Full (Diagnostic Command) 6108M->1311M(6485M) 991.900ms
[507.294s][info][gc,cpu         ] GC(195) User=5.19s Sys=0.01s Real=0.99s
.[508.609s][info][gc,start       ] GC(196) Pause Young (Allocation Failure)
[508.690s][info][gc,heap        ] GC(196) PSYoungGen: 2399232K(2594816K)->195051K(2585600K) Eden: 2399232K(2399232K)->0K(2390528K) From: 0K(195584K)->195051K(195072K)
[508.690s][info][gc,heap        ] GC(196) ParOldGen: 1343425K(4046336K)->1343697K(4046336K)
[508.690s][info][gc,metaspace   ] GC(196) Metaspace: 28904K(29184K)->28904K(29184K) NonClass: 25802K(25920K)->25802K(25920K) Class: 3102K(3264K)->3102K(3264K)
[508.690s][info][gc             ] GC(196) Pause Young (Allocation Failure) 3654M->1502M(6476M) 81.471ms
[508.690s][info][gc,cpu         ] GC(196) User=0.48s Sys=0.00s Real=0.08s
.[510.031s][info][gc,start       ] GC(197) Pause Young (Allocation Failure)
[510.134s][info][gc,heap        ] GC(197) PSYoungGen: 2585579K(2585600K)->166432K(2593280K) Eden: 2390528K(2390528K)->0K(2390528K) From: 195051K(195072K)->166432K(202752K)
[510.134s][info][gc,heap        ] GC(197) ParOldGen: 1343697K(4046336K)->1462375K(4046336K)
[510.134s][info][gc,metaspace   ] GC(197) Metaspace: 28904K(29184K)->28904K(29184K) NonClass: 25802K(25920K)->25802K(25920K) Class: 3102K(3264K)->3102K(3264K)
[510.134s][info][gc             ] GC(197) Pause Young (Allocation Failure) 3837M->1590M(6484M) 102.315ms
[510.134s][info][gc,cpu         ] GC(197) User=0.61s Sys=0.00s Real=0.11s
..[511.616s][info][gc,start       ] GC(198) Pause Young (Allocation Failure)
[511.713s][info][gc,heap        ] GC(198) PSYoungGen: 2556960K(2593280K)->155968K(2588672K) Eden: 2390528K(2390528K)->0K(2393088K) From: 166432K(202752K)->155968K(195584K)
[511.713s][info][gc,heap        ] GC(198) ParOldGen: 1462375K(4046336K)->1573471K(4046336K)
[511.713s][info][gc,metaspace   ] GC(198) Metaspace: 28904K(29184K)->28904K(29184K) NonClass: 25802K(25920K)->25802K(25920K) Class: 3102K(3264K)->3102K(3264K)
[511.713s][info][gc             ] GC(198) Pause Young (Allocation Failure) 3925M->1688M(6479M) 97.546ms
[511.713s][info][gc,cpu         ] GC(198) User=0.57s Sys=0.00s Real=0.10s
.[513.002s][info][gc,start       ] GC(199) Pause Young (Allocation Failure)
[513.098s][info][gc,heap        ] GC(199) PSYoungGen: 2549056K(2588672K)->168592K(2592256K) Eden: 2393088K(2393088K)->0K(2393088K) From: 155968K(195584K)->168592K(199168K)
[513.098s][info][gc,heap        ] GC(199) ParOldGen: 1573471K(4046336K)->1672555K(4046336K)
[513.098s][info][gc,metaspace   ] GC(199) Metaspace: 28904K(29184K)->28904K(29184K) NonClass: 25802K(25920K)->25802K(25920K) Class: 3102K(3264K)->3102K(3264K)
[513.098s][info][gc             ] GC(199) Pause Young (Allocation Failure) 4025M->1797M(6483M) 96.032ms
[513.098s][info][gc,cpu         ] GC(199) User=0.57s Sys=0.00s Real=0.09s
.[514.597s][info][gc,start       ] GC(200) Pause Young (Allocation Failure)
[514.695s][info][gc,heap        ] GC(200) PSYoungGen: 2561680K(2592256K)->160096K(2592768K) Eden: 2393088K(2393088K)->0K(2400256K) From: 168592K(199168K)->160096K(192512K)
[514.695s][info][gc,heap        ] GC(200) ParOldGen: 1672555K(4046336K)->1787011K(4046336K)
[514.695s][info][gc,metaspace   ] GC(200) Metaspace: 28904K(29184K)->28904K(29184K) NonClass: 25802K(25920K)->25802K(25920K) Class: 3102K(3264K)->3102K(3264K)
[514.695s][info][gc             ] GC(200) Pause Young (Allocation Failure) 4134M->1901M(6483M) 97.713ms
[514.695s][info][gc,cpu         ] GC(200) User=0.57s Sys=0.01s Real=0.10s
.[515.998s][info][gc,start       ] GC(201) Pause Young (Allocation Failure)
[516.095s][info][gc,heap        ] GC(201) PSYoungGen: 2560352K(2592768K)->169524K(2595328K) Eden: 2400256K(2400256K)->0K(2400256K) From: 160096K(192512K)->169524K(195072K)
[516.095s][info][gc,heap        ] GC(201) ParOldGen: 1787011K(4046336K)->1884311K(4046336K)
[516.095s][info][gc,metaspace   ] GC(201) Metaspace: 28904K(29184K)->28904K(29184K) NonClass: 25802K(25920K)->25802K(25920K) Class: 3102K(3264K)->3102K(3264K)
[516.095s][info][gc             ] GC(201) Pause Young (Allocation Failure) 4245M->2005M(6486M) 97.312ms
[516.095s][info][gc,cpu         ] GC(201) User=0.57s Sys=0.00s Real=0.10s
.[517.431s][info][gc,start       ] GC(202) Pause Young (Allocation Failure)
[517.583s][info][gc,heap        ] GC(202) PSYoungGen: 2569780K(2595328K)->179248K(2598912K) Eden: 2400256K(2400256K)->0K(2405888K) From: 169524K(195072K)->179248K(193024K)
[517.583s][info][gc,heap        ] GC(202) ParOldGen: 1884311K(4046336K)->1994535K(4046336K)
[517.583s][info][gc,metaspace   ] GC(202) Metaspace: 28904K(29184K)->28904K(29184K) NonClass: 25802K(25920K)->25802K(25920K) Class: 3102K(3264K)->3102K(3264K)
[517.583s][info][gc             ] GC(202) Pause Young (Allocation Failure) 4349M->2122M(6489M) 152.058ms
[517.583s][info][gc,cpu         ] GC(202) User=0.62s Sys=0.00s Real=0.16s
.[518.940s][info][gc,start       ] GC(203) Pause Young (Allocation Failure)
[519.041s][info][gc,heap        ] GC(203) PSYoungGen: 2585136K(2598912K)->175306K(2600960K) Eden: 2405888K(2405888K)->0K(2405888K) From: 179248K(193024K)->175306K(195072K)
[519.041s][info][gc,heap        ] GC(203) ParOldGen: 1994535K(4046336K)->2098799K(4046336K)
[519.041s][info][gc,metaspace   ] GC(203) Metaspace: 28904K(29184K)->28904K(29184K) NonClass: 25802K(25920K)->25802K(25920K) Class: 3102K(3264K)->3102K(3264K)
[519.041s][info][gc             ] GC(203) Pause Young (Allocation Failure) 4472M->2220M(6491M) 101.034ms
[519.042s][info][gc,cpu         ] GC(203) User=0.60s Sys=0.00s Real=0.10s
.[520.288s][info][gc,start       ] GC(204) Pause Young (Allocation Failure)
[520.391s][info][gc,heap        ] GC(204) PSYoungGen: 2581194K(2600960K)->182752K(2596864K) Eden: 2405888K(2405888K)->0K(2401792K) From: 175306K(195072K)->182752K(195072K)
[520.391s][info][gc,heap        ] GC(204) ParOldGen: 2098799K(4046336K)->2201511K(4046336K)
[520.391s][info][gc,metaspace   ] GC(204) Metaspace: 28904K(29184K)->28904K(29184K) NonClass: 25802K(25920K)->25802K(25920K) Class: 3102K(3264K)->3102K(3264K)
[520.391s][info][gc             ] GC(204) Pause Young (Allocation Failure) 4570M->2328M(6487M) 103.402ms
[520.391s][info][gc,cpu         ] GC(204) User=0.60s Sys=0.00s Real=0.10s
..[521.856s][info][gc,start       ] GC(205) Pause Young (Allocation Failure)
[521.953s][info][gc,heap        ] GC(205) PSYoungGen: 2584544K(2596864K)->154464K(2556416K) Eden: 2401792K(2401792K)->0K(2401792K) From: 182752K(195072K)->154464K(154624K)
[521.953s][info][gc,heap        ] GC(205) ParOldGen: 2201511K(4046336K)->2320951K(4046336K)
[521.953s][info][gc,metaspace   ] GC(205) Metaspace: 28904K(29184K)->28904K(29184K) NonClass: 25802K(25920K)->25802K(25920K) Class: 3102K(3264K)->3102K(3264K)
[521.953s][info][gc             ] GC(205) Pause Young (Allocation Failure) 4673M->2417M(6448M) 97.081ms
[521.953s][info][gc,cpu         ] GC(205) User=0.57s Sys=0.00s Real=0.10s
.[523.448s][info][gc,start       ] GC(206) Pause Young (Allocation Failure)
[523.586s][info][gc,heap        ] GC(206) PSYoungGen: 2556256K(2556416K)->149977K(2598400K) Eden: 2401792K(2401792K)->0K(2400768K) From: 154464K(154624K)->149977K(197632K)
[523.586s][info][gc,heap        ] GC(206) ParOldGen: 2320951K(4046336K)->2425975K(4046336K)
[523.586s][info][gc,metaspace   ] GC(206) Metaspace: 28904K(29184K)->28904K(29184K) NonClass: 25802K(25920K)->25802K(25920K) Class: 3102K(3264K)->3102K(3264K)
[523.586s][info][gc             ] GC(206) Pause Young (Allocation Failure) 4762M->2515M(6489M) 138.266ms
[523.586s][info][gc,cpu         ] GC(206) User=0.54s Sys=0.00s Real=0.14s
.[524.923s][info][gc,start       ] GC(207) Pause Young (Allocation Failure)
[525.022s][info][gc,heap        ] GC(207) PSYoungGen: 2550745K(2598400K)->175193K(2598400K) Eden: 2400768K(2400768K)->0K(2400768K) From: 149977K(197632K)->175193K(197632K)
[525.022s][info][gc,heap        ] GC(207) ParOldGen: 2425975K(4046336K)->2519879K(4046336K)
[525.022s][info][gc,metaspace   ] GC(207) Metaspace: 28904K(29184K)->28904K(29184K) NonClass: 25802K(25920K)->25802K(25920K) Class: 3102K(3264K)->3102K(3264K)
[525.022s][info][gc             ] GC(207) Pause Young (Allocation Failure) 4860M->2631M(6489M) 98.827ms
[525.022s][info][gc,cpu         ] GC(207) User=0.58s Sys=0.00s Real=0.10s
.[526.451s][info][gc,start       ] GC(208) Pause Young (Allocation Failure)
[526.598s][info][gc,heap        ] GC(208) PSYoungGen: 2575961K(2598400K)->166212K(2593280K) Eden: 2400768K(2400768K)->0K(2400768K) From: 175193K(197632K)->166212K(192512K)
[526.598s][info][gc,heap        ] GC(208) ParOldGen: 2519879K(4046336K)->2626719K(4046336K)
[526.598s][info][gc,metaspace   ] GC(208) Metaspace: 28904K(29184K)->28904K(29184K) NonClass: 25802K(25920K)->25802K(25920K) Class: 3102K(3264K)->3102K(3264K)
[526.598s][info][gc             ] GC(208) Pause Young (Allocation Failure) 4976M->2727M(6484M) 146.865ms
[526.598s][info][gc,cpu         ] GC(208) User=0.60s Sys=0.00s Real=0.15s
..[528.039s][info][gc,start       ] GC(209) Pause Young (Allocation Failure)
[528.139s][info][gc,heap        ] GC(209) PSYoungGen: 2566980K(2593280K)->175637K(2595840K) Eden: 2400768K(2400768K)->0K(2400768K) From: 166212K(192512K)->175637K(195072K)
[528.139s][info][gc,heap        ] GC(209) ParOldGen: 2626719K(4046336K)->2727191K(4046336K)
[528.140s][info][gc,metaspace   ] GC(209) Metaspace: 28905K(29184K)->28905K(29184K) NonClass: 25803K(25920K)->25803K(25920K) Class: 3102K(3264K)->3102K(3264K)
[528.140s][info][gc             ] GC(209) Pause Young (Allocation Failure) 5071M->2834M(6486M) 100.828ms
[528.140s][info][gc,cpu         ] GC(209) User=0.59s Sys=0.00s Real=0.10s
.[529.369s][info][gc,start       ] GC(210) Pause Young (Allocation Failure)
[529.468s][info][gc,heap        ] GC(210) PSYoungGen: 2576405K(2595840K)->170293K(2597888K) Eden: 2400768K(2400768K)->0K(2405888K) From: 175637K(195072K)->170293K(192000K)
[529.468s][info][gc,heap        ] GC(210) ParOldGen: 2727191K(4046336K)->2827307K(4046336K)
[529.468s][info][gc,metaspace   ] GC(210) Metaspace: 28905K(29184K)->28905K(29184K) NonClass: 25803K(25920K)->25803K(25920K) Class: 3102K(3264K)->3102K(3264K)
[529.468s][info][gc             ] GC(210) Pause Young (Allocation Failure) 5179M->2927M(6488M) 98.735ms
[529.468s][info][gc,cpu         ] GC(210) User=0.58s Sys=0.01s Real=0.10s
. (rIR:aIR:PR = 11847:11480:11077) (tPR = 162198) [PR is under limit] 
   530s: Re-initializing (term[530.819s][info][gc,start       ] GC(211) Pause Young (Allocation Failure)
[530.928s][info][gc,heap        ] GC(211) PSYoungGen: 2576181K(2597888K)->191168K(2597376K) Eden: 2405888K(2405888K)->0K(2405888K) From: 170293K(192000K)->191168K(191488K)
[530.928s][info][gc,heap        ] GC(211) ParOldGen: 2827307K(4046336K)->2940091K(4046336K)
[530.928s][info][gc,metaspace   ] GC(211) Metaspace: 28905K(29184K)->28905K(29184K) NonClass: 25803K(25920K)->25803K(25920K) Class: 3102K(3264K)->3102K(3264K)
[530.928s][info][gc             ] GC(211) Pause Young (Allocation Failure) 5276M->3057M(6488M) 109.350ms
[530.928s][info][gc,cpu         ] GC(211) User=0.65s Sys=0.00s Real=0.11s
[532.257s][info][gc,start       ] GC(212) Pause Young (Allocation Failure)
[532.366s][info][gc,heap        ] GC(212) PSYoungGen: 2597056K(2597376K)->182937K(2593280K) Eden: 2405888K(2405888K)->0K(2394624K) From: 191168K(191488K)->182937K(198656K)
[532.366s][info][gc,heap        ] GC(212) ParOldGen: 2940091K(4046336K)->3054979K(4046336K)
[532.366s][info][gc,metaspace   ] GC(212) Metaspace: 28905K(29184K)->28905K(29184K) NonClass: 25803K(25920K)->25803K(25920K) Class: 3102K(3264K)->3102K(3264K)
[532.366s][info][gc             ] GC(212) Pause Young (Allocation Failure) 5407M->3162M(6484M) 109.490ms
[532.366s][info][gc,cpu         ] GC(212) User=0.65s Sys=0.00s Real=0.11s
) [532.752s][info][gc,start       ] GC(213) Pause Full (System.gc())
[532.752s][info][gc,phases,start] GC(213) Marking Phase
[532.772s][info][gc,phases      ] GC(213) Marking Phase 20.509ms
[532.772s][info][gc,phases,start] GC(213) Summary Phase
[532.772s][info][gc,phases      ] GC(213) Summary Phase 0.052ms
[532.772s][info][gc,phases,start] GC(213) Forward
[532.776s][info][gc,phases      ] GC(213) Forward 3.369ms
[532.776s][info][gc,phases,start] GC(213) Adjust Pointers
[532.791s][info][gc,phases      ] GC(213) Adjust Pointers 15.475ms
[532.791s][info][gc,phases,start] GC(213) Compaction Phase
[532.803s][info][gc,phases      ] GC(213) Compaction Phase 11.325ms
[532.803s][info][gc,phases,start] GC(213) Post Compact
[532.806s][info][gc,phases      ] GC(213) Post Compact 3.458ms
[532.806s][info][gc,heap        ] GC(213) PSYoungGen: 946279K(2593280K)->0K(2593280K) Eden: 763341K(2394624K)->0K(2394624K) From: 182937K(198656K)->0K(198656K)
[532.806s][info][gc,heap        ] GC(213) ParOldGen: 3054979K(4046336K)->325371K(4046336K)
[532.806s][info][gc,metaspace   ] GC(213) Metaspace: 28905K(29184K)->28905K(29184K) NonClass: 25803K(25920K)->25803K(25920K) Class: 3102K(3264K)->3102K(3264K)
[532.806s][info][gc             ] GC(213) Pause Full (System.gc()) 3907M->317M(6484M) 54.430ms
[532.806s][info][gc,cpu         ] GC(213) User=0.21s Sys=0.00s Real=0.05s
(init[533.840s][info][gc,start       ] GC(214) Pause Young (Allocation Failure)
[534.178s][info][gc,heap        ] GC(214) PSYoungGen: 2394624K(2593280K)->200692K(2595328K) Eden: 2394624K(2394624K)->0K(2394624K) From: 0K(198656K)->200692K(200704K)
[534.178s][info][gc,heap        ] GC(214) ParOldGen: 325371K(4046336K)->885768K(4046336K)
[534.178s][info][gc,metaspace   ] GC(214) Metaspace: 28906K(29184K)->28906K(29184K) NonClass: 25804K(25920K)->25804K(25920K) Class: 3102K(3264K)->3102K(3264K)
[534.178s][info][gc             ] GC(214) Pause Young (Allocation Failure) 2656M->1060M(6486M) 338.347ms
[534.178s][info][gc,cpu         ] GC(214) User=2.02s Sys=0.00s Real=0.34s
) ... OK
   538s: Searching from base IR = 11797
   538s:       rampup IR =      0 ... (rIR:aIR:PR = 0:0:0) (tPR = 0) [OK] 
   541s:       rampup IR =   1180 [541.688s][info][gc,start       ] GC(215) Pause Young (Allocation Failure)
[542.076s][info][gc,heap        ] GC(215) PSYoungGen: 2595316K(2595328K)->200702K(1552896K) Eden: 2394624K(2394624K)->0K(1352192K) From: 200692K(200704K)->200702K(200704K)
[542.076s][info][gc,heap        ] GC(215) ParOldGen: 885768K(4046336K)->1793432K(4046336K)
[542.076s][info][gc,metaspace   ] GC(215) Metaspace: 28921K(29248K)->28921K(29248K) NonClass: 25818K(25984K)->25818K(25984K) Class: 3102K(3264K)->3102K(3264K)
[542.076s][info][gc             ] GC(215) Pause Young (Allocation Failure) 3399M->1947M(5468M) 388.144ms
[542.076s][info][gc,cpu         ] GC(215) User=2.31s Sys=0.00s Real=0.39s
.... (rIR:aIR:PR = 1180:1182:1182) (tPR = 18034) [OK] 
   545s:       rampup IR =   2359 ..[547.572s][info][gc,start       ] GC(216) Pause Young (Allocation Failure)
[547.678s][info][gc,heap        ] GC(216) PSYoungGen: 1552894K(1552896K)->91216K(2074112K) Eden: 1352192K(1352192K)->0K(1352192K) From: 200702K(200704K)->91216K(721920K)
[547.678s][info][gc,heap        ] GC(216) ParOldGen: 1793432K(4046336K)->1950466K(4046336K)
[547.678s][info][gc,metaspace   ] GC(216) Metaspace: 28926K(29248K)->28926K(29248K) NonClass: 25823K(25984K)->25823K(25984K) Class: 3102K(3264K)->3102K(3264K)
[547.678s][info][gc             ] GC(216) Pause Young (Allocation Failure) 3267M->1993M(5977M) 106.202ms
[547.678s][info][gc,cpu         ] GC(216) User=0.63s Sys=0.00s Real=0.10s
.. (rIR:aIR:PR = 2359:2357:2357) (tPR = 33479) [OK] 
   549s:       rampup IR =   3539 .[550.974s][info][gc,start       ] GC(217) Pause Young (Allocation Failure)
[551.044s][info][gc,heap        ] GC(217) PSYoungGen: 1443408K(2074112K)->94464K(2056192K) Eden: 1352192K(1352192K)->0K(1353728K) From: 91216K(721920K)->94464K(702464K)
[551.044s][info][gc,heap        ] GC(217) ParOldGen: 1950466K(4046336K)->2025715K(4046336K)
[551.044s][info][gc,metaspace   ] GC(217) Metaspace: 28926K(29248K)->28926K(29248K) NonClass: 25823K(25984K)->25823K(25984K) Class: 3102K(3264K)->3102K(3264K)
[551.044s][info][gc             ] GC(217) Pause Young (Allocation Failure) 3314M->2070M(5959M) 70.400ms
[551.044s][info][gc,cpu         ] GC(217) User=0.41s Sys=0.01s Real=0.07s
... (rIR:aIR:PR = 3539:3525:3520) (tPR = 52103) [OK] 
   553s:       rampup IR =   4719 [553.570s][info][gc,start       ] GC(218) Pause Young (Allocation Failure)
[553.638s][info][gc,heap        ] GC(218) PSYoungGen: 1448192K(2056192K)->95424K(2065920K) Eden: 1353728K(1353728K)->0K(1353728K) From: 94464K(702464K)->95424K(712192K)
[553.638s][info][gc,heap        ] GC(218) ParOldGen: 2025715K(4046336K)->2102588K(4046336K)
[553.638s][info][gc,metaspace   ] GC(218) Metaspace: 28926K(29248K)->28926K(29248K) NonClass: 25823K(25984K)->25823K(25984K) Class: 3102K(3264K)->3102K(3264K)
[553.638s][info][gc             ] GC(218) Pause Young (Allocation Failure) 3392M->2146M(5969M) 68.120ms
[553.638s][info][gc,cpu         ] GC(218) User=0.41s Sys=0.00s Real=0.07s
..[555.628s][info][gc,start       ] GC(219) Pause Young (Allocation Failure)
[555.694s][info][gc,heap        ] GC(219) PSYoungGen: 1449152K(2065920K)->98836K(2053120K) Eden: 1353728K(1353728K)->0K(1384448K) From: 95424K(712192K)->98836K(668672K)
[555.694s][info][gc,heap        ] GC(219) ParOldGen: 2102588K(4046336K)->2174912K(4046336K)
[555.694s][info][gc,metaspace   ] GC(219) Metaspace: 28926K(29248K)->28926K(29248K) NonClass: 25824K(25984K)->25824K(25984K) Class: 3102K(3264K)->3102K(3264K)
[555.694s][info][gc             ] GC(219) Pause Young (Allocation Failure) 3468M->2220M(5956M) 66.002ms
[555.694s][info][gc,cpu         ] GC(219) User=0.39s Sys=0.00s Real=0.07s
.. (rIR:aIR:PR = 4719:4793:4795) (tPR = 69988) [OK] 
   557s:       rampup IR =   5899 [557.652s][info][gc,start       ] GC(220) Pause Young (Allocation Failure)
[557.716s][info][gc,heap        ] GC(220) PSYoungGen: 1483284K(2053120K)->96400K(2066944K) Eden: 1384448K(1384448K)->0K(1384448K) From: 98836K(668672K)->96400K(682496K)
[557.716s][info][gc,heap        ] GC(220) ParOldGen: 2174912K(4046336K)->2250552K(4046336K)
[557.716s][info][gc,metaspace   ] GC(220) Metaspace: 28926K(29248K)->28926K(29248K) NonClass: 25824K(25984K)->25824K(25984K) Class: 3102K(3264K)->3102K(3264K)
[557.716s][info][gc             ] GC(220) Pause Young (Allocation Failure) 3572M->2291M(5970M) 64.124ms
[557.716s][info][gc,cpu         ] GC(220) User=0.38s Sys=0.00s Real=0.06s
.[559.331s][info][gc,start       ] GC(221) Pause Young (Allocation Failure)
[559.397s][info][gc,heap        ] GC(221) PSYoungGen: 1480848K(2066944K)->100976K(2075136K) Eden: 1384448K(1384448K)->0K(1450496K) From: 96400K(682496K)->100976K(624640K)
[559.397s][info][gc,heap        ] GC(221) ParOldGen: 2250552K(4046336K)->2326152K(4046336K)
[559.397s][info][gc,metaspace   ] GC(221) Metaspace: 28926K(29248K)->28926K(29248K) NonClass: 25824K(25984K)->25824K(25984K) Class: 3102K(3264K)->3102K(3264K)
[559.397s][info][gc             ] GC(221) Pause Young (Allocation Failure) 3643M->2370M(5978M) 65.603ms
[559.397s][info][gc,cpu         ] GC(221) User=0.39s Sys=0.01s Real=0.07s
..[561.059s][info][gc,start       ] GC(222) Pause Young (Allocation Failure)
[561.124s][info][gc,heap        ] GC(222) PSYoungGen: 1551472K(2075136K)->99536K(2091520K) Eden: 1450496K(1450496K)->0K(1450496K) From: 100976K(624640K)->99536K(641024K)
[561.125s][info][gc,heap        ] GC(222) ParOldGen: 2326152K(4046336K)->2403016K(4046336K)
[561.125s][info][gc,metaspace   ] GC(222) Metaspace: 28926K(29248K)->28926K(29248K) NonClass: 25824K(25984K)->25824K(25984K) Class: 3102K(3264K)->3102K(3264K)
[561.125s][info][gc             ] GC(222) Pause Young (Allocation Failure) 3786M->2443M(5994M) 65.285ms
[561.125s][info][gc,cpu         ] GC(222) User=0.38s Sys=0.00s Real=0.07s
. (rIR:aIR:PR = 5899:5897:5897) (tPR = 88091) [OK] 
   561s:       rampup IR =   7078 .[562.686s][info][gc,start       ] GC(223) Pause Young (Allocation Failure)
[562.754s][info][gc,heap        ] GC(223) PSYoungGen: 1550032K(2091520K)->101968K(2113536K) Eden: 1450496K(1450496K)->0K(1537024K) From: 99536K(641024K)->101968K(576512K)
[562.754s][info][gc,heap        ] GC(223) ParOldGen: 2403016K(4046336K)->2479824K(4046336K)
[562.754s][info][gc,metaspace   ] GC(223) Metaspace: 28926K(29248K)->28926K(29248K) NonClass: 25824K(25984K)->25824K(25984K) Class: 3102K(3264K)->3102K(3264K)
[562.754s][info][gc             ] GC(223) Pause Young (Allocation Failure) 3860M->2521M(6015M) 67.784ms
[562.754s][info][gc,cpu         ] GC(223) User=0.40s Sys=0.00s Real=0.07s
.[564.186s][info][gc,start       ] GC(224) Pause Young (Allocation Failure)
[564.254s][info][gc,heap        ] GC(224) PSYoungGen: 1638992K(2113536K)->105040K(2130944K) Eden: 1537024K(1537024K)->0K(1537024K) From: 101968K(576512K)->105040K(593920K)
[564.254s][info][gc,heap        ] GC(224) ParOldGen: 2479824K(4046336K)->2560337K(4046336K)
[564.254s][info][gc,metaspace   ] GC(224) Metaspace: 28926K(29248K)->28926K(29248K) NonClass: 25824K(25984K)->25824K(25984K) Class: 3102K(3264K)->3102K(3264K)
[564.254s][info][gc             ] GC(224) Pause Young (Allocation Failure) 4022M->2602M(6032M) 68.105ms
[564.254s][info][gc,cpu         ] GC(224) User=0.41s Sys=0.01s Real=0.07s
.. (rIR:aIR:PR = 7078:6986:6983) (tPR = 101178) [OK] 
   565s:       rampup IR =   8258 [565.742s][info][gc,start       ] GC(225) Pause Young (Allocation Failure)
[565.816s][info][gc,heap        ] GC(225) PSYoungGen: 1642064K(2130944K)->115936K(2155520K) Eden: 1537024K(1537024K)->0K(1633280K) From: 105040K(593920K)->115936K(522240K)
[565.816s][info][gc,heap        ] GC(225) ParOldGen: 2560337K(4046336K)->2639445K(4046336K)
[565.816s][info][gc,metaspace   ] GC(225) Metaspace: 28926K(29248K)->28926K(29248K) NonClass: 25824K(25984K)->25824K(25984K) Class: 3102K(3264K)->3102K(3264K)
[565.816s][info][gc             ] GC(225) Pause Young (Allocation Failure) 4103M->2690M(6056M) 73.526ms
[565.816s][info][gc,cpu         ] GC(225) User=0.43s Sys=0.00s Real=0.07s
.[567.145s][info][gc,start       ] GC(226) Pause Young (Allocation Failure)
[567.217s][info][gc,heap        ] GC(226) PSYoungGen: 1749216K(2155520K)->114320K(2174976K) Eden: 1633280K(1633280K)->0K(1633280K) From: 115936K(522240K)->114320K(541696K)
[567.217s][info][gc,heap        ] GC(226) ParOldGen: 2639445K(4046336K)->2718749K(4046336K)
[567.217s][info][gc,metaspace   ] GC(226) Metaspace: 28928K(29248K)->28928K(29248K) NonClass: 25825K(25984K)->25825K(25984K) Class: 3102K(3264K)->3102K(3264K)
[567.217s][info][gc             ] GC(226) Pause Young (Allocation Failure) 4285M->2766M(6075M) 72.061ms
[567.217s][info][gc,cpu         ] GC(226) User=0.43s Sys=0.00s Real=0.07s
..[568.609s][info][gc,start       ] GC(227) Pause Young (Allocation Failure)
[568.679s][info][gc,heap        ] GC(227) PSYoungGen: 1747600K(2174976K)->108064K(2213376K) Eden: 1633280K(1633280K)->0K(1738240K) From: 114320K(541696K)->108064K(475136K)
[568.679s][info][gc,heap        ] GC(227) ParOldGen: 2718749K(4046336K)->2803653K(4046336K)
[568.679s][info][gc,metaspace   ] GC(227) Metaspace: 28928K(29248K)->28928K(29248K) NonClass: 25825K(25984K)->25825K(25984K) Class: 3102K(3264K)->3102K(3264K)
[568.679s][info][gc             ] GC(227) Pause Young (Allocation Failure) 4361M->2843M(6113M) 70.010ms
[568.679s][info][gc,cpu         ] GC(227) User=0.41s Sys=0.00s Real=0.07s
. (rIR:aIR:PR = 8258:8196:8196) (tPR = 120119) [OK] 
   569s:       rampup IR =   9438 [570.001s][info][gc,start       ] GC(228) Pause Young (Allocation Failure)
[570.080s][info][gc,heap        ] GC(228) PSYoungGen: 1846304K(2213376K)->126220K(2230784K) Eden: 1738240K(1738240K)->0K(1738240K) From: 108064K(475136K)->126220K(492544K)
[570.080s][info][gc,heap        ] GC(228) ParOldGen: 2803653K(4046336K)->2887141K(4046336K)
[570.080s][info][gc,metaspace   ] GC(228) Metaspace: 28928K(29248K)->28928K(29248K) NonClass: 25825K(25984K)->25825K(25984K) Class: 3102K(3264K)->3102K(3264K)
[570.080s][info][gc             ] GC(228) Pause Young (Allocation Failure) 4540M->2942M(6130M) 79.063ms
[570.080s][info][gc,cpu         ] GC(228) User=0.47s Sys=0.00s Real=0.08s
.[571.352s][info][gc,start       ] GC(229) Pause Young (Allocation Failure)
[571.435s][info][gc,heap        ] GC(229) PSYoungGen: 1864460K(2230784K)->134867K(2259968K) Eden: 1738240K(1738240K)->0K(1837056K) From: 126220K(492544K)->134867K(422912K)
[571.435s][info][gc,heap        ] GC(229) ParOldGen: 2887141K(4046336K)->2973285K(4046336K)
[571.435s][info][gc,metaspace   ] GC(229) Metaspace: 28928K(29248K)->28928K(29248K) NonClass: 25825K(25984K)->25825K(25984K) Class: 3102K(3264K)->3102K(3264K)
[571.435s][info][gc             ] GC(229) Pause Young (Allocation Failure) 4640M->3035M(6158M) 83.734ms
[571.435s][info][gc,cpu         ] GC(229) User=0.50s Sys=0.00s Real=0.08s
..[572.723s][info][gc,start       ] GC(230) Pause Young (Allocation Failure)
[572.809s][info][gc,heap        ] GC(230) PSYoungGen: 1971923K(2259968K)->137508K(2277376K) Eden: 1837056K(1837056K)->0K(1837056K) From: 134867K(422912K)->137508K(440320K)
[572.809s][info][gc,heap        ] GC(230) ParOldGen: 2973285K(4046336K)->3061185K(4046336K)
[572.809s][info][gc,metaspace   ] GC(230) Metaspace: 28928K(29248K)->28928K(29248K) NonClass: 25825K(25984K)->25825K(25984K) Class: 3102K(3264K)->3102K(3264K)
[572.809s][info][gc             ] GC(230) Pause Young (Allocation Failure) 4829M->3123M(6175M) 86.255ms
[572.809s][info][gc,cpu         ] GC(230) User=0.51s Sys=0.00s Real=0.08s
.[574.166s][info][gc,start       ] GC(231) Pause Young (Allocation Failure)
[574.251s][info][gc,heap        ] GC(231) PSYoungGen: 1974564K(2277376K)->135924K(2317824K) Eden: 1837056K(1837056K)->0K(1939968K) From: 137508K(440320K)->135924K(377856K)
[574.251s][info][gc,heap        ] GC(231) ParOldGen: 3061185K(4046336K)->3149273K(4046336K)
[574.251s][info][gc,metaspace   ] GC(231) Metaspace: 28928K(29248K)->28928K(29248K) NonClass: 25825K(25984K)->25825K(25984K) Class: 3102K(3264K)->3102K(3264K)
[574.251s][info][gc             ] GC(231) Pause Young (Allocation Failure) 4917M->3208M(6215M) 85.098ms
[574.251s][info][gc,cpu         ] GC(231) User=0.50s Sys=0.00s Real=0.08s
. (rIR:aIR:PR = 9438:9321:9277) (tPR = 140520) [OK] 
   574s:       rampup IR =  10617 [575.500s][info][gc,start       ] GC(232) Pause Young (Allocation Failure)
[575.580s][info][gc,heap        ] GC(232) PSYoungGen: 2075892K(2317824K)->124640K(2333184K) Eden: 1939968K(1939968K)->0K(1939968K) From: 135924K(377856K)->124640K(393216K)
[575.580s][info][gc,heap        ] GC(232) ParOldGen: 3149273K(4046336K)->3240409K(4046336K)
[575.580s][info][gc,metaspace   ] GC(232) Metaspace: 28928K(29248K)->28928K(29248K) NonClass: 25826K(25984K)->25826K(25984K) Class: 3102K(3264K)->3102K(3264K)
[575.580s][info][gc             ] GC(232) Pause Young (Allocation Failure) 5102M->3286M(6230M) 80.123ms
[575.580s][info][gc,cpu         ] GC(232) User=0.47s Sys=0.00s Real=0.08s
..[576.829s][info][gc,start       ] GC(233) Pause Young (Allocation Failure)
[576.920s][info][gc,heap        ] GC(233) PSYoungGen: 2064608K(2333184K)->146949K(2363392K) Eden: 1939968K(1939968K)->0K(2028544K) From: 124640K(393216K)->146949K(334848K)
[576.920s][info][gc,heap        ] GC(233) ParOldGen: 3240409K(4046336K)->3335089K(4046336K)
[576.920s][info][gc,metaspace   ] GC(233) Metaspace: 28928K(29248K)->28928K(29248K) NonClass: 25826K(25984K)->25826K(25984K) Class: 3102K(3264K)->3102K(3264K)
[576.920s][info][gc             ] GC(233) Pause Young (Allocation Failure) 5180M->3400M(6259M) 91.198ms
[576.920s][info][gc,cpu         ] GC(233) User=0.54s Sys=0.00s Real=0.09s
.[578.162s][info][gc,start       ] GC(234) Pause Young (Allocation Failure)
[578.250s][info][gc,heap        ] GC(234) PSYoungGen: 2175493K(2363392K)->144128K(2381312K) Eden: 2028544K(2028544K)->0K(2028544K) From: 146949K(334848K)->144128K(352768K)
[578.250s][info][gc,heap        ] GC(234) ParOldGen: 3335089K(4046336K)->3428213K(4046336K)
[578.250s][info][gc,metaspace   ] GC(234) Metaspace: 28928K(29248K)->28928K(29248K) NonClass: 25826K(25984K)->25826K(25984K) Class: 3102K(3264K)->3102K(3264K)
[578.250s][info][gc             ] GC(234) Pause Young (Allocation Failure) 5381M->3488M(6277M) 88.379ms
[578.250s][info][gc,cpu         ] GC(234) User=0.53s Sys=0.01s Real=0.09s
.[579.608s][info][gc,start       ] GC(235) Pause Young (Allocation Failure)
[579.695s][info][gc,heap        ] GC(235) PSYoungGen: 2172672K(2381312K)->135175K(2412544K) Eden: 2028544K(2028544K)->0K(2109440K) From: 144128K(352768K)->135175K(303104K)
[579.695s][info][gc,heap        ] GC(235) ParOldGen: 3428213K(4046336K)->3521669K(4046336K)
[579.695s][info][gc,metaspace   ] GC(235) Metaspace: 28930K(29248K)->28930K(29248K) NonClass: 25828K(25984K)->25828K(25984K) Class: 3102K(3264K)->3102K(3264K)
[579.695s][info][gc             ] GC(235) Pause Young (Allocation Failure) 5469M->3571M(6307M) 87.304ms
[579.695s][info][gc,cpu         ] GC(235) User=0.52s Sys=0.00s Real=0.09s
. (rIR:aIR:PR = 10617:10419:10380) (tPR = 152569) [OK] 
   579s:       rampup IR =  11797 .[581.005s][info][gc,start       ] GC(236) Pause Young (Allocation Failure)
[581.099s][info][gc,heap        ] GC(236) PSYoungGen: 2244615K(2412544K)->150789K(2427392K) Eden: 2109440K(2109440K)->0K(2109440K) From: 135175K(303104K)->150789K(317952K)
[581.099s][info][gc,heap        ] GC(236) ParOldGen: 3521669K(4046336K)->3616205K(4046336K)
[581.099s][info][gc,metaspace   ] GC(236) Metaspace: 28930K(29248K)->28930K(29248K) NonClass: 25828K(25984K)->25828K(25984K) Class: 3102K(3264K)->3102K(3264K)
[581.099s][info][gc             ] GC(236) Pause Young (Allocation Failure) 5631M->3678M(6322M) 93.658ms
[581.099s][info][gc,cpu         ] GC(236) User=0.55s Sys=0.00s Real=0.09s
.[582.307s][info][gc,start       ] GC(237) Pause Young (Allocation Failure)
[582.397s][info][gc,heap        ] GC(237) PSYoungGen: 2260229K(2427392K)->152832K(2451968K) Eden: 2109440K(2109440K)->0K(2176512K) From: 150789K(317952K)->152832K(275456K)
[582.397s][info][gc,heap        ] GC(237) ParOldGen: 3616205K(4046336K)->3712149K(4046336K)
[582.397s][info][gc,metaspace   ] GC(237) Metaspace: 28930K(29248K)->28930K(29248K) NonClass: 25828K(25984K)->25828K(25984K) Class: 3102K(3264K)->3102K(3264K)
[582.397s][info][gc             ] GC(237) Pause Young (Allocation Failure) 5738M->3774M(6346M) 90.735ms
[582.397s][info][gc,cpu         ] GC(237) User=0.54s Sys=0.00s Real=0.09s
.[583.673s][info][gc,start       ] GC(238) Pause Young (Allocation Failure)
[583.765s][info][gc,heap        ] GC(238) PSYoungGen: 2329344K(2451968K)->146496K(2464256K) Eden: 2176512K(2176512K)->0K(2176512K) From: 152832K(275456K)->146496K(287744K)
[583.765s][info][gc,heap        ] GC(238) ParOldGen: 3712149K(4046336K)->3812481K(4046336K)
[583.765s][info][gc,metaspace   ] GC(238) Metaspace: 28930K(29248K)->28930K(29248K) NonClass: 25828K(25984K)->25828K(25984K) Class: 3102K(3264K)->3102K(3264K)
[583.765s][info][gc             ] GC(238) Pause Young (Allocation Failure) 5899M->3866M(6358M) 91.578ms
[583.765s][info][gc,cpu         ] GC(238) User=0.54s Sys=0.00s Real=0.09s
.[585.043s][info][gc,start       ] GC(239) Pause Young (Allocation Failure)
[585.137s][info][gc,heap        ] GC(239) PSYoungGen: 2323008K(2464256K)->152880K(2487808K) Eden: 2176512K(2176512K)->0K(2233856K) From: 146496K(287744K)->152880K(253952K)
[585.137s][info][gc,heap        ] GC(239) ParOldGen: 3812481K(4046336K)->3912273K(4046336K)
[585.137s][info][gc,metaspace   ] GC(239) Metaspace: 28930K(29248K)->28930K(29248K) NonClass: 25828K(25984K)->25828K(25984K) Class: 3102K(3264K)->3102K(3264K)
[585.137s][info][gc             ] GC(239) Pause Young (Allocation Failure) 5991M->3969M(6381M) 94.655ms
[585.137s][info][gc,cpu         ] GC(239) User=0.56s Sys=0.00s Real=0.09s
..[586.474s][info][gc,start       ] GC(240) Pause Young (Allocation Failure)
[586.617s][info][gc,heap        ] GC(240) PSYoungGen: 2386736K(2487808K)->161012K(2497536K) Eden: 2233856K(2233856K)->0K(2233856K) From: 152880K(253952K)->161012K(263680K)
[586.617s][info][gc,heap        ] GC(240) ParOldGen: 3912273K(4046336K)->4012113K(4046336K)
[586.617s][info][gc,metaspace   ] GC(240) Metaspace: 28930K(29248K)->28930K(29248K) NonClass: 25828K(25984K)->25828K(25984K) Class: 3102K(3264K)->3102K(3264K)
[586.617s][info][gc             ] GC(240) Pause Young (Allocation Failure) 6151M->4075M(6390M) 143.304ms
[586.617s][info][gc,cpu         ] GC(240) User=0.58s Sys=0.00s Real=0.14s
.[587.961s][info][gc,start       ] GC(241) Pause Young (Allocation Failure)
[588.056s][info][gc,heap        ] GC(241) PSYoungGen: 2394868K(2497536K)->148404K(2509312K) Eden: 2233856K(2233856K)->0K(2275840K) From: 161012K(263680K)->148404K(233472K)
[588.056s][info][gc,heap        ] GC(241) ParOldGen: 4012113K(4046336K)->4114601K(4114944K)
[588.056s][info][gc,metaspace   ] GC(241) Metaspace: 28930K(29248K)->28930K(29248K) NonClass: 25828K(25984K)->25828K(25984K) Class: 3102K(3264K)->3102K(3264K)
[588.056s][info][gc             ] GC(241) Pause Young (Allocation Failure) 6256M->4163M(6469M) 95.919ms
[588.057s][info][gc,cpu         ] GC(241) User=0.55s Sys=0.02s Real=0.10s
.[589.341s][info][gc,start       ] GC(242) Pause Young (Allocation Failure)
[589.443s][info][gc,heap        ] GC(242) PSYoungGen: 2424244K(2509312K)->167473K(2522112K) Eden: 2275840K(2275840K)->0K(2275840K) From: 148404K(233472K)->167473K(246272K)
[589.443s][info][gc,heap        ] GC(242) ParOldGen: 4114601K(4114944K)->4208553K(4208640K)
[589.443s][info][gc,metaspace   ] GC(242) Metaspace: 28930K(29248K)->28930K(29248K) NonClass: 25828K(25984K)->25828K(25984K) Class: 3102K(3264K)->3102K(3264K)
[589.443s][info][gc             ] GC(242) Pause Young (Allocation Failure) 6385M->4273M(6573M) 102.067ms
[589.443s][info][gc,cpu         ] GC(242) User=0.58s Sys=0.03s Real=0.11s
..[590.786s][info][gc,start       ] GC(243) Pause Young (Allocation Failure)
[590.886s][info][gc,heap        ] GC(243) PSYoungGen: 2443313K(2522112K)->159097K(2533376K) Eden: 2275840K(2275840K)->0K(2306560K) From: 167473K(246272K)->159097K(226816K)
[590.886s][info][gc,heap        ] GC(243) ParOldGen: 4208553K(4208640K)->4312441K(4312576K)
[590.886s][info][gc,metaspace   ] GC(243) Metaspace: 28930K(29248K)->28930K(29248K) NonClass: 25828K(25984K)->25828K(25984K) Class: 3102K(3264K)->3102K(3264K)
[590.886s][info][gc             ] GC(243) Pause Young (Allocation Failure) 6495M->4366M(6685M) 100.839ms
[590.886s][info][gc,cpu         ] GC(243) User=0.56s Sys=0.05s Real=0.10s
.[592.271s][info][gc,start       ] GC(244) Pause Young (Allocation Failure)
[592.369s][info][gc,heap        ] GC(244) PSYoungGen: 2465657K(2533376K)->148800K(2543104K) Eden: 2306560K(2306560K)->0K(2306560K) From: 159097K(226816K)->148800K(236544K)
[592.369s][info][gc,heap        ] GC(244) ParOldGen: 4312441K(4312576K)->4419697K(4420096K)
[592.369s][info][gc,metaspace   ] GC(244) Metaspace: 28930K(29248K)->28930K(29248K) NonClass: 25828K(25984K)->25828K(25984K) Class: 3102K(3264K)->3102K(3264K)
[592.369s][info][gc             ] GC(244) Pause Young (Allocation Failure) 6619M->4461M(6800M) 98.188ms
[592.369s][info][gc,cpu         ] GC(244) User=0.56s Sys=0.02s Real=0.10s
.[593.676s][info][gc,start       ] GC(245) Pause Young (Allocation Failure)
[593.774s][info][gc,heap        ] GC(245) PSYoungGen: 2455360K(2543104K)->152288K(2542080K) Eden: 2306560K(2306560K)->0K(2330624K) From: 148800K(236544K)->152288K(211456K)
[593.774s][info][gc,heap        ] GC(245) ParOldGen: 4419697K(4420096K)->4514577K(4514816K)
[593.774s][info][gc,metaspace   ] GC(245) Metaspace: 28930K(29248K)->28930K(29248K) NonClass: 25828K(25984K)->25828K(25984K) Class: 3102K(3264K)->3102K(3264K)
[593.774s][info][gc             ] GC(245) Pause Young (Allocation Failure) 6713M->4557M(6891M) 97.500ms
[593.774s][info][gc,cpu         ] GC(245) User=0.53s Sys=0.05s Real=0.10s
.[595.182s][info][gc,start       ] GC(246) Pause Young (Allocation Failure)
[595.287s][info][gc,heap        ] GC(246) PSYoungGen: 2482912K(2542080K)->151557K(2551808K) Eden: 2330624K(2330624K)->0K(2330624K) From: 152288K(211456K)->151557K(221184K)
[595.287s][info][gc,heap        ] GC(246) ParOldGen: 4514577K(4514816K)->4624265K(4624384K)
[595.287s][info][gc,metaspace   ] GC(246) Metaspace: 28930K(29248K)->28930K(29248K) NonClass: 25828K(25984K)->25828K(25984K) Class: 3102K(3264K)->3102K(3264K)
[595.287s][info][gc             ] GC(246) Pause Young (Allocation Failure) 6833M->4663M(7008M) 104.318ms
[595.287s][info][gc,cpu         ] GC(246) User=0.59s Sys=0.03s Real=0.10s
..[596.674s][info][gc,start       ] GC(247) Pause Young (Allocation Failure)
[596.779s][info][gc,heap        ] GC(247) PSYoungGen: 2482181K(2551808K)->162112K(2566656K) Eden: 2330624K(2330624K)->0K(2360320K) From: 151557K(221184K)->162112K(206336K)
[596.779s][info][gc,heap        ] GC(247) ParOldGen: 4624265K(4624384K)->4720177K(4720640K)
[596.779s][info][gc,metaspace   ] GC(247) Metaspace: 28930K(29248K)->28930K(29248K) NonClass: 25828K(25984K)->25828K(25984K) Class: 3102K(3264K)->3102K(3264K)
[596.779s][info][gc             ] GC(247) Pause Young (Allocation Failure) 6939M->4767M(7116M) 105.893ms
[596.779s][info][gc,cpu         ] GC(247) User=0.58s Sys=0.05s Real=0.10s
.[598.148s][info][gc,start       ] GC(248) Pause Young (Allocation Failure)
[598.251s][info][gc,heap        ] GC(248) PSYoungGen: 2522432K(2566656K)->159909K(2572288K) Eden: 2360320K(2360320K)->0K(2360320K) From: 162112K(206336K)->159909K(211968K)
[598.251s][info][gc,heap        ] GC(248) ParOldGen: 4720177K(4720640K)->4821473K(4821504K)
[598.251s][info][gc,metaspace   ] GC(248) Metaspace: 28930K(29248K)->28930K(29248K) NonClass: 25828K(25984K)->25828K(25984K) Class: 3102K(3264K)->3102K(3264K)
[598.251s][info][gc             ] GC(248) Pause Young (Allocation Failure) 7072M->4864M(7220M) 103.111ms
[598.251s][info][gc,cpu         ] GC(248) User=0.58s Sys=0.03s Real=0.10s
.[599.661s][info][gc,start       ] GC(249) Pause Young (Allocation Failure)
[599.766s][info][gc,heap        ] GC(249) PSYoungGen: 2520229K(2572288K)->163072K(2577920K) Eden: 2360320K(2360320K)->0K(2375680K) From: 159909K(211968K)->163072K(202240K)
[599.766s][info][gc,heap        ] GC(249) ParOldGen: 4821473K(4821504K)->4926457K(4926464K)
[599.766s][info][gc,metaspace   ] GC(249) Metaspace: 28930K(29248K)->28930K(29248K) NonClass: 25828K(25984K)->25828K(25984K) Class: 3102K(3264K)->3102K(3264K)
[599.766s][info][gc             ] GC(249) Pause Young (Allocation Failure) 7169M->4970M(7328M) 105.530ms
[599.766s][info][gc,cpu         ] GC(249) User=0.58s Sys=0.05s Real=0.11s
.[601.118s][info][gc,start       ] GC(250) Pause Young (Allocation Failure)
[601.226s][info][gc,heap        ] GC(250) PSYoungGen: 2538752K(2577920K)->170425K(2582016K) Eden: 2375680K(2375680K)->0K(2375680K) From: 163072K(202240K)->170425K(206336K)
[601.226s][info][gc,heap        ] GC(250) ParOldGen: 4926457K(4926464K)->5031177K(5031424K)
[601.226s][info][gc,metaspace   ] GC(250) Metaspace: 28930K(29248K)->28930K(29248K) NonClass: 25828K(25984K)->25828K(25984K) Class: 3102K(3264K)->3102K(3264K)
[601.226s][info][gc             ] GC(250) Pause Young (Allocation Failure) 7290M->5079M(7435M) 107.895ms
[601.226s][info][gc,cpu         ] GC(250) User=0.61s Sys=0.02s Real=0.11s
.[602.633s][info][gc,start       ] GC(251) Pause Young (Allocation Failure)
[602.747s][info][gc,heap        ] GC(251) PSYoungGen: 2546105K(2582016K)->176521K(2584576K) Eden: 2375680K(2375680K)->0K(2377216K) From: 170425K(206336K)->176521K(207360K)
[602.747s][info][gc,heap        ] GC(251) ParOldGen: 5031177K(5031424K)->5137057K(5137408K)
[602.747s][info][gc,metaspace   ] GC(251) Metaspace: 28930K(29248K)->28930K(29248K) NonClass: 25828K(25984K)->25828K(25984K) Class: 3102K(3264K)->3102K(3264K)
[602.747s][info][gc             ] GC(251) Pause Young (Allocation Failure) 7399M->5189M(7541M) 114.149ms
[602.747s][info][gc,cpu         ] GC(251) User=0.62s Sys=0.06s Real=0.11s
.[604.066s][info][gc,start       ] GC(252) Pause Young (Allocation Failure)
[604.172s][info][gc,heap        ] GC(252) PSYoungGen: 2553737K(2584576K)->164512K(2542080K) Eden: 2377216K(2377216K)->0K(2377216K) From: 176521K(207360K)->164512K(164864K)
[604.172s][info][gc,heap        ] GC(252) ParOldGen: 5137057K(5137408K)->5242673K(5242880K)
[604.172s][info][gc,metaspace   ] GC(252) Metaspace: 28931K(29248K)->28931K(29248K) NonClass: 25828K(25984K)->25828K(25984K) Class: 3102K(3264K)->3102K(3264K)
[604.172s][info][gc             ] GC(252) Pause Young (Allocation Failure) 7510M->5280M(7602M) 106.171ms
[604.172s][info][gc,cpu         ] GC(252) User=0.60s Sys=0.03s Real=0.11s
.[605.628s][info][gc,start       ] GC(253) Pause Young (Allocation Failure)
[605.733s][info][gc,heap        ] GC(253) PSYoungGen: 2541728K(2542080K)->156576K(2590720K) Eden: 2377216K(2377216K)->0K(2383872K) From: 164512K(164864K)->156576K(206848K)
[605.733s][info][gc,heap        ] GC(253) ParOldGen: 5242673K(5242880K)->5354505K(5355008K)
[605.733s][info][gc,metaspace   ] GC(253) Metaspace: 28931K(29248K)->28931K(29248K) NonClass: 25828K(25984K)->25828K(25984K) Class: 3102K(3264K)->3102K(3264K)
[605.733s][info][gc             ] GC(253) Pause Young (Allocation Failure) 7601M->5381M(7759M) 104.777ms
[605.733s][info][gc,cpu         ] GC(253) User=0.58s Sys=0.03s Real=0.11s
.[607.006s][info][gc,start       ] GC(254) Pause Young (Allocation Failure)
[607.112s][info][gc,heap        ] GC(254) PSYoungGen: 2540448K(2590720K)->169904K(2586112K) Eden: 2383872K(2383872K)->0K(2383872K) From: 156576K(206848K)->169904K(202240K)
[607.112s][info][gc,heap        ] GC(254) ParOldGen: 5354505K(5355008K)->5449273K(5449728K)
[607.112s][info][gc,metaspace   ] GC(254) Metaspace: 28931K(29248K)->28931K(29248K) NonClass: 25828K(25984K)->25828K(25984K) Class: 3102K(3264K)->3102K(3264K)
[607.112s][info][gc             ] GC(254) Pause Young (Allocation Failure) 7709M->5487M(7847M) 106.063ms
[607.112s][info][gc,cpu         ] GC(254) User=0.59s Sys=0.03s Real=0.11s
..[608.345s][info][gc,start       ] GC(255) Pause Young (Allocation Failure)
[608.454s][info][gc,heap        ] GC(255) PSYoungGen: 2553776K(2586112K)->171152K(2589184K) Eden: 2383872K(2383872K)->0K(2386944K) From: 169904K(202240K)->171152K(202240K)
[608.454s][info][gc,heap        ] GC(255) ParOldGen: 5449273K(5449728K)->5559537K(5559808K)
[608.454s][info][gc,metaspace   ] GC(255) Metaspace: 28931K(29248K)->28931K(29248K) NonClass: 25828K(25984K)->25828K(25984K) Class: 3102K(3264K)->3102K(3264K)
[608.454s][info][gc             ] GC(255) Pause Young (Allocation Failure) 7815M->5596M(7958M) 108.529ms
[608.454s][info][gc,cpu         ] GC(255) User=0.61s Sys=0.03s Real=0.11s
. (rIR:aIR:PR = 11797:11402:11434) (tPR = 172209) [OK] 
   609s:    snapshot, IR =  11797 [609.877s][info][gc,start       ] GC(256) Pause Full (Allocation Failure)
[609.877s][info][gc,phases,start] GC(256) Marking Phase
[610.200s][info][gc,phases      ] GC(256) Marking Phase 322.582ms
[610.200s][info][gc,phases,start] GC(256) Summary Phase
[610.200s][info][gc,phases      ] GC(256) Summary Phase 0.102ms
[610.200s][info][gc,phases,start] GC(256) Forward
[610.339s][info][gc,phases      ] GC(256) Forward 138.406ms
[610.339s][info][gc,phases,start] GC(256) Adjust Pointers
[610.594s][info][gc,phases      ] GC(256) Adjust Pointers 255.764ms
[610.594s][info][gc,phases,start] GC(256) Compaction Phase
[610.788s][info][gc,phases      ] GC(256) Compaction Phase 193.451ms
[610.791s][info][gc,phases,start] GC(256) Post Compact
[610.798s][info][gc,phases      ] GC(256) Post Compact 6.889ms
[610.908s][info][gc,heap        ] GC(256) PSYoungGen: 2558096K(2589184K)->0K(2589184K) Eden: 2386944K(2386944K)->0K(2386944K) From: 171152K(202240K)->0K(202240K)
[610.908s][info][gc,heap        ] GC(256) ParOldGen: 5559537K(5559808K)->1626489K(1848320K)
[610.908s][info][gc,metaspace   ] GC(256) Metaspace: 28932K(29248K)->28932K(29248K) NonClass: 25829K(25984K)->25829K(25984K) Class: 3102K(3264K)->3102K(3264K)
[610.908s][info][gc             ] GC(256) Pause Full (Allocation Failure) 7927M->1588M(4333M) 1030.456ms
[610.908s][info][gc,cpu         ] GC(256) User=5.05s Sys=0.11s Real=1.03s
..[612.325s][info][gc,start       ] GC(257) Pause Young (Allocation Failure)
[612.393s][info][gc,heap        ] GC(257) PSYoungGen: 2386944K(2589184K)->163461K(2587648K) Eden: 2386944K(2386944K)->0K(2391552K) From: 0K(202240K)->163461K(196096K)
[612.393s][info][gc,heap        ] GC(257) ParOldGen: 1626489K(1848320K)->1626489K(1848320K)
[612.393s][info][gc,metaspace   ] GC(257) Metaspace: 28932K(29248K)->28932K(29248K) NonClass: 25829K(25984K)->25829K(25984K) Class: 3102K(3264K)->3102K(3264K)
[612.393s][info][gc             ] GC(257) Pause Young (Allocation Failure) 3919M->1747M(4332M) 67.236ms
[612.393s][info][gc,cpu         ] GC(257) User=0.40s Sys=0.00s Real=0.07s
.[613.864s][info][gc,start       ] GC(258) Pause Young (Allocation Failure)
[613.969s][info][gc,heap        ] GC(258) PSYoungGen: 2555013K(2587648K)->186992K(2590720K) Eden: 2391552K(2391552K)->0K(2391552K) From: 163461K(196096K)->186992K(199168K)
[613.969s][info][gc,heap        ] GC(258) ParOldGen: 1626489K(1848320K)->1731474K(1848320K)
[613.969s][info][gc,metaspace   ] GC(258) Metaspace: 28932K(29248K)->28932K(29248K) NonClass: 25829K(25984K)->25829K(25984K) Class: 3102K(3264K)->3102K(3264K)
[613.970s][info][gc             ] GC(258) Pause Young (Allocation Failure) 4083M->1873M(4335M) 105.793ms
[613.970s][info][gc,cpu         ] GC(258) User=0.63s Sys=0.00s Real=0.10s
.[615.315s][info][gc,start       ] GC(259) Pause Young (Allocation Failure)
[615.428s][info][gc,heap        ] GC(259) PSYoungGen: 2578544K(2590720K)->185381K(2583040K) Eden: 2391552K(2391552K)->0K(2378240K) From: 186992K(199168K)->185381K(204800K)
[615.428s][info][gc,heap        ] GC(259) ParOldGen: 1731474K(1848320K)->1833170K(1848320K)
[615.428s][info][gc,metaspace   ] GC(259) Metaspace: 28932K(29248K)->28932K(29248K) NonClass: 25829K(25984K)->25829K(25984K) Class: 3102K(3264K)->3102K(3264K)
[615.428s][info][gc             ] GC(259) Pause Young (Allocation Failure) 4209M->1971M(4327M) 112.845ms
[615.428s][info][gc,cpu         ] GC(259) User=0.65s Sys=0.02s Real=0.11s
.[616.856s][info][gc,start       ] GC(260) Pause Young (Allocation Failure)
[616.967s][info][gc,heap        ] GC(260) PSYoungGen: 2563621K(2583040K)->182773K(2561024K) Eden: 2378240K(2378240K)->0K(2378240K) From: 185381K(204800K)->182773K(182784K)
[616.967s][info][gc,heap        ] GC(260) ParOldGen: 1833170K(1848320K)->1944450K(1944576K)
[616.967s][info][gc,metaspace   ] GC(260) Metaspace: 28932K(29248K)->28932K(29248K) NonClass: 25829K(25984K)->25829K(25984K) Class: 3102K(3264K)->3102K(3264K)
[616.967s][info][gc             ] GC(260) Pause Young (Allocation Failure) 4293M->2077M(4400M) 111.354ms
[616.968s][info][gc,cpu         ] GC(260) User=0.63s Sys=0.03s Real=0.11s
..[618.409s][info][gc,start       ] GC(261) Pause Young (Allocation Failure)
[618.557s][info][gc,heap        ] GC(261) PSYoungGen: 2561013K(2561024K)->160920K(2588672K) Eden: 2378240K(2378240K)->0K(2378240K) From: 182773K(182784K)->160920K(210432K)
[618.557s][info][gc,heap        ] GC(261) ParOldGen: 1944450K(1944576K)->2051522K(2051584K)
[618.557s][info][gc,metaspace   ] GC(261) Metaspace: 28932K(29248K)->28932K(29248K) NonClass: 25829K(25984K)->25829K(25984K) Class: 3102K(3264K)->3102K(3264K)
[618.557s][info][gc             ] GC(261) Pause Young (Allocation Failure) 4399M->2160M(4531M) 148.091ms
[618.557s][info][gc,cpu         ] GC(261) User=0.58s Sys=0.04s Real=0.15s
.[619.810s][info][gc,start       ] GC(262) Pause Young (Allocation Failure)
[619.909s][info][gc,heap        ] GC(262) PSYoungGen: 2539160K(2588672K)->167072K(2545664K) Eden: 2378240K(2378240K)->0K(2378240K) From: 160920K(210432K)->167072K(167424K)
[619.909s][info][gc,heap        ] GC(262) ParOldGen: 2051522K(2051584K)->2148714K(2148864K)
[619.909s][info][gc,metaspace   ] GC(262) Metaspace: 28932K(29248K)->28932K(29248K) NonClass: 25829K(25984K)->25829K(25984K) Class: 3102K(3264K)->3102K(3264K)
[619.909s][info][gc             ] GC(262) Pause Young (Allocation Failure) 4483M->2261M(4584M) 99.538ms
[619.909s][info][gc,cpu         ] GC(262) User=0.54s Sys=0.04s Real=0.10s
.[621.225s][info][gc,start       ] GC(263) Pause Young (Allocation Failure)
[621.330s][info][gc,heap        ] GC(263) PSYoungGen: 2545312K(2545664K)->164757K(2584576K) Eden: 2378240K(2378240K)->0K(2381312K) From: 167072K(167424K)->164757K(203264K)
[621.330s][info][gc,heap        ] GC(263) ParOldGen: 2148714K(2148864K)->2262562K(2263040K)
[621.330s][info][gc,metaspace   ] GC(263) Metaspace: 28932K(29248K)->28932K(29248K) NonClass: 25829K(25984K)->25829K(25984K) Class: 3102K(3264K)->3102K(3264K)
[621.330s][info][gc             ] GC(263) Pause Young (Allocation Failure) 4584M->2370M(4734M) 104.870ms
[621.330s][info][gc,cpu         ] GC(263) User=0.59s Sys=0.04s Real=0.10s
.[622.806s][info][gc,start       ] GC(264) Pause Young (Allocation Failure)
[622.908s][info][gc,heap        ] GC(264) PSYoungGen: 2546069K(2584576K)->162916K(2581504K) Eden: 2381312K(2381312K)->0K(2381312K) From: 164757K(203264K)->162916K(200192K)
[622.908s][info][gc,heap        ] GC(264) ParOldGen: 2262562K(2263040K)->2371170K(2371584K)
[622.908s][info][gc,metaspace   ] GC(264) Metaspace: 28932K(29248K)->28932K(29248K) NonClass: 25829K(25984K)->25829K(25984K) Class: 3102K(3264K)->3102K(3264K)
[622.908s][info][gc             ] GC(264) Pause Young (Allocation Failure) 4695M->2474M(4837M) 102.204ms
[622.909s][info][gc,cpu         ] GC(264) User=0.58s Sys=0.03s Real=0.10s
..[624.317s][info][gc,start       ] GC(265) Pause Young (Allocation Failure)
[624.417s][info][gc,heap        ] GC(265) PSYoungGen: 2544228K(2581504K)->159498K(2592256K) Eden: 2381312K(2381312K)->0K(2394624K) From: 162916K(200192K)->159498K(197632K)
[624.417s][info][gc,heap        ] GC(265) ParOldGen: 2371170K(2371584K)->2471802K(2471936K)
[624.417s][info][gc,metaspace   ] GC(265) Metaspace: 28933K(29248K)->28933K(29248K) NonClass: 25831K(25984K)->25831K(25984K) Class: 3102K(3264K)->3102K(3264K)
[624.417s][info][gc             ] GC(265) Pause Young (Allocation Failure) 4800M->2569M(4945M) 99.326ms
[624.417s][info][gc,cpu         ] GC(265) User=0.55s Sys=0.03s Real=0.10s
.[625.955s][info][gc,start       ] GC(266) Pause Young (Allocation Failure)
[626.057s][info][gc,heap        ] GC(266) PSYoungGen: 2554122K(2592256K)->169632K(2590208K) Eden: 2394624K(2394624K)->0K(2394624K) From: 159498K(197632K)->169632K(195584K)
[626.057s][info][gc,heap        ] GC(266) ParOldGen: 2471802K(2471936K)->2574754K(2574848K)
[626.057s][info][gc,metaspace   ] GC(266) Metaspace: 28933K(29248K)->28933K(29248K) NonClass: 25831K(25984K)->25831K(25984K) Class: 3102K(3264K)->3102K(3264K)
[626.057s][info][gc             ] GC(266) Pause Young (Allocation Failure) 4908M->2680M(5044M) 101.945ms
[626.057s][info][gc,cpu         ] GC(266) User=0.58s Sys=0.03s Real=0.10s
.[627.249s][info][gc,start       ] GC(267) Pause Young (Allocation Failure)
[627.378s][info][gc,heap        ] GC(267) PSYoungGen: 2564256K(2590208K)->194036K(2482176K) Eden: 2394624K(2394624K)->0K(2288128K) From: 169632K(195584K)->194036K(194048K)
[627.378s][info][gc,heap        ] GC(267) ParOldGen: 2574754K(2574848K)->2716570K(2716672K)
[627.378s][info][gc,metaspace   ] GC(267) Metaspace: 28933K(29248K)->28933K(29248K) NonClass: 25831K(25984K)->25831K(25984K) Class: 3102K(3264K)->3102K(3264K)
[627.378s][info][gc             ] GC(267) Pause Young (Allocation Failure) 5018M->2842M(5077M) 128.529ms
[627.378s][info][gc,cpu         ] GC(267) User=0.71s Sys=0.06s Real=0.13s
.[628.682s][info][gc,start       ] GC(268) Pause Young (Allocation Failure)
[628.787s][info][gc,heap        ] GC(268) PSYoungGen: 2482164K(2482176K)->157024K(2542080K) Eden: 2288128K(2288128K)->0K(2288128K) From: 194036K(194048K)->157024K(253952K)
[628.787s][info][gc,heap        ] GC(268) ParOldGen: 2716570K(2716672K)->2840058K(2840064K)
[628.787s][info][gc,metaspace   ] GC(268) Metaspace: 28933K(29248K)->28933K(29248K) NonClass: 25831K(25984K)->25831K(25984K) Class: 3102K(3264K)->3102K(3264K)
[628.787s][info][gc             ] GC(268) Pause Young (Allocation Failure) 5076M->2926M(5256M) 104.998ms
[628.787s][info][gc,cpu         ] GC(268) User=0.59s Sys=0.04s Real=0.11s
.[629.954s][info][gc,start       ] GC(269) Pause Young (Allocation Failure)
[630.063s][info][gc,heap        ] GC(269) PSYoungGen: 2445152K(2542080K)->179688K(2526208K) Eden: 2288128K(2288128K)->0K(2290688K) From: 157024K(253952K)->179688K(235520K)
[630.063s][info][gc,heap        ] GC(269) ParOldGen: 2840058K(2840064K)->2941794K(2941952K)
[630.063s][info][gc,metaspace   ] GC(269) Metaspace: 28933K(29248K)->28933K(29248K) NonClass: 25831K(25984K)->25831K(25984K) Class: 3102K(3264K)->3102K(3264K)
[630.063s][info][gc             ] GC(269) Pause Young (Allocation Failure) 5161M->3048M(5340M) 109.179ms
[630.063s][info][gc,cpu         ] GC(269) User=0.62s Sys=0.03s Real=0.11s
.|[631.582s][info][gc,start       ] GC(270) Pause Young (Allocation Failure)
[631.685s][info][gc,heap        ] GC(270) PSYoungGen: 2470376K(2526208K)->151764K(2535424K) Eden: 2290688K(2290688K)->0K(2290688K) From: 179688K(235520K)->151764K(244736K)
[631.685s][info][gc,heap        ] GC(270) ParOldGen: 2941794K(2941952K)->3060506K(3060736K)
[631.685s][info][gc,metaspace   ] GC(270) Metaspace: 28934K(29248K)->28934K(29248K) NonClass: 25831K(25984K)->25831K(25984K) Class: 3102K(3264K)->3102K(3264K)
[631.685s][info][gc             ] GC(270) Pause Young (Allocation Failure) 5285M->3136M(5465M) 103.613ms
[631.685s][info][gc,cpu         ] GC(270) User=0.57s Sys=0.04s Real=0.11s
.[633.153s][info][gc,start       ] GC(271) Pause Young (Allocation Failure)
[633.244s][info][gc,heap        ] GC(271) PSYoungGen: 2442452K(2535424K)->138688K(2549760K) Eden: 2290688K(2290688K)->0K(2308096K) From: 151764K(244736K)->138688K(241664K)
[633.244s][info][gc,heap        ] GC(271) ParOldGen: 3060506K(3060736K)->3156882K(3156992K)
[633.244s][info][gc,metaspace   ] GC(271) Metaspace: 28934K(29248K)->28934K(29248K) NonClass: 25831K(25984K)->25831K(25984K) Class: 3102K(3264K)->3102K(3264K)
[633.244s][info][gc             ] GC(271) Pause Young (Allocation Failure) 5373M->3218M(5573M) 90.668ms
[633.244s][info][gc,cpu         ] GC(271) User=0.52s Sys=0.02s Real=0.09s
.[634.477s][info][gc,start       ] GC(272) Pause Young (Allocation Failure)
[634.624s][info][gc,heap        ] GC(272) PSYoungGen: 2446784K(2549760K)->177472K(2485760K) Eden: 2308096K(2308096K)->0K(2308096K) From: 138688K(241664K)->177472K(177664K)
[634.624s][info][gc,heap        ] GC(272) ParOldGen: 3156882K(3156992K)->3239506K(3239936K)
[634.624s][info][gc,metaspace   ] GC(272) Metaspace: 28934K(29248K)->28934K(29248K) NonClass: 25831K(25984K)->25831K(25984K) Class: 3102K(3264K)->3102K(3264K)
[634.624s][info][gc             ] GC(272) Pause Young (Allocation Failure) 5472M->3336M(5591M) 146.551ms
[634.624s][info][gc,cpu         ] GC(272) User=0.55s Sys=0.04s Real=0.15s
.[636.019s][info][gc,start       ] GC(273) Pause Young (Allocation Failure)
[636.127s][info][gc,heap        ] GC(273) PSYoungGen: 2485568K(2485760K)->166991K(2553856K) Eden: 2308096K(2308096K)->0K(2316288K) From: 177472K(177664K)->166991K(237568K)
[636.127s][info][gc,heap        ] GC(273) ParOldGen: 3239506K(3239936K)->3349850K(3350016K)
[636.127s][info][gc,metaspace   ] GC(273) Metaspace: 28934K(29248K)->28934K(29248K) NonClass: 25831K(25984K)->25831K(25984K) Class: 3102K(3264K)->3102K(3264K)
[636.127s][info][gc             ] GC(273) Pause Young (Allocation Failure) 5590M->3434M(5765M) 108.431ms
[636.127s][info][gc,cpu         ] GC(273) User=0.61s Sys=0.03s Real=0.11s
.[637.376s][info][gc,start       ] GC(274) Pause Young (Allocation Failure)
[637.473s][info][gc,heap        ] GC(274) PSYoungGen: 2483279K(2553856K)->163168K(2548736K) Eden: 2316288K(2316288K)->0K(2316288K) From: 166991K(237568K)->163168K(232448K)
[637.474s][info][gc,heap        ] GC(274) ParOldGen: 3349850K(3350016K)->3442998K(3443200K)
[637.474s][info][gc,metaspace   ] GC(274) Metaspace: 28934K(29248K)->28934K(29248K) NonClass: 25831K(25984K)->25831K(25984K) Class: 3102K(3264K)->3102K(3264K)
[637.474s][info][gc             ] GC(274) Pause Young (Allocation Failure) 5696M->3521M(5851M) 97.223ms
[637.474s][info][gc,cpu         ] GC(274) User=0.55s Sys=0.02s Real=0.10s
.[638.771s][info][gc,start       ] GC(275) Pause Young (Allocation Failure)
[638.880s][info][gc,heap        ] GC(275) PSYoungGen: 2479456K(2548736K)->176960K(2558464K) Eden: 2316288K(2316288K)->0K(2330112K) From: 163168K(232448K)->176960K(228352K)
[638.880s][info][gc,heap        ] GC(275) ParOldGen: 3442998K(3443200K)->3557358K(3557376K)
[638.880s][info][gc,metaspace   ] GC(275) Metaspace: 28934K(29248K)->28934K(29248K) NonClass: 25831K(25984K)->25831K(25984K) Class: 3102K(3264K)->3102K(3264K)
[638.880s][info][gc             ] GC(275) Pause Young (Allocation Failure) 5783M->3646M(5972M) 109.381ms
[638.880s][info][gc,cpu         ] GC(275) User=0.61s Sys=0.04s Real=0.11s
.[640.177s][info][gc,start       ] GC(276) Pause Young (Allocation Failure)
[640.278s][info][gc,heap        ] GC(276) PSYoungGen: 2507072K(2558464K)->159776K(2554368K) Eden: 2330112K(2330112K)->0K(2330112K) From: 176960K(228352K)->159776K(224256K)
[640.278s][info][gc,heap        ] GC(276) ParOldGen: 3557358K(3557376K)->3666374K(3666432K)
[640.278s][info][gc,metaspace   ] GC(276) Metaspace: 28934K(29248K)->28934K(29248K) NonClass: 25831K(25984K)->25831K(25984K) Class: 3102K(3264K)->3102K(3264K)
[640.278s][info][gc             ] GC(276) Pause Young (Allocation Failure) 5922M->3736M(6075M) 100.833ms
[640.278s][info][gc,cpu         ] GC(276) User=0.57s Sys=0.03s Real=0.10s
..[641.695s][info][gc,start       ] GC(277) Pause Young (Allocation Failure)
[641.805s][info][gc,heap        ] GC(277) PSYoungGen: 2489888K(2554368K)->174761K(2567680K) Eden: 2330112K(2330112K)->0K(2347520K) From: 159776K(224256K)->174761K(220160K)
[641.805s][info][gc,heap        ] GC(277) ParOldGen: 3666374K(3666432K)->3783750K(3784192K)
[641.805s][info][gc,metaspace   ] GC(277) Metaspace: 28934K(29248K)->28934K(29248K) NonClass: 25831K(25984K)->25831K(25984K) Class: 3102K(3264K)->3102K(3264K)
[641.805s][info][gc             ] GC(277) Pause Young (Allocation Failure) 6011M->3865M(6203M) 110.883ms
[641.805s][info][gc,cpu         ] GC(277) User=0.62s Sys=0.04s Real=0.11s
.[643.105s][info][gc,start       ] GC(278) Pause Young (Allocation Failure)
[643.213s][info][gc,heap        ] GC(278) PSYoungGen: 2522281K(2567680K)->186420K(2565120K) Eden: 2347520K(2347520K)->0K(2347520K) From: 174761K(220160K)->186420K(217600K)
[643.213s][info][gc,heap        ] GC(278) ParOldGen: 3783750K(3784192K)->3880382K(3880448K)
[643.213s][info][gc,metaspace   ] GC(278) Metaspace: 28934K(29248K)->28934K(29248K) NonClass: 25831K(25984K)->25831K(25984K) Class: 3102K(3264K)->3102K(3264K)
[643.213s][info][gc             ] GC(278) Pause Young (Allocation Failure) 6158M->3971M(6294M) 108.429ms
[643.213s][info][gc,cpu         ] GC(278) User=0.61s Sys=0.03s Real=0.11s
.[644.503s][info][gc,start       ] GC(279) Pause Young (Allocation Failure)
[644.660s][info][gc,heap        ] GC(279) PSYoungGen: 2533940K(2565120K)->175126K(2572800K) Eden: 2347520K(2347520K)->0K(2359808K) From: 186420K(217600K)->175126K(212992K)
[644.660s][info][gc,heap        ] GC(279) ParOldGen: 3880382K(3880448K)->3987454K(3987456K)
[644.660s][info][gc,metaspace   ] GC(279) Metaspace: 28934K(29248K)->28934K(29248K) NonClass: 25831K(25984K)->25831K(25984K) Class: 3102K(3264K)->3102K(3264K)
[644.660s][info][gc             ] GC(279) Pause Young (Allocation Failure) 6263M->4065M(6406M) 156.733ms
[644.660s][info][gc,cpu         ] GC(279) User=0.63s Sys=0.02s Real=0.15s
.[645.987s][info][gc,start       ] GC(280) Pause Young (Allocation Failure)
[646.092s][info][gc,heap        ] GC(280) PSYoungGen: 2534934K(2572800K)->162336K(2574848K) Eden: 2359808K(2359808K)->0K(2359808K) From: 175126K(212992K)->162336K(215040K)
[646.092s][info][gc,heap        ] GC(280) ParOldGen: 3987454K(3987456K)->4099766K(4100096K)
[646.092s][info][gc,metaspace   ] GC(280) Metaspace: 28934K(29248K)->28934K(29248K) NonClass: 25831K(25984K)->25831K(25984K) Class: 3102K(3264K)->3102K(3264K)
[646.092s][info][gc             ] GC(280) Pause Young (Allocation Failure) 6369M->4162M(6518M) 105.168ms
[646.092s][info][gc,cpu         ] GC(280) User=0.60s Sys=0.03s Real=0.11s
.[647.476s][info][gc,start       ] GC(281) Pause Young (Allocation Failure)
[647.627s][info][gc,heap        ] GC(281) PSYoungGen: 2522144K(2574848K)->162112K(2577408K) Eden: 2359808K(2359808K)->0K(2368512K) From: 162336K(215040K)->162112K(208896K)
[647.627s][info][gc,heap        ] GC(281) ParOldGen: 4099766K(4100096K)->4208686K(4209152K)
[647.627s][info][gc,metaspace   ] GC(281) Metaspace: 28934K(29248K)->28934K(29248K) NonClass: 25831K(25984K)->25831K(25984K) Class: 3102K(3264K)->3102K(3264K)
[647.627s][info][gc             ] GC(281) Pause Young (Allocation Failure) 6466M->4268M(6627M) 151.205ms
[647.627s][info][gc,cpu         ] GC(281) User=0.58s Sys=0.04s Real=0.15s
.[649.025s][info][gc,start       ] GC(282) Pause Young (Allocation Failure)
[649.128s][info][gc,heap        ] GC(282) PSYoungGen: 2530624K(2577408K)->169216K(2578944K) Eden: 2368512K(2368512K)->0K(2368512K) From: 162112K(208896K)->169216K(210432K)
[649.128s][info][gc,heap        ] GC(282) ParOldGen: 4208686K(4209152K)->4308926K(4308992K)
[649.128s][info][gc,metaspace   ] GC(282) Metaspace: 28934K(29248K)->28934K(29248K) NonClass: 25831K(25984K)->25831K(25984K) Class: 3102K(3264K)->3102K(3264K)
[649.128s][info][gc             ] GC(282) Pause Young (Allocation Failure) 6581M->4373M(6726M) 103.043ms
[649.128s][info][gc,cpu         ] GC(282) User=0.58s Sys=0.03s Real=0.10s
.[650.437s][info][gc,start       ] GC(283) Pause Young (Allocation Failure)
[650.595s][info][gc,heap        ] GC(283) PSYoungGen: 2537728K(2578944K)->187982K(2580992K) Eden: 2368512K(2368512K)->0K(2374144K) From: 169216K(210432K)->187982K(206848K)
[650.595s][info][gc,heap        ] GC(283) ParOldGen: 4308926K(4308992K)->4408822K(4408832K)
[650.595s][info][gc,metaspace   ] GC(283) Metaspace: 28934K(29248K)->28934K(29248K) NonClass: 25831K(25984K)->25831K(25984K) Class: 3102K(3264K)->3102K(3264K)
[650.595s][info][gc             ] GC(283) Pause Young (Allocation Failure) 6686M->4489M(6826M) 157.695ms
[650.595s][info][gc,cpu         ] GC(283) User=0.63s Sys=0.04s Real=0.16s
.[651.865s][info][gc,start       ] GC(284) Pause Young (Allocation Failure)
[651.990s][info][gc,heap        ] GC(284) PSYoungGen: 2562126K(2580992K)->209382K(2583552K) Eden: 2374144K(2374144K)->0K(2374144K) From: 187982K(206848K)->209382K(209408K)
[651.990s][info][gc,heap        ] GC(284) ParOldGen: 4408822K(4408832K)->4518302K(4518400K)
[651.990s][info][gc,metaspace   ] GC(284) Metaspace: 28934K(29248K)->28934K(29248K) NonClass: 25831K(25984K)->25831K(25984K) Class: 3102K(3264K)->3102K(3264K)
[651.990s][info][gc             ] GC(284) Pause Young (Allocation Failure) 6807M->4616M(6935M) 124.992ms
[651.990s][info][gc,cpu         ] GC(284) User=0.71s Sys=0.04s Real=0.12s
.[653.349s][info][gc,start       ] GC(285) Pause Young (Allocation Failure)
[653.470s][info][gc,heap        ] GC(285) PSYoungGen: 2583526K(2583552K)->185088K(2502656K) Eden: 2374144K(2374144K)->0K(2290176K) From: 209382K(209408K)->185088K(212480K)
[653.470s][info][gc,heap        ] GC(285) ParOldGen: 4518302K(4518400K)->4652014K(4652032K)
[653.470s][info][gc,metaspace   ] GC(285) Metaspace: 28934K(29248K)->28934K(29248K) NonClass: 25831K(25984K)->25831K(25984K) Class: 3102K(3264K)->3102K(3264K)
[653.470s][info][gc             ] GC(285) Pause Young (Allocation Failure) 6935M->4723M(6987M) 120.859ms
[653.470s][info][gc,cpu         ] GC(285) User=0.68s Sys=0.04s Real=0.12s
.[654.798s][info][gc,start       ] GC(286) Pause Young (Allocation Failure)
[654.905s][info][gc,heap        ] GC(286) PSYoungGen: 2475264K(2502656K)->165096K(2543104K) Eden: 2290176K(2290176K)->0K(2290176K) From: 185088K(212480K)->165096K(252928K)
[654.906s][info][gc,heap        ] GC(286) ParOldGen: 4652014K(4652032K)->4761990K(4762112K)
[654.906s][info][gc,metaspace   ] GC(286) Metaspace: 28934K(29248K)->28934K(29248K) NonClass: 25831K(25984K)->25831K(25984K) Class: 3102K(3264K)->3102K(3264K)
[654.906s][info][gc             ] GC(286) Pause Young (Allocation Failure) 6960M->4811M(7134M) 107.803ms
[654.906s][info][gc,cpu         ] GC(286) User=0.60s Sys=0.03s Real=0.11s
..[656.210s][info][gc,start       ] GC(287) Pause Young (Allocation Failure)
[656.321s][info][gc,heap        ] GC(287) PSYoungGen: 2455272K(2543104K)->173354K(2531328K) Eden: 2290176K(2290176K)->0K(2292736K) From: 165096K(252928K)->173354K(238592K)
[656.321s][info][gc,heap        ] GC(287) ParOldGen: 4761990K(4762112K)->4865638K(4866048K)
[656.321s][info][gc,metaspace   ] GC(287) Metaspace: 28934K(29248K)->28934K(29248K) NonClass: 25831K(25984K)->25831K(25984K) Class: 3102K(3264K)->3102K(3264K)
[656.321s][info][gc             ] GC(287) Pause Young (Allocation Failure) 7048M->4920M(7224M) 110.301ms
[656.321s][info][gc,cpu         ] GC(287) User=0.62s Sys=0.04s Real=0.11s
.[657.584s][info][gc,start       ] GC(288) Pause Young (Allocation Failure)
[657.692s][info][gc,heap        ] GC(288) PSYoungGen: 2466090K(2531328K)->182176K(2538496K) Eden: 2292736K(2292736K)->0K(2292736K) From: 173354K(238592K)->182176K(245760K)
[657.692s][info][gc,heap        ] GC(288) ParOldGen: 4865638K(4866048K)->4966118K(4966400K)
[657.692s][info][gc,metaspace   ] GC(288) Metaspace: 28934K(29248K)->28934K(29248K) NonClass: 25831K(25984K)->25831K(25984K) Class: 3102K(3264K)->3102K(3264K)
[657.692s][info][gc             ] GC(288) Pause Young (Allocation Failure) 7159M->5027M(7329M) 108.193ms
[657.692s][info][gc,cpu         ] GC(288) User=0.61s Sys=0.04s Real=0.11s
.[658.862s][info][gc,start       ] GC(289) Pause Young (Allocation Failure)
[658.969s][info][gc,heap        ] GC(289) PSYoungGen: 2474912K(2538496K)->170618K(2543104K) Eden: 2292736K(2292736K)->0K(2310656K) From: 182176K(245760K)->170618K(232448K)
[658.969s][info][gc,heap        ] GC(289) ParOldGen: 4966118K(4966400K)->5075454K(5075456K)
[658.969s][info][gc,metaspace   ] GC(289) Metaspace: 28934K(29248K)->28934K(29248K) NonClass: 25831K(25984K)->25831K(25984K) Class: 3102K(3264K)->3102K(3264K)
[658.969s][info][gc             ] GC(289) Pause Young (Allocation Failure) 7266M->5123M(7440M) 107.797ms
[658.969s][info][gc,cpu         ] GC(289) User=0.61s Sys=0.03s Real=0.11s
.[660.418s][info][gc,start       ] GC(290) Pause Young (Allocation Failure)
[660.566s][info][gc,heap        ] GC(290) PSYoungGen: 2481274K(2543104K)->145141K(2547200K) Eden: 2310656K(2310656K)->0K(2310656K) From: 170618K(232448K)->145141K(236544K)
[660.566s][info][gc,heap        ] GC(290) ParOldGen: 5075454K(5075456K)->5193838K(5194240K)
[660.566s][info][gc,metaspace   ] GC(290) Metaspace: 28934K(29248K)->28934K(29248K) NonClass: 25831K(25984K)->25831K(25984K) Class: 3102K(3264K)->3102K(3264K)
[660.566s][info][gc             ] GC(290) Pause Young (Allocation Failure) 7379M->5213M(7560M) 147.908ms
[660.566s][info][gc,cpu         ] GC(290) User=0.57s Sys=0.03s Real=0.15s
. (rIR:aIR:PR = 11797:11585:11433) (tPR = 167291) [OK] 
   660s: Performing snapshot: (quiescence.....) (stop TxI) (stop BE) (saving... [667.202s][info][gc,start       ] GC(291) Pause Young (Allocation Failure)
[667.359s][info][gc,heap        ] GC(291) PSYoungGen: 2439956K(2547200K)->237536K(2314752K) Eden: 2294815K(2310656K)->0K(2077184K) From: 145141K(236544K)->237536K(237568K)
[667.360s][info][gc,heap        ] GC(291) ParOldGen: 5193838K(5194240K)->5480624K(5480960K)
[667.360s][info][gc,metaspace   ] GC(291) Metaspace: 28941K(29248K)->28941K(29248K) NonClass: 25838K(25984K)->25838K(25984K) Class: 3103K(3264K)->3103K(3264K)
[667.360s][info][gc             ] GC(291) Pause Young (Allocation Failure) 7454M->5584M(7613M) 157.079ms
[667.360s][info][gc,cpu         ] GC(291) User=0.84s Sys=0.09s Real=0.15s
233183 Kb) (term) [671.491s][info][gc,start       ] GC(292) Pause Full (System.gc())
[671.491s][info][gc,phases,start] GC(292) Marking Phase
[671.513s][info][gc,phases      ] GC(292) Marking Phase 22.373ms
[671.513s][info][gc,phases,start] GC(292) Summary Phase
[671.513s][info][gc,phases      ] GC(292) Summary Phase 0.073ms
[671.513s][info][gc,phases,start] GC(292) Forward
[671.519s][info][gc,phases      ] GC(292) Forward 5.778ms
[671.519s][info][gc,phases,start] GC(292) Adjust Pointers
[671.557s][info][gc,phases      ] GC(292) Adjust Pointers 37.928ms
[671.557s][info][gc,phases,start] GC(292) Compaction Phase
[671.590s][info][gc,phases      ] GC(292) Compaction Phase 32.523ms
[671.590s][info][gc,phases,start] GC(292) Post Compact
[671.596s][info][gc,phases      ] GC(292) Post Compact 5.869ms
[671.596s][info][gc,heap        ] GC(292) PSYoungGen: 1323197K(2314752K)->0K(2314752K) Eden: 1085660K(2077184K)->0K(2077184K) From: 237536K(237568K)->0K(237568K)
[671.596s][info][gc,heap        ] GC(292) ParOldGen: 5480624K(5480960K)->333691K(5480960K)
[671.596s][info][gc,metaspace   ] GC(292) Metaspace: 28941K(29248K)->28941K(29248K) NonClass: 25838K(25984K)->25838K(25984K) Class: 3103K(3264K)->3103K(3264K)
[671.596s][info][gc             ] GC(292) Pause Full (System.gc()) 6644M->325M(7613M) 104.862ms
[671.596s][info][gc,cpu         ] GC(292) User=0.41s Sys=0.00s Real=0.11s
(init[672.489s][info][gc,start       ] GC(293) Pause Young (Allocation Failure)
[672.769s][info][gc,heap        ] GC(293) PSYoungGen: 2077184K(2314752K)->359418K(2436608K) Eden: 2077184K(2077184K)->0K(2077184K) From: 0K(237568K)->359418K(359424K)
[672.769s][info][gc,heap        ] GC(293) ParOldGen: 333691K(5480960K)->596147K(5480960K)
[672.769s][info][gc,metaspace   ] GC(293) Metaspace: 28946K(29248K)->28946K(29248K) NonClass: 25843K(25984K)->25843K(25984K) Class: 3103K(3264K)->3103K(3264K)
[672.769s][info][gc             ] GC(293) Pause Young (Allocation Failure) 2354M->933M(7732M) 280.087ms
[672.769s][info][gc,cpu         ] GC(293) User=1.67s Sys=0.00s Real=0.28s
[674.117s][info][gc,start       ] GC(294) Pause Young (Allocation Failure)
[674.409s][info][gc,heap        ] GC(294) PSYoungGen: 2436602K(2436608K)->359405K(1835520K) Eden: 2077184K(2077184K)->0K(1476096K) From: 359418K(359424K)->359405K(359424K)
[674.409s][info][gc,heap        ] GC(294) ParOldGen: 596147K(5480960K)->998737K(5480960K)
[674.409s][info][gc,metaspace   ] GC(294) Metaspace: 28952K(29248K)->28952K(29248K) NonClass: 25849K(25984K)->25849K(25984K) Class: 3103K(3264K)->3103K(3264K)
[674.409s][info][gc             ] GC(294) Pause Young (Allocation Failure) 2961M->1326M(7145M) 292.540ms
[674.409s][info][gc,cpu         ] GC(294) User=1.75s Sys=0.00s Real=0.29s
) ...
   677s:       rampup IR =      0 ... (rIR:aIR:PR = 0:0:0) (tPR = 0) [OK] 
   680s:       rampup IR =   1180 .... (rIR:aIR:PR = 1180:1175:1175) (tPR = 16513) [OK] 
   684s:       rampup IR =   2359 [684.630s][info][gc,start       ] GC(295) Pause Young (Allocation Failure)
[684.901s][info][gc,heap        ] GC(295) PSYoungGen: 1835501K(1835520K)->548448K(2024960K) Eden: 1476096K(1476096K)->0K(1476096K) From: 359405K(359424K)->548448K(548864K)
[684.901s][info][gc,heap        ] GC(295) ParOldGen: 998737K(5480960K)->1333356K(5480960K)
[684.901s][info][gc,metaspace   ] GC(295) Metaspace: 28964K(29248K)->28964K(29248K) NonClass: 25860K(25984K)->25860K(25984K) Class: 3103K(3264K)->3103K(3264K)
[684.901s][info][gc             ] GC(295) Pause Young (Allocation Failure) 2767M->1837M(7330M) 271.439ms
[684.901s][info][gc,cpu         ] GC(295) User=1.62s Sys=0.00s Real=0.27s
.... (rIR:aIR:PR = 2359:2360:2361) (tPR = 34951) [OK] 
   688s:       rampup IR =   3539 [688.900s][info][gc,start       ] GC(296) Pause Young (Allocation Failure)
[689.071s][info][gc,heap        ] GC(296) PSYoungGen: 2024544K(2024960K)->100608K(2080768K) Eden: 1476096K(1476096K)->0K(1366528K) From: 548448K(548864K)->100608K(714240K)
[689.071s][info][gc,heap        ] GC(296) ParOldGen: 1333356K(5480960K)->1785440K(5480960K)
[689.071s][info][gc,metaspace   ] GC(296) Metaspace: 28964K(29248K)->28964K(29248K) NonClass: 25860K(25984K)->25860K(25984K) Class: 3103K(3264K)->3103K(3264K)
[689.071s][info][gc             ] GC(296) Pause Young (Allocation Failure) 3279M->1841M(7384M) 170.296ms
[689.071s][info][gc,cpu         ] GC(296) User=1.02s Sys=0.00s Real=0.17s
...[691.537s][info][gc,start       ] GC(297) Pause Young (Allocation Failure)
[691.603s][info][gc,heap        ] GC(297) PSYoungGen: 1467136K(2080768K)->87312K(1454080K) Eden: 1366528K(1366528K)->0K(1366528K) From: 100608K(714240K)->87312K(87552K)
[691.603s][info][gc,heap        ] GC(297) ParOldGen: 1785440K(5480960K)->1868137K(5480960K)
[691.603s][info][gc,metaspace   ] GC(297) Metaspace: 28964K(29248K)->28964K(29248K) NonClass: 25860K(25984K)->25860K(25984K) Class: 3103K(3264K)->3103K(3264K)
[691.603s][info][gc             ] GC(297) Pause Young (Allocation Failure) 3176M->1909M(6772M) 65.363ms
[691.603s][info][gc,cpu         ] GC(297) User=0.39s Sys=0.00s Real=0.07s
. (rIR:aIR:PR = 3539:3465:3465) (tPR = 50494) [OK] 
   692s:       rampup IR =   4719 .[693.783s][info][gc,start       ] GC(298) Pause Young (Allocation Failure)
[693.847s][info][gc,heap        ] GC(298) PSYoungGen: 1453840K(1454080K)->94256K(2088448K) Eden: 1366528K(1366528K)->0K(1377280K) From: 87312K(87552K)->94256K(711168K)
[693.847s][info][gc,heap        ] GC(298) ParOldGen: 1868137K(5480960K)->1940937K(5480960K)
[693.847s][info][gc,metaspace   ] GC(298) Metaspace: 28964K(29248K)->28964K(29248K) NonClass: 25860K(25984K)->25860K(25984K) Class: 3103K(3264K)->3103K(3264K)
[693.847s][info][gc             ] GC(298) Pause Young (Allocation Failure) 3244M->1987M(7392M) 64.104ms
[693.847s][info][gc,cpu         ] GC(298) User=0.38s Sys=0.00s Real=0.06s
..[695.901s][info][gc,start       ] GC(299) Pause Young (Allocation Failure)
[695.964s][info][gc,heap        ] GC(299) PSYoungGen: 1471536K(2088448K)->96624K(1474048K) Eden: 1377280K(1377280K)->0K(1377280K) From: 94256K(711168K)->96624K(96768K)
[695.964s][info][gc,heap        ] GC(299) ParOldGen: 1940937K(5480960K)->2014114K(5480960K)
[695.964s][info][gc,metaspace   ] GC(299) Metaspace: 28964K(29248K)->28964K(29248K) NonClass: 25860K(25984K)->25860K(25984K) Class: 3103K(3264K)->3103K(3264K)
[695.964s][info][gc             ] GC(299) Pause Young (Allocation Failure) 3332M->2061M(6792M) 62.703ms
[695.964s][info][gc,cpu         ] GC(299) User=0.37s Sys=0.00s Real=0.07s
. (rIR:aIR:PR = 4719:4704:4704) (tPR = 70878) [OK] 
   696s:       rampup IR =   5899 .[697.721s][info][gc,start       ] GC(300) Pause Young (Allocation Failure)
[697.789s][info][gc,heap        ] GC(300) PSYoungGen: 1473904K(1474048K)->104736K(2089472K) Eden: 1377280K(1377280K)->0K(1403392K) From: 96624K(96768K)->104736K(686080K)
[697.789s][info][gc,heap        ] GC(300) ParOldGen: 2014114K(5480960K)->2091698K(5480960K)
[697.789s][info][gc,metaspace   ] GC(300) Metaspace: 28964K(29248K)->28964K(29248K) NonClass: 25860K(25984K)->25860K(25984K) Class: 3103K(3264K)->3103K(3264K)
[697.789s][info][gc             ] GC(300) Pause Young (Allocation Failure) 3406M->2144M(7393M) 68.079ms
[697.789s][info][gc,cpu         ] GC(300) User=0.40s Sys=0.00s Real=0.07s
.[699.471s][info][gc,start       ] GC(301) Pause Young (Allocation Failure)
[699.543s][info][gc,heap        ] GC(301) PSYoungGen: 1508128K(2089472K)->112261K(2070016K) Eden: 1403392K(1403392K)->0K(1403392K) From: 104736K(686080K)->112261K(666624K)
[699.543s][info][gc,heap        ] GC(301) ParOldGen: 2091698K(5480960K)->2168178K(5480960K)
[699.543s][info][gc,metaspace   ] GC(301) Metaspace: 28964K(29248K)->28964K(29248K) NonClass: 25860K(25984K)->25860K(25984K) Class: 3103K(3264K)->3103K(3264K)
[699.543s][info][gc             ] GC(301) Pause Young (Allocation Failure) 3515M->2226M(7374M) 71.831ms
[699.543s][info][gc,cpu         ] GC(301) User=0.43s Sys=0.00s Real=0.08s
.. (rIR:aIR:PR = 5899:5931:5932) (tPR = 88234) [OK] 
   700s:       rampup IR =   7078 [701.078s][info][gc,start       ] GC(302) Pause Young (Allocation Failure)
[701.149s][info][gc,heap        ] GC(302) PSYoungGen: 1515653K(2070016K)->111877K(2106368K) Eden: 1403392K(1403392K)->0K(1466368K) From: 112261K(666624K)->111877K(640000K)
[701.149s][info][gc,heap        ] GC(302) ParOldGen: 2168178K(5480960K)->2245010K(5480960K)
[701.149s][info][gc,metaspace   ] GC(302) Metaspace: 28964K(29248K)->28964K(29248K) NonClass: 25860K(25984K)->25860K(25984K) Class: 3103K(3264K)->3103K(3264K)
[701.149s][info][gc             ] GC(302) Pause Young (Allocation Failure) 3597M->2301M(7409M) 70.872ms
[701.149s][info][gc,cpu         ] GC(302) User=0.42s Sys=0.00s Real=0.07s
.[702.512s][info][gc,start       ] GC(303) Pause Young (Allocation Failure)
[702.579s][info][gc,heap        ] GC(303) PSYoungGen: 1578245K(2106368K)->102115K(2087424K) Eden: 1466368K(1466368K)->0K(1466368K) From: 111877K(640000K)->102115K(621056K)
[702.579s][info][gc,heap        ] GC(303) ParOldGen: 2245010K(5480960K)->2321770K(5480960K)
[702.579s][info][gc,metaspace   ] GC(303) Metaspace: 28964K(29248K)->28964K(29248K) NonClass: 25860K(25984K)->25860K(25984K) Class: 3103K(3264K)->3103K(3264K)
[702.579s][info][gc             ] GC(303) Pause Young (Allocation Failure) 3733M->2367M(7391M) 66.731ms
[702.579s][info][gc,cpu         ] GC(303) User=0.39s Sys=0.00s Real=0.06s
..[704.007s][info][gc,start       ] GC(304) Pause Young (Allocation Failure)
[704.077s][info][gc,heap        ] GC(304) PSYoungGen: 1568483K(2087424K)->110372K(2150400K) Eden: 1466368K(1466368K)->0K(1559552K) From: 102115K(621056K)->110372K(590848K)
[704.077s][info][gc,heap        ] GC(304) ParOldGen: 2321770K(5480960K)->2399218K(5480960K)
[704.077s][info][gc,metaspace   ] GC(304) Metaspace: 28964K(29248K)->28964K(29248K) NonClass: 25860K(25984K)->25860K(25984K) Class: 3103K(3264K)->3103K(3264K)
[704.077s][info][gc             ] GC(304) Pause Young (Allocation Failure) 3799M->2450M(7452M) 69.890ms
[704.077s][info][gc,cpu         ] GC(304) User=0.41s Sys=0.00s Real=0.07s
.. (rIR:aIR:PR = 7078:7052:7051) (tPR = 101532) [OK] 
   705s:       rampup IR =   8258 [705.659s][info][gc,start       ] GC(305) Pause Young (Allocation Failure)
[705.726s][info][gc,heap        ] GC(305) PSYoungGen: 1669924K(2150400K)->106496K(2133504K) Eden: 1559552K(1559552K)->0K(1559552K) From: 110372K(590848K)->106496K(573952K)
[705.726s][info][gc,heap        ] GC(305) ParOldGen: 2399218K(5480960K)->2476034K(5480960K)
[705.726s][info][gc,metaspace   ] GC(305) Metaspace: 28964K(29248K)->28964K(29248K) NonClass: 25860K(25984K)->25860K(25984K) Class: 3103K(3264K)->3103K(3264K)
[705.726s][info][gc             ] GC(305) Pause Young (Allocation Failure) 3973M->2522M(7436M) 67.795ms
[705.726s][info][gc,cpu         ] GC(305) User=0.39s Sys=0.00s Real=0.07s
.[707.028s][info][gc,start       ] GC(306) Pause Young (Allocation Failure)
[707.102s][info][gc,heap        ] GC(306) PSYoungGen: 1666048K(2133504K)->114228K(2196992K) Eden: 1559552K(1559552K)->0K(1656320K) From: 106496K(573952K)->114228K(540672K)
[707.102s][info][gc,heap        ] GC(306) ParOldGen: 2476034K(5480960K)->2560074K(5480960K)
[707.102s][info][gc,metaspace   ] GC(306) Metaspace: 28964K(29248K)->28964K(29248K) NonClass: 25860K(25984K)->25860K(25984K) Class: 3103K(3264K)->3103K(3264K)
[707.102s][info][gc             ] GC(306) Pause Young (Allocation Failure) 4045M->2611M(7498M) 74.273ms
[707.102s][info][gc,cpu         ] GC(306) User=0.44s Sys=0.00s Real=0.08s
.[708.436s][info][gc,start       ] GC(307) Pause Young (Allocation Failure)
[708.513s][info][gc,heap        ] GC(307) PSYoungGen: 1770548K(2196992K)->124480K(2181120K) Eden: 1656320K(1656320K)->0K(1656320K) From: 114228K(540672K)->124480K(524800K)
[708.513s][info][gc,heap        ] GC(307) ParOldGen: 2560074K(5480960K)->2640722K(5480960K)
[708.513s][info][gc,metaspace   ] GC(307) Metaspace: 28964K(29248K)->28964K(29248K) NonClass: 25860K(25984K)->25860K(25984K) Class: 3103K(3264K)->3103K(3264K)
[708.513s][info][gc             ] GC(307) Pause Young (Allocation Failure) 4229M->2700M(7482M) 76.536ms
[708.513s][info][gc,cpu         ] GC(307) User=0.45s Sys=0.00s Real=0.08s
.. (rIR:aIR:PR = 8258:8181:8181) (tPR = 115568) [OK] 
   709s:       rampup IR =   9438 [709.889s][info][gc,start       ] GC(308) Pause Young (Allocation Failure)
[709.964s][info][gc,heap        ] GC(308) PSYoungGen: 1780800K(2181120K)->114689K(2248192K) Eden: 1656320K(1656320K)->0K(1753600K) From: 124480K(524800K)->114689K(494592K)
[709.964s][info][gc,heap        ] GC(308) ParOldGen: 2640722K(5480960K)->2727834K(5480960K)
[709.964s][info][gc,metaspace   ] GC(308) Metaspace: 28964K(29248K)->28964K(29248K) NonClass: 25860K(25984K)->25860K(25984K) Class: 3103K(3264K)->3103K(3264K)
[709.964s][info][gc             ] GC(308) Pause Young (Allocation Failure) 4317M->2775M(7548M) 74.452ms
[709.964s][info][gc,cpu         ] GC(308) User=0.44s Sys=0.00s Real=0.08s
.[711.248s][info][gc,start       ] GC(309) Pause Young (Allocation Failure)
[711.329s][info][gc,heap        ] GC(309) PSYoungGen: 1868289K(2248192K)->135720K(2229248K) Eden: 1753600K(1753600K)->0K(1753600K) From: 114689K(494592K)->135720K(475648K)
[711.329s][info][gc,heap        ] GC(309) ParOldGen: 2727834K(5480960K)->2808194K(5480960K)
[711.329s][info][gc,metaspace   ] GC(309) Metaspace: 28964K(29248K)->28964K(29248K) NonClass: 25860K(25984K)->25860K(25984K) Class: 3103K(3264K)->3103K(3264K)
[711.329s][info][gc             ] GC(309) Pause Young (Allocation Failure) 4488M->2874M(7529M) 81.296ms
[711.329s][info][gc,cpu         ] GC(309) User=0.47s Sys=0.01s Real=0.08s
.[712.570s][info][gc,start       ] GC(310) Pause Young (Allocation Failure)
[712.645s][info][gc,heap        ] GC(310) PSYoungGen: 1889320K(2229248K)->119232K(2296832K) Eden: 1753600K(1753600K)->0K(1847296K) From: 135720K(475648K)->119232K(449536K)
[712.645s][info][gc,heap        ] GC(310) ParOldGen: 2808194K(5480960K)->2894882K(5480960K)
[712.645s][info][gc,metaspace   ] GC(310) Metaspace: 28964K(29248K)->28964K(29248K) NonClass: 25860K(25984K)->25860K(25984K) Class: 3103K(3264K)->3103K(3264K)
[712.645s][info][gc             ] GC(310) Pause Young (Allocation Failure) 4587M->2943M(7595M) 75.625ms
[712.645s][info][gc,cpu         ] GC(310) User=0.45s Sys=0.00s Real=0.08s
.. (rIR:aIR:PR = 9438:9662:9663) (tPR = 141075) [OK] 
   713s:       rampup IR =  10617 [713.915s][info][gc,start       ] GC(311) Pause Young (Allocation Failure)
[713.996s][info][gc,heap        ] GC(311) PSYoungGen: 1966528K(2296832K)->128132K(2275328K) Eden: 1847296K(1847296K)->0K(1847296K) From: 119232K(449536K)->128132K(428032K)
[713.996s][info][gc,heap        ] GC(311) ParOldGen: 2894882K(5480960K)->2984658K(5480960K)
[713.996s][info][gc,metaspace   ] GC(311) Metaspace: 28966K(29248K)->28966K(29248K) NonClass: 25863K(25984K)->25863K(25984K) Class: 3103K(3264K)->3103K(3264K)
[713.996s][info][gc             ] GC(311) Pause Young (Allocation Failure) 4747M->3039M(7574M) 81.036ms
[713.996s][info][gc,cpu         ] GC(311) User=0.48s Sys=0.00s Real=0.08s
.[715.166s][info][gc,start       ] GC(312) Pause Young (Allocation Failure)
[715.244s][info][gc,heap        ] GC(312) PSYoungGen: 1975428K(2275328K)->126144K(2344448K) Eden: 1847296K(1847296K)->0K(1938432K) From: 128132K(428032K)->126144K(406016K)
[715.244s][info][gc,heap        ] GC(312) ParOldGen: 2984658K(5480960K)->3073314K(5480960K)
[715.244s][info][gc,metaspace   ] GC(312) Metaspace: 28966K(29248K)->28966K(29248K) NonClass: 25863K(25984K)->25863K(25984K) Class: 3103K(3264K)->3103K(3264K)
[715.244s][info][gc             ] GC(312) Pause Young (Allocation Failure) 4843M->3124M(7642M) 78.542ms
[715.244s][info][gc,cpu         ] GC(312) User=0.46s Sys=0.00s Real=0.08s
.[716.487s][info][gc,start       ] GC(313) Pause Young (Allocation Failure)
[716.571s][info][gc,heap        ] GC(313) PSYoungGen: 2064576K(2344448K)->136960K(2324480K) Eden: 1938432K(1938432K)->0K(1938432K) From: 126144K(406016K)->136960K(386048K)
[716.571s][info][gc,heap        ] GC(313) ParOldGen: 3073314K(5480960K)->3161826K(5480960K)
[716.571s][info][gc,metaspace   ] GC(313) Metaspace: 28966K(29248K)->28966K(29248K) NonClass: 25863K(25984K)->25863K(25984K) Class: 3103K(3264K)->3103K(3264K)
[716.571s][info][gc             ] GC(313) Pause Young (Allocation Failure) 5017M->3221M(7622M) 83.815ms
[716.571s][info][gc,cpu         ] GC(313) User=0.50s Sys=0.00s Real=0.08s
..[717.790s][info][gc,start       ] GC(314) Pause Young (Allocation Failure)
[717.873s][info][gc,heap        ] GC(314) PSYoungGen: 2075392K(2324480K)->133557K(2387456K) Eden: 1938432K(1938432K)->0K(2022400K) From: 136960K(386048K)->133557K(365056K)
[717.873s][info][gc,heap        ] GC(314) ParOldGen: 3161826K(5480960K)->3251818K(5480960K)
[717.873s][info][gc,metaspace   ] GC(314) Metaspace: 28966K(29248K)->28966K(29248K) NonClass: 25863K(25984K)->25863K(25984K) Class: 3103K(3264K)->3103K(3264K)
[717.873s][info][gc             ] GC(314) Pause Young (Allocation Failure) 5114M->3306M(7684M) 82.694ms
[717.873s][info][gc,cpu         ] GC(314) User=0.48s Sys=0.01s Real=0.09s
. (rIR:aIR:PR = 10617:10587:10579) (tPR = 159506) [OK] 
   718s:       rampup IR =  11797 [719.184s][info][gc,start       ] GC(315) Pause Young (Allocation Failure)
[719.272s][info][gc,heap        ] GC(315) PSYoungGen: 2155957K(2387456K)->143840K(2369024K) Eden: 2022400K(2022400K)->0K(2022400K) From: 133557K(365056K)->143840K(346624K)
[719.272s][info][gc,heap        ] GC(315) ParOldGen: 3251818K(5480960K)->3343410K(5480960K)
[719.272s][info][gc,metaspace   ] GC(315) Metaspace: 28967K(29248K)->28967K(29248K) NonClass: 25863K(25984K)->25863K(25984K) Class: 3103K(3264K)->3103K(3264K)
[719.272s][info][gc             ] GC(315) Pause Young (Allocation Failure) 5281M->3405M(7666M) 87.697ms
[719.272s][info][gc,cpu         ] GC(315) User=0.52s Sys=0.00s Real=0.09s
.[720.400s][info][gc,start       ] GC(316) Pause Young (Allocation Failure)
[720.491s][info][gc,heap        ] GC(316) PSYoungGen: 2166240K(2369024K)->149120K(2429952K) Eden: 2022400K(2022400K)->0K(2102272K) From: 143840K(346624K)->149120K(327680K)
[720.491s][info][gc,heap        ] GC(316) ParOldGen: 3343410K(5480960K)->3442594K(5480960K)
[720.491s][info][gc,metaspace   ] GC(316) Metaspace: 28967K(29248K)->28967K(29248K) NonClass: 25863K(25984K)->25863K(25984K) Class: 3103K(3264K)->3103K(3264K)
[720.491s][info][gc             ] GC(316) Pause Young (Allocation Failure) 5380M->3507M(7725M) 91.341ms
[720.491s][info][gc,cpu         ] GC(316) User=0.53s Sys=0.00s Real=0.09s
.[721.773s][info][gc,start       ] GC(317) Pause Young (Allocation Failure)
[721.863s][info][gc,heap        ] GC(317) PSYoungGen: 2251392K(2429952K)->147712K(2412032K) Eden: 2102272K(2102272K)->0K(2102272K) From: 149120K(327680K)->147712K(309760K)
[721.863s][info][gc,heap        ] GC(317) ParOldGen: 3442594K(5480960K)->3535506K(5480960K)
[721.863s][info][gc,metaspace   ] GC(317) Metaspace: 28967K(29248K)->28967K(29248K) NonClass: 25863K(25984K)->25863K(25984K) Class: 3103K(3264K)->3103K(3264K)
[721.863s][info][gc             ] GC(317) Pause Young (Allocation Failure) 5560M->3596M(7708M) 90.337ms
[721.864s][info][gc,cpu         ] GC(317) User=0.53s Sys=0.00s Real=0.09s
..[723.081s][info][gc,start       ] GC(318) Pause Young (Allocation Failure)
[723.174s][info][gc,heap        ] GC(318) PSYoungGen: 2249984K(2412032K)->150421K(2466304K) Eden: 2102272K(2102272K)->0K(2172416K) From: 147712K(309760K)->150421K(293888K)
[723.174s][info][gc,heap        ] GC(318) ParOldGen: 3535506K(5480960K)->3632030K(5480960K)
[723.174s][info][gc,metaspace   ] GC(318) Metaspace: 28967K(29248K)->28967K(29248K) NonClass: 25863K(25984K)->25863K(25984K) Class: 3103K(3264K)->3103K(3264K)
[723.174s][info][gc             ] GC(318) Pause Young (Allocation Failure) 5649M->3693M(7761M) 92.896ms
[723.174s][info][gc,cpu         ] GC(318) User=0.55s Sys=0.00s Real=0.10s
.[724.393s][info][gc,start       ] GC(319) Pause Young (Allocation Failure)
[724.490s][info][gc,heap        ] GC(319) PSYoungGen: 2322837K(2466304K)->165856K(2452480K) Eden: 2172416K(2172416K)->0K(2172416K) From: 150421K(293888K)->165856K(280064K)
[724.490s][info][gc,heap        ] GC(319) ParOldGen: 3632030K(5480960K)->3728886K(5480960K)
[724.490s][info][gc,metaspace   ] GC(319) Metaspace: 28967K(29248K)->28967K(29248K) NonClass: 25863K(25984K)->25863K(25984K) Class: 3103K(3264K)->3103K(3264K)
[724.490s][info][gc             ] GC(319) Pause Young (Allocation Failure) 5815M->3803M(7747M) 97.361ms
[724.491s][info][gc,cpu         ] GC(319) User=0.57s Sys=0.01s Real=0.09s
.[725.763s][info][gc,start       ] GC(320) Pause Young (Allocation Failure)
[725.854s][info][gc,heap        ] GC(320) PSYoungGen: 2338272K(2452480K)->142771K(2505216K) Eden: 2172416K(2172416K)->0K(2232832K) From: 165856K(280064K)->142771K(272384K)
[725.854s][info][gc,heap        ] GC(320) ParOldGen: 3728886K(5480960K)->3828174K(5480960K)
[725.854s][info][gc,metaspace   ] GC(320) Metaspace: 28971K(29248K)->28971K(29248K) NonClass: 25867K(25984K)->25867K(25984K) Class: 3103K(3264K)->3103K(3264K)
[725.854s][info][gc             ] GC(320) Pause Young (Allocation Failure) 5924M->3877M(7799M) 90.587ms
[725.854s][info][gc,cpu         ] GC(320) User=0.54s Sys=0.00s Real=0.09s
.[727.175s][info][gc,start       ] GC(321) Pause Young (Allocation Failure)
[727.268s][info][gc,heap        ] GC(321) PSYoungGen: 2375603K(2505216K)->150944K(2495488K) Eden: 2232832K(2232832K)->0K(2232832K) From: 142771K(272384K)->150944K(262656K)
[727.268s][info][gc,heap        ] GC(321) ParOldGen: 3828174K(5480960K)->3930166K(5480960K)
[727.268s][info][gc,metaspace   ] GC(321) Metaspace: 28971K(29248K)->28971K(29248K) NonClass: 25867K(25984K)->25867K(25984K) Class: 3103K(3264K)->3103K(3264K)
[727.268s][info][gc             ] GC(321) Pause Young (Allocation Failure) 6058M->3985M(7789M) 93.468ms
[727.269s][info][gc,cpu         ] GC(321) User=0.55s Sys=0.01s Real=0.09s
.[728.576s][info][gc,start       ] GC(322) Pause Young (Allocation Failure)
[728.664s][info][gc,heap        ] GC(322) PSYoungGen: 2383776K(2495488K)->142304K(2522112K) Eden: 2232832K(2232832K)->0K(2270208K) From: 150944K(262656K)->142304K(251904K)
[728.664s][info][gc,heap        ] GC(322) ParOldGen: 3930166K(5480960K)->4024415K(5480960K)
[728.664s][info][gc,metaspace   ] GC(322) Metaspace: 28971K(29248K)->28971K(29248K) NonClass: 25868K(25984K)->25868K(25984K) Class: 3103K(3264K)->3103K(3264K)
[728.664s][info][gc             ] GC(322) Pause Young (Allocation Failure) 6165M->4069M(7815M) 87.297ms
[728.664s][info][gc,cpu         ] GC(322) User=0.51s Sys=0.00s Real=0.09s
.. (rIR:aIR:PR = 11797:11457:11457) (tPR = 174279) [OK] 
   729s:       trying IR =  11897 [730.008s][info][gc,start       ] GC(323) Pause Young (Allocation Failure)
[730.101s][info][gc,heap        ] GC(323) PSYoungGen: 2412512K(2522112K)->148041K(2512896K) Eden: 2270208K(2270208K)->0K(2270208K) From: 142304K(251904K)->148041K(242688K)
[730.101s][info][gc,heap        ] GC(323) ParOldGen: 4024415K(5480960K)->4128975K(5480960K)
[730.102s][info][gc,metaspace   ] GC(323) Metaspace: 28971K(29248K)->28971K(29248K) NonClass: 25868K(25984K)->25868K(25984K) Class: 3103K(3264K)->3103K(3264K)
[730.102s][info][gc             ] GC(323) Pause Young (Allocation Failure) 6286M->4176M(7806M) 93.477ms
[730.102s][info][gc,cpu         ] GC(323) User=0.55s Sys=0.00s Real=0.09s
.[731.363s][info][gc,start       ] GC(324) Pause Young (Allocation Failure)
[731.463s][info][gc,heap        ] GC(324) PSYoungGen: 2418249K(2512896K)->167381K(2536448K) Eden: 2270208K(2270208K)->0K(2302976K) From: 148041K(242688K)->167381K(233472K)
[731.463s][info][gc,heap        ] GC(324) ParOldGen: 4128975K(5480960K)->4224863K(5480960K)
[731.463s][info][gc,metaspace   ] GC(324) Metaspace: 28971K(29248K)->28971K(29248K) NonClass: 25868K(25984K)->25868K(25984K) Class: 3103K(3264K)->3103K(3264K)
[731.463s][info][gc             ] GC(324) Pause Young (Allocation Failure) 6393M->4289M(7829M) 100.154ms
[731.463s][info][gc,cpu         ] GC(324) User=0.59s Sys=0.00s Real=0.10s
.[732.809s][info][gc,start       ] GC(325) Pause Young (Allocation Failure)
[732.902s][info][gc,heap        ] GC(325) PSYoungGen: 2470357K(2536448K)->151264K(2534912K) Eden: 2302976K(2302976K)->0K(2302976K) From: 167381K(233472K)->151264K(231936K)
[732.902s][info][gc,heap        ] GC(325) ParOldGen: 4224863K(5480960K)->4329591K(5480960K)
[732.902s][info][gc,metaspace   ] GC(325) Metaspace: 28971K(29248K)->28971K(29248K) NonClass: 25868K(25984K)->25868K(25984K) Class: 3103K(3264K)->3103K(3264K)
[732.902s][info][gc             ] GC(325) Pause Young (Allocation Failure) 6538M->4375M(7828M) 93.188ms
[732.902s][info][gc,cpu         ] GC(325) User=0.55s Sys=0.00s Real=0.10s
.[734.221s][info][gc,start       ] GC(326) Pause Young (Allocation Failure)
[734.319s][info][gc,heap        ] GC(326) PSYoungGen: 2454240K(2534912K)->156741K(2558976K) Eden: 2302976K(2302976K)->0K(2335744K) From: 151264K(231936K)->156741K(223232K)
[734.319s][info][gc,heap        ] GC(326) ParOldGen: 4329591K(5480960K)->4435311K(5480960K)
[734.319s][info][gc,metaspace   ] GC(326) Metaspace: 28971K(29248K)->28971K(29248K) NonClass: 25868K(25984K)->25868K(25984K) Class: 3103K(3264K)->3103K(3264K)
[734.319s][info][gc             ] GC(326) Pause Young (Allocation Failure) 6624M->4484M(7851M) 98.228ms
[734.319s][info][gc,cpu         ] GC(326) User=0.58s Sys=0.00s Real=0.10s
..[735.713s][info][gc,start       ] GC(327) Pause Young (Allocation Failure)
[735.806s][info][gc,heap        ] GC(327) PSYoungGen: 2492485K(2558976K)->144480K(2554880K) Eden: 2335744K(2335744K)->0K(2335744K) From: 156741K(223232K)->144480K(219136K)
[735.806s][info][gc,heap        ] GC(327) ParOldGen: 4435311K(5480960K)->4540311K(5480960K)
[735.806s][info][gc,metaspace   ] GC(327) Metaspace: 28971K(29248K)->28971K(29248K) NonClass: 25868K(25984K)->25868K(25984K) Class: 3103K(3264K)->3103K(3264K)
[735.806s][info][gc             ] GC(327) Pause Young (Allocation Failure) 6765M->4574M(7847M) 92.999ms
[735.806s][info][gc,cpu         ] GC(327) User=0.55s Sys=0.00s Real=0.09s
. (rIR:aIR:PR = 11897:11659:11346) (tPR = 164353) [OK] 
   736s:       trying IR =  11917 [737.161s][info][gc,start       ] GC(328) Pause Young (Allocation Failure)
[737.272s][info][gc,heap        ] GC(328) PSYoungGen: 2480224K(2554880K)->173904K(2565120K) Eden: 2335744K(2335744K)->0K(2351616K) From: 144480K(219136K)->173904K(213504K)
[737.272s][info][gc,heap        ] GC(328) ParOldGen: 4540311K(5480960K)->4642711K(5480960K)
[737.272s][info][gc,metaspace   ] GC(328) Metaspace: 28971K(29248K)->28971K(29248K) NonClass: 25868K(25984K)->25868K(25984K) Class: 3103K(3264K)->3103K(3264K)
[737.272s][info][gc             ] GC(328) Pause Young (Allocation Failure) 6855M->4703M(7857M) 111.218ms
[737.272s][info][gc,cpu         ] GC(328) User=0.61s Sys=0.04s Real=0.12s
.[738.670s][info][gc,start       ] GC(329) Pause Young (Allocation Failure)
[738.777s][info][gc,heap        ] GC(329) PSYoungGen: 2525520K(2565120K)->176944K(2567168K) Eden: 2351616K(2351616K)->0K(2351616K) From: 173904K(213504K)->176944K(215552K)
[738.777s][info][gc,heap        ] GC(329) ParOldGen: 4642711K(5480960K)->4747943K(5480960K)
[738.777s][info][gc,metaspace   ] GC(329) Metaspace: 28971K(29248K)->28971K(29248K) NonClass: 25868K(25984K)->25868K(25984K) Class: 3103K(3264K)->3103K(3264K)
[738.777s][info][gc             ] GC(329) Pause Young (Allocation Failure) 7000M->4809M(7859M) 107.391ms
[738.777s][info][gc,cpu         ] GC(329) User=0.63s Sys=0.00s Real=0.11s
.[740.079s][info][gc,start       ] GC(330) Pause Young (Allocation Failure)
[740.174s][info][gc,heap        ] GC(330) PSYoungGen: 2528560K(2567168K)->150496K(2572288K) Eden: 2351616K(2351616K)->0K(2361856K) From: 176944K(215552K)->150496K(210432K)
[740.174s][info][gc,heap        ] GC(330) ParOldGen: 4747943K(5480960K)->4849095K(5480960K)
[740.174s][info][gc,metaspace   ] GC(330) Metaspace: 28971K(29248K)->28971K(29248K) NonClass: 25868K(25984K)->25868K(25984K) Class: 3103K(3264K)->3103K(3264K)
[740.174s][info][gc             ] GC(330) Pause Young (Allocation Failure) 7105M->4882M(7864M) 94.509ms
[740.174s][info][gc,cpu         ] GC(330) User=0.55s Sys=0.00s Real=0.10s
.[741.586s][info][gc,start       ] GC(331) Pause Young (Allocation Failure)
[741.688s][info][gc,heap        ] GC(331) PSYoungGen: 2512352K(2572288K)->163872K(2574848K) Eden: 2361856K(2361856K)->0K(2361856K) From: 150496K(210432K)->163872K(212992K)
[741.688s][info][gc,heap        ] GC(331) ParOldGen: 4849095K(5480960K)->4957663K(5480960K)
[741.688s][info][gc,metaspace   ] GC(331) Metaspace: 28971K(29248K)->28971K(29248K) NonClass: 25868K(25984K)->25868K(25984K) Class: 3103K(3264K)->3103K(3264K)
[741.688s][info][gc             ] GC(331) Pause Young (Allocation Failure) 7188M->5001M(7867M) 102.072ms
[741.688s][info][gc,cpu         ] GC(331) User=0.59s Sys=0.01s Real=0.10s
.[743.016s][info][gc,start       ] GC(332) Pause Young (Allocation Failure)
[743.128s][info][gc,heap        ] GC(332) PSYoungGen: 2525728K(2574848K)->177440K(2580480K) Eden: 2361856K(2361856K)->0K(2370048K) From: 163872K(212992K)->177440K(210432K)
[743.128s][info][gc,heap        ] GC(332) ParOldGen: 4957663K(5480960K)->5061207K(5480960K)
[743.128s][info][gc,metaspace   ] GC(332) Metaspace: 28971K(29248K)->28971K(29248K) NonClass: 25868K(25984K)->25868K(25984K) Class: 3103K(3264K)->3103K(3264K)
[743.128s][info][gc             ] GC(332) Pause Young (Allocation Failure) 7307M->5115M(7872M) 111.897ms
[743.128s][info][gc,cpu         ] GC(332) User=0.62s Sys=0.03s Real=0.11s
.[744.484s][info][gc,start       ] GC(333) Pause Young (Allocation Failure)
[744.637s][info][gc,heap        ] GC(333) PSYoungGen: 2547488K(2580480K)->172005K(2583040K) Eden: 2370048K(2370048K)->0K(2370048K) From: 177440K(210432K)->172005K(212992K)
[744.637s][info][gc,heap        ] GC(333) ParOldGen: 5061207K(5480960K)->5167607K(5480960K)
[744.637s][info][gc,metaspace   ] GC(333) Metaspace: 28972K(29248K)->28972K(29248K) NonClass: 25868K(25984K)->25868K(25984K) Class: 3103K(3264K)->3103K(3264K)
[744.637s][info][gc             ] GC(333) Pause Young (Allocation Failure) 7430M->5214M(7875M) 152.604ms
[744.637s][info][gc,cpu         ] GC(333) User=0.62s Sys=0.00s Real=0.15s
.[745.941s][info][gc,start       ] GC(334) Pause Young (Allocation Failure)
[746.048s][info][gc,heap        ] GC(334) PSYoungGen: 2542053K(2583040K)->172650K(2582016K) Eden: 2370048K(2370048K)->0K(2370048K) From: 172005K(212992K)->172650K(211968K)
[746.048s][info][gc,heap        ] GC(334) ParOldGen: 5167607K(5480960K)->5272199K(5480960K)
[746.048s][info][gc,metaspace   ] GC(334) Metaspace: 28972K(29248K)->28972K(29248K) NonClass: 25868K(25984K)->25868K(25984K) Class: 3103K(3264K)->3103K(3264K)
[746.048s][info][gc             ] GC(334) Pause Young (Allocation Failure) 7528M->5317M(7874M) 107.459ms
[746.048s][info][gc,cpu         ] GC(334) User=0.63s Sys=0.00s Real=0.11s
. (rIR:aIR:PR = 11917:11683:11579) (tPR = 173073) [OK] 
   745s:       trying IR =  11941 [747.434s][info][gc,start       ] GC(335) Pause Young (Allocation Failure)
[747.586s][info][gc,heap        ] GC(335) PSYoungGen: 2542698K(2582016K)->170741K(2582528K) Eden: 2370048K(2370048K)->0K(2370048K) From: 172650K(211968K)->170741K(212480K)
[747.586s][info][gc,heap        ] GC(335) ParOldGen: 5272199K(5480960K)->5378135K(5480960K)
[747.586s][info][gc,metaspace   ] GC(335) Metaspace: 28973K(29248K)->28973K(29248K) NonClass: 25869K(25984K)->25869K(25984K) Class: 3103K(3264K)->3103K(3264K)
[747.586s][info][gc             ] GC(335) Pause Young (Allocation Failure) 7631M->5418M(7874M) 152.167ms
[747.586s][info][gc,cpu         ] GC(335) User=0.62s Sys=0.00s Real=0.15s
..[748.933s][info][gc,start       ] GC(336) Pause Young (Allocation Failure)
[749.034s][info][gc,heap        ] GC(336) PSYoungGen: 2540789K(2582528K)->164128K(2576384K) Eden: 2370048K(2370048K)->0K(2372608K) From: 170741K(212480K)->164128K(203776K)
[749.034s][info][gc,heap        ] GC(336) ParOldGen: 5378135K(5480960K)->5481671K(5481984K)
[749.034s][info][gc,metaspace   ] GC(336) Metaspace: 28973K(29248K)->28973K(29248K) NonClass: 25869K(25984K)->25869K(25984K) Class: 3103K(3264K)->3103K(3264K)
[749.035s][info][gc             ] GC(336) Pause Young (Allocation Failure) 7733M->5513M(7869M) 101.705ms
[749.035s][info][gc,cpu         ] GC(336) User=0.60s Sys=0.01s Real=0.10s
.[750.409s][info][gc,start       ] GC(337) Pause Full (Allocation Failure)
[750.409s][info][gc,phases,start] GC(337) Marking Phase
[750.785s][info][gc,phases      ] GC(337) Marking Phase 376.304ms
[750.785s][info][gc,phases,start] GC(337) Summary Phase
[750.786s][info][gc,phases      ] GC(337) Summary Phase 0.102ms
[750.786s][info][gc,phases,start] GC(337) Forward
[750.934s][info][gc,phases      ] GC(337) Forward 148.207ms
[750.934s][info][gc,phases,start] GC(337) Adjust Pointers
[751.179s][info][gc,phases      ] GC(337) Adjust Pointers 245.529ms
[751.179s][info][gc,phases,start] GC(337) Compaction Phase
[751.373s][info][gc,phases      ] GC(337) Compaction Phase 193.786ms
[751.375s][info][gc,phases,start] GC(337) Post Compact
[751.382s][info][gc,phases      ] GC(337) Post Compact 6.874ms
[751.490s][info][gc,heap        ] GC(337) PSYoungGen: 2536736K(2576384K)->0K(2579456K) Eden: 2372608K(2372608K)->0K(2372608K) From: 164128K(203776K)->0K(206848K)
[751.490s][info][gc,heap        ] GC(337) ParOldGen: 5481671K(5481984K)->1641436K(1861632K)
[751.490s][info][gc,metaspace   ] GC(337) Metaspace: 28973K(29248K)->28973K(29248K) NonClass: 25869K(25984K)->25869K(25984K) Class: 3103K(3264K)->3103K(3264K)
[751.490s][info][gc             ] GC(337) Pause Full (Allocation Failure) 7830M->1602M(4337M) 1081.003ms
[751.490s][info][gc,cpu         ] GC(337) User=5.08s Sys=0.11s Real=1.08s
..[752.809s][info][gc,start       ] GC(338) Pause Young (Allocation Failure)
[752.893s][info][gc,heap        ] GC(338) PSYoungGen: 2372608K(2579456K)->191680K(2575872K) Eden: 2372608K(2372608K)->0K(2369024K) From: 0K(206848K)->191680K(206848K)
[752.893s][info][gc,heap        ] GC(338) ParOldGen: 1641436K(1861632K)->1641436K(1861632K)
[752.893s][info][gc,metaspace   ] GC(338) Metaspace: 28976K(29248K)->28976K(29248K) NonClass: 25873K(25984K)->25873K(25984K) Class: 3103K(3264K)->3103K(3264K)
[752.893s][info][gc             ] GC(338) Pause Young (Allocation Failure) 3919M->1790M(4333M) 84.166ms
[752.893s][info][gc,cpu         ] GC(338) User=0.47s Sys=0.03s Real=0.09s
.[754.340s][info][gc,start       ] GC(339) Pause Young (Allocation Failure)
[754.432s][info][gc,heap        ] GC(339) PSYoungGen: 2560704K(2575872K)->144368K(2582528K) Eden: 2369024K(2369024K)->0K(2369024K) From: 191680K(206848K)->144368K(213504K)
[754.433s][info][gc,heap        ] GC(339) ParOldGen: 1641436K(1861632K)->1761940K(1861632K)
[754.433s][info][gc,metaspace   ] GC(339) Metaspace: 28976K(29248K)->28976K(29248K) NonClass: 25873K(25984K)->25873K(25984K) Class: 3103K(3264K)->3103K(3264K)
[754.433s][info][gc             ] GC(339) Pause Young (Allocation Failure) 4103M->1861M(4340M) 92.135ms
[754.433s][info][gc,cpu         ] GC(339) User=0.54s Sys=0.00s Real=0.10s
.[755.762s][info][gc,start       ] GC(340) Pause Young (Allocation Failure)
[755.867s][info][gc,heap        ] GC(340) PSYoungGen: 2513392K(2582528K)->184832K(2576896K) Eden: 2369024K(2369024K)->0K(2364928K) From: 144368K(213504K)->184832K(211968K)
[755.867s][info][gc,heap        ] GC(340) ParOldGen: 1761940K(1861632K)->1869268K(1869312K)
[755.867s][info][gc,metaspace   ] GC(340) Metaspace: 28976K(29248K)->28976K(29248K) NonClass: 25873K(25984K)->25873K(25984K) Class: 3103K(3264K)->3103K(3264K)
[755.867s][info][gc             ] GC(340) Pause Young (Allocation Failure) 4175M->2005M(4342M) 105.049ms
[755.867s][info][gc,cpu         ] GC(340) User=0.61s Sys=0.00s Real=0.10s
.[757.145s][info][gc,start       ] GC(341) Pause Young (Allocation Failure)
[757.246s][info][gc,heap        ] GC(341) PSYoungGen: 2549760K(2576896K)->161300K(2526720K) Eden: 2364928K(2364928K)->0K(2364928K) From: 184832K(211968K)->161300K(161792K)
[757.246s][info][gc,heap        ] GC(341) ParOldGen: 1869268K(1869312K)->1976596K(1976832K)
[757.246s][info][gc,metaspace   ] GC(341) Metaspace: 28976K(29248K)->28976K(29248K) NonClass: 25873K(25984K)->25873K(25984K) Class: 3103K(3264K)->3103K(3264K)
[757.246s][info][gc             ] GC(341) Pause Young (Allocation Failure) 4315M->2087M(4398M) 101.385ms
[757.246s][info][gc,cpu         ] GC(341) User=0.57s Sys=0.03s Real=0.10s
.[758.660s][info][gc,start       ] GC(342) Pause Young (Allocation Failure)
[758.764s][info][gc,heap        ] GC(342) PSYoungGen: 2526228K(2526720K)->163558K(2584064K) Eden: 2364928K(2364928K)->0K(2373120K) From: 161300K(161792K)->163558K(210944K)
[758.764s][info][gc,heap        ] GC(342) ParOldGen: 1976596K(1976832K)->2083628K(2083840K)
[758.764s][info][gc,metaspace   ] GC(342) Metaspace: 28976K(29248K)->28976K(29248K) NonClass: 25873K(25984K)->25873K(25984K) Class: 3103K(3264K)->3103K(3264K)
[758.764s][info][gc             ] GC(342) Pause Young (Allocation Failure) 4397M->2194M(4558M) 103.574ms
[758.764s][info][gc,cpu         ] GC(342) User=0.58s Sys=0.04s Real=0.11s
..[760.088s][info][gc,start       ] GC(343) Pause Young (Allocation Failure)
[760.186s][info][gc,heap        ] GC(343) PSYoungGen: 2536678K(2584064K)->161376K(2579456K) Eden: 2373120K(2373120K)->0K(2373120K) From: 163558K(210944K)->161376K(206336K)
[760.186s][info][gc,heap        ] GC(343) ParOldGen: 2083628K(2083840K)->2185948K(2186240K)
[760.186s][info][gc,metaspace   ] GC(343) Metaspace: 28976K(29248K)->28976K(29248K) NonClass: 25873K(25984K)->25873K(25984K) Class: 3103K(3264K)->3103K(3264K)
[760.187s][info][gc             ] GC(343) Pause Young (Allocation Failure) 4512M->2292M(4654M) 98.007ms
[760.187s][info][gc,cpu         ] GC(343) User=0.54s Sys=0.03s Real=0.10s
.[761.606s][info][gc,start       ] GC(344) Pause Young (Allocation Failure)
[761.708s][info][gc,heap        ] GC(344) PSYoungGen: 2534496K(2579456K)->166704K(2584064K) Eden: 2373120K(2373120K)->0K(2381312K) From: 161376K(206336K)->166704K(202752K)
[761.708s][info][gc,heap        ] GC(344) ParOldGen: 2185948K(2186240K)->2293420K(2293760K)
[761.708s][info][gc,metaspace   ] GC(344) Metaspace: 28976K(29248K)->28976K(29248K) NonClass: 25873K(25984K)->25873K(25984K) Class: 3103K(3264K)->3103K(3264K)
[761.708s][info][gc             ] GC(344) Pause Young (Allocation Failure) 4609M->2402M(4763M) 102.206ms
[761.708s][info][gc,cpu         ] GC(344) User=0.57s Sys=0.03s Real=0.10s
.[763.003s][info][gc,start       ] GC(345) Pause Young (Allocation Failure)
[763.109s][info][gc,heap        ] GC(345) PSYoungGen: 2548016K(2584064K)->173429K(2581504K) Eden: 2381312K(2381312K)->0K(2381312K) From: 166704K(202752K)->173429K(200192K)
[763.109s][info][gc,heap        ] GC(345) ParOldGen: 2293420K(2293760K)->2393844K(2394112K)
[763.109s][info][gc,metaspace   ] GC(345) Metaspace: 28976K(29248K)->28976K(29248K) NonClass: 25873K(25984K)->25873K(25984K) Class: 3103K(3264K)->3103K(3264K)
[763.109s][info][gc             ] GC(345) Pause Young (Allocation Failure) 4727M->2507M(4859M) 105.356ms
[763.109s][info][gc,cpu         ] GC(345) User=0.59s Sys=0.02s Real=0.10s
.[764.423s][info][gc,start       ] GC(346) Pause Young (Allocation Failure)
[764.575s][info][gc,heap        ] GC(346) PSYoungGen: 2554741K(2581504K)->170272K(2594304K) Eden: 2381312K(2381312K)->0K(2394624K) From: 173429K(200192K)->170272K(199680K)
[764.575s][info][gc,heap        ] GC(346) ParOldGen: 2393844K(2394112K)->2505932K(2506240K)
[764.575s][info][gc,metaspace   ] GC(346) Metaspace: 28976K(29248K)->28976K(29248K) NonClass: 25873K(25984K)->25873K(25984K) Class: 3103K(3264K)->3103K(3264K)
[764.575s][info][gc             ] GC(346) Pause Young (Allocation Failure) 4832M->2613M(4981M) 152.450ms
[764.575s][info][gc,cpu         ] GC(346) User=0.59s Sys=0.04s Real=0.15s
.[765.976s][info][gc,start       ] GC(347) Pause Young (Allocation Failure)
[766.078s][info][gc,heap        ] GC(347) PSYoungGen: 2564896K(2594304K)->168288K(2592768K) Eden: 2394624K(2394624K)->0K(2394624K) From: 170272K(199680K)->168288K(198144K)
[766.078s][info][gc,heap        ] GC(347) ParOldGen: 2505932K(2506240K)->2607628K(2608128K)
[766.078s][info][gc,metaspace   ] GC(347) Metaspace: 28976K(29248K)->28976K(29248K) NonClass: 25873K(25984K)->25873K(25984K) Class: 3103K(3264K)->3103K(3264K)
[766.078s][info][gc             ] GC(347) Pause Young (Allocation Failure) 4951M->2710M(5079M) 102.521ms
[766.078s][info][gc,cpu         ] GC(347) User=0.57s Sys=0.03s Real=0.10s
..[767.438s][info][gc,start       ] GC(348) Pause Young (Allocation Failure)
[767.590s][info][gc,heap        ] GC(348) PSYoungGen: 2562912K(2592768K)->171109K(2595840K) Eden: 2394624K(2394624K)->0K(2399744K) From: 168288K(198144K)->171109K(196096K)
[767.590s][info][gc,heap        ] GC(348) ParOldGen: 2607628K(2608128K)->2715332K(2715648K)
[767.590s][info][gc,metaspace   ] GC(348) Metaspace: 28976K(29248K)->28976K(29248K) NonClass: 25873K(25984K)->25873K(25984K) Class: 3103K(3264K)->3103K(3264K)
[767.590s][info][gc             ] GC(348) Pause Young (Allocation Failure) 5049M->2818M(5187M) 152.234ms
[767.590s][info][gc,cpu         ] GC(348) User=0.61s Sys=0.02s Real=0.15s
.[768.947s][info][gc,start       ] GC(349) Pause Young (Allocation Failure)
[769.049s][info][gc,heap        ] GC(349) PSYoungGen: 2570853K(2595840K)->161705K(2594304K) Eden: 2399744K(2399744K)->0K(2399744K) From: 171109K(196096K)->161705K(194560K)
[769.049s][info][gc,heap        ] GC(349) ParOldGen: 2715332K(2715648K)->2819948K(2820096K)
[769.049s][info][gc,metaspace   ] GC(349) Metaspace: 28976K(29248K)->28976K(29248K) NonClass: 25873K(25984K)->25873K(25984K) Class: 3103K(3264K)->3103K(3264K)
[769.049s][info][gc             ] GC(349) Pause Young (Allocation Failure) 5162M->2911M(5287M) 101.831ms
[769.049s][info][gc,cpu         ] GC(349) User=0.56s Sys=0.04s Real=0.10s
.[770.566s][info][gc,start       ] GC(350) Pause Young (Allocation Failure)
[770.669s][info][gc,heap        ] GC(350) PSYoungGen: 2561449K(2594304K)->157625K(2599936K) Eden: 2399744K(2399744K)->0K(2406912K) From: 161705K(194560K)->157625K(193024K)
[770.669s][info][gc,heap        ] GC(350) ParOldGen: 2819948K(2820096K)->2925444K(2925568K)
[770.669s][info][gc,metaspace   ] GC(350) Metaspace: 28976K(29248K)->28976K(29248K) NonClass: 25873K(25984K)->25873K(25984K) Class: 3103K(3264K)->3103K(3264K)
[770.669s][info][gc             ] GC(350) Pause Young (Allocation Failure) 5255M->3010M(5396M) 102.552ms
[770.669s][info][gc,cpu         ] GC(350) User=0.57s Sys=0.04s Real=0.10s
.[772.042s][info][gc,start       ] GC(351) Pause Young (Allocation Failure)
[772.156s][info][gc,heap        ] GC(351) PSYoungGen: 2564537K(2599936K)->191475K(2598400K) Eden: 2406912K(2406912K)->0K(2406912K) From: 157625K(193024K)->191475K(191488K)
[772.156s][info][gc,heap        ] GC(351) ParOldGen: 2925444K(2925568K)->3032128K(3032576K)
[772.156s][info][gc,metaspace   ] GC(351) Metaspace: 28976K(29248K)->28976K(29248K) NonClass: 25873K(25984K)->25873K(25984K) Class: 3103K(3264K)->3103K(3264K)
[772.156s][info][gc             ] GC(351) Pause Young (Allocation Failure) 5361M->3148M(5499M) 114.349ms
[772.156s][info][gc,cpu         ] GC(351) User=0.64s Sys=0.04s Real=0.12s
.[773.343s][info][gc,start       ] GC(352) Pause Young (Allocation Failure)
[773.456s][info][gc,heap        ] GC(352) PSYoungGen: 2598387K(2598400K)->192756K(2518528K) Eden: 2406912K(2406912K)->0K(2320896K) From: 191475K(191488K)->192756K(197632K)
[773.456s][info][gc,heap        ] GC(352) ParOldGen: 3032128K(3032576K)->3130936K(3131392K)
[773.456s][info][gc,metaspace   ] GC(352) Metaspace: 28976K(29248K)->28976K(29248K) NonClass: 25873K(25984K)->25873K(25984K) Class: 3103K(3264K)->3103K(3264K)
[773.456s][info][gc             ] GC(352) Pause Young (Allocation Failure) 5498M->3245M(5517M) 112.418ms
[773.456s][info][gc,cpu         ] GC(352) User=0.62s Sys=0.04s Real=0.11s
.[774.766s][info][gc,start       ] GC(353) Pause Young (Allocation Failure)
[774.878s][info][gc,heap        ] GC(353) PSYoungGen: 2513652K(2518528K)->179013K(2558464K) Eden: 2320896K(2320896K)->0K(2320896K) From: 192756K(197632K)->179013K(237568K)
[774.878s][info][gc,heap        ] GC(353) ParOldGen: 3130936K(3131392K)->3250528K(3250688K)
[774.878s][info][gc,metaspace   ] GC(353) Metaspace: 28976K(29248K)->28976K(29248K) NonClass: 25873K(25984K)->25873K(25984K) Class: 3103K(3264K)->3103K(3264K)
[774.878s][info][gc             ] GC(353) Pause Young (Allocation Failure) 5512M->3349M(5673M) 112.110ms
[774.878s][info][gc,cpu         ] GC(353) User=0.63s Sys=0.04s Real=0.11s
..[776.272s][info][gc,start       ] GC(354) Pause Young (Allocation Failure)
[776.378s][info][gc,heap        ] GC(354) PSYoungGen: 2499909K(2558464K)->163626K(2547712K) Eden: 2320896K(2320896K)->0K(2326528K) From: 179013K(237568K)->163626K(221184K)
[776.378s][info][gc,heap        ] GC(354) ParOldGen: 3250528K(3250688K)->3362712K(3362816K)
[776.378s][info][gc,metaspace   ] GC(354) Metaspace: 28976K(29248K)->28976K(29248K) NonClass: 25873K(25984K)->25873K(25984K) Class: 3103K(3264K)->3103K(3264K)
[776.378s][info][gc             ] GC(354) Pause Young (Allocation Failure) 5615M->3443M(5772M) 105.770ms
[776.378s][info][gc,cpu         ] GC(354) User=0.59s Sys=0.03s Real=0.10s
 (rIR:aIR:PR = 11941:11715:11623) (tPR = 174786) [OK] 
   776s:       trying IR =  11970 .[777.884s][info][gc,start       ] GC(355) Pause Young (Allocation Failure)
[777.983s][info][gc,heap        ] GC(355) PSYoungGen: 2490154K(2547712K)->162757K(2555904K) Eden: 2326528K(2326528K)->0K(2326528K) From: 163626K(221184K)->162757K(229376K)
[777.983s][info][gc,heap        ] GC(355) ParOldGen: 3362712K(3362816K)->3460472K(3460608K)
[777.983s][info][gc,metaspace   ] GC(355) Metaspace: 28976K(29248K)->28976K(29248K) NonClass: 25873K(25984K)->25873K(25984K) Class: 3103K(3264K)->3103K(3264K)
[777.983s][info][gc             ] GC(355) Pause Young (Allocation Failure) 5715M->3538M(5875M) 99.755ms
[777.983s][info][gc,cpu         ] GC(355) User=0.55s Sys=0.04s Real=0.10s
.[779.357s][info][gc,start       ] GC(356) Pause Young (Allocation Failure)
[779.464s][info][gc,heap        ] GC(356) PSYoungGen: 2489285K(2555904K)->176867K(2554880K) Eden: 2326528K(2326528K)->0K(2339840K) From: 162757K(229376K)->176867K(215040K)
[779.464s][info][gc,heap        ] GC(356) ParOldGen: 3460472K(3460608K)->3560840K(3560960K)
[779.464s][info][gc,metaspace   ] GC(356) Metaspace: 28976K(29248K)->28976K(29248K) NonClass: 25873K(25984K)->25873K(25984K) Class: 3103K(3264K)->3103K(3264K)
[779.464s][info][gc             ] GC(356) Pause Young (Allocation Failure) 5810M->3650M(5972M) 107.026ms
[779.464s][info][gc,cpu         ] GC(356) User=0.60s Sys=0.03s Real=0.11s
.[780.840s][info][gc,start       ] GC(357) Pause Young (Allocation Failure)
[780.947s][info][gc,heap        ] GC(357) PSYoungGen: 2516707K(2554880K)->177008K(2562048K) Eden: 2339840K(2339840K)->0K(2339840K) From: 176867K(215040K)->177008K(222208K)
[780.947s][info][gc,heap        ] GC(357) ParOldGen: 3560840K(3560960K)->3659688K(3659776K)
[780.947s][info][gc,metaspace   ] GC(357) Metaspace: 28976K(29248K)->28976K(29248K) NonClass: 25873K(25984K)->25873K(25984K) Class: 3103K(3264K)->3103K(3264K)
[780.947s][info][gc             ] GC(357) Pause Young (Allocation Failure) 5935M->3746M(6076M) 106.818ms
[780.947s][info][gc,cpu         ] GC(357) User=0.61s Sys=0.02s Real=0.11s
.[782.212s][info][gc,start       ] GC(358) Pause Young (Allocation Failure)
[782.314s][info][gc,heap        ] GC(358) PSYoungGen: 2516848K(2562048K)->161125K(2568192K) Eden: 2339840K(2339840K)->0K(2356224K) From: 177008K(222208K)->161125K(211968K)
[782.314s][info][gc,heap        ] GC(358) ParOldGen: 3659688K(3659776K)->3760120K(3760128K)
[782.314s][info][gc,metaspace   ] GC(358) Metaspace: 28976K(29248K)->28976K(29248K) NonClass: 25873K(25984K)->25873K(25984K) Class: 3103K(3264K)->3103K(3264K)
[782.314s][info][gc             ] GC(358) Pause Young (Allocation Failure) 6031M->3829M(6180M) 101.426ms
[782.314s][info][gc,cpu         ] GC(358) User=0.57s Sys=0.03s Real=0.10s
.[783.679s][info][gc,start       ] GC(359) Pause Young (Allocation Failure)
[783.785s][info][gc,heap        ] GC(359) PSYoungGen: 2517349K(2568192K)->172082K(2572288K) Eden: 2356224K(2356224K)->0K(2356224K) From: 161125K(211968K)->172082K(216064K)
[783.785s][info][gc,heap        ] GC(359) ParOldGen: 3760120K(3760128K)->3868952K(3869184K)
[783.786s][info][gc,metaspace   ] GC(359) Metaspace: 28976K(29248K)->28976K(29248K) NonClass: 25873K(25984K)->25873K(25984K) Class: 3103K(3264K)->3103K(3264K)
[783.786s][info][gc             ] GC(359) Pause Young (Allocation Failure) 6130M->3946M(6290M) 107.014ms
[783.786s][info][gc,cpu         ] GC(359) User=0.60s Sys=0.02s Real=0.11s
.[785.117s][info][gc,start       ] GC(360) Pause Young (Allocation Failure)
[785.229s][info][gc,heap        ] GC(360) PSYoungGen: 2528306K(2572288K)->179006K(2575360K) Eden: 2356224K(2356224K)->0K(2367488K) From: 172082K(216064K)->179006K(207872K)
[785.229s][info][gc,heap        ] GC(360) ParOldGen: 3868952K(3869184K)->3974112K(3974144K)
[785.229s][info][gc,metaspace   ] GC(360) Metaspace: 28976K(29248K)->28976K(29248K) NonClass: 25873K(25984K)->25873K(25984K) Class: 3103K(3264K)->3103K(3264K)
[785.229s][info][gc             ] GC(360) Pause Young (Allocation Failure) 6247M->4055M(6396M) 112.118ms
[785.230s][info][gc,cpu         ] GC(360) User=0.63s Sys=0.03s Real=0.11s
..[786.633s][info][gc,start       ] GC(361) Pause Young (Allocation Failure)
[786.729s][info][gc,heap        ] GC(361) PSYoungGen: 2546494K(2575360K)->142144K(2577920K) Eden: 2367488K(2367488K)->0K(2367488K) From: 179006K(207872K)->142144K(210432K)
[786.729s][info][gc,heap        ] GC(361) ParOldGen: 3974112K(3974144K)->4074576K(4075008K)
[786.729s][info][gc,metaspace   ] GC(361) Metaspace: 28976K(29248K)->28976K(29248K) NonClass: 25873K(25984K)->25873K(25984K) Class: 3103K(3264K)->3103K(3264K)
[786.729s][info][gc             ] GC(361) Pause Young (Allocation Failure) 6367M->4117M(6497M) 95.506ms
[786.729s][info][gc,cpu         ] GC(361) User=0.52s Sys=0.03s Real=0.09s
.[788.232s][info][gc,start       ] GC(362) Pause Young (Allocation Failure)
[788.332s][info][gc,heap        ] GC(362) PSYoungGen: 2509632K(2577920K)->150496K(2583552K) Eden: 2367488K(2367488K)->0K(2371072K) From: 142144K(210432K)->150496K(212480K)
[788.332s][info][gc,heap        ] GC(362) ParOldGen: 4074576K(4075008K)->4187912K(4188160K)
[788.332s][info][gc,metaspace   ] GC(362) Metaspace: 28976K(29248K)->28976K(29248K) NonClass: 25873K(25984K)->25873K(25984K) Class: 3103K(3264K)->3103K(3264K)
[788.332s][info][gc             ] GC(362) Pause Young (Allocation Failure) 6429M->4236M(6613M) 99.846ms
[788.332s][info][gc,cpu         ] GC(362) User=0.56s Sys=0.03s Real=0.10s
.[789.558s][info][gc,start       ] GC(363) Pause Young (Allocation Failure)
[789.667s][info][gc,heap        ] GC(363) PSYoungGen: 2521568K(2583552K)->192256K(2563584K) Eden: 2371072K(2371072K)->0K(2371072K) From: 150496K(212480K)->192256K(192512K)
[789.667s][info][gc,heap        ] GC(363) ParOldGen: 4187912K(4188160K)->4276624K(4276736K)
[789.667s][info][gc,metaspace   ] GC(363) Metaspace: 28976K(29248K)->28976K(29248K) NonClass: 25873K(25984K)->25873K(25984K) Class: 3103K(3264K)->3103K(3264K)
[789.667s][info][gc             ] GC(363) Pause Young (Allocation Failure) 6552M->4364M(6680M) 108.632ms
[789.667s][info][gc,cpu         ] GC(363) User=0.60s Sys=0.03s Real=0.11s
.[791.033s][info][gc,start       ] GC(364) Pause Young (Allocation Failure)
[791.141s][info][gc,heap        ] GC(364) PSYoungGen: 2563328K(2563584K)->157568K(2581504K) Eden: 2371072K(2371072K)->0K(2364928K) From: 192256K(192512K)->157568K(216576K)
[791.141s][info][gc,heap        ] GC(364) ParOldGen: 4276624K(4276736K)->4403864K(4404224K)
[791.141s][info][gc,metaspace   ] GC(364) Metaspace: 28976K(29248K)->28976K(29248K) NonClass: 25873K(25984K)->25873K(25984K) Class: 3103K(3264K)->3103K(3264K)
[791.141s][info][gc             ] GC(364) Pause Young (Allocation Failure) 6679M->4454M(6822M) 108.920ms
[791.141s][info][gc,cpu         ] GC(364) User=0.62s Sys=0.03s Real=0.10s
..[792.484s][info][gc,start       ] GC(365) Pause Young (Allocation Failure)
[792.642s][info][gc,heap        ] GC(365) PSYoungGen: 2522496K(2581504K)->173376K(2538496K) Eden: 2364928K(2364928K)->0K(2364928K) From: 157568K(216576K)->173376K(173568K)
[792.642s][info][gc,heap        ] GC(365) ParOldGen: 4403864K(4404224K)->4520576K(4520960K)
[792.642s][info][gc,metaspace   ] GC(365) Metaspace: 28976K(29248K)->28976K(29248K) NonClass: 25873K(25984K)->25873K(25984K) Class: 3103K(3264K)->3103K(3264K)
[792.642s][info][gc             ] GC(365) Pause Young (Allocation Failure) 6764M->4583M(6894M) 158.038ms
[792.642s][info][gc,cpu         ] GC(365) User=0.61s Sys=0.04s Real=0.16s
.[793.895s][info][gc,start       ] GC(366) Pause Young (Allocation Failure)
[794.013s][info][gc,heap        ] GC(366) PSYoungGen: 2538304K(2538496K)->188868K(2573312K) Eden: 2364928K(2364928K)->0K(2362368K) From: 173376K(173568K)->188868K(210944K)
[794.013s][info][gc,heap        ] GC(366) ParOldGen: 4520576K(4520960K)->4636784K(4637184K)
[794.013s][info][gc,metaspace   ] GC(366) Metaspace: 28976K(29248K)->28976K(29248K) NonClass: 25873K(25984K)->25873K(25984K) Class: 3103K(3264K)->3103K(3264K)
[794.013s][info][gc             ] GC(366) Pause Young (Allocation Failure) 6893M->4712M(7041M) 118.148ms
[794.013s][info][gc,cpu         ] GC(366) User=0.66s Sys=0.04s Real=0.12s
. (rIR:aIR:PR = 11970:11605:11552) (tPR = 173620) [OK] 
   794s:       trying IR =  12004 [795.325s][info][gc,start       ] GC(367) Pause Young (Allocation Failure)
[795.436s][info][gc,heap        ] GC(367) PSYoungGen: 2551236K(2573312K)->173124K(2575872K) Eden: 2362368K(2362368K)->0K(2362368K) From: 188868K(210944K)->173124K(213504K)
[795.436s][info][gc,heap        ] GC(367) ParOldGen: 4636784K(4637184K)->4750048K(4750336K)
[795.436s][info][gc,metaspace   ] GC(367) Metaspace: 28976K(29248K)->28976K(29248K) NonClass: 25873K(25984K)->25873K(25984K) Class: 3103K(3264K)->3103K(3264K)
[795.436s][info][gc             ] GC(367) Pause Young (Allocation Failure) 7019M->4807M(7154M) 110.323ms
[795.436s][info][gc,cpu         ] GC(367) User=0.62s Sys=0.03s Real=0.11s
.[796.928s][info][gc,start       ] GC(368) Pause Young (Allocation Failure)
[797.026s][info][gc,heap        ] GC(368) PSYoungGen: 2535492K(2575872K)->144768K(2580480K) Eden: 2362368K(2362368K)->0K(2370560K) From: 173124K(213504K)->144768K(209920K)
[797.026s][info][gc,heap        ] GC(368) ParOldGen: 4750048K(4750336K)->4860296K(4860416K)
[797.026s][info][gc,metaspace   ] GC(368) Metaspace: 28976K(29248K)->28976K(29248K) NonClass: 25873K(25984K)->25873K(25984K) Class: 3103K(3264K)->3103K(3264K)
[797.026s][info][gc             ] GC(368) Pause Young (Allocation Failure) 7114M->4887M(7266M) 97.961ms
[797.026s][info][gc,cpu         ] GC(368) User=0.54s Sys=0.04s Real=0.10s
.[798.372s][info][gc,start       ] GC(369) Pause Young (Allocation Failure)
[798.470s][info][gc,heap        ] GC(369) PSYoungGen: 2515328K(2580480K)->153600K(2581504K) Eden: 2370560K(2370560K)->0K(2370560K) From: 144768K(209920K)->153600K(210944K)
[798.470s][info][gc,heap        ] GC(369) ParOldGen: 4860296K(4860416K)->4958288K(4958720K)
[798.470s][info][gc,metaspace   ] GC(369) Metaspace: 28976K(29248K)->28976K(29248K) NonClass: 25873K(25984K)->25873K(25984K) Class: 3103K(3264K)->3103K(3264K)
[798.470s][info][gc             ] GC(369) Pause Young (Allocation Failure) 7202M->4992M(7363M) 97.581ms
[798.470s][info][gc,cpu         ] GC(369) User=0.54s Sys=0.03s Real=0.09s
..[799.857s][info][gc,start       ] GC(370) Pause Young (Allocation Failure)
[799.961s][info][gc,heap        ] GC(370) PSYoungGen: 2524160K(2581504K)->165074K(2578432K) Eden: 2370560K(2370560K)->0K(2375680K) From: 153600K(210944K)->165074K(202752K)
[799.961s][info][gc,heap        ] GC(370) ParOldGen: 4958288K(4958720K)->5061208K(5061632K)
[799.961s][info][gc,metaspace   ] GC(370) Metaspace: 28976K(29248K)->28976K(29248K) NonClass: 25873K(25984K)->25873K(25984K) Class: 3103K(3264K)->3103K(3264K)
[799.961s][info][gc             ] GC(370) Pause Young (Allocation Failure) 7307M->5103M(7461M) 104.146ms
[799.961s][info][gc,cpu         ] GC(370) User=0.59s Sys=0.03s Real=0.10s
.[801.405s][info][gc,start       ] GC(371) Pause Young (Allocation Failure)
[801.558s][info][gc,heap        ] GC(371) PSYoungGen: 2540754K(2578432K)->164224K(2581504K) Eden: 2375680K(2375680K)->0K(2375680K) From: 165074K(202752K)->164224K(205824K)
[801.558s][info][gc,heap        ] GC(371) ParOldGen: 5061208K(5061632K)->5175956K(5176320K)
[801.558s][info][gc,metaspace   ] GC(371) Metaspace: 28976K(29248K)->28976K(29248K) NonClass: 25873K(25984K)->25873K(25984K) Class: 3103K(3264K)->3103K(3264K)
[801.558s][info][gc             ] GC(371) Pause Young (Allocation Failure) 7423M->5215M(7576M) 153.053ms
[801.558s][info][gc,cpu         ] GC(371) User=0.59s Sys=0.03s Real=0.15s
.[802.780s][info][gc,start       ] GC(372) Pause Young (Allocation Failure)
[802.889s][info][gc,heap        ] GC(372) PSYoungGen: 2539904K(2581504K)->181392K(2588672K) Eden: 2375680K(2375680K)->0K(2385920K) From: 164224K(205824K)->181392K(202752K)
[802.889s][info][gc,heap        ] GC(372) ParOldGen: 5175956K(5176320K)->5271708K(5272064K)
[802.889s][info][gc,metaspace   ] GC(372) Metaspace: 28976K(29248K)->28976K(29248K) NonClass: 25873K(25984K)->25873K(25984K) Class: 3103K(3264K)->3103K(3264K)
[802.889s][info][gc             ] GC(372) Pause Young (Allocation Failure) 7535M->5325M(7676M) 108.862ms
[802.889s][info][gc,cpu         ] GC(372) User=0.60s Sys=0.03s Real=0.11s
.[804.237s][info][gc,start       ] GC(373) Pause Young (Allocation Failure)
[804.358s][info][gc,heap        ] GC(373) PSYoungGen: 2567312K(2588672K)->188821K(2574848K) Eden: 2385920K(2385920K)->0K(2385920K) From: 181392K(202752K)->188821K(188928K)
[804.358s][info][gc,heap        ] GC(373) ParOldGen: 5271708K(5272064K)->5394348K(5394432K)
[804.358s][info][gc,metaspace   ] GC(373) Metaspace: 28976K(29248K)->28976K(29248K) NonClass: 25873K(25984K)->25873K(25984K) Class: 3103K(3264K)->3103K(3264K)
[804.358s][info][gc             ] GC(373) Pause Young (Allocation Failure) 7655M->5452M(7782M) 121.211ms
[804.358s][info][gc,cpu         ] GC(373) User=0.66s Sys=0.04s Real=0.12s
.[805.736s][info][gc,start       ] GC(374) Pause Young (Allocation Failure)
[805.848s][info][gc,heap        ] GC(374) PSYoungGen: 2574741K(2574848K)->174733K(2590208K) Eden: 2385920K(2385920K)->0K(2381824K) From: 188821K(188928K)->174733K(208384K)
[805.848s][info][gc,heap        ] GC(374) ParOldGen: 5394348K(5394432K)->5502196K(5502464K)
[805.848s][info][gc,metaspace   ] GC(374) Metaspace: 28976K(29248K)->28976K(29248K) NonClass: 25873K(25984K)->25873K(25984K) Class: 3103K(3264K)->3103K(3264K)
[805.848s][info][gc             ] GC(374) Pause Young (Allocation Failure) 7782M->5543M(7903M) 111.913ms
[805.848s][info][gc,cpu         ] GC(374) User=0.61s Sys=0.04s Real=0.11s
.[807.165s][info][gc,start       ] GC(375) Pause Full (Allocation Failure)
[807.165s][info][gc,phases,start] GC(375) Marking Phase
[807.511s][info][gc,phases      ] GC(375) Marking Phase 345.775ms
[807.511s][info][gc,phases,start] GC(375) Summary Phase
[807.511s][info][gc,phases      ] GC(375) Summary Phase 0.118ms
[807.511s][info][gc,phases,start] GC(375) Forward
[807.700s][info][gc,phases      ] GC(375) Forward 189.122ms
[807.700s][info][gc,phases,start] GC(375) Adjust Pointers
[807.945s][info][gc,phases      ] GC(375) Adjust Pointers 245.005ms
[807.945s][info][gc,phases,start] GC(375) Compaction Phase
[808.145s][info][gc,phases      ] GC(375) Compaction Phase 200.100ms
[808.147s][info][gc,phases,start] GC(375) Post Compact
[808.154s][info][gc,phases      ] GC(375) Post Compact 6.918ms
[808.264s][info][gc,heap        ] GC(375) PSYoungGen: 2556557K(2590208K)->0K(2587648K) Eden: 2381824K(2381824K)->0K(2381824K) From: 174733K(208384K)->0K(205824K)
[808.264s][info][gc,heap        ] GC(375) ParOldGen: 5502196K(5502464K)->1662700K(1894400K)
[808.264s][info][gc,metaspace   ] GC(375) Metaspace: 28976K(29248K)->28976K(29248K) NonClass: 25873K(25984K)->25873K(25984K) Class: 3103K(3264K)->3103K(3264K)
[808.264s][info][gc             ] GC(375) Pause Full (Allocation Failure) 7869M->1623M(4377M) 1098.973ms
[808.264s][info][gc,cpu         ] GC(375) User=5.25s Sys=0.11s Real=1.10s
?.[808.861s][info][gc,start       ] GC(376) Pause Full (Diagnostic Command)
[808.861s][info][gc,phases,start] GC(376) Marking Phase
[809.171s][info][gc,phases      ] GC(376) Marking Phase 309.920ms
[809.171s][info][gc,phases,start] GC(376) Summary Phase
[809.171s][info][gc,phases      ] GC(376) Summary Phase 0.046ms
[809.171s][info][gc,phases,start] GC(376) Forward
[809.317s][info][gc,phases      ] GC(376) Forward 146.478ms
[809.318s][info][gc,phases,start] GC(376) Adjust Pointers
[809.569s][info][gc,phases      ] GC(376) Adjust Pointers 251.424ms
[809.569s][info][gc,phases,start] GC(376) Compaction Phase
[809.804s][info][gc,phases      ] GC(376) Compaction Phase 235.421ms
[809.807s][info][gc,phases,start] GC(376) Post Compact
[809.809s][info][gc,phases      ] GC(376) Post Compact 2.505ms
[809.809s][info][gc,heap        ] GC(376) PSYoungGen: 1087876K(2587648K)->0K(2587648K) Eden: 1087876K(2381824K)->0K(2381824K) From: 0K(205824K)->0K(205824K)
[809.809s][info][gc,heap        ] GC(376) ParOldGen: 1662700K(1894400K)->1377803K(1894400K)
[809.809s][info][gc,metaspace   ] GC(376) Metaspace: 28976K(29248K)->28976K(29248K) NonClass: 25873K(25984K)->25873K(25984K) Class: 3103K(3264K)->3103K(3264K)
[809.809s][info][gc             ] GC(376) Pause Full (Diagnostic Command) 2686M->1345M(4377M) 948.280ms
[809.809s][info][gc,cpu         ] GC(376) User=5.19s Sys=0.00s Real=0.95s
.[811.166s][info][gc,start       ] GC(377) Pause Young (Allocation Failure)
[811.237s][info][gc,heap        ] GC(377) PSYoungGen: 2381824K(2587648K)->170867K(2586624K) Eden: 2381824K(2381824K)->0K(2384384K) From: 0K(205824K)->170867K(202240K)
[811.237s][info][gc,heap        ] GC(377) ParOldGen: 1377803K(1894400K)->1377803K(1894400K)
[811.237s][info][gc,metaspace   ] GC(377) Metaspace: 28976K(29248K)->28976K(29248K) NonClass: 25873K(25984K)->25873K(25984K) Class: 3103K(3264K)->3103K(3264K)
[811.237s][info][gc             ] GC(377) Pause Young (Allocation Failure) 3671M->1512M(4376M) 71.672ms
[811.237s][info][gc,cpu         ] GC(377) User=0.41s Sys=0.00s Real=0.07s
.[812.373s][info][gc,start       ] GC(378) Pause Young (Allocation Failure)
[812.478s][info][gc,heap        ] GC(378) PSYoungGen: 2555251K(2586624K)->189188K(2587136K) Eden: 2384384K(2384384K)->0K(2384384K) From: 170867K(202240K)->189188K(202752K)
[812.478s][info][gc,heap        ] GC(378) ParOldGen: 1377803K(1894400K)->1485331K(1894400K)
[812.478s][info][gc,metaspace   ] GC(378) Metaspace: 28976K(29248K)->28976K(29248K) NonClass: 25873K(25984K)->25873K(25984K) Class: 3103K(3264K)->3103K(3264K)
[812.478s][info][gc             ] GC(378) Pause Young (Allocation Failure) 3840M->1635M(4376M) 105.749ms
[812.479s][info][gc,cpu         ] GC(378) User=0.63s Sys=0.00s Real=0.10s
[813.831s][info][gc,start       ] GC(379) Pause Young (Allocation Failure)
[813.938s][info][gc,heap        ] GC(379) PSYoungGen: 2573572K(2587136K)->178151K(2591232K) Eden: 2384384K(2384384K)->0K(2384896K) From: 189188K(202752K)->178151K(206336K)
[813.938s][info][gc,heap        ] GC(379) ParOldGen: 1485331K(1894400K)->1601491K(1894400K)
[813.938s][info][gc,metaspace   ] GC(379) Metaspace: 28976K(29248K)->28976K(29248K) NonClass: 25873K(25984K)->25873K(25984K) Class: 3103K(3264K)->3103K(3264K)
[813.938s][info][gc             ] GC(379) Pause Young (Allocation Failure) 3963M->1737M(4380M) 107.195ms
[813.938s][info][gc,cpu         ] GC(379) User=0.63s Sys=0.00s Real=0.11s
?.[815.236s][info][gc,start       ] GC(380) Pause Young (Allocation Failure)
[815.341s][info][gc,heap        ] GC(380) PSYoungGen: 2563047K(2591232K)->188032K(2573312K) Eden: 2384896K(2384896K)->0K(2384896K) From: 178151K(206336K)->188032K(188416K)
[815.341s][info][gc,heap        ] GC(380) ParOldGen: 1601491K(1894400K)->1711643K(1894400K)
[815.341s][info][gc,metaspace   ] GC(380) Metaspace: 28976K(29248K)->28976K(29248K) NonClass: 25873K(25984K)->25873K(25984K) Class: 3103K(3264K)->3103K(3264K)
[815.341s][info][gc             ] GC(380) Pause Young (Allocation Failure) 4066M->1855M(4363M) 105.047ms
[815.341s][info][gc,cpu         ] GC(380) User=0.63s Sys=0.00s Real=0.10s
..[816.869s][info][gc,start       ] GC(381) Pause Young (Allocation Failure)
[816.966s][info][gc,heap        ] GC(381) PSYoungGen: 2572928K(2573312K)->153536K(2588160K) Eden: 2384896K(2384896K)->0K(2381312K) From: 188032K(188416K)->153536K(206848K)
[816.966s][info][gc,heap        ] GC(381) ParOldGen: 1711643K(1894400K)->1828579K(1894400K)
[816.966s][info][gc,metaspace   ] GC(381) Metaspace: 28976K(29248K)->28976K(29248K) NonClass: 25873K(25984K)->25873K(25984K) Class: 3103K(3264K)->3103K(3264K)
[816.966s][info][gc             ] GC(381) Pause Young (Allocation Failure) 4184M->1935M(4377M) 97.342ms
[816.966s][info][gc,cpu         ] GC(381) User=0.58s Sys=0.00s Real=0.10s
.[818.425s][info][gc,start       ] GC(382) Pause Young (Allocation Failure)
[818.570s][info][gc,heap        ] GC(382) PSYoungGen: 2534848K(2588160K)->164499K(2546176K) Eden: 2381312K(2381312K)->0K(2381312K) From: 153536K(206848K)->164499K(164864K)
[818.570s][info][gc,heap        ] GC(382) ParOldGen: 1828579K(1894400K)->1929499K(1929728K)
[818.570s][info][gc,metaspace   ] GC(382) Metaspace: 28976K(29248K)->28976K(29248K) NonClass: 25873K(25984K)->25873K(25984K) Class: 3103K(3264K)->3103K(3264K)
[818.570s][info][gc             ] GC(382) Pause Young (Allocation Failure) 4261M->2044M(4371M) 145.431ms
[818.570s][info][gc,cpu         ] GC(382) User=0.58s Sys=0.01s Real=0.14s
.[819.911s][info][gc,start       ] GC(383) Pause Young (Allocation Failure)
[820.016s][info][gc,heap        ] GC(383) PSYoungGen: 2545811K(2546176K)->171456K(2590208K) Eden: 2381312K(2381312K)->0K(2384896K) From: 164499K(164864K)->171456K(205312K)
[820.016s][info][gc,heap        ] GC(383) ParOldGen: 1929499K(1929728K)->2043259K(2043392K)
[820.016s][info][gc,metaspace   ] GC(383) Metaspace: 28976K(29248K)->28976K(29248K) NonClass: 25873K(25984K)->25873K(25984K) Class: 3103K(3264K)->3103K(3264K)
[820.016s][info][gc             ] GC(383) Pause Young (Allocation Failure) 4370M->2162M(4525M) 104.673ms
[820.016s][info][gc,cpu         ] GC(383) User=0.59s Sys=0.03s Real=0.11s
.[821.355s][info][gc,start       ] GC(384) Pause Young (Allocation Failure)
[821.460s][info][gc,heap        ] GC(384) PSYoungGen: 2556352K(2590208K)->167829K(2587136K) Eden: 2384896K(2384896K)->0K(2384896K) From: 171456K(205312K)->167829K(202240K)
[821.460s][info][gc,heap        ] GC(384) ParOldGen: 2043259K(2043392K)->2148371K(2148864K)
[821.460s][info][gc,metaspace   ] GC(384) Metaspace: 28976K(29248K)->28976K(29248K) NonClass: 25873K(25984K)->25873K(25984K) Class: 3103K(3264K)->3103K(3264K)
[821.460s][info][gc             ] GC(384) Pause Young (Allocation Failure) 4491M->2261M(4625M) 105.655ms
[821.460s][info][gc,cpu         ] GC(384) User=0.58s Sys=0.04s Real=0.10s
.[822.876s][info][gc,start       ] GC(385) Pause Young (Allocation Failure)
[822.971s][info][gc,heap        ] GC(385) PSYoungGen: 2552725K(2587136K)->154336K(2588672K) Eden: 2384896K(2384896K)->0K(2388480K) From: 167829K(202240K)->154336K(200192K)
[822.971s][info][gc,heap        ] GC(385) ParOldGen: 2148371K(2148864K)->2252947K(2253312K)
[822.971s][info][gc,metaspace   ] GC(385) Metaspace: 28976K(29248K)->28976K(29248K) NonClass: 25873K(25984K)->25873K(25984K) Class: 3103K(3264K)->3103K(3264K)
[822.971s][info][gc             ] GC(385) Pause Young (Allocation Failure) 4590M->2350M(4728M) 95.500ms
[822.971s][info][gc,cpu         ] GC(385) User=0.52s Sys=0.05s Real=0.09s
.[824.271s][info][gc,start       ] GC(386) Pause Young (Allocation Failure)
[824.373s][info][gc,heap        ] GC(386) PSYoungGen: 2542816K(2588672K)->172800K(2588672K) Eden: 2388480K(2388480K)->0K(2388480K) From: 154336K(200192K)->172800K(200192K)
[824.373s][info][gc,heap        ] GC(386) ParOldGen: 2252947K(2253312K)->2353691K(2354176K)
[824.373s][info][gc,metaspace   ] GC(386) Metaspace: 28978K(29248K)->28978K(29248K) NonClass: 25874K(25984K)->25874K(25984K) Class: 3103K(3264K)->3103K(3264K)
[824.373s][info][gc             ] GC(386) Pause Young (Allocation Failure) 4683M->2467M(4827M) 102.734ms
[824.374s][info][gc,cpu         ] GC(386) User=0.58s Sys=0.03s Real=0.11s
.. (rIR:aIR:PR = 12004:11446:10841) (tPR = 161321) [PR is under limit] 
   825s: Re-initializing (term[825.876s][info][gc,start       ] GC(387) Pause Young (Allocation Failure)
[825.973s][info][gc,heap        ] GC(387) PSYoungGen: 2561280K(2588672K)->141536K(2591744K) Eden: 2388480K(2388480K)->0K(2393600K) From: 172800K(200192K)->141536K(198144K)
[825.973s][info][gc,heap        ] GC(387) ParOldGen: 2353691K(2354176K)->2467275K(2467328K)
[825.973s][info][gc,metaspace   ] GC(387) Metaspace: 28978K(29248K)->28978K(29248K) NonClass: 25874K(25984K)->25874K(25984K) Class: 3103K(3264K)->3103K(3264K)
[825.973s][info][gc             ] GC(387) Pause Young (Allocation Failure) 4799M->2547M(4940M) 97.395ms
[825.973s][info][gc,cpu         ] GC(387) User=0.54s Sys=0.03s Real=0.10s
[827.304s][info][gc,start       ] GC(388) Pause Young (Allocation Failure)
[827.400s][info][gc,heap        ] GC(388) PSYoungGen: 2535136K(2591744K)->161888K(2593792K) Eden: 2393600K(2393600K)->0K(2393600K) From: 141536K(198144K)->161888K(200192K)
[827.400s][info][gc,heap        ] GC(388) ParOldGen: 2467275K(2467328K)->2562219K(2562560K)
[827.400s][info][gc,metaspace   ] GC(388) Metaspace: 28978K(29248K)->28978K(29248K) NonClass: 25874K(25984K)->25874K(25984K) Class: 3103K(3264K)->3103K(3264K)
[827.400s][info][gc             ] GC(388) Pause Young (Allocation Failure) 4885M->2660M(5035M) 96.385ms
[827.400s][info][gc,cpu         ] GC(388) User=0.54s Sys=0.03s Real=0.09s
[828.834s][info][gc,start       ] GC(389) Pause Young (Allocation Failure)
[828.943s][info][gc,heap        ] GC(389) PSYoungGen: 2555488K(2593792K)->181005K(2593792K) Eden: 2393600K(2393600K)->0K(2395648K) From: 161888K(200192K)->181005K(198144K)
[828.943s][info][gc,heap        ] GC(389) ParOldGen: 2562219K(2562560K)->2666859K(2667008K)
[828.943s][info][gc,metaspace   ] GC(389) Metaspace: 28978K(29248K)->28978K(29248K) NonClass: 25874K(25984K)->25874K(25984K) Class: 3103K(3264K)->3103K(3264K)
[828.943s][info][gc             ] GC(389) Pause Young (Allocation Failure) 4997M->2781M(5137M) 109.333ms
[828.943s][info][gc,cpu         ] GC(389) User=0.60s Sys=0.04s Real=0.11s
[830.271s][info][gc,start       ] GC(390) Pause Young (Allocation Failure)
[830.382s][info][gc,heap        ] GC(390) PSYoungGen: 2576653K(2593792K)->175989K(2595840K) Eden: 2395648K(2395648K)->0K(2395648K) From: 181005K(198144K)->175989K(200192K)
[830.382s][info][gc,heap        ] GC(390) ParOldGen: 2666859K(2667008K)->2791819K(2791936K)
[830.382s][info][gc,metaspace   ] GC(390) Metaspace: 28978K(29248K)->28978K(29248K) NonClass: 25874K(25984K)->25874K(25984K) Class: 3103K(3264K)->3103K(3264K)
[830.382s][info][gc             ] GC(390) Pause Young (Allocation Failure) 5120M->2898M(5261M) 111.193ms
[830.382s][info][gc,cpu         ] GC(390) User=0.61s Sys=0.04s Real=0.12s
[831.692s][info][gc,start       ] GC(391) Pause Young (Allocation Failure)
[831.818s][info][gc,heap        ] GC(391) PSYoungGen: 2571637K(2595840K)->199674K(2485760K) Eden: 2395648K(2395648K)->0K(2286080K) From: 175989K(200192K)->199674K(199680K)
[831.818s][info][gc,heap        ] GC(391) ParOldGen: 2791819K(2791936K)->2918443K(2918912K)
[831.818s][info][gc,metaspace   ] GC(391) Metaspace: 28979K(29248K)->28979K(29248K) NonClass: 25876K(25984K)->25876K(25984K) Class: 3103K(3264K)->3103K(3264K)
[831.818s][info][gc             ] GC(391) Pause Young (Allocation Failure) 5237M->3045M(5278M) 125.622ms
[831.818s][info][gc,cpu         ] GC(391) User=0.69s Sys=0.05s Real=0.12s
[833.018s][info][gc,start       ] GC(392) Pause Young (Allocation Failure)
[833.131s][info][gc,heap        ] GC(392) PSYoungGen: 2485754K(2485760K)->175328K(2541056K) Eden: 2286080K(2286080K)->0K(2286080K) From: 199674K(199680K)->175328K(254976K)
[833.131s][info][gc,heap        ] GC(392) ParOldGen: 2918443K(2918912K)->3056963K(3057152K)
[833.131s][info][gc,metaspace   ] GC(392) Metaspace: 28979K(29248K)->28979K(29248K) NonClass: 25876K(25984K)->25876K(25984K) Class: 3103K(3264K)->3103K(3264K)
[833.131s][info][gc             ] GC(392) Pause Young (Allocation Failure) 5277M->3156M(5467M) 113.443ms
[833.131s][info][gc,cpu         ] GC(392) User=0.63s Sys=0.05s Real=0.11s
) [833.173s][info][gc,start       ] GC(393) Pause Full (System.gc())
[833.174s][info][gc,phases,start] GC(393) Marking Phase
[833.194s][info][gc,phases      ] GC(393) Marking Phase 20.664ms
[833.194s][info][gc,phases,start] GC(393) Summary Phase
[833.194s][info][gc,phases      ] GC(393) Summary Phase 0.037ms
[833.194s][info][gc,phases,start] GC(393) Forward
[833.197s][info][gc,phases      ] GC(393) Forward 2.765ms
[833.197s][info][gc,phases,start] GC(393) Adjust Pointers
[833.211s][info][gc,phases      ] GC(393) Adjust Pointers 13.700ms
[833.211s][info][gc,phases,start] GC(393) Compaction Phase
[833.247s][info][gc,phases      ] GC(393) Compaction Phase 36.178ms
[833.247s][info][gc,phases,start] GC(393) Post Compact
[833.250s][info][gc,phases      ] GC(393) Post Compact 2.966ms
[833.250s][info][gc,heap        ] GC(393) PSYoungGen: 282306K(2541056K)->0K(2541056K) Eden: 106978K(2286080K)->0K(2286080K) From: 175328K(254976K)->0K(254976K)
[833.250s][info][gc,heap        ] GC(393) ParOldGen: 3056963K(3057152K)->333737K(3057152K)
[833.250s][info][gc,metaspace   ] GC(393) Metaspace: 28980K(29248K)->28980K(29248K) NonClass: 25877K(25984K)->25877K(25984K) Class: 3103K(3264K)->3103K(3264K)
[833.250s][info][gc             ] GC(393) Pause Full (System.gc()) 3261M->325M(5467M) 76.577ms
[833.250s][info][gc,cpu         ] GC(393) User=0.39s Sys=0.00s Real=0.07s
(init[834.232s][info][gc,start       ] GC(394) Pause Young (Allocation Failure)
[834.562s][info][gc,heap        ] GC(394) PSYoungGen: 2286080K(2541056K)->249323K(2176000K) Eden: 2286080K(2286080K)->0K(1926656K) From: 0K(254976K)->249323K(249344K)
[834.562s][info][gc,heap        ] GC(394) ParOldGen: 333737K(3057152K)->786129K(3057152K)
[834.562s][info][gc,metaspace   ] GC(394) Metaspace: 28996K(29312K)->28996K(29312K) NonClass: 25889K(26048K)->25889K(26048K) Class: 3106K(3264K)->3106K(3264K)
[834.562s][info][gc             ] GC(394) Pause Young (Allocation Failure) 2558M->1011M(5110M) 329.352ms
[834.562s][info][gc,cpu         ] GC(394) User=1.82s Sys=0.00s Real=0.33s
[835.868s][info][gc,start       ] GC(395) Pause Young (Allocation Failure)
[836.130s][info][gc,heap        ] GC(395) PSYoungGen: 2175979K(2176000K)->434669K(2361344K) Eden: 1926656K(1926656K)->0K(1926656K) From: 249323K(249344K)->434669K(434688K)
[836.130s][info][gc,heap        ] GC(395) ParOldGen: 786129K(3057152K)->1012472K(3057152K)
[836.130s][info][gc,metaspace   ] GC(395) Metaspace: 28996K(29312K)->28996K(29312K) NonClass: 25889K(26048K)->25889K(26048K) Class: 3106K(3264K)->3106K(3264K)
[836.130s][info][gc             ] GC(395) Pause Young (Allocation Failure) 2892M->1413M(5291M) 262.037ms
[836.130s][info][gc,cpu         ] GC(395) User=1.56s Sys=0.00s Real=0.26s
) ... OK
   839s: Searching from base IR = 11970
   839s:       rampup IR =      0 ... (rIR:aIR:PR = 0:0:0) (tPR = 0) [OK] 
   842s:       rampup IR =   1197 ..... (rIR:aIR:PR = 1197:1179:1178) (tPR = 17383) [OK] 
   847s:       rampup IR =   2394 [847.964s][info][gc,start       ] GC(396) Pause Young (Allocation Failure)
[848.235s][info][gc,heap        ] GC(396) PSYoungGen: 2361325K(2361344K)->434672K(1710080K) Eden: 1926656K(1926656K)->0K(1275392K) From: 434669K(434688K)->434672K(434688K)
[848.235s][info][gc,heap        ] GC(396) ParOldGen: 1012472K(3057152K)->1443157K(3057152K)
[848.235s][info][gc,metaspace   ] GC(396) Metaspace: 29019K(29376K)->29019K(29376K) NonClass: 25912K(26112K)->25912K(26112K) Class: 3106K(3264K)->3106K(3264K)
[848.235s][info][gc             ] GC(396) Pause Young (Allocation Failure) 3294M->1833M(4655M) 271.044ms
[848.236s][info][gc,cpu         ] GC(396) User=1.62s Sys=0.00s Real=0.27s
....[851.592s][info][gc,start       ] GC(397) Pause Young (Allocation Failure)
[851.732s][info][gc,heap        ] GC(397) PSYoungGen: 1710064K(1710080K)->84448K(1359872K) Eden: 1275392K(1275392K)->0K(1275392K) From: 434672K(434688K)->84448K(84480K)
[851.732s][info][gc,heap        ] GC(397) ParOldGen: 1443157K(3057152K)->1812114K(3057152K)
[851.732s][info][gc,metaspace   ] GC(397) Metaspace: 29021K(29376K)->29021K(29376K) NonClass: 25914K(26112K)->25914K(26112K) Class: 3106K(3264K)->3106K(3264K)
[851.732s][info][gc             ] GC(397) Pause Young (Allocation Failure) 3079M->1852M(4313M) 140.292ms
[851.732s][info][gc,cpu         ] GC(397) User=0.84s Sys=0.00s Real=0.14s
...[855.234s][info][gc,start       ] GC(398) Pause Young (Allocation Failure)
[855.293s][info][gc,heap        ] GC(398) PSYoungGen: 1359840K(1359872K)->82112K(2041344K) Eden: 1275392K(1275392K)->0K(1280512K) From: 84448K(84480K)->82112K(760832K)
[855.293s][info][gc,heap        ] GC(398) ParOldGen: 1812114K(3057152K)->1881546K(3057152K)
[855.293s][info][gc,metaspace   ] GC(398) Metaspace: 29021K(29376K)->29021K(29376K) NonClass: 25914K(26112K)->25914K(26112K) Class: 3106K(3264K)->3106K(3264K)
[855.293s][info][gc             ] GC(398) Pause Young (Allocation Failure) 3097M->1917M(4979M) 59.458ms
[855.293s][info][gc,cpu         ] GC(398) User=0.36s Sys=0.00s Real=0.06s
. (rIR:aIR:PR = 2394:2451:2452) (tPR = 36525) [OK] 
   855s:       rampup IR =   3591 ..[857.725s][info][gc,start       ] GC(399) Pause Young (Allocation Failure)
[857.788s][info][gc,heap        ] GC(399) PSYoungGen: 1362624K(2041344K)->92100K(1372672K) Eden: 1280512K(1280512K)->0K(1280512K) From: 82112K(760832K)->92100K(92160K)
[857.788s][info][gc,heap        ] GC(399) ParOldGen: 1881546K(3057152K)->1951011K(3057152K)
[857.788s][info][gc,metaspace   ] GC(399) Metaspace: 29021K(29376K)->29021K(29376K) NonClass: 25914K(26112K)->25914K(26112K) Class: 3106K(3264K)->3106K(3264K)
[857.788s][info][gc             ] GC(399) Pause Young (Allocation Failure) 3168M->1995M(4326M) 63.391ms
[857.788s][info][gc,cpu         ] GC(399) User=0.38s Sys=0.00s Real=0.06s
.. (rIR:aIR:PR = 3591:3626:3624) (tPR = 53610) [OK] 
   859s:       rampup IR =   4788 [860.040s][info][gc,start       ] GC(400) Pause Young (Allocation Failure)
[860.102s][info][gc,heap        ] GC(400) PSYoungGen: 1372612K(1372672K)->92256K(2039808K) Eden: 1280512K(1280512K)->0K(1297920K) From: 92100K(92160K)->92256K(741888K)
[860.102s][info][gc,heap        ] GC(400) ParOldGen: 1951011K(3057152K)->2021267K(3057152K)
[860.102s][info][gc,metaspace   ] GC(400) Metaspace: 29025K(29376K)->29025K(29376K) NonClass: 25918K(26112K)->25918K(26112K) Class: 3106K(3264K)->3106K(3264K)
[860.102s][info][gc             ] GC(400) Pause Young (Allocation Failure) 3245M->2063M(4977M) 62.376ms
[860.102s][info][gc,cpu         ] GC(400) User=0.36s Sys=0.00s Real=0.07s
..[861.933s][info][gc,start       ] GC(401) Pause Young (Allocation Failure)
[861.995s][info][gc,heap        ] GC(401) PSYoungGen: 1390176K(2039808K)->91712K(2022400K) Eden: 1297920K(1297920K)->0K(1297920K) From: 92256K(741888K)->91712K(724480K)
[861.996s][info][gc,heap        ] GC(401) ParOldGen: 2021267K(3057152K)->2094047K(3057152K)
[861.996s][info][gc,metaspace   ] GC(401) Metaspace: 29026K(29376K)->29026K(29376K) NonClass: 25919K(26112K)->25919K(26112K) Class: 3106K(3264K)->3106K(3264K)
[861.996s][info][gc             ] GC(401) Pause Young (Allocation Failure) 3331M->2134M(4960M) 62.251ms
[861.996s][info][gc,cpu         ] GC(401) User=0.37s Sys=0.00s Real=0.06s
.. (rIR:aIR:PR = 4788:4782:4782) (tPR = 69426) [OK] 
   863s:       rampup IR =   5985 [863.758s][info][gc,start       ] GC(402) Pause Young (Allocation Failure)
[863.823s][info][gc,heap        ] GC(402) PSYoungGen: 1389632K(2022400K)->98368K(2048000K) Eden: 1297920K(1297920K)->0K(1353216K) From: 91712K(724480K)->98368K(694784K)
[863.823s][info][gc,heap        ] GC(402) ParOldGen: 2094047K(3057152K)->2167271K(3057152K)
[863.823s][info][gc,metaspace   ] GC(402) Metaspace: 29026K(29376K)->29026K(29376K) NonClass: 25919K(26112K)->25919K(26112K) Class: 3106K(3264K)->3106K(3264K)
[863.823s][info][gc             ] GC(402) Pause Young (Allocation Failure) 3402M->2212M(4985M) 64.548ms
[863.823s][info][gc,cpu         ] GC(402) User=0.38s Sys=0.00s Real=0.07s
..[865.377s][info][gc,start       ] GC(403) Pause Young (Allocation Failure)
[865.442s][info][gc,heap        ] GC(403) PSYoungGen: 1451584K(2048000K)->98276K(2034176K) Eden: 1353216K(1353216K)->0K(1353216K) From: 98368K(694784K)->98276K(680960K)
[865.442s][info][gc,heap        ] GC(403) ParOldGen: 2167271K(3057152K)->2237551K(3057152K)
[865.442s][info][gc,metaspace   ] GC(403) Metaspace: 29026K(29376K)->29026K(29376K) NonClass: 25919K(26112K)->25919K(26112K) Class: 3106K(3264K)->3106K(3264K)
[865.442s][info][gc             ] GC(403) Pause Young (Allocation Failure) 3534M->2281M(4972M) 64.549ms
[865.442s][info][gc,cpu         ] GC(403) User=0.39s Sys=0.00s Real=0.07s
.[867.032s][info][gc,start       ] GC(404) Pause Young (Allocation Failure)
[867.102s][info][gc,heap        ] GC(404) PSYoungGen: 1451492K(2034176K)->108420K(2087424K) Eden: 1353216K(1353216K)->0K(1447936K) From: 98276K(680960K)->108420K(639488K)
[867.102s][info][gc,heap        ] GC(404) ParOldGen: 2237551K(3057152K)->2312664K(3057152K)
[867.102s][info][gc,metaspace   ] GC(404) Metaspace: 29026K(29376K)->29026K(29376K) NonClass: 25919K(26112K)->25919K(26112K) Class: 3106K(3264K)->3106K(3264K)
[867.102s][info][gc             ] GC(404) Pause Young (Allocation Failure) 3602M->2364M(5024M) 70.331ms
[867.102s][info][gc,cpu         ] GC(404) User=0.42s Sys=0.00s Real=0.07s
. (rIR:aIR:PR = 5985:5954:5956) (tPR = 87867) [OK] 
   867s:       rampup IR =   7182 .[868.557s][info][gc,start       ] GC(405) Pause Young (Allocation Failure)
[868.623s][info][gc,heap        ] GC(405) PSYoungGen: 1556356K(2087424K)->100320K(2076160K) Eden: 1447936K(1447936K)->0K(1447936K) From: 108420K(639488K)->100320K(628224K)
[868.623s][info][gc,heap        ] GC(405) ParOldGen: 2312664K(3057152K)->2386256K(3057152K)
[868.623s][info][gc,metaspace   ] GC(405) Metaspace: 29027K(29376K)->29027K(29376K) NonClass: 25920K(26112K)->25920K(26112K) Class: 3106K(3264K)->3106K(3264K)
[868.623s][info][gc             ] GC(405) Pause Young (Allocation Failure) 3778M->2428M(5013M) 65.616ms
[868.623s][info][gc,cpu         ] GC(405) User=0.38s Sys=0.00s Real=0.07s
.[869.943s][info][gc,start       ] GC(406) Pause Young (Allocation Failure)
[870.015s][info][gc,heap        ] GC(406) PSYoungGen: 1548256K(2076160K)->110999K(2140160K) Eden: 1447936K(1447936K)->0K(1555968K) From: 100320K(628224K)->110999K(584192K)
[870.015s][info][gc,heap        ] GC(406) ParOldGen: 2386256K(3057152K)->2465436K(3057152K)
[870.015s][info][gc,metaspace   ] GC(406) Metaspace: 29027K(29376K)->29027K(29376K) NonClass: 25920K(26112K)->25920K(26112K) Class: 3106K(3264K)->3106K(3264K)
[870.015s][info][gc             ] GC(406) Pause Young (Allocation Failure) 3842M->2516M(5075M) 72.380ms
[870.015s][info][gc,cpu         ] GC(406) User=0.43s Sys=0.00s Real=0.07s
.. (rIR:aIR:PR = 7182:7255:7255) (tPR = 107467) [OK] 
   871s:       rampup IR =   8379 [871.526s][info][gc,start       ] GC(407) Pause Young (Allocation Failure)
[871.598s][info][gc,heap        ] GC(407) PSYoungGen: 1666967K(2140160K)->111712K(2130432K) Eden: 1555968K(1555968K)->0K(1555968K) From: 110999K(584192K)->111712K(574464K)
[871.598s][info][gc,heap        ] GC(407) ParOldGen: 2465436K(3057152K)->2539348K(3057152K)
[871.598s][info][gc,metaspace   ] GC(407) Metaspace: 29028K(29376K)->29028K(29376K) NonClass: 25921K(26112K)->25921K(26112K) Class: 3106K(3264K)->3106K(3264K)
[871.598s][info][gc             ] GC(407) Pause Young (Allocation Failure) 4035M->2588M(5066M) 71.511ms
[871.598s][info][gc,cpu         ] GC(407) User=0.42s Sys=0.00s Real=0.07s
.[872.851s][info][gc,start       ] GC(408) Pause Young (Allocation Failure)
[872.925s][info][gc,heap        ] GC(408) PSYoungGen: 1667680K(2130432K)->115812K(2194432K) Eden: 1555968K(1555968K)->0K(1664512K) From: 111712K(574464K)->115812K(529920K)
[872.925s][info][gc,heap        ] GC(408) ParOldGen: 2539348K(3057152K)->2621612K(3057152K)
[872.925s][info][gc,metaspace   ] GC(408) Metaspace: 29028K(29376K)->29028K(29376K) NonClass: 25921K(26112K)->25921K(26112K) Class: 3106K(3264K)->3106K(3264K)
[872.925s][info][gc             ] GC(408) Pause Young (Allocation Failure) 4108M->2673M(5128M) 74.119ms
[872.925s][info][gc,cpu         ] GC(408) User=0.43s Sys=0.00s Real=0.08s
.[874.227s][info][gc,start       ] GC(409) Pause Young (Allocation Failure)
[874.299s][info][gc,heap        ] GC(409) PSYoungGen: 1780324K(2194432K)->109920K(2184192K) Eden: 1664512K(1664512K)->0K(1664512K) From: 115812K(529920K)->109920K(519680K)
[874.299s][info][gc,heap        ] GC(409) ParOldGen: 2621612K(3057152K)->2703204K(3057152K)
[874.299s][info][gc,metaspace   ] GC(409) Metaspace: 29028K(29376K)->29028K(29376K) NonClass: 25921K(26112K)->25921K(26112K) Class: 3106K(3264K)->3106K(3264K)
[874.299s][info][gc             ] GC(409) Pause Young (Allocation Failure) 4298M->2747M(5118M) 72.338ms
[874.299s][info][gc,cpu         ] GC(409) User=0.43s Sys=0.00s Real=0.07s
.. (rIR:aIR:PR = 8379:8441:8441) (tPR = 126754) [OK] 
   875s:       rampup IR =   9576 [875.629s][info][gc,start       ] GC(410) Pause Young (Allocation Failure)
[875.704s][info][gc,heap        ] GC(410) PSYoungGen: 1774432K(2184192K)->114016K(2251264K) Eden: 1664512K(1664512K)->0K(1771520K) From: 109920K(519680K)->114016K(479744K)
[875.704s][info][gc,heap        ] GC(410) ParOldGen: 2703204K(3057152K)->2786476K(3057152K)
[875.704s][info][gc,metaspace   ] GC(410) Metaspace: 29028K(29376K)->29028K(29376K) NonClass: 25921K(26112K)->25921K(26112K) Class: 3106K(3264K)->3106K(3264K)
[875.704s][info][gc             ] GC(410) Pause Young (Allocation Failure) 4372M->2832M(5184M) 74.892ms
[875.704s][info][gc,cpu         ] GC(410) User=0.44s Sys=0.01s Real=0.08s
.[876.948s][info][gc,start       ] GC(411) Pause Young (Allocation Failure)
[877.025s][info][gc,heap        ] GC(411) PSYoungGen: 1885536K(2251264K)->122688K(2241024K) Eden: 1771520K(1771520K)->0K(1771520K) From: 114016K(479744K)->122688K(469504K)
[877.025s][info][gc,heap        ] GC(411) ParOldGen: 2786476K(3057152K)->2869516K(3057152K)
[877.025s][info][gc,metaspace   ] GC(411) Metaspace: 29029K(29376K)->29029K(29376K) NonClass: 25922K(26112K)->25922K(26112K) Class: 3106K(3264K)->3106K(3264K)
[877.025s][info][gc             ] GC(411) Pause Young (Allocation Failure) 4562M->2922M(5174M) 76.950ms
[877.025s][info][gc,cpu         ] GC(411) User=0.45s Sys=0.00s Real=0.08s
.[878.205s][info][gc,start       ] GC(412) Pause Young (Allocation Failure)
[878.288s][info][gc,heap        ] GC(412) PSYoungGen: 1894208K(2241024K)->135328K(2300928K) Eden: 1771520K(1771520K)->0K(1872384K) From: 122688K(469504K)->135328K(428544K)
[878.288s][info][gc,heap        ] GC(412) ParOldGen: 2869516K(3057152K)->2956560K(3057152K)
[878.288s][info][gc,metaspace   ] GC(412) Metaspace: 29029K(29376K)->29029K(29376K) NonClass: 25922K(26112K)->25922K(26112K) Class: 3106K(3264K)->3106K(3264K)
[878.288s][info][gc             ] GC(412) Pause Young (Allocation Failure) 4652M->3019M(5232M) 83.581ms
[878.288s][info][gc,cpu         ] GC(412) User=0.50s Sys=0.00s Real=0.08s
..[879.646s][info][gc,start       ] GC(413) Pause Young (Allocation Failure)
[879.726s][info][gc,heap        ] GC(413) PSYoungGen: 2007712K(2300928K)->128512K(2291200K) Eden: 1872384K(1872384K)->0K(1872384K) From: 135328K(428544K)->128512K(418816K)
[879.726s][info][gc,heap        ] GC(413) ParOldGen: 2956560K(3057152K)->3042432K(3057152K)
[879.726s][info][gc,metaspace   ] GC(413) Metaspace: 29029K(29376K)->29029K(29376K) NonClass: 25922K(26112K)->25922K(26112K) Class: 3106K(3264K)->3106K(3264K)
[879.726s][info][gc             ] GC(413) Pause Young (Allocation Failure) 4847M->3096M(5223M) 80.160ms
[879.726s][info][gc,cpu         ] GC(413) User=0.47s Sys=0.00s Real=0.08s
. (rIR:aIR:PR = 9576:9512:9512) (tPR = 144520) [OK] 
   880s:       rampup IR =  10773 [881.082s][info][gc,start       ] GC(414) Pause Young (Allocation Failure)
[881.172s][info][gc,heap        ] GC(414) PSYoungGen: 2000896K(2291200K)->143049K(2353664K) Eden: 1872384K(1872384K)->0K(1972224K) From: 128512K(418816K)->143049K(381440K)
[881.172s][info][gc,heap        ] GC(414) ParOldGen: 3042432K(3057152K)->3135544K(3136000K)
[881.172s][info][gc,metaspace   ] GC(414) Metaspace: 29030K(29376K)->29030K(29376K) NonClass: 25923K(26112K)->25923K(26112K) Class: 3106K(3264K)->3106K(3264K)
[881.172s][info][gc             ] GC(414) Pause Young (Allocation Failure) 4925M->3201M(5361M) 90.469ms
[881.172s][info][gc,cpu         ] GC(414) User=0.51s Sys=0.02s Real=0.10s
.[882.435s][info][gc,start       ] GC(415) Pause Young (Allocation Failure)
[882.521s][info][gc,heap        ] GC(415) PSYoungGen: 2115273K(2353664K)->130944K(2344960K) Eden: 1972224K(1972224K)->0K(1972224K) From: 143049K(381440K)->130944K(372736K)
[882.521s][info][gc,heap        ] GC(415) ParOldGen: 3135544K(3136000K)->3226664K(3227136K)
[882.521s][info][gc,metaspace   ] GC(415) Metaspace: 29030K(29376K)->29030K(29376K) NonClass: 25923K(26112K)->25923K(26112K) Class: 3106K(3264K)->3106K(3264K)
[882.521s][info][gc             ] GC(415) Pause Young (Allocation Failure) 5127M->3278M(5441M) 85.430ms
[882.521s][info][gc,cpu         ] GC(415) User=0.49s Sys=0.02s Real=0.08s
..[883.756s][info][gc,start       ] GC(416) Pause Young (Allocation Failure)
[883.842s][info][gc,heap        ] GC(416) PSYoungGen: 2103168K(2344960K)->128896K(2405888K) Eden: 1972224K(1972224K)->0K(2059264K) From: 130944K(372736K)->128896K(346624K)
[883.842s][info][gc,heap        ] GC(416) ParOldGen: 3226664K(3227136K)->3319992K(3320320K)
[883.842s][info][gc,metaspace   ] GC(416) Metaspace: 29030K(29376K)->29030K(29376K) NonClass: 25923K(26112K)->25923K(26112K) Class: 3106K(3264K)->3106K(3264K)
[883.842s][info][gc             ] GC(416) Pause Young (Allocation Failure) 5204M->3368M(5592M) 86.175ms
[883.842s][info][gc,cpu         ] GC(416) User=0.48s Sys=0.03s Real=0.09s
.[885.093s][info][gc,start       ] GC(417) Pause Young (Allocation Failure)
[885.187s][info][gc,heap        ] GC(417) PSYoungGen: 2185673K(2405888K)->146368K(2395648K) Eden: 2056777K(2059264K)->0K(2059264K) From: 128896K(346624K)->146368K(336384K)
[885.187s][info][gc,heap        ] GC(417) ParOldGen: 3319992K(3320320K)->3412252K(3412480K)
[885.187s][info][gc,metaspace   ] GC(417) Metaspace: 29030K(29376K)->29030K(29376K) NonClass: 25923K(26112K)->25923K(26112K) Class: 3106K(3264K)->3106K(3264K)
[885.187s][info][gc             ] GC(417) Pause Young (Allocation Failure) 5376M->3475M(5672M) 93.856ms
[885.187s][info][gc,cpu         ] GC(417) User=0.52s Sys=0.03s Real=0.09s
. (rIR:aIR:PR = 10773:10461:10536) (tPR = 161149) [OK] 
   885s:       rampup IR =  11970 [886.435s][info][gc,start       ] GC(418) Pause Young (Allocation Failure)
[886.528s][info][gc,heap        ] GC(418) PSYoungGen: 2205632K(2395648K)->144320K(2442752K) Eden: 2059264K(2059264K)->0K(2129920K) From: 146368K(336384K)->144320K(312832K)
[886.528s][info][gc,heap        ] GC(418) ParOldGen: 3412252K(3412480K)->3505980K(3506176K)
[886.528s][info][gc,metaspace   ] GC(418) Metaspace: 29030K(29376K)->29030K(29376K) NonClass: 25923K(26112K)->25923K(26112K) Class: 3106K(3264K)->3106K(3264K)
[886.528s][info][gc             ] GC(418) Pause Young (Allocation Failure) 5486M->3564M(5809M) 93.713ms
[886.528s][info][gc,cpu         ] GC(418) User=0.52s Sys=0.03s Real=0.09s
..[887.770s][info][gc,start       ] GC(419) Pause Young (Allocation Failure)
[887.866s][info][gc,heap        ] GC(419) PSYoungGen: 2274240K(2442752K)->151786K(2430464K) Eden: 2129920K(2129920K)->0K(2129920K) From: 144320K(312832K)->151786K(300544K)
[887.866s][info][gc,heap        ] GC(419) ParOldGen: 3505980K(3506176K)->3602012K(3602432K)
[887.866s][info][gc,metaspace   ] GC(419) Metaspace: 29030K(29376K)->29030K(29376K) NonClass: 25923K(26112K)->25923K(26112K) Class: 3106K(3264K)->3106K(3264K)
[887.866s][info][gc             ] GC(419) Pause Young (Allocation Failure) 5644M->3665M(5891M) 96.320ms
[887.866s][info][gc,cpu         ] GC(419) User=0.55s Sys=0.02s Real=0.10s
.[889.100s][info][gc,start       ] GC(420) Pause Young (Allocation Failure)
[889.195s][info][gc,heap        ] GC(420) PSYoungGen: 2281706K(2430464K)->149376K(2482688K) Eden: 2129920K(2129920K)->0K(2195456K) From: 151786K(300544K)->149376K(287232K)
[889.195s][info][gc,heap        ] GC(420) ParOldGen: 3602012K(3602432K)->3701036K(3701248K)
[889.195s][info][gc,metaspace   ] GC(420) Metaspace: 29031K(29376K)->29031K(29376K) NonClass: 25924K(26112K)->25924K(26112K) Class: 3106K(3264K)->3106K(3264K)
[889.195s][info][gc             ] GC(420) Pause Young (Allocation Failure) 5745M->3760M(6039M) 95.001ms
[889.195s][info][gc,cpu         ] GC(420) User=0.53s Sys=0.03s Real=0.10s
.[890.460s][info][gc,start       ] GC(421) Pause Young (Allocation Failure)
[890.600s][info][gc,heap        ] GC(421) PSYoungGen: 2344832K(2482688K)->150469K(2469888K) Eden: 2195456K(2195456K)->0K(2195456K) From: 149376K(287232K)->150469K(274432K)
[890.600s][info][gc,heap        ] GC(421) ParOldGen: 3701036K(3701248K)->3797812K(3798016K)
[890.600s][info][gc,metaspace   ] GC(421) Metaspace: 29031K(29376K)->29031K(29376K) NonClass: 25924K(26112K)->25924K(26112K) Class: 3106K(3264K)->3106K(3264K)
[890.600s][info][gc             ] GC(421) Pause Young (Allocation Failure) 5904M->3855M(6121M) 140.669ms
[890.600s][info][gc,cpu         ] GC(421) User=0.54s Sys=0.03s Real=0.14s
.[891.833s][info][gc,start       ] GC(422) Pause Young (Allocation Failure)
[891.937s][info][gc,heap        ] GC(422) PSYoungGen: 2345925K(2469888K)->166096K(2502144K) Eden: 2195456K(2195456K)->0K(2238976K) From: 150469K(274432K)->166096K(263168K)
[891.937s][info][gc,heap        ] GC(422) ParOldGen: 3797812K(3798016K)->3900324K(3900416K)
[891.937s][info][gc,metaspace   ] GC(422) Metaspace: 29033K(29376K)->29033K(29376K) NonClass: 25926K(26112K)->25926K(26112K) Class: 3106K(3264K)->3106K(3264K)
[891.937s][info][gc             ] GC(422) Pause Young (Allocation Failure) 5999M->3971M(6252M) 104.613ms
[891.937s][info][gc,cpu         ] GC(422) User=0.59s Sys=0.03s Real=0.10s
. (rIR:aIR:PR = 11970:11880:11489) (tPR = 166129) [OK] 
   891s:    snapshot, IR =  11970 .[893.232s][info][gc,start       ] GC(423) Pause Young (Allocation Failure)
[893.334s][info][gc,heap        ] GC(423) PSYoungGen: 2405072K(2502144K)->162052K(2497536K) Eden: 2238976K(2238976K)->0K(2238976K) From: 166096K(263168K)->162052K(258560K)
[893.334s][info][gc,heap        ] GC(423) ParOldGen: 3900324K(3900416K)->4000828K(4001280K)
[893.334s][info][gc,metaspace   ] GC(423) Metaspace: 29033K(29376K)->29033K(29376K) NonClass: 25926K(26112K)->25926K(26112K) Class: 3106K(3264K)->3106K(3264K)
[893.334s][info][gc             ] GC(423) Pause Young (Allocation Failure) 6157M->4065M(6346M) 102.570ms
[893.335s][info][gc,cpu         ] GC(423) User=0.58s Sys=0.03s Real=0.10s
.[894.674s][info][gc,start       ] GC(424) Pause Young (Allocation Failure)
[894.772s][info][gc,heap        ] GC(424) PSYoungGen: 2401028K(2497536K)->150624K(2527744K) Eden: 2238976K(2238976K)->0K(2284032K) From: 162052K(258560K)->150624K(243712K)
[894.772s][info][gc,heap        ] GC(424) ParOldGen: 4000828K(4001280K)->4101532K(4101632K)
[894.772s][info][gc,metaspace   ] GC(424) Metaspace: 29033K(29376K)->29033K(29376K) NonClass: 25926K(26112K)->25926K(26112K) Class: 3106K(3264K)->3106K(3264K)
[894.772s][info][gc             ] GC(424) Pause Young (Allocation Failure) 6251M->4152M(6474M) 97.659ms
[894.772s][info][gc,cpu         ] GC(424) User=0.55s Sys=0.02s Real=0.10s
.[896.056s][info][gc,start       ] GC(425) Pause Young (Allocation Failure)
[896.162s][info][gc,heap        ] GC(425) PSYoungGen: 2434656K(2527744K)->166104K(2526720K) Eden: 2284032K(2284032K)->0K(2284032K) From: 150624K(243712K)->166104K(242688K)
[896.162s][info][gc,heap        ] GC(425) ParOldGen: 4101532K(4101632K)->4202124K(4202496K)
[896.162s][info][gc,metaspace   ] GC(425) Metaspace: 29033K(29376K)->29033K(29376K) NonClass: 25926K(26112K)->25926K(26112K) Class: 3106K(3264K)->3106K(3264K)
[896.162s][info][gc             ] GC(425) Pause Young (Allocation Failure) 6382M->4265M(6571M) 105.444ms
[896.162s][info][gc,cpu         ] GC(425) User=0.59s Sys=0.02s Real=0.11s
..[897.487s][info][gc,start       ] GC(426) Pause Young (Allocation Failure)
[897.630s][info][gc,heap        ] GC(426) PSYoungGen: 2450136K(2526720K)->144224K(2543616K) Eden: 2284032K(2284032K)->0K(2314240K) From: 166104K(242688K)->144224K(229376K)
[897.630s][info][gc,heap        ] GC(426) ParOldGen: 4202124K(4202496K)->4306644K(4306944K)
[897.630s][info][gc,metaspace   ] GC(426) Metaspace: 29033K(29376K)->29033K(29376K) NonClass: 25926K(26112K)->25926K(26112K) Class: 3106K(3264K)->3106K(3264K)
[897.630s][info][gc             ] GC(426) Pause Young (Allocation Failure) 6496M->4346M(6690M) 143.268ms
[897.630s][info][gc,cpu         ] GC(426) User=0.55s Sys=0.02s Real=0.14s
.[898.907s][info][gc,start       ] GC(427) Pause Young (Allocation Failure)
[899.013s][info][gc,heap        ] GC(427) PSYoungGen: 2458464K(2543616K)->172496K(2546176K) Eden: 2314240K(2314240K)->0K(2314240K) From: 144224K(229376K)->172496K(231936K)
[899.013s][info][gc,heap        ] GC(427) ParOldGen: 4306644K(4306944K)->4405964K(4406272K)
[899.013s][info][gc,metaspace   ] GC(427) Metaspace: 29033K(29376K)->29033K(29376K) NonClass: 25926K(26112K)->25926K(26112K) Class: 3106K(3264K)->3106K(3264K)
[899.013s][info][gc             ] GC(427) Pause Young (Allocation Failure) 6606M->4471M(6789M) 105.586ms
[899.013s][info][gc,cpu         ] GC(427) User=0.58s Sys=0.04s Real=0.11s
.[900.334s][info][gc,start       ] GC(428) Pause Young (Allocation Failure)
[900.456s][info][gc,heap        ] GC(428) PSYoungGen: 2486736K(2546176K)->180501K(2559488K) Eden: 2314240K(2314240K)->0K(2328064K) From: 172496K(231936K)->180501K(231424K)
[900.456s][info][gc,heap        ] GC(428) ParOldGen: 4405964K(4406272K)->4511236K(4511744K)
[900.456s][info][gc,metaspace   ] GC(428) Metaspace: 29033K(29376K)->29033K(29376K) NonClass: 25926K(26112K)->25926K(26112K) Class: 3106K(3264K)->3106K(3264K)
[900.456s][info][gc             ] GC(428) Pause Young (Allocation Failure) 6731M->4581M(6905M) 121.224ms
[900.456s][info][gc,cpu         ] GC(428) User=0.63s Sys=0.08s Real=0.12s
.[901.838s][info][gc,start       ] GC(429) Pause Young (Allocation Failure)
[901.947s][info][gc,heap        ] GC(429) PSYoungGen: 2508565K(2559488K)->165358K(2493440K) Eden: 2328064K(2328064K)->0K(2328064K) From: 180501K(231424K)->165358K(165376K)
[901.947s][info][gc,heap        ] GC(429) ParOldGen: 4511236K(4511744K)->4612852K(4613120K)
[901.947s][info][gc,metaspace   ] GC(429) Metaspace: 29033K(29376K)->29033K(29376K) NonClass: 25926K(26112K)->25926K(26112K) Class: 3106K(3264K)->3106K(3264K)
[901.947s][info][gc             ] GC(429) Pause Young (Allocation Failure) 6855M->4666M(6940M) 109.686ms
[901.947s][info][gc,cpu         ] GC(429) User=0.61s Sys=0.03s Real=0.11s
..[903.235s][info][gc,start       ] GC(430) Pause Young (Allocation Failure)
[903.343s][info][gc,heap        ] GC(430) PSYoungGen: 2493422K(2493440K)->171537K(2562560K) Eden: 2328064K(2328064K)->0K(2332672K) From: 165358K(165376K)->171537K(229888K)
[903.343s][info][gc,heap        ] GC(430) ParOldGen: 4612852K(4613120K)->4715748K(4716032K)
[903.343s][info][gc,metaspace   ] GC(430) Metaspace: 29033K(29376K)->29033K(29376K) NonClass: 25926K(26112K)->25926K(26112K) Class: 3106K(3264K)->3106K(3264K)
[903.343s][info][gc             ] GC(430) Pause Young (Allocation Failure) 6939M->4772M(7108M) 108.218ms
[903.343s][info][gc,cpu         ] GC(430) User=0.60s Sys=0.04s Real=0.11s
.|[904.722s][info][gc,start       ] GC(431) Pause Young (Allocation Failure)
[904.825s][info][gc,heap        ] GC(431) PSYoungGen: 2504209K(2562560K)->154994K(2487808K) Eden: 2332672K(2332672K)->0K(2332672K) From: 171537K(229888K)->154994K(155136K)
[904.825s][info][gc,heap        ] GC(431) ParOldGen: 4715748K(4716032K)->4825780K(4826112K)
[904.825s][info][gc,metaspace   ] GC(431) Metaspace: 29033K(29376K)->29033K(29376K) NonClass: 25926K(26112K)->25926K(26112K) Class: 3106K(3264K)->3106K(3264K)
[904.825s][info][gc             ] GC(431) Pause Young (Allocation Failure) 7050M->4864M(7142M) 103.735ms
[904.825s][info][gc,cpu         ] GC(431) User=0.58s Sys=0.04s Real=0.11s
.[906.159s][info][gc,start       ] GC(432) Pause Young (Allocation Failure)
[906.271s][info][gc,heap        ] GC(432) PSYoungGen: 2487666K(2487808K)->177717K(2559488K) Eden: 2332672K(2332672K)->0K(2337792K) From: 154994K(155136K)->177717K(221696K)
[906.271s][info][gc,heap        ] GC(432) ParOldGen: 4825780K(4826112K)->4927660K(4928000K)
[906.271s][info][gc,metaspace   ] GC(432) Metaspace: 29033K(29376K)->29033K(29376K) NonClass: 25926K(26112K)->25926K(26112K) Class: 3106K(3264K)->3106K(3264K)
[906.271s][info][gc             ] GC(432) Pause Young (Allocation Failure) 7142M->4985M(7312M) 112.195ms
[906.271s][info][gc,cpu         ] GC(432) User=0.63s Sys=0.03s Real=0.11s
.[907.611s][info][gc,start       ] GC(433) Pause Young (Allocation Failure)
[907.717s][info][gc,heap        ] GC(433) PSYoungGen: 2515509K(2559488K)->172672K(2560000K) Eden: 2337792K(2337792K)->0K(2337792K) From: 177717K(221696K)->172672K(222208K)
[907.717s][info][gc,heap        ] GC(433) ParOldGen: 4927660K(4928000K)->5026548K(5026816K)
[907.717s][info][gc,metaspace   ] GC(433) Metaspace: 29033K(29376K)->29033K(29376K) NonClass: 25926K(26112K)->25926K(26112K) Class: 3106K(3264K)->3106K(3264K)
[907.717s][info][gc             ] GC(433) Pause Young (Allocation Failure) 7268M->5077M(7409M) 105.809ms
[907.717s][info][gc,cpu         ] GC(433) User=0.59s Sys=0.04s Real=0.11s
.[909.034s][info][gc,start       ] GC(434) Pause Young (Allocation Failure)
[909.143s][info][gc,heap        ] GC(434) PSYoungGen: 2510464K(2560000K)->167038K(2566144K) Eden: 2337792K(2337792K)->0K(2352640K) From: 172672K(222208K)->167038K(213504K)
[909.143s][info][gc,heap        ] GC(434) ParOldGen: 5026548K(5026816K)->5131940K(5132288K)
[909.143s][info][gc,metaspace   ] GC(434) Metaspace: 29033K(29376K)->29033K(29376K) NonClass: 25926K(26112K)->25926K(26112K) Class: 3106K(3264K)->3106K(3264K)
[909.143s][info][gc             ] GC(434) Pause Young (Allocation Failure) 7360M->5174M(7518M) 108.392ms
[909.143s][info][gc,cpu         ] GC(434) User=0.61s Sys=0.03s Real=0.11s
.[910.446s][info][gc,start       ] GC(435) Pause Young (Allocation Failure)
[910.601s][info][gc,heap        ] GC(435) PSYoungGen: 2519678K(2566144K)->177908K(2569728K) Eden: 2352640K(2352640K)->0K(2352640K) From: 167038K(213504K)->177908K(217088K)
[910.601s][info][gc,heap        ] GC(435) ParOldGen: 5131940K(5132288K)->5235172K(5235200K)
[910.601s][info][gc,metaspace   ] GC(435) Metaspace: 29034K(29376K)->29034K(29376K) NonClass: 25927K(26112K)->25927K(26112K) Class: 3106K(3264K)->3106K(3264K)
[910.601s][info][gc             ] GC(435) Pause Young (Allocation Failure) 7472M->5286M(7622M) 154.902ms
[910.601s][info][gc,cpu         ] GC(435) User=0.62s Sys=0.02s Real=0.15s
?.[911.977s][info][gc,start       ] GC(436) Pause Young (Allocation Failure)
[912.085s][info][gc,heap        ] GC(436) PSYoungGen: 2530548K(2569728K)->158676K(2570240K) Eden: 2352640K(2352640K)->0K(2361344K) From: 177908K(217088K)->158676K(208896K)
[912.085s][info][gc,heap        ] GC(436) ParOldGen: 5235172K(5235200K)->5346236K(5346304K)
[912.085s][info][gc,metaspace   ] GC(436) Metaspace: 29034K(29376K)->29034K(29376K) NonClass: 25927K(26112K)->25927K(26112K) Class: 3106K(3264K)->3106K(3264K)
[912.085s][info][gc             ] GC(436) Pause Young (Allocation Failure) 7583M->5375M(7731M) 107.843ms
[912.085s][info][gc,cpu         ] GC(436) User=0.60s Sys=0.03s Real=0.11s
.[913.421s][info][gc,start       ] GC(437) Pause Young (Allocation Failure)
[913.574s][info][gc,heap        ] GC(437) PSYoungGen: 2520020K(2570240K)->165152K(2574336K) Eden: 2361344K(2361344K)->0K(2361344K) From: 158676K(208896K)->165152K(212992K)
[913.574s][info][gc,heap        ] GC(437) ParOldGen: 5346236K(5346304K)->5446780K(5447168K)
[913.574s][info][gc,metaspace   ] GC(437) Metaspace: 29034K(29376K)->29034K(29376K) NonClass: 25927K(26112K)->25927K(26112K) Class: 3106K(3264K)->3106K(3264K)
[913.574s][info][gc             ] GC(437) Pause Young (Allocation Failure) 7681M->5480M(7833M) 152.344ms
[913.574s][info][gc,cpu         ] GC(437) User=0.58s Sys=0.04s Real=0.16s
.[914.891s][info][gc,start       ] GC(438) Pause Young (Allocation Failure)
[914.993s][info][gc,heap        ] GC(438) PSYoungGen: 2526496K(2574336K)->153920K(2576896K) Eden: 2361344K(2361344K)->0K(2374144K) From: 165152K(212992K)->153920K(202752K)
[914.993s][info][gc,heap        ] GC(438) ParOldGen: 5446780K(5447168K)->5551740K(5552128K)
[914.993s][info][gc,metaspace   ] GC(438) Metaspace: 29036K(29376K)->29036K(29376K) NonClass: 25929K(26112K)->25929K(26112K) Class: 3106K(3264K)->3106K(3264K)
[914.993s][info][gc             ] GC(438) Pause Young (Allocation Failure) 7786M->5571M(7938M) 102.849ms
[914.993s][info][gc,cpu         ] GC(438) User=0.56s Sys=0.04s Real=0.11s
.[916.312s][info][gc,start       ] GC(439) Pause Full (Allocation Failure)
[916.312s][info][gc,phases,start] GC(439) Marking Phase
[916.681s][info][gc,phases      ] GC(439) Marking Phase 368.575ms
[916.681s][info][gc,phases,start] GC(439) Summary Phase
[916.681s][info][gc,phases      ] GC(439) Summary Phase 0.103ms
[916.681s][info][gc,phases,start] GC(439) Forward
[916.834s][info][gc,phases      ] GC(439) Forward 152.451ms
[916.834s][info][gc,phases,start] GC(439) Adjust Pointers
[917.083s][info][gc,phases      ] GC(439) Adjust Pointers 249.028ms
[917.083s][info][gc,phases,start] GC(439) Compaction Phase
[917.281s][info][gc,phases      ] GC(439) Compaction Phase 197.847ms
[917.283s][info][gc,phases,start] GC(439) Post Compact
[917.290s][info][gc,phases      ] GC(439) Post Compact 6.970ms
[917.405s][info][gc,heap        ] GC(439) PSYoungGen: 2528064K(2576896K)->0K(2579968K) Eden: 2374144K(2374144K)->0K(2374144K) From: 153920K(202752K)->0K(205824K)
[917.405s][info][gc,heap        ] GC(439) ParOldGen: 5551740K(5552128K)->1644630K(1873920K)
[917.405s][info][gc,metaspace   ] GC(439) Metaspace: 29036K(29376K)->29036K(29376K) NonClass: 25929K(26112K)->25929K(26112K) Class: 3106K(3264K)->3106K(3264K)
[917.405s][info][gc             ] GC(439) Pause Full (Allocation Failure) 7890M->1606M(4349M) 1092.907ms
[917.405s][info][gc,cpu         ] GC(439) User=5.14s Sys=0.12s Real=1.09s
?.[918.783s][info][gc,start       ] GC(440) Pause Young (Allocation Failure)
[918.876s][info][gc,heap        ] GC(440) PSYoungGen: 2374144K(2579968K)->195695K(2573824K) Eden: 2374144K(2374144K)->0K(2368000K) From: 0K(205824K)->195695K(205824K)
[918.876s][info][gc,heap        ] GC(440) ParOldGen: 1644630K(1873920K)->1644630K(1873920K)
[918.876s][info][gc,metaspace   ] GC(440) Metaspace: 29036K(29376K)->29036K(29376K) NonClass: 25929K(26112K)->25929K(26112K) Class: 3106K(3264K)->3106K(3264K)
[918.876s][info][gc             ] GC(440) Pause Young (Allocation Failure) 3924M->1797M(4343M) 93.485ms
[918.876s][info][gc,cpu         ] GC(440) User=0.50s Sys=0.05s Real=0.09s
.[920.202s][info][gc,start       ] GC(441) Pause Young (Allocation Failure)
[920.302s][info][gc,heap        ] GC(441) PSYoungGen: 2563695K(2573824K)->170916K(2582016K) Eden: 2368000K(2368000K)->0K(2368000K) From: 195695K(205824K)->170916K(214016K)
[920.302s][info][gc,heap        ] GC(441) ParOldGen: 1644630K(1873920K)->1745815K(1873920K)
[920.302s][info][gc,metaspace   ] GC(441) Metaspace: 29036K(29376K)->29036K(29376K) NonClass: 25929K(26112K)->25929K(26112K) Class: 3106K(3264K)->3106K(3264K)
[920.303s][info][gc             ] GC(441) Pause Young (Allocation Failure) 4109M->1871M(4351M) 100.512ms
[920.303s][info][gc,cpu         ] GC(441) User=0.59s Sys=0.00s Real=0.10s
..[921.623s][info][gc,start       ] GC(442) Pause Young (Allocation Failure)
[921.727s][info][gc,heap        ] GC(442) PSYoungGen: 2538916K(2582016K)->179044K(2579968K) Eden: 2368000K(2368000K)->0K(2371072K) From: 170916K(214016K)->179044K(208896K)
[921.727s][info][gc,heap        ] GC(442) ParOldGen: 1745815K(1873920K)->1851039K(1873920K)
[921.727s][info][gc,metaspace   ] GC(442) Metaspace: 29036K(29376K)->29036K(29376K) NonClass: 25929K(26112K)->25929K(26112K) Class: 3106K(3264K)->3106K(3264K)
[921.727s][info][gc             ] GC(442) Pause Young (Allocation Failure) 4184M->1982M(4349M) 104.678ms
[921.727s][info][gc,cpu         ] GC(442) User=0.62s Sys=0.00s Real=0.10s
.[923.014s][info][gc,start       ] GC(443) Pause Young (Allocation Failure)
[923.118s][info][gc,heap        ] GC(443) PSYoungGen: 2550116K(2579968K)->166080K(2582528K) Eden: 2371072K(2371072K)->0K(2371072K) From: 179044K(208896K)->166080K(211456K)
[923.118s][info][gc,heap        ] GC(443) ParOldGen: 1851039K(1873920K)->1959735K(1959936K)
[923.118s][info][gc,metaspace   ] GC(443) Metaspace: 29036K(29376K)->29036K(29376K) NonClass: 25929K(26112K)->25929K(26112K) Class: 3106K(3264K)->3106K(3264K)
[923.118s][info][gc             ] GC(443) Pause Young (Allocation Failure) 4298M->2075M(4436M) 104.029ms
[923.118s][info][gc,cpu         ] GC(443) User=0.59s Sys=0.03s Real=0.10s
.[924.420s][info][gc,start       ] GC(444) Pause Young (Allocation Failure)
[924.568s][info][gc,heap        ] GC(444) PSYoungGen: 2537152K(2582528K)->158370K(2580992K) Eden: 2371072K(2371072K)->0K(2377216K) From: 166080K(211456K)->158370K(203776K)
[924.568s][info][gc,heap        ] GC(444) ParOldGen: 1959735K(1959936K)->2065351K(2065408K)
[924.568s][info][gc,metaspace   ] GC(444) Metaspace: 29036K(29376K)->29036K(29376K) NonClass: 25929K(26112K)->25929K(26112K) Class: 3106K(3264K)->3106K(3264K)
[924.568s][info][gc             ] GC(444) Pause Young (Allocation Failure) 4391M->2171M(4537M) 147.992ms
[924.569s][info][gc,cpu         ] GC(444) User=0.57s Sys=0.03s Real=0.15s
.[926.024s][info][gc,start       ] GC(445) Pause Young (Allocation Failure)
[926.126s][info][gc,heap        ] GC(445) PSYoungGen: 2535586K(2580992K)->155077K(2582016K) Eden: 2377216K(2377216K)->0K(2377216K) From: 158370K(203776K)->155077K(204800K)
[926.126s][info][gc,heap        ] GC(445) ParOldGen: 2065351K(2065408K)->2178463K(2178560K)
[926.126s][info][gc,metaspace   ] GC(445) Metaspace: 29036K(29376K)->29036K(29376K) NonClass: 25929K(26112K)->25929K(26112K) Class: 3106K(3264K)->3106K(3264K)
[926.126s][info][gc             ] GC(445) Pause Young (Allocation Failure) 4493M->2278M(4649M) 102.136ms
[926.126s][info][gc,cpu         ] GC(445) User=0.57s Sys=0.03s Real=0.10s
.[927.559s][info][gc,start       ] GC(446) Pause Young (Allocation Failure)
[927.659s][info][gc,heap        ] GC(446) PSYoungGen: 2532293K(2582016K)->160864K(2586112K) Eden: 2377216K(2377216K)->0K(2388480K) From: 155077K(204800K)->160864K(197632K)
[927.659s][info][gc,heap        ] GC(446) ParOldGen: 2178463K(2178560K)->2280727K(2280960K)
[927.659s][info][gc,metaspace   ] GC(446) Metaspace: 29037K(29376K)->29037K(29376K) NonClass: 25930K(26112K)->25930K(26112K) Class: 3106K(3264K)->3106K(3264K)
[927.659s][info][gc             ] GC(446) Pause Young (Allocation Failure) 4600M->2384M(4753M) 99.949ms
[927.659s][info][gc,cpu         ] GC(446) User=0.55s Sys=0.03s Real=0.10s
..[929.107s][info][gc,start       ] GC(447) Pause Young (Allocation Failure)
[929.205s][info][gc,heap        ] GC(447) PSYoungGen: 2549344K(2586112K)->151328K(2588160K) Eden: 2388480K(2388480K)->0K(2388480K) From: 160864K(197632K)->151328K(199680K)
[929.205s][info][gc,heap        ] GC(447) ParOldGen: 2280727K(2280960K)->2383591K(2383872K)
[929.205s][info][gc,metaspace   ] GC(447) Metaspace: 29037K(29376K)->29037K(29376K) NonClass: 25930K(26112K)->25930K(26112K) Class: 3106K(3264K)->3106K(3264K)
[929.205s][info][gc             ] GC(447) Pause Young (Allocation Failure) 4716M->2475M(4855M) 98.024ms
[929.205s][info][gc,cpu         ] GC(447) User=0.55s Sys=0.03s Real=0.10s
.[930.668s][info][gc,start       ] GC(448) Pause Young (Allocation Failure)
[930.766s][info][gc,heap        ] GC(448) PSYoungGen: 2539808K(2588160K)->151737K(2592256K) Eden: 2388480K(2388480K)->0K(2397696K) From: 151328K(199680K)->151737K(194560K)
[930.766s][info][gc,heap        ] GC(448) ParOldGen: 2383591K(2383872K)->2486887K(2487296K)
[930.766s][info][gc,metaspace   ] GC(448) Metaspace: 29037K(29376K)->29037K(29376K) NonClass: 25930K(26112K)->25930K(26112K) Class: 3106K(3264K)->3106K(3264K)
[930.766s][info][gc             ] GC(448) Pause Young (Allocation Failure) 4808M->2576M(4960M) 98.528ms
[930.766s][info][gc,cpu         ] GC(448) User=0.54s Sys=0.04s Real=0.10s
.[932.121s][info][gc,start       ] GC(449) Pause Young (Allocation Failure)
[932.220s][info][gc,heap        ] GC(449) PSYoungGen: 2549433K(2592256K)->160756K(2594816K) Eden: 2397696K(2397696K)->0K(2397696K) From: 151737K(194560K)->160756K(197120K)
[932.220s][info][gc,heap        ] GC(449) ParOldGen: 2486887K(2487296K)->2579023K(2579456K)
[932.220s][info][gc,metaspace   ] GC(449) Metaspace: 29037K(29376K)->29037K(29376K) NonClass: 25930K(26112K)->25930K(26112K) Class: 3106K(3264K)->3106K(3264K)
[932.220s][info][gc             ] GC(449) Pause Young (Allocation Failure) 4918M->2675M(5053M) 98.571ms
[932.220s][info][gc,cpu         ] GC(449) User=0.56s Sys=0.02s Real=0.10s
.[933.693s][info][gc,start       ] GC(450) Pause Young (Allocation Failure)
[933.809s][info][gc,heap        ] GC(450) PSYoungGen: 2558452K(2594816K)->191970K(2586624K) Eden: 2397696K(2397696K)->0K(2392576K) From: 160756K(197120K)->191970K(194048K)
[933.809s][info][gc,heap        ] GC(450) ParOldGen: 2579023K(2579456K)->2686455K(2686464K)
[933.809s][info][gc,metaspace   ] GC(450) Metaspace: 29037K(29376K)->29037K(29376K) NonClass: 25930K(26112K)->25930K(26112K) Class: 3106K(3264K)->3106K(3264K)
[933.809s][info][gc             ] GC(450) Pause Young (Allocation Failure) 5017M->2810M(5149M) 116.322ms
[933.809s][info][gc,cpu         ] GC(450) User=0.65s Sys=0.04s Real=0.11s
.[935.153s][info][gc,start       ] GC(451) Pause Young (Allocation Failure)
[935.269s][info][gc,heap        ] GC(451) PSYoungGen: 2584546K(2586624K)->180420K(2573312K) Eden: 2392576K(2392576K)->0K(2392576K) From: 191970K(194048K)->180420K(180736K)
[935.269s][info][gc,heap        ] GC(451) ParOldGen: 2686455K(2686464K)->2798575K(2798592K)
[935.269s][info][gc,metaspace   ] GC(451) Metaspace: 29037K(29376K)->29037K(29376K) NonClass: 25930K(26112K)->25930K(26112K) Class: 3106K(3264K)->3106K(3264K)
[935.269s][info][gc             ] GC(451) Pause Young (Allocation Failure) 5147M->2909M(5246M) 116.040ms
[935.269s][info][gc,cpu         ] GC(451) User=0.65s Sys=0.04s Real=0.11s
. (rIR:aIR:PR = 11970:11557:10996) (tPR = 163098) [PR is under limit] 
   935s: Re-initializing (term[936.657s][info][gc,start       ] GC(452) Pause Young (Allocation Failure)
[936.763s][info][gc,heap        ] GC(452) PSYoungGen: 2572996K(2573312K)->169795K(2594816K) Eden: 2392576K(2392576K)->0K(2391040K) From: 180420K(180736K)->169795K(203776K)
[936.763s][info][gc,heap        ] GC(452) ParOldGen: 2798575K(2798592K)->2904663K(2905088K)
[936.763s][info][gc,metaspace   ] GC(452) Metaspace: 29037K(29376K)->29037K(29376K) NonClass: 25930K(26112K)->25930K(26112K) Class: 3106K(3264K)->3106K(3264K)
[936.763s][info][gc             ] GC(452) Pause Young (Allocation Failure) 5245M->3002M(5371M) 105.806ms
[936.763s][info][gc,cpu         ] GC(452) User=0.58s Sys=0.03s Real=0.11s
[938.127s][info][gc,start       ] GC(453) Pause Young (Allocation Failure)
[938.236s][info][gc,heap        ] GC(453) PSYoungGen: 2560835K(2594816K)->176592K(2592256K) Eden: 2391040K(2391040K)->0K(2391040K) From: 169795K(203776K)->176592K(201216K)
[938.236s][info][gc,heap        ] GC(453) ParOldGen: 2904663K(2905088K)->3021415K(3021824K)
[938.236s][info][gc,metaspace   ] GC(453) Metaspace: 29037K(29376K)->29037K(29376K) NonClass: 25930K(26112K)->25930K(26112K) Class: 3106K(3264K)->3106K(3264K)
[938.236s][info][gc             ] GC(453) Pause Young (Allocation Failure) 5337M->3123M(5482M) 109.213ms
[938.236s][info][gc,cpu         ] GC(453) User=0.61s Sys=0.04s Real=0.11s
[939.646s][info][gc,start       ] GC(454) Pause Young (Allocation Failure)
[939.763s][info][gc,heap        ] GC(454) PSYoungGen: 2567632K(2592256K)->186292K(2588160K) Eden: 2391040K(2391040K)->0K(2386432K) From: 176592K(201216K)->186292K(201728K)
[939.763s][info][gc,heap        ] GC(454) ParOldGen: 3021415K(3021824K)->3148271K(3148288K)
[939.763s][info][gc,metaspace   ] GC(454) Metaspace: 29037K(29376K)->29037K(29376K) NonClass: 25930K(26112K)->25930K(26112K) Class: 3106K(3264K)->3106K(3264K)
[939.763s][info][gc             ] GC(454) Pause Young (Allocation Failure) 5458M->3256M(5602M) 117.184ms
[939.763s][info][gc,cpu         ] GC(454) User=0.66s Sys=0.03s Real=0.12s
) [940.159s][info][gc,start       ] GC(455) Pause Full (System.gc())
[940.159s][info][gc,phases,start] GC(455) Marking Phase
[940.179s][info][gc,phases      ] GC(455) Marking Phase 20.537ms
[940.179s][info][gc,phases,start] GC(455) Summary Phase
[940.179s][info][gc,phases      ] GC(455) Summary Phase 0.042ms
[940.179s][info][gc,phases,start] GC(455) Forward
[940.183s][info][gc,phases      ] GC(455) Forward 3.385ms
[940.183s][info][gc,phases,start] GC(455) Adjust Pointers
[940.197s][info][gc,phases      ] GC(455) Adjust Pointers 14.726ms
[940.197s][info][gc,phases,start] GC(455) Compaction Phase
[940.233s][info][gc,phases      ] GC(455) Compaction Phase 35.725ms
[940.233s][info][gc,phases,start] GC(455) Post Compact
[940.237s][info][gc,phases      ] GC(455) Post Compact 3.508ms
[940.237s][info][gc,heap        ] GC(455) PSYoungGen: 914168K(2588160K)->0K(2588160K) Eden: 727875K(2386432K)->0K(2386432K) From: 186292K(201728K)->0K(201728K)
[940.237s][info][gc,heap        ] GC(455) ParOldGen: 3148271K(3148288K)->333566K(3148288K)
[940.237s][info][gc,metaspace   ] GC(455) Metaspace: 29037K(29376K)->29037K(29376K) NonClass: 25930K(26112K)->25930K(26112K) Class: 3106K(3264K)->3106K(3264K)
[940.237s][info][gc             ] GC(455) Pause Full (System.gc()) 3967M->325M(5602M) 78.182ms
[940.237s][info][gc,cpu         ] GC(455) User=0.40s Sys=0.00s Real=0.08s
(init[941.877s][info][gc,start       ] GC(456) Pause Young (Allocation Failure)
[942.140s][info][gc,heap        ] GC(456) PSYoungGen: 2386432K(2588160K)->204797K(2591232K) Eden: 2386432K(2386432K)->0K(2386432K) From: 0K(201728K)->204797K(204800K)
[942.140s][info][gc,heap        ] GC(456) ParOldGen: 333566K(3148288K)->726830K(3148288K)
[942.140s][info][gc,metaspace   ] GC(456) Metaspace: 29038K(29376K)->29038K(29376K) NonClass: 25931K(26112K)->25931K(26112K) Class: 3106K(3264K)->3106K(3264K)
[942.140s][info][gc             ] GC(456) Pause Young (Allocation Failure) 2656M->909M(5605M) 262.931ms
[942.140s][info][gc,cpu         ] GC(456) User=1.57s Sys=0.00s Real=0.26s
) ... OK
   946s: high-bound for max-jOPS is measured to be 13837
   946s: 
   946s: Restarting (term) [946.938s][info][gc,start       ] GC(457) Pause Full (System.gc())
[946.938s][info][gc,phases,start] GC(457) Marking Phase
[946.958s][info][gc,phases      ] GC(457) Marking Phase 20.160ms
[946.958s][info][gc,phases,start] GC(457) Summary Phase
[946.958s][info][gc,phases      ] GC(457) Summary Phase 0.031ms
[946.958s][info][gc,phases,start] GC(457) Forward
[946.961s][info][gc,phases      ] GC(457) Forward 2.714ms
[946.961s][info][gc,phases,start] GC(457) Adjust Pointers
[946.975s][info][gc,phases      ] GC(457) Adjust Pointers 13.577ms
[946.975s][info][gc,phases,start] GC(457) Compaction Phase
[946.985s][info][gc,phases      ] GC(457) Compaction Phase 10.737ms
[946.985s][info][gc,phases,start] GC(457) Post Compact
[946.988s][info][gc,phases      ] GC(457) Post Compact 2.666ms
[946.988s][info][gc,heap        ] GC(457) PSYoungGen: 2572085K(2591232K)->0K(2591232K) Eden: 2367287K(2386432K)->0K(2386432K) From: 204797K(204800K)->0K(204800K)
[946.988s][info][gc,heap        ] GC(457) ParOldGen: 726830K(3148288K)->333114K(3148288K)
[946.988s][info][gc,metaspace   ] GC(457) Metaspace: 29042K(29376K)->29042K(29376K) NonClass: 25935K(26112K)->25935K(26112K) Class: 3106K(3264K)->3106K(3264K)
[946.988s][info][gc             ] GC(457) Pause Full (System.gc()) 3221M->325M(5605M) 50.167ms
[946.988s][info][gc,cpu         ] GC(457) User=0.21s Sys=0.00s Real=0.05s
(init[948.000s][info][gc,start       ] GC(458) Pause Young (Allocation Failure)
[948.333s][info][gc,heap        ] GC(458) PSYoungGen: 2386432K(2591232K)->204779K(1924608K) Eden: 2386432K(2386432K)->0K(1719808K) From: 0K(204800K)->204779K(204800K)
[948.333s][info][gc,heap        ] GC(458) ParOldGen: 333114K(3148288K)->862354K(3148288K)
[948.333s][info][gc,metaspace   ] GC(458) Metaspace: 29042K(29376K)->29042K(29376K) NonClass: 25935K(26112K)->25935K(26112K) Class: 3106K(3264K)->3106K(3264K)
[948.333s][info][gc             ] GC(458) Pause Young (Allocation Failure) 2655M->1042M(4954M) 333.452ms
[948.333s][info][gc,cpu         ] GC(458) User=1.98s Sys=0.01s Real=0.34s
[949.827s][info][gc,start       ] GC(459) Pause Young (Allocation Failure)
[950.050s][info][gc,heap        ] GC(459) PSYoungGen: 1924587K(1924608K)->399355K(2119168K) Eden: 1719808K(1719808K)->0K(1719808K) From: 204779K(204800K)->399355K(399360K)
[950.050s][info][gc,heap        ] GC(459) ParOldGen: 862354K(3148288K)->976598K(3148288K)
[950.050s][info][gc,metaspace   ] GC(459) Metaspace: 29042K(29376K)->29042K(29376K) NonClass: 25935K(26112K)->25935K(26112K) Class: 3106K(3264K)->3106K(3264K)
[950.050s][info][gc             ] GC(459) Pause Young (Allocation Failure) 2721M->1343M(5144M) 222.690ms
[950.050s][info][gc,cpu         ] GC(459) User=1.33s Sys=0.00s Real=0.22s
) ... OK
   952s: 
   952s: Warmup for building throughput-responsetime curve
   952s: (10%)   IR =   1384 ...[956.866s][info][gc,start       ] GC(460) Pause Young (Allocation Failure)
[957.147s][info][gc,heap        ] GC(460) PSYoungGen: 2119163K(2119168K)->560608K(1813504K) Eden: 1719808K(1719808K)->0K(1252864K) From: 399355K(399360K)->560608K(560640K)
[957.147s][info][gc,heap        ] GC(460) ParOldGen: 976598K(3148288K)->1341041K(3148288K)
[957.147s][info][gc,metaspace   ] GC(460) Metaspace: 29046K(29376K)->29046K(29376K) NonClass: 25939K(26112K)->25939K(26112K) Class: 3106K(3264K)->3106K(3264K)
[957.147s][info][gc             ] GC(460) Pause Young (Allocation Failure) 3023M->1857M(4845M) 281.069ms
[957.147s][info][gc,cpu         ] GC(460) User=1.68s Sys=0.00s Real=0.28s
......[962.732s][info][gc,start       ] GC(461) Pause Young (Allocation Failure)
[962.902s][info][gc,heap        ] GC(461) PSYoungGen: 1813472K(1813504K)->79072K(1332224K) Eden: 1252864K(1252864K)->0K(1252864K) From: 560608K(560640K)->79072K(79360K)
[962.902s][info][gc,heap        ] GC(461) ParOldGen: 1341041K(3148288K)->1823649K(3148288K)
[962.902s][info][gc,metaspace   ] GC(461) Metaspace: 29046K(29376K)->29046K(29376K) NonClass: 25939K(26112K)->25939K(26112K) Class: 3106K(3264K)->3106K(3264K)
[962.902s][info][gc             ] GC(461) Pause Young (Allocation Failure) 3080M->1858M(4375M) 170.556ms
[962.902s][info][gc,cpu         ] GC(461) User=1.02s Sys=0.00s Real=0.17s
......[969.047s][info][gc,start       ] GC(462) Pause Young (Allocation Failure)
[969.107s][info][gc,heap        ] GC(462) PSYoungGen: 1331936K(1332224K)->84144K(2028544K) Eden: 1252864K(1252864K)->0K(1254912K) From: 79072K(79360K)->84144K(773632K)
[969.107s][info][gc,heap        ] GC(462) ParOldGen: 1823649K(3148288K)->1890146K(3148288K)
[969.107s][info][gc,metaspace   ] GC(462) Metaspace: 29046K(29376K)->29046K(29376K) NonClass: 25939K(26112K)->25939K(26112K) Class: 3106K(3264K)->3106K(3264K)
[969.107s][info][gc             ] GC(462) Pause Young (Allocation Failure) 3081M->1928M(5055M) 60.581ms
[969.107s][info][gc,cpu         ] GC(462) User=0.36s Sys=0.00s Real=0.06s
......[975.111s][info][gc,start       ] GC(463) Pause Young (Allocation Failure)
[975.170s][info][gc,heap        ] GC(463) PSYoungGen: 1339056K(2028544K)->82800K(1337856K) Eden: 1254912K(1254912K)->0K(1254912K) From: 84144K(773632K)->82800K(82944K)
[975.170s][info][gc,heap        ] GC(463) ParOldGen: 1890146K(3148288K)->1959554K(3148288K)
[975.170s][info][gc,metaspace   ] GC(463) Metaspace: 29046K(29376K)->29046K(29376K) NonClass: 25939K(26112K)->25939K(26112K) Class: 3106K(3264K)->3106K(3264K)
[975.170s][info][gc             ] GC(463) Pause Young (Allocation Failure) 3153M->1994M(4381M) 58.252ms
[975.170s][info][gc,cpu         ] GC(463) User=0.34s Sys=0.00s Real=0.06s
.......[981.437s][info][gc,start       ] GC(464) Pause Young (Allocation Failure)
[981.495s][info][gc,heap        ] GC(464) PSYoungGen: 1337712K(1337856K)->83344K(2026496K) Eden: 1254912K(1254912K)->0K(1270784K) From: 82800K(82944K)->83344K(755712K)
[981.495s][info][gc,heap        ] GC(464) ParOldGen: 1959554K(3148288K)->2028490K(3148288K)
[981.495s][info][gc,metaspace   ] GC(464) Metaspace: 29046K(29376K)->29046K(29376K) NonClass: 25939K(26112K)->25939K(26112K) Class: 3106K(3264K)->3106K(3264K)
[981.495s][info][gc             ] GC(464) Pause Young (Allocation Failure) 3219M->2062M(5053M) 58.114ms
[981.495s][info][gc,cpu         ] GC(464) User=0.34s Sys=0.00s Real=0.06s
......[987.881s][info][gc,start       ] GC(465) Pause Young (Allocation Failure)
[987.939s][info][gc,heap        ] GC(465) PSYoungGen: 1354128K(2026496K)->85520K(2010624K) Eden: 1270784K(1270784K)->0K(1270784K) From: 83344K(755712K)->85520K(739840K)
[987.939s][info][gc,heap        ] GC(465) ParOldGen: 2028490K(3148288K)->2097930K(3148288K)
[987.939s][info][gc,metaspace   ] GC(465) Metaspace: 29046K(29376K)->29046K(29376K) NonClass: 25939K(26112K)->25939K(26112K) Class: 3106K(3264K)->3106K(3264K)
[987.940s][info][gc             ] GC(465) Pause Young (Allocation Failure) 3303M->2132M(5038M) 58.745ms
[987.940s][info][gc,cpu         ] GC(465) User=0.35s Sys=0.00s Real=0.06s
.......[994.465s][info][gc,start       ] GC(466) Pause Young (Allocation Failure)
[994.524s][info][gc,heap        ] GC(466) PSYoungGen: 1356304K(2010624K)->86544K(2033664K) Eden: 1270784K(1270784K)->0K(1323008K) From: 85520K(739840K)->86544K(710656K)
[994.524s][info][gc,heap        ] GC(466) ParOldGen: 2097930K(3148288K)->2168219K(3148288K)
[994.524s][info][gc,metaspace   ] GC(466) Metaspace: 29046K(29376K)->29046K(29376K) NonClass: 25939K(26112K)->25939K(26112K) Class: 3106K(3264K)->3106K(3264K)
[994.524s][info][gc             ] GC(466) Pause Young (Allocation Failure) 3373M->2201M(5060M) 59.568ms
[994.524s][info][gc,cpu         ] GC(466) User=0.35s Sys=0.00s Real=0.06s
.......[1001.211s][info][gc,start       ] GC(467) Pause Young (Allocation Failure)
[1001.271s][info][gc,heap        ] GC(467) PSYoungGen: 1409552K(2033664K)->87312K(2019840K) Eden: 1323008K(1323008K)->0K(1323008K) From: 86544K(710656K)->87312K(696832K)
[1001.271s][info][gc,heap        ] GC(467) ParOldGen: 2168219K(3148288K)->2239971K(3148288K)
[1001.271s][info][gc,metaspace   ] GC(467) Metaspace: 29047K(29376K)->29047K(29376K) NonClass: 25940K(26112K)->25940K(26112K) Class: 3106K(3264K)->3106K(3264K)
[1001.271s][info][gc             ] GC(467) Pause Young (Allocation Failure) 3493M->2272M(5047M) 60.432ms
[1001.271s][info][gc,cpu         ] GC(467) User=0.36s Sys=0.00s Real=0.06s
......[1007.757s][info][gc,start       ] GC(468) Pause Young (Allocation Failure)
[1007.816s][info][gc,heap        ] GC(468) PSYoungGen: 1410320K(2019840K)->85616K(2073600K) Eden: 1323008K(1323008K)->0K(1414144K) From: 87312K(696832K)->85616K(659456K)
[1007.816s][info][gc,heap        ] GC(468) ParOldGen: 2239971K(3148288K)->2313323K(3148288K)
[1007.816s][info][gc,metaspace   ] GC(468) Metaspace: 29048K(29376K)->29048K(29376K) NonClass: 25941K(26112K)->25941K(26112K) Class: 3106K(3264K)->3106K(3264K)
[1007.816s][info][gc             ] GC(468) Pause Young (Allocation Failure) 3564M->2342M(5099M) 59.362ms
[1007.816s][info][gc,cpu         ] GC(468) User=0.35s Sys=0.01s Real=0.06s
.......[1015.105s][info][gc,start       ] GC(469) Pause Young (Allocation Failure)
[1015.168s][info][gc,heap        ] GC(469) PSYoungGen: 1499760K(2073600K)->95936K(2060800K) Eden: 1414144K(1414144K)->0K(1414144K) From: 85616K(659456K)->95936K(646656K)
[1015.168s][info][gc,heap        ] GC(469) ParOldGen: 2313323K(3148288K)->2383027K(3148288K)
[1015.168s][info][gc,metaspace   ] GC(469) Metaspace: 29048K(29376K)->29048K(29376K) NonClass: 25941K(26112K)->25941K(26112K) Class: 3106K(3264K)->3106K(3264K)
[1015.168s][info][gc             ] GC(469) Pause Young (Allocation Failure) 3723M->2420M(5087M) 62.472ms
[1015.168s][info][gc,cpu         ] GC(469) User=0.37s Sys=0.00s Real=0.06s
........[1022.457s][info][gc,start       ] GC(470) Pause Young (Allocation Failure)
[1022.521s][info][gc,heap        ] GC(470) PSYoungGen: 1510080K(2060800K)->94256K(2121728K) Eden: 1414144K(1414144K)->0K(1517568K) From: 95936K(646656K)->94256K(604160K)
[1022.521s][info][gc,heap        ] GC(470) ParOldGen: 2383027K(3148288K)->2459835K(3148288K)
[1022.521s][info][gc,metaspace   ] GC(470) Metaspace: 29050K(29376K)->29050K(29376K) NonClass: 25943K(26112K)->25943K(26112K) Class: 3106K(3264K)->3106K(3264K)
[1022.521s][info][gc             ] GC(470) Pause Young (Allocation Failure) 3801M->2494M(5146M) 63.973ms
[1022.521s][info][gc,cpu         ] GC(470) User=0.37s Sys=0.01s Real=0.06s
........[1030.332s][info][gc,start       ] GC(471) Pause Young (Allocation Failure)
[1030.398s][info][gc,heap        ] GC(471) PSYoungGen: 1611824K(2121728K)->100512K(2108416K) Eden: 1517568K(1517568K)->0K(1517568K) From: 94256K(604160K)->100512K(590848K)
[1030.398s][info][gc,heap        ] GC(471) ParOldGen: 2459835K(3148288K)->2535499K(3148288K)
[1030.399s][info][gc,metaspace   ] GC(471) Metaspace: 29050K(29376K)->29050K(29376K) NonClass: 25943K(26112K)->25943K(26112K) Class: 3106K(3264K)->3106K(3264K)
[1030.399s][info][gc             ] GC(471) Pause Young (Allocation Failure) 3976M->2574M(5133M) 66.423ms
[1030.399s][info][gc,cpu         ] GC(471) User=0.39s Sys=0.00s Real=0.06s
.......[1038.149s][info][gc,start       ] GC(472) Pause Young (Allocation Failure)
[1038.216s][info][gc,heap        ] GC(472) PSYoungGen: 1618080K(2108416K)->98608K(2177536K) Eden: 1517568K(1517568K)->0K(1628672K) From: 100512K(590848K)->98608K(548864K)
[1038.216s][info][gc,heap        ] GC(472) ParOldGen: 2535499K(3148288K)->2617379K(3148288K)
[1038.216s][info][gc,metaspace   ] GC(472) Metaspace: 29050K(29376K)->29050K(29376K) NonClass: 25943K(26112K)->25943K(26112K) Class: 3106K(3264K)->3106K(3264K)
[1038.216s][info][gc             ] GC(472) Pause Young (Allocation Failure) 4056M->2652M(5201M) 67.764ms
[1038.216s][info][gc,cpu         ] GC(472) User=0.40s Sys=0.00s Real=0.07s
.........[1046.469s][info][gc,start       ] GC(473) Pause Young (Allocation Failure)
[1046.538s][info][gc,heap        ] GC(473) PSYoungGen: 1727280K(2177536K)->183088K(2163712K) Eden: 1628672K(1628672K)->0K(1628672K) From: 98608K(548864K)->183088K(535040K)
[1046.538s][info][gc,heap        ] GC(473) ParOldGen: 2617379K(3148288K)->2617379K(3148288K)
[1046.538s][info][gc,metaspace   ] GC(473) Metaspace: 29050K(29376K)->29050K(29376K) NonClass: 25943K(26112K)->25943K(26112K) Class: 3106K(3264K)->3106K(3264K)
[1046.538s][info][gc             ] GC(473) Pause Young (Allocation Failure) 4242M->2734M(5187M) 68.736ms
[1046.538s][info][gc,cpu         ] GC(473) User=0.40s Sys=0.00s Real=0.07s
........[1054.912s][info][gc,start       ] GC(474) Pause Young (Allocation Failure)
[1054.999s][info][gc,heap        ] GC(474) PSYoungGen: 1811760K(2163712K)->251264K(2220032K) Eden: 1628672K(1628672K)->0K(1714176K) From: 183088K(535040K)->251264K(505856K)
[1054.999s][info][gc,heap        ] GC(474) ParOldGen: 2617379K(3148288K)->2617379K(3148288K)
[1054.999s][info][gc,metaspace   ] GC(474) Metaspace: 29050K(29376K)->29050K(29376K) NonClass: 25943K(26112K)->25943K(26112K) Class: 3106K(3264K)->3106K(3264K)
[1054.999s][info][gc             ] GC(474) Pause Young (Allocation Failure) 4325M->2801M(5242M) 87.368ms
[1055.000s][info][gc,cpu         ] GC(474) User=0.51s Sys=0.00s Real=0.08s
.........[1063.634s][info][gc,start       ] GC(475) Pause Young (Allocation Failure)
[1063.740s][info][gc,heap        ] GC(475) PSYoungGen: 1965440K(2220032K)->307280K(2217984K) Eden: 1714176K(1714176K)->0K(1714176K) From: 251264K(505856K)->307280K(503808K)
[1063.740s][info][gc,heap        ] GC(475) ParOldGen: 2617379K(3148288K)->2617379K(3148288K)
[1063.740s][info][gc,metaspace   ] GC(475) Metaspace: 29050K(29376K)->29050K(29376K) NonClass: 25943K(26112K)->25943K(26112K) Class: 3106K(3264K)->3106K(3264K)
[1063.740s][info][gc             ] GC(475) Pause Young (Allocation Failure) 4475M->2856M(5240M) 105.383ms
[1063.740s][info][gc,cpu         ] GC(475) User=0.63s Sys=0.00s Real=0.10s
.........[1072.433s][info][gc,start       ] GC(476) Pause Young (Allocation Failure)
[1072.549s][info][gc,heap        ] GC(476) PSYoungGen: 2021456K(2217984K)->351696K(2219520K) Eden: 1714176K(1714176K)->0K(1699328K) From: 307280K(503808K)->351696K(520192K)
[1072.549s][info][gc,heap        ] GC(476) ParOldGen: 2617379K(3148288K)->2617379K(3148288K)
[1072.549s][info][gc,metaspace   ] GC(476) Metaspace: 29050K(29376K)->29050K(29376K) NonClass: 25943K(26112K)->25943K(26112K) Class: 3106K(3264K)->3106K(3264K)
[1072.549s][info][gc             ] GC(476) Pause Young (Allocation Failure) 4530M->2899M(5242M) 115.805ms
[1072.549s][info][gc,cpu         ] GC(476) User=0.69s Sys=0.00s Real=0.11s
........[1081.114s][info][gc,start       ] GC(477) Pause Young (Allocation Failure)
[1081.242s][info][gc,heap        ] GC(477) PSYoungGen: 2051024K(2219520K)->394096K(2093568K) Eden: 1699328K(1699328K)->0K(1699328K) From: 351696K(520192K)->394096K(394240K)
[1081.242s][info][gc,heap        ] GC(477) ParOldGen: 2617379K(3148288K)->2617379K(3148288K)
[1081.242s][info][gc,metaspace   ] GC(477) Metaspace: 29050K(29376K)->29050K(29376K) NonClass: 25943K(26112K)->25943K(26112K) Class: 3106K(3264K)->3106K(3264K)
[1081.242s][info][gc             ] GC(477) Pause Young (Allocation Failure) 4558M->2940M(5119M) 128.378ms
[1081.242s][info][gc,cpu         ] GC(477) User=0.77s Sys=0.00s Real=0.13s
.........[1089.917s][info][gc,start       ] GC(478) Pause Young (Allocation Failure)
[1090.052s][info][gc,heap        ] GC(478) PSYoungGen: 2093424K(2093568K)->392496K(2158080K) Eden: 1699328K(1699328K)->0K(1573376K) From: 394096K(394240K)->392496K(584704K)
[1090.052s][info][gc,heap        ] GC(478) ParOldGen: 2617379K(3148288K)->2642787K(3148288K)
[1090.052s][info][gc,metaspace   ] GC(478) Metaspace: 29050K(29376K)->29050K(29376K) NonClass: 25943K(26112K)->25943K(26112K) Class: 3106K(3264K)->3106K(3264K)
[1090.052s][info][gc             ] GC(478) Pause Young (Allocation Failure) 4600M->2964M(5182M) 134.873ms
[1090.052s][info][gc,cpu         ] GC(478) User=0.80s Sys=0.00s Real=0.14s
........[1097.865s][info][gc,start       ] GC(479) Pause Young (Allocation Failure)
[1097.997s][info][gc,heap        ] GC(479) PSYoungGen: 1965872K(2158080K)->391152K(1964544K) Eden: 1573376K(1573376K)->0K(1573376K) From: 392496K(584704K)->391152K(391168K)
[1097.997s][info][gc,heap        ] GC(479) ParOldGen: 2642787K(3148288K)->2669579K(3148288K)
[1097.997s][info][gc,metaspace   ] GC(479) Metaspace: 29050K(29376K)->29050K(29376K) NonClass: 25943K(26112K)->25943K(26112K) Class: 3106K(3264K)->3106K(3264K)
[1097.997s][info][gc             ] GC(479) Pause Young (Allocation Failure) 4500M->2988M(4993M) 132.577ms
[1097.997s][info][gc,cpu         ] GC(479) User=0.79s Sys=0.00s Real=0.13s
........[1105.909s][info][gc,start       ] GC(480) Pause Young (Allocation Failure)
[1106.042s][info][gc,heap        ] GC(480) PSYoungGen: 1964528K(1964544K)->353840K(2166272K) Eden: 1573376K(1573376K)->0K(1536000K) From: 391152K(391168K)->353840K(630272K)
[1106.042s][info][gc,heap        ] GC(480) ParOldGen: 2669579K(3148288K)->2733419K(3148288K)
[1106.042s][info][gc,metaspace   ] GC(480) Metaspace: 29050K(29376K)->29050K(29376K) NonClass: 25943K(26112K)->25943K(26112K) Class: 3106K(3264K)->3106K(3264K)
[1106.042s][info][gc             ] GC(480) Pause Young (Allocation Failure) 4525M->3014M(5190M) 132.948ms
[1106.042s][info][gc,cpu         ] GC(480) User=0.79s Sys=0.00s Real=0.14s
....[1109.994s][info][gc,start       ] GC(481) Pause Full (Diagnostic Command)
[1109.994s][info][gc,phases,start] GC(481) Marking Phase
[1110.281s][info][gc,phases      ] GC(481) Marking Phase 287.353ms
[1110.281s][info][gc,phases,start] GC(481) Summary Phase
[1110.281s][info][gc,phases      ] GC(481) Summary Phase 0.057ms
[1110.282s][info][gc,phases,start] GC(481) Forward
[1110.414s][info][gc,phases      ] GC(481) Forward 131.637ms
[1110.414s][info][gc,phases,start] GC(481) Adjust Pointers
[1110.620s][info][gc,phases      ] GC(481) Adjust Pointers 206.778ms
[1110.620s][info][gc,phases,start] GC(481) Compaction Phase
[1110.812s][info][gc,phases      ] GC(481) Compaction Phase 191.447ms
[1110.813s][info][gc,phases,start] GC(481) Post Compact
[1110.817s][info][gc,phases      ] GC(481) Post Compact 3.405ms
[1110.817s][info][gc,heap        ] GC(481) PSYoungGen: 1145237K(2166272K)->0K(2166272K) Eden: 791397K(1536000K)->0K(1536000K) From: 353840K(630272K)->0K(630272K)
[1110.817s][info][gc,heap        ] GC(481) ParOldGen: 2733419K(3148288K)->1318114K(3148288K)
[1110.817s][info][gc,metaspace   ] GC(481) Metaspace: 29050K(29376K)->29050K(29376K) NonClass: 25943K(26112K)->25943K(26112K) Class: 3106K(3264K)->3106K(3264K)
[1110.817s][info][gc             ] GC(481) Pause Full (Diagnostic Command) 3787M->1287M(5190M) 823.175ms
[1110.817s][info][gc,cpu         ] GC(481) User=4.66s Sys=0.00s Real=0.82s
.......[1117.804s][info][gc,start       ] GC(482) Pause Young (Allocation Failure)
[1117.847s][info][gc,heap        ] GC(482) PSYoungGen: 1536000K(2166272K)->100640K(1636864K) Eden: 1536000K(1536000K)->0K(1536000K) From: 0K(630272K)->100640K(100864K)
[1117.847s][info][gc,heap        ] GC(482) ParOldGen: 1318114K(3148288K)->1318114K(3148288K)
[1117.847s][info][gc,metaspace   ] GC(482) Metaspace: 29050K(29376K)->29050K(29376K) NonClass: 25943K(26112K)->25943K(26112K) Class: 3106K(3264K)->3106K(3264K)
[1117.848s][info][gc             ] GC(482) Pause Young (Allocation Failure) 2787M->1385M(4673M) 43.673ms
[1117.848s][info][gc,cpu         ] GC(482) User=0.26s Sys=0.00s Real=0.04s
........[1125.560s][info][gc,start       ] GC(483) Pause Young (Allocation Failure)
[1125.628s][info][gc,heap        ] GC(483) PSYoungGen: 1636640K(1636864K)->185286K(2183680K) Eden: 1536000K(1536000K)->0K(1562624K) From: 100640K(100864K)->185286K(621056K)
[1125.628s][info][gc,heap        ] GC(483) ParOldGen: 1318114K(3148288K)->1318114K(3148288K)
[1125.628s][info][gc,metaspace   ] GC(483) Metaspace: 29050K(29376K)->29050K(29376K) NonClass: 25943K(26112K)->25943K(26112K) Class: 3106K(3264K)->3106K(3264K)
[1125.628s][info][gc             ] GC(483) Pause Young (Allocation Failure) 2885M->1468M(5207M) 68.673ms
[1125.628s][info][gc,cpu         ] GC(483) User=0.40s Sys=0.00s Real=0.07s
........[1133.681s][info][gc,start       ] GC(484) Pause Young (Allocation Failure)
[1133.765s][info][gc,heap        ] GC(484) PSYoungGen: 1747910K(2183680K)->244256K(1807360K) Eden: 1562624K(1562624K)->0K(1562624K) From: 185286K(621056K)->244256K(244736K)
[1133.765s][info][gc,heap        ] GC(484) ParOldGen: 1318114K(3148288K)->1318114K(3148288K)
[1133.765s][info][gc,metaspace   ] GC(484) Metaspace: 29050K(29376K)->29050K(29376K) NonClass: 25943K(26112K)->25943K(26112K) Class: 3106K(3264K)->3106K(3264K)
[1133.765s][info][gc             ] GC(484) Pause Young (Allocation Failure) 2994M->1525M(4839M) 84.030ms
[1133.765s][info][gc,cpu         ] GC(484) User=0.49s Sys=0.00s Real=0.09s
. (rIR:aIR:PR = 1384:1384:1384) (tPR = 20545) [OK] 
  1133s: 
  1133s: Building throughput-responsetime curve
  1133s: ( 0%)   IR =      0 ...|............................................................ (rIR:aIR:PR = 0:0:0) (tPR = 0) [OK] 
  1196s: Performance info:
         Transaction,    Success,    Partial,     Failed,   Receipts, AvgBarcode, 
         Response times:
             Request,    Success,    Partial,     Failed,   SkipFail,     Probes,    Samples,      min,      p50,      p90,      p95,      p99,      max, 

  1196s: ( 1%)   IR =    138 ....|............................................................ (rIR:aIR:PR = 138:138:138) (tPR = 2130) [OK] 
  1260s: Performance info:
         Transaction,    Success,    Partial,     Failed,   Receipts, AvgBarcode, 
             Overall,       8291,          0,          0,       7873,      59.53, 
         Response times:
             Request,    Success,    Partial,     Failed,   SkipFail,     Probes,    Samples,      min,      p50,      p90,      p95,      p99,      max, 
       TotalPurchase,       7873,          0,          0,          0,       7273,       8237,      300,      400,      500,      600,      800,     1000,
     InStorePurchase,       4155,          0,          0,          0,       3871,       4330,      300,      400,      500,      500,      700,     1000,
      OnlinePurchase,       2892,          0,          0,          0,       2678,       3027,      300,      400,      500,      600,      700,     1000,
        InstPurchase,        826,          0,          0,          0,        724,        880,      400,      500,      600,      600,      900,     1000,
          AssocOfCat,          8,          0,          0,          0,          8,          8,    17400,    22000,    24000,    24000,    24000,    24000,
      AssocOfProduct,         84,          0,          0,          0,         79,         86,      400,      600,      700,      700,      700,      700,
      BusinessReport,         23,          0,          0,          0,         19,         21,    22000,    26000,    28000,    34300,    35000,    35000,
          CustBuyBeh,         84,          0,          0,          0,         82,         87,      200,      200,      300,      400,      500,      500,
       ProductReturn,        219,          0,          0,          0,        151,        218,      200,      300,      400,      500,      681,      800,

  1260s: ( 2%)   IR =    277 ....|.[1266.828s][info][gc,start       ] GC(485) Pause Young (Allocation Failure)
[1266.929s][info][gc,heap        ] GC(485) PSYoungGen: 1806880K(1807360K)->301126K(2150400K) Eden: 1562624K(1562624K)->0K(1590272K) From: 244256K(244736K)->301126K(560128K)
[1266.929s][info][gc,heap        ] GC(485) ParOldGen: 1318114K(3148288K)->1318114K(3148288K)
[1266.929s][info][gc,metaspace   ] GC(485) Metaspace: 29052K(29376K)->29052K(29376K) NonClass: 25945K(26112K)->25945K(26112K) Class: 3106K(3264K)->3106K(3264K)
[1266.929s][info][gc             ] GC(485) Pause Young (Allocation Failure) 3051M->1581M(5174M) 101.191ms
[1266.929s][info][gc,cpu         ] GC(485) User=0.60s Sys=0.00s Real=0.10s
.........................................[1307.219s][info][gc,start       ] GC(486) Pause Young (Allocation Failure)
[1307.332s][info][gc,heap        ] GC(486) PSYoungGen: 1891398K(2150400K)->345946K(2140672K) Eden: 1590272K(1590272K)->0K(1590272K) From: 301126K(560128K)->345946K(550400K)
[1307.332s][info][gc,heap        ] GC(486) ParOldGen: 1318114K(3148288K)->1318114K(3148288K)
[1307.332s][info][gc,metaspace   ] GC(486) Metaspace: 29052K(29376K)->29052K(29376K) NonClass: 25945K(26112K)->25945K(26112K) Class: 3106K(3264K)->3106K(3264K)
[1307.332s][info][gc             ] GC(486) Pause Young (Allocation Failure) 3134M->1625M(5165M) 113.080ms
[1307.332s][info][gc,cpu         ] GC(486) User=0.68s Sys=0.00s Real=0.12s
.................. (rIR:aIR:PR = 277:278:278) (tPR = 4056) [OK] 
  1324s: Performance info:
         Transaction,    Success,    Partial,     Failed,   Receipts, AvgBarcode, 
             Overall,      16676,          0,          0,      15847,      59.50, 
         Response times:
             Request,    Success,    Partial,     Failed,   SkipFail,     Probes,    Samples,      min,      p50,      p90,      p95,      p99,      max, 
       TotalPurchase,      15847,          0,          0,          0,      14843,      16496,      300,      500,      700,      800,     1000,   115000,
     InStorePurchase,       8347,          0,          0,          0,       7906,       8701,      300,      500,      700,      800,      900,   115000,
      OnlinePurchase,       5836,          0,          0,          0,       5484,       6132,      300,      500,      800,      900,     1000,   115000,
        InstPurchase,       1664,          0,          0,          0,       1453,       1663,      400,      500,      700,      700,     1000,     2800,
          AssocOfCat,         17,          0,          0,          0,         14,         16,    16000,    19950,    22300,    23000,    23000,    23000,
      AssocOfProduct,        166,          0,          0,          0,        136,        197,      400,      600,      800,     1000,     1206,     1500,
      BusinessReport,         42,          0,          0,          0,         37,         44,    19800,    26000,    30500,   110750,   139000,   139000,
          CustBuyBeh,        167,          0,          0,          0,        118,        170,      200,      300,      500,      600,      700,      700,
       ProductReturn,        437,          0,          0,          0,        359,        464,      200,      400,      650,      700,      935,     2800,

  1324s: ( 3%)   IR =    415 ....|...........[1340.281s][info][gc,start       ] GC(487) Pause Young (Allocation Failure)
[1340.400s][info][gc,heap        ] GC(487) PSYoungGen: 1936218K(2140672K)->375100K(2212864K) Eden: 1590272K(1590272K)->0K(1656320K) From: 345946K(550400K)->375100K(556544K)
[1340.400s][info][gc,heap        ] GC(487) ParOldGen: 1318114K(3148288K)->1318114K(3148288K)
[1340.400s][info][gc,metaspace   ] GC(487) Metaspace: 29053K(29376K)->29053K(29376K) NonClass: 25946K(26112K)->25946K(26112K) Class: 3106K(3264K)->3106K(3264K)
[1340.400s][info][gc             ] GC(487) Pause Young (Allocation Failure) 3178M->1653M(5235M) 119.154ms
[1340.400s][info][gc,cpu         ] GC(487) User=0.70s Sys=0.00s Real=0.12s
............................[1368.686s][info][gc,start       ] GC(488) Pause Young (Allocation Failure)
[1368.818s][info][gc,heap        ] GC(488) PSYoungGen: 2031420K(2212864K)->412314K(2068992K) Eden: 1656320K(1656320K)->0K(1656320K) From: 375100K(556544K)->412314K(412672K)
[1368.818s][info][gc,heap        ] GC(488) ParOldGen: 1318114K(3148288K)->1318114K(3148288K)
[1368.818s][info][gc,metaspace   ] GC(488) Metaspace: 29053K(29376K)->29053K(29376K) NonClass: 25946K(26112K)->25946K(26112K) Class: 3106K(3264K)->3106K(3264K)
[1368.818s][info][gc             ] GC(488) Pause Young (Allocation Failure) 3271M->1689M(5095M) 132.087ms
[1368.818s][info][gc,cpu         ] GC(488) User=0.78s Sys=0.00s Real=0.13s
..................... (rIR:aIR:PR = 415:415:415) (tPR = 6161) [OK] 
  1388s: Performance info:
         Transaction,    Success,    Partial,     Failed,   Receipts, AvgBarcode, 
             Overall,      24910,          0,          0,      23675,      59.48, 
         Response times:
             Request,    Success,    Partial,     Failed,   SkipFail,     Probes,    Samples,      min,      p50,      p90,      p95,      p99,      max, 
       TotalPurchase,      23675,          0,          0,          0,      22520,      24982,      300,      600,      900,     1000,     1200,   133000,
     InStorePurchase,      12466,          0,          0,          0,      11898,      13091,      300,      600,      900,     1000,     1200,     3200,
      OnlinePurchase,       8727,          0,          0,          0,       8316,       9237,      300,      600,      900,     1000,     1300,     3000,
        InstPurchase,       2482,          0,          0,          0,       2306,       2654,      400,      600,      900,     1000,     1200,   133000,
          AssocOfCat,         26,          0,          0,          0,         23,         26,    16900,    22000,    24600,    27300,    28000,    28000,
      AssocOfProduct,        249,          0,          0,          0,        196,        266,      400,      700,      900,     1000,     1200,     1400,
      BusinessReport,         61,          0,          0,          0,         61,         66,    20000,    27000,    30000,    31650,   161000,   161000,
          CustBuyBeh,        247,          0,          0,          0,        192,        269,      100,      400,      700,      700,      900,     1000,
       ProductReturn,        652,          0,          0,          0,        562,        689,      200,      500,      800,      900,     1100,     3200,

  1388s: ( 4%)   IR =    553 ....|.[1394.875s][info][gc,start       ] GC(489) Pause Young (Allocation Failure)
[1395.014s][info][gc,heap        ] GC(489) PSYoungGen: 2068634K(2068992K)->435761K(2152960K) Eden: 1656320K(1656320K)->0K(1560064K) From: 412314K(412672K)->435761K(592896K)
[1395.014s][info][gc,heap        ] GC(489) ParOldGen: 1318114K(3148288K)->1318114K(3148288K)
[1395.014s][info][gc,metaspace   ] GC(489) Metaspace: 29054K(29376K)->29054K(29376K) NonClass: 25947K(26112K)->25947K(26112K) Class: 3106K(3264K)->3106K(3264K)
[1395.014s][info][gc             ] GC(489) Pause Young (Allocation Failure) 3307M->1712M(5177M) 138.986ms
[1395.014s][info][gc,cpu         ] GC(489) User=0.83s Sys=0.00s Real=0.14s
................[1410.960s][info][gc,start       ] GC(490) Pause Full (Diagnostic Command)
[1410.960s][info][gc,phases,start] GC(490) Marking Phase
[1411.248s][info][gc,phases      ] GC(490) Marking Phase 287.309ms
[1411.248s][info][gc,phases,start] GC(490) Summary Phase
[1411.248s][info][gc,phases      ] GC(490) Summary Phase 0.046ms
[1411.248s][info][gc,phases,start] GC(490) Forward
[1411.372s][info][gc,phases      ] GC(490) Forward 123.626ms
[1411.372s][info][gc,phases,start] GC(490) Adjust Pointers
[1411.579s][info][gc,phases      ] GC(490) Adjust Pointers 206.640ms
[1411.579s][info][gc,phases,start] GC(490) Compaction Phase
[1411.805s][info][gc,phases      ] GC(490) Compaction Phase 226.580ms
[1411.807s][info][gc,phases,start] GC(490) Post Compact
[1411.810s][info][gc,phases      ] GC(490) Post Compact 2.739ms
[1411.810s][info][gc,heap        ] GC(490) PSYoungGen: 1702459K(2152960K)->0K(2152960K) Eden: 1266698K(1560064K)->0K(1560064K) From: 435761K(592896K)->0K(592896K)
[1411.810s][info][gc,heap        ] GC(490) ParOldGen: 1318114K(3148288K)->1321920K(3148288K)
[1411.810s][info][gc,metaspace   ] GC(490) Metaspace: 29056K(29376K)->29056K(29376K) NonClass: 25949K(26112K)->25949K(26112K) Class: 3106K(3264K)->3106K(3264K)
[1411.810s][info][gc             ] GC(490) Pause Full (Diagnostic Command) 2949M->1290M(5177M) 849.975ms
[1411.810s][info][gc,cpu         ] GC(490) User=4.88s Sys=0.00s Real=0.85s
....................[1430.862s][info][gc,start       ] GC(491) Pause Young (Allocation Failure)
[1430.906s][info][gc,heap        ] GC(491) PSYoungGen: 1560064K(2152960K)->101184K(1661440K) Eden: 1560064K(1560064K)->0K(1560064K) From: 0K(592896K)->101184K(101376K)
[1430.906s][info][gc,heap        ] GC(491) ParOldGen: 1321920K(3148288K)->1321920K(3148288K)
[1430.906s][info][gc,metaspace   ] GC(491) Metaspace: 29056K(29376K)->29056K(29376K) NonClass: 25949K(26112K)->25949K(26112K) Class: 3106K(3264K)->3106K(3264K)
[1430.906s][info][gc             ] GC(491) Pause Young (Allocation Failure) 2814M->1389M(4697M) 43.506ms
[1430.906s][info][gc,cpu         ] GC(491) User=0.25s Sys=0.00s Real=0.04s
....................[1450.860s][info][gc,start       ] GC(492) Pause Young (Allocation Failure)
[1450.926s][info][gc,heap        ] GC(492) PSYoungGen: 1661248K(1661440K)->180320K(2193408K) Eden: 1560064K(1560064K)->0K(1573376K) From: 101184K(101376K)->180320K(620032K)
[1450.926s][info][gc,heap        ] GC(492) ParOldGen: 1321920K(3148288K)->1321920K(3148288K)
[1450.926s][info][gc,metaspace   ] GC(492) Metaspace: 29058K(29376K)->29058K(29376K) NonClass: 25951K(26112K)->25951K(26112K) Class: 3106K(3264K)->3106K(3264K)
[1450.926s][info][gc             ] GC(492) Pause Young (Allocation Failure) 2913M->1467M(5216M) 65.712ms
[1450.926s][info][gc,cpu         ] GC(492) User=0.39s Sys=0.00s Real=0.07s
... (rIR:aIR:PR = 553:553:553) (tPR = 8270) [OK] 
  1453s: Performance info:
         Transaction,    Success,    Partial,     Failed,   Receipts, AvgBarcode, 
             Overall,      33642,          0,          0,      31961,      59.50, 
         Response times:
             Request,    Success,    Partial,     Failed,   SkipFail,     Probes,    Samples,      min,      p50,      p90,      p95,      p99,      max, 
       TotalPurchase,      31961,          0,          0,          0,      30181,      33461,      300,      700,     1100,     1200,     1600,    69000,
     InStorePurchase,      16817,          0,          0,          0,      15994,      17653,      300,      700,     1100,     1200,     1500,    68000,
      OnlinePurchase,      11796,          0,          0,          0,      11097,      12257,      300,      700,     1100,     1200,     1600,    68000,
        InstPurchase,       3348,          0,          0,          0,       3090,       3551,      400,      800,     1100,     1300,     1800,    69000,
          AssocOfCat,         32,          0,          0,          0,         31,         34,    16400,    21500,    25000,    26250,    27000,    27000,
      AssocOfProduct,        334,          0,          0,          0,        272,        366,      500,      900,     1200,     1400,     2500,     4300,
      BusinessReport,         84,          0,          0,          0,         80,         88,    19300,    27000,    30000,    31550,   900000,   900000,
          CustBuyBeh,        338,          0,          0,          0,        274,        369,      200,      600,     1000,     1100,     2500,     3100,
       ProductReturn,        893,          0,          0,          0,        789,        990,      200,      500,      800,      900,     1700,    67000,

  1453s: ( 5%)   IR =    692 .....|........[1467.549s][info][gc,start       ] GC(493) Pause Young (Allocation Failure)
[1467.633s][info][gc,heap        ] GC(493) PSYoungGen: 1753696K(2193408K)->245952K(1819648K) Eden: 1573376K(1573376K)->0K(1573376K) From: 180320K(620032K)->245952K(246272K)
[1467.633s][info][gc,heap        ] GC(493) ParOldGen: 1321920K(3148288K)->1321920K(3148288K)
[1467.633s][info][gc,metaspace   ] GC(493) Metaspace: 29059K(29376K)->29059K(29376K) NonClass: 25952K(26112K)->25952K(26112K) Class: 3106K(3264K)->3106K(3264K)
[1467.633s][info][gc             ] GC(493) Pause Young (Allocation Failure) 3003M->1531M(4851M) 83.628ms
[1467.633s][info][gc,cpu         ] GC(493) User=0.49s Sys=0.00s Real=0.09s
................[1483.493s][info][gc,start       ] GC(494) Pause Young (Allocation Failure)
[1483.591s][info][gc,heap        ] GC(494) PSYoungGen: 1819327K(1819648K)->298400K(2165760K) Eden: 1573375K(1573376K)->0K(1592320K) From: 245952K(246272K)->298400K(573440K)
[1483.591s][info][gc,heap        ] GC(494) ParOldGen: 1321920K(3148288K)->1321920K(3148288K)
[1483.591s][info][gc,metaspace   ] GC(494) Metaspace: 29059K(29376K)->29059K(29376K) NonClass: 25952K(26112K)->25952K(26112K) Class: 3106K(3264K)->3106K(3264K)
[1483.591s][info][gc             ] GC(494) Pause Young (Allocation Failure) 3067M->1582M(5189M) 98.465ms
[1483.591s][info][gc,cpu         ] GC(494) User=0.59s Sys=0.00s Real=0.09s
................[1499.787s][info][gc,start       ] GC(495) Pause Young (Allocation Failure)
[1499.903s][info][gc,heap        ] GC(495) PSYoungGen: 1890720K(2165760K)->347792K(2146816K) Eden: 1592320K(1592320K)->0K(1592320K) From: 298400K(573440K)->347792K(554496K)
[1499.903s][info][gc,heap        ] GC(495) ParOldGen: 1321920K(3148288K)->1321920K(3148288K)
[1499.903s][info][gc,metaspace   ] GC(495) Metaspace: 29059K(29376K)->29059K(29376K) NonClass: 25952K(26112K)->25952K(26112K) Class: 3106K(3264K)->3106K(3264K)
[1499.903s][info][gc             ] GC(495) Pause Young (Allocation Failure) 3137M->1630M(5171M) 115.191ms
[1499.903s][info][gc,cpu         ] GC(495) User=0.69s Sys=0.00s Real=0.12s
.................[1515.944s][info][gc,start       ] GC(496) Pause Young (Allocation Failure)
[1516.063s][info][gc,heap        ] GC(496) PSYoungGen: 1940112K(2146816K)->376704K(2213376K) Eden: 1592320K(1592320K)->0K(1658880K) From: 347792K(554496K)->376704K(554496K)
[1516.063s][info][gc,heap        ] GC(496) ParOldGen: 1321920K(3148288K)->1321920K(3148288K)
[1516.063s][info][gc,metaspace   ] GC(496) Metaspace: 29059K(29376K)->29059K(29376K) NonClass: 25952K(26112K)->25952K(26112K) Class: 3106K(3264K)->3106K(3264K)
[1516.063s][info][gc             ] GC(496) Pause Young (Allocation Failure) 3185M->1658M(5236M) 118.498ms
[1516.063s][info][gc,cpu         ] GC(496) User=0.71s Sys=0.00s Real=0.12s
... (rIR:aIR:PR = 692:692:692) (tPR = 10417) [OK] 
  1518s: Performance info:
         Transaction,    Success,    Partial,     Failed,   Receipts, AvgBarcode, 
             Overall,      41554,          0,          0,      39474,      59.49, 
         Response times:
             Request,    Success,    Partial,     Failed,   SkipFail,     Probes,    Samples,      min,      p50,      p90,      p95,      p99,      max, 
       TotalPurchase,      39473,          0,          0,          0,      37892,      42299,      300,      900,     1200,     1400,     1700,   100000,
     InStorePurchase,      20784,          0,          0,          0,      20004,      22208,      300,      900,     1200,     1400,     1800,   100000,
      OnlinePurchase,      14538,          0,          0,          0,      13962,      15535,      300,      800,     1200,     1300,     1700,   100000,
        InstPurchase,       4151,          0,          0,          0,       3926,       4556,      400,      900,     1300,     1400,     1700,     5100,
          AssocOfCat,         42,          0,          0,          0,         41,         44,    15900,    21500,    23000,    25500,    29000,    29000,
      AssocOfProduct,        413,          0,          0,          0,        341,        438,      500,     1000,     1400,     1405,     2822,    86000,
      BusinessReport,        104,          0,          0,          0,        103,        111,    20000,    26000,    30000,    31000,   131560,   145000,
          CustBuyBeh,        417,          0,          0,          0,        335,        457,      200,      600,     1000,     1100,     1726,     4400,
       ProductReturn,       1105,          0,          0,          0,        965,       1145,      200,      500,      800,      900,     1200,     1600,

  1518s: ( 6%)   IR =    830 ....|.......[1530.598s][info][gc,start       ] GC(497) Pause Young (Allocation Failure)
[1530.727s][info][gc,heap        ] GC(497) PSYoungGen: 2035584K(2213376K)->407424K(2066432K) Eden: 1658880K(1658880K)->0K(1658880K) From: 376704K(554496K)->407424K(407552K)
[1530.727s][info][gc,heap        ] GC(497) ParOldGen: 1321920K(3148288K)->1321920K(3148288K)
[1530.727s][info][gc,metaspace   ] GC(497) Metaspace: 29059K(29376K)->29059K(29376K) NonClass: 25952K(26112K)->25952K(26112K) Class: 3106K(3264K)->3106K(3264K)
[1530.727s][info][gc             ] GC(497) Pause Young (Allocation Failure) 3278M->1688M(5092M) 128.911ms
[1530.727s][info][gc,cpu         ] GC(497) User=0.77s Sys=0.00s Real=0.13s
..............[1544.820s][info][gc,start       ] GC(498) Pause Young (Allocation Failure)
[1544.956s][info][gc,heap        ] GC(498) PSYoungGen: 2066304K(2066432K)->431584K(2173952K) Eden: 1658880K(1658880K)->0K(1593856K) From: 407424K(407552K)->431584K(580096K)
[1544.956s][info][gc,heap        ] GC(498) ParOldGen: 1321920K(3148288K)->1321920K(3148288K)
[1544.956s][info][gc,metaspace   ] GC(498) Metaspace: 29060K(29376K)->29060K(29376K) NonClass: 25953K(26112K)->25953K(26112K) Class: 3106K(3264K)->3106K(3264K)
[1544.956s][info][gc             ] GC(498) Pause Young (Allocation Failure) 3308M->1712M(5197M) 135.841ms
[1544.956s][info][gc,cpu         ] GC(498) User=0.80s Sys=0.01s Real=0.14s
..............[1558.147s][info][gc,start       ] GC(499) Pause Young (Allocation Failure)
[1558.288s][info][gc,heap        ] GC(499) PSYoungGen: 2025440K(2173952K)->448992K(2042880K) Eden: 1593856K(1593856K)->0K(1593856K) From: 431584K(580096K)->448992K(449024K)
[1558.288s][info][gc,heap        ] GC(499) ParOldGen: 1321920K(3148288K)->1321920K(3148288K)
[1558.288s][info][gc,metaspace   ] GC(499) Metaspace: 29060K(29376K)->29060K(29376K) NonClass: 25953K(26112K)->25953K(26112K) Class: 3106K(3264K)->3106K(3264K)
[1558.288s][info][gc             ] GC(499) Pause Young (Allocation Failure) 3268M->1729M(5069M) 141.289ms
[1558.288s][info][gc,cpu         ] GC(499) User=0.84s Sys=0.00s Real=0.14s
.............[1571.868s][info][gc,start       ] GC(500) Pause Young (Allocation Failure)
[1572.018s][info][gc,heap        ] GC(500) PSYoungGen: 2042848K(2042880K)->470528K(2126336K) Eden: 1593856K(1593856K)->0K(1503744K) From: 448992K(449024K)->470528K(622592K)
[1572.018s][info][gc,heap        ] GC(500) ParOldGen: 1321920K(3148288K)->1321920K(3148288K)
[1572.018s][info][gc,metaspace   ] GC(500) Metaspace: 29060K(29376K)->29060K(29376K) NonClass: 25953K(26112K)->25953K(26112K) Class: 3106K(3264K)->3106K(3264K)
[1572.018s][info][gc             ] GC(500) Pause Young (Allocation Failure) 3285M->1750M(5151M) 149.627ms
[1572.018s][info][gc,cpu         ] GC(500) User=0.90s Sys=0.00s Real=0.15s
............ (rIR:aIR:PR = 830:830:830) (tPR = 12376) [OK] 
  1582s: Performance info:
         Transaction,    Success,    Partial,     Failed,   Receipts, AvgBarcode, 
             Overall,      49900,          0,          0,      47406,      59.47, 
         Response times:
             Request,    Success,    Partial,     Failed,   SkipFail,     Probes,    Samples,      min,      p50,      p90,      p95,      p99,      max, 
       TotalPurchase,      47406,          0,          0,          0,      45515,      49533,      300,     1000,     1400,     1500,     2300,   146000,
     InStorePurchase,      24954,          0,          0,          0,      24173,      26297,      300,     1000,     1400,     1500,     2200,   146000,
      OnlinePurchase,      17460,          0,          0,          0,      16698,      18109,      300,      900,     1400,     1500,     2200,   144000,
        InstPurchase,       4992,          0,          0,          0,       4644,       5127,      400,     1100,     1500,     1600,     3044,   144000,
          AssocOfCat,         49,          0,          0,          0,         47,         52,    16200,    19800,    26000,    26700,   183000,   183000,
      AssocOfProduct,        501,          0,          0,          0,        431,        558,      400,     1100,     1400,     1505,     1982,     4800,
      BusinessReport,        126,          0,          0,          0,         94,        138,    20000,    26000,    30000,    31000,   129620,   185000,
          CustBuyBeh,        496,          0,          0,          0,        429,        566,      200,      900,     1300,     1400,     2727,     6600,
       ProductReturn,       1322,          0,          0,          0,       1183,       1364,      200,      800,     1300,     1400,     1700,   138000,

  1582s: ( 7%)   IR =    969 .[1584.105s][info][gc,start       ] GC(501) Pause Young (Allocation Failure)
[1584.252s][info][gc,heap        ] GC(501) PSYoungGen: 1974272K(2126336K)->475936K(1979904K) Eden: 1503744K(1503744K)->0K(1503744K) From: 470528K(622592K)->475936K(476160K)
[1584.252s][info][gc,heap        ] GC(501) ParOldGen: 1321920K(3148288K)->1321920K(3148288K)
[1584.252s][info][gc,metaspace   ] GC(501) Metaspace: 29062K(29376K)->29062K(29376K) NonClass: 25955K(26112K)->25955K(26112K) Class: 3106K(3264K)->3106K(3264K)
[1584.252s][info][gc             ] GC(501) Pause Young (Allocation Failure) 3218M->1755M(5008M) 147.113ms
[1584.252s][info][gc,cpu         ] GC(501) User=0.87s Sys=0.01s Real=0.15s
...|........[1595.092s][info][gc,start       ] GC(502) Pause Young (Allocation Failure)
[1595.244s][info][gc,heap        ] GC(502) PSYoungGen: 1979680K(1979904K)->484960K(2095616K) Eden: 1503744K(1503744K)->0K(1430016K) From: 475936K(476160K)->484960K(665600K)
[1595.244s][info][gc,heap        ] GC(502) ParOldGen: 1321920K(3148288K)->1321920K(3148288K)
[1595.244s][info][gc,metaspace   ] GC(502) Metaspace: 29062K(29376K)->29062K(29376K) NonClass: 25955K(26112K)->25955K(26112K) Class: 3106K(3264K)->3106K(3264K)
[1595.244s][info][gc             ] GC(502) Pause Young (Allocation Failure) 3224M->1764M(5121M) 151.418ms
[1595.244s][info][gc,cpu         ] GC(502) User=0.90s Sys=0.00s Real=0.15s
..........[1605.523s][info][gc,start       ] GC(503) Pause Young (Allocation Failure)
[1605.676s][info][gc,heap        ] GC(503) PSYoungGen: 1914976K(2095616K)->493504K(1923584K) Eden: 1430016K(1430016K)->0K(1430016K) From: 484960K(665600K)->493504K(493568K)
[1605.676s][info][gc,heap        ] GC(503) ParOldGen: 1321920K(3148288K)->1321920K(3148288K)
[1605.676s][info][gc,metaspace   ] GC(503) Metaspace: 29062K(29376K)->29062K(29376K) NonClass: 25955K(26112K)->25955K(26112K) Class: 3106K(3264K)->3106K(3264K)
[1605.676s][info][gc             ] GC(503) Pause Young (Allocation Failure) 3161M->1772M(4953M) 152.507ms
[1605.676s][info][gc,cpu         ] GC(503) User=0.91s Sys=0.00s Real=0.15s
...........[1616.096s][info][gc,start       ] GC(504) Pause Young (Allocation Failure)
[1616.251s][info][gc,heap        ] GC(504) PSYoungGen: 1923520K(1923584K)->499232K(2073088K) Eden: 1430016K(1430016K)->0K(1374720K) From: 493504K(493568K)->499232K(698368K)
[1616.251s][info][gc,heap        ] GC(504) ParOldGen: 1321920K(3148288K)->1321920K(3148288K)
[1616.251s][info][gc,metaspace   ] GC(504) Metaspace: 29062K(29376K)->29062K(29376K) NonClass: 25955K(26112K)->25955K(26112K) Class: 3106K(3264K)->3106K(3264K)
[1616.251s][info][gc             ] GC(504) Pause Young (Allocation Failure) 3169M->1778M(5099M) 154.882ms
[1616.251s][info][gc,cpu         ] GC(504) User=0.92s Sys=0.00s Real=0.15s
.........[1625.935s][info][gc,start       ] GC(505) Pause Young (Allocation Failure)
[1626.091s][info][gc,heap        ] GC(505) PSYoungGen: 1873952K(2073088K)->507936K(1883136K) Eden: 1374720K(1374720K)->0K(1374720K) From: 499232K(698368K)->507936K(508416K)
[1626.091s][info][gc,heap        ] GC(505) ParOldGen: 1321920K(3148288K)->1321920K(3148288K)
[1626.091s][info][gc,metaspace   ] GC(505) Metaspace: 29062K(29376K)->29062K(29376K) NonClass: 25955K(26112K)->25955K(26112K) Class: 3106K(3264K)->3106K(3264K)
[1626.091s][info][gc             ] GC(505) Pause Young (Allocation Failure) 3120M->1786M(4913M) 156.466ms
[1626.091s][info][gc,cpu         ] GC(505) User=0.93s Sys=0.00s Real=0.15s
..........[1635.881s][info][gc,start       ] GC(506) Pause Young (Allocation Failure)
[1636.040s][info][gc,heap        ] GC(506) PSYoungGen: 1882656K(1883136K)->506816K(2061312K) Eden: 1374720K(1374720K)->0K(1339904K) From: 507936K(508416K)->506816K(721408K)
[1636.040s][info][gc,heap        ] GC(506) ParOldGen: 1321920K(3148288K)->1327528K(3148288K)
[1636.040s][info][gc,metaspace   ] GC(506) Metaspace: 29062K(29376K)->29062K(29376K) NonClass: 25955K(26112K)->25955K(26112K) Class: 3106K(3264K)->3106K(3264K)
[1636.040s][info][gc             ] GC(506) Pause Young (Allocation Failure) 3129M->1791M(5087M) 158.473ms
[1636.040s][info][gc,cpu         ] GC(506) User=0.95s Sys=0.00s Real=0.16s
..........[1645.497s][info][gc,start       ] GC(507) Pause Young (Allocation Failure)
[1645.652s][info][gc,heap        ] GC(507) PSYoungGen: 1846720K(2061312K)->495552K(2067968K) Eden: 1339904K(1339904K)->0K(1339904K) From: 506816K(721408K)->495552K(728064K)
[1645.652s][info][gc,heap        ] GC(507) ParOldGen: 1327528K(3148288K)->1339304K(3148288K)
[1645.652s][info][gc,metaspace   ] GC(507) Metaspace: 29062K(29376K)->29062K(29376K) NonClass: 25955K(26112K)->25955K(26112K) Class: 3106K(3264K)->3106K(3264K)
[1645.652s][info][gc             ] GC(507) Pause Young (Allocation Failure) 3099M->1791M(5094M) 155.806ms
[1645.653s][info][gc,cpu         ] GC(507) User=0.93s Sys=0.00s Real=0.16s
.. (rIR:aIR:PR = 969:969:969) (tPR = 14494) [OK] 
  1646s: Performance info:
         Transaction,    Success,    Partial,     Failed,   Receipts, AvgBarcode, 
             Overall,      58190,          0,          0,      55288,      59.48, 
         Response times:
             Request,    Success,    Partial,     Failed,   SkipFail,     Probes,    Samples,      min,      p50,      p90,      p95,      p99,      max, 
       TotalPurchase,      55288,          0,          0,          0,      53302,      58107,      300,     1100,     1600,     1800,     7000,   158000,
     InStorePurchase,      29092,          0,          0,          0,      28119,      30646,      300,     1000,     1600,     1700,     6700,   158000,
      OnlinePurchase,      20368,          0,          0,          0,      19695,      21378,      300,     1100,     1600,     1800,     7000,   158000,
        InstPurchase,       5828,          0,          0,          0,       5488,       6083,      400,     1100,     1600,     1700,     8000,   155000,
          AssocOfCat,         59,          0,          0,          0,         59,         62,    17400,    21000,    30100,    33850,   188000,   188000,
      AssocOfProduct,        585,          0,          0,          0,        481,        609,      500,     1500,     2000,     2200,    12200,   158000,
      BusinessReport,        145,          0,          0,          0,        108,        139,    21000,    28000,    34000,    46000,   190800,   192000,
          CustBuyBeh,        578,          0,          0,          0,        496,        594,      200,      600,     1200,     1400,     4920,     9200,
       ProductReturn,       1535,          0,          0,          0,       1362,       1589,      200,     1000,     1500,     1700,     8200,   155000,

  1646s: ( 8%)   IR =   1107 ......|.[1654.527s][info][gc,start       ] GC(508) Pause Young (Allocation Failure)
[1654.682s][info][gc,heap        ] GC(508) PSYoungGen: 1835456K(2067968K)->487712K(2053632K) Eden: 1339904K(1339904K)->0K(1340928K) From: 495552K(728064K)->487712K(712704K)
[1654.682s][info][gc,heap        ] GC(508) ParOldGen: 1339304K(3148288K)->1353672K(3148288K)
[1654.682s][info][gc,metaspace   ] GC(508) Metaspace: 29063K(29376K)->29063K(29376K) NonClass: 25956K(26112K)->25956K(26112K) Class: 3106K(3264K)->3106K(3264K)
[1654.682s][info][gc             ] GC(508) Pause Young (Allocation Failure) 3100M->1798M(5080M) 154.130ms
[1654.682s][info][gc,cpu         ] GC(508) User=0.92s Sys=0.00s Real=0.15s
........[1662.994s][info][gc,start       ] GC(509) Pause Young (Allocation Failure)
[1663.146s][info][gc,heap        ] GC(509) PSYoungGen: 1828640K(2053632K)->474592K(2061312K) Eden: 1340928K(1340928K)->0K(1340928K) From: 487712K(712704K)->474592K(720384K)
[1663.146s][info][gc,heap        ] GC(509) ParOldGen: 1353672K(3148288K)->1372008K(3148288K)
[1663.146s][info][gc,metaspace   ] GC(509) Metaspace: 29063K(29376K)->29063K(29376K) NonClass: 25956K(26112K)->25956K(26112K) Class: 3106K(3264K)->3106K(3264K)
[1663.146s][info][gc             ] GC(509) Pause Young (Allocation Failure) 3107M->1803M(5087M) 151.955ms
[1663.146s][info][gc,cpu         ] GC(509) User=0.91s Sys=0.00s Real=0.15s
.........[1671.378s][info][gc,start       ] GC(510) Pause Young (Allocation Failure)
[1671.528s][info][gc,heap        ] GC(510) PSYoungGen: 1815520K(2061312K)->460352K(2044928K) Eden: 1340928K(1340928K)->0K(1367040K) From: 474592K(720384K)->460352K(677888K)
[1671.528s][info][gc,heap        ] GC(510) ParOldGen: 1372008K(3148288K)->1395632K(3148288K)
[1671.528s][info][gc,metaspace   ] GC(510) Metaspace: 29063K(29376K)->29063K(29376K) NonClass: 25956K(26112K)->25956K(26112K) Class: 3106K(3264K)->3106K(3264K)
[1671.528s][info][gc             ] GC(510) Pause Young (Allocation Failure) 3112M->1812M(5071M) 149.698ms
[1671.528s][info][gc,cpu         ] GC(510) User=0.89s Sys=0.00s Real=0.15s
.........[1680.242s][info][gc,start       ] GC(511) Pause Young (Allocation Failure)
[1680.387s][info][gc,heap        ] GC(511) PSYoungGen: 1827392K(2044928K)->441216K(2058240K) Eden: 1367040K(1367040K)->0K(1367040K) From: 460352K(677888K)->441216K(691200K)
[1680.387s][info][gc,heap        ] GC(511) ParOldGen: 1395632K(3148288K)->1424808K(3148288K)
[1680.387s][info][gc,metaspace   ] GC(511) Metaspace: 29063K(29376K)->29063K(29376K) NonClass: 25956K(26112K)->25956K(26112K) Class: 3106K(3264K)->3106K(3264K)
[1680.387s][info][gc             ] GC(511) Pause Young (Allocation Failure) 3147M->1822M(5084M) 144.815ms
[1680.387s][info][gc,cpu         ] GC(511) User=0.86s Sys=0.00s Real=0.14s
........[1688.819s][info][gc,start       ] GC(512) Pause Young (Allocation Failure)
[1688.960s][info][gc,heap        ] GC(512) PSYoungGen: 1808256K(2058240K)->422464K(2073088K) Eden: 1367040K(1367040K)->0K(1437184K) From: 441216K(691200K)->422464K(635904K)
[1688.960s][info][gc,heap        ] GC(512) ParOldGen: 1424808K(3148288K)->1458856K(3148288K)
[1688.960s][info][gc,metaspace   ] GC(512) Metaspace: 29063K(29376K)->29063K(29376K) NonClass: 25956K(26112K)->25956K(26112K) Class: 3106K(3264K)->3106K(3264K)
[1688.960s][info][gc             ] GC(512) Pause Young (Allocation Failure) 3157M->1837M(5099M) 141.093ms
[1688.960s][info][gc,cpu         ] GC(512) User=0.84s Sys=0.00s Real=0.14s
.........[1697.975s][info][gc,start       ] GC(513) Pause Young (Allocation Failure)
[1698.113s][info][gc,heap        ] GC(513) PSYoungGen: 1859648K(2073088K)->400960K(2083840K) Eden: 1437184K(1437184K)->0K(1437184K) From: 422464K(635904K)->400960K(646656K)
[1698.113s][info][gc,heap        ] GC(513) ParOldGen: 1458856K(3148288K)->1497048K(3148288K)
[1698.113s][info][gc,metaspace   ] GC(513) Metaspace: 29063K(29376K)->29063K(29376K) NonClass: 25956K(26112K)->25956K(26112K) Class: 3106K(3264K)->3106K(3264K)
[1698.113s][info][gc             ] GC(513) Pause Young (Allocation Failure) 3240M->1853M(5109M) 137.341ms
[1698.113s][info][gc,cpu         ] GC(513) User=0.82s Sys=0.00s Real=0.14s
.........[1707.047s][info][gc,start       ] GC(514) Pause Young (Allocation Failure)
[1707.180s][info][gc,heap        ] GC(514) PSYoungGen: 1838144K(2083840K)->378880K(2132480K) Eden: 1437184K(1437184K)->0K(1518080K) From: 400960K(646656K)->378880K(614400K)
[1707.180s][info][gc,heap        ] GC(514) ParOldGen: 1497048K(3148288K)->1540584K(3148288K)
[1707.180s][info][gc,metaspace   ] GC(514) Metaspace: 29063K(29376K)->29063K(29376K) NonClass: 25956K(26112K)->25956K(26112K) Class: 3106K(3264K)->3106K(3264K)
[1707.180s][info][gc             ] GC(514) Pause Young (Allocation Failure) 3257M->1874M(5157M) 132.863ms
[1707.180s][info][gc,cpu         ] GC(514) User=0.78s Sys=0.01s Real=0.13s
.....[1711.954s][info][gc,start       ] GC(515) Pause Full (Diagnostic Command)
[1711.954s][info][gc,phases,start] GC(515) Marking Phase
[1712.239s][info][gc,phases      ] GC(515) Marking Phase 284.464ms
[1712.239s][info][gc,phases,start] GC(515) Summary Phase
[1712.239s][info][gc,phases      ] GC(515) Summary Phase 0.040ms
[1712.240s][info][gc,phases,start] GC(515) Forward
[1712.367s][info][gc,phases      ] GC(515) Forward 127.390ms
[1712.367s][info][gc,phases,start] GC(515) Adjust Pointers
[1712.568s][info][gc,phases      ] GC(515) Adjust Pointers 200.625ms
[1712.568s][info][gc,phases,start] GC(515) Compaction Phase
[1712.751s][info][gc,phases      ] GC(515) Compaction Phase 183.684ms
[1712.754s][info][gc,phases,start] GC(515) Post Compact
[1712.756s][info][gc,phases      ] GC(515) Post Compact 2.439ms
[1712.756s][info][gc,heap        ] GC(515) PSYoungGen: 1143313K(2132480K)->0K(2132480K) Eden: 764433K(1518080K)->0K(1518080K) From: 378880K(614400K)->0K(614400K)
[1712.756s][info][gc,heap        ] GC(515) ParOldGen: 1540584K(3148288K)->1318146K(3148288K)
[1712.756s][info][gc,metaspace   ] GC(515) Metaspace: 29063K(29376K)->29063K(29376K) NonClass: 25956K(26112K)->25956K(26112K) Class: 3106K(3264K)->3106K(3264K)
[1712.756s][info][gc             ] GC(515) Pause Full (Diagnostic Command) 2620M->1287M(5157M) 802.084ms
[1712.756s][info][gc,cpu         ] GC(515) User=4.51s Sys=0.00s Real=0.80s
.. (rIR:aIR:PR = 1107:1107:1107) (tPR = 16494) [OK] 
  1713s: Performance info:
         Transaction,    Success,    Partial,     Failed,   Receipts, AvgBarcode, 
             Overall,      67128,          0,          0,      63771,      59.47, 
         Response times:
             Request,    Success,    Partial,     Failed,   SkipFail,     Probes,    Samples,      min,      p50,      p90,      p95,      p99,      max, 
       TotalPurchase,      63771,          0,          0,          0,      61360,      68941,      300,     1200,     1800,     2000,    34000,   159000,
     InStorePurchase,      33564,          0,          0,          0,      32519,      36405,      300,     1100,     1700,     2000,    30000,   158000,
      OnlinePurchase,      23495,          0,          0,          0,      22480,      25205,      300,     1200,     1800,     2000,    38000,   159000,
        InstPurchase,       6712,          0,          0,          0,       6361,       7331,      400,     1400,     1900,     2100,    43000,   154000,
          AssocOfCat,         66,          0,          0,          0,         65,         73,    18100,    21000,    25600,    44900,    92000,    92000,
      AssocOfProduct,        674,          0,          0,          0,        583,        753,      500,     1200,     1800,     2100,    26254,   157000,
      BusinessReport,        168,          0,          0,          0,        117,        167,    21000,    27000,    31000,    32000,    58360,   108000,
          CustBuyBeh,        664,          0,          0,          0,        553,        734,      200,      900,     1500,     2000,    37000,   159000,
       ProductReturn,       1784,          0,          0,          0,       1592,       1905,      200,     1000,     1500,     1700,    39000,   154000,

  1713s: ( 9%)   IR =   1245 ....|..[1720.636s][info][gc,start       ] GC(516) Pause Young (Allocation Failure)
[1720.681s][info][gc,heap        ] GC(516) PSYoungGen: 1518080K(2132480K)->103152K(2138624K) Eden: 1518080K(1518080K)->0K(1518080K) From: 0K(614400K)->103152K(620544K)
[1720.681s][info][gc,heap        ] GC(516) ParOldGen: 1318146K(3148288K)->1318146K(3148288K)
[1720.681s][info][gc,metaspace   ] GC(516) Metaspace: 29066K(29376K)->29066K(29376K) NonClass: 25959K(26112K)->25959K(26112K) Class: 3106K(3264K)->3106K(3264K)
[1720.681s][info][gc             ] GC(516) Pause Young (Allocation Failure) 2769M->1387M(5163M) 45.156ms
[1720.681s][info][gc,cpu         ] GC(516) User=0.27s Sys=0.00s Real=0.04s
.........[1729.234s][info][gc,start       ] GC(517) Pause Young (Allocation Failure)
[1729.299s][info][gc,heap        ] GC(517) PSYoungGen: 1621232K(2138624K)->175264K(2117632K) Eden: 1518080K(1518080K)->0K(1461760K) From: 103152K(620544K)->175264K(655872K)
[1729.299s][info][gc,heap        ] GC(517) ParOldGen: 1318146K(3148288K)->1318146K(3148288K)
[1729.299s][info][gc,metaspace   ] GC(517) Metaspace: 29066K(29376K)->29066K(29376K) NonClass: 25959K(26112K)->25959K(26112K) Class: 3106K(3264K)->3106K(3264K)
[1729.299s][info][gc             ] GC(517) Pause Young (Allocation Failure) 2870M->1458M(5142M) 64.806ms
[1729.299s][info][gc,cpu         ] GC(517) User=0.39s Sys=0.00s Real=0.06s
........[1737.407s][info][gc,start       ] GC(518) Pause Young (Allocation Failure)
[1737.491s][info][gc,heap        ] GC(518) PSYoungGen: 1637024K(2117632K)->241520K(2128896K) Eden: 1461760K(1461760K)->0K(1461760K) From: 175264K(655872K)->241520K(667136K)
[1737.491s][info][gc,heap        ] GC(518) ParOldGen: 1318146K(3148288K)->1318146K(3148288K)
[1737.491s][info][gc,metaspace   ] GC(518) Metaspace: 29066K(29376K)->29066K(29376K) NonClass: 25959K(26112K)->25959K(26112K) Class: 3106K(3264K)->3106K(3264K)
[1737.491s][info][gc             ] GC(518) Pause Young (Allocation Failure) 2885M->1523M(5153M) 83.719ms
[1737.491s][info][gc,cpu         ] GC(518) User=0.49s Sys=0.00s Real=0.08s
........[1745.744s][info][gc,start       ] GC(519) Pause Young (Allocation Failure)
[1745.839s][info][gc,heap        ] GC(519) PSYoungGen: 1703280K(2128896K)->287552K(2088960K) Eden: 1461760K(1461760K)->0K(1468928K) From: 241520K(667136K)->287552K(620032K)
[1745.839s][info][gc,heap        ] GC(519) ParOldGen: 1318146K(3148288K)->1318146K(3148288K)
[1745.839s][info][gc,metaspace   ] GC(519) Metaspace: 29066K(29376K)->29066K(29376K) NonClass: 25959K(26112K)->25959K(26112K) Class: 3106K(3264K)->3106K(3264K)
[1745.839s][info][gc             ] GC(519) Pause Young (Allocation Failure) 2950M->1568M(5114M) 95.164ms
[1745.839s][info][gc,cpu         ] GC(519) User=0.56s Sys=0.00s Real=0.09s
.........[1753.991s][info][gc,start       ] GC(520) Pause Young (Allocation Failure)
[1754.096s][info][gc,heap        ] GC(520) PSYoungGen: 1756480K(2088960K)->327552K(2110976K) Eden: 1468928K(1468928K)->0K(1468928K) From: 287552K(620032K)->327552K(642048K)
[1754.096s][info][gc,heap        ] GC(520) ParOldGen: 1318146K(3148288K)->1318146K(3148288K)
[1754.096s][info][gc,metaspace   ] GC(520) Metaspace: 29066K(29376K)->29066K(29376K) NonClass: 25959K(26112K)->25959K(26112K) Class: 3106K(3264K)->3106K(3264K)
[1754.096s][info][gc             ] GC(520) Pause Young (Allocation Failure) 3002M->1607M(5136M) 105.836ms
[1754.096s][info][gc,cpu         ] GC(520) User=0.63s Sys=0.00s Real=0.11s
........[1762.348s][info][gc,start       ] GC(521) Pause Young (Allocation Failure)
[1762.464s][info][gc,heap        ] GC(521) PSYoungGen: 1796480K(2110976K)->363552K(2114048K) Eden: 1468928K(1468928K)->0K(1537024K) From: 327552K(642048K)->363552K(577024K)
[1762.464s][info][gc,heap        ] GC(521) ParOldGen: 1318146K(3148288K)->1318146K(3148288K)
[1762.464s][info][gc,metaspace   ] GC(521) Metaspace: 29066K(29376K)->29066K(29376K) NonClass: 25959K(26112K)->25959K(26112K) Class: 3106K(3264K)->3106K(3264K)
[1762.464s][info][gc             ] GC(521) Pause Young (Allocation Failure) 3041M->1642M(5139M) 115.864ms
[1762.464s][info][gc,cpu         ] GC(521) User=0.69s Sys=0.00s Real=0.12s
.........[1771.118s][info][gc,start       ] GC(522) Pause Young (Allocation Failure)
[1771.243s][info][gc,heap        ] GC(522) PSYoungGen: 1900576K(2114048K)->393472K(2132480K) Eden: 1537024K(1537024K)->0K(1537024K) From: 363552K(577024K)->393472K(595456K)
[1771.243s][info][gc,heap        ] GC(522) ParOldGen: 1318146K(3148288K)->1318146K(3148288K)
[1771.243s][info][gc,metaspace   ] GC(522) Metaspace: 29066K(29376K)->29066K(29376K) NonClass: 25959K(26112K)->25959K(26112K) Class: 3106K(3264K)->3106K(3264K)
[1771.243s][info][gc             ] GC(522) Pause Young (Allocation Failure) 3143M->1671M(5157M) 124.912ms
[1771.243s][info][gc,cpu         ] GC(522) User=0.74s Sys=0.00s Real=0.13s
....... (rIR:aIR:PR = 1245:1243:1243) (tPR = 18443) [OK] 
  1777s: Performance info:
         Transaction,    Success,    Partial,     Failed,   Receipts, AvgBarcode, 
             Overall,      74703,          0,          0,      70966,      59.48, 
         Response times:
             Request,    Success,    Partial,     Failed,   SkipFail,     Probes,    Samples,      min,      p50,      p90,      p95,      p99,      max, 
       TotalPurchase,      70966,          0,          0,          0,      68944,      74885,      300,     1300,     1900,     2000,     3100,   128000,
     InStorePurchase,      37365,          0,          0,          0,      36422,      39420,      300,     1300,     1900,     2100,     3300,   128000,
      OnlinePurchase,      26115,          0,          0,          0,      25314,      27459,      300,     1300,     1900,     2000,     3200,   128000,
        InstPurchase,       7486,          0,          0,          0,       7208,       8006,      400,     1100,     1700,     1800,     2393,   109000,
          AssocOfCat,         75,          0,          0,          0,         71,         79,    16900,    22000,    28000,    29000,    30000,    30000,
      AssocOfProduct,        747,          0,          0,          0,        634,        779,      500,     1400,     1800,     2000,     2420,   119000,
      BusinessReport,        186,          0,          0,          0,        130,        185,    19500,    28000,    32000,    34000,    84320,   117000,
          CustBuyBeh,        752,          0,          0,          0,        678,        843,      200,     1100,     1600,     1700,     2200,     7500,
       ProductReturn,       1977,          0,          0,          0,       1764,       2075,      200,      700,     1400,     1600,     2100,   118000,

  1777s: (10%)   IR =   1384 .[1779.636s][info][gc,start       ] GC(523) Pause Young (Allocation Failure)
[1779.767s][info][gc,heap        ] GC(523) PSYoungGen: 1930496K(2132480K)->419072K(2192896K) Eden: 1537024K(1537024K)->0K(1613824K) From: 393472K(595456K)->419072K(579072K)
[1779.767s][info][gc,heap        ] GC(523) ParOldGen: 1318146K(3148288K)->1318146K(3148288K)
[1779.767s][info][gc,metaspace   ] GC(523) Metaspace: 29066K(29376K)->29066K(29376K) NonClass: 25959K(26112K)->25959K(26112K) Class: 3106K(3264K)->3106K(3264K)
[1779.767s][info][gc             ] GC(523) Pause Young (Allocation Failure) 3172M->1696M(5216M) 131.760ms
[1779.767s][info][gc,cpu         ] GC(523) User=0.79s Sys=0.00s Real=0.13s
....|....[1787.798s][info][gc,start       ] GC(524) Pause Young (Allocation Failure)
[1787.937s][info][gc,heap        ] GC(524) PSYoungGen: 2032896K(2192896K)->439616K(2201088K) Eden: 1613824K(1613824K)->0K(1613824K) From: 419072K(579072K)->439616K(587264K)
[1787.938s][info][gc,heap        ] GC(524) ParOldGen: 1318146K(3148288K)->1318146K(3148288K)
[1787.938s][info][gc,metaspace   ] GC(524) Metaspace: 29066K(29376K)->29066K(29376K) NonClass: 25959K(26112K)->25959K(26112K) Class: 3106K(3264K)->3106K(3264K)
[1787.938s][info][gc             ] GC(524) Pause Young (Allocation Failure) 3272M->1716M(5224M) 139.204ms
[1787.938s][info][gc,cpu         ] GC(524) User=0.83s Sys=0.00s Real=0.14s
.........[1796.130s][info][gc,start       ] GC(525) Pause Young (Allocation Failure)
[1796.271s][info][gc,heap        ] GC(525) PSYoungGen: 2053440K(2201088K)->420640K(2205184K) Eden: 1613824K(1613824K)->0K(1611776K) From: 439616K(587264K)->420640K(593408K)
[1796.271s][info][gc,heap        ] GC(525) ParOldGen: 1318146K(3148288K)->1352602K(3148288K)
[1796.271s][info][gc,metaspace   ] GC(525) Metaspace: 29066K(29376K)->29066K(29376K) NonClass: 25959K(26112K)->25959K(26112K) Class: 3106K(3264K)->3106K(3264K)
[1796.271s][info][gc             ] GC(525) Pause Young (Allocation Failure) 3292M->1731M(5228M) 140.746ms
[1796.271s][info][gc,cpu         ] GC(525) User=0.84s Sys=0.00s Real=0.14s
........[1804.102s][info][gc,start       ] GC(526) Pause Young (Allocation Failure)
[1804.238s][info][gc,heap        ] GC(526) PSYoungGen: 2032416K(2205184K)->401280K(2013184K) Eden: 1611776K(1611776K)->0K(1611776K) From: 420640K(593408K)->401280K(401408K)
[1804.238s][info][gc,heap        ] GC(526) ParOldGen: 1352602K(3148288K)->1392330K(3148288K)
[1804.238s][info][gc,metaspace   ] GC(526) Metaspace: 29066K(29376K)->29066K(29376K) NonClass: 25959K(26112K)->25959K(26112K) Class: 3106K(3264K)->3106K(3264K)
[1804.238s][info][gc             ] GC(526) Pause Young (Allocation Failure) 3305M->1751M(5040M) 136.452ms
[1804.238s][info][gc,cpu         ] GC(526) User=0.81s Sys=0.00s Real=0.13s
........[1812.431s][info][gc,start       ] GC(527) Pause Young (Allocation Failure)
[1812.566s][info][gc,heap        ] GC(527) PSYoungGen: 2013056K(2013184K)->378336K(2210304K) Eden: 1611776K(1611776K)->0K(1631744K) From: 401280K(401408K)->378336K(578560K)
[1812.566s][info][gc,heap        ] GC(527) ParOldGen: 1392330K(3148288K)->1440618K(3148288K)
[1812.566s][info][gc,metaspace   ] GC(527) Metaspace: 29066K(29376K)->29066K(29376K) NonClass: 25959K(26112K)->25959K(26112K) Class: 3106K(3264K)->3106K(3264K)
[1812.566s][info][gc             ] GC(527) Pause Young (Allocation Failure) 3325M->1776M(5233M) 135.274ms
[1812.566s][info][gc,cpu         ] GC(527) User=0.81s Sys=0.00s Real=0.14s
........[1820.658s][info][gc,start       ] GC(528) Pause Young (Allocation Failure)
[1820.786s][info][gc,heap        ] GC(528) PSYoungGen: 2010080K(2210304K)->347040K(2190848K) Eden: 1631744K(1631744K)->0K(1631744K) From: 378336K(578560K)->347040K(559104K)
[1820.786s][info][gc,heap        ] GC(528) ParOldGen: 1440618K(3148288K)->1501298K(3148288K)
[1820.786s][info][gc,metaspace   ] GC(528) Metaspace: 29066K(29376K)->29066K(29376K) NonClass: 25959K(26112K)->25959K(26112K) Class: 3106K(3264K)->3106K(3264K)
[1820.786s][info][gc             ] GC(528) Pause Young (Allocation Failure) 3369M->1805M(5214M) 128.004ms
[1820.787s][info][gc,cpu         ] GC(528) User=0.76s Sys=0.00s Real=0.13s
........[1828.941s][info][gc,start       ] GC(529) Pause Young (Allocation Failure)
[1829.064s][info][gc,heap        ] GC(529) PSYoungGen: 1978784K(2190848K)->302464K(2208768K) Eden: 1631744K(1631744K)->0K(1662976K) From: 347040K(559104K)->302464K(545792K)
[1829.064s][info][gc,heap        ] GC(529) ParOldGen: 1501298K(3148288K)->1580154K(3148288K)
[1829.064s][info][gc,metaspace   ] GC(529) Metaspace: 29066K(29376K)->29066K(29376K) NonClass: 25959K(26112K)->25959K(26112K) Class: 3106K(3264K)->3106K(3264K)
[1829.064s][info][gc             ] GC(529) Pause Young (Allocation Failure) 3398M->1838M(5231M) 123.813ms
[1829.064s][info][gc,cpu         ] GC(529) User=0.74s Sys=0.00s Real=0.13s
.........[1837.438s][info][gc,start       ] GC(530) Pause Young (Allocation Failure)
[1837.552s][info][gc,heap        ] GC(530) PSYoungGen: 1965440K(2208768K)->252384K(2204160K) Eden: 1662976K(1662976K)->0K(1662976K) From: 302464K(545792K)->252384K(541184K)
[1837.552s][info][gc,heap        ] GC(530) ParOldGen: 1580154K(3148288K)->1675250K(3148288K)
[1837.552s][info][gc,metaspace   ] GC(530) Metaspace: 29066K(29376K)->29066K(29376K) NonClass: 25959K(26112K)->25959K(26112K) Class: 3106K(3264K)->3106K(3264K)
[1837.552s][info][gc             ] GC(530) Pause Young (Allocation Failure) 3462M->1882M(5227M) 114.193ms
[1837.552s][info][gc,cpu         ] GC(530) User=0.68s Sys=0.00s Real=0.12s
...... (rIR:aIR:PR = 1384:1384:1384) (tPR = 20495) [OK] 
  1842s: Performance info:
         Transaction,    Success,    Partial,     Failed,   Receipts, AvgBarcode, 
             Overall,      83377,          0,          0,      79202,      59.48, 
         Response times:
             Request,    Success,    Partial,     Failed,   SkipFail,     Probes,    Samples,      min,      p50,      p90,      p95,      p99,      max, 
       TotalPurchase,      79202,          0,          0,          0,      76849,      84424,      300,     1400,     2000,     2300,     8200,   145000,
     InStorePurchase,      41674,          0,          0,          0,      40537,      44374,      300,     1400,     2000,     2300,     9100,   145000,
      OnlinePurchase,      29187,          0,          0,          0,      28376,      31235,      300,     1300,     2000,     2300,     6700,   144000,
        InstPurchase,       8341,          0,          0,          0,       7936,       8815,      400,     1400,     2100,     2300,     5684,   142000,
          AssocOfCat,         83,          0,          0,          0,         83,         89,    16800,    22000,    26000,    29000,   160000,   160000,
      AssocOfProduct,        836,          0,          0,          0,        735,        888,      500,     1600,     2100,     2400,    10666,   139000,
      BusinessReport,        209,          0,          0,          0,        164,        219,    19700,    28000,    34000,    38000,    75000,   178000,
          CustBuyBeh,        841,          0,          0,          0,        725,        899,      100,     1300,     2100,     2300,    11500,    13700,
       ProductReturn,       2206,          0,          0,          0,       2010,       2410,      200,     1300,     2000,     2200,     3700,   142000,

  1842s: (11%)   IR =   1522 ..[1845.624s][info][gc,start       ] GC(531) Pause Young (Allocation Failure)
[1845.725s][info][gc,heap        ] GC(531) PSYoungGen: 1915360K(2204160K)->189440K(2234368K) Eden: 1662976K(1662976K)->0K(1691136K) From: 252384K(541184K)->189440K(543232K)
[1845.725s][info][gc,heap        ] GC(531) ParOldGen: 1675250K(3148288K)->1792810K(3148288K)
[1845.725s][info][gc,metaspace   ] GC(531) Metaspace: 29066K(29376K)->29066K(29376K) NonClass: 25959K(26112K)->25959K(26112K) Class: 3106K(3264K)->3106K(3264K)
[1845.725s][info][gc             ] GC(531) Pause Young (Allocation Failure) 3506M->1935M(5256M) 100.606ms
[1845.725s][info][gc,cpu         ] GC(531) User=0.60s Sys=0.00s Real=0.10s
..|......[1853.437s][info][gc,start       ] GC(532) Pause Young (Allocation Failure)
[1853.525s][info][gc,heap        ] GC(532) PSYoungGen: 1880576K(2234368K)->108608K(1800192K) Eden: 1691136K(1691136K)->0K(1691136K) From: 189440K(543232K)->108608K(109056K)
[1853.525s][info][gc,heap        ] GC(532) ParOldGen: 1792810K(3148288K)->1941618K(3148288K)
[1853.525s][info][gc,metaspace   ] GC(532) Metaspace: 29066K(29376K)->29066K(29376K) NonClass: 25959K(26112K)->25959K(26112K) Class: 3106K(3264K)->3106K(3264K)
[1853.525s][info][gc             ] GC(532) Pause Young (Allocation Failure) 3587M->2002M(4832M) 88.065ms
[1853.525s][info][gc,cpu         ] GC(532) User=0.52s Sys=0.01s Real=0.09s
........[1861.195s][info][gc,start       ] GC(533) Pause Young (Allocation Failure)
[1861.264s][info][gc,heap        ] GC(533) PSYoungGen: 1799744K(1800192K)->105856K(2205184K) Eden: 1691136K(1691136K)->0K(1634816K) From: 108608K(109056K)->105856K(570368K)
[1861.264s][info][gc,heap        ] GC(533) ParOldGen: 1941618K(3148288K)->2026618K(3148288K)
[1861.264s][info][gc,metaspace   ] GC(533) Metaspace: 29066K(29376K)->29066K(29376K) NonClass: 25959K(26112K)->25959K(26112K) Class: 3106K(3264K)->3106K(3264K)
[1861.264s][info][gc             ] GC(533) Pause Young (Allocation Failure) 3653M->2082M(5228M) 69.667ms
[1861.264s][info][gc,cpu         ] GC(533) User=0.41s Sys=0.00s Real=0.07s
.......[1868.695s][info][gc,start       ] GC(534) Pause Young (Allocation Failure)
[1868.763s][info][gc,heap        ] GC(534) PSYoungGen: 1740672K(2205184K)->105520K(1740800K) Eden: 1634816K(1634816K)->0K(1634816K) From: 105856K(570368K)->105520K(105984K)
[1868.763s][info][gc,heap        ] GC(534) ParOldGen: 2026618K(3148288K)->2110394K(3148288K)
[1868.763s][info][gc,metaspace   ] GC(534) Metaspace: 29066K(29376K)->29066K(29376K) NonClass: 25959K(26112K)->25959K(26112K) Class: 3106K(3264K)->3106K(3264K)
[1868.763s][info][gc             ] GC(534) Pause Young (Allocation Failure) 3678M->2163M(4774M) 68.077ms
[1868.763s][info][gc,cpu         ] GC(534) User=0.41s Sys=0.00s Real=0.07s
........[1876.354s][info][gc,start       ] GC(535) Pause Young (Allocation Failure)
[1876.422s][info][gc,heap        ] GC(535) PSYoungGen: 1740336K(1740800K)->105984K(2213376K) Eden: 1634816K(1634816K)->0K(1629184K) From: 105520K(105984K)->105984K(584192K)
[1876.422s][info][gc,heap        ] GC(535) ParOldGen: 2110394K(3148288K)->2192602K(3148288K)
[1876.422s][info][gc,metaspace   ] GC(535) Metaspace: 29066K(29376K)->29066K(29376K) NonClass: 25959K(26112K)->25959K(26112K) Class: 3106K(3264K)->3106K(3264K)
[1876.422s][info][gc             ] GC(535) Pause Young (Allocation Failure) 3760M->2244M(5236M) 68.158ms
[1876.422s][info][gc,cpu         ] GC(535) User=0.41s Sys=0.00s Real=0.07s
.......[1883.811s][info][gc,start       ] GC(536) Pause Young (Allocation Failure)
[1883.879s][info][gc,heap        ] GC(536) PSYoungGen: 1735168K(2213376K)->187360K(1816576K) Eden: 1629184K(1629184K)->0K(1629184K) From: 105984K(584192K)->187360K(187392K)
[1883.879s][info][gc,heap        ] GC(536) ParOldGen: 2192602K(3148288K)->2192602K(3148288K)
[1883.879s][info][gc,metaspace   ] GC(536) Metaspace: 29067K(29376K)->29067K(29376K) NonClass: 25960K(26112K)->25960K(26112K) Class: 3106K(3264K)->3106K(3264K)
[1883.879s][info][gc             ] GC(536) Pause Young (Allocation Failure) 3835M->2324M(4848M) 68.026ms
[1883.879s][info][gc,cpu         ] GC(536) User=0.41s Sys=0.00s Real=0.07s
........[1891.249s][info][gc,start       ] GC(537) Pause Young (Allocation Failure)
[1891.335s][info][gc,heap        ] GC(537) PSYoungGen: 1816544K(1816576K)->251552K(2222080K) Eden: 1629184K(1629184K)->0K(1659904K) From: 187360K(187392K)->251552K(562176K)
[1891.335s][info][gc,heap        ] GC(537) ParOldGen: 2192602K(3148288K)->2192602K(3148288K)
[1891.335s][info][gc,metaspace   ] GC(537) Metaspace: 29067K(29376K)->29067K(29376K) NonClass: 25960K(26112K)->25960K(26112K) Class: 3106K(3264K)->3106K(3264K)
[1891.335s][info][gc             ] GC(537) Pause Young (Allocation Failure) 3915M->2386M(5244M) 86.051ms
[1891.335s][info][gc,cpu         ] GC(537) User=0.51s Sys=0.01s Real=0.09s
.......[1898.955s][info][gc,start       ] GC(538) Pause Young (Allocation Failure)
[1899.060s][info][gc,heap        ] GC(538) PSYoungGen: 1911456K(2222080K)->311412K(2191360K) Eden: 1659904K(1659904K)->0K(1659904K) From: 251552K(562176K)->311412K(531456K)
[1899.060s][info][gc,heap        ] GC(538) ParOldGen: 2192602K(3148288K)->2192602K(3148288K)
[1899.060s][info][gc,metaspace   ] GC(538) Metaspace: 29068K(29376K)->29068K(29376K) NonClass: 25961K(26112K)->25961K(26112K) Class: 3106K(3264K)->3106K(3264K)
[1899.060s][info][gc             ] GC(538) Pause Young (Allocation Failure) 4007M->2445M(5214M) 105.010ms
[1899.060s][info][gc,cpu         ] GC(538) User=0.62s Sys=0.00s Real=0.10s
........[1906.571s][info][gc,start       ] GC(539) Pause Young (Allocation Failure)
[1906.684s][info][gc,heap        ] GC(539) PSYoungGen: 1971316K(2191360K)->349056K(2220544K) Eden: 1659904K(1659904K)->0K(1695232K) From: 311412K(531456K)->349056K(525312K)
[1906.684s][info][gc,heap        ] GC(539) ParOldGen: 2192602K(3148288K)->2192602K(3148288K)
[1906.684s][info][gc,metaspace   ] GC(539) Metaspace: 29068K(29376K)->29068K(29376K) NonClass: 25961K(26112K)->25961K(26112K) Class: 3106K(3264K)->3106K(3264K)
[1906.684s][info][gc             ] GC(539) Pause Young (Allocation Failure) 4066M->2482M(5243M) 113.100ms
[1906.684s][info][gc,cpu         ] GC(539) User=0.67s Sys=0.00s Real=0.12s
. (rIR:aIR:PR = 1522:1522:1522) (tPR = 22746) [OK] 
  1906s: Performance info:
         Transaction,    Success,    Partial,     Failed,   Receipts, AvgBarcode, 
             Overall,      91386,          0,          0,      86808,      59.47, 
         Response times:
             Request,    Success,    Partial,     Failed,   SkipFail,     Probes,    Samples,      min,      p50,      p90,      p95,      p99,      max, 
       TotalPurchase,      86808,          0,          0,          0,      84654,      91454,      300,     1500,     2200,     2400,     4300,   117000,
     InStorePurchase,      45693,          0,          0,          0,      44913,      48461,      300,     1400,     2100,     2300,     4000,   117000,
      OnlinePurchase,      31983,          0,          0,          0,      31030,      33351,      300,     1600,     2200,     2400,     4600,   117000,
        InstPurchase,       9132,          0,          0,          0,       8711,       9642,      400,     1500,     2200,     2400,     4357,   116000,
          AssocOfCat,         91,          0,          0,          0,         91,         96,    16900,    21000,    27000,    28000,    90000,    90000,
      AssocOfProduct,        919,          0,          0,          0,        799,        974,      400,     1100,     1700,     1900,     2450,   116000,
      BusinessReport,        230,          0,          0,          0,        164,        240,    20000,    28000,    33000,    39950,    50180,    52000,
          CustBuyBeh,        913,          0,          0,          0,        777,        917,      200,      900,     1700,     1900,     2482,     4200,
       ProductReturn,       2425,          0,          0,          0,       2217,       2547,      200,     1600,     2200,     2400,     5200,   116000,

  1906s: (12%)   IR =   1660 ......[1913.912s][info][gc,start       ] GC(540) Pause Young (Allocation Failure)
[1914.036s][info][gc,heap        ] GC(540) PSYoungGen: 2044288K(2220544K)->351872K(2227712K) Eden: 1695232K(1695232K)->0K(1695232K) From: 349056K(525312K)->351872K(532480K)
[1914.036s][info][gc,heap        ] GC(540) ParOldGen: 2192602K(3148288K)->2226898K(3148288K)
[1914.036s][info][gc,metaspace   ] GC(540) Metaspace: 29070K(29376K)->29070K(29376K) NonClass: 25963K(26112K)->25963K(26112K) Class: 3106K(3264K)->3106K(3264K)
[1914.036s][info][gc             ] GC(540) Pause Young (Allocation Failure) 4137M->2518M(5250M) 123.834ms
[1914.036s][info][gc,cpu         ] GC(540) User=0.74s Sys=0.00s Real=0.12s
.|......[1920.904s][info][gc,start       ] GC(541) Pause Young (Allocation Failure)
[1921.027s][info][gc,heap        ] GC(541) PSYoungGen: 2047104K(2227712K)->352864K(2253312K) Eden: 1695232K(1695232K)->0K(1715712K) From: 351872K(532480K)->352864K(537600K)
[1921.027s][info][gc,heap        ] GC(541) ParOldGen: 2226898K(3148288K)->2260082K(3148288K)
[1921.027s][info][gc,metaspace   ] GC(541) Metaspace: 29070K(29376K)->29070K(29376K) NonClass: 25963K(26112K)->25963K(26112K) Class: 3106K(3264K)->3106K(3264K)
[1921.027s][info][gc             ] GC(541) Pause Young (Allocation Failure) 4173M->2551M(5275M) 123.357ms
[1921.027s][info][gc,cpu         ] GC(541) User=0.73s Sys=0.00s Real=0.12s
........[1928.195s][info][gc,start       ] GC(542) Pause Young (Allocation Failure)
[1928.322s][info][gc,heap        ] GC(542) PSYoungGen: 2068576K(2253312K)->317172K(2033152K) Eden: 1715712K(1715712K)->0K(1715712K) From: 352864K(537600K)->317172K(317440K)
[1928.322s][info][gc,heap        ] GC(542) ParOldGen: 2260082K(3148288K)->2336850K(3148288K)
[1928.322s][info][gc,metaspace   ] GC(542) Metaspace: 29070K(29376K)->29070K(29376K) NonClass: 25963K(26112K)->25963K(26112K) Class: 3106K(3264K)->3106K(3264K)
[1928.322s][info][gc             ] GC(542) Pause Young (Allocation Failure) 4227M->2591M(5060M) 126.693ms
[1928.322s][info][gc,cpu         ] GC(542) User=0.76s Sys=0.00s Real=0.13s
.......[1935.410s][info][gc,start       ] GC(543) Pause Young (Allocation Failure)
[1935.525s][info][gc,heap        ] GC(543) PSYoungGen: 2032884K(2033152K)->258432K(2264576K) Eden: 1715712K(1715712K)->0K(1737728K) From: 317172K(317440K)->258432K(526848K)
[1935.525s][info][gc,heap        ] GC(543) ParOldGen: 2336850K(3148288K)->2433282K(3148288K)
[1935.525s][info][gc,metaspace   ] GC(543) Metaspace: 29070K(29376K)->29070K(29376K) NonClass: 25963K(26112K)->25963K(26112K) Class: 3106K(3264K)->3106K(3264K)
[1935.526s][info][gc             ] GC(543) Pause Young (Allocation Failure) 4267M->2628M(5286M) 115.378ms
[1935.526s][info][gc,cpu         ] GC(543) User=0.69s Sys=0.00s Real=0.12s
.......[1942.876s][info][gc,start       ] GC(544) Pause Young (Allocation Failure)
[1942.982s][info][gc,heap        ] GC(544) PSYoungGen: 1996160K(2264576K)->197120K(2245120K) Eden: 1737728K(1737728K)->0K(1737728K) From: 258432K(526848K)->197120K(507392K)
[1942.982s][info][gc,heap        ] GC(544) ParOldGen: 2433282K(3148288K)->2551058K(3148288K)
[1942.982s][info][gc,metaspace   ] GC(544) Metaspace: 29072K(29376K)->29072K(29376K) NonClass: 25965K(26112K)->25965K(26112K) Class: 3106K(3264K)->3106K(3264K)
[1942.982s][info][gc             ] GC(544) Pause Young (Allocation Failure) 4325M->2683M(5267M) 105.761ms
[1942.982s][info][gc,cpu         ] GC(544) User=0.62s Sys=0.00s Real=0.11s
.......[1950.091s][info][gc,start       ] GC(545) Pause Young (Allocation Failure)
[1950.181s][info][gc,heap        ] GC(545) PSYoungGen: 1934848K(2245120K)->107488K(2256384K) Eden: 1737728K(1737728K)->0K(1756160K) From: 197120K(507392K)->107488K(500224K)
[1950.181s][info][gc,heap        ] GC(545) ParOldGen: 2551058K(3148288K)->2706386K(3148288K)
[1950.181s][info][gc,metaspace   ] GC(545) Metaspace: 29073K(29376K)->29073K(29376K) NonClass: 25966K(26112K)->25966K(26112K) Class: 3106K(3264K)->3106K(3264K)
[1950.181s][info][gc             ] GC(545) Pause Young (Allocation Failure) 4380M->2747M(5278M) 90.672ms
[1950.181s][info][gc,cpu         ] GC(545) User=0.53s Sys=0.00s Real=0.09s
........[1957.530s][info][gc,start       ] GC(546) Pause Young (Allocation Failure)
[1957.602s][info][gc,heap        ] GC(546) PSYoungGen: 1863648K(2256384K)->111456K(2262016K) Eden: 1756160K(1756160K)->0K(1756160K) From: 107488K(500224K)->111456K(505856K)
[1957.602s][info][gc,heap        ] GC(546) ParOldGen: 2706386K(3148288K)->2789786K(3148288K)
[1957.602s][info][gc,metaspace   ] GC(546) Metaspace: 29073K(29376K)->29073K(29376K) NonClass: 25966K(26112K)->25966K(26112K) Class: 3106K(3264K)->3106K(3264K)
[1957.602s][info][gc             ] GC(546) Pause Young (Allocation Failure) 4462M->2833M(5283M) 71.881ms
[1957.602s][info][gc,cpu         ] GC(546) User=0.42s Sys=0.00s Real=0.07s
.......[1964.951s][info][gc,start       ] GC(547) Pause Young (Allocation Failure)
[1965.024s][info][gc,heap        ] GC(547) PSYoungGen: 1867616K(2262016K)->113632K(2282496K) Eden: 1756160K(1756160K)->0K(1783808K) From: 111456K(505856K)->113632K(498688K)
[1965.024s][info][gc,heap        ] GC(547) ParOldGen: 2789786K(3148288K)->2876090K(3148288K)
[1965.024s][info][gc,metaspace   ] GC(547) Metaspace: 29073K(29376K)->29073K(29376K) NonClass: 25966K(26112K)->25966K(26112K) Class: 3106K(3264K)->3106K(3264K)
[1965.024s][info][gc             ] GC(547) Pause Young (Allocation Failure) 4548M->2919M(5303M) 72.411ms
[1965.024s][info][gc,cpu         ] GC(547) User=0.42s Sys=0.00s Real=0.08s
........[1972.503s][info][gc,start       ] GC(548) Pause Young (Allocation Failure)
[1972.579s][info][gc,heap        ] GC(548) PSYoungGen: 1897237K(2282496K)->116800K(2286080K) Eden: 1783605K(1783808K)->0K(1783808K) From: 113632K(498688K)->116800K(502272K)
[1972.579s][info][gc,heap        ] GC(548) ParOldGen: 2876090K(3148288K)->2962370K(3148288K)
[1972.579s][info][gc,metaspace   ] GC(548) Metaspace: 29073K(29376K)->29073K(29376K) NonClass: 25966K(26112K)->25966K(26112K) Class: 3106K(3264K)->3106K(3264K)
[1972.579s][info][gc             ] GC(548) Pause Young (Allocation Failure) 4661M->3007M(5307M) 75.944ms
[1972.579s][info][gc,cpu         ] GC(548) User=0.45s Sys=0.00s Real=0.07s
.. (rIR:aIR:PR = 1660:1659:1659) (tPR = 24742) [OK] 
  1974s: Performance info:
         Transaction,    Success,    Partial,     Failed,   Receipts, AvgBarcode, 
             Overall,      99619,          0,          0,      94638,      59.49, 
         Response times:
             Request,    Success,    Partial,     Failed,   SkipFail,     Probes,    Samples,      min,      p50,      p90,      p95,      p99,      max, 
       TotalPurchase,      94638,          0,          0,          0,      92086,     103951,      300,     1600,     2300,     2600,     5800,   138000,
     InStorePurchase,      49818,          0,          0,          0,      48479,      54386,      300,     1600,     2300,     2600,     6113,   138000,
      OnlinePurchase,      34874,          0,          0,          0,      34008,      38513,      300,     1500,     2300,     2500,     5200,   138000,
        InstPurchase,       9946,          0,          0,          0,       9599,      11052,      400,     1500,     2300,     2500,     5347,   131000,
          AssocOfCat,        100,          0,          0,          0,         97,        109,    17200,    23000,    29000,    30000,    35600,    36000,
      AssocOfProduct,        994,          0,          0,          0,        889,       1116,      500,     2000,     2600,     2800,     8983,   130000,
      BusinessReport,        253,          0,          0,          0,        194,        259,    19500,    28000,    33000,    35000,    41000,   157000,
          CustBuyBeh,        993,          0,          0,          0,        896,       1126,      200,     1200,     1900,     2200,     5100,    74000,
       ProductReturn,       2641,          0,          0,          0,       2438,       2927,      200,      900,     1600,     1900,     3100,    73000,

  1974s: (13%)   IR =   1799 .....|[1979.487s][info][gc,start       ] GC(549) Pause Young (Allocation Failure)
[1979.561s][info][gc,heap        ] GC(549) PSYoungGen: 1900608K(2286080K)->111392K(2280960K) Eden: 1783808K(1783808K)->0K(1799680K) From: 116800K(502272K)->111392K(481280K)
[1979.561s][info][gc,heap        ] GC(549) ParOldGen: 2962370K(3148288K)->3049730K(3148288K)
[1979.561s][info][gc,metaspace   ] GC(549) Metaspace: 29075K(29376K)->29075K(29376K) NonClass: 25968K(26112K)->25968K(26112K) Class: 3106K(3264K)->3106K(3264K)
[1979.561s][info][gc             ] GC(549) Pause Young (Allocation Failure) 4749M->3087M(5302M) 73.422ms
[1979.561s][info][gc,cpu         ] GC(549) User=0.44s Sys=0.00s Real=0.07s
.......[1986.510s][info][gc,start       ] GC(550) Pause Young (Allocation Failure)
[1986.584s][info][gc,heap        ] GC(550) PSYoungGen: 1911072K(2280960K)->114048K(2285056K) Eden: 1799680K(1799680K)->0K(1799680K) From: 111392K(481280K)->114048K(485376K)
[1986.584s][info][gc,heap        ] GC(550) ParOldGen: 3049730K(3148288K)->3135290K(3148288K)
[1986.584s][info][gc,metaspace   ] GC(550) Metaspace: 29075K(29376K)->29075K(29376K) NonClass: 25968K(26112K)->25968K(26112K) Class: 3106K(3264K)->3106K(3264K)
[1986.584s][info][gc             ] GC(550) Pause Young (Allocation Failure) 4844M->3173M(5306M) 73.808ms
[1986.584s][info][gc,cpu         ] GC(550) User=0.43s Sys=0.00s Real=0.08s
.......[1993.632s][info][gc,start       ] GC(551) Pause Young (Allocation Failure)
[1993.707s][info][gc,heap        ] GC(551) PSYoungGen: 1913728K(2285056K)->202368K(2266112K) Eden: 1799680K(1799680K)->0K(1837056K) From: 114048K(485376K)->202368K(429056K)
[1993.707s][info][gc,heap        ] GC(551) ParOldGen: 3135290K(3148288K)->3135290K(3148288K)
[1993.707s][info][gc,metaspace   ] GC(551) Metaspace: 29075K(29376K)->29075K(29376K) NonClass: 25968K(26112K)->25968K(26112K) Class: 3106K(3264K)->3106K(3264K)
[1993.708s][info][gc             ] GC(551) Pause Young (Allocation Failure) 4930M->3259M(5287M) 75.087ms
[1993.708s][info][gc,cpu         ] GC(551) User=0.45s Sys=0.00s Real=0.07s
.......[2000.776s][info][gc,start       ] GC(552) Pause Young (Allocation Failure)
[2000.871s][info][gc,heap        ] GC(552) PSYoungGen: 2039424K(2266112K)->272096K(2284544K) Eden: 1837056K(1837056K)->0K(1837056K) From: 202368K(429056K)->272096K(447488K)
[2000.871s][info][gc,heap        ] GC(552) ParOldGen: 3135290K(3148288K)->3135290K(3148288K)
[2000.871s][info][gc,metaspace   ] GC(552) Metaspace: 29075K(29376K)->29075K(29376K) NonClass: 25968K(26112K)->25968K(26112K) Class: 3106K(3264K)->3106K(3264K)
[2000.871s][info][gc             ] GC(552) Pause Young (Allocation Failure) 5053M->3327M(5305M) 94.118ms
[2000.871s][info][gc,cpu         ] GC(552) User=0.55s Sys=0.00s Real=0.09s
.......[2007.866s][info][gc,start       ] GC(553) Pause Young (Allocation Failure)
[2007.979s][info][gc,heap        ] GC(553) PSYoungGen: 2109152K(2284544K)->276224K(2343424K) Eden: 1837056K(1837056K)->0K(1893888K) From: 272096K(447488K)->276224K(449536K)
[2007.979s][info][gc,heap        ] GC(553) ParOldGen: 3135290K(3148288K)->3189962K(3190272K)
[2007.979s][info][gc,metaspace   ] GC(553) Metaspace: 29075K(29376K)->29075K(29376K) NonClass: 25968K(26112K)->25968K(26112K) Class: 3106K(3264K)->3106K(3264K)
[2007.979s][info][gc             ] GC(553) Pause Young (Allocation Failure) 5121M->3384M(5404M) 113.423ms
[2007.979s][info][gc,cpu         ] GC(553) User=0.66s Sys=0.02s Real=0.11s
.....[2012.897s][info][gc,start       ] GC(554) Pause Full (Diagnostic Command)
[2012.897s][info][gc,phases,start] GC(554) Marking Phase
[2013.187s][info][gc,phases      ] GC(554) Marking Phase 290.249ms
[2013.187s][info][gc,phases,start] GC(554) Summary Phase
[2013.187s][info][gc,phases      ] GC(554) Summary Phase 0.067ms
[2013.187s][info][gc,phases,start] GC(554) Forward
[2013.371s][info][gc,phases      ] GC(554) Forward 184.242ms
[2013.371s][info][gc,phases,start] GC(554) Adjust Pointers
[2013.585s][info][gc,phases      ] GC(554) Adjust Pointers 213.441ms
[2013.585s][info][gc,phases,start] GC(554) Compaction Phase
[2013.774s][info][gc,phases      ] GC(554) Compaction Phase 188.847ms
[2013.776s][info][gc,phases,start] GC(554) Post Compact
[2013.780s][info][gc,phases      ] GC(554) Post Compact 4.096ms
[2013.780s][info][gc,heap        ] GC(554) PSYoungGen: 1563538K(2343424K)->0K(2343424K) Eden: 1287314K(1893888K)->0K(1893888K) From: 276224K(449536K)->0K(449536K)
[2013.780s][info][gc,heap        ] GC(554) ParOldGen: 3189962K(3190272K)->1324149K(3190272K)
[2013.780s][info][gc,metaspace   ] GC(554) Metaspace: 29075K(29376K)->29075K(29376K) NonClass: 25968K(26112K)->25968K(26112K) Class: 3106K(3264K)->3106K(3264K)
[2013.780s][info][gc             ] GC(554) Pause Full (Diagnostic Command) 4642M->1293M(5404M) 883.698ms
[2013.781s][info][gc,cpu         ] GC(554) User=4.62s Sys=0.00s Real=0.88s
.......[2020.427s][info][gc,start       ] GC(555) Pause Young (Allocation Failure)
[2020.478s][info][gc,heap        ] GC(555) PSYoungGen: 1893888K(2343424K)->121280K(2015232K) Eden: 1893888K(1893888K)->0K(1893888K) From: 0K(449536K)->121280K(121344K)
[2020.478s][info][gc,heap        ] GC(555) ParOldGen: 1324149K(3190272K)->1324149K(3190272K)
[2020.478s][info][gc,metaspace   ] GC(555) Metaspace: 29075K(29376K)->29075K(29376K) NonClass: 25968K(26112K)->25968K(26112K) Class: 3106K(3264K)->3106K(3264K)
[2020.478s][info][gc             ] GC(555) Pause Young (Allocation Failure) 3142M->1411M(5083M) 51.036ms
[2020.478s][info][gc,cpu         ] GC(555) User=0.30s Sys=0.00s Real=0.05s
.......[2027.667s][info][gc,start       ] GC(556) Pause Young (Allocation Failure)
[2027.742s][info][gc,heap        ] GC(556) PSYoungGen: 2015168K(2015232K)->210848K(2359808K) Eden: 1893888K(1893888K)->0K(1916928K) From: 121280K(121344K)->210848K(442880K)
[2027.742s][info][gc,heap        ] GC(556) ParOldGen: 1324149K(3190272K)->1324149K(3190272K)
[2027.742s][info][gc,metaspace   ] GC(556) Metaspace: 29075K(29376K)->29075K(29376K) NonClass: 25968K(26112K)->25968K(26112K) Class: 3106K(3264K)->3106K(3264K)
[2027.742s][info][gc             ] GC(556) Pause Young (Allocation Failure) 3261M->1499M(5420M) 74.681ms
[2027.742s][info][gc,cpu         ] GC(556) User=0.44s Sys=0.00s Real=0.08s
........[2035.151s][info][gc,start       ] GC(557) Pause Young (Allocation Failure)
[2035.245s][info][gc,heap        ] GC(557) PSYoungGen: 2127776K(2359808K)->279584K(2338304K) Eden: 1916928K(1916928K)->0K(1916928K) From: 210848K(442880K)->279584K(421376K)
[2035.245s][info][gc,heap        ] GC(557) ParOldGen: 1324149K(3190272K)->1324149K(3190272K)
[2035.245s][info][gc,metaspace   ] GC(557) Metaspace: 29075K(29376K)->29075K(29376K) NonClass: 25968K(26112K)->25968K(26112K) Class: 3106K(3264K)->3106K(3264K)
[2035.245s][info][gc             ] GC(557) Pause Young (Allocation Failure) 3371M->1566M(5399M) 93.990ms
[2035.245s][info][gc,cpu         ] GC(557) User=0.56s Sys=0.00s Real=0.10s
..... (rIR:aIR:PR = 1799:1800:1800) (tPR = 26644) [OK] 
  2039s: Performance info:
         Transaction,    Success,    Partial,     Failed,   Receipts, AvgBarcode, 
             Overall,     109042,          0,          0,     103596,      59.49, 
         Response times:
             Request,    Success,    Partial,     Failed,   SkipFail,     Probes,    Samples,      min,      p50,      p90,      p95,      p99,      max, 
       TotalPurchase,     103596,          0,          0,          0,      99117,     109866,      300,     1700,     2500,     2900,     5700,   104000,
     InStorePurchase,      54513,          0,          0,          0,      52301,      57574,      300,     1700,     2600,     3000,     5500,   104000,
      OnlinePurchase,      38158,          0,          0,          0,      36581,      40736,      300,     1600,     2500,     2900,     5100,   103000,
        InstPurchase,      10925,          0,          0,          0,      10235,      11556,      400,     1800,     2600,     3000,     9200,   103000,
          AssocOfCat,        109,          0,          0,          0,        105,        118,    16400,    22000,    28000,    31050,    33000,    33000,
      AssocOfProduct,       1094,          0,          0,          0,        945,       1182,      300,     1700,     2500,     2985,     5717,    54000,
      BusinessReport,        269,          0,          0,          0,        204,        284,    19900,    28000,    34000,    36000,    95950,   152000,
          CustBuyBeh,       1086,          0,          0,          0,        950,       1195,      400,     2100,     2800,     3600,     8204,    14900,
       ProductReturn,       2890,          0,          0,          0,       2601,       3020,      200,     1600,     2500,     2900,     8100,   102000,

  2039s: (14%)   IR =   1937 ..[2042.405s][info][gc,start       ] GC(558) Pause Young (Allocation Failure)
[2042.521s][info][gc,heap        ] GC(558) PSYoungGen: 2196512K(2338304K)->345685K(2313216K) Eden: 1916928K(1916928K)->0K(1885696K) From: 279584K(421376K)->345685K(427520K)
[2042.521s][info][gc,heap        ] GC(558) ParOldGen: 1324149K(3190272K)->1324149K(3190272K)
[2042.521s][info][gc,metaspace   ] GC(558) Metaspace: 29075K(29376K)->29075K(29376K) NonClass: 25968K(26112K)->25968K(26112K) Class: 3106K(3264K)->3106K(3264K)
[2042.521s][info][gc             ] GC(558) Pause Young (Allocation Failure) 3438M->1630M(5374M) 116.148ms
[2042.521s][info][gc,cpu         ] GC(558) User=0.69s Sys=0.01s Real=0.11s
..|.....[2049.329s][info][gc,start       ] GC(559) Pause Young (Allocation Failure)
[2049.450s][info][gc,heap        ] GC(559) PSYoungGen: 2231381K(2313216K)->378304K(2264064K) Eden: 1885696K(1885696K)->0K(1885696K) From: 345685K(427520K)->378304K(378368K)
[2049.450s][info][gc,heap        ] GC(559) ParOldGen: 1324149K(3190272K)->1324149K(3190272K)
[2049.450s][info][gc,metaspace   ] GC(559) Metaspace: 29075K(29376K)->29075K(29376K) NonClass: 25968K(26112K)->25968K(26112K) Class: 3106K(3264K)->3106K(3264K)
[2049.450s][info][gc             ] GC(559) Pause Young (Allocation Failure) 3472M->1662M(5326M) 121.335ms
[2049.450s][info][gc,cpu         ] GC(559) User=0.73s Sys=0.00s Real=0.12s
.......[2056.117s][info][gc,start       ] GC(560) Pause Young (Allocation Failure)
[2056.252s][info][gc,heap        ] GC(560) PSYoungGen: 2264000K(2264064K)->409760K(2232320K) Eden: 1885696K(1885696K)->0K(1743360K) From: 378304K(378368K)->409760K(488960K)
[2056.252s][info][gc,heap        ] GC(560) ParOldGen: 1324149K(3190272K)->1324149K(3190272K)
[2056.252s][info][gc,metaspace   ] GC(560) Metaspace: 29075K(29376K)->29075K(29376K) NonClass: 25968K(26112K)->25968K(26112K) Class: 3106K(3264K)->3106K(3264K)
[2056.252s][info][gc             ] GC(560) Pause Young (Allocation Failure) 3504M->1693M(5295M) 134.102ms
[2056.252s][info][gc,cpu         ] GC(560) User=0.78s Sys=0.01s Real=0.13s
......[2062.396s][info][gc,start       ] GC(561) Pause Young (Allocation Failure)
[2062.536s][info][gc,heap        ] GC(561) PSYoungGen: 2153120K(2232320K)->378708K(2122240K) Eden: 1743360K(1743360K)->0K(1743360K) From: 409760K(488960K)->378708K(378880K)
[2062.536s][info][gc,heap        ] GC(561) ParOldGen: 1324149K(3190272K)->1385421K(3190272K)
[2062.536s][info][gc,metaspace   ] GC(561) Metaspace: 29075K(29376K)->29075K(29376K) NonClass: 25968K(26112K)->25968K(26112K) Class: 3106K(3264K)->3106K(3264K)
[2062.536s][info][gc             ] GC(561) Pause Young (Allocation Failure) 3395M->1722M(5188M) 140.137ms
[2062.536s][info][gc,cpu         ] GC(561) User=0.83s Sys=0.01s Real=0.14s
......[2068.728s][info][gc,start       ] GC(562) Pause Young (Allocation Failure)
[2068.858s][info][gc,heap        ] GC(562) PSYoungGen: 2122068K(2122240K)->329728K(2256896K) Eden: 1743360K(1743360K)->0K(1712640K) From: 378708K(378880K)->329728K(544256K)
[2068.858s][info][gc,heap        ] GC(562) ParOldGen: 1385421K(3190272K)->1465157K(3190272K)
[2068.858s][info][gc,metaspace   ] GC(562) Metaspace: 29075K(29376K)->29075K(29376K) NonClass: 25968K(26112K)->25968K(26112K) Class: 3106K(3264K)->3106K(3264K)
[2068.858s][info][gc             ] GC(562) Pause Young (Allocation Failure) 3425M->1752M(5319M) 129.717ms
[2068.858s][info][gc,cpu         ] GC(562) User=0.77s Sys=0.00s Real=0.13s
.......[2075.003s][info][gc,start       ] GC(563) Pause Young (Allocation Failure)
[2075.121s][info][gc,heap        ] GC(563) PSYoungGen: 2042368K(2256896K)->261696K(1974784K) Eden: 1712640K(1712640K)->0K(1712640K) From: 329728K(544256K)->261696K(262144K)
[2075.121s][info][gc,heap        ] GC(563) ParOldGen: 1465157K(3190272K)->1569277K(3190272K)
[2075.121s][info][gc,metaspace   ] GC(563) Metaspace: 29075K(29376K)->29075K(29376K) NonClass: 25968K(26112K)->25968K(26112K) Class: 3106K(3264K)->3106K(3264K)
[2075.121s][info][gc             ] GC(563) Pause Young (Allocation Failure) 3425M->1788M(5044M) 118.407ms
[2075.121s][info][gc,cpu         ] GC(563) User=0.70s Sys=0.00s Real=0.11s
......[2081.085s][info][gc,start       ] GC(564) Pause Young (Allocation Failure)
[2081.190s][info][gc,heap        ] GC(564) PSYoungGen: 1974336K(1974784K)->192288K(2237440K) Eden: 1712640K(1712640K)->0K(1722368K) From: 261696K(262144K)->192288K(515072K)
[2081.190s][info][gc,heap        ] GC(564) ParOldGen: 1569277K(3190272K)->1691845K(3190272K)
[2081.190s][info][gc,metaspace   ] GC(564) Metaspace: 29075K(29376K)->29075K(29376K) NonClass: 25968K(26112K)->25968K(26112K) Class: 3106K(3264K)->3106K(3264K)
[2081.190s][info][gc             ] GC(564) Pause Young (Allocation Failure) 3460M->1839M(5300M) 104.166ms
[2081.190s][info][gc,cpu         ] GC(564) User=0.62s Sys=0.00s Real=0.10s
......[2087.415s][info][gc,start       ] GC(565) Pause Young (Allocation Failure)
[2087.505s][info][gc,heap        ] GC(565) PSYoungGen: 1914656K(2237440K)->111104K(2227712K) Eden: 1722368K(1722368K)->0K(1722368K) From: 192288K(515072K)->111104K(505344K)
[2087.505s][info][gc,heap        ] GC(565) ParOldGen: 1691845K(3190272K)->1842949K(3190272K)
[2087.505s][info][gc,metaspace   ] GC(565) Metaspace: 29075K(29376K)->29075K(29376K) NonClass: 25968K(26112K)->25968K(26112K) Class: 3106K(3264K)->3106K(3264K)
[2087.505s][info][gc             ] GC(565) Pause Young (Allocation Failure) 3521M->1908M(5291M) 89.558ms
[2087.505s][info][gc,cpu         ] GC(565) User=0.53s Sys=0.00s Real=0.09s
......[2093.650s][info][gc,start       ] GC(566) Pause Young (Allocation Failure)
[2093.721s][info][gc,heap        ] GC(566) PSYoungGen: 1833472K(2227712K)->109568K(2285568K) Eden: 1722368K(1722368K)->0K(1777664K) From: 111104K(505344K)->109568K(507904K)
[2093.721s][info][gc,heap        ] GC(566) ParOldGen: 1842949K(3190272K)->1929093K(3190272K)
[2093.721s][info][gc,metaspace   ] GC(566) Metaspace: 29075K(29376K)->29075K(29376K) NonClass: 25968K(26112K)->25968K(26112K) Class: 3106K(3264K)->3106K(3264K)
[2093.721s][info][gc             ] GC(566) Pause Young (Allocation Failure) 3590M->1990M(5347M) 71.111ms
[2093.721s][info][gc,cpu         ] GC(566) User=0.42s Sys=0.00s Real=0.07s
.......[2100.187s][info][gc,start       ] GC(567) Pause Young (Allocation Failure)
[2100.261s][info][gc,heap        ] GC(567) PSYoungGen: 1887232K(2285568K)->113184K(1891328K) Eden: 1777664K(1777664K)->0K(1777664K) From: 109568K(507904K)->113184K(113664K)
[2100.261s][info][gc,heap        ] GC(567) ParOldGen: 1929093K(3190272K)->2012805K(3190272K)
[2100.261s][info][gc,metaspace   ] GC(567) Metaspace: 29075K(29376K)->29075K(29376K) NonClass: 25968K(26112K)->25968K(26112K) Class: 3106K(3264K)->3106K(3264K)
[2100.261s][info][gc             ] GC(567) Pause Young (Allocation Failure) 3726M->2076M(4962M) 73.381ms
[2100.261s][info][gc,cpu         ] GC(567) User=0.44s Sys=0.00s Real=0.07s
.... (rIR:aIR:PR = 1937:1938:1938) (tPR = 28808) [OK] 
  2103s: Performance info:
         Transaction,    Success,    Partial,     Failed,   Receipts, AvgBarcode, 
             Overall,     116435,          0,          0,     110605,      59.47, 
         Response times:
             Request,    Success,    Partial,     Failed,   SkipFail,     Probes,    Samples,      min,      p50,      p90,      p95,      p99,      max, 
       TotalPurchase,     110605,          0,          0,          0,     107550,     116398,      300,     1700,     2600,     2900,     7900,   152000,
     InStorePurchase,      58225,          0,          0,          0,      56893,      61406,      300,     1700,     2600,     2800,     7900,   152000,
      OnlinePurchase,      40737,          0,          0,          0,      39552,      42819,      300,     1800,     2600,     2900,     8000,   148000,
        InstPurchase,      11643,          0,          0,          0,      11105,      12173,      400,     1800,     2700,     2900,     6326,   144000,
          AssocOfCat,        117,          0,          0,          0,        117,        125,    16900,    24000,    29000,    30700,    36480,    37000,
      AssocOfProduct,       1161,          0,          0,          0,       1043,       1274,      500,     1500,     2000,     2400,     4800,   143000,
      BusinessReport,        291,          0,          0,          0,        229,        293,    22000,    29000,    35000,    37000,   155540,   175000,
          CustBuyBeh,       1169,          0,          0,          0,       1026,       1204,      200,     2000,     2600,     3000,    12500,   143000,
       ProductReturn,       3092,          0,          0,          0,       2887,       3343,      200,     1700,     2500,     2800,     7856,   144000,

  2103s: (15%)   IR =   2076 ..[2106.345s][info][gc,start       ] GC(568) Pause Young (Allocation Failure)
[2106.416s][info][gc,heap        ] GC(568) PSYoungGen: 1890848K(1891328K)->111040K(2290688K) Eden: 1777664K(1777664K)->0K(1790464K) From: 113184K(113664K)->111040K(500224K)
[2106.416s][info][gc,heap        ] GC(568) ParOldGen: 2012805K(3190272K)->2100909K(3190272K)
[2106.416s][info][gc,metaspace   ] GC(568) Metaspace: 29077K(29376K)->29077K(29376K) NonClass: 25970K(26112K)->25970K(26112K) Class: 3106K(3264K)->3106K(3264K)
[2106.416s][info][gc             ] GC(568) Pause Young (Allocation Failure) 3812M->2160M(5352M) 71.077ms
[2106.416s][info][gc,cpu         ] GC(568) User=0.42s Sys=0.00s Real=0.07s
...|...[2112.359s][info][gc,start       ] GC(569) Pause Young (Allocation Failure)
[2112.432s][info][gc,heap        ] GC(569) PSYoungGen: 1901504K(2290688K)->112992K(2282496K) Eden: 1790464K(1790464K)->0K(1790464K) From: 111040K(500224K)->112992K(492032K)
[2112.432s][info][gc,heap        ] GC(569) ParOldGen: 2100909K(3190272K)->2186557K(3190272K)
[2112.432s][info][gc,metaspace   ] GC(569) Metaspace: 29077K(29376K)->29077K(29376K) NonClass: 25970K(26112K)->25970K(26112K) Class: 3106K(3264K)->3106K(3264K)
[2112.432s][info][gc             ] GC(569) Pause Young (Allocation Failure) 3908M->2245M(5344M) 72.524ms
[2112.432s][info][gc,cpu         ] GC(569) User=0.42s Sys=0.00s Real=0.08s
......[2118.457s][info][gc,start       ] GC(570) Pause Young (Allocation Failure)
[2118.531s][info][gc,heap        ] GC(570) PSYoungGen: 1903456K(2282496K)->113600K(2291712K) Eden: 1790464K(1790464K)->0K(1816064K) From: 112992K(492032K)->113600K(475648K)
[2118.531s][info][gc,heap        ] GC(570) ParOldGen: 2186557K(3190272K)->2273637K(3190272K)
[2118.531s][info][gc,metaspace   ] GC(570) Metaspace: 29077K(29376K)->29077K(29376K) NonClass: 25970K(26112K)->25970K(26112K) Class: 3106K(3264K)->3106K(3264K)
[2118.531s][info][gc             ] GC(570) Pause Young (Allocation Failure) 3994M->2331M(5353M) 73.736ms
[2118.531s][info][gc,cpu         ] GC(570) User=0.43s Sys=0.00s Real=0.07s
......[2124.578s][info][gc,start       ] GC(571) Pause Young (Allocation Failure)
[2124.652s][info][gc,heap        ] GC(571) PSYoungGen: 1929664K(2291712K)->114944K(2284544K) Eden: 1816064K(1816064K)->0K(1816064K) From: 113600K(475648K)->114944K(468480K)
[2124.652s][info][gc,heap        ] GC(571) ParOldGen: 2273637K(3190272K)->2361141K(3190272K)
[2124.652s][info][gc,metaspace   ] GC(571) Metaspace: 29077K(29376K)->29077K(29376K) NonClass: 25970K(26112K)->25970K(26112K) Class: 3106K(3264K)->3106K(3264K)
[2124.652s][info][gc             ] GC(571) Pause Young (Allocation Failure) 4104M->2418M(5346M) 74.483ms
[2124.652s][info][gc,cpu         ] GC(571) User=0.43s Sys=0.00s Real=0.08s
......[2130.638s][info][gc,start       ] GC(572) Pause Young (Allocation Failure)
[2130.712s][info][gc,heap        ] GC(572) PSYoungGen: 1931008K(2284544K)->114912K(2312704K) Eden: 1816064K(1816064K)->0K(1866752K) From: 114944K(468480K)->114912K(445952K)
[2130.712s][info][gc,heap        ] GC(572) ParOldGen: 2361141K(3190272K)->2449341K(3190272K)
[2130.712s][info][gc,metaspace   ] GC(572) Metaspace: 29077K(29376K)->29077K(29376K) NonClass: 25970K(26112K)->25970K(26112K) Class: 3106K(3264K)->3106K(3264K)
[2130.712s][info][gc             ] GC(572) Pause Young (Allocation Failure) 4191M->2504M(5374M) 73.973ms
[2130.712s][info][gc,cpu         ] GC(572) User=0.43s Sys=0.00s Real=0.08s
.......[2137.016s][info][gc,start       ] GC(573) Pause Young (Allocation Failure)
[2137.092s][info][gc,heap        ] GC(573) PSYoungGen: 1981664K(2312704K)->117971K(2306560K) Eden: 1866752K(1866752K)->0K(1866752K) From: 114912K(445952K)->117971K(439808K)
[2137.092s][info][gc,heap        ] GC(573) ParOldGen: 2449341K(3190272K)->2536709K(3190272K)
[2137.092s][info][gc,metaspace   ] GC(573) Metaspace: 29077K(29376K)->29077K(29376K) NonClass: 25970K(26112K)->25970K(26112K) Class: 3106K(3264K)->3106K(3264K)
[2137.092s][info][gc             ] GC(573) Pause Young (Allocation Failure) 4327M->2592M(5368M) 75.367ms
[2137.092s][info][gc,cpu         ] GC(573) User=0.45s Sys=0.00s Real=0.07s
......[2143.339s][info][gc,start       ] GC(574) Pause Young (Allocation Failure)
[2143.418s][info][gc,heap        ] GC(574) PSYoungGen: 1984723K(2306560K)->125760K(2339328K) Eden: 1866752K(1866752K)->0K(1927168K) From: 117971K(439808K)->125760K(412160K)
[2143.418s][info][gc,heap        ] GC(574) ParOldGen: 2536709K(3190272K)->2625541K(3190272K)
[2143.418s][info][gc,metaspace   ] GC(574) Metaspace: 29077K(29376K)->29077K(29376K) NonClass: 25970K(26112K)->25970K(26112K) Class: 3106K(3264K)->3106K(3264K)
[2143.418s][info][gc             ] GC(574) Pause Young (Allocation Failure) 4415M->2686M(5400M) 78.957ms
[2143.418s][info][gc,cpu         ] GC(574) User=0.47s Sys=0.00s Real=0.08s
......[2149.886s][info][gc,start       ] GC(575) Pause Young (Allocation Failure)
[2149.964s][info][gc,heap        ] GC(575) PSYoungGen: 2052928K(2339328K)->123168K(2334208K) Eden: 1927168K(1927168K)->0K(1927168K) From: 125760K(412160K)->123168K(407040K)
[2149.964s][info][gc,heap        ] GC(575) ParOldGen: 2625541K(3190272K)->2715373K(3190272K)
[2149.964s][info][gc,metaspace   ] GC(575) Metaspace: 29077K(29376K)->29077K(29376K) NonClass: 25970K(26112K)->25970K(26112K) Class: 3106K(3264K)->3106K(3264K)
[2149.964s][info][gc             ] GC(575) Pause Young (Allocation Failure) 4568M->2772M(5395M) 77.785ms
[2149.964s][info][gc,cpu         ] GC(575) User=0.46s Sys=0.00s Real=0.08s
.......[2156.206s][info][gc,start       ] GC(576) Pause Young (Allocation Failure)
[2156.286s][info][gc,heap        ] GC(576) PSYoungGen: 2050336K(2334208K)->121984K(2373632K) Eden: 1927168K(1927168K)->0K(1992192K) From: 123168K(407040K)->121984K(381440K)
[2156.286s][info][gc,heap        ] GC(576) ParOldGen: 2715373K(3190272K)->2807885K(3190272K)
[2156.286s][info][gc,metaspace   ] GC(576) Metaspace: 29077K(29376K)->29077K(29376K) NonClass: 25970K(26112K)->25970K(26112K) Class: 3106K(3264K)->3106K(3264K)
[2156.286s][info][gc             ] GC(576) Pause Young (Allocation Failure) 4654M->2861M(5433M) 80.251ms
[2156.286s][info][gc,cpu         ] GC(576) User=0.48s Sys=0.00s Real=0.08s
......[2162.955s][info][gc,start       ] GC(577) Pause Young (Allocation Failure)
[2163.034s][info][gc,heap        ] GC(577) PSYoungGen: 2114176K(2373632K)->124448K(2367488K) Eden: 1992192K(1992192K)->0K(1992192K) From: 121984K(381440K)->124448K(375296K)
[2163.034s][info][gc,heap        ] GC(577) ParOldGen: 2807885K(3190272K)->2894885K(3190272K)
[2163.034s][info][gc,metaspace   ] GC(577) Metaspace: 29077K(29376K)->29077K(29376K) NonClass: 25970K(26112K)->25970K(26112K) Class: 3106K(3264K)->3106K(3264K)
[2163.034s][info][gc             ] GC(577) Pause Young (Allocation Failure) 4806M->2948M(5427M) 78.974ms
[2163.034s][info][gc,cpu         ] GC(577) User=0.47s Sys=0.00s Real=0.08s
....... (rIR:aIR:PR = 2076:2076:2076) (tPR = 30830) [OK] 
  2168s: Performance info:
         Transaction,    Success,    Partial,     Failed,   Receipts, AvgBarcode, 
             Overall,     124898,          0,          0,     118654,      59.47, 
         Response times:
             Request,    Success,    Partial,     Failed,   SkipFail,     Probes,    Samples,      min,      p50,      p90,      p95,      p99,      max, 
       TotalPurchase,     118654,          0,          0,          0,     115645,     126991,      300,     1900,     2800,     3100,     5100,    84000,
     InStorePurchase,      62448,          0,          0,          0,      60965,      66552,      300,     1900,     2800,     3100,     5100,    84000,
      OnlinePurchase,      43708,          0,          0,          0,      42665,      47006,      300,     1800,     2800,     3100,     5000,    84000,
        InstPurchase,      12498,          0,          0,          0,      12015,      13433,      400,     2100,     2900,     3300,     5700,    81000,
          AssocOfCat,        125,          0,          0,          0,         92,        125,    16800,    25000,    31000,    39100,    99740,   100000,
      AssocOfProduct,       1247,          0,          0,          0,       1083,       1314,      400,     1100,     1900,     2300,     3755,    79000,
      BusinessReport,        312,          0,          0,          0,        237,        324,    19800,    30000,    36000,    38750,    99750,   120000,
          CustBuyBeh,       1251,          0,          0,          0,       1141,       1396,      200,      600,     1200,     1700,     2806,    79000,
       ProductReturn,       3309,          0,          0,          0,       3137,       3586,      200,     1800,     2700,     2900,     4813,    77000,

  2168s: (16%)   IR =   2214 [2169.561s][info][gc,start       ] GC(578) Pause Young (Allocation Failure)
[2169.641s][info][gc,heap        ] GC(578) PSYoungGen: 2116640K(2367488K)->123360K(2406400K) Eden: 1992192K(1992192K)->0K(2053632K) From: 124448K(375296K)->123360K(352768K)
[2169.641s][info][gc,heap        ] GC(578) ParOldGen: 2894885K(3190272K)->2989573K(3190272K)
[2169.641s][info][gc,metaspace   ] GC(578) Metaspace: 29080K(29376K)->29080K(29376K) NonClass: 25973K(26112K)->25973K(26112K) Class: 3106K(3264K)->3106K(3264K)
[2169.641s][info][gc             ] GC(578) Pause Young (Allocation Failure) 4894M->3039M(5465M) 79.895ms
[2169.641s][info][gc,cpu         ] GC(578) User=0.47s Sys=0.00s Real=0.08s
.......|[2176.229s][info][gc,start       ] GC(579) Pause Young (Allocation Failure)
[2176.310s][info][gc,heap        ] GC(579) PSYoungGen: 2176992K(2406400K)->129056K(2398720K) Eden: 2053632K(2053632K)->0K(2053632K) From: 123360K(352768K)->129056K(345088K)
[2176.310s][info][gc,heap        ] GC(579) ParOldGen: 2989573K(3190272K)->3080637K(3190272K)
[2176.310s][info][gc,metaspace   ] GC(579) Metaspace: 29080K(29376K)->29080K(29376K) NonClass: 25973K(26112K)->25973K(26112K) Class: 3106K(3264K)->3106K(3264K)
[2176.310s][info][gc             ] GC(579) Pause Young (Allocation Failure) 5045M->3134M(5458M) 81.189ms
[2176.310s][info][gc,cpu         ] GC(579) User=0.48s Sys=0.00s Real=0.08s
......[2182.797s][info][gc,start       ] GC(580) Pause Young (Allocation Failure)
[2182.880s][info][gc,heap        ] GC(580) PSYoungGen: 2182688K(2398720K)->129984K(2436608K) Eden: 2053632K(2053632K)->0K(2112512K) From: 129056K(345088K)->129984K(324096K)
[2182.880s][info][gc,heap        ] GC(580) ParOldGen: 3080637K(3190272K)->3177109K(3190272K)
[2182.880s][info][gc,metaspace   ] GC(580) Metaspace: 29080K(29376K)->29080K(29376K) NonClass: 25973K(26112K)->25973K(26112K) Class: 3106K(3264K)->3106K(3264K)
[2182.880s][info][gc             ] GC(580) Pause Young (Allocation Failure) 5139M->3229M(5495M) 83.350ms
[2182.880s][info][gc,cpu         ] GC(580) User=0.49s Sys=0.00s Real=0.08s
.......[2189.416s][info][gc,start       ] GC(581) Pause Young (Allocation Failure)
[2189.502s][info][gc,heap        ] GC(581) PSYoungGen: 2242496K(2436608K)->130304K(2427904K) Eden: 2112512K(2112512K)->0K(2112512K) From: 129984K(324096K)->130304K(315392K)
[2189.502s][info][gc,heap        ] GC(581) ParOldGen: 3177109K(3190272K)->3272533K(3272704K)
[2189.502s][info][gc,metaspace   ] GC(581) Metaspace: 29080K(29376K)->29080K(29376K) NonClass: 25973K(26112K)->25973K(26112K) Class: 3106K(3264K)->3106K(3264K)
[2189.503s][info][gc             ] GC(581) Pause Young (Allocation Failure) 5292M->3323M(5567M) 86.247ms
[2189.503s][info][gc,cpu         ] GC(581) User=0.47s Sys=0.03s Real=0.09s
......[2196.071s][info][gc,start       ] GC(582) Pause Young (Allocation Failure)
[2196.158s][info][gc,heap        ] GC(582) PSYoungGen: 2242816K(2427904K)->130240K(2467840K) Eden: 2112512K(2112512K)->0K(2169344K) From: 130304K(315392K)->130240K(298496K)
[2196.158s][info][gc,heap        ] GC(582) ParOldGen: 3272533K(3272704K)->3368237K(3368448K)
[2196.158s][info][gc,metaspace   ] GC(582) Metaspace: 29080K(29376K)->29080K(29376K) NonClass: 25973K(26112K)->25973K(26112K) Class: 3106K(3264K)->3106K(3264K)
[2196.158s][info][gc             ] GC(582) Pause Young (Allocation Failure) 5386M->3416M(5699M) 87.597ms
[2196.158s][info][gc,cpu         ] GC(582) User=0.49s Sys=0.03s Real=0.09s
.......[2202.926s][info][gc,start       ] GC(583) Pause Young (Allocation Failure)
[2203.017s][info][gc,heap        ] GC(583) PSYoungGen: 2299584K(2467840K)->135072K(2458112K) Eden: 2169344K(2169344K)->0K(2169344K) From: 130240K(298496K)->135072K(288768K)
[2203.017s][info][gc,heap        ] GC(583) ParOldGen: 3368237K(3368448K)->3463981K(3464192K)
[2203.017s][info][gc,metaspace   ] GC(583) Metaspace: 29080K(29376K)->29080K(29376K) NonClass: 25973K(26112K)->25973K(26112K) Class: 3106K(3264K)->3106K(3264K)
[2203.017s][info][gc             ] GC(583) Pause Young (Allocation Failure) 5534M->3514M(5783M) 90.884ms
[2203.017s][info][gc,cpu         ] GC(583) User=0.49s Sys=0.04s Real=0.09s
.......[2209.766s][info][gc,start       ] GC(584) Pause Young (Allocation Failure)
[2209.854s][info][gc,heap        ] GC(584) PSYoungGen: 2304416K(2458112K)->133824K(2495488K) Eden: 2169344K(2169344K)->0K(2220544K) From: 135072K(288768K)->133824K(274944K)
[2209.854s][info][gc,heap        ] GC(584) ParOldGen: 3463981K(3464192K)->3562181K(3562496K)
[2209.854s][info][gc,metaspace   ] GC(584) Metaspace: 29080K(29376K)->29080K(29376K) NonClass: 25973K(26112K)->25973K(26112K) Class: 3106K(3264K)->3106K(3264K)
[2209.854s][info][gc             ] GC(584) Pause Young (Allocation Failure) 5633M->3609M(5916M) 88.697ms
[2209.854s][info][gc,cpu         ] GC(584) User=0.49s Sys=0.02s Real=0.09s
.......[2216.823s][info][gc,start       ] GC(585) Pause Young (Allocation Failure)
[2216.915s][info][gc,heap        ] GC(585) PSYoungGen: 2354368K(2495488K)->137952K(2485248K) Eden: 2220544K(2220544K)->0K(2220544K) From: 133824K(274944K)->137952K(264704K)
[2216.915s][info][gc,heap        ] GC(585) ParOldGen: 3562181K(3562496K)->3657557K(3657728K)
[2216.915s][info][gc,metaspace   ] GC(585) Metaspace: 29080K(29376K)->29080K(29376K) NonClass: 25973K(26112K)->25973K(26112K) Class: 3106K(3264K)->3106K(3264K)
[2216.915s][info][gc             ] GC(585) Pause Young (Allocation Failure) 5777M->3706M(5999M) 91.158ms
[2216.915s][info][gc,cpu         ] GC(585) User=0.50s Sys=0.04s Real=0.09s
.......[2223.722s][info][gc,start       ] GC(586) Pause Young (Allocation Failure)
[2223.812s][info][gc,heap        ] GC(586) PSYoungGen: 2358496K(2485248K)->135328K(2519552K) Eden: 2220544K(2220544K)->0K(2266112K) From: 137952K(264704K)->135328K(253440K)
[2223.812s][info][gc,heap        ] GC(586) ParOldGen: 3657557K(3657728K)->3757893K(3758080K)
[2223.812s][info][gc,metaspace   ] GC(586) Metaspace: 29080K(29376K)->29080K(29376K) NonClass: 25973K(26112K)->25973K(26112K) Class: 3106K(3264K)->3106K(3264K)
[2223.812s][info][gc             ] GC(586) Pause Young (Allocation Failure) 5875M->3801M(6130M) 90.805ms
[2223.812s][info][gc,cpu         ] GC(586) User=0.50s Sys=0.03s Real=0.10s
.......[2231.003s][info][gc,start       ] GC(587) Pause Young (Allocation Failure)
[2231.095s][info][gc,heap        ] GC(587) PSYoungGen: 2401440K(2519552K)->139392K(2509824K) Eden: 2266112K(2266112K)->0K(2266112K) From: 135328K(253440K)->139392K(243712K)
[2231.095s][info][gc,heap        ] GC(587) ParOldGen: 3757893K(3758080K)->3854837K(3854848K)
[2231.095s][info][gc,metaspace   ] GC(587) Metaspace: 29080K(29376K)->29080K(29376K) NonClass: 25973K(26112K)->25973K(26112K) Class: 3106K(3264K)->3106K(3264K)
[2231.095s][info][gc             ] GC(587) Pause Young (Allocation Failure) 6014M->3900M(6215M) 91.792ms
[2231.095s][info][gc,cpu         ] GC(587) User=0.51s Sys=0.03s Real=0.09s
...... (rIR:aIR:PR = 2214:2216:2216) (tPR = 33157) [OK] 
  2236s: Performance info:
         Transaction,    Success,    Partial,     Failed,   Receipts, AvgBarcode, 
             Overall,     133202,          0,          0,     126540,      59.47, 
         Response times:
             Request,    Success,    Partial,     Failed,   SkipFail,     Probes,    Samples,      min,      p50,      p90,      p95,      p99,      max, 
       TotalPurchase,     126540,          0,          0,          0,     123683,     139586,      300,     1900,     3000,     3300,     5100,   102000,
     InStorePurchase,      66606,          0,          0,          0,      65276,      73416,      300,     1900,     2900,     3200,     5083,    96000,
      OnlinePurchase,      46598,          0,          0,          0,      45616,      51496,      300,     2000,     3000,     3300,     5103,   102000,
        InstPurchase,      13336,          0,          0,          0,      12791,      14674,      400,     2100,     3000,     3300,     5725,    96000,
          AssocOfCat,        135,          0,          0,          0,        101,        151,    17500,    24000,    29000,    32400,    73080,   110000,
      AssocOfProduct,       1334,          0,          0,          0,       1203,       1497,      400,     1300,     2300,     2800,     3900,    94000,
      BusinessReport,        329,          0,          0,          0,        259,        363,    20000,    31000,    37000,    39000,   102680,   119000,
          CustBuyBeh,       1333,          0,          0,          0,       1158,       1445,      100,     1200,     2200,     2600,     4170,    11600,
       ProductReturn,       3531,          0,          0,          0,       3289,       3907,      200,     1400,     2400,     2800,     3900,    94000,

  2236s: (17%)   IR =   2352 .[2238.162s][info][gc,start       ] GC(588) Pause Young (Allocation Failure)
[2238.258s][info][gc,heap        ] GC(588) PSYoungGen: 2405504K(2509824K)->148208K(2539520K) Eden: 2266112K(2266112K)->0K(2305536K) From: 139392K(243712K)->148208K(233984K)
[2238.258s][info][gc,heap        ] GC(588) ParOldGen: 3854837K(3854848K)->3956293K(3956736K)
[2238.258s][info][gc,metaspace   ] GC(588) Metaspace: 29080K(29376K)->29080K(29376K) NonClass: 25973K(26112K)->25973K(26112K) Class: 3106K(3264K)->3106K(3264K)
[2238.258s][info][gc             ] GC(588) Pause Young (Allocation Failure) 6113M->4008M(6344M) 96.084ms
[2238.258s][info][gc,cpu         ] GC(588) User=0.54s Sys=0.03s Real=0.09s
....|...[2245.047s][info][gc,start       ] GC(589) Pause Young (Allocation Failure)
[2245.141s][info][gc,heap        ] GC(589) PSYoungGen: 2453744K(2539520K)->144800K(2532864K) Eden: 2305536K(2305536K)->0K(2305536K) From: 148208K(233984K)->144800K(227328K)
[2245.141s][info][gc,heap        ] GC(589) ParOldGen: 3956293K(3956736K)->4056901K(4057088K)
[2245.141s][info][gc,metaspace   ] GC(589) Metaspace: 29080K(29376K)->29080K(29376K) NonClass: 25973K(26112K)->25973K(26112K) Class: 3106K(3264K)->3106K(3264K)
[2245.141s][info][gc             ] GC(589) Pause Young (Allocation Failure) 6259M->4103M(6435M) 94.344ms
[2245.141s][info][gc,cpu         ] GC(589) User=0.53s Sys=0.03s Real=0.09s
.......[2251.868s][info][gc,start       ] GC(590) Pause Young (Allocation Failure)
[2251.962s][info][gc,heap        ] GC(590) PSYoungGen: 2450336K(2532864K)->141280K(2561024K) Eden: 2305536K(2305536K)->0K(2342400K) From: 144800K(227328K)->141280K(218624K)
[2251.962s][info][gc,heap        ] GC(590) ParOldGen: 4056901K(4057088K)->4158149K(4158464K)
[2251.962s][info][gc,metaspace   ] GC(590) Metaspace: 29080K(29376K)->29080K(29376K) NonClass: 25973K(26112K)->25973K(26112K) Class: 3106K(3264K)->3106K(3264K)
[2251.962s][info][gc             ] GC(590) Pause Young (Allocation Failure) 6354M->4198M(6562M) 93.678ms
[2251.962s][info][gc,cpu         ] GC(590) User=0.51s Sys=0.04s Real=0.10s
.......[2258.811s][info][gc,start       ] GC(591) Pause Young (Allocation Failure)
[2258.906s][info][gc,heap        ] GC(591) PSYoungGen: 2483680K(2561024K)->145376K(2554368K) Eden: 2342400K(2342400K)->0K(2342400K) From: 141280K(218624K)->145376K(211968K)
[2258.906s][info][gc,heap        ] GC(591) ParOldGen: 4158149K(4158464K)->4257965K(4258304K)
[2258.906s][info][gc,metaspace   ] GC(591) Metaspace: 29080K(29376K)->29080K(29376K) NonClass: 25973K(26112K)->25973K(26112K) Class: 3106K(3264K)->3106K(3264K)
[2258.906s][info][gc             ] GC(591) Pause Young (Allocation Failure) 6486M->4300M(6653M) 94.712ms
[2258.906s][info][gc,cpu         ] GC(591) User=0.53s Sys=0.02s Real=0.10s
.......[2265.887s][info][gc,start       ] GC(592) Pause Young (Allocation Failure)
[2265.984s][info][gc,heap        ] GC(592) PSYoungGen: 2487776K(2554368K)->148224K(2575872K) Eden: 2342400K(2342400K)->0K(2369536K) From: 145376K(211968K)->148224K(206336K)
[2265.984s][info][gc,heap        ] GC(592) ParOldGen: 4257965K(4258304K)->4359061K(4359168K)
[2265.984s][info][gc,metaspace   ] GC(592) Metaspace: 29080K(29376K)->29080K(29376K) NonClass: 25973K(26112K)->25973K(26112K) Class: 3106K(3264K)->3106K(3264K)
[2265.984s][info][gc             ] GC(592) Pause Young (Allocation Failure) 6587M->4401M(6772M) 96.301ms
[2265.984s][info][gc,cpu         ] GC(592) User=0.54s Sys=0.02s Real=0.10s
.......[2273.012s][info][gc,start       ] GC(593) Pause Young (Allocation Failure)
[2273.107s][info][gc,heap        ] GC(593) PSYoungGen: 2517760K(2575872K)->143744K(2571776K) Eden: 2369536K(2369536K)->0K(2369536K) From: 148224K(206336K)->143744K(202240K)
[2273.107s][info][gc,heap        ] GC(593) ParOldGen: 4359061K(4359168K)->4461301K(4461568K)
[2273.107s][info][gc,metaspace   ] GC(593) Metaspace: 29080K(29376K)->29080K(29376K) NonClass: 25973K(26112K)->25973K(26112K) Class: 3106K(3264K)->3106K(3264K)
[2273.107s][info][gc             ] GC(593) Pause Young (Allocation Failure) 6715M->4497M(6868M) 95.099ms
[2273.107s][info][gc,cpu         ] GC(593) User=0.52s Sys=0.04s Real=0.09s
.......[2279.918s][info][gc,start       ] GC(594) Pause Young (Allocation Failure)
[2280.015s][info][gc,heap        ] GC(594) PSYoungGen: 2513280K(2571776K)->143968K(2588672K) Eden: 2369536K(2369536K)->0K(2392576K) From: 143744K(202240K)->143968K(196096K)
[2280.015s][info][gc,heap        ] GC(594) ParOldGen: 4461301K(4461568K)->4566165K(4566528K)
[2280.015s][info][gc,metaspace   ] GC(594) Metaspace: 29080K(29376K)->29080K(29376K) NonClass: 25973K(26112K)->25973K(26112K) Class: 3106K(3264K)->3106K(3264K)
[2280.015s][info][gc             ] GC(594) Pause Young (Allocation Failure) 6811M->4599M(6987M) 97.670ms
[2280.015s][info][gc,cpu         ] GC(594) User=0.52s Sys=0.05s Real=0.10s
.......[2287.125s][info][gc,start       ] GC(595) Pause Young (Allocation Failure)
[2287.222s][info][gc,heap        ] GC(595) PSYoungGen: 2536544K(2588672K)->146240K(2584064K) Eden: 2392576K(2392576K)->0K(2392576K) From: 143968K(196096K)->146240K(191488K)
[2287.222s][info][gc,heap        ] GC(595) ParOldGen: 4566165K(4566528K)->4666845K(4666880K)
[2287.222s][info][gc,metaspace   ] GC(595) Metaspace: 29080K(29376K)->29080K(29376K) NonClass: 25973K(26112K)->25973K(26112K) Class: 3106K(3264K)->3106K(3264K)
[2287.222s][info][gc             ] GC(595) Pause Young (Allocation Failure) 6936M->4700M(7081M) 96.698ms
[2287.222s][info][gc,cpu         ] GC(595) User=0.55s Sys=0.02s Real=0.09s
........[2294.331s][info][gc,start       ] GC(596) Pause Young (Allocation Failure)
[2294.432s][info][gc,heap        ] GC(596) PSYoungGen: 2538816K(2584064K)->144736K(2600448K) Eden: 2392576K(2392576K)->0K(2412544K) From: 146240K(191488K)->144736K(187904K)
[2294.432s][info][gc,heap        ] GC(596) ParOldGen: 4666845K(4666880K)->4771661K(4771840K)
[2294.432s][info][gc,metaspace   ] GC(596) Metaspace: 29080K(29376K)->29080K(29376K) NonClass: 25973K(26112K)->25973K(26112K) Class: 3106K(3264K)->3106K(3264K)
[2294.432s][info][gc             ] GC(596) Pause Young (Allocation Failure) 7036M->4801M(7199M) 101.122ms
[2294.432s][info][gc,cpu         ] GC(596) User=0.55s Sys=0.04s Real=0.11s
....... (rIR:aIR:PR = 2352:2351:2351) (tPR = 34878) [OK] 
  2301s: Performance info:
         Transaction,    Success,    Partial,     Failed,   Receipts, AvgBarcode, 
             Overall,     141165,          0,          0,     134114,      59.46, 
         Response times:
             Request,    Success,    Partial,     Failed,   SkipFail,     Probes,    Samples,      min,      p50,      p90,      p95,      p99,      max, 
       TotalPurchase,     134114,          0,          0,          0,     130734,     142651,      300,     2000,     3100,     3500,     9100,   141000,
     InStorePurchase,      70598,          0,          0,          0,      69124,      75275,      300,     2000,     3000,     3400,     8924,   141000,
      OnlinePurchase,      49373,          0,          0,          0,      48053,      52341,      300,     2000,     3100,     3500,     9658,   141000,
        InstPurchase,      14143,          0,          0,          0,      13557,      15035,      400,     2200,     3200,     3500,     8500,   113000,
          AssocOfCat,        141,          0,          0,          0,        101,        136,    17200,    24500,    31000,    39050,   137780,   140000,
      AssocOfProduct,       1414,          0,          0,          0,       1251,       1488,      400,     2600,     3500,     3855,    10141,   102000,
      BusinessReport,        352,          0,          0,          0,        256,        334,    24000,    30000,    37000,    41000,   100950,   135000,
          CustBuyBeh,       1408,          0,          0,          0,       1255,       1481,      100,     1900,     2700,     3100,    14120,   100000,
       ProductReturn,       3736,          0,          0,          0,       3494,       4028,      200,     1500,     2500,     2800,     7771,   104000,

  2301s: (18%)   IR =   2491 [2301.500s][info][gc,start       ] GC(597) Pause Young (Allocation Failure)
[2301.597s][info][gc,heap        ] GC(597) PSYoungGen: 2557280K(2600448K)->146656K(2596352K) Eden: 2412544K(2412544K)->0K(2412544K) From: 144736K(187904K)->146656K(183808K)
[2301.597s][info][gc,heap        ] GC(597) ParOldGen: 4771661K(4771840K)->4873853K(4874240K)
[2301.597s][info][gc,metaspace   ] GC(597) Metaspace: 29081K(29376K)->29081K(29376K) NonClass: 25974K(26112K)->25974K(26112K) Class: 3106K(3264K)->3106K(3264K)
[2301.597s][info][gc             ] GC(597) Pause Young (Allocation Failure) 7157M->4902M(7295M) 96.912ms
[2301.597s][info][gc,cpu         ] GC(597) User=0.53s Sys=0.03s Real=0.10s
......[2308.204s][info][gc,start       ] GC(598) Pause Young (Allocation Failure)
[2308.302s][info][gc,heap        ] GC(598) PSYoungGen: 2559200K(2596352K)->144448K(2608640K) Eden: 2412544K(2412544K)->0K(2427904K) From: 146656K(183808K)->144448K(180736K)
[2308.302s][info][gc,heap        ] GC(598) ParOldGen: 4873853K(4874240K)->4978373K(4978688K)
[2308.302s][info][gc,metaspace   ] GC(598) Metaspace: 29081K(29376K)->29081K(29376K) NonClass: 25974K(26112K)->25974K(26112K) Class: 3106K(3264K)->3106K(3264K)
[2308.302s][info][gc             ] GC(598) Pause Young (Allocation Failure) 7258M->5002M(7409M) 97.810ms
[2308.302s][info][gc,cpu         ] GC(598) User=0.54s Sys=0.03s Real=0.10s
.|.....[2313.944s][info][gc,start       ] GC(599) Pause Full (Diagnostic Command)
[2313.944s][info][gc,phases,start] GC(599) Marking Phase
[2314.248s][info][gc,phases      ] GC(599) Marking Phase 303.320ms
[2314.248s][info][gc,phases,start] GC(599) Summary Phase
[2314.248s][info][gc,phases      ] GC(599) Summary Phase 0.088ms
[2314.248s][info][gc,phases,start] GC(599) Forward
[2314.431s][info][gc,phases      ] GC(599) Forward 183.224ms
[2314.431s][info][gc,phases,start] GC(599) Adjust Pointers
[2314.655s][info][gc,phases      ] GC(599) Adjust Pointers 224.099ms
[2314.655s][info][gc,phases,start] GC(599) Compaction Phase
[2314.849s][info][gc,phases      ] GC(599) Compaction Phase 193.405ms
[2314.851s][info][gc,phases,start] GC(599) Post Compact
[2314.857s][info][gc,phases      ] GC(599) Post Compact 6.186ms
[2314.858s][info][gc,heap        ] GC(599) PSYoungGen: 2186788K(2608640K)->0K(2608640K) Eden: 2042340K(2427904K)->0K(2427904K) From: 144448K(180736K)->0K(180736K)
[2314.858s][info][gc,heap        ] GC(599) ParOldGen: 4978373K(4978688K)->1330481K(4978688K)
[2314.858s][info][gc,metaspace   ] GC(599) Metaspace: 29081K(29376K)->29081K(29376K) NonClass: 25974K(26112K)->25974K(26112K) Class: 3106K(3264K)->3106K(3264K)
[2314.858s][info][gc             ] GC(599) Pause Full (Diagnostic Command) 6997M->1299M(7409M) 913.239ms
[2314.858s][info][gc,cpu         ] GC(599) User=4.80s Sys=0.00s Real=0.91s
......[2320.828s][info][gc,start       ] GC(600) Pause Young (Allocation Failure)
[2320.889s][info][gc,heap        ] GC(600) PSYoungGen: 2427904K(2608640K)->150144K(2605056K) Eden: 2427904K(2427904K)->0K(2427904K) From: 0K(180736K)->150144K(177152K)
[2320.889s][info][gc,heap        ] GC(600) ParOldGen: 1330481K(4978688K)->1330481K(4978688K)
[2320.889s][info][gc,metaspace   ] GC(600) Metaspace: 29081K(29376K)->29081K(29376K) NonClass: 25974K(26112K)->25974K(26112K) Class: 3106K(3264K)->3106K(3264K)
[2320.889s][info][gc             ] GC(600) Pause Young (Allocation Failure) 3670M->1445M(7406M) 61.249ms
[2320.889s][info][gc,cpu         ] GC(600) User=0.36s Sys=0.00s Real=0.06s
.......[2327.556s][info][gc,start       ] GC(601) Pause Young (Allocation Failure)
[2327.647s][info][gc,heap        ] GC(601) PSYoungGen: 2578048K(2605056K)->144480K(2615808K) Eden: 2427904K(2427904K)->0K(2441216K) From: 150144K(177152K)->144480K(174592K)
[2327.647s][info][gc,heap        ] GC(601) ParOldGen: 1330481K(4978688K)->1435417K(4978688K)
[2327.647s][info][gc,metaspace   ] GC(601) Metaspace: 29081K(29376K)->29081K(29376K) NonClass: 25974K(26112K)->25974K(26112K) Class: 3106K(3264K)->3106K(3264K)
[2327.647s][info][gc             ] GC(601) Pause Young (Allocation Failure) 3816M->1542M(7416M) 90.570ms
[2327.647s][info][gc,cpu         ] GC(601) User=0.52s Sys=0.02s Real=0.09s
.......[2334.394s][info][gc,start       ] GC(602) Pause Young (Allocation Failure)
[2334.484s][info][gc,heap        ] GC(602) PSYoungGen: 2585696K(2615808K)->147616K(2614272K) Eden: 2441216K(2441216K)->0K(2441216K) From: 144480K(174592K)->147616K(173056K)
[2334.484s][info][gc,heap        ] GC(602) ParOldGen: 1435417K(4978688K)->1537617K(4978688K)
[2334.484s][info][gc,metaspace   ] GC(602) Metaspace: 29081K(29376K)->29081K(29376K) NonClass: 25974K(26112K)->25974K(26112K) Class: 3106K(3264K)->3106K(3264K)
[2334.484s][info][gc             ] GC(602) Pause Young (Allocation Failure) 3926M->1645M(7415M) 89.393ms
[2334.484s][info][gc,cpu         ] GC(602) User=0.53s Sys=0.00s Real=0.09s
.......[2341.310s][info][gc,start       ] GC(603) Pause Young (Allocation Failure)
[2341.409s][info][gc,heap        ] GC(603) PSYoungGen: 2588832K(2614272K)->154912K(2618880K) Eden: 2441216K(2441216K)->0K(2447360K) From: 147616K(173056K)->154912K(171520K)
[2341.410s][info][gc,heap        ] GC(603) ParOldGen: 1537617K(4978688K)->1641553K(4978688K)
[2341.410s][info][gc,metaspace   ] GC(603) Metaspace: 29081K(29376K)->29081K(29376K) NonClass: 25974K(26112K)->25974K(26112K) Class: 3106K(3264K)->3106K(3264K)
[2341.410s][info][gc             ] GC(603) Pause Young (Allocation Failure) 4029M->1754M(7419M) 99.482ms
[2341.410s][info][gc,cpu         ] GC(603) User=0.57s Sys=0.03s Real=0.10s
.......[2348.138s][info][gc,start       ] GC(604) Pause Young (Allocation Failure)
[2348.230s][info][gc,heap        ] GC(604) PSYoungGen: 2602272K(2618880K)->151908K(2619904K) Eden: 2447360K(2447360K)->0K(2447360K) From: 154912K(171520K)->151908K(172544K)
[2348.230s][info][gc,heap        ] GC(604) ParOldGen: 1641553K(4978688K)->1747545K(4978688K)
[2348.230s][info][gc,metaspace   ] GC(604) Metaspace: 29081K(29376K)->29081K(29376K) NonClass: 25974K(26112K)->25974K(26112K) Class: 3106K(3264K)->3106K(3264K)
[2348.230s][info][gc             ] GC(604) Pause Young (Allocation Failure) 4144M->1854M(7420M) 91.968ms
[2348.230s][info][gc,cpu         ] GC(604) User=0.54s Sys=0.00s Real=0.09s
.......[2355.101s][info][gc,start       ] GC(605) Pause Young (Allocation Failure)
[2355.196s][info][gc,heap        ] GC(605) PSYoungGen: 2599268K(2619904K)->154965K(2622976K) Eden: 2447360K(2447360K)->0K(2450944K) From: 151908K(172544K)->154965K(172032K)
[2355.196s][info][gc,heap        ] GC(605) ParOldGen: 1747545K(4978688K)->1850497K(4978688K)
[2355.196s][info][gc,metaspace   ] GC(605) Metaspace: 29081K(29376K)->29081K(29376K) NonClass: 25974K(26112K)->25974K(26112K) Class: 3106K(3264K)->3106K(3264K)
[2355.196s][info][gc             ] GC(605) Pause Young (Allocation Failure) 4244M->1958M(7423M) 95.175ms
[2355.196s][info][gc,cpu         ] GC(605) User=0.56s Sys=0.00s Real=0.10s
.......[2362.024s][info][gc,start       ] GC(606) Pause Young (Allocation Failure)
[2362.116s][info][gc,heap        ] GC(606) PSYoungGen: 2605909K(2622976K)->147040K(2598400K) Eden: 2450944K(2450944K)->0K(2450944K) From: 154965K(172032K)->147040K(147456K)
[2362.116s][info][gc,heap        ] GC(606) ParOldGen: 1850497K(4978688K)->1956737K(4978688K)
[2362.116s][info][gc,metaspace   ] GC(606) Metaspace: 29085K(29376K)->29085K(29376K) NonClass: 25978K(26112K)->25978K(26112K) Class: 3106K(3264K)->3106K(3264K)
[2362.116s][info][gc             ] GC(606) Pause Young (Allocation Failure) 4351M->2054M(7399M) 91.076ms
[2362.116s][info][gc,cpu         ] GC(606) User=0.54s Sys=0.00s Real=0.09s
......[2368.943s][info][gc,start       ] GC(607) Pause Young (Allocation Failure)
[2369.034s][info][gc,heap        ] GC(607) PSYoungGen: 2597984K(2598400K)->146624K(2623488K) Eden: 2450944K(2450944K)->0K(2453504K) From: 147040K(147456K)->146624K(169984K)
[2369.034s][info][gc,heap        ] GC(607) ParOldGen: 1956737K(4978688K)->2061721K(4978688K)
[2369.034s][info][gc,metaspace   ] GC(607) Metaspace: 29085K(29376K)->29085K(29376K) NonClass: 25978K(26112K)->25978K(26112K) Class: 3106K(3264K)->3106K(3264K)
[2369.034s][info][gc             ] GC(607) Pause Young (Allocation Failure) 4447M->2156M(7424M) 91.008ms
[2369.034s][info][gc,cpu         ] GC(607) User=0.54s Sys=0.00s Real=0.09s
. (rIR:aIR:PR = 2491:2488:2488) (tPR = 37039) [OK] 
  2368s: Performance info:
         Transaction,    Success,    Partial,     Failed,   Receipts, AvgBarcode, 
             Overall,     151062,          0,          0,     143501,      59.48, 
         Response times:
             Request,    Success,    Partial,     Failed,   SkipFail,     Probes,    Samples,      min,      p50,      p90,      p95,      p99,      max, 
       TotalPurchase,     143522,          0,          0,          0,     138817,     157773,      300,     2100,     3300,     3800,    67000,   119000,
     InStorePurchase,      75579,          0,          0,          0,      73185,      83030,      300,     2000,     3200,     3800,    67000,   119000,
      OnlinePurchase,      52824,          0,          0,          0,      51230,      57995,      300,     2300,     3400,     3900,    59000,   119000,
        InstPurchase,      15119,          0,          0,          0,      14402,      16748,      400,     2200,     3400,     3900,    67000,   113000,
          AssocOfCat,        150,          0,          0,          0,        107,        160,    17500,    25000,    30000,    32000,    40510,    46000,
      AssocOfProduct,       1512,          0,          0,          0,       1330,       1672,      400,     2100,     3600,     4100,    56270,    93000,
      BusinessReport,        376,          0,          0,          0,        301,        410,    21000,    32000,    41000,    51900,   215000,  1000000,
          CustBuyBeh,       1505,          0,          0,          0,       1302,       1594,      300,     2400,     3300,     3800,    58000,    97000,
       ProductReturn,       4030,          0,          0,          0,       3684,       4320,      200,     2400,     3400,     3900,    79000,   116000,

  2368s: (19%)   IR =   2629 .....|.[2375.420s][info][gc,start       ] GC(608) Pause Young (Allocation Failure)
[2375.513s][info][gc,heap        ] GC(608) PSYoungGen: 2600128K(2623488K)->153280K(2621440K) Eden: 2453504K(2453504K)->0K(2453504K) From: 146624K(169984K)->153280K(167936K)
[2375.513s][info][gc,heap        ] GC(608) ParOldGen: 2061721K(4978688K)->2166457K(4978688K)
[2375.513s][info][gc,metaspace   ] GC(608) Metaspace: 29085K(29376K)->29085K(29376K) NonClass: 25978K(26112K)->25978K(26112K) Class: 3106K(3264K)->3106K(3264K)
[2375.513s][info][gc             ] GC(608) Pause Young (Allocation Failure) 4552M->2265M(7422M) 93.312ms
[2375.513s][info][gc,cpu         ] GC(608) User=0.55s Sys=0.00s Real=0.10s
......[2381.967s][info][gc,start       ] GC(609) Pause Young (Allocation Failure)
[2382.059s][info][gc,heap        ] GC(609) PSYoungGen: 2606784K(2621440K)->151168K(2627072K) Eden: 2453504K(2453504K)->0K(2459136K) From: 153280K(167936K)->151168K(167936K)
[2382.059s][info][gc,heap        ] GC(609) ParOldGen: 2166457K(4978688K)->2269689K(4978688K)
[2382.059s][info][gc,metaspace   ] GC(609) Metaspace: 29085K(29376K)->29085K(29376K) NonClass: 25978K(26112K)->25978K(26112K) Class: 3106K(3264K)->3106K(3264K)
[2382.059s][info][gc             ] GC(609) Pause Young (Allocation Failure) 4661M->2364M(7427M) 91.629ms
[2382.059s][info][gc,cpu         ] GC(609) User=0.54s Sys=0.00s Real=0.09s
.......[2388.606s][info][gc,start       ] GC(610) Pause Young (Allocation Failure)
[2388.701s][info][gc,heap        ] GC(610) PSYoungGen: 2610304K(2627072K)->157156K(2626560K) Eden: 2459136K(2459136K)->0K(2459136K) From: 151168K(167936K)->157156K(167424K)
[2388.701s][info][gc,heap        ] GC(610) ParOldGen: 2269689K(4978688K)->2374801K(4978688K)
[2388.701s][info][gc,metaspace   ] GC(610) Metaspace: 29085K(29376K)->29085K(29376K) NonClass: 25978K(26112K)->25978K(26112K) Class: 3106K(3264K)->3106K(3264K)
[2388.701s][info][gc             ] GC(610) Pause Young (Allocation Failure) 4765M->2472M(7427M) 94.685ms
[2388.701s][info][gc,cpu         ] GC(610) User=0.56s Sys=0.00s Real=0.09s
......[2395.088s][info][gc,start       ] GC(611) Pause Young (Allocation Failure)
[2395.178s][info][gc,heap        ] GC(611) PSYoungGen: 2616292K(2626560K)->146304K(2627072K) Eden: 2459136K(2459136K)->0K(2459648K) From: 157156K(167424K)->146304K(167424K)
[2395.178s][info][gc,heap        ] GC(611) ParOldGen: 2374801K(4978688K)->2480849K(4978688K)
[2395.178s][info][gc,metaspace   ] GC(611) Metaspace: 29085K(29376K)->29085K(29376K) NonClass: 25978K(26112K)->25978K(26112K) Class: 3106K(3264K)->3106K(3264K)
[2395.178s][info][gc             ] GC(611) Pause Young (Allocation Failure) 4874M->2565M(7427M) 90.457ms
[2395.178s][info][gc,cpu         ] GC(611) User=0.54s Sys=0.00s Real=0.09s
.......[2401.585s][info][gc,start       ] GC(612) Pause Young (Allocation Failure)
[2401.678s][info][gc,heap        ] GC(612) PSYoungGen: 2605952K(2627072K)->147648K(2627072K) Eden: 2459648K(2459648K)->0K(2459648K) From: 146304K(167424K)->147648K(167424K)
[2401.678s][info][gc,heap        ] GC(612) ParOldGen: 2480849K(4978688K)->2585433K(4978688K)
[2401.678s][info][gc,metaspace   ] GC(612) Metaspace: 29085K(29376K)->29085K(29376K) NonClass: 25978K(26112K)->25978K(26112K) Class: 3106K(3264K)->3106K(3264K)
[2401.678s][info][gc             ] GC(612) Pause Young (Allocation Failure) 4967M->2669M(7427M) 93.012ms
[2401.679s][info][gc,cpu         ] GC(612) User=0.55s Sys=0.00s Real=0.09s
.......[2408.206s][info][gc,start       ] GC(613) Pause Young (Allocation Failure)
[2408.297s][info][gc,heap        ] GC(613) PSYoungGen: 2607296K(2627072K)->150304K(2627584K) Eden: 2459648K(2459648K)->0K(2462208K) From: 147648K(167424K)->150304K(165376K)
[2408.297s][info][gc,heap        ] GC(613) ParOldGen: 2585433K(4978688K)->2688473K(4978688K)
[2408.297s][info][gc,metaspace   ] GC(613) Metaspace: 29085K(29376K)->29085K(29376K) NonClass: 25978K(26112K)->25978K(26112K) Class: 3106K(3264K)->3106K(3264K)
[2408.297s][info][gc             ] GC(613) Pause Young (Allocation Failure) 5071M->2772M(7428M) 91.074ms
[2408.297s][info][gc,cpu         ] GC(613) User=0.54s Sys=0.00s Real=0.09s
......[2414.767s][info][gc,start       ] GC(614) Pause Young (Allocation Failure)
[2414.863s][info][gc,heap        ] GC(614) PSYoungGen: 2612512K(2627584K)->155620K(2627072K) Eden: 2462208K(2462208K)->0K(2462208K) From: 150304K(165376K)->155620K(164864K)
[2414.863s][info][gc,heap        ] GC(614) ParOldGen: 2688473K(4978688K)->2793657K(4978688K)
[2414.863s][info][gc,metaspace   ] GC(614) Metaspace: 29085K(29376K)->29085K(29376K) NonClass: 25978K(26112K)->25978K(26112K) Class: 3106K(3264K)->3106K(3264K)
[2414.863s][info][gc             ] GC(614) Pause Young (Allocation Failure) 5176M->2880M(7427M) 95.279ms
[2414.863s][info][gc,cpu         ] GC(614) User=0.56s Sys=0.00s Real=0.10s
.......[2421.410s][info][gc,start       ] GC(615) Pause Young (Allocation Failure)
[2421.503s][info][gc,heap        ] GC(615) PSYoungGen: 2617828K(2627072K)->151168K(2630656K) Eden: 2462208K(2462208K)->0K(2465792K) From: 155620K(164864K)->151168K(164864K)
[2421.503s][info][gc,heap        ] GC(615) ParOldGen: 2793657K(4978688K)->2897225K(4978688K)
[2421.503s][info][gc,metaspace   ] GC(615) Metaspace: 29085K(29376K)->29085K(29376K) NonClass: 25978K(26112K)->25978K(26112K) Class: 3106K(3264K)->3106K(3264K)
[2421.503s][info][gc             ] GC(615) Pause Young (Allocation Failure) 5284M->2976M(7431M) 92.697ms
[2421.503s][info][gc,cpu         ] GC(615) User=0.55s Sys=0.00s Real=0.10s
......[2427.869s][info][gc,start       ] GC(616) Pause Young (Allocation Failure)
[2427.964s][info][gc,heap        ] GC(616) PSYoungGen: 2616960K(2630656K)->148736K(2614784K) Eden: 2465792K(2465792K)->0K(2465792K) From: 151168K(164864K)->148736K(148992K)
[2427.964s][info][gc,heap        ] GC(616) ParOldGen: 2897225K(4978688K)->3003825K(4978688K)
[2427.964s][info][gc,metaspace   ] GC(616) Metaspace: 29085K(29376K)->29085K(29376K) NonClass: 25978K(26112K)->25978K(26112K) Class: 3106K(3264K)->3106K(3264K)
[2427.964s][info][gc             ] GC(616) Pause Young (Allocation Failure) 5384M->3078M(7415M) 94.348ms
[2427.964s][info][gc,cpu         ] GC(616) User=0.55s Sys=0.00s Real=0.10s
....... (rIR:aIR:PR = 2629:2630:2630) (tPR = 39246) [OK] 
  2434s: Performance info:
         Transaction,    Success,    Partial,     Failed,   Receipts, AvgBarcode, 
             Overall,     158140,          0,          0,     150238,      59.47, 
         Response times:
             Request,    Success,    Partial,     Failed,   SkipFail,     Probes,    Samples,      min,      p50,      p90,      p95,      p99,      max, 
       TotalPurchase,     150238,          0,          0,          0,     146904,     160239,      300,     2200,     3500,     3800,     8100,   148000,
     InStorePurchase,      79061,          0,          0,          0,      77475,      84443,      300,     2300,     3500,     3800,     8600,   148000,
      OnlinePurchase,      55364,          0,          0,          0,      54118,      58862,      300,     2200,     3500,     3800,     7600,   148000,
        InstPurchase,      15813,          0,          0,          0,      15311,      16934,      400,     2000,     3500,     3900,     7600,   104000,
          AssocOfCat,        158,          0,          0,          0,        116,        174,    18200,    27000,    31000,    34250,    74750,   161000,
      AssocOfProduct,       1578,          0,          0,          0,       1423,       1734,      600,     2500,     3700,     4100,     6130,   102000,
      BusinessReport,        391,          0,          0,          0,        321,        421,    21000,    32000,    38000,    44000,   127680,   149000,
          CustBuyBeh,       1579,          0,          0,          0,       1403,       1704,      200,     2200,     3000,     3400,     8595,    13400,
       ProductReturn,       4196,          0,          0,          0,       3881,       4445,      200,     1700,     3200,     3600,     5862,   104000,

  2434s: (20%)   IR =   2767 [2434.530s][info][gc,start       ] GC(617) Pause Young (Allocation Failure)
[2434.623s][info][gc,heap        ] GC(617) PSYoungGen: 2614528K(2614784K)->150848K(2630656K) Eden: 2465792K(2465792K)->0K(2467328K) From: 148736K(148992K)->150848K(163328K)
[2434.623s][info][gc,heap        ] GC(617) ParOldGen: 3003825K(4978688K)->3106609K(4978688K)
[2434.623s][info][gc,metaspace   ] GC(617) Metaspace: 29085K(29376K)->29085K(29376K) NonClass: 25978K(26112K)->25978K(26112K) Class: 3106K(3264K)->3106K(3264K)
[2434.623s][info][gc             ] GC(617) Pause Young (Allocation Failure) 5486M->3181M(7431M) 93.040ms
[2434.623s][info][gc,cpu         ] GC(617) User=0.54s Sys=0.01s Real=0.10s
......|[2440.909s][info][gc,start       ] GC(618) Pause Young (Allocation Failure)
[2441.005s][info][gc,heap        ] GC(618) PSYoungGen: 2618176K(2630656K)->154080K(2629632K) Eden: 2467328K(2467328K)->0K(2467328K) From: 150848K(163328K)->154080K(162304K)
[2441.005s][info][gc,heap        ] GC(618) ParOldGen: 3106609K(4978688K)->3211777K(4978688K)
[2441.005s][info][gc,metaspace   ] GC(618) Metaspace: 29085K(29376K)->29085K(29376K) NonClass: 25978K(26112K)->25978K(26112K) Class: 3106K(3264K)->3106K(3264K)
[2441.005s][info][gc             ] GC(618) Pause Young (Allocation Failure) 5590M->3286M(7430M) 95.291ms
[2441.005s][info][gc,cpu         ] GC(618) User=0.56s Sys=0.00s Real=0.10s
......[2447.133s][info][gc,start       ] GC(619) Pause Young (Allocation Failure)
[2447.227s][info][gc,heap        ] GC(619) PSYoungGen: 2621408K(2629632K)->148064K(2632192K) Eden: 2467328K(2467328K)->0K(2470912K) From: 154080K(162304K)->148064K(161280K)
[2447.227s][info][gc,heap        ] GC(619) ParOldGen: 3211777K(4978688K)->3318233K(4978688K)
[2447.227s][info][gc,metaspace   ] GC(619) Metaspace: 29085K(29376K)->29085K(29376K) NonClass: 25978K(26112K)->25978K(26112K) Class: 3106K(3264K)->3106K(3264K)
[2447.227s][info][gc             ] GC(619) Pause Young (Allocation Failure) 5696M->3385M(7432M) 93.691ms
[2447.227s][info][gc,cpu         ] GC(619) User=0.55s Sys=0.00s Real=0.09s
.......[2453.373s][info][gc,start       ] GC(620) Pause Young (Allocation Failure)
[2453.467s][info][gc,heap        ] GC(620) PSYoungGen: 2618976K(2632192K)->149280K(2632704K) Eden: 2470912K(2470912K)->0K(2470912K) From: 148064K(161280K)->149280K(161792K)
[2453.467s][info][gc,heap        ] GC(620) ParOldGen: 3318233K(4978688K)->3423385K(4978688K)
[2453.467s][info][gc,metaspace   ] GC(620) Metaspace: 29085K(29376K)->29085K(29376K) NonClass: 25978K(26112K)->25978K(26112K) Class: 3106K(3264K)->3106K(3264K)
[2453.467s][info][gc             ] GC(620) Pause Young (Allocation Failure) 5798M->3488M(7433M) 93.726ms
[2453.467s][info][gc,cpu         ] GC(620) User=0.55s Sys=0.00s Real=0.09s
......[2459.573s][info][gc,start       ] GC(621) Pause Young (Allocation Failure)
[2459.665s][info][gc,heap        ] GC(621) PSYoungGen: 2620192K(2632704K)->148864K(2632704K) Eden: 2470912K(2470912K)->0K(2473472K) From: 149280K(161792K)->148864K(159232K)
[2459.665s][info][gc,heap        ] GC(621) ParOldGen: 3423385K(4978688K)->3528817K(4978688K)
[2459.665s][info][gc,metaspace   ] GC(621) Metaspace: 29085K(29376K)->29085K(29376K) NonClass: 25978K(26112K)->25978K(26112K) Class: 3106K(3264K)->3106K(3264K)
[2459.665s][info][gc             ] GC(621) Pause Young (Allocation Failure) 5901M->3591M(7433M) 92.007ms
[2459.665s][info][gc,cpu         ] GC(621) User=0.55s Sys=0.00s Real=0.09s
......[2465.909s][info][gc,start       ] GC(622) Pause Young (Allocation Failure)
[2466.004s][info][gc,heap        ] GC(622) PSYoungGen: 2622336K(2632704K)->152768K(2633216K) Eden: 2473472K(2473472K)->0K(2473472K) From: 148864K(159232K)->152768K(159744K)
[2466.004s][info][gc,heap        ] GC(622) ParOldGen: 3528817K(4978688K)->3633169K(4978688K)
[2466.004s][info][gc,metaspace   ] GC(622) Metaspace: 29085K(29376K)->29085K(29376K) NonClass: 25978K(26112K)->25978K(26112K) Class: 3106K(3264K)->3106K(3264K)
[2466.004s][info][gc             ] GC(622) Pause Young (Allocation Failure) 6006M->3697M(7433M) 94.574ms
[2466.004s][info][gc,cpu         ] GC(622) User=0.56s Sys=0.00s Real=0.10s
......[2472.140s][info][gc,start       ] GC(623) Pause Young (Allocation Failure)
[2472.239s][info][gc,heap        ] GC(623) PSYoungGen: 2626240K(2633216K)->151936K(2635776K) Eden: 2473472K(2473472K)->0K(2476032K) From: 152768K(159744K)->151936K(159744K)
[2472.239s][info][gc,heap        ] GC(623) ParOldGen: 3633169K(4978688K)->3739017K(4978688K)
[2472.239s][info][gc,metaspace   ] GC(623) Metaspace: 29085K(29376K)->29085K(29376K) NonClass: 25978K(26112K)->25978K(26112K) Class: 3106K(3264K)->3106K(3264K)
[2472.239s][info][gc             ] GC(623) Pause Young (Allocation Failure) 6112M->3799M(7436M) 98.453ms
[2472.239s][info][gc,cpu         ] GC(623) User=0.57s Sys=0.01s Real=0.10s
.......[2478.427s][info][gc,start       ] GC(624) Pause Young (Allocation Failure)
[2478.521s][info][gc,heap        ] GC(624) PSYoungGen: 2627968K(2635776K)->150208K(2626560K) Eden: 2476032K(2476032K)->0K(2476032K) From: 151936K(159744K)->150208K(150528K)
[2478.521s][info][gc,heap        ] GC(624) ParOldGen: 3739017K(4978688K)->3843641K(4978688K)
[2478.521s][info][gc,metaspace   ] GC(624) Metaspace: 29085K(29376K)->29085K(29376K) NonClass: 25978K(26112K)->25978K(26112K) Class: 3106K(3264K)->3106K(3264K)
[2478.522s][info][gc             ] GC(624) Pause Young (Allocation Failure) 6217M->3900M(7427M) 94.482ms
[2478.522s][info][gc,cpu         ] GC(624) User=0.56s Sys=0.00s Real=0.09s
......[2484.747s][info][gc,start       ] GC(625) Pause Young (Allocation Failure)
[2484.846s][info][gc,heap        ] GC(625) PSYoungGen: 2626240K(2626560K)->157952K(2633216K) Eden: 2476032K(2476032K)->0K(2474496K) From: 150208K(150528K)->157952K(158720K)
[2484.846s][info][gc,heap        ] GC(625) ParOldGen: 3843641K(4978688K)->3948865K(4978688K)
[2484.846s][info][gc,metaspace   ] GC(625) Metaspace: 29085K(29376K)->29085K(29376K) NonClass: 25978K(26112K)->25978K(26112K) Class: 3106K(3264K)->3106K(3264K)
[2484.846s][info][gc             ] GC(625) Pause Young (Allocation Failure) 6318M->4010M(7433M) 99.518ms
[2484.846s][info][gc,cpu         ] GC(625) User=0.58s Sys=0.01s Real=0.10s
......[2490.946s][info][gc,start       ] GC(626) Pause Young (Allocation Failure)
[2491.043s][info][gc,heap        ] GC(626) PSYoungGen: 2632448K(2633216K)->155968K(2630656K) Eden: 2474496K(2474496K)->0K(2474496K) From: 157952K(158720K)->155968K(156160K)
[2491.043s][info][gc,heap        ] GC(626) ParOldGen: 3948865K(4978688K)->4054753K(4978688K)
[2491.043s][info][gc,metaspace   ] GC(626) Metaspace: 29085K(29376K)->29085K(29376K) NonClass: 25978K(26112K)->25978K(26112K) Class: 3106K(3264K)->3106K(3264K)
[2491.043s][info][gc             ] GC(626) Pause Young (Allocation Failure) 6427M->4112M(7431M) 97.477ms
[2491.043s][info][gc,cpu         ] GC(626) User=0.57s Sys=0.01s Real=0.10s
......[2497.097s][info][gc,start       ] GC(627) Pause Young (Allocation Failure)
[2497.194s][info][gc,heap        ] GC(627) PSYoungGen: 2630464K(2630656K)->157072K(2632192K) Eden: 2474496K(2474496K)->0K(2470400K) From: 155968K(156160K)->157072K(161792K)
[2497.194s][info][gc,heap        ] GC(627) ParOldGen: 4054753K(4978688K)->4159561K(4978688K)
[2497.194s][info][gc,metaspace   ] GC(627) Metaspace: 29085K(29376K)->29085K(29376K) NonClass: 25978K(26112K)->25978K(26112K) Class: 3106K(3264K)->3106K(3264K)
[2497.194s][info][gc             ] GC(627) Pause Young (Allocation Failure) 6528M->4215M(7432M) 97.056ms
[2497.194s][info][gc,cpu         ] GC(627) User=0.57s Sys=0.00s Real=0.10s
.... (rIR:aIR:PR = 2767:2767:2767) (tPR = 41079) [OK] 
  2500s: Performance info:
         Transaction,    Success,    Partial,     Failed,   Receipts, AvgBarcode, 
             Overall,     166141,          0,          0,     157839,      59.48, 
         Response times:
             Request,    Success,    Partial,     Failed,   SkipFail,     Probes,    Samples,      min,      p50,      p90,      p95,      p99,      max, 
       TotalPurchase,     157839,          0,          0,          0,     154577,     170841,      300,     2300,     3600,     4000,    11500,   118000,
     InStorePurchase,      83056,          0,          0,          0,      81574,      90041,      300,     2300,     3600,     4000,    11800,   118000,
      OnlinePurchase,      58174,          0,          0,          0,      56920,      62745,      300,     2300,     3600,     4000,    11500,   105000,
        InstPurchase,      16609,          0,          0,          0,      16083,      18055,      400,     2300,     3600,     4000,    11000,   105000,
          AssocOfCat,        165,          0,          0,          0,        119,        166,    17500,    25000,    31000,    33000,    70690,   133000,
      AssocOfProduct,       1663,          0,          0,          0,       1510,       1859,      400,     2700,     3700,     4200,    14240,   105000,
      BusinessReport,        415,          0,          0,          0,        334,        436,    22000,    33000,    40000,    46150,   116200,   152000,
          CustBuyBeh,       1666,          0,          0,          0,       1470,       1773,      200,     2400,     3600,     4000,    19668,   102000,
       ProductReturn,       4395,          0,          0,          0,       4141,       4808,      200,     2600,     3700,     4200,    17000,   104000,

  2500s: (21%)   IR =   2906 ..[2503.180s][info][gc,start       ] GC(628) Pause Young (Allocation Failure)
[2503.273s][info][gc,heap        ] GC(628) PSYoungGen: 2627472K(2632192K)->147584K(2633216K) Eden: 2470400K(2470400K)->0K(2470400K) From: 157072K(161792K)->147584K(162816K)
[2503.273s][info][gc,heap        ] GC(628) ParOldGen: 4159561K(4978688K)->4264305K(4978688K)
[2503.273s][info][gc,metaspace   ] GC(628) Metaspace: 29085K(29376K)->29085K(29376K) NonClass: 25978K(26112K)->25978K(26112K) Class: 3106K(3264K)->3106K(3264K)
[2503.273s][info][gc             ] GC(628) Pause Young (Allocation Failure) 6627M->4308M(7433M) 93.527ms
[2503.273s][info][gc,cpu         ] GC(628) User=0.55s Sys=0.00s Real=0.10s
...|...[2509.220s][info][gc,start       ] GC(629) Pause Young (Allocation Failure)
[2509.313s][info][gc,heap        ] GC(629) PSYoungGen: 2617984K(2633216K)->150144K(2631680K) Eden: 2470400K(2470400K)->0K(2470912K) From: 147584K(162816K)->150144K(160768K)
[2509.313s][info][gc,heap        ] GC(629) ParOldGen: 4264305K(4978688K)->4367953K(4978688K)
[2509.313s][info][gc,metaspace   ] GC(629) Metaspace: 29085K(29376K)->29085K(29376K) NonClass: 25978K(26112K)->25978K(26112K) Class: 3106K(3264K)->3106K(3264K)
[2509.313s][info][gc             ] GC(629) Pause Young (Allocation Failure) 6720M->4412M(7432M) 93.690ms
[2509.313s][info][gc,cpu         ] GC(629) User=0.55s Sys=0.00s Real=0.10s
......[2515.117s][info][gc,start       ] GC(630) Pause Young (Allocation Failure)
[2515.212s][info][gc,heap        ] GC(630) PSYoungGen: 2621056K(2631680K)->146688K(2632704K) Eden: 2470912K(2470912K)->0K(2470912K) From: 150144K(160768K)->146688K(161792K)
[2515.212s][info][gc,heap        ] GC(630) ParOldGen: 4367953K(4978688K)->4475465K(4978688K)
[2515.212s][info][gc,metaspace   ] GC(630) Metaspace: 29085K(29376K)->29085K(29376K) NonClass: 25978K(26112K)->25978K(26112K) Class: 3106K(3264K)->3106K(3264K)
[2515.212s][info][gc             ] GC(630) Pause Young (Allocation Failure) 6825M->4513M(7433M) 94.944ms
[2515.212s][info][gc,cpu         ] GC(630) User=0.56s Sys=0.00s Real=0.10s
......[2521.138s][info][gc,start       ] GC(631) Pause Young (Allocation Failure)
[2521.231s][info][gc,heap        ] GC(631) PSYoungGen: 2617600K(2632704K)->149984K(2632704K) Eden: 2470912K(2470912K)->0K(2472960K) From: 146688K(161792K)->149984K(159744K)
[2521.231s][info][gc,heap        ] GC(631) ParOldGen: 4475465K(4978688K)->4579393K(4978688K)
[2521.231s][info][gc,metaspace   ] GC(631) Metaspace: 29085K(29376K)->29085K(29376K) NonClass: 25978K(26112K)->25978K(26112K) Class: 3106K(3264K)->3106K(3264K)
[2521.231s][info][gc             ] GC(631) Pause Young (Allocation Failure) 6926M->4618M(7433M) 93.386ms
[2521.231s][info][gc,cpu         ] GC(631) User=0.55s Sys=0.00s Real=0.09s
......[2526.958s][info][gc,start       ] GC(632) Pause Young (Allocation Failure)
[2527.052s][info][gc,heap        ] GC(632) PSYoungGen: 2622944K(2632704K)->151520K(2633728K) Eden: 2472960K(2472960K)->0K(2472960K) From: 149984K(159744K)->151520K(160768K)
[2527.052s][info][gc,heap        ] GC(632) ParOldGen: 4579393K(4978688K)->4686201K(4978688K)
[2527.052s][info][gc,metaspace   ] GC(632) Metaspace: 29085K(29376K)->29085K(29376K) NonClass: 25978K(26112K)->25978K(26112K) Class: 3106K(3264K)->3106K(3264K)
[2527.052s][info][gc             ] GC(632) Pause Young (Allocation Failure) 7033M->4724M(7434M) 94.912ms
[2527.052s][info][gc,cpu         ] GC(632) User=0.56s Sys=0.00s Real=0.10s
......[2533.083s][info][gc,start       ] GC(633) Pause Young (Allocation Failure)
[2533.182s][info][gc,heap        ] GC(633) PSYoungGen: 2624480K(2633728K)->157013K(2633216K) Eden: 2472960K(2472960K)->0K(2473472K) From: 151520K(160768K)->157013K(159744K)
[2533.182s][info][gc,heap        ] GC(633) ParOldGen: 4686201K(4978688K)->4788961K(4978688K)
[2533.182s][info][gc,metaspace   ] GC(633) Metaspace: 29085K(29376K)->29085K(29376K) NonClass: 25978K(26112K)->25978K(26112K) Class: 3106K(3264K)->3106K(3264K)
[2533.182s][info][gc             ] GC(633) Pause Young (Allocation Failure) 7139M->4830M(7433M) 98.658ms
[2533.182s][info][gc,cpu         ] GC(633) User=0.58s Sys=0.00s Real=0.10s
......[2538.974s][info][gc,start       ] GC(634) Pause Young (Allocation Failure)
[2539.074s][info][gc,heap        ] GC(634) PSYoungGen: 2630485K(2633216K)->159284K(2633216K) Eden: 2473472K(2473472K)->0K(2473472K) From: 157013K(159744K)->159284K(159744K)
[2539.074s][info][gc,heap        ] GC(634) ParOldGen: 4788961K(4978688K)->4896985K(4978688K)
[2539.074s][info][gc,metaspace   ] GC(634) Metaspace: 29085K(29376K)->29085K(29376K) NonClass: 25978K(26112K)->25978K(26112K) Class: 3106K(3264K)->3106K(3264K)
[2539.074s][info][gc             ] GC(634) Pause Young (Allocation Failure) 7245M->4937M(7433M) 99.385ms
[2539.074s][info][gc,cpu         ] GC(634) User=0.59s Sys=0.00s Real=0.10s
......[2544.858s][info][gc,start       ] GC(635) Pause Young (Allocation Failure)
[2544.953s][info][gc,heap        ] GC(635) PSYoungGen: 2632756K(2633216K)->149536K(2633216K) Eden: 2473472K(2473472K)->0K(2470400K) From: 159284K(159744K)->149536K(162816K)
[2544.953s][info][gc,heap        ] GC(635) ParOldGen: 4896985K(4978688K)->5002649K(5002752K)
[2544.953s][info][gc,metaspace   ] GC(635) Metaspace: 29085K(29376K)->29085K(29376K) NonClass: 25978K(26112K)->25978K(26112K) Class: 3106K(3264K)->3106K(3264K)
[2544.953s][info][gc             ] GC(635) Pause Young (Allocation Failure) 7353M->5031M(7457M) 94.855ms
[2544.953s][info][gc,cpu         ] GC(635) User=0.55s Sys=0.01s Real=0.10s
......[2550.879s][info][gc,start       ] GC(636) Pause Young (Allocation Failure)
[2550.979s][info][gc,heap        ] GC(636) PSYoungGen: 2619936K(2633216K)->153184K(2624000K) Eden: 2470400K(2470400K)->0K(2470400K) From: 149536K(162816K)->153184K(153600K)
[2550.979s][info][gc,heap        ] GC(636) ParOldGen: 5002649K(5002752K)->5105817K(5106176K)
[2550.979s][info][gc,metaspace   ] GC(636) Metaspace: 29085K(29376K)->29085K(29376K) NonClass: 25978K(26112K)->25978K(26112K) Class: 3106K(3264K)->3106K(3264K)
[2550.979s][info][gc             ] GC(636) Pause Young (Allocation Failure) 7443M->5135M(7549M) 99.628ms
[2550.979s][info][gc,cpu         ] GC(636) User=0.54s Sys=0.04s Real=0.10s
......[2556.948s][info][gc,start       ] GC(637) Pause Young (Allocation Failure)
[2557.050s][info][gc,heap        ] GC(637) PSYoungGen: 2623584K(2624000K)->152128K(2632704K) Eden: 2470400K(2470400K)->0K(2470912K) From: 153184K(153600K)->152128K(161792K)
[2557.050s][info][gc,heap        ] GC(637) ParOldGen: 5105817K(5106176K)->5211241K(5211648K)
[2557.050s][info][gc,metaspace   ] GC(637) Metaspace: 29085K(29376K)->29085K(29376K) NonClass: 25978K(26112K)->25978K(26112K) Class: 3106K(3264K)->3106K(3264K)
[2557.050s][info][gc             ] GC(637) Pause Young (Allocation Failure) 7548M->5237M(7660M) 101.469ms
[2557.050s][info][gc,cpu         ] GC(637) User=0.57s Sys=0.03s Real=0.10s
......[2562.796s][info][gc,start       ] GC(638) Pause Young (Allocation Failure)
[2562.895s][info][gc,heap        ] GC(638) PSYoungGen: 2623040K(2632704K)->148736K(2632192K) Eden: 2470912K(2470912K)->0K(2470912K) From: 152128K(161792K)->148736K(161280K)
[2562.895s][info][gc,heap        ] GC(638) ParOldGen: 5211241K(5211648K)->5317721K(5318144K)
[2562.895s][info][gc,metaspace   ] GC(638) Metaspace: 29085K(29376K)->29085K(29376K) NonClass: 25978K(26112K)->25978K(26112K) Class: 3106K(3264K)->3106K(3264K)
[2562.895s][info][gc             ] GC(638) Pause Young (Allocation Failure) 7650M->5338M(7764M) 99.521ms
[2562.895s][info][gc,cpu         ] GC(638) User=0.56s Sys=0.03s Real=0.10s
... (rIR:aIR:PR = 2906:2906:2906) (tPR = 42865) [OK] 
  2565s: Performance info:
         Transaction,    Success,    Partial,     Failed,   Receipts, AvgBarcode, 
             Overall,     174500,          0,          0,     165782,      59.47, 
         Response times:
             Request,    Success,    Partial,     Failed,   SkipFail,     Probes,    Samples,      min,      p50,      p90,      p95,      p99,      max, 
       TotalPurchase,     165780,          0,          0,          0,     161668,     176864,      300,     2400,     3800,     4400,    11900,   113000,
     InStorePurchase,      87237,          0,          0,          0,      85318,      93005,      300,     2200,     3800,     4300,    11400,   113000,
      OnlinePurchase,      61095,          0,          0,          0,      59609,      65302,      300,     2500,     3900,     4400,    11900,   110000,
        InstPurchase,      17448,          0,          0,          0,      16741,      18557,      400,     2700,     4000,     4500,    13842,   109000,
          AssocOfCat,        175,          0,          0,          0,        129,        183,    17400,    26000,    33000,    35800,    64080,   138000,
      AssocOfProduct,       1736,          0,          0,          0,       1582,       1897,      500,     2300,     3900,     4500,    12500,   107000,
      BusinessReport,        436,          0,          0,          0,        364,        498,    22000,    32000,    41000,    47000,    64680,   138000,
          CustBuyBeh,       1746,          0,          0,          0,       1614,       1939,      500,     2900,     4100,     4600,    16460,   102000,
       ProductReturn,       4625,          0,          0,          0,       4371,       4981,      200,     2800,     3900,     4400,    11800,   106000,

  2565s: (22%)   IR =   3044 ...[2568.644s][info][gc,start       ] GC(639) Pause Young (Allocation Failure)
[2568.743s][info][gc,heap        ] GC(639) PSYoungGen: 2619648K(2632192K)->151728K(2633728K) Eden: 2470912K(2470912K)->0K(2473984K) From: 148736K(161280K)->151728K(159744K)
[2568.743s][info][gc,heap        ] GC(639) ParOldGen: 5317721K(5318144K)->5420441K(5420544K)
[2568.743s][info][gc,metaspace   ] GC(639) Metaspace: 29085K(29376K)->29085K(29376K) NonClass: 25978K(26112K)->25978K(26112K) Class: 3106K(3264K)->3106K(3264K)
[2568.743s][info][gc             ] GC(639) Pause Young (Allocation Failure) 7751M->5441M(7865M) 98.675ms
[2568.743s][info][gc,cpu         ] GC(639) User=0.54s Sys=0.04s Real=0.10s
..|...[2574.320s][info][gc,start       ] GC(640) Pause Young (Allocation Failure)
[2574.421s][info][gc,heap        ] GC(640) PSYoungGen: 2625712K(2633728K)->154496K(2633728K) Eden: 2473984K(2473984K)->0K(2473984K) From: 151728K(159744K)->154496K(159744K)
[2574.421s][info][gc,heap        ] GC(640) ParOldGen: 5420441K(5420544K)->5526297K(5526528K)
[2574.421s][info][gc,metaspace   ] GC(640) Metaspace: 29085K(29376K)->29085K(29376K) NonClass: 25978K(26112K)->25978K(26112K) Class: 3106K(3264K)->3106K(3264K)
[2574.421s][info][gc             ] GC(640) Pause Young (Allocation Failure) 7857M->5547M(7969M) 101.235ms
[2574.421s][info][gc,cpu         ] GC(640) User=0.55s Sys=0.04s Real=0.10s
......[2580.044s][info][gc,start       ] GC(641) Pause Full (Allocation Failure)
[2580.044s][info][gc,phases,start] GC(641) Marking Phase
[2580.347s][info][gc,phases      ] GC(641) Marking Phase 303.068ms
[2580.347s][info][gc,phases,start] GC(641) Summary Phase
[2580.348s][info][gc,phases      ] GC(641) Summary Phase 0.106ms
[2580.348s][info][gc,phases,start] GC(641) Forward
[2580.471s][info][gc,phases      ] GC(641) Forward 123.236ms
[2580.471s][info][gc,phases,start] GC(641) Adjust Pointers
[2580.679s][info][gc,phases      ] GC(641) Adjust Pointers 208.142ms
[2580.679s][info][gc,phases,start] GC(641) Compaction Phase
[2580.826s][info][gc,phases      ] GC(641) Compaction Phase 146.635ms
[2580.827s][info][gc,phases,start] GC(641) Post Compact
[2580.834s][info][gc,phases      ] GC(641) Post Compact 6.967ms
[2580.949s][info][gc,heap        ] GC(641) PSYoungGen: 2628480K(2633728K)->0K(2635776K) Eden: 2473984K(2473984K)->0K(2475520K) From: 154496K(159744K)->0K(160256K)
[2580.949s][info][gc,heap        ] GC(641) ParOldGen: 5526297K(5526528K)->1604551K(1834496K)
[2580.949s][info][gc,metaspace   ] GC(641) Metaspace: 29085K(29376K)->29085K(29376K) NonClass: 25978K(26112K)->25978K(26112K) Class: 3106K(3264K)->3106K(3264K)
[2580.949s][info][gc             ] GC(641) Pause Full (Allocation Failure) 7963M->1566M(4365M) 904.618ms
[2580.949s][info][gc,cpu         ] GC(641) User=4.26s Sys=0.12s Real=0.90s
.....[2585.803s][info][gc,start       ] GC(642) Pause Young (Allocation Failure)
[2585.866s][info][gc,heap        ] GC(642) PSYoungGen: 2475520K(2635776K)->156864K(2632704K) Eden: 2475520K(2475520K)->0K(2475520K) From: 0K(160256K)->156864K(157184K)
[2585.866s][info][gc,heap        ] GC(642) ParOldGen: 1604551K(1834496K)->1604551K(1834496K)
[2585.866s][info][gc,metaspace   ] GC(642) Metaspace: 29085K(29376K)->29085K(29376K) NonClass: 25978K(26112K)->25978K(26112K) Class: 3106K(3264K)->3106K(3264K)
[2585.866s][info][gc             ] GC(642) Pause Young (Allocation Failure) 3984M->1720M(4362M) 63.928ms
[2585.866s][info][gc,cpu         ] GC(642) User=0.38s Sys=0.00s Real=0.06s
......[2591.465s][info][gc,start       ] GC(643) Pause Young (Allocation Failure)
[2591.562s][info][gc,heap        ] GC(643) PSYoungGen: 2632384K(2632704K)->159240K(2631680K) Eden: 2475520K(2475520K)->0K(2470400K) From: 156864K(157184K)->159240K(161280K)
[2591.562s][info][gc,heap        ] GC(643) ParOldGen: 1604551K(1834496K)->1715255K(1834496K)
[2591.562s][info][gc,metaspace   ] GC(643) Metaspace: 29085K(29376K)->29085K(29376K) NonClass: 25978K(26112K)->25978K(26112K) Class: 3106K(3264K)->3106K(3264K)
[2591.562s][info][gc             ] GC(643) Pause Young (Allocation Failure) 4137M->1830M(4361M) 97.023ms
[2591.562s][info][gc,cpu         ] GC(643) User=0.58s Sys=0.00s Real=0.10s
......[2597.130s][info][gc,start       ] GC(644) Pause Young (Allocation Failure)
[2597.221s][info][gc,heap        ] GC(644) PSYoungGen: 2629640K(2631680K)->148416K(2633216K) Eden: 2470400K(2470400K)->0K(2470400K) From: 159240K(161280K)->148416K(162816K)
[2597.221s][info][gc,heap        ] GC(644) ParOldGen: 1715255K(1834496K)->1819231K(1834496K)
[2597.221s][info][gc,metaspace   ] GC(644) Metaspace: 29085K(29376K)->29085K(29376K) NonClass: 25978K(26112K)->25978K(26112K) Class: 3106K(3264K)->3106K(3264K)
[2597.221s][info][gc             ] GC(644) Pause Young (Allocation Failure) 4243M->1921M(4363M) 91.869ms
[2597.222s][info][gc,cpu         ] GC(644) User=0.54s Sys=0.00s Real=0.09s
.....[2602.768s][info][gc,start       ] GC(645) Pause Young (Allocation Failure)
[2602.869s][info][gc,heap        ] GC(645) PSYoungGen: 2618816K(2633216K)->160054K(2630144K) Eden: 2470400K(2470400K)->0K(2467328K) From: 148416K(162816K)->160054K(162816K)
[2602.869s][info][gc,heap        ] GC(645) ParOldGen: 1819231K(1834496K)->1925255K(1925632K)
[2602.869s][info][gc,metaspace   ] GC(645) Metaspace: 29085K(29376K)->29085K(29376K) NonClass: 25978K(26112K)->25978K(26112K) Class: 3106K(3264K)->3106K(3264K)
[2602.869s][info][gc             ] GC(645) Pause Young (Allocation Failure) 4334M->2036M(4449M) 101.265ms
[2602.869s][info][gc,cpu         ] GC(645) User=0.57s Sys=0.02s Real=0.10s
......[2608.516s][info][gc,start       ] GC(646) Pause Young (Allocation Failure)
[2608.613s][info][gc,heap        ] GC(646) PSYoungGen: 2627382K(2630144K)->156464K(2631680K) Eden: 2467328K(2467328K)->0K(2467328K) From: 160054K(162816K)->156464K(164352K)
[2608.613s][info][gc,heap        ] GC(646) ParOldGen: 1925255K(1925632K)->2029287K(2029568K)
[2608.613s][info][gc,metaspace   ] GC(646) Metaspace: 29085K(29376K)->29085K(29376K) NonClass: 25978K(26112K)->25978K(26112K) Class: 3106K(3264K)->3106K(3264K)
[2608.613s][info][gc             ] GC(646) Pause Young (Allocation Failure) 4445M->2134M(4552M) 97.220ms
[2608.613s][info][gc,cpu         ] GC(646) User=0.54s Sys=0.04s Real=0.10s
......[2614.198s][info][gc,start       ] GC(647) Pause Young (Allocation Failure)
[2614.295s][info][gc,heap        ] GC(647) PSYoungGen: 2623792K(2631680K)->151764K(2630656K) Eden: 2467328K(2467328K)->0K(2467328K) From: 156464K(164352K)->151764K(163328K)
[2614.295s][info][gc,heap        ] GC(647) ParOldGen: 2029287K(2029568K)->2135759K(2136064K)
[2614.295s][info][gc,metaspace   ] GC(647) Metaspace: 29085K(29376K)->29085K(29376K) NonClass: 25978K(26112K)->25978K(26112K) Class: 3106K(3264K)->3106K(3264K)
[2614.295s][info][gc             ] GC(647) Pause Young (Allocation Failure) 4544M->2233M(4655M) 96.667ms
[2614.295s][info][gc,cpu         ] GC(647) User=0.53s Sys=0.03s Real=0.10s
.[2615.027s][info][gc,start       ] GC(648) Pause Full (Diagnostic Command)
[2615.027s][info][gc,phases,start] GC(648) Marking Phase
[2615.319s][info][gc,phases      ] GC(648) Marking Phase 292.088ms
[2615.319s][info][gc,phases,start] GC(648) Summary Phase
[2615.319s][info][gc,phases      ] GC(648) Summary Phase 0.038ms
[2615.319s][info][gc,phases,start] GC(648) Forward
[2615.487s][info][gc,phases      ] GC(648) Forward 167.781ms
[2615.487s][info][gc,phases,start] GC(648) Adjust Pointers
[2615.696s][info][gc,phases      ] GC(648) Adjust Pointers 209.513ms
[2615.696s][info][gc,phases,start] GC(648) Compaction Phase
[2615.897s][info][gc,phases      ] GC(648) Compaction Phase 200.613ms
[2615.899s][info][gc,phases,start] GC(648) Post Compact
[2615.902s][info][gc,phases      ] GC(648) Post Compact 2.370ms
[2615.902s][info][gc,heap        ] GC(648) PSYoungGen: 535147K(2630656K)->0K(2630656K) Eden: 383382K(2467328K)->0K(2467328K) From: 151764K(163328K)->0K(163328K)
[2615.902s][info][gc,heap        ] GC(648) ParOldGen: 2135759K(2136064K)->1332580K(2136064K)
[2615.902s][info][gc,metaspace   ] GC(648) Metaspace: 29085K(29376K)->29085K(29376K) NonClass: 25978K(26112K)->25978K(26112K) Class: 3106K(3264K)->3106K(3264K)
[2615.902s][info][gc             ] GC(648) Pause Full (Diagnostic Command) 2608M->1301M(4655M) 875.114ms
[2615.902s][info][gc,cpu         ] GC(648) User=4.74s Sys=0.00s Real=0.88s
.....[2620.641s][info][gc,start       ] GC(649) Pause Young (Allocation Failure)
[2620.702s][info][gc,heap        ] GC(649) PSYoungGen: 2467328K(2630656K)->148288K(2631168K) Eden: 2467328K(2467328K)->0K(2467328K) From: 0K(163328K)->148288K(163840K)
[2620.702s][info][gc,heap        ] GC(649) ParOldGen: 1332580K(2136064K)->1332580K(2136064K)
[2620.702s][info][gc,metaspace   ] GC(649) Metaspace: 29085K(29376K)->29085K(29376K) NonClass: 25978K(26112K)->25978K(26112K) Class: 3106K(3264K)->3106K(3264K)
[2620.702s][info][gc             ] GC(649) Pause Young (Allocation Failure) 3710M->1446M(4655M) 60.355ms
[2620.702s][info][gc,cpu         ] GC(649) User=0.36s Sys=0.00s Real=0.07s
......[2626.366s][info][gc,start       ] GC(650) Pause Young (Allocation Failure)
[2626.457s][info][gc,heap        ] GC(650) PSYoungGen: 2615616K(2631168K)->150688K(2630144K) Eden: 2467328K(2467328K)->0K(2468352K) From: 148288K(163840K)->150688K(161792K)
[2626.457s][info][gc,heap        ] GC(650) ParOldGen: 1332580K(2136064K)->1436444K(2136064K)
[2626.457s][info][gc,metaspace   ] GC(650) Metaspace: 29085K(29376K)->29085K(29376K) NonClass: 25978K(26112K)->25978K(26112K) Class: 3106K(3264K)->3106K(3264K)
[2626.457s][info][gc             ] GC(650) Pause Young (Allocation Failure) 3855M->1549M(4654M) 91.101ms
[2626.457s][info][gc,cpu         ] GC(650) User=0.54s Sys=0.00s Real=0.09s
..... (rIR:aIR:PR = 3044:3044:3044) (tPR = 45228) [OK] 
  2630s: Performance info:
         Transaction,    Success,    Partial,     Failed,   Receipts, AvgBarcode, 
             Overall,     184721,          0,          0,     175499,      59.47, 
         Response times:
             Request,    Success,    Partial,     Failed,   SkipFail,     Probes,    Samples,      min,      p50,      p90,      p95,      p99,      max, 
       TotalPurchase,     175494,          0,          0,          0,     168381,     187477,      300,     2500,     4100,     6600,   186000,   920000,
     InStorePurchase,      92409,          0,          0,          0,      88795,      98579,      300,     2600,     4100,     6500,   192000,   910000,
      OnlinePurchase,      64637,          0,          0,          0,      62085,      69095,      300,     2500,     4100,     6300,   186000,   920000,
        InstPurchase,      18448,          0,          0,          0,      17501,      19803,      400,     2300,     4200,    12100,   171000,   910000,
          AssocOfCat,        187,          0,          0,          0,        133,        200,    17800,    27000,    35000,   124350,   230930,   265000,
      AssocOfProduct,       1839,          0,          0,          0,       1626,       1960,      400,     2200,     3600,     5700,   166000,   244000,
      BusinessReport,        463,          0,          0,          0,        348,        467,    21000,    34000,    41000,    49000,   302000,   940000,
          CustBuyBeh,       1845,          0,          0,          0,       1598,       1949,      200,     3200,     4300,     5650,   251500,   306000,
       ProductReturn,       4893,          0,          0,          0,       4487,       5197,      200,     2700,     4000,     5900,   193000,   300000,

  2630s: (23%)   IR =   3183 [2632.001s][info][gc,start       ] GC(651) Pause Young (Allocation Failure)
[2632.094s][info][gc,heap        ] GC(651) PSYoungGen: 2619040K(2630144K)->150486K(2631168K) Eden: 2468352K(2468352K)->0K(2468352K) From: 150688K(161792K)->150486K(162816K)
[2632.094s][info][gc,heap        ] GC(651) ParOldGen: 1436444K(2136064K)->1542428K(2136064K)
[2632.094s][info][gc,metaspace   ] GC(651) Metaspace: 29086K(29376K)->29086K(29376K) NonClass: 25979K(26112K)->25979K(26112K) Class: 3106K(3264K)->3106K(3264K)
[2632.094s][info][gc             ] GC(651) Pause Young (Allocation Failure) 3960M->1653M(4655M) 92.721ms
[2632.094s][info][gc,cpu         ] GC(651) User=0.55s Sys=0.00s Real=0.10s
......[2637.468s][info][gc,start       ] GC(652) Pause Young (Allocation Failure)
[2637.564s][info][gc,heap        ] GC(652) PSYoungGen: 2618838K(2631168K)->157424K(2631680K) Eden: 2468352K(2468352K)->0K(2469376K) From: 150486K(162816K)->157424K(162304K)
[2637.564s][info][gc,heap        ] GC(652) ParOldGen: 1542428K(2136064K)->1646892K(2136064K)
[2637.564s][info][gc,metaspace   ] GC(652) Metaspace: 29086K(29376K)->29086K(29376K) NonClass: 25979K(26112K)->25979K(26112K) Class: 3106K(3264K)->3106K(3264K)
[2637.564s][info][gc             ] GC(652) Pause Young (Allocation Failure) 4063M->1762M(4656M) 96.020ms
[2637.564s][info][gc,cpu         ] GC(652) User=0.56s Sys=0.00s Real=0.10s
.....[2642.910s][info][gc,start       ] GC(653) Pause Young (Allocation Failure)
[2643.006s][info][gc,heap        ] GC(653) PSYoungGen: 2626800K(2631680K)->158837K(2628608K) Eden: 2469376K(2469376K)->0K(2469376K) From: 157424K(162304K)->158837K(159232K)
[2643.006s][info][gc,heap        ] GC(653) ParOldGen: 1646892K(2136064K)->1752876K(2136064K)
[2643.006s][info][gc,metaspace   ] GC(653) Metaspace: 29086K(29376K)->29086K(29376K) NonClass: 25979K(26112K)->25979K(26112K) Class: 3106K(3264K)->3106K(3264K)
[2643.006s][info][gc             ] GC(653) Pause Young (Allocation Failure) 4173M->1866M(4653M) 96.221ms
[2643.006s][info][gc,cpu         ] GC(653) User=0.57s Sys=0.00s Real=0.10s
.|.....[2648.282s][info][gc,start       ] GC(654) Pause Young (Allocation Failure)
[2648.376s][info][gc,heap        ] GC(654) PSYoungGen: 2628213K(2628608K)->153200K(2632704K) Eden: 2469376K(2469376K)->0K(2468352K) From: 158837K(159232K)->153200K(164352K)
[2648.376s][info][gc,heap        ] GC(654) ParOldGen: 1752876K(2136064K)->1858012K(2136064K)
[2648.376s][info][gc,metaspace   ] GC(654) Metaspace: 29086K(29376K)->29086K(29376K) NonClass: 25979K(26112K)->25979K(26112K) Class: 3106K(3264K)->3106K(3264K)
[2648.376s][info][gc             ] GC(654) Pause Young (Allocation Failure) 4278M->1964M(4657M) 93.980ms
[2648.376s][info][gc,cpu         ] GC(654) User=0.56s Sys=0.00s Real=0.09s
.....[2653.758s][info][gc,start       ] GC(655) Pause Young (Allocation Failure)
[2653.852s][info][gc,heap        ] GC(655) PSYoungGen: 2621552K(2632704K)->156848K(2631680K) Eden: 2468352K(2468352K)->0K(2468352K) From: 153200K(164352K)->156848K(163328K)
[2653.852s][info][gc,heap        ] GC(655) ParOldGen: 1858012K(2136064K)->1962468K(2136064K)
[2653.852s][info][gc,metaspace   ] GC(655) Metaspace: 29086K(29376K)->29086K(29376K) NonClass: 25979K(26112K)->25979K(26112K) Class: 3106K(3264K)->3106K(3264K)
[2653.852s][info][gc             ] GC(655) Pause Young (Allocation Failure) 4374M->2069M(4656M) 94.064ms
[2653.852s][info][gc,cpu         ] GC(655) User=0.57s Sys=0.00s Real=0.10s
......[2659.295s][info][gc,start       ] GC(656) Pause Young (Allocation Failure)
[2659.386s][info][gc,heap        ] GC(656) PSYoungGen: 2625200K(2631680K)->152160K(2631168K) Eden: 2468352K(2468352K)->0K(2468864K) From: 156848K(163328K)->152160K(162304K)
[2659.386s][info][gc,heap        ] GC(656) ParOldGen: 1962468K(2136064K)->2067548K(2136064K)
[2659.387s][info][gc,metaspace   ] GC(656) Metaspace: 29086K(29376K)->29086K(29376K) NonClass: 25979K(26112K)->25979K(26112K) Class: 3106K(3264K)->3106K(3264K)
[2659.387s][info][gc             ] GC(656) Pause Young (Allocation Failure) 4480M->2167M(4655M) 91.645ms
[2659.387s][info][gc,cpu         ] GC(656) User=0.54s Sys=0.00s Real=0.09s
.....[2664.591s][info][gc,start       ] GC(657) Pause Young (Allocation Failure)
[2664.684s][info][gc,heap        ] GC(657) PSYoungGen: 2621024K(2631168K)->147584K(2631680K) Eden: 2468864K(2468864K)->0K(2468864K) From: 152160K(162304K)->147584K(162816K)
[2664.684s][info][gc,heap        ] GC(657) ParOldGen: 2067548K(2136064K)->2175828K(2176000K)
[2664.684s][info][gc,metaspace   ] GC(657) Metaspace: 29086K(29376K)->29086K(29376K) NonClass: 25979K(26112K)->25979K(26112K) Class: 3106K(3264K)->3106K(3264K)
[2664.684s][info][gc             ] GC(657) Pause Young (Allocation Failure) 4578M->2268M(4695M) 93.463ms
[2664.684s][info][gc,cpu         ] GC(657) User=0.54s Sys=0.02s Real=0.10s
.....[2670.108s][info][gc,start       ] GC(658) Pause Young (Allocation Failure)
[2670.203s][info][gc,heap        ] GC(658) PSYoungGen: 2616448K(2631680K)->149312K(2632704K) Eden: 2468864K(2468864K)->0K(2469888K) From: 147584K(162816K)->149312K(162816K)
[2670.203s][info][gc,heap        ] GC(658) ParOldGen: 2175828K(2176000K)->2278716K(2278912K)
[2670.203s][info][gc,metaspace   ] GC(658) Metaspace: 29086K(29376K)->29086K(29376K) NonClass: 25979K(26112K)->25979K(26112K) Class: 3106K(3264K)->3106K(3264K)
[2670.203s][info][gc             ] GC(658) Pause Young (Allocation Failure) 4679M->2371M(4796M) 95.516ms
[2670.203s][info][gc,cpu         ] GC(658) User=0.53s Sys=0.03s Real=0.10s
......[2675.526s][info][gc,start       ] GC(659) Pause Young (Allocation Failure)
[2675.622s][info][gc,heap        ] GC(659) PSYoungGen: 2619200K(2632704K)->148704K(2632704K) Eden: 2469888K(2469888K)->0K(2469888K) From: 149312K(162816K)->148704K(162816K)
[2675.622s][info][gc,heap        ] GC(659) ParOldGen: 2278716K(2278912K)->2385564K(2385920K)
[2675.622s][info][gc,metaspace   ] GC(659) Metaspace: 29086K(29376K)->29086K(29376K) NonClass: 25979K(26112K)->25979K(26112K) Class: 3106K(3264K)->3106K(3264K)
[2675.622s][info][gc             ] GC(659) Pause Young (Allocation Failure) 4783M->2474M(4901M) 95.495ms
[2675.622s][info][gc,cpu         ] GC(659) User=0.53s Sys=0.04s Real=0.10s
.....[2680.927s][info][gc,start       ] GC(660) Pause Young (Allocation Failure)
[2681.022s][info][gc,heap        ] GC(660) PSYoungGen: 2618592K(2632704K)->151744K(2632704K) Eden: 2469888K(2469888K)->0K(2470912K) From: 148704K(162816K)->151744K(161792K)
[2681.022s][info][gc,heap        ] GC(660) ParOldGen: 2385564K(2385920K)->2489836K(2489856K)
[2681.022s][info][gc,metaspace   ] GC(660) Metaspace: 29086K(29376K)->29086K(29376K) NonClass: 25979K(26112K)->25979K(26112K) Class: 3106K(3264K)->3106K(3264K)
[2681.022s][info][gc             ] GC(660) Pause Young (Allocation Failure) 4886M->2579M(5002M) 95.257ms
[2681.022s][info][gc,cpu         ] GC(660) User=0.53s Sys=0.03s Real=0.10s
......[2686.392s][info][gc,start       ] GC(661) Pause Young (Allocation Failure)
[2686.490s][info][gc,heap        ] GC(661) PSYoungGen: 2622656K(2632704K)->156608K(2632704K) Eden: 2470912K(2470912K)->0K(2470912K) From: 151744K(161792K)->156608K(161792K)
[2686.490s][info][gc,heap        ] GC(661) ParOldGen: 2489836K(2489856K)->2595284K(2595328K)
[2686.490s][info][gc,metaspace   ] GC(661) Metaspace: 29086K(29376K)->29086K(29376K) NonClass: 25979K(26112K)->25979K(26112K) Class: 3106K(3264K)->3106K(3264K)
[2686.490s][info][gc             ] GC(661) Pause Young (Allocation Failure) 4992M->2687M(5105M) 98.326ms
[2686.490s][info][gc,cpu         ] GC(661) User=0.54s Sys=0.04s Real=0.09s
.....[2691.811s][info][gc,start       ] GC(662) Pause Young (Allocation Failure)
[2691.907s][info][gc,heap        ] GC(662) PSYoungGen: 2627520K(2632704K)->151424K(2633728K) Eden: 2470911K(2470912K)->0K(2471936K) From: 156608K(161792K)->151424K(161792K)
[2691.907s][info][gc,heap        ] GC(662) ParOldGen: 2595284K(2595328K)->2700988K(2701312K)
[2691.907s][info][gc,metaspace   ] GC(662) Metaspace: 29086K(29376K)->29086K(29376K) NonClass: 25979K(26112K)->25979K(26112K) Class: 3106K(3264K)->3106K(3264K)
[2691.907s][info][gc             ] GC(662) Pause Young (Allocation Failure) 5100M->2785M(5210M) 95.315ms
[2691.907s][info][gc,cpu         ] GC(662) User=0.52s Sys=0.04s Real=0.10s
......[2697.350s][info][gc,start       ] GC(663) Pause Young (Allocation Failure)
[2697.446s][info][gc,heap        ] GC(663) PSYoungGen: 2623360K(2633728K)->151808K(2624000K) Eden: 2471936K(2471936K)->0K(2471936K) From: 151424K(161792K)->151808K(152064K)
[2697.446s][info][gc,heap        ] GC(663) ParOldGen: 2700988K(2701312K)->2805460K(2805760K)
[2697.446s][info][gc,metaspace   ] GC(663) Metaspace: 29086K(29376K)->29086K(29376K) NonClass: 25979K(26112K)->25979K(26112K) Class: 3106K(3264K)->3106K(3264K)
[2697.446s][info][gc             ] GC(663) Pause Young (Allocation Failure) 5199M->2887M(5302M) 96.305ms
[2697.446s][info][gc,cpu         ] GC(663) User=0.55s Sys=0.03s Real=0.10s
.....[2702.647s][info][gc,start       ] GC(664) Pause Young (Allocation Failure)
[2702.744s][info][gc,heap        ] GC(664) PSYoungGen: 2623744K(2624000K)->148340K(2633216K) Eden: 2471936K(2471936K)->0K(2472448K) From: 151808K(152064K)->148340K(160768K)
[2702.744s][info][gc,heap        ] GC(664) ParOldGen: 2805460K(2805760K)->2912380K(2912768K)
[2702.744s][info][gc,metaspace   ] GC(664) Metaspace: 29086K(29376K)->29086K(29376K) NonClass: 25979K(26112K)->25979K(26112K) Class: 3106K(3264K)->3106K(3264K)
[2702.744s][info][gc             ] GC(664) Pause Young (Allocation Failure) 5301M->2988M(5416M) 96.573ms
[2702.744s][info][gc,cpu         ] GC(664) User=0.55s Sys=0.03s Real=0.10s
. (rIR:aIR:PR = 3183:3185:3185) (tPR = 47220) [OK] 
  2703s: Performance info:
         Transaction,    Success,    Partial,     Failed,   Receipts, AvgBarcode, 
             Overall,     191466,          0,          0,     181889,      59.47, 
         Response times:
             Request,    Success,    Partial,     Failed,   SkipFail,     Probes,    Samples,      min,      p50,      p90,      p95,      p99,      max, 
       TotalPurchase,     181889,          0,          0,          0,     178415,     215607,      300,     2500,     4000,     4600,    16000,   124000,
     InStorePurchase,      95705,          0,          0,          0,      94181,     113534,      300,     2500,     4000,     4600,    16600,   124000,
      OnlinePurchase,      66978,          0,          0,          0,      65713,      79527,      300,     2500,     4000,     4600,    15400,   124000,
        InstPurchase,      19206,          0,          0,          0,      18521,      22546,      400,     2600,     4100,     4700,    15400,   114000,
          AssocOfCat,        194,          0,          0,          0,        142,        227,    17500,    25000,    32200,    36000,   124720,   136000,
      AssocOfProduct,       1910,          0,          0,          0,       1713,       2262,      300,     3600,     4700,     5400,    18100,   101000,
      BusinessReport,        484,          0,          0,          0,        395,        570,    23000,    33000,    40000,    48000,   135450,   163000,
          CustBuyBeh,       1914,          0,          0,          0,       1713,       2230,      500,     2300,     3800,     4300,    14800,    98000,
       ProductReturn,       5075,          0,          0,          0,       4780,       6030,      200,     1400,     3600,     4100,     8407,   103000,

  2703s: (24%)   IR =   3321 ....[2707.912s][info][gc,start       ] GC(665) Pause Young (Allocation Failure)
[2708.015s][info][gc,heap        ] GC(665) PSYoungGen: 2620788K(2633216K)->160736K(2633216K) Eden: 2472448K(2472448K)->0K(2472448K) From: 148340K(160768K)->160736K(160768K)
[2708.015s][info][gc,heap        ] GC(665) ParOldGen: 2912380K(2912768K)->3018900K(3019264K)
[2708.015s][info][gc,metaspace   ] GC(665) Metaspace: 29088K(29376K)->29088K(29376K) NonClass: 25981K(26112K)->25981K(26112K) Class: 3106K(3264K)->3106K(3264K)
[2708.015s][info][gc             ] GC(665) Pause Young (Allocation Failure) 5403M->3105M(5520M) 102.909ms
[2708.015s][info][gc,cpu         ] GC(665) User=0.56s Sys=0.04s Real=0.10s
..|...[2713.130s][info][gc,start       ] GC(666) Pause Young (Allocation Failure)
[2713.225s][info][gc,heap        ] GC(666) PSYoungGen: 2633184K(2633216K)->153392K(2558464K) Eden: 2472448K(2472448K)->0K(2395648K) From: 160736K(160768K)->153392K(162816K)
[2713.225s][info][gc,heap        ] GC(666) ParOldGen: 3018900K(3019264K)->3121268K(3121664K)
[2713.225s][info][gc,metaspace   ] GC(666) Metaspace: 29088K(29376K)->29088K(29376K) NonClass: 25981K(26112K)->25981K(26112K) Class: 3106K(3264K)->3106K(3264K)
[2713.225s][info][gc             ] GC(666) Pause Young (Allocation Failure) 5519M->3197M(5547M) 95.329ms
[2713.226s][info][gc,cpu         ] GC(666) User=0.54s Sys=0.04s Real=0.10s
.....[2718.097s][info][gc,start       ] GC(667) Pause Young (Allocation Failure)
[2718.196s][info][gc,heap        ] GC(667) PSYoungGen: 2549040K(2558464K)->152996K(2595840K) Eden: 2395648K(2395648K)->0K(2395648K) From: 153392K(162816K)->152996K(200192K)
[2718.196s][info][gc,heap        ] GC(667) ParOldGen: 3121268K(3121664K)->3228100K(3228160K)
[2718.196s][info][gc,metaspace   ] GC(667) Metaspace: 29090K(29376K)->29090K(29376K) NonClass: 25983K(26112K)->25983K(26112K) Class: 3106K(3264K)->3106K(3264K)
[2718.196s][info][gc             ] GC(667) Pause Young (Allocation Failure) 5537M->3301M(5687M) 98.899ms
[2718.196s][info][gc,cpu         ] GC(667) User=0.54s Sys=0.04s Real=0.10s
......[2723.280s][info][gc,start       ] GC(668) Pause Young (Allocation Failure)
[2723.373s][info][gc,heap        ] GC(668) PSYoungGen: 2548644K(2595840K)->148096K(2591744K) Eden: 2395648K(2395648K)->0K(2397696K) From: 152996K(200192K)->148096K(194048K)
[2723.373s][info][gc,heap        ] GC(668) ParOldGen: 3228100K(3228160K)->3329076K(3329536K)
[2723.373s][info][gc,metaspace   ] GC(668) Metaspace: 29090K(29376K)->29090K(29376K) NonClass: 25983K(26112K)->25983K(26112K) Class: 3106K(3264K)->3106K(3264K)
[2723.373s][info][gc             ] GC(668) Pause Young (Allocation Failure) 5641M->3395M(5782M) 92.503ms
[2723.373s][info][gc,cpu         ] GC(668) User=0.52s Sys=0.02s Real=0.10s
.....[2728.358s][info][gc,start       ] GC(669) Pause Young (Allocation Failure)
[2728.452s][info][gc,heap        ] GC(669) PSYoungGen: 2545792K(2591744K)->146848K(2594816K) Eden: 2397696K(2397696K)->0K(2397696K) From: 148096K(194048K)->146848K(197120K)
[2728.452s][info][gc,heap        ] GC(669) ParOldGen: 3329076K(3329536K)->3433996K(3434496K)
[2728.452s][info][gc,metaspace   ] GC(669) Metaspace: 29090K(29376K)->29090K(29376K) NonClass: 25983K(26112K)->25983K(26112K) Class: 3106K(3264K)->3106K(3264K)
[2728.452s][info][gc             ] GC(669) Pause Young (Allocation Failure) 5737M->3496M(5888M) 94.212ms
[2728.452s][info][gc,cpu         ] GC(669) User=0.52s Sys=0.04s Real=0.10s
.....[2733.432s][info][gc,start       ] GC(670) Pause Young (Allocation Failure)
[2733.528s][info][gc,heap        ] GC(670) PSYoungGen: 2544544K(2594816K)->147412K(2594304K) Eden: 2397696K(2397696K)->0K(2403328K) From: 146848K(197120K)->147412K(190976K)
[2733.528s][info][gc,heap        ] GC(670) ParOldGen: 3433996K(3434496K)->3537916K(3537920K)
[2733.528s][info][gc,metaspace   ] GC(670) Metaspace: 29090K(29376K)->29090K(29376K) NonClass: 25983K(26112K)->25983K(26112K) Class: 3106K(3264K)->3106K(3264K)
[2733.528s][info][gc             ] GC(670) Pause Young (Allocation Failure) 5838M->3598M(5988M) 95.997ms
[2733.528s][info][gc,cpu         ] GC(670) User=0.53s Sys=0.03s Real=0.09s
.....[2738.412s][info][gc,start       ] GC(671) Pause Young (Allocation Failure)
[2738.507s][info][gc,heap        ] GC(671) PSYoungGen: 2550740K(2594304K)->147552K(2597376K) Eden: 2403328K(2403328K)->0K(2403328K) From: 147412K(190976K)->147552K(194048K)
[2738.507s][info][gc,heap        ] GC(671) ParOldGen: 3537916K(3537920K)->3640876K(3641344K)
[2738.507s][info][gc,metaspace   ] GC(671) Metaspace: 29091K(29376K)->29091K(29376K) NonClass: 25984K(26112K)->25984K(26112K) Class: 3106K(3264K)->3106K(3264K)
[2738.507s][info][gc             ] GC(671) Pause Young (Allocation Failure) 5945M->3699M(6092M) 94.595ms
[2738.507s][info][gc,cpu         ] GC(671) User=0.52s Sys=0.03s Real=0.09s
.....[2743.541s][info][gc,start       ] GC(672) Pause Young (Allocation Failure)
[2743.642s][info][gc,heap        ] GC(672) PSYoungGen: 2550880K(2597376K)->150784K(2595840K) Eden: 2403328K(2403328K)->0K(2409984K) From: 147552K(194048K)->150784K(185856K)
[2743.642s][info][gc,heap        ] GC(672) ParOldGen: 3640876K(3641344K)->3743692K(3743744K)
[2743.642s][info][gc,metaspace   ] GC(672) Metaspace: 29091K(29376K)->29091K(29376K) NonClass: 25984K(26112K)->25984K(26112K) Class: 3106K(3264K)->3106K(3264K)
[2743.642s][info][gc             ] GC(672) Pause Young (Allocation Failure) 6046M->3803M(6191M) 101.096ms
[2743.642s][info][gc,cpu         ] GC(672) User=0.57s Sys=0.03s Real=0.11s
.....[2748.608s][info][gc,start       ] GC(673) Pause Young (Allocation Failure)
[2748.710s][info][gc,heap        ] GC(673) PSYoungGen: 2560768K(2595840K)->146592K(2599424K) Eden: 2409984K(2409984K)->0K(2409984K) From: 150784K(185856K)->146592K(189440K)
[2748.710s][info][gc,heap        ] GC(673) ParOldGen: 3743692K(3743744K)->3848500K(3848704K)
[2748.710s][info][gc,metaspace   ] GC(673) Metaspace: 29091K(29376K)->29091K(29376K) NonClass: 25984K(26112K)->25984K(26112K) Class: 3106K(3264K)->3106K(3264K)
[2748.710s][info][gc             ] GC(673) Pause Young (Allocation Failure) 6156M->3901M(6297M) 102.024ms
[2748.711s][info][gc,cpu         ] GC(673) User=0.57s Sys=0.03s Real=0.10s
.....[2753.656s][info][gc,start       ] GC(674) Pause Young (Allocation Failure)
[2753.752s][info][gc,heap        ] GC(674) PSYoungGen: 2556576K(2599424K)->146432K(2601984K) Eden: 2409984K(2409984K)->0K(2418688K) From: 146592K(189440K)->146432K(183296K)
[2753.752s][info][gc,heap        ] GC(674) ParOldGen: 3848500K(3848704K)->3951940K(3952128K)
[2753.752s][info][gc,metaspace   ] GC(674) Metaspace: 29091K(29376K)->29091K(29376K) NonClass: 25984K(26112K)->25984K(26112K) Class: 3106K(3264K)->3106K(3264K)
[2753.752s][info][gc             ] GC(674) Pause Young (Allocation Failure) 6254M->4002M(6400M) 95.376ms
[2753.752s][info][gc,cpu         ] GC(674) User=0.53s Sys=0.03s Real=0.10s
.....[2758.706s][info][gc,start       ] GC(675) Pause Young (Allocation Failure)
[2758.804s][info][gc,heap        ] GC(675) PSYoungGen: 2565120K(2601984K)->153376K(2605056K) Eden: 2418688K(2418688K)->0K(2418688K) From: 146432K(183296K)->153376K(186368K)
[2758.804s][info][gc,heap        ] GC(675) ParOldGen: 3951940K(3952128K)->4054868K(4055040K)
[2758.804s][info][gc,metaspace   ] GC(675) Metaspace: 29091K(29376K)->29091K(29376K) NonClass: 25984K(26112K)->25984K(26112K) Class: 3106K(3264K)->3106K(3264K)
[2758.804s][info][gc             ] GC(675) Pause Young (Allocation Failure) 6364M->4109M(6504M) 98.258ms
[2758.804s][info][gc,cpu         ] GC(675) User=0.55s Sys=0.03s Real=0.10s
.....[2763.845s][info][gc,start       ] GC(676) Pause Young (Allocation Failure)
[2763.944s][info][gc,heap        ] GC(676) PSYoungGen: 2572064K(2605056K)->151362K(2604544K) Eden: 2418688K(2418688K)->0K(2426368K) From: 153376K(186368K)->151362K(178176K)
[2763.944s][info][gc,heap        ] GC(676) ParOldGen: 4054868K(4055040K)->4159068K(4159488K)
[2763.944s][info][gc,metaspace   ] GC(676) Metaspace: 29091K(29376K)->29091K(29376K) NonClass: 25984K(26112K)->25984K(26112K) Class: 3106K(3264K)->3106K(3264K)
[2763.944s][info][gc             ] GC(676) Pause Young (Allocation Failure) 6471M->4209M(6605M) 98.895ms
[2763.944s][info][gc,cpu         ] GC(676) User=0.55s Sys=0.03s Real=0.10s
.....[2768.926s][info][gc,start       ] GC(677) Pause Young (Allocation Failure)
[2769.024s][info][gc,heap        ] GC(677) PSYoungGen: 2577730K(2604544K)->149856K(2607104K) Eden: 2426368K(2426368K)->0K(2426368K) From: 151362K(178176K)->149856K(180736K)
[2769.024s][info][gc,heap        ] GC(677) ParOldGen: 4159068K(4159488K)->4262972K(4263424K)
[2769.024s][info][gc,metaspace   ] GC(677) Metaspace: 29091K(29376K)->29091K(29376K) NonClass: 25984K(26112K)->25984K(26112K) Class: 3106K(3264K)->3106K(3264K)
[2769.024s][info][gc             ] GC(677) Pause Young (Allocation Failure) 6578M->4309M(6709M) 98.481ms
[2769.024s][info][gc,cpu         ] GC(677) User=0.54s Sys=0.04s Real=0.10s
. (rIR:aIR:PR = 3321:3322:3322) (tPR = 49234) [OK] 
  2769s: Performance info:
         Transaction,    Success,    Partial,     Failed,   Receipts, AvgBarcode, 
             Overall,     199441,          0,          0,     189472,      59.47, 
         Response times:
             Request,    Success,    Partial,     Failed,   SkipFail,     Probes,    Samples,      min,      p50,      p90,      p95,      p99,      max, 
       TotalPurchase,     189472,          0,          0,          0,     186222,     205209,      300,     2700,     4200,     4900,    16400,   133000,
     InStorePurchase,      99730,          0,          0,          0,      98388,     108059,      300,     2600,     4200,     4900,    16300,   119000,
      OnlinePurchase,      69795,          0,          0,          0,      68488,      75660,      300,     2600,     4300,     4900,    15600,   133000,
        InstPurchase,      19947,          0,          0,          0,      19346,      21490,      400,     2900,     4300,     5000,    17700,   107000,
          AssocOfCat,        200,          0,          0,          0,        142,        219,    18400,    27000,    38000,    45000,   127000,   135000,
      AssocOfProduct,       1984,          0,          0,          0,       1800,       2120,      400,     1800,     4100,     4600,    12395,   106000,
      BusinessReport,        501,          0,          0,          0,        410,        529,    23000,    33000,    46000,    51000,   134200,   147000,
          CustBuyBeh,       2001,          0,          0,          0,       1858,       2212,      100,      900,     2500,     3000,     6587,   107000,
       ProductReturn,       5283,          0,          0,          0,       4949,       5647,      200,     2800,     4200,     4800,    17108,   118000,

  2769s: (25%)   IR =   3459 ....[2773.928s][info][gc,start       ] GC(678) Pause Young (Allocation Failure)
[2774.025s][info][gc,heap        ] GC(678) PSYoungGen: 2576224K(2607104K)->152544K(2610688K) Eden: 2426368K(2426368K)->0K(2436608K) From: 149856K(180736K)->152544K(174080K)
[2774.025s][info][gc,heap        ] GC(678) ParOldGen: 4262972K(4263424K)->4366796K(4366848K)
[2774.025s][info][gc,metaspace   ] GC(678) Metaspace: 29091K(29376K)->29091K(29376K) NonClass: 25984K(26112K)->25984K(26112K) Class: 3106K(3264K)->3106K(3264K)
[2774.025s][info][gc             ] GC(678) Pause Young (Allocation Failure) 6678M->4413M(6814M) 96.908ms
[2774.025s][info][gc,cpu         ] GC(678) User=0.55s Sys=0.02s Real=0.10s
.|....[2778.787s][info][gc,start       ] GC(679) Pause Young (Allocation Failure)
[2778.887s][info][gc,heap        ] GC(679) PSYoungGen: 2589152K(2610688K)->154629K(2613248K) Eden: 2436608K(2436608K)->0K(2436608K) From: 152544K(174080K)->154629K(176640K)
[2778.888s][info][gc,heap        ] GC(679) ParOldGen: 4366796K(4366848K)->4473956K(4474368K)
[2778.888s][info][gc,metaspace   ] GC(679) Metaspace: 29091K(29376K)->29091K(29376K) NonClass: 25984K(26112K)->25984K(26112K) Class: 3106K(3264K)->3106K(3264K)
[2778.888s][info][gc             ] GC(679) Pause Young (Allocation Failure) 6792M->4520M(6921M) 100.166ms
[2778.888s][info][gc,cpu         ] GC(679) User=0.57s Sys=0.03s Real=0.10s
.....[2783.714s][info][gc,start       ] GC(680) Pause Young (Allocation Failure)
[2783.817s][info][gc,heap        ] GC(680) PSYoungGen: 2591237K(2613248K)->159161K(2618880K) Eden: 2436608K(2436608K)->0K(2444800K) From: 154629K(176640K)->159161K(174080K)
[2783.817s][info][gc,heap        ] GC(680) ParOldGen: 4473956K(4474368K)->4577388K(4577792K)
[2783.817s][info][gc,metaspace   ] GC(680) Metaspace: 29091K(29376K)->29091K(29376K) NonClass: 25984K(26112K)->25984K(26112K) Class: 3106K(3264K)->3106K(3264K)
[2783.817s][info][gc             ] GC(680) Pause Young (Allocation Failure) 6899M->4625M(7028M) 102.325ms
[2783.817s][info][gc,cpu         ] GC(680) User=0.57s Sys=0.03s Real=0.10s
.....[2788.753s][info][gc,start       ] GC(681) Pause Young (Allocation Failure)
[2788.855s][info][gc,heap        ] GC(681) PSYoungGen: 2603961K(2618880K)->157696K(2619392K) Eden: 2444800K(2444800K)->0K(2444800K) From: 159161K(174080K)->157696K(174592K)
[2788.855s][info][gc,heap        ] GC(681) ParOldGen: 4577388K(4577792K)->4681036K(4681216K)
[2788.855s][info][gc,metaspace   ] GC(681) Metaspace: 29091K(29376K)->29091K(29376K) NonClass: 25984K(26112K)->25984K(26112K) Class: 3106K(3264K)->3106K(3264K)
[2788.855s][info][gc             ] GC(681) Pause Young (Allocation Failure) 7013M->4725M(7129M) 101.692ms
[2788.855s][info][gc,cpu         ] GC(681) User=0.57s Sys=0.04s Real=0.10s
.....[2793.671s][info][gc,start       ] GC(682) Pause Young (Allocation Failure)
[2793.771s][info][gc,heap        ] GC(682) PSYoungGen: 2602496K(2619392K)->157184K(2619392K) Eden: 2444800K(2444800K)->0K(2447360K) From: 157696K(174592K)->157184K(172032K)
[2793.771s][info][gc,heap        ] GC(682) ParOldGen: 4681036K(4681216K)->4787788K(4788224K)
[2793.771s][info][gc,metaspace   ] GC(682) Metaspace: 29091K(29376K)->29091K(29376K) NonClass: 25984K(26112K)->25984K(26112K) Class: 3106K(3264K)->3106K(3264K)
[2793.771s][info][gc             ] GC(682) Pause Young (Allocation Failure) 7112M->4829M(7234M) 100.373ms
[2793.771s][info][gc,cpu         ] GC(682) User=0.56s Sys=0.04s Real=0.10s
.....[2798.631s][info][gc,start       ] GC(683) Pause Young (Allocation Failure)
[2798.728s][info][gc,heap        ] GC(683) PSYoungGen: 2604544K(2619392K)->150208K(2620416K) Eden: 2447360K(2447360K)->0K(2447360K) From: 157184K(172032K)->150208K(173056K)
[2798.728s][info][gc,heap        ] GC(683) ParOldGen: 4787788K(4788224K)->4891260K(4891648K)
[2798.728s][info][gc,metaspace   ] GC(683) Metaspace: 29091K(29376K)->29091K(29376K) NonClass: 25984K(26112K)->25984K(26112K) Class: 3106K(3264K)->3106K(3264K)
[2798.728s][info][gc             ] GC(683) Pause Young (Allocation Failure) 7219M->4923M(7336M) 97.412ms
[2798.728s][info][gc,cpu         ] GC(683) User=0.54s Sys=0.04s Real=0.10s
.....[2803.529s][info][gc,start       ] GC(684) Pause Young (Allocation Failure)
[2803.626s][info][gc,heap        ] GC(684) PSYoungGen: 2597568K(2620416K)->147712K(2621952K) Eden: 2447360K(2447360K)->0K(2450944K) From: 150208K(173056K)->147712K(171008K)
[2803.626s][info][gc,heap        ] GC(684) ParOldGen: 4891260K(4891648K)->4996188K(4996608K)
[2803.626s][info][gc,metaspace   ] GC(684) Metaspace: 29091K(29376K)->29091K(29376K) NonClass: 25984K(26112K)->25984K(26112K) Class: 3106K(3264K)->3106K(3264K)
[2803.626s][info][gc             ] GC(684) Pause Young (Allocation Failure) 7313M->5023M(7440M) 96.863ms
[2803.626s][info][gc,cpu         ] GC(684) User=0.55s Sys=0.02s Real=0.10s
.....[2808.511s][info][gc,start       ] GC(685) Pause Young (Allocation Failure)
[2808.608s][info][gc,heap        ] GC(685) PSYoungGen: 2598656K(2621952K)->150304K(2622464K) Eden: 2450944K(2450944K)->0K(2450944K) From: 147712K(171008K)->150304K(171520K)
[2808.608s][info][gc,heap        ] GC(685) ParOldGen: 4996188K(4996608K)->5099668K(5100032K)
[2808.608s][info][gc,metaspace   ] GC(685) Metaspace: 29091K(29376K)->29091K(29376K) NonClass: 25984K(26112K)->25984K(26112K) Class: 3106K(3264K)->3106K(3264K)
[2808.608s][info][gc             ] GC(685) Pause Young (Allocation Failure) 7416M->5126M(7541M) 96.807ms
[2808.608s][info][gc,cpu         ] GC(685) User=0.54s Sys=0.04s Real=0.10s
.....[2813.436s][info][gc,start       ] GC(686) Pause Young (Allocation Failure)
[2813.535s][info][gc,heap        ] GC(686) PSYoungGen: 2601248K(2622464K)->149568K(2623488K) Eden: 2450944K(2450944K)->0K(2454528K) From: 150304K(171520K)->149568K(168960K)
[2813.535s][info][gc,heap        ] GC(686) ParOldGen: 5099668K(5100032K)->5205388K(5205504K)
[2813.535s][info][gc,metaspace   ] GC(686) Metaspace: 29091K(29376K)->29091K(29376K) NonClass: 25984K(26112K)->25984K(26112K) Class: 3106K(3264K)->3106K(3264K)
[2813.535s][info][gc             ] GC(686) Pause Young (Allocation Failure) 7520M->5229M(7645M) 98.664ms
[2813.535s][info][gc,cpu         ] GC(686) User=0.55s Sys=0.03s Real=0.10s
.....[2818.375s][info][gc,start       ] GC(687) Pause Young (Allocation Failure)
[2818.474s][info][gc,heap        ] GC(687) PSYoungGen: 2604096K(2623488K)->148064K(2623488K) Eden: 2454528K(2454528K)->0K(2454528K) From: 149568K(168960K)->148064K(168960K)
[2818.474s][info][gc,heap        ] GC(687) ParOldGen: 5205388K(5205504K)->5308428K(5308928K)
[2818.474s][info][gc,metaspace   ] GC(687) Metaspace: 29091K(29376K)->29091K(29376K) NonClass: 25984K(26112K)->25984K(26112K) Class: 3106K(3264K)->3106K(3264K)
[2818.474s][info][gc             ] GC(687) Pause Young (Allocation Failure) 7626M->5328M(7746M) 98.267ms
[2818.474s][info][gc,cpu         ] GC(687) User=0.54s Sys=0.04s Real=0.10s
.....[2823.419s][info][gc,start       ] GC(688) Pause Young (Allocation Failure)
[2823.516s][info][gc,heap        ] GC(688) PSYoungGen: 2602592K(2623488K)->150784K(2624512K) Eden: 2454528K(2454528K)->0K(2458624K) From: 148064K(168960K)->150784K(165888K)
[2823.516s][info][gc,heap        ] GC(688) ParOldGen: 5308428K(5308928K)->5411748K(5411840K)
[2823.516s][info][gc,metaspace   ] GC(688) Metaspace: 29091K(29376K)->29091K(29376K) NonClass: 25984K(26112K)->25984K(26112K) Class: 3106K(3264K)->3106K(3264K)
[2823.516s][info][gc             ] GC(688) Pause Young (Allocation Failure) 7725M->5432M(7848M) 97.637ms
[2823.516s][info][gc,cpu         ] GC(688) User=0.54s Sys=0.03s Real=0.10s
.....[2828.396s][info][gc,start       ] GC(689) Pause Young (Allocation Failure)
[2828.500s][info][gc,heap        ] GC(689) PSYoungGen: 2609408K(2624512K)->157637K(2625536K) Eden: 2458624K(2458624K)->0K(2458624K) From: 150784K(165888K)->157637K(166912K)
[2828.500s][info][gc,heap        ] GC(689) ParOldGen: 5411748K(5411840K)->5516820K(5517312K)
[2828.500s][info][gc,metaspace   ] GC(689) Metaspace: 29091K(29376K)->29091K(29376K) NonClass: 25984K(26112K)->25984K(26112K) Class: 3106K(3264K)->3106K(3264K)
[2828.500s][info][gc             ] GC(689) Pause Young (Allocation Failure) 7833M->5541M(7952M) 103.603ms
[2828.500s][info][gc,cpu         ] GC(689) User=0.57s Sys=0.03s Real=0.10s
....[2833.334s][info][gc,start       ] GC(690) Pause Full (Allocation Failure)
[2833.334s][info][gc,phases,start] GC(690) Marking Phase
[2833.641s][info][gc,phases      ] GC(690) Marking Phase 307.308ms
[2833.641s][info][gc,phases,start] GC(690) Summary Phase
[2833.641s][info][gc,phases      ] GC(690) Summary Phase 0.099ms
[2833.641s][info][gc,phases,start] GC(690) Forward
[2833.768s][info][gc,phases      ] GC(690) Forward 126.383ms
[2833.768s][info][gc,phases,start] GC(690) Adjust Pointers
[2833.977s][info][gc,phases      ] GC(690) Adjust Pointers 209.410ms
[2833.977s][info][gc,phases,start] GC(690) Compaction Phase
[2834.124s][info][gc,phases      ] GC(690) Compaction Phase 147.102ms
[2834.125s][info][gc,phases,start] GC(690) Post Compact
[2834.132s][info][gc,phases      ] GC(690) Post Compact 6.990ms
[2834.246s][info][gc,heap        ] GC(690) PSYoungGen: 2616261K(2625536K)->0K(2628608K) Eden: 2458624K(2458624K)->0K(2461184K) From: 157637K(166912K)->0K(167424K)
[2834.246s][info][gc,heap        ] GC(690) ParOldGen: 5516820K(5517312K)->1610471K(1848832K)
[2834.246s][info][gc,metaspace   ] GC(690) Metaspace: 29091K(29376K)->29091K(29376K) NonClass: 25984K(26112K)->25984K(26112K) Class: 3106K(3264K)->3106K(3264K)
[2834.246s][info][gc             ] GC(690) Pause Full (Allocation Failure) 7942M->1572M(4372M) 911.833ms
[2834.246s][info][gc,cpu         ] GC(690) User=4.30s Sys=0.11s Real=0.91s
.. (rIR:aIR:PR = 3459:3455:3455) (tPR = 51143) [OK] 
  2835s: Performance info:
         Transaction,    Success,    Partial,     Failed,   Receipts, AvgBarcode, 
             Overall,     210518,          0,          0,     199968,      59.47, 
         Response times:
             Request,    Success,    Partial,     Failed,   SkipFail,     Probes,    Samples,      min,      p50,      p90,      p95,      p99,      max, 
       TotalPurchase,     199968,          0,          0,          0,     194051,     213780,      300,     2800,     4500,     5600,   119000,   259000,
     InStorePurchase,     105289,          0,          0,          0,     102167,     112607,      300,     2700,     4500,     5500,   119000,   146000,
      OnlinePurchase,      73681,          0,          0,          0,      71793,      78712,      300,     2700,     4500,     5600,   144000,   259000,
        InstPurchase,      20998,          0,          0,          0,      20091,      22461,      400,     3100,     4600,     5700,   107000,   146000,
          AssocOfCat,        214,          0,          0,          0,        145,        222,    18500,    27000,    35700,    46000,   208000,   208000,
      AssocOfProduct,       2114,          0,          0,          0,       1945,       2289,      400,     2400,     4300,     5250,   110400,   215000,
      BusinessReport,        526,          0,          0,          0,        413,        513,    24000,    33000,    49000,    89400,   207160,   257000,
          CustBuyBeh,       2111,          0,          0,          0,       1910,       2271,      300,     1600,     2600,     3700,   127000,   142000,
       ProductReturn,       5585,          0,          0,          0,       5286,       5998,      200,     2300,     4200,     5400,   142010,   230000,

  2835s: (26%)   IR =   3598 ...[2838.319s][info][gc,start       ] GC(691) Pause Young (Allocation Failure)
[2838.381s][info][gc,heap        ] GC(691) PSYoungGen: 2461184K(2628608K)->150784K(2612224K) Eden: 2461184K(2461184K)->0K(2461184K) From: 0K(167424K)->150784K(151040K)
[2838.381s][info][gc,heap        ] GC(691) ParOldGen: 1610471K(1848832K)->1610471K(1848832K)
[2838.381s][info][gc,metaspace   ] GC(691) Metaspace: 29091K(29376K)->29091K(29376K) NonClass: 25984K(26112K)->25984K(26112K) Class: 3106K(3264K)->3106K(3264K)
[2838.381s][info][gc             ] GC(691) Pause Young (Allocation Failure) 3976M->1719M(4356M) 61.800ms
[2838.381s][info][gc,cpu         ] GC(691) User=0.37s Sys=0.00s Real=0.06s
...|.[2843.041s][info][gc,start       ] GC(692) Pause Young (Allocation Failure)
[2843.132s][info][gc,heap        ] GC(692) PSYoungGen: 2611968K(2612224K)->145856K(2627584K) Eden: 2461184K(2461184K)->0K(2461184K) From: 150784K(151040K)->145856K(166400K)
[2843.132s][info][gc,heap        ] GC(692) ParOldGen: 1610471K(1848832K)->1717199K(1848832K)
[2843.132s][info][gc,metaspace   ] GC(692) Metaspace: 29091K(29376K)->29091K(29376K) NonClass: 25984K(26112K)->25984K(26112K) Class: 3106K(3264K)->3106K(3264K)
[2843.132s][info][gc             ] GC(692) Pause Young (Allocation Failure) 4123M->1819M(4371M) 90.595ms
[2843.132s][info][gc,cpu         ] GC(692) User=0.54s Sys=0.00s Real=0.10s
.....[2847.815s][info][gc,start       ] GC(693) Pause Young (Allocation Failure)
[2847.906s][info][gc,heap        ] GC(693) PSYoungGen: 2607040K(2627584K)->151296K(2627584K) Eden: 2461184K(2461184K)->0K(2461184K) From: 145856K(166400K)->151296K(166400K)
[2847.906s][info][gc,heap        ] GC(693) ParOldGen: 1717199K(1848832K)->1820359K(1848832K)
[2847.906s][info][gc,metaspace   ] GC(693) Metaspace: 29091K(29376K)->29091K(29376K) NonClass: 25984K(26112K)->25984K(26112K) Class: 3106K(3264K)->3106K(3264K)
[2847.906s][info][gc             ] GC(693) Pause Young (Allocation Failure) 4222M->1925M(4371M) 90.426ms
[2847.906s][info][gc,cpu         ] GC(693) User=0.53s Sys=0.00s Real=0.09s
.....[2852.728s][info][gc,start       ] GC(694) Pause Young (Allocation Failure)
[2852.822s][info][gc,heap        ] GC(694) PSYoungGen: 2612480K(2627584K)->154112K(2628608K) Eden: 2461184K(2461184K)->0K(2463744K) From: 151296K(166400K)->154112K(164864K)
[2852.822s][info][gc,heap        ] GC(694) ParOldGen: 1820359K(1848832K)->1924063K(1924096K)
[2852.822s][info][gc,metaspace   ] GC(694) Metaspace: 29091K(29376K)->29091K(29376K) NonClass: 25984K(26112K)->25984K(26112K) Class: 3106K(3264K)->3106K(3264K)
[2852.822s][info][gc             ] GC(694) Pause Young (Allocation Failure) 4328M->2029M(4446M) 94.376ms
[2852.822s][info][gc,cpu         ] GC(694) User=0.54s Sys=0.02s Real=0.10s
.....[2857.405s][info][gc,start       ] GC(695) Pause Young (Allocation Failure)
[2857.502s][info][gc,heap        ] GC(695) PSYoungGen: 2617856K(2628608K)->146912K(2628096K) Eden: 2463744K(2463744K)->0K(2463744K) From: 154112K(164864K)->146912K(164352K)
[2857.502s][info][gc,heap        ] GC(695) ParOldGen: 1924063K(1924096K)->2032495K(2032640K)
[2857.502s][info][gc,metaspace   ] GC(695) Metaspace: 29091K(29376K)->29091K(29376K) NonClass: 25984K(26112K)->25984K(26112K) Class: 3106K(3264K)->3106K(3264K)
[2857.502s][info][gc             ] GC(695) Pause Young (Allocation Failure) 4435M->2128M(4551M) 96.815ms
[2857.502s][info][gc,cpu         ] GC(695) User=0.54s Sys=0.03s Real=0.10s
....[2862.203s][info][gc,start       ] GC(696) Pause Young (Allocation Failure)
[2862.296s][info][gc,heap        ] GC(696) PSYoungGen: 2610656K(2628096K)->148192K(2630144K) Eden: 2463744K(2463744K)->0K(2467328K) From: 146912K(164352K)->148192K(162816K)
[2862.296s][info][gc,heap        ] GC(696) ParOldGen: 2032495K(2032640K)->2135047K(2135552K)
[2862.296s][info][gc,metaspace   ] GC(696) Metaspace: 29091K(29376K)->29091K(29376K) NonClass: 25984K(26112K)->25984K(26112K) Class: 3106K(3264K)->3106K(3264K)
[2862.296s][info][gc             ] GC(696) Pause Young (Allocation Failure) 4534M->2229M(4654M) 93.199ms
[2862.296s][info][gc,cpu         ] GC(696) User=0.53s Sys=0.03s Real=0.09s
.....[2867.058s][info][gc,start       ] GC(697) Pause Young (Allocation Failure)
[2867.152s][info][gc,heap        ] GC(697) PSYoungGen: 2615520K(2630144K)->149824K(2630656K) Eden: 2467328K(2467328K)->0K(2467328K) From: 148192K(162816K)->149824K(163328K)
[2867.152s][info][gc,heap        ] GC(697) ParOldGen: 2135047K(2135552K)->2238751K(2238976K)
[2867.152s][info][gc,metaspace   ] GC(697) Metaspace: 29091K(29376K)->29091K(29376K) NonClass: 25984K(26112K)->25984K(26112K) Class: 3106K(3264K)->3106K(3264K)
[2867.152s][info][gc             ] GC(697) Pause Young (Allocation Failure) 4639M->2332M(4755M) 94.552ms
[2867.152s][info][gc,cpu         ] GC(697) User=0.52s Sys=0.04s Real=0.10s
.....[2871.851s][info][gc,start       ] GC(698) Pause Young (Allocation Failure)
[2871.949s][info][gc,heap        ] GC(698) PSYoungGen: 2617152K(2630656K)->157632K(2631168K) Eden: 2467328K(2467328K)->0K(2468352K) From: 149824K(163328K)->157632K(162816K)
[2871.949s][info][gc,heap        ] GC(698) ParOldGen: 2238751K(2238976K)->2344871K(2344960K)
[2871.949s][info][gc,metaspace   ] GC(698) Metaspace: 29091K(29376K)->29091K(29376K) NonClass: 25984K(26112K)->25984K(26112K) Class: 3106K(3264K)->3106K(3264K)
[2871.949s][info][gc             ] GC(698) Pause Young (Allocation Failure) 4742M->2443M(4859M) 98.329ms
[2871.949s][info][gc,cpu         ] GC(698) User=0.55s Sys=0.03s Real=0.10s
.....[2876.609s][info][gc,start       ] GC(699) Pause Young (Allocation Failure)
[2876.704s][info][gc,heap        ] GC(699) PSYoungGen: 2625984K(2631168K)->150720K(2632192K) Eden: 2468352K(2468352K)->0K(2468352K) From: 157632K(162816K)->150720K(163840K)
[2876.704s][info][gc,heap        ] GC(699) ParOldGen: 2344871K(2344960K)->2449711K(2449920K)
[2876.704s][info][gc,metaspace   ] GC(699) Metaspace: 29091K(29376K)->29091K(29376K) NonClass: 25984K(26112K)->25984K(26112K) Class: 3106K(3264K)->3106K(3264K)
[2876.704s][info][gc             ] GC(699) Pause Young (Allocation Failure) 4854M->2539M(4963M) 95.346ms
[2876.704s][info][gc,cpu         ] GC(699) User=0.53s Sys=0.03s Real=0.10s
.....[2881.464s][info][gc,start       ] GC(700) Pause Young (Allocation Failure)
[2881.559s][info][gc,heap        ] GC(700) PSYoungGen: 2619072K(2632192K)->151200K(2630144K) Eden: 2468352K(2468352K)->0K(2469376K) From: 150720K(163840K)->151200K(160768K)
[2881.559s][info][gc,heap        ] GC(700) ParOldGen: 2449711K(2449920K)->2554943K(2555392K)
[2881.559s][info][gc,metaspace   ] GC(700) Metaspace: 29091K(29376K)->29091K(29376K) NonClass: 25984K(26112K)->25984K(26112K) Class: 3106K(3264K)->3106K(3264K)
[2881.559s][info][gc             ] GC(700) Pause Young (Allocation Failure) 4949M->2642M(5064M) 95.413ms
[2881.559s][info][gc,cpu         ] GC(700) User=0.54s Sys=0.03s Real=0.09s
....[2886.300s][info][gc,start       ] GC(701) Pause Young (Allocation Failure)
[2886.397s][info][gc,heap        ] GC(701) PSYoungGen: 2620576K(2630144K)->150240K(2631168K) Eden: 2469376K(2469376K)->0K(2469376K) From: 151200K(160768K)->150240K(161792K)
[2886.397s][info][gc,heap        ] GC(701) ParOldGen: 2554943K(2555392K)->2661071K(2661376K)
[2886.397s][info][gc,metaspace   ] GC(701) Metaspace: 29091K(29376K)->29091K(29376K) NonClass: 25984K(26112K)->25984K(26112K) Class: 3106K(3264K)->3106K(3264K)
[2886.397s][info][gc             ] GC(701) Pause Young (Allocation Failure) 5054M->2745M(5168M) 96.677ms
[2886.397s][info][gc,cpu         ] GC(701) User=0.54s Sys=0.03s Real=0.10s
.....[2891.043s][info][gc,start       ] GC(702) Pause Young (Allocation Failure)
[2891.138s][info][gc,heap        ] GC(702) PSYoungGen: 2619616K(2631168K)->146656K(2632704K) Eden: 2469376K(2469376K)->0K(2472960K) From: 150240K(161792K)->146656K(159744K)
[2891.138s][info][gc,heap        ] GC(702) ParOldGen: 2661071K(2661376K)->2767871K(2767872K)
[2891.138s][info][gc,metaspace   ] GC(702) Metaspace: 29091K(29376K)->29091K(29376K) NonClass: 25984K(26112K)->25984K(26112K) Class: 3106K(3264K)->3106K(3264K)
[2891.138s][info][gc             ] GC(702) Pause Young (Allocation Failure) 5156M->2846M(5274M) 95.210ms
[2891.138s][info][gc,cpu         ] GC(702) User=0.53s Sys=0.03s Real=0.09s
.....[2895.780s][info][gc,start       ] GC(703) Pause Young (Allocation Failure)
[2895.875s][info][gc,heap        ] GC(703) PSYoungGen: 2619616K(2632704K)->149888K(2633728K) Eden: 2472960K(2472960K)->0K(2472960K) From: 146656K(159744K)->149888K(160768K)
[2895.875s][info][gc,heap        ] GC(703) ParOldGen: 2767871K(2767872K)->2873127K(2873344K)
[2895.875s][info][gc,metaspace   ] GC(703) Metaspace: 29091K(29376K)->29091K(29376K) NonClass: 25984K(26112K)->25984K(26112K) Class: 3106K(3264K)->3106K(3264K)
[2895.875s][info][gc             ] GC(703) Pause Young (Allocation Failure) 5261M->2952M(5378M) 95.289ms
[2895.875s][info][gc,cpu         ] GC(703) User=0.53s Sys=0.04s Real=0.10s
.....[2900.821s][info][gc,start       ] GC(704) Pause Young (Allocation Failure)
[2900.921s][info][gc,heap        ] GC(704) PSYoungGen: 2622848K(2633728K)->160224K(2554880K) Eden: 2472960K(2472960K)->0K(2394624K) From: 149888K(160768K)->160224K(160256K)
[2900.921s][info][gc,heap        ] GC(704) ParOldGen: 2873127K(2873344K)->2975983K(2976256K)
[2900.921s][info][gc,metaspace   ] GC(704) Metaspace: 29091K(29376K)->29091K(29376K) NonClass: 25984K(26112K)->25984K(26112K) Class: 3106K(3264K)->3106K(3264K)
[2900.921s][info][gc             ] GC(704) Pause Young (Allocation Failure) 5367M->3062M(5401M) 100.408ms
[2900.921s][info][gc,cpu         ] GC(704) User=0.56s Sys=0.04s Real=0.10s
. (rIR:aIR:PR = 3598:3599:3599) (tPR = 53305) [OK] 
  2901s: Performance info:
         Transaction,    Success,    Partial,     Failed,   Receipts, AvgBarcode, 
             Overall,     216423,          0,          0,     205587,      59.47, 
         Response times:
             Request,    Success,    Partial,     Failed,   SkipFail,     Probes,    Samples,      min,      p50,      p90,      p95,      p99,      max, 
       TotalPurchase,     205602,          0,          0,          0,     201790,     223049,      300,     2800,     4500,     5200,    17100,   155000,
     InStorePurchase,     108195,          0,          0,          0,     106353,     117036,      300,     2600,     4400,     5100,    17100,   155000,
      OnlinePurchase,      75737,          0,          0,          0,      74409,      82649,      300,     2900,     4500,     5300,    17300,   123000,
        InstPurchase,      21670,          0,          0,          0,      21028,      23364,      400,     3100,     4800,     5500,    17735,   107000,
          AssocOfCat,        217,          0,          0,          0,        159,        233,    16100,    27000,    34600,    36000,    95600,   136000,
      AssocOfProduct,       2166,          0,          0,          0,       1998,       2381,      400,     3100,     4800,     5400,    16608,   100000,
      BusinessReport,        541,          0,          0,          0,        460,        594,    22000,    32000,    40000,    47250,    65900,   156000,
          CustBuyBeh,       2162,          0,          0,          0,       1962,       2298,      800,     3400,     4700,     5400,    19800,   105000,
       ProductReturn,       5741,          0,          0,          0,       5383,       6125,      200,     3100,     4600,     5500,    19696,   106000,

  2901s: (27%)   IR =   3736 ...[2905.183s][info][gc,start       ] GC(705) Pause Young (Allocation Failure)
[2905.281s][info][gc,heap        ] GC(705) PSYoungGen: 2554848K(2554880K)->148816K(2595328K) Eden: 2394624K(2394624K)->0K(2394624K) From: 160224K(160256K)->148816K(200704K)
[2905.281s][info][gc,heap        ] GC(705) ParOldGen: 2975983K(2976256K)->3086439K(3086848K)
[2905.281s][info][gc,metaspace   ] GC(705) Metaspace: 29091K(29376K)->29091K(29376K) NonClass: 25984K(26112K)->25984K(26112K) Class: 3106K(3264K)->3106K(3264K)
[2905.281s][info][gc             ] GC(705) Pause Young (Allocation Failure) 5401M->3159M(5549M) 98.585ms
[2905.281s][info][gc,cpu         ] GC(705) User=0.54s Sys=0.04s Real=0.09s
..|...[2909.666s][info][gc,start       ] GC(706) Pause Young (Allocation Failure)
[2909.762s][info][gc,heap        ] GC(706) PSYoungGen: 2543440K(2595328K)->148640K(2590720K) Eden: 2394624K(2394624K)->0K(2396160K) From: 148816K(200704K)->148640K(194560K)
[2909.762s][info][gc,heap        ] GC(706) ParOldGen: 3086439K(3086848K)->3188519K(3188736K)
[2909.762s][info][gc,metaspace   ] GC(706) Metaspace: 29091K(29376K)->29091K(29376K) NonClass: 25984K(26112K)->25984K(26112K) Class: 3106K(3264K)->3106K(3264K)
[2909.762s][info][gc             ] GC(706) Pause Young (Allocation Failure) 5497M->3258M(5644M) 96.132ms
[2909.763s][info][gc,cpu         ] GC(706) User=0.54s Sys=0.03s Real=0.10s
....[2914.244s][info][gc,start       ] GC(707) Pause Young (Allocation Failure)
[2914.340s][info][gc,heap        ] GC(707) PSYoungGen: 2544800K(2590720K)->147808K(2593792K) Eden: 2396160K(2396160K)->0K(2396160K) From: 148640K(194560K)->147808K(197632K)
[2914.340s][info][gc,heap        ] GC(707) ParOldGen: 3188519K(3188736K)->3291431K(3291648K)
[2914.340s][info][gc,metaspace   ] GC(707) Metaspace: 29091K(29376K)->29091K(29376K) NonClass: 25984K(26112K)->25984K(26112K) Class: 3106K(3264K)->3106K(3264K)
[2914.340s][info][gc             ] GC(707) Pause Young (Allocation Failure) 5598M->3358M(5747M) 95.218ms
[2914.340s][info][gc,cpu         ] GC(707) User=0.51s Sys=0.05s Real=0.09s
..[2916.066s][info][gc,start       ] GC(708) Pause Full (Diagnostic Command)
[2916.066s][info][gc,phases,start] GC(708) Marking Phase
[2916.362s][info][gc,phases      ] GC(708) Marking Phase 296.000ms
[2916.362s][info][gc,phases,start] GC(708) Summary Phase
[2916.363s][info][gc,phases      ] GC(708) Summary Phase 0.061ms
[2916.363s][info][gc,phases,start] GC(708) Forward
[2916.543s][info][gc,phases      ] GC(708) Forward 180.937ms
[2916.544s][info][gc,phases,start] GC(708) Adjust Pointers
[2916.757s][info][gc,phases      ] GC(708) Adjust Pointers 213.337ms
[2916.757s][info][gc,phases,start] GC(708) Compaction Phase
[2916.953s][info][gc,phases      ] GC(708) Compaction Phase 196.003ms
[2916.955s][info][gc,phases,start] GC(708) Post Compact
[2916.959s][info][gc,phases      ] GC(708) Post Compact 3.843ms
[2916.959s][info][gc,heap        ] GC(708) PSYoungGen: 1146404K(2593792K)->0K(2593792K) Eden: 998596K(2396160K)->0K(2396160K) From: 147808K(197632K)->0K(197632K)
[2916.959s][info][gc,heap        ] GC(708) ParOldGen: 3291431K(3291648K)->1329142K(3291648K)
[2916.959s][info][gc,metaspace   ] GC(708) Metaspace: 29091K(29376K)->29091K(29376K) NonClass: 25984K(26112K)->25984K(26112K) Class: 3106K(3264K)->3106K(3264K)
[2916.959s][info][gc             ] GC(708) Pause Full (Diagnostic Command) 4333M->1297M(5747M) 893.020ms
[2916.959s][info][gc,cpu         ] GC(708) User=4.66s Sys=0.01s Real=0.89s
....[2920.586s][info][gc,start       ] GC(709) Pause Young (Allocation Failure)
[2920.646s][info][gc,heap        ] GC(709) PSYoungGen: 2396160K(2593792K)->148352K(2593280K) Eden: 2396160K(2396160K)->0K(2402816K) From: 0K(197632K)->148352K(190464K)
[2920.646s][info][gc,heap        ] GC(709) ParOldGen: 1329142K(3291648K)->1329142K(3291648K)
[2920.646s][info][gc,metaspace   ] GC(709) Metaspace: 29091K(29376K)->29091K(29376K) NonClass: 25984K(26112K)->25984K(26112K) Class: 3106K(3264K)->3106K(3264K)
[2920.646s][info][gc             ] GC(709) Pause Young (Allocation Failure) 3637M->1442M(5747M) 60.040ms
[2920.646s][info][gc,cpu         ] GC(709) User=0.35s Sys=0.01s Real=0.06s
.....[2925.065s][info][gc,start       ] GC(710) Pause Young (Allocation Failure)
[2925.155s][info][gc,heap        ] GC(710) PSYoungGen: 2551168K(2593280K)->150752K(2596352K) Eden: 2402816K(2402816K)->0K(2402816K) From: 148352K(190464K)->150752K(193536K)
[2925.155s][info][gc,heap        ] GC(710) ParOldGen: 1329142K(3291648K)->1432086K(3291648K)
[2925.155s][info][gc,metaspace   ] GC(710) Metaspace: 29091K(29376K)->29091K(29376K) NonClass: 25984K(26112K)->25984K(26112K) Class: 3106K(3264K)->3106K(3264K)
[2925.155s][info][gc             ] GC(710) Pause Young (Allocation Failure) 3789M->1545M(5750M) 89.948ms
[2925.155s][info][gc,cpu         ] GC(710) User=0.53s Sys=0.00s Real=0.09s
....[2929.452s][info][gc,start       ] GC(711) Pause Young (Allocation Failure)
[2929.543s][info][gc,heap        ] GC(711) PSYoungGen: 2553568K(2596352K)->149248K(2597888K) Eden: 2402816K(2402816K)->0K(2411520K) From: 150752K(193536K)->149248K(186368K)
[2929.543s][info][gc,heap        ] GC(711) ParOldGen: 1432086K(3291648K)->1536630K(3291648K)
[2929.543s][info][gc,metaspace   ] GC(711) Metaspace: 29091K(29376K)->29091K(29376K) NonClass: 25984K(26112K)->25984K(26112K) Class: 3106K(3264K)->3106K(3264K)
[2929.543s][info][gc             ] GC(711) Pause Young (Allocation Failure) 3892M->1646M(5751M) 90.647ms
[2929.543s][info][gc,cpu         ] GC(711) User=0.54s Sys=0.00s Real=0.09s
.....[2934.014s][info][gc,start       ] GC(712) Pause Young (Allocation Failure)
[2934.105s][info][gc,heap        ] GC(712) PSYoungGen: 2560768K(2597888K)->153300K(2600448K) Eden: 2411520K(2411520K)->0K(2411520K) From: 149248K(186368K)->153300K(188928K)
[2934.105s][info][gc,heap        ] GC(712) ParOldGen: 1536630K(3291648K)->1635902K(3291648K)
[2934.105s][info][gc,metaspace   ] GC(712) Metaspace: 29091K(29376K)->29091K(29376K) NonClass: 25984K(26112K)->25984K(26112K) Class: 3106K(3264K)->3106K(3264K)
[2934.105s][info][gc             ] GC(712) Pause Young (Allocation Failure) 4001M->1747M(5754M) 91.383ms
[2934.105s][info][gc,cpu         ] GC(712) User=0.54s Sys=0.00s Real=0.09s
....[2938.529s][info][gc,start       ] GC(713) Pause Young (Allocation Failure)
[2938.620s][info][gc,heap        ] GC(713) PSYoungGen: 2564820K(2600448K)->146944K(2604032K) Eden: 2411520K(2411520K)->0K(2420736K) From: 153300K(188928K)->146944K(183296K)
[2938.620s][info][gc,heap        ] GC(713) ParOldGen: 1635902K(3291648K)->1742102K(3291648K)
[2938.620s][info][gc,metaspace   ] GC(713) Metaspace: 29091K(29376K)->29091K(29376K) NonClass: 25984K(26112K)->25984K(26112K) Class: 3106K(3264K)->3106K(3264K)
[2938.620s][info][gc             ] GC(713) Pause Young (Allocation Failure) 4102M->1844M(5757M) 90.309ms
[2938.620s][info][gc,cpu         ] GC(713) User=0.54s Sys=0.00s Real=0.09s
.....[2943.060s][info][gc,start       ] GC(714) Pause Young (Allocation Failure)
[2943.150s][info][gc,heap        ] GC(714) PSYoungGen: 2567680K(2604032K)->146432K(2605568K) Eden: 2420736K(2420736K)->0K(2420736K) From: 146944K(183296K)->146432K(184832K)
[2943.150s][info][gc,heap        ] GC(714) ParOldGen: 1742102K(3291648K)->1844742K(3291648K)
[2943.150s][info][gc,metaspace   ] GC(714) Metaspace: 29091K(29376K)->29091K(29376K) NonClass: 25984K(26112K)->25984K(26112K) Class: 3106K(3264K)->3106K(3264K)
[2943.150s][info][gc             ] GC(714) Pause Young (Allocation Failure) 4208M->1944M(5759M) 89.736ms
[2943.150s][info][gc,cpu         ] GC(714) User=0.53s Sys=0.00s Real=0.09s
....[2947.612s][info][gc,start       ] GC(715) Pause Young (Allocation Failure)
[2947.704s][info][gc,heap        ] GC(715) PSYoungGen: 2567168K(2605568K)->151168K(2606080K) Eden: 2420736K(2420736K)->0K(2427904K) From: 146432K(184832K)->151168K(178176K)
[2947.704s][info][gc,heap        ] GC(715) ParOldGen: 1844742K(3291648K)->1948566K(3291648K)
[2947.704s][info][gc,metaspace   ] GC(715) Metaspace: 29091K(29376K)->29091K(29376K) NonClass: 25984K(26112K)->25984K(26112K) Class: 3106K(3264K)->3106K(3264K)
[2947.704s][info][gc             ] GC(715) Pause Young (Allocation Failure) 4308M->2050M(5759M) 91.339ms
[2947.704s][info][gc,cpu         ] GC(715) User=0.54s Sys=0.00s Real=0.09s
.....[2952.148s][info][gc,start       ] GC(716) Pause Young (Allocation Failure)
[2952.239s][info][gc,heap        ] GC(716) PSYoungGen: 2579072K(2606080K)->147235K(2608640K) Eden: 2427904K(2427904K)->0K(2427904K) From: 151168K(178176K)->147235K(180736K)
[2952.239s][info][gc,heap        ] GC(716) ParOldGen: 1948566K(3291648K)->2053198K(3291648K)
[2952.239s][info][gc,metaspace   ] GC(716) Metaspace: 29091K(29376K)->29091K(29376K) NonClass: 25984K(26112K)->25984K(26112K) Class: 3106K(3264K)->3106K(3264K)
[2952.239s][info][gc             ] GC(716) Pause Young (Allocation Failure) 4421M->2148M(5762M) 90.712ms
[2952.239s][info][gc,cpu         ] GC(716) User=0.53s Sys=0.00s Real=0.09s
....[2956.658s][info][gc,start       ] GC(717) Pause Young (Allocation Failure)
[2956.749s][info][gc,heap        ] GC(717) PSYoungGen: 2575139K(2608640K)->147680K(2611200K) Eden: 2427904K(2427904K)->0K(2436096K) From: 147235K(180736K)->147680K(175104K)
[2956.749s][info][gc,heap        ] GC(717) ParOldGen: 2053198K(3291648K)->2157286K(3291648K)
[2956.749s][info][gc,metaspace   ] GC(717) Metaspace: 29091K(29376K)->29091K(29376K) NonClass: 25984K(26112K)->25984K(26112K) Class: 3106K(3264K)->3106K(3264K)
[2956.749s][info][gc             ] GC(717) Pause Young (Allocation Failure) 4519M->2250M(5764M) 90.282ms
[2956.749s][info][gc,cpu         ] GC(717) User=0.53s Sys=0.00s Real=0.09s
.....[2961.215s][info][gc,start       ] GC(718) Pause Young (Allocation Failure)
[2961.304s][info][gc,heap        ] GC(718) PSYoungGen: 2583776K(2611200K)->147456K(2613760K) Eden: 2436096K(2436096K)->0K(2436096K) From: 147680K(175104K)->147456K(177664K)
[2961.304s][info][gc,heap        ] GC(718) ParOldGen: 2157286K(3291648K)->2260382K(3291648K)
[2961.304s][info][gc,metaspace   ] GC(718) Metaspace: 29091K(29376K)->29091K(29376K) NonClass: 25984K(26112K)->25984K(26112K) Class: 3106K(3264K)->3106K(3264K)
[2961.304s][info][gc             ] GC(718) Pause Young (Allocation Failure) 4629M->2351M(5767M) 89.274ms
[2961.304s][info][gc,cpu         ] GC(718) User=0.52s Sys=0.00s Real=0.09s
....[2965.863s][info][gc,start       ] GC(719) Pause Young (Allocation Failure)
[2965.958s][info][gc,heap        ] GC(719) PSYoungGen: 2583552K(2613760K)->159200K(2617344K) Eden: 2436096K(2436096K)->0K(2442240K) From: 147456K(177664K)->159200K(175104K)
[2965.958s][info][gc,heap        ] GC(719) ParOldGen: 2260382K(3291648K)->2364406K(3291648K)
[2965.958s][info][gc,metaspace   ] GC(719) Metaspace: 29091K(29376K)->29091K(29376K) NonClass: 25984K(26112K)->25984K(26112K) Class: 3106K(3264K)->3106K(3264K)
[2965.958s][info][gc             ] GC(719) Pause Young (Allocation Failure) 4730M->2464M(5770M) 95.121ms
[2965.958s][info][gc,cpu         ] GC(719) User=0.56s Sys=0.00s Real=0.09s
.. (rIR:aIR:PR = 3736:3738:3738) (tPR = 55689) [OK] 
  2966s: Performance info:
         Transaction,    Success,    Partial,     Failed,   Receipts, AvgBarcode, 
             Overall,     226431,          0,          0,     215089,      59.47, 
         Response times:
             Request,    Success,    Partial,     Failed,   SkipFail,     Probes,    Samples,      min,      p50,      p90,      p95,      p99,      max, 
       TotalPurchase,     215089,          0,          0,          0,     210506,     229853,      300,     2900,     4900,     6700,   227000,   371000,
     InStorePurchase,     113189,          0,          0,          0,     110972,     120930,      300,     2700,     4800,     6500,   220000,   371000,
      OnlinePurchase,      79273,          0,          0,          0,      77757,      84911,      300,     3200,     5100,     7000,   236000,   371000,
        InstPurchase,      22627,          0,          0,          0,      21777,      24012,      400,     3000,     4900,     6700,   227000,   367000,
          AssocOfCat,        227,          0,          0,          0,        161,        234,    18200,    28000,    41000,    51000,   295000,   361000,
      AssocOfProduct,       2266,          0,          0,          0,       2032,       2389,      300,     3200,     4700,     7350,   229000,   353000,
      BusinessReport,        567,          0,          0,          0,        435,        582,    24000,    34000,    48000,    76700,   269930,   389000,
          CustBuyBeh,       2277,          0,          0,          0,       2065,       2435,      200,     1400,     3000,     4100,   124320,   280000,
       ProductReturn,       6005,          0,          0,          0,       5660,       6420,      200,     3100,     5000,     7195,   237000,   359000,

  2966s: (28%)   IR =   3874 ...[2970.240s][info][gc,start       ] GC(720) Pause Young (Allocation Failure)
[2970.330s][info][gc,heap        ] GC(720) PSYoungGen: 2601440K(2617344K)->145216K(2618368K) Eden: 2442240K(2442240K)->0K(2442240K) From: 159200K(175104K)->145216K(176128K)
[2970.330s][info][gc,heap        ] GC(720) ParOldGen: 2364406K(3291648K)->2471934K(3291648K)
[2970.330s][info][gc,metaspace   ] GC(720) Metaspace: 29091K(29376K)->29091K(29376K) NonClass: 25984K(26112K)->25984K(26112K) Class: 3106K(3264K)->3106K(3264K)
[2970.330s][info][gc             ] GC(720) Pause Young (Allocation Failure) 4849M->2555M(5771M) 90.865ms
[2970.330s][info][gc,cpu         ] GC(720) User=0.53s Sys=0.00s Real=0.09s
.|...[2974.651s][info][gc,start       ] GC(721) Pause Young (Allocation Failure)
[2974.743s][info][gc,heap        ] GC(721) PSYoungGen: 2587456K(2618368K)->152960K(2615808K) Eden: 2442240K(2442240K)->0K(2444800K) From: 145216K(176128K)->152960K(171008K)
[2974.743s][info][gc,heap        ] GC(721) ParOldGen: 2471934K(3291648K)->2573210K(3291648K)
[2974.743s][info][gc,metaspace   ] GC(721) Metaspace: 29091K(29376K)->29091K(29376K) NonClass: 25984K(26112K)->25984K(26112K) Class: 3106K(3264K)->3106K(3264K)
[2974.743s][info][gc             ] GC(721) Pause Young (Allocation Failure) 4940M->2662M(5769M) 91.886ms
[2974.743s][info][gc,cpu         ] GC(721) User=0.54s Sys=0.00s Real=0.10s
.....[2979.085s][info][gc,start       ] GC(722) Pause Young (Allocation Failure)
[2979.176s][info][gc,heap        ] GC(722) PSYoungGen: 2597760K(2615808K)->147104K(2617856K) Eden: 2444800K(2444800K)->0K(2444800K) From: 152960K(171008K)->147104K(173056K)
[2979.176s][info][gc,heap        ] GC(722) ParOldGen: 2573210K(3291648K)->2677570K(3291648K)
[2979.176s][info][gc,metaspace   ] GC(722) Metaspace: 29091K(29376K)->29091K(29376K) NonClass: 25984K(26112K)->25984K(26112K) Class: 3106K(3264K)->3106K(3264K)
[2979.176s][info][gc             ] GC(722) Pause Young (Allocation Failure) 5049M->2758M(5771M) 91.282ms
[2979.176s][info][gc,cpu         ] GC(722) User=0.54s Sys=0.00s Real=0.09s
....[2983.558s][info][gc,start       ] GC(723) Pause Young (Allocation Failure)
[2983.648s][info][gc,heap        ] GC(723) PSYoungGen: 2591904K(2617856K)->149856K(2618880K) Eden: 2444800K(2444800K)->0K(2450944K) From: 147104K(173056K)->149856K(167936K)
[2983.648s][info][gc,heap        ] GC(723) ParOldGen: 2677570K(3291648K)->2782058K(3291648K)
[2983.648s][info][gc,metaspace   ] GC(723) Metaspace: 29091K(29376K)->29091K(29376K) NonClass: 25984K(26112K)->25984K(26112K) Class: 3106K(3264K)->3106K(3264K)
[2983.648s][info][gc             ] GC(723) Pause Young (Allocation Failure) 5145M->2863M(5772M) 90.621ms
[2983.648s][info][gc,cpu         ] GC(723) User=0.54s Sys=0.00s Real=0.09s
....[2987.930s][info][gc,start       ] GC(724) Pause Young (Allocation Failure)
[2988.029s][info][gc,heap        ] GC(724) PSYoungGen: 2600800K(2618880K)->164083K(2621440K) Eden: 2450944K(2450944K)->0K(2450944K) From: 149856K(167936K)->164083K(170496K)
[2988.029s][info][gc,heap        ] GC(724) ParOldGen: 2782058K(3291648K)->2887114K(3291648K)
[2988.029s][info][gc,metaspace   ] GC(724) Metaspace: 29091K(29376K)->29091K(29376K) NonClass: 25984K(26112K)->25984K(26112K) Class: 3106K(3264K)->3106K(3264K)
[2988.029s][info][gc             ] GC(724) Pause Young (Allocation Failure) 5256M->2979M(5774M) 98.797ms
[2988.029s][info][gc,cpu         ] GC(724) User=0.59s Sys=0.00s Real=0.10s
.....[2992.332s][info][gc,start       ] GC(725) Pause Young (Allocation Failure)
[2992.425s][info][gc,heap        ] GC(725) PSYoungGen: 2615027K(2621440K)->152868K(2623488K) Eden: 2450944K(2450944K)->0K(2451968K) From: 164083K(170496K)->152868K(171520K)
[2992.425s][info][gc,heap        ] GC(725) ParOldGen: 2887114K(3291648K)->2991394K(3291648K)
[2992.425s][info][gc,metaspace   ] GC(725) Metaspace: 29091K(29376K)->29091K(29376K) NonClass: 25984K(26112K)->25984K(26112K) Class: 3106K(3264K)->3106K(3264K)
[2992.425s][info][gc             ] GC(725) Pause Young (Allocation Failure) 5373M->3070M(5776M) 92.632ms
[2992.425s][info][gc,cpu         ] GC(725) User=0.55s Sys=0.00s Real=0.09s
....[2996.806s][info][gc,start       ] GC(726) Pause Young (Allocation Failure)
[2996.898s][info][gc,heap        ] GC(726) PSYoungGen: 2604836K(2623488K)->152832K(2622976K) Eden: 2451968K(2451968K)->0K(2451968K) From: 152868K(171520K)->152832K(171008K)
[2996.898s][info][gc,heap        ] GC(726) ParOldGen: 2991394K(3291648K)->3094458K(3291648K)
[2996.898s][info][gc,metaspace   ] GC(726) Metaspace: 29091K(29376K)->29091K(29376K) NonClass: 25984K(26112K)->25984K(26112K) Class: 3106K(3264K)->3106K(3264K)
[2996.898s][info][gc             ] GC(726) Pause Young (Allocation Failure) 5465M->3171M(5776M) 92.440ms
[2996.898s][info][gc,cpu         ] GC(726) User=0.54s Sys=0.00s Real=0.09s
.....[3001.271s][info][gc,start       ] GC(727) Pause Young (Allocation Failure)
[3001.364s][info][gc,heap        ] GC(727) PSYoungGen: 2604800K(2622976K)->149856K(2624000K) Eden: 2451968K(2451968K)->0K(2454528K) From: 152832K(171008K)->149856K(169472K)
[3001.364s][info][gc,heap        ] GC(727) ParOldGen: 3094458K(3291648K)->3199458K(3291648K)
[3001.364s][info][gc,metaspace   ] GC(727) Metaspace: 29091K(29376K)->29091K(29376K) NonClass: 25984K(26112K)->25984K(26112K) Class: 3106K(3264K)->3106K(3264K)
[3001.364s][info][gc             ] GC(727) Pause Young (Allocation Failure) 5565M->3270M(5777M) 92.721ms
[3001.364s][info][gc,cpu         ] GC(727) User=0.55s Sys=0.01s Real=0.10s
....[3005.671s][info][gc,start       ] GC(728) Pause Young (Allocation Failure)
[3005.765s][info][gc,heap        ] GC(728) PSYoungGen: 2604384K(2624000K)->152402K(2622976K) Eden: 2454528K(2454528K)->0K(2454528K) From: 149856K(169472K)->152402K(168448K)
[3005.765s][info][gc,heap        ] GC(728) ParOldGen: 3199458K(3291648K)->3304578K(3304960K)
[3005.765s][info][gc,metaspace   ] GC(728) Metaspace: 29091K(29376K)->29091K(29376K) NonClass: 25984K(26112K)->25984K(26112K) Class: 3106K(3264K)->3106K(3264K)
[3005.765s][info][gc             ] GC(728) Pause Young (Allocation Failure) 5667M->3375M(5789M) 93.868ms
[3005.765s][info][gc,cpu         ] GC(728) User=0.55s Sys=0.00s Real=0.10s
....[3010.064s][info][gc,start       ] GC(729) Pause Young (Allocation Failure)
[3010.159s][info][gc,heap        ] GC(729) PSYoungGen: 2606930K(2622976K)->145696K(2625536K) Eden: 2454528K(2454528K)->0K(2458624K) From: 152402K(168448K)->145696K(166912K)
[3010.159s][info][gc,heap        ] GC(729) ParOldGen: 3304578K(3304960K)->3410594K(3410944K)
[3010.159s][info][gc,metaspace   ] GC(729) Metaspace: 29091K(29376K)->29091K(29376K) NonClass: 25984K(26112K)->25984K(26112K) Class: 3106K(3264K)->3106K(3264K)
[3010.159s][info][gc             ] GC(729) Pause Young (Allocation Failure) 5772M->3472M(5895M) 94.612ms
[3010.159s][info][gc,cpu         ] GC(729) User=0.51s Sys=0.04s Real=0.09s
.....[3014.498s][info][gc,start       ] GC(730) Pause Young (Allocation Failure)
[3014.593s][info][gc,heap        ] GC(730) PSYoungGen: 2604320K(2625536K)->150144K(2625024K) Eden: 2458624K(2458624K)->0K(2458624K) From: 145696K(166912K)->150144K(166400K)
[3014.593s][info][gc,heap        ] GC(730) ParOldGen: 3410594K(3410944K)->3513970K(3514368K)
[3014.593s][info][gc,metaspace   ] GC(730) Metaspace: 29091K(29376K)->29091K(29376K) NonClass: 25984K(26112K)->25984K(26112K) Class: 3106K(3264K)->3106K(3264K)
[3014.593s][info][gc             ] GC(730) Pause Young (Allocation Failure) 5873M->3578M(5995M) 95.726ms
[3014.593s][info][gc,cpu         ] GC(730) User=0.53s Sys=0.03s Real=0.10s
....[3018.934s][info][gc,start       ] GC(731) Pause Young (Allocation Failure)
[3019.035s][info][gc,heap        ] GC(731) PSYoungGen: 2608768K(2625024K)->157524K(2627584K) Eden: 2458624K(2458624K)->0K(2462208K) From: 150144K(166400K)->157524K(165376K)
[3019.035s][info][gc,heap        ] GC(731) ParOldGen: 3513970K(3514368K)->3619402K(3619840K)
[3019.035s][info][gc,metaspace   ] GC(731) Metaspace: 29091K(29376K)->29091K(29376K) NonClass: 25984K(26112K)->25984K(26112K) Class: 3106K(3264K)->3106K(3264K)
[3019.035s][info][gc             ] GC(731) Pause Young (Allocation Failure) 5979M->3688M(6101M) 100.317ms
[3019.035s][info][gc,cpu         ] GC(731) User=0.56s Sys=0.03s Real=0.10s
.....[3023.376s][info][gc,start       ] GC(732) Pause Young (Allocation Failure)
[3023.472s][info][gc,heap        ] GC(732) PSYoungGen: 2619732K(2627584K)->149600K(2628096K) Eden: 2462208K(2462208K)->0K(2462208K) From: 157524K(165376K)->149600K(165888K)
[3023.472s][info][gc,heap        ] GC(732) ParOldGen: 3619402K(3619840K)->3723394K(3723776K)
[3023.472s][info][gc,metaspace   ] GC(732) Metaspace: 29091K(29376K)->29091K(29376K) NonClass: 25984K(26112K)->25984K(26112K) Class: 3106K(3264K)->3106K(3264K)
[3023.472s][info][gc             ] GC(732) Pause Young (Allocation Failure) 6092M->3782M(6203M) 96.013ms
[3023.472s][info][gc,cpu         ] GC(732) User=0.54s Sys=0.02s Real=0.09s
....[3027.912s][info][gc,start       ] GC(733) Pause Young (Allocation Failure)
[3028.010s][info][gc,heap        ] GC(733) PSYoungGen: 2611808K(2628096K)->154272K(2629120K) Eden: 2462208K(2462208K)->0K(2464768K) From: 149600K(165888K)->154272K(164352K)
[3028.010s][info][gc,heap        ] GC(733) ParOldGen: 3723394K(3723776K)->3827794K(3828224K)
[3028.010s][info][gc,metaspace   ] GC(733) Metaspace: 29091K(29376K)->29091K(29376K) NonClass: 25984K(26112K)->25984K(26112K) Class: 3106K(3264K)->3106K(3264K)
[3028.010s][info][gc             ] GC(733) Pause Young (Allocation Failure) 6186M->3888M(6306M) 98.379ms
[3028.010s][info][gc,cpu         ] GC(733) User=0.56s Sys=0.03s Real=0.09s
.... (rIR:aIR:PR = 3874:3874:3874) (tPR = 57576) [OK] 
  3031s: Performance info:
         Transaction,    Success,    Partial,     Failed,   Receipts, AvgBarcode, 
             Overall,     232991,          0,          0,     221337,      59.48, 
         Response times:
             Request,    Success,    Partial,     Failed,   SkipFail,     Probes,    Samples,      min,      p50,      p90,      p95,      p99,      max, 
       TotalPurchase,     221339,          0,          0,          0,     217327,     232219,      300,     2900,     4800,     5600,    18600,   120000,
     InStorePurchase,     116506,          0,          0,          0,     114428,     122170,      300,     2900,     4800,     5600,    18200,   120000,
      OnlinePurchase,      81503,          0,          0,          0,      80228,      85603,      300,     3100,     4900,     5700,    19200,   115000,
        InstPurchase,      23330,          0,          0,          0,      22671,      24446,      400,     3000,     4900,     5600,    18700,   110000,
          AssocOfCat,        233,          0,          0,          0,        180,        254,    18200,    27000,    35000,    39000,    91950,   135000,
      AssocOfProduct,       2331,          0,          0,          0,       2159,       2469,      400,     3900,     5300,     6400,    23300,   109000,
      BusinessReport,        581,          0,          0,          0,        483,        611,    23000,    34000,    45000,    51000,   131280,   146000,
          CustBuyBeh,       2339,          0,          0,          0,       2153,       2538,      200,     3800,     5100,     5900,    21000,   110000,
       ProductReturn,       6170,          0,          0,          0,       5829,       6474,      200,     3600,     5000,     5900,    21000,   108000,

  3031s: (29%)   IR =   4013 .[3032.327s][info][gc,start       ] GC(734) Pause Young (Allocation Failure)
[3032.423s][info][gc,heap        ] GC(734) PSYoungGen: 2619040K(2629120K)->150496K(2629632K) Eden: 2464768K(2464768K)->0K(2464768K) From: 154272K(164352K)->150496K(164864K)
[3032.423s][info][gc,heap        ] GC(734) ParOldGen: 3827794K(3828224K)->3933682K(3933696K)
[3032.423s][info][gc,metaspace   ] GC(734) Metaspace: 29091K(29376K)->29091K(29376K) NonClass: 25984K(26112K)->25984K(26112K) Class: 3106K(3264K)->3106K(3264K)
[3032.423s][info][gc             ] GC(734) Pause Young (Allocation Failure) 6295M->3988M(6409M) 96.777ms
[3032.423s][info][gc,cpu         ] GC(734) User=0.53s Sys=0.04s Real=0.10s
...|.[3036.582s][info][gc,start       ] GC(735) Pause Young (Allocation Failure)
[3036.683s][info][gc,heap        ] GC(735) PSYoungGen: 2615264K(2629632K)->154724K(2630656K) Eden: 2464768K(2464768K)->0K(2466816K) From: 150496K(164864K)->154724K(163840K)
[3036.683s][info][gc,heap        ] GC(735) ParOldGen: 3933682K(3933696K)->4040066K(4040192K)
[3036.683s][info][gc,metaspace   ] GC(735) Metaspace: 29091K(29376K)->29091K(29376K) NonClass: 25984K(26112K)->25984K(26112K) Class: 3106K(3264K)->3106K(3264K)
[3036.683s][info][gc             ] GC(735) Pause Young (Allocation Failure) 6395M->4096M(6514M) 100.415ms
[3036.683s][info][gc,cpu         ] GC(735) User=0.55s Sys=0.04s Real=0.10s
....[3040.920s][info][gc,start       ] GC(736) Pause Young (Allocation Failure)
[3041.018s][info][gc,heap        ] GC(736) PSYoungGen: 2621540K(2630656K)->154016K(2630656K) Eden: 2466816K(2466816K)->0K(2466816K) From: 154724K(163840K)->154016K(163840K)
[3041.018s][info][gc,heap        ] GC(736) ParOldGen: 4040066K(4040192K)->4143066K(4143104K)
[3041.018s][info][gc,metaspace   ] GC(736) Metaspace: 29091K(29376K)->29091K(29376K) NonClass: 25984K(26112K)->25984K(26112K) Class: 3106K(3264K)->3106K(3264K)
[3041.018s][info][gc             ] GC(736) Pause Young (Allocation Failure) 6505M->4196M(6615M) 98.214ms
[3041.018s][info][gc,cpu         ] GC(736) User=0.54s Sys=0.03s Real=0.10s
....[3045.182s][info][gc,start       ] GC(737) Pause Young (Allocation Failure)
[3045.281s][info][gc,heap        ] GC(737) PSYoungGen: 2620832K(2630656K)->153552K(2630656K) Eden: 2466816K(2466816K)->0K(2468864K) From: 154016K(163840K)->153552K(161792K)
[3045.281s][info][gc,heap        ] GC(737) ParOldGen: 4143066K(4143104K)->4248778K(4249088K)
[3045.281s][info][gc,metaspace   ] GC(737) Metaspace: 29091K(29376K)->29091K(29376K) NonClass: 25984K(26112K)->25984K(26112K) Class: 3106K(3264K)->3106K(3264K)
[3045.281s][info][gc             ] GC(737) Pause Young (Allocation Failure) 6605M->4299M(6718M) 98.796ms
[3045.281s][info][gc,cpu         ] GC(737) User=0.56s Sys=0.02s Real=0.09s
.....[3049.548s][info][gc,start       ] GC(738) Pause Young (Allocation Failure)
[3049.645s][info][gc,heap        ] GC(738) PSYoungGen: 2622416K(2630656K)->153248K(2631168K) Eden: 2468864K(2468864K)->0K(2468864K) From: 153552K(161792K)->153248K(162304K)
[3049.645s][info][gc,heap        ] GC(738) ParOldGen: 4248778K(4249088K)->4352842K(4353024K)
[3049.645s][info][gc,metaspace   ] GC(738) Metaspace: 29091K(29376K)->29091K(29376K) NonClass: 25984K(26112K)->25984K(26112K) Class: 3106K(3264K)->3106K(3264K)
[3049.645s][info][gc             ] GC(738) Pause Young (Allocation Failure) 6710M->4400M(6820M) 97.442ms
[3049.645s][info][gc,cpu         ] GC(738) User=0.53s Sys=0.04s Real=0.10s
....[3053.786s][info][gc,start       ] GC(739) Pause Young (Allocation Failure)
[3053.883s][info][gc,heap        ] GC(739) PSYoungGen: 2622112K(2631168K)->151456K(2632704K) Eden: 2468864K(2468864K)->0K(2471936K) From: 153248K(162304K)->151456K(160768K)
[3053.883s][info][gc,heap        ] GC(739) ParOldGen: 4352842K(4353024K)->4459946K(4460032K)
[3053.883s][info][gc,metaspace   ] GC(739) Metaspace: 29091K(29376K)->29091K(29376K) NonClass: 25984K(26112K)->25984K(26112K) Class: 3106K(3264K)->3106K(3264K)
[3053.883s][info][gc             ] GC(739) Pause Young (Allocation Failure) 6811M->4503M(6926M) 97.071ms
[3053.883s][info][gc,cpu         ] GC(739) User=0.54s Sys=0.03s Real=0.10s
....[3058.083s][info][gc,start       ] GC(740) Pause Young (Allocation Failure)
[3058.179s][info][gc,heap        ] GC(740) PSYoungGen: 2623392K(2632704K)->147392K(2633216K) Eden: 2471936K(2471936K)->0K(2471936K) From: 151456K(160768K)->147392K(161280K)
[3058.179s][info][gc,heap        ] GC(740) ParOldGen: 4459946K(4460032K)->4563802K(4563968K)
[3058.179s][info][gc,metaspace   ] GC(740) Metaspace: 29091K(29376K)->29091K(29376K) NonClass: 25984K(26112K)->25984K(26112K) Class: 3106K(3264K)->3106K(3264K)
[3058.179s][info][gc             ] GC(740) Pause Young (Allocation Failure) 6917M->4600M(7028M) 96.378ms
[3058.179s][info][gc,cpu         ] GC(740) User=0.53s Sys=0.03s Real=0.09s
.....[3062.418s][info][gc,start       ] GC(741) Pause Young (Allocation Failure)
[3062.515s][info][gc,heap        ] GC(741) PSYoungGen: 2619328K(2633216K)->149824K(2633728K) Eden: 2471936K(2471936K)->0K(2473472K) From: 147392K(161280K)->149824K(160256K)
[3062.515s][info][gc,heap        ] GC(741) ParOldGen: 4563802K(4563968K)->4667498K(4667904K)
[3062.515s][info][gc,metaspace   ] GC(741) Metaspace: 29091K(29376K)->29091K(29376K) NonClass: 25984K(26112K)->25984K(26112K) Class: 3106K(3264K)->3106K(3264K)
[3062.515s][info][gc             ] GC(741) Pause Young (Allocation Failure) 7014M->4704M(7130M) 96.798ms
[3062.515s][info][gc,cpu         ] GC(741) User=0.54s Sys=0.03s Real=0.10s
....[3066.602s][info][gc,start       ] GC(742) Pause Young (Allocation Failure)
[3066.700s][info][gc,heap        ] GC(742) PSYoungGen: 2623296K(2633728K)->148464K(2634240K) Eden: 2473472K(2473472K)->0K(2473472K) From: 149824K(160256K)->148464K(160768K)
[3066.700s][info][gc,heap        ] GC(742) ParOldGen: 4667498K(4667904K)->4773194K(4773376K)
[3066.700s][info][gc,metaspace   ] GC(742) Metaspace: 29091K(29376K)->29091K(29376K) NonClass: 25984K(26112K)->25984K(26112K) Class: 3106K(3264K)->3106K(3264K)
[3066.700s][info][gc             ] GC(742) Pause Young (Allocation Failure) 7119M->4806M(7234M) 98.199ms
[3066.700s][info][gc,cpu         ] GC(742) User=0.55s Sys=0.03s Real=0.09s
....[3070.983s][info][gc,start       ] GC(743) Pause Young (Allocation Failure)
[3071.083s][info][gc,heap        ] GC(743) PSYoungGen: 2621936K(2634240K)->154549K(2634752K) Eden: 2473472K(2473472K)->0K(2474496K) From: 148464K(160768K)->154549K(160256K)
[3071.083s][info][gc,heap        ] GC(743) ParOldGen: 4773194K(4773376K)->4875554K(4875776K)
[3071.083s][info][gc,metaspace   ] GC(743) Metaspace: 29091K(29376K)->29091K(29376K) NonClass: 25984K(26112K)->25984K(26112K) Class: 3106K(3264K)->3106K(3264K)
[3071.083s][info][gc             ] GC(743) Pause Young (Allocation Failure) 7221M->4912M(7334M) 99.758ms
[3071.083s][info][gc,cpu         ] GC(743) User=0.54s Sys=0.04s Real=0.10s
.....[3075.382s][info][gc,start       ] GC(744) Pause Young (Allocation Failure)
[3075.482s][info][gc,heap        ] GC(744) PSYoungGen: 2629045K(2634752K)->152368K(2627072K) Eden: 2474496K(2474496K)->0K(2474496K) From: 154549K(160256K)->152368K(152576K)
[3075.482s][info][gc,heap        ] GC(744) ParOldGen: 4875554K(4875776K)->4980786K(4981248K)
[3075.482s][info][gc,metaspace   ] GC(744) Metaspace: 29091K(29376K)->29091K(29376K) NonClass: 25984K(26112K)->25984K(26112K) Class: 3106K(3264K)->3106K(3264K)
[3075.482s][info][gc             ] GC(744) Pause Young (Allocation Failure) 7328M->5012M(7430M) 99.574ms
[3075.482s][info][gc,cpu         ] GC(744) User=0.56s Sys=0.03s Real=0.10s
....[3079.600s][info][gc,start       ] GC(745) Pause Young (Allocation Failure)
[3079.699s][info][gc,heap        ] GC(745) PSYoungGen: 2626864K(2627072K)->155796K(2633728K) Eden: 2474496K(2474496K)->0K(2473984K) From: 152368K(152576K)->155796K(159744K)
[3079.699s][info][gc,heap        ] GC(745) ParOldGen: 4980786K(4981248K)->5086442K(5086720K)
[3079.699s][info][gc,metaspace   ] GC(745) Metaspace: 29091K(29376K)->29091K(29376K) NonClass: 25984K(26112K)->25984K(26112K) Class: 3106K(3264K)->3106K(3264K)
[3079.699s][info][gc             ] GC(745) Pause Young (Allocation Failure) 7429M->5119M(7539M) 99.722ms
[3079.699s][info][gc,cpu         ] GC(745) User=0.55s Sys=0.03s Real=0.10s
....[3083.888s][info][gc,start       ] GC(746) Pause Young (Allocation Failure)
[3083.985s][info][gc,heap        ] GC(746) PSYoungGen: 2629780K(2633728K)->152672K(2634752K) Eden: 2473984K(2473984K)->0K(2473984K) From: 155796K(159744K)->152672K(160768K)
[3083.985s][info][gc,heap        ] GC(746) ParOldGen: 5086442K(5086720K)->5189842K(5190144K)
[3083.985s][info][gc,metaspace   ] GC(746) Metaspace: 29091K(29376K)->29091K(29376K) NonClass: 25984K(26112K)->25984K(26112K) Class: 3106K(3264K)->3106K(3264K)
[3083.986s][info][gc             ] GC(746) Pause Young (Allocation Failure) 7535M->5217M(7641M) 97.469ms
[3083.986s][info][gc,cpu         ] GC(746) User=0.54s Sys=0.03s Real=0.10s
....[3088.225s][info][gc,start       ] GC(747) Pause Young (Allocation Failure)
[3088.322s][info][gc,heap        ] GC(747) PSYoungGen: 2626656K(2634752K)->149056K(2633728K) Eden: 2473984K(2473984K)->0K(2475008K) From: 152672K(160768K)->149056K(158720K)
[3088.322s][info][gc,heap        ] GC(747) ParOldGen: 5189842K(5190144K)->5294122K(5294592K)
[3088.322s][info][gc,metaspace   ] GC(747) Metaspace: 29091K(29376K)->29091K(29376K) NonClass: 25984K(26112K)->25984K(26112K) Class: 3106K(3264K)->3106K(3264K)
[3088.322s][info][gc             ] GC(747) Pause Young (Allocation Failure) 7633M->5315M(7742M) 97.501ms
[3088.322s][info][gc,cpu         ] GC(747) User=0.53s Sys=0.04s Real=0.10s
.....[3092.502s][info][gc,start       ] GC(748) Pause Young (Allocation Failure)
[3092.603s][info][gc,heap        ] GC(748) PSYoungGen: 2624064K(2633728K)->149056K(2634752K) Eden: 2475008K(2475008K)->0K(2475008K) From: 149056K(158720K)->149056K(159744K)
[3092.603s][info][gc,heap        ] GC(748) ParOldGen: 5294122K(5294592K)->5399306K(5399552K)
[3092.603s][info][gc,metaspace   ] GC(748) Metaspace: 29091K(29376K)->29091K(29376K) NonClass: 25984K(26112K)->25984K(26112K) Class: 3106K(3264K)->3106K(3264K)
[3092.603s][info][gc             ] GC(748) Pause Young (Allocation Failure) 7732M->5418M(7846M) 101.034ms
[3092.603s][info][gc,cpu         ] GC(748) User=0.54s Sys=0.04s Real=0.10s
... (rIR:aIR:PR = 4013:4014:4014) (tPR = 60056) [OK] 
  3095s: Performance info:
         Transaction,    Success,    Partial,     Failed,   Receipts, AvgBarcode, 
             Overall,     241365,          0,          0,     229293,      59.47, 
         Response times:
             Request,    Success,    Partial,     Failed,   SkipFail,     Probes,    Samples,      min,      p50,      p90,      p95,      p99,      max, 
       TotalPurchase,     229293,          0,          0,          0,     224946,     240229,      300,     3100,     5100,     6200,    23000,   133000,
     InStorePurchase,     120731,          0,          0,          0,     118902,     126687,      300,     3200,     5200,     6200,    23000,   133000,
      OnlinePurchase,      84440,          0,          0,          0,      82650,      88273,      300,     3000,     5000,     6100,    21000,   133000,
        InstPurchase,      24122,          0,          0,          0,      23394,      25269,      400,     3200,     5300,     6300,    25000,   127000,
          AssocOfCat,        242,          0,          0,          0,        187,        261,    18700,    27000,    35000,    38900,    53280,   123000,
      AssocOfProduct,       2406,          0,          0,          0,       2200,       2531,     1000,     3800,     5500,     6540,    25000,   105000,
      BusinessReport,        602,          0,          0,          0,        512,        612,    26000,    35000,    47700,    55350,   138350,   152000,
          CustBuyBeh,       2414,          0,          0,          0,       2192,       2485,      100,     3400,     5400,     6370,    28000,   106000,
       ProductReturn,       6408,          0,          0,          0,       5931,       6469,      200,     2600,     4900,     6000,    23300,   142000,

  3095s: (30%)   IR =   4151 .[3096.846s][info][gc,start       ] GC(749) Pause Young (Allocation Failure)
[3096.954s][info][gc,heap        ] GC(749) PSYoungGen: 2624064K(2634752K)->159728K(2550272K) Eden: 2475008K(2475008K)->0K(2390528K) From: 149056K(159744K)->159728K(159744K)
[3096.954s][info][gc,heap        ] GC(749) ParOldGen: 5399306K(5399552K)->5510362K(5510656K)
[3096.954s][info][gc,metaspace   ] GC(749) Metaspace: 29091K(29376K)->29091K(29376K) NonClass: 25984K(26112K)->25984K(26112K) Class: 3106K(3264K)->3106K(3264K)
[3096.954s][info][gc             ] GC(749) Pause Young (Allocation Failure) 7835M->5537M(7872M) 107.424ms
[3096.954s][info][gc,cpu         ] GC(749) User=0.59s Sys=0.05s Real=0.11s
....|[3100.860s][info][gc,start       ] GC(750) Pause Full (Allocation Failure)
[3100.860s][info][gc,phases,start] GC(750) Marking Phase
[3101.164s][info][gc,phases      ] GC(750) Marking Phase 304.123ms
[3101.164s][info][gc,phases,start] GC(750) Summary Phase
[3101.164s][info][gc,phases      ] GC(750) Summary Phase 0.097ms
[3101.164s][info][gc,phases,start] GC(750) Forward
[3101.297s][info][gc,phases      ] GC(750) Forward 133.195ms
[3101.297s][info][gc,phases,start] GC(750) Adjust Pointers
[3101.507s][info][gc,phases      ] GC(750) Adjust Pointers 209.885ms
[3101.507s][info][gc,phases,start] GC(750) Compaction Phase
[3101.654s][info][gc,phases      ] GC(750) Compaction Phase 146.986ms
[3101.655s][info][gc,phases,start] GC(750) Post Compact
[3101.662s][info][gc,phases      ] GC(750) Post Compact 6.771ms
[3101.783s][info][gc,heap        ] GC(750) PSYoungGen: 2550256K(2550272K)->0K(2593280K) Eden: 2390528K(2390528K)->0K(2390528K) From: 159728K(159744K)->0K(202752K)
[3101.783s][info][gc,heap        ] GC(750) ParOldGen: 5510362K(5510656K)->1610062K(1859072K)
[3101.783s][info][gc,metaspace   ] GC(750) Metaspace: 29091K(29376K)->29091K(29376K) NonClass: 25984K(26112K)->25984K(26112K) Class: 3106K(3264K)->3106K(3264K)
[3101.783s][info][gc             ] GC(750) Pause Full (Allocation Failure) 7871M->1572M(4348M) 923.298ms
[3101.783s][info][gc,cpu         ] GC(750) User=4.28s Sys=0.12s Real=0.93s
....[3104.842s][info][gc,start       ] GC(751) Pause Young (Allocation Failure)
[3104.903s][info][gc,heap        ] GC(751) PSYoungGen: 2390528K(2593280K)->148448K(2591232K) Eden: 2390528K(2390528K)->0K(2390528K) From: 0K(202752K)->148448K(200704K)
[3104.903s][info][gc,heap        ] GC(751) ParOldGen: 1610062K(1859072K)->1610062K(1859072K)
[3104.903s][info][gc,metaspace   ] GC(751) Metaspace: 29091K(29376K)->29091K(29376K) NonClass: 25984K(26112K)->25984K(26112K) Class: 3106K(3264K)->3106K(3264K)
[3104.903s][info][gc             ] GC(751) Pause Young (Allocation Failure) 3906M->1717M(4346M) 61.126ms
[3104.903s][info][gc,cpu         ] GC(751) User=0.36s Sys=0.00s Real=0.07s
....[3108.938s][info][gc,start       ] GC(752) Pause Young (Allocation Failure)
[3109.028s][info][gc,heap        ] GC(752) PSYoungGen: 2538976K(2591232K)->150144K(2592256K) Eden: 2390528K(2390528K)->0K(2390528K) From: 148448K(200704K)->150144K(201728K)
[3109.028s][info][gc,heap        ] GC(752) ParOldGen: 1610062K(1859072K)->1712062K(1859072K)
[3109.028s][info][gc,metaspace   ] GC(752) Metaspace: 29091K(29376K)->29091K(29376K) NonClass: 25984K(26112K)->25984K(26112K) Class: 3106K(3264K)->3106K(3264K)
[3109.028s][info][gc             ] GC(752) Pause Young (Allocation Failure) 4051M->1818M(4347M) 90.223ms
[3109.028s][info][gc,cpu         ] GC(752) User=0.53s Sys=0.00s Real=0.09s
....[3112.953s][info][gc,start       ] GC(753) Pause Young (Allocation Failure)
[3113.042s][info][gc,heap        ] GC(753) PSYoungGen: 2540672K(2592256K)->144832K(2593280K) Eden: 2390528K(2390528K)->0K(2394624K) From: 150144K(201728K)->144832K(198656K)
[3113.042s][info][gc,heap        ] GC(753) ParOldGen: 1712062K(1859072K)->1815902K(1859072K)
[3113.042s][info][gc,metaspace   ] GC(753) Metaspace: 29091K(29376K)->29091K(29376K) NonClass: 25984K(26112K)->25984K(26112K) Class: 3106K(3264K)->3106K(3264K)
[3113.042s][info][gc             ] GC(753) Pause Young (Allocation Failure) 4153M->1914M(4348M) 88.502ms
[3113.042s][info][gc,cpu         ] GC(753) User=0.53s Sys=0.00s Real=0.09s
....[3116.960s][info][gc,start       ] GC(754) Pause Young (Allocation Failure)
[3117.050s][info][gc,heap        ] GC(754) PSYoungGen: 2539456K(2593280K)->141280K(2593280K) Eden: 2394624K(2394624K)->0K(2394624K) From: 144832K(198656K)->141280K(198656K)
[3117.050s][info][gc,heap        ] GC(754) ParOldGen: 1815902K(1859072K)->1919654K(1920000K)
[3117.050s][info][gc,metaspace   ] GC(754) Metaspace: 29091K(29376K)->29091K(29376K) NonClass: 25984K(26112K)->25984K(26112K) Class: 3106K(3264K)->3106K(3264K)
[3117.050s][info][gc             ] GC(754) Pause Young (Allocation Failure) 4253M->2012M(4407M) 90.610ms
[3117.050s][info][gc,cpu         ] GC(754) User=0.51s Sys=0.02s Real=0.09s
....[3120.972s][info][gc,start       ] GC(755) Pause Young (Allocation Failure)
[3121.065s][info][gc,heap        ] GC(755) PSYoungGen: 2535904K(2593280K)->142848K(2595328K) Eden: 2394624K(2394624K)->0K(2399744K) From: 141280K(198656K)->142848K(195584K)
[3121.065s][info][gc,heap        ] GC(755) ParOldGen: 1919654K(1920000K)->2020854K(2020864K)
[3121.065s][info][gc,metaspace   ] GC(755) Metaspace: 29091K(29376K)->29091K(29376K) NonClass: 25984K(26112K)->25984K(26112K) Class: 3106K(3264K)->3106K(3264K)
[3121.065s][info][gc             ] GC(755) Pause Young (Allocation Failure) 4351M->2112M(4508M) 92.978ms
[3121.065s][info][gc,cpu         ] GC(755) User=0.52s Sys=0.03s Real=0.09s
....[3125.086s][info][gc,start       ] GC(756) Pause Young (Allocation Failure)
[3125.179s][info][gc,heap        ] GC(756) PSYoungGen: 2542592K(2595328K)->147072K(2595840K) Eden: 2399744K(2399744K)->0K(2399744K) From: 142848K(195584K)->147072K(196096K)
[3125.180s][info][gc,heap        ] GC(756) ParOldGen: 2020854K(2020864K)->2122854K(2123264K)
[3125.180s][info][gc,metaspace   ] GC(756) Metaspace: 29091K(29376K)->29091K(29376K) NonClass: 25984K(26112K)->25984K(26112K) Class: 3106K(3264K)->3106K(3264K)
[3125.180s][info][gc             ] GC(756) Pause Young (Allocation Failure) 4456M->2216M(4608M) 93.917ms
[3125.180s][info][gc,cpu         ] GC(756) User=0.51s Sys=0.04s Real=0.09s
....[3129.091s][info][gc,start       ] GC(757) Pause Young (Allocation Failure)
[3129.186s][info][gc,heap        ] GC(757) PSYoungGen: 2546816K(2595840K)->148160K(2596864K) Eden: 2399744K(2399744K)->0K(2406400K) From: 147072K(196096K)->148160K(190464K)
[3129.186s][info][gc,heap        ] GC(757) ParOldGen: 2122854K(2123264K)->2227846K(2228224K)
[3129.186s][info][gc,metaspace   ] GC(757) Metaspace: 29091K(29376K)->29091K(29376K) NonClass: 25984K(26112K)->25984K(26112K) Class: 3106K(3264K)->3106K(3264K)
[3129.186s][info][gc             ] GC(757) Pause Young (Allocation Failure) 4560M->2320M(4712M) 94.748ms
[3129.186s][info][gc,cpu         ] GC(757) User=0.53s Sys=0.04s Real=0.10s
....[3133.086s][info][gc,start       ] GC(758) Pause Young (Allocation Failure)
[3133.179s][info][gc,heap        ] GC(758) PSYoungGen: 2554560K(2596864K)->144256K(2597376K) Eden: 2406400K(2406400K)->0K(2406400K) From: 148160K(190464K)->144256K(190976K)
[3133.179s][info][gc,heap        ] GC(758) ParOldGen: 2227846K(2228224K)->2329326K(2329600K)
[3133.179s][info][gc,metaspace   ] GC(758) Metaspace: 29091K(29376K)->29091K(29376K) NonClass: 25984K(26112K)->25984K(26112K) Class: 3106K(3264K)->3106K(3264K)
[3133.179s][info][gc             ] GC(758) Pause Young (Allocation Failure) 4670M->2415M(4811M) 92.434ms
[3133.179s][info][gc,cpu         ] GC(758) User=0.50s Sys=0.03s Real=0.09s
....[3137.256s][info][gc,start       ] GC(759) Pause Young (Allocation Failure)
[3137.352s][info][gc,heap        ] GC(759) PSYoungGen: 2550656K(2597376K)->155424K(2601472K) Eden: 2406400K(2406400K)->0K(2416128K) From: 144256K(190976K)->155424K(185344K)
[3137.352s][info][gc,heap        ] GC(759) ParOldGen: 2329326K(2329600K)->2431750K(2432000K)
[3137.353s][info][gc,metaspace   ] GC(759) Metaspace: 29091K(29376K)->29091K(29376K) NonClass: 25984K(26112K)->25984K(26112K) Class: 3106K(3264K)->3106K(3264K)
[3137.353s][info][gc             ] GC(759) Pause Young (Allocation Failure) 4765M->2526M(4915M) 96.942ms
[3137.353s][info][gc,cpu         ] GC(759) User=0.55s Sys=0.03s Real=0.10s
....[3141.271s][info][gc,start       ] GC(760) Pause Young (Allocation Failure)
[3141.366s][info][gc,heap        ] GC(760) PSYoungGen: 2571552K(2601472K)->145120K(2602496K) Eden: 2416128K(2416128K)->0K(2416128K) From: 155424K(185344K)->145120K(186368K)
[3141.366s][info][gc,heap        ] GC(760) ParOldGen: 2431750K(2432000K)->2538254K(2538496K)
[3141.366s][info][gc,metaspace   ] GC(760) Metaspace: 29091K(29376K)->29091K(29376K) NonClass: 25984K(26112K)->25984K(26112K) Class: 3106K(3264K)->3106K(3264K)
[3141.366s][info][gc             ] GC(760) Pause Young (Allocation Failure) 4886M->2620M(5020M) 95.289ms
[3141.366s][info][gc,cpu         ] GC(760) User=0.54s Sys=0.03s Real=0.10s
....[3145.346s][info][gc,start       ] GC(761) Pause Young (Allocation Failure)
[3145.440s][info][gc,heap        ] GC(761) PSYoungGen: 2561248K(2602496K)->147744K(2606592K) Eden: 2416128K(2416128K)->0K(2425344K) From: 145120K(186368K)->147744K(181248K)
[3145.440s][info][gc,heap        ] GC(761) ParOldGen: 2538254K(2538496K)->2639926K(2640384K)
[3145.440s][info][gc,metaspace   ] GC(761) Metaspace: 29091K(29376K)->29091K(29376K) NonClass: 25984K(26112K)->25984K(26112K) Class: 3106K(3264K)->3106K(3264K)
[3145.440s][info][gc             ] GC(761) Pause Young (Allocation Failure) 4979M->2722M(5124M) 93.743ms
[3145.440s][info][gc,cpu         ] GC(761) User=0.52s Sys=0.02s Real=0.09s
....[3149.381s][info][gc,start       ] GC(762) Pause Young (Allocation Failure)
[3149.479s][info][gc,heap        ] GC(762) PSYoungGen: 2573088K(2606592K)->154533K(2607616K) Eden: 2425344K(2425344K)->0K(2425344K) From: 147744K(181248K)->154533K(182272K)
[3149.479s][info][gc,heap        ] GC(762) ParOldGen: 2639926K(2640384K)->2744086K(2744320K)
[3149.479s][info][gc,metaspace   ] GC(762) Metaspace: 29091K(29376K)->29091K(29376K) NonClass: 25984K(26112K)->25984K(26112K) Class: 3106K(3264K)->3106K(3264K)
[3149.479s][info][gc             ] GC(762) Pause Young (Allocation Failure) 5090M->2830M(5226M) 97.867ms
[3149.479s][info][gc,cpu         ] GC(762) User=0.53s Sys=0.05s Real=0.10s
....[3153.505s][info][gc,start       ] GC(763) Pause Young (Allocation Failure)
[3153.605s][info][gc,heap        ] GC(763) PSYoungGen: 2579877K(2607616K)->159104K(2613248K) Eden: 2425344K(2425344K)->0K(2433024K) From: 154533K(182272K)->159104K(180224K)
[3153.605s][info][gc,heap        ] GC(763) ParOldGen: 2744086K(2744320K)->2846718K(2846720K)
[3153.605s][info][gc,metaspace   ] GC(763) Metaspace: 29091K(29376K)->29091K(29376K) NonClass: 25984K(26112K)->25984K(26112K) Class: 3106K(3264K)->3106K(3264K)
[3153.605s][info][gc             ] GC(763) Pause Young (Allocation Failure) 5199M->2935M(5332M) 99.580ms
[3153.605s][info][gc,cpu         ] GC(763) User=0.56s Sys=0.03s Real=0.10s
....[3157.707s][info][gc,start       ] GC(764) Pause Young (Allocation Failure)
[3157.803s][info][gc,heap        ] GC(764) PSYoungGen: 2592128K(2613248K)->151104K(2612736K) Eden: 2433024K(2433024K)->0K(2433024K) From: 159104K(180224K)->151104K(179712K)
[3157.803s][info][gc,heap        ] GC(764) ParOldGen: 2846718K(2846720K)->2950286K(2950656K)
[3157.803s][info][gc,metaspace   ] GC(764) Metaspace: 29091K(29376K)->29091K(29376K) NonClass: 25984K(26112K)->25984K(26112K) Class: 3106K(3264K)->3106K(3264K)
[3157.803s][info][gc             ] GC(764) Pause Young (Allocation Failure) 5311M->3028M(5433M) 95.900ms
[3157.803s][info][gc,cpu         ] GC(764) User=0.53s Sys=0.03s Real=0.10s
.... (rIR:aIR:PR = 4151:4153:4153) (tPR = 62018) [OK] 
  3160s: Performance info:
         Transaction,    Success,    Partial,     Failed,   Receipts, AvgBarcode, 
             Overall,     251127,          0,          0,     238597,      59.48, 
         Response times:
             Request,    Success,    Partial,     Failed,   SkipFail,     Probes,    Samples,      min,      p50,      p90,      p95,      p99,      max, 
       TotalPurchase,     238597,          0,          0,          0,     231965,     254226,      300,     3200,     5600,     9100,   258000,   940000,
     InStorePurchase,     125642,          0,          0,          0,     122387,     133928,      300,     3200,     5600,     9000,   254710,   940000,
      OnlinePurchase,      87868,          0,          0,          0,      85473,      93509,      300,     3100,     5500,     8900,   253000,   940000,
        InstPurchase,      25087,          0,          0,          0,      24105,      26789,      400,     3900,     6000,    10300,   292200,   930000,
          AssocOfCat,        246,          0,          0,          0,        200,        288,    19700,    29000,    44200,    81300,   326110,   422000,
      AssocOfProduct,       2508,          0,          0,          0,       2277,       2667,      500,     1900,     5320,     7500,   174600,   357000,
      BusinessReport,        622,          0,          0,          0,        514,        647,    24000,    35000,    49000,    57000,   177760,   330000,
          CustBuyBeh,       2503,          0,          0,          0,       2267,       2698,      100,     3100,     5700,     7200,   336000,   371000,
       ProductReturn,       6651,          0,          0,          0,       6279,       7147,      200,     2900,     5300,     9520,   255000,   381000,

  3160s: (31%)   IR =   4289 [3161.727s][info][gc,start       ] GC(765) Pause Young (Allocation Failure)
[3161.822s][info][gc,heap        ] GC(765) PSYoungGen: 2584128K(2612736K)->150688K(2614272K) Eden: 2433024K(2433024K)->0K(2438144K) From: 151104K(179712K)->150688K(176128K)
[3161.822s][info][gc,heap        ] GC(765) ParOldGen: 2950286K(2950656K)->3054758K(3055104K)
[3161.822s][info][gc,metaspace   ] GC(765) Metaspace: 29091K(29376K)->29091K(29376K) NonClass: 25984K(26112K)->25984K(26112K) Class: 3106K(3264K)->3106K(3264K)
[3161.822s][info][gc             ] GC(765) Pause Young (Allocation Failure) 5404M->3130M(5536M) 95.160ms
[3161.822s][info][gc,cpu         ] GC(765) User=0.53s Sys=0.03s Real=0.10s
....[3165.746s][info][gc,start       ] GC(766) Pause Young (Allocation Failure)
[3165.847s][info][gc,heap        ] GC(766) PSYoungGen: 2588832K(2614272K)->158149K(2613760K) Eden: 2438144K(2438144K)->0K(2438144K) From: 150688K(176128K)->158149K(175616K)
[3165.847s][info][gc,heap        ] GC(766) ParOldGen: 3054758K(3055104K)->3158310K(3158528K)
[3165.847s][info][gc,metaspace   ] GC(766) Metaspace: 29091K(29376K)->29091K(29376K) NonClass: 25984K(26112K)->25984K(26112K) Class: 3106K(3264K)->3106K(3264K)
[3165.847s][info][gc             ] GC(766) Pause Young (Allocation Failure) 5511M->3238M(5637M) 100.498ms
[3165.847s][info][gc,cpu         ] GC(766) User=0.57s Sys=0.02s Real=0.10s
.|...[3169.700s][info][gc,start       ] GC(767) Pause Young (Allocation Failure)
[3169.799s][info][gc,heap        ] GC(767) PSYoungGen: 2596293K(2613760K)->155588K(2619392K) Eden: 2438144K(2438144K)->0K(2445312K) From: 158149K(175616K)->155588K(174080K)
[3169.799s][info][gc,heap        ] GC(767) ParOldGen: 3158310K(3158528K)->3264294K(3264512K)
[3169.799s][info][gc,metaspace   ] GC(767) Metaspace: 29091K(29376K)->29091K(29376K) NonClass: 25984K(26112K)->25984K(26112K) Class: 3106K(3264K)->3106K(3264K)
[3169.799s][info][gc             ] GC(767) Pause Young (Allocation Failure) 5619M->3339M(5746M) 98.562ms
[3169.799s][info][gc,cpu         ] GC(767) User=0.55s Sys=0.03s Real=0.10s
....[3173.701s][info][gc,start       ] GC(768) Pause Young (Allocation Failure)
[3173.798s][info][gc,heap        ] GC(768) PSYoungGen: 2600900K(2619392K)->151264K(2619392K) Eden: 2445312K(2445312K)->0K(2445312K) From: 155588K(174080K)->151264K(174080K)
[3173.798s][info][gc,heap        ] GC(768) ParOldGen: 3264294K(3264512K)->3368574K(3368960K)
[3173.798s][info][gc,metaspace   ] GC(768) Metaspace: 29091K(29376K)->29091K(29376K) NonClass: 25984K(26112K)->25984K(26112K) Class: 3106K(3264K)->3106K(3264K)
[3173.798s][info][gc             ] GC(768) Pause Young (Allocation Failure) 5727M->3437M(5848M) 96.884ms
[3173.798s][info][gc,cpu         ] GC(768) User=0.54s Sys=0.04s Real=0.10s
....[3177.615s][info][gc,start       ] GC(769) Pause Young (Allocation Failure)
[3177.711s][info][gc,heap        ] GC(769) PSYoungGen: 2596576K(2619392K)->148160K(2620416K) Eden: 2445312K(2445312K)->0K(2448384K) From: 151264K(174080K)->148160K(172032K)
[3177.711s][info][gc,heap        ] GC(769) ParOldGen: 3368574K(3368960K)->3473174K(3473408K)
[3177.711s][info][gc,metaspace   ] GC(769) Metaspace: 29091K(29376K)->29091K(29376K) NonClass: 25984K(26112K)->25984K(26112K) Class: 3106K(3264K)->3106K(3264K)
[3177.711s][info][gc             ] GC(769) Pause Young (Allocation Failure) 5825M->3536M(5951M) 96.327ms
[3177.712s][info][gc,cpu         ] GC(769) User=0.53s Sys=0.04s Real=0.09s
....[3181.673s][info][gc,start       ] GC(770) Pause Young (Allocation Failure)
[3181.772s][info][gc,heap        ] GC(770) PSYoungGen: 2596544K(2620416K)->154929K(2619904K) Eden: 2448384K(2448384K)->0K(2448384K) From: 148160K(172032K)->154929K(171520K)
[3181.772s][info][gc,heap        ] GC(770) ParOldGen: 3473174K(3473408K)->3575478K(3575808K)
[3181.772s][info][gc,metaspace   ] GC(770) Metaspace: 29091K(29376K)->29091K(29376K) NonClass: 25984K(26112K)->25984K(26112K) Class: 3106K(3264K)->3106K(3264K)
[3181.772s][info][gc             ] GC(770) Pause Young (Allocation Failure) 5927M->3642M(6050M) 98.116ms
[3181.772s][info][gc,cpu         ] GC(770) User=0.55s Sys=0.03s Real=0.09s
....[3185.585s][info][gc,start       ] GC(771) Pause Young (Allocation Failure)
[3185.681s][info][gc,heap        ] GC(771) PSYoungGen: 2603313K(2619904K)->148384K(2623488K) Eden: 2448384K(2448384K)->0K(2453504K) From: 154929K(171520K)->148384K(169984K)
[3185.681s][info][gc,heap        ] GC(771) ParOldGen: 3575478K(3575808K)->3681558K(3681792K)
[3185.681s][info][gc,metaspace   ] GC(771) Metaspace: 29091K(29376K)->29091K(29376K) NonClass: 25984K(26112K)->25984K(26112K) Class: 3106K(3264K)->3106K(3264K)
[3185.681s][info][gc             ] GC(771) Pause Young (Allocation Failure) 6033M->3740M(6157M) 96.447ms
[3185.681s][info][gc,cpu         ] GC(771) User=0.54s Sys=0.03s Real=0.09s
....[3189.525s][info][gc,start       ] GC(772) Pause Young (Allocation Failure)
[3189.621s][info][gc,heap        ] GC(772) PSYoungGen: 2601888K(2623488K)->150496K(2622976K) Eden: 2453504K(2453504K)->0K(2453504K) From: 148384K(169984K)->150496K(169472K)
[3189.621s][info][gc,heap        ] GC(772) ParOldGen: 3681558K(3681792K)->3785774K(3786240K)
[3189.621s][info][gc,metaspace   ] GC(772) Metaspace: 29091K(29376K)->29091K(29376K) NonClass: 25984K(26112K)->25984K(26112K) Class: 3106K(3264K)->3106K(3264K)
[3189.621s][info][gc             ] GC(772) Pause Young (Allocation Failure) 6136M->3844M(6259M) 96.589ms
[3189.621s][info][gc,cpu         ] GC(772) User=0.53s Sys=0.03s Real=0.09s
....[3193.559s][info][gc,start       ] GC(773) Pause Young (Allocation Failure)
[3193.657s][info][gc,heap        ] GC(773) PSYoungGen: 2604000K(2622976K)->154432K(2625024K) Eden: 2453504K(2453504K)->0K(2457088K) From: 150496K(169472K)->154432K(167936K)
[3193.657s][info][gc,heap        ] GC(773) ParOldGen: 3785774K(3786240K)->3888190K(3888640K)
[3193.657s][info][gc,metaspace   ] GC(773) Metaspace: 29091K(29376K)->29091K(29376K) NonClass: 25984K(26112K)->25984K(26112K) Class: 3106K(3264K)->3106K(3264K)
[3193.657s][info][gc             ] GC(773) Pause Young (Allocation Failure) 6240M->3947M(6361M) 97.987ms
[3193.657s][info][gc,cpu         ] GC(773) User=0.54s Sys=0.03s Real=0.10s
....[3197.646s][info][gc,start       ] GC(774) Pause Young (Allocation Failure)
[3197.747s][info][gc,heap        ] GC(774) PSYoungGen: 2611520K(2625024K)->159445K(2624512K) Eden: 2457088K(2457088K)->0K(2457088K) From: 154432K(167936K)->159445K(167424K)
[3197.747s][info][gc,heap        ] GC(774) ParOldGen: 3888190K(3888640K)->3992470K(3992576K)
[3197.747s][info][gc,metaspace   ] GC(774) Metaspace: 29091K(29376K)->29091K(29376K) NonClass: 25984K(26112K)->25984K(26112K) Class: 3106K(3264K)->3106K(3264K)
[3197.747s][info][gc             ] GC(774) Pause Young (Allocation Failure) 6347M->4054M(6462M) 101.576ms
[3197.747s][info][gc,cpu         ] GC(774) User=0.56s Sys=0.04s Real=0.10s
....[3201.607s][info][gc,start       ] GC(775) Pause Young (Allocation Failure)
[3201.704s][info][gc,heap        ] GC(775) PSYoungGen: 2616533K(2624512K)->151200K(2627584K) Eden: 2457088K(2457088K)->0K(2460160K) From: 159445K(167424K)->151200K(167424K)
[3201.704s][info][gc,heap        ] GC(775) ParOldGen: 3992470K(3992576K)->4098646K(4099072K)
[3201.704s][info][gc,metaspace   ] GC(775) Metaspace: 29091K(29376K)->29091K(29376K) NonClass: 25984K(26112K)->25984K(26112K) Class: 3106K(3264K)->3106K(3264K)
[3201.704s][info][gc             ] GC(775) Pause Young (Allocation Failure) 6454M->4150M(6569M) 97.197ms
[3201.704s][info][gc,cpu         ] GC(775) User=0.54s Sys=0.03s Real=0.10s
....[3205.664s][info][gc,start       ] GC(776) Pause Young (Allocation Failure)
[3205.761s][info][gc,heap        ] GC(776) PSYoungGen: 2611360K(2627584K)->152736K(2613248K) Eden: 2460160K(2460160K)->0K(2460160K) From: 151200K(167424K)->152736K(153088K)
[3205.761s][info][gc,heap        ] GC(776) ParOldGen: 4098646K(4099072K)->4202310K(4202496K)
[3205.761s][info][gc,metaspace   ] GC(776) Metaspace: 29091K(29376K)->29091K(29376K) NonClass: 25984K(26112K)->25984K(26112K) Class: 3106K(3264K)->3106K(3264K)
[3205.761s][info][gc             ] GC(776) Pause Young (Allocation Failure) 6552M->4252M(6656M) 96.969ms
[3205.761s][info][gc,cpu         ] GC(776) User=0.54s Sys=0.04s Real=0.09s
....[3209.605s][info][gc,start       ] GC(777) Pause Young (Allocation Failure)
[3209.701s][info][gc,heap        ] GC(777) PSYoungGen: 2612896K(2613248K)->148384K(2627584K) Eden: 2460160K(2460160K)->0K(2461696K) From: 152736K(153088K)->148384K(165888K)
[3209.701s][info][gc,heap        ] GC(777) ParOldGen: 4202310K(4202496K)->4308998K(4309504K)
[3209.701s][info][gc,metaspace   ] GC(777) Metaspace: 29091K(29376K)->29091K(29376K) NonClass: 25984K(26112K)->25984K(26112K) Class: 3106K(3264K)->3106K(3264K)
[3209.701s][info][gc             ] GC(777) Pause Young (Allocation Failure) 6655M->4352M(6774M) 96.599ms
[3209.701s][info][gc,cpu         ] GC(777) User=0.53s Sys=0.03s Real=0.09s
....[3213.678s][info][gc,start       ] GC(778) Pause Young (Allocation Failure)
[3213.779s][info][gc,heap        ] GC(778) PSYoungGen: 2610080K(2627584K)->158768K(2627072K) Eden: 2461696K(2461696K)->0K(2461696K) From: 148384K(165888K)->158768K(165376K)
[3213.779s][info][gc,heap        ] GC(778) ParOldGen: 4308998K(4309504K)->4411678K(4411904K)
[3213.779s][info][gc,metaspace   ] GC(778) Metaspace: 29091K(29376K)->29091K(29376K) NonClass: 25984K(26112K)->25984K(26112K) Class: 3106K(3264K)->3106K(3264K)
[3213.779s][info][gc             ] GC(778) Pause Young (Allocation Failure) 6756M->4463M(6874M) 101.274ms
[3213.779s][info][gc,cpu         ] GC(778) User=0.56s Sys=0.04s Real=0.10s
....[3217.141s][info][gc,start       ] GC(779) Pause Full (Diagnostic Command)
[3217.141s][info][gc,phases,start] GC(779) Marking Phase
[3217.448s][info][gc,phases      ] GC(779) Marking Phase 306.885ms
[3217.448s][info][gc,phases,start] GC(779) Summary Phase
[3217.448s][info][gc,phases      ] GC(779) Summary Phase 0.084ms
[3217.448s][info][gc,phases,start] GC(779) Forward
[3217.628s][info][gc,phases      ] GC(779) Forward 179.901ms
[3217.628s][info][gc,phases,start] GC(779) Adjust Pointers
[3217.855s][info][gc,phases      ] GC(779) Adjust Pointers 226.214ms
[3217.855s][info][gc,phases,start] GC(779) Compaction Phase
[3218.051s][info][gc,phases      ] GC(779) Compaction Phase 196.384ms
[3218.054s][info][gc,phases,start] GC(779) Post Compact
[3218.059s][info][gc,phases      ] GC(779) Post Compact 5.671ms
[3218.059s][info][gc,heap        ] GC(779) PSYoungGen: 2291820K(2627072K)->0K(2627072K) Eden: 2133052K(2461696K)->0K(2461696K) From: 158768K(165376K)->0K(165376K)
[3218.059s][info][gc,heap        ] GC(779) ParOldGen: 4411678K(4411904K)->1335890K(4411904K)
[3218.059s][info][gc,metaspace   ] GC(779) Metaspace: 29091K(29376K)->29091K(29376K) NonClass: 25984K(26112K)->25984K(26112K) Class: 3106K(3264K)->3106K(3264K)
[3218.059s][info][gc             ] GC(779) Pause Full (Diagnostic Command) 6546M->1304M(6874M) 918.190ms
[3218.060s][info][gc,cpu         ] GC(779) User=4.84s Sys=0.00s Real=0.92s
....[3221.124s][info][gc,start       ] GC(780) Pause Young (Allocation Failure)
[3221.185s][info][gc,heap        ] GC(780) PSYoungGen: 2461696K(2627072K)->148000K(2630144K) Eden: 2461696K(2461696K)->0K(2463744K) From: 0K(165376K)->148000K(166400K)
[3221.185s][info][gc,heap        ] GC(780) ParOldGen: 1335890K(4411904K)->1335890K(4411904K)
[3221.185s][info][gc,metaspace   ] GC(780) Metaspace: 29091K(29376K)->29091K(29376K) NonClass: 25984K(26112K)->25984K(26112K) Class: 3106K(3264K)->3106K(3264K)
[3221.185s][info][gc             ] GC(780) Pause Young (Allocation Failure) 3708M->1449M(6877M) 61.380ms
[3221.185s][info][gc,cpu         ] GC(780) User=0.36s Sys=0.00s Real=0.06s
....[3225.145s][info][gc,start       ] GC(781) Pause Young (Allocation Failure)
[3225.236s][info][gc,heap        ] GC(781) PSYoungGen: 2611744K(2630144K)->147936K(2611712K) Eden: 2463744K(2463744K)->0K(2463744K) From: 148000K(166400K)->147936K(147968K)
[3225.236s][info][gc,heap        ] GC(781) ParOldGen: 1335890K(4411904K)->1440874K(4411904K)
[3225.236s][info][gc,metaspace   ] GC(781) Metaspace: 29091K(29376K)->29091K(29376K) NonClass: 25984K(26112K)->25984K(26112K) Class: 3106K(3264K)->3106K(3264K)
[3225.236s][info][gc             ] GC(781) Pause Young (Allocation Failure) 3855M->1551M(6859M) 90.814ms
[3225.236s][info][gc,cpu         ] GC(781) User=0.53s Sys=0.00s Real=0.09s
. (rIR:aIR:PR = 4289:4289:4291) (tPR = 64108) [OK] 
  3225s: Performance info:
         Transaction,    Success,    Partial,     Failed,   Receipts, AvgBarcode, 
             Overall,     258187,          0,          0,     245282,      59.48, 
         Response times:
             Request,    Success,    Partial,     Failed,   SkipFail,     Probes,    Samples,      min,      p50,      p90,      p95,      p99,      max, 
       TotalPurchase,     245202,          0,          0,          0,     237800,     261203,      300,     3300,     5700,     7700,    32000,   138000,
     InStorePurchase,     129092,          0,          0,          0,     125556,     137502,      300,     3400,     5700,     7700,    28000,   135000,
      OnlinePurchase,      90311,          0,          0,          0,      87504,      96191,      300,     3200,     5600,     7500,    32000,   138000,
        InstPurchase,      25799,          0,          0,          0,      24740,      27510,      400,     3300,     5700,     7800,    32000,   135000,
          AssocOfCat,        258,          0,          0,          0,        202,        289,    18900,    29000,    40000,    50500,    84600,   138000,
      AssocOfProduct,       2572,          0,          0,          0,       2374,       2800,      400,     3100,     5500,     6895,    22000,   107000,
      BusinessReport,        649,          0,          0,          0,        540,        680,    25000,    35000,    47000,    57950,   132380,   990000,
          CustBuyBeh,       2581,          0,          0,          0,       2294,       2712,      200,     3700,     5900,     7800,    27000,   108000,
       ProductReturn,       6847,          0,          0,          0,       6395,       7227,      200,     3100,     5420,     7700,    23000,   106000,

  3225s: (32%)   IR =   4428 ...[3229.119s][info][gc,start       ] GC(782) Pause Young (Allocation Failure)
[3229.209s][info][gc,heap        ] GC(782) PSYoungGen: 2611680K(2611712K)->148864K(2629632K) Eden: 2463744K(2463744K)->0K(2464256K) From: 147936K(147968K)->148864K(165376K)
[3229.209s][info][gc,heap        ] GC(782) ParOldGen: 1440874K(4411904K)->1545090K(4411904K)
[3229.209s][info][gc,metaspace   ] GC(782) Metaspace: 29091K(29376K)->29091K(29376K) NonClass: 25984K(26112K)->25984K(26112K) Class: 3106K(3264K)->3106K(3264K)
[3229.209s][info][gc             ] GC(782) Pause Young (Allocation Failure) 3957M->1654M(6876M) 89.623ms
[3229.209s][info][gc,cpu         ] GC(782) User=0.53s Sys=0.01s Real=0.09s
..|.[3232.990s][info][gc,start       ] GC(783) Pause Young (Allocation Failure)
[3233.081s][info][gc,heap        ] GC(783) PSYoungGen: 2613120K(2629632K)->148096K(2629120K) Eden: 2464256K(2464256K)->0K(2464256K) From: 148864K(165376K)->148096K(164864K)
[3233.081s][info][gc,heap        ] GC(783) ParOldGen: 1545090K(4411904K)->1651074K(4411904K)
[3233.081s][info][gc,metaspace   ] GC(783) Metaspace: 29091K(29376K)->29091K(29376K) NonClass: 25984K(26112K)->25984K(26112K) Class: 3106K(3264K)->3106K(3264K)
[3233.081s][info][gc             ] GC(783) Pause Young (Allocation Failure) 4060M->1757M(6876M) 90.837ms
[3233.081s][info][gc,cpu         ] GC(783) User=0.54s Sys=0.00s Real=0.09s
....[3236.846s][info][gc,start       ] GC(784) Pause Young (Allocation Failure)
[3236.938s][info][gc,heap        ] GC(784) PSYoungGen: 2612352K(2629120K)->154240K(2630656K) Eden: 2464256K(2464256K)->0K(2466304K) From: 148096K(164864K)->154240K(164352K)
[3236.938s][info][gc,heap        ] GC(784) ParOldGen: 1651074K(4411904K)->1756258K(4411904K)
[3236.938s][info][gc,metaspace   ] GC(784) Metaspace: 29091K(29376K)->29091K(29376K) NonClass: 25984K(26112K)->25984K(26112K) Class: 3106K(3264K)->3106K(3264K)
[3236.938s][info][gc             ] GC(784) Pause Young (Allocation Failure) 4163M->1865M(6877M) 92.338ms
[3236.938s][info][gc,cpu         ] GC(784) User=0.54s Sys=0.00s Real=0.09s
....[3240.783s][info][gc,start       ] GC(785) Pause Young (Allocation Failure)
[3240.878s][info][gc,heap        ] GC(785) PSYoungGen: 2620544K(2630656K)->162181K(2628608K) Eden: 2466304K(2466304K)->0K(2466304K) From: 154240K(164352K)->162181K(162304K)
[3240.878s][info][gc,heap        ] GC(785) ParOldGen: 1756258K(4411904K)->1860938K(4411904K)
[3240.878s][info][gc,metaspace   ] GC(785) Metaspace: 29091K(29376K)->29091K(29376K) NonClass: 25984K(26112K)->25984K(26112K) Class: 3106K(3264K)->3106K(3264K)
[3240.878s][info][gc             ] GC(785) Pause Young (Allocation Failure) 4274M->1975M(6875M) 95.205ms
[3240.878s][info][gc,cpu         ] GC(785) User=0.56s Sys=0.00s Real=0.09s
....[3244.627s][info][gc,start       ] GC(786) Pause Young (Allocation Failure)
[3244.721s][info][gc,heap        ] GC(786) PSYoungGen: 2628485K(2628608K)->158519K(2627584K) Eden: 2466304K(2466304K)->0K(2461184K) From: 162181K(162304K)->158519K(166400K)
[3244.721s][info][gc,heap        ] GC(786) ParOldGen: 1860938K(4411904K)->1967234K(4411904K)
[3244.721s][info][gc,metaspace   ] GC(786) Metaspace: 29091K(29376K)->29091K(29376K) NonClass: 25984K(26112K)->25984K(26112K) Class: 3106K(3264K)->3106K(3264K)
[3244.721s][info][gc             ] GC(786) Pause Young (Allocation Failure) 4384M->2075M(6874M) 94.490ms
[3244.722s][info][gc,cpu         ] GC(786) User=0.56s Sys=0.00s Real=0.09s
....[3248.562s][info][gc,start       ] GC(787) Pause Young (Allocation Failure)
[3248.654s][info][gc,heap        ] GC(787) PSYoungGen: 2619703K(2627584K)->152128K(2628608K) Eden: 2461184K(2461184K)->0K(2461184K) From: 158519K(166400K)->152128K(167424K)
[3248.654s][info][gc,heap        ] GC(787) ParOldGen: 1967234K(4411904K)->2071642K(4411904K)
[3248.654s][info][gc,metaspace   ] GC(787) Metaspace: 29091K(29376K)->29091K(29376K) NonClass: 25984K(26112K)->25984K(26112K) Class: 3106K(3264K)->3106K(3264K)
[3248.654s][info][gc             ] GC(787) Pause Young (Allocation Failure) 4479M->2171M(6875M) 91.677ms
[3248.654s][info][gc,cpu         ] GC(787) User=0.54s Sys=0.00s Real=0.09s
....[3252.452s][info][gc,start       ] GC(788) Pause Young (Allocation Failure)
[3252.544s][info][gc,heap        ] GC(788) PSYoungGen: 2613312K(2628608K)->149152K(2626560K) Eden: 2461184K(2461184K)->0K(2462208K) From: 152128K(167424K)->149152K(164352K)
[3252.544s][info][gc,heap        ] GC(788) ParOldGen: 2071642K(4411904K)->2178330K(4411904K)
[3252.544s][info][gc,metaspace   ] GC(788) Metaspace: 29091K(29376K)->29091K(29376K) NonClass: 25984K(26112K)->25984K(26112K) Class: 3106K(3264K)->3106K(3264K)
[3252.544s][info][gc             ] GC(788) Pause Young (Allocation Failure) 4575M->2272M(6873M) 92.542ms
[3252.544s][info][gc,cpu         ] GC(788) User=0.54s Sys=0.00s Real=0.09s
....[3256.380s][info][gc,start       ] GC(789) Pause Young (Allocation Failure)
[3256.472s][info][gc,heap        ] GC(789) PSYoungGen: 2611360K(2626560K)->151200K(2627584K) Eden: 2462208K(2462208K)->0K(2462208K) From: 149152K(164352K)->151200K(165376K)
[3256.472s][info][gc,heap        ] GC(789) ParOldGen: 2178330K(4411904K)->2281906K(4411904K)
[3256.472s][info][gc,metaspace   ] GC(789) Metaspace: 29091K(29376K)->29091K(29376K) NonClass: 25984K(26112K)->25984K(26112K) Class: 3106K(3264K)->3106K(3264K)
[3256.472s][info][gc             ] GC(789) Pause Young (Allocation Failure) 4677M->2376M(6874M) 91.683ms
[3256.472s][info][gc,cpu         ] GC(789) User=0.54s Sys=0.00s Real=0.10s
....[3260.215s][info][gc,start       ] GC(790) Pause Young (Allocation Failure)
[3260.306s][info][gc,heap        ] GC(790) PSYoungGen: 2613408K(2627584K)->146368K(2629120K) Eden: 2462208K(2462208K)->0K(2465792K) From: 151200K(165376K)->146368K(163328K)
[3260.306s][info][gc,heap        ] GC(790) ParOldGen: 2281906K(4411904K)->2387626K(4411904K)
[3260.306s][info][gc,metaspace   ] GC(790) Metaspace: 29091K(29376K)->29091K(29376K) NonClass: 25984K(26112K)->25984K(26112K) Class: 3106K(3264K)->3106K(3264K)
[3260.306s][info][gc             ] GC(790) Pause Young (Allocation Failure) 4780M->2474M(6876M) 90.949ms
[3260.306s][info][gc,cpu         ] GC(790) User=0.54s Sys=0.01s Real=0.09s
...[3264.114s][info][gc,start       ] GC(791) Pause Young (Allocation Failure)
[3264.205s][info][gc,heap        ] GC(791) PSYoungGen: 2612160K(2629120K)->148704K(2630144K) Eden: 2465792K(2465792K)->0K(2465792K) From: 146368K(163328K)->148704K(164352K)
[3264.205s][info][gc,heap        ] GC(791) ParOldGen: 2387626K(4411904K)->2490666K(4411904K)
[3264.205s][info][gc,metaspace   ] GC(791) Metaspace: 29091K(29376K)->29091K(29376K) NonClass: 25984K(26112K)->25984K(26112K) Class: 3106K(3264K)->3106K(3264K)
[3264.205s][info][gc             ] GC(791) Pause Young (Allocation Failure) 4882M->2577M(6877M) 90.962ms
[3264.206s][info][gc,cpu         ] GC(791) User=0.54s Sys=0.00s Real=0.09s
....[3267.940s][info][gc,start       ] GC(792) Pause Young (Allocation Failure)
[3268.032s][info][gc,heap        ] GC(792) PSYoungGen: 2614496K(2630144K)->151008K(2629120K) Eden: 2465792K(2465792K)->0K(2467840K) From: 148704K(164352K)->151008K(161280K)
[3268.032s][info][gc,heap        ] GC(792) ParOldGen: 2490666K(4411904K)->2595466K(4411904K)
[3268.032s][info][gc,metaspace   ] GC(792) Metaspace: 29091K(29376K)->29091K(29376K) NonClass: 25984K(26112K)->25984K(26112K) Class: 3106K(3264K)->3106K(3264K)
[3268.032s][info][gc             ] GC(792) Pause Young (Allocation Failure) 4985M->2682M(6876M) 92.410ms
[3268.032s][info][gc,cpu         ] GC(792) User=0.54s Sys=0.00s Real=0.10s
....[3271.831s][info][gc,start       ] GC(793) Pause Young (Allocation Failure)
[3271.924s][info][gc,heap        ] GC(793) PSYoungGen: 2618848K(2629120K)->152288K(2630656K) Eden: 2467840K(2467840K)->0K(2467840K) From: 151008K(161280K)->152288K(162816K)
[3271.924s][info][gc,heap        ] GC(793) ParOldGen: 2595466K(4411904K)->2698354K(4411904K)
[3271.924s][info][gc,metaspace   ] GC(793) Metaspace: 29091K(29376K)->29091K(29376K) NonClass: 25984K(26112K)->25984K(26112K) Class: 3106K(3264K)->3106K(3264K)
[3271.924s][info][gc             ] GC(793) Pause Young (Allocation Failure) 5092M->2783M(6877M) 93.047ms
[3271.924s][info][gc,cpu         ] GC(793) User=0.55s Sys=0.00s Real=0.10s
....[3275.705s][info][gc,start       ] GC(794) Pause Young (Allocation Failure)
[3275.797s][info][gc,heap        ] GC(794) PSYoungGen: 2620128K(2630656K)->150880K(2631680K) Eden: 2467840K(2467840K)->0K(2471424K) From: 152288K(162816K)->150880K(160256K)
[3275.797s][info][gc,heap        ] GC(794) ParOldGen: 2698354K(4411904K)->2804090K(4411904K)
[3275.797s][info][gc,metaspace   ] GC(794) Metaspace: 29091K(29376K)->29091K(29376K) NonClass: 25984K(26112K)->25984K(26112K) Class: 3106K(3264K)->3106K(3264K)
[3275.797s][info][gc             ] GC(794) Pause Young (Allocation Failure) 5193M->2885M(6878M) 91.882ms
[3275.797s][info][gc,cpu         ] GC(794) User=0.54s Sys=0.00s Real=0.09s
....[3279.603s][info][gc,start       ] GC(795) Pause Young (Allocation Failure)
[3279.696s][info][gc,heap        ] GC(795) PSYoungGen: 2622304K(2631680K)->155520K(2632704K) Eden: 2471424K(2471424K)->0K(2471424K) From: 150880K(160256K)->155520K(161280K)
[3279.696s][info][gc,heap        ] GC(795) ParOldGen: 2804090K(4411904K)->2906826K(4411904K)
[3279.696s][info][gc,metaspace   ] GC(795) Metaspace: 29091K(29376K)->29091K(29376K) NonClass: 25984K(26112K)->25984K(26112K) Class: 3106K(3264K)->3106K(3264K)
[3279.696s][info][gc             ] GC(795) Pause Young (Allocation Failure) 5299M->2990M(6879M) 93.238ms
[3279.696s][info][gc,cpu         ] GC(795) User=0.55s Sys=0.00s Real=0.09s
....[3283.515s][info][gc,start       ] GC(796) Pause Young (Allocation Failure)
[3283.611s][info][gc,heap        ] GC(796) PSYoungGen: 2626944K(2632704K)->152064K(2633216K) Eden: 2471424K(2471424K)->0K(2472960K) From: 155520K(161280K)->152064K(160256K)
[3283.611s][info][gc,heap        ] GC(796) ParOldGen: 2906826K(4411904K)->3011154K(4411904K)
[3283.611s][info][gc,metaspace   ] GC(796) Metaspace: 29091K(29376K)->29091K(29376K) NonClass: 25984K(26112K)->25984K(26112K) Class: 3106K(3264K)->3106K(3264K)
[3283.611s][info][gc             ] GC(796) Pause Young (Allocation Failure) 5404M->3089M(6880M) 95.990ms
[3283.611s][info][gc,cpu         ] GC(796) User=0.56s Sys=0.00s Real=0.09s
....[3287.378s][info][gc,start       ] GC(797) Pause Young (Allocation Failure)
[3287.476s][info][gc,heap        ] GC(797) PSYoungGen: 2625024K(2633216K)->160218K(2633216K) Eden: 2472960K(2472960K)->0K(2472960K) From: 152064K(160256K)->160218K(160256K)
[3287.476s][info][gc,heap        ] GC(797) ParOldGen: 3011154K(4411904K)->3116970K(4411904K)
[3287.476s][info][gc,metaspace   ] GC(797) Metaspace: 29091K(29376K)->29091K(29376K) NonClass: 25984K(26112K)->25984K(26112K) Class: 3106K(3264K)->3106K(3264K)
[3287.476s][info][gc             ] GC(797) Pause Young (Allocation Failure) 5504M->3200M(6880M) 98.079ms
[3287.476s][info][gc,cpu         ] GC(797) User=0.58s Sys=0.00s Real=0.10s
.... (rIR:aIR:PR = 4428:4430:4430) (tPR = 66044) [OK] 
  3291s: Performance info:
         Transaction,    Success,    Partial,     Failed,   Receipts, AvgBarcode, 
             Overall,     266437,          0,          0,     253149,      59.48, 
         Response times:
             Request,    Success,    Partial,     Failed,   SkipFail,     Probes,    Samples,      min,      p50,      p90,      p95,      p99,      max, 
       TotalPurchase,     253149,          0,          0,          0,     249029,     269965,      300,     3400,     5700,     6900,    24000,   118000,
     InStorePurchase,     133214,          0,          0,          0,     131153,     141771,      300,     3500,     5700,     6900,    24000,   114000,
      OnlinePurchase,      93288,          0,          0,          0,      92038,     100098,      300,     3400,     5600,     6800,    24000,   118000,
        InstPurchase,      26647,          0,          0,          0,      25838,      28096,      400,     3100,     5700,     6900,    23000,   107000,
          AssocOfCat,        265,          0,          0,          0,        193,        261,    19000,    29000,    37000,    41000,    71160,   136000,
      AssocOfProduct,       2658,          0,          0,          0,       2477,       2860,      300,     2700,     5400,     6395,    17317,    97000,
      BusinessReport,        664,          0,          0,          0,        546,        676,    24000,    35000,    46000,    51000,   139230,   180000,
          CustBuyBeh,       2661,          0,          0,          0,       2499,       2873,      100,     3400,     5800,     7100,    24000,   114000,
       ProductReturn,       7040,          0,          0,          0,       6686,       7545,      200,     3800,     5900,     6900,    27000,   114000,

  3291s: (33%)   IR =   4566 [3291.348s][info][gc,start       ] GC(798) Pause Young (Allocation Failure)
[3291.443s][info][gc,heap        ] GC(798) PSYoungGen: 2633178K(2633216K)->157104K(2632192K) Eden: 2472960K(2472960K)->0K(2469376K) From: 160218K(160256K)->157104K(162816K)
[3291.443s][info][gc,heap        ] GC(798) ParOldGen: 3116970K(4411904K)->3220538K(4411904K)
[3291.443s][info][gc,metaspace   ] GC(798) Metaspace: 29091K(29376K)->29091K(29376K) NonClass: 25984K(26112K)->25984K(26112K) Class: 3106K(3264K)->3106K(3264K)
[3291.443s][info][gc             ] GC(798) Pause Young (Allocation Failure) 5615M->3298M(6879M) 94.921ms
[3291.443s][info][gc,cpu         ] GC(798) User=0.56s Sys=0.00s Real=0.10s
...[3295.166s][info][gc,start       ] GC(799) Pause Young (Allocation Failure)
[3295.264s][info][gc,heap        ] GC(799) PSYoungGen: 2626480K(2632192K)->158660K(2628096K) Eden: 2469376K(2469376K)->0K(2469376K) From: 157104K(162816K)->158660K(158720K)
[3295.264s][info][gc,heap        ] GC(799) ParOldGen: 3220538K(4411904K)->3325682K(4411904K)
[3295.264s][info][gc,metaspace   ] GC(799) Metaspace: 29091K(29376K)->29091K(29376K) NonClass: 25984K(26112K)->25984K(26112K) Class: 3106K(3264K)->3106K(3264K)
[3295.264s][info][gc             ] GC(799) Pause Young (Allocation Failure) 5709M->3402M(6875M) 97.947ms
[3295.264s][info][gc,cpu         ] GC(799) User=0.57s Sys=0.00s Real=0.10s
....|[3298.912s][info][gc,start       ] GC(800) Pause Young (Allocation Failure)
[3299.004s][info][gc,heap        ] GC(800) PSYoungGen: 2628036K(2628096K)->151840K(2632192K) Eden: 2469376K(2469376K)->0K(2467840K) From: 158660K(158720K)->151840K(164352K)
[3299.004s][info][gc,heap        ] GC(800) ParOldGen: 3325682K(4411904K)->3431538K(4411904K)
[3299.004s][info][gc,metaspace   ] GC(800) Metaspace: 29091K(29376K)->29091K(29376K) NonClass: 25984K(26112K)->25984K(26112K) Class: 3106K(3264K)->3106K(3264K)
[3299.004s][info][gc             ] GC(800) Pause Young (Allocation Failure) 5814M->3499M(6879M) 92.269ms
[3299.004s][info][gc,cpu         ] GC(800) User=0.54s Sys=0.00s Real=0.09s
....[3302.621s][info][gc,start       ] GC(801) Pause Young (Allocation Failure)
[3302.714s][info][gc,heap        ] GC(801) PSYoungGen: 2619680K(2632192K)->150112K(2618368K) Eden: 2467840K(2467840K)->0K(2467840K) From: 151840K(164352K)->150112K(150528K)
[3302.714s][info][gc,heap        ] GC(801) ParOldGen: 3431538K(4411904K)->3535194K(4411904K)
[3302.714s][info][gc,metaspace   ] GC(801) Metaspace: 29091K(29376K)->29091K(29376K) NonClass: 25984K(26112K)->25984K(26112K) Class: 3106K(3264K)->3106K(3264K)
[3302.714s][info][gc             ] GC(801) Pause Young (Allocation Failure) 5909M->3598M(6865M) 92.439ms
[3302.714s][info][gc,cpu         ] GC(801) User=0.54s Sys=0.00s Real=0.10s
....[3306.439s][info][gc,start       ] GC(802) Pause Young (Allocation Failure)
[3306.537s][info][gc,heap        ] GC(802) PSYoungGen: 2617952K(2618368K)->157893K(2630144K) Eden: 2467840K(2467840K)->0K(2466816K) From: 150112K(150528K)->157893K(163328K)
[3306.537s][info][gc,heap        ] GC(802) ParOldGen: 3535194K(4411904K)->3638034K(4411904K)
[3306.537s][info][gc,metaspace   ] GC(802) Metaspace: 29091K(29376K)->29091K(29376K) NonClass: 25984K(26112K)->25984K(26112K) Class: 3106K(3264K)->3106K(3264K)
[3306.537s][info][gc             ] GC(802) Pause Young (Allocation Failure) 6008M->3706M(6877M) 98.515ms
[3306.537s][info][gc,cpu         ] GC(802) User=0.58s Sys=0.00s Real=0.10s
...[3310.257s][info][gc,start       ] GC(803) Pause Young (Allocation Failure)
[3310.349s][info][gc,heap        ] GC(803) PSYoungGen: 2624709K(2630144K)->150496K(2631168K) Eden: 2466816K(2466816K)->0K(2466816K) From: 157893K(163328K)->150496K(164352K)
[3310.349s][info][gc,heap        ] GC(803) ParOldGen: 3638034K(4411904K)->3743714K(4411904K)
[3310.349s][info][gc,metaspace   ] GC(803) Metaspace: 29091K(29376K)->29091K(29376K) NonClass: 25984K(26112K)->25984K(26112K) Class: 3106K(3264K)->3106K(3264K)
[3310.349s][info][gc             ] GC(803) Pause Young (Allocation Failure) 6115M->3802M(6878M) 92.117ms
[3310.349s][info][gc,cpu         ] GC(803) User=0.54s Sys=0.00s Real=0.09s
....[3313.987s][info][gc,start       ] GC(804) Pause Young (Allocation Failure)
[3314.078s][info][gc,heap        ] GC(804) PSYoungGen: 2617312K(2631168K)->146112K(2631168K) Eden: 2466816K(2466816K)->0K(2467840K) From: 150496K(164352K)->146112K(163328K)
[3314.078s][info][gc,heap        ] GC(804) ParOldGen: 3743714K(4411904K)->3849706K(4411904K)
[3314.078s][info][gc,metaspace   ] GC(804) Metaspace: 29091K(29376K)->29091K(29376K) NonClass: 25984K(26112K)->25984K(26112K) Class: 3106K(3264K)->3106K(3264K)
[3314.079s][info][gc             ] GC(804) Pause Young (Allocation Failure) 6211M->3902M(6878M) 91.903ms
[3314.079s][info][gc,cpu         ] GC(804) User=0.53s Sys=0.00s Real=0.09s
....[3317.761s][info][gc,start       ] GC(805) Pause Young (Allocation Failure)
[3317.860s][info][gc,heap        ] GC(805) PSYoungGen: 2613952K(2631168K)->163826K(2631680K) Eden: 2467840K(2467840K)->0K(2467840K) From: 146112K(163328K)->163826K(163840K)
[3317.860s][info][gc,heap        ] GC(805) ParOldGen: 3849706K(4411904K)->3953754K(4411904K)
[3317.860s][info][gc,metaspace   ] GC(805) Metaspace: 29091K(29376K)->29091K(29376K) NonClass: 25984K(26112K)->25984K(26112K) Class: 3106K(3264K)->3106K(3264K)
[3317.860s][info][gc             ] GC(805) Pause Young (Allocation Failure) 6312M->4021M(6878M) 99.487ms
[3317.860s][info][gc,cpu         ] GC(805) User=0.59s Sys=0.00s Real=0.10s
....[3321.515s][info][gc,start       ] GC(806) Pause Young (Allocation Failure)
[3321.608s][info][gc,heap        ] GC(806) PSYoungGen: 2631666K(2631680K)->151488K(2553856K) Eden: 2467840K(2467840K)->0K(2389504K) From: 163826K(163840K)->151488K(164352K)
[3321.608s][info][gc,heap        ] GC(806) ParOldGen: 3953754K(4411904K)->4057666K(4411904K)
[3321.608s][info][gc,metaspace   ] GC(806) Metaspace: 29091K(29376K)->29091K(29376K) NonClass: 25984K(26112K)->25984K(26112K) Class: 3106K(3264K)->3106K(3264K)
[3321.608s][info][gc             ] GC(806) Pause Young (Allocation Failure) 6431M->4110M(6802M) 93.098ms
[3321.608s][info][gc,cpu         ] GC(806) User=0.55s Sys=0.00s Real=0.09s
...[3325.209s][info][gc,start       ] GC(807) Pause Young (Allocation Failure)
[3325.305s][info][gc,heap        ] GC(807) PSYoungGen: 2540992K(2553856K)->152608K(2592768K) Eden: 2389504K(2389504K)->0K(2389504K) From: 151488K(164352K)->152608K(203264K)
[3325.305s][info][gc,heap        ] GC(807) ParOldGen: 4057666K(4411904K)->4162706K(4411904K)
[3325.305s][info][gc,metaspace   ] GC(807) Metaspace: 29091K(29376K)->29091K(29376K) NonClass: 25984K(26112K)->25984K(26112K) Class: 3106K(3264K)->3106K(3264K)
[3325.305s][info][gc             ] GC(807) Pause Young (Allocation Failure) 6444M->4214M(6840M) 96.861ms
[3325.305s][info][gc,cpu         ] GC(807) User=0.57s Sys=0.00s Real=0.10s
....[3328.924s][info][gc,start       ] GC(808) Pause Young (Allocation Failure)
[3329.017s][info][gc,heap        ] GC(808) PSYoungGen: 2542112K(2592768K)->150848K(2586624K) Eden: 2389504K(2389504K)->0K(2391552K) From: 152608K(203264K)->150848K(195072K)
[3329.017s][info][gc,heap        ] GC(808) ParOldGen: 4162706K(4411904K)->4265610K(4411904K)
[3329.017s][info][gc,metaspace   ] GC(808) Metaspace: 29091K(29376K)->29091K(29376K) NonClass: 25984K(26112K)->25984K(26112K) Class: 3106K(3264K)->3106K(3264K)
[3329.017s][info][gc             ] GC(808) Pause Young (Allocation Failure) 6547M->4312M(6834M) 93.233ms
[3329.017s][info][gc,cpu         ] GC(808) User=0.55s Sys=0.00s Real=0.09s
....[3332.500s][info][gc,start       ] GC(809) Pause Young (Allocation Failure)
[3332.594s][info][gc,heap        ] GC(809) PSYoungGen: 2542400K(2586624K)->150128K(2590720K) Eden: 2391552K(2391552K)->0K(2391552K) From: 150848K(195072K)->150128K(199168K)
[3332.594s][info][gc,heap        ] GC(809) ParOldGen: 4265610K(4411904K)->4369986K(4411904K)
[3332.594s][info][gc,metaspace   ] GC(809) Metaspace: 29091K(29376K)->29091K(29376K) NonClass: 25984K(26112K)->25984K(26112K) Class: 3106K(3264K)->3106K(3264K)
[3332.594s][info][gc             ] GC(809) Pause Young (Allocation Failure) 6648M->4414M(6838M) 93.989ms
[3332.594s][info][gc,cpu         ] GC(809) User=0.55s Sys=0.00s Real=0.10s
...[3336.243s][info][gc,start       ] GC(810) Pause Young (Allocation Failure)
[3336.340s][info][gc,heap        ] GC(810) PSYoungGen: 2541680K(2590720K)->152896K(2589696K) Eden: 2391552K(2391552K)->0K(2399744K) From: 150128K(199168K)->152896K(189952K)
[3336.340s][info][gc,heap        ] GC(810) ParOldGen: 4369986K(4411904K)->4470386K(4470784K)
[3336.340s][info][gc,metaspace   ] GC(810) Metaspace: 29091K(29376K)->29091K(29376K) NonClass: 25984K(26112K)->25984K(26112K) Class: 3106K(3264K)->3106K(3264K)
[3336.340s][info][gc             ] GC(810) Pause Young (Allocation Failure) 6749M->4514M(6895M) 97.652ms
[3336.340s][info][gc,cpu         ] GC(810) User=0.54s Sys=0.03s Real=0.09s
....[3339.881s][info][gc,start       ] GC(811) Pause Young (Allocation Failure)
[3339.983s][info][gc,heap        ] GC(811) PSYoungGen: 2552640K(2589696K)->161380K(2594304K) Eden: 2399744K(2399744K)->0K(2399744K) From: 152896K(189952K)->161380K(194560K)
[3339.983s][info][gc,heap        ] GC(811) ParOldGen: 4470386K(4470784K)->4576186K(4576256K)
[3339.983s][info][gc,metaspace   ] GC(811) Metaspace: 29091K(29376K)->29091K(29376K) NonClass: 25984K(26112K)->25984K(26112K) Class: 3106K(3264K)->3106K(3264K)
[3339.983s][info][gc             ] GC(811) Pause Young (Allocation Failure) 6858M->4626M(7002M) 102.111ms
[3339.983s][info][gc,cpu         ] GC(811) User=0.56s Sys=0.04s Real=0.11s
....[3343.459s][info][gc,start       ] GC(812) Pause Young (Allocation Failure)
[3343.555s][info][gc,heap        ] GC(812) PSYoungGen: 2561124K(2594304K)->142464K(2598400K) Eden: 2399744K(2399744K)->0K(2409472K) From: 161380K(194560K)->142464K(188928K)
[3343.555s][info][gc,heap        ] GC(812) ParOldGen: 4576186K(4576256K)->4680466K(4680704K)
[3343.555s][info][gc,metaspace   ] GC(812) Metaspace: 29091K(29376K)->29091K(29376K) NonClass: 25984K(26112K)->25984K(26112K) Class: 3106K(3264K)->3106K(3264K)
[3343.555s][info][gc             ] GC(812) Pause Young (Allocation Failure) 6970M->4709M(7108M) 96.169ms
[3343.555s][info][gc,cpu         ] GC(812) User=0.53s Sys=0.03s Real=0.10s
...[3347.197s][info][gc,start       ] GC(813) Pause Young (Allocation Failure)
[3347.293s][info][gc,heap        ] GC(813) PSYoungGen: 2551936K(2598400K)->150336K(2600960K) Eden: 2409472K(2409472K)->0K(2409472K) From: 142464K(188928K)->150336K(191488K)
[3347.293s][info][gc,heap        ] GC(813) ParOldGen: 4680466K(4680704K)->4780298K(4780544K)
[3347.293s][info][gc,metaspace   ] GC(813) Metaspace: 29091K(29376K)->29091K(29376K) NonClass: 25984K(26112K)->25984K(26112K) Class: 3106K(3264K)->3106K(3264K)
[3347.293s][info][gc             ] GC(813) Pause Young (Allocation Failure) 7062M->4815M(7208M) 96.051ms
[3347.293s][info][gc,cpu         ] GC(813) User=0.53s Sys=0.03s Real=0.10s
....[3350.867s][info][gc,start       ] GC(814) Pause Young (Allocation Failure)
[3350.965s][info][gc,heap        ] GC(814) PSYoungGen: 2559808K(2600960K)->149664K(2599936K) Eden: 2409472K(2409472K)->0K(2415104K) From: 150336K(191488K)->149664K(184832K)
[3350.965s][info][gc,heap        ] GC(814) ParOldGen: 4780298K(4780544K)->4886202K(4886528K)
[3350.965s][info][gc,metaspace   ] GC(814) Metaspace: 29091K(29376K)->29091K(29376K) NonClass: 25984K(26112K)->25984K(26112K) Class: 3106K(3264K)->3106K(3264K)
[3350.965s][info][gc             ] GC(814) Pause Young (Allocation Failure) 7168M->4917M(7311M) 97.769ms
[3350.965s][info][gc,cpu         ] GC(814) User=0.53s Sys=0.04s Real=0.10s
....[3354.608s][info][gc,start       ] GC(815) Pause Young (Allocation Failure)
[3354.709s][info][gc,heap        ] GC(815) PSYoungGen: 2564768K(2599936K)->157652K(2602496K) Eden: 2415104K(2415104K)->0K(2415104K) From: 149664K(184832K)->157652K(187392K)
[3354.710s][info][gc,heap        ] GC(815) ParOldGen: 4886202K(4886528K)->4988538K(4988928K)
[3354.710s][info][gc,metaspace   ] GC(815) Metaspace: 29091K(29376K)->29091K(29376K) NonClass: 25984K(26112K)->25984K(26112K) Class: 3106K(3264K)->3106K(3264K)
[3354.710s][info][gc             ] GC(815) Pause Young (Allocation Failure) 7276M->5025M(7413M) 101.619ms
[3354.710s][info][gc,cpu         ] GC(815) User=0.56s Sys=0.04s Real=0.10s
...[3358.280s][info][gc,start       ] GC(816) Pause Young (Allocation Failure)
[3358.377s][info][gc,heap        ] GC(816) PSYoungGen: 2572756K(2602496K)->150992K(2604544K) Eden: 2415104K(2415104K)->0K(2423808K) From: 157652K(187392K)->150992K(180736K)
[3358.378s][info][gc,heap        ] GC(816) ParOldGen: 4988538K(4988928K)->5093042K(5093376K)
[3358.378s][info][gc,metaspace   ] GC(816) Metaspace: 29091K(29376K)->29091K(29376K) NonClass: 25984K(26112K)->25984K(26112K) Class: 3106K(3264K)->3106K(3264K)
[3358.378s][info][gc             ] GC(816) Pause Young (Allocation Failure) 7384M->5121M(7517M) 97.893ms
[3358.378s][info][gc,cpu         ] GC(816) User=0.54s Sys=0.03s Real=0.10s
. (rIR:aIR:PR = 4566:4570:4566) (tPR = 67989) [OK] 
  3358s: Performance info:
         Transaction,    Success,    Partial,     Failed,   Receipts, AvgBarcode, 
             Overall,     274427,          0,          0,     260681,      59.48, 
         Response times:
             Request,    Success,    Partial,     Failed,   SkipFail,     Probes,    Samples,      min,      p50,      p90,      p95,      p99,      max, 
       TotalPurchase,     261043,          0,          0,          0,     255849,     286626,      300,     3500,     6100,     7600,    30000,   156000,
     InStorePurchase,     137401,          0,          0,          0,     134805,     150762,      300,     3300,     6000,     7500,    29000,   156000,
      OnlinePurchase,      96203,          0,          0,          0,      94390,     105784,      300,     3700,     6100,     7500,    30000,   156000,
        InstPurchase,      27439,          0,          0,          0,      26654,      30080,      400,     4000,     6400,     8000,    32000,   156000,
          AssocOfCat,        274,          0,          0,          0,        211,        316,    19500,    29000,    38000,    42150,   119800,   164000,
      AssocOfProduct,       2755,          0,          0,          0,       2563,       3043,      800,     3900,     6300,     7880,    37560,   107000,
      BusinessReport,        683,          0,          0,          0,        594,        746,    25000,    35000,    49000,    55000,   152590,   167000,
          CustBuyBeh,       2761,          0,          0,          0,       2528,       2995,      600,     2600,     4700,     6100,    19412,   107000,
       ProductReturn,       7294,          0,          0,          0,       6873,       7882,      200,     4200,     6400,     8200,    36000,   122000,

  3358s: (34%)   IR =   4705 ...[3361.854s][info][gc,start       ] GC(817) Pause Young (Allocation Failure)
[3361.954s][info][gc,heap        ] GC(817) PSYoungGen: 2574800K(2604544K)->158180K(2606592K) Eden: 2423808K(2423808K)->0K(2423808K) From: 150992K(180736K)->158180K(182784K)
[3361.954s][info][gc,heap        ] GC(817) ParOldGen: 5093042K(5093376K)->5194506K(5194752K)
[3361.954s][info][gc,metaspace   ] GC(817) Metaspace: 29091K(29376K)->29091K(29376K) NonClass: 25984K(26112K)->25984K(26112K) Class: 3106K(3264K)->3106K(3264K)
[3361.954s][info][gc             ] GC(817) Pause Young (Allocation Failure) 7488M->5227M(7618M) 99.893ms
[3361.954s][info][gc,cpu         ] GC(817) User=0.56s Sys=0.02s Real=0.10s
.|..[3365.437s][info][gc,start       ] GC(818) Pause Young (Allocation Failure)
[3365.535s][info][gc,heap        ] GC(818) PSYoungGen: 2581988K(2606592K)->149120K(2609664K) Eden: 2423808K(2423808K)->0K(2432000K) From: 158180K(182784K)->149120K(177664K)
[3365.535s][info][gc,heap        ] GC(818) ParOldGen: 5194506K(5194752K)->5299498K(5299712K)
[3365.535s][info][gc,metaspace   ] GC(818) Metaspace: 29091K(29376K)->29091K(29376K) NonClass: 25984K(26112K)->25984K(26112K) Class: 3106K(3264K)->3106K(3264K)
[3365.535s][info][gc             ] GC(818) Pause Young (Allocation Failure) 7594M->5320M(7724M) 98.122ms
[3365.535s][info][gc,cpu         ] GC(818) User=0.53s Sys=0.04s Real=0.10s
....[3369.054s][info][gc,start       ] GC(819) Pause Young (Allocation Failure)
[3369.151s][info][gc,heap        ] GC(819) PSYoungGen: 2581120K(2609664K)->146208K(2611712K) Eden: 2432000K(2432000K)->0K(2432000K) From: 149120K(177664K)->146208K(179712K)
[3369.151s][info][gc,heap        ] GC(819) ParOldGen: 5299498K(5299712K)->5404106K(5404160K)
[3369.151s][info][gc,metaspace   ] GC(819) Metaspace: 29091K(29376K)->29091K(29376K) NonClass: 25984K(26112K)->25984K(26112K) Class: 3106K(3264K)->3106K(3264K)
[3369.151s][info][gc             ] GC(819) Pause Young (Allocation Failure) 7695M->5420M(7828M) 97.091ms
[3369.151s][info][gc,cpu         ] GC(819) User=0.54s Sys=0.03s Real=0.09s
....[3372.705s][info][gc,start       ] GC(820) Pause Young (Allocation Failure)
[3372.806s][info][gc,heap        ] GC(820) PSYoungGen: 2578208K(2611712K)->156672K(2611712K) Eden: 2432000K(2432000K)->0K(2437120K) From: 146208K(179712K)->156672K(174592K)
[3372.806s][info][gc,heap        ] GC(820) ParOldGen: 5404106K(5404160K)->5508170K(5508608K)
[3372.806s][info][gc,metaspace   ] GC(820) Metaspace: 29091K(29376K)->29091K(29376K) NonClass: 25984K(26112K)->25984K(26112K) Class: 3106K(3264K)->3106K(3264K)
[3372.806s][info][gc             ] GC(820) Pause Young (Allocation Failure) 7795M->5532M(7930M) 100.866ms
[3372.806s][info][gc,cpu         ] GC(820) User=0.56s Sys=0.02s Real=0.10s
...[3376.290s][info][gc,start       ] GC(821) Pause Full (Allocation Failure)
[3376.290s][info][gc,phases,start] GC(821) Marking Phase
[3376.597s][info][gc,phases      ] GC(821) Marking Phase 306.495ms
[3376.597s][info][gc,phases,start] GC(821) Summary Phase
[3376.597s][info][gc,phases      ] GC(821) Summary Phase 0.112ms
[3376.597s][info][gc,phases,start] GC(821) Forward
[3376.722s][info][gc,phases      ] GC(821) Forward 124.871ms
[3376.722s][info][gc,phases,start] GC(821) Adjust Pointers
[3376.932s][info][gc,phases      ] GC(821) Adjust Pointers 210.114ms
[3376.932s][info][gc,phases,start] GC(821) Compaction Phase
[3377.078s][info][gc,phases      ] GC(821) Compaction Phase 146.217ms
[3377.080s][info][gc,phases,start] GC(821) Post Compact
[3377.087s][info][gc,phases      ] GC(821) Post Compact 6.923ms
[3377.200s][info][gc,heap        ] GC(821) PSYoungGen: 2593792K(2611712K)->0K(2614272K) Eden: 2437120K(2437120K)->0K(2437120K) From: 156672K(174592K)->0K(177152K)
[3377.200s][info][gc,heap        ] GC(821) ParOldGen: 5508170K(5508608K)->1611799K(1865728K)
[3377.200s][info][gc,metaspace   ] GC(821) Metaspace: 29091K(29376K)->29091K(29376K) NonClass: 25984K(26112K)->25984K(26112K) Class: 3106K(3264K)->3106K(3264K)
[3377.200s][info][gc             ] GC(821) Pause Full (Allocation Failure) 7912M->1574M(4375M) 910.421ms
[3377.200s][info][gc,cpu         ] GC(821) User=4.29s Sys=0.11s Real=0.91s
...[3379.969s][info][gc,start       ] GC(822) Pause Young (Allocation Failure)
[3380.031s][info][gc,heap        ] GC(822) PSYoungGen: 2437120K(2614272K)->151152K(2615808K) Eden: 2437120K(2437120K)->0K(2441728K) From: 0K(177152K)->151152K(174080K)
[3380.031s][info][gc,heap        ] GC(822) ParOldGen: 1611799K(1865728K)->1611799K(1865728K)
[3380.031s][info][gc,metaspace   ] GC(822) Metaspace: 29091K(29376K)->29091K(29376K) NonClass: 25984K(26112K)->25984K(26112K) Class: 3106K(3264K)->3106K(3264K)
[3380.031s][info][gc             ] GC(822) Pause Young (Allocation Failure) 3954M->1721M(4376M) 61.926ms
[3380.031s][info][gc,cpu         ] GC(822) User=0.36s Sys=0.01s Real=0.06s
....[3383.508s][info][gc,start       ] GC(823) Pause Young (Allocation Failure)
[3383.603s][info][gc,heap        ] GC(823) PSYoungGen: 2592880K(2615808K)->152506K(2617344K) Eden: 2441728K(2441728K)->0K(2441728K) From: 151152K(174080K)->152506K(175616K)
[3383.603s][info][gc,heap        ] GC(823) ParOldGen: 1611799K(1865728K)->1722775K(1865728K)
[3383.603s][info][gc,metaspace   ] GC(823) Metaspace: 29091K(29376K)->29091K(29376K) NonClass: 25984K(26112K)->25984K(26112K) Class: 3106K(3264K)->3106K(3264K)
[3383.603s][info][gc             ] GC(823) Pause Young (Allocation Failure) 4106M->1831M(4378M) 95.047ms
[3383.603s][info][gc,cpu         ] GC(823) User=0.56s Sys=0.00s Real=0.10s
...[3387.183s][info][gc,start       ] GC(824) Pause Young (Allocation Failure)
[3387.276s][info][gc,heap        ] GC(824) PSYoungGen: 2594234K(2617344K)->156837K(2618368K) Eden: 2441728K(2441728K)->0K(2446336K) From: 152506K(175616K)->156837K(172032K)
[3387.276s][info][gc,heap        ] GC(824) ParOldGen: 1722775K(1865728K)->1823847K(1865728K)
[3387.276s][info][gc,metaspace   ] GC(824) Metaspace: 29091K(29376K)->29091K(29376K) NonClass: 25984K(26112K)->25984K(26112K) Class: 3106K(3264K)->3106K(3264K)
[3387.276s][info][gc             ] GC(824) Pause Young (Allocation Failure) 4215M->1934M(4379M) 92.405ms
[3387.276s][info][gc,cpu         ] GC(824) User=0.55s Sys=0.00s Real=0.09s
....[3390.901s][info][gc,start       ] GC(825) Pause Young (Allocation Failure)
[3390.996s][info][gc,heap        ] GC(825) PSYoungGen: 2603173K(2618368K)->154656K(2619392K) Eden: 2446336K(2446336K)->0K(2446336K) From: 156837K(172032K)->154656K(173056K)
[3390.996s][info][gc,heap        ] GC(825) ParOldGen: 1823847K(1865728K)->1929519K(1929728K)
[3390.996s][info][gc,metaspace   ] GC(825) Metaspace: 29091K(29376K)->29091K(29376K) NonClass: 25984K(26112K)->25984K(26112K) Class: 3106K(3264K)->3106K(3264K)
[3390.996s][info][gc             ] GC(825) Pause Young (Allocation Failure) 4323M->2035M(4442M) 95.673ms
[3390.996s][info][gc,cpu         ] GC(825) User=0.55s Sys=0.01s Real=0.10s
....[3394.422s][info][gc,start       ] GC(826) Pause Young (Allocation Failure)
[3394.519s][info][gc,heap        ] GC(826) PSYoungGen: 2600992K(2619392K)->152580K(2621952K) Eden: 2446336K(2446336K)->0K(2451968K) From: 154656K(173056K)->152580K(169984K)
[3394.519s][info][gc,heap        ] GC(826) ParOldGen: 1929519K(1929728K)->2035223K(2035712K)
[3394.519s][info][gc,metaspace   ] GC(826) Metaspace: 29091K(29376K)->29091K(29376K) NonClass: 25984K(26112K)->25984K(26112K) Class: 3106K(3264K)->3106K(3264K)
[3394.519s][info][gc             ] GC(826) Pause Young (Allocation Failure) 4424M->2136M(4548M) 97.282ms
[3394.519s][info][gc,cpu         ] GC(826) User=0.54s Sys=0.04s Real=0.09s
...[3398.019s][info][gc,start       ] GC(827) Pause Young (Allocation Failure)
[3398.111s][info][gc,heap        ] GC(827) PSYoungGen: 2604548K(2621952K)->146912K(2621952K) Eden: 2451968K(2451968K)->0K(2451968K) From: 152580K(169984K)->146912K(169984K)
[3398.111s][info][gc,heap        ] GC(827) ParOldGen: 2035223K(2035712K)->2137127K(2137600K)
[3398.111s][info][gc,metaspace   ] GC(827) Metaspace: 29091K(29376K)->29091K(29376K) NonClass: 25984K(26112K)->25984K(26112K) Class: 3106K(3264K)->3106K(3264K)
[3398.111s][info][gc             ] GC(827) Pause Young (Allocation Failure) 4531M->2230M(4648M) 92.326ms
[3398.111s][info][gc,cpu         ] GC(827) User=0.53s Sys=0.03s Real=0.09s
....[3401.731s][info][gc,start       ] GC(828) Pause Young (Allocation Failure)
[3401.829s][info][gc,heap        ] GC(828) PSYoungGen: 2598880K(2621952K)->155456K(2625536K) Eden: 2451968K(2451968K)->0K(2456576K) From: 146912K(169984K)->155456K(168960K)
[3401.829s][info][gc,heap        ] GC(828) ParOldGen: 2137127K(2137600K)->2240263K(2240512K)
[3401.829s][info][gc,metaspace   ] GC(828) Metaspace: 29091K(29376K)->29091K(29376K) NonClass: 25984K(26112K)->25984K(26112K) Class: 3106K(3264K)->3106K(3264K)
[3401.829s][info][gc             ] GC(828) Pause Young (Allocation Failure) 4625M->2339M(4752M) 97.533ms
[3401.829s][info][gc,cpu         ] GC(828) User=0.54s Sys=0.03s Real=0.10s
....[3405.408s][info][gc,start       ] GC(829) Pause Young (Allocation Failure)
[3405.503s][info][gc,heap        ] GC(829) PSYoungGen: 2612032K(2625536K)->150624K(2625536K) Eden: 2456576K(2456576K)->0K(2456576K) From: 155456K(168960K)->150624K(168960K)
[3405.503s][info][gc,heap        ] GC(829) ParOldGen: 2240263K(2240512K)->2346383K(2346496K)
[3405.503s][info][gc,metaspace   ] GC(829) Metaspace: 29091K(29376K)->29091K(29376K) NonClass: 25984K(26112K)->25984K(26112K) Class: 3106K(3264K)->3106K(3264K)
[3405.503s][info][gc             ] GC(829) Pause Young (Allocation Failure) 4738M->2438M(4855M) 94.644ms
[3405.503s][info][gc,cpu         ] GC(829) User=0.52s Sys=0.04s Real=0.10s
...[3409.087s][info][gc,start       ] GC(830) Pause Young (Allocation Failure)
[3409.182s][info][gc,heap        ] GC(830) PSYoungGen: 2607200K(2625536K)->147968K(2626560K) Eden: 2456576K(2456576K)->0K(2458624K) From: 150624K(168960K)->147968K(167936K)
[3409.182s][info][gc,heap        ] GC(830) ParOldGen: 2346383K(2346496K)->2451687K(2451968K)
[3409.182s][info][gc,metaspace   ] GC(830) Metaspace: 29091K(29376K)->29091K(29376K) NonClass: 25984K(26112K)->25984K(26112K) Class: 3106K(3264K)->3106K(3264K)
[3409.182s][info][gc             ] GC(830) Pause Young (Allocation Failure) 4837M->2538M(4959M) 95.009ms
[3409.182s][info][gc,cpu         ] GC(830) User=0.53s Sys=0.04s Real=0.10s
....[3412.750s][info][gc,start       ] GC(831) Pause Young (Allocation Failure)
[3412.847s][info][gc,heap        ] GC(831) PSYoungGen: 2606592K(2626560K)->155552K(2626048K) Eden: 2458624K(2458624K)->0K(2458624K) From: 147968K(167936K)->155552K(167424K)
[3412.847s][info][gc,heap        ] GC(831) ParOldGen: 2451687K(2451968K)->2556303K(2556416K)
[3412.847s][info][gc,metaspace   ] GC(831) Metaspace: 29091K(29376K)->29091K(29376K) NonClass: 25984K(26112K)->25984K(26112K) Class: 3106K(3264K)->3106K(3264K)
[3412.847s][info][gc             ] GC(831) Pause Young (Allocation Failure) 4939M->2648M(5061M) 97.154ms
[3412.847s][info][gc,cpu         ] GC(831) User=0.56s Sys=0.02s Real=0.10s
....[3416.487s][info][gc,start       ] GC(832) Pause Young (Allocation Failure)
[3416.584s][info][gc,heap        ] GC(832) PSYoungGen: 2614176K(2626048K)->153184K(2626560K) Eden: 2458624K(2458624K)->0K(2461696K) From: 155552K(167424K)->153184K(164864K)
[3416.584s][info][gc,heap        ] GC(832) ParOldGen: 2556303K(2556416K)->2659879K(2660352K)
[3416.584s][info][gc,metaspace   ] GC(832) Metaspace: 29091K(29376K)->29091K(29376K) NonClass: 25984K(26112K)->25984K(26112K) Class: 3106K(3264K)->3106K(3264K)
[3416.584s][info][gc             ] GC(832) Pause Young (Allocation Failure) 5049M->2747M(5163M) 97.280ms
[3416.584s][info][gc,cpu         ] GC(832) User=0.54s Sys=0.03s Real=0.10s
...[3420.031s][info][gc,start       ] GC(833) Pause Young (Allocation Failure)
[3420.126s][info][gc,heap        ] GC(833) PSYoungGen: 2614880K(2626560K)->143968K(2627072K) Eden: 2461696K(2461696K)->0K(2461696K) From: 153184K(164864K)->143968K(165376K)
[3420.126s][info][gc,heap        ] GC(833) ParOldGen: 2659879K(2660352K)->2767991K(2768384K)
[3420.126s][info][gc,metaspace   ] GC(833) Metaspace: 29091K(29376K)->29091K(29376K) NonClass: 25984K(26112K)->25984K(26112K) Class: 3106K(3264K)->3106K(3264K)
[3420.126s][info][gc             ] GC(833) Pause Young (Allocation Failure) 5151M->2843M(5269M) 94.827ms
[3420.126s][info][gc,cpu         ] GC(833) User=0.53s Sys=0.04s Real=0.10s
.... (rIR:aIR:PR = 4705:4706:4706) (tPR = 69790) [OK] 
  3423s: Performance info:
         Transaction,    Success,    Partial,     Failed,   Receipts, AvgBarcode, 
             Overall,     286181,          0,          0,     271850,      59.48, 
         Response times:
             Request,    Success,    Partial,     Failed,   SkipFail,     Probes,    Samples,      min,      p50,      p90,      p95,      p99,      max, 
       TotalPurchase,     271857,          0,          0,          0,     262269,     284827,      300,     3700,     6500,    10200,    34000,   950000,
     InStorePurchase,     143155,          0,          0,          0,     138490,     150039,      300,     3600,     6400,    10100,    34000,   950000,
      OnlinePurchase,     100106,          0,          0,          0,      96372,     104711,      300,     3900,     6700,    10700,    34000,   920000,
        InstPurchase,      28596,          0,          0,          0,      27407,      30077,      300,     3500,     6300,     9700,    33000,   118000,
          AssocOfCat,        288,          0,          0,          0,        219,        283,    19400,    30000,    39000,    47000,    98720,   152000,
      AssocOfProduct,       2857,          0,          0,          0,       2605,       2952,      700,     4200,     7100,    10700,    53000,   920000,
      BusinessReport,        714,          0,          0,          0,        582,        704,    24000,    35000,    50000,    58000,   133650,   950000,
          CustBuyBeh,       2867,          0,          0,          0,       2573,       2930,      200,     4100,     6600,     9045,    26000,   112000,
       ProductReturn,       7603,          0,          0,          0,       7071,       7839,      200,     3800,     6300,     9500,    24000,   109000,

  3423s: (35%)   IR =   4843 [3423.734s][info][gc,start       ] GC(834) Pause Young (Allocation Failure)
[3423.830s][info][gc,heap        ] GC(834) PSYoungGen: 2605664K(2627072K)->152640K(2629120K) Eden: 2461696K(2461696K)->0K(2464768K) From: 143968K(165376K)->152640K(164352K)
[3423.830s][info][gc,heap        ] GC(834) ParOldGen: 2767991K(2768384K)->2870351K(2870784K)
[3423.830s][info][gc,metaspace   ] GC(834) Metaspace: 29091K(29376K)->29091K(29376K) NonClass: 25984K(26112K)->25984K(26112K) Class: 3106K(3264K)->3106K(3264K)
[3423.830s][info][gc             ] GC(834) Pause Young (Allocation Failure) 5247M->2952M(5371M) 96.096ms
[3423.830s][info][gc,cpu         ] GC(834) User=0.54s Sys=0.02s Real=0.09s
...[3427.326s][info][gc,start       ] GC(835) Pause Young (Allocation Failure)
[3427.422s][info][gc,heap        ] GC(835) PSYoungGen: 2617408K(2629120K)->150752K(2629632K) Eden: 2464768K(2464768K)->0K(2464768K) From: 152640K(164352K)->150752K(164864K)
[3427.422s][info][gc,heap        ] GC(835) ParOldGen: 2870351K(2870784K)->2975695K(2975744K)
[3427.422s][info][gc,metaspace   ] GC(835) Metaspace: 29091K(29376K)->29091K(29376K) NonClass: 25984K(26112K)->25984K(26112K) Class: 3106K(3264K)->3106K(3264K)
[3427.422s][info][gc             ] GC(835) Pause Young (Allocation Failure) 5359M->3053M(5474M) 95.912ms
[3427.422s][info][gc,cpu         ] GC(835) User=0.53s Sys=0.03s Real=0.10s
....|[3430.900s][info][gc,start       ] GC(836) Pause Young (Allocation Failure)
[3431.000s][info][gc,heap        ] GC(836) PSYoungGen: 2615520K(2629632K)->157472K(2630144K) Eden: 2464768K(2464768K)->0K(2466304K) From: 150752K(164864K)->157472K(163840K)
[3431.000s][info][gc,heap        ] GC(836) ParOldGen: 2975695K(2975744K)->3080191K(3080192K)
[3431.000s][info][gc,metaspace   ] GC(836) Metaspace: 29091K(29376K)->29091K(29376K) NonClass: 25984K(26112K)->25984K(26112K) Class: 3106K(3264K)->3106K(3264K)
[3431.000s][info][gc             ] GC(836) Pause Young (Allocation Failure) 5460M->3161M(5576M) 99.812ms
[3431.000s][info][gc,cpu         ] GC(836) User=0.56s Sys=0.02s Real=0.10s
...[3434.417s][info][gc,start       ] GC(837) Pause Young (Allocation Failure)
[3434.512s][info][gc,heap        ] GC(837) PSYoungGen: 2623776K(2630144K)->148544K(2630656K) Eden: 2466304K(2466304K)->0K(2466304K) From: 157472K(163840K)->148544K(164352K)
[3434.512s][info][gc,heap        ] GC(837) ParOldGen: 3080191K(3080192K)->3186679K(3186688K)
[3434.512s][info][gc,metaspace   ] GC(837) Metaspace: 29091K(29376K)->29091K(29376K) NonClass: 25984K(26112K)->25984K(26112K) Class: 3106K(3264K)->3106K(3264K)
[3434.512s][info][gc             ] GC(837) Pause Young (Allocation Failure) 5570M->3257M(5681M) 94.745ms
[3434.512s][info][gc,cpu         ] GC(837) User=0.53s Sys=0.03s Real=0.10s
....[3437.926s][info][gc,start       ] GC(838) Pause Young (Allocation Failure)
[3438.023s][info][gc,heap        ] GC(838) PSYoungGen: 2614848K(2630656K)->153120K(2629632K) Eden: 2466304K(2466304K)->0K(2467328K) From: 148544K(164352K)->153120K(162304K)
[3438.023s][info][gc,heap        ] GC(838) ParOldGen: 3186679K(3186688K)->3289799K(3290112K)
[3438.023s][info][gc,metaspace   ] GC(838) Metaspace: 29091K(29376K)->29091K(29376K) NonClass: 25984K(26112K)->25984K(26112K) Class: 3106K(3264K)->3106K(3264K)
[3438.023s][info][gc             ] GC(838) Pause Young (Allocation Failure) 5665M->3362M(5781M) 97.511ms
[3438.023s][info][gc,cpu         ] GC(838) User=0.55s Sys=0.02s Real=0.10s
...[3441.485s][info][gc,start       ] GC(839) Pause Young (Allocation Failure)
[3441.582s][info][gc,heap        ] GC(839) PSYoungGen: 2620448K(2629632K)->151136K(2630656K) Eden: 2467328K(2467328K)->0K(2467328K) From: 153120K(162304K)->151136K(163328K)
[3441.582s][info][gc,heap        ] GC(839) ParOldGen: 3289799K(3290112K)->3392863K(3393024K)
[3441.582s][info][gc,metaspace   ] GC(839) Metaspace: 29091K(29376K)->29091K(29376K) NonClass: 25984K(26112K)->25984K(26112K) Class: 3106K(3264K)->3106K(3264K)
[3441.582s][info][gc             ] GC(839) Pause Young (Allocation Failure) 5771M->3460M(5882M) 96.773ms
[3441.582s][info][gc,cpu         ] GC(839) User=0.54s Sys=0.03s Real=0.10s
....[3445.066s][info][gc,start       ] GC(840) Pause Young (Allocation Failure)
[3445.165s][info][gc,heap        ] GC(840) PSYoungGen: 2618464K(2630656K)->155411K(2632192K) Eden: 2467328K(2467328K)->0K(2469888K) From: 151136K(163328K)->155411K(162304K)
[3445.165s][info][gc,heap        ] GC(840) ParOldGen: 3392863K(3393024K)->3497807K(3497984K)
[3445.165s][info][gc,metaspace   ] GC(840) Metaspace: 29091K(29376K)->29091K(29376K) NonClass: 25984K(26112K)->25984K(26112K) Class: 3106K(3264K)->3106K(3264K)
[3445.165s][info][gc             ] GC(840) Pause Young (Allocation Failure) 5870M->3567M(5986M) 99.484ms
[3445.165s][info][gc,cpu         ] GC(840) User=0.56s Sys=0.03s Real=0.10s
....[3448.661s][info][gc,start       ] GC(841) Pause Young (Allocation Failure)
[3448.759s][info][gc,heap        ] GC(841) PSYoungGen: 2625299K(2632192K)->151648K(2632704K) Eden: 2469888K(2469888K)->0K(2469888K) From: 155411K(162304K)->151648K(162816K)
[3448.759s][info][gc,heap        ] GC(841) ParOldGen: 3497807K(3497984K)->3603255K(3603456K)
[3448.759s][info][gc,metaspace   ] GC(841) Metaspace: 29091K(29376K)->29091K(29376K) NonClass: 25984K(26112K)->25984K(26112K) Class: 3106K(3264K)->3106K(3264K)
[3448.759s][info][gc             ] GC(841) Pause Young (Allocation Failure) 5979M->3666M(6090M) 97.520ms
[3448.759s][info][gc,cpu         ] GC(841) User=0.54s Sys=0.02s Real=0.10s
...[3452.200s][info][gc,start       ] GC(842) Pause Young (Allocation Failure)
[3452.297s][info][gc,heap        ] GC(842) PSYoungGen: 2621536K(2632704K)->148736K(2632704K) Eden: 2469888K(2469888K)->0K(2471424K) From: 151648K(162816K)->148736K(161280K)
[3452.297s][info][gc,heap        ] GC(842) ParOldGen: 3603255K(3603456K)->3707359K(3707392K)
[3452.297s][info][gc,metaspace   ] GC(842) Metaspace: 29091K(29376K)->29091K(29376K) NonClass: 25984K(26112K)->25984K(26112K) Class: 3106K(3264K)->3106K(3264K)
[3452.297s][info][gc             ] GC(842) Pause Young (Allocation Failure) 6078M->3765M(6191M) 96.675ms
[3452.297s][info][gc,cpu         ] GC(842) User=0.53s Sys=0.03s Real=0.10s
....[3455.857s][info][gc,start       ] GC(843) Pause Young (Allocation Failure)
[3455.957s][info][gc,heap        ] GC(843) PSYoungGen: 2620160K(2632704K)->161252K(2632704K) Eden: 2471424K(2471424K)->0K(2471424K) From: 148736K(161280K)->161252K(161280K)
[3455.957s][info][gc,heap        ] GC(843) ParOldGen: 3707359K(3707392K)->3812815K(3812864K)
[3455.957s][info][gc,metaspace   ] GC(843) Metaspace: 29091K(29376K)->29091K(29376K) NonClass: 25984K(26112K)->25984K(26112K) Class: 3106K(3264K)->3106K(3264K)
[3455.957s][info][gc             ] GC(843) Pause Young (Allocation Failure) 6179M->3880M(6294M) 100.256ms
[3455.957s][info][gc,cpu         ] GC(843) User=0.57s Sys=0.03s Real=0.10s
...[3459.342s][info][gc,start       ] GC(844) Pause Young (Allocation Failure)
[3459.442s][info][gc,heap        ] GC(844) PSYoungGen: 2632676K(2632704K)->152672K(2557952K) Eden: 2471424K(2471424K)->0K(2394624K) From: 161252K(161280K)->152672K(163328K)
[3459.442s][info][gc,heap        ] GC(844) ParOldGen: 3812815K(3812864K)->3918959K(3919360K)
[3459.442s][info][gc,metaspace   ] GC(844) Metaspace: 29091K(29376K)->29091K(29376K) NonClass: 25984K(26112K)->25984K(26112K) Class: 3106K(3264K)->3106K(3264K)
[3459.442s][info][gc             ] GC(844) Pause Young (Allocation Failure) 6294M->3976M(6325M) 99.091ms
[3459.442s][info][gc,cpu         ] GC(844) User=0.56s Sys=0.02s Real=0.09s
....[3462.848s][info][gc,start       ] GC(845) Pause Young (Allocation Failure)
[3462.950s][info][gc,heap        ] GC(845) PSYoungGen: 2547296K(2557952K)->163376K(2595328K) Eden: 2394624K(2394624K)->0K(2394624K) From: 152672K(163328K)->163376K(200704K)
[3462.950s][info][gc,heap        ] GC(845) ParOldGen: 3918959K(3919360K)->4023191K(4023296K)
[3462.950s][info][gc,metaspace   ] GC(845) Metaspace: 29091K(29376K)->29091K(29376K) NonClass: 25984K(26112K)->25984K(26112K) Class: 3106K(3264K)->3106K(3264K)
[3462.950s][info][gc             ] GC(845) Pause Young (Allocation Failure) 6314M->4088M(6463M) 102.787ms
[3462.950s][info][gc,cpu         ] GC(845) User=0.58s Sys=0.03s Real=0.10s
...[3466.292s][info][gc,start       ] GC(846) Pause Young (Allocation Failure)
[3466.387s][info][gc,heap        ] GC(846) PSYoungGen: 2558000K(2595328K)->146688K(2590208K) Eden: 2394624K(2394624K)->0K(2397696K) From: 163376K(200704K)->146688K(192512K)
[3466.387s][info][gc,heap        ] GC(846) ParOldGen: 4023191K(4023296K)->4127455K(4127744K)
[3466.387s][info][gc,metaspace   ] GC(846) Metaspace: 29091K(29376K)->29091K(29376K) NonClass: 25984K(26112K)->25984K(26112K) Class: 3106K(3264K)->3106K(3264K)
[3466.387s][info][gc             ] GC(846) Pause Young (Allocation Failure) 6426M->4173M(6560M) 95.465ms
[3466.387s][info][gc,cpu         ] GC(846) User=0.53s Sys=0.03s Real=0.09s
....[3469.781s][info][gc,start       ] GC(847) Pause Young (Allocation Failure)
[3469.878s][info][gc,heap        ] GC(847) PSYoungGen: 2544384K(2590208K)->149536K(2594304K) Eden: 2397696K(2397696K)->0K(2397696K) From: 146688K(192512K)->149536K(196608K)
[3469.878s][info][gc,heap        ] GC(847) ParOldGen: 4127455K(4127744K)->4230407K(4230656K)
[3469.878s][info][gc,metaspace   ] GC(847) Metaspace: 29091K(29376K)->29091K(29376K) NonClass: 25984K(26112K)->25984K(26112K) Class: 3106K(3264K)->3106K(3264K)
[3469.878s][info][gc             ] GC(847) Pause Young (Allocation Failure) 6515M->4277M(6665M) 96.541ms
[3469.878s][info][gc,cpu         ] GC(847) User=0.53s Sys=0.04s Real=0.10s
...[3473.162s][info][gc,start       ] GC(848) Pause Young (Allocation Failure)
[3473.259s][info][gc,heap        ] GC(848) PSYoungGen: 2547232K(2594304K)->148800K(2594816K) Eden: 2397696K(2397696K)->0K(2404352K) From: 149536K(196608K)->148800K(190464K)
[3473.259s][info][gc,heap        ] GC(848) ParOldGen: 4230407K(4230656K)->4333735K(4334080K)
[3473.259s][info][gc,metaspace   ] GC(848) Metaspace: 29091K(29376K)->29091K(29376K) NonClass: 25984K(26112K)->25984K(26112K) Class: 3106K(3264K)->3106K(3264K)
[3473.259s][info][gc             ] GC(848) Pause Young (Allocation Failure) 6618M->4377M(6766M) 96.817ms
[3473.259s][info][gc,cpu         ] GC(848) User=0.54s Sys=0.04s Real=0.09s
....[3476.693s][info][gc,start       ] GC(849) Pause Young (Allocation Failure)
[3476.792s][info][gc,heap        ] GC(849) PSYoungGen: 2553152K(2594816K)->156288K(2597888K) Eden: 2404352K(2404352K)->0K(2404352K) From: 148800K(190464K)->156288K(193536K)
[3476.792s][info][gc,heap        ] GC(849) ParOldGen: 4333735K(4334080K)->4434847K(4434944K)
[3476.792s][info][gc,metaspace   ] GC(849) Metaspace: 29091K(29376K)->29091K(29376K) NonClass: 25984K(26112K)->25984K(26112K) Class: 3106K(3264K)->3106K(3264K)
[3476.792s][info][gc             ] GC(849) Pause Young (Allocation Failure) 6725M->4483M(6868M) 98.436ms
[3476.792s][info][gc,cpu         ] GC(849) User=0.55s Sys=0.03s Real=0.10s
...[3480.130s][info][gc,start       ] GC(850) Pause Young (Allocation Failure)
[3480.229s][info][gc,heap        ] GC(850) PSYoungGen: 2560640K(2597888K)->150549K(2598400K) Eden: 2404352K(2404352K)->0K(2412032K) From: 156288K(193536K)->150549K(186368K)
[3480.229s][info][gc,heap        ] GC(850) ParOldGen: 4434847K(4434944K)->4539399K(4539904K)
[3480.229s][info][gc,metaspace   ] GC(850) Metaspace: 29091K(29376K)->29091K(29376K) NonClass: 25984K(26112K)->25984K(26112K) Class: 3106K(3264K)->3106K(3264K)
[3480.229s][info][gc             ] GC(850) Pause Young (Allocation Failure) 6831M->4580M(6971M) 98.137ms
[3480.229s][info][gc,cpu         ] GC(850) User=0.55s Sys=0.03s Real=0.10s
....[3483.647s][info][gc,start       ] GC(851) Pause Young (Allocation Failure)
[3483.744s][info][gc,heap        ] GC(851) PSYoungGen: 2562581K(2598400K)->150016K(2600448K) Eden: 2412032K(2412032K)->0K(2412032K) From: 150549K(186368K)->150016K(188416K)
[3483.744s][info][gc,heap        ] GC(851) ParOldGen: 4539399K(4539904K)->4641455K(4641792K)
[3483.744s][info][gc,metaspace   ] GC(851) Metaspace: 29091K(29376K)->29091K(29376K) NonClass: 25984K(26112K)->25984K(26112K) Class: 3106K(3264K)->3106K(3264K)
[3483.744s][info][gc             ] GC(851) Pause Young (Allocation Failure) 6935M->4679M(7072M) 96.374ms
[3483.744s][info][gc,cpu         ] GC(851) User=0.53s Sys=0.04s Real=0.10s
...[3487.073s][info][gc,start       ] GC(852) Pause Young (Allocation Failure)
[3487.174s][info][gc,heap        ] GC(852) PSYoungGen: 2562048K(2600448K)->158202K(2601984K) Eden: 2412032K(2412032K)->0K(2420736K) From: 150016K(188416K)->158202K(181248K)
[3487.174s][info][gc,heap        ] GC(852) ParOldGen: 4641455K(4641792K)->4746471K(4746752K)
[3487.174s][info][gc,metaspace   ] GC(852) Metaspace: 29091K(29376K)->29091K(29376K) NonClass: 25984K(26112K)->25984K(26112K) Class: 3106K(3264K)->3106K(3264K)
[3487.174s][info][gc             ] GC(852) Pause Young (Allocation Failure) 7034M->4789M(7176M) 101.205ms
[3487.174s][info][gc,cpu         ] GC(852) User=0.56s Sys=0.04s Real=0.10s
...[3490.597s][info][gc,start       ] GC(853) Pause Young (Allocation Failure)
[3490.695s][info][gc,heap        ] GC(853) PSYoungGen: 2578938K(2601984K)->151200K(2605056K) Eden: 2420736K(2420736K)->0K(2420736K) From: 158202K(181248K)->151200K(184320K)
[3490.695s][info][gc,heap        ] GC(853) ParOldGen: 4746471K(4746752K)->4847567K(4847616K)
[3490.695s][info][gc,metaspace   ] GC(853) Metaspace: 29091K(29376K)->29091K(29376K) NonClass: 25984K(26112K)->25984K(26112K) Class: 3106K(3264K)->3106K(3264K)
[3490.695s][info][gc             ] GC(853) Pause Young (Allocation Failure) 7153M->4881M(7278M) 97.667ms
[3490.695s][info][gc,cpu         ] GC(853) User=0.54s Sys=0.04s Real=0.10s
. (rIR:aIR:PR = 4843:4844:4836) (tPR = 71993) [OK] 
  3490s: Performance info:
         Transaction,    Success,    Partial,     Failed,   Receipts, AvgBarcode, 
             Overall,     291489,          0,          0,     276918,      59.48, 
         Response times:
             Request,    Success,    Partial,     Failed,   SkipFail,     Probes,    Samples,      min,      p50,      p90,      p95,      p99,      max, 
       TotalPurchase,     277619,          0,          0,          0,     273444,     305289,      300,     3700,     6300,     8300,    33000,   164000,
     InStorePurchase,     146148,          0,          0,          0,     144036,     160516,      300,     3700,     6300,     8300,    33000,   163000,
      OnlinePurchase,     102249,          0,          0,          0,     100941,     112720,      300,     3600,     6300,     8300,    33000,   164000,
        InstPurchase,      29222,          0,          0,          0,      28467,      32053,      400,     4000,     6500,     8400,    33000,   137000,
          AssocOfCat,        288,          0,          0,          0,        216,        320,    19400,    30000,    40000,    50000,    63160,   144000,
      AssocOfProduct,       2923,          0,          0,          0,       2694,       3168,      500,     3800,     6600,     8955,    38310,   116000,
      BusinessReport,        730,          0,          0,          0,        621,        766,    25000,    36000,    52300,    59650,   137990,   164000,
          CustBuyBeh,       2925,          0,          0,          0,       2688,       3206,      200,     2300,     5100,     6700,    22860,   107000,
       ProductReturn,       7737,          0,          0,          0,       7450,       8649,      200,     4100,     6300,     8200,    31500,   112000,

  3490s: (36%)   IR =   4981 ...[3493.990s][info][gc,start       ] GC(854) Pause Young (Allocation Failure)
[3494.087s][info][gc,heap        ] GC(854) PSYoungGen: 2571936K(2605056K)->145075K(2608128K) Eden: 2420736K(2420736K)->0K(2428928K) From: 151200K(184320K)->145075K(179200K)
[3494.087s][info][gc,heap        ] GC(854) ParOldGen: 4847567K(4847616K)->4954023K(4954112K)
[3494.087s][info][gc,metaspace   ] GC(854) Metaspace: 29091K(29376K)->29091K(29376K) NonClass: 25984K(26112K)->25984K(26112K) Class: 3106K(3264K)->3106K(3264K)
[3494.087s][info][gc             ] GC(854) Pause Young (Allocation Failure) 7245M->4979M(7385M) 97.387ms
[3494.087s][info][gc,cpu         ] GC(854) User=0.53s Sys=0.03s Real=0.10s
..|.[3497.384s][info][gc,start       ] GC(855) Pause Young (Allocation Failure)
[3497.481s][info][gc,heap        ] GC(855) PSYoungGen: 2574003K(2608128K)->147520K(2610688K) Eden: 2428928K(2428928K)->0K(2428928K) From: 145075K(179200K)->147520K(181760K)
[3497.481s][info][gc,heap        ] GC(855) ParOldGen: 4954023K(4954112K)->5058223K(5058560K)
[3497.481s][info][gc,metaspace   ] GC(855) Metaspace: 29091K(29376K)->29091K(29376K) NonClass: 25984K(26112K)->25984K(26112K) Class: 3106K(3264K)->3106K(3264K)
[3497.481s][info][gc             ] GC(855) Pause Young (Allocation Failure) 7351M->5083M(7489M) 96.965ms
[3497.481s][info][gc,cpu         ] GC(855) User=0.54s Sys=0.02s Real=0.09s
...[3500.776s][info][gc,start       ] GC(856) Pause Young (Allocation Failure)
[3500.873s][info][gc,heap        ] GC(856) PSYoungGen: 2576448K(2610688K)->151680K(2609152K) Eden: 2428928K(2428928K)->0K(2433536K) From: 147520K(181760K)->151680K(175616K)
[3500.873s][info][gc,heap        ] GC(856) ParOldGen: 5058223K(5058560K)->5161231K(5161472K)
[3500.873s][info][gc,metaspace   ] GC(856) Metaspace: 29091K(29376K)->29091K(29376K) NonClass: 25984K(26112K)->25984K(26112K) Class: 3106K(3264K)->3106K(3264K)
[3500.873s][info][gc             ] GC(856) Pause Young (Allocation Failure) 7455M->5188M(7588M) 97.233ms
[3500.873s][info][gc,cpu         ] GC(856) User=0.55s Sys=0.03s Real=0.10s
....[3504.169s][info][gc,start       ] GC(857) Pause Young (Allocation Failure)
[3504.269s][info][gc,heap        ] GC(857) PSYoungGen: 2585216K(2609152K)->152208K(2612224K) Eden: 2433536K(2433536K)->0K(2433536K) From: 151680K(175616K)->152208K(178688K)
[3504.269s][info][gc,heap        ] GC(857) ParOldGen: 5161231K(5161472K)->5264959K(5265408K)
[3504.269s][info][gc,metaspace   ] GC(857) Metaspace: 29091K(29376K)->29091K(29376K) NonClass: 25984K(26112K)->25984K(26112K) Class: 3106K(3264K)->3106K(3264K)
[3504.269s][info][gc             ] GC(857) Pause Young (Allocation Failure) 7564M->5290M(7693M) 99.297ms
[3504.269s][info][gc,cpu         ] GC(857) User=0.55s Sys=0.03s Real=0.10s
...[3507.628s][info][gc,start       ] GC(858) Pause Young (Allocation Failure)
[3507.728s][info][gc,heap        ] GC(858) PSYoungGen: 2585744K(2612224K)->152960K(2612224K) Eden: 2433536K(2433536K)->0K(2440704K) From: 152208K(178688K)->152960K(171520K)
[3507.728s][info][gc,heap        ] GC(858) ParOldGen: 5264959K(5265408K)->5368135K(5368320K)
[3507.728s][info][gc,metaspace   ] GC(858) Metaspace: 29091K(29376K)->29091K(29376K) NonClass: 25984K(26112K)->25984K(26112K) Class: 3106K(3264K)->3106K(3264K)
[3507.728s][info][gc             ] GC(858) Pause Young (Allocation Failure) 7666M->5391M(7793M) 99.763ms
[3507.728s][info][gc,cpu         ] GC(858) User=0.56s Sys=0.02s Real=0.10s
....[3511.048s][info][gc,start       ] GC(859) Pause Young (Allocation Failure)
[3511.148s][info][gc,heap        ] GC(859) PSYoungGen: 2593664K(2612224K)->151092K(2615296K) Eden: 2440704K(2440704K)->0K(2440704K) From: 152960K(171520K)->151092K(174592K)
[3511.148s][info][gc,heap        ] GC(859) ParOldGen: 5368135K(5368320K)->5474183K(5474304K)
[3511.148s][info][gc,metaspace   ] GC(859) Metaspace: 29091K(29376K)->29091K(29376K) NonClass: 25984K(26112K)->25984K(26112K) Class: 3106K(3264K)->3106K(3264K)
[3511.148s][info][gc             ] GC(859) Pause Young (Allocation Failure) 7775M->5493M(7900M) 99.339ms
[3511.148s][info][gc,cpu         ] GC(859) User=0.55s Sys=0.03s Real=0.10s
...[3514.490s][info][gc,start       ] GC(860) Pause Young (Allocation Failure)
[3514.591s][info][gc,heap        ] GC(860) PSYoungGen: 2591796K(2615296K)->156468K(2617856K) Eden: 2440704K(2440704K)->0K(2448384K) From: 151092K(174592K)->156468K(169472K)
[3514.591s][info][gc,heap        ] GC(860) ParOldGen: 5474183K(5474304K)->5576087K(5576192K)
[3514.591s][info][gc,metaspace   ] GC(860) Metaspace: 29091K(29376K)->29091K(29376K) NonClass: 25984K(26112K)->25984K(26112K) Class: 3106K(3264K)->3106K(3264K)
[3514.591s][info][gc             ] GC(860) Pause Young (Allocation Failure) 7876M->5598M(8002M) 100.518ms
[3514.591s][info][gc,cpu         ] GC(860) User=0.56s Sys=0.03s Real=0.10s
...[3517.912s][info][gc,start       ] GC(861) Pause Full (Allocation Failure)
[3517.912s][info][gc,phases,start] GC(861) Marking Phase
[3518.243s][info][gc,phases      ] GC(861) Marking Phase 330.979ms
[3518.243s][info][gc,phases,start] GC(861) Summary Phase
[3518.243s][info][gc,phases      ] GC(861) Summary Phase 0.115ms
[3518.243s][info][gc,phases,start] GC(861) Forward
[3518.375s][info][gc,phases      ] GC(861) Forward 132.156ms
[3518.375s][info][gc,phases,start] GC(861) Adjust Pointers
[3518.586s][info][gc,phases      ] GC(861) Adjust Pointers 210.927ms
[3518.586s][info][gc,phases,start] GC(861) Compaction Phase
[3518.735s][info][gc,phases      ] GC(861) Compaction Phase 148.692ms
[3518.737s][info][gc,phases,start] GC(861) Post Compact
[3518.744s][info][gc,phases      ] GC(861) Post Compact 7.023ms
[3518.861s][info][gc,heap        ] GC(861) PSYoungGen: 2604852K(2617856K)->0K(2620416K) Eden: 2448384K(2448384K)->0K(2448384K) From: 156468K(169472K)->0K(172032K)
[3518.861s][info][gc,heap        ] GC(861) ParOldGen: 5576087K(5576192K)->1617850K(1878016K)
[3518.861s][info][gc,metaspace   ] GC(861) Metaspace: 29091K(29376K)->29091K(29376K) NonClass: 25984K(26112K)->25984K(26112K) Class: 3106K(3264K)->3106K(3264K)
[3518.861s][info][gc             ] GC(861) Pause Full (Allocation Failure) 7989M->1579M(4393M) 948.745ms
[3518.861s][info][gc,cpu         ] GC(861) User=4.49s Sys=0.12s Real=0.94s
.[3518.862s][info][gc,start       ] GC(862) Pause Full (Diagnostic Command)
[3518.862s][info][gc,phases,start] GC(862) Marking Phase
[3519.154s][info][gc,phases      ] GC(862) Marking Phase 292.044ms
[3519.154s][info][gc,phases,start] GC(862) Summary Phase
[3519.154s][info][gc,phases      ] GC(862) Summary Phase 0.024ms
[3519.154s][info][gc,phases,start] GC(862) Forward
[3519.280s][info][gc,phases      ] GC(862) Forward 126.204ms
[3519.280s][info][gc,phases,start] GC(862) Adjust Pointers
[3519.488s][info][gc,phases      ] GC(862) Adjust Pointers 207.585ms
[3519.488s][info][gc,phases,start] GC(862) Compaction Phase
[3519.668s][info][gc,phases      ] GC(862) Compaction Phase 180.036ms
[3519.669s][info][gc,phases,start] GC(862) Post Compact
[3519.671s][info][gc,phases      ] GC(862) Post Compact 1.585ms
[3519.671s][info][gc,heap        ] GC(862) PSYoungGen: 39790K(2620416K)->0K(2620416K) Eden: 39790K(2448384K)->0K(2448384K) From: 0K(172032K)->0K(172032K)
[3519.671s][info][gc,heap        ] GC(862) ParOldGen: 1617850K(1878016K)->1339200K(1878016K)
[3519.671s][info][gc,metaspace   ] GC(862) Metaspace: 29091K(29376K)->29091K(29376K) NonClass: 25984K(26112K)->25984K(26112K) Class: 3106K(3264K)->3106K(3264K)
[3519.671s][info][gc             ] GC(862) Pause Full (Diagnostic Command) 1618M->1307M(4393M) 809.383ms
[3519.671s][info][gc,cpu         ] GC(862) User=4.52s Sys=0.00s Real=0.80s
..[3521.327s][info][gc,start       ] GC(863) Pause Young (Allocation Failure)
[3521.393s][info][gc,heap        ] GC(863) PSYoungGen: 2448384K(2620416K)->159813K(2622976K) Eden: 2448384K(2448384K)->0K(2450944K) From: 0K(172032K)->159813K(172032K)
[3521.393s][info][gc,heap        ] GC(863) ParOldGen: 1339200K(1878016K)->1339200K(1878016K)
[3521.393s][info][gc,metaspace   ] GC(863) Metaspace: 29091K(29376K)->29091K(29376K) NonClass: 25984K(26112K)->25984K(26112K) Class: 3106K(3264K)->3106K(3264K)
[3521.393s][info][gc             ] GC(863) Pause Young (Allocation Failure) 3698M->1463M(4395M) 66.058ms
[3521.393s][info][gc,cpu         ] GC(863) User=0.39s Sys=0.00s Real=0.07s
...[3524.730s][info][gc,start       ] GC(864) Pause Young (Allocation Failure)
[3524.824s][info][gc,heap        ] GC(864) PSYoungGen: 2610757K(2622976K)->159684K(2623488K) Eden: 2450944K(2450944K)->0K(2450944K) From: 159813K(172032K)->159684K(172544K)
[3524.824s][info][gc,heap        ] GC(864) ParOldGen: 1339200K(1878016K)->1442496K(1878016K)
[3524.824s][info][gc,metaspace   ] GC(864) Metaspace: 29091K(29376K)->29091K(29376K) NonClass: 25984K(26112K)->25984K(26112K) Class: 3106K(3264K)->3106K(3264K)
[3524.824s][info][gc             ] GC(864) Pause Young (Allocation Failure) 3857M->1564M(4396M) 94.082ms
[3524.824s][info][gc,cpu         ] GC(864) User=0.55s Sys=0.00s Real=0.10s
....[3528.223s][info][gc,start       ] GC(865) Pause Young (Allocation Failure)
[3528.312s][info][gc,heap        ] GC(865) PSYoungGen: 2610628K(2623488K)->149888K(2621440K) Eden: 2450944K(2450944K)->0K(2450944K) From: 159684K(172544K)->149888K(170496K)
[3528.312s][info][gc,heap        ] GC(865) ParOldGen: 1442496K(1878016K)->1547032K(1878016K)
[3528.312s][info][gc,metaspace   ] GC(865) Metaspace: 29091K(29376K)->29091K(29376K) NonClass: 25984K(26112K)->25984K(26112K) Class: 3106K(3264K)->3106K(3264K)
[3528.312s][info][gc             ] GC(865) Pause Young (Allocation Failure) 3958M->1657M(4394M) 88.614ms
[3528.312s][info][gc,cpu         ] GC(865) User=0.53s Sys=0.00s Real=0.09s
...[3531.637s][info][gc,start       ] GC(866) Pause Young (Allocation Failure)
[3531.733s][info][gc,heap        ] GC(866) PSYoungGen: 2600832K(2621440K)->161460K(2622464K) Eden: 2450944K(2450944K)->0K(2450944K) From: 149888K(170496K)->161460K(171520K)
[3531.733s][info][gc,heap        ] GC(866) ParOldGen: 1547032K(1878016K)->1652072K(1878016K)
[3531.733s][info][gc,metaspace   ] GC(866) Metaspace: 29093K(29376K)->29093K(29376K) NonClass: 25986K(26112K)->25986K(26112K) Class: 3106K(3264K)->3106K(3264K)
[3531.733s][info][gc             ] GC(866) Pause Young (Allocation Failure) 4050M->1771M(4395M) 95.691ms
[3531.733s][info][gc,cpu         ] GC(866) User=0.57s Sys=0.00s Real=0.10s
....[3535.129s][info][gc,start       ] GC(867) Pause Young (Allocation Failure)
[3535.221s][info][gc,heap        ] GC(867) PSYoungGen: 2612404K(2622464K)->150905K(2623488K) Eden: 2450944K(2450944K)->0K(2451968K) From: 161460K(171520K)->150905K(171520K)
[3535.221s][info][gc,heap        ] GC(867) ParOldGen: 1652072K(1878016K)->1755608K(1878016K)
[3535.221s][info][gc,metaspace   ] GC(867) Metaspace: 29093K(29376K)->29093K(29376K) NonClass: 25986K(26112K)->25986K(26112K) Class: 3106K(3264K)->3106K(3264K)
[3535.221s][info][gc             ] GC(867) Pause Young (Allocation Failure) 4164M->1861M(4396M) 92.397ms
[3535.221s][info][gc,cpu         ] GC(867) User=0.54s Sys=0.00s Real=0.09s
...[3538.549s][info][gc,start       ] GC(868) Pause Young (Allocation Failure)
[3538.643s][info][gc,heap        ] GC(868) PSYoungGen: 2602873K(2623488K)->155813K(2623488K) Eden: 2451968K(2451968K)->0K(2451968K) From: 150905K(171520K)->155813K(171520K)
[3538.643s][info][gc,heap        ] GC(868) ParOldGen: 1755608K(1878016K)->1861216K(1878016K)
[3538.643s][info][gc,metaspace   ] GC(868) Metaspace: 29093K(29376K)->29093K(29376K) NonClass: 25986K(26112K)->25986K(26112K) Class: 3106K(3264K)->3106K(3264K)
[3538.643s][info][gc             ] GC(868) Pause Young (Allocation Failure) 4256M->1969M(4396M) 94.074ms
[3538.643s][info][gc,cpu         ] GC(868) User=0.55s Sys=0.00s Real=0.10s
...[3541.981s][info][gc,start       ] GC(869) Pause Young (Allocation Failure)
[3542.077s][info][gc,heap        ] GC(869) PSYoungGen: 2607781K(2623488K)->153088K(2622464K) Eden: 2451968K(2451968K)->0K(2454016K) From: 155813K(171520K)->153088K(168448K)
[3542.077s][info][gc,heap        ] GC(869) ParOldGen: 1861216K(1878016K)->1964856K(1965056K)
[3542.077s][info][gc,metaspace   ] GC(869) Metaspace: 29093K(29376K)->29093K(29376K) NonClass: 25986K(26112K)->25986K(26112K) Class: 3106K(3264K)->3106K(3264K)
[3542.077s][info][gc             ] GC(869) Pause Young (Allocation Failure) 4364M->2068M(4480M) 95.899ms
[3542.077s][info][gc,cpu         ] GC(869) User=0.53s Sys=0.03s Real=0.10s
....[3545.371s][info][gc,start       ] GC(870) Pause Young (Allocation Failure)
[3545.468s][info][gc,heap        ] GC(870) PSYoungGen: 2607104K(2622464K)->152992K(2622976K) Eden: 2454016K(2454016K)->0K(2454016K) From: 153088K(168448K)->152992K(168960K)
[3545.468s][info][gc,heap        ] GC(870) ParOldGen: 1964856K(1965056K)->2071104K(2071552K)
[3545.468s][info][gc,metaspace   ] GC(870) Metaspace: 29093K(29376K)->29093K(29376K) NonClass: 25986K(26112K)->25986K(26112K) Class: 3106K(3264K)->3106K(3264K)
[3545.468s][info][gc             ] GC(870) Pause Young (Allocation Failure) 4464M->2171M(4584M) 96.601ms
[3545.468s][info][gc,cpu         ] GC(870) User=0.54s Sys=0.03s Real=0.10s
...[3548.860s][info][gc,start       ] GC(871) Pause Young (Allocation Failure)
[3548.957s][info][gc,heap        ] GC(871) PSYoungGen: 2607008K(2622976K)->156288K(2626560K) Eden: 2454016K(2454016K)->0K(2459136K) From: 152992K(168960K)->156288K(167424K)
[3548.957s][info][gc,heap        ] GC(871) ParOldGen: 2071104K(2071552K)->2173824K(2173952K)
[3548.957s][info][gc,metaspace   ] GC(871) Metaspace: 29093K(29376K)->29093K(29376K) NonClass: 25986K(26112K)->25986K(26112K) Class: 3106K(3264K)->3106K(3264K)
[3548.957s][info][gc             ] GC(871) Pause Young (Allocation Failure) 4568M->2275M(4688M) 96.691ms
[3548.957s][info][gc,cpu         ] GC(871) User=0.53s Sys=0.04s Real=0.10s
....[3552.312s][info][gc,start       ] GC(872) Pause Young (Allocation Failure)
[3552.409s][info][gc,heap        ] GC(872) PSYoungGen: 2615424K(2626560K)->153984K(2626560K) Eden: 2459136K(2459136K)->0K(2459136K) From: 156288K(167424K)->153984K(167424K)
[3552.409s][info][gc,heap        ] GC(872) ParOldGen: 2173824K(2173952K)->2278816K(2278912K)
[3552.409s][info][gc,metaspace   ] GC(872) Metaspace: 29093K(29376K)->29093K(29376K) NonClass: 25986K(26112K)->25986K(26112K) Class: 3106K(3264K)->3106K(3264K)
[3552.409s][info][gc             ] GC(872) Pause Young (Allocation Failure) 4677M->2375M(4790M) 97.242ms
[3552.409s][info][gc,cpu         ] GC(872) User=0.54s Sys=0.04s Real=0.09s
...[3555.756s][info][gc,start       ] GC(873) Pause Young (Allocation Failure)
[3555.854s][info][gc,heap        ] GC(873) PSYoungGen: 2613120K(2626560K)->156928K(2628096K) Eden: 2459136K(2459136K)->0K(2461696K) From: 153984K(167424K)->156928K(166400K)
[3555.854s][info][gc,heap        ] GC(873) ParOldGen: 2278816K(2278912K)->2384208K(2384384K)
[3555.854s][info][gc,metaspace   ] GC(873) Metaspace: 29093K(29376K)->29093K(29376K) NonClass: 25986K(26112K)->25986K(26112K) Class: 3106K(3264K)->3106K(3264K)
[3555.854s][info][gc             ] GC(873) Pause Young (Allocation Failure) 4777M->2481M(4895M) 98.444ms
[3555.854s][info][gc,cpu         ] GC(873) User=0.55s Sys=0.03s Real=0.10s
. (rIR:aIR:PR = 4981:4984:4984) (tPR = 73838) [OK] 
  3555s: Performance info:
         Transaction,    Success,    Partial,     Failed,   Receipts, AvgBarcode, 
             Overall,     300446,          0,          0,     285410,      59.48, 
         Response times:
             Request,    Success,    Partial,     Failed,   SkipFail,     Probes,    Samples,      min,      p50,      p90,      p95,      p99,      max, 
       TotalPurchase,     285410,          0,          0,          0,     270733,     304217,      300,     3900,     7400,    25000,   401000,   960000,
     InStorePurchase,     150161,          0,          0,          0,     142415,     159768,      300,     3800,     7400,    24000,   401000,   960000,
      OnlinePurchase,     105240,          0,          0,          0,     100074,     112350,      300,     3900,     7300,    25000,   357000,   960000,
        InstPurchase,      30009,          0,          0,          0,      28244,      32099,      400,     3900,     7300,    25000,   274000,   347000,
          AssocOfCat,        301,          0,          0,          0,        242,        329,    19500,    32000,    51000,    99500,   127000,   147000,
      AssocOfProduct,       3008,          0,          0,          0,       2707,       3218,      400,     2500,     6800,     8900,    31000,   105000,
      BusinessReport,        748,          0,          0,          0,        640,        835,    27000,    37000,    59000,   129800,   365000,   385000,
          CustBuyBeh,       3011,          0,          0,          0,       2671,       3191,      200,     2300,     6100,    10000,    27000,   103000,
       ProductReturn,       7968,          0,          0,          0,       7371,       8516,      200,     3600,     6800,    23000,   171000,   193000,

  3555s: (37%)   IR =   5120 ..[3559.095s][info][gc,start       ] GC(874) Pause Young (Allocation Failure)
[3559.192s][info][gc,heap        ] GC(874) PSYoungGen: 2618624K(2628096K)->152949K(2627584K) Eden: 2461696K(2461696K)->0K(2461696K) From: 156928K(166400K)->152949K(165888K)
[3559.192s][info][gc,heap        ] GC(874) ParOldGen: 2384208K(2384384K)->2488808K(2488832K)
[3559.192s][info][gc,metaspace   ] GC(874) Metaspace: 29093K(29376K)->29093K(29376K) NonClass: 25986K(26112K)->25986K(26112K) Class: 3106K(3264K)->3106K(3264K)
[3559.192s][info][gc             ] GC(874) Pause Young (Allocation Failure) 4885M->2579M(4996M) 97.438ms
[3559.192s][info][gc,cpu         ] GC(874) User=0.55s Sys=0.02s Real=0.10s
....|[3562.443s][info][gc,start       ] GC(875) Pause Young (Allocation Failure)
[3562.541s][info][gc,heap        ] GC(875) PSYoungGen: 2614645K(2627584K)->154080K(2629120K) Eden: 2461696K(2461696K)->0K(2464768K) From: 152949K(165888K)->154080K(164352K)
[3562.541s][info][gc,heap        ] GC(875) ParOldGen: 2488808K(2488832K)->2592520K(2592768K)
[3562.541s][info][gc,metaspace   ] GC(875) Metaspace: 29093K(29376K)->29093K(29376K) NonClass: 25986K(26112K)->25986K(26112K) Class: 3106K(3264K)->3106K(3264K)
[3562.541s][info][gc             ] GC(875) Pause Young (Allocation Failure) 4983M->2682M(5099M) 97.897ms
[3562.541s][info][gc,cpu         ] GC(875) User=0.55s Sys=0.03s Real=0.09s
...[3565.926s][info][gc,start       ] GC(876) Pause Young (Allocation Failure)
[3566.025s][info][gc,heap        ] GC(876) PSYoungGen: 2618848K(2629120K)->158880K(2629120K) Eden: 2464768K(2464768K)->0K(2464768K) From: 154080K(164352K)->158880K(164352K)
[3566.025s][info][gc,heap        ] GC(876) ParOldGen: 2592520K(2592768K)->2697152K(2697216K)
[3566.025s][info][gc,metaspace   ] GC(876) Metaspace: 29093K(29376K)->29093K(29376K) NonClass: 25986K(26112K)->25986K(26112K) Class: 3106K(3264K)->3106K(3264K)
[3566.025s][info][gc             ] GC(876) Pause Young (Allocation Failure) 5089M->2789M(5201M) 99.121ms
[3566.025s][info][gc,cpu         ] GC(876) User=0.57s Sys=0.03s Real=0.10s
....[3569.241s][info][gc,start       ] GC(877) Pause Young (Allocation Failure)
[3569.336s][info][gc,heap        ] GC(877) PSYoungGen: 2623648K(2629120K)->145888K(2630144K) Eden: 2464768K(2464768K)->0K(2465280K) From: 158880K(164352K)->145888K(164864K)
[3569.336s][info][gc,heap        ] GC(877) ParOldGen: 2697152K(2697216K)->2806280K(2806784K)
[3569.336s][info][gc,metaspace   ] GC(877) Metaspace: 29093K(29376K)->29093K(29376K) NonClass: 25986K(26112K)->25986K(26112K) Class: 3106K(3264K)->3106K(3264K)
[3569.336s][info][gc             ] GC(877) Pause Young (Allocation Failure) 5196M->2882M(5309M) 95.449ms
[3569.337s][info][gc,cpu         ] GC(877) User=0.53s Sys=0.03s Real=0.10s
...[3572.559s][info][gc,start       ] GC(878) Pause Young (Allocation Failure)
[3572.652s][info][gc,heap        ] GC(878) PSYoungGen: 2611168K(2630144K)->149408K(2630656K) Eden: 2465280K(2465280K)->0K(2465280K) From: 145888K(164864K)->149408K(165376K)
[3572.652s][info][gc,heap        ] GC(878) ParOldGen: 2806280K(2806784K)->2909168K(2909184K)
[3572.652s][info][gc,metaspace   ] GC(878) Metaspace: 29093K(29376K)->29093K(29376K) NonClass: 25986K(26112K)->25986K(26112K) Class: 3106K(3264K)->3106K(3264K)
[3572.652s][info][gc             ] GC(878) Pause Young (Allocation Failure) 5290M->2986M(5410M) 93.386ms
[3572.652s][info][gc,cpu         ] GC(878) User=0.52s Sys=0.03s Real=0.10s
...[3575.911s][info][gc,start       ] GC(879) Pause Young (Allocation Failure)
[3576.008s][info][gc,heap        ] GC(879) PSYoungGen: 2614688K(2630656K)->154912K(2628608K) Eden: 2465280K(2465280K)->0K(2465280K) From: 149408K(165376K)->154912K(163328K)
[3576.008s][info][gc,heap        ] GC(879) ParOldGen: 2909168K(2909184K)->3012344K(3012608K)
[3576.008s][info][gc,metaspace   ] GC(879) Metaspace: 29093K(29376K)->29093K(29376K) NonClass: 25986K(26112K)->25986K(26112K) Class: 3106K(3264K)->3106K(3264K)
[3576.008s][info][gc             ] GC(879) Pause Young (Allocation Failure) 5394M->3093M(5509M) 97.384ms
[3576.008s][info][gc,cpu         ] GC(879) User=0.55s Sys=0.03s Real=0.10s
....[3579.290s][info][gc,start       ] GC(880) Pause Young (Allocation Failure)
[3579.390s][info][gc,heap        ] GC(880) PSYoungGen: 2620192K(2628608K)->157364K(2629632K) Eden: 2465280K(2465280K)->0K(2465280K) From: 154912K(163328K)->157364K(164352K)
[3579.390s][info][gc,heap        ] GC(880) ParOldGen: 3012344K(3012608K)->3117456K(3117568K)
[3579.390s][info][gc,metaspace   ] GC(880) Metaspace: 29093K(29376K)->29093K(29376K) NonClass: 25986K(26112K)->25986K(26112K) Class: 3106K(3264K)->3106K(3264K)
[3579.390s][info][gc             ] GC(880) Pause Young (Allocation Failure) 5500M->3198M(5612M) 99.940ms
[3579.390s][info][gc,cpu         ] GC(880) User=0.57s Sys=0.02s Real=0.10s
...[3582.665s][info][gc,start       ] GC(881) Pause Young (Allocation Failure)
[3582.761s][info][gc,heap        ] GC(881) PSYoungGen: 2622644K(2629632K)->150496K(2631168K) Eden: 2465280K(2465280K)->0K(2466816K) From: 157364K(164352K)->150496K(164352K)
[3582.761s][info][gc,heap        ] GC(881) ParOldGen: 3117456K(3117568K)->3222848K(3223040K)
[3582.761s][info][gc,metaspace   ] GC(881) Metaspace: 29093K(29376K)->29093K(29376K) NonClass: 25986K(26112K)->25986K(26112K) Class: 3106K(3264K)->3106K(3264K)
[3582.761s][info][gc             ] GC(881) Pause Young (Allocation Failure) 5605M->3294M(5717M) 95.664ms
[3582.761s][info][gc,cpu         ] GC(881) User=0.53s Sys=0.04s Real=0.09s
...[3585.975s][info][gc,start       ] GC(882) Pause Young (Allocation Failure)
[3586.069s][info][gc,heap        ] GC(882) PSYoungGen: 2617312K(2631168K)->144992K(2631168K) Eden: 2466816K(2466816K)->0K(2466816K) From: 150496K(164352K)->144992K(164352K)
[3586.069s][info][gc,heap        ] GC(882) ParOldGen: 3222848K(3223040K)->3327896K(3328000K)
[3586.069s][info][gc,metaspace   ] GC(882) Metaspace: 29093K(29376K)->29093K(29376K) NonClass: 25986K(26112K)->25986K(26112K) Class: 3106K(3264K)->3106K(3264K)
[3586.069s][info][gc             ] GC(882) Pause Young (Allocation Failure) 5703M->3391M(5819M) 94.019ms
[3586.069s][info][gc,cpu         ] GC(882) User=0.52s Sys=0.03s Real=0.09s
....[3589.391s][info][gc,start       ] GC(883) Pause Young (Allocation Failure)
[3589.487s][info][gc,heap        ] GC(883) PSYoungGen: 2611808K(2631168K)->152736K(2630144K) Eden: 2466816K(2466816K)->0K(2466816K) From: 144992K(164352K)->152736K(163328K)
[3589.487s][info][gc,heap        ] GC(883) ParOldGen: 3327896K(3328000K)->3430072K(3430400K)
[3589.487s][info][gc,metaspace   ] GC(883) Metaspace: 29093K(29376K)->29093K(29376K) NonClass: 25986K(26112K)->25986K(26112K) Class: 3106K(3264K)->3106K(3264K)
[3589.487s][info][gc             ] GC(883) Pause Young (Allocation Failure) 5800M->3498M(5918M) 95.858ms
[3589.487s][info][gc,cpu         ] GC(883) User=0.54s Sys=0.02s Real=0.10s
...[3592.825s][info][gc,start       ] GC(884) Pause Young (Allocation Failure)
[3592.923s][info][gc,heap        ] GC(884) PSYoungGen: 2619552K(2630144K)->154944K(2630656K) Eden: 2466816K(2466816K)->0K(2466816K) From: 152736K(163328K)->154944K(163840K)
[3592.923s][info][gc,heap        ] GC(884) ParOldGen: 3430072K(3430400K)->3535840K(3535872K)
[3592.923s][info][gc,metaspace   ] GC(884) Metaspace: 29093K(29376K)->29093K(29376K) NonClass: 25986K(26112K)->25986K(26112K) Class: 3106K(3264K)->3106K(3264K)
[3592.923s][info][gc             ] GC(884) Pause Young (Allocation Failure) 5907M->3604M(6022M) 97.674ms
[3592.923s][info][gc,cpu         ] GC(884) User=0.53s Sys=0.05s Real=0.10s
...[3596.097s][info][gc,start       ] GC(885) Pause Young (Allocation Failure)
[3596.192s][info][gc,heap        ] GC(885) PSYoungGen: 2621760K(2630656K)->144320K(2631680K) Eden: 2466816K(2466816K)->0K(2468352K) From: 154944K(163840K)->144320K(163328K)
[3596.192s][info][gc,heap        ] GC(885) ParOldGen: 3535840K(3535872K)->3643048K(3643392K)
[3596.192s][info][gc,metaspace   ] GC(885) Metaspace: 29093K(29376K)->29093K(29376K) NonClass: 25986K(26112K)->25986K(26112K) Class: 3106K(3264K)->3106K(3264K)
[3596.192s][info][gc             ] GC(885) Pause Young (Allocation Failure) 6013M->3698M(6128M) 94.626ms
[3596.192s][info][gc,cpu         ] GC(885) User=0.53s Sys=0.03s Real=0.09s
....[3599.516s][info][gc,start       ] GC(886) Pause Young (Allocation Failure)
[3599.614s][info][gc,heap        ] GC(886) PSYoungGen: 2612672K(2631680K)->156768K(2625536K) Eden: 2468352K(2468352K)->0K(2468352K) From: 144320K(163328K)->156768K(157184K)
[3599.614s][info][gc,heap        ] GC(886) ParOldGen: 3643048K(3643392K)->3744320K(3744768K)
[3599.614s][info][gc,metaspace   ] GC(886) Metaspace: 29093K(29376K)->29093K(29376K) NonClass: 25986K(26112K)->25986K(26112K) Class: 3106K(3264K)->3106K(3264K)
[3599.614s][info][gc             ] GC(886) Pause Young (Allocation Failure) 6109M->3809M(6221M) 98.378ms
[3599.614s][info][gc,cpu         ] GC(886) User=0.56s Sys=0.02s Real=0.10s
...[3602.762s][info][gc,start       ] GC(887) Pause Young (Allocation Failure)
[3602.862s][info][gc,heap        ] GC(887) PSYoungGen: 2625120K(2625536K)->152448K(2632704K) Eden: 2468352K(2468352K)->0K(2468352K) From: 156768K(157184K)->152448K(164352K)
[3602.862s][info][gc,heap        ] GC(887) ParOldGen: 3744320K(3744768K)->3852440K(3852800K)
[3602.862s][info][gc,metaspace   ] GC(887) Metaspace: 29093K(29376K)->29093K(29376K) NonClass: 25986K(26112K)->25986K(26112K) Class: 3106K(3264K)->3106K(3264K)
[3602.862s][info][gc             ] GC(887) Pause Young (Allocation Failure) 6220M->3911M(6333M) 99.488ms
[3602.862s][info][gc,cpu         ] GC(887) User=0.55s Sys=0.04s Real=0.10s
...[3606.213s][info][gc,start       ] GC(888) Pause Young (Allocation Failure)
[3606.308s][info][gc,heap        ] GC(888) PSYoungGen: 2620800K(2632704K)->152320K(2620928K) Eden: 2468352K(2468352K)->0K(2468352K) From: 152448K(164352K)->152320K(152576K)
[3606.308s][info][gc,heap        ] GC(888) ParOldGen: 3852440K(3852800K)->3952640K(3953152K)
[3606.308s][info][gc,metaspace   ] GC(888) Metaspace: 29093K(29376K)->29093K(29376K) NonClass: 25986K(26112K)->25986K(26112K) Class: 3106K(3264K)->3106K(3264K)
[3606.308s][info][gc             ] GC(888) Pause Young (Allocation Failure) 6321M->4008M(6420M) 95.461ms
[3606.308s][info][gc,cpu         ] GC(888) User=0.53s Sys=0.02s Real=0.09s
....[3609.515s][info][gc,start       ] GC(889) Pause Young (Allocation Failure)
[3609.614s][info][gc,heap        ] GC(889) PSYoungGen: 2620672K(2620928K)->155504K(2630656K) Eden: 2468352K(2468352K)->0K(2468352K) From: 152320K(152576K)->155504K(162304K)
[3609.614s][info][gc,heap        ] GC(889) ParOldGen: 3952640K(3953152K)->4060216K(4060672K)
[3609.614s][info][gc,metaspace   ] GC(889) Metaspace: 29093K(29376K)->29093K(29376K) NonClass: 25986K(26112K)->25986K(26112K) Class: 3106K(3264K)->3106K(3264K)
[3609.614s][info][gc             ] GC(889) Pause Young (Allocation Failure) 6419M->4116M(6534M) 99.104ms
[3609.614s][info][gc,cpu         ] GC(889) User=0.56s Sys=0.03s Real=0.10s
...[3612.951s][info][gc,start       ] GC(890) Pause Young (Allocation Failure)
[3613.050s][info][gc,heap        ] GC(890) PSYoungGen: 2623856K(2630656K)->155497K(2630656K) Eden: 2468352K(2468352K)->0K(2468352K) From: 155504K(162304K)->155497K(162304K)
[3613.050s][info][gc,heap        ] GC(890) ParOldGen: 4060216K(4060672K)->4163192K(4163584K)
[3613.050s][info][gc,metaspace   ] GC(890) Metaspace: 29093K(29376K)->29093K(29376K) NonClass: 25986K(26112K)->25986K(26112K) Class: 3106K(3264K)->3106K(3264K)
[3613.050s][info][gc             ] GC(890) Pause Young (Allocation Failure) 6527M->4217M(6635M) 98.438ms
[3613.050s][info][gc,cpu         ] GC(890) User=0.54s Sys=0.03s Real=0.10s
....[3616.421s][info][gc,start       ] GC(891) Pause Young (Allocation Failure)
[3616.519s][info][gc,heap        ] GC(891) PSYoungGen: 2623849K(2630656K)->154688K(2633728K) Eden: 2468352K(2468352K)->0K(2471424K) From: 155497K(162304K)->154688K(162304K)
[3616.519s][info][gc,heap        ] GC(891) ParOldGen: 4163192K(4163584K)->4268472K(4268544K)
[3616.519s][info][gc,metaspace   ] GC(891) Metaspace: 29093K(29376K)->29093K(29376K) NonClass: 25986K(26112K)->25986K(26112K) Class: 3106K(3264K)->3106K(3264K)
[3616.519s][info][gc             ] GC(891) Pause Young (Allocation Failure) 6627M->4319M(6740M) 98.289ms
[3616.519s][info][gc,cpu         ] GC(891) User=0.54s Sys=0.04s Real=0.10s
...[3619.661s][info][gc,start       ] GC(892) Pause Young (Allocation Failure)
[3619.761s][info][gc,heap        ] GC(892) PSYoungGen: 2626112K(2633728K)->153184K(2625024K) Eden: 2471424K(2471424K)->0K(2471424K) From: 154688K(162304K)->153184K(153600K)
[3619.761s][info][gc,heap        ] GC(892) ParOldGen: 4268472K(4268544K)->4377928K(4378112K)
[3619.761s][info][gc,metaspace   ] GC(892) Metaspace: 29093K(29376K)->29093K(29376K) NonClass: 25986K(26112K)->25986K(26112K) Class: 3106K(3264K)->3106K(3264K)
[3619.761s][info][gc             ] GC(892) Pause Young (Allocation Failure) 6732M->4424M(6839M) 99.949ms
[3619.761s][info][gc,cpu         ] GC(892) User=0.55s Sys=0.03s Real=0.10s
... (rIR:aIR:PR = 5120:5119:5120) (tPR = 76021) [OK] 
  3622s: Performance info:
         Transaction,    Success,    Partial,     Failed,   Receipts, AvgBarcode, 
             Overall,     307815,          0,          0,     292397,      59.48, 
         Response times:
             Request,    Success,    Partial,     Failed,   SkipFail,     Probes,    Samples,      min,      p50,      p90,      p95,      p99,      max, 
       TotalPurchase,     292395,          0,          0,          0,     288248,     317278,      300,     3800,     6600,     8700,    34000,   164000,
     InStorePurchase,     153854,          0,          0,          0,     151924,     166846,      300,     4000,     6700,     8800,    35000,   164000,
      OnlinePurchase,     107797,          0,          0,          0,     106205,     116928,      300,     3700,     6500,     8400,    34000,   109000,
        InstPurchase,      30744,          0,          0,          0,      30119,      33504,      400,     3500,     6600,     8700,    33000,   162000,
          AssocOfCat,        308,          0,          0,          0,        248,        344,    23000,    32000,    41500,    48750,   136300,   169000,
      AssocOfProduct,       3081,          0,          0,          0,       2812,       3246,      500,     3800,     6200,     9065,    31000,   107000,
      BusinessReport,        769,          0,          0,          0,        641,        782,    27000,    37000,    52000,    61000,   132170,   171000,
          CustBuyBeh,       3082,          0,          0,          0,       2839,       3339,      200,     4700,     7200,     9200,    41000,   162000,
       ProductReturn,       8177,          0,          0,          0,       7772,       8719,      300,     4800,     7000,     9200,    39000,   115000,

  3622s: (38%)   IR =   5258 [3623.001s][info][gc,start       ] GC(893) Pause Young (Allocation Failure)
[3623.097s][info][gc,heap        ] GC(893) PSYoungGen: 2624608K(2625024K)->147136K(2632192K) Eden: 2471424K(2471424K)->0K(2470912K) From: 153184K(153600K)->147136K(161280K)
[3623.097s][info][gc,heap        ] GC(893) ParOldGen: 4377928K(4378112K)->4480520K(4481024K)
[3623.097s][info][gc,metaspace   ] GC(893) Metaspace: 29093K(29376K)->29093K(29376K) NonClass: 25986K(26112K)->25986K(26112K) Class: 3106K(3264K)->3106K(3264K)
[3623.097s][info][gc             ] GC(893) Pause Young (Allocation Failure) 6838M->4519M(6946M) 95.953ms
[3623.097s][info][gc,cpu         ] GC(893) User=0.53s Sys=0.04s Real=0.10s
....|[3626.415s][info][gc,start       ] GC(894) Pause Young (Allocation Failure)
[3626.512s][info][gc,heap        ] GC(894) PSYoungGen: 2618048K(2632192K)->154912K(2632704K) Eden: 2470912K(2470912K)->0K(2470912K) From: 147136K(161280K)->154912K(161792K)
[3626.512s][info][gc,heap        ] GC(894) ParOldGen: 4480520K(4481024K)->4583120K(4583424K)
[3626.512s][info][gc,metaspace   ] GC(894) Metaspace: 29093K(29376K)->29093K(29376K) NonClass: 25986K(26112K)->25986K(26112K) Class: 3106K(3264K)->3106K(3264K)
[3626.512s][info][gc             ] GC(894) Pause Young (Allocation Failure) 6932M->4626M(7047M) 96.750ms
[3626.512s][info][gc,cpu         ] GC(894) User=0.54s Sys=0.04s Real=0.10s
...[3629.599s][info][gc,start       ] GC(895) Pause Young (Allocation Failure)
[3629.697s][info][gc,heap        ] GC(895) PSYoungGen: 2625824K(2632704K)->150208K(2633216K) Eden: 2470912K(2470912K)->0K(2472448K) From: 154912K(161792K)->150208K(160768K)
[3629.697s][info][gc,heap        ] GC(895) ParOldGen: 4583120K(4583424K)->4690960K(4691456K)
[3629.697s][info][gc,metaspace   ] GC(895) Metaspace: 29093K(29376K)->29093K(29376K) NonClass: 25986K(26112K)->25986K(26112K) Class: 3106K(3264K)->3106K(3264K)
[3629.697s][info][gc             ] GC(895) Pause Young (Allocation Failure) 7039M->4727M(7153M) 98.048ms
[3629.697s][info][gc,cpu         ] GC(895) User=0.54s Sys=0.04s Real=0.10s
...[3632.892s][info][gc,start       ] GC(896) Pause Young (Allocation Failure)
[3632.989s][info][gc,heap        ] GC(896) PSYoungGen: 2622656K(2633216K)->154528K(2633728K) Eden: 2472448K(2472448K)->0K(2472448K) From: 150208K(160768K)->154528K(161280K)
[3632.989s][info][gc,heap        ] GC(896) ParOldGen: 4690960K(4691456K)->4794024K(4794368K)
[3632.989s][info][gc,metaspace   ] GC(896) Metaspace: 29093K(29376K)->29093K(29376K) NonClass: 25986K(26112K)->25986K(26112K) Class: 3106K(3264K)->3106K(3264K)
[3632.989s][info][gc             ] GC(896) Pause Young (Allocation Failure) 7142M->4832M(7254M) 96.958ms
[3632.989s][info][gc,cpu         ] GC(896) User=0.54s Sys=0.03s Real=0.09s
...[3636.237s][info][gc,start       ] GC(897) Pause Young (Allocation Failure)
[3636.336s][info][gc,heap        ] GC(897) PSYoungGen: 2626976K(2633728K)->156192K(2634752K) Eden: 2472448K(2472448K)->0K(2473472K) From: 154528K(161280K)->156192K(161280K)
[3636.336s][info][gc,heap        ] GC(897) ParOldGen: 4794024K(4794368K)->4897160K(4897280K)
[3636.336s][info][gc,metaspace   ] GC(897) Metaspace: 29093K(29376K)->29093K(29376K) NonClass: 25986K(26112K)->25986K(26112K) Class: 3106K(3264K)->3106K(3264K)
[3636.337s][info][gc             ] GC(897) Pause Young (Allocation Failure) 7247M->4934M(7355M) 99.525ms
[3636.337s][info][gc,cpu         ] GC(897) User=0.54s Sys=0.04s Real=0.10s
....[3639.498s][info][gc,start       ] GC(898) Pause Young (Allocation Failure)
[3639.595s][info][gc,heap        ] GC(898) PSYoungGen: 2629664K(2634752K)->150144K(2634752K) Eden: 2473472K(2473472K)->0K(2473472K) From: 156192K(161280K)->150144K(161280K)
[3639.595s][info][gc,heap        ] GC(898) ParOldGen: 4897160K(4897280K)->5004000K(5004288K)
[3639.595s][info][gc,metaspace   ] GC(898) Metaspace: 29093K(29376K)->29093K(29376K) NonClass: 25986K(26112K)->25986K(26112K) Class: 3106K(3264K)->3106K(3264K)
[3639.595s][info][gc             ] GC(898) Pause Young (Allocation Failure) 7350M->5033M(7460M) 97.137ms
[3639.595s][info][gc,cpu         ] GC(898) User=0.54s Sys=0.03s Real=0.10s
...[3642.795s][info][gc,start       ] GC(899) Pause Young (Allocation Failure)
[3642.897s][info][gc,heap        ] GC(899) PSYoungGen: 2623616K(2634752K)->159797K(2631680K) Eden: 2473472K(2473472K)->0K(2470400K) From: 150144K(161280K)->159797K(161280K)
[3642.897s][info][gc,heap        ] GC(899) ParOldGen: 5004000K(5004288K)->5108056K(5108224K)
[3642.897s][info][gc,metaspace   ] GC(899) Metaspace: 29093K(29376K)->29093K(29376K) NonClass: 25986K(26112K)->25986K(26112K) Class: 3106K(3264K)->3106K(3264K)
[3642.897s][info][gc             ] GC(899) Pause Young (Allocation Failure) 7448M->5144M(7558M) 102.385ms
[3642.897s][info][gc,cpu         ] GC(899) User=0.57s Sys=0.04s Real=0.10s
...[3646.062s][info][gc,start       ] GC(900) Pause Young (Allocation Failure)
[3646.161s][info][gc,heap        ] GC(900) PSYoungGen: 2630197K(2631680K)->153792K(2633216K) Eden: 2470400K(2470400K)->0K(2470400K) From: 159797K(161280K)->153792K(162816K)
[3646.161s][info][gc,heap        ] GC(900) ParOldGen: 5108056K(5108224K)->5213648K(5213696K)
[3646.161s][info][gc,metaspace   ] GC(900) Metaspace: 29093K(29376K)->29093K(29376K) NonClass: 25986K(26112K)->25986K(26112K) Class: 3106K(3264K)->3106K(3264K)
[3646.161s][info][gc             ] GC(900) Pause Young (Allocation Failure) 7556M->5241M(7663M) 99.220ms
[3646.161s][info][gc,cpu         ] GC(900) User=0.56s Sys=0.03s Real=0.10s
....[3649.415s][info][gc,start       ] GC(901) Pause Young (Allocation Failure)
[3649.517s][info][gc,heap        ] GC(901) PSYoungGen: 2624192K(2633216K)->159648K(2631680K) Eden: 2470400K(2470400K)->0K(2469376K) From: 153792K(162816K)->159648K(162304K)
[3649.517s][info][gc,heap        ] GC(901) ParOldGen: 5213648K(5213696K)->5317600K(5317632K)
[3649.517s][info][gc,metaspace   ] GC(901) Metaspace: 29093K(29376K)->29093K(29376K) NonClass: 25986K(26112K)->25986K(26112K) Class: 3106K(3264K)->3106K(3264K)
[3649.517s][info][gc             ] GC(901) Pause Young (Allocation Failure) 7654M->5348M(7763M) 102.792ms
[3649.517s][info][gc,cpu         ] GC(901) User=0.58s Sys=0.03s Real=0.10s
...[3652.648s][info][gc,start       ] GC(902) Pause Young (Allocation Failure)
[3652.746s][info][gc,heap        ] GC(902) PSYoungGen: 2629024K(2631680K)->151904K(2632704K) Eden: 2469376K(2469376K)->0K(2469376K) From: 159648K(162304K)->151904K(163328K)
[3652.746s][info][gc,heap        ] GC(902) ParOldGen: 5317600K(5317632K)->5424416K(5424640K)
[3652.746s][info][gc,metaspace   ] GC(902) Metaspace: 29093K(29376K)->29093K(29376K) NonClass: 25986K(26112K)->25986K(26112K) Class: 3106K(3264K)->3106K(3264K)
[3652.746s][info][gc             ] GC(902) Pause Young (Allocation Failure) 7760M->5445M(7868M) 97.958ms
[3652.746s][info][gc,cpu         ] GC(902) User=0.55s Sys=0.03s Real=0.10s
...[3655.885s][info][gc,start       ] GC(903) Pause Young (Allocation Failure)
[3655.986s][info][gc,heap        ] GC(903) PSYoungGen: 2621280K(2632704K)->152704K(2631168K) Eden: 2469376K(2469376K)->0K(2469888K) From: 151904K(163328K)->152704K(161280K)
[3655.986s][info][gc,heap        ] GC(903) ParOldGen: 5424416K(5424640K)->5529328K(5529600K)
[3655.986s][info][gc,metaspace   ] GC(903) Metaspace: 29093K(29376K)->29093K(29376K) NonClass: 25986K(26112K)->25986K(26112K) Class: 3106K(3264K)->3106K(3264K)
[3655.986s][info][gc             ] GC(903) Pause Young (Allocation Failure) 7857M->5548M(7969M) 100.235ms
[3655.986s][info][gc,cpu         ] GC(903) User=0.55s Sys=0.04s Real=0.10s
...[3659.221s][info][gc,start       ] GC(904) Pause Full (Allocation Failure)
[3659.221s][info][gc,phases,start] GC(904) Marking Phase
[3659.528s][info][gc,phases      ] GC(904) Marking Phase 306.837ms
[3659.528s][info][gc,phases,start] GC(904) Summary Phase
[3659.528s][info][gc,phases      ] GC(904) Summary Phase 0.105ms
[3659.528s][info][gc,phases,start] GC(904) Forward
[3659.650s][info][gc,phases      ] GC(904) Forward 121.632ms
[3659.650s][info][gc,phases,start] GC(904) Adjust Pointers
[3659.862s][info][gc,phases      ] GC(904) Adjust Pointers 212.069ms
[3659.862s][info][gc,phases,start] GC(904) Compaction Phase
[3660.008s][info][gc,phases      ] GC(904) Compaction Phase 145.761ms
[3660.009s][info][gc,phases,start] GC(904) Post Compact
[3660.016s][info][gc,phases      ] GC(904) Post Compact 6.977ms
[3660.131s][info][gc,heap        ] GC(904) PSYoungGen: 2622592K(2631168K)->0K(2632192K) Eden: 2469888K(2469888K)->0K(2469888K) From: 152704K(161280K)->0K(162304K)
[3660.131s][info][gc,heap        ] GC(904) ParOldGen: 5529328K(5529600K)->1610380K(1878528K)
[3660.131s][info][gc,metaspace   ] GC(904) Metaspace: 29093K(29376K)->29093K(29376K) NonClass: 25986K(26112K)->25986K(26112K) Class: 3106K(3264K)->3106K(3264K)
[3660.131s][info][gc             ] GC(904) Pause Full (Allocation Failure) 7960M->1572M(4405M) 909.736ms
[3660.131s][info][gc,cpu         ] GC(904) User=4.32s Sys=0.12s Real=0.91s
...[3662.470s][info][gc,start       ] GC(905) Pause Young (Allocation Failure)
[3662.535s][info][gc,heap        ] GC(905) PSYoungGen: 2469888K(2632192K)->156308K(2633728K) Eden: 2469888K(2469888K)->0K(2471424K) From: 0K(162304K)->156308K(162304K)
[3662.535s][info][gc,heap        ] GC(905) ParOldGen: 1610380K(1878528K)->1610380K(1878528K)
[3662.535s][info][gc,metaspace   ] GC(905) Metaspace: 29093K(29376K)->29093K(29376K) NonClass: 25986K(26112K)->25986K(26112K) Class: 3106K(3264K)->3106K(3264K)
[3662.535s][info][gc             ] GC(905) Pause Young (Allocation Failure) 3984M->1725M(4406M) 64.934ms
[3662.535s][info][gc,cpu         ] GC(905) User=0.38s Sys=0.00s Real=0.07s
...[3665.771s][info][gc,start       ] GC(906) Pause Young (Allocation Failure)
[3665.862s][info][gc,heap        ] GC(906) PSYoungGen: 2627732K(2633728K)->154016K(2625536K) Eden: 2471424K(2471424K)->0K(2471424K) From: 156308K(162304K)->154016K(154112K)
[3665.862s][info][gc,heap        ] GC(906) ParOldGen: 1610380K(1878528K)->1714308K(1878528K)
[3665.862s][info][gc,metaspace   ] GC(906) Metaspace: 29093K(29376K)->29093K(29376K) NonClass: 25986K(26112K)->25986K(26112K) Class: 3106K(3264K)->3106K(3264K)
[3665.862s][info][gc             ] GC(906) Pause Young (Allocation Failure) 4138M->1824M(4398M) 91.296ms
[3665.862s][info][gc,cpu         ] GC(906) User=0.54s Sys=0.00s Real=0.10s
...[3669.019s][info][gc,start       ] GC(907) Pause Young (Allocation Failure)
[3669.110s][info][gc,heap        ] GC(907) PSYoungGen: 2625440K(2625536K)->147744K(2633216K) Eden: 2471424K(2471424K)->0K(2471424K) From: 154016K(154112K)->147744K(161792K)
[3669.110s][info][gc,heap        ] GC(907) ParOldGen: 1714308K(1878528K)->1819572K(1878528K)
[3669.110s][info][gc,metaspace   ] GC(907) Metaspace: 29093K(29376K)->29093K(29376K) NonClass: 25986K(26112K)->25986K(26112K) Class: 3106K(3264K)->3106K(3264K)
[3669.110s][info][gc             ] GC(907) Pause Young (Allocation Failure) 4238M->1921M(4406M) 91.199ms
[3669.110s][info][gc,cpu         ] GC(907) User=0.53s Sys=0.00s Real=0.09s
....[3672.323s][info][gc,start       ] GC(908) Pause Young (Allocation Failure)
[3672.415s][info][gc,heap        ] GC(908) PSYoungGen: 2619168K(2633216K)->151200K(2633216K) Eden: 2471424K(2471424K)->0K(2471424K) From: 147744K(161792K)->151200K(161792K)
[3672.415s][info][gc,heap        ] GC(908) ParOldGen: 1819572K(1878528K)->1924460K(1924608K)
[3672.415s][info][gc,metaspace   ] GC(908) Metaspace: 29093K(29376K)->29093K(29376K) NonClass: 25986K(26112K)->25986K(26112K) Class: 3106K(3264K)->3106K(3264K)
[3672.415s][info][gc             ] GC(908) Pause Young (Allocation Failure) 4334M->2027M(4451M) 92.665ms
[3672.415s][info][gc,cpu         ] GC(908) User=0.54s Sys=0.01s Real=0.09s
...[3675.653s][info][gc,start       ] GC(909) Pause Young (Allocation Failure)
[3675.751s][info][gc,heap        ] GC(909) PSYoungGen: 2622624K(2633216K)->159360K(2632192K) Eden: 2471424K(2471424K)->0K(2470400K) From: 151200K(161792K)->159360K(161792K)
[3675.751s][info][gc,heap        ] GC(909) ParOldGen: 1924460K(1924608K)->2028532K(2028544K)
[3675.751s][info][gc,metaspace   ] GC(909) Metaspace: 29093K(29376K)->29093K(29376K) NonClass: 25986K(26112K)->25986K(26112K) Class: 3106K(3264K)->3106K(3264K)
[3675.751s][info][gc             ] GC(909) Pause Young (Allocation Failure) 4440M->2136M(4551M) 98.338ms
[3675.751s][info][gc,cpu         ] GC(909) User=0.55s Sys=0.04s Real=0.09s
...[3678.934s][info][gc,start       ] GC(910) Pause Young (Allocation Failure)
[3679.036s][info][gc,heap        ] GC(910) PSYoungGen: 2629760K(2632192K)->162784K(2633216K) Eden: 2470400K(2470400K)->0K(2470400K) From: 159360K(161792K)->162784K(162816K)
[3679.036s][info][gc,heap        ] GC(910) ParOldGen: 2028532K(2028544K)->2139900K(2140160K)
[3679.036s][info][gc,metaspace   ] GC(910) Metaspace: 29093K(29376K)->29093K(29376K) NonClass: 25986K(26112K)->25986K(26112K) Class: 3106K(3264K)->3106K(3264K)
[3679.036s][info][gc             ] GC(910) Pause Young (Allocation Failure) 4549M->2248M(4661M) 102.202ms
[3679.036s][info][gc,cpu         ] GC(910) User=0.59s Sys=0.02s Real=0.10s
....[3682.176s][info][gc,start       ] GC(911) Pause Young (Allocation Failure)
[3682.267s][info][gc,heap        ] GC(911) PSYoungGen: 2633184K(2633216K)->148288K(2547200K) Eden: 2470399K(2470400K)->0K(2384384K) From: 162784K(162816K)->148288K(162816K)
[3682.267s][info][gc,heap        ] GC(911) ParOldGen: 2139900K(2140160K)->2242300K(2242560K)
[3682.267s][info][gc,metaspace   ] GC(911) Metaspace: 29093K(29376K)->29093K(29376K) NonClass: 25986K(26112K)->25986K(26112K) Class: 3106K(3264K)->3106K(3264K)
[3682.267s][info][gc             ] GC(911) Pause Young (Allocation Failure) 4661M->2334M(4677M) 91.575ms
[3682.267s][info][gc,cpu         ] GC(911) User=0.52s Sys=0.03s Real=0.09s
...[3685.379s][info][gc,start       ] GC(912) Pause Young (Allocation Failure)
[3685.478s][info][gc,heap        ] GC(912) PSYoungGen: 2532672K(2547200K)->159161K(2590208K) Eden: 2384384K(2384384K)->0K(2384384K) From: 148288K(162816K)->159161K(205824K)
[3685.478s][info][gc,heap        ] GC(912) ParOldGen: 2242300K(2242560K)->2347740K(2348032K)
[3685.478s][info][gc,metaspace   ] GC(912) Metaspace: 29093K(29376K)->29093K(29376K) NonClass: 25986K(26112K)->25986K(26112K) Class: 3106K(3264K)->3106K(3264K)
[3685.478s][info][gc             ] GC(912) Pause Young (Allocation Failure) 4663M->2448M(4822M) 99.816ms
[3685.478s][info][gc,cpu         ] GC(912) User=0.55s Sys=0.03s Real=0.10s
.. (rIR:aIR:PR = 5258:5258:5258) (tPR = 77917) [OK] 
  3687s: Performance info:
         Transaction,    Success,    Partial,     Failed,   Receipts, AvgBarcode, 
             Overall,     319725,          0,          0,     303739,      59.48, 
         Response times:
             Request,    Success,    Partial,     Failed,   SkipFail,     Probes,    Samples,      min,      p50,      p90,      p95,      p99,      max, 
       TotalPurchase,     303739,          0,          0,          0,     295655,     318903,      300,     4000,     7200,    12100,    55000,   920000,
     InStorePurchase,     159923,          0,          0,          0,     156008,     167947,      300,     3900,     7200,    11500,    53000,   920000,
      OnlinePurchase,     111868,          0,          0,          0,     108907,     117611,      300,     4100,     7300,    12200,    56000,   920000,
        InstPurchase,      31948,          0,          0,          0,      30740,      33345,      400,     3800,     7500,    15900,    57000,   920000,
          AssocOfCat,        317,          0,          0,          0,        246,        345,    19900,    32000,    48400,    58700,   149620,   164000,
      AssocOfProduct,       3184,          0,          0,          0,       2869,       3265,      300,     2500,     6800,    11470,   157000,   186000,
      BusinessReport,        799,          0,          0,          0,        666,        799,    27000,    38000,    57000,    80000,   132000,   165000,
          CustBuyBeh,       3202,          0,          0,          0,       2943,       3354,      200,     4200,     8000,    17400,   169000,   208000,
       ProductReturn,       8484,          0,          0,          0,       8032,       8913,      200,     4800,     8200,    17730,   142000,   201000,

  3687s: (39%)   IR =   5396 .[3688.584s][info][gc,start       ] GC(913) Pause Young (Allocation Failure)
[3688.679s][info][gc,heap        ] GC(913) PSYoungGen: 2543545K(2590208K)->151520K(2583552K) Eden: 2384384K(2384384K)->0K(2387968K) From: 159161K(205824K)->151520K(195584K)
[3688.679s][info][gc,heap        ] GC(913) ParOldGen: 2347740K(2348032K)->2450612K(2450944K)
[3688.679s][info][gc,metaspace   ] GC(913) Metaspace: 29093K(29376K)->29093K(29376K) NonClass: 25986K(26112K)->25986K(26112K) Class: 3106K(3264K)->3106K(3264K)
[3688.679s][info][gc             ] GC(913) Pause Young (Allocation Failure) 4776M->2541M(4916M) 95.471ms
[3688.679s][info][gc,cpu         ] GC(913) User=0.53s Sys=0.03s Real=0.09s
...|[3691.680s][info][gc,start       ] GC(914) Pause Young (Allocation Failure)
[3691.781s][info][gc,heap        ] GC(914) PSYoungGen: 2539488K(2583552K)->164688K(2588672K) Eden: 2387968K(2387968K)->0K(2387968K) From: 151520K(195584K)->164688K(200704K)
[3691.781s][info][gc,heap        ] GC(914) ParOldGen: 2450612K(2450944K)->2555404K(2555904K)
[3691.781s][info][gc,metaspace   ] GC(914) Metaspace: 29093K(29376K)->29093K(29376K) NonClass: 25986K(26112K)->25986K(26112K) Class: 3106K(3264K)->3106K(3264K)
[3691.781s][info][gc             ] GC(914) Pause Young (Allocation Failure) 4873M->2656M(5024M) 100.941ms
[3691.781s][info][gc,cpu         ] GC(914) User=0.57s Sys=0.02s Real=0.10s
...[3694.816s][info][gc,start       ] GC(915) Pause Young (Allocation Failure)
[3694.914s][info][gc,heap        ] GC(915) PSYoungGen: 2552656K(2588672K)->158885K(2587136K) Eden: 2387968K(2387968K)->0K(2397696K) From: 164688K(200704K)->158885K(189440K)
[3694.914s][info][gc,heap        ] GC(915) ParOldGen: 2555404K(2555904K)->2657356K(2657792K)
[3694.914s][info][gc,metaspace   ] GC(915) Metaspace: 29093K(29376K)->29093K(29376K) NonClass: 25986K(26112K)->25986K(26112K) Class: 3106K(3264K)->3106K(3264K)
[3694.914s][info][gc             ] GC(915) Pause Young (Allocation Failure) 4988M->2750M(5122M) 97.841ms
[3694.914s][info][gc,cpu         ] GC(915) User=0.56s Sys=0.02s Real=0.10s
...[3697.957s][info][gc,start       ] GC(916) Pause Young (Allocation Failure)
[3698.051s][info][gc,heap        ] GC(916) PSYoungGen: 2556581K(2587136K)->147936K(2592256K) Eden: 2397696K(2397696K)->0K(2397696K) From: 158885K(189440K)->147936K(194560K)
[3698.051s][info][gc,heap        ] GC(916) ParOldGen: 2657356K(2657792K)->2761772K(2762240K)
[3698.051s][info][gc,metaspace   ] GC(916) Metaspace: 29093K(29376K)->29093K(29376K) NonClass: 25986K(26112K)->25986K(26112K) Class: 3106K(3264K)->3106K(3264K)
[3698.051s][info][gc             ] GC(916) Pause Young (Allocation Failure) 5091M->2841M(5229M) 93.633ms
[3698.051s][info][gc,cpu         ] GC(916) User=0.52s Sys=0.04s Real=0.09s
...[3701.018s][info][gc,start       ] GC(917) Pause Young (Allocation Failure)
[3701.116s][info][gc,heap        ] GC(917) PSYoungGen: 2545632K(2592256K)->154608K(2595840K) Eden: 2397696K(2397696K)->0K(2407424K) From: 147936K(194560K)->154608K(188416K)
[3701.116s][info][gc,heap        ] GC(917) ParOldGen: 2761772K(2762240K)->2865852K(2866176K)
[3701.116s][info][gc,metaspace   ] GC(917) Metaspace: 29093K(29376K)->29093K(29376K) NonClass: 25986K(26112K)->25986K(26112K) Class: 3106K(3264K)->3106K(3264K)
[3701.116s][info][gc             ] GC(917) Pause Young (Allocation Failure) 5183M->2949M(5334M) 97.709ms
[3701.116s][info][gc,cpu         ] GC(917) User=0.54s Sys=0.03s Real=0.10s
...[3704.138s][info][gc,start       ] GC(918) Pause Young (Allocation Failure)
[3704.233s][info][gc,heap        ] GC(918) PSYoungGen: 2562032K(2595840K)->147040K(2598912K) Eden: 2407424K(2407424K)->0K(2407424K) From: 154608K(188416K)->147040K(191488K)
[3704.233s][info][gc,heap        ] GC(918) ParOldGen: 2865852K(2866176K)->2968188K(2968576K)
[3704.233s][info][gc,metaspace   ] GC(918) Metaspace: 29093K(29376K)->29093K(29376K) NonClass: 25986K(26112K)->25986K(26112K) Class: 3106K(3264K)->3106K(3264K)
[3704.233s][info][gc             ] GC(918) Pause Young (Allocation Failure) 5300M->3042M(5437M) 95.095ms
[3704.233s][info][gc,cpu         ] GC(918) User=0.53s Sys=0.02s Real=0.10s
....[3707.294s][info][gc,start       ] GC(919) Pause Young (Allocation Failure)
[3707.388s][info][gc,heap        ] GC(919) PSYoungGen: 2554464K(2598912K)->147328K(2600960K) Eden: 2407424K(2407424K)->0K(2413568K) From: 147040K(191488K)->147328K(187392K)
[3707.388s][info][gc,heap        ] GC(919) ParOldGen: 2968188K(2968576K)->3071492K(3072000K)
[3707.388s][info][gc,metaspace   ] GC(919) Metaspace: 29093K(29376K)->29093K(29376K) NonClass: 25986K(26112K)->25986K(26112K) Class: 3106K(3264K)->3106K(3264K)
[3707.389s][info][gc             ] GC(919) Pause Young (Allocation Failure) 5393M->3143M(5540M) 94.630ms
[3707.389s][info][gc,cpu         ] GC(919) User=0.53s Sys=0.02s Real=0.09s
...[3710.389s][info][gc,start       ] GC(920) Pause Young (Allocation Failure)
[3710.485s][info][gc,heap        ] GC(920) PSYoungGen: 2560896K(2600960K)->147360K(2603008K) Eden: 2413568K(2413568K)->0K(2413568K) From: 147328K(187392K)->147360K(189440K)
[3710.485s][info][gc,heap        ] GC(920) ParOldGen: 3071492K(3072000K)->3175460K(3175936K)
[3710.485s][info][gc,metaspace   ] GC(920) Metaspace: 29093K(29376K)->29093K(29376K) NonClass: 25986K(26112K)->25986K(26112K) Class: 3106K(3264K)->3106K(3264K)
[3710.485s][info][gc             ] GC(920) Pause Young (Allocation Failure) 5500M->3244M(5643M) 95.522ms
[3710.485s][info][gc,cpu         ] GC(920) User=0.52s Sys=0.05s Real=0.10s
...[3713.526s][info][gc,start       ] GC(921) Pause Young (Allocation Failure)
[3713.621s][info][gc,heap        ] GC(921) PSYoungGen: 2560928K(2603008K)->149792K(2601472K) Eden: 2413568K(2413568K)->0K(2418176K) From: 147360K(189440K)->149792K(183296K)
[3713.621s][info][gc,heap        ] GC(921) ParOldGen: 3175460K(3175936K)->3278028K(3278336K)
[3713.621s][info][gc,metaspace   ] GC(921) Metaspace: 29093K(29376K)->29093K(29376K) NonClass: 25986K(26112K)->25986K(26112K) Class: 3106K(3264K)->3106K(3264K)
[3713.621s][info][gc             ] GC(921) Pause Young (Allocation Failure) 5601M->3347M(5742M) 94.987ms
[3713.622s][info][gc,cpu         ] GC(921) User=0.54s Sys=0.02s Real=0.09s
...[3716.637s][info][gc,start       ] GC(922) Pause Young (Allocation Failure)
[3716.733s][info][gc,heap        ] GC(922) PSYoungGen: 2567968K(2601472K)->150048K(2604544K) Eden: 2418176K(2418176K)->0K(2418176K) From: 149792K(183296K)->150048K(186368K)
[3716.733s][info][gc,heap        ] GC(922) ParOldGen: 3278028K(3278336K)->3381980K(3382272K)
[3716.733s][info][gc,metaspace   ] GC(922) Metaspace: 29093K(29376K)->29093K(29376K) NonClass: 25986K(26112K)->25986K(26112K) Class: 3106K(3264K)->3106K(3264K)
[3716.733s][info][gc             ] GC(922) Pause Young (Allocation Failure) 5708M->3449M(5846M) 95.700ms
[3716.733s][info][gc,cpu         ] GC(922) User=0.54s Sys=0.02s Real=0.10s
...[3719.764s][info][gc,start       ] GC(923) Pause Young (Allocation Failure)
[3719.864s][info][gc,heap        ] GC(923) PSYoungGen: 2568224K(2604544K)->158230K(2604544K) Eden: 2418176K(2418176K)->0K(2425344K) From: 150048K(186368K)->158230K(179200K)
[3719.864s][info][gc,heap        ] GC(923) ParOldGen: 3381980K(3382272K)->3484924K(3485184K)
[3719.864s][info][gc,metaspace   ] GC(923) Metaspace: 29093K(29376K)->29093K(29376K) NonClass: 25986K(26112K)->25986K(26112K) Class: 3106K(3264K)->3106K(3264K)
[3719.864s][info][gc             ] GC(923) Pause Young (Allocation Failure) 5810M->3557M(5947M) 99.888ms
[3719.864s][info][gc,cpu         ] GC(923) User=0.56s Sys=0.03s Real=0.10s
...[3722.877s][info][gc,start       ] GC(924) Pause Young (Allocation Failure)
[3722.978s][info][gc,heap        ] GC(924) PSYoungGen: 2583574K(2604544K)->161488K(2607616K) Eden: 2425344K(2425344K)->0K(2425344K) From: 158230K(179200K)->161488K(182272K)
[3722.978s][info][gc,heap        ] GC(924) ParOldGen: 3484924K(3485184K)->3589308K(3589632K)
[3722.978s][info][gc,metaspace   ] GC(924) Metaspace: 29093K(29376K)->29093K(29376K) NonClass: 25986K(26112K)->25986K(26112K) Class: 3106K(3264K)->3106K(3264K)
[3722.978s][info][gc             ] GC(924) Pause Young (Allocation Failure) 5926M->3662M(6052M) 101.421ms
[3722.978s][info][gc,cpu         ] GC(924) User=0.57s Sys=0.03s Real=0.10s
...[3726.112s][info][gc,start       ] GC(925) Pause Young (Allocation Failure)
[3726.209s][info][gc,heap        ] GC(925) PSYoungGen: 2586832K(2607616K)->155552K(2609152K) Eden: 2425344K(2425344K)->0K(2432000K) From: 161488K(182272K)->155552K(177152K)
[3726.209s][info][gc,heap        ] GC(925) ParOldGen: 3589308K(3589632K)->3690828K(3691008K)
[3726.209s][info][gc,metaspace   ] GC(925) Metaspace: 29093K(29376K)->29093K(29376K) NonClass: 25986K(26112K)->25986K(26112K) Class: 3106K(3264K)->3106K(3264K)
[3726.209s][info][gc             ] GC(925) Pause Young (Allocation Failure) 6031M->3756M(6152M) 96.639ms
[3726.209s][info][gc,cpu         ] GC(925) User=0.54s Sys=0.03s Real=0.09s
...[3729.204s][info][gc,start       ] GC(926) Pause Young (Allocation Failure)
[3729.300s][info][gc,heap        ] GC(926) PSYoungGen: 2587552K(2609152K)->147840K(2611712K) Eden: 2432000K(2432000K)->0K(2432000K) From: 155552K(177152K)->147840K(179712K)
[3729.300s][info][gc,heap        ] GC(926) ParOldGen: 3690828K(3691008K)->3797620K(3798016K)
[3729.300s][info][gc,metaspace   ] GC(926) Metaspace: 29093K(29376K)->29093K(29376K) NonClass: 25986K(26112K)->25986K(26112K) Class: 3106K(3264K)->3106K(3264K)
[3729.300s][info][gc             ] GC(926) Pause Young (Allocation Failure) 6131M->3852M(6259M) 95.977ms
[3729.300s][info][gc,cpu         ] GC(926) User=0.53s Sys=0.04s Real=0.09s
....[3732.340s][info][gc,start       ] GC(927) Pause Young (Allocation Failure)
[3732.437s][info][gc,heap        ] GC(927) PSYoungGen: 2579840K(2611712K)->148352K(2613248K) Eden: 2432000K(2432000K)->0K(2437632K) From: 147840K(179712K)->148352K(175616K)
[3732.437s][info][gc,heap        ] GC(927) ParOldGen: 3797620K(3798016K)->3900188K(3900416K)
[3732.437s][info][gc,metaspace   ] GC(927) Metaspace: 29093K(29376K)->29093K(29376K) NonClass: 25986K(26112K)->25986K(26112K) Class: 3106K(3264K)->3106K(3264K)
[3732.437s][info][gc             ] GC(927) Pause Young (Allocation Failure) 6227M->3953M(6361M) 96.840ms
[3732.437s][info][gc,cpu         ] GC(927) User=0.54s Sys=0.03s Real=0.10s
...[3735.582s][info][gc,start       ] GC(928) Pause Young (Allocation Failure)
[3735.678s][info][gc,heap        ] GC(928) PSYoungGen: 2585984K(2613248K)->152832K(2615296K) Eden: 2437632K(2437632K)->0K(2437632K) From: 148352K(175616K)->152832K(177664K)
[3735.678s][info][gc,heap        ] GC(928) ParOldGen: 3900188K(3900416K)->4003068K(4003328K)
[3735.678s][info][gc,metaspace   ] GC(928) Metaspace: 29093K(29376K)->29093K(29376K) NonClass: 25986K(26112K)->25986K(26112K) Class: 3106K(3264K)->3106K(3264K)
[3735.678s][info][gc             ] GC(928) Pause Young (Allocation Failure) 6334M->4058M(6463M) 96.334ms
[3735.678s][info][gc,cpu         ] GC(928) User=0.52s Sys=0.04s Real=0.09s
...[3738.710s][info][gc,start       ] GC(929) Pause Young (Allocation Failure)
[3738.809s][info][gc,heap        ] GC(929) PSYoungGen: 2590464K(2615296K)->154016K(2614272K) Eden: 2437632K(2437632K)->0K(2442752K) From: 152832K(177664K)->154016K(171520K)
[3738.809s][info][gc,heap        ] GC(929) ParOldGen: 4003068K(4003328K)->4108788K(4108800K)
[3738.809s][info][gc,metaspace   ] GC(929) Metaspace: 29093K(29376K)->29093K(29376K) NonClass: 25986K(26112K)->25986K(26112K) Class: 3106K(3264K)->3106K(3264K)
[3738.809s][info][gc             ] GC(929) Pause Young (Allocation Failure) 6438M->4162M(6565M) 98.809ms
[3738.809s][info][gc,cpu         ] GC(929) User=0.56s Sys=0.02s Real=0.10s
...[3741.820s][info][gc,start       ] GC(930) Pause Young (Allocation Failure)
[3741.919s][info][gc,heap        ] GC(930) PSYoungGen: 2596768K(2614272K)->156101K(2616320K) Eden: 2442752K(2442752K)->0K(2442752K) From: 154016K(171520K)->156101K(173568K)
[3741.919s][info][gc,heap        ] GC(930) ParOldGen: 4108788K(4108800K)->4213548K(4213760K)
[3741.919s][info][gc,metaspace   ] GC(930) Metaspace: 29093K(29376K)->29093K(29376K) NonClass: 25986K(26112K)->25986K(26112K) Class: 3106K(3264K)->3106K(3264K)
[3741.919s][info][gc             ] GC(930) Pause Young (Allocation Failure) 6548M->4267M(6670M) 98.436ms
[3741.919s][info][gc,cpu         ] GC(930) User=0.55s Sys=0.03s Real=0.10s
...[3744.963s][info][gc,start       ] GC(931) Pause Young (Allocation Failure)
[3745.057s][info][gc,heap        ] GC(931) PSYoungGen: 2598853K(2616320K)->145695K(2620416K) Eden: 2442752K(2442752K)->0K(2449920K) From: 156101K(173568K)->145695K(170496K)
[3745.057s][info][gc,heap        ] GC(931) ParOldGen: 4213548K(4213760K)->4314860K(4315136K)
[3745.057s][info][gc,metaspace   ] GC(931) Metaspace: 29093K(29376K)->29093K(29376K) NonClass: 25986K(26112K)->25986K(26112K) Class: 3106K(3264K)->3106K(3264K)
[3745.057s][info][gc             ] GC(931) Pause Young (Allocation Failure) 6652M->4356M(6773M) 93.169ms
[3745.057s][info][gc,cpu         ] GC(931) User=0.52s Sys=0.03s Real=0.09s
...[3748.092s][info][gc,start       ] GC(932) Pause Young (Allocation Failure)
[3748.188s][info][gc,heap        ] GC(932) PSYoungGen: 2595615K(2620416K)->146464K(2621952K) Eden: 2449920K(2449920K)->0K(2449920K) From: 145695K(170496K)->146464K(172032K)
[3748.188s][info][gc,heap        ] GC(932) ParOldGen: 4314860K(4315136K)->4419468K(4419584K)
[3748.188s][info][gc,metaspace   ] GC(932) Metaspace: 29093K(29376K)->29093K(29376K) NonClass: 25986K(26112K)->25986K(26112K) Class: 3106K(3264K)->3106K(3264K)
[3748.188s][info][gc             ] GC(932) Pause Young (Allocation Failure) 6748M->4458M(6876M) 95.606ms
[3748.188s][info][gc,cpu         ] GC(932) User=0.52s Sys=0.04s Real=0.09s
...[3751.328s][info][gc,start       ] GC(933) Pause Young (Allocation Failure)
[3751.425s][info][gc,heap        ] GC(933) PSYoungGen: 2596384K(2621952K)->152416K(2620416K) Eden: 2449920K(2449920K)->0K(2452480K) From: 146464K(172032K)->152416K(167936K)
[3751.425s][info][gc,heap        ] GC(933) ParOldGen: 4419468K(4419584K)->4520764K(4520960K)
[3751.425s][info][gc,metaspace   ] GC(933) Metaspace: 29093K(29376K)->29093K(29376K) NonClass: 25986K(26112K)->25986K(26112K) Class: 3106K(3264K)->3106K(3264K)
[3751.425s][info][gc             ] GC(933) Pause Young (Allocation Failure) 6851M->4563M(6974M) 97.667ms
[3751.425s][info][gc,cpu         ] GC(933) User=0.54s Sys=0.03s Real=0.10s
. (rIR:aIR:PR = 5396:5390:5390) (tPR = 79752) [OK] 
  3751s: Performance info:
         Transaction,    Success,    Partial,     Failed,   Receipts, AvgBarcode, 
             Overall,     324548,          0,          0,     308299,      59.48, 
         Response times:
             Request,    Success,    Partial,     Failed,   SkipFail,     Probes,    Samples,      min,      p50,      p90,      p95,      p99,      max, 
       TotalPurchase,     308310,          0,          0,          0,     303075,     324059,      300,     4100,     7300,    10000,    36000,   167000,
     InStorePurchase,     162322,          0,          0,          0,     159814,     170519,      300,     3900,     7200,     9800,    35000,   167000,
      OnlinePurchase,     113527,          0,          0,          0,     111568,     119242,      300,     4200,     7300,    10100,    36000,   165000,
        InstPurchase,      32461,          0,          0,          0,      31693,      34298,      400,     4400,     7500,    10200,    38000,   138000,
          AssocOfCat,        322,          0,          0,          0,        259,        351,    21000,    32000,    46800,    55800,   139000,   143000,
      AssocOfProduct,       3256,          0,          0,          0,       3069,       3487,     1200,     5100,     8200,    12600,    45000,   113000,
      BusinessReport,        810,          0,          0,          0,        701,        840,    27000,    38000,    53000,    59000,   148590,   161000,
          CustBuyBeh,       3246,          0,          0,          0,       3001,       3389,      200,     4700,     7800,    10050,    42100,   113000,
       ProductReturn,       8621,          0,          0,          0,       8188,       8908,      300,     3100,     6400,     8500,    32910,   118000,

  3751s: (40%)   IR =   5535 ...[3754.523s][info][gc,start       ] GC(934) Pause Young (Allocation Failure)
[3754.621s][info][gc,heap        ] GC(934) PSYoungGen: 2604896K(2620416K)->154336K(2622464K) Eden: 2452480K(2452480K)->0K(2452480K) From: 152416K(167936K)->154336K(169984K)
[3754.621s][info][gc,heap        ] GC(934) ParOldGen: 4520764K(4520960K)->4625516K(4625920K)
[3754.621s][info][gc,metaspace   ] GC(934) Metaspace: 29093K(29376K)->29093K(29376K) NonClass: 25986K(26112K)->25986K(26112K) Class: 3106K(3264K)->3106K(3264K)
[3754.621s][info][gc             ] GC(934) Pause Young (Allocation Failure) 6958M->4667M(7078M) 97.869ms
[3754.621s][info][gc,cpu         ] GC(934) User=0.54s Sys=0.03s Real=0.09s
...|[3757.590s][info][gc,start       ] GC(935) Pause Young (Allocation Failure)
[3757.693s][info][gc,heap        ] GC(935) PSYoungGen: 2606816K(2622464K)->161012K(2624512K) Eden: 2452480K(2452480K)->0K(2456064K) From: 154336K(169984K)->161012K(168448K)
[3757.693s][info][gc,heap        ] GC(935) ParOldGen: 4625516K(4625920K)->4732412K(4732416K)
[3757.693s][info][gc,metaspace   ] GC(935) Metaspace: 29093K(29376K)->29093K(29376K) NonClass: 25986K(26112K)->25986K(26112K) Class: 3106K(3264K)->3106K(3264K)
[3757.693s][info][gc             ] GC(935) Pause Young (Allocation Failure) 7062M->4778M(7184M) 102.896ms
[3757.693s][info][gc,cpu         ] GC(935) User=0.57s Sys=0.04s Real=0.11s
...[3760.711s][info][gc,start       ] GC(936) Pause Young (Allocation Failure)
[3760.812s][info][gc,heap        ] GC(936) PSYoungGen: 2617076K(2624512K)->158160K(2626048K) Eden: 2456064K(2456064K)->0K(2456064K) From: 161012K(168448K)->158160K(169984K)
[3760.812s][info][gc,heap        ] GC(936) ParOldGen: 4732412K(4732416K)->4835716K(4835840K)
[3760.812s][info][gc,metaspace   ] GC(936) Metaspace: 29093K(29376K)->29093K(29376K) NonClass: 25986K(26112K)->25986K(26112K) Class: 3106K(3264K)->3106K(3264K)
[3760.812s][info][gc             ] GC(936) Pause Young (Allocation Failure) 7177M->4876M(7287M) 100.266ms
[3760.812s][info][gc,cpu         ] GC(936) User=0.57s Sys=0.03s Real=0.11s
...[3763.729s][info][gc,start       ] GC(937) Pause Young (Allocation Failure)
[3763.829s][info][gc,heap        ] GC(937) PSYoungGen: 2614224K(2626048K)->151552K(2624000K) Eden: 2456064K(2456064K)->0K(2456064K) From: 158160K(169984K)->151552K(167936K)
[3763.829s][info][gc,heap        ] GC(937) ParOldGen: 4835716K(4835840K)->4940956K(4941312K)
[3763.829s][info][gc,metaspace   ] GC(937) Metaspace: 29093K(29376K)->29093K(29376K) NonClass: 25986K(26112K)->25986K(26112K) Class: 3106K(3264K)->3106K(3264K)
[3763.829s][info][gc             ] GC(937) Pause Young (Allocation Failure) 7275M->4973M(7388M) 99.418ms
[3763.829s][info][gc,cpu         ] GC(937) User=0.56s Sys=0.02s Real=0.10s
...[3766.850s][info][gc,start       ] GC(938) Pause Young (Allocation Failure)
[3766.955s][info][gc,heap        ] GC(938) PSYoungGen: 2607616K(2624000K)->166309K(2622464K) Eden: 2456064K(2456064K)->0K(2456064K) From: 151552K(167936K)->166309K(166400K)
[3766.955s][info][gc,heap        ] GC(938) ParOldGen: 4940956K(4941312K)->5045388K(5045760K)
[3766.955s][info][gc,metaspace   ] GC(938) Metaspace: 29093K(29376K)->29093K(29376K) NonClass: 25986K(26112K)->25986K(26112K) Class: 3106K(3264K)->3106K(3264K)
[3766.955s][info][gc             ] GC(938) Pause Young (Allocation Failure) 7371M->5089M(7488M) 105.025ms
[3766.955s][info][gc,cpu         ] GC(938) User=0.59s Sys=0.03s Real=0.11s
...[3769.983s][info][gc,start       ] GC(939) Pause Young (Allocation Failure)
[3770.080s][info][gc,heap        ] GC(939) PSYoungGen: 2622373K(2622464K)->148320K(2624512K) Eden: 2456064K(2456064K)->0K(2452480K) From: 166309K(166400K)->148320K(172032K)
[3770.080s][info][gc,heap        ] GC(939) ParOldGen: 5045388K(5045760K)->5149756K(5150208K)
[3770.080s][info][gc,metaspace   ] GC(939) Metaspace: 29093K(29376K)->29093K(29376K) NonClass: 25986K(26112K)->25986K(26112K) Class: 3106K(3264K)->3106K(3264K)
[3770.080s][info][gc             ] GC(939) Pause Young (Allocation Failure) 7488M->5173M(7592M) 96.901ms
[3770.080s][info][gc,cpu         ] GC(939) User=0.54s Sys=0.03s Real=0.09s
...[3773.054s][info][gc,start       ] GC(940) Pause Young (Allocation Failure)
[3773.152s][info][gc,heap        ] GC(940) PSYoungGen: 2600800K(2624512K)->149728K(2602496K) Eden: 2452480K(2452480K)->0K(2452480K) From: 148320K(172032K)->149728K(150016K)
[3773.152s][info][gc,heap        ] GC(940) ParOldGen: 5149756K(5150208K)->5254884K(5255168K)
[3773.152s][info][gc,metaspace   ] GC(940) Metaspace: 29093K(29376K)->29093K(29376K) NonClass: 25986K(26112K)->25986K(26112K) Class: 3106K(3264K)->3106K(3264K)
[3773.152s][info][gc             ] GC(940) Pause Young (Allocation Failure) 7568M->5277M(7673M) 97.704ms
[3773.152s][info][gc,cpu         ] GC(940) User=0.55s Sys=0.03s Real=0.10s
...[3776.132s][info][gc,start       ] GC(941) Pause Young (Allocation Failure)
[3776.231s][info][gc,heap        ] GC(941) PSYoungGen: 2602208K(2602496K)->152032K(2624000K) Eden: 2452480K(2452480K)->0K(2453504K) From: 149728K(150016K)->152032K(170496K)
[3776.231s][info][gc,heap        ] GC(941) ParOldGen: 5254884K(5255168K)->5358236K(5358592K)
[3776.231s][info][gc,metaspace   ] GC(941) Metaspace: 29093K(29376K)->29093K(29376K) NonClass: 25986K(26112K)->25986K(26112K) Class: 3106K(3264K)->3106K(3264K)
[3776.231s][info][gc             ] GC(941) Pause Young (Allocation Failure) 7672M->5381M(7795M) 99.502ms
[3776.231s][info][gc,cpu         ] GC(941) User=0.55s Sys=0.03s Real=0.09s
...[3779.242s][info][gc,start       ] GC(942) Pause Young (Allocation Failure)
[3779.342s][info][gc,heap        ] GC(942) PSYoungGen: 2605536K(2624000K)->153360K(2622976K) Eden: 2453504K(2453504K)->0K(2453504K) From: 152032K(170496K)->153360K(169472K)
[3779.342s][info][gc,heap        ] GC(942) ParOldGen: 5358236K(5358592K)->5461804K(5462016K)
[3779.342s][info][gc,metaspace   ] GC(942) Metaspace: 29093K(29376K)->29093K(29376K) NonClass: 25986K(26112K)->25986K(26112K) Class: 3106K(3264K)->3106K(3264K)
[3779.342s][info][gc             ] GC(942) Pause Young (Allocation Failure) 7777M->5483M(7895M) 100.105ms
[3779.342s][info][gc,cpu         ] GC(942) User=0.55s Sys=0.03s Real=0.10s
...[3782.324s][info][gc,start       ] GC(943) Pause Young (Allocation Failure)
[3782.422s][info][gc,heap        ] GC(943) PSYoungGen: 2606864K(2622976K)->151008K(2625024K) Eden: 2453504K(2453504K)->0K(2457088K) From: 153360K(169472K)->151008K(167936K)
[3782.422s][info][gc,heap        ] GC(943) ParOldGen: 5461804K(5462016K)->5566180K(5566464K)
[3782.422s][info][gc,metaspace   ] GC(943) Metaspace: 29093K(29376K)->29093K(29376K) NonClass: 25986K(26112K)->25986K(26112K) Class: 3106K(3264K)->3106K(3264K)
[3782.422s][info][gc             ] GC(943) Pause Young (Allocation Failure) 7879M->5583M(7999M) 98.150ms
[3782.422s][info][gc,cpu         ] GC(943) User=0.55s Sys=0.03s Real=0.10s
...[3785.402s][info][gc,start       ] GC(944) Pause Full (Allocation Failure)
[3785.402s][info][gc,phases,start] GC(944) Marking Phase
[3785.713s][info][gc,phases      ] GC(944) Marking Phase 310.409ms
[3785.713s][info][gc,phases,start] GC(944) Summary Phase
[3785.713s][info][gc,phases      ] GC(944) Summary Phase 0.102ms
[3785.713s][info][gc,phases,start] GC(944) Forward
[3785.853s][info][gc,phases      ] GC(944) Forward 139.992ms
[3785.853s][info][gc,phases,start] GC(944) Adjust Pointers
[3786.066s][info][gc,phases      ] GC(944) Adjust Pointers 213.242ms
[3786.066s][info][gc,phases,start] GC(944) Compaction Phase
[3786.216s][info][gc,phases      ] GC(944) Compaction Phase 149.784ms
[3786.217s][info][gc,phases,start] GC(944) Post Compact
[3786.224s][info][gc,phases      ] GC(944) Post Compact 6.965ms
[3786.344s][info][gc,heap        ] GC(944) PSYoungGen: 2608096K(2625024K)->0K(2624000K) Eden: 2457088K(2457088K)->0K(2457088K) From: 151008K(167936K)->0K(166912K)
[3786.344s][info][gc,heap        ] GC(944) ParOldGen: 5566180K(5566464K)->1622629K(1893888K)
[3786.344s][info][gc,metaspace   ] GC(944) Metaspace: 29093K(29376K)->29093K(29376K) NonClass: 25986K(26112K)->25986K(26112K) Class: 3106K(3264K)->3106K(3264K)
[3786.344s][info][gc             ] GC(944) Pause Full (Allocation Failure) 7982M->1584M(4412M) 941.773ms
[3786.344s][info][gc,cpu         ] GC(944) User=4.40s Sys=0.12s Real=0.94s
...[3788.512s][info][gc,start       ] GC(945) Pause Young (Allocation Failure)
[3788.576s][info][gc,heap        ] GC(945) PSYoungGen: 2457088K(2624000K)->156955K(2628096K) Eden: 2457088K(2457088K)->0K(2461184K) From: 0K(166912K)->156955K(166912K)
[3788.576s][info][gc,heap        ] GC(945) ParOldGen: 1622629K(1893888K)->1622629K(1893888K)
[3788.576s][info][gc,metaspace   ] GC(945) Metaspace: 29093K(29376K)->29093K(29376K) NonClass: 25986K(26112K)->25986K(26112K) Class: 3106K(3264K)->3106K(3264K)
[3788.576s][info][gc             ] GC(945) Pause Young (Allocation Failure) 3984M->1737M(4416M) 63.753ms
[3788.576s][info][gc,cpu         ] GC(945) User=0.37s Sys=0.00s Real=0.06s
...[3791.633s][info][gc,start       ] GC(946) Pause Young (Allocation Failure)
[3791.724s][info][gc,heap        ] GC(946) PSYoungGen: 2618139K(2628096K)->152896K(2628096K) Eden: 2461184K(2461184K)->0K(2461184K) From: 156955K(166912K)->152896K(166912K)
[3791.724s][info][gc,heap        ] GC(946) ParOldGen: 1622629K(1893888K)->1731418K(1893888K)
[3791.724s][info][gc,metaspace   ] GC(946) Metaspace: 29093K(29376K)->29093K(29376K) NonClass: 25986K(26112K)->25986K(26112K) Class: 3106K(3264K)->3106K(3264K)
[3791.724s][info][gc             ] GC(946) Pause Young (Allocation Failure) 4141M->1840M(4416M) 91.945ms
[3791.724s][info][gc,cpu         ] GC(946) User=0.55s Sys=0.00s Real=0.09s
...[3794.735s][info][gc,start       ] GC(947) Pause Young (Allocation Failure)
[3794.828s][info][gc,heap        ] GC(947) PSYoungGen: 2614080K(2628096K)->156096K(2628608K) Eden: 2461184K(2461184K)->0K(2462720K) From: 152896K(166912K)->156096K(165888K)
[3794.828s][info][gc,heap        ] GC(947) ParOldGen: 1731418K(1893888K)->1835978K(1893888K)
[3794.828s][info][gc,metaspace   ] GC(947) Metaspace: 29093K(29376K)->29093K(29376K) NonClass: 25986K(26112K)->25986K(26112K) Class: 3106K(3264K)->3106K(3264K)
[3794.828s][info][gc             ] GC(947) Pause Young (Allocation Failure) 4243M->1945M(4416M) 92.774ms
[3794.828s][info][gc,cpu         ] GC(947) User=0.55s Sys=0.00s Real=0.09s
...[3797.800s][info][gc,start       ] GC(948) Pause Young (Allocation Failure)
[3797.898s][info][gc,heap        ] GC(948) PSYoungGen: 2618816K(2628608K)->159664K(2628096K) Eden: 2462720K(2462720K)->0K(2462720K) From: 156096K(165888K)->159664K(165376K)
[3797.898s][info][gc,heap        ] GC(948) ParOldGen: 1835978K(1893888K)->1941426K(1941504K)
[3797.898s][info][gc,metaspace   ] GC(948) Metaspace: 29093K(29376K)->29093K(29376K) NonClass: 25986K(26112K)->25986K(26112K) Class: 3106K(3264K)->3106K(3264K)
[3797.898s][info][gc             ] GC(948) Pause Young (Allocation Failure) 4350M->2051M(4462M) 98.303ms
[3797.898s][info][gc,cpu         ] GC(948) User=0.56s Sys=0.02s Real=0.10s
...[3800.953s][info][gc,start       ] GC(949) Pause Young (Allocation Failure)
[3801.048s][info][gc,heap        ] GC(949) PSYoungGen: 2622384K(2628096K)->148288K(2629632K) Eden: 2462720K(2462720K)->0K(2463232K) From: 159664K(165376K)->148288K(166400K)
[3801.048s][info][gc,heap        ] GC(949) ParOldGen: 1941426K(1941504K)->2044906K(2044928K)
[3801.048s][info][gc,metaspace   ] GC(949) Metaspace: 29093K(29376K)->29093K(29376K) NonClass: 25986K(26112K)->25986K(26112K) Class: 3106K(3264K)->3106K(3264K)
[3801.048s][info][gc             ] GC(949) Pause Young (Allocation Failure) 4456M->2141M(4565M) 95.314ms
[3801.048s][info][gc,cpu         ] GC(949) User=0.53s Sys=0.03s Real=0.09s
...[3804.044s][info][gc,start       ] GC(950) Pause Young (Allocation Failure)
[3804.141s][info][gc,heap        ] GC(950) PSYoungGen: 2611520K(2629632K)->152928K(2616320K) Eden: 2463232K(2463232K)->0K(2463232K) From: 148288K(166400K)->152928K(153088K)
[3804.141s][info][gc,heap        ] GC(950) ParOldGen: 2044906K(2044928K)->2150346K(2150400K)
[3804.141s][info][gc,metaspace   ] GC(950) Metaspace: 29093K(29376K)->29093K(29376K) NonClass: 25986K(26112K)->25986K(26112K) Class: 3106K(3264K)->3106K(3264K)
[3804.141s][info][gc             ] GC(950) Pause Young (Allocation Failure) 4547M->2249M(4655M) 96.263ms
[3804.141s][info][gc,cpu         ] GC(950) User=0.53s Sys=0.04s Real=0.09s
...[3807.116s][info][gc,start       ] GC(951) Pause Young (Allocation Failure)
[3807.213s][info][gc,heap        ] GC(951) PSYoungGen: 2616160K(2616320K)->153573K(2629632K) Eden: 2463232K(2463232K)->0K(2464256K) From: 152928K(153088K)->153573K(165376K)
[3807.213s][info][gc,heap        ] GC(951) ParOldGen: 2150346K(2150400K)->2255130K(2255360K)
[3807.213s][info][gc,metaspace   ] GC(951) Metaspace: 29093K(29376K)->29093K(29376K) NonClass: 25986K(26112K)->25986K(26112K) Class: 3106K(3264K)->3106K(3264K)
[3807.213s][info][gc             ] GC(951) Pause Young (Allocation Failure) 4654M->2352M(4770M) 97.026ms
[3807.213s][info][gc,cpu         ] GC(951) User=0.54s Sys=0.04s Real=0.10s
...[3810.273s][info][gc,start       ] GC(952) Pause Young (Allocation Failure)
[3810.373s][info][gc,heap        ] GC(952) PSYoungGen: 2617829K(2629632K)->160853K(2628608K) Eden: 2464256K(2464256K)->0K(2464256K) From: 153573K(165376K)->160853K(164352K)
[3810.373s][info][gc,heap        ] GC(952) ParOldGen: 2255130K(2255360K)->2358610K(2358784K)
[3810.373s][info][gc,metaspace   ] GC(952) Metaspace: 29093K(29376K)->29093K(29376K) NonClass: 25986K(26112K)->25986K(26112K) Class: 3106K(3264K)->3106K(3264K)
[3810.373s][info][gc             ] GC(952) Pause Young (Allocation Failure) 4758M->2460M(4870M) 99.872ms
[3810.373s][info][gc,cpu         ] GC(952) User=0.56s Sys=0.03s Real=0.10s
...[3813.388s][info][gc,start       ] GC(953) Pause Young (Allocation Failure)
[3813.487s][info][gc,heap        ] GC(953) PSYoungGen: 2625109K(2628608K)->157285K(2630144K) Eden: 2464256K(2464256K)->0K(2464256K) From: 160853K(164352K)->157285K(165888K)
[3813.487s][info][gc,heap        ] GC(953) ParOldGen: 2358610K(2358784K)->2464786K(2465280K)
[3813.487s][info][gc,metaspace   ] GC(953) Metaspace: 29093K(29376K)->29093K(29376K) NonClass: 25986K(26112K)->25986K(26112K) Class: 3106K(3264K)->3106K(3264K)
[3813.487s][info][gc             ] GC(953) Pause Young (Allocation Failure) 4866M->2560M(4976M) 98.748ms
[3813.487s][info][gc,cpu         ] GC(953) User=0.54s Sys=0.03s Real=0.10s
...[3816.497s][info][gc,start       ] GC(954) Pause Young (Allocation Failure)
[3816.593s][info][gc,heap        ] GC(954) PSYoungGen: 2621541K(2630144K)->151520K(2615808K) Eden: 2464256K(2464256K)->0K(2464256K) From: 157285K(165888K)->151520K(151552K)
[3816.593s][info][gc,heap        ] GC(954) ParOldGen: 2464786K(2465280K)->2569338K(2569728K)
[3816.593s][info][gc,metaspace   ] GC(954) Metaspace: 29093K(29376K)->29093K(29376K) NonClass: 25986K(26112K)->25986K(26112K) Class: 3106K(3264K)->3106K(3264K)
[3816.593s][info][gc             ] GC(954) Pause Young (Allocation Failure) 4967M->2657M(5064M) 95.647ms
[3816.593s][info][gc,cpu         ] GC(954) User=0.53s Sys=0.03s Real=0.10s
.. (rIR:aIR:PR = 5535:5534:5534) (tPR = 82036) [OK] 
  3817s: Performance info:
         Transaction,    Success,    Partial,     Failed,   Receipts, AvgBarcode, 
             Overall,     332749,          0,          0,     316075,      59.48, 
         Response times:
             Request,    Success,    Partial,     Failed,   SkipFail,     Probes,    Samples,      min,      p50,      p90,      p95,      p99,      max, 
       TotalPurchase,     316075,          0,          0,          0,     306240,     343467,      300,     4100,     7500,    10800,    39000,   960000,
     InStorePurchase,     166431,          0,          0,          0,     161327,     180237,      300,     4200,     7500,    10700,    37000,   960000,
      OnlinePurchase,     116407,          0,          0,          0,     112915,     126894,      300,     4100,     7400,    10300,    37000,   960000,
        InstPurchase,      33237,          0,          0,          0,      31998,      36336,      300,     4200,     7900,    16100,   102000,   960000,
          AssocOfCat,        329,          0,          0,          0,        243,        345,    23000,    34000,    52400,    70400,   143540,   161000,
      AssocOfProduct,       3341,          0,          0,          0,       3029,       3554,      300,     4300,     7900,    14925,    38900,   124000,
      BusinessReport,        834,          0,          0,          0,        706,        882,    27000,    39000,    58000,    88700,   171000,  1100000,
          CustBuyBeh,       3342,          0,          0,          0,       3014,       3531,      200,     4300,     7900,    14060,    39000,   128000,
       ProductReturn,       8828,          0,          0,          0,       8339,       9606,      200,     3500,     7600,    12400,   108000,   960000,

  3817s: (41%)   IR =   5673 .[3819.595s][info][gc,start       ] GC(955) Pause Young (Allocation Failure)
[3819.695s][info][gc,heap        ] GC(955) PSYoungGen: 2615776K(2615808K)->160260K(2628608K) Eden: 2464256K(2464256K)->0K(2463232K) From: 151520K(151552K)->160260K(165376K)
[3819.695s][info][gc,heap        ] GC(955) ParOldGen: 2569338K(2569728K)->2674266K(2674688K)
[3819.695s][info][gc,metaspace   ] GC(955) Metaspace: 29095K(29376K)->29095K(29376K) NonClass: 25988K(26112K)->25988K(26112K) Class: 3106K(3264K)->3106K(3264K)
[3819.695s][info][gc             ] GC(955) Pause Young (Allocation Failure) 5063M->2768M(5179M) 99.987ms
[3819.695s][info][gc,cpu         ] GC(955) User=0.56s Sys=0.04s Real=0.10s
.[3819.875s][info][gc,start       ] GC(956) Pause Full (Diagnostic Command)
[3819.875s][info][gc,phases,start] GC(956) Marking Phase
[3820.172s][info][gc,phases      ] GC(956) Marking Phase 297.857ms
[3820.172s][info][gc,phases,start] GC(956) Summary Phase
[3820.172s][info][gc,phases      ] GC(956) Summary Phase 0.043ms
[3820.172s][info][gc,phases,start] GC(956) Forward
[3820.321s][info][gc,phases      ] GC(956) Forward 148.051ms
[3820.321s][info][gc,phases,start] GC(956) Adjust Pointers
[3820.535s][info][gc,phases      ] GC(956) Adjust Pointers 214.134ms
[3820.535s][info][gc,phases,start] GC(956) Compaction Phase
[3820.718s][info][gc,phases      ] GC(956) Compaction Phase 182.767ms
[3820.720s][info][gc,phases,start] GC(956) Post Compact
[3820.723s][info][gc,phases      ] GC(956) Post Compact 2.727ms
[3820.723s][info][gc,heap        ] GC(956) PSYoungGen: 361207K(2628608K)->0K(2628608K) Eden: 200946K(2463232K)->0K(2463232K) From: 160260K(165376K)->0K(165376K)
[3820.723s][info][gc,heap        ] GC(956) ParOldGen: 2674266K(2674688K)->1346865K(2674688K)
[3820.723s][info][gc,metaspace   ] GC(956) Metaspace: 29095K(29376K)->29095K(29376K) NonClass: 25988K(26112K)->25988K(26112K) Class: 3106K(3264K)->3106K(3264K)
[3820.723s][info][gc             ] GC(956) Pause Full (Diagnostic Command) 2964M->1315M(5179M) 848.489ms
[3820.723s][info][gc,cpu         ] GC(956) User=4.62s Sys=0.00s Real=0.85s
...[3822.848s][info][gc,start       ] GC(957) Pause Young (Allocation Failure)
[3822.913s][info][gc,heap        ] GC(957) PSYoungGen: 2463232K(2628608K)->158304K(2629632K) Eden: 2463232K(2463232K)->0K(2463232K) From: 0K(165376K)->158304K(166400K)
[3822.913s][info][gc,heap        ] GC(957) ParOldGen: 1346865K(2674688K)->1346865K(2674688K)
[3822.913s][info][gc,metaspace   ] GC(957) Metaspace: 29095K(29376K)->29095K(29376K) NonClass: 25988K(26112K)->25988K(26112K) Class: 3106K(3264K)->3106K(3264K)
[3822.913s][info][gc             ] GC(957) Pause Young (Allocation Failure) 3720M->1469M(5180M) 65.594ms
[3822.913s][info][gc,cpu         ] GC(957) User=0.39s Sys=0.00s Real=0.07s
..|.[3825.872s][info][gc,start       ] GC(958) Pause Young (Allocation Failure)
[3825.964s][info][gc,heap        ] GC(958) PSYoungGen: 2621536K(2629632K)->155296K(2627584K) Eden: 2463232K(2463232K)->0K(2463232K) From: 158304K(166400K)->155296K(164352K)
[3825.964s][info][gc,heap        ] GC(958) ParOldGen: 1346865K(2674688K)->1452105K(2674688K)
[3825.964s][info][gc,metaspace   ] GC(958) Metaspace: 29095K(29376K)->29095K(29376K) NonClass: 25988K(26112K)->25988K(26112K) Class: 3106K(3264K)->3106K(3264K)
[3825.964s][info][gc             ] GC(958) Pause Young (Allocation Failure) 3875M->1569M(5178M) 92.808ms
[3825.964s][info][gc,cpu         ] GC(958) User=0.55s Sys=0.00s Real=0.10s
...[3828.901s][info][gc,start       ] GC(959) Pause Young (Allocation Failure)
[3828.994s][info][gc,heap        ] GC(959) PSYoungGen: 2618528K(2627584K)->154688K(2628608K) Eden: 2463232K(2463232K)->0K(2463232K) From: 155296K(164352K)->154688K(165376K)
[3828.994s][info][gc,heap        ] GC(959) ParOldGen: 1452105K(2674688K)->1557129K(2674688K)
[3828.994s][info][gc,metaspace   ] GC(959) Metaspace: 29095K(29376K)->29095K(29376K) NonClass: 25988K(26112K)->25988K(26112K) Class: 3106K(3264K)->3106K(3264K)
[3828.994s][info][gc             ] GC(959) Pause Young (Allocation Failure) 3975M->1671M(5179M) 92.668ms
[3828.994s][info][gc,cpu         ] GC(959) User=0.54s Sys=0.01s Real=0.10s
...[3831.917s][info][gc,start       ] GC(960) Pause Young (Allocation Failure)
[3832.013s][info][gc,heap        ] GC(960) PSYoungGen: 2617920K(2628608K)->160485K(2629632K) Eden: 2463232K(2463232K)->0K(2465280K) From: 154688K(165376K)->160485K(164352K)
[3832.013s][info][gc,heap        ] GC(960) ParOldGen: 1557129K(2674688K)->1662185K(2674688K)
[3832.013s][info][gc,metaspace   ] GC(960) Metaspace: 29095K(29376K)->29095K(29376K) NonClass: 25988K(26112K)->25988K(26112K) Class: 3106K(3264K)->3106K(3264K)
[3832.013s][info][gc             ] GC(960) Pause Young (Allocation Failure) 4077M->1779M(5180M) 96.395ms
[3832.013s][info][gc,cpu         ] GC(960) User=0.57s Sys=0.00s Real=0.10s
...[3834.954s][info][gc,start       ] GC(961) Pause Young (Allocation Failure)
[3835.046s][info][gc,heap        ] GC(961) PSYoungGen: 2625765K(2629632K)->154405K(2630656K) Eden: 2465280K(2465280K)->0K(2465280K) From: 160485K(164352K)->154405K(165376K)
[3835.046s][info][gc,heap        ] GC(961) ParOldGen: 1662185K(2674688K)->1766193K(2674688K)
[3835.046s][info][gc,metaspace   ] GC(961) Metaspace: 29095K(29376K)->29095K(29376K) NonClass: 25988K(26112K)->25988K(26112K) Class: 3106K(3264K)->3106K(3264K)
[3835.046s][info][gc             ] GC(961) Pause Young (Allocation Failure) 4187M->1875M(5181M) 92.419ms
[3835.046s][info][gc,cpu         ] GC(961) User=0.54s Sys=0.00s Real=0.09s
...[3837.985s][info][gc,start       ] GC(962) Pause Young (Allocation Failure)
[3838.078s][info][gc,heap        ] GC(962) PSYoungGen: 2619685K(2630656K)->154724K(2629120K) Eden: 2465280K(2465280K)->0K(2465792K) From: 154405K(165376K)->154724K(163328K)
[3838.078s][info][gc,heap        ] GC(962) ParOldGen: 1766193K(2674688K)->1872193K(2674688K)
[3838.078s][info][gc,metaspace   ] GC(962) Metaspace: 29095K(29376K)->29095K(29376K) NonClass: 25988K(26112K)->25988K(26112K) Class: 3106K(3264K)->3106K(3264K)
[3838.078s][info][gc             ] GC(962) Pause Young (Allocation Failure) 4283M->1979M(5179M) 93.335ms
[3838.078s][info][gc,cpu         ] GC(962) User=0.56s Sys=0.00s Real=0.09s
...[3841.056s][info][gc,start       ] GC(963) Pause Young (Allocation Failure)
[3841.146s][info][gc,heap        ] GC(963) PSYoungGen: 2620516K(2629120K)->149568K(2630144K) Eden: 2465792K(2465792K)->0K(2465792K) From: 154724K(163328K)->149568K(164352K)
[3841.146s][info][gc,heap        ] GC(963) ParOldGen: 1872193K(2674688K)->1976713K(2674688K)
[3841.146s][info][gc,metaspace   ] GC(963) Metaspace: 29095K(29376K)->29095K(29376K) NonClass: 25988K(26112K)->25988K(26112K) Class: 3106K(3264K)->3106K(3264K)
[3841.146s][info][gc             ] GC(963) Pause Young (Allocation Failure) 4387M->2076M(5180M) 89.562ms
[3841.146s][info][gc,cpu         ] GC(963) User=0.53s Sys=0.00s Real=0.09s
...[3844.080s][info][gc,start       ] GC(964) Pause Young (Allocation Failure)
[3844.175s][info][gc,heap        ] GC(964) PSYoungGen: 2615360K(2630144K)->154629K(2629632K) Eden: 2465792K(2465792K)->0K(2467328K) From: 149568K(164352K)->154629K(162304K)
[3844.175s][info][gc,heap        ] GC(964) ParOldGen: 1976713K(2674688K)->2083377K(2674688K)
[3844.175s][info][gc,metaspace   ] GC(964) Metaspace: 29095K(29376K)->29095K(29376K) NonClass: 25988K(26112K)->25988K(26112K) Class: 3106K(3264K)->3106K(3264K)
[3844.175s][info][gc             ] GC(964) Pause Young (Allocation Failure) 4484M->2185M(5180M) 94.109ms
[3844.175s][info][gc,cpu         ] GC(964) User=0.55s Sys=0.00s Real=0.10s
...[3847.088s][info][gc,start       ] GC(965) Pause Young (Allocation Failure)
[3847.177s][info][gc,heap        ] GC(965) PSYoungGen: 2621957K(2629632K)->146464K(2630656K) Eden: 2467328K(2467328K)->0K(2467328K) From: 154629K(162304K)->146464K(163328K)
[3847.177s][info][gc,heap        ] GC(965) ParOldGen: 2083377K(2674688K)->2188833K(2674688K)
[3847.177s][info][gc,metaspace   ] GC(965) Metaspace: 29095K(29376K)->29095K(29376K) NonClass: 25988K(26112K)->25988K(26112K) Class: 3106K(3264K)->3106K(3264K)
[3847.177s][info][gc             ] GC(965) Pause Young (Allocation Failure) 4595M->2280M(5181M) 89.056ms
[3847.177s][info][gc,cpu         ] GC(965) User=0.52s Sys=0.00s Real=0.09s
...[3850.059s][info][gc,start       ] GC(966) Pause Young (Allocation Failure)
[3850.148s][info][gc,heap        ] GC(966) PSYoungGen: 2613792K(2630656K)->145184K(2630144K) Eden: 2467328K(2467328K)->0K(2466304K) From: 146464K(163328K)->145184K(163840K)
[3850.148s][info][gc,heap        ] GC(966) ParOldGen: 2188833K(2674688K)->2293353K(2674688K)
[3850.148s][info][gc,metaspace   ] GC(966) Metaspace: 29095K(29376K)->29095K(29376K) NonClass: 25988K(26112K)->25988K(26112K) Class: 3106K(3264K)->3106K(3264K)
[3850.148s][info][gc             ] GC(966) Pause Young (Allocation Failure) 4690M->2381M(5180M) 89.597ms
[3850.149s][info][gc,cpu         ] GC(966) User=0.53s Sys=0.00s Real=0.09s
...[3853.126s][info][gc,start       ] GC(967) Pause Young (Allocation Failure)
[3853.218s][info][gc,heap        ] GC(967) PSYoungGen: 2611488K(2630144K)->150528K(2631168K) Eden: 2466304K(2466304K)->0K(2466304K) From: 145184K(163840K)->150528K(164864K)
[3853.218s][info][gc,heap        ] GC(967) ParOldGen: 2293353K(2674688K)->2395977K(2674688K)
[3853.218s][info][gc,metaspace   ] GC(967) Metaspace: 29095K(29376K)->29095K(29376K) NonClass: 25988K(26112K)->25988K(26112K) Class: 3106K(3264K)->3106K(3264K)
[3853.218s][info][gc             ] GC(967) Pause Young (Allocation Failure) 4789M->2486M(5181M) 92.341ms
[3853.218s][info][gc,cpu         ] GC(967) User=0.54s Sys=0.00s Real=0.09s
...[3856.178s][info][gc,start       ] GC(968) Pause Young (Allocation Failure)
[3856.275s][info][gc,heap        ] GC(968) PSYoungGen: 2616832K(2631168K)->156160K(2631168K) Eden: 2466304K(2466304K)->0K(2467328K) From: 150528K(164864K)->156160K(163840K)
[3856.275s][info][gc,heap        ] GC(968) ParOldGen: 2395977K(2674688K)->2501881K(2674688K)
[3856.275s][info][gc,metaspace   ] GC(968) Metaspace: 29095K(29376K)->29095K(29376K) NonClass: 25988K(26112K)->25988K(26112K) Class: 3106K(3264K)->3106K(3264K)
[3856.275s][info][gc             ] GC(968) Pause Young (Allocation Failure) 4895M->2595M(5181M) 96.305ms
[3856.275s][info][gc,cpu         ] GC(968) User=0.56s Sys=0.00s Real=0.10s
...[3859.236s][info][gc,start       ] GC(969) Pause Young (Allocation Failure)
[3859.329s][info][gc,heap        ] GC(969) PSYoungGen: 2623488K(2631168K)->153024K(2631168K) Eden: 2467328K(2467328K)->0K(2467328K) From: 156160K(163840K)->153024K(163840K)
[3859.329s][info][gc,heap        ] GC(969) ParOldGen: 2501881K(2674688K)->2606561K(2674688K)
[3859.329s][info][gc,metaspace   ] GC(969) Metaspace: 29095K(29376K)->29095K(29376K) NonClass: 25988K(26112K)->25988K(26112K) Class: 3106K(3264K)->3106K(3264K)
[3859.329s][info][gc             ] GC(969) Pause Young (Allocation Failure) 5005M->2694M(5181M) 93.201ms
[3859.329s][info][gc,cpu         ] GC(969) User=0.55s Sys=0.00s Real=0.09s
...[3862.234s][info][gc,start       ] GC(970) Pause Young (Allocation Failure)
[3862.328s][info][gc,heap        ] GC(970) PSYoungGen: 2620352K(2631168K)->149728K(2631168K) Eden: 2467328K(2467328K)->0K(2468352K) From: 153024K(163840K)->149728K(162816K)
[3862.328s][info][gc,heap        ] GC(970) ParOldGen: 2606561K(2674688K)->2711297K(2711552K)
[3862.328s][info][gc,metaspace   ] GC(970) Metaspace: 29095K(29376K)->29095K(29376K) NonClass: 25988K(26112K)->25988K(26112K) Class: 3106K(3264K)->3106K(3264K)
[3862.328s][info][gc             ] GC(970) Pause Young (Allocation Failure) 5104M->2793M(5217M) 94.675ms
[3862.328s][info][gc,cpu         ] GC(970) User=0.55s Sys=0.01s Real=0.09s
...[3865.267s][info][gc,start       ] GC(971) Pause Young (Allocation Failure)
[3865.362s][info][gc,heap        ] GC(971) PSYoungGen: 2618080K(2631168K)->148800K(2631168K) Eden: 2468352K(2468352K)->0K(2468352K) From: 149728K(162816K)->148800K(162816K)
[3865.362s][info][gc,heap        ] GC(971) ParOldGen: 2711297K(2711552K)->2816617K(2817024K)
[3865.362s][info][gc,metaspace   ] GC(971) Metaspace: 29095K(29376K)->29095K(29376K) NonClass: 25988K(26112K)->25988K(26112K) Class: 3106K(3264K)->3106K(3264K)
[3865.362s][info][gc             ] GC(971) Pause Young (Allocation Failure) 5204M->2895M(5320M) 94.632ms
[3865.362s][info][gc,cpu         ] GC(971) User=0.53s Sys=0.03s Real=0.09s
...[3868.340s][info][gc,start       ] GC(972) Pause Young (Allocation Failure)
[3868.435s][info][gc,heap        ] GC(972) PSYoungGen: 2617152K(2631168K)->152384K(2631680K) Eden: 2468352K(2468352K)->0K(2470912K) From: 148800K(162816K)->152384K(160768K)
[3868.435s][info][gc,heap        ] GC(972) ParOldGen: 2816617K(2817024K)->2919561K(2919936K)
[3868.435s][info][gc,metaspace   ] GC(972) Metaspace: 29095K(29376K)->29095K(29376K) NonClass: 25988K(26112K)->25988K(26112K) Class: 3106K(3264K)->3106K(3264K)
[3868.435s][info][gc             ] GC(972) Pause Young (Allocation Failure) 5306M->2999M(5421M) 95.545ms
[3868.435s][info][gc,cpu         ] GC(972) User=0.52s Sys=0.03s Real=0.10s
...[3871.407s][info][gc,start       ] GC(973) Pause Young (Allocation Failure)
[3871.512s][info][gc,heap        ] GC(973) PSYoungGen: 2623296K(2631680K)->161253K(2632192K) Eden: 2470912K(2470912K)->0K(2470912K) From: 152384K(160768K)->161253K(161280K)
[3871.512s][info][gc,heap        ] GC(973) ParOldGen: 2919561K(2919936K)->3031017K(3031040K)
[3871.512s][info][gc,metaspace   ] GC(973) Metaspace: 29095K(29376K)->29095K(29376K) NonClass: 25988K(26112K)->25988K(26112K) Class: 3106K(3264K)->3106K(3264K)
[3871.512s][info][gc             ] GC(973) Pause Young (Allocation Failure) 5412M->3117M(5530M) 104.934ms
[3871.512s][info][gc,cpu         ] GC(973) User=0.58s Sys=0.04s Real=0.11s
...[3874.481s][info][gc,start       ] GC(974) Pause Young (Allocation Failure)
[3874.576s][info][gc,heap        ] GC(974) PSYoungGen: 2632165K(2632192K)->151616K(2553344K) Eden: 2470912K(2470912K)->0K(2389504K) From: 161253K(161280K)->151616K(163840K)
[3874.576s][info][gc,heap        ] GC(974) ParOldGen: 3031017K(3031040K)->3131329K(3131392K)
[3874.576s][info][gc,metaspace   ] GC(974) Metaspace: 29095K(29376K)->29095K(29376K) NonClass: 25988K(26112K)->25988K(26112K) Class: 3106K(3264K)->3106K(3264K)
[3874.576s][info][gc             ] GC(974) Pause Young (Allocation Failure) 5530M->3206M(5551M) 95.458ms
[3874.576s][info][gc,cpu         ] GC(974) User=0.55s Sys=0.01s Real=0.10s
...[3877.414s][info][gc,start       ] GC(975) Pause Young (Allocation Failure)
[3877.510s][info][gc,heap        ] GC(975) PSYoungGen: 2541120K(2553344K)->148608K(2592768K) Eden: 2389504K(2389504K)->0K(2389504K) From: 151616K(163840K)->148608K(203264K)
[3877.510s][info][gc,heap        ] GC(975) ParOldGen: 3131329K(3131392K)->3237873K(3237888K)
[3877.510s][info][gc,metaspace   ] GC(975) Metaspace: 29095K(29376K)->29095K(29376K) NonClass: 25988K(26112K)->25988K(26112K) Class: 3106K(3264K)->3106K(3264K)
[3877.510s][info][gc             ] GC(975) Pause Young (Allocation Failure) 5539M->3307M(5694M) 95.976ms
[3877.510s][info][gc,cpu         ] GC(975) User=0.52s Sys=0.05s Real=0.09s
...[3880.334s][info][gc,start       ] GC(976) Pause Young (Allocation Failure)
[3880.428s][info][gc,heap        ] GC(976) PSYoungGen: 2538112K(2592768K)->146048K(2588160K) Eden: 2389504K(2389504K)->0K(2391040K) From: 148608K(203264K)->146048K(197120K)
[3880.428s][info][gc,heap        ] GC(976) ParOldGen: 3237873K(3237888K)->3340345K(3340800K)
[3880.428s][info][gc,metaspace   ] GC(976) Metaspace: 29095K(29376K)->29095K(29376K) NonClass: 25988K(26112K)->25988K(26112K) Class: 3106K(3264K)->3106K(3264K)
[3880.428s][info][gc             ] GC(976) Pause Young (Allocation Failure) 5640M->3404M(5790M) 94.187ms
[3880.428s][info][gc,cpu         ] GC(976) User=0.52s Sys=0.03s Real=0.09s
...[3883.224s][info][gc,start       ] GC(977) Pause Young (Allocation Failure)
[3883.318s][info][gc,heap        ] GC(977) PSYoungGen: 2537088K(2588160K)->144896K(2591232K) Eden: 2391040K(2391040K)->0K(2391040K) From: 146048K(197120K)->144896K(200192K)
[3883.318s][info][gc,heap        ] GC(977) ParOldGen: 3340345K(3340800K)->3443753K(3444224K)
[3883.318s][info][gc,metaspace   ] GC(977) Metaspace: 29095K(29376K)->29095K(29376K) NonClass: 25988K(26112K)->25988K(26112K) Class: 3106K(3264K)->3106K(3264K)
[3883.318s][info][gc             ] GC(977) Pause Young (Allocation Failure) 5739M->3504M(5894M) 93.970ms
[3883.318s][info][gc,cpu         ] GC(977) User=0.52s Sys=0.03s Real=0.09s
.. (rIR:aIR:PR = 5673:5673:5673) (tPR = 84356) [OK] 
  3884s: Performance info:
         Transaction,    Success,    Partial,     Failed,   Receipts, AvgBarcode, 
             Overall,     340899,          0,          0,     323849,      59.47, 
         Response times:
             Request,    Success,    Partial,     Failed,   SkipFail,     Probes,    Samples,      min,      p50,      p90,      p95,      p99,      max, 
       TotalPurchase,     323849,          0,          0,          0,     319044,     356271,      300,     4400,     8300,    14800,    48000,   870000,
     InStorePurchase,     170450,          0,          0,          0,     168098,     187311,      300,     4500,     8600,    17400,    49000,   870000,
      OnlinePurchase,     119331,          0,          0,          0,     117522,     131233,      300,     4300,     7900,    11700,    47000,   870000,
        InstPurchase,      34068,          0,          0,          0,      33424,      37727,      400,     4700,     8700,    18200,    50000,   870000,
          AssocOfCat,        339,          0,          0,          0,        247,        326,    21000,    32000,    49000,    54650,   173580,   196000,
      AssocOfProduct,       3404,          0,          0,          0,       3164,       3772,      500,     4100,     8200,    14215,    66000,   860000,
      BusinessReport,        844,          0,          0,          0,        743,        929,    25000,    37000,    54000,    62500,   162000,   910000,
          CustBuyBeh,       3412,          0,          0,          0,       3135,       3717,      200,     2900,     7800,    11700,    35820,   100000,
       ProductReturn,       9051,          0,          0,          0,       8629,       9955,      200,     5200,     9400,    13900,    54000,   118000,

  3884s: (42%)   IR =   5812 .[3886.255s][info][gc,start       ] GC(978) Pause Young (Allocation Failure)
[3886.351s][info][gc,heap        ] GC(978) PSYoungGen: 2535936K(2591232K)->151488K(2588672K) Eden: 2391040K(2391040K)->0K(2396672K) From: 144896K(200192K)->151488K(192000K)
[3886.351s][info][gc,heap        ] GC(978) ParOldGen: 3443753K(3444224K)->3544201K(3544576K)
[3886.351s][info][gc,metaspace   ] GC(978) Metaspace: 29095K(29376K)->29095K(29376K) NonClass: 25988K(26112K)->25988K(26112K) Class: 3106K(3264K)->3106K(3264K)
[3886.351s][info][gc             ] GC(978) Pause Young (Allocation Failure) 5839M->3609M(5989M) 96.221ms
[3886.351s][info][gc,cpu         ] GC(978) User=0.53s Sys=0.03s Real=0.09s
...|[3889.119s][info][gc,start       ] GC(979) Pause Young (Allocation Failure)
[3889.214s][info][gc,heap        ] GC(979) PSYoungGen: 2548160K(2588672K)->142912K(2592768K) Eden: 2396672K(2396672K)->0K(2396672K) From: 151488K(192000K)->142912K(196096K)
[3889.214s][info][gc,heap        ] GC(979) ParOldGen: 3544201K(3544576K)->3652169K(3652608K)
[3889.214s][info][gc,metaspace   ] GC(979) Metaspace: 29095K(29376K)->29095K(29376K) NonClass: 25988K(26112K)->25988K(26112K) Class: 3106K(3264K)->3106K(3264K)
[3889.214s][info][gc             ] GC(979) Pause Young (Allocation Failure) 5949M->3706M(6099M) 94.767ms
[3889.214s][info][gc,cpu         ] GC(979) User=0.52s Sys=0.03s Real=0.10s
...[3891.991s][info][gc,start       ] GC(980) Pause Young (Allocation Failure)
[3892.085s][info][gc,heap        ] GC(980) PSYoungGen: 2539584K(2592768K)->143936K(2595840K) Eden: 2396672K(2396672K)->0K(2404864K) From: 142912K(196096K)->143936K(190976K)
[3892.085s][info][gc,heap        ] GC(980) ParOldGen: 3652169K(3652608K)->3753817K(3753984K)
[3892.085s][info][gc,metaspace   ] GC(980) Metaspace: 29095K(29376K)->29095K(29376K) NonClass: 25988K(26112K)->25988K(26112K) Class: 3106K(3264K)->3106K(3264K)
[3892.085s][info][gc             ] GC(980) Pause Young (Allocation Failure) 6046M->3806M(6201M) 93.756ms
[3892.085s][info][gc,cpu         ] GC(980) User=0.53s Sys=0.02s Real=0.10s
..[3894.887s][info][gc,start       ] GC(981) Pause Young (Allocation Failure)
[3894.985s][info][gc,heap        ] GC(981) PSYoungGen: 2548800K(2595840K)->158276K(2598400K) Eden: 2404864K(2404864K)->0K(2404864K) From: 143936K(190976K)->158276K(193536K)
[3894.985s][info][gc,heap        ] GC(981) ParOldGen: 3753817K(3753984K)->3857105K(3857408K)
[3894.985s][info][gc,metaspace   ] GC(981) Metaspace: 29097K(29376K)->29097K(29376K) NonClass: 25990K(26112K)->25990K(26112K) Class: 3106K(3264K)->3106K(3264K)
[3894.985s][info][gc             ] GC(981) Pause Young (Allocation Failure) 6154M->3921M(6304M) 98.504ms
[3894.985s][info][gc,cpu         ] GC(981) User=0.56s Sys=0.02s Real=0.10s
...[3897.749s][info][gc,start       ] GC(982) Pause Young (Allocation Failure)
[3897.847s][info][gc,heap        ] GC(982) PSYoungGen: 2563140K(2598400K)->155328K(2596864K) Eden: 2404864K(2404864K)->0K(2412032K) From: 158276K(193536K)->155328K(184832K)
[3897.847s][info][gc,heap        ] GC(982) ParOldGen: 3857105K(3857408K)->3961049K(3961344K)
[3897.847s][info][gc,metaspace   ] GC(982) Metaspace: 29097K(29376K)->29097K(29376K) NonClass: 25990K(26112K)->25990K(26112K) Class: 3106K(3264K)->3106K(3264K)
[3897.847s][info][gc             ] GC(982) Pause Young (Allocation Failure) 6269M->4019M(6404M) 97.975ms
[3897.847s][info][gc,cpu         ] GC(982) User=0.55s Sys=0.03s Real=0.10s
...[3900.663s][info][gc,start       ] GC(983) Pause Young (Allocation Failure)
[3900.767s][info][gc,heap        ] GC(983) PSYoungGen: 2567360K(2596864K)->162789K(2599424K) Eden: 2412032K(2412032K)->0K(2412032K) From: 155328K(184832K)->162789K(187392K)
[3900.767s][info][gc,heap        ] GC(983) ParOldGen: 3961049K(3961344K)->4063793K(4064256K)
[3900.767s][info][gc,metaspace   ] GC(983) Metaspace: 29097K(29376K)->29097K(29376K) NonClass: 25990K(26112K)->25990K(26112K) Class: 3106K(3264K)->3106K(3264K)
[3900.767s][info][gc             ] GC(983) Pause Young (Allocation Failure) 6375M->4127M(6507M) 103.488ms
[3900.767s][info][gc,cpu         ] GC(983) User=0.58s Sys=0.03s Real=0.10s
...[3903.602s][info][gc,start       ] GC(984) Pause Young (Allocation Failure)
[3903.699s][info][gc,heap        ] GC(984) PSYoungGen: 2574821K(2599424K)->151168K(2603008K) Eden: 2412032K(2412032K)->0K(2421760K) From: 162789K(187392K)->151168K(181248K)
[3903.699s][info][gc,heap        ] GC(984) ParOldGen: 4063793K(4064256K)->4167321K(4167680K)
[3903.699s][info][gc,metaspace   ] GC(984) Metaspace: 29097K(29376K)->29097K(29376K) NonClass: 25990K(26112K)->25990K(26112K) Class: 3106K(3264K)->3106K(3264K)
[3903.699s][info][gc             ] GC(984) Pause Young (Allocation Failure) 6483M->4217M(6612M) 97.375ms
[3903.699s][info][gc,cpu         ] GC(984) User=0.54s Sys=0.04s Real=0.10s
...[3906.458s][info][gc,start       ] GC(985) Pause Young (Allocation Failure)
[3906.555s][info][gc,heap        ] GC(985) PSYoungGen: 2572928K(2603008K)->148480K(2606080K) Eden: 2421760K(2421760K)->0K(2421760K) From: 151168K(181248K)->148480K(184320K)
[3906.555s][info][gc,heap        ] GC(985) ParOldGen: 4167321K(4167680K)->4271873K(4272128K)
[3906.555s][info][gc,metaspace   ] GC(985) Metaspace: 29097K(29376K)->29097K(29376K) NonClass: 25990K(26112K)->25990K(26112K) Class: 3106K(3264K)->3106K(3264K)
[3906.555s][info][gc             ] GC(985) Pause Young (Allocation Failure) 6582M->4316M(6717M) 97.359ms
[3906.555s][info][gc,cpu         ] GC(985) User=0.55s Sys=0.03s Real=0.10s
...[3909.390s][info][gc,start       ] GC(986) Pause Young (Allocation Failure)
[3909.486s][info][gc,heap        ] GC(986) PSYoungGen: 2570240K(2606080K)->150816K(2606080K) Eden: 2421760K(2421760K)->0K(2428928K) From: 148480K(184320K)->150816K(177152K)
[3909.486s][info][gc,heap        ] GC(986) ParOldGen: 4271873K(4272128K)->4374609K(4375040K)
[3909.486s][info][gc,metaspace   ] GC(986) Metaspace: 29097K(29376K)->29097K(29376K) NonClass: 25990K(26112K)->25990K(26112K) Class: 3106K(3264K)->3106K(3264K)
[3909.486s][info][gc             ] GC(986) Pause Young (Allocation Failure) 6681M->4419M(6817M) 96.369ms
[3909.486s][info][gc,cpu         ] GC(986) User=0.53s Sys=0.04s Real=0.10s
...[3912.306s][info][gc,start       ] GC(987) Pause Young (Allocation Failure)
[3912.403s][info][gc,heap        ] GC(987) PSYoungGen: 2579744K(2606080K)->146560K(2609664K) Eden: 2428928K(2428928K)->0K(2428928K) From: 150816K(177152K)->146560K(180736K)
[3912.403s][info][gc,heap        ] GC(987) ParOldGen: 4374609K(4375040K)->4479689K(4480000K)
[3912.403s][info][gc,metaspace   ] GC(987) Metaspace: 29097K(29376K)->29097K(29376K) NonClass: 25990K(26112K)->25990K(26112K) Class: 3106K(3264K)->3106K(3264K)
[3912.403s][info][gc             ] GC(987) Pause Young (Allocation Failure) 6791M->4517M(6923M) 97.554ms
[3912.403s][info][gc,cpu         ] GC(987) User=0.54s Sys=0.03s Real=0.10s
...[3915.203s][info][gc,start       ] GC(988) Pause Young (Allocation Failure)
[3915.302s][info][gc,heap        ] GC(988) PSYoungGen: 2575488K(2609664K)->152800K(2609152K) Eden: 2428928K(2428928K)->0K(2435584K) From: 146560K(180736K)->152800K(173568K)
[3915.302s][info][gc,heap        ] GC(988) ParOldGen: 4479689K(4480000K)->4583017K(4583424K)
[3915.302s][info][gc,metaspace   ] GC(988) Metaspace: 29097K(29376K)->29097K(29376K) NonClass: 25990K(26112K)->25990K(26112K) Class: 3106K(3264K)->3106K(3264K)
[3915.302s][info][gc             ] GC(988) Pause Young (Allocation Failure) 6889M->4624M(7024M) 99.082ms
[3915.302s][info][gc,cpu         ] GC(988) User=0.56s Sys=0.03s Real=0.10s
...[3918.151s][info][gc,start       ] GC(989) Pause Young (Allocation Failure)
[3918.252s][info][gc,heap        ] GC(989) PSYoungGen: 2588384K(2609152K)->160384K(2612736K) Eden: 2435584K(2435584K)->0K(2435584K) From: 152800K(173568K)->160384K(177152K)
[3918.252s][info][gc,heap        ] GC(989) ParOldGen: 4583017K(4583424K)->4685025K(4685312K)
[3918.252s][info][gc,metaspace   ] GC(989) Metaspace: 29097K(29376K)->29097K(29376K) NonClass: 25990K(26112K)->25990K(26112K) Class: 3106K(3264K)->3106K(3264K)
[3918.252s][info][gc             ] GC(989) Pause Young (Allocation Failure) 7003M->4731M(7127M) 100.504ms
[3918.252s][info][gc,cpu         ] GC(989) User=0.55s Sys=0.03s Real=0.11s
...[3921.118s][info][gc,start       ] GC(990) Pause Young (Allocation Failure)
[3921.216s][info][gc,heap        ] GC(990) PSYoungGen: 2595968K(2612736K)->151104K(2615808K) Eden: 2435584K(2435584K)->0K(2441728K) From: 160384K(177152K)->151104K(174080K)
[3921.216s][info][gc,heap        ] GC(990) ParOldGen: 4685025K(4685312K)->4789377K(4789760K)
[3921.216s][info][gc,metaspace   ] GC(990) Metaspace: 29097K(29376K)->29097K(29376K) NonClass: 25990K(26112K)->25990K(26112K) Class: 3106K(3264K)->3106K(3264K)
[3921.216s][info][gc             ] GC(990) Pause Young (Allocation Failure) 7110M->4824M(7232M) 98.195ms
[3921.216s][info][gc,cpu         ] GC(990) User=0.55s Sys=0.03s Real=0.10s
...[3924.130s][info][gc,start       ] GC(991) Pause Young (Allocation Failure)
[3924.230s][info][gc,heap        ] GC(991) PSYoungGen: 2592832K(2615808K)->155680K(2617344K) Eden: 2441728K(2441728K)->0K(2441728K) From: 151104K(174080K)->155680K(175616K)
[3924.230s][info][gc,heap        ] GC(991) ParOldGen: 4789377K(4789760K)->4893969K(4894208K)
[3924.230s][info][gc,metaspace   ] GC(991) Metaspace: 29097K(29376K)->29097K(29376K) NonClass: 25990K(26112K)->25990K(26112K) Class: 3106K(3264K)->3106K(3264K)
[3924.230s][info][gc             ] GC(991) Pause Young (Allocation Failure) 7209M->4931M(7335M) 100.035ms
[3924.230s][info][gc,cpu         ] GC(991) User=0.55s Sys=0.04s Real=0.10s
..[3926.964s][info][gc,start       ] GC(992) Pause Young (Allocation Failure)
[3927.059s][info][gc,heap        ] GC(992) PSYoungGen: 2597408K(2617344K)->141856K(2620416K) Eden: 2441728K(2441728K)->0K(2446336K) From: 155680K(175616K)->141856K(174080K)
[3927.059s][info][gc,heap        ] GC(992) ParOldGen: 4893969K(4894208K)->5000929K(5001216K)
[3927.059s][info][gc,metaspace   ] GC(992) Metaspace: 29097K(29376K)->29097K(29376K) NonClass: 25990K(26112K)->25990K(26112K) Class: 3106K(3264K)->3106K(3264K)
[3927.059s][info][gc             ] GC(992) Pause Young (Allocation Failure) 7315M->5022M(7443M) 94.657ms
[3927.059s][info][gc,cpu         ] GC(992) User=0.51s Sys=0.04s Real=0.09s
...[3929.920s][info][gc,start       ] GC(993) Pause Young (Allocation Failure)
[3930.022s][info][gc,heap        ] GC(993) PSYoungGen: 2588192K(2620416K)->160756K(2620416K) Eden: 2446336K(2446336K)->0K(2446336K) From: 141856K(174080K)->160756K(174080K)
[3930.022s][info][gc,heap        ] GC(993) ParOldGen: 5000929K(5001216K)->5102169K(5102592K)
[3930.022s][info][gc,metaspace   ] GC(993) Metaspace: 29097K(29376K)->29097K(29376K) NonClass: 25990K(26112K)->25990K(26112K) Class: 3106K(3264K)->3106K(3264K)
[3930.022s][info][gc             ] GC(993) Pause Young (Allocation Failure) 7411M->5139M(7542M) 101.480ms
[3930.022s][info][gc,cpu         ] GC(993) User=0.56s Sys=0.03s Real=0.11s
...[3932.884s][info][gc,start       ] GC(994) Pause Young (Allocation Failure)
[3932.983s][info][gc,heap        ] GC(994) PSYoungGen: 2607092K(2620416K)->155904K(2619904K) Eden: 2446336K(2446336K)->0K(2446848K) From: 160756K(174080K)->155904K(173056K)
[3932.983s][info][gc,heap        ] GC(994) ParOldGen: 5102169K(5102592K)->5206057K(5206528K)
[3932.983s][info][gc,metaspace   ] GC(994) Metaspace: 29097K(29376K)->29097K(29376K) NonClass: 25990K(26112K)->25990K(26112K) Class: 3106K(3264K)->3106K(3264K)
[3932.983s][info][gc             ] GC(994) Pause Young (Allocation Failure) 7528M->5236M(7643M) 98.934ms
[3932.983s][info][gc,cpu         ] GC(994) User=0.55s Sys=0.03s Real=0.10s
...[3935.784s][info][gc,start       ] GC(995) Pause Young (Allocation Failure)
[3935.887s][info][gc,heap        ] GC(995) PSYoungGen: 2602752K(2619904K)->156693K(2620416K) Eden: 2446848K(2446848K)->0K(2446848K) From: 155904K(173056K)->156693K(173568K)
[3935.887s][info][gc,heap        ] GC(995) ParOldGen: 5206057K(5206528K)->5312665K(5313024K)
[3935.887s][info][gc,metaspace   ] GC(995) Metaspace: 29097K(29376K)->29097K(29376K) NonClass: 25990K(26112K)->25990K(26112K) Class: 3106K(3264K)->3106K(3264K)
[3935.887s][info][gc             ] GC(995) Pause Young (Allocation Failure) 7625M->5341M(7747M) 102.756ms
[3935.887s][info][gc,cpu         ] GC(995) User=0.57s Sys=0.03s Real=0.10s
...[3938.669s][info][gc,start       ] GC(996) Pause Young (Allocation Failure)
[3938.768s][info][gc,heap        ] GC(996) PSYoungGen: 2603541K(2620416K)->153440K(2618368K) Eden: 2446848K(2446848K)->0K(2449408K) From: 156693K(173568K)->153440K(168960K)
[3938.768s][info][gc,heap        ] GC(996) ParOldGen: 5312665K(5313024K)->5415537K(5415936K)
[3938.768s][info][gc,metaspace   ] GC(996) Metaspace: 29097K(29376K)->29097K(29376K) NonClass: 25990K(26112K)->25990K(26112K) Class: 3106K(3264K)->3106K(3264K)
[3938.768s][info][gc             ] GC(996) Pause Young (Allocation Failure) 7730M->5438M(7846M) 98.991ms
[3938.768s][info][gc,cpu         ] GC(996) User=0.55s Sys=0.03s Real=0.10s
...[3941.641s][info][gc,start       ] GC(997) Pause Young (Allocation Failure)
[3941.741s][info][gc,heap        ] GC(997) PSYoungGen: 2602848K(2618368K)->157701K(2620416K) Eden: 2449408K(2449408K)->0K(2449408K) From: 153440K(168960K)->157701K(171008K)
[3941.741s][info][gc,heap        ] GC(997) ParOldGen: 5415537K(5415936K)->5518553K(5518848K)
[3941.741s][info][gc,metaspace   ] GC(997) Metaspace: 29097K(29376K)->29097K(29376K) NonClass: 25990K(26112K)->25990K(26112K) Class: 3106K(3264K)->3106K(3264K)
[3941.741s][info][gc             ] GC(997) Pause Young (Allocation Failure) 7830M->5543M(7948M) 100.517ms
[3941.741s][info][gc,cpu         ] GC(997) User=0.55s Sys=0.03s Real=0.10s
...[3944.600s][info][gc,start       ] GC(998) Pause Full (Allocation Failure)
[3944.600s][info][gc,phases,start] GC(998) Marking Phase
[3944.913s][info][gc,phases      ] GC(998) Marking Phase 312.757ms
[3944.913s][info][gc,phases,start] GC(998) Summary Phase
[3944.913s][info][gc,phases      ] GC(998) Summary Phase 0.102ms
[3944.913s][info][gc,phases,start] GC(998) Forward
[3945.045s][info][gc,phases      ] GC(998) Forward 131.972ms
[3945.045s][info][gc,phases,start] GC(998) Adjust Pointers
[3945.256s][info][gc,phases      ] GC(998) Adjust Pointers 211.187ms
[3945.256s][info][gc,phases,start] GC(998) Compaction Phase
[3945.404s][info][gc,phases      ] GC(998) Compaction Phase 147.925ms
[3945.406s][info][gc,phases,start] GC(998) Post Compact
[3945.413s][info][gc,phases      ] GC(998) Post Compact 6.821ms
[3945.530s][info][gc,heap        ] GC(998) PSYoungGen: 2607109K(2620416K)->0K(2624512K) Eden: 2449408K(2449408K)->0K(2454528K) From: 157701K(171008K)->0K(169984K)
[3945.530s][info][gc,heap        ] GC(998) ParOldGen: 5518553K(5518848K)->1621230K(1899008K)
[3945.530s][info][gc,metaspace   ] GC(998) Metaspace: 29097K(29376K)->29097K(29376K) NonClass: 25990K(26112K)->25990K(26112K) Class: 3106K(3264K)->3106K(3264K)
[3945.530s][info][gc             ] GC(998) Pause Full (Allocation Failure) 7935M->1583M(4417M) 930.456ms
[3945.530s][info][gc,cpu         ] GC(998) User=4.35s Sys=0.12s Real=0.93s
..[3947.531s][info][gc,start       ] GC(999) Pause Young (Allocation Failure)
[3947.594s][info][gc,heap        ] GC(999) PSYoungGen: 2454528K(2624512K)->151684K(2625024K) Eden: 2454528K(2454528K)->0K(2454528K) From: 0K(169984K)->151684K(170496K)
[3947.594s][info][gc,heap        ] GC(999) ParOldGen: 1621230K(1899008K)->1621230K(1899008K)
[3947.594s][info][gc,metaspace   ] GC(999) Metaspace: 29097K(29376K)->29097K(29376K) NonClass: 25990K(26112K)->25990K(26112K) Class: 3106K(3264K)->3106K(3264K)
[3947.594s][info][gc             ] GC(999) Pause Young (Allocation Failure) 3980M->1731M(4418M) 63.054ms
[3947.594s][info][gc,cpu         ] GC(999) User=0.36s Sys=0.00s Real=0.07s
... (rIR:aIR:PR = 5812:5814:5813) (tPR = 86010) [OK] 
  3949s: Performance info:
         Transaction,    Success,    Partial,     Failed,   Receipts, AvgBarcode, 
             Overall,     352980,          0,          0,     335351,      59.48, 
         Response times:
             Request,    Success,    Partial,     Failed,   SkipFail,     Probes,    Samples,      min,      p50,      p90,      p95,      p99,      max, 
       TotalPurchase,     335353,          0,          0,          0,     324553,     351686,      300,     4400,     8600,    19100,    40000,   950000,
     InStorePurchase,     176477,          0,          0,          0,     171107,     185275,      300,     4400,     8600,    19500,    40000,   950000,
      OnlinePurchase,     123575,          0,          0,          0,     119481,     129311,      300,     4400,     8500,    18800,    40000,   950000,
        InstPurchase,      35301,          0,          0,          0,      33965,      37100,      300,     4800,     8900,    18900,    43990,   950000,
          AssocOfCat,        352,          0,          0,          0,        254,        343,    19200,    33000,    49600,    63000,   154000,  1000000,
      AssocOfProduct,       3519,          0,          0,          0,       3188,       3609,      600,     4600,     7700,    18300,    59000,   940000,
      BusinessReport,        878,          0,          0,          0,        736,        884,    28000,    39000,    57000,    78500,   156000,   970000,
          CustBuyBeh,       3530,          0,          0,          0,       3254,       3765,      200,     2900,     6800,    12700,    29000,   108000,
       ProductReturn,       9351,          0,          0,          0,       8833,       9856,      200,     3700,     7800,    15315,    39000,   950000,

  3949s: (43%)   IR =   5950 [3950.572s][info][gc,start       ] GC(1000) Pause Young (Allocation Failure)
[3950.664s][info][gc,heap        ] GC(1000) PSYoungGen: 2606212K(2625024K)->155232K(2624000K) Eden: 2454528K(2454528K)->0K(2456064K) From: 151684K(170496K)->155232K(167936K)
[3950.664s][info][gc,heap        ] GC(1000) ParOldGen: 1621230K(1899008K)->1724579K(1899008K)
[3950.664s][info][gc,metaspace   ] GC(1000) Metaspace: 29097K(29376K)->29097K(29376K) NonClass: 25990K(26112K)->25990K(26112K) Class: 3106K(3264K)->3106K(3264K)
[3950.664s][info][gc             ] GC(1000) Pause Young (Allocation Failure) 4128M->1835M(4417M) 91.760ms
[3950.664s][info][gc,cpu         ] GC(1000) User=0.54s Sys=0.00s Real=0.09s
...[3953.452s][info][gc,start       ] GC(1001) Pause Young (Allocation Failure)
[3953.552s][info][gc,heap        ] GC(1001) PSYoungGen: 2611296K(2624000K)->166788K(2624512K) Eden: 2456064K(2456064K)->0K(2456064K) From: 155232K(167936K)->166788K(168448K)
[3953.552s][info][gc,heap        ] GC(1001) ParOldGen: 1724579K(1899008K)->1831755K(1899008K)
[3953.552s][info][gc,metaspace   ] GC(1001) Metaspace: 29097K(29376K)->29097K(29376K) NonClass: 25990K(26112K)->25990K(26112K) Class: 3106K(3264K)->3106K(3264K)
[3953.552s][info][gc             ] GC(1001) Pause Young (Allocation Failure) 4234M->1951M(4417M) 100.193ms
[3953.552s][info][gc,cpu         ] GC(1001) User=0.59s Sys=0.00s Real=0.11s
...[3956.315s][info][gc,start       ] GC(1002) Pause Young (Allocation Failure)
[3956.410s][info][gc,heap        ] GC(1002) PSYoungGen: 2622852K(2624512K)->155440K(2626048K) Eden: 2456064K(2456064K)->0K(2454528K) From: 166788K(168448K)->155440K(171520K)
[3956.410s][info][gc,heap        ] GC(1002) ParOldGen: 1831755K(1899008K)->1937963K(1938432K)
[3956.410s][info][gc,metaspace   ] GC(1002) Metaspace: 29097K(29376K)->29097K(29376K) NonClass: 25990K(26112K)->25990K(26112K) Class: 3106K(3264K)->3106K(3264K)
[3956.410s][info][gc             ] GC(1002) Pause Young (Allocation Failure) 4350M->2044M(4457M) 95.863ms
[3956.411s][info][gc,cpu         ] GC(1002) User=0.55s Sys=0.01s Real=0.09s
...[3959.164s][info][gc,start       ] GC(1003) Pause Young (Allocation Failure)
[3959.259s][info][gc,heap        ] GC(1003) PSYoungGen: 2609968K(2626048K)->148288K(2624512K) Eden: 2454528K(2454528K)->0K(2454528K) From: 155440K(171520K)->148288K(169984K)
[3959.259s][info][gc,heap        ] GC(1003) ParOldGen: 1937963K(1938432K)->2041539K(2041856K)
[3959.259s][info][gc,metaspace   ] GC(1003) Metaspace: 29097K(29376K)->29097K(29376K) NonClass: 25990K(26112K)->25990K(26112K) Class: 3106K(3264K)->3106K(3264K)
[3959.260s][info][gc             ] GC(1003) Pause Young (Allocation Failure) 4441M->2138M(4557M) 95.164ms
[3959.260s][info][gc,cpu         ] GC(1003) User=0.53s Sys=0.02s Real=0.09s
...[3962.087s][info][gc,start       ] GC(1004) Pause Young (Allocation Failure)
[3962.186s][info][gc,heap        ] GC(1004) PSYoungGen: 2602816K(2624512K)->157604K(2625024K) Eden: 2454528K(2454528K)->0K(2455040K) From: 148288K(169984K)->157604K(169984K)
[3962.186s][info][gc,heap        ] GC(1004) ParOldGen: 2041539K(2041856K)->2146003K(2146304K)
[3962.186s][info][gc,metaspace   ] GC(1004) Metaspace: 29097K(29376K)->29097K(29376K) NonClass: 25990K(26112K)->25990K(26112K) Class: 3106K(3264K)->3106K(3264K)
[3962.186s][info][gc             ] GC(1004) Pause Young (Allocation Failure) 4535M->2249M(4659M) 99.218ms
[3962.187s][info][gc,cpu         ] GC(1004) User=0.56s Sys=0.03s Real=0.10s
.|..[3964.945s][info][gc,start       ] GC(1005) Pause Young (Allocation Failure)
[3965.040s][info][gc,heap        ] GC(1005) PSYoungGen: 2612128K(2625024K)->150816K(2624512K) Eden: 2454524K(2455040K)->0K(2455040K) From: 157604K(169984K)->150816K(169472K)
[3965.040s][info][gc,heap        ] GC(1005) ParOldGen: 2146003K(2146304K)->2250939K(2251264K)
[3965.040s][info][gc,metaspace   ] GC(1005) Metaspace: 29097K(29376K)->29097K(29376K) NonClass: 25990K(26112K)->25990K(26112K) Class: 3106K(3264K)->3106K(3264K)
[3965.040s][info][gc             ] GC(1005) Pause Young (Allocation Failure) 4646M->2345M(4761M) 95.141ms
[3965.040s][info][gc,cpu         ] GC(1005) User=0.53s Sys=0.03s Real=0.09s
...[3967.900s][info][gc,start       ] GC(1006) Pause Young (Allocation Failure)
[3967.998s][info][gc,heap        ] GC(1006) PSYoungGen: 2605856K(2624512K)->159184K(2625536K) Eden: 2455040K(2455040K)->0K(2456576K) From: 150816K(169472K)->159184K(168960K)
[3967.998s][info][gc,heap        ] GC(1006) ParOldGen: 2250939K(2251264K)->2353755K(2354176K)
[3967.998s][info][gc,metaspace   ] GC(1006) Metaspace: 29097K(29376K)->29097K(29376K) NonClass: 25990K(26112K)->25990K(26112K) Class: 3106K(3264K)->3106K(3264K)
[3967.998s][info][gc             ] GC(1006) Pause Young (Allocation Failure) 4742M->2454M(4863M) 98.326ms
[3967.998s][info][gc,cpu         ] GC(1006) User=0.54s Sys=0.04s Real=0.10s
...[3970.770s][info][gc,start       ] GC(1007) Pause Young (Allocation Failure)
[3970.868s][info][gc,heap        ] GC(1007) PSYoungGen: 2615760K(2625536K)->154720K(2625536K) Eden: 2456576K(2456576K)->0K(2456576K) From: 159184K(168960K)->154720K(168960K)
[3970.868s][info][gc,heap        ] GC(1007) ParOldGen: 2353755K(2354176K)->2461123K(2461184K)
[3970.868s][info][gc,metaspace   ] GC(1007) Metaspace: 29097K(29376K)->29097K(29376K) NonClass: 25990K(26112K)->25990K(26112K) Class: 3106K(3264K)->3106K(3264K)
[3970.868s][info][gc             ] GC(1007) Pause Young (Allocation Failure) 4853M->2554M(4967M) 97.930ms
[3970.868s][info][gc,cpu         ] GC(1007) User=0.54s Sys=0.03s Real=0.10s
..[3973.594s][info][gc,start       ] GC(1008) Pause Young (Allocation Failure)
[3973.690s][info][gc,heap        ] GC(1008) PSYoungGen: 2611296K(2625536K)->149856K(2626560K) Eden: 2456576K(2456576K)->0K(2458624K) From: 154720K(168960K)->149856K(167936K)
[3973.690s][info][gc,heap        ] GC(1008) ParOldGen: 2461123K(2461184K)->2567091K(2567168K)
[3973.690s][info][gc,metaspace   ] GC(1008) Metaspace: 29097K(29376K)->29097K(29376K) NonClass: 25990K(26112K)->25990K(26112K) Class: 3106K(3264K)->3106K(3264K)
[3973.690s][info][gc             ] GC(1008) Pause Young (Allocation Failure) 4953M->2653M(5072M) 95.873ms
[3973.690s][info][gc,cpu         ] GC(1008) User=0.53s Sys=0.04s Real=0.09s
...[3976.523s][info][gc,start       ] GC(1009) Pause Young (Allocation Failure)
[3976.619s][info][gc,heap        ] GC(1009) PSYoungGen: 2608480K(2626560K)->151744K(2626048K) Eden: 2458624K(2458624K)->0K(2458624K) From: 149856K(167936K)->151744K(167424K)
[3976.619s][info][gc,heap        ] GC(1009) ParOldGen: 2567091K(2567168K)->2670587K(2670592K)
[3976.619s][info][gc,metaspace   ] GC(1009) Metaspace: 29097K(29376K)->29097K(29376K) NonClass: 25990K(26112K)->25990K(26112K) Class: 3106K(3264K)->3106K(3264K)
[3976.619s][info][gc             ] GC(1009) Pause Young (Allocation Failure) 5054M->2756M(5172M) 96.215ms
[3976.619s][info][gc,cpu         ] GC(1009) User=0.54s Sys=0.03s Real=0.09s
...[3979.374s][info][gc,start       ] GC(1010) Pause Young (Allocation Failure)
[3979.473s][info][gc,heap        ] GC(1010) PSYoungGen: 2610368K(2626048K)->149824K(2627072K) Eden: 2458624K(2458624K)->0K(2460672K) From: 151744K(167424K)->149824K(166400K)
[3979.473s][info][gc,heap        ] GC(1010) ParOldGen: 2670587K(2670592K)->2775763K(2776064K)
[3979.473s][info][gc,metaspace   ] GC(1010) Metaspace: 29097K(29376K)->29097K(29376K) NonClass: 25990K(26112K)->25990K(26112K) Class: 3106K(3264K)->3106K(3264K)
[3979.473s][info][gc             ] GC(1010) Pause Young (Allocation Failure) 5157M->2857M(5276M) 98.114ms
[3979.473s][info][gc,cpu         ] GC(1010) User=0.55s Sys=0.02s Real=0.10s
...[3982.250s][info][gc,start       ] GC(1011) Pause Young (Allocation Failure)
[3982.345s][info][gc,heap        ] GC(1011) PSYoungGen: 2610496K(2627072K)->149344K(2627072K) Eden: 2460672K(2460672K)->0K(2460672K) From: 149824K(166400K)->149344K(166400K)
[3982.345s][info][gc,heap        ] GC(1011) ParOldGen: 2775763K(2776064K)->2879195K(2879488K)
[3982.345s][info][gc,metaspace   ] GC(1011) Metaspace: 29097K(29376K)->29097K(29376K) NonClass: 25990K(26112K)->25990K(26112K) Class: 3106K(3264K)->3106K(3264K)
[3982.345s][info][gc             ] GC(1011) Pause Young (Allocation Failure) 5260M->2957M(5377M) 94.385ms
[3982.345s][info][gc,cpu         ] GC(1011) User=0.53s Sys=0.02s Real=0.10s
...[3985.108s][info][gc,start       ] GC(1012) Pause Young (Allocation Failure)
[3985.203s][info][gc,heap        ] GC(1012) PSYoungGen: 2610016K(2627072K)->147200K(2629120K) Eden: 2460672K(2460672K)->0K(2463744K) From: 149344K(166400K)->147200K(165376K)
[3985.203s][info][gc,heap        ] GC(1012) ParOldGen: 2879195K(2879488K)->2984187K(2984448K)
[3985.203s][info][gc,metaspace   ] GC(1012) Metaspace: 29097K(29376K)->29097K(29376K) NonClass: 25990K(26112K)->25990K(26112K) Class: 3106K(3264K)->3106K(3264K)
[3985.203s][info][gc             ] GC(1012) Pause Young (Allocation Failure) 5360M->3057M(5482M) 95.083ms
[3985.203s][info][gc,cpu         ] GC(1012) User=0.54s Sys=0.03s Real=0.10s
...[3988.081s][info][gc,start       ] GC(1013) Pause Young (Allocation Failure)
[3988.181s][info][gc,heap        ] GC(1013) PSYoungGen: 2610944K(2629120K)->157408K(2629120K) Eden: 2463744K(2463744K)->0K(2463744K) From: 147200K(165376K)->157408K(165376K)
[3988.181s][info][gc,heap        ] GC(1013) ParOldGen: 2984187K(2984448K)->3087491K(3087872K)
[3988.181s][info][gc,metaspace   ] GC(1013) Metaspace: 29097K(29376K)->29097K(29376K) NonClass: 25990K(26112K)->25990K(26112K) Class: 3106K(3264K)->3106K(3264K)
[3988.181s][info][gc             ] GC(1013) Pause Young (Allocation Failure) 5463M->3168M(5583M) 100.098ms
[3988.181s][info][gc,cpu         ] GC(1013) User=0.57s Sys=0.03s Real=0.10s
...[3990.944s][info][gc,start       ] GC(1014) Pause Young (Allocation Failure)
[3991.040s][info][gc,heap        ] GC(1014) PSYoungGen: 2621152K(2629120K)->146912K(2630144K) Eden: 2463744K(2463744K)->0K(2464256K) From: 157408K(165376K)->146912K(165888K)
[3991.040s][info][gc,heap        ] GC(1014) ParOldGen: 3087491K(3087872K)->3196187K(3196416K)
[3991.040s][info][gc,metaspace   ] GC(1014) Metaspace: 29097K(29376K)->29097K(29376K) NonClass: 25990K(26112K)->25990K(26112K) Class: 3106K(3264K)->3106K(3264K)
[3991.040s][info][gc             ] GC(1014) Pause Young (Allocation Failure) 5574M->3264M(5690M) 96.067ms
[3991.040s][info][gc,cpu         ] GC(1014) User=0.53s Sys=0.04s Real=0.09s
...[3993.799s][info][gc,start       ] GC(1015) Pause Young (Allocation Failure)
[3993.896s][info][gc,heap        ] GC(1015) PSYoungGen: 2611168K(2630144K)->153408K(2617856K) Eden: 2464256K(2464256K)->0K(2464256K) From: 146912K(165888K)->153408K(153600K)
[3993.896s][info][gc,heap        ] GC(1015) ParOldGen: 3196187K(3196416K)->3299075K(3299328K)
[3993.896s][info][gc,metaspace   ] GC(1015) Metaspace: 29097K(29376K)->29097K(29376K) NonClass: 25990K(26112K)->25990K(26112K) Class: 3106K(3264K)->3106K(3264K)
[3993.896s][info][gc             ] GC(1015) Pause Young (Allocation Failure) 5671M->3371M(5778M) 96.913ms
[3993.896s][info][gc,cpu         ] GC(1015) User=0.53s Sys=0.04s Real=0.10s
..[3996.723s][info][gc,start       ] GC(1016) Pause Young (Allocation Failure)
[3996.824s][info][gc,heap        ] GC(1016) PSYoungGen: 2617664K(2617856K)->156928K(2628608K) Eden: 2464256K(2464256K)->0K(2463744K) From: 153408K(153600K)->156928K(164864K)
[3996.824s][info][gc,heap        ] GC(1016) ParOldGen: 3299075K(3299328K)->3403867K(3404288K)
[3996.824s][info][gc,metaspace   ] GC(1016) Metaspace: 29097K(29376K)->29097K(29376K) NonClass: 25990K(26112K)->25990K(26112K) Class: 3106K(3264K)->3106K(3264K)
[3996.824s][info][gc             ] GC(1016) Pause Young (Allocation Failure) 5778M->3477M(5891M) 100.564ms
[3996.824s][info][gc,cpu         ] GC(1016) User=0.56s Sys=0.03s Real=0.10s
...[3999.619s][info][gc,start       ] GC(1017) Pause Young (Allocation Failure)
[3999.722s][info][gc,heap        ] GC(1017) PSYoungGen: 2620672K(2628608K)->163028K(2627072K) Eden: 2463744K(2463744K)->0K(2463744K) From: 156928K(164864K)->163028K(163328K)
[3999.722s][info][gc,heap        ] GC(1017) ParOldGen: 3403867K(3404288K)->3507811K(3508224K)
[3999.722s][info][gc,metaspace   ] GC(1017) Metaspace: 29097K(29376K)->29097K(29376K) NonClass: 25990K(26112K)->25990K(26112K) Class: 3106K(3264K)->3106K(3264K)
[3999.722s][info][gc             ] GC(1017) Pause Young (Allocation Failure) 5883M->3584M(5991M) 102.379ms
[3999.722s][info][gc,cpu         ] GC(1017) User=0.59s Sys=0.03s Real=0.11s
...[4002.482s][info][gc,start       ] GC(1018) Pause Young (Allocation Failure)
[4002.583s][info][gc,heap        ] GC(1018) PSYoungGen: 2626772K(2627072K)->159568K(2627072K) Eden: 2463744K(2463744K)->0K(2459136K) From: 163028K(163328K)->159568K(167936K)
[4002.583s][info][gc,heap        ] GC(1018) ParOldGen: 3507811K(3508224K)->3612483K(3612672K)
[4002.583s][info][gc,metaspace   ] GC(1018) Metaspace: 29097K(29376K)->29097K(29376K) NonClass: 25990K(26112K)->25990K(26112K) Class: 3106K(3264K)->3106K(3264K)
[4002.583s][info][gc             ] GC(1018) Pause Young (Allocation Failure) 5990M->3683M(6093M) 101.119ms
[4002.584s][info][gc,cpu         ] GC(1018) User=0.55s Sys=0.04s Real=0.10s
...[4005.348s][info][gc,start       ] GC(1019) Pause Young (Allocation Failure)
[4005.445s][info][gc,heap        ] GC(1019) PSYoungGen: 2618704K(2627072K)->151552K(2610688K) Eden: 2459136K(2459136K)->0K(2459136K) From: 159568K(167936K)->151552K(151552K)
[4005.446s][info][gc,heap        ] GC(1019) ParOldGen: 3612483K(3612672K)->3716307K(3716608K)
[4005.446s][info][gc,metaspace   ] GC(1019) Metaspace: 29097K(29376K)->29097K(29376K) NonClass: 25990K(26112K)->25990K(26112K) Class: 3106K(3264K)->3106K(3264K)
[4005.446s][info][gc             ] GC(1019) Pause Young (Allocation Failure) 6085M->3777M(6179M) 97.666ms
[4005.446s][info][gc,cpu         ] GC(1019) User=0.54s Sys=0.03s Real=0.10s
...[4008.190s][info][gc,start       ] GC(1020) Pause Young (Allocation Failure)
[4008.287s][info][gc,heap        ] GC(1020) PSYoungGen: 2610688K(2610688K)->148992K(2627072K) Eden: 2459136K(2459136K)->0K(2459648K) From: 151552K(151552K)->148992K(167424K)
[4008.287s][info][gc,heap        ] GC(1020) ParOldGen: 3716307K(3716608K)->3822035K(3822080K)
[4008.287s][info][gc,metaspace   ] GC(1020) Metaspace: 29097K(29376K)->29097K(29376K) NonClass: 25990K(26112K)->25990K(26112K) Class: 3106K(3264K)->3106K(3264K)
[4008.287s][info][gc             ] GC(1020) Pause Young (Allocation Failure) 6178M->3877M(6298M) 96.549ms
[4008.287s][info][gc,cpu         ] GC(1020) User=0.53s Sys=0.04s Real=0.10s
...[4011.165s][info][gc,start       ] GC(1021) Pause Young (Allocation Failure)
[4011.265s][info][gc,heap        ] GC(1021) PSYoungGen: 2608640K(2627072K)->156688K(2627072K) Eden: 2459648K(2459648K)->0K(2459648K) From: 148992K(167424K)->156688K(167424K)
[4011.265s][info][gc,heap        ] GC(1021) ParOldGen: 3822035K(3822080K)->3923435K(3923456K)
[4011.265s][info][gc,metaspace   ] GC(1021) Metaspace: 29097K(29376K)->29097K(29376K) NonClass: 25990K(26112K)->25990K(26112K) Class: 3106K(3264K)->3106K(3264K)
[4011.265s][info][gc             ] GC(1021) Pause Young (Allocation Failure) 6279M->3984M(6397M) 99.805ms
[4011.265s][info][gc,cpu         ] GC(1021) User=0.55s Sys=0.04s Real=0.10s
...[4014.012s][info][gc,start       ] GC(1022) Pause Young (Allocation Failure)
[4014.113s][info][gc,heap        ] GC(1022) PSYoungGen: 2616336K(2627072K)->156292K(2628096K) Eden: 2459648K(2459648K)->0K(2461696K) From: 156688K(167424K)->156292K(166400K)
[4014.113s][info][gc,heap        ] GC(1022) ParOldGen: 3923435K(3923456K)->4031819K(4032000K)
[4014.113s][info][gc,metaspace   ] GC(1022) Metaspace: 29097K(29376K)->29097K(29376K) NonClass: 25990K(26112K)->25990K(26112K) Class: 3106K(3264K)->3106K(3264K)
[4014.113s][info][gc             ] GC(1022) Pause Young (Allocation Failure) 6386M->4089M(6504M) 101.575ms
[4014.114s][info][gc,cpu         ] GC(1022) User=0.56s Sys=0.03s Real=0.10s
...[4016.890s][info][gc,start       ] GC(1023) Pause Young (Allocation Failure)
[4016.991s][info][gc,heap        ] GC(1023) PSYoungGen: 2617988K(2628096K)->159488K(2628096K) Eden: 2461696K(2461696K)->0K(2461696K) From: 156292K(166400K)->159488K(166400K)
[4016.991s][info][gc,heap        ] GC(1023) ParOldGen: 4031819K(4032000K)->4134091K(4134400K)
[4016.991s][info][gc,metaspace   ] GC(1023) Metaspace: 29097K(29376K)->29097K(29376K) NonClass: 25990K(26112K)->25990K(26112K) Class: 3106K(3264K)->3106K(3264K)
[4016.991s][info][gc             ] GC(1023) Pause Young (Allocation Failure) 6493M->4192M(6604M) 100.505ms
[4016.991s][info][gc,cpu         ] GC(1023) User=0.57s Sys=0.03s Real=0.10s
..[4019.809s][info][gc,start       ] GC(1024) Pause Young (Allocation Failure)
[4019.908s][info][gc,heap        ] GC(1024) PSYoungGen: 2621184K(2628096K)->155232K(2628608K) Eden: 2461696K(2461696K)->0K(2462208K) From: 159488K(166400K)->155232K(166400K)
[4019.908s][info][gc,heap        ] GC(1024) ParOldGen: 4134091K(4134400K)->4238787K(4238848K)
[4019.908s][info][gc,metaspace   ] GC(1024) Metaspace: 29097K(29376K)->29097K(29376K) NonClass: 25990K(26112K)->25990K(26112K) Class: 3106K(3264K)->3106K(3264K)
[4019.908s][info][gc             ] GC(1024) Pause Young (Allocation Failure) 6596M->4291M(6706M) 98.812ms
[4019.908s][info][gc,cpu         ] GC(1024) User=0.55s Sys=0.02s Real=0.10s
...[4022.685s][info][gc,start       ] GC(1025) Pause Young (Allocation Failure)
[4022.784s][info][gc,heap        ] GC(1025) PSYoungGen: 2617440K(2628608K)->154448K(2628608K) Eden: 2462208K(2462208K)->0K(2462208K) From: 155232K(166400K)->154448K(166400K)
[4022.784s][info][gc,heap        ] GC(1025) ParOldGen: 4238787K(4238848K)->4344675K(4344832K)
[4022.784s][info][gc,metaspace   ] GC(1025) Metaspace: 29097K(29376K)->29097K(29376K) NonClass: 25990K(26112K)->25990K(26112K) Class: 3106K(3264K)->3106K(3264K)
[4022.784s][info][gc             ] GC(1025) Pause Young (Allocation Failure) 6695M->4393M(6810M) 99.468ms
[4022.784s][info][gc,cpu         ] GC(1025) User=0.57s Sys=0.01s Real=0.10s
. (rIR:aIR:PR = 5950:5951:5951) (tPR = 88246) [OK] 
  4022s: Performance info:
         Transaction,    Success,    Partial,     Failed,   Receipts, AvgBarcode, 
             Overall,     358466,          0,          0,     340545,      59.47, 
         Response times:
             Request,    Success,    Partial,     Failed,   SkipFail,     Probes,    Samples,      min,      p50,      p90,      p95,      p99,      max, 
       TotalPurchase,     340535,          0,          0,          0,     335125,     409754,      300,     4500,     8300,    13600,    44000,   152000,
     InStorePurchase,     179219,          0,          0,          0,     176457,     215550,      300,     4500,     8300,    13600,    44000,   152000,
      OnlinePurchase,     125418,          0,          0,          0,     123791,     151349,      300,     4600,     8400,    13800,    44000,   132000,
        InstPurchase,      35898,          0,          0,          0,      34877,      42855,      400,     4200,     7900,    12800,    42000,   137000,
          AssocOfCat,        360,          0,          0,          0,        271,        404,    21000,    33000,    48500,    58000,   148500,   152000,
      AssocOfProduct,       3589,          0,          0,          0,       3325,       4272,      400,     4900,     8500,    11735,    46270,   111000,
      BusinessReport,        898,          0,          0,          0,        783,       1072,    27000,    38000,    55000,    72000,   148270,   164000,
          CustBuyBeh,       3584,          0,          0,          0,       3350,       4288,      300,     4400,     8200,    12255,    43220,   111000,
       ProductReturn,       9489,          0,          0,          0,       9152,      11500,      200,     4600,     8200,    14595,    41000,   113000,

  4022s: (44%)   IR =   6088 ..[4025.584s][info][gc,start       ] GC(1026) Pause Young (Allocation Failure)
[4025.685s][info][gc,heap        ] GC(1026) PSYoungGen: 2616656K(2628608K)->158304K(2628608K) Eden: 2462208K(2462208K)->0K(2463232K) From: 154448K(166400K)->158304K(165376K)
[4025.685s][info][gc,heap        ] GC(1026) ParOldGen: 4344675K(4344832K)->4448019K(4448256K)
[4025.685s][info][gc,metaspace   ] GC(1026) Metaspace: 29097K(29376K)->29097K(29376K) NonClass: 25990K(26112K)->25990K(26112K) Class: 3106K(3264K)->3106K(3264K)
[4025.685s][info][gc             ] GC(1026) Pause Young (Allocation Failure) 6798M->4498M(6911M) 100.397ms
[4025.685s][info][gc,cpu         ] GC(1026) User=0.55s Sys=0.04s Real=0.10s
...[4028.407s][info][gc,start       ] GC(1027) Pause Young (Allocation Failure)
[4028.511s][info][gc,heap        ] GC(1027) PSYoungGen: 2621536K(2628608K)->160688K(2628608K) Eden: 2463232K(2463232K)->0K(2463232K) From: 158304K(165376K)->160688K(165376K)
[4028.511s][info][gc,heap        ] GC(1027) ParOldGen: 4448019K(4448256K)->4555995K(4556288K)
[4028.511s][info][gc,metaspace   ] GC(1027) Metaspace: 29097K(29376K)->29097K(29376K) NonClass: 25990K(26112K)->25990K(26112K) Class: 3106K(3264K)->3106K(3264K)
[4028.511s][info][gc             ] GC(1027) Pause Young (Allocation Failure) 6903M->4606M(7016M) 104.456ms
[4028.511s][info][gc,cpu         ] GC(1027) User=0.59s Sys=0.03s Real=0.10s
.|..[4031.122s][info][gc,start       ] GC(1028) Pause Young (Allocation Failure)
[4031.221s][info][gc,heap        ] GC(1028) PSYoungGen: 2623920K(2628608K)->148720K(2629632K) Eden: 2463232K(2463232K)->0K(2463232K) From: 160688K(165376K)->148720K(166400K)
[4031.221s][info][gc,heap        ] GC(1028) ParOldGen: 4555995K(4556288K)->4661755K(4661760K)
[4031.221s][info][gc,metaspace   ] GC(1028) Metaspace: 29097K(29376K)->29097K(29376K) NonClass: 25990K(26112K)->25990K(26112K) Class: 3106K(3264K)->3106K(3264K)
[4031.222s][info][gc             ] GC(1028) Pause Young (Allocation Failure) 7011M->4697M(7120M) 99.279ms
[4031.222s][info][gc,cpu         ] GC(1028) User=0.55s Sys=0.03s Real=0.09s
...[4033.998s][info][gc,start       ] GC(1029) Pause Young (Allocation Failure)
[4034.099s][info][gc,heap        ] GC(1029) PSYoungGen: 2611952K(2629632K)->162224K(2625536K) Eden: 2463232K(2463232K)->0K(2463232K) From: 148720K(166400K)->162224K(162304K)
[4034.099s][info][gc,heap        ] GC(1029) ParOldGen: 4661755K(4661760K)->4762235K(4762624K)
[4034.099s][info][gc,metaspace   ] GC(1029) Metaspace: 29097K(29376K)->29097K(29376K) NonClass: 25990K(26112K)->25990K(26112K) Class: 3106K(3264K)->3106K(3264K)
[4034.099s][info][gc             ] GC(1029) Pause Young (Allocation Failure) 7103M->4809M(7215M) 100.904ms
[4034.099s][info][gc,cpu         ] GC(1029) User=0.56s Sys=0.04s Real=0.10s
..[4036.793s][info][gc,start       ] GC(1030) Pause Young (Allocation Failure)
[4036.901s][info][gc,heap        ] GC(1030) PSYoungGen: 2625456K(2625536K)->167907K(2541056K) Eden: 2463232K(2463232K)->0K(2373120K) From: 162224K(162304K)->167907K(167936K)
[4036.902s][info][gc,heap        ] GC(1030) ParOldGen: 4762235K(4762624K)->4870331K(4870656K)
[4036.902s][info][gc,metaspace   ] GC(1030) Metaspace: 29097K(29376K)->29097K(29376K) NonClass: 25990K(26112K)->25990K(26112K) Class: 3106K(3264K)->3106K(3264K)
[4036.902s][info][gc             ] GC(1030) Pause Young (Allocation Failure) 7214M->4920M(7238M) 108.078ms
[4036.902s][info][gc,cpu         ] GC(1030) User=0.59s Sys=0.05s Real=0.10s
...[4039.569s][info][gc,start       ] GC(1031) Pause Young (Allocation Failure)
[4039.666s][info][gc,heap        ] GC(1031) PSYoungGen: 2541027K(2541056K)->150208K(2584576K) Eden: 2373120K(2373120K)->0K(2373120K) From: 167907K(167936K)->150208K(211456K)
[4039.666s][info][gc,heap        ] GC(1031) ParOldGen: 4870331K(4870656K)->4973723K(4974080K)
[4039.666s][info][gc,metaspace   ] GC(1031) Metaspace: 29097K(29376K)->29097K(29376K) NonClass: 25990K(26112K)->25990K(26112K) Class: 3106K(3264K)->3106K(3264K)
[4039.666s][info][gc             ] GC(1031) Pause Young (Allocation Failure) 7237M->5003M(7381M) 97.440ms
[4039.666s][info][gc,cpu         ] GC(1031) User=0.54s Sys=0.03s Real=0.10s
...[4042.321s][info][gc,start       ] GC(1032) Pause Young (Allocation Failure)
[4042.418s][info][gc,heap        ] GC(1032) PSYoungGen: 2523328K(2584576K)->148256K(2580992K) Eden: 2373120K(2373120K)->0K(2374656K) From: 150208K(211456K)->148256K(206336K)
[4042.418s][info][gc,heap        ] GC(1032) ParOldGen: 4973723K(4974080K)->5078451K(5078528K)
[4042.418s][info][gc,metaspace   ] GC(1032) Metaspace: 29097K(29376K)->29097K(29376K) NonClass: 25990K(26112K)->25990K(26112K) Class: 3106K(3264K)->3106K(3264K)
[4042.418s][info][gc             ] GC(1032) Pause Young (Allocation Failure) 7321M->5104M(7480M) 97.390ms
[4042.418s][info][gc,cpu         ] GC(1032) User=0.54s Sys=0.04s Real=0.10s
...[4045.022s][info][gc,start       ] GC(1033) Pause Young (Allocation Failure)
[4045.120s][info][gc,heap        ] GC(1033) PSYoungGen: 2522912K(2580992K)->150693K(2583552K) Eden: 2374656K(2374656K)->0K(2374656K) From: 148256K(206336K)->150693K(208896K)
[4045.120s][info][gc,heap        ] GC(1033) ParOldGen: 5078451K(5078528K)->5182355K(5182464K)
[4045.120s][info][gc,metaspace   ] GC(1033) Metaspace: 29097K(29376K)->29097K(29376K) NonClass: 25990K(26112K)->25990K(26112K) Class: 3106K(3264K)->3106K(3264K)
[4045.120s][info][gc             ] GC(1033) Pause Young (Allocation Failure) 7423M->5208M(7584M) 98.009ms
[4045.120s][info][gc,cpu         ] GC(1033) User=0.54s Sys=0.03s Real=0.09s
..[4047.754s][info][gc,start       ] GC(1034) Pause Young (Allocation Failure)
[4047.851s][info][gc,heap        ] GC(1034) PSYoungGen: 2525349K(2583552K)->150560K(2583040K) Eden: 2374656K(2374656K)->0K(2380800K) From: 150693K(208896K)->150560K(202240K)
[4047.851s][info][gc,heap        ] GC(1034) ParOldGen: 5182355K(5182464K)->5284883K(5285376K)
[4047.851s][info][gc,metaspace   ] GC(1034) Metaspace: 29097K(29376K)->29097K(29376K) NonClass: 25990K(26112K)->25990K(26112K) Class: 3106K(3264K)->3106K(3264K)
[4047.851s][info][gc             ] GC(1034) Pause Young (Allocation Failure) 7527M->5308M(7684M) 97.406ms
[4047.851s][info][gc,cpu         ] GC(1034) User=0.54s Sys=0.04s Real=0.09s
...[4050.470s][info][gc,start       ] GC(1035) Pause Young (Allocation Failure)
[4050.570s][info][gc,heap        ] GC(1035) PSYoungGen: 2531360K(2583040K)->153956K(2585088K) Eden: 2380800K(2380800K)->0K(2380800K) From: 150560K(202240K)->153956K(204288K)
[4050.570s][info][gc,heap        ] GC(1035) ParOldGen: 5284883K(5285376K)->5389003K(5389312K)
[4050.570s][info][gc,metaspace   ] GC(1035) Metaspace: 29097K(29376K)->29097K(29376K) NonClass: 25990K(26112K)->25990K(26112K) Class: 3106K(3264K)->3106K(3264K)
[4050.570s][info][gc             ] GC(1035) Pause Young (Allocation Failure) 7633M->5413M(7787M) 99.426ms
[4050.570s][info][gc,cpu         ] GC(1035) User=0.56s Sys=0.03s Real=0.10s
...[4053.123s][info][gc,start       ] GC(1036) Pause Young (Allocation Failure)
[4053.218s][info][gc,heap        ] GC(1036) PSYoungGen: 2534756K(2585088K)->140352K(2591232K) Eden: 2380800K(2380800K)->0K(2390016K) From: 153956K(204288K)->140352K(201216K)
[4053.218s][info][gc,heap        ] GC(1036) ParOldGen: 5389003K(5389312K)->5491907K(5492224K)
[4053.218s][info][gc,metaspace   ] GC(1036) Metaspace: 29097K(29376K)->29097K(29376K) NonClass: 25990K(26112K)->25990K(26112K) Class: 3106K(3264K)->3106K(3264K)
[4053.218s][info][gc             ] GC(1036) Pause Young (Allocation Failure) 7738M->5500M(7894M) 94.409ms
[4053.218s][info][gc,cpu         ] GC(1036) User=0.52s Sys=0.04s Real=0.09s
..[4055.954s][info][gc,start       ] GC(1037) Pause Full (Allocation Failure)
[4055.954s][info][gc,phases,start] GC(1037) Marking Phase
[4056.263s][info][gc,phases      ] GC(1037) Marking Phase 308.754ms
[4056.263s][info][gc,phases,start] GC(1037) Summary Phase
[4056.263s][info][gc,phases      ] GC(1037) Summary Phase 0.099ms
[4056.263s][info][gc,phases,start] GC(1037) Forward
[4056.393s][info][gc,phases      ] GC(1037) Forward 129.793ms
[4056.393s][info][gc,phases,start] GC(1037) Adjust Pointers
[4056.604s][info][gc,phases      ] GC(1037) Adjust Pointers 210.946ms
[4056.604s][info][gc,phases,start] GC(1037) Compaction Phase
[4056.751s][info][gc,phases      ] GC(1037) Compaction Phase 147.021ms
[4056.752s][info][gc,phases,start] GC(1037) Post Compact
[4056.759s][info][gc,phases      ] GC(1037) Post Compact 6.864ms
[4056.880s][info][gc,heap        ] GC(1037) PSYoungGen: 2530368K(2591232K)->0K(2590720K) Eden: 2390016K(2390016K)->0K(2390016K) From: 140352K(201216K)->0K(200704K)
[4056.880s][info][gc,heap        ] GC(1037) ParOldGen: 5491907K(5492224K)->1612863K(1896960K)
[4056.880s][info][gc,metaspace   ] GC(1037) Metaspace: 29097K(29376K)->29097K(29376K) NonClass: 25990K(26112K)->25990K(26112K) Class: 3106K(3264K)->3106K(3264K)
[4056.880s][info][gc             ] GC(1037) Pause Full (Allocation Failure) 7834M->1575M(4382M) 925.705ms
[4056.880s][info][gc,cpu         ] GC(1037) User=4.32s Sys=0.12s Real=0.92s
..[4058.669s][info][gc,start       ] GC(1038) Pause Young (Allocation Failure)
[4058.735s][info][gc,heap        ] GC(1038) PSYoungGen: 2390016K(2590720K)->154741K(2589696K) Eden: 2390016K(2390016K)->0K(2394624K) From: 0K(200704K)->154741K(195072K)
[4058.735s][info][gc,heap        ] GC(1038) ParOldGen: 1612863K(1896960K)->1612863K(1896960K)
[4058.735s][info][gc,metaspace   ] GC(1038) Metaspace: 29097K(29376K)->29097K(29376K) NonClass: 25990K(26112K)->25990K(26112K) Class: 3106K(3264K)->3106K(3264K)
[4058.735s][info][gc             ] GC(1038) Pause Young (Allocation Failure) 3909M->1726M(4381M) 65.582ms
[4058.735s][info][gc,cpu         ] GC(1038) User=0.38s Sys=0.00s Real=0.07s
...[4061.398s][info][gc,start       ] GC(1039) Pause Young (Allocation Failure)
[4061.491s][info][gc,heap        ] GC(1039) PSYoungGen: 2549365K(2589696K)->154357K(2592256K) Eden: 2394624K(2394624K)->0K(2394624K) From: 154741K(195072K)->154357K(197632K)
[4061.491s][info][gc,heap        ] GC(1039) ParOldGen: 1612863K(1896960K)->1716631K(1896960K)
[4061.491s][info][gc,metaspace   ] GC(1039) Metaspace: 29097K(29376K)->29097K(29376K) NonClass: 25990K(26112K)->25990K(26112K) Class: 3106K(3264K)->3106K(3264K)
[4061.491s][info][gc             ] GC(1039) Pause Young (Allocation Failure) 4064M->1827M(4384M) 93.072ms
[4061.491s][info][gc,cpu         ] GC(1039) User=0.55s Sys=0.00s Real=0.09s
...[4064.142s][info][gc,start       ] GC(1040) Pause Young (Allocation Failure)
[4064.233s][info][gc,heap        ] GC(1040) PSYoungGen: 2548981K(2592256K)->152868K(2594304K) Eden: 2394624K(2394624K)->0K(2404352K) From: 154357K(197632K)->152868K(189952K)
[4064.233s][info][gc,heap        ] GC(1040) ParOldGen: 1716631K(1896960K)->1818223K(1896960K)
[4064.233s][info][gc,metaspace   ] GC(1040) Metaspace: 29097K(29376K)->29097K(29376K) NonClass: 25990K(26112K)->25990K(26112K) Class: 3106K(3264K)->3106K(3264K)
[4064.233s][info][gc             ] GC(1040) Pause Young (Allocation Failure) 4165M->1924M(4386M) 91.054ms
[4064.233s][info][gc,cpu         ] GC(1040) User=0.54s Sys=0.00s Real=0.10s
..[4066.860s][info][gc,start       ] GC(1041) Pause Young (Allocation Failure)
[4066.955s][info][gc,heap        ] GC(1041) PSYoungGen: 2557220K(2594304K)->157696K(2595840K) Eden: 2404352K(2404352K)->0K(2404352K) From: 152868K(189952K)->157696K(191488K)
[4066.955s][info][gc,heap        ] GC(1041) ParOldGen: 1818223K(1896960K)->1920639K(1921024K)
[4066.955s][info][gc,metaspace   ] GC(1041) Metaspace: 29097K(29376K)->29097K(29376K) NonClass: 25990K(26112K)->25990K(26112K) Class: 3106K(3264K)->3106K(3264K)
[4066.955s][info][gc             ] GC(1041) Pause Young (Allocation Failure) 4272M->2029M(4411M) 95.085ms
[4066.955s][info][gc,cpu         ] GC(1041) User=0.56s Sys=0.01s Real=0.10s
...[4069.667s][info][gc,start       ] GC(1042) Pause Young (Allocation Failure)
[4069.763s][info][gc,heap        ] GC(1042) PSYoungGen: 2562048K(2595840K)->151296K(2601984K) Eden: 2404352K(2404352K)->0K(2416128K) From: 157696K(191488K)->151296K(185856K)
[4069.763s][info][gc,heap        ] GC(1042) ParOldGen: 1920639K(1921024K)->2024223K(2024448K)
[4069.763s][info][gc,metaspace   ] GC(1042) Metaspace: 29097K(29376K)->29097K(29376K) NonClass: 25990K(26112K)->25990K(26112K) Class: 3106K(3264K)->3106K(3264K)
[4069.763s][info][gc             ] GC(1042) Pause Young (Allocation Failure) 4377M->2124M(4518M) 95.511ms
[4069.763s][info][gc,cpu         ] GC(1042) User=0.54s Sys=0.03s Real=0.10s
...[4072.401s][info][gc,start       ] GC(1043) Pause Young (Allocation Failure)
[4072.501s][info][gc,heap        ] GC(1043) PSYoungGen: 2567424K(2601984K)->160212K(2602496K) Eden: 2416128K(2416128K)->0K(2416128K) From: 151296K(185856K)->160212K(186368K)
[4072.501s][info][gc,heap        ] GC(1043) ParOldGen: 2024223K(2024448K)->2128167K(2128384K)
[4072.501s][info][gc,metaspace   ] GC(1043) Metaspace: 29097K(29376K)->29097K(29376K) NonClass: 25990K(26112K)->25990K(26112K) Class: 3106K(3264K)->3106K(3264K)
[4072.501s][info][gc             ] GC(1043) Pause Young (Allocation Failure) 4484M->2234M(4620M) 99.554ms
[4072.501s][info][gc,cpu         ] GC(1043) User=0.56s Sys=0.03s Real=0.10s
...[4075.170s][info][gc,start       ] GC(1044) Pause Young (Allocation Failure)
[4075.265s][info][gc,heap        ] GC(1044) PSYoungGen: 2576340K(2602496K)->150432K(2608128K) Eden: 2416128K(2416128K)->0K(2425344K) From: 160212K(186368K)->150432K(182784K)
[4075.265s][info][gc,heap        ] GC(1044) ParOldGen: 2128167K(2128384K)->2232143K(2232320K)
[4075.265s][info][gc,metaspace   ] GC(1044) Metaspace: 29097K(29376K)->29097K(29376K) NonClass: 25990K(26112K)->25990K(26112K) Class: 3106K(3264K)->3106K(3264K)
[4075.265s][info][gc             ] GC(1044) Pause Young (Allocation Failure) 4594M->2326M(4727M) 94.966ms
[4075.265s][info][gc,cpu         ] GC(1044) User=0.54s Sys=0.03s Real=0.10s
...[4077.979s][info][gc,start       ] GC(1045) Pause Young (Allocation Failure)
[4078.074s][info][gc,heap        ] GC(1045) PSYoungGen: 2575776K(2608128K)->151072K(2608128K) Eden: 2425344K(2425344K)->0K(2425344K) From: 150432K(182784K)->151072K(182784K)
[4078.074s][info][gc,heap        ] GC(1045) ParOldGen: 2232143K(2232320K)->2335479K(2335744K)
[4078.074s][info][gc,metaspace   ] GC(1045) Metaspace: 29097K(29376K)->29097K(29376K) NonClass: 25990K(26112K)->25990K(26112K) Class: 3106K(3264K)->3106K(3264K)
[4078.074s][info][gc             ] GC(1045) Pause Young (Allocation Failure) 4695M->2428M(4828M) 94.769ms
[4078.074s][info][gc,cpu         ] GC(1045) User=0.53s Sys=0.03s Real=0.10s
..[4080.813s][info][gc,start       ] GC(1046) Pause Young (Allocation Failure)
[4080.911s][info][gc,heap        ] GC(1046) PSYoungGen: 2576416K(2608128K)->160800K(2612224K) Eden: 2425344K(2425344K)->0K(2430976K) From: 151072K(182784K)->160800K(181248K)
[4080.911s][info][gc,heap        ] GC(1046) ParOldGen: 2335479K(2335744K)->2437959K(2438144K)
[4080.911s][info][gc,metaspace   ] GC(1046) Metaspace: 29097K(29376K)->29097K(29376K) NonClass: 25990K(26112K)->25990K(26112K) Class: 3106K(3264K)->3106K(3264K)
[4080.911s][info][gc             ] GC(1046) Pause Young (Allocation Failure) 4796M->2537M(4932M) 98.497ms
[4080.911s][info][gc,cpu         ] GC(1046) User=0.55s Sys=0.03s Real=0.09s
...[4083.529s][info][gc,start       ] GC(1047) Pause Young (Allocation Failure)
[4083.627s][info][gc,heap        ] GC(1047) PSYoungGen: 2591776K(2612224K)->151252K(2611712K) Eden: 2430976K(2430976K)->0K(2430976K) From: 160800K(181248K)->151252K(180736K)
[4083.627s][info][gc,heap        ] GC(1047) ParOldGen: 2437959K(2438144K)->2545319K(2545664K)
[4083.627s][info][gc,metaspace   ] GC(1047) Metaspace: 29097K(29376K)->29097K(29376K) NonClass: 25990K(26112K)->25990K(26112K) Class: 3106K(3264K)->3106K(3264K)
[4083.627s][info][gc             ] GC(1047) Pause Young (Allocation Failure) 4911M->2633M(5036M) 97.648ms
[4083.627s][info][gc,cpu         ] GC(1047) User=0.54s Sys=0.03s Real=0.10s
...[4086.362s][info][gc,start       ] GC(1048) Pause Young (Allocation Failure)
[4086.459s][info][gc,heap        ] GC(1048) PSYoungGen: 2582228K(2611712K)->157600K(2613248K) Eden: 2430976K(2430976K)->0K(2436096K) From: 151252K(180736K)->157600K(177152K)
[4086.460s][info][gc,heap        ] GC(1048) ParOldGen: 2545319K(2545664K)->2645767K(2646016K)
[4086.460s][info][gc,metaspace   ] GC(1048) Metaspace: 29097K(29376K)->29097K(29376K) NonClass: 25990K(26112K)->25990K(26112K) Class: 3106K(3264K)->3106K(3264K)
[4086.460s][info][gc             ] GC(1048) Pause Young (Allocation Failure) 5007M->2737M(5136M) 97.343ms
[4086.460s][info][gc,cpu         ] GC(1048) User=0.55s Sys=0.03s Real=0.09s
... (rIR:aIR:PR = 6088:6090:6090) (tPR = 90432) [OK] 
  4088s: Performance info:
         Transaction,    Success,    Partial,     Failed,   Receipts, AvgBarcode, 
             Overall,     365475,          0,          0,     347174,      59.48, 
         Response times:
             Request,    Success,    Partial,     Failed,   SkipFail,     Probes,    Samples,      min,      p50,      p90,      p95,      p99,      max, 
       TotalPurchase,     347174,          0,          0,          0,     337292,     376956,      300,     4800,     9500,    18700,    54000,   950000,
     InStorePurchase,     182686,          0,          0,          0,     177618,     198137,      300,     4700,     9500,    15500,    54000,   950000,
      OnlinePurchase,     127938,          0,          0,          0,     124369,     138981,      300,     5000,     9700,    25000,    55000,   940000,
        InstPurchase,      36550,          0,          0,          0,      35305,      39838,      400,     4200,     9300,    18700,    51000,   950000,
          AssocOfCat,        367,          0,          0,          0,        289,        404,    19500,    31000,    41000,    61250,   136600,  1100000,
      AssocOfProduct,       3664,          0,          0,          0,       3340,       3956,      500,     6000,    10530,    29000,    83000,   940000,
      BusinessReport,        909,          0,          0,          0,        800,       1005,    28000,    38000,    59000,    72000,   155880,   196000,
          CustBuyBeh,       3661,          0,          0,          0,       3335,       3892,      200,     5800,    10070,    19000,    58000,   117000,
       ProductReturn,       9700,          0,          0,          0,       9190,      10592,      200,     2600,     8000,    16135,    39000,   950000,

  4088s: (45%)   IR =   6227 [4089.194s][info][gc,start       ] GC(1049) Pause Young (Allocation Failure)
[4089.289s][info][gc,heap        ] GC(1049) PSYoungGen: 2593696K(2613248K)->147136K(2613248K) Eden: 2436096K(2436096K)->0K(2436096K) From: 157600K(177152K)->147136K(177152K)
[4089.289s][info][gc,heap        ] GC(1049) ParOldGen: 2645767K(2646016K)->2752335K(2752512K)
[4089.289s][info][gc,metaspace   ] GC(1049) Metaspace: 29097K(29376K)->29097K(29376K) NonClass: 25990K(26112K)->25990K(26112K) Class: 3106K(3264K)->3106K(3264K)
[4089.289s][info][gc             ] GC(1049) Pause Young (Allocation Failure) 5116M->2831M(5240M) 94.711ms
[4089.289s][info][gc,cpu         ] GC(1049) User=0.52s Sys=0.04s Real=0.09s
..[4091.904s][info][gc,start       ] GC(1050) Pause Young (Allocation Failure)
[4092.003s][info][gc,heap        ] GC(1050) PSYoungGen: 2583232K(2613248K)->161300K(2617856K) Eden: 2436096K(2436096K)->0K(2441216K) From: 147136K(177152K)->161300K(176640K)
[4092.003s][info][gc,heap        ] GC(1050) ParOldGen: 2752335K(2752512K)->2855879K(2855936K)
[4092.003s][info][gc,metaspace   ] GC(1050) Metaspace: 29097K(29376K)->29097K(29376K) NonClass: 25990K(26112K)->25990K(26112K) Class: 3106K(3264K)->3106K(3264K)
[4092.003s][info][gc             ] GC(1050) Pause Young (Allocation Failure) 5210M->2946M(5345M) 99.619ms
[4092.003s][info][gc,cpu         ] GC(1050) User=0.56s Sys=0.03s Real=0.10s
...[4094.639s][info][gc,start       ] GC(1051) Pause Young (Allocation Failure)
[4094.738s][info][gc,heap        ] GC(1051) PSYoungGen: 2602516K(2617856K)->157732K(2599424K) Eden: 2441216K(2441216K)->0K(2441216K) From: 161300K(176640K)->157732K(158208K)
[4094.738s][info][gc,heap        ] GC(1051) ParOldGen: 2855879K(2855936K)->2960151K(2960384K)
[4094.738s][info][gc,metaspace   ] GC(1051) Metaspace: 29097K(29376K)->29097K(29376K) NonClass: 25990K(26112K)->25990K(26112K) Class: 3106K(3264K)->3106K(3264K)
[4094.738s][info][gc             ] GC(1051) Pause Young (Allocation Failure) 5330M->3044M(5429M) 99.033ms
[4094.738s][info][gc,cpu         ] GC(1051) User=0.55s Sys=0.03s Real=0.10s
.|..[4097.393s][info][gc,start       ] GC(1052) Pause Young (Allocation Failure)
[4097.494s][info][gc,heap        ] GC(1052) PSYoungGen: 2598948K(2599424K)->161317K(2617856K) Eden: 2441216K(2441216K)->0K(2442240K) From: 157732K(158208K)->161317K(175616K)
[4097.494s][info][gc,heap        ] GC(1052) ParOldGen: 2960151K(2960384K)->3063311K(3063808K)
[4097.494s][info][gc,metaspace   ] GC(1052) Metaspace: 29097K(29376K)->29097K(29376K) NonClass: 25990K(26112K)->25990K(26112K) Class: 3106K(3264K)->3106K(3264K)
[4097.494s][info][gc             ] GC(1052) Pause Young (Allocation Failure) 5428M->3149M(5548M) 101.375ms
[4097.494s][info][gc,cpu         ] GC(1052) User=0.57s Sys=0.03s Real=0.10s
...[4100.083s][info][gc,start       ] GC(1053) Pause Young (Allocation Failure)
[4100.177s][info][gc,heap        ] GC(1053) PSYoungGen: 2603557K(2617856K)->144576K(2617856K) Eden: 2442240K(2442240K)->0K(2442240K) From: 161317K(175616K)->144576K(175616K)
[4100.177s][info][gc,heap        ] GC(1053) ParOldGen: 3063311K(3063808K)->3168943K(3169280K)
[4100.177s][info][gc,metaspace   ] GC(1053) Metaspace: 29097K(29376K)->29097K(29376K) NonClass: 25990K(26112K)->25990K(26112K) Class: 3106K(3264K)->3106K(3264K)
[4100.177s][info][gc             ] GC(1053) Pause Young (Allocation Failure) 5534M->3235M(5651M) 94.051ms
[4100.177s][info][gc,cpu         ] GC(1053) User=0.52s Sys=0.03s Real=0.09s
..[4102.897s][info][gc,start       ] GC(1054) Pause Young (Allocation Failure)
[4102.999s][info][gc,heap        ] GC(1054) PSYoungGen: 2586816K(2617856K)->164372K(2617344K) Eden: 2442240K(2442240K)->0K(2441728K) From: 144576K(175616K)->164372K(175616K)
[4102.999s][info][gc,heap        ] GC(1054) ParOldGen: 3168943K(3169280K)->3270831K(3271168K)
[4102.999s][info][gc,metaspace   ] GC(1054) Metaspace: 29097K(29376K)->29097K(29376K) NonClass: 25990K(26112K)->25990K(26112K) Class: 3106K(3264K)->3106K(3264K)
[4102.999s][info][gc             ] GC(1054) Pause Young (Allocation Failure) 5620M->3354M(5750M) 101.612ms
[4102.999s][info][gc,cpu         ] GC(1054) User=0.57s Sys=0.03s Real=0.10s
...[4105.626s][info][gc,start       ] GC(1055) Pause Young (Allocation Failure)
[4105.729s][info][gc,heap        ] GC(1055) PSYoungGen: 2606100K(2617344K)->160985K(2618880K) Eden: 2441728K(2441728K)->0K(2441728K) From: 164372K(175616K)->160985K(177152K)
[4105.729s][info][gc,heap        ] GC(1055) ParOldGen: 3270831K(3271168K)->3377815K(3378176K)
[4105.729s][info][gc,metaspace   ] GC(1055) Metaspace: 29097K(29376K)->29097K(29376K) NonClass: 25990K(26112K)->25990K(26112K) Class: 3106K(3264K)->3106K(3264K)
[4105.729s][info][gc             ] GC(1055) Pause Young (Allocation Failure) 5739M->3455M(5856M) 103.353ms
[4105.729s][info][gc,cpu         ] GC(1055) User=0.58s Sys=0.02s Real=0.10s
...[4108.397s][info][gc,start       ] GC(1056) Pause Young (Allocation Failure)
[4108.501s][info][gc,heap        ] GC(1056) PSYoungGen: 2602713K(2618880K)->168912K(2614272K) Eden: 2441728K(2441728K)->0K(2437632K) From: 160985K(177152K)->168912K(176640K)
[4108.501s][info][gc,heap        ] GC(1056) ParOldGen: 3377815K(3378176K)->3481527K(3481600K)
[4108.501s][info][gc,metaspace   ] GC(1056) Metaspace: 29097K(29376K)->29097K(29376K) NonClass: 25990K(26112K)->25990K(26112K) Class: 3106K(3264K)->3106K(3264K)
[4108.501s][info][gc             ] GC(1056) Pause Young (Allocation Failure) 5840M->3564M(5953M) 104.016ms
[4108.501s][info][gc,cpu         ] GC(1056) User=0.58s Sys=0.04s Real=0.10s
...[4111.075s][info][gc,start       ] GC(1057) Pause Young (Allocation Failure)
[4111.175s][info][gc,heap        ] GC(1057) PSYoungGen: 2606544K(2614272K)->155433K(2616832K) Eden: 2437632K(2437632K)->0K(2437632K) From: 168912K(176640K)->155433K(179200K)
[4111.175s][info][gc,heap        ] GC(1057) ParOldGen: 3481527K(3481600K)->3587399K(3587584K)
[4111.175s][info][gc,metaspace   ] GC(1057) Metaspace: 29097K(29376K)->29097K(29376K) NonClass: 25990K(26112K)->25990K(26112K) Class: 3106K(3264K)->3106K(3264K)
[4111.175s][info][gc             ] GC(1057) Pause Young (Allocation Failure) 5945M->3655M(6059M) 100.204ms
[4111.175s][info][gc,cpu         ] GC(1057) User=0.55s Sys=0.03s Real=0.10s
..[4113.826s][info][gc,start       ] GC(1058) Pause Young (Allocation Failure)
[4113.923s][info][gc,heap        ] GC(1058) PSYoungGen: 2593065K(2616832K)->154816K(2612736K) Eden: 2437632K(2437632K)->0K(2439168K) From: 155433K(179200K)->154816K(173568K)
[4113.923s][info][gc,heap        ] GC(1058) ParOldGen: 3587399K(3587584K)->3689159K(3689472K)
[4113.923s][info][gc,metaspace   ] GC(1058) Metaspace: 29097K(29376K)->29097K(29376K) NonClass: 25990K(26112K)->25990K(26112K) Class: 3106K(3264K)->3106K(3264K)
[4113.923s][info][gc             ] GC(1058) Pause Young (Allocation Failure) 6035M->3753M(6154M) 97.454ms
[4113.923s][info][gc,cpu         ] GC(1058) User=0.54s Sys=0.02s Real=0.10s
...[4116.546s][info][gc,start       ] GC(1059) Pause Young (Allocation Failure)
[4116.642s][info][gc,heap        ] GC(1059) PSYoungGen: 2593984K(2612736K)->150976K(2615296K) Eden: 2439168K(2439168K)->0K(2439168K) From: 154816K(173568K)->150976K(176128K)
[4116.642s][info][gc,heap        ] GC(1059) ParOldGen: 3689159K(3689472K)->3793095K(3793408K)
[4116.642s][info][gc,metaspace   ] GC(1059) Metaspace: 29097K(29376K)->29097K(29376K) NonClass: 25990K(26112K)->25990K(26112K) Class: 3106K(3264K)->3106K(3264K)
[4116.642s][info][gc             ] GC(1059) Pause Young (Allocation Failure) 6135M->3851M(6258M) 95.928ms
[4116.642s][info][gc,cpu         ] GC(1059) User=0.53s Sys=0.04s Real=0.09s
...[4119.285s][info][gc,start       ] GC(1060) Pause Young (Allocation Failure)
[4119.382s][info][gc,heap        ] GC(1060) PSYoungGen: 2590144K(2615296K)->149344K(2617344K) Eden: 2439168K(2439168K)->0K(2444288K) From: 150976K(176128K)->149344K(173056K)
[4119.382s][info][gc,heap        ] GC(1060) ParOldGen: 3793095K(3793408K)->3897095K(3897344K)
[4119.382s][info][gc,metaspace   ] GC(1060) Metaspace: 29097K(29376K)->29097K(29376K) NonClass: 25990K(26112K)->25990K(26112K) Class: 3106K(3264K)->3106K(3264K)
[4119.382s][info][gc             ] GC(1060) Pause Young (Allocation Failure) 6233M->3951M(6362M) 97.310ms
[4119.382s][info][gc,cpu         ] GC(1060) User=0.54s Sys=0.03s Real=0.10s
.[4120.906s][info][gc,start       ] GC(1061) Pause Full (Diagnostic Command)
[4120.906s][info][gc,phases,start] GC(1061) Marking Phase
[4121.208s][info][gc,phases      ] GC(1061) Marking Phase 302.183ms
[4121.208s][info][gc,phases,start] GC(1061) Summary Phase
[4121.208s][info][gc,phases      ] GC(1061) Summary Phase 0.076ms
[4121.209s][info][gc,phases,start] GC(1061) Forward
[4121.378s][info][gc,phases      ] GC(1061) Forward 168.860ms
[4121.378s][info][gc,phases,start] GC(1061) Adjust Pointers
[4121.601s][info][gc,phases      ] GC(1061) Adjust Pointers 223.375ms
[4121.601s][info][gc,phases,start] GC(1061) Compaction Phase
[4121.784s][info][gc,phases      ] GC(1061) Compaction Phase 183.124ms
[4121.786s][info][gc,phases,start] GC(1061) Post Compact
[4121.791s][info][gc,phases      ] GC(1061) Post Compact 4.726ms
[4121.791s][info][gc,heap        ] GC(1061) PSYoungGen: 1568245K(2617344K)->0K(2617344K) Eden: 1418901K(2444288K)->0K(2444288K) From: 149344K(173056K)->0K(173056K)
[4121.791s][info][gc,heap        ] GC(1061) ParOldGen: 3897095K(3897344K)->1343376K(3897344K)
[4121.791s][info][gc,metaspace   ] GC(1061) Metaspace: 29097K(29376K)->29097K(29376K) NonClass: 25990K(26112K)->25990K(26112K) Class: 3106K(3264K)->3106K(3264K)
[4121.791s][info][gc             ] GC(1061) Pause Full (Diagnostic Command) 5337M->1311M(6362M) 885.320ms
[4121.791s][info][gc,cpu         ] GC(1061) User=4.72s Sys=0.01s Real=0.88s
..[4123.634s][info][gc,start       ] GC(1062) Pause Young (Allocation Failure)
[4123.697s][info][gc,heap        ] GC(1062) PSYoungGen: 2444288K(2617344K)->152160K(2618880K) Eden: 2444288K(2444288K)->0K(2444288K) From: 0K(173056K)->152160K(174592K)
[4123.697s][info][gc,heap        ] GC(1062) ParOldGen: 1343376K(3897344K)->1343376K(3897344K)
[4123.697s][info][gc,metaspace   ] GC(1062) Metaspace: 29097K(29376K)->29097K(29376K) NonClass: 25990K(26112K)->25990K(26112K) Class: 3106K(3264K)->3106K(3264K)
[4123.697s][info][gc             ] GC(1062) Pause Young (Allocation Failure) 3698M->1460M(6363M) 62.399ms
[4123.697s][info][gc,cpu         ] GC(1062) User=0.36s Sys=0.01s Real=0.06s
...[4126.379s][info][gc,start       ] GC(1063) Pause Young (Allocation Failure)
[4126.468s][info][gc,heap        ] GC(1063) PSYoungGen: 2596448K(2618880K)->149472K(2619904K) Eden: 2444288K(2444288K)->0K(2447872K) From: 152160K(174592K)->149472K(172032K)
[4126.468s][info][gc,heap        ] GC(1063) ParOldGen: 1343376K(3897344K)->1447344K(3897344K)
[4126.468s][info][gc,metaspace   ] GC(1063) Metaspace: 29097K(29376K)->29097K(29376K) NonClass: 25990K(26112K)->25990K(26112K) Class: 3106K(3264K)->3106K(3264K)
[4126.468s][info][gc             ] GC(1063) Pause Young (Allocation Failure) 3847M->1559M(6364M) 89.169ms
[4126.468s][info][gc,cpu         ] GC(1063) User=0.53s Sys=0.00s Real=0.09s
...[4129.103s][info][gc,start       ] GC(1064) Pause Young (Allocation Failure)
[4129.192s][info][gc,heap        ] GC(1064) PSYoungGen: 2597344K(2619904K)->147616K(2620928K) Eden: 2447872K(2447872K)->0K(2447872K) From: 149472K(172032K)->147616K(173056K)
[4129.192s][info][gc,heap        ] GC(1064) ParOldGen: 1447344K(3897344K)->1550616K(3897344K)
[4129.192s][info][gc,metaspace   ] GC(1064) Metaspace: 29097K(29376K)->29097K(29376K) NonClass: 25990K(26112K)->25990K(26112K) Class: 3106K(3264K)->3106K(3264K)
[4129.192s][info][gc             ] GC(1064) Pause Young (Allocation Failure) 3949M->1658M(6365M) 89.412ms
[4129.192s][info][gc,cpu         ] GC(1064) User=0.52s Sys=0.00s Real=0.09s
...[4131.843s][info][gc,start       ] GC(1065) Pause Young (Allocation Failure)
[4131.938s][info][gc,heap        ] GC(1065) PSYoungGen: 2595488K(2620928K)->159476K(2622464K) Eden: 2447872K(2447872K)->0K(2450432K) From: 147616K(173056K)->159476K(172032K)
[4131.938s][info][gc,heap        ] GC(1065) ParOldGen: 1550616K(3897344K)->1654824K(3897344K)
[4131.938s][info][gc,metaspace   ] GC(1065) Metaspace: 29097K(29376K)->29097K(29376K) NonClass: 25990K(26112K)->25990K(26112K) Class: 3106K(3264K)->3106K(3264K)
[4131.938s][info][gc             ] GC(1065) Pause Young (Allocation Failure) 4048M->1771M(6367M) 94.402ms
[4131.938s][info][gc,cpu         ] GC(1065) User=0.56s Sys=0.00s Real=0.09s
..[4134.599s][info][gc,start       ] GC(1066) Pause Young (Allocation Failure)
[4134.695s][info][gc,heap        ] GC(1066) PSYoungGen: 2609908K(2622464K)->160708K(2622976K) Eden: 2450432K(2450432K)->0K(2450432K) From: 159476K(172032K)->160708K(172544K)
[4134.695s][info][gc,heap        ] GC(1066) ParOldGen: 1654824K(3897344K)->1758608K(3897344K)
[4134.695s][info][gc,metaspace   ] GC(1066) Metaspace: 29097K(29376K)->29097K(29376K) NonClass: 25990K(26112K)->25990K(26112K) Class: 3106K(3264K)->3106K(3264K)
[4134.695s][info][gc             ] GC(1066) Pause Young (Allocation Failure) 4164M->1874M(6367M) 95.406ms
[4134.695s][info][gc,cpu         ] GC(1066) User=0.56s Sys=0.00s Real=0.10s
...[4137.364s][info][gc,start       ] GC(1067) Pause Young (Allocation Failure)
[4137.456s][info][gc,heap        ] GC(1067) PSYoungGen: 2611140K(2622976K)->152928K(2620928K) Eden: 2450432K(2450432K)->0K(2450432K) From: 160708K(172544K)->152928K(170496K)
[4137.456s][info][gc,heap        ] GC(1067) ParOldGen: 1758608K(3897344K)->1863568K(3897344K)
[4137.456s][info][gc,metaspace   ] GC(1067) Metaspace: 29097K(29376K)->29097K(29376K) NonClass: 25990K(26112K)->25990K(26112K) Class: 3106K(3264K)->3106K(3264K)
[4137.456s][info][gc             ] GC(1067) Pause Young (Allocation Failure) 4267M->1969M(6365M) 91.698ms
[4137.456s][info][gc,cpu         ] GC(1067) User=0.54s Sys=0.00s Real=0.09s
...[4140.082s][info][gc,start       ] GC(1068) Pause Young (Allocation Failure)
[4140.173s][info][gc,heap        ] GC(1068) PSYoungGen: 2603360K(2620928K)->147040K(2621952K) Eden: 2450432K(2450432K)->0K(2450432K) From: 152928K(170496K)->147040K(171520K)
[4140.173s][info][gc,heap        ] GC(1068) ParOldGen: 1863568K(3897344K)->1968816K(3897344K)
[4140.173s][info][gc,metaspace   ] GC(1068) Metaspace: 29097K(29376K)->29097K(29376K) NonClass: 25990K(26112K)->25990K(26112K) Class: 3106K(3264K)->3106K(3264K)
[4140.173s][info][gc             ] GC(1068) Pause Young (Allocation Failure) 4362M->2066M(6366M) 90.517ms
[4140.173s][info][gc,cpu         ] GC(1068) User=0.53s Sys=0.00s Real=0.09s
...[4142.854s][info][gc,start       ] GC(1069) Pause Young (Allocation Failure)
[4142.949s][info][gc,heap        ] GC(1069) PSYoungGen: 2597472K(2621952K)->155040K(2621440K) Eden: 2450432K(2450432K)->0K(2452992K) From: 147040K(171520K)->155040K(168448K)
[4142.949s][info][gc,heap        ] GC(1069) ParOldGen: 1968816K(3897344K)->2074240K(3897344K)
[4142.949s][info][gc,metaspace   ] GC(1069) Metaspace: 29097K(29376K)->29097K(29376K) NonClass: 25990K(26112K)->25990K(26112K) Class: 3106K(3264K)->3106K(3264K)
[4142.949s][info][gc             ] GC(1069) Pause Young (Allocation Failure) 4459M->2177M(6366M) 95.027ms
[4142.949s][info][gc,cpu         ] GC(1069) User=0.56s Sys=0.00s Real=0.09s
..[4145.587s][info][gc,start       ] GC(1070) Pause Young (Allocation Failure)
[4145.680s][info][gc,heap        ] GC(1070) PSYoungGen: 2608032K(2621440K)->152064K(2622976K) Eden: 2452992K(2452992K)->0K(2452992K) From: 155040K(168448K)->152064K(169984K)
[4145.680s][info][gc,heap        ] GC(1070) ParOldGen: 2074240K(3897344K)->2179000K(3897344K)
[4145.680s][info][gc,metaspace   ] GC(1070) Metaspace: 29097K(29376K)->29097K(29376K) NonClass: 25990K(26112K)->25990K(26112K) Class: 3106K(3264K)->3106K(3264K)
[4145.680s][info][gc             ] GC(1070) Pause Young (Allocation Failure) 4572M->2276M(6367M) 92.393ms
[4145.680s][info][gc,cpu         ] GC(1070) User=0.54s Sys=0.00s Real=0.09s
...[4148.259s][info][gc,start       ] GC(1071) Pause Young (Allocation Failure)
[4148.349s][info][gc,heap        ] GC(1071) PSYoungGen: 2605056K(2622976K)->146720K(2624512K) Eden: 2452992K(2452992K)->0K(2457088K) From: 152064K(169984K)->146720K(167424K)
[4148.349s][info][gc,heap        ] GC(1071) ParOldGen: 2179000K(3897344K)->2283912K(3897344K)
[4148.349s][info][gc,metaspace   ] GC(1071) Metaspace: 29097K(29376K)->29097K(29376K) NonClass: 25990K(26112K)->25990K(26112K) Class: 3106K(3264K)->3106K(3264K)
[4148.349s][info][gc             ] GC(1071) Pause Young (Allocation Failure) 4671M->2373M(6369M) 90.063ms
[4148.349s][info][gc,cpu         ] GC(1071) User=0.53s Sys=0.00s Real=0.09s
...[4151.050s][info][gc,start       ] GC(1072) Pause Young (Allocation Failure)
[4151.146s][info][gc,heap        ] GC(1072) PSYoungGen: 2603808K(2624512K)->159106K(2625536K) Eden: 2457088K(2457088K)->0K(2457088K) From: 146720K(167424K)->159106K(168448K)
[4151.146s][info][gc,heap        ] GC(1072) ParOldGen: 2283912K(3897344K)->2386136K(3897344K)
[4151.146s][info][gc,metaspace   ] GC(1072) Metaspace: 29097K(29376K)->29097K(29376K) NonClass: 25990K(26112K)->25990K(26112K) Class: 3106K(3264K)->3106K(3264K)
[4151.146s][info][gc             ] GC(1072) Pause Young (Allocation Failure) 4773M->2485M(6370M) 95.694ms
[4151.146s][info][gc,cpu         ] GC(1072) User=0.56s Sys=0.00s Real=0.10s
...[4153.842s][info][gc,start       ] GC(1073) Pause Young (Allocation Failure)
[4153.939s][info][gc,heap        ] GC(1073) PSYoungGen: 2616194K(2625536K)->158674K(2626560K) Eden: 2457088K(2457088K)->0K(2457088K) From: 159106K(168448K)->158674K(169472K)
[4153.939s][info][gc,heap        ] GC(1073) ParOldGen: 2386136K(3897344K)->2491744K(3897344K)
[4153.939s][info][gc,metaspace   ] GC(1073) Metaspace: 29097K(29376K)->29097K(29376K) NonClass: 25990K(26112K)->25990K(26112K) Class: 3106K(3264K)->3106K(3264K)
[4153.939s][info][gc             ] GC(1073) Pause Young (Allocation Failure) 4885M->2588M(6371M) 96.195ms
[4153.939s][info][gc,cpu         ] GC(1073) User=0.57s Sys=0.00s Real=0.09s
.. (rIR:aIR:PR = 6227:6229:6229) (tPR = 92630) [OK] 
  4155s: Performance info:
         Transaction,    Success,    Partial,     Failed,   Receipts, AvgBarcode, 
             Overall,     378695,          0,          0,     359779,      59.48, 
         Response times:
             Request,    Success,    Partial,     Failed,   SkipFail,     Probes,    Samples,      min,      p50,      p90,      p95,      p99,      max, 
       TotalPurchase,     359781,          0,          0,          0,     349859,     388213,      300,     5000,    11200,    30000,   212000,   332000,
     InStorePurchase,     189321,          0,          0,          0,     184456,     204150,      300,     5000,    11300,    30000,   210000,   259000,
      OnlinePurchase,     132571,          0,          0,          0,     128809,     143169,      300,     5000,    11300,    30000,   212300,   257000,
        InstPurchase,      37889,          0,          0,          0,      36594,      40894,      400,     4900,    10900,    30000,   217200,   332000,
          AssocOfCat,        376,          0,          0,          0,        323,        434,    22000,    34500,    56000,    83750,   215050,   349000,
      AssocOfProduct,       3786,          0,          0,          0,       3461,       4063,     1100,     5100,    12700,    30000,   118000,   144000,
      BusinessReport,        945,          0,          0,          0,        797,        995,    26000,    39000,    60000,    75000,   161000,   182000,
          CustBuyBeh,       3787,          0,          0,          0,       3481,       4121,      200,     4900,    10600,    26000,    69560,   157000,
       ProductReturn,      10020,          0,          0,          0,       9540,      10818,      200,     4800,    11100,    27000,   180810,   289000,

  4155s: (46%)   IR =   6365 [4156.578s][info][gc,start       ] GC(1074) Pause Young (Allocation Failure)
[4156.670s][info][gc,heap        ] GC(1074) PSYoungGen: 2615762K(2626560K)->151616K(2609152K) Eden: 2457088K(2457088K)->0K(2457088K) From: 158674K(169472K)->151616K(152064K)
[4156.670s][info][gc,heap        ] GC(1074) ParOldGen: 2491744K(3897344K)->2596632K(3897344K)
[4156.670s][info][gc,metaspace   ] GC(1074) Metaspace: 29097K(29376K)->29097K(29376K) NonClass: 25990K(26112K)->25990K(26112K) Class: 3106K(3264K)->3106K(3264K)
[4156.670s][info][gc             ] GC(1074) Pause Young (Allocation Failure) 4987M->2683M(6354M) 92.034ms
[4156.670s][info][gc,cpu         ] GC(1074) User=0.54s Sys=0.00s Real=0.09s
...[4159.205s][info][gc,start       ] GC(1075) Pause Young (Allocation Failure)
[4159.296s][info][gc,heap        ] GC(1075) PSYoungGen: 2608704K(2609152K)->151072K(2626560K) Eden: 2457088K(2457088K)->0K(2458112K) From: 151616K(152064K)->151072K(168448K)
[4159.296s][info][gc,heap        ] GC(1075) ParOldGen: 2596632K(3897344K)->2700936K(3897344K)
[4159.296s][info][gc,metaspace   ] GC(1075) Metaspace: 29097K(29376K)->29097K(29376K) NonClass: 25990K(26112K)->25990K(26112K) Class: 3106K(3264K)->3106K(3264K)
[4159.296s][info][gc             ] GC(1075) Pause Young (Allocation Failure) 5083M->2785M(6371M) 91.686ms
[4159.296s][info][gc,cpu         ] GC(1075) User=0.53s Sys=0.00s Real=0.09s
..|.[4162.003s][info][gc,start       ] GC(1076) Pause Young (Allocation Failure)
[4162.099s][info][gc,heap        ] GC(1076) PSYoungGen: 2609184K(2626560K)->157525K(2625536K) Eden: 2458112K(2458112K)->0K(2458112K) From: 151072K(168448K)->157525K(167424K)
[4162.099s][info][gc,heap        ] GC(1076) ParOldGen: 2700936K(3897344K)->2803144K(3897344K)
[4162.099s][info][gc,metaspace   ] GC(1076) Metaspace: 29097K(29376K)->29097K(29376K) NonClass: 25990K(26112K)->25990K(26112K) Class: 3106K(3264K)->3106K(3264K)
[4162.099s][info][gc             ] GC(1076) Pause Young (Allocation Failure) 5185M->2891M(6370M) 95.996ms
[4162.099s][info][gc,cpu         ] GC(1076) User=0.57s Sys=0.01s Real=0.09s
..[4164.660s][info][gc,start       ] GC(1077) Pause Young (Allocation Failure)
[4164.764s][info][gc,heap        ] GC(1077) PSYoungGen: 2615637K(2625536K)->167402K(2539520K) Eden: 2458112K(2458112K)->0K(2372096K) From: 157525K(167424K)->167402K(167424K)
[4164.764s][info][gc,heap        ] GC(1077) ParOldGen: 2803144K(3897344K)->2912936K(3897344K)
[4164.764s][info][gc,metaspace   ] GC(1077) Metaspace: 29097K(29376K)->29097K(29376K) NonClass: 25990K(26112K)->25990K(26112K) Class: 3106K(3264K)->3106K(3264K)
[4164.764s][info][gc             ] GC(1077) Pause Young (Allocation Failure) 5291M->3008M(6286M) 103.634ms
[4164.764s][info][gc,cpu         ] GC(1077) User=0.61s Sys=0.00s Real=0.11s
...[4167.310s][info][gc,start       ] GC(1078) Pause Young (Allocation Failure)
[4167.406s][info][gc,heap        ] GC(1078) PSYoungGen: 2539498K(2539520K)->158504K(2584064K) Eden: 2372096K(2372096K)->0K(2372096K) From: 167402K(167424K)->158504K(211968K)
[4167.406s][info][gc,heap        ] GC(1078) ParOldGen: 2912936K(3897344K)->3015440K(3897344K)
[4167.406s][info][gc,metaspace   ] GC(1078) Metaspace: 29097K(29376K)->29097K(29376K) NonClass: 25990K(26112K)->25990K(26112K) Class: 3106K(3264K)->3106K(3264K)
[4167.406s][info][gc             ] GC(1078) Pause Young (Allocation Failure) 5324M->3099M(6329M) 95.750ms
[4167.406s][info][gc,cpu         ] GC(1078) User=0.56s Sys=0.01s Real=0.10s
..[4169.839s][info][gc,start       ] GC(1079) Pause Young (Allocation Failure)
[4169.931s][info][gc,heap        ] GC(1079) PSYoungGen: 2530600K(2584064K)->147424K(2577920K) Eden: 2372096K(2372096K)->0K(2375168K) From: 158504K(211968K)->147424K(202752K)
[4169.931s][info][gc,heap        ] GC(1079) ParOldGen: 3015440K(3897344K)->3121400K(3897344K)
[4169.931s][info][gc,metaspace   ] GC(1079) Metaspace: 29097K(29376K)->29097K(29376K) NonClass: 25990K(26112K)->25990K(26112K) Class: 3106K(3264K)->3106K(3264K)
[4169.931s][info][gc             ] GC(1079) Pause Young (Allocation Failure) 5416M->3192M(6323M) 92.284ms
[4169.931s][info][gc,cpu         ] GC(1079) User=0.54s Sys=0.00s Real=0.09s
...[4172.451s][info][gc,start       ] GC(1080) Pause Young (Allocation Failure)
[4172.548s][info][gc,heap        ] GC(1080) PSYoungGen: 2522592K(2577920K)->159381K(2582528K) Eden: 2375168K(2375168K)->0K(2375168K) From: 147424K(202752K)->159381K(207360K)
[4172.548s][info][gc,heap        ] GC(1080) ParOldGen: 3121400K(3897344K)->3221752K(3897344K)
[4172.548s][info][gc,metaspace   ] GC(1080) Metaspace: 29097K(29376K)->29097K(29376K) NonClass: 25990K(26112K)->25990K(26112K) Class: 3106K(3264K)->3106K(3264K)
[4172.548s][info][gc             ] GC(1080) Pause Young (Allocation Failure) 5511M->3301M(6328M) 97.042ms
[4172.548s][info][gc,cpu         ] GC(1080) User=0.57s Sys=0.00s Real=0.10s
...[4175.076s][info][gc,start       ] GC(1081) Pause Young (Allocation Failure)
[4175.166s][info][gc,heap        ] GC(1081) PSYoungGen: 2534549K(2582528K)->144992K(2586624K) Eden: 2375168K(2375168K)->0K(2384896K) From: 159381K(207360K)->144992K(201728K)
[4175.166s][info][gc,heap        ] GC(1081) ParOldGen: 3221752K(3897344K)->3323880K(3897344K)
[4175.166s][info][gc,metaspace   ] GC(1081) Metaspace: 29097K(29376K)->29097K(29376K) NonClass: 25990K(26112K)->25990K(26112K) Class: 3106K(3264K)->3106K(3264K)
[4175.166s][info][gc             ] GC(1081) Pause Young (Allocation Failure) 5621M->3387M(6332M) 89.466ms
[4175.166s][info][gc,cpu         ] GC(1081) User=0.53s Sys=0.00s Real=0.09s
..[4177.714s][info][gc,start       ] GC(1082) Pause Young (Allocation Failure)
[4177.809s][info][gc,heap        ] GC(1082) PSYoungGen: 2529888K(2586624K)->155936K(2588160K) Eden: 2384896K(2384896K)->0K(2384896K) From: 144992K(201728K)->155936K(203264K)
[4177.809s][info][gc,heap        ] GC(1082) ParOldGen: 3323880K(3897344K)->3427776K(3897344K)
[4177.809s][info][gc,metaspace   ] GC(1082) Metaspace: 29097K(29376K)->29097K(29376K) NonClass: 25990K(26112K)->25990K(26112K) Class: 3106K(3264K)->3106K(3264K)
[4177.809s][info][gc             ] GC(1082) Pause Young (Allocation Failure) 5716M->3499M(6333M) 95.292ms
[4177.809s][info][gc,cpu         ] GC(1082) User=0.56s Sys=0.00s Real=0.09s
...[4180.330s][info][gc,start       ] GC(1083) Pause Young (Allocation Failure)
[4180.423s][info][gc,heap        ] GC(1083) PSYoungGen: 2540832K(2588160K)->149460K(2591232K) Eden: 2384896K(2384896K)->0K(2392576K) From: 155936K(203264K)->149460K(198656K)
[4180.423s][info][gc,heap        ] GC(1083) ParOldGen: 3427776K(3897344K)->3531592K(3897344K)
[4180.423s][info][gc,metaspace   ] GC(1083) Metaspace: 29097K(29376K)->29097K(29376K) NonClass: 25990K(26112K)->25990K(26112K) Class: 3106K(3264K)->3106K(3264K)
[4180.423s][info][gc             ] GC(1083) Pause Young (Allocation Failure) 5828M->3594M(6336M) 93.119ms
[4180.423s][info][gc,cpu         ] GC(1083) User=0.55s Sys=0.00s Real=0.10s
..[4182.939s][info][gc,start       ] GC(1084) Pause Young (Allocation Failure)
[4183.034s][info][gc,heap        ] GC(1084) PSYoungGen: 2542036K(2591232K)->151840K(2590720K) Eden: 2392576K(2392576K)->0K(2392576K) From: 149460K(198656K)->151840K(198144K)
[4183.034s][info][gc,heap        ] GC(1084) ParOldGen: 3531592K(3897344K)->3634968K(3897344K)
[4183.034s][info][gc,metaspace   ] GC(1084) Metaspace: 29097K(29376K)->29097K(29376K) NonClass: 25990K(26112K)->25990K(26112K) Class: 3106K(3264K)->3106K(3264K)
[4183.034s][info][gc             ] GC(1084) Pause Young (Allocation Failure) 5931M->3698M(6336M) 94.623ms
[4183.034s][info][gc,cpu         ] GC(1084) User=0.56s Sys=0.00s Real=0.10s
...[4185.529s][info][gc,start       ] GC(1085) Pause Young (Allocation Failure)
[4185.626s][info][gc,heap        ] GC(1085) PSYoungGen: 2544416K(2590720K)->153984K(2595328K) Eden: 2392576K(2392576K)->0K(2401792K) From: 151840K(198144K)->153984K(193536K)
[4185.626s][info][gc,heap        ] GC(1085) ParOldGen: 3634968K(3897344K)->3737824K(3897344K)
[4185.626s][info][gc,metaspace   ] GC(1085) Metaspace: 29097K(29376K)->29097K(29376K) NonClass: 25990K(26112K)->25990K(26112K) Class: 3106K(3264K)->3106K(3264K)
[4185.626s][info][gc             ] GC(1085) Pause Young (Allocation Failure) 6034M->3800M(6340M) 97.238ms
[4185.626s][info][gc,cpu         ] GC(1085) User=0.57s Sys=0.00s Real=0.10s
...[4188.202s][info][gc,start       ] GC(1086) Pause Young (Allocation Failure)
[4188.296s][info][gc,heap        ] GC(1086) PSYoungGen: 2555776K(2595328K)->154080K(2594816K) Eden: 2401792K(2401792K)->0K(2401792K) From: 153984K(193536K)->154080K(193024K)
[4188.296s][info][gc,heap        ] GC(1086) ParOldGen: 3737824K(3897344K)->3839176K(3897344K)
[4188.296s][info][gc,metaspace   ] GC(1086) Metaspace: 29097K(29376K)->29097K(29376K) NonClass: 25990K(26112K)->25990K(26112K) Class: 3106K(3264K)->3106K(3264K)
[4188.296s][info][gc             ] GC(1086) Pause Young (Allocation Failure) 6146M->3899M(6340M) 94.110ms
[4188.296s][info][gc,cpu         ] GC(1086) User=0.56s Sys=0.00s Real=0.09s
..[4190.877s][info][gc,start       ] GC(1087) Pause Young (Allocation Failure)
[4190.976s][info][gc,heap        ] GC(1087) PSYoungGen: 2555872K(2594816K)->157075K(2600448K) Eden: 2401792K(2401792K)->0K(2412032K) From: 154080K(193024K)->157075K(188416K)
[4190.976s][info][gc,heap        ] GC(1087) ParOldGen: 3839176K(3897344K)->3944376K(3944448K)
[4190.976s][info][gc,metaspace   ] GC(1087) Metaspace: 29097K(29376K)->29097K(29376K) NonClass: 25990K(26112K)->25990K(26112K) Class: 3106K(3264K)->3106K(3264K)
[4190.976s][info][gc             ] GC(1087) Pause Young (Allocation Failure) 6245M->4005M(6391M) 99.078ms
[4190.976s][info][gc,cpu         ] GC(1087) User=0.58s Sys=0.01s Real=0.10s
...[4193.485s][info][gc,start       ] GC(1088) Pause Young (Allocation Failure)
[4193.580s][info][gc,heap        ] GC(1088) PSYoungGen: 2569107K(2600448K)->147200K(2599424K) Eden: 2412032K(2412032K)->0K(2412032K) From: 157075K(188416K)->147200K(187392K)
[4193.580s][info][gc,heap        ] GC(1088) ParOldGen: 3944376K(3944448K)->4047912K(4048384K)
[4193.580s][info][gc,metaspace   ] GC(1088) Metaspace: 29097K(29376K)->29097K(29376K) NonClass: 25990K(26112K)->25990K(26112K) Class: 3106K(3264K)->3106K(3264K)
[4193.580s][info][gc             ] GC(1088) Pause Young (Allocation Failure) 6360M->4096M(6492M) 94.958ms
[4193.580s][info][gc,cpu         ] GC(1088) User=0.53s Sys=0.03s Real=0.09s
...[4196.124s][info][gc,start       ] GC(1089) Pause Young (Allocation Failure)
[4196.218s][info][gc,heap        ] GC(1089) PSYoungGen: 2559232K(2599424K)->146688K(2607104K) Eden: 2412032K(2412032K)->0K(2421760K) From: 147200K(187392K)->146688K(185344K)
[4196.218s][info][gc,heap        ] GC(1089) ParOldGen: 4047912K(4048384K)->4149256K(4149760K)
[4196.218s][info][gc,metaspace   ] GC(1089) Metaspace: 29097K(29376K)->29097K(29376K) NonClass: 25990K(26112K)->25990K(26112K) Class: 3106K(3264K)->3106K(3264K)
[4196.218s][info][gc             ] GC(1089) Pause Young (Allocation Failure) 6452M->4195M(6598M) 93.593ms
[4196.218s][info][gc,cpu         ] GC(1089) User=0.53s Sys=0.02s Real=0.09s
..[4198.784s][info][gc,start       ] GC(1090) Pause Young (Allocation Failure)
[4198.882s][info][gc,heap        ] GC(1090) PSYoungGen: 2568448K(2607104K)->153184K(2606592K) Eden: 2421760K(2421760K)->0K(2421760K) From: 146688K(185344K)->153184K(184832K)
[4198.882s][info][gc,heap        ] GC(1090) ParOldGen: 4149256K(4149760K)->4253144K(4253184K)
[4198.882s][info][gc,metaspace   ] GC(1090) Metaspace: 29097K(29376K)->29097K(29376K) NonClass: 25990K(26112K)->25990K(26112K) Class: 3106K(3264K)->3106K(3264K)
[4198.882s][info][gc             ] GC(1090) Pause Young (Allocation Failure) 6560M->4303M(6699M) 97.953ms
[4198.882s][info][gc,cpu         ] GC(1090) User=0.54s Sys=0.04s Real=0.10s
...[4201.421s][info][gc,start       ] GC(1091) Pause Young (Allocation Failure)
[4201.523s][info][gc,heap        ] GC(1091) PSYoungGen: 2574944K(2606592K)->158192K(2609152K) Eden: 2421760K(2421760K)->0K(2427904K) From: 153184K(184832K)->158192K(181248K)
[4201.523s][info][gc,heap        ] GC(1091) ParOldGen: 4253144K(4253184K)->4357824K(4358144K)
[4201.523s][info][gc,metaspace   ] GC(1091) Metaspace: 29097K(29376K)->29097K(29376K) NonClass: 25990K(26112K)->25990K(26112K) Class: 3106K(3264K)->3106K(3264K)
[4201.523s][info][gc             ] GC(1091) Pause Young (Allocation Failure) 6668M->4410M(6804M) 101.348ms
[4201.523s][info][gc,cpu         ] GC(1091) User=0.56s Sys=0.04s Real=0.11s
...[4204.119s][info][gc,start       ] GC(1092) Pause Young (Allocation Failure)
[4204.215s][info][gc,heap        ] GC(1092) PSYoungGen: 2586096K(2609152K)->148992K(2608640K) Eden: 2427904K(2427904K)->0K(2427904K) From: 158192K(181248K)->148992K(180736K)
[4204.215s][info][gc,heap        ] GC(1092) ParOldGen: 4357824K(4358144K)->4459624K(4460032K)
[4204.215s][info][gc,metaspace   ] GC(1092) Metaspace: 29097K(29376K)->29097K(29376K) NonClass: 25990K(26112K)->25990K(26112K) Class: 3106K(3264K)->3106K(3264K)
[4204.215s][info][gc             ] GC(1092) Pause Young (Allocation Failure) 6781M->4500M(6903M) 96.106ms
[4204.215s][info][gc,cpu         ] GC(1092) User=0.53s Sys=0.03s Real=0.10s
..[4206.753s][info][gc,start       ] GC(1093) Pause Young (Allocation Failure)
[4206.857s][info][gc,heap        ] GC(1093) PSYoungGen: 2576896K(2608640K)->164373K(2612736K) Eden: 2427904K(2427904K)->0K(2433024K) From: 148992K(180736K)->164373K(179712K)
[4206.857s][info][gc,heap        ] GC(1093) ParOldGen: 4459624K(4460032K)->4565616K(4566016K)
[4206.857s][info][gc,metaspace   ] GC(1093) Metaspace: 29097K(29376K)->29097K(29376K) NonClass: 25990K(26112K)->25990K(26112K) Class: 3106K(3264K)->3106K(3264K)
[4206.857s][info][gc             ] GC(1093) Pause Young (Allocation Failure) 6871M->4619M(7010M) 104.161ms
[4206.857s][info][gc,cpu         ] GC(1093) User=0.60s Sys=0.02s Real=0.10s
...[4209.415s][info][gc,start       ] GC(1094) Pause Young (Allocation Failure)
[4209.515s][info][gc,heap        ] GC(1094) PSYoungGen: 2597397K(2612736K)->153778K(2613760K) Eden: 2433024K(2433024K)->0K(2433024K) From: 164373K(179712K)->153778K(180736K)
[4209.515s][info][gc,heap        ] GC(1094) ParOldGen: 4565616K(4566016K)->4667616K(4667904K)
[4209.515s][info][gc,metaspace   ] GC(1094) Metaspace: 29097K(29376K)->29097K(29376K) NonClass: 25990K(26112K)->25990K(26112K) Class: 3106K(3264K)->3106K(3264K)
[4209.515s][info][gc             ] GC(1094) Pause Young (Allocation Failure) 6995M->4708M(7111M) 99.906ms
[4209.515s][info][gc,cpu         ] GC(1094) User=0.56s Sys=0.03s Real=0.10s
...[4212.131s][info][gc,start       ] GC(1095) Pause Young (Allocation Failure)
[4212.227s][info][gc,heap        ] GC(1095) PSYoungGen: 2586802K(2613760K)->148768K(2614272K) Eden: 2433024K(2433024K)->0K(2436608K) From: 153778K(180736K)->148768K(177664K)
[4212.227s][info][gc,heap        ] GC(1095) ParOldGen: 4667616K(4667904K)->4771000K(4771328K)
[4212.227s][info][gc,metaspace   ] GC(1095) Metaspace: 29097K(29376K)->29097K(29376K) NonClass: 25990K(26112K)->25990K(26112K) Class: 3106K(3264K)->3106K(3264K)
[4212.227s][info][gc             ] GC(1095) Pause Young (Allocation Failure) 7084M->4804M(7212M) 96.530ms
[4212.227s][info][gc,cpu         ] GC(1095) User=0.54s Sys=0.02s Real=0.10s
..[4214.762s][info][gc,start       ] GC(1096) Pause Young (Allocation Failure)
[4214.862s][info][gc,heap        ] GC(1096) PSYoungGen: 2585376K(2614272K)->154368K(2614272K) Eden: 2436608K(2436608K)->0K(2436608K) From: 148768K(177664K)->154368K(177664K)
[4214.862s][info][gc,heap        ] GC(1096) ParOldGen: 4771000K(4771328K)->4876808K(4877312K)
[4214.862s][info][gc,metaspace   ] GC(1096) Metaspace: 29097K(29376K)->29097K(29376K) NonClass: 25990K(26112K)->25990K(26112K) Class: 3106K(3264K)->3106K(3264K)
[4214.862s][info][gc             ] GC(1096) Pause Young (Allocation Failure) 7183M->4913M(7316M) 99.840ms
[4214.862s][info][gc,cpu         ] GC(1096) User=0.54s Sys=0.04s Real=0.10s
...[4217.467s][info][gc,start       ] GC(1097) Pause Young (Allocation Failure)
[4217.565s][info][gc,heap        ] GC(1097) PSYoungGen: 2590976K(2614272K)->150816K(2616832K) Eden: 2436608K(2436608K)->0K(2442240K) From: 154368K(177664K)->150816K(174592K)
[4217.565s][info][gc,heap        ] GC(1097) ParOldGen: 4876808K(4877312K)->4980232K(4980736K)
[4217.565s][info][gc,metaspace   ] GC(1097) Metaspace: 29097K(29376K)->29097K(29376K) NonClass: 25990K(26112K)->25990K(26112K) Class: 3106K(3264K)->3106K(3264K)
[4217.565s][info][gc             ] GC(1097) Pause Young (Allocation Failure) 7292M->5010M(7419M) 98.528ms
[4217.565s][info][gc,cpu         ] GC(1097) User=0.54s Sys=0.04s Real=0.10s
...[4220.147s][info][gc,start       ] GC(1098) Pause Young (Allocation Failure)
[4220.244s][info][gc,heap        ] GC(1098) PSYoungGen: 2593056K(2616832K)->147968K(2616320K) Eden: 2442240K(2442240K)->0K(2442240K) From: 150816K(174592K)->147968K(174080K)
[4220.244s][info][gc,heap        ] GC(1098) ParOldGen: 4980232K(4980736K)->5084568K(5084672K)
[4220.244s][info][gc,metaspace   ] GC(1098) Metaspace: 29097K(29376K)->29097K(29376K) NonClass: 25990K(26112K)->25990K(26112K) Class: 3106K(3264K)->3106K(3264K)
[4220.244s][info][gc             ] GC(1098) Pause Young (Allocation Failure) 7395M->5109M(7520M) 97.135ms
[4220.244s][info][gc,cpu         ] GC(1098) User=0.53s Sys=0.03s Real=0.10s
. (rIR:aIR:PR = 6365:6368:6368) (tPR = 94712) [OK] 
  4220s: Performance info:
         Transaction,    Success,    Partial,     Failed,   Receipts, AvgBarcode, 
             Overall,     383194,          0,          0,     364050,      59.48, 
         Response times:
             Request,    Success,    Partial,     Failed,   SkipFail,     Probes,    Samples,      min,      p50,      p90,      p95,      p99,      max, 
       TotalPurchase,     364050,          0,          0,          0,     357918,     387960,      300,     4900,     9500,    16100,    47000,   136000,
     InStorePurchase,     191609,          0,          0,          0,     188668,     204302,      300,     5000,     9500,    16000,    47000,   126000,
      OnlinePurchase,     134137,          0,          0,          0,     131991,     142930,      300,     4800,     9500,    16300,    46000,   136000,
        InstPurchase,      38304,          0,          0,          0,      37259,      40728,      400,     4700,     9100,    15400,    46000,   126000,
          AssocOfCat,        386,          0,          0,          0,        313,        405,    15900,    34000,    53000,    66800,   129640,   154000,
      AssocOfProduct,       3828,          0,          0,          0,       3582,       4130,     1000,     6000,    10400,    18590,    48000,   117000,
      BusinessReport,        954,          0,          0,          0,        827,       1020,    28000,    40000,    58000,    69000,   146790,   193000,
          CustBuyBeh,       3818,          0,          0,          0,       3515,       4027,      200,     2600,     8200,    12100,    38000,   104000,
       ProductReturn,      10158,          0,          0,          0,       9793,      10996,      200,     4900,     9400,    15400,    44000,   120000,

  4220s: (47%)   IR =   6503 .[4222.822s][info][gc,start       ] GC(1099) Pause Young (Allocation Failure)
[4222.923s][info][gc,heap        ] GC(1099) PSYoungGen: 2590208K(2616320K)->155423K(2619904K) Eden: 2442240K(2442240K)->0K(2448384K) From: 147968K(174080K)->155423K(171520K)
[4222.923s][info][gc,heap        ] GC(1099) ParOldGen: 5084568K(5084672K)->5188208K(5188608K)
[4222.923s][info][gc,metaspace   ] GC(1099) Metaspace: 29097K(29376K)->29097K(29376K) NonClass: 25990K(26112K)->25990K(26112K) Class: 3106K(3264K)->3106K(3264K)
[4222.923s][info][gc             ] GC(1099) Pause Young (Allocation Failure) 7494M->5218M(7625M) 100.720ms
[4222.923s][info][gc,cpu         ] GC(1099) User=0.56s Sys=0.03s Real=0.10s
...[4225.500s][info][gc,start       ] GC(1100) Pause Young (Allocation Failure)
[4225.608s][info][gc,heap        ] GC(1100) PSYoungGen: 2603807K(2619904K)->172021K(2620416K) Eden: 2448384K(2448384K)->0K(2448384K) From: 155423K(171520K)->172021K(172032K)
[4225.608s][info][gc,heap        ] GC(1100) ParOldGen: 5188208K(5188608K)->5293408K(5293568K)
[4225.608s][info][gc,metaspace   ] GC(1100) Metaspace: 29097K(29376K)->29097K(29376K) NonClass: 25990K(26112K)->25990K(26112K) Class: 3106K(3264K)->3106K(3264K)
[4225.608s][info][gc             ] GC(1100) Pause Young (Allocation Failure) 7609M->5337M(7728M) 108.271ms
[4225.608s][info][gc,cpu         ] GC(1100) User=0.60s Sys=0.04s Real=0.11s
.|.[4228.091s][info][gc,start       ] GC(1101) Pause Young (Allocation Failure)
[4228.191s][info][gc,heap        ] GC(1101) PSYoungGen: 2620405K(2620416K)->152180K(2544640K) Eden: 2448384K(2448384K)->0K(2369024K) From: 172021K(172032K)->152180K(175616K)
[4228.191s][info][gc,heap        ] GC(1101) ParOldGen: 5293408K(5293568K)->5399024K(5399040K)
[4228.191s][info][gc,metaspace   ] GC(1101) Metaspace: 29097K(29376K)->29097K(29376K) NonClass: 25990K(26112K)->25990K(26112K) Class: 3106K(3264K)->3106K(3264K)
[4228.191s][info][gc             ] GC(1101) Pause Young (Allocation Failure) 7728M->5421M(7757M) 99.926ms
[4228.191s][info][gc,cpu         ] GC(1101) User=0.55s Sys=0.04s Real=0.10s
...[4230.667s][info][gc,start       ] GC(1102) Pause Young (Allocation Failure)
[4230.769s][info][gc,heap        ] GC(1102) PSYoungGen: 2521204K(2544640K)->157524K(2582528K) Eden: 2369024K(2369024K)->0K(2369024K) From: 152180K(175616K)->157524K(213504K)
[4230.769s][info][gc,heap        ] GC(1102) ParOldGen: 5399024K(5399040K)->5502440K(5502464K)
[4230.769s][info][gc,metaspace   ] GC(1102) Metaspace: 29097K(29376K)->29097K(29376K) NonClass: 25990K(26112K)->25990K(26112K) Class: 3106K(3264K)->3106K(3264K)
[4230.769s][info][gc             ] GC(1102) Pause Young (Allocation Failure) 7734M->5527M(7895M) 101.843ms
[4230.769s][info][gc,cpu         ] GC(1102) User=0.57s Sys=0.02s Real=0.10s
..[4233.159s][info][gc,start       ] GC(1103) Pause Full (Allocation Failure)
[4233.159s][info][gc,phases,start] GC(1103) Marking Phase
[4233.469s][info][gc,phases      ] GC(1103) Marking Phase 310.083ms
[4233.469s][info][gc,phases,start] GC(1103) Summary Phase
[4233.469s][info][gc,phases      ] GC(1103) Summary Phase 0.097ms
[4233.469s][info][gc,phases,start] GC(1103) Forward
[4233.596s][info][gc,phases      ] GC(1103) Forward 126.883ms
[4233.596s][info][gc,phases,start] GC(1103) Adjust Pointers
[4233.805s][info][gc,phases      ] GC(1103) Adjust Pointers 209.310ms
[4233.805s][info][gc,phases,start] GC(1103) Compaction Phase
[4233.951s][info][gc,phases      ] GC(1103) Compaction Phase 145.691ms
[4233.953s][info][gc,phases,start] GC(1103) Post Compact
[4233.960s][info][gc,phases      ] GC(1103) Post Compact 6.858ms
[4234.078s][info][gc,heap        ] GC(1103) PSYoungGen: 2526548K(2582528K)->0K(2578944K) Eden: 2369024K(2369024K)->0K(2372608K) From: 157524K(213504K)->0K(206336K)
[4234.078s][info][gc,heap        ] GC(1103) ParOldGen: 5502440K(5502464K)->1617841K(1906176K)
[4234.078s][info][gc,metaspace   ] GC(1103) Metaspace: 29097K(29376K)->29097K(29376K) NonClass: 25990K(26112K)->25990K(26112K) Class: 3106K(3264K)->3106K(3264K)
[4234.078s][info][gc             ] GC(1103) Pause Full (Allocation Failure) 7840M->1579M(4380M) 919.678ms
[4234.078s][info][gc,cpu         ] GC(1103) User=4.29s Sys=0.12s Real=0.92s
..[4235.730s][info][gc,start       ] GC(1104) Pause Young (Allocation Failure)
[4235.795s][info][gc,heap        ] GC(1104) PSYoungGen: 2372608K(2578944K)->157568K(2582528K) Eden: 2372608K(2372608K)->0K(2372608K) From: 0K(206336K)->157568K(209920K)
[4235.795s][info][gc,heap        ] GC(1104) ParOldGen: 1617841K(1906176K)->1617841K(1906176K)
[4235.795s][info][gc,metaspace   ] GC(1104) Metaspace: 29097K(29376K)->29097K(29376K) NonClass: 25990K(26112K)->25990K(26112K) Class: 3106K(3264K)->3106K(3264K)
[4235.795s][info][gc             ] GC(1104) Pause Young (Allocation Failure) 3896M->1733M(4383M) 65.044ms
[4235.795s][info][gc,cpu         ] GC(1104) User=0.38s Sys=0.00s Real=0.07s
...[4238.276s][info][gc,start       ] GC(1105) Pause Young (Allocation Failure)
[4238.369s][info][gc,heap        ] GC(1105) PSYoungGen: 2530176K(2582528K)->156064K(2579968K) Eden: 2372608K(2372608K)->0K(2379776K) From: 157568K(209920K)->156064K(200192K)
[4238.369s][info][gc,heap        ] GC(1105) ParOldGen: 1617841K(1906176K)->1721065K(1906176K)
[4238.369s][info][gc,metaspace   ] GC(1105) Metaspace: 29097K(29376K)->29097K(29376K) NonClass: 25990K(26112K)->25990K(26112K) Class: 3106K(3264K)->3106K(3264K)
[4238.369s][info][gc             ] GC(1105) Pause Young (Allocation Failure) 4050M->1833M(4381M) 93.300ms
[4238.369s][info][gc,cpu         ] GC(1105) User=0.55s Sys=0.00s Real=0.09s
..[4240.835s][info][gc,start       ] GC(1106) Pause Young (Allocation Failure)
[4240.928s][info][gc,heap        ] GC(1106) PSYoungGen: 2535840K(2579968K)->152832K(2583040K) Eden: 2379776K(2379776K)->0K(2379776K) From: 156064K(200192K)->152832K(203264K)
[4240.928s][info][gc,heap        ] GC(1106) ParOldGen: 1721065K(1906176K)->1823801K(1906176K)
[4240.928s][info][gc,metaspace   ] GC(1106) Metaspace: 29097K(29376K)->29097K(29376K) NonClass: 25990K(26112K)->25990K(26112K) Class: 3106K(3264K)->3106K(3264K)
[4240.928s][info][gc             ] GC(1106) Pause Young (Allocation Failure) 4157M->1930M(4384M) 92.739ms
[4240.928s][info][gc,cpu         ] GC(1106) User=0.54s Sys=0.01s Real=0.09s
...[4243.403s][info][gc,start       ] GC(1107) Pause Young (Allocation Failure)
[4243.496s][info][gc,heap        ] GC(1107) PSYoungGen: 2532608K(2583040K)->150806K(2587648K) Eden: 2379776K(2379776K)->0K(2391552K) From: 152832K(203264K)->150806K(196096K)
[4243.496s][info][gc,heap        ] GC(1107) ParOldGen: 1823801K(1906176K)->1927969K(1928192K)
[4243.496s][info][gc,metaspace   ] GC(1107) Metaspace: 29097K(29376K)->29097K(29376K) NonClass: 25990K(26112K)->25990K(26112K) Class: 3106K(3264K)->3106K(3264K)
[4243.496s][info][gc             ] GC(1107) Pause Young (Allocation Failure) 4254M->2030M(4410M) 93.133ms
[4243.496s][info][gc,cpu         ] GC(1107) User=0.54s Sys=0.01s Real=0.09s
..[4246.007s][info][gc,start       ] GC(1108) Pause Young (Allocation Failure)
[4246.113s][info][gc,heap        ] GC(1108) PSYoungGen: 2542358K(2587648K)->167582K(2590720K) Eden: 2391552K(2391552K)->0K(2391552K) From: 150806K(196096K)->167582K(199168K)
[4246.113s][info][gc,heap        ] GC(1108) ParOldGen: 1927969K(1928192K)->2029657K(2030080K)
[4246.113s][info][gc,metaspace   ] GC(1108) Metaspace: 29097K(29376K)->29097K(29376K) NonClass: 25990K(26112K)->25990K(26112K) Class: 3106K(3264K)->3106K(3264K)
[4246.113s][info][gc             ] GC(1108) Pause Young (Allocation Failure) 4365M->2145M(4512M) 105.443ms
[4246.113s][info][gc,cpu         ] GC(1108) User=0.59s Sys=0.03s Real=0.11s
...[4248.567s][info][gc,start       ] GC(1109) Pause Young (Allocation Failure)
[4248.662s][info][gc,heap        ] GC(1109) PSYoungGen: 2559134K(2590720K)->150048K(2592256K) Eden: 2391552K(2391552K)->0K(2399232K) From: 167582K(199168K)->150048K(193024K)
[4248.662s][info][gc,heap        ] GC(1109) ParOldGen: 2029657K(2030080K)->2133225K(2133504K)
[4248.662s][info][gc,metaspace   ] GC(1109) Metaspace: 29097K(29376K)->29097K(29376K) NonClass: 25990K(26112K)->25990K(26112K) Class: 3106K(3264K)->3106K(3264K)
[4248.662s][info][gc             ] GC(1109) Pause Young (Allocation Failure) 4481M->2229M(4615M) 95.178ms
[4248.662s][info][gc,cpu         ] GC(1109) User=0.53s Sys=0.03s Real=0.10s
...[4251.165s][info][gc,start       ] GC(1110) Pause Young (Allocation Failure)
[4251.260s][info][gc,heap        ] GC(1110) PSYoungGen: 2549280K(2592256K)->150944K(2595328K) Eden: 2399232K(2399232K)->0K(2399232K) From: 150048K(193024K)->150944K(196096K)
[4251.260s][info][gc,heap        ] GC(1110) ParOldGen: 2133225K(2133504K)->2234529K(2234880K)
[4251.260s][info][gc,metaspace   ] GC(1110) Metaspace: 29097K(29376K)->29097K(29376K) NonClass: 25990K(26112K)->25990K(26112K) Class: 3106K(3264K)->3106K(3264K)
[4251.260s][info][gc             ] GC(1110) Pause Young (Allocation Failure) 4572M->2329M(4717M) 95.633ms
[4251.261s][info][gc,cpu         ] GC(1110) User=0.52s Sys=0.04s Real=0.09s
..[4253.667s][info][gc,start       ] GC(1111) Pause Young (Allocation Failure)
[4253.762s][info][gc,heap        ] GC(1111) PSYoungGen: 2550176K(2595328K)->146144K(2596864K) Eden: 2399232K(2399232K)->0K(2405888K) From: 150944K(196096K)->146144K(190976K)
[4253.762s][info][gc,heap        ] GC(1111) ParOldGen: 2234529K(2234880K)->2339161K(2339328K)
[4253.762s][info][gc,metaspace   ] GC(1111) Metaspace: 29097K(29376K)->29097K(29376K) NonClass: 25990K(26112K)->25990K(26112K) Class: 3106K(3264K)->3106K(3264K)
[4253.762s][info][gc             ] GC(1111) Pause Young (Allocation Failure) 4672M->2427M(4820M) 94.679ms
[4253.762s][info][gc,cpu         ] GC(1111) User=0.54s Sys=0.02s Real=0.10s
...[4256.296s][info][gc,start       ] GC(1112) Pause Young (Allocation Failure)
[4256.391s][info][gc,heap        ] GC(1112) PSYoungGen: 2552032K(2596864K)->154704K(2598912K) Eden: 2405888K(2405888K)->0K(2405888K) From: 146144K(190976K)->154704K(193024K)
[4256.391s][info][gc,heap        ] GC(1112) ParOldGen: 2339161K(2339328K)->2438465K(2438656K)
[4256.391s][info][gc,metaspace   ] GC(1112) Metaspace: 29097K(29376K)->29097K(29376K) NonClass: 25990K(26112K)->25990K(26112K) Class: 3106K(3264K)->3106K(3264K)
[4256.391s][info][gc             ] GC(1112) Pause Young (Allocation Failure) 4776M->2532M(4919M) 95.379ms
[4256.391s][info][gc,cpu         ] GC(1112) User=0.54s Sys=0.02s Real=0.09s
..[4258.849s][info][gc,start       ] GC(1113) Pause Young (Allocation Failure)
[4258.945s][info][gc,heap        ] GC(1113) PSYoungGen: 2560592K(2598912K)->151008K(2599936K) Eden: 2405888K(2405888K)->0K(2413056K) From: 154704K(193024K)->151008K(186880K)
[4258.945s][info][gc,heap        ] GC(1113) ParOldGen: 2438465K(2438656K)->2545041K(2545152K)
[4258.945s][info][gc,metaspace   ] GC(1113) Metaspace: 29097K(29376K)->29097K(29376K) NonClass: 25990K(26112K)->25990K(26112K) Class: 3106K(3264K)->3106K(3264K)
[4258.945s][info][gc             ] GC(1113) Pause Young (Allocation Failure) 4881M->2632M(5024M) 95.546ms
[4258.945s][info][gc,cpu         ] GC(1113) User=0.53s Sys=0.03s Real=0.10s
...[4261.385s][info][gc,start       ] GC(1114) Pause Young (Allocation Failure)
[4261.485s][info][gc,heap        ] GC(1114) PSYoungGen: 2564064K(2599936K)->160009K(2600960K) Eden: 2413056K(2413056K)->0K(2413056K) From: 151008K(186880K)->160009K(187904K)
[4261.485s][info][gc,heap        ] GC(1114) ParOldGen: 2545041K(2545152K)->2647761K(2648064K)
[4261.485s][info][gc,metaspace   ] GC(1114) Metaspace: 29097K(29376K)->29097K(29376K) NonClass: 25990K(26112K)->25990K(26112K) Class: 3106K(3264K)->3106K(3264K)
[4261.485s][info][gc             ] GC(1114) Pause Young (Allocation Failure) 4989M->2741M(5126M) 100.114ms
[4261.485s][info][gc,cpu         ] GC(1114) User=0.57s Sys=0.03s Real=0.10s
..[4264.064s][info][gc,start       ] GC(1115) Pause Young (Allocation Failure)
[4264.158s][info][gc,heap        ] GC(1115) PSYoungGen: 2573065K(2600960K)->148640K(2607104K) Eden: 2413056K(2413056K)->0K(2422272K) From: 160009K(187904K)->148640K(184832K)
[4264.158s][info][gc,heap        ] GC(1115) ParOldGen: 2647761K(2648064K)->2748041K(2748416K)
[4264.158s][info][gc,metaspace   ] GC(1115) Metaspace: 29097K(29376K)->29097K(29376K) NonClass: 25990K(26112K)->25990K(26112K) Class: 3106K(3264K)->3106K(3264K)
[4264.158s][info][gc             ] GC(1115) Pause Young (Allocation Failure) 5098M->2828M(5230M) 94.275ms
[4264.158s][info][gc,cpu         ] GC(1115) User=0.52s Sys=0.03s Real=0.09s
...[4266.707s][info][gc,start       ] GC(1116) Pause Young (Allocation Failure)
[4266.812s][info][gc,heap        ] GC(1116) PSYoungGen: 2570912K(2607104K)->170804K(2607104K) Eden: 2422272K(2422272K)->0K(2422272K) From: 148640K(184832K)->170804K(184832K)
[4266.812s][info][gc,heap        ] GC(1116) ParOldGen: 2748041K(2748416K)->2853801K(2853888K)
[4266.812s][info][gc,metaspace   ] GC(1116) Metaspace: 29097K(29376K)->29097K(29376K) NonClass: 25990K(26112K)->25990K(26112K) Class: 3106K(3264K)->3106K(3264K)
[4266.812s][info][gc             ] GC(1116) Pause Young (Allocation Failure) 5194M->2953M(5333M) 105.192ms
[4266.812s][info][gc,cpu         ] GC(1116) User=0.59s Sys=0.03s Real=0.11s
...[4269.279s][info][gc,start       ] GC(1117) Pause Young (Allocation Failure)
[4269.379s][info][gc,heap        ] GC(1117) PSYoungGen: 2593076K(2607104K)->157988K(2607616K) Eden: 2422272K(2422272K)->0K(2423808K) From: 170804K(184832K)->157988K(183808K)
[4269.379s][info][gc,heap        ] GC(1117) ParOldGen: 2853801K(2853888K)->2958353K(2958848K)
[4269.379s][info][gc,metaspace   ] GC(1117) Metaspace: 29097K(29376K)->29097K(29376K) NonClass: 25990K(26112K)->25990K(26112K) Class: 3106K(3264K)->3106K(3264K)
[4269.379s][info][gc             ] GC(1117) Pause Young (Allocation Failure) 5319M->3043M(5436M) 100.002ms
[4269.379s][info][gc,cpu         ] GC(1117) User=0.57s Sys=0.02s Real=0.10s
..[4271.887s][info][gc,start       ] GC(1118) Pause Young (Allocation Failure)
[4271.986s][info][gc,heap        ] GC(1118) PSYoungGen: 2581796K(2607616K)->161227K(2608128K) Eden: 2423808K(2423808K)->0K(2423808K) From: 157988K(183808K)->161227K(184320K)
[4271.986s][info][gc,heap        ] GC(1118) ParOldGen: 2958353K(2958848K)->3059609K(3059712K)
[4271.986s][info][gc,metaspace   ] GC(1118) Metaspace: 29097K(29376K)->29097K(29376K) NonClass: 25990K(26112K)->25990K(26112K) Class: 3106K(3264K)->3106K(3264K)
[4271.986s][info][gc             ] GC(1118) Pause Young (Allocation Failure) 5410M->3145M(5535M) 99.895ms
[4271.987s][info][gc,cpu         ] GC(1118) User=0.56s Sys=0.03s Real=0.10s
...[4274.462s][info][gc,start       ] GC(1119) Pause Young (Allocation Failure)
[4274.557s][info][gc,heap        ] GC(1119) PSYoungGen: 2585035K(2608128K)->148384K(2611200K) Eden: 2423808K(2423808K)->0K(2428416K) From: 161227K(184320K)->148384K(182784K)
[4274.557s][info][gc,heap        ] GC(1119) ParOldGen: 3059609K(3059712K)->3163665K(3164160K)
[4274.557s][info][gc,metaspace   ] GC(1119) Metaspace: 29097K(29376K)->29097K(29376K) NonClass: 25990K(26112K)->25990K(26112K) Class: 3106K(3264K)->3106K(3264K)
[4274.557s][info][gc             ] GC(1119) Pause Young (Allocation Failure) 5512M->3234M(5640M) 95.781ms
[4274.557s][info][gc,cpu         ] GC(1119) User=0.54s Sys=0.03s Real=0.10s
..[4277.062s][info][gc,start       ] GC(1120) Pause Young (Allocation Failure)
[4277.159s][info][gc,heap        ] GC(1120) PSYoungGen: 2576800K(2611200K)->151456K(2610688K) Eden: 2428416K(2428416K)->0K(2428416K) From: 148384K(182784K)->151456K(182272K)
[4277.159s][info][gc,heap        ] GC(1120) ParOldGen: 3163665K(3164160K)->3266489K(3266560K)
[4277.159s][info][gc,metaspace   ] GC(1120) Metaspace: 29097K(29376K)->29097K(29376K) NonClass: 25990K(26112K)->25990K(26112K) Class: 3106K(3264K)->3106K(3264K)
[4277.159s][info][gc             ] GC(1120) Pause Young (Allocation Failure) 5605M->3337M(5739M) 96.916ms
[4277.159s][info][gc,cpu         ] GC(1120) User=0.53s Sys=0.04s Real=0.09s
...[4279.723s][info][gc,start       ] GC(1121) Pause Young (Allocation Failure)
[4279.820s][info][gc,heap        ] GC(1121) PSYoungGen: 2579872K(2610688K)->154816K(2611712K) Eden: 2428416K(2428416K)->0K(2433024K) From: 151456K(182272K)->154816K(178688K)
[4279.820s][info][gc,heap        ] GC(1121) ParOldGen: 3266489K(3266560K)->3369169K(3369472K)
[4279.820s][info][gc,metaspace   ] GC(1121) Metaspace: 29097K(29376K)->29097K(29376K) NonClass: 25990K(26112K)->25990K(26112K) Class: 3106K(3264K)->3106K(3264K)
[4279.820s][info][gc             ] GC(1121) Pause Young (Allocation Failure) 5709M->3441M(5841M) 97.485ms
[4279.820s][info][gc,cpu         ] GC(1121) User=0.54s Sys=0.04s Real=0.09s
...[4282.295s][info][gc,start       ] GC(1122) Pause Young (Allocation Failure)
[4282.393s][info][gc,heap        ] GC(1122) PSYoungGen: 2587840K(2611712K)->150848K(2611712K) Eden: 2433024K(2433024K)->0K(2433024K) From: 154816K(178688K)->150848K(178688K)
[4282.393s][info][gc,heap        ] GC(1122) ParOldGen: 3369169K(3369472K)->3474737K(3474944K)
[4282.393s][info][gc,metaspace   ] GC(1122) Metaspace: 29097K(29376K)->29097K(29376K) NonClass: 25990K(26112K)->25990K(26112K) Class: 3106K(3264K)->3106K(3264K)
[4282.393s][info][gc             ] GC(1122) Pause Young (Allocation Failure) 5817M->3540M(5944M) 97.422ms
[4282.393s][info][gc,cpu         ] GC(1122) User=0.54s Sys=0.04s Real=0.10s
..[4284.871s][info][gc,start       ] GC(1123) Pause Young (Allocation Failure)
[4284.969s][info][gc,heap        ] GC(1123) PSYoungGen: 2583872K(2611712K)->154912K(2615808K) Eden: 2433024K(2433024K)->0K(2440192K) From: 150848K(178688K)->154912K(175616K)
[4284.969s][info][gc,heap        ] GC(1123) ParOldGen: 3474737K(3474944K)->3578601K(3578880K)
[4284.969s][info][gc,metaspace   ] GC(1123) Metaspace: 29097K(29376K)->29097K(29376K) NonClass: 25990K(26112K)->25990K(26112K) Class: 3106K(3264K)->3106K(3264K)
[4284.969s][info][gc             ] GC(1123) Pause Young (Allocation Failure) 5916M->3646M(6049M) 97.791ms
[4284.969s][info][gc,cpu         ] GC(1123) User=0.54s Sys=0.03s Real=0.10s
.. (rIR:aIR:PR = 6503:6502:6502) (tPR = 96643) [OK] 
  4286s: Performance info:
         Transaction,    Success,    Partial,     Failed,   Receipts, AvgBarcode, 
             Overall,     390851,          0,          0,     371321,      59.47, 
         Response times:
             Request,    Success,    Partial,     Failed,   SkipFail,     Probes,    Samples,      min,      p50,      p90,      p95,      p99,      max, 
       TotalPurchase,     371317,          0,          0,          0,     356133,     392167,      300,     5100,    12100,    33000,    65000,   980000,
     InStorePurchase,     195353,          0,          0,          0,     187058,     205814,      300,     5200,    12100,    33000,    62000,   980000,
      OnlinePurchase,     136868,          0,          0,          0,     131202,     144659,      300,     5100,    12200,    33000,    62000,   970000,
        InstPurchase,      39096,          0,          0,          0,      37873,      41694,      400,     4900,    11700,    31000,    72000,   960000,
          AssocOfCat,        388,          0,          0,          0,        315,        403,    19100,    34000,    50000,    63200,   143720,   185000,
      AssocOfProduct,       3906,          0,          0,          0,       3624,       4195,     1200,     5900,    13200,    36000,    74000,   127000,
      BusinessReport,        977,          0,          0,          0,        852,       1060,    28000,    42000,    72900,   110000,   169000,   980000,
          CustBuyBeh,       3908,          0,          0,          0,       3627,       4188,      300,     5700,    12310,    33000,    73000,   131000,
       ProductReturn,      10351,          0,          0,          0,       9858,      11181,      200,     4700,    11700,    29000,    73000,   130000,

  4286s: (48%)   IR =   6642 .[4287.583s][info][gc,start       ] GC(1124) Pause Young (Allocation Failure)
[4287.687s][info][gc,heap        ] GC(1124) PSYoungGen: 2595104K(2615808K)->167749K(2615808K) Eden: 2440192K(2440192K)->0K(2440192K) From: 154912K(175616K)->167749K(175616K)
[4287.687s][info][gc,heap        ] GC(1124) ParOldGen: 3578601K(3578880K)->3680777K(3681280K)
[4287.687s][info][gc,metaspace   ] GC(1124) Metaspace: 29097K(29376K)->29097K(29376K) NonClass: 25990K(26112K)->25990K(26112K) Class: 3106K(3264K)->3106K(3264K)
[4287.687s][info][gc             ] GC(1124) Pause Young (Allocation Failure) 6029M->3758M(6149M) 103.730ms
[4287.687s][info][gc,cpu         ] GC(1124) User=0.57s Sys=0.03s Real=0.10s
..[4290.107s][info][gc,start       ] GC(1125) Pause Young (Allocation Failure)
[4290.204s][info][gc,heap        ] GC(1125) PSYoungGen: 2607941K(2615808K)->146016K(2618368K) Eden: 2440192K(2440192K)->0K(2440704K) From: 167749K(175616K)->146016K(177664K)
[4290.204s][info][gc,heap        ] GC(1125) ParOldGen: 3680777K(3681280K)->3789201K(3789312K)
[4290.204s][info][gc,metaspace   ] GC(1125) Metaspace: 29097K(29376K)->29097K(29376K) NonClass: 25990K(26112K)->25990K(26112K) Class: 3106K(3264K)->3106K(3264K)
[4290.204s][info][gc             ] GC(1125) Pause Young (Allocation Failure) 6141M->3842M(6257M) 96.270ms
[4290.204s][info][gc,cpu         ] GC(1125) User=0.53s Sys=0.04s Real=0.10s
.|..[4292.726s][info][gc,start       ] GC(1126) Pause Young (Allocation Failure)
[4292.828s][info][gc,heap        ] GC(1126) PSYoungGen: 2586720K(2618368K)->162533K(2603520K) Eden: 2440704K(2440704K)->0K(2440704K) From: 146016K(177664K)->162533K(162816K)
[4292.828s][info][gc,heap        ] GC(1126) ParOldGen: 3789201K(3789312K)->3891769K(3892224K)
[4292.828s][info][gc,metaspace   ] GC(1126) Metaspace: 29097K(29376K)->29097K(29376K) NonClass: 25990K(26112K)->25990K(26112K) Class: 3106K(3264K)->3106K(3264K)
[4292.828s][info][gc             ] GC(1126) Pause Young (Allocation Failure) 6226M->3959M(6343M) 101.724ms
[4292.828s][info][gc,cpu         ] GC(1126) User=0.56s Sys=0.03s Real=0.10s
..[4295.284s][info][gc,start       ] GC(1127) Pause Young (Allocation Failure)
[4295.380s][info][gc,heap        ] GC(1127) PSYoungGen: 2603237K(2603520K)->147808K(2618880K) Eden: 2440704K(2440704K)->0K(2440704K) From: 162533K(162816K)->147808K(178176K)
[4295.380s][info][gc,heap        ] GC(1127) ParOldGen: 3891769K(3892224K)->3998721K(3999232K)
[4295.380s][info][gc,metaspace   ] GC(1127) Metaspace: 29097K(29376K)->29097K(29376K) NonClass: 25990K(26112K)->25990K(26112K) Class: 3106K(3264K)->3106K(3264K)
[4295.380s][info][gc             ] GC(1127) Pause Young (Allocation Failure) 6342M->4049M(6463M) 96.722ms
[4295.381s][info][gc,cpu         ] GC(1127) User=0.53s Sys=0.04s Real=0.09s
...[4297.879s][info][gc,start       ] GC(1128) Pause Young (Allocation Failure)
[4297.983s][info][gc,heap        ] GC(1128) PSYoungGen: 2588512K(2618880K)->170560K(2611712K) Eden: 2440704K(2440704K)->0K(2440704K) From: 147808K(178176K)->170560K(171008K)
[4297.983s][info][gc,heap        ] GC(1128) ParOldGen: 3998721K(3999232K)->4100753K(4101120K)
[4297.983s][info][gc,metaspace   ] GC(1128) Metaspace: 29097K(29376K)->29097K(29376K) NonClass: 25990K(26112K)->25990K(26112K) Class: 3106K(3264K)->3106K(3264K)
[4297.983s][info][gc             ] GC(1128) Pause Young (Allocation Failure) 6432M->4171M(6555M) 103.587ms
[4297.983s][info][gc,cpu         ] GC(1128) User=0.58s Sys=0.03s Real=0.11s
...[4300.437s][info][gc,start       ] GC(1129) Pause Young (Allocation Failure)
[4300.541s][info][gc,heap        ] GC(1129) PSYoungGen: 2611264K(2611712K)->165732K(2613248K) Eden: 2440704K(2440704K)->0K(2432512K) From: 170560K(171008K)->165732K(180736K)
[4300.541s][info][gc,heap        ] GC(1129) ParOldGen: 4100753K(4101120K)->4207561K(4207616K)
[4300.541s][info][gc,metaspace   ] GC(1129) Metaspace: 29097K(29376K)->29097K(29376K) NonClass: 25990K(26112K)->25990K(26112K) Class: 3106K(3264K)->3106K(3264K)
[4300.541s][info][gc             ] GC(1129) Pause Young (Allocation Failure) 6554M->4270M(6661M) 104.001ms
[4300.541s][info][gc,cpu         ] GC(1129) User=0.58s Sys=0.04s Real=0.10s
..[4302.953s][info][gc,start       ] GC(1130) Pause Young (Allocation Failure)
[4303.048s][info][gc,heap        ] GC(1130) PSYoungGen: 2598244K(2613248K)->145984K(2614272K) Eden: 2432512K(2432512K)->0K(2432512K) From: 165732K(180736K)->145984K(181760K)
[4303.048s][info][gc,heap        ] GC(1130) ParOldGen: 4207561K(4207616K)->4312089K(4312576K)
[4303.048s][info][gc,metaspace   ] GC(1130) Metaspace: 29097K(29376K)->29097K(29376K) NonClass: 25990K(26112K)->25990K(26112K) Class: 3106K(3264K)->3106K(3264K)
[4303.048s][info][gc             ] GC(1130) Pause Young (Allocation Failure) 6646M->4353M(6764M) 95.346ms
[4303.048s][info][gc,cpu         ] GC(1130) User=0.52s Sys=0.03s Real=0.09s
...[4305.598s][info][gc,start       ] GC(1131) Pause Young (Allocation Failure)
[4305.695s][info][gc,heap        ] GC(1131) PSYoungGen: 2578496K(2614272K)->155296K(2609664K) Eden: 2432512K(2432512K)->0K(2433024K) From: 145984K(181760K)->155296K(176640K)
[4305.695s][info][gc,heap        ] GC(1131) ParOldGen: 4312089K(4312576K)->4413745K(4413952K)
[4305.695s][info][gc,metaspace   ] GC(1131) Metaspace: 29097K(29376K)->29097K(29376K) NonClass: 25990K(26112K)->25990K(26112K) Class: 3106K(3264K)->3106K(3264K)
[4305.695s][info][gc             ] GC(1131) Pause Young (Allocation Failure) 6729M->4461M(6859M) 97.720ms
[4305.695s][info][gc,cpu         ] GC(1131) User=0.54s Sys=0.03s Real=0.10s
..[4308.075s][info][gc,start       ] GC(1132) Pause Young (Allocation Failure)
[4308.174s][info][gc,heap        ] GC(1132) PSYoungGen: 2588320K(2609664K)->148180K(2612224K) Eden: 2433024K(2433024K)->0K(2433024K) From: 155296K(176640K)->148180K(179200K)
[4308.174s][info][gc,heap        ] GC(1132) ParOldGen: 4413745K(4413952K)->4522473K(4522496K)
[4308.174s][info][gc,metaspace   ] GC(1132) Metaspace: 29097K(29376K)->29097K(29376K) NonClass: 25990K(26112K)->25990K(26112K) Class: 3106K(3264K)->3106K(3264K)
[4308.174s][info][gc             ] GC(1132) Pause Young (Allocation Failure) 6837M->4561M(6967M) 98.970ms
[4308.174s][info][gc,cpu         ] GC(1132) User=0.54s Sys=0.04s Real=0.10s
...[4310.628s][info][gc,start       ] GC(1133) Pause Young (Allocation Failure)
[4310.727s][info][gc,heap        ] GC(1133) PSYoungGen: 2581204K(2612224K)->157733K(2612736K) Eden: 2433024K(2433024K)->0K(2438656K) From: 148180K(179200K)->157733K(174080K)
[4310.727s][info][gc,heap        ] GC(1133) ParOldGen: 4522473K(4522496K)->4622865K(4623360K)
[4310.727s][info][gc,metaspace   ] GC(1133) Metaspace: 29097K(29376K)->29097K(29376K) NonClass: 25990K(26112K)->25990K(26112K) Class: 3106K(3264K)->3106K(3264K)
[4310.727s][info][gc             ] GC(1133) Pause Young (Allocation Failure) 6937M->4668M(7066M) 98.826ms
[4310.727s][info][gc,cpu         ] GC(1133) User=0.54s Sys=0.04s Real=0.10s
..[4313.233s][info][gc,start       ] GC(1134) Pause Young (Allocation Failure)
[4313.332s][info][gc,heap        ] GC(1134) PSYoungGen: 2596389K(2612736K)->158260K(2615296K) Eden: 2438655K(2438656K)->0K(2438656K) From: 157733K(174080K)->158260K(176640K)
[4313.332s][info][gc,heap        ] GC(1134) ParOldGen: 4622865K(4623360K)->4725353K(4725760K)
[4313.332s][info][gc,metaspace   ] GC(1134) Metaspace: 29097K(29376K)->29097K(29376K) NonClass: 25990K(26112K)->25990K(26112K) Class: 3106K(3264K)->3106K(3264K)
[4313.332s][info][gc             ] GC(1134) Pause Young (Allocation Failure) 7050M->4769M(7169M) 99.436ms
[4313.332s][info][gc,cpu         ] GC(1134) User=0.55s Sys=0.03s Real=0.10s
...[4315.782s][info][gc,start       ] GC(1135) Pause Young (Allocation Failure)
[4315.883s][info][gc,heap        ] GC(1135) PSYoungGen: 2596916K(2615296K)->157632K(2615296K) Eden: 2438656K(2438656K)->0K(2443776K) From: 158260K(176640K)->157632K(171520K)
[4315.883s][info][gc,heap        ] GC(1135) ParOldGen: 4725353K(4725760K)->4833153K(4833280K)
[4315.883s][info][gc,metaspace   ] GC(1135) Metaspace: 29097K(29376K)->29097K(29376K) NonClass: 25990K(26112K)->25990K(26112K) Class: 3106K(3264K)->3106K(3264K)
[4315.883s][info][gc             ] GC(1135) Pause Young (Allocation Failure) 7150M->4873M(7274M) 101.049ms
[4315.883s][info][gc,cpu         ] GC(1135) User=0.56s Sys=0.03s Real=0.11s
..[4318.266s][info][gc,start       ] GC(1136) Pause Young (Allocation Failure)
[4318.361s][info][gc,heap        ] GC(1136) PSYoungGen: 2601408K(2615296K)->146432K(2617856K) Eden: 2443776K(2443776K)->0K(2443776K) From: 157632K(171520K)->146432K(174080K)
[4318.361s][info][gc,heap        ] GC(1136) ParOldGen: 4833153K(4833280K)->4936313K(4936704K)
[4318.361s][info][gc,metaspace   ] GC(1136) Metaspace: 29097K(29376K)->29097K(29376K) NonClass: 25990K(26112K)->25990K(26112K) Class: 3106K(3264K)->3106K(3264K)
[4318.361s][info][gc             ] GC(1136) Pause Young (Allocation Failure) 7260M->4963M(7377M) 94.917ms
[4318.361s][info][gc,cpu         ] GC(1136) User=0.52s Sys=0.05s Real=0.09s
...[4320.953s][info][gc,start       ] GC(1137) Pause Young (Allocation Failure)
[4321.052s][info][gc,heap        ] GC(1137) PSYoungGen: 2590208K(2617856K)->150912K(2619904K) Eden: 2443776K(2443776K)->0K(2447872K) From: 146432K(174080K)->150912K(172032K)
[4321.052s][info][gc,heap        ] GC(1137) ParOldGen: 4936313K(4936704K)->5037777K(5038080K)
[4321.052s][info][gc,metaspace   ] GC(1137) Metaspace: 29097K(29376K)->29097K(29376K) NonClass: 25990K(26112K)->25990K(26112K) Class: 3106K(3264K)->3106K(3264K)
[4321.052s][info][gc             ] GC(1137) Pause Young (Allocation Failure) 7350M->5067M(7478M) 98.903ms
[4321.052s][info][gc,cpu         ] GC(1137) User=0.55s Sys=0.03s Real=0.10s
...[4323.474s][info][gc,start       ] GC(1138) Pause Young (Allocation Failure)
[4323.572s][info][gc,heap        ] GC(1138) PSYoungGen: 2598784K(2619904K)->147200K(2620928K) Eden: 2447872K(2447872K)->0K(2447872K) From: 150912K(172032K)->147200K(173056K)
[4323.572s][info][gc,heap        ] GC(1138) ParOldGen: 5037777K(5038080K)->5146657K(5147136K)
[4323.572s][info][gc,metaspace   ] GC(1138) Metaspace: 29097K(29376K)->29097K(29376K) NonClass: 25990K(26112K)->25990K(26112K) Class: 3106K(3264K)->3106K(3264K)
[4323.572s][info][gc             ] GC(1138) Pause Young (Allocation Failure) 7457M->5169M(7586M) 98.274ms
[4323.572s][info][gc,cpu         ] GC(1138) User=0.54s Sys=0.03s Real=0.10s
..[4326.023s][info][gc,start       ] GC(1139) Pause Young (Allocation Failure)
[4326.123s][info][gc,heap        ] GC(1139) PSYoungGen: 2595072K(2620928K)->156736K(2620416K) Eden: 2447872K(2447872K)->0K(2450432K) From: 147200K(173056K)->156736K(169984K)
[4326.123s][info][gc,heap        ] GC(1139) ParOldGen: 5146657K(5147136K)->5249449K(5249536K)
[4326.123s][info][gc,metaspace   ] GC(1139) Metaspace: 29097K(29376K)->29097K(29376K) NonClass: 25990K(26112K)->25990K(26112K) Class: 3106K(3264K)->3106K(3264K)
[4326.123s][info][gc             ] GC(1139) Pause Young (Allocation Failure) 7560M->5279M(7685M) 99.786ms
[4326.123s][info][gc,cpu         ] GC(1139) User=0.55s Sys=0.03s Real=0.10s
...[4328.633s][info][gc,start       ] GC(1140) Pause Young (Allocation Failure)
[4328.734s][info][gc,heap        ] GC(1140) PSYoungGen: 2607168K(2620416K)->158080K(2621952K) Eden: 2450432K(2450432K)->0K(2450432K) From: 156736K(169984K)->158080K(171520K)
[4328.734s][info][gc,heap        ] GC(1140) ParOldGen: 5249449K(5249536K)->5353065K(5353472K)
[4328.734s][info][gc,metaspace   ] GC(1140) Metaspace: 29097K(29376K)->29097K(29376K) NonClass: 25990K(26112K)->25990K(26112K) Class: 3106K(3264K)->3106K(3264K)
[4328.734s][info][gc             ] GC(1140) Pause Young (Allocation Failure) 7672M->5381M(7788M) 101.728ms
[4328.734s][info][gc,cpu         ] GC(1140) User=0.57s Sys=0.03s Real=0.10s
..[4331.221s][info][gc,start       ] GC(1141) Pause Young (Allocation Failure)
[4331.320s][info][gc,heap        ] GC(1141) PSYoungGen: 2608512K(2621952K)->149312K(2622464K) Eden: 2450432K(2450432K)->0K(2452992K) From: 158080K(171520K)->149312K(169472K)
[4331.320s][info][gc,heap        ] GC(1141) ParOldGen: 5353065K(5353472K)->5459321K(5459456K)
[4331.320s][info][gc,metaspace   ] GC(1141) Metaspace: 29097K(29376K)->29097K(29376K) NonClass: 25990K(26112K)->25990K(26112K) Class: 3106K(3264K)->3106K(3264K)
[4331.320s][info][gc             ] GC(1141) Pause Young (Allocation Failure) 7774M->5477M(7892M) 98.547ms
[4331.320s][info][gc,cpu         ] GC(1141) User=0.53s Sys=0.04s Real=0.10s
...[4333.741s][info][gc,start       ] GC(1142) Pause Young (Allocation Failure)
[4333.845s][info][gc,heap        ] GC(1142) PSYoungGen: 2602304K(2622464K)->162756K(2623488K) Eden: 2452992K(2452992K)->0K(2452992K) From: 149312K(169472K)->162756K(170496K)
[4333.845s][info][gc,heap        ] GC(1142) ParOldGen: 5459321K(5459456K)->5564601K(5564928K)
[4333.845s][info][gc,metaspace   ] GC(1142) Metaspace: 29097K(29376K)->29097K(29376K) NonClass: 25990K(26112K)->25990K(26112K) Class: 3106K(3264K)->3106K(3264K)
[4333.845s][info][gc             ] GC(1142) Pause Young (Allocation Failure) 7872M->5593M(7996M) 103.873ms
[4333.845s][info][gc,cpu         ] GC(1142) User=0.59s Sys=0.03s Real=0.11s
..[4336.406s][info][gc,start       ] GC(1143) Pause Full (Allocation Failure)
[4336.406s][info][gc,phases,start] GC(1143) Marking Phase
[4336.713s][info][gc,phases      ] GC(1143) Marking Phase 307.376ms
[4336.713s][info][gc,phases,start] GC(1143) Summary Phase
[4336.713s][info][gc,phases      ] GC(1143) Summary Phase 0.100ms
[4336.713s][info][gc,phases,start] GC(1143) Forward
[4336.836s][info][gc,phases      ] GC(1143) Forward 122.802ms
[4336.836s][info][gc,phases,start] GC(1143) Adjust Pointers
[4337.049s][info][gc,phases      ] GC(1143) Adjust Pointers 212.539ms
[4337.049s][info][gc,phases,start] GC(1143) Compaction Phase
[4337.197s][info][gc,phases      ] GC(1143) Compaction Phase 148.195ms
[4337.198s][info][gc,phases,start] GC(1143) Post Compact
[4337.205s][info][gc,phases      ] GC(1143) Post Compact 7.002ms
[4337.320s][info][gc,heap        ] GC(1143) PSYoungGen: 2615748K(2623488K)->0K(2624000K) Eden: 2452992K(2452992K)->0K(2451968K) From: 162756K(170496K)->0K(172032K)
[4337.320s][info][gc,heap        ] GC(1143) ParOldGen: 5564601K(5564928K)->1622626K(1919488K)
[4337.320s][info][gc,metaspace   ] GC(1143) Metaspace: 29097K(29376K)->29097K(29376K) NonClass: 25990K(26112K)->25990K(26112K) Class: 3106K(3264K)->3106K(3264K)
[4337.320s][info][gc             ] GC(1143) Pause Full (Allocation Failure) 7988M->1584M(4437M) 913.952ms
[4337.320s][info][gc,cpu         ] GC(1143) User=4.34s Sys=0.12s Real=0.91s
..[4338.922s][info][gc,start       ] GC(1144) Pause Young (Allocation Failure)
[4338.991s][info][gc,heap        ] GC(1144) PSYoungGen: 2451968K(2624000K)->163317K(2615296K) Eden: 2451968K(2451968K)->0K(2451968K) From: 0K(172032K)->163317K(163328K)
[4338.991s][info][gc,heap        ] GC(1144) ParOldGen: 1622626K(1919488K)->1622626K(1919488K)
[4338.991s][info][gc,metaspace   ] GC(1144) Metaspace: 29097K(29376K)->29097K(29376K) NonClass: 25990K(26112K)->25990K(26112K) Class: 3106K(3264K)->3106K(3264K)
[4338.991s][info][gc             ] GC(1144) Pause Young (Allocation Failure) 3979M->1744M(4428M) 69.462ms
[4338.991s][info][gc,cpu         ] GC(1144) User=0.41s Sys=0.00s Real=0.07s
...[4341.530s][info][gc,start       ] GC(1145) Pause Young (Allocation Failure)
[4341.621s][info][gc,heap        ] GC(1145) PSYoungGen: 2615285K(2615296K)->154432K(2624000K) Eden: 2451968K(2451968K)->0K(2450432K) From: 163317K(163328K)->154432K(173568K)
[4341.621s][info][gc,heap        ] GC(1145) ParOldGen: 1622626K(1919488K)->1725798K(1919488K)
[4341.621s][info][gc,metaspace   ] GC(1145) Metaspace: 29097K(29376K)->29097K(29376K) NonClass: 25990K(26112K)->25990K(26112K) Class: 3106K(3264K)->3106K(3264K)
[4341.621s][info][gc             ] GC(1145) Pause Young (Allocation Failure) 4138M->1836M(4437M) 91.220ms
[4341.621s][info][gc,cpu         ] GC(1145) User=0.54s Sys=0.00s Real=0.09s
..[4344.033s][info][gc,start       ] GC(1146) Pause Young (Allocation Failure)
[4344.122s][info][gc,heap        ] GC(1146) PSYoungGen: 2604864K(2624000K)->144352K(2622464K) Eden: 2450432K(2450432K)->0K(2450432K) From: 154432K(173568K)->144352K(172032K)
[4344.122s][info][gc,heap        ] GC(1146) ParOldGen: 1725798K(1919488K)->1832990K(1919488K)
[4344.122s][info][gc,metaspace   ] GC(1146) Metaspace: 29097K(29376K)->29097K(29376K) NonClass: 25990K(26112K)->25990K(26112K) Class: 3106K(3264K)->3106K(3264K)
[4344.122s][info][gc             ] GC(1146) Pause Young (Allocation Failure) 4229M->1930M(4435M) 89.596ms
[4344.122s][info][gc,cpu         ] GC(1146) User=0.53s Sys=0.00s Real=0.09s
...[4346.623s][info][gc,start       ] GC(1147) Pause Young (Allocation Failure)
[4346.719s][info][gc,heap        ] GC(1147) PSYoungGen: 2594784K(2622464K)->159216K(2622976K) Eden: 2450432K(2450432K)->0K(2450432K) From: 144352K(172032K)->159216K(172544K)
[4346.719s][info][gc,heap        ] GC(1147) ParOldGen: 1832990K(1919488K)->1935238K(1935360K)
[4346.719s][info][gc,metaspace   ] GC(1147) Metaspace: 29097K(29376K)->29097K(29376K) NonClass: 25990K(26112K)->25990K(26112K) Class: 3106K(3264K)->3106K(3264K)
[4346.719s][info][gc             ] GC(1147) Pause Young (Allocation Failure) 4323M->2045M(4451M) 95.979ms
[4346.719s][info][gc,cpu         ] GC(1147) User=0.56s Sys=0.01s Real=0.09s
..[4349.231s][info][gc,start       ] GC(1148) Pause Young (Allocation Failure)
[4349.332s][info][gc,heap        ] GC(1148) PSYoungGen: 2609648K(2622976K)->163257K(2613760K) Eden: 2450432K(2450432K)->0K(2450432K) From: 159216K(172544K)->163257K(163328K)
[4349.332s][info][gc,heap        ] GC(1148) ParOldGen: 1935238K(1935360K)->2039182K(2039296K)
[4349.332s][info][gc,metaspace   ] GC(1148) Metaspace: 29097K(29376K)->29097K(29376K) NonClass: 25990K(26112K)->25990K(26112K) Class: 3106K(3264K)->3106K(3264K)
[4349.332s][info][gc             ] GC(1148) Pause Young (Allocation Failure) 4438M->2150M(4544M) 100.809ms
[4349.332s][info][gc,cpu         ] GC(1148) User=0.57s Sys=0.03s Real=0.11s
.. (rIR:aIR:PR = 6642:6646:6646) (tPR = 98301) [OK] 
  4350s: Performance info:
         Transaction,    Success,    Partial,     Failed,   Receipts, AvgBarcode, 
             Overall,     399677,          0,          0,     379686,      59.48, 
         Response times:
             Request,    Success,    Partial,     Failed,   SkipFail,     Probes,    Samples,      min,      p50,      p90,      p95,      p99,      max, 
       TotalPurchase,     379676,          0,          0,          0,     353776,     384669,      300,     5100,    10800,    28000,   162000,   930000,
     InStorePurchase,     199769,          0,          0,          0,     186378,     202275,      300,     5000,    10600,    26000,   146000,   930000,
      OnlinePurchase,     139999,          0,          0,          0,     130099,     141410,      300,     5200,    10700,    27000,   134000,   930000,
        InstPurchase,      39908,          0,          0,          0,      37299,      40984,      400,     5100,    12100,    37000,   193000,   340000,
          AssocOfCat,        403,          0,          0,          0,        317,        438,    21000,    35000,    51000,    71000,   233000,   282000,
      AssocOfProduct,       4005,          0,          0,          0,       3688,       4229,      500,     5300,    11000,    39000,   199200,   303000,
      BusinessReport,        992,          0,          0,          0,        860,       1060,    29000,    42000,    71000,   137950,   385000,   498000,
          CustBuyBeh,       3989,          0,          0,          0,       3661,       4199,      500,     5200,    12800,    38000,   210000,   306000,
       ProductReturn,      10603,          0,          0,          0,       9980,      11119,      200,     5200,    11600,    36000,   417000,   930000,

  4350s: (49%)   IR =   6780 .[4351.780s][info][gc,start       ] GC(1149) Pause Young (Allocation Failure)
[4351.881s][info][gc,heap        ] GC(1149) PSYoungGen: 2613689K(2613760K)->159461K(2622976K) Eden: 2450432K(2450432K)->0K(2449408K) From: 163257K(163328K)->159461K(173568K)
[4351.881s][info][gc,heap        ] GC(1149) ParOldGen: 2039182K(2039296K)->2145742K(2145792K)
[4351.881s][info][gc,metaspace   ] GC(1149) Metaspace: 29097K(29376K)->29097K(29376K) NonClass: 25990K(26112K)->25990K(26112K) Class: 3106K(3264K)->3106K(3264K)
[4351.881s][info][gc             ] GC(1149) Pause Young (Allocation Failure) 4543M->2251M(4657M) 101.257ms
[4351.881s][info][gc,cpu         ] GC(1149) User=0.57s Sys=0.04s Real=0.10s
..[4354.343s][info][gc,start       ] GC(1150) Pause Young (Allocation Failure)
[4354.442s][info][gc,heap        ] GC(1150) PSYoungGen: 2608869K(2622976K)->160724K(2622464K) Eden: 2449408K(2449408K)->0K(2449408K) From: 159461K(173568K)->160724K(173056K)
[4354.442s][info][gc,heap        ] GC(1150) ParOldGen: 2145742K(2145792K)->2248862K(2249216K)
[4354.442s][info][gc,metaspace   ] GC(1150) Metaspace: 29097K(29376K)->29097K(29376K) NonClass: 25990K(26112K)->25990K(26112K) Class: 3106K(3264K)->3106K(3264K)
[4354.442s][info][gc             ] GC(1150) Pause Young (Allocation Failure) 4643M->2353M(4757M) 98.764ms
[4354.442s][info][gc,cpu         ] GC(1150) User=0.54s Sys=0.04s Real=0.09s
.|..[4356.839s][info][gc,start       ] GC(1151) Pause Young (Allocation Failure)
[4356.936s][info][gc,heap        ] GC(1151) PSYoungGen: 2610132K(2622464K)->156160K(2620416K) Eden: 2449408K(2449408K)->0K(2449920K) From: 160724K(173056K)->156160K(170496K)
[4356.936s][info][gc,heap        ] GC(1151) ParOldGen: 2248862K(2249216K)->2353246K(2353664K)
[4356.936s][info][gc,metaspace   ] GC(1151) Metaspace: 29097K(29376K)->29097K(29376K) NonClass: 25990K(26112K)->25990K(26112K) Class: 3106K(3264K)->3106K(3264K)
[4356.936s][info][gc             ] GC(1151) Pause Young (Allocation Failure) 4745M->2450M(4857M) 96.843ms
[4356.936s][info][gc,cpu         ] GC(1151) User=0.55s Sys=0.02s Real=0.10s
..[4359.336s][info][gc,start       ] GC(1152) Pause Young (Allocation Failure)
[4359.436s][info][gc,heap        ] GC(1152) PSYoungGen: 2606080K(2620416K)->156784K(2621440K) Eden: 2449920K(2449920K)->0K(2449920K) From: 156160K(170496K)->156784K(171520K)
[4359.436s][info][gc,heap        ] GC(1152) ParOldGen: 2353246K(2353664K)->2459462K(2459648K)
[4359.436s][info][gc,metaspace   ] GC(1152) Metaspace: 29097K(29376K)->29097K(29376K) NonClass: 25990K(26112K)->25990K(26112K) Class: 3106K(3264K)->3106K(3264K)
[4359.436s][info][gc             ] GC(1152) Pause Young (Allocation Failure) 4843M->2554M(4962M) 100.018ms
[4359.436s][info][gc,cpu         ] GC(1152) User=0.55s Sys=0.03s Real=0.10s
...[4361.894s][info][gc,start       ] GC(1153) Pause Young (Allocation Failure)
[4361.991s][info][gc,heap        ] GC(1153) PSYoungGen: 2606704K(2621440K)->157792K(2622464K) Eden: 2449920K(2449920K)->0K(2454016K) From: 156784K(171520K)->157792K(168448K)
[4361.991s][info][gc,heap        ] GC(1153) ParOldGen: 2459462K(2459648K)->2561382K(2561536K)
[4361.991s][info][gc,metaspace   ] GC(1153) Metaspace: 29097K(29376K)->29097K(29376K) NonClass: 25990K(26112K)->25990K(26112K) Class: 3106K(3264K)->3106K(3264K)
[4361.991s][info][gc             ] GC(1153) Pause Young (Allocation Failure) 4947M->2655M(5062M) 97.596ms
[4361.991s][info][gc,cpu         ] GC(1153) User=0.54s Sys=0.04s Real=0.09s
..[4364.438s][info][gc,start       ] GC(1154) Pause Young (Allocation Failure)
[4364.539s][info][gc,heap        ] GC(1154) PSYoungGen: 2611808K(2622464K)->161792K(2623488K) Eden: 2454016K(2454016K)->0K(2454016K) From: 157792K(168448K)->161792K(169472K)
[4364.539s][info][gc,heap        ] GC(1154) ParOldGen: 2561382K(2561536K)->2666174K(2666496K)
[4364.539s][info][gc,metaspace   ] GC(1154) Metaspace: 29097K(29376K)->29097K(29376K) NonClass: 25990K(26112K)->25990K(26112K) Class: 3106K(3264K)->3106K(3264K)
[4364.539s][info][gc             ] GC(1154) Pause Young (Allocation Failure) 5051M->2761M(5166M) 100.799ms
[4364.539s][info][gc,cpu         ] GC(1154) User=0.57s Sys=0.02s Real=0.10s
...[4366.960s][info][gc,start       ] GC(1155) Pause Young (Allocation Failure)
[4367.063s][info][gc,heap        ] GC(1155) PSYoungGen: 2615808K(2623488K)->158954K(2626048K) Eden: 2454016K(2454016K)->0K(2456576K) From: 161792K(169472K)->158954K(169472K)
[4367.063s][info][gc,heap        ] GC(1155) ParOldGen: 2666174K(2666496K)->2771294K(2771456K)
[4367.063s][info][gc,metaspace   ] GC(1155) Metaspace: 29097K(29376K)->29097K(29376K) NonClass: 25990K(26112K)->25990K(26112K) Class: 3106K(3264K)->3106K(3264K)
[4367.063s][info][gc             ] GC(1155) Pause Young (Allocation Failure) 5158M->2861M(5271M) 102.804ms
[4367.063s][info][gc,cpu         ] GC(1155) User=0.56s Sys=0.04s Real=0.11s
..[4369.437s][info][gc,start       ] GC(1156) Pause Young (Allocation Failure)
[4369.534s][info][gc,heap        ] GC(1156) PSYoungGen: 2615530K(2626048K)->149888K(2626048K) Eden: 2456576K(2456576K)->0K(2456576K) From: 158954K(169472K)->149888K(169472K)
[4369.534s][info][gc,heap        ] GC(1156) ParOldGen: 2771294K(2771456K)->2876022K(2876416K)
[4369.534s][info][gc,metaspace   ] GC(1156) Metaspace: 29097K(29376K)->29097K(29376K) NonClass: 25990K(26112K)->25990K(26112K) Class: 3106K(3264K)->3106K(3264K)
[4369.534s][info][gc             ] GC(1156) Pause Young (Allocation Failure) 5260M->2954M(5373M) 96.440ms
[4369.534s][info][gc,cpu         ] GC(1156) User=0.52s Sys=0.04s Real=0.10s
...[4371.991s][info][gc,start       ] GC(1157) Pause Young (Allocation Failure)
[4372.088s][info][gc,heap        ] GC(1157) PSYoungGen: 2606464K(2626048K)->153028K(2625536K) Eden: 2456576K(2456576K)->0K(2457088K) From: 149888K(169472K)->153028K(168448K)
[4372.088s][info][gc,heap        ] GC(1157) ParOldGen: 2876022K(2876416K)->2978686K(2978816K)
[4372.088s][info][gc,metaspace   ] GC(1157) Metaspace: 29097K(29376K)->29097K(29376K) NonClass: 25990K(26112K)->25990K(26112K) Class: 3106K(3264K)->3106K(3264K)
[4372.088s][info][gc             ] GC(1157) Pause Young (Allocation Failure) 5353M->3058M(5473M) 96.690ms
[4372.088s][info][gc,cpu         ] GC(1157) User=0.55s Sys=0.03s Real=0.10s
..[4374.459s][info][gc,start       ] GC(1158) Pause Young (Allocation Failure)
[4374.560s][info][gc,heap        ] GC(1158) PSYoungGen: 2610116K(2625536K)->160470K(2626048K) Eden: 2457088K(2457088K)->0K(2457088K) From: 153028K(168448K)->160470K(168960K)
[4374.560s][info][gc,heap        ] GC(1158) ParOldGen: 2978686K(2978816K)->3083886K(3084288K)
[4374.560s][info][gc,metaspace   ] GC(1158) Metaspace: 29097K(29376K)->29097K(29376K) NonClass: 25990K(26112K)->25990K(26112K) Class: 3106K(3264K)->3106K(3264K)
[4374.560s][info][gc             ] GC(1158) Pause Young (Allocation Failure) 5457M->3168M(5576M) 101.406ms
[4374.560s][info][gc,cpu         ] GC(1158) User=0.58s Sys=0.03s Real=0.10s
...[4377.124s][info][gc,start       ] GC(1159) Pause Young (Allocation Failure)
[4377.219s][info][gc,heap        ] GC(1159) PSYoungGen: 2617558K(2626048K)->153632K(2626048K) Eden: 2457088K(2457088K)->0K(2458112K) From: 160470K(168960K)->153632K(167936K)
[4377.219s][info][gc,heap        ] GC(1159) ParOldGen: 3083886K(3084288K)->3185294K(3185664K)
[4377.219s][info][gc,metaspace   ] GC(1159) Metaspace: 29097K(29376K)->29097K(29376K) NonClass: 25990K(26112K)->25990K(26112K) Class: 3106K(3264K)->3106K(3264K)
[4377.219s][info][gc             ] GC(1159) Pause Young (Allocation Failure) 5567M->3260M(5675M) 94.841ms
[4377.219s][info][gc,cpu         ] GC(1159) User=0.53s Sys=0.03s Real=0.09s
..[4379.575s][info][gc,start       ] GC(1160) Pause Young (Allocation Failure)
[4379.672s][info][gc,heap        ] GC(1160) PSYoungGen: 2611744K(2626048K)->147904K(2626560K) Eden: 2458112K(2458112K)->0K(2458112K) From: 153632K(167936K)->147904K(168448K)
[4379.672s][info][gc,heap        ] GC(1160) ParOldGen: 3185294K(3185664K)->3294982K(3295232K)
[4379.672s][info][gc,metaspace   ] GC(1160) Metaspace: 29097K(29376K)->29097K(29376K) NonClass: 25990K(26112K)->25990K(26112K) Class: 3106K(3264K)->3106K(3264K)
[4379.672s][info][gc             ] GC(1160) Pause Young (Allocation Failure) 5661M->3362M(5783M) 96.644ms
[4379.673s][info][gc,cpu         ] GC(1160) User=0.53s Sys=0.03s Real=0.10s
...[4382.091s][info][gc,start       ] GC(1161) Pause Young (Allocation Failure)
[4382.185s][info][gc,heap        ] GC(1161) PSYoungGen: 2606016K(2626560K)->146912K(2627072K) Eden: 2458112K(2458112K)->0K(2458112K) From: 147904K(168448K)->146912K(168960K)
[4382.185s][info][gc,heap        ] GC(1161) ParOldGen: 3294982K(3295232K)->3396510K(3396608K)
[4382.185s][info][gc,metaspace   ] GC(1161) Metaspace: 29097K(29376K)->29097K(29376K) NonClass: 25990K(26112K)->25990K(26112K) Class: 3106K(3264K)->3106K(3264K)
[4382.185s][info][gc             ] GC(1161) Pause Young (Allocation Failure) 5762M->3460M(5882M) 94.190ms
[4382.185s][info][gc,cpu         ] GC(1161) User=0.53s Sys=0.02s Real=0.10s
...[4384.710s][info][gc,start       ] GC(1162) Pause Young (Allocation Failure)
[4384.812s][info][gc,heap        ] GC(1162) PSYoungGen: 2605024K(2627072K)->164116K(2622464K) Eden: 2458112K(2458112K)->0K(2458112K) From: 146912K(168960K)->164116K(164352K)
[4384.812s][info][gc,heap        ] GC(1162) ParOldGen: 3396510K(3396608K)->3498590K(3499008K)
[4384.812s][info][gc,metaspace   ] GC(1162) Metaspace: 29097K(29376K)->29097K(29376K) NonClass: 25990K(26112K)->25990K(26112K) Class: 3106K(3264K)->3106K(3264K)
[4384.812s][info][gc             ] GC(1162) Pause Young (Allocation Failure) 5860M->3576M(5978M) 101.672ms
[4384.812s][info][gc,cpu         ] GC(1162) User=0.56s Sys=0.04s Real=0.10s
..[4387.224s][info][gc,start       ] GC(1163) Pause Young (Allocation Failure)
[4387.327s][info][gc,heap        ] GC(1163) PSYoungGen: 2622228K(2622464K)->159216K(2625024K) Eden: 2458112K(2458112K)->0K(2454016K) From: 164116K(164352K)->159216K(171008K)
[4387.327s][info][gc,heap        ] GC(1163) ParOldGen: 3498590K(3499008K)->3607702K(3608064K)
[4387.327s][info][gc,metaspace   ] GC(1163) Metaspace: 29097K(29376K)->29097K(29376K) NonClass: 25990K(26112K)->25990K(26112K) Class: 3106K(3264K)->3106K(3264K)
[4387.327s][info][gc             ] GC(1163) Pause Young (Allocation Failure) 5977M->3678M(6087M) 102.398ms
[4387.327s][info][gc,cpu         ] GC(1163) User=0.57s Sys=0.03s Real=0.10s
..[4389.676s][info][gc,start       ] GC(1164) Pause Young (Allocation Failure)
[4389.773s][info][gc,heap        ] GC(1164) PSYoungGen: 2613232K(2625024K)->151136K(2605568K) Eden: 2454016K(2454016K)->0K(2454016K) From: 159216K(171008K)->151136K(151552K)
[4389.774s][info][gc,heap        ] GC(1164) ParOldGen: 3607702K(3608064K)->3711566K(3712000K)
[4389.774s][info][gc,metaspace   ] GC(1164) Metaspace: 29097K(29376K)->29097K(29376K) NonClass: 25990K(26112K)->25990K(26112K) Class: 3106K(3264K)->3106K(3264K)
[4389.774s][info][gc             ] GC(1164) Pause Young (Allocation Failure) 6075M->3772M(6169M) 97.255ms
[4389.774s][info][gc,cpu         ] GC(1164) User=0.53s Sys=0.04s Real=0.10s
...[4392.214s][info][gc,start       ] GC(1165) Pause Young (Allocation Failure)
[4392.312s][info][gc,heap        ] GC(1165) PSYoungGen: 2605152K(2605568K)->153984K(2625024K) Eden: 2454016K(2454016K)->0K(2455040K) From: 151136K(151552K)->153984K(169984K)
[4392.312s][info][gc,heap        ] GC(1165) ParOldGen: 3711566K(3712000K)->3813366K(3813376K)
[4392.312s][info][gc,metaspace   ] GC(1165) Metaspace: 29097K(29376K)->29097K(29376K) NonClass: 25990K(26112K)->25990K(26112K) Class: 3106K(3264K)->3106K(3264K)
[4392.312s][info][gc             ] GC(1165) Pause Young (Allocation Failure) 6168M->3874M(6287M) 97.760ms
[4392.312s][info][gc,cpu         ] GC(1165) User=0.54s Sys=0.03s Real=0.10s
...[4394.802s][info][gc,start       ] GC(1166) Pause Young (Allocation Failure)
[4394.907s][info][gc,heap        ] GC(1166) PSYoungGen: 2609024K(2625024K)->166308K(2624000K) Eden: 2455040K(2455040K)->0K(2455040K) From: 153984K(169984K)->166308K(168960K)
[4394.907s][info][gc,heap        ] GC(1166) ParOldGen: 3813366K(3813376K)->3919110K(3919360K)
[4394.907s][info][gc,metaspace   ] GC(1166) Metaspace: 29097K(29376K)->29097K(29376K) NonClass: 25990K(26112K)->25990K(26112K) Class: 3106K(3264K)->3106K(3264K)
[4394.907s][info][gc             ] GC(1166) Pause Young (Allocation Failure) 6271M->3989M(6390M) 104.671ms
[4394.907s][info][gc,cpu         ] GC(1166) User=0.57s Sys=0.04s Real=0.10s
..[4397.392s][info][gc,start       ] GC(1167) Pause Young (Allocation Failure)
[4397.492s][info][gc,heap        ] GC(1167) PSYoungGen: 2621348K(2624000K)->158832K(2625024K) Eden: 2455040K(2455040K)->0K(2453504K) From: 166308K(168960K)->158832K(171520K)
[4397.492s][info][gc,heap        ] GC(1167) ParOldGen: 3919110K(3919360K)->4023374K(4023808K)
[4397.492s][info][gc,metaspace   ] GC(1167) Metaspace: 29097K(29376K)->29097K(29376K) NonClass: 25990K(26112K)->25990K(26112K) Class: 3106K(3264K)->3106K(3264K)
[4397.492s][info][gc             ] GC(1167) Pause Young (Allocation Failure) 6387M->4084M(6493M) 100.250ms
[4397.492s][info][gc,cpu         ] GC(1167) User=0.55s Sys=0.03s Real=0.10s
...[4399.841s][info][gc,start       ] GC(1168) Pause Young (Allocation Failure)
[4399.941s][info][gc,heap        ] GC(1168) PSYoungGen: 2612336K(2625024K)->156032K(2609664K) Eden: 2453504K(2453504K)->0K(2453504K) From: 158832K(171520K)->156032K(156160K)
[4399.941s][info][gc,heap        ] GC(1168) ParOldGen: 4023374K(4023808K)->4129294K(4129792K)
[4399.941s][info][gc,metaspace   ] GC(1168) Metaspace: 29097K(29376K)->29097K(29376K) NonClass: 25990K(26112K)->25990K(26112K) Class: 3106K(3264K)->3106K(3264K)
[4399.941s][info][gc             ] GC(1168) Pause Young (Allocation Failure) 6480M->4184M(6581M) 100.205ms
[4399.941s][info][gc,cpu         ] GC(1168) User=0.56s Sys=0.04s Real=0.10s
..[4402.386s][info][gc,start       ] GC(1169) Pause Young (Allocation Failure)
[4402.486s][info][gc,heap        ] GC(1169) PSYoungGen: 2609536K(2609664K)->157872K(2624512K) Eden: 2453504K(2453504K)->0K(2454528K) From: 156032K(156160K)->157872K(169984K)
[4402.486s][info][gc,heap        ] GC(1169) ParOldGen: 4129294K(4129792K)->4231678K(4231680K)
[4402.486s][info][gc,metaspace   ] GC(1169) Metaspace: 29097K(29376K)->29097K(29376K) NonClass: 25990K(26112K)->25990K(26112K) Class: 3106K(3264K)->3106K(3264K)
[4402.486s][info][gc             ] GC(1169) Pause Young (Allocation Failure) 6580M->4286M(6695M) 99.690ms
[4402.486s][info][gc,cpu         ] GC(1169) User=0.56s Sys=0.03s Real=0.10s
...[4404.946s][info][gc,start       ] GC(1170) Pause Young (Allocation Failure)
[4405.042s][info][gc,heap        ] GC(1170) PSYoungGen: 2612400K(2624512K)->148064K(2623488K) Eden: 2454528K(2454528K)->0K(2454528K) From: 157872K(169984K)->148064K(168960K)
[4405.042s][info][gc,heap        ] GC(1170) ParOldGen: 4231678K(4231680K)->4335798K(4336128K)
[4405.042s][info][gc,metaspace   ] GC(1170) Metaspace: 29097K(29376K)->29097K(29376K) NonClass: 25990K(26112K)->25990K(26112K) Class: 3106K(3264K)->3106K(3264K)
[4405.042s][info][gc             ] GC(1170) Pause Young (Allocation Failure) 6683M->4378M(6796M) 95.940ms
[4405.042s][info][gc,cpu         ] GC(1170) User=0.52s Sys=0.04s Real=0.10s
..[4407.436s][info][gc,start       ] GC(1171) Pause Young (Allocation Failure)
[4407.536s][info][gc,heap        ] GC(1171) PSYoungGen: 2602592K(2623488K)->156256K(2624512K) Eden: 2454528K(2454528K)->0K(2457600K) From: 148064K(168960K)->156256K(166912K)
[4407.536s][info][gc,heap        ] GC(1171) ParOldGen: 4335798K(4336128K)->4441742K(4442112K)
[4407.536s][info][gc,metaspace   ] GC(1171) Metaspace: 29097K(29376K)->29097K(29376K) NonClass: 25990K(26112K)->25990K(26112K) Class: 3106K(3264K)->3106K(3264K)
[4407.536s][info][gc             ] GC(1171) Pause Young (Allocation Failure) 6775M->4490M(6901M) 100.065ms
[4407.536s][info][gc,cpu         ] GC(1171) User=0.54s Sys=0.04s Real=0.10s
...[4410.007s][info][gc,start       ] GC(1172) Pause Young (Allocation Failure)
[4410.106s][info][gc,heap        ] GC(1172) PSYoungGen: 2613856K(2624512K)->156629K(2625536K) Eden: 2457600K(2457600K)->0K(2457600K) From: 156256K(166912K)->156629K(167936K)
[4410.106s][info][gc,heap        ] GC(1172) ParOldGen: 4441742K(4442112K)->4543590K(4544000K)
[4410.106s][info][gc,metaspace   ] GC(1172) Metaspace: 29097K(29376K)->29097K(29376K) NonClass: 25990K(26112K)->25990K(26112K) Class: 3106K(3264K)->3106K(3264K)
[4410.106s][info][gc             ] GC(1172) Pause Young (Allocation Failure) 6890M->4590M(7001M) 99.053ms
[4410.106s][info][gc,cpu         ] GC(1172) User=0.56s Sys=0.02s Real=0.10s
..[4412.493s][info][gc,start       ] GC(1173) Pause Young (Allocation Failure)
[4412.591s][info][gc,heap        ] GC(1173) PSYoungGen: 2614229K(2625536K)->150976K(2628096K) Eden: 2457600K(2457600K)->0K(2461184K) From: 156629K(167936K)->150976K(166912K)
[4412.591s][info][gc,heap        ] GC(1173) ParOldGen: 4543590K(4544000K)->4649782K(4649984K)
[4412.591s][info][gc,metaspace   ] GC(1173) Metaspace: 29097K(29376K)->29097K(29376K) NonClass: 25990K(26112K)->25990K(26112K) Class: 3106K(3264K)->3106K(3264K)
[4412.591s][info][gc             ] GC(1173) Pause Young (Allocation Failure) 6990M->4688M(7107M) 98.393ms
[4412.591s][info][gc,cpu         ] GC(1173) User=0.54s Sys=0.04s Real=0.09s
... (rIR:aIR:PR = 6780:6778:6778) (tPR = 100813) [OK] 
  4414s: Performance info:
         Transaction,    Success,    Partial,     Failed,   Receipts, AvgBarcode, 
             Overall,     408772,          0,          0,     388332,      59.48, 
         Response times:
             Request,    Success,    Partial,     Failed,   SkipFail,     Probes,    Samples,      min,      p50,      p90,      p95,      p99,      max, 
       TotalPurchase,     388330,          0,          0,          0,     361070,     387462,      300,     5100,    10500,    20000,    51000,   165000,
     InStorePurchase,     204474,          0,          0,          0,     189346,     202776,      300,     5400,    10800,    21000,    51000,   165000,
      OnlinePurchase,     142923,          0,          0,          0,     133190,     142983,      300,     4700,    10000,    19080,    51000,   149000,
        InstPurchase,      40933,          0,          0,          0,      38534,      41703,      400,     4900,    10600,    21000,    48000,   144000,
          AssocOfCat,        413,          0,          0,          0,        314,        406,    18400,    37000,    58000,    87650,   147790,   168000,
      AssocOfProduct,       4083,          0,          0,          0,       3809,       4270,      400,     5400,    10900,    19300,    61000,   118000,
      BusinessReport,       1022,          0,          0,          0,        906,       1092,    27000,    43000,    66000,    84000,   150210,   171000,
          CustBuyBeh,       4091,          0,          0,          0,       3825,       4303,      300,     2700,     9400,    15380,    47000,   144000,
       ProductReturn,      10832,          0,          0,          0,      10352,      11334,      200,     5500,    10800,    19800,    56000,   144000,

  4414s: (50%)   IR =   6918 [4415.070s][info][gc,start       ] GC(1174) Pause Young (Allocation Failure)
[4415.169s][info][gc,heap        ] GC(1174) PSYoungGen: 2612160K(2628096K)->150528K(2628096K) Eden: 2461184K(2461184K)->0K(2461184K) From: 150976K(166912K)->150528K(166912K)
[4415.169s][info][gc,heap        ] GC(1174) ParOldGen: 4649782K(4649984K)->4753958K(4754432K)
[4415.169s][info][gc,metaspace   ] GC(1174) Metaspace: 29098K(29376K)->29098K(29376K) NonClass: 25991K(26112K)->25991K(26112K) Class: 3106K(3264K)->3106K(3264K)
[4415.169s][info][gc             ] GC(1174) Pause Young (Allocation Failure) 7091M->4789M(7209M) 99.254ms
[4415.169s][info][gc,cpu         ] GC(1174) User=0.54s Sys=0.04s Real=0.10s
..[4417.556s][info][gc,start       ] GC(1175) Pause Young (Allocation Failure)
[4417.657s][info][gc,heap        ] GC(1175) PSYoungGen: 2611712K(2628096K)->156448K(2628608K) Eden: 2461184K(2461184K)->0K(2462720K) From: 150528K(166912K)->156448K(165888K)
[4417.657s][info][gc,heap        ] GC(1175) ParOldGen: 4753958K(4754432K)->4858366K(4858368K)
[4417.657s][info][gc,metaspace   ] GC(1175) Metaspace: 29098K(29376K)->29098K(29376K) NonClass: 25991K(26112K)->25991K(26112K) Class: 3106K(3264K)->3106K(3264K)
[4417.657s][info][gc             ] GC(1175) Pause Young (Allocation Failure) 7193M->4897M(7311M) 101.035ms
[4417.657s][info][gc,cpu         ] GC(1175) User=0.56s Sys=0.04s Real=0.10s
..|.[4420.011s][info][gc,start       ] GC(1176) Pause Young (Allocation Failure)
[4420.107s][info][gc,heap        ] GC(1176) PSYoungGen: 2619168K(2628608K)->143520K(2628608K) Eden: 2462720K(2462720K)->0K(2462720K) From: 156448K(165888K)->143520K(165888K)
[4420.107s][info][gc,heap        ] GC(1176) ParOldGen: 4858366K(4858368K)->4965182K(4965376K)
[4420.108s][info][gc,metaspace   ] GC(1176) Metaspace: 29098K(29376K)->29098K(29376K) NonClass: 25991K(26112K)->25991K(26112K) Class: 3106K(3264K)->3106K(3264K)
[4420.108s][info][gc             ] GC(1176) Pause Young (Allocation Failure) 7302M->4988M(7416M) 96.086ms
[4420.108s][info][gc,cpu         ] GC(1176) User=0.53s Sys=0.03s Real=0.10s
..[4421.992s][info][gc,start       ] GC(1177) Pause Full (Diagnostic Command)
[4421.992s][info][gc,phases,start] GC(1177) Marking Phase
[4422.308s][info][gc,phases      ] GC(1177) Marking Phase 315.530ms
[4422.308s][info][gc,phases,start] GC(1177) Summary Phase
[4422.308s][info][gc,phases      ] GC(1177) Summary Phase 0.089ms
[4422.308s][info][gc,phases,start] GC(1177) Forward
[4422.489s][info][gc,phases      ] GC(1177) Forward 181.422ms
[4422.489s][info][gc,phases,start] GC(1177) Adjust Pointers
[4422.720s][info][gc,phases      ] GC(1177) Adjust Pointers 230.545ms
[4422.720s][info][gc,phases,start] GC(1177) Compaction Phase
[4422.908s][info][gc,phases      ] GC(1177) Compaction Phase 188.394ms
[4422.911s][info][gc,phases,start] GC(1177) Post Compact
[4422.917s][info][gc,phases      ] GC(1177) Post Compact 6.013ms
[4422.917s][info][gc,heap        ] GC(1177) PSYoungGen: 2058058K(2628608K)->0K(2628608K) Eden: 1914538K(2462720K)->0K(2462720K) From: 143520K(165888K)->0K(165888K)
[4422.917s][info][gc,heap        ] GC(1177) ParOldGen: 4965182K(4965376K)->1353379K(4965376K)
[4422.917s][info][gc,metaspace   ] GC(1177) Metaspace: 29098K(29376K)->29098K(29376K) NonClass: 25991K(26112K)->25991K(26112K) Class: 3106K(3264K)->3106K(3264K)
[4422.917s][info][gc             ] GC(1177) Pause Full (Diagnostic Command) 6858M->1321M(7416M) 924.830ms
[4422.917s][info][gc,cpu         ] GC(1177) User=4.87s Sys=0.00s Real=0.92s
..[4424.465s][info][gc,start       ] GC(1178) Pause Young (Allocation Failure)
[4424.530s][info][gc,heap        ] GC(1178) PSYoungGen: 2462720K(2628608K)->159316K(2628096K) Eden: 2462720K(2462720K)->0K(2461184K) From: 0K(165888K)->159316K(166912K)
[4424.530s][info][gc,heap        ] GC(1178) ParOldGen: 1353379K(4965376K)->1353379K(4965376K)
[4424.530s][info][gc,metaspace   ] GC(1178) Metaspace: 29098K(29376K)->29098K(29376K) NonClass: 25991K(26112K)->25991K(26112K) Class: 3106K(3264K)->3106K(3264K)
[4424.530s][info][gc             ] GC(1178) Pause Young (Allocation Failure) 3726M->1477M(7415M) 64.734ms
[4424.530s][info][gc,cpu         ] GC(1178) User=0.37s Sys=0.00s Real=0.06s
...[4426.989s][info][gc,start       ] GC(1179) Pause Young (Allocation Failure)
[4427.083s][info][gc,heap        ] GC(1179) PSYoungGen: 2620500K(2628096K)->151268K(2628608K) Eden: 2461184K(2461184K)->0K(2461184K) From: 159316K(166912K)->151268K(167424K)
[4427.083s][info][gc,heap        ] GC(1179) ParOldGen: 1353379K(4965376K)->1464767K(4965376K)
[4427.083s][info][gc,metaspace   ] GC(1179) Metaspace: 29098K(29376K)->29098K(29376K) NonClass: 25991K(26112K)->25991K(26112K) Class: 3106K(3264K)->3106K(3264K)
[4427.083s][info][gc             ] GC(1179) Pause Young (Allocation Failure) 3880M->1578M(7416M) 93.816ms
[4427.083s][info][gc,cpu         ] GC(1179) User=0.56s Sys=0.00s Real=0.10s
..[4429.455s][info][gc,start       ] GC(1180) Pause Young (Allocation Failure)
[4429.546s][info][gc,heap        ] GC(1180) PSYoungGen: 2612452K(2628608K)->154592K(2626560K) Eden: 2461184K(2461184K)->0K(2461696K) From: 151268K(167424K)->154592K(164864K)
[4429.546s][info][gc,heap        ] GC(1180) ParOldGen: 1464767K(4965376K)->1567055K(4965376K)
[4429.546s][info][gc,metaspace   ] GC(1180) Metaspace: 29098K(29376K)->29098K(29376K) NonClass: 25991K(26112K)->25991K(26112K) Class: 3106K(3264K)->3106K(3264K)
[4429.546s][info][gc             ] GC(1180) Pause Young (Allocation Failure) 3981M->1681M(7414M) 91.372ms
[4429.547s][info][gc,cpu         ] GC(1180) User=0.53s Sys=0.00s Real=0.09s
...[4431.959s][info][gc,start       ] GC(1181) Pause Young (Allocation Failure)
[4432.049s][info][gc,heap        ] GC(1181) PSYoungGen: 2616288K(2626560K)->147296K(2627584K) Eden: 2461696K(2461696K)->0K(2461696K) From: 154592K(164864K)->147296K(165888K)
[4432.049s][info][gc,heap        ] GC(1181) ParOldGen: 1567055K(4965376K)->1672935K(4965376K)
[4432.049s][info][gc,metaspace   ] GC(1181) Metaspace: 29098K(29376K)->29098K(29376K) NonClass: 25991K(26112K)->25991K(26112K) Class: 3106K(3264K)->3106K(3264K)
[4432.049s][info][gc             ] GC(1181) Pause Young (Allocation Failure) 4085M->1777M(7415M) 89.716ms
[4432.049s][info][gc,cpu         ] GC(1181) User=0.54s Sys=0.00s Real=0.09s
..[4434.480s][info][gc,start       ] GC(1182) Pause Young (Allocation Failure)
[4434.574s][info][gc,heap        ] GC(1182) PSYoungGen: 2608992K(2627584K)->161920K(2626048K) Eden: 2461696K(2461696K)->0K(2460160K) From: 147296K(165888K)->161920K(165888K)
[4434.574s][info][gc,heap        ] GC(1182) ParOldGen: 1672935K(4965376K)->1777367K(4965376K)
[4434.574s][info][gc,metaspace   ] GC(1182) Metaspace: 29098K(29376K)->29098K(29376K) NonClass: 25991K(26112K)->25991K(26112K) Class: 3106K(3264K)->3106K(3264K)
[4434.574s][info][gc             ] GC(1182) Pause Young (Allocation Failure) 4181M->1893M(7413M) 94.070ms
[4434.574s][info][gc,cpu         ] GC(1182) User=0.55s Sys=0.00s Real=0.10s
..[4436.948s][info][gc,start       ] GC(1183) Pause Young (Allocation Failure)
[4437.044s][info][gc,heap        ] GC(1183) PSYoungGen: 2622080K(2626048K)->165188K(2625536K) Eden: 2460160K(2460160K)->0K(2460160K) From: 161920K(165888K)->165188K(165376K)
[4437.044s][info][gc,heap        ] GC(1183) ParOldGen: 1777367K(4965376K)->1881735K(4965376K)
[4437.044s][info][gc,metaspace   ] GC(1183) Metaspace: 29098K(29376K)->29098K(29376K) NonClass: 25991K(26112K)->25991K(26112K) Class: 3106K(3264K)->3106K(3264K)
[4437.044s][info][gc             ] GC(1183) Pause Young (Allocation Failure) 4296M->1998M(7413M) 96.455ms
[4437.044s][info][gc,cpu         ] GC(1183) User=0.57s Sys=0.00s Real=0.10s
...[4439.435s][info][gc,start       ] GC(1184) Pause Young (Allocation Failure)
[4439.535s][info][gc,heap        ] GC(1184) PSYoungGen: 2625348K(2625536K)->166329K(2620416K) Eden: 2460160K(2460160K)->0K(2449920K) From: 165188K(165376K)->166329K(170496K)
[4439.535s][info][gc,heap        ] GC(1184) ParOldGen: 1881735K(4965376K)->1987239K(4965376K)
[4439.535s][info][gc,metaspace   ] GC(1184) Metaspace: 29098K(29376K)->29098K(29376K) NonClass: 25991K(26112K)->25991K(26112K) Class: 3106K(3264K)->3106K(3264K)
[4439.535s][info][gc             ] GC(1184) Pause Young (Allocation Failure) 4401M->2103M(7408M) 99.335ms
[4439.535s][info][gc,cpu         ] GC(1184) User=0.59s Sys=0.00s Real=0.10s
..[4441.997s][info][gc,start       ] GC(1185) Pause Young (Allocation Failure)
[4442.097s][info][gc,heap        ] GC(1185) PSYoungGen: 2616249K(2620416K)->165557K(2615808K) Eden: 2449920K(2449920K)->0K(2449920K) From: 166329K(170496K)->165557K(165888K)
[4442.097s][info][gc,heap        ] GC(1185) ParOldGen: 1987239K(4965376K)->2091359K(4965376K)
[4442.097s][info][gc,metaspace   ] GC(1185) Metaspace: 29098K(29376K)->29098K(29376K) NonClass: 25991K(26112K)->25991K(26112K) Class: 3106K(3264K)->3106K(3264K)
[4442.097s][info][gc             ] GC(1185) Pause Young (Allocation Failure) 4495M->2204M(7403M) 100.126ms
[4442.097s][info][gc,cpu         ] GC(1185) User=0.59s Sys=0.00s Real=0.10s
...[4444.441s][info][gc,start       ] GC(1186) Pause Young (Allocation Failure)
[4444.538s][info][gc,heap        ] GC(1186) PSYoungGen: 2615477K(2615808K)->158144K(2622976K) Eden: 2449920K(2449920K)->0K(2448384K) From: 165557K(165888K)->158144K(174592K)
[4444.538s][info][gc,heap        ] GC(1186) ParOldGen: 2091359K(4965376K)->2197807K(4965376K)
[4444.538s][info][gc,metaspace   ] GC(1186) Metaspace: 29098K(29376K)->29098K(29376K) NonClass: 25991K(26112K)->25991K(26112K) Class: 3106K(3264K)->3106K(3264K)
[4444.538s][info][gc             ] GC(1186) Pause Young (Allocation Failure) 4596M->2300M(7410M) 96.160ms
[4444.538s][info][gc,cpu         ] GC(1186) User=0.57s Sys=0.00s Real=0.10s
..[4446.842s][info][gc,start       ] GC(1187) Pause Young (Allocation Failure)
[4446.938s][info][gc,heap        ] GC(1187) PSYoungGen: 2606528K(2622976K)->159520K(2608128K) Eden: 2448384K(2448384K)->0K(2448384K) From: 158144K(174592K)->159520K(159744K)
[4446.938s][info][gc,heap        ] GC(1187) ParOldGen: 2197807K(4965376K)->2302207K(4965376K)
[4446.938s][info][gc,metaspace   ] GC(1187) Metaspace: 29098K(29376K)->29098K(29376K) NonClass: 25991K(26112K)->25991K(26112K) Class: 3106K(3264K)->3106K(3264K)
[4446.938s][info][gc             ] GC(1187) Pause Young (Allocation Failure) 4691M->2404M(7396M) 95.953ms
[4446.938s][info][gc,cpu         ] GC(1187) User=0.56s Sys=0.00s Real=0.09s
...[4449.321s][info][gc,start       ] GC(1188) Pause Young (Allocation Failure)
[4449.415s][info][gc,heap        ] GC(1188) PSYoungGen: 2607904K(2608128K)->155232K(2621952K) Eden: 2448384K(2448384K)->0K(2449408K) From: 159520K(159744K)->155232K(172544K)
[4449.415s][info][gc,heap        ] GC(1188) ParOldGen: 2302207K(4965376K)->2405495K(4965376K)
[4449.415s][info][gc,metaspace   ] GC(1188) Metaspace: 29098K(29376K)->29098K(29376K) NonClass: 25991K(26112K)->25991K(26112K) Class: 3106K(3264K)->3106K(3264K)
[4449.415s][info][gc             ] GC(1188) Pause Young (Allocation Failure) 4795M->2500M(7409M) 93.537ms
[4449.415s][info][gc,cpu         ] GC(1188) User=0.56s Sys=0.00s Real=0.10s
..[4451.793s][info][gc,start       ] GC(1189) Pause Young (Allocation Failure)
[4451.889s][info][gc,heap        ] GC(1189) PSYoungGen: 2604640K(2621952K)->160048K(2620928K) Eden: 2449408K(2449408K)->0K(2449408K) From: 155232K(172544K)->160048K(171520K)
[4451.889s][info][gc,heap        ] GC(1189) ParOldGen: 2405495K(4965376K)->2509271K(4965376K)
[4451.889s][info][gc,metaspace   ] GC(1189) Metaspace: 29098K(29376K)->29098K(29376K) NonClass: 25991K(26112K)->25991K(26112K) Class: 3106K(3264K)->3106K(3264K)
[4451.889s][info][gc             ] GC(1189) Pause Young (Allocation Failure) 4892M->2606M(7408M) 95.633ms
[4451.889s][info][gc,cpu         ] GC(1189) User=0.57s Sys=0.00s Real=0.09s
...[4454.289s][info][gc,start       ] GC(1190) Pause Young (Allocation Failure)
[4454.381s][info][gc,heap        ] GC(1190) PSYoungGen: 2609456K(2620928K)->150944K(2622976K) Eden: 2449408K(2449408K)->0K(2451968K) From: 160048K(171520K)->150944K(171008K)
[4454.381s][info][gc,heap        ] GC(1190) ParOldGen: 2509271K(4965376K)->2612623K(4965376K)
[4454.381s][info][gc,metaspace   ] GC(1190) Metaspace: 29098K(29376K)->29098K(29376K) NonClass: 25991K(26112K)->25991K(26112K) Class: 3106K(3264K)->3106K(3264K)
[4454.381s][info][gc             ] GC(1190) Pause Young (Allocation Failure) 4998M->2698M(7410M) 91.466ms
[4454.381s][info][gc,cpu         ] GC(1190) User=0.54s Sys=0.00s Real=0.09s
..[4456.755s][info][gc,start       ] GC(1191) Pause Young (Allocation Failure)
[4456.851s][info][gc,heap        ] GC(1191) PSYoungGen: 2602912K(2622976K)->158368K(2622976K) Eden: 2451968K(2451968K)->0K(2451968K) From: 150944K(171008K)->158368K(171008K)
[4456.851s][info][gc,heap        ] GC(1191) ParOldGen: 2612623K(4965376K)->2717991K(4965376K)
[4456.851s][info][gc,metaspace   ] GC(1191) Metaspace: 29098K(29376K)->29098K(29376K) NonClass: 25991K(26112K)->25991K(26112K) Class: 3106K(3264K)->3106K(3264K)
[4456.851s][info][gc             ] GC(1191) Pause Young (Allocation Failure) 5093M->2808M(7410M) 96.167ms
[4456.851s][info][gc,cpu         ] GC(1191) User=0.56s Sys=0.00s Real=0.09s
...[4459.219s][info][gc,start       ] GC(1192) Pause Young (Allocation Failure)
[4459.316s][info][gc,heap        ] GC(1192) PSYoungGen: 2610336K(2622976K)->158474K(2624512K) Eden: 2451968K(2451968K)->0K(2454528K) From: 158368K(171008K)->158474K(169984K)
[4459.316s][info][gc,heap        ] GC(1192) ParOldGen: 2717991K(4965376K)->2821615K(4965376K)
[4459.316s][info][gc,metaspace   ] GC(1192) Metaspace: 29098K(29376K)->29098K(29376K) NonClass: 25991K(26112K)->25991K(26112K) Class: 3106K(3264K)->3106K(3264K)
[4459.316s][info][gc             ] GC(1192) Pause Young (Allocation Failure) 5203M->2910M(7412M) 97.008ms
[4459.316s][info][gc,cpu         ] GC(1192) User=0.57s Sys=0.00s Real=0.10s
..[4461.660s][info][gc,start       ] GC(1193) Pause Young (Allocation Failure)
[4461.760s][info][gc,heap        ] GC(1193) PSYoungGen: 2613002K(2624512K)->166555K(2624000K) Eden: 2454528K(2454528K)->0K(2454528K) From: 158474K(169984K)->166555K(169472K)
[4461.760s][info][gc,heap        ] GC(1193) ParOldGen: 2821615K(4965376K)->2925487K(4965376K)
[4461.760s][info][gc,metaspace   ] GC(1193) Metaspace: 29098K(29376K)->29098K(29376K) NonClass: 25991K(26112K)->25991K(26112K) Class: 3106K(3264K)->3106K(3264K)
[4461.760s][info][gc             ] GC(1193) Pause Young (Allocation Failure) 5307M->3019M(7411M) 99.997ms
[4461.760s][info][gc,cpu         ] GC(1193) User=0.59s Sys=0.00s Real=0.10s
..[4464.156s][info][gc,start       ] GC(1194) Pause Young (Allocation Failure)
[4464.252s][info][gc,heap        ] GC(1194) PSYoungGen: 2621083K(2624000K)->156058K(2625536K) Eden: 2454528K(2454528K)->0K(2454016K) From: 166555K(169472K)->156058K(171520K)
[4464.252s][info][gc,heap        ] GC(1194) ParOldGen: 2925487K(4965376K)->3031039K(4965376K)
[4464.252s][info][gc,metaspace   ] GC(1194) Metaspace: 29098K(29376K)->29098K(29376K) NonClass: 25991K(26112K)->25991K(26112K) Class: 3106K(3264K)->3106K(3264K)
[4464.252s][info][gc             ] GC(1194) Pause Young (Allocation Failure) 5416M->3112M(7413M) 95.453ms
[4464.252s][info][gc,cpu         ] GC(1194) User=0.56s Sys=0.00s Real=0.10s
...[4466.641s][info][gc,start       ] GC(1195) Pause Young (Allocation Failure)
[4466.738s][info][gc,heap        ] GC(1195) PSYoungGen: 2610074K(2625536K)->158416K(2612736K) Eden: 2454016K(2454016K)->0K(2454016K) From: 156058K(171520K)->158416K(158720K)
[4466.738s][info][gc,heap        ] GC(1195) ParOldGen: 3031039K(4965376K)->3136119K(4965376K)
[4466.738s][info][gc,metaspace   ] GC(1195) Metaspace: 29098K(29376K)->29098K(29376K) NonClass: 25991K(26112K)->25991K(26112K) Class: 3106K(3264K)->3106K(3264K)
[4466.738s][info][gc             ] GC(1195) Pause Young (Allocation Failure) 5508M->3217M(7400M) 97.088ms
[4466.738s][info][gc,cpu         ] GC(1195) User=0.57s Sys=0.00s Real=0.10s
..[4469.143s][info][gc,start       ] GC(1196) Pause Young (Allocation Failure)
[4469.235s][info][gc,heap        ] GC(1196) PSYoungGen: 2612432K(2612736K)->150208K(2623488K) Eden: 2454016K(2454016K)->0K(2454016K) From: 158416K(158720K)->150208K(169472K)
[4469.235s][info][gc,heap        ] GC(1196) ParOldGen: 3136119K(4965376K)->3239999K(4965376K)
[4469.235s][info][gc,metaspace   ] GC(1196) Metaspace: 29098K(29376K)->29098K(29376K) NonClass: 25991K(26112K)->25991K(26112K) Class: 3106K(3264K)->3106K(3264K)
[4469.235s][info][gc             ] GC(1196) Pause Young (Allocation Failure) 5613M->3310M(7411M) 92.442ms
[4469.235s][info][gc,cpu         ] GC(1196) User=0.54s Sys=0.00s Real=0.09s
...[4471.531s][info][gc,start       ] GC(1197) Pause Young (Allocation Failure)
[4471.627s][info][gc,heap        ] GC(1197) PSYoungGen: 2604224K(2623488K)->154416K(2623488K) Eden: 2454016K(2454016K)->0K(2454016K) From: 150208K(169472K)->154416K(169472K)
[4471.627s][info][gc,heap        ] GC(1197) ParOldGen: 3239999K(4965376K)->3346775K(4965376K)
[4471.627s][info][gc,metaspace   ] GC(1197) Metaspace: 29098K(29376K)->29098K(29376K) NonClass: 25991K(26112K)->25991K(26112K) Class: 3106K(3264K)->3106K(3264K)
[4471.627s][info][gc             ] GC(1197) Pause Young (Allocation Failure) 5707M->3419M(7411M) 95.717ms
[4471.627s][info][gc,cpu         ] GC(1197) User=0.56s Sys=0.00s Real=0.10s
..[4474.122s][info][gc,start       ] GC(1198) Pause Young (Allocation Failure)
[4474.214s][info][gc,heap        ] GC(1198) PSYoungGen: 2608432K(2623488K)->151200K(2626048K) Eden: 2454016K(2454016K)->0K(2457088K) From: 154416K(169472K)->151200K(168960K)
[4474.214s][info][gc,heap        ] GC(1198) ParOldGen: 3346775K(4965376K)->3447679K(4965376K)
[4474.214s][info][gc,metaspace   ] GC(1198) Metaspace: 29098K(29376K)->29098K(29376K) NonClass: 25991K(26112K)->25991K(26112K) Class: 3106K(3264K)->3106K(3264K)
[4474.214s][info][gc             ] GC(1198) Pause Young (Allocation Failure) 5815M->3514M(7413M) 91.791ms
[4474.214s][info][gc,cpu         ] GC(1198) User=0.54s Sys=0.01s Real=0.09s
...[4476.601s][info][gc,start       ] GC(1199) Pause Young (Allocation Failure)
[4476.699s][info][gc,heap        ] GC(1199) PSYoungGen: 2608288K(2626048K)->159472K(2626048K) Eden: 2457088K(2457088K)->0K(2457088K) From: 151200K(168960K)->159472K(168960K)
[4476.699s][info][gc,heap        ] GC(1199) ParOldGen: 3447679K(4965376K)->3553215K(4965376K)
[4476.699s][info][gc,metaspace   ] GC(1199) Metaspace: 29098K(29376K)->29098K(29376K) NonClass: 25991K(26112K)->25991K(26112K) Class: 3106K(3264K)->3106K(3264K)
[4476.699s][info][gc             ] GC(1199) Pause Young (Allocation Failure) 5914M->3625M(7413M) 98.053ms
[4476.699s][info][gc,cpu         ] GC(1199) User=0.57s Sys=0.00s Real=0.10s
..[4479.122s][info][gc,start       ] GC(1200) Pause Young (Allocation Failure)
[4479.214s][info][gc,heap        ] GC(1200) PSYoungGen: 2616560K(2626048K)->147712K(2626048K) Eden: 2457088K(2457088K)->0K(2457600K) From: 159472K(168960K)->147712K(168448K)
[4479.214s][info][gc,heap        ] GC(1200) ParOldGen: 3553215K(4965376K)->3658879K(4965376K)
[4479.214s][info][gc,metaspace   ] GC(1200) Metaspace: 29098K(29376K)->29098K(29376K) NonClass: 25991K(26112K)->25991K(26112K) Class: 3106K(3264K)->3106K(3264K)
[4479.214s][info][gc             ] GC(1200) Pause Young (Allocation Failure) 6025M->3717M(7413M) 92.076ms
[4479.214s][info][gc,cpu         ] GC(1200) User=0.55s Sys=0.00s Real=0.09s
. (rIR:aIR:PR = 6918:6907:6907) (tPR = 102214) [OK] 
  4479s: Performance info:
         Transaction,    Success,    Partial,     Failed,   Receipts, AvgBarcode, 
             Overall,     417196,          0,          0,     396311,      59.47, 
         Response times:
             Request,    Success,    Partial,     Failed,   SkipFail,     Probes,    Samples,      min,      p50,      p90,      p95,      p99,      max, 
       TotalPurchase,     396311,          0,          0,          0,     357246,     388696,      300,     5300,    14600,    41000,   178000,  1200000,
     InStorePurchase,     208718,          0,          0,          0,     188328,     204586,      300,     5200,    14600,    41000,   178000,  1200000,
      OnlinePurchase,     145852,          0,          0,          0,     130923,     142312,      300,     5100,    14200,    41000,   180000,  1200000,
        InstPurchase,      41741,          0,          0,          0,      37995,      41798,      300,     6200,    15600,    46000,   180000,  1200000,
          AssocOfCat,        411,          0,          0,          0,        350,        484,    18900,    34000,    52000,    75750,   142900,  1100000,
      AssocOfProduct,       4172,          0,          0,          0,       3838,       4448,      500,     5200,    12700,    38000,   243000,   950000,
      BusinessReport,       1039,          0,          0,          0,        886,       1054,    28000,    45000,    69500,   121000,   222000,  1200000,
          CustBuyBeh,       4172,          0,          0,          0,       3843,       4348,      200,     4900,    14200,    49000,    90080,   138000,
       ProductReturn,      11091,          0,          0,          0,       9334,      10341,      200,     5500,    14800,    44000,   180000,  1200000,

  4479s: (51%)   IR =   7057 ..[4481.625s][info][gc,start       ] GC(1201) Pause Young (Allocation Failure)
[4481.720s][info][gc,heap        ] GC(1201) PSYoungGen: 2605312K(2626048K)->157216K(2626560K) Eden: 2457600K(2457600K)->0K(2457600K) From: 147712K(168448K)->157216K(168960K)
[4481.720s][info][gc,heap        ] GC(1201) ParOldGen: 3658879K(4965376K)->3761031K(4965376K)
[4481.720s][info][gc,metaspace   ] GC(1201) Metaspace: 29098K(29376K)->29098K(29376K) NonClass: 25991K(26112K)->25991K(26112K) Class: 3106K(3264K)->3106K(3264K)
[4481.720s][info][gc             ] GC(1201) Pause Young (Allocation Failure) 6117M->3826M(7414M) 95.251ms
[4481.720s][info][gc,cpu         ] GC(1201) User=0.57s Sys=0.00s Real=0.09s
..[4484.036s][info][gc,start       ] GC(1202) Pause Young (Allocation Failure)
[4484.129s][info][gc,heap        ] GC(1202) PSYoungGen: 2614816K(2626560K)->145024K(2626560K) Eden: 2457600K(2457600K)->0K(2458112K) From: 157216K(168960K)->145024K(168448K)
[4484.129s][info][gc,heap        ] GC(1202) ParOldGen: 3761031K(4965376K)->3869543K(4965376K)
[4484.129s][info][gc,metaspace   ] GC(1202) Metaspace: 29098K(29376K)->29098K(29376K) NonClass: 25991K(26112K)->25991K(26112K) Class: 3106K(3264K)->3106K(3264K)
[4484.129s][info][gc             ] GC(1202) Pause Young (Allocation Failure) 6226M->3920M(7414M) 92.632ms
[4484.129s][info][gc,cpu         ] GC(1202) User=0.54s Sys=0.00s Real=0.09s
.|..[4486.507s][info][gc,start       ] GC(1203) Pause Young (Allocation Failure)
[4486.604s][info][gc,heap        ] GC(1203) PSYoungGen: 2603136K(2626560K)->159832K(2618368K) Eden: 2458112K(2458112K)->0K(2458112K) From: 145024K(168448K)->159832K(160256K)
[4486.604s][info][gc,heap        ] GC(1203) ParOldGen: 3869543K(4965376K)->3971263K(4965376K)
[4486.604s][info][gc,metaspace   ] GC(1203) Metaspace: 29098K(29376K)->29098K(29376K) NonClass: 25991K(26112K)->25991K(26112K) Class: 3106K(3264K)->3106K(3264K)
[4486.604s][info][gc             ] GC(1203) Pause Young (Allocation Failure) 6320M->4034M(7406M) 97.108ms
[4486.604s][info][gc,cpu         ] GC(1203) User=0.57s Sys=0.00s Real=0.10s
..[4488.930s][info][gc,start       ] GC(1204) Pause Young (Allocation Failure)
[4489.026s][info][gc,heap        ] GC(1204) PSYoungGen: 2617944K(2618368K)->156992K(2627584K) Eden: 2458112K(2458112K)->0K(2458112K) From: 159832K(160256K)->156992K(169472K)
[4489.026s][info][gc,heap        ] GC(1204) ParOldGen: 3971263K(4965376K)->4076655K(4965376K)
[4489.026s][info][gc,metaspace   ] GC(1204) Metaspace: 29098K(29376K)->29098K(29376K) NonClass: 25991K(26112K)->25991K(26112K) Class: 3106K(3264K)->3106K(3264K)
[4489.026s][info][gc             ] GC(1204) Pause Young (Allocation Failure) 6434M->4134M(7415M) 95.854ms
[4489.026s][info][gc,cpu         ] GC(1204) User=0.57s Sys=0.00s Real=0.10s
..[4491.322s][info][gc,start       ] GC(1205) Pause Young (Allocation Failure)
[4491.421s][info][gc,heap        ] GC(1205) PSYoungGen: 2615104K(2627584K)->160384K(2626560K) Eden: 2458112K(2458112K)->0K(2458112K) From: 156992K(169472K)->160384K(168448K)
[4491.421s][info][gc,heap        ] GC(1205) ParOldGen: 4076655K(4965376K)->4182111K(4965376K)
[4491.421s][info][gc,metaspace   ] GC(1205) Metaspace: 29098K(29376K)->29098K(29376K) NonClass: 25991K(26112K)->25991K(26112K) Class: 3106K(3264K)->3106K(3264K)
[4491.421s][info][gc             ] GC(1205) Pause Young (Allocation Failure) 6534M->4240M(7414M) 98.990ms
[4491.421s][info][gc,cpu         ] GC(1205) User=0.58s Sys=0.00s Real=0.09s
...[4493.798s][info][gc,start       ] GC(1206) Pause Young (Allocation Failure)
[4493.894s][info][gc,heap        ] GC(1206) PSYoungGen: 2618496K(2626560K)->156096K(2626048K) Eden: 2458112K(2458112K)->0K(2458624K) From: 160384K(168448K)->156096K(167424K)
[4493.894s][info][gc,heap        ] GC(1206) ParOldGen: 4182111K(4965376K)->4284847K(4965376K)
[4493.894s][info][gc,metaspace   ] GC(1206) Metaspace: 29098K(29376K)->29098K(29376K) NonClass: 25991K(26112K)->25991K(26112K) Class: 3106K(3264K)->3106K(3264K)
[4493.894s][info][gc             ] GC(1206) Pause Young (Allocation Failure) 6641M->4336M(7413M) 96.009ms
[4493.894s][info][gc,cpu         ] GC(1206) User=0.56s Sys=0.00s Real=0.10s
..[4496.265s][info][gc,start       ] GC(1207) Pause Young (Allocation Failure)
[4496.359s][info][gc,heap        ] GC(1207) PSYoungGen: 2614720K(2626048K)->152928K(2626560K) Eden: 2458624K(2458624K)->0K(2458624K) From: 156096K(167424K)->152928K(167936K)
[4496.359s][info][gc,heap        ] GC(1207) ParOldGen: 4284847K(4965376K)->4389607K(4965376K)
[4496.359s][info][gc,metaspace   ] GC(1207) Metaspace: 29098K(29376K)->29098K(29376K) NonClass: 25991K(26112K)->25991K(26112K) Class: 3106K(3264K)->3106K(3264K)
[4496.359s][info][gc             ] GC(1207) Pause Young (Allocation Failure) 6737M->4436M(7414M) 94.510ms
[4496.359s][info][gc,cpu         ] GC(1207) User=0.56s Sys=0.00s Real=0.09s
...[4498.671s][info][gc,start       ] GC(1208) Pause Young (Allocation Failure)
[4498.767s][info][gc,heap        ] GC(1208) PSYoungGen: 2611552K(2626560K)->151808K(2627072K) Eden: 2458624K(2458624K)->0K(2460672K) From: 152928K(167936K)->151808K(166400K)
[4498.767s][info][gc,heap        ] GC(1208) ParOldGen: 4389607K(4965376K)->4497023K(4965376K)
[4498.767s][info][gc,metaspace   ] GC(1208) Metaspace: 29098K(29376K)->29098K(29376K) NonClass: 25991K(26112K)->25991K(26112K) Class: 3106K(3264K)->3106K(3264K)
[4498.767s][info][gc             ] GC(1208) Pause Young (Allocation Failure) 6837M->4539M(7414M) 95.861ms
[4498.767s][info][gc,cpu         ] GC(1208) User=0.56s Sys=0.00s Real=0.10s
..[4501.113s][info][gc,start       ] GC(1209) Pause Young (Allocation Failure)
[4501.208s][info][gc,heap        ] GC(1209) PSYoungGen: 2612480K(2627072K)->154496K(2627584K) Eden: 2460672K(2460672K)->0K(2460672K) From: 151808K(166400K)->154496K(166912K)
[4501.208s][info][gc,heap        ] GC(1209) ParOldGen: 4497023K(4965376K)->4599279K(4965376K)
[4501.208s][info][gc,metaspace   ] GC(1209) Metaspace: 29098K(29376K)->29098K(29376K) NonClass: 25991K(26112K)->25991K(26112K) Class: 3106K(3264K)->3106K(3264K)
[4501.208s][info][gc             ] GC(1209) Pause Young (Allocation Failure) 6942M->4642M(7415M) 94.819ms
[4501.208s][info][gc,cpu         ] GC(1209) User=0.56s Sys=0.01s Real=0.09s
...[4503.491s][info][gc,start       ] GC(1210) Pause Young (Allocation Failure)
[4503.590s][info][gc,heap        ] GC(1210) PSYoungGen: 2615168K(2627584K)->158148K(2628608K) Eden: 2460672K(2460672K)->0K(2462720K) From: 154496K(166912K)->158148K(165888K)
[4503.590s][info][gc,heap        ] GC(1210) ParOldGen: 4599279K(4965376K)->4706639K(4965376K)
[4503.590s][info][gc,metaspace   ] GC(1210) Metaspace: 29098K(29376K)->29098K(29376K) NonClass: 25991K(26112K)->25991K(26112K) Class: 3106K(3264K)->3106K(3264K)
[4503.590s][info][gc             ] GC(1210) Pause Young (Allocation Failure) 7045M->4750M(7416M) 98.773ms
[4503.590s][info][gc,cpu         ] GC(1210) User=0.58s Sys=0.00s Real=0.10s
..[4505.949s][info][gc,start       ] GC(1211) Pause Young (Allocation Failure)
[4506.044s][info][gc,heap        ] GC(1211) PSYoungGen: 2620868K(2628608K)->150304K(2628608K) Eden: 2462720K(2462720K)->0K(2462720K) From: 158148K(165888K)->150304K(165888K)
[4506.044s][info][gc,heap        ] GC(1211) ParOldGen: 4706639K(4965376K)->4807543K(4965376K)
[4506.044s][info][gc,metaspace   ] GC(1211) Metaspace: 29098K(29376K)->29098K(29376K) NonClass: 25991K(26112K)->25991K(26112K) Class: 3106K(3264K)->3106K(3264K)
[4506.044s][info][gc             ] GC(1211) Pause Young (Allocation Failure) 7155M->4841M(7416M) 94.528ms
[4506.044s][info][gc,cpu         ] GC(1211) User=0.55s Sys=0.01s Real=0.10s
..[4508.354s][info][gc,start       ] GC(1212) Pause Young (Allocation Failure)
[4508.451s][info][gc,heap        ] GC(1212) PSYoungGen: 2613024K(2628608K)->156708K(2629120K) Eden: 2462720K(2462720K)->0K(2464256K) From: 150304K(165888K)->156708K(164864K)
[4508.451s][info][gc,heap        ] GC(1212) ParOldGen: 4807543K(4965376K)->4914519K(4965376K)
[4508.451s][info][gc,metaspace   ] GC(1212) Metaspace: 29098K(29376K)->29098K(29376K) NonClass: 25991K(26112K)->25991K(26112K) Class: 3106K(3264K)->3106K(3264K)
[4508.451s][info][gc             ] GC(1212) Pause Young (Allocation Failure) 7246M->4952M(7416M) 97.430ms
[4508.451s][info][gc,cpu         ] GC(1212) User=0.57s Sys=0.00s Real=0.09s
...[4510.870s][info][gc,start       ] GC(1213) Pause Young (Allocation Failure)
[4510.971s][info][gc,heap        ] GC(1213) PSYoungGen: 2620964K(2629120K)->161896K(2626560K) Eden: 2464256K(2464256K)->0K(2464256K) From: 156708K(164864K)->161896K(162304K)
[4510.971s][info][gc,heap        ] GC(1213) ParOldGen: 4914519K(4965376K)->5016599K(5017088K)
[4510.971s][info][gc,metaspace   ] GC(1213) Metaspace: 29098K(29376K)->29098K(29376K) NonClass: 25991K(26112K)->25991K(26112K) Class: 3106K(3264K)->3106K(3264K)
[4510.971s][info][gc             ] GC(1213) Pause Young (Allocation Failure) 7358M->5057M(7464M) 101.103ms
[4510.971s][info][gc,cpu         ] GC(1213) User=0.58s Sys=0.01s Real=0.10s
..[4513.241s][info][gc,start       ] GC(1214) Pause Young (Allocation Failure)
[4513.343s][info][gc,heap        ] GC(1214) PSYoungGen: 2626152K(2626560K)->148576K(2629120K) Eden: 2464256K(2464256K)->0K(2462208K) From: 161896K(162304K)->148576K(166912K)
[4513.343s][info][gc,heap        ] GC(1214) ParOldGen: 5016599K(5017088K)->5124927K(5125120K)
[4513.343s][info][gc,metaspace   ] GC(1214) Metaspace: 29098K(29376K)->29098K(29376K) NonClass: 25991K(26112K)->25991K(26112K) Class: 3106K(3264K)->3106K(3264K)
[4513.343s][info][gc             ] GC(1214) Pause Young (Allocation Failure) 7463M->5149M(7572M) 101.364ms
[4513.343s][info][gc,cpu         ] GC(1214) User=0.57s Sys=0.03s Real=0.11s
...[4515.709s][info][gc,start       ] GC(1215) Pause Young (Allocation Failure)
[4515.811s][info][gc,heap        ] GC(1215) PSYoungGen: 2610784K(2629120K)->160852K(2623488K) Eden: 2462208K(2462208K)->0K(2462208K) From: 148576K(166912K)->160852K(161280K)
[4515.811s][info][gc,heap        ] GC(1215) ParOldGen: 5124927K(5125120K)->5229007K(5229056K)
[4515.811s][info][gc,metaspace   ] GC(1215) Metaspace: 29098K(29376K)->29098K(29376K) NonClass: 25991K(26112K)->25991K(26112K) Class: 3106K(3264K)->3106K(3264K)
[4515.811s][info][gc             ] GC(1215) Pause Young (Allocation Failure) 7554M->5263M(7668M) 102.763ms
[4515.811s][info][gc,cpu         ] GC(1215) User=0.57s Sys=0.04s Real=0.10s
..[4518.179s][info][gc,start       ] GC(1216) Pause Young (Allocation Failure)
[4518.286s][info][gc,heap        ] GC(1216) PSYoungGen: 2623060K(2623488K)->167924K(2544128K) Eden: 2462208K(2462208K)->0K(2376192K) From: 160852K(161280K)->167924K(167936K)
[4518.286s][info][gc,heap        ] GC(1216) ParOldGen: 5229007K(5229056K)->5332935K(5332992K)
[4518.286s][info][gc,metaspace   ] GC(1216) Metaspace: 29098K(29376K)->29098K(29376K) NonClass: 25991K(26112K)->25991K(26112K) Class: 3106K(3264K)->3106K(3264K)
[4518.286s][info][gc             ] GC(1216) Pause Young (Allocation Failure) 7668M->5371M(7692M) 106.574ms
[4518.286s][info][gc,cpu         ] GC(1216) User=0.59s Sys=0.04s Real=0.11s
..[4520.522s][info][gc,start       ] GC(1217) Pause Young (Allocation Failure)
[4520.622s][info][gc,heap        ] GC(1217) PSYoungGen: 2544116K(2544128K)->149312K(2586112K) Eden: 2376192K(2376192K)->0K(2376192K) From: 167924K(167936K)->149312K(209920K)
[4520.622s][info][gc,heap        ] GC(1217) ParOldGen: 5332935K(5332992K)->5440359K(5440512K)
[4520.622s][info][gc,metaspace   ] GC(1217) Metaspace: 29098K(29376K)->29098K(29376K) NonClass: 25991K(26112K)->25991K(26112K) Class: 3106K(3264K)->3106K(3264K)
[4520.622s][info][gc             ] GC(1217) Pause Young (Allocation Failure) 7692M->5458M(7838M) 99.692ms
[4520.622s][info][gc,cpu         ] GC(1217) User=0.55s Sys=0.03s Real=0.10s
...[4522.832s][info][gc,start       ] GC(1218) Pause Young (Allocation Failure)
[4522.934s][info][gc,heap        ] GC(1218) PSYoungGen: 2525504K(2586112K)->155301K(2579456K) Eden: 2376192K(2376192K)->0K(2377728K) From: 149312K(209920K)->155301K(201728K)
[4522.934s][info][gc,heap        ] GC(1218) ParOldGen: 5440359K(5440512K)->5543967K(5544448K)
[4522.934s][info][gc,metaspace   ] GC(1218) Metaspace: 29098K(29376K)->29098K(29376K) NonClass: 25991K(26112K)->25991K(26112K) Class: 3106K(3264K)->3106K(3264K)
[4522.934s][info][gc             ] GC(1218) Pause Young (Allocation Failure) 7779M->5565M(7933M) 102.107ms
[4522.934s][info][gc,cpu         ] GC(1218) User=0.57s Sys=0.03s Real=0.10s
..[4525.252s][info][gc,start       ] GC(1219) Pause Full (Allocation Failure)
[4525.252s][info][gc,phases,start] GC(1219) Marking Phase
[4525.562s][info][gc,phases      ] GC(1219) Marking Phase 310.292ms
[4525.562s][info][gc,phases,start] GC(1219) Summary Phase
[4525.562s][info][gc,phases      ] GC(1219) Summary Phase 0.101ms
[4525.562s][info][gc,phases,start] GC(1219) Forward
[4525.691s][info][gc,phases      ] GC(1219) Forward 129.221ms
[4525.691s][info][gc,phases,start] GC(1219) Adjust Pointers
[4525.904s][info][gc,phases      ] GC(1219) Adjust Pointers 212.708ms
[4525.904s][info][gc,phases,start] GC(1219) Compaction Phase
[4526.052s][info][gc,phases      ] GC(1219) Compaction Phase 148.022ms
[4526.053s][info][gc,phases,start] GC(1219) Post Compact
[4526.060s][info][gc,phases      ] GC(1219) Post Compact 6.968ms
[4526.183s][info][gc,heap        ] GC(1219) PSYoungGen: 2533029K(2579456K)->0K(2583552K) Eden: 2377728K(2377728K)->0K(2377728K) From: 155301K(201728K)->0K(205824K)
[4526.183s][info][gc,heap        ] GC(1219) ParOldGen: 5543967K(5544448K)->1626580K(1929216K)
[4526.183s][info][gc,metaspace   ] GC(1219) Metaspace: 29098K(29376K)->29098K(29376K) NonClass: 25991K(26112K)->25991K(26112K) Class: 3106K(3264K)->3106K(3264K)
[4526.183s][info][gc             ] GC(1219) Pause Full (Allocation Failure) 7887M->1588M(4407M) 931.060ms
[4526.183s][info][gc,cpu         ] GC(1219) User=4.36s Sys=0.12s Real=0.94s
..[4527.598s][info][gc,start       ] GC(1220) Pause Young (Allocation Failure)
[4527.664s][info][gc,heap        ] GC(1220) PSYoungGen: 2377728K(2583552K)->157504K(2585088K) Eden: 2377728K(2377728K)->0K(2384384K) From: 0K(205824K)->157504K(200704K)
[4527.664s][info][gc,heap        ] GC(1220) ParOldGen: 1626580K(1929216K)->1626580K(1929216K)
[4527.664s][info][gc,metaspace   ] GC(1220) Metaspace: 29098K(29376K)->29098K(29376K) NonClass: 25991K(26112K)->25991K(26112K) Class: 3106K(3264K)->3106K(3264K)
[4527.664s][info][gc             ] GC(1220) Pause Young (Allocation Failure) 3910M->1742M(4408M) 65.767ms
[4527.664s][info][gc,cpu         ] GC(1220) User=0.38s Sys=0.00s Real=0.07s
..[4529.930s][info][gc,start       ] GC(1221) Pause Young (Allocation Failure)
[4530.028s][info][gc,heap        ] GC(1221) PSYoungGen: 2541888K(2585088K)->163040K(2587648K) Eden: 2384384K(2384384K)->0K(2384384K) From: 157504K(200704K)->163040K(203264K)
[4530.028s][info][gc,heap        ] GC(1221) ParOldGen: 1626580K(1929216K)->1732684K(1929216K)
[4530.029s][info][gc,metaspace   ] GC(1221) Metaspace: 29098K(29376K)->29098K(29376K) NonClass: 25991K(26112K)->25991K(26112K) Class: 3106K(3264K)->3106K(3264K)
[4530.029s][info][gc             ] GC(1221) Pause Young (Allocation Failure) 4070M->1851M(4411M) 98.074ms
[4530.029s][info][gc,cpu         ] GC(1221) User=0.59s Sys=0.00s Real=0.10s
...[4532.285s][info][gc,start       ] GC(1222) Pause Young (Allocation Failure)
[4532.376s][info][gc,heap        ] GC(1222) PSYoungGen: 2547424K(2587648K)->145760K(2591744K) Eden: 2384384K(2384384K)->0K(2392576K) From: 163040K(203264K)->145760K(199168K)
[4532.376s][info][gc,heap        ] GC(1222) ParOldGen: 1732684K(1929216K)->1835988K(1929216K)
[4532.376s][info][gc,metaspace   ] GC(1222) Metaspace: 29098K(29376K)->29098K(29376K) NonClass: 25991K(26112K)->25991K(26112K) Class: 3106K(3264K)->3106K(3264K)
[4532.376s][info][gc             ] GC(1222) Pause Young (Allocation Failure) 4179M->1935M(4415M) 91.172ms
[4532.376s][info][gc,cpu         ] GC(1222) User=0.53s Sys=0.00s Real=0.09s
..[4534.642s][info][gc,start       ] GC(1223) Pause Young (Allocation Failure)
[4534.734s][info][gc,heap        ] GC(1223) PSYoungGen: 2538336K(2591744K)->150816K(2591232K) Eden: 2392576K(2392576K)->0K(2392576K) From: 145760K(199168K)->150816K(198656K)
[4534.734s][info][gc,heap        ] GC(1223) ParOldGen: 1835988K(1929216K)->1938524K(1938944K)
[4534.734s][info][gc,metaspace   ] GC(1223) Metaspace: 29098K(29376K)->29098K(29376K) NonClass: 25991K(26112K)->25991K(26112K) Class: 3106K(3264K)->3106K(3264K)
[4534.734s][info][gc             ] GC(1223) Pause Young (Allocation Failure) 4271M->2040M(4424M) 92.330ms
[4534.734s][info][gc,cpu         ] GC(1223) User=0.54s Sys=0.00s Real=0.09s
..[4536.951s][info][gc,start       ] GC(1224) Pause Young (Allocation Failure)
[4537.045s][info][gc,heap        ] GC(1224) PSYoungGen: 2543392K(2591232K)->146816K(2595840K) Eden: 2392576K(2392576K)->0K(2399744K) From: 150816K(198656K)->146816K(196096K)
[4537.045s][info][gc,heap        ] GC(1224) ParOldGen: 1938524K(1938944K)->2041884K(2042368K)
[4537.045s][info][gc,metaspace   ] GC(1224) Metaspace: 29098K(29376K)->29098K(29376K) NonClass: 25991K(26112K)->25991K(26112K) Class: 3106K(3264K)->3106K(3264K)
[4537.045s][info][gc             ] GC(1224) Pause Young (Allocation Failure) 4376M->2137M(4529M) 94.776ms
[4537.046s][info][gc,cpu         ] GC(1224) User=0.52s Sys=0.04s Real=0.10s
...[4539.398s][info][gc,start       ] GC(1225) Pause Young (Allocation Failure)
[4539.494s][info][gc,heap        ] GC(1225) PSYoungGen: 2546560K(2595840K)->151968K(2595328K) Eden: 2399744K(2399744K)->0K(2399744K) From: 146816K(196096K)->151968K(195584K)
[4539.494s][info][gc,heap        ] GC(1225) ParOldGen: 2041884K(2042368K)->2143788K(2144256K)
[4539.494s][info][gc,metaspace   ] GC(1225) Metaspace: 29098K(29376K)->29098K(29376K) NonClass: 25991K(26112K)->25991K(26112K) Class: 3106K(3264K)->3106K(3264K)
[4539.494s][info][gc             ] GC(1225) Pause Young (Allocation Failure) 4480M->2241M(4628M) 95.398ms
[4539.494s][info][gc,cpu         ] GC(1225) User=0.53s Sys=0.03s Real=0.10s
..[4541.789s][info][gc,start       ] GC(1226) Pause Young (Allocation Failure)
[4541.886s][info][gc,heap        ] GC(1226) PSYoungGen: 2551712K(2595328K)->154192K(2597888K) Eden: 2399744K(2399744K)->0K(2406912K) From: 151968K(195584K)->154192K(190976K)
[4541.886s][info][gc,heap        ] GC(1226) ParOldGen: 2143788K(2144256K)->2248900K(2249216K)
[4541.886s][info][gc,metaspace   ] GC(1226) Metaspace: 29098K(29376K)->29098K(29376K) NonClass: 25991K(26112K)->25991K(26112K) Class: 3106K(3264K)->3106K(3264K)
[4541.886s][info][gc             ] GC(1226) Pause Young (Allocation Failure) 4585M->2346M(4733M) 97.125ms
[4541.886s][info][gc,cpu         ] GC(1226) User=0.55s Sys=0.02s Real=0.10s
..[4544.158s][info][gc,start       ] GC(1227) Pause Young (Allocation Failure)
[4544.252s][info][gc,heap        ] GC(1227) PSYoungGen: 2561104K(2597888K)->148032K(2597888K) Eden: 2406912K(2406912K)->0K(2406912K) From: 154192K(190976K)->148032K(190976K)
[4544.252s][info][gc,heap        ] GC(1227) ParOldGen: 2248900K(2249216K)->2352652K(2353152K)
[4544.252s][info][gc,metaspace   ] GC(1227) Metaspace: 29098K(29376K)->29098K(29376K) NonClass: 25991K(26112K)->25991K(26112K) Class: 3106K(3264K)->3106K(3264K)
[4544.252s][info][gc             ] GC(1227) Pause Young (Allocation Failure) 4697M->2442M(4835M) 93.886ms
[4544.252s][info][gc,cpu         ] GC(1227) User=0.52s Sys=0.04s Real=0.10s
.. (rIR:aIR:PR = 7057:7060:7060) (tPR = 104439) [OK] 
  4545s: Performance info:
         Transaction,    Success,    Partial,     Failed,   Receipts, AvgBarcode, 
             Overall,     430023,          0,          0,     408558,      59.48, 
         Response times:
             Request,    Success,    Partial,     Failed,   SkipFail,     Probes,    Samples,      min,      p50,      p90,      p95,      p99,      max, 
       TotalPurchase,     408555,          0,          0,          0,     360021,     396763,      300,     5500,    15700,    40000,    65000,  1000000,
     InStorePurchase,     214543,          0,          0,          0,     189411,     208393,      300,     5500,    15900,    40000,    65000,  1000000,
      OnlinePurchase,     151007,          0,          0,          0,     133012,     146681,      300,     5500,    15800,    40000,    66000,   990000,
        InstPurchase,      43005,          0,          0,          0,      37598,      41689,      400,     5200,    14800,    38000,    64000,   950000,
          AssocOfCat,        429,          0,          0,          0,        330,        420,    21000,    34000,    54900,    67900,   185790,   970000,
      AssocOfProduct,       4300,          0,          0,          0,       3927,       4535,      400,     6300,    17040,    45200,    66640,   990000,
      BusinessReport,       1073,          0,          0,          0,        922,       1103,    28000,    46000,    76000,    90800,   154000,  1100000,
          CustBuyBeh,       4305,          0,          0,          0,       3949,       4543,      300,     5400,    13920,    39000,    68000,   950000,
       ProductReturn,      11358,          0,          0,          0,       9617,      10950,      300,     4800,    11600,    28000,    56000,   137000,

  4545s: (52%)   IR =   7195 .[4546.547s][info][gc,start       ] GC(1228) Pause Young (Allocation Failure)
[4546.646s][info][gc,heap        ] GC(1228) PSYoungGen: 2554944K(2597888K)->156820K(2600448K) Eden: 2406912K(2406912K)->0K(2415616K) From: 148032K(190976K)->156820K(184832K)
[4546.646s][info][gc,heap        ] GC(1228) ParOldGen: 2352652K(2353152K)->2456348K(2456576K)
[4546.646s][info][gc,metaspace   ] GC(1228) Metaspace: 29098K(29376K)->29098K(29376K) NonClass: 25991K(26112K)->25991K(26112K) Class: 3106K(3264K)->3106K(3264K)
[4546.646s][info][gc             ] GC(1228) Pause Young (Allocation Failure) 4792M->2551M(4938M) 99.060ms
[4546.646s][info][gc,cpu         ] GC(1228) User=0.56s Sys=0.03s Real=0.10s
..[4548.897s][info][gc,start       ] GC(1229) Pause Young (Allocation Failure)
[4548.996s][info][gc,heap        ] GC(1229) PSYoungGen: 2572436K(2600448K)->159584K(2601984K) Eden: 2415616K(2415616K)->0K(2415616K) From: 156820K(184832K)->159584K(186368K)
[4548.996s][info][gc,heap        ] GC(1229) ParOldGen: 2456348K(2456576K)->2560564K(2561024K)
[4548.996s][info][gc,metaspace   ] GC(1229) Metaspace: 29098K(29376K)->29098K(29376K) NonClass: 25991K(26112K)->25991K(26112K) Class: 3106K(3264K)->3106K(3264K)
[4548.996s][info][gc             ] GC(1229) Pause Young (Allocation Failure) 4910M->2656M(5042M) 99.640ms
[4548.996s][info][gc,cpu         ] GC(1229) User=0.54s Sys=0.04s Real=0.10s
..[4551.183s][info][gc,start       ] GC(1230) Pause Young (Allocation Failure)
[4551.277s][info][gc,heap        ] GC(1230) PSYoungGen: 2575200K(2601984K)->144096K(2609152K) Eden: 2415616K(2415616K)->0K(2425344K) From: 159584K(186368K)->144096K(183808K)
[4551.277s][info][gc,heap        ] GC(1230) ParOldGen: 2560564K(2561024K)->2666284K(2666496K)
[4551.277s][info][gc,metaspace   ] GC(1230) Metaspace: 29098K(29376K)->29098K(29376K) NonClass: 25991K(26112K)->25991K(26112K) Class: 3106K(3264K)->3106K(3264K)
[4551.277s][info][gc             ] GC(1230) Pause Young (Allocation Failure) 5015M->2744M(5152M) 93.354ms
[4551.277s][info][gc,cpu         ] GC(1230) User=0.52s Sys=0.04s Real=0.09s
...|[4553.570s][info][gc,start       ] GC(1231) Pause Young (Allocation Failure)
[4553.667s][info][gc,heap        ] GC(1231) PSYoungGen: 2569440K(2609152K)->157920K(2609152K) Eden: 2425344K(2425344K)->0K(2425344K) From: 144096K(183808K)->157920K(183808K)
[4553.667s][info][gc,heap        ] GC(1231) ParOldGen: 2666284K(2666496K)->2767764K(2767872K)
[4553.667s][info][gc,metaspace   ] GC(1231) Metaspace: 29098K(29376K)->29098K(29376K) NonClass: 25991K(26112K)->25991K(26112K) Class: 3106K(3264K)->3106K(3264K)
[4553.667s][info][gc             ] GC(1231) Pause Young (Allocation Failure) 5113M->2857M(5251M) 96.684ms
[4553.667s][info][gc,cpu         ] GC(1231) User=0.53s Sys=0.03s Real=0.10s
..[4555.905s][info][gc,start       ] GC(1232) Pause Young (Allocation Failure)
[4556.002s][info][gc,heap        ] GC(1232) PSYoungGen: 2583264K(2609152K)->156160K(2609152K) Eden: 2425344K(2425344K)->0K(2430464K) From: 157920K(183808K)->156160K(178688K)
[4556.002s][info][gc,heap        ] GC(1232) ParOldGen: 2767764K(2767872K)->2872444K(2872832K)
[4556.002s][info][gc,metaspace   ] GC(1232) Metaspace: 29098K(29376K)->29098K(29376K) NonClass: 25991K(26112K)->25991K(26112K) Class: 3106K(3264K)->3106K(3264K)
[4556.002s][info][gc             ] GC(1232) Pause Young (Allocation Failure) 5225M->2957M(5353M) 97.059ms
[4556.002s][info][gc,cpu         ] GC(1232) User=0.54s Sys=0.03s Real=0.10s
..[4558.310s][info][gc,start       ] GC(1233) Pause Young (Allocation Failure)
[4558.405s][info][gc,heap        ] GC(1233) PSYoungGen: 2586624K(2609152K)->153248K(2609664K) Eden: 2430464K(2430464K)->0K(2430464K) From: 156160K(178688K)->153248K(179200K)
[4558.405s][info][gc,heap        ] GC(1233) ParOldGen: 2872444K(2872832K)->2974060K(2974208K)
[4558.405s][info][gc,metaspace   ] GC(1233) Metaspace: 29098K(29376K)->29098K(29376K) NonClass: 25991K(26112K)->25991K(26112K) Class: 3106K(3264K)->3106K(3264K)
[4558.405s][info][gc             ] GC(1233) Pause Young (Allocation Failure) 5331M->3054M(5453M) 95.448ms
[4558.405s][info][gc,cpu         ] GC(1233) User=0.53s Sys=0.03s Real=0.10s
...[4560.655s][info][gc,start       ] GC(1234) Pause Young (Allocation Failure)
[4560.753s][info][gc,heap        ] GC(1234) PSYoungGen: 2583712K(2609664K)->153728K(2613760K) Eden: 2430464K(2430464K)->0K(2439168K) From: 153248K(179200K)->153728K(174592K)
[4560.753s][info][gc,heap        ] GC(1234) ParOldGen: 2974060K(2974208K)->3080252K(3080704K)
[4560.754s][info][gc,metaspace   ] GC(1234) Metaspace: 29098K(29376K)->29098K(29376K) NonClass: 25991K(26112K)->25991K(26112K) Class: 3106K(3264K)->3106K(3264K)
[4560.754s][info][gc             ] GC(1234) Pause Young (Allocation Failure) 5427M->3158M(5561M) 98.153ms
[4560.754s][info][gc,cpu         ] GC(1234) User=0.56s Sys=0.02s Real=0.10s
..[4562.983s][info][gc,start       ] GC(1235) Pause Young (Allocation Failure)
[4563.076s][info][gc,heap        ] GC(1235) PSYoungGen: 2592896K(2613760K)->144416K(2614784K) Eden: 2439168K(2439168K)->0K(2439168K) From: 153728K(174592K)->144416K(175616K)
[4563.076s][info][gc,heap        ] GC(1235) ParOldGen: 3080252K(3080704K)->3185012K(3185152K)
[4563.076s][info][gc,metaspace   ] GC(1235) Metaspace: 29098K(29376K)->29098K(29376K) NonClass: 25991K(26112K)->25991K(26112K) Class: 3106K(3264K)->3106K(3264K)
[4563.076s][info][gc             ] GC(1235) Pause Young (Allocation Failure) 5540M->3251M(5664M) 93.669ms
[4563.076s][info][gc,cpu         ] GC(1235) User=0.53s Sys=0.03s Real=0.09s
..[4565.402s][info][gc,start       ] GC(1236) Pause Young (Allocation Failure)
[4565.504s][info][gc,heap        ] GC(1236) PSYoungGen: 2583584K(2614784K)->165349K(2616320K) Eden: 2439168K(2439168K)->0K(2440704K) From: 144416K(175616K)->165349K(175616K)
[4565.504s][info][gc,heap        ] GC(1236) ParOldGen: 3185012K(3185152K)->3287660K(3288064K)
[4565.504s][info][gc,metaspace   ] GC(1236) Metaspace: 29098K(29376K)->29098K(29376K) NonClass: 25991K(26112K)->25991K(26112K) Class: 3106K(3264K)->3106K(3264K)
[4565.504s][info][gc             ] GC(1236) Pause Young (Allocation Failure) 5633M->3372M(5766M) 102.402ms
[4565.504s][info][gc,cpu         ] GC(1236) User=0.57s Sys=0.03s Real=0.11s
...[4567.744s][info][gc,start       ] GC(1237) Pause Young (Allocation Failure)
[4567.846s][info][gc,heap        ] GC(1237) PSYoungGen: 2606053K(2616320K)->161556K(2618368K) Eden: 2440704K(2440704K)->0K(2440704K) From: 165349K(175616K)->161556K(177664K)
[4567.846s][info][gc,heap        ] GC(1237) ParOldGen: 3287660K(3288064K)->3392924K(3393024K)
[4567.846s][info][gc,metaspace   ] GC(1237) Metaspace: 29098K(29376K)->29098K(29376K) NonClass: 25991K(26112K)->25991K(26112K) Class: 3106K(3264K)->3106K(3264K)
[4567.846s][info][gc             ] GC(1237) Pause Young (Allocation Failure) 5755M->3471M(5870M) 101.163ms
[4567.846s][info][gc,cpu         ] GC(1237) User=0.56s Sys=0.03s Real=0.10s
..[4570.104s][info][gc,start       ] GC(1238) Pause Young (Allocation Failure)
[4570.202s][info][gc,heap        ] GC(1238) PSYoungGen: 2602260K(2618368K)->152869K(2615296K) Eden: 2440704K(2440704K)->0K(2440704K) From: 161556K(177664K)->152869K(174592K)
[4570.202s][info][gc,heap        ] GC(1238) ParOldGen: 3392924K(3393024K)->3497300K(3497472K)
[4570.202s][info][gc,metaspace   ] GC(1238) Metaspace: 29098K(29376K)->29098K(29376K) NonClass: 25991K(26112K)->25991K(26112K) Class: 3106K(3264K)->3106K(3264K)
[4570.202s][info][gc             ] GC(1238) Pause Young (Allocation Failure) 5854M->3564M(5969M) 98.115ms
[4570.202s][info][gc,cpu         ] GC(1238) User=0.56s Sys=0.03s Real=0.10s
..[4572.512s][info][gc,start       ] GC(1239) Pause Young (Allocation Failure)
[4572.616s][info][gc,heap        ] GC(1239) PSYoungGen: 2593573K(2615296K)->170872K(2611712K) Eden: 2440704K(2440704K)->0K(2440704K) From: 152869K(174592K)->170872K(171008K)
[4572.616s][info][gc,heap        ] GC(1239) ParOldGen: 3497300K(3497472K)->3599164K(3599360K)
[4572.616s][info][gc,metaspace   ] GC(1239) Metaspace: 29098K(29376K)->29098K(29376K) NonClass: 25991K(26112K)->25991K(26112K) Class: 3106K(3264K)->3106K(3264K)
[4572.616s][info][gc             ] GC(1239) Pause Young (Allocation Failure) 5948M->3681M(6065M) 104.406ms
[4572.616s][info][gc,cpu         ] GC(1239) User=0.58s Sys=0.03s Real=0.10s
...[4574.809s][info][gc,start       ] GC(1240) Pause Young (Allocation Failure)
[4574.910s][info][gc,heap        ] GC(1240) PSYoungGen: 2611576K(2611712K)->156896K(2618368K) Eden: 2440704K(2440704K)->0K(2438656K) From: 170872K(171008K)->156896K(179712K)
[4574.910s][info][gc,heap        ] GC(1240) ParOldGen: 3599164K(3599360K)->3706532K(3706880K)
[4574.910s][info][gc,metaspace   ] GC(1240) Metaspace: 29098K(29376K)->29098K(29376K) NonClass: 25991K(26112K)->25991K(26112K) Class: 3106K(3264K)->3106K(3264K)
[4574.910s][info][gc             ] GC(1240) Pause Young (Allocation Failure) 6065M->3772M(6177M) 100.329ms
[4574.910s][info][gc,cpu         ] GC(1240) User=0.55s Sys=0.03s Real=0.10s
..[4577.150s][info][gc,start       ] GC(1241) Pause Young (Allocation Failure)
[4577.247s][info][gc,heap        ] GC(1241) PSYoungGen: 2595552K(2618368K)->148160K(2587136K) Eden: 2438656K(2438656K)->0K(2438656K) From: 156896K(179712K)->148160K(148480K)
[4577.247s][info][gc,heap        ] GC(1241) ParOldGen: 3706532K(3706880K)->3808620K(3808768K)
[4577.247s][info][gc,metaspace   ] GC(1241) Metaspace: 29098K(29376K)->29098K(29376K) NonClass: 25991K(26112K)->25991K(26112K) Class: 3106K(3264K)->3106K(3264K)
[4577.247s][info][gc             ] GC(1241) Pause Young (Allocation Failure) 6154M->3864M(6246M) 96.787ms
[4577.247s][info][gc,cpu         ] GC(1241) User=0.54s Sys=0.03s Real=0.10s
..[4579.549s][info][gc,start       ] GC(1242) Pause Young (Allocation Failure)
[4579.648s][info][gc,heap        ] GC(1242) PSYoungGen: 2586816K(2587136K)->155840K(2617856K) Eden: 2438656K(2438656K)->0K(2440704K) From: 148160K(148480K)->155840K(177152K)
[4579.648s][info][gc,heap        ] GC(1242) ParOldGen: 3808620K(3808768K)->3912444K(3912704K)
[4579.648s][info][gc,metaspace   ] GC(1242) Metaspace: 29098K(29376K)->29098K(29376K) NonClass: 25991K(26112K)->25991K(26112K) Class: 3106K(3264K)->3106K(3264K)
[4579.648s][info][gc             ] GC(1242) Pause Young (Allocation Failure) 6245M->3972M(6377M) 98.953ms
[4579.648s][info][gc,cpu         ] GC(1242) User=0.55s Sys=0.03s Real=0.10s
...[4581.900s][info][gc,start       ] GC(1243) Pause Young (Allocation Failure)
[4582.004s][info][gc,heap        ] GC(1243) PSYoungGen: 2596544K(2617856K)->163892K(2615808K) Eden: 2440704K(2440704K)->0K(2440704K) From: 155840K(177152K)->163892K(175104K)
[4582.004s][info][gc,heap        ] GC(1243) ParOldGen: 3912444K(3912704K)->4018180K(4018688K)
[4582.004s][info][gc,metaspace   ] GC(1243) Metaspace: 29098K(29376K)->29098K(29376K) NonClass: 25991K(26112K)->25991K(26112K) Class: 3106K(3264K)->3106K(3264K)
[4582.004s][info][gc             ] GC(1243) Pause Young (Allocation Failure) 6356M->4084M(6479M) 103.325ms
[4582.004s][info][gc,cpu         ] GC(1243) User=0.57s Sys=0.03s Real=0.11s
..[4584.325s][info][gc,start       ] GC(1244) Pause Young (Allocation Failure)
[4584.423s][info][gc,heap        ] GC(1244) PSYoungGen: 2604596K(2615808K)->153056K(2619904K) Eden: 2440704K(2440704K)->0K(2444800K) From: 163892K(175104K)->153056K(175104K)
[4584.423s][info][gc,heap        ] GC(1244) ParOldGen: 4018180K(4018688K)->4122196K(4122624K)
[4584.423s][info][gc,metaspace   ] GC(1244) Metaspace: 29098K(29376K)->29098K(29376K) NonClass: 25991K(26112K)->25991K(26112K) Class: 3106K(3264K)->3106K(3264K)
[4584.423s][info][gc             ] GC(1244) Pause Young (Allocation Failure) 6467M->4175M(6584M) 98.527ms
[4584.423s][info][gc,cpu         ] GC(1244) User=0.54s Sys=0.03s Real=0.10s
..[4586.632s][info][gc,start       ] GC(1245) Pause Young (Allocation Failure)
[4586.734s][info][gc,heap        ] GC(1245) PSYoungGen: 2597856K(2619904K)->153672K(2598912K) Eden: 2444800K(2444800K)->0K(2444800K) From: 153056K(175104K)->153672K(154112K)
[4586.734s][info][gc,heap        ] GC(1245) ParOldGen: 4122196K(4122624K)->4229076K(4229120K)
[4586.734s][info][gc,metaspace   ] GC(1245) Metaspace: 29098K(29376K)->29098K(29376K) NonClass: 25991K(26112K)->25991K(26112K) Class: 3106K(3264K)->3106K(3264K)
[4586.734s][info][gc             ] GC(1245) Pause Young (Allocation Failure) 6562M->4280M(6668M) 101.811ms
[4586.734s][info][gc,cpu         ] GC(1245) User=0.56s Sys=0.04s Real=0.10s
...[4588.990s][info][gc,start       ] GC(1246) Pause Young (Allocation Failure)
[4589.087s][info][gc,heap        ] GC(1246) PSYoungGen: 2598472K(2598912K)->152992K(2620416K) Eden: 2444800K(2444800K)->0K(2446848K) From: 153672K(154112K)->152992K(173568K)
[4589.087s][info][gc,heap        ] GC(1246) ParOldGen: 4229076K(4229120K)->4330612K(4331008K)
[4589.087s][info][gc,metaspace   ] GC(1246) Metaspace: 29098K(29376K)->29098K(29376K) NonClass: 25991K(26112K)->25991K(26112K) Class: 3106K(3264K)->3106K(3264K)
[4589.087s][info][gc             ] GC(1246) Pause Young (Allocation Failure) 6667M->4378M(6788M) 97.283ms
[4589.087s][info][gc,cpu         ] GC(1246) User=0.54s Sys=0.04s Real=0.10s
..[4591.359s][info][gc,start       ] GC(1247) Pause Young (Allocation Failure)
[4591.458s][info][gc,heap        ] GC(1247) PSYoungGen: 2599840K(2620416K)->150784K(2619392K) Eden: 2446848K(2446848K)->0K(2446848K) From: 152992K(173568K)->150784K(172544K)
[4591.458s][info][gc,heap        ] GC(1247) ParOldGen: 4330612K(4331008K)->4435756K(4435968K)
[4591.458s][info][gc,metaspace   ] GC(1247) Metaspace: 29098K(29376K)->29098K(29376K) NonClass: 25991K(26112K)->25991K(26112K) Class: 3106K(3264K)->3106K(3264K)
[4591.458s][info][gc             ] GC(1247) Pause Young (Allocation Failure) 6768M->4479M(6890M) 98.738ms
[4591.458s][info][gc,cpu         ] GC(1247) User=0.56s Sys=0.03s Real=0.10s
..[4593.735s][info][gc,start       ] GC(1248) Pause Young (Allocation Failure)
[4593.836s][info][gc,heap        ] GC(1248) PSYoungGen: 2597632K(2619392K)->159860K(2621952K) Eden: 2446848K(2446848K)->0K(2449920K) From: 150784K(172544K)->159860K(172032K)
[4593.836s][info][gc,heap        ] GC(1248) ParOldGen: 4435756K(4435968K)->4540140K(4540416K)
[4593.836s][info][gc,metaspace   ] GC(1248) Metaspace: 29098K(29376K)->29098K(29376K) NonClass: 25991K(26112K)->25991K(26112K) Class: 3106K(3264K)->3106K(3264K)
[4593.836s][info][gc             ] GC(1248) Pause Young (Allocation Failure) 6868M->4589M(6994M) 101.497ms
[4593.836s][info][gc,cpu         ] GC(1248) User=0.56s Sys=0.04s Real=0.10s
...[4596.080s][info][gc,start       ] GC(1249) Pause Young (Allocation Failure)
[4596.179s][info][gc,heap        ] GC(1249) PSYoungGen: 2609780K(2621952K)->151664K(2621952K) Eden: 2449920K(2449920K)->0K(2449920K) From: 159860K(172032K)->151664K(172032K)
[4596.179s][info][gc,heap        ] GC(1249) ParOldGen: 4540140K(4540416K)->4645540K(4645888K)
[4596.179s][info][gc,metaspace   ] GC(1249) Metaspace: 29098K(29376K)->29098K(29376K) NonClass: 25991K(26112K)->25991K(26112K) Class: 3106K(3264K)->3106K(3264K)
[4596.179s][info][gc             ] GC(1249) Pause Young (Allocation Failure) 6982M->4684M(7097M) 99.641ms
[4596.179s][info][gc,cpu         ] GC(1249) User=0.55s Sys=0.04s Real=0.10s
..[4598.507s][info][gc,start       ] GC(1250) Pause Young (Allocation Failure)
[4598.609s][info][gc,heap        ] GC(1250) PSYoungGen: 2601584K(2621952K)->164864K(2620928K) Eden: 2449920K(2449920K)->0K(2449920K) From: 151664K(172032K)->164864K(171008K)
[4598.609s][info][gc,heap        ] GC(1250) ParOldGen: 4645540K(4645888K)->4747076K(4747264K)
[4598.609s][info][gc,metaspace   ] GC(1250) Metaspace: 29098K(29376K)->29098K(29376K) NonClass: 25991K(26112K)->25991K(26112K) Class: 3106K(3264K)->3106K(3264K)
[4598.609s][info][gc             ] GC(1250) Pause Young (Allocation Failure) 7077M->4796M(7195M) 102.593ms
[4598.610s][info][gc,cpu         ] GC(1250) User=0.57s Sys=0.03s Real=0.10s
...[4600.871s][info][gc,start       ] GC(1251) Pause Young (Allocation Failure)
[4600.971s][info][gc,heap        ] GC(1251) PSYoungGen: 2614784K(2620928K)->154784K(2622976K) Eden: 2449920K(2449920K)->0K(2449920K) From: 164864K(171008K)->154784K(173056K)
[4600.971s][info][gc,heap        ] GC(1251) ParOldGen: 4747076K(4747264K)->4854156K(4854272K)
[4600.971s][info][gc,metaspace   ] GC(1251) Metaspace: 29098K(29376K)->29098K(29376K) NonClass: 25991K(26112K)->25991K(26112K) Class: 3106K(3264K)->3106K(3264K)
[4600.971s][info][gc             ] GC(1251) Pause Young (Allocation Failure) 7189M->4891M(7302M) 99.922ms
[4600.971s][info][gc,cpu         ] GC(1251) User=0.55s Sys=0.04s Real=0.10s
..[4603.226s][info][gc,start       ] GC(1252) Pause Young (Allocation Failure)
[4603.324s][info][gc,heap        ] GC(1252) PSYoungGen: 2604704K(2622976K)->148992K(2622464K) Eden: 2449920K(2449920K)->0K(2451456K) From: 154784K(173056K)->148992K(171008K)
[4603.324s][info][gc,heap        ] GC(1252) ParOldGen: 4854156K(4854272K)->4957700K(4958208K)
[4603.324s][info][gc,metaspace   ] GC(1252) Metaspace: 29098K(29376K)->29098K(29376K) NonClass: 25991K(26112K)->25991K(26112K) Class: 3106K(3264K)->3106K(3264K)
[4603.324s][info][gc             ] GC(1252) Pause Young (Allocation Failure) 7284M->4987M(7403M) 97.961ms
[4603.324s][info][gc,cpu         ] GC(1252) User=0.54s Sys=0.04s Real=0.10s
..[4605.591s][info][gc,start       ] GC(1253) Pause Young (Allocation Failure)
[4605.694s][info][gc,heap        ] GC(1253) PSYoungGen: 2600448K(2622464K)->161780K(2622976K) Eden: 2451456K(2451456K)->0K(2451456K) From: 148992K(171008K)->161780K(171520K)
[4605.694s][info][gc,heap        ] GC(1253) ParOldGen: 4957700K(4958208K)->5062388K(5062656K)
[4605.694s][info][gc,metaspace   ] GC(1253) Metaspace: 29098K(29376K)->29098K(29376K) NonClass: 25991K(26112K)->25991K(26112K) Class: 3106K(3264K)->3106K(3264K)
[4605.694s][info][gc             ] GC(1253) Pause Young (Allocation Failure) 7381M->5101M(7505M) 102.282ms
[4605.694s][info][gc,cpu         ] GC(1253) User=0.57s Sys=0.03s Real=0.11s
...[4607.978s][info][gc,start       ] GC(1254) Pause Young (Allocation Failure)
[4608.080s][info][gc,heap        ] GC(1254) PSYoungGen: 2613236K(2622976K)->160149K(2624000K) Eden: 2451456K(2451456K)->0K(2451968K) From: 161780K(171520K)->160149K(172032K)
[4608.080s][info][gc,heap        ] GC(1254) ParOldGen: 5062388K(5062656K)->5165428K(5165568K)
[4608.080s][info][gc,metaspace   ] GC(1254) Metaspace: 29098K(29376K)->29098K(29376K) NonClass: 25991K(26112K)->25991K(26112K) Class: 3106K(3264K)->3106K(3264K)
[4608.080s][info][gc             ] GC(1254) Pause Young (Allocation Failure) 7495M->5200M(7607M) 102.222ms
[4608.080s][info][gc,cpu         ] GC(1254) User=0.57s Sys=0.02s Real=0.10s
..[4610.374s][info][gc,start       ] GC(1255) Pause Young (Allocation Failure)
[4610.474s][info][gc,heap        ] GC(1255) PSYoungGen: 2612117K(2624000K)->152512K(2604544K) Eden: 2451968K(2451968K)->0K(2451968K) From: 160149K(172032K)->152512K(152576K)
[4610.474s][info][gc,heap        ] GC(1255) ParOldGen: 5165428K(5165568K)->5270900K(5271040K)
[4610.474s][info][gc,metaspace   ] GC(1255) Metaspace: 29098K(29376K)->29098K(29376K) NonClass: 25991K(26112K)->25991K(26112K) Class: 3106K(3264K)->3106K(3264K)
[4610.474s][info][gc             ] GC(1255) Pause Young (Allocation Failure) 7595M->5296M(7691M) 99.557ms
[4610.474s][info][gc,cpu         ] GC(1255) User=0.56s Sys=0.03s Real=0.10s
..[4612.728s][info][gc,start       ] GC(1256) Pause Young (Allocation Failure)
[4612.828s][info][gc,heap        ] GC(1256) PSYoungGen: 2604480K(2604544K)->154496K(2624000K) Eden: 2451968K(2451968K)->0K(2452992K) From: 152512K(152576K)->154496K(171008K)
[4612.828s][info][gc,heap        ] GC(1256) ParOldGen: 5270900K(5271040K)->5377292K(5377536K)
[4612.828s][info][gc,metaspace   ] GC(1256) Metaspace: 29098K(29376K)->29098K(29376K) NonClass: 25991K(26112K)->25991K(26112K) Class: 3106K(3264K)->3106K(3264K)
[4612.828s][info][gc             ] GC(1256) Pause Young (Allocation Failure) 7690M->5402M(7814M) 100.186ms
[4612.828s][info][gc,cpu         ] GC(1256) User=0.56s Sys=0.03s Real=0.10s
.. (rIR:aIR:PR = 7195:7218:7218) (tPR = 106194) [OK] 
  4613s: Performance info:
         Transaction,    Success,    Partial,     Failed,   Receipts, AvgBarcode, 
             Overall,     437149,          0,          0,     415327,      59.48, 
         Response times:
             Request,    Success,    Partial,     Failed,   SkipFail,     Probes,    Samples,      min,      p50,      p90,      p95,      p99,      max, 
       TotalPurchase,     415332,          0,          0,          0,     366056,     415025,      300,     5300,    12200,    28000,    73000,   176000,
     InStorePurchase,     218900,          0,          0,          0,     192292,     218136,      300,     5300,    12400,    28000,    73000,   176000,
      OnlinePurchase,     152946,          0,          0,          0,     134752,     152318,      300,     5300,    11900,    28000,    74000,   176000,
        InstPurchase,      43486,          0,          0,          0,      39012,      44571,      300,     4900,    12000,    26000,    70000,   176000,
          AssocOfCat,        437,          0,          0,          0,        349,        487,    24000,    37000,    60000,    73400,   110040,   154000,
      AssocOfProduct,       4353,          0,          0,          0,       4096,       4900,      600,     5700,    11600,    25000,    70000,   176000,
      BusinessReport,       1089,          0,          0,          0,        974,       1222,    28000,    44000,    63000,    76850,   156540,   191000,
          CustBuyBeh,       4364,          0,          0,          0,       4108,       4859,      200,     5500,    11900,    26000,    71400,   127000,
       ProductReturn,      11576,          0,          0,          0,       9916,      11640,      100,     5200,    12500,    28000,    66000,   124000,

  4613s: (53%)   IR =   7334 .[4615.130s][info][gc,start       ] GC(1257) Pause Young (Allocation Failure)
[4615.233s][info][gc,heap        ] GC(1257) PSYoungGen: 2607488K(2624000K)->156944K(2622976K) Eden: 2452992K(2452992K)->0K(2452992K) From: 154496K(171008K)->156944K(169984K)
[4615.233s][info][gc,heap        ] GC(1257) ParOldGen: 5377292K(5377536K)->5481988K(5482496K)
[4615.233s][info][gc,metaspace   ] GC(1257) Metaspace: 29098K(29376K)->29098K(29376K) NonClass: 25991K(26112K)->25991K(26112K) Class: 3106K(3264K)->3106K(3264K)
[4615.233s][info][gc             ] GC(1257) Pause Young (Allocation Failure) 7797M->5506M(7915M) 102.721ms
[4615.233s][info][gc,cpu         ] GC(1257) User=0.56s Sys=0.03s Real=0.11s
..[4617.428s][info][gc,start       ] GC(1258) Pause Young (Allocation Failure)
[4617.531s][info][gc,heap        ] GC(1258) PSYoungGen: 2609936K(2622976K)->156224K(2625024K) Eden: 2452992K(2452992K)->0K(2456064K) From: 156944K(169984K)->156224K(168960K)
[4617.531s][info][gc,heap        ] GC(1258) ParOldGen: 5481988K(5482496K)->5588628K(5588992K)
[4617.531s][info][gc,metaspace   ] GC(1258) Metaspace: 29098K(29376K)->29098K(29376K) NonClass: 25991K(26112K)->25991K(26112K) Class: 3106K(3264K)->3106K(3264K)
[4617.531s][info][gc             ] GC(1258) Pause Young (Allocation Failure) 7902M->5610M(8021M) 102.692ms
[4617.531s][info][gc,cpu         ] GC(1258) User=0.57s Sys=0.04s Real=0.10s
..[4619.749s][info][gc,start       ] GC(1259) Pause Full (Allocation Failure)
[4619.749s][info][gc,phases,start] GC(1259) Marking Phase
[4620.067s][info][gc,phases      ] GC(1259) Marking Phase 318.210ms
[4620.067s][info][gc,phases,start] GC(1259) Summary Phase
[4620.067s][info][gc,phases      ] GC(1259) Summary Phase 0.101ms
[4620.067s][info][gc,phases,start] GC(1259) Forward
[4620.201s][info][gc,phases      ] GC(1259) Forward 133.543ms
[4620.201s][info][gc,phases,start] GC(1259) Adjust Pointers
[4620.418s][info][gc,phases      ] GC(1259) Adjust Pointers 216.990ms
[4620.418s][info][gc,phases,start] GC(1259) Compaction Phase
[4620.571s][info][gc,phases      ] GC(1259) Compaction Phase 152.764ms
[4620.572s][info][gc,phases,start] GC(1259) Post Compact
[4620.579s][info][gc,phases      ] GC(1259) Post Compact 7.021ms
[4620.696s][info][gc,heap        ] GC(1259) PSYoungGen: 2612288K(2625024K)->0K(2624000K) Eden: 2456064K(2456064K)->0K(2456064K) From: 156224K(168960K)->0K(167936K)
[4620.696s][info][gc,heap        ] GC(1259) ParOldGen: 5588628K(5588992K)->1637809K(1945088K)
[4620.696s][info][gc,metaspace   ] GC(1259) Metaspace: 29098K(29376K)->29098K(29376K) NonClass: 25991K(26112K)->25991K(26112K) Class: 3106K(3264K)->3106K(3264K)
[4620.696s][info][gc             ] GC(1259) Pause Full (Allocation Failure) 8008M->1599M(4462M) 947.701ms
[4620.696s][info][gc,cpu         ] GC(1259) User=4.48s Sys=0.12s Real=0.95s
..[4622.154s][info][gc,start       ] GC(1260) Pause Young (Allocation Failure)
[4622.220s][info][gc,heap        ] GC(1260) PSYoungGen: 2456064K(2624000K)->156922K(2627072K) Eden: 2456064K(2456064K)->0K(2460160K) From: 0K(167936K)->156922K(166912K)
[4622.220s][info][gc,heap        ] GC(1260) ParOldGen: 1637809K(1945088K)->1637809K(1945088K)
[4622.220s][info][gc,metaspace   ] GC(1260) Metaspace: 29098K(29376K)->29098K(29376K) NonClass: 25991K(26112K)->25991K(26112K) Class: 3106K(3264K)->3106K(3264K)
[4622.220s][info][gc             ] GC(1260) Pause Young (Allocation Failure) 3997M->1752M(4465M) 65.972ms
[4622.220s][info][gc,cpu         ] GC(1260) User=0.38s Sys=0.00s Real=0.06s
..[4624.478s][info][gc,start       ] GC(1261) Pause Young (Allocation Failure)
[4624.570s][info][gc,heap        ] GC(1261) PSYoungGen: 2617082K(2627072K)->150368K(2627072K) Eden: 2460160K(2460160K)->0K(2460160K) From: 156922K(166912K)->150368K(166912K)
[4624.570s][info][gc,heap        ] GC(1261) ParOldGen: 1637809K(1945088K)->1744113K(1945088K)
[4624.570s][info][gc,metaspace   ] GC(1261) Metaspace: 29098K(29376K)->29098K(29376K) NonClass: 25991K(26112K)->25991K(26112K) Class: 3106K(3264K)->3106K(3264K)
[4624.570s][info][gc             ] GC(1261) Pause Young (Allocation Failure) 4155M->1850M(4465M) 91.967ms
[4624.570s][info][gc,cpu         ] GC(1261) User=0.54s Sys=0.00s Real=0.09s
.|..[4626.807s][info][gc,start       ] GC(1262) Pause Young (Allocation Failure)
[4626.902s][info][gc,heap        ] GC(1262) PSYoungGen: 2610528K(2627072K)->158853K(2629120K) Eden: 2460160K(2460160K)->0K(2462208K) From: 150368K(166912K)->158853K(166912K)
[4626.902s][info][gc,heap        ] GC(1262) ParOldGen: 1744113K(1945088K)->1849585K(1945088K)
[4626.902s][info][gc,metaspace   ] GC(1262) Metaspace: 29098K(29376K)->29098K(29376K) NonClass: 25991K(26112K)->25991K(26112K) Class: 3106K(3264K)->3106K(3264K)
[4626.902s][info][gc             ] GC(1262) Pause Young (Allocation Failure) 4252M->1961M(4467M) 95.300ms
[4626.902s][info][gc,cpu         ] GC(1262) User=0.56s Sys=0.01s Real=0.10s
..[4629.173s][info][gc,start       ] GC(1263) Pause Young (Allocation Failure)
[4629.266s][info][gc,heap        ] GC(1263) PSYoungGen: 2621061K(2629120K)->153184K(2615808K) Eden: 2462208K(2462208K)->0K(2462208K) From: 158853K(166912K)->153184K(153600K)
[4629.266s][info][gc,heap        ] GC(1263) ParOldGen: 1849585K(1945088K)->1951257K(1951744K)
[4629.266s][info][gc,metaspace   ] GC(1263) Metaspace: 29098K(29376K)->29098K(29376K) NonClass: 25991K(26112K)->25991K(26112K) Class: 3106K(3264K)->3106K(3264K)
[4629.266s][info][gc             ] GC(1263) Pause Young (Allocation Failure) 4365M->2055M(4460M) 92.242ms
[4629.266s][info][gc,cpu         ] GC(1263) User=0.54s Sys=0.00s Real=0.09s
..[4631.493s][info][gc,start       ] GC(1264) Pause Young (Allocation Failure)
[4631.590s][info][gc,heap        ] GC(1264) PSYoungGen: 2615392K(2615808K)->151232K(2629120K) Eden: 2462208K(2462208K)->0K(2462720K) From: 153184K(153600K)->151232K(166400K)
[4631.590s][info][gc,heap        ] GC(1264) ParOldGen: 1951257K(1951744K)->2057929K(2058240K)
[4631.590s][info][gc,metaspace   ] GC(1264) Metaspace: 29098K(29376K)->29098K(29376K) NonClass: 25991K(26112K)->25991K(26112K) Class: 3106K(3264K)->3106K(3264K)
[4631.590s][info][gc             ] GC(1264) Pause Young (Allocation Failure) 4459M->2157M(4577M) 97.481ms
[4631.590s][info][gc,cpu         ] GC(1264) User=0.55s Sys=0.02s Real=0.09s
...[4633.815s][info][gc,start       ] GC(1265) Pause Young (Allocation Failure)
[4633.914s][info][gc,heap        ] GC(1265) PSYoungGen: 2613952K(2629120K)->160064K(2628608K) Eden: 2462720K(2462720K)->0K(2462720K) From: 151232K(166400K)->160064K(165888K)
[4633.914s][info][gc,heap        ] GC(1265) ParOldGen: 2057929K(2058240K)->2162841K(2163200K)
[4633.914s][info][gc,metaspace   ] GC(1265) Metaspace: 29098K(29376K)->29098K(29376K) NonClass: 25991K(26112K)->25991K(26112K) Class: 3106K(3264K)->3106K(3264K)
[4633.914s][info][gc             ] GC(1265) Pause Young (Allocation Failure) 4562M->2268M(4679M) 98.936ms
[4633.914s][info][gc,cpu         ] GC(1265) User=0.55s Sys=0.04s Real=0.10s
..[4636.224s][info][gc,start       ] GC(1266) Pause Young (Allocation Failure)
[4636.327s][info][gc,heap        ] GC(1266) PSYoungGen: 2622784K(2628608K)->165001K(2625024K) Eden: 2462720K(2462720K)->0K(2458112K) From: 160064K(165888K)->165001K(166912K)
[4636.327s][info][gc,heap        ] GC(1266) ParOldGen: 2162841K(2163200K)->2265537K(2265600K)
[4636.327s][info][gc,metaspace   ] GC(1266) Metaspace: 29098K(29376K)->29098K(29376K) NonClass: 25991K(26112K)->25991K(26112K) Class: 3106K(3264K)->3106K(3264K)
[4636.327s][info][gc             ] GC(1266) Pause Young (Allocation Failure) 4673M->2373M(4776M) 103.107ms
[4636.327s][info][gc,cpu         ] GC(1266) User=0.58s Sys=0.03s Real=0.10s
..[4638.485s][info][gc,start       ] GC(1267) Pause Young (Allocation Failure)
[4638.583s][info][gc,heap        ] GC(1267) PSYoungGen: 2623113K(2625024K)->155168K(2627072K) Eden: 2458112K(2458112K)->0K(2458112K) From: 165001K(166912K)->155168K(168960K)
[4638.583s][info][gc,heap        ] GC(1267) ParOldGen: 2265537K(2265600K)->2372593K(2372608K)
[4638.583s][info][gc,metaspace   ] GC(1267) Metaspace: 29098K(29376K)->29098K(29376K) NonClass: 25991K(26112K)->25991K(26112K) Class: 3106K(3264K)->3106K(3264K)
[4638.583s][info][gc             ] GC(1267) Pause Young (Allocation Failure) 4774M->2468M(4882M) 98.467ms
[4638.583s][info][gc,cpu         ] GC(1267) User=0.55s Sys=0.03s Real=0.10s
...[4640.794s][info][gc,start       ] GC(1268) Pause Young (Allocation Failure)
[4640.892s][info][gc,heap        ] GC(1268) PSYoungGen: 2613280K(2627072K)->154208K(2625024K) Eden: 2458112K(2458112K)->0K(2459136K) From: 155168K(168960K)->154208K(165888K)
[4640.892s][info][gc,heap        ] GC(1268) ParOldGen: 2372593K(2372608K)->2477153K(2477568K)
[4640.892s][info][gc,metaspace   ] GC(1268) Metaspace: 29098K(29376K)->29098K(29376K) NonClass: 25991K(26112K)->25991K(26112K) Class: 3106K(3264K)->3106K(3264K)
[4640.892s][info][gc             ] GC(1268) Pause Young (Allocation Failure) 4869M->2569M(4983M) 97.853ms
[4640.892s][info][gc,cpu         ] GC(1268) User=0.55s Sys=0.02s Real=0.09s
..[4643.219s][info][gc,start       ] GC(1269) Pause Young (Allocation Failure)
[4643.315s][info][gc,heap        ] GC(1269) PSYoungGen: 2613344K(2625024K)->154688K(2626560K) Eden: 2459136K(2459136K)->0K(2459136K) From: 154208K(165888K)->154688K(167424K)
[4643.315s][info][gc,heap        ] GC(1269) ParOldGen: 2477153K(2477568K)->2578249K(2578432K)
[4643.315s][info][gc,metaspace   ] GC(1269) Metaspace: 29098K(29376K)->29098K(29376K) NonClass: 25991K(26112K)->25991K(26112K) Class: 3106K(3264K)->3106K(3264K)
[4643.315s][info][gc             ] GC(1269) Pause Young (Allocation Failure) 4971M->2668M(5083M) 95.570ms
[4643.315s][info][gc,cpu         ] GC(1269) User=0.54s Sys=0.03s Real=0.10s
..[4645.573s][info][gc,start       ] GC(1270) Pause Young (Allocation Failure)
[4645.670s][info][gc,heap        ] GC(1270) PSYoungGen: 2613824K(2626560K)->153728K(2627072K) Eden: 2459136K(2459136K)->0K(2462208K) From: 154688K(167424K)->153728K(164864K)
[4645.670s][info][gc,heap        ] GC(1270) ParOldGen: 2578249K(2578432K)->2687145K(2687488K)
[4645.670s][info][gc,metaspace   ] GC(1270) Metaspace: 29098K(29376K)->29098K(29376K) NonClass: 25991K(26112K)->25991K(26112K) Class: 3106K(3264K)->3106K(3264K)
[4645.670s][info][gc             ] GC(1270) Pause Young (Allocation Failure) 5070M->2774M(5190M) 97.858ms
[4645.670s][info][gc,cpu         ] GC(1270) User=0.54s Sys=0.03s Real=0.09s
...[4647.915s][info][gc,start       ] GC(1271) Pause Young (Allocation Failure)
[4648.014s][info][gc,heap        ] GC(1271) PSYoungGen: 2615936K(2627072K)->159296K(2628096K) Eden: 2462208K(2462208K)->0K(2462208K) From: 153728K(164864K)->159296K(165888K)
[4648.014s][info][gc,heap        ] GC(1271) ParOldGen: 2687145K(2687488K)->2790545K(2790912K)
[4648.014s][info][gc,metaspace   ] GC(1271) Metaspace: 29098K(29376K)->29098K(29376K) NonClass: 25991K(26112K)->25991K(26112K) Class: 3106K(3264K)->3106K(3264K)
[4648.014s][info][gc             ] GC(1271) Pause Young (Allocation Failure) 5178M->2880M(5292M) 99.678ms
[4648.014s][info][gc,cpu         ] GC(1271) User=0.55s Sys=0.03s Real=0.10s
..[4650.294s][info][gc,start       ] GC(1272) Pause Young (Allocation Failure)
[4650.394s][info][gc,heap        ] GC(1272) PSYoungGen: 2621504K(2628096K)->159936K(2629632K) Eden: 2462208K(2462208K)->0K(2463232K) From: 159296K(165888K)->159936K(166400K)
[4650.394s][info][gc,heap        ] GC(1272) ParOldGen: 2790545K(2790912K)->2895657K(2895872K)
[4650.394s][info][gc,metaspace   ] GC(1272) Metaspace: 29098K(29376K)->29098K(29376K) NonClass: 25991K(26112K)->25991K(26112K) Class: 3106K(3264K)->3106K(3264K)
[4650.394s][info][gc             ] GC(1272) Pause Young (Allocation Failure) 5285M->2983M(5396M) 99.623ms
[4650.394s][info][gc,cpu         ] GC(1272) User=0.57s Sys=0.02s Real=0.10s
..[4652.564s][info][gc,start       ] GC(1273) Pause Young (Allocation Failure)
[4652.665s][info][gc,heap        ] GC(1273) PSYoungGen: 2623168K(2629632K)->160569K(2624000K) Eden: 2463232K(2463232K)->0K(2463232K) From: 159936K(166400K)->160569K(160768K)
[4652.665s][info][gc,heap        ] GC(1273) ParOldGen: 2895657K(2895872K)->3000681K(3000832K)
[4652.665s][info][gc,metaspace   ] GC(1273) Metaspace: 29098K(29376K)->29098K(29376K) NonClass: 25991K(26112K)->25991K(26112K) Class: 3106K(3264K)->3106K(3264K)
[4652.665s][info][gc             ] GC(1273) Pause Young (Allocation Failure) 5389M->3087M(5493M) 100.784ms
[4652.665s][info][gc,cpu         ] GC(1273) User=0.57s Sys=0.02s Real=0.10s
...[4654.903s][info][gc,start       ] GC(1274) Pause Young (Allocation Failure)
[4655.004s][info][gc,heap        ] GC(1274) PSYoungGen: 2623801K(2624000K)->162117K(2627072K) Eden: 2463232K(2463232K)->0K(2460160K) From: 160569K(160768K)->162117K(166912K)
[4655.004s][info][gc,heap        ] GC(1274) ParOldGen: 3000681K(3000832K)->3103569K(3103744K)
[4655.004s][info][gc,metaspace   ] GC(1274) Metaspace: 29098K(29376K)->29098K(29376K) NonClass: 25991K(26112K)->25991K(26112K) Class: 3106K(3264K)->3106K(3264K)
[4655.004s][info][gc             ] GC(1274) Pause Young (Allocation Failure) 5492M->3189M(5596M) 101.080ms
[4655.004s][info][gc,cpu         ] GC(1274) User=0.55s Sys=0.04s Real=0.10s
..[4657.224s][info][gc,start       ] GC(1275) Pause Young (Allocation Failure)
[4657.320s][info][gc,heap        ] GC(1275) PSYoungGen: 2622277K(2627072K)->150336K(2610688K) Eden: 2460160K(2460160K)->0K(2460160K) From: 162117K(166912K)->150336K(150528K)
[4657.320s][info][gc,heap        ] GC(1275) ParOldGen: 3103569K(3103744K)->3207105K(3207168K)
[4657.320s][info][gc,metaspace   ] GC(1275) Metaspace: 29098K(29376K)->29098K(29376K) NonClass: 25991K(26112K)->25991K(26112K) Class: 3106K(3264K)->3106K(3264K)
[4657.320s][info][gc             ] GC(1275) Pause Young (Allocation Failure) 5591M->3278M(5681M) 96.491ms
[4657.321s][info][gc,cpu         ] GC(1275) User=0.55s Sys=0.02s Real=0.09s
..[4659.575s][info][gc,start       ] GC(1276) Pause Young (Allocation Failure)
[4659.674s][info][gc,heap        ] GC(1276) PSYoungGen: 2610496K(2610688K)->157600K(2628608K) Eden: 2460160K(2460160K)->0K(2460160K) From: 150336K(150528K)->157600K(168448K)
[4659.674s][info][gc,heap        ] GC(1276) ParOldGen: 3207105K(3207168K)->3310601K(3311104K)
[4659.674s][info][gc,metaspace   ] GC(1276) Metaspace: 29098K(29376K)->29098K(29376K) NonClass: 25991K(26112K)->25991K(26112K) Class: 3106K(3264K)->3106K(3264K)
[4659.674s][info][gc             ] GC(1276) Pause Young (Allocation Failure) 5681M->3386M(5800M) 99.081ms
[4659.674s][info][gc,cpu         ] GC(1276) User=0.55s Sys=0.03s Real=0.10s
...[4661.907s][info][gc,start       ] GC(1277) Pause Young (Allocation Failure)
[4662.006s][info][gc,heap        ] GC(1277) PSYoungGen: 2617760K(2628608K)->155680K(2616320K) Eden: 2460160K(2460160K)->0K(2460160K) From: 157600K(168448K)->155680K(156160K)
[4662.006s][info][gc,heap        ] GC(1277) ParOldGen: 3310601K(3311104K)->3418393K(3418624K)
[4662.006s][info][gc,metaspace   ] GC(1277) Metaspace: 29098K(29376K)->29098K(29376K) NonClass: 25991K(26112K)->25991K(26112K) Class: 3106K(3264K)->3106K(3264K)
[4662.006s][info][gc             ] GC(1277) Pause Young (Allocation Failure) 5789M->3490M(5893M) 99.148ms
[4662.006s][info][gc,cpu         ] GC(1277) User=0.55s Sys=0.03s Real=0.10s
..[4664.269s][info][gc,start       ] GC(1278) Pause Young (Allocation Failure)
[4664.375s][info][gc,heap        ] GC(1278) PSYoungGen: 2615840K(2616320K)->166388K(2542592K) Eden: 2460160K(2460160K)->0K(2376192K) From: 155680K(156160K)->166388K(166400K)
[4664.375s][info][gc,heap        ] GC(1278) ParOldGen: 3418393K(3418624K)->3529057K(3529216K)
[4664.375s][info][gc,metaspace   ] GC(1278) Metaspace: 29098K(29376K)->29098K(29376K) NonClass: 25991K(26112K)->25991K(26112K) Class: 3106K(3264K)->3106K(3264K)
[4664.375s][info][gc             ] GC(1278) Pause Young (Allocation Failure) 5892M->3608M(5929M) 105.976ms
[4664.375s][info][gc,cpu         ] GC(1278) User=0.60s Sys=0.02s Real=0.11s
..[4666.534s][info][gc,start       ] GC(1279) Pause Young (Allocation Failure)
[4666.629s][info][gc,heap        ] GC(1279) PSYoungGen: 2542580K(2542592K)->148352K(2586112K) Eden: 2376192K(2376192K)->0K(2376192K) From: 166388K(166400K)->148352K(209920K)
[4666.629s][info][gc,heap        ] GC(1279) ParOldGen: 3529057K(3529216K)->3629657K(3630080K)
[4666.629s][info][gc,metaspace   ] GC(1279) Metaspace: 29098K(29376K)->29098K(29376K) NonClass: 25991K(26112K)->25991K(26112K) Class: 3106K(3264K)->3106K(3264K)
[4666.629s][info][gc             ] GC(1279) Pause Young (Allocation Failure) 5929M->3689M(6070M) 94.779ms
[4666.629s][info][gc,cpu         ] GC(1279) User=0.51s Sys=0.04s Real=0.09s
..[4668.803s][info][gc,start       ] GC(1280) Pause Young (Allocation Failure)
[4668.903s][info][gc,heap        ] GC(1280) PSYoungGen: 2524544K(2586112K)->160116K(2579456K) Eden: 2376192K(2376192K)->0K(2376704K) From: 148352K(209920K)->160116K(202752K)
[4668.903s][info][gc,heap        ] GC(1280) ParOldGen: 3629657K(3630080K)->3731809K(3731968K)
[4668.903s][info][gc,metaspace   ] GC(1280) Metaspace: 29098K(29376K)->29098K(29376K) NonClass: 25991K(26112K)->25991K(26112K) Class: 3106K(3264K)->3106K(3264K)
[4668.903s][info][gc             ] GC(1280) Pause Young (Allocation Failure) 6009M->3800M(6163M) 100.959ms
[4668.904s][info][gc,cpu         ] GC(1280) User=0.56s Sys=0.03s Real=0.10s
...[4671.022s][info][gc,start       ] GC(1281) Pause Young (Allocation Failure)
[4671.118s][info][gc,heap        ] GC(1281) PSYoungGen: 2536820K(2579456K)->146836K(2583040K) Eden: 2376704K(2376704K)->0K(2376704K) From: 160116K(202752K)->146836K(206336K)
[4671.118s][info][gc,heap        ] GC(1281) ParOldGen: 3731809K(3731968K)->3836729K(3836928K)
[4671.118s][info][gc,metaspace   ] GC(1281) Metaspace: 29098K(29376K)->29098K(29376K) NonClass: 25991K(26112K)->25991K(26112K) Class: 3106K(3264K)->3106K(3264K)
[4671.118s][info][gc             ] GC(1281) Pause Young (Allocation Failure) 6121M->3890M(6269M) 95.857ms
[4671.118s][info][gc,cpu         ] GC(1281) User=0.54s Sys=0.03s Real=0.09s
..[4673.240s][info][gc,start       ] GC(1282) Pause Young (Allocation Failure)
[4673.335s][info][gc,heap        ] GC(1282) PSYoungGen: 2523540K(2583040K)->149280K(2586112K) Eden: 2376704K(2376704K)->0K(2383872K) From: 146836K(206336K)->149280K(202240K)
[4673.335s][info][gc,heap        ] GC(1282) ParOldGen: 3836729K(3836928K)->3936665K(3936768K)
[4673.335s][info][gc,metaspace   ] GC(1282) Metaspace: 29098K(29376K)->29098K(29376K) NonClass: 25991K(26112K)->25991K(26112K) Class: 3106K(3264K)->3106K(3264K)
[4673.335s][info][gc             ] GC(1282) Pause Young (Allocation Failure) 6211M->3990M(6370M) 95.499ms
[4673.335s][info][gc,cpu         ] GC(1282) User=0.54s Sys=0.02s Real=0.10s
..[4675.510s][info][gc,start       ] GC(1283) Pause Young (Allocation Failure)
[4675.608s][info][gc,heap        ] GC(1283) PSYoungGen: 2533152K(2586112K)->151200K(2588160K) Eden: 2383872K(2383872K)->0K(2383872K) From: 149280K(202240K)->151200K(204288K)
[4675.608s][info][gc,heap        ] GC(1283) ParOldGen: 3936665K(3936768K)->4040897K(4041216K)
[4675.608s][info][gc,metaspace   ] GC(1283) Metaspace: 29098K(29376K)->29098K(29376K) NonClass: 25991K(26112K)->25991K(26112K) Class: 3106K(3264K)->3106K(3264K)
[4675.608s][info][gc             ] GC(1283) Pause Young (Allocation Failure) 6318M->4093M(6474M) 98.381ms
[4675.608s][info][gc,cpu         ] GC(1283) User=0.55s Sys=0.04s Real=0.10s
..[4677.812s][info][gc,start       ] GC(1284) Pause Young (Allocation Failure)
[4677.909s][info][gc,heap        ] GC(1284) PSYoungGen: 2535072K(2588160K)->153280K(2587136K) Eden: 2383872K(2383872K)->0K(2390016K) From: 151200K(204288K)->153280K(197120K)
[4677.909s][info][gc,heap        ] GC(1284) ParOldGen: 4040897K(4041216K)->4143929K(4144128K)
[4677.909s][info][gc,metaspace   ] GC(1284) Metaspace: 29098K(29376K)->29098K(29376K) NonClass: 25991K(26112K)->25991K(26112K) Class: 3106K(3264K)->3106K(3264K)
[4677.909s][info][gc             ] GC(1284) Pause Young (Allocation Failure) 6421M->4196M(6573M) 97.427ms
[4677.909s][info][gc,cpu         ] GC(1284) User=0.54s Sys=0.04s Real=0.10s
...[4680.162s][info][gc,start       ] GC(1285) Pause Young (Allocation Failure)
[4680.257s][info][gc,heap        ] GC(1285) PSYoungGen: 2543296K(2587136K)->149376K(2589184K) Eden: 2390016K(2390016K)->0K(2390016K) From: 153280K(197120K)->149376K(199168K)
[4680.257s][info][gc,heap        ] GC(1285) ParOldGen: 4143929K(4144128K)->4245449K(4245504K)
[4680.257s][info][gc,metaspace   ] GC(1285) Metaspace: 29098K(29376K)->29098K(29376K) NonClass: 25991K(26112K)->25991K(26112K) Class: 3106K(3264K)->3106K(3264K)
[4680.257s][info][gc             ] GC(1285) Pause Young (Allocation Failure) 6530M->4291M(6674M) 94.894ms
[4680.257s][info][gc,cpu         ] GC(1285) User=0.52s Sys=0.03s Real=0.09s
..[4682.404s][info][gc,start       ] GC(1286) Pause Young (Allocation Failure)
[4682.503s][info][gc,heap        ] GC(1286) PSYoungGen: 2539392K(2589184K)->152576K(2591744K) Eden: 2390016K(2390016K)->0K(2399744K) From: 149376K(199168K)->152576K(192000K)
[4682.503s][info][gc,heap        ] GC(1286) ParOldGen: 4245449K(4245504K)->4350737K(4350976K)
[4682.503s][info][gc,metaspace   ] GC(1286) Metaspace: 29098K(29376K)->29098K(29376K) NonClass: 25991K(26112K)->25991K(26112K) Class: 3106K(3264K)->3106K(3264K)
[4682.503s][info][gc             ] GC(1286) Pause Young (Allocation Failure) 6625M->4397M(6780M) 98.904ms
[4682.503s][info][gc,cpu         ] GC(1286) User=0.54s Sys=0.05s Real=0.10s
..[4684.664s][info][gc,start       ] GC(1287) Pause Young (Allocation Failure)
[4684.764s][info][gc,heap        ] GC(1287) PSYoungGen: 2552320K(2591744K)->155282K(2594304K) Eden: 2399744K(2399744K)->0K(2399744K) From: 152576K(192000K)->155282K(194560K)
[4684.764s][info][gc,heap        ] GC(1287) ParOldGen: 4350737K(4350976K)->4451649K(4451840K)
[4684.764s][info][gc,metaspace   ] GC(1287) Metaspace: 29098K(29376K)->29098K(29376K) NonClass: 25991K(26112K)->25991K(26112K) Class: 3106K(3264K)->3106K(3264K)
[4684.764s][info][gc             ] GC(1287) Pause Young (Allocation Failure) 6741M->4498M(6881M) 99.229ms
[4684.764s][info][gc,cpu         ] GC(1287) User=0.55s Sys=0.03s Real=0.10s
. (rIR:aIR:PR = 7334:7356:7356) (tPR = 108928) [OK] 
  4684s: Performance info:
         Transaction,    Success,    Partial,     Failed,   Receipts, AvgBarcode, 
             Overall,     442853,          0,          0,     420756,      59.47, 
         Response times:
             Request,    Success,    Partial,     Failed,   SkipFail,     Probes,    Samples,      min,      p50,      p90,      p95,      p99,      max, 
       TotalPurchase,     420758,          0,          0,          0,     359755,     426083,      300,     5600,    18500,    47000,   282000,   990000,
     InStorePurchase,     221597,          0,          0,          0,     189348,     224027,      300,     5600,    18100,    47000,   282000,   980000,
      OnlinePurchase,     155112,          0,          0,          0,     132131,     156473,      300,     5600,    18900,    48000,   343000,   990000,
        InstPurchase,      44049,          0,          0,          0,      38276,      45583,      400,     5800,    18500,    47800,   274000,   970000,
          AssocOfCat,        447,          0,          0,          0,        374,        533,    21000,    37000,    64000,   101600,   459940,   990000,
      AssocOfProduct,       4415,          0,          0,          0,       4112,       5095,      500,     4800,    15640,    32000,   110000,   269000,
      BusinessReport,       1103,          0,          0,          0,        972,       1285,    29000,    47000,    74000,   125800,   485000,  1100000,
          CustBuyBeh,       4422,          0,          0,          0,       4174,       5258,      300,     5200,    17110,    45000,   345000,   383000,
       ProductReturn,      11710,          0,          0,          0,      10070,      12153,      300,     5800,    19600,    48000,   405000,   980000,

  4684s: (54%)   IR =   7472 .[4686.887s][info][gc,start       ] GC(1288) Pause Young (Allocation Failure)
[4686.990s][info][gc,heap        ] GC(1288) PSYoungGen: 2555026K(2594304K)->162656K(2597376K) Eden: 2399744K(2399744K)->0K(2409472K) From: 155282K(194560K)->162656K(187904K)
[4686.990s][info][gc,heap        ] GC(1288) ParOldGen: 4451649K(4451840K)->4555881K(4556288K)
[4686.990s][info][gc,metaspace   ] GC(1288) Metaspace: 29098K(29376K)->29098K(29376K) NonClass: 25991K(26112K)->25991K(26112K) Class: 3106K(3264K)->3106K(3264K)
[4686.990s][info][gc             ] GC(1288) Pause Young (Allocation Failure) 6842M->4607M(6986M) 103.731ms
[4686.990s][info][gc,cpu         ] GC(1288) User=0.59s Sys=0.03s Real=0.10s
..[4689.070s][info][gc,start       ] GC(1289) Pause Young (Allocation Failure)
[4689.165s][info][gc,heap        ] GC(1289) PSYoungGen: 2572128K(2597376K)->142208K(2599424K) Eden: 2409472K(2409472K)->0K(2409472K) From: 162656K(187904K)->142208K(189952K)
[4689.165s][info][gc,heap        ] GC(1289) ParOldGen: 4555881K(4556288K)->4659577K(4659712K)
[4689.165s][info][gc,metaspace   ] GC(1289) Metaspace: 29098K(29376K)->29098K(29376K) NonClass: 25991K(26112K)->25991K(26112K) Class: 3106K(3264K)->3106K(3264K)
[4689.165s][info][gc             ] GC(1289) Pause Young (Allocation Failure) 6960M->4689M(7089M) 95.539ms
[4689.165s][info][gc,cpu         ] GC(1289) User=0.53s Sys=0.03s Real=0.10s
...[4691.388s][info][gc,start       ] GC(1290) Pause Young (Allocation Failure)
[4691.492s][info][gc,heap        ] GC(1290) PSYoungGen: 2551680K(2599424K)->166036K(2606080K) Eden: 2409472K(2409472K)->0K(2416128K) From: 142208K(189952K)->166036K(189952K)
[4691.492s][info][gc,heap        ] GC(1290) ParOldGen: 4659577K(4659712K)->4759865K(4760064K)
[4691.492s][info][gc,metaspace   ] GC(1290) Metaspace: 29098K(29376K)->29098K(29376K) NonClass: 25991K(26112K)->25991K(26112K) Class: 3106K(3264K)->3106K(3264K)
[4691.492s][info][gc             ] GC(1290) Pause Young (Allocation Failure) 7042M->4810M(7193M) 104.014ms
[4691.492s][info][gc,cpu         ] GC(1290) User=0.58s Sys=0.03s Real=0.11s
.|.[4693.687s][info][gc,start       ] GC(1291) Pause Young (Allocation Failure)
[4693.786s][info][gc,heap        ] GC(1291) PSYoungGen: 2582164K(2606080K)->153504K(2569728K) Eden: 2416128K(2416128K)->0K(2416128K) From: 166036K(189952K)->153504K(153600K)
[4693.786s][info][gc,heap        ] GC(1291) ParOldGen: 4759865K(4760064K)->4866193K(4866560K)
[4693.786s][info][gc,metaspace   ] GC(1291) Metaspace: 29098K(29376K)->29098K(29376K) NonClass: 25991K(26112K)->25991K(26112K) Class: 3106K(3264K)->3106K(3264K)
[4693.787s][info][gc             ] GC(1291) Pause Young (Allocation Failure) 7169M->4902M(7262M) 99.843ms
[4693.787s][info][gc,cpu         ] GC(1291) User=0.57s Sys=0.02s Real=0.10s
..[4695.928s][info][gc,start       ] GC(1292) Pause Young (Allocation Failure)
[4696.029s][info][gc,heap        ] GC(1292) PSYoungGen: 2569632K(2569728K)->160096K(2605568K) Eden: 2416128K(2416128K)->0K(2418176K) From: 153504K(153600K)->160096K(187392K)
[4696.029s][info][gc,heap        ] GC(1292) ParOldGen: 4866193K(4866560K)->4968169K(4968448K)
[4696.029s][info][gc,metaspace   ] GC(1292) Metaspace: 29098K(29376K)->29098K(29376K) NonClass: 25991K(26112K)->25991K(26112K) Class: 3106K(3264K)->3106K(3264K)
[4696.029s][info][gc             ] GC(1292) Pause Young (Allocation Failure) 7261M->5008M(7396M) 101.203ms
[4696.029s][info][gc,cpu         ] GC(1292) User=0.56s Sys=0.03s Real=0.10s
..[4698.180s][info][gc,start       ] GC(1293) Pause Young (Allocation Failure)
[4698.277s][info][gc,heap        ] GC(1293) PSYoungGen: 2578272K(2605568K)->145376K(2603520K) Eden: 2418176K(2418176K)->0K(2418176K) From: 160096K(187392K)->145376K(185344K)
[4698.277s][info][gc,heap        ] GC(1293) ParOldGen: 4968169K(4968448K)->5073433K(5073920K)
[4698.277s][info][gc,metaspace   ] GC(1293) Metaspace: 29098K(29376K)->29098K(29376K) NonClass: 25991K(26112K)->25991K(26112K) Class: 3106K(3264K)->3106K(3264K)
[4698.277s][info][gc             ] GC(1293) Pause Young (Allocation Failure) 7369M->5096M(7497M) 97.400ms
[4698.277s][info][gc,cpu         ] GC(1293) User=0.54s Sys=0.03s Real=0.10s
...[4700.404s][info][gc,start       ] GC(1294) Pause Young (Allocation Failure)
[4700.501s][info][gc,heap        ] GC(1294) PSYoungGen: 2563552K(2603520K)->150400K(2609152K) Eden: 2418176K(2418176K)->0K(2424832K) From: 145376K(185344K)->150400K(184320K)
[4700.501s][info][gc,heap        ] GC(1294) ParOldGen: 5073433K(5073920K)->5175649K(5175808K)
[4700.501s][info][gc,metaspace   ] GC(1294) Metaspace: 29098K(29376K)->29098K(29376K) NonClass: 25991K(26112K)->25991K(26112K) Class: 3106K(3264K)->3106K(3264K)
[4700.501s][info][gc             ] GC(1294) Pause Young (Allocation Failure) 7457M->5201M(7602M) 97.903ms
[4700.501s][info][gc,cpu         ] GC(1294) User=0.54s Sys=0.03s Real=0.09s
..[4702.662s][info][gc,start       ] GC(1295) Pause Young (Allocation Failure)
[4702.763s][info][gc,heap        ] GC(1295) PSYoungGen: 2575232K(2609152K)->157556K(2608128K) Eden: 2424832K(2424832K)->0K(2424832K) From: 150400K(184320K)->157556K(183296K)
[4702.763s][info][gc,heap        ] GC(1295) ParOldGen: 5175649K(5175808K)->5278985K(5279232K)
[4702.763s][info][gc,metaspace   ] GC(1295) Metaspace: 29098K(29376K)->29098K(29376K) NonClass: 25991K(26112K)->25991K(26112K) Class: 3106K(3264K)->3106K(3264K)
[4702.763s][info][gc             ] GC(1295) Pause Young (Allocation Failure) 7569M->5309M(7702M) 100.733ms
[4702.763s][info][gc,cpu         ] GC(1295) User=0.58s Sys=0.02s Real=0.10s
..[4705.019s][info][gc,start       ] GC(1296) Pause Young (Allocation Failure)
[4705.117s][info][gc,heap        ] GC(1296) PSYoungGen: 2582388K(2608128K)->148960K(2610176K) Eden: 2424832K(2424832K)->0K(2429440K) From: 157556K(183296K)->148960K(180736K)
[4705.117s][info][gc,heap        ] GC(1296) ParOldGen: 5278985K(5279232K)->5380945K(5381120K)
[4705.117s][info][gc,metaspace   ] GC(1296) Metaspace: 29098K(29376K)->29098K(29376K) NonClass: 25991K(26112K)->25991K(26112K) Class: 3106K(3264K)->3106K(3264K)
[4705.117s][info][gc             ] GC(1296) Pause Young (Allocation Failure) 7677M->5400M(7804M) 97.666ms
[4705.117s][info][gc,cpu         ] GC(1296) User=0.55s Sys=0.03s Real=0.10s
..[4707.251s][info][gc,start       ] GC(1297) Pause Young (Allocation Failure)
[4707.351s][info][gc,heap        ] GC(1297) PSYoungGen: 2578400K(2610176K)->151520K(2609152K) Eden: 2429440K(2429440K)->0K(2429440K) From: 148960K(180736K)->151520K(179712K)
[4707.351s][info][gc,heap        ] GC(1297) ParOldGen: 5380945K(5381120K)->5488601K(5488640K)
[4707.351s][info][gc,metaspace   ] GC(1297) Metaspace: 29098K(29376K)->29098K(29376K) NonClass: 25991K(26112K)->25991K(26112K) Class: 3106K(3264K)->3106K(3264K)
[4707.351s][info][gc             ] GC(1297) Pause Young (Allocation Failure) 7772M->5507M(7908M) 100.516ms
[4707.351s][info][gc,cpu         ] GC(1297) User=0.55s Sys=0.04s Real=0.10s
...[4709.524s][info][gc,start       ] GC(1298) Pause Full (Allocation Failure)
[4709.524s][info][gc,phases,start] GC(1298) Marking Phase
[4709.836s][info][gc,phases      ] GC(1298) Marking Phase 311.531ms
[4709.836s][info][gc,phases,start] GC(1298) Summary Phase
[4709.836s][info][gc,phases      ] GC(1298) Summary Phase 0.099ms
[4709.836s][info][gc,phases,start] GC(1298) Forward
[4709.962s][info][gc,phases      ] GC(1298) Forward 126.627ms
[4709.963s][info][gc,phases,start] GC(1298) Adjust Pointers
[4710.175s][info][gc,phases      ] GC(1298) Adjust Pointers 212.082ms
[4710.175s][info][gc,phases,start] GC(1298) Compaction Phase
[4710.324s][info][gc,phases      ] GC(1298) Compaction Phase 149.089ms
[4710.325s][info][gc,phases,start] GC(1298) Post Compact
[4710.332s][info][gc,phases      ] GC(1298) Post Compact 6.886ms
[4710.453s][info][gc,heap        ] GC(1298) PSYoungGen: 2580960K(2609152K)->0K(2613760K) Eden: 2429440K(2429440K)->0K(2435584K) From: 151520K(179712K)->0K(178176K)
[4710.453s][info][gc,heap        ] GC(1298) ParOldGen: 5488601K(5488640K)->1618541K(1932288K)
[4710.453s][info][gc,metaspace   ] GC(1298) Metaspace: 29098K(29376K)->29098K(29376K) NonClass: 25991K(26112K)->25991K(26112K) Class: 3106K(3264K)->3106K(3264K)
[4710.453s][info][gc             ] GC(1298) Pause Full (Allocation Failure) 7880M->1580M(4439M) 928.456ms
[4710.453s][info][gc,cpu         ] GC(1298) User=4.38s Sys=0.12s Real=0.93s
..[4711.842s][info][gc,start       ] GC(1299) Pause Young (Allocation Failure)
[4711.910s][info][gc,heap        ] GC(1299) PSYoungGen: 2435584K(2613760K)->165360K(2613760K) Eden: 2435584K(2435584K)->0K(2435584K) From: 0K(178176K)->165360K(178176K)
[4711.910s][info][gc,heap        ] GC(1299) ParOldGen: 1618541K(1932288K)->1618541K(1932288K)
[4711.910s][info][gc,metaspace   ] GC(1299) Metaspace: 29098K(29376K)->29098K(29376K) NonClass: 25991K(26112K)->25991K(26112K) Class: 3106K(3264K)->3106K(3264K)
[4711.910s][info][gc             ] GC(1299) Pause Young (Allocation Failure) 3959M->1742M(4439M) 68.522ms
[4711.910s][info][gc,cpu         ] GC(1299) User=0.40s Sys=0.00s Real=0.07s
..[4714.187s][info][gc,start       ] GC(1300) Pause Young (Allocation Failure)
[4714.279s][info][gc,heap        ] GC(1300) PSYoungGen: 2600944K(2613760K)->152832K(2615296K) Eden: 2435584K(2435584K)->0K(2438144K) From: 165360K(178176K)->152832K(177152K)
[4714.279s][info][gc,heap        ] GC(1300) ParOldGen: 1618541K(1932288K)->1722181K(1932288K)
[4714.279s][info][gc,metaspace   ] GC(1300) Metaspace: 29098K(29376K)->29098K(29376K) NonClass: 25991K(26112K)->25991K(26112K) Class: 3106K(3264K)->3106K(3264K)
[4714.279s][info][gc             ] GC(1300) Pause Young (Allocation Failure) 4120M->1831M(4441M) 91.851ms
[4714.279s][info][gc,cpu         ] GC(1300) User=0.55s Sys=0.00s Real=0.09s
..[4716.429s][info][gc,start       ] GC(1301) Pause Young (Allocation Failure)
[4716.522s][info][gc,heap        ] GC(1301) PSYoungGen: 2590976K(2615296K)->153568K(2615808K) Eden: 2438144K(2438144K)->0K(2438144K) From: 152832K(177152K)->153568K(177664K)
[4716.522s][info][gc,heap        ] GC(1301) ParOldGen: 1722181K(1932288K)->1828533K(1932288K)
[4716.522s][info][gc,metaspace   ] GC(1301) Metaspace: 29098K(29376K)->29098K(29376K) NonClass: 25991K(26112K)->25991K(26112K) Class: 3106K(3264K)->3106K(3264K)
[4716.522s][info][gc             ] GC(1301) Pause Young (Allocation Failure) 4212M->1935M(4441M) 92.863ms
[4716.522s][info][gc,cpu         ] GC(1301) User=0.55s Sys=0.00s Real=0.10s
..[4718.667s][info][gc,start       ] GC(1302) Pause Young (Allocation Failure)
[4718.759s][info][gc,heap        ] GC(1302) PSYoungGen: 2591712K(2615808K)->152736K(2616320K) Eden: 2438144K(2438144K)->0K(2442240K) From: 153568K(177664K)->152736K(174080K)
[4718.759s][info][gc,heap        ] GC(1302) ParOldGen: 1828533K(1932288K)->1930901K(1932288K)
[4718.759s][info][gc,metaspace   ] GC(1302) Metaspace: 29098K(29376K)->29098K(29376K) NonClass: 25991K(26112K)->25991K(26112K) Class: 3106K(3264K)->3106K(3264K)
[4718.759s][info][gc             ] GC(1302) Pause Young (Allocation Failure) 4316M->2034M(4442M) 92.230ms
[4718.759s][info][gc,cpu         ] GC(1302) User=0.54s Sys=0.00s Real=0.09s
...[4720.920s][info][gc,start       ] GC(1303) Pause Young (Allocation Failure)
[4721.022s][info][gc,heap        ] GC(1303) PSYoungGen: 2594976K(2616320K)->167428K(2616832K) Eden: 2442240K(2442240K)->0K(2442240K) From: 152736K(174080K)->167428K(174592K)
[4721.022s][info][gc,heap        ] GC(1303) ParOldGen: 1930901K(1932288K)->2034781K(2035200K)
[4721.022s][info][gc,metaspace   ] GC(1303) Metaspace: 29098K(29376K)->29098K(29376K) NonClass: 25991K(26112K)->25991K(26112K) Class: 3106K(3264K)->3106K(3264K)
[4721.022s][info][gc             ] GC(1303) Pause Young (Allocation Failure) 4419M->2150M(4543M) 102.029ms
[4721.022s][info][gc,cpu         ] GC(1303) User=0.57s Sys=0.02s Real=0.10s
..[4723.113s][info][gc,start       ] GC(1304) Pause Full (Diagnostic Command)
[4723.113s][info][gc,phases,start] GC(1304) Marking Phase
[4723.417s][info][gc,phases      ] GC(1304) Marking Phase 303.923ms
[4723.417s][info][gc,phases,start] GC(1304) Summary Phase
[4723.417s][info][gc,phases      ] GC(1304) Summary Phase 0.061ms
[4723.417s][info][gc,phases,start] GC(1304) Forward
[4723.577s][info][gc,phases      ] GC(1304) Forward 160.504ms
[4723.577s][info][gc,phases,start] GC(1304) Adjust Pointers
[4723.801s][info][gc,phases      ] GC(1304) Adjust Pointers 223.273ms
[4723.801s][info][gc,phases,start] GC(1304) Compaction Phase
[4724.009s][info][gc,phases      ] GC(1304) Compaction Phase 208.051ms
[4724.011s][info][gc,phases,start] GC(1304) Post Compact
[4724.015s][info][gc,phases      ] GC(1304) Post Compact 3.815ms
[4724.015s][info][gc,heap        ] GC(1304) PSYoungGen: 2455430K(2616832K)->0K(2616832K) Eden: 2288001K(2442240K)->0K(2442240K) From: 167428K(174592K)->0K(174592K)
[4724.015s][info][gc,heap        ] GC(1304) ParOldGen: 2034781K(2035200K)->1339343K(2035200K)
[4724.015s][info][gc,metaspace   ] GC(1304) Metaspace: 29098K(29376K)->29098K(29376K) NonClass: 25991K(26112K)->25991K(26112K) Class: 3106K(3264K)->3106K(3264K)
[4724.015s][info][gc             ] GC(1304) Pause Full (Diagnostic Command) 4384M->1307M(4543M) 902.408ms
[4724.015s][info][gc,cpu         ] GC(1304) User=4.98s Sys=0.00s Real=0.90s
..[4725.427s][info][gc,start       ] GC(1305) Pause Young (Allocation Failure)
[4725.492s][info][gc,heap        ] GC(1305) PSYoungGen: 2442240K(2616832K)->157651K(2619904K) Eden: 2442240K(2442240K)->0K(2443264K) From: 0K(174592K)->157651K(176640K)
[4725.492s][info][gc,heap        ] GC(1305) ParOldGen: 1339343K(2035200K)->1339343K(2035200K)
[4725.492s][info][gc,metaspace   ] GC(1305) Metaspace: 29098K(29376K)->29098K(29376K) NonClass: 25991K(26112K)->25991K(26112K) Class: 3106K(3264K)->3106K(3264K)
[4725.492s][info][gc             ] GC(1305) Pause Young (Allocation Failure) 3692M->1461M(4546M) 64.886ms
[4725.492s][info][gc,cpu         ] GC(1305) User=0.38s Sys=0.00s Real=0.07s
..[4727.617s][info][gc,start       ] GC(1306) Pause Young (Allocation Failure)
[4727.712s][info][gc,heap        ] GC(1306) PSYoungGen: 2600915K(2619904K)->158752K(2602496K) Eden: 2443264K(2443264K)->0K(2443264K) From: 157651K(176640K)->158752K(159232K)
[4727.712s][info][gc,heap        ] GC(1306) ParOldGen: 1339343K(2035200K)->1444695K(2035200K)
[4727.712s][info][gc,metaspace   ] GC(1306) Metaspace: 29098K(29376K)->29098K(29376K) NonClass: 25991K(26112K)->25991K(26112K) Class: 3106K(3264K)->3106K(3264K)
[4727.712s][info][gc             ] GC(1306) Pause Young (Allocation Failure) 3847M->1565M(4529M) 95.286ms
[4727.713s][info][gc,cpu         ] GC(1306) User=0.56s Sys=0.00s Real=0.10s
..[4729.877s][info][gc,start       ] GC(1307) Pause Young (Allocation Failure)
[4729.968s][info][gc,heap        ] GC(1307) PSYoungGen: 2602016K(2602496K)->157472K(2619904K) Eden: 2443264K(2443264K)->0K(2445312K) From: 158752K(159232K)->157472K(174592K)
[4729.968s][info][gc,heap        ] GC(1307) ParOldGen: 1444695K(2035200K)->1545535K(2035200K)
[4729.968s][info][gc,metaspace   ] GC(1307) Metaspace: 29098K(29376K)->29098K(29376K) NonClass: 25991K(26112K)->25991K(26112K) Class: 3106K(3264K)->3106K(3264K)
[4729.968s][info][gc             ] GC(1307) Pause Young (Allocation Failure) 3951M->1663M(4546M) 91.544ms
[4729.969s][info][gc,cpu         ] GC(1307) User=0.54s Sys=0.01s Real=0.09s
...[4732.211s][info][gc,start       ] GC(1308) Pause Young (Allocation Failure)
[4732.305s][info][gc,heap        ] GC(1308) PSYoungGen: 2602784K(2619904K)->157332K(2618368K) Eden: 2445312K(2445312K)->0K(2445312K) From: 157472K(174592K)->157332K(173056K)
[4732.306s][info][gc,heap        ] GC(1308) ParOldGen: 1545535K(2035200K)->1649431K(2035200K)
[4732.306s][info][gc,metaspace   ] GC(1308) Metaspace: 29098K(29376K)->29098K(29376K) NonClass: 25991K(26112K)->25991K(26112K) Class: 3106K(3264K)->3106K(3264K)
[4732.306s][info][gc             ] GC(1308) Pause Young (Allocation Failure) 4051M->1764M(4544M) 94.332ms
[4732.306s][info][gc,cpu         ] GC(1308) User=0.56s Sys=0.00s Real=0.10s
..[4734.503s][info][gc,start       ] GC(1309) Pause Young (Allocation Failure)
[4734.597s][info][gc,heap        ] GC(1309) PSYoungGen: 2602644K(2618368K)->156032K(2621440K) Eden: 2445312K(2445312K)->0K(2449920K) From: 157332K(173056K)->156032K(171520K)
[4734.597s][info][gc,heap        ] GC(1309) ParOldGen: 1649431K(2035200K)->1755919K(2035200K)
[4734.597s][info][gc,metaspace   ] GC(1309) Metaspace: 29098K(29376K)->29098K(29376K) NonClass: 25991K(26112K)->25991K(26112K) Class: 3106K(3264K)->3106K(3264K)
[4734.597s][info][gc             ] GC(1309) Pause Young (Allocation Failure) 4152M->1867M(4547M) 93.395ms
[4734.597s][info][gc,cpu         ] GC(1309) User=0.55s Sys=0.00s Real=0.09s
..[4736.825s][info][gc,start       ] GC(1310) Pause Young (Allocation Failure)
[4736.918s][info][gc,heap        ] GC(1310) PSYoungGen: 2605952K(2621440K)->157664K(2619904K) Eden: 2449920K(2449920K)->0K(2449920K) From: 156032K(171520K)->157664K(169984K)
[4736.918s][info][gc,heap        ] GC(1310) ParOldGen: 1755919K(2035200K)->1859167K(2035200K)
[4736.918s][info][gc,metaspace   ] GC(1310) Metaspace: 29098K(29376K)->29098K(29376K) NonClass: 25991K(26112K)->25991K(26112K) Class: 3106K(3264K)->3106K(3264K)
[4736.918s][info][gc             ] GC(1310) Pause Young (Allocation Failure) 4259M->1969M(4546M) 93.528ms
[4736.918s][info][gc,cpu         ] GC(1310) User=0.55s Sys=0.00s Real=0.09s
...[4739.096s][info][gc,start       ] GC(1311) Pause Young (Allocation Failure)
[4739.189s][info][gc,heap        ] GC(1311) PSYoungGen: 2607584K(2619904K)->154112K(2624000K) Eden: 2449920K(2449920K)->0K(2455040K) From: 157664K(169984K)->154112K(168960K)
[4739.189s][info][gc,heap        ] GC(1311) ParOldGen: 1859167K(2035200K)->1963335K(2035200K)
[4739.189s][info][gc,metaspace   ] GC(1311) Metaspace: 29098K(29376K)->29098K(29376K) NonClass: 25991K(26112K)->25991K(26112K) Class: 3106K(3264K)->3106K(3264K)
[4739.189s][info][gc             ] GC(1311) Pause Young (Allocation Failure) 4362M->2067M(4550M) 92.459ms
[4739.189s][info][gc,cpu         ] GC(1311) User=0.55s Sys=0.00s Real=0.09s
..[4741.371s][info][gc,start       ] GC(1312) Pause Young (Allocation Failure)
[4741.465s][info][gc,heap        ] GC(1312) PSYoungGen: 2609152K(2624000K)->153536K(2623488K) Eden: 2455040K(2455040K)->0K(2455040K) From: 154112K(168960K)->153536K(168448K)
[4741.465s][info][gc,heap        ] GC(1312) ParOldGen: 1963335K(2035200K)->2068199K(2068480K)
[4741.465s][info][gc,metaspace   ] GC(1312) Metaspace: 29098K(29376K)->29098K(29376K) NonClass: 25991K(26112K)->25991K(26112K) Class: 3106K(3264K)->3106K(3264K)
[4741.465s][info][gc             ] GC(1312) Pause Young (Allocation Failure) 4465M->2169M(4582M) 94.494ms
[4741.465s][info][gc,cpu         ] GC(1312) User=0.54s Sys=0.01s Real=0.10s
..[4743.646s][info][gc,start       ] GC(1313) Pause Young (Allocation Failure)
[4743.743s][info][gc,heap        ] GC(1313) PSYoungGen: 2608576K(2623488K)->155168K(2626560K) Eden: 2455040K(2455040K)->0K(2459648K) From: 153536K(168448K)->155168K(166912K)
[4743.743s][info][gc,heap        ] GC(1313) ParOldGen: 2068199K(2068480K)->2173767K(2173952K)
[4743.743s][info][gc,metaspace   ] GC(1313) Metaspace: 29098K(29376K)->29098K(29376K) NonClass: 25991K(26112K)->25991K(26112K) Class: 3106K(3264K)->3106K(3264K)
[4743.743s][info][gc             ] GC(1313) Pause Young (Allocation Failure) 4567M->2274M(4688M) 97.407ms
[4743.743s][info][gc,cpu         ] GC(1313) User=0.55s Sys=0.03s Real=0.10s
..[4745.882s][info][gc,start       ] GC(1314) Pause Young (Allocation Failure)
[4745.983s][info][gc,heap        ] GC(1314) PSYoungGen: 2614816K(2626560K)->165680K(2626560K) Eden: 2459648K(2459648K)->0K(2459648K) From: 155168K(166912K)->165680K(166912K)
[4745.983s][info][gc,heap        ] GC(1314) ParOldGen: 2173767K(2173952K)->2278911K(2278912K)
[4745.983s][info][gc,metaspace   ] GC(1314) Metaspace: 29098K(29376K)->29098K(29376K) NonClass: 25991K(26112K)->25991K(26112K) Class: 3106K(3264K)->3106K(3264K)
[4745.983s][info][gc             ] GC(1314) Pause Young (Allocation Failure) 4676M->2387M(4790M) 101.662ms
[4745.984s][info][gc,cpu         ] GC(1314) User=0.55s Sys=0.04s Real=0.10s
...[4748.162s][info][gc,start       ] GC(1315) Pause Young (Allocation Failure)
[4748.256s][info][gc,heap        ] GC(1315) PSYoungGen: 2625328K(2626560K)->146944K(2625536K) Eden: 2459648K(2459648K)->0K(2456064K) From: 165680K(166912K)->146944K(169472K)
[4748.256s][info][gc,heap        ] GC(1315) ParOldGen: 2278911K(2278912K)->2385343K(2385408K)
[4748.256s][info][gc,metaspace   ] GC(1315) Metaspace: 29098K(29376K)->29098K(29376K) NonClass: 25991K(26112K)->25991K(26112K) Class: 3106K(3264K)->3106K(3264K)
[4748.256s][info][gc             ] GC(1315) Pause Young (Allocation Failure) 4789M->2472M(4893M) 94.567ms
[4748.256s][info][gc,cpu         ] GC(1315) User=0.53s Sys=0.03s Real=0.10s
..[4750.491s][info][gc,start       ] GC(1316) Pause Young (Allocation Failure)
[4750.590s][info][gc,heap        ] GC(1316) PSYoungGen: 2598364K(2625536K)->159936K(2626048K) Eden: 2451420K(2456064K)->0K(2456064K) From: 146944K(169472K)->159936K(169984K)
[4750.590s][info][gc,heap        ] GC(1316) ParOldGen: 2385343K(2385408K)->2488583K(2488832K)
[4750.590s][info][gc,metaspace   ] GC(1316) Metaspace: 29098K(29376K)->29098K(29376K) NonClass: 25991K(26112K)->25991K(26112K) Class: 3106K(3264K)->3106K(3264K)
[4750.590s][info][gc             ] GC(1316) Pause Young (Allocation Failure) 4866M->2586M(4995M) 98.895ms
[4750.590s][info][gc,cpu         ] GC(1316) User=0.55s Sys=0.04s Real=0.10s
..[4752.732s][info][gc,start       ] GC(1317) Pause Young (Allocation Failure)
[4752.829s][info][gc,heap        ] GC(1317) PSYoungGen: 2616000K(2626048K)->152928K(2625024K) Eden: 2456064K(2456064K)->0K(2456064K) From: 159936K(169984K)->152928K(168960K)
[4752.829s][info][gc,heap        ] GC(1317) ParOldGen: 2488583K(2488832K)->2594359K(2594816K)
[4752.829s][info][gc,metaspace   ] GC(1317) Metaspace: 29098K(29376K)->29098K(29376K) NonClass: 25991K(26112K)->25991K(26112K) Class: 3106K(3264K)->3106K(3264K)
[4752.829s][info][gc             ] GC(1317) Pause Young (Allocation Failure) 4984M->2682M(5097M) 96.847ms
[4752.829s][info][gc,cpu         ] GC(1317) User=0.54s Sys=0.03s Real=0.09s
. (rIR:aIR:PR = 7472:7479:7479) (tPR = 110886) [OK] 
  4752s: Performance info:
         Transaction,    Success,    Partial,     Failed,   Receipts, AvgBarcode, 
             Overall,     455539,          0,          0,     432834,      59.47, 
         Response times:
             Request,    Success,    Partial,     Failed,   SkipFail,     Probes,    Samples,      min,      p50,      p90,      p95,      p99,      max, 
       TotalPurchase,     432838,          0,          0,          0,     356585,     410318,      300,     5800,    34000,   105000,   377000,  1200000,
     InStorePurchase,     227970,          0,          0,          0,     187818,     216257,      300,     5800,    34000,   104000,   376000,  1200000,
      OnlinePurchase,     159249,          0,          0,          0,     131302,     150709,      300,     5900,    35000,   107000,   383000,  1200000,
        InstPurchase,      45619,          0,          0,          0,      37465,      43352,      300,     5200,    32000,   111000,   374470,   940000,
          AssocOfCat,        455,          0,          0,          0,        351,        490,    23000,    38000,    78900,   130900,   377380,   594000,
      AssocOfProduct,       4546,          0,          0,          0,       4102,       4912,      800,     5500,    36000,   117000,   509000,  1200000,
      BusinessReport,       1138,          0,          0,          0,        998,       1266,    29000,    47000,    92300,   159000,   387890,   481000,
          CustBuyBeh,       4546,          0,          0,          0,       4257,       5109,      300,     5400,    39000,   105500,   509000,  1100000,
       ProductReturn,      12021,          0,          0,          0,      10132,      12008,      200,     6200,    35000,   153100,   392000,  1200000,

  4752s: (55%)   IR =   7610 .[4754.981s][info][gc,start       ] GC(1318) Pause Young (Allocation Failure)
[4755.078s][info][gc,heap        ] GC(1318) PSYoungGen: 2608992K(2625024K)->153972K(2625536K) Eden: 2456064K(2456064K)->0K(2456064K) From: 152928K(168960K)->153972K(169472K)
[4755.078s][info][gc,heap        ] GC(1318) ParOldGen: 2594359K(2594816K)->2696623K(2696704K)
[4755.078s][info][gc,metaspace   ] GC(1318) Metaspace: 29098K(29376K)->29098K(29376K) NonClass: 25991K(26112K)->25991K(26112K) Class: 3106K(3264K)->3106K(3264K)
[4755.078s][info][gc             ] GC(1318) Pause Young (Allocation Failure) 5081M->2783M(5197M) 97.167ms
[4755.078s][info][gc,cpu         ] GC(1318) User=0.54s Sys=0.03s Real=0.10s
...[4757.280s][info][gc,start       ] GC(1319) Pause Young (Allocation Failure)
[4757.377s][info][gc,heap        ] GC(1319) PSYoungGen: 2610036K(2625536K)->151872K(2626048K) Eden: 2456064K(2456064K)->0K(2458112K) From: 153972K(169472K)->151872K(167936K)
[4757.377s][info][gc,heap        ] GC(1319) ParOldGen: 2696623K(2696704K)->2802007K(2802176K)
[4757.377s][info][gc,metaspace   ] GC(1319) Metaspace: 29098K(29376K)->29098K(29376K) NonClass: 25991K(26112K)->25991K(26112K) Class: 3106K(3264K)->3106K(3264K)
[4757.377s][info][gc             ] GC(1319) Pause Young (Allocation Failure) 5182M->2884M(5301M) 96.488ms
[4757.377s][info][gc,cpu         ] GC(1319) User=0.53s Sys=0.05s Real=0.10s
..|[4759.526s][info][gc,start       ] GC(1320) Pause Young (Allocation Failure)
[4759.624s][info][gc,heap        ] GC(1320) PSYoungGen: 2609984K(2626048K)->154752K(2626048K) Eden: 2458112K(2458112K)->0K(2458112K) From: 151872K(167936K)->154752K(167936K)
[4759.624s][info][gc,heap        ] GC(1320) ParOldGen: 2802007K(2802176K)->2907775K(2908160K)
[4759.624s][info][gc,metaspace   ] GC(1320) Metaspace: 29098K(29376K)->29098K(29376K) NonClass: 25991K(26112K)->25991K(26112K) Class: 3106K(3264K)->3106K(3264K)
[4759.624s][info][gc             ] GC(1320) Pause Young (Allocation Failure) 5285M->2990M(5404M) 98.768ms
[4759.624s][info][gc,cpu         ] GC(1320) User=0.54s Sys=0.04s Real=0.10s
..[4761.750s][info][gc,start       ] GC(1321) Pause Young (Allocation Failure)
[4761.854s][info][gc,heap        ] GC(1321) PSYoungGen: 2612864K(2626048K)->166904K(2546176K) Eden: 2458112K(2458112K)->0K(2379264K) From: 154752K(167936K)->166904K(166912K)
[4761.854s][info][gc,heap        ] GC(1321) ParOldGen: 2907775K(2908160K)->3012455K(3012608K)
[4761.854s][info][gc,metaspace   ] GC(1321) Metaspace: 29098K(29376K)->29098K(29376K) NonClass: 25991K(26112K)->25991K(26112K) Class: 3106K(3264K)->3106K(3264K)
[4761.854s][info][gc             ] GC(1321) Pause Young (Allocation Failure) 5391M->3104M(5428M) 104.266ms
[4761.854s][info][gc,cpu         ] GC(1321) User=0.58s Sys=0.04s Real=0.11s
..[4763.943s][info][gc,start       ] GC(1322) Pause Young (Allocation Failure)
[4764.036s][info][gc,heap        ] GC(1322) PSYoungGen: 2546168K(2546176K)->144192K(2587648K) Eden: 2379264K(2379264K)->0K(2379264K) From: 166904K(166912K)->144192K(208384K)
[4764.036s][info][gc,heap        ] GC(1322) ParOldGen: 3012455K(3012608K)->3117623K(3118080K)
[4764.036s][info][gc,metaspace   ] GC(1322) Metaspace: 29098K(29376K)->29098K(29376K) NonClass: 25991K(26112K)->25991K(26112K) Class: 3106K(3264K)->3106K(3264K)
[4764.036s][info][gc             ] GC(1322) Pause Young (Allocation Failure) 5428M->3185M(5572M) 93.540ms
[4764.036s][info][gc,cpu         ] GC(1322) User=0.52s Sys=0.02s Real=0.09s
..[4766.125s][info][gc,start       ] GC(1323) Pause Young (Allocation Failure)
[4766.224s][info][gc,heap        ] GC(1323) PSYoungGen: 2523456K(2587648K)->156165K(2581504K) Eden: 2379264K(2379264K)->0K(2379264K) From: 144192K(208384K)->156165K(202240K)
[4766.224s][info][gc,heap        ] GC(1323) ParOldGen: 3117623K(3118080K)->3221615K(3222016K)
[4766.224s][info][gc,metaspace   ] GC(1323) Metaspace: 29098K(29376K)->29098K(29376K) NonClass: 25991K(26112K)->25991K(26112K) Class: 3106K(3264K)->3106K(3264K)
[4766.224s][info][gc             ] GC(1323) Pause Young (Allocation Failure) 5508M->3298M(5667M) 98.518ms
[4766.224s][info][gc,cpu         ] GC(1323) User=0.55s Sys=0.03s Real=0.10s
...[4768.338s][info][gc,start       ] GC(1324) Pause Young (Allocation Failure)
[4768.434s][info][gc,heap        ] GC(1324) PSYoungGen: 2535429K(2581504K)->151712K(2584576K) Eden: 2379264K(2379264K)->0K(2379264K) From: 156165K(202240K)->151712K(205312K)
[4768.434s][info][gc,heap        ] GC(1324) ParOldGen: 3221615K(3222016K)->3323975K(3324416K)
[4768.434s][info][gc,metaspace   ] GC(1324) Metaspace: 29098K(29376K)->29098K(29376K) NonClass: 25991K(26112K)->25991K(26112K) Class: 3106K(3264K)->3106K(3264K)
[4768.434s][info][gc             ] GC(1324) Pause Young (Allocation Failure) 5622M->3394M(5770M) 96.137ms
[4768.434s][info][gc,cpu         ] GC(1324) User=0.53s Sys=0.04s Real=0.10s
..[4770.548s][info][gc,start       ] GC(1325) Pause Young (Allocation Failure)
[4770.645s][info][gc,heap        ] GC(1325) PSYoungGen: 2530976K(2584576K)->150144K(2586624K) Eden: 2379264K(2379264K)->0K(2387456K) From: 151712K(205312K)->150144K(199168K)
[4770.645s][info][gc,heap        ] GC(1325) ParOldGen: 3323975K(3324416K)->3429815K(3429888K)
[4770.645s][info][gc,metaspace   ] GC(1325) Metaspace: 29098K(29376K)->29098K(29376K) NonClass: 25991K(26112K)->25991K(26112K) Class: 3106K(3264K)->3106K(3264K)
[4770.645s][info][gc             ] GC(1325) Pause Young (Allocation Failure) 5717M->3496M(5875M) 96.743ms
[4770.645s][info][gc,cpu         ] GC(1325) User=0.55s Sys=0.02s Real=0.10s
..[4772.764s][info][gc,start       ] GC(1326) Pause Young (Allocation Failure)
[4772.863s][info][gc,heap        ] GC(1326) PSYoungGen: 2537600K(2586624K)->159712K(2589184K) Eden: 2387456K(2387456K)->0K(2387456K) From: 150144K(199168K)->159712K(201728K)
[4772.863s][info][gc,heap        ] GC(1326) ParOldGen: 3429815K(3429888K)->3530711K(3530752K)
[4772.863s][info][gc,metaspace   ] GC(1326) Metaspace: 29098K(29376K)->29098K(29376K) NonClass: 25991K(26112K)->25991K(26112K) Class: 3106K(3264K)->3106K(3264K)
[4772.863s][info][gc             ] GC(1326) Pause Young (Allocation Failure) 5827M->3603M(5976M) 98.908ms
[4772.863s][info][gc,cpu         ] GC(1326) User=0.55s Sys=0.03s Real=0.10s
..[4774.959s][info][gc,start       ] GC(1327) Pause Young (Allocation Failure)
[4775.052s][info][gc,heap        ] GC(1327) PSYoungGen: 2547168K(2589184K)->143712K(2593280K) Eden: 2387456K(2387456K)->0K(2395648K) From: 159712K(201728K)->143712K(197632K)
[4775.052s][info][gc,heap        ] GC(1327) ParOldGen: 3530711K(3530752K)->3634887K(3635200K)
[4775.052s][info][gc,metaspace   ] GC(1327) Metaspace: 29098K(29376K)->29098K(29376K) NonClass: 25991K(26112K)->25991K(26112K) Class: 3106K(3264K)->3106K(3264K)
[4775.052s][info][gc             ] GC(1327) Pause Young (Allocation Failure) 5935M->3690M(6082M) 93.479ms
[4775.053s][info][gc,cpu         ] GC(1327) User=0.52s Sys=0.03s Real=0.10s
..[4777.182s][info][gc,start       ] GC(1328) Pause Young (Allocation Failure)
[4777.276s][info][gc,heap        ] GC(1328) PSYoungGen: 2539360K(2593280K)->146368K(2592768K) Eden: 2395648K(2395648K)->0K(2395648K) From: 143712K(197632K)->146368K(197120K)
[4777.276s][info][gc,heap        ] GC(1328) ParOldGen: 3634887K(3635200K)->3738399K(3738624K)
[4777.276s][info][gc,metaspace   ] GC(1328) Metaspace: 29098K(29376K)->29098K(29376K) NonClass: 25991K(26112K)->25991K(26112K) Class: 3106K(3264K)->3106K(3264K)
[4777.276s][info][gc             ] GC(1328) Pause Young (Allocation Failure) 6029M->3793M(6183M) 94.594ms
[4777.276s][info][gc,cpu         ] GC(1328) User=0.53s Sys=0.03s Real=0.10s
...[4779.383s][info][gc,start       ] GC(1329) Pause Young (Allocation Failure)
[4779.482s][info][gc,heap        ] GC(1329) PSYoungGen: 2542016K(2592768K)->156208K(2594816K) Eden: 2395648K(2395648K)->0K(2403328K) From: 146368K(197120K)->156208K(191488K)
[4779.482s][info][gc,heap        ] GC(1329) ParOldGen: 3738399K(3738624K)->3841687K(3842048K)
[4779.482s][info][gc,metaspace   ] GC(1329) Metaspace: 29098K(29376K)->29098K(29376K) NonClass: 25991K(26112K)->25991K(26112K) Class: 3106K(3264K)->3106K(3264K)
[4779.482s][info][gc             ] GC(1329) Pause Young (Allocation Failure) 6133M->3904M(6286M) 98.912ms
[4779.482s][info][gc,cpu         ] GC(1329) User=0.56s Sys=0.03s Real=0.10s
..[4781.588s][info][gc,start       ] GC(1330) Pause Young (Allocation Failure)
[4781.689s][info][gc,heap        ] GC(1330) PSYoungGen: 2559536K(2594816K)->162880K(2595840K) Eden: 2403328K(2403328K)->0K(2403328K) From: 156208K(191488K)->162880K(192512K)
[4781.689s][info][gc,heap        ] GC(1330) ParOldGen: 3841687K(3842048K)->3944775K(3944960K)
[4781.689s][info][gc,metaspace   ] GC(1330) Metaspace: 29098K(29376K)->29098K(29376K) NonClass: 25991K(26112K)->25991K(26112K) Class: 3106K(3264K)->3106K(3264K)
[4781.689s][info][gc             ] GC(1330) Pause Young (Allocation Failure) 6251M->4011M(6387M) 101.432ms
[4781.689s][info][gc,cpu         ] GC(1330) User=0.57s Sys=0.03s Real=0.10s
..[4783.752s][info][gc,start       ] GC(1331) Pause Young (Allocation Failure)
[4783.853s][info][gc,heap        ] GC(1331) PSYoungGen: 2566208K(2595840K)->160256K(2600448K) Eden: 2403328K(2403328K)->0K(2413056K) From: 162880K(192512K)->160256K(187392K)
[4783.853s][info][gc,heap        ] GC(1331) ParOldGen: 3944775K(3944960K)->4046751K(4046848K)
[4783.853s][info][gc,metaspace   ] GC(1331) Metaspace: 29098K(29376K)->29098K(29376K) NonClass: 25991K(26112K)->25991K(26112K) Class: 3106K(3264K)->3106K(3264K)
[4783.853s][info][gc             ] GC(1331) Pause Young (Allocation Failure) 6358M->4108M(6491M) 100.445ms
[4783.853s][info][gc,cpu         ] GC(1331) User=0.56s Sys=0.03s Real=0.10s
..[4785.998s][info][gc,start       ] GC(1332) Pause Young (Allocation Failure)
[4786.095s][info][gc,heap        ] GC(1332) PSYoungGen: 2573312K(2600448K)->151760K(2601472K) Eden: 2413056K(2413056K)->0K(2413056K) From: 160256K(187392K)->151760K(188416K)
[4786.095s][info][gc,heap        ] GC(1332) ParOldGen: 4046751K(4046848K)->4148431K(4148736K)
[4786.095s][info][gc,metaspace   ] GC(1332) Metaspace: 29098K(29376K)->29098K(29376K) NonClass: 25991K(26112K)->25991K(26112K) Class: 3106K(3264K)->3106K(3264K)
[4786.095s][info][gc             ] GC(1332) Pause Young (Allocation Failure) 6464M->4199M(6592M) 97.197ms
[4786.095s][info][gc,cpu         ] GC(1332) User=0.54s Sys=0.03s Real=0.10s
..[4788.170s][info][gc,start       ] GC(1333) Pause Young (Allocation Failure)
[4788.268s][info][gc,heap        ] GC(1333) PSYoungGen: 2564816K(2601472K)->146928K(2606592K) Eden: 2413056K(2413056K)->0K(2421248K) From: 151760K(188416K)->146928K(185344K)
[4788.268s][info][gc,heap        ] GC(1333) ParOldGen: 4148431K(4148736K)->4254287K(4254720K)
[4788.268s][info][gc,metaspace   ] GC(1333) Metaspace: 29098K(29376K)->29098K(29376K) NonClass: 25991K(26112K)->25991K(26112K) Class: 3106K(3264K)->3106K(3264K)
[4788.268s][info][gc             ] GC(1333) Pause Young (Allocation Failure) 6555M->4298M(6700M) 97.678ms
[4788.268s][info][gc,cpu         ] GC(1333) User=0.54s Sys=0.03s Real=0.10s
...[4790.478s][info][gc,start       ] GC(1334) Pause Young (Allocation Failure)
[4790.578s][info][gc,heap        ] GC(1334) PSYoungGen: 2568176K(2606592K)->157856K(2606592K) Eden: 2421248K(2421248K)->0K(2421248K) From: 146928K(185344K)->157856K(185344K)
[4790.578s][info][gc,heap        ] GC(1334) ParOldGen: 4254287K(4254720K)->4351719K(4352000K)
[4790.578s][info][gc,metaspace   ] GC(1334) Metaspace: 29098K(29376K)->29098K(29376K) NonClass: 25991K(26112K)->25991K(26112K) Class: 3106K(3264K)->3106K(3264K)
[4790.578s][info][gc             ] GC(1334) Pause Young (Allocation Failure) 6662M->4403M(6795M) 100.028ms
[4790.578s][info][gc,cpu         ] GC(1334) User=0.56s Sys=0.03s Real=0.10s
..[4792.718s][info][gc,start       ] GC(1335) Pause Young (Allocation Failure)
[4792.820s][info][gc,heap        ] GC(1335) PSYoungGen: 2579104K(2606592K)->159200K(2609152K) Eden: 2421248K(2421248K)->0K(2426880K) From: 157856K(185344K)->159200K(182272K)
[4792.820s][info][gc,heap        ] GC(1335) ParOldGen: 4351719K(4352000K)->4458687K(4459008K)
[4792.820s][info][gc,metaspace   ] GC(1335) Metaspace: 29098K(29376K)->29098K(29376K) NonClass: 25991K(26112K)->25991K(26112K) Class: 3106K(3264K)->3106K(3264K)
[4792.820s][info][gc             ] GC(1335) Pause Young (Allocation Failure) 6768M->4509M(6902M) 101.351ms
[4792.820s][info][gc,cpu         ] GC(1335) User=0.57s Sys=0.03s Real=0.10s
..[4794.969s][info][gc,start       ] GC(1336) Pause Young (Allocation Failure)
[4795.063s][info][gc,heap        ] GC(1336) PSYoungGen: 2586080K(2609152K)->142944K(2608128K) Eden: 2426880K(2426880K)->0K(2426880K) From: 159200K(182272K)->142944K(181248K)
[4795.063s][info][gc,heap        ] GC(1336) ParOldGen: 4458687K(4459008K)->4562767K(4562944K)
[4795.063s][info][gc,metaspace   ] GC(1336) Metaspace: 29098K(29376K)->29098K(29376K) NonClass: 25991K(26112K)->25991K(26112K) Class: 3106K(3264K)->3106K(3264K)
[4795.063s][info][gc             ] GC(1336) Pause Young (Allocation Failure) 6879M->4595M(7003M) 94.051ms
[4795.063s][info][gc,cpu         ] GC(1336) User=0.51s Sys=0.04s Real=0.10s
..[4797.236s][info][gc,start       ] GC(1337) Pause Young (Allocation Failure)
[4797.332s][info][gc,heap        ] GC(1337) PSYoungGen: 2569824K(2608128K)->146944K(2613760K) Eden: 2426880K(2426880K)->0K(2433536K) From: 142944K(181248K)->146944K(180224K)
[4797.332s][info][gc,heap        ] GC(1337) ParOldGen: 4562767K(4562944K)->4665359K(4665856K)
[4797.332s][info][gc,metaspace   ] GC(1337) Metaspace: 29098K(29376K)->29098K(29376K) NonClass: 25991K(26112K)->25991K(26112K) Class: 3106K(3264K)->3106K(3264K)
[4797.332s][info][gc             ] GC(1337) Pause Young (Allocation Failure) 6965M->4699M(7109M) 96.135ms
[4797.332s][info][gc,cpu         ] GC(1337) User=0.52s Sys=0.05s Real=0.10s
...[4799.438s][info][gc,start       ] GC(1338) Pause Young (Allocation Failure)
[4799.535s][info][gc,heap        ] GC(1338) PSYoungGen: 2580480K(2613760K)->150336K(2613760K) Eden: 2433536K(2433536K)->0K(2433536K) From: 146944K(180224K)->150336K(180224K)
[4799.535s][info][gc,heap        ] GC(1338) ParOldGen: 4665359K(4665856K)->4768999K(4769280K)
[4799.535s][info][gc,metaspace   ] GC(1338) Metaspace: 29098K(29376K)->29098K(29376K) NonClass: 25991K(26112K)->25991K(26112K) Class: 3106K(3264K)->3106K(3264K)
[4799.535s][info][gc             ] GC(1338) Pause Young (Allocation Failure) 7076M->4804M(7210M) 97.255ms
[4799.535s][info][gc,cpu         ] GC(1338) User=0.56s Sys=0.02s Real=0.10s
..[4801.687s][info][gc,start       ] GC(1339) Pause Young (Allocation Failure)
[4801.783s][info][gc,heap        ] GC(1339) PSYoungGen: 2583872K(2613760K)->154176K(2612224K) Eden: 2433536K(2433536K)->0K(2437120K) From: 150336K(180224K)->154176K(175104K)
[4801.783s][info][gc,heap        ] GC(1339) ParOldGen: 4768999K(4769280K)->4871799K(4872192K)
[4801.783s][info][gc,metaspace   ] GC(1339) Metaspace: 29098K(29376K)->29098K(29376K) NonClass: 25991K(26112K)->25991K(26112K) Class: 3106K(3264K)->3106K(3264K)
[4801.783s][info][gc             ] GC(1339) Pause Young (Allocation Failure) 7180M->4908M(7309M) 96.796ms
[4801.783s][info][gc,cpu         ] GC(1339) User=0.54s Sys=0.02s Real=0.10s
..[4803.895s][info][gc,start       ] GC(1340) Pause Young (Allocation Failure)
[4803.999s][info][gc,heap        ] GC(1340) PSYoungGen: 2591296K(2612224K)->163348K(2613248K) Eden: 2437120K(2437120K)->0K(2437120K) From: 154176K(175104K)->163348K(176128K)
[4803.999s][info][gc,heap        ] GC(1340) ParOldGen: 4871799K(4872192K)->4975399K(4975616K)
[4803.999s][info][gc,metaspace   ] GC(1340) Metaspace: 29098K(29376K)->29098K(29376K) NonClass: 25991K(26112K)->25991K(26112K) Class: 3106K(3264K)->3106K(3264K)
[4803.999s][info][gc             ] GC(1340) Pause Young (Allocation Failure) 7288M->5018M(7411M) 103.248ms
[4803.999s][info][gc,cpu         ] GC(1340) User=0.57s Sys=0.03s Real=0.10s
..[4806.091s][info][gc,start       ] GC(1341) Pause Young (Allocation Failure)
[4806.189s][info][gc,heap        ] GC(1341) PSYoungGen: 2600468K(2613248K)->150880K(2618880K) Eden: 2437120K(2437120K)->0K(2442752K) From: 163348K(176128K)->150880K(176128K)
[4806.189s][info][gc,heap        ] GC(1341) ParOldGen: 4975399K(4975616K)->5079863K(5080064K)
[4806.189s][info][gc,metaspace   ] GC(1341) Metaspace: 29098K(29376K)->29098K(29376K) NonClass: 25991K(26112K)->25991K(26112K) Class: 3106K(3264K)->3106K(3264K)
[4806.189s][info][gc             ] GC(1341) Pause Young (Allocation Failure) 7398M->5108M(7518M) 98.014ms
[4806.189s][info][gc,cpu         ] GC(1341) User=0.55s Sys=0.03s Real=0.10s
..[4808.330s][info][gc,start       ] GC(1342) Pause Young (Allocation Failure)
[4808.429s][info][gc,heap        ] GC(1342) PSYoungGen: 2593632K(2618880K)->152992K(2595840K) Eden: 2442752K(2442752K)->0K(2442752K) From: 150880K(176128K)->152992K(153088K)
[4808.429s][info][gc,heap        ] GC(1342) ParOldGen: 5079863K(5080064K)->5183871K(5184000K)
[4808.429s][info][gc,metaspace   ] GC(1342) Metaspace: 29098K(29376K)->29098K(29376K) NonClass: 25991K(26112K)->25991K(26112K) Class: 3106K(3264K)->3106K(3264K)
[4808.429s][info][gc             ] GC(1342) Pause Young (Allocation Failure) 7493M->5211M(7597M) 98.307ms
[4808.429s][info][gc,cpu         ] GC(1342) User=0.55s Sys=0.03s Real=0.10s
...[4810.514s][info][gc,start       ] GC(1343) Pause Young (Allocation Failure)
[4810.616s][info][gc,heap        ] GC(1343) PSYoungGen: 2595744K(2595840K)->154272K(2619392K) Eden: 2442752K(2442752K)->0K(2445312K) From: 152992K(153088K)->154272K(174080K)
[4810.616s][info][gc,heap        ] GC(1343) ParOldGen: 5183871K(5184000K)->5290591K(5291008K)
[4810.616s][info][gc,metaspace   ] GC(1343) Metaspace: 29098K(29376K)->29098K(29376K) NonClass: 25991K(26112K)->25991K(26112K) Class: 3106K(3264K)->3106K(3264K)
[4810.616s][info][gc             ] GC(1343) Pause Young (Allocation Failure) 7597M->5317M(7725M) 101.763ms
[4810.616s][info][gc,cpu         ] GC(1343) User=0.56s Sys=0.04s Real=0.10s
..[4812.860s][info][gc,start       ] GC(1344) Pause Young (Allocation Failure)
[4812.967s][info][gc,heap        ] GC(1344) PSYoungGen: 2599584K(2619392K)->170517K(2617856K) Eden: 2445312K(2445312K)->0K(2445312K) From: 154272K(174080K)->170517K(172544K)
[4812.967s][info][gc,heap        ] GC(1344) ParOldGen: 5290591K(5291008K)->5389711K(5389824K)
[4812.967s][info][gc,metaspace   ] GC(1344) Metaspace: 29098K(29376K)->29098K(29376K) NonClass: 25991K(26112K)->25991K(26112K) Class: 3106K(3264K)->3106K(3264K)
[4812.967s][info][gc             ] GC(1344) Pause Young (Allocation Failure) 7705M->5429M(7820M) 106.971ms
[4812.967s][info][gc,cpu         ] GC(1344) User=0.59s Sys=0.02s Real=0.11s
..[4815.038s][info][gc,start       ] GC(1345) Pause Young (Allocation Failure)
[4815.134s][info][gc,heap        ] GC(1345) PSYoungGen: 2615829K(2617856K)->145504K(2619904K) Eden: 2445312K(2445312K)->0K(2443264K) From: 170517K(172544K)->145504K(176640K)
[4815.134s][info][gc,heap        ] GC(1345) ParOldGen: 5389711K(5389824K)->5498247K(5498368K)
[4815.134s][info][gc,metaspace   ] GC(1345) Metaspace: 29098K(29376K)->29098K(29376K) NonClass: 25991K(26112K)->25991K(26112K) Class: 3106K(3264K)->3106K(3264K)
[4815.134s][info][gc             ] GC(1345) Pause Young (Allocation Failure) 7817M->5511M(7928M) 96.825ms
[4815.135s][info][gc,cpu         ] GC(1345) User=0.54s Sys=0.03s Real=0.10s
..[4817.228s][info][gc,start       ] GC(1346) Pause Full (Allocation Failure)
[4817.228s][info][gc,phases,start] GC(1346) Marking Phase
[4817.548s][info][gc,phases      ] GC(1346) Marking Phase 319.453ms
[4817.548s][info][gc,phases,start] GC(1346) Summary Phase
[4817.548s][info][gc,phases      ] GC(1346) Summary Phase 0.111ms
[4817.548s][info][gc,phases,start] GC(1346) Forward
[4817.677s][info][gc,phases      ] GC(1346) Forward 129.225ms
[4817.677s][info][gc,phases,start] GC(1346) Adjust Pointers
[4817.890s][info][gc,phases      ] GC(1346) Adjust Pointers 213.303ms
[4817.890s][info][gc,phases,start] GC(1346) Compaction Phase
[4818.040s][info][gc,phases      ] GC(1346) Compaction Phase 149.347ms
[4818.042s][info][gc,phases,start] GC(1346) Post Compact
[4818.048s][info][gc,phases      ] GC(1346) Post Compact 6.813ms
[4818.165s][info][gc,heap        ] GC(1346) PSYoungGen: 2588768K(2619904K)->0K(2619392K) Eden: 2443264K(2443264K)->0K(2443264K) From: 145504K(176640K)->0K(176128K)
[4818.165s][info][gc,heap        ] GC(1346) ParOldGen: 5498247K(5498368K)->1625092K(1946624K)
[4818.165s][info][gc,metaspace   ] GC(1346) Metaspace: 29098K(29376K)->29098K(29376K) NonClass: 25991K(26112K)->25991K(26112K) Class: 3106K(3264K)->3106K(3264K)
[4818.165s][info][gc             ] GC(1346) Pause Full (Allocation Failure) 7897M->1587M(4459M) 936.587ms
[4818.165s][info][gc,cpu         ] GC(1346) User=4.41s Sys=0.12s Real=0.94s
.. (rIR:aIR:PR = 7610:7585:7585) (tPR = 112624) [OK] 
  4819s: Performance info:
         Transaction,    Success,    Partial,     Failed,   Receipts, AvgBarcode, 
             Overall,     455459,          0,          0,     432640,      59.47, 
         Response times:
             Request,    Success,    Partial,     Failed,   SkipFail,     Probes,    Samples,      min,      p50,      p90,      p95,      p99,      max, 
       TotalPurchase,     432717,          0,          0,          0,     352993,     396301,      200,     5700,    23000,    57000,   176000,   360000,
     InStorePurchase,     227705,          0,          0,          0,     185957,     208586,      200,     5600,    24000,    57000,   183000,   360000,
      OnlinePurchase,     159248,          0,          0,          0,     130077,     145872,      300,     5800,    23000,    57000,   171000,   360000,
        InstPurchase,      45764,          0,          0,          0,      36959,      41843,      300,     5700,    23000,    55000,   160000,   348000,
          AssocOfCat,        455,          0,          0,          0,        381,        524,    21000,    37000,    69500,   115250,   247250,  1100000,
      AssocOfProduct,       4567,          0,          0,          0,       4172,       4886,      800,     7200,    36000,    66000,   342000,   379000,
      BusinessReport,       1135,          0,          0,          0,       1038,       1277,    27000,    45000,    77000,   146100,   305000,  1000000,
          CustBuyBeh,       4555,          0,          0,          0,       4264,       5035,      300,     6100,    28000,    59000,   340640,   378000,
       ProductReturn,      12085,          0,          0,          0,       9114,      10416,      200,     4900,    21000,    52000,   285660,   305000,

  4819s: (56%)   IR =   7749 [4819.550s][info][gc,start       ] GC(1347) Pause Young (Allocation Failure)
[4819.618s][info][gc,heap        ] GC(1347) PSYoungGen: 2443264K(2619392K)->163888K(2617856K) Eden: 2443264K(2443264K)->0K(2441728K) From: 0K(176128K)->163888K(176128K)
[4819.618s][info][gc,heap        ] GC(1347) ParOldGen: 1625092K(1946624K)->1625092K(1946624K)
[4819.618s][info][gc,metaspace   ] GC(1347) Metaspace: 29098K(29376K)->29098K(29376K) NonClass: 25991K(26112K)->25991K(26112K) Class: 3106K(3264K)->3106K(3264K)
[4819.618s][info][gc             ] GC(1347) Pause Young (Allocation Failure) 3973M->1747M(4457M) 67.256ms
[4819.618s][info][gc,cpu         ] GC(1347) User=0.40s Sys=0.00s Real=0.07s
..[4821.719s][info][gc,start       ] GC(1348) Pause Young (Allocation Failure)
[4821.814s][info][gc,heap        ] GC(1348) PSYoungGen: 2605616K(2617856K)->154752K(2596864K) Eden: 2441728K(2441728K)->0K(2441728K) From: 163888K(176128K)->154752K(155136K)
[4821.814s][info][gc,heap        ] GC(1348) ParOldGen: 1625092K(1946624K)->1732876K(1946624K)
[4821.814s][info][gc,metaspace   ] GC(1348) Metaspace: 29098K(29376K)->29098K(29376K) NonClass: 25991K(26112K)->25991K(26112K) Class: 3106K(3264K)->3106K(3264K)
[4821.814s][info][gc             ] GC(1348) Pause Young (Allocation Failure) 4131M->1843M(4437M) 94.553ms
[4821.814s][info][gc,cpu         ] GC(1348) User=0.56s Sys=0.00s Real=0.10s
..[4823.952s][info][gc,start       ] GC(1349) Pause Young (Allocation Failure)
[4824.045s][info][gc,heap        ] GC(1349) PSYoungGen: 2596480K(2596864K)->150080K(2619392K) Eden: 2441728K(2441728K)->0K(2443776K) From: 154752K(155136K)->150080K(175616K)
[4824.045s][info][gc,heap        ] GC(1349) ParOldGen: 1732876K(1946624K)->1837756K(1946624K)
[4824.045s][info][gc,metaspace   ] GC(1349) Metaspace: 29098K(29376K)->29098K(29376K) NonClass: 25991K(26112K)->25991K(26112K) Class: 3106K(3264K)->3106K(3264K)
[4824.045s][info][gc             ] GC(1349) Pause Young (Allocation Failure) 4227M->1941M(4459M) 92.398ms
[4824.045s][info][gc,cpu         ] GC(1349) User=0.55s Sys=0.00s Real=0.09s
..[4826.199s][info][gc,start       ] GC(1350) Pause Young (Allocation Failure)
[4826.292s][info][gc,heap        ] GC(1350) PSYoungGen: 2593856K(2619392K)->154528K(2618368K) Eden: 2443776K(2443776K)->0K(2443776K) From: 150080K(175616K)->154528K(174592K)
[4826.292s][info][gc,heap        ] GC(1350) ParOldGen: 1837756K(1946624K)->1940468K(1946624K)
[4826.292s][info][gc,metaspace   ] GC(1350) Metaspace: 29098K(29376K)->29098K(29376K) NonClass: 25991K(26112K)->25991K(26112K) Class: 3106K(3264K)->3106K(3264K)
[4826.292s][info][gc             ] GC(1350) Pause Young (Allocation Failure) 4327M->2045M(4458M) 93.135ms
[4826.292s][info][gc,cpu         ] GC(1350) User=0.55s Sys=0.00s Real=0.10s
...[4828.404s][info][gc,start       ] GC(1351) Pause Young (Allocation Failure)
[4828.501s][info][gc,heap        ] GC(1351) PSYoungGen: 2598304K(2618368K)->154704K(2619904K) Eden: 2443776K(2443776K)->0K(2447360K) From: 154528K(174592K)->154704K(172544K)
[4828.501s][info][gc,heap        ] GC(1351) ParOldGen: 1940468K(1946624K)->2047316K(2047488K)
[4828.501s][info][gc,metaspace   ] GC(1351) Metaspace: 29098K(29376K)->29098K(29376K) NonClass: 25991K(26112K)->25991K(26112K) Class: 3106K(3264K)->3106K(3264K)
[4828.501s][info][gc             ] GC(1351) Pause Young (Allocation Failure) 4432M->2150M(4558M) 97.248ms
[4828.501s][info][gc,cpu         ] GC(1351) User=0.55s Sys=0.03s Real=0.09s
.|.[4830.608s][info][gc,start       ] GC(1352) Pause Young (Allocation Failure)
[4830.704s][info][gc,heap        ] GC(1352) PSYoungGen: 2602064K(2619904K)->151424K(2618368K) Eden: 2447360K(2447360K)->0K(2447360K) From: 154704K(172544K)->151424K(171008K)
[4830.704s][info][gc,heap        ] GC(1352) ParOldGen: 2047316K(2047488K)->2150308K(2150400K)
[4830.704s][info][gc,metaspace   ] GC(1352) Metaspace: 29098K(29376K)->29098K(29376K) NonClass: 25991K(26112K)->25991K(26112K) Class: 3106K(3264K)->3106K(3264K)
[4830.704s][info][gc             ] GC(1352) Pause Young (Allocation Failure) 4540M->2247M(4657M) 96.365ms
[4830.704s][info][gc,cpu         ] GC(1352) User=0.54s Sys=0.03s Real=0.10s
..[4832.827s][info][gc,start       ] GC(1353) Pause Young (Allocation Failure)
[4832.930s][info][gc,heap        ] GC(1353) PSYoungGen: 2598784K(2618368K)->168330K(2618880K) Eden: 2447360K(2447360K)->0K(2448896K) From: 151424K(171008K)->168330K(169984K)
[4832.930s][info][gc,heap        ] GC(1353) ParOldGen: 2150308K(2150400K)->2253396K(2253824K)
[4832.930s][info][gc,metaspace   ] GC(1353) Metaspace: 29098K(29376K)->29098K(29376K) NonClass: 25991K(26112K)->25991K(26112K) Class: 3106K(3264K)->3106K(3264K)
[4832.930s][info][gc             ] GC(1353) Pause Young (Allocation Failure) 4637M->2364M(4758M) 102.531ms
[4832.930s][info][gc,cpu         ] GC(1353) User=0.56s Sys=0.04s Real=0.10s
..[4835.021s][info][gc,start       ] GC(1354) Pause Young (Allocation Failure)
[4835.117s][info][gc,heap        ] GC(1354) PSYoungGen: 2617226K(2618880K)->150256K(2622464K) Eden: 2448896K(2448896K)->0K(2448896K) From: 168330K(169984K)->150256K(173568K)
[4835.117s][info][gc,heap        ] GC(1354) ParOldGen: 2253396K(2253824K)->2359396K(2359808K)
[4835.117s][info][gc,metaspace   ] GC(1354) Metaspace: 29098K(29376K)->29098K(29376K) NonClass: 25991K(26112K)->25991K(26112K) Class: 3106K(3264K)->3106K(3264K)
[4835.117s][info][gc             ] GC(1354) Pause Young (Allocation Failure) 4756M->2450M(4865M) 96.138ms
[4835.117s][info][gc,cpu         ] GC(1354) User=0.55s Sys=0.02s Real=0.10s
..[4837.235s][info][gc,start       ] GC(1355) Pause Young (Allocation Failure)
[4837.335s][info][gc,heap        ] GC(1355) PSYoungGen: 2599152K(2622464K)->161568K(2621952K) Eden: 2448896K(2448896K)->0K(2448896K) From: 150256K(173568K)->161568K(173056K)
[4837.335s][info][gc,heap        ] GC(1355) ParOldGen: 2359396K(2359808K)->2461508K(2461696K)
[4837.335s][info][gc,metaspace   ] GC(1355) Metaspace: 29098K(29376K)->29098K(29376K) NonClass: 25991K(26112K)->25991K(26112K) Class: 3106K(3264K)->3106K(3264K)
[4837.335s][info][gc             ] GC(1355) Pause Young (Allocation Failure) 4842M->2561M(4964M) 99.171ms
[4837.335s][info][gc,cpu         ] GC(1355) User=0.56s Sys=0.03s Real=0.10s
...[4839.459s][info][gc,start       ] GC(1356) Pause Young (Allocation Failure)
[4839.555s][info][gc,heap        ] GC(1356) PSYoungGen: 2610464K(2621952K)->152800K(2601984K) Eden: 2448896K(2448896K)->0K(2448896K) From: 161568K(173056K)->152800K(153088K)
[4839.555s][info][gc,heap        ] GC(1356) ParOldGen: 2461508K(2461696K)->2565412K(2565632K)
[4839.555s][info][gc,metaspace   ] GC(1356) Metaspace: 29098K(29376K)->29098K(29376K) NonClass: 25991K(26112K)->25991K(26112K) Class: 3106K(3264K)->3106K(3264K)
[4839.555s][info][gc             ] GC(1356) Pause Young (Allocation Failure) 4953M->2654M(5046M) 96.228ms
[4839.555s][info][gc,cpu         ] GC(1356) User=0.53s Sys=0.03s Real=0.10s
..[4841.732s][info][gc,start       ] GC(1357) Pause Young (Allocation Failure)
[4841.836s][info][gc,heap        ] GC(1357) PSYoungGen: 2601696K(2601984K)->168905K(2617344K) Eden: 2448896K(2448896K)->0K(2444800K) From: 152800K(153088K)->168905K(172544K)
[4841.836s][info][gc,heap        ] GC(1357) ParOldGen: 2565412K(2565632K)->2670692K(2671104K)
[4841.836s][info][gc,metaspace   ] GC(1357) Metaspace: 29099K(29376K)->29099K(29376K) NonClass: 25992K(26112K)->25992K(26112K) Class: 3106K(3264K)->3106K(3264K)
[4841.836s][info][gc             ] GC(1357) Pause Young (Allocation Failure) 5046M->2773M(5164M) 103.553ms
[4841.836s][info][gc,cpu         ] GC(1357) User=0.59s Sys=0.03s Real=0.10s
..[4843.889s][info][gc,start       ] GC(1358) Pause Young (Allocation Failure)
[4843.989s][info][gc,heap        ] GC(1358) PSYoungGen: 2613705K(2617344K)->159632K(2620416K) Eden: 2444800K(2444800K)->0K(2444800K) From: 168905K(172544K)->159632K(175616K)
[4843.989s][info][gc,heap        ] GC(1358) ParOldGen: 2670692K(2671104K)->2778588K(2778624K)
[4843.989s][info][gc,metaspace   ] GC(1358) Metaspace: 29099K(29376K)->29099K(29376K) NonClass: 25992K(26112K)->25992K(26112K) Class: 3106K(3264K)->3106K(3264K)
[4843.989s][info][gc             ] GC(1358) Pause Young (Allocation Failure) 5160M->2869M(5272M) 99.635ms
[4843.989s][info][gc,cpu         ] GC(1358) User=0.56s Sys=0.03s Real=0.10s
..[4846.009s][info][gc,start       ] GC(1359) Pause Young (Allocation Failure)
[4846.102s][info][gc,heap        ] GC(1359) PSYoungGen: 2604432K(2620416K)->145280K(2620416K) Eden: 2444800K(2444800K)->0K(2445824K) From: 159632K(175616K)->145280K(174592K)
[4846.102s][info][gc,heap        ] GC(1359) ParOldGen: 2778588K(2778624K)->2881596K(2882048K)
[4846.102s][info][gc,metaspace   ] GC(1359) Metaspace: 29099K(29376K)->29099K(29376K) NonClass: 25992K(26112K)->25992K(26112K) Class: 3106K(3264K)->3106K(3264K)
[4846.102s][info][gc             ] GC(1359) Pause Young (Allocation Failure) 5256M->2955M(5373M) 93.227ms
[4846.102s][info][gc,cpu         ] GC(1359) User=0.53s Sys=0.03s Real=0.10s
..[4848.292s][info][gc,start       ] GC(1360) Pause Young (Allocation Failure)
[4848.390s][info][gc,heap        ] GC(1360) PSYoungGen: 2591104K(2620416K)->158624K(2604544K) Eden: 2445824K(2445824K)->0K(2445824K) From: 145280K(174592K)->158624K(158720K)
[4848.390s][info][gc,heap        ] GC(1360) ParOldGen: 2881596K(2882048K)->2984900K(2984960K)
[4848.390s][info][gc,metaspace   ] GC(1360) Metaspace: 29099K(29376K)->29099K(29376K) NonClass: 25992K(26112K)->25992K(26112K) Class: 3106K(3264K)->3106K(3264K)
[4848.390s][info][gc             ] GC(1360) Pause Young (Allocation Failure) 5344M->3069M(5458M) 98.940ms
[4848.391s][info][gc,cpu         ] GC(1360) User=0.56s Sys=0.02s Real=0.10s
..[4850.440s][info][gc,start       ] GC(1361) Pause Young (Allocation Failure)
[4850.538s][info][gc,heap        ] GC(1361) PSYoungGen: 2604448K(2604544K)->157216K(2621952K) Eden: 2445824K(2445824K)->0K(2447872K) From: 158624K(158720K)->157216K(174080K)
[4850.538s][info][gc,heap        ] GC(1361) ParOldGen: 2984900K(2984960K)->3091940K(3091968K)
[4850.538s][info][gc,metaspace   ] GC(1361) Metaspace: 29099K(29376K)->29099K(29376K) NonClass: 25992K(26112K)->25992K(26112K) Class: 3106K(3264K)->3106K(3264K)
[4850.539s][info][gc             ] GC(1361) Pause Young (Allocation Failure) 5458M->3173M(5580M) 98.903ms
[4850.539s][info][gc,cpu         ] GC(1361) User=0.54s Sys=0.04s Real=0.10s
...[4852.583s][info][gc,start       ] GC(1362) Pause Young (Allocation Failure)
[4852.684s][info][gc,heap        ] GC(1362) PSYoungGen: 2605088K(2621952K)->158468K(2620416K) Eden: 2447872K(2447872K)->0K(2447872K) From: 157216K(174080K)->158468K(172544K)
[4852.684s][info][gc,heap        ] GC(1362) ParOldGen: 3091940K(3091968K)->3195396K(3195904K)
[4852.684s][info][gc,metaspace   ] GC(1362) Metaspace: 29099K(29376K)->29099K(29376K) NonClass: 25992K(26112K)->25992K(26112K) Class: 3106K(3264K)->3106K(3264K)
[4852.684s][info][gc             ] GC(1362) Pause Young (Allocation Failure) 5563M->3275M(5680M) 100.725ms
[4852.684s][info][gc,cpu         ] GC(1362) User=0.57s Sys=0.02s Real=0.10s
..[4854.816s][info][gc,start       ] GC(1363) Pause Young (Allocation Failure)
[4854.917s][info][gc,heap        ] GC(1363) PSYoungGen: 2606340K(2620416K)->165412K(2618880K) Eden: 2447872K(2447872K)->0K(2447360K) From: 158468K(172544K)->165412K(171520K)
[4854.917s][info][gc,heap        ] GC(1363) ParOldGen: 3195396K(3195904K)->3297324K(3297792K)
[4854.917s][info][gc,metaspace   ] GC(1363) Metaspace: 29099K(29376K)->29099K(29376K) NonClass: 25992K(26112K)->25992K(26112K) Class: 3106K(3264K)->3106K(3264K)
[4854.917s][info][gc             ] GC(1363) Pause Young (Allocation Failure) 5665M->3381M(5778M) 101.412ms
[4854.917s][info][gc,cpu         ] GC(1363) User=0.57s Sys=0.03s Real=0.10s
..[4856.981s][info][gc,start       ] GC(1364) Pause Young (Allocation Failure)
[4857.076s][info][gc,heap        ] GC(1364) PSYoungGen: 2612772K(2618880K)->143136K(2620928K) Eden: 2447360K(2447360K)->0K(2447360K) From: 165412K(171520K)->143136K(173568K)
[4857.076s][info][gc,heap        ] GC(1364) ParOldGen: 3297324K(3297792K)->3404404K(3404800K)
[4857.076s][info][gc,metaspace   ] GC(1364) Metaspace: 29099K(29376K)->29099K(29376K) NonClass: 25992K(26112K)->25992K(26112K) Class: 3106K(3264K)->3106K(3264K)
[4857.076s][info][gc             ] GC(1364) Pause Young (Allocation Failure) 5771M->3464M(5884M) 94.184ms
[4857.076s][info][gc,cpu         ] GC(1364) User=0.52s Sys=0.04s Real=0.10s
..[4859.229s][info][gc,start       ] GC(1365) Pause Young (Allocation Failure)
[4859.330s][info][gc,heap        ] GC(1365) PSYoungGen: 2590496K(2620928K)->162612K(2620416K) Eden: 2447360K(2447360K)->0K(2445824K) From: 143136K(173568K)->162612K(174592K)
[4859.330s][info][gc,heap        ] GC(1365) ParOldGen: 3404404K(3404800K)->3506668K(3506688K)
[4859.330s][info][gc,metaspace   ] GC(1365) Metaspace: 29099K(29376K)->29099K(29376K) NonClass: 25992K(26112K)->25992K(26112K) Class: 3106K(3264K)->3106K(3264K)
[4859.330s][info][gc             ] GC(1365) Pause Young (Allocation Failure) 5854M->3583M(5983M) 101.803ms
[4859.330s][info][gc,cpu         ] GC(1365) User=0.56s Sys=0.03s Real=0.10s
..[4861.509s][info][gc,start       ] GC(1366) Pause Young (Allocation Failure)
[4861.606s][info][gc,heap        ] GC(1366) PSYoungGen: 2608436K(2620416K)->158304K(2604544K) Eden: 2445824K(2445824K)->0K(2445824K) From: 162612K(174592K)->158304K(158720K)
[4861.606s][info][gc,heap        ] GC(1366) ParOldGen: 3506668K(3506688K)->3609444K(3609600K)
[4861.606s][info][gc,metaspace   ] GC(1366) Metaspace: 29099K(29376K)->29099K(29376K) NonClass: 25992K(26112K)->25992K(26112K) Class: 3106K(3264K)->3106K(3264K)
[4861.606s][info][gc             ] GC(1366) Pause Young (Allocation Failure) 5971M->3679M(6068M) 97.461ms
[4861.606s][info][gc,cpu         ] GC(1366) User=0.56s Sys=0.02s Real=0.10s
...[4863.681s][info][gc,start       ] GC(1367) Pause Young (Allocation Failure)
[4863.783s][info][gc,heap        ] GC(1367) PSYoungGen: 2604128K(2604544K)->158660K(2620928K) Eden: 2445824K(2445824K)->0K(2447360K) From: 158304K(158720K)->158660K(173568K)
[4863.783s][info][gc,heap        ] GC(1367) ParOldGen: 3609444K(3609600K)->3717796K(3718144K)
[4863.783s][info][gc,metaspace   ] GC(1367) Metaspace: 29099K(29376K)->29099K(29376K) NonClass: 25992K(26112K)->25992K(26112K) Class: 3106K(3264K)->3106K(3264K)
[4863.783s][info][gc             ] GC(1367) Pause Young (Allocation Failure) 6067M->3785M(6190M) 101.537ms
[4863.783s][info][gc,cpu         ] GC(1367) User=0.57s Sys=0.02s Real=0.11s
..[4865.890s][info][gc,start       ] GC(1368) Pause Young (Allocation Failure)
[4865.994s][info][gc,heap        ] GC(1368) PSYoungGen: 2606020K(2620928K)->168901K(2619904K) Eden: 2447360K(2447360K)->0K(2447360K) From: 158660K(173568K)->168901K(172544K)
[4865.994s][info][gc,heap        ] GC(1368) ParOldGen: 3717796K(3718144K)->3820340K(3820544K)
[4865.994s][info][gc,metaspace   ] GC(1368) Metaspace: 29099K(29376K)->29099K(29376K) NonClass: 25992K(26112K)->25992K(26112K) Class: 3106K(3264K)->3106K(3264K)
[4865.994s][info][gc             ] GC(1368) Pause Young (Allocation Failure) 6175M->3895M(6289M) 103.942ms
[4865.994s][info][gc,cpu         ] GC(1368) User=0.59s Sys=0.02s Real=0.11s
..[4868.073s][info][gc,start       ] GC(1369) Pause Young (Allocation Failure)
[4868.172s][info][gc,heap        ] GC(1369) PSYoungGen: 2616261K(2619904K)->155552K(2621952K) Eden: 2447360K(2447360K)->0K(2446336K) From: 168901K(172544K)->155552K(175616K)
[4868.172s][info][gc,heap        ] GC(1369) ParOldGen: 3820340K(3820544K)->3926228K(3926528K)
[4868.172s][info][gc,metaspace   ] GC(1369) Metaspace: 29099K(29376K)->29099K(29376K) NonClass: 25992K(26112K)->25992K(26112K) Class: 3106K(3264K)->3106K(3264K)
[4868.172s][info][gc             ] GC(1369) Pause Young (Allocation Failure) 6285M->3986M(6395M) 98.402ms
[4868.172s][info][gc,cpu         ] GC(1369) User=0.54s Sys=0.03s Real=0.10s
..[4870.298s][info][gc,start       ] GC(1370) Pause Young (Allocation Failure)
[4870.401s][info][gc,heap        ] GC(1370) PSYoungGen: 2601888K(2621952K)->167696K(2614272K) Eden: 2446336K(2446336K)->0K(2446336K) From: 155552K(175616K)->167696K(167936K)
[4870.401s][info][gc,heap        ] GC(1370) ParOldGen: 3926228K(3926528K)->4028332K(4028416K)
[4870.401s][info][gc,metaspace   ] GC(1370) Metaspace: 29099K(29376K)->29099K(29376K) NonClass: 25992K(26112K)->25992K(26112K) Class: 3106K(3264K)->3106K(3264K)
[4870.401s][info][gc             ] GC(1370) Pause Young (Allocation Failure) 6375M->4097M(6487M) 103.613ms
[4870.402s][info][gc,cpu         ] GC(1370) User=0.58s Sys=0.04s Real=0.10s
..[4872.504s][info][gc,start       ] GC(1371) Pause Young (Allocation Failure)
[4872.602s][info][gc,heap        ] GC(1371) PSYoungGen: 2614032K(2614272K)->150368K(2619904K) Eden: 2446336K(2446336K)->0K(2443776K) From: 167696K(167936K)->150368K(176128K)
[4872.602s][info][gc,heap        ] GC(1371) ParOldGen: 4028332K(4028416K)->4133580K(4133888K)
[4872.602s][info][gc,metaspace   ] GC(1371) Metaspace: 29099K(29376K)->29099K(29376K) NonClass: 25992K(26112K)->25992K(26112K) Class: 3106K(3264K)->3106K(3264K)
[4872.602s][info][gc             ] GC(1371) Pause Young (Allocation Failure) 6486M->4183M(6595M) 97.150ms
[4872.602s][info][gc,cpu         ] GC(1371) User=0.55s Sys=0.03s Real=0.09s
...[4874.772s][info][gc,start       ] GC(1372) Pause Young (Allocation Failure)
[4874.877s][info][gc,heap        ] GC(1372) PSYoungGen: 2594144K(2619904K)->166720K(2610688K) Eden: 2443776K(2443776K)->0K(2443776K) From: 150368K(176128K)->166720K(166912K)
[4874.877s][info][gc,heap        ] GC(1372) ParOldGen: 4133580K(4133888K)->4236372K(4236800K)
[4874.877s][info][gc,metaspace   ] GC(1372) Metaspace: 29099K(29376K)->29099K(29376K) NonClass: 25992K(26112K)->25992K(26112K) Class: 3106K(3264K)->3106K(3264K)
[4874.877s][info][gc             ] GC(1372) Pause Young (Allocation Failure) 6570M->4299M(6687M) 104.356ms
[4874.877s][info][gc,cpu         ] GC(1372) User=0.58s Sys=0.03s Real=0.10s
..[4876.930s][info][gc,start       ] GC(1373) Pause Young (Allocation Failure)
[4877.033s][info][gc,heap        ] GC(1373) PSYoungGen: 2610496K(2610688K)->162357K(2618880K) Eden: 2443776K(2443776K)->0K(2441216K) From: 166720K(166912K)->162357K(177664K)
[4877.033s][info][gc,heap        ] GC(1373) ParOldGen: 4236372K(4236800K)->4342332K(4342784K)
[4877.033s][info][gc,metaspace   ] GC(1373) Metaspace: 29099K(29376K)->29099K(29376K) NonClass: 25992K(26112K)->25992K(26112K) Class: 3106K(3264K)->3106K(3264K)
[4877.033s][info][gc             ] GC(1373) Pause Young (Allocation Failure) 6686M->4399M(6798M) 102.183ms
[4877.033s][info][gc,cpu         ] GC(1373) User=0.57s Sys=0.03s Real=0.11s
..[4879.162s][info][gc,start       ] GC(1374) Pause Young (Allocation Failure)
[4879.261s][info][gc,heap        ] GC(1374) PSYoungGen: 2603573K(2618880K)->156320K(2597888K) Eden: 2441216K(2441216K)->0K(2441216K) From: 162357K(177664K)->156320K(156672K)
[4879.261s][info][gc,heap        ] GC(1374) ParOldGen: 4342332K(4342784K)->4445364K(4445696K)
[4879.261s][info][gc,metaspace   ] GC(1374) Metaspace: 29099K(29376K)->29099K(29376K) NonClass: 25992K(26112K)->25992K(26112K) Class: 3106K(3264K)->3106K(3264K)
[4879.261s][info][gc             ] GC(1374) Pause Young (Allocation Failure) 6783M->4493M(6878M) 99.254ms
[4879.261s][info][gc,cpu         ] GC(1374) User=0.55s Sys=0.04s Real=0.09s
..[4881.383s][info][gc,start       ] GC(1375) Pause Young (Allocation Failure)
[4881.481s][info][gc,heap        ] GC(1375) PSYoungGen: 2597536K(2597888K)->150368K(2616832K) Eden: 2441216K(2441216K)->0K(2441216K) From: 156320K(156672K)->150368K(175616K)
[4881.481s][info][gc,heap        ] GC(1375) ParOldGen: 4445364K(4445696K)->4551316K(4551680K)
[4881.481s][info][gc,metaspace   ] GC(1375) Metaspace: 29099K(29376K)->29099K(29376K) NonClass: 25992K(26112K)->25992K(26112K) Class: 3106K(3264K)->3106K(3264K)
[4881.481s][info][gc             ] GC(1375) Pause Young (Allocation Failure) 6877M->4591M(7000M) 97.391ms
[4881.481s][info][gc,cpu         ] GC(1375) User=0.55s Sys=0.03s Real=0.09s
..[4883.567s][info][gc,start       ] GC(1376) Pause Young (Allocation Failure)
[4883.673s][info][gc,heap        ] GC(1376) PSYoungGen: 2591584K(2616832K)->165815K(2616832K) Eden: 2441216K(2441216K)->0K(2441216K) From: 150368K(175616K)->165815K(175616K)
[4883.674s][info][gc,heap        ] GC(1376) ParOldGen: 4551316K(4551680K)->4654644K(4655104K)
[4883.674s][info][gc,metaspace   ] GC(1376) Metaspace: 29099K(29376K)->29099K(29376K) NonClass: 25992K(26112K)->25992K(26112K) Class: 3106K(3264K)->3106K(3264K)
[4883.674s][info][gc             ] GC(1376) Pause Young (Allocation Failure) 6975M->4707M(7101M) 106.154ms
[4883.674s][info][gc,cpu         ] GC(1376) User=0.59s Sys=0.03s Real=0.11s
...[4885.777s][info][gc,start       ] GC(1377) Pause Young (Allocation Failure)
[4885.878s][info][gc,heap        ] GC(1377) PSYoungGen: 2607031K(2616832K)->157472K(2618368K) Eden: 2441216K(2441216K)->0K(2443776K) From: 165815K(175616K)->157472K(174592K)
[4885.878s][info][gc,heap        ] GC(1377) ParOldGen: 4654644K(4655104K)->4758108K(4758528K)
[4885.878s][info][gc,metaspace   ] GC(1377) Metaspace: 29099K(29376K)->29099K(29376K) NonClass: 25992K(26112K)->25992K(26112K) Class: 3106K(3264K)->3106K(3264K)
[4885.878s][info][gc             ] GC(1377) Pause Young (Allocation Failure) 7091M->4800M(7204M) 100.756ms
[4885.878s][info][gc,cpu         ] GC(1377) User=0.57s Sys=0.03s Real=0.10s
..[4887.879s][info][gc,start       ] GC(1378) Pause Young (Allocation Failure)
[4887.976s][info][gc,heap        ] GC(1378) PSYoungGen: 2601248K(2618368K)->152736K(2618880K) Eden: 2443776K(2443776K)->0K(2443776K) From: 157472K(174592K)->152736K(175104K)
[4887.976s][info][gc,heap        ] GC(1378) ParOldGen: 4758108K(4758528K)->4864820K(4865024K)
[4887.976s][info][gc,metaspace   ] GC(1378) Metaspace: 29099K(29376K)->29099K(29376K) NonClass: 25992K(26112K)->25992K(26112K) Class: 3106K(3264K)->3106K(3264K)
[4887.976s][info][gc             ] GC(1378) Pause Young (Allocation Failure) 7186M->4899M(7308M) 97.637ms
[4887.976s][info][gc,cpu         ] GC(1378) User=0.54s Sys=0.03s Real=0.10s
.. (rIR:aIR:PR = 7749:7750:7750) (tPR = 114901) [OK] 
  4889s: Performance info:
         Transaction,    Success,    Partial,     Failed,   Receipts, AvgBarcode, 
             Overall,     467823,          0,          0,     444394,      59.47, 
         Response times:
             Request,    Success,    Partial,     Failed,   SkipFail,     Probes,    Samples,      min,      p50,      p90,      p95,      p99,      max, 
       TotalPurchase,     444394,          0,          0,          0,     363435,     425428,      300,     5500,    16700,    36000,    75000,   167000,
     InStorePurchase,     235097,          0,          0,          0,     191231,     223492,      300,     5400,    16500,    35000,    74000,   160000,
      OnlinePurchase,     162494,          0,          0,          0,     133698,     156367,      300,     5600,    17100,    37000,    76000,   160000,
        InstPurchase,      46803,          0,          0,          0,      38506,      45569,      400,     5800,    16900,    37000,    72000,   167000,
          AssocOfCat,        467,          0,          0,          0,        384,        540,    21000,    38000,    72700,    97000,   159180,   166000,
      AssocOfProduct,       4680,          0,          0,          0,       4379,       5332,      400,     3800,    13000,    28000,    65000,   136000,
      BusinessReport,       1172,          0,          0,          0,       1050,       1401,    29000,    47000,    75800,   105000,   162960,   191000,
          CustBuyBeh,       4671,          0,          0,          0,       4351,       5351,      100,     4800,    14100,    34000,    73000,   157000,
       ProductReturn,      12442,          0,          0,          0,       9508,      11448,      200,     4800,    15100,    35000,    67000,   138000,

  4889s: (57%)   IR =   7887 [4890.099s][info][gc,start       ] GC(1379) Pause Young (Allocation Failure)
[4890.197s][info][gc,heap        ] GC(1379) PSYoungGen: 2596512K(2618880K)->151696K(2619904K) Eden: 2443776K(2443776K)->0K(2446336K) From: 152736K(175104K)->151696K(173568K)
[4890.197s][info][gc,heap        ] GC(1379) ParOldGen: 4864820K(4865024K)->4966908K(4966912K)
[4890.197s][info][gc,metaspace   ] GC(1379) Metaspace: 29099K(29376K)->29099K(29376K) NonClass: 25992K(26112K)->25992K(26112K) Class: 3106K(3264K)->3106K(3264K)
[4890.197s][info][gc             ] GC(1379) Pause Young (Allocation Failure) 7286M->4998M(7409M) 98.159ms
[4890.197s][info][gc,cpu         ] GC(1379) User=0.53s Sys=0.04s Real=0.10s
..[4892.282s][info][gc,start       ] GC(1380) Pause Young (Allocation Failure)
[4892.380s][info][gc,heap        ] GC(1380) PSYoungGen: 2598032K(2619904K)->152640K(2620416K) Eden: 2446336K(2446336K)->0K(2446336K) From: 151696K(173568K)->152640K(174080K)
[4892.380s][info][gc,heap        ] GC(1380) ParOldGen: 4966908K(4966912K)->5070228K(5070336K)
[4892.380s][info][gc,metaspace   ] GC(1380) Metaspace: 29099K(29376K)->29099K(29376K) NonClass: 25992K(26112K)->25992K(26112K) Class: 3106K(3264K)->3106K(3264K)
[4892.380s][info][gc             ] GC(1380) Pause Young (Allocation Failure) 7387M->5100M(7510M) 98.035ms
[4892.380s][info][gc,cpu         ] GC(1380) User=0.55s Sys=0.03s Real=0.09s
..[4894.375s][info][gc,start       ] GC(1381) Pause Young (Allocation Failure)
[4894.475s][info][gc,heap        ] GC(1381) PSYoungGen: 2598976K(2620416K)->154272K(2620416K) Eden: 2446336K(2446336K)->0K(2448896K) From: 152640K(174080K)->154272K(171520K)
[4894.475s][info][gc,heap        ] GC(1381) ParOldGen: 5070228K(5070336K)->5176468K(5176832K)
[4894.475s][info][gc,metaspace   ] GC(1381) Metaspace: 29099K(29376K)->29099K(29376K) NonClass: 25992K(26112K)->25992K(26112K) Class: 3106K(3264K)->3106K(3264K)
[4894.475s][info][gc             ] GC(1381) Pause Young (Allocation Failure) 7489M->5205M(7614M) 99.287ms
[4894.475s][info][gc,cpu         ] GC(1381) User=0.55s Sys=0.03s Real=0.10s
..[4896.583s][info][gc,start       ] GC(1382) Pause Young (Allocation Failure)
[4896.687s][info][gc,heap        ] GC(1382) PSYoungGen: 2603168K(2620416K)->166661K(2620928K) Eden: 2448896K(2448896K)->0K(2448896K) From: 154272K(171520K)->166661K(172032K)
[4896.687s][info][gc,heap        ] GC(1382) ParOldGen: 5176468K(5176832K)->5278764K(5279232K)
[4896.687s][info][gc,metaspace   ] GC(1382) Metaspace: 29099K(29376K)->29099K(29376K) NonClass: 25992K(26112K)->25992K(26112K) Class: 3106K(3264K)->3106K(3264K)
[4896.687s][info][gc             ] GC(1382) Pause Young (Allocation Failure) 7597M->5317M(7715M) 104.069ms
[4896.687s][info][gc,cpu         ] GC(1382) User=0.57s Sys=0.04s Real=0.10s
..|[4898.717s][info][gc,start       ] GC(1383) Pause Young (Allocation Failure)
[4898.819s][info][gc,heap        ] GC(1383) PSYoungGen: 2615557K(2620928K)->157664K(2622464K) Eden: 2448896K(2448896K)->0K(2449408K) From: 166661K(172032K)->157664K(173056K)
[4898.819s][info][gc,heap        ] GC(1383) ParOldGen: 5278764K(5279232K)->5385324K(5385728K)
[4898.819s][info][gc,metaspace   ] GC(1383) Metaspace: 29099K(29376K)->29099K(29376K) NonClass: 25992K(26112K)->25992K(26112K) Class: 3106K(3264K)->3106K(3264K)
[4898.819s][info][gc             ] GC(1383) Pause Young (Allocation Failure) 7709M->5413M(7820M) 101.559ms
[4898.819s][info][gc,cpu         ] GC(1383) User=0.56s Sys=0.03s Real=0.10s
...[4900.929s][info][gc,start       ] GC(1384) Pause Young (Allocation Failure)
[4901.030s][info][gc,heap        ] GC(1384) PSYoungGen: 2607072K(2622464K)->160000K(2621952K) Eden: 2449408K(2449408K)->0K(2449408K) From: 157664K(173056K)->160000K(172544K)
[4901.030s][info][gc,heap        ] GC(1384) ParOldGen: 5385324K(5385728K)->5487804K(5488128K)
[4901.030s][info][gc,metaspace   ] GC(1384) Metaspace: 29099K(29376K)->29099K(29376K) NonClass: 25992K(26112K)->25992K(26112K) Class: 3106K(3264K)->3106K(3264K)
[4901.030s][info][gc             ] GC(1384) Pause Young (Allocation Failure) 7805M->5515M(7920M) 101.141ms
[4901.030s][info][gc,cpu         ] GC(1384) User=0.56s Sys=0.03s Real=0.10s
..[4903.153s][info][gc,start       ] GC(1385) Pause Full (Allocation Failure)
[4903.153s][info][gc,phases,start] GC(1385) Marking Phase
[4903.472s][info][gc,phases      ] GC(1385) Marking Phase 318.801ms
[4903.472s][info][gc,phases,start] GC(1385) Summary Phase
[4903.472s][info][gc,phases      ] GC(1385) Summary Phase 0.101ms
[4903.472s][info][gc,phases,start] GC(1385) Forward
[4903.595s][info][gc,phases      ] GC(1385) Forward 122.659ms
[4903.595s][info][gc,phases,start] GC(1385) Adjust Pointers
[4903.811s][info][gc,phases      ] GC(1385) Adjust Pointers 216.092ms
[4903.811s][info][gc,phases,start] GC(1385) Compaction Phase
[4903.962s][info][gc,phases      ] GC(1385) Compaction Phase 151.535ms
[4903.964s][info][gc,phases,start] GC(1385) Post Compact
[4903.971s][info][gc,phases      ] GC(1385) Post Compact 6.845ms
[4904.088s][info][gc,heap        ] GC(1385) PSYoungGen: 2609408K(2621952K)->0K(2622464K) Eden: 2449408K(2449408K)->0K(2450432K) From: 160000K(172544K)->0K(172032K)
[4904.088s][info][gc,heap        ] GC(1385) ParOldGen: 5487804K(5488128K)->1626782K(1953792K)
[4904.088s][info][gc,metaspace   ] GC(1385) Metaspace: 29099K(29376K)->29099K(29376K) NonClass: 25992K(26112K)->25992K(26112K) Class: 3106K(3264K)->3106K(3264K)
[4904.088s][info][gc             ] GC(1385) Pause Full (Allocation Failure) 7907M->1588M(4469M) 934.743ms
[4904.088s][info][gc,cpu         ] GC(1385) User=4.46s Sys=0.12s Real=0.93s
..[4905.420s][info][gc,start       ] GC(1386) Pause Young (Allocation Failure)
[4905.489s][info][gc,heap        ] GC(1386) PSYoungGen: 2450432K(2622464K)->164805K(2622464K) Eden: 2450432K(2450432K)->0K(2450432K) From: 0K(172032K)->164805K(172032K)
[4905.489s][info][gc,heap        ] GC(1386) ParOldGen: 1626782K(1953792K)->1626782K(1953792K)
[4905.489s][info][gc,metaspace   ] GC(1386) Metaspace: 29099K(29376K)->29099K(29376K) NonClass: 25992K(26112K)->25992K(26112K) Class: 3106K(3264K)->3106K(3264K)
[4905.489s][info][gc             ] GC(1386) Pause Young (Allocation Failure) 3981M->1749M(4469M) 68.996ms
[4905.490s][info][gc,cpu         ] GC(1386) User=0.40s Sys=0.00s Real=0.07s
..[4907.416s][info][gc,start       ] GC(1387) Pause Young (Allocation Failure)
[4907.513s][info][gc,heap        ] GC(1387) PSYoungGen: 2615237K(2622464K)->160356K(2623488K) Eden: 2450432K(2450432K)->0K(2450432K) From: 164805K(172032K)->160356K(173056K)
[4907.513s][info][gc,heap        ] GC(1387) ParOldGen: 1626782K(1953792K)->1735403K(1953792K)
[4907.513s][info][gc,metaspace   ] GC(1387) Metaspace: 29099K(29376K)->29099K(29376K) NonClass: 25992K(26112K)->25992K(26112K) Class: 3106K(3264K)->3106K(3264K)
[4907.513s][info][gc             ] GC(1387) Pause Young (Allocation Failure) 4142M->1851M(4470M) 97.733ms
[4907.513s][info][gc,cpu         ] GC(1387) User=0.57s Sys=0.00s Real=0.10s
..[4909.583s][info][gc,start       ] GC(1388) Pause Young (Allocation Failure)
[4909.679s][info][gc,heap        ] GC(1388) PSYoungGen: 2610788K(2623488K)->158484K(2609152K) Eden: 2450432K(2450432K)->0K(2450432K) From: 160356K(173056K)->158484K(158720K)
[4909.679s][info][gc,heap        ] GC(1388) ParOldGen: 1735403K(1953792K)->1839867K(1953792K)
[4909.679s][info][gc,metaspace   ] GC(1388) Metaspace: 29099K(29376K)->29099K(29376K) NonClass: 25992K(26112K)->25992K(26112K) Class: 3106K(3264K)->3106K(3264K)
[4909.679s][info][gc             ] GC(1388) Pause Young (Allocation Failure) 4244M->1951M(4456M) 95.176ms
[4909.679s][info][gc,cpu         ] GC(1388) User=0.56s Sys=0.00s Real=0.09s
..[4911.779s][info][gc,start       ] GC(1389) Pause Young (Allocation Failure)
[4911.877s][info][gc,heap        ] GC(1389) PSYoungGen: 2608916K(2609152K)->166900K(2619392K) Eden: 2450432K(2450432K)->0K(2448384K) From: 158484K(158720K)->166900K(171008K)
[4911.877s][info][gc,heap        ] GC(1389) ParOldGen: 1839867K(1953792K)->1943091K(1953792K)
[4911.877s][info][gc,metaspace   ] GC(1389) Metaspace: 29099K(29376K)->29099K(29376K) NonClass: 25992K(26112K)->25992K(26112K) Class: 3106K(3264K)->3106K(3264K)
[4911.877s][info][gc             ] GC(1389) Pause Young (Allocation Failure) 4344M->2060M(4466M) 97.686ms
[4911.877s][info][gc,cpu         ] GC(1389) User=0.58s Sys=0.00s Real=0.10s
..[4913.978s][info][gc,start       ] GC(1390) Pause Young (Allocation Failure)
[4914.072s][info][gc,heap        ] GC(1390) PSYoungGen: 2615284K(2619392K)->144768K(2621440K) Eden: 2448384K(2448384K)->0K(2448384K) From: 166900K(171008K)->144768K(173056K)
[4914.072s][info][gc,heap        ] GC(1390) ParOldGen: 1943091K(1953792K)->2050915K(2051072K)
[4914.072s][info][gc,metaspace   ] GC(1390) Metaspace: 29099K(29376K)->29099K(29376K) NonClass: 25992K(26112K)->25992K(26112K) Class: 3106K(3264K)->3106K(3264K)
[4914.072s][info][gc             ] GC(1390) Pause Young (Allocation Failure) 4451M->2144M(4563M) 94.449ms
[4914.072s][info][gc,cpu         ] GC(1390) User=0.53s Sys=0.02s Real=0.10s
..[4916.148s][info][gc,start       ] GC(1391) Pause Young (Allocation Failure)
[4916.248s][info][gc,heap        ] GC(1391) PSYoungGen: 2593152K(2621440K)->158197K(2620928K) Eden: 2448384K(2448384K)->0K(2448896K) From: 144768K(173056K)->158197K(172032K)
[4916.248s][info][gc,heap        ] GC(1391) ParOldGen: 2050915K(2051072K)->2153907K(2153984K)
[4916.248s][info][gc,metaspace   ] GC(1391) Metaspace: 29099K(29376K)->29099K(29376K) NonClass: 25992K(26112K)->25992K(26112K) Class: 3106K(3264K)->3106K(3264K)
[4916.249s][info][gc             ] GC(1391) Pause Young (Allocation Failure) 4535M->2257M(4663M) 100.181ms
[4916.249s][info][gc,cpu         ] GC(1391) User=0.55s Sys=0.04s Real=0.10s
...[4918.289s][info][gc,start       ] GC(1392) Pause Young (Allocation Failure)
[4918.388s][info][gc,heap        ] GC(1392) PSYoungGen: 2607093K(2620928K)->158528K(2621440K) Eden: 2448896K(2448896K)->0K(2448896K) From: 158197K(172032K)->158528K(172544K)
[4918.388s][info][gc,heap        ] GC(1392) ParOldGen: 2153907K(2153984K)->2260635K(2260992K)
[4918.388s][info][gc,metaspace   ] GC(1392) Metaspace: 29099K(29376K)->29099K(29376K) NonClass: 25992K(26112K)->25992K(26112K) Class: 3106K(3264K)->3106K(3264K)
[4918.388s][info][gc             ] GC(1392) Pause Young (Allocation Failure) 4649M->2362M(4768M) 98.757ms
[4918.388s][info][gc,cpu         ] GC(1392) User=0.55s Sys=0.04s Real=0.10s
..[4920.439s][info][gc,start       ] GC(1393) Pause Young (Allocation Failure)
[4920.537s][info][gc,heap        ] GC(1393) PSYoungGen: 2607424K(2621440K)->160416K(2622976K) Eden: 2448896K(2448896K)->0K(2451968K) From: 158528K(172544K)->160416K(171008K)
[4920.537s][info][gc,heap        ] GC(1393) ParOldGen: 2260635K(2260992K)->2364411K(2364416K)
[4920.537s][info][gc,metaspace   ] GC(1393) Metaspace: 29099K(29376K)->29099K(29376K) NonClass: 25992K(26112K)->25992K(26112K) Class: 3106K(3264K)->3106K(3264K)
[4920.537s][info][gc             ] GC(1393) Pause Young (Allocation Failure) 4753M->2465M(4870M) 98.776ms
[4920.537s][info][gc,cpu         ] GC(1393) User=0.54s Sys=0.03s Real=0.10s
..[4922.568s][info][gc,start       ] GC(1394) Pause Young (Allocation Failure)
[4922.668s][info][gc,heap        ] GC(1394) PSYoungGen: 2612384K(2622976K)->157312K(2622976K) Eden: 2451968K(2451968K)->0K(2451968K) From: 160416K(171008K)->157312K(171008K)
[4922.668s][info][gc,heap        ] GC(1394) ParOldGen: 2364411K(2364416K)->2471331K(2471424K)
[4922.668s][info][gc,metaspace   ] GC(1394) Metaspace: 29099K(29376K)->29099K(29376K) NonClass: 25992K(26112K)->25992K(26112K) Class: 3106K(3264K)->3106K(3264K)
[4922.668s][info][gc             ] GC(1394) Pause Young (Allocation Failure) 4860M->2567M(4975M) 100.442ms
[4922.669s][info][gc,cpu         ] GC(1394) User=0.56s Sys=0.03s Real=0.10s
..[4924.768s][info][gc,start       ] GC(1395) Pause Young (Allocation Failure)
[4924.866s][info][gc,heap        ] GC(1395) PSYoungGen: 2609280K(2622976K)->160000K(2624512K) Eden: 2451968K(2451968K)->0K(2454528K) From: 157312K(171008K)->160000K(169984K)
[4924.866s][info][gc,heap        ] GC(1395) ParOldGen: 2471331K(2471424K)->2573115K(2573312K)
[4924.866s][info][gc,metaspace   ] GC(1395) Metaspace: 29099K(29376K)->29099K(29376K) NonClass: 25992K(26112K)->25992K(26112K) Class: 3106K(3264K)->3106K(3264K)
[4924.866s][info][gc             ] GC(1395) Pause Young (Allocation Failure) 4961M->2669M(5076M) 97.336ms
[4924.866s][info][gc,cpu         ] GC(1395) User=0.54s Sys=0.03s Real=0.10s
..[4926.905s][info][gc,start       ] GC(1396) Pause Young (Allocation Failure)
[4927.005s][info][gc,heap        ] GC(1396) PSYoungGen: 2614528K(2624512K)->164560K(2624000K) Eden: 2454528K(2454528K)->0K(2454528K) From: 160000K(169984K)->164560K(169472K)
[4927.005s][info][gc,heap        ] GC(1396) ParOldGen: 2573115K(2573312K)->2679339K(2679808K)
[4927.005s][info][gc,metaspace   ] GC(1396) Metaspace: 29099K(29376K)->29099K(29376K) NonClass: 25992K(26112K)->25992K(26112K) Class: 3106K(3264K)->3106K(3264K)
[4927.005s][info][gc             ] GC(1396) Pause Young (Allocation Failure) 5066M->2777M(5179M) 100.540ms
[4927.005s][info][gc,cpu         ] GC(1396) User=0.56s Sys=0.03s Real=0.10s
..[4929.085s][info][gc,start       ] GC(1397) Pause Young (Allocation Failure)
[4929.180s][info][gc,heap        ] GC(1397) PSYoungGen: 2619088K(2624000K)->148736K(2624512K) Eden: 2454528K(2454528K)->0K(2454016K) From: 164560K(169472K)->148736K(170496K)
[4929.180s][info][gc,heap        ] GC(1397) ParOldGen: 2679339K(2679808K)->2785979K(2786304K)
[4929.180s][info][gc,metaspace   ] GC(1397) Metaspace: 29099K(29376K)->29099K(29376K) NonClass: 25992K(26112K)->25992K(26112K) Class: 3106K(3264K)->3106K(3264K)
[4929.180s][info][gc             ] GC(1397) Pause Young (Allocation Failure) 5174M->2865M(5284M) 94.948ms
[4929.180s][info][gc,cpu         ] GC(1397) User=0.53s Sys=0.03s Real=0.09s
...[4931.278s][info][gc,start       ] GC(1398) Pause Young (Allocation Failure)
[4931.372s][info][gc,heap        ] GC(1398) PSYoungGen: 2602752K(2624512K)->150240K(2625024K) Eden: 2454016K(2454016K)->0K(2454016K) From: 148736K(170496K)->150240K(171008K)
[4931.372s][info][gc,heap        ] GC(1398) ParOldGen: 2785979K(2786304K)->2888827K(2889216K)
[4931.372s][info][gc,metaspace   ] GC(1398) Metaspace: 29099K(29376K)->29099K(29376K) NonClass: 25992K(26112K)->25992K(26112K) Class: 3106K(3264K)->3106K(3264K)
[4931.372s][info][gc             ] GC(1398) Pause Young (Allocation Failure) 5262M->2967M(5385M) 93.927ms
[4931.372s][info][gc,cpu         ] GC(1398) User=0.53s Sys=0.03s Real=0.09s
..[4933.419s][info][gc,start       ] GC(1399) Pause Young (Allocation Failure)
[4933.518s][info][gc,heap        ] GC(1399) PSYoungGen: 2604256K(2625024K)->159840K(2625024K) Eden: 2454016K(2454016K)->0K(2454016K) From: 150240K(171008K)->159840K(171008K)
[4933.518s][info][gc,heap        ] GC(1399) ParOldGen: 2888827K(2889216K)->2993195K(2993664K)
[4933.518s][info][gc,metaspace   ] GC(1399) Metaspace: 29099K(29376K)->29099K(29376K) NonClass: 25992K(26112K)->25992K(26112K) Class: 3106K(3264K)->3106K(3264K)
[4933.518s][info][gc             ] GC(1399) Pause Young (Allocation Failure) 5364M->3079M(5487M) 98.787ms
[4933.518s][info][gc,cpu         ] GC(1399) User=0.56s Sys=0.03s Real=0.10s
..[4935.634s][info][gc,start       ] GC(1400) Pause Young (Allocation Failure)
[4935.739s][info][gc,heap        ] GC(1400) PSYoungGen: 2613856K(2625024K)->170976K(2625024K) Eden: 2454016K(2454016K)->0K(2454016K) From: 159840K(171008K)->170976K(171008K)
[4935.739s][info][gc,heap        ] GC(1400) ParOldGen: 2993195K(2993664K)->3099051K(3099136K)
[4935.739s][info][gc,metaspace   ] GC(1400) Metaspace: 29099K(29376K)->29099K(29376K) NonClass: 25992K(26112K)->25992K(26112K) Class: 3106K(3264K)->3106K(3264K)
[4935.739s][info][gc             ] GC(1400) Pause Young (Allocation Failure) 5475M->3193M(5590M) 104.811ms
[4935.739s][info][gc,cpu         ] GC(1400) User=0.58s Sys=0.03s Real=0.10s
..[4937.789s][info][gc,start       ] GC(1401) Pause Young (Allocation Failure)
[4937.888s][info][gc,heap        ] GC(1401) PSYoungGen: 2624992K(2625024K)->158240K(2545152K) Eden: 2454016K(2454016K)->0K(2374144K) From: 170976K(171008K)->158240K(171008K)
[4937.888s][info][gc,heap        ] GC(1401) ParOldGen: 3099051K(3099136K)->3202835K(3203072K)
[4937.888s][info][gc,metaspace   ] GC(1401) Metaspace: 29099K(29376K)->29099K(29376K) NonClass: 25992K(26112K)->25992K(26112K) Class: 3106K(3264K)->3106K(3264K)
[4937.888s][info][gc             ] GC(1401) Pause Young (Allocation Failure) 5589M->3282M(5613M) 98.709ms
[4937.888s][info][gc,cpu         ] GC(1401) User=0.55s Sys=0.03s Real=0.10s
..[4939.857s][info][gc,start       ] GC(1402) Pause Young (Allocation Failure)
[4939.953s][info][gc,heap        ] GC(1402) PSYoungGen: 2532384K(2545152K)->152480K(2585088K) Eden: 2374144K(2374144K)->0K(2374144K) From: 158240K(171008K)->152480K(210944K)
[4939.953s][info][gc,heap        ] GC(1402) ParOldGen: 3202835K(3203072K)->3309027K(3309056K)
[4939.953s][info][gc,metaspace   ] GC(1402) Metaspace: 29099K(29376K)->29099K(29376K) NonClass: 25992K(26112K)->25992K(26112K) Class: 3106K(3264K)->3106K(3264K)
[4939.953s][info][gc             ] GC(1402) Pause Young (Allocation Failure) 5600M->3380M(5756M) 96.186ms
[4939.954s][info][gc,cpu         ] GC(1402) User=0.54s Sys=0.03s Real=0.10s
..[4941.940s][info][gc,start       ] GC(1403) Pause Young (Allocation Failure)
[4942.037s][info][gc,heap        ] GC(1403) PSYoungGen: 2526624K(2585088K)->154016K(2579456K) Eden: 2374144K(2374144K)->0K(2375680K) From: 152480K(210944K)->154016K(203776K)
[4942.037s][info][gc,heap        ] GC(1403) ParOldGen: 3309027K(3309056K)->3410819K(3410944K)
[4942.037s][info][gc,metaspace   ] GC(1403) Metaspace: 29099K(29376K)->29099K(29376K) NonClass: 25992K(26112K)->25992K(26112K) Class: 3106K(3264K)->3106K(3264K)
[4942.037s][info][gc             ] GC(1403) Pause Young (Allocation Failure) 5698M->3481M(5850M) 96.513ms
[4942.037s][info][gc,cpu         ] GC(1403) User=0.55s Sys=0.02s Real=0.10s
..[4944.133s][info][gc,start       ] GC(1404) Pause Young (Allocation Failure)
[4944.229s][info][gc,heap        ] GC(1404) PSYoungGen: 2529696K(2579456K)->152544K(2583040K) Eden: 2375680K(2375680K)->0K(2375680K) From: 154016K(203776K)->152544K(207360K)
[4944.229s][info][gc,heap        ] GC(1404) ParOldGen: 3410819K(3410944K)->3512643K(3512832K)
[4944.229s][info][gc,metaspace   ] GC(1404) Metaspace: 29099K(29376K)->29099K(29376K) NonClass: 25992K(26112K)->25992K(26112K) Class: 3106K(3264K)->3106K(3264K)
[4944.229s][info][gc             ] GC(1404) Pause Young (Allocation Failure) 5801M->3579M(5953M) 96.243ms
[4944.229s][info][gc,cpu         ] GC(1404) User=0.55s Sys=0.03s Real=0.09s
..[4946.276s][info][gc,start       ] GC(1405) Pause Young (Allocation Failure)
[4946.370s][info][gc,heap        ] GC(1405) PSYoungGen: 2528224K(2583040K)->146912K(2585088K) Eden: 2375680K(2375680K)->0K(2383360K) From: 152544K(207360K)->146912K(201728K)
[4946.370s][info][gc,heap        ] GC(1405) ParOldGen: 3512643K(3512832K)->3616027K(3616256K)
[4946.370s][info][gc,metaspace   ] GC(1405) Metaspace: 29099K(29376K)->29099K(29376K) NonClass: 25992K(26112K)->25992K(26112K) Class: 3106K(3264K)->3106K(3264K)
[4946.370s][info][gc             ] GC(1405) Pause Young (Allocation Failure) 5899M->3674M(6056M) 94.121ms
[4946.370s][info][gc,cpu         ] GC(1405) User=0.52s Sys=0.03s Real=0.09s
..[4948.345s][info][gc,start       ] GC(1406) Pause Young (Allocation Failure)
[4948.441s][info][gc,heap        ] GC(1406) PSYoungGen: 2530272K(2585088K)->148640K(2587648K) Eden: 2383360K(2383360K)->0K(2383360K) From: 146912K(201728K)->148640K(204288K)
[4948.441s][info][gc,heap        ] GC(1406) ParOldGen: 3616027K(3616256K)->3719523K(3719680K)
[4948.441s][info][gc,metaspace   ] GC(1406) Metaspace: 29099K(29376K)->29099K(29376K) NonClass: 25992K(26112K)->25992K(26112K) Class: 3106K(3264K)->3106K(3264K)
[4948.441s][info][gc             ] GC(1406) Pause Young (Allocation Failure) 6002M->3777M(6159M) 96.408ms
[4948.441s][info][gc,cpu         ] GC(1406) User=0.53s Sys=0.03s Real=0.09s
..[4950.435s][info][gc,start       ] GC(1407) Pause Young (Allocation Failure)
[4950.529s][info][gc,heap        ] GC(1407) PSYoungGen: 2532000K(2587648K)->148224K(2586624K) Eden: 2383360K(2383360K)->0K(2388992K) From: 148640K(204288K)->148224K(197632K)
[4950.529s][info][gc,heap        ] GC(1407) ParOldGen: 3719523K(3719680K)->3818939K(3819008K)
[4950.529s][info][gc,metaspace   ] GC(1407) Metaspace: 29099K(29376K)->29099K(29376K) NonClass: 25992K(26112K)->25992K(26112K) Class: 3106K(3264K)->3106K(3264K)
[4950.529s][info][gc             ] GC(1407) Pause Young (Allocation Failure) 6105M->3874M(6255M) 93.578ms
[4950.529s][info][gc,cpu         ] GC(1407) User=0.52s Sys=0.02s Real=0.09s
...[4952.653s][info][gc,start       ] GC(1408) Pause Young (Allocation Failure)
[4952.752s][info][gc,heap        ] GC(1408) PSYoungGen: 2537216K(2586624K)->158624K(2589696K) Eden: 2388992K(2388992K)->0K(2388992K) From: 148224K(197632K)->158624K(200704K)
[4952.752s][info][gc,heap        ] GC(1408) ParOldGen: 3818939K(3819008K)->3919243K(3919360K)
[4952.752s][info][gc,metaspace   ] GC(1408) Metaspace: 29099K(29376K)->29099K(29376K) NonClass: 25992K(26112K)->25992K(26112K) Class: 3106K(3264K)->3106K(3264K)
[4952.752s][info][gc             ] GC(1408) Pause Young (Allocation Failure) 6207M->3982M(6356M) 99.166ms
[4952.752s][info][gc,cpu         ] GC(1408) User=0.54s Sys=0.03s Real=0.10s
..[4954.779s][info][gc,start       ] GC(1409) Pause Young (Allocation Failure)
[4954.876s][info][gc,heap        ] GC(1409) PSYoungGen: 2547616K(2589696K)->151296K(2592256K) Eden: 2388992K(2388992K)->0K(2398720K) From: 158624K(200704K)->151296K(193536K)
[4954.876s][info][gc,heap        ] GC(1409) ParOldGen: 3919243K(3919360K)->4026747K(4026880K)
[4954.876s][info][gc,metaspace   ] GC(1409) Metaspace: 29099K(29376K)->29099K(29376K) NonClass: 25992K(26112K)->25992K(26112K) Class: 3106K(3264K)->3106K(3264K)
[4954.876s][info][gc             ] GC(1409) Pause Young (Allocation Failure) 6315M->4080M(6464M) 97.067ms
[4954.876s][info][gc,cpu         ] GC(1409) User=0.54s Sys=0.03s Real=0.10s
..[4956.820s][info][gc,start       ] GC(1410) Pause Young (Allocation Failure)
[4956.924s][info][gc,heap        ] GC(1410) PSYoungGen: 2550015K(2592256K)->158996K(2593280K) Eden: 2398719K(2398720K)->0K(2398720K) From: 151296K(193536K)->158996K(194560K)
[4956.924s][info][gc,heap        ] GC(1410) ParOldGen: 4026747K(4026880K)->4128859K(4129280K)
[4956.924s][info][gc,metaspace   ] GC(1410) Metaspace: 29099K(29376K)->29099K(29376K) NonClass: 25992K(26112K)->25992K(26112K) Class: 3106K(3264K)->3106K(3264K)
[4956.924s][info][gc             ] GC(1410) Pause Young (Allocation Failure) 6422M->4187M(6565M) 104.458ms
[4956.924s][info][gc,cpu         ] GC(1410) User=0.58s Sys=0.03s Real=0.11s
.. (rIR:aIR:PR = 7887:7890:7890) (tPR = 117613) [OK] 
  4958s: Performance info:
         Transaction,    Success,    Partial,     Failed,   Receipts, AvgBarcode, 
             Overall,     478980,          0,          0,     455204,      59.48, 
         Response times:
             Request,    Success,    Partial,     Failed,   SkipFail,     Probes,    Samples,      min,      p50,      p90,      p95,      p99,      max, 
       TotalPurchase,     455195,          0,          0,          0,     352058,     412337,      300,     5900,    28000,    62000,   449000,   950000,
     InStorePurchase,     239224,          0,          0,          0,     185018,     216469,      300,     6000,    28000,    64000,   449000,   620000,
      OnlinePurchase,     168340,          0,          0,          0,     129581,     151782,      300,     5700,    27000,    60000,   454000,   950000,
        InstPurchase,      47631,          0,          0,          0,      37459,      44086,      300,     5900,    26000,    60000,   454000,   561000,
          AssocOfCat,        480,          0,          0,          0,        381,        542,    19800,    37000,    74700,   158000,   525000,  1100000,
      AssocOfProduct,       4815,          0,          0,          0,       4442,       5364,      500,     7500,    35000,    75750,   493000,   561000,
      BusinessReport,       1196,          0,          0,          0,       1044,       1347,    29000,    47000,    83000,   145800,   596000,  1100000,
          CustBuyBeh,       4789,          0,          0,          0,       4395,       5336,      700,     5600,    30000,    59150,   475000,   560000,
       ProductReturn,      12497,          0,          0,          0,       9640,      11431,      200,     5100,    25000,    55000,   455000,   558000,

  4958s: (58%)   IR =   8025 [4958.956s][info][gc,start       ] GC(1411) Pause Young (Allocation Failure)
[4959.083s][info][gc,heap        ] GC(1411) PSYoungGen: 2557716K(2593280K)->162498K(2599424K) Eden: 2398720K(2398720K)->0K(2409984K) From: 158996K(194560K)->162498K(189440K)
[4959.083s][info][gc,heap        ] GC(1411) ParOldGen: 4128859K(4129280K)->4232179K(4232192K)
[4959.083s][info][gc,metaspace   ] GC(1411) Metaspace: 29099K(29376K)->29099K(29376K) NonClass: 25992K(26112K)->25992K(26112K) Class: 3106K(3264K)->3106K(3264K)
[4959.083s][info][gc             ] GC(1411) Pause Young (Allocation Failure) 6529M->4291M(6671M) 126.889ms
[4959.083s][info][gc,cpu         ] GC(1411) User=0.72s Sys=0.03s Real=0.13s
..[4961.063s][info][gc,start       ] GC(1412) Pause Young (Allocation Failure)
[4961.180s][info][gc,heap        ] GC(1412) PSYoungGen: 2572482K(2599424K)->146752K(2598912K) Eden: 2409984K(2409984K)->0K(2409984K) From: 162498K(189440K)->146752K(188928K)
[4961.180s][info][gc,heap        ] GC(1412) ParOldGen: 4232179K(4232192K)->4335155K(4335616K)
[4961.180s][info][gc,metaspace   ] GC(1412) Metaspace: 29099K(29376K)->29099K(29376K) NonClass: 25992K(26112K)->25992K(26112K) Class: 3106K(3264K)->3106K(3264K)
[4961.180s][info][gc             ] GC(1412) Pause Young (Allocation Failure) 6645M->4376M(6772M) 116.905ms
[4961.180s][info][gc,cpu         ] GC(1412) User=0.64s Sys=0.04s Real=0.11s
..[4963.203s][info][gc,start       ] GC(1413) Pause Young (Allocation Failure)
[4963.304s][info][gc,heap        ] GC(1413) PSYoungGen: 2556736K(2598912K)->150176K(2604032K) Eden: 2409984K(2409984K)->0K(2418688K) From: 146752K(188928K)->150176K(185344K)
[4963.304s][info][gc,heap        ] GC(1413) ParOldGen: 4335155K(4335616K)->4439499K(4439552K)
[4963.304s][info][gc,metaspace   ] GC(1413) Metaspace: 29099K(29376K)->29099K(29376K) NonClass: 25992K(26112K)->25992K(26112K) Class: 3106K(3264K)->3106K(3264K)
[4963.304s][info][gc             ] GC(1413) Pause Young (Allocation Failure) 6730M->4482M(6878M) 100.953ms
[4963.304s][info][gc,cpu         ] GC(1413) User=0.56s Sys=0.03s Real=0.10s
..[4965.314s][info][gc,start       ] GC(1414) Pause Young (Allocation Failure)
[4965.413s][info][gc,heap        ] GC(1414) PSYoungGen: 2568864K(2604032K)->152261K(2605056K) Eden: 2418688K(2418688K)->0K(2418688K) From: 150176K(185344K)->152261K(186368K)
[4965.413s][info][gc,heap        ] GC(1414) ParOldGen: 4439499K(4439552K)->4545163K(4545536K)
[4965.413s][info][gc,metaspace   ] GC(1414) Metaspace: 29099K(29376K)->29099K(29376K) NonClass: 25992K(26112K)->25992K(26112K) Class: 3106K(3264K)->3106K(3264K)
[4965.413s][info][gc             ] GC(1414) Pause Young (Allocation Failure) 6844M->4587M(6983M) 99.438ms
[4965.413s][info][gc,cpu         ] GC(1414) User=0.56s Sys=0.03s Real=0.10s
..[4967.433s][info][gc,start       ] GC(1415) Pause Young (Allocation Failure)
[4967.533s][info][gc,heap        ] GC(1415) PSYoungGen: 2570949K(2605056K)->159456K(2607616K) Eden: 2418688K(2418688K)->0K(2425344K) From: 152261K(186368K)->159456K(182272K)
[4967.533s][info][gc,heap        ] GC(1415) ParOldGen: 4545163K(4545536K)->4645427K(4645888K)
[4967.533s][info][gc,metaspace   ] GC(1415) Metaspace: 29099K(29376K)->29099K(29376K) NonClass: 25992K(26112K)->25992K(26112K) Class: 3106K(3264K)->3106K(3264K)
[4967.533s][info][gc             ] GC(1415) Pause Young (Allocation Failure) 6949M->4692M(7083M) 99.644ms
[4967.533s][info][gc,cpu         ] GC(1415) User=0.56s Sys=0.03s Real=0.10s
..|[4969.606s][info][gc,start       ] GC(1416) Pause Young (Allocation Failure)
[4969.705s][info][gc,heap        ] GC(1416) PSYoungGen: 2584800K(2607616K)->154112K(2608128K) Eden: 2425344K(2425344K)->0K(2425344K) From: 159456K(182272K)->154112K(182784K)
[4969.705s][info][gc,heap        ] GC(1416) ParOldGen: 4645427K(4645888K)->4752347K(4752384K)
[4969.705s][info][gc,metaspace   ] GC(1416) Metaspace: 29099K(29376K)->29099K(29376K) NonClass: 25992K(26112K)->25992K(26112K) Class: 3106K(3264K)->3106K(3264K)
[4969.705s][info][gc             ] GC(1416) Pause Young (Allocation Failure) 7060M->4791M(7188M) 99.559ms
[4969.705s][info][gc,cpu         ] GC(1416) User=0.55s Sys=0.03s Real=0.10s
..[4971.643s][info][gc,start       ] GC(1417) Pause Young (Allocation Failure)
[4971.744s][info][gc,heap        ] GC(1417) PSYoungGen: 2579456K(2608128K)->153328K(2610688K) Eden: 2425344K(2425344K)->0K(2432512K) From: 154112K(182784K)->153328K(178176K)
[4971.744s][info][gc,heap        ] GC(1417) ParOldGen: 4752347K(4752384K)->4856443K(4856832K)
[4971.744s][info][gc,metaspace   ] GC(1417) Metaspace: 29099K(29376K)->29099K(29376K) NonClass: 25992K(26112K)->25992K(26112K) Class: 3106K(3264K)->3106K(3264K)
[4971.744s][info][gc             ] GC(1417) Pause Young (Allocation Failure) 7159M->4892M(7292M) 101.003ms
[4971.744s][info][gc,cpu         ] GC(1417) User=0.57s Sys=0.02s Real=0.10s
...[4973.817s][info][gc,start       ] GC(1418) Pause Young (Allocation Failure)
[4973.915s][info][gc,heap        ] GC(1418) PSYoungGen: 2585840K(2610688K)->157632K(2611200K) Eden: 2432512K(2432512K)->0K(2432512K) From: 153328K(178176K)->157632K(178688K)
[4973.915s][info][gc,heap        ] GC(1418) ParOldGen: 4856443K(4856832K)->4955779K(4956160K)
[4973.915s][info][gc,metaspace   ] GC(1418) Metaspace: 29099K(29376K)->29099K(29376K) NonClass: 25992K(26112K)->25992K(26112K) Class: 3106K(3264K)->3106K(3264K)
[4973.915s][info][gc             ] GC(1418) Pause Young (Allocation Failure) 7267M->4993M(7390M) 98.707ms
[4973.915s][info][gc,cpu         ] GC(1418) User=0.55s Sys=0.03s Real=0.10s
..[4975.881s][info][gc,start       ] GC(1419) Pause Young (Allocation Failure)
[4975.986s][info][gc,heap        ] GC(1419) PSYoungGen: 2590144K(2611200K)->162868K(2615808K) Eden: 2432512K(2432512K)->0K(2438656K) From: 157632K(178688K)->162868K(177152K)
[4975.986s][info][gc,heap        ] GC(1419) ParOldGen: 4955779K(4956160K)->5062603K(5062656K)
[4975.986s][info][gc,metaspace   ] GC(1419) Metaspace: 29099K(29376K)->29099K(29376K) NonClass: 25992K(26112K)->25992K(26112K) Class: 3106K(3264K)->3106K(3264K)
[4975.986s][info][gc             ] GC(1419) Pause Young (Allocation Failure) 7369M->5103M(7498M) 104.680ms
[4975.986s][info][gc,cpu         ] GC(1419) User=0.58s Sys=0.03s Real=0.11s
..[4978.039s][info][gc,start       ] GC(1420) Pause Young (Allocation Failure)
[4978.141s][info][gc,heap        ] GC(1420) PSYoungGen: 2601524K(2615808K)->158532K(2616320K) Eden: 2438656K(2438656K)->0K(2438656K) From: 162868K(177152K)->158532K(177664K)
[4978.141s][info][gc,heap        ] GC(1420) ParOldGen: 5062603K(5062656K)->5162891K(5163008K)
[4978.141s][info][gc,metaspace   ] GC(1420) Metaspace: 29099K(29376K)->29099K(29376K) NonClass: 25992K(26112K)->25992K(26112K) Class: 3106K(3264K)->3106K(3264K)
[4978.141s][info][gc             ] GC(1420) Pause Young (Allocation Failure) 7484M->5196M(7597M) 101.841ms
[4978.141s][info][gc,cpu         ] GC(1420) User=0.58s Sys=0.03s Real=0.10s
..[4980.178s][info][gc,start       ] GC(1421) Pause Young (Allocation Failure)
[4980.275s][info][gc,heap        ] GC(1421) PSYoungGen: 2597188K(2616320K)->152832K(2617344K) Eden: 2438656K(2438656K)->0K(2442240K) From: 158532K(177664K)->152832K(175104K)
[4980.275s][info][gc,heap        ] GC(1421) ParOldGen: 5162891K(5163008K)->5265803K(5265920K)
[4980.275s][info][gc,metaspace   ] GC(1421) Metaspace: 29099K(29376K)->29099K(29376K) NonClass: 25992K(26112K)->25992K(26112K) Class: 3106K(3264K)->3106K(3264K)
[4980.275s][info][gc             ] GC(1421) Pause Young (Allocation Failure) 7578M->5291M(7698M) 97.551ms
[4980.275s][info][gc,cpu         ] GC(1421) User=0.53s Sys=0.05s Real=0.10s
..[4982.312s][info][gc,start       ] GC(1422) Pause Young (Allocation Failure)
[4982.411s][info][gc,heap        ] GC(1422) PSYoungGen: 2595072K(2617344K)->155136K(2617344K) Eden: 2442240K(2442240K)->0K(2442240K) From: 152832K(175104K)->155136K(175104K)
[4982.411s][info][gc,heap        ] GC(1422) ParOldGen: 5265803K(5265920K)->5372507K(5372928K)
[4982.411s][info][gc,metaspace   ] GC(1422) Metaspace: 29099K(29376K)->29099K(29376K) NonClass: 25992K(26112K)->25992K(26112K) Class: 3106K(3264K)->3106K(3264K)
[4982.412s][info][gc             ] GC(1422) Pause Young (Allocation Failure) 7676M->5398M(7803M) 99.886ms
[4982.412s][info][gc,cpu         ] GC(1422) User=0.57s Sys=0.02s Real=0.10s
..[4984.360s][info][gc,start       ] GC(1423) Pause Young (Allocation Failure)
[4984.462s][info][gc,heap        ] GC(1423) PSYoungGen: 2597376K(2617344K)->153856K(2619392K) Eden: 2442240K(2442240K)->0K(2447360K) From: 155136K(175104K)->153856K(172032K)
[4984.462s][info][gc,heap        ] GC(1423) ParOldGen: 5372507K(5372928K)->5480683K(5480960K)
[4984.462s][info][gc,metaspace   ] GC(1423) Metaspace: 29099K(29376K)->29099K(29376K) NonClass: 25992K(26112K)->25992K(26112K) Class: 3106K(3264K)->3106K(3264K)
[4984.462s][info][gc             ] GC(1423) Pause Young (Allocation Failure) 7783M->5502M(7910M) 101.439ms
[4984.462s][info][gc,cpu         ] GC(1423) User=0.57s Sys=0.04s Real=0.11s
..[4986.540s][info][gc,start       ] GC(1424) Pause Young (Allocation Failure)
[4986.637s][info][gc,heap        ] GC(1424) PSYoungGen: 2601216K(2619392K)->152000K(2619392K) Eden: 2447360K(2447360K)->0K(2447360K) From: 153856K(172032K)->152000K(172032K)
[4986.637s][info][gc,heap        ] GC(1424) ParOldGen: 5480683K(5480960K)->5582579K(5582848K)
[4986.637s][info][gc,metaspace   ] GC(1424) Metaspace: 29099K(29376K)->29099K(29376K) NonClass: 25992K(26112K)->25992K(26112K) Class: 3106K(3264K)->3106K(3264K)
[4986.637s][info][gc             ] GC(1424) Pause Young (Allocation Failure) 7892M->5600M(8010M) 97.278ms
[4986.637s][info][gc,cpu         ] GC(1424) User=0.54s Sys=0.03s Real=0.10s
..[4988.704s][info][gc,start       ] GC(1425) Pause Full (Allocation Failure)
[4988.704s][info][gc,phases,start] GC(1425) Marking Phase
[4989.023s][info][gc,phases      ] GC(1425) Marking Phase 318.558ms
[4989.023s][info][gc,phases,start] GC(1425) Summary Phase
[4989.023s][info][gc,phases      ] GC(1425) Summary Phase 0.113ms
[4989.023s][info][gc,phases,start] GC(1425) Forward
[4989.147s][info][gc,phases      ] GC(1425) Forward 123.996ms
[4989.147s][info][gc,phases,start] GC(1425) Adjust Pointers
[4989.363s][info][gc,phases      ] GC(1425) Adjust Pointers 216.145ms
[4989.363s][info][gc,phases,start] GC(1425) Compaction Phase
[4989.516s][info][gc,phases      ] GC(1425) Compaction Phase 152.477ms
[4989.517s][info][gc,phases,start] GC(1425) Post Compact
[4989.524s][info][gc,phases      ] GC(1425) Post Compact 6.862ms
[4989.647s][info][gc,heap        ] GC(1425) PSYoungGen: 2599360K(2619392K)->0K(2623488K) Eden: 2447360K(2447360K)->0K(2451968K) From: 152000K(172032K)->0K(171520K)
[4989.647s][info][gc,heap        ] GC(1425) ParOldGen: 5582579K(5582848K)->1636486K(1972224K)
[4989.647s][info][gc,metaspace   ] GC(1425) Metaspace: 29099K(29376K)->29099K(29376K) NonClass: 25992K(26112K)->25992K(26112K) Class: 3106K(3264K)->3106K(3264K)
[4989.647s][info][gc             ] GC(1425) Pause Full (Allocation Failure) 7990M->1598M(4488M) 942.679ms
[4989.647s][info][gc,cpu         ] GC(1425) User=4.46s Sys=0.12s Real=0.94s
..[4990.960s][info][gc,start       ] GC(1426) Pause Young (Allocation Failure)
[4991.035s][info][gc,heap        ] GC(1426) PSYoungGen: 2451968K(2623488K)->171508K(2623488K) Eden: 2451968K(2451968K)->0K(2451968K) From: 0K(171520K)->171508K(171520K)
[4991.035s][info][gc,heap        ] GC(1426) ParOldGen: 1636486K(1972224K)->1646370K(1972224K)
[4991.035s][info][gc,metaspace   ] GC(1426) Metaspace: 29099K(29376K)->29099K(29376K) NonClass: 25992K(26112K)->25992K(26112K) Class: 3106K(3264K)->3106K(3264K)
[4991.035s][info][gc             ] GC(1426) Pause Young (Allocation Failure) 3992M->1775M(4488M) 74.735ms
[4991.035s][info][gc,cpu         ] GC(1426) User=0.44s Sys=0.00s Real=0.08s
..[4992.979s][info][gc,start       ] GC(1427) Pause Young (Allocation Failure)
[4993.071s][info][gc,heap        ] GC(1427) PSYoungGen: 2623476K(2623488K)->149396K(2611200K) Eden: 2451968K(2451968K)->0K(2438656K) From: 171508K(171520K)->149396K(172544K)
[4993.071s][info][gc,heap        ] GC(1427) ParOldGen: 1646370K(1972224K)->1754090K(1972224K)
[4993.071s][info][gc,metaspace   ] GC(1427) Metaspace: 29099K(29376K)->29099K(29376K) NonClass: 25992K(26112K)->25992K(26112K) Class: 3106K(3264K)->3106K(3264K)
[4993.071s][info][gc             ] GC(1427) Pause Young (Allocation Failure) 4169M->1858M(4476M) 91.885ms
[4993.071s][info][gc,cpu         ] GC(1427) User=0.55s Sys=0.00s Real=0.09s
..[4995.117s][info][gc,start       ] GC(1428) Pause Young (Allocation Failure)
[4995.214s][info][gc,heap        ] GC(1428) PSYoungGen: 2588052K(2611200K)->164149K(2603008K) Eden: 2438656K(2438656K)->0K(2438656K) From: 149396K(172544K)->164149K(164352K)
[4995.214s][info][gc,heap        ] GC(1428) ParOldGen: 1754090K(1972224K)->1856258K(1972224K)
[4995.214s][info][gc,metaspace   ] GC(1428) Metaspace: 29099K(29376K)->29099K(29376K) NonClass: 25992K(26112K)->25992K(26112K) Class: 3106K(3264K)->3106K(3264K)
[4995.214s][info][gc             ] GC(1428) Pause Young (Allocation Failure) 4240M->1973M(4468M) 96.772ms
[4995.214s][info][gc,cpu         ] GC(1428) User=0.57s Sys=0.00s Real=0.10s
..[4997.249s][info][gc,start       ] GC(1429) Pause Young (Allocation Failure)
[4997.343s][info][gc,heap        ] GC(1429) PSYoungGen: 2602805K(2603008K)->154944K(2618368K) Eden: 2438656K(2438656K)->0K(2439168K) From: 164149K(164352K)->154944K(179200K)
[4997.343s][info][gc,heap        ] GC(1429) ParOldGen: 1856258K(1972224K)->1960226K(1972224K)
[4997.343s][info][gc,metaspace   ] GC(1429) Metaspace: 29099K(29376K)->29099K(29376K) NonClass: 25992K(26112K)->25992K(26112K) Class: 3106K(3264K)->3106K(3264K)
[4997.343s][info][gc             ] GC(1429) Pause Young (Allocation Failure) 4354M->2065M(4483M) 93.464ms
[4997.343s][info][gc,cpu         ] GC(1429) User=0.55s Sys=0.00s Real=0.10s
..[4999.378s][info][gc,start       ] GC(1430) Pause Young (Allocation Failure)
[4999.475s][info][gc,heap        ] GC(1430) PSYoungGen: 2594112K(2618368K)->157520K(2596864K) Eden: 2439168K(2439168K)->0K(2439168K) From: 154944K(179200K)->157520K(157696K)
[4999.476s][info][gc,heap        ] GC(1430) ParOldGen: 1960226K(1972224K)->2063922K(2064384K)
[4999.476s][info][gc,metaspace   ] GC(1430) Metaspace: 29099K(29376K)->29099K(29376K) NonClass: 25992K(26112K)->25992K(26112K) Class: 3106K(3264K)->3106K(3264K)
[4999.476s][info][gc             ] GC(1430) Pause Young (Allocation Failure) 4447M->2169M(4552M) 97.844ms
[4999.476s][info][gc,cpu         ] GC(1430) User=0.55s Sys=0.03s Real=0.10s
..[5001.495s][info][gc,start       ] GC(1431) Pause Young (Allocation Failure)
[5001.596s][info][gc,heap        ] GC(1431) PSYoungGen: 2596688K(2596864K)->159241K(2615808K) Eden: 2439168K(2439168K)->0K(2440192K) From: 157520K(157696K)->159241K(175616K)
[5001.596s][info][gc,heap        ] GC(1431) ParOldGen: 2063922K(2064384K)->2168898K(2169344K)
[5001.596s][info][gc,metaspace   ] GC(1431) Metaspace: 29099K(29376K)->29099K(29376K) NonClass: 25992K(26112K)->25992K(26112K) Class: 3106K(3264K)->3106K(3264K)
[5001.596s][info][gc             ] GC(1431) Pause Young (Allocation Failure) 4551M->2273M(4673M) 100.691ms
[5001.596s][info][gc,cpu         ] GC(1431) User=0.56s Sys=0.03s Real=0.10s
..[5003.574s][info][gc,start       ] GC(1432) Pause Young (Allocation Failure)
[5003.671s][info][gc,heap        ] GC(1432) PSYoungGen: 2599433K(2615808K)->154016K(2614784K) Eden: 2440192K(2440192K)->0K(2440192K) From: 159241K(175616K)->154016K(174592K)
[5003.671s][info][gc,heap        ] GC(1432) ParOldGen: 2168898K(2169344K)->2274698K(2274816K)
[5003.671s][info][gc,metaspace   ] GC(1432) Metaspace: 29099K(29376K)->29099K(29376K) NonClass: 25992K(26112K)->25992K(26112K) Class: 3106K(3264K)->3106K(3264K)
[5003.671s][info][gc             ] GC(1432) Pause Young (Allocation Failure) 4656M->2371M(4775M) 96.917ms
[5003.671s][info][gc,cpu         ] GC(1432) User=0.55s Sys=0.03s Real=0.09s
...[5005.780s][info][gc,start       ] GC(1433) Pause Young (Allocation Failure)
[5005.877s][info][gc,heap        ] GC(1433) PSYoungGen: 2594208K(2614784K)->157984K(2619904K) Eden: 2440192K(2440192K)->0K(2447360K) From: 154016K(174592K)->157984K(172544K)
[5005.877s][info][gc,heap        ] GC(1433) ParOldGen: 2274698K(2274816K)->2377066K(2377216K)
[5005.877s][info][gc,metaspace   ] GC(1433) Metaspace: 29099K(29376K)->29099K(29376K) NonClass: 25992K(26112K)->25992K(26112K) Class: 3106K(3264K)->3106K(3264K)
[5005.877s][info][gc             ] GC(1433) Pause Young (Allocation Failure) 4754M->2475M(4880M) 97.438ms
[5005.877s][info][gc,cpu         ] GC(1433) User=0.54s Sys=0.04s Real=0.10s
..[5007.839s][info][gc,start       ] GC(1434) Pause Young (Allocation Failure)
[5007.940s][info][gc,heap        ] GC(1434) PSYoungGen: 2605344K(2619904K)->160164K(2619392K) Eden: 2447360K(2447360K)->0K(2447360K) From: 157984K(172544K)->160164K(172032K)
[5007.940s][info][gc,heap        ] GC(1434) ParOldGen: 2377066K(2377216K)->2483162K(2483200K)
[5007.940s][info][gc,metaspace   ] GC(1434) Metaspace: 29099K(29376K)->29099K(29376K) NonClass: 25992K(26112K)->25992K(26112K) Class: 3106K(3264K)->3106K(3264K)
[5007.940s][info][gc             ] GC(1434) Pause Young (Allocation Failure) 4865M->2581M(4983M) 100.909ms
[5007.940s][info][gc,cpu         ] GC(1434) User=0.55s Sys=0.04s Real=0.10s
..[5009.971s][info][gc,start       ] GC(1435) Pause Young (Allocation Failure)
[5010.066s][info][gc,heap        ] GC(1435) PSYoungGen: 2607524K(2619392K)->151360K(2622976K) Eden: 2447360K(2447360K)->0K(2451456K) From: 160164K(172032K)->151360K(171520K)
[5010.066s][info][gc,heap        ] GC(1435) ParOldGen: 2483162K(2483200K)->2584266K(2584576K)
[5010.066s][info][gc,metaspace   ] GC(1435) Metaspace: 29099K(29376K)->29099K(29376K) NonClass: 25992K(26112K)->25992K(26112K) Class: 3106K(3264K)->3106K(3264K)
[5010.066s][info][gc             ] GC(1435) Pause Young (Allocation Failure) 4971M->2671M(5085M) 95.193ms
[5010.066s][info][gc,cpu         ] GC(1435) User=0.53s Sys=0.03s Real=0.10s
..[5012.173s][info][gc,start       ] GC(1436) Pause Young (Allocation Failure)
[5012.269s][info][gc,heap        ] GC(1436) PSYoungGen: 2602816K(2622976K)->152421K(2622976K) Eden: 2451456K(2451456K)->0K(2451456K) From: 151360K(171520K)->152421K(171520K)
[5012.269s][info][gc,heap        ] GC(1436) ParOldGen: 2584266K(2584576K)->2689290K(2689536K)
[5012.269s][info][gc,metaspace   ] GC(1436) Metaspace: 29099K(29376K)->29099K(29376K) NonClass: 25992K(26112K)->25992K(26112K) Class: 3106K(3264K)->3106K(3264K)
[5012.269s][info][gc             ] GC(1436) Pause Young (Allocation Failure) 5065M->2775M(5188M) 96.726ms
[5012.269s][info][gc,cpu         ] GC(1436) User=0.54s Sys=0.03s Real=0.09s
..[5014.261s][info][gc,start       ] GC(1437) Pause Young (Allocation Failure)
[5014.358s][info][gc,heap        ] GC(1437) PSYoungGen: 2603877K(2622976K)->154169K(2622976K) Eden: 2451456K(2451456K)->0K(2453504K) From: 152421K(171520K)->154169K(169472K)
[5014.358s][info][gc,heap        ] GC(1437) ParOldGen: 2689290K(2689536K)->2796714K(2797056K)
[5014.358s][info][gc,metaspace   ] GC(1437) Metaspace: 29099K(29376K)->29099K(29376K) NonClass: 25992K(26112K)->25992K(26112K) Class: 3106K(3264K)->3106K(3264K)
[5014.358s][info][gc             ] GC(1437) Pause Young (Allocation Failure) 5169M->2881M(5293M) 97.282ms
[5014.358s][info][gc,cpu         ] GC(1437) User=0.54s Sys=0.03s Real=0.10s
..[5016.433s][info][gc,start       ] GC(1438) Pause Young (Allocation Failure)
[5016.530s][info][gc,heap        ] GC(1438) PSYoungGen: 2607673K(2622976K)->157280K(2623488K) Eden: 2453504K(2453504K)->0K(2453504K) From: 154169K(169472K)->157280K(169984K)
[5016.530s][info][gc,heap        ] GC(1438) ParOldGen: 2796714K(2797056K)->2898258K(2898432K)
[5016.530s][info][gc,metaspace   ] GC(1438) Metaspace: 29099K(29376K)->29099K(29376K) NonClass: 25992K(26112K)->25992K(26112K) Class: 3106K(3264K)->3106K(3264K)
[5016.530s][info][gc             ] GC(1438) Pause Young (Allocation Failure) 5277M->2983M(5392M) 97.257ms
[5016.530s][info][gc,cpu         ] GC(1438) User=0.54s Sys=0.03s Real=0.09s
..[5018.554s][info][gc,start       ] GC(1439) Pause Young (Allocation Failure)
[5018.654s][info][gc,heap        ] GC(1439) PSYoungGen: 2610784K(2623488K)->160112K(2625536K) Eden: 2453504K(2453504K)->0K(2456576K) From: 157280K(169984K)->160112K(168960K)
[5018.654s][info][gc,heap        ] GC(1439) ParOldGen: 2898258K(2898432K)->3005786K(3005952K)
[5018.654s][info][gc,metaspace   ] GC(1439) Metaspace: 29099K(29376K)->29099K(29376K) NonClass: 25992K(26112K)->25992K(26112K) Class: 3106K(3264K)->3106K(3264K)
[5018.654s][info][gc             ] GC(1439) Pause Young (Allocation Failure) 5379M->3091M(5499M) 100.207ms
[5018.654s][info][gc,cpu         ] GC(1439) User=0.56s Sys=0.03s Real=0.10s
..[5020.703s][info][gc,start       ] GC(1440) Pause Young (Allocation Failure)
[5020.798s][info][gc,heap        ] GC(1440) PSYoungGen: 2616688K(2625536K)->154880K(2625536K) Eden: 2456576K(2456576K)->0K(2456576K) From: 160112K(168960K)->154880K(168960K)
[5020.798s][info][gc,heap        ] GC(1440) ParOldGen: 3005786K(3005952K)->3108058K(3108352K)
[5020.798s][info][gc,metaspace   ] GC(1440) Metaspace: 29099K(29376K)->29099K(29376K) NonClass: 25992K(26112K)->25992K(26112K) Class: 3106K(3264K)->3106K(3264K)
[5020.798s][info][gc             ] GC(1440) Pause Young (Allocation Failure) 5490M->3186M(5599M) 95.060ms
[5020.798s][info][gc,cpu         ] GC(1440) User=0.54s Sys=0.02s Real=0.09s
..[5022.830s][info][gc,start       ] GC(1441) Pause Young (Allocation Failure)
[5022.928s][info][gc,heap        ] GC(1441) PSYoungGen: 2611456K(2625536K)->157504K(2626560K) Eden: 2456576K(2456576K)->0K(2458624K) From: 154880K(168960K)->157504K(167936K)
[5022.928s][info][gc,heap        ] GC(1441) ParOldGen: 3108058K(3108352K)->3212098K(3212288K)
[5022.928s][info][gc,metaspace   ] GC(1441) Metaspace: 29099K(29376K)->29099K(29376K) NonClass: 25992K(26112K)->25992K(26112K) Class: 3106K(3264K)->3106K(3264K)
[5022.928s][info][gc             ] GC(1441) Pause Young (Allocation Failure) 5585M->3290M(5702M) 97.901ms
[5022.928s][info][gc,cpu         ] GC(1441) User=0.54s Sys=0.04s Real=0.10s
..[5024.200s][info][gc,start       ] GC(1442) Pause Full (Diagnostic Command)
[5024.200s][info][gc,phases,start] GC(1442) Marking Phase
[5024.501s][info][gc,phases      ] GC(1442) Marking Phase 300.878ms
[5024.501s][info][gc,phases,start] GC(1442) Summary Phase
[5024.501s][info][gc,phases      ] GC(1442) Summary Phase 0.069ms
[5024.501s][info][gc,phases,start] GC(1442) Forward
[5024.678s][info][gc,phases      ] GC(1442) Forward 176.491ms
[5024.678s][info][gc,phases,start] GC(1442) Adjust Pointers
[5024.901s][info][gc,phases      ] GC(1442) Adjust Pointers 222.926ms
[5024.901s][info][gc,phases,start] GC(1442) Compaction Phase
[5025.082s][info][gc,phases      ] GC(1442) Compaction Phase 181.436ms
[5025.085s][info][gc,phases,start] GC(1442) Post Compact
[5025.089s][info][gc,phases      ] GC(1442) Post Compact 4.184ms
[5025.089s][info][gc,heap        ] GC(1442) PSYoungGen: 1672345K(2626560K)->0K(2626560K) Eden: 1514841K(2458624K)->0K(2458624K) From: 157504K(167936K)->0K(167936K)
[5025.089s][info][gc,heap        ] GC(1442) ParOldGen: 3212098K(3212288K)->1340861K(3212288K)
[5025.089s][info][gc,metaspace   ] GC(1442) Metaspace: 29099K(29376K)->29099K(29376K) NonClass: 25992K(26112K)->25992K(26112K) Class: 3106K(3264K)->3106K(3264K)
[5025.089s][info][gc             ] GC(1442) Pause Full (Diagnostic Command) 4769M->1309M(5702M) 888.868ms
[5025.089s][info][gc,cpu         ] GC(1442) User=4.68s Sys=0.00s Real=0.89s
..[5026.429s][info][gc,start       ] GC(1443) Pause Young (Allocation Failure)
[5026.496s][info][gc,heap        ] GC(1443) PSYoungGen: 2458624K(2626560K)->163140K(2626048K) Eden: 2458624K(2458624K)->0K(2458624K) From: 0K(167936K)->163140K(167424K)
[5026.496s][info][gc,heap        ] GC(1443) ParOldGen: 1340861K(3212288K)->1340861K(3212288K)
[5026.496s][info][gc,metaspace   ] GC(1443) Metaspace: 29099K(29376K)->29099K(29376K) NonClass: 25992K(26112K)->25992K(26112K) Class: 3106K(3264K)->3106K(3264K)
[5026.496s][info][gc             ] GC(1443) Pause Young (Allocation Failure) 3710M->1468M(5701M) 67.200ms
[5026.496s][info][gc,cpu         ] GC(1443) User=0.39s Sys=0.00s Real=0.07s
..[5028.468s][info][gc,start       ] GC(1444) Pause Young (Allocation Failure)
[5028.560s][info][gc,heap        ] GC(1444) PSYoungGen: 2621764K(2626048K)->155328K(2628096K) Eden: 2458624K(2458624K)->0K(2459648K) From: 163140K(167424K)->155328K(168448K)
[5028.560s][info][gc,heap        ] GC(1444) ParOldGen: 1340861K(3212288K)->1445141K(3212288K)
[5028.560s][info][gc,metaspace   ] GC(1444) Metaspace: 29099K(29376K)->29099K(29376K) NonClass: 25992K(26112K)->25992K(26112K) Class: 3106K(3264K)->3106K(3264K)
[5028.560s][info][gc             ] GC(1444) Pause Young (Allocation Failure) 3869M->1562M(5703M) 92.586ms
[5028.560s][info][gc,cpu         ] GC(1444) User=0.55s Sys=0.00s Real=0.09s
. (rIR:aIR:PR = 8025:7991:7991) (tPR = 118427) [OK] 
  5029s: Performance info:
         Transaction,    Success,    Partial,     Failed,   Receipts, AvgBarcode, 
             Overall,     483791,          0,          0,     459465,      59.48, 
         Response times:
             Request,    Success,    Partial,     Failed,   SkipFail,     Probes,    Samples,      min,      p50,      p90,      p95,      p99,      max, 
       TotalPurchase,     459466,          0,          0,          0,     348464,     425171,      300,     6100,    47000,   135000,   300000,  1100000,
     InStorePurchase,     242750,          0,          0,          0,     183163,     223311,      300,     6100,    46000,   135000,   309000,  1100000,
      OnlinePurchase,     168555,          0,          0,          0,     128298,     156689,      300,     6100,    47000,   134000,   287000,  1100000,
        InstPurchase,      48161,          0,          0,          0,      37003,      45171,      300,     6600,    50000,   135000,   287000,  1100000,
          AssocOfCat,        487,          0,          0,          0,        392,        539,    22000,    37000,    85000,   214000,   347000,  1100000,
      AssocOfProduct,       4857,          0,          0,          0,       3210,       4105,      400,     7200,    55000,   102000,   244000,   362000,
      BusinessReport,       1216,          0,          0,          0,       1027,       1348,    29000,    50000,   105000,   207550,   321000,  1200000,
          CustBuyBeh,       4846,          0,          0,          0,       3260,       4172,      200,     5700,    46000,   147000,   304000,   960000,
       ProductReturn,      12919,          0,          0,          0,       9565,      11922,      200,     5700,    46000,   163850,   327000,  1100000,

  5029s: (59%)   IR =   8164 .[5030.642s][info][gc,start       ] GC(1445) Pause Young (Allocation Failure)
[5030.739s][info][gc,heap        ] GC(1445) PSYoungGen: 2614976K(2628096K)->162372K(2622464K) Eden: 2459648K(2459648K)->0K(2459648K) From: 155328K(168448K)->162372K(162816K)
[5030.739s][info][gc,heap        ] GC(1445) ParOldGen: 1445141K(3212288K)->1547765K(3212288K)
[5030.739s][info][gc,metaspace   ] GC(1445) Metaspace: 29104K(29376K)->29104K(29376K) NonClass: 25998K(26112K)->25998K(26112K) Class: 3106K(3264K)->3106K(3264K)
[5030.739s][info][gc             ] GC(1445) Pause Young (Allocation Failure) 3964M->1670M(5698M) 97.033ms
[5030.739s][info][gc,cpu         ] GC(1445) User=0.57s Sys=0.00s Real=0.09s
..[5032.739s][info][gc,start       ] GC(1446) Pause Young (Allocation Failure)
[5032.838s][info][gc,heap        ] GC(1446) PSYoungGen: 2622020K(2622464K)->163796K(2625024K) Eden: 2459648K(2459648K)->0K(2456064K) From: 162372K(162816K)->163796K(168960K)
[5032.838s][info][gc,heap        ] GC(1446) ParOldGen: 1547765K(3212288K)->1653325K(3212288K)
[5032.838s][info][gc,metaspace   ] GC(1446) Metaspace: 29104K(29376K)->29104K(29376K) NonClass: 25998K(26112K)->25998K(26112K) Class: 3106K(3264K)->3106K(3264K)
[5032.838s][info][gc             ] GC(1446) Pause Young (Allocation Failure) 4072M->1774M(5700M) 98.950ms
[5032.838s][info][gc,cpu         ] GC(1446) User=0.58s Sys=0.01s Real=0.10s
.|.[5034.815s][info][gc,start       ] GC(1447) Pause Young (Allocation Failure)
[5034.916s][info][gc,heap        ] GC(1447) PSYoungGen: 2619860K(2625024K)->169968K(2626048K) Eden: 2456064K(2456064K)->0K(2456064K) From: 163796K(168960K)->169968K(169984K)
[5034.916s][info][gc,heap        ] GC(1447) ParOldGen: 1653325K(3212288K)->1760573K(3212288K)
[5034.916s][info][gc,metaspace   ] GC(1447) Metaspace: 29104K(29376K)->29104K(29376K) NonClass: 25998K(26112K)->25998K(26112K) Class: 3106K(3264K)->3106K(3264K)
[5034.916s][info][gc             ] GC(1447) Pause Young (Allocation Failure) 4173M->1885M(5701M) 100.836ms
[5034.916s][info][gc,cpu         ] GC(1447) User=0.59s Sys=0.00s Real=0.10s
..[5036.903s][info][gc,start       ] GC(1448) Pause Young (Allocation Failure)
[5037.001s][info][gc,heap        ] GC(1448) PSYoungGen: 2626032K(2626048K)->168032K(2548224K) Eden: 2456064K(2456064K)->0K(2378240K) From: 169968K(169984K)->168032K(169984K)
[5037.001s][info][gc,heap        ] GC(1448) ParOldGen: 1760573K(3212288K)->1863717K(3212288K)
[5037.001s][info][gc,metaspace   ] GC(1448) Metaspace: 29104K(29376K)->29104K(29376K) NonClass: 25998K(26112K)->25998K(26112K) Class: 3106K(3264K)->3106K(3264K)
[5037.001s][info][gc             ] GC(1448) Pause Young (Allocation Failure) 4283M->1984M(5625M) 98.066ms
[5037.001s][info][gc,cpu         ] GC(1448) User=0.58s Sys=0.00s Real=0.09s
..[5039.006s][info][gc,start       ] GC(1449) Pause Young (Allocation Failure)
[5039.098s][info][gc,heap        ] GC(1449) PSYoungGen: 2546272K(2548224K)->152884K(2587136K) Eden: 2378240K(2378240K)->0K(2378240K) From: 168032K(169984K)->152884K(208896K)
[5039.098s][info][gc,heap        ] GC(1449) ParOldGen: 1863717K(3212288K)->1967845K(3212288K)
[5039.098s][info][gc,metaspace   ] GC(1449) Metaspace: 29104K(29376K)->29104K(29376K) NonClass: 25998K(26112K)->25998K(26112K) Class: 3106K(3264K)->3106K(3264K)
[5039.098s][info][gc             ] GC(1449) Pause Young (Allocation Failure) 4306M->2071M(5663M) 92.368ms
[5039.098s][info][gc,cpu         ] GC(1449) User=0.55s Sys=0.00s Real=0.09s
..[5041.063s][info][gc,start       ] GC(1450) Pause Young (Allocation Failure)
[5041.158s][info][gc,heap        ] GC(1450) PSYoungGen: 2531124K(2587136K)->157584K(2582016K) Eden: 2378240K(2378240K)->0K(2379264K) From: 152884K(208896K)->157584K(202752K)
[5041.158s][info][gc,heap        ] GC(1450) ParOldGen: 1967845K(3212288K)->2071109K(3212288K)
[5041.158s][info][gc,metaspace   ] GC(1450) Metaspace: 29104K(29376K)->29104K(29376K) NonClass: 25998K(26112K)->25998K(26112K) Class: 3106K(3264K)->3106K(3264K)
[5041.158s][info][gc             ] GC(1450) Pause Young (Allocation Failure) 4393M->2176M(5658M) 95.772ms
[5041.158s][info][gc,cpu         ] GC(1450) User=0.56s Sys=0.00s Real=0.09s
..[5043.078s][info][gc,start       ] GC(1451) Pause Young (Allocation Failure)
[5043.169s][info][gc,heap        ] GC(1451) PSYoungGen: 2536848K(2582016K)->146048K(2585088K) Eden: 2379264K(2379264K)->0K(2379264K) From: 157584K(202752K)->146048K(205824K)
[5043.169s][info][gc,heap        ] GC(1451) ParOldGen: 2071109K(3212288K)->2178165K(3212288K)
[5043.169s][info][gc,metaspace   ] GC(1451) Metaspace: 29104K(29376K)->29104K(29376K) NonClass: 25998K(26112K)->25998K(26112K) Class: 3106K(3264K)->3106K(3264K)
[5043.169s][info][gc             ] GC(1451) Pause Young (Allocation Failure) 4499M->2269M(5661M) 90.812ms
[5043.169s][info][gc,cpu         ] GC(1451) User=0.54s Sys=0.00s Real=0.09s
..[5045.140s][info][gc,start       ] GC(1452) Pause Young (Allocation Failure)
[5045.228s][info][gc,heap        ] GC(1452) PSYoungGen: 2525312K(2585088K)->147392K(2588160K) Eden: 2379264K(2379264K)->0K(2384384K) From: 146048K(205824K)->147392K(203776K)
[5045.228s][info][gc,heap        ] GC(1452) ParOldGen: 2178165K(3212288K)->2277669K(3212288K)
[5045.228s][info][gc,metaspace   ] GC(1452) Metaspace: 29104K(29376K)->29104K(29376K) NonClass: 25998K(26112K)->25998K(26112K) Class: 3106K(3264K)->3106K(3264K)
[5045.228s][info][gc             ] GC(1452) Pause Young (Allocation Failure) 4593M->2368M(5664M) 88.228ms
[5045.228s][info][gc,cpu         ] GC(1452) User=0.52s Sys=0.00s Real=0.09s
..[5047.149s][info][gc,start       ] GC(1453) Pause Young (Allocation Failure)
[5047.240s][info][gc,heap        ] GC(1453) PSYoungGen: 2531776K(2588160K)->148054K(2589184K) Eden: 2384384K(2384384K)->0K(2384384K) From: 147392K(203776K)->148054K(204800K)
[5047.240s][info][gc,heap        ] GC(1453) ParOldGen: 2277669K(3212288K)->2382181K(3212288K)
[5047.240s][info][gc,metaspace   ] GC(1453) Metaspace: 29104K(29376K)->29104K(29376K) NonClass: 25998K(26112K)->25998K(26112K) Class: 3106K(3264K)->3106K(3264K)
[5047.240s][info][gc             ] GC(1453) Pause Young (Allocation Failure) 4696M->2470M(5665M) 90.953ms
[5047.240s][info][gc,cpu         ] GC(1453) User=0.53s Sys=0.00s Real=0.09s
..[5049.188s][info][gc,start       ] GC(1454) Pause Young (Allocation Failure)
[5049.280s][info][gc,heap        ] GC(1454) PSYoungGen: 2532438K(2589184K)->149636K(2587648K) Eden: 2384384K(2384384K)->0K(2387968K) From: 148054K(204800K)->149636K(199680K)
[5049.280s][info][gc,heap        ] GC(1454) ParOldGen: 2382181K(3212288K)->2485309K(3212288K)
[5049.280s][info][gc,metaspace   ] GC(1454) Metaspace: 29104K(29376K)->29104K(29376K) NonClass: 25998K(26112K)->25998K(26112K) Class: 3106K(3264K)->3106K(3264K)
[5049.280s][info][gc             ] GC(1454) Pause Young (Allocation Failure) 4799M->2573M(5664M) 92.199ms
[5049.280s][info][gc,cpu         ] GC(1454) User=0.54s Sys=0.00s Real=0.09s
..[5051.225s][info][gc,start       ] GC(1455) Pause Young (Allocation Failure)
[5051.315s][info][gc,heap        ] GC(1455) PSYoungGen: 2537604K(2587648K)->147728K(2589184K) Eden: 2387968K(2387968K)->0K(2387968K) From: 149636K(199680K)->147728K(201216K)
[5051.315s][info][gc,heap        ] GC(1455) ParOldGen: 2485309K(3212288K)->2585109K(3212288K)
[5051.315s][info][gc,metaspace   ] GC(1455) Metaspace: 29104K(29376K)->29104K(29376K) NonClass: 25998K(26112K)->25998K(26112K) Class: 3106K(3264K)->3106K(3264K)
[5051.315s][info][gc             ] GC(1455) Pause Young (Allocation Failure) 4905M->2668M(5665M) 89.327ms
[5051.315s][info][gc,cpu         ] GC(1455) User=0.53s Sys=0.01s Real=0.09s
..[5053.249s][info][gc,start       ] GC(1456) Pause Young (Allocation Failure)
[5053.346s][info][gc,heap        ] GC(1456) PSYoungGen: 2535696K(2589184K)->162048K(2589184K) Eden: 2387968K(2387968K)->0K(2395648K) From: 147728K(201216K)->162048K(193536K)
[5053.347s][info][gc,heap        ] GC(1456) ParOldGen: 2585109K(3212288K)->2688749K(3212288K)
[5053.347s][info][gc,metaspace   ] GC(1456) Metaspace: 29104K(29376K)->29104K(29376K) NonClass: 25998K(26112K)->25998K(26112K) Class: 3106K(3264K)->3106K(3264K)
[5053.347s][info][gc             ] GC(1456) Pause Young (Allocation Failure) 5000M->2783M(5665M) 97.683ms
[5053.347s][info][gc,cpu         ] GC(1456) User=0.58s Sys=0.00s Real=0.10s
..[5055.313s][info][gc,start       ] GC(1457) Pause Young (Allocation Failure)
[5055.407s][info][gc,heap        ] GC(1457) PSYoungGen: 2557696K(2589184K)->153408K(2591744K) Eden: 2395648K(2395648K)->0K(2395648K) From: 162048K(193536K)->153408K(196096K)
[5055.407s][info][gc,heap        ] GC(1457) ParOldGen: 2688749K(3212288K)->2795085K(3212288K)
[5055.407s][info][gc,metaspace   ] GC(1457) Metaspace: 29104K(29376K)->29104K(29376K) NonClass: 25998K(26112K)->25998K(26112K) Class: 3106K(3264K)->3106K(3264K)
[5055.407s][info][gc             ] GC(1457) Pause Young (Allocation Failure) 5123M->2879M(5668M) 93.981ms
[5055.407s][info][gc,cpu         ] GC(1457) User=0.55s Sys=0.00s Real=0.09s
..[5057.322s][info][gc,start       ] GC(1458) Pause Young (Allocation Failure)
[5057.412s][info][gc,heap        ] GC(1458) PSYoungGen: 2549056K(2591744K)->149024K(2596864K) Eden: 2395648K(2395648K)->0K(2406400K) From: 153408K(196096K)->149024K(190464K)
[5057.412s][info][gc,heap        ] GC(1458) ParOldGen: 2795085K(3212288K)->2897981K(3212288K)
[5057.412s][info][gc,metaspace   ] GC(1458) Metaspace: 29104K(29376K)->29104K(29376K) NonClass: 25998K(26112K)->25998K(26112K) Class: 3106K(3264K)->3106K(3264K)
[5057.412s][info][gc             ] GC(1458) Pause Young (Allocation Failure) 5218M->2975M(5673M) 90.225ms
[5057.412s][info][gc,cpu         ] GC(1458) User=0.53s Sys=0.00s Real=0.09s
..[5059.404s][info][gc,start       ] GC(1459) Pause Young (Allocation Failure)
[5059.499s][info][gc,heap        ] GC(1459) PSYoungGen: 2555424K(2596864K)->151072K(2598400K) Eden: 2406400K(2406400K)->0K(2406400K) From: 149024K(190464K)->151072K(192000K)
[5059.499s][info][gc,heap        ] GC(1459) ParOldGen: 2897981K(3212288K)->3000629K(3212288K)
[5059.499s][info][gc,metaspace   ] GC(1459) Metaspace: 29104K(29376K)->29104K(29376K) NonClass: 25998K(26112K)->25998K(26112K) Class: 3106K(3264K)->3106K(3264K)
[5059.499s][info][gc             ] GC(1459) Pause Young (Allocation Failure) 5325M->3077M(5674M) 94.945ms
[5059.499s][info][gc,cpu         ] GC(1459) User=0.56s Sys=0.00s Real=0.09s
..[5061.408s][info][gc,start       ] GC(1460) Pause Young (Allocation Failure)
[5061.503s][info][gc,heap        ] GC(1460) PSYoungGen: 2557472K(2598400K)->154240K(2598400K) Eden: 2406400K(2406400K)->0K(2414080K) From: 151072K(192000K)->154240K(184320K)
[5061.503s][info][gc,heap        ] GC(1460) ParOldGen: 3000629K(3212288K)->3104661K(3212288K)
[5061.503s][info][gc,metaspace   ] GC(1460) Metaspace: 29104K(29376K)->29104K(29376K) NonClass: 25998K(26112K)->25998K(26112K) Class: 3106K(3264K)->3106K(3264K)
[5061.503s][info][gc             ] GC(1460) Pause Young (Allocation Failure) 5427M->3182M(5674M) 94.632ms
[5061.503s][info][gc,cpu         ] GC(1460) User=0.56s Sys=0.00s Real=0.10s
..[5063.466s][info][gc,start       ] GC(1461) Pause Young (Allocation Failure)
[5063.563s][info][gc,heap        ] GC(1461) PSYoungGen: 2568320K(2598400K)->162564K(2600960K) Eden: 2414080K(2414080K)->0K(2414080K) From: 154240K(184320K)->162564K(186880K)
[5063.563s][info][gc,heap        ] GC(1461) ParOldGen: 3104661K(3212288K)->3205837K(3212288K)
[5063.563s][info][gc,metaspace   ] GC(1461) Metaspace: 29104K(29376K)->29104K(29376K) NonClass: 25998K(26112K)->25998K(26112K) Class: 3106K(3264K)->3106K(3264K)
[5063.563s][info][gc             ] GC(1461) Pause Young (Allocation Failure) 5540M->3289M(5677M) 97.474ms
[5063.564s][info][gc,cpu         ] GC(1461) User=0.58s Sys=0.00s Real=0.10s
..[5065.500s][info][gc,start       ] GC(1462) Pause Young (Allocation Failure)
[5065.599s][info][gc,heap        ] GC(1462) PSYoungGen: 2576644K(2600960K)->154560K(2603520K) Eden: 2414080K(2414080K)->0K(2422784K) From: 162564K(186880K)->154560K(180736K)
[5065.599s][info][gc,heap        ] GC(1462) ParOldGen: 3205837K(3212288K)->3310989K(3311104K)
[5065.600s][info][gc,metaspace   ] GC(1462) Metaspace: 29104K(29376K)->29104K(29376K) NonClass: 25998K(26112K)->25998K(26112K) Class: 3106K(3264K)->3106K(3264K)
[5065.600s][info][gc             ] GC(1462) Pause Young (Allocation Failure) 5646M->3384M(5776M) 99.420ms
[5065.600s][info][gc,cpu         ] GC(1462) User=0.54s Sys=0.04s Real=0.10s
...[5067.631s][info][gc,start       ] GC(1463) Pause Young (Allocation Failure)
[5067.729s][info][gc,heap        ] GC(1463) PSYoungGen: 2577344K(2603520K)->153152K(2606592K) Eden: 2422784K(2422784K)->0K(2422784K) From: 154560K(180736K)->153152K(183808K)
[5067.729s][info][gc,heap        ] GC(1463) ParOldGen: 3310989K(3311104K)->3414093K(3414528K)
[5067.729s][info][gc,metaspace   ] GC(1463) Metaspace: 29104K(29376K)->29104K(29376K) NonClass: 25998K(26112K)->25998K(26112K) Class: 3106K(3264K)->3106K(3264K)
[5067.729s][info][gc             ] GC(1463) Pause Young (Allocation Failure) 5750M->3483M(5880M) 97.206ms
[5067.729s][info][gc,cpu         ] GC(1463) User=0.53s Sys=0.04s Real=0.10s
..[5069.764s][info][gc,start       ] GC(1464) Pause Young (Allocation Failure)
[5069.868s][info][gc,heap        ] GC(1464) PSYoungGen: 2575936K(2606592K)->166304K(2612224K) Eden: 2422784K(2422784K)->0K(2430464K) From: 153152K(183808K)->166304K(181760K)
[5069.868s][info][gc,heap        ] GC(1464) ParOldGen: 3414093K(3414528K)->3517405K(3517440K)
[5069.868s][info][gc,metaspace   ] GC(1464) Metaspace: 29104K(29376K)->29104K(29376K) NonClass: 25998K(26112K)->25998K(26112K) Class: 3106K(3264K)->3106K(3264K)
[5069.868s][info][gc             ] GC(1464) Pause Young (Allocation Failure) 5849M->3597M(5986M) 103.867ms
[5069.868s][info][gc,cpu         ] GC(1464) User=0.57s Sys=0.04s Real=0.10s
..[5071.756s][info][gc,start       ] GC(1465) Pause Young (Allocation Failure)
[5071.854s][info][gc,heap        ] GC(1465) PSYoungGen: 2596768K(2612224K)->153696K(2584576K) Eden: 2430464K(2430464K)->0K(2430464K) From: 166304K(181760K)->153696K(154112K)
[5071.854s][info][gc,heap        ] GC(1465) ParOldGen: 3517405K(3517440K)->3623661K(3623936K)
[5071.854s][info][gc,metaspace   ] GC(1465) Metaspace: 29104K(29376K)->29104K(29376K) NonClass: 25998K(26112K)->25998K(26112K) Class: 3106K(3264K)->3106K(3264K)
[5071.854s][info][gc             ] GC(1465) Pause Young (Allocation Failure) 5970M->3688M(6063M) 98.226ms
[5071.854s][info][gc,cpu         ] GC(1465) User=0.55s Sys=0.03s Real=0.10s
..[5073.765s][info][gc,start       ] GC(1466) Pause Young (Allocation Failure)
[5073.863s][info][gc,heap        ] GC(1466) PSYoungGen: 2584160K(2584576K)->157824K(2615296K) Eden: 2430464K(2430464K)->0K(2434048K) From: 153696K(154112K)->157824K(181248K)
[5073.863s][info][gc,heap        ] GC(1466) ParOldGen: 3623661K(3623936K)->3727629K(3727872K)
[5073.863s][info][gc,metaspace   ] GC(1466) Metaspace: 29104K(29376K)->29104K(29376K) NonClass: 25998K(26112K)->25998K(26112K) Class: 3106K(3264K)->3106K(3264K)
[5073.863s][info][gc             ] GC(1466) Pause Young (Allocation Failure) 6062M->3794M(6194M) 98.555ms
[5073.863s][info][gc,cpu         ] GC(1466) User=0.56s Sys=0.03s Real=0.10s
..[5075.906s][info][gc,start       ] GC(1467) Pause Young (Allocation Failure)
[5076.007s][info][gc,heap        ] GC(1467) PSYoungGen: 2591872K(2615296K)->162579K(2612736K) Eden: 2434048K(2434048K)->0K(2434048K) From: 157824K(181248K)->162579K(178688K)
[5076.007s][info][gc,heap        ] GC(1467) ParOldGen: 3727629K(3727872K)->3829277K(3829760K)
[5076.007s][info][gc,metaspace   ] GC(1467) Metaspace: 29104K(29376K)->29104K(29376K) NonClass: 25998K(26112K)->25998K(26112K) Class: 3106K(3264K)->3106K(3264K)
[5076.007s][info][gc             ] GC(1467) Pause Young (Allocation Failure) 6171M->3898M(6291M) 100.706ms
[5076.007s][info][gc,cpu         ] GC(1467) User=0.56s Sys=0.03s Real=0.10s
..[5077.992s][info][gc,start       ] GC(1468) Pause Young (Allocation Failure)
[5078.086s][info][gc,heap        ] GC(1468) PSYoungGen: 2596627K(2612736K)->146976K(2614784K) Eden: 2434048K(2434048K)->0K(2436096K) From: 162579K(178688K)->146976K(178688K)
[5078.086s][info][gc,heap        ] GC(1468) ParOldGen: 3829277K(3829760K)->3932781K(3933184K)
[5078.086s][info][gc,metaspace   ] GC(1468) Metaspace: 29104K(29376K)->29104K(29376K) NonClass: 25998K(26112K)->25998K(26112K) Class: 3106K(3264K)->3106K(3264K)
[5078.086s][info][gc             ] GC(1468) Pause Young (Allocation Failure) 6275M->3984M(6394M) 94.397ms
[5078.086s][info][gc,cpu         ] GC(1468) User=0.53s Sys=0.03s Real=0.10s
..[5080.036s][info][gc,start       ] GC(1469) Pause Young (Allocation Failure)
[5080.139s][info][gc,heap        ] GC(1469) PSYoungGen: 2583072K(2614784K)->161109K(2614784K) Eden: 2436096K(2436096K)->0K(2436096K) From: 146976K(178688K)->161109K(178688K)
[5080.139s][info][gc,heap        ] GC(1469) ParOldGen: 3932781K(3933184K)->4036333K(4036608K)
[5080.139s][info][gc,metaspace   ] GC(1469) Metaspace: 29104K(29376K)->29104K(29376K) NonClass: 25998K(26112K)->25998K(26112K) Class: 3106K(3264K)->3106K(3264K)
[5080.139s][info][gc             ] GC(1469) Pause Young (Allocation Failure) 6363M->4099M(6495M) 102.488ms
[5080.139s][info][gc,cpu         ] GC(1469) User=0.58s Sys=0.03s Real=0.10s
..[5082.069s][info][gc,start       ] GC(1470) Pause Young (Allocation Failure)
[5082.166s][info][gc,heap        ] GC(1470) PSYoungGen: 2597205K(2614784K)->151940K(2614784K) Eden: 2436096K(2436096K)->0K(2439168K) From: 161109K(178688K)->151940K(175616K)
[5082.166s][info][gc,heap        ] GC(1470) ParOldGen: 4036333K(4036608K)->4141309K(4141568K)
[5082.166s][info][gc,metaspace   ] GC(1470) Metaspace: 29104K(29376K)->29104K(29376K) NonClass: 25998K(26112K)->25998K(26112K) Class: 3106K(3264K)->3106K(3264K)
[5082.166s][info][gc             ] GC(1470) Pause Young (Allocation Failure) 6478M->4192M(6598M) 97.084ms
[5082.166s][info][gc,cpu         ] GC(1470) User=0.53s Sys=0.04s Real=0.10s
..[5084.178s][info][gc,start       ] GC(1471) Pause Young (Allocation Failure)
[5084.273s][info][gc,heap        ] GC(1471) PSYoungGen: 2591108K(2614784K)->147296K(2615808K) Eden: 2439168K(2439168K)->0K(2439168K) From: 151940K(175616K)->147296K(176640K)
[5084.273s][info][gc,heap        ] GC(1471) ParOldGen: 4141309K(4141568K)->4244789K(4244992K)
[5084.273s][info][gc,metaspace   ] GC(1471) Metaspace: 29104K(29376K)->29104K(29376K) NonClass: 25998K(26112K)->25998K(26112K) Class: 3106K(3264K)->3106K(3264K)
[5084.273s][info][gc             ] GC(1471) Pause Young (Allocation Failure) 6574M->4289M(6700M) 94.716ms
[5084.273s][info][gc,cpu         ] GC(1471) User=0.53s Sys=0.03s Real=0.10s
..[5086.190s][info][gc,start       ] GC(1472) Pause Young (Allocation Failure)
[5086.286s][info][gc,heap        ] GC(1472) PSYoungGen: 2586464K(2615808K)->149760K(2617344K) Eden: 2439168K(2439168K)->0K(2442752K) From: 147296K(176640K)->149760K(174592K)
[5086.286s][info][gc,heap        ] GC(1472) ParOldGen: 4244789K(4244992K)->4347149K(4347392K)
[5086.286s][info][gc,metaspace   ] GC(1472) Metaspace: 29104K(29376K)->29104K(29376K) NonClass: 25998K(26112K)->25998K(26112K) Class: 3106K(3264K)->3106K(3264K)
[5086.286s][info][gc             ] GC(1472) Pause Young (Allocation Failure) 6671M->4391M(6801M) 95.821ms
[5086.286s][info][gc,cpu         ] GC(1472) User=0.54s Sys=0.03s Real=0.10s
..[5088.294s][info][gc,start       ] GC(1473) Pause Young (Allocation Failure)
[5088.394s][info][gc,heap        ] GC(1473) PSYoungGen: 2592512K(2617344K)->154832K(2618368K) Eden: 2442752K(2442752K)->0K(2442752K) From: 149760K(174592K)->154832K(175616K)
[5088.394s][info][gc,heap        ] GC(1473) ParOldGen: 4347149K(4347392K)->4452165K(4452352K)
[5088.394s][info][gc,metaspace   ] GC(1473) Metaspace: 29104K(29376K)->29104K(29376K) NonClass: 25998K(26112K)->25998K(26112K) Class: 3106K(3264K)->3106K(3264K)
[5088.394s][info][gc             ] GC(1473) Pause Young (Allocation Failure) 6777M->4499M(6905M) 99.733ms
[5088.394s][info][gc,cpu         ] GC(1473) User=0.56s Sys=0.03s Real=0.10s
..[5090.353s][info][gc,start       ] GC(1474) Pause Young (Allocation Failure)
[5090.452s][info][gc,heap        ] GC(1474) PSYoungGen: 2597584K(2618368K)->153888K(2618368K) Eden: 2442752K(2442752K)->0K(2446848K) From: 154832K(175616K)->153888K(171520K)
[5090.452s][info][gc,heap        ] GC(1474) ParOldGen: 4452165K(4452352K)->4555557K(4555776K)
[5090.452s][info][gc,metaspace   ] GC(1474) Metaspace: 29104K(29376K)->29104K(29376K) NonClass: 25998K(26112K)->25998K(26112K) Class: 3106K(3264K)->3106K(3264K)
[5090.452s][info][gc             ] GC(1474) Pause Young (Allocation Failure) 6884M->4599M(7006M) 98.357ms
[5090.452s][info][gc,cpu         ] GC(1474) User=0.55s Sys=0.03s Real=0.10s
..[5092.370s][info][gc,start       ] GC(1475) Pause Young (Allocation Failure)
[5092.471s][info][gc,heap        ] GC(1475) PSYoungGen: 2600736K(2618368K)->151521K(2618880K) Eden: 2446848K(2446848K)->0K(2446848K) From: 153888K(171520K)->151521K(172032K)
[5092.471s][info][gc,heap        ] GC(1475) ParOldGen: 4555557K(4555776K)->4661037K(4661248K)
[5092.471s][info][gc,metaspace   ] GC(1475) Metaspace: 29104K(29376K)->29104K(29376K) NonClass: 25998K(26112K)->25998K(26112K) Class: 3106K(3264K)->3106K(3264K)
[5092.471s][info][gc             ] GC(1475) Pause Young (Allocation Failure) 6988M->4699M(7109M) 100.896ms
[5092.471s][info][gc,cpu         ] GC(1475) User=0.56s Sys=0.03s Real=0.10s
.. (rIR:aIR:PR = 8164:8209:8209) (tPR = 122472) [OK] 
  5093s: Performance info:
         Transaction,    Success,    Partial,     Failed,   Receipts, AvgBarcode, 
             Overall,     495947,          0,          0,     471275,      59.47, 
         Response times:
             Request,    Success,    Partial,     Failed,   SkipFail,     Probes,    Samples,      min,      p50,      p90,      p95,      p99,      max, 
       TotalPurchase,     471273,          0,          0,          0,     361191,     388336,      200,     5900,    22000,    41000,    78000,   173000,
     InStorePurchase,     247878,          0,          0,          0,     189354,     203189,      200,     6100,    22000,    43000,    79000,   169000,
      OnlinePurchase,     173871,          0,          0,          0,     133276,     143313,      300,     5500,    21000,    39000,    77000,   173000,
        InstPurchase,      49524,          0,          0,          0,      38561,      41834,      500,     5900,    22000,    41000,    80000,   129000,
          AssocOfCat,        493,          0,          0,          0,        408,        501,    23000,    39000,    65800,    89800,   141920,   166000,
      AssocOfProduct,       4942,          0,          0,          0,       3456,       3934,      500,     5900,    18550,    40000,    80000,   138000,
      BusinessReport,       1233,          0,          0,          0,       1102,       1306,    29000,    47000,    75000,   101000,   160930,   192000,
          CustBuyBeh,       4927,          0,          0,          0,       3472,       3967,      300,     6200,    25000,    44000,    74320,   114000,
       ProductReturn,      13093,          0,          0,          0,      10205,      11169,      200,     5500,    20000,    41000,    73000,   156000,

  5093s: (60%)   IR =   8302 [5094.570s][info][gc,start       ] GC(1476) Pause Young (Allocation Failure)
[5094.669s][info][gc,heap        ] GC(1476) PSYoungGen: 2598369K(2618880K)->157824K(2623488K) Eden: 2446848K(2446848K)->0K(2452992K) From: 151521K(172032K)->157824K(170496K)
[5094.669s][info][gc,heap        ] GC(1476) ParOldGen: 4661037K(4661248K)->4763285K(4763648K)
[5094.669s][info][gc,metaspace   ] GC(1476) Metaspace: 29104K(29376K)->29104K(29376K) NonClass: 25998K(26112K)->25998K(26112K) Class: 3106K(3264K)->3106K(3264K)
[5094.669s][info][gc             ] GC(1476) Pause Young (Allocation Failure) 7089M->4805M(7214M) 99.412ms
[5094.669s][info][gc,cpu         ] GC(1476) User=0.55s Sys=0.04s Real=0.10s
..[5096.632s][info][gc,start       ] GC(1477) Pause Young (Allocation Failure)
[5096.732s][info][gc,heap        ] GC(1477) PSYoungGen: 2610816K(2623488K)->154208K(2623488K) Eden: 2452992K(2452992K)->0K(2452992K) From: 157824K(170496K)->154208K(170496K)
[5096.732s][info][gc,heap        ] GC(1477) ParOldGen: 4763285K(4763648K)->4870221K(4870656K)
[5096.732s][info][gc,metaspace   ] GC(1477) Metaspace: 29104K(29376K)->29104K(29376K) NonClass: 25998K(26112K)->25998K(26112K) Class: 3106K(3264K)->3106K(3264K)
[5096.732s][info][gc             ] GC(1477) Pause Young (Allocation Failure) 7201M->4906M(7318M) 100.362ms
[5096.732s][info][gc,cpu         ] GC(1477) User=0.56s Sys=0.03s Real=0.10s
..[5098.766s][info][gc,start       ] GC(1478) Pause Young (Allocation Failure)
[5098.867s][info][gc,heap        ] GC(1478) PSYoungGen: 2607200K(2623488K)->157632K(2624512K) Eden: 2452992K(2452992K)->0K(2455552K) From: 154208K(170496K)->157632K(168960K)
[5098.867s][info][gc,heap        ] GC(1478) ParOldGen: 4870221K(4870656K)->4974277K(4974592K)
[5098.867s][info][gc,metaspace   ] GC(1478) Metaspace: 29104K(29376K)->29104K(29376K) NonClass: 25998K(26112K)->25998K(26112K) Class: 3106K(3264K)->3106K(3264K)
[5098.867s][info][gc             ] GC(1478) Pause Young (Allocation Failure) 7302M->5011M(7421M) 100.583ms
[5098.867s][info][gc,cpu         ] GC(1478) User=0.57s Sys=0.03s Real=0.10s
..[5100.853s][info][gc,start       ] GC(1479) Pause Young (Allocation Failure)
[5100.953s][info][gc,heap        ] GC(1479) PSYoungGen: 2613184K(2624512K)->155584K(2624000K) Eden: 2455552K(2455552K)->0K(2455552K) From: 157632K(168960K)->155584K(168448K)
[5100.953s][info][gc,heap        ] GC(1479) ParOldGen: 4974277K(4974592K)->5077629K(5078016K)
[5100.953s][info][gc,metaspace   ] GC(1479) Metaspace: 29104K(29376K)->29104K(29376K) NonClass: 25998K(26112K)->25998K(26112K) Class: 3106K(3264K)->3106K(3264K)
[5100.953s][info][gc             ] GC(1479) Pause Young (Allocation Failure) 7409M->5110M(7521M) 99.799ms
[5100.953s][info][gc,cpu         ] GC(1479) User=0.56s Sys=0.03s Real=0.10s
..[5102.859s][info][gc,start       ] GC(1480) Pause Young (Allocation Failure)
[5102.957s][info][gc,heap        ] GC(1480) PSYoungGen: 2611136K(2624000K)->156160K(2626560K) Eden: 2455552K(2455552K)->0K(2459648K) From: 155584K(168448K)->156160K(166912K)
[5102.957s][info][gc,heap        ] GC(1480) ParOldGen: 5077629K(5078016K)->5180749K(5180928K)
[5102.957s][info][gc,metaspace   ] GC(1480) Metaspace: 29104K(29376K)->29104K(29376K) NonClass: 25998K(26112K)->25998K(26112K) Class: 3106K(3264K)->3106K(3264K)
[5102.957s][info][gc             ] GC(1480) Pause Young (Allocation Failure) 7508M->5211M(7624M) 98.591ms
[5102.957s][info][gc,cpu         ] GC(1480) User=0.55s Sys=0.03s Real=0.10s
..[5104.952s][info][gc,start       ] GC(1481) Pause Young (Allocation Failure)
[5105.051s][info][gc,heap        ] GC(1481) PSYoungGen: 2615808K(2626560K)->154608K(2626048K) Eden: 2459648K(2459648K)->0K(2459648K) From: 156160K(166912K)->154608K(166400K)
[5105.051s][info][gc,heap        ] GC(1481) ParOldGen: 5180749K(5180928K)->5283933K(5284352K)
[5105.051s][info][gc,metaspace   ] GC(1481) Metaspace: 29104K(29376K)->29104K(29376K) NonClass: 25998K(26112K)->25998K(26112K) Class: 3106K(3264K)->3106K(3264K)
[5105.052s][info][gc             ] GC(1481) Pause Young (Allocation Failure) 7613M->5311M(7725M) 99.559ms
[5105.052s][info][gc,cpu         ] GC(1481) User=0.56s Sys=0.03s Real=0.09s
...[5107.104s][info][gc,start       ] GC(1482) Pause Young (Allocation Failure)
[5107.205s][info][gc,heap        ] GC(1482) PSYoungGen: 2614256K(2626048K)->156640K(2628096K) Eden: 2459648K(2459648K)->0K(2462720K) From: 154608K(166400K)->156640K(165376K)
[5107.205s][info][gc,heap        ] GC(1482) ParOldGen: 5283933K(5284352K)->5389253K(5389312K)
[5107.205s][info][gc,metaspace   ] GC(1482) Metaspace: 29104K(29376K)->29104K(29376K) NonClass: 25998K(26112K)->25998K(26112K) Class: 3106K(3264K)->3106K(3264K)
[5107.206s][info][gc             ] GC(1482) Pause Young (Allocation Failure) 7713M->5415M(7829M) 101.138ms
[5107.206s][info][gc,cpu         ] GC(1482) User=0.57s Sys=0.04s Real=0.10s
..[5109.251s][info][gc,start       ] GC(1483) Pause Young (Allocation Failure)
[5109.354s][info][gc,heap        ] GC(1483) PSYoungGen: 2619360K(2628096K)->159152K(2628096K) Eden: 2462720K(2462720K)->0K(2462720K) From: 156640K(165376K)->159152K(165376K)
[5109.354s][info][gc,heap        ] GC(1483) ParOldGen: 5389253K(5389312K)->5493741K(5493760K)
[5109.354s][info][gc,metaspace   ] GC(1483) Metaspace: 29104K(29376K)->29104K(29376K) NonClass: 25998K(26112K)->25998K(26112K) Class: 3106K(3264K)->3106K(3264K)
[5109.354s][info][gc             ] GC(1483) Pause Young (Allocation Failure) 7820M->5520M(7931M) 102.472ms
[5109.354s][info][gc,cpu         ] GC(1483) User=0.57s Sys=0.04s Real=0.11s
..[5111.218s][info][gc,start       ] GC(1484) Pause Full (Allocation Failure)
[5111.218s][info][gc,phases,start] GC(1484) Marking Phase
[5111.531s][info][gc,phases      ] GC(1484) Marking Phase 313.048ms
[5111.531s][info][gc,phases,start] GC(1484) Summary Phase
[5111.531s][info][gc,phases      ] GC(1484) Summary Phase 0.102ms
[5111.531s][info][gc,phases,start] GC(1484) Forward
[5111.653s][info][gc,phases      ] GC(1484) Forward 122.065ms
[5111.653s][info][gc,phases,start] GC(1484) Adjust Pointers
[5111.865s][info][gc,phases      ] GC(1484) Adjust Pointers 211.341ms
[5111.865s][info][gc,phases,start] GC(1484) Compaction Phase
[5112.012s][info][gc,phases      ] GC(1484) Compaction Phase 147.602ms
[5112.013s][info][gc,phases,start] GC(1484) Post Compact
[5112.020s][info][gc,phases      ] GC(1484) Post Compact 6.885ms
[5112.132s][info][gc,heap        ] GC(1484) PSYoungGen: 2621872K(2628096K)->0K(2630656K) Eden: 2462720K(2462720K)->0K(2465280K) From: 159152K(165376K)->0K(165376K)
[5112.132s][info][gc,heap        ] GC(1484) ParOldGen: 5493741K(5493760K)->1626056K(1965568K)
[5112.132s][info][gc,metaspace   ] GC(1484) Metaspace: 29104K(29376K)->29104K(29376K) NonClass: 25998K(26112K)->25998K(26112K) Class: 3106K(3264K)->3106K(3264K)
[5112.132s][info][gc             ] GC(1484) Pause Full (Allocation Failure) 7925M->1587M(4488M) 914.237ms
[5112.132s][info][gc,cpu         ] GC(1484) User=4.38s Sys=0.11s Real=0.92s
..[5113.419s][info][gc,start       ] GC(1485) Pause Young (Allocation Failure)
[5113.491s][info][gc,heap        ] GC(1485) PSYoungGen: 2465280K(2630656K)->165348K(2630656K) Eden: 2465280K(2465280K)->0K(2465280K) From: 0K(165376K)->165348K(165376K)
[5113.491s][info][gc,heap        ] GC(1485) ParOldGen: 1626056K(1965568K)->1633392K(1965568K)
[5113.491s][info][gc,metaspace   ] GC(1485) Metaspace: 29104K(29376K)->29104K(29376K) NonClass: 25998K(26112K)->25998K(26112K) Class: 3106K(3264K)->3106K(3264K)
[5113.491s][info][gc             ] GC(1485) Pause Young (Allocation Failure) 3995M->1756M(4488M) 71.746ms
[5113.491s][info][gc,cpu         ] GC(1485) User=0.42s Sys=0.00s Real=0.07s
..[5115.366s][info][gc,start       ] GC(1486) Pause Young (Allocation Failure)
[5115.462s][info][gc,heap        ] GC(1486) PSYoungGen: 2630628K(2630656K)->162676K(2618368K) Eden: 2465280K(2465280K)->0K(2452992K) From: 165348K(165376K)->162676K(165376K)
[5115.462s][info][gc,heap        ] GC(1486) ParOldGen: 1633392K(1965568K)->1739176K(1965568K)
[5115.462s][info][gc,metaspace   ] GC(1486) Metaspace: 29104K(29376K)->29104K(29376K) NonClass: 25998K(26112K)->25998K(26112K) Class: 3106K(3264K)->3106K(3264K)
[5115.462s][info][gc             ] GC(1486) Pause Young (Allocation Failure) 4164M->1857M(4476M) 96.338ms
[5115.462s][info][gc,cpu         ] GC(1486) User=0.57s Sys=0.00s Real=0.10s
.|.[5117.406s][info][gc,start       ] GC(1487) Pause Young (Allocation Failure)
[5117.499s][info][gc,heap        ] GC(1487) PSYoungGen: 2615668K(2618368K)->152512K(2624512K) Eden: 2452992K(2452992K)->0K(2452992K) From: 162676K(165376K)->152512K(171520K)
[5117.499s][info][gc,heap        ] GC(1487) ParOldGen: 1739176K(1965568K)->1846984K(1965568K)
[5117.499s][info][gc,metaspace   ] GC(1487) Metaspace: 29104K(29376K)->29104K(29376K) NonClass: 25998K(26112K)->25998K(26112K) Class: 3106K(3264K)->3106K(3264K)
[5117.499s][info][gc             ] GC(1487) Pause Young (Allocation Failure) 4252M->1952M(4482M) 93.263ms
[5117.499s][info][gc,cpu         ] GC(1487) User=0.55s Sys=0.00s Real=0.09s
..[5119.478s][info][gc,start       ] GC(1488) Pause Young (Allocation Failure)
[5119.571s][info][gc,heap        ] GC(1488) PSYoungGen: 2605504K(2624512K)->154304K(2622976K) Eden: 2452992K(2452992K)->0K(2453504K) From: 152512K(171520K)->154304K(169472K)
[5119.571s][info][gc,heap        ] GC(1488) ParOldGen: 1846984K(1965568K)->1950800K(1965568K)
[5119.571s][info][gc,metaspace   ] GC(1488) Metaspace: 29104K(29376K)->29104K(29376K) NonClass: 25998K(26112K)->25998K(26112K) Class: 3106K(3264K)->3106K(3264K)
[5119.571s][info][gc             ] GC(1488) Pause Young (Allocation Failure) 4348M->2055M(4481M) 92.546ms
[5119.571s][info][gc,cpu         ] GC(1488) User=0.55s Sys=0.00s Real=0.09s
..[5121.526s][info][gc,start       ] GC(1489) Pause Young (Allocation Failure)
[5121.625s][info][gc,heap        ] GC(1489) PSYoungGen: 2607808K(2622976K)->159872K(2624000K) Eden: 2453504K(2453504K)->0K(2453504K) From: 154304K(169472K)->159872K(170496K)
[5121.625s][info][gc,heap        ] GC(1489) ParOldGen: 1950800K(1965568K)->2055152K(2055168K)
[5121.625s][info][gc,metaspace   ] GC(1489) Metaspace: 29104K(29376K)->29104K(29376K) NonClass: 25998K(26112K)->25998K(26112K) Class: 3106K(3264K)->3106K(3264K)
[5121.625s][info][gc             ] GC(1489) Pause Young (Allocation Failure) 4451M->2163M(4569M) 98.377ms
[5121.625s][info][gc,cpu         ] GC(1489) User=0.55s Sys=0.03s Real=0.10s
..[5123.543s][info][gc,start       ] GC(1490) Pause Young (Allocation Failure)
[5123.640s][info][gc,heap        ] GC(1490) PSYoungGen: 2613376K(2624000K)->154432K(2624000K) Eden: 2453504K(2453504K)->0K(2455552K) From: 159872K(170496K)->154432K(168448K)
[5123.641s][info][gc,heap        ] GC(1490) ParOldGen: 2055152K(2055168K)->2160272K(2160640K)
[5123.641s][info][gc,metaspace   ] GC(1490) Metaspace: 29104K(29376K)->29104K(29376K) NonClass: 25998K(26112K)->25998K(26112K) Class: 3106K(3264K)->3106K(3264K)
[5123.641s][info][gc             ] GC(1490) Pause Young (Allocation Failure) 4559M->2260M(4672M) 97.520ms
[5123.641s][info][gc,cpu         ] GC(1490) User=0.55s Sys=0.03s Real=0.09s
..[5125.626s][info][gc,start       ] GC(1491) Pause Young (Allocation Failure)
[5125.724s][info][gc,heap        ] GC(1491) PSYoungGen: 2609984K(2624000K)->157632K(2625024K) Eden: 2455552K(2455552K)->0K(2455552K) From: 154432K(168448K)->157632K(169472K)
[5125.724s][info][gc,heap        ] GC(1491) ParOldGen: 2160272K(2160640K)->2265360K(2265600K)
[5125.724s][info][gc,metaspace   ] GC(1491) Metaspace: 29104K(29376K)->29104K(29376K) NonClass: 25998K(26112K)->25998K(26112K) Class: 3106K(3264K)->3106K(3264K)
[5125.724s][info][gc             ] GC(1491) Pause Young (Allocation Failure) 4658M->2366M(4776M) 97.702ms
[5125.724s][info][gc,cpu         ] GC(1491) User=0.55s Sys=0.03s Real=0.10s
..[5127.722s][info][gc,start       ] GC(1492) Pause Young (Allocation Failure)
[5127.828s][info][gc,heap        ] GC(1492) PSYoungGen: 2613184K(2625024K)->168445K(2542592K) Eden: 2455552K(2455552K)->0K(2374144K) From: 157632K(169472K)->168445K(168448K)
[5127.828s][info][gc,heap        ] GC(1492) ParOldGen: 2265360K(2265600K)->2372896K(2373120K)
[5127.828s][info][gc,metaspace   ] GC(1492) Metaspace: 29104K(29376K)->29104K(29376K) NonClass: 25998K(26112K)->25998K(26112K) Class: 3106K(3264K)->3106K(3264K)
[5127.828s][info][gc             ] GC(1492) Pause Young (Allocation Failure) 4764M->2481M(4800M) 106.729ms
[5127.828s][info][gc,cpu         ] GC(1492) User=0.61s Sys=0.03s Real=0.10s
..[5129.691s][info][gc,start       ] GC(1493) Pause Young (Allocation Failure)
[5129.790s][info][gc,heap        ] GC(1493) PSYoungGen: 2542589K(2542592K)->160420K(2585088K) Eden: 2374144K(2374144K)->0K(2374144K) From: 168445K(168448K)->160420K(210944K)
[5129.790s][info][gc,heap        ] GC(1493) ParOldGen: 2372896K(2373120K)->2474888K(2475008K)
[5129.790s][info][gc,metaspace   ] GC(1493) Metaspace: 29104K(29376K)->29104K(29376K) NonClass: 25998K(26112K)->25998K(26112K) Class: 3106K(3264K)->3106K(3264K)
[5129.790s][info][gc             ] GC(1493) Pause Young (Allocation Failure) 4800M->2573M(4941M) 99.077ms
[5129.790s][info][gc,cpu         ] GC(1493) User=0.56s Sys=0.03s Real=0.10s
..[5131.729s][info][gc,start       ] GC(1494) Pause Young (Allocation Failure)
[5131.824s][info][gc,heap        ] GC(1494) PSYoungGen: 2534564K(2585088K)->150944K(2580480K) Eden: 2374144K(2374144K)->0K(2376704K) From: 160420K(210944K)->150944K(203776K)
[5131.824s][info][gc,heap        ] GC(1494) ParOldGen: 2474888K(2475008K)->2579392K(2579456K)
[5131.824s][info][gc,metaspace   ] GC(1494) Metaspace: 29104K(29376K)->29104K(29376K) NonClass: 25998K(26112K)->25998K(26112K) Class: 3106K(3264K)->3106K(3264K)
[5131.824s][info][gc             ] GC(1494) Pause Young (Allocation Failure) 4892M->2666M(5039M) 95.066ms
[5131.824s][info][gc,cpu         ] GC(1494) User=0.53s Sys=0.04s Real=0.10s
..[5133.786s][info][gc,start       ] GC(1495) Pause Young (Allocation Failure)
[5133.879s][info][gc,heap        ] GC(1495) PSYoungGen: 2527648K(2580480K)->152992K(2584064K) Eden: 2376704K(2376704K)->0K(2376704K) From: 150944K(203776K)->152992K(207360K)
[5133.879s][info][gc,heap        ] GC(1495) ParOldGen: 2579392K(2579456K)->2680792K(2680832K)
[5133.879s][info][gc,metaspace   ] GC(1495) Metaspace: 29104K(29376K)->29104K(29376K) NonClass: 25998K(26112K)->25998K(26112K) Class: 3106K(3264K)->3106K(3264K)
[5133.879s][info][gc             ] GC(1495) Pause Young (Allocation Failure) 4987M->2767M(5141M) 92.571ms
[5133.879s][info][gc,cpu         ] GC(1495) User=0.54s Sys=0.02s Real=0.09s
..[5135.676s][info][gc,start       ] GC(1496) Pause Young (Allocation Failure)
[5135.770s][info][gc,heap        ] GC(1496) PSYoungGen: 2529696K(2584064K)->153216K(2583040K) Eden: 2376704K(2376704K)->0K(2382848K) From: 152992K(207360K)->153216K(200192K)
[5135.770s][info][gc,heap        ] GC(1496) ParOldGen: 2680792K(2680832K)->2783664K(2783744K)
[5135.770s][info][gc,metaspace   ] GC(1496) Metaspace: 29104K(29376K)->29104K(29376K) NonClass: 25998K(26112K)->25998K(26112K) Class: 3106K(3264K)->3106K(3264K)
[5135.770s][info][gc             ] GC(1496) Pause Young (Allocation Failure) 5088M->2868M(5241M) 93.921ms
[5135.770s][info][gc,cpu         ] GC(1496) User=0.55s Sys=0.02s Real=0.09s
..[5137.727s][info][gc,start       ] GC(1497) Pause Young (Allocation Failure)
[5137.829s][info][gc,heap        ] GC(1497) PSYoungGen: 2536064K(2583040K)->170168K(2586624K) Eden: 2382848K(2382848K)->0K(2382848K) From: 153216K(200192K)->170168K(203776K)
[5137.829s][info][gc,heap        ] GC(1497) ParOldGen: 2783664K(2783744K)->2885472K(2885632K)
[5137.829s][info][gc,metaspace   ] GC(1497) Metaspace: 29104K(29376K)->29104K(29376K) NonClass: 25998K(26112K)->25998K(26112K) Class: 3106K(3264K)->3106K(3264K)
[5137.829s][info][gc             ] GC(1497) Pause Young (Allocation Failure) 5195M->2984M(5344M) 101.564ms
[5137.829s][info][gc,cpu         ] GC(1497) User=0.60s Sys=0.03s Real=0.10s
..[5139.710s][info][gc,start       ] GC(1498) Pause Young (Allocation Failure)
[5139.805s][info][gc,heap        ] GC(1498) PSYoungGen: 2553016K(2586624K)->155488K(2586624K) Eden: 2382848K(2382848K)->0K(2390528K) From: 170168K(203776K)->155488K(196096K)
[5139.805s][info][gc,heap        ] GC(1498) ParOldGen: 2885472K(2885632K)->2987600K(2988032K)
[5139.805s][info][gc,metaspace   ] GC(1498) Metaspace: 29104K(29376K)->29104K(29376K) NonClass: 25998K(26112K)->25998K(26112K) Class: 3106K(3264K)->3106K(3264K)
[5139.805s][info][gc             ] GC(1498) Pause Young (Allocation Failure) 5311M->3069M(5444M) 94.732ms
[5139.805s][info][gc,cpu         ] GC(1498) User=0.56s Sys=0.02s Real=0.10s
..[5141.732s][info][gc,start       ] GC(1499) Pause Young (Allocation Failure)
[5141.829s][info][gc,heap        ] GC(1499) PSYoungGen: 2546016K(2586624K)->155496K(2590208K) Eden: 2390528K(2390528K)->0K(2390528K) From: 155488K(196096K)->155496K(199680K)
[5141.829s][info][gc,heap        ] GC(1499) ParOldGen: 2987600K(2988032K)->3093848K(3094016K)
[5141.829s][info][gc,metaspace   ] GC(1499) Metaspace: 29104K(29376K)->29104K(29376K) NonClass: 25998K(26112K)->25998K(26112K) Class: 3106K(3264K)->3106K(3264K)
[5141.829s][info][gc             ] GC(1499) Pause Young (Allocation Failure) 5403M->3173M(5551M) 97.632ms
[5141.829s][info][gc,cpu         ] GC(1499) User=0.58s Sys=0.02s Real=0.10s
..[5143.711s][info][gc,start       ] GC(1500) Pause Young (Allocation Failure)
[5143.806s][info][gc,heap        ] GC(1500) PSYoungGen: 2546024K(2590208K)->160176K(2588672K) Eden: 2390528K(2390528K)->0K(2398720K) From: 155496K(199680K)->160176K(189952K)
[5143.806s][info][gc,heap        ] GC(1500) ParOldGen: 3093848K(3094016K)->3192480K(3192832K)
[5143.806s][info][gc,metaspace   ] GC(1500) Metaspace: 29104K(29376K)->29104K(29376K) NonClass: 25998K(26112K)->25998K(26112K) Class: 3106K(3264K)->3106K(3264K)
[5143.806s][info][gc             ] GC(1500) Pause Young (Allocation Failure) 5507M->3274M(5646M) 94.762ms
[5143.806s][info][gc,cpu         ] GC(1500) User=0.57s Sys=0.02s Real=0.10s
..[5145.731s][info][gc,start       ] GC(1501) Pause Young (Allocation Failure)
[5145.827s][info][gc,heap        ] GC(1501) PSYoungGen: 2558896K(2588672K)->160416K(2593280K) Eden: 2398720K(2398720K)->0K(2398720K) From: 160176K(189952K)->160416K(194560K)
[5145.827s][info][gc,heap        ] GC(1501) ParOldGen: 3192480K(3192832K)->3296888K(3297280K)
[5145.827s][info][gc,metaspace   ] GC(1501) Metaspace: 29104K(29376K)->29104K(29376K) NonClass: 25998K(26112K)->25998K(26112K) Class: 3106K(3264K)->3106K(3264K)
[5145.827s][info][gc             ] GC(1501) Pause Young (Allocation Failure) 5616M->3376M(5752M) 96.773ms
[5145.828s][info][gc,cpu         ] GC(1501) User=0.57s Sys=0.02s Real=0.10s
..[5147.815s][info][gc,start       ] GC(1502) Pause Young (Allocation Failure)
[5147.909s][info][gc,heap        ] GC(1502) PSYoungGen: 2559136K(2593280K)->155904K(2595328K) Eden: 2398720K(2398720K)->0K(2409472K) From: 160416K(194560K)->155904K(185856K)
[5147.909s][info][gc,heap        ] GC(1502) ParOldGen: 3296888K(3297280K)->3398984K(3399168K)
[5147.909s][info][gc,metaspace   ] GC(1502) Metaspace: 29104K(29376K)->29104K(29376K) NonClass: 25998K(26112K)->25998K(26112K) Class: 3106K(3264K)->3106K(3264K)
[5147.909s][info][gc             ] GC(1502) Pause Young (Allocation Failure) 5718M->3471M(5854M) 94.344ms
[5147.909s][info][gc,cpu         ] GC(1502) User=0.56s Sys=0.02s Real=0.09s
..[5149.788s][info][gc,start       ] GC(1503) Pause Young (Allocation Failure)
[5149.886s][info][gc,heap        ] GC(1503) PSYoungGen: 2565376K(2595328K)->160979K(2599424K) Eden: 2409472K(2409472K)->0K(2409472K) From: 155904K(185856K)->160979K(189952K)
[5149.886s][info][gc,heap        ] GC(1503) ParOldGen: 3398984K(3399168K)->3503888K(3504128K)
[5149.886s][info][gc,metaspace   ] GC(1503) Metaspace: 29104K(29376K)->29104K(29376K) NonClass: 25998K(26112K)->25998K(26112K) Class: 3106K(3264K)->3106K(3264K)
[5149.886s][info][gc             ] GC(1503) Pause Young (Allocation Failure) 5824M->3578M(5960M) 97.903ms
[5149.886s][info][gc,cpu         ] GC(1503) User=0.56s Sys=0.03s Real=0.10s
..[5151.832s][info][gc,start       ] GC(1504) Pause Young (Allocation Failure)
[5151.932s][info][gc,heap        ] GC(1504) PSYoungGen: 2570451K(2599424K)->166184K(2602496K) Eden: 2409472K(2409472K)->0K(2418688K) From: 160979K(189952K)->166184K(183808K)
[5151.932s][info][gc,heap        ] GC(1504) ParOldGen: 3503888K(3504128K)->3606856K(3607040K)
[5151.932s][info][gc,metaspace   ] GC(1504) Metaspace: 29104K(29376K)->29104K(29376K) NonClass: 25998K(26112K)->25998K(26112K) Class: 3106K(3264K)->3106K(3264K)
[5151.932s][info][gc             ] GC(1504) Pause Young (Allocation Failure) 5931M->3684M(6064M) 99.558ms
[5151.932s][info][gc,cpu         ] GC(1504) User=0.58s Sys=0.02s Real=0.10s
..[5153.916s][info][gc,start       ] GC(1505) Pause Young (Allocation Failure)
[5154.015s][info][gc,heap        ] GC(1505) PSYoungGen: 2584872K(2602496K)->165076K(2605056K) Eden: 2418688K(2418688K)->0K(2418688K) From: 166184K(183808K)->165076K(186368K)
[5154.015s][info][gc,heap        ] GC(1505) ParOldGen: 3606856K(3607040K)->3710568K(3710976K)
[5154.015s][info][gc,metaspace   ] GC(1505) Metaspace: 29104K(29376K)->29104K(29376K) NonClass: 25998K(26112K)->25998K(26112K) Class: 3106K(3264K)->3106K(3264K)
[5154.015s][info][gc             ] GC(1505) Pause Young (Allocation Failure) 6046M->3784M(6168M) 98.962ms
[5154.015s][info][gc,cpu         ] GC(1505) User=0.59s Sys=0.02s Real=0.10s
..[5155.912s][info][gc,start       ] GC(1506) Pause Young (Allocation Failure)
[5156.012s][info][gc,heap        ] GC(1506) PSYoungGen: 2583764K(2605056K)->164660K(2605568K) Eden: 2418688K(2418688K)->0K(2424320K) From: 165076K(186368K)->164660K(181248K)
[5156.012s][info][gc,heap        ] GC(1506) ParOldGen: 3710568K(3710976K)->3814856K(3814912K)
[5156.012s][info][gc,metaspace   ] GC(1506) Metaspace: 29104K(29376K)->29104K(29376K) NonClass: 25998K(26112K)->25998K(26112K) Class: 3106K(3264K)->3106K(3264K)
[5156.012s][info][gc             ] GC(1506) Pause Young (Allocation Failure) 6146M->3886M(6270M) 99.507ms
[5156.012s][info][gc,cpu         ] GC(1506) User=0.59s Sys=0.01s Real=0.10s
..[5157.899s][info][gc,start       ] GC(1507) Pause Young (Allocation Failure)
[5157.996s][info][gc,heap        ] GC(1507) PSYoungGen: 2588980K(2605568K)->153344K(2608128K) Eden: 2424320K(2424320K)->0K(2424320K) From: 164660K(181248K)->153344K(183808K)
[5157.996s][info][gc,heap        ] GC(1507) ParOldGen: 3814856K(3814912K)->3919688K(3919872K)
[5157.996s][info][gc,metaspace   ] GC(1507) Metaspace: 29104K(29376K)->29104K(29376K) NonClass: 25998K(26112K)->25998K(26112K) Class: 3106K(3264K)->3106K(3264K)
[5157.996s][info][gc             ] GC(1507) Pause Young (Allocation Failure) 6253M->3977M(6375M) 96.357ms
[5157.996s][info][gc,cpu         ] GC(1507) User=0.57s Sys=0.02s Real=0.10s
..[5159.962s][info][gc,start       ] GC(1508) Pause Young (Allocation Failure)
[5160.054s][info][gc,heap        ] GC(1508) PSYoungGen: 2577664K(2608128K)->147808K(2611712K) Eden: 2424320K(2424320K)->0K(2428928K) From: 153344K(183808K)->147808K(182784K)
[5160.054s][info][gc,heap        ] GC(1508) ParOldGen: 3919688K(3919872K)->4020544K(4020736K)
[5160.054s][info][gc,metaspace   ] GC(1508) Metaspace: 29104K(29376K)->29104K(29376K) NonClass: 25998K(26112K)->25998K(26112K) Class: 3106K(3264K)->3106K(3264K)
[5160.054s][info][gc             ] GC(1508) Pause Young (Allocation Failure) 6345M->4070M(6477M) 92.211ms
[5160.054s][info][gc,cpu         ] GC(1508) User=0.53s Sys=0.03s Real=0.09s
..[5161.960s][info][gc,start       ] GC(1509) Pause Young (Allocation Failure)
[5162.056s][info][gc,heap        ] GC(1509) PSYoungGen: 2576736K(2611712K)->152506K(2612224K) Eden: 2428928K(2428928K)->0K(2428928K) From: 147808K(182784K)->152506K(183296K)
[5162.056s][info][gc,heap        ] GC(1509) ParOldGen: 4020544K(4020736K)->4125768K(4126208K)
[5162.056s][info][gc,metaspace   ] GC(1509) Metaspace: 29104K(29376K)->29104K(29376K) NonClass: 25998K(26112K)->25998K(26112K) Class: 3106K(3264K)->3106K(3264K)
[5162.056s][info][gc             ] GC(1509) Pause Young (Allocation Failure) 6442M->4178M(6580M) 95.770ms
[5162.056s][info][gc,cpu         ] GC(1509) User=0.55s Sys=0.03s Real=0.10s
..[5164.039s][info][gc,start       ] GC(1510) Pause Young (Allocation Failure)
[5164.134s][info][gc,heap        ] GC(1510) PSYoungGen: 2581434K(2612224K)->153631K(2611200K) Eden: 2428928K(2428928K)->0K(2430464K) From: 152506K(183296K)->153631K(180736K)
[5164.134s][info][gc,heap        ] GC(1510) ParOldGen: 4125768K(4126208K)->4229072K(4229120K)
[5164.134s][info][gc,metaspace   ] GC(1510) Metaspace: 29104K(29376K)->29104K(29376K) NonClass: 25998K(26112K)->25998K(26112K) Class: 3106K(3264K)->3106K(3264K)
[5164.134s][info][gc             ] GC(1510) Pause Young (Allocation Failure) 6550M->4279M(6680M) 95.102ms
[5164.134s][info][gc,cpu         ] GC(1510) User=0.56s Sys=0.02s Real=0.10s
..[5166.109s][info][gc,start       ] GC(1511) Pause Young (Allocation Failure)
[5166.206s][info][gc,heap        ] GC(1511) PSYoungGen: 2584095K(2611200K)->147733K(2611712K) Eden: 2430464K(2430464K)->0K(2430464K) From: 153631K(180736K)->147733K(181248K)
[5166.206s][info][gc,heap        ] GC(1511) ParOldGen: 4229072K(4229120K)->4335896K(4336128K)
[5166.206s][info][gc,metaspace   ] GC(1511) Metaspace: 29104K(29376K)->29104K(29376K) NonClass: 25998K(26112K)->25998K(26112K) Class: 3106K(3264K)->3106K(3264K)
[5166.206s][info][gc             ] GC(1511) Pause Young (Allocation Failure) 6653M->4378M(6785M) 96.770ms
[5166.206s][info][gc,cpu         ] GC(1511) User=0.56s Sys=0.03s Real=0.10s
..[5168.202s][info][gc,start       ] GC(1512) Pause Young (Allocation Failure)
[5168.297s][info][gc,heap        ] GC(1512) PSYoungGen: 2578197K(2611712K)->153204K(2611712K) Eden: 2430464K(2430464K)->0K(2434048K) From: 147733K(181248K)->153204K(177664K)
[5168.297s][info][gc,heap        ] GC(1512) ParOldGen: 4335896K(4336128K)->4438176K(4438528K)
[5168.297s][info][gc,metaspace   ] GC(1512) Metaspace: 29104K(29376K)->29104K(29376K) NonClass: 25998K(26112K)->25998K(26112K) Class: 3106K(3264K)->3106K(3264K)
[5168.297s][info][gc             ] GC(1512) Pause Young (Allocation Failure) 6752M->4483M(6885M) 94.944ms
[5168.297s][info][gc,cpu         ] GC(1512) User=0.56s Sys=0.02s Real=0.09s
..[5170.285s][info][gc,start       ] GC(1513) Pause Young (Allocation Failure)
[5170.381s][info][gc,heap        ] GC(1513) PSYoungGen: 2587252K(2611712K)->155440K(2613248K) Eden: 2434048K(2434048K)->0K(2434048K) From: 153204K(177664K)->155440K(179200K)
[5170.381s][info][gc,heap        ] GC(1513) ParOldGen: 4438176K(4438528K)->4540896K(4540928K)
[5170.381s][info][gc,metaspace   ] GC(1513) Metaspace: 29104K(29376K)->29104K(29376K) NonClass: 25998K(26112K)->25998K(26112K) Class: 3106K(3264K)->3106K(3264K)
[5170.381s][info][gc             ] GC(1513) Pause Young (Allocation Failure) 6860M->4586M(6986M) 95.432ms
[5170.381s][info][gc,cpu         ] GC(1513) User=0.56s Sys=0.02s Real=0.09s
..[5172.333s][info][gc,start       ] GC(1514) Pause Young (Allocation Failure)
[5172.434s][info][gc,heap        ] GC(1514) PSYoungGen: 2589488K(2613248K)->164586K(2616320K) Eden: 2434048K(2434048K)->0K(2438656K) From: 155440K(179200K)->164586K(177664K)
[5172.434s][info][gc,heap        ] GC(1514) ParOldGen: 4540896K(4540928K)->4645168K(4645376K)
[5172.434s][info][gc,metaspace   ] GC(1514) Metaspace: 29104K(29376K)->29104K(29376K) NonClass: 25998K(26112K)->25998K(26112K) Class: 3106K(3264K)->3106K(3264K)
[5172.434s][info][gc             ] GC(1514) Pause Young (Allocation Failure) 6963M->4697M(7091M) 101.435ms
[5172.434s][info][gc,cpu         ] GC(1514) User=0.60s Sys=0.03s Real=0.10s
..[5174.442s][info][gc,start       ] GC(1515) Pause Young (Allocation Failure)
[5174.537s][info][gc,heap        ] GC(1515) PSYoungGen: 2603242K(2616320K)->158336K(2616832K) Eden: 2438656K(2438656K)->0K(2438656K) From: 164586K(177664K)->158336K(178176K)
[5174.537s][info][gc,heap        ] GC(1515) ParOldGen: 4645168K(4645376K)->4746712K(4746752K)
[5174.537s][info][gc,metaspace   ] GC(1515) Metaspace: 29104K(29376K)->29104K(29376K) NonClass: 25998K(26112K)->25998K(26112K) Class: 3106K(3264K)->3106K(3264K)
[5174.537s][info][gc             ] GC(1515) Pause Young (Allocation Failure) 7078M->4790M(7191M) 95.387ms
[5174.537s][info][gc,cpu         ] GC(1515) User=0.55s Sys=0.02s Real=0.09s
..[5176.410s][info][gc,start       ] GC(1516) Pause Young (Allocation Failure)
[5176.507s][info][gc,heap        ] GC(1516) PSYoungGen: 2596992K(2616832K)->148672K(2617344K) Eden: 2438656K(2438656K)->0K(2440704K) From: 158336K(178176K)->148672K(176640K)
[5176.507s][info][gc,heap        ] GC(1516) ParOldGen: 4746712K(4746752K)->4855368K(4855808K)
[5176.507s][info][gc,metaspace   ] GC(1516) Metaspace: 29104K(29376K)->29104K(29376K) NonClass: 25998K(26112K)->25998K(26112K) Class: 3106K(3264K)->3106K(3264K)
[5176.507s][info][gc             ] GC(1516) Pause Young (Allocation Failure) 7171M->4886M(7298M) 97.001ms
[5176.507s][info][gc,cpu         ] GC(1516) User=0.58s Sys=0.02s Real=0.10s
. (rIR:aIR:PR = 8302:8277:8276) (tPR = 123883) [OK] 
  5176s: Performance info:
         Transaction,    Success,    Partial,     Failed,   Receipts, AvgBarcode, 
             Overall,     499418,          0,          0,     474485,      59.48, 
         Response times:
             Request,    Success,    Partial,     Failed,   SkipFail,     Probes,    Samples,      min,      p50,      p90,      p95,      p99,      max, 
       TotalPurchase,     474553,          0,          0,          0,     361094,     500935,      300,     6000,    30000,    64000,   128000,  1100000,
     InStorePurchase,     248360,          0,          0,          0,     190223,     263470,      300,     6100,    30000,    65000,   110000,  1100000,
      OnlinePurchase,     176310,          0,          0,          0,     133043,     184050,      300,     5900,    30000,    64000,   128000,  1100000,
        InstPurchase,      49883,          0,          0,          0,      37828,      53415,      400,     5300,    28000,    60000,   128000,  1100000,
          AssocOfCat,        500,          0,          0,          0,        413,        715,    24000,    39000,    66000,    99400,   356000,   990000,
      AssocOfProduct,       4977,          0,          0,          0,       3527,       5118,      500,     5500,    23000,    49000,   107000,   185000,
      BusinessReport,       1254,          0,          0,          0,       1119,       1717,    28000,    47000,    77000,   126000,   211000,   990000,
          CustBuyBeh,       4990,          0,          0,          0,       3521,       5125,      800,     5100,    29000,    50000,   100000,   166000,
       ProductReturn,      13225,          0,          0,          0,       9307,      13126,      500,     5700,    31000,    55000,   112000,   187000,

  5176s: (61%)   IR =   8441 .[5178.427s][info][gc,start       ] GC(1517) Pause Young (Allocation Failure)
[5178.529s][info][gc,heap        ] GC(1517) PSYoungGen: 2589376K(2617344K)->158242K(2616832K) Eden: 2440704K(2440704K)->0K(2440704K) From: 148672K(176640K)->158242K(176128K)
[5178.529s][info][gc,heap        ] GC(1517) ParOldGen: 4855368K(4855808K)->4958768K(4959232K)
[5178.529s][info][gc,metaspace   ] GC(1517) Metaspace: 29104K(29376K)->29104K(29376K) NonClass: 25998K(26112K)->25998K(26112K) Class: 3106K(3264K)->3106K(3264K)
[5178.529s][info][gc             ] GC(1517) Pause Young (Allocation Failure) 7270M->4997M(7398M) 101.393ms
[5178.529s][info][gc,cpu         ] GC(1517) User=0.57s Sys=0.02s Real=0.10s
..[5180.485s][info][gc,start       ] GC(1518) Pause Young (Allocation Failure)
[5180.587s][info][gc,heap        ] GC(1518) PSYoungGen: 2598946K(2616832K)->158836K(2618880K) Eden: 2440704K(2440704K)->0K(2444288K) From: 158242K(176128K)->158836K(174592K)
[5180.587s][info][gc,heap        ] GC(1518) ParOldGen: 4958768K(4959232K)->5059808K(5060096K)
[5180.587s][info][gc,metaspace   ] GC(1518) Metaspace: 29104K(29376K)->29104K(29376K) NonClass: 25998K(26112K)->25998K(26112K) Class: 3106K(3264K)->3106K(3264K)
[5180.587s][info][gc             ] GC(1518) Pause Young (Allocation Failure) 7380M->5096M(7499M) 101.901ms
[5180.587s][info][gc,cpu         ] GC(1518) User=0.57s Sys=0.03s Real=0.10s
..[5182.507s][info][gc,start       ] GC(1519) Pause Young (Allocation Failure)
[5182.605s][info][gc,heap        ] GC(1519) PSYoungGen: 2603124K(2618880K)->149440K(2617856K) Eden: 2444288K(2444288K)->0K(2444288K) From: 158836K(174592K)->149440K(173568K)
[5182.605s][info][gc,heap        ] GC(1519) ParOldGen: 5059808K(5060096K)->5167064K(5167104K)
[5182.605s][info][gc,metaspace   ] GC(1519) Metaspace: 29104K(29376K)->29104K(29376K) NonClass: 25998K(26112K)->25998K(26112K) Class: 3106K(3264K)->3106K(3264K)
[5182.605s][info][gc             ] GC(1519) Pause Young (Allocation Failure) 7483M->5191M(7602M) 97.809ms
[5182.605s][info][gc,cpu         ] GC(1519) User=0.54s Sys=0.03s Real=0.10s
..[5184.560s][info][gc,start       ] GC(1520) Pause Young (Allocation Failure)
[5184.662s][info][gc,heap        ] GC(1520) PSYoungGen: 2593728K(2617856K)->159124K(2621440K) Eden: 2444288K(2444288K)->0K(2448896K) From: 149440K(173568K)->159124K(172544K)
[5184.662s][info][gc,heap        ] GC(1520) ParOldGen: 5167064K(5167104K)->5270568K(5271040K)
[5184.662s][info][gc,metaspace   ] GC(1520) Metaspace: 29104K(29376K)->29104K(29376K) NonClass: 25998K(26112K)->25998K(26112K) Class: 3106K(3264K)->3106K(3264K)
[5184.662s][info][gc             ] GC(1520) Pause Young (Allocation Failure) 7578M->5302M(7707M) 102.448ms
[5184.663s][info][gc,cpu         ] GC(1520) User=0.57s Sys=0.04s Real=0.11s
..[5186.646s][info][gc,start       ] GC(1521) Pause Young (Allocation Failure)
[5186.757s][info][gc,heap        ] GC(1521) PSYoungGen: 2608020K(2621440K)->172522K(2621440K) Eden: 2448896K(2448896K)->0K(2448896K) From: 159124K(172544K)->172522K(172544K)
[5186.757s][info][gc,heap        ] GC(1521) ParOldGen: 5270568K(5271040K)->5376432K(5376512K)
[5186.757s][info][gc,metaspace   ] GC(1521) Metaspace: 29104K(29376K)->29104K(29376K) NonClass: 25998K(26112K)->25998K(26112K) Class: 3106K(3264K)->3106K(3264K)
[5186.757s][info][gc             ] GC(1521) Pause Young (Allocation Failure) 7693M->5418M(7810M) 110.889ms
[5186.757s][info][gc,cpu         ] GC(1521) User=0.60s Sys=0.05s Real=0.11s
..[5188.587s][info][gc,start       ] GC(1522) Pause Young (Allocation Failure)
[5188.694s][info][gc,heap        ] GC(1522) PSYoungGen: 2621418K(2621440K)->163183K(2545664K) Eden: 2448896K(2448896K)->0K(2371072K) From: 172522K(172544K)->163183K(174592K)
[5188.694s][info][gc,heap        ] GC(1522) ParOldGen: 5376432K(5376512K)->5483936K(5484032K)
[5188.694s][info][gc,metaspace   ] GC(1522) Metaspace: 29104K(29376K)->29104K(29376K) NonClass: 25998K(26112K)->25998K(26112K) Class: 3106K(3264K)->3106K(3264K)
[5188.694s][info][gc             ] GC(1522) Pause Young (Allocation Failure) 7810M->5514M(7841M) 106.925ms
[5188.694s][info][gc,cpu         ] GC(1522) User=0.59s Sys=0.03s Real=0.11s
..|[5190.566s][info][gc,start       ] GC(1523) Pause Full (Allocation Failure)
[5190.566s][info][gc,phases,start] GC(1523) Marking Phase
[5190.881s][info][gc,phases      ] GC(1523) Marking Phase 315.288ms
[5190.881s][info][gc,phases,start] GC(1523) Summary Phase
[5190.881s][info][gc,phases      ] GC(1523) Summary Phase 0.101ms
[5190.881s][info][gc,phases,start] GC(1523) Forward
[5191.018s][info][gc,phases      ] GC(1523) Forward 136.451ms
[5191.018s][info][gc,phases,start] GC(1523) Adjust Pointers
[5191.234s][info][gc,phases      ] GC(1523) Adjust Pointers 215.737ms
[5191.234s][info][gc,phases,start] GC(1523) Compaction Phase
[5191.385s][info][gc,phases      ] GC(1523) Compaction Phase 150.756ms
[5191.386s][info][gc,phases,start] GC(1523) Post Compact
[5191.393s][info][gc,phases      ] GC(1523) Post Compact 6.896ms
[5191.509s][info][gc,heap        ] GC(1523) PSYoungGen: 2534255K(2545664K)->0K(2583552K) Eden: 2371072K(2371072K)->0K(2371072K) From: 163183K(174592K)->0K(212480K)
[5191.509s][info][gc,heap        ] GC(1523) ParOldGen: 5483936K(5484032K)->1632475K(1982464K)
[5191.509s][info][gc,metaspace   ] GC(1523) Metaspace: 29104K(29376K)->29104K(29376K) NonClass: 25998K(26112K)->25998K(26112K) Class: 3106K(3264K)->3106K(3264K)
[5191.509s][info][gc             ] GC(1523) Pause Full (Allocation Failure) 7830M->1594M(4459M) 942.948ms
[5191.509s][info][gc,cpu         ] GC(1523) User=4.41s Sys=0.12s Real=0.94s
..[5192.871s][info][gc,start       ] GC(1524) Pause Young (Allocation Failure)
[5192.941s][info][gc,heap        ] GC(1524) PSYoungGen: 2371072K(2583552K)->164740K(2575360K) Eden: 2371072K(2371072K)->0K(2371072K) From: 0K(212480K)->164740K(204288K)
[5192.941s][info][gc,heap        ] GC(1524) ParOldGen: 1632475K(1982464K)->1632475K(1982464K)
[5192.941s][info][gc,metaspace   ] GC(1524) Metaspace: 29104K(29376K)->29104K(29376K) NonClass: 25998K(26112K)->25998K(26112K) Class: 3106K(3264K)->3106K(3264K)
[5192.941s][info][gc             ] GC(1524) Pause Young (Allocation Failure) 3909M->1755M(4451M) 70.004ms
[5192.941s][info][gc,cpu         ] GC(1524) User=0.41s Sys=0.00s Real=0.07s
.[5194.565s][info][gc,start       ] GC(1525) Pause Young (Allocation Failure)
[5194.657s][info][gc,heap        ] GC(1525) PSYoungGen: 2535812K(2575360K)->153888K(2579456K) Eden: 2371072K(2371072K)->0K(2371072K) From: 164740K(204288K)->153888K(208384K)
[5194.657s][info][gc,heap        ] GC(1525) ParOldGen: 1632475K(1982464K)->1736424K(1982464K)
[5194.657s][info][gc,metaspace   ] GC(1525) Metaspace: 29104K(29376K)->29104K(29376K) NonClass: 25998K(26112K)->25998K(26112K) Class: 3106K(3264K)->3106K(3264K)
[5194.657s][info][gc             ] GC(1525) Pause Young (Allocation Failure) 4070M->1846M(4455M) 92.024ms
[5194.657s][info][gc,cpu         ] GC(1525) User=0.55s Sys=0.00s Real=0.09s
..[5196.432s][info][gc,start       ] GC(1526) Pause Young (Allocation Failure)
[5196.524s][info][gc,heap        ] GC(1526) PSYoungGen: 2524960K(2579456K)->152032K(2583040K) Eden: 2371072K(2371072K)->0K(2380800K) From: 153888K(208384K)->152032K(202240K)
[5196.524s][info][gc,heap        ] GC(1526) ParOldGen: 1736424K(1982464K)->1839472K(1982464K)
[5196.524s][info][gc,metaspace   ] GC(1526) Metaspace: 29104K(29376K)->29104K(29376K) NonClass: 25998K(26112K)->25998K(26112K) Class: 3106K(3264K)->3106K(3264K)
[5196.524s][info][gc             ] GC(1526) Pause Young (Allocation Failure) 4161M->1944M(4458M) 91.787ms
[5196.524s][info][gc,cpu         ] GC(1526) User=0.54s Sys=0.00s Real=0.09s
..[5198.481s][info][gc,start       ] GC(1527) Pause Young (Allocation Failure)
[5198.573s][info][gc,heap        ] GC(1527) PSYoungGen: 2532832K(2583040K)->154816K(2586112K) Eden: 2380800K(2380800K)->0K(2380800K) From: 152032K(202240K)->154816K(205312K)
[5198.573s][info][gc,heap        ] GC(1527) ParOldGen: 1839472K(1982464K)->1943192K(1982464K)
[5198.573s][info][gc,metaspace   ] GC(1527) Metaspace: 29104K(29376K)->29104K(29376K) NonClass: 25998K(26112K)->25998K(26112K) Class: 3106K(3264K)->3106K(3264K)
[5198.573s][info][gc             ] GC(1527) Pause Young (Allocation Failure) 4269M->2048M(4461M) 91.954ms
[5198.573s][info][gc,cpu         ] GC(1527) User=0.55s Sys=0.00s Real=0.10s
..[5200.416s][info][gc,start       ] GC(1528) Pause Young (Allocation Failure)
[5200.512s][info][gc,heap        ] GC(1528) PSYoungGen: 2535616K(2586112K)->155396K(2584576K) Eden: 2380800K(2380800K)->0K(2387456K) From: 154816K(205312K)->155396K(197120K)
[5200.512s][info][gc,heap        ] GC(1528) ParOldGen: 1943192K(1982464K)->2049200K(2049536K)
[5200.512s][info][gc,metaspace   ] GC(1528) Metaspace: 29104K(29376K)->29104K(29376K) NonClass: 25998K(26112K)->25998K(26112K) Class: 3106K(3264K)->3106K(3264K)
[5200.512s][info][gc             ] GC(1528) Pause Young (Allocation Failure) 4373M->2152M(4525M) 95.849ms
[5200.512s][info][gc,cpu         ] GC(1528) User=0.56s Sys=0.02s Real=0.09s
..[5202.389s][info][gc,start       ] GC(1529) Pause Young (Allocation Failure)
[5202.485s][info][gc,heap        ] GC(1529) PSYoungGen: 2542852K(2584576K)->154320K(2588160K) Eden: 2387456K(2387456K)->0K(2387456K) From: 155396K(197120K)->154320K(200704K)
[5202.485s][info][gc,heap        ] GC(1529) ParOldGen: 2049200K(2049536K)->2149048K(2149376K)
[5202.485s][info][gc,metaspace   ] GC(1529) Metaspace: 29104K(29376K)->29104K(29376K) NonClass: 25998K(26112K)->25998K(26112K) Class: 3106K(3264K)->3106K(3264K)
[5202.485s][info][gc             ] GC(1529) Pause Young (Allocation Failure) 4484M->2249M(4626M) 95.520ms
[5202.485s][info][gc,cpu         ] GC(1529) User=0.53s Sys=0.04s Real=0.10s
..[5204.359s][info][gc,start       ] GC(1530) Pause Young (Allocation Failure)
[5204.454s][info][gc,heap        ] GC(1530) PSYoungGen: 2541776K(2588160K)->151459K(2589696K) Eden: 2387456K(2387456K)->0K(2396672K) From: 154320K(200704K)->151459K(193024K)
[5204.454s][info][gc,heap        ] GC(1530) ParOldGen: 2149048K(2149376K)->2249992K(2250240K)
[5204.454s][info][gc,metaspace   ] GC(1530) Metaspace: 29104K(29376K)->29104K(29376K) NonClass: 25998K(26112K)->25998K(26112K) Class: 3106K(3264K)->3106K(3264K)
[5204.454s][info][gc             ] GC(1530) Pause Young (Allocation Failure) 4580M->2345M(4726M) 94.742ms
[5204.454s][info][gc,cpu         ] GC(1530) User=0.55s Sys=0.03s Real=0.10s
..[5206.415s][info][gc,start       ] GC(1531) Pause Young (Allocation Failure)
[5206.512s][info][gc,heap        ] GC(1531) PSYoungGen: 2548131K(2589696K)->159584K(2593280K) Eden: 2396672K(2396672K)->0K(2396672K) From: 151459K(193024K)->159584K(196608K)
[5206.512s][info][gc,heap        ] GC(1531) ParOldGen: 2249992K(2250240K)->2353504K(2353664K)
[5206.512s][info][gc,metaspace   ] GC(1531) Metaspace: 29104K(29376K)->29104K(29376K) NonClass: 25998K(26112K)->25998K(26112K) Class: 3106K(3264K)->3106K(3264K)
[5206.512s][info][gc             ] GC(1531) Pause Young (Allocation Failure) 4685M->2454M(4831M) 96.485ms
[5206.512s][info][gc,cpu         ] GC(1531) User=0.55s Sys=0.03s Real=0.09s
..[5208.417s][info][gc,start       ] GC(1532) Pause Young (Allocation Failure)
[5208.511s][info][gc,heap        ] GC(1532) PSYoungGen: 2556256K(2593280K)->154736K(2594816K) Eden: 2396672K(2396672K)->0K(2405888K) From: 159584K(196608K)->154736K(188928K)
[5208.512s][info][gc,heap        ] GC(1532) ParOldGen: 2353504K(2353664K)->2457296K(2457600K)
[5208.512s][info][gc,metaspace   ] GC(1532) Metaspace: 29104K(29376K)->29104K(29376K) NonClass: 25998K(26112K)->25998K(26112K) Class: 3106K(3264K)->3106K(3264K)
[5208.512s][info][gc             ] GC(1532) Pause Young (Allocation Failure) 4794M->2550M(4934M) 94.925ms
[5208.512s][info][gc,cpu         ] GC(1532) User=0.55s Sys=0.02s Real=0.09s
..[5210.432s][info][gc,start       ] GC(1533) Pause Young (Allocation Failure)
[5210.524s][info][gc,heap        ] GC(1533) PSYoungGen: 2560624K(2594816K)->149600K(2597376K) Eden: 2405888K(2405888K)->0K(2405888K) From: 154736K(188928K)->149600K(191488K)
[5210.524s][info][gc,heap        ] GC(1533) ParOldGen: 2457296K(2457600K)->2559832K(2560000K)
[5210.524s][info][gc,metaspace   ] GC(1533) Metaspace: 29104K(29376K)->29104K(29376K) NonClass: 25998K(26112K)->25998K(26112K) Class: 3106K(3264K)->3106K(3264K)
[5210.524s][info][gc             ] GC(1533) Pause Young (Allocation Failure) 4900M->2645M(5036M) 92.203ms
[5210.524s][info][gc,cpu         ] GC(1533) User=0.53s Sys=0.02s Real=0.09s
..[5212.374s][info][gc,start       ] GC(1534) Pause Young (Allocation Failure)
[5212.468s][info][gc,heap        ] GC(1534) PSYoungGen: 2555488K(2597376K)->152800K(2599424K) Eden: 2405888K(2405888K)->0K(2414080K) From: 149600K(191488K)->152800K(185344K)
[5212.468s][info][gc,heap        ] GC(1534) ParOldGen: 2559832K(2560000K)->2661904K(2662400K)
[5212.468s][info][gc,metaspace   ] GC(1534) Metaspace: 29104K(29376K)->29104K(29376K) NonClass: 25998K(26112K)->25998K(26112K) Class: 3106K(3264K)->3106K(3264K)
[5212.468s][info][gc             ] GC(1534) Pause Young (Allocation Failure) 4995M->2748M(5138M) 93.638ms
[5212.468s][info][gc,cpu         ] GC(1534) User=0.53s Sys=0.04s Real=0.09s
..[5214.323s][info][gc,start       ] GC(1535) Pause Young (Allocation Failure)
[5214.421s][info][gc,heap        ] GC(1535) PSYoungGen: 2566880K(2599424K)->160933K(2602496K) Eden: 2414080K(2414080K)->0K(2414080K) From: 152800K(185344K)->160933K(188416K)
[5214.421s][info][gc,heap        ] GC(1535) ParOldGen: 2661904K(2662400K)->2767800K(2767872K)
[5214.421s][info][gc,metaspace   ] GC(1535) Metaspace: 29104K(29376K)->29104K(29376K) NonClass: 25998K(26112K)->25998K(26112K) Class: 3106K(3264K)->3106K(3264K)
[5214.421s][info][gc             ] GC(1535) Pause Young (Allocation Failure) 5106M->2860M(5244M) 98.834ms
[5214.421s][info][gc,cpu         ] GC(1535) User=0.57s Sys=0.03s Real=0.09s
..[5216.394s][info][gc,start       ] GC(1536) Pause Young (Allocation Failure)
[5216.496s][info][gc,heap        ] GC(1536) PSYoungGen: 2575013K(2602496K)->163541K(2604544K) Eden: 2414080K(2414080K)->0K(2421248K) From: 160933K(188416K)->163541K(183296K)
[5216.496s][info][gc,heap        ] GC(1536) ParOldGen: 2767800K(2767872K)->2874432K(2874880K)
[5216.496s][info][gc,metaspace   ] GC(1536) Metaspace: 29104K(29376K)->29104K(29376K) NonClass: 25998K(26112K)->25998K(26112K) Class: 3106K(3264K)->3106K(3264K)
[5216.496s][info][gc             ] GC(1536) Pause Young (Allocation Failure) 5217M->2966M(5351M) 101.372ms
[5216.496s][info][gc,cpu         ] GC(1536) User=0.58s Sys=0.03s Real=0.10s
..[5218.417s][info][gc,start       ] GC(1537) Pause Young (Allocation Failure)
[5218.513s][info][gc,heap        ] GC(1537) PSYoungGen: 2584789K(2604544K)->155200K(2606592K) Eden: 2421248K(2421248K)->0K(2421248K) From: 163541K(183296K)->155200K(185344K)
[5218.513s][info][gc,heap        ] GC(1537) ParOldGen: 2874432K(2874880K)->2976080K(2976256K)
[5218.513s][info][gc,metaspace   ] GC(1537) Metaspace: 29104K(29376K)->29104K(29376K) NonClass: 25998K(26112K)->25998K(26112K) Class: 3106K(3264K)->3106K(3264K)
[5218.513s][info][gc             ] GC(1537) Pause Young (Allocation Failure) 5331M->3057M(5452M) 95.786ms
[5218.513s][info][gc,cpu         ] GC(1537) User=0.54s Sys=0.03s Real=0.10s
..[5220.418s][info][gc,start       ] GC(1538) Pause Young (Allocation Failure)
[5220.516s][info][gc,heap        ] GC(1538) PSYoungGen: 2576448K(2606592K)->161947K(2608640K) Eden: 2421248K(2421248K)->0K(2427392K) From: 155200K(185344K)->161947K(181248K)
[5220.516s][info][gc,heap        ] GC(1538) ParOldGen: 2976080K(2976256K)->3079872K(3080192K)
[5220.516s][info][gc,metaspace   ] GC(1538) Metaspace: 29104K(29376K)->29104K(29376K) NonClass: 25998K(26112K)->25998K(26112K) Class: 3106K(3264K)->3106K(3264K)
[5220.516s][info][gc             ] GC(1538) Pause Young (Allocation Failure) 5422M->3165M(5555M) 98.006ms
[5220.516s][info][gc,cpu         ] GC(1538) User=0.56s Sys=0.03s Real=0.10s
..[5222.436s][info][gc,start       ] GC(1539) Pause Young (Allocation Failure)
[5222.530s][info][gc,heap        ] GC(1539) PSYoungGen: 2589339K(2608640K)->145632K(2609664K) Eden: 2427392K(2427392K)->0K(2427392K) From: 161947K(181248K)->145632K(182272K)
[5222.530s][info][gc,heap        ] GC(1539) ParOldGen: 3079872K(3080192K)->3186392K(3186688K)
[5222.530s][info][gc,metaspace   ] GC(1539) Metaspace: 29104K(29376K)->29104K(29376K) NonClass: 25998K(26112K)->25998K(26112K) Class: 3106K(3264K)->3106K(3264K)
[5222.530s][info][gc             ] GC(1539) Pause Young (Allocation Failure) 5536M->3253M(5660M) 94.089ms
[5222.530s][info][gc,cpu         ] GC(1539) User=0.51s Sys=0.04s Real=0.09s
..[5224.407s][info][gc,start       ] GC(1540) Pause Young (Allocation Failure)
[5224.499s][info][gc,heap        ] GC(1540) PSYoungGen: 2573024K(2609664K)->153280K(2610688K) Eden: 2427392K(2427392K)->0K(2431488K) From: 145632K(182272K)->153280K(179200K)
[5224.499s][info][gc,heap        ] GC(1540) ParOldGen: 3186392K(3186688K)->3284776K(3284992K)
[5224.499s][info][gc,metaspace   ] GC(1540) Metaspace: 29104K(29376K)->29104K(29376K) NonClass: 25998K(26112K)->25998K(26112K) Class: 3106K(3264K)->3106K(3264K)
[5224.499s][info][gc             ] GC(1540) Pause Young (Allocation Failure) 5624M->3357M(5757M) 92.913ms
[5224.500s][info][gc,cpu         ] GC(1540) User=0.52s Sys=0.03s Real=0.09s
..[5226.467s][info][gc,start       ] GC(1541) Pause Young (Allocation Failure)
[5226.565s][info][gc,heap        ] GC(1541) PSYoungGen: 2584768K(2610688K)->154176K(2612224K) Eden: 2431488K(2431488K)->0K(2431488K) From: 153280K(179200K)->154176K(180736K)
[5226.565s][info][gc,heap        ] GC(1541) ParOldGen: 3284776K(3284992K)->3390240K(3390464K)
[5226.565s][info][gc,metaspace   ] GC(1541) Metaspace: 29104K(29376K)->29104K(29376K) NonClass: 25998K(26112K)->25998K(26112K) Class: 3106K(3264K)->3106K(3264K)
[5226.565s][info][gc             ] GC(1541) Pause Young (Allocation Failure) 5731M->3461M(5862M) 98.140ms
[5226.565s][info][gc,cpu         ] GC(1541) User=0.56s Sys=0.03s Real=0.10s
..[5228.414s][info][gc,start       ] GC(1542) Pause Young (Allocation Failure)
[5228.510s][info][gc,heap        ] GC(1542) PSYoungGen: 2585664K(2612224K)->151552K(2613760K) Eden: 2431488K(2431488K)->0K(2436608K) From: 154176K(180736K)->151552K(177152K)
[5228.510s][info][gc,heap        ] GC(1542) ParOldGen: 3390240K(3390464K)->3494424K(3494912K)
[5228.510s][info][gc,metaspace   ] GC(1542) Metaspace: 29104K(29376K)->29104K(29376K) NonClass: 25998K(26112K)->25998K(26112K) Class: 3106K(3264K)->3106K(3264K)
[5228.510s][info][gc             ] GC(1542) Pause Young (Allocation Failure) 5835M->3560M(5965M) 96.427ms
[5228.510s][info][gc,cpu         ] GC(1542) User=0.54s Sys=0.04s Real=0.09s
..[5230.461s][info][gc,start       ] GC(1543) Pause Young (Allocation Failure)
[5230.561s][info][gc,heap        ] GC(1543) PSYoungGen: 2588160K(2613760K)->161301K(2614272K) Eden: 2436608K(2436608K)->0K(2436608K) From: 151552K(177152K)->161301K(177664K)
[5230.561s][info][gc,heap        ] GC(1543) ParOldGen: 3494424K(3494912K)->3597528K(3597824K)
[5230.561s][info][gc,metaspace   ] GC(1543) Metaspace: 29104K(29376K)->29104K(29376K) NonClass: 25998K(26112K)->25998K(26112K) Class: 3106K(3264K)->3106K(3264K)
[5230.561s][info][gc             ] GC(1543) Pause Young (Allocation Failure) 5940M->3670M(6066M) 99.909ms
[5230.561s][info][gc,cpu         ] GC(1543) User=0.57s Sys=0.03s Real=0.10s
..[5232.417s][info][gc,start       ] GC(1544) Pause Young (Allocation Failure)
[5232.516s][info][gc,heap        ] GC(1544) PSYoungGen: 2597909K(2614272K)->155616K(2615296K) Eden: 2436608K(2436608K)->0K(2441216K) From: 161301K(177664K)->155616K(174080K)
[5232.516s][info][gc,heap        ] GC(1544) ParOldGen: 3597528K(3597824K)->3704152K(3704320K)
[5232.516s][info][gc,metaspace   ] GC(1544) Metaspace: 29104K(29376K)->29104K(29376K) NonClass: 25998K(26112K)->25998K(26112K) Class: 3106K(3264K)->3106K(3264K)
[5232.516s][info][gc             ] GC(1544) Pause Young (Allocation Failure) 6050M->3769M(6171M) 98.777ms
[5232.516s][info][gc,cpu         ] GC(1544) User=0.56s Sys=0.03s Real=0.10s
..[5234.425s][info][gc,start       ] GC(1545) Pause Young (Allocation Failure)
[5234.523s][info][gc,heap        ] GC(1545) PSYoungGen: 2596832K(2615296K)->161300K(2616832K) Eden: 2441216K(2441216K)->0K(2441216K) From: 155616K(174080K)->161300K(175616K)
[5234.523s][info][gc,heap        ] GC(1545) ParOldGen: 3704152K(3704320K)->3805632K(3805696K)
[5234.523s][info][gc,metaspace   ] GC(1545) Metaspace: 29104K(29376K)->29104K(29376K) NonClass: 25998K(26112K)->25998K(26112K) Class: 3106K(3264K)->3106K(3264K)
[5234.523s][info][gc             ] GC(1545) Pause Young (Allocation Failure) 6153M->3873M(6272M) 97.788ms
[5234.523s][info][gc,cpu         ] GC(1545) User=0.56s Sys=0.04s Real=0.10s
..[5236.438s][info][gc,start       ] GC(1546) Pause Young (Allocation Failure)
[5236.536s][info][gc,heap        ] GC(1546) PSYoungGen: 2602516K(2616832K)->155312K(2617856K) Eden: 2441216K(2441216K)->0K(2445312K) From: 161300K(175616K)->155312K(172544K)
[5236.536s][info][gc,heap        ] GC(1546) ParOldGen: 3805632K(3805696K)->3911760K(3912192K)
[5236.536s][info][gc,metaspace   ] GC(1546) Metaspace: 29104K(29376K)->29104K(29376K) NonClass: 25998K(26112K)->25998K(26112K) Class: 3106K(3264K)->3106K(3264K)
[5236.536s][info][gc             ] GC(1546) Pause Young (Allocation Failure) 6257M->3971M(6377M) 98.010ms
[5236.536s][info][gc,cpu         ] GC(1546) User=0.54s Sys=0.04s Real=0.10s
..[5238.542s][info][gc,start       ] GC(1547) Pause Young (Allocation Failure)
[5238.638s][info][gc,heap        ] GC(1547) PSYoungGen: 2600624K(2617856K)->157520K(2619392K) Eden: 2445312K(2445312K)->0K(2445312K) From: 155312K(172544K)->157520K(174080K)
[5238.638s][info][gc,heap        ] GC(1547) ParOldGen: 3911760K(3912192K)->4014584K(4014592K)
[5238.638s][info][gc,metaspace   ] GC(1547) Metaspace: 29104K(29376K)->29104K(29376K) NonClass: 25998K(26112K)->25998K(26112K) Class: 3106K(3264K)->3106K(3264K)
[5238.638s][info][gc             ] GC(1547) Pause Young (Allocation Failure) 6359M->4074M(6478M) 95.830ms
[5238.638s][info][gc,cpu         ] GC(1547) User=0.55s Sys=0.02s Real=0.09s
..[5240.638s][info][gc,start       ] GC(1548) Pause Young (Allocation Failure)
[5240.735s][info][gc,heap        ] GC(1548) PSYoungGen: 2602832K(2619392K)->157600K(2618880K) Eden: 2445312K(2445312K)->0K(2449408K) From: 157520K(174080K)->157600K(169472K)
[5240.735s][info][gc,heap        ] GC(1548) ParOldGen: 4014584K(4014592K)->4117088K(4117504K)
[5240.735s][info][gc,metaspace   ] GC(1548) Metaspace: 29104K(29376K)->29104K(29376K) NonClass: 25998K(26112K)->25998K(26112K) Class: 3106K(3264K)->3106K(3264K)
[5240.735s][info][gc             ] GC(1548) Pause Young (Allocation Failure) 6462M->4174M(6578M) 96.803ms
[5240.735s][info][gc,cpu         ] GC(1548) User=0.55s Sys=0.03s Real=0.10s
..[5242.650s][info][gc,start       ] GC(1549) Pause Young (Allocation Failure)
[5242.749s][info][gc,heap        ] GC(1549) PSYoungGen: 2607008K(2618880K)->155888K(2620416K) Eden: 2449408K(2449408K)->0K(2449408K) From: 157600K(169472K)->155888K(171008K)
[5242.749s][info][gc,heap        ] GC(1549) ParOldGen: 4117088K(4117504K)->4224856K(4225024K)
[5242.749s][info][gc,metaspace   ] GC(1549) Metaspace: 29104K(29376K)->29104K(29376K) NonClass: 25998K(26112K)->25998K(26112K) Class: 3106K(3264K)->3106K(3264K)
[5242.749s][info][gc             ] GC(1549) Pause Young (Allocation Failure) 6566M->4278M(6685M) 98.919ms
[5242.749s][info][gc,cpu         ] GC(1549) User=0.58s Sys=0.03s Real=0.10s
..[5244.732s][info][gc,start       ] GC(1550) Pause Young (Allocation Failure)
[5244.832s][info][gc,heap        ] GC(1550) PSYoungGen: 2605296K(2620416K)->163904K(2624000K) Eden: 2449408K(2449408K)->0K(2454016K) From: 155888K(171008K)->163904K(169984K)
[5244.832s][info][gc,heap        ] GC(1550) ParOldGen: 4224856K(4225024K)->4325792K(4325888K)
[5244.832s][info][gc,metaspace   ] GC(1550) Metaspace: 29104K(29376K)->29104K(29376K) NonClass: 25998K(26112K)->25998K(26112K) Class: 3106K(3264K)->3106K(3264K)
[5244.832s][info][gc             ] GC(1550) Pause Young (Allocation Failure) 6670M->4384M(6787M) 99.775ms
[5244.832s][info][gc,cpu         ] GC(1550) User=0.57s Sys=0.04s Real=0.10s
..[5246.720s][info][gc,start       ] GC(1551) Pause Young (Allocation Failure)
[5246.827s][info][gc,heap        ] GC(1551) PSYoungGen: 2617920K(2624000K)->171003K(2625024K) Eden: 2454016K(2454016K)->0K(2454016K) From: 163904K(169984K)->171003K(171008K)
[5246.827s][info][gc,heap        ] GC(1551) ParOldGen: 4325792K(4325888K)->4429800K(4429824K)
[5246.827s][info][gc,metaspace   ] GC(1551) Metaspace: 29104K(29376K)->29104K(29376K) NonClass: 25998K(26112K)->25998K(26112K) Class: 3106K(3264K)->3106K(3264K)
[5246.827s][info][gc             ] GC(1551) Pause Young (Allocation Failure) 6780M->4492M(6889M) 107.626ms
[5246.827s][info][gc,cpu         ] GC(1551) User=0.59s Sys=0.03s Real=0.11s
..[5248.745s][info][gc,start       ] GC(1552) Pause Young (Allocation Failure)
[5248.859s][info][gc,heap        ] GC(1552) PSYoungGen: 2625019K(2625024K)->171001K(2463232K) Eden: 2454016K(2454016K)->0K(2292224K) From: 171003K(171008K)->171001K(171008K)
[5248.859s][info][gc,heap        ] GC(1552) ParOldGen: 4429800K(4429824K)->4544672K(4545024K)
[5248.859s][info][gc,metaspace   ] GC(1552) Metaspace: 29104K(29376K)->29104K(29376K) NonClass: 25998K(26112K)->25998K(26112K) Class: 3106K(3264K)->3106K(3264K)
[5248.859s][info][gc             ] GC(1552) Pause Young (Allocation Failure) 6889M->4605M(6844M) 114.523ms
[5248.859s][info][gc,cpu         ] GC(1552) User=0.63s Sys=0.05s Real=0.11s
.. (rIR:aIR:PR = 8441:8426:8425) (tPR = 125517) [OK] 
  5249s: Performance info:
         Transaction,    Success,    Partial,     Failed,   Receipts, AvgBarcode, 
             Overall,     505891,          0,          0,     480487,      59.48, 
         Response times:
             Request,    Success,    Partial,     Failed,   SkipFail,     Probes,    Samples,      min,      p50,      p90,      p95,      p99,      max, 
       TotalPurchase,     480528,          0,          0,          0,     350155,     440810,      300,     6000,    37000,    74000,   254000,  1200000,
     InStorePurchase,     252776,          0,          0,          0,     183897,     231405,      300,     6100,    37000,    74000,   250000,  1100000,
      OnlinePurchase,     177396,          0,          0,          0,     129333,     162808,      300,     6000,    38000,    75000,   262000,  1200000,
        InstPurchase,      50356,          0,          0,          0,      36925,      46597,      400,     5800,    35000,    73000,   254000,  1100000,
          AssocOfCat,        510,          0,          0,          0,        408,        628,    23000,    39000,    83000,   191000,   470000,  1100000,
      AssocOfProduct,       5068,          0,          0,          0,       3529,       4614,      400,     6900,    43000,    81000,   254000,   960000,
      BusinessReport,       1268,          0,          0,          0,       1123,       1551,    28000,    51000,   113000,   164800,   375000,  1100000,
          CustBuyBeh,       5073,          0,          0,          0,       3534,       4667,      200,     5500,    35200,    76000,   252000,   375000,
       ProductReturn,      13495,          0,          0,          0,       9125,      11732,      400,     6700,    43000,    80350,   281000,   990000,

  5249s: (62%)   IR =   8579 [5250.571s][info][gc,start       ] GC(1553) Pause Young (Allocation Failure)
[5250.667s][info][gc,heap        ] GC(1553) PSYoungGen: 2463225K(2463232K)->152319K(2544128K) Eden: 2292224K(2292224K)->0K(2292224K) From: 171001K(171008K)->152319K(251904K)
[5250.667s][info][gc,heap        ] GC(1553) ParOldGen: 4544672K(4545024K)->4644488K(4644864K)
[5250.667s][info][gc,metaspace   ] GC(1553) Metaspace: 29105K(29376K)->29105K(29376K) NonClass: 25998K(26112K)->25998K(26112K) Class: 3106K(3264K)->3106K(3264K)
[5250.667s][info][gc             ] GC(1553) Pause Young (Allocation Failure) 6843M->4684M(7020M) 96.596ms
[5250.668s][info][gc,cpu         ] GC(1553) User=0.55s Sys=0.03s Real=0.10s
..[5252.450s][info][gc,start       ] GC(1554) Pause Young (Allocation Failure)
[5252.549s][info][gc,heap        ] GC(1554) PSYoungGen: 2444543K(2544128K)->156512K(2534912K) Eden: 2292224K(2292224K)->0K(2294272K) From: 152319K(251904K)->156512K(240640K)
[5252.549s][info][gc,heap        ] GC(1554) ParOldGen: 4644488K(4644864K)->4745583K(4745728K)
[5252.549s][info][gc,metaspace   ] GC(1554) Metaspace: 29105K(29376K)->29105K(29376K) NonClass: 25998K(26112K)->25998K(26112K) Class: 3106K(3264K)->3106K(3264K)
[5252.549s][info][gc             ] GC(1554) Pause Young (Allocation Failure) 6922M->4787M(7110M) 98.786ms
[5252.549s][info][gc,cpu         ] GC(1554) User=0.55s Sys=0.04s Real=0.10s
..[5254.258s][info][gc,start       ] GC(1555) Pause Young (Allocation Failure)
[5254.359s][info][gc,heap        ] GC(1555) PSYoungGen: 2450784K(2534912K)->151620K(2540544K) Eden: 2294272K(2294272K)->0K(2294272K) From: 156512K(240640K)->151620K(246272K)
[5254.359s][info][gc,heap        ] GC(1555) ParOldGen: 4745583K(4745728K)->4848463K(4848640K)
[5254.359s][info][gc,metaspace   ] GC(1555) Metaspace: 29105K(29376K)->29105K(29376K) NonClass: 25998K(26112K)->25998K(26112K) Class: 3106K(3264K)->3106K(3264K)
[5254.359s][info][gc             ] GC(1555) Pause Young (Allocation Failure) 7027M->4882M(7216M) 101.314ms
[5254.359s][info][gc,cpu         ] GC(1555) User=0.57s Sys=0.03s Real=0.10s
..[5256.123s][info][gc,start       ] GC(1556) Pause Young (Allocation Failure)
[5256.216s][info][gc,heap        ] GC(1556) PSYoungGen: 2445892K(2540544K)->142912K(2543104K) Eden: 2294272K(2294272K)->0K(2306048K) From: 151620K(246272K)->142912K(237056K)
[5256.216s][info][gc,heap        ] GC(1556) ParOldGen: 4848463K(4848640K)->4949239K(4949504K)
[5256.216s][info][gc,metaspace   ] GC(1556) Metaspace: 29105K(29376K)->29105K(29376K) NonClass: 25998K(26112K)->25998K(26112K) Class: 3106K(3264K)->3106K(3264K)
[5256.216s][info][gc             ] GC(1556) Pause Young (Allocation Failure) 7123M->4972M(7317M) 93.524ms
[5256.216s][info][gc,cpu         ] GC(1556) User=0.52s Sys=0.03s Real=0.09s
..|[5258.017s][info][gc,start       ] GC(1557) Pause Young (Allocation Failure)
[5258.110s][info][gc,heap        ] GC(1557) PSYoungGen: 2448960K(2543104K)->140480K(2547712K) Eden: 2306048K(2306048K)->0K(2306048K) From: 142912K(237056K)->140480K(241664K)
[5258.110s][info][gc,heap        ] GC(1557) ParOldGen: 4949239K(4949504K)->5049487K(5049856K)
[5258.110s][info][gc,metaspace   ] GC(1557) Metaspace: 29105K(29376K)->29105K(29376K) NonClass: 25998K(26112K)->25998K(26112K) Class: 3106K(3264K)->3106K(3264K)
[5258.110s][info][gc             ] GC(1557) Pause Young (Allocation Failure) 7224M->5068M(7419M) 93.086ms
[5258.110s][info][gc,cpu         ] GC(1557) User=0.52s Sys=0.03s Real=0.09s
.[5259.868s][info][gc,start       ] GC(1558) Pause Young (Allocation Failure)
[5259.970s][info][gc,heap        ] GC(1558) PSYoungGen: 2446528K(2547712K)->161904K(2540032K) Eden: 2306048K(2306048K)->0K(2314752K) From: 140480K(241664K)->161904K(225280K)
[5259.970s][info][gc,heap        ] GC(1558) ParOldGen: 5049487K(5049856K)->5151895K(5152256K)
[5259.970s][info][gc,metaspace   ] GC(1558) Metaspace: 29105K(29376K)->29105K(29376K) NonClass: 25998K(26112K)->25998K(26112K) Class: 3106K(3264K)->3106K(3264K)
[5259.970s][info][gc             ] GC(1558) Pause Young (Allocation Failure) 7320M->5189M(7512M) 102.767ms
[5259.970s][info][gc,cpu         ] GC(1558) User=0.57s Sys=0.03s Real=0.10s
..[5261.765s][info][gc,start       ] GC(1559) Pause Young (Allocation Failure)
[5261.861s][info][gc,heap        ] GC(1559) PSYoungGen: 2476656K(2540032K)->150048K(2548224K) Eden: 2314752K(2314752K)->0K(2314752K) From: 161904K(225280K)->150048K(233472K)
[5261.861s][info][gc,heap        ] GC(1559) ParOldGen: 5151895K(5152256K)->5252047K(5252096K)
[5261.861s][info][gc,metaspace   ] GC(1559) Metaspace: 29105K(29376K)->29105K(29376K) NonClass: 25998K(26112K)->25998K(26112K) Class: 3106K(3264K)->3106K(3264K)
[5261.861s][info][gc             ] GC(1559) Pause Young (Allocation Failure) 7449M->5275M(7617M) 96.195ms
[5261.861s][info][gc,cpu         ] GC(1559) User=0.53s Sys=0.05s Real=0.09s
..[5263.667s][info][gc,start       ] GC(1560) Pause Young (Allocation Failure)
[5263.764s][info][gc,heap        ] GC(1560) PSYoungGen: 2464800K(2548224K)->151040K(2550784K) Eden: 2314752K(2314752K)->0K(2332672K) From: 150048K(233472K)->151040K(218112K)
[5263.764s][info][gc,heap        ] GC(1560) ParOldGen: 5252047K(5252096K)->5354231K(5354496K)
[5263.764s][info][gc,metaspace   ] GC(1560) Metaspace: 29105K(29376K)->29105K(29376K) NonClass: 25998K(26112K)->25998K(26112K) Class: 3106K(3264K)->3106K(3264K)
[5263.764s][info][gc             ] GC(1560) Pause Young (Allocation Failure) 7535M->5376M(7720M) 96.539ms
[5263.764s][info][gc,cpu         ] GC(1560) User=0.55s Sys=0.03s Real=0.10s
..[5265.500s][info][gc,start       ] GC(1561) Pause Young (Allocation Failure)
[5265.597s][info][gc,heap        ] GC(1561) PSYoungGen: 2483712K(2550784K)->151040K(2558464K) Eden: 2332672K(2332672K)->0K(2332672K) From: 151040K(218112K)->151040K(225792K)
[5265.597s][info][gc,heap        ] GC(1561) ParOldGen: 5354231K(5354496K)->5453095K(5453312K)
[5265.597s][info][gc,metaspace   ] GC(1561) Metaspace: 29105K(29376K)->29105K(29376K) NonClass: 25998K(26112K)->25998K(26112K) Class: 3106K(3264K)->3106K(3264K)
[5265.597s][info][gc             ] GC(1561) Pause Young (Allocation Failure) 7654M->5472M(7824M) 96.827ms
[5265.597s][info][gc,cpu         ] GC(1561) User=0.54s Sys=0.03s Real=0.10s
..[5267.419s][info][gc,start       ] GC(1562) Pause Young (Allocation Failure)
[5267.517s][info][gc,heap        ] GC(1562) PSYoungGen: 2483712K(2558464K)->152704K(2558464K) Eden: 2332672K(2332672K)->0K(2348544K) From: 151040K(225792K)->152704K(209920K)
[5267.517s][info][gc,heap        ] GC(1562) ParOldGen: 5453095K(5453312K)->5553415K(5553664K)
[5267.517s][info][gc,metaspace   ] GC(1562) Metaspace: 29105K(29376K)->29105K(29376K) NonClass: 25998K(26112K)->25998K(26112K) Class: 3106K(3264K)->3106K(3264K)
[5267.517s][info][gc             ] GC(1562) Pause Young (Allocation Failure) 7750M->5572M(7922M) 97.511ms
[5267.517s][info][gc,cpu         ] GC(1562) User=0.55s Sys=0.03s Real=0.10s
..[5269.232s][info][gc,start       ] GC(1563) Pause Full (Allocation Failure)
[5269.232s][info][gc,phases,start] GC(1563) Marking Phase
[5269.544s][info][gc,phases      ] GC(1563) Marking Phase 312.443ms
[5269.544s][info][gc,phases,start] GC(1563) Summary Phase
[5269.544s][info][gc,phases      ] GC(1563) Summary Phase 0.108ms
[5269.544s][info][gc,phases,start] GC(1563) Forward
[5269.678s][info][gc,phases      ] GC(1563) Forward 133.323ms
[5269.678s][info][gc,phases,start] GC(1563) Adjust Pointers
[5269.889s][info][gc,phases      ] GC(1563) Adjust Pointers 211.633ms
[5269.889s][info][gc,phases,start] GC(1563) Compaction Phase
[5270.037s][info][gc,phases      ] GC(1563) Compaction Phase 147.467ms
[5270.039s][info][gc,phases,start] GC(1563) Post Compact
[5270.045s][info][gc,phases      ] GC(1563) Post Compact 6.805ms
[5270.165s][info][gc,heap        ] GC(1563) PSYoungGen: 2501248K(2558464K)->0K(2566144K) Eden: 2348544K(2348544K)->0K(2348544K) From: 152704K(209920K)->0K(217600K)
[5270.165s][info][gc,heap        ] GC(1563) ParOldGen: 5553415K(5553664K)->1626749K(1982464K)
[5270.165s][info][gc,metaspace   ] GC(1563) Metaspace: 29105K(29376K)->29105K(29376K) NonClass: 25998K(26112K)->25998K(26112K) Class: 3106K(3264K)->3106K(3264K)
[5270.165s][info][gc             ] GC(1563) Pause Full (Allocation Failure) 7865M->1588M(4442M) 933.300ms
[5270.165s][info][gc,cpu         ] GC(1563) User=4.38s Sys=0.12s Real=0.94s
..[5271.424s][info][gc,start       ] GC(1564) Pause Young (Allocation Failure)
[5271.487s][info][gc,heap        ] GC(1564) PSYoungGen: 2348544K(2566144K)->153120K(2570240K) Eden: 2348544K(2348544K)->0K(2360832K) From: 0K(217600K)->153120K(209408K)
[5271.487s][info][gc,heap        ] GC(1564) ParOldGen: 1626749K(1982464K)->1626749K(1982464K)
[5271.487s][info][gc,metaspace   ] GC(1564) Metaspace: 29105K(29376K)->29105K(29376K) NonClass: 25998K(26112K)->25998K(26112K) Class: 3106K(3264K)->3106K(3264K)
[5271.487s][info][gc             ] GC(1564) Pause Young (Allocation Failure) 3882M->1738M(4446M) 63.034ms
[5271.487s][info][gc,cpu         ] GC(1564) User=0.37s Sys=0.00s Real=0.06s
.[5272.990s][info][gc,start       ] GC(1565) Pause Young (Allocation Failure)
[5273.082s][info][gc,heap        ] GC(1565) PSYoungGen: 2513952K(2570240K)->150452K(2574336K) Eden: 2360832K(2360832K)->0K(2360832K) From: 153120K(209408K)->150452K(213504K)
[5273.082s][info][gc,heap        ] GC(1565) ParOldGen: 1626749K(1982464K)->1728117K(1982464K)
[5273.082s][info][gc,metaspace   ] GC(1565) Metaspace: 29105K(29376K)->29105K(29376K) NonClass: 25998K(26112K)->25998K(26112K) Class: 3106K(3264K)->3106K(3264K)
[5273.082s][info][gc             ] GC(1565) Pause Young (Allocation Failure) 4043M->1834M(4450M) 91.673ms
[5273.082s][info][gc,cpu         ] GC(1565) User=0.54s Sys=0.00s Real=0.10s
..[5274.969s][info][gc,start       ] GC(1566) Pause Young (Allocation Failure)
[5275.058s][info][gc,heap        ] GC(1566) PSYoungGen: 2511284K(2574336K)->148640K(2575872K) Eden: 2360832K(2360832K)->0K(2372608K) From: 150452K(213504K)->148640K(203264K)
[5275.058s][info][gc,heap        ] GC(1566) ParOldGen: 1728117K(1982464K)->1830885K(1982464K)
[5275.058s][info][gc,metaspace   ] GC(1566) Metaspace: 29105K(29376K)->29105K(29376K) NonClass: 25998K(26112K)->25998K(26112K) Class: 3106K(3264K)->3106K(3264K)
[5275.058s][info][gc             ] GC(1566) Pause Young (Allocation Failure) 4140M->1933M(4451M) 88.777ms
[5275.058s][info][gc,cpu         ] GC(1566) User=0.53s Sys=0.00s Real=0.09s
..[5276.928s][info][gc,start       ] GC(1567) Pause Young (Allocation Failure)
[5277.027s][info][gc,heap        ] GC(1567) PSYoungGen: 2521248K(2575872K)->169924K(2579456K) Eden: 2372608K(2372608K)->0K(2372608K) From: 148640K(203264K)->169924K(206848K)
[5277.027s][info][gc,heap        ] GC(1567) ParOldGen: 1830885K(1982464K)->1933957K(1982464K)
[5277.027s][info][gc,metaspace   ] GC(1567) Metaspace: 29105K(29376K)->29105K(29376K) NonClass: 25998K(26112K)->25998K(26112K) Class: 3106K(3264K)->3106K(3264K)
[5277.027s][info][gc             ] GC(1567) Pause Young (Allocation Failure) 4250M->2054M(4455M) 98.584ms
[5277.027s][info][gc,cpu         ] GC(1567) User=0.58s Sys=0.00s Real=0.10s
..[5278.895s][info][gc,start       ] GC(1568) Pause Young (Allocation Failure)
[5278.996s][info][gc,heap        ] GC(1568) PSYoungGen: 2542532K(2579456K)->169733K(2586624K) Eden: 2372608K(2372608K)->0K(2382848K) From: 169924K(206848K)->169733K(203776K)
[5278.996s][info][gc,heap        ] GC(1568) ParOldGen: 1933957K(1982464K)->2037053K(2037248K)
[5278.996s][info][gc,metaspace   ] GC(1568) Metaspace: 29105K(29376K)->29105K(29376K) NonClass: 25998K(26112K)->25998K(26112K) Class: 3106K(3264K)->3106K(3264K)
[5278.996s][info][gc             ] GC(1568) Pause Young (Allocation Failure) 4371M->2155M(4515M) 101.445ms
[5278.996s][info][gc,cpu         ] GC(1568) User=0.58s Sys=0.02s Real=0.10s
..[5280.802s][info][gc,start       ] GC(1569) Pause Young (Allocation Failure)
[5280.905s][info][gc,heap        ] GC(1569) PSYoungGen: 2552581K(2586624K)->163705K(2588160K) Eden: 2382848K(2382848K)->0K(2382848K) From: 169733K(203776K)->163705K(205312K)
[5280.905s][info][gc,heap        ] GC(1569) ParOldGen: 2037053K(2037248K)->2140797K(2141184K)
[5280.905s][info][gc,metaspace   ] GC(1569) Metaspace: 29105K(29376K)->29105K(29376K) NonClass: 25998K(26112K)->25998K(26112K) Class: 3106K(3264K)->3106K(3264K)
[5280.905s][info][gc             ] GC(1569) Pause Young (Allocation Failure) 4482M->2250M(4618M) 102.899ms
[5280.905s][info][gc,cpu         ] GC(1569) User=0.57s Sys=0.04s Real=0.10s
..[5282.794s][info][gc,start       ] GC(1570) Pause Young (Allocation Failure)
[5282.890s][info][gc,heap        ] GC(1570) PSYoungGen: 2546553K(2588160K)->155008K(2587648K) Eden: 2382848K(2382848K)->0K(2388992K) From: 163705K(205312K)->155008K(198656K)
[5282.890s][info][gc,heap        ] GC(1570) ParOldGen: 2140797K(2141184K)->2241205K(2241536K)
[5282.890s][info][gc,metaspace   ] GC(1570) Metaspace: 29105K(29376K)->29105K(29376K) NonClass: 25998K(26112K)->25998K(26112K) Class: 3106K(3264K)->3106K(3264K)
[5282.890s][info][gc             ] GC(1570) Pause Young (Allocation Failure) 4577M->2340M(4716M) 95.554ms
[5282.890s][info][gc,cpu         ] GC(1570) User=0.54s Sys=0.03s Real=0.09s
..[5284.766s][info][gc,start       ] GC(1571) Pause Young (Allocation Failure)
[5284.864s][info][gc,heap        ] GC(1571) PSYoungGen: 2544000K(2587648K)->157248K(2588160K) Eden: 2388992K(2388992K)->0K(2388992K) From: 155008K(198656K)->157248K(199168K)
[5284.864s][info][gc,heap        ] GC(1571) ParOldGen: 2241205K(2241536K)->2344349K(2344448K)
[5284.864s][info][gc,metaspace   ] GC(1571) Metaspace: 29105K(29376K)->29105K(29376K) NonClass: 25998K(26112K)->25998K(26112K) Class: 3106K(3264K)->3106K(3264K)
[5284.864s][info][gc             ] GC(1571) Pause Young (Allocation Failure) 4673M->2442M(4817M) 97.646ms
[5284.864s][info][gc,cpu         ] GC(1571) User=0.55s Sys=0.03s Real=0.10s
..[5286.754s][info][gc,start       ] GC(1572) Pause Young (Allocation Failure)
[5286.852s][info][gc,heap        ] GC(1572) PSYoungGen: 2546240K(2588160K)->154980K(2594304K) Eden: 2388992K(2388992K)->0K(2400768K) From: 157248K(199168K)->154980K(193536K)
[5286.852s][info][gc,heap        ] GC(1572) ParOldGen: 2344349K(2344448K)->2451941K(2451968K)
[5286.852s][info][gc,metaspace   ] GC(1572) Metaspace: 29105K(29376K)->29105K(29376K) NonClass: 25998K(26112K)->25998K(26112K) Class: 3106K(3264K)->3106K(3264K)
[5286.852s][info][gc             ] GC(1572) Pause Young (Allocation Failure) 4775M->2545M(4928M) 98.092ms
[5286.852s][info][gc,cpu         ] GC(1572) User=0.55s Sys=0.04s Real=0.10s
..[5288.637s][info][gc,start       ] GC(1573) Pause Young (Allocation Failure)
[5288.731s][info][gc,heap        ] GC(1573) PSYoungGen: 2555748K(2594304K)->151584K(2593792K) Eden: 2400768K(2400768K)->0K(2400768K) From: 154980K(193536K)->151584K(193024K)
[5288.731s][info][gc,heap        ] GC(1573) ParOldGen: 2451941K(2451968K)->2552477K(2552832K)
[5288.731s][info][gc,metaspace   ] GC(1573) Metaspace: 29105K(29376K)->29105K(29376K) NonClass: 25998K(26112K)->25998K(26112K) Class: 3106K(3264K)->3106K(3264K)
[5288.731s][info][gc             ] GC(1573) Pause Young (Allocation Failure) 4890M->2640M(5026M) 93.987ms
[5288.732s][info][gc,cpu         ] GC(1573) User=0.53s Sys=0.03s Real=0.09s
..[5290.548s][info][gc,start       ] GC(1574) Pause Young (Allocation Failure)
[5290.647s][info][gc,heap        ] GC(1574) PSYoungGen: 2552352K(2593792K)->159632K(2599424K) Eden: 2400768K(2400768K)->0K(2412032K) From: 151584K(193024K)->159632K(187392K)
[5290.647s][info][gc,heap        ] GC(1574) ParOldGen: 2552477K(2552832K)->2654341K(2654720K)
[5290.647s][info][gc,metaspace   ] GC(1574) Metaspace: 29105K(29376K)->29105K(29376K) NonClass: 25998K(26112K)->25998K(26112K) Class: 3106K(3264K)->3106K(3264K)
[5290.647s][info][gc             ] GC(1574) Pause Young (Allocation Failure) 4985M->2748M(5131M) 99.015ms
[5290.647s][info][gc,cpu         ] GC(1574) User=0.55s Sys=0.03s Real=0.10s
..[5292.443s][info][gc,start       ] GC(1575) Pause Young (Allocation Failure)
[5292.540s][info][gc,heap        ] GC(1575) PSYoungGen: 2571664K(2599424K)->155424K(2599936K) Eden: 2412032K(2412032K)->0K(2412032K) From: 159632K(187392K)->155424K(187904K)
[5292.540s][info][gc,heap        ] GC(1575) ParOldGen: 2654341K(2654720K)->2758853K(2759168K)
[5292.540s][info][gc,metaspace   ] GC(1575) Metaspace: 29105K(29376K)->29105K(29376K) NonClass: 25998K(26112K)->25998K(26112K) Class: 3106K(3264K)->3106K(3264K)
[5292.540s][info][gc             ] GC(1575) Pause Young (Allocation Failure) 5103M->2845M(5233M) 96.404ms
[5292.540s][info][gc,cpu         ] GC(1575) User=0.55s Sys=0.02s Real=0.09s
.[5294.397s][info][gc,start       ] GC(1576) Pause Young (Allocation Failure)
[5294.496s][info][gc,heap        ] GC(1576) PSYoungGen: 2567456K(2599936K)->156640K(2604544K) Eden: 2412032K(2412032K)->0K(2422272K) From: 155424K(187904K)->156640K(182272K)
[5294.496s][info][gc,heap        ] GC(1576) ParOldGen: 2758853K(2759168K)->2863389K(2863616K)
[5294.496s][info][gc,metaspace   ] GC(1576) Metaspace: 29105K(29376K)->29105K(29376K) NonClass: 25998K(26112K)->25998K(26112K) Class: 3106K(3264K)->3106K(3264K)
[5294.496s][info][gc             ] GC(1576) Pause Young (Allocation Failure) 5201M->2949M(5340M) 98.743ms
[5294.496s][info][gc,cpu         ] GC(1576) User=0.54s Sys=0.04s Real=0.10s
..[5296.390s][info][gc,start       ] GC(1577) Pause Young (Allocation Failure)
[5296.489s][info][gc,heap        ] GC(1577) PSYoungGen: 2578912K(2604544K)->151296K(2605568K) Eden: 2422272K(2422272K)->0K(2422272K) From: 156640K(182272K)->151296K(183296K)
[5296.490s][info][gc,heap        ] GC(1577) ParOldGen: 2863389K(2863616K)->2965981K(2966016K)
[5296.490s][info][gc,metaspace   ] GC(1577) Metaspace: 29105K(29376K)->29105K(29376K) NonClass: 25998K(26112K)->25998K(26112K) Class: 3106K(3264K)->3106K(3264K)
[5296.490s][info][gc             ] GC(1577) Pause Young (Allocation Failure) 5314M->3044M(5441M) 99.815ms
[5296.490s][info][gc,cpu         ] GC(1577) User=0.54s Sys=0.04s Real=0.10s
..[5298.329s][info][gc,start       ] GC(1578) Pause Young (Allocation Failure)
[5298.430s][info][gc,heap        ] GC(1578) PSYoungGen: 2573568K(2605568K)->159017K(2608640K) Eden: 2422272K(2422272K)->0K(2430464K) From: 151296K(183296K)->159017K(178176K)
[5298.430s][info][gc,heap        ] GC(1578) ParOldGen: 2965981K(2966016K)->3070701K(3070976K)
[5298.430s][info][gc,metaspace   ] GC(1578) Metaspace: 29105K(29376K)->29105K(29376K) NonClass: 25998K(26112K)->25998K(26112K) Class: 3106K(3264K)->3106K(3264K)
[5298.430s][info][gc             ] GC(1578) Pause Young (Allocation Failure) 5409M->3154M(5546M) 100.176ms
[5298.430s][info][gc,cpu         ] GC(1578) User=0.57s Sys=0.02s Real=0.10s
..[5300.320s][info][gc,start       ] GC(1579) Pause Young (Allocation Failure)
[5300.419s][info][gc,heap        ] GC(1579) PSYoungGen: 2589481K(2608640K)->157273K(2610688K) Eden: 2430464K(2430464K)->0K(2430464K) From: 159017K(178176K)->157273K(180224K)
[5300.419s][info][gc,heap        ] GC(1579) ParOldGen: 3070701K(3070976K)->3174797K(3174912K)
[5300.419s][info][gc,metaspace   ] GC(1579) Metaspace: 29105K(29376K)->29105K(29376K) NonClass: 25998K(26112K)->25998K(26112K) Class: 3106K(3264K)->3106K(3264K)
[5300.419s][info][gc             ] GC(1579) Pause Young (Allocation Failure) 5527M->3253M(5650M) 99.257ms
[5300.419s][info][gc,cpu         ] GC(1579) User=0.55s Sys=0.04s Real=0.10s
..[5302.212s][info][gc,start       ] GC(1580) Pause Young (Allocation Failure)
[5302.310s][info][gc,heap        ] GC(1580) PSYoungGen: 2587737K(2610688K)->154816K(2612736K) Eden: 2430464K(2430464K)->0K(2437632K) From: 157273K(180224K)->154816K(175104K)
[5302.310s][info][gc,heap        ] GC(1580) ParOldGen: 3174797K(3174912K)->3277973K(3278336K)
[5302.310s][info][gc,metaspace   ] GC(1580) Metaspace: 29105K(29376K)->29105K(29376K) NonClass: 25998K(26112K)->25998K(26112K) Class: 3106K(3264K)->3106K(3264K)
[5302.310s][info][gc             ] GC(1580) Pause Young (Allocation Failure) 5627M->3352M(5753M) 97.632ms
[5302.310s][info][gc,cpu         ] GC(1580) User=0.54s Sys=0.04s Real=0.09s
..[5304.135s][info][gc,start       ] GC(1581) Pause Young (Allocation Failure)
[5304.234s][info][gc,heap        ] GC(1581) PSYoungGen: 2592448K(2612736K)->155157K(2614272K) Eden: 2437632K(2437632K)->0K(2437632K) From: 154816K(175104K)->155157K(176640K)
[5304.235s][info][gc,heap        ] GC(1581) ParOldGen: 3277973K(3278336K)->3382109K(3382272K)
[5304.235s][info][gc,metaspace   ] GC(1581) Metaspace: 29105K(29376K)->29105K(29376K) NonClass: 25998K(26112K)->25998K(26112K) Class: 3106K(3264K)->3106K(3264K)
[5304.235s][info][gc             ] GC(1581) Pause Young (Allocation Failure) 5732M->3454M(5856M) 99.503ms
[5304.235s][info][gc,cpu         ] GC(1581) User=0.55s Sys=0.04s Real=0.10s
..[5306.099s][info][gc,start       ] GC(1582) Pause Young (Allocation Failure)
[5306.194s][info][gc,heap        ] GC(1582) PSYoungGen: 2592789K(2614272K)->148288K(2619392K) Eden: 2437632K(2437632K)->0K(2444288K) From: 155157K(176640K)->148288K(175104K)
[5306.194s][info][gc,heap        ] GC(1582) ParOldGen: 3382109K(3382272K)->3486045K(3486208K)
[5306.194s][info][gc,metaspace   ] GC(1582) Metaspace: 29105K(29376K)->29105K(29376K) NonClass: 25998K(26112K)->25998K(26112K) Class: 3106K(3264K)->3106K(3264K)
[5306.194s][info][gc             ] GC(1582) Pause Young (Allocation Failure) 5834M->3549M(5962M) 94.587ms
[5306.194s][info][gc,cpu         ] GC(1582) User=0.53s Sys=0.03s Real=0.10s
..[5308.145s][info][gc,start       ] GC(1583) Pause Young (Allocation Failure)
[5308.241s][info][gc,heap        ] GC(1583) PSYoungGen: 2592576K(2619392K)->153632K(2619392K) Eden: 2444288K(2444288K)->0K(2444288K) From: 148288K(175104K)->153632K(175104K)
[5308.241s][info][gc,heap        ] GC(1583) ParOldGen: 3486045K(3486208K)->3587589K(3588096K)
[5308.241s][info][gc,metaspace   ] GC(1583) Metaspace: 29105K(29376K)->29105K(29376K) NonClass: 25998K(26112K)->25998K(26112K) Class: 3106K(3264K)->3106K(3264K)
[5308.241s][info][gc             ] GC(1583) Pause Young (Allocation Failure) 5936M->3653M(6062M) 95.529ms
[5308.241s][info][gc,cpu         ] GC(1583) User=0.54s Sys=0.03s Real=0.09s
..[5310.167s][info][gc,start       ] GC(1584) Pause Young (Allocation Failure)
[5310.263s][info][gc,heap        ] GC(1584) PSYoungGen: 2597920K(2619392K)->146432K(2619392K) Eden: 2444288K(2444288K)->0K(2445824K) From: 153632K(175104K)->146432K(173568K)
[5310.263s][info][gc,heap        ] GC(1584) ParOldGen: 3587589K(3588096K)->3695485K(3695616K)
[5310.263s][info][gc,metaspace   ] GC(1584) Metaspace: 29105K(29376K)->29105K(29376K) NonClass: 25998K(26112K)->25998K(26112K) Class: 3106K(3264K)->3106K(3264K)
[5310.263s][info][gc             ] GC(1584) Pause Young (Allocation Failure) 6040M->3751M(6167M) 95.706ms
[5310.263s][info][gc,cpu         ] GC(1584) User=0.53s Sys=0.03s Real=0.10s
..[5312.102s][info][gc,start       ] GC(1585) Pause Young (Allocation Failure)
[5312.197s][info][gc,heap        ] GC(1585) PSYoungGen: 2592256K(2619392K)->146400K(2619392K) Eden: 2445824K(2445824K)->0K(2445824K) From: 146432K(173568K)->146400K(173568K)
[5312.197s][info][gc,heap        ] GC(1585) ParOldGen: 3695485K(3695616K)->3798709K(3799040K)
[5312.197s][info][gc,metaspace   ] GC(1585) Metaspace: 29105K(29376K)->29105K(29376K) NonClass: 25998K(26112K)->25998K(26112K) Class: 3106K(3264K)->3106K(3264K)
[5312.197s][info][gc             ] GC(1585) Pause Young (Allocation Failure) 6140M->3852M(6268M) 94.756ms
[5312.197s][info][gc,cpu         ] GC(1585) User=0.53s Sys=0.03s Real=0.09s
..[5314.151s][info][gc,start       ] GC(1586) Pause Young (Allocation Failure)
[5314.246s][info][gc,heap        ] GC(1586) PSYoungGen: 2592224K(2619392K)->151904K(2619904K) Eden: 2445824K(2445824K)->0K(2449408K) From: 146400K(173568K)->151904K(170496K)
[5314.247s][info][gc,heap        ] GC(1586) ParOldGen: 3798709K(3799040K)->3900797K(3900928K)
[5314.247s][info][gc,metaspace   ] GC(1586) Metaspace: 29105K(29376K)->29105K(29376K) NonClass: 25998K(26112K)->25998K(26112K) Class: 3106K(3264K)->3106K(3264K)
[5314.247s][info][gc             ] GC(1586) Pause Young (Allocation Failure) 6241M->3957M(6368M) 95.948ms
[5314.247s][info][gc,cpu         ] GC(1586) User=0.54s Sys=0.03s Real=0.10s
..[5316.119s][info][gc,start       ] GC(1587) Pause Young (Allocation Failure)
[5316.217s][info][gc,heap        ] GC(1587) PSYoungGen: 2601312K(2619904K)->149952K(2620928K) Eden: 2449408K(2449408K)->0K(2449408K) From: 151904K(170496K)->149952K(171520K)
[5316.217s][info][gc,heap        ] GC(1587) ParOldGen: 3900797K(3900928K)->4008309K(4008448K)
[5316.217s][info][gc,metaspace   ] GC(1587) Metaspace: 29105K(29376K)->29105K(29376K) NonClass: 25998K(26112K)->25998K(26112K) Class: 3106K(3264K)->3106K(3264K)
[5316.217s][info][gc             ] GC(1587) Pause Young (Allocation Failure) 6349M->4060M(6474M) 97.936ms
[5316.217s][info][gc,cpu         ] GC(1587) User=0.56s Sys=0.03s Real=0.10s
..[5318.059s][info][gc,start       ] GC(1588) Pause Young (Allocation Failure)
[5318.156s][info][gc,heap        ] GC(1588) PSYoungGen: 2599360K(2620928K)->149408K(2622464K) Eden: 2449408K(2449408K)->0K(2454016K) From: 149952K(171520K)->149408K(168448K)
[5318.156s][info][gc,heap        ] GC(1588) ParOldGen: 4008309K(4008448K)->4113141K(4113408K)
[5318.156s][info][gc,metaspace   ] GC(1588) Metaspace: 29105K(29376K)->29105K(29376K) NonClass: 25998K(26112K)->25998K(26112K) Class: 3106K(3264K)->3106K(3264K)
[5318.156s][info][gc             ] GC(1588) Pause Young (Allocation Failure) 6452M->4162M(6578M) 97.101ms
[5318.156s][info][gc,cpu         ] GC(1588) User=0.54s Sys=0.03s Real=0.10s
. (rIR:aIR:PR = 8579:8642:8642) (tPR = 128217) [OK] 
  5318s: Performance info:
         Transaction,    Success,    Partial,     Failed,   Receipts, AvgBarcode, 
             Overall,     524181,          0,          0,     498154,      59.47, 
         Response times:
             Request,    Success,    Partial,     Failed,   SkipFail,     Probes,    Samples,      min,      p50,      p90,      p95,      p99,      max, 
       TotalPurchase,     498181,          0,          0,          0,     355579,     412923,      300,     6300,    46000,    97000,   750000,  1000000,
     InStorePurchase,     263001,          0,          0,          0,     186783,     216917,      300,     6200,    46000,    98000,   730000,   990000,
      OnlinePurchase,     182937,          0,          0,          0,     130732,     151202,      300,     6200,    46000,    95000,   750000,  1000000,
        InstPurchase,      52243,          0,          0,          0,      38064,      44804,      300,     6600,    49000,    98000,   740000,   990000,
          AssocOfCat,        521,          0,          0,          0,        390,        531,    24000,    42000,   102800,   151200,   575760,   720000,
      AssocOfProduct,       5221,          0,          0,          0,       3656,       4478,      400,     5200,    47000,    83000,   690000,   890000,
      BusinessReport,       1306,          0,          0,          0,       1154,       1479,    30000,    50000,   103000,   163000,   790000,  1100000,
          CustBuyBeh,       5216,          0,          0,          0,       3546,       4277,      300,     6600,    49000,   112000,   780000,   950000,
       ProductReturn,      13736,          0,          0,          0,       9547,      11455,      200,     6700,    48400,   102000,   750000,   950000,

  5318s: (63%)   IR =   8717 .[5320.047s][info][gc,start       ] GC(1589) Pause Young (Allocation Failure)
[5320.148s][info][gc,heap        ] GC(1589) PSYoungGen: 2603424K(2622464K)->160196K(2623488K) Eden: 2454016K(2454016K)->0K(2454016K) From: 149408K(168448K)->160196K(169472K)
[5320.148s][info][gc,heap        ] GC(1589) ParOldGen: 4113141K(4113408K)->4216029K(4216320K)
[5320.148s][info][gc,metaspace   ] GC(1589) Metaspace: 29105K(29376K)->29105K(29376K) NonClass: 25998K(26112K)->25998K(26112K) Class: 3106K(3264K)->3106K(3264K)
[5320.148s][info][gc             ] GC(1589) Pause Young (Allocation Failure) 6559M->4273M(6679M) 100.259ms
[5320.148s][info][gc,cpu         ] GC(1589) User=0.57s Sys=0.02s Real=0.10s
..[5322.062s][info][gc,start       ] GC(1590) Pause Young (Allocation Failure)
[5322.157s][info][gc,heap        ] GC(1590) PSYoungGen: 2614212K(2623488K)->147456K(2626048K) Eden: 2454016K(2454016K)->0K(2455552K) From: 160196K(169472K)->147456K(170496K)
[5322.157s][info][gc,heap        ] GC(1590) ParOldGen: 4216029K(4216320K)->4320501K(4320768K)
[5322.157s][info][gc,metaspace   ] GC(1590) Metaspace: 29105K(29376K)->29105K(29376K) NonClass: 25998K(26112K)->25998K(26112K) Class: 3106K(3264K)->3106K(3264K)
[5322.157s][info][gc             ] GC(1590) Pause Young (Allocation Failure) 6670M->4363M(6784M) 95.453ms
[5322.157s][info][gc,cpu         ] GC(1590) User=0.54s Sys=0.03s Real=0.10s
.|.[5324.004s][info][gc,start       ] GC(1591) Pause Young (Allocation Failure)
[5324.101s][info][gc,heap        ] GC(1591) PSYoungGen: 2603008K(2626048K)->151904K(2607616K) Eden: 2455552K(2455552K)->0K(2455552K) From: 147456K(170496K)->151904K(152064K)
[5324.101s][info][gc,heap        ] GC(1591) ParOldGen: 4320501K(4320768K)->4426405K(4426752K)
[5324.101s][info][gc,metaspace   ] GC(1591) Metaspace: 29105K(29376K)->29105K(29376K) NonClass: 25998K(26112K)->25998K(26112K) Class: 3106K(3264K)->3106K(3264K)
[5324.102s][info][gc             ] GC(1591) Pause Young (Allocation Failure) 6761M->4471M(6869M) 97.388ms
[5324.102s][info][gc,cpu         ] GC(1591) User=0.56s Sys=0.02s Real=0.09s
.[5325.309s][info][gc,start       ] GC(1592) Pause Full (Diagnostic Command)
[5325.309s][info][gc,phases,start] GC(1592) Marking Phase
[5325.622s][info][gc,phases      ] GC(1592) Marking Phase 313.047ms
[5325.622s][info][gc,phases,start] GC(1592) Summary Phase
[5325.622s][info][gc,phases      ] GC(1592) Summary Phase 0.082ms
[5325.622s][info][gc,phases,start] GC(1592) Forward
[5325.802s][info][gc,phases      ] GC(1592) Forward 179.395ms
[5325.802s][info][gc,phases,start] GC(1592) Adjust Pointers
[5326.029s][info][gc,phases      ] GC(1592) Adjust Pointers 227.425ms
[5326.029s][info][gc,phases,start] GC(1592) Compaction Phase
[5326.214s][info][gc,phases      ] GC(1592) Compaction Phase 184.905ms
[5326.218s][info][gc,phases,start] GC(1592) Post Compact
[5326.223s][info][gc,phases      ] GC(1592) Post Compact 5.331ms
[5326.223s][info][gc,heap        ] GC(1592) PSYoungGen: 1757000K(2607616K)->0K(2607616K) Eden: 1605096K(2455552K)->0K(2455552K) From: 151904K(152064K)->0K(152064K)
[5326.223s][info][gc,heap        ] GC(1592) ParOldGen: 4426405K(4426752K)->1359873K(4426752K)
[5326.223s][info][gc,metaspace   ] GC(1592) Metaspace: 29105K(29376K)->29105K(29376K) NonClass: 25998K(26112K)->25998K(26112K) Class: 3106K(3264K)->3106K(3264K)
[5326.223s][info][gc             ] GC(1592) Pause Full (Diagnostic Command) 6038M->1328M(6869M) 914.117ms
[5326.223s][info][gc,cpu         ] GC(1592) User=4.84s Sys=0.00s Real=0.92s
..[5327.506s][info][gc,start       ] GC(1593) Pause Young (Allocation Failure)
[5327.629s][info][gc,heap        ] GC(1593) PSYoungGen: 2455552K(2607616K)->168420K(2612224K) Eden: 2455552K(2455552K)->0K(2443776K) From: 0K(152064K)->168420K(168448K)
[5327.629s][info][gc,heap        ] GC(1593) ParOldGen: 1359873K(4426752K)->1368689K(4426752K)
[5327.629s][info][gc,metaspace   ] GC(1593) Metaspace: 29105K(29376K)->29105K(29376K) NonClass: 25998K(26112K)->25998K(26112K) Class: 3106K(3264K)->3106K(3264K)
[5327.629s][info][gc             ] GC(1593) Pause Young (Allocation Failure) 3726M->1501M(6874M) 123.303ms
[5327.629s][info][gc,cpu         ] GC(1593) User=0.44s Sys=0.01s Real=0.12s
..[5329.267s][info][gc,start       ] GC(1594) Pause Young (Allocation Failure)
[5329.360s][info][gc,heap        ] GC(1594) PSYoungGen: 2612196K(2612224K)->154352K(2619904K) Eden: 2443776K(2443776K)->0K(2443776K) From: 168420K(168448K)->154352K(176128K)
[5329.360s][info][gc,heap        ] GC(1594) ParOldGen: 1368689K(4426752K)->1473913K(4426752K)
[5329.360s][info][gc,metaspace   ] GC(1594) Metaspace: 29105K(29376K)->29105K(29376K) NonClass: 25998K(26112K)->25998K(26112K) Class: 3106K(3264K)->3106K(3264K)
[5329.360s][info][gc             ] GC(1594) Pause Young (Allocation Failure) 3887M->1590M(6881M) 92.851ms
[5329.360s][info][gc,cpu         ] GC(1594) User=0.55s Sys=0.00s Real=0.09s
.[5331.166s][info][gc,start       ] GC(1595) Pause Young (Allocation Failure)
[5331.259s][info][gc,heap        ] GC(1595) PSYoungGen: 2598128K(2619904K)->154324K(2614784K) Eden: 2443776K(2443776K)->0K(2445824K) From: 154352K(176128K)->154324K(168960K)
[5331.259s][info][gc,heap        ] GC(1595) ParOldGen: 1473913K(4426752K)->1578209K(4426752K)
[5331.259s][info][gc,metaspace   ] GC(1595) Metaspace: 29105K(29376K)->29105K(29376K) NonClass: 25998K(26112K)->25998K(26112K) Class: 3106K(3264K)->3106K(3264K)
[5331.259s][info][gc             ] GC(1595) Pause Young (Allocation Failure) 3976M->1691M(6876M) 92.693ms
[5331.259s][info][gc,cpu         ] GC(1595) User=0.54s Sys=0.00s Real=0.09s
..[5333.053s][info][gc,start       ] GC(1596) Pause Young (Allocation Failure)
[5333.143s][info][gc,heap        ] GC(1596) PSYoungGen: 2600148K(2614784K)->149504K(2618368K) Eden: 2445824K(2445824K)->0K(2445824K) From: 154324K(168960K)->149504K(172544K)
[5333.143s][info][gc,heap        ] GC(1596) ParOldGen: 1578209K(4426752K)->1680825K(4426752K)
[5333.143s][info][gc,metaspace   ] GC(1596) Metaspace: 29105K(29376K)->29105K(29376K) NonClass: 25998K(26112K)->25998K(26112K) Class: 3106K(3264K)->3106K(3264K)
[5333.143s][info][gc             ] GC(1596) Pause Young (Allocation Failure) 4080M->1787M(6880M) 90.436ms
[5333.143s][info][gc,cpu         ] GC(1596) User=0.54s Sys=0.00s Real=0.09s
..[5335.007s][info][gc,start       ] GC(1597) Pause Young (Allocation Failure)
[5335.099s][info][gc,heap        ] GC(1597) PSYoungGen: 2595328K(2618368K)->155408K(2619904K) Eden: 2445824K(2445824K)->0K(2451456K) From: 149504K(172544K)->155408K(168448K)
[5335.099s][info][gc,heap        ] GC(1597) ParOldGen: 1680825K(4426752K)->1785081K(4426752K)
[5335.099s][info][gc,metaspace   ] GC(1597) Metaspace: 29105K(29376K)->29105K(29376K) NonClass: 25998K(26112K)->25998K(26112K) Class: 3106K(3264K)->3106K(3264K)
[5335.099s][info][gc             ] GC(1597) Pause Young (Allocation Failure) 4175M->1895M(6881M) 92.446ms
[5335.099s][info][gc,cpu         ] GC(1597) User=0.55s Sys=0.00s Real=0.09s
..[5336.977s][info][gc,start       ] GC(1598) Pause Young (Allocation Failure)
[5337.066s][info][gc,heap        ] GC(1598) PSYoungGen: 2606864K(2619904K)->144992K(2621952K) Eden: 2451456K(2451456K)->0K(2451456K) From: 155408K(168448K)->144992K(170496K)
[5337.066s][info][gc,heap        ] GC(1598) ParOldGen: 1785081K(4426752K)->1893545K(4426752K)
[5337.066s][info][gc,metaspace   ] GC(1598) Metaspace: 29105K(29376K)->29105K(29376K) NonClass: 25998K(26112K)->25998K(26112K) Class: 3106K(3264K)->3106K(3264K)
[5337.066s][info][gc             ] GC(1598) Pause Young (Allocation Failure) 4289M->1990M(6883M) 89.277ms
[5337.066s][info][gc,cpu         ] GC(1598) User=0.53s Sys=0.00s Real=0.09s
..[5339.038s][info][gc,start       ] GC(1599) Pause Young (Allocation Failure)
[5339.135s][info][gc,heap        ] GC(1599) PSYoungGen: 2596448K(2621952K)->158216K(2625536K) Eden: 2451456K(2451456K)->0K(2455040K) From: 144992K(170496K)->158216K(170496K)
[5339.135s][info][gc,heap        ] GC(1599) ParOldGen: 1893545K(4426752K)->1997377K(4426752K)
[5339.135s][info][gc,metaspace   ] GC(1599) Metaspace: 29105K(29376K)->29105K(29376K) NonClass: 25998K(26112K)->25998K(26112K) Class: 3106K(3264K)->3106K(3264K)
[5339.135s][info][gc             ] GC(1599) Pause Young (Allocation Failure) 4384M->2105M(6887M) 96.600ms
[5339.135s][info][gc,cpu         ] GC(1599) User=0.57s Sys=0.00s Real=0.10s
..[5340.990s][info][gc,start       ] GC(1600) Pause Young (Allocation Failure)
[5341.087s][info][gc,heap        ] GC(1600) PSYoungGen: 2613256K(2625536K)->160858K(2616320K) Eden: 2455040K(2455040K)->0K(2455040K) From: 158216K(170496K)->160858K(161280K)
[5341.087s][info][gc,heap        ] GC(1600) ParOldGen: 1997377K(4426752K)->2102329K(4426752K)
[5341.087s][info][gc,metaspace   ] GC(1600) Metaspace: 29105K(29376K)->29105K(29376K) NonClass: 25998K(26112K)->25998K(26112K) Class: 3106K(3264K)->3106K(3264K)
[5341.087s][info][gc             ] GC(1600) Pause Young (Allocation Failure) 4502M->2210M(6878M) 97.164ms
[5341.087s][info][gc,cpu         ] GC(1600) User=0.57s Sys=0.00s Real=0.10s
..[5342.977s][info][gc,start       ] GC(1601) Pause Young (Allocation Failure)
[5343.069s][info][gc,heap        ] GC(1601) PSYoungGen: 2615898K(2616320K)->150976K(2625536K) Eden: 2455040K(2455040K)->0K(2454016K) From: 160858K(161280K)->150976K(171520K)
[5343.069s][info][gc,heap        ] GC(1601) ParOldGen: 2102329K(4426752K)->2207209K(4426752K)
[5343.069s][info][gc,metaspace   ] GC(1601) Metaspace: 29105K(29376K)->29105K(29376K) NonClass: 25998K(26112K)->25998K(26112K) Class: 3106K(3264K)->3106K(3264K)
[5343.069s][info][gc             ] GC(1601) Pause Young (Allocation Failure) 4607M->2302M(6887M) 92.512ms
[5343.069s][info][gc,cpu         ] GC(1601) User=0.55s Sys=0.00s Real=0.09s
..[5344.958s][info][gc,start       ] GC(1602) Pause Young (Allocation Failure)
[5345.047s][info][gc,heap        ] GC(1602) PSYoungGen: 2604992K(2625536K)->145824K(2624512K) Eden: 2454016K(2454016K)->0K(2454016K) From: 150976K(171520K)->145824K(170496K)
[5345.047s][info][gc,heap        ] GC(1602) ParOldGen: 2207209K(4426752K)->2310705K(4426752K)
[5345.047s][info][gc,metaspace   ] GC(1602) Metaspace: 29105K(29376K)->29105K(29376K) NonClass: 25998K(26112K)->25998K(26112K) Class: 3106K(3264K)->3106K(3264K)
[5345.047s][info][gc             ] GC(1602) Pause Young (Allocation Failure) 4699M->2398M(6886M) 89.488ms
[5345.047s][info][gc,cpu         ] GC(1602) User=0.52s Sys=0.00s Real=0.09s
..[5346.937s][info][gc,start       ] GC(1603) Pause Young (Allocation Failure)
[5347.037s][info][gc,heap        ] GC(1603) PSYoungGen: 2599840K(2624512K)->168822K(2618368K) Eden: 2454016K(2454016K)->0K(2447872K) From: 145824K(170496K)->168822K(170496K)
[5347.037s][info][gc,heap        ] GC(1603) ParOldGen: 2310705K(4426752K)->2414561K(4426752K)
[5347.037s][info][gc,metaspace   ] GC(1603) Metaspace: 29105K(29376K)->29105K(29376K) NonClass: 25998K(26112K)->25998K(26112K) Class: 3106K(3264K)->3106K(3264K)
[5347.037s][info][gc             ] GC(1603) Pause Young (Allocation Failure) 4795M->2522M(6880M) 99.507ms
[5347.037s][info][gc,cpu         ] GC(1603) User=0.59s Sys=0.00s Real=0.10s
..[5348.888s][info][gc,start       ] GC(1604) Pause Young (Allocation Failure)
[5348.986s][info][gc,heap        ] GC(1604) PSYoungGen: 2616694K(2618368K)->161920K(2610176K) Eden: 2447872K(2447872K)->0K(2447872K) From: 168822K(170496K)->161920K(162304K)
[5348.986s][info][gc,heap        ] GC(1604) ParOldGen: 2414561K(4426752K)->2520809K(4426752K)
[5348.986s][info][gc,metaspace   ] GC(1604) Metaspace: 29105K(29376K)->29105K(29376K) NonClass: 25998K(26112K)->25998K(26112K) Class: 3106K(3264K)->3106K(3264K)
[5348.986s][info][gc             ] GC(1604) Pause Young (Allocation Failure) 4913M->2619M(6872M) 97.630ms
[5348.986s][info][gc,cpu         ] GC(1604) User=0.58s Sys=0.00s Real=0.10s
..[5350.873s][info][gc,start       ] GC(1605) Pause Young (Allocation Failure)
[5350.972s][info][gc,heap        ] GC(1605) PSYoungGen: 2609792K(2610176K)->168640K(2615808K) Eden: 2447872K(2447872K)->0K(2440704K) From: 161920K(162304K)->168640K(175104K)
[5350.972s][info][gc,heap        ] GC(1605) ParOldGen: 2520809K(4426752K)->2623521K(4426752K)
[5350.972s][info][gc,metaspace   ] GC(1605) Metaspace: 29105K(29376K)->29105K(29376K) NonClass: 25998K(26112K)->25998K(26112K) Class: 3106K(3264K)->3106K(3264K)
[5350.972s][info][gc             ] GC(1605) Pause Young (Allocation Failure) 5010M->2726M(6877M) 98.904ms
[5350.972s][info][gc,cpu         ] GC(1605) User=0.58s Sys=0.00s Real=0.10s
..[5352.716s][info][gc,start       ] GC(1606) Pause Young (Allocation Failure)
[5352.815s][info][gc,heap        ] GC(1606) PSYoungGen: 2609344K(2615808K)->161744K(2618368K) Eden: 2440704K(2440704K)->0K(2440704K) From: 168640K(175104K)->161744K(177664K)
[5352.815s][info][gc,heap        ] GC(1606) ParOldGen: 2623521K(4426752K)->2733929K(4426752K)
[5352.815s][info][gc,metaspace   ] GC(1606) Metaspace: 29105K(29376K)->29105K(29376K) NonClass: 25998K(26112K)->25998K(26112K) Class: 3106K(3264K)->3106K(3264K)
[5352.815s][info][gc             ] GC(1606) Pause Young (Allocation Failure) 5110M->2827M(6880M) 98.137ms
[5352.815s][info][gc,cpu         ] GC(1606) User=0.58s Sys=0.00s Real=0.10s
..[5354.641s][info][gc,start       ] GC(1607) Pause Young (Allocation Failure)
[5354.737s][info][gc,heap        ] GC(1607) PSYoungGen: 2602448K(2618368K)->159728K(2615296K) Eden: 2440704K(2440704K)->0K(2440704K) From: 161744K(177664K)->159728K(174592K)
[5354.737s][info][gc,heap        ] GC(1607) ParOldGen: 2733929K(4426752K)->2834153K(4426752K)
[5354.737s][info][gc,metaspace   ] GC(1607) Metaspace: 29105K(29376K)->29105K(29376K) NonClass: 25998K(26112K)->25998K(26112K) Class: 3106K(3264K)->3106K(3264K)
[5354.737s][info][gc             ] GC(1607) Pause Young (Allocation Failure) 5211M->2923M(6877M) 95.766ms
[5354.737s][info][gc,cpu         ] GC(1607) User=0.57s Sys=0.00s Real=0.10s
..[5356.670s][info][gc,start       ] GC(1608) Pause Young (Allocation Failure)
[5356.768s][info][gc,heap        ] GC(1608) PSYoungGen: 2600432K(2615296K)->164580K(2616832K) Eden: 2440704K(2440704K)->0K(2440704K) From: 159728K(174592K)->164580K(176128K)
[5356.768s][info][gc,heap        ] GC(1608) ParOldGen: 2834153K(4426752K)->2939545K(4426752K)
[5356.768s][info][gc,metaspace   ] GC(1608) Metaspace: 29105K(29376K)->29105K(29376K) NonClass: 25998K(26112K)->25998K(26112K) Class: 3106K(3264K)->3106K(3264K)
[5356.768s][info][gc             ] GC(1608) Pause Young (Allocation Failure) 5307M->3031M(6878M) 98.079ms
[5356.768s][info][gc,cpu         ] GC(1608) User=0.58s Sys=0.00s Real=0.10s
..[5358.652s][info][gc,start       ] GC(1609) Pause Young (Allocation Failure)
[5358.749s][info][gc,heap        ] GC(1609) PSYoungGen: 2605284K(2616832K)->163696K(2618880K) Eden: 2440704K(2440704K)->0K(2441728K) From: 164580K(176128K)->163696K(177152K)
[5358.749s][info][gc,heap        ] GC(1609) ParOldGen: 2939545K(4426752K)->3041697K(4426752K)
[5358.749s][info][gc,metaspace   ] GC(1609) Metaspace: 29105K(29376K)->29105K(29376K) NonClass: 25998K(26112K)->25998K(26112K) Class: 3106K(3264K)->3106K(3264K)
[5358.749s][info][gc             ] GC(1609) Pause Young (Allocation Failure) 5414M->3130M(6880M) 97.525ms
[5358.749s][info][gc,cpu         ] GC(1609) User=0.58s Sys=0.01s Real=0.09s
..[5360.666s][info][gc,start       ] GC(1610) Pause Young (Allocation Failure)
[5360.769s][info][gc,heap        ] GC(1610) PSYoungGen: 2605424K(2618880K)->171433K(2613248K) Eden: 2441728K(2441728K)->0K(2441728K) From: 163696K(177152K)->171433K(171520K)
[5360.769s][info][gc,heap        ] GC(1610) ParOldGen: 3041697K(4426752K)->3147017K(4426752K)
[5360.769s][info][gc,metaspace   ] GC(1610) Metaspace: 29105K(29376K)->29105K(29376K) NonClass: 25998K(26112K)->25998K(26112K) Class: 3106K(3264K)->3106K(3264K)
[5360.769s][info][gc             ] GC(1610) Pause Young (Allocation Failure) 5514M->3240M(6875M) 103.033ms
[5360.770s][info][gc,cpu         ] GC(1610) User=0.61s Sys=0.00s Real=0.10s
..[5362.665s][info][gc,start       ] GC(1611) Pause Young (Allocation Failure)
[5362.760s][info][gc,heap        ] GC(1611) PSYoungGen: 2613161K(2613248K)->158176K(2617856K) Eden: 2441728K(2441728K)->0K(2438144K) From: 171433K(171520K)->158176K(179712K)
[5362.760s][info][gc,heap        ] GC(1611) ParOldGen: 3147017K(4426752K)->3250353K(4426752K)
[5362.760s][info][gc,metaspace   ] GC(1611) Metaspace: 29105K(29376K)->29105K(29376K) NonClass: 25998K(26112K)->25998K(26112K) Class: 3106K(3264K)->3106K(3264K)
[5362.760s][info][gc             ] GC(1611) Pause Young (Allocation Failure) 5625M->3328M(6879M) 95.215ms
[5362.760s][info][gc,cpu         ] GC(1611) User=0.56s Sys=0.01s Real=0.09s
..[5364.497s][info][gc,start       ] GC(1612) Pause Young (Allocation Failure)
[5364.590s][info][gc,heap        ] GC(1612) PSYoungGen: 2596320K(2617856K)->150624K(2616320K) Eden: 2438144K(2438144K)->0K(2438144K) From: 158176K(179712K)->150624K(178176K)
[5364.590s][info][gc,heap        ] GC(1612) ParOldGen: 3250353K(4426752K)->3355945K(4426752K)
[5364.590s][info][gc,metaspace   ] GC(1612) Metaspace: 29105K(29376K)->29105K(29376K) NonClass: 25998K(26112K)->25998K(26112K) Class: 3106K(3264K)->3106K(3264K)
[5364.590s][info][gc             ] GC(1612) Pause Young (Allocation Failure) 5709M->3424M(6878M) 93.399ms
[5364.590s][info][gc,cpu         ] GC(1612) User=0.55s Sys=0.00s Real=0.09s
..[5366.544s][info][gc,start       ] GC(1613) Pause Young (Allocation Failure)
[5366.642s][info][gc,heap        ] GC(1613) PSYoungGen: 2588768K(2616320K)->166112K(2615808K) Eden: 2438144K(2438144K)->0K(2437632K) From: 150624K(178176K)->166112K(178176K)
[5366.642s][info][gc,heap        ] GC(1613) ParOldGen: 3355945K(4426752K)->3457665K(4426752K)
[5366.642s][info][gc,metaspace   ] GC(1613) Metaspace: 29105K(29376K)->29105K(29376K) NonClass: 25998K(26112K)->25998K(26112K) Class: 3106K(3264K)->3106K(3264K)
[5366.642s][info][gc             ] GC(1613) Pause Young (Allocation Failure) 5805M->3538M(6877M) 98.068ms
[5366.642s][info][gc,cpu         ] GC(1613) User=0.58s Sys=0.00s Real=0.09s
.[5368.435s][info][gc,start       ] GC(1614) Pause Young (Allocation Failure)
[5368.530s][info][gc,heap        ] GC(1614) PSYoungGen: 2603744K(2615808K)->156149K(2616320K) Eden: 2437632K(2437632K)->0K(2437632K) From: 166112K(178176K)->156149K(178688K)
[5368.530s][info][gc,heap        ] GC(1614) ParOldGen: 3457665K(4426752K)->3563489K(4426752K)
[5368.530s][info][gc,metaspace   ] GC(1614) Metaspace: 29105K(29376K)->29105K(29376K) NonClass: 25998K(26112K)->25998K(26112K) Class: 3106K(3264K)->3106K(3264K)
[5368.530s][info][gc             ] GC(1614) Pause Young (Allocation Failure) 5919M->3632M(6878M) 95.085ms
[5368.530s][info][gc,cpu         ] GC(1614) User=0.56s Sys=0.00s Real=0.09s
..[5370.418s][info][gc,start       ] GC(1615) Pause Young (Allocation Failure)
[5370.511s][info][gc,heap        ] GC(1615) PSYoungGen: 2593781K(2616320K)->151072K(2616832K) Eden: 2437632K(2437632K)->0K(2439680K) From: 156149K(178688K)->151072K(177152K)
[5370.511s][info][gc,heap        ] GC(1615) ParOldGen: 3563489K(4426752K)->3667449K(4426752K)
[5370.511s][info][gc,metaspace   ] GC(1615) Metaspace: 29105K(29376K)->29105K(29376K) NonClass: 25998K(26112K)->25998K(26112K) Class: 3106K(3264K)->3106K(3264K)
[5370.511s][info][gc             ] GC(1615) Pause Young (Allocation Failure) 6012M->3729M(6878M) 92.777ms
[5370.511s][info][gc,cpu         ] GC(1615) User=0.54s Sys=0.00s Real=0.09s
..[5372.435s][info][gc,start       ] GC(1616) Pause Young (Allocation Failure)
[5372.531s][info][gc,heap        ] GC(1616) PSYoungGen: 2590752K(2616832K)->156960K(2616832K) Eden: 2439680K(2439680K)->0K(2439680K) From: 151072K(177152K)->156960K(177152K)
[5372.531s][info][gc,heap        ] GC(1616) ParOldGen: 3667449K(4426752K)->3771497K(4426752K)
[5372.531s][info][gc,metaspace   ] GC(1616) Metaspace: 29105K(29376K)->29105K(29376K) NonClass: 25998K(26112K)->25998K(26112K) Class: 3106K(3264K)->3106K(3264K)
[5372.531s][info][gc             ] GC(1616) Pause Young (Allocation Failure) 6111M->3836M(6878M) 95.952ms
[5372.531s][info][gc,cpu         ] GC(1616) User=0.57s Sys=0.00s Real=0.09s
..[5374.373s][info][gc,start       ] GC(1617) Pause Young (Allocation Failure)
[5374.468s][info][gc,heap        ] GC(1617) PSYoungGen: 2596640K(2616832K)->153120K(2617856K) Eden: 2439680K(2439680K)->0K(2442752K) From: 156960K(177152K)->153120K(175104K)
[5374.468s][info][gc,heap        ] GC(1617) ParOldGen: 3771497K(4426752K)->3874897K(4426752K)
[5374.468s][info][gc,metaspace   ] GC(1617) Metaspace: 29105K(29376K)->29105K(29376K) NonClass: 25998K(26112K)->25998K(26112K) Class: 3106K(3264K)->3106K(3264K)
[5374.468s][info][gc             ] GC(1617) Pause Young (Allocation Failure) 6218M->3933M(6879M) 95.817ms
[5374.468s][info][gc,cpu         ] GC(1617) User=0.56s Sys=0.00s Real=0.09s
..[5376.359s][info][gc,start       ] GC(1618) Pause Young (Allocation Failure)
[5376.459s][info][gc,heap        ] GC(1618) PSYoungGen: 2595872K(2617856K)->165552K(2617344K) Eden: 2442752K(2442752K)->0K(2442752K) From: 153120K(175104K)->165552K(174592K)
[5376.459s][info][gc,heap        ] GC(1618) ParOldGen: 3874897K(4426752K)->3981025K(4426752K)
[5376.459s][info][gc,metaspace   ] GC(1618) Metaspace: 29105K(29376K)->29105K(29376K) NonClass: 25998K(26112K)->25998K(26112K) Class: 3106K(3264K)->3106K(3264K)
[5376.459s][info][gc             ] GC(1618) Pause Young (Allocation Failure) 6319M->4049M(6879M) 100.448ms
[5376.459s][info][gc,cpu         ] GC(1618) User=0.59s Sys=0.00s Real=0.10s
..[5378.316s][info][gc,start       ] GC(1619) Pause Young (Allocation Failure)
[5378.414s][info][gc,heap        ] GC(1619) PSYoungGen: 2608304K(2617344K)->161956K(2620416K) Eden: 2442752K(2442752K)->0K(2444288K) From: 165552K(174592K)->161956K(176128K)
[5378.414s][info][gc,heap        ] GC(1619) ParOldGen: 3981025K(4426752K)->4083673K(4426752K)
[5378.414s][info][gc,metaspace   ] GC(1619) Metaspace: 29105K(29376K)->29105K(29376K) NonClass: 25998K(26112K)->25998K(26112K) Class: 3106K(3264K)->3106K(3264K)
[5378.414s][info][gc             ] GC(1619) Pause Young (Allocation Failure) 6434M->4146M(6882M) 97.948ms
[5378.414s][info][gc,cpu         ] GC(1619) User=0.58s Sys=0.00s Real=0.10s
..[5380.230s][info][gc,start       ] GC(1620) Pause Young (Allocation Failure)
[5380.324s][info][gc,heap        ] GC(1620) PSYoungGen: 2606244K(2620416K)->150048K(2619904K) Eden: 2444288K(2444288K)->0K(2444288K) From: 161956K(176128K)->150048K(175616K)
[5380.324s][info][gc,heap        ] GC(1620) ParOldGen: 4083673K(4426752K)->4189689K(4426752K)
[5380.324s][info][gc,metaspace   ] GC(1620) Metaspace: 29105K(29376K)->29105K(29376K) NonClass: 25998K(26112K)->25998K(26112K) Class: 3106K(3264K)->3106K(3264K)
[5380.324s][info][gc             ] GC(1620) Pause Young (Allocation Failure) 6533M->4238M(6881M) 93.712ms
[5380.324s][info][gc,cpu         ] GC(1620) User=0.55s Sys=0.00s Real=0.10s
..[5382.229s][info][gc,start       ] GC(1621) Pause Young (Allocation Failure)
[5382.327s][info][gc,heap        ] GC(1621) PSYoungGen: 2594336K(2619904K)->159364K(2617856K) Eden: 2444288K(2444288K)->0K(2444800K) From: 150048K(175616K)->159364K(173056K)
[5382.327s][info][gc,heap        ] GC(1621) ParOldGen: 4189689K(4426752K)->4293297K(4426752K)
[5382.327s][info][gc,metaspace   ] GC(1621) Metaspace: 29105K(29376K)->29105K(29376K) NonClass: 25998K(26112K)->25998K(26112K) Class: 3106K(3264K)->3106K(3264K)
[5382.327s][info][gc             ] GC(1621) Pause Young (Allocation Failure) 6625M->4348M(6879M) 97.601ms
[5382.327s][info][gc,cpu         ] GC(1621) User=0.57s Sys=0.00s Real=0.10s
.. (rIR:aIR:PR = 8717:8705:8705) (tPR = 128712) [OK] 
  5383s: Performance info:
         Transaction,    Success,    Partial,     Failed,   Receipts, AvgBarcode, 
             Overall,     530733,          0,          0,     504183,      59.47, 
         Response times:
             Request,    Success,    Partial,     Failed,   SkipFail,     Probes,    Samples,      min,      p50,      p90,      p95,      p99,      max, 
       TotalPurchase,     504183,          0,          0,          0,     356606,     391480,      300,     6300,    45000,    75000,   215000,   950000,
     InStorePurchase,     266262,          0,          0,          0,     187719,     205653,      300,     6500,    44000,    75000,   217000,   950000,
      OnlinePurchase,     184883,          0,          0,          0,     131162,     144289,      300,     6200,    44000,    73000,   211000,   950000,
        InstPurchase,      53038,          0,          0,          0,      37725,      41538,      400,     6200,    50000,    85000,   216000,   950000,
          AssocOfCat,        532,          0,          0,          0,        458,        583,    22000,    46000,   108000,   163600,   445000,   505000,
      AssocOfProduct,       5313,          0,          0,          0,       3773,       4255,      400,     7000,    49000,    77000,   212440,   358000,
      BusinessReport,       1325,          0,          0,          0,       1155,       1381,    30000,    53000,   109000,   162000,   439000,  1100000,
          CustBuyBeh,       5383,          0,          0,          0,       3724,       4302,      100,     6900,    48700,    75000,   310000,   358000,
       ProductReturn,      13997,          0,          0,          0,       9813,      10848,      200,     7100,    52000,    91000,   376000,   376000,

  5383s: (64%)   IR =   8856 [5384.208s][info][gc,start       ] GC(1622) Pause Young (Allocation Failure)
[5384.302s][info][gc,heap        ] GC(1622) PSYoungGen: 2604164K(2617856K)->149600K(2618880K) Eden: 2444800K(2444800K)->0K(2444800K) From: 159364K(173056K)->149600K(174080K)
[5384.302s][info][gc,heap        ] GC(1622) ParOldGen: 4293297K(4426752K)->4401473K(4426752K)
[5384.302s][info][gc,metaspace   ] GC(1622) Metaspace: 29105K(29376K)->29105K(29376K) NonClass: 25998K(26112K)->25998K(26112K) Class: 3106K(3264K)->3106K(3264K)
[5384.302s][info][gc             ] GC(1622) Pause Young (Allocation Failure) 6735M->4444M(6880M) 94.582ms
[5384.302s][info][gc,cpu         ] GC(1622) User=0.55s Sys=0.00s Real=0.10s
..[5386.117s][info][gc,start       ] GC(1623) Pause Young (Allocation Failure)
[5386.216s][info][gc,heap        ] GC(1623) PSYoungGen: 2594400K(2618880K)->158720K(2619904K) Eden: 2444800K(2444800K)->0K(2447872K) From: 149600K(174080K)->158720K(172032K)
[5386.216s][info][gc,heap        ] GC(1623) ParOldGen: 4401473K(4426752K)->4502905K(4503040K)
[5386.216s][info][gc,metaspace   ] GC(1623) Metaspace: 29105K(29376K)->29105K(29376K) NonClass: 25998K(26112K)->25998K(26112K) Class: 3106K(3264K)->3106K(3264K)
[5386.216s][info][gc             ] GC(1623) Pause Young (Allocation Failure) 6831M->4552M(6956M) 98.207ms
[5386.216s][info][gc,cpu         ] GC(1623) User=0.56s Sys=0.02s Real=0.10s
..[5388.042s][info][gc,start       ] GC(1624) Pause Young (Allocation Failure)
[5388.141s][info][gc,heap        ] GC(1624) PSYoungGen: 2606592K(2619904K)->152805K(2620928K) Eden: 2447872K(2447872K)->0K(2447872K) From: 158720K(172032K)->152805K(173056K)
[5388.141s][info][gc,heap        ] GC(1624) ParOldGen: 4502905K(4503040K)->4608217K(4608512K)
[5388.141s][info][gc,metaspace   ] GC(1624) Metaspace: 29105K(29376K)->29105K(29376K) NonClass: 25998K(26112K)->25998K(26112K) Class: 3106K(3264K)->3106K(3264K)
[5388.141s][info][gc             ] GC(1624) Pause Young (Allocation Failure) 6942M->4649M(7060M) 99.358ms
[5388.141s][info][gc,cpu         ] GC(1624) User=0.55s Sys=0.03s Real=0.09s
..[5389.968s][info][gc,start       ] GC(1625) Pause Young (Allocation Failure)
[5390.066s][info][gc,heap        ] GC(1625) PSYoungGen: 2600677K(2620928K)->151696K(2621952K) Eden: 2447872K(2447872K)->0K(2450944K) From: 152805K(173056K)->151696K(171008K)
[5390.066s][info][gc,heap        ] GC(1625) ParOldGen: 4608217K(4608512K)->4712025K(4712448K)
[5390.066s][info][gc,metaspace   ] GC(1625) Metaspace: 29105K(29376K)->29105K(29376K) NonClass: 25998K(26112K)->25998K(26112K) Class: 3106K(3264K)->3106K(3264K)
[5390.066s][info][gc             ] GC(1625) Pause Young (Allocation Failure) 7039M->4749M(7162M) 97.514ms
[5390.066s][info][gc,cpu         ] GC(1625) User=0.54s Sys=0.04s Real=0.10s
..[5391.846s][info][gc,start       ] GC(1626) Pause Young (Allocation Failure)
[5391.955s][info][gc,heap        ] GC(1626) PSYoungGen: 2602640K(2621952K)->161408K(2622464K) Eden: 2450944K(2450944K)->0K(2450944K) From: 151696K(171008K)->161408K(171520K)
[5391.955s][info][gc,heap        ] GC(1626) ParOldGen: 4712025K(4712448K)->4814857K(4815360K)
[5391.955s][info][gc,metaspace   ] GC(1626) Metaspace: 29105K(29376K)->29105K(29376K) NonClass: 25998K(26112K)->25998K(26112K) Class: 3106K(3264K)->3106K(3264K)
[5391.955s][info][gc             ] GC(1626) Pause Young (Allocation Failure) 7143M->4859M(7263M) 108.896ms
[5391.955s][info][gc,cpu         ] GC(1626) User=0.57s Sys=0.02s Real=0.11s
..[5393.800s][info][gc,start       ] GC(1627) Pause Young (Allocation Failure)
[5393.916s][info][gc,heap        ] GC(1627) PSYoungGen: 2612352K(2622464K)->170080K(2617856K) Eden: 2450944K(2450944K)->0K(2445824K) From: 161408K(171520K)->170080K(172032K)
[5393.916s][info][gc,heap        ] GC(1627) ParOldGen: 4814857K(4815360K)->4920681K(4920832K)
[5393.916s][info][gc,metaspace   ] GC(1627) Metaspace: 29105K(29376K)->29105K(29376K) NonClass: 25998K(26112K)->25998K(26112K) Class: 3106K(3264K)->3106K(3264K)
[5393.916s][info][gc             ] GC(1627) Pause Young (Allocation Failure) 7253M->4971M(7362M) 115.850ms
[5393.916s][info][gc,cpu         ] GC(1627) User=0.59s Sys=0.05s Real=0.12s
.[5395.656s][info][gc,start       ] GC(1628) Pause Young (Allocation Failure)
[5395.759s][info][gc,heap        ] GC(1628) PSYoungGen: 2615904K(2617856K)->154237K(2620928K) Eden: 2445824K(2445824K)->0K(2445824K) From: 170080K(172032K)->154237K(175104K)
[5395.759s][info][gc,heap        ] GC(1628) ParOldGen: 4920681K(4920832K)->5028145K(5028352K)
[5395.759s][info][gc,metaspace   ] GC(1628) Metaspace: 29105K(29376K)->29105K(29376K) NonClass: 25998K(26112K)->25998K(26112K) Class: 3106K(3264K)->3106K(3264K)
[5395.759s][info][gc             ] GC(1628) Pause Young (Allocation Failure) 7359M->5060M(7470M) 102.848ms
[5395.759s][info][gc,cpu         ] GC(1628) User=0.56s Sys=0.04s Real=0.10s
..[5397.706s][info][gc,start       ] GC(1629) Pause Young (Allocation Failure)
[5397.808s][info][gc,heap        ] GC(1629) PSYoungGen: 2600061K(2620928K)->163139K(2620416K) Eden: 2445824K(2445824K)->0K(2446336K) From: 154237K(175104K)->163139K(174080K)
[5397.808s][info][gc,heap        ] GC(1629) ParOldGen: 5028145K(5028352K)->5129081K(5129216K)
[5397.808s][info][gc,metaspace   ] GC(1629) Metaspace: 29105K(29376K)->29105K(29376K) NonClass: 25998K(26112K)->25998K(26112K) Class: 3106K(3264K)->3106K(3264K)
[5397.808s][info][gc             ] GC(1629) Pause Young (Allocation Failure) 7449M->5168M(7568M) 102.490ms
[5397.808s][info][gc,cpu         ] GC(1629) User=0.58s Sys=0.03s Real=0.10s
.|.[5399.631s][info][gc,start       ] GC(1630) Pause Young (Allocation Failure)
[5399.729s][info][gc,heap        ] GC(1630) PSYoungGen: 2609475K(2620416K)->148576K(2620928K) Eden: 2446336K(2446336K)->0K(2446336K) From: 163139K(174080K)->148576K(174592K)
[5399.729s][info][gc,heap        ] GC(1630) ParOldGen: 5129081K(5129216K)->5237129K(5237248K)
[5399.729s][info][gc,metaspace   ] GC(1630) Metaspace: 29105K(29376K)->29105K(29376K) NonClass: 25998K(26112K)->25998K(26112K) Class: 3106K(3264K)->3106K(3264K)
[5399.729s][info][gc             ] GC(1630) Pause Young (Allocation Failure) 7557M->5259M(7674M) 98.358ms
[5399.729s][info][gc,cpu         ] GC(1630) User=0.56s Sys=0.02s Real=0.10s
..[5401.546s][info][gc,start       ] GC(1631) Pause Young (Allocation Failure)
[5401.647s][info][gc,heap        ] GC(1631) PSYoungGen: 2594912K(2620928K)->159376K(2619392K) Eden: 2446336K(2446336K)->0K(2446848K) From: 148576K(174592K)->159376K(172544K)
[5401.647s][info][gc,heap        ] GC(1631) ParOldGen: 5237129K(5237248K)->5337553K(5337600K)
[5401.647s][info][gc,metaspace   ] GC(1631) Metaspace: 29105K(29376K)->29105K(29376K) NonClass: 25998K(26112K)->25998K(26112K) Class: 3106K(3264K)->3106K(3264K)
[5401.647s][info][gc             ] GC(1631) Pause Young (Allocation Failure) 7648M->5368M(7770M) 101.000ms
[5401.647s][info][gc,cpu         ] GC(1631) User=0.56s Sys=0.03s Real=0.10s
..[5403.479s][info][gc,start       ] GC(1632) Pause Young (Allocation Failure)
[5403.584s][info][gc,heap        ] GC(1632) PSYoungGen: 2606224K(2619392K)->164340K(2620416K) Eden: 2446848K(2446848K)->0K(2446848K) From: 159376K(172544K)->164340K(173568K)
[5403.584s][info][gc,heap        ] GC(1632) ParOldGen: 5337553K(5337600K)->5442089K(5442560K)
[5403.584s][info][gc,metaspace   ] GC(1632) Metaspace: 29105K(29376K)->29105K(29376K) NonClass: 25998K(26112K)->25998K(26112K) Class: 3106K(3264K)->3106K(3264K)
[5403.584s][info][gc             ] GC(1632) Pause Young (Allocation Failure) 7757M->5475M(7874M) 104.686ms
[5403.584s][info][gc,cpu         ] GC(1632) User=0.58s Sys=0.04s Real=0.11s
..[5405.392s][info][gc,start       ] GC(1633) Pause Young (Allocation Failure)
[5405.491s][info][gc,heap        ] GC(1633) PSYoungGen: 2611188K(2620416K)->151296K(2621952K) Eden: 2446848K(2446848K)->0K(2447360K) From: 164340K(173568K)->151296K(174592K)
[5405.491s][info][gc,heap        ] GC(1633) ParOldGen: 5442089K(5442560K)->5548761K(5549056K)
[5405.491s][info][gc,metaspace   ] GC(1633) Metaspace: 29105K(29376K)->29105K(29376K) NonClass: 25998K(26112K)->25998K(26112K) Class: 3106K(3264K)->3106K(3264K)
[5405.491s][info][gc             ] GC(1633) Pause Young (Allocation Failure) 7864M->5566M(7979M) 99.636ms
[5405.491s][info][gc,cpu         ] GC(1633) User=0.56s Sys=0.03s Real=0.10s
..[5407.362s][info][gc,start       ] GC(1634) Pause Full (Allocation Failure)
[5407.362s][info][gc,phases,start] GC(1634) Marking Phase
[5407.673s][info][gc,phases      ] GC(1634) Marking Phase 310.740ms
[5407.673s][info][gc,phases,start] GC(1634) Summary Phase
[5407.673s][info][gc,phases      ] GC(1634) Summary Phase 0.100ms
[5407.673s][info][gc,phases,start] GC(1634) Forward
[5407.807s][info][gc,phases      ] GC(1634) Forward 134.505ms
[5407.807s][info][gc,phases,start] GC(1634) Adjust Pointers
[5408.020s][info][gc,phases      ] GC(1634) Adjust Pointers 212.218ms
[5408.020s][info][gc,phases,start] GC(1634) Compaction Phase
[5408.168s][info][gc,phases      ] GC(1634) Compaction Phase 147.983ms
[5408.169s][info][gc,phases,start] GC(1634) Post Compact
[5408.176s][info][gc,phases      ] GC(1634) Post Compact 7.036ms
[5408.297s][info][gc,heap        ] GC(1634) PSYoungGen: 2598656K(2621952K)->0K(2621440K) Eden: 2447360K(2447360K)->0K(2447360K) From: 151296K(174592K)->0K(174080K)
[5408.297s][info][gc,heap        ] GC(1634) ParOldGen: 5548761K(5549056K)->1623547K(1989120K)
[5408.297s][info][gc,metaspace   ] GC(1634) Metaspace: 29105K(29376K)->29105K(29376K) NonClass: 25998K(26112K)->25998K(26112K) Class: 3106K(3264K)->3106K(3264K)
[5408.297s][info][gc             ] GC(1634) Pause Full (Allocation Failure) 7956M->1585M(4502M) 935.197ms
[5408.297s][info][gc,cpu         ] GC(1634) User=4.35s Sys=0.12s Real=0.93s
..[5409.625s][info][gc,start       ] GC(1635) Pause Young (Allocation Failure)
[5409.691s][info][gc,heap        ] GC(1635) PSYoungGen: 2447360K(2621440K)->162144K(2621440K) Eden: 2447360K(2447360K)->0K(2447360K) From: 0K(174080K)->162144K(174080K)
[5409.691s][info][gc,heap        ] GC(1635) ParOldGen: 1623547K(1989120K)->1623547K(1989120K)
[5409.691s][info][gc,metaspace   ] GC(1635) Metaspace: 29105K(29376K)->29105K(29376K) NonClass: 25998K(26112K)->25998K(26112K) Class: 3106K(3264K)->3106K(3264K)
[5409.691s][info][gc             ] GC(1635) Pause Young (Allocation Failure) 3975M->1743M(4502M) 65.793ms
[5409.691s][info][gc,cpu         ] GC(1635) User=0.39s Sys=0.00s Real=0.06s
.[5411.184s][info][gc,start       ] GC(1636) Pause Young (Allocation Failure)
[5411.278s][info][gc,heap        ] GC(1636) PSYoungGen: 2609504K(2621440K)->156176K(2604032K) Eden: 2447360K(2447360K)->0K(2447360K) From: 162144K(174080K)->156176K(156672K)
[5411.278s][info][gc,heap        ] GC(1636) ParOldGen: 1623547K(1989120K)->1730747K(1989120K)
[5411.278s][info][gc,metaspace   ] GC(1636) Metaspace: 29105K(29376K)->29105K(29376K) NonClass: 25998K(26112K)->25998K(26112K) Class: 3106K(3264K)->3106K(3264K)
[5411.278s][info][gc             ] GC(1636) Pause Young (Allocation Failure) 4133M->1842M(4485M) 93.661ms
[5411.278s][info][gc,cpu         ] GC(1636) User=0.56s Sys=0.00s Real=0.09s
..[5413.181s][info][gc,start       ] GC(1637) Pause Young (Allocation Failure)
[5413.279s][info][gc,heap        ] GC(1637) PSYoungGen: 2603536K(2604032K)->163609K(2620416K) Eden: 2447360K(2447360K)->0K(2447360K) From: 156176K(156672K)->163609K(173056K)
[5413.279s][info][gc,heap        ] GC(1637) ParOldGen: 1730747K(1989120K)->1834691K(1989120K)
[5413.279s][info][gc,metaspace   ] GC(1637) Metaspace: 29105K(29376K)->29105K(29376K) NonClass: 25998K(26112K)->25998K(26112K) Class: 3106K(3264K)->3106K(3264K)
[5413.279s][info][gc             ] GC(1637) Pause Young (Allocation Failure) 4232M->1951M(4501M) 98.488ms
[5413.279s][info][gc,cpu         ] GC(1637) User=0.58s Sys=0.00s Real=0.10s
..[5415.066s][info][gc,start       ] GC(1638) Pause Young (Allocation Failure)
[5415.157s][info][gc,heap        ] GC(1638) PSYoungGen: 2610969K(2620416K)->151670K(2620928K) Eden: 2447360K(2447360K)->0K(2447360K) From: 163609K(173056K)->151670K(173568K)
[5415.157s][info][gc,heap        ] GC(1638) ParOldGen: 1834691K(1989120K)->1938851K(1989120K)
[5415.157s][info][gc,metaspace   ] GC(1638) Metaspace: 29105K(29376K)->29105K(29376K) NonClass: 25998K(26112K)->25998K(26112K) Class: 3106K(3264K)->3106K(3264K)
[5415.157s][info][gc             ] GC(1638) Pause Young (Allocation Failure) 4341M->2041M(4502M) 91.345ms
[5415.157s][info][gc,cpu         ] GC(1638) User=0.54s Sys=0.00s Real=0.09s
..[5416.962s][info][gc,start       ] GC(1639) Pause Young (Allocation Failure)
[5417.061s][info][gc,heap        ] GC(1639) PSYoungGen: 2599030K(2620928K)->157732K(2619392K) Eden: 2447360K(2447360K)->0K(2449408K) From: 151670K(173568K)->157732K(169984K)
[5417.061s][info][gc,heap        ] GC(1639) ParOldGen: 1938851K(1989120K)->2044307K(2044416K)
[5417.061s][info][gc,metaspace   ] GC(1639) Metaspace: 29105K(29376K)->29105K(29376K) NonClass: 25998K(26112K)->25998K(26112K) Class: 3106K(3264K)->3106K(3264K)
[5417.061s][info][gc             ] GC(1639) Pause Young (Allocation Failure) 4431M->2150M(4554M) 98.464ms
[5417.061s][info][gc,cpu         ] GC(1639) User=0.55s Sys=0.03s Real=0.09s
..[5418.824s][info][gc,start       ] GC(1640) Pause Young (Allocation Failure)
[5418.925s][info][gc,heap        ] GC(1640) PSYoungGen: 2607140K(2619392K)->167282K(2620928K) Eden: 2449408K(2449408K)->0K(2449408K) From: 157732K(169984K)->167282K(171520K)
[5418.925s][info][gc,heap        ] GC(1640) ParOldGen: 2044307K(2044416K)->2147275K(2147328K)
[5418.925s][info][gc,metaspace   ] GC(1640) Metaspace: 29105K(29376K)->29105K(29376K) NonClass: 25998K(26112K)->25998K(26112K) Class: 3106K(3264K)->3106K(3264K)
[5418.925s][info][gc             ] GC(1640) Pause Young (Allocation Failure) 4542M->2260M(4656M) 101.313ms
[5418.925s][info][gc,cpu         ] GC(1640) User=0.56s Sys=0.03s Real=0.10s
..[5420.795s][info][gc,start       ] GC(1641) Pause Young (Allocation Failure)
[5420.898s][info][gc,heap        ] GC(1641) PSYoungGen: 2616690K(2620928K)->163957K(2620928K) Eden: 2449408K(2449408K)->0K(2446848K) From: 167282K(171520K)->163957K(174080K)
[5420.898s][info][gc,heap        ] GC(1641) ParOldGen: 2147275K(2147328K)->2254283K(2254336K)
[5420.898s][info][gc,metaspace   ] GC(1641) Metaspace: 29105K(29376K)->29105K(29376K) NonClass: 25998K(26112K)->25998K(26112K) Class: 3106K(3264K)->3106K(3264K)
[5420.898s][info][gc             ] GC(1641) Pause Young (Allocation Failure) 4652M->2361M(4761M) 102.527ms
[5420.898s][info][gc,cpu         ] GC(1641) User=0.58s Sys=0.03s Real=0.10s
..[5422.733s][info][gc,start       ] GC(1642) Pause Young (Allocation Failure)
[5422.836s][info][gc,heap        ] GC(1642) PSYoungGen: 2610805K(2620928K)->164179K(2621440K) Eden: 2446848K(2446848K)->0K(2446848K) From: 163957K(174080K)->164179K(174592K)
[5422.836s][info][gc,heap        ] GC(1642) ParOldGen: 2254283K(2254336K)->2357779K(2358272K)
[5422.836s][info][gc,metaspace   ] GC(1642) Metaspace: 29105K(29376K)->29105K(29376K) NonClass: 25998K(26112K)->25998K(26112K) Class: 3106K(3264K)->3106K(3264K)
[5422.836s][info][gc             ] GC(1642) Pause Young (Allocation Failure) 4751M->2462M(4863M) 103.215ms
[5422.836s][info][gc,cpu         ] GC(1642) User=0.58s Sys=0.02s Real=0.10s
..[5424.607s][info][gc,start       ] GC(1643) Pause Young (Allocation Failure)
[5424.705s][info][gc,heap        ] GC(1643) PSYoungGen: 2611027K(2621440K)->156000K(2620416K) Eden: 2446848K(2446848K)->0K(2446848K) From: 164179K(174592K)->156000K(173568K)
[5424.705s][info][gc,heap        ] GC(1643) ParOldGen: 2357779K(2358272K)->2463851K(2464256K)
[5424.705s][info][gc,metaspace   ] GC(1643) Metaspace: 29105K(29376K)->29105K(29376K) NonClass: 25998K(26112K)->25998K(26112K) Class: 3106K(3264K)->3106K(3264K)
[5424.705s][info][gc             ] GC(1643) Pause Young (Allocation Failure) 4852M->2558M(4965M) 97.954ms
[5424.705s][info][gc,cpu         ] GC(1643) User=0.55s Sys=0.03s Real=0.10s
..[5426.644s][info][gc,start       ] GC(1644) Pause Young (Allocation Failure)
[5426.743s][info][gc,heap        ] GC(1644) PSYoungGen: 2602848K(2620416K)->159680K(2620928K) Eden: 2446848K(2446848K)->0K(2446848K) From: 156000K(173568K)->159680K(174080K)
[5426.743s][info][gc,heap        ] GC(1644) ParOldGen: 2463851K(2464256K)->2565123K(2565632K)
[5426.743s][info][gc,metaspace   ] GC(1644) Metaspace: 29105K(29376K)->29105K(29376K) NonClass: 25998K(26112K)->25998K(26112K) Class: 3106K(3264K)->3106K(3264K)
[5426.743s][info][gc             ] GC(1644) Pause Young (Allocation Failure) 4947M->2660M(5065M) 98.816ms
[5426.743s][info][gc,cpu         ] GC(1644) User=0.54s Sys=0.03s Real=0.10s
..[5428.622s][info][gc,start       ] GC(1645) Pause Young (Allocation Failure)
[5428.719s][info][gc,heap        ] GC(1645) PSYoungGen: 2606528K(2620928K)->154912K(2621440K) Eden: 2446848K(2446848K)->0K(2448896K) From: 159680K(174080K)->154912K(172544K)
[5428.719s][info][gc,heap        ] GC(1645) ParOldGen: 2565123K(2565632K)->2668283K(2668544K)
[5428.719s][info][gc,metaspace   ] GC(1645) Metaspace: 29105K(29376K)->29105K(29376K) NonClass: 25998K(26112K)->25998K(26112K) Class: 3106K(3264K)->3106K(3264K)
[5428.719s][info][gc             ] GC(1645) Pause Young (Allocation Failure) 5050M->2757M(5166M) 96.831ms
[5428.719s][info][gc,cpu         ] GC(1645) User=0.54s Sys=0.03s Real=0.09s
.[5430.504s][info][gc,start       ] GC(1646) Pause Young (Allocation Failure)
[5430.605s][info][gc,heap        ] GC(1646) PSYoungGen: 2603808K(2621440K)->161072K(2620928K) Eden: 2448896K(2448896K)->0K(2448896K) From: 154912K(172544K)->161072K(172032K)
[5430.605s][info][gc,heap        ] GC(1646) ParOldGen: 2668283K(2668544K)->2772387K(2772480K)
[5430.605s][info][gc,metaspace   ] GC(1646) Metaspace: 29105K(29376K)->29105K(29376K) NonClass: 25998K(26112K)->25998K(26112K) Class: 3106K(3264K)->3106K(3264K)
[5430.605s][info][gc             ] GC(1646) Pause Young (Allocation Failure) 5148M->2864M(5267M) 100.687ms
[5430.605s][info][gc,cpu         ] GC(1646) User=0.56s Sys=0.04s Real=0.10s
..[5432.440s][info][gc,start       ] GC(1647) Pause Young (Allocation Failure)
[5432.534s][info][gc,heap        ] GC(1647) PSYoungGen: 2609968K(2620928K)->151040K(2622976K) Eden: 2448896K(2448896K)->0K(2451456K) From: 161072K(172032K)->151040K(171520K)
[5432.534s][info][gc,heap        ] GC(1647) ParOldGen: 2772387K(2772480K)->2876715K(2876928K)
[5432.535s][info][gc,metaspace   ] GC(1647) Metaspace: 29105K(29376K)->29105K(29376K) NonClass: 25998K(26112K)->25998K(26112K) Class: 3106K(3264K)->3106K(3264K)
[5432.535s][info][gc             ] GC(1647) Pause Young (Allocation Failure) 5256M->2956M(5371M) 94.847ms
[5432.535s][info][gc,cpu         ] GC(1647) User=0.53s Sys=0.02s Real=0.10s
..[5434.416s][info][gc,start       ] GC(1648) Pause Young (Allocation Failure)
[5434.517s][info][gc,heap        ] GC(1648) PSYoungGen: 2602496K(2622976K)->168496K(2620416K) Eden: 2451456K(2451456K)->0K(2451456K) From: 151040K(171520K)->168496K(168960K)
[5434.517s][info][gc,heap        ] GC(1648) ParOldGen: 2876715K(2876928K)->2979019K(2979328K)
[5434.517s][info][gc,metaspace   ] GC(1648) Metaspace: 29105K(29376K)->29105K(29376K) NonClass: 25998K(26112K)->25998K(26112K) Class: 3106K(3264K)->3106K(3264K)
[5434.517s][info][gc             ] GC(1648) Pause Young (Allocation Failure) 5350M->3073M(5468M) 100.824ms
[5434.517s][info][gc,cpu         ] GC(1648) User=0.58s Sys=0.02s Real=0.10s
..[5436.401s][info][gc,start       ] GC(1649) Pause Young (Allocation Failure)
[5436.502s][info][gc,heap        ] GC(1649) PSYoungGen: 2619952K(2620416K)->159156K(2623488K) Eden: 2451456K(2451456K)->0K(2449408K) From: 168496K(168960K)->159156K(174080K)
[5436.502s][info][gc,heap        ] GC(1649) ParOldGen: 2979019K(2979328K)->3085227K(3085312K)
[5436.502s][info][gc,metaspace   ] GC(1649) Metaspace: 29105K(29376K)->29105K(29376K) NonClass: 25998K(26112K)->25998K(26112K) Class: 3106K(3264K)->3106K(3264K)
[5436.502s][info][gc             ] GC(1649) Pause Young (Allocation Failure) 5467M->3168M(5575M) 101.417ms
[5436.502s][info][gc,cpu         ] GC(1649) User=0.56s Sys=0.03s Real=0.11s
..[5438.290s][info][gc,start       ] GC(1650) Pause Young (Allocation Failure)
[5438.389s][info][gc,heap        ] GC(1650) PSYoungGen: 2608564K(2623488K)->154949K(2604544K) Eden: 2449408K(2449408K)->0K(2449408K) From: 159156K(174080K)->154949K(155136K)
[5438.389s][info][gc,heap        ] GC(1650) ParOldGen: 3085227K(3085312K)->3191099K(3191296K)
[5438.389s][info][gc,metaspace   ] GC(1650) Metaspace: 29105K(29376K)->29105K(29376K) NonClass: 25998K(26112K)->25998K(26112K) Class: 3106K(3264K)->3106K(3264K)
[5438.389s][info][gc             ] GC(1650) Pause Young (Allocation Failure) 5560M->3267M(5660M) 99.409ms
[5438.389s][info][gc,cpu         ] GC(1650) User=0.55s Sys=0.03s Real=0.10s
..[5440.243s][info][gc,start       ] GC(1651) Pause Young (Allocation Failure)
[5440.348s][info][gc,heap        ] GC(1651) PSYoungGen: 2604357K(2604544K)->172013K(2540032K) Eden: 2449408K(2449408K)->0K(2368000K) From: 154949K(155136K)->172013K(172032K)
[5440.349s][info][gc,heap        ] GC(1651) ParOldGen: 3191099K(3191296K)->3294011K(3294208K)
[5440.349s][info][gc,metaspace   ] GC(1651) Metaspace: 29105K(29376K)->29105K(29376K) NonClass: 25998K(26112K)->25998K(26112K) Class: 3106K(3264K)->3106K(3264K)
[5440.349s][info][gc             ] GC(1651) Pause Young (Allocation Failure) 5659M->3384M(5697M) 105.901ms
[5440.349s][info][gc,cpu         ] GC(1651) User=0.59s Sys=0.04s Real=0.10s
..[5442.169s][info][gc,start       ] GC(1652) Pause Young (Allocation Failure)
[5442.265s][info][gc,heap        ] GC(1652) PSYoungGen: 2540013K(2540032K)->148192K(2582016K) Eden: 2368000K(2368000K)->0K(2368000K) From: 172013K(172032K)->148192K(214016K)
[5442.265s][info][gc,heap        ] GC(1652) ParOldGen: 3294011K(3294208K)->3398107K(3398144K)
[5442.265s][info][gc,metaspace   ] GC(1652) Metaspace: 29105K(29376K)->29105K(29376K) NonClass: 25998K(26112K)->25998K(26112K) Class: 3106K(3264K)->3106K(3264K)
[5442.265s][info][gc             ] GC(1652) Pause Young (Allocation Failure) 5697M->3463M(5840M) 95.474ms
[5442.265s][info][gc,cpu         ] GC(1652) User=0.54s Sys=0.03s Real=0.10s
..[5444.039s][info][gc,start       ] GC(1653) Pause Young (Allocation Failure)
[5444.138s][info][gc,heap        ] GC(1653) PSYoungGen: 2516192K(2582016K)->153365K(2577408K) Eden: 2368000K(2368000K)->0K(2368512K) From: 148192K(214016K)->153365K(208896K)
[5444.138s][info][gc,heap        ] GC(1653) ParOldGen: 3398107K(3398144K)->3499947K(3500032K)
[5444.138s][info][gc,metaspace   ] GC(1653) Metaspace: 29105K(29376K)->29105K(29376K) NonClass: 25998K(26112K)->25998K(26112K) Class: 3106K(3264K)->3106K(3264K)
[5444.138s][info][gc             ] GC(1653) Pause Young (Allocation Failure) 5775M->3567M(5935M) 98.487ms
[5444.138s][info][gc,cpu         ] GC(1653) User=0.56s Sys=0.03s Real=0.10s
..[5445.990s][info][gc,start       ] GC(1654) Pause Young (Allocation Failure)
[5446.088s][info][gc,heap        ] GC(1654) PSYoungGen: 2521877K(2577408K)->151684K(2579968K) Eden: 2368512K(2368512K)->0K(2368512K) From: 153365K(208896K)->151684K(211456K)
[5446.088s][info][gc,heap        ] GC(1654) ParOldGen: 3499947K(3500032K)->3603899K(3603968K)
[5446.088s][info][gc,metaspace   ] GC(1654) Metaspace: 29105K(29376K)->29105K(29376K) NonClass: 25998K(26112K)->25998K(26112K) Class: 3106K(3264K)->3106K(3264K)
[5446.088s][info][gc             ] GC(1654) Pause Young (Allocation Failure) 5880M->3667M(6039M) 98.275ms
[5446.088s][info][gc,cpu         ] GC(1654) User=0.55s Sys=0.03s Real=0.10s
..[5447.889s][info][gc,start       ] GC(1655) Pause Young (Allocation Failure)
[5447.992s][info][gc,heap        ] GC(1655) PSYoungGen: 2520196K(2579968K)->163600K(2575872K) Eden: 2368512K(2368512K)->0K(2375168K) From: 151684K(211456K)->163600K(200704K)
[5447.992s][info][gc,heap        ] GC(1655) ParOldGen: 3603899K(3603968K)->3705699K(3705856K)
[5447.992s][info][gc,metaspace   ] GC(1655) Metaspace: 29105K(29376K)->29105K(29376K) NonClass: 25998K(26112K)->25998K(26112K) Class: 3106K(3264K)->3106K(3264K)
[5447.992s][info][gc             ] GC(1655) Pause Young (Allocation Failure) 5980M->3778M(6134M) 102.385ms
[5447.992s][info][gc,cpu         ] GC(1655) User=0.58s Sys=0.02s Real=0.10s
..[5449.789s][info][gc,start       ] GC(1656) Pause Young (Allocation Failure)
[5449.886s][info][gc,heap        ] GC(1656) PSYoungGen: 2538768K(2575872K)->154016K(2580480K) Eden: 2375168K(2375168K)->0K(2375168K) From: 163600K(200704K)->154016K(205312K)
[5449.886s][info][gc,heap        ] GC(1656) ParOldGen: 3705699K(3705856K)->3805923K(3806208K)
[5449.886s][info][gc,metaspace   ] GC(1656) Metaspace: 29105K(29376K)->29105K(29376K) NonClass: 25998K(26112K)->25998K(26112K) Class: 3106K(3264K)->3106K(3264K)
[5449.886s][info][gc             ] GC(1656) Pause Young (Allocation Failure) 6098M->3867M(6237M) 96.581ms
[5449.886s][info][gc,cpu         ] GC(1656) User=0.54s Sys=0.03s Real=0.10s
.[5451.564s][info][gc,start       ] GC(1657) Pause Young (Allocation Failure)
[5451.663s][info][gc,heap        ] GC(1657) PSYoungGen: 2529184K(2580480K)->150596K(2585600K) Eden: 2375168K(2375168K)->0K(2387456K) From: 154016K(205312K)->150596K(198144K)
[5451.663s][info][gc,heap        ] GC(1657) ParOldGen: 3805923K(3806208K)->3911827K(3912192K)
[5451.663s][info][gc,metaspace   ] GC(1657) Metaspace: 29105K(29376K)->29105K(29376K) NonClass: 25998K(26112K)->25998K(26112K) Class: 3106K(3264K)->3106K(3264K)
[5451.663s][info][gc             ] GC(1657) Pause Young (Allocation Failure) 6186M->3967M(6345M) 99.069ms
[5451.663s][info][gc,cpu         ] GC(1657) User=0.53s Sys=0.04s Real=0.10s
..[5453.511s][info][gc,start       ] GC(1658) Pause Young (Allocation Failure)
[5453.613s][info][gc,heap        ] GC(1658) PSYoungGen: 2538052K(2585600K)->166041K(2589184K) Eden: 2387456K(2387456K)->0K(2387456K) From: 150596K(198144K)->166041K(201728K)
[5453.613s][info][gc,heap        ] GC(1658) ParOldGen: 3911827K(3912192K)->4007683K(4007936K)
[5453.613s][info][gc,metaspace   ] GC(1658) Metaspace: 29105K(29376K)->29105K(29376K) NonClass: 25998K(26112K)->25998K(26112K) Class: 3106K(3264K)->3106K(3264K)
[5453.613s][info][gc             ] GC(1658) Pause Young (Allocation Failure) 6298M->4075M(6442M) 101.833ms
[5453.613s][info][gc,cpu         ] GC(1658) User=0.57s Sys=0.03s Real=0.11s
..[5455.414s][info][gc,start       ] GC(1659) Pause Young (Allocation Failure)
[5455.512s][info][gc,heap        ] GC(1659) PSYoungGen: 2553497K(2589184K)->146336K(2591232K) Eden: 2387456K(2387456K)->0K(2395136K) From: 166041K(201728K)->146336K(196096K)
[5455.512s][info][gc,heap        ] GC(1659) ParOldGen: 4007683K(4007936K)->4118187K(4118528K)
[5455.512s][info][gc,metaspace   ] GC(1659) Metaspace: 29105K(29376K)->29105K(29376K) NonClass: 25998K(26112K)->25998K(26112K) Class: 3106K(3264K)->3106K(3264K)
[5455.512s][info][gc             ] GC(1659) Pause Young (Allocation Failure) 6407M->4164M(6552M) 97.842ms
[5455.512s][info][gc,cpu         ] GC(1659) User=0.54s Sys=0.04s Real=0.10s
..[5457.264s][info][gc,start       ] GC(1660) Pause Young (Allocation Failure)
[5457.367s][info][gc,heap        ] GC(1660) PSYoungGen: 2541472K(2591232K)->164090K(2593280K) Eden: 2395136K(2395136K)->0K(2395136K) From: 146336K(196096K)->164090K(198144K)
[5457.368s][info][gc,heap        ] GC(1660) ParOldGen: 4118187K(4118528K)->4217315K(4217344K)
[5457.368s][info][gc,metaspace   ] GC(1660) Metaspace: 29105K(29376K)->29105K(29376K) NonClass: 25998K(26112K)->25998K(26112K) Class: 3106K(3264K)->3106K(3264K)
[5457.368s][info][gc             ] GC(1660) Pause Young (Allocation Failure) 6503M->4278M(6651M) 103.365ms
[5457.368s][info][gc,cpu         ] GC(1660) User=0.58s Sys=0.03s Real=0.10s
.. (rIR:aIR:PR = 8856:8828:8829) (tPR = 132138) [OK] 
  5458s: Performance info:
         Transaction,    Success,    Partial,     Failed,   Receipts, AvgBarcode, 
             Overall,     538072,          0,          0,     511244,      59.47, 
         Response times:
             Request,    Success,    Partial,     Failed,   SkipFail,     Probes,    Samples,      min,      p50,      p90,      p95,      p99,      max, 
       TotalPurchase,     511141,          0,          0,          0,     356394,     451806,      300,     6400,    44000,    87000,   242000,   950000,
     InStorePurchase,     266378,          0,          0,          0,     187302,     237279,      300,     6500,    45000,    88000,   240000,   950000,
      OnlinePurchase,     190289,          0,          0,          0,     131779,     166762,      300,     6200,    43000,    86000,   242000,   950000,
        InstPurchase,      54474,          0,          0,          0,      37313,      47765,      300,     6300,    43400,    87000,   240000,   950000,
          AssocOfCat,        547,          0,          0,          0,        453,        697,    27000,    45000,   102200,   159000,   213080,   391000,
      AssocOfProduct,       5422,          0,          0,          0,       3765,       5010,      800,     6600,    44000,    89000,   225000,   398000,
      BusinessReport,       1355,          0,          0,          0,       1186,       1656,    31000,    56000,   112300,   162150,   278720,   481000,
          CustBuyBeh,       5353,          0,          0,          0,       3859,       5096,      500,     5300,    41000,    81150,   205000,   399000,
       ProductReturn,      14151,          0,          0,          0,       9903,      12877,      200,     6000,    40000,    85000,   183000,   422000,

  5458s: (65%)   IR =   8994 [5459.173s][info][gc,start       ] GC(1661) Pause Young (Allocation Failure)
[5459.270s][info][gc,heap        ] GC(1661) PSYoungGen: 2559226K(2593280K)->147808K(2596352K) Eden: 2395136K(2395136K)->0K(2402304K) From: 164090K(198144K)->147808K(194048K)
[5459.270s][info][gc,heap        ] GC(1661) ParOldGen: 4217315K(4217344K)->4323795K(4323840K)
[5459.270s][info][gc,metaspace   ] GC(1661) Metaspace: 29105K(29376K)->29105K(29376K) NonClass: 25998K(26112K)->25998K(26112K) Class: 3106K(3264K)->3106K(3264K)
[5459.270s][info][gc             ] GC(1661) Pause Young (Allocation Failure) 6617M->4366M(6758M) 97.039ms
[5459.270s][info][gc,cpu         ] GC(1661) User=0.53s Sys=0.04s Real=0.09s
..[5460.986s][info][gc,start       ] GC(1662) Pause Young (Allocation Failure)
[5461.085s][info][gc,heap        ] GC(1662) PSYoungGen: 2550112K(2596352K)->156004K(2596864K) Eden: 2402304K(2402304K)->0K(2402304K) From: 147808K(194048K)->156004K(194560K)
[5461.085s][info][gc,heap        ] GC(1662) ParOldGen: 4323795K(4323840K)->4423451K(4423680K)
[5461.085s][info][gc,metaspace   ] GC(1662) Metaspace: 29105K(29376K)->29105K(29376K) NonClass: 25998K(26112K)->25998K(26112K) Class: 3106K(3264K)->3106K(3264K)
[5461.085s][info][gc             ] GC(1662) Pause Young (Allocation Failure) 6712M->4472M(6856M) 98.692ms
[5461.085s][info][gc,cpu         ] GC(1662) User=0.55s Sys=0.03s Real=0.10s
..[5462.929s][info][gc,start       ] GC(1663) Pause Young (Allocation Failure)
[5463.032s][info][gc,heap        ] GC(1663) PSYoungGen: 2558308K(2596864K)->157856K(2597376K) Eden: 2402304K(2402304K)->0K(2409472K) From: 156004K(194560K)->157856K(187904K)
[5463.032s][info][gc,heap        ] GC(1663) ParOldGen: 4423451K(4423680K)->4529131K(4529152K)
[5463.032s][info][gc,metaspace   ] GC(1663) Metaspace: 29105K(29376K)->29105K(29376K) NonClass: 25998K(26112K)->25998K(26112K) Class: 3106K(3264K)->3106K(3264K)
[5463.032s][info][gc             ] GC(1663) Pause Young (Allocation Failure) 6818M->4577M(6959M) 103.425ms
[5463.032s][info][gc,cpu         ] GC(1663) User=0.58s Sys=0.03s Real=0.11s
.|[5464.717s][info][gc,start       ] GC(1664) Pause Young (Allocation Failure)
[5464.818s][info][gc,heap        ] GC(1664) PSYoungGen: 2567328K(2597376K)->156048K(2598400K) Eden: 2409472K(2409472K)->0K(2409472K) From: 157856K(187904K)->156048K(188928K)
[5464.818s][info][gc,heap        ] GC(1664) ParOldGen: 4529131K(4529152K)->4634051K(4634112K)
[5464.818s][info][gc,metaspace   ] GC(1664) Metaspace: 29105K(29376K)->29105K(29376K) NonClass: 25998K(26112K)->25998K(26112K) Class: 3106K(3264K)->3106K(3264K)
[5464.818s][info][gc             ] GC(1664) Pause Young (Allocation Failure) 6930M->4677M(7063M) 100.692ms
[5464.818s][info][gc,cpu         ] GC(1664) User=0.56s Sys=0.02s Real=0.10s
..[5466.596s][info][gc,start       ] GC(1665) Pause Young (Allocation Failure)
[5466.697s][info][gc,heap        ] GC(1665) PSYoungGen: 2565520K(2598400K)->159604K(2603008K) Eden: 2409472K(2409472K)->0K(2420224K) From: 156048K(188928K)->159604K(182784K)
[5466.697s][info][gc,heap        ] GC(1665) ParOldGen: 4634051K(4634112K)->4736083K(4736512K)
[5466.697s][info][gc,metaspace   ] GC(1665) Metaspace: 29105K(29376K)->29105K(29376K) NonClass: 25998K(26112K)->25998K(26112K) Class: 3106K(3264K)->3106K(3264K)
[5466.697s][info][gc             ] GC(1665) Pause Young (Allocation Failure) 7030M->4780M(7167M) 100.574ms
[5466.697s][info][gc,cpu         ] GC(1665) User=0.56s Sys=0.02s Real=0.10s
..[5468.479s][info][gc,start       ] GC(1666) Pause Young (Allocation Failure)
[5468.579s][info][gc,heap        ] GC(1666) PSYoungGen: 2579828K(2603008K)->157856K(2604544K) Eden: 2420224K(2420224K)->0K(2420224K) From: 159604K(182784K)->157856K(184320K)
[5468.579s][info][gc,heap        ] GC(1666) ParOldGen: 4736083K(4736512K)->4838451K(4838912K)
[5468.579s][info][gc,metaspace   ] GC(1666) Metaspace: 29105K(29376K)->29105K(29376K) NonClass: 25998K(26112K)->25998K(26112K) Class: 3106K(3264K)->3106K(3264K)
[5468.579s][info][gc             ] GC(1666) Pause Young (Allocation Failure) 7144M->4879M(7269M) 100.462ms
[5468.579s][info][gc,cpu         ] GC(1666) User=0.57s Sys=0.02s Real=0.10s
..[5470.375s][info][gc,start       ] GC(1667) Pause Young (Allocation Failure)
[5470.477s][info][gc,heap        ] GC(1667) PSYoungGen: 2578080K(2604544K)->162084K(2610688K) Eden: 2420224K(2420224K)->0K(2429952K) From: 157856K(184320K)->162084K(180736K)
[5470.477s][info][gc,heap        ] GC(1667) ParOldGen: 4838451K(4838912K)->4942371K(4942848K)
[5470.477s][info][gc,metaspace   ] GC(1667) Metaspace: 29105K(29376K)->29105K(29376K) NonClass: 25998K(26112K)->25998K(26112K) Class: 3106K(3264K)->3106K(3264K)
[5470.477s][info][gc             ] GC(1667) Pause Young (Allocation Failure) 7242M->4984M(7376M) 102.889ms
[5470.478s][info][gc,cpu         ] GC(1667) User=0.57s Sys=0.04s Real=0.10s
..[5472.330s][info][gc,start       ] GC(1668) Pause Young (Allocation Failure)
[5472.430s][info][gc,heap        ] GC(1668) PSYoungGen: 2592036K(2610688K)->155648K(2610688K) Eden: 2429952K(2429952K)->0K(2429952K) From: 162084K(180736K)->155648K(180736K)
[5472.430s][info][gc,heap        ] GC(1668) ParOldGen: 4942371K(4942848K)->5044491K(5044736K)
[5472.430s][info][gc,metaspace   ] GC(1668) Metaspace: 29105K(29376K)->29105K(29376K) NonClass: 25998K(26112K)->25998K(26112K) Class: 3106K(3264K)->3106K(3264K)
[5472.430s][info][gc             ] GC(1668) Pause Young (Allocation Failure) 7357M->5078M(7476M) 99.382ms
[5472.430s][info][gc,cpu         ] GC(1668) User=0.55s Sys=0.04s Real=0.10s
..[5474.227s][info][gc,start       ] GC(1669) Pause Young (Allocation Failure)
[5474.327s][info][gc,heap        ] GC(1669) PSYoungGen: 2585600K(2610688K)->150560K(2614272K) Eden: 2429952K(2429952K)->0K(2435072K) From: 155648K(180736K)->150560K(179200K)
[5474.327s][info][gc,heap        ] GC(1669) ParOldGen: 5044491K(5044736K)->5153011K(5153280K)
[5474.327s][info][gc,metaspace   ] GC(1669) Metaspace: 29105K(29376K)->29105K(29376K) NonClass: 25998K(26112K)->25998K(26112K) Class: 3106K(3264K)->3106K(3264K)
[5474.327s][info][gc             ] GC(1669) Pause Young (Allocation Failure) 7451M->5179M(7585M) 100.026ms
[5474.327s][info][gc,cpu         ] GC(1669) User=0.56s Sys=0.03s Real=0.10s
..[5476.073s][info][gc,start       ] GC(1670) Pause Young (Allocation Failure)
[5476.175s][info][gc,heap        ] GC(1670) PSYoungGen: 2585632K(2614272K)->158387K(2613760K) Eden: 2435072K(2435072K)->0K(2435072K) From: 150560K(179200K)->158387K(178688K)
[5476.175s][info][gc,heap        ] GC(1670) ParOldGen: 5153011K(5153280K)->5254187K(5254656K)
[5476.175s][info][gc,metaspace   ] GC(1670) Metaspace: 29105K(29376K)->29105K(29376K) NonClass: 25998K(26112K)->25998K(26112K) Class: 3106K(3264K)->3106K(3264K)
[5476.175s][info][gc             ] GC(1670) Pause Young (Allocation Failure) 7557M->5285M(7684M) 101.600ms
[5476.175s][info][gc,cpu         ] GC(1670) User=0.56s Sys=0.03s Real=0.10s
.[5478.003s][info][gc,start       ] GC(1671) Pause Young (Allocation Failure)
[5478.099s][info][gc,heap        ] GC(1671) PSYoungGen: 2593459K(2613760K)->145440K(2614272K) Eden: 2435072K(2435072K)->0K(2437632K) From: 158387K(178688K)->145440K(176640K)
[5478.099s][info][gc,heap        ] GC(1671) ParOldGen: 5254187K(5254656K)->5358803K(5359104K)
[5478.099s][info][gc,metaspace   ] GC(1671) Metaspace: 29105K(29376K)->29105K(29376K) NonClass: 25998K(26112K)->25998K(26112K) Class: 3106K(3264K)->3106K(3264K)
[5478.099s][info][gc             ] GC(1671) Pause Young (Allocation Failure) 7663M->5375M(7786M) 96.342ms
[5478.099s][info][gc,cpu         ] GC(1671) User=0.53s Sys=0.03s Real=0.09s
..[5479.951s][info][gc,start       ] GC(1672) Pause Young (Allocation Failure)
[5480.048s][info][gc,heap        ] GC(1672) PSYoungGen: 2583072K(2614272K)->147424K(2614784K) Eden: 2437632K(2437632K)->0K(2437632K) From: 145440K(176640K)->147424K(177152K)
[5480.048s][info][gc,heap        ] GC(1672) ParOldGen: 5358803K(5359104K)->5461435K(5461504K)
[5480.048s][info][gc,metaspace   ] GC(1672) Metaspace: 29105K(29376K)->29105K(29376K) NonClass: 25998K(26112K)->25998K(26112K) Class: 3106K(3264K)->3106K(3264K)
[5480.048s][info][gc             ] GC(1672) Pause Young (Allocation Failure) 7755M->5477M(7887M) 96.598ms
[5480.048s][info][gc,cpu         ] GC(1672) User=0.53s Sys=0.04s Real=0.10s
..[5481.898s][info][gc,start       ] GC(1673) Pause Young (Allocation Failure)
[5481.995s][info][gc,heap        ] GC(1673) PSYoungGen: 2585056K(2614784K)->150368K(2616832K) Eden: 2437632K(2437632K)->0K(2442240K) From: 147424K(177152K)->150368K(174592K)
[5481.995s][info][gc,heap        ] GC(1673) ParOldGen: 5461435K(5461504K)->5567619K(5568000K)
[5481.995s][info][gc,metaspace   ] GC(1673) Metaspace: 29105K(29376K)->29105K(29376K) NonClass: 25998K(26112K)->25998K(26112K) Class: 3106K(3264K)->3106K(3264K)
[5481.996s][info][gc             ] GC(1673) Pause Young (Allocation Failure) 7857M->5583M(7993M) 97.581ms
[5481.996s][info][gc,cpu         ] GC(1673) User=0.54s Sys=0.04s Real=0.10s
..[5483.779s][info][gc,start       ] GC(1674) Pause Full (Allocation Failure)
[5483.779s][info][gc,phases,start] GC(1674) Marking Phase
[5484.092s][info][gc,phases      ] GC(1674) Marking Phase 313.559ms
[5484.092s][info][gc,phases,start] GC(1674) Summary Phase
[5484.093s][info][gc,phases      ] GC(1674) Summary Phase 0.102ms
[5484.093s][info][gc,phases,start] GC(1674) Forward
[5484.230s][info][gc,phases      ] GC(1674) Forward 137.600ms
[5484.230s][info][gc,phases,start] GC(1674) Adjust Pointers
[5484.445s][info][gc,phases      ] GC(1674) Adjust Pointers 214.808ms
[5484.445s][info][gc,phases,start] GC(1674) Compaction Phase
[5484.596s][info][gc,phases      ] GC(1674) Compaction Phase 150.985ms
[5484.598s][info][gc,phases,start] GC(1674) Post Compact
[5484.605s][info][gc,phases      ] GC(1674) Post Compact 6.994ms
[5484.726s][info][gc,heap        ] GC(1674) PSYoungGen: 2592608K(2616832K)->0K(2617856K) Eden: 2442240K(2442240K)->0K(2442240K) From: 150368K(174592K)->0K(175616K)
[5484.726s][info][gc,heap        ] GC(1674) ParOldGen: 5567619K(5568000K)->1633108K(2006528K)
[5484.726s][info][gc,metaspace   ] GC(1674) Metaspace: 29105K(29376K)->29105K(29376K) NonClass: 25998K(26112K)->25998K(26112K) Class: 3106K(3264K)->3106K(3264K)
[5484.726s][info][gc             ] GC(1674) Pause Full (Allocation Failure) 7968M->1594M(4516M) 947.655ms
[5484.727s][info][gc,cpu         ] GC(1674) User=4.41s Sys=0.12s Real=0.95s
..[5486.073s][info][gc,start       ] GC(1675) Pause Young (Allocation Failure)
[5486.135s][info][gc,heap        ] GC(1675) PSYoungGen: 2442240K(2617856K)->151408K(2618368K) Eden: 2442240K(2442240K)->0K(2444800K) From: 0K(175616K)->151408K(173568K)
[5486.136s][info][gc,heap        ] GC(1675) ParOldGen: 1633108K(2006528K)->1633108K(2006528K)
[5486.136s][info][gc,metaspace   ] GC(1675) Metaspace: 29105K(29376K)->29105K(29376K) NonClass: 25998K(26112K)->25998K(26112K) Class: 3106K(3264K)->3106K(3264K)
[5486.136s][info][gc             ] GC(1675) Pause Young (Allocation Failure) 3979M->1742M(4516M) 62.178ms
[5486.136s][info][gc,cpu         ] GC(1675) User=0.37s Sys=0.00s Real=0.06s
.[5487.653s][info][gc,start       ] GC(1676) Pause Young (Allocation Failure)
[5487.750s][info][gc,heap        ] GC(1676) PSYoungGen: 2596208K(2618368K)->165892K(2619392K) Eden: 2444800K(2444800K)->0K(2444800K) From: 151408K(173568K)->165892K(174592K)
[5487.751s][info][gc,heap        ] GC(1676) ParOldGen: 1633108K(2006528K)->1738820K(2006528K)
[5487.751s][info][gc,metaspace   ] GC(1676) Metaspace: 29105K(29376K)->29105K(29376K) NonClass: 25998K(26112K)->25998K(26112K) Class: 3106K(3264K)->3106K(3264K)
[5487.751s][info][gc             ] GC(1676) Pause Young (Allocation Failure) 4130M->1860M(4517M) 97.515ms
[5487.751s][info][gc,cpu         ] GC(1676) User=0.58s Sys=0.00s Real=0.09s
..[5489.547s][info][gc,start       ] GC(1677) Pause Young (Allocation Failure)
[5489.638s][info][gc,heap        ] GC(1677) PSYoungGen: 2610692K(2619392K)->152544K(2619904K) Eden: 2444800K(2444800K)->0K(2444288K) From: 165892K(174592K)->152544K(175616K)
[5489.638s][info][gc,heap        ] GC(1677) ParOldGen: 1738820K(2006528K)->1847148K(2006528K)
[5489.638s][info][gc,metaspace   ] GC(1677) Metaspace: 29105K(29376K)->29105K(29376K) NonClass: 25998K(26112K)->25998K(26112K) Class: 3106K(3264K)->3106K(3264K)
[5489.638s][info][gc             ] GC(1677) Pause Young (Allocation Failure) 4247M->1952M(4518M) 91.220ms
[5489.638s][info][gc,cpu         ] GC(1677) User=0.54s Sys=0.00s Real=0.09s
..[5491.415s][info][gc,start       ] GC(1678) Pause Young (Allocation Failure)
[5491.506s][info][gc,heap        ] GC(1678) PSYoungGen: 2596832K(2619904K)->152096K(2596864K) Eden: 2444288K(2444288K)->0K(2444288K) From: 152544K(175616K)->152096K(152576K)
[5491.506s][info][gc,heap        ] GC(1678) ParOldGen: 1847148K(2006528K)->1951076K(2006528K)
[5491.506s][info][gc,metaspace   ] GC(1678) Metaspace: 29105K(29376K)->29105K(29376K) NonClass: 25998K(26112K)->25998K(26112K) Class: 3106K(3264K)->3106K(3264K)
[5491.506s][info][gc             ] GC(1678) Pause Young (Allocation Failure) 4339M->2053M(4495M) 91.708ms
[5491.506s][info][gc,cpu         ] GC(1678) User=0.54s Sys=0.00s Real=0.09s
..[5493.331s][info][gc,start       ] GC(1679) Pause Young (Allocation Failure)
[5493.426s][info][gc,heap        ] GC(1679) PSYoungGen: 2596384K(2596864K)->152369K(2619904K) Eden: 2444288K(2444288K)->0K(2446336K) From: 152096K(152576K)->152369K(173568K)
[5493.426s][info][gc,heap        ] GC(1679) ParOldGen: 1951076K(2006528K)->2054892K(2055168K)
[5493.426s][info][gc,metaspace   ] GC(1679) Metaspace: 29105K(29376K)->29105K(29376K) NonClass: 25998K(26112K)->25998K(26112K) Class: 3106K(3264K)->3106K(3264K)
[5493.426s][info][gc             ] GC(1679) Pause Young (Allocation Failure) 4440M->2155M(4565M) 94.780ms
[5493.426s][info][gc,cpu         ] GC(1679) User=0.54s Sys=0.02s Real=0.10s
..[5495.257s][info][gc,start       ] GC(1680) Pause Young (Allocation Failure)
[5495.352s][info][gc,heap        ] GC(1680) PSYoungGen: 2598705K(2619904K)->152928K(2618880K) Eden: 2446336K(2446336K)->0K(2446336K) From: 152369K(173568K)->152928K(172544K)
[5495.352s][info][gc,heap        ] GC(1680) ParOldGen: 2054892K(2055168K)->2157804K(2158080K)
[5495.352s][info][gc,metaspace   ] GC(1680) Metaspace: 29105K(29376K)->29105K(29376K) NonClass: 25998K(26112K)->25998K(26112K) Class: 3106K(3264K)->3106K(3264K)
[5495.352s][info][gc             ] GC(1680) Pause Young (Allocation Failure) 4544M->2256M(4665M) 95.112ms
[5495.352s][info][gc,cpu         ] GC(1680) User=0.53s Sys=0.03s Real=0.09s
..[5497.181s][info][gc,start       ] GC(1681) Pause Young (Allocation Failure)
[5497.279s][info][gc,heap        ] GC(1681) PSYoungGen: 2599264K(2618880K)->154260K(2621952K) Eden: 2446336K(2446336K)->0K(2451456K) From: 152928K(172544K)->154260K(170496K)
[5497.279s][info][gc,heap        ] GC(1681) ParOldGen: 2157804K(2158080K)->2262508K(2262528K)
[5497.279s][info][gc,metaspace   ] GC(1681) Metaspace: 29105K(29376K)->29105K(29376K) NonClass: 25998K(26112K)->25998K(26112K) Class: 3106K(3264K)->3106K(3264K)
[5497.279s][info][gc             ] GC(1681) Pause Young (Allocation Failure) 4645M->2360M(4770M) 97.634ms
[5497.279s][info][gc,cpu         ] GC(1681) User=0.56s Sys=0.02s Real=0.10s
..[5499.018s][info][gc,start       ] GC(1682) Pause Young (Allocation Failure)
[5499.116s][info][gc,heap        ] GC(1682) PSYoungGen: 2605716K(2621952K)->155509K(2620928K) Eden: 2451456K(2451456K)->0K(2451456K) From: 154260K(170496K)->155509K(169472K)
[5499.116s][info][gc,heap        ] GC(1682) ParOldGen: 2262508K(2262528K)->2366588K(2366976K)
[5499.116s][info][gc,metaspace   ] GC(1682) Metaspace: 29105K(29376K)->29105K(29376K) NonClass: 25998K(26112K)->25998K(26112K) Class: 3106K(3264K)->3106K(3264K)
[5499.116s][info][gc             ] GC(1682) Pause Young (Allocation Failure) 4754M->2462M(4871M) 97.439ms
[5499.116s][info][gc,cpu         ] GC(1682) User=0.55s Sys=0.02s Real=0.10s
..[5500.909s][info][gc,start       ] GC(1683) Pause Young (Allocation Failure)
[5501.008s][info][gc,heap        ] GC(1683) PSYoungGen: 2606965K(2620928K)->162400K(2622976K) Eden: 2451456K(2451456K)->0K(2454528K) From: 155509K(169472K)->162400K(168448K)
[5501.008s][info][gc,heap        ] GC(1683) ParOldGen: 2366588K(2366976K)->2468788K(2468864K)
[5501.008s][info][gc,metaspace   ] GC(1683) Metaspace: 29105K(29376K)->29105K(29376K) NonClass: 25998K(26112K)->25998K(26112K) Class: 3106K(3264K)->3106K(3264K)
[5501.008s][info][gc             ] GC(1683) Pause Young (Allocation Failure) 4856M->2569M(4972M) 99.435ms
[5501.008s][info][gc,cpu         ] GC(1683) User=0.56s Sys=0.03s Real=0.10s
.[5502.756s][info][gc,start       ] GC(1684) Pause Young (Allocation Failure)
[5502.863s][info][gc,heap        ] GC(1684) PSYoungGen: 2616928K(2622976K)->169957K(2624512K) Eden: 2454528K(2454528K)->0K(2454528K) From: 162400K(168448K)->169957K(169984K)
[5502.863s][info][gc,heap        ] GC(1684) ParOldGen: 2468788K(2468864K)->2577540K(2577920K)
[5502.863s][info][gc,metaspace   ] GC(1684) Metaspace: 29105K(29376K)->29105K(29376K) NonClass: 25998K(26112K)->25998K(26112K) Class: 3106K(3264K)->3106K(3264K)
[5502.863s][info][gc             ] GC(1684) Pause Young (Allocation Failure) 4966M->2683M(5080M) 106.933ms
[5502.863s][info][gc,cpu         ] GC(1684) User=0.59s Sys=0.04s Real=0.11s
..[5504.774s][info][gc,start       ] GC(1685) Pause Young (Allocation Failure)
[5504.873s][info][gc,heap        ] GC(1685) PSYoungGen: 2624485K(2624512K)->161408K(2546688K) Eden: 2454528K(2454528K)->0K(2375168K) From: 169957K(169984K)->161408K(171520K)
[5504.873s][info][gc,heap        ] GC(1685) ParOldGen: 2577540K(2577920K)->2681452K(2681856K)
[5504.873s][info][gc,metaspace   ] GC(1685) Metaspace: 29105K(29376K)->29105K(29376K) NonClass: 25998K(26112K)->25998K(26112K) Class: 3106K(3264K)->3106K(3264K)
[5504.873s][info][gc             ] GC(1685) Pause Young (Allocation Failure) 5080M->2776M(5106M) 98.704ms
[5504.873s][info][gc,cpu         ] GC(1685) User=0.55s Sys=0.04s Real=0.10s
..[5506.563s][info][gc,start       ] GC(1686) Pause Young (Allocation Failure)
[5506.658s][info][gc,heap        ] GC(1686) PSYoungGen: 2536576K(2546688K)->150144K(2585600K) Eden: 2375168K(2375168K)->0K(2375168K) From: 161408K(171520K)->150144K(210432K)
[5506.658s][info][gc,heap        ] GC(1686) ParOldGen: 2681452K(2681856K)->2788628K(2788864K)
[5506.658s][info][gc,metaspace   ] GC(1686) Metaspace: 29105K(29376K)->29105K(29376K) NonClass: 25998K(26112K)->25998K(26112K) Class: 3106K(3264K)->3106K(3264K)
[5506.658s][info][gc             ] GC(1686) Pause Young (Allocation Failure) 5095M->2869M(5248M) 95.751ms
[5506.658s][info][gc,cpu         ] GC(1686) User=0.53s Sys=0.03s Real=0.09s
..[5508.397s][info][gc,start       ] GC(1687) Pause Young (Allocation Failure)
[5508.500s][info][gc,heap        ] GC(1687) PSYoungGen: 2525312K(2585600K)->163690K(2576384K) Eden: 2375168K(2375168K)->0K(2376192K) From: 150144K(210432K)->163690K(200192K)
[5508.500s][info][gc,heap        ] GC(1687) ParOldGen: 2788628K(2788864K)->2891084K(2891264K)
[5508.500s][info][gc,metaspace   ] GC(1687) Metaspace: 29105K(29376K)->29105K(29376K) NonClass: 25998K(26112K)->25998K(26112K) Class: 3106K(3264K)->3106K(3264K)
[5508.500s][info][gc             ] GC(1687) Pause Young (Allocation Failure) 5189M->2983M(5339M) 102.411ms
[5508.500s][info][gc,cpu         ] GC(1687) User=0.58s Sys=0.02s Real=0.10s
..[5510.188s][info][gc,start       ] GC(1688) Pause Young (Allocation Failure)
[5510.289s][info][gc,heap        ] GC(1688) PSYoungGen: 2539882K(2576384K)->160693K(2581504K) Eden: 2376192K(2376192K)->0K(2376192K) From: 163690K(200192K)->160693K(205312K)
[5510.289s][info][gc,heap        ] GC(1688) ParOldGen: 2891084K(2891264K)->2992644K(2993152K)
[5510.289s][info][gc,metaspace   ] GC(1688) Metaspace: 29105K(29376K)->29105K(29376K) NonClass: 25998K(26112K)->25998K(26112K) Class: 3106K(3264K)->3106K(3264K)
[5510.289s][info][gc             ] GC(1688) Pause Young (Allocation Failure) 5303M->3079M(5444M) 100.419ms
[5510.289s][info][gc,cpu         ] GC(1688) User=0.57s Sys=0.03s Real=0.10s
..[5512.018s][info][gc,start       ] GC(1689) Pause Young (Allocation Failure)
[5512.112s][info][gc,heap        ] GC(1689) PSYoungGen: 2536885K(2581504K)->147296K(2586624K) Eden: 2376192K(2376192K)->0K(2388480K) From: 160693K(205312K)->147296K(198144K)
[5512.112s][info][gc,heap        ] GC(1689) ParOldGen: 2992644K(2993152K)->3094148K(3094528K)
[5512.112s][info][gc,metaspace   ] GC(1689) Metaspace: 29105K(29376K)->29105K(29376K) NonClass: 25998K(26112K)->25998K(26112K) Class: 3106K(3264K)->3106K(3264K)
[5512.112s][info][gc             ] GC(1689) Pause Young (Allocation Failure) 5399M->3165M(5548M) 94.616ms
[5512.112s][info][gc,cpu         ] GC(1689) User=0.53s Sys=0.04s Real=0.10s
.[5513.818s][info][gc,start       ] GC(1690) Pause Young (Allocation Failure)
[5513.921s][info][gc,heap        ] GC(1690) PSYoungGen: 2535776K(2586624K)->166896K(2589696K) Eden: 2388480K(2388480K)->0K(2388480K) From: 147296K(198144K)->166896K(201216K)
[5513.921s][info][gc,heap        ] GC(1690) ParOldGen: 3094148K(3094528K)->3199036K(3199488K)
[5513.921s][info][gc,metaspace   ] GC(1690) Metaspace: 29105K(29376K)->29105K(29376K) NonClass: 25998K(26112K)->25998K(26112K) Class: 3106K(3264K)->3106K(3264K)
[5513.921s][info][gc             ] GC(1690) Pause Young (Allocation Failure) 5497M->3287M(5653M) 102.725ms
[5513.921s][info][gc,cpu         ] GC(1690) User=0.57s Sys=0.03s Real=0.10s
..[5515.650s][info][gc,start       ] GC(1691) Pause Young (Allocation Failure)
[5515.753s][info][gc,heap        ] GC(1691) PSYoungGen: 2555376K(2589696K)->169620K(2592256K) Eden: 2388480K(2388480K)->0K(2396160K) From: 166896K(201216K)->169620K(196096K)
[5515.753s][info][gc,heap        ] GC(1691) ParOldGen: 3199036K(3199488K)->3300596K(3300864K)
[5515.753s][info][gc,metaspace   ] GC(1691) Metaspace: 29105K(29376K)->29105K(29376K) NonClass: 25998K(26112K)->25998K(26112K) Class: 3106K(3264K)->3106K(3264K)
[5515.753s][info][gc             ] GC(1691) Pause Young (Allocation Failure) 5619M->3388M(5755M) 102.935ms
[5515.753s][info][gc,cpu         ] GC(1691) User=0.58s Sys=0.03s Real=0.11s
..[5517.471s][info][gc,start       ] GC(1692) Pause Young (Allocation Failure)
[5517.568s][info][gc,heap        ] GC(1692) PSYoungGen: 2565780K(2592256K)->150752K(2593792K) Eden: 2396160K(2396160K)->0K(2396160K) From: 169620K(196096K)->150752K(197632K)
[5517.568s][info][gc,heap        ] GC(1692) ParOldGen: 3300596K(3300864K)->3405828K(3406336K)
[5517.568s][info][gc,metaspace   ] GC(1692) Metaspace: 29105K(29376K)->29105K(29376K) NonClass: 25998K(26112K)->25998K(26112K) Class: 3106K(3264K)->3106K(3264K)
[5517.568s][info][gc             ] GC(1692) Pause Young (Allocation Failure) 5728M->3473M(5859M) 97.012ms
[5517.568s][info][gc,cpu         ] GC(1692) User=0.54s Sys=0.03s Real=0.10s
..[5519.322s][info][gc,start       ] GC(1693) Pause Young (Allocation Failure)
[5519.418s][info][gc,heap        ] GC(1693) PSYoungGen: 2546912K(2593792K)->147648K(2595840K) Eden: 2396160K(2396160K)->0K(2401792K) From: 150752K(197632K)->147648K(194048K)
[5519.418s][info][gc,heap        ] GC(1693) ParOldGen: 3405828K(3406336K)->3510172K(3510272K)
[5519.418s][info][gc,metaspace   ] GC(1693) Metaspace: 29105K(29376K)->29105K(29376K) NonClass: 25998K(26112K)->25998K(26112K) Class: 3106K(3264K)->3106K(3264K)
[5519.418s][info][gc             ] GC(1693) Pause Young (Allocation Failure) 5813M->3572M(5963M) 96.153ms
[5519.418s][info][gc,cpu         ] GC(1693) User=0.52s Sys=0.04s Real=0.09s
..[5521.217s][info][gc,start       ] GC(1694) Pause Young (Allocation Failure)
[5521.319s][info][gc,heap        ] GC(1694) PSYoungGen: 2549440K(2595840K)->159174K(2597376K) Eden: 2401792K(2401792K)->0K(2401792K) From: 147648K(194048K)->159174K(195584K)
[5521.319s][info][gc,heap        ] GC(1694) ParOldGen: 3510172K(3510272K)->3612308K(3612672K)
[5521.319s][info][gc,metaspace   ] GC(1694) Metaspace: 29105K(29376K)->29105K(29376K) NonClass: 25998K(26112K)->25998K(26112K) Class: 3106K(3264K)->3106K(3264K)
[5521.319s][info][gc             ] GC(1694) Pause Young (Allocation Failure) 5917M->3683M(6064M) 101.234ms
[5521.319s][info][gc,cpu         ] GC(1694) User=0.56s Sys=0.04s Real=0.10s
..[5523.033s][info][gc,start       ] GC(1695) Pause Young (Allocation Failure)
[5523.134s][info][gc,heap        ] GC(1695) PSYoungGen: 2560966K(2597376K)->158173K(2596864K) Eden: 2401792K(2401792K)->0K(2407936K) From: 159174K(195584K)->158173K(188928K)
[5523.134s][info][gc,heap        ] GC(1695) ParOldGen: 3612308K(3612672K)->3718028K(3718144K)
[5523.134s][info][gc,metaspace   ] GC(1695) Metaspace: 29105K(29376K)->29105K(29376K) NonClass: 25998K(26112K)->25998K(26112K) Class: 3106K(3264K)->3106K(3264K)
[5523.134s][info][gc             ] GC(1695) Pause Young (Allocation Failure) 6028M->3785M(6167M) 101.205ms
[5523.134s][info][gc,cpu         ] GC(1695) User=0.56s Sys=0.03s Real=0.10s
. (rIR:aIR:PR = 8994:9017:9017) (tPR = 133544) [OK] 
  5523s: Performance info:
         Transaction,    Success,    Partial,     Failed,   Receipts, AvgBarcode, 
             Overall,     542431,          0,          0,     515483,      59.48, 
         Response times:
             Request,    Success,    Partial,     Failed,   SkipFail,     Probes,    Samples,      min,      p50,      p90,      p95,      p99,      max, 
       TotalPurchase,     515483,          0,          0,          0,     350563,     392706,      300,     6800,    55000,   107000,   389000,  1100000,
     InStorePurchase,     271926,          0,          0,          0,     184643,     206686,      300,     6800,    55000,   107000,   310000,  1100000,
      OnlinePurchase,     189006,          0,          0,          0,     128207,     143787,      300,     6600,    55000,   107000,   319000,  1100000,
        InstPurchase,      54551,          0,          0,          0,      37713,      42233,      400,     7400,    59000,   110000,   610000,  1100000,
          AssocOfCat,        542,          0,          0,          0,        415,        533,    22000,    44000,   105600,   170800,   491560,   595000,
      AssocOfProduct,       5451,          0,          0,          0,       3835,       4484,      500,     6200,    52000,   110000,   690000,   970000,
      BusinessReport,       1351,          0,          0,          0,       1177,       1407,    28000,    56000,   131000,   211600,   638400,  1100000,
          CustBuyBeh,       5419,          0,          0,          0,       3800,       4455,      200,     3600,    41000,   103200,   435000,   670000,
       ProductReturn,      14186,          0,          0,          0,      10064,      11533,      200,     7300,    61000,   130300,   498000,   960000,

  5523s: (66%)   IR =   9132 [5524.925s][info][gc,start       ] GC(1696) Pause Young (Allocation Failure)
[5525.033s][info][gc,heap        ] GC(1696) PSYoungGen: 2566109K(2596864K)->176164K(2597888K) Eden: 2407936K(2407936K)->0K(2407936K) From: 158173K(188928K)->176164K(189952K)
[5525.033s][info][gc,heap        ] GC(1696) ParOldGen: 3718028K(3718144K)->3818108K(3818496K)
[5525.033s][info][gc,metaspace   ] GC(1696) Metaspace: 29105K(29376K)->29105K(29376K) NonClass: 25998K(26112K)->25998K(26112K) Class: 3106K(3264K)->3106K(3264K)
[5525.033s][info][gc             ] GC(1696) Pause Young (Allocation Failure) 6136M->3900M(6266M) 107.378ms
[5525.033s][info][gc,cpu         ] GC(1696) User=0.60s Sys=0.03s Real=0.11s
..[5526.654s][info][gc,start       ] GC(1697) Pause Young (Allocation Failure)
[5526.753s][info][gc,heap        ] GC(1697) PSYoungGen: 2584100K(2597888K)->153472K(2604544K) Eden: 2407936K(2407936K)->0K(2411520K) From: 176164K(189952K)->153472K(193024K)
[5526.753s][info][gc,heap        ] GC(1697) ParOldGen: 3818108K(3818496K)->3925708K(3926016K)
[5526.753s][info][gc,metaspace   ] GC(1697) Metaspace: 29105K(29376K)->29105K(29376K) NonClass: 25998K(26112K)->25998K(26112K) Class: 3106K(3264K)->3106K(3264K)
[5526.753s][info][gc             ] GC(1697) Pause Young (Allocation Failure) 6252M->3983M(6377M) 99.111ms
[5526.753s][info][gc,cpu         ] GC(1697) User=0.55s Sys=0.04s Real=0.10s
..[5528.547s][info][gc,start       ] GC(1698) Pause Young (Allocation Failure)
[5528.648s][info][gc,heap        ] GC(1698) PSYoungGen: 2564992K(2604544K)->155125K(2566656K) Eden: 2411520K(2411520K)->0K(2411520K) From: 153472K(193024K)->155125K(155136K)
[5528.648s][info][gc,heap        ] GC(1698) ParOldGen: 3925708K(3926016K)->4028740K(4028928K)
[5528.648s][info][gc,metaspace   ] GC(1698) Metaspace: 29105K(29376K)->29105K(29376K) NonClass: 25998K(26112K)->25998K(26112K) Class: 3106K(3264K)->3106K(3264K)
[5528.648s][info][gc             ] GC(1698) Pause Young (Allocation Failure) 6338M->4085M(6441M) 101.015ms
[5528.648s][info][gc,cpu         ] GC(1698) User=0.56s Sys=0.04s Real=0.10s
..[5530.397s][info][gc,start       ] GC(1699) Pause Young (Allocation Failure)
[5530.497s][info][gc,heap        ] GC(1699) PSYoungGen: 2566645K(2566656K)->158256K(2603520K) Eden: 2411520K(2411520K)->0K(2414080K) From: 155125K(155136K)->158256K(189440K)
[5530.497s][info][gc,heap        ] GC(1699) ParOldGen: 4028740K(4028928K)->4131668K(4131840K)
[5530.497s][info][gc,metaspace   ] GC(1699) Metaspace: 29105K(29376K)->29105K(29376K) NonClass: 25998K(26112K)->25998K(26112K) Class: 3106K(3264K)->3106K(3264K)
[5530.497s][info][gc             ] GC(1699) Pause Young (Allocation Failure) 6440M->4189M(6577M) 99.686ms
[5530.497s][info][gc,cpu         ] GC(1699) User=0.55s Sys=0.04s Real=0.10s
..[5532.193s][info][gc,start       ] GC(1700) Pause Young (Allocation Failure)
[5532.290s][info][gc,heap        ] GC(1700) PSYoungGen: 2572336K(2603520K)->148256K(2600960K) Eden: 2414080K(2414080K)->0K(2414080K) From: 158256K(189440K)->148256K(186880K)
[5532.290s][info][gc,heap        ] GC(1700) ParOldGen: 4131668K(4131840K)->4235716K(4235776K)
[5532.290s][info][gc,metaspace   ] GC(1700) Metaspace: 29105K(29376K)->29105K(29376K) NonClass: 25998K(26112K)->25998K(26112K) Class: 3106K(3264K)->3106K(3264K)
[5532.290s][info][gc             ] GC(1700) Pause Young (Allocation Failure) 6546M->4281M(6676M) 96.790ms
[5532.290s][info][gc,cpu         ] GC(1700) User=0.54s Sys=0.03s Real=0.09s
..[5534.075s][info][gc,start       ] GC(1701) Pause Young (Allocation Failure)
[5534.169s][info][gc,heap        ] GC(1701) PSYoungGen: 2562336K(2600960K)->146336K(2606592K) Eden: 2414080K(2414080K)->0K(2420224K) From: 148256K(186880K)->146336K(186368K)
[5534.169s][info][gc,heap        ] GC(1701) ParOldGen: 4235716K(4235776K)->4337612K(4337664K)
[5534.169s][info][gc,metaspace   ] GC(1701) Metaspace: 29105K(29376K)->29105K(29376K) NonClass: 25998K(26112K)->25998K(26112K) Class: 3106K(3264K)->3106K(3264K)
[5534.169s][info][gc             ] GC(1701) Pause Young (Allocation Failure) 6638M->4378M(6781M) 94.338ms
[5534.169s][info][gc,cpu         ] GC(1701) User=0.53s Sys=0.03s Real=0.09s
.[5535.868s][info][gc,start       ] GC(1702) Pause Young (Allocation Failure)
[5535.976s][info][gc,heap        ] GC(1702) PSYoungGen: 2566560K(2606592K)->175200K(2606080K) Eden: 2420224K(2420224K)->0K(2420224K) From: 146336K(186368K)->175200K(185856K)
[5535.976s][info][gc,heap        ] GC(1702) ParOldGen: 4337612K(4337664K)->4441660K(4442112K)
[5535.976s][info][gc,metaspace   ] GC(1702) Metaspace: 29105K(29376K)->29105K(29376K) NonClass: 25998K(26112K)->25998K(26112K) Class: 3106K(3264K)->3106K(3264K)
[5535.976s][info][gc             ] GC(1702) Pause Young (Allocation Failure) 6742M->4508M(6883M) 107.885ms
[5535.976s][info][gc,cpu         ] GC(1702) User=0.60s Sys=0.03s Real=0.11s
..[5537.817s][info][gc,start       ] GC(1703) Pause Young (Allocation Failure)
[5537.919s][info][gc,heap        ] GC(1703) PSYoungGen: 2595424K(2606080K)->163328K(2608128K) Eden: 2420224K(2420224K)->0K(2418688K) From: 175200K(185856K)->163328K(189440K)
[5537.919s][info][gc,heap        ] GC(1703) ParOldGen: 4441660K(4442112K)->4544628K(4545024K)
[5537.919s][info][gc,metaspace   ] GC(1703) Metaspace: 29105K(29376K)->29105K(29376K) NonClass: 25998K(26112K)->25998K(26112K) Class: 3106K(3264K)->3106K(3264K)
[5537.919s][info][gc             ] GC(1703) Pause Young (Allocation Failure) 6872M->4597M(6985M) 102.555ms
[5537.919s][info][gc,cpu         ] GC(1703) User=0.57s Sys=0.03s Real=0.10s
..[5539.633s][info][gc,start       ] GC(1704) Pause Young (Allocation Failure)
[5539.732s][info][gc,heap        ] GC(1704) PSYoungGen: 2582016K(2608128K)->155136K(2573824K) Eden: 2418688K(2418688K)->0K(2418688K) From: 163328K(189440K)->155136K(155136K)
[5539.732s][info][gc,heap        ] GC(1704) ParOldGen: 4544628K(4545024K)->4649612K(4649984K)
[5539.732s][info][gc,metaspace   ] GC(1704) Metaspace: 29105K(29376K)->29105K(29376K) NonClass: 25998K(26112K)->25998K(26112K) Class: 3106K(3264K)->3106K(3264K)
[5539.732s][info][gc             ] GC(1704) Pause Young (Allocation Failure) 6959M->4692M(7054M) 99.225ms
[5539.732s][info][gc,cpu         ] GC(1704) User=0.56s Sys=0.02s Real=0.10s
..[5541.448s][info][gc,start       ] GC(1705) Pause Young (Allocation Failure)
[5541.554s][info][gc,heap        ] GC(1705) PSYoungGen: 2573824K(2573824K)->166440K(2604544K) Eden: 2418688K(2418688K)->0K(2418688K) From: 155136K(155136K)->166440K(185856K)
[5541.554s][info][gc,heap        ] GC(1705) ParOldGen: 4649612K(4649984K)->4753844K(4753920K)
[5541.554s][info][gc,metaspace   ] GC(1705) Metaspace: 29105K(29376K)->29105K(29376K) NonClass: 25998K(26112K)->25998K(26112K) Class: 3106K(3264K)->3106K(3264K)
[5541.554s][info][gc             ] GC(1705) Pause Young (Allocation Failure) 7054M->4804M(7186M) 105.575ms
[5541.554s][info][gc,cpu         ] GC(1705) User=0.59s Sys=0.03s Real=0.11s
..[5543.282s][info][gc,start       ] GC(1706) Pause Young (Allocation Failure)
[5543.390s][info][gc,heap        ] GC(1706) PSYoungGen: 2585128K(2604544K)->170666K(2604544K) Eden: 2418688K(2418688K)->0K(2418688K) From: 166440K(185856K)->170666K(185856K)
[5543.390s][info][gc,heap        ] GC(1706) ParOldGen: 4753844K(4753920K)->4859556K(4859904K)
[5543.390s][info][gc,metaspace   ] GC(1706) Metaspace: 29105K(29376K)->29105K(29376K) NonClass: 25998K(26112K)->25998K(26112K) Class: 3106K(3264K)->3106K(3264K)
[5543.390s][info][gc             ] GC(1706) Pause Young (Allocation Failure) 7166M->4912M(7289M) 108.186ms
[5543.390s][info][gc,cpu         ] GC(1706) User=0.60s Sys=0.03s Real=0.10s
.|.[5545.191s][info][gc,start       ] GC(1707) Pause Young (Allocation Failure)
[5545.302s][info][gc,heap        ] GC(1707) PSYoungGen: 2589354K(2604544K)->181028K(2599424K) Eden: 2418688K(2418688K)->0K(2412032K) From: 170666K(185856K)->181028K(187392K)
[5545.302s][info][gc,heap        ] GC(1707) ParOldGen: 4859556K(4859904K)->4957324K(4957696K)
[5545.302s][info][gc,metaspace   ] GC(1707) Metaspace: 29105K(29376K)->29105K(29376K) NonClass: 25998K(26112K)->25998K(26112K) Class: 3106K(3264K)->3106K(3264K)
[5545.302s][info][gc             ] GC(1707) Pause Young (Allocation Failure) 7274M->5017M(7380M) 110.876ms
[5545.302s][info][gc,cpu         ] GC(1707) User=0.62s Sys=0.04s Real=0.12s
.[5547.060s][info][gc,start       ] GC(1708) Pause Young (Allocation Failure)
[5547.158s][info][gc,heap        ] GC(1708) PSYoungGen: 2593060K(2599424K)->146208K(2604032K) Eden: 2412032K(2412032K)->0K(2412032K) From: 181028K(187392K)->146208K(192000K)
[5547.158s][info][gc,heap        ] GC(1708) ParOldGen: 4957324K(4957696K)->5064044K(5064192K)
[5547.158s][info][gc,metaspace   ] GC(1708) Metaspace: 29105K(29376K)->29105K(29376K) NonClass: 25998K(26112K)->25998K(26112K) Class: 3106K(3264K)->3106K(3264K)
[5547.158s][info][gc             ] GC(1708) Pause Young (Allocation Failure) 7373M->5088M(7488M) 97.756ms
[5547.158s][info][gc,cpu         ] GC(1708) User=0.54s Sys=0.04s Real=0.10s
..[5548.907s][info][gc,start       ] GC(1709) Pause Young (Allocation Failure)
[5549.007s][info][gc,heap        ] GC(1709) PSYoungGen: 2558240K(2604032K)->155168K(2599936K) Eden: 2412032K(2412032K)->0K(2412032K) From: 146208K(192000K)->155168K(187904K)
[5549.007s][info][gc,heap        ] GC(1709) ParOldGen: 5064044K(5064192K)->5168124K(5168128K)
[5549.007s][info][gc,metaspace   ] GC(1709) Metaspace: 29105K(29376K)->29105K(29376K) NonClass: 25998K(26112K)->25998K(26112K) Class: 3106K(3264K)->3106K(3264K)
[5549.007s][info][gc             ] GC(1709) Pause Young (Allocation Failure) 7443M->5198M(7586M) 100.128ms
[5549.007s][info][gc,cpu         ] GC(1709) User=0.54s Sys=0.05s Real=0.10s
..[5550.784s][info][gc,start       ] GC(1710) Pause Young (Allocation Failure)
[5550.888s][info][gc,heap        ] GC(1710) PSYoungGen: 2567200K(2599936K)->165008K(2601984K) Eden: 2412032K(2412032K)->0K(2412032K) From: 155168K(187904K)->165008K(189952K)
[5550.888s][info][gc,heap        ] GC(1710) ParOldGen: 5168124K(5168128K)->5269596K(5270016K)
[5550.888s][info][gc,metaspace   ] GC(1710) Metaspace: 29105K(29376K)->29105K(29376K) NonClass: 25998K(26112K)->25998K(26112K) Class: 3106K(3264K)->3106K(3264K)
[5550.888s][info][gc             ] GC(1710) Pause Young (Allocation Failure) 7554M->5307M(7687M) 104.291ms
[5550.888s][info][gc,cpu         ] GC(1710) User=0.58s Sys=0.03s Real=0.10s
..[5552.620s][info][gc,start       ] GC(1711) Pause Young (Allocation Failure)
[5552.724s][info][gc,heap        ] GC(1711) PSYoungGen: 2577040K(2601984K)->162899K(2599936K) Eden: 2412032K(2412032K)->0K(2417152K) From: 165008K(189952K)->162899K(182784K)
[5552.724s][info][gc,heap        ] GC(1711) ParOldGen: 5269596K(5270016K)->5371900K(5371904K)
[5552.724s][info][gc,metaspace   ] GC(1711) Metaspace: 29105K(29376K)->29105K(29376K) NonClass: 25998K(26112K)->25998K(26112K) Class: 3106K(3264K)->3106K(3264K)
[5552.724s][info][gc             ] GC(1711) Pause Young (Allocation Failure) 7662M->5405M(7785M) 104.035ms
[5552.724s][info][gc,cpu         ] GC(1711) User=0.59s Sys=0.03s Real=0.11s
..[5554.542s][info][gc,start       ] GC(1712) Pause Young (Allocation Failure)
[5554.646s][info][gc,heap        ] GC(1712) PSYoungGen: 2580051K(2599936K)->161348K(2603520K) Eden: 2417152K(2417152K)->0K(2417152K) From: 162899K(182784K)->161348K(186368K)
[5554.646s][info][gc,heap        ] GC(1712) ParOldGen: 5371900K(5371904K)->5475452K(5475840K)
[5554.646s][info][gc,metaspace   ] GC(1712) Metaspace: 29105K(29376K)->29105K(29376K) NonClass: 25998K(26112K)->25998K(26112K) Class: 3106K(3264K)->3106K(3264K)
[5554.646s][info][gc             ] GC(1712) Pause Young (Allocation Failure) 7765M->5504M(7890M) 104.306ms
[5554.646s][info][gc,cpu         ] GC(1712) User=0.57s Sys=0.04s Real=0.10s
..[5556.284s][info][gc,start       ] GC(1713) Pause Young (Allocation Failure)
[5556.382s][info][gc,heap        ] GC(1713) PSYoungGen: 2578500K(2603520K)->148448K(2608128K) Eden: 2417152K(2417152K)->0K(2425344K) From: 161348K(186368K)->148448K(182784K)
[5556.382s][info][gc,heap        ] GC(1713) ParOldGen: 5475452K(5475840K)->5581780K(5581824K)
[5556.382s][info][gc,metaspace   ] GC(1713) Metaspace: 29105K(29376K)->29105K(29376K) NonClass: 25998K(26112K)->25998K(26112K) Class: 3106K(3264K)->3106K(3264K)
[5556.382s][info][gc             ] GC(1713) Pause Young (Allocation Failure) 7865M->5595M(7998M) 97.587ms
[5556.382s][info][gc,cpu         ] GC(1713) User=0.53s Sys=0.04s Real=0.09s
.[5558.152s][info][gc,start       ] GC(1714) Pause Full (Allocation Failure)
[5558.152s][info][gc,phases,start] GC(1714) Marking Phase
[5558.473s][info][gc,phases      ] GC(1714) Marking Phase 321.820ms
[5558.474s][info][gc,phases,start] GC(1714) Summary Phase
[5558.474s][info][gc,phases      ] GC(1714) Summary Phase 0.101ms
[5558.474s][info][gc,phases,start] GC(1714) Forward
[5558.596s][info][gc,phases      ] GC(1714) Forward 122.530ms
[5558.596s][info][gc,phases,start] GC(1714) Adjust Pointers
[5558.809s][info][gc,phases      ] GC(1714) Adjust Pointers 213.212ms
[5558.809s][info][gc,phases,start] GC(1714) Compaction Phase
[5558.960s][info][gc,phases      ] GC(1714) Compaction Phase 150.084ms
[5558.960s][info][gc,phases,start] GC(1714) Post Compact
[5558.967s][info][gc,phases      ] GC(1714) Post Compact 7.004ms
[5559.086s][info][gc,heap        ] GC(1714) PSYoungGen: 2573792K(2608128K)->0K(2609664K) Eden: 2425344K(2425344K)->0K(2425344K) From: 148448K(182784K)->0K(184320K)
[5559.086s][info][gc,heap        ] GC(1714) ParOldGen: 5581780K(5581824K)->1629949K(2010112K)
[5559.086s][info][gc,metaspace   ] GC(1714) Metaspace: 29105K(29376K)->29105K(29376K) NonClass: 25998K(26112K)->25998K(26112K) Class: 3106K(3264K)->3106K(3264K)
[5559.086s][info][gc             ] GC(1714) Pause Full (Allocation Failure) 7964M->1591M(4511M) 934.000ms
[5559.086s][info][gc,cpu         ] GC(1714) User=4.45s Sys=0.12s Real=0.94s
..[5560.391s][info][gc,start       ] GC(1715) Pause Young (Allocation Failure)
[5560.457s][info][gc,heap        ] GC(1715) PSYoungGen: 2425344K(2609664K)->160340K(2606592K) Eden: 2425344K(2425344K)->0K(2427392K) From: 0K(184320K)->160340K(179200K)
[5560.457s][info][gc,heap        ] GC(1715) ParOldGen: 1629949K(2010112K)->1629949K(2010112K)
[5560.457s][info][gc,metaspace   ] GC(1715) Metaspace: 29105K(29376K)->29105K(29376K) NonClass: 25998K(26112K)->25998K(26112K) Class: 3106K(3264K)->3106K(3264K)
[5560.457s][info][gc             ] GC(1715) Pause Young (Allocation Failure) 3960M->1748M(4508M) 65.206ms
[5560.457s][info][gc,cpu         ] GC(1715) User=0.38s Sys=0.00s Real=0.07s
.[5561.925s][info][gc,start       ] GC(1716) Pause Young (Allocation Failure)
[5562.020s][info][gc,heap        ] GC(1716) PSYoungGen: 2587732K(2606592K)->162592K(2609152K) Eden: 2427392K(2427392K)->0K(2427392K) From: 160340K(179200K)->162592K(181760K)
[5562.020s][info][gc,heap        ] GC(1716) ParOldGen: 1629949K(2010112K)->1735434K(2010112K)
[5562.020s][info][gc,metaspace   ] GC(1716) Metaspace: 29105K(29376K)->29105K(29376K) NonClass: 25998K(26112K)->25998K(26112K) Class: 3106K(3264K)->3106K(3264K)
[5562.020s][info][gc             ] GC(1716) Pause Young (Allocation Failure) 4118M->1853M(4511M) 94.986ms
[5562.020s][info][gc,cpu         ] GC(1716) User=0.56s Sys=0.00s Real=0.09s
..[5563.886s][info][gc,start       ] GC(1717) Pause Young (Allocation Failure)
[5563.987s][info][gc,heap        ] GC(1717) PSYoungGen: 2589984K(2609152K)->168852K(2613248K) Eden: 2427392K(2427392K)->0K(2432512K) From: 162592K(181760K)->168852K(180736K)
[5563.987s][info][gc,heap        ] GC(1717) ParOldGen: 1735434K(2010112K)->1841626K(2010112K)
[5563.987s][info][gc,metaspace   ] GC(1717) Metaspace: 29105K(29376K)->29105K(29376K) NonClass: 25998K(26112K)->25998K(26112K) Class: 3106K(3264K)->3106K(3264K)
[5563.987s][info][gc             ] GC(1717) Pause Young (Allocation Failure) 4224M->1963M(4515M) 101.218ms
[5563.987s][info][gc,cpu         ] GC(1717) User=0.60s Sys=0.00s Real=0.10s
..[5565.701s][info][gc,start       ] GC(1718) Pause Young (Allocation Failure)
[5565.794s][info][gc,heap        ] GC(1718) PSYoungGen: 2601364K(2613248K)->159040K(2591744K) Eden: 2432512K(2432512K)->0K(2432512K) From: 168852K(180736K)->159040K(159232K)
[5565.794s][info][gc,heap        ] GC(1718) ParOldGen: 1841626K(2010112K)->1944706K(2010112K)
[5565.794s][info][gc,metaspace   ] GC(1718) Metaspace: 29105K(29376K)->29105K(29376K) NonClass: 25998K(26112K)->25998K(26112K) Class: 3106K(3264K)->3106K(3264K)
[5565.794s][info][gc             ] GC(1718) Pause Young (Allocation Failure) 4338M->2054M(4494M) 93.368ms
[5565.794s][info][gc,cpu         ] GC(1718) User=0.54s Sys=0.00s Real=0.10s
..[5567.565s][info][gc,start       ] GC(1719) Pause Young (Allocation Failure)
[5567.657s][info][gc,heap        ] GC(1719) PSYoungGen: 2591552K(2591744K)->144640K(2613248K) Eden: 2432512K(2432512K)->0K(2433024K) From: 159040K(159232K)->144640K(180224K)
[5567.657s][info][gc,heap        ] GC(1719) ParOldGen: 1944706K(2010112K)->2052914K(2053120K)
[5567.657s][info][gc,metaspace   ] GC(1719) Metaspace: 29105K(29376K)->29105K(29376K) NonClass: 25998K(26112K)->25998K(26112K) Class: 3106K(3264K)->3106K(3264K)
[5567.657s][info][gc             ] GC(1719) Pause Young (Allocation Failure) 4429M->2146M(4557M) 92.095ms
[5567.657s][info][gc,cpu         ] GC(1719) User=0.53s Sys=0.01s Real=0.09s
..[5569.474s][info][gc,start       ] GC(1720) Pause Young (Allocation Failure)
[5569.568s][info][gc,heap        ] GC(1720) PSYoungGen: 2577664K(2613248K)->154112K(2613760K) Eden: 2433024K(2433024K)->0K(2433024K) From: 144640K(180224K)->154112K(180736K)
[5569.568s][info][gc,heap        ] GC(1720) ParOldGen: 2052914K(2053120K)->2150882K(2150912K)
[5569.568s][info][gc,metaspace   ] GC(1720) Metaspace: 29105K(29376K)->29105K(29376K) NonClass: 25998K(26112K)->25998K(26112K) Class: 3106K(3264K)->3106K(3264K)
[5569.568s][info][gc             ] GC(1720) Pause Young (Allocation Failure) 4522M->2250M(4653M) 94.164ms
[5569.568s][info][gc,cpu         ] GC(1720) User=0.52s Sys=0.03s Real=0.09s
.[5571.303s][info][gc,start       ] GC(1721) Pause Young (Allocation Failure)
[5571.403s][info][gc,heap        ] GC(1721) PSYoungGen: 2587136K(2613760K)->157879K(2611712K) Eden: 2433024K(2433024K)->0K(2435584K) From: 154112K(180736K)->157879K(176128K)
[5571.404s][info][gc,heap        ] GC(1721) ParOldGen: 2150882K(2150912K)->2256538K(2256896K)
[5571.404s][info][gc,metaspace   ] GC(1721) Metaspace: 29105K(29376K)->29105K(29376K) NonClass: 25998K(26112K)->25998K(26112K) Class: 3106K(3264K)->3106K(3264K)
[5571.404s][info][gc             ] GC(1721) Pause Young (Allocation Failure) 4626M->2357M(4754M) 100.921ms
[5571.404s][info][gc,cpu         ] GC(1721) User=0.56s Sys=0.04s Real=0.10s
..[5573.160s][info][gc,start       ] GC(1722) Pause Young (Allocation Failure)
[5573.257s][info][gc,heap        ] GC(1722) PSYoungGen: 2593463K(2611712K)->150080K(2613248K) Eden: 2435584K(2435584K)->0K(2435584K) From: 157879K(176128K)->150080K(177664K)
[5573.257s][info][gc,heap        ] GC(1722) ParOldGen: 2256538K(2256896K)->2363794K(2363904K)
[5573.257s][info][gc,metaspace   ] GC(1722) Metaspace: 29105K(29376K)->29105K(29376K) NonClass: 25998K(26112K)->25998K(26112K) Class: 3106K(3264K)->3106K(3264K)
[5573.257s][info][gc             ] GC(1722) Pause Young (Allocation Failure) 4736M->2454M(4860M) 97.896ms
[5573.258s][info][gc,cpu         ] GC(1722) User=0.55s Sys=0.03s Real=0.10s
..[5575.033s][info][gc,start       ] GC(1723) Pause Young (Allocation Failure)
[5575.132s][info][gc,heap        ] GC(1723) PSYoungGen: 2585664K(2613248K)->157244K(2614272K) Eden: 2435584K(2435584K)->0K(2440704K) From: 150080K(177664K)->157244K(173568K)
[5575.132s][info][gc,heap        ] GC(1723) ParOldGen: 2363794K(2363904K)->2464170K(2464256K)
[5575.132s][info][gc,metaspace   ] GC(1723) Metaspace: 29105K(29376K)->29105K(29376K) NonClass: 25998K(26112K)->25998K(26112K) Class: 3106K(3264K)->3106K(3264K)
[5575.132s][info][gc             ] GC(1723) Pause Young (Allocation Failure) 4833M->2559M(4959M) 99.516ms
[5575.132s][info][gc,cpu         ] GC(1723) User=0.55s Sys=0.03s Real=0.10s
..[5576.885s][info][gc,start       ] GC(1724) Pause Young (Allocation Failure)
[5576.986s][info][gc,heap        ] GC(1724) PSYoungGen: 2597948K(2614272K)->158374K(2616320K) Eden: 2440704K(2440704K)->0K(2440704K) From: 157244K(173568K)->158374K(175616K)
[5576.986s][info][gc,heap        ] GC(1724) ParOldGen: 2464170K(2464256K)->2572402K(2572800K)
[5576.986s][info][gc,metaspace   ] GC(1724) Metaspace: 29105K(29376K)->29105K(29376K) NonClass: 25998K(26112K)->25998K(26112K) Class: 3106K(3264K)->3106K(3264K)
[5576.986s][info][gc             ] GC(1724) Pause Young (Allocation Failure) 4943M->2666M(5067M) 101.440ms
[5576.986s][info][gc,cpu         ] GC(1724) User=0.58s Sys=0.03s Real=0.10s
..[5578.809s][info][gc,start       ] GC(1725) Pause Young (Allocation Failure)
[5578.922s][info][gc,heap        ] GC(1725) PSYoungGen: 2599078K(2616320K)->174073K(2527744K) Eden: 2440704K(2440704K)->0K(2353664K) From: 158374K(175616K)->174073K(174080K)
[5578.922s][info][gc,heap        ] GC(1725) ParOldGen: 2572402K(2572800K)->2687930K(2688000K)
[5578.922s][info][gc,metaspace   ] GC(1725) Metaspace: 29105K(29376K)->29105K(29376K) NonClass: 25998K(26112K)->25998K(26112K) Class: 3106K(3264K)->3106K(3264K)
[5578.922s][info][gc             ] GC(1725) Pause Young (Allocation Failure) 5050M->2794M(5093M) 113.492ms
[5578.922s][info][gc,cpu         ] GC(1725) User=0.63s Sys=0.04s Real=0.12s
.[5580.459s][info][gc,start       ] GC(1726) Pause Young (Allocation Failure)
[5580.556s][info][gc,heap        ] GC(1726) PSYoungGen: 2527737K(2527744K)->151040K(2574848K) Eden: 2353664K(2353664K)->0K(2353664K) From: 174073K(174080K)->151040K(221184K)
[5580.556s][info][gc,heap        ] GC(1726) ParOldGen: 2687930K(2688000K)->2788786K(2788864K)
[5580.556s][info][gc,metaspace   ] GC(1726) Metaspace: 29105K(29376K)->29105K(29376K) NonClass: 25998K(26112K)->25998K(26112K) Class: 3106K(3264K)->3106K(3264K)
[5580.556s][info][gc             ] GC(1726) Pause Young (Allocation Failure) 5093M->2870M(5238M) 96.479ms
[5580.557s][info][gc,cpu         ] GC(1726) User=0.53s Sys=0.04s Real=0.10s
..[5582.251s][info][gc,start       ] GC(1727) Pause Young (Allocation Failure)
[5582.347s][info][gc,heap        ] GC(1727) PSYoungGen: 2504704K(2574848K)->150032K(2569216K) Eden: 2353664K(2353664K)->0K(2355200K) From: 151040K(221184K)->150032K(214016K)
[5582.347s][info][gc,heap        ] GC(1727) ParOldGen: 2788786K(2788864K)->2892466K(2892800K)
[5582.347s][info][gc,metaspace   ] GC(1727) Metaspace: 29105K(29376K)->29105K(29376K) NonClass: 25998K(26112K)->25998K(26112K) Class: 3106K(3264K)->3106K(3264K)
[5582.347s][info][gc             ] GC(1727) Pause Young (Allocation Failure) 5169M->2971M(5334M) 96.074ms
[5582.347s][info][gc,cpu         ] GC(1727) User=0.54s Sys=0.03s Real=0.10s
..[5584.148s][info][gc,start       ] GC(1728) Pause Young (Allocation Failure)
[5584.245s][info][gc,heap        ] GC(1728) PSYoungGen: 2505232K(2569216K)->155718K(2572800K) Eden: 2355200K(2355200K)->0K(2355200K) From: 150032K(214016K)->155718K(217600K)
[5584.245s][info][gc,heap        ] GC(1728) ParOldGen: 2892466K(2892800K)->2993642K(2993664K)
[5584.245s][info][gc,metaspace   ] GC(1728) Metaspace: 29105K(29376K)->29105K(29376K) NonClass: 25998K(26112K)->25998K(26112K) Class: 3106K(3264K)->3106K(3264K)
[5584.245s][info][gc             ] GC(1728) Pause Young (Allocation Failure) 5271M->3075M(5436M) 97.776ms
[5584.245s][info][gc,cpu         ] GC(1728) User=0.55s Sys=0.03s Real=0.10s
..[5585.936s][info][gc,start       ] GC(1729) Pause Young (Allocation Failure)
[5586.041s][info][gc,heap        ] GC(1729) PSYoungGen: 2510918K(2572800K)->169193K(2570752K) Eden: 2355200K(2355200K)->0K(2363904K) From: 155718K(217600K)->169193K(206848K)
[5586.041s][info][gc,heap        ] GC(1729) ParOldGen: 2993642K(2993664K)->3098946K(3099136K)
[5586.041s][info][gc,metaspace   ] GC(1729) Metaspace: 29105K(29376K)->29105K(29376K) NonClass: 25998K(26112K)->25998K(26112K) Class: 3106K(3264K)->3106K(3264K)
[5586.041s][info][gc             ] GC(1729) Pause Young (Allocation Failure) 5375M->3191M(5537M) 104.933ms
[5586.041s][info][gc,cpu         ] GC(1729) User=0.59s Sys=0.03s Real=0.10s
..[5587.745s][info][gc,start       ] GC(1730) Pause Young (Allocation Failure)
[5587.845s][info][gc,heap        ] GC(1730) PSYoungGen: 2533097K(2570752K)->160264K(2574848K) Eden: 2363904K(2363904K)->0K(2363904K) From: 169193K(206848K)->160264K(210944K)
[5587.845s][info][gc,heap        ] GC(1730) ParOldGen: 3098946K(3099136K)->3197626K(3197952K)
[5587.845s][info][gc,metaspace   ] GC(1730) Metaspace: 29105K(29376K)->29105K(29376K) NonClass: 25998K(26112K)->25998K(26112K) Class: 3106K(3264K)->3106K(3264K)
[5587.845s][info][gc             ] GC(1730) Pause Young (Allocation Failure) 5500M->3279M(5637M) 100.235ms
[5587.845s][info][gc,cpu         ] GC(1730) User=0.56s Sys=0.04s Real=0.10s
.[5589.555s][info][gc,start       ] GC(1731) Pause Young (Allocation Failure)
[5589.653s][info][gc,heap        ] GC(1731) PSYoungGen: 2524168K(2574848K)->155424K(2578944K) Eden: 2363904K(2363904K)->0K(2377216K) From: 160264K(210944K)->155424K(201728K)
[5589.653s][info][gc,heap        ] GC(1731) ParOldGen: 3197626K(3197952K)->3301618K(3301888K)
[5589.653s][info][gc,metaspace   ] GC(1731) Metaspace: 29105K(29376K)->29105K(29376K) NonClass: 25998K(26112K)->25998K(26112K) Class: 3106K(3264K)->3106K(3264K)
[5589.653s][info][gc             ] GC(1731) Pause Young (Allocation Failure) 5587M->3376M(5743M) 98.141ms
[5589.653s][info][gc,cpu         ] GC(1731) User=0.53s Sys=0.05s Real=0.10s
..[5591.389s][info][gc,start       ] GC(1732) Pause Young (Allocation Failure)
[5591.489s][info][gc,heap        ] GC(1732) PSYoungGen: 2532640K(2578944K)->158080K(2582528K) Eden: 2377216K(2377216K)->0K(2377216K) From: 155424K(201728K)->158080K(205312K)
[5591.489s][info][gc,heap        ] GC(1732) ParOldGen: 3301618K(3301888K)->3404706K(3404800K)
[5591.489s][info][gc,metaspace   ] GC(1732) Metaspace: 29105K(29376K)->29105K(29376K) NonClass: 25998K(26112K)->25998K(26112K) Class: 3106K(3264K)->3106K(3264K)
[5591.489s][info][gc             ] GC(1732) Pause Young (Allocation Failure) 5697M->3479M(5847M) 100.103ms
[5591.489s][info][gc,cpu         ] GC(1732) User=0.55s Sys=0.03s Real=0.10s
..[5593.261s][info][gc,start       ] GC(1733) Pause Young (Allocation Failure)
[5593.359s][info][gc,heap        ] GC(1733) PSYoungGen: 2535296K(2582528K)->153173K(2586112K) Eden: 2377216K(2377216K)->0K(2388480K) From: 158080K(205312K)->153173K(197632K)
[5593.359s][info][gc,heap        ] GC(1733) ParOldGen: 3404706K(3404800K)->3506546K(3506688K)
[5593.359s][info][gc,metaspace   ] GC(1733) Metaspace: 29105K(29376K)->29105K(29376K) NonClass: 25998K(26112K)->25998K(26112K) Class: 3106K(3264K)->3106K(3264K)
[5593.359s][info][gc             ] GC(1733) Pause Young (Allocation Failure) 5800M->3573M(5950M) 97.720ms
[5593.359s][info][gc,cpu         ] GC(1733) User=0.54s Sys=0.04s Real=0.10s
..[5595.054s][info][gc,start       ] GC(1734) Pause Young (Allocation Failure)
[5595.157s][info][gc,heap        ] GC(1734) PSYoungGen: 2541653K(2586112K)->162326K(2588672K) Eden: 2388480K(2388480K)->0K(2388480K) From: 153173K(197632K)->162326K(200192K)
[5595.157s][info][gc,heap        ] GC(1734) ParOldGen: 3506546K(3506688K)->3606514K(3606528K)
[5595.157s][info][gc,metaspace   ] GC(1734) Metaspace: 29105K(29376K)->29105K(29376K) NonClass: 25998K(26112K)->25998K(26112K) Class: 3106K(3264K)->3106K(3264K)
[5595.157s][info][gc             ] GC(1734) Pause Young (Allocation Failure) 5906M->3680M(6050M) 103.267ms
[5595.157s][info][gc,cpu         ] GC(1734) User=0.58s Sys=0.03s Real=0.10s
..[5596.857s][info][gc,start       ] GC(1735) Pause Young (Allocation Failure)
[5596.959s][info][gc,heap        ] GC(1735) PSYoungGen: 2550806K(2588672K)->161609K(2590720K) Eden: 2388480K(2388480K)->0K(2399232K) From: 162326K(200192K)->161609K(191488K)
[5596.959s][info][gc,heap        ] GC(1735) ParOldGen: 3606514K(3606528K)->3711786K(3712000K)
[5596.959s][info][gc,metaspace   ] GC(1735) Metaspace: 29105K(29376K)->29105K(29376K) NonClass: 25998K(26112K)->25998K(26112K) Class: 3106K(3264K)->3106K(3264K)
[5596.959s][info][gc             ] GC(1735) Pause Young (Allocation Failure) 6013M->3782M(6155M) 101.499ms
[5596.959s][info][gc,cpu         ] GC(1735) User=0.57s Sys=0.03s Real=0.10s
.[5598.699s][info][gc,start       ] GC(1736) Pause Young (Allocation Failure)
[5598.797s][info][gc,heap        ] GC(1736) PSYoungGen: 2560841K(2590720K)->156096K(2592768K) Eden: 2399232K(2399232K)->0K(2399232K) From: 161609K(191488K)->156096K(193536K)
[5598.797s][info][gc,heap        ] GC(1736) ParOldGen: 3711786K(3712000K)->3813322K(3813376K)
[5598.797s][info][gc,metaspace   ] GC(1736) Metaspace: 29105K(29376K)->29105K(29376K) NonClass: 25998K(26112K)->25998K(26112K) Class: 3106K(3264K)->3106K(3264K)
[5598.797s][info][gc             ] GC(1736) Pause Young (Allocation Failure) 6125M->3876M(6256M) 98.219ms
[5598.797s][info][gc,cpu         ] GC(1736) User=0.54s Sys=0.04s Real=0.10s
..[5600.525s][info][gc,start       ] GC(1737) Pause Young (Allocation Failure)
[5600.630s][info][gc,heap        ] GC(1737) PSYoungGen: 2555328K(2592768K)->166809K(2600448K) Eden: 2399232K(2399232K)->0K(2411008K) From: 156096K(193536K)->166809K(189440K)
[5600.630s][info][gc,heap        ] GC(1737) ParOldGen: 3813322K(3813376K)->3918146K(3918336K)
[5600.630s][info][gc,metaspace   ] GC(1737) Metaspace: 29105K(29376K)->29105K(29376K) NonClass: 25998K(26112K)->25998K(26112K) Class: 3106K(3264K)->3106K(3264K)
[5600.630s][info][gc             ] GC(1737) Pause Young (Allocation Failure) 6219M->3989M(6366M) 105.664ms
[5600.630s][info][gc,cpu         ] GC(1737) User=0.60s Sys=0.02s Real=0.10s
..[5602.325s][info][gc,start       ] GC(1738) Pause Young (Allocation Failure)
[5602.419s][info][gc,heap        ] GC(1738) PSYoungGen: 2577817K(2600448K)->145824K(2601472K) Eden: 2411008K(2411008K)->0K(2411008K) From: 166809K(189440K)->145824K(190464K)
[5602.419s][info][gc,heap        ] GC(1738) ParOldGen: 3918146K(3918336K)->4021114K(4021248K)
[5602.419s][info][gc,metaspace   ] GC(1738) Metaspace: 29105K(29376K)->29105K(29376K) NonClass: 25998K(26112K)->25998K(26112K) Class: 3106K(3264K)->3106K(3264K)
[5602.419s][info][gc             ] GC(1738) Pause Young (Allocation Failure) 6343M->4069M(6467M) 93.233ms
[5602.419s][info][gc,cpu         ] GC(1738) User=0.53s Sys=0.02s Real=0.09s
..[5604.154s][info][gc,start       ] GC(1739) Pause Young (Allocation Failure)
[5604.254s][info][gc,heap        ] GC(1739) PSYoungGen: 2556832K(2601472K)->161408K(2600448K) Eden: 2411008K(2411008K)->0K(2415104K) From: 145824K(190464K)->161408K(185344K)
[5604.254s][info][gc,heap        ] GC(1739) ParOldGen: 4021114K(4021248K)->4121154K(4121600K)
[5604.254s][info][gc,metaspace   ] GC(1739) Metaspace: 29105K(29376K)->29105K(29376K) NonClass: 25998K(26112K)->25998K(26112K) Class: 3106K(3264K)->3106K(3264K)
[5604.254s][info][gc             ] GC(1739) Pause Young (Allocation Failure) 6423M->4182M(6564M) 100.183ms
[5604.254s][info][gc,cpu         ] GC(1739) User=0.56s Sys=0.03s Real=0.10s
. (rIR:aIR:PR = 9132:9125:9125) (tPR = 136176) [OK] 
  5604s: Performance info:
         Transaction,    Success,    Partial,     Failed,   Receipts, AvgBarcode, 
             Overall,     555097,          0,          0,     527286,      59.48, 
         Response times:
             Request,    Success,    Partial,     Failed,   SkipFail,     Probes,    Samples,      min,      p50,      p90,      p95,      p99,      max, 
       TotalPurchase,     527301,          0,          0,          0,     351787,     488432,      300,     6900,    58000,   102000,   490000,   950000,
     InStorePurchase,     275760,          0,          0,          0,     183845,     255808,      300,     6800,    57000,   102000,   490000,   950000,
      OnlinePurchase,     196392,          0,          0,          0,     130350,     180385,      300,     6800,    59000,   102000,   490000,   950000,
        InstPurchase,      55149,          0,          0,          0,      37592,      52239,      400,     7100,    59000,   102000,   565000,   950000,
          AssocOfCat,        552,          0,          0,          0,        442,        726,    24000,    47000,   129000,   163000,   690000,  1100000,
      AssocOfProduct,       5541,          0,          0,          0,       3952,       5747,     1100,     7400,    61000,   107600,   297000,   513000,
      BusinessReport,       1388,          0,          0,          0,       1193,       1845,    31000,    55000,   121400,   173000,   556000,  1100000,
          CustBuyBeh,       5554,          0,          0,          0,       3938,       5841,      200,     4300,    44000,    84000,   470000,   508000,
       ProductReturn,      14777,          0,          0,          0,       9174,      13152,      200,     5700,    53000,    95000,   508000,   940000,

  5604s: (67%)   IR =   9271 [5605.976s][info][gc,start       ] GC(1740) Pause Young (Allocation Failure)
[5606.071s][info][gc,heap        ] GC(1740) PSYoungGen: 2576512K(2600448K)->142240K(2603008K) Eden: 2415104K(2415104K)->0K(2415104K) From: 161408K(185344K)->142240K(187904K)
[5606.071s][info][gc,heap        ] GC(1740) ParOldGen: 4121154K(4121600K)->4229442K(4229632K)
[5606.071s][info][gc,metaspace   ] GC(1740) Metaspace: 29105K(29376K)->29105K(29376K) NonClass: 25998K(26112K)->25998K(26112K) Class: 3106K(3264K)->3106K(3264K)
[5606.071s][info][gc             ] GC(1740) Pause Young (Allocation Failure) 6540M->4269M(6672M) 94.742ms
[5606.071s][info][gc,cpu         ] GC(1740) User=0.52s Sys=0.03s Real=0.09s
..[5607.804s][info][gc,start       ] GC(1741) Pause Young (Allocation Failure)
[5607.910s][info][gc,heap        ] GC(1741) PSYoungGen: 2557344K(2603008K)->170944K(2604544K) Eden: 2415104K(2415104K)->0K(2416128K) From: 142240K(187904K)->170944K(188416K)
[5607.910s][info][gc,heap        ] GC(1741) ParOldGen: 4229442K(4229632K)->4331554K(4332032K)
[5607.910s][info][gc,metaspace   ] GC(1741) Metaspace: 29105K(29376K)->29105K(29376K) NonClass: 25998K(26112K)->25998K(26112K) Class: 3106K(3264K)->3106K(3264K)
[5607.910s][info][gc             ] GC(1741) Pause Young (Allocation Failure) 6627M->4396M(6774M) 106.247ms
[5607.910s][info][gc,cpu         ] GC(1741) User=0.59s Sys=0.04s Real=0.10s
..[5609.640s][info][gc,start       ] GC(1742) Pause Young (Allocation Failure)
[5609.739s][info][gc,heap        ] GC(1742) PSYoungGen: 2587072K(2604544K)->150208K(2606080K) Eden: 2416128K(2416128K)->0K(2416128K) From: 170944K(188416K)->150208K(189952K)
[5609.739s][info][gc,heap        ] GC(1742) ParOldGen: 4331554K(4332032K)->4437578K(4438016K)
[5609.739s][info][gc,metaspace   ] GC(1742) Metaspace: 29105K(29376K)->29105K(29376K) NonClass: 25998K(26112K)->25998K(26112K) Class: 3106K(3264K)->3106K(3264K)
[5609.739s][info][gc             ] GC(1742) Pause Young (Allocation Failure) 6756M->4480M(6879M) 98.458ms
[5609.739s][info][gc,cpu         ] GC(1742) User=0.54s Sys=0.03s Real=0.10s
..[5611.517s][info][gc,start       ] GC(1743) Pause Young (Allocation Failure)
[5611.613s][info][gc,heap        ] GC(1743) PSYoungGen: 2566336K(2606080K)->153536K(2603008K) Eden: 2416128K(2416128K)->0K(2417664K) From: 150208K(189952K)->153536K(185344K)
[5611.613s][info][gc,heap        ] GC(1743) ParOldGen: 4437578K(4438016K)->4538186K(4538368K)
[5611.613s][info][gc,metaspace   ] GC(1743) Metaspace: 29105K(29376K)->29105K(29376K) NonClass: 25998K(26112K)->25998K(26112K) Class: 3106K(3264K)->3106K(3264K)
[5611.613s][info][gc             ] GC(1743) Pause Young (Allocation Failure) 6839M->4581M(6974M) 95.952ms
[5611.613s][info][gc,cpu         ] GC(1743) User=0.53s Sys=0.03s Real=0.10s
..|[5613.294s][info][gc,start       ] GC(1744) Pause Young (Allocation Failure)
[5613.391s][info][gc,heap        ] GC(1744) PSYoungGen: 2571200K(2603008K)->150048K(2604544K) Eden: 2417664K(2417664K)->0K(2417664K) From: 153536K(185344K)->150048K(186880K)
[5613.391s][info][gc,heap        ] GC(1744) ParOldGen: 4538186K(4538368K)->4642234K(4642304K)
[5613.391s][info][gc,metaspace   ] GC(1744) Metaspace: 29105K(29376K)->29105K(29376K) NonClass: 25998K(26112K)->25998K(26112K) Class: 3106K(3264K)->3106K(3264K)
[5613.391s][info][gc             ] GC(1744) Pause Young (Allocation Failure) 6942M->4679M(7077M) 96.942ms
[5613.391s][info][gc,cpu         ] GC(1744) User=0.53s Sys=0.04s Real=0.09s
.[5615.030s][info][gc,start       ] GC(1745) Pause Young (Allocation Failure)
[5615.131s][info][gc,heap        ] GC(1745) PSYoungGen: 2567712K(2604544K)->157312K(2604032K) Eden: 2417664K(2417664K)->0K(2423808K) From: 150048K(186880K)->157312K(180224K)
[5615.131s][info][gc,heap        ] GC(1745) ParOldGen: 4642234K(4642304K)->4747202K(4747264K)
[5615.131s][info][gc,metaspace   ] GC(1745) Metaspace: 29105K(29376K)->29105K(29376K) NonClass: 25998K(26112K)->25998K(26112K) Class: 3106K(3264K)->3106K(3264K)
[5615.131s][info][gc             ] GC(1745) Pause Young (Allocation Failure) 7040M->4789M(7179M) 101.758ms
[5615.131s][info][gc,cpu         ] GC(1745) User=0.56s Sys=0.04s Real=0.10s
..[5616.882s][info][gc,start       ] GC(1746) Pause Young (Allocation Failure)
[5616.990s][info][gc,heap        ] GC(1746) PSYoungGen: 2581120K(2604032K)->180090K(2606592K) Eden: 2423808K(2423808K)->0K(2423808K) From: 157312K(180224K)->180090K(182784K)
[5616.990s][info][gc,heap        ] GC(1746) ParOldGen: 4747202K(4747264K)->4846810K(4847104K)
[5616.990s][info][gc,metaspace   ] GC(1746) Metaspace: 29105K(29376K)->29105K(29376K) NonClass: 25998K(26112K)->25998K(26112K) Class: 3106K(3264K)->3106K(3264K)
[5616.990s][info][gc             ] GC(1746) Pause Young (Allocation Failure) 7156M->4909M(7279M) 108.174ms
[5616.990s][info][gc,cpu         ] GC(1746) User=0.61s Sys=0.03s Real=0.11s
..[5618.675s][info][gc,start       ] GC(1747) Pause Young (Allocation Failure)
[5618.781s][info][gc,heap        ] GC(1747) PSYoungGen: 2603898K(2606592K)->162100K(2609664K) Eden: 2423808K(2423808K)->0K(2421248K) From: 180090K(182784K)->162100K(188416K)
[5618.781s][info][gc,heap        ] GC(1747) ParOldGen: 4846810K(4847104K)->4955514K(4955648K)
[5618.781s][info][gc,metaspace   ] GC(1747) Metaspace: 29105K(29376K)->29105K(29376K) NonClass: 25998K(26112K)->25998K(26112K) Class: 3106K(3264K)->3106K(3264K)
[5618.781s][info][gc             ] GC(1747) Pause Young (Allocation Failure) 7276M->4997M(7388M) 105.360ms
[5618.781s][info][gc,cpu         ] GC(1747) User=0.58s Sys=0.04s Real=0.10s
..[5620.504s][info][gc,start       ] GC(1748) Pause Young (Allocation Failure)
[5620.605s][info][gc,heap        ] GC(1748) PSYoungGen: 2583348K(2609664K)->155688K(2577408K) Eden: 2421248K(2421248K)->0K(2421248K) From: 162100K(188416K)->155688K(156160K)
[5620.605s][info][gc,heap        ] GC(1748) ParOldGen: 4955514K(4955648K)->5058106K(5058560K)
[5620.605s][info][gc,metaspace   ] GC(1748) Metaspace: 29105K(29376K)->29105K(29376K) NonClass: 25998K(26112K)->25998K(26112K) Class: 3106K(3264K)->3106K(3264K)
[5620.605s][info][gc             ] GC(1748) Pause Young (Allocation Failure) 7362M->5091M(7457M) 101.347ms
[5620.605s][info][gc,cpu         ] GC(1748) User=0.57s Sys=0.02s Real=0.10s
..[5622.310s][info][gc,start       ] GC(1749) Pause Young (Allocation Failure)
[5622.410s][info][gc,heap        ] GC(1749) PSYoungGen: 2576936K(2577408K)->155263K(2608128K) Eden: 2421248K(2421248K)->0K(2423296K) From: 155688K(156160K)->155263K(184832K)
[5622.410s][info][gc,heap        ] GC(1749) ParOldGen: 5058106K(5058560K)->5161962K(5161984K)
[5622.410s][info][gc,metaspace   ] GC(1749) Metaspace: 29105K(29376K)->29105K(29376K) NonClass: 25998K(26112K)->25998K(26112K) Class: 3106K(3264K)->3106K(3264K)
[5622.410s][info][gc             ] GC(1749) Pause Young (Allocation Failure) 7456M->5192M(7588M) 99.810ms
[5622.410s][info][gc,cpu         ] GC(1749) User=0.57s Sys=0.01s Real=0.10s
.[5624.185s][info][gc,start       ] GC(1750) Pause Young (Allocation Failure)
[5624.286s][info][gc,heap        ] GC(1750) PSYoungGen: 2578559K(2608128K)->154304K(2606080K) Eden: 2423296K(2423296K)->0K(2423296K) From: 155263K(184832K)->154304K(182784K)
[5624.286s][info][gc,heap        ] GC(1750) ParOldGen: 5161962K(5161984K)->5264930K(5265408K)
[5624.286s][info][gc,metaspace   ] GC(1750) Metaspace: 29105K(29376K)->29105K(29376K) NonClass: 25998K(26112K)->25998K(26112K) Class: 3106K(3264K)->3106K(3264K)
[5624.286s][info][gc             ] GC(1750) Pause Young (Allocation Failure) 7559M->5292M(7687M) 100.890ms
[5624.286s][info][gc,cpu         ] GC(1750) User=0.57s Sys=0.02s Real=0.10s
..[5626.007s][info][gc,start       ] GC(1751) Pause Young (Allocation Failure)
[5626.108s][info][gc,heap        ] GC(1751) PSYoungGen: 2577600K(2606080K)->158980K(2611200K) Eden: 2423296K(2423296K)->0K(2430464K) From: 154304K(182784K)->158980K(180736K)
[5626.108s][info][gc,heap        ] GC(1751) ParOldGen: 5264930K(5265408K)->5368658K(5368832K)
[5626.108s][info][gc,metaspace   ] GC(1751) Metaspace: 29105K(29376K)->29105K(29376K) NonClass: 25998K(26112K)->25998K(26112K) Class: 3106K(3264K)->3106K(3264K)
[5626.108s][info][gc             ] GC(1751) Pause Young (Allocation Failure) 7658M->5398M(7793M) 101.764ms
[5626.108s][info][gc,cpu         ] GC(1751) User=0.57s Sys=0.03s Real=0.10s
.[5626.476s][info][gc,start       ] GC(1752) Pause Full (Diagnostic Command)
[5626.476s][info][gc,phases,start] GC(1752) Marking Phase
[5626.783s][info][gc,phases      ] GC(1752) Marking Phase 306.615ms
[5626.783s][info][gc,phases,start] GC(1752) Summary Phase
[5626.783s][info][gc,phases      ] GC(1752) Summary Phase 0.077ms
[5626.783s][info][gc,phases,start] GC(1752) Forward
[5626.953s][info][gc,phases      ] GC(1752) Forward 169.726ms
[5626.953s][info][gc,phases,start] GC(1752) Adjust Pointers
[5627.175s][info][gc,phases      ] GC(1752) Adjust Pointers 222.647ms
[5627.176s][info][gc,phases,start] GC(1752) Compaction Phase
[5627.354s][info][gc,phases      ] GC(1752) Compaction Phase 178.405ms
[5627.356s][info][gc,phases,start] GC(1752) Post Compact
[5627.362s][info][gc,phases      ] GC(1752) Post Compact 5.397ms
[5627.362s][info][gc,heap        ] GC(1752) PSYoungGen: 708088K(2611200K)->0K(2611200K) Eden: 549108K(2430464K)->0K(2430464K) From: 158980K(180736K)->0K(180736K)
[5627.362s][info][gc,heap        ] GC(1752) ParOldGen: 5368658K(5368832K)->1356867K(5368832K)
[5627.362s][info][gc,metaspace   ] GC(1752) Metaspace: 29105K(29376K)->29105K(29376K) NonClass: 25998K(26112K)->25998K(26112K) Class: 3106K(3264K)->3106K(3264K)
[5627.362s][info][gc             ] GC(1752) Pause Full (Diagnostic Command) 5934M->1325M(7793M) 885.627ms
[5627.362s][info][gc,cpu         ] GC(1752) User=4.64s Sys=0.00s Real=0.89s
..[5628.702s][info][gc,start       ] GC(1753) Pause Young (Allocation Failure)
[5628.767s][info][gc,heap        ] GC(1753) PSYoungGen: 2430464K(2611200K)->162676K(2609664K) Eden: 2430464K(2430464K)->0K(2430464K) From: 0K(180736K)->162676K(179200K)
[5628.767s][info][gc,heap        ] GC(1753) ParOldGen: 1356867K(5368832K)->1356867K(5368832K)
[5628.767s][info][gc,metaspace   ] GC(1753) Metaspace: 29105K(29376K)->29105K(29376K) NonClass: 25998K(26112K)->25998K(26112K) Class: 3106K(3264K)->3106K(3264K)
[5628.767s][info][gc             ] GC(1753) Pause Young (Allocation Failure) 3698M->1483M(7791M) 64.862ms
[5628.767s][info][gc,cpu         ] GC(1753) User=0.39s Sys=0.00s Real=0.06s
.[5630.107s][info][gc,start       ] GC(1754) Pause Young (Allocation Failure)
[5630.204s][info][gc,heap        ] GC(1754) PSYoungGen: 2593140K(2609664K)->158937K(2614784K) Eden: 2430464K(2430464K)->0K(2438144K) From: 162676K(179200K)->158937K(176640K)
[5630.204s][info][gc,heap        ] GC(1754) ParOldGen: 1356867K(5368832K)->1462799K(5368832K)
[5630.204s][info][gc,metaspace   ] GC(1754) Metaspace: 29105K(29376K)->29105K(29376K) NonClass: 25998K(26112K)->25998K(26112K) Class: 3106K(3264K)->3106K(3264K)
[5630.204s][info][gc             ] GC(1754) Pause Young (Allocation Failure) 3857M->1583M(7796M) 96.668ms
[5630.204s][info][gc,cpu         ] GC(1754) User=0.56s Sys=0.01s Real=0.10s
..[5631.952s][info][gc,start       ] GC(1755) Pause Young (Allocation Failure)
[5632.042s][info][gc,heap        ] GC(1755) PSYoungGen: 2597081K(2614784K)->147744K(2614784K) Eden: 2438144K(2438144K)->0K(2438144K) From: 158937K(176640K)->147744K(176640K)
[5632.042s][info][gc,heap        ] GC(1755) ParOldGen: 1462799K(5368832K)->1565759K(5368832K)
[5632.042s][info][gc,metaspace   ] GC(1755) Metaspace: 29105K(29376K)->29105K(29376K) NonClass: 25998K(26112K)->25998K(26112K) Class: 3106K(3264K)->3106K(3264K)
[5632.042s][info][gc             ] GC(1755) Pause Young (Allocation Failure) 3964M->1673M(7796M) 89.514ms
[5632.042s][info][gc,cpu         ] GC(1755) User=0.53s Sys=0.00s Real=0.08s
..[5633.797s][info][gc,start       ] GC(1756) Pause Young (Allocation Failure)
[5633.893s][info][gc,heap        ] GC(1756) PSYoungGen: 2585888K(2614784K)->163402K(2618880K) Eden: 2438144K(2438144K)->0K(2441728K) From: 147744K(176640K)->163402K(177152K)
[5633.893s][info][gc,heap        ] GC(1756) ParOldGen: 1565759K(5368832K)->1670831K(5368832K)
[5633.893s][info][gc,metaspace   ] GC(1756) Metaspace: 29105K(29376K)->29105K(29376K) NonClass: 25998K(26112K)->25998K(26112K) Class: 3106K(3264K)->3106K(3264K)
[5633.893s][info][gc             ] GC(1756) Pause Young (Allocation Failure) 4054M->1791M(7800M) 96.876ms
[5633.893s][info][gc,cpu         ] GC(1756) User=0.57s Sys=0.00s Real=0.10s
..[5635.661s][info][gc,start       ] GC(1757) Pause Young (Allocation Failure)
[5635.755s][info][gc,heap        ] GC(1757) PSYoungGen: 2605130K(2618880K)->158416K(2600448K) Eden: 2441728K(2441728K)->0K(2441728K) From: 163402K(177152K)->158416K(158720K)
[5635.755s][info][gc,heap        ] GC(1757) ParOldGen: 1670831K(5368832K)->1774199K(5368832K)
[5635.755s][info][gc,metaspace   ] GC(1757) Metaspace: 29105K(29376K)->29105K(29376K) NonClass: 25998K(26112K)->25998K(26112K) Class: 3106K(3264K)->3106K(3264K)
[5635.755s][info][gc             ] GC(1757) Pause Young (Allocation Failure) 4175M->1887M(7782M) 94.087ms
[5635.755s][info][gc,cpu         ] GC(1757) User=0.56s Sys=0.00s Real=0.10s
.[5637.598s][info][gc,start       ] GC(1758) Pause Young (Allocation Failure)
[5637.703s][info][gc,heap        ] GC(1758) PSYoungGen: 2600144K(2600448K)->175076K(2534912K) Eden: 2441728K(2441728K)->0K(2359808K) From: 158416K(158720K)->175076K(175104K)
[5637.703s][info][gc,heap        ] GC(1758) ParOldGen: 1774199K(5368832K)->1877751K(5368832K)
[5637.703s][info][gc,metaspace   ] GC(1758) Metaspace: 29105K(29376K)->29105K(29376K) NonClass: 25998K(26112K)->25998K(26112K) Class: 3106K(3264K)->3106K(3264K)
[5637.703s][info][gc             ] GC(1758) Pause Young (Allocation Failure) 4271M->2004M(7718M) 105.149ms
[5637.703s][info][gc,cpu         ] GC(1758) User=0.62s Sys=0.00s Real=0.11s
..[5639.417s][info][gc,start       ] GC(1759) Pause Young (Allocation Failure)
[5639.509s][info][gc,heap        ] GC(1759) PSYoungGen: 2534884K(2534912K)->149984K(2577920K) Eden: 2359808K(2359808K)->0K(2359808K) From: 175076K(175104K)->149984K(218112K)
[5639.509s][info][gc,heap        ] GC(1759) ParOldGen: 1877751K(5368832K)->1984007K(5368832K)
[5639.509s][info][gc,metaspace   ] GC(1759) Metaspace: 29105K(29376K)->29105K(29376K) NonClass: 25998K(26112K)->25998K(26112K) Class: 3106K(3264K)->3106K(3264K)
[5639.509s][info][gc             ] GC(1759) Pause Young (Allocation Failure) 4309M->2083M(7760M) 91.817ms
[5639.509s][info][gc,cpu         ] GC(1759) User=0.54s Sys=0.00s Real=0.09s
..[5641.242s][info][gc,start       ] GC(1760) Pause Young (Allocation Failure)
[5641.332s][info][gc,heap        ] GC(1760) PSYoungGen: 2509792K(2577920K)->144175K(2574848K) Eden: 2359808K(2359808K)->0K(2360832K) From: 149984K(218112K)->144175K(214016K)
[5641.332s][info][gc,heap        ] GC(1760) ParOldGen: 1984007K(5368832K)->2086879K(5368832K)
[5641.332s][info][gc,metaspace   ] GC(1760) Metaspace: 29105K(29376K)->29105K(29376K) NonClass: 25998K(26112K)->25998K(26112K) Class: 3106K(3264K)->3106K(3264K)
[5641.332s][info][gc             ] GC(1760) Pause Young (Allocation Failure) 4388M->2178M(7757M) 89.479ms
[5641.332s][info][gc,cpu         ] GC(1760) User=0.53s Sys=0.00s Real=0.09s
..[5642.985s][info][gc,start       ] GC(1761) Pause Young (Allocation Failure)
[5643.074s][info][gc,heap        ] GC(1761) PSYoungGen: 2505007K(2574848K)->145344K(2576896K) Eden: 2360832K(2360832K)->0K(2360832K) From: 144175K(214016K)->145344K(216064K)
[5643.074s][info][gc,heap        ] GC(1761) ParOldGen: 2086879K(5368832K)->2185999K(5368832K)
[5643.074s][info][gc,metaspace   ] GC(1761) Metaspace: 29105K(29376K)->29105K(29376K) NonClass: 25998K(26112K)->25998K(26112K) Class: 3106K(3264K)->3106K(3264K)
[5643.074s][info][gc             ] GC(1761) Pause Young (Allocation Failure) 4484M->2276M(7759M) 88.666ms
[5643.074s][info][gc,cpu         ] GC(1761) User=0.53s Sys=0.00s Real=0.09s
.[5644.763s][info][gc,start       ] GC(1762) Pause Young (Allocation Failure)
[5644.855s][info][gc,heap        ] GC(1762) PSYoungGen: 2506176K(2576896K)->147360K(2575360K) Eden: 2360832K(2360832K)->0K(2365440K) From: 145344K(216064K)->147360K(209920K)
[5644.855s][info][gc,heap        ] GC(1762) ParOldGen: 2185999K(5368832K)->2291983K(5368832K)
[5644.855s][info][gc,metaspace   ] GC(1762) Metaspace: 29105K(29376K)->29105K(29376K) NonClass: 25998K(26112K)->25998K(26112K) Class: 3106K(3264K)->3106K(3264K)
[5644.855s][info][gc             ] GC(1762) Pause Young (Allocation Failure) 4582M->2382M(7758M) 92.076ms
[5644.855s][info][gc,cpu         ] GC(1762) User=0.54s Sys=0.00s Real=0.09s
..[5646.558s][info][gc,start       ] GC(1763) Pause Young (Allocation Failure)
[5646.652s][info][gc,heap        ] GC(1763) PSYoungGen: 2512800K(2575360K)->155680K(2577920K) Eden: 2365440K(2365440K)->0K(2365440K) From: 147360K(209920K)->155680K(212480K)
[5646.652s][info][gc,heap        ] GC(1763) ParOldGen: 2291983K(5368832K)->2390479K(5368832K)
[5646.652s][info][gc,metaspace   ] GC(1763) Metaspace: 29105K(29376K)->29105K(29376K) NonClass: 25998K(26112K)->25998K(26112K) Class: 3106K(3264K)->3106K(3264K)
[5646.652s][info][gc             ] GC(1763) Pause Young (Allocation Failure) 4692M->2486M(7760M) 93.922ms
[5646.652s][info][gc,cpu         ] GC(1763) User=0.56s Sys=0.00s Real=0.10s
..[5648.218s][info][gc,start       ] GC(1764) Pause Young (Allocation Failure)
[5648.309s][info][gc,heap        ] GC(1764) PSYoungGen: 2521120K(2577920K)->146528K(2579456K) Eden: 2365440K(2365440K)->0K(2374656K) From: 155680K(212480K)->146528K(204800K)
[5648.309s][info][gc,heap        ] GC(1764) ParOldGen: 2390479K(5368832K)->2494487K(5368832K)
[5648.309s][info][gc,metaspace   ] GC(1764) Metaspace: 29105K(29376K)->29105K(29376K) NonClass: 25998K(26112K)->25998K(26112K) Class: 3106K(3264K)->3106K(3264K)
[5648.309s][info][gc             ] GC(1764) Pause Young (Allocation Failure) 4796M->2579M(7762M) 91.106ms
[5648.309s][info][gc,cpu         ] GC(1764) User=0.54s Sys=0.00s Real=0.09s
..[5650.059s][info][gc,start       ] GC(1765) Pause Young (Allocation Failure)
[5650.148s][info][gc,heap        ] GC(1765) PSYoungGen: 2521184K(2579456K)->143936K(2580992K) Eden: 2374656K(2374656K)->0K(2374656K) From: 146528K(204800K)->143936K(206336K)
[5650.148s][info][gc,heap        ] GC(1765) ParOldGen: 2494487K(5368832K)->2597727K(5368832K)
[5650.148s][info][gc,metaspace   ] GC(1765) Metaspace: 29105K(29376K)->29105K(29376K) NonClass: 25998K(26112K)->25998K(26112K) Class: 3106K(3264K)->3106K(3264K)
[5650.148s][info][gc             ] GC(1765) Pause Young (Allocation Failure) 4898M->2677M(7763M) 89.333ms
[5650.148s][info][gc,cpu         ] GC(1765) User=0.53s Sys=0.00s Real=0.09s
.[5651.735s][info][gc,start       ] GC(1766) Pause Young (Allocation Failure)
[5651.833s][info][gc,heap        ] GC(1766) PSYoungGen: 2518592K(2580992K)->164480K(2584576K) Eden: 2374656K(2374656K)->0K(2384896K) From: 143936K(206336K)->164480K(199680K)
[5651.833s][info][gc,heap        ] GC(1766) ParOldGen: 2597727K(5368832K)->2701623K(5368832K)
[5651.833s][info][gc,metaspace   ] GC(1766) Metaspace: 29105K(29376K)->29105K(29376K) NonClass: 25998K(26112K)->25998K(26112K) Class: 3106K(3264K)->3106K(3264K)
[5651.833s][info][gc             ] GC(1766) Pause Young (Allocation Failure) 4996M->2798M(7767M) 98.254ms
[5651.833s][info][gc,cpu         ] GC(1766) User=0.58s Sys=0.00s Real=0.10s
..[5653.563s][info][gc,start       ] GC(1767) Pause Young (Allocation Failure)
[5653.657s][info][gc,heap        ] GC(1767) PSYoungGen: 2549376K(2584576K)->156278K(2587136K) Eden: 2384896K(2384896K)->0K(2384896K) From: 164480K(199680K)->156278K(202240K)
[5653.657s][info][gc,heap        ] GC(1767) ParOldGen: 2701623K(5368832K)->2801431K(5368832K)
[5653.657s][info][gc,metaspace   ] GC(1767) Metaspace: 29105K(29376K)->29105K(29376K) NonClass: 25998K(26112K)->25998K(26112K) Class: 3106K(3264K)->3106K(3264K)
[5653.657s][info][gc             ] GC(1767) Pause Young (Allocation Failure) 5127M->2888M(7769M) 94.526ms
[5653.657s][info][gc,cpu         ] GC(1767) User=0.55s Sys=0.01s Real=0.09s
..[5655.335s][info][gc,start       ] GC(1768) Pause Young (Allocation Failure)
[5655.430s][info][gc,heap        ] GC(1768) PSYoungGen: 2541174K(2587136K)->154080K(2588672K) Eden: 2384896K(2384896K)->0K(2395136K) From: 156278K(202240K)->154080K(193536K)
[5655.430s][info][gc,heap        ] GC(1768) ParOldGen: 2801431K(5368832K)->2908007K(5368832K)
[5655.430s][info][gc,metaspace   ] GC(1768) Metaspace: 29105K(29376K)->29105K(29376K) NonClass: 25998K(26112K)->25998K(26112K) Class: 3106K(3264K)->3106K(3264K)
[5655.430s][info][gc             ] GC(1768) Pause Young (Allocation Failure) 5217M->2990M(7771M) 94.911ms
[5655.430s][info][gc,cpu         ] GC(1768) User=0.56s Sys=0.00s Real=0.09s
..[5657.157s][info][gc,start       ] GC(1769) Pause Young (Allocation Failure)
[5657.252s][info][gc,heap        ] GC(1769) PSYoungGen: 2549216K(2588672K)->157344K(2590720K) Eden: 2395136K(2395136K)->0K(2395136K) From: 154080K(193536K)->157344K(195584K)
[5657.252s][info][gc,heap        ] GC(1769) ParOldGen: 2908007K(5368832K)->3009031K(5368832K)
[5657.252s][info][gc,metaspace   ] GC(1769) Metaspace: 29105K(29376K)->29105K(29376K) NonClass: 25998K(26112K)->25998K(26112K) Class: 3106K(3264K)->3106K(3264K)
[5657.252s][info][gc             ] GC(1769) Pause Young (Allocation Failure) 5329M->3092M(7773M) 94.923ms
[5657.252s][info][gc,cpu         ] GC(1769) User=0.56s Sys=0.00s Real=0.10s
.[5658.925s][info][gc,start       ] GC(1770) Pause Young (Allocation Failure)
[5659.021s][info][gc,heap        ] GC(1770) PSYoungGen: 2552480K(2590720K)->161376K(2596864K) Eden: 2395136K(2395136K)->0K(2408448K) From: 157344K(195584K)->161376K(188416K)
[5659.022s][info][gc,heap        ] GC(1770) ParOldGen: 3009031K(5368832K)->3114239K(5368832K)
[5659.022s][info][gc,metaspace   ] GC(1770) Metaspace: 29105K(29376K)->29105K(29376K) NonClass: 25998K(26112K)->25998K(26112K) Class: 3106K(3264K)->3106K(3264K)
[5659.022s][info][gc             ] GC(1770) Pause Young (Allocation Failure) 5431M->3198M(7779M) 96.198ms
[5659.022s][info][gc,cpu         ] GC(1770) User=0.57s Sys=0.00s Real=0.09s
..[5660.765s][info][gc,start       ] GC(1771) Pause Young (Allocation Failure)
[5660.860s][info][gc,heap        ] GC(1771) PSYoungGen: 2569824K(2596864K)->153681K(2597888K) Eden: 2408448K(2408448K)->0K(2408448K) From: 161376K(188416K)->153681K(189440K)
[5660.860s][info][gc,heap        ] GC(1771) ParOldGen: 3114239K(5368832K)->3218391K(5368832K)
[5660.860s][info][gc,metaspace   ] GC(1771) Metaspace: 29105K(29376K)->29105K(29376K) NonClass: 25998K(26112K)->25998K(26112K) Class: 3106K(3264K)->3106K(3264K)
[5660.860s][info][gc             ] GC(1771) Pause Young (Allocation Failure) 5550M->3293M(7780M) 95.208ms
[5660.860s][info][gc,cpu         ] GC(1771) User=0.56s Sys=0.00s Real=0.09s
..[5662.593s][info][gc,start       ] GC(1772) Pause Young (Allocation Failure)
[5662.690s][info][gc,heap        ] GC(1772) PSYoungGen: 2562129K(2597888K)->163808K(2606080K) Eden: 2408448K(2408448K)->0K(2418688K) From: 153681K(189440K)->163808K(187392K)
[5662.690s][info][gc,heap        ] GC(1772) ParOldGen: 3218391K(5368832K)->3319191K(5368832K)
[5662.690s][info][gc,metaspace   ] GC(1772) Metaspace: 29105K(29376K)->29105K(29376K) NonClass: 25998K(26112K)->25998K(26112K) Class: 3106K(3264K)->3106K(3264K)
[5662.690s][info][gc             ] GC(1772) Pause Young (Allocation Failure) 5645M->3401M(7788M) 97.172ms
[5662.690s][info][gc,cpu         ] GC(1772) User=0.57s Sys=0.00s Real=0.09s
..[5664.474s][info][gc,start       ] GC(1773) Pause Young (Allocation Failure)
[5664.574s][info][gc,heap        ] GC(1773) PSYoungGen: 2582496K(2606080K)->163955K(2605568K) Eden: 2418688K(2418688K)->0K(2418688K) From: 163808K(187392K)->163955K(186880K)
[5664.574s][info][gc,heap        ] GC(1773) ParOldGen: 3319191K(5368832K)->3422239K(5368832K)
[5664.574s][info][gc,metaspace   ] GC(1773) Metaspace: 29105K(29376K)->29105K(29376K) NonClass: 25998K(26112K)->25998K(26112K) Class: 3106K(3264K)->3106K(3264K)
[5664.574s][info][gc             ] GC(1773) Pause Young (Allocation Failure) 5763M->3502M(7787M) 100.026ms
[5664.574s][info][gc,cpu         ] GC(1773) User=0.59s Sys=0.01s Real=0.10s
..[5666.229s][info][gc,start       ] GC(1774) Pause Young (Allocation Failure)
[5666.326s][info][gc,heap        ] GC(1774) PSYoungGen: 2582643K(2605568K)->155552K(2606592K) Eden: 2418688K(2418688K)->0K(2423296K) From: 163955K(186880K)->155552K(183296K)
[5666.326s][info][gc,heap        ] GC(1774) ParOldGen: 3422239K(5368832K)->3528655K(5368832K)
[5666.326s][info][gc,metaspace   ] GC(1774) Metaspace: 29105K(29376K)->29105K(29376K) NonClass: 25998K(26112K)->25998K(26112K) Class: 3106K(3264K)->3106K(3264K)
[5666.326s][info][gc             ] GC(1774) Pause Young (Allocation Failure) 5864M->3597M(7788M) 96.773ms
[5666.326s][info][gc,cpu         ] GC(1774) User=0.56s Sys=0.01s Real=0.10s
.[5668.016s][info][gc,start       ] GC(1775) Pause Young (Allocation Failure)
[5668.110s][info][gc,heap        ] GC(1775) PSYoungGen: 2578848K(2606592K)->145216K(2607104K) Eden: 2423296K(2423296K)->0K(2423296K) From: 155552K(183296K)->145216K(183808K)
[5668.110s][info][gc,heap        ] GC(1775) ParOldGen: 3528655K(5368832K)->3633303K(5368832K)
[5668.110s][info][gc,metaspace   ] GC(1775) Metaspace: 29105K(29376K)->29105K(29376K) NonClass: 25998K(26112K)->25998K(26112K) Class: 3106K(3264K)->3106K(3264K)
[5668.110s][info][gc             ] GC(1775) Pause Young (Allocation Failure) 5964M->3689M(7789M) 94.266ms
[5668.110s][info][gc,cpu         ] GC(1775) User=0.55s Sys=0.00s Real=0.09s
..[5669.868s][info][gc,start       ] GC(1776) Pause Young (Allocation Failure)
[5669.970s][info][gc,heap        ] GC(1776) PSYoungGen: 2568512K(2607104K)->172592K(2606080K) Eden: 2423296K(2423296K)->0K(2422272K) From: 145216K(183808K)->172592K(183808K)
[5669.970s][info][gc,heap        ] GC(1776) ParOldGen: 3633303K(5368832K)->3734623K(5368832K)
[5669.970s][info][gc,metaspace   ] GC(1776) Metaspace: 29105K(29376K)->29105K(29376K) NonClass: 25998K(26112K)->25998K(26112K) Class: 3106K(3264K)->3106K(3264K)
[5669.970s][info][gc             ] GC(1776) Pause Young (Allocation Failure) 6056M->3815M(7788M) 101.830ms
[5669.970s][info][gc,cpu         ] GC(1776) User=0.59s Sys=0.00s Real=0.10s
..[5671.686s][info][gc,start       ] GC(1777) Pause Young (Allocation Failure)
[5671.782s][info][gc,heap        ] GC(1777) PSYoungGen: 2594864K(2606080K)->160928K(2609152K) Eden: 2422272K(2422272K)->0K(2422272K) From: 172592K(183808K)->160928K(186880K)
[5671.782s][info][gc,heap        ] GC(1777) ParOldGen: 3734623K(5368832K)->3840143K(5368832K)
[5671.782s][info][gc,metaspace   ] GC(1777) Metaspace: 29105K(29376K)->29105K(29376K) NonClass: 25998K(26112K)->25998K(26112K) Class: 3106K(3264K)->3106K(3264K)
[5671.782s][info][gc             ] GC(1777) Pause Young (Allocation Failure) 6181M->3907M(7791M) 96.247ms
[5671.782s][info][gc,cpu         ] GC(1777) User=0.57s Sys=0.00s Real=0.10s
..[5673.456s][info][gc,start       ] GC(1778) Pause Young (Allocation Failure)
[5673.555s][info][gc,heap        ] GC(1778) PSYoungGen: 2583200K(2609152K)->158522K(2603008K) Eden: 2422272K(2422272K)->0K(2424320K) From: 160928K(186880K)->158522K(178688K)
[5673.555s][info][gc,heap        ] GC(1778) ParOldGen: 3840143K(5368832K)->3945295K(5368832K)
[5673.555s][info][gc,metaspace   ] GC(1778) Metaspace: 29105K(29376K)->29105K(29376K) NonClass: 25998K(26112K)->25998K(26112K) Class: 3106K(3264K)->3106K(3264K)
[5673.555s][info][gc             ] GC(1778) Pause Young (Allocation Failure) 6272M->4007M(7785M) 98.739ms
[5673.555s][info][gc,cpu         ] GC(1778) User=0.58s Sys=0.00s Real=0.10s
. (rIR:aIR:PR = 9271:9291:9291) (tPR = 137797) [OK] 
  5674s: Performance info:
         Transaction,    Success,    Partial,     Failed,   Receipts, AvgBarcode, 
             Overall,     566730,          0,          0,     538488,      59.48, 
         Response times:
             Request,    Success,    Partial,     Failed,   SkipFail,     Probes,    Samples,      min,      p50,      p90,      p95,      p99,      max, 
       TotalPurchase,     538488,          0,          0,          0,     350087,     416098,      300,     7100,    63000,   143000,   424000,   920000,
     InStorePurchase,     284083,          0,          0,          0,     184320,     219134,      300,     7200,    63000,   142000,   424000,   920000,
      OnlinePurchase,     197717,          0,          0,          0,     128988,     153043,      300,     7100,    62000,   143000,   431000,   900000,
        InstPurchase,      56688,          0,          0,          0,      36779,      43921,      300,     6900,    61000,   143000,   416000,   900000,
          AssocOfCat,        568,          0,          0,          0,        487,        675,    23000,    46000,   124400,   187000,   554000,   950000,
      AssocOfProduct,       5650,          0,          0,          0,       4077,       5033,      300,     7500,    68000,   139000,   333940,   900000,
      BusinessReport,       1414,          0,          0,          0,       1260,       1635,    29000,    58000,   146400,   246800,   440000,   960000,
          CustBuyBeh,       5662,          0,          0,          0,       3987,       4811,      300,     5800,    54800,   110000,   462800,   900000,
       ProductReturn,      14948,          0,          0,          0,       9276,      11111,      200,     7400,    65000,   149000,   433640,   670000,

  5674s: (68%)   IR =   9409 .[5675.323s][info][gc,start       ] GC(1779) Pause Young (Allocation Failure)
[5675.418s][info][gc,heap        ] GC(1779) PSYoungGen: 2582842K(2603008K)->152640K(2606592K) Eden: 2424320K(2424320K)->0K(2424320K) From: 158522K(178688K)->152640K(182272K)
[5675.418s][info][gc,heap        ] GC(1779) ParOldGen: 3945295K(5368832K)->4046855K(5368832K)
[5675.418s][info][gc,metaspace   ] GC(1779) Metaspace: 29105K(29376K)->29105K(29376K) NonClass: 25998K(26112K)->25998K(26112K) Class: 3106K(3264K)->3106K(3264K)
[5675.418s][info][gc             ] GC(1779) Pause Young (Allocation Failure) 6375M->4101M(7788M) 94.792ms
[5675.418s][info][gc,cpu         ] GC(1779) User=0.56s Sys=0.00s Real=0.09s
.[5677.118s][info][gc,start       ] GC(1780) Pause Young (Allocation Failure)
[5677.216s][info][gc,heap        ] GC(1780) PSYoungGen: 2576960K(2606592K)->154068K(2609664K) Eden: 2424320K(2424320K)->0K(2432512K) From: 152640K(182272K)->154068K(177152K)
[5677.216s][info][gc,heap        ] GC(1780) ParOldGen: 4046855K(5368832K)->4153807K(5368832K)
[5677.216s][info][gc,metaspace   ] GC(1780) Metaspace: 29105K(29376K)->29105K(29376K) NonClass: 25998K(26112K)->25998K(26112K) Class: 3106K(3264K)->3106K(3264K)
[5677.216s][info][gc             ] GC(1780) Pause Young (Allocation Failure) 6468M->4206M(7791M) 97.961ms
[5677.216s][info][gc,cpu         ] GC(1780) User=0.58s Sys=0.00s Real=0.10s
..[5678.951s][info][gc,start       ] GC(1781) Pause Young (Allocation Failure)
[5679.040s][info][gc,heap        ] GC(1781) PSYoungGen: 2586580K(2609664K)->145152K(2612224K) Eden: 2432512K(2432512K)->0K(2432512K) From: 154068K(177152K)->145152K(179712K)
[5679.041s][info][gc,heap        ] GC(1781) ParOldGen: 4153807K(5368832K)->4256575K(5368832K)
[5679.041s][info][gc,metaspace   ] GC(1781) Metaspace: 29105K(29376K)->29105K(29376K) NonClass: 25998K(26112K)->25998K(26112K) Class: 3106K(3264K)->3106K(3264K)
[5679.041s][info][gc             ] GC(1781) Pause Young (Allocation Failure) 6582M->4298M(7794M) 89.737ms
[5679.041s][info][gc,cpu         ] GC(1781) User=0.53s Sys=0.00s Real=0.09s
..[5680.802s][info][gc,start       ] GC(1782) Pause Young (Allocation Failure)
[5680.900s][info][gc,heap        ] GC(1782) PSYoungGen: 2577664K(2612224K)->158702K(2613248K) Eden: 2432512K(2432512K)->0K(2436608K) From: 145152K(179712K)->158702K(176640K)
[5680.900s][info][gc,heap        ] GC(1782) ParOldGen: 4256575K(5368832K)->4360559K(5368832K)
[5680.900s][info][gc,metaspace   ] GC(1782) Metaspace: 29105K(29376K)->29105K(29376K) NonClass: 25998K(26112K)->25998K(26112K) Class: 3106K(3264K)->3106K(3264K)
[5680.900s][info][gc             ] GC(1782) Pause Young (Allocation Failure) 6674M->4413M(7795M) 98.061ms
[5680.900s][info][gc,cpu         ] GC(1782) User=0.57s Sys=0.00s Real=0.09s
..[5682.590s][info][gc,start       ] GC(1783) Pause Young (Allocation Failure)
[5682.690s][info][gc,heap        ] GC(1783) PSYoungGen: 2595310K(2613248K)->162117K(2614784K) Eden: 2436608K(2436608K)->0K(2436608K) From: 158702K(176640K)->162117K(178176K)
[5682.690s][info][gc,heap        ] GC(1783) ParOldGen: 4360559K(5368832K)->4464919K(5368832K)
[5682.690s][info][gc,metaspace   ] GC(1783) Metaspace: 29105K(29376K)->29105K(29376K) NonClass: 25998K(26112K)->25998K(26112K) Class: 3106K(3264K)->3106K(3264K)
[5682.690s][info][gc             ] GC(1783) Pause Young (Allocation Failure) 6792M->4518M(7796M) 99.892ms
[5682.690s][info][gc,cpu         ] GC(1783) User=0.58s Sys=0.00s Real=0.10s
..|[5684.374s][info][gc,start       ] GC(1784) Pause Young (Allocation Failure)
[5684.468s][info][gc,heap        ] GC(1784) PSYoungGen: 2598725K(2614784K)->149280K(2616320K) Eden: 2436608K(2436608K)->0K(2440192K) From: 162117K(178176K)->149280K(176128K)
[5684.468s][info][gc,heap        ] GC(1784) ParOldGen: 4464919K(5368832K)->4569407K(5368832K)
[5684.468s][info][gc,metaspace   ] GC(1784) Metaspace: 29105K(29376K)->29105K(29376K) NonClass: 25998K(26112K)->25998K(26112K) Class: 3106K(3264K)->3106K(3264K)
[5684.468s][info][gc             ] GC(1784) Pause Young (Allocation Failure) 6898M->4608M(7798M) 93.433ms
[5684.468s][info][gc,cpu         ] GC(1784) User=0.55s Sys=0.00s Real=0.09s
.[5686.217s][info][gc,start       ] GC(1785) Pause Young (Allocation Failure)
[5686.313s][info][gc,heap        ] GC(1785) PSYoungGen: 2589472K(2616320K)->153760K(2617344K) Eden: 2440192K(2440192K)->0K(2440192K) From: 149280K(176128K)->153760K(177152K)
[5686.313s][info][gc,heap        ] GC(1785) ParOldGen: 4569407K(5368832K)->4671511K(5368832K)
[5686.313s][info][gc,metaspace   ] GC(1785) Metaspace: 29105K(29376K)->29105K(29376K) NonClass: 25998K(26112K)->25998K(26112K) Class: 3106K(3264K)->3106K(3264K)
[5686.313s][info][gc             ] GC(1785) Pause Young (Allocation Failure) 6991M->4712M(7799M) 95.440ms
[5686.313s][info][gc,cpu         ] GC(1785) User=0.56s Sys=0.01s Real=0.10s
..[5688.028s][info][gc,start       ] GC(1786) Pause Young (Allocation Failure)
[5688.122s][info][gc,heap        ] GC(1786) PSYoungGen: 2593952K(2617344K)->148352K(2618368K) Eden: 2440192K(2440192K)->0K(2443264K) From: 153760K(177152K)->148352K(175104K)
[5688.122s][info][gc,heap        ] GC(1786) ParOldGen: 4671511K(5368832K)->4776879K(5368832K)
[5688.122s][info][gc,metaspace   ] GC(1786) Metaspace: 29105K(29376K)->29105K(29376K) NonClass: 25998K(26112K)->25998K(26112K) Class: 3106K(3264K)->3106K(3264K)
[5688.122s][info][gc             ] GC(1786) Pause Young (Allocation Failure) 7095M->4809M(7800M) 94.028ms
[5688.122s][info][gc,cpu         ] GC(1786) User=0.55s Sys=0.00s Real=0.10s
..[5689.892s][info][gc,start       ] GC(1787) Pause Young (Allocation Failure)
[5689.991s][info][gc,heap        ] GC(1787) PSYoungGen: 2591616K(2618368K)->158944K(2618368K) Eden: 2443264K(2443264K)->0K(2443264K) From: 148352K(175104K)->158944K(175104K)
[5689.991s][info][gc,heap        ] GC(1787) ParOldGen: 4776879K(5368832K)->4882375K(5368832K)
[5689.991s][info][gc,metaspace   ] GC(1787) Metaspace: 29105K(29376K)->29105K(29376K) NonClass: 25998K(26112K)->25998K(26112K) Class: 3106K(3264K)->3106K(3264K)
[5689.991s][info][gc             ] GC(1787) Pause Young (Allocation Failure) 7195M->4923M(7800M) 98.880ms
[5689.991s][info][gc,cpu         ] GC(1787) User=0.58s Sys=0.00s Real=0.09s
..[5691.734s][info][gc,start       ] GC(1788) Pause Young (Allocation Failure)
[5691.834s][info][gc,heap        ] GC(1788) PSYoungGen: 2602208K(2618368K)->162352K(2619904K) Eden: 2443264K(2443264K)->0K(2445312K) From: 158944K(175104K)->162352K(174592K)
[5691.834s][info][gc,heap        ] GC(1788) ParOldGen: 4882375K(5368832K)->4987191K(5368832K)
[5691.834s][info][gc,metaspace   ] GC(1788) Metaspace: 29105K(29376K)->29105K(29376K) NonClass: 25998K(26112K)->25998K(26112K) Class: 3106K(3264K)->3106K(3264K)
[5691.834s][info][gc             ] GC(1788) Pause Young (Allocation Failure) 7309M->5028M(7801M) 100.736ms
[5691.835s][info][gc,cpu         ] GC(1788) User=0.58s Sys=0.00s Real=0.10s
..[5693.553s][info][gc,start       ] GC(1789) Pause Young (Allocation Failure)
[5693.656s][info][gc,heap        ] GC(1789) PSYoungGen: 2607664K(2619904K)->169264K(2614784K) Eden: 2445312K(2445312K)->0K(2445312K) From: 162352K(174592K)->169264K(169472K)
[5693.656s][info][gc,heap        ] GC(1789) ParOldGen: 4987191K(5368832K)->5091423K(5368832K)
[5693.656s][info][gc,metaspace   ] GC(1789) Metaspace: 29105K(29376K)->29105K(29376K) NonClass: 25998K(26112K)->25998K(26112K) Class: 3106K(3264K)->3106K(3264K)
[5693.656s][info][gc             ] GC(1789) Pause Young (Allocation Failure) 7416M->5137M(7796M) 103.175ms
[5693.656s][info][gc,cpu         ] GC(1789) User=0.60s Sys=0.00s Real=0.10s
..[5695.378s][info][gc,start       ] GC(1790) Pause Young (Allocation Failure)
[5695.476s][info][gc,heap        ] GC(1790) PSYoungGen: 2614576K(2614784K)->158048K(2619904K) Eden: 2445312K(2445312K)->0K(2441728K) From: 169264K(169472K)->158048K(178176K)
[5695.476s][info][gc,heap        ] GC(1790) ParOldGen: 5091423K(5368832K)->5195495K(5368832K)
[5695.476s][info][gc,metaspace   ] GC(1790) Metaspace: 29105K(29376K)->29105K(29376K) NonClass: 25998K(26112K)->25998K(26112K) Class: 3106K(3264K)->3106K(3264K)
[5695.476s][info][gc             ] GC(1790) Pause Young (Allocation Failure) 7525M->5228M(7801M) 98.350ms
[5695.476s][info][gc,cpu         ] GC(1790) User=0.58s Sys=0.00s Real=0.10s
.[5697.110s][info][gc,start       ] GC(1791) Pause Young (Allocation Failure)
[5697.208s][info][gc,heap        ] GC(1791) PSYoungGen: 2599776K(2619904K)->153345K(2595328K) Eden: 2441728K(2441728K)->0K(2441728K) From: 158048K(178176K)->153345K(153600K)
[5697.208s][info][gc,heap        ] GC(1791) ParOldGen: 5195495K(5368832K)->5302143K(5368832K)
[5697.208s][info][gc,metaspace   ] GC(1791) Metaspace: 29105K(29376K)->29105K(29376K) NonClass: 25998K(26112K)->25998K(26112K) Class: 3106K(3264K)->3106K(3264K)
[5697.208s][info][gc             ] GC(1791) Pause Young (Allocation Failure) 7612M->5327M(7777M) 97.494ms
[5697.208s][info][gc,cpu         ] GC(1791) User=0.57s Sys=0.00s Real=0.10s
..[5698.902s][info][gc,start       ] GC(1792) Pause Young (Allocation Failure)
[5699.011s][info][gc,heap        ] GC(1792) PSYoungGen: 2595073K(2595328K)->175082K(2534912K) Eden: 2441728K(2441728K)->0K(2359808K) From: 153345K(153600K)->175082K(175104K)
[5699.011s][info][gc,heap        ] GC(1792) ParOldGen: 5302143K(5368832K)->5405831K(5406208K)
[5699.011s][info][gc,metaspace   ] GC(1792) Metaspace: 29105K(29376K)->29105K(29376K) NonClass: 25998K(26112K)->25998K(26112K) Class: 3106K(3264K)->3106K(3264K)
[5699.011s][info][gc             ] GC(1792) Pause Young (Allocation Failure) 7712M->5450M(7755M) 108.700ms
[5699.011s][info][gc,cpu         ] GC(1792) User=0.63s Sys=0.01s Real=0.10s
..[5700.702s][info][gc,start       ] GC(1793) Pause Young (Allocation Failure)
[5700.802s][info][gc,heap        ] GC(1793) PSYoungGen: 2534890K(2534912K)->156451K(2577920K) Eden: 2359808K(2359808K)->0K(2359808K) From: 175082K(175104K)->156451K(218112K)
[5700.802s][info][gc,heap        ] GC(1793) ParOldGen: 5405831K(5406208K)->5509655K(5510144K)
[5700.802s][info][gc,metaspace   ] GC(1793) Metaspace: 29105K(29376K)->29105K(29376K) NonClass: 25998K(26112K)->25998K(26112K) Class: 3106K(3264K)->3106K(3264K)
[5700.802s][info][gc             ] GC(1793) Pause Young (Allocation Failure) 7754M->5533M(7898M) 100.890ms
[5700.802s][info][gc,cpu         ] GC(1793) User=0.55s Sys=0.04s Real=0.11s
..[5702.390s][info][gc,start       ] GC(1794) Pause Full (Allocation Failure)
[5702.390s][info][gc,phases,start] GC(1794) Marking Phase
[5702.703s][info][gc,phases      ] GC(1794) Marking Phase 313.553ms
[5702.703s][info][gc,phases,start] GC(1794) Summary Phase
[5702.703s][info][gc,phases      ] GC(1794) Summary Phase 0.098ms
[5702.703s][info][gc,phases,start] GC(1794) Forward
[5702.832s][info][gc,phases      ] GC(1794) Forward 128.989ms
[5702.832s][info][gc,phases,start] GC(1794) Adjust Pointers
[5703.051s][info][gc,phases      ] GC(1794) Adjust Pointers 218.186ms
[5703.051s][info][gc,phases,start] GC(1794) Compaction Phase
[5703.199s][info][gc,phases      ] GC(1794) Compaction Phase 148.581ms
[5703.200s][info][gc,phases,start] GC(1794) Post Compact
[5703.207s][info][gc,phases      ] GC(1794) Post Compact 6.772ms
[5703.322s][info][gc,heap        ] GC(1794) PSYoungGen: 2516259K(2577920K)->0K(2575360K) Eden: 2359808K(2359808K)->0K(2362368K) From: 156451K(218112K)->0K(212992K)
[5703.322s][info][gc,heap        ] GC(1794) ParOldGen: 5509655K(5510144K)->1630401K(2018304K)
[5703.322s][info][gc,metaspace   ] GC(1794) Metaspace: 29105K(29376K)->29105K(29376K) NonClass: 25998K(26112K)->25998K(26112K) Class: 3106K(3264K)->3106K(3264K)
[5703.322s][info][gc             ] GC(1794) Pause Full (Allocation Failure) 7837M->1592M(4486M) 931.932ms
[5703.322s][info][gc,cpu         ] GC(1794) User=4.39s Sys=0.11s Real=0.94s
.[5704.613s][info][gc,start       ] GC(1795) Pause Young (Allocation Failure)
[5704.683s][info][gc,heap        ] GC(1795) PSYoungGen: 2362368K(2575360K)->167936K(2577920K) Eden: 2362368K(2362368K)->0K(2362368K) From: 0K(212992K)->167936K(215552K)
[5704.683s][info][gc,heap        ] GC(1795) ParOldGen: 1630401K(2018304K)->1630401K(2018304K)
[5704.683s][info][gc,metaspace   ] GC(1795) Metaspace: 29105K(29376K)->29105K(29376K) NonClass: 25998K(26112K)->25998K(26112K) Class: 3106K(3264K)->3106K(3264K)
[5704.683s][info][gc             ] GC(1795) Pause Young (Allocation Failure) 3899M->1756M(4488M) 70.016ms
[5704.683s][info][gc,cpu         ] GC(1795) User=0.41s Sys=0.00s Real=0.07s
..[5705.959s][info][gc,start       ] GC(1796) Pause Young (Allocation Failure)
[5706.061s][info][gc,heap        ] GC(1796) PSYoungGen: 2530304K(2577920K)->178312K(2578944K) Eden: 2362368K(2362368K)->0K(2368000K) From: 167936K(215552K)->178312K(210944K)
[5706.061s][info][gc,heap        ] GC(1796) ParOldGen: 1630401K(2018304K)->1734193K(2018304K)
[5706.061s][info][gc,metaspace   ] GC(1796) Metaspace: 29105K(29376K)->29105K(29376K) NonClass: 25998K(26112K)->25998K(26112K) Class: 3106K(3264K)->3106K(3264K)
[5706.061s][info][gc             ] GC(1796) Pause Young (Allocation Failure) 4063M->1867M(4489M) 102.744ms
[5706.061s][info][gc,cpu         ] GC(1796) User=0.61s Sys=0.00s Real=0.10s
.[5707.607s][info][gc,start       ] GC(1797) Pause Young (Allocation Failure)
[5707.695s][info][gc,heap        ] GC(1797) PSYoungGen: 2546312K(2578944K)->144416K(2578432K) Eden: 2368000K(2368000K)->0K(2368000K) From: 178312K(210944K)->144416K(210432K)
[5707.695s][info][gc,heap        ] GC(1797) ParOldGen: 1734193K(2018304K)->1840025K(2018304K)
[5707.695s][info][gc,metaspace   ] GC(1797) Metaspace: 29105K(29376K)->29105K(29376K) NonClass: 25998K(26112K)->25998K(26112K) Class: 3106K(3264K)->3106K(3264K)
[5707.696s][info][gc             ] GC(1797) Pause Young (Allocation Failure) 4180M->1937M(4489M) 88.257ms
[5707.696s][info][gc,cpu         ] GC(1797) User=0.53s Sys=0.00s Real=0.09s
..[5709.387s][info][gc,start       ] GC(1798) Pause Young (Allocation Failure)
[5709.484s][info][gc,heap        ] GC(1798) PSYoungGen: 2512416K(2578432K)->162949K(2578944K) Eden: 2368000K(2368000K)->0K(2375168K) From: 144416K(210432K)->162949K(203776K)
[5709.484s][info][gc,heap        ] GC(1798) ParOldGen: 1840025K(2018304K)->1937081K(2018304K)
[5709.484s][info][gc,metaspace   ] GC(1798) Metaspace: 29105K(29376K)->29105K(29376K) NonClass: 25998K(26112K)->25998K(26112K) Class: 3106K(3264K)->3106K(3264K)
[5709.484s][info][gc             ] GC(1798) Pause Young (Allocation Failure) 4250M->2050M(4489M) 96.920ms
[5709.484s][info][gc,cpu         ] GC(1798) User=0.57s Sys=0.00s Real=0.10s
..[5711.179s][info][gc,start       ] GC(1799) Pause Young (Allocation Failure)
[5711.282s][info][gc,heap        ] GC(1799) PSYoungGen: 2538117K(2578944K)->174308K(2582016K) Eden: 2375168K(2375168K)->0K(2375168K) From: 162949K(203776K)->174308K(206848K)
[5711.282s][info][gc,heap        ] GC(1799) ParOldGen: 1937081K(2018304K)->2039745K(2039808K)
[5711.282s][info][gc,metaspace   ] GC(1799) Metaspace: 29105K(29376K)->29105K(29376K) NonClass: 25998K(26112K)->25998K(26112K) Class: 3106K(3264K)->3106K(3264K)
[5711.282s][info][gc             ] GC(1799) Pause Young (Allocation Failure) 4370M->2162M(4513M) 103.128ms
[5711.282s][info][gc,cpu         ] GC(1799) User=0.60s Sys=0.01s Real=0.11s
..[5712.900s][info][gc,start       ] GC(1800) Pause Young (Allocation Failure)
[5713.000s][info][gc,heap        ] GC(1800) PSYoungGen: 2549476K(2582016K)->157568K(2584064K) Eden: 2375168K(2375168K)->0K(2383360K) From: 174308K(206848K)->157568K(200704K)
[5713.000s][info][gc,heap        ] GC(1800) ParOldGen: 2039745K(2039808K)->2144873K(2145280K)
[5713.000s][info][gc,metaspace   ] GC(1800) Metaspace: 29105K(29376K)->29105K(29376K) NonClass: 25998K(26112K)->25998K(26112K) Class: 3106K(3264K)->3106K(3264K)
[5713.000s][info][gc             ] GC(1800) Pause Young (Allocation Failure) 4481M->2248M(4618M) 99.571ms
[5713.000s][info][gc,cpu         ] GC(1800) User=0.56s Sys=0.03s Real=0.10s
.[5714.629s][info][gc,start       ] GC(1801) Pause Young (Allocation Failure)
[5714.731s][info][gc,heap        ] GC(1801) PSYoungGen: 2540928K(2584064K)->160308K(2587136K) Eden: 2383360K(2383360K)->0K(2383360K) From: 157568K(200704K)->160308K(203776K)
[5714.731s][info][gc,heap        ] GC(1801) ParOldGen: 2144873K(2145280K)->2249353K(2249728K)
[5714.731s][info][gc,metaspace   ] GC(1801) Metaspace: 29105K(29376K)->29105K(29376K) NonClass: 25998K(26112K)->25998K(26112K) Class: 3106K(3264K)->3106K(3264K)
[5714.731s][info][gc             ] GC(1801) Pause Young (Allocation Failure) 4575M->2353M(4723M) 102.073ms
[5714.731s][info][gc,cpu         ] GC(1801) User=0.56s Sys=0.04s Real=0.10s
..[5716.469s][info][gc,start       ] GC(1802) Pause Young (Allocation Failure)
[5716.564s][info][gc,heap        ] GC(1802) PSYoungGen: 2543668K(2587136K)->156144K(2589184K) Eden: 2383360K(2383360K)->0K(2391552K) From: 160308K(203776K)->156144K(197632K)
[5716.564s][info][gc,heap        ] GC(1802) ParOldGen: 2249353K(2249728K)->2349657K(2350080K)
[5716.564s][info][gc,metaspace   ] GC(1802) Metaspace: 29105K(29376K)->29105K(29376K) NonClass: 25998K(26112K)->25998K(26112K) Class: 3106K(3264K)->3106K(3264K)
[5716.564s][info][gc             ] GC(1802) Pause Young (Allocation Failure) 4680M->2447M(4823M) 95.225ms
[5716.564s][info][gc,cpu         ] GC(1802) User=0.52s Sys=0.03s Real=0.10s
..[5718.309s][info][gc,start       ] GC(1803) Pause Young (Allocation Failure)
[5718.412s][info][gc,heap        ] GC(1803) PSYoungGen: 2547696K(2589184K)->167044K(2590720K) Eden: 2391552K(2391552K)->0K(2391552K) From: 156144K(197632K)->167044K(199168K)
[5718.412s][info][gc,heap        ] GC(1803) ParOldGen: 2349657K(2350080K)->2453241K(2453504K)
[5718.412s][info][gc,metaspace   ] GC(1803) Metaspace: 29105K(29376K)->29105K(29376K) NonClass: 25998K(26112K)->25998K(26112K) Class: 3106K(3264K)->3106K(3264K)
[5718.412s][info][gc             ] GC(1803) Pause Young (Allocation Failure) 4782M->2558M(4926M) 103.054ms
[5718.412s][info][gc,cpu         ] GC(1803) User=0.58s Sys=0.03s Real=0.11s
..[5720.078s][info][gc,start       ] GC(1804) Pause Young (Allocation Failure)
[5720.173s][info][gc,heap        ] GC(1804) PSYoungGen: 2558596K(2590720K)->148592K(2596352K) Eden: 2391552K(2391552K)->0K(2399744K) From: 167044K(199168K)->148592K(196608K)
[5720.173s][info][gc,heap        ] GC(1804) ParOldGen: 2453241K(2453504K)->2557857K(2557952K)
[5720.173s][info][gc,metaspace   ] GC(1804) Metaspace: 29105K(29376K)->29105K(29376K) NonClass: 25998K(26112K)->25998K(26112K) Class: 3106K(3264K)->3106K(3264K)
[5720.174s][info][gc             ] GC(1804) Pause Young (Allocation Failure) 4894M->2643M(5033M) 95.632ms
[5720.174s][info][gc,cpu         ] GC(1804) User=0.53s Sys=0.03s Real=0.10s
..[5721.849s][info][gc,start       ] GC(1805) Pause Young (Allocation Failure)
[5721.949s][info][gc,heap        ] GC(1805) PSYoungGen: 2548336K(2596352K)->163412K(2595840K) Eden: 2399744K(2399744K)->0K(2399744K) From: 148592K(196608K)->163412K(196096K)
[5721.949s][info][gc,heap        ] GC(1805) ParOldGen: 2557857K(2557952K)->2659273K(2659328K)
[5721.949s][info][gc,metaspace   ] GC(1805) Metaspace: 29105K(29376K)->29105K(29376K) NonClass: 25998K(26112K)->25998K(26112K) Class: 3106K(3264K)->3106K(3264K)
[5721.949s][info][gc             ] GC(1805) Pause Young (Allocation Failure) 4986M->2756M(5132M) 99.655ms
[5721.949s][info][gc,cpu         ] GC(1805) User=0.55s Sys=0.04s Real=0.10s
.[5723.694s][info][gc,start       ] GC(1806) Pause Young (Allocation Failure)
[5723.792s][info][gc,heap        ] GC(1806) PSYoungGen: 2563156K(2595840K)->155776K(2597888K) Eden: 2399744K(2399744K)->0K(2405376K) From: 163412K(196096K)->155776K(192512K)
[5723.792s][info][gc,heap        ] GC(1806) ParOldGen: 2659273K(2659328K)->2763409K(2763776K)
[5723.792s][info][gc,metaspace   ] GC(1806) Metaspace: 29105K(29376K)->29105K(29376K) NonClass: 25998K(26112K)->25998K(26112K) Class: 3106K(3264K)->3106K(3264K)
[5723.792s][info][gc             ] GC(1806) Pause Young (Allocation Failure) 5100M->2850M(5236M) 97.307ms
[5723.792s][info][gc,cpu         ] GC(1806) User=0.56s Sys=0.02s Real=0.09s
..[5725.547s][info][gc,start       ] GC(1807) Pause Young (Allocation Failure)
[5725.644s][info][gc,heap        ] GC(1807) PSYoungGen: 2561152K(2597888K)->150912K(2596352K) Eden: 2405376K(2405376K)->0K(2405376K) From: 155776K(192512K)->150912K(190976K)
[5725.644s][info][gc,heap        ] GC(1807) ParOldGen: 2763409K(2763776K)->2867769K(2868224K)
[5725.644s][info][gc,metaspace   ] GC(1807) Metaspace: 29105K(29376K)->29105K(29376K) NonClass: 25998K(26112K)->25998K(26112K) Class: 3106K(3264K)->3106K(3264K)
[5725.644s][info][gc             ] GC(1807) Pause Young (Allocation Failure) 5199M->2947M(5336M) 97.218ms
[5725.644s][info][gc,cpu         ] GC(1807) User=0.55s Sys=0.03s Real=0.10s
..[5727.404s][info][gc,start       ] GC(1808) Pause Young (Allocation Failure)
[5727.504s][info][gc,heap        ] GC(1808) PSYoungGen: 2556288K(2596352K)->160080K(2601984K) Eden: 2405376K(2405376K)->0K(2414592K) From: 150912K(190976K)->160080K(187392K)
[5727.504s][info][gc,heap        ] GC(1808) ParOldGen: 2867769K(2868224K)->2971369K(2971648K)
[5727.504s][info][gc,metaspace   ] GC(1808) Metaspace: 29105K(29376K)->29105K(29376K) NonClass: 25998K(26112K)->25998K(26112K) Class: 3106K(3264K)->3106K(3264K)
[5727.504s][info][gc             ] GC(1808) Pause Young (Allocation Failure) 5296M->3058M(5443M) 100.003ms
[5727.504s][info][gc,cpu         ] GC(1808) User=0.55s Sys=0.04s Real=0.10s
..[5729.183s][info][gc,start       ] GC(1809) Pause Young (Allocation Failure)
[5729.282s][info][gc,heap        ] GC(1809) PSYoungGen: 2574672K(2601984K)->152053K(2602496K) Eden: 2414592K(2414592K)->0K(2414592K) From: 160080K(187392K)->152053K(187904K)
[5729.282s][info][gc,heap        ] GC(1809) ParOldGen: 2971369K(2971648K)->3074049K(3074560K)
[5729.282s][info][gc,metaspace   ] GC(1809) Metaspace: 29105K(29376K)->29105K(29376K) NonClass: 25998K(26112K)->25998K(26112K) Class: 3106K(3264K)->3106K(3264K)
[5729.282s][info][gc             ] GC(1809) Pause Young (Allocation Failure) 5416M->3150M(5544M) 98.305ms
[5729.282s][info][gc,cpu         ] GC(1809) User=0.55s Sys=0.03s Real=0.10s
..[5731.009s][info][gc,start       ] GC(1810) Pause Young (Allocation Failure)
[5731.103s][info][gc,heap        ] GC(1810) PSYoungGen: 2566645K(2602496K)->145888K(2607104K) Eden: 2414592K(2414592K)->0K(2420736K) From: 152053K(187904K)->145888K(186368K)
[5731.103s][info][gc,heap        ] GC(1810) ParOldGen: 3074049K(3074560K)->3175001K(3175424K)
[5731.103s][info][gc,metaspace   ] GC(1810) Metaspace: 29105K(29376K)->29105K(29376K) NonClass: 25998K(26112K)->25998K(26112K) Class: 3106K(3264K)->3106K(3264K)
[5731.103s][info][gc             ] GC(1810) Pause Young (Allocation Failure) 5508M->3243M(5647M) 93.807ms
[5731.103s][info][gc,cpu         ] GC(1810) User=0.52s Sys=0.03s Real=0.10s
.[5732.803s][info][gc,start       ] GC(1811) Pause Young (Allocation Failure)
[5732.903s][info][gc,heap        ] GC(1811) PSYoungGen: 2566624K(2607104K)->161392K(2607104K) Eden: 2420736K(2420736K)->0K(2420736K) From: 145888K(186368K)->161392K(186368K)
[5732.903s][info][gc,heap        ] GC(1811) ParOldGen: 3175001K(3175424K)->3278769K(3278848K)
[5732.903s][info][gc,metaspace   ] GC(1811) Metaspace: 29105K(29376K)->29105K(29376K) NonClass: 25998K(26112K)->25998K(26112K) Class: 3106K(3264K)->3106K(3264K)
[5732.903s][info][gc             ] GC(1811) Pause Young (Allocation Failure) 5607M->3359M(5748M) 99.892ms
[5732.903s][info][gc,cpu         ] GC(1811) User=0.56s Sys=0.03s Real=0.10s
..[5734.580s][info][gc,start       ] GC(1812) Pause Young (Allocation Failure)
[5734.682s][info][gc,heap        ] GC(1812) PSYoungGen: 2582128K(2607104K)->164836K(2608640K) Eden: 2420736K(2420736K)->0K(2423808K) From: 161392K(186368K)->164836K(184832K)
[5734.682s][info][gc,heap        ] GC(1812) ParOldGen: 3278769K(3278848K)->3382193K(3382272K)
[5734.682s][info][gc,metaspace   ] GC(1812) Metaspace: 29105K(29376K)->29105K(29376K) NonClass: 25998K(26112K)->25998K(26112K) Class: 3106K(3264K)->3106K(3264K)
[5734.682s][info][gc             ] GC(1812) Pause Young (Allocation Failure) 5723M->3463M(5850M) 101.460ms
[5734.682s][info][gc,cpu         ] GC(1812) User=0.56s Sys=0.03s Real=0.11s
..[5736.383s][info][gc,start       ] GC(1813) Pause Young (Allocation Failure)
[5736.488s][info][gc,heap        ] GC(1813) PSYoungGen: 2588644K(2608640K)->169380K(2608128K) Eden: 2423808K(2423808K)->0K(2423808K) From: 164836K(184832K)->169380K(184320K)
[5736.488s][info][gc,heap        ] GC(1813) ParOldGen: 3382193K(3382272K)->3486065K(3486208K)
[5736.488s][info][gc,metaspace   ] GC(1813) Metaspace: 29105K(29376K)->29105K(29376K) NonClass: 25998K(26112K)->25998K(26112K) Class: 3106K(3264K)->3106K(3264K)
[5736.488s][info][gc             ] GC(1813) Pause Young (Allocation Failure) 5830M->3569M(5951M) 105.214ms
[5736.488s][info][gc,cpu         ] GC(1813) User=0.60s Sys=0.02s Real=0.10s
..[5738.135s][info][gc,start       ] GC(1814) Pause Young (Allocation Failure)
[5738.230s][info][gc,heap        ] GC(1814) PSYoungGen: 2593188K(2608128K)->150720K(2611200K) Eden: 2423808K(2423808K)->0K(2425856K) From: 169380K(184320K)->150720K(185344K)
[5738.231s][info][gc,heap        ] GC(1814) ParOldGen: 3486065K(3486208K)->3589161K(3589632K)
[5738.231s][info][gc,metaspace   ] GC(1814) Metaspace: 29105K(29376K)->29105K(29376K) NonClass: 25998K(26112K)->25998K(26112K) Class: 3106K(3264K)->3106K(3264K)
[5738.231s][info][gc             ] GC(1814) Pause Young (Allocation Failure) 5936M->3652M(6055M) 95.891ms
[5738.231s][info][gc,cpu         ] GC(1814) User=0.54s Sys=0.03s Real=0.09s
..[5739.965s][info][gc,start       ] GC(1815) Pause Young (Allocation Failure)
[5740.068s][info][gc,heap        ] GC(1815) PSYoungGen: 2576576K(2611200K)->160331K(2586624K) Eden: 2425856K(2425856K)->0K(2425856K) From: 150720K(185344K)->160331K(160768K)
[5740.068s][info][gc,heap        ] GC(1815) ParOldGen: 3589161K(3589632K)->3695433K(3695616K)
[5740.068s][info][gc,metaspace   ] GC(1815) Metaspace: 29105K(29376K)->29105K(29376K) NonClass: 25998K(26112K)->25998K(26112K) Class: 3106K(3264K)->3106K(3264K)
[5740.068s][info][gc             ] GC(1815) Pause Young (Allocation Failure) 6021M->3765M(6135M) 102.757ms
[5740.068s][info][gc,cpu         ] GC(1815) User=0.57s Sys=0.03s Real=0.10s
.[5741.760s][info][gc,start       ] GC(1816) Pause Young (Allocation Failure)
[5741.867s][info][gc,heap        ] GC(1816) PSYoungGen: 2586187K(2586624K)->173220K(2605056K) Eden: 2425856K(2425856K)->0K(2422784K) From: 160331K(160768K)->173220K(182272K)
[5741.867s][info][gc,heap        ] GC(1816) ParOldGen: 3695433K(3695616K)->3798521K(3798528K)
[5741.867s][info][gc,metaspace   ] GC(1816) Metaspace: 29105K(29376K)->29105K(29376K) NonClass: 25998K(26112K)->25998K(26112K) Class: 3106K(3264K)->3106K(3264K)
[5741.867s][info][gc             ] GC(1816) Pause Young (Allocation Failure) 6134M->3878M(6253M) 106.705ms
[5741.867s][info][gc,cpu         ] GC(1816) User=0.59s Sys=0.04s Real=0.11s
..[5743.532s][info][gc,start       ] GC(1817) Pause Young (Allocation Failure)
[5743.633s][info][gc,heap        ] GC(1817) PSYoungGen: 2596004K(2605056K)->158176K(2608128K) Eden: 2422784K(2422784K)->0K(2422784K) From: 173220K(182272K)->158176K(185344K)
[5743.633s][info][gc,heap        ] GC(1817) ParOldGen: 3798521K(3798528K)->3904377K(3904512K)
[5743.633s][info][gc,metaspace   ] GC(1817) Metaspace: 29105K(29376K)->29105K(29376K) NonClass: 25998K(26112K)->25998K(26112K) Class: 3106K(3264K)->3106K(3264K)
[5743.633s][info][gc             ] GC(1817) Pause Young (Allocation Failure) 6244M->3967M(6360M) 100.696ms
[5743.633s][info][gc,cpu         ] GC(1817) User=0.56s Sys=0.03s Real=0.10s
.. (rIR:aIR:PR = 9409:9401:9401) (tPR = 138658) [OK] 
  5744s: Performance info:
         Transaction,    Success,    Partial,     Failed,   Receipts, AvgBarcode, 
             Overall,     570949,          0,          0,     542278,      59.48, 
         Response times:
             Request,    Success,    Partial,     Failed,   SkipFail,     Probes,    Samples,      min,      p50,      p90,      p95,      p99,      max, 
       TotalPurchase,     542279,          0,          0,          0,     351834,     425835,      300,     7300,    67000,   143000,   340000,  1200000,
     InStorePurchase,     286397,          0,          0,          0,     184787,     223564,      300,     7400,    67000,   145000,   338000,  1200000,
      OnlinePurchase,     198648,          0,          0,          0,     130101,     157381,      300,     7100,    66000,   144000,   337000,  1100000,
        InstPurchase,      57234,          0,          0,          0,      36946,      44890,      400,     7500,    69000,   137000,   340000,  1100000,
          AssocOfCat,        573,          0,          0,          0,        448,        638,    26000,    48500,   122100,   174450,   521000,  1100000,
      AssocOfProduct,       5758,          0,          0,          0,       4082,       5213,      700,     7000,    61000,   126300,   306000,   473000,
      BusinessReport,       1425,          0,          0,          0,       1207,       1614,    29000,    55000,   120500,   179000,   455000,  1100000,
          CustBuyBeh,       5727,          0,          0,          0,       4032,       5148,      200,     5800,    62000,   120000,   311000,   447000,
       ProductReturn,      15188,          0,          0,          0,       9542,      11586,      200,     6800,    65000,   138000,   333000,   480000,

  5744s: (69%)   IR =   9548 [5745.271s][info][gc,start       ] GC(1818) Pause Young (Allocation Failure)
[5745.370s][info][gc,heap        ] GC(1818) PSYoungGen: 2580960K(2608128K)->154560K(2607616K) Eden: 2422784K(2422784K)->0K(2427392K) From: 158176K(185344K)->154560K(180224K)
[5745.370s][info][gc,heap        ] GC(1818) ParOldGen: 3904377K(3904512K)->4008665K(4008960K)
[5745.370s][info][gc,metaspace   ] GC(1818) Metaspace: 29105K(29376K)->29105K(29376K) NonClass: 25998K(26112K)->25998K(26112K) Class: 3106K(3264K)->3106K(3264K)
[5745.370s][info][gc             ] GC(1818) Pause Young (Allocation Failure) 6333M->4065M(6461M) 99.313ms
[5745.370s][info][gc,cpu         ] GC(1818) User=0.56s Sys=0.02s Real=0.10s
..[5747.121s][info][gc,start       ] GC(1819) Pause Young (Allocation Failure)
[5747.221s][info][gc,heap        ] GC(1819) PSYoungGen: 2581952K(2607616K)->156640K(2609664K) Eden: 2427392K(2427392K)->0K(2427392K) From: 154560K(180224K)->156640K(182272K)
[5747.221s][info][gc,heap        ] GC(1819) ParOldGen: 4008665K(4008960K)->4112977K(4113408K)
[5747.221s][info][gc,metaspace   ] GC(1819) Metaspace: 29105K(29376K)->29105K(29376K) NonClass: 25998K(26112K)->25998K(26112K) Class: 3106K(3264K)->3106K(3264K)
[5747.221s][info][gc             ] GC(1819) Pause Young (Allocation Failure) 6436M->4169M(6565M) 99.895ms
[5747.221s][info][gc,cpu         ] GC(1819) User=0.55s Sys=0.04s Real=0.10s
.[5748.818s][info][gc,start       ] GC(1820) Pause Young (Allocation Failure)
[5748.918s][info][gc,heap        ] GC(1820) PSYoungGen: 2584032K(2609664K)->155456K(2610176K) Eden: 2427392K(2427392K)->0K(2433024K) From: 156640K(182272K)->155456K(177152K)
[5748.918s][info][gc,heap        ] GC(1820) ParOldGen: 4112977K(4113408K)->4218761K(4218880K)
[5748.918s][info][gc,metaspace   ] GC(1820) Metaspace: 29105K(29376K)->29105K(29376K) NonClass: 25998K(26112K)->25998K(26112K) Class: 3106K(3264K)->3106K(3264K)
[5748.918s][info][gc             ] GC(1820) Pause Young (Allocation Failure) 6540M->4271M(6669M) 100.278ms
[5748.918s][info][gc,cpu         ] GC(1820) User=0.55s Sys=0.04s Real=0.10s
..[5750.562s][info][gc,start       ] GC(1821) Pause Young (Allocation Failure)
[5750.663s][info][gc,heap        ] GC(1821) PSYoungGen: 2588480K(2610176K)->160016K(2612224K) Eden: 2433024K(2433024K)->0K(2433024K) From: 155456K(177152K)->160016K(179200K)
[5750.663s][info][gc,heap        ] GC(1821) ParOldGen: 4218761K(4218880K)->4319225K(4319232K)
[5750.663s][info][gc,metaspace   ] GC(1821) Metaspace: 29105K(29376K)->29105K(29376K) NonClass: 25998K(26112K)->25998K(26112K) Class: 3106K(3264K)->3106K(3264K)
[5750.663s][info][gc             ] GC(1821) Pause Young (Allocation Failure) 6647M->4374M(6769M) 100.247ms
[5750.663s][info][gc,cpu         ] GC(1821) User=0.56s Sys=0.04s Real=0.10s
..|[5752.421s][info][gc,start       ] GC(1822) Pause Young (Allocation Failure)
[5752.524s][info][gc,heap        ] GC(1822) PSYoungGen: 2593040K(2612224K)->161492K(2614272K) Eden: 2433024K(2433024K)->0K(2439168K) From: 160016K(179200K)->161492K(175104K)
[5752.524s][info][gc,heap        ] GC(1822) ParOldGen: 4319225K(4319232K)->4422865K(4423168K)
[5752.524s][info][gc,metaspace   ] GC(1822) Metaspace: 29105K(29376K)->29105K(29376K) NonClass: 25998K(26112K)->25998K(26112K) Class: 3106K(3264K)->3106K(3264K)
[5752.524s][info][gc             ] GC(1822) Pause Young (Allocation Failure) 6750M->4476M(6872M) 103.079ms
[5752.524s][info][gc,cpu         ] GC(1822) User=0.58s Sys=0.02s Real=0.11s
..[5754.098s][info][gc,start       ] GC(1823) Pause Young (Allocation Failure)
[5754.194s][info][gc,heap        ] GC(1823) PSYoungGen: 2600660K(2614272K)->141824K(2615808K) Eden: 2439168K(2439168K)->0K(2439168K) From: 161492K(175104K)->141824K(176640K)
[5754.194s][info][gc,heap        ] GC(1823) ParOldGen: 4422865K(4423168K)->4531257K(4531712K)
[5754.194s][info][gc,metaspace   ] GC(1823) Metaspace: 29105K(29376K)->29105K(29376K) NonClass: 25998K(26112K)->25998K(26112K) Class: 3106K(3264K)->3106K(3264K)
[5754.194s][info][gc             ] GC(1823) Pause Young (Allocation Failure) 6858M->4563M(6980M) 95.430ms
[5754.194s][info][gc,cpu         ] GC(1823) User=0.52s Sys=0.03s Real=0.10s
.[5756.004s][info][gc,start       ] GC(1824) Pause Young (Allocation Failure)
[5756.100s][info][gc,heap        ] GC(1824) PSYoungGen: 2580992K(2615808K)->150400K(2618880K) Eden: 2439168K(2439168K)->0K(2441216K) From: 141824K(176640K)->150400K(177664K)
[5756.100s][info][gc,heap        ] GC(1824) ParOldGen: 4531257K(4531712K)->4630121K(4630528K)
[5756.100s][info][gc,metaspace   ] GC(1824) Metaspace: 29105K(29376K)->29105K(29376K) NonClass: 25998K(26112K)->25998K(26112K) Class: 3106K(3264K)->3106K(3264K)
[5756.100s][info][gc             ] GC(1824) Pause Young (Allocation Failure) 6945M->4668M(7079M) 95.937ms
[5756.100s][info][gc,cpu         ] GC(1824) User=0.53s Sys=0.03s Real=0.09s
..[5757.761s][info][gc,start       ] GC(1825) Pause Young (Allocation Failure)
[5757.863s][info][gc,heap        ] GC(1825) PSYoungGen: 2591616K(2618880K)->157872K(2599424K) Eden: 2441216K(2441216K)->0K(2441216K) From: 150400K(177664K)->157872K(158208K)
[5757.863s][info][gc,heap        ] GC(1825) ParOldGen: 4630121K(4630528K)->4737913K(4738048K)
[5757.863s][info][gc,metaspace   ] GC(1825) Metaspace: 29105K(29376K)->29105K(29376K) NonClass: 25998K(26112K)->25998K(26112K) Class: 3106K(3264K)->3106K(3264K)
[5757.863s][info][gc             ] GC(1825) Pause Young (Allocation Failure) 7052M->4781M(7165M) 102.668ms
[5757.863s][info][gc,cpu         ] GC(1825) User=0.57s Sys=0.04s Real=0.11s
..[5759.483s][info][gc,start       ] GC(1826) Pause Young (Allocation Failure)
[5759.586s][info][gc,heap        ] GC(1826) PSYoungGen: 2599088K(2599424K)->166021K(2615296K) Eden: 2441216K(2441216K)->0K(2439680K) From: 157872K(158208K)->166021K(175616K)
[5759.587s][info][gc,heap        ] GC(1826) ParOldGen: 4737913K(4738048K)->4840257K(4840448K)
[5759.587s][info][gc,metaspace   ] GC(1826) Metaspace: 29105K(29376K)->29105K(29376K) NonClass: 25998K(26112K)->25998K(26112K) Class: 3106K(3264K)->3106K(3264K)
[5759.587s][info][gc             ] GC(1826) Pause Young (Allocation Failure) 7165M->4888M(7281M) 103.700ms
[5759.587s][info][gc,cpu         ] GC(1826) User=0.58s Sys=0.03s Real=0.10s
..[5761.278s][info][gc,start       ] GC(1827) Pause Young (Allocation Failure)
[5761.381s][info][gc,heap        ] GC(1827) PSYoungGen: 2605701K(2615296K)->156696K(2616832K) Eden: 2439680K(2439680K)->0K(2439680K) From: 166021K(175616K)->156696K(177152K)
[5761.381s][info][gc,heap        ] GC(1827) ParOldGen: 4840257K(4840448K)->4947073K(4947456K)
[5761.381s][info][gc,metaspace   ] GC(1827) Metaspace: 29105K(29376K)->29105K(29376K) NonClass: 25998K(26112K)->25998K(26112K) Class: 3106K(3264K)->3106K(3264K)
[5761.381s][info][gc             ] GC(1827) Pause Young (Allocation Failure) 7271M->4984M(7387M) 102.991ms
[5761.381s][info][gc,cpu         ] GC(1827) User=0.57s Sys=0.04s Real=0.10s
.[5763.067s][info][gc,start       ] GC(1828) Pause Young (Allocation Failure)
[5763.163s][info][gc,heap        ] GC(1828) PSYoungGen: 2596376K(2616832K)->145440K(2617856K) Eden: 2439680K(2439680K)->0K(2442752K) From: 156696K(177152K)->145440K(175104K)
[5763.163s][info][gc,heap        ] GC(1828) ParOldGen: 4947073K(4947456K)->5048689K(5048832K)
[5763.163s][info][gc,metaspace   ] GC(1828) Metaspace: 29105K(29376K)->29105K(29376K) NonClass: 25998K(26112K)->25998K(26112K) Class: 3106K(3264K)->3106K(3264K)
[5763.163s][info][gc             ] GC(1828) Pause Young (Allocation Failure) 7366M->5072M(7487M) 96.704ms
[5763.164s][info][gc,cpu         ] GC(1828) User=0.54s Sys=0.03s Real=0.10s
..[5764.915s][info][gc,start       ] GC(1829) Pause Young (Allocation Failure)
[5765.019s][info][gc,heap        ] GC(1829) PSYoungGen: 2588192K(2617856K)->165536K(2618368K) Eden: 2442752K(2442752K)->0K(2442752K) From: 145440K(175104K)->165536K(175616K)
[5765.019s][info][gc,heap        ] GC(1829) ParOldGen: 5048689K(5048832K)->5150289K(5150720K)
[5765.019s][info][gc,metaspace   ] GC(1829) Metaspace: 29105K(29376K)->29105K(29376K) NonClass: 25998K(26112K)->25998K(26112K) Class: 3106K(3264K)->3106K(3264K)
[5765.019s][info][gc             ] GC(1829) Pause Young (Allocation Failure) 7457M->5191M(7587M) 104.142ms
[5765.019s][info][gc,cpu         ] GC(1829) User=0.58s Sys=0.02s Real=0.10s
..[5766.621s][info][gc,start       ] GC(1830) Pause Young (Allocation Failure)
[5766.723s][info][gc,heap        ] GC(1830) PSYoungGen: 2608288K(2618368K)->159904K(2619392K) Eden: 2442752K(2442752K)->0K(2442752K) From: 165536K(175616K)->159904K(176640K)
[5766.723s][info][gc,heap        ] GC(1830) ParOldGen: 5150289K(5150720K)->5255385K(5255680K)
[5766.723s][info][gc,metaspace   ] GC(1830) Metaspace: 29105K(29376K)->29105K(29376K) NonClass: 25998K(26112K)->25998K(26112K) Class: 3106K(3264K)->3106K(3264K)
[5766.723s][info][gc             ] GC(1830) Pause Young (Allocation Failure) 7576M->5288M(7690M) 101.828ms
[5766.723s][info][gc,cpu         ] GC(1830) User=0.55s Sys=0.05s Real=0.11s
..[5768.434s][info][gc,start       ] GC(1831) Pause Young (Allocation Failure)
[5768.537s][info][gc,heap        ] GC(1831) PSYoungGen: 2602656K(2619392K)->158372K(2601472K) Eden: 2442752K(2442752K)->0K(2442752K) From: 159904K(176640K)->158372K(158720K)
[5768.537s][info][gc,heap        ] GC(1831) ParOldGen: 5255385K(5255680K)->5359073K(5359104K)
[5768.537s][info][gc,metaspace   ] GC(1831) Metaspace: 29105K(29376K)->29105K(29376K) NonClass: 25998K(26112K)->25998K(26112K) Class: 3106K(3264K)->3106K(3264K)
[5768.537s][info][gc             ] GC(1831) Pause Young (Allocation Failure) 7673M->5388M(7774M) 102.973ms
[5768.537s][info][gc,cpu         ] GC(1831) User=0.57s Sys=0.03s Real=0.10s
.[5770.173s][info][gc,start       ] GC(1832) Pause Young (Allocation Failure)
[5770.277s][info][gc,heap        ] GC(1832) PSYoungGen: 2601124K(2601472K)->165220K(2616832K) Eden: 2442752K(2442752K)->0K(2442240K) From: 158372K(158720K)->165220K(174592K)
[5770.277s][info][gc,heap        ] GC(1832) ParOldGen: 5359073K(5359104K)->5461161K(5461504K)
[5770.277s][info][gc,metaspace   ] GC(1832) Metaspace: 29105K(29376K)->29105K(29376K) NonClass: 25998K(26112K)->25998K(26112K) Class: 3106K(3264K)->3106K(3264K)
[5770.277s][info][gc             ] GC(1832) Pause Young (Allocation Failure) 7773M->5494M(7889M) 103.741ms
[5770.277s][info][gc,cpu         ] GC(1832) User=0.57s Sys=0.03s Real=0.10s
..[5771.924s][info][gc,start       ] GC(1833) Pause Young (Allocation Failure)
[5772.034s][info][gc,heap        ] GC(1833) PSYoungGen: 2607460K(2616832K)->170196K(2617856K) Eden: 2442240K(2442240K)->0K(2442240K) From: 165220K(174592K)->170196K(175616K)
[5772.034s][info][gc,heap        ] GC(1833) ParOldGen: 5461161K(5461504K)->5569777K(5570048K)
[5772.034s][info][gc,metaspace   ] GC(1833) Metaspace: 29105K(29376K)->29105K(29376K) NonClass: 25998K(26112K)->25998K(26112K) Class: 3106K(3264K)->3106K(3264K)
[5772.034s][info][gc             ] GC(1833) Pause Young (Allocation Failure) 7879M->5605M(7996M) 109.406ms
[5772.034s][info][gc,cpu         ] GC(1833) User=0.60s Sys=0.04s Real=0.11s
..[5773.767s][info][gc,start       ] GC(1834) Pause Full (Allocation Failure)
[5773.767s][info][gc,phases,start] GC(1834) Marking Phase
[5774.088s][info][gc,phases      ] GC(1834) Marking Phase 320.858ms
[5774.088s][info][gc,phases,start] GC(1834) Summary Phase
[5774.088s][info][gc,phases      ] GC(1834) Summary Phase 0.106ms
[5774.088s][info][gc,phases,start] GC(1834) Forward
[5774.225s][info][gc,phases      ] GC(1834) Forward 136.456ms
[5774.225s][info][gc,phases,start] GC(1834) Adjust Pointers
[5774.447s][info][gc,phases      ] GC(1834) Adjust Pointers 222.158ms
[5774.447s][info][gc,phases,start] GC(1834) Compaction Phase
[5774.601s][info][gc,phases      ] GC(1834) Compaction Phase 153.671ms
[5774.603s][info][gc,phases,start] GC(1834) Post Compact
[5774.610s][info][gc,phases      ] GC(1834) Post Compact 6.917ms
[5774.732s][info][gc,heap        ] GC(1834) PSYoungGen: 2612436K(2617856K)->0K(2617856K) Eden: 2442240K(2442240K)->0K(2439680K) From: 170196K(175616K)->0K(178176K)
[5774.732s][info][gc,heap        ] GC(1834) ParOldGen: 5569777K(5570048K)->1649534K(2049024K)
[5774.732s][info][gc,metaspace   ] GC(1834) Metaspace: 29105K(29376K)->29105K(29376K) NonClass: 25998K(26112K)->25998K(26112K) Class: 3106K(3264K)->3106K(3264K)
[5774.732s][info][gc             ] GC(1834) Pause Full (Allocation Failure) 7990M->1610M(4557M) 964.379ms
[5774.732s][info][gc,cpu         ] GC(1834) User=4.52s Sys=0.12s Real=0.97s
..[5776.022s][info][gc,start       ] GC(1835) Pause Young (Allocation Failure)
[5776.084s][info][gc,heap        ] GC(1835) PSYoungGen: 2439680K(2617856K)->149124K(2617856K) Eden: 2439680K(2439680K)->0K(2439680K) From: 0K(178176K)->149124K(178176K)
[5776.084s][info][gc,heap        ] GC(1835) ParOldGen: 1649534K(2049024K)->1649534K(2049024K)
[5776.084s][info][gc,metaspace   ] GC(1835) Metaspace: 29105K(29376K)->29105K(29376K) NonClass: 25998K(26112K)->25998K(26112K) Class: 3106K(3264K)->3106K(3264K)
[5776.084s][info][gc             ] GC(1835) Pause Young (Allocation Failure) 3993M->1756M(4557M) 62.771ms
[5776.084s][info][gc,cpu         ] GC(1835) User=0.37s Sys=0.00s Real=0.07s
.[5777.420s][info][gc,start       ] GC(1836) Pause Young (Allocation Failure)
[5777.564s][info][gc,heap        ] GC(1836) PSYoungGen: 2588804K(2617856K)->161389K(2615808K) Eden: 2439680K(2439680K)->0K(2439680K) From: 149124K(178176K)->161389K(176128K)
[5777.564s][info][gc,heap        ] GC(1836) ParOldGen: 1649534K(2049024K)->1754851K(2049024K)
[5777.564s][info][gc,metaspace   ] GC(1836) Metaspace: 29105K(29376K)->29105K(29376K) NonClass: 25998K(26112K)->25998K(26112K) Class: 3106K(3264K)->3106K(3264K)
[5777.564s][info][gc             ] GC(1836) Pause Young (Allocation Failure) 4139M->1871M(4555M) 143.408ms
[5777.564s][info][gc,cpu         ] GC(1836) User=0.58s Sys=0.00s Real=0.15s
.[5778.947s][info][gc,start       ] GC(1837) Pause Young (Allocation Failure)
[5779.045s][info][gc,heap        ] GC(1837) PSYoungGen: 2601069K(2615808K)->162823K(2616832K) Eden: 2439680K(2439680K)->0K(2439680K) From: 161389K(176128K)->162823K(177152K)
[5779.045s][info][gc,heap        ] GC(1837) ParOldGen: 1754851K(2049024K)->1860531K(2049024K)
[5779.045s][info][gc,metaspace   ] GC(1837) Metaspace: 29105K(29376K)->29105K(29376K) NonClass: 25998K(26112K)->25998K(26112K) Class: 3106K(3264K)->3106K(3264K)
[5779.045s][info][gc             ] GC(1837) Pause Young (Allocation Failure) 4253M->1975M(4556M) 97.823ms
[5779.045s][info][gc,cpu         ] GC(1837) User=0.58s Sys=0.00s Real=0.10s
..[5780.714s][info][gc,start       ] GC(1838) Pause Young (Allocation Failure)
[5780.809s][info][gc,heap        ] GC(1838) PSYoungGen: 2602503K(2616832K)->163936K(2618368K) Eden: 2439680K(2439680K)->0K(2442240K) From: 162823K(177152K)->163936K(176128K)
[5780.809s][info][gc,heap        ] GC(1838) ParOldGen: 1860531K(2049024K)->1963027K(2049024K)
[5780.809s][info][gc,metaspace   ] GC(1838) Metaspace: 29105K(29376K)->29105K(29376K) NonClass: 25998K(26112K)->25998K(26112K) Class: 3106K(3264K)->3106K(3264K)
[5780.809s][info][gc             ] GC(1838) Pause Young (Allocation Failure) 4358M->2077M(4558M) 95.862ms
[5780.809s][info][gc,cpu         ] GC(1838) User=0.57s Sys=0.00s Real=0.09s
..[5782.488s][info][gc,start       ] GC(1839) Pause Young (Allocation Failure)
[5782.586s][info][gc,heap        ] GC(1839) PSYoungGen: 2606176K(2618368K)->162704K(2618880K) Eden: 2442240K(2442240K)->0K(2442240K) From: 163936K(176128K)->162704K(176640K)
[5782.586s][info][gc,heap        ] GC(1839) ParOldGen: 1963027K(2049024K)->2067691K(2067968K)
[5782.586s][info][gc,metaspace   ] GC(1839) Metaspace: 29105K(29376K)->29105K(29376K) NonClass: 25998K(26112K)->25998K(26112K) Class: 3106K(3264K)->3106K(3264K)
[5782.586s][info][gc             ] GC(1839) Pause Young (Allocation Failure) 4462M->2178M(4577M) 98.346ms
[5782.586s][info][gc,cpu         ] GC(1839) User=0.58s Sys=0.00s Real=0.10s
..[5784.268s][info][gc,start       ] GC(1840) Pause Young (Allocation Failure)
[5784.364s][info][gc,heap        ] GC(1840) PSYoungGen: 2604944K(2618880K)->148192K(2618880K) Eden: 2442240K(2442240K)->0K(2442752K) From: 162704K(176640K)->148192K(176128K)
[5784.364s][info][gc,heap        ] GC(1840) ParOldGen: 2067691K(2067968K)->2175579K(2176000K)
[5784.364s][info][gc,metaspace   ] GC(1840) Metaspace: 29105K(29376K)->29105K(29376K) NonClass: 25998K(26112K)->25998K(26112K) Class: 3106K(3264K)->3106K(3264K)
[5784.364s][info][gc             ] GC(1840) Pause Young (Allocation Failure) 4563M->2269M(4682M) 95.448ms
[5784.364s][info][gc,cpu         ] GC(1840) User=0.53s Sys=0.03s Real=0.10s
.[5786.102s][info][gc,start       ] GC(1841) Pause Young (Allocation Failure)
[5786.196s][info][gc,heap        ] GC(1841) PSYoungGen: 2590944K(2618880K)->148320K(2619392K) Eden: 2442752K(2442752K)->0K(2442752K) From: 148192K(176128K)->148320K(176640K)
[5786.196s][info][gc,heap        ] GC(1841) ParOldGen: 2175579K(2176000K)->2277803K(2277888K)
[5786.196s][info][gc,metaspace   ] GC(1841) Metaspace: 29105K(29376K)->29105K(29376K) NonClass: 25998K(26112K)->25998K(26112K) Class: 3106K(3264K)->3106K(3264K)
[5786.196s][info][gc             ] GC(1841) Pause Young (Allocation Failure) 4654M->2369M(4782M) 94.869ms
[5786.196s][info][gc,cpu         ] GC(1841) User=0.53s Sys=0.03s Real=0.10s
..[5787.910s][info][gc,start       ] GC(1842) Pause Young (Allocation Failure)
[5788.013s][info][gc,heap        ] GC(1842) PSYoungGen: 2591072K(2619392K)->162880K(2619392K) Eden: 2442752K(2442752K)->0K(2442752K) From: 148320K(176640K)->162880K(176640K)
[5788.013s][info][gc,heap        ] GC(1842) ParOldGen: 2277803K(2277888K)->2383555K(2383872K)
[5788.013s][info][gc,metaspace   ] GC(1842) Metaspace: 29105K(29376K)->29105K(29376K) NonClass: 25998K(26112K)->25998K(26112K) Class: 3106K(3264K)->3106K(3264K)
[5788.013s][info][gc             ] GC(1842) Pause Young (Allocation Failure) 4754M->2486M(4886M) 102.663ms
[5788.013s][info][gc,cpu         ] GC(1842) User=0.57s Sys=0.04s Real=0.11s
..[5789.715s][info][gc,start       ] GC(1843) Pause Young (Allocation Failure)
[5789.813s][info][gc,heap        ] GC(1843) PSYoungGen: 2605632K(2619392K)->157824K(2600960K) Eden: 2442752K(2442752K)->0K(2442752K) From: 162880K(176640K)->157824K(158208K)
[5789.813s][info][gc,heap        ] GC(1843) ParOldGen: 2383555K(2383872K)->2485459K(2485760K)
[5789.813s][info][gc,metaspace   ] GC(1843) Metaspace: 29105K(29376K)->29105K(29376K) NonClass: 25998K(26112K)->25998K(26112K) Class: 3106K(3264K)->3106K(3264K)
[5789.813s][info][gc             ] GC(1843) Pause Young (Allocation Failure) 4872M->2581M(4967M) 97.459ms
[5789.813s][info][gc,cpu         ] GC(1843) User=0.54s Sys=0.03s Real=0.10s
..[5791.466s][info][gc,start       ] GC(1844) Pause Young (Allocation Failure)
[5791.563s][info][gc,heap        ] GC(1844) PSYoungGen: 2600576K(2600960K)->154304K(2618880K) Eden: 2442752K(2442752K)->0K(2443776K) From: 157824K(158208K)->154304K(175104K)
[5791.563s][info][gc,heap        ] GC(1844) ParOldGen: 2485459K(2485760K)->2590771K(2591232K)
[5791.563s][info][gc,metaspace   ] GC(1844) Metaspace: 29105K(29376K)->29105K(29376K) NonClass: 25998K(26112K)->25998K(26112K) Class: 3106K(3264K)->3106K(3264K)
[5791.563s][info][gc             ] GC(1844) Pause Young (Allocation Failure) 4966M->2680M(5088M) 97.462ms
[5791.563s][info][gc,cpu         ] GC(1844) User=0.54s Sys=0.03s Real=0.10s
.[5793.121s][info][gc,start       ] GC(1845) Pause Young (Allocation Failure)
[5793.217s][info][gc,heap        ] GC(1845) PSYoungGen: 2598080K(2618880K)->147904K(2617856K) Eden: 2443776K(2443776K)->0K(2443776K) From: 154304K(175104K)->147904K(174080K)
[5793.217s][info][gc,heap        ] GC(1845) ParOldGen: 2590771K(2591232K)->2695843K(2696192K)
[5793.217s][info][gc,metaspace   ] GC(1845) Metaspace: 29105K(29376K)->29105K(29376K) NonClass: 25998K(26112K)->25998K(26112K) Class: 3106K(3264K)->3106K(3264K)
[5793.217s][info][gc             ] GC(1845) Pause Young (Allocation Failure) 5067M->2777M(5189M) 95.788ms
[5793.217s][info][gc,cpu         ] GC(1845) User=0.52s Sys=0.04s Real=0.10s
..[5794.972s][info][gc,start       ] GC(1846) Pause Young (Allocation Failure)
[5795.069s][info][gc,heap        ] GC(1846) PSYoungGen: 2591680K(2617856K)->152128K(2620928K) Eden: 2443776K(2443776K)->0K(2447872K) From: 147904K(174080K)->152128K(173056K)
[5795.069s][info][gc,heap        ] GC(1846) ParOldGen: 2695843K(2696192K)->2798739K(2799104K)
[5795.069s][info][gc,metaspace   ] GC(1846) Metaspace: 29105K(29376K)->29105K(29376K) NonClass: 25998K(26112K)->25998K(26112K) Class: 3106K(3264K)->3106K(3264K)
[5795.069s][info][gc             ] GC(1846) Pause Young (Allocation Failure) 5163M->2881M(5293M) 97.232ms
[5795.069s][info][gc,cpu         ] GC(1846) User=0.53s Sys=0.04s Real=0.09s
..[5796.774s][info][gc,start       ] GC(1847) Pause Young (Allocation Failure)
[5796.874s][info][gc,heap        ] GC(1847) PSYoungGen: 2600000K(2620928K)->159925K(2620928K) Eden: 2447872K(2447872K)->0K(2447872K) From: 152128K(173056K)->159925K(173056K)
[5796.874s][info][gc,heap        ] GC(1847) ParOldGen: 2798739K(2799104K)->2903811K(2904064K)
[5796.874s][info][gc,metaspace   ] GC(1847) Metaspace: 29105K(29376K)->29105K(29376K) NonClass: 25998K(26112K)->25998K(26112K) Class: 3106K(3264K)->3106K(3264K)
[5796.874s][info][gc             ] GC(1847) Pause Young (Allocation Failure) 5272M->2991M(5395M) 99.666ms
[5796.874s][info][gc,cpu         ] GC(1847) User=0.55s Sys=0.04s Real=0.10s
..[5798.552s][info][gc,start       ] GC(1848) Pause Young (Allocation Failure)
[5798.652s][info][gc,heap        ] GC(1848) PSYoungGen: 2607797K(2620928K)->158272K(2620928K) Eden: 2447872K(2447872K)->0K(2449920K) From: 159925K(173056K)->158272K(171008K)
[5798.652s][info][gc,heap        ] GC(1848) ParOldGen: 2903811K(2904064K)->3008939K(3009024K)
[5798.652s][info][gc,metaspace   ] GC(1848) Metaspace: 29105K(29376K)->29105K(29376K) NonClass: 25998K(26112K)->25998K(26112K) Class: 3106K(3264K)->3106K(3264K)
[5798.652s][info][gc             ] GC(1848) Pause Young (Allocation Failure) 5382M->3092M(5498M) 100.013ms
[5798.652s][info][gc,cpu         ] GC(1848) User=0.56s Sys=0.03s Real=0.10s
..[5800.368s][info][gc,start       ] GC(1849) Pause Young (Allocation Failure)
[5800.464s][info][gc,heap        ] GC(1849) PSYoungGen: 2608192K(2620928K)->154432K(2621952K) Eden: 2449920K(2449920K)->0K(2449920K) From: 158272K(171008K)->154432K(172032K)
[5800.464s][info][gc,heap        ] GC(1849) ParOldGen: 3008939K(3009024K)->3110323K(3110400K)
[5800.464s][info][gc,metaspace   ] GC(1849) Metaspace: 29105K(29376K)->29105K(29376K) NonClass: 25998K(26112K)->25998K(26112K) Class: 3106K(3264K)->3106K(3264K)
[5800.464s][info][gc             ] GC(1849) Pause Young (Allocation Failure) 5485M->3188M(5598M) 95.795ms
[5800.464s][info][gc,cpu         ] GC(1849) User=0.53s Sys=0.04s Real=0.10s
.[5802.213s][info][gc,start       ] GC(1850) Pause Young (Allocation Failure)
[5802.321s][info][gc,heap        ] GC(1850) PSYoungGen: 2604352K(2621952K)->170324K(2617856K) Eden: 2449920K(2449920K)->0K(2446848K) From: 154432K(172032K)->170324K(171008K)
[5802.321s][info][gc,heap        ] GC(1850) ParOldGen: 3110323K(3110400K)->3214899K(3215360K)
[5802.321s][info][gc,metaspace   ] GC(1850) Metaspace: 29105K(29376K)->29105K(29376K) NonClass: 25998K(26112K)->25998K(26112K) Class: 3106K(3264K)->3106K(3264K)
[5802.321s][info][gc             ] GC(1850) Pause Young (Allocation Failure) 5580M->3305M(5696M) 107.761ms
[5802.321s][info][gc,cpu         ] GC(1850) User=0.60s Sys=0.04s Real=0.10s
..[5803.965s][info][gc,start       ] GC(1851) Pause Young (Allocation Failure)
[5804.067s][info][gc,heap        ] GC(1851) PSYoungGen: 2617172K(2617856K)->159872K(2621440K) Eden: 2446848K(2446848K)->0K(2446848K) From: 170324K(171008K)->159872K(174592K)
[5804.067s][info][gc,heap        ] GC(1851) ParOldGen: 3214899K(3215360K)->3322763K(3322880K)
[5804.067s][info][gc,metaspace   ] GC(1851) Metaspace: 29105K(29376K)->29105K(29376K) NonClass: 25998K(26112K)->25998K(26112K) Class: 3106K(3264K)->3106K(3264K)
[5804.067s][info][gc             ] GC(1851) Pause Young (Allocation Failure) 5695M->3401M(5805M) 101.431ms
[5804.067s][info][gc,cpu         ] GC(1851) User=0.56s Sys=0.04s Real=0.10s
..[5805.704s][info][gc,start       ] GC(1852) Pause Young (Allocation Failure)
[5805.804s][info][gc,heap        ] GC(1852) PSYoungGen: 2606720K(2621440K)->164016K(2621440K) Eden: 2446848K(2446848K)->0K(2447872K) From: 159872K(174592K)->164016K(173568K)
[5805.804s][info][gc,heap        ] GC(1852) ParOldGen: 3322763K(3322880K)->3426827K(3427328K)
[5805.804s][info][gc,metaspace   ] GC(1852) Metaspace: 29105K(29376K)->29105K(29376K) NonClass: 25998K(26112K)->25998K(26112K) Class: 3106K(3264K)->3106K(3264K)
[5805.804s][info][gc             ] GC(1852) Pause Young (Allocation Failure) 5790M->3506M(5907M) 100.525ms
[5805.804s][info][gc,cpu         ] GC(1852) User=0.55s Sys=0.04s Real=0.10s
..[5807.517s][info][gc,start       ] GC(1853) Pause Young (Allocation Failure)
[5807.622s][info][gc,heap        ] GC(1853) PSYoungGen: 2611888K(2621440K)->171904K(2619904K) Eden: 2447872K(2447872K)->0K(2447872K) From: 164016K(173568K)->171904K(172032K)
[5807.622s][info][gc,heap        ] GC(1853) ParOldGen: 3426827K(3427328K)->3529379K(3529728K)
[5807.622s][info][gc,metaspace   ] GC(1853) Metaspace: 29105K(29376K)->29105K(29376K) NonClass: 25998K(26112K)->25998K(26112K) Class: 3106K(3264K)->3106K(3264K)
[5807.622s][info][gc             ] GC(1853) Pause Young (Allocation Failure) 5897M->3614M(6005M) 104.599ms
[5807.622s][info][gc,cpu         ] GC(1853) User=0.59s Sys=0.03s Real=0.11s
.[5809.331s][info][gc,start       ] GC(1854) Pause Young (Allocation Failure)
[5809.430s][info][gc,heap        ] GC(1854) PSYoungGen: 2619776K(2619904K)->154272K(2618880K) Eden: 2447872K(2447872K)->0K(2442752K) From: 171904K(172032K)->154272K(176128K)
[5809.430s][info][gc,heap        ] GC(1854) ParOldGen: 3529379K(3529728K)->3638547K(3638784K)
[5809.430s][info][gc,metaspace   ] GC(1854) Metaspace: 29105K(29376K)->29105K(29376K) NonClass: 25998K(26112K)->25998K(26112K) Class: 3106K(3264K)->3106K(3264K)
[5809.431s][info][gc             ] GC(1854) Pause Young (Allocation Failure) 6005M->3703M(6111M) 99.271ms
[5809.431s][info][gc,cpu         ] GC(1854) User=0.55s Sys=0.03s Real=0.10s
..[5811.145s][info][gc,start       ] GC(1855) Pause Young (Allocation Failure)
[5811.245s][info][gc,heap        ] GC(1855) PSYoungGen: 2597024K(2618880K)->157376K(2600448K) Eden: 2442752K(2442752K)->0K(2442752K) From: 154272K(176128K)->157376K(157696K)
[5811.245s][info][gc,heap        ] GC(1855) ParOldGen: 3638547K(3638784K)->3743147K(3743232K)
[5811.245s][info][gc,metaspace   ] GC(1855) Metaspace: 29105K(29376K)->29105K(29376K) NonClass: 25998K(26112K)->25998K(26112K) Class: 3106K(3264K)->3106K(3264K)
[5811.245s][info][gc             ] GC(1855) Pause Young (Allocation Failure) 6089M->3809M(6195M) 100.852ms
[5811.245s][info][gc,cpu         ] GC(1855) User=0.57s Sys=0.02s Real=0.10s
.. (rIR:aIR:PR = 9548:9592:9592) (tPR = 143814) [OK] 
  5812s: Performance info:
         Transaction,    Success,    Partial,     Failed,   Receipts, AvgBarcode, 
             Overall,     579373,          0,          0,     550566,      59.47, 
         Response times:
             Request,    Success,    Partial,     Failed,   SkipFail,     Probes,    Samples,      min,      p50,      p90,      p95,      p99,      max, 
       TotalPurchase,     550562,          0,          0,          0,     343887,     405410,      300,     7400,    72000,   157000,   442000,  1300000,
     InStorePurchase,     288187,          0,          0,          0,     180973,     213353,      300,     7400,    72000,   158000,   425000,  1300000,
      OnlinePurchase,     204816,          0,          0,          0,     125993,     148586,      300,     7400,    71000,   157000,   434000,   980000,
        InstPurchase,      57559,          0,          0,          0,      36921,      43471,      400,     7800,    74000,   158000,   490000,  1200000,
          AssocOfCat,        581,          0,          0,          0,        477,        648,    22000,    47000,   134100,   226900,   581000,  1300000,
      AssocOfProduct,       5797,          0,          0,          0,       4136,       5005,      500,     8100,    77000,   125000,   538000,   770000,
      BusinessReport,       1441,          0,          0,          0,       1239,       1567,    32000,    61000,   156000,   272600,   598520,  1100000,
          CustBuyBeh,       5788,          0,          0,          0,       4164,       5025,      100,     7800,    74000,   186000,   514000,   980000,
       ProductReturn,      15203,          0,          0,          0,       9691,      11499,      200,     6800,    67000,   158000,   451000,   990000,

  5812s: (70%)   IR =   9686 [5812.977s][info][gc,start       ] GC(1856) Pause Young (Allocation Failure)
[5813.072s][info][gc,heap        ] GC(1856) PSYoungGen: 2600128K(2600448K)->153104K(2619392K) Eden: 2442752K(2442752K)->0K(2443776K) From: 157376K(157696K)->153104K(175616K)
[5813.073s][info][gc,heap        ] GC(1856) ParOldGen: 3743147K(3743232K)->3844059K(3844096K)
[5813.073s][info][gc,metaspace   ] GC(1856) Metaspace: 29105K(29376K)->29105K(29376K) NonClass: 25998K(26112K)->25998K(26112K) Class: 3106K(3264K)->3106K(3264K)
[5813.073s][info][gc             ] GC(1856) Pause Young (Allocation Failure) 6194M->3903M(6312M) 95.576ms
[5813.073s][info][gc,cpu         ] GC(1856) User=0.54s Sys=0.02s Real=0.10s
..[5814.777s][info][gc,start       ] GC(1857) Pause Young (Allocation Failure)
[5814.879s][info][gc,heap        ] GC(1857) PSYoungGen: 2596880K(2619392K)->161120K(2618880K) Eden: 2443776K(2443776K)->0K(2443776K) From: 153104K(175616K)->161120K(175104K)
[5814.879s][info][gc,heap        ] GC(1857) ParOldGen: 3844059K(3844096K)->3950227K(3950592K)
[5814.879s][info][gc,metaspace   ] GC(1857) Metaspace: 29105K(29376K)->29105K(29376K) NonClass: 25998K(26112K)->25998K(26112K) Class: 3106K(3264K)->3106K(3264K)
[5814.879s][info][gc             ] GC(1857) Pause Young (Allocation Failure) 6289M->4014M(6415M) 101.964ms
[5814.879s][info][gc,cpu         ] GC(1857) User=0.57s Sys=0.03s Real=0.10s
..[5816.627s][info][gc,start       ] GC(1858) Pause Young (Allocation Failure)
[5816.726s][info][gc,heap        ] GC(1858) PSYoungGen: 2604896K(2618880K)->155008K(2619904K) Eden: 2443776K(2443776K)->0K(2445824K) From: 161120K(175104K)->155008K(174080K)
[5816.726s][info][gc,heap        ] GC(1858) ParOldGen: 3950227K(3950592K)->4051507K(4051968K)
[5816.726s][info][gc,metaspace   ] GC(1858) Metaspace: 29105K(29376K)->29105K(29376K) NonClass: 25998K(26112K)->25998K(26112K) Class: 3106K(3264K)->3106K(3264K)
[5816.726s][info][gc             ] GC(1858) Pause Young (Allocation Failure) 6401M->4107M(6515M) 98.832ms
[5816.726s][info][gc,cpu         ] GC(1858) User=0.54s Sys=0.03s Real=0.10s
.[5818.460s][info][gc,start       ] GC(1859) Pause Young (Allocation Failure)
[5818.561s][info][gc,heap        ] GC(1859) PSYoungGen: 2600832K(2619904K)->157616K(2619392K) Eden: 2445824K(2445824K)->0K(2445824K) From: 155008K(174080K)->157616K(173568K)
[5818.561s][info][gc,heap        ] GC(1859) ParOldGen: 4051507K(4051968K)->4156867K(4156928K)
[5818.561s][info][gc,metaspace   ] GC(1859) Metaspace: 29105K(29376K)->29105K(29376K) NonClass: 25998K(26112K)->25998K(26112K) Class: 3106K(3264K)->3106K(3264K)
[5818.561s][info][gc             ] GC(1859) Pause Young (Allocation Failure) 6496M->4213M(6617M) 101.163ms
[5818.561s][info][gc,cpu         ] GC(1859) User=0.56s Sys=0.03s Real=0.10s
..[5820.208s][info][gc,start       ] GC(1860) Pause Young (Allocation Failure)
[5820.309s][info][gc,heap        ] GC(1860) PSYoungGen: 2603440K(2619392K)->159204K(2621440K) Eden: 2445824K(2445824K)->0K(2449408K) From: 157616K(173568K)->159204K(172032K)
[5820.309s][info][gc,heap        ] GC(1860) ParOldGen: 4156867K(4156928K)->4260363K(4260864K)
[5820.309s][info][gc,metaspace   ] GC(1860) Metaspace: 29105K(29376K)->29105K(29376K) NonClass: 25998K(26112K)->25998K(26112K) Class: 3106K(3264K)->3106K(3264K)
[5820.309s][info][gc             ] GC(1860) Pause Young (Allocation Failure) 6601M->4315M(6721M) 100.954ms
[5820.309s][info][gc,cpu         ] GC(1860) User=0.56s Sys=0.03s Real=0.10s
..[5821.983s][info][gc,start       ] GC(1861) Pause Young (Allocation Failure)
[5822.081s][info][gc,heap        ] GC(1861) PSYoungGen: 2608612K(2621440K)->151104K(2620416K) Eden: 2449408K(2449408K)->0K(2449408K) From: 159204K(172032K)->151104K(171008K)
[5822.081s][info][gc,heap        ] GC(1861) ParOldGen: 4260363K(4260864K)->4363283K(4363776K)
[5822.081s][info][gc,metaspace   ] GC(1861) Metaspace: 29105K(29376K)->29105K(29376K) NonClass: 25998K(26112K)->25998K(26112K) Class: 3106K(3264K)->3106K(3264K)
[5822.081s][info][gc             ] GC(1861) Pause Young (Allocation Failure) 6707M->4408M(6820M) 97.806ms
[5822.081s][info][gc,cpu         ] GC(1861) User=0.54s Sys=0.03s Real=0.09s
..[5823.823s][info][gc,start       ] GC(1862) Pause Young (Allocation Failure)
[5823.936s][info][gc,heap        ] GC(1862) PSYoungGen: 2600512K(2620416K)->171001K(2534912K) Eden: 2449408K(2449408K)->0K(2363904K) From: 151104K(171008K)->171001K(171008K)
[5823.936s][info][gc,heap        ] GC(1862) ParOldGen: 4363283K(4363776K)->4475867K(4475904K)
[5823.936s][info][gc,metaspace   ] GC(1862) Metaspace: 29105K(29376K)->29105K(29376K) NonClass: 25998K(26112K)->25998K(26112K) Class: 3106K(3264K)->3106K(3264K)
[5823.936s][info][gc             ] GC(1862) Pause Young (Allocation Failure) 6800M->4537M(6846M) 113.125ms
[5823.936s][info][gc,cpu         ] GC(1862) User=0.62s Sys=0.04s Real=0.11s
.[5825.469s][info][gc,start       ] GC(1863) Pause Young (Allocation Failure)
[5825.566s][info][gc,heap        ] GC(1863) PSYoungGen: 2534905K(2534912K)->152832K(2579968K) Eden: 2363904K(2363904K)->0K(2363904K) From: 171001K(171008K)->152832K(216064K)
[5825.566s][info][gc,heap        ] GC(1863) ParOldGen: 4475867K(4475904K)->4574563K(4574720K)
[5825.566s][info][gc,metaspace   ] GC(1863) Metaspace: 29105K(29376K)->29105K(29376K) NonClass: 25998K(26112K)->25998K(26112K) Class: 3106K(3264K)->3106K(3264K)
[5825.567s][info][gc             ] GC(1863) Pause Young (Allocation Failure) 6846M->4616M(6987M) 97.461ms
[5825.567s][info][gc,cpu         ] GC(1863) User=0.54s Sys=0.02s Real=0.10s
..[5827.137s][info][gc,start       ] GC(1864) Pause Young (Allocation Failure)
[5827.230s][info][gc,heap        ] GC(1864) PSYoungGen: 2516736K(2579968K)->142784K(2578432K) Eden: 2363904K(2363904K)->0K(2365440K) From: 152832K(216064K)->142784K(212992K)
[5827.230s][info][gc,heap        ] GC(1864) ParOldGen: 4574563K(4574720K)->4678515K(4678656K)
[5827.230s][info][gc,metaspace   ] GC(1864) Metaspace: 29105K(29376K)->29105K(29376K) NonClass: 25998K(26112K)->25998K(26112K) Class: 3106K(3264K)->3106K(3264K)
[5827.230s][info][gc             ] GC(1864) Pause Young (Allocation Failure) 6925M->4708M(7087M) 93.293ms
[5827.230s][info][gc,cpu         ] GC(1864) User=0.52s Sys=0.03s Real=0.09s
..[5828.867s][info][gc,start       ] GC(1865) Pause Young (Allocation Failure)
[5828.970s][info][gc,heap        ] GC(1865) PSYoungGen: 2508224K(2578432K)->162432K(2528256K) Eden: 2365440K(2365440K)->0K(2365440K) From: 142784K(212992K)->162432K(162816K)
[5828.970s][info][gc,heap        ] GC(1865) ParOldGen: 4678515K(4678656K)->4778027K(4778496K)
[5828.970s][info][gc,metaspace   ] GC(1865) Metaspace: 29105K(29376K)->29105K(29376K) NonClass: 25998K(26112K)->25998K(26112K) Class: 3106K(3264K)->3106K(3264K)
[5828.970s][info][gc             ] GC(1865) Pause Young (Allocation Failure) 7018M->4824M(7135M) 103.374ms
[5828.970s][info][gc,cpu         ] GC(1865) User=0.57s Sys=0.04s Real=0.10s
.[5830.526s][info][gc,start       ] GC(1866) Pause Young (Allocation Failure)
[5830.624s][info][gc,heap        ] GC(1866) PSYoungGen: 2527872K(2528256K)->147104K(2580480K) Eden: 2365440K(2365440K)->0K(2370048K) From: 162432K(162816K)->147104K(210432K)
[5830.624s][info][gc,heap        ] GC(1866) ParOldGen: 4778027K(4778496K)->4883963K(4883968K)
[5830.624s][info][gc,metaspace   ] GC(1866) Metaspace: 29105K(29376K)->29105K(29376K) NonClass: 25998K(26112K)->25998K(26112K) Class: 3106K(3264K)->3106K(3264K)
[5830.624s][info][gc             ] GC(1866) Pause Young (Allocation Failure) 7134M->4913M(7289M) 98.017ms
[5830.624s][info][gc,cpu         ] GC(1866) User=0.54s Sys=0.04s Real=0.10s
..[5832.214s][info][gc,start       ] GC(1867) Pause Young (Allocation Failure)
[5832.312s][info][gc,heap        ] GC(1867) PSYoungGen: 2517152K(2580480K)->149376K(2578944K) Eden: 2370048K(2370048K)->0K(2370048K) From: 147104K(210432K)->149376K(208896K)
[5832.312s][info][gc,heap        ] GC(1867) ParOldGen: 4883963K(4883968K)->4983731K(4983808K)
[5832.312s][info][gc,metaspace   ] GC(1867) Metaspace: 29105K(29376K)->29105K(29376K) NonClass: 25998K(26112K)->25998K(26112K) Class: 3106K(3264K)->3106K(3264K)
[5832.312s][info][gc             ] GC(1867) Pause Young (Allocation Failure) 7227M->5012M(7385M) 97.679ms
[5832.312s][info][gc,cpu         ] GC(1867) User=0.55s Sys=0.03s Real=0.10s
..|[5834.010s][info][gc,start       ] GC(1868) Pause Young (Allocation Failure)
[5834.112s][info][gc,heap        ] GC(1868) PSYoungGen: 2519424K(2578944K)->153504K(2584576K) Eden: 2370048K(2370048K)->0K(2379264K) From: 149376K(208896K)->153504K(205312K)
[5834.112s][info][gc,heap        ] GC(1868) ParOldGen: 4983731K(4983808K)->5088451K(5088768K)
[5834.112s][info][gc,metaspace   ] GC(1868) Metaspace: 29105K(29376K)->29105K(29376K) NonClass: 25998K(26112K)->25998K(26112K) Class: 3106K(3264K)->3106K(3264K)
[5834.112s][info][gc             ] GC(1868) Pause Young (Allocation Failure) 7327M->5119M(7493M) 101.228ms
[5834.112s][info][gc,cpu         ] GC(1868) User=0.57s Sys=0.03s Real=0.11s
.[5835.650s][info][gc,start       ] GC(1869) Pause Young (Allocation Failure)
[5835.753s][info][gc,heap        ] GC(1869) PSYoungGen: 2532768K(2584576K)->153202K(2583552K) Eden: 2379264K(2379264K)->0K(2379264K) From: 153504K(205312K)->153202K(204288K)
[5835.753s][info][gc,heap        ] GC(1869) ParOldGen: 5088451K(5088768K)->5195115K(5195264K)
[5835.753s][info][gc,metaspace   ] GC(1869) Metaspace: 29105K(29376K)->29105K(29376K) NonClass: 25998K(26112K)->25998K(26112K) Class: 3106K(3264K)->3106K(3264K)
[5835.753s][info][gc             ] GC(1869) Pause Young (Allocation Failure) 7442M->5222M(7596M) 102.630ms
[5835.753s][info][gc,cpu         ] GC(1869) User=0.56s Sys=0.04s Real=0.11s
..[5837.479s][info][gc,start       ] GC(1870) Pause Young (Allocation Failure)
[5837.576s][info][gc,heap        ] GC(1870) PSYoungGen: 2532466K(2583552K)->153120K(2589184K) Eden: 2379264K(2379264K)->0K(2388992K) From: 153202K(204288K)->153120K(200192K)
[5837.576s][info][gc,heap        ] GC(1870) ParOldGen: 5195115K(5195264K)->5292419K(5292544K)
[5837.576s][info][gc,metaspace   ] GC(1870) Metaspace: 29105K(29376K)->29105K(29376K) NonClass: 25998K(26112K)->25998K(26112K) Class: 3106K(3264K)->3106K(3264K)
[5837.576s][info][gc             ] GC(1870) Pause Young (Allocation Failure) 7546M->5317M(7697M) 97.213ms
[5837.576s][info][gc,cpu         ] GC(1870) User=0.55s Sys=0.02s Real=0.10s
..[5839.215s][info][gc,start       ] GC(1871) Pause Young (Allocation Failure)
[5839.313s][info][gc,heap        ] GC(1871) PSYoungGen: 2542112K(2589184K)->150016K(2587648K) Eden: 2388992K(2388992K)->0K(2388992K) From: 153120K(200192K)->150016K(198656K)
[5839.313s][info][gc,heap        ] GC(1871) ParOldGen: 5292419K(5292544K)->5396179K(5396480K)
[5839.313s][info][gc,metaspace   ] GC(1871) Metaspace: 29105K(29376K)->29105K(29376K) NonClass: 25998K(26112K)->25998K(26112K) Class: 3106K(3264K)->3106K(3264K)
[5839.313s][info][gc             ] GC(1871) Pause Young (Allocation Failure) 7650M->5416M(7797M) 97.977ms
[5839.313s][info][gc,cpu         ] GC(1871) User=0.54s Sys=0.03s Real=0.10s
..[5840.848s][info][gc,start       ] GC(1872) Pause Young (Allocation Failure)
[5840.952s][info][gc,heap        ] GC(1872) PSYoungGen: 2539008K(2587648K)->159877K(2594304K) Eden: 2388992K(2388992K)->0K(2400256K) From: 150016K(198656K)->159877K(194048K)
[5840.952s][info][gc,heap        ] GC(1872) ParOldGen: 5396179K(5396480K)->5501675K(5501952K)
[5840.952s][info][gc,metaspace   ] GC(1872) Metaspace: 29105K(29376K)->29105K(29376K) NonClass: 25998K(26112K)->25998K(26112K) Class: 3106K(3264K)->3106K(3264K)
[5840.952s][info][gc             ] GC(1872) Pause Young (Allocation Failure) 7749M->5528M(7906M) 103.831ms
[5840.952s][info][gc,cpu         ] GC(1872) User=0.59s Sys=0.02s Real=0.11s
.[5842.568s][info][gc,start       ] GC(1873) Pause Full (Allocation Failure)
[5842.568s][info][gc,phases,start] GC(1873) Marking Phase
[5842.880s][info][gc,phases      ] GC(1873) Marking Phase 311.900ms
[5842.880s][info][gc,phases,start] GC(1873) Summary Phase
[5842.880s][info][gc,phases      ] GC(1873) Summary Phase 0.099ms
[5842.880s][info][gc,phases,start] GC(1873) Forward
[5843.002s][info][gc,phases      ] GC(1873) Forward 121.882ms
[5843.002s][info][gc,phases,start] GC(1873) Adjust Pointers
[5843.219s][info][gc,phases      ] GC(1873) Adjust Pointers 217.263ms
[5843.219s][info][gc,phases,start] GC(1873) Compaction Phase
[5843.368s][info][gc,phases      ] GC(1873) Compaction Phase 148.926ms
[5843.370s][info][gc,phases,start] GC(1873) Post Compact
[5843.377s][info][gc,phases      ] GC(1873) Post Compact 6.889ms
[5843.497s][info][gc,heap        ] GC(1873) PSYoungGen: 2560133K(2594304K)->0K(2593280K) Eden: 2400256K(2400256K)->0K(2400256K) From: 159877K(194048K)->0K(193024K)
[5843.497s][info][gc,heap        ] GC(1873) ParOldGen: 5501675K(5501952K)->1627769K(2037248K)
[5843.497s][info][gc,metaspace   ] GC(1873) Metaspace: 29105K(29376K)->29105K(29376K) NonClass: 25998K(26112K)->25998K(26112K) Class: 3106K(3264K)->3106K(3264K)
[5843.497s][info][gc             ] GC(1873) Pause Full (Allocation Failure) 7872M->1589M(4522M) 929.488ms
[5843.497s][info][gc,cpu         ] GC(1873) User=4.41s Sys=0.12s Real=0.93s
..[5844.842s][info][gc,start       ] GC(1874) Pause Young (Allocation Failure)
[5844.914s][info][gc,heap        ] GC(1874) PSYoungGen: 2400256K(2593280K)->172025K(2599936K) Eden: 2400256K(2400256K)->0K(2406912K) From: 0K(193024K)->172025K(193024K)
[5844.914s][info][gc,heap        ] GC(1874) ParOldGen: 1627769K(2037248K)->1627769K(2037248K)
[5844.914s][info][gc,metaspace   ] GC(1874) Metaspace: 29105K(29376K)->29105K(29376K) NonClass: 25998K(26112K)->25998K(26112K) Class: 3106K(3264K)->3106K(3264K)
[5844.914s][info][gc             ] GC(1874) Pause Young (Allocation Failure) 3933M->1757M(4528M) 72.444ms
[5844.914s][info][gc,cpu         ] GC(1874) User=0.42s Sys=0.00s Real=0.07s
.[5846.194s][info][gc,start       ] GC(1875) Pause Young (Allocation Failure)
[5846.286s][info][gc,heap        ] GC(1875) PSYoungGen: 2578937K(2599936K)->151168K(2558464K) Eden: 2406912K(2406912K)->0K(2406912K) From: 172025K(193024K)->151168K(151552K)
[5846.286s][info][gc,heap        ] GC(1875) ParOldGen: 1627769K(2037248K)->1731577K(2037248K)
[5846.286s][info][gc,metaspace   ] GC(1875) Metaspace: 29105K(29376K)->29105K(29376K) NonClass: 25998K(26112K)->25998K(26112K) Class: 3106K(3264K)->3106K(3264K)
[5846.286s][info][gc             ] GC(1875) Pause Young (Allocation Failure) 4108M->1838M(4488M) 91.228ms
[5846.286s][info][gc,cpu         ] GC(1875) User=0.53s Sys=0.00s Real=0.09s
.[5847.688s][info][gc,start       ] GC(1876) Pause Young (Allocation Failure)
[5847.780s][info][gc,heap        ] GC(1876) PSYoungGen: 2558080K(2558464K)->155136K(2603520K) Eden: 2406912K(2406912K)->0K(2411008K) From: 151168K(151552K)->155136K(192512K)
[5847.780s][info][gc,heap        ] GC(1876) ParOldGen: 1731577K(2037248K)->1835497K(2037248K)
[5847.780s][info][gc,metaspace   ] GC(1876) Metaspace: 29105K(29376K)->29105K(29376K) NonClass: 25998K(26112K)->25998K(26112K) Class: 3106K(3264K)->3106K(3264K)
[5847.780s][info][gc             ] GC(1876) Pause Young (Allocation Failure) 4189M->1943M(4532M) 92.544ms
[5847.780s][info][gc,cpu         ] GC(1876) User=0.54s Sys=0.00s Real=0.09s
..[5849.436s][info][gc,start       ] GC(1877) Pause Young (Allocation Failure)
[5849.533s][info][gc,heap        ] GC(1877) PSYoungGen: 2566144K(2603520K)->162464K(2600960K) Eden: 2411008K(2411008K)->0K(2411008K) From: 155136K(192512K)->162464K(189952K)
[5849.533s][info][gc,heap        ] GC(1877) ParOldGen: 1835497K(2037248K)->1939201K(2037248K)
[5849.533s][info][gc,metaspace   ] GC(1877) Metaspace: 29105K(29376K)->29105K(29376K) NonClass: 25998K(26112K)->25998K(26112K) Class: 3106K(3264K)->3106K(3264K)
[5849.533s][info][gc             ] GC(1877) Pause Young (Allocation Failure) 4298M->2052M(4529M) 97.325ms
[5849.533s][info][gc,cpu         ] GC(1877) User=0.58s Sys=0.00s Real=0.10s
..[5851.175s][info][gc,start       ] GC(1878) Pause Young (Allocation Failure)
[5851.267s][info][gc,heap        ] GC(1878) PSYoungGen: 2573472K(2600960K)->154688K(2604032K) Eden: 2411008K(2411008K)->0K(2415616K) From: 162464K(189952K)->154688K(188416K)
[5851.267s][info][gc,heap        ] GC(1878) ParOldGen: 1939201K(2037248K)->2041985K(2042368K)
[5851.267s][info][gc,metaspace   ] GC(1878) Metaspace: 29105K(29376K)->29105K(29376K) NonClass: 25998K(26112K)->25998K(26112K) Class: 3106K(3264K)->3106K(3264K)
[5851.267s][info][gc             ] GC(1878) Pause Young (Allocation Failure) 4406M->2145M(4537M) 92.581ms
[5851.267s][info][gc,cpu         ] GC(1878) User=0.55s Sys=0.00s Real=0.09s
..[5852.903s][info][gc,start       ] GC(1879) Pause Young (Allocation Failure)
[5853.005s][info][gc,heap        ] GC(1879) PSYoungGen: 2570304K(2604032K)->160818K(2601984K) Eden: 2415616K(2415616K)->0K(2415616K) From: 154688K(188416K)->160818K(186368K)
[5853.006s][info][gc,heap        ] GC(1879) ParOldGen: 2041985K(2042368K)->2148537K(2148864K)
[5853.006s][info][gc,metaspace   ] GC(1879) Metaspace: 29105K(29376K)->29105K(29376K) NonClass: 25998K(26112K)->25998K(26112K) Class: 3106K(3264K)->3106K(3264K)
[5853.006s][info][gc             ] GC(1879) Pause Young (Allocation Failure) 4504M->2255M(4639M) 102.366ms
[5853.006s][info][gc,cpu         ] GC(1879) User=0.57s Sys=0.04s Real=0.10s
.[5854.633s][info][gc,start       ] GC(1880) Pause Young (Allocation Failure)
[5854.736s][info][gc,heap        ] GC(1880) PSYoungGen: 2576434K(2601984K)->164533K(2606080K) Eden: 2415616K(2415616K)->0K(2421760K) From: 160818K(186368K)->164533K(184320K)
[5854.736s][info][gc,heap        ] GC(1880) ParOldGen: 2148537K(2148864K)->2250465K(2250752K)
[5854.736s][info][gc,metaspace   ] GC(1880) Metaspace: 29105K(29376K)->29105K(29376K) NonClass: 25998K(26112K)->25998K(26112K) Class: 3106K(3264K)->3106K(3264K)
[5854.736s][info][gc             ] GC(1880) Pause Young (Allocation Failure) 4614M->2358M(4743M) 103.535ms
[5854.736s][info][gc,cpu         ] GC(1880) User=0.58s Sys=0.03s Real=0.10s
..[5856.397s][info][gc,start       ] GC(1881) Pause Young (Allocation Failure)
[5856.493s][info][gc,heap        ] GC(1881) PSYoungGen: 2586293K(2606080K)->150434K(2605568K) Eden: 2421760K(2421760K)->0K(2421760K) From: 164533K(184320K)->150434K(183808K)
[5856.493s][info][gc,heap        ] GC(1881) ParOldGen: 2250465K(2250752K)->2356385K(2356736K)
[5856.493s][info][gc,metaspace   ] GC(1881) Metaspace: 29105K(29376K)->29105K(29376K) NonClass: 25998K(26112K)->25998K(26112K) Class: 3106K(3264K)->3106K(3264K)
[5856.493s][info][gc             ] GC(1881) Pause Young (Allocation Failure) 4723M->2448M(4846M) 96.196ms
[5856.493s][info][gc,cpu         ] GC(1881) User=0.54s Sys=0.03s Real=0.10s
..[5858.100s][info][gc,start       ] GC(1882) Pause Young (Allocation Failure)
[5858.193s][info][gc,heap        ] GC(1882) PSYoungGen: 2572194K(2605568K)->149472K(2611200K) Eden: 2421760K(2421760K)->0K(2428416K) From: 150434K(183808K)->149472K(182784K)
[5858.193s][info][gc,heap        ] GC(1882) ParOldGen: 2356385K(2356736K)->2457793K(2458112K)
[5858.193s][info][gc,metaspace   ] GC(1882) Metaspace: 29105K(29376K)->29105K(29376K) NonClass: 25998K(26112K)->25998K(26112K) Class: 3106K(3264K)->3106K(3264K)
[5858.193s][info][gc             ] GC(1882) Pause Young (Allocation Failure) 4813M->2546M(4950M) 92.919ms
[5858.193s][info][gc,cpu         ] GC(1882) User=0.52s Sys=0.03s Real=0.10s
..[5859.873s][info][gc,start       ] GC(1883) Pause Young (Allocation Failure)
[5859.978s][info][gc,heap        ] GC(1883) PSYoungGen: 2577888K(2611200K)->174576K(2603008K) Eden: 2428416K(2428416K)->0K(2428416K) From: 149472K(182784K)->174576K(174592K)
[5859.978s][info][gc,heap        ] GC(1883) ParOldGen: 2457793K(2458112K)->2562433K(2562560K)
[5859.978s][info][gc,metaspace   ] GC(1883) Metaspace: 29105K(29376K)->29105K(29376K) NonClass: 25998K(26112K)->25998K(26112K) Class: 3106K(3264K)->3106K(3264K)
[5859.978s][info][gc             ] GC(1883) Pause Young (Allocation Failure) 4917M->2672M(5044M) 105.098ms
[5859.978s][info][gc,cpu         ] GC(1883) User=0.59s Sys=0.03s Real=0.10s
.[5861.598s][info][gc,start       ] GC(1884) Pause Young (Allocation Failure)
[5861.696s][info][gc,heap        ] GC(1884) PSYoungGen: 2602992K(2603008K)->155264K(2612224K) Eden: 2428416K(2428416K)->0K(2426368K) From: 174576K(174592K)->155264K(185856K)
[5861.696s][info][gc,heap        ] GC(1884) ParOldGen: 2562433K(2562560K)->2667993K(2668032K)
[5861.696s][info][gc,metaspace   ] GC(1884) Metaspace: 29105K(29376K)->29105K(29376K) NonClass: 25998K(26112K)->25998K(26112K) Class: 3106K(3264K)->3106K(3264K)
[5861.696s][info][gc             ] GC(1884) Pause Young (Allocation Failure) 5044M->2757M(5156M) 97.488ms
[5861.696s][info][gc,cpu         ] GC(1884) User=0.54s Sys=0.03s Real=0.10s
..[5863.409s][info][gc,start       ] GC(1885) Pause Young (Allocation Failure)
[5863.507s][info][gc,heap        ] GC(1885) PSYoungGen: 2581632K(2612224K)->154545K(2580992K) Eden: 2426368K(2426368K)->0K(2426368K) From: 155264K(185856K)->154545K(154624K)
[5863.508s][info][gc,heap        ] GC(1885) ParOldGen: 2667993K(2668032K)->2773377K(2773504K)
[5863.508s][info][gc,metaspace   ] GC(1885) Metaspace: 29105K(29376K)->29105K(29376K) NonClass: 25998K(26112K)->25998K(26112K) Class: 3106K(3264K)->3106K(3264K)
[5863.508s][info][gc             ] GC(1885) Pause Young (Allocation Failure) 5126M->2859M(5229M) 98.587ms
[5863.508s][info][gc,cpu         ] GC(1885) User=0.55s Sys=0.03s Real=0.10s
..[5865.071s][info][gc,start       ] GC(1886) Pause Young (Allocation Failure)
[5865.165s][info][gc,heap        ] GC(1886) PSYoungGen: 2580913K(2580992K)->149327K(2609664K) Eden: 2426368K(2426368K)->0K(2427392K) From: 154545K(154624K)->149327K(182272K)
[5865.165s][info][gc,heap        ] GC(1886) ParOldGen: 2773377K(2773504K)->2876497K(2876928K)
[5865.165s][info][gc,metaspace   ] GC(1886) Metaspace: 29105K(29376K)->29105K(29376K) NonClass: 25998K(26112K)->25998K(26112K) Class: 3106K(3264K)->3106K(3264K)
[5865.165s][info][gc             ] GC(1886) Pause Young (Allocation Failure) 5228M->2954M(5358M) 94.291ms
[5865.165s][info][gc,cpu         ] GC(1886) User=0.53s Sys=0.02s Real=0.10s
.[5866.827s][info][gc,start       ] GC(1887) Pause Young (Allocation Failure)
[5866.926s][info][gc,heap        ] GC(1887) PSYoungGen: 2576719K(2609664K)->155584K(2608640K) Eden: 2427392K(2427392K)->0K(2427392K) From: 149327K(182272K)->155584K(181248K)
[5866.926s][info][gc,heap        ] GC(1887) ParOldGen: 2876497K(2876928K)->2981385K(2981888K)
[5866.926s][info][gc,metaspace   ] GC(1887) Metaspace: 29105K(29376K)->29105K(29376K) NonClass: 25998K(26112K)->25998K(26112K) Class: 3106K(3264K)->3106K(3264K)
[5866.926s][info][gc             ] GC(1887) Pause Young (Allocation Failure) 5325M->3063M(5459M) 98.851ms
[5866.926s][info][gc,cpu         ] GC(1887) User=0.55s Sys=0.04s Real=0.10s
..[5868.566s][info][gc,start       ] GC(1888) Pause Young (Allocation Failure)
[5868.663s][info][gc,heap        ] GC(1888) PSYoungGen: 2582976K(2608640K)->157504K(2612224K) Eden: 2427392K(2427392K)->0K(2435072K) From: 155584K(181248K)->157504K(177152K)
[5868.663s][info][gc,heap        ] GC(1888) ParOldGen: 2981385K(2981888K)->3081465K(3081728K)
[5868.663s][info][gc,metaspace   ] GC(1888) Metaspace: 29105K(29376K)->29105K(29376K) NonClass: 25998K(26112K)->25998K(26112K) Class: 3106K(3264K)->3106K(3264K)
[5868.663s][info][gc             ] GC(1888) Pause Young (Allocation Failure) 5433M->3163M(5560M) 97.071ms
[5868.663s][info][gc,cpu         ] GC(1888) User=0.54s Sys=0.03s Real=0.10s
..[5870.285s][info][gc,start       ] GC(1889) Pause Young (Allocation Failure)
[5870.385s][info][gc,heap        ] GC(1889) PSYoungGen: 2592576K(2612224K)->153664K(2612224K) Eden: 2435072K(2435072K)->0K(2435072K) From: 157504K(177152K)->153664K(177152K)
[5870.385s][info][gc,heap        ] GC(1889) ParOldGen: 3081465K(3081728K)->3188457K(3188736K)
[5870.385s][info][gc,metaspace   ] GC(1889) Metaspace: 29105K(29376K)->29105K(29376K) NonClass: 25998K(26112K)->25998K(26112K) Class: 3106K(3264K)->3106K(3264K)
[5870.385s][info][gc             ] GC(1889) Pause Young (Allocation Failure) 5541M->3263M(5665M) 100.085ms
[5870.385s][info][gc,cpu         ] GC(1889) User=0.56s Sys=0.04s Real=0.10s
..[5872.069s][info][gc,start       ] GC(1890) Pause Young (Allocation Failure)
[5872.162s][info][gc,heap        ] GC(1890) PSYoungGen: 2588736K(2612224K)->146304K(2617856K) Eden: 2435072K(2435072K)->0K(2441728K) From: 153664K(177152K)->146304K(176128K)
[5872.162s][info][gc,heap        ] GC(1890) ParOldGen: 3188457K(3188736K)->3290113K(3290624K)
[5872.162s][info][gc,metaspace   ] GC(1890) Metaspace: 29105K(29376K)->29105K(29376K) NonClass: 25998K(26112K)->25998K(26112K) Class: 3106K(3264K)->3106K(3264K)
[5872.162s][info][gc             ] GC(1890) Pause Young (Allocation Failure) 5641M->3355M(5770M) 93.046ms
[5872.162s][info][gc,cpu         ] GC(1890) User=0.52s Sys=0.03s Real=0.10s
.[5873.913s][info][gc,start       ] GC(1891) Pause Young (Allocation Failure)
[5874.014s][info][gc,heap        ] GC(1891) PSYoungGen: 2588032K(2617856K)->165920K(2617856K) Eden: 2441728K(2441728K)->0K(2441728K) From: 146304K(176128K)->165920K(176128K)
[5874.014s][info][gc,heap        ] GC(1891) ParOldGen: 3290113K(3290624K)->3393033K(3393536K)
[5874.014s][info][gc,metaspace   ] GC(1891) Metaspace: 29105K(29376K)->29105K(29376K) NonClass: 25998K(26112K)->25998K(26112K) Class: 3106K(3264K)->3106K(3264K)
[5874.014s][info][gc             ] GC(1891) Pause Young (Allocation Failure) 5740M->3475M(5870M) 100.881ms
[5874.014s][info][gc,cpu         ] GC(1891) User=0.58s Sys=0.01s Real=0.10s
..[5875.654s][info][gc,start       ] GC(1892) Pause Young (Allocation Failure)
[5875.754s][info][gc,heap        ] GC(1892) PSYoungGen: 2607648K(2617856K)->158240K(2618368K) Eden: 2441728K(2441728K)->0K(2442240K) From: 165920K(176128K)->158240K(176128K)
[5875.754s][info][gc,heap        ] GC(1892) ParOldGen: 3393033K(3393536K)->3498665K(3499008K)
[5875.754s][info][gc,metaspace   ] GC(1892) Metaspace: 29105K(29376K)->29105K(29376K) NonClass: 25998K(26112K)->25998K(26112K) Class: 3106K(3264K)->3106K(3264K)
[5875.754s][info][gc             ] GC(1892) Pause Young (Allocation Failure) 5860M->3571M(5974M) 100.005ms
[5875.754s][info][gc,cpu         ] GC(1892) User=0.55s Sys=0.03s Real=0.10s
..[5877.422s][info][gc,start       ] GC(1893) Pause Young (Allocation Failure)
[5877.520s][info][gc,heap        ] GC(1893) PSYoungGen: 2600480K(2618368K)->153760K(2618368K) Eden: 2442240K(2442240K)->0K(2442240K) From: 158240K(176128K)->153760K(176128K)
[5877.520s][info][gc,heap        ] GC(1893) ParOldGen: 3498665K(3499008K)->3602777K(3602944K)
[5877.520s][info][gc,metaspace   ] GC(1893) Metaspace: 29105K(29376K)->29105K(29376K) NonClass: 25998K(26112K)->25998K(26112K) Class: 3106K(3264K)->3106K(3264K)
[5877.520s][info][gc             ] GC(1893) Pause Young (Allocation Failure) 5956M->3668M(6075M) 97.639ms
[5877.520s][info][gc,cpu         ] GC(1893) User=0.53s Sys=0.04s Real=0.09s
..[5879.220s][info][gc,start       ] GC(1894) Pause Young (Allocation Failure)
[5879.322s][info][gc,heap        ] GC(1894) PSYoungGen: 2596000K(2618368K)->163168K(2617344K) Eden: 2442240K(2442240K)->0K(2442752K) From: 153760K(176128K)->163168K(174592K)
[5879.322s][info][gc,heap        ] GC(1894) ParOldGen: 3602777K(3602944K)->3707177K(3707392K)
[5879.322s][info][gc,metaspace   ] GC(1894) Metaspace: 29105K(29376K)->29105K(29376K) NonClass: 25998K(26112K)->25998K(26112K) Class: 3106K(3264K)->3106K(3264K)
[5879.322s][info][gc             ] GC(1894) Pause Young (Allocation Failure) 6053M->3779M(6176M) 102.067ms
[5879.322s][info][gc,cpu         ] GC(1894) User=0.56s Sys=0.03s Real=0.11s
.[5880.987s][info][gc,start       ] GC(1895) Pause Young (Allocation Failure)
[5881.086s][info][gc,heap        ] GC(1895) PSYoungGen: 2605920K(2617344K)->154869K(2618368K) Eden: 2442752K(2442752K)->0K(2442752K) From: 163168K(174592K)->154869K(175616K)
[5881.086s][info][gc,heap        ] GC(1895) ParOldGen: 3707177K(3707392K)->3812345K(3812352K)
[5881.086s][info][gc,metaspace   ] GC(1895) Metaspace: 29105K(29376K)->29105K(29376K) NonClass: 25998K(26112K)->25998K(26112K) Class: 3106K(3264K)->3106K(3264K)
[5881.086s][info][gc             ] GC(1895) Pause Young (Allocation Failure) 6165M->3874M(6280M) 99.483ms
[5881.086s][info][gc,cpu         ] GC(1895) User=0.56s Sys=0.02s Real=0.10s
..[5882.670s][info][gc,start       ] GC(1896) Pause Young (Allocation Failure)
[5882.772s][info][gc,heap        ] GC(1896) PSYoungGen: 2597621K(2618368K)->162816K(2619392K) Eden: 2442752K(2442752K)->0K(2445312K) From: 154869K(175616K)->162816K(174080K)
[5882.772s][info][gc,heap        ] GC(1896) ParOldGen: 3812345K(3812352K)->3917121K(3917312K)
[5882.772s][info][gc,metaspace   ] GC(1896) Metaspace: 29105K(29376K)->29105K(29376K) NonClass: 25998K(26112K)->25998K(26112K) Class: 3106K(3264K)->3106K(3264K)
[5882.772s][info][gc             ] GC(1896) Pause Young (Allocation Failure) 6259M->3984M(6383M) 102.312ms
[5882.772s][info][gc,cpu         ] GC(1896) User=0.57s Sys=0.03s Real=0.11s
..[5884.463s][info][gc,start       ] GC(1897) Pause Young (Allocation Failure)
[5884.563s][info][gc,heap        ] GC(1897) PSYoungGen: 2608128K(2619392K)->158992K(2619904K) Eden: 2445312K(2445312K)->0K(2445312K) From: 162816K(174080K)->158992K(174592K)
[5884.563s][info][gc,heap        ] GC(1897) ParOldGen: 3917121K(3917312K)->4018633K(4018688K)
[5884.563s][info][gc,metaspace   ] GC(1897) Metaspace: 29105K(29376K)->29105K(29376K) NonClass: 25998K(26112K)->25998K(26112K) Class: 3106K(3264K)->3106K(3264K)
[5884.563s][info][gc             ] GC(1897) Pause Young (Allocation Failure) 6372M->4079M(6483M) 99.876ms
[5884.563s][info][gc,cpu         ] GC(1897) User=0.56s Sys=0.03s Real=0.10s
..[5886.225s][info][gc,start       ] GC(1898) Pause Young (Allocation Failure)
[5886.328s][info][gc,heap        ] GC(1898) PSYoungGen: 2604304K(2619904K)->158474K(2620416K) Eden: 2445312K(2445312K)->0K(2448384K) From: 158992K(174592K)->158474K(172032K)
[5886.328s][info][gc,heap        ] GC(1898) ParOldGen: 4018633K(4018688K)->4123713K(4124160K)
[5886.328s][info][gc,metaspace   ] GC(1898) Metaspace: 29105K(29376K)->29105K(29376K) NonClass: 25998K(26112K)->25998K(26112K) Class: 3106K(3264K)->3106K(3264K)
[5886.328s][info][gc             ] GC(1898) Pause Young (Allocation Failure) 6467M->4181M(6586M) 102.855ms
[5886.328s][info][gc,cpu         ] GC(1898) User=0.56s Sys=0.05s Real=0.10s
.[5887.991s][info][gc,start       ] GC(1899) Pause Young (Allocation Failure)
[5888.091s][info][gc,heap        ] GC(1899) PSYoungGen: 2606858K(2620416K)->154757K(2620416K) Eden: 2448384K(2448384K)->0K(2448384K) From: 158474K(172032K)->154757K(172032K)
[5888.091s][info][gc,heap        ] GC(1899) ParOldGen: 4123713K(4124160K)->4226857K(4227072K)
[5888.091s][info][gc,metaspace   ] GC(1899) Metaspace: 29105K(29376K)->29105K(29376K) NonClass: 25998K(26112K)->25998K(26112K) Class: 3106K(3264K)->3106K(3264K)
[5888.091s][info][gc             ] GC(1899) Pause Young (Allocation Failure) 6572M->4278M(6687M) 99.725ms
[5888.091s][info][gc,cpu         ] GC(1899) User=0.56s Sys=0.03s Real=0.10s
..[5889.844s][info][gc,start       ] GC(1900) Pause Young (Allocation Failure)
[5889.949s][info][gc,heap        ] GC(1900) PSYoungGen: 2603141K(2620416K)->166144K(2620928K) Eden: 2448384K(2448384K)->0K(2449920K) From: 154757K(172032K)->166144K(171008K)
[5889.949s][info][gc,heap        ] GC(1900) ParOldGen: 4226857K(4227072K)->4332129K(4332544K)
[5889.949s][info][gc,metaspace   ] GC(1900) Metaspace: 29105K(29376K)->29105K(29376K) NonClass: 25998K(26112K)->25998K(26112K) Class: 3106K(3264K)->3106K(3264K)
[5889.949s][info][gc             ] GC(1900) Pause Young (Allocation Failure) 6669M->4392M(6790M) 104.759ms
[5889.949s][info][gc,cpu         ] GC(1900) User=0.59s Sys=0.03s Real=0.10s
..[5891.540s][info][gc,start       ] GC(1901) Pause Young (Allocation Failure)
[5891.641s][info][gc,heap        ] GC(1901) PSYoungGen: 2616064K(2620928K)->155264K(2622976K) Eden: 2449920K(2449920K)->0K(2449920K) From: 166144K(171008K)->155264K(173056K)
[5891.641s][info][gc,heap        ] GC(1901) ParOldGen: 4332129K(4332544K)->4439569K(4440064K)
[5891.641s][info][gc,metaspace   ] GC(1901) Metaspace: 29105K(29376K)->29105K(29376K) NonClass: 25998K(26112K)->25998K(26112K) Class: 3106K(3264K)->3106K(3264K)
[5891.641s][info][gc             ] GC(1901) Pause Young (Allocation Failure) 6785M->4487M(6897M) 101.388ms
[5891.641s][info][gc,cpu         ] GC(1901) User=0.57s Sys=0.03s Real=0.10s
..[5893.271s][info][gc,start       ] GC(1902) Pause Young (Allocation Failure)
[5893.378s][info][gc,heap        ] GC(1902) PSYoungGen: 2605184K(2622976K)->168858K(2618880K) Eden: 2449920K(2449920K)->0K(2446848K) From: 155264K(173056K)->168858K(172032K)
[5893.378s][info][gc,heap        ] GC(1902) ParOldGen: 4439569K(4440064K)->4543457K(4543488K)
[5893.378s][info][gc,metaspace   ] GC(1902) Metaspace: 29105K(29376K)->29105K(29376K) NonClass: 25998K(26112K)->25998K(26112K) Class: 3106K(3264K)->3106K(3264K)
[5893.378s][info][gc             ] GC(1902) Pause Young (Allocation Failure) 6879M->4601M(6994M) 106.683ms
[5893.378s][info][gc,cpu         ] GC(1902) User=0.60s Sys=0.03s Real=0.11s
. (rIR:aIR:PR = 9686:9726:9726) (tPR = 144691) [OK] 
  5894s: Performance info:
         Transaction,    Success,    Partial,     Failed,   Receipts, AvgBarcode, 
             Overall,     587928,          0,          0,     558778,      59.47, 
         Response times:
             Request,    Success,    Partial,     Failed,   SkipFail,     Probes,    Samples,      min,      p50,      p90,      p95,      p99,      max, 
       TotalPurchase,     558778,          0,          0,          0,     343562,     492736,      200,     7600,    73000,   122000,   539000,   860000,
     InStorePurchase,     293139,          0,          0,          0,     181015,     258469,      300,     7600,    72000,   119000,   524000,   770000,
      OnlinePurchase,     207108,          0,          0,          0,     126443,     181936,      200,     7700,    73000,   120000,   557000,   860000,
        InstPurchase,      58531,          0,          0,          0,      36104,      52331,      300,     7100,    78000,   164000,   550000,   800000,
          AssocOfCat,        587,          0,          0,          0,        459,        753,    23000,    50000,   143800,   224300,   673800,   770000,
      AssocOfProduct,       5909,          0,          0,          0,       4110,       6082,      600,     8600,    83000,   246000,   521190,   720000,
      BusinessReport,       1461,          0,          0,          0,       1256,       1948,    26000,    57000,   132000,   303200,   585200,   860000,
          CustBuyBeh,       5807,          0,          0,          0,       4208,       6220,      500,     8600,    81000,   155000,   544000,   840000,
       ProductReturn,      15406,          0,          0,          0,       9852,      14372,      200,     7700,    69000,   111000,   510000,   890000,

  5894s: (71%)   IR =   9824 [5895.108s][info][gc,start       ] GC(1903) Pause Young (Allocation Failure)
[5895.208s][info][gc,heap        ] GC(1903) PSYoungGen: 2615706K(2618880K)->155013K(2621440K) Eden: 2446848K(2446848K)->0K(2446848K) From: 168858K(172032K)->155013K(174592K)
[5895.209s][info][gc,heap        ] GC(1903) ParOldGen: 4543457K(4543488K)->4647377K(4647424K)
[5895.209s][info][gc,metaspace   ] GC(1903) Metaspace: 29105K(29376K)->29105K(29376K) NonClass: 25998K(26112K)->25998K(26112K) Class: 3106K(3264K)->3106K(3264K)
[5895.209s][info][gc             ] GC(1903) Pause Young (Allocation Failure) 6991M->4689M(7098M) 100.759ms
[5895.209s][info][gc,cpu         ] GC(1903) User=0.56s Sys=0.03s Real=0.10s
..[5896.800s][info][gc,start       ] GC(1904) Pause Young (Allocation Failure)
[5896.904s][info][gc,heap        ] GC(1904) PSYoungGen: 2601861K(2621440K)->162416K(2619904K) Eden: 2446848K(2446848K)->0K(2447360K) From: 155013K(174592K)->162416K(172544K)
[5896.904s][info][gc,heap        ] GC(1904) ParOldGen: 4647377K(4647424K)->4753025K(4753408K)
[5896.904s][info][gc,metaspace   ] GC(1904) Metaspace: 29105K(29376K)->29105K(29376K) NonClass: 25998K(26112K)->25998K(26112K) Class: 3106K(3264K)->3106K(3264K)
[5896.904s][info][gc             ] GC(1904) Pause Young (Allocation Failure) 7079M->4800M(7200M) 104.199ms
[5896.904s][info][gc,cpu         ] GC(1904) User=0.58s Sys=0.02s Real=0.11s
..[5898.574s][info][gc,start       ] GC(1905) Pause Young (Allocation Failure)
[5898.677s][info][gc,heap        ] GC(1905) PSYoungGen: 2609776K(2619904K)->163352K(2620928K) Eden: 2447360K(2447360K)->0K(2447360K) From: 162416K(172544K)->163352K(173568K)
[5898.677s][info][gc,heap        ] GC(1905) ParOldGen: 4753025K(4753408K)->4855209K(4855296K)
[5898.677s][info][gc,metaspace   ] GC(1905) Metaspace: 29105K(29376K)->29105K(29376K) NonClass: 25998K(26112K)->25998K(26112K) Class: 3106K(3264K)->3106K(3264K)
[5898.677s][info][gc             ] GC(1905) Pause Young (Allocation Failure) 7190M->4900M(7301M) 103.134ms
[5898.677s][info][gc,cpu         ] GC(1905) User=0.57s Sys=0.03s Real=0.10s
..[5900.326s][info][gc,start       ] GC(1906) Pause Young (Allocation Failure)
[5900.429s][info][gc,heap        ] GC(1906) PSYoungGen: 2610712K(2620928K)->160468K(2619904K) Eden: 2447360K(2447360K)->0K(2448384K) From: 163352K(173568K)->160468K(171520K)
[5900.429s][info][gc,heap        ] GC(1906) ParOldGen: 4855209K(4855296K)->4961529K(4961792K)
[5900.429s][info][gc,metaspace   ] GC(1906) Metaspace: 29105K(29376K)->29105K(29376K) NonClass: 25998K(26112K)->25998K(26112K) Class: 3106K(3264K)->3106K(3264K)
[5900.430s][info][gc             ] GC(1906) Pause Young (Allocation Failure) 7290M->5001M(7404M) 103.693ms
[5900.430s][info][gc,cpu         ] GC(1906) User=0.58s Sys=0.03s Real=0.10s
.[5902.038s][info][gc,start       ] GC(1907) Pause Young (Allocation Failure)
[5902.139s][info][gc,heap        ] GC(1907) PSYoungGen: 2608852K(2619904K)->151317K(2620928K) Eden: 2448384K(2448384K)->0K(2448384K) From: 160468K(171520K)->151317K(172544K)
[5902.139s][info][gc,heap        ] GC(1907) ParOldGen: 4961529K(4961792K)->5066985K(5067264K)
[5902.139s][info][gc,metaspace   ] GC(1907) Metaspace: 29105K(29376K)->29105K(29376K) NonClass: 25998K(26112K)->25998K(26112K) Class: 3106K(3264K)->3106K(3264K)
[5902.139s][info][gc             ] GC(1907) Pause Young (Allocation Failure) 7392M->5095M(7508M) 100.580ms
[5902.139s][info][gc,cpu         ] GC(1907) User=0.55s Sys=0.04s Real=0.10s
..[5903.766s][info][gc,start       ] GC(1908) Pause Young (Allocation Failure)
[5903.870s][info][gc,heap        ] GC(1908) PSYoungGen: 2599701K(2620928K)->164320K(2621952K) Eden: 2448384K(2448384K)->0K(2448896K) From: 151317K(172544K)->164320K(173056K)
[5903.870s][info][gc,heap        ] GC(1908) ParOldGen: 5066985K(5067264K)->5168649K(5169152K)
[5903.870s][info][gc,metaspace   ] GC(1908) Metaspace: 29105K(29376K)->29105K(29376K) NonClass: 25998K(26112K)->25998K(26112K) Class: 3106K(3264K)->3106K(3264K)
[5903.870s][info][gc             ] GC(1908) Pause Young (Allocation Failure) 7486M->5207M(7608M) 103.739ms
[5903.870s][info][gc,cpu         ] GC(1908) User=0.58s Sys=0.02s Real=0.10s
..[5905.542s][info][gc,start       ] GC(1909) Pause Young (Allocation Failure)
[5905.644s][info][gc,heap        ] GC(1909) PSYoungGen: 2613216K(2621952K)->161674K(2622464K) Eden: 2448896K(2448896K)->0K(2448896K) From: 164320K(173056K)->161674K(173568K)
[5905.644s][info][gc,heap        ] GC(1909) ParOldGen: 5168649K(5169152K)->5273001K(5273088K)
[5905.644s][info][gc,metaspace   ] GC(1909) Metaspace: 29105K(29376K)->29105K(29376K) NonClass: 25998K(26112K)->25998K(26112K) Class: 3106K(3264K)->3106K(3264K)
[5905.644s][info][gc             ] GC(1909) Pause Young (Allocation Failure) 7599M->5307M(7710M) 102.934ms
[5905.644s][info][gc,cpu         ] GC(1909) User=0.57s Sys=0.04s Real=0.11s
.[5907.294s][info][gc,start       ] GC(1910) Pause Young (Allocation Failure)
[5907.397s][info][gc,heap        ] GC(1910) PSYoungGen: 2610570K(2622464K)->161536K(2621440K) Eden: 2448896K(2448896K)->0K(2449408K) From: 161674K(173568K)->161536K(172032K)
[5907.397s][info][gc,heap        ] GC(1910) ParOldGen: 5273001K(5273088K)->5377561K(5378048K)
[5907.397s][info][gc,metaspace   ] GC(1910) Metaspace: 29105K(29376K)->29105K(29376K) NonClass: 25998K(26112K)->25998K(26112K) Class: 3106K(3264K)->3106K(3264K)
[5907.397s][info][gc             ] GC(1910) Pause Young (Allocation Failure) 7698M->5409M(7812M) 103.185ms
[5907.397s][info][gc,cpu         ] GC(1910) User=0.58s Sys=0.03s Real=0.10s
.|.[5909.067s][info][gc,start       ] GC(1911) Pause Young (Allocation Failure)
[5909.164s][info][gc,heap        ] GC(1911) PSYoungGen: 2610944K(2621440K)->149088K(2621952K) Eden: 2449408K(2449408K)->0K(2449408K) From: 161536K(172032K)->149088K(172544K)
[5909.164s][info][gc,heap        ] GC(1911) ParOldGen: 5377561K(5378048K)->5481585K(5481984K)
[5909.164s][info][gc,metaspace   ] GC(1911) Metaspace: 29105K(29376K)->29105K(29376K) NonClass: 25998K(26112K)->25998K(26112K) Class: 3106K(3264K)->3106K(3264K)
[5909.164s][info][gc             ] GC(1911) Pause Young (Allocation Failure) 7801M->5498M(7914M) 96.897ms
[5909.164s][info][gc,cpu         ] GC(1911) User=0.53s Sys=0.03s Real=0.10s
..[5910.864s][info][gc,start       ] GC(1912) Pause Young (Allocation Failure)
[5910.969s][info][gc,heap        ] GC(1912) PSYoungGen: 2598496K(2621952K)->163090K(2622976K) Eden: 2449408K(2449408K)->0K(2449920K) From: 149088K(172544K)->163090K(173056K)
[5910.969s][info][gc,heap        ] GC(1912) ParOldGen: 5481585K(5481984K)->5586969K(5587456K)
[5910.969s][info][gc,metaspace   ] GC(1912) Metaspace: 29105K(29376K)->29105K(29376K) NonClass: 25998K(26112K)->25998K(26112K) Class: 3106K(3264K)->3106K(3264K)
[5910.969s][info][gc             ] GC(1912) Pause Young (Allocation Failure) 7890M->5615M(8018M) 105.060ms
[5910.969s][info][gc,cpu         ] GC(1912) User=0.59s Sys=0.04s Real=0.10s
..[5912.519s][info][gc,start       ] GC(1913) Pause Full (Allocation Failure)
[5912.519s][info][gc,phases,start] GC(1913) Marking Phase
[5912.840s][info][gc,phases      ] GC(1913) Marking Phase 320.282ms
[5912.840s][info][gc,phases,start] GC(1913) Summary Phase
[5912.840s][info][gc,phases      ] GC(1913) Summary Phase 0.100ms
[5912.840s][info][gc,phases,start] GC(1913) Forward
[5912.979s][info][gc,phases      ] GC(1913) Forward 139.497ms
[5912.979s][info][gc,phases,start] GC(1913) Adjust Pointers
[5913.197s][info][gc,phases      ] GC(1913) Adjust Pointers 217.733ms
[5913.197s][info][gc,phases,start] GC(1913) Compaction Phase
[5913.348s][info][gc,phases      ] GC(1913) Compaction Phase 150.633ms
[5913.349s][info][gc,phases,start] GC(1913) Post Compact
[5913.356s][info][gc,phases      ] GC(1913) Post Compact 6.921ms
[5913.480s][info][gc,heap        ] GC(1913) PSYoungGen: 2613010K(2622976K)->0K(2622976K) Eden: 2449920K(2449920K)->0K(2449920K) From: 163090K(173056K)->0K(173056K)
[5913.480s][info][gc,heap        ] GC(1913) ParOldGen: 5586969K(5587456K)->1642079K(2058752K)
[5913.480s][info][gc,metaspace   ] GC(1913) Metaspace: 29105K(29376K)->29105K(29376K) NonClass: 25998K(26112K)->25998K(26112K) Class: 3106K(3264K)->3106K(3264K)
[5913.480s][info][gc             ] GC(1913) Pause Full (Allocation Failure) 8007M->1603M(4572M) 961.014ms
[5913.480s][info][gc,cpu         ] GC(1913) User=4.46s Sys=0.13s Real=0.96s
.[5914.843s][info][gc,start       ] GC(1914) Pause Young (Allocation Failure)
[5914.914s][info][gc,heap        ] GC(1914) PSYoungGen: 2449920K(2622976K)->166405K(2619904K) Eden: 2449920K(2449920K)->0K(2446848K) From: 0K(173056K)->166405K(173056K)
[5914.914s][info][gc,heap        ] GC(1914) ParOldGen: 1642079K(2058752K)->1642079K(2058752K)
[5914.914s][info][gc,metaspace   ] GC(1914) Metaspace: 29105K(29376K)->29105K(29376K) NonClass: 25998K(26112K)->25998K(26112K) Class: 3106K(3264K)->3106K(3264K)
[5914.914s][info][gc             ] GC(1914) Pause Young (Allocation Failure) 3996M->1766M(4569M) 70.618ms
[5914.914s][info][gc,cpu         ] GC(1914) User=0.42s Sys=0.00s Real=0.07s
..[5916.212s][info][gc,start       ] GC(1915) Pause Young (Allocation Failure)
[5916.313s][info][gc,heap        ] GC(1915) PSYoungGen: 2613253K(2619904K)->173876K(2620928K) Eden: 2446848K(2446848K)->0K(2446848K) From: 166405K(173056K)->173876K(174080K)
[5916.313s][info][gc,heap        ] GC(1915) ParOldGen: 1642079K(2058752K)->1742759K(2058752K)
[5916.313s][info][gc,metaspace   ] GC(1915) Metaspace: 29105K(29376K)->29105K(29376K) NonClass: 25998K(26112K)->25998K(26112K) Class: 3106K(3264K)->3106K(3264K)
[5916.313s][info][gc             ] GC(1915) Pause Young (Allocation Failure) 4155M->1871M(4570M) 101.786ms
[5916.314s][info][gc,cpu         ] GC(1915) User=0.60s Sys=0.01s Real=0.10s
.[5917.875s][info][gc,start       ] GC(1916) Pause Young (Allocation Failure)
[5917.971s][info][gc,heap        ] GC(1916) PSYoungGen: 2620724K(2620928K)->158176K(2616832K) Eden: 2446848K(2446848K)->0K(2441728K) From: 173876K(174080K)->158176K(175104K)
[5917.971s][info][gc,heap        ] GC(1916) ParOldGen: 1742759K(2058752K)->1853135K(2058752K)
[5917.971s][info][gc,metaspace   ] GC(1916) Metaspace: 29105K(29376K)->29105K(29376K) NonClass: 25998K(26112K)->25998K(26112K) Class: 3106K(3264K)->3106K(3264K)
[5917.971s][info][gc             ] GC(1916) Pause Young (Allocation Failure) 4261M->1964M(4566M) 96.024ms
[5917.971s][info][gc,cpu         ] GC(1916) User=0.56s Sys=0.00s Real=0.09s
..[5919.695s][info][gc,start       ] GC(1917) Pause Young (Allocation Failure)
[5919.797s][info][gc,heap        ] GC(1917) PSYoungGen: 2599904K(2616832K)->172100K(2614272K) Eden: 2441728K(2441728K)->0K(2441728K) From: 158176K(175104K)->172100K(172544K)
[5919.797s][info][gc,heap        ] GC(1917) ParOldGen: 1853135K(2058752K)->1953759K(2058752K)
[5919.797s][info][gc,metaspace   ] GC(1917) Metaspace: 29105K(29376K)->29105K(29376K) NonClass: 25998K(26112K)->25998K(26112K) Class: 3106K(3264K)->3106K(3264K)
[5919.797s][info][gc             ] GC(1917) Pause Young (Allocation Failure) 4348M->2076M(4563M) 101.793ms
[5919.797s][info][gc,cpu         ] GC(1917) User=0.60s Sys=0.00s Real=0.10s
..[5921.426s][info][gc,start       ] GC(1918) Pause Young (Allocation Failure)
[5921.520s][info][gc,heap        ] GC(1918) PSYoungGen: 2613828K(2614272K)->155680K(2616832K) Eden: 2441728K(2441728K)->0K(2437120K) From: 172100K(172544K)->155680K(179712K)
[5921.520s][info][gc,heap        ] GC(1918) ParOldGen: 1953759K(2058752K)->2056807K(2058752K)
[5921.520s][info][gc,metaspace   ] GC(1918) Metaspace: 29105K(29376K)->29105K(29376K) NonClass: 25998K(26112K)->25998K(26112K) Class: 3106K(3264K)->3106K(3264K)
[5921.520s][info][gc             ] GC(1918) Pause Young (Allocation Failure) 4460M->2160M(4566M) 93.733ms
[5921.520s][info][gc,cpu         ] GC(1918) User=0.55s Sys=0.00s Real=0.09s
.[5923.195s][info][gc,start       ] GC(1919) Pause Young (Allocation Failure)
[5923.299s][info][gc,heap        ] GC(1919) PSYoungGen: 2592800K(2616832K)->163258K(2600448K) Eden: 2437120K(2437120K)->0K(2437120K) From: 155680K(179712K)->163258K(163328K)
[5923.299s][info][gc,heap        ] GC(1919) ParOldGen: 2056807K(2058752K)->2163751K(2164224K)
[5923.299s][info][gc,metaspace   ] GC(1919) Metaspace: 29105K(29376K)->29105K(29376K) NonClass: 25998K(26112K)->25998K(26112K) Class: 3106K(3264K)->3106K(3264K)
[5923.299s][info][gc             ] GC(1919) Pause Young (Allocation Failure) 4540M->2272M(4653M) 103.960ms
[5923.299s][info][gc,cpu         ] GC(1919) User=0.58s Sys=0.03s Real=0.10s
..[5924.945s][info][gc,start       ] GC(1920) Pause Young (Allocation Failure)
[5925.041s][info][gc,heap        ] GC(1920) PSYoungGen: 2600378K(2600448K)->152768K(2615808K) Eden: 2437120K(2437120K)->0K(2437632K) From: 163258K(163328K)->152768K(178176K)
[5925.041s][info][gc,heap        ] GC(1920) ParOldGen: 2163751K(2164224K)->2264887K(2265088K)
[5925.041s][info][gc,metaspace   ] GC(1920) Metaspace: 29105K(29376K)->29105K(29376K) NonClass: 25998K(26112K)->25998K(26112K) Class: 3106K(3264K)->3106K(3264K)
[5925.041s][info][gc             ] GC(1920) Pause Young (Allocation Failure) 4652M->2360M(4766M) 95.448ms
[5925.041s][info][gc,cpu         ] GC(1920) User=0.53s Sys=0.03s Real=0.09s
..[5926.630s][info][gc,start       ] GC(1921) Pause Young (Allocation Failure)
[5926.732s][info][gc,heap        ] GC(1921) PSYoungGen: 2590400K(2615808K)->158740K(2615296K) Eden: 2437632K(2437632K)->0K(2437632K) From: 152768K(178176K)->158740K(177664K)
[5926.732s][info][gc,heap        ] GC(1921) ParOldGen: 2264887K(2265088K)->2372527K(2372608K)
[5926.732s][info][gc,metaspace   ] GC(1921) Metaspace: 29105K(29376K)->29105K(29376K) NonClass: 25998K(26112K)->25998K(26112K) Class: 3106K(3264K)->3106K(3264K)
[5926.732s][info][gc             ] GC(1921) Pause Young (Allocation Failure) 4741M->2471M(4871M) 102.051ms
[5926.732s][info][gc,cpu         ] GC(1921) User=0.57s Sys=0.03s Real=0.11s
.[5927.602s][info][gc,start       ] GC(1922) Pause Full (Diagnostic Command)
[5927.602s][info][gc,phases,start] GC(1922) Marking Phase
[5927.910s][info][gc,phases      ] GC(1922) Marking Phase 307.376ms
[5927.910s][info][gc,phases,start] GC(1922) Summary Phase
[5927.910s][info][gc,phases      ] GC(1922) Summary Phase 0.052ms
[5927.910s][info][gc,phases,start] GC(1922) Forward
[5928.096s][info][gc,phases      ] GC(1922) Forward 185.963ms
[5928.096s][info][gc,phases,start] GC(1922) Adjust Pointers
[5928.320s][info][gc,phases      ] GC(1922) Adjust Pointers 224.276ms
[5928.320s][info][gc,phases,start] GC(1922) Compaction Phase
[5928.501s][info][gc,phases      ] GC(1922) Compaction Phase 180.682ms
[5928.503s][info][gc,phases,start] GC(1922) Post Compact
[5928.507s][info][gc,phases      ] GC(1922) Post Compact 3.362ms
[5928.507s][info][gc,heap        ] GC(1922) PSYoungGen: 1526949K(2615296K)->0K(2615296K) Eden: 1368209K(2437632K)->0K(2437632K) From: 158740K(177664K)->0K(177664K)
[5928.507s][info][gc,heap        ] GC(1922) ParOldGen: 2372527K(2372608K)->1356633K(2372608K)
[5928.507s][info][gc,metaspace   ] GC(1922) Metaspace: 29105K(29376K)->29105K(29376K) NonClass: 25998K(26112K)->25998K(26112K) Class: 3106K(3264K)->3106K(3264K)
[5928.507s][info][gc             ] GC(1922) Pause Full (Diagnostic Command) 3808M->1324M(4871M) 904.679ms
[5928.507s][info][gc,cpu         ] GC(1922) User=4.86s Sys=0.00s Real=0.90s
..[5929.832s][info][gc,start       ] GC(1923) Pause Young (Allocation Failure)
[5929.907s][info][gc,heap        ] GC(1923) PSYoungGen: 2437632K(2615296K)->176623K(2608128K) Eden: 2437632K(2437632K)->0K(2431488K) From: 0K(177664K)->176623K(176640K)
[5929.907s][info][gc,heap        ] GC(1923) ParOldGen: 1356633K(2372608K)->1360465K(2372608K)
[5929.907s][info][gc,metaspace   ] GC(1923) Metaspace: 29105K(29376K)->29105K(29376K) NonClass: 25998K(26112K)->25998K(26112K) Class: 3106K(3264K)->3106K(3264K)
[5929.907s][info][gc             ] GC(1923) Pause Young (Allocation Failure) 3705M->1501M(4864M) 75.811ms
[5929.908s][info][gc,cpu         ] GC(1923) User=0.45s Sys=0.00s Real=0.08s
.[5931.201s][info][gc,start       ] GC(1924) Pause Young (Allocation Failure)
[5931.298s][info][gc,heap        ] GC(1924) PSYoungGen: 2608111K(2608128K)->164181K(2613760K) Eden: 2431488K(2431488K)->0K(2431488K) From: 176623K(176640K)->164181K(182272K)
[5931.298s][info][gc,heap        ] GC(1924) ParOldGen: 1360465K(2372608K)->1465641K(2372608K)
[5931.298s][info][gc,metaspace   ] GC(1924) Metaspace: 29105K(29376K)->29105K(29376K) NonClass: 25998K(26112K)->25998K(26112K) Class: 3106K(3264K)->3106K(3264K)
[5931.298s][info][gc             ] GC(1924) Pause Young (Allocation Failure) 3875M->1591M(4869M) 97.223ms
[5931.298s][info][gc,cpu         ] GC(1924) User=0.58s Sys=0.00s Real=0.10s
.[5932.723s][info][gc,start       ] GC(1925) Pause Young (Allocation Failure)
[5932.822s][info][gc,heap        ] GC(1925) PSYoungGen: 2595669K(2613760K)->168676K(2613248K) Eden: 2431488K(2431488K)->0K(2433024K) From: 164181K(182272K)->168676K(180224K)
[5932.822s][info][gc,heap        ] GC(1925) ParOldGen: 1465641K(2372608K)->1572649K(2372608K)
[5932.822s][info][gc,metaspace   ] GC(1925) Metaspace: 29105K(29376K)->29105K(29376K) NonClass: 25998K(26112K)->25998K(26112K) Class: 3106K(3264K)->3106K(3264K)
[5932.822s][info][gc             ] GC(1925) Pause Young (Allocation Failure) 3966M->1700M(4869M) 99.023ms
[5932.823s][info][gc,cpu         ] GC(1925) User=0.58s Sys=0.01s Real=0.10s
..[5934.457s][info][gc,start       ] GC(1926) Pause Young (Allocation Failure)
[5934.552s][info][gc,heap        ] GC(1926) PSYoungGen: 2601700K(2613248K)->162272K(2614272K) Eden: 2433024K(2433024K)->0K(2433024K) From: 168676K(180224K)->162272K(181248K)
[5934.552s][info][gc,heap        ] GC(1926) ParOldGen: 1572649K(2372608K)->1673089K(2372608K)
[5934.552s][info][gc,metaspace   ] GC(1926) Metaspace: 29105K(29376K)->29105K(29376K) NonClass: 25998K(26112K)->25998K(26112K) Class: 3106K(3264K)->3106K(3264K)
[5934.552s][info][gc             ] GC(1926) Pause Young (Allocation Failure) 4076M->1792M(4870M) 94.983ms
[5934.552s][info][gc,cpu         ] GC(1926) User=0.56s Sys=0.00s Real=0.10s
..[5936.164s][info][gc,start       ] GC(1927) Pause Young (Allocation Failure)
[5936.258s][info][gc,heap        ] GC(1927) PSYoungGen: 2595296K(2614272K)->156960K(2614272K) Eden: 2433024K(2433024K)->0K(2435072K) From: 162272K(181248K)->156960K(179200K)
[5936.258s][info][gc,heap        ] GC(1927) ParOldGen: 1673089K(2372608K)->1779169K(2372608K)
[5936.258s][info][gc,metaspace   ] GC(1927) Metaspace: 29105K(29376K)->29105K(29376K) NonClass: 25998K(26112K)->25998K(26112K) Class: 3106K(3264K)->3106K(3264K)
[5936.258s][info][gc             ] GC(1927) Pause Young (Allocation Failure) 4168M->1890M(4870M) 93.353ms
[5936.258s][info][gc,cpu         ] GC(1927) User=0.55s Sys=0.00s Real=0.09s
..[5937.881s][info][gc,start       ] GC(1928) Pause Young (Allocation Failure)
[5937.974s][info][gc,heap        ] GC(1928) PSYoungGen: 2592032K(2614272K)->157440K(2614272K) Eden: 2435072K(2435072K)->0K(2435072K) From: 156960K(179200K)->157440K(179200K)
[5937.974s][info][gc,heap        ] GC(1928) ParOldGen: 1779169K(2372608K)->1885929K(2372608K)
[5937.974s][info][gc,metaspace   ] GC(1928) Metaspace: 29105K(29376K)->29105K(29376K) NonClass: 25998K(26112K)->25998K(26112K) Class: 3106K(3264K)->3106K(3264K)
[5937.974s][info][gc             ] GC(1928) Pause Young (Allocation Failure) 4268M->1995M(4870M) 93.213ms
[5937.974s][info][gc,cpu         ] GC(1928) User=0.55s Sys=0.00s Real=0.10s
.[5939.575s][info][gc,start       ] GC(1929) Pause Young (Allocation Failure)
[5939.670s][info][gc,heap        ] GC(1929) PSYoungGen: 2592512K(2614272K)->158720K(2615808K) Eden: 2435072K(2435072K)->0K(2438656K) From: 157440K(179200K)->158720K(177152K)
[5939.670s][info][gc,heap        ] GC(1929) ParOldGen: 1885929K(2372608K)->1987377K(2372608K)
[5939.670s][info][gc,metaspace   ] GC(1929) Metaspace: 29105K(29376K)->29105K(29376K) NonClass: 25998K(26112K)->25998K(26112K) Class: 3106K(3264K)->3106K(3264K)
[5939.670s][info][gc             ] GC(1929) Pause Young (Allocation Failure) 4373M->2095M(4871M) 94.607ms
[5939.670s][info][gc,cpu         ] GC(1929) User=0.56s Sys=0.00s Real=0.09s
..[5941.364s][info][gc,start       ] GC(1930) Pause Young (Allocation Failure)
[5941.458s][info][gc,heap        ] GC(1930) PSYoungGen: 2597376K(2615808K)->158035K(2615808K) Eden: 2438656K(2438656K)->0K(2438656K) From: 158720K(177152K)->158035K(177152K)
[5941.458s][info][gc,heap        ] GC(1930) ParOldGen: 1987377K(2372608K)->2090537K(2372608K)
[5941.458s][info][gc,metaspace   ] GC(1930) Metaspace: 29105K(29376K)->29105K(29376K) NonClass: 25998K(26112K)->25998K(26112K) Class: 3106K(3264K)->3106K(3264K)
[5941.458s][info][gc             ] GC(1930) Pause Young (Allocation Failure) 4477M->2195M(4871M) 93.814ms
[5941.458s][info][gc,cpu         ] GC(1930) User=0.56s Sys=0.00s Real=0.09s
..[5943.101s][info][gc,start       ] GC(1931) Pause Young (Allocation Failure)
[5943.195s][info][gc,heap        ] GC(1931) PSYoungGen: 2596691K(2615808K)->153413K(2618368K) Eden: 2438656K(2438656K)->0K(2442240K) From: 158035K(177152K)->153413K(176128K)
[5943.195s][info][gc,heap        ] GC(1931) ParOldGen: 2090537K(2372608K)->2196361K(2372608K)
[5943.195s][info][gc,metaspace   ] GC(1931) Metaspace: 29105K(29376K)->29105K(29376K) NonClass: 25998K(26112K)->25998K(26112K) Class: 3106K(3264K)->3106K(3264K)
[5943.196s][info][gc             ] GC(1931) Pause Young (Allocation Failure) 4577M->2294M(4874M) 94.186ms
[5943.196s][info][gc,cpu         ] GC(1931) User=0.56s Sys=0.00s Real=0.10s
.[5944.860s][info][gc,start       ] GC(1932) Pause Young (Allocation Failure)
[5944.955s][info][gc,heap        ] GC(1932) PSYoungGen: 2595653K(2618368K)->161824K(2618368K) Eden: 2442240K(2442240K)->0K(2442240K) From: 153413K(176128K)->161824K(176128K)
[5944.955s][info][gc,heap        ] GC(1932) ParOldGen: 2196361K(2372608K)->2299353K(2372608K)
[5944.955s][info][gc,metaspace   ] GC(1932) Metaspace: 29105K(29376K)->29105K(29376K) NonClass: 25998K(26112K)->25998K(26112K) Class: 3106K(3264K)->3106K(3264K)
[5944.955s][info][gc             ] GC(1932) Pause Young (Allocation Failure) 4679M->2403M(4874M) 94.721ms
[5944.955s][info][gc,cpu         ] GC(1932) User=0.56s Sys=0.00s Real=0.10s
..[5946.608s][info][gc,start       ] GC(1933) Pause Young (Allocation Failure)
[5946.708s][info][gc,heap        ] GC(1933) PSYoungGen: 2604064K(2618368K)->160372K(2618880K) Eden: 2442240K(2442240K)->0K(2444800K) From: 161824K(176128K)->160372K(174080K)
[5946.708s][info][gc,heap        ] GC(1933) ParOldGen: 2299353K(2372608K)->2407801K(2407936K)
[5946.708s][info][gc,metaspace   ] GC(1933) Metaspace: 29105K(29376K)->29105K(29376K) NonClass: 25998K(26112K)->25998K(26112K) Class: 3106K(3264K)->3106K(3264K)
[5946.708s][info][gc             ] GC(1933) Pause Young (Allocation Failure) 4788M->2507M(4909M) 100.342ms
[5946.708s][info][gc,cpu         ] GC(1933) User=0.58s Sys=0.01s Real=0.10s
..[5948.279s][info][gc,start       ] GC(1934) Pause Young (Allocation Failure)
[5948.380s][info][gc,heap        ] GC(1934) PSYoungGen: 2605172K(2618880K)->163040K(2618880K) Eden: 2444800K(2444800K)->0K(2444800K) From: 160372K(174080K)->163040K(174080K)
[5948.380s][info][gc,heap        ] GC(1934) ParOldGen: 2407801K(2407936K)->2506561K(2506752K)
[5948.380s][info][gc,metaspace   ] GC(1934) Metaspace: 29105K(29376K)->29105K(29376K) NonClass: 25998K(26112K)->25998K(26112K) Class: 3106K(3264K)->3106K(3264K)
[5948.380s][info][gc             ] GC(1934) Pause Young (Allocation Failure) 4895M->2607M(5005M) 100.171ms
[5948.380s][info][gc,cpu         ] GC(1934) User=0.56s Sys=0.02s Real=0.10s
..[5950.033s][info][gc,start       ] GC(1935) Pause Young (Allocation Failure)
[5950.129s][info][gc,heap        ] GC(1935) PSYoungGen: 2607840K(2618880K)->147712K(2620416K) Eden: 2444800K(2444800K)->0K(2446848K) From: 163040K(174080K)->147712K(173568K)
[5950.129s][info][gc,heap        ] GC(1935) ParOldGen: 2506561K(2506752K)->2614369K(2614784K)
[5950.129s][info][gc,metaspace   ] GC(1935) Metaspace: 29105K(29376K)->29105K(29376K) NonClass: 25998K(26112K)->25998K(26112K) Class: 3106K(3264K)->3106K(3264K)
[5950.129s][info][gc             ] GC(1935) Pause Young (Allocation Failure) 4994M->2697M(5112M) 95.800ms
[5950.129s][info][gc,cpu         ] GC(1935) User=0.54s Sys=0.03s Real=0.09s
.[5951.803s][info][gc,start       ] GC(1936) Pause Young (Allocation Failure)
[5951.905s][info][gc,heap        ] GC(1936) PSYoungGen: 2594560K(2620416K)->167360K(2614272K) Eden: 2446848K(2446848K)->0K(2446848K) From: 147712K(173568K)->167360K(167424K)
[5951.905s][info][gc,heap        ] GC(1936) ParOldGen: 2614369K(2614784K)->2717977K(2718208K)
[5951.905s][info][gc,metaspace   ] GC(1936) Metaspace: 29105K(29376K)->29105K(29376K) NonClass: 25998K(26112K)->25998K(26112K) Class: 3106K(3264K)->3106K(3264K)
[5951.905s][info][gc             ] GC(1936) Pause Young (Allocation Failure) 5086M->2817M(5207M) 101.263ms
[5951.905s][info][gc,cpu         ] GC(1936) User=0.57s Sys=0.03s Real=0.10s
..[5953.485s][info][gc,start       ] GC(1937) Pause Young (Allocation Failure)
[5953.587s][info][gc,heap        ] GC(1937) PSYoungGen: 2614208K(2614272K)->166368K(2618880K) Eden: 2446848K(2446848K)->0K(2442752K) From: 167360K(167424K)->166368K(176128K)
[5953.587s][info][gc,heap        ] GC(1937) ParOldGen: 2717977K(2718208K)->2821361K(2821632K)
[5953.587s][info][gc,metaspace   ] GC(1937) Metaspace: 29105K(29376K)->29105K(29376K) NonClass: 25998K(26112K)->25998K(26112K) Class: 3106K(3264K)->3106K(3264K)
[5953.587s][info][gc             ] GC(1937) Pause Young (Allocation Failure) 5207M->2917M(5313M) 101.540ms
[5953.587s][info][gc,cpu         ] GC(1937) User=0.57s Sys=0.03s Real=0.10s
..[5955.234s][info][gc,start       ] GC(1938) Pause Young (Allocation Failure)
[5955.332s][info][gc,heap        ] GC(1938) PSYoungGen: 2609120K(2618880K)->158485K(2601472K) Eden: 2442752K(2442752K)->0K(2442752K) From: 166368K(176128K)->158485K(158720K)
[5955.332s][info][gc,heap        ] GC(1938) ParOldGen: 2821361K(2821632K)->2926257K(2926592K)
[5955.332s][info][gc,metaspace   ] GC(1938) Metaspace: 29105K(29376K)->29105K(29376K) NonClass: 25998K(26112K)->25998K(26112K) Class: 3106K(3264K)->3106K(3264K)
[5955.332s][info][gc             ] GC(1938) Pause Young (Allocation Failure) 5303M->3012M(5398M) 98.894ms
[5955.332s][info][gc,cpu         ] GC(1938) User=0.56s Sys=0.03s Real=0.10s
.[5956.961s][info][gc,start       ] GC(1939) Pause Young (Allocation Failure)
[5957.055s][info][gc,heap        ] GC(1939) PSYoungGen: 2601237K(2601472K)->144928K(2617856K) Eden: 2442752K(2442752K)->0K(2442240K) From: 158485K(158720K)->144928K(175616K)
[5957.055s][info][gc,heap        ] GC(1939) ParOldGen: 2926257K(2926592K)->3032273K(3032576K)
[5957.055s][info][gc,metaspace   ] GC(1939) Metaspace: 29105K(29376K)->29105K(29376K) NonClass: 25998K(26112K)->25998K(26112K) Class: 3106K(3264K)->3106K(3264K)
[5957.055s][info][gc             ] GC(1939) Pause Young (Allocation Failure) 5397M->3102M(5518M) 94.483ms
[5957.055s][info][gc,cpu         ] GC(1939) User=0.53s Sys=0.03s Real=0.10s
..[5958.657s][info][gc,start       ] GC(1940) Pause Young (Allocation Failure)
[5958.759s][info][gc,heap        ] GC(1940) PSYoungGen: 2587168K(2617856K)->162357K(2618880K) Eden: 2442240K(2442240K)->0K(2442240K) From: 144928K(175616K)->162357K(176640K)
[5958.759s][info][gc,heap        ] GC(1940) ParOldGen: 3032273K(3032576K)->3136481K(3136512K)
[5958.759s][info][gc,metaspace   ] GC(1940) Metaspace: 29105K(29376K)->29105K(29376K) NonClass: 25998K(26112K)->25998K(26112K) Class: 3106K(3264K)->3106K(3264K)
[5958.759s][info][gc             ] GC(1940) Pause Young (Allocation Failure) 5487M->3221M(5620M) 102.138ms
[5958.759s][info][gc,cpu         ] GC(1940) User=0.57s Sys=0.03s Real=0.10s
..[5960.453s][info][gc,start       ] GC(1941) Pause Young (Allocation Failure)
[5960.561s][info][gc,heap        ] GC(1941) PSYoungGen: 2604597K(2618880K)->176123K(2534912K) Eden: 2442240K(2442240K)->0K(2358784K) From: 162357K(176640K)->176123K(176128K)
[5960.561s][info][gc,heap        ] GC(1941) ParOldGen: 3136481K(3136512K)->3238761K(3238912K)
[5960.561s][info][gc,metaspace   ] GC(1941) Metaspace: 29105K(29376K)->29105K(29376K) NonClass: 25998K(26112K)->25998K(26112K) Class: 3106K(3264K)->3106K(3264K)
[5960.561s][info][gc             ] GC(1941) Pause Young (Allocation Failure) 5606M->3334M(5638M) 107.150ms
[5960.561s][info][gc,cpu         ] GC(1941) User=0.61s Sys=0.03s Real=0.10s
..[5962.097s][info][gc,start       ] GC(1942) Pause Young (Allocation Failure)
[5962.196s][info][gc,heap        ] GC(1942) PSYoungGen: 2534907K(2534912K)->148242K(2577408K) Eden: 2358784K(2358784K)->0K(2358784K) From: 176123K(176128K)->148242K(218624K)
[5962.196s][info][gc,heap        ] GC(1942) ParOldGen: 3238761K(3238912K)->3349593K(3350016K)
[5962.196s][info][gc,metaspace   ] GC(1942) Metaspace: 29105K(29376K)->29105K(29376K) NonClass: 25998K(26112K)->25998K(26112K) Class: 3106K(3264K)->3106K(3264K)
[5962.196s][info][gc             ] GC(1942) Pause Young (Allocation Failure) 5638M->3415M(5788M) 99.315ms
[5962.196s][info][gc,cpu         ] GC(1942) User=0.56s Sys=0.04s Real=0.10s
.[5963.699s][info][gc,start       ] GC(1943) Pause Young (Allocation Failure)
[5963.801s][info][gc,heap        ] GC(1943) PSYoungGen: 2507026K(2577408K)->164357K(2568192K) Eden: 2358784K(2358784K)->0K(2359808K) From: 148242K(218624K)->164357K(208384K)
[5963.801s][info][gc,heap        ] GC(1943) ParOldGen: 3349593K(3350016K)->3449505K(3449856K)
[5963.801s][info][gc,metaspace   ] GC(1943) Metaspace: 29105K(29376K)->29105K(29376K) NonClass: 25998K(26112K)->25998K(26112K) Class: 3106K(3264K)->3106K(3264K)
[5963.801s][info][gc             ] GC(1943) Pause Young (Allocation Failure) 5719M->3529M(5877M) 101.147ms
[5963.801s][info][gc,cpu         ] GC(1943) User=0.58s Sys=0.03s Real=0.10s
..[5965.489s][info][gc,start       ] GC(1944) Pause Young (Allocation Failure)
[5965.585s][info][gc,heap        ] GC(1944) PSYoungGen: 2524165K(2568192K)->153248K(2573312K) Eden: 2359808K(2359808K)->0K(2359808K) From: 164357K(208384K)->153248K(213504K)
[5965.585s][info][gc,heap        ] GC(1944) ParOldGen: 3449505K(3449856K)->3552297K(3552768K)
[5965.585s][info][gc,metaspace   ] GC(1944) Metaspace: 29105K(29376K)->29105K(29376K) NonClass: 25998K(26112K)->25998K(26112K) Class: 3106K(3264K)->3106K(3264K)
[5965.585s][info][gc             ] GC(1944) Pause Young (Allocation Failure) 5833M->3618M(5982M) 96.315ms
[5965.585s][info][gc,cpu         ] GC(1944) User=0.53s Sys=0.04s Real=0.10s
.[5967.108s][info][gc,start       ] GC(1945) Pause Young (Allocation Failure)
[5967.207s][info][gc,heap        ] GC(1945) PSYoungGen: 2513056K(2573312K)->153728K(2575872K) Eden: 2359808K(2359808K)->0K(2370560K) From: 153248K(213504K)->153728K(205312K)
[5967.207s][info][gc,heap        ] GC(1945) ParOldGen: 3552297K(3552768K)->3655017K(3655168K)
[5967.207s][info][gc,metaspace   ] GC(1945) Metaspace: 29105K(29376K)->29105K(29376K) NonClass: 25998K(26112K)->25998K(26112K) Class: 3106K(3264K)->3106K(3264K)
[5967.207s][info][gc             ] GC(1945) Pause Young (Allocation Failure) 5923M->3719M(6085M) 98.136ms
[5967.207s][info][gc,cpu         ] GC(1945) User=0.54s Sys=0.04s Real=0.10s
.. (rIR:aIR:PR = 9824:9838:9838) (tPR = 146138) [OK] 
  5968s: Performance info:
         Transaction,    Success,    Partial,     Failed,   Receipts, AvgBarcode, 
             Overall,     598222,          0,          0,     568367,      59.47, 
         Response times:
             Request,    Success,    Partial,     Failed,   SkipFail,     Probes,    Samples,      min,      p50,      p90,      p95,      p99,      max, 
       TotalPurchase,     568377,          0,          0,          0,     339395,     446803,      300,     9100,   162000,   460000,   850000,  1300000,
     InStorePurchase,     298411,          0,          0,          0,     177258,     234666,      300,     8900,   160000,   460000,   850000,  1100000,
      OnlinePurchase,     209798,          0,          0,          0,     126008,     165334,      300,     9200,   164000,   472000,   880000,  1200000,
        InstPurchase,      60168,          0,          0,          0,      36129,      46803,      300,     9300,   162000,   542000,   960000,  1300000,
          AssocOfCat,        596,          0,          0,          0,        482,        758,    23000,    50000,   190300,   273350,   840000,  1000000,
      AssocOfProduct,       5988,          0,          0,          0,       4161,       5758,      600,    10900,   139000,   264000,   820000,   990000,
      BusinessReport,       1501,          0,          0,          0,       1314,       1848,    30000,    62000,   228100,   560200,  1151000,  1300000,
          CustBuyBeh,       6025,          0,          0,          0,       4161,       5752,      500,     9100,   139000,   255900,   820000,  1000000,
       ProductReturn,      15740,          0,          0,          0,       8752,      11784,      200,     9600,   146000,   315000,  1100000,  1300000,

  5968s: (72%)   IR =   9963 [5968.865s][info][gc,start       ] GC(1946) Pause Young (Allocation Failure)
[5968.966s][info][gc,heap        ] GC(1946) PSYoungGen: 2524288K(2575872K)->161381K(2579968K) Eden: 2370560K(2370560K)->0K(2370560K) From: 153728K(205312K)->161381K(209408K)
[5968.966s][info][gc,heap        ] GC(1946) ParOldGen: 3655017K(3655168K)->3759009K(3759104K)
[5968.966s][info][gc,metaspace   ] GC(1946) Metaspace: 29105K(29376K)->29105K(29376K) NonClass: 25998K(26112K)->25998K(26112K) Class: 3106K(3264K)->3106K(3264K)
[5968.966s][info][gc             ] GC(1946) Pause Young (Allocation Failure) 6034M->3828M(6190M) 100.810ms
[5968.966s][info][gc,cpu         ] GC(1946) User=0.56s Sys=0.04s Real=0.10s
..[5970.523s][info][gc,start       ] GC(1947) Pause Young (Allocation Failure)
[5970.626s][info][gc,heap        ] GC(1947) PSYoungGen: 2531941K(2579968K)->165945K(2578944K) Eden: 2370560K(2370560K)->0K(2380800K) From: 161381K(209408K)->165945K(198144K)
[5970.626s][info][gc,heap        ] GC(1947) ParOldGen: 3759009K(3759104K)->3860097K(3860480K)
[5970.626s][info][gc,metaspace   ] GC(1947) Metaspace: 29105K(29376K)->29105K(29376K) NonClass: 25998K(26112K)->25998K(26112K) Class: 3106K(3264K)->3106K(3264K)
[5970.626s][info][gc             ] GC(1947) Pause Young (Allocation Failure) 6143M->3931M(6288M) 103.247ms
[5970.626s][info][gc,cpu         ] GC(1947) User=0.59s Sys=0.03s Real=0.10s
.[5972.214s][info][gc,start       ] GC(1948) Pause Young (Allocation Failure)
[5972.315s][info][gc,heap        ] GC(1948) PSYoungGen: 2546745K(2578944K)->155648K(2583040K) Eden: 2380800K(2380800K)->0K(2380800K) From: 165945K(198144K)->155648K(202240K)
[5972.315s][info][gc,heap        ] GC(1948) ParOldGen: 3860097K(3860480K)->3962025K(3962368K)
[5972.315s][info][gc,metaspace   ] GC(1948) Metaspace: 29105K(29376K)->29105K(29376K) NonClass: 25998K(26112K)->25998K(26112K) Class: 3106K(3264K)->3106K(3264K)
[5972.315s][info][gc             ] GC(1948) Pause Young (Allocation Failure) 6256M->4021M(6392M) 100.753ms
[5972.315s][info][gc,cpu         ] GC(1948) User=0.57s Sys=0.03s Real=0.10s
..[5973.825s][info][gc,start       ] GC(1949) Pause Young (Allocation Failure)
[5973.929s][info][gc,heap        ] GC(1949) PSYoungGen: 2536448K(2583040K)->164707K(2584576K) Eden: 2380800K(2380800K)->0K(2393600K) From: 155648K(202240K)->164707K(190976K)
[5973.929s][info][gc,heap        ] GC(1949) ParOldGen: 3962025K(3962368K)->4064281K(4064768K)
[5973.929s][info][gc,metaspace   ] GC(1949) Metaspace: 29105K(29376K)->29105K(29376K) NonClass: 25998K(26112K)->25998K(26112K) Class: 3106K(3264K)->3106K(3264K)
[5973.929s][info][gc             ] GC(1949) Pause Young (Allocation Failure) 6346M->4129M(6493M) 104.392ms
[5973.929s][info][gc,cpu         ] GC(1949) User=0.58s Sys=0.03s Real=0.10s
..[5975.532s][info][gc,start       ] GC(1950) Pause Young (Allocation Failure)
[5975.632s][info][gc,heap        ] GC(1950) PSYoungGen: 2558307K(2584576K)->155456K(2590208K) Eden: 2393600K(2393600K)->0K(2393600K) From: 164707K(190976K)->155456K(196608K)
[5975.632s][info][gc,heap        ] GC(1950) ParOldGen: 4064281K(4064768K)->4169577K(4169728K)
[5975.632s][info][gc,metaspace   ] GC(1950) Metaspace: 29105K(29376K)->29105K(29376K) NonClass: 25998K(26112K)->25998K(26112K) Class: 3106K(3264K)->3106K(3264K)
[5975.632s][info][gc             ] GC(1950) Pause Young (Allocation Failure) 6467M->4223M(6601M) 99.314ms
[5975.632s][info][gc,cpu         ] GC(1950) User=0.57s Sys=0.03s Real=0.10s
.|[5977.200s][info][gc,start       ] GC(1951) Pause Young (Allocation Failure)
[5977.300s][info][gc,heap        ] GC(1951) PSYoungGen: 2549056K(2590208K)->155892K(2593792K) Eden: 2393600K(2393600K)->0K(2404352K) From: 155456K(196608K)->155892K(189440K)
[5977.300s][info][gc,heap        ] GC(1951) ParOldGen: 4169577K(4169728K)->4271873K(4272128K)
[5977.300s][info][gc,metaspace   ] GC(1951) Metaspace: 29105K(29376K)->29105K(29376K) NonClass: 25998K(26112K)->25998K(26112K) Class: 3106K(3264K)->3106K(3264K)
[5977.300s][info][gc             ] GC(1951) Pause Young (Allocation Failure) 6561M->4323M(6705M) 100.474ms
[5977.300s][info][gc,cpu         ] GC(1951) User=0.56s Sys=0.03s Real=0.10s
..[5978.922s][info][gc,start       ] GC(1952) Pause Young (Allocation Failure)
[5979.022s][info][gc,heap        ] GC(1952) PSYoungGen: 2560244K(2593792K)->160000K(2597376K) Eden: 2404352K(2404352K)->0K(2404352K) From: 155892K(189440K)->160000K(193024K)
[5979.022s][info][gc,heap        ] GC(1952) ParOldGen: 4271873K(4272128K)->4375569K(4376064K)
[5979.022s][info][gc,metaspace   ] GC(1952) Metaspace: 29105K(29376K)->29105K(29376K) NonClass: 25998K(26112K)->25998K(26112K) Class: 3106K(3264K)->3106K(3264K)
[5979.022s][info][gc             ] GC(1952) Pause Young (Allocation Failure) 6671M->4429M(6810M) 99.530ms
[5979.022s][info][gc,cpu         ] GC(1952) User=0.55s Sys=0.04s Real=0.09s
..[5980.655s][info][gc,start       ] GC(1953) Pause Young (Allocation Failure)
[5980.758s][info][gc,heap        ] GC(1953) PSYoungGen: 2564352K(2597376K)->159104K(2597888K) Eden: 2404352K(2404352K)->0K(2412544K) From: 160000K(193024K)->159104K(185344K)
[5980.758s][info][gc,heap        ] GC(1953) ParOldGen: 4375569K(4376064K)->4478977K(4479488K)
[5980.758s][info][gc,metaspace   ] GC(1953) Metaspace: 29105K(29376K)->29105K(29376K) NonClass: 25998K(26112K)->25998K(26112K) Class: 3106K(3264K)->3106K(3264K)
[5980.758s][info][gc             ] GC(1953) Pause Young (Allocation Failure) 6777M->4529M(6911M) 102.137ms
[5980.758s][info][gc,cpu         ] GC(1953) User=0.56s Sys=0.04s Real=0.10s
.[5982.409s][info][gc,start       ] GC(1954) Pause Young (Allocation Failure)
[5982.511s][info][gc,heap        ] GC(1954) PSYoungGen: 2571648K(2597888K)->161312K(2600960K) Eden: 2412544K(2412544K)->0K(2412544K) From: 159104K(185344K)->161312K(188416K)
[5982.511s][info][gc,heap        ] GC(1954) ParOldGen: 4478977K(4479488K)->4580265K(4580352K)
[5982.511s][info][gc,metaspace   ] GC(1954) Metaspace: 29105K(29376K)->29105K(29376K) NonClass: 25998K(26112K)->25998K(26112K) Class: 3106K(3264K)->3106K(3264K)
[5982.511s][info][gc             ] GC(1954) Pause Young (Allocation Failure) 6885M->4630M(7013M) 101.439ms
[5982.511s][info][gc,cpu         ] GC(1954) User=0.57s Sys=0.03s Real=0.10s
..[5984.069s][info][gc,start       ] GC(1955) Pause Young (Allocation Failure)
[5984.174s][info][gc,heap        ] GC(1955) PSYoungGen: 2573856K(2600960K)->165477K(2605056K) Eden: 2412544K(2412544K)->0K(2421760K) From: 161312K(188416K)->165477K(183296K)
[5984.175s][info][gc,heap        ] GC(1955) ParOldGen: 4580265K(4580352K)->4686249K(4686336K)
[5984.175s][info][gc,metaspace   ] GC(1955) Metaspace: 29105K(29376K)->29105K(29376K) NonClass: 25998K(26112K)->25998K(26112K) Class: 3106K(3264K)->3106K(3264K)
[5984.175s][info][gc             ] GC(1955) Pause Young (Allocation Failure) 6986M->4738M(7120M) 105.624ms
[5984.175s][info][gc,cpu         ] GC(1955) User=0.60s Sys=0.03s Real=0.11s
..[5985.789s][info][gc,start       ] GC(1956) Pause Young (Allocation Failure)
[5985.892s][info][gc,heap        ] GC(1956) PSYoungGen: 2587237K(2605056K)->165728K(2606592K) Eden: 2421760K(2421760K)->0K(2421760K) From: 165477K(183296K)->165728K(184832K)
[5985.892s][info][gc,heap        ] GC(1956) ParOldGen: 4686249K(4686336K)->4788505K(4788736K)
[5985.892s][info][gc,metaspace   ] GC(1956) Metaspace: 29105K(29376K)->29105K(29376K) NonClass: 25998K(26112K)->25998K(26112K) Class: 3106K(3264K)->3106K(3264K)
[5985.892s][info][gc             ] GC(1956) Pause Young (Allocation Failure) 7103M->4838M(7222M) 103.444ms
[5985.892s][info][gc,cpu         ] GC(1956) User=0.59s Sys=0.03s Real=0.11s
.[5987.475s][info][gc,start       ] GC(1957) Pause Young (Allocation Failure)
[5987.578s][info][gc,heap        ] GC(1957) PSYoungGen: 2587488K(2606592K)->159252K(2607616K) Eden: 2421760K(2421760K)->0K(2427392K) From: 165728K(184832K)->159252K(180224K)
[5987.578s][info][gc,heap        ] GC(1957) ParOldGen: 4788505K(4788736K)->4895233K(4895744K)
[5987.578s][info][gc,metaspace   ] GC(1957) Metaspace: 29105K(29376K)->29105K(29376K) NonClass: 25998K(26112K)->25998K(26112K) Class: 3106K(3264K)->3106K(3264K)
[5987.578s][info][gc             ] GC(1957) Pause Young (Allocation Failure) 7203M->4936M(7327M) 103.016ms
[5987.578s][info][gc,cpu         ] GC(1957) User=0.57s Sys=0.04s Real=0.10s
..[5989.239s][info][gc,start       ] GC(1958) Pause Young (Allocation Failure)
[5989.337s][info][gc,heap        ] GC(1958) PSYoungGen: 2586644K(2607616K)->152160K(2609664K) Eden: 2427392K(2427392K)->0K(2427392K) From: 159252K(180224K)->152160K(182272K)
[5989.337s][info][gc,heap        ] GC(1958) ParOldGen: 4895233K(4895744K)->4995329K(4995584K)
[5989.337s][info][gc,metaspace   ] GC(1958) Metaspace: 29105K(29376K)->29105K(29376K) NonClass: 25998K(26112K)->25998K(26112K) Class: 3106K(3264K)->3106K(3264K)
[5989.337s][info][gc             ] GC(1958) Pause Young (Allocation Failure) 7306M->5026M(7427M) 97.800ms
[5989.337s][info][gc,cpu         ] GC(1958) User=0.55s Sys=0.03s Real=0.10s
..[5990.893s][info][gc,start       ] GC(1959) Pause Young (Allocation Failure)
[5990.992s][info][gc,heap        ] GC(1959) PSYoungGen: 2579552K(2609664K)->159296K(2609664K) Eden: 2427392K(2427392K)->0K(2431488K) From: 152160K(182272K)->159296K(178176K)
[5990.992s][info][gc,heap        ] GC(1959) ParOldGen: 4995329K(4995584K)->5098089K(5098496K)
[5990.992s][info][gc,metaspace   ] GC(1959) Metaspace: 29105K(29376K)->29105K(29376K) NonClass: 25998K(26112K)->25998K(26112K) Class: 3106K(3264K)->3106K(3264K)
[5990.992s][info][gc             ] GC(1959) Pause Young (Allocation Failure) 7397M->5134M(7527M) 99.297ms
[5990.992s][info][gc,cpu         ] GC(1959) User=0.56s Sys=0.03s Real=0.10s
.[5992.570s][info][gc,start       ] GC(1960) Pause Young (Allocation Failure)
[5992.675s][info][gc,heap        ] GC(1960) PSYoungGen: 2590784K(2609664K)->165193K(2611712K) Eden: 2431488K(2431488K)->0K(2431488K) From: 159296K(178176K)->165193K(180224K)
[5992.675s][info][gc,heap        ] GC(1960) ParOldGen: 5098089K(5098496K)->5203161K(5203456K)
[5992.675s][info][gc,metaspace   ] GC(1960) Metaspace: 29105K(29376K)->29105K(29376K) NonClass: 25998K(26112K)->25998K(26112K) Class: 3106K(3264K)->3106K(3264K)
[5992.675s][info][gc             ] GC(1960) Pause Young (Allocation Failure) 7508M->5242M(7632M) 105.160ms
[5992.675s][info][gc,cpu         ] GC(1960) User=0.59s Sys=0.03s Real=0.11s
..[5994.292s][info][gc,start       ] GC(1961) Pause Young (Allocation Failure)
[5994.391s][info][gc,heap        ] GC(1961) PSYoungGen: 2596681K(2611712K)->152896K(2614784K) Eden: 2431488K(2431488K)->0K(2435584K) From: 165193K(180224K)->152896K(179200K)
[5994.391s][info][gc,heap        ] GC(1961) ParOldGen: 5203161K(5203456K)->5303537K(5303808K)
[5994.391s][info][gc,metaspace   ] GC(1961) Metaspace: 29105K(29376K)->29105K(29376K) NonClass: 25998K(26112K)->25998K(26112K) Class: 3106K(3264K)->3106K(3264K)
[5994.391s][info][gc             ] GC(1961) Pause Young (Allocation Failure) 7617M->5328M(7733M) 99.129ms
[5994.391s][info][gc,cpu         ] GC(1961) User=0.54s Sys=0.03s Real=0.09s
..[5995.984s][info][gc,start       ] GC(1962) Pause Young (Allocation Failure)
[5996.082s][info][gc,heap        ] GC(1962) PSYoungGen: 2588480K(2614784K)->147072K(2615296K) Eden: 2435584K(2435584K)->0K(2435584K) From: 152896K(179200K)->147072K(179712K)
[5996.082s][info][gc,heap        ] GC(1962) ParOldGen: 5303537K(5303808K)->5409257K(5409280K)
[5996.082s][info][gc,metaspace   ] GC(1962) Metaspace: 29105K(29376K)->29105K(29376K) NonClass: 25998K(26112K)->25998K(26112K) Class: 3106K(3264K)->3106K(3264K)
[5996.082s][info][gc             ] GC(1962) Pause Young (Allocation Failure) 7707M->5426M(7836M) 97.675ms
[5996.082s][info][gc,cpu         ] GC(1962) User=0.54s Sys=0.04s Real=0.10s
.[5997.660s][info][gc,start       ] GC(1963) Pause Young (Allocation Failure)
[5997.766s][info][gc,heap        ] GC(1963) PSYoungGen: 2582656K(2615296K)->167704K(2613760K) Eden: 2435584K(2435584K)->0K(2433536K) From: 147072K(179712K)->167704K(180224K)
[5997.766s][info][gc,heap        ] GC(1963) ParOldGen: 5409257K(5409280K)->5512841K(5513216K)
[5997.766s][info][gc,metaspace   ] GC(1963) Metaspace: 29105K(29376K)->29105K(29376K) NonClass: 25998K(26112K)->25998K(26112K) Class: 3106K(3264K)->3106K(3264K)
[5997.766s][info][gc             ] GC(1963) Pause Young (Allocation Failure) 7804M->5547M(7936M) 105.403ms
[5997.766s][info][gc,cpu         ] GC(1963) User=0.59s Sys=0.03s Real=0.11s
..[5999.467s][info][gc,start       ] GC(1964) Pause Full (Allocation Failure)
[5999.467s][info][gc,phases,start] GC(1964) Marking Phase
[5999.788s][info][gc,phases      ] GC(1964) Marking Phase 320.866ms
[5999.788s][info][gc,phases,start] GC(1964) Summary Phase
[5999.788s][info][gc,phases      ] GC(1964) Summary Phase 0.099ms
[5999.788s][info][gc,phases,start] GC(1964) Forward
[5999.919s][info][gc,phases      ] GC(1964) Forward 130.799ms
[5999.919s][info][gc,phases,start] GC(1964) Adjust Pointers
[6000.135s][info][gc,phases      ] GC(1964) Adjust Pointers 215.499ms
[6000.135s][info][gc,phases,start] GC(1964) Compaction Phase
[6000.285s][info][gc,phases      ] GC(1964) Compaction Phase 150.054ms
[6000.286s][info][gc,phases,start] GC(1964) Post Compact
[6000.293s][info][gc,phases      ] GC(1964) Post Compact 6.924ms
[6000.409s][info][gc,heap        ] GC(1964) PSYoungGen: 2601240K(2613760K)->0K(2614784K) Eden: 2433536K(2433536K)->0K(2433536K) From: 167704K(180224K)->0K(181248K)
[6000.409s][info][gc,heap        ] GC(1964) ParOldGen: 5512841K(5513216K)->1636980K(2064384K)
[6000.409s][info][gc,metaspace   ] GC(1964) Metaspace: 29105K(29376K)->29105K(29376K) NonClass: 25998K(26112K)->25998K(26112K) Class: 3106K(3264K)->3106K(3264K)
[6000.409s][info][gc             ] GC(1964) Pause Full (Allocation Failure) 7923M->1598M(4569M) 941.846ms
[6000.409s][info][gc,cpu         ] GC(1964) User=4.45s Sys=0.12s Real=0.94s
.[6001.759s][info][gc,start       ] GC(1965) Pause Young (Allocation Failure)
[6001.833s][info][gc,heap        ] GC(1965) PSYoungGen: 2433536K(2614784K)->174693K(2608640K) Eden: 2433536K(2433536K)->0K(2427392K) From: 0K(181248K)->174693K(181248K)
[6001.833s][info][gc,heap        ] GC(1965) ParOldGen: 1636980K(2064384K)->1636980K(2064384K)
[6001.833s][info][gc,metaspace   ] GC(1965) Metaspace: 29105K(29376K)->29105K(29376K) NonClass: 25998K(26112K)->25998K(26112K) Class: 3106K(3264K)->3106K(3264K)
[6001.833s][info][gc             ] GC(1965) Pause Young (Allocation Failure) 3975M->1769M(4563M) 73.621ms
[6001.833s][info][gc,cpu         ] GC(1965) User=0.44s Sys=0.01s Real=0.08s
..[6003.124s][info][gc,start       ] GC(1966) Pause Young (Allocation Failure)
[6003.216s][info][gc,heap        ] GC(1966) PSYoungGen: 2602085K(2608640K)->154016K(2611712K) Eden: 2427392K(2427392K)->0K(2427392K) From: 174693K(181248K)->154016K(184320K)
[6003.216s][info][gc,heap        ] GC(1966) ParOldGen: 1636980K(2064384K)->1741884K(2064384K)
[6003.216s][info][gc,metaspace   ] GC(1966) Metaspace: 29105K(29376K)->29105K(29376K) NonClass: 25998K(26112K)->25998K(26112K) Class: 3106K(3264K)->3106K(3264K)
[6003.216s][info][gc             ] GC(1966) Pause Young (Allocation Failure) 4139M->1851M(4566M) 92.181ms
[6003.216s][info][gc,cpu         ] GC(1966) User=0.55s Sys=0.00s Real=0.09s
.[6004.560s][info][gc,start       ] GC(1967) Pause Young (Allocation Failure)
[6004.662s][info][gc,heap        ] GC(1967) PSYoungGen: 2581408K(2611712K)->171716K(2608640K) Eden: 2427392K(2427392K)->0K(2425344K) From: 154016K(184320K)->171716K(183296K)
[6004.662s][info][gc,heap        ] GC(1967) ParOldGen: 1741884K(2064384K)->1848820K(2064384K)
[6004.662s][info][gc,metaspace   ] GC(1967) Metaspace: 29105K(29376K)->29105K(29376K) NonClass: 25998K(26112K)->25998K(26112K) Class: 3106K(3264K)->3106K(3264K)
[6004.662s][info][gc             ] GC(1967) Pause Young (Allocation Failure) 4221M->1973M(4563M) 102.781ms
[6004.662s][info][gc,cpu         ] GC(1967) User=0.61s Sys=0.00s Real=0.11s
..[6006.233s][info][gc,start       ] GC(1968) Pause Young (Allocation Failure)
[6006.324s][info][gc,heap        ] GC(1968) PSYoungGen: 2597060K(2608640K)->146496K(2572288K) Eden: 2425344K(2425344K)->0K(2425344K) From: 171716K(183296K)->146496K(146944K)
[6006.324s][info][gc,heap        ] GC(1968) ParOldGen: 1848820K(2064384K)->1956932K(2064384K)
[6006.324s][info][gc,metaspace   ] GC(1968) Metaspace: 29105K(29376K)->29105K(29376K) NonClass: 25998K(26112K)->25998K(26112K) Class: 3106K(3264K)->3106K(3264K)
[6006.324s][info][gc             ] GC(1968) Pause Young (Allocation Failure) 4341M->2054M(4528M) 91.308ms
[6006.324s][info][gc,cpu         ] GC(1968) User=0.54s Sys=0.00s Real=0.09s
.[6007.903s][info][gc,start       ] GC(1969) Pause Young (Allocation Failure)
[6007.999s][info][gc,heap        ] GC(1969) PSYoungGen: 2571840K(2572288K)->165776K(2610688K) Eden: 2425344K(2425344K)->0K(2424832K) From: 146496K(146944K)->165776K(185856K)
[6007.999s][info][gc,heap        ] GC(1969) ParOldGen: 1956932K(2064384K)->2057492K(2064384K)
[6007.999s][info][gc,metaspace   ] GC(1969) Metaspace: 29105K(29376K)->29105K(29376K) NonClass: 25998K(26112K)->25998K(26112K) Class: 3106K(3264K)->3106K(3264K)
[6007.999s][info][gc             ] GC(1969) Pause Young (Allocation Failure) 4422M->2171M(4565M) 95.844ms
[6007.999s][info][gc,cpu         ] GC(1969) User=0.57s Sys=0.00s Real=0.09s
..[6009.620s][info][gc,start       ] GC(1970) Pause Young (Allocation Failure)
[6009.719s][info][gc,heap        ] GC(1970) PSYoungGen: 2590608K(2610688K)->156864K(2582016K) Eden: 2424832K(2424832K)->0K(2424832K) From: 165776K(185856K)->156864K(157184K)
[6009.719s][info][gc,heap        ] GC(1970) ParOldGen: 2057492K(2064384K)->2163700K(2163712K)
[6009.719s][info][gc,metaspace   ] GC(1970) Metaspace: 29105K(29376K)->29105K(29376K) NonClass: 25998K(26112K)->25998K(26112K) Class: 3106K(3264K)->3106K(3264K)
[6009.719s][info][gc             ] GC(1970) Pause Young (Allocation Failure) 4539M->2266M(4634M) 98.533ms
[6009.719s][info][gc,cpu         ] GC(1970) User=0.55s Sys=0.04s Real=0.10s
..[6011.409s][info][gc,start       ] GC(1971) Pause Young (Allocation Failure)
[6011.505s][info][gc,heap        ] GC(1971) PSYoungGen: 2581696K(2582016K)->151648K(2608640K) Eden: 2424832K(2424832K)->0K(2425344K) From: 156864K(157184K)->151648K(183296K)
[6011.505s][info][gc,heap        ] GC(1971) ParOldGen: 2163700K(2163712K)->2264956K(2265088K)
[6011.505s][info][gc,metaspace   ] GC(1971) Metaspace: 29105K(29376K)->29105K(29376K) NonClass: 25998K(26112K)->25998K(26112K) Class: 3106K(3264K)->3106K(3264K)
[6011.505s][info][gc             ] GC(1971) Pause Young (Allocation Failure) 4634M->2359M(4759M) 96.768ms
[6011.505s][info][gc,cpu         ] GC(1971) User=0.54s Sys=0.03s Real=0.10s
..[6013.064s][info][gc,start       ] GC(1972) Pause Young (Allocation Failure)
[6013.164s][info][gc,heap        ] GC(1972) PSYoungGen: 2576992K(2608640K)->161280K(2608128K) Eden: 2425344K(2425344K)->0K(2425344K) From: 151648K(183296K)->161280K(182784K)
[6013.164s][info][gc,heap        ] GC(1972) ParOldGen: 2264956K(2265088K)->2367068K(2367488K)
[6013.164s][info][gc,metaspace   ] GC(1972) Metaspace: 29105K(29376K)->29105K(29376K) NonClass: 25998K(26112K)->25998K(26112K) Class: 3106K(3264K)->3106K(3264K)
[6013.164s][info][gc             ] GC(1972) Pause Young (Allocation Failure) 4728M->2469M(4859M) 100.347ms
[6013.164s][info][gc,cpu         ] GC(1972) User=0.57s Sys=0.03s Real=0.10s
.[6014.813s][info][gc,start       ] GC(1973) Pause Young (Allocation Failure)
[6014.914s][info][gc,heap        ] GC(1973) PSYoungGen: 2586624K(2608128K)->162592K(2611712K) Eden: 2425344K(2425344K)->0K(2430976K) From: 161280K(182784K)->162592K(180736K)
[6014.914s][info][gc,heap        ] GC(1973) ParOldGen: 2367068K(2367488K)->2474148K(2474496K)
[6014.914s][info][gc,metaspace   ] GC(1973) Metaspace: 29105K(29376K)->29105K(29376K) NonClass: 25998K(26112K)->25998K(26112K) Class: 3106K(3264K)->3106K(3264K)
[6014.914s][info][gc             ] GC(1973) Pause Young (Allocation Failure) 4837M->2574M(4967M) 100.881ms
[6014.914s][info][gc,cpu         ] GC(1973) User=0.57s Sys=0.03s Real=0.10s
..[6016.538s][info][gc,start       ] GC(1974) Pause Young (Allocation Failure)
[6016.638s][info][gc,heap        ] GC(1974) PSYoungGen: 2593568K(2611712K)->159980K(2610688K) Eden: 2430976K(2430976K)->0K(2430976K) From: 162592K(180736K)->159980K(179712K)
[6016.638s][info][gc,heap        ] GC(1974) ParOldGen: 2474148K(2474496K)->2576348K(2576384K)
[6016.638s][info][gc,metaspace   ] GC(1974) Metaspace: 29105K(29376K)->29105K(29376K) NonClass: 25998K(26112K)->25998K(26112K) Class: 3106K(3264K)->3106K(3264K)
[6016.638s][info][gc             ] GC(1974) Pause Young (Allocation Failure) 4948M->2672M(5065M) 100.742ms
[6016.638s][info][gc,cpu         ] GC(1974) User=0.56s Sys=0.03s Real=0.10s
..[6018.192s][info][gc,start       ] GC(1975) Pause Young (Allocation Failure)
[6018.287s][info][gc,heap        ] GC(1975) PSYoungGen: 2590956K(2610688K)->147424K(2613760K) Eden: 2430976K(2430976K)->0K(2435584K) From: 159980K(179712K)->147424K(178176K)
[6018.287s][info][gc,heap        ] GC(1975) ParOldGen: 2576348K(2576384K)->2681308K(2681344K)
[6018.287s][info][gc,metaspace   ] GC(1975) Metaspace: 29105K(29376K)->29105K(29376K) NonClass: 25998K(26112K)->25998K(26112K) Class: 3106K(3264K)->3106K(3264K)
[6018.287s][info][gc             ] GC(1975) Pause Young (Allocation Failure) 5046M->2762M(5171M) 94.260ms
[6018.287s][info][gc,cpu         ] GC(1975) User=0.54s Sys=0.02s Real=0.09s
.[6019.967s][info][gc,start       ] GC(1976) Pause Young (Allocation Failure)
[6020.068s][info][gc,heap        ] GC(1976) PSYoungGen: 2583008K(2613760K)->159396K(2613760K) Eden: 2435584K(2435584K)->0K(2435584K) From: 147424K(178176K)->159396K(178176K)
[6020.068s][info][gc,heap        ] GC(1976) ParOldGen: 2681308K(2681344K)->2782876K(2783232K)
[6020.068s][info][gc,metaspace   ] GC(1976) Metaspace: 29105K(29376K)->29105K(29376K) NonClass: 25998K(26112K)->25998K(26112K) Class: 3106K(3264K)->3106K(3264K)
[6020.068s][info][gc             ] GC(1976) Pause Young (Allocation Failure) 5140M->2873M(5270M) 100.658ms
[6020.068s][info][gc,cpu         ] GC(1976) User=0.57s Sys=0.03s Real=0.10s
..[6021.724s][info][gc,start       ] GC(1977) Pause Young (Allocation Failure)
[6021.828s][info][gc,heap        ] GC(1977) PSYoungGen: 2594980K(2613760K)->170656K(2613760K) Eden: 2435584K(2435584K)->0K(2437120K) From: 159396K(178176K)->170656K(176640K)
[6021.828s][info][gc,heap        ] GC(1977) ParOldGen: 2782876K(2783232K)->2890044K(2890240K)
[6021.828s][info][gc,metaspace   ] GC(1977) Metaspace: 29105K(29376K)->29105K(29376K) NonClass: 25998K(26112K)->25998K(26112K) Class: 3106K(3264K)->3106K(3264K)
[6021.828s][info][gc             ] GC(1977) Pause Young (Allocation Failure) 5251M->2988M(5375M) 104.104ms
[6021.828s][info][gc,cpu         ] GC(1977) User=0.59s Sys=0.04s Real=0.10s
..[6023.366s][info][gc,start       ] GC(1978) Pause Young (Allocation Failure)
[6023.471s][info][gc,heap        ] GC(1978) PSYoungGen: 2607776K(2613760K)->167188K(2604544K) Eden: 2437120K(2437120K)->0K(2437120K) From: 170656K(176640K)->167188K(167424K)
[6023.471s][info][gc,heap        ] GC(1978) ParOldGen: 2890044K(2890240K)->2998164K(2998272K)
[6023.471s][info][gc,metaspace   ] GC(1978) Metaspace: 29105K(29376K)->29105K(29376K) NonClass: 25998K(26112K)->25998K(26112K) Class: 3106K(3264K)->3106K(3264K)
[6023.471s][info][gc             ] GC(1978) Pause Young (Allocation Failure) 5368M->3091M(5471M) 104.927ms
[6023.471s][info][gc,cpu         ] GC(1978) User=0.58s Sys=0.03s Real=0.10s
.[6025.062s][info][gc,start       ] GC(1979) Pause Young (Allocation Failure)
[6025.162s][info][gc,heap        ] GC(1979) PSYoungGen: 2604308K(2604544K)->162389K(2617344K) Eden: 2437120K(2437120K)->0K(2437120K) From: 167188K(167424K)->162389K(180224K)
[6025.162s][info][gc,heap        ] GC(1979) ParOldGen: 2998164K(2998272K)->3098948K(3099136K)
[6025.162s][info][gc,metaspace   ] GC(1979) Metaspace: 29105K(29376K)->29105K(29376K) NonClass: 25998K(26112K)->25998K(26112K) Class: 3106K(3264K)->3106K(3264K)
[6025.163s][info][gc             ] GC(1979) Pause Young (Allocation Failure) 5471M->3184M(5582M) 100.739ms
[6025.163s][info][gc,cpu         ] GC(1979) User=0.57s Sys=0.03s Real=0.10s
..[6026.778s][info][gc,start       ] GC(1980) Pause Young (Allocation Failure)
[6026.877s][info][gc,heap        ] GC(1980) PSYoungGen: 2599509K(2617344K)->159936K(2597376K) Eden: 2437120K(2437120K)->0K(2437120K) From: 162389K(180224K)->159936K(160256K)
[6026.877s][info][gc,heap        ] GC(1980) ParOldGen: 3098948K(3099136K)->3204860K(3205120K)
[6026.877s][info][gc,metaspace   ] GC(1980) Metaspace: 29105K(29376K)->29105K(29376K) NonClass: 25998K(26112K)->25998K(26112K) Class: 3106K(3264K)->3106K(3264K)
[6026.877s][info][gc             ] GC(1980) Pause Young (Allocation Failure) 5564M->3285M(5666M) 99.537ms
[6026.877s][info][gc,cpu         ] GC(1980) User=0.56s Sys=0.03s Real=0.10s
..[6028.488s][info][gc,start       ] GC(1981) Pause Young (Allocation Failure)
[6028.590s][info][gc,heap        ] GC(1981) PSYoungGen: 2597056K(2597376K)->161312K(2615808K) Eden: 2437120K(2437120K)->0K(2438656K) From: 159936K(160256K)->161312K(177152K)
[6028.590s][info][gc,heap        ] GC(1981) ParOldGen: 3204860K(3205120K)->3308612K(3309056K)
[6028.590s][info][gc,metaspace   ] GC(1981) Metaspace: 29105K(29376K)->29105K(29376K) NonClass: 25998K(26112K)->25998K(26112K) Class: 3106K(3264K)->3106K(3264K)
[6028.590s][info][gc             ] GC(1981) Pause Young (Allocation Failure) 5665M->3388M(5786M) 101.957ms
[6028.590s][info][gc,cpu         ] GC(1981) User=0.56s Sys=0.04s Real=0.10s
.[6030.151s][info][gc,start       ] GC(1982) Pause Young (Allocation Failure)
[6030.249s][info][gc,heap        ] GC(1982) PSYoungGen: 2599968K(2615808K)->154144K(2614272K) Eden: 2438656K(2438656K)->0K(2438656K) From: 161312K(177152K)->154144K(175616K)
[6030.249s][info][gc,heap        ] GC(1982) ParOldGen: 3308612K(3309056K)->3416132K(3416576K)
[6030.249s][info][gc,metaspace   ] GC(1982) Metaspace: 29105K(29376K)->29105K(29376K) NonClass: 25998K(26112K)->25998K(26112K) Class: 3106K(3264K)->3106K(3264K)
[6030.249s][info][gc             ] GC(1982) Pause Young (Allocation Failure) 5770M->3486M(5889M) 97.487ms
[6030.249s][info][gc,cpu         ] GC(1982) User=0.54s Sys=0.03s Real=0.10s
..[6031.844s][info][gc,start       ] GC(1983) Pause Young (Allocation Failure)
[6031.943s][info][gc,heap        ] GC(1983) PSYoungGen: 2592800K(2614272K)->157408K(2619392K) Eden: 2438656K(2438656K)->0K(2444288K) From: 154144K(175616K)->157408K(175104K)
[6031.943s][info][gc,heap        ] GC(1983) ParOldGen: 3416132K(3416576K)->3520372K(3520512K)
[6031.943s][info][gc,metaspace   ] GC(1983) Metaspace: 29105K(29376K)->29105K(29376K) NonClass: 25998K(26112K)->25998K(26112K) Class: 3106K(3264K)->3106K(3264K)
[6031.943s][info][gc             ] GC(1983) Pause Young (Allocation Failure) 5868M->3591M(5996M) 98.677ms
[6031.943s][info][gc,cpu         ] GC(1983) User=0.55s Sys=0.03s Real=0.10s
..[6033.591s][info][gc,start       ] GC(1984) Pause Young (Allocation Failure)
[6033.691s][info][gc,heap        ] GC(1984) PSYoungGen: 2601696K(2619392K)->158336K(2618880K) Eden: 2444288K(2444288K)->0K(2444288K) From: 157408K(175104K)->158336K(174592K)
[6033.691s][info][gc,heap        ] GC(1984) ParOldGen: 3520372K(3520512K)->3622516K(3622912K)
[6033.691s][info][gc,metaspace   ] GC(1984) Metaspace: 29105K(29376K)->29105K(29376K) NonClass: 25998K(26112K)->25998K(26112K) Class: 3106K(3264K)->3106K(3264K)
[6033.691s][info][gc             ] GC(1984) Pause Young (Allocation Failure) 5978M->3692M(6095M) 100.251ms
[6033.691s][info][gc,cpu         ] GC(1984) User=0.55s Sys=0.04s Real=0.10s
.[6035.297s][info][gc,start       ] GC(1985) Pause Young (Allocation Failure)
[6035.403s][info][gc,heap        ] GC(1985) PSYoungGen: 2602624K(2618880K)->168106K(2617344K) Eden: 2444288K(2444288K)->0K(2444288K) From: 158336K(174592K)->168106K(173056K)
[6035.403s][info][gc,heap        ] GC(1985) ParOldGen: 3622516K(3622912K)->3726732K(3726848K)
[6035.403s][info][gc,metaspace   ] GC(1985) Metaspace: 29105K(29376K)->29105K(29376K) NonClass: 25998K(26112K)->25998K(26112K) Class: 3106K(3264K)->3106K(3264K)
[6035.403s][info][gc             ] GC(1985) Pause Young (Allocation Failure) 6079M->3803M(6195M) 106.714ms
[6035.403s][info][gc,cpu         ] GC(1985) User=0.60s Sys=0.03s Real=0.11s
.. (rIR:aIR:PR = 9963:9944:9944) (tPR = 147417) [OK] 
  6036s: Performance info:
         Transaction,    Success,    Partial,     Failed,   Receipts, AvgBarcode, 
             Overall,     597183,          0,          0,     567345,      59.47, 
         Response times:
             Request,    Success,    Partial,     Failed,   SkipFail,     Probes,    Samples,      min,      p50,      p90,      p95,      p99,      max, 
       TotalPurchase,     567344,          0,          0,          0,     344463,     409693,      300,     9000,    84000,   186000,   490000,  1200000,
     InStorePurchase,     299529,          0,          0,          0,     180550,     214908,      300,     9000,    84000,   247000,   490000,  1200000,
      OnlinePurchase,     207812,          0,          0,          0,     126784,     150582,      300,     9100,    85000,   163000,   490000,   730000,
        InstPurchase,      60003,          0,          0,          0,      37129,      44203,      300,     9000,    84000,   213000,   496960,   820000,
          AssocOfCat,        595,          0,          0,          0,        478,        671,    26000,    49000,   135800,   246200,   555720,   840000,
      AssocOfProduct,       5963,          0,          0,          0,       4419,       5448,      300,     8700,    81000,   201200,   480000,   820000,
      BusinessReport,       1499,          0,          0,          0,       1281,       1670,    31000,    64000,   166000,   399850,   870000,  1200000,
          CustBuyBeh,       5969,          0,          0,          0,       4362,       5429,      500,    10600,    92000,   184000,   504600,   810000,
       ProductReturn,      15812,          0,          0,          0,       9006,      11062,      200,     7600,    72000,   185000,   520850,   710000,

  6036s: (73%)   IR =  10101 [6036.967s][info][gc,start       ] GC(1986) Pause Young (Allocation Failure)
[6037.067s][info][gc,heap        ] GC(1986) PSYoungGen: 2612394K(2617344K)->155162K(2619392K) Eden: 2444288K(2444288K)->0K(2444288K) From: 168106K(173056K)->155162K(175104K)
[6037.067s][info][gc,heap        ] GC(1986) ParOldGen: 3726732K(3726848K)->3832300K(3832320K)
[6037.067s][info][gc,metaspace   ] GC(1986) Metaspace: 29105K(29376K)->29105K(29376K) NonClass: 25998K(26112K)->25998K(26112K) Class: 3106K(3264K)->3106K(3264K)
[6037.067s][info][gc             ] GC(1986) Pause Young (Allocation Failure) 6190M->3894M(6300M) 99.732ms
[6037.067s][info][gc,cpu         ] GC(1986) User=0.55s Sys=0.03s Real=0.10s
..[6038.653s][info][gc,start       ] GC(1987) Pause Young (Allocation Failure)
[6038.755s][info][gc,heap        ] GC(1987) PSYoungGen: 2599450K(2619392K)->166677K(2619392K) Eden: 2444288K(2444288K)->0K(2444800K) From: 155162K(175104K)->166677K(174592K)
[6038.755s][info][gc,heap        ] GC(1987) ParOldGen: 3832300K(3832320K)->3935316K(3935744K)
[6038.755s][info][gc,metaspace   ] GC(1987) Metaspace: 29105K(29376K)->29105K(29376K) NonClass: 25998K(26112K)->25998K(26112K) Class: 3106K(3264K)->3106K(3264K)
[6038.755s][info][gc             ] GC(1987) Pause Young (Allocation Failure) 6281M->4005M(6401M) 102.493ms
[6038.755s][info][gc,cpu         ] GC(1987) User=0.58s Sys=0.02s Real=0.10s
.[6040.353s][info][gc,start       ] GC(1988) Pause Young (Allocation Failure)
[6040.452s][info][gc,heap        ] GC(1988) PSYoungGen: 2611477K(2619392K)->154208K(2620416K) Eden: 2444800K(2444800K)->0K(2444800K) From: 166677K(174592K)->154208K(175616K)
[6040.452s][info][gc,heap        ] GC(1988) ParOldGen: 3935316K(3935744K)->4042980K(4043264K)
[6040.452s][info][gc,metaspace   ] GC(1988) Metaspace: 29105K(29376K)->29105K(29376K) NonClass: 25998K(26112K)->25998K(26112K) Class: 3106K(3264K)->3106K(3264K)
[6040.452s][info][gc             ] GC(1988) Pause Young (Allocation Failure) 6393M->4098M(6507M) 98.181ms
[6040.452s][info][gc,cpu         ] GC(1988) User=0.55s Sys=0.03s Real=0.09s
..[6042.044s][info][gc,start       ] GC(1989) Pause Young (Allocation Failure)
[6042.145s][info][gc,heap        ] GC(1989) PSYoungGen: 2599008K(2620416K)->158483K(2617856K) Eden: 2444800K(2444800K)->0K(2445312K) From: 154208K(175616K)->158483K(172544K)
[6042.145s][info][gc,heap        ] GC(1989) ParOldGen: 4042980K(4043264K)->4147220K(4147712K)
[6042.145s][info][gc,metaspace   ] GC(1989) Metaspace: 29105K(29376K)->29105K(29376K) NonClass: 25998K(26112K)->25998K(26112K) Class: 3106K(3264K)->3106K(3264K)
[6042.145s][info][gc             ] GC(1989) Pause Young (Allocation Failure) 6486M->4204M(6607M) 100.850ms
[6042.145s][info][gc,cpu         ] GC(1989) User=0.55s Sys=0.04s Real=0.10s
..[6043.657s][info][gc,start       ] GC(1990) Pause Young (Allocation Failure)
[6043.757s][info][gc,heap        ] GC(1990) PSYoungGen: 2603795K(2617856K)->159008K(2619392K) Eden: 2445312K(2445312K)->0K(2445312K) From: 158483K(172544K)->159008K(174080K)
[6043.757s][info][gc,heap        ] GC(1990) ParOldGen: 4147220K(4147712K)->4250396K(4250624K)
[6043.757s][info][gc,metaspace   ] GC(1990) Metaspace: 29105K(29376K)->29105K(29376K) NonClass: 25998K(26112K)->25998K(26112K) Class: 3106K(3264K)->3106K(3264K)
[6043.757s][info][gc             ] GC(1990) Pause Young (Allocation Failure) 6592M->4306M(6709M) 99.673ms
[6043.757s][info][gc,cpu         ] GC(1990) User=0.56s Sys=0.03s Real=0.10s
.[6045.308s][info][gc,start       ] GC(1991) Pause Young (Allocation Failure)
[6045.410s][info][gc,heap        ] GC(1991) PSYoungGen: 2604320K(2619392K)->159578K(2619904K) Eden: 2445312K(2445312K)->0K(2449408K) From: 159008K(174080K)->159578K(170496K)
[6045.410s][info][gc,heap        ] GC(1991) ParOldGen: 4250396K(4250624K)->4356588K(4356608K)
[6045.410s][info][gc,metaspace   ] GC(1991) Metaspace: 29105K(29376K)->29105K(29376K) NonClass: 25998K(26112K)->25998K(26112K) Class: 3106K(3264K)->3106K(3264K)
[6045.410s][info][gc             ] GC(1991) Pause Young (Allocation Failure) 6694M->4410M(6813M) 101.679ms
[6045.410s][info][gc,cpu         ] GC(1991) User=0.58s Sys=0.02s Real=0.10s
..[6046.974s][info][gc,start       ] GC(1992) Pause Young (Allocation Failure)
[6047.069s][info][gc,heap        ] GC(1992) PSYoungGen: 2608986K(2619904K)->147488K(2620928K) Eden: 2449408K(2449408K)->0K(2449408K) From: 159578K(170496K)->147488K(171520K)
[6047.069s][info][gc,heap        ] GC(1992) ParOldGen: 4356588K(4356608K)->4460012K(4460032K)
[6047.069s][info][gc,metaspace   ] GC(1992) Metaspace: 29105K(29376K)->29105K(29376K) NonClass: 25998K(26112K)->25998K(26112K) Class: 3106K(3264K)->3106K(3264K)
[6047.069s][info][gc             ] GC(1992) Pause Young (Allocation Failure) 6802M->4499M(6915M) 95.392ms
[6047.069s][info][gc,cpu         ] GC(1992) User=0.53s Sys=0.03s Real=0.09s
..[6048.690s][info][gc,start       ] GC(1993) Pause Young (Allocation Failure)
[6048.792s][info][gc,heap        ] GC(1993) PSYoungGen: 2596896K(2620928K)->164885K(2621440K) Eden: 2449408K(2449408K)->0K(2448896K) From: 147488K(171520K)->164885K(172544K)
[6048.792s][info][gc,heap        ] GC(1993) ParOldGen: 4460012K(4460032K)->4563036K(4563456K)
[6048.792s][info][gc,metaspace   ] GC(1993) Metaspace: 29105K(29376K)->29105K(29376K) NonClass: 25998K(26112K)->25998K(26112K) Class: 3106K(3264K)->3106K(3264K)
[6048.792s][info][gc             ] GC(1993) Pause Young (Allocation Failure) 6891M->4617M(7016M) 102.396ms
[6048.792s][info][gc,cpu         ] GC(1993) User=0.57s Sys=0.03s Real=0.11s
.[6050.329s][info][gc,start       ] GC(1994) Pause Young (Allocation Failure)
[6050.429s][info][gc,heap        ] GC(1994) PSYoungGen: 2613781K(2621440K)->160544K(2622464K) Eden: 2448896K(2448896K)->0K(2448896K) From: 164885K(172544K)->160544K(173568K)
[6050.429s][info][gc,heap        ] GC(1994) ParOldGen: 4563036K(4563456K)->4668724K(4668928K)
[6050.429s][info][gc,metaspace   ] GC(1994) Metaspace: 29105K(29376K)->29105K(29376K) NonClass: 25998K(26112K)->25998K(26112K) Class: 3106K(3264K)->3106K(3264K)
[6050.429s][info][gc             ] GC(1994) Pause Young (Allocation Failure) 7008M->4716M(7120M) 100.163ms
[6050.429s][info][gc,cpu         ] GC(1994) User=0.56s Sys=0.03s Real=0.10s
..[6052.019s][info][gc,start       ] GC(1995) Pause Young (Allocation Failure)
[6052.117s][info][gc,heap        ] GC(1995) PSYoungGen: 2609440K(2622464K)->148992K(2621952K) Eden: 2448896K(2448896K)->0K(2449408K) From: 160544K(173568K)->148992K(172544K)
[6052.117s][info][gc,heap        ] GC(1995) ParOldGen: 4668724K(4668928K)->4775076K(4775424K)
[6052.117s][info][gc,metaspace   ] GC(1995) Metaspace: 29105K(29376K)->29105K(29376K) NonClass: 25998K(26112K)->25998K(26112K) Class: 3106K(3264K)->3106K(3264K)
[6052.117s][info][gc             ] GC(1995) Pause Young (Allocation Failure) 7107M->4808M(7224M) 98.264ms
[6052.117s][info][gc,cpu         ] GC(1995) User=0.55s Sys=0.03s Real=0.10s
..[6053.648s][info][gc,start       ] GC(1996) Pause Young (Allocation Failure)
[6053.748s][info][gc,heap        ] GC(1996) PSYoungGen: 2598400K(2621952K)->162336K(2622464K) Eden: 2449408K(2449408K)->0K(2449408K) From: 148992K(172544K)->162336K(173056K)
[6053.748s][info][gc,heap        ] GC(1996) ParOldGen: 4775076K(4775424K)->4876732K(4876800K)
[6053.748s][info][gc,metaspace   ] GC(1996) Metaspace: 29105K(29376K)->29105K(29376K) NonClass: 25998K(26112K)->25998K(26112K) Class: 3106K(3264K)->3106K(3264K)
[6053.748s][info][gc             ] GC(1996) Pause Young (Allocation Failure) 7200M->4920M(7323M) 100.605ms
[6053.748s][info][gc,cpu         ] GC(1996) User=0.56s Sys=0.04s Real=0.10s
.[6055.313s][info][gc,start       ] GC(1997) Pause Young (Allocation Failure)
[6055.421s][info][gc,heap        ] GC(1997) PSYoungGen: 2611744K(2622464K)->170676K(2616832K) Eden: 2449408K(2449408K)->0K(2443776K) From: 162336K(173056K)->170676K(173056K)
[6055.421s][info][gc,heap        ] GC(1997) ParOldGen: 4876732K(4876800K)->4982348K(4982784K)
[6055.421s][info][gc,metaspace   ] GC(1997) Metaspace: 29105K(29376K)->29105K(29376K) NonClass: 25998K(26112K)->25998K(26112K) Class: 3106K(3264K)->3106K(3264K)
[6055.421s][info][gc             ] GC(1997) Pause Young (Allocation Failure) 7312M->5032M(7421M) 108.090ms
[6055.421s][info][gc,cpu         ] GC(1997) User=0.60s Sys=0.05s Real=0.10s
..[6056.904s][info][gc,start       ] GC(1998) Pause Young (Allocation Failure)
[6057.017s][info][gc,heap        ] GC(1998) PSYoungGen: 2614452K(2616832K)->176121K(2619904K) Eden: 2443776K(2443776K)->0K(2443776K) From: 170676K(173056K)->176121K(176128K)
[6057.017s][info][gc,heap        ] GC(1998) ParOldGen: 4982348K(4982784K)->5094124K(5094400K)
[6057.017s][info][gc,metaspace   ] GC(1998) Metaspace: 29105K(29376K)->29105K(29376K) NonClass: 25998K(26112K)->25998K(26112K) Class: 3106K(3264K)->3106K(3264K)
[6057.017s][info][gc             ] GC(1998) Pause Young (Allocation Failure) 7418M->5146M(7533M) 113.274ms
[6057.017s][info][gc,cpu         ] GC(1998) User=0.64s Sys=0.03s Real=0.11s
.[6058.512s][info][gc,start       ] GC(1999) Pause Young (Allocation Failure)
[6058.612s][info][gc,heap        ] GC(1999) PSYoungGen: 2619897K(2619904K)->157600K(2532864K) Eden: 2443776K(2443776K)->0K(2356736K) From: 176121K(176128K)->157600K(176128K)
[6058.612s][info][gc,heap        ] GC(1999) ParOldGen: 5094124K(5094400K)->5197188K(5197312K)
[6058.612s][info][gc,metaspace   ] GC(1999) Metaspace: 29105K(29376K)->29105K(29376K) NonClass: 25998K(26112K)->25998K(26112K) Class: 3106K(3264K)->3106K(3264K)
[6058.612s][info][gc             ] GC(1999) Pause Young (Allocation Failure) 7533M->5229M(7549M) 99.831ms
[6058.612s][info][gc,cpu         ] GC(1999) User=0.56s Sys=0.04s Real=0.10s
..[6060.257s][info][gc,start       ] GC(2000) Pause Young (Allocation Failure)
[6060.358s][info][gc,heap        ] GC(2000) PSYoungGen: 2514336K(2532864K)->163392K(2576384K) Eden: 2356736K(2356736K)->0K(2356736K) From: 157600K(176128K)->163392K(219648K)
[6060.358s][info][gc,heap        ] GC(2000) ParOldGen: 5197188K(5197312K)->5298788K(5299200K)
[6060.358s][info][gc,metaspace   ] GC(2000) Metaspace: 29105K(29376K)->29105K(29376K) NonClass: 25998K(26112K)->25998K(26112K) Class: 3106K(3264K)->3106K(3264K)
[6060.358s][info][gc             ] GC(2000) Pause Young (Allocation Failure) 7530M->5334M(7691M) 101.640ms
[6060.358s][info][gc,cpu         ] GC(2000) User=0.57s Sys=0.03s Real=0.10s
..[6061.772s][info][gc,start       ] GC(2001) Pause Young (Allocation Failure)
[6061.878s][info][gc,heap        ] GC(2001) PSYoungGen: 2520128K(2576384K)->166203K(2564608K) Eden: 2356736K(2356736K)->0K(2360320K) From: 163392K(219648K)->166203K(204288K)
[6061.878s][info][gc,heap        ] GC(2001) ParOldGen: 5298788K(5299200K)->5405900K(5406208K)
[6061.878s][info][gc,metaspace   ] GC(2001) Metaspace: 29105K(29376K)->29105K(29376K) NonClass: 25998K(26112K)->25998K(26112K) Class: 3106K(3264K)->3106K(3264K)
[6061.878s][info][gc             ] GC(2001) Pause Young (Allocation Failure) 7635M->5441M(7784M) 106.699ms
[6061.878s][info][gc,cpu         ] GC(2001) User=0.60s Sys=0.03s Real=0.10s
.[6063.391s][info][gc,start       ] GC(2002) Pause Young (Allocation Failure)
[6063.492s][info][gc,heap        ] GC(2002) PSYoungGen: 2526523K(2564608K)->158816K(2572288K) Eden: 2360320K(2360320K)->0K(2360320K) From: 166203K(204288K)->158816K(211968K)
[6063.492s][info][gc,heap        ] GC(2002) ParOldGen: 5405900K(5406208K)->5504924K(5505024K)
[6063.492s][info][gc,metaspace   ] GC(2002) Metaspace: 29105K(29376K)->29105K(29376K) NonClass: 25998K(26112K)->25998K(26112K) Class: 3106K(3264K)->3106K(3264K)
[6063.492s][info][gc             ] GC(2002) Pause Young (Allocation Failure) 7746M->5530M(7888M) 100.987ms
[6063.492s][info][gc,cpu         ] GC(2002) User=0.56s Sys=0.03s Real=0.11s
..[6065.158s][info][gc,start       ] GC(2003) Pause Full (Allocation Failure)
[6065.159s][info][gc,phases,start] GC(2003) Marking Phase
[6065.470s][info][gc,phases      ] GC(2003) Marking Phase 311.617ms
[6065.470s][info][gc,phases,start] GC(2003) Summary Phase
[6065.470s][info][gc,phases      ] GC(2003) Summary Phase 0.109ms
[6065.470s][info][gc,phases,start] GC(2003) Forward
[6065.593s][info][gc,phases      ] GC(2003) Forward 122.904ms
[6065.593s][info][gc,phases,start] GC(2003) Adjust Pointers
[6065.804s][info][gc,phases      ] GC(2003) Adjust Pointers 210.843ms
[6065.804s][info][gc,phases,start] GC(2003) Compaction Phase
[6065.951s][info][gc,phases      ] GC(2003) Compaction Phase 146.902ms
[6065.952s][info][gc,phases,start] GC(2003) Post Compact
[6065.959s][info][gc,phases      ] GC(2003) Post Compact 6.873ms
[6066.083s][info][gc,heap        ] GC(2003) PSYoungGen: 2519136K(2572288K)->0K(2582016K) Eden: 2360320K(2360320K)->0K(2374144K) From: 158816K(211968K)->0K(207872K)
[6066.083s][info][gc,heap        ] GC(2003) ParOldGen: 5504924K(5505024K)->1621691K(2062336K)
[6066.083s][info][gc,metaspace   ] GC(2003) Metaspace: 29105K(29376K)->29105K(29376K) NonClass: 25998K(26112K)->25998K(26112K) Class: 3106K(3264K)->3106K(3264K)
[6066.083s][info][gc             ] GC(2003) Pause Full (Allocation Failure) 7835M->1583M(4535M) 924.625ms
[6066.083s][info][gc,cpu         ] GC(2003) User=4.35s Sys=0.13s Real=0.93s
..[6067.359s][info][gc,start       ] GC(2004) Pause Young (Allocation Failure)
[6067.418s][info][gc,heap        ] GC(2004) PSYoungGen: 2374144K(2582016K)->146656K(2584064K) Eden: 2374144K(2374144K)->0K(2374144K) From: 0K(207872K)->146656K(209920K)
[6067.418s][info][gc,heap        ] GC(2004) ParOldGen: 1621691K(2062336K)->1621691K(2062336K)
[6067.418s][info][gc,metaspace   ] GC(2004) Metaspace: 29105K(29376K)->29105K(29376K) NonClass: 25998K(26112K)->25998K(26112K) Class: 3106K(3264K)->3106K(3264K)
[6067.418s][info][gc             ] GC(2004) Pause Young (Allocation Failure) 3902M->1726M(4537M) 59.469ms
[6067.418s][info][gc,cpu         ] GC(2004) User=0.35s Sys=0.00s Real=0.06s
 (rIR:aIR:PR = 10101:9936:9896) (tPR = 148988) [IR is under limit] [PR is under limit] 
  6067s: Performance info:
         Transaction,    Success,    Partial,     Failed,   Receipts, AvgBarcode, 
             Overall,     204415,          0,          0,     194239,      59.47, 
         Response times:
             Request,    Success,    Partial,     Failed,   SkipFail,     Probes,    Samples,      min,      p50,      p90,      p95,      p99,      max, 
       TotalPurchase,     195725,          0,          0,          0,     109310,     178467,      300,     9900,   108000,   389000,   573000,   940000,
     InStorePurchase,     102141,          0,          0,          0,      57469,      93601,      300,     9600,   108000,   525000,   574000,   940000,
      OnlinePurchase,      73400,          0,          0,          0,      40294,      65871,      300,    10200,   108000,   525000,   573000,   940000,
        InstPurchase,      20184,          0,          0,          0,      11547,      18995,      400,    10100,   113000,   208000,   477600,   690000,
          AssocOfCat,        201,          0,          0,          0,        149,        286,    29000,    57000,   177600,   720000,   796500,   840000,
      AssocOfProduct,       2052,          0,          0,          0,       1115,       1766,      900,    10300,   119300,   533000,   960000,   960000,
      BusinessReport,        503,          0,          0,          0,        427,        765,    31000,    61000,   173400,   541000,   700000,   750000,
          CustBuyBeh,       2086,          0,          0,          0,       1092,       1769,     1000,     9500,   111000,   530000,   890000,  1100000,
       ProductReturn,       5375,          0,          0,          0,       3002,       5020,      700,    10400,   104000,   168000,   523000,   690000,

  6067s: 
  6067s: Failed, 9 overall retries left, retrying 1 of 1
  6067s: (73%)   IR =  10101 .[6068.792s][info][gc,start       ] GC(2005) Pause Young (Allocation Failure)
[6068.888s][info][gc,heap        ] GC(2005) PSYoungGen: 2520800K(2584064K)->164880K(2578432K) Eden: 2374144K(2374144K)->0K(2376704K) From: 146656K(209920K)->164880K(201728K)
[6068.888s][info][gc,heap        ] GC(2005) ParOldGen: 1621691K(2062336K)->1721683K(2062336K)
[6068.888s][info][gc,metaspace   ] GC(2005) Metaspace: 29105K(29376K)->29105K(29376K) NonClass: 25998K(26112K)->25998K(26112K) Class: 3106K(3264K)->3106K(3264K)
[6068.888s][info][gc             ] GC(2005) Pause Young (Allocation Failure) 4045M->1842M(4532M) 96.284ms
[6068.888s][info][gc,cpu         ] GC(2005) User=0.57s Sys=0.00s Real=0.09s
.[6070.409s][info][gc,start       ] GC(2006) Pause Young (Allocation Failure)
[6070.507s][info][gc,heap        ] GC(2006) PSYoungGen: 2541584K(2578432K)->168142K(2582528K) Eden: 2376704K(2376704K)->0K(2376704K) From: 164880K(201728K)->168142K(205824K)
[6070.507s][info][gc,heap        ] GC(2006) ParOldGen: 1721683K(2062336K)->1822627K(2062336K)
[6070.507s][info][gc,metaspace   ] GC(2006) Metaspace: 29105K(29376K)->29105K(29376K) NonClass: 25998K(26112K)->25998K(26112K) Class: 3106K(3264K)->3106K(3264K)
[6070.507s][info][gc             ] GC(2006) Pause Young (Allocation Failure) 4163M->1944M(4536M) 98.878ms
[6070.507s][info][gc,cpu         ] GC(2006) User=0.59s Sys=0.00s Real=0.10s
..[6072.055s][info][gc,start       ] GC(2007) Pause Young (Allocation Failure)
[6072.142s][info][gc,heap        ] GC(2007) PSYoungGen: 2544846K(2582528K)->138112K(2589184K) Eden: 2376704K(2376704K)->0K(2386944K) From: 168142K(205824K)->138112K(202240K)
[6072.142s][info][gc,heap        ] GC(2007) ParOldGen: 1822627K(2062336K)->1927547K(2062336K)
[6072.142s][info][gc,metaspace   ] GC(2007) Metaspace: 29105K(29376K)->29105K(29376K) NonClass: 25998K(26112K)->25998K(26112K) Class: 3106K(3264K)->3106K(3264K)
[6072.142s][info][gc             ] GC(2007) Pause Young (Allocation Failure) 4265M->2017M(4542M) 87.172ms
[6072.142s][info][gc,cpu         ] GC(2007) User=0.52s Sys=0.00s Real=0.09s
.[6073.754s][info][gc,start       ] GC(2008) Pause Young (Allocation Failure)
[6073.846s][info][gc,heap        ] GC(2008) PSYoungGen: 2525056K(2589184K)->156064K(2590720K) Eden: 2386944K(2386944K)->0K(2386944K) From: 138112K(202240K)->156064K(203776K)
[6073.846s][info][gc,heap        ] GC(2008) ParOldGen: 1927547K(2062336K)->2025851K(2062336K)
[6073.846s][info][gc,metaspace   ] GC(2008) Metaspace: 29105K(29376K)->29105K(29376K) NonClass: 25998K(26112K)->25998K(26112K) Class: 3106K(3264K)->3106K(3264K)
[6073.846s][info][gc             ] GC(2008) Pause Young (Allocation Failure) 4348M->2130M(4544M) 91.224ms
[6073.846s][info][gc,cpu         ] GC(2008) User=0.54s Sys=0.00s Real=0.09s
..[6075.419s][info][gc,start       ] GC(2009) Pause Young (Allocation Failure)
[6075.515s][info][gc,heap        ] GC(2009) PSYoungGen: 2543008K(2590720K)->154260K(2588160K) Eden: 2386944K(2386944K)->0K(2391040K) From: 156064K(203776K)->154260K(197120K)
[6075.515s][info][gc,heap        ] GC(2009) ParOldGen: 2025851K(2062336K)->2130363K(2130432K)
[6075.515s][info][gc,metaspace   ] GC(2009) Metaspace: 29105K(29376K)->29105K(29376K) NonClass: 25998K(26112K)->25998K(26112K) Class: 3106K(3264K)->3106K(3264K)
[6075.515s][info][gc             ] GC(2009) Pause Young (Allocation Failure) 4461M->2231M(4608M) 95.802ms
[6075.515s][info][gc,cpu         ] GC(2009) User=0.56s Sys=0.01s Real=0.10s
.|.[6077.065s][info][gc,start       ] GC(2010) Pause Young (Allocation Failure)
[6077.159s][info][gc,heap        ] GC(2010) PSYoungGen: 2545300K(2588160K)->151732K(2589696K) Eden: 2391040K(2391040K)->0K(2391040K) From: 154260K(197120K)->151732K(198656K)
[6077.160s][info][gc,heap        ] GC(2010) ParOldGen: 2130363K(2130432K)->2232387K(2232832K)
[6077.160s][info][gc,metaspace   ] GC(2010) Metaspace: 29105K(29376K)->29105K(29376K) NonClass: 25998K(26112K)->25998K(26112K) Class: 3106K(3264K)->3106K(3264K)
[6077.160s][info][gc             ] GC(2010) Pause Young (Allocation Failure) 4566M->2328M(4709M) 95.031ms
[6077.160s][info][gc,cpu         ] GC(2010) User=0.54s Sys=0.03s Real=0.09s
.[6078.749s][info][gc,start       ] GC(2011) Pause Young (Allocation Failure)
[6078.846s][info][gc,heap        ] GC(2011) PSYoungGen: 2542772K(2589696K)->156704K(2591232K) Eden: 2391040K(2391040K)->0K(2400256K) From: 151732K(198656K)->156704K(190976K)
[6078.846s][info][gc,heap        ] GC(2011) ParOldGen: 2232387K(2232832K)->2335355K(2335744K)
[6078.846s][info][gc,metaspace   ] GC(2011) Metaspace: 29105K(29376K)->29105K(29376K) NonClass: 25998K(26112K)->25998K(26112K) Class: 3106K(3264K)->3106K(3264K)
[6078.846s][info][gc             ] GC(2011) Pause Young (Allocation Failure) 4663M->2433M(4811M) 96.755ms
[6078.846s][info][gc,cpu         ] GC(2011) User=0.55s Sys=0.03s Real=0.10s
..[6080.408s][info][gc,start       ] GC(2012) Pause Young (Allocation Failure)
[6080.508s][info][gc,heap        ] GC(2012) PSYoungGen: 2556960K(2591232K)->157540K(2594304K) Eden: 2400256K(2400256K)->0K(2400256K) From: 156704K(190976K)->157540K(194048K)
[6080.508s][info][gc,heap        ] GC(2012) ParOldGen: 2335355K(2335744K)->2439147K(2439168K)
[6080.508s][info][gc,metaspace   ] GC(2012) Metaspace: 29105K(29376K)->29105K(29376K) NonClass: 25998K(26112K)->25998K(26112K) Class: 3106K(3264K)->3106K(3264K)
[6080.508s][info][gc             ] GC(2012) Pause Young (Allocation Failure) 4777M->2535M(4915M) 100.302ms
[6080.508s][info][gc,cpu         ] GC(2012) User=0.56s Sys=0.03s Real=0.10s
..[6082.067s][info][gc,start       ] GC(2013) Pause Young (Allocation Failure)
[6082.161s][info][gc,heap        ] GC(2013) PSYoungGen: 2557796K(2594304K)->147296K(2599424K) Eden: 2400256K(2400256K)->0K(2410496K) From: 157540K(194048K)->147296K(188928K)
[6082.161s][info][gc,heap        ] GC(2013) ParOldGen: 2439147K(2439168K)->2542811K(2543104K)
[6082.161s][info][gc,metaspace   ] GC(2013) Metaspace: 29105K(29376K)->29105K(29376K) NonClass: 25998K(26112K)->25998K(26112K) Class: 3106K(3264K)->3106K(3264K)
[6082.161s][info][gc             ] GC(2013) Pause Young (Allocation Failure) 4879M->2627M(5022M) 93.727ms
[6082.161s][info][gc,cpu         ] GC(2013) User=0.52s Sys=0.03s Real=0.09s
.[6083.778s][info][gc,start       ] GC(2014) Pause Young (Allocation Failure)
[6083.873s][info][gc,heap        ] GC(2014) PSYoungGen: 2557792K(2599424K)->154880K(2600960K) Eden: 2410496K(2410496K)->0K(2410496K) From: 147296K(188928K)->154880K(190464K)
[6083.873s][info][gc,heap        ] GC(2014) ParOldGen: 2542811K(2543104K)->2645555K(2646016K)
[6083.873s][info][gc,metaspace   ] GC(2014) Metaspace: 29105K(29376K)->29105K(29376K) NonClass: 25998K(26112K)->25998K(26112K) Class: 3106K(3264K)->3106K(3264K)
[6083.873s][info][gc             ] GC(2014) Pause Young (Allocation Failure) 4981M->2734M(5124M) 95.587ms
[6083.874s][info][gc,cpu         ] GC(2014) User=0.54s Sys=0.03s Real=0.10s
..[6085.474s][info][gc,start       ] GC(2015) Pause Young (Allocation Failure)
[6085.568s][info][gc,heap        ] GC(2015) PSYoungGen: 2565376K(2600960K)->150560K(2603520K) Eden: 2410496K(2410496K)->0K(2417664K) From: 154880K(190464K)->150560K(185856K)
[6085.568s][info][gc,heap        ] GC(2015) ParOldGen: 2645555K(2646016K)->2748587K(2748928K)
[6085.568s][info][gc,metaspace   ] GC(2015) Metaspace: 29105K(29376K)->29105K(29376K) NonClass: 25998K(26112K)->25998K(26112K) Class: 3106K(3264K)->3106K(3264K)
[6085.568s][info][gc             ] GC(2015) Pause Young (Allocation Failure) 5088M->2831M(5227M) 94.374ms
[6085.568s][info][gc,cpu         ] GC(2015) User=0.53s Sys=0.04s Real=0.09s
..[6087.292s][info][gc,start       ] GC(2016) Pause Young (Allocation Failure)
[6087.389s][info][gc,heap        ] GC(2016) PSYoungGen: 2568224K(2603520K)->158202K(2604032K) Eden: 2417664K(2417664K)->0K(2417664K) From: 150560K(185856K)->158202K(186368K)
[6087.389s][info][gc,heap        ] GC(2016) ParOldGen: 2748587K(2748928K)->2849915K(2850304K)
[6087.389s][info][gc,metaspace   ] GC(2016) Metaspace: 29105K(29376K)->29105K(29376K) NonClass: 25998K(26112K)->25998K(26112K) Class: 3106K(3264K)->3106K(3264K)
[6087.389s][info][gc             ] GC(2016) Pause Young (Allocation Failure) 5192M->2937M(5326M) 97.461ms
[6087.389s][info][gc,cpu         ] GC(2016) User=0.55s Sys=0.03s Real=0.09s
.[6089.012s][info][gc,start       ] GC(2017) Pause Young (Allocation Failure)
[6089.111s][info][gc,heap        ] GC(2017) PSYoungGen: 2575866K(2604032K)->155076K(2607616K) Eden: 2417664K(2417664K)->0K(2425856K) From: 158202K(186368K)->155076K(181760K)
[6089.111s][info][gc,heap        ] GC(2017) ParOldGen: 2849915K(2850304K)->2955155K(2955264K)
[6089.111s][info][gc,metaspace   ] GC(2017) Metaspace: 29105K(29376K)->29105K(29376K) NonClass: 25998K(26112K)->25998K(26112K) Class: 3106K(3264K)->3106K(3264K)
[6089.111s][info][gc             ] GC(2017) Pause Young (Allocation Failure) 5298M->3037M(5432M) 98.559ms
[6089.111s][info][gc,cpu         ] GC(2017) User=0.55s Sys=0.04s Real=0.09s
..[6090.628s][info][gc,start       ] GC(2018) Pause Young (Allocation Failure)
[6090.727s][info][gc,heap        ] GC(2018) PSYoungGen: 2580932K(2607616K)->159093K(2607616K) Eden: 2425856K(2425856K)->0K(2425856K) From: 155076K(181760K)->159093K(181760K)
[6090.727s][info][gc,heap        ] GC(2018) ParOldGen: 2955155K(2955264K)->3060955K(3061248K)
[6090.727s][info][gc,metaspace   ] GC(2018) Metaspace: 29105K(29376K)->29105K(29376K) NonClass: 25998K(26112K)->25998K(26112K) Class: 3106K(3264K)->3106K(3264K)
[6090.727s][info][gc             ] GC(2018) Pause Young (Allocation Failure) 5406M->3144M(5536M) 99.545ms
[6090.727s][info][gc,cpu         ] GC(2018) User=0.55s Sys=0.04s Real=0.10s
..[6092.345s][info][gc,start       ] GC(2019) Pause Young (Allocation Failure)
[6092.450s][info][gc,heap        ] GC(2019) PSYoungGen: 2584949K(2607616K)->170073K(2609664K) Eden: 2425856K(2425856K)->0K(2429952K) From: 159093K(181760K)->170073K(179712K)
[6092.450s][info][gc,heap        ] GC(2019) ParOldGen: 3060955K(3061248K)->3163955K(3164160K)
[6092.450s][info][gc,metaspace   ] GC(2019) Metaspace: 29105K(29376K)->29105K(29376K) NonClass: 25998K(26112K)->25998K(26112K) Class: 3106K(3264K)->3106K(3264K)
[6092.450s][info][gc             ] GC(2019) Pause Young (Allocation Failure) 5513M->3255M(5638M) 105.169ms
[6092.450s][info][gc,cpu         ] GC(2019) User=0.59s Sys=0.04s Real=0.10s
.[6093.917s][info][gc,start       ] GC(2020) Pause Young (Allocation Failure)
[6094.016s][info][gc,heap        ] GC(2020) PSYoungGen: 2600025K(2609664K)->159584K(2612224K) Eden: 2429952K(2429952K)->0K(2429952K) From: 170073K(179712K)->159584K(182272K)
[6094.016s][info][gc,heap        ] GC(2020) ParOldGen: 3163955K(3164160K)->3268995K(3269120K)
[6094.016s][info][gc,metaspace   ] GC(2020) Metaspace: 29105K(29376K)->29105K(29376K) NonClass: 25998K(26112K)->25998K(26112K) Class: 3106K(3264K)->3106K(3264K)
[6094.016s][info][gc             ] GC(2020) Pause Young (Allocation Failure) 5628M->3348M(5743M) 99.809ms
[6094.016s][info][gc,cpu         ] GC(2020) User=0.56s Sys=0.03s Real=0.10s
..[6095.652s][info][gc,start       ] GC(2021) Pause Young (Allocation Failure)
[6095.757s][info][gc,heap        ] GC(2021) PSYoungGen: 2589536K(2612224K)->171744K(2610688K) Eden: 2429952K(2429952K)->0K(2430464K) From: 159584K(182272K)->171744K(180224K)
[6095.757s][info][gc,heap        ] GC(2021) ParOldGen: 3268995K(3269120K)->3369323K(3369472K)
[6095.757s][info][gc,metaspace   ] GC(2021) Metaspace: 29105K(29376K)->29105K(29376K) NonClass: 25998K(26112K)->25998K(26112K) Class: 3106K(3264K)->3106K(3264K)
[6095.757s][info][gc             ] GC(2021) Pause Young (Allocation Failure) 5721M->3458M(5840M) 105.030ms
[6095.757s][info][gc,cpu         ] GC(2021) User=0.59s Sys=0.02s Real=0.11s
..[6097.381s][info][gc,start       ] GC(2022) Pause Young (Allocation Failure)
[6097.480s][info][gc,heap        ] GC(2022) PSYoungGen: 2602208K(2610688K)->155616K(2613248K) Eden: 2430464K(2430464K)->0K(2430464K) From: 171744K(180224K)->155616K(182784K)
[6097.480s][info][gc,heap        ] GC(2022) ParOldGen: 3369323K(3369472K)->3475675K(3475968K)
[6097.480s][info][gc,metaspace   ] GC(2022) Metaspace: 29105K(29376K)->29105K(29376K) NonClass: 25998K(26112K)->25998K(26112K) Class: 3106K(3264K)->3106K(3264K)
[6097.481s][info][gc             ] GC(2022) Pause Young (Allocation Failure) 5831M->3546M(5946M) 99.033ms
[6097.481s][info][gc,cpu         ] GC(2022) User=0.55s Sys=0.03s Real=0.10s
.[6099.001s][info][gc,start       ] GC(2023) Pause Young (Allocation Failure)
[6099.095s][info][gc,heap        ] GC(2023) PSYoungGen: 2586080K(2613248K)->145024K(2613248K) Eden: 2430464K(2430464K)->0K(2432000K) From: 155616K(182784K)->145024K(181248K)
[6099.095s][info][gc,heap        ] GC(2023) ParOldGen: 3475675K(3475968K)->3580427K(3580928K)
[6099.095s][info][gc,metaspace   ] GC(2023) Metaspace: 29105K(29376K)->29105K(29376K) NonClass: 25998K(26112K)->25998K(26112K) Class: 3106K(3264K)->3106K(3264K)
[6099.095s][info][gc             ] GC(2023) Pause Young (Allocation Failure) 5919M->3638M(6049M) 94.525ms
[6099.095s][info][gc,cpu         ] GC(2023) User=0.54s Sys=0.03s Real=0.10s
..[6100.646s][info][gc,start       ] GC(2024) Pause Young (Allocation Failure)
[6100.745s][info][gc,heap        ] GC(2024) PSYoungGen: 2577024K(2613248K)->156640K(2588672K) Eden: 2432000K(2432000K)->0K(2432000K) From: 145024K(181248K)->156640K(156672K)
[6100.745s][info][gc,heap        ] GC(2024) ParOldGen: 3580427K(3580928K)->3683691K(3683840K)
[6100.745s][info][gc,metaspace   ] GC(2024) Metaspace: 29105K(29376K)->29105K(29376K) NonClass: 25998K(26112K)->25998K(26112K) Class: 3106K(3264K)->3106K(3264K)
[6100.745s][info][gc             ] GC(2024) Pause Young (Allocation Failure) 6013M->3750M(6125M) 98.229ms
[6100.745s][info][gc,cpu         ] GC(2024) User=0.55s Sys=0.04s Real=0.10s
..[6102.354s][info][gc,start       ] GC(2025) Pause Young (Allocation Failure)
[6102.452s][info][gc,heap        ] GC(2025) PSYoungGen: 2588640K(2588672K)->152448K(2613760K) Eden: 2432000K(2432000K)->0K(2434048K) From: 156640K(156672K)->152448K(179712K)
[6102.452s][info][gc,heap        ] GC(2025) ParOldGen: 3683691K(3683840K)->3788603K(3788800K)
[6102.452s][info][gc,metaspace   ] GC(2025) Metaspace: 29105K(29376K)->29105K(29376K) NonClass: 25998K(26112K)->25998K(26112K) Class: 3106K(3264K)->3106K(3264K)
[6102.452s][info][gc             ] GC(2025) Pause Young (Allocation Failure) 6125M->3848M(6252M) 97.879ms
[6102.452s][info][gc,cpu         ] GC(2025) User=0.56s Sys=0.03s Real=0.10s
.[6104.088s][info][gc,start       ] GC(2026) Pause Young (Allocation Failure)
[6104.190s][info][gc,heap        ] GC(2026) PSYoungGen: 2586496K(2613760K)->163913K(2612736K) Eden: 2434048K(2434048K)->0K(2434048K) From: 152448K(179712K)->163913K(178688K)
[6104.190s][info][gc,heap        ] GC(2026) ParOldGen: 3788603K(3788800K)->3890035K(3890176K)
[6104.190s][info][gc,metaspace   ] GC(2026) Metaspace: 29105K(29376K)->29105K(29376K) NonClass: 25998K(26112K)->25998K(26112K) Class: 3106K(3264K)->3106K(3264K)
[6104.190s][info][gc             ] GC(2026) Pause Young (Allocation Failure) 6225M->3958M(6350M) 102.767ms
[6104.190s][info][gc,cpu         ] GC(2026) User=0.58s Sys=0.02s Real=0.10s
..[6105.813s][info][gc,start       ] GC(2027) Pause Young (Allocation Failure)
[6105.919s][info][gc,heap        ] GC(2027) PSYoungGen: 2597961K(2612736K)->169306K(2613248K) Eden: 2434048K(2434048K)->0K(2434560K) From: 163913K(178688K)->169306K(178688K)
[6105.919s][info][gc,heap        ] GC(2027) ParOldGen: 3890035K(3890176K)->3995547K(3995648K)
[6105.919s][info][gc,metaspace   ] GC(2027) Metaspace: 29105K(29376K)->29105K(29376K) NonClass: 25998K(26112K)->25998K(26112K) Class: 3106K(3264K)->3106K(3264K)
[6105.920s][info][gc             ] GC(2027) Pause Young (Allocation Failure) 6335M->4067M(6454M) 106.289ms
[6105.920s][info][gc,cpu         ] GC(2027) User=0.60s Sys=0.02s Real=0.10s
..[6107.499s][info][gc,start       ] GC(2028) Pause Young (Allocation Failure)
[6107.599s][info][gc,heap        ] GC(2028) PSYoungGen: 2603866K(2613248K)->158608K(2615296K) Eden: 2434560K(2434560K)->0K(2434560K) From: 169306K(178688K)->158608K(180736K)
[6107.599s][info][gc,heap        ] GC(2028) ParOldGen: 3995547K(3995648K)->4099779K(4100096K)
[6107.599s][info][gc,metaspace   ] GC(2028) Metaspace: 29105K(29376K)->29105K(29376K) NonClass: 25998K(26112K)->25998K(26112K) Class: 3106K(3264K)->3106K(3264K)
[6107.599s][info][gc             ] GC(2028) Pause Young (Allocation Failure) 6444M->4158M(6558M) 99.984ms
[6107.599s][info][gc,cpu         ] GC(2028) User=0.56s Sys=0.03s Real=0.10s
.[6109.176s][info][gc,start       ] GC(2029) Pause Young (Allocation Failure)
[6109.276s][info][gc,heap        ] GC(2029) PSYoungGen: 2593168K(2615296K)->157013K(2612224K) Eden: 2434560K(2434560K)->0K(2436608K) From: 158608K(180736K)->157013K(175616K)
[6109.276s][info][gc,heap        ] GC(2029) ParOldGen: 4099779K(4100096K)->4204827K(4205056K)
[6109.276s][info][gc,metaspace   ] GC(2029) Metaspace: 29105K(29376K)->29105K(29376K) NonClass: 25998K(26112K)->25998K(26112K) Class: 3106K(3264K)->3106K(3264K)
[6109.276s][info][gc             ] GC(2029) Pause Young (Allocation Failure) 6536M->4259M(6657M) 100.158ms
[6109.276s][info][gc,cpu         ] GC(2029) User=0.56s Sys=0.04s Real=0.10s
..[6110.870s][info][gc,start       ] GC(2030) Pause Young (Allocation Failure)
[6110.972s][info][gc,heap        ] GC(2030) PSYoungGen: 2593621K(2612224K)->168256K(2613760K) Eden: 2436608K(2436608K)->0K(2436608K) From: 157013K(175616K)->168256K(177152K)
[6110.972s][info][gc,heap        ] GC(2030) ParOldGen: 4204827K(4205056K)->4306715K(4306944K)
[6110.972s][info][gc,metaspace   ] GC(2030) Metaspace: 29105K(29376K)->29105K(29376K) NonClass: 25998K(26112K)->25998K(26112K) Class: 3106K(3264K)->3106K(3264K)
[6110.972s][info][gc             ] GC(2030) Pause Young (Allocation Failure) 6639M->4370M(6758M) 102.289ms
[6110.972s][info][gc,cpu         ] GC(2030) User=0.58s Sys=0.02s Real=0.11s
..[6112.436s][info][gc,start       ] GC(2031) Pause Young (Allocation Failure)
[6112.537s][info][gc,heap        ] GC(2031) PSYoungGen: 2604864K(2613760K)->152064K(2617856K) Eden: 2436608K(2436608K)->0K(2439168K) From: 168256K(177152K)->152064K(178688K)
[6112.537s][info][gc,heap        ] GC(2031) ParOldGen: 4306715K(4306944K)->4416043K(4416512K)
[6112.537s][info][gc,metaspace   ] GC(2031) Metaspace: 29105K(29376K)->29105K(29376K) NonClass: 25998K(26112K)->25998K(26112K) Class: 3106K(3264K)->3106K(3264K)
[6112.537s][info][gc             ] GC(2031) Pause Young (Allocation Failure) 6749M->4461M(6869M) 100.810ms
[6112.537s][info][gc,cpu         ] GC(2031) User=0.56s Sys=0.04s Real=0.10s
.[6114.155s][info][gc,start       ] GC(2032) Pause Young (Allocation Failure)
[6114.254s][info][gc,heap        ] GC(2032) PSYoungGen: 2591232K(2617856K)->152437K(2591744K) Eden: 2439168K(2439168K)->0K(2439168K) From: 152064K(178688K)->152437K(152576K)
[6114.254s][info][gc,heap        ] GC(2032) ParOldGen: 4416043K(4416512K)->4516771K(4516864K)
[6114.254s][info][gc,metaspace   ] GC(2032) Metaspace: 29105K(29376K)->29105K(29376K) NonClass: 25998K(26112K)->25998K(26112K) Class: 3106K(3264K)->3106K(3264K)
[6114.254s][info][gc             ] GC(2032) Pause Young (Allocation Failure) 6843M->4559M(6942M) 99.051ms
[6114.254s][info][gc,cpu         ] GC(2032) User=0.55s Sys=0.03s Real=0.10s
..[6115.866s][info][gc,start       ] GC(2033) Pause Young (Allocation Failure)
[6115.968s][info][gc,heap        ] GC(2033) PSYoungGen: 2591605K(2591744K)->161728K(2617344K) Eden: 2439168K(2439168K)->0K(2439680K) From: 152437K(152576K)->161728K(177664K)
[6115.968s][info][gc,heap        ] GC(2033) ParOldGen: 4516771K(4516864K)->4620931K(4621312K)
[6115.968s][info][gc,metaspace   ] GC(2033) Metaspace: 29105K(29376K)->29105K(29376K) NonClass: 25998K(26112K)->25998K(26112K) Class: 3106K(3264K)->3106K(3264K)
[6115.968s][info][gc             ] GC(2033) Pause Young (Allocation Failure) 6941M->4670M(7069M) 102.200ms
[6115.968s][info][gc,cpu         ] GC(2033) User=0.58s Sys=0.03s Real=0.10s
..[6117.640s][info][gc,start       ] GC(2034) Pause Young (Allocation Failure)
[6117.740s][info][gc,heap        ] GC(2034) PSYoungGen: 2601408K(2617344K)->156960K(2616832K) Eden: 2439680K(2439680K)->0K(2439680K) From: 161728K(177664K)->156960K(177152K)
[6117.740s][info][gc,heap        ] GC(2034) ParOldGen: 4620931K(4621312K)->4724363K(4724736K)
[6117.740s][info][gc,metaspace   ] GC(2034) Metaspace: 29105K(29376K)->29105K(29376K) NonClass: 25998K(26112K)->25998K(26112K) Class: 3106K(3264K)->3106K(3264K)
[6117.740s][info][gc             ] GC(2034) Pause Young (Allocation Failure) 7053M->4766M(7169M) 100.068ms
[6117.740s][info][gc,cpu         ] GC(2034) User=0.56s Sys=0.03s Real=0.10s
.[6119.243s][info][gc,start       ] GC(2035) Pause Young (Allocation Failure)
[6119.343s][info][gc,heap        ] GC(2035) PSYoungGen: 2596640K(2616832K)->154485K(2617856K) Eden: 2439680K(2439680K)->0K(2442240K) From: 156960K(177152K)->154485K(175616K)
[6119.343s][info][gc,heap        ] GC(2035) ParOldGen: 4724363K(4724736K)->4830195K(4830208K)
[6119.343s][info][gc,metaspace   ] GC(2035) Metaspace: 29105K(29376K)->29105K(29376K) NonClass: 25998K(26112K)->25998K(26112K) Class: 3106K(3264K)->3106K(3264K)
[6119.343s][info][gc             ] GC(2035) Pause Young (Allocation Failure) 7149M->4867M(7273M) 100.340ms
[6119.343s][info][gc,cpu         ] GC(2035) User=0.56s Sys=0.03s Real=0.10s
..[6120.978s][info][gc,start       ] GC(2036) Pause Young (Allocation Failure)
[6121.079s][info][gc,heap        ] GC(2036) PSYoungGen: 2596725K(2617856K)->159156K(2616832K) Eden: 2442240K(2442240K)->0K(2442240K) From: 154485K(175616K)->159156K(174592K)
[6121.079s][info][gc,heap        ] GC(2036) ParOldGen: 4830195K(4830208K)->4929987K(4930048K)
[6121.079s][info][gc,metaspace   ] GC(2036) Metaspace: 29105K(29376K)->29105K(29376K) NonClass: 25998K(26112K)->25998K(26112K) Class: 3106K(3264K)->3106K(3264K)
[6121.079s][info][gc             ] GC(2036) Pause Young (Allocation Failure) 7252M->4969M(7370M) 100.714ms
[6121.079s][info][gc,cpu         ] GC(2036) User=0.56s Sys=0.03s Real=0.10s
..[6122.582s][info][gc,start       ] GC(2037) Pause Young (Allocation Failure)
[6122.686s][info][gc,heap        ] GC(2037) PSYoungGen: 2601396K(2616832K)->158916K(2619904K) Eden: 2442240K(2442240K)->0K(2446848K) From: 159156K(174592K)->158916K(173056K)
[6122.686s][info][gc,heap        ] GC(2037) ParOldGen: 4929987K(4930048K)->5041059K(5041152K)
[6122.686s][info][gc,metaspace   ] GC(2037) Metaspace: 29105K(29376K)->29105K(29376K) NonClass: 25998K(26112K)->25998K(26112K) Class: 3106K(3264K)->3106K(3264K)
[6122.686s][info][gc             ] GC(2037) Pause Young (Allocation Failure) 7354M->5078M(7481M) 104.353ms
[6122.686s][info][gc,cpu         ] GC(2037) User=0.58s Sys=0.03s Real=0.11s
.[6124.294s][info][gc,start       ] GC(2038) Pause Young (Allocation Failure)
[6124.392s][info][gc,heap        ] GC(2038) PSYoungGen: 2605764K(2619904K)->158208K(2618880K) Eden: 2446848K(2446848K)->0K(2446848K) From: 158916K(173056K)->158208K(172032K)
[6124.392s][info][gc,heap        ] GC(2038) ParOldGen: 5041059K(5041152K)->5140323K(5140480K)
[6124.392s][info][gc,metaspace   ] GC(2038) Metaspace: 29105K(29376K)->29105K(29376K) NonClass: 25998K(26112K)->25998K(26112K) Class: 3106K(3264K)->3106K(3264K)
[6124.392s][info][gc             ] GC(2038) Pause Young (Allocation Failure) 7467M->5174M(7577M) 98.326ms
[6124.392s][info][gc,cpu         ] GC(2038) User=0.54s Sys=0.03s Real=0.10s
..[6125.965s][info][gc,start       ] GC(2039) Pause Young (Allocation Failure)
[6126.061s][info][gc,heap        ] GC(2039) PSYoungGen: 2605056K(2618880K)->143968K(2619904K) Eden: 2446848K(2446848K)->0K(2449408K) From: 158208K(172032K)->143968K(170496K)
[6126.061s][info][gc,heap        ] GC(2039) ParOldGen: 5140323K(5140480K)->5246563K(5246976K)
[6126.061s][info][gc,metaspace   ] GC(2039) Metaspace: 29105K(29376K)->29105K(29376K) NonClass: 25998K(26112K)->25998K(26112K) Class: 3106K(3264K)->3106K(3264K)
[6126.061s][info][gc             ] GC(2039) Pause Young (Allocation Failure) 7563M->5264M(7682M) 96.068ms
[6126.061s][info][gc,cpu         ] GC(2039) User=0.53s Sys=0.05s Real=0.09s
..[6127.674s][info][gc,start       ] GC(2040) Pause Young (Allocation Failure)
[6127.778s][info][gc,heap        ] GC(2040) PSYoungGen: 2593376K(2619904K)->171749K(2621440K) Eden: 2449408K(2449408K)->0K(2449408K) From: 143968K(170496K)->171749K(172032K)
[6127.778s][info][gc,heap        ] GC(2040) ParOldGen: 5246563K(5246976K)->5348387K(5348864K)
[6127.778s][info][gc,metaspace   ] GC(2040) Metaspace: 29105K(29376K)->29105K(29376K) NonClass: 25998K(26112K)->25998K(26112K) Class: 3106K(3264K)->3106K(3264K)
[6127.778s][info][gc             ] GC(2040) Pause Young (Allocation Failure) 7656M->5390M(7783M) 104.725ms
[6127.778s][info][gc,cpu         ] GC(2040) User=0.59s Sys=0.03s Real=0.10s
.[6129.422s][info][gc,start       ] GC(2041) Pause Young (Allocation Failure)
[6129.523s][info][gc,heap        ] GC(2041) PSYoungGen: 2621157K(2621440K)->161104K(2620416K) Eden: 2449408K(2449408K)->0K(2445824K) From: 171749K(172032K)->161104K(174592K)
[6129.523s][info][gc,heap        ] GC(2041) ParOldGen: 5348387K(5348864K)->5453139K(5453312K)
[6129.523s][info][gc,metaspace   ] GC(2041) Metaspace: 29105K(29376K)->29105K(29376K) NonClass: 25998K(26112K)->25998K(26112K) Class: 3106K(3264K)->3106K(3264K)
[6129.523s][info][gc             ] GC(2041) Pause Young (Allocation Failure) 7782M->5482M(7884M) 101.341ms
[6129.523s][info][gc,cpu         ] GC(2041) User=0.57s Sys=0.03s Real=0.10s
..[6131.146s][info][gc,start       ] GC(2042) Pause Young (Allocation Failure)
[6131.242s][info][gc,heap        ] GC(2042) PSYoungGen: 2606928K(2620416K)->142880K(2589184K) Eden: 2445824K(2445824K)->0K(2445824K) From: 161104K(174592K)->142880K(143360K)
[6131.242s][info][gc,heap        ] GC(2042) ParOldGen: 5453139K(5453312K)->5559707K(5559808K)
[6131.242s][info][gc,metaspace   ] GC(2042) Metaspace: 29105K(29376K)->29105K(29376K) NonClass: 25998K(26112K)->25998K(26112K) Class: 3106K(3264K)->3106K(3264K)
[6131.242s][info][gc             ] GC(2042) Pause Young (Allocation Failure) 7871M->5568M(7958M) 96.357ms
[6131.242s][info][gc,cpu         ] GC(2042) User=0.53s Sys=0.04s Real=0.10s
..[6132.954s][info][gc,start       ] GC(2043) Pause Full (Allocation Failure)
[6132.954s][info][gc,phases,start] GC(2043) Marking Phase
[6133.269s][info][gc,phases      ] GC(2043) Marking Phase 314.984ms
[6133.269s][info][gc,phases,start] GC(2043) Summary Phase
[6133.269s][info][gc,phases      ] GC(2043) Summary Phase 0.096ms
[6133.269s][info][gc,phases,start] GC(2043) Forward
[6133.400s][info][gc,phases      ] GC(2043) Forward 130.465ms
[6133.400s][info][gc,phases,start] GC(2043) Adjust Pointers
[6133.613s][info][gc,phases      ] GC(2043) Adjust Pointers 213.135ms
[6133.613s][info][gc,phases,start] GC(2043) Compaction Phase
[6133.762s][info][gc,phases      ] GC(2043) Compaction Phase 148.580ms
[6133.763s][info][gc,phases,start] GC(2043) Post Compact
[6133.770s][info][gc,phases      ] GC(2043) Post Compact 6.959ms
[6133.891s][info][gc,heap        ] GC(2043) PSYoungGen: 2588704K(2589184K)->0K(2619904K) Eden: 2445824K(2445824K)->0K(2443776K) From: 142880K(143360K)->0K(176128K)
[6133.891s][info][gc,heap        ] GC(2043) ParOldGen: 5559707K(5559808K)->1627291K(2079232K)
[6133.891s][info][gc,metaspace   ] GC(2043) Metaspace: 29105K(29376K)->29105K(29376K) NonClass: 25998K(26112K)->25998K(26112K) Class: 3106K(3264K)->3106K(3264K)
[6133.891s][info][gc             ] GC(2043) Pause Full (Allocation Failure) 7957M->1589M(4589M) 937.017ms
[6133.891s][info][gc,cpu         ] GC(2043) User=4.40s Sys=0.12s Real=0.93s
..[6135.256s][info][gc,start       ] GC(2044) Pause Young (Allocation Failure)
[6135.320s][info][gc,heap        ] GC(2044) PSYoungGen: 2443776K(2619904K)->155280K(2599424K) Eden: 2443776K(2443776K)->0K(2443776K) From: 0K(176128K)->155280K(155648K)
[6135.320s][info][gc,heap        ] GC(2044) ParOldGen: 1627291K(2079232K)->1627291K(2079232K)
[6135.320s][info][gc,metaspace   ] GC(2044) Metaspace: 29105K(29376K)->29105K(29376K) NonClass: 25998K(26112K)->25998K(26112K) Class: 3106K(3264K)->3106K(3264K)
[6135.320s][info][gc             ] GC(2044) Pause Young (Allocation Failure) 3975M->1740M(4569M) 63.528ms
[6135.320s][info][gc,cpu         ] GC(2044) User=0.38s Sys=0.00s Real=0.06s
.[6136.632s][info][gc,start       ] GC(2045) Pause Young (Allocation Failure)
[6136.733s][info][gc,heap        ] GC(2045) PSYoungGen: 2599056K(2599424K)->172384K(2613248K) Eden: 2443776K(2443776K)->0K(2438656K) From: 155280K(155648K)->172384K(174592K)
[6136.733s][info][gc,heap        ] GC(2045) ParOldGen: 1627291K(2079232K)->1735107K(2079232K)
[6136.733s][info][gc,metaspace   ] GC(2045) Metaspace: 29105K(29376K)->29105K(29376K) NonClass: 25998K(26112K)->25998K(26112K) Class: 3106K(3264K)->3106K(3264K)
[6136.733s][info][gc             ] GC(2045) Pause Young (Allocation Failure) 4127M->1862M(4582M) 101.160ms
[6136.733s][info][gc,cpu         ] GC(2045) User=0.59s Sys=0.00s Real=0.10s
. (rIR:aIR:PR = 10101:10004:10002) (tPR = 149006) [OK] 
  6137s: Performance info:
         Transaction,    Success,    Partial,     Failed,   Receipts, AvgBarcode, 
             Overall,     612712,          0,          0,     581521,      59.47, 
         Response times:
             Request,    Success,    Partial,     Failed,   SkipFail,     Probes,    Samples,      min,      p50,      p90,      p95,      p99,      max, 
       TotalPurchase,     581952,          0,          0,          0,     345425,     417863,      300,     8600,    88000,   197000,   564000,   970000,
     InStorePurchase,     306182,          0,          0,          0,     181467,     219347,      300,     8400,    88000,   197000,   555000,   970000,
      OnlinePurchase,     214793,          0,          0,          0,     127180,     154051,      300,     8900,    91000,   238000,   564000,   970000,
        InstPurchase,      60977,          0,          0,          0,      36778,      44465,      300,     8500,    78000,   130000,   660000,   970000,
          AssocOfCat,        617,          0,          0,          0,        527,        710,    23000,    52000,   140900,   179000,   550120,  1100000,
      AssocOfProduct,       6247,          0,          0,          0,       3280,       4166,      600,    10550,   100000,   286000,   660000,   850000,
      BusinessReport,       1541,          0,          0,          0,       1314,       1714,    29000,    63000,   170000,   362250,   720000,  1200000,
          CustBuyBeh,       6297,          0,          0,          0,       3294,       4178,      200,     8200,    88000,   235300,   552000,   740000,
       ProductReturn,      16306,          0,          0,          0,       9362,      11502,      200,     7800,    85000,   235000,   558000,   970000,

  6137s: (74%)   IR =  10239 .[6138.344s][info][gc,start       ] GC(2046) Pause Young (Allocation Failure)
[6138.442s][info][gc,heap        ] GC(2046) PSYoungGen: 2611040K(2613248K)->163348K(2617344K) Eden: 2438656K(2438656K)->0K(2438656K) From: 172384K(174592K)->163348K(178688K)
[6138.442s][info][gc,heap        ] GC(2046) ParOldGen: 1735107K(2079232K)->1841651K(2079232K)
[6138.442s][info][gc,metaspace   ] GC(2046) Metaspace: 29105K(29376K)->29105K(29376K) NonClass: 25998K(26112K)->25998K(26112K) Class: 3106K(3264K)->3106K(3264K)
[6138.442s][info][gc             ] GC(2046) Pause Young (Allocation Failure) 4244M->1958M(4586M) 97.592ms
[6138.442s][info][gc,cpu         ] GC(2046) User=0.58s Sys=0.00s Real=0.10s
.[6140.013s][info][gc,start       ] GC(2047) Pause Young (Allocation Failure)
[6140.112s][info][gc,heap        ] GC(2047) PSYoungGen: 2602004K(2617344K)->161205K(2614272K) Eden: 2438656K(2438656K)->0K(2438656K) From: 163348K(178688K)->161205K(175616K)
[6140.112s][info][gc,heap        ] GC(2047) ParOldGen: 1841651K(2079232K)->1946803K(2079232K)
[6140.112s][info][gc,metaspace   ] GC(2047) Metaspace: 29105K(29376K)->29105K(29376K) NonClass: 25998K(26112K)->25998K(26112K) Class: 3106K(3264K)->3106K(3264K)
[6140.112s][info][gc             ] GC(2047) Pause Young (Allocation Failure) 4339M->2058M(4583M) 99.188ms
[6140.112s][info][gc,cpu         ] GC(2047) User=0.58s Sys=0.00s Real=0.10s
..[6141.569s][info][gc,start       ] GC(2048) Pause Young (Allocation Failure)
[6141.666s][info][gc,heap        ] GC(2048) PSYoungGen: 2599861K(2614272K)->167465K(2615808K) Eden: 2438656K(2438656K)->0K(2438656K) From: 161205K(175616K)->167465K(177152K)
[6141.666s][info][gc,heap        ] GC(2048) ParOldGen: 1946803K(2079232K)->2048915K(2079232K)
[6141.666s][info][gc,metaspace   ] GC(2048) Metaspace: 29105K(29376K)->29105K(29376K) NonClass: 25998K(26112K)->25998K(26112K) Class: 3106K(3264K)->3106K(3264K)
[6141.666s][info][gc             ] GC(2048) Pause Young (Allocation Failure) 4440M->2164M(4585M) 97.205ms
[6141.666s][info][gc,cpu         ] GC(2048) User=0.58s Sys=0.00s Real=0.10s
.[6143.257s][info][gc,start       ] GC(2049) Pause Young (Allocation Failure)
[6143.358s][info][gc,heap        ] GC(2049) PSYoungGen: 2606121K(2615808K)->163429K(2617856K) Eden: 2438656K(2438656K)->0K(2439168K) From: 167465K(177152K)->163429K(178688K)
[6143.358s][info][gc,heap        ] GC(2049) ParOldGen: 2048915K(2079232K)->2155043K(2155520K)
[6143.358s][info][gc,metaspace   ] GC(2049) Metaspace: 29105K(29376K)->29105K(29376K) NonClass: 25998K(26112K)->25998K(26112K) Class: 3106K(3264K)->3106K(3264K)
[6143.358s][info][gc             ] GC(2049) Pause Young (Allocation Failure) 4545M->2264M(4661M) 101.500ms
[6143.358s][info][gc,cpu         ] GC(2049) User=0.58s Sys=0.02s Real=0.10s
..[6144.967s][info][gc,start       ] GC(2050) Pause Young (Allocation Failure)
[6145.063s][info][gc,heap        ] GC(2050) PSYoungGen: 2602597K(2617856K)->148384K(2617344K) Eden: 2439168K(2439168K)->0K(2439168K) From: 163429K(178688K)->148384K(178176K)
[6145.063s][info][gc,heap        ] GC(2050) ParOldGen: 2155043K(2155520K)->2258811K(2258944K)
[6145.063s][info][gc,metaspace   ] GC(2050) Metaspace: 29105K(29376K)->29105K(29376K) NonClass: 25998K(26112K)->25998K(26112K) Class: 3106K(3264K)->3106K(3264K)
[6145.063s][info][gc             ] GC(2050) Pause Young (Allocation Failure) 4646M->2350M(4762M) 95.947ms
[6145.063s][info][gc,cpu         ] GC(2050) User=0.54s Sys=0.03s Real=0.10s
..[6146.668s][info][gc,start       ] GC(2051) Pause Young (Allocation Failure)
[6146.769s][info][gc,heap        ] GC(2051) PSYoungGen: 2587552K(2617344K)->163477K(2617344K) Eden: 2439168K(2439168K)->0K(2439168K) From: 148384K(178176K)->163477K(178176K)
[6146.770s][info][gc,heap        ] GC(2051) ParOldGen: 2258811K(2258944K)->2364243K(2364416K)
[6146.770s][info][gc,metaspace   ] GC(2051) Metaspace: 29105K(29376K)->29105K(29376K) NonClass: 25998K(26112K)->25998K(26112K) Class: 3106K(3264K)->3106K(3264K)
[6146.770s][info][gc             ] GC(2051) Pause Young (Allocation Failure) 4732M->2468M(4865M) 101.824ms
[6146.770s][info][gc,cpu         ] GC(2051) User=0.57s Sys=0.02s Real=0.10s
.|[6148.327s][info][gc,start       ] GC(2052) Pause Young (Allocation Failure)
[6148.427s][info][gc,heap        ] GC(2052) PSYoungGen: 2602645K(2617344K)->159765K(2599424K) Eden: 2439168K(2439168K)->0K(2439168K) From: 163477K(178176K)->159765K(160256K)
[6148.427s][info][gc,heap        ] GC(2052) ParOldGen: 2364243K(2364416K)->2467755K(2467840K)
[6148.427s][info][gc,metaspace   ] GC(2052) Metaspace: 29105K(29376K)->29105K(29376K) NonClass: 25998K(26112K)->25998K(26112K) Class: 3106K(3264K)->3106K(3264K)
[6148.427s][info][gc             ] GC(2052) Pause Young (Allocation Failure) 4850M->2565M(4948M) 99.624ms
[6148.427s][info][gc,cpu         ] GC(2052) User=0.56s Sys=0.04s Real=0.10s
..[6150.043s][info][gc,start       ] GC(2053) Pause Young (Allocation Failure)
[6150.139s][info][gc,heap        ] GC(2053) PSYoungGen: 2598933K(2599424K)->153216K(2616320K) Eden: 2439168K(2439168K)->0K(2440192K) From: 159765K(160256K)->153216K(176128K)
[6150.139s][info][gc,heap        ] GC(2053) ParOldGen: 2467755K(2467840K)->2570363K(2570752K)
[6150.139s][info][gc,metaspace   ] GC(2053) Metaspace: 29105K(29376K)->29105K(29376K) NonClass: 25998K(26112K)->25998K(26112K) Class: 3106K(3264K)->3106K(3264K)
[6150.139s][info][gc             ] GC(2053) Pause Young (Allocation Failure) 4947M->2659M(5065M) 96.038ms
[6150.139s][info][gc,cpu         ] GC(2053) User=0.53s Sys=0.03s Real=0.09s
..[6151.609s][info][gc,start       ] GC(2054) Pause Young (Allocation Failure)
[6151.708s][info][gc,heap        ] GC(2054) PSYoungGen: 2593408K(2616320K)->160288K(2615808K) Eden: 2440192K(2440192K)->0K(2440192K) From: 153216K(176128K)->160288K(175616K)
[6151.708s][info][gc,heap        ] GC(2054) ParOldGen: 2570363K(2570752K)->2676219K(2676224K)
[6151.708s][info][gc,metaspace   ] GC(2054) Metaspace: 29105K(29376K)->29105K(29376K) NonClass: 25998K(26112K)->25998K(26112K) Class: 3106K(3264K)->3106K(3264K)
[6151.708s][info][gc             ] GC(2054) Pause Young (Allocation Failure) 5042M->2770M(5168M) 98.472ms
[6151.708s][info][gc,cpu         ] GC(2054) User=0.56s Sys=0.02s Real=0.10s
.[6153.356s][info][gc,start       ] GC(2055) Pause Young (Allocation Failure)
[6153.458s][info][gc,heap        ] GC(2055) PSYoungGen: 2600480K(2615808K)->168149K(2616832K) Eden: 2440192K(2440192K)->0K(2442240K) From: 160288K(175616K)->168149K(174592K)
[6153.458s][info][gc,heap        ] GC(2055) ParOldGen: 2676219K(2676224K)->2779723K(2780160K)
[6153.458s][info][gc,metaspace   ] GC(2055) Metaspace: 29105K(29376K)->29105K(29376K) NonClass: 25998K(26112K)->25998K(26112K) Class: 3106K(3264K)->3106K(3264K)
[6153.458s][info][gc             ] GC(2055) Pause Young (Allocation Failure) 5153M->2878M(5270M) 101.952ms
[6153.458s][info][gc,cpu         ] GC(2055) User=0.58s Sys=0.02s Real=0.10s
..[6154.961s][info][gc,start       ] GC(2056) Pause Young (Allocation Failure)
[6155.057s][info][gc,heap        ] GC(2056) PSYoungGen: 2610389K(2616832K)->149280K(2618880K) Eden: 2442240K(2442240K)->0K(2442240K) From: 168149K(174592K)->149280K(176640K)
[6155.057s][info][gc,heap        ] GC(2056) ParOldGen: 2779723K(2780160K)->2886123K(2886144K)
[6155.057s][info][gc,metaspace   ] GC(2056) Metaspace: 29105K(29376K)->29105K(29376K) NonClass: 25998K(26112K)->25998K(26112K) Class: 3106K(3264K)->3106K(3264K)
[6155.057s][info][gc             ] GC(2056) Pause Young (Allocation Failure) 5263M->2964M(5376M) 96.114ms
[6155.057s][info][gc,cpu         ] GC(2056) User=0.54s Sys=0.03s Real=0.10s
..[6156.563s][info][gc,start       ] GC(2057) Pause Young (Allocation Failure)
[6156.663s][info][gc,heap        ] GC(2057) PSYoungGen: 2591520K(2618880K)->162869K(2618368K) Eden: 2442240K(2442240K)->0K(2442752K) From: 149280K(176640K)->162869K(175616K)
[6156.663s][info][gc,heap        ] GC(2057) ParOldGen: 2886123K(2886144K)->2989763K(2990080K)
[6156.663s][info][gc,metaspace   ] GC(2057) Metaspace: 29105K(29376K)->29105K(29376K) NonClass: 25998K(26112K)->25998K(26112K) Class: 3106K(3264K)->3106K(3264K)
[6156.663s][info][gc             ] GC(2057) Pause Young (Allocation Failure) 5349M->3078M(5477M) 100.295ms
[6156.664s][info][gc,cpu         ] GC(2057) User=0.57s Sys=0.03s Real=0.10s
.[6158.209s][info][gc,start       ] GC(2058) Pause Young (Allocation Failure)
[6158.308s][info][gc,heap        ] GC(2058) PSYoungGen: 2605621K(2618368K)->158016K(2618880K) Eden: 2442752K(2442752K)->0K(2442752K) From: 162869K(175616K)->158016K(176128K)
[6158.308s][info][gc,heap        ] GC(2058) ParOldGen: 2989763K(2990080K)->3093835K(3094016K)
[6158.308s][info][gc,metaspace   ] GC(2058) Metaspace: 29105K(29376K)->29105K(29376K) NonClass: 25998K(26112K)->25998K(26112K) Class: 3106K(3264K)->3106K(3264K)
[6158.308s][info][gc             ] GC(2058) Pause Young (Allocation Failure) 5464M->3175M(5579M) 98.954ms
[6158.308s][info][gc,cpu         ] GC(2058) User=0.55s Sys=0.03s Real=0.10s
..[6159.888s][info][gc,start       ] GC(2059) Pause Young (Allocation Failure)
[6159.990s][info][gc,heap        ] GC(2059) PSYoungGen: 2600768K(2618880K)->165520K(2618880K) Eden: 2442752K(2442752K)->0K(2443776K) From: 158016K(176128K)->165520K(175104K)
[6159.990s][info][gc,heap        ] GC(2059) ParOldGen: 3093835K(3094016K)->3199475K(3199488K)
[6159.990s][info][gc,metaspace   ] GC(2059) Metaspace: 29105K(29376K)->29105K(29376K) NonClass: 25998K(26112K)->25998K(26112K) Class: 3106K(3264K)->3106K(3264K)
[6159.990s][info][gc             ] GC(2059) Pause Young (Allocation Failure) 5561M->3286M(5682M) 102.172ms
[6159.990s][info][gc,cpu         ] GC(2059) User=0.58s Sys=0.03s Real=0.10s
..[6161.602s][info][gc,start       ] GC(2060) Pause Young (Allocation Failure)
[6161.705s][info][gc,heap        ] GC(2060) PSYoungGen: 2609296K(2618880K)->165311K(2619392K) Eden: 2443776K(2443776K)->0K(2443776K) From: 165520K(175104K)->165311K(175616K)
[6161.705s][info][gc,heap        ] GC(2060) ParOldGen: 3199475K(3199488K)->3303691K(3303936K)
[6161.705s][info][gc,metaspace   ] GC(2060) Metaspace: 29105K(29376K)->29105K(29376K) NonClass: 25998K(26112K)->25998K(26112K) Class: 3106K(3264K)->3106K(3264K)
[6161.705s][info][gc             ] GC(2060) Pause Young (Allocation Failure) 5672M->3387M(5784M) 102.791ms
[6161.705s][info][gc,cpu         ] GC(2060) User=0.58s Sys=0.03s Real=0.10s
.[6163.251s][info][gc,start       ] GC(2061) Pause Young (Allocation Failure)
[6163.351s][info][gc,heap        ] GC(2061) PSYoungGen: 2609087K(2619392K)->159936K(2617856K) Eden: 2443776K(2443776K)->0K(2444288K) From: 165311K(175616K)->159936K(173568K)
[6163.351s][info][gc,heap        ] GC(2061) ParOldGen: 3303691K(3303936K)->3406331K(3406336K)
[6163.351s][info][gc,metaspace   ] GC(2061) Metaspace: 29105K(29376K)->29105K(29376K) NonClass: 25998K(26112K)->25998K(26112K) Class: 3106K(3264K)->3106K(3264K)
[6163.351s][info][gc             ] GC(2061) Pause Young (Allocation Failure) 5774M->3482M(5883M) 99.852ms
[6163.351s][info][gc,cpu         ] GC(2061) User=0.56s Sys=0.03s Real=0.10s
..[6164.964s][info][gc,start       ] GC(2062) Pause Young (Allocation Failure)
[6165.067s][info][gc,heap        ] GC(2062) PSYoungGen: 2604224K(2617856K)->160530K(2618880K) Eden: 2444288K(2444288K)->0K(2444288K) From: 159936K(173568K)->160530K(174592K)
[6165.067s][info][gc,heap        ] GC(2062) ParOldGen: 3406331K(3406336K)->3510099K(3510272K)
[6165.067s][info][gc,metaspace   ] GC(2062) Metaspace: 29105K(29376K)->29105K(29376K) NonClass: 25998K(26112K)->25998K(26112K) Class: 3106K(3264K)->3106K(3264K)
[6165.067s][info][gc             ] GC(2062) Pause Young (Allocation Failure) 5869M->3584M(5985M) 102.338ms
[6165.067s][info][gc,cpu         ] GC(2062) User=0.58s Sys=0.03s Real=0.10s
..[6166.728s][info][gc,start       ] GC(2063) Pause Young (Allocation Failure)
[6166.832s][info][gc,heap        ] GC(2063) PSYoungGen: 2604818K(2618880K)->167666K(2620416K) Eden: 2444288K(2444288K)->0K(2446848K) From: 160530K(174592K)->167666K(173568K)
[6166.832s][info][gc,heap        ] GC(2063) ParOldGen: 3510099K(3510272K)->3613571K(3613696K)
[6166.832s][info][gc,metaspace   ] GC(2063) Metaspace: 29105K(29376K)->29105K(29376K) NonClass: 25998K(26112K)->25998K(26112K) Class: 3106K(3264K)->3106K(3264K)
[6166.832s][info][gc             ] GC(2063) Pause Young (Allocation Failure) 5971M->3692M(6088M) 104.084ms
[6166.832s][info][gc,cpu         ] GC(2063) User=0.60s Sys=0.02s Real=0.11s
.[6168.420s][info][gc,start       ] GC(2064) Pause Young (Allocation Failure)
[6168.518s][info][gc,heap        ] GC(2064) PSYoungGen: 2614514K(2620416K)->154016K(2621440K) Eden: 2446848K(2446848K)->0K(2446848K) From: 167666K(173568K)->154016K(174592K)
[6168.518s][info][gc,heap        ] GC(2064) ParOldGen: 3613571K(3613696K)->3721771K(3722240K)
[6168.518s][info][gc,metaspace   ] GC(2064) Metaspace: 29105K(29376K)->29105K(29376K) NonClass: 25998K(26112K)->25998K(26112K) Class: 3106K(3264K)->3106K(3264K)
[6168.518s][info][gc             ] GC(2064) Pause Young (Allocation Failure) 6082M->3784M(6195M) 98.660ms
[6168.518s][info][gc,cpu         ] GC(2064) User=0.55s Sys=0.03s Real=0.10s
..[6170.077s][info][gc,start       ] GC(2065) Pause Young (Allocation Failure)
[6170.174s][info][gc,heap        ] GC(2065) PSYoungGen: 2600864K(2621440K)->152320K(2621440K) Eden: 2446848K(2446848K)->0K(2446848K) From: 154016K(174592K)->152320K(174592K)
[6170.174s][info][gc,heap        ] GC(2065) ParOldGen: 3721771K(3722240K)->3824643K(3825152K)
[6170.174s][info][gc,metaspace   ] GC(2065) Metaspace: 29105K(29376K)->29105K(29376K) NonClass: 25998K(26112K)->25998K(26112K) Class: 3106K(3264K)->3106K(3264K)
[6170.174s][info][gc             ] GC(2065) Pause Young (Allocation Failure) 6174M->3883M(6295M) 97.559ms
[6170.174s][info][gc,cpu         ] GC(2065) User=0.53s Sys=0.04s Real=0.10s
..[6171.675s][info][gc,start       ] GC(2066) Pause Young (Allocation Failure)
[6171.773s][info][gc,heap        ] GC(2066) PSYoungGen: 2599168K(2621440K)->156032K(2603008K) Eden: 2446848K(2446848K)->0K(2446848K) From: 152320K(174592K)->156032K(156160K)
[6171.773s][info][gc,heap        ] GC(2066) ParOldGen: 3824643K(3825152K)->3928931K(3929088K)
[6171.773s][info][gc,metaspace   ] GC(2066) Metaspace: 29105K(29376K)->29105K(29376K) NonClass: 25998K(26112K)->25998K(26112K) Class: 3106K(3264K)->3106K(3264K)
[6171.773s][info][gc             ] GC(2066) Pause Young (Allocation Failure) 6273M->3989M(6379M) 98.832ms
[6171.773s][info][gc,cpu         ] GC(2066) User=0.55s Sys=0.04s Real=0.10s
.[6173.363s][info][gc,start       ] GC(2067) Pause Young (Allocation Failure)
[6173.468s][info][gc,heap        ] GC(2067) PSYoungGen: 2602880K(2603008K)->170522K(2616320K) Eden: 2446848K(2446848K)->0K(2442752K) From: 156032K(156160K)->170522K(173568K)
[6173.468s][info][gc,heap        ] GC(2067) ParOldGen: 3928931K(3929088K)->4030971K(4030976K)
[6173.468s][info][gc,metaspace   ] GC(2067) Metaspace: 29105K(29376K)->29105K(29376K) NonClass: 25998K(26112K)->25998K(26112K) Class: 3106K(3264K)->3106K(3264K)
[6173.468s][info][gc             ] GC(2067) Pause Young (Allocation Failure) 6378M->4103M(6491M) 104.896ms
[6173.468s][info][gc,cpu         ] GC(2067) User=0.59s Sys=0.03s Real=0.10s
..[6175.017s][info][gc,start       ] GC(2068) Pause Young (Allocation Failure)
[6175.118s][info][gc,heap        ] GC(2068) PSYoungGen: 2613274K(2616320K)->151733K(2619392K) Eden: 2442752K(2442752K)->0K(2442752K) From: 170522K(173568K)->151733K(176640K)
[6175.118s][info][gc,heap        ] GC(2068) ParOldGen: 4030971K(4030976K)->4138899K(4139008K)
[6175.118s][info][gc,metaspace   ] GC(2068) Metaspace: 29105K(29376K)->29105K(29376K) NonClass: 25998K(26112K)->25998K(26112K) Class: 3106K(3264K)->3106K(3264K)
[6175.118s][info][gc             ] GC(2068) Pause Young (Allocation Failure) 6488M->4190M(6600M) 100.655ms
[6175.118s][info][gc,cpu         ] GC(2068) User=0.56s Sys=0.03s Real=0.10s
..[6176.703s][info][gc,start       ] GC(2069) Pause Young (Allocation Failure)
[6176.807s][info][gc,heap        ] GC(2069) PSYoungGen: 2594485K(2619392K)->164578K(2618880K) Eden: 2442752K(2442752K)->0K(2442752K) From: 151733K(176640K)->164578K(176128K)
[6176.807s][info][gc,heap        ] GC(2069) ParOldGen: 4138899K(4139008K)->4243819K(4243968K)
[6176.807s][info][gc,metaspace   ] GC(2069) Metaspace: 29105K(29376K)->29105K(29376K) NonClass: 25998K(26112K)->25998K(26112K) Class: 3106K(3264K)->3106K(3264K)
[6176.807s][info][gc             ] GC(2069) Pause Young (Allocation Failure) 6575M->4305M(6702M) 104.169ms
[6176.807s][info][gc,cpu         ] GC(2069) User=0.59s Sys=0.03s Real=0.10s
.[6178.297s][info][gc,start       ] GC(2070) Pause Young (Allocation Failure)
[6178.400s][info][gc,heap        ] GC(2070) PSYoungGen: 2607330K(2618880K)->167477K(2610688K) Eden: 2442752K(2442752K)->0K(2442752K) From: 164578K(176128K)->167477K(167936K)
[6178.400s][info][gc,heap        ] GC(2070) ParOldGen: 4243819K(4243968K)->4348899K(4348928K)
[6178.400s][info][gc,metaspace   ] GC(2070) Metaspace: 29105K(29376K)->29105K(29376K) NonClass: 25998K(26112K)->25998K(26112K) Class: 3106K(3264K)->3106K(3264K)
[6178.400s][info][gc             ] GC(2070) Pause Young (Allocation Failure) 6690M->4410M(6796M) 103.459ms
[6178.400s][info][gc,cpu         ] GC(2070) User=0.59s Sys=0.02s Real=0.10s
..[6179.951s][info][gc,start       ] GC(2071) Pause Young (Allocation Failure)
[6180.052s][info][gc,heap        ] GC(2071) PSYoungGen: 2610229K(2610688K)->162144K(2619392K) Eden: 2442752K(2442752K)->0K(2441728K) From: 167477K(167936K)->162144K(177664K)
[6180.052s][info][gc,heap        ] GC(2071) ParOldGen: 4348899K(4348928K)->4451243K(4451328K)
[6180.052s][info][gc,metaspace   ] GC(2071) Metaspace: 29105K(29376K)->29105K(29376K) NonClass: 25998K(26112K)->25998K(26112K) Class: 3106K(3264K)->3106K(3264K)
[6180.052s][info][gc             ] GC(2071) Pause Young (Allocation Failure) 6796M->4505M(6905M) 100.522ms
[6180.052s][info][gc,cpu         ] GC(2071) User=0.56s Sys=0.03s Real=0.11s
.[6181.561s][info][gc,start       ] GC(2072) Pause Young (Allocation Failure)
[6181.665s][info][gc,heap        ] GC(2072) PSYoungGen: 2603872K(2619392K)->161509K(2603520K) Eden: 2441728K(2441728K)->0K(2441728K) From: 162144K(177664K)->161509K(161792K)
[6181.665s][info][gc,heap        ] GC(2072) ParOldGen: 4451243K(4451328K)->4560059K(4560384K)
[6181.665s][info][gc,metaspace   ] GC(2072) Metaspace: 29105K(29376K)->29105K(29376K) NonClass: 25998K(26112K)->25998K(26112K) Class: 3106K(3264K)->3106K(3264K)
[6181.665s][info][gc             ] GC(2072) Pause Young (Allocation Failure) 6889M->4610M(6996M) 103.745ms
[6181.665s][info][gc,cpu         ] GC(2072) User=0.59s Sys=0.03s Real=0.11s
..[6183.252s][info][gc,start       ] GC(2073) Pause Young (Allocation Failure)
[6183.349s][info][gc,heap        ] GC(2073) PSYoungGen: 2603237K(2603520K)->152352K(2616832K) Eden: 2441728K(2441728K)->0K(2441728K) From: 161509K(161792K)->152352K(175104K)
[6183.349s][info][gc,heap        ] GC(2073) ParOldGen: 4560059K(4560384K)->4660443K(4660736K)
[6183.349s][info][gc,metaspace   ] GC(2073) Metaspace: 29105K(29376K)->29105K(29376K) NonClass: 25998K(26112K)->25998K(26112K) Class: 3106K(3264K)->3106K(3264K)
[6183.349s][info][gc             ] GC(2073) Pause Young (Allocation Failure) 6995M->4699M(7107M) 96.994ms
[6183.349s][info][gc,cpu         ] GC(2073) User=0.53s Sys=0.04s Real=0.09s
..[6184.936s][info][gc,start       ] GC(2074) Pause Young (Allocation Failure)
[6185.039s][info][gc,heap        ] GC(2074) PSYoungGen: 2594080K(2616832K)->165152K(2616832K) Eden: 2441728K(2441728K)->0K(2441728K) From: 152352K(175104K)->165152K(175104K)
[6185.039s][info][gc,heap        ] GC(2074) ParOldGen: 4660443K(4660736K)->4765483K(4765696K)
[6185.039s][info][gc,metaspace   ] GC(2074) Metaspace: 29105K(29376K)->29105K(29376K) NonClass: 25998K(26112K)->25998K(26112K) Class: 3106K(3264K)->3106K(3264K)
[6185.039s][info][gc             ] GC(2074) Pause Young (Allocation Failure) 7084M->4815M(7209M) 103.088ms
[6185.039s][info][gc,cpu         ] GC(2074) User=0.58s Sys=0.04s Real=0.10s
.[6186.599s][info][gc,start       ] GC(2075) Pause Young (Allocation Failure)
[6186.703s][info][gc,heap        ] GC(2075) PSYoungGen: 2606880K(2616832K)->164405K(2620416K) Eden: 2441728K(2441728K)->0K(2444800K) From: 165152K(175104K)->164405K(175616K)
[6186.703s][info][gc,heap        ] GC(2075) ParOldGen: 4765483K(4765696K)->4872659K(4872704K)
[6186.703s][info][gc,metaspace   ] GC(2075) Metaspace: 29105K(29376K)->29105K(29376K) NonClass: 25998K(26112K)->25998K(26112K) Class: 3106K(3264K)->3106K(3264K)
[6186.703s][info][gc             ] GC(2075) Pause Young (Allocation Failure) 7199M->4919M(7317M) 104.043ms
[6186.703s][info][gc,cpu         ] GC(2075) User=0.59s Sys=0.02s Real=0.11s
..[6188.254s][info][gc,start       ] GC(2076) Pause Young (Allocation Failure)
[6188.350s][info][gc,heap        ] GC(2076) PSYoungGen: 2609205K(2620416K)->146848K(2591744K) Eden: 2444800K(2444800K)->0K(2444800K) From: 164405K(175616K)->146848K(146944K)
[6188.350s][info][gc,heap        ] GC(2076) ParOldGen: 4872659K(4872704K)->4977595K(4977664K)
[6188.350s][info][gc,metaspace   ] GC(2076) Metaspace: 29105K(29376K)->29105K(29376K) NonClass: 25998K(26112K)->25998K(26112K) Class: 3106K(3264K)->3106K(3264K)
[6188.350s][info][gc             ] GC(2076) Pause Young (Allocation Failure) 7306M->5004M(7392M) 96.101ms
[6188.350s][info][gc,cpu         ] GC(2076) User=0.53s Sys=0.03s Real=0.09s
..[6189.980s][info][gc,start       ] GC(2077) Pause Young (Allocation Failure)
[6190.080s][info][gc,heap        ] GC(2077) PSYoungGen: 2591648K(2591744K)->156133K(2620416K) Eden: 2444800K(2444800K)->0K(2443776K) From: 146848K(146944K)->156133K(176640K)
[6190.080s][info][gc,heap        ] GC(2077) ParOldGen: 4977595K(4977664K)->5078763K(5079040K)
[6190.080s][info][gc,metaspace   ] GC(2077) Metaspace: 29105K(29376K)->29105K(29376K) NonClass: 25998K(26112K)->25998K(26112K) Class: 3106K(3264K)->3106K(3264K)
[6190.080s][info][gc             ] GC(2077) Pause Young (Allocation Failure) 7391M->5112M(7519M) 99.845ms
[6190.080s][info][gc,cpu         ] GC(2077) User=0.56s Sys=0.04s Real=0.10s
.[6191.666s][info][gc,start       ] GC(2078) Pause Young (Allocation Failure)
[6191.766s][info][gc,heap        ] GC(2078) PSYoungGen: 2599909K(2620416K)->154432K(2598400K) Eden: 2443776K(2443776K)->0K(2443776K) From: 156133K(176640K)->154432K(154624K)
[6191.766s][info][gc,heap        ] GC(2078) ParOldGen: 5078763K(5079040K)->5182835K(5182976K)
[6191.766s][info][gc,metaspace   ] GC(2078) Metaspace: 29105K(29376K)->29105K(29376K) NonClass: 25998K(26112K)->25998K(26112K) Class: 3106K(3264K)->3106K(3264K)
[6191.766s][info][gc             ] GC(2078) Pause Young (Allocation Failure) 7498M->5212M(7599M) 99.575ms
[6191.766s][info][gc,cpu         ] GC(2078) User=0.57s Sys=0.03s Real=0.10s
..[6193.391s][info][gc,start       ] GC(2079) Pause Young (Allocation Failure)
[6193.494s][info][gc,heap        ] GC(2079) PSYoungGen: 2598208K(2598400K)->162613K(2618368K) Eden: 2443776K(2443776K)->0K(2443776K) From: 154432K(154624K)->162613K(174592K)
[6193.494s][info][gc,heap        ] GC(2079) ParOldGen: 5182835K(5182976K)->5285867K(5285888K)
[6193.494s][info][gc,metaspace   ] GC(2079) Metaspace: 29105K(29376K)->29105K(29376K) NonClass: 25998K(26112K)->25998K(26112K) Class: 3106K(3264K)->3106K(3264K)
[6193.494s][info][gc             ] GC(2079) Pause Young (Allocation Failure) 7598M->5320M(7719M) 103.372ms
[6193.494s][info][gc,cpu         ] GC(2079) User=0.58s Sys=0.03s Real=0.11s
..[6195.063s][info][gc,start       ] GC(2080) Pause Young (Allocation Failure)
[6195.160s][info][gc,heap        ] GC(2080) PSYoungGen: 2606389K(2618368K)->149568K(2618368K) Eden: 2443776K(2443776K)->0K(2443776K) From: 162613K(174592K)->149568K(174592K)
[6195.160s][info][gc,heap        ] GC(2080) ParOldGen: 5285867K(5285888K)->5387355K(5387776K)
[6195.160s][info][gc,metaspace   ] GC(2080) Metaspace: 29105K(29376K)->29105K(29376K) NonClass: 25998K(26112K)->25998K(26112K) Class: 3106K(3264K)->3106K(3264K)
[6195.160s][info][gc             ] GC(2080) Pause Young (Allocation Failure) 7707M->5407M(7818M) 96.964ms
[6195.160s][info][gc,cpu         ] GC(2080) User=0.53s Sys=0.03s Real=0.09s
.[6196.688s][info][gc,start       ] GC(2081) Pause Young (Allocation Failure)
[6196.790s][info][gc,heap        ] GC(2081) PSYoungGen: 2593344K(2618368K)->156992K(2618368K) Eden: 2443776K(2443776K)->0K(2446848K) From: 149568K(174592K)->156992K(171520K)
[6196.790s][info][gc,heap        ] GC(2081) ParOldGen: 5387355K(5387776K)->5495419K(5495808K)
[6196.790s][info][gc,metaspace   ] GC(2081) Metaspace: 29105K(29376K)->29105K(29376K) NonClass: 25998K(26112K)->25998K(26112K) Class: 3106K(3264K)->3106K(3264K)
[6196.790s][info][gc             ] GC(2081) Pause Young (Allocation Failure) 7793M->5519M(7924M) 101.503ms
[6196.790s][info][gc,cpu         ] GC(2081) User=0.58s Sys=0.03s Real=0.10s
..[6198.378s][info][gc,start       ] GC(2082) Pause Full (Allocation Failure)
[6198.378s][info][gc,phases,start] GC(2082) Marking Phase
[6198.701s][info][gc,phases      ] GC(2082) Marking Phase 322.772ms
[6198.701s][info][gc,phases,start] GC(2082) Summary Phase
[6198.701s][info][gc,phases      ] GC(2082) Summary Phase 0.110ms
[6198.701s][info][gc,phases,start] GC(2082) Forward
[6198.830s][info][gc,phases      ] GC(2082) Forward 129.654ms
[6198.831s][info][gc,phases,start] GC(2082) Adjust Pointers
[6199.048s][info][gc,phases      ] GC(2082) Adjust Pointers 217.355ms
[6199.048s][info][gc,phases,start] GC(2082) Compaction Phase
[6199.200s][info][gc,phases      ] GC(2082) Compaction Phase 152.462ms
[6199.201s][info][gc,phases,start] GC(2082) Post Compact
[6199.208s][info][gc,phases      ] GC(2082) Post Compact 6.938ms
[6199.322s][info][gc,heap        ] GC(2082) PSYoungGen: 2603840K(2618368K)->0K(2619904K) Eden: 2446848K(2446848K)->0K(2446848K) From: 156992K(171520K)->0K(173056K)
[6199.322s][info][gc,heap        ] GC(2082) ParOldGen: 5495419K(5495808K)->1645537K(2107904K)
[6199.322s][info][gc,metaspace   ] GC(2082) Metaspace: 29105K(29376K)->29105K(29376K) NonClass: 25998K(26112K)->25998K(26112K) Class: 3106K(3264K)->3106K(3264K)
[6199.322s][info][gc             ] GC(2082) Pause Full (Allocation Failure) 7909M->1606M(4617M) 943.744ms
[6199.322s][info][gc,cpu         ] GC(2082) User=4.51s Sys=0.12s Real=0.94s
..[6200.656s][info][gc,start       ] GC(2083) Pause Young (Allocation Failure)
[6200.728s][info][gc,heap        ] GC(2083) PSYoungGen: 2446848K(2619904K)->169963K(2616832K) Eden: 2446848K(2446848K)->0K(2443776K) From: 0K(173056K)->169963K(173056K)
[6200.728s][info][gc,heap        ] GC(2083) ParOldGen: 1645537K(2107904K)->1645537K(2107904K)
[6200.728s][info][gc,metaspace   ] GC(2083) Metaspace: 29105K(29376K)->29105K(29376K) NonClass: 25998K(26112K)->25998K(26112K) Class: 3106K(3264K)->3106K(3264K)
[6200.728s][info][gc             ] GC(2083) Pause Young (Allocation Failure) 3996M->1772M(4614M) 71.970ms
[6200.728s][info][gc,cpu         ] GC(2083) User=0.43s Sys=0.00s Real=0.07s
.[6202.062s][info][gc,start       ] GC(2084) Pause Young (Allocation Failure)
[6202.158s][info][gc,heap        ] GC(2084) PSYoungGen: 2613739K(2616832K)->160672K(2619904K) Eden: 2443776K(2443776K)->0K(2443776K) From: 169963K(173056K)->160672K(176128K)
[6202.158s][info][gc,heap        ] GC(2084) ParOldGen: 1645537K(2107904K)->1756393K(2107904K)
[6202.158s][info][gc,metaspace   ] GC(2084) Metaspace: 29105K(29376K)->29105K(29376K) NonClass: 25998K(26112K)->25998K(26112K) Class: 3106K(3264K)->3106K(3264K)
[6202.158s][info][gc             ] GC(2084) Pause Young (Allocation Failure) 4159M->1872M(4617M) 96.047ms
[6202.158s][info][gc,cpu         ] GC(2084) User=0.57s Sys=0.00s Real=0.09s
.[6203.502s][info][gc,start       ] GC(2085) Pause Young (Allocation Failure)
[6203.641s][info][gc,heap        ] GC(2085) PSYoungGen: 2604448K(2619904K)->153303K(2617856K) Eden: 2443776K(2443776K)->0K(2444800K) From: 160672K(176128K)->153303K(173056K)
[6203.641s][info][gc,heap        ] GC(2085) ParOldGen: 1756393K(2107904K)->1862321K(2107904K)
[6203.641s][info][gc,metaspace   ] GC(2085) Metaspace: 29105K(29376K)->29105K(29376K) NonClass: 25998K(26112K)->25998K(26112K) Class: 3106K(3264K)->3106K(3264K)
[6203.641s][info][gc             ] GC(2085) Pause Young (Allocation Failure) 4258M->1968M(4615M) 139.190ms
[6203.641s][info][gc,cpu         ] GC(2085) User=0.55s Sys=0.00s Real=0.14s
.[6204.984s][info][gc,start       ] GC(2086) Pause Young (Allocation Failure)
[6205.078s][info][gc,heap        ] GC(2086) PSYoungGen: 2598103K(2617856K)->156954K(2619392K) Eden: 2444800K(2444800K)->0K(2444800K) From: 153303K(173056K)->156954K(174592K)
[6205.078s][info][gc,heap        ] GC(2086) ParOldGen: 1862321K(2107904K)->1965881K(2107904K)
[6205.078s][info][gc,metaspace   ] GC(2086) Metaspace: 29105K(29376K)->29105K(29376K) NonClass: 25998K(26112K)->25998K(26112K) Class: 3106K(3264K)->3106K(3264K)
[6205.078s][info][gc             ] GC(2086) Pause Young (Allocation Failure) 4355M->2073M(4616M) 94.412ms
[6205.078s][info][gc,cpu         ] GC(2086) User=0.56s Sys=0.00s Real=0.09s
..[6206.648s][info][gc,start       ] GC(2087) Pause Young (Allocation Failure)
[6206.743s][info][gc,heap        ] GC(2087) PSYoungGen: 2601754K(2619392K)->162036K(2621440K) Eden: 2444800K(2444800K)->0K(2448384K) From: 156954K(174592K)->162036K(173056K)
[6206.743s][info][gc,heap        ] GC(2087) ParOldGen: 1965881K(2107904K)->2068889K(2107904K)
[6206.743s][info][gc,metaspace   ] GC(2087) Metaspace: 29105K(29376K)->29105K(29376K) NonClass: 25998K(26112K)->25998K(26112K) Class: 3106K(3264K)->3106K(3264K)
[6206.743s][info][gc             ] GC(2087) Pause Young (Allocation Failure) 4460M->2178M(4618M) 95.536ms
[6206.744s][info][gc,cpu         ] GC(2087) User=0.57s Sys=0.00s Real=0.10s
.. (rIR:aIR:PR = 10239:10231:10232) (tPR = 152241) [OK] 
  6208s: Performance info:
         Transaction,    Success,    Partial,     Failed,   Receipts, AvgBarcode, 
             Overall,     621457,          0,          0,     590718,      59.48, 
         Response times:
             Request,    Success,    Partial,     Failed,   SkipFail,     Probes,    Samples,      min,      p50,      p90,      p95,      p99,      max, 
       TotalPurchase,     590718,          0,          0,          0,     341677,     426607,      200,     9600,   107000,   227000,   599000,  1100000,
     InStorePurchase,     310646,          0,          0,          0,     180462,     224748,      300,     9900,   113000,   225000,   599000,  1100000,
      OnlinePurchase,     217961,          0,          0,          0,     125462,     156737,      200,     9300,   100000,   226000,   600000,   890000,
        InstPurchase,      62111,          0,          0,          0,      35753,      45122,      300,     9700,   113000,   255000,   599000,   970000,
          AssocOfCat,        623,          0,          0,          0,        496,        706,    23000,    54000,   158000,   326000,   595930,   840000,
      AssocOfProduct,       6147,          0,          0,          0,       3282,       4253,      600,    10100,   103600,   216300,   454000,   568000,
      BusinessReport,       1551,          0,          0,          0,       1292,       1764,    29000,    64000,   180500,   470000,   880000,  1100000,
          CustBuyBeh,       6207,          0,          0,          0,       3351,       4483,      300,    10400,   117600,   219000,   421000,   531000,
       ProductReturn,      16190,          0,          0,          0,       9594,      11943,      200,     8800,   110000,   335000,   544000,   670000,

  6208s: (75%)   IR =  10378 [6208.424s][info][gc,start       ] GC(2088) Pause Young (Allocation Failure)
[6208.523s][info][gc,heap        ] GC(2088) PSYoungGen: 2610420K(2621440K)->161266K(2621440K) Eden: 2448384K(2448384K)->0K(2448384K) From: 162036K(173056K)->161266K(173056K)
[6208.523s][info][gc,heap        ] GC(2088) ParOldGen: 2068889K(2107904K)->2172057K(2172416K)
[6208.523s][info][gc,metaspace   ] GC(2088) Metaspace: 29105K(29376K)->29105K(29376K) NonClass: 25998K(26112K)->25998K(26112K) Class: 3106K(3264K)->3106K(3264K)
[6208.523s][info][gc             ] GC(2088) Pause Young (Allocation Failure) 4569M->2278M(4681M) 98.606ms
[6208.523s][info][gc,cpu         ] GC(2088) User=0.56s Sys=0.02s Real=0.10s
.[6210.047s][info][gc,start       ] GC(2089) Pause Young (Allocation Failure)
[6210.141s][info][gc,heap        ] GC(2089) PSYoungGen: 2609650K(2621440K)->145920K(2621440K) Eden: 2448384K(2448384K)->0K(2448896K) From: 161266K(173056K)->145920K(172544K)
[6210.141s][info][gc,heap        ] GC(2089) ParOldGen: 2172057K(2172416K)->2278353K(2278400K)
[6210.141s][info][gc,metaspace   ] GC(2089) Metaspace: 29105K(29376K)->29105K(29376K) NonClass: 25998K(26112K)->25998K(26112K) Class: 3106K(3264K)->3106K(3264K)
[6210.141s][info][gc             ] GC(2089) Pause Young (Allocation Failure) 4669M->2367M(4785M) 93.663ms
[6210.141s][info][gc,cpu         ] GC(2089) User=0.52s Sys=0.03s Real=0.09s
..[6211.768s][info][gc,start       ] GC(2090) Pause Young (Allocation Failure)
[6211.870s][info][gc,heap        ] GC(2090) PSYoungGen: 2594816K(2621440K)->167223K(2616320K) Eden: 2448896K(2448896K)->0K(2448896K) From: 145920K(172544K)->167223K(167424K)
[6211.870s][info][gc,heap        ] GC(2090) ParOldGen: 2278353K(2278400K)->2380201K(2380288K)
[6211.870s][info][gc,metaspace   ] GC(2090) Metaspace: 29105K(29376K)->29105K(29376K) NonClass: 25998K(26112K)->25998K(26112K) Class: 3106K(3264K)->3106K(3264K)
[6211.870s][info][gc             ] GC(2090) Pause Young (Allocation Failure) 4758M->2487M(4879M) 102.201ms
[6211.870s][info][gc,cpu         ] GC(2090) User=0.58s Sys=0.02s Real=0.10s
..|[6213.406s][info][gc,start       ] GC(2091) Pause Young (Allocation Failure)
[6213.510s][info][gc,heap        ] GC(2091) PSYoungGen: 2616119K(2616320K)->162724K(2620928K) Eden: 2448896K(2448896K)->0K(2445312K) From: 167223K(167424K)->162724K(175616K)
[6213.510s][info][gc,heap        ] GC(2091) ParOldGen: 2380201K(2380288K)->2489817K(2489856K)
[6213.510s][info][gc,metaspace   ] GC(2091) Metaspace: 29105K(29376K)->29105K(29376K) NonClass: 25998K(26112K)->25998K(26112K) Class: 3106K(3264K)->3106K(3264K)
[6213.510s][info][gc             ] GC(2091) Pause Young (Allocation Failure) 4879M->2590M(4991M) 104.033ms
[6213.511s][info][gc,cpu         ] GC(2091) User=0.58s Sys=0.04s Real=0.10s
.[6215.017s][info][gc,start       ] GC(2092) Pause Young (Allocation Failure)
[6215.112s][info][gc,heap        ] GC(2092) PSYoungGen: 2608036K(2620928K)->147424K(2620416K) Eden: 2445312K(2445312K)->0K(2445312K) From: 162724K(175616K)->147424K(175104K)
[6215.112s][info][gc,heap        ] GC(2092) ParOldGen: 2489817K(2489856K)->2592177K(2592256K)
[6215.112s][info][gc,metaspace   ] GC(2092) Metaspace: 29105K(29376K)->29105K(29376K) NonClass: 25998K(26112K)->25998K(26112K) Class: 3106K(3264K)->3106K(3264K)
[6215.112s][info][gc             ] GC(2092) Pause Young (Allocation Failure) 4978M->2675M(5090M) 95.417ms
[6215.112s][info][gc,cpu         ] GC(2092) User=0.52s Sys=0.04s Real=0.10s
..[6216.750s][info][gc,start       ] GC(2093) Pause Young (Allocation Failure)
[6216.855s][info][gc,heap        ] GC(2093) PSYoungGen: 2592736K(2620416K)->175610K(2536448K) Eden: 2445312K(2445312K)->0K(2360832K) From: 147424K(175104K)->175610K(175616K)
[6216.855s][info][gc,heap        ] GC(2093) ParOldGen: 2592177K(2592256K)->2692433K(2692608K)
[6216.855s][info][gc,metaspace   ] GC(2093) Metaspace: 29105K(29376K)->29105K(29376K) NonClass: 25998K(26112K)->25998K(26112K) Class: 3106K(3264K)->3106K(3264K)
[6216.856s][info][gc             ] GC(2093) Pause Young (Allocation Failure) 5063M->2800M(5106M) 105.624ms
[6216.856s][info][gc,cpu         ] GC(2093) User=0.58s Sys=0.05s Real=0.11s
..[6218.275s][info][gc,start       ] GC(2094) Pause Young (Allocation Failure)
[6218.376s][info][gc,heap        ] GC(2094) PSYoungGen: 2536442K(2536448K)->154933K(2578432K) Eden: 2360832K(2360832K)->0K(2360832K) From: 175610K(175616K)->154933K(217600K)
[6218.376s][info][gc,heap        ] GC(2094) ParOldGen: 2692433K(2692608K)->2801369K(2801664K)
[6218.376s][info][gc,metaspace   ] GC(2094) Metaspace: 29105K(29376K)->29105K(29376K) NonClass: 25998K(26112K)->25998K(26112K) Class: 3106K(3264K)->3106K(3264K)
[6218.376s][info][gc             ] GC(2094) Pause Young (Allocation Failure) 5106M->2887M(5254M) 100.606ms
[6218.376s][info][gc,cpu         ] GC(2094) User=0.57s Sys=0.03s Real=0.10s
.[6219.851s][info][gc,start       ] GC(2095) Pause Young (Allocation Failure)
[6219.955s][info][gc,heap        ] GC(2095) PSYoungGen: 2515765K(2578432K)->168949K(2567168K) Eden: 2360832K(2360832K)->0K(2362880K) From: 154933K(217600K)->168949K(204288K)
[6219.955s][info][gc,heap        ] GC(2095) ParOldGen: 2801369K(2801664K)->2903737K(2904064K)
[6219.955s][info][gc,metaspace   ] GC(2095) Metaspace: 29105K(29376K)->29105K(29376K) NonClass: 25998K(26112K)->25998K(26112K) Class: 3106K(3264K)->3106K(3264K)
[6219.955s][info][gc             ] GC(2095) Pause Young (Allocation Failure) 5192M->3000M(5343M) 103.608ms
[6219.955s][info][gc,cpu         ] GC(2095) User=0.57s Sys=0.04s Real=0.11s
..[6221.453s][info][gc,start       ] GC(2096) Pause Young (Allocation Failure)
[6221.551s][info][gc,heap        ] GC(2096) PSYoungGen: 2531829K(2567168K)->154608K(2573824K) Eden: 2362880K(2362880K)->0K(2362880K) From: 168949K(204288K)->154608K(210944K)
[6221.551s][info][gc,heap        ] GC(2096) ParOldGen: 2903737K(2904064K)->3008049K(3008512K)
[6221.551s][info][gc,metaspace   ] GC(2096) Metaspace: 29105K(29376K)->29105K(29376K) NonClass: 25998K(26112K)->25998K(26112K) Class: 3106K(3264K)->3106K(3264K)
[6221.551s][info][gc             ] GC(2096) Pause Young (Allocation Failure) 5308M->3088M(5451M) 97.539ms
[6221.551s][info][gc,cpu         ] GC(2096) User=0.54s Sys=0.04s Real=0.09s
.[6223.074s][info][gc,start       ] GC(2097) Pause Young (Allocation Failure)
[6223.168s][info][gc,heap        ] GC(2097) PSYoungGen: 2517488K(2573824K)->142688K(2583040K) Eden: 2362880K(2362880K)->0K(2376192K) From: 154608K(210944K)->142688K(206848K)
[6223.168s][info][gc,heap        ] GC(2097) ParOldGen: 3008049K(3008512K)->3111697K(3111936K)
[6223.168s][info][gc,metaspace   ] GC(2097) Metaspace: 29105K(29376K)->29105K(29376K) NonClass: 25998K(26112K)->25998K(26112K) Class: 3106K(3264K)->3106K(3264K)
[6223.168s][info][gc             ] GC(2097) Pause Young (Allocation Failure) 5396M->3178M(5561M) 93.371ms
[6223.168s][info][gc,cpu         ] GC(2097) User=0.52s Sys=0.03s Real=0.09s
..[6224.676s][info][gc,start       ] GC(2098) Pause Young (Allocation Failure)
[6224.778s][info][gc,heap        ] GC(2098) PSYoungGen: 2518880K(2583040K)->166770K(2585088K) Eden: 2376192K(2376192K)->0K(2376192K) From: 142688K(206848K)->166770K(208896K)
[6224.778s][info][gc,heap        ] GC(2098) ParOldGen: 3111697K(3111936K)->3212985K(3213312K)
[6224.778s][info][gc,metaspace   ] GC(2098) Metaspace: 29105K(29376K)->29105K(29376K) NonClass: 25998K(26112K)->25998K(26112K) Class: 3106K(3264K)->3106K(3264K)
[6224.778s][info][gc             ] GC(2098) Pause Young (Allocation Failure) 5498M->3300M(5662M) 102.447ms
[6224.778s][info][gc,cpu         ] GC(2098) User=0.58s Sys=0.03s Real=0.10s
.[6226.234s][info][gc,start       ] GC(2099) Pause Young (Allocation Failure)
[6226.328s][info][gc,heap        ] GC(2099) PSYoungGen: 2542962K(2585088K)->148608K(2586112K) Eden: 2376192K(2376192K)->0K(2381312K) From: 166770K(208896K)->148608K(204800K)
[6226.328s][info][gc,heap        ] GC(2099) ParOldGen: 3212985K(3213312K)->3315633K(3315712K)
[6226.328s][info][gc,metaspace   ] GC(2099) Metaspace: 29105K(29376K)->29105K(29376K) NonClass: 25998K(26112K)->25998K(26112K) Class: 3106K(3264K)->3106K(3264K)
[6226.328s][info][gc             ] GC(2099) Pause Young (Allocation Failure) 5621M->3383M(5763M) 93.981ms
[6226.328s][info][gc,cpu         ] GC(2099) User=0.51s Sys=0.05s Real=0.09s
..[6227.874s][info][gc,start       ] GC(2100) Pause Young (Allocation Failure)
[6227.975s][info][gc,heap        ] GC(2100) PSYoungGen: 2529920K(2586112K)->165808K(2585600K) Eden: 2381312K(2381312K)->0K(2381312K) From: 148608K(204800K)->165808K(204288K)
[6227.975s][info][gc,heap        ] GC(2100) ParOldGen: 3315633K(3315712K)->3419737K(3420160K)
[6227.975s][info][gc,metaspace   ] GC(2100) Metaspace: 29105K(29376K)->29105K(29376K) NonClass: 25998K(26112K)->25998K(26112K) Class: 3106K(3264K)->3106K(3264K)
[6227.975s][info][gc             ] GC(2100) Pause Young (Allocation Failure) 5708M->3501M(5865M) 101.303ms
[6227.975s][info][gc,cpu         ] GC(2100) User=0.57s Sys=0.04s Real=0.10s
.[6228.846s][info][gc,start       ] GC(2101) Pause Full (Diagnostic Command)
[6228.846s][info][gc,phases,start] GC(2101) Marking Phase
[6229.160s][info][gc,phases      ] GC(2101) Marking Phase 314.537ms
[6229.160s][info][gc,phases,start] GC(2101) Summary Phase
[6229.160s][info][gc,phases      ] GC(2101) Summary Phase 0.076ms
[6229.160s][info][gc,phases,start] GC(2101) Forward
[6229.344s][info][gc,phases      ] GC(2101) Forward 183.559ms
[6229.344s][info][gc,phases,start] GC(2101) Adjust Pointers
[6229.575s][info][gc,phases      ] GC(2101) Adjust Pointers 230.990ms
[6229.575s][info][gc,phases,start] GC(2101) Compaction Phase
[6229.761s][info][gc,phases      ] GC(2101) Compaction Phase 186.202ms
[6229.764s][info][gc,phases,start] GC(2101) Post Compact
[6229.769s][info][gc,phases      ] GC(2101) Post Compact 4.279ms
[6229.769s][info][gc,heap        ] GC(2101) PSYoungGen: 1640396K(2585600K)->0K(2585600K) Eden: 1474588K(2381312K)->0K(2381312K) From: 165808K(204288K)->0K(204288K)
[6229.769s][info][gc,heap        ] GC(2101) ParOldGen: 3419737K(3420160K)->1369014K(3420160K)
[6229.769s][info][gc,metaspace   ] GC(2101) Metaspace: 29105K(29376K)->29105K(29376K) NonClass: 25998K(26112K)->25998K(26112K) Class: 3106K(3264K)->3106K(3264K)
[6229.769s][info][gc             ] GC(2101) Pause Full (Diagnostic Command) 4941M->1336M(5865M) 922.799ms
[6229.769s][info][gc,cpu         ] GC(2101) User=4.83s Sys=0.01s Real=0.92s
..[6231.040s][info][gc,start       ] GC(2102) Pause Young (Allocation Failure)
[6231.112s][info][gc,heap        ] GC(2102) PSYoungGen: 2381312K(2585600K)->173552K(2588160K) Eden: 2381312K(2381312K)->0K(2386944K) From: 0K(204288K)->173552K(201216K)
[6231.112s][info][gc,heap        ] GC(2102) ParOldGen: 1369014K(3420160K)->1369014K(3420160K)
[6231.112s][info][gc,metaspace   ] GC(2102) Metaspace: 29105K(29376K)->29105K(29376K) NonClass: 25998K(26112K)->25998K(26112K) Class: 3106K(3264K)->3106K(3264K)
[6231.112s][info][gc             ] GC(2102) Pause Young (Allocation Failure) 3662M->1506M(5867M) 72.016ms
[6231.112s][info][gc,cpu         ] GC(2102) User=0.43s Sys=0.00s Real=0.08s
.[6232.435s][info][gc,start       ] GC(2103) Pause Young (Allocation Failure)
[6232.579s][info][gc,heap        ] GC(2103) PSYoungGen: 2560496K(2588160K)->161837K(2588160K) Eden: 2386944K(2386944K)->0K(2386944K) From: 173552K(201216K)->161837K(201216K)
[6232.579s][info][gc,heap        ] GC(2103) ParOldGen: 1369014K(3420160K)->1477934K(3420160K)
[6232.579s][info][gc,metaspace   ] GC(2103) Metaspace: 29105K(29376K)->29105K(29376K) NonClass: 25998K(26112K)->25998K(26112K) Class: 3106K(3264K)->3106K(3264K)
[6232.579s][info][gc             ] GC(2103) Pause Young (Allocation Failure) 3837M->1601M(5867M) 144.745ms
[6232.579s][info][gc,cpu         ] GC(2103) User=0.58s Sys=0.00s Real=0.14s
.[6233.861s][info][gc,start       ] GC(2104) Pause Young (Allocation Failure)
[6233.957s][info][gc,heap        ] GC(2104) PSYoungGen: 2548781K(2588160K)->169952K(2592256K) Eden: 2386944K(2386944K)->0K(2394624K) From: 161837K(201216K)->169952K(197632K)
[6233.957s][info][gc,heap        ] GC(2104) ParOldGen: 1477934K(3420160K)->1577190K(3420160K)
[6233.957s][info][gc,metaspace   ] GC(2104) Metaspace: 29105K(29376K)->29105K(29376K) NonClass: 25998K(26112K)->25998K(26112K) Class: 3106K(3264K)->3106K(3264K)
[6233.957s][info][gc             ] GC(2104) Pause Young (Allocation Failure) 3932M->1706M(5871M) 96.292ms
[6233.957s][info][gc,cpu         ] GC(2104) User=0.57s Sys=0.00s Real=0.10s
..[6235.265s][info][gc,start       ] GC(2105) Pause Young (Allocation Failure)
[6235.358s][info][gc,heap        ] GC(2105) PSYoungGen: 2564576K(2592256K)->154336K(2591232K) Eden: 2394624K(2394624K)->0K(2394624K) From: 169952K(197632K)->154336K(196608K)
[6235.358s][info][gc,heap        ] GC(2105) ParOldGen: 1577190K(3420160K)->1683006K(3420160K)
[6235.358s][info][gc,metaspace   ] GC(2105) Metaspace: 29105K(29376K)->29105K(29376K) NonClass: 25998K(26112K)->25998K(26112K) Class: 3106K(3264K)->3106K(3264K)
[6235.358s][info][gc             ] GC(2105) Pause Young (Allocation Failure) 4044M->1794M(5870M) 93.507ms
[6235.358s][info][gc,cpu         ] GC(2105) User=0.55s Sys=0.00s Real=0.09s
.[6236.890s][info][gc,start       ] GC(2106) Pause Young (Allocation Failure)
[6236.988s][info][gc,heap        ] GC(2106) PSYoungGen: 2548960K(2591232K)->166245K(2597376K) Eden: 2394624K(2394624K)->0K(2403840K) From: 154336K(196608K)->166245K(193536K)
[6236.988s][info][gc,heap        ] GC(2106) ParOldGen: 1683006K(3420160K)->1786886K(3420160K)
[6236.988s][info][gc,metaspace   ] GC(2106) Metaspace: 29105K(29376K)->29105K(29376K) NonClass: 25998K(26112K)->25998K(26112K) Class: 3106K(3264K)->3106K(3264K)
[6236.988s][info][gc             ] GC(2106) Pause Young (Allocation Failure) 4132M->1907M(5876M) 98.055ms
[6236.988s][info][gc,cpu         ] GC(2106) User=0.58s Sys=0.00s Real=0.10s
..[6238.463s][info][gc,start       ] GC(2107) Pause Young (Allocation Failure)
[6238.560s][info][gc,heap        ] GC(2107) PSYoungGen: 2570085K(2597376K)->167093K(2596864K) Eden: 2403840K(2403840K)->0K(2403840K) From: 166245K(193536K)->167093K(193024K)
[6238.560s][info][gc,heap        ] GC(2107) ParOldGen: 1786886K(3420160K)->1888502K(3420160K)
[6238.560s][info][gc,metaspace   ] GC(2107) Metaspace: 29105K(29376K)->29105K(29376K) NonClass: 25998K(26112K)->25998K(26112K) Class: 3106K(3264K)->3106K(3264K)
[6238.560s][info][gc             ] GC(2107) Pause Young (Allocation Failure) 4254M->2007M(5876M) 97.403ms
[6238.560s][info][gc,cpu         ] GC(2107) User=0.57s Sys=0.01s Real=0.09s
.[6240.041s][info][gc,start       ] GC(2108) Pause Young (Allocation Failure)
[6240.137s][info][gc,heap        ] GC(2108) PSYoungGen: 2570933K(2596864K)->157589K(2601472K) Eden: 2403840K(2403840K)->0K(2411008K) From: 167093K(193024K)->157589K(190464K)
[6240.137s][info][gc,heap        ] GC(2108) ParOldGen: 1888502K(3420160K)->1992198K(3420160K)
[6240.137s][info][gc,metaspace   ] GC(2108) Metaspace: 29105K(29376K)->29105K(29376K) NonClass: 25998K(26112K)->25998K(26112K) Class: 3106K(3264K)->3106K(3264K)
[6240.137s][info][gc             ] GC(2108) Pause Young (Allocation Failure) 4354M->2099M(5880M) 96.010ms
[6240.137s][info][gc,cpu         ] GC(2108) User=0.56s Sys=0.00s Real=0.10s
..[6241.654s][info][gc,start       ] GC(2109) Pause Young (Allocation Failure)
[6241.750s][info][gc,heap        ] GC(2109) PSYoungGen: 2568597K(2601472K)->163989K(2600960K) Eden: 2411008K(2411008K)->0K(2411008K) From: 157589K(190464K)->163989K(189952K)
[6241.750s][info][gc,heap        ] GC(2109) ParOldGen: 1992198K(3420160K)->2094302K(3420160K)
[6241.750s][info][gc,metaspace   ] GC(2109) Metaspace: 29105K(29376K)->29105K(29376K) NonClass: 25998K(26112K)->25998K(26112K) Class: 3106K(3264K)->3106K(3264K)
[6241.750s][info][gc             ] GC(2109) Pause Young (Allocation Failure) 4453M->2205M(5880M) 96.000ms
[6241.750s][info][gc,cpu         ] GC(2109) User=0.57s Sys=0.00s Real=0.09s
..[6243.286s][info][gc,start       ] GC(2110) Pause Young (Allocation Failure)
[6243.386s][info][gc,heap        ] GC(2110) PSYoungGen: 2574997K(2600960K)->166489K(2604544K) Eden: 2411008K(2411008K)->0K(2417152K) From: 163989K(189952K)->166489K(187392K)
[6243.386s][info][gc,heap        ] GC(2110) ParOldGen: 2094302K(3420160K)->2198598K(3420160K)
[6243.386s][info][gc,metaspace   ] GC(2110) Metaspace: 29105K(29376K)->29105K(29376K) NonClass: 25998K(26112K)->25998K(26112K) Class: 3106K(3264K)->3106K(3264K)
[6243.386s][info][gc             ] GC(2110) Pause Young (Allocation Failure) 4559M->2309M(5883M) 100.656ms
[6243.386s][info][gc,cpu         ] GC(2110) User=0.59s Sys=0.00s Real=0.10s
.[6244.875s][info][gc,start       ] GC(2111) Pause Young (Allocation Failure)
[6244.974s][info][gc,heap        ] GC(2111) PSYoungGen: 2583641K(2604544K)->169108K(2603008K) Eden: 2417152K(2417152K)->0K(2417152K) From: 166489K(187392K)->169108K(185856K)
[6244.974s][info][gc,heap        ] GC(2111) ParOldGen: 2198598K(3420160K)->2303318K(3420160K)
[6244.974s][info][gc,metaspace   ] GC(2111) Metaspace: 29105K(29376K)->29105K(29376K) NonClass: 25998K(26112K)->25998K(26112K) Class: 3106K(3264K)->3106K(3264K)
[6244.974s][info][gc             ] GC(2111) Pause Young (Allocation Failure) 4670M->2414M(5882M) 98.818ms
[6244.974s][info][gc,cpu         ] GC(2111) User=0.58s Sys=0.01s Real=0.10s
..[6246.516s][info][gc,start       ] GC(2112) Pause Young (Allocation Failure)
[6246.611s][info][gc,heap        ] GC(2112) PSYoungGen: 2586260K(2603008K)->152503K(2608640K) Eden: 2417152K(2417152K)->0K(2422784K) From: 169108K(185856K)->152503K(185856K)
[6246.611s][info][gc,heap        ] GC(2112) ParOldGen: 2303318K(3420160K)->2409638K(3420160K)
[6246.611s][info][gc,metaspace   ] GC(2112) Metaspace: 29105K(29376K)->29105K(29376K) NonClass: 25998K(26112K)->25998K(26112K) Class: 3106K(3264K)->3106K(3264K)
[6246.611s][info][gc             ] GC(2112) Pause Young (Allocation Failure) 4774M->2502M(5887M) 94.741ms
[6246.611s][info][gc,cpu         ] GC(2112) User=0.55s Sys=0.00s Real=0.09s
.[6248.131s][info][gc,start       ] GC(2113) Pause Young (Allocation Failure)
[6248.220s][info][gc,heap        ] GC(2113) PSYoungGen: 2575287K(2608640K)->142112K(2608640K) Eden: 2422784K(2422784K)->0K(2422784K) From: 152503K(185856K)->142112K(185856K)
[6248.220s][info][gc,heap        ] GC(2113) ParOldGen: 2409638K(3420160K)->2513158K(3420160K)
[6248.220s][info][gc,metaspace   ] GC(2113) Metaspace: 29105K(29376K)->29105K(29376K) NonClass: 25998K(26112K)->25998K(26112K) Class: 3106K(3264K)->3106K(3264K)
[6248.220s][info][gc             ] GC(2113) Pause Young (Allocation Failure) 4868M->2593M(5887M) 88.173ms
[6248.220s][info][gc,cpu         ] GC(2113) User=0.52s Sys=0.00s Real=0.09s
..[6249.894s][info][gc,start       ] GC(2114) Pause Young (Allocation Failure)
[6249.994s][info][gc,heap        ] GC(2114) PSYoungGen: 2564896K(2608640K)->172048K(2606080K) Eden: 2422784K(2422784K)->0K(2419200K) From: 142112K(185856K)->172048K(186880K)
[6249.994s][info][gc,heap        ] GC(2114) ParOldGen: 2513158K(3420160K)->2610470K(3420160K)
[6249.994s][info][gc,metaspace   ] GC(2114) Metaspace: 29105K(29376K)->29105K(29376K) NonClass: 25998K(26112K)->25998K(26112K) Class: 3106K(3264K)->3106K(3264K)
[6249.994s][info][gc             ] GC(2114) Pause Young (Allocation Failure) 4959M->2717M(5885M) 99.413ms
[6249.994s][info][gc,cpu         ] GC(2114) User=0.59s Sys=0.00s Real=0.10s
..[6251.496s][info][gc,start       ] GC(2115) Pause Young (Allocation Failure)
[6251.590s][info][gc,heap        ] GC(2115) PSYoungGen: 2591248K(2606080K)->151648K(2607616K) Eden: 2419200K(2419200K)->0K(2419200K) From: 172048K(186880K)->151648K(188416K)
[6251.590s][info][gc,heap        ] GC(2115) ParOldGen: 2610470K(3420160K)->2721094K(3420160K)
[6251.590s][info][gc,metaspace   ] GC(2115) Metaspace: 29105K(29376K)->29105K(29376K) NonClass: 25998K(26112K)->25998K(26112K) Class: 3106K(3264K)->3106K(3264K)
[6251.590s][info][gc             ] GC(2115) Pause Young (Allocation Failure) 5079M->2805M(5886M) 93.991ms
[6251.590s][info][gc,cpu         ] GC(2115) User=0.55s Sys=0.00s Real=0.09s
.[6253.134s][info][gc,start       ] GC(2116) Pause Young (Allocation Failure)
[6253.225s][info][gc,heap        ] GC(2116) PSYoungGen: 2570848K(2607616K)->155408K(2603008K) Eden: 2419200K(2419200K)->0K(2419712K) From: 151648K(188416K)->155408K(183296K)
[6253.225s][info][gc,heap        ] GC(2116) ParOldGen: 2721094K(3420160K)->2820742K(3420160K)
[6253.225s][info][gc,metaspace   ] GC(2116) Metaspace: 29105K(29376K)->29105K(29376K) NonClass: 25998K(26112K)->25998K(26112K) Class: 3106K(3264K)->3106K(3264K)
[6253.225s][info][gc             ] GC(2116) Pause Young (Allocation Failure) 5167M->2906M(5882M) 91.743ms
[6253.225s][info][gc,cpu         ] GC(2116) User=0.55s Sys=0.00s Real=0.09s
..[6254.757s][info][gc,start       ] GC(2117) Pause Young (Allocation Failure)
[6254.856s][info][gc,heap        ] GC(2117) PSYoungGen: 2575120K(2603008K)->165605K(2605568K) Eden: 2419712K(2419712K)->0K(2419712K) From: 155408K(183296K)->165605K(185856K)
[6254.856s][info][gc,heap        ] GC(2117) ParOldGen: 2820742K(3420160K)->2925430K(3420160K)
[6254.856s][info][gc,metaspace   ] GC(2117) Metaspace: 29105K(29376K)->29105K(29376K) NonClass: 25998K(26112K)->25998K(26112K) Class: 3106K(3264K)->3106K(3264K)
[6254.856s][info][gc             ] GC(2117) Pause Young (Allocation Failure) 5269M->3018M(5884M) 98.608ms
[6254.856s][info][gc,cpu         ] GC(2117) User=0.58s Sys=0.00s Real=0.10s
..[6256.391s][info][gc,start       ] GC(2118) Pause Young (Allocation Failure)
[6256.484s][info][gc,heap        ] GC(2118) PSYoungGen: 2585317K(2605568K)->153344K(2607616K) Eden: 2419712K(2419712K)->0K(2424832K) From: 165605K(185856K)->153344K(182784K)
[6256.484s][info][gc,heap        ] GC(2118) ParOldGen: 2925430K(3420160K)->3030590K(3420160K)
[6256.484s][info][gc,metaspace   ] GC(2118) Metaspace: 29105K(29376K)->29105K(29376K) NonClass: 25998K(26112K)->25998K(26112K) Class: 3106K(3264K)->3106K(3264K)
[6256.484s][info][gc             ] GC(2118) Pause Young (Allocation Failure) 5381M->3109M(5886M) 93.131ms
[6256.484s][info][gc,cpu         ] GC(2118) User=0.55s Sys=0.00s Real=0.10s
.[6257.963s][info][gc,start       ] GC(2119) Pause Young (Allocation Failure)
[6258.055s][info][gc,heap        ] GC(2119) PSYoungGen: 2578176K(2607616K)->148864K(2609152K) Eden: 2424832K(2424832K)->0K(2424832K) From: 153344K(182784K)->148864K(184320K)
[6258.055s][info][gc,heap        ] GC(2119) ParOldGen: 3030590K(3420160K)->3134030K(3420160K)
[6258.055s][info][gc,metaspace   ] GC(2119) Metaspace: 29105K(29376K)->29105K(29376K) NonClass: 25998K(26112K)->25998K(26112K) Class: 3106K(3264K)->3106K(3264K)
[6258.055s][info][gc             ] GC(2119) Pause Young (Allocation Failure) 5477M->3205M(5888M) 91.958ms
[6258.055s][info][gc,cpu         ] GC(2119) User=0.54s Sys=0.00s Real=0.09s
..[6259.634s][info][gc,start       ] GC(2120) Pause Young (Allocation Failure)
[6259.731s][info][gc,heap        ] GC(2120) PSYoungGen: 2573696K(2609152K)->160756K(2608128K) Eden: 2424832K(2424832K)->0K(2427904K) From: 148864K(184320K)->160756K(180224K)
[6259.731s][info][gc,heap        ] GC(2120) ParOldGen: 3134030K(3420160K)->3238558K(3420160K)
[6259.731s][info][gc,metaspace   ] GC(2120) Metaspace: 29105K(29376K)->29105K(29376K) NonClass: 25998K(26112K)->25998K(26112K) Class: 3106K(3264K)->3106K(3264K)
[6259.731s][info][gc             ] GC(2120) Pause Young (Allocation Failure) 5573M->3319M(5887M) 97.315ms
[6259.731s][info][gc,cpu         ] GC(2120) User=0.57s Sys=0.00s Real=0.09s
.[6261.272s][info][gc,start       ] GC(2121) Pause Young (Allocation Failure)
[6261.366s][info][gc,heap        ] GC(2121) PSYoungGen: 2588660K(2608128K)->156336K(2610176K) Eden: 2427904K(2427904K)->0K(2427904K) From: 160756K(180224K)->156336K(182272K)
[6261.366s][info][gc,heap        ] GC(2121) ParOldGen: 3238558K(3420160K)->3341342K(3420160K)
[6261.366s][info][gc,metaspace   ] GC(2121) Metaspace: 29105K(29376K)->29105K(29376K) NonClass: 25998K(26112K)->25998K(26112K) Class: 3106K(3264K)->3106K(3264K)
[6261.366s][info][gc             ] GC(2121) Pause Young (Allocation Failure) 5690M->3415M(5889M) 94.228ms
[6261.366s][info][gc,cpu         ] GC(2121) User=0.56s Sys=0.01s Real=0.09s
..[6262.904s][info][gc,start       ] GC(2122) Pause Young (Allocation Failure)
[6263.003s][info][gc,heap        ] GC(2122) PSYoungGen: 2584240K(2610176K)->164388K(2613760K) Eden: 2427904K(2427904K)->0K(2433536K) From: 156336K(182272K)->164388K(180224K)
[6263.003s][info][gc,heap        ] GC(2122) ParOldGen: 3341342K(3420160K)->3446542K(3446784K)
[6263.003s][info][gc,metaspace   ] GC(2122) Metaspace: 29105K(29376K)->29105K(29376K) NonClass: 25998K(26112K)->25998K(26112K) Class: 3106K(3264K)->3106K(3264K)
[6263.003s][info][gc             ] GC(2122) Pause Young (Allocation Failure) 5786M->3526M(5918M) 99.667ms
[6263.003s][info][gc,cpu         ] GC(2122) User=0.58s Sys=0.01s Real=0.10s
..[6264.482s][info][gc,start       ] GC(2123) Pause Young (Allocation Failure)
[6264.586s][info][gc,heap        ] GC(2123) PSYoungGen: 2597924K(2613760K)->168981K(2613760K) Eden: 2433536K(2433536K)->0K(2433536K) From: 164388K(180224K)->168981K(180224K)
[6264.586s][info][gc,heap        ] GC(2123) ParOldGen: 3446542K(3446784K)->3549358K(3549696K)
[6264.586s][info][gc,metaspace   ] GC(2123) Metaspace: 29105K(29376K)->29105K(29376K) NonClass: 25998K(26112K)->25998K(26112K) Class: 3106K(3264K)->3106K(3264K)
[6264.586s][info][gc             ] GC(2123) Pause Young (Allocation Failure) 5902M->3631M(6019M) 103.840ms
[6264.586s][info][gc,cpu         ] GC(2123) User=0.58s Sys=0.03s Real=0.10s
.[6266.145s][info][gc,start       ] GC(2124) Pause Young (Allocation Failure)
[6266.245s][info][gc,heap        ] GC(2124) PSYoungGen: 2602517K(2613760K)->159424K(2613248K) Eden: 2433536K(2433536K)->0K(2434048K) From: 168981K(180224K)->159424K(179200K)
[6266.245s][info][gc,heap        ] GC(2124) ParOldGen: 3549358K(3549696K)->3652246K(3652608K)
[6266.245s][info][gc,metaspace   ] GC(2124) Metaspace: 29105K(29376K)->29105K(29376K) NonClass: 25998K(26112K)->25998K(26112K) Class: 3106K(3264K)->3106K(3264K)
[6266.245s][info][gc             ] GC(2124) Pause Young (Allocation Failure) 6007M->3722M(6119M) 99.349ms
[6266.245s][info][gc,cpu         ] GC(2124) User=0.55s Sys=0.03s Real=0.10s
..[6267.765s][info][gc,start       ] GC(2125) Pause Young (Allocation Failure)
[6267.868s][info][gc,heap        ] GC(2125) PSYoungGen: 2593472K(2613248K)->163280K(2613760K) Eden: 2434048K(2434048K)->0K(2434048K) From: 159424K(179200K)->163280K(179712K)
[6267.868s][info][gc,heap        ] GC(2125) ParOldGen: 3652246K(3652608K)->3761638K(3761664K)
[6267.868s][info][gc,metaspace   ] GC(2125) Metaspace: 29105K(29376K)->29105K(29376K) NonClass: 25998K(26112K)->25998K(26112K) Class: 3106K(3264K)->3106K(3264K)
[6267.868s][info][gc             ] GC(2125) Pause Young (Allocation Failure) 6099M->3832M(6226M) 103.780ms
[6267.868s][info][gc,cpu         ] GC(2125) User=0.58s Sys=0.04s Real=0.10s
.[6269.469s][info][gc,start       ] GC(2126) Pause Young (Allocation Failure)
[6269.569s][info][gc,heap        ] GC(2126) PSYoungGen: 2597328K(2613760K)->160516K(2613760K) Eden: 2434048K(2434048K)->0K(2437632K) From: 163280K(179712K)->160516K(176128K)
[6269.569s][info][gc,heap        ] GC(2126) ParOldGen: 3761638K(3761664K)->3862750K(3863040K)
[6269.569s][info][gc,metaspace   ] GC(2126) Metaspace: 29105K(29376K)->29105K(29376K) NonClass: 25998K(26112K)->25998K(26112K) Class: 3106K(3264K)->3106K(3264K)
[6269.569s][info][gc             ] GC(2126) Pause Young (Allocation Failure) 6209M->3928M(6325M) 99.276ms
[6269.569s][info][gc,cpu         ] GC(2126) User=0.55s Sys=0.03s Real=0.10s
..[6271.205s][info][gc,start       ] GC(2127) Pause Young (Allocation Failure)
[6271.305s][info][gc,heap        ] GC(2127) PSYoungGen: 2598148K(2613760K)->156288K(2614784K) Eden: 2437632K(2437632K)->0K(2437632K) From: 160516K(176128K)->156288K(177152K)
[6271.305s][info][gc,heap        ] GC(2127) ParOldGen: 3862750K(3863040K)->3964790K(3964928K)
[6271.305s][info][gc,metaspace   ] GC(2127) Metaspace: 29105K(29376K)->29105K(29376K) NonClass: 25998K(26112K)->25998K(26112K) Class: 3106K(3264K)->3106K(3264K)
[6271.305s][info][gc             ] GC(2127) Pause Young (Allocation Failure) 6309M->4024M(6425M) 99.775ms
[6271.305s][info][gc,cpu         ] GC(2127) User=0.55s Sys=0.03s Real=0.10s
..[6272.870s][info][gc,start       ] GC(2128) Pause Young (Allocation Failure)
[6272.972s][info][gc,heap        ] GC(2128) PSYoungGen: 2593920K(2614784K)->162720K(2617856K) Eden: 2437632K(2437632K)->0K(2442752K) From: 156288K(177152K)->162720K(175104K)
[6272.972s][info][gc,heap        ] GC(2128) ParOldGen: 3964790K(3964928K)->4069406K(4069888K)
[6272.972s][info][gc,metaspace   ] GC(2128) Metaspace: 29105K(29376K)->29105K(29376K) NonClass: 25998K(26112K)->25998K(26112K) Class: 3106K(3264K)->3106K(3264K)
[6272.972s][info][gc             ] GC(2128) Pause Young (Allocation Failure) 6404M->4132M(6531M) 102.182ms
[6272.972s][info][gc,cpu         ] GC(2128) User=0.56s Sys=0.04s Real=0.11s
. (rIR:aIR:PR = 10378:10370:10370) (tPR = 150853) [OK] 
  6273s: Performance info:
         Transaction,    Success,    Partial,     Failed,   Receipts, AvgBarcode, 
             Overall,     626061,          0,          0,     594652,      59.47, 
         Response times:
             Request,    Success,    Partial,     Failed,   SkipFail,     Probes,    Samples,      min,      p50,      p90,      p95,      p99,      max, 
       TotalPurchase,     594645,          0,          0,          0,     337642,     394791,      200,    10200,   113000,   392000,   630000,  1100000,
     InStorePurchase,     317917,          0,          0,          0,     177229,     207599,      200,    10200,   113000,   386000,   562000,  1100000,
      OnlinePurchase,     213303,          0,          0,          0,     124368,     144877,      300,    10200,   114000,   400000,   670000,  1100000,
        InstPurchase,      63425,          0,          0,          0,      36045,      42315,      400,    10200,   113000,   380200,   550000,   940000,
          AssocOfCat,        626,          0,          0,          0,        482,        617,    26000,    49000,   149000,   342100,   540460,   760000,
      AssocOfProduct,       6202,          0,          0,          0,       3475,       4105,      400,    11400,   125000,   414000,   564000,   850000,
      BusinessReport,       1568,          0,          0,          0,       1328,       1665,    29000,    70000,   197400,   524000,   700000,  1100000,
          CustBuyBeh,       6323,          0,          0,          0,       3375,       4014,      300,    11100,   118000,   428500,   620000,   850000,
       ProductReturn,      16688,          0,          0,          0,       9732,      11348,      100,    10600,   112000,   391000,   550000,   940000,

  6273s: (76%)   IR =  10516 [6274.484s][info][gc,start       ] GC(2129) Pause Young (Allocation Failure)
[6274.586s][info][gc,heap        ] GC(2129) PSYoungGen: 2605472K(2617856K)->158961K(2618368K) Eden: 2442752K(2442752K)->0K(2442752K) From: 162720K(175104K)->158961K(175616K)
[6274.586s][info][gc,heap        ] GC(2129) ParOldGen: 4069406K(4069888K)->4174654K(4174848K)
[6274.586s][info][gc,metaspace   ] GC(2129) Metaspace: 29105K(29376K)->29105K(29376K) NonClass: 25998K(26112K)->25998K(26112K) Class: 3106K(3264K)->3106K(3264K)
[6274.586s][info][gc             ] GC(2129) Pause Young (Allocation Failure) 6518M->4232M(6634M) 101.709ms
[6274.586s][info][gc,cpu         ] GC(2129) User=0.57s Sys=0.02s Real=0.10s
..[6276.119s][info][gc,start       ] GC(2130) Pause Young (Allocation Failure)
[6276.221s][info][gc,heap        ] GC(2130) PSYoungGen: 2601713K(2618368K)->160532K(2617856K) Eden: 2442752K(2442752K)->0K(2445824K) From: 158961K(175616K)->160532K(172032K)
[6276.221s][info][gc,heap        ] GC(2130) ParOldGen: 4174654K(4174848K)->4279230K(4279296K)
[6276.221s][info][gc,metaspace   ] GC(2130) Metaspace: 29105K(29376K)->29105K(29376K) NonClass: 25998K(26112K)->25998K(26112K) Class: 3106K(3264K)->3106K(3264K)
[6276.221s][info][gc             ] GC(2130) Pause Young (Allocation Failure) 6617M->4335M(6735M) 102.390ms
[6276.221s][info][gc,cpu         ] GC(2130) User=0.57s Sys=0.03s Real=0.10s
..[6277.782s][info][gc,start       ] GC(2131) Pause Young (Allocation Failure)
[6277.884s][info][gc,heap        ] GC(2131) PSYoungGen: 2606356K(2617856K)->161888K(2618880K) Eden: 2445824K(2445824K)->0K(2445824K) From: 160532K(172032K)->161888K(173056K)
[6277.884s][info][gc,heap        ] GC(2131) ParOldGen: 4279230K(4279296K)->4383078K(4383232K)
[6277.884s][info][gc,metaspace   ] GC(2131) Metaspace: 29105K(29376K)->29105K(29376K) NonClass: 25998K(26112K)->25998K(26112K) Class: 3106K(3264K)->3106K(3264K)
[6277.884s][info][gc             ] GC(2131) Pause Young (Allocation Failure) 6724M->4438M(6838M) 102.013ms
[6277.884s][info][gc,cpu         ] GC(2131) User=0.57s Sys=0.03s Real=0.10s
.[6279.414s][info][gc,start       ] GC(2132) Pause Young (Allocation Failure)
[6279.513s][info][gc,heap        ] GC(2132) PSYoungGen: 2607712K(2618880K)->153184K(2622464K) Eden: 2445824K(2445824K)->0K(2450432K) From: 161888K(173056K)->153184K(172032K)
[6279.513s][info][gc,heap        ] GC(2132) ParOldGen: 4383078K(4383232K)->4488750K(4489216K)
[6279.513s][info][gc,metaspace   ] GC(2132) Metaspace: 29105K(29376K)->29105K(29376K) NonClass: 25998K(26112K)->25998K(26112K) Class: 3106K(3264K)->3106K(3264K)
[6279.513s][info][gc             ] GC(2132) Pause Young (Allocation Failure) 6826M->4533M(6945M) 99.054ms
[6279.513s][info][gc,cpu         ] GC(2132) User=0.55s Sys=0.03s Real=0.10s
..[6281.069s][info][gc,start       ] GC(2133) Pause Young (Allocation Failure)
[6281.170s][info][gc,heap        ] GC(2133) PSYoungGen: 2603616K(2622464K)->157664K(2622976K) Eden: 2450432K(2450432K)->0K(2450432K) From: 153184K(172032K)->157664K(172544K)
[6281.170s][info][gc,heap        ] GC(2133) ParOldGen: 4488750K(4489216K)->4593358K(4593664K)
[6281.170s][info][gc,metaspace   ] GC(2133) Metaspace: 29105K(29376K)->29105K(29376K) NonClass: 25998K(26112K)->25998K(26112K) Class: 3106K(3264K)->3106K(3264K)
[6281.170s][info][gc             ] GC(2133) Pause Young (Allocation Failure) 6926M->4639M(7047M) 100.819ms
[6281.170s][info][gc,cpu         ] GC(2133) User=0.56s Sys=0.03s Real=0.10s
.[6282.695s][info][gc,start       ] GC(2134) Pause Young (Allocation Failure)
[6282.798s][info][gc,heap        ] GC(2134) PSYoungGen: 2608096K(2622976K)->160864K(2622976K) Eden: 2450432K(2450432K)->0K(2451968K) From: 157664K(172544K)->160864K(171008K)
[6282.798s][info][gc,heap        ] GC(2134) ParOldGen: 4593358K(4593664K)->4695334K(4695552K)
[6282.798s][info][gc,metaspace   ] GC(2134) Metaspace: 29105K(29376K)->29105K(29376K) NonClass: 25998K(26112K)->25998K(26112K) Class: 3106K(3264K)->3106K(3264K)
[6282.798s][info][gc             ] GC(2134) Pause Young (Allocation Failure) 7032M->4742M(7147M) 103.045ms
[6282.798s][info][gc,cpu         ] GC(2134) User=0.58s Sys=0.03s Real=0.10s
..[6284.396s][info][gc,start       ] GC(2135) Pause Young (Allocation Failure)
[6284.498s][info][gc,heap        ] GC(2135) PSYoungGen: 2612832K(2622976K)->165285K(2622976K) Eden: 2451968K(2451968K)->0K(2451968K) From: 160864K(171008K)->165285K(171008K)
[6284.498s][info][gc,heap        ] GC(2135) ParOldGen: 4695334K(4695552K)->4797414K(4797440K)
[6284.498s][info][gc,metaspace   ] GC(2135) Metaspace: 29105K(29376K)->29105K(29376K) NonClass: 25998K(26112K)->25998K(26112K) Class: 3106K(3264K)->3106K(3264K)
[6284.498s][info][gc             ] GC(2135) Pause Young (Allocation Failure) 7136M->4846M(7246M) 102.004ms
[6284.498s][info][gc,cpu         ] GC(2135) User=0.57s Sys=0.03s Real=0.10s
..[6285.936s][info][gc,start       ] GC(2136) Pause Young (Allocation Failure)
[6286.043s][info][gc,heap        ] GC(2136) PSYoungGen: 2617253K(2622976K)->169632K(2619904K) Eden: 2451968K(2451968K)->0K(2447872K) From: 165285K(171008K)->169632K(172032K)
[6286.043s][info][gc,heap        ] GC(2136) ParOldGen: 4797414K(4797440K)->4905934K(4905984K)
[6286.043s][info][gc,metaspace   ] GC(2136) Metaspace: 29105K(29376K)->29105K(29376K) NonClass: 25998K(26112K)->25998K(26112K) Class: 3106K(3264K)->3106K(3264K)
[6286.043s][info][gc             ] GC(2136) Pause Young (Allocation Failure) 7240M->4956M(7349M) 107.027ms
[6286.043s][info][gc,cpu         ] GC(2136) User=0.60s Sys=0.04s Real=0.11s
.[6287.599s][info][gc,start       ] GC(2137) Pause Young (Allocation Failure)
[6287.704s][info][gc,heap        ] GC(2137) PSYoungGen: 2617504K(2619904K)->167824K(2615808K) Eden: 2447872K(2447872K)->0K(2447872K) From: 169632K(172032K)->167824K(167936K)
[6287.704s][info][gc,heap        ] GC(2137) ParOldGen: 4905934K(4905984K)->5006910K(5007360K)
[6287.704s][info][gc,metaspace   ] GC(2137) Metaspace: 29105K(29376K)->29105K(29376K) NonClass: 25998K(26112K)->25998K(26112K) Class: 3106K(3264K)->3106K(3264K)
[6287.704s][info][gc             ] GC(2137) Pause Young (Allocation Failure) 7347M->5053M(7444M) 104.524ms
[6287.704s][info][gc,cpu         ] GC(2137) User=0.58s Sys=0.04s Real=0.11s
..[6289.217s][info][gc,start       ] GC(2138) Pause Young (Allocation Failure)
[6289.315s][info][gc,heap        ] GC(2138) PSYoungGen: 2615696K(2615808K)->145888K(2618368K) Eden: 2447872K(2447872K)->0K(2442752K) From: 167824K(167936K)->145888K(175616K)
[6289.315s][info][gc,heap        ] GC(2138) ParOldGen: 5006910K(5007360K)->5113590K(5113856K)
[6289.315s][info][gc,metaspace   ] GC(2138) Metaspace: 29105K(29376K)->29105K(29376K) NonClass: 25998K(26112K)->25998K(26112K) Class: 3106K(3264K)->3106K(3264K)
[6289.315s][info][gc             ] GC(2138) Pause Young (Allocation Failure) 7443M->5136M(7551M) 97.734ms
[6289.315s][info][gc,cpu         ] GC(2138) User=0.54s Sys=0.04s Real=0.10s
.[6290.810s][info][gc,start       ] GC(2139) Pause Young (Allocation Failure)
[6290.911s][info][gc,heap        ] GC(2139) PSYoungGen: 2588640K(2618368K)->164160K(2619392K) Eden: 2442752K(2442752K)->0K(2442752K) From: 145888K(175616K)->164160K(176640K)
[6290.911s][info][gc,heap        ] GC(2139) ParOldGen: 5113590K(5113856K)->5213774K(5214208K)
[6290.911s][info][gc,metaspace   ] GC(2139) Metaspace: 29105K(29376K)->29105K(29376K) NonClass: 25998K(26112K)->25998K(26112K) Class: 3106K(3264K)->3106K(3264K)
[6290.911s][info][gc             ] GC(2139) Pause Young (Allocation Failure) 7521M->5251M(7650M) 101.340ms
[6290.911s][info][gc,cpu         ] GC(2139) User=0.57s Sys=0.02s Real=0.10s
..|[6292.367s][info][gc,start       ] GC(2140) Pause Young (Allocation Failure)
[6292.469s][info][gc,heap        ] GC(2140) PSYoungGen: 2606912K(2619392K)->155264K(2618368K) Eden: 2442752K(2442752K)->0K(2442752K) From: 164160K(176640K)->155264K(175616K)
[6292.469s][info][gc,heap        ] GC(2140) ParOldGen: 5213774K(5214208K)->5323166K(5323264K)
[6292.470s][info][gc,metaspace   ] GC(2140) Metaspace: 29105K(29376K)->29105K(29376K) NonClass: 25998K(26112K)->25998K(26112K) Class: 3106K(3264K)->3106K(3264K)
[6292.470s][info][gc             ] GC(2140) Pause Young (Allocation Failure) 7637M->5350M(7755M) 102.132ms
[6292.470s][info][gc,cpu         ] GC(2140) User=0.56s Sys=0.04s Real=0.10s
.[6293.967s][info][gc,start       ] GC(2141) Pause Young (Allocation Failure)
[6294.067s][info][gc,heap        ] GC(2141) PSYoungGen: 2598016K(2618368K)->157929K(2618880K) Eden: 2442752K(2442752K)->0K(2442752K) From: 155264K(175616K)->157929K(176128K)
[6294.067s][info][gc,heap        ] GC(2141) ParOldGen: 5323166K(5323264K)->5423294K(5423616K)
[6294.067s][info][gc,metaspace   ] GC(2141) Metaspace: 29105K(29376K)->29105K(29376K) NonClass: 25998K(26112K)->25998K(26112K) Class: 3106K(3264K)->3106K(3264K)
[6294.067s][info][gc             ] GC(2141) Pause Young (Allocation Failure) 7735M->5450M(7854M) 100.129ms
[6294.067s][info][gc,cpu         ] GC(2141) User=0.56s Sys=0.03s Real=0.10s
..[6295.558s][info][gc,start       ] GC(2142) Pause Young (Allocation Failure)
[6295.663s][info][gc,heap        ] GC(2142) PSYoungGen: 2600681K(2618880K)->155753K(2619392K) Eden: 2442752K(2442752K)->0K(2444800K) From: 157929K(176128K)->155753K(174592K)
[6295.663s][info][gc,heap        ] GC(2142) ParOldGen: 5423294K(5423616K)->5532286K(5532672K)
[6295.663s][info][gc,metaspace   ] GC(2142) Metaspace: 29105K(29376K)->29105K(29376K) NonClass: 25998K(26112K)->25998K(26112K) Class: 3106K(3264K)->3106K(3264K)
[6295.663s][info][gc             ] GC(2142) Pause Young (Allocation Failure) 7835M->5554M(7961M) 105.193ms
[6295.663s][info][gc,cpu         ] GC(2142) User=0.59s Sys=0.02s Real=0.11s
..[6297.187s][info][gc,start       ] GC(2143) Pause Full (Allocation Failure)
[6297.187s][info][gc,phases,start] GC(2143) Marking Phase
[6297.504s][info][gc,phases      ] GC(2143) Marking Phase 317.443ms
[6297.504s][info][gc,phases,start] GC(2143) Summary Phase
[6297.505s][info][gc,phases      ] GC(2143) Summary Phase 0.100ms
[6297.505s][info][gc,phases,start] GC(2143) Forward
[6297.643s][info][gc,phases      ] GC(2143) Forward 138.126ms
[6297.643s][info][gc,phases,start] GC(2143) Adjust Pointers
[6297.857s][info][gc,phases      ] GC(2143) Adjust Pointers 214.555ms
[6297.857s][info][gc,phases,start] GC(2143) Compaction Phase
[6298.007s][info][gc,phases      ] GC(2143) Compaction Phase 150.133ms
[6298.009s][info][gc,phases,start] GC(2143) Post Compact
[6298.016s][info][gc,phases      ] GC(2143) Post Compact 6.943ms
[6298.138s][info][gc,heap        ] GC(2143) PSYoungGen: 2600553K(2619392K)->0K(2618880K) Eden: 2444800K(2444800K)->0K(2444800K) From: 155753K(174592K)->0K(174080K)
[6298.138s][info][gc,heap        ] GC(2143) ParOldGen: 5532286K(5532672K)->1633680K(2109952K)
[6298.138s][info][gc,metaspace   ] GC(2143) Metaspace: 29105K(29376K)->29105K(29376K) NonClass: 25998K(26112K)->25998K(26112K) Class: 3106K(3264K)->3106K(3264K)
[6298.138s][info][gc             ] GC(2143) Pause Full (Allocation Failure) 7942M->1595M(4618M) 951.450ms
[6298.138s][info][gc,cpu         ] GC(2143) User=4.42s Sys=0.12s Real=0.95s
..[6299.378s][info][gc,start       ] GC(2144) Pause Young (Allocation Failure)
[6299.445s][info][gc,heap        ] GC(2144) PSYoungGen: 2444800K(2618880K)->162871K(2621440K) Eden: 2444800K(2444800K)->0K(2447872K) From: 0K(174080K)->162871K(173568K)
[6299.445s][info][gc,heap        ] GC(2144) ParOldGen: 1633680K(2109952K)->1633680K(2109952K)
[6299.445s][info][gc,metaspace   ] GC(2144) Metaspace: 29105K(29376K)->29105K(29376K) NonClass: 25998K(26112K)->25998K(26112K) Class: 3106K(3264K)->3106K(3264K)
[6299.445s][info][gc             ] GC(2144) Pause Young (Allocation Failure) 3982M->1754M(4620M) 66.858ms
[6299.445s][info][gc,cpu         ] GC(2144) User=0.40s Sys=0.00s Real=0.07s
.[6300.865s][info][gc,start       ] GC(2145) Pause Young (Allocation Failure)
[6300.969s][info][gc,heap        ] GC(2145) PSYoungGen: 2610743K(2621440K)->173563K(2621440K) Eden: 2447872K(2447872K)->0K(2447872K) From: 162871K(173568K)->173563K(173568K)
[6300.969s][info][gc,heap        ] GC(2145) ParOldGen: 1633680K(2109952K)->1745797K(2109952K)
[6300.969s][info][gc,metaspace   ] GC(2145) Metaspace: 29105K(29376K)->29105K(29376K) NonClass: 25998K(26112K)->25998K(26112K) Class: 3106K(3264K)->3106K(3264K)
[6300.969s][info][gc             ] GC(2145) Pause Young (Allocation Failure) 4144M->1874M(4620M) 104.385ms
[6300.969s][info][gc,cpu         ] GC(2145) User=0.62s Sys=0.00s Real=0.10s
.[6302.258s][info][gc,start       ] GC(2146) Pause Young (Allocation Failure)
[6302.350s][info][gc,heap        ] GC(2146) PSYoungGen: 2621435K(2621440K)->159328K(2537472K) Eden: 2447872K(2447872K)->0K(2362880K) From: 173563K(173568K)->159328K(174592K)
[6302.350s][info][gc,heap        ] GC(2146) ParOldGen: 1745797K(2109952K)->1842589K(2109952K)
[6302.350s][info][gc,metaspace   ] GC(2146) Metaspace: 29105K(29376K)->29105K(29376K) NonClass: 25998K(26112K)->25998K(26112K) Class: 3106K(3264K)->3106K(3264K)
[6302.350s][info][gc             ] GC(2146) Pause Young (Allocation Failure) 4264M->1954M(4538M) 91.842ms
[6302.350s][info][gc,cpu         ] GC(2146) User=0.54s Sys=0.00s Real=0.09s
..[6303.708s][info][gc,start       ] GC(2147) Pause Young (Allocation Failure)
[6303.812s][info][gc,heap        ] GC(2147) PSYoungGen: 2522208K(2537472K)->172980K(2579456K) Eden: 2362880K(2362880K)->0K(2362880K) From: 159328K(174592K)->172980K(216576K)
[6303.812s][info][gc,heap        ] GC(2147) ParOldGen: 1842589K(2109952K)->1953477K(2109952K)
[6303.812s][info][gc,metaspace   ] GC(2147) Metaspace: 29105K(29376K)->29105K(29376K) NonClass: 25998K(26112K)->25998K(26112K) Class: 3106K(3264K)->3106K(3264K)
[6303.812s][info][gc             ] GC(2147) Pause Young (Allocation Failure) 4262M->2076M(4579M) 103.902ms
[6303.812s][info][gc,cpu         ] GC(2147) User=0.61s Sys=0.00s Real=0.11s
.[6305.195s][info][gc,start       ] GC(2148) Pause Young (Allocation Failure)
[6305.287s][info][gc,heap        ] GC(2148) PSYoungGen: 2535860K(2579456K)->150324K(2573824K) Eden: 2362880K(2362880K)->0K(2366464K) From: 172980K(216576K)->150324K(207360K)
[6305.287s][info][gc,heap        ] GC(2148) ParOldGen: 1953477K(2109952K)->2054949K(2109952K)
[6305.287s][info][gc,metaspace   ] GC(2148) Metaspace: 29105K(29376K)->29105K(29376K) NonClass: 25998K(26112K)->25998K(26112K) Class: 3106K(3264K)->3106K(3264K)
[6305.287s][info][gc             ] GC(2148) Pause Young (Allocation Failure) 4384M->2153M(4574M) 91.370ms
[6305.287s][info][gc,cpu         ] GC(2148) User=0.53s Sys=0.00s Real=0.09s
..[6306.782s][info][gc,start       ] GC(2149) Pause Young (Allocation Failure)
[6306.886s][info][gc,heap        ] GC(2149) PSYoungGen: 2516788K(2573824K)->178293K(2578432K) Eden: 2366464K(2366464K)->0K(2366464K) From: 150324K(207360K)->178293K(211968K)
[6306.886s][info][gc,heap        ] GC(2149) ParOldGen: 2054949K(2109952K)->2151213K(2151424K)
[6306.886s][info][gc,metaspace   ] GC(2149) Metaspace: 29105K(29376K)->29105K(29376K) NonClass: 25998K(26112K)->25998K(26112K) Class: 3106K(3264K)->3106K(3264K)
[6306.886s][info][gc             ] GC(2149) Pause Young (Allocation Failure) 4464M->2274M(4619M) 104.007ms
[6306.886s][info][gc,cpu         ] GC(2149) User=0.60s Sys=0.01s Real=0.10s
.[6308.368s][info][gc,start       ] GC(2150) Pause Young (Allocation Failure)
[6308.464s][info][gc,heap        ] GC(2150) PSYoungGen: 2544757K(2578432K)->144192K(2583552K) Eden: 2366464K(2366464K)->0K(2372608K) From: 178293K(211968K)->144192K(210944K)
[6308.464s][info][gc,heap        ] GC(2150) ParOldGen: 2151213K(2151424K)->2260509K(2260992K)
[6308.464s][info][gc,metaspace   ] GC(2150) Metaspace: 29105K(29376K)->29105K(29376K) NonClass: 25998K(26112K)->25998K(26112K) Class: 3106K(3264K)->3106K(3264K)
[6308.464s][info][gc             ] GC(2150) Pause Young (Allocation Failure) 4585M->2348M(4731M) 95.357ms
[6308.464s][info][gc,cpu         ] GC(2150) User=0.53s Sys=0.03s Real=0.10s
..[6310.040s][info][gc,start       ] GC(2151) Pause Young (Allocation Failure)
[6310.136s][info][gc,heap        ] GC(2151) PSYoungGen: 2516800K(2583552K)->156132K(2528768K) Eden: 2372608K(2372608K)->0K(2372608K) From: 144192K(210944K)->156132K(156160K)
[6310.136s][info][gc,heap        ] GC(2151) ParOldGen: 2260509K(2260992K)->2357805K(2358272K)
[6310.136s][info][gc,metaspace   ] GC(2151) Metaspace: 29105K(29376K)->29105K(29376K) NonClass: 25998K(26112K)->25998K(26112K) Class: 3106K(3264K)->3106K(3264K)
[6310.136s][info][gc             ] GC(2151) Pause Young (Allocation Failure) 4665M->2455M(4772M) 96.397ms
[6310.136s][info][gc,cpu         ] GC(2151) User=0.54s Sys=0.03s Real=0.10s
.[6311.707s][info][gc,start       ] GC(2152) Pause Young (Allocation Failure)
[6311.807s][info][gc,heap        ] GC(2152) PSYoungGen: 2528740K(2528768K)->162688K(2587136K) Eden: 2372608K(2372608K)->0K(2377728K) From: 156132K(156160K)->162688K(209408K)
[6311.807s][info][gc,heap        ] GC(2152) ParOldGen: 2357805K(2358272K)->2462301K(2462720K)
[6311.807s][info][gc,metaspace   ] GC(2152) Metaspace: 29105K(29376K)->29105K(29376K) NonClass: 25998K(26112K)->25998K(26112K) Class: 3106K(3264K)->3106K(3264K)
[6311.807s][info][gc             ] GC(2152) Pause Young (Allocation Failure) 4772M->2563M(4931M) 100.129ms
[6311.807s][info][gc,cpu         ] GC(2152) User=0.56s Sys=0.04s Real=0.10s
..[6313.305s][info][gc,start       ] GC(2153) Pause Young (Allocation Failure)
[6313.406s][info][gc,heap        ] GC(2153) PSYoungGen: 2540416K(2587136K)->164836K(2583040K) Eden: 2377728K(2377728K)->0K(2377728K) From: 162688K(209408K)->164836K(205312K)
[6313.406s][info][gc,heap        ] GC(2153) ParOldGen: 2462301K(2462720K)->2562397K(2562560K)
[6313.406s][info][gc,metaspace   ] GC(2153) Metaspace: 29105K(29376K)->29105K(29376K) NonClass: 25998K(26112K)->25998K(26112K) Class: 3106K(3264K)->3106K(3264K)
[6313.406s][info][gc             ] GC(2153) Pause Young (Allocation Failure) 4885M->2663M(5025M) 101.066ms
[6313.406s][info][gc,cpu         ] GC(2153) User=0.57s Sys=0.04s Real=0.10s
..[6314.913s][info][gc,start       ] GC(2154) Pause Young (Allocation Failure)
[6315.016s][info][gc,heap        ] GC(2154) PSYoungGen: 2542564K(2583040K)->168928K(2585600K) Eden: 2377728K(2377728K)->0K(2383872K) From: 164836K(205312K)->168928K(201728K)
[6315.016s][info][gc,heap        ] GC(2154) ParOldGen: 2562397K(2562560K)->2664549K(2664960K)
[6315.016s][info][gc,metaspace   ] GC(2154) Metaspace: 29105K(29376K)->29105K(29376K) NonClass: 25998K(26112K)->25998K(26112K) Class: 3106K(3264K)->3106K(3264K)
[6315.016s][info][gc             ] GC(2154) Pause Young (Allocation Failure) 4985M->2767M(5127M) 103.074ms
[6315.016s][info][gc,cpu         ] GC(2154) User=0.59s Sys=0.02s Real=0.10s
.[6316.475s][info][gc,start       ] GC(2155) Pause Young (Allocation Failure)
[6316.576s][info][gc,heap        ] GC(2155) PSYoungGen: 2552800K(2585600K)->158761K(2583040K) Eden: 2383872K(2383872K)->0K(2383872K) From: 168928K(201728K)->158761K(199168K)
[6316.576s][info][gc,heap        ] GC(2155) ParOldGen: 2664549K(2664960K)->2771333K(2771456K)
[6316.576s][info][gc,metaspace   ] GC(2155) Metaspace: 29105K(29376K)->29105K(29376K) NonClass: 25998K(26112K)->25998K(26112K) Class: 3106K(3264K)->3106K(3264K)
[6316.576s][info][gc             ] GC(2155) Pause Young (Allocation Failure) 5095M->2861M(5229M) 101.531ms
[6316.576s][info][gc,cpu         ] GC(2155) User=0.57s Sys=0.04s Real=0.10s
..[6318.063s][info][gc,start       ] GC(2156) Pause Young (Allocation Failure)
[6318.162s][info][gc,heap        ] GC(2156) PSYoungGen: 2542633K(2583040K)->161296K(2594304K) Eden: 2383872K(2383872K)->0K(2397184K) From: 158761K(199168K)->161296K(197120K)
[6318.162s][info][gc,heap        ] GC(2156) ParOldGen: 2771333K(2771456K)->2869933K(2870272K)
[6318.162s][info][gc,metaspace   ] GC(2156) Metaspace: 29105K(29376K)->29105K(29376K) NonClass: 25998K(26112K)->25998K(26112K) Class: 3106K(3264K)->3106K(3264K)
[6318.162s][info][gc             ] GC(2156) Pause Young (Allocation Failure) 5189M->2960M(5336M) 98.961ms
[6318.162s][info][gc,cpu         ] GC(2156) User=0.56s Sys=0.02s Real=0.10s
.[6319.639s][info][gc,start       ] GC(2157) Pause Young (Allocation Failure)
[6319.744s][info][gc,heap        ] GC(2157) PSYoungGen: 2558480K(2594304K)->168144K(2592256K) Eden: 2397184K(2397184K)->0K(2397184K) From: 161296K(197120K)->168144K(195072K)
[6319.744s][info][gc,heap        ] GC(2157) ParOldGen: 2869933K(2870272K)->2975597K(2975744K)
[6319.744s][info][gc,metaspace   ] GC(2157) Metaspace: 29105K(29376K)->29105K(29376K) NonClass: 25998K(26112K)->25998K(26112K) Class: 3106K(3264K)->3106K(3264K)
[6319.744s][info][gc             ] GC(2157) Pause Young (Allocation Failure) 5301M->3070M(5437M) 104.113ms
[6319.744s][info][gc,cpu         ] GC(2157) User=0.59s Sys=0.03s Real=0.11s
..[6321.326s][info][gc,start       ] GC(2158) Pause Young (Allocation Failure)
[6321.422s][info][gc,heap        ] GC(2158) PSYoungGen: 2565328K(2592256K)->154528K(2597888K) Eden: 2397184K(2397184K)->0K(2404864K) From: 168144K(195072K)->154528K(193024K)
[6321.422s][info][gc,heap        ] GC(2158) ParOldGen: 2975597K(2975744K)->3079165K(3079168K)
[6321.422s][info][gc,metaspace   ] GC(2158) Metaspace: 29105K(29376K)->29105K(29376K) NonClass: 25998K(26112K)->25998K(26112K) Class: 3106K(3264K)->3106K(3264K)
[6321.422s][info][gc             ] GC(2158) Pause Young (Allocation Failure) 5411M->3157M(5544M) 96.881ms
[6321.422s][info][gc,cpu         ] GC(2158) User=0.53s Sys=0.04s Real=0.10s
..[6322.940s][info][gc,start       ] GC(2159) Pause Young (Allocation Failure)
[6323.049s][info][gc,heap        ] GC(2159) PSYoungGen: 2559392K(2597888K)->180021K(2596864K) Eden: 2404864K(2404864K)->0K(2404864K) From: 154528K(193024K)->180021K(192000K)
[6323.049s][info][gc,heap        ] GC(2159) ParOldGen: 3079165K(3079168K)->3182949K(3183104K)
[6323.049s][info][gc,metaspace   ] GC(2159) Metaspace: 29105K(29376K)->29105K(29376K) NonClass: 25998K(26112K)->25998K(26112K) Class: 3106K(3264K)->3106K(3264K)
[6323.049s][info][gc             ] GC(2159) Pause Young (Allocation Failure) 5506M->3284M(5644M) 109.618ms
[6323.049s][info][gc,cpu         ] GC(2159) User=0.61s Sys=0.04s Real=0.11s
.[6324.546s][info][gc,start       ] GC(2160) Pause Young (Allocation Failure)
[6324.648s][info][gc,heap        ] GC(2160) PSYoungGen: 2584885K(2596864K)->161588K(2601984K) Eden: 2404864K(2404864K)->0K(2407936K) From: 180021K(192000K)->161588K(194048K)
[6324.648s][info][gc,heap        ] GC(2160) ParOldGen: 3182949K(3183104K)->3286373K(3286528K)
[6324.648s][info][gc,metaspace   ] GC(2160) Metaspace: 29105K(29376K)->29105K(29376K) NonClass: 25998K(26112K)->25998K(26112K) Class: 3106K(3264K)->3106K(3264K)
[6324.648s][info][gc             ] GC(2160) Pause Young (Allocation Failure) 5632M->3367M(5750M) 101.478ms
[6324.648s][info][gc,cpu         ] GC(2160) User=0.57s Sys=0.03s Real=0.10s
..[6326.086s][info][gc,start       ] GC(2161) Pause Young (Allocation Failure)
[6326.184s][info][gc,heap        ] GC(2161) PSYoungGen: 2569524K(2601984K)->154389K(2600960K) Eden: 2407936K(2407936K)->0K(2407936K) From: 161588K(194048K)->154389K(193024K)
[6326.184s][info][gc,heap        ] GC(2161) ParOldGen: 3286373K(3286528K)->3389933K(3389952K)
[6326.184s][info][gc,metaspace   ] GC(2161) Metaspace: 29105K(29376K)->29105K(29376K) NonClass: 25998K(26112K)->25998K(26112K) Class: 3106K(3264K)->3106K(3264K)
[6326.184s][info][gc             ] GC(2161) Pause Young (Allocation Failure) 5718M->3461M(5850M) 97.992ms
[6326.184s][info][gc,cpu         ] GC(2161) User=0.55s Sys=0.03s Real=0.10s
.[6327.774s][info][gc,start       ] GC(2162) Pause Young (Allocation Failure)
[6327.872s][info][gc,heap        ] GC(2162) PSYoungGen: 2562325K(2600960K)->160704K(2600960K) Eden: 2407936K(2407936K)->0K(2411008K) From: 154389K(193024K)->160704K(189952K)
[6327.873s][info][gc,heap        ] GC(2162) ParOldGen: 3389933K(3389952K)->3489925K(3490304K)
[6327.873s][info][gc,metaspace   ] GC(2162) Metaspace: 29105K(29376K)->29105K(29376K) NonClass: 25998K(26112K)->25998K(26112K) Class: 3106K(3264K)->3106K(3264K)
[6327.873s][info][gc             ] GC(2162) Pause Young (Allocation Failure) 5812M->3565M(5948M) 98.894ms
[6327.873s][info][gc,cpu         ] GC(2162) User=0.55s Sys=0.03s Real=0.10s
..[6329.353s][info][gc,start       ] GC(2163) Pause Young (Allocation Failure)
[6329.450s][info][gc,heap        ] GC(2163) PSYoungGen: 2571712K(2600960K)->151520K(2600960K) Eden: 2411008K(2411008K)->0K(2411008K) From: 160704K(189952K)->151520K(189952K)
[6329.450s][info][gc,heap        ] GC(2163) ParOldGen: 3489925K(3490304K)->3596413K(3596800K)
[6329.450s][info][gc,metaspace   ] GC(2163) Metaspace: 29105K(29376K)->29105K(29376K) NonClass: 25998K(26112K)->25998K(26112K) Class: 3106K(3264K)->3106K(3264K)
[6329.450s][info][gc             ] GC(2163) Pause Young (Allocation Failure) 5919M->3660M(6052M) 97.087ms
[6329.450s][info][gc,cpu         ] GC(2163) User=0.54s Sys=0.03s Real=0.09s
.[6330.901s][info][gc,start       ] GC(2164) Pause Young (Allocation Failure)
[6331.004s][info][gc,heap        ] GC(2164) PSYoungGen: 2562528K(2600960K)->163600K(2602496K) Eden: 2411008K(2411008K)->0K(2416640K) From: 151520K(189952K)->163600K(185856K)
[6331.004s][info][gc,heap        ] GC(2164) ParOldGen: 3596413K(3596800K)->3699861K(3700224K)
[6331.004s][info][gc,metaspace   ] GC(2164) Metaspace: 29105K(29376K)->29105K(29376K) NonClass: 25998K(26112K)->25998K(26112K) Class: 3106K(3264K)->3106K(3264K)
[6331.004s][info][gc             ] GC(2164) Pause Young (Allocation Failure) 6014M->3772M(6155M) 102.105ms
[6331.004s][info][gc,cpu         ] GC(2164) User=0.56s Sys=0.04s Real=0.11s
..[6332.486s][info][gc,start       ] GC(2165) Pause Young (Allocation Failure)
[6332.591s][info][gc,heap        ] GC(2165) PSYoungGen: 2580240K(2602496K)->171797K(2604032K) Eden: 2416640K(2416640K)->0K(2416640K) From: 163600K(185856K)->171797K(187392K)
[6332.591s][info][gc,heap        ] GC(2165) ParOldGen: 3699861K(3700224K)->3800389K(3800576K)
[6332.591s][info][gc,metaspace   ] GC(2165) Metaspace: 29105K(29376K)->29105K(29376K) NonClass: 25998K(26112K)->25998K(26112K) Class: 3106K(3264K)->3106K(3264K)
[6332.591s][info][gc             ] GC(2165) Pause Young (Allocation Failure) 6132M->3879M(6254M) 104.929ms
[6332.591s][info][gc,cpu         ] GC(2165) User=0.58s Sys=0.03s Real=0.10s
.[6334.024s][info][gc,start       ] GC(2166) Pause Young (Allocation Failure)
[6334.124s][info][gc,heap        ] GC(2166) PSYoungGen: 2588437K(2604032K)->156064K(2607104K) Eden: 2416640K(2416640K)->0K(2420736K) From: 171797K(187392K)->156064K(186368K)
[6334.124s][info][gc,heap        ] GC(2166) ParOldGen: 3800389K(3800576K)->3905373K(3905536K)
[6334.124s][info][gc,metaspace   ] GC(2166) Metaspace: 29105K(29376K)->29105K(29376K) NonClass: 25998K(26112K)->25998K(26112K) Class: 3106K(3264K)->3106K(3264K)
[6334.124s][info][gc             ] GC(2166) Pause Young (Allocation Failure) 6239M->3966M(6360M) 100.170ms
[6334.124s][info][gc,cpu         ] GC(2166) User=0.56s Sys=0.04s Real=0.10s
..[6335.658s][info][gc,start       ] GC(2167) Pause Young (Allocation Failure)
[6335.762s][info][gc,heap        ] GC(2167) PSYoungGen: 2576800K(2607104K)->164352K(2607616K) Eden: 2420736K(2420736K)->0K(2420736K) From: 156064K(186368K)->164352K(186880K)
[6335.762s][info][gc,heap        ] GC(2167) ParOldGen: 3905373K(3905536K)->4011005K(4011008K)
[6335.762s][info][gc,metaspace   ] GC(2167) Metaspace: 29105K(29376K)->29105K(29376K) NonClass: 25998K(26112K)->25998K(26112K) Class: 3106K(3264K)->3106K(3264K)
[6335.762s][info][gc             ] GC(2167) Pause Young (Allocation Failure) 6330M->4077M(6463M) 103.325ms
[6335.762s][info][gc,cpu         ] GC(2167) User=0.58s Sys=0.04s Real=0.11s
..[6337.303s][info][gc,start       ] GC(2168) Pause Young (Allocation Failure)
[6337.403s][info][gc,heap        ] GC(2168) PSYoungGen: 2585088K(2607616K)->157284K(2607104K) Eden: 2420736K(2420736K)->0K(2423808K) From: 164352K(186880K)->157284K(183296K)
[6337.403s][info][gc,heap        ] GC(2168) ParOldGen: 4011005K(4011008K)->4113509K(4113920K)
[6337.403s][info][gc,metaspace   ] GC(2168) Metaspace: 29105K(29376K)->29105K(29376K) NonClass: 25998K(26112K)->25998K(26112K) Class: 3106K(3264K)->3106K(3264K)
[6337.403s][info][gc             ] GC(2168) Pause Young (Allocation Failure) 6441M->4170M(6563M) 100.019ms
[6337.403s][info][gc,cpu         ] GC(2168) User=0.56s Sys=0.04s Real=0.10s
.[6338.972s][info][gc,start       ] GC(2169) Pause Young (Allocation Failure)
[6339.072s][info][gc,heap        ] GC(2169) PSYoungGen: 2581092K(2607104K)->156544K(2607616K) Eden: 2423808K(2423808K)->0K(2423808K) From: 157284K(183296K)->156544K(183808K)
[6339.072s][info][gc,heap        ] GC(2169) ParOldGen: 4113509K(4113920K)->4216661K(4216832K)
[6339.072s][info][gc,metaspace   ] GC(2169) Metaspace: 29105K(29376K)->29105K(29376K) NonClass: 25998K(26112K)->25998K(26112K) Class: 3106K(3264K)->3106K(3264K)
[6339.072s][info][gc             ] GC(2169) Pause Young (Allocation Failure) 6537M->4270M(6664M) 99.842ms
[6339.072s][info][gc,cpu         ] GC(2169) User=0.56s Sys=0.02s Real=0.09s
..[6340.495s][info][gc,start       ] GC(2170) Pause Young (Allocation Failure)
[6340.593s][info][gc,heap        ] GC(2170) PSYoungGen: 2580352K(2607616K)->151424K(2611712K) Eden: 2423808K(2423808K)->0K(2428928K) From: 156544K(183808K)->151424K(182784K)
[6340.593s][info][gc,heap        ] GC(2170) ParOldGen: 4216661K(4216832K)->4321325K(4321792K)
[6340.593s][info][gc,metaspace   ] GC(2170) Metaspace: 29105K(29376K)->29105K(29376K) NonClass: 25998K(26112K)->25998K(26112K) Class: 3106K(3264K)->3106K(3264K)
[6340.593s][info][gc             ] GC(2170) Pause Young (Allocation Failure) 6637M->4367M(6771M) 97.614ms
[6340.593s][info][gc,cpu         ] GC(2170) User=0.55s Sys=0.03s Real=0.10s
.[6342.069s][info][gc,start       ] GC(2171) Pause Young (Allocation Failure)
[6342.169s][info][gc,heap        ] GC(2171) PSYoungGen: 2580352K(2611712K)->158272K(2587648K) Eden: 2428928K(2428928K)->0K(2428928K) From: 151424K(182784K)->158272K(158720K)
[6342.169s][info][gc,heap        ] GC(2171) ParOldGen: 4321325K(4321792K)->4423117K(4423168K)
[6342.169s][info][gc,metaspace   ] GC(2171) Metaspace: 29105K(29376K)->29105K(29376K) NonClass: 25998K(26112K)->25998K(26112K) Class: 3106K(3264K)->3106K(3264K)
[6342.169s][info][gc             ] GC(2171) Pause Young (Allocation Failure) 6739M->4474M(6846M) 99.968ms
[6342.170s][info][gc,cpu         ] GC(2171) User=0.55s Sys=0.04s Real=0.10s
..[6343.695s][info][gc,start       ] GC(2172) Pause Young (Allocation Failure)
[6343.796s][info][gc,heap        ] GC(2172) PSYoungGen: 2587200K(2587648K)->156576K(2612224K) Eden: 2428928K(2428928K)->0K(2431488K) From: 158272K(158720K)->156576K(180736K)
[6343.796s][info][gc,heap        ] GC(2172) ParOldGen: 4423117K(4423168K)->4529621K(4529664K)
[6343.796s][info][gc,metaspace   ] GC(2172) Metaspace: 29105K(29376K)->29105K(29376K) NonClass: 25998K(26112K)->25998K(26112K) Class: 3106K(3264K)->3106K(3264K)
[6343.796s][info][gc             ] GC(2172) Pause Young (Allocation Failure) 6846M->4576M(6974M) 101.237ms
[6343.797s][info][gc,cpu         ] GC(2172) User=0.57s Sys=0.03s Real=0.10s
..[6345.394s][info][gc,start       ] GC(2173) Pause Young (Allocation Failure)
[6345.497s][info][gc,heap        ] GC(2173) PSYoungGen: 2588064K(2612224K)->161365K(2611200K) Eden: 2431488K(2431488K)->0K(2431488K) From: 156576K(180736K)->161365K(179712K)
[6345.497s][info][gc,heap        ] GC(2173) ParOldGen: 4529621K(4529664K)->4633661K(4634112K)
[6345.497s][info][gc,metaspace   ] GC(2173) Metaspace: 29105K(29376K)->29105K(29376K) NonClass: 25998K(26112K)->25998K(26112K) Class: 3106K(3264K)->3106K(3264K)
[6345.497s][info][gc             ] GC(2173) Pause Young (Allocation Failure) 6950M->4682M(7075M) 102.961ms
[6345.497s][info][gc,cpu         ] GC(2173) User=0.58s Sys=0.03s Real=0.10s
.[6346.934s][info][gc,start       ] GC(2174) Pause Young (Allocation Failure)
[6347.039s][info][gc,heap        ] GC(2174) PSYoungGen: 2592853K(2611200K)->166772K(2613248K) Eden: 2431488K(2431488K)->0K(2435072K) From: 161365K(179712K)->166772K(178176K)
[6347.039s][info][gc,heap        ] GC(2174) ParOldGen: 4633661K(4634112K)->4737693K(4738048K)
[6347.039s][info][gc,metaspace   ] GC(2174) Metaspace: 29105K(29376K)->29105K(29376K) NonClass: 25998K(26112K)->25998K(26112K) Class: 3106K(3264K)->3106K(3264K)
[6347.039s][info][gc             ] GC(2174) Pause Young (Allocation Failure) 7057M->4789M(7179M) 104.963ms
[6347.039s][info][gc,cpu         ] GC(2174) User=0.59s Sys=0.03s Real=0.10s
..[6348.586s][info][gc,start       ] GC(2175) Pause Young (Allocation Failure)
[6348.689s][info][gc,heap        ] GC(2175) PSYoungGen: 2601844K(2613248K)->160416K(2613760K) Eden: 2435072K(2435072K)->0K(2435072K) From: 166772K(178176K)->160416K(178688K)
[6348.689s][info][gc,heap        ] GC(2175) ParOldGen: 4737693K(4738048K)->4841925K(4841984K)
[6348.689s][info][gc,metaspace   ] GC(2175) Metaspace: 29105K(29376K)->29105K(29376K) NonClass: 25998K(26112K)->25998K(26112K) Class: 3106K(3264K)->3106K(3264K)
[6348.689s][info][gc             ] GC(2175) Pause Young (Allocation Failure) 7167M->4885M(7281M) 102.424ms
[6348.689s][info][gc,cpu         ] GC(2175) User=0.57s Sys=0.02s Real=0.10s
.[6350.298s][info][gc,start       ] GC(2176) Pause Young (Allocation Failure)
[6350.403s][info][gc,heap        ] GC(2176) PSYoungGen: 2595488K(2613760K)->164928K(2616320K) Eden: 2435072K(2435072K)->0K(2439168K) From: 160416K(178688K)->164928K(177152K)
[6350.403s][info][gc,heap        ] GC(2176) ParOldGen: 4841925K(4841984K)->4945853K(4945920K)
[6350.403s][info][gc,metaspace   ] GC(2176) Metaspace: 29105K(29376K)->29105K(29376K) NonClass: 25998K(26112K)->25998K(26112K) Class: 3106K(3264K)->3106K(3264K)
[6350.403s][info][gc             ] GC(2176) Pause Young (Allocation Failure) 7263M->4990M(7385M) 104.709ms
[6350.403s][info][gc,cpu         ] GC(2176) User=0.58s Sys=0.03s Real=0.11s
..[6351.847s][info][gc,start       ] GC(2177) Pause Young (Allocation Failure)
[6351.947s][info][gc,heap        ] GC(2177) PSYoungGen: 2604096K(2616320K)->157248K(2616320K) Eden: 2439168K(2439168K)->0K(2439168K) From: 164928K(177152K)->157248K(177152K)
[6351.947s][info][gc,heap        ] GC(2177) ParOldGen: 4945853K(4945920K)->5050221K(5050368K)
[6351.947s][info][gc,metaspace   ] GC(2177) Metaspace: 29105K(29376K)->29105K(29376K) NonClass: 25998K(26112K)->25998K(26112K) Class: 3106K(3264K)->3106K(3264K)
[6351.947s][info][gc             ] GC(2177) Pause Young (Allocation Failure) 7372M->5085M(7487M) 100.054ms
[6351.947s][info][gc,cpu         ] GC(2177) User=0.56s Sys=0.03s Real=0.10s
. (rIR:aIR:PR = 10516:10499:10500) (tPR = 155406) [OK] 
  6352s: Performance info:
         Transaction,    Success,    Partial,     Failed,   Receipts, AvgBarcode, 
             Overall,     634265,          0,          0,     602449,      59.47, 
         Response times:
             Request,    Success,    Partial,     Failed,   SkipFail,     Probes,    Samples,      min,      p50,      p90,      p95,      p99,      max, 
       TotalPurchase,     602201,          0,          0,          0,     335902,     473641,      300,    11600,   118000,   266000,   544000,  1200000,
     InStorePurchase,     316784,          0,          0,          0,     176583,     249711,      300,    11700,   120000,   237000,   544000,  1200000,
      OnlinePurchase,     221434,          0,          0,          0,     123720,     173841,      300,    11500,   119000,   298000,   544580,  1100000,
        InstPurchase,      63983,          0,          0,          0,      35599,      50089,      300,    11100,   115000,   251000,   544000,   870000,
          AssocOfCat,        638,          0,          0,          0,        518,        794,    25000,    62000,   193500,   449000,   750500,  1100000,
      AssocOfProduct,       6425,          0,          0,          0,       3460,       5028,      600,     8900,   115000,   251000,   543000,   800000,
      BusinessReport,       1588,          0,          0,          0,       1363,       2002,    34000,    72000,   192000,   308000,   562000,  1100000,
          CustBuyBeh,       6298,          0,          0,          0,       3503,       5074,      300,    11800,   122000,   264750,   539000,   800000,
       ProductReturn,      17051,          0,          0,          0,       9856,      13969,      300,    13300,   122000,   324000,   554300,   870000,

  6352s: (77%)   IR =  10654 [6353.475s][info][gc,start       ] GC(2178) Pause Young (Allocation Failure)
[6353.582s][info][gc,heap        ] GC(2178) PSYoungGen: 2596416K(2616320K)->170530K(2615808K) Eden: 2439168K(2439168K)->0K(2439680K) From: 157248K(177152K)->170530K(176128K)
[6353.582s][info][gc,heap        ] GC(2178) ParOldGen: 5050221K(5050368K)->5152405K(5152768K)
[6353.582s][info][gc,metaspace   ] GC(2178) Metaspace: 29105K(29376K)->29105K(29376K) NonClass: 25998K(26112K)->25998K(26112K) Class: 3106K(3264K)->3106K(3264K)
[6353.582s][info][gc             ] GC(2178) Pause Young (Allocation Failure) 7467M->5198M(7586M) 107.304ms
[6353.582s][info][gc,cpu         ] GC(2178) User=0.60s Sys=0.03s Real=0.11s
..[6355.055s][info][gc,start       ] GC(2179) Pause Young (Allocation Failure)
[6355.157s][info][gc,heap        ] GC(2179) PSYoungGen: 2610210K(2615808K)->152800K(2617856K) Eden: 2439680K(2439680K)->0K(2439680K) From: 170530K(176128K)->152800K(178176K)
[6355.157s][info][gc,heap        ] GC(2179) ParOldGen: 5152405K(5152768K)->5259141K(5259264K)
[6355.157s][info][gc,metaspace   ] GC(2179) Metaspace: 29105K(29376K)->29105K(29376K) NonClass: 25998K(26112K)->25998K(26112K) Class: 3106K(3264K)->3106K(3264K)
[6355.157s][info][gc             ] GC(2179) Pause Young (Allocation Failure) 7580M->5285M(7692M) 102.158ms
[6355.157s][info][gc,cpu         ] GC(2179) User=0.57s Sys=0.03s Real=0.10s
.[6356.556s][info][gc,start       ] GC(2180) Pause Young (Allocation Failure)
[6356.662s][info][gc,heap        ] GC(2180) PSYoungGen: 2592480K(2617856K)->166485K(2616832K) Eden: 2439680K(2439680K)->0K(2438656K) From: 152800K(178176K)->166485K(178176K)
[6356.662s][info][gc,heap        ] GC(2180) ParOldGen: 5259141K(5259264K)->5364021K(5364224K)
[6356.662s][info][gc,metaspace   ] GC(2180) Metaspace: 29105K(29376K)->29105K(29376K) NonClass: 25998K(26112K)->25998K(26112K) Class: 3106K(3264K)->3106K(3264K)
[6356.662s][info][gc             ] GC(2180) Pause Young (Allocation Failure) 7667M->5400M(7794M) 105.925ms
[6356.662s][info][gc,cpu         ] GC(2180) User=0.59s Sys=0.03s Real=0.10s
..[6358.081s][info][gc,start       ] GC(2181) Pause Young (Allocation Failure)
[6358.183s][info][gc,heap        ] GC(2181) PSYoungGen: 2605141K(2616832K)->161568K(2600448K) Eden: 2438656K(2438656K)->0K(2438656K) From: 166485K(178176K)->161568K(161792K)
[6358.183s][info][gc,heap        ] GC(2181) ParOldGen: 5364021K(5364224K)->5467269K(5467648K)
[6358.183s][info][gc,metaspace   ] GC(2181) Metaspace: 29105K(29376K)->29105K(29376K) NonClass: 25998K(26112K)->25998K(26112K) Class: 3106K(3264K)->3106K(3264K)
[6358.183s][info][gc             ] GC(2181) Pause Young (Allocation Failure) 7782M->5496M(7879M) 102.013ms
[6358.183s][info][gc,cpu         ] GC(2181) User=0.57s Sys=0.03s Real=0.11s
.[6359.699s][info][gc,start       ] GC(2182) Pause Young (Allocation Failure)
[6359.806s][info][gc,heap        ] GC(2182) PSYoungGen: 2600224K(2600448K)->163284K(2616320K) Eden: 2438656K(2438656K)->0K(2439680K) From: 161568K(161792K)->163284K(176640K)
[6359.806s][info][gc,heap        ] GC(2182) ParOldGen: 5467269K(5467648K)->5576757K(5577216K)
[6359.806s][info][gc,metaspace   ] GC(2182) Metaspace: 29105K(29376K)->29105K(29376K) NonClass: 25998K(26112K)->25998K(26112K) Class: 3106K(3264K)->3106K(3264K)
[6359.806s][info][gc             ] GC(2182) Pause Young (Allocation Failure) 7878M->5605M(8001M) 106.836ms
[6359.806s][info][gc,cpu         ] GC(2182) User=0.60s Sys=0.03s Real=0.11s
..[6361.253s][info][gc,start       ] GC(2183) Pause Full (Allocation Failure)
[6361.253s][info][gc,phases,start] GC(2183) Marking Phase
[6361.573s][info][gc,phases      ] GC(2183) Marking Phase 319.940ms
[6361.573s][info][gc,phases,start] GC(2183) Summary Phase
[6361.573s][info][gc,phases      ] GC(2183) Summary Phase 0.111ms
[6361.573s][info][gc,phases,start] GC(2183) Forward
[6361.705s][info][gc,phases      ] GC(2183) Forward 131.514ms
[6361.705s][info][gc,phases,start] GC(2183) Adjust Pointers
[6361.921s][info][gc,phases      ] GC(2183) Adjust Pointers 216.321ms
[6361.921s][info][gc,phases,start] GC(2183) Compaction Phase
[6362.071s][info][gc,phases      ] GC(2183) Compaction Phase 149.998ms
[6362.073s][info][gc,phases,start] GC(2183) Post Compact
[6362.080s][info][gc,phases      ] GC(2183) Post Compact 7.097ms
[6362.201s][info][gc,heap        ] GC(2183) PSYoungGen: 2602964K(2616320K)->0K(2615808K) Eden: 2439680K(2439680K)->0K(2439680K) From: 163284K(176640K)->0K(176128K)
[6362.201s][info][gc,heap        ] GC(2183) ParOldGen: 5576757K(5577216K)->1636972K(2121728K)
[6362.201s][info][gc,metaspace   ] GC(2183) Metaspace: 29105K(29376K)->29105K(29376K) NonClass: 25998K(26112K)->25998K(26112K) Class: 3106K(3264K)->3106K(3264K)
[6362.201s][info][gc             ] GC(2183) Pause Full (Allocation Failure) 7988M->1598M(4626M) 948.024ms
[6362.201s][info][gc,cpu         ] GC(2183) User=4.43s Sys=0.12s Real=0.94s
..[6363.484s][info][gc,start       ] GC(2184) Pause Young (Allocation Failure)
[6363.593s][info][gc,heap        ] GC(2184) PSYoungGen: 2439680K(2615808K)->154405K(2619392K) Eden: 2439680K(2439680K)->0K(2443776K) From: 0K(176128K)->154405K(175616K)
[6363.593s][info][gc,heap        ] GC(2184) ParOldGen: 1636972K(2121728K)->1636972K(2121728K)
[6363.593s][info][gc,metaspace   ] GC(2184) Metaspace: 29105K(29376K)->29105K(29376K) NonClass: 25998K(26112K)->25998K(26112K) Class: 3106K(3264K)->3106K(3264K)
[6363.593s][info][gc             ] GC(2184) Pause Young (Allocation Failure) 3981M->1749M(4630M) 109.120ms
[6363.593s][info][gc,cpu         ] GC(2184) User=0.37s Sys=0.00s Real=0.11s
.[6364.911s][info][gc,start       ] GC(2185) Pause Young (Allocation Failure)
[6365.006s][info][gc,heap        ] GC(2185) PSYoungGen: 2598181K(2619392K)->162144K(2619392K) Eden: 2443776K(2443776K)->0K(2443776K) From: 154405K(175616K)->162144K(175616K)
[6365.006s][info][gc,heap        ] GC(2185) ParOldGen: 1636972K(2121728K)->1740281K(2121728K)
[6365.006s][info][gc,metaspace   ] GC(2185) Metaspace: 29105K(29376K)->29105K(29376K) NonClass: 25998K(26112K)->25998K(26112K) Class: 3106K(3264K)->3106K(3264K)
[6365.006s][info][gc             ] GC(2185) Pause Young (Allocation Failure) 4135M->1857M(4630M) 95.105ms
[6365.006s][info][gc,cpu         ] GC(2185) User=0.56s Sys=0.00s Real=0.10s
.[6366.308s][info][gc,start       ] GC(2186) Pause Young (Allocation Failure)
[6366.402s][info][gc,heap        ] GC(2186) PSYoungGen: 2605920K(2619392K)->154880K(2619392K) Eden: 2443776K(2443776K)->0K(2444800K) From: 162144K(175616K)->154880K(174592K)
[6366.402s][info][gc,heap        ] GC(2186) ParOldGen: 1740281K(2121728K)->1844929K(2121728K)
[6366.402s][info][gc,metaspace   ] GC(2186) Metaspace: 29105K(29376K)->29105K(29376K) NonClass: 25998K(26112K)->25998K(26112K) Class: 3106K(3264K)->3106K(3264K)
[6366.402s][info][gc             ] GC(2186) Pause Young (Allocation Failure) 4244M->1952M(4630M) 93.764ms
[6366.402s][info][gc,cpu         ] GC(2186) User=0.55s Sys=0.00s Real=0.10s
..[6367.821s][info][gc,start       ] GC(2187) Pause Young (Allocation Failure)
[6367.915s][info][gc,heap        ] GC(2187) PSYoungGen: 2599680K(2619392K)->158848K(2619392K) Eden: 2444800K(2444800K)->0K(2444800K) From: 154880K(174592K)->158848K(174592K)
[6367.915s][info][gc,heap        ] GC(2187) ParOldGen: 1844929K(2121728K)->1951489K(2121728K)
[6367.915s][info][gc,metaspace   ] GC(2187) Metaspace: 29105K(29376K)->29105K(29376K) NonClass: 25998K(26112K)->25998K(26112K) Class: 3106K(3264K)->3106K(3264K)
[6367.915s][info][gc             ] GC(2187) Pause Young (Allocation Failure) 4340M->2060M(4630M) 94.082ms
[6367.915s][info][gc,cpu         ] GC(2187) User=0.55s Sys=0.00s Real=0.10s
.[6369.256s][info][gc,start       ] GC(2188) Pause Young (Allocation Failure)
[6369.349s][info][gc,heap        ] GC(2188) PSYoungGen: 2603648K(2619392K)->155712K(2620928K) Eden: 2444800K(2444800K)->0K(2447360K) From: 158848K(174592K)->155712K(173568K)
[6369.349s][info][gc,heap        ] GC(2188) ParOldGen: 1951489K(2121728K)->2053849K(2121728K)
[6369.349s][info][gc,metaspace   ] GC(2188) Metaspace: 29105K(29376K)->29105K(29376K) NonClass: 25998K(26112K)->25998K(26112K) Class: 3106K(3264K)->3106K(3264K)
[6369.349s][info][gc             ] GC(2188) Pause Young (Allocation Failure) 4448M->2157M(4631M) 93.154ms
[6369.349s][info][gc,cpu         ] GC(2188) User=0.55s Sys=0.00s Real=0.09s
..[6370.847s][info][gc,start       ] GC(2189) Pause Young (Allocation Failure)
[6370.946s][info][gc,heap        ] GC(2189) PSYoungGen: 2603072K(2620928K)->166704K(2620416K) Eden: 2447360K(2447360K)->0K(2447360K) From: 155712K(173568K)->166704K(173056K)
[6370.946s][info][gc,heap        ] GC(2189) ParOldGen: 2053849K(2121728K)->2161017K(2161152K)
[6370.946s][info][gc,metaspace   ] GC(2189) Metaspace: 29105K(29376K)->29105K(29376K) NonClass: 25998K(26112K)->25998K(26112K) Class: 3106K(3264K)->3106K(3264K)
[6370.946s][info][gc             ] GC(2189) Pause Young (Allocation Failure) 4547M->2273M(4669M) 99.591ms
[6370.946s][info][gc,cpu         ] GC(2189) User=0.57s Sys=0.02s Real=0.10s
.[6372.558s][info][gc,start       ] GC(2190) Pause Young (Allocation Failure)
[6372.663s][info][gc,heap        ] GC(2190) PSYoungGen: 2614064K(2620416K)->169864K(2617856K) Eden: 2447360K(2447360K)->0K(2443776K) From: 166704K(173056K)->169864K(174080K)
[6372.663s][info][gc,heap        ] GC(2190) ParOldGen: 2161017K(2161152K)->2264177K(2264576K)
[6372.663s][info][gc,metaspace   ] GC(2190) Metaspace: 29105K(29376K)->29105K(29376K) NonClass: 25998K(26112K)->25998K(26112K) Class: 3106K(3264K)->3106K(3264K)
[6372.663s][info][gc             ] GC(2190) Pause Young (Allocation Failure) 4663M->2376M(4768M) 104.821ms
[6372.663s][info][gc,cpu         ] GC(2190) User=0.58s Sys=0.03s Real=0.11s
..[6374.096s][info][gc,start       ] GC(2191) Pause Young (Allocation Failure)
[6374.192s][info][gc,heap        ] GC(2191) PSYoungGen: 2613640K(2617856K)->148672K(2592768K) Eden: 2443776K(2443776K)->0K(2443776K) From: 169864K(174080K)->148672K(148992K)
[6374.192s][info][gc,heap        ] GC(2191) ParOldGen: 2264177K(2264576K)->2371273K(2371584K)
[6374.192s][info][gc,metaspace   ] GC(2191) Metaspace: 29105K(29376K)->29105K(29376K) NonClass: 25998K(26112K)->25998K(26112K) Class: 3106K(3264K)->3106K(3264K)
[6374.192s][info][gc             ] GC(2191) Pause Young (Allocation Failure) 4763M->2460M(4848M) 96.797ms
[6374.192s][info][gc,cpu         ] GC(2191) User=0.54s Sys=0.03s Real=0.10s
.[6375.761s][info][gc,start       ] GC(2192) Pause Young (Allocation Failure)
[6375.865s][info][gc,heap        ] GC(2192) PSYoungGen: 2592448K(2592768K)->169332K(2615808K) Eden: 2443776K(2443776K)->0K(2438656K) From: 148672K(148992K)->169332K(177152K)
[6375.865s][info][gc,heap        ] GC(2192) ParOldGen: 2371273K(2371584K)->2472841K(2472960K)
[6375.865s][info][gc,metaspace   ] GC(2192) Metaspace: 29105K(29376K)->29105K(29376K) NonClass: 25998K(26112K)->25998K(26112K) Class: 3106K(3264K)->3106K(3264K)
[6375.865s][info][gc             ] GC(2192) Pause Young (Allocation Failure) 4847M->2580M(4969M) 103.199ms
[6375.865s][info][gc,cpu         ] GC(2192) User=0.59s Sys=0.03s Real=0.11s
..[6377.338s][info][gc,start       ] GC(2193) Pause Young (Allocation Failure)
[6377.438s][info][gc,heap        ] GC(2193) PSYoungGen: 2607988K(2615808K)->162528K(2617344K) Eden: 2438656K(2438656K)->0K(2438656K) From: 169332K(177152K)->162528K(178688K)
[6377.438s][info][gc,heap        ] GC(2193) ParOldGen: 2472841K(2472960K)->2576913K(2577408K)
[6377.438s][info][gc,metaspace   ] GC(2193) Metaspace: 29105K(29376K)->29105K(29376K) NonClass: 25998K(26112K)->25998K(26112K) Class: 3106K(3264K)->3106K(3264K)
[6377.439s][info][gc             ] GC(2193) Pause Young (Allocation Failure) 4961M->2675M(5073M) 101.007ms
[6377.439s][info][gc,cpu         ] GC(2193) User=0.56s Sys=0.04s Real=0.10s
.[6378.893s][info][gc,start       ] GC(2194) Pause Young (Allocation Failure)
[6378.993s][info][gc,heap        ] GC(2194) PSYoungGen: 2601184K(2617344K)->160192K(2613760K) Eden: 2438656K(2438656K)->0K(2439680K) From: 162528K(178688K)->160192K(174080K)
[6378.993s][info][gc,heap        ] GC(2194) ParOldGen: 2576913K(2577408K)->2685385K(2685440K)
[6378.993s][info][gc,metaspace   ] GC(2194) Metaspace: 29105K(29376K)->29105K(29376K) NonClass: 25998K(26112K)->25998K(26112K) Class: 3106K(3264K)->3106K(3264K)
[6378.993s][info][gc             ] GC(2194) Pause Young (Allocation Failure) 5056M->2778M(5175M) 100.032ms
[6378.993s][info][gc,cpu         ] GC(2194) User=0.56s Sys=0.04s Real=0.10s
..|[6380.457s][info][gc,start       ] GC(2195) Pause Young (Allocation Failure)
[6380.556s][info][gc,heap        ] GC(2195) PSYoungGen: 2599872K(2613760K)->163040K(2615808K) Eden: 2439680K(2439680K)->0K(2439680K) From: 160192K(174080K)->163040K(176128K)
[6380.556s][info][gc,heap        ] GC(2195) ParOldGen: 2685385K(2685440K)->2785169K(2785280K)
[6380.556s][info][gc,metaspace   ] GC(2195) Metaspace: 29105K(29376K)->29105K(29376K) NonClass: 25998K(26112K)->25998K(26112K) Class: 3106K(3264K)->3106K(3264K)
[6380.556s][info][gc             ] GC(2195) Pause Young (Allocation Failure) 5161M->2879M(5274M) 99.067ms
[6380.557s][info][gc,cpu         ] GC(2195) User=0.56s Sys=0.03s Real=0.10s
.[6382.023s][info][gc,start       ] GC(2196) Pause Young (Allocation Failure)
[6382.122s][info][gc,heap        ] GC(2196) PSYoungGen: 2602720K(2615808K)->157939K(2617856K) Eden: 2439680K(2439680K)->0K(2444800K) From: 163040K(176128K)->157939K(173056K)
[6382.122s][info][gc,heap        ] GC(2196) ParOldGen: 2785169K(2785280K)->2888873K(2889216K)
[6382.122s][info][gc,metaspace   ] GC(2196) Metaspace: 29105K(29376K)->29105K(29376K) NonClass: 25998K(26112K)->25998K(26112K) Class: 3106K(3264K)->3106K(3264K)
[6382.122s][info][gc             ] GC(2196) Pause Young (Allocation Failure) 5261M->2975M(5378M) 98.819ms
[6382.122s][info][gc,cpu         ] GC(2196) User=0.54s Sys=0.04s Real=0.10s
..[6383.705s][info][gc,start       ] GC(2197) Pause Young (Allocation Failure)
[6383.808s][info][gc,heap        ] GC(2197) PSYoungGen: 2602739K(2617856K)->167881K(2619392K) Eden: 2444800K(2444800K)->0K(2444800K) From: 157939K(173056K)->167881K(174592K)
[6383.808s][info][gc,heap        ] GC(2197) ParOldGen: 2888873K(2889216K)->2994881K(2995200K)
[6383.808s][info][gc,metaspace   ] GC(2197) Metaspace: 29105K(29376K)->29105K(29376K) NonClass: 25998K(26112K)->25998K(26112K) Class: 3106K(3264K)->3106K(3264K)
[6383.808s][info][gc             ] GC(2197) Pause Young (Allocation Failure) 5362M->3088M(5483M) 103.170ms
[6383.808s][info][gc,cpu         ] GC(2197) User=0.58s Sys=0.03s Real=0.10s
..[6385.261s][info][gc,start       ] GC(2198) Pause Young (Allocation Failure)
[6385.367s][info][gc,heap        ] GC(2198) PSYoungGen: 2612681K(2619392K)->170884K(2616320K) Eden: 2444800K(2444800K)->0K(2440704K) From: 167881K(174592K)->170884K(175616K)
[6385.367s][info][gc,heap        ] GC(2198) ParOldGen: 2994881K(2995200K)->3101137K(3101184K)
[6385.367s][info][gc,metaspace   ] GC(2198) Metaspace: 29105K(29376K)->29105K(29376K) NonClass: 25998K(26112K)->25998K(26112K) Class: 3106K(3264K)->3106K(3264K)
[6385.367s][info][gc             ] GC(2198) Pause Young (Allocation Failure) 5476M->3195M(5583M) 106.209ms
[6385.367s][info][gc,cpu         ] GC(2198) User=0.59s Sys=0.04s Real=0.11s
.[6386.825s][info][gc,start       ] GC(2199) Pause Young (Allocation Failure)
[6386.924s][info][gc,heap        ] GC(2199) PSYoungGen: 2611588K(2616320K)->158720K(2618368K) Eden: 2440704K(2440704K)->0K(2440704K) From: 170884K(175616K)->158720K(177664K)
[6386.924s][info][gc,heap        ] GC(2199) ParOldGen: 3101137K(3101184K)->3206297K(3206656K)
[6386.924s][info][gc,metaspace   ] GC(2199) Metaspace: 29105K(29376K)->29105K(29376K) NonClass: 25998K(26112K)->25998K(26112K) Class: 3106K(3264K)->3106K(3264K)
[6386.924s][info][gc             ] GC(2199) Pause Young (Allocation Failure) 5578M->3286M(5688M) 98.937ms
[6386.924s][info][gc,cpu         ] GC(2199) User=0.55s Sys=0.04s Real=0.10s
..[6388.468s][info][gc,start       ] GC(2200) Pause Young (Allocation Failure)
[6388.571s][info][gc,heap        ] GC(2200) PSYoungGen: 2599424K(2618368K)->165893K(2616832K) Eden: 2440704K(2440704K)->0K(2441216K) From: 158720K(177664K)->165893K(175616K)
[6388.571s][info][gc,heap        ] GC(2200) ParOldGen: 3206297K(3206656K)->3310169K(3310592K)
[6388.571s][info][gc,metaspace   ] GC(2200) Metaspace: 29105K(29376K)->29105K(29376K) NonClass: 25998K(26112K)->25998K(26112K) Class: 3106K(3264K)->3106K(3264K)
[6388.571s][info][gc             ] GC(2200) Pause Young (Allocation Failure) 5669M->3394M(5788M) 102.953ms
[6388.571s][info][gc,cpu         ] GC(2200) User=0.57s Sys=0.04s Real=0.10s
.[6390.117s][info][gc,start       ] GC(2201) Pause Young (Allocation Failure)
[6390.217s][info][gc,heap        ] GC(2201) PSYoungGen: 2607109K(2616832K)->157621K(2617856K) Eden: 2441216K(2441216K)->0K(2441216K) From: 165893K(175616K)->157621K(176640K)
[6390.217s][info][gc,heap        ] GC(2201) ParOldGen: 3310169K(3310592K)->3412881K(3412992K)
[6390.217s][info][gc,metaspace   ] GC(2201) Metaspace: 29105K(29376K)->29105K(29376K) NonClass: 25998K(26112K)->25998K(26112K) Class: 3106K(3264K)->3106K(3264K)
[6390.217s][info][gc             ] GC(2201) Pause Young (Allocation Failure) 5778M->3486M(5889M) 100.746ms
[6390.217s][info][gc,cpu         ] GC(2201) User=0.56s Sys=0.04s Real=0.10s
..[6391.723s][info][gc,start       ] GC(2202) Pause Young (Allocation Failure)
[6391.828s][info][gc,heap        ] GC(2202) PSYoungGen: 2598837K(2617856K)->167893K(2617856K) Eden: 2441216K(2441216K)->0K(2441728K) From: 157621K(176640K)->167893K(176128K)
[6391.828s][info][gc,heap        ] GC(2202) ParOldGen: 3412881K(3412992K)->3516209K(3516416K)
[6391.828s][info][gc,metaspace   ] GC(2202) Metaspace: 29105K(29376K)->29105K(29376K) NonClass: 25998K(26112K)->25998K(26112K) Class: 3106K(3264K)->3106K(3264K)
[6391.828s][info][gc             ] GC(2202) Pause Young (Allocation Failure) 5870M->3597M(5990M) 104.519ms
[6391.828s][info][gc,cpu         ] GC(2202) User=0.59s Sys=0.03s Real=0.10s
..[6393.371s][info][gc,start       ] GC(2203) Pause Young (Allocation Failure)
[6393.476s][info][gc,heap        ] GC(2203) PSYoungGen: 2609621K(2617856K)->168797K(2610688K) Eden: 2441728K(2441728K)->0K(2441728K) From: 167893K(176128K)->168797K(168960K)
[6393.476s][info][gc,heap        ] GC(2203) ParOldGen: 3516209K(3516416K)->3622481K(3622912K)
[6393.476s][info][gc,metaspace   ] GC(2203) Metaspace: 29105K(29376K)->29105K(29376K) NonClass: 25998K(26112K)->25998K(26112K) Class: 3106K(3264K)->3106K(3264K)
[6393.476s][info][gc             ] GC(2203) Pause Young (Allocation Failure) 5982M->3702M(6087M) 105.140ms
[6393.476s][info][gc,cpu         ] GC(2203) User=0.58s Sys=0.04s Real=0.11s
.[6395.027s][info][gc,start       ] GC(2204) Pause Young (Allocation Failure)
[6395.131s][info][gc,heap        ] GC(2204) PSYoungGen: 2610525K(2610688K)->163076K(2619392K) Eden: 2441728K(2441728K)->0K(2441728K) From: 168797K(168960K)->163076K(177664K)
[6395.131s][info][gc,heap        ] GC(2204) ParOldGen: 3622481K(3622912K)->3726305K(3726336K)
[6395.131s][info][gc,metaspace   ] GC(2204) Metaspace: 29105K(29376K)->29105K(29376K) NonClass: 25998K(26112K)->25998K(26112K) Class: 3106K(3264K)->3106K(3264K)
[6395.131s][info][gc             ] GC(2204) Pause Young (Allocation Failure) 6086M->3798M(6197M) 103.082ms
[6395.131s][info][gc,cpu         ] GC(2204) User=0.57s Sys=0.04s Real=0.10s
..[6396.478s][info][gc,start       ] GC(2205) Pause Young (Allocation Failure)
[6396.576s][info][gc,heap        ] GC(2205) PSYoungGen: 2604804K(2619392K)->155296K(2618368K) Eden: 2441728K(2441728K)->0K(2441728K) From: 163076K(177664K)->155296K(176640K)
[6396.577s][info][gc,heap        ] GC(2205) ParOldGen: 3726305K(3726336K)->3829977K(3830272K)
[6396.577s][info][gc,metaspace   ] GC(2205) Metaspace: 29105K(29376K)->29105K(29376K) NonClass: 25998K(26112K)->25998K(26112K) Class: 3106K(3264K)->3106K(3264K)
[6396.577s][info][gc             ] GC(2205) Pause Young (Allocation Failure) 6182M->3891M(6297M) 98.073ms
[6396.577s][info][gc,cpu         ] GC(2205) User=0.54s Sys=0.03s Real=0.10s
.[6398.189s][info][gc,start       ] GC(2206) Pause Young (Allocation Failure)
[6398.286s][info][gc,heap        ] GC(2206) PSYoungGen: 2597024K(2618368K)->149280K(2617344K) Eden: 2441728K(2441728K)->0K(2440704K) From: 155296K(176640K)->149280K(176640K)
[6398.286s][info][gc,heap        ] GC(2206) ParOldGen: 3829977K(3830272K)->3936249K(3936256K)
[6398.286s][info][gc,metaspace   ] GC(2206) Metaspace: 29105K(29376K)->29105K(29376K) NonClass: 25998K(26112K)->25998K(26112K) Class: 3106K(3264K)->3106K(3264K)
[6398.286s][info][gc             ] GC(2206) Pause Young (Allocation Failure) 6276M->3989M(6400M) 97.639ms
[6398.286s][info][gc,cpu         ] GC(2206) User=0.55s Sys=0.03s Real=0.10s
..[6399.773s][info][gc,start       ] GC(2207) Pause Young (Allocation Failure)
[6399.876s][info][gc,heap        ] GC(2207) PSYoungGen: 2589984K(2617344K)->165456K(2618368K) Eden: 2440704K(2440704K)->0K(2440704K) From: 149280K(176640K)->165456K(177664K)
[6399.876s][info][gc,heap        ] GC(2207) ParOldGen: 3936249K(3936256K)->4039209K(4039680K)
[6399.876s][info][gc,metaspace   ] GC(2207) Metaspace: 29105K(29376K)->29105K(29376K) NonClass: 25998K(26112K)->25998K(26112K) Class: 3106K(3264K)->3106K(3264K)
[6399.876s][info][gc             ] GC(2207) Pause Young (Allocation Failure) 6373M->4106M(6502M) 102.625ms
[6399.876s][info][gc,cpu         ] GC(2207) User=0.57s Sys=0.04s Real=0.10s
.[6401.327s][info][gc,start       ] GC(2208) Pause Young (Allocation Failure)
[6401.431s][info][gc,heap        ] GC(2208) PSYoungGen: 2606160K(2618368K)->166960K(2618368K) Eden: 2440704K(2440704K)->0K(2440704K) From: 165456K(177664K)->166960K(177664K)
[6401.431s][info][gc,heap        ] GC(2208) ParOldGen: 4039209K(4039680K)->4143953K(4144128K)
[6401.431s][info][gc,metaspace   ] GC(2208) Metaspace: 29105K(29376K)->29105K(29376K) NonClass: 25998K(26112K)->25998K(26112K) Class: 3106K(3264K)->3106K(3264K)
[6401.431s][info][gc             ] GC(2208) Pause Young (Allocation Failure) 6489M->4209M(6604M) 103.762ms
[6401.431s][info][gc,cpu         ] GC(2208) User=0.58s Sys=0.04s Real=0.10s
..[6402.850s][info][gc,start       ] GC(2209) Pause Young (Allocation Failure)
[6402.952s][info][gc,heap        ] GC(2209) PSYoungGen: 2607664K(2618368K)->157056K(2597888K) Eden: 2440704K(2440704K)->0K(2440704K) From: 166960K(177664K)->157056K(157184K)
[6402.952s][info][gc,heap        ] GC(2209) ParOldGen: 4143953K(4144128K)->4251729K(4252160K)
[6402.952s][info][gc,metaspace   ] GC(2209) Metaspace: 29105K(29376K)->29105K(29376K) NonClass: 25998K(26112K)->25998K(26112K) Class: 3106K(3264K)->3106K(3264K)
[6402.952s][info][gc             ] GC(2209) Pause Young (Allocation Failure) 6593M->4305M(6689M) 101.331ms
[6402.952s][info][gc,cpu         ] GC(2209) User=0.57s Sys=0.03s Real=0.10s
.[6404.526s][info][gc,start       ] GC(2210) Pause Young (Allocation Failure)
[6404.626s][info][gc,heap        ] GC(2210) PSYoungGen: 2597760K(2597888K)->160932K(2619392K) Eden: 2440704K(2440704K)->0K(2442240K) From: 157056K(157184K)->160932K(177152K)
[6404.626s][info][gc,heap        ] GC(2210) ParOldGen: 4251729K(4252160K)->4352537K(4353024K)
[6404.626s][info][gc,metaspace   ] GC(2210) Metaspace: 29105K(29376K)->29105K(29376K) NonClass: 25998K(26112K)->25998K(26112K) Class: 3106K(3264K)->3106K(3264K)
[6404.626s][info][gc             ] GC(2210) Pause Young (Allocation Failure) 6688M->4407M(6809M) 99.289ms
[6404.626s][info][gc,cpu         ] GC(2210) User=0.55s Sys=0.03s Real=0.10s
..[6406.114s][info][gc,start       ] GC(2211) Pause Young (Allocation Failure)
[6406.211s][info][gc,heap        ] GC(2211) PSYoungGen: 2603172K(2619392K)->147296K(2617856K) Eden: 2442240K(2442240K)->0K(2442240K) From: 160932K(177152K)->147296K(175616K)
[6406.211s][info][gc,heap        ] GC(2211) ParOldGen: 4352537K(4353024K)->4459697K(4460032K)
[6406.211s][info][gc,metaspace   ] GC(2211) Metaspace: 29105K(29376K)->29105K(29376K) NonClass: 25998K(26112K)->25998K(26112K) Class: 3106K(3264K)->3106K(3264K)
[6406.211s][info][gc             ] GC(2211) Pause Young (Allocation Failure) 6792M->4499M(6912M) 96.780ms
[6406.211s][info][gc,cpu         ] GC(2211) User=0.53s Sys=0.04s Real=0.09s
..[6407.783s][info][gc,start       ] GC(2212) Pause Young (Allocation Failure)
[6407.888s][info][gc,heap        ] GC(2212) PSYoungGen: 2589536K(2617856K)->170100K(2615296K) Eden: 2442240K(2442240K)->0K(2438656K) From: 147296K(175616K)->170100K(176640K)
[6407.888s][info][gc,heap        ] GC(2212) ParOldGen: 4459697K(4460032K)->4561593K(4561920K)
[6407.888s][info][gc,metaspace   ] GC(2212) Metaspace: 29105K(29376K)->29105K(29376K) NonClass: 25998K(26112K)->25998K(26112K) Class: 3106K(3264K)->3106K(3264K)
[6407.888s][info][gc             ] GC(2212) Pause Young (Allocation Failure) 6884M->4620M(7009M) 104.951ms
[6407.888s][info][gc,cpu         ] GC(2212) User=0.57s Sys=0.05s Real=0.10s
.[6409.355s][info][gc,start       ] GC(2213) Pause Young (Allocation Failure)
[6409.461s][info][gc,heap        ] GC(2213) PSYoungGen: 2608756K(2615296K)->165079K(2617344K) Eden: 2438656K(2438656K)->0K(2438656K) From: 170100K(176640K)->165079K(178688K)
[6409.461s][info][gc,heap        ] GC(2213) ParOldGen: 4561593K(4561920K)->4668425K(4668928K)
[6409.461s][info][gc,metaspace   ] GC(2213) Metaspace: 29105K(29376K)->29105K(29376K) NonClass: 25998K(26112K)->25998K(26112K) Class: 3106K(3264K)->3106K(3264K)
[6409.461s][info][gc             ] GC(2213) Pause Young (Allocation Failure) 7002M->4720M(7115M) 105.256ms
[6409.461s][info][gc,cpu         ] GC(2213) User=0.59s Sys=0.03s Real=0.10s
..[6410.908s][info][gc,start       ] GC(2214) Pause Young (Allocation Failure)
[6411.015s][info][gc,heap        ] GC(2214) PSYoungGen: 2603735K(2617344K)->171456K(2613248K) Eden: 2438656K(2438656K)->0K(2434560K) From: 165079K(178688K)->171456K(178688K)
[6411.015s][info][gc,heap        ] GC(2214) ParOldGen: 4668425K(4668928K)->4771441K(4771840K)
[6411.015s][info][gc,metaspace   ] GC(2214) Metaspace: 29105K(29376K)->29105K(29376K) NonClass: 25998K(26112K)->25998K(26112K) Class: 3106K(3264K)->3106K(3264K)
[6411.015s][info][gc             ] GC(2214) Pause Young (Allocation Failure) 7101M->4827M(7212M) 107.046ms
[6411.016s][info][gc,cpu         ] GC(2214) User=0.60s Sys=0.03s Real=0.11s
.[6412.573s][info][gc,start       ] GC(2215) Pause Young (Allocation Failure)
[6412.679s][info][gc,heap        ] GC(2215) PSYoungGen: 2606016K(2613248K)->169936K(2604544K) Eden: 2434560K(2434560K)->0K(2434560K) From: 171456K(178688K)->169936K(169984K)
[6412.679s][info][gc,heap        ] GC(2215) ParOldGen: 4771441K(4771840K)->4875385K(4875776K)
[6412.679s][info][gc,metaspace   ] GC(2215) Metaspace: 29105K(29376K)->29105K(29376K) NonClass: 25998K(26112K)->25998K(26112K) Class: 3106K(3264K)->3106K(3264K)
[6412.679s][info][gc             ] GC(2215) Pause Young (Allocation Failure) 7204M->4927M(7305M) 106.838ms
[6412.680s][info][gc,cpu         ] GC(2215) User=0.60s Sys=0.03s Real=0.10s
..[6414.180s][info][gc,start       ] GC(2216) Pause Young (Allocation Failure)
[6414.284s][info][gc,heap        ] GC(2216) PSYoungGen: 2604496K(2604544K)->161054K(2615808K) Eden: 2434560K(2434560K)->0K(2434048K) From: 169936K(169984K)->161054K(181760K)
[6414.284s][info][gc,heap        ] GC(2216) ParOldGen: 4875385K(4875776K)->4979017K(4979200K)
[6414.284s][info][gc,metaspace   ] GC(2216) Metaspace: 29105K(29376K)->29105K(29376K) NonClass: 25998K(26112K)->25998K(26112K) Class: 3106K(3264K)->3106K(3264K)
[6414.284s][info][gc             ] GC(2216) Pause Young (Allocation Failure) 7304M->5019M(7417M) 104.350ms
[6414.284s][info][gc,cpu         ] GC(2216) User=0.59s Sys=0.03s Real=0.11s
..[6415.809s][info][gc,start       ] GC(2217) Pause Young (Allocation Failure)
[6415.917s][info][gc,heap        ] GC(2217) PSYoungGen: 2595102K(2615808K)->176229K(2610688K) Eden: 2434048K(2434048K)->0K(2434048K) From: 161054K(181760K)->176229K(176640K)
[6415.917s][info][gc,heap        ] GC(2217) ParOldGen: 4979017K(4979200K)->5081753K(5082112K)
[6415.917s][info][gc,metaspace   ] GC(2217) Metaspace: 29105K(29376K)->29105K(29376K) NonClass: 25998K(26112K)->25998K(26112K) Class: 3106K(3264K)->3106K(3264K)
[6415.917s][info][gc             ] GC(2217) Pause Young (Allocation Failure) 7396M->5134M(7512M) 108.521ms
[6415.917s][info][gc,cpu         ] GC(2217) User=0.61s Sys=0.03s Real=0.11s
.[6417.313s][info][gc,start       ] GC(2218) Pause Young (Allocation Failure)
[6417.417s][info][gc,heap        ] GC(2218) PSYoungGen: 2610277K(2610688K)->161530K(2614272K) Eden: 2434048K(2434048K)->0K(2430976K) From: 176229K(176640K)->161530K(183296K)
[6417.417s][info][gc,heap        ] GC(2218) ParOldGen: 5081753K(5082112K)->5190073K(5190144K)
[6417.417s][info][gc,metaspace   ] GC(2218) Metaspace: 29105K(29376K)->29105K(29376K) NonClass: 25998K(26112K)->25998K(26112K) Class: 3106K(3264K)->3106K(3264K)
[6417.417s][info][gc             ] GC(2218) Pause Young (Allocation Failure) 7511M->5226M(7621M) 104.304ms
[6417.418s][info][gc,cpu         ] GC(2218) User=0.59s Sys=0.02s Real=0.10s
..[6418.938s][info][gc,start       ] GC(2219) Pause Young (Allocation Failure)
[6419.046s][info][gc,heap        ] GC(2219) PSYoungGen: 2592506K(2614272K)->175296K(2606592K) Eden: 2430976K(2430976K)->0K(2430976K) From: 161530K(183296K)->175296K(175616K)
[6419.046s][info][gc,heap        ] GC(2219) ParOldGen: 5190073K(5190144K)->5291609K(5292032K)
[6419.046s][info][gc,metaspace   ] GC(2219) Metaspace: 29105K(29376K)->29105K(29376K) NonClass: 25998K(26112K)->25998K(26112K) Class: 3106K(3264K)->3106K(3264K)
[6419.046s][info][gc             ] GC(2219) Pause Young (Allocation Failure) 7600M->5338M(7713M) 108.348ms
[6419.046s][info][gc,cpu         ] GC(2219) User=0.60s Sys=0.03s Real=0.11s
.[6420.505s][info][gc,start       ] GC(2220) Pause Young (Allocation Failure)
[6420.606s][info][gc,heap        ] GC(2220) PSYoungGen: 2606272K(2606592K)->156928K(2612224K) Eden: 2430976K(2430976K)->0K(2427904K) From: 175296K(175616K)->156928K(184320K)
[6420.606s][info][gc,heap        ] GC(2220) ParOldGen: 5291609K(5292032K)->5397153K(5397504K)
[6420.606s][info][gc,metaspace   ] GC(2220) Metaspace: 29105K(29376K)->29105K(29376K) NonClass: 25998K(26112K)->25998K(26112K) Class: 3106K(3264K)->3106K(3264K)
[6420.606s][info][gc             ] GC(2220) Pause Young (Allocation Failure) 7712M->5423M(7822M) 100.925ms
[6420.606s][info][gc,cpu         ] GC(2220) User=0.54s Sys=0.05s Real=0.10s
..[6422.075s][info][gc,start       ] GC(2221) Pause Young (Allocation Failure)
[6422.172s][info][gc,heap        ] GC(2221) PSYoungGen: 2584832K(2612224K)->148672K(2611712K) Eden: 2427904K(2427904K)->0K(2427904K) From: 156928K(184320K)->148672K(183808K)
[6422.173s][info][gc,heap        ] GC(2221) ParOldGen: 5397153K(5397504K)->5501089K(5501440K)
[6422.173s][info][gc,metaspace   ] GC(2221) Metaspace: 29105K(29376K)->29105K(29376K) NonClass: 25998K(26112K)->25998K(26112K) Class: 3106K(3264K)->3106K(3264K)
[6422.173s][info][gc             ] GC(2221) Pause Young (Allocation Failure) 7794M->5517M(7923M) 97.556ms
[6422.173s][info][gc,cpu         ] GC(2221) User=0.54s Sys=0.04s Real=0.10s
.[6423.651s][info][gc,start       ] GC(2222) Pause Full (Allocation Failure)
[6423.651s][info][gc,phases,start] GC(2222) Marking Phase
[6423.978s][info][gc,phases      ] GC(2222) Marking Phase 327.162ms
[6423.979s][info][gc,phases,start] GC(2222) Summary Phase
[6423.979s][info][gc,phases      ] GC(2222) Summary Phase 0.105ms
[6423.979s][info][gc,phases,start] GC(2222) Forward
[6424.104s][info][gc,phases      ] GC(2222) Forward 125.098ms
[6424.104s][info][gc,phases,start] GC(2222) Adjust Pointers
[6424.322s][info][gc,phases      ] GC(2222) Adjust Pointers 218.250ms
[6424.322s][info][gc,phases,start] GC(2222) Compaction Phase
[6424.477s][info][gc,phases      ] GC(2222) Compaction Phase 154.497ms
[6424.478s][info][gc,phases,start] GC(2222) Post Compact
[6424.485s][info][gc,phases      ] GC(2222) Post Compact 6.763ms
[6424.608s][info][gc,heap        ] GC(2222) PSYoungGen: 2576576K(2611712K)->0K(2611712K) Eden: 2427904K(2427904K)->0K(2427392K) From: 148672K(183808K)->0K(184320K)
[6424.608s][info][gc,heap        ] GC(2222) ParOldGen: 5501089K(5501440K)->1640735K(2137088K)
[6424.608s][info][gc,metaspace   ] GC(2222) Metaspace: 29105K(29376K)->29105K(29376K) NonClass: 25998K(26112K)->25998K(26112K) Class: 3106K(3264K)->3106K(3264K)
[6424.608s][info][gc             ] GC(2222) Pause Full (Allocation Failure) 7888M->1602M(4637M) 956.344ms
[6424.608s][info][gc,cpu         ] GC(2222) User=4.56s Sys=0.12s Real=0.96s
..[6425.900s][info][gc,start       ] GC(2223) Pause Young (Allocation Failure)
[6425.967s][info][gc,heap        ] GC(2223) PSYoungGen: 2427392K(2611712K)->164080K(2591744K) Eden: 2427392K(2427392K)->0K(2427392K) From: 0K(184320K)->164080K(164352K)
[6425.967s][info][gc,heap        ] GC(2223) ParOldGen: 1640735K(2137088K)->1640735K(2137088K)
[6425.967s][info][gc,metaspace   ] GC(2223) Metaspace: 29105K(29376K)->29105K(29376K) NonClass: 25998K(26112K)->25998K(26112K) Class: 3106K(3264K)->3106K(3264K)
[6425.967s][info][gc             ] GC(2223) Pause Young (Allocation Failure) 3972M->1762M(4618M) 67.475ms
[6425.967s][info][gc,cpu         ] GC(2223) User=0.40s Sys=0.00s Real=0.07s
.[6427.245s][info][gc,start       ] GC(2224) Pause Young (Allocation Failure)
[6427.340s][info][gc,heap        ] GC(2224) PSYoungGen: 2591472K(2591744K)->165220K(2611200K) Eden: 2427392K(2427392K)->0K(2428416K) From: 164080K(164352K)->165220K(182784K)
[6427.340s][info][gc,heap        ] GC(2224) ParOldGen: 1640735K(2137088K)->1744318K(2137088K)
[6427.340s][info][gc,metaspace   ] GC(2224) Metaspace: 29105K(29376K)->29105K(29376K) NonClass: 25998K(26112K)->25998K(26112K) Class: 3106K(3264K)->3106K(3264K)
[6427.340s][info][gc             ] GC(2224) Pause Young (Allocation Failure) 4133M->1864M(4637M) 95.520ms
[6427.340s][info][gc,cpu         ] GC(2224) User=0.57s Sys=0.00s Real=0.09s
.[6428.709s][info][gc,start       ] GC(2225) Pause Young (Allocation Failure)
[6428.811s][info][gc,heap        ] GC(2225) PSYoungGen: 2593636K(2611200K)->174879K(2610176K) Eden: 2428416K(2428416K)->0K(2428416K) From: 165220K(182784K)->174879K(181760K)
[6428.811s][info][gc,heap        ] GC(2225) ParOldGen: 1744318K(2137088K)->1850510K(2137088K)
[6428.811s][info][gc,metaspace   ] GC(2225) Metaspace: 29105K(29376K)->29105K(29376K) NonClass: 25998K(26112K)->25998K(26112K) Class: 3106K(3264K)->3106K(3264K)
[6428.811s][info][gc             ] GC(2225) Pause Young (Allocation Failure) 4236M->1977M(4636M) 102.467ms
[6428.811s][info][gc,cpu         ] GC(2225) User=0.61s Sys=0.00s Real=0.10s
..[6430.153s][info][gc,start       ] GC(2226) Pause Young (Allocation Failure)
[6430.245s][info][gc,heap        ] GC(2226) PSYoungGen: 2603295K(2610176K)->152800K(2611712K) Eden: 2428416K(2428416K)->0K(2427392K) From: 174879K(181760K)->152800K(184320K)
[6430.245s][info][gc,heap        ] GC(2226) ParOldGen: 1850510K(2137088K)->1954646K(2137088K)
[6430.245s][info][gc,metaspace   ] GC(2226) Metaspace: 29105K(29376K)->29105K(29376K) NonClass: 25998K(26112K)->25998K(26112K) Class: 3106K(3264K)->3106K(3264K)
[6430.245s][info][gc             ] GC(2226) Pause Young (Allocation Failure) 4349M->2058M(4637M) 91.926ms
[6430.245s][info][gc,cpu         ] GC(2226) User=0.54s Sys=0.00s Real=0.09s
.[6431.730s][info][gc,start       ] GC(2227) Pause Young (Allocation Failure)
[6431.826s][info][gc,heap        ] GC(2227) PSYoungGen: 2580192K(2611712K)->161568K(2589184K) Eden: 2427392K(2427392K)->0K(2427392K) From: 152800K(184320K)->161568K(161792K)
[6431.826s][info][gc,heap        ] GC(2227) ParOldGen: 1954646K(2137088K)->2057158K(2137088K)
[6431.826s][info][gc,metaspace   ] GC(2227) Metaspace: 29105K(29376K)->29105K(29376K) NonClass: 25998K(26112K)->25998K(26112K) Class: 3106K(3264K)->3106K(3264K)
[6431.826s][info][gc             ] GC(2227) Pause Young (Allocation Failure) 4428M->2166M(4615M) 96.707ms
[6431.826s][info][gc,cpu         ] GC(2227) User=0.57s Sys=0.00s Real=0.10s
..[6433.248s][info][gc,start       ] GC(2228) Pause Young (Allocation Failure)
[6433.346s][info][gc,heap        ] GC(2228) PSYoungGen: 2588960K(2589184K)->160954K(2611200K) Eden: 2427392K(2427392K)->0K(2428928K) From: 161568K(161792K)->160954K(182272K)
[6433.346s][info][gc,heap        ] GC(2228) ParOldGen: 2057158K(2137088K)->2162750K(2163200K)
[6433.346s][info][gc,metaspace   ] GC(2228) Metaspace: 29105K(29376K)->29105K(29376K) NonClass: 25998K(26112K)->25998K(26112K) Class: 3106K(3264K)->3106K(3264K)
[6433.346s][info][gc             ] GC(2228) Pause Young (Allocation Failure) 4537M->2269M(4662M) 97.679ms
[6433.346s][info][gc,cpu         ] GC(2228) User=0.57s Sys=0.00s Real=0.10s
.[6434.820s][info][gc,start       ] GC(2229) Pause Young (Allocation Failure)
[6434.922s][info][gc,heap        ] GC(2229) PSYoungGen: 2589882K(2611200K)->163091K(2609664K) Eden: 2428928K(2428928K)->0K(2428928K) From: 160954K(182272K)->163091K(180736K)
[6434.922s][info][gc,heap        ] GC(2229) ParOldGen: 2162750K(2163200K)->2265590K(2265600K)
[6434.922s][info][gc,metaspace   ] GC(2229) Metaspace: 29105K(29376K)->29105K(29376K) NonClass: 25998K(26112K)->25998K(26112K) Class: 3106K(3264K)->3106K(3264K)
[6434.922s][info][gc             ] GC(2229) Pause Young (Allocation Failure) 4641M->2371M(4761M) 101.799ms
[6434.922s][info][gc,cpu         ] GC(2229) User=0.57s Sys=0.03s Real=0.11s
..[6436.375s][info][gc,start       ] GC(2230) Pause Young (Allocation Failure)
[6436.473s][info][gc,heap        ] GC(2230) PSYoungGen: 2592019K(2609664K)->154560K(2612224K) Eden: 2428928K(2428928K)->0K(2433024K) From: 163091K(180736K)->154560K(179200K)
[6436.473s][info][gc,heap        ] GC(2230) ParOldGen: 2265590K(2265600K)->2371806K(2372096K)
[6436.473s][info][gc,metaspace   ] GC(2230) Metaspace: 29105K(29376K)->29105K(29376K) NonClass: 25998K(26112K)->25998K(26112K) Class: 3106K(3264K)->3106K(3264K)
[6436.473s][info][gc             ] GC(2230) Pause Young (Allocation Failure) 4743M->2467M(4867M) 98.338ms
[6436.473s][info][gc,cpu         ] GC(2230) User=0.54s Sys=0.03s Real=0.10s
.[6438.014s][info][gc,start       ] GC(2231) Pause Young (Allocation Failure)
[6438.107s][info][gc,heap        ] GC(2231) PSYoungGen: 2587584K(2612224K)->146944K(2612224K) Eden: 2433024K(2433024K)->0K(2433024K) From: 154560K(179200K)->146944K(179200K)
[6438.107s][info][gc,heap        ] GC(2231) ParOldGen: 2371806K(2372096K)->2475062K(2475520K)
[6438.107s][info][gc,metaspace   ] GC(2231) Metaspace: 29105K(29376K)->29105K(29376K) NonClass: 25998K(26112K)->25998K(26112K) Class: 3106K(3264K)->3106K(3264K)
[6438.107s][info][gc             ] GC(2231) Pause Young (Allocation Failure) 4843M->2560M(4968M) 92.905ms
[6438.107s][info][gc,cpu         ] GC(2231) User=0.50s Sys=0.05s Real=0.09s
..[6439.517s][info][gc,start       ] GC(2232) Pause Young (Allocation Failure)
[6439.626s][info][gc,heap        ] GC(2232) PSYoungGen: 2579968K(2612224K)->161856K(2615296K) Eden: 2433024K(2433024K)->0K(2437120K) From: 146944K(179200K)->161856K(178176K)
[6439.626s][info][gc,heap        ] GC(2232) ParOldGen: 2475062K(2475520K)->2579598K(2579968K)
[6439.626s][info][gc,metaspace   ] GC(2232) Metaspace: 29105K(29376K)->29105K(29376K) NonClass: 25998K(26112K)->25998K(26112K) Class: 3106K(3264K)->3106K(3264K)
[6439.626s][info][gc             ] GC(2232) Pause Young (Allocation Failure) 4936M->2677M(5073M) 108.159ms
[6439.626s][info][gc,cpu         ] GC(2232) User=0.56s Sys=0.03s Real=0.11s
. (rIR:aIR:PR = 10654:10684:10684) (tPR = 158233) [OK] 
  6440s: Performance info:
         Transaction,    Success,    Partial,     Failed,   Receipts, AvgBarcode, 
             Overall,     642967,          0,          0,     610437,      59.47, 
         Response times:
             Request,    Success,    Partial,     Failed,   SkipFail,     Probes,    Samples,      min,      p50,      p90,      p95,      p99,      max, 
       TotalPurchase,     610417,          0,          0,          0,     331127,     530132,      200,    17200,   262000,   405000,   690000,  1500000,
     InStorePurchase,     322273,          0,          0,          0,     174033,     278404,      200,    17300,   258000,   405000,   690000,  1500000,
      OnlinePurchase,     224800,          0,          0,          0,     121833,     195493,      300,    17300,   285000,   427000,   690000,   970000,
        InstPurchase,      63344,          0,          0,          0,      35261,      56235,      400,    16700,   279000,   427000,   710000,   970000,
          AssocOfCat,        635,          0,          0,          0,        512,        904,    29000,    71000,   371000,   595000,   789500,  1200000,
      AssocOfProduct,       6373,          0,          0,          0,       3425,       5653,     1200,    18200,   278000,   403000,   589980,   820000,
      BusinessReport,       1602,          0,          0,          0,       1354,       2287,    31000,    78000,   372400,   492600,   730000,  1200000,
          CustBuyBeh,       6505,          0,          0,          0,       3490,       5690,      200,    16900,   264000,   376000,   543000,   890000,
       ProductReturn,      17439,          0,          0,          0,       8711,      13893,      300,    16700,   279000,   380000,   522000,   810000,

  6440s: (78%)   IR =  10793 [6441.195s][info][gc,start       ] GC(2233) Pause Young (Allocation Failure)
[6441.292s][info][gc,heap        ] GC(2233) PSYoungGen: 2598976K(2615296K)->153664K(2615808K) Eden: 2437120K(2437120K)->0K(2437120K) From: 161856K(178176K)->153664K(178688K)
[6441.292s][info][gc,heap        ] GC(2233) ParOldGen: 2579598K(2579968K)->2683038K(2683392K)
[6441.292s][info][gc,metaspace   ] GC(2233) Metaspace: 29105K(29376K)->29105K(29376K) NonClass: 25998K(26112K)->25998K(26112K) Class: 3106K(3264K)->3106K(3264K)
[6441.292s][info][gc             ] GC(2233) Pause Young (Allocation Failure) 5057M->2770M(5175M) 96.696ms
[6441.292s][info][gc,cpu         ] GC(2233) User=0.54s Sys=0.03s Real=0.10s
..[6442.797s][info][gc,start       ] GC(2234) Pause Young (Allocation Failure)
[6442.901s][info][gc,heap        ] GC(2234) PSYoungGen: 2590784K(2615808K)->170933K(2613248K) Eden: 2437120K(2437120K)->0K(2435584K) From: 153664K(178688K)->170933K(177664K)
[6442.901s][info][gc,heap        ] GC(2234) ParOldGen: 2683038K(2683392K)->2788366K(2788864K)
[6442.901s][info][gc,metaspace   ] GC(2234) Metaspace: 29105K(29376K)->29105K(29376K) NonClass: 25998K(26112K)->25998K(26112K) Class: 3106K(3264K)->3106K(3264K)
[6442.901s][info][gc             ] GC(2234) Pause Young (Allocation Failure) 5150M->2889M(5275M) 104.693ms
[6442.901s][info][gc,cpu         ] GC(2234) User=0.58s Sys=0.03s Real=0.10s
..[6444.435s][info][gc,start       ] GC(2235) Pause Young (Allocation Failure)
[6444.532s][info][gc,heap        ] GC(2235) PSYoungGen: 2606517K(2613248K)->151552K(2615808K) Eden: 2435584K(2435584K)->0K(2435584K) From: 170933K(177664K)->151552K(180224K)
[6444.532s][info][gc,heap        ] GC(2235) ParOldGen: 2788366K(2788864K)->2894822K(2894848K)
[6444.532s][info][gc,metaspace   ] GC(2235) Metaspace: 29105K(29376K)->29105K(29376K) NonClass: 25998K(26112K)->25998K(26112K) Class: 3106K(3264K)->3106K(3264K)
[6444.532s][info][gc             ] GC(2235) Pause Young (Allocation Failure) 5268M->2974M(5381M) 96.587ms
[6444.532s][info][gc,cpu         ] GC(2235) User=0.53s Sys=0.04s Real=0.09s
.[6446.023s][info][gc,start       ] GC(2236) Pause Young (Allocation Failure)
[6446.118s][info][gc,heap        ] GC(2236) PSYoungGen: 2587136K(2615808K)->150528K(2615296K) Eden: 2435584K(2435584K)->0K(2436096K) From: 151552K(180224K)->150528K(179200K)
[6446.118s][info][gc,heap        ] GC(2236) ParOldGen: 2894822K(2894848K)->2998702K(2998784K)
[6446.118s][info][gc,metaspace   ] GC(2236) Metaspace: 29105K(29376K)->29105K(29376K) NonClass: 25998K(26112K)->25998K(26112K) Class: 3106K(3264K)->3106K(3264K)
[6446.118s][info][gc             ] GC(2236) Pause Young (Allocation Failure) 5353M->3075M(5482M) 95.816ms
[6446.119s][info][gc,cpu         ] GC(2236) User=0.53s Sys=0.03s Real=0.09s
..[6447.694s][info][gc,start       ] GC(2237) Pause Young (Allocation Failure)
[6447.803s][info][gc,heap        ] GC(2237) PSYoungGen: 2586624K(2615296K)->179700K(2615808K) Eden: 2436096K(2436096K)->0K(2436096K) From: 150528K(179200K)->179700K(179712K)
[6447.803s][info][gc,heap        ] GC(2237) ParOldGen: 2998702K(2998784K)->3101046K(3101184K)
[6447.803s][info][gc,metaspace   ] GC(2237) Metaspace: 29105K(29376K)->29105K(29376K) NonClass: 25998K(26112K)->25998K(26112K) Class: 3106K(3264K)->3106K(3264K)
[6447.803s][info][gc             ] GC(2237) Pause Young (Allocation Failure) 5454M->3203M(5583M) 109.040ms
[6447.803s][info][gc,cpu         ] GC(2237) User=0.62s Sys=0.03s Real=0.11s
.[6449.218s][info][gc,start       ] GC(2238) Pause Young (Allocation Failure)
[6449.325s][info][gc,heap        ] GC(2238) PSYoungGen: 2615796K(2615808K)->167258K(2539008K) Eden: 2436096K(2436096K)->0K(2358784K) From: 179700K(179712K)->167258K(180224K)
[6449.325s][info][gc,heap        ] GC(2238) ParOldGen: 3101046K(3101184K)->3210190K(3210240K)
[6449.325s][info][gc,metaspace   ] GC(2238) Metaspace: 29105K(29376K)->29105K(29376K) NonClass: 25998K(26112K)->25998K(26112K) Class: 3106K(3264K)->3106K(3264K)
[6449.325s][info][gc             ] GC(2238) Pause Young (Allocation Failure) 5582M->3298M(5614M) 106.726ms
[6449.325s][info][gc,cpu         ] GC(2238) User=0.61s Sys=0.03s Real=0.11s
..[6450.726s][info][gc,start       ] GC(2239) Pause Young (Allocation Failure)
[6450.829s][info][gc,heap        ] GC(2239) PSYoungGen: 2526042K(2539008K)->173129K(2577408K) Eden: 2358784K(2358784K)->0K(2358784K) From: 167258K(180224K)->173129K(218624K)
[6450.829s][info][gc,heap        ] GC(2239) ParOldGen: 3210190K(3210240K)->3309990K(3310080K)
[6450.829s][info][gc,metaspace   ] GC(2239) Metaspace: 29105K(29376K)->29105K(29376K) NonClass: 25998K(26112K)->25998K(26112K) Class: 3106K(3264K)->3106K(3264K)
[6450.829s][info][gc             ] GC(2239) Pause Young (Allocation Failure) 5601M->3401M(5749M) 103.110ms
[6450.829s][info][gc,cpu         ] GC(2239) User=0.58s Sys=0.02s Real=0.10s
.[6452.330s][info][gc,start       ] GC(2240) Pause Young (Allocation Failure)
[6452.425s][info][gc,heap        ] GC(2240) PSYoungGen: 2531913K(2577408K)->148960K(2572288K) Eden: 2358784K(2358784K)->0K(2362880K) From: 173129K(218624K)->148960K(209408K)
[6452.425s][info][gc,heap        ] GC(2240) ParOldGen: 3309990K(3310080K)->3413758K(3414016K)
[6452.425s][info][gc,metaspace   ] GC(2240) Metaspace: 29105K(29376K)->29105K(29376K) NonClass: 25998K(26112K)->25998K(26112K) Class: 3106K(3264K)->3106K(3264K)
[6452.425s][info][gc             ] GC(2240) Pause Young (Allocation Failure) 5704M->3479M(5846M) 95.791ms
[6452.425s][info][gc,cpu         ] GC(2240) User=0.54s Sys=0.03s Real=0.10s
..[6453.830s][info][gc,start       ] GC(2241) Pause Young (Allocation Failure)
[6453.933s][info][gc,heap        ] GC(2241) PSYoungGen: 2511840K(2572288K)->165853K(2576896K) Eden: 2362880K(2362880K)->0K(2362880K) From: 148960K(209408K)->165853K(214016K)
[6453.933s][info][gc,heap        ] GC(2241) ParOldGen: 3413758K(3414016K)->3517502K(3517952K)
[6453.933s][info][gc,metaspace   ] GC(2241) Metaspace: 29105K(29376K)->29105K(29376K) NonClass: 25998K(26112K)->25998K(26112K) Class: 3106K(3264K)->3106K(3264K)
[6453.933s][info][gc             ] GC(2241) Pause Young (Allocation Failure) 5786M->3597M(5952M) 103.160ms
[6453.933s][info][gc,cpu         ] GC(2241) User=0.57s Sys=0.03s Real=0.11s
.[6455.309s][info][gc,start       ] GC(2242) Pause Young (Allocation Failure)
[6455.407s][info][gc,heap        ] GC(2242) PSYoungGen: 2528733K(2576896K)->153252K(2577920K) Eden: 2362880K(2362880K)->0K(2371584K) From: 165853K(214016K)->153252K(206336K)
[6455.407s][info][gc,heap        ] GC(2242) ParOldGen: 3517502K(3517952K)->3621734K(3621888K)
[6455.407s][info][gc,metaspace   ] GC(2242) Metaspace: 29105K(29376K)->29105K(29376K) NonClass: 25998K(26112K)->25998K(26112K) Class: 3106K(3264K)->3106K(3264K)
[6455.407s][info][gc             ] GC(2242) Pause Young (Allocation Failure) 5904M->3686M(6054M) 97.849ms
[6455.407s][info][gc,cpu         ] GC(2242) User=0.54s Sys=0.04s Real=0.10s
.|.[6456.927s][info][gc,start       ] GC(2243) Pause Young (Allocation Failure)
[6457.025s][info][gc,heap        ] GC(2243) PSYoungGen: 2524836K(2577920K)->159776K(2580480K) Eden: 2371584K(2371584K)->0K(2371584K) From: 153252K(206336K)->159776K(208896K)
[6457.025s][info][gc,heap        ] GC(2243) ParOldGen: 3621734K(3621888K)->3722622K(3722752K)
[6457.025s][info][gc,metaspace   ] GC(2243) Metaspace: 29105K(29376K)->29105K(29376K) NonClass: 25998K(26112K)->25998K(26112K) Class: 3106K(3264K)->3106K(3264K)
[6457.025s][info][gc             ] GC(2243) Pause Young (Allocation Failure) 6002M->3791M(6155M) 98.550ms
[6457.025s][info][gc,cpu         ] GC(2243) User=0.55s Sys=0.03s Real=0.10s
.[6458.492s][info][gc,start       ] GC(2244) Pause Young (Allocation Failure)
[6458.593s][info][gc,heap        ] GC(2244) PSYoungGen: 2531360K(2580480K)->162421K(2581504K) Eden: 2371584K(2371584K)->0K(2381312K) From: 159776K(208896K)->162421K(200192K)
[6458.593s][info][gc,heap        ] GC(2244) ParOldGen: 3722622K(3722752K)->3827278K(3827712K)
[6458.593s][info][gc,metaspace   ] GC(2244) Metaspace: 29105K(29376K)->29105K(29376K) NonClass: 25998K(26112K)->25998K(26112K) Class: 3106K(3264K)->3106K(3264K)
[6458.593s][info][gc             ] GC(2244) Pause Young (Allocation Failure) 6107M->3896M(6259M) 101.483ms
[6458.593s][info][gc,cpu         ] GC(2244) User=0.58s Sys=0.02s Real=0.10s
..[6459.989s][info][gc,start       ] GC(2245) Pause Young (Allocation Failure)
[6460.088s][info][gc,heap        ] GC(2245) PSYoungGen: 2543733K(2581504K)->153509K(2584064K) Eden: 2381312K(2381312K)->0K(2381312K) From: 162421K(200192K)->153509K(202752K)
[6460.088s][info][gc,heap        ] GC(2245) ParOldGen: 3827278K(3827712K)->3929838K(3930112K)
[6460.088s][info][gc,metaspace   ] GC(2245) Metaspace: 29105K(29376K)->29105K(29376K) NonClass: 25998K(26112K)->25998K(26112K) Class: 3106K(3264K)->3106K(3264K)
[6460.088s][info][gc             ] GC(2245) Pause Young (Allocation Failure) 6221M->3987M(6361M) 98.649ms
[6460.088s][info][gc,cpu         ] GC(2245) User=0.55s Sys=0.03s Real=0.10s
.[6461.521s][info][gc,start       ] GC(2246) Pause Young (Allocation Failure)
[6461.619s][info][gc,heap        ] GC(2246) PSYoungGen: 2534821K(2584064K)->150916K(2589184K) Eden: 2381312K(2381312K)->0K(2392064K) From: 153509K(202752K)->150916K(197120K)
[6461.619s][info][gc,heap        ] GC(2246) ParOldGen: 3929838K(3930112K)->4033430K(4033536K)
[6461.619s][info][gc,metaspace   ] GC(2246) Metaspace: 29105K(29376K)->29105K(29376K) NonClass: 25998K(26112K)->25998K(26112K) Class: 3106K(3264K)->3106K(3264K)
[6461.619s][info][gc             ] GC(2246) Pause Young (Allocation Failure) 6313M->4086M(6467M) 97.790ms
[6461.619s][info][gc,cpu         ] GC(2246) User=0.55s Sys=0.03s Real=0.10s
..[6463.022s][info][gc,start       ] GC(2247) Pause Young (Allocation Failure)
[6463.115s][info][gc,heap        ] GC(2247) PSYoungGen: 2542980K(2589184K)->142912K(2591744K) Eden: 2392064K(2392064K)->0K(2392064K) From: 150916K(197120K)->142912K(199680K)
[6463.115s][info][gc,heap        ] GC(2247) ParOldGen: 4033430K(4033536K)->4136342K(4136448K)
[6463.115s][info][gc,metaspace   ] GC(2247) Metaspace: 29105K(29376K)->29105K(29376K) NonClass: 25998K(26112K)->25998K(26112K) Class: 3106K(3264K)->3106K(3264K)
[6463.115s][info][gc             ] GC(2247) Pause Young (Allocation Failure) 6422M->4178M(6570M) 93.237ms
[6463.115s][info][gc,cpu         ] GC(2247) User=0.53s Sys=0.02s Real=0.09s
.[6464.531s][info][gc,start       ] GC(2248) Pause Young (Allocation Failure)
[6464.632s][info][gc,heap        ] GC(2248) PSYoungGen: 2534976K(2591744K)->165205K(2591232K) Eden: 2392064K(2392064K)->0K(2396672K) From: 142912K(199680K)->165205K(194560K)
[6464.632s][info][gc,heap        ] GC(2248) ParOldGen: 4136342K(4136448K)->4237510K(4237824K)
[6464.632s][info][gc,metaspace   ] GC(2248) Metaspace: 29105K(29376K)->29105K(29376K) NonClass: 25998K(26112K)->25998K(26112K) Class: 3106K(3264K)->3106K(3264K)
[6464.632s][info][gc             ] GC(2248) Pause Young (Allocation Failure) 6514M->4299M(6669M) 101.770ms
[6464.632s][info][gc,cpu         ] GC(2248) User=0.58s Sys=0.01s Real=0.11s
..[6466.147s][info][gc,start       ] GC(2249) Pause Young (Allocation Failure)
[6466.251s][info][gc,heap        ] GC(2249) PSYoungGen: 2561877K(2591232K)->160104K(2593792K) Eden: 2396672K(2396672K)->0K(2396672K) From: 165205K(194560K)->160104K(197120K)
[6466.251s][info][gc,heap        ] GC(2249) ParOldGen: 4237510K(4237824K)->4339014K(4339200K)
[6466.251s][info][gc,metaspace   ] GC(2249) Metaspace: 29105K(29376K)->29105K(29376K) NonClass: 25998K(26112K)->25998K(26112K) Class: 3106K(3264K)->3106K(3264K)
[6466.251s][info][gc             ] GC(2249) Pause Young (Allocation Failure) 6640M->4393M(6770M) 104.300ms
[6466.251s][info][gc,cpu         ] GC(2249) User=0.59s Sys=0.02s Real=0.10s
.[6467.657s][info][gc,start       ] GC(2250) Pause Young (Allocation Failure)
[6467.762s][info][gc,heap        ] GC(2250) PSYoungGen: 2556776K(2593792K)->169088K(2598400K) Eden: 2396672K(2396672K)->0K(2404864K) From: 160104K(197120K)->169088K(193536K)
[6467.762s][info][gc,heap        ] GC(2250) ParOldGen: 4339014K(4339200K)->4444070K(4444160K)
[6467.762s][info][gc,metaspace   ] GC(2250) Metaspace: 29105K(29376K)->29105K(29376K) NonClass: 25998K(26112K)->25998K(26112K) Class: 3106K(3264K)->3106K(3264K)
[6467.762s][info][gc             ] GC(2250) Pause Young (Allocation Failure) 6734M->4505M(6877M) 105.463ms
[6467.763s][info][gc,cpu         ] GC(2250) User=0.59s Sys=0.03s Real=0.11s
..[6469.119s][info][gc,start       ] GC(2251) Pause Young (Allocation Failure)
[6469.215s][info][gc,heap        ] GC(2251) PSYoungGen: 2573952K(2598400K)->148480K(2598400K) Eden: 2404864K(2404864K)->0K(2404864K) From: 169088K(193536K)->148480K(193536K)
[6469.215s][info][gc,heap        ] GC(2251) ParOldGen: 4444070K(4444160K)->4548166K(4548608K)
[6469.215s][info][gc,metaspace   ] GC(2251) Metaspace: 29105K(29376K)->29105K(29376K) NonClass: 25998K(26112K)->25998K(26112K) Class: 3106K(3264K)->3106K(3264K)
[6469.215s][info][gc             ] GC(2251) Pause Young (Allocation Failure) 6853M->4586M(6979M) 96.101ms
[6469.215s][info][gc,cpu         ] GC(2251) User=0.52s Sys=0.04s Real=0.10s
.[6470.773s][info][gc,start       ] GC(2252) Pause Young (Allocation Failure)
[6470.875s][info][gc,heap        ] GC(2252) PSYoungGen: 2553344K(2598400K)->161632K(2596864K) Eden: 2404864K(2404864K)->0K(2409472K) From: 148480K(193536K)->161632K(187392K)
[6470.875s][info][gc,heap        ] GC(2252) ParOldGen: 4548166K(4548608K)->4654174K(4654592K)
[6470.875s][info][gc,metaspace   ] GC(2252) Metaspace: 29105K(29376K)->29105K(29376K) NonClass: 25998K(26112K)->25998K(26112K) Class: 3106K(3264K)->3106K(3264K)
[6470.875s][info][gc             ] GC(2252) Pause Young (Allocation Failure) 6935M->4702M(7081M) 102.230ms
[6470.875s][info][gc,cpu         ] GC(2252) User=0.57s Sys=0.03s Real=0.10s
..[6472.267s][info][gc,start       ] GC(2253) Pause Young (Allocation Failure)
[6472.372s][info][gc,heap        ] GC(2253) PSYoungGen: 2571104K(2596864K)->166442K(2599424K) Eden: 2409472K(2409472K)->0K(2409472K) From: 161632K(187392K)->166442K(189952K)
[6472.372s][info][gc,heap        ] GC(2253) ParOldGen: 4654174K(4654592K)->4753870K(4753920K)
[6472.372s][info][gc,metaspace   ] GC(2253) Metaspace: 29105K(29376K)->29105K(29376K) NonClass: 25998K(26112K)->25998K(26112K) Class: 3106K(3264K)->3106K(3264K)
[6472.372s][info][gc             ] GC(2253) Pause Young (Allocation Failure) 7055M->4804M(7181M) 105.476ms
[6472.372s][info][gc,cpu         ] GC(2253) User=0.59s Sys=0.03s Real=0.11s
.[6473.874s][info][gc,start       ] GC(2254) Pause Young (Allocation Failure)
[6473.983s][info][gc,heap        ] GC(2254) PSYoungGen: 2575914K(2599424K)->171872K(2605056K) Eden: 2409472K(2409472K)->0K(2416128K) From: 166442K(189952K)->171872K(188928K)
[6473.983s][info][gc,heap        ] GC(2254) ParOldGen: 4753870K(4753920K)->4861830K(4861952K)
[6473.983s][info][gc,metaspace   ] GC(2254) Metaspace: 29105K(29376K)->29105K(29376K) NonClass: 25998K(26112K)->25998K(26112K) Class: 3106K(3264K)->3106K(3264K)
[6473.983s][info][gc             ] GC(2254) Pause Young (Allocation Failure) 7157M->4915M(7292M) 108.548ms
[6473.983s][info][gc,cpu         ] GC(2254) User=0.61s Sys=0.02s Real=0.11s
..[6475.416s][info][gc,start       ] GC(2255) Pause Young (Allocation Failure)
[6475.515s][info][gc,heap        ] GC(2255) PSYoungGen: 2588000K(2605056K)->151200K(2606080K) Eden: 2416128K(2416128K)->0K(2416128K) From: 171872K(188928K)->151200K(189952K)
[6475.515s][info][gc,heap        ] GC(2255) ParOldGen: 4861830K(4861952K)->4964278K(4964352K)
[6475.515s][info][gc,metaspace   ] GC(2255) Metaspace: 29105K(29376K)->29105K(29376K) NonClass: 25998K(26112K)->25998K(26112K) Class: 3106K(3264K)->3106K(3264K)
[6475.515s][info][gc             ] GC(2255) Pause Young (Allocation Failure) 7275M->4995M(7393M) 99.005ms
[6475.515s][info][gc,cpu         ] GC(2255) User=0.55s Sys=0.03s Real=0.10s
..[6477.041s][info][gc,start       ] GC(2256) Pause Young (Allocation Failure)
[6477.140s][info][gc,heap        ] GC(2256) PSYoungGen: 2567328K(2606080K)->156032K(2601472K) Eden: 2416128K(2416128K)->0K(2416640K) From: 151200K(189952K)->156032K(184832K)
[6477.140s][info][gc,heap        ] GC(2256) ParOldGen: 4964278K(4964352K)->5065918K(5066240K)
[6477.140s][info][gc,metaspace   ] GC(2256) Metaspace: 29105K(29376K)->29105K(29376K) NonClass: 25998K(26112K)->25998K(26112K) Class: 3106K(3264K)->3106K(3264K)
[6477.140s][info][gc             ] GC(2256) Pause Young (Allocation Failure) 7355M->5099M(7488M) 99.363ms
[6477.140s][info][gc,cpu         ] GC(2256) User=0.54s Sys=0.04s Real=0.10s
.[6478.614s][info][gc,start       ] GC(2257) Pause Young (Allocation Failure)
[6478.719s][info][gc,heap        ] GC(2257) PSYoungGen: 2572672K(2601472K)->168352K(2604032K) Eden: 2416640K(2416640K)->0K(2416640K) From: 156032K(184832K)->168352K(187392K)
[6478.719s][info][gc,heap        ] GC(2257) ParOldGen: 5065918K(5066240K)->5167958K(5168128K)
[6478.719s][info][gc,metaspace   ] GC(2257) Metaspace: 29105K(29376K)->29105K(29376K) NonClass: 25998K(26112K)->25998K(26112K) Class: 3106K(3264K)->3106K(3264K)
[6478.719s][info][gc             ] GC(2257) Pause Young (Allocation Failure) 7459M->5211M(7590M) 104.874ms
[6478.719s][info][gc,cpu         ] GC(2257) User=0.58s Sys=0.04s Real=0.10s
..[6480.201s][info][gc,start       ] GC(2258) Pause Young (Allocation Failure)
[6480.300s][info][gc,heap        ] GC(2258) PSYoungGen: 2584992K(2604032K)->145824K(2608128K) Eden: 2416640K(2416640K)->0K(2420224K) From: 168352K(187392K)->145824K(187904K)
[6480.300s][info][gc,heap        ] GC(2258) ParOldGen: 5167958K(5168128K)->5277134K(5277184K)
[6480.300s][info][gc,metaspace   ] GC(2258) Metaspace: 29105K(29376K)->29105K(29376K) NonClass: 25998K(26112K)->25998K(26112K) Class: 3106K(3264K)->3106K(3264K)
[6480.300s][info][gc             ] GC(2258) Pause Young (Allocation Failure) 7571M->5295M(7700M) 99.423ms
[6480.300s][info][gc,cpu         ] GC(2258) User=0.55s Sys=0.04s Real=0.10s
.[6481.795s][info][gc,start       ] GC(2259) Pause Young (Allocation Failure)
[6481.898s][info][gc,heap        ] GC(2259) PSYoungGen: 2566048K(2608128K)->165104K(2585600K) Eden: 2420224K(2420224K)->0K(2420224K) From: 145824K(187904K)->165104K(165376K)
[6481.898s][info][gc,heap        ] GC(2259) ParOldGen: 5277134K(5277184K)->5378862K(5379072K)
[6481.898s][info][gc,metaspace   ] GC(2259) Metaspace: 29105K(29376K)->29105K(29376K) NonClass: 25998K(26112K)->25998K(26112K) Class: 3106K(3264K)->3106K(3264K)
[6481.898s][info][gc             ] GC(2259) Pause Young (Allocation Failure) 7659M->5414M(7778M) 102.731ms
[6481.898s][info][gc,cpu         ] GC(2259) User=0.57s Sys=0.03s Real=0.10s
..[6483.353s][info][gc,start       ] GC(2260) Pause Young (Allocation Failure)
[6483.461s][info][gc,heap        ] GC(2260) PSYoungGen: 2585328K(2585600K)->173033K(2605056K) Eden: 2420224K(2420224K)->0K(2418176K) From: 165104K(165376K)->173033K(186880K)
[6483.461s][info][gc,heap        ] GC(2260) ParOldGen: 5378862K(5379072K)->5481382K(5481472K)
[6483.461s][info][gc,metaspace   ] GC(2260) Metaspace: 29105K(29376K)->29105K(29376K) NonClass: 25998K(26112K)->25998K(26112K) Class: 3106K(3264K)->3106K(3264K)
[6483.461s][info][gc             ] GC(2260) Pause Young (Allocation Failure) 7777M->5521M(7897M) 107.988ms
[6483.461s][info][gc,cpu         ] GC(2260) User=0.60s Sys=0.04s Real=0.10s
.[6484.961s][info][gc,start       ] GC(2261) Pause Young (Allocation Failure)
[6485.058s][info][gc,heap        ] GC(2261) PSYoungGen: 2591209K(2605056K)->149024K(2607104K) Eden: 2418176K(2418176K)->0K(2418176K) From: 173033K(186880K)->149024K(188928K)
[6485.058s][info][gc,heap        ] GC(2261) ParOldGen: 5481382K(5481472K)->5583590K(5583872K)
[6485.058s][info][gc,metaspace   ] GC(2261) Metaspace: 29105K(29376K)->29105K(29376K) NonClass: 25998K(26112K)->25998K(26112K) Class: 3106K(3264K)->3106K(3264K)
[6485.058s][info][gc             ] GC(2261) Pause Young (Allocation Failure) 7883M->5598M(7999M) 96.901ms
[6485.058s][info][gc,cpu         ] GC(2261) User=0.54s Sys=0.03s Real=0.10s
..[6486.607s][info][gc,start       ] GC(2262) Pause Full (Allocation Failure)
[6486.607s][info][gc,phases,start] GC(2262) Marking Phase
[6486.927s][info][gc,phases      ] GC(2262) Marking Phase 320.032ms
[6486.927s][info][gc,phases,start] GC(2262) Summary Phase
[6486.927s][info][gc,phases      ] GC(2262) Summary Phase 0.098ms
[6486.927s][info][gc,phases,start] GC(2262) Forward
[6487.064s][info][gc,phases      ] GC(2262) Forward 136.927ms
[6487.064s][info][gc,phases,start] GC(2262) Adjust Pointers
[6487.280s][info][gc,phases      ] GC(2262) Adjust Pointers 215.639ms
[6487.280s][info][gc,phases,start] GC(2262) Compaction Phase
[6487.431s][info][gc,phases      ] GC(2262) Compaction Phase 151.138ms
[6487.432s][info][gc,phases,start] GC(2262) Post Compact
[6487.439s][info][gc,phases      ] GC(2262) Post Compact 6.968ms
[6487.553s][info][gc,heap        ] GC(2262) PSYoungGen: 2567200K(2607104K)->0K(2606592K) Eden: 2418176K(2418176K)->0K(2418688K) From: 149024K(188928K)->0K(187904K)
[6487.553s][info][gc,heap        ] GC(2262) ParOldGen: 5583590K(5583872K)->1637645K(2146816K)
[6487.553s][info][gc,metaspace   ] GC(2262) Metaspace: 29105K(29376K)->29105K(29376K) NonClass: 25998K(26112K)->25998K(26112K) Class: 3106K(3264K)->3106K(3264K)
[6487.553s][info][gc             ] GC(2262) Pause Full (Allocation Failure) 7959M->1599M(4642M) 946.116ms
[6487.553s][info][gc,cpu         ] GC(2262) User=4.48s Sys=0.11s Real=0.95s
..[6488.857s][info][gc,start       ] GC(2263) Pause Young (Allocation Failure)
[6488.931s][info][gc,heap        ] GC(2263) PSYoungGen: 2418688K(2606592K)->177801K(2596864K) Eden: 2418688K(2418688K)->0K(2418688K) From: 0K(187904K)->177801K(178176K)
[6488.931s][info][gc,heap        ] GC(2263) ParOldGen: 1637645K(2146816K)->1637645K(2146816K)
[6488.931s][info][gc,metaspace   ] GC(2263) Metaspace: 29105K(29376K)->29105K(29376K) NonClass: 25998K(26112K)->25998K(26112K) Class: 3106K(3264K)->3106K(3264K)
[6488.931s][info][gc             ] GC(2263) Pause Young (Allocation Failure) 3961M->1772M(4632M) 74.338ms
[6488.931s][info][gc,cpu         ] GC(2263) User=0.44s Sys=0.00s Real=0.07s
.[6490.252s][info][gc,start       ] GC(2264) Pause Young (Allocation Failure)
[6490.345s][info][gc,heap        ] GC(2264) PSYoungGen: 2596489K(2596864K)->153008K(2605568K) Eden: 2418688K(2418688K)->0K(2413568K) From: 177801K(178176K)->153008K(192000K)
[6490.345s][info][gc,heap        ] GC(2264) ParOldGen: 1637645K(2146816K)->1743341K(2146816K)
[6490.345s][info][gc,metaspace   ] GC(2264) Metaspace: 29105K(29376K)->29105K(29376K) NonClass: 25998K(26112K)->25998K(26112K) Class: 3106K(3264K)->3106K(3264K)
[6490.345s][info][gc             ] GC(2264) Pause Young (Allocation Failure) 4134M->1851M(4641M) 93.253ms
[6490.345s][info][gc,cpu         ] GC(2264) User=0.55s Sys=0.00s Real=0.09s
.[6491.711s][info][gc,start       ] GC(2265) Pause Young (Allocation Failure)
[6491.814s][info][gc,heap        ] GC(2265) PSYoungGen: 2566576K(2605568K)->176557K(2590208K) Eden: 2413568K(2413568K)->0K(2413568K) From: 153008K(192000K)->176557K(176640K)
[6491.814s][info][gc,heap        ] GC(2265) ParOldGen: 1743341K(2146816K)->1845085K(2146816K)
[6491.814s][info][gc,metaspace   ] GC(2265) Metaspace: 29105K(29376K)->29105K(29376K) NonClass: 25998K(26112K)->25998K(26112K) Class: 3106K(3264K)->3106K(3264K)
[6491.814s][info][gc             ] GC(2265) Pause Young (Allocation Failure) 4208M->1974M(4626M) 102.764ms
[6491.814s][info][gc,cpu         ] GC(2265) User=0.60s Sys=0.01s Real=0.11s
.[6493.080s][info][gc,start       ] GC(2266) Pause Young (Allocation Failure)
[6493.173s][info][gc,heap        ] GC(2266) PSYoungGen: 2590125K(2590208K)->151750K(2604032K) Eden: 2413568K(2413568K)->0K(2410496K) From: 176557K(176640K)->151750K(193536K)
[6493.173s][info][gc,heap        ] GC(2266) ParOldGen: 1845085K(2146816K)->1946845K(2146816K)
[6493.173s][info][gc,metaspace   ] GC(2266) Metaspace: 29105K(29376K)->29105K(29376K) NonClass: 25998K(26112K)->25998K(26112K) Class: 3106K(3264K)->3106K(3264K)
[6493.173s][info][gc             ] GC(2266) Pause Young (Allocation Failure) 4331M->2049M(4639M) 92.488ms
[6493.173s][info][gc,cpu         ] GC(2266) User=0.55s Sys=0.00s Real=0.10s
..[6494.467s][info][gc,start       ] GC(2267) Pause Young (Allocation Failure)
[6494.611s][info][gc,heap        ] GC(2267) PSYoungGen: 2562246K(2604032K)->165620K(2576384K) Eden: 2410496K(2410496K)->0K(2410496K) From: 151750K(193536K)->165620K(165888K)
[6494.611s][info][gc,heap        ] GC(2267) ParOldGen: 1946845K(2146816K)->2051861K(2146816K)
[6494.611s][info][gc,metaspace   ] GC(2267) Metaspace: 29105K(29376K)->29105K(29376K) NonClass: 25998K(26112K)->25998K(26112K) Class: 3106K(3264K)->3106K(3264K)
[6494.611s][info][gc             ] GC(2267) Pause Young (Allocation Failure) 4403M->2165M(4612M) 144.604ms
[6494.611s][info][gc,cpu         ] GC(2267) User=0.58s Sys=0.00s Real=0.14s
.[6495.992s][info][gc,start       ] GC(2268) Pause Young (Allocation Failure)
[6496.085s][info][gc,heap        ] GC(2268) PSYoungGen: 2576116K(2576384K)->149123K(2601472K) Eden: 2410496K(2410496K)->0K(2411008K) From: 165620K(165888K)->149123K(190464K)
[6496.085s][info][gc,heap        ] GC(2268) ParOldGen: 2051861K(2146816K)->2156821K(2157056K)
[6496.085s][info][gc,metaspace   ] GC(2268) Metaspace: 29105K(29376K)->29105K(29376K) NonClass: 25998K(26112K)->25998K(26112K) Class: 3106K(3264K)->3106K(3264K)
[6496.085s][info][gc             ] GC(2268) Pause Young (Allocation Failure) 4519M->2251M(4647M) 93.146ms
[6496.085s][info][gc,cpu         ] GC(2268) User=0.55s Sys=0.01s Real=0.09s
..[6497.627s][info][gc,start       ] GC(2269) Pause Young (Allocation Failure)
[6497.728s][info][gc,heap        ] GC(2269) PSYoungGen: 2560131K(2601472K)->160149K(2600960K) Eden: 2411008K(2411008K)->0K(2411008K) From: 149123K(190464K)->160149K(189952K)
[6497.728s][info][gc,heap        ] GC(2269) ParOldGen: 2156821K(2157056K)->2256933K(2257408K)
[6497.728s][info][gc,metaspace   ] GC(2269) Metaspace: 29105K(29376K)->29105K(29376K) NonClass: 25998K(26112K)->25998K(26112K) Class: 3106K(3264K)->3106K(3264K)
[6497.728s][info][gc             ] GC(2269) Pause Young (Allocation Failure) 4606M->2360M(4744M) 101.095ms
[6497.728s][info][gc,cpu         ] GC(2269) User=0.57s Sys=0.02s Real=0.10s
.[6499.197s][info][gc,start       ] GC(2270) Pause Young (Allocation Failure)
[6499.298s][info][gc,heap        ] GC(2270) PSYoungGen: 2571157K(2600960K)->162165K(2604032K) Eden: 2411008K(2411008K)->0K(2417664K) From: 160149K(189952K)->162165K(186368K)
[6499.298s][info][gc,heap        ] GC(2270) ParOldGen: 2256933K(2257408K)->2358653K(2358784K)
[6499.298s][info][gc,metaspace   ] GC(2270) Metaspace: 29105K(29376K)->29105K(29376K) NonClass: 25998K(26112K)->25998K(26112K) Class: 3106K(3264K)->3106K(3264K)
[6499.298s][info][gc             ] GC(2270) Pause Young (Allocation Failure) 4714M->2461M(4846M) 100.870ms
[6499.298s][info][gc,cpu         ] GC(2270) User=0.56s Sys=0.04s Real=0.10s
..[6500.639s][info][gc,start       ] GC(2271) Pause Young (Allocation Failure)
[6500.747s][info][gc,heap        ] GC(2271) PSYoungGen: 2579829K(2604032K)->175813K(2603008K) Eden: 2417664K(2417664K)->0K(2417664K) From: 162165K(186368K)->175813K(185344K)
[6500.747s][info][gc,heap        ] GC(2271) ParOldGen: 2358653K(2358784K)->2464973K(2465280K)
[6500.747s][info][gc,metaspace   ] GC(2271) Metaspace: 29105K(29376K)->29105K(29376K) NonClass: 25998K(26112K)->25998K(26112K) Class: 3106K(3264K)->3106K(3264K)
[6500.747s][info][gc             ] GC(2271) Pause Young (Allocation Failure) 4822M->2578M(4949M) 107.403ms
[6500.747s][info][gc,cpu         ] GC(2271) User=0.60s Sys=0.04s Real=0.11s
.[6502.171s][info][gc,start       ] GC(2272) Pause Young (Allocation Failure)
[6502.272s][info][gc,heap        ] GC(2272) PSYoungGen: 2593477K(2603008K)->158544K(2608640K) Eden: 2417664K(2417664K)->0K(2421248K) From: 175813K(185344K)->158544K(187392K)
[6502.272s][info][gc,heap        ] GC(2272) ParOldGen: 2464973K(2465280K)->2571557K(2571776K)
[6502.272s][info][gc,metaspace   ] GC(2272) Metaspace: 29105K(29376K)->29105K(29376K) NonClass: 25998K(26112K)->25998K(26112K) Class: 3106K(3264K)->3106K(3264K)
[6502.272s][info][gc             ] GC(2272) Pause Young (Allocation Failure) 4939M->2666M(5059M) 100.973ms
[6502.272s][info][gc,cpu         ] GC(2272) User=0.56s Sys=0.02s Real=0.11s
..[6503.780s][info][gc,start       ] GC(2273) Pause Young (Allocation Failure)
[6503.886s][info][gc,heap        ] GC(2273) PSYoungGen: 2579792K(2608640K)->172890K(2607616K) Eden: 2421248K(2421248K)->0K(2421248K) From: 158544K(187392K)->172890K(186368K)
[6503.886s][info][gc,heap        ] GC(2273) ParOldGen: 2571557K(2571776K)->2674053K(2674176K)
[6503.886s][info][gc,metaspace   ] GC(2273) Metaspace: 29105K(29376K)->29105K(29376K) NonClass: 25998K(26112K)->25998K(26112K) Class: 3106K(3264K)->3106K(3264K)
[6503.886s][info][gc             ] GC(2273) Pause Young (Allocation Failure) 5030M->2780M(5158M) 106.215ms
[6503.886s][info][gc,cpu         ] GC(2273) User=0.59s Sys=0.03s Real=0.11s
.[6505.310s][info][gc,start       ] GC(2274) Pause Young (Allocation Failure)
[6505.407s][info][gc,heap        ] GC(2274) PSYoungGen: 2594138K(2607616K)->154752K(2608640K) Eden: 2421248K(2421248K)->0K(2421248K) From: 172890K(186368K)->154752K(187392K)
[6505.408s][info][gc,heap        ] GC(2274) ParOldGen: 2674053K(2674176K)->2777189K(2777600K)
[6505.408s][info][gc,metaspace   ] GC(2274) Metaspace: 29105K(29376K)->29105K(29376K) NonClass: 25998K(26112K)->25998K(26112K) Class: 3106K(3264K)->3106K(3264K)
[6505.408s][info][gc             ] GC(2274) Pause Young (Allocation Failure) 5144M->2863M(5260M) 97.734ms
[6505.408s][info][gc,cpu         ] GC(2274) User=0.53s Sys=0.04s Real=0.10s
..[6506.896s][info][gc,start       ] GC(2275) Pause Young (Allocation Failure)
[6506.998s][info][gc,heap        ] GC(2275) PSYoungGen: 2576000K(2608640K)->166208K(2587648K) Eden: 2421248K(2421248K)->0K(2421248K) From: 154752K(187392K)->166208K(166400K)
[6506.998s][info][gc,heap        ] GC(2275) ParOldGen: 2777189K(2777600K)->2879605K(2880000K)
[6506.998s][info][gc,metaspace   ] GC(2275) Metaspace: 29105K(29376K)->29105K(29376K) NonClass: 25998K(26112K)->25998K(26112K) Class: 3106K(3264K)->3106K(3264K)
[6506.998s][info][gc             ] GC(2275) Pause Young (Allocation Failure) 5227M->2974M(5339M) 101.932ms
[6506.998s][info][gc,cpu         ] GC(2275) User=0.57s Sys=0.04s Real=0.10s
.[6508.412s][info][gc,start       ] GC(2276) Pause Young (Allocation Failure)
[6508.512s][info][gc,heap        ] GC(2276) PSYoungGen: 2587456K(2587648K)->158144K(2609152K) Eden: 2421248K(2421248K)->0K(2423296K) From: 166208K(166400K)->158144K(185856K)
[6508.512s][info][gc,heap        ] GC(2276) ParOldGen: 2879605K(2880000K)->2984957K(2984960K)
[6508.512s][info][gc,metaspace   ] GC(2276) Metaspace: 29105K(29376K)->29105K(29376K) NonClass: 25998K(26112K)->25998K(26112K) Class: 3106K(3264K)->3106K(3264K)
[6508.512s][info][gc             ] GC(2276) Pause Young (Allocation Failure) 5338M->3069M(5463M) 100.547ms
[6508.512s][info][gc,cpu         ] GC(2276) User=0.55s Sys=0.04s Real=0.11s
..[6510.031s][info][gc,start       ] GC(2277) Pause Young (Allocation Failure)
[6510.127s][info][gc,heap        ] GC(2277) PSYoungGen: 2581440K(2609152K)->145384K(2607616K) Eden: 2423296K(2423296K)->0K(2423296K) From: 158144K(185856K)->145384K(184320K)
[6510.127s][info][gc,heap        ] GC(2277) ParOldGen: 2984957K(2984960K)->3091549K(3091968K)
[6510.127s][info][gc,metaspace   ] GC(2277) Metaspace: 29105K(29376K)->29105K(29376K) NonClass: 25998K(26112K)->25998K(26112K) Class: 3106K(3264K)->3106K(3264K)
[6510.127s][info][gc             ] GC(2277) Pause Young (Allocation Failure) 5435M->3161M(5566M) 96.583ms
[6510.127s][info][gc,cpu         ] GC(2277) User=0.53s Sys=0.03s Real=0.10s
.[6511.522s][info][gc,start       ] GC(2278) Pause Young (Allocation Failure)
[6511.619s][info][gc,heap        ] GC(2278) PSYoungGen: 2568680K(2607616K)->155488K(2609664K) Eden: 2423296K(2423296K)->0K(2426880K) From: 145384K(184320K)->155488K(182784K)
[6511.619s][info][gc,heap        ] GC(2278) ParOldGen: 3091549K(3091968K)->3194133K(3194368K)
[6511.619s][info][gc,metaspace   ] GC(2278) Metaspace: 29105K(29376K)->29105K(29376K) NonClass: 25998K(26112K)->25998K(26112K) Class: 3106K(3264K)->3106K(3264K)
[6511.619s][info][gc             ] GC(2278) Pause Young (Allocation Failure) 5527M->3271M(5668M) 96.524ms
[6511.619s][info][gc,cpu         ] GC(2278) User=0.54s Sys=0.03s Real=0.09s
..[6513.068s][info][gc,start       ] GC(2279) Pause Young (Allocation Failure)
[6513.164s][info][gc,heap        ] GC(2279) PSYoungGen: 2582368K(2609664K)->153120K(2610176K) Eden: 2426880K(2426880K)->0K(2426880K) From: 155488K(182784K)->153120K(183296K)
[6513.164s][info][gc,heap        ] GC(2279) ParOldGen: 3194133K(3194368K)->3297181K(3297280K)
[6513.164s][info][gc,metaspace   ] GC(2279) Metaspace: 29105K(29376K)->29105K(29376K) NonClass: 25998K(26112K)->25998K(26112K) Class: 3106K(3264K)->3106K(3264K)
[6513.164s][info][gc             ] GC(2279) Pause Young (Allocation Failure) 5641M->3369M(5769M) 96.189ms
[6513.164s][info][gc,cpu         ] GC(2279) User=0.53s Sys=0.04s Real=0.10s
..[6514.703s][info][gc,start       ] GC(2280) Pause Young (Allocation Failure)
[6514.807s][info][gc,heap        ] GC(2280) PSYoungGen: 2580000K(2610176K)->170020K(2610688K) Eden: 2426880K(2426880K)->0K(2428416K) From: 153120K(183296K)->170020K(182272K)
[6514.807s][info][gc,heap        ] GC(2280) ParOldGen: 3297181K(3297280K)->3400989K(3401216K)
[6514.807s][info][gc,metaspace   ] GC(2280) Metaspace: 29105K(29376K)->29105K(29376K) NonClass: 25998K(26112K)->25998K(26112K) Class: 3106K(3264K)->3106K(3264K)
[6514.807s][info][gc             ] GC(2280) Pause Young (Allocation Failure) 5739M->3487M(5871M) 104.039ms
[6514.807s][info][gc,cpu         ] GC(2280) User=0.57s Sys=0.05s Real=0.10s
. (rIR:aIR:PR = 10793:10808:10808) (tPR = 161141) [OK] 
  6515s: Performance info:
         Transaction,    Success,    Partial,     Failed,   Receipts, AvgBarcode, 
             Overall,     648924,          0,          0,     616587,      59.48, 
         Response times:
             Request,    Success,    Partial,     Failed,   SkipFail,     Probes,    Samples,      min,      p50,      p90,      p95,      p99,      max, 
       TotalPurchase,     616588,          0,          0,          0,     331103,     458186,      200,    17000,   210000,   439000,   720000,  1800000,
     InStorePurchase,     323563,          0,          0,          0,     174432,     240935,      300,    16800,   215000,   439000,   710000,  1800000,
      OnlinePurchase,     228278,          0,          0,          0,     121123,     168250,      200,    17300,   204000,   441000,   710000,  1800000,
        InstPurchase,      64747,          0,          0,          0,      35548,      49001,      300,    17200,   219000,   474000,   730000,  1200000,
          AssocOfCat,        650,          0,          0,          0,        516,        826,    23000,    65000,   355500,   530000,   837300,  1100000,
      AssocOfProduct,       6469,          0,          0,          0,       3574,       5067,      800,    16700,   226000,   487000,   693200,   970000,
      BusinessReport,       1618,          0,          0,          0,       1276,       1948,    30000,    81000,   318200,   548000,   720000,  1100000,
          CustBuyBeh,       6446,          0,          0,          0,       3506,       5046,      300,    15600,   203300,   498000,   755900,   960000,
       ProductReturn,      17149,          0,          0,          0,       8675,      12451,      300,    16800,   187000,   322000,   531000,   790000,

  6515s: (79%)   IR =  10931 [6516.290s][info][gc,start       ] GC(2281) Pause Young (Allocation Failure)
[6516.388s][info][gc,heap        ] GC(2281) PSYoungGen: 2598436K(2610688K)->152384K(2612224K) Eden: 2428416K(2428416K)->0K(2428416K) From: 170020K(182272K)->152384K(183808K)
[6516.388s][info][gc,heap        ] GC(2281) ParOldGen: 3400989K(3401216K)->3506389K(3506688K)
[6516.388s][info][gc,metaspace   ] GC(2281) Metaspace: 29105K(29376K)->29105K(29376K) NonClass: 25998K(26112K)->25998K(26112K) Class: 3106K(3264K)->3106K(3264K)
[6516.388s][info][gc             ] GC(2281) Pause Young (Allocation Failure) 5858M->3573M(5975M) 97.146ms
[6516.388s][info][gc,cpu         ] GC(2281) User=0.54s Sys=0.04s Real=0.10s
..[6517.880s][info][gc,start       ] GC(2282) Pause Young (Allocation Failure)
[6517.980s][info][gc,heap        ] GC(2282) PSYoungGen: 2580800K(2612224K)->157568K(2607616K) Eden: 2428416K(2428416K)->0K(2428928K) From: 152384K(183808K)->157568K(178688K)
[6517.980s][info][gc,heap        ] GC(2282) ParOldGen: 3506389K(3506688K)->3611965K(3612160K)
[6517.980s][info][gc,metaspace   ] GC(2282) Metaspace: 29105K(29376K)->29105K(29376K) NonClass: 25998K(26112K)->25998K(26112K) Class: 3106K(3264K)->3106K(3264K)
[6517.980s][info][gc             ] GC(2282) Pause Young (Allocation Failure) 5944M->3681M(6074M) 99.937ms
[6517.980s][info][gc,cpu         ] GC(2282) User=0.55s Sys=0.04s Real=0.10s
.[6519.397s][info][gc,start       ] GC(2283) Pause Young (Allocation Failure)
[6519.493s][info][gc,heap        ] GC(2283) PSYoungGen: 2586496K(2607616K)->150144K(2610176K) Eden: 2428928K(2428928K)->0K(2428928K) From: 157568K(178688K)->150144K(181248K)
[6519.493s][info][gc,heap        ] GC(2283) ParOldGen: 3611965K(3612160K)->3715757K(3716096K)
[6519.493s][info][gc,metaspace   ] GC(2283) Metaspace: 29105K(29376K)->29105K(29376K) NonClass: 25998K(26112K)->25998K(26112K) Class: 3106K(3264K)->3106K(3264K)
[6519.493s][info][gc             ] GC(2283) Pause Young (Allocation Failure) 6053M->3775M(6178M) 95.984ms
[6519.493s][info][gc,cpu         ] GC(2283) User=0.52s Sys=0.04s Real=0.10s
..[6520.967s][info][gc,start       ] GC(2284) Pause Young (Allocation Failure)
[6521.065s][info][gc,heap        ] GC(2284) PSYoungGen: 2579072K(2610176K)->160544K(2611200K) Eden: 2428928K(2428928K)->0K(2434048K) From: 150144K(181248K)->160544K(177152K)
[6521.066s][info][gc,heap        ] GC(2284) ParOldGen: 3715757K(3716096K)->3812373K(3812864K)
[6521.066s][info][gc,metaspace   ] GC(2284) Metaspace: 29105K(29376K)->29105K(29376K) NonClass: 25998K(26112K)->25998K(26112K) Class: 3106K(3264K)->3106K(3264K)
[6521.066s][info][gc             ] GC(2284) Pause Young (Allocation Failure) 6147M->3879M(6273M) 98.197ms
[6521.066s][info][gc,cpu         ] GC(2284) User=0.56s Sys=0.02s Real=0.10s
.[6522.485s][info][gc,start       ] GC(2285) Pause Young (Allocation Failure)
[6522.585s][info][gc,heap        ] GC(2285) PSYoungGen: 2594592K(2611200K)->152804K(2613248K) Eden: 2434048K(2434048K)->0K(2434048K) From: 160544K(177152K)->152804K(179200K)
[6522.585s][info][gc,heap        ] GC(2285) ParOldGen: 3812373K(3812864K)->3924997K(3925504K)
[6522.585s][info][gc,metaspace   ] GC(2285) Metaspace: 29105K(29376K)->29105K(29376K) NonClass: 25998K(26112K)->25998K(26112K) Class: 3106K(3264K)->3106K(3264K)
[6522.585s][info][gc             ] GC(2285) Pause Young (Allocation Failure) 6256M->3982M(6385M) 100.580ms
[6522.585s][info][gc,cpu         ] GC(2285) User=0.56s Sys=0.03s Real=0.10s
.|.[6523.973s][info][gc,start       ] GC(2286) Pause Young (Allocation Failure)
[6524.070s][info][gc,heap        ] GC(2286) PSYoungGen: 2586852K(2613248K)->153600K(2612736K) Eden: 2434048K(2434048K)->0K(2438656K) From: 152804K(179200K)->153600K(174080K)
[6524.070s][info][gc,heap        ] GC(2286) ParOldGen: 3924997K(3925504K)->4024221K(4024320K)
[6524.070s][info][gc,metaspace   ] GC(2286) Metaspace: 29105K(29376K)->29105K(29376K) NonClass: 25998K(26112K)->25998K(26112K) Class: 3106K(3264K)->3106K(3264K)
[6524.070s][info][gc             ] GC(2286) Pause Young (Allocation Failure) 6359M->4079M(6481M) 97.488ms
[6524.070s][info][gc,cpu         ] GC(2286) User=0.54s Sys=0.03s Real=0.09s
.[6525.517s][info][gc,start       ] GC(2287) Pause Young (Allocation Failure)
[6525.618s][info][gc,heap        ] GC(2287) PSYoungGen: 2592256K(2612736K)->156672K(2615296K) Eden: 2438656K(2438656K)->0K(2438656K) From: 153600K(174080K)->156672K(176640K)
[6525.618s][info][gc,heap        ] GC(2287) ParOldGen: 4024221K(4024320K)->4130549K(4130816K)
[6525.618s][info][gc,metaspace   ] GC(2287) Metaspace: 29105K(29376K)->29105K(29376K) NonClass: 25998K(26112K)->25998K(26112K) Class: 3106K(3264K)->3106K(3264K)
[6525.618s][info][gc             ] GC(2287) Pause Young (Allocation Failure) 6461M->4186M(6588M) 101.172ms
[6525.618s][info][gc,cpu         ] GC(2287) User=0.56s Sys=0.04s Real=0.10s
..[6527.171s][info][gc,start       ] GC(2288) Pause Young (Allocation Failure)
[6527.269s][info][gc,heap        ] GC(2288) PSYoungGen: 2595328K(2615296K)->152096K(2616320K) Eden: 2438656K(2438656K)->0K(2444288K) From: 156672K(176640K)->152096K(172032K)
[6527.269s][info][gc,heap        ] GC(2288) ParOldGen: 4130549K(4130816K)->4235405K(4235776K)
[6527.269s][info][gc,metaspace   ] GC(2288) Metaspace: 29105K(29376K)->29105K(29376K) NonClass: 25998K(26112K)->25998K(26112K) Class: 3106K(3264K)->3106K(3264K)
[6527.269s][info][gc             ] GC(2288) Pause Young (Allocation Failure) 6568M->4284M(6691M) 98.601ms
[6527.269s][info][gc,cpu         ] GC(2288) User=0.55s Sys=0.03s Real=0.10s
.[6528.707s][info][gc,start       ] GC(2289) Pause Young (Allocation Failure)
[6528.809s][info][gc,heap        ] GC(2289) PSYoungGen: 2596384K(2616320K)->162976K(2618368K) Eden: 2444288K(2444288K)->0K(2444288K) From: 152096K(172032K)->162976K(174080K)
[6528.809s][info][gc,heap        ] GC(2289) ParOldGen: 4235405K(4235776K)->4339437K(4339712K)
[6528.809s][info][gc,metaspace   ] GC(2289) Metaspace: 29105K(29376K)->29105K(29376K) NonClass: 25998K(26112K)->25998K(26112K) Class: 3106K(3264K)->3106K(3264K)
[6528.809s][info][gc             ] GC(2289) Pause Young (Allocation Failure) 6671M->4396M(6795M) 102.065ms
[6528.809s][info][gc,cpu         ] GC(2289) User=0.58s Sys=0.02s Real=0.10s
..[6530.019s][info][gc,start       ] GC(2290) Pause Full (Diagnostic Command)
[6530.019s][info][gc,phases,start] GC(2290) Marking Phase
[6530.331s][info][gc,phases      ] GC(2290) Marking Phase 312.367ms
[6530.331s][info][gc,phases,start] GC(2290) Summary Phase
[6530.332s][info][gc,phases      ] GC(2290) Summary Phase 0.087ms
[6530.332s][info][gc,phases,start] GC(2290) Forward
[6530.508s][info][gc,phases      ] GC(2290) Forward 176.613ms
[6530.508s][info][gc,phases,start] GC(2290) Adjust Pointers
[6530.738s][info][gc,phases      ] GC(2290) Adjust Pointers 229.587ms
[6530.738s][info][gc,phases,start] GC(2290) Compaction Phase
[6530.920s][info][gc,phases      ] GC(2290) Compaction Phase 182.141ms
[6530.922s][info][gc,phases,start] GC(2290) Post Compact
[6530.928s][info][gc,phases      ] GC(2290) Post Compact 5.652ms
[6530.928s][info][gc,heap        ] GC(2290) PSYoungGen: 2232048K(2618368K)->0K(2618368K) Eden: 2069072K(2444288K)->0K(2444288K) From: 162976K(174080K)->0K(174080K)
[6530.928s][info][gc,heap        ] GC(2290) ParOldGen: 4339437K(4339712K)->1346049K(4339712K)
[6530.928s][info][gc,metaspace   ] GC(2290) Metaspace: 29105K(29376K)->29105K(29376K) NonClass: 25998K(26112K)->25998K(26112K) Class: 3106K(3264K)->3106K(3264K)
[6530.928s][info][gc             ] GC(2290) Pause Full (Diagnostic Command) 6417M->1314M(6795M) 909.227ms
[6530.928s][info][gc,cpu         ] GC(2290) User=4.75s Sys=0.00s Real=0.91s
.[6532.226s][info][gc,start       ] GC(2291) Pause Young (Allocation Failure)
[6532.292s][info][gc,heap        ] GC(2291) PSYoungGen: 2444288K(2618368K)->163008K(2620416K) Eden: 2444288K(2444288K)->0K(2445824K) From: 0K(174080K)->163008K(174592K)
[6532.292s][info][gc,heap        ] GC(2291) ParOldGen: 1346049K(4339712K)->1346049K(4339712K)
[6532.292s][info][gc,metaspace   ] GC(2291) Metaspace: 29105K(29376K)->29105K(29376K) NonClass: 25998K(26112K)->25998K(26112K) Class: 3106K(3264K)->3106K(3264K)
[6532.292s][info][gc             ] GC(2291) Pause Young (Allocation Failure) 3701M->1473M(6797M) 65.817ms
[6532.292s][info][gc,cpu         ] GC(2291) User=0.39s Sys=0.00s Real=0.07s
.[6533.609s][info][gc,start       ] GC(2292) Pause Young (Allocation Failure)
[6533.714s][info][gc,heap        ] GC(2292) PSYoungGen: 2608832K(2620416K)->175082K(2620928K) Eden: 2445824K(2445824K)->0K(2445824K) From: 163008K(174592K)->175082K(175104K)
[6533.714s][info][gc,heap        ] GC(2292) ParOldGen: 1346049K(4339712K)->1458353K(4339712K)
[6533.714s][info][gc,metaspace   ] GC(2292) Metaspace: 29105K(29376K)->29105K(29376K) NonClass: 25998K(26112K)->25998K(26112K) Class: 3106K(3264K)->3106K(3264K)
[6533.714s][info][gc             ] GC(2292) Pause Young (Allocation Failure) 3862M->1595M(6797M) 104.962ms
[6533.714s][info][gc,cpu         ] GC(2292) User=0.62s Sys=0.00s Real=0.11s
.[6535.069s][info][gc,start       ] GC(2293) Pause Young (Allocation Failure)
[6535.160s][info][gc,heap        ] GC(2293) PSYoungGen: 2620906K(2620928K)->152672K(2531840K) Eden: 2445824K(2445824K)->0K(2356736K) From: 175082K(175104K)->152672K(175104K)
[6535.160s][info][gc,heap        ] GC(2293) ParOldGen: 1458353K(4339712K)->1564265K(4339712K)
[6535.160s][info][gc,metaspace   ] GC(2293) Metaspace: 29105K(29376K)->29105K(29376K) NonClass: 25998K(26112K)->25998K(26112K) Class: 3106K(3264K)->3106K(3264K)
[6535.160s][info][gc             ] GC(2293) Pause Young (Allocation Failure) 3983M->1676M(6710M) 90.575ms
[6535.160s][info][gc,cpu         ] GC(2293) User=0.54s Sys=0.00s Real=0.09s
..[6536.370s][info][gc,start       ] GC(2294) Pause Young (Allocation Failure)
[6536.461s][info][gc,heap        ] GC(2294) PSYoungGen: 2509408K(2531840K)->154176K(2576384K) Eden: 2356736K(2356736K)->0K(2356736K) From: 152672K(175104K)->154176K(219648K)
[6536.461s][info][gc,heap        ] GC(2294) ParOldGen: 1564265K(4339712K)->1667593K(4339712K)
[6536.461s][info][gc,metaspace   ] GC(2294) Metaspace: 29105K(29376K)->29105K(29376K) NonClass: 25998K(26112K)->25998K(26112K) Class: 3106K(3264K)->3106K(3264K)
[6536.461s][info][gc             ] GC(2294) Pause Young (Allocation Failure) 3978M->1779M(6754M) 90.962ms
[6536.461s][info][gc,cpu         ] GC(2294) User=0.54s Sys=0.00s Real=0.09s
.[6537.807s][info][gc,start       ] GC(2295) Pause Young (Allocation Failure)
[6537.905s][info][gc,heap        ] GC(2295) PSYoungGen: 2510912K(2576384K)->167712K(2563584K) Eden: 2356736K(2356736K)->0K(2359296K) From: 154176K(219648K)->167712K(204288K)
[6537.905s][info][gc,heap        ] GC(2295) ParOldGen: 1667593K(4339712K)->1773777K(4339712K)
[6537.905s][info][gc,metaspace   ] GC(2295) Metaspace: 29105K(29376K)->29105K(29376K) NonClass: 25998K(26112K)->25998K(26112K) Class: 3106K(3264K)->3106K(3264K)
[6537.905s][info][gc             ] GC(2295) Pause Young (Allocation Failure) 4080M->1895M(6741M) 98.226ms
[6537.905s][info][gc,cpu         ] GC(2295) User=0.59s Sys=0.00s Real=0.10s
.[6539.210s][info][gc,start       ] GC(2296) Pause Young (Allocation Failure)
[6539.303s][info][gc,heap        ] GC(2296) PSYoungGen: 2527008K(2563584K)->153236K(2571264K) Eden: 2359296K(2359296K)->0K(2359296K) From: 167712K(204288K)->153236K(211968K)
[6539.303s][info][gc,heap        ] GC(2296) ParOldGen: 1773777K(4339712K)->1878857K(4339712K)
[6539.303s][info][gc,metaspace   ] GC(2296) Metaspace: 29105K(29376K)->29105K(29376K) NonClass: 25998K(26112K)->25998K(26112K) Class: 3106K(3264K)->3106K(3264K)
[6539.303s][info][gc             ] GC(2296) Pause Young (Allocation Failure) 4199M->1984M(6749M) 92.654ms
[6539.303s][info][gc,cpu         ] GC(2296) User=0.55s Sys=0.00s Real=0.10s
..[6540.646s][info][gc,start       ] GC(2297) Pause Young (Allocation Failure)
[6540.739s][info][gc,heap        ] GC(2297) PSYoungGen: 2512532K(2571264K)->155520K(2576896K) Eden: 2359296K(2359296K)->0K(2374144K) From: 153236K(211968K)->155520K(202752K)
[6540.739s][info][gc,heap        ] GC(2297) ParOldGen: 1878857K(4339712K)->1978641K(4339712K)
[6540.739s][info][gc,metaspace   ] GC(2297) Metaspace: 29105K(29376K)->29105K(29376K) NonClass: 25998K(26112K)->25998K(26112K) Class: 3106K(3264K)->3106K(3264K)
[6540.739s][info][gc             ] GC(2297) Pause Young (Allocation Failure) 4288M->2084M(6754M) 93.182ms
[6540.739s][info][gc,cpu         ] GC(2297) User=0.55s Sys=0.00s Real=0.09s
.[6542.081s][info][gc,start       ] GC(2298) Pause Young (Allocation Failure)
[6542.174s][info][gc,heap        ] GC(2298) PSYoungGen: 2529664K(2576896K)->150416K(2581504K) Eden: 2374144K(2374144K)->0K(2374144K) From: 155520K(202752K)->150416K(207360K)
[6542.174s][info][gc,heap        ] GC(2298) ParOldGen: 1978641K(4339712K)->2084561K(4339712K)
[6542.174s][info][gc,metaspace   ] GC(2298) Metaspace: 29105K(29376K)->29105K(29376K) NonClass: 25998K(26112K)->25998K(26112K) Class: 3106K(3264K)->3106K(3264K)
[6542.174s][info][gc             ] GC(2298) Pause Young (Allocation Failure) 4402M->2182M(6759M) 92.505ms
[6542.174s][info][gc,cpu         ] GC(2298) User=0.54s Sys=0.00s Real=0.10s
..[6543.618s][info][gc,start       ] GC(2299) Pause Young (Allocation Failure)
[6543.711s][info][gc,heap        ] GC(2299) PSYoungGen: 2524560K(2581504K)->162048K(2579968K) Eden: 2374144K(2374144K)->0K(2382848K) From: 150416K(207360K)->162048K(197120K)
[6543.711s][info][gc,heap        ] GC(2299) ParOldGen: 2084561K(4339712K)->2182481K(4339712K)
[6543.711s][info][gc,metaspace   ] GC(2299) Metaspace: 29105K(29376K)->29105K(29376K) NonClass: 25998K(26112K)->25998K(26112K) Class: 3106K(3264K)->3106K(3264K)
[6543.711s][info][gc             ] GC(2299) Pause Young (Allocation Failure) 4501M->2289M(6757M) 93.872ms
[6543.711s][info][gc,cpu         ] GC(2299) User=0.55s Sys=0.00s Real=0.09s
.[6545.163s][info][gc,start       ] GC(2300) Pause Young (Allocation Failure)
[6545.264s][info][gc,heap        ] GC(2300) PSYoungGen: 2544896K(2579968K)->168276K(2585088K) Eden: 2382848K(2382848K)->0K(2382848K) From: 162048K(197120K)->168276K(202240K)
[6545.264s][info][gc,heap        ] GC(2300) ParOldGen: 2182481K(4339712K)->2287313K(4339712K)
[6545.264s][info][gc,metaspace   ] GC(2300) Metaspace: 29105K(29376K)->29105K(29376K) NonClass: 25998K(26112K)->25998K(26112K) Class: 3106K(3264K)->3106K(3264K)
[6545.264s][info][gc             ] GC(2300) Pause Young (Allocation Failure) 4616M->2398M(6762M) 101.485ms
[6545.264s][info][gc,cpu         ] GC(2300) User=0.60s Sys=0.00s Real=0.10s
..[6546.767s][info][gc,start       ] GC(2301) Pause Young (Allocation Failure)
[6546.862s][info][gc,heap        ] GC(2301) PSYoungGen: 2551124K(2585088K)->160704K(2586112K) Eden: 2382848K(2382848K)->0K(2394112K) From: 168276K(202240K)->160704K(192000K)
[6546.862s][info][gc,heap        ] GC(2301) ParOldGen: 2287313K(4339712K)->2388545K(4339712K)
[6546.862s][info][gc,metaspace   ] GC(2301) Metaspace: 29105K(29376K)->29105K(29376K) NonClass: 25998K(26112K)->25998K(26112K) Class: 3106K(3264K)->3106K(3264K)
[6546.862s][info][gc             ] GC(2301) Pause Young (Allocation Failure) 4725M->2489M(6763M) 94.659ms
[6546.862s][info][gc,cpu         ] GC(2301) User=0.56s Sys=0.00s Real=0.10s
.[6548.287s][info][gc,start       ] GC(2302) Pause Young (Allocation Failure)
[6548.383s][info][gc,heap        ] GC(2302) PSYoungGen: 2554816K(2586112K)->153620K(2591232K) Eden: 2394112K(2394112K)->0K(2394112K) From: 160704K(192000K)->153620K(197120K)
[6548.383s][info][gc,heap        ] GC(2302) ParOldGen: 2388545K(4339712K)->2493849K(4339712K)
[6548.383s][info][gc,metaspace   ] GC(2302) Metaspace: 29105K(29376K)->29105K(29376K) NonClass: 25998K(26112K)->25998K(26112K) Class: 3106K(3264K)->3106K(3264K)
[6548.383s][info][gc             ] GC(2302) Pause Young (Allocation Failure) 4827M->2585M(6768M) 95.862ms
[6548.383s][info][gc,cpu         ] GC(2302) User=0.57s Sys=0.00s Real=0.10s
..[6549.817s][info][gc,start       ] GC(2303) Pause Young (Allocation Failure)
[6549.915s][info][gc,heap        ] GC(2303) PSYoungGen: 2547732K(2591232K)->166868K(2593280K) Eden: 2394112K(2394112K)->0K(2403328K) From: 153620K(197120K)->166868K(189952K)
[6549.915s][info][gc,heap        ] GC(2303) ParOldGen: 2493849K(4339712K)->2595457K(4339712K)
[6549.915s][info][gc,metaspace   ] GC(2303) Metaspace: 29105K(29376K)->29105K(29376K) NonClass: 25998K(26112K)->25998K(26112K) Class: 3106K(3264K)->3106K(3264K)
[6549.915s][info][gc             ] GC(2303) Pause Young (Allocation Failure) 4923M->2697M(6770M) 97.656ms
[6549.915s][info][gc,cpu         ] GC(2303) User=0.58s Sys=0.00s Real=0.10s
.[6551.366s][info][gc,start       ] GC(2304) Pause Young (Allocation Failure)
[6551.462s][info][gc,heap        ] GC(2304) PSYoungGen: 2570196K(2593280K)->161056K(2596864K) Eden: 2403328K(2403328K)->0K(2403328K) From: 166868K(189952K)->161056K(193536K)
[6551.462s][info][gc,heap        ] GC(2304) ParOldGen: 2595457K(4339712K)->2699473K(4339712K)
[6551.462s][info][gc,metaspace   ] GC(2304) Metaspace: 29105K(29376K)->29105K(29376K) NonClass: 25998K(26112K)->25998K(26112K) Class: 3106K(3264K)->3106K(3264K)
[6551.462s][info][gc             ] GC(2304) Pause Young (Allocation Failure) 5044M->2793M(6774M) 96.279ms
[6551.462s][info][gc,cpu         ] GC(2304) User=0.57s Sys=0.00s Real=0.10s
..[6552.952s][info][gc,start       ] GC(2305) Pause Young (Allocation Failure)
[6553.046s][info][gc,heap        ] GC(2305) PSYoungGen: 2564384K(2596864K)->156064K(2598400K) Eden: 2403328K(2403328K)->0K(2411520K) From: 161056K(193536K)->156064K(186880K)
[6553.046s][info][gc,heap        ] GC(2305) ParOldGen: 2699473K(4339712K)->2803161K(4339712K)
[6553.046s][info][gc,metaspace   ] GC(2305) Metaspace: 29105K(29376K)->29105K(29376K) NonClass: 25998K(26112K)->25998K(26112K) Class: 3106K(3264K)->3106K(3264K)
[6553.046s][info][gc             ] GC(2305) Pause Young (Allocation Failure) 5140M->2889M(6775M) 93.710ms
[6553.046s][info][gc,cpu         ] GC(2305) User=0.56s Sys=0.00s Real=0.09s
.[6554.573s][info][gc,start       ] GC(2306) Pause Young (Allocation Failure)
[6554.667s][info][gc,heap        ] GC(2306) PSYoungGen: 2567584K(2598400K)->157568K(2600960K) Eden: 2411520K(2411520K)->0K(2411520K) From: 156064K(186880K)->157568K(189440K)
[6554.667s][info][gc,heap        ] GC(2306) ParOldGen: 2803161K(4339712K)->2905473K(4339712K)
[6554.667s][info][gc,metaspace   ] GC(2306) Metaspace: 29105K(29376K)->29105K(29376K) NonClass: 25998K(26112K)->25998K(26112K) Class: 3106K(3264K)->3106K(3264K)
[6554.667s][info][gc             ] GC(2306) Pause Young (Allocation Failure) 5244M->2991M(6778M) 93.740ms
[6554.667s][info][gc,cpu         ] GC(2306) User=0.56s Sys=0.00s Real=0.09s
..[6556.102s][info][gc,start       ] GC(2307) Pause Young (Allocation Failure)
[6556.200s][info][gc,heap        ] GC(2307) PSYoungGen: 2569088K(2600960K)->157973K(2601984K) Eden: 2411520K(2411520K)->0K(2419200K) From: 157568K(189440K)->157973K(182784K)
[6556.200s][info][gc,heap        ] GC(2307) ParOldGen: 2905473K(4339712K)->3011273K(4339712K)
[6556.200s][info][gc,metaspace   ] GC(2307) Metaspace: 29105K(29376K)->29105K(29376K) NonClass: 25998K(26112K)->25998K(26112K) Class: 3106K(3264K)->3106K(3264K)
[6556.200s][info][gc             ] GC(2307) Pause Young (Allocation Failure) 5346M->3094M(6779M) 97.722ms
[6556.200s][info][gc,cpu         ] GC(2307) User=0.57s Sys=0.00s Real=0.09s
.[6557.637s][info][gc,start       ] GC(2308) Pause Young (Allocation Failure)
[6557.730s][info][gc,heap        ] GC(2308) PSYoungGen: 2577173K(2601984K)->156416K(2604544K) Eden: 2419200K(2419200K)->0K(2419200K) From: 157973K(182784K)->156416K(185344K)
[6557.730s][info][gc,heap        ] GC(2308) ParOldGen: 3011273K(4339712K)->3111329K(4339712K)
[6557.730s][info][gc,metaspace   ] GC(2308) Metaspace: 29105K(29376K)->29105K(29376K) NonClass: 25998K(26112K)->25998K(26112K) Class: 3106K(3264K)->3106K(3264K)
[6557.730s][info][gc             ] GC(2308) Pause Young (Allocation Failure) 5457M->3191M(6781M) 92.806ms
[6557.730s][info][gc,cpu         ] GC(2308) User=0.55s Sys=0.00s Real=0.09s
..[6559.223s][info][gc,start       ] GC(2309) Pause Young (Allocation Failure)
[6559.321s][info][gc,heap        ] GC(2309) PSYoungGen: 2575616K(2604544K)->165749K(2608640K) Eden: 2419200K(2419200K)->0K(2426880K) From: 156416K(185344K)->165749K(181760K)
[6559.321s][info][gc,heap        ] GC(2309) ParOldGen: 3111329K(4339712K)->3213121K(4339712K)
[6559.321s][info][gc,metaspace   ] GC(2309) Metaspace: 29105K(29376K)->29105K(29376K) NonClass: 25998K(26112K)->25998K(26112K) Class: 3106K(3264K)->3106K(3264K)
[6559.321s][info][gc             ] GC(2309) Pause Young (Allocation Failure) 5553M->3299M(6785M) 98.060ms
[6559.321s][info][gc,cpu         ] GC(2309) User=0.58s Sys=0.01s Real=0.09s
..[6560.862s][info][gc,start       ] GC(2310) Pause Young (Allocation Failure)
[6560.959s][info][gc,heap        ] GC(2310) PSYoungGen: 2592629K(2608640K)->166560K(2610176K) Eden: 2426880K(2426880K)->0K(2426880K) From: 165749K(181760K)->166560K(183296K)
[6560.959s][info][gc,heap        ] GC(2310) ParOldGen: 3213121K(4339712K)->3315265K(4339712K)
[6560.959s][info][gc,metaspace   ] GC(2310) Metaspace: 29105K(29376K)->29105K(29376K) NonClass: 25998K(26112K)->25998K(26112K) Class: 3106K(3264K)->3106K(3264K)
[6560.959s][info][gc             ] GC(2310) Pause Young (Allocation Failure) 5669M->3400M(6787M) 97.646ms
[6560.959s][info][gc,cpu         ] GC(2310) User=0.58s Sys=0.00s Real=0.09s
.[6562.468s][info][gc,start       ] GC(2311) Pause Young (Allocation Failure)
[6562.568s][info][gc,heap        ] GC(2311) PSYoungGen: 2593440K(2610176K)->167104K(2612736K) Eden: 2426880K(2426880K)->0K(2429440K) From: 166560K(183296K)->167104K(183296K)
[6562.568s][info][gc,heap        ] GC(2311) ParOldGen: 3315265K(4339712K)->3421649K(4339712K)
[6562.568s][info][gc,metaspace   ] GC(2311) Metaspace: 29105K(29376K)->29105K(29376K) NonClass: 25998K(26112K)->25998K(26112K) Class: 3106K(3264K)->3106K(3264K)
[6562.568s][info][gc             ] GC(2311) Pause Young (Allocation Failure) 5770M->3504M(6789M) 100.006ms
[6562.568s][info][gc,cpu         ] GC(2311) User=0.59s Sys=0.01s Real=0.10s
..[6563.996s][info][gc,start       ] GC(2312) Pause Young (Allocation Failure)
[6564.091s][info][gc,heap        ] GC(2312) PSYoungGen: 2596544K(2612736K)->149056K(2612736K) Eden: 2429440K(2429440K)->0K(2429440K) From: 167104K(183296K)->149056K(183296K)
[6564.091s][info][gc,heap        ] GC(2312) ParOldGen: 3421649K(4339712K)->3528401K(4339712K)
[6564.091s][info][gc,metaspace   ] GC(2312) Metaspace: 29105K(29376K)->29105K(29376K) NonClass: 25998K(26112K)->25998K(26112K) Class: 3106K(3264K)->3106K(3264K)
[6564.091s][info][gc             ] GC(2312) Pause Young (Allocation Failure) 5877M->3591M(6789M) 94.427ms
[6564.091s][info][gc,cpu         ] GC(2312) User=0.55s Sys=0.01s Real=0.09s
.[6565.540s][info][gc,start       ] GC(2313) Pause Young (Allocation Failure)
[6565.642s][info][gc,heap        ] GC(2313) PSYoungGen: 2578496K(2612736K)->169337K(2610688K) Eden: 2429440K(2429440K)->0K(2427392K) From: 149056K(183296K)->169337K(183296K)
[6565.642s][info][gc,heap        ] GC(2313) ParOldGen: 3528401K(4339712K)->3631985K(4339712K)
[6565.642s][info][gc,metaspace   ] GC(2313) Metaspace: 29105K(29376K)->29105K(29376K) NonClass: 25998K(26112K)->25998K(26112K) Class: 3106K(3264K)->3106K(3264K)
[6565.642s][info][gc             ] GC(2313) Pause Young (Allocation Failure) 5963M->3712M(6787M) 101.872ms
[6565.642s][info][gc,cpu         ] GC(2313) User=0.60s Sys=0.00s Real=0.11s
..[6567.048s][info][gc,start       ] GC(2314) Pause Young (Allocation Failure)
[6567.141s][info][gc,heap        ] GC(2314) PSYoungGen: 2596729K(2610688K)->153376K(2611712K) Eden: 2427392K(2427392K)->0K(2427392K) From: 169337K(183296K)->153376K(184320K)
[6567.141s][info][gc,heap        ] GC(2314) ParOldGen: 3631985K(4339712K)->3733057K(4339712K)
[6567.141s][info][gc,metaspace   ] GC(2314) Metaspace: 29105K(29376K)->29105K(29376K) NonClass: 25998K(26112K)->25998K(26112K) Class: 3106K(3264K)->3106K(3264K)
[6567.141s][info][gc             ] GC(2314) Pause Young (Allocation Failure) 6082M->3795M(6788M) 93.123ms
[6567.141s][info][gc,cpu         ] GC(2314) User=0.55s Sys=0.01s Real=0.09s
.[6568.509s][info][gc,start       ] GC(2315) Pause Young (Allocation Failure)
[6568.609s][info][gc,heap        ] GC(2315) PSYoungGen: 2580768K(2611712K)->163178K(2608640K) Eden: 2427392K(2427392K)->0K(2428416K) From: 153376K(184320K)->163178K(180224K)
[6568.609s][info][gc,heap        ] GC(2315) ParOldGen: 3733057K(4339712K)->3842289K(4339712K)
[6568.609s][info][gc,metaspace   ] GC(2315) Metaspace: 29105K(29376K)->29105K(29376K) NonClass: 25998K(26112K)->25998K(26112K) Class: 3106K(3264K)->3106K(3264K)
[6568.609s][info][gc             ] GC(2315) Pause Young (Allocation Failure) 6165M->3911M(6785M) 100.885ms
[6568.609s][info][gc,cpu         ] GC(2315) User=0.59s Sys=0.00s Real=0.10s
..[6570.100s][info][gc,start       ] GC(2316) Pause Young (Allocation Failure)
[6570.193s][info][gc,heap        ] GC(2316) PSYoungGen: 2591594K(2608640K)->147328K(2610176K) Eden: 2428416K(2428416K)->0K(2428416K) From: 163178K(180224K)->147328K(181760K)
[6570.193s][info][gc,heap        ] GC(2316) ParOldGen: 3842289K(4339712K)->3945249K(4339712K)
[6570.193s][info][gc,metaspace   ] GC(2316) Metaspace: 29105K(29376K)->29105K(29376K) NonClass: 25998K(26112K)->25998K(26112K) Class: 3106K(3264K)->3106K(3264K)
[6570.193s][info][gc             ] GC(2316) Pause Young (Allocation Failure) 6283M->3996M(6787M) 92.994ms
[6570.193s][info][gc,cpu         ] GC(2316) User=0.54s Sys=0.00s Real=0.10s
.[6571.604s][info][gc,start       ] GC(2317) Pause Young (Allocation Failure)
[6571.707s][info][gc,heap        ] GC(2317) PSYoungGen: 2575744K(2610176K)->169984K(2610688K) Eden: 2428416K(2428416K)->0K(2428416K) From: 147328K(181760K)->169984K(182272K)
[6571.707s][info][gc,heap        ] GC(2317) ParOldGen: 3945249K(4339712K)->4048673K(4339712K)
[6571.707s][info][gc,metaspace   ] GC(2317) Metaspace: 29105K(29376K)->29105K(29376K) NonClass: 25998K(26112K)->25998K(26112K) Class: 3106K(3264K)->3106K(3264K)
[6571.707s][info][gc             ] GC(2317) Pause Young (Allocation Failure) 6368M->4119M(6787M) 102.744ms
[6571.707s][info][gc,cpu         ] GC(2317) User=0.60s Sys=0.00s Real=0.10s
..[6573.150s][info][gc,start       ] GC(2318) Pause Young (Allocation Failure)
[6573.245s][info][gc,heap        ] GC(2318) PSYoungGen: 2598400K(2610688K)->153440K(2612224K) Eden: 2428416K(2428416K)->0K(2428416K) From: 169984K(182272K)->153440K(183808K)
[6573.245s][info][gc,heap        ] GC(2318) ParOldGen: 4048673K(4339712K)->4151937K(4339712K)
[6573.245s][info][gc,metaspace   ] GC(2318) Metaspace: 29105K(29376K)->29105K(29376K) NonClass: 25998K(26112K)->25998K(26112K) Class: 3106K(3264K)->3106K(3264K)
[6573.245s][info][gc             ] GC(2318) Pause Young (Allocation Failure) 6491M->4204M(6789M) 95.055ms
[6573.245s][info][gc,cpu         ] GC(2318) User=0.56s Sys=0.00s Real=0.10s
.[6574.655s][info][gc,start       ] GC(2319) Pause Young (Allocation Failure)
[6574.763s][info][gc,heap        ] GC(2319) PSYoungGen: 2581856K(2612224K)->178847K(2604032K) Eden: 2428416K(2428416K)->0K(2421248K) From: 153440K(183808K)->178847K(182784K)
[6574.763s][info][gc,heap        ] GC(2319) ParOldGen: 4151937K(4339712K)->4255201K(4339712K)
[6574.763s][info][gc,metaspace   ] GC(2319) Metaspace: 29105K(29376K)->29105K(29376K) NonClass: 25998K(26112K)->25998K(26112K) Class: 3106K(3264K)->3106K(3264K)
[6574.763s][info][gc             ] GC(2319) Pause Young (Allocation Failure) 6575M->4330M(6781M) 108.213ms
[6574.763s][info][gc,cpu         ] GC(2319) User=0.64s Sys=0.01s Real=0.11s
..[6576.229s][info][gc,start       ] GC(2320) Pause Young (Allocation Failure)
[6576.328s][info][gc,heap        ] GC(2320) PSYoungGen: 2600095K(2604032K)->161808K(2608640K) Eden: 2421248K(2421248K)->0K(2421248K) From: 178847K(182784K)->161808K(187392K)
[6576.328s][info][gc,heap        ] GC(2320) ParOldGen: 4255201K(4339712K)->4357705K(4358144K)
[6576.328s][info][gc,metaspace   ] GC(2320) Metaspace: 29105K(29376K)->29105K(29376K) NonClass: 25998K(26112K)->25998K(26112K) Class: 3106K(3264K)->3106K(3264K)
[6576.328s][info][gc             ] GC(2320) Pause Young (Allocation Failure) 6694M->4413M(6803M) 99.131ms
[6576.328s][info][gc,cpu         ] GC(2320) User=0.58s Sys=0.01s Real=0.10s
.[6577.823s][info][gc,start       ] GC(2321) Pause Young (Allocation Failure)
[6577.925s][info][gc,heap        ] GC(2321) PSYoungGen: 2583056K(2608640K)->161664K(2602496K) Eden: 2421248K(2421248K)->0K(2423808K) From: 161808K(187392K)->161664K(178688K)
[6577.925s][info][gc,heap        ] GC(2321) ParOldGen: 4357705K(4358144K)->4462081K(4462592K)
[6577.925s][info][gc,metaspace   ] GC(2321) Metaspace: 29105K(29376K)->29105K(29376K) NonClass: 25998K(26112K)->25998K(26112K) Class: 3106K(3264K)->3106K(3264K)
[6577.925s][info][gc             ] GC(2321) Pause Young (Allocation Failure) 6778M->4515M(6899M) 102.126ms
[6577.925s][info][gc,cpu         ] GC(2321) User=0.57s Sys=0.04s Real=0.10s
..[6579.372s][info][gc,start       ] GC(2322) Pause Young (Allocation Failure)
[6579.470s][info][gc,heap        ] GC(2322) PSYoungGen: 2585472K(2602496K)->150624K(2606592K) Eden: 2423808K(2423808K)->0K(2423808K) From: 161664K(178688K)->150624K(182784K)
[6579.470s][info][gc,heap        ] GC(2322) ParOldGen: 4462081K(4462592K)->4568025K(4568064K)
[6579.470s][info][gc,metaspace   ] GC(2322) Metaspace: 29105K(29376K)->29105K(29376K) NonClass: 25998K(26112K)->25998K(26112K) Class: 3106K(3264K)->3106K(3264K)
[6579.470s][info][gc             ] GC(2322) Pause Young (Allocation Failure) 6882M->4608M(7006M) 97.474ms
[6579.470s][info][gc,cpu         ] GC(2322) User=0.54s Sys=0.04s Real=0.09s
.[6580.881s][info][gc,start       ] GC(2323) Pause Young (Allocation Failure)
[6580.982s][info][gc,heap        ] GC(2323) PSYoungGen: 2574432K(2606592K)->162272K(2610176K) Eden: 2423808K(2423808K)->0K(2430464K) From: 150624K(182784K)->162272K(179712K)
[6580.982s][info][gc,heap        ] GC(2323) ParOldGen: 4568025K(4568064K)->4670001K(4670464K)
[6580.982s][info][gc,metaspace   ] GC(2323) Metaspace: 29105K(29376K)->29105K(29376K) NonClass: 25998K(26112K)->25998K(26112K) Class: 3106K(3264K)->3106K(3264K)
[6580.982s][info][gc             ] GC(2323) Pause Young (Allocation Failure) 6975M->4719M(7110M) 101.784ms
[6580.983s][info][gc,cpu         ] GC(2323) User=0.58s Sys=0.03s Real=0.11s
..[6582.435s][info][gc,start       ] GC(2324) Pause Young (Allocation Failure)
[6582.539s][info][gc,heap        ] GC(2324) PSYoungGen: 2592736K(2610176K)->165184K(2611712K) Eden: 2430464K(2430464K)->0K(2430464K) From: 162272K(179712K)->165184K(181248K)
[6582.539s][info][gc,heap        ] GC(2324) ParOldGen: 4670001K(4670464K)->4770833K(4771328K)
[6582.539s][info][gc,metaspace   ] GC(2324) Metaspace: 29105K(29376K)->29105K(29376K) NonClass: 25998K(26112K)->25998K(26112K) Class: 3106K(3264K)->3106K(3264K)
[6582.539s][info][gc             ] GC(2324) Pause Young (Allocation Failure) 7092M->4820M(7210M) 103.157ms
[6582.539s][info][gc,cpu         ] GC(2324) User=0.58s Sys=0.03s Real=0.10s
. (rIR:aIR:PR = 10931:10958:10958) (tPR = 162971) [OK] 
  6582s: Performance info:
         Transaction,    Success,    Partial,     Failed,   Receipts, AvgBarcode, 
             Overall,     658964,          0,          0,     626225,      59.48, 
         Response times:
             Request,    Success,    Partial,     Failed,   SkipFail,     Probes,    Samples,      min,      p50,      p90,      p95,      p99,      max, 
       TotalPurchase,     626223,          0,          0,          0,     323318,     404940,      300,    19700,   293000,   441000,   800000,  1200000,
     InStorePurchase,     330042,          0,          0,          0,     169437,     212958,      300,    19800,   292000,   439000,   760000,  1200000,
      OnlinePurchase,     230586,          0,          0,          0,     118967,     148886,      300,    19700,   295000,   441000,   840000,  1100000,
        InstPurchase,      65595,          0,          0,          0,      34914,      43096,      400,    19400,   293000,   474000,   770000,  1200000,
          AssocOfCat,        656,          0,          0,          0,        527,        753,    28000,    68000,   334600,   476600,   620000,   720000,
      AssocOfProduct,       6519,          0,          0,          0,       3684,       4666,      700,    18600,   287300,   420000,   683300,  1100000,
      BusinessReport,       1638,          0,          0,          0,       1366,       1797,    32000,    78000,   342000,   487200,   660000,   860000,
          CustBuyBeh,       6624,          0,          0,          0,       3666,       4605,      200,    14600,   263400,   391000,   640000,   920000,
       ProductReturn,      17292,          0,          0,          0,       8860,      11165,      100,    16000,   285000,   495000,   640000,   920000,

  6582s: (80%)   IR =  11070 [6583.972s][info][gc,start       ] GC(2325) Pause Young (Allocation Failure)
[6584.077s][info][gc,heap        ] GC(2325) PSYoungGen: 2595648K(2611712K)->161268K(2610176K) Eden: 2430464K(2430464K)->0K(2434048K) From: 165184K(181248K)->161268K(176128K)
[6584.077s][info][gc,heap        ] GC(2325) ParOldGen: 4770833K(4771328K)->4878721K(4878848K)
[6584.077s][info][gc,metaspace   ] GC(2325) Metaspace: 29105K(29376K)->29105K(29376K) NonClass: 25998K(26112K)->25998K(26112K) Class: 3106K(3264K)->3106K(3264K)
[6584.077s][info][gc             ] GC(2325) Pause Young (Allocation Failure) 7193M->4921M(7313M) 104.457ms
[6584.077s][info][gc,cpu         ] GC(2325) User=0.59s Sys=0.03s Real=0.10s
..[6585.456s][info][gc,start       ] GC(2326) Pause Young (Allocation Failure)
[6585.560s][info][gc,heap        ] GC(2326) PSYoungGen: 2595316K(2610176K)->165985K(2612736K) Eden: 2434048K(2434048K)->0K(2434048K) From: 161268K(176128K)->165985K(178688K)
[6585.560s][info][gc,heap        ] GC(2326) ParOldGen: 4878721K(4878848K)->4983121K(4983296K)
[6585.560s][info][gc,metaspace   ] GC(2326) Metaspace: 29105K(29376K)->29105K(29376K) NonClass: 25998K(26112K)->25998K(26112K) Class: 3106K(3264K)->3106K(3264K)
[6585.560s][info][gc             ] GC(2326) Pause Young (Allocation Failure) 7298M->5028M(7418M) 104.457ms
[6585.560s][info][gc,cpu         ] GC(2326) User=0.58s Sys=0.03s Real=0.10s
.[6587.008s][info][gc,start       ] GC(2327) Pause Young (Allocation Failure)
[6587.106s][info][gc,heap        ] GC(2327) PSYoungGen: 2600033K(2612736K)->148352K(2616320K) Eden: 2434048K(2434048K)->0K(2437632K) From: 165985K(178688K)->148352K(178688K)
[6587.106s][info][gc,heap        ] GC(2327) ParOldGen: 4983121K(4983296K)->5088633K(5088768K)
[6587.106s][info][gc,metaspace   ] GC(2327) Metaspace: 29105K(29376K)->29105K(29376K) NonClass: 25998K(26112K)->25998K(26112K) Class: 3106K(3264K)->3106K(3264K)
[6587.106s][info][gc             ] GC(2327) Pause Young (Allocation Failure) 7405M->5114M(7524M) 98.208ms
[6587.106s][info][gc,cpu         ] GC(2327) User=0.55s Sys=0.03s Real=0.10s
..[6588.530s][info][gc,start       ] GC(2328) Pause Young (Allocation Failure)
[6588.632s][info][gc,heap        ] GC(2328) PSYoungGen: 2585984K(2616320K)->154996K(2616832K) Eden: 2437632K(2437632K)->0K(2437632K) From: 148352K(178688K)->154996K(179200K)
[6588.632s][info][gc,heap        ] GC(2328) ParOldGen: 5088633K(5088768K)->5196801K(5197312K)
[6588.632s][info][gc,metaspace   ] GC(2328) Metaspace: 29105K(29376K)->29105K(29376K) NonClass: 25998K(26112K)->25998K(26112K) Class: 3106K(3264K)->3106K(3264K)
[6588.632s][info][gc             ] GC(2328) Pause Young (Allocation Failure) 7494M->5226M(7631M) 101.860ms
[6588.632s][info][gc,cpu         ] GC(2328) User=0.58s Sys=0.02s Real=0.11s
.[6590.068s][info][gc,start       ] GC(2329) Pause Young (Allocation Failure)
[6590.167s][info][gc,heap        ] GC(2329) PSYoungGen: 2592628K(2616832K)->159604K(2612736K) Eden: 2437632K(2437632K)->0K(2438144K) From: 154996K(179200K)->159604K(174592K)
[6590.167s][info][gc,heap        ] GC(2329) ParOldGen: 5196801K(5197312K)->5296945K(5297152K)
[6590.167s][info][gc,metaspace   ] GC(2329) Metaspace: 29105K(29376K)->29105K(29376K) NonClass: 25998K(26112K)->25998K(26112K) Class: 3106K(3264K)->3106K(3264K)
[6590.167s][info][gc             ] GC(2329) Pause Young (Allocation Failure) 7606M->5328M(7724M) 99.377ms
[6590.167s][info][gc,cpu         ] GC(2329) User=0.55s Sys=0.03s Real=0.10s
..[6591.531s][info][gc,start       ] GC(2330) Pause Young (Allocation Failure)
[6591.638s][info][gc,heap        ] GC(2330) PSYoungGen: 2597748K(2612736K)->166517K(2614784K) Eden: 2438144K(2438144K)->0K(2438144K) From: 159604K(174592K)->166517K(176640K)
[6591.638s][info][gc,heap        ] GC(2330) ParOldGen: 5296945K(5297152K)->5404257K(5404672K)
[6591.638s][info][gc,metaspace   ] GC(2330) Metaspace: 29105K(29376K)->29105K(29376K) NonClass: 25998K(26112K)->25998K(26112K) Class: 3106K(3264K)->3106K(3264K)
[6591.638s][info][gc             ] GC(2330) Pause Young (Allocation Failure) 7709M->5440M(7831M) 107.277ms
[6591.639s][info][gc,cpu         ] GC(2330) User=0.58s Sys=0.04s Real=0.11s
.[6593.041s][info][gc,start       ] GC(2331) Pause Young (Allocation Failure)
[6593.140s][info][gc,heap        ] GC(2331) PSYoungGen: 2604661K(2614784K)->149426K(2618368K) Eden: 2438144K(2438144K)->0K(2440704K) From: 166517K(176640K)->149426K(177664K)
[6593.141s][info][gc,heap        ] GC(2331) ParOldGen: 5404257K(5404672K)->5509073K(5509120K)
[6593.141s][info][gc,metaspace   ] GC(2331) Metaspace: 29105K(29376K)->29105K(29376K) NonClass: 25998K(26112K)->25998K(26112K) Class: 3106K(3264K)->3106K(3264K)
[6593.141s][info][gc             ] GC(2331) Pause Young (Allocation Failure) 7821M->5525M(7937M) 100.027ms
[6593.141s][info][gc,cpu         ] GC(2331) User=0.55s Sys=0.04s Real=0.10s
..[6594.669s][info][gc,start       ] GC(2332) Pause Full (Allocation Failure)
[6594.669s][info][gc,phases,start] GC(2332) Marking Phase
[6594.996s][info][gc,phases      ] GC(2332) Marking Phase 327.258ms
[6594.996s][info][gc,phases,start] GC(2332) Summary Phase
[6594.996s][info][gc,phases      ] GC(2332) Summary Phase 0.099ms
[6594.996s][info][gc,phases,start] GC(2332) Forward
[6595.126s][info][gc,phases      ] GC(2332) Forward 129.876ms
[6595.126s][info][gc,phases,start] GC(2332) Adjust Pointers
[6595.347s][info][gc,phases      ] GC(2332) Adjust Pointers 221.124ms
[6595.347s][info][gc,phases,start] GC(2332) Compaction Phase
[6595.499s][info][gc,phases      ] GC(2332) Compaction Phase 151.151ms
[6595.501s][info][gc,phases,start] GC(2332) Post Compact
[6595.508s][info][gc,phases      ] GC(2332) Post Compact 6.941ms
[6595.629s][info][gc,heap        ] GC(2332) PSYoungGen: 2590130K(2618368K)->0K(2618368K) Eden: 2440704K(2440704K)->0K(2440704K) From: 149426K(177664K)->0K(177664K)
[6595.629s][info][gc,heap        ] GC(2332) ParOldGen: 5509073K(5509120K)->1641127K(2164224K)
[6595.629s][info][gc,metaspace   ] GC(2332) Metaspace: 29105K(29376K)->29105K(29376K) NonClass: 25998K(26112K)->25998K(26112K) Class: 3106K(3264K)->3106K(3264K)
[6595.629s][info][gc             ] GC(2332) Pause Full (Allocation Failure) 7909M->1602M(4670M) 960.375ms
[6595.629s][info][gc,cpu         ] GC(2332) User=4.53s Sys=0.12s Real=0.96s
.[6596.892s][info][gc,start       ] GC(2333) Pause Young (Allocation Failure)
[6596.974s][info][gc,heap        ] GC(2333) PSYoungGen: 2440704K(2618368K)->177637K(2600960K) Eden: 2440704K(2440704K)->0K(2423296K) From: 0K(177664K)->177637K(177664K)
[6596.974s][info][gc,heap        ] GC(2333) ParOldGen: 1641127K(2164224K)->1651303K(2164224K)
[6596.974s][info][gc,metaspace   ] GC(2333) Metaspace: 29105K(29376K)->29105K(29376K) NonClass: 25998K(26112K)->25998K(26112K) Class: 3106K(3264K)->3106K(3264K)
[6596.974s][info][gc             ] GC(2333) Pause Young (Allocation Failure) 3986M->1786M(4653M) 81.332ms
[6596.974s][info][gc,cpu         ] GC(2333) User=0.47s Sys=0.01s Real=0.08s
..[6598.305s][info][gc,start       ] GC(2334) Pause Young (Allocation Failure)
[6598.403s][info][gc,heap        ] GC(2334) PSYoungGen: 2600933K(2600960K)->168565K(2609664K) Eden: 2423296K(2423296K)->0K(2423296K) From: 177637K(177664K)->168565K(186368K)
[6598.403s][info][gc,heap        ] GC(2334) ParOldGen: 1651303K(2164224K)->1752255K(2164224K)
[6598.403s][info][gc,metaspace   ] GC(2334) Metaspace: 29105K(29376K)->29105K(29376K) NonClass: 25998K(26112K)->25998K(26112K) Class: 3106K(3264K)->3106K(3264K)
[6598.403s][info][gc             ] GC(2334) Pause Young (Allocation Failure) 4152M->1875M(4662M) 98.377ms
[6598.403s][info][gc,cpu         ] GC(2334) User=0.58s Sys=0.00s Real=0.10s
.[6599.715s][info][gc,start       ] GC(2335) Pause Young (Allocation Failure)
[6599.813s][info][gc,heap        ] GC(2335) PSYoungGen: 2591861K(2609664K)->169829K(2609664K) Eden: 2423296K(2423296K)->0K(2423296K) From: 168565K(186368K)->169829K(186368K)
[6599.813s][info][gc,heap        ] GC(2335) ParOldGen: 1752255K(2164224K)->1853463K(2164224K)
[6599.813s][info][gc,metaspace   ] GC(2335) Metaspace: 29105K(29376K)->29105K(29376K) NonClass: 25998K(26112K)->25998K(26112K) Class: 3106K(3264K)->3106K(3264K)
[6599.813s][info][gc             ] GC(2335) Pause Young (Allocation Failure) 4242M->1975M(4662M) 97.806ms
[6599.813s][info][gc,cpu         ] GC(2335) User=0.58s Sys=0.00s Real=0.10s
.[6601.124s][info][gc,start       ] GC(2336) Pause Young (Allocation Failure)
[6601.220s][info][gc,heap        ] GC(2336) PSYoungGen: 2593125K(2609664K)->161973K(2585600K) Eden: 2423296K(2423296K)->0K(2423296K) From: 169829K(186368K)->161973K(162304K)
[6601.221s][info][gc,heap        ] GC(2336) ParOldGen: 1853463K(2164224K)->1961207K(2164224K)
[6601.221s][info][gc,metaspace   ] GC(2336) Metaspace: 29105K(29376K)->29105K(29376K) NonClass: 25998K(26112K)->25998K(26112K) Class: 3106K(3264K)->3106K(3264K)
[6601.221s][info][gc             ] GC(2336) Pause Young (Allocation Failure) 4342M->2073M(4638M) 96.917ms
[6601.221s][info][gc,cpu         ] GC(2336) User=0.58s Sys=0.00s Real=0.09s
.[6602.616s][info][gc,start       ] GC(2337) Pause Young (Allocation Failure)
[6602.708s][info][gc,heap        ] GC(2337) PSYoungGen: 2585269K(2585600K)->150560K(2608128K) Eden: 2423296K(2423296K)->0K(2423296K) From: 161973K(162304K)->150560K(184832K)
[6602.708s][info][gc,heap        ] GC(2337) ParOldGen: 1961207K(2164224K)->2065319K(2164224K)
[6602.708s][info][gc,metaspace   ] GC(2337) Metaspace: 29105K(29376K)->29105K(29376K) NonClass: 25998K(26112K)->25998K(26112K) Class: 3106K(3264K)->3106K(3264K)
[6602.708s][info][gc             ] GC(2337) Pause Young (Allocation Failure) 4439M->2163M(4660M) 91.647ms
[6602.708s][info][gc,cpu         ] GC(2337) User=0.54s Sys=0.00s Real=0.09s
..|[6604.024s][info][gc,start       ] GC(2338) Pause Young (Allocation Failure)
[6604.120s][info][gc,heap        ] GC(2338) PSYoungGen: 2573856K(2608128K)->162404K(2608128K) Eden: 2423296K(2423296K)->0K(2423296K) From: 150560K(184832K)->162404K(184832K)
[6604.120s][info][gc,heap        ] GC(2338) ParOldGen: 2065319K(2164224K)->2166935K(2167296K)
[6604.120s][info][gc,metaspace   ] GC(2338) Metaspace: 29105K(29376K)->29105K(29376K) NonClass: 25998K(26112K)->25998K(26112K) Class: 3106K(3264K)->3106K(3264K)
[6604.120s][info][gc             ] GC(2338) Pause Young (Allocation Failure) 4530M->2274M(4663M) 95.750ms
[6604.120s][info][gc,cpu         ] GC(2338) User=0.56s Sys=0.00s Real=0.09s
.[6605.460s][info][gc,start       ] GC(2339) Pause Young (Allocation Failure)
[6605.593s][info][gc,heap        ] GC(2339) PSYoungGen: 2585700K(2608128K)->164336K(2609664K) Eden: 2423296K(2423296K)->0K(2427904K) From: 162404K(184832K)->164336K(181760K)
[6605.593s][info][gc,heap        ] GC(2339) ParOldGen: 2166935K(2167296K)->2271783K(2272256K)
[6605.593s][info][gc,metaspace   ] GC(2339) Metaspace: 29105K(29376K)->29105K(29376K) NonClass: 25998K(26112K)->25998K(26112K) Class: 3106K(3264K)->3106K(3264K)
[6605.593s][info][gc             ] GC(2339) Pause Young (Allocation Failure) 4641M->2379M(4767M) 132.595ms
[6605.593s][info][gc,cpu         ] GC(2339) User=0.57s Sys=0.03s Real=0.14s
..[6606.968s][info][gc,start       ] GC(2340) Pause Young (Allocation Failure)
[6607.076s][info][gc,heap        ] GC(2340) PSYoungGen: 2592240K(2609664K)->179797K(2609152K) Eden: 2427904K(2427904K)->0K(2427904K) From: 164336K(181760K)->179797K(181248K)
[6607.076s][info][gc,heap        ] GC(2340) ParOldGen: 2271783K(2272256K)->2373519K(2373632K)
[6607.076s][info][gc,metaspace   ] GC(2340) Metaspace: 29105K(29376K)->29105K(29376K) NonClass: 25998K(26112K)->25998K(26112K) Class: 3106K(3264K)->3106K(3264K)
[6607.076s][info][gc             ] GC(2340) Pause Young (Allocation Failure) 4750M->2493M(4866M) 107.988ms
[6607.076s][info][gc,cpu         ] GC(2340) User=0.61s Sys=0.03s Real=0.11s
.[6608.551s][info][gc,start       ] GC(2341) Pause Young (Allocation Failure)
[6608.654s][info][gc,heap        ] GC(2341) PSYoungGen: 2607701K(2609152K)->169408K(2610176K) Eden: 2427904K(2427904K)->0K(2424320K) From: 179797K(181248K)->169408K(185856K)
[6608.654s][info][gc,heap        ] GC(2341) ParOldGen: 2373519K(2373632K)->2479647K(2480128K)
[6608.654s][info][gc,metaspace   ] GC(2341) Metaspace: 29105K(29376K)->29105K(29376K) NonClass: 25998K(26112K)->25998K(26112K) Class: 3106K(3264K)->3106K(3264K)
[6608.654s][info][gc             ] GC(2341) Pause Young (Allocation Failure) 4864M->2586M(4971M) 103.597ms
[6608.654s][info][gc,cpu         ] GC(2341) User=0.58s Sys=0.04s Real=0.11s
..[6610.024s][info][gc,start       ] GC(2342) Pause Young (Allocation Failure)
[6610.122s][info][gc,heap        ] GC(2342) PSYoungGen: 2593728K(2610176K)->153045K(2577408K) Eden: 2424320K(2424320K)->0K(2424320K) From: 169408K(185856K)->153045K(153088K)
[6610.122s][info][gc,heap        ] GC(2342) ParOldGen: 2479647K(2480128K)->2583415K(2583552K)
[6610.122s][info][gc,metaspace   ] GC(2342) Metaspace: 29105K(29376K)->29105K(29376K) NonClass: 25998K(26112K)->25998K(26112K) Class: 3106K(3264K)->3106K(3264K)
[6610.122s][info][gc             ] GC(2342) Pause Young (Allocation Failure) 4954M->2672M(5040M) 97.595ms
[6610.122s][info][gc,cpu         ] GC(2342) User=0.55s Sys=0.03s Real=0.10s
.[6611.593s][info][gc,start       ] GC(2343) Pause Young (Allocation Failure)
[6611.696s][info][gc,heap        ] GC(2343) PSYoungGen: 2577365K(2577408K)->169424K(2609152K) Eden: 2424320K(2424320K)->0K(2423808K) From: 153045K(153088K)->169424K(185344K)
[6611.696s][info][gc,heap        ] GC(2343) ParOldGen: 2583415K(2583552K)->2684215K(2684416K)
[6611.696s][info][gc,metaspace   ] GC(2343) Metaspace: 29105K(29376K)->29105K(29376K) NonClass: 25998K(26112K)->25998K(26112K) Class: 3106K(3264K)->3106K(3264K)
[6611.696s][info][gc             ] GC(2343) Pause Young (Allocation Failure) 5039M->2786M(5169M) 102.704ms
[6611.696s][info][gc,cpu         ] GC(2343) User=0.59s Sys=0.02s Real=0.10s
..[6613.092s][info][gc,start       ] GC(2344) Pause Young (Allocation Failure)
[6613.194s][info][gc,heap        ] GC(2344) PSYoungGen: 2593232K(2609152K)->158766K(2583040K) Eden: 2423808K(2423808K)->0K(2423808K) From: 169424K(185344K)->158766K(159232K)
[6613.194s][info][gc,heap        ] GC(2344) ParOldGen: 2684215K(2684416K)->2792527K(2792960K)
[6613.194s][info][gc,metaspace   ] GC(2344) Metaspace: 29105K(29376K)->29105K(29376K) NonClass: 25998K(26112K)->25998K(26112K) Class: 3106K(3264K)->3106K(3264K)
[6613.194s][info][gc             ] GC(2344) Pause Young (Allocation Failure) 5153M->2882M(5250M) 102.357ms
[6613.194s][info][gc,cpu         ] GC(2344) User=0.58s Sys=0.03s Real=0.10s
.[6614.574s][info][gc,start       ] GC(2345) Pause Young (Allocation Failure)
[6614.673s][info][gc,heap        ] GC(2345) PSYoungGen: 2582574K(2583040K)->158512K(2610176K) Eden: 2423808K(2423808K)->0K(2425856K) From: 158766K(159232K)->158512K(184320K)
[6614.673s][info][gc,heap        ] GC(2345) ParOldGen: 2792527K(2792960K)->2895911K(2896384K)
[6614.673s][info][gc,metaspace   ] GC(2345) Metaspace: 29105K(29376K)->29105K(29376K) NonClass: 25998K(26112K)->25998K(26112K) Class: 3106K(3264K)->3106K(3264K)
[6614.673s][info][gc             ] GC(2345) Pause Young (Allocation Failure) 5249M->2982M(5377M) 98.912ms
[6614.673s][info][gc,cpu         ] GC(2345) User=0.55s Sys=0.04s Real=0.10s
..[6616.128s][info][gc,start       ] GC(2346) Pause Young (Allocation Failure)
[6616.221s][info][gc,heap        ] GC(2346) PSYoungGen: 2584368K(2610176K)->148864K(2609152K) Eden: 2425856K(2425856K)->0K(2425856K) From: 158512K(184320K)->148864K(183296K)
[6616.221s][info][gc,heap        ] GC(2346) ParOldGen: 2895911K(2896384K)->2997455K(2997760K)
[6616.221s][info][gc,metaspace   ] GC(2346) Metaspace: 29105K(29376K)->29105K(29376K) NonClass: 25998K(26112K)->25998K(26112K) Class: 3106K(3264K)->3106K(3264K)
[6616.221s][info][gc             ] GC(2346) Pause Young (Allocation Failure) 5351M->3072M(5475M) 93.796ms
[6616.221s][info][gc,cpu         ] GC(2346) User=0.52s Sys=0.04s Real=0.09s
.[6617.692s][info][gc,start       ] GC(2347) Pause Young (Allocation Failure)
[6617.794s][info][gc,heap        ] GC(2347) PSYoungGen: 2574720K(2609152K)->169024K(2611200K) Eden: 2425856K(2425856K)->0K(2427392K) From: 148864K(183296K)->169024K(183808K)
[6617.794s][info][gc,heap        ] GC(2347) ParOldGen: 2997455K(2997760K)->3100887K(3101184K)
[6617.794s][info][gc,metaspace   ] GC(2347) Metaspace: 29105K(29376K)->29105K(29376K) NonClass: 25998K(26112K)->25998K(26112K) Class: 3106K(3264K)->3106K(3264K)
[6617.794s][info][gc             ] GC(2347) Pause Young (Allocation Failure) 5441M->3193M(5578M) 101.998ms
[6617.795s][info][gc,cpu         ] GC(2347) User=0.57s Sys=0.02s Real=0.10s
..[6619.209s][info][gc,start       ] GC(2348) Pause Young (Allocation Failure)
[6619.308s][info][gc,heap        ] GC(2348) PSYoungGen: 2596416K(2611200K)->152288K(2611712K) Eden: 2427392K(2427392K)->0K(2427392K) From: 169024K(183808K)->152288K(184320K)
[6619.308s][info][gc,heap        ] GC(2348) ParOldGen: 3100887K(3101184K)->3208863K(3209216K)
[6619.308s][info][gc,metaspace   ] GC(2348) Metaspace: 29105K(29376K)->29105K(29376K) NonClass: 25998K(26112K)->25998K(26112K) Class: 3106K(3264K)->3106K(3264K)
[6619.308s][info][gc             ] GC(2348) Pause Young (Allocation Failure) 5563M->3282M(5684M) 98.475ms
[6619.308s][info][gc,cpu         ] GC(2348) User=0.53s Sys=0.04s Real=0.10s
.[6620.705s][info][gc,start       ] GC(2349) Pause Young (Allocation Failure)
[6620.810s][info][gc,heap        ] GC(2349) PSYoungGen: 2579680K(2611712K)->172889K(2608128K) Eden: 2427392K(2427392K)->0K(2424320K) From: 152288K(184320K)->172889K(183808K)
[6620.810s][info][gc,heap        ] GC(2349) ParOldGen: 3208863K(3209216K)->3312415K(3312640K)
[6620.810s][info][gc,metaspace   ] GC(2349) Metaspace: 29105K(29376K)->29105K(29376K) NonClass: 25998K(26112K)->25998K(26112K) Class: 3106K(3264K)->3106K(3264K)
[6620.810s][info][gc             ] GC(2349) Pause Young (Allocation Failure) 5652M->3403M(5782M) 105.000ms
[6620.810s][info][gc,cpu         ] GC(2349) User=0.60s Sys=0.02s Real=0.10s
..[6622.201s][info][gc,start       ] GC(2350) Pause Young (Allocation Failure)
[6622.303s][info][gc,heap        ] GC(2350) PSYoungGen: 2597209K(2608128K)->164292K(2610176K) Eden: 2424320K(2424320K)->0K(2424320K) From: 172889K(183808K)->164292K(185856K)
[6622.303s][info][gc,heap        ] GC(2350) ParOldGen: 3312415K(3312640K)->3413591K(3414016K)
[6622.303s][info][gc,metaspace   ] GC(2350) Metaspace: 29105K(29376K)->29105K(29376K) NonClass: 25998K(26112K)->25998K(26112K) Class: 3106K(3264K)->3106K(3264K)
[6622.303s][info][gc             ] GC(2350) Pause Young (Allocation Failure) 5771M->3494M(5883M) 101.964ms
[6622.303s][info][gc,cpu         ] GC(2350) User=0.57s Sys=0.03s Real=0.11s
.[6623.741s][info][gc,start       ] GC(2351) Pause Young (Allocation Failure)
[6623.849s][info][gc,heap        ] GC(2351) PSYoungGen: 2588612K(2610176K)->173309K(2608640K) Eden: 2424320K(2424320K)->0K(2424320K) From: 164292K(185856K)->173309K(184320K)
[6623.849s][info][gc,heap        ] GC(2351) ParOldGen: 3413591K(3414016K)->3518911K(3518976K)
[6623.849s][info][gc,metaspace   ] GC(2351) Metaspace: 29105K(29376K)->29105K(29376K) NonClass: 25998K(26112K)->25998K(26112K) Class: 3106K(3264K)->3106K(3264K)
[6623.849s][info][gc             ] GC(2351) Pause Young (Allocation Failure) 5861M->3605M(5984M) 107.804ms
[6623.849s][info][gc,cpu         ] GC(2351) User=0.61s Sys=0.03s Real=0.11s
..[6625.267s][info][gc,start       ] GC(2352) Pause Young (Allocation Failure)
[6625.369s][info][gc,heap        ] GC(2352) PSYoungGen: 2597629K(2608640K)->163172K(2587648K) Eden: 2424320K(2424320K)->0K(2424320K) From: 173309K(184320K)->163172K(163328K)
[6625.369s][info][gc,heap        ] GC(2352) ParOldGen: 3518911K(3518976K)->3625911K(3625984K)
[6625.369s][info][gc,metaspace   ] GC(2352) Metaspace: 29105K(29376K)->29105K(29376K) NonClass: 25998K(26112K)->25998K(26112K) Class: 3106K(3264K)->3106K(3264K)
[6625.369s][info][gc             ] GC(2352) Pause Young (Allocation Failure) 5973M->3700M(6068M) 102.713ms
[6625.369s][info][gc,cpu         ] GC(2352) User=0.57s Sys=0.03s Real=0.10s
.[6626.747s][info][gc,start       ] GC(2353) Pause Young (Allocation Failure)
[6626.856s][info][gc,heap        ] GC(2353) PSYoungGen: 2587492K(2587648K)->177771K(2606080K) Eden: 2424320K(2424320K)->0K(2422272K) From: 163172K(163328K)->177771K(183808K)
[6626.856s][info][gc,heap        ] GC(2353) ParOldGen: 3625911K(3625984K)->3730655K(3730944K)
[6626.856s][info][gc,metaspace   ] GC(2353) Metaspace: 29105K(29376K)->29105K(29376K) NonClass: 25998K(26112K)->25998K(26112K) Class: 3106K(3264K)->3106K(3264K)
[6626.856s][info][gc             ] GC(2353) Pause Young (Allocation Failure) 6067M->3816M(6188M) 109.549ms
[6626.856s][info][gc,cpu         ] GC(2353) User=0.60s Sys=0.04s Real=0.11s
..[6628.267s][info][gc,start       ] GC(2354) Pause Young (Allocation Failure)
[6628.371s][info][gc,heap        ] GC(2354) PSYoungGen: 2600043K(2606080K)->166192K(2609152K) Eden: 2422272K(2422272K)->0K(2422272K) From: 177771K(183808K)->166192K(186880K)
[6628.371s][info][gc,heap        ] GC(2354) ParOldGen: 3730655K(3730944K)->3833823K(3833856K)
[6628.371s][info][gc,metaspace   ] GC(2354) Metaspace: 29105K(29376K)->29105K(29376K) NonClass: 25998K(26112K)->25998K(26112K) Class: 3106K(3264K)->3106K(3264K)
[6628.371s][info][gc             ] GC(2354) Pause Young (Allocation Failure) 6182M->3906M(6292M) 103.584ms
[6628.371s][info][gc,cpu         ] GC(2354) User=0.57s Sys=0.04s Real=0.10s
.[6629.739s][info][gc,start       ] GC(2355) Pause Young (Allocation Failure)
[6629.838s][info][gc,heap        ] GC(2355) PSYoungGen: 2588464K(2609152K)->157440K(2606592K) Eden: 2422272K(2422272K)->0K(2423808K) From: 166192K(186880K)->157440K(182784K)
[6629.838s][info][gc,heap        ] GC(2355) ParOldGen: 3833823K(3833856K)->3936271K(3936768K)
[6629.838s][info][gc,metaspace   ] GC(2355) Metaspace: 29105K(29376K)->29105K(29376K) NonClass: 25998K(26112K)->25998K(26112K) Class: 3106K(3264K)->3106K(3264K)
[6629.838s][info][gc             ] GC(2355) Pause Young (Allocation Failure) 6271M->3997M(6390M) 98.768ms
[6629.838s][info][gc,cpu         ] GC(2355) User=0.56s Sys=0.03s Real=0.10s
..[6631.251s][info][gc,start       ] GC(2356) Pause Young (Allocation Failure)
[6631.354s][info][gc,heap        ] GC(2356) PSYoungGen: 2581248K(2606592K)->162197K(2608640K) Eden: 2423808K(2423808K)->0K(2423808K) From: 157440K(182784K)->162197K(184832K)
[6631.354s][info][gc,heap        ] GC(2356) ParOldGen: 3936271K(3936768K)->4040943K(4041216K)
[6631.354s][info][gc,metaspace   ] GC(2356) Metaspace: 29105K(29376K)->29105K(29376K) NonClass: 25998K(26112K)->25998K(26112K) Class: 3106K(3264K)->3106K(3264K)
[6631.354s][info][gc             ] GC(2356) Pause Young (Allocation Failure) 6364M->4104M(6494M) 102.557ms
[6631.354s][info][gc,cpu         ] GC(2356) User=0.58s Sys=0.02s Real=0.11s
.[6632.816s][info][gc,start       ] GC(2357) Pause Young (Allocation Failure)
[6632.924s][info][gc,heap        ] GC(2357) PSYoungGen: 2586005K(2608640K)->174660K(2609152K) Eden: 2423808K(2423808K)->0K(2426368K) From: 162197K(184832K)->174660K(182784K)
[6632.924s][info][gc,heap        ] GC(2357) ParOldGen: 4040943K(4041216K)->4143239K(4143616K)
[6632.924s][info][gc,metaspace   ] GC(2357) Metaspace: 29105K(29376K)->29105K(29376K) NonClass: 25998K(26112K)->25998K(26112K) Class: 3106K(3264K)->3106K(3264K)
[6632.924s][info][gc             ] GC(2357) Pause Young (Allocation Failure) 6471M->4216M(6594M) 107.279ms
[6632.924s][info][gc,cpu         ] GC(2357) User=0.60s Sys=0.03s Real=0.11s
..[6634.351s][info][gc,start       ] GC(2358) Pause Young (Allocation Failure)
[6634.452s][info][gc,heap        ] GC(2358) PSYoungGen: 2601028K(2609152K)->158389K(2611200K) Eden: 2426368K(2426368K)->0K(2426368K) From: 174660K(182784K)->158389K(184832K)
[6634.452s][info][gc,heap        ] GC(2358) ParOldGen: 4143239K(4143616K)->4248255K(4248576K)
[6634.452s][info][gc,metaspace   ] GC(2358) Metaspace: 29105K(29376K)->29105K(29376K) NonClass: 25998K(26112K)->25998K(26112K) Class: 3106K(3264K)->3106K(3264K)
[6634.452s][info][gc             ] GC(2358) Pause Young (Allocation Failure) 6586M->4303M(6699M) 101.173ms
[6634.452s][info][gc,cpu         ] GC(2358) User=0.57s Sys=0.03s Real=0.11s
.[6635.862s][info][gc,start       ] GC(2359) Pause Young (Allocation Failure)
[6635.971s][info][gc,heap        ] GC(2359) PSYoungGen: 2584757K(2611200K)->178681K(2605568K) Eden: 2426368K(2426368K)->0K(2421248K) From: 158389K(184832K)->178681K(184320K)
[6635.971s][info][gc,heap        ] GC(2359) ParOldGen: 4248255K(4248576K)->4351719K(4352000K)
[6635.971s][info][gc,metaspace   ] GC(2359) Metaspace: 29105K(29376K)->29105K(29376K) NonClass: 25998K(26112K)->25998K(26112K) Class: 3106K(3264K)->3106K(3264K)
[6635.971s][info][gc             ] GC(2359) Pause Young (Allocation Failure) 6672M->4424M(6794M) 109.274ms
[6635.971s][info][gc,cpu         ] GC(2359) User=0.61s Sys=0.03s Real=0.10s
..[6637.341s][info][gc,start       ] GC(2360) Pause Young (Allocation Failure)
[6637.443s][info][gc,heap        ] GC(2360) PSYoungGen: 2599929K(2605568K)->154500K(2608640K) Eden: 2421248K(2421248K)->0K(2421248K) From: 178681K(184320K)->154500K(187392K)
[6637.443s][info][gc,heap        ] GC(2360) ParOldGen: 4351719K(4352000K)->4460951K(4461056K)
[6637.443s][info][gc,metaspace   ] GC(2360) Metaspace: 29105K(29376K)->29105K(29376K) NonClass: 25998K(26112K)->25998K(26112K) Class: 3106K(3264K)->3106K(3264K)
[6637.443s][info][gc             ] GC(2360) Pause Young (Allocation Failure) 6788M->4507M(6904M) 101.654ms
[6637.443s][info][gc,cpu         ] GC(2360) User=0.58s Sys=0.03s Real=0.11s
.[6638.952s][info][gc,start       ] GC(2361) Pause Young (Allocation Failure)
[6639.057s][info][gc,heap        ] GC(2361) PSYoungGen: 2575748K(2608640K)->172224K(2607616K) Eden: 2421248K(2421248K)->0K(2420224K) From: 154500K(187392K)->172224K(187392K)
[6639.057s][info][gc,heap        ] GC(2361) ParOldGen: 4460951K(4461056K)->4562095K(4562432K)
[6639.057s][info][gc,metaspace   ] GC(2361) Metaspace: 29105K(29376K)->29105K(29376K) NonClass: 25998K(26112K)->25998K(26112K) Class: 3106K(3264K)->3106K(3264K)
[6639.057s][info][gc             ] GC(2361) Pause Young (Allocation Failure) 6871M->4623M(7002M) 104.967ms
[6639.057s][info][gc,cpu         ] GC(2361) User=0.59s Sys=0.03s Real=0.10s
..[6640.489s][info][gc,start       ] GC(2362) Pause Young (Allocation Failure)
[6640.596s][info][gc,heap        ] GC(2362) PSYoungGen: 2592448K(2607616K)->166228K(2586624K) Eden: 2420224K(2420224K)->0K(2420224K) From: 172224K(187392K)->166228K(166400K)
[6640.596s][info][gc,heap        ] GC(2362) ParOldGen: 4562095K(4562432K)->4669759K(4669952K)
[6640.596s][info][gc,metaspace   ] GC(2362) Metaspace: 29105K(29376K)->29105K(29376K) NonClass: 25998K(26112K)->25998K(26112K) Class: 3106K(3264K)->3106K(3264K)
[6640.596s][info][gc             ] GC(2362) Pause Young (Allocation Failure) 6986M->4722M(7086M) 106.842ms
[6640.596s][info][gc,cpu         ] GC(2362) User=0.59s Sys=0.04s Real=0.11s
.[6641.984s][info][gc,start       ] GC(2363) Pause Young (Allocation Failure)
[6642.084s][info][gc,heap        ] GC(2363) PSYoungGen: 2586452K(2586624K)->154885K(2606592K) Eden: 2420224K(2420224K)->0K(2420736K) From: 166228K(166400K)->154885K(185856K)
[6642.084s][info][gc,heap        ] GC(2363) ParOldGen: 4669759K(4669952K)->4772127K(4772352K)
[6642.084s][info][gc,metaspace   ] GC(2363) Metaspace: 29105K(29376K)->29105K(29376K) NonClass: 25998K(26112K)->25998K(26112K) Class: 3106K(3264K)->3106K(3264K)
[6642.084s][info][gc             ] GC(2363) Pause Young (Allocation Failure) 7086M->4811M(7206M) 100.381ms
[6642.084s][info][gc,cpu         ] GC(2363) User=0.56s Sys=0.02s Real=0.10s
..[6643.526s][info][gc,start       ] GC(2364) Pause Young (Allocation Failure)
[6643.628s][info][gc,heap        ] GC(2364) PSYoungGen: 2575621K(2606592K)->162772K(2606592K) Eden: 2420736K(2420736K)->0K(2420736K) From: 154885K(185856K)->162772K(185856K)
[6643.628s][info][gc,heap        ] GC(2364) ParOldGen: 4772127K(4772352K)->4874767K(4875264K)
[6643.628s][info][gc,metaspace   ] GC(2364) Metaspace: 29105K(29376K)->29105K(29376K) NonClass: 25998K(26112K)->25998K(26112K) Class: 3106K(3264K)->3106K(3264K)
[6643.628s][info][gc             ] GC(2364) Pause Young (Allocation Failure) 7175M->4919M(7306M) 101.707ms
[6643.628s][info][gc,cpu         ] GC(2364) User=0.56s Sys=0.04s Real=0.10s
.[6645.020s][info][gc,start       ] GC(2365) Pause Young (Allocation Failure)
[6645.121s][info][gc,heap        ] GC(2365) PSYoungGen: 2583508K(2606592K)->159056K(2609152K) Eden: 2420736K(2420736K)->0K(2425344K) From: 162772K(185856K)->159056K(183808K)
[6645.122s][info][gc,heap        ] GC(2365) ParOldGen: 4874767K(4875264K)->4979535K(4979712K)
[6645.122s][info][gc,metaspace   ] GC(2365) Metaspace: 29105K(29376K)->29105K(29376K) NonClass: 25998K(26112K)->25998K(26112K) Class: 3106K(3264K)->3106K(3264K)
[6645.122s][info][gc             ] GC(2365) Pause Young (Allocation Failure) 7283M->5018M(7411M) 101.818ms
[6645.122s][info][gc,cpu         ] GC(2365) User=0.58s Sys=0.02s Real=0.10s
..[6646.477s][info][gc,start       ] GC(2366) Pause Young (Allocation Failure)
[6646.591s][info][gc,heap        ] GC(2366) PSYoungGen: 2584400K(2609152K)->164143K(2608128K) Eden: 2425344K(2425344K)->0K(2425344K) From: 159056K(183808K)->164143K(182784K)
[6646.591s][info][gc,heap        ] GC(2366) ParOldGen: 4979535K(4979712K)->5085311K(5085696K)
[6646.591s][info][gc,metaspace   ] GC(2366) Metaspace: 29105K(29376K)->29105K(29376K) NonClass: 25998K(26112K)->25998K(26112K) Class: 3106K(3264K)->3106K(3264K)
[6646.591s][info][gc             ] GC(2366) Pause Young (Allocation Failure) 7386M->5126M(7513M) 114.086ms
[6646.591s][info][gc,cpu         ] GC(2366) User=0.58s Sys=0.03s Real=0.11s
.[6648.042s][info][gc,start       ] GC(2367) Pause Young (Allocation Failure)
[6648.139s][info][gc,heap        ] GC(2367) PSYoungGen: 2589487K(2608128K)->146048K(2609664K) Eden: 2425344K(2425344K)->0K(2428416K) From: 164143K(182784K)->146048K(181248K)
[6648.139s][info][gc,heap        ] GC(2367) ParOldGen: 5085311K(5085696K)->5187847K(5188096K)
[6648.139s][info][gc,metaspace   ] GC(2367) Metaspace: 29105K(29376K)->29105K(29376K) NonClass: 25998K(26112K)->25998K(26112K) Class: 3106K(3264K)->3106K(3264K)
[6648.139s][info][gc             ] GC(2367) Pause Young (Allocation Failure) 7494M->5208M(7615M) 97.145ms
[6648.139s][info][gc,cpu         ] GC(2367) User=0.54s Sys=0.03s Real=0.09s
..[6649.635s][info][gc,start       ] GC(2368) Pause Young (Allocation Failure)
[6649.744s][info][gc,heap        ] GC(2368) PSYoungGen: 2574464K(2609664K)->174170K(2610688K) Eden: 2428416K(2428416K)->0K(2428416K) From: 146048K(181248K)->174170K(182272K)
[6649.744s][info][gc,heap        ] GC(2368) ParOldGen: 5187847K(5188096K)->5291575K(5292032K)
[6649.744s][info][gc,metaspace   ] GC(2368) Metaspace: 29105K(29376K)->29105K(29376K) NonClass: 25998K(26112K)->25998K(26112K) Class: 3106K(3264K)->3106K(3264K)
[6649.744s][info][gc             ] GC(2368) Pause Young (Allocation Failure) 7580M->5337M(7717M) 109.427ms
[6649.744s][info][gc,cpu         ] GC(2368) User=0.61s Sys=0.03s Real=0.11s
.[6651.197s][info][gc,start       ] GC(2369) Pause Young (Allocation Failure)
[6651.300s][info][gc,heap        ] GC(2369) PSYoungGen: 2602586K(2610688K)->162196K(2611712K) Eden: 2428416K(2428416K)->0K(2428416K) From: 174170K(182272K)->162196K(183296K)
[6651.300s][info][gc,heap        ] GC(2369) ParOldGen: 5291575K(5292032K)->5394943K(5394944K)
[6651.300s][info][gc,metaspace   ] GC(2369) Metaspace: 29105K(29376K)->29105K(29376K) NonClass: 25998K(26112K)->25998K(26112K) Class: 3106K(3264K)->3106K(3264K)
[6651.300s][info][gc             ] GC(2369) Pause Young (Allocation Failure) 7709M->5426M(7819M) 102.986ms
[6651.300s][info][gc,cpu         ] GC(2369) User=0.57s Sys=0.04s Real=0.10s
..[6652.660s][info][gc,start       ] GC(2370) Pause Young (Allocation Failure)
[6652.769s][info][gc,heap        ] GC(2370) PSYoungGen: 2590612K(2611712K)->171445K(2611200K) Eden: 2428416K(2428416K)->0K(2428416K) From: 162196K(183296K)->171445K(182784K)
[6652.769s][info][gc,heap        ] GC(2370) ParOldGen: 5394943K(5394944K)->5498879K(5498880K)
[6652.769s][info][gc,metaspace   ] GC(2370) Metaspace: 29105K(29376K)->29105K(29376K) NonClass: 25998K(26112K)->25998K(26112K) Class: 3106K(3264K)->3106K(3264K)
[6652.769s][info][gc             ] GC(2370) Pause Young (Allocation Failure) 7798M->5537M(7920M) 108.726ms
[6652.769s][info][gc,cpu         ] GC(2370) User=0.62s Sys=0.03s Real=0.11s
.[6654.247s][info][gc,start       ] GC(2371) Pause Full (Allocation Failure)
[6654.247s][info][gc,phases,start] GC(2371) Marking Phase
[6654.566s][info][gc,phases      ] GC(2371) Marking Phase 318.892ms
[6654.566s][info][gc,phases,start] GC(2371) Summary Phase
[6654.566s][info][gc,phases      ] GC(2371) Summary Phase 0.104ms
[6654.566s][info][gc,phases,start] GC(2371) Forward
[6654.691s][info][gc,phases      ] GC(2371) Forward 124.701ms
[6654.691s][info][gc,phases,start] GC(2371) Adjust Pointers
[6654.904s][info][gc,phases      ] GC(2371) Adjust Pointers 213.427ms
[6654.904s][info][gc,phases,start] GC(2371) Compaction Phase
[6655.055s][info][gc,phases      ] GC(2371) Compaction Phase 150.464ms
[6655.056s][info][gc,phases,start] GC(2371) Post Compact
[6655.063s][info][gc,phases      ] GC(2371) Post Compact 6.939ms
[6655.185s][info][gc,heap        ] GC(2371) PSYoungGen: 2599861K(2611200K)->0K(2611712K) Eden: 2428416K(2428416K)->0K(2427392K) From: 171445K(182784K)->0K(184320K)
[6655.185s][info][gc,heap        ] GC(2371) ParOldGen: 5498879K(5498880K)->1630204K(2164736K)
[6655.185s][info][gc,metaspace   ] GC(2371) Metaspace: 29105K(29376K)->29090K(29376K) NonClass: 25998K(26112K)->25987K(26112K) Class: 3106K(3264K)->3102K(3264K)
[6655.185s][info][gc             ] GC(2371) Pause Full (Allocation Failure) 7908M->1591M(4664M) 937.720ms
[6655.185s][info][gc,cpu         ] GC(2371) User=4.42s Sys=0.12s Real=0.94s
..[6656.482s][info][gc,start       ] GC(2372) Pause Young (Allocation Failure)
[6656.590s][info][gc,heap        ] GC(2372) PSYoungGen: 2427392K(2611712K)->150912K(2611712K) Eden: 2427392K(2427392K)->0K(2427392K) From: 0K(184320K)->150912K(184320K)
[6656.590s][info][gc,heap        ] GC(2372) ParOldGen: 1630204K(2164736K)->1630204K(2164736K)
[6656.590s][info][gc,metaspace   ] GC(2372) Metaspace: 29091K(29376K)->29091K(29376K) NonClass: 25989K(26112K)->25989K(26112K) Class: 3102K(3264K)->3102K(3264K)
[6656.590s][info][gc             ] GC(2372) Pause Young (Allocation Failure) 3962M->1739M(4664M) 107.693ms
[6656.590s][info][gc,cpu         ] GC(2372) User=0.36s Sys=0.00s Real=0.10s
.[6657.858s][info][gc,start       ] GC(2373) Pause Young (Allocation Failure)
[6657.960s][info][gc,heap        ] GC(2373) PSYoungGen: 2578304K(2611712K)->176874K(2605568K) Eden: 2427392K(2427392K)->0K(2421248K) From: 150912K(184320K)->176874K(184320K)
[6657.960s][info][gc,heap        ] GC(2373) ParOldGen: 1630204K(2164736K)->1734627K(2164736K)
[6657.960s][info][gc,metaspace   ] GC(2373) Metaspace: 29091K(29376K)->29091K(29376K) NonClass: 25989K(26112K)->25989K(26112K) Class: 3102K(3264K)->3102K(3264K)
[6657.960s][info][gc             ] GC(2373) Pause Young (Allocation Failure) 4109M->1866M(4658M) 102.015ms
[6657.960s][info][gc,cpu         ] GC(2373) User=0.60s Sys=0.01s Real=0.10s
.[6659.253s][info][gc,start       ] GC(2374) Pause Young (Allocation Failure)
[6659.349s][info][gc,heap        ] GC(2374) PSYoungGen: 2598122K(2605568K)->158084K(2608640K) Eden: 2421248K(2421248K)->0K(2421248K) From: 176874K(184320K)->158084K(187392K)
[6659.349s][info][gc,heap        ] GC(2374) ParOldGen: 1734627K(2164736K)->1842451K(2164736K)
[6659.349s][info][gc,metaspace   ] GC(2374) Metaspace: 29091K(29376K)->29091K(29376K) NonClass: 25989K(26112K)->25989K(26112K) Class: 3102K(3264K)->3102K(3264K)
[6659.349s][info][gc             ] GC(2374) Pause Young (Allocation Failure) 4231M->1953M(4661M) 95.819ms
[6659.349s][info][gc,cpu         ] GC(2374) User=0.57s Sys=0.00s Real=0.09s
.[6660.687s][info][gc,start       ] GC(2375) Pause Young (Allocation Failure)
[6660.780s][info][gc,heap        ] GC(2375) PSYoungGen: 2579332K(2608640K)->160896K(2603520K) Eden: 2421248K(2421248K)->0K(2422272K) From: 158084K(187392K)->160896K(181248K)
[6660.780s][info][gc,heap        ] GC(2375) ParOldGen: 1842451K(2164736K)->1943035K(2164736K)
[6660.780s][info][gc,metaspace   ] GC(2375) Metaspace: 29091K(29376K)->29091K(29376K) NonClass: 25989K(26112K)->25989K(26112K) Class: 3102K(3264K)->3102K(3264K)
[6660.780s][info][gc             ] GC(2375) Pause Young (Allocation Failure) 4318M->2054M(4656M) 92.905ms
[6660.780s][info][gc,cpu         ] GC(2375) User=0.55s Sys=0.00s Real=0.09s
..[6662.101s][info][gc,start       ] GC(2376) Pause Young (Allocation Failure)
[6662.197s][info][gc,heap        ] GC(2376) PSYoungGen: 2583168K(2603520K)->157636K(2606592K) Eden: 2422272K(2422272K)->0K(2422272K) From: 160896K(181248K)->157636K(184320K)
[6662.197s][info][gc,heap        ] GC(2376) ParOldGen: 1943035K(2164736K)->2049331K(2164736K)
[6662.197s][info][gc,metaspace   ] GC(2376) Metaspace: 29091K(29376K)->29091K(29376K) NonClass: 25989K(26112K)->25989K(26112K) Class: 3102K(3264K)->3102K(3264K)
[6662.197s][info][gc             ] GC(2376) Pause Young (Allocation Failure) 4420M->2155M(4659M) 96.455ms
[6662.197s][info][gc,cpu         ] GC(2376) User=0.57s Sys=0.00s Real=0.10s
.[6663.501s][info][gc,start       ] GC(2377) Pause Young (Allocation Failure)
[6663.642s][info][gc,heap        ] GC(2377) PSYoungGen: 2579908K(2606592K)->162356K(2606592K) Eden: 2422272K(2422272K)->0K(2428416K) From: 157636K(184320K)->162356K(178176K)
[6663.642s][info][gc,heap        ] GC(2377) ParOldGen: 2049331K(2164736K)->2150283K(2164736K)
[6663.642s][info][gc,metaspace   ] GC(2377) Metaspace: 29091K(29376K)->29091K(29376K) NonClass: 25989K(26112K)->25989K(26112K) Class: 3102K(3264K)->3102K(3264K)
[6663.642s][info][gc             ] GC(2377) Pause Young (Allocation Failure) 4520M->2258M(4659M) 141.334ms
[6663.642s][info][gc,cpu         ] GC(2377) User=0.57s Sys=0.00s Real=0.15s
. (rIR:aIR:PR = 11070:11132:11130) (tPR = 163926) [OK] 
  6663s: Performance info:
         Transaction,    Success,    Partial,     Failed,   Receipts, AvgBarcode, 
             Overall,     669969,          0,          0,     636252,      59.48, 
         Response times:
             Request,    Success,    Partial,     Failed,   SkipFail,     Probes,    Samples,      min,      p50,      p90,      p95,      p99,      max, 
       TotalPurchase,     636005,          0,          0,          0,     316618,     488109,      300,    38000,   445000,   650000,  1200000,  1700000,
     InStorePurchase,     336046,          0,          0,          0,     165972,     256512,      300,    39000,   448000,   660000,  1200000,  1200000,
      OnlinePurchase,     232436,          0,          0,          0,     116715,     180078,      300,    38000,   448000,   660000,  1300000,  1300000,
        InstPurchase,      67523,          0,          0,          0,      33931,      51519,      400,    38000,   420000,   576000,   890000,  1700000,
          AssocOfCat,        667,          0,          0,          0,        499,        882,    28000,    96000,   484100,   588000,   796800,   940000,
      AssocOfProduct,       6705,          0,          0,          0,       3679,       5709,     1300,    37000,   460000,   660000,   910000,  1300000,
      BusinessReport,       1661,          0,          0,          0,       1321,       2169,    31000,   105000,   578000,   850000,  1000000,  1300000,
          CustBuyBeh,       6663,          0,          0,          0,       3580,       5583,      200,    39000,   457000,   618000,   910000,  1300000,
       ProductReturn,      17919,          0,          0,          0,       9329,      13865,      200,    36000,   427000,   584000,   800000,  1100000,

  6663s: (81%)   IR =  11208 .[6665.161s][info][gc,start       ] GC(2378) Pause Young (Allocation Failure)
[6665.259s][info][gc,heap        ] GC(2378) PSYoungGen: 2590772K(2606592K)->154373K(2609664K) Eden: 2428416K(2428416K)->0K(2428416K) From: 162356K(178176K)->154373K(181248K)
[6665.259s][info][gc,heap        ] GC(2378) ParOldGen: 2150283K(2164736K)->2255611K(2255872K)
[6665.259s][info][gc,metaspace   ] GC(2378) Metaspace: 29091K(29376K)->29091K(29376K) NonClass: 25989K(26112K)->25989K(26112K) Class: 3102K(3264K)->3102K(3264K)
[6665.259s][info][gc             ] GC(2378) Pause Young (Allocation Failure) 4629M->2353M(4751M) 98.597ms
[6665.259s][info][gc,cpu         ] GC(2378) User=0.55s Sys=0.03s Real=0.10s
.[6666.671s][info][gc,start       ] GC(2379) Pause Young (Allocation Failure)
[6666.776s][info][gc,heap        ] GC(2379) PSYoungGen: 2582789K(2609664K)->169433K(2613248K) Eden: 2428416K(2428416K)->0K(2432512K) From: 154373K(181248K)->169433K(180736K)
[6666.776s][info][gc,heap        ] GC(2379) ParOldGen: 2255611K(2255872K)->2360715K(2360832K)
[6666.776s][info][gc,metaspace   ] GC(2379) Metaspace: 29091K(29376K)->29091K(29376K) NonClass: 25989K(26112K)->25989K(26112K) Class: 3102K(3264K)->3102K(3264K)
[6666.776s][info][gc             ] GC(2379) Pause Young (Allocation Failure) 4725M->2470M(4857M) 104.805ms
[6666.776s][info][gc,cpu         ] GC(2379) User=0.59s Sys=0.03s Real=0.11s
..[6668.220s][info][gc,start       ] GC(2380) Pause Young (Allocation Failure)
[6668.315s][info][gc,heap        ] GC(2380) PSYoungGen: 2601945K(2613248K)->148960K(2581504K) Eden: 2432512K(2432512K)->0K(2432512K) From: 169433K(180736K)->148960K(148992K)
[6668.315s][info][gc,heap        ] GC(2380) ParOldGen: 2360715K(2360832K)->2463619K(2463744K)
[6668.315s][info][gc,metaspace   ] GC(2380) Metaspace: 29091K(29376K)->29091K(29376K) NonClass: 25989K(26112K)->25989K(26112K) Class: 3102K(3264K)->3102K(3264K)
[6668.315s][info][gc             ] GC(2380) Pause Young (Allocation Failure) 4846M->2551M(4927M) 95.000ms
[6668.315s][info][gc,cpu         ] GC(2380) User=0.53s Sys=0.04s Real=0.10s
.[6669.812s][info][gc,start       ] GC(2381) Pause Young (Allocation Failure)
[6669.919s][info][gc,heap        ] GC(2381) PSYoungGen: 2581472K(2581504K)->178873K(2604544K) Eden: 2432512K(2432512K)->0K(2422272K) From: 148960K(148992K)->178873K(182272K)
[6669.919s][info][gc,heap        ] GC(2381) ParOldGen: 2463619K(2463744K)->2566675K(2567168K)
[6669.919s][info][gc,metaspace   ] GC(2381) Metaspace: 29091K(29376K)->29091K(29376K) NonClass: 25989K(26112K)->25989K(26112K) Class: 3102K(3264K)->3102K(3264K)
[6669.919s][info][gc             ] GC(2381) Pause Young (Allocation Failure) 4926M->2681M(5050M) 106.910ms
[6669.919s][info][gc,cpu         ] GC(2381) User=0.59s Sys=0.04s Real=0.10s
..[6671.302s][info][gc,start       ] GC(2382) Pause Young (Allocation Failure)
[6671.405s][info][gc,heap        ] GC(2382) PSYoungGen: 2601145K(2604544K)->168928K(2609152K) Eden: 2422272K(2422272K)->0K(2422272K) From: 178873K(182272K)->168928K(186880K)
[6671.405s][info][gc,heap        ] GC(2382) ParOldGen: 2566675K(2567168K)->2669747K(2670080K)
[6671.405s][info][gc,metaspace   ] GC(2382) Metaspace: 29091K(29376K)->29091K(29376K) NonClass: 25989K(26112K)->25989K(26112K) Class: 3102K(3264K)->3102K(3264K)
[6671.405s][info][gc             ] GC(2382) Pause Young (Allocation Failure) 5046M->2772M(5155M) 103.140ms
[6671.405s][info][gc,cpu         ] GC(2382) User=0.57s Sys=0.04s Real=0.10s
.[6672.797s][info][gc,start       ] GC(2383) Pause Young (Allocation Failure)
[6672.908s][info][gc,heap        ] GC(2383) PSYoungGen: 2591200K(2609152K)->183369K(2599424K) Eden: 2422272K(2422272K)->0K(2413056K) From: 168928K(186880K)->183369K(186368K)
[6672.908s][info][gc,heap        ] GC(2383) ParOldGen: 2669747K(2670080K)->2775371K(2775552K)
[6672.908s][info][gc,metaspace   ] GC(2383) Metaspace: 29091K(29376K)->29091K(29376K) NonClass: 25989K(26112K)->25989K(26112K) Class: 3102K(3264K)->3102K(3264K)
[6672.908s][info][gc             ] GC(2383) Pause Young (Allocation Failure) 5137M->2889M(5249M) 110.389ms
[6672.908s][info][gc,cpu         ] GC(2383) User=0.62s Sys=0.04s Real=0.11s
.[6674.327s][info][gc,start       ] GC(2384) Pause Young (Allocation Failure)
[6674.430s][info][gc,heap        ] GC(2384) PSYoungGen: 2596425K(2599424K)->161304K(2604544K) Eden: 2413056K(2413056K)->0K(2413056K) From: 183369K(186368K)->161304K(191488K)
[6674.430s][info][gc,heap        ] GC(2384) ParOldGen: 2775371K(2775552K)->2881691K(2882048K)
[6674.430s][info][gc,metaspace   ] GC(2384) Metaspace: 29091K(29376K)->29091K(29376K) NonClass: 25989K(26112K)->25989K(26112K) Class: 3102K(3264K)->3102K(3264K)
[6674.430s][info][gc             ] GC(2384) Pause Young (Allocation Failure) 5245M->2971M(5358M) 102.916ms
[6674.430s][info][gc,cpu         ] GC(2384) User=0.56s Sys=0.04s Real=0.10s
..[6675.889s][info][gc,start       ] GC(2385) Pause Young (Allocation Failure)
[6675.992s][info][gc,heap        ] GC(2385) PSYoungGen: 2574360K(2604544K)->168136K(2599936K) Eden: 2413056K(2413056K)->0K(2414592K) From: 161304K(191488K)->168136K(185344K)
[6675.992s][info][gc,heap        ] GC(2385) ParOldGen: 2881691K(2882048K)->2982923K(2983424K)
[6675.992s][info][gc,metaspace   ] GC(2385) Metaspace: 29091K(29376K)->29091K(29376K) NonClass: 25989K(26112K)->25989K(26112K) Class: 3102K(3264K)->3102K(3264K)
[6675.992s][info][gc             ] GC(2385) Pause Young (Allocation Failure) 5328M->3077M(5452M) 102.927ms
[6675.992s][info][gc,cpu         ] GC(2385) User=0.58s Sys=0.03s Real=0.11s
.[6677.336s][info][gc,start       ] GC(2386) Pause Young (Allocation Failure)
[6677.441s][info][gc,heap        ] GC(2386) PSYoungGen: 2582728K(2599936K)->170084K(2603008K) Eden: 2414592K(2414592K)->0K(2414592K) From: 168136K(185344K)->170084K(188416K)
[6677.441s][info][gc,heap        ] GC(2386) ParOldGen: 2982923K(2983424K)->3087803K(3087872K)
[6677.441s][info][gc,metaspace   ] GC(2386) Metaspace: 29091K(29376K)->29091K(29376K) NonClass: 25989K(26112K)->25989K(26112K) Class: 3102K(3264K)->3102K(3264K)
[6677.441s][info][gc             ] GC(2386) Pause Young (Allocation Failure) 5435M->3181M(5557M) 104.865ms
[6677.441s][info][gc,cpu         ] GC(2386) User=0.59s Sys=0.02s Real=0.10s
..[6678.865s][info][gc,start       ] GC(2387) Pause Young (Allocation Failure)
[6678.964s][info][gc,heap        ] GC(2387) PSYoungGen: 2584676K(2603008K)->164672K(2603008K) Eden: 2414592K(2414592K)->0K(2419712K) From: 170084K(188416K)->164672K(183296K)
[6678.964s][info][gc,heap        ] GC(2387) ParOldGen: 3087803K(3087872K)->3189459K(3189760K)
[6678.964s][info][gc,metaspace   ] GC(2387) Metaspace: 29091K(29376K)->29091K(29376K) NonClass: 25989K(26112K)->25989K(26112K) Class: 3102K(3264K)->3102K(3264K)
[6678.964s][info][gc             ] GC(2387) Pause Young (Allocation Failure) 5539M->3275M(5657M) 99.400ms
[6678.964s][info][gc,cpu         ] GC(2387) User=0.56s Sys=0.03s Real=0.10s
.[6680.374s][info][gc,start       ] GC(2388) Pause Young (Allocation Failure)
[6680.475s][info][gc,heap        ] GC(2388) PSYoungGen: 2584384K(2603008K)->158912K(2605568K) Eden: 2419712K(2419712K)->0K(2419712K) From: 164672K(183296K)->158912K(185856K)
[6680.475s][info][gc,heap        ] GC(2388) ParOldGen: 3189459K(3189760K)->3296827K(3297280K)
[6680.475s][info][gc,metaspace   ] GC(2388) Metaspace: 29091K(29376K)->29091K(29376K) NonClass: 25989K(26112K)->25989K(26112K) Class: 3102K(3264K)->3102K(3264K)
[6680.475s][info][gc             ] GC(2388) Pause Young (Allocation Failure) 5638M->3374M(5764M) 100.548ms
[6680.475s][info][gc,cpu         ] GC(2388) User=0.55s Sys=0.04s Real=0.10s
..[6681.883s][info][gc,start       ] GC(2389) Pause Young (Allocation Failure)
[6681.985s][info][gc,heap        ] GC(2389) PSYoungGen: 2578624K(2605568K)->164164K(2606080K) Eden: 2419712K(2419712K)->0K(2425344K) From: 158912K(185856K)->164164K(180736K)
[6681.985s][info][gc,heap        ] GC(2389) ParOldGen: 3296827K(3297280K)->3399931K(3400192K)
[6681.985s][info][gc,metaspace   ] GC(2389) Metaspace: 29091K(29376K)->29091K(29376K) NonClass: 25989K(26112K)->25989K(26112K) Class: 3102K(3264K)->3102K(3264K)
[6681.985s][info][gc             ] GC(2389) Pause Young (Allocation Failure) 5737M->3480M(5865M) 101.961ms
[6681.985s][info][gc,cpu         ] GC(2389) User=0.57s Sys=0.02s Real=0.10s
.[6683.543s][info][gc,start       ] GC(2390) Pause Young (Allocation Failure)
[6683.648s][info][gc,heap        ] GC(2390) PSYoungGen: 2589508K(2606080K)->175913K(2608640K) Eden: 2425344K(2425344K)->0K(2425344K) From: 164164K(180736K)->175913K(183296K)
[6683.648s][info][gc,heap        ] GC(2390) ParOldGen: 3399931K(3400192K)->3500283K(3500544K)
[6683.648s][info][gc,metaspace   ] GC(2390) Metaspace: 29091K(29376K)->29091K(29376K) NonClass: 25989K(26112K)->25989K(26112K) Class: 3102K(3264K)->3102K(3264K)
[6683.648s][info][gc             ] GC(2390) Pause Young (Allocation Failure) 5849M->3590M(5966M) 105.044ms
[6683.648s][info][gc,cpu         ] GC(2390) User=0.59s Sys=0.03s Real=0.10s
..[6685.025s][info][gc,start       ] GC(2391) Pause Young (Allocation Failure)
[6685.122s][info][gc,heap        ] GC(2391) PSYoungGen: 2601257K(2608640K)->147529K(2607616K) Eden: 2425344K(2425344K)->0K(2422272K) From: 175913K(183296K)->147529K(185344K)
[6685.122s][info][gc,heap        ] GC(2391) ParOldGen: 3500283K(3500544K)->3610155K(3610624K)
[6685.122s][info][gc,metaspace   ] GC(2391) Metaspace: 29091K(29376K)->29091K(29376K) NonClass: 25989K(26112K)->25989K(26112K) Class: 3102K(3264K)->3102K(3264K)
[6685.122s][info][gc             ] GC(2391) Pause Young (Allocation Failure) 5958M->3669M(6072M) 97.250ms
[6685.122s][info][gc,cpu         ] GC(2391) User=0.54s Sys=0.04s Real=0.10s
.[6686.597s][info][gc,start       ] GC(2392) Pause Young (Allocation Failure)
[6686.694s][info][gc,heap        ] GC(2392) PSYoungGen: 2569801K(2607616K)->157920K(2609152K) Eden: 2422272K(2422272K)->0K(2422272K) From: 147529K(185344K)->157920K(186880K)
[6686.694s][info][gc,heap        ] GC(2392) ParOldGen: 3610155K(3610624K)->3708147K(3708416K)
[6686.694s][info][gc,metaspace   ] GC(2392) Metaspace: 29091K(29376K)->29091K(29376K) NonClass: 25989K(26112K)->25989K(26112K) Class: 3102K(3264K)->3102K(3264K)
[6686.694s][info][gc             ] GC(2392) Pause Young (Allocation Failure) 6035M->3775M(6169M) 97.089ms
[6686.695s][info][gc,cpu         ] GC(2392) User=0.54s Sys=0.03s Real=0.10s
..[6688.142s][info][gc,start       ] GC(2393) Pause Young (Allocation Failure)
[6688.239s][info][gc,heap        ] GC(2393) PSYoungGen: 2580192K(2609152K)->148864K(2608640K) Eden: 2422272K(2422272K)->0K(2423296K) From: 157920K(186880K)->148864K(185344K)
[6688.239s][info][gc,heap        ] GC(2393) ParOldGen: 3708147K(3708416K)->3816219K(3816448K)
[6688.239s][info][gc,metaspace   ] GC(2393) Metaspace: 29091K(29376K)->29091K(29376K) NonClass: 25989K(26112K)->25989K(26112K) Class: 3102K(3264K)->3102K(3264K)
[6688.239s][info][gc             ] GC(2393) Pause Young (Allocation Failure) 6140M->3872M(6274M) 97.021ms
[6688.239s][info][gc,cpu         ] GC(2393) User=0.54s Sys=0.03s Real=0.09s
.[6689.647s][info][gc,start       ] GC(2394) Pause Young (Allocation Failure)
[6689.750s][info][gc,heap        ] GC(2394) PSYoungGen: 2572160K(2608640K)->164787K(2609152K) Eden: 2423296K(2423296K)->0K(2423296K) From: 148864K(185344K)->164787K(185856K)
[6689.750s][info][gc,heap        ] GC(2394) ParOldGen: 3816219K(3816448K)->3916283K(3916288K)
[6689.750s][info][gc,metaspace   ] GC(2394) Metaspace: 29091K(29376K)->29091K(29376K) NonClass: 25989K(26112K)->25989K(26112K) Class: 3102K(3264K)->3102K(3264K)
[6689.750s][info][gc             ] GC(2394) Pause Young (Allocation Failure) 6238M->3985M(6372M) 102.908ms
[6689.750s][info][gc,cpu         ] GC(2394) User=0.57s Sys=0.03s Real=0.10s
..[6691.186s][info][gc,start       ] GC(2395) Pause Young (Allocation Failure)
[6691.289s][info][gc,heap        ] GC(2395) PSYoungGen: 2588083K(2609152K)->161072K(2608128K) Eden: 2423296K(2423296K)->0K(2425856K) From: 164787K(185856K)->161072K(182272K)
[6691.289s][info][gc,heap        ] GC(2395) ParOldGen: 3916283K(3916288K)->4022043K(4022272K)
[6691.289s][info][gc,metaspace   ] GC(2395) Metaspace: 29091K(29376K)->29091K(29376K) NonClass: 25989K(26112K)->25989K(26112K) Class: 3102K(3264K)->3102K(3264K)
[6691.289s][info][gc             ] GC(2395) Pause Young (Allocation Failure) 6351M->4085M(6475M) 103.013ms
[6691.289s][info][gc,cpu         ] GC(2395) User=0.57s Sys=0.03s Real=0.10s
.[6692.686s][info][gc,start       ] GC(2396) Pause Young (Allocation Failure)
[6692.785s][info][gc,heap        ] GC(2396) PSYoungGen: 2586928K(2608128K)->154304K(2608640K) Eden: 2425856K(2425856K)->0K(2425856K) From: 161072K(182272K)->154304K(182784K)
[6692.785s][info][gc,heap        ] GC(2396) ParOldGen: 4022043K(4022272K)->4127931K(4128256K)
[6692.785s][info][gc,metaspace   ] GC(2396) Metaspace: 29091K(29376K)->29091K(29376K) NonClass: 25989K(26112K)->25989K(26112K) Class: 3102K(3264K)->3102K(3264K)
[6692.785s][info][gc             ] GC(2396) Pause Young (Allocation Failure) 6454M->4181M(6579M) 98.815ms
[6692.785s][info][gc,cpu         ] GC(2396) User=0.55s Sys=0.02s Real=0.10s
.. (rIR:aIR:PR = 11208:11054:11035) (tPR = 161845) [IR is under limit] [PR is under limit] 
  6694s: Performance info:
         Transaction,    Success,    Partial,     Failed,   Receipts, AvgBarcode, 
             Overall,     231876,          0,          0,     219903,      59.47, 
         Response times:
             Request,    Success,    Partial,     Failed,   SkipFail,     Probes,    Samples,      min,      p50,      p90,      p95,      p99,      max, 
       TotalPurchase,     219250,          0,          0,          0,     121140,     177431,      300,    16600,    96000,   125000,   192000,   307000,
     InStorePurchase,     115956,          0,          0,          0,      63735,      93475,      300,    16100,    97000,   124000,   196000,   307000,
      OnlinePurchase,      80034,          0,          0,          0,      44615,      65416,      300,    17200,    96000,   126000,   192000,   307000,
        InstPurchase,      23260,          0,          0,          0,      12790,      18540,      400,    16800,    96000,   126000,   175000,   278000,
          AssocOfCat,        238,          0,          0,          0,        210,        345,    28000,    62000,   136600,   170700,   221940,   249000,
      AssocOfProduct,       2306,          0,          0,          0,       1380,       2078,      500,    17350,    94000,   114000,   176210,   288000,
      BusinessReport,        587,          0,          0,          0,        515,        803,    33000,    75000,   166600,   199000,   271000,   308000,
          CustBuyBeh,       2387,          0,          0,          0,       1378,       2105,      300,    19500,   102000,   127000,   187700,   288000,
       ProductReturn,       6411,          0,          0,          0,       3507,       5086,      200,    16800,    97000,   121000,   176000,   278000,

  6694s: 
  6694s: Failed, 8 overall retries left, retrying 1 of 1
  6694s: (81%)   IR =  11208 [6694.336s][info][gc,start       ] GC(2397) Pause Young (Allocation Failure)
[6694.434s][info][gc,heap        ] GC(2397) PSYoungGen: 2580160K(2608640K)->161408K(2609664K) Eden: 2425856K(2425856K)->0K(2431488K) From: 154304K(182784K)->161408K(178176K)
[6694.434s][info][gc,heap        ] GC(2397) ParOldGen: 4127931K(4128256K)->4226155K(4226560K)
[6694.434s][info][gc,metaspace   ] GC(2397) Metaspace: 29091K(29376K)->29091K(29376K) NonClass: 25989K(26112K)->25989K(26112K) Class: 3102K(3264K)->3102K(3264K)
[6694.434s][info][gc             ] GC(2397) Pause Young (Allocation Failure) 6550M->4284M(6676M) 98.669ms
[6694.434s][info][gc,cpu         ] GC(2397) User=0.54s Sys=0.04s Real=0.10s
.[6695.849s][info][gc,start       ] GC(2398) Pause Young (Allocation Failure)
[6695.950s][info][gc,heap        ] GC(2398) PSYoungGen: 2592896K(2609664K)->155904K(2611200K) Eden: 2431488K(2431488K)->0K(2431488K) From: 161408K(178176K)->155904K(179712K)
[6695.950s][info][gc,heap        ] GC(2398) ParOldGen: 4226155K(4226560K)->4334275K(4334592K)
[6695.950s][info][gc,metaspace   ] GC(2398) Metaspace: 29091K(29376K)->29091K(29376K) NonClass: 25989K(26112K)->25989K(26112K) Class: 3102K(3264K)->3102K(3264K)
[6695.950s][info][gc             ] GC(2398) Pause Young (Allocation Failure) 6659M->4384M(6783M) 100.924ms
[6695.950s][info][gc,cpu         ] GC(2398) User=0.57s Sys=0.03s Real=0.10s
..[6697.363s][info][gc,start       ] GC(2399) Pause Young (Allocation Failure)
[6697.467s][info][gc,heap        ] GC(2399) PSYoungGen: 2587392K(2611200K)->166036K(2615808K) Eden: 2431488K(2431488K)->0K(2437120K) From: 155904K(179712K)->166036K(178688K)
[6697.467s][info][gc,heap        ] GC(2399) ParOldGen: 4334275K(4334592K)->4434811K(4434944K)
[6697.467s][info][gc,metaspace   ] GC(2399) Metaspace: 29091K(29376K)->29091K(29376K) NonClass: 25989K(26112K)->25989K(26112K) Class: 3102K(3264K)->3102K(3264K)
[6697.467s][info][gc             ] GC(2399) Pause Young (Allocation Failure) 6759M->4493M(6885M) 104.381ms
[6697.467s][info][gc,cpu         ] GC(2399) User=0.58s Sys=0.03s Real=0.10s
.[6698.829s][info][gc,start       ] GC(2400) Pause Young (Allocation Failure)
[6698.939s][info][gc,heap        ] GC(2400) PSYoungGen: 2603156K(2615808K)->178187K(2615808K) Eden: 2437120K(2437120K)->0K(2437120K) From: 166036K(178688K)->178187K(178688K)
[6698.939s][info][gc,heap        ] GC(2400) ParOldGen: 4434811K(4434944K)->4540635K(4540928K)
[6698.939s][info][gc,metaspace   ] GC(2400) Metaspace: 29091K(29376K)->29091K(29376K) NonClass: 25989K(26112K)->25989K(26112K) Class: 3102K(3264K)->3102K(3264K)
[6698.939s][info][gc             ] GC(2400) Pause Young (Allocation Failure) 6873M->4608M(6989M) 110.193ms
[6698.939s][info][gc,cpu         ] GC(2400) User=0.61s Sys=0.03s Real=0.11s
.[6700.314s][info][gc,start       ] GC(2401) Pause Young (Allocation Failure)
[6700.417s][info][gc,heap        ] GC(2401) PSYoungGen: 2615307K(2615808K)->164725K(2611712K) Eden: 2437120K(2437120K)->0K(2431488K) From: 178187K(178688K)->164725K(180224K)
[6700.417s][info][gc,heap        ] GC(2401) ParOldGen: 4540635K(4540928K)->4645915K(4646400K)
[6700.417s][info][gc,metaspace   ] GC(2401) Metaspace: 29091K(29376K)->29091K(29376K) NonClass: 25989K(26112K)->25989K(26112K) Class: 3102K(3264K)->3102K(3264K)
[6700.417s][info][gc             ] GC(2401) Pause Young (Allocation Failure) 6988M->4697M(7088M) 103.449ms
[6700.417s][info][gc,cpu         ] GC(2401) User=0.58s Sys=0.04s Real=0.10s
..[6701.854s][info][gc,start       ] GC(2402) Pause Young (Allocation Failure)
[6701.962s][info][gc,heap        ] GC(2402) PSYoungGen: 2596213K(2611712K)->173754K(2605568K) Eden: 2431488K(2431488K)->0K(2431488K) From: 164725K(180224K)->173754K(174080K)
[6701.962s][info][gc,heap        ] GC(2402) ParOldGen: 4645915K(4646400K)->4748523K(4748800K)
[6701.962s][info][gc,metaspace   ] GC(2402) Metaspace: 29091K(29376K)->29091K(29376K) NonClass: 25989K(26112K)->25989K(26112K) Class: 3102K(3264K)->3102K(3264K)
[6701.962s][info][gc             ] GC(2402) Pause Young (Allocation Failure) 7072M->4806M(7182M) 108.075ms
[6701.962s][info][gc,cpu         ] GC(2402) User=0.62s Sys=0.02s Real=0.11s
.[6703.420s][info][gc,start       ] GC(2403) Pause Young (Allocation Failure)
[6703.520s][info][gc,heap        ] GC(2403) PSYoungGen: 2605242K(2605568K)->156880K(2612736K) Eden: 2431488K(2431488K)->0K(2428416K) From: 173754K(174080K)->156880K(184320K)
[6703.520s][info][gc,heap        ] GC(2403) ParOldGen: 4748523K(4748800K)->4854275K(4854784K)
[6703.520s][info][gc,metaspace   ] GC(2403) Metaspace: 29091K(29376K)->29091K(29376K) NonClass: 25989K(26112K)->25989K(26112K) Class: 3102K(3264K)->3102K(3264K)
[6703.520s][info][gc             ] GC(2403) Pause Young (Allocation Failure) 7181M->4893M(7292M) 100.180ms
[6703.520s][info][gc,cpu         ] GC(2403) User=0.57s Sys=0.02s Real=0.10s
..[6704.911s][info][gc,start       ] GC(2404) Pause Young (Allocation Failure)
[6705.015s][info][gc,heap        ] GC(2404) PSYoungGen: 2585296K(2612736K)->167972K(2611712K) Eden: 2428416K(2428416K)->0K(2428416K) From: 156880K(184320K)->167972K(183296K)
[6705.015s][info][gc,heap        ] GC(2404) ParOldGen: 4854275K(4854784K)->4956987K(4957184K)
[6705.015s][info][gc,metaspace   ] GC(2404) Metaspace: 29091K(29376K)->29091K(29376K) NonClass: 25989K(26112K)->25989K(26112K) Class: 3102K(3264K)->3102K(3264K)
[6705.015s][info][gc             ] GC(2404) Pause Young (Allocation Failure) 7265M->5004M(7391M) 104.251ms
[6705.015s][info][gc,cpu         ] GC(2404) User=0.58s Sys=0.04s Real=0.11s
.[6706.477s][info][gc,start       ] GC(2405) Pause Young (Allocation Failure)
[6706.582s][info][gc,heap        ] GC(2405) PSYoungGen: 2596388K(2611712K)->165444K(2610688K) Eden: 2428416K(2428416K)->0K(2429440K) From: 167972K(183296K)->165444K(181248K)
[6706.582s][info][gc,heap        ] GC(2405) ParOldGen: 4956987K(4957184K)->5062275K(5062656K)
[6706.582s][info][gc,metaspace   ] GC(2405) Metaspace: 29091K(29376K)->29091K(29376K) NonClass: 25989K(26112K)->25989K(26112K) Class: 3102K(3264K)->3102K(3264K)
[6706.582s][info][gc             ] GC(2405) Pause Young (Allocation Failure) 7376M->5105M(7493M) 104.949ms
[6706.582s][info][gc,cpu         ] GC(2405) User=0.58s Sys=0.03s Real=0.11s
..[6708.013s][info][gc,start       ] GC(2406) Pause Young (Allocation Failure)
[6708.113s][info][gc,heap        ] GC(2406) PSYoungGen: 2594884K(2610688K)->151972K(2611200K) Eden: 2429440K(2429440K)->0K(2429440K) From: 165444K(181248K)->151972K(181760K)
[6708.113s][info][gc,heap        ] GC(2406) ParOldGen: 5062275K(5062656K)->5162435K(5162496K)
[6708.113s][info][gc,metaspace   ] GC(2406) Metaspace: 29091K(29376K)->29091K(29376K) NonClass: 25989K(26112K)->25989K(26112K) Class: 3102K(3264K)->3102K(3264K)
[6708.113s][info][gc             ] GC(2406) Pause Young (Allocation Failure) 7477M->5189M(7591M) 99.826ms
[6708.113s][info][gc,cpu         ] GC(2406) User=0.55s Sys=0.03s Real=0.10s
.[6709.587s][info][gc,start       ] GC(2407) Pause Young (Allocation Failure)
[6709.693s][info][gc,heap        ] GC(2407) PSYoungGen: 2581412K(2611200K)->162640K(2610688K) Eden: 2429440K(2429440K)->0K(2432000K) From: 151972K(181760K)->162640K(178688K)
[6709.693s][info][gc,heap        ] GC(2407) ParOldGen: 5162435K(5162496K)->5270235K(5270528K)
[6709.693s][info][gc,metaspace   ] GC(2407) Metaspace: 29091K(29376K)->29091K(29376K) NonClass: 25989K(26112K)->25989K(26112K) Class: 3102K(3264K)->3102K(3264K)
[6709.693s][info][gc             ] GC(2407) Pause Young (Allocation Failure) 7562M->5305M(7696M) 105.749ms
[6709.693s][info][gc,cpu         ] GC(2407) User=0.60s Sys=0.03s Real=0.11s
..[6711.019s][info][gc,start       ] GC(2408) Pause Young (Allocation Failure)
[6711.123s][info][gc,heap        ] GC(2408) PSYoungGen: 2594640K(2610688K)->163125K(2612224K) Eden: 2432000K(2432000K)->0K(2432000K) From: 162640K(178688K)->163125K(180224K)
[6711.123s][info][gc,heap        ] GC(2408) ParOldGen: 5270235K(5270528K)->5372323K(5372416K)
[6711.123s][info][gc,metaspace   ] GC(2408) Metaspace: 29091K(29376K)->29091K(29376K) NonClass: 25989K(26112K)->25989K(26112K) Class: 3102K(3264K)->3102K(3264K)
[6711.123s][info][gc             ] GC(2408) Pause Young (Allocation Failure) 7680M->5405M(7797M) 103.951ms
[6711.123s][info][gc,cpu         ] GC(2408) User=0.58s Sys=0.03s Real=0.11s
.[6712.475s][info][gc,start       ] GC(2409) Pause Young (Allocation Failure)
[6712.578s][info][gc,heap        ] GC(2409) PSYoungGen: 2595125K(2612224K)->157472K(2614784K) Eden: 2432000K(2432000K)->0K(2437120K) From: 163125K(180224K)->157472K(177664K)
[6712.578s][info][gc,heap        ] GC(2409) ParOldGen: 5372323K(5372416K)->5474627K(5474816K)
[6712.578s][info][gc,metaspace   ] GC(2409) Metaspace: 29091K(29376K)->29091K(29376K) NonClass: 25989K(26112K)->25989K(26112K) Class: 3102K(3264K)->3102K(3264K)
[6712.578s][info][gc             ] GC(2409) Pause Young (Allocation Failure) 7780M->5500M(7900M) 102.756ms
[6712.578s][info][gc,cpu         ] GC(2409) User=0.55s Sys=0.04s Real=0.10s
.|.[6713.984s][info][gc,start       ] GC(2410) Pause Young (Allocation Failure)
[6714.090s][info][gc,heap        ] GC(2410) PSYoungGen: 2594592K(2614784K)->162111K(2615296K) Eden: 2437120K(2437120K)->0K(2437120K) From: 157472K(177664K)->162111K(178176K)
[6714.090s][info][gc,heap        ] GC(2410) ParOldGen: 5474627K(5474816K)->5581347K(5581824K)
[6714.090s][info][gc,metaspace   ] GC(2410) Metaspace: 29091K(29376K)->29091K(29376K) NonClass: 25989K(26112K)->25989K(26112K) Class: 3102K(3264K)->3102K(3264K)
[6714.090s][info][gc             ] GC(2410) Pause Young (Allocation Failure) 7880M->5608M(8005M) 105.903ms
[6714.090s][info][gc,cpu         ] GC(2410) User=0.60s Sys=0.03s Real=0.10s
.[6715.549s][info][gc,start       ] GC(2411) Pause Full (Allocation Failure)
[6715.549s][info][gc,phases,start] GC(2411) Marking Phase
[6715.872s][info][gc,phases      ] GC(2411) Marking Phase 323.428ms
[6715.872s][info][gc,phases,start] GC(2411) Summary Phase
[6715.872s][info][gc,phases      ] GC(2411) Summary Phase 0.106ms
[6715.873s][info][gc,phases,start] GC(2411) Forward
[6716.002s][info][gc,phases      ] GC(2411) Forward 128.809ms
[6716.002s][info][gc,phases,start] GC(2411) Adjust Pointers
[6716.220s][info][gc,phases      ] GC(2411) Adjust Pointers 218.655ms
[6716.221s][info][gc,phases,start] GC(2411) Compaction Phase
[6716.372s][info][gc,phases      ] GC(2411) Compaction Phase 151.216ms
[6716.373s][info][gc,phases,start] GC(2411) Post Compact
[6716.380s][info][gc,phases      ] GC(2411) Post Compact 7.005ms
[6716.502s][info][gc,heap        ] GC(2411) PSYoungGen: 2599231K(2615296K)->0K(2616832K) Eden: 2437120K(2437120K)->0K(2440192K) From: 162111K(178176K)->0K(176640K)
[6716.502s][info][gc,heap        ] GC(2411) ParOldGen: 5581347K(5581824K)->1640253K(2191360K)
[6716.502s][info][gc,metaspace   ] GC(2411) Metaspace: 29091K(29376K)->29091K(29376K) NonClass: 25989K(26112K)->25989K(26112K) Class: 3102K(3264K)->3102K(3264K)
[6716.502s][info][gc             ] GC(2411) Pause Full (Allocation Failure) 7988M->1601M(4695M) 953.037ms
[6716.502s][info][gc,cpu         ] GC(2411) User=4.50s Sys=0.13s Real=0.96s
..[6717.788s][info][gc,start       ] GC(2412) Pause Young (Allocation Failure)
[6717.858s][info][gc,heap        ] GC(2412) PSYoungGen: 2440192K(2616832K)->168480K(2616832K) Eden: 2440192K(2440192K)->0K(2440192K) From: 0K(176640K)->168480K(176640K)
[6717.858s][info][gc,heap        ] GC(2412) ParOldGen: 1640253K(2191360K)->1640253K(2191360K)
[6717.858s][info][gc,metaspace   ] GC(2412) Metaspace: 29091K(29376K)->29091K(29376K) NonClass: 25989K(26112K)->25989K(26112K) Class: 3102K(3264K)->3102K(3264K)
[6717.858s][info][gc             ] GC(2412) Pause Young (Allocation Failure) 3984M->1766M(4695M) 69.782ms
[6717.858s][info][gc,cpu         ] GC(2412) User=0.41s Sys=0.00s Real=0.07s
.[6719.194s][info][gc,start       ] GC(2413) Pause Young (Allocation Failure)
[6719.291s][info][gc,heap        ] GC(2413) PSYoungGen: 2608672K(2616832K)->158528K(2618368K) Eden: 2440192K(2440192K)->0K(2441728K) From: 168480K(176640K)->158528K(176640K)
[6719.291s][info][gc,heap        ] GC(2413) ParOldGen: 1640253K(2191360K)->1750709K(2191360K)
[6719.291s][info][gc,metaspace   ] GC(2413) Metaspace: 29091K(29376K)->29091K(29376K) NonClass: 25989K(26112K)->25989K(26112K) Class: 3102K(3264K)->3102K(3264K)
[6719.291s][info][gc             ] GC(2413) Pause Young (Allocation Failure) 4149M->1864M(4697M) 96.647ms
[6719.291s][info][gc,cpu         ] GC(2413) User=0.57s Sys=0.00s Real=0.09s
.[6720.678s][info][gc,start       ] GC(2414) Pause Young (Allocation Failure)
[6720.771s][info][gc,heap        ] GC(2414) PSYoungGen: 2600256K(2618368K)->148992K(2618368K) Eden: 2441728K(2441728K)->0K(2441728K) From: 158528K(176640K)->148992K(176640K)
[6720.771s][info][gc,heap        ] GC(2414) ParOldGen: 1750709K(2191360K)->1854197K(2191360K)
[6720.771s][info][gc,metaspace   ] GC(2414) Metaspace: 29091K(29376K)->29091K(29376K) NonClass: 25989K(26112K)->25989K(26112K) Class: 3102K(3264K)->3102K(3264K)
[6720.771s][info][gc             ] GC(2414) Pause Young (Allocation Failure) 4248M->1956M(4697M) 92.584ms
[6720.771s][info][gc,cpu         ] GC(2414) User=0.55s Sys=0.00s Real=0.09s
.[6722.002s][info][gc,start       ] GC(2415) Pause Young (Allocation Failure)
[6722.094s][info][gc,heap        ] GC(2415) PSYoungGen: 2590720K(2618368K)->155328K(2618880K) Eden: 2441728K(2441728K)->0K(2441216K) From: 148992K(176640K)->155328K(177664K)
[6722.094s][info][gc,heap        ] GC(2415) ParOldGen: 1854197K(2191360K)->1953773K(2191360K)
[6722.094s][info][gc,metaspace   ] GC(2415) Metaspace: 29091K(29376K)->29091K(29376K) NonClass: 25989K(26112K)->25989K(26112K) Class: 3102K(3264K)->3102K(3264K)
[6722.094s][info][gc             ] GC(2415) Pause Young (Allocation Failure) 4340M->2059M(4697M) 92.072ms
[6722.094s][info][gc,cpu         ] GC(2415) User=0.55s Sys=0.00s Real=0.09s
..[6723.482s][info][gc,start       ] GC(2416) Pause Young (Allocation Failure)
[6723.630s][info][gc,heap        ] GC(2416) PSYoungGen: 2596544K(2618880K)->166144K(2618368K) Eden: 2441216K(2441216K)->0K(2441216K) From: 155328K(177664K)->166144K(177152K)
[6723.630s][info][gc,heap        ] GC(2416) ParOldGen: 1953773K(2191360K)->2063669K(2191360K)
[6723.630s][info][gc,metaspace   ] GC(2416) Metaspace: 29091K(29376K)->29091K(29376K) NonClass: 25989K(26112K)->25989K(26112K) Class: 3102K(3264K)->3102K(3264K)
[6723.630s][info][gc             ] GC(2416) Pause Young (Allocation Failure) 4443M->2177M(4697M) 148.401ms
[6723.630s][info][gc,cpu         ] GC(2416) User=0.60s Sys=0.00s Real=0.15s
.[6724.920s][info][gc,start       ] GC(2417) Pause Young (Allocation Failure)
[6725.020s][info][gc,heap        ] GC(2417) PSYoungGen: 2607360K(2618368K)->176340K(2611200K) Eden: 2441216K(2441216K)->0K(2433536K) From: 166144K(177152K)->176340K(177664K)
[6725.020s][info][gc,heap        ] GC(2417) ParOldGen: 2063669K(2191360K)->2162917K(2191360K)
[6725.020s][info][gc,metaspace   ] GC(2417) Metaspace: 29091K(29376K)->29091K(29376K) NonClass: 25989K(26112K)->25989K(26112K) Class: 3102K(3264K)->3102K(3264K)
[6725.020s][info][gc             ] GC(2417) Pause Young (Allocation Failure) 4561M->2284M(4690M) 99.855ms
[6725.020s][info][gc,cpu         ] GC(2417) User=0.59s Sys=0.01s Real=0.10s
.[6726.325s][info][gc,start       ] GC(2418) Pause Young (Allocation Failure)
[6726.428s][info][gc,heap        ] GC(2418) PSYoungGen: 2609876K(2611200K)->167667K(2614784K) Eden: 2433536K(2433536K)->0K(2433536K) From: 176340K(177664K)->167667K(181248K)
[6726.428s][info][gc,heap        ] GC(2418) ParOldGen: 2162917K(2191360K)->2270109K(2270208K)
[6726.428s][info][gc,metaspace   ] GC(2418) Metaspace: 29091K(29376K)->29091K(29376K) NonClass: 25989K(26112K)->25989K(26112K) Class: 3102K(3264K)->3102K(3264K)
[6726.428s][info][gc             ] GC(2418) Pause Young (Allocation Failure) 4660M->2380M(4770M) 102.751ms
[6726.428s][info][gc,cpu         ] GC(2418) User=0.58s Sys=0.02s Real=0.10s
..[6727.804s][info][gc,start       ] GC(2419) Pause Young (Allocation Failure)
[6727.910s][info][gc,heap        ] GC(2419) PSYoungGen: 2601203K(2614784K)->173504K(2610688K) Eden: 2433536K(2433536K)->0K(2429440K) From: 167667K(181248K)->173504K(181248K)
[6727.910s][info][gc,heap        ] GC(2419) ParOldGen: 2270109K(2270208K)->2374821K(2375168K)
[6727.910s][info][gc,metaspace   ] GC(2419) Metaspace: 29091K(29376K)->29091K(29376K) NonClass: 25989K(26112K)->25989K(26112K) Class: 3102K(3264K)->3102K(3264K)
[6727.910s][info][gc             ] GC(2419) Pause Young (Allocation Failure) 4757M->2488M(4869M) 105.598ms
[6727.910s][info][gc,cpu         ] GC(2419) User=0.60s Sys=0.02s Real=0.10s
.[6729.277s][info][gc,start       ] GC(2420) Pause Young (Allocation Failure)
[6729.373s][info][gc,heap        ] GC(2420) PSYoungGen: 2602944K(2610688K)->149184K(2578944K) Eden: 2429440K(2429440K)->0K(2429440K) From: 173504K(181248K)->149184K(149504K)
[6729.373s][info][gc,heap        ] GC(2420) ParOldGen: 2374821K(2375168K)->2479949K(2480128K)
[6729.373s][info][gc,metaspace   ] GC(2420) Metaspace: 29091K(29376K)->29091K(29376K) NonClass: 25989K(26112K)->25989K(26112K) Class: 3102K(3264K)->3102K(3264K)
[6729.373s][info][gc             ] GC(2420) Pause Young (Allocation Failure) 4861M->2567M(4940M) 96.104ms
[6729.373s][info][gc,cpu         ] GC(2420) User=0.53s Sys=0.04s Real=0.10s
..[6730.741s][info][gc,start       ] GC(2421) Pause Young (Allocation Failure)
[6730.849s][info][gc,heap        ] GC(2421) PSYoungGen: 2578624K(2578944K)->181428K(2602496K) Eden: 2429440K(2429440K)->0K(2418176K) From: 149184K(149504K)->181428K(184320K)
[6730.849s][info][gc,heap        ] GC(2421) ParOldGen: 2479949K(2480128K)->2579501K(2579968K)
[6730.849s][info][gc,metaspace   ] GC(2421) Metaspace: 29091K(29376K)->29091K(29376K) NonClass: 25989K(26112K)->25989K(26112K) Class: 3102K(3264K)->3102K(3264K)
[6730.849s][info][gc             ] GC(2421) Pause Young (Allocation Failure) 4940M->2696M(5061M) 107.917ms
[6730.849s][info][gc,cpu         ] GC(2421) User=0.60s Sys=0.03s Real=0.11s
.[6732.170s][info][gc,start       ] GC(2422) Pause Young (Allocation Failure)
[6732.267s][info][gc,heap        ] GC(2422) PSYoungGen: 2599604K(2602496K)->149824K(2607104K) Eden: 2418176K(2418176K)->0K(2418176K) From: 181428K(184320K)->149824K(188928K)
[6732.267s][info][gc,heap        ] GC(2422) ParOldGen: 2579501K(2579968K)->2687541K(2688000K)
[6732.267s][info][gc,metaspace   ] GC(2422) Metaspace: 29091K(29376K)->29091K(29376K) NonClass: 25989K(26112K)->25989K(26112K) Class: 3102K(3264K)->3102K(3264K)
[6732.267s][info][gc             ] GC(2422) Pause Young (Allocation Failure) 5057M->2770M(5171M) 96.729ms
[6732.267s][info][gc,cpu         ] GC(2422) User=0.54s Sys=0.03s Real=0.10s
..[6733.717s][info][gc,start       ] GC(2423) Pause Young (Allocation Failure)
[6733.819s][info][gc,heap        ] GC(2423) PSYoungGen: 2568000K(2607104K)->167776K(2606080K) Eden: 2418176K(2418176K)->0K(2418176K) From: 149824K(188928K)->167776K(187904K)
[6733.819s][info][gc,heap        ] GC(2423) ParOldGen: 2687541K(2688000K)->2790181K(2790400K)
[6733.819s][info][gc,metaspace   ] GC(2423) Metaspace: 29091K(29376K)->29091K(29376K) NonClass: 25989K(26112K)->25989K(26112K) Class: 3102K(3264K)->3102K(3264K)
[6733.819s][info][gc             ] GC(2423) Pause Young (Allocation Failure) 5132M->2888M(5270M) 102.115ms
[6733.819s][info][gc,cpu         ] GC(2423) User=0.57s Sys=0.03s Real=0.10s
.[6735.261s][info][gc,start       ] GC(2424) Pause Young (Allocation Failure)
[6735.361s][info][gc,heap        ] GC(2424) PSYoungGen: 2585951K(2606080K)->154758K(2606592K) Eden: 2418175K(2418176K)->0K(2418176K) From: 167776K(187904K)->154758K(188416K)
[6735.361s][info][gc,heap        ] GC(2424) ParOldGen: 2790181K(2790400K)->2900429K(2900480K)
[6735.361s][info][gc,metaspace   ] GC(2424) Metaspace: 29091K(29376K)->29091K(29376K) NonClass: 25989K(26112K)->25989K(26112K) Class: 3102K(3264K)->3102K(3264K)
[6735.361s][info][gc             ] GC(2424) Pause Young (Allocation Failure) 5250M->2983M(5378M) 100.525ms
[6735.361s][info][gc,cpu         ] GC(2424) User=0.56s Sys=0.03s Real=0.10s
..[6736.733s][info][gc,start       ] GC(2425) Pause Young (Allocation Failure)
[6736.836s][info][gc,heap        ] GC(2425) PSYoungGen: 2572934K(2606592K)->173701K(2605568K) Eden: 2418176K(2418176K)->0K(2418176K) From: 154758K(188416K)->173701K(187392K)
[6736.836s][info][gc,heap        ] GC(2425) ParOldGen: 2900429K(2900480K)->2998917K(2999296K)
[6736.836s][info][gc,metaspace   ] GC(2425) Metaspace: 29091K(29376K)->29091K(29376K) NonClass: 25989K(26112K)->25989K(26112K) Class: 3102K(3264K)->3102K(3264K)
[6736.836s][info][gc             ] GC(2425) Pause Young (Allocation Failure) 5345M->3098M(5473M) 103.101ms
[6736.836s][info][gc,cpu         ] GC(2425) User=0.58s Sys=0.03s Real=0.10s
.[6738.219s][info][gc,start       ] GC(2426) Pause Young (Allocation Failure)
[6738.322s][info][gc,heap        ] GC(2426) PSYoungGen: 2591877K(2605568K)->165520K(2584064K) Eden: 2418176K(2418176K)->0K(2418176K) From: 173701K(187392K)->165520K(165888K)
[6738.322s][info][gc,heap        ] GC(2426) ParOldGen: 2998917K(2999296K)->3102597K(3102720K)
[6738.322s][info][gc,metaspace   ] GC(2426) Metaspace: 29091K(29376K)->29091K(29376K) NonClass: 25989K(26112K)->25989K(26112K) Class: 3102K(3264K)->3102K(3264K)
[6738.322s][info][gc             ] GC(2426) Pause Young (Allocation Failure) 5459M->3191M(5553M) 103.154ms
[6738.322s][info][gc,cpu         ] GC(2426) User=0.57s Sys=0.03s Real=0.11s
..[6739.737s][info][gc,start       ] GC(2427) Pause Young (Allocation Failure)
[6739.844s][info][gc,heap        ] GC(2427) PSYoungGen: 2583696K(2584064K)->175012K(2604544K) Eden: 2418176K(2418176K)->0K(2417664K) From: 165520K(165888K)->175012K(186880K)
[6739.844s][info][gc,heap        ] GC(2427) ParOldGen: 3102597K(3102720K)->3208485K(3208704K)
[6739.844s][info][gc,metaspace   ] GC(2427) Metaspace: 29091K(29376K)->29091K(29376K) NonClass: 25989K(26112K)->25989K(26112K) Class: 3102K(3264K)->3102K(3264K)
[6739.844s][info][gc             ] GC(2427) Pause Young (Allocation Failure) 5553M->3304M(5677M) 106.960ms
[6739.844s][info][gc,cpu         ] GC(2427) User=0.60s Sys=0.04s Real=0.11s
.[6741.239s][info][gc,start       ] GC(2428) Pause Young (Allocation Failure)
[6741.334s][info][gc,heap        ] GC(2428) PSYoungGen: 2592676K(2604544K)->148384K(2606592K) Eden: 2417664K(2417664K)->0K(2417664K) From: 175012K(186880K)->148384K(188928K)
[6741.334s][info][gc,heap        ] GC(2428) ParOldGen: 3208485K(3208704K)->3313013K(3313152K)
[6741.334s][info][gc,metaspace   ] GC(2428) Metaspace: 29091K(29376K)->29091K(29376K) NonClass: 25989K(26112K)->25989K(26112K) Class: 3102K(3264K)->3102K(3264K)
[6741.334s][info][gc             ] GC(2428) Pause Young (Allocation Failure) 5665M->3380M(5781M) 94.299ms
[6741.334s][info][gc,cpu         ] GC(2428) User=0.52s Sys=0.03s Real=0.10s
.[6742.721s][info][gc,start       ] GC(2429) Pause Young (Allocation Failure)
[6742.825s][info][gc,heap        ] GC(2429) PSYoungGen: 2566048K(2606592K)->174352K(2603520K) Eden: 2417664K(2417664K)->0K(2414080K) From: 148384K(188928K)->174352K(189440K)
[6742.826s][info][gc,heap        ] GC(2429) ParOldGen: 3313013K(3313152K)->3416269K(3416576K)
[6742.826s][info][gc,metaspace   ] GC(2429) Metaspace: 29091K(29376K)->29091K(29376K) NonClass: 25989K(26112K)->25989K(26112K) Class: 3102K(3264K)->3102K(3264K)
[6742.826s][info][gc             ] GC(2429) Pause Young (Allocation Failure) 5741M->3506M(5879M) 104.385ms
[6742.826s][info][gc,cpu         ] GC(2429) User=0.59s Sys=0.03s Real=0.11s
..[6744.225s][info][gc,start       ] GC(2430) Pause Young (Allocation Failure)
[6744.321s][info][gc,heap        ] GC(2430) PSYoungGen: 2588432K(2603520K)->150656K(2605056K) Eden: 2414080K(2414080K)->0K(2414080K) From: 174352K(189440K)->150656K(190976K)
[6744.321s][info][gc,heap        ] GC(2430) ParOldGen: 3416269K(3416576K)->3521749K(3522048K)
[6744.321s][info][gc,metaspace   ] GC(2430) Metaspace: 29091K(29376K)->29091K(29376K) NonClass: 25989K(26112K)->25989K(26112K) Class: 3102K(3264K)->3102K(3264K)
[6744.321s][info][gc             ] GC(2430) Pause Young (Allocation Failure) 5863M->3586M(5983M) 96.079ms
[6744.321s][info][gc,cpu         ] GC(2430) User=0.53s Sys=0.03s Real=0.09s
.[6745.733s][info][gc,start       ] GC(2431) Pause Young (Allocation Failure)
[6745.834s][info][gc,heap        ] GC(2431) PSYoungGen: 2564736K(2605056K)->163968K(2600448K) Eden: 2414080K(2414080K)->0K(2414592K) From: 150656K(190976K)->163968K(185856K)
[6745.834s][info][gc,heap        ] GC(2431) ParOldGen: 3521749K(3522048K)->3625597K(3625984K)
[6745.834s][info][gc,metaspace   ] GC(2431) Metaspace: 29091K(29376K)->29091K(29376K) NonClass: 25989K(26112K)->25989K(26112K) Class: 3102K(3264K)->3102K(3264K)
[6745.835s][info][gc             ] GC(2431) Pause Young (Allocation Failure) 5943M->3700M(6080M) 101.367ms
[6745.835s][info][gc,cpu         ] GC(2431) User=0.57s Sys=0.03s Real=0.10s
..[6747.215s][info][gc,start       ] GC(2432) Pause Young (Allocation Failure)
[6747.317s][info][gc,heap        ] GC(2432) PSYoungGen: 2578560K(2600448K)->161696K(2603008K) Eden: 2414592K(2414592K)->0K(2414592K) From: 163968K(185856K)->161696K(188416K)
[6747.317s][info][gc,heap        ] GC(2432) ParOldGen: 3625597K(3625984K)->3730557K(3730944K)
[6747.317s][info][gc,metaspace   ] GC(2432) Metaspace: 29091K(29376K)->29091K(29376K) NonClass: 25989K(26112K)->25989K(26112K) Class: 3102K(3264K)->3102K(3264K)
[6747.317s][info][gc             ] GC(2432) Pause Young (Allocation Failure) 6058M->3801M(6185M) 101.345ms
[6747.317s][info][gc,cpu         ] GC(2432) User=0.56s Sys=0.04s Real=0.10s
.[6748.702s][info][gc,start       ] GC(2433) Pause Young (Allocation Failure)
[6748.801s][info][gc,heap        ] GC(2433) PSYoungGen: 2576288K(2603008K)->157312K(2605568K) Eden: 2414592K(2414592K)->0K(2421760K) From: 161696K(188416K)->157312K(183808K)
[6748.801s][info][gc,heap        ] GC(2433) ParOldGen: 3730557K(3730944K)->3833605K(3833856K)
[6748.801s][info][gc,metaspace   ] GC(2433) Metaspace: 29091K(29376K)->29091K(29376K) NonClass: 25989K(26112K)->25989K(26112K) Class: 3102K(3264K)->3102K(3264K)
[6748.801s][info][gc             ] GC(2433) Pause Young (Allocation Failure) 6159M->3897M(6288M) 98.863ms
[6748.801s][info][gc,cpu         ] GC(2433) User=0.56s Sys=0.02s Real=0.09s
..[6750.178s][info][gc,start       ] GC(2434) Pause Young (Allocation Failure)
[6750.280s][info][gc,heap        ] GC(2434) PSYoungGen: 2579072K(2605568K)->161431K(2606592K) Eden: 2421760K(2421760K)->0K(2421760K) From: 157312K(183808K)->161431K(184832K)
[6750.280s][info][gc,heap        ] GC(2434) ParOldGen: 3833605K(3833856K)->3935981K(3936256K)
[6750.280s][info][gc,metaspace   ] GC(2434) Metaspace: 29091K(29376K)->29091K(29376K) NonClass: 25989K(26112K)->25989K(26112K) Class: 3102K(3264K)->3102K(3264K)
[6750.280s][info][gc             ] GC(2434) Pause Young (Allocation Failure) 6262M->4001M(6389M) 101.306ms
[6750.280s][info][gc,cpu         ] GC(2434) User=0.56s Sys=0.03s Real=0.10s
.[6751.650s][info][gc,start       ] GC(2435) Pause Young (Allocation Failure)
[6751.756s][info][gc,heap        ] GC(2435) PSYoungGen: 2583191K(2606592K)->169477K(2609664K) Eden: 2421760K(2421760K)->0K(2426880K) From: 161431K(184832K)->169477K(182784K)
[6751.756s][info][gc,heap        ] GC(2435) ParOldGen: 3935981K(3936256K)->4044125K(4044288K)
[6751.756s][info][gc,metaspace   ] GC(2435) Metaspace: 29091K(29376K)->29091K(29376K) NonClass: 25989K(26112K)->25989K(26112K) Class: 3102K(3264K)->3102K(3264K)
[6751.756s][info][gc             ] GC(2435) Pause Young (Allocation Failure) 6366M->4114M(6498M) 105.848ms
[6751.756s][info][gc,cpu         ] GC(2435) User=0.58s Sys=0.04s Real=0.11s
..[6753.153s][info][gc,start       ] GC(2436) Pause Young (Allocation Failure)
[6753.251s][info][gc,heap        ] GC(2436) PSYoungGen: 2596357K(2609664K)->150784K(2610176K) Eden: 2426880K(2426880K)->0K(2426880K) From: 169477K(182784K)->150784K(183296K)
[6753.251s][info][gc,heap        ] GC(2436) ParOldGen: 4044125K(4044288K)->4145981K(4146176K)
[6753.251s][info][gc,metaspace   ] GC(2436) Metaspace: 29091K(29376K)->29091K(29376K) NonClass: 25989K(26112K)->25989K(26112K) Class: 3102K(3264K)->3102K(3264K)
[6753.251s][info][gc             ] GC(2436) Pause Young (Allocation Failure) 6484M->4196M(6598M) 97.191ms
[6753.251s][info][gc,cpu         ] GC(2436) User=0.55s Sys=0.02s Real=0.09s
.[6754.638s][info][gc,start       ] GC(2437) Pause Young (Allocation Failure)
[6754.740s][info][gc,heap        ] GC(2437) PSYoungGen: 2577664K(2610176K)->161568K(2608640K) Eden: 2426880K(2426880K)->0K(2429440K) From: 150784K(183296K)->161568K(179200K)
[6754.740s][info][gc,heap        ] GC(2437) ParOldGen: 4145981K(4146176K)->4251317K(4251648K)
[6754.740s][info][gc,metaspace   ] GC(2437) Metaspace: 29091K(29376K)->29091K(29376K) NonClass: 25989K(26112K)->25989K(26112K) Class: 3102K(3264K)->3102K(3264K)
[6754.740s][info][gc             ] GC(2437) Pause Young (Allocation Failure) 6566M->4309M(6699M) 101.088ms
[6754.740s][info][gc,cpu         ] GC(2437) User=0.56s Sys=0.04s Real=0.10s
.[6756.132s][info][gc,start       ] GC(2438) Pause Young (Allocation Failure)
[6756.232s][info][gc,heap        ] GC(2438) PSYoungGen: 2591008K(2608640K)->159648K(2610688K) Eden: 2429440K(2429440K)->0K(2429440K) From: 161568K(179200K)->159648K(181248K)
[6756.232s][info][gc,heap        ] GC(2438) ParOldGen: 4251317K(4251648K)->4352677K(4353024K)
[6756.232s][info][gc,metaspace   ] GC(2438) Metaspace: 29091K(29376K)->29091K(29376K) NonClass: 25989K(26112K)->25989K(26112K) Class: 3102K(3264K)->3102K(3264K)
[6756.232s][info][gc             ] GC(2438) Pause Young (Allocation Failure) 6681M->4406M(6800M) 99.983ms
[6756.232s][info][gc,cpu         ] GC(2438) User=0.56s Sys=0.03s Real=0.10s
..[6757.571s][info][gc,start       ] GC(2439) Pause Young (Allocation Failure)
[6757.672s][info][gc,heap        ] GC(2439) PSYoungGen: 2589088K(2610688K)->155680K(2613248K) Eden: 2429440K(2429440K)->0K(2435072K) From: 159648K(181248K)->155680K(178176K)
[6757.672s][info][gc,heap        ] GC(2439) ParOldGen: 4352677K(4353024K)->4461765K(4462080K)
[6757.672s][info][gc,metaspace   ] GC(2439) Metaspace: 29091K(29376K)->29091K(29376K) NonClass: 25989K(26112K)->25989K(26112K) Class: 3102K(3264K)->3102K(3264K)
[6757.672s][info][gc             ] GC(2439) Pause Young (Allocation Failure) 6779M->4509M(6909M) 100.667ms
[6757.672s][info][gc,cpu         ] GC(2439) User=0.56s Sys=0.04s Real=0.11s
.[6759.073s][info][gc,start       ] GC(2440) Pause Young (Allocation Failure)
[6759.177s][info][gc,heap        ] GC(2440) PSYoungGen: 2590752K(2613248K)->162243K(2614272K) Eden: 2435072K(2435072K)->0K(2435072K) From: 155680K(178176K)->162243K(179200K)
[6759.177s][info][gc,heap        ] GC(2440) ParOldGen: 4461765K(4462080K)->4563509K(4563968K)
[6759.177s][info][gc,metaspace   ] GC(2440) Metaspace: 29091K(29376K)->29091K(29376K) NonClass: 25989K(26112K)->25989K(26112K) Class: 3102K(3264K)->3102K(3264K)
[6759.177s][info][gc             ] GC(2440) Pause Young (Allocation Failure) 6887M->4614M(7010M) 104.011ms
[6759.177s][info][gc,cpu         ] GC(2440) User=0.59s Sys=0.02s Real=0.10s
..[6760.614s][info][gc,start       ] GC(2441) Pause Young (Allocation Failure)
[6760.713s][info][gc,heap        ] GC(2441) PSYoungGen: 2597315K(2614272K)->156192K(2615296K) Eden: 2435072K(2435072K)->0K(2439168K) From: 162243K(179200K)->156192K(176128K)
[6760.713s][info][gc,heap        ] GC(2441) ParOldGen: 4563509K(4563968K)->4667149K(4667392K)
[6760.713s][info][gc,metaspace   ] GC(2441) Metaspace: 29091K(29376K)->29091K(29376K) NonClass: 25989K(26112K)->25989K(26112K) Class: 3102K(3264K)->3102K(3264K)
[6760.713s][info][gc             ] GC(2441) Pause Young (Allocation Failure) 6992M->4710M(7112M) 99.450ms
[6760.713s][info][gc,cpu         ] GC(2441) User=0.56s Sys=0.02s Real=0.10s
.[6762.178s][info][gc,start       ] GC(2442) Pause Young (Allocation Failure)
[6762.276s][info][gc,heap        ] GC(2442) PSYoungGen: 2595360K(2615296K)->149280K(2615808K) Eden: 2439168K(2439168K)->0K(2439168K) From: 156192K(176128K)->149280K(176640K)
[6762.276s][info][gc,heap        ] GC(2442) ParOldGen: 4667149K(4667392K)->4771045K(4771328K)
[6762.276s][info][gc,metaspace   ] GC(2442) Metaspace: 29091K(29376K)->29091K(29376K) NonClass: 25989K(26112K)->25989K(26112K) Class: 3102K(3264K)->3102K(3264K)
[6762.276s][info][gc             ] GC(2442) Pause Young (Allocation Failure) 7092M->4805M(7214M) 97.795ms
[6762.276s][info][gc,cpu         ] GC(2442) User=0.54s Sys=0.03s Real=0.10s
..[6763.822s][info][gc,start       ] GC(2443) Pause Young (Allocation Failure)
[6763.929s][info][gc,heap        ] GC(2443) PSYoungGen: 2588448K(2615808K)->174600K(2610688K) Eden: 2439168K(2439168K)->0K(2433536K) From: 149280K(176640K)->174600K(177152K)
[6763.929s][info][gc,heap        ] GC(2443) ParOldGen: 4771045K(4771328K)->4872733K(4873216K)
[6763.929s][info][gc,metaspace   ] GC(2443) Metaspace: 29091K(29376K)->29091K(29376K) NonClass: 25989K(26112K)->25989K(26112K) Class: 3102K(3264K)->3102K(3264K)
[6763.929s][info][gc             ] GC(2443) Pause Young (Allocation Failure) 7187M->4929M(7308M) 107.353ms
[6763.929s][info][gc,cpu         ] GC(2443) User=0.60s Sys=0.04s Real=0.11s
.[6765.322s][info][gc,start       ] GC(2444) Pause Young (Allocation Failure)
[6765.423s][info][gc,heap        ] GC(2444) PSYoungGen: 2608136K(2610688K)->150912K(2614784K) Eden: 2433536K(2433536K)->0K(2433536K) From: 174600K(177152K)->150912K(181248K)
[6765.423s][info][gc,heap        ] GC(2444) ParOldGen: 4872733K(4873216K)->4981653K(4981760K)
[6765.423s][info][gc,metaspace   ] GC(2444) Metaspace: 29091K(29376K)->29091K(29376K) NonClass: 25989K(26112K)->25989K(26112K) Class: 3102K(3264K)->3102K(3264K)
[6765.423s][info][gc             ] GC(2444) Pause Young (Allocation Failure) 7305M->5012M(7418M) 100.865ms
[6765.423s][info][gc,cpu         ] GC(2444) User=0.57s Sys=0.02s Real=0.10s
..[6766.787s][info][gc,start       ] GC(2445) Pause Young (Allocation Failure)
[6766.889s][info][gc,heap        ] GC(2445) PSYoungGen: 2584448K(2614784K)->161888K(2611200K) Eden: 2433536K(2433536K)->0K(2434048K) From: 150912K(181248K)->161888K(177152K)
[6766.889s][info][gc,heap        ] GC(2445) ParOldGen: 4981653K(4981760K)->5084445K(5084672K)
[6766.889s][info][gc,metaspace   ] GC(2445) Metaspace: 29091K(29376K)->29091K(29376K) NonClass: 25989K(26112K)->25989K(26112K) Class: 3102K(3264K)->3102K(3264K)
[6766.889s][info][gc             ] GC(2445) Pause Young (Allocation Failure) 7388M->5123M(7515M) 102.159ms
[6766.889s][info][gc,cpu         ] GC(2445) User=0.56s Sys=0.04s Real=0.10s
.[6768.285s][info][gc,start       ] GC(2446) Pause Young (Allocation Failure)
[6768.388s][info][gc,heap        ] GC(2446) PSYoungGen: 2595936K(2611200K)->163472K(2613248K) Eden: 2434048K(2434048K)->0K(2434048K) From: 161888K(177152K)->163472K(179200K)
[6768.388s][info][gc,heap        ] GC(2446) ParOldGen: 5084445K(5084672K)->5186613K(5187072K)
[6768.388s][info][gc,metaspace   ] GC(2446) Metaspace: 29091K(29376K)->29091K(29376K) NonClass: 25989K(26112K)->25989K(26112K) Class: 3102K(3264K)->3102K(3264K)
[6768.388s][info][gc             ] GC(2446) Pause Young (Allocation Failure) 7500M->5224M(7617M) 103.356ms
[6768.388s][info][gc,cpu         ] GC(2446) User=0.57s Sys=0.04s Real=0.10s
..[6769.844s][info][gc,start       ] GC(2447) Pause Young (Allocation Failure)
[6769.947s][info][gc,heap        ] GC(2447) PSYoungGen: 2597520K(2613248K)->162496K(2614272K) Eden: 2434048K(2434048K)->0K(2438144K) From: 163472K(179200K)->162496K(176128K)
[6769.947s][info][gc,heap        ] GC(2447) ParOldGen: 5186613K(5187072K)->5290205K(5290496K)
[6769.947s][info][gc,metaspace   ] GC(2447) Metaspace: 29091K(29376K)->29091K(29376K) NonClass: 25989K(26112K)->25989K(26112K) Class: 3102K(3264K)->3102K(3264K)
[6769.947s][info][gc             ] GC(2447) Pause Young (Allocation Failure) 7601M->5324M(7719M) 103.339ms
[6769.947s][info][gc,cpu         ] GC(2447) User=0.58s Sys=0.03s Real=0.10s
.[6771.345s][info][gc,start       ] GC(2448) Pause Young (Allocation Failure)
[6771.443s][info][gc,heap        ] GC(2448) PSYoungGen: 2600640K(2614272K)->149312K(2615808K) Eden: 2438144K(2438144K)->0K(2438144K) From: 162496K(176128K)->149312K(177664K)
[6771.443s][info][gc,heap        ] GC(2448) ParOldGen: 5290205K(5290496K)->5395173K(5395456K)
[6771.443s][info][gc,metaspace   ] GC(2448) Metaspace: 29091K(29376K)->29091K(29376K) NonClass: 25989K(26112K)->25989K(26112K) Class: 3102K(3264K)->3102K(3264K)
[6771.443s][info][gc             ] GC(2448) Pause Young (Allocation Failure) 7705M->5414M(7823M) 97.835ms
[6771.443s][info][gc,cpu         ] GC(2448) User=0.53s Sys=0.04s Real=0.10s
..[6772.818s][info][gc,start       ] GC(2449) Pause Young (Allocation Failure)
[6772.926s][info][gc,heap        ] GC(2449) PSYoungGen: 2587456K(2615808K)->173738K(2611712K) Eden: 2438144K(2438144K)->0K(2433536K) From: 149312K(177664K)->173738K(178176K)
[6772.926s][info][gc,heap        ] GC(2449) ParOldGen: 5395173K(5395456K)->5497637K(5497856K)
[6772.926s][info][gc,metaspace   ] GC(2449) Metaspace: 29091K(29376K)->29091K(29376K) NonClass: 25989K(26112K)->25989K(26112K) Class: 3102K(3264K)->3102K(3264K)
[6772.926s][info][gc             ] GC(2449) Pause Young (Allocation Failure) 7795M->5538M(7919M) 108.114ms
[6772.926s][info][gc,cpu         ] GC(2449) User=0.60s Sys=0.03s Real=0.11s
. (rIR:aIR:PR = 11208:11279:11282) (tPR = 168689) [OK] 
  6773s: Performance info:
         Transaction,    Success,    Partial,     Failed,   Receipts, AvgBarcode, 
             Overall,     686485,          0,          0,     652725,      59.47, 
         Response times:
             Request,    Success,    Partial,     Failed,   SkipFail,     Probes,    Samples,      min,      p50,      p90,      p95,      p99,      max, 
       TotalPurchase,     652470,          0,          0,          0,     316297,     476312,      300,    33000,   290000,   465000,   720000,  1200000,
     InStorePurchase,     342331,          0,          0,          0,     166160,     250742,      300,    33000,   283000,   457000,   710000,  1200000,
      OnlinePurchase,     241549,          0,          0,          0,     116497,     175290,      300,    32000,   284000,   465000,   750000,  1200000,
        InstPurchase,      68590,          0,          0,          0,      33640,      50280,      300,    33000,   346000,   534000,   730000,  1200000,
          AssocOfCat,        675,          0,          0,          0,        522,        881,    28000,    99000,   454000,   608900,   840000,  1200000,
      AssocOfProduct,       6808,          0,          0,          0,       3713,       5695,      600,    29000,   284000,   410000,   690000,  1100000,
      BusinessReport,       1707,          0,          0,          0,       1404,       2184,    33000,    96000,   370000,   508500,   840000,  1100000,
          CustBuyBeh,       6755,          0,          0,          0,       3781,       5714,      200,    25000,   291000,   406000,   708500,   990000,
       ProductReturn,      17797,          0,          0,          0,       9315,      13890,      200,    29000,   320000,   535000,   790900,  1100000,

  6773s: (82%)   IR =  11346 [6774.414s][info][gc,start       ] GC(2450) Pause Full (Allocation Failure)
[6774.414s][info][gc,phases,start] GC(2450) Marking Phase
[6774.726s][info][gc,phases      ] GC(2450) Marking Phase 312.243ms
[6774.726s][info][gc,phases,start] GC(2450) Summary Phase
[6774.726s][info][gc,phases      ] GC(2450) Summary Phase 0.097ms
[6774.726s][info][gc,phases,start] GC(2450) Forward
[6774.863s][info][gc,phases      ] GC(2450) Forward 136.286ms
[6774.863s][info][gc,phases,start] GC(2450) Adjust Pointers
[6775.077s][info][gc,phases      ] GC(2450) Adjust Pointers 214.185ms
[6775.077s][info][gc,phases,start] GC(2450) Compaction Phase
[6775.227s][info][gc,phases      ] GC(2450) Compaction Phase 149.866ms
[6775.228s][info][gc,phases,start] GC(2450) Post Compact
[6775.235s][info][gc,phases      ] GC(2450) Post Compact 6.927ms
[6775.346s][info][gc,heap        ] GC(2450) PSYoungGen: 2607274K(2611712K)->0K(2614784K) Eden: 2433536K(2433536K)->0K(2433536K) From: 173738K(178176K)->0K(181248K)
[6775.346s][info][gc,heap        ] GC(2450) ParOldGen: 5497637K(5497856K)->1631726K(2195456K)
[6775.346s][info][gc,metaspace   ] GC(2450) Metaspace: 29091K(29376K)->29091K(29376K) NonClass: 25989K(26112K)->25989K(26112K) Class: 3102K(3264K)->3102K(3264K)
[6775.346s][info][gc             ] GC(2450) Pause Full (Allocation Failure) 7914M->1593M(4697M) 932.315ms
[6775.346s][info][gc,cpu         ] GC(2450) User=4.40s Sys=0.12s Real=0.93s
.[6776.614s][info][gc,start       ] GC(2451) Pause Young (Allocation Failure)
[6776.683s][info][gc,heap        ] GC(2451) PSYoungGen: 2433536K(2614784K)->166821K(2613760K) Eden: 2433536K(2433536K)->0K(2432512K) From: 0K(181248K)->166821K(181248K)
[6776.683s][info][gc,heap        ] GC(2451) ParOldGen: 1631726K(2195456K)->1631726K(2195456K)
[6776.683s][info][gc,metaspace   ] GC(2451) Metaspace: 29091K(29376K)->29091K(29376K) NonClass: 25989K(26112K)->25989K(26112K) Class: 3102K(3264K)->3102K(3264K)
[6776.683s][info][gc             ] GC(2451) Pause Young (Allocation Failure) 3969M->1756M(4696M) 68.458ms
[6776.683s][info][gc,cpu         ] GC(2451) User=0.40s Sys=0.00s Real=0.07s
..[6778.069s][info][gc,start       ] GC(2452) Pause Young (Allocation Failure)
[6778.165s][info][gc,heap        ] GC(2452) PSYoungGen: 2599333K(2613760K)->159440K(2592256K) Eden: 2432512K(2432512K)->0K(2432512K) From: 166821K(181248K)->159440K(159744K)
[6778.165s][info][gc,heap        ] GC(2452) ParOldGen: 1631726K(2195456K)->1740982K(2195456K)
[6778.165s][info][gc,metaspace   ] GC(2452) Metaspace: 29091K(29376K)->29091K(29376K) NonClass: 25989K(26112K)->25989K(26112K) Class: 3102K(3264K)->3102K(3264K)
[6778.165s][info][gc             ] GC(2452) Pause Young (Allocation Failure) 4131M->1855M(4675M) 95.221ms
[6778.165s][info][gc,cpu         ] GC(2452) User=0.56s Sys=0.01s Real=0.10s
.[6779.362s][info][gc,start       ] GC(2453) Pause Young (Allocation Failure)
[6779.461s][info][gc,heap        ] GC(2453) PSYoungGen: 2591952K(2592256K)->179712K(2533376K) Eden: 2432512K(2432512K)->0K(2353664K) From: 159440K(159744K)->179712K(179712K)
[6779.461s][info][gc,heap        ] GC(2453) ParOldGen: 1740982K(2195456K)->1839206K(2195456K)
[6779.461s][info][gc,metaspace   ] GC(2453) Metaspace: 29091K(29376K)->29091K(29376K) NonClass: 25989K(26112K)->25989K(26112K) Class: 3102K(3264K)->3102K(3264K)
[6779.461s][info][gc             ] GC(2453) Pause Young (Allocation Failure) 4231M->1971M(4618M) 98.909ms
[6779.461s][info][gc,cpu         ] GC(2453) User=0.58s Sys=0.00s Real=0.09s
.[6780.740s][info][gc,start       ] GC(2454) Pause Young (Allocation Failure)
[6780.838s][info][gc,heap        ] GC(2454) PSYoungGen: 2533376K(2533376K)->159096K(2574848K) Eden: 2353664K(2353664K)->0K(2353664K) From: 179712K(179712K)->159096K(221184K)
[6780.838s][info][gc,heap        ] GC(2454) ParOldGen: 1839206K(2195456K)->1955718K(2195456K)
[6780.838s][info][gc,metaspace   ] GC(2454) Metaspace: 29091K(29376K)->29091K(29376K) NonClass: 25989K(26112K)->25989K(26112K) Class: 3102K(3264K)->3102K(3264K)
[6780.838s][info][gc             ] GC(2454) Pause Young (Allocation Failure) 4270M->2065M(4658M) 97.991ms
[6780.838s][info][gc,cpu         ] GC(2454) User=0.58s Sys=0.00s Real=0.10s
.[6782.133s][info][gc,start       ] GC(2455) Pause Young (Allocation Failure)
[6782.219s][info][gc,heap        ] GC(2455) PSYoungGen: 2512760K(2574848K)->137664K(2574336K) Eden: 2353664K(2353664K)->0K(2356224K) From: 159096K(221184K)->137664K(218112K)
[6782.219s][info][gc,heap        ] GC(2455) ParOldGen: 1955718K(2195456K)->2059366K(2195456K)
[6782.219s][info][gc,metaspace   ] GC(2455) Metaspace: 29091K(29376K)->29091K(29376K) NonClass: 25989K(26112K)->25989K(26112K) Class: 3102K(3264K)->3102K(3264K)
[6782.219s][info][gc             ] GC(2455) Pause Young (Allocation Failure) 4363M->2145M(4658M) 86.060ms
[6782.219s][info][gc,cpu         ] GC(2455) User=0.51s Sys=0.00s Real=0.08s
..[6783.504s][info][gc,start       ] GC(2456) Pause Young (Allocation Failure)
[6783.649s][info][gc,heap        ] GC(2456) PSYoungGen: 2493888K(2574336K)->170688K(2527232K) Eden: 2356224K(2356224K)->0K(2356224K) From: 137664K(218112K)->170688K(171008K)
[6783.649s][info][gc,heap        ] GC(2456) ParOldGen: 2059366K(2195456K)->2156398K(2195456K)
[6783.649s][info][gc,metaspace   ] GC(2456) Metaspace: 29091K(29376K)->29091K(29376K) NonClass: 25989K(26112K)->25989K(26112K) Class: 3102K(3264K)->3102K(3264K)
[6783.649s][info][gc             ] GC(2456) Pause Young (Allocation Failure) 4446M->2272M(4612M) 144.778ms
[6783.649s][info][gc,cpu         ] GC(2456) User=0.58s Sys=0.00s Real=0.14s
.[6784.975s][info][gc,start       ] GC(2457) Pause Young (Allocation Failure)
[6785.073s][info][gc,heap        ] GC(2457) PSYoungGen: 2526912K(2527232K)->157696K(2576384K) Eden: 2356224K(2356224K)->0K(2360832K) From: 170688K(171008K)->157696K(215552K)
[6785.073s][info][gc,heap        ] GC(2457) ParOldGen: 2156398K(2195456K)->2262246K(2262528K)
[6785.073s][info][gc,metaspace   ] GC(2457) Metaspace: 29091K(29376K)->29091K(29376K) NonClass: 25989K(26112K)->25989K(26112K) Class: 3102K(3264K)->3102K(3264K)
[6785.073s][info][gc             ] GC(2457) Pause Young (Allocation Failure) 4573M->2363M(4725M) 97.596ms
[6785.073s][info][gc,cpu         ] GC(2457) User=0.56s Sys=0.02s Real=0.10s
.[6786.355s][info][gc,start       ] GC(2458) Pause Young (Allocation Failure)
[6786.455s][info][gc,heap        ] GC(2458) PSYoungGen: 2518528K(2576384K)->166553K(2573824K) Eden: 2360832K(2360832K)->0K(2360832K) From: 157696K(215552K)->166553K(212992K)
[6786.455s][info][gc,heap        ] GC(2458) ParOldGen: 2262246K(2262528K)->2360430K(2360832K)
[6786.455s][info][gc,metaspace   ] GC(2458) Metaspace: 29091K(29376K)->29091K(29376K) NonClass: 25989K(26112K)->25989K(26112K) Class: 3102K(3264K)->3102K(3264K)
[6786.455s][info][gc             ] GC(2458) Pause Young (Allocation Failure) 4668M->2467M(4819M) 100.751ms
[6786.456s][info][gc,cpu         ] GC(2458) User=0.57s Sys=0.03s Real=0.10s
..[6787.787s][info][gc,start       ] GC(2459) Pause Young (Allocation Failure)
[6787.892s][info][gc,heap        ] GC(2459) PSYoungGen: 2527385K(2573824K)->170768K(2578432K) Eden: 2360832K(2360832K)->0K(2370048K) From: 166553K(212992K)->170768K(208384K)
[6787.892s][info][gc,heap        ] GC(2459) ParOldGen: 2360430K(2360832K)->2463814K(2464256K)
[6787.892s][info][gc,metaspace   ] GC(2459) Metaspace: 29091K(29376K)->29091K(29376K) NonClass: 25989K(26112K)->25989K(26112K) Class: 3102K(3264K)->3102K(3264K)
[6787.892s][info][gc             ] GC(2459) Pause Young (Allocation Failure) 4773M->2572M(4924M) 104.703ms
[6787.892s][info][gc,cpu         ] GC(2459) User=0.59s Sys=0.02s Real=0.11s
.[6789.221s][info][gc,start       ] GC(2460) Pause Young (Allocation Failure)
[6789.319s][info][gc,heap        ] GC(2460) PSYoungGen: 2540816K(2578432K)->156245K(2575872K) Eden: 2370048K(2370048K)->0K(2370048K) From: 170768K(208384K)->156245K(205824K)
[6789.319s][info][gc,heap        ] GC(2460) ParOldGen: 2463814K(2464256K)->2568422K(2568704K)
[6789.319s][info][gc,metaspace   ] GC(2460) Metaspace: 29091K(29376K)->29091K(29376K) NonClass: 25989K(26112K)->25989K(26112K) Class: 3102K(3264K)->3102K(3264K)
[6789.319s][info][gc             ] GC(2460) Pause Young (Allocation Failure) 4887M->2660M(5024M) 98.191ms
[6789.319s][info][gc,cpu         ] GC(2460) User=0.55s Sys=0.03s Real=0.10s
.[6790.623s][info][gc,start       ] GC(2461) Pause Young (Allocation Failure)
[6790.724s][info][gc,heap        ] GC(2461) PSYoungGen: 2526293K(2575872K)->162885K(2587136K) Eden: 2370048K(2370048K)->0K(2384896K) From: 156245K(205824K)->162885K(202240K)
[6790.724s][info][gc,heap        ] GC(2461) ParOldGen: 2568422K(2568704K)->2668694K(2669056K)
[6790.724s][info][gc,metaspace   ] GC(2461) Metaspace: 29091K(29376K)->29091K(29376K) NonClass: 25989K(26112K)->25989K(26112K) Class: 3102K(3264K)->3102K(3264K)
[6790.724s][info][gc             ] GC(2461) Pause Young (Allocation Failure) 4975M->2765M(5133M) 100.275ms
[6790.724s][info][gc,cpu         ] GC(2461) User=0.56s Sys=0.03s Real=0.10s
..[6792.146s][info][gc,start       ] GC(2462) Pause Young (Allocation Failure)
[6792.248s][info][gc,heap        ] GC(2462) PSYoungGen: 2547781K(2587136K)->163284K(2585600K) Eden: 2384896K(2384896K)->0K(2384896K) From: 162885K(202240K)->163284K(200704K)
[6792.248s][info][gc,heap        ] GC(2462) ParOldGen: 2668694K(2669056K)->2772342K(2772480K)
[6792.248s][info][gc,metaspace   ] GC(2462) Metaspace: 29091K(29376K)->29091K(29376K) NonClass: 25989K(26112K)->25989K(26112K) Class: 3102K(3264K)->3102K(3264K)
[6792.248s][info][gc             ] GC(2462) Pause Young (Allocation Failure) 5094M->2866M(5232M) 102.383ms
[6792.248s][info][gc,cpu         ] GC(2462) User=0.56s Sys=0.04s Real=0.10s
.[6793.570s][info][gc,start       ] GC(2463) Pause Young (Allocation Failure)
[6793.669s][info][gc,heap        ] GC(2463) PSYoungGen: 2548180K(2585600K)->158704K(2592768K) Eden: 2384896K(2384896K)->0K(2395136K) From: 163284K(200704K)->158704K(197632K)
[6793.669s][info][gc,heap        ] GC(2463) ParOldGen: 2772342K(2772480K)->2876606K(2876928K)
[6793.669s][info][gc,metaspace   ] GC(2463) Metaspace: 29091K(29376K)->29091K(29376K) NonClass: 25989K(26112K)->25989K(26112K) Class: 3102K(3264K)->3102K(3264K)
[6793.669s][info][gc             ] GC(2463) Pause Young (Allocation Failure) 5195M->2964M(5341M) 99.118ms
[6793.669s][info][gc,cpu         ] GC(2463) User=0.55s Sys=0.04s Real=0.10s
..[6795.086s][info][gc,start       ] GC(2464) Pause Young (Allocation Failure)
[6795.184s][info][gc,heap        ] GC(2464) PSYoungGen: 2553840K(2592768K)->156580K(2590720K) Eden: 2395136K(2395136K)->0K(2395136K) From: 158704K(197632K)->156580K(195584K)
[6795.184s][info][gc,heap        ] GC(2464) ParOldGen: 2876606K(2876928K)->2979494K(2979840K)
[6795.184s][info][gc,metaspace   ] GC(2464) Metaspace: 29091K(29376K)->29091K(29376K) NonClass: 25989K(26112K)->25989K(26112K) Class: 3102K(3264K)->3102K(3264K)
[6795.184s][info][gc             ] GC(2464) Pause Young (Allocation Failure) 5303M->3062M(5440M) 98.836ms
[6795.184s][info][gc,cpu         ] GC(2464) User=0.55s Sys=0.03s Real=0.10s
.[6796.429s][info][gc,start       ] GC(2465) Pause Young (Allocation Failure)
[6796.533s][info][gc,heap        ] GC(2465) PSYoungGen: 2551716K(2590720K)->169880K(2597376K) Eden: 2395136K(2395136K)->0K(2403328K) From: 156580K(195584K)->169880K(194048K)
[6796.533s][info][gc,heap        ] GC(2465) ParOldGen: 2979494K(2979840K)->3081734K(3082240K)
[6796.533s][info][gc,metaspace   ] GC(2465) Metaspace: 29091K(29376K)->29091K(29376K) NonClass: 25989K(26112K)->25989K(26112K) Class: 3102K(3264K)->3102K(3264K)
[6796.533s][info][gc             ] GC(2465) Pause Young (Allocation Failure) 5401M->3175M(5546M) 103.765ms
[6796.533s][info][gc,cpu         ] GC(2465) User=0.57s Sys=0.04s Real=0.11s
.[6797.885s][info][gc,start       ] GC(2466) Pause Young (Allocation Failure)
[6797.984s][info][gc,heap        ] GC(2466) PSYoungGen: 2573208K(2597376K)->158624K(2596864K) Eden: 2403328K(2403328K)->0K(2403328K) From: 169880K(194048K)->158624K(193536K)
[6797.984s][info][gc,heap        ] GC(2466) ParOldGen: 3081734K(3082240K)->3187494K(3187712K)
[6797.984s][info][gc,metaspace   ] GC(2466) Metaspace: 29091K(29376K)->29091K(29376K) NonClass: 25989K(26112K)->25989K(26112K) Class: 3102K(3264K)->3102K(3264K)
[6797.984s][info][gc             ] GC(2466) Pause Young (Allocation Failure) 5522M->3267M(5649M) 99.015ms
[6797.984s][info][gc,cpu         ] GC(2466) User=0.55s Sys=0.03s Real=0.10s
..[6799.524s][info][gc,start       ] GC(2467) Pause Young (Allocation Failure)
[6799.628s][info][gc,heap        ] GC(2467) PSYoungGen: 2561952K(2596864K)->165071K(2599936K) Eden: 2403328K(2403328K)->0K(2411008K) From: 158624K(193536K)->165071K(188928K)
[6799.628s][info][gc,heap        ] GC(2467) ParOldGen: 3187494K(3187712K)->3291278K(3291648K)
[6799.628s][info][gc,metaspace   ] GC(2467) Metaspace: 29091K(29376K)->29091K(29376K) NonClass: 25989K(26112K)->25989K(26112K) Class: 3102K(3264K)->3102K(3264K)
[6799.628s][info][gc             ] GC(2467) Pause Young (Allocation Failure) 5614M->3375M(5753M) 103.853ms
[6799.628s][info][gc,cpu         ] GC(2467) User=0.58s Sys=0.03s Real=0.10s
.[6800.934s][info][gc,start       ] GC(2468) Pause Young (Allocation Failure)
[6801.037s][info][gc,heap        ] GC(2468) PSYoungGen: 2576079K(2599936K)->172532K(2599936K) Eden: 2411008K(2411008K)->0K(2411008K) From: 165071K(188928K)->172532K(188928K)
[6801.037s][info][gc,heap        ] GC(2468) ParOldGen: 3291278K(3291648K)->3391798K(3392000K)
[6801.037s][info][gc,metaspace   ] GC(2468) Metaspace: 29091K(29376K)->29091K(29376K) NonClass: 25989K(26112K)->25989K(26112K) Class: 3102K(3264K)->3102K(3264K)
[6801.037s][info][gc             ] GC(2468) Pause Young (Allocation Failure) 5729M->3480M(5851M) 102.636ms
[6801.037s][info][gc,cpu         ] GC(2468) User=0.57s Sys=0.04s Real=0.10s
..[6802.419s][info][gc,start       ] GC(2469) Pause Young (Allocation Failure)
[6802.521s][info][gc,heap        ] GC(2469) PSYoungGen: 2583540K(2599936K)->162656K(2604032K) Eden: 2411008K(2411008K)->0K(2417152K) From: 172532K(188928K)->162656K(186880K)
[6802.521s][info][gc,heap        ] GC(2469) ParOldGen: 3391798K(3392000K)->3498934K(3499008K)
[6802.521s][info][gc,metaspace   ] GC(2469) Metaspace: 29091K(29376K)->29091K(29376K) NonClass: 25989K(26112K)->25989K(26112K) Class: 3102K(3264K)->3102K(3264K)
[6802.521s][info][gc             ] GC(2469) Pause Young (Allocation Failure) 5835M->3575M(5960M) 102.205ms
[6802.521s][info][gc,cpu         ] GC(2469) User=0.57s Sys=0.03s Real=0.10s
.[6803.926s][info][gc,start       ] GC(2470) Pause Young (Allocation Failure)
[6804.031s][info][gc,heap        ] GC(2470) PSYoungGen: 2579808K(2604032K)->169088K(2605056K) Eden: 2417152K(2417152K)->0K(2417152K) From: 162656K(186880K)->169088K(187904K)
[6804.031s][info][gc,heap        ] GC(2470) ParOldGen: 3498934K(3499008K)->3604046K(3604480K)
[6804.031s][info][gc,metaspace   ] GC(2470) Metaspace: 29091K(29376K)->29091K(29376K) NonClass: 25989K(26112K)->25989K(26112K) Class: 3102K(3264K)->3102K(3264K)
[6804.031s][info][gc             ] GC(2470) Pause Young (Allocation Failure) 5936M->3684M(6064M) 105.165ms
[6804.031s][info][gc,cpu         ] GC(2470) User=0.59s Sys=0.03s Real=0.10s
.|.[6805.424s][info][gc,start       ] GC(2471) Pause Young (Allocation Failure)
[6805.522s][info][gc,heap        ] GC(2471) PSYoungGen: 2586240K(2605056K)->158768K(2606080K) Eden: 2417152K(2417152K)->0K(2421248K) From: 169088K(187904K)->158768K(184832K)
[6805.522s][info][gc,heap        ] GC(2471) ParOldGen: 3604046K(3604480K)->3705438K(3705856K)
[6805.522s][info][gc,metaspace   ] GC(2471) Metaspace: 29091K(29376K)->29091K(29376K) NonClass: 25989K(26112K)->25989K(26112K) Class: 3102K(3264K)->3102K(3264K)
[6805.522s][info][gc             ] GC(2471) Pause Young (Allocation Failure) 6045M->3773M(6164M) 98.605ms
[6805.522s][info][gc,cpu         ] GC(2471) User=0.55s Sys=0.03s Real=0.10s
.[6806.890s][info][gc,start       ] GC(2472) Pause Young (Allocation Failure)
[6806.994s][info][gc,heap        ] GC(2472) PSYoungGen: 2580016K(2606080K)->168976K(2607104K) Eden: 2421248K(2421248K)->0K(2421248K) From: 158768K(184832K)->168976K(185856K)
[6806.994s][info][gc,heap        ] GC(2472) ParOldGen: 3705438K(3705856K)->3809958K(3810304K)
[6806.994s][info][gc,metaspace   ] GC(2472) Metaspace: 29091K(29376K)->29091K(29376K) NonClass: 25989K(26112K)->25989K(26112K) Class: 3102K(3264K)->3102K(3264K)
[6806.994s][info][gc             ] GC(2472) Pause Young (Allocation Failure) 6138M->3885M(6267M) 103.956ms
[6806.994s][info][gc,cpu         ] GC(2472) User=0.59s Sys=0.03s Real=0.11s
..[6808.385s][info][gc,start       ] GC(2473) Pause Young (Allocation Failure)
[6808.490s][info][gc,heap        ] GC(2473) PSYoungGen: 2590224K(2607104K)->170554K(2609664K) Eden: 2421248K(2421248K)->0K(2424832K) From: 168976K(185856K)->170554K(184832K)
[6808.490s][info][gc,heap        ] GC(2473) ParOldGen: 3809958K(3810304K)->3911942K(3912192K)
[6808.490s][info][gc,metaspace   ] GC(2473) Metaspace: 29091K(29376K)->29091K(29376K) NonClass: 25989K(26112K)->25989K(26112K) Class: 3102K(3264K)->3102K(3264K)
[6808.490s][info][gc             ] GC(2473) Pause Young (Allocation Failure) 6250M->3986M(6369M) 104.894ms
[6808.490s][info][gc,cpu         ] GC(2473) User=0.58s Sys=0.04s Real=0.10s
.[6809.860s][info][gc,start       ] GC(2474) Pause Young (Allocation Failure)
[6809.968s][info][gc,heap        ] GC(2474) PSYoungGen: 2595386K(2609664K)->177333K(2602496K) Eden: 2424832K(2424832K)->0K(2424832K) From: 170554K(184832K)->177333K(177664K)
[6809.968s][info][gc,heap        ] GC(2474) ParOldGen: 3911942K(3912192K)->4016630K(4016640K)
[6809.968s][info][gc,metaspace   ] GC(2474) Metaspace: 29091K(29376K)->29091K(29376K) NonClass: 25989K(26112K)->25989K(26112K) Class: 3102K(3264K)->3102K(3264K)
[6809.968s][info][gc             ] GC(2474) Pause Young (Allocation Failure) 6354M->4095M(6464M) 107.912ms
[6809.968s][info][gc,cpu         ] GC(2474) User=0.60s Sys=0.04s Real=0.11s
..[6811.403s][info][gc,start       ] GC(2475) Pause Young (Allocation Failure)
[6811.503s][info][gc,heap        ] GC(2475) PSYoungGen: 2602165K(2602496K)->153723K(2608128K) Eden: 2424832K(2424832K)->0K(2420224K) From: 177333K(177664K)->153723K(187904K)
[6811.503s][info][gc,heap        ] GC(2475) ParOldGen: 4016630K(4016640K)->4124894K(4125184K)
[6811.503s][info][gc,metaspace   ] GC(2475) Metaspace: 29091K(29376K)->29091K(29376K) NonClass: 25989K(26112K)->25989K(26112K) Class: 3102K(3264K)->3102K(3264K)
[6811.503s][info][gc             ] GC(2475) Pause Young (Allocation Failure) 6463M->4178M(6575M) 100.356ms
[6811.503s][info][gc,cpu         ] GC(2475) User=0.56s Sys=0.03s Real=0.10s
.[6812.898s][info][gc,start       ] GC(2476) Pause Young (Allocation Failure)
[6812.999s][info][gc,heap        ] GC(2476) PSYoungGen: 2573947K(2608128K)->173184K(2593792K) Eden: 2420224K(2420224K)->0K(2420224K) From: 153723K(187904K)->173184K(173568K)
[6812.999s][info][gc,heap        ] GC(2476) ParOldGen: 4124894K(4125184K)->4219518K(4219904K)
[6812.999s][info][gc,metaspace   ] GC(2476) Metaspace: 29091K(29376K)->29091K(29376K) NonClass: 25989K(26112K)->25989K(26112K) Class: 3102K(3264K)->3102K(3264K)
[6812.999s][info][gc             ] GC(2476) Pause Young (Allocation Failure) 6541M->4289M(6654M) 100.667ms
[6812.999s][info][gc,cpu         ] GC(2476) User=0.57s Sys=0.03s Real=0.10s
.[6814.357s][info][gc,start       ] GC(2477) Pause Young (Allocation Failure)
[6814.460s][info][gc,heap        ] GC(2477) PSYoungGen: 2593408K(2593792K)->154527K(2607616K) Eden: 2420224K(2420224K)->0K(2419200K) From: 173184K(173568K)->154527K(188416K)
[6814.460s][info][gc,heap        ] GC(2477) ParOldGen: 4219518K(4219904K)->4334294K(4334592K)
[6814.460s][info][gc,metaspace   ] GC(2477) Metaspace: 29091K(29376K)->29091K(29376K) NonClass: 25989K(26112K)->25989K(26112K) Class: 3102K(3264K)->3102K(3264K)
[6814.460s][info][gc             ] GC(2477) Pause Young (Allocation Failure) 6653M->4383M(6779M) 102.948ms
[6814.460s][info][gc,cpu         ] GC(2477) User=0.57s Sys=0.03s Real=0.10s
..[6815.784s][info][gc,start       ] GC(2478) Pause Young (Allocation Failure)
[6815.892s][info][gc,heap        ] GC(2478) PSYoungGen: 2573727K(2607616K)->176307K(2595840K) Eden: 2419200K(2419200K)->0K(2419200K) From: 154527K(188416K)->176307K(176640K)
[6815.892s][info][gc,heap        ] GC(2478) ParOldGen: 4334294K(4334592K)->4432286K(4432384K)
[6815.892s][info][gc,metaspace   ] GC(2478) Metaspace: 29091K(29376K)->29091K(29376K) NonClass: 25989K(26112K)->25989K(26112K) Class: 3102K(3264K)->3102K(3264K)
[6815.892s][info][gc             ] GC(2478) Pause Young (Allocation Failure) 6746M->4500M(6863M) 108.164ms
[6815.892s][info][gc,cpu         ] GC(2478) User=0.60s Sys=0.03s Real=0.11s
.[6817.298s][info][gc,start       ] GC(2479) Pause Young (Allocation Failure)
[6817.404s][info][gc,heap        ] GC(2479) PSYoungGen: 2595507K(2595840K)->167715K(2607616K) Eden: 2419200K(2419200K)->0K(2417152K) From: 176307K(176640K)->167715K(190464K)
[6817.404s][info][gc,heap        ] GC(2479) ParOldGen: 4432286K(4432384K)->4538702K(4538880K)
[6817.404s][info][gc,metaspace   ] GC(2479) Metaspace: 29091K(29376K)->29091K(29376K) NonClass: 25989K(26112K)->25989K(26112K) Class: 3102K(3264K)->3102K(3264K)
[6817.404s][info][gc             ] GC(2479) Pause Young (Allocation Failure) 6863M->4596M(6979M) 105.728ms
[6817.404s][info][gc,cpu         ] GC(2479) User=0.59s Sys=0.03s Real=0.11s
..[6818.750s][info][gc,start       ] GC(2480) Pause Young (Allocation Failure)
[6818.853s][info][gc,heap        ] GC(2480) PSYoungGen: 2584867K(2607616K)->165620K(2583040K) Eden: 2417152K(2417152K)->0K(2417152K) From: 167715K(190464K)->165620K(165888K)
[6818.853s][info][gc,heap        ] GC(2480) ParOldGen: 4538702K(4538880K)->4640990K(4641280K)
[6818.853s][info][gc,metaspace   ] GC(2480) Metaspace: 29091K(29376K)->29091K(29376K) NonClass: 25989K(26112K)->25989K(26112K) Class: 3102K(3264K)->3102K(3264K)
[6818.853s][info][gc             ] GC(2480) Pause Young (Allocation Failure) 6956M->4693M(7055M) 102.808ms
[6818.853s][info][gc,cpu         ] GC(2480) User=0.57s Sys=0.03s Real=0.11s
.[6820.182s][info][gc,start       ] GC(2481) Pause Young (Allocation Failure)
[6820.285s][info][gc,heap        ] GC(2481) PSYoungGen: 2582772K(2583040K)->160299K(2604544K) Eden: 2417152K(2417152K)->0K(2418176K) From: 165620K(165888K)->160299K(186368K)
[6820.285s][info][gc,heap        ] GC(2481) ParOldGen: 4640990K(4641280K)->4745422K(4745728K)
[6820.285s][info][gc,metaspace   ] GC(2481) Metaspace: 29091K(29376K)->29091K(29376K) NonClass: 25989K(26112K)->25989K(26112K) Class: 3102K(3264K)->3102K(3264K)
[6820.285s][info][gc             ] GC(2481) Pause Young (Allocation Failure) 7054M->4790M(7178M) 103.429ms
[6820.285s][info][gc,cpu         ] GC(2481) User=0.58s Sys=0.02s Real=0.10s
..[6821.679s][info][gc,start       ] GC(2482) Pause Young (Allocation Failure)
[6821.784s][info][gc,heap        ] GC(2482) PSYoungGen: 2578475K(2604544K)->168261K(2603520K) Eden: 2418176K(2418176K)->0K(2418176K) From: 160299K(186368K)->168261K(185344K)
[6821.784s][info][gc,heap        ] GC(2482) ParOldGen: 4745422K(4745728K)->4849262K(4849664K)
[6821.784s][info][gc,metaspace   ] GC(2482) Metaspace: 29091K(29376K)->29091K(29376K) NonClass: 25989K(26112K)->25989K(26112K) Class: 3102K(3264K)->3102K(3264K)
[6821.784s][info][gc             ] GC(2482) Pause Young (Allocation Failure) 7152M->4899M(7278M) 105.330ms
[6821.784s][info][gc,cpu         ] GC(2482) User=0.59s Sys=0.03s Real=0.11s
.[6823.176s][info][gc,start       ] GC(2483) Pause Young (Allocation Failure)
[6823.277s][info][gc,heap        ] GC(2483) PSYoungGen: 2586437K(2603520K)->151365K(2608128K) Eden: 2418176K(2418176K)->0K(2423808K) From: 168261K(185344K)->151365K(184320K)
[6823.277s][info][gc,heap        ] GC(2483) ParOldGen: 4849262K(4849664K)->4958238K(4958720K)
[6823.277s][info][gc,metaspace   ] GC(2483) Metaspace: 29091K(29376K)->29091K(29376K) NonClass: 25989K(26112K)->25989K(26112K) Class: 3102K(3264K)->3102K(3264K)
[6823.277s][info][gc             ] GC(2483) Pause Young (Allocation Failure) 7261M->4989M(7389M) 101.352ms
[6823.277s][info][gc,cpu         ] GC(2483) User=0.55s Sys=0.04s Real=0.10s
.[6824.670s][info][gc,start       ] GC(2484) Pause Young (Allocation Failure)
[6824.776s][info][gc,heap        ] GC(2484) PSYoungGen: 2575173K(2608128K)->169872K(2608640K) Eden: 2423808K(2423808K)->0K(2423808K) From: 151365K(184320K)->169872K(184832K)
[6824.776s][info][gc,heap        ] GC(2484) ParOldGen: 4958238K(4958720K)->5059198K(5059584K)
[6824.776s][info][gc,metaspace   ] GC(2484) Metaspace: 29091K(29376K)->29091K(29376K) NonClass: 25989K(26112K)->25989K(26112K) Class: 3102K(3264K)->3102K(3264K)
[6824.776s][info][gc             ] GC(2484) Pause Young (Allocation Failure) 7356M->5106M(7488M) 106.260ms
[6824.776s][info][gc,cpu         ] GC(2484) User=0.61s Sys=0.03s Real=0.11s
..[6826.192s][info][gc,start       ] GC(2485) Pause Young (Allocation Failure)
[6826.293s][info][gc,heap        ] GC(2485) PSYoungGen: 2593680K(2608640K)->158720K(2610176K) Eden: 2423808K(2423808K)->0K(2426368K) From: 169872K(184832K)->158720K(183808K)
[6826.293s][info][gc,heap        ] GC(2485) ParOldGen: 5059198K(5059584K)->5162134K(5162496K)
[6826.293s][info][gc,metaspace   ] GC(2485) Metaspace: 29091K(29376K)->29091K(29376K) NonClass: 25989K(26112K)->25989K(26112K) Class: 3102K(3264K)->3102K(3264K)
[6826.293s][info][gc             ] GC(2485) Pause Young (Allocation Failure) 7473M->5196M(7590M) 101.317ms
[6826.293s][info][gc,cpu         ] GC(2485) User=0.57s Sys=0.03s Real=0.10s
.[6827.667s][info][gc,start       ] GC(2486) Pause Young (Allocation Failure)
[6827.772s][info][gc,heap        ] GC(2486) PSYoungGen: 2585088K(2610176K)->165744K(2610688K) Eden: 2426368K(2426368K)->0K(2426368K) From: 158720K(183808K)->165744K(184320K)
[6827.772s][info][gc,heap        ] GC(2486) ParOldGen: 5162134K(5162496K)->5264838K(5264896K)
[6827.772s][info][gc,metaspace   ] GC(2486) Metaspace: 29091K(29376K)->29091K(29376K) NonClass: 25989K(26112K)->25989K(26112K) Class: 3102K(3264K)->3102K(3264K)
[6827.772s][info][gc             ] GC(2486) Pause Young (Allocation Failure) 7565M->5303M(7691M) 104.280ms
[6827.772s][info][gc,cpu         ] GC(2486) User=0.58s Sys=0.03s Real=0.10s
..[6829.128s][info][gc,start       ] GC(2487) Pause Young (Allocation Failure)
[6829.227s][info][gc,heap        ] GC(2487) PSYoungGen: 2592112K(2610688K)->150336K(2610176K) Eden: 2426368K(2426368K)->0K(2427392K) From: 165744K(184320K)->150336K(182784K)
[6829.227s][info][gc,heap        ] GC(2487) ParOldGen: 5264838K(5264896K)->5371798K(5371904K)
[6829.227s][info][gc,metaspace   ] GC(2487) Metaspace: 29091K(29376K)->29091K(29376K) NonClass: 25989K(26112K)->25989K(26112K) Class: 3102K(3264K)->3102K(3264K)
[6829.227s][info][gc             ] GC(2487) Pause Young (Allocation Failure) 7672M->5392M(7795M) 99.086ms
[6829.227s][info][gc,cpu         ] GC(2487) User=0.55s Sys=0.03s Real=0.10s
.[6830.582s][info][gc,start       ] GC(2488) Pause Young (Allocation Failure)
[6830.683s][info][gc,heap        ] GC(2488) PSYoungGen: 2577728K(2610176K)->159616K(2610688K) Eden: 2427392K(2427392K)->0K(2427392K) From: 150336K(182784K)->159616K(183296K)
[6830.683s][info][gc,heap        ] GC(2488) ParOldGen: 5371798K(5371904K)->5473030K(5473280K)
[6830.683s][info][gc,metaspace   ] GC(2488) Metaspace: 29091K(29376K)->29091K(29376K) NonClass: 25989K(26112K)->25989K(26112K) Class: 3102K(3264K)->3102K(3264K)
[6830.683s][info][gc             ] GC(2488) Pause Young (Allocation Failure) 7763M->5500M(7894M) 100.491ms
[6830.683s][info][gc,cpu         ] GC(2488) User=0.56s Sys=0.03s Real=0.10s
.[6831.228s][info][gc,start       ] GC(2489) Pause Full (Diagnostic Command)
[6831.228s][info][gc,phases,start] GC(2489) Marking Phase
[6831.581s][info][gc,phases      ] GC(2489) Marking Phase 352.746ms
[6831.581s][info][gc,phases,start] GC(2489) Summary Phase
[6831.581s][info][gc,phases      ] GC(2489) Summary Phase 0.092ms
[6831.581s][info][gc,phases,start] GC(2489) Forward
[6831.829s][info][gc,phases      ] GC(2489) Forward 247.903ms
[6831.829s][info][gc,phases,start] GC(2489) Adjust Pointers
[6832.055s][info][gc,phases      ] GC(2489) Adjust Pointers 225.416ms
[6832.055s][info][gc,phases,start] GC(2489) Compaction Phase
[6832.336s][info][gc,phases      ] GC(2489) Compaction Phase 281.641ms
[6832.339s][info][gc,phases,start] GC(2489) Post Compact
[6832.345s][info][gc,phases      ] GC(2489) Post Compact 5.881ms
[6832.345s][info][gc,heap        ] GC(2489) PSYoungGen: 1189419K(2610688K)->0K(2610688K) Eden: 1029803K(2427392K)->0K(2427392K) From: 159616K(183296K)->0K(183296K)
[6832.345s][info][gc,heap        ] GC(2489) ParOldGen: 5473030K(5473280K)->1353866K(5473280K)
[6832.345s][info][gc,metaspace   ] GC(2489) Metaspace: 29091K(29376K)->29088K(29376K) NonClass: 25989K(26112K)->25986K(26112K) Class: 3102K(3264K)->3101K(3264K)
[6832.345s][info][gc             ] GC(2489) Pause Full (Diagnostic Command) 6506M->1322M(7894M) 1116.555ms
[6832.345s][info][gc,cpu         ] GC(2489) User=5.43s Sys=0.01s Real=1.12s
.[6833.601s][info][gc,start       ] GC(2490) Pause Young (Allocation Failure)
[6833.674s][info][gc,heap        ] GC(2490) PSYoungGen: 2427392K(2610688K)->179641K(2605056K) Eden: 2427392K(2427392K)->0K(2423296K) From: 0K(183296K)->179641K(181760K)
[6833.674s][info][gc,heap        ] GC(2490) ParOldGen: 1353866K(5473280K)->1353866K(5473280K)
[6833.674s][info][gc,metaspace   ] GC(2490) Metaspace: 29088K(29376K)->29088K(29376K) NonClass: 25986K(26112K)->25986K(26112K) Class: 3101K(3264K)->3101K(3264K)
[6833.674s][info][gc             ] GC(2490) Pause Young (Allocation Failure) 3692M->1497M(7889M) 73.138ms
[6833.674s][info][gc,cpu         ] GC(2490) User=0.43s Sys=0.00s Real=0.08s
.[6834.954s][info][gc,start       ] GC(2491) Pause Young (Allocation Failure)
[6835.055s][info][gc,heap        ] GC(2491) PSYoungGen: 2602937K(2605056K)->174500K(2597888K) Eden: 2423296K(2423296K)->0K(2423296K) From: 179641K(181760K)->174500K(174592K)
[6835.055s][info][gc,heap        ] GC(2491) ParOldGen: 1353866K(5473280K)->1461306K(5473280K)
[6835.055s][info][gc,metaspace   ] GC(2491) Metaspace: 29088K(29376K)->29088K(29376K) NonClass: 25986K(26112K)->25986K(26112K) Class: 3101K(3264K)->3101K(3264K)
[6835.055s][info][gc             ] GC(2491) Pause Young (Allocation Failure) 3864M->1597M(7882M) 101.276ms
[6835.055s][info][gc,cpu         ] GC(2491) User=0.60s Sys=0.00s Real=0.10s
.[6836.411s][info][gc,start       ] GC(2492) Pause Young (Allocation Failure)
[6836.507s][info][gc,heap        ] GC(2492) PSYoungGen: 2597796K(2597888K)->156900K(2609152K) Eden: 2423296K(2423296K)->0K(2421248K) From: 174500K(174592K)->156900K(187904K)
[6836.507s][info][gc,heap        ] GC(2492) ParOldGen: 1461306K(5473280K)->1570362K(5473280K)
[6836.507s][info][gc,metaspace   ] GC(2492) Metaspace: 29088K(29376K)->29088K(29376K) NonClass: 25986K(26112K)->25986K(26112K) Class: 3101K(3264K)->3101K(3264K)
[6836.507s][info][gc             ] GC(2492) Pause Young (Allocation Failure) 3963M->1686M(7893M) 95.574ms
[6836.507s][info][gc,cpu         ] GC(2492) User=0.56s Sys=0.00s Real=0.10s
..[6837.821s][info][gc,start       ] GC(2493) Pause Young (Allocation Failure)
[6837.913s][info][gc,heap        ] GC(2493) PSYoungGen: 2578148K(2609152K)->158880K(2580480K) Eden: 2421248K(2421248K)->0K(2421248K) From: 156900K(187904K)->158880K(159232K)
[6837.913s][info][gc,heap        ] GC(2493) ParOldGen: 1570362K(5473280K)->1669578K(5473280K)
[6837.913s][info][gc,metaspace   ] GC(2493) Metaspace: 29088K(29376K)->29088K(29376K) NonClass: 25986K(26112K)->25986K(26112K) Class: 3101K(3264K)->3101K(3264K)
[6837.913s][info][gc             ] GC(2493) Pause Young (Allocation Failure) 4051M->1785M(7865M) 92.226ms
[6837.913s][info][gc,cpu         ] GC(2493) User=0.55s Sys=0.00s Real=0.10s
.[6839.200s][info][gc,start       ] GC(2494) Pause Young (Allocation Failure)
[6839.298s][info][gc,heap        ] GC(2494) PSYoungGen: 2580128K(2580480K)->163744K(2609152K) Eden: 2421248K(2421248K)->0K(2423296K) From: 158880K(159232K)->163744K(185856K)
[6839.298s][info][gc,heap        ] GC(2494) ParOldGen: 1669578K(5473280K)->1774890K(5473280K)
[6839.298s][info][gc,metaspace   ] GC(2494) Metaspace: 29088K(29376K)->29088K(29376K) NonClass: 25986K(26112K)->25986K(26112K) Class: 3101K(3264K)->3101K(3264K)
[6839.298s][info][gc             ] GC(2494) Pause Young (Allocation Failure) 4150M->1893M(7893M) 98.211ms
[6839.298s][info][gc,cpu         ] GC(2494) User=0.57s Sys=0.00s Real=0.10s
.[6840.639s][info][gc,start       ] GC(2495) Pause Young (Allocation Failure)
[6840.735s][info][gc,heap        ] GC(2495) PSYoungGen: 2587040K(2609152K)->163977K(2607104K) Eden: 2423296K(2423296K)->0K(2423296K) From: 163744K(185856K)->163977K(183808K)
[6840.735s][info][gc,heap        ] GC(2495) ParOldGen: 1774890K(5473280K)->1876306K(5473280K)
[6840.735s][info][gc,metaspace   ] GC(2495) Metaspace: 29088K(29376K)->29088K(29376K) NonClass: 25986K(26112K)->25986K(26112K) Class: 3101K(3264K)->3101K(3264K)
[6840.735s][info][gc             ] GC(2495) Pause Young (Allocation Failure) 4259M->1992M(7891M) 95.373ms
[6840.735s][info][gc,cpu         ] GC(2495) User=0.57s Sys=0.00s Real=0.10s
.[6842.064s][info][gc,start       ] GC(2496) Pause Young (Allocation Failure)
[6842.160s][info][gc,heap        ] GC(2496) PSYoungGen: 2587273K(2607104K)->166048K(2609152K) Eden: 2423296K(2423296K)->0K(2427392K) From: 163977K(183808K)->166048K(181760K)
[6842.161s][info][gc,heap        ] GC(2496) ParOldGen: 1876306K(5473280K)->1986474K(5473280K)
[6842.161s][info][gc,metaspace   ] GC(2496) Metaspace: 29088K(29376K)->29088K(29376K) NonClass: 25986K(26112K)->25986K(26112K) Class: 3101K(3264K)->3101K(3264K)
[6842.161s][info][gc             ] GC(2496) Pause Young (Allocation Failure) 4358M->2102M(7893M) 96.964ms
[6842.161s][info][gc,cpu         ] GC(2496) User=0.58s Sys=0.00s Real=0.09s
..[6843.438s][info][gc,start       ] GC(2497) Pause Young (Allocation Failure)
[6843.582s][info][gc,heap        ] GC(2497) PSYoungGen: 2593440K(2609152K)->169252K(2608128K) Eden: 2427392K(2427392K)->0K(2427392K) From: 166048K(181760K)->169252K(180736K)
[6843.582s][info][gc,heap        ] GC(2497) ParOldGen: 1986474K(5473280K)->2086882K(5473280K)
[6843.582s][info][gc,metaspace   ] GC(2497) Metaspace: 29088K(29376K)->29088K(29376K) NonClass: 25986K(26112K)->25986K(26112K) Class: 3101K(3264K)->3101K(3264K)
[6843.582s][info][gc             ] GC(2497) Pause Young (Allocation Failure) 4472M->2203M(7892M) 143.846ms
[6843.582s][info][gc,cpu         ] GC(2497) User=0.58s Sys=0.00s Real=0.15s
.[6844.871s][info][gc,start       ] GC(2498) Pause Young (Allocation Failure)
[6844.972s][info][gc,heap        ] GC(2498) PSYoungGen: 2596644K(2608128K)->175205K(2610688K) Eden: 2427392K(2427392K)->0K(2429440K) From: 169252K(180736K)->175205K(181248K)
[6844.972s][info][gc,heap        ] GC(2498) ParOldGen: 2086882K(5473280K)->2190362K(5473280K)
[6844.972s][info][gc,metaspace   ] GC(2498) Metaspace: 29088K(29376K)->29088K(29376K) NonClass: 25986K(26112K)->25986K(26112K) Class: 3101K(3264K)->3101K(3264K)
[6844.972s][info][gc             ] GC(2498) Pause Young (Allocation Failure) 4573M->2310M(7894M) 101.242ms
[6844.972s][info][gc,cpu         ] GC(2498) User=0.60s Sys=0.00s Real=0.11s
.[6846.330s][info][gc,start       ] GC(2499) Pause Young (Allocation Failure)
[6846.429s][info][gc,heap        ] GC(2499) PSYoungGen: 2604645K(2610688K)->163331K(2612736K) Eden: 2429440K(2429440K)->0K(2429440K) From: 175205K(181248K)->163331K(183296K)
[6846.429s][info][gc,heap        ] GC(2499) ParOldGen: 2190362K(5473280K)->2296498K(5473280K)
[6846.429s][info][gc,metaspace   ] GC(2499) Metaspace: 29088K(29376K)->29088K(29376K) NonClass: 25986K(26112K)->25986K(26112K) Class: 3101K(3264K)->3101K(3264K)
[6846.429s][info][gc             ] GC(2499) Pause Young (Allocation Failure) 4682M->2402M(7896M) 99.172ms
[6846.429s][info][gc,cpu         ] GC(2499) User=0.59s Sys=0.00s Real=0.10s
..[6847.816s][info][gc,start       ] GC(2500) Pause Young (Allocation Failure)
[6847.916s][info][gc,heap        ] GC(2500) PSYoungGen: 2592771K(2612736K)->174229K(2610176K) Eden: 2429440K(2429440K)->0K(2428416K) From: 163331K(183296K)->174229K(181760K)
[6847.916s][info][gc,heap        ] GC(2500) ParOldGen: 2296498K(5473280K)->2397458K(5473280K)
[6847.916s][info][gc,metaspace   ] GC(2500) Metaspace: 29088K(29376K)->29088K(29376K) NonClass: 25986K(26112K)->25986K(26112K) Class: 3101K(3264K)->3101K(3264K)
[6847.916s][info][gc             ] GC(2500) Pause Young (Allocation Failure) 4774M->2511M(7894M) 100.262ms
[6847.916s][info][gc,cpu         ] GC(2500) User=0.60s Sys=0.00s Real=0.10s
.[6849.331s][info][gc,start       ] GC(2501) Pause Young (Allocation Failure)
[6849.426s][info][gc,heap        ] GC(2501) PSYoungGen: 2602645K(2610176K)->152928K(2581504K) Eden: 2428416K(2428416K)->0K(2428416K) From: 174229K(181760K)->152928K(153088K)
[6849.426s][info][gc,heap        ] GC(2501) ParOldGen: 2397458K(5473280K)->2502650K(5473280K)
[6849.426s][info][gc,metaspace   ] GC(2501) Metaspace: 29088K(29376K)->29088K(29376K) NonClass: 25986K(26112K)->25986K(26112K) Class: 3101K(3264K)->3101K(3264K)
[6849.426s][info][gc             ] GC(2501) Pause Young (Allocation Failure) 4882M->2593M(7866M) 94.278ms
[6849.426s][info][gc,cpu         ] GC(2501) User=0.56s Sys=0.00s Real=0.10s
..[6850.833s][info][gc,start       ] GC(2502) Pause Young (Allocation Failure)
[6850.934s][info][gc,heap        ] GC(2502) PSYoungGen: 2581344K(2581504K)->168652K(2612224K) Eden: 2428416K(2428416K)->0K(2427904K) From: 152928K(153088K)->168652K(184320K)
[6850.934s][info][gc,heap        ] GC(2502) ParOldGen: 2502650K(5473280K)->2608826K(5473280K)
[6850.934s][info][gc,metaspace   ] GC(2502) Metaspace: 29088K(29376K)->29088K(29376K) NonClass: 25986K(26112K)->25986K(26112K) Class: 3101K(3264K)->3101K(3264K)
[6850.934s][info][gc             ] GC(2502) Pause Young (Allocation Failure) 4964M->2712M(7896M) 100.819ms
[6850.934s][info][gc,cpu         ] GC(2502) User=0.60s Sys=0.00s Real=0.10s
.[6852.428s][info][gc,start       ] GC(2503) Pause Young (Allocation Failure)
[6852.528s][info][gc,heap        ] GC(2503) PSYoungGen: 2596556K(2612224K)->172121K(2611712K) Eden: 2427904K(2427904K)->0K(2427904K) From: 168652K(184320K)->172121K(183808K)
[6852.528s][info][gc,heap        ] GC(2503) ParOldGen: 2608826K(5473280K)->2709890K(5473280K)
[6852.528s][info][gc,metaspace   ] GC(2503) Metaspace: 29088K(29376K)->29088K(29376K) NonClass: 25986K(26112K)->25986K(26112K) Class: 3101K(3264K)->3101K(3264K)
[6852.528s][info][gc             ] GC(2503) Pause Young (Allocation Failure) 5083M->2814M(7895M) 100.465ms
[6852.528s][info][gc,cpu         ] GC(2503) User=0.59s Sys=0.00s Real=0.10s
..[6853.875s][info][gc,start       ] GC(2504) Pause Young (Allocation Failure)
[6853.981s][info][gc,heap        ] GC(2504) PSYoungGen: 2600025K(2611712K)->179273K(2605568K) Eden: 2427904K(2427904K)->0K(2421248K) From: 172121K(183808K)->179273K(184320K)
[6853.981s][info][gc,heap        ] GC(2504) ParOldGen: 2709890K(5473280K)->2815514K(5473280K)
[6853.981s][info][gc,metaspace   ] GC(2504) Metaspace: 29088K(29376K)->29088K(29376K) NonClass: 25986K(26112K)->25986K(26112K) Class: 3101K(3264K)->3101K(3264K)
[6853.981s][info][gc             ] GC(2504) Pause Young (Allocation Failure) 5185M->2924M(7889M) 105.951ms
[6853.981s][info][gc,cpu         ] GC(2504) User=0.62s Sys=0.00s Real=0.10s
.[6855.274s][info][gc,start       ] GC(2505) Pause Young (Allocation Failure)
[6855.372s][info][gc,heap        ] GC(2505) PSYoungGen: 2600521K(2605568K)->166608K(2608640K) Eden: 2421248K(2421248K)->0K(2421248K) From: 179273K(184320K)->166608K(187392K)
[6855.372s][info][gc,heap        ] GC(2505) ParOldGen: 2815514K(5473280K)->2916010K(5473280K)
[6855.372s][info][gc,metaspace   ] GC(2505) Metaspace: 29088K(29376K)->29088K(29376K) NonClass: 25986K(26112K)->25986K(26112K) Class: 3101K(3264K)->3101K(3264K)
[6855.372s][info][gc             ] GC(2505) Pause Young (Allocation Failure) 5289M->3010M(7892M) 97.220ms
[6855.372s][info][gc,cpu         ] GC(2505) User=0.57s Sys=0.01s Real=0.09s
..[6856.677s][info][gc,start       ] GC(2506) Pause Young (Allocation Failure)
[6856.775s][info][gc,heap        ] GC(2506) PSYoungGen: 2587856K(2608640K)->167376K(2604544K) Eden: 2421248K(2421248K)->0K(2423296K) From: 166608K(187392K)->167376K(181248K)
[6856.775s][info][gc,heap        ] GC(2506) ParOldGen: 2916010K(5473280K)->3022714K(5473280K)
[6856.775s][info][gc,metaspace   ] GC(2506) Metaspace: 29088K(29376K)->29088K(29376K) NonClass: 25986K(26112K)->25986K(26112K) Class: 3101K(3264K)->3101K(3264K)
[6856.775s][info][gc             ] GC(2506) Pause Young (Allocation Failure) 5374M->3115M(7888M) 98.133ms
[6856.775s][info][gc,cpu         ] GC(2506) User=0.58s Sys=0.00s Real=0.10s
.[6858.125s][info][gc,start       ] GC(2507) Pause Young (Allocation Failure)
[6858.223s][info][gc,heap        ] GC(2507) PSYoungGen: 2590672K(2604544K)->160852K(2607104K) Eden: 2423296K(2423296K)->0K(2423296K) From: 167376K(181248K)->160852K(183808K)
[6858.223s][info][gc,heap        ] GC(2507) ParOldGen: 3022714K(5473280K)->3129290K(5473280K)
[6858.223s][info][gc,metaspace   ] GC(2507) Metaspace: 29088K(29376K)->29088K(29376K) NonClass: 25986K(26112K)->25986K(26112K) Class: 3101K(3264K)->3101K(3264K)
[6858.223s][info][gc             ] GC(2507) Pause Young (Allocation Failure) 5481M->3213M(7891M) 98.415ms
[6858.223s][info][gc,cpu         ] GC(2507) User=0.59s Sys=0.00s Real=0.10s
.[6859.603s][info][gc,start       ] GC(2508) Pause Young (Allocation Failure)
[6859.703s][info][gc,heap        ] GC(2508) PSYoungGen: 2584148K(2607104K)->170608K(2611712K) Eden: 2423296K(2423296K)->0K(2428928K) From: 160852K(183808K)->170608K(182784K)
[6859.703s][info][gc,heap        ] GC(2508) ParOldGen: 3129290K(5473280K)->3234194K(5473280K)
[6859.703s][info][gc,metaspace   ] GC(2508) Metaspace: 29088K(29376K)->29088K(29376K) NonClass: 25986K(26112K)->25986K(26112K) Class: 3101K(3264K)->3101K(3264K)
[6859.703s][info][gc             ] GC(2508) Pause Young (Allocation Failure) 5579M->3325M(7895M) 100.529ms
[6859.704s][info][gc,cpu         ] GC(2508) User=0.60s Sys=0.00s Real=0.10s
..[6861.084s][info][gc,start       ] GC(2509) Pause Young (Allocation Failure)
[6861.179s][info][gc,heap        ] GC(2509) PSYoungGen: 2599536K(2611712K)->155360K(2612224K) Eden: 2428928K(2428928K)->0K(2428928K) From: 170608K(182784K)->155360K(183296K)
[6861.179s][info][gc,heap        ] GC(2509) ParOldGen: 3234194K(5473280K)->3336674K(5473280K)
[6861.179s][info][gc,metaspace   ] GC(2509) Metaspace: 29088K(29376K)->29088K(29376K) NonClass: 25986K(26112K)->25986K(26112K) Class: 3101K(3264K)->3101K(3264K)
[6861.179s][info][gc             ] GC(2509) Pause Young (Allocation Failure) 5697M->3410M(7896M) 94.678ms
[6861.179s][info][gc,cpu         ] GC(2509) User=0.55s Sys=0.00s Real=0.09s
.[6862.568s][info][gc,start       ] GC(2510) Pause Young (Allocation Failure)
[6862.663s][info][gc,heap        ] GC(2510) PSYoungGen: 2584288K(2612224K)->154880K(2611712K) Eden: 2428928K(2428928K)->0K(2428416K) From: 155360K(183296K)->154880K(183296K)
[6862.663s][info][gc,heap        ] GC(2510) ParOldGen: 3336674K(5473280K)->3442802K(5473280K)
[6862.663s][info][gc,metaspace   ] GC(2510) Metaspace: 29088K(29376K)->29088K(29376K) NonClass: 25986K(26112K)->25986K(26112K) Class: 3101K(3264K)->3101K(3264K)
[6862.663s][info][gc             ] GC(2510) Pause Young (Allocation Failure) 5782M->3513M(7895M) 94.496ms
[6862.663s][info][gc,cpu         ] GC(2510) User=0.56s Sys=0.00s Real=0.10s
..[6864.031s][info][gc,start       ] GC(2511) Pause Young (Allocation Failure)
[6864.127s][info][gc,heap        ] GC(2511) PSYoungGen: 2583296K(2611712K)->154905K(2612224K) Eden: 2428416K(2428416K)->0K(2428416K) From: 154880K(183296K)->154905K(183808K)
[6864.128s][info][gc,heap        ] GC(2511) ParOldGen: 3442802K(5473280K)->3546650K(5473280K)
[6864.128s][info][gc,metaspace   ] GC(2511) Metaspace: 29088K(29376K)->29088K(29376K) NonClass: 25986K(26112K)->25986K(26112K) Class: 3101K(3264K)->3101K(3264K)
[6864.128s][info][gc             ] GC(2511) Pause Young (Allocation Failure) 5884M->3614M(7896M) 96.547ms
[6864.128s][info][gc,cpu         ] GC(2511) User=0.56s Sys=0.00s Real=0.10s
. (rIR:aIR:PR = 11346:11432:11431) (tPR = 171115) [OK] 
  6864s: Performance info:
         Transaction,    Success,    Partial,     Failed,   Receipts, AvgBarcode, 
             Overall,     694697,          0,          0,     660079,      59.47, 
         Response times:
             Request,    Success,    Partial,     Failed,   SkipFail,     Probes,    Samples,      min,      p50,      p90,      p95,      p99,      max, 
       TotalPurchase,     659766,          0,          0,          0,     296600,     554565,      300,    75000,   479000,   750000,  1100000,  1400000,
     InStorePurchase,     344776,          0,          0,          0,     154646,     291284,      300,    75000,   477000,   740000,   990000,  1300000,
      OnlinePurchase,     245156,          0,          0,          0,     109130,     203908,      300,    73000,   472000,   720000,  1100000,  1300000,
        InstPurchase,      69834,          0,          0,          0,      32824,      59373,      600,    80000,   528000,   880000,  1100000,  1400000,
          AssocOfCat,        690,          0,          0,          0,        515,       1037,    28000,   145000,   593800,   780000,   972400,  1200000,
      AssocOfProduct,       6997,          0,          0,          0,       3630,       6661,     1600,    81000,   588000,   750000,   930000,  1500000,
      BusinessReport,       1727,          0,          0,          0,       1370,       2574,    35000,   142000,   558000,   830000,  1300000,  1400000,
          CustBuyBeh,       6871,          0,          0,          0,       3716,       6738,      200,    64000,   517000,   680000,   890000,  1400000,
       ProductReturn,      18308,          0,          0,          0,       8258,      14702,      300,    70000,   522000,   640000,   990000,  1500000,

  6864s: (83%)   IR =  11485 [6865.518s][info][gc,start       ] GC(2512) Pause Young (Allocation Failure)
[6865.616s][info][gc,heap        ] GC(2512) PSYoungGen: 2583321K(2612224K)->162544K(2609152K) Eden: 2428416K(2428416K)->0K(2428928K) From: 154905K(183808K)->162544K(180224K)
[6865.616s][info][gc,heap        ] GC(2512) ParOldGen: 3546650K(5473280K)->3650114K(5473280K)
[6865.616s][info][gc,metaspace   ] GC(2512) Metaspace: 29088K(29376K)->29088K(29376K) NonClass: 25986K(26112K)->25986K(26112K) Class: 3101K(3264K)->3101K(3264K)
[6865.616s][info][gc             ] GC(2512) Pause Young (Allocation Failure) 5986M->3723M(7893M) 98.450ms
[6865.616s][info][gc,cpu         ] GC(2512) User=0.58s Sys=0.00s Real=0.10s
.[6867.012s][info][gc,start       ] GC(2513) Pause Young (Allocation Failure)
[6867.102s][info][gc,heap        ] GC(2513) PSYoungGen: 2591472K(2609152K)->148704K(2610688K) Eden: 2428928K(2428928K)->0K(2428928K) From: 162544K(180224K)->148704K(181760K)
[6867.102s][info][gc,heap        ] GC(2513) ParOldGen: 3650114K(5473280K)->3751346K(5473280K)
[6867.102s][info][gc,metaspace   ] GC(2513) Metaspace: 29088K(29376K)->29088K(29376K) NonClass: 25986K(26112K)->25986K(26112K) Class: 3101K(3264K)->3101K(3264K)
[6867.103s][info][gc             ] GC(2513) Pause Young (Allocation Failure) 6095M->3808M(7894M) 90.815ms
[6867.103s][info][gc,cpu         ] GC(2513) User=0.53s Sys=0.01s Real=0.09s
..[6868.534s][info][gc,start       ] GC(2514) Pause Young (Allocation Failure)
[6868.632s][info][gc,heap        ] GC(2514) PSYoungGen: 2577632K(2610688K)->158128K(2612736K) Eden: 2428928K(2428928K)->0K(2432000K) From: 148704K(181760K)->158128K(180736K)
[6868.632s][info][gc,heap        ] GC(2514) ParOldGen: 3751346K(5473280K)->3858570K(5473280K)
[6868.632s][info][gc,metaspace   ] GC(2514) Metaspace: 29088K(29376K)->29088K(29376K) NonClass: 25986K(26112K)->25986K(26112K) Class: 3101K(3264K)->3101K(3264K)
[6868.632s][info][gc             ] GC(2514) Pause Young (Allocation Failure) 6180M->3922M(7896M) 97.405ms
[6868.632s][info][gc,cpu         ] GC(2514) User=0.58s Sys=0.00s Real=0.10s
.[6870.019s][info][gc,start       ] GC(2515) Pause Young (Allocation Failure)
[6870.115s][info][gc,heap        ] GC(2515) PSYoungGen: 2590128K(2612736K)->154795K(2613248K) Eden: 2432000K(2432000K)->0K(2432000K) From: 158128K(180736K)->154795K(181248K)
[6870.115s][info][gc,heap        ] GC(2515) ParOldGen: 3858570K(5473280K)->3960394K(5473280K)
[6870.115s][info][gc,metaspace   ] GC(2515) Metaspace: 29088K(29376K)->29088K(29376K) NonClass: 25986K(26112K)->25986K(26112K) Class: 3101K(3264K)->3101K(3264K)
[6870.115s][info][gc             ] GC(2515) Pause Young (Allocation Failure) 6297M->4018M(7897M) 96.221ms
[6870.115s][info][gc,cpu         ] GC(2515) User=0.57s Sys=0.00s Real=0.10s
..[6871.538s][info][gc,start       ] GC(2516) Pause Young (Allocation Failure)
[6871.640s][info][gc,heap        ] GC(2516) PSYoungGen: 2586795K(2613248K)->171364K(2611712K) Eden: 2432000K(2432000K)->0K(2431488K) From: 154795K(181248K)->171364K(180224K)
[6871.640s][info][gc,heap        ] GC(2516) ParOldGen: 3960394K(5473280K)->4062834K(5473280K)
[6871.640s][info][gc,metaspace   ] GC(2516) Metaspace: 29088K(29376K)->29088K(29376K) NonClass: 25986K(26112K)->25986K(26112K) Class: 3101K(3264K)->3101K(3264K)
[6871.640s][info][gc             ] GC(2516) Pause Young (Allocation Failure) 6393M->4134M(7895M) 102.785ms
[6871.640s][info][gc,cpu         ] GC(2516) User=0.61s Sys=0.00s Real=0.10s
.[6873.052s][info][gc,start       ] GC(2517) Pause Young (Allocation Failure)
[6873.156s][info][gc,heap        ] GC(2517) PSYoungGen: 2602852K(2611712K)->171780K(2603520K) Eden: 2431488K(2431488K)->0K(2431488K) From: 171364K(180224K)->171780K(172032K)
[6873.156s][info][gc,heap        ] GC(2517) ParOldGen: 4062834K(5473280K)->4168034K(5473280K)
[6873.156s][info][gc,metaspace   ] GC(2517) Metaspace: 29088K(29376K)->29088K(29376K) NonClass: 25986K(26112K)->25986K(26112K) Class: 3101K(3264K)->3101K(3264K)
[6873.156s][info][gc             ] GC(2517) Pause Young (Allocation Failure) 6509M->4238M(7887M) 103.666ms
[6873.156s][info][gc,cpu         ] GC(2517) User=0.61s Sys=0.00s Real=0.10s
..[6874.551s][info][gc,start       ] GC(2518) Pause Young (Allocation Failure)
[6874.651s][info][gc,heap        ] GC(2518) PSYoungGen: 2603268K(2603520K)->161824K(2613760K) Eden: 2431488K(2431488K)->0K(2429952K) From: 171780K(172032K)->161824K(183808K)
[6874.651s][info][gc,heap        ] GC(2518) ParOldGen: 4168034K(5473280K)->4276218K(5473280K)
[6874.651s][info][gc,metaspace   ] GC(2518) Metaspace: 29088K(29376K)->29088K(29376K) NonClass: 25986K(26112K)->25986K(26112K) Class: 3101K(3264K)->3101K(3264K)
[6874.651s][info][gc             ] GC(2518) Pause Young (Allocation Failure) 6612M->4334M(7897M) 99.977ms
[6874.651s][info][gc,cpu         ] GC(2518) User=0.58s Sys=0.00s Real=0.10s
.[6876.030s][info][gc,start       ] GC(2519) Pause Young (Allocation Failure)
[6876.123s][info][gc,heap        ] GC(2519) PSYoungGen: 2591776K(2613760K)->148064K(2612224K) Eden: 2429952K(2429952K)->0K(2429952K) From: 161824K(183808K)->148064K(182272K)
[6876.123s][info][gc,heap        ] GC(2519) ParOldGen: 4276218K(5473280K)->4378466K(5473280K)
[6876.123s][info][gc,metaspace   ] GC(2519) Metaspace: 29088K(29376K)->29088K(29376K) NonClass: 25986K(26112K)->25986K(26112K) Class: 3101K(3264K)->3101K(3264K)
[6876.123s][info][gc             ] GC(2519) Pause Young (Allocation Failure) 6707M->4420M(7896M) 92.968ms
[6876.123s][info][gc,cpu         ] GC(2519) User=0.55s Sys=0.00s Real=0.10s
..[6877.454s][info][gc,start       ] GC(2520) Pause Young (Allocation Failure)
[6877.552s][info][gc,heap        ] GC(2520) PSYoungGen: 2578016K(2612224K)->160992K(2610688K) Eden: 2429952K(2429952K)->0K(2430976K) From: 148064K(182272K)->160992K(179712K)
[6877.552s][info][gc,heap        ] GC(2520) ParOldGen: 4378466K(5473280K)->4480698K(5473280K)
[6877.552s][info][gc,metaspace   ] GC(2520) Metaspace: 29088K(29376K)->29088K(29376K) NonClass: 25986K(26112K)->25986K(26112K) Class: 3101K(3264K)->3101K(3264K)
[6877.552s][info][gc             ] GC(2520) Pause Young (Allocation Failure) 6793M->4532M(7894M) 97.344ms
[6877.552s][info][gc,cpu         ] GC(2520) User=0.58s Sys=0.00s Real=0.10s
.[6878.886s][info][gc,start       ] GC(2521) Pause Young (Allocation Failure)
[6878.985s][info][gc,heap        ] GC(2521) PSYoungGen: 2591968K(2610688K)->166880K(2611712K) Eden: 2430976K(2430976K)->0K(2430976K) From: 160992K(179712K)->166880K(180736K)
[6878.985s][info][gc,heap        ] GC(2521) ParOldGen: 4480698K(5473280K)->4586130K(5473280K)
[6878.985s][info][gc,metaspace   ] GC(2521) Metaspace: 29088K(29376K)->29088K(29376K) NonClass: 25986K(26112K)->25986K(26112K) Class: 3101K(3264K)->3101K(3264K)
[6878.985s][info][gc             ] GC(2521) Pause Young (Allocation Failure) 6906M->4641M(7895M) 99.095ms
[6878.985s][info][gc,cpu         ] GC(2521) User=0.59s Sys=0.01s Real=0.10s
.[6880.347s][info][gc,start       ] GC(2522) Pause Young (Allocation Failure)
[6880.445s][info][gc,heap        ] GC(2522) PSYoungGen: 2597856K(2611712K)->157044K(2613248K) Eden: 2430976K(2430976K)->0K(2434560K) From: 166880K(180736K)->157044K(178688K)
[6880.445s][info][gc,heap        ] GC(2522) ParOldGen: 4586130K(5473280K)->4691098K(5473280K)
[6880.445s][info][gc,metaspace   ] GC(2522) Metaspace: 29088K(29376K)->29088K(29376K) NonClass: 25986K(26112K)->25986K(26112K) Class: 3101K(3264K)->3101K(3264K)
[6880.445s][info][gc             ] GC(2522) Pause Young (Allocation Failure) 7015M->4734M(7897M) 97.940ms
[6880.445s][info][gc,cpu         ] GC(2522) User=0.58s Sys=0.00s Real=0.10s
..|[6881.804s][info][gc,start       ] GC(2523) Pause Young (Allocation Failure)
[6881.906s][info][gc,heap        ] GC(2523) PSYoungGen: 2591604K(2613248K)->169044K(2614272K) Eden: 2434560K(2434560K)->0K(2434560K) From: 157044K(178688K)->169044K(179712K)
[6881.906s][info][gc,heap        ] GC(2523) ParOldGen: 4691098K(5473280K)->4792354K(5473280K)
[6881.906s][info][gc,metaspace   ] GC(2523) Metaspace: 29088K(29376K)->29088K(29376K) NonClass: 25986K(26112K)->25986K(26112K) Class: 3101K(3264K)->3101K(3264K)
[6881.906s][info][gc             ] GC(2523) Pause Young (Allocation Failure) 7112M->4845M(7898M) 101.869ms
[6881.906s][info][gc,cpu         ] GC(2523) User=0.60s Sys=0.00s Real=0.10s
.[6883.271s][info][gc,start       ] GC(2524) Pause Young (Allocation Failure)
[6883.374s][info][gc,heap        ] GC(2524) PSYoungGen: 2603604K(2614272K)->167547K(2615296K) Eden: 2434560K(2434560K)->0K(2434560K) From: 169044K(179712K)->167547K(180736K)
[6883.374s][info][gc,heap        ] GC(2524) ParOldGen: 4792354K(5473280K)->4898370K(5473280K)
[6883.374s][info][gc,metaspace   ] GC(2524) Metaspace: 29088K(29376K)->29088K(29376K) NonClass: 25986K(26112K)->25986K(26112K) Class: 3101K(3264K)->3101K(3264K)
[6883.374s][info][gc             ] GC(2524) Pause Young (Allocation Failure) 7222M->4947M(7899M) 103.694ms
[6883.374s][info][gc,cpu         ] GC(2524) User=0.61s Sys=0.01s Real=0.11s
..[6884.720s][info][gc,start       ] GC(2525) Pause Young (Allocation Failure)
[6884.817s][info][gc,heap        ] GC(2525) PSYoungGen: 2602107K(2615296K)->160416K(2595328K) Eden: 2434560K(2434560K)->0K(2434560K) From: 167547K(180736K)->160416K(160768K)
[6884.817s][info][gc,heap        ] GC(2525) ParOldGen: 4898370K(5473280K)->4999818K(5473280K)
[6884.817s][info][gc,metaspace   ] GC(2525) Metaspace: 29088K(29376K)->29088K(29376K) NonClass: 25986K(26112K)->25986K(26112K) Class: 3101K(3264K)->3101K(3264K)
[6884.817s][info][gc             ] GC(2525) Pause Young (Allocation Failure) 7324M->5039M(7879M) 96.266ms
[6884.817s][info][gc,cpu         ] GC(2525) User=0.57s Sys=0.00s Real=0.10s
.[6886.214s][info][gc,start       ] GC(2526) Pause Young (Allocation Failure)
[6886.317s][info][gc,heap        ] GC(2526) PSYoungGen: 2594976K(2595328K)->167636K(2614272K) Eden: 2434560K(2434560K)->0K(2434560K) From: 160416K(160768K)->167636K(179712K)
[6886.317s][info][gc,heap        ] GC(2526) ParOldGen: 4999818K(5473280K)->5106018K(5473280K)
[6886.317s][info][gc,metaspace   ] GC(2526) Metaspace: 29088K(29376K)->29088K(29376K) NonClass: 25986K(26112K)->25986K(26112K) Class: 3101K(3264K)->3101K(3264K)
[6886.317s][info][gc             ] GC(2526) Pause Young (Allocation Failure) 7416M->5150M(7898M) 102.492ms
[6886.317s][info][gc,cpu         ] GC(2526) User=0.60s Sys=0.00s Real=0.10s
.[6887.690s][info][gc,start       ] GC(2527) Pause Young (Allocation Failure)
[6887.787s][info][gc,heap        ] GC(2527) PSYoungGen: 2602196K(2614272K)->157184K(2614272K) Eden: 2434560K(2434560K)->0K(2434560K) From: 167636K(179712K)->157184K(179712K)
[6887.787s][info][gc,heap        ] GC(2527) ParOldGen: 5106018K(5473280K)->5213002K(5473280K)
[6887.787s][info][gc,metaspace   ] GC(2527) Metaspace: 29088K(29376K)->29088K(29376K) NonClass: 25986K(26112K)->25986K(26112K) Class: 3101K(3264K)->3101K(3264K)
[6887.787s][info][gc             ] GC(2527) Pause Young (Allocation Failure) 7527M->5244M(7898M) 97.650ms
[6887.787s][info][gc,cpu         ] GC(2527) User=0.58s Sys=0.00s Real=0.10s
..[6889.297s][info][gc,start       ] GC(2528) Pause Young (Allocation Failure)
[6889.396s][info][gc,heap        ] GC(2528) PSYoungGen: 2591744K(2614272K)->161824K(2613760K) Eden: 2434560K(2434560K)->0K(2437120K) From: 157184K(179712K)->161824K(176640K)
[6889.396s][info][gc,heap        ] GC(2528) ParOldGen: 5213002K(5473280K)->5314842K(5473280K)
[6889.396s][info][gc,metaspace   ] GC(2528) Metaspace: 29088K(29376K)->29088K(29376K) NonClass: 25986K(26112K)->25986K(26112K) Class: 3101K(3264K)->3101K(3264K)
[6889.396s][info][gc             ] GC(2528) Pause Young (Allocation Failure) 7621M->5348M(7897M) 99.900ms
[6889.396s][info][gc,cpu         ] GC(2528) User=0.59s Sys=0.00s Real=0.10s
.[6890.729s][info][gc,start       ] GC(2529) Pause Young (Allocation Failure)
[6890.830s][info][gc,heap        ] GC(2529) PSYoungGen: 2598944K(2613760K)->170128K(2614784K) Eden: 2437120K(2437120K)->0K(2437120K) From: 161824K(176640K)->170128K(177664K)
[6890.830s][info][gc,heap        ] GC(2529) ParOldGen: 5314842K(5473280K)->5419050K(5473280K)
[6890.830s][info][gc,metaspace   ] GC(2529) Metaspace: 29088K(29376K)->29088K(29376K) NonClass: 25986K(26112K)->25986K(26112K) Class: 3101K(3264K)->3101K(3264K)
[6890.830s][info][gc             ] GC(2529) Pause Young (Allocation Failure) 7728M->5458M(7898M) 101.239ms
[6890.830s][info][gc,cpu         ] GC(2529) User=0.60s Sys=0.01s Real=0.10s
..[6892.202s][info][gc,start       ] GC(2530) Pause Young (Allocation Failure)
[6892.300s][info][gc,heap        ] GC(2530) PSYoungGen: 2607248K(2614784K)->148288K(2615296K) Eden: 2437120K(2437120K)->0K(2436608K) From: 170128K(177664K)->148288K(178688K)
[6892.301s][info][gc,heap        ] GC(2530) ParOldGen: 5419050K(5473280K)->5523162K(5523456K)
[6892.301s][info][gc,metaspace   ] GC(2530) Metaspace: 29088K(29376K)->29088K(29376K) NonClass: 25986K(26112K)->25986K(26112K) Class: 3101K(3264K)->3101K(3264K)
[6892.301s][info][gc             ] GC(2530) Pause Young (Allocation Failure) 7838M->5538M(7948M) 98.106ms
[6892.301s][info][gc,cpu         ] GC(2530) User=0.57s Sys=0.01s Real=0.09s
.[6893.688s][info][gc,start       ] GC(2531) Pause Full (Allocation Failure)
[6893.688s][info][gc,phases,start] GC(2531) Marking Phase
[6894.009s][info][gc,phases      ] GC(2531) Marking Phase 320.668ms
[6894.009s][info][gc,phases,start] GC(2531) Summary Phase
[6894.009s][info][gc,phases      ] GC(2531) Summary Phase 0.106ms
[6894.009s][info][gc,phases,start] GC(2531) Forward
[6894.144s][info][gc,phases      ] GC(2531) Forward 134.695ms
[6894.144s][info][gc,phases,start] GC(2531) Adjust Pointers
[6894.361s][info][gc,phases      ] GC(2531) Adjust Pointers 217.610ms
[6894.361s][info][gc,phases,start] GC(2531) Compaction Phase
[6894.515s][info][gc,phases      ] GC(2531) Compaction Phase 153.371ms
[6894.516s][info][gc,phases,start] GC(2531) Post Compact
[6894.523s][info][gc,phases      ] GC(2531) Post Compact 6.813ms
[6894.636s][info][gc,heap        ] GC(2531) PSYoungGen: 2584896K(2615296K)->0K(2616320K) Eden: 2436608K(2436608K)->0K(2436608K) From: 148288K(178688K)->0K(179712K)
[6894.636s][info][gc,heap        ] GC(2531) ParOldGen: 5523162K(5523456K)->1639264K(2218496K)
[6894.636s][info][gc,metaspace   ] GC(2531) Metaspace: 29088K(29376K)->29088K(29376K) NonClass: 25986K(26112K)->25986K(26112K) Class: 3101K(3264K)->3101K(3264K)
[6894.636s][info][gc             ] GC(2531) Pause Full (Allocation Failure) 7918M->1600M(4721M) 948.044ms
[6894.636s][info][gc,cpu         ] GC(2531) User=4.49s Sys=0.11s Real=0.95s
..[6895.916s][info][gc,start       ] GC(2532) Pause Young (Allocation Failure)
[6895.987s][info][gc,heap        ] GC(2532) PSYoungGen: 2436608K(2616320K)->174293K(2610176K) Eden: 2436608K(2436608K)->0K(2430464K) From: 0K(179712K)->174293K(179712K)
[6895.987s][info][gc,heap        ] GC(2532) ParOldGen: 1639264K(2218496K)->1639264K(2218496K)
[6895.987s][info][gc,metaspace   ] GC(2532) Metaspace: 29088K(29376K)->29088K(29376K) NonClass: 25986K(26112K)->25986K(26112K) Class: 3101K(3264K)->3101K(3264K)
[6895.987s][info][gc             ] GC(2532) Pause Young (Allocation Failure) 3980M->1771M(4715M) 70.754ms
[6895.987s][info][gc,cpu         ] GC(2532) User=0.42s Sys=0.00s Real=0.07s
.[6897.248s][info][gc,start       ] GC(2533) Pause Young (Allocation Failure)
[6897.346s][info][gc,heap        ] GC(2533) PSYoungGen: 2604757K(2610176K)->162409K(2613248K) Eden: 2430464K(2430464K)->0K(2430464K) From: 174293K(179712K)->162409K(182784K)
[6897.346s][info][gc,heap        ] GC(2533) ParOldGen: 1639264K(2218496K)->1752856K(2218496K)
[6897.346s][info][gc,metaspace   ] GC(2533) Metaspace: 29088K(29376K)->29088K(29376K) NonClass: 25986K(26112K)->25986K(26112K) Class: 3101K(3264K)->3101K(3264K)
[6897.346s][info][gc             ] GC(2533) Pause Young (Allocation Failure) 4144M->1870M(4718M) 98.276ms
[6897.346s][info][gc,cpu         ] GC(2533) User=0.58s Sys=0.00s Real=0.10s
.[6898.712s][info][gc,start       ] GC(2534) Pause Young (Allocation Failure)
[6898.802s][info][gc,heap        ] GC(2534) PSYoungGen: 2592873K(2613248K)->152512K(2612224K) Eden: 2430464K(2430464K)->0K(2432512K) From: 162409K(182784K)->152512K(179712K)
[6898.802s][info][gc,heap        ] GC(2534) ParOldGen: 1752856K(2218496K)->1859000K(2218496K)
[6898.802s][info][gc,metaspace   ] GC(2534) Metaspace: 29088K(29376K)->29088K(29376K) NonClass: 25986K(26112K)->25986K(26112K) Class: 3101K(3264K)->3101K(3264K)
[6898.803s][info][gc             ] GC(2534) Pause Young (Allocation Failure) 4243M->1964M(4717M) 90.750ms
[6898.803s][info][gc,cpu         ] GC(2534) User=0.54s Sys=0.00s Real=0.09s
..[6900.093s][info][gc,start       ] GC(2535) Pause Young (Allocation Failure)
[6900.188s][info][gc,heap        ] GC(2535) PSYoungGen: 2585024K(2612224K)->161072K(2613248K) Eden: 2432512K(2432512K)->0K(2432512K) From: 152512K(179712K)->161072K(180736K)
[6900.188s][info][gc,heap        ] GC(2535) ParOldGen: 1859000K(2218496K)->1959312K(2218496K)
[6900.188s][info][gc,metaspace   ] GC(2535) Metaspace: 29088K(29376K)->29088K(29376K) NonClass: 25986K(26112K)->25986K(26112K) Class: 3101K(3264K)->3101K(3264K)
[6900.188s][info][gc             ] GC(2535) Pause Young (Allocation Failure) 4339M->2070M(4718M) 95.239ms
[6900.188s][info][gc,cpu         ] GC(2535) User=0.56s Sys=0.00s Real=0.09s
.[6901.588s][info][gc,start       ] GC(2536) Pause Young (Allocation Failure)
[6901.686s][info][gc,heap        ] GC(2536) PSYoungGen: 2593584K(2613248K)->166830K(2614784K) Eden: 2432512K(2432512K)->0K(2435584K) From: 161072K(180736K)->166830K(179200K)
[6901.686s][info][gc,heap        ] GC(2536) ParOldGen: 1959312K(2218496K)->2064920K(2218496K)
[6901.686s][info][gc,metaspace   ] GC(2536) Metaspace: 29088K(29376K)->29088K(29376K) NonClass: 25986K(26112K)->25986K(26112K) Class: 3101K(3264K)->3101K(3264K)
[6901.686s][info][gc             ] GC(2536) Pause Young (Allocation Failure) 4446M->2179M(4720M) 98.346ms
[6901.686s][info][gc,cpu         ] GC(2536) User=0.59s Sys=0.00s Real=0.10s
.[6902.949s][info][gc,start       ] GC(2537) Pause Young (Allocation Failure)
[6903.048s][info][gc,heap        ] GC(2537) PSYoungGen: 2602414K(2614784K)->175136K(2611200K) Eden: 2435584K(2435584K)->0K(2435584K) From: 166830K(179200K)->175136K(175616K)
[6903.048s][info][gc,heap        ] GC(2537) ParOldGen: 2064920K(2218496K)->2166368K(2218496K)
[6903.048s][info][gc,metaspace   ] GC(2537) Metaspace: 29088K(29376K)->29088K(29376K) NonClass: 25986K(26112K)->25986K(26112K) Class: 3101K(3264K)->3101K(3264K)
[6903.048s][info][gc             ] GC(2537) Pause Young (Allocation Failure) 4557M->2286M(4716M) 99.198ms
[6903.048s][info][gc,cpu         ] GC(2537) User=0.59s Sys=0.00s Real=0.10s
.[6904.389s][info][gc,start       ] GC(2538) Pause Young (Allocation Failure)
[6904.490s][info][gc,heap        ] GC(2538) PSYoungGen: 2610720K(2611200K)->162704K(2615296K) Eden: 2435584K(2435584K)->0K(2433024K) From: 175136K(175616K)->162704K(182272K)
[6904.490s][info][gc,heap        ] GC(2538) ParOldGen: 2166368K(2218496K)->2274544K(2274816K)
[6904.490s][info][gc,metaspace   ] GC(2538) Metaspace: 29088K(29376K)->29088K(29376K) NonClass: 25986K(26112K)->25986K(26112K) Class: 3101K(3264K)->3101K(3264K)
[6904.490s][info][gc             ] GC(2538) Pause Young (Allocation Failure) 4665M->2380M(4775M) 101.170ms
[6904.490s][info][gc,cpu         ] GC(2538) User=0.58s Sys=0.02s Real=0.10s
..[6905.863s][info][gc,start       ] GC(2539) Pause Young (Allocation Failure)
[6905.965s][info][gc,heap        ] GC(2539) PSYoungGen: 2595728K(2615296K)->164608K(2597888K) Eden: 2433024K(2433024K)->0K(2433024K) From: 162704K(182272K)->164608K(164864K)
[6905.965s][info][gc,heap        ] GC(2539) ParOldGen: 2274544K(2274816K)->2380080K(2380288K)
[6905.965s][info][gc,metaspace   ] GC(2539) Metaspace: 29088K(29376K)->29088K(29376K) NonClass: 25986K(26112K)->25986K(26112K) Class: 3101K(3264K)->3101K(3264K)
[6905.966s][info][gc             ] GC(2539) Pause Young (Allocation Failure) 4756M->2485M(4861M) 102.290ms
[6905.966s][info][gc,cpu         ] GC(2539) User=0.57s Sys=0.03s Real=0.10s
.[6907.252s][info][gc,start       ] GC(2540) Pause Young (Allocation Failure)
[6907.352s][info][gc,heap        ] GC(2540) PSYoungGen: 2597632K(2597888K)->160304K(2613248K) Eden: 2433024K(2433024K)->0K(2434048K) From: 164608K(164864K)->160304K(179200K)
[6907.352s][info][gc,heap        ] GC(2540) ParOldGen: 2380080K(2380288K)->2484408K(2484736K)
[6907.352s][info][gc,metaspace   ] GC(2540) Metaspace: 29088K(29376K)->29088K(29376K) NonClass: 25986K(26112K)->25986K(26112K) Class: 3101K(3264K)->3101K(3264K)
[6907.352s][info][gc             ] GC(2540) Pause Young (Allocation Failure) 4861M->2582M(4978M) 99.760ms
[6907.352s][info][gc,cpu         ] GC(2540) User=0.55s Sys=0.03s Real=0.10s
.[6908.708s][info][gc,start       ] GC(2541) Pause Young (Allocation Failure)
[6908.805s][info][gc,heap        ] GC(2541) PSYoungGen: 2594352K(2613248K)->160320K(2612224K) Eden: 2434048K(2434048K)->0K(2434048K) From: 160304K(179200K)->160320K(178176K)
[6908.805s][info][gc,heap        ] GC(2541) ParOldGen: 2484408K(2484736K)->2588792K(2589184K)
[6908.805s][info][gc,metaspace   ] GC(2541) Metaspace: 29088K(29376K)->29088K(29376K) NonClass: 25986K(26112K)->25986K(26112K) Class: 3101K(3264K)->3101K(3264K)
[6908.805s][info][gc             ] GC(2541) Pause Young (Allocation Failure) 4959M->2684M(5079M) 97.358ms
[6908.806s][info][gc,cpu         ] GC(2541) User=0.55s Sys=0.03s Real=0.10s
..[6910.141s][info][gc,start       ] GC(2542) Pause Young (Allocation Failure)
[6910.247s][info][gc,heap        ] GC(2542) PSYoungGen: 2594368K(2612224K)->168836K(2615808K) Eden: 2434048K(2434048K)->0K(2438144K) From: 160320K(178176K)->168836K(177664K)
[6910.247s][info][gc,heap        ] GC(2542) ParOldGen: 2588792K(2589184K)->2693880K(2694144K)
[6910.247s][info][gc,metaspace   ] GC(2542) Metaspace: 29088K(29376K)->29088K(29376K) NonClass: 25986K(26112K)->25986K(26112K) Class: 3101K(3264K)->3101K(3264K)
[6910.247s][info][gc             ] GC(2542) Pause Young (Allocation Failure) 5061M->2795M(5185M) 105.347ms
[6910.247s][info][gc,cpu         ] GC(2542) User=0.59s Sys=0.03s Real=0.11s
.[6911.625s][info][gc,start       ] GC(2543) Pause Young (Allocation Failure)
[6911.725s][info][gc,heap        ] GC(2543) PSYoungGen: 2606980K(2615808K)->164768K(2616320K) Eden: 2438144K(2438144K)->0K(2438144K) From: 168836K(177664K)->164768K(178176K)
[6911.725s][info][gc,heap        ] GC(2543) ParOldGen: 2693880K(2694144K)->2794720K(2795008K)
[6911.725s][info][gc,metaspace   ] GC(2543) Metaspace: 29088K(29376K)->29088K(29376K) NonClass: 25986K(26112K)->25986K(26112K) Class: 3101K(3264K)->3101K(3264K)
[6911.725s][info][gc             ] GC(2543) Pause Young (Allocation Failure) 5176M->2890M(5284M) 99.965ms
[6911.725s][info][gc,cpu         ] GC(2543) User=0.56s Sys=0.03s Real=0.10s
.[6913.068s][info][gc,start       ] GC(2544) Pause Young (Allocation Failure)
[6913.168s][info][gc,heap        ] GC(2544) PSYoungGen: 2602912K(2616320K)->158636K(2617344K) Eden: 2438144K(2438144K)->0K(2440704K) From: 164768K(178176K)->158636K(176640K)
[6913.168s][info][gc,heap        ] GC(2544) ParOldGen: 2794720K(2795008K)->2899616K(2899968K)
[6913.168s][info][gc,metaspace   ] GC(2544) Metaspace: 29088K(29376K)->29088K(29376K) NonClass: 25986K(26112K)->25986K(26112K) Class: 3101K(3264K)->3101K(3264K)
[6913.168s][info][gc             ] GC(2544) Pause Young (Allocation Failure) 5271M->2986M(5388M) 99.635ms
[6913.168s][info][gc,cpu         ] GC(2544) User=0.56s Sys=0.04s Real=0.10s
..[6914.617s][info][gc,start       ] GC(2545) Pause Young (Allocation Failure)
[6914.716s][info][gc,heap        ] GC(2545) PSYoungGen: 2599340K(2617344K)->157792K(2617344K) Eden: 2440704K(2440704K)->0K(2440704K) From: 158636K(176640K)->157792K(176640K)
[6914.716s][info][gc,heap        ] GC(2545) ParOldGen: 2899616K(2899968K)->3005072K(3005440K)
[6914.716s][info][gc,metaspace   ] GC(2545) Metaspace: 29088K(29376K)->29088K(29376K) NonClass: 25986K(26112K)->25986K(26112K) Class: 3101K(3264K)->3101K(3264K)
[6914.716s][info][gc             ] GC(2545) Pause Young (Allocation Failure) 5370M->3088M(5491M) 98.458ms
[6914.716s][info][gc,cpu         ] GC(2545) User=0.55s Sys=0.03s Real=0.10s
.[6916.094s][info][gc,start       ] GC(2546) Pause Young (Allocation Failure)
[6916.193s][info][gc,heap        ] GC(2546) PSYoungGen: 2598496K(2617344K)->158644K(2618880K) Eden: 2440704K(2440704K)->0K(2443264K) From: 157792K(176640K)->158644K(175616K)
[6916.193s][info][gc,heap        ] GC(2546) ParOldGen: 3005072K(3005440K)->3107912K(3108352K)
[6916.193s][info][gc,metaspace   ] GC(2546) Metaspace: 29088K(29376K)->29088K(29376K) NonClass: 25986K(26112K)->25986K(26112K) Class: 3101K(3264K)->3101K(3264K)
[6916.193s][info][gc             ] GC(2546) Pause Young (Allocation Failure) 5472M->3189M(5593M) 99.645ms
[6916.193s][info][gc,cpu         ] GC(2546) User=0.55s Sys=0.03s Real=0.10s
..[6917.594s][info][gc,start       ] GC(2547) Pause Young (Allocation Failure)
[6917.695s][info][gc,heap        ] GC(2547) PSYoungGen: 2601908K(2618880K)->162532K(2618880K) Eden: 2443264K(2443264K)->0K(2443264K) From: 158644K(175616K)->162532K(175616K)
[6917.695s][info][gc,heap        ] GC(2547) ParOldGen: 3107912K(3108352K)->3213176K(3213312K)
[6917.695s][info][gc,metaspace   ] GC(2547) Metaspace: 29088K(29376K)->29088K(29376K) NonClass: 25986K(26112K)->25986K(26112K) Class: 3101K(3264K)->3101K(3264K)
[6917.695s][info][gc             ] GC(2547) Pause Young (Allocation Failure) 5575M->3296M(5695M) 101.214ms
[6917.695s][info][gc,cpu         ] GC(2547) User=0.56s Sys=0.05s Real=0.10s
.[6919.081s][info][gc,start       ] GC(2548) Pause Young (Allocation Failure)
[6919.181s][info][gc,heap        ] GC(2548) PSYoungGen: 2605796K(2618880K)->156832K(2619904K) Eden: 2443264K(2443264K)->0K(2445312K) From: 162532K(175616K)->156832K(174592K)
[6919.181s][info][gc,heap        ] GC(2548) ParOldGen: 3213176K(3213312K)->3316256K(3316736K)
[6919.181s][info][gc,metaspace   ] GC(2548) Metaspace: 29088K(29376K)->29088K(29376K) NonClass: 25986K(26112K)->25986K(26112K) Class: 3101K(3264K)->3101K(3264K)
[6919.181s][info][gc             ] GC(2548) Pause Young (Allocation Failure) 5682M->3391M(5797M) 99.499ms
[6919.181s][info][gc,cpu         ] GC(2548) User=0.55s Sys=0.04s Real=0.10s
..[6920.585s][info][gc,start       ] GC(2549) Pause Young (Allocation Failure)
[6920.687s][info][gc,heap        ] GC(2549) PSYoungGen: 2602144K(2619904K)->157664K(2619392K) Eden: 2445312K(2445312K)->0K(2445312K) From: 156832K(174592K)->157664K(174080K)
[6920.687s][info][gc,heap        ] GC(2549) ParOldGen: 3316256K(3316736K)->3422168K(3422208K)
[6920.687s][info][gc,metaspace   ] GC(2549) Metaspace: 29088K(29376K)->29088K(29376K) NonClass: 25986K(26112K)->25986K(26112K) Class: 3101K(3264K)->3101K(3264K)
[6920.687s][info][gc             ] GC(2549) Pause Young (Allocation Failure) 5779M->3495M(5900M) 101.947ms
[6920.687s][info][gc,cpu         ] GC(2549) User=0.57s Sys=0.03s Real=0.10s
.[6922.018s][info][gc,start       ] GC(2550) Pause Young (Allocation Failure)
[6922.113s][info][gc,heap        ] GC(2550) PSYoungGen: 2602976K(2619392K)->145696K(2619392K) Eden: 2445312K(2445312K)->0K(2445824K) From: 157664K(174080K)->145696K(173568K)
[6922.113s][info][gc,heap        ] GC(2550) ParOldGen: 3422168K(3422208K)->3526560K(3526656K)
[6922.113s][info][gc,metaspace   ] GC(2550) Metaspace: 29088K(29376K)->29088K(29376K) NonClass: 25986K(26112K)->25986K(26112K) Class: 3101K(3264K)->3101K(3264K)
[6922.113s][info][gc             ] GC(2550) Pause Young (Allocation Failure) 5883M->3586M(6002M) 95.040ms
[6922.113s][info][gc,cpu         ] GC(2550) User=0.53s Sys=0.03s Real=0.10s
..[6923.576s][info][gc,start       ] GC(2551) Pause Young (Allocation Failure)
[6923.683s][info][gc,heap        ] GC(2551) PSYoungGen: 2591520K(2619392K)->175092K(2620928K) Eden: 2445824K(2445824K)->0K(2445824K) From: 145696K(173568K)->175092K(175104K)
[6923.683s][info][gc,heap        ] GC(2551) ParOldGen: 3526560K(3526656K)->3629456K(3629568K)
[6923.683s][info][gc,metaspace   ] GC(2551) Metaspace: 29088K(29376K)->29088K(29376K) NonClass: 25986K(26112K)->25986K(26112K) Class: 3101K(3264K)->3101K(3264K)
[6923.683s][info][gc             ] GC(2551) Pause Young (Allocation Failure) 5974M->3715M(6104M) 106.682ms
[6923.683s][info][gc,cpu         ] GC(2551) User=0.60s Sys=0.02s Real=0.11s
.[6925.064s][info][gc,start       ] GC(2552) Pause Young (Allocation Failure)
[6925.166s][info][gc,heap        ] GC(2552) PSYoungGen: 2620916K(2620928K)->154482K(2540032K) Eden: 2445824K(2445824K)->0K(2364928K) From: 175092K(175104K)->154482K(175104K)
[6925.166s][info][gc,heap        ] GC(2552) ParOldGen: 3629456K(3629568K)->3738960K(3739136K)
[6925.166s][info][gc,metaspace   ] GC(2552) Metaspace: 29088K(29376K)->29088K(29376K) NonClass: 25986K(26112K)->25986K(26112K) Class: 3101K(3264K)->3101K(3264K)
[6925.166s][info][gc             ] GC(2552) Pause Young (Allocation Failure) 6103M->3802M(6132M) 101.930ms
[6925.166s][info][gc,cpu         ] GC(2552) User=0.57s Sys=0.03s Real=0.10s
.[6926.523s][info][gc,start       ] GC(2553) Pause Young (Allocation Failure)
[6926.628s][info][gc,heap        ] GC(2553) PSYoungGen: 2519410K(2540032K)->171289K(2580480K) Eden: 2364928K(2364928K)->0K(2364928K) From: 154482K(175104K)->171289K(215552K)
[6926.628s][info][gc,heap        ] GC(2553) ParOldGen: 3738960K(3739136K)->3840856K(3841024K)
[6926.628s][info][gc,metaspace   ] GC(2553) Metaspace: 29088K(29376K)->29088K(29376K) NonClass: 25986K(26112K)->25986K(26112K) Class: 3101K(3264K)->3101K(3264K)
[6926.628s][info][gc             ] GC(2553) Pause Young (Allocation Failure) 6111M->3918M(6271M) 105.139ms
[6926.628s][info][gc,cpu         ] GC(2553) User=0.58s Sys=0.04s Real=0.10s
..[6927.922s][info][gc,start       ] GC(2554) Pause Young (Allocation Failure)
[6928.034s][info][gc,heap        ] GC(2554) PSYoungGen: 2536217K(2580480K)->187268K(2579456K) Eden: 2364928K(2364928K)->0K(2368000K) From: 171289K(215552K)->187268K(211456K)
[6928.034s][info][gc,heap        ] GC(2554) ParOldGen: 3840856K(3841024K)->3944424K(3944448K)
[6928.034s][info][gc,metaspace   ] GC(2554) Metaspace: 29088K(29376K)->29088K(29376K) NonClass: 25986K(26112K)->25986K(26112K) Class: 3101K(3264K)->3101K(3264K)
[6928.034s][info][gc             ] GC(2554) Pause Young (Allocation Failure) 6227M->4034M(6371M) 111.837ms
[6928.034s][info][gc,cpu         ] GC(2554) User=0.64s Sys=0.03s Real=0.11s
.[6929.323s][info][gc,start       ] GC(2555) Pause Young (Allocation Failure)
[6929.418s][info][gc,heap        ] GC(2555) PSYoungGen: 2555268K(2579456K)->146720K(2582016K) Eden: 2368000K(2368000K)->0K(2368000K) From: 187268K(211456K)->146720K(214016K)
[6929.418s][info][gc,heap        ] GC(2555) ParOldGen: 3944424K(3944448K)->4046920K(4047360K)
[6929.418s][info][gc,metaspace   ] GC(2555) Metaspace: 29088K(29376K)->29088K(29376K) NonClass: 25986K(26112K)->25986K(26112K) Class: 3101K(3264K)->3101K(3264K)
[6929.418s][info][gc             ] GC(2555) Pause Young (Allocation Failure) 6347M->4095M(6474M) 94.674ms
[6929.418s][info][gc,cpu         ] GC(2555) User=0.52s Sys=0.04s Real=0.09s
..[6930.798s][info][gc,start       ] GC(2556) Pause Young (Allocation Failure)
[6930.894s][info][gc,heap        ] GC(2556) PSYoungGen: 2514720K(2582016K)->154912K(2577920K) Eden: 2368000K(2368000K)->0K(2368000K) From: 146720K(214016K)->154912K(209920K)
[6930.894s][info][gc,heap        ] GC(2556) ParOldGen: 4046920K(4047360K)->4150704K(4150784K)
[6930.894s][info][gc,metaspace   ] GC(2556) Metaspace: 29088K(29376K)->29088K(29376K) NonClass: 25986K(26112K)->25986K(26112K) Class: 3101K(3264K)->3101K(3264K)
[6930.894s][info][gc             ] GC(2556) Pause Young (Allocation Failure) 6407M->4204M(6571M) 96.157ms
[6930.894s][info][gc,cpu         ] GC(2556) User=0.53s Sys=0.04s Real=0.10s
.[6932.212s][info][gc,start       ] GC(2557) Pause Young (Allocation Failure)
[6932.307s][info][gc,heap        ] GC(2557) PSYoungGen: 2522912K(2577920K)->152032K(2579968K) Eden: 2368000K(2368000K)->0K(2368000K) From: 154912K(209920K)->152032K(211968K)
[6932.307s][info][gc,heap        ] GC(2557) ParOldGen: 4150704K(4150784K)->4250640K(4251136K)
[6932.307s][info][gc,metaspace   ] GC(2557) Metaspace: 29088K(29376K)->29088K(29376K) NonClass: 25986K(26112K)->25986K(26112K) Class: 3101K(3264K)->3101K(3264K)
[6932.307s][info][gc             ] GC(2557) Pause Young (Allocation Failure) 6517M->4299M(6671M) 95.815ms
[6932.307s][info][gc,cpu         ] GC(2557) User=0.53s Sys=0.03s Real=0.10s
.[6933.648s][info][gc,start       ] GC(2558) Pause Young (Allocation Failure)
[6933.747s][info][gc,heap        ] GC(2558) PSYoungGen: 2520032K(2579968K)->157920K(2577408K) Eden: 2368000K(2368000K)->0K(2373632K) From: 152032K(211968K)->157920K(203776K)
[6933.747s][info][gc,heap        ] GC(2558) ParOldGen: 4250640K(4251136K)->4353904K(4354048K)
[6933.747s][info][gc,metaspace   ] GC(2558) Metaspace: 29088K(29376K)->29088K(29376K) NonClass: 25986K(26112K)->25986K(26112K) Class: 3101K(3264K)->3101K(3264K)
[6933.747s][info][gc             ] GC(2558) Pause Young (Allocation Failure) 6611M->4406M(6769M) 99.261ms
[6933.747s][info][gc,cpu         ] GC(2558) User=0.55s Sys=0.03s Real=0.10s
..[6935.109s][info][gc,start       ] GC(2559) Pause Young (Allocation Failure)
[6935.212s][info][gc,heap        ] GC(2559) PSYoungGen: 2531552K(2577408K)->159534K(2580992K) Eden: 2373632K(2373632K)->0K(2373632K) From: 157920K(203776K)->159534K(207360K)
[6935.213s][info][gc,heap        ] GC(2559) ParOldGen: 4353904K(4354048K)->4458888K(4459008K)
[6935.213s][info][gc,metaspace   ] GC(2559) Metaspace: 29088K(29376K)->29088K(29376K) NonClass: 25986K(26112K)->25986K(26112K) Class: 3101K(3264K)->3101K(3264K)
[6935.213s][info][gc             ] GC(2559) Pause Young (Allocation Failure) 6724M->4510M(6875M) 103.171ms
[6935.213s][info][gc,cpu         ] GC(2559) User=0.58s Sys=0.03s Real=0.11s
.[6936.529s][info][gc,start       ] GC(2560) Pause Young (Allocation Failure)
[6936.625s][info][gc,heap        ] GC(2560) PSYoungGen: 2533166K(2580992K)->150688K(2585088K) Eden: 2373632K(2373632K)->0K(2384384K) From: 159534K(207360K)->150688K(200704K)
[6936.625s][info][gc,heap        ] GC(2560) ParOldGen: 4458888K(4459008K)->4562144K(4562432K)
[6936.625s][info][gc,metaspace   ] GC(2560) Metaspace: 29088K(29376K)->29088K(29376K) NonClass: 25986K(26112K)->25986K(26112K) Class: 3101K(3264K)->3101K(3264K)
[6936.625s][info][gc             ] GC(2560) Pause Young (Allocation Failure) 6828M->4602M(6980M) 96.577ms
[6936.625s][info][gc,cpu         ] GC(2560) User=0.52s Sys=0.05s Real=0.10s
..[6937.985s][info][gc,start       ] GC(2561) Pause Young (Allocation Failure)
[6938.082s][info][gc,heap        ] GC(2561) PSYoungGen: 2535072K(2585088K)->152896K(2587136K) Eden: 2384384K(2384384K)->0K(2384384K) From: 150688K(200704K)->152896K(202752K)
[6938.082s][info][gc,heap        ] GC(2561) ParOldGen: 4562144K(4562432K)->4664528K(4664832K)
[6938.082s][info][gc,metaspace   ] GC(2561) Metaspace: 29088K(29376K)->29088K(29376K) NonClass: 25986K(26112K)->25986K(26112K) Class: 3101K(3264K)->3101K(3264K)
[6938.082s][info][gc             ] GC(2561) Pause Young (Allocation Failure) 6930M->4704M(7082M) 97.881ms
[6938.082s][info][gc,cpu         ] GC(2561) User=0.54s Sys=0.04s Real=0.10s
.[6939.488s][info][gc,start       ] GC(2562) Pause Young (Allocation Failure)
[6939.591s][info][gc,heap        ] GC(2562) PSYoungGen: 2537280K(2587136K)->158948K(2586112K) Eden: 2384384K(2384384K)->0K(2392576K) From: 152896K(202752K)->158948K(193536K)
[6939.591s][info][gc,heap        ] GC(2562) ParOldGen: 4664528K(4664832K)->4768296K(4768768K)
[6939.591s][info][gc,metaspace   ] GC(2562) Metaspace: 29088K(29376K)->29088K(29376K) NonClass: 25986K(26112K)->25986K(26112K) Class: 3101K(3264K)->3101K(3264K)
[6939.591s][info][gc             ] GC(2562) Pause Young (Allocation Failure) 7033M->4811M(7182M) 102.602ms
[6939.591s][info][gc,cpu         ] GC(2562) User=0.56s Sys=0.04s Real=0.10s
.[6940.913s][info][gc,start       ] GC(2563) Pause Young (Allocation Failure)
[6941.015s][info][gc,heap        ] GC(2563) PSYoungGen: 2551524K(2586112K)->164576K(2589696K) Eden: 2392576K(2392576K)->0K(2392576K) From: 158948K(193536K)->164576K(197120K)
[6941.015s][info][gc,heap        ] GC(2563) ParOldGen: 4768296K(4768768K)->4872816K(4873216K)
[6941.015s][info][gc,metaspace   ] GC(2563) Metaspace: 29088K(29376K)->29088K(29376K) NonClass: 25986K(26112K)->25986K(26112K) Class: 3101K(3264K)->3101K(3264K)
[6941.015s][info][gc             ] GC(2563) Pause Young (Allocation Failure) 7148M->4919M(7288M) 102.821ms
[6941.015s][info][gc,cpu         ] GC(2563) User=0.58s Sys=0.03s Real=0.10s
.. (rIR:aIR:PR = 11485:11453:11454) (tPR = 170230) [OK] 
  6942s: Performance info:
         Transaction,    Success,    Partial,     Failed,   Receipts, AvgBarcode, 
             Overall,     694505,          0,          0,     659714,      59.47, 
         Response times:
             Request,    Success,    Partial,     Failed,   SkipFail,     Probes,    Samples,      min,      p50,      p90,      p95,      p99,      max, 
       TotalPurchase,     659863,          0,          0,          0,     303247,     463857,      300,    50000,   359000,   511000,   730000,  1100000,
     InStorePurchase,     347197,          0,          0,          0,     158357,     242788,      300,    50000,   361000,   520000,   730000,   980000,
      OnlinePurchase,     244687,          0,          0,          0,     111394,     171815,      300,    50000,   356000,   518000,   730000,   990000,
        InstPurchase,      67979,          0,          0,          0,      33496,      49254,      400,    49000,   340000,   489000,   730000,  1100000,
          AssocOfCat,        694,          0,          0,          0,        537,        919,    30000,   122000,   388000,   539000,   800000,  1200000,
      AssocOfProduct,       6882,          0,          0,          0,       3718,       5663,      900,    59000,   344000,   474800,   640000,  1100000,
      BusinessReport,       1743,          0,          0,          0,       1394,       2230,    33000,   122000,   445000,   566450,   830700,  1100000,
          CustBuyBeh,       6970,          0,          0,          0,       3858,       5896,      700,    48000,   326000,   440150,   575000,   970000,
       ProductReturn,      18351,          0,          0,          0,       8359,      12471,      200,    53000,   362000,   508000,   692800,  1000000,

  6942s: (84%)   IR =  11623 [6942.404s][info][gc,start       ] GC(2564) Pause Young (Allocation Failure)
[6942.504s][info][gc,heap        ] GC(2564) PSYoungGen: 2557152K(2589696K)->157782K(2593792K) Eden: 2392576K(2392576K)->0K(2404352K) From: 164576K(197120K)->157782K(189440K)
[6942.504s][info][gc,heap        ] GC(2564) ParOldGen: 4872816K(4873216K)->4973328K(4973568K)
[6942.504s][info][gc,metaspace   ] GC(2564) Metaspace: 29088K(29376K)->29088K(29376K) NonClass: 25986K(26112K)->25986K(26112K) Class: 3101K(3264K)->3101K(3264K)
[6942.504s][info][gc             ] GC(2564) Pause Young (Allocation Failure) 7255M->5010M(7390M) 100.234ms
[6942.504s][info][gc,cpu         ] GC(2564) User=0.55s Sys=0.04s Real=0.10s
.[6943.853s][info][gc,start       ] GC(2565) Pause Young (Allocation Failure)
[6943.959s][info][gc,heap        ] GC(2565) PSYoungGen: 2562134K(2593792K)->166949K(2596864K) Eden: 2404352K(2404352K)->0K(2404352K) From: 157782K(189440K)->166949K(192512K)
[6943.959s][info][gc,heap        ] GC(2565) ParOldGen: 4973328K(4973568K)->5077800K(5078016K)
[6943.959s][info][gc,metaspace   ] GC(2565) Metaspace: 29088K(29376K)->29088K(29376K) NonClass: 25986K(26112K)->25986K(26112K) Class: 3101K(3264K)->3101K(3264K)
[6943.959s][info][gc             ] GC(2565) Pause Young (Allocation Failure) 7358M->5121M(7495M) 105.919ms
[6943.959s][info][gc,cpu         ] GC(2565) User=0.59s Sys=0.03s Real=0.10s
..[6945.284s][info][gc,start       ] GC(2566) Pause Young (Allocation Failure)
[6945.389s][info][gc,heap        ] GC(2566) PSYoungGen: 2571301K(2596864K)->162485K(2596864K) Eden: 2404352K(2404352K)->0K(2412544K) From: 166949K(192512K)->162485K(184320K)
[6945.389s][info][gc,heap        ] GC(2566) ParOldGen: 5077800K(5078016K)->5181488K(5181952K)
[6945.389s][info][gc,metaspace   ] GC(2566) Metaspace: 29088K(29376K)->29088K(29376K) NonClass: 25986K(26112K)->25986K(26112K) Class: 3101K(3264K)->3101K(3264K)
[6945.389s][info][gc             ] GC(2566) Pause Young (Allocation Failure) 7469M->5218M(7596M) 104.187ms
[6945.389s][info][gc,cpu         ] GC(2566) User=0.58s Sys=0.03s Real=0.10s
.[6946.741s][info][gc,start       ] GC(2567) Pause Young (Allocation Failure)
[6946.846s][info][gc,heap        ] GC(2567) PSYoungGen: 2575029K(2596864K)->166416K(2600960K) Eden: 2412544K(2412544K)->0K(2412544K) From: 162485K(184320K)->166416K(188416K)
[6946.846s][info][gc,heap        ] GC(2567) ParOldGen: 5181488K(5181952K)->5285736K(5285888K)
[6946.846s][info][gc,metaspace   ] GC(2567) Metaspace: 29088K(29376K)->29088K(29376K) NonClass: 25986K(26112K)->25986K(26112K) Class: 3101K(3264K)->3101K(3264K)
[6946.846s][info][gc             ] GC(2567) Pause Young (Allocation Failure) 7574M->5324M(7702M) 104.420ms
[6946.846s][info][gc,cpu         ] GC(2567) User=0.58s Sys=0.04s Real=0.11s
.|[6948.187s][info][gc,start       ] GC(2568) Pause Young (Allocation Failure)
[6948.285s][info][gc,heap        ] GC(2568) PSYoungGen: 2578960K(2600960K)->146976K(2606592K) Eden: 2412544K(2412544K)->0K(2420224K) From: 166416K(188416K)->146976K(186368K)
[6948.285s][info][gc,heap        ] GC(2568) ParOldGen: 5285736K(5285888K)->5391976K(5392384K)
[6948.285s][info][gc,metaspace   ] GC(2568) Metaspace: 29088K(29376K)->29088K(29376K) NonClass: 25986K(26112K)->25986K(26112K) Class: 3101K(3264K)->3101K(3264K)
[6948.285s][info][gc             ] GC(2568) Pause Young (Allocation Failure) 7680M->5409M(7811M) 97.319ms
[6948.285s][info][gc,cpu         ] GC(2568) User=0.54s Sys=0.03s Real=0.10s
..[6949.713s][info][gc,start       ] GC(2569) Pause Young (Allocation Failure)
[6949.815s][info][gc,heap        ] GC(2569) PSYoungGen: 2567200K(2606592K)->169108K(2607616K) Eden: 2420224K(2420224K)->0K(2420224K) From: 146976K(186368K)->169108K(187392K)
[6949.815s][info][gc,heap        ] GC(2569) ParOldGen: 5391976K(5392384K)->5493904K(5494272K)
[6949.815s][info][gc,metaspace   ] GC(2569) Metaspace: 29088K(29376K)->29088K(29376K) NonClass: 25986K(26112K)->25986K(26112K) Class: 3101K(3264K)->3101K(3264K)
[6949.815s][info][gc             ] GC(2569) Pause Young (Allocation Failure) 7772M->5530M(7912M) 102.922ms
[6949.816s][info][gc,cpu         ] GC(2569) User=0.57s Sys=0.04s Real=0.10s
.[6951.144s][info][gc,start       ] GC(2570) Pause Full (Allocation Failure)
[6951.144s][info][gc,phases,start] GC(2570) Marking Phase
[6951.459s][info][gc,phases      ] GC(2570) Marking Phase 314.759ms
[6951.459s][info][gc,phases,start] GC(2570) Summary Phase
[6951.459s][info][gc,phases      ] GC(2570) Summary Phase 0.106ms
[6951.459s][info][gc,phases,start] GC(2570) Forward
[6951.622s][info][gc,phases      ] GC(2570) Forward 162.185ms
[6951.622s][info][gc,phases,start] GC(2570) Adjust Pointers
[6951.836s][info][gc,phases      ] GC(2570) Adjust Pointers 214.800ms
[6951.836s][info][gc,phases,start] GC(2570) Compaction Phase
[6951.987s][info][gc,phases      ] GC(2570) Compaction Phase 150.161ms
[6951.988s][info][gc,phases,start] GC(2570) Post Compact
[6951.994s][info][gc,phases      ] GC(2570) Post Compact 6.880ms
[6952.105s][info][gc,heap        ] GC(2570) PSYoungGen: 2589332K(2607616K)->0K(2608128K) Eden: 2420224K(2420224K)->0K(2420224K) From: 169108K(187392K)->0K(187904K)
[6952.105s][info][gc,heap        ] GC(2570) ParOldGen: 5493904K(5494272K)->1630988K(2224640K)
[6952.105s][info][gc,metaspace   ] GC(2570) Metaspace: 29088K(29376K)->29088K(29376K) NonClass: 25986K(26112K)->25986K(26112K) Class: 3101K(3264K)->3101K(3264K)
[6952.105s][info][gc             ] GC(2570) Pause Full (Allocation Failure) 7893M->1592M(4719M) 960.952ms
[6952.105s][info][gc,cpu         ] GC(2570) User=4.41s Sys=0.12s Real=0.96s
..[6953.323s][info][gc,start       ] GC(2571) Pause Young (Allocation Failure)
[6953.390s][info][gc,heap        ] GC(2571) PSYoungGen: 2420224K(2608128K)->162373K(2583040K) Eden: 2420224K(2420224K)->0K(2420224K) From: 0K(187904K)->162373K(162816K)
[6953.390s][info][gc,heap        ] GC(2571) ParOldGen: 1630988K(2224640K)->1630988K(2224640K)
[6953.390s][info][gc,metaspace   ] GC(2571) Metaspace: 29088K(29376K)->29088K(29376K) NonClass: 25986K(26112K)->25986K(26112K) Class: 3101K(3264K)->3101K(3264K)
[6953.390s][info][gc             ] GC(2571) Pause Young (Allocation Failure) 3956M->1751M(4695M) 66.930ms
[6953.390s][info][gc,cpu         ] GC(2571) User=0.39s Sys=0.00s Real=0.06s
.[6954.823s][info][gc,start       ] GC(2572) Pause Young (Allocation Failure)
[6954.916s][info][gc,heap        ] GC(2572) PSYoungGen: 2582597K(2583040K)->152176K(2606080K) Eden: 2420224K(2420224K)->0K(2420736K) From: 162373K(162816K)->152176K(185344K)
[6954.916s][info][gc,heap        ] GC(2572) ParOldGen: 1630988K(2224640K)->1741164K(2224640K)
[6954.917s][info][gc,metaspace   ] GC(2572) Metaspace: 29088K(29376K)->29088K(29376K) NonClass: 25986K(26112K)->25986K(26112K) Class: 3101K(3264K)->3101K(3264K)
[6954.917s][info][gc             ] GC(2572) Pause Young (Allocation Failure) 4114M->1848M(4717M) 93.264ms
[6954.917s][info][gc,cpu         ] GC(2572) User=0.56s Sys=0.00s Real=0.09s
.[6956.138s][info][gc,start       ] GC(2573) Pause Young (Allocation Failure)
[6956.231s][info][gc,heap        ] GC(2573) PSYoungGen: 2572912K(2606080K)->162804K(2605568K) Eden: 2420736K(2420736K)->0K(2420736K) From: 152176K(185344K)->162804K(184832K)
[6956.231s][info][gc,heap        ] GC(2573) ParOldGen: 1741164K(2224640K)->1833572K(2224640K)
[6956.231s][info][gc,metaspace   ] GC(2573) Metaspace: 29088K(29376K)->29088K(29376K) NonClass: 25986K(26112K)->25986K(26112K) Class: 3101K(3264K)->3101K(3264K)
[6956.231s][info][gc             ] GC(2573) Pause Young (Allocation Failure) 4212M->1949M(4717M) 93.143ms
[6956.231s][info][gc,cpu         ] GC(2573) User=0.55s Sys=0.00s Real=0.09s
.[6957.621s][info][gc,start       ] GC(2574) Pause Young (Allocation Failure)
[6957.714s][info][gc,heap        ] GC(2574) PSYoungGen: 2583540K(2605568K)->153952K(2610176K) Eden: 2420736K(2420736K)->0K(2426880K) From: 162804K(184832K)->153952K(183296K)
[6957.714s][info][gc,heap        ] GC(2574) ParOldGen: 1833572K(2224640K)->1941500K(2224640K)
[6957.714s][info][gc,metaspace   ] GC(2574) Metaspace: 29088K(29376K)->29088K(29376K) NonClass: 25986K(26112K)->25986K(26112K) Class: 3101K(3264K)->3101K(3264K)
[6957.714s][info][gc             ] GC(2574) Pause Young (Allocation Failure) 4313M->2046M(4721M) 92.913ms
[6957.714s][info][gc,cpu         ] GC(2574) User=0.55s Sys=0.00s Real=0.10s
.[6959.016s][info][gc,start       ] GC(2575) Pause Young (Allocation Failure)
[6959.111s][info][gc,heap        ] GC(2575) PSYoungGen: 2580832K(2610176K)->164480K(2609152K) Eden: 2426880K(2426880K)->0K(2426880K) From: 153952K(183296K)->164480K(182272K)
[6959.111s][info][gc,heap        ] GC(2575) ParOldGen: 1941500K(2224640K)->2040548K(2224640K)
[6959.111s][info][gc,metaspace   ] GC(2575) Metaspace: 29088K(29376K)->29088K(29376K) NonClass: 25986K(26112K)->25986K(26112K) Class: 3101K(3264K)->3101K(3264K)
[6959.111s][info][gc             ] GC(2575) Pause Young (Allocation Failure) 4416M->2153M(4720M) 95.346ms
[6959.111s][info][gc,cpu         ] GC(2575) User=0.56s Sys=0.01s Real=0.09s
.[6960.338s][info][gc,start       ] GC(2576) Pause Young (Allocation Failure)
[6960.444s][info][gc,heap        ] GC(2576) PSYoungGen: 2591360K(2609152K)->180596K(2604032K) Eden: 2426880K(2426880K)->0K(2422272K) From: 164480K(182272K)->180596K(181760K)
[6960.444s][info][gc,heap        ] GC(2576) ParOldGen: 2040548K(2224640K)->2151036K(2224640K)
[6960.444s][info][gc,metaspace   ] GC(2576) Metaspace: 29088K(29376K)->29088K(29376K) NonClass: 25986K(26112K)->25986K(26112K) Class: 3101K(3264K)->3101K(3264K)
[6960.444s][info][gc             ] GC(2576) Pause Young (Allocation Failure) 4523M->2276M(4715M) 106.259ms
[6960.444s][info][gc,cpu         ] GC(2576) User=0.62s Sys=0.01s Real=0.11s
..[6961.804s][info][gc,start       ] GC(2577) Pause Young (Allocation Failure)
[6961.905s][info][gc,heap        ] GC(2577) PSYoungGen: 2602868K(2604032K)->165989K(2609152K) Eden: 2422272K(2422272K)->0K(2422272K) From: 180596K(181760K)->165989K(186880K)
[6961.905s][info][gc,heap        ] GC(2577) ParOldGen: 2151036K(2224640K)->2262300K(2262528K)
[6961.905s][info][gc,metaspace   ] GC(2577) Metaspace: 29088K(29376K)->29088K(29376K) NonClass: 25986K(26112K)->25986K(26112K) Class: 3101K(3264K)->3101K(3264K)
[6961.905s][info][gc             ] GC(2577) Pause Young (Allocation Failure) 4642M->2371M(4757M) 101.758ms
[6961.905s][info][gc,cpu         ] GC(2577) User=0.60s Sys=0.00s Real=0.10s
