[0.002s][info][gc,init] CardTable entry size: 512
[0.002s][info][gc     ] Using Parallel
[0.002s][info][gc,init] Version: 24-internal-adhoc.thomas.source (release)
[0.002s][info][gc,init] CPUs: 8 total, 6 available
[0.002s][info][gc,init] Memory: 15662M
[0.002s][info][gc,init] Large Page Support: Disabled
[0.002s][info][gc,init] NUMA Support: Disabled
[0.002s][info][gc,init] Compressed Oops: Enabled (Zero based)
[0.002s][info][gc,init] Alignments: Space 512K, Generation 512K, Heap 2M
[0.002s][info][gc,init] Heap Min Capacity: 2M
[0.002s][info][gc,init] Heap Initial Capacity: 246M
[0.002s][info][gc,init] Heap Max Capacity: 8G
[0.002s][info][gc,init] Pre-touch: Disabled
[0.002s][info][gc,init] Parallel Workers: 6
[0.003s][info][gc,metaspace] CDS archive(s) not mapped
[0.003s][info][gc,metaspace] Compressed class space mapped at: 0x0000000071000000-0x00000000b1000000, reserved size: 1073741824
[0.003s][info][gc,metaspace] UseCompressedClassPointers 1, UseCompactObjectHeaders 1, narrow klass pointer bits 22, max shift 10
[0.003s][info][gc,metaspace] Narrow klass base: 0x0000000071000000, Narrow klass shift: 9, Narrow klass range: 0x40000000

SPECjbb2015 Java Business Benchmark
 (c) Standard Performance Evaluation Corporation, 2015

Preparing to launch All-in-one SPECjbb2015.

Reading property file: /shared/projects/openjdk/analysis/lilliput-benefits/specjbb/results-COH-ON-Parallel-FullGC-8G-3/./config/specjbb2015.props

     0s: Enumerating plugins...
     0s:    Connectivity:
     0s:             HTTP_Grizzly: Grizzly HTTP server, JDK HTTP client
     0s:              NIO_Grizzly: Grizzly NIO server, Grizzly NIO client
     0s:               HTTP_Jetty: Jetty HTTP server, JDK HTTP client
     0s:    Snapshot:
     0s:                 InMemory: Stores snapshots in heap memory
     0s:    Data Writers:
     0s:                     Demo: Send all frame to listener
     0s:                   InFile: Writing Data into file
     0s:                   Silent: Drop all frames
     0s: 
     0s: Kit validation is skipped.
     0s: Tests are skipped.
     0s: 
     0s: [0.437s][info][gc,start    ] GC(0) Pause Young (Allocation Failure)
[0.440s][info][gc,heap     ] GC(0) PSYoungGen: 63488K(73728K)->3681K(73728K) Eden: 63488K(63488K)->0K(63488K) From: 0K(10240K)->3681K(10240K)
[0.440s][info][gc,heap     ] GC(0) ParOldGen: 0K(167936K)->16K(167936K)
[0.440s][info][gc,metaspace] GC(0) Metaspace: 16424K(16576K)->16424K(16576K) NonClass: 13554K(13632K)->13554K(13632K) Class: 2870K(2944K)->2870K(2944K)
[0.440s][info][gc          ] GC(0) Pause Young (Allocation Failure) 62M->3M(236M) 3.170ms
[0.440s][info][gc,cpu      ] GC(0) User=0.01s Sys=0.00s Real=0.01s
[0.612s][info][gc,start    ] GC(1) Pause Young (Allocation Failure)
[0.615s][info][gc,heap     ] GC(1) PSYoungGen: 67169K(73728K)->3894K(73728K) Eden: 63488K(63488K)->0K(63488K) From: 3681K(10240K)->3894K(10240K)
[0.615s][info][gc,heap     ] GC(1) ParOldGen: 16K(167936K)->24K(167936K)
[0.615s][info][gc,metaspace] GC(1) Metaspace: 18072K(18240K)->18072K(18240K) NonClass: 14709K(14784K)->14709K(14784K) Class: 3362K(3456K)->3362K(3456K)
[0.615s][info][gc          ] GC(1) Pause Young (Allocation Failure) 65M->3M(236M) 3.494ms
[0.615s][info][gc,cpu      ] GC(1) User=0.01s Sys=0.00s Real=0.00s
[0.871s][info][gc,start    ] GC(2) Pause Young (Allocation Failure)
[0.874s][info][gc,heap     ] GC(2) PSYoungGen: 67382K(73728K)->4666K(73728K) Eden: 63488K(63488K)->0K(63488K) From: 3894K(10240K)->4666K(10240K)
[0.874s][info][gc,heap     ] GC(2) ParOldGen: 24K(167936K)->32K(167936K)
[0.874s][info][gc,metaspace] GC(2) Metaspace: 20777K(20928K)->20777K(20928K) NonClass: 16851K(16896K)->16851K(16896K) Class: 3925K(4032K)->3925K(4032K)
[0.874s][info][gc          ] GC(2) Pause Young (Allocation Failure) 65M->4M(236M) 2.796ms
[0.874s][info][gc,cpu      ] GC(2) User=0.01s Sys=0.00s Real=0.00s
[0.977s][info][gc,start    ] GC(3) Pause Young (Allocation Failure)
[0.982s][info][gc,heap     ] GC(3) PSYoungGen: 68154K(73728K)->4794K(137216K) Eden: 63488K(63488K)->0K(126976K) From: 4666K(10240K)->4794K(10240K)
[0.982s][info][gc,heap     ] GC(3) ParOldGen: 32K(167936K)->40K(167936K)
[0.982s][info][gc,metaspace] GC(3) Metaspace: 21109K(21312K)->21109K(21312K) NonClass: 17109K(17216K)->17109K(17216K) Class: 3999K(4096K)->3999K(4096K)
[0.982s][info][gc          ] GC(3) Pause Young (Allocation Failure) 66M->4M(298M) 4.608ms
[0.982s][info][gc,cpu      ] GC(3) User=0.01s Sys=0.02s Real=0.01s
[1.089s][info][gc,start    ] GC(4) Pause Full (Metadata GC Threshold)
[1.089s][info][gc,phases,start] GC(4) Marking Phase
[1.093s][info][gc,phases      ] GC(4) Marking Phase 4.312ms
[1.093s][info][gc,phases,start] GC(4) Summary Phase
[1.093s][info][gc,phases      ] GC(4) Summary Phase 0.009ms
[1.093s][info][gc,phases,start] GC(4) Forward
[1.094s][info][gc,phases      ] GC(4) Forward 0.527ms
[1.094s][info][gc,phases,start] GC(4) Adjust Pointers
[1.095s][info][gc,phases      ] GC(4) Adjust Pointers 1.519ms
[1.095s][info][gc,phases,start] GC(4) Compaction Phase
[1.096s][info][gc,phases      ] GC(4) Compaction Phase 1.163ms
[1.096s][info][gc,phases,start] GC(4) Post Compact
[1.097s][info][gc,phases      ] GC(4) Post Compact 0.530ms
[1.097s][info][gc,heap        ] GC(4) PSYoungGen: 62982K(137216K)->0K(137216K) Eden: 58188K(126976K)->0K(126976K) From: 4794K(10240K)->0K(10240K)
[1.097s][info][gc,heap        ] GC(4) ParOldGen: 40K(167936K)->4870K(167936K)
[1.097s][info][gc,metaspace   ] GC(4) Metaspace: 21348K(21504K)->21348K(21504K) NonClass: 17335K(17408K)->17335K(17408K) Class: 4012K(4096K)->4012K(4096K)
[1.097s][info][gc             ] GC(4) Pause Full (Metadata GC Threshold) 61M->4M(298M) 8.243ms
[1.097s][info][gc,cpu         ] GC(4) User=0.03s Sys=0.00s Real=0.00s
Ladies and gentlemen, this is your Controller speaking.
     0s: We are delighted in having you for benchmark run today.
     0s: 
     0s: Binary log file is ./specjbb2015-C-20240917-00001.data.gz
     0s: 
     0s: Performing handshake with all agents ...
     0s: 
     0s:  Agent Group1.TxInjector.CompositeTxInjector has attached to Controller
     0s:  Agent Group1.Backend.CompositeBackend has attached to Controller
     0s: 
     0s: All agents have connected.
     0s: 
     0s: Attached agents info:

Group "Group1"
    TxInjectors:
        CompositeTxInjector, includes { Driver } @ [local in-Java link]
    Backends:
        CompositeBackend, includes { SM(2),SP(2) } @ [local in-Java link]

     0s: Initializing... (init[1.164s][info][gc,start       ] GC(5) Pause Young (Allocation Failure)
[1.198s][info][gc,heap        ] GC(5) PSYoungGen: 126976K(137216K)->10238K(137216K) Eden: 126976K(126976K)->0K(126976K) From: 0K(10240K)->10238K(10240K)
[1.198s][info][gc,heap        ] GC(5) ParOldGen: 4870K(167936K)->71497K(167936K)
[1.198s][info][gc,metaspace   ] GC(5) Metaspace: 22329K(22464K)->22329K(22464K) NonClass: 18128K(18176K)->18128K(18176K) Class: 4201K(4288K)->4201K(4288K)
[1.198s][info][gc             ] GC(5) Pause Young (Allocation Failure) 128M->79M(298M) 33.942ms
[1.198s][info][gc,cpu         ] GC(5) User=0.11s Sys=0.09s Real=0.03s
[1.311s][info][gc,start       ] GC(6) Pause Young (Allocation Failure)
[1.366s][info][gc,heap        ] GC(6) PSYoungGen: 137214K(137216K)->54781K(276992K) Eden: 126976K(126976K)->0K(222208K) From: 10238K(10240K)->54781K(54784K)
[1.366s][info][gc,heap        ] GC(6) ParOldGen: 71497K(167936K)->102183K(167936K)
[1.366s][info][gc,metaspace   ] GC(6) Metaspace: 22704K(22912K)->22704K(22912K) NonClass: 18442K(18560K)->18442K(18560K) Class: 4261K(4352K)->4261K(4352K)
[1.366s][info][gc             ] GC(6) Pause Young (Allocation Failure) 203M->153M(434M) 54.478ms
[1.366s][info][gc,cpu         ] GC(6) User=0.18s Sys=0.15s Real=0.05s
[1.552s][info][gc,start       ] GC(7) Pause Young (Allocation Failure)
[1.670s][info][gc,heap        ] GC(7) PSYoungGen: 276989K(276992K)->86511K(308736K) Eden: 222208K(222208K)->0K(222208K) From: 54781K(54784K)->86511K(86528K)
[1.670s][info][gc,heap        ] GC(7) ParOldGen: 102183K(167936K)->229263K(229376K)
[1.670s][info][gc,metaspace   ] GC(7) Metaspace: 22749K(22912K)->22749K(22912K) NonClass: 18487K(18560K)->18487K(18560K) Class: 4261K(4352K)->4261K(4352K)
[1.670s][info][gc             ] GC(7) Pause Young (Allocation Failure) 370M->308M(525M) 117.927ms
[1.670s][info][gc,cpu         ] GC(7) User=0.49s Sys=0.20s Real=0.12s
[1.827s][info][gc,start       ] GC(8) Pause Young (Allocation Failure)
[1.965s][info][gc,heap        ] GC(8) PSYoungGen: 308719K(308736K)->170989K(543232K) Eden: 222208K(222208K)->0K(372224K) From: 86511K(86528K)->170989K(171008K)
[1.965s][info][gc,heap        ] GC(8) ParOldGen: 229263K(229376K)->311375K(311808K)
[1.965s][info][gc,metaspace   ] GC(8) Metaspace: 22770K(22976K)->22770K(22976K) NonClass: 18506K(18560K)->18506K(18560K) Class: 4263K(4416K)->4263K(4416K)
[1.965s][info][gc             ] GC(8) Pause Young (Allocation Failure) 525M->471M(835M) 138.401ms
[1.965s][info][gc,cpu         ] GC(8) User=0.55s Sys=0.27s Real=0.14s
[2.112s][info][gc,start       ] GC(9) Pause Young (Allocation Failure)
[2.346s][info][gc,heap        ] GC(9) PSYoungGen: 543213K(543232K)->243177K(615424K) Eden: 372224K(372224K)->0K(372224K) From: 170989K(171008K)->243177K(243200K)
[2.346s][info][gc,heap        ] GC(9) ParOldGen: 311375K(311808K)->519861K(520192K)
[2.346s][info][gc,metaspace   ] GC(9) Metaspace: 22782K(22976K)->22782K(22976K) NonClass: 18517K(18560K)->18517K(18560K) Class: 4264K(4416K)->4264K(4416K)
[2.346s][info][gc             ] GC(9) Pause Young (Allocation Failure) 834M->745M(1109M) 234.048ms
[2.346s][info][gc,cpu         ] GC(9) User=0.97s Sys=0.41s Real=0.23s
[2.785s][info][gc,start       ] GC(10) Pause Young (Allocation Failure)
[3.024s][info][gc,heap        ] GC(10) PSYoungGen: 615401K(615424K)->289810K(934400K) Eden: 372224K(372224K)->0K(558592K) From: 243177K(243200K)->289810K(375808K)
[3.024s][info][gc,heap        ] GC(10) ParOldGen: 519861K(520192K)->610718K(610816K)
[3.024s][info][gc,metaspace   ] GC(10) Metaspace: 22839K(23104K)->22839K(23104K) NonClass: 18573K(18688K)->18573K(18688K) Class: 4266K(4416K)->4266K(4416K)
[3.024s][info][gc             ] GC(10) Pause Young (Allocation Failure) 1108M->879M(1509M) 239.098ms
[3.024s][info][gc,cpu         ] GC(10) User=1.09s Sys=0.33s Real=0.24s
) OK
     3s: 
     3s: Check whether properties are compliant
     3s: (validation=PASSED) Property settings are COMPLIANT.
     3s: 
     3s: Searching for high-bound for max-jOPS possible for this system
     3s: Searching from base IR = 100
     3s:       rampup IR =      0 [reconfig (term) [3.184s][info][gc,start       ] GC(11) Pause Full (System.gc())
[3.184s][info][gc,phases,start] GC(11) Marking Phase
[3.202s][info][gc,phases      ] GC(11) Marking Phase 18.148ms
[3.202s][info][gc,phases,start] GC(11) Summary Phase
[3.202s][info][gc,phases      ] GC(11) Summary Phase 0.030ms
[3.202s][info][gc,phases,start] GC(11) Forward
[3.217s][info][gc,phases      ] GC(11) Forward 15.151ms
[3.217s][info][gc,phases,start] GC(11) Adjust Pointers
[3.228s][info][gc,phases      ] GC(11) Adjust Pointers 10.327ms
[3.228s][info][gc,phases,start] GC(11) Compaction Phase
[3.241s][info][gc,phases      ] GC(11) Compaction Phase 13.750ms
[3.242s][info][gc,phases,start] GC(11) Post Compact
[3.246s][info][gc,phases      ] GC(11) Post Compact 4.963ms
[3.247s][info][gc,heap        ] GC(11) PSYoungGen: 366521K(934400K)->0K(934400K) Eden: 76710K(558592K)->0K(558592K) From: 289810K(375808K)->0K(375808K)
[3.247s][info][gc,heap        ] GC(11) ParOldGen: 610718K(610816K)->83623K(610816K)
[3.247s][info][gc,metaspace   ] GC(11) Metaspace: 23097K(23296K)->23097K(23296K) NonClass: 18789K(18880K)->18789K(18880K) Class: 4307K(4416K)->4307K(4416K)
[3.247s][info][gc             ] GC(11) Pause Full (System.gc()) 954M->81M(1509M) 62.671ms
[3.247s][info][gc,cpu         ] GC(11) User=0.25s Sys=0.01s Real=0.06s
(init[3.577s][info][gc,start       ] GC(12) Pause Young (Allocation Failure)
[3.774s][info][gc,heap        ] GC(12) PSYoungGen: 558592K(934400K)->413156K(971776K) Eden: 558592K(558592K)->0K(558592K) From: 0K(375808K)->413156K(413184K)
[3.774s][info][gc,heap        ] GC(12) ParOldGen: 83623K(610816K)->99407K(610816K)
[3.774s][info][gc,metaspace   ] GC(12) Metaspace: 23101K(23296K)->23101K(23296K) NonClass: 18794K(18880K)->18794K(18880K) Class: 4307K(4416K)->4307K(4416K)
[3.774s][info][gc             ] GC(12) Pause Young (Allocation Failure) 627M->500M(1545M) 197.506ms
[3.774s][info][gc,cpu         ] GC(12) User=0.85s Sys=0.32s Real=0.20s
[4.131s][info][gc,start       ] GC(13) Pause Young (Allocation Failure)
[4.418s][info][gc,heap        ] GC(13) PSYoungGen: 971748K(971776K)->284665K(1376256K) Eden: 558592K(558592K)->0K(882688K) From: 413156K(413184K)->284665K(493568K)
[4.418s][info][gc,heap        ] GC(13) ParOldGen: 99407K(610816K)->440818K(610816K)
[4.418s][info][gc,metaspace   ] GC(13) Metaspace: 23114K(23296K)->23114K(23296K) NonClass: 18806K(18880K)->18806K(18880K) Class: 4307K(4416K)->4307K(4416K)
[4.418s][info][gc             ] GC(13) Pause Young (Allocation Failure) 1046M->708M(1940M) 286.641ms
[4.418s][info][gc,cpu         ] GC(13) User=1.28s Sys=0.44s Real=0.28s
) ] ... (rIR:aIR:PR = 0:0:0) (tPR = 0) [OK] 
     7s:       rampup IR =     10 ... (rIR:aIR:PR = 10:10:10) (tPR = 785) [OK] 
    10s:       rampup IR =     20 ... (rIR:aIR:PR = 20:18:18) (tPR = 1540) [OK] 
    13s:       rampup IR =     30 .... (rIR:aIR:PR = 30:28:28) (tPR = 2000) [OK] 
    17s:       rampup IR =     40 .... (rIR:aIR:PR = 40:39:39) (tPR = 2682) [OK] 
    21s:       rampup IR =     50 .... (rIR:aIR:PR = 50:51:50) (tPR = 3249) [OK] 
    25s:       rampup IR =     60 .... (rIR:aIR:PR = 60:65:64) (tPR = 3834) [OK] 
    29s:       rampup IR =     70 .... (rIR:aIR:PR = 70:73:71) (tPR = 4231) [OK] 
    33s:       rampup IR =     80 .[34.734s][info][gc,start       ] GC(14) Pause Young (Allocation Failure)
[34.879s][info][gc,heap        ] GC(14) PSYoungGen: 1167353K(1376256K)->104410K(1387520K) Eden: 882688K(882688K)->0K(882688K) From: 284665K(493568K)->104410K(504832K)
[34.879s][info][gc,heap        ] GC(14) ParOldGen: 440818K(610816K)->708558K(708608K)
[34.879s][info][gc,metaspace   ] GC(14) Metaspace: 25180K(25344K)->25180K(25344K) NonClass: 20693K(20800K)->20693K(20800K) Class: 4487K(4544K)->4487K(4544K)
[34.879s][info][gc             ] GC(14) Pause Young (Allocation Failure) 1570M->793M(2047M) 144.780ms
[34.879s][info][gc,cpu         ] GC(14) User=0.83s Sys=0.03s Real=0.15s
... (rIR:aIR:PR = 80:78:77) (tPR = 4092) [OK] 
    37s:       rampup IR =     90 .... (rIR:aIR:PR = 90:91:89) (tPR = 4590) [OK] 
    41s:       rampup IR =    100 .... (rIR:aIR:PR = 100:101:98) (tPR = 4040) [OK] 
    45s:    snapshot, IR =    100 ....|...........................[76.837s][info][gc,start       ] GC(15) Pause Young (Allocation Failure)
[76.911s][info][gc,heap        ] GC(15) PSYoungGen: 987098K(1387520K)->44496K(1877504K) Eden: 882688K(882688K)->0K(1412608K) From: 104410K(504832K)->44496K(464896K)
[76.911s][info][gc,heap        ] GC(15) ParOldGen: 708558K(708608K)->811447K(811520K)
[76.911s][info][gc,metaspace   ] GC(15) Metaspace: 27241K(27520K)->27241K(27520K) NonClass: 22430K(22592K)->22430K(22592K) Class: 4811K(4928K)->4811K(4928K)
[76.911s][info][gc             ] GC(15) Pause Young (Allocation Failure) 1655M->835M(2626M) 73.960ms
[76.911s][info][gc,cpu         ] GC(15) User=0.36s Sys=0.08s Real=0.08s
... (rIR:aIR:PR = 100:100:98) (tPR = 3194) [OK] 
    79s: Performing snapshot: (quiescence.....) (stop TxI) (stop BE) (saving... 103367 Kb) (term) [86.471s][info][gc,start       ] GC(16) Pause Full (System.gc())
[86.471s][info][gc,phases,start] GC(16) Marking Phase
[86.492s][info][gc,phases      ] GC(16) Marking Phase 20.042ms
[86.492s][info][gc,phases,start] GC(16) Summary Phase
[86.492s][info][gc,phases      ] GC(16) Summary Phase 0.034ms
[86.492s][info][gc,phases,start] GC(16) Forward
[86.512s][info][gc,phases      ] GC(16) Forward 20.245ms
[86.512s][info][gc,phases,start] GC(16) Adjust Pointers
[86.524s][info][gc,phases      ] GC(16) Adjust Pointers 12.057ms
[86.524s][info][gc,phases,start] GC(16) Compaction Phase
[86.549s][info][gc,phases      ] GC(16) Compaction Phase 24.659ms
[86.549s][info][gc,phases,start] GC(16) Post Compact
[86.555s][info][gc,phases      ] GC(16) Post Compact 6.696ms
[86.556s][info][gc,heap        ] GC(16) PSYoungGen: 973713K(1877504K)->0K(1877504K) Eden: 929217K(1412608K)->0K(1412608K) From: 44496K(464896K)->0K(464896K)
[86.556s][info][gc,heap        ] GC(16) ParOldGen: 811447K(811520K)->188614K(811520K)
[86.556s][info][gc,metaspace   ] GC(16) Metaspace: 27399K(27648K)->27399K(27648K) NonClass: 22579K(22720K)->22579K(22720K) Class: 4819K(4928K)->4819K(4928K)
[86.556s][info][gc             ] GC(16) Pause Full (System.gc()) 1743M->184M(2626M) 84.101ms
[86.556s][info][gc,cpu         ] GC(16) User=0.32s Sys=0.00s Real=0.08s
(init[87.611s][info][gc,start       ] GC(17) Pause Young (Allocation Failure)
[87.885s][info][gc,heap        ] GC(17) PSYoungGen: 1412608K(1877504K)->461110K(1887232K) Eden: 1412608K(1412608K)->0K(1412608K) From: 0K(464896K)->461110K(474624K)
[87.885s][info][gc,heap        ] GC(17) ParOldGen: 188614K(811520K)->188622K(811520K)
[87.885s][info][gc,metaspace   ] GC(17) Metaspace: 27503K(27712K)->27503K(27712K) NonClass: 22672K(22784K)->22672K(22784K) Class: 4831K(4928K)->4831K(4928K)
[87.885s][info][gc             ] GC(17) Pause Young (Allocation Failure) 1563M->634M(2635M) 273.945ms
[87.886s][info][gc,cpu         ] GC(17) User=1.35s Sys=0.26s Real=0.27s
) ...
    90s:       rampup IR =      0 ... (rIR:aIR:PR = 0:0:0) (tPR = 0) [OK] 
    93s:       rampup IR =     10 ... (rIR:aIR:PR = 10:12:12) (tPR = 243) [OK] 
    96s:       rampup IR =     20 ... (rIR:aIR:PR = 20:16:16) (tPR = 307) [OK] 
    99s:       rampup IR =     30 .... (rIR:aIR:PR = 30:30:30) (tPR = 695) [OK] 
   103s:       rampup IR =     40 .... (rIR:aIR:PR = 40:39:39) (tPR = 942) [OK] 
   107s:       rampup IR =     50 .... (rIR:aIR:PR = 50:50:50) (tPR = 913) [OK] 
   111s:       rampup IR =     60 ..[114.477s][info][gc,start       ] GC(18) Pause Full (Diagnostic Command)
[114.477s][info][gc,phases,start] GC(18) Marking Phase
[114.719s][info][gc,phases      ] GC(18) Marking Phase 242.006ms
[114.719s][info][gc,phases,start] GC(18) Summary Phase
[114.719s][info][gc,phases      ] GC(18) Summary Phase 0.024ms
[114.719s][info][gc,phases,start] GC(18) Forward
[114.830s][info][gc,phases      ] GC(18) Forward 110.776ms
[114.830s][info][gc,phases,start] GC(18) Adjust Pointers
[114.970s][info][gc,phases      ] GC(18) Adjust Pointers 139.544ms
[114.970s][info][gc,phases,start] GC(18) Compaction Phase
[115.144s][info][gc,phases      ] GC(18) Compaction Phase 174.176ms
[115.144s][info][gc,phases,start] GC(18) Post Compact
[115.145s][info][gc,phases      ] GC(18) Post Compact 1.596ms
[115.146s][info][gc,heap        ] GC(18) PSYoungGen: 1367881K(1887232K)->154924K(1887232K) Eden: 906771K(1412608K)->0K(1412608K) From: 461110K(474624K)->154924K(474624K)
[115.146s][info][gc,heap        ] GC(18) ParOldGen: 188622K(811520K)->811408K(811520K)
[115.146s][info][gc,metaspace   ] GC(18) Metaspace: 27604K(27776K)->27604K(27776K) NonClass: 22773K(22848K)->22773K(22848K) Class: 4831K(4928K)->4831K(4928K)
[115.146s][info][gc             ] GC(18) Pause Full (Diagnostic Command) 1520M->943M(2635M) 668.493ms
[115.146s][info][gc,cpu         ] GC(18) User=3.76s Sys=0.00s Real=0.67s
.. (rIR:aIR:PR = 60:62:61) (tPR = 1595) [OK] 
   115s:       rampup IR =     70 .... (rIR:aIR:PR = 70:75:74) (tPR = 1738) [OK] 
   119s:       rampup IR =     80 .... (rIR:aIR:PR = 80:79:78) (tPR = 1584) [OK] 
   123s:       rampup IR =     90 .... (rIR:aIR:PR = 90:84:83) (tPR = 1909) [OK] 
   127s:       rampup IR =    100 .... (rIR:aIR:PR = 100:98:95) (tPR = 1852) [OK] 
   131s:       trying IR =    200 .... (rIR:aIR:PR = 200:204:199) (tPR = 4209) [OK] 
   135s:       trying IR =    220 .... (rIR:aIR:PR = 220:225:220) (tPR = 4501) [OK] 
   140s:       trying IR =    244 ..... (rIR:aIR:PR = 244:236:232) (tPR = 5068) [OK] 
   145s:       trying IR =    273 ..... (rIR:aIR:PR = 273:273:268) (tPR = 5162) [OK] 
   150s:       trying IR =    307 .... (rIR:aIR:PR = 307:311:304) (tPR = 5787) [OK] 
   154s:       trying IR =    349 .... (rIR:aIR:PR = 349:348:341) (tPR = 6366) [OK] 
   158s:       trying IR =    399 ..... (rIR:aIR:PR = 399:400:392) (tPR = 7856) [OK] 
   163s:       trying IR =    458 [163.248s][info][gc,start       ] GC(19) Pause Young (Allocation Failure)
[163.459s][info][gc,heap        ] GC(19) PSYoungGen: 1567532K(1887232K)->232581K(2260992K) Eden: 1412608K(1412608K)->0K(1705984K) From: 154924K(474624K)->232581K(555008K)
[163.459s][info][gc,heap        ] GC(19) ParOldGen: 811408K(811520K)->811416K(811520K)
[163.459s][info][gc,metaspace   ] GC(19) Metaspace: 27832K(28096K)->27832K(28096K) NonClass: 22996K(23168K)->22996K(23168K) Class: 4836K(4928K)->4836K(4928K)
[163.459s][info][gc             ] GC(19) Pause Young (Allocation Failure) 2323M->1019M(3000M) 211.933ms
[163.459s][info][gc,cpu         ] GC(19) User=1.00s Sys=0.21s Real=0.22s
.... (rIR:aIR:PR = 458:464:456) (tPR = 9021) [OK] 
   167s:       trying IR =    530 .... (rIR:aIR:PR = 530:529:516) (tPR = 9180) [OK] 
   171s:       trying IR =    616 .... (rIR:aIR:PR = 616:614:601) (tPR = 10790) [OK] 
   175s:       trying IR =    719 .... (rIR:aIR:PR = 719:725:708) (tPR = 12069) [OK] 
   179s:       trying IR =    843 [179.782s][info][gc,start       ] GC(20) Pause Young (Allocation Failure)
[179.910s][info][gc,heap        ] GC(20) PSYoungGen: 1938565K(2260992K)->85637K(1792000K) Eden: 1705984K(1705984K)->0K(1705984K) From: 232581K(555008K)->85637K(86016K)
[179.910s][info][gc,heap        ] GC(20) ParOldGen: 811416K(811520K)->1028767K(1029120K)
[179.910s][info][gc,metaspace   ] GC(20) Metaspace: 27896K(28096K)->27896K(28096K) NonClass: 23057K(23168K)->23057K(23168K) Class: 4838K(4928K)->4838K(4928K)
[179.910s][info][gc             ] GC(20) Pause Young (Allocation Failure) 2685M->1088M(2755M) 127.895ms
[179.910s][info][gc,cpu         ] GC(20) User=0.70s Sys=0.06s Real=0.13s
.... (rIR:aIR:PR = 843:846:827) (tPR = 14749) [OK] 
   183s:       trying IR =    992 ..... (rIR:aIR:PR = 992:991:969) (tPR = 16214) [OK] 
   188s:       trying IR =   1170 .[189.951s][info][gc,start       ] GC(21) Pause Young (Allocation Failure)
[190.029s][info][gc,heap        ] GC(21) PSYoungGen: 1791621K(1792000K)->88008K(2242048K) Eden: 1705984K(1705984K)->0K(1723392K) From: 85637K(86016K)->88008K(518656K)
[190.029s][info][gc,heap        ] GC(21) ParOldGen: 1028767K(1029120K)->1100439K(1100800K)
[190.029s][info][gc,metaspace   ] GC(21) Metaspace: 27960K(28160K)->27960K(28160K) NonClass: 23122K(23232K)->23122K(23232K) Class: 4838K(4928K)->4838K(4928K)
[190.029s][info][gc             ] GC(21) Pause Young (Allocation Failure) 2754M->1160M(3264M) 77.947ms
[190.029s][info][gc,cpu         ] GC(21) User=0.43s Sys=0.02s Real=0.08s
... (rIR:aIR:PR = 1170:1155:1127) (tPR = 19415) [OK] 
   192s:       trying IR =   1384 .... (rIR:aIR:PR = 1384:1381:1351) (tPR = 23751) [OK] 
   196s:       trying IR =   1641 .[197.400s][info][gc,start       ] GC(22) Pause Young (Allocation Failure)
[197.472s][info][gc,heap        ] GC(22) PSYoungGen: 1811400K(2242048K)->87500K(2224640K) Eden: 1723392K(1723392K)->0K(1723392K) From: 88008K(518656K)->87500K(501248K)
[197.472s][info][gc,heap        ] GC(22) ParOldGen: 1100439K(1100800K)->1173664K(1174016K)
[197.472s][info][gc,metaspace   ] GC(22) Metaspace: 28088K(28352K)->28088K(28352K) NonClass: 23233K(23360K)->23233K(23360K) Class: 4854K(4992K)->4854K(4992K)
[197.472s][info][gc             ] GC(22) Pause Young (Allocation Failure) 2843M->1231M(3319M) 71.732ms
[197.472s][info][gc,cpu         ] GC(22) User=0.39s Sys=0.03s Real=0.07s
... (rIR:aIR:PR = 1641:1614:1614) (tPR = 27894) [OK] 
   200s:       trying IR =   1949 ..[203.096s][info][gc,start       ] GC(23) Pause Young (Allocation Failure)
[203.167s][info][gc,heap        ] GC(23) PSYoungGen: 1810892K(2224640K)->89130K(2275840K) Eden: 1723392K(1723392K)->0K(1795072K) From: 87500K(501248K)->89130K(480768K)
[203.167s][info][gc,heap        ] GC(23) ParOldGen: 1173664K(1174016K)->1247168K(1247232K)
[203.167s][info][gc,metaspace   ] GC(23) Metaspace: 28114K(28416K)->28114K(28416K) NonClass: 23260K(23424K)->23260K(23424K) Class: 4854K(4992K)->4854K(4992K)
[203.167s][info][gc             ] GC(23) Pause Young (Allocation Failure) 2914M->1304M(3440M) 71.433ms
[203.167s][info][gc,cpu         ] GC(23) User=0.39s Sys=0.03s Real=0.07s
.. (rIR:aIR:PR = 1949:1917:1917) (tPR = 31459) [OK] 
   204s:       trying IR =   2319 ...[207.989s][info][gc,start       ] GC(24) Pause Young (Allocation Failure)
[208.068s][info][gc,heap        ] GC(24) PSYoungGen: 1884202K(2275840K)->96816K(2258944K) Eden: 1795072K(1795072K)->0K(1795072K) From: 89130K(480768K)->96816K(463872K)
[208.068s][info][gc,heap        ] GC(24) ParOldGen: 1247168K(1247232K)->1320154K(1320448K)
[208.068s][info][gc,metaspace   ] GC(24) Metaspace: 28168K(28480K)->28168K(28480K) NonClass: 23313K(23488K)->23313K(23488K) Class: 4854K(4992K)->4854K(4992K)
[208.068s][info][gc             ] GC(24) Pause Young (Allocation Failure) 3057M->1383M(3495M) 78.765ms
[208.068s][info][gc,cpu         ] GC(24) User=0.42s Sys=0.04s Real=0.07s
. (rIR:aIR:PR = 2319:2305:2305) (tPR = 38252) [OK] 
   208s:       trying IR =   2762 .... (rIR:aIR:PR = 2762:2737:2737) (tPR = 43145) [OK] 
   212s:       trying IR =   3295 [212.458s][info][gc,start       ] GC(25) Pause Young (Allocation Failure)
[212.542s][info][gc,heap        ] GC(25) PSYoungGen: 1891888K(2258944K)->101856K(2311168K) Eden: 1795072K(1795072K)->0K(1872384K) From: 96816K(463872K)->101856K(438784K)
[212.542s][info][gc,heap        ] GC(25) ParOldGen: 1320154K(1320448K)->1398155K(1398272K)
[212.542s][info][gc,metaspace   ] GC(25) Metaspace: 28265K(28544K)->28265K(28544K) NonClass: 23404K(23552K)->23404K(23552K) Class: 4861K(4992K)->4861K(4992K)
[212.542s][info][gc             ] GC(25) Pause Young (Allocation Failure) 3136M->1464M(3622M) 83.780ms
[212.542s][info][gc,cpu         ] GC(25) User=0.45s Sys=0.03s Real=0.09s
.... (rIR:aIR:PR = 3295:3305:3305) (tPR = 53561) [OK] 
   216s:       trying IR =   3934 [216.563s][info][gc,start       ] GC(26) Pause Young (Allocation Failure)
[216.656s][info][gc,heap        ] GC(26) PSYoungGen: 1974240K(2311168K)->107071K(2294784K) Eden: 1872384K(1872384K)->0K(1872384K) From: 101856K(438784K)->107071K(422400K)
[216.656s][info][gc,heap        ] GC(26) ParOldGen: 1398155K(1398272K)->1474419K(1474560K)
[216.656s][info][gc,metaspace   ] GC(26) Metaspace: 28577K(28928K)->28577K(28928K) NonClass: 23701K(23872K)->23701K(23872K) Class: 4876K(5056K)->4876K(5056K)
[216.656s][info][gc             ] GC(26) Pause Young (Allocation Failure) 3293M->1544M(3681M) 93.137ms
[216.656s][info][gc,cpu         ] GC(26) User=0.45s Sys=0.10s Real=0.09s
.... (rIR:aIR:PR = 3934:3855:3856) (tPR = 61224) [OK] 
   220s:       trying IR =   4701 [220.287s][info][gc,start       ] GC(27) Pause Young (Allocation Failure)
[220.374s][info][gc,heap        ] GC(27) PSYoungGen: 1979455K(2294784K)->108896K(2353152K) Eden: 1872384K(1872384K)->0K(1955328K) From: 107071K(422400K)->108896K(397824K)
[220.374s][info][gc,heap        ] GC(27) ParOldGen: 1474419K(1474560K)->1555167K(1555456K)
[220.374s][info][gc,metaspace   ] GC(27) Metaspace: 28662K(28928K)->28662K(28928K) NonClass: 23781K(23872K)->23781K(23872K) Class: 4881K(5056K)->4881K(5056K)
[220.374s][info][gc             ] GC(27) Pause Young (Allocation Failure) 3372M->1625M(3817M) 86.640ms
[220.374s][info][gc,cpu         ] GC(27) User=0.48s Sys=0.02s Real=0.09s
...[223.494s][info][gc,start       ] GC(28) Pause Young (Allocation Failure)
[223.605s][info][gc,heap        ] GC(28) PSYoungGen: 2064224K(2353152K)->113952K(2336256K) Eden: 1955328K(1955328K)->0K(1955328K) From: 108896K(397824K)->113952K(380928K)
[223.605s][info][gc,heap        ] GC(28) ParOldGen: 1555167K(1555456K)->1637143K(1637376K)
[223.605s][info][gc,metaspace   ] GC(28) Metaspace: 28676K(28992K)->28676K(28992K) NonClass: 23794K(23936K)->23794K(23936K) Class: 4882K(5056K)->4882K(5056K)
[223.605s][info][gc             ] GC(28) Pause Young (Allocation Failure) 3534M->1710M(3880M) 111.349ms
[223.605s][info][gc,cpu         ] GC(28) User=0.46s Sys=0.18s Real=0.11s
. (rIR:aIR:PR = 4701:4724:4724) (tPR = 70280) [OK] 
   224s:       trying IR =   5621 ..[226.502s][info][gc,start       ] GC(29) Pause Young (Allocation Failure)
[226.599s][info][gc,heap        ] GC(29) PSYoungGen: 2069280K(2336256K)->119824K(2395648K) Eden: 1955328K(1955328K)->0K(2036736K) From: 113952K(380928K)->119824K(358912K)
[226.599s][info][gc,heap        ] GC(29) ParOldGen: 1637143K(1637376K)->1719711K(1719808K)
[226.599s][info][gc,metaspace   ] GC(29) Metaspace: 28692K(29056K)->28692K(29056K) NonClass: 23810K(24000K)->23810K(24000K) Class: 4882K(5056K)->4882K(5056K)
[226.599s][info][gc             ] GC(29) Pause Young (Allocation Failure) 3619M->1796M(4019M) 97.249ms
[226.599s][info][gc,cpu         ] GC(29) User=0.50s Sys=0.06s Real=0.10s
.. (rIR:aIR:PR = 5621:5633:5633) (tPR = 85039) [OK] 
   228s:       trying IR =   6725 [229.249s][info][gc,start       ] GC(30) Pause Young (Allocation Failure)
[229.361s][info][gc,heap        ] GC(30) PSYoungGen: 2156560K(2395648K)->121568K(2378240K) Eden: 2036736K(2036736K)->0K(2036736K) From: 119824K(358912K)->121568K(341504K)
[229.361s][info][gc,heap        ] GC(30) ParOldGen: 1719711K(1719808K)->1804543K(1804800K)
[229.361s][info][gc,metaspace   ] GC(30) Metaspace: 28694K(29056K)->28694K(29056K) NonClass: 23812K(24000K)->23812K(24000K) Class: 4882K(5056K)->4882K(5056K)
[229.361s][info][gc             ] GC(30) Pause Young (Allocation Failure) 3785M->1880M(4085M) 111.930ms
[229.361s][info][gc,cpu         ] GC(30) User=0.50s Sys=0.14s Real=0.11s
...[231.649s][info][gc,start       ] GC(31) Pause Young (Allocation Failure)
[231.746s][info][gc,heap        ] GC(31) PSYoungGen: 2158304K(2378240K)->117296K(2434048K) Eden: 2036736K(2036736K)->0K(2111488K) From: 121568K(341504K)->117296K(322560K)
[231.746s][info][gc,heap        ] GC(31) ParOldGen: 1804543K(1804800K)->1891635K(1891840K)
[231.746s][info][gc,metaspace   ] GC(31) Metaspace: 28728K(29056K)->28728K(29056K) NonClass: 23846K(24000K)->23846K(24000K) Class: 4882K(5056K)->4882K(5056K)
[231.746s][info][gc             ] GC(31) Pause Young (Allocation Failure) 3869M->1961M(4224M) 97.129ms
[231.746s][info][gc,cpu         ] GC(31) User=0.49s Sys=0.07s Real=0.09s
.. (rIR:aIR:PR = 6725:6875:6877) (tPR = 105616) [OK] 
   233s:       trying IR =   8050 [233.992s][info][gc,start       ] GC(32) Pause Young (Allocation Failure)
[234.102s][info][gc,heap        ] GC(32) PSYoungGen: 2228784K(2434048K)->130453K(2418176K) Eden: 2111488K(2111488K)->0K(2111488K) From: 117296K(322560K)->130453K(306688K)
[234.102s][info][gc,heap        ] GC(32) ParOldGen: 1891635K(1891840K)->1973275K(1973760K)
[234.102s][info][gc,metaspace   ] GC(32) Metaspace: 28729K(29056K)->28729K(29056K) NonClass: 23847K(24000K)->23847K(24000K) Class: 4882K(5056K)->4882K(5056K)
[234.102s][info][gc             ] GC(32) Pause Young (Allocation Failure) 4023M->2054M(4289M) 110.813ms
[234.102s][info][gc,cpu         ] GC(32) User=0.53s Sys=0.11s Real=0.11s
..[236.103s][info][gc,start       ] GC(33) Pause Young (Allocation Failure)
[236.212s][info][gc,heap        ] GC(33) PSYoungGen: 2241941K(2418176K)->135428K(2470400K) Eden: 2111488K(2111488K)->0K(2181120K) From: 130453K(306688K)->135428K(289280K)
[236.212s][info][gc,heap        ] GC(33) ParOldGen: 1973275K(1973760K)->2057403K(2057728K)
[236.212s][info][gc,metaspace   ] GC(33) Metaspace: 28737K(29056K)->28737K(29056K) NonClass: 23855K(24000K)->23855K(24000K) Class: 4882K(5056K)->4882K(5056K)
[236.212s][info][gc             ] GC(33) Pause Young (Allocation Failure) 4116M->2141M(4422M) 108.742ms
[236.212s][info][gc,cpu         ] GC(33) User=0.51s Sys=0.12s Real=0.11s
.. (rIR:aIR:PR = 8050:8184:8186) (tPR = 123425) [OK] 
   237s:       trying IR =   9640 [238.198s][info][gc,start       ] GC(34) Pause Young (Allocation Failure)
[238.292s][info][gc,heap        ] GC(34) PSYoungGen: 2316548K(2470400K)->130768K(2456064K) Eden: 2181120K(2181120K)->0K(2181120K) From: 135428K(289280K)->130768K(274944K)
[238.292s][info][gc,heap        ] GC(34) ParOldGen: 2057403K(2057728K)->2142603K(2142720K)
[238.292s][info][gc,metaspace   ] GC(34) Metaspace: 28738K(29056K)->28738K(29056K) NonClass: 23856K(24000K)->23856K(24000K) Class: 4882K(5056K)->4882K(5056K)
[238.292s][info][gc             ] GC(34) Pause Young (Allocation Failure) 4271M->2220M(4491M) 93.741ms
[238.292s][info][gc,cpu         ] GC(34) User=0.51s Sys=0.02s Real=0.10s
..[240.047s][info][gc,start       ] GC(35) Pause Young (Allocation Failure)
[240.150s][info][gc,heap        ] GC(35) PSYoungGen: 2311888K(2456064K)->131232K(2505728K) Eden: 2181120K(2181120K)->0K(2244608K) From: 130768K(274944K)->131232K(261120K)
[240.150s][info][gc,heap        ] GC(35) ParOldGen: 2142603K(2142720K)->2233467K(2233856K)
[240.150s][info][gc,metaspace   ] GC(35) Metaspace: 28738K(29056K)->28738K(29056K) NonClass: 23856K(24000K)->23856K(24000K) Class: 4882K(5056K)->4882K(5056K)
[240.150s][info][gc             ] GC(35) Pause Young (Allocation Failure) 4350M->2309M(4628M) 103.245ms
[240.150s][info][gc,cpu         ] GC(35) User=0.55s Sys=0.05s Real=0.11s
..[242.004s][info][gc,start       ] GC(36) Pause Young (Allocation Failure)
[242.104s][info][gc,heap        ] GC(36) PSYoungGen: 2375840K(2505728K)->136352K(2492928K) Eden: 2244608K(2244608K)->0K(2244608K) From: 131232K(261120K)->136352K(248320K)
[242.104s][info][gc,heap        ] GC(36) ParOldGen: 2233467K(2233856K)->2317811K(2317824K)
[242.104s][info][gc,metaspace   ] GC(36) Metaspace: 28767K(29056K)->28767K(29056K) NonClass: 23885K(24000K)->23885K(24000K) Class: 4882K(5056K)->4882K(5056K)
[242.104s][info][gc             ] GC(36) Pause Young (Allocation Failure) 4501M->2396M(4698M) 99.977ms
[242.104s][info][gc,cpu         ] GC(36) User=0.56s Sys=0.02s Real=0.10s
. (rIR:aIR:PR = 9640:9614:9589) (tPR = 142828) [OK] 
   242s:       trying IR =  11548 .[243.708s][info][gc,start       ] GC(37) Pause Young (Allocation Failure)
[243.814s][info][gc,heap        ] GC(37) PSYoungGen: 2380960K(2492928K)->131264K(2534912K) Eden: 2244608K(2244608K)->0K(2296832K) From: 136352K(248320K)->131264K(238080K)
[243.815s][info][gc,heap        ] GC(37) ParOldGen: 2317811K(2317824K)->2408203K(2408448K)
[243.815s][info][gc,metaspace   ] GC(37) Metaspace: 28775K(29056K)->28775K(29056K) NonClass: 23892K(24000K)->23892K(24000K) Class: 4882K(5056K)->4882K(5056K)
[243.815s][info][gc             ] GC(37) Pause Young (Allocation Failure) 4588M->2479M(4827M) 106.363ms
[243.815s][info][gc,cpu         ] GC(37) User=0.55s Sys=0.07s Real=0.11s
.[245.276s][info][gc,start       ] GC(38) Pause Young (Allocation Failure)
[245.381s][info][gc,heap        ] GC(38) PSYoungGen: 2428096K(2534912K)->147092K(2524672K) Eden: 2296832K(2296832K)->0K(2296832K) From: 131264K(238080K)->147092K(227840K)
[245.381s][info][gc,heap        ] GC(38) ParOldGen: 2408203K(2408448K)->2495383K(2495488K)
[245.381s][info][gc,metaspace   ] GC(38) Metaspace: 28775K(29056K)->28775K(29056K) NonClass: 23892K(24000K)->23892K(24000K) Class: 4882K(5056K)->4882K(5056K)
[245.381s][info][gc             ] GC(38) Pause Young (Allocation Failure) 4722M->2580M(4902M) 104.483ms
[245.381s][info][gc,cpu         ] GC(38) User=0.57s Sys=0.03s Real=0.11s
..[246.913s][info][gc,start       ] GC(39) Pause Young (Allocation Failure)
[247.020s][info][gc,heap        ] GC(39) PSYoungGen: 2443924K(2524672K)->139808K(2560512K) Eden: 2296832K(2296832K)->0K(2336768K) From: 147092K(227840K)->139808K(223744K)
[247.020s][info][gc,heap        ] GC(39) ParOldGen: 2495383K(2495488K)->2584775K(2585088K)
[247.020s][info][gc,metaspace   ] GC(39) Metaspace: 28780K(29120K)->28780K(29120K) NonClass: 23898K(24064K)->23898K(24064K) Class: 4882K(5056K)->4882K(5056K)
[247.020s][info][gc             ] GC(39) Pause Young (Allocation Failure) 4823M->2660M(5025M) 107.527ms
[247.020s][info][gc,cpu         ] GC(39) User=0.57s Sys=0.05s Real=0.11s
.. (rIR:aIR:PR = 11548:11478:11477) (tPR = 174872) [OK] 
   248s:       trying IR =  13837 [248.615s][info][gc,start       ] GC(40) Pause Young (Allocation Failure)
[248.729s][info][gc,heap        ] GC(40) PSYoungGen: 2476576K(2560512K)->147888K(2553856K) Eden: 2336768K(2336768K)->0K(2336768K) From: 139808K(223744K)->147888K(217088K)
[248.729s][info][gc,heap        ] GC(40) ParOldGen: 2584775K(2585088K)->2673143K(2673152K)
[248.729s][info][gc,metaspace   ] GC(40) Metaspace: 28781K(29120K)->28781K(29120K) NonClass: 23898K(24064K)->23898K(24064K) Class: 4882K(5056K)->4882K(5056K)
[248.729s][info][gc             ] GC(40) Pause Young (Allocation Failure) 4942M->2754M(5104M) 113.556ms
[248.729s][info][gc,cpu         ] GC(40) User=0.63s Sys=0.04s Real=0.12s
.[250.136s][info][gc,start       ] GC(41) Pause Young (Allocation Failure)
[250.255s][info][gc,heap        ] GC(41) PSYoungGen: 2484656K(2553856K)->163300K(2566656K) Eden: 2336768K(2336768K)->0K(2352640K) From: 147888K(217088K)->163300K(214016K)
[250.256s][info][gc,heap        ] GC(41) ParOldGen: 2673143K(2673152K)->2763583K(2763776K)
[250.256s][info][gc,metaspace   ] GC(41) Metaspace: 28781K(29120K)->28781K(29120K) NonClass: 23898K(24064K)->23898K(24064K) Class: 4882K(5056K)->4882K(5056K)
[250.256s][info][gc             ] GC(41) Pause Young (Allocation Failure) 5036M->2858M(5205M) 119.066ms
[250.256s][info][gc,cpu         ] GC(41) User=0.64s Sys=0.07s Real=0.12s
.[251.846s][info][gc,start       ] GC(42) Pause Young (Allocation Failure)
[251.945s][info][gc,heap        ] GC(42) PSYoungGen: 2515940K(2566656K)->135936K(2569216K) Eden: 2352640K(2352640K)->0K(2352640K) From: 163300K(214016K)->135936K(216576K)
[251.945s][info][gc,heap        ] GC(42) ParOldGen: 2763583K(2763776K)->2858807K(2859008K)
[251.945s][info][gc,metaspace   ] GC(42) Metaspace: 28781K(29120K)->28781K(29120K) NonClass: 23898K(24064K)->23898K(24064K) Class: 4882K(5056K)->4882K(5056K)
[251.945s][info][gc             ] GC(42) Pause Young (Allocation Failure) 5155M->2924M(5301M) 99.291ms
[251.945s][info][gc,cpu         ] GC(42) User=0.55s Sys=0.03s Real=0.10s
..[253.388s][info][gc,start       ] GC(43) Pause Young (Allocation Failure)
[253.488s][info][gc,heap        ] GC(43) PSYoungGen: 2488576K(2569216K)->140128K(2572288K) Eden: 2352640K(2352640K)->0K(2370560K) From: 135936K(216576K)->140128K(201728K)
[253.488s][info][gc,heap        ] GC(43) ParOldGen: 2858807K(2859008K)->2944279K(2944512K)
[253.488s][info][gc,metaspace   ] GC(43) Metaspace: 28782K(29120K)->28782K(29120K) NonClass: 23899K(24064K)->23899K(24064K) Class: 4882K(5056K)->4882K(5056K)
[253.488s][info][gc             ] GC(43) Pause Young (Allocation Failure) 5222M->3012M(5387M) 100.462ms
[253.488s][info][gc,cpu         ] GC(43) User=0.55s Sys=0.03s Real=0.10s
.[255.043s][info][gc,start       ] GC(44) Pause Young (Allocation Failure)
[255.156s][info][gc,heap        ] GC(44) PSYoungGen: 2510688K(2572288K)->153146K(2573312K) Eden: 2370560K(2370560K)->0K(2370560K) From: 140128K(201728K)->153146K(202752K)
[255.156s][info][gc,heap        ] GC(44) ParOldGen: 2944279K(2944512K)->3039687K(3039744K)
[255.156s][info][gc,metaspace   ] GC(44) Metaspace: 28783K(29120K)->28783K(29120K) NonClass: 23901K(24064K)->23901K(24064K) Class: 4882K(5056K)->4882K(5056K)
[255.156s][info][gc             ] GC(44) Pause Young (Allocation Failure) 5327M->3118M(5481M) 112.562ms
[255.156s][info][gc,cpu         ] GC(44) User=0.63s Sys=0.02s Real=0.11s
.[256.541s][info][gc,start       ] GC(45) Pause Young (Allocation Failure)
[256.652s][info][gc,heap        ] GC(45) PSYoungGen: 2523706K(2573312K)->162740K(2589184K) Eden: 2370560K(2370560K)->0K(2387456K) From: 153146K(202752K)->162740K(201728K)
[256.652s][info][gc,heap        ] GC(45) ParOldGen: 3039687K(3039744K)->3125335K(3125760K)
[256.652s][info][gc,metaspace   ] GC(45) Metaspace: 28783K(29120K)->28783K(29120K) NonClass: 23901K(24064K)->23901K(24064K) Class: 4882K(5056K)->4882K(5056K)
[256.652s][info][gc             ] GC(45) Pause Young (Allocation Failure) 5433M->3211M(5581M) 110.888ms
[256.652s][info][gc,cpu         ] GC(45) User=0.58s Sys=0.07s Real=0.11s
.[258.195s][info][gc,start       ] GC(46) Pause Young (Allocation Failure)
[258.303s][info][gc,heap        ] GC(46) PSYoungGen: 2550196K(2589184K)->155296K(2591744K) Eden: 2387456K(2387456K)->0K(2387456K) From: 162740K(201728K)->155296K(204288K)
[258.303s][info][gc,heap        ] GC(46) ParOldGen: 3125335K(3125760K)->3223311K(3223552K)
[258.303s][info][gc,metaspace   ] GC(46) Metaspace: 28785K(29120K)->28785K(29120K) NonClass: 23902K(24064K)->23902K(24064K) Class: 4882K(5056K)->4882K(5056K)
[258.303s][info][gc             ] GC(46) Pause Young (Allocation Failure) 5542M->3299M(5679M) 108.459ms
[258.303s][info][gc,cpu         ] GC(46) User=0.61s Sys=0.02s Real=0.11s
.[259.792s][info][gc,start       ] GC(47) Pause Young (Allocation Failure)
[259.898s][info][gc,heap        ] GC(47) PSYoungGen: 2542752K(2591744K)->146272K(2581504K) Eden: 2387456K(2387456K)->0K(2388992K) From: 155296K(204288K)->146272K(192512K)
[259.899s][info][gc,heap        ] GC(47) ParOldGen: 3223311K(3223552K)->3314047K(3314176K)
[259.899s][info][gc,metaspace   ] GC(47) Metaspace: 28785K(29120K)->28785K(29120K) NonClass: 23902K(24064K)->23902K(24064K) Class: 4882K(5056K)->4882K(5056K)
[259.899s][info][gc             ] GC(47) Pause Young (Allocation Failure) 5630M->3379M(5757M) 106.037ms
[259.899s][info][gc,cpu         ] GC(47) User=0.58s Sys=0.03s Real=0.11s
.[261.569s][info][gc,start       ] GC(48) Pause Young (Allocation Failure)
[261.675s][info][gc,heap        ] GC(48) PSYoungGen: 2535264K(2581504K)->140014K(2587136K) Eden: 2388992K(2388992K)->0K(2388992K) From: 146272K(192512K)->140014K(198144K)
[261.675s][info][gc,heap        ] GC(48) ParOldGen: 3314047K(3314176K)->3410535K(3410944K)
[261.675s][info][gc,metaspace   ] GC(48) Metaspace: 28791K(29120K)->28791K(29120K) NonClass: 23908K(24064K)->23908K(24064K) Class: 4882K(5056K)->4882K(5056K)
[261.675s][info][gc             ] GC(48) Pause Young (Allocation Failure) 5712M->3467M(5857M) 106.241ms
[261.675s][info][gc,cpu         ] GC(48) User=0.58s Sys=0.03s Real=0.10s
..[262.977s][info][gc,start       ] GC(49) Pause Young (Allocation Failure)
[263.095s][info][gc,heap        ] GC(49) PSYoungGen: 2529006K(2587136K)->178688K(2586624K) Eden: 2388992K(2388992K)->0K(2393600K) From: 140014K(198144K)->178688K(193024K)
[263.095s][info][gc,heap        ] GC(49) ParOldGen: 3410535K(3410944K)->3493295K(3493376K)
[263.095s][info][gc,metaspace   ] GC(49) Metaspace: 28793K(29120K)->28793K(29120K) NonClass: 23910K(24064K)->23910K(24064K) Class: 4882K(5056K)->4882K(5056K)
[263.095s][info][gc             ] GC(49) Pause Young (Allocation Failure) 5800M->3585M(5937M) 117.506ms
[263.095s][info][gc,cpu         ] GC(49) User=0.65s Sys=0.05s Real=0.12s
.[264.558s][info][gc,start       ] GC(50) Pause Young (Allocation Failure)
[264.663s][info][gc,heap        ] GC(50) PSYoungGen: 2572288K(2586624K)->138976K(2594816K) Eden: 2393600K(2393600K)->0K(2393600K) From: 178688K(193024K)->138976K(201216K)
[264.663s][info][gc,heap        ] GC(50) ParOldGen: 3493295K(3493376K)->3597959K(3598336K)
[264.663s][info][gc,metaspace   ] GC(50) Metaspace: 28794K(29120K)->28794K(29120K) NonClass: 23911K(24064K)->23911K(24064K) Class: 4882K(5056K)->4882K(5056K)
[264.663s][info][gc             ] GC(50) Pause Young (Allocation Failure) 5923M->3649M(6048M) 105.457ms
[264.664s][info][gc,cpu         ] GC(50) User=0.58s Sys=0.04s Real=0.11s
.[266.098s][info][gc,start       ] GC(51) Pause Young (Allocation Failure)
[266.209s][info][gc,heap        ] GC(51) PSYoungGen: 2532576K(2594816K)->155328K(2587648K) Eden: 2393600K(2393600K)->0K(2397696K) From: 138976K(201216K)->155328K(189952K)
[266.210s][info][gc,heap        ] GC(51) ParOldGen: 3597959K(3598336K)->3687223K(3687424K)
[266.210s][info][gc,metaspace   ] GC(51) Metaspace: 28794K(29120K)->28794K(29120K) NonClass: 23911K(24064K)->23911K(24064K) Class: 4882K(5056K)->4882K(5056K)
[266.210s][info][gc             ] GC(51) Pause Young (Allocation Failure) 5986M->3752M(6128M) 111.072ms
[266.210s][info][gc,cpu         ] GC(51) User=0.62s Sys=0.02s Real=0.11s
.[267.651s][info][gc,start       ] GC(52) Pause Young (Allocation Failure)
[267.821s][info][gc,heap        ] GC(52) PSYoungGen: 2553024K(2587648K)->167593K(2593280K) Eden: 2397696K(2397696K)->0K(2397696K) From: 155328K(189952K)->167593K(195584K)
[267.821s][info][gc,heap        ] GC(52) ParOldGen: 3687223K(3687424K)->3784927K(3785216K)
[267.821s][info][gc,metaspace   ] GC(52) Metaspace: 28794K(29120K)->28794K(29120K) NonClass: 23911K(24064K)->23911K(24064K) Class: 4882K(5056K)->4882K(5056K)
[267.821s][info][gc             ] GC(52) Pause Young (Allocation Failure) 6093M->3859M(6229M) 169.635ms
[267.821s][info][gc,cpu         ] GC(52) User=0.68s Sys=0.03s Real=0.17s
.[269.365s][info][gc,start       ] GC(53) Pause Young (Allocation Failure)
[269.477s][info][gc,heap        ] GC(53) PSYoungGen: 2565289K(2593280K)->150421K(2594816K) Eden: 2397696K(2397696K)->0K(2402304K) From: 167593K(195584K)->150421K(192512K)
[269.477s][info][gc,heap        ] GC(53) ParOldGen: 3784927K(3785216K)->3884159K(3884544K)
[269.477s][info][gc,metaspace   ] GC(53) Metaspace: 28794K(29120K)->28794K(29120K) NonClass: 23911K(24064K)->23911K(24064K) Class: 4882K(5056K)->4882K(5056K)
[269.477s][info][gc             ] GC(53) Pause Young (Allocation Failure) 6201M->3940M(6327M) 111.438ms
[269.477s][info][gc,cpu         ] GC(53) User=0.60s Sys=0.04s Real=0.11s
.[271.042s][info][gc,start       ] GC(54) Pause Young (Allocation Failure)
[271.143s][info][gc,heap        ] GC(54) PSYoungGen: 2552725K(2594816K)->139200K(2596352K) Eden: 2402304K(2402304K)->0K(2402304K) From: 150421K(192512K)->139200K(194048K)
[271.143s][info][gc,heap        ] GC(54) ParOldGen: 3884159K(3884544K)->3975007K(3975168K)
[271.143s][info][gc,metaspace   ] GC(54) Metaspace: 28797K(29120K)->28797K(29120K) NonClass: 23914K(24064K)->23914K(24064K) Class: 4882K(5056K)->4882K(5056K)
[271.143s][info][gc             ] GC(54) Pause Young (Allocation Failure) 6286M->4017M(6417M) 100.784ms
[271.143s][info][gc,cpu         ] GC(54) User=0.57s Sys=0.03s Real=0.10s
..[272.614s][info][gc,start       ] GC(55) Pause Young (Allocation Failure)
[272.773s][info][gc,heap        ] GC(55) PSYoungGen: 2541504K(2596352K)->166548K(2597888K) Eden: 2402304K(2402304K)->0K(2406912K) From: 139200K(194048K)->166548K(190976K)
[272.773s][info][gc,heap        ] GC(55) ParOldGen: 3975007K(3975168K)->4063623K(4063744K)
[272.773s][info][gc,metaspace   ] GC(55) Metaspace: 28802K(29120K)->28802K(29120K) NonClass: 23919K(24064K)->23919K(24064K) Class: 4882K(5056K)->4882K(5056K)
[272.773s][info][gc             ] GC(55) Pause Young (Allocation Failure) 6363M->4131M(6505M) 159.307ms
[272.773s][info][gc,cpu         ] GC(55) User=0.63s Sys=0.03s Real=0.16s
.[274.253s][info][gc,start       ] GC(56) Pause Young (Allocation Failure)
[274.388s][info][gc,heap        ] GC(56) PSYoungGen: 2573460K(2597888K)->172569K(2579968K) Eden: 2406912K(2406912K)->0K(2406912K) From: 166548K(190976K)->172569K(173056K)
[274.388s][info][gc,heap        ] GC(56) ParOldGen: 4063623K(4063744K)->4163447K(4163584K)
[274.388s][info][gc,metaspace   ] GC(56) Metaspace: 28804K(29120K)->28804K(29120K) NonClass: 23921K(24064K)->23921K(24064K) Class: 4882K(5056K)->4882K(5056K)
[274.388s][info][gc             ] GC(56) Pause Young (Allocation Failure) 6481M->4234M(6585M) 134.630ms
[274.388s][info][gc,cpu         ] GC(56) User=0.76s Sys=0.03s Real=0.13s
.[275.867s][info][gc,start       ] GC(57) Pause Young (Allocation Failure)
[275.976s][info][gc,heap        ] GC(57) PSYoungGen: 2579481K(2579968K)->152096K(2603008K) Eden: 2406912K(2406912K)->0K(2405376K) From: 172569K(173056K)->152096K(197632K)
[275.976s][info][gc,heap        ] GC(57) ParOldGen: 4163447K(4163584K)->4255055K(4255232K)
[275.976s][info][gc,metaspace   ] GC(57) Metaspace: 28804K(29120K)->28804K(29120K) NonClass: 23921K(24064K)->23921K(24064K) Class: 4882K(5056K)->4882K(5056K)
[275.976s][info][gc             ] GC(57) Pause Young (Allocation Failure) 6584M->4303M(6697M) 108.740ms
[275.976s][info][gc,cpu         ] GC(57) User=0.61s Sys=0.02s Real=0.11s
..[277.502s][info][gc,start       ] GC(58) Pause Young (Allocation Failure)
[277.618s][info][gc,heap        ] GC(58) PSYoungGen: 2557472K(2603008K)->150517K(2555904K) Eden: 2405376K(2405376K)->0K(2405376K) From: 152096K(197632K)->150517K(150528K)
[277.618s][info][gc,heap        ] GC(58) ParOldGen: 4255055K(4255232K)->4350759K(4350976K)
[277.618s][info][gc,metaspace   ] GC(58) Metaspace: 28804K(29120K)->28804K(29120K) NonClass: 23921K(24064K)->23921K(24064K) Class: 4882K(5056K)->4882K(5056K)
[277.618s][info][gc             ] GC(58) Pause Young (Allocation Failure) 6652M->4395M(6745M) 115.226ms
[277.618s][info][gc,cpu         ] GC(58) User=0.62s Sys=0.04s Real=0.11s
. (rIR:aIR:PR = 13837:13271:12454) (tPR = 186975) [PR is under limit] 
   278s: Re-initializing (term[279.264s][info][gc,start       ] GC(59) Pause Young (Allocation Failure)
[279.374s][info][gc,heap        ] GC(59) PSYoungGen: 2555893K(2555904K)->152689K(2598400K) Eden: 2405376K(2405376K)->0K(2408960K) From: 150517K(150528K)->152689K(189440K)
[279.374s][info][gc,heap        ] GC(59) ParOldGen: 4350759K(4350976K)->4443551K(4443648K)
[279.374s][info][gc,metaspace   ] GC(59) Metaspace: 28804K(29120K)->28804K(29120K) NonClass: 23921K(24064K)->23921K(24064K) Class: 4882K(5056K)->4882K(5056K)
[279.374s][info][gc             ] GC(59) Pause Young (Allocation Failure) 6744M->4488M(6877M) 109.847ms
[279.374s][info][gc,cpu         ] GC(59) User=0.61s Sys=0.03s Real=0.11s
[280.941s][info][gc,start       ] GC(60) Pause Young (Allocation Failure)
[281.052s][info][gc,heap        ] GC(60) PSYoungGen: 2561649K(2598400K)->157588K(2594816K) Eden: 2408960K(2408960K)->0K(2408960K) From: 152689K(189440K)->157588K(185856K)
[281.052s][info][gc,heap        ] GC(60) ParOldGen: 4443551K(4443648K)->4535135K(4535296K)
[281.052s][info][gc,metaspace   ] GC(60) Metaspace: 28811K(29120K)->28811K(29120K) NonClass: 23928K(24064K)->23928K(24064K) Class: 4882K(5056K)->4882K(5056K)
[281.052s][info][gc             ] GC(60) Pause Young (Allocation Failure) 6841M->4582M(6963M) 111.141ms
[281.052s][info][gc,cpu         ] GC(60) User=0.60s Sys=0.04s Real=0.11s
[282.527s][info][gc,start       ] GC(61) Pause Young (Allocation Failure)
[282.647s][info][gc,heap        ] GC(61) PSYoungGen: 2566548K(2594816K)->173504K(2601472K) Eden: 2408960K(2408960K)->0K(2416640K) From: 157588K(185856K)->173504K(184832K)
[282.647s][info][gc,heap        ] GC(61) ParOldGen: 4535135K(4535296K)->4640687K(4640768K)
[282.647s][info][gc,metaspace   ] GC(61) Metaspace: 28812K(29120K)->28812K(29120K) NonClass: 23929K(24064K)->23929K(24064K) Class: 4882K(5056K)->4882K(5056K)
[282.647s][info][gc             ] GC(61) Pause Young (Allocation Failure) 6935M->4701M(7072M) 119.849ms
[282.647s][info][gc,cpu         ] GC(61) User=0.68s Sys=0.03s Real=0.12s
) [283.456s][info][gc,start       ] GC(62) Pause Full (System.gc())
[283.456s][info][gc,phases,start] GC(62) Marking Phase
[283.479s][info][gc,phases      ] GC(62) Marking Phase 23.741ms
[283.479s][info][gc,phases,start] GC(62) Summary Phase
[283.479s][info][gc,phases      ] GC(62) Summary Phase 0.091ms
[283.479s][info][gc,phases,start] GC(62) Forward
[283.501s][info][gc,phases      ] GC(62) Forward 21.157ms
[283.501s][info][gc,phases,start] GC(62) Adjust Pointers
[283.516s][info][gc,phases      ] GC(62) Adjust Pointers 15.143ms
[283.516s][info][gc,phases,start] GC(62) Compaction Phase
[283.542s][info][gc,phases      ] GC(62) Compaction Phase 26.168ms
[283.542s][info][gc,phases,start] GC(62) Post Compact
[283.566s][info][gc,phases      ] GC(62) Post Compact 24.293ms
[283.566s][info][gc,heap        ] GC(62) PSYoungGen: 1475048K(2601472K)->0K(2601472K) Eden: 1301544K(2416640K)->0K(2416640K) From: 173504K(184832K)->0K(184832K)
[283.566s][info][gc,heap        ] GC(62) ParOldGen: 4640687K(4640768K)->190341K(4640768K)
[283.566s][info][gc,metaspace   ] GC(62) Metaspace: 28814K(29120K)->28814K(29120K) NonClass: 23931K(24064K)->23931K(24064K) Class: 4882K(5056K)->4882K(5056K)
[283.566s][info][gc             ] GC(62) Pause Full (System.gc()) 5972M->185M(7072M) 110.955ms
[283.566s][info][gc,cpu         ] GC(62) User=0.36s Sys=0.02s Real=0.11s
(init) ... OK
   287s: Searching from base IR = 11548
   287s:       rampup IR =      0 ... (rIR:aIR:PR = 0:0:0) (tPR = 0) [OK] 
   290s:       rampup IR =   1155 .[292.355s][info][gc,start       ] GC(63) Pause Young (Allocation Failure)
[292.655s][info][gc,heap        ] GC(63) PSYoungGen: 2416640K(2601472K)->188914K(2605568K) Eden: 2416640K(2416640K)->0K(2416640K) From: 0K(184832K)->188914K(188928K)
[292.655s][info][gc,heap        ] GC(63) ParOldGen: 190341K(4640768K)->779522K(4640768K)
[292.655s][info][gc,metaspace   ] GC(63) Metaspace: 28832K(29184K)->28832K(29184K) NonClass: 23949K(24128K)->23949K(24128K) Class: 4883K(5056K)->4883K(5056K)
[292.655s][info][gc             ] GC(63) Pause Young (Allocation Failure) 2545M->945M(7076M) 299.932ms
[292.655s][info][gc,cpu         ] GC(63) User=1.79s Sys=0.00s Real=0.30s
... (rIR:aIR:PR = 1155:1154:1129) (tPR = 23982) [OK] 
   294s:       rampup IR =   2310 .... (rIR:aIR:PR = 2310:2302:2254) (tPR = 41803) [OK] 
   298s:       rampup IR =   3464 [299.645s][info][gc,start       ] GC(64) Pause Young (Allocation Failure)
[299.781s][info][gc,heap        ] GC(64) PSYoungGen: 2605554K(2605568K)->128414K(2163200K) Eden: 2416640K(2416640K)->0K(1972736K) From: 188914K(188928K)->128414K(190464K)
[299.781s][info][gc,heap        ] GC(64) ParOldGen: 779522K(4640768K)->941830K(4640768K)
[299.781s][info][gc,metaspace   ] GC(64) Metaspace: 28834K(29184K)->28834K(29184K) NonClass: 23950K(24128K)->23950K(24128K) Class: 4883K(5056K)->4883K(5056K)
[299.781s][info][gc             ] GC(64) Pause Young (Allocation Failure) 3305M->1045M(6644M) 136.313ms
[299.781s][info][gc,cpu         ] GC(64) User=0.82s Sys=0.00s Real=0.14s
....[302.870s][info][gc,start       ] GC(65) Pause Young (Allocation Failure)
[302.955s][info][gc,heap        ] GC(65) PSYoungGen: 2101150K(2163200K)->97160K(2384384K) Eden: 1972736K(1972736K)->0K(1972736K) From: 128414K(190464K)->97160K(411648K)
[302.955s][info][gc,heap        ] GC(65) ParOldGen: 941830K(4640768K)->1045063K(4640768K)
[302.955s][info][gc,metaspace   ] GC(65) Metaspace: 28834K(29184K)->28834K(29184K) NonClass: 23950K(24128K)->23950K(24128K) Class: 4883K(5056K)->4883K(5056K)
[302.955s][info][gc             ] GC(65) Pause Young (Allocation Failure) 2971M->1115M(6860M) 84.531ms
[302.955s][info][gc,cpu         ] GC(65) User=0.50s Sys=0.00s Real=0.08s
. (rIR:aIR:PR = 3464:3485:3504) (tPR = 62495) [OK] 
   303s:       rampup IR =   4619 .[305.612s][info][gc,start       ] GC(66) Pause Young (Allocation Failure)
[305.689s][info][gc,heap        ] GC(66) PSYoungGen: 2069896K(2384384K)->102940K(2372608K) Eden: 1972736K(1972736K)->0K(1974272K) From: 97160K(411648K)->102940K(398336K)
[305.689s][info][gc,heap        ] GC(66) ParOldGen: 1045063K(4640768K)->1125144K(4640768K)
[305.689s][info][gc,metaspace   ] GC(66) Metaspace: 28834K(29184K)->28834K(29184K) NonClass: 23950K(24128K)->23950K(24128K) Class: 4883K(5056K)->4883K(5056K)
[305.689s][info][gc             ] GC(66) Pause Young (Allocation Failure) 3041M->1199M(6849M) 76.905ms
[305.689s][info][gc,cpu         ] GC(66) User=0.45s Sys=0.00s Real=0.08s
... (rIR:aIR:PR = 4619:4617:4588) (tPR = 76702) [OK] 
   307s:       rampup IR =   5774 [308.058s][info][gc,start       ] GC(67) Pause Young (Allocation Failure)
[308.138s][info][gc,heap        ] GC(67) PSYoungGen: 2077212K(2372608K)->108287K(2379264K) Eden: 1974272K(1974272K)->0K(1974272K) From: 102940K(398336K)->108287K(404992K)
[308.138s][info][gc,heap        ] GC(67) ParOldGen: 1125144K(4640768K)->1206664K(4640768K)
[308.138s][info][gc,metaspace   ] GC(67) Metaspace: 28834K(29184K)->28834K(29184K) NonClass: 23950K(24128K)->23950K(24128K) Class: 4883K(5056K)->4883K(5056K)
[308.138s][info][gc             ] GC(67) Pause Young (Allocation Failure) 3127M->1284M(6855M) 79.395ms
[308.138s][info][gc,cpu         ] GC(67) User=0.47s Sys=0.01s Real=0.07s
..[310.162s][info][gc,start       ] GC(68) Pause Young (Allocation Failure)
[310.244s][info][gc,heap        ] GC(68) PSYoungGen: 2082559K(2379264K)->107728K(2373120K) Eden: 1974272K(1974272K)->0K(1994240K) From: 108287K(404992K)->107728K(378880K)
[310.244s][info][gc,heap        ] GC(68) ParOldGen: 1206664K(4640768K)->1288267K(4640768K)
[310.244s][info][gc,metaspace   ] GC(68) Metaspace: 28838K(29184K)->28838K(29184K) NonClass: 23954K(24128K)->23954K(24128K) Class: 4883K(5056K)->4883K(5056K)
[310.244s][info][gc             ] GC(68) Pause Young (Allocation Failure) 3212M->1363M(6849M) 82.115ms
[310.244s][info][gc,cpu         ] GC(68) User=0.48s Sys=0.00s Real=0.08s
.. (rIR:aIR:PR = 5774:5726:5726) (tPR = 91759) [OK] 
   311s:       rampup IR =   6929 [312.455s][info][gc,start       ] GC(69) Pause Young (Allocation Failure)
[312.543s][info][gc,heap        ] GC(69) PSYoungGen: 2101968K(2373120K)->115631K(2381312K) Eden: 1994240K(1994240K)->0K(1994240K) From: 107728K(378880K)->115631K(387072K)
[312.543s][info][gc,heap        ] GC(69) ParOldGen: 1288267K(4640768K)->1371939K(4640768K)
[312.543s][info][gc,metaspace   ] GC(69) Metaspace: 28842K(29184K)->28842K(29184K) NonClass: 23959K(24128K)->23959K(24128K) Class: 4883K(5056K)->4883K(5056K)
[312.543s][info][gc             ] GC(69) Pause Young (Allocation Failure) 3310M->1452M(6857M) 88.402ms
[312.543s][info][gc,cpu         ] GC(69) User=0.51s Sys=0.00s Real=0.09s
..[314.658s][info][gc,start       ] GC(70) Pause Young (Allocation Failure)
[314.743s][info][gc,heap        ] GC(70) PSYoungGen: 2109871K(2381312K)->120032K(2386944K) Eden: 1994240K(1994240K)->0K(2033664K) From: 115631K(387072K)->120032K(353280K)
[314.743s][info][gc,heap        ] GC(70) ParOldGen: 1371939K(4640768K)->1454563K(4640768K)
[314.743s][info][gc,metaspace   ] GC(70) Metaspace: 28843K(29184K)->28843K(29184K) NonClass: 23959K(24128K)->23959K(24128K) Class: 4883K(5056K)->4883K(5056K)
[314.743s][info][gc             ] GC(70) Pause Young (Allocation Failure) 3400M->1537M(6863M) 84.510ms
[314.743s][info][gc,cpu         ] GC(70) User=0.49s Sys=0.00s Real=0.08s
.. (rIR:aIR:PR = 6929:6929:6929) (tPR = 106308) [OK] 
   315s:       rampup IR =   8084 [316.727s][info][gc,start       ] GC(71) Pause Young (Allocation Failure)
[316.815s][info][gc,heap        ] GC(71) PSYoungGen: 2153696K(2386944K)->123952K(2396160K) Eden: 2033664K(2033664K)->0K(2033664K) From: 120032K(353280K)->123952K(362496K)
[316.815s][info][gc,heap        ] GC(71) ParOldGen: 1454563K(4640768K)->1540067K(4640768K)
[316.815s][info][gc,metaspace   ] GC(71) Metaspace: 28843K(29184K)->28843K(29184K) NonClass: 23960K(24128K)->23960K(24128K) Class: 4883K(5056K)->4883K(5056K)
[316.815s][info][gc             ] GC(71) Pause Young (Allocation Failure) 3523M->1625M(6872M) 88.404ms
[316.815s][info][gc,cpu         ] GC(71) User=0.51s Sys=0.00s Real=0.09s
..[318.730s][info][gc,start       ] GC(72) Pause Young (Allocation Failure)
[318.821s][info][gc,heap        ] GC(72) PSYoungGen: 2157616K(2396160K)->130452K(2408960K) Eden: 2033664K(2033664K)->0K(2084352K) From: 123952K(362496K)->130452K(324608K)
[318.821s][info][gc,heap        ] GC(72) ParOldGen: 1540067K(4640768K)->1625723K(4640768K)
[318.821s][info][gc,metaspace   ] GC(72) Metaspace: 28843K(29184K)->28843K(29184K) NonClass: 23960K(24128K)->23960K(24128K) Class: 4883K(5056K)->4883K(5056K)
[318.821s][info][gc             ] GC(72) Pause Young (Allocation Failure) 3611M->1715M(6884M) 90.923ms
[318.821s][info][gc,cpu         ] GC(72) User=0.52s Sys=0.00s Real=0.09s
..[320.765s][info][gc,start       ] GC(73) Pause Young (Allocation Failure)
[320.849s][info][gc,heap        ] GC(73) PSYoungGen: 2214804K(2408960K)->121440K(2419200K) Eden: 2084352K(2084352K)->0K(2084352K) From: 130452K(324608K)->121440K(334848K)
[320.849s][info][gc,heap        ] GC(73) ParOldGen: 1625723K(4640768K)->1710911K(4640768K)
[320.849s][info][gc,metaspace   ] GC(73) Metaspace: 28844K(29184K)->28844K(29184K) NonClass: 23960K(24128K)->23960K(24128K) Class: 4883K(5056K)->4883K(5056K)
[320.849s][info][gc             ] GC(73) Pause Young (Allocation Failure) 3750M->1789M(6894M) 84.041ms
[320.850s][info][gc,cpu         ] GC(73) User=0.49s Sys=0.00s Real=0.09s
. (rIR:aIR:PR = 8084:8128:8114) (tPR = 124233) [OK] 
   320s:       rampup IR =   9238 .[322.668s][info][gc,start       ] GC(74) Pause Young (Allocation Failure)
[322.759s][info][gc,heap        ] GC(74) PSYoungGen: 2205792K(2419200K)->129632K(2436608K) Eden: 2084352K(2084352K)->0K(2138624K) From: 121440K(334848K)->129632K(297984K)
[322.759s][info][gc,heap        ] GC(74) ParOldGen: 1710911K(4640768K)->1798183K(4640768K)
[322.759s][info][gc,metaspace   ] GC(74) Metaspace: 28844K(29184K)->28844K(29184K) NonClass: 23960K(24128K)->23960K(24128K) Class: 4883K(5056K)->4883K(5056K)
[322.759s][info][gc             ] GC(74) Pause Young (Allocation Failure) 3824M->1882M(6911M) 91.243ms
[322.759s][info][gc,cpu         ] GC(74) User=0.53s Sys=0.00s Real=0.10s
..[324.584s][info][gc,start       ] GC(75) Pause Young (Allocation Failure)
[324.676s][info][gc,heap        ] GC(75) PSYoungGen: 2268256K(2436608K)->134544K(2447872K) Eden: 2138624K(2138624K)->0K(2138624K) From: 129632K(297984K)->134544K(309248K)
[324.676s][info][gc,heap        ] GC(75) ParOldGen: 1798183K(4640768K)->1882863K(4640768K)
[324.676s][info][gc,metaspace   ] GC(75) Metaspace: 28844K(29184K)->28844K(29184K) NonClass: 23961K(24128K)->23961K(24128K) Class: 4883K(5056K)->4883K(5056K)
[324.676s][info][gc             ] GC(75) Pause Young (Allocation Failure) 3971M->1970M(6922M) 91.707ms
[324.676s][info][gc,cpu         ] GC(75) User=0.54s Sys=0.00s Real=0.09s
..[326.412s][info][gc,start       ] GC(76) Pause Young (Allocation Failure)
[326.515s][info][gc,heap        ] GC(76) PSYoungGen: 2273168K(2447872K)->144740K(2461184K) Eden: 2138624K(2138624K)->0K(2190848K) From: 134544K(309248K)->144740K(270336K)
[326.515s][info][gc,heap        ] GC(76) ParOldGen: 1882863K(4640768K)->1970655K(4640768K)
[326.515s][info][gc,metaspace   ] GC(76) Metaspace: 28845K(29184K)->28845K(29184K) NonClass: 23961K(24128K)->23961K(24128K) Class: 4883K(5056K)->4883K(5056K)
[326.515s][info][gc             ] GC(76) Pause Young (Allocation Failure) 4058M->2065M(6935M) 102.495ms
[326.515s][info][gc,cpu         ] GC(76) User=0.59s Sys=0.00s Real=0.10s
. (rIR:aIR:PR = 9238:9136:9136) (tPR = 140265) [OK] 
   326s:       rampup IR =  10393 .[328.236s][info][gc,start       ] GC(77) Pause Young (Allocation Failure)
[328.327s][info][gc,heap        ] GC(77) PSYoungGen: 2335588K(2461184K)->130848K(2472960K) Eden: 2190848K(2190848K)->0K(2190848K) From: 144740K(270336K)->130848K(282112K)
[328.327s][info][gc,heap        ] GC(77) ParOldGen: 1970655K(4640768K)->2055311K(4640768K)
[328.327s][info][gc,metaspace   ] GC(77) Metaspace: 28846K(29184K)->28846K(29184K) NonClass: 23963K(24128K)->23963K(24128K) Class: 4883K(5056K)->4883K(5056K)
[328.327s][info][gc             ] GC(77) Pause Young (Allocation Failure) 4205M->2134M(6947M) 91.129ms
[328.327s][info][gc,cpu         ] GC(77) User=0.53s Sys=0.01s Real=0.09s
..[329.957s][info][gc,start       ] GC(78) Pause Young (Allocation Failure)
[330.051s][info][gc,heap        ] GC(78) PSYoungGen: 2321696K(2472960K)->133952K(2492416K) Eden: 2190848K(2190848K)->0K(2242560K) From: 130848K(282112K)->133952K(249856K)
[330.051s][info][gc,heap        ] GC(78) ParOldGen: 2055311K(4640768K)->2143743K(4640768K)
[330.051s][info][gc,metaspace   ] GC(78) Metaspace: 28846K(29184K)->28846K(29184K) NonClass: 23963K(24128K)->23963K(24128K) Class: 4883K(5056K)->4883K(5056K)
[330.051s][info][gc             ] GC(78) Pause Young (Allocation Failure) 4274M->2224M(6966M) 93.752ms
[330.051s][info][gc,cpu         ] GC(78) User=0.55s Sys=0.00s Real=0.10s
.[331.698s][info][gc,start       ] GC(79) Pause Young (Allocation Failure)
[331.797s][info][gc,heap        ] GC(79) PSYoungGen: 2376512K(2492416K)->144713K(2503680K) Eden: 2242560K(2242560K)->0K(2242560K) From: 133952K(249856K)->144713K(261120K)
[331.797s][info][gc,heap        ] GC(79) ParOldGen: 2143743K(4640768K)->2232127K(4640768K)
[331.797s][info][gc,metaspace   ] GC(79) Metaspace: 28850K(29184K)->28850K(29184K) NonClass: 23967K(24128K)->23967K(24128K) Class: 4883K(5056K)->4883K(5056K)
[331.797s][info][gc             ] GC(79) Pause Young (Allocation Failure) 4414M->2321M(6977M) 99.177ms
[331.797s][info][gc,cpu         ] GC(79) User=0.57s Sys=0.00s Real=0.10s
. (rIR:aIR:PR = 10393:10173:10199) (tPR = 151343) [OK] 
   331s:       rampup IR =  11548 .[333.386s][info][gc,start       ] GC(80) Pause Young (Allocation Failure)
[333.480s][info][gc,heap        ] GC(80) PSYoungGen: 2387273K(2503680K)->137108K(2516480K) Eden: 2242560K(2242560K)->0K(2285056K) From: 144713K(261120K)->137108K(231424K)
[333.480s][info][gc,heap        ] GC(80) ParOldGen: 2232127K(4640768K)->2319439K(4640768K)
[333.480s][info][gc,metaspace   ] GC(80) Metaspace: 28851K(29184K)->28851K(29184K) NonClass: 23967K(24128K)->23967K(24128K) Class: 4883K(5056K)->4883K(5056K)
[333.480s][info][gc             ] GC(80) Pause Young (Allocation Failure) 4511M->2398M(6989M) 93.845ms
[333.480s][info][gc,cpu         ] GC(80) User=0.55s Sys=0.00s Real=0.10s
.[334.983s][info][gc,start       ] GC(81) Pause Young (Allocation Failure)
[335.077s][info][gc,heap        ] GC(81) PSYoungGen: 2422164K(2516480K)->135968K(2525696K) Eden: 2285056K(2285056K)->0K(2285056K) From: 137108K(231424K)->135968K(240640K)
[335.077s][info][gc,heap        ] GC(81) ParOldGen: 2319439K(4640768K)->2405591K(4640768K)
[335.077s][info][gc,metaspace   ] GC(81) Metaspace: 28851K(29184K)->28851K(29184K) NonClass: 23967K(24128K)->23967K(24128K) Class: 4883K(5056K)->4883K(5056K)
[335.077s][info][gc             ] GC(81) Pause Young (Allocation Failure) 4630M->2481M(6998M) 94.113ms
[335.077s][info][gc,cpu         ] GC(81) User=0.55s Sys=0.00s Real=0.09s
.. (rIR:aIR:PR = 11548:11556:11554) (tPR = 177147) [OK] 
   335s:    snapshot, IR =  11548 [336.661s][info][gc,start       ] GC(82) Pause Young (Allocation Failure)
[336.762s][info][gc,heap        ] GC(82) PSYoungGen: 2421024K(2525696K)->143264K(2536960K) Eden: 2285056K(2285056K)->0K(2322944K) From: 135968K(240640K)->143264K(214016K)
[336.762s][info][gc,heap        ] GC(82) ParOldGen: 2405591K(4640768K)->2497415K(4640768K)
[336.762s][info][gc,metaspace   ] GC(82) Metaspace: 28853K(29184K)->28853K(29184K) NonClass: 23969K(24128K)->23969K(24128K) Class: 4883K(5056K)->4883K(5056K)
[336.762s][info][gc             ] GC(82) Pause Young (Allocation Failure) 4713M->2578M(7009M) 100.411ms
[336.762s][info][gc,cpu         ] GC(82) User=0.58s Sys=0.00s Real=0.10s
..[338.319s][info][gc,start       ] GC(83) Pause Young (Allocation Failure)
[338.419s][info][gc,heap        ] GC(83) PSYoungGen: 2466208K(2536960K)->140624K(2546688K) Eden: 2322944K(2322944K)->0K(2322944K) From: 143264K(214016K)->140624K(223744K)
[338.419s][info][gc,heap        ] GC(83) ParOldGen: 2497415K(4640768K)->2587131K(4640768K)
[338.419s][info][gc,metaspace   ] GC(83) Metaspace: 28853K(29184K)->28853K(29184K) NonClass: 23969K(24128K)->23969K(24128K) Class: 4883K(5056K)->4883K(5056K)
[338.419s][info][gc             ] GC(83) Pause Young (Allocation Failure) 4847M->2663M(7019M) 99.926ms
[338.419s][info][gc,cpu         ] GC(83) User=0.58s Sys=0.01s Real=0.10s
.[339.984s][info][gc,start       ] GC(84) Pause Young (Allocation Failure)
[340.080s][info][gc,heap        ] GC(84) PSYoungGen: 2463568K(2546688K)->136245K(2557952K) Eden: 2322944K(2322944K)->0K(2356224K) From: 140624K(223744K)->136245K(201728K)
[340.080s][info][gc,heap        ] GC(84) ParOldGen: 2587131K(4640768K)->2677587K(4640768K)
[340.080s][info][gc,metaspace   ] GC(84) Metaspace: 28853K(29184K)->28853K(29184K) NonClass: 23969K(24128K)->23969K(24128K) Class: 4883K(5056K)->4883K(5056K)
[340.080s][info][gc             ] GC(84) Pause Young (Allocation Failure) 4932M->2747M(7030M) 96.016ms
[340.080s][info][gc,cpu         ] GC(84) User=0.55s Sys=0.00s Real=0.10s
.|.[341.694s][info][gc,start       ] GC(85) Pause Young (Allocation Failure)
[341.797s][info][gc,heap        ] GC(85) PSYoungGen: 2492469K(2557952K)->151456K(2566144K) Eden: 2356224K(2356224K)->0K(2356224K) From: 136245K(201728K)->151456K(209920K)
[341.797s][info][gc,heap        ] GC(85) ParOldGen: 2677587K(4640768K)->2768271K(4640768K)
[341.797s][info][gc,metaspace   ] GC(85) Metaspace: 28856K(29184K)->28856K(29184K) NonClass: 23973K(24128K)->23973K(24128K) Class: 4883K(5056K)->4883K(5056K)
[341.797s][info][gc             ] GC(85) Pause Young (Allocation Failure) 5048M->2851M(7038M) 103.449ms
[341.797s][info][gc,cpu         ] GC(85) User=0.60s Sys=0.00s Real=0.10s
..[343.393s][info][gc,start       ] GC(86) Pause Young (Allocation Failure)
[343.493s][info][gc,heap        ] GC(86) PSYoungGen: 2507680K(2566144K)->144576K(2571264K) Eden: 2356224K(2356224K)->0K(2379776K) From: 151456K(209920K)->144576K(191488K)
[343.493s][info][gc,heap        ] GC(86) ParOldGen: 2768271K(4640768K)->2858463K(4640768K)
[343.493s][info][gc,metaspace   ] GC(86) Metaspace: 28857K(29184K)->28857K(29184K) NonClass: 23973K(24128K)->23973K(24128K) Class: 4883K(5056K)->4883K(5056K)
[343.493s][info][gc             ] GC(86) Pause Young (Allocation Failure) 5152M->2932M(7043M) 99.728ms
[343.493s][info][gc,cpu         ] GC(86) User=0.58s Sys=0.00s Real=0.10s
.[345.181s][info][gc,start       ] GC(87) Pause Young (Allocation Failure)
[345.279s][info][gc,heap        ] GC(87) PSYoungGen: 2524352K(2571264K)->142320K(2580480K) Eden: 2379776K(2379776K)->0K(2379776K) From: 144576K(191488K)->142320K(200704K)
[345.279s][info][gc,heap        ] GC(87) ParOldGen: 2858463K(4640768K)->2950375K(4640768K)
[345.280s][info][gc,metaspace   ] GC(87) Metaspace: 28857K(29184K)->28857K(29184K) NonClass: 23973K(24128K)->23973K(24128K) Class: 4883K(5056K)->4883K(5056K)
[345.280s][info][gc             ] GC(87) Pause Young (Allocation Failure) 5256M->3020M(7052M) 98.507ms
[345.280s][info][gc,cpu         ] GC(87) User=0.58s Sys=0.00s Real=0.10s
..[346.903s][info][gc,start       ] GC(88) Pause Young (Allocation Failure)
[347.000s][info][gc,heap        ] GC(88) PSYoungGen: 2522096K(2580480K)->139038K(2583552K) Eden: 2379776K(2379776K)->0K(2400256K) From: 142320K(200704K)->139038K(183296K)
[347.000s][info][gc,heap        ] GC(88) ParOldGen: 2950375K(4640768K)->3039295K(4640768K)
[347.000s][info][gc,metaspace   ] GC(88) Metaspace: 28857K(29184K)->28857K(29184K) NonClass: 23973K(24128K)->23973K(24128K) Class: 4883K(5056K)->4883K(5056K)
[347.000s][info][gc             ] GC(88) Pause Young (Allocation Failure) 5344M->3103M(7055M) 97.055ms
[347.000s][info][gc,cpu         ] GC(88) User=0.56s Sys=0.00s Real=0.10s
..[348.607s][info][gc,start       ] GC(89) Pause Young (Allocation Failure)
[348.708s][info][gc,heap        ] GC(89) PSYoungGen: 2539294K(2583552K)->144512K(2591232K) Eden: 2400256K(2400256K)->0K(2400256K) From: 139038K(183296K)->144512K(190976K)
[348.708s][info][gc,heap        ] GC(89) ParOldGen: 3039295K(4640768K)->3132263K(4640768K)
[348.708s][info][gc,metaspace   ] GC(89) Metaspace: 28857K(29184K)->28857K(29184K) NonClass: 23973K(24128K)->23973K(24128K) Class: 4883K(5056K)->4883K(5056K)
[348.708s][info][gc             ] GC(89) Pause Young (Allocation Failure) 5447M->3199M(7062M) 100.878ms
[348.708s][info][gc,cpu         ] GC(89) User=0.59s Sys=0.01s Real=0.10s
.[350.356s][info][gc,start       ] GC(90) Pause Young (Allocation Failure)
[350.456s][info][gc,heap        ] GC(90) PSYoungGen: 2544768K(2591232K)->144960K(2594816K) Eden: 2400256K(2400256K)->0K(2418688K) From: 144512K(190976K)->144960K(176128K)
[350.456s][info][gc,heap        ] GC(90) ParOldGen: 3132263K(4640768K)->3222047K(4640768K)
[350.456s][info][gc,metaspace   ] GC(90) Metaspace: 28857K(29184K)->28857K(29184K) NonClass: 23973K(24128K)->23973K(24128K) Class: 4883K(5056K)->4883K(5056K)
[350.456s][info][gc             ] GC(90) Pause Young (Allocation Failure) 5543M->3288M(7066M) 99.145ms
[350.456s][info][gc,cpu         ] GC(90) User=0.58s Sys=0.00s Real=0.10s
..[352.155s][info][gc,start       ] GC(91) Pause Young (Allocation Failure)
[352.260s][info][gc,heap        ] GC(91) PSYoungGen: 2563648K(2594816K)->154016K(2601472K) Eden: 2418688K(2418688K)->0K(2418688K) From: 144960K(176128K)->154016K(182784K)
[352.260s][info][gc,heap        ] GC(91) ParOldGen: 3222047K(4640768K)->3312687K(4640768K)
[352.260s][info][gc,metaspace   ] GC(91) Metaspace: 28858K(29184K)->28858K(29184K) NonClass: 23975K(24128K)->23975K(24128K) Class: 4883K(5056K)->4883K(5056K)
[352.261s][info][gc             ] GC(91) Pause Young (Allocation Failure) 5650M->3385M(7072M) 105.890ms
[352.261s][info][gc,cpu         ] GC(91) User=0.61s Sys=0.01s Real=0.11s
..[353.984s][info][gc,start       ] GC(92) Pause Young (Allocation Failure)
[354.085s][info][gc,heap        ] GC(92) PSYoungGen: 2572704K(2601472K)->138784K(2608128K) Eden: 2418688K(2418688K)->0K(2430464K) From: 154016K(182784K)->138784K(177664K)
[354.085s][info][gc,heap        ] GC(92) ParOldGen: 3312687K(4640768K)->3409111K(4640768K)
[354.085s][info][gc,metaspace   ] GC(92) Metaspace: 28858K(29184K)->28858K(29184K) NonClass: 23975K(24128K)->23975K(24128K) Class: 4883K(5056K)->4883K(5056K)
[354.085s][info][gc             ] GC(92) Pause Young (Allocation Failure) 5747M->3464M(7079M) 100.590ms
[354.085s][info][gc,cpu         ] GC(92) User=0.58s Sys=0.01s Real=0.10s
..[355.799s][info][gc,start       ] GC(93) Pause Young (Allocation Failure)
[355.900s][info][gc,heap        ] GC(93) PSYoungGen: 2569248K(2608128K)->144154K(2610688K) Eden: 2430464K(2430464K)->0K(2430464K) From: 138784K(177664K)->144154K(180224K)
[355.900s][info][gc,heap        ] GC(93) ParOldGen: 3409111K(4640768K)->3498975K(4640768K)
[355.900s][info][gc,metaspace   ] GC(93) Metaspace: 28858K(29184K)->28858K(29184K) NonClass: 23975K(24128K)->23975K(24128K) Class: 4883K(5056K)->4883K(5056K)
[355.900s][info][gc             ] GC(93) Pause Young (Allocation Failure) 5838M->3557M(7081M) 100.855ms
[355.900s][info][gc,cpu         ] GC(93) User=0.58s Sys=0.01s Real=0.10s
.[357.573s][info][gc,start       ] GC(94) Pause Young (Allocation Failure)
[357.686s][info][gc,heap        ] GC(94) PSYoungGen: 2574618K(2610688K)->155781K(2613760K) Eden: 2430464K(2430464K)->0K(2437120K) From: 144154K(180224K)->155781K(176640K)
[357.686s][info][gc,heap        ] GC(94) ParOldGen: 3498975K(4640768K)->3591303K(4640768K)
[357.686s][info][gc,metaspace   ] GC(94) Metaspace: 28858K(29184K)->28858K(29184K) NonClass: 23975K(24128K)->23975K(24128K) Class: 4883K(5056K)->4883K(5056K)
[357.686s][info][gc             ] GC(94) Pause Young (Allocation Failure) 5931M->3659M(7084M) 112.560ms
[357.686s][info][gc,cpu         ] GC(94) User=0.64s Sys=0.02s Real=0.11s
..[359.329s][info][gc,start       ] GC(95) Pause Young (Allocation Failure)
[359.431s][info][gc,heap        ] GC(95) PSYoungGen: 2592901K(2613760K)->143744K(2614784K) Eden: 2437120K(2437120K)->0K(2437120K) From: 155781K(176640K)->143744K(177664K)
[359.431s][info][gc,heap        ] GC(95) ParOldGen: 3591303K(4640768K)->3683023K(4640768K)
[359.431s][info][gc,metaspace   ] GC(95) Metaspace: 28858K(29184K)->28858K(29184K) NonClass: 23975K(24128K)->23975K(24128K) Class: 4883K(5056K)->4883K(5056K)
[359.432s][info][gc             ] GC(95) Pause Young (Allocation Failure) 6039M->3737M(7085M) 102.019ms
[359.432s][info][gc,cpu         ] GC(95) User=0.58s Sys=0.01s Real=0.10s
..[361.002s][info][gc,start       ] GC(96) Pause Young (Allocation Failure)
[361.102s][info][gc,heap        ] GC(96) PSYoungGen: 2580864K(2614784K)->140096K(2616320K) Eden: 2437120K(2437120K)->0K(2443776K) From: 143744K(177664K)->140096K(172544K)
[361.102s][info][gc,heap        ] GC(96) ParOldGen: 3683023K(4640768K)->3775023K(4640768K)
[361.102s][info][gc,metaspace   ] GC(96) Metaspace: 28858K(29184K)->28858K(29184K) NonClass: 23975K(24128K)->23975K(24128K) Class: 4883K(5056K)->4883K(5056K)
[361.102s][info][gc             ] GC(96) Pause Young (Allocation Failure) 6117M->3823M(7087M) 99.675ms
[361.102s][info][gc,cpu         ] GC(96) User=0.58s Sys=0.00s Real=0.10s
.[362.791s][info][gc,start       ] GC(97) Pause Young (Allocation Failure)
[362.893s][info][gc,heap        ] GC(97) PSYoungGen: 2583872K(2616320K)->142912K(2616320K) Eden: 2443776K(2443776K)->0K(2443776K) From: 140096K(172544K)->142912K(172544K)
[362.893s][info][gc,heap        ] GC(97) ParOldGen: 3775023K(4640768K)->3866039K(4640768K)
[362.893s][info][gc,metaspace   ] GC(97) Metaspace: 28861K(29184K)->28861K(29184K) NonClass: 23977K(24128K)->23977K(24128K) Class: 4883K(5056K)->4883K(5056K)
[362.893s][info][gc             ] GC(97) Pause Young (Allocation Failure) 6209M->3914M(7087M) 101.950ms
[362.893s][info][gc,cpu         ] GC(97) User=0.58s Sys=0.01s Real=0.10s
..[364.541s][info][gc,start       ] GC(98) Pause Young (Allocation Failure)
[364.644s][info][gc,heap        ] GC(98) PSYoungGen: 2586688K(2616320K)->148544K(2621952K) Eden: 2443776K(2443776K)->0K(2451968K) From: 142912K(172544K)->148544K(169984K)
[364.644s][info][gc,heap        ] GC(98) ParOldGen: 3866039K(4640768K)->3959303K(4640768K)
[364.644s][info][gc,metaspace   ] GC(98) Metaspace: 28861K(29184K)->28861K(29184K) NonClass: 23977K(24128K)->23977K(24128K) Class: 4883K(5056K)->4883K(5056K)
[364.644s][info][gc             ] GC(98) Pause Young (Allocation Failure) 6301M->4011M(7092M) 102.711ms
[364.644s][info][gc,cpu         ] GC(98) User=0.59s Sys=0.00s Real=0.10s
..[366.353s][info][gc,start       ] GC(99) Pause Young (Allocation Failure)
[366.461s][info][gc,heap        ] GC(99) PSYoungGen: 2600512K(2621952K)->156331K(2620928K) Eden: 2451968K(2451968K)->0K(2451968K) From: 148544K(169984K)->156331K(168960K)
[366.461s][info][gc,heap        ] GC(99) ParOldGen: 3959303K(4640768K)->4051855K(4640768K)
[366.461s][info][gc,metaspace   ] GC(99) Metaspace: 28873K(29184K)->28873K(29184K) NonClass: 23989K(24128K)->23989K(24128K) Class: 4883K(5056K)->4883K(5056K)
[366.461s][info][gc             ] GC(99) Pause Young (Allocation Failure) 6406M->4109M(7091M) 108.453ms
[366.461s][info][gc,cpu         ] GC(99) User=0.64s Sys=0.00s Real=0.11s
..[368.102s][info][gc,start       ] GC(100) Pause Young (Allocation Failure)
[368.207s][info][gc,heap        ] GC(100) PSYoungGen: 2608299K(2620928K)->151284K(2625536K) Eden: 2451968K(2451968K)->0K(2454528K) From: 156331K(168960K)->151284K(171008K)
[368.207s][info][gc,heap        ] GC(100) ParOldGen: 4051855K(4640768K)->4143735K(4640768K)
[368.207s][info][gc,metaspace   ] GC(100) Metaspace: 28873K(29184K)->28873K(29184K) NonClass: 23989K(24128K)->23989K(24128K) Class: 4883K(5056K)->4883K(5056K)
[368.207s][info][gc             ] GC(100) Pause Young (Allocation Failure) 6504M->4194M(7096M) 105.188ms
[368.207s][info][gc,cpu         ] GC(100) User=0.61s Sys=0.01s Real=0.10s
.[369.922s][info][gc,start       ] GC(101) Pause Young (Allocation Failure)
[370.025s][info][gc,heap        ] GC(101) PSYoungGen: 2605812K(2625536K)->143781K(2598400K) Eden: 2454528K(2454528K)->0K(2454528K) From: 151284K(171008K)->143781K(143872K)
[370.025s][info][gc,heap        ] GC(101) ParOldGen: 4143735K(4640768K)->4237063K(4640768K)
[370.025s][info][gc,metaspace   ] GC(101) Metaspace: 28873K(29184K)->28873K(29184K) NonClass: 23989K(24128K)->23989K(24128K) Class: 4883K(5056K)->4883K(5056K)
[370.025s][info][gc             ] GC(101) Pause Young (Allocation Failure) 6591M->4278M(7069M) 102.477ms
[370.025s][info][gc,cpu         ] GC(101) User=0.59s Sys=0.00s Real=0.10s
.. (rIR:aIR:PR = 11548:11513:11520) (tPR = 171717) [OK] 
   371s: Performing snapshot: (quiescence.....) (stop TxI) (stop BE) (saving... [377.372s][info][gc,start       ] GC(102) Pause Young (Allocation Failure)
[377.525s][info][gc,heap        ] GC(102) PSYoungGen: 2538322K(2598400K)->168436K(2388992K) Eden: 2394541K(2454528K)->0K(2220544K) From: 143781K(143872K)->168436K(168448K)
[377.526s][info][gc,heap        ] GC(102) ParOldGen: 4237063K(4640768K)->4542541K(4640768K)
[377.526s][info][gc,metaspace   ] GC(102) Metaspace: 28881K(29184K)->28881K(29184K) NonClass: 23998K(24128K)->23998K(24128K) Class: 4883K(5056K)->4883K(5056K)
[377.526s][info][gc             ] GC(102) Pause Young (Allocation Failure) 6616M->4600M(6865M) 153.356ms
[377.526s][info][gc,cpu         ] GC(102) User=0.90s Sys=0.01s Real=0.15s
226481 Kb) (term) [381.178s][info][gc,start       ] GC(103) Pause Full (System.gc())
[381.178s][info][gc,phases,start] GC(103) Marking Phase
[381.202s][info][gc,phases      ] GC(103) Marking Phase 23.726ms
[381.202s][info][gc,phases,start] GC(103) Summary Phase
[381.202s][info][gc,phases      ] GC(103) Summary Phase 0.057ms
[381.202s][info][gc,phases,start] GC(103) Forward
[381.207s][info][gc,phases      ] GC(103) Forward 5.275ms
[381.208s][info][gc,phases,start] GC(103) Adjust Pointers
[381.223s][info][gc,phases      ] GC(103) Adjust Pointers 15.705ms
[381.223s][info][gc,phases,start] GC(103) Compaction Phase
[381.256s][info][gc,phases      ] GC(103) Compaction Phase 32.582ms
[381.256s][info][gc,phases,start] GC(103) Post Compact
[381.261s][info][gc,phases      ] GC(103) Post Compact 5.057ms
[381.261s][info][gc,heap        ] GC(103) PSYoungGen: 1225163K(2388992K)->0K(2388992K) Eden: 1056726K(2220544K)->0K(2220544K) From: 168436K(168448K)->0K(168448K)
[381.261s][info][gc,heap        ] GC(103) ParOldGen: 4542541K(4640768K)->313947K(4640768K)
[381.261s][info][gc,metaspace   ] GC(103) Metaspace: 28882K(29184K)->28882K(29184K) NonClass: 23998K(24128K)->23998K(24128K) Class: 4883K(5056K)->4883K(5056K)
[381.261s][info][gc             ] GC(103) Pause Full (System.gc()) 5632M->306M(6865M) 82.714ms
[381.261s][info][gc,cpu         ] GC(103) User=0.40s Sys=0.01s Real=0.09s
(init[382.385s][info][gc,start       ] GC(104) Pause Young (Allocation Failure)
[382.730s][info][gc,heap        ] GC(104) PSYoungGen: 2220544K(2388992K)->287738K(2508288K) Eden: 2220544K(2220544K)->0K(2220544K) From: 0K(168448K)->287738K(287744K)
[382.730s][info][gc,heap        ] GC(104) ParOldGen: 313947K(4640768K)->695778K(4640768K)
[382.730s][info][gc,metaspace   ] GC(104) Metaspace: 28892K(29184K)->28892K(29184K) NonClass: 24007K(24128K)->24007K(24128K) Class: 4885K(5056K)->4885K(5056K)
[382.730s][info][gc             ] GC(104) Pause Young (Allocation Failure) 2475M->960M(6981M) 344.716ms
[382.730s][info][gc,cpu         ] GC(104) User=1.91s Sys=0.00s Real=0.35s
) ...
   386s:       rampup IR =      0 ... (rIR:aIR:PR = 0:0:0) (tPR = 0) [OK] 
   389s:       rampup IR =   1155 .[391.523s][info][gc,start       ] GC(105) Pause Young (Allocation Failure)
[391.878s][info][gc,heap        ] GC(105) PSYoungGen: 2508282K(2508288K)->287736K(1676800K) Eden: 2220544K(2220544K)->0K(1389056K) From: 287738K(287744K)->287736K(287744K)
[391.878s][info][gc,heap        ] GC(105) ParOldGen: 695778K(4640768K)->1360342K(4640768K)
[391.878s][info][gc,metaspace   ] GC(105) Metaspace: 28906K(29184K)->28906K(29184K) NonClass: 24020K(24128K)->24020K(24128K) Class: 4886K(5056K)->4886K(5056K)
[391.878s][info][gc             ] GC(105) Pause Young (Allocation Failure) 3128M->1609M(6169M) 354.920ms
[391.878s][info][gc,cpu         ] GC(105) User=2.10s Sys=0.01s Real=0.35s
... (rIR:aIR:PR = 1155:1152:1152) (tPR = 17804) [OK] 
   393s:       rampup IR =   2310 ...[397.617s][info][gc,start       ] GC(106) Pause Young (Allocation Failure)
[397.758s][info][gc,heap        ] GC(106) PSYoungGen: 1676792K(1676800K)->89904K(2092544K) Eden: 1389056K(1389056K)->0K(1389056K) From: 287736K(287744K)->89904K(703488K)
[397.758s][info][gc,heap        ] GC(106) ParOldGen: 1360342K(4640768K)->1607466K(4640768K)
[397.758s][info][gc,metaspace   ] GC(106) Metaspace: 28910K(29184K)->28910K(29184K) NonClass: 24024K(24128K)->24024K(24128K) Class: 4886K(5056K)->4886K(5056K)
[397.758s][info][gc             ] GC(106) Pause Young (Allocation Failure) 2965M->1657M(6575M) 141.334ms
[397.758s][info][gc,cpu         ] GC(106) User=0.84s Sys=0.00s Real=0.14s
. (rIR:aIR:PR = 2310:2310:2310) (tPR = 33470) [OK] 
   397s:       rampup IR =   3464 ...[401.053s][info][gc,start       ] GC(107) Pause Young (Allocation Failure)
[401.124s][info][gc,heap        ] GC(107) PSYoungGen: 1478960K(2092544K)->86672K(2069504K) Eden: 1389056K(1389056K)->0K(1393664K) From: 89904K(703488K)->86672K(675840K)
[401.124s][info][gc,heap        ] GC(107) ParOldGen: 1607466K(4640768K)->1676803K(4640768K)
[401.124s][info][gc,metaspace   ] GC(107) Metaspace: 28918K(29184K)->28918K(29184K) NonClass: 24032K(24128K)->24032K(24128K) Class: 4886K(5056K)->4886K(5056K)
[401.124s][info][gc             ] GC(107) Pause Young (Allocation Failure) 3014M->1722M(6553M) 70.186ms
[401.124s][info][gc,cpu         ] GC(107) User=0.41s Sys=0.00s Real=0.07s
. (rIR:aIR:PR = 3464:3475:3474) (tPR = 53204) [OK] 
   401s:       rampup IR =   4619 .[403.758s][info][gc,start       ] GC(108) Pause Young (Allocation Failure)
[403.825s][info][gc,heap        ] GC(108) PSYoungGen: 1480336K(2069504K)->90608K(2083328K) Eden: 1393664K(1393664K)->0K(1393664K) From: 86672K(675840K)->90608K(689664K)
[403.825s][info][gc,heap        ] GC(108) ParOldGen: 1676803K(4640768K)->1745555K(4640768K)
[403.825s][info][gc,metaspace   ] GC(108) Metaspace: 28919K(29184K)->28919K(29184K) NonClass: 24033K(24128K)->24033K(24128K) Class: 4886K(5056K)->4886K(5056K)
[403.825s][info][gc             ] GC(108) Pause Young (Allocation Failure) 3083M->1793M(6566M) 67.521ms
[403.825s][info][gc,cpu         ] GC(108) User=0.40s Sys=0.00s Real=0.07s
... (rIR:aIR:PR = 4619:4657:4657) (tPR = 66539) [OK] 
   405s:       rampup IR =   5774 [406.182s][info][gc,start       ] GC(109) Pause Young (Allocation Failure)
[406.248s][info][gc,heap        ] GC(109) PSYoungGen: 1484272K(2083328K)->89232K(2073088K) Eden: 1393664K(1393664K)->0K(1431040K) From: 90608K(689664K)->89232K(642048K)
[406.248s][info][gc,heap        ] GC(109) ParOldGen: 1745555K(4640768K)->1814992K(4640768K)
[406.248s][info][gc,metaspace   ] GC(109) Metaspace: 28919K(29184K)->28919K(29184K) NonClass: 24033K(24128K)->24033K(24128K) Class: 4886K(5056K)->4886K(5056K)
[406.248s][info][gc             ] GC(109) Pause Young (Allocation Failure) 3154M->1859M(6556M) 66.387ms
[406.248s][info][gc,cpu         ] GC(109) User=0.39s Sys=0.00s Real=0.06s
..[408.243s][info][gc,start       ] GC(110) Pause Young (Allocation Failure)
[408.309s][info][gc,heap        ] GC(110) PSYoungGen: 1520272K(2073088K)->92768K(2089472K) Eden: 1431040K(1431040K)->0K(1431040K) From: 89232K(642048K)->92768K(658432K)
[408.309s][info][gc,heap        ] GC(110) ParOldGen: 1814992K(4640768K)->1882936K(4640768K)
[408.309s][info][gc,metaspace   ] GC(110) Metaspace: 28919K(29184K)->28919K(29184K) NonClass: 24033K(24128K)->24033K(24128K) Class: 4886K(5056K)->4886K(5056K)
[408.309s][info][gc             ] GC(110) Pause Young (Allocation Failure) 3257M->1929M(6572M) 66.425ms
[408.309s][info][gc,cpu         ] GC(110) User=0.40s Sys=0.00s Real=0.07s
.. (rIR:aIR:PR = 5774:5765:5765) (tPR = 89013) [OK] 
   409s:       rampup IR =   6929 [410.231s][info][gc,start       ] GC(111) Pause Young (Allocation Failure)
[410.299s][info][gc,heap        ] GC(111) PSYoungGen: 1523808K(2089472K)->91856K(2098176K) Eden: 1431040K(1431040K)->0K(1499136K) From: 92768K(658432K)->91856K(599040K)
[410.299s][info][gc,heap        ] GC(111) ParOldGen: 1882936K(4640768K)->1954576K(4640768K)
[410.299s][info][gc,metaspace   ] GC(111) Metaspace: 28919K(29184K)->28919K(29184K) NonClass: 24033K(24128K)->24033K(24128K) Class: 4886K(5056K)->4886K(5056K)
[410.299s][info][gc             ] GC(111) Pause Young (Allocation Failure) 3326M->1998M(6581M) 68.062ms
[410.299s][info][gc,cpu         ] GC(111) User=0.41s Sys=0.00s Real=0.07s
..[412.055s][info][gc,start       ] GC(112) Pause Young (Allocation Failure)
[412.123s][info][gc,heap        ] GC(112) PSYoungGen: 1590992K(2098176K)->96592K(2116096K) Eden: 1499136K(1499136K)->0K(1499136K) From: 91856K(599040K)->96592K(616960K)
[412.123s][info][gc,heap        ] GC(112) ParOldGen: 1954576K(4640768K)->2021416K(4640768K)
[412.123s][info][gc,metaspace   ] GC(112) Metaspace: 28923K(29184K)->28923K(29184K) NonClass: 24036K(24128K)->24036K(24128K) Class: 4886K(5056K)->4886K(5056K)
[412.123s][info][gc             ] GC(112) Pause Young (Allocation Failure) 3462M->2068M(6598M) 68.498ms
[412.123s][info][gc,cpu         ] GC(112) User=0.41s Sys=0.00s Real=0.07s
.[413.854s][info][gc,start       ] GC(113) Pause Young (Allocation Failure)
[413.929s][info][gc,heap        ] GC(113) PSYoungGen: 1595728K(2116096K)->102229K(2134528K) Eden: 1499136K(1499136K)->0K(1585664K) From: 96592K(616960K)->102229K(548864K)
[413.929s][info][gc,heap        ] GC(113) ParOldGen: 2021416K(4640768K)->2094244K(4640768K)
[413.929s][info][gc,metaspace   ] GC(113) Metaspace: 28923K(29184K)->28923K(29184K) NonClass: 24036K(24128K)->24036K(24128K) Class: 4886K(5056K)->4886K(5056K)
[413.929s][info][gc             ] GC(113) Pause Young (Allocation Failure) 3532M->2144M(6616M) 74.788ms
[413.929s][info][gc,cpu         ] GC(113) User=0.44s Sys=0.00s Real=0.08s
. (rIR:aIR:PR = 6929:6719:6719) (tPR = 95399) [OK] 
   413s:       rampup IR =   8084 .[415.059s][info][gc,start       ] GC(114) Pause Young (Allocation Failure)
[415.134s][info][gc,heap        ] GC(114) PSYoungGen: 1687893K(2134528K)->109600K(2153984K) Eden: 1585664K(1585664K)->0K(1585664K) From: 102229K(548864K)->109600K(568320K)
[415.134s][info][gc,heap        ] GC(114) ParOldGen: 2094244K(4640768K)->2161868K(4640768K)
[415.134s][info][gc,metaspace   ] GC(114) Metaspace: 28927K(29184K)->28927K(29184K) NonClass: 24041K(24128K)->24041K(24128K) Class: 4886K(5056K)->4886K(5056K)
[415.134s][info][gc             ] GC(114) Pause Young (Allocation Failure) 3693M->2218M(6635M) 74.227ms
[415.134s][info][gc,cpu         ] GC(114) User=0.44s Sys=0.00s Real=0.07s
[415.449s][info][gc,start       ] GC(115) Pause Full (Diagnostic Command)
[415.449s][info][gc,phases,start] GC(115) Marking Phase
[415.748s][info][gc,phases      ] GC(115) Marking Phase 299.177ms
[415.748s][info][gc,phases,start] GC(115) Summary Phase
[415.748s][info][gc,phases      ] GC(115) Summary Phase 0.040ms
[415.748s][info][gc,phases,start] GC(115) Forward
[415.868s][info][gc,phases      ] GC(115) Forward 120.386ms
[415.868s][info][gc,phases,start] GC(115) Adjust Pointers
[416.062s][info][gc,phases      ] GC(115) Adjust Pointers 193.982ms
[416.062s][info][gc,phases,start] GC(115) Compaction Phase
[416.252s][info][gc,phases      ] GC(115) Compaction Phase 189.873ms
[416.255s][info][gc,phases,start] GC(115) Post Compact
[416.258s][info][gc,phases      ] GC(115) Post Compact 2.712ms
[416.258s][info][gc,heap        ] GC(115) PSYoungGen: 593267K(2153984K)->0K(2153984K) Eden: 483667K(1585664K)->0K(1585664K) From: 109600K(568320K)->0K(568320K)
[416.258s][info][gc,heap        ] GC(115) ParOldGen: 2161868K(4640768K)->1131513K(4640768K)
[416.258s][info][gc,metaspace   ] GC(115) Metaspace: 28927K(29184K)->28927K(29184K) NonClass: 24041K(24128K)->24041K(24128K) Class: 4886K(5056K)->4886K(5056K)
[416.258s][info][gc             ] GC(115) Pause Full (Diagnostic Command) 2690M->1104M(6635M) 809.053ms
[416.258s][info][gc,cpu         ] GC(115) User=4.44s Sys=0.00s Real=0.80s
.[417.250s][info][gc,start       ] GC(116) Pause Young (Allocation Failure)
[417.299s][info][gc,heap        ] GC(116) PSYoungGen: 1585664K(2153984K)->104032K(2185216K) Eden: 1585664K(1585664K)->0K(1685504K) From: 0K(568320K)->104032K(499712K)
[417.299s][info][gc,heap        ] GC(116) ParOldGen: 1131513K(4640768K)->1131513K(4640768K)
[417.299s][info][gc,metaspace   ] GC(116) Metaspace: 28927K(29184K)->28927K(29184K) NonClass: 24041K(24128K)->24041K(24128K) Class: 4886K(5056K)->4886K(5056K)
[417.299s][info][gc             ] GC(116) Pause Young (Allocation Failure) 2653M->1206M(6666M) 48.942ms
[417.299s][info][gc,cpu         ] GC(116) User=0.29s Sys=0.00s Real=0.05s
..[418.774s][info][gc,start       ] GC(117) Pause Young (Allocation Failure)
[418.849s][info][gc,heap        ] GC(117) PSYoungGen: 1789536K(2185216K)->108128K(2203136K) Eden: 1685504K(1685504K)->0K(1685504K) From: 104032K(499712K)->108128K(517632K)
[418.849s][info][gc,heap        ] GC(117) ParOldGen: 1131513K(4640768K)->1206590K(4640768K)
[418.849s][info][gc,metaspace   ] GC(117) Metaspace: 28928K(29184K)->28928K(29184K) NonClass: 24041K(24128K)->24041K(24128K) Class: 4886K(5056K)->4886K(5056K)
[418.849s][info][gc             ] GC(117) Pause Young (Allocation Failure) 2852M->1283M(6683M) 74.992ms
[418.849s][info][gc,cpu         ] GC(117) User=0.44s Sys=0.00s Real=0.08s
..[420.567s][info][gc,start       ] GC(118) Pause Young (Allocation Failure)
[420.641s][info][gc,heap        ] GC(118) PSYoungGen: 1793632K(2203136K)->108384K(2236928K) Eden: 1685504K(1685504K)->0K(1785344K) From: 108128K(517632K)->108384K(451584K)
[420.641s][info][gc,heap        ] GC(118) ParOldGen: 1206590K(4640768K)->1279878K(4640768K)
[420.641s][info][gc,metaspace   ] GC(118) Metaspace: 28928K(29184K)->28928K(29184K) NonClass: 24041K(24128K)->24041K(24128K) Class: 4886K(5056K)->4886K(5056K)
[420.641s][info][gc             ] GC(118) Pause Young (Allocation Failure) 2929M->1355M(6716M) 74.772ms
[420.641s][info][gc,cpu         ] GC(118) User=0.44s Sys=0.00s Real=0.08s
. (rIR:aIR:PR = 8084:8305:8305) (tPR = 124200) [OK] 
   421s:       rampup IR =   9238 [422.273s][info][gc,start       ] GC(119) Pause Young (Allocation Failure)
[422.350s][info][gc,heap        ] GC(119) PSYoungGen: 1893728K(2236928K)->109184K(2254336K) Eden: 1785344K(1785344K)->0K(1785344K) From: 108384K(451584K)->109184K(468992K)
[422.350s][info][gc,heap        ] GC(119) ParOldGen: 1279878K(4640768K)->1356558K(4640768K)
[422.350s][info][gc,metaspace   ] GC(119) Metaspace: 28928K(29184K)->28928K(29184K) NonClass: 24042K(24128K)->24042K(24128K) Class: 4886K(5056K)->4886K(5056K)
[422.350s][info][gc             ] GC(119) Pause Young (Allocation Failure) 3099M->1431M(6733M) 76.990ms
[422.350s][info][gc,cpu         ] GC(119) User=0.46s Sys=0.00s Real=0.08s
..[423.878s][info][gc,start       ] GC(120) Pause Young (Allocation Failure)
[423.960s][info][gc,heap        ] GC(120) PSYoungGen: 1894528K(2254336K)->122452K(2283520K) Eden: 1785344K(1785344K)->0K(1881088K) From: 109184K(468992K)->122452K(402432K)
[423.960s][info][gc,heap        ] GC(120) ParOldGen: 1356558K(4640768K)->1435310K(4640768K)
[423.960s][info][gc,metaspace   ] GC(120) Metaspace: 28928K(29184K)->28928K(29184K) NonClass: 24042K(24128K)->24042K(24128K) Class: 4886K(5056K)->4886K(5056K)
[423.960s][info][gc             ] GC(120) Pause Young (Allocation Failure) 3174M->1521M(6762M) 81.799ms
[423.960s][info][gc,cpu         ] GC(120) User=0.49s Sys=0.00s Real=0.08s
..[425.737s][info][gc,start       ] GC(121) Pause Young (Allocation Failure)
[425.821s][info][gc,heap        ] GC(121) PSYoungGen: 2003540K(2283520K)->125808K(2302464K) Eden: 1881088K(1881088K)->0K(1881088K) From: 122452K(402432K)->125808K(421376K)
[425.821s][info][gc,heap        ] GC(121) ParOldGen: 1435310K(4640768K)->1511438K(4640768K)
[425.821s][info][gc,metaspace   ] GC(121) Metaspace: 28929K(29184K)->28929K(29184K) NonClass: 24043K(24128K)->24043K(24128K) Class: 4886K(5056K)->4886K(5056K)
[425.821s][info][gc             ] GC(121) Pause Young (Allocation Failure) 3358M->1598M(6780M) 83.557ms
[425.821s][info][gc,cpu         ] GC(121) User=0.50s Sys=0.00s Real=0.09s
. (rIR:aIR:PR = 9238:9181:9253) (tPR = 136536) [OK] 
   426s:       rampup IR =  10393 [427.328s][info][gc,start       ] GC(122) Pause Young (Allocation Failure)
[427.408s][info][gc,heap        ] GC(122) PSYoungGen: 2006896K(2302464K)->114240K(2339840K) Eden: 1881088K(1881088K)->0K(1976320K) From: 125808K(421376K)->114240K(363520K)
[427.408s][info][gc,heap        ] GC(122) ParOldGen: 1511438K(4640768K)->1595086K(4640768K)
[427.408s][info][gc,metaspace   ] GC(122) Metaspace: 28929K(29184K)->28929K(29184K) NonClass: 24043K(24128K)->24043K(24128K) Class: 4886K(5056K)->4886K(5056K)
[427.408s][info][gc             ] GC(122) Pause Young (Allocation Failure) 3435M->1669M(6817M) 79.888ms
[427.408s][info][gc,cpu         ] GC(122) User=0.48s Sys=0.01s Real=0.08s
..[428.875s][info][gc,start       ] GC(123) Pause Young (Allocation Failure)
[428.962s][info][gc,heap        ] GC(123) PSYoungGen: 2090560K(2339840K)->129568K(2355200K) Eden: 1976320K(1976320K)->0K(1976320K) From: 114240K(363520K)->129568K(378880K)
[428.962s][info][gc,heap        ] GC(123) ParOldGen: 1595086K(4640768K)->1674662K(4640768K)
[428.962s][info][gc,metaspace   ] GC(123) Metaspace: 28930K(29184K)->28930K(29184K) NonClass: 24044K(24128K)->24044K(24128K) Class: 4886K(5056K)->4886K(5056K)
[428.962s][info][gc             ] GC(123) Pause Young (Allocation Failure) 3599M->1761M(6832M) 87.827ms
[428.962s][info][gc,cpu         ] GC(123) User=0.52s Sys=0.00s Real=0.09s
..[430.470s][info][gc,start       ] GC(124) Pause Young (Allocation Failure)
[430.559s][info][gc,heap        ] GC(124) PSYoungGen: 2105888K(2355200K)->130225K(2384384K) Eden: 1976320K(1976320K)->0K(2059776K) From: 129568K(378880K)->130225K(324608K)
[430.559s][info][gc,heap        ] GC(124) ParOldGen: 1674662K(4640768K)->1757670K(4640768K)
[430.559s][info][gc,metaspace   ] GC(124) Metaspace: 28930K(29184K)->28930K(29184K) NonClass: 24044K(24128K)->24044K(24128K) Class: 4886K(5056K)->4886K(5056K)
[430.559s][info][gc             ] GC(124) Pause Young (Allocation Failure) 3691M->1843M(6860M) 88.744ms
[430.559s][info][gc,cpu         ] GC(124) User=0.53s Sys=0.00s Real=0.09s
. (rIR:aIR:PR = 10393:10781:10777) (tPR = 166430) [OK] 
   431s:       rampup IR =  11548 [432.074s][info][gc,start       ] GC(125) Pause Young (Allocation Failure)
[432.159s][info][gc,heap        ] GC(125) PSYoungGen: 2190001K(2384384K)->127360K(2397696K) Eden: 2059776K(2059776K)->0K(2059776K) From: 130225K(324608K)->127360K(337920K)
[432.159s][info][gc,heap        ] GC(125) ParOldGen: 1757670K(4640768K)->1837974K(4640768K)
[432.159s][info][gc,metaspace   ] GC(125) Metaspace: 28939K(29248K)->28939K(29248K) NonClass: 24053K(24192K)->24053K(24192K) Class: 4886K(5056K)->4886K(5056K)
[432.159s][info][gc             ] GC(125) Pause Young (Allocation Failure) 3855M->1919M(6873M) 85.473ms
[432.159s][info][gc,cpu         ] GC(125) User=0.51s Sys=0.00s Real=0.09s
..[433.480s][info][gc,start       ] GC(126) Pause Young (Allocation Failure)
[433.573s][info][gc,heap        ] GC(126) PSYoungGen: 2187136K(2397696K)->133184K(2428416K) Eden: 2059776K(2059776K)->0K(2137600K) From: 127360K(337920K)->133184K(290816K)
[433.573s][info][gc,heap        ] GC(126) ParOldGen: 1837974K(4640768K)->1927590K(4640768K)
[433.573s][info][gc,metaspace   ] GC(126) Metaspace: 28939K(29248K)->28939K(29248K) NonClass: 24053K(24192K)->24053K(24192K) Class: 4886K(5056K)->4886K(5056K)
[433.573s][info][gc             ] GC(126) Pause Young (Allocation Failure) 3930M->2012M(6903M) 92.947ms
[433.573s][info][gc,cpu         ] GC(126) User=0.55s Sys=0.00s Real=0.09s
.[435.014s][info][gc,start       ] GC(127) Pause Young (Allocation Failure)
[435.101s][info][gc,heap        ] GC(127) PSYoungGen: 2270784K(2428416K)->127076K(2441216K) Eden: 2137600K(2137600K)->0K(2137600K) From: 133184K(290816K)->127076K(303616K)
[435.101s][info][gc,heap        ] GC(127) ParOldGen: 1927590K(4640768K)->2011270K(4640768K)
[435.101s][info][gc,metaspace   ] GC(127) Metaspace: 28939K(29248K)->28939K(29248K) NonClass: 24053K(24192K)->24053K(24192K) Class: 4886K(5056K)->4886K(5056K)
[435.101s][info][gc             ] GC(127) Pause Young (Allocation Failure) 4099M->2088M(6916M) 87.174ms
[435.101s][info][gc,cpu         ] GC(127) User=0.52s Sys=0.00s Real=0.09s
..[436.656s][info][gc,start       ] GC(128) Pause Young (Allocation Failure)
[436.749s][info][gc,heap        ] GC(128) PSYoungGen: 2264676K(2441216K)->139552K(2465280K) Eden: 2137600K(2137600K)->0K(2203136K) From: 127076K(303616K)->139552K(262144K)
[436.749s][info][gc,heap        ] GC(128) ParOldGen: 2011270K(4640768K)->2096230K(4640768K)
[436.749s][info][gc,metaspace   ] GC(128) Metaspace: 28939K(29248K)->28939K(29248K) NonClass: 24053K(24192K)->24053K(24192K) Class: 4886K(5056K)->4886K(5056K)
[436.749s][info][gc             ] GC(128) Pause Young (Allocation Failure) 4175M->2183M(6939M) 93.087ms
[436.749s][info][gc,cpu         ] GC(128) User=0.55s Sys=0.00s Real=0.10s
. (rIR:aIR:PR = 11548:11453:11427) (tPR = 171898) [OK] 
   437s:       trying IR =  11648 [438.259s][info][gc,start       ] GC(129) Pause Young (Allocation Failure)
[438.348s][info][gc,heap        ] GC(129) PSYoungGen: 2342688K(2465280K)->128512K(2478080K) Eden: 2203136K(2203136K)->0K(2203136K) From: 139552K(262144K)->128512K(274944K)
[438.348s][info][gc,heap        ] GC(129) ParOldGen: 2096230K(4640768K)->2185390K(4640768K)
[438.348s][info][gc,metaspace   ] GC(129) Metaspace: 28939K(29248K)->28939K(29248K) NonClass: 24053K(24192K)->24053K(24192K) Class: 4886K(5056K)->4886K(5056K)
[438.348s][info][gc             ] GC(129) Pause Young (Allocation Failure) 4334M->2259M(6952M) 89.506ms
[438.348s][info][gc,cpu         ] GC(129) User=0.54s Sys=0.00s Real=0.08s
..[439.945s][info][gc,start       ] GC(130) Pause Young (Allocation Failure)
[440.039s][info][gc,heap        ] GC(130) PSYoungGen: 2331648K(2478080K)->139066K(2497024K) Eden: 2203136K(2203136K)->0K(2258432K) From: 128512K(274944K)->139066K(238592K)
[440.039s][info][gc,heap        ] GC(130) ParOldGen: 2185390K(4640768K)->2267838K(4640768K)
[440.039s][info][gc,metaspace   ] GC(130) Metaspace: 28939K(29248K)->28939K(29248K) NonClass: 24053K(24192K)->24053K(24192K) Class: 4886K(5056K)->4886K(5056K)
[440.039s][info][gc             ] GC(130) Pause Young (Allocation Failure) 4411M->2350M(6970M) 93.438ms
[440.039s][info][gc,cpu         ] GC(130) User=0.56s Sys=0.00s Real=0.10s
.[441.539s][info][gc,start       ] GC(131) Pause Young (Allocation Failure)
[441.632s][info][gc,heap        ] GC(131) PSYoungGen: 2397498K(2497024K)->134624K(2509312K) Eden: 2258432K(2258432K)->0K(2258432K) From: 139066K(238592K)->134624K(250880K)
[441.632s][info][gc,heap        ] GC(131) ParOldGen: 2267838K(4640768K)->2359318K(4640768K)
[441.632s][info][gc,metaspace   ] GC(131) Metaspace: 28939K(29248K)->28939K(29248K) NonClass: 24053K(24192K)->24053K(24192K) Class: 4886K(5056K)->4886K(5056K)
[441.632s][info][gc             ] GC(131) Pause Young (Allocation Failure) 4555M->2435M(6982M) 92.756ms
[441.632s][info][gc,cpu         ] GC(131) User=0.55s Sys=0.01s Real=0.09s
..[443.222s][info][gc,start       ] GC(132) Pause Young (Allocation Failure)
[443.315s][info][gc,heap        ] GC(132) PSYoungGen: 2393056K(2509312K)->137477K(2523136K) Eden: 2258432K(2258432K)->0K(2305024K) From: 134624K(250880K)->137477K(218112K)
[443.315s][info][gc,heap        ] GC(132) ParOldGen: 2359318K(4640768K)->2446502K(4640768K)
[443.315s][info][gc,metaspace   ] GC(132) Metaspace: 28939K(29248K)->28939K(29248K) NonClass: 24053K(24192K)->24053K(24192K) Class: 4886K(5056K)->4886K(5056K)
[443.315s][info][gc             ] GC(132) Pause Young (Allocation Failure) 4640M->2523M(6996M) 93.601ms
[443.315s][info][gc,cpu         ] GC(132) User=0.56s Sys=0.00s Real=0.09s
.. (rIR:aIR:PR = 11648:11349:11338) (tPR = 167380) [OK] 
   444s:       trying IR =  11668 [444.941s][info][gc,start       ] GC(133) Pause Young (Allocation Failure)
[445.043s][info][gc,heap        ] GC(133) PSYoungGen: 2442501K(2523136K)->155246K(2534912K) Eden: 2305024K(2305024K)->0K(2305024K) From: 137477K(218112K)->155246K(229888K)
[445.043s][info][gc,heap        ] GC(133) ParOldGen: 2446502K(4640768K)->2535534K(4640768K)
[445.043s][info][gc,metaspace   ] GC(133) Metaspace: 28939K(29248K)->28939K(29248K) NonClass: 24053K(24192K)->24053K(24192K) Class: 4886K(5056K)->4886K(5056K)
[445.043s][info][gc             ] GC(133) Pause Young (Allocation Failure) 4774M->2627M(7007M) 102.399ms
[445.043s][info][gc,cpu         ] GC(133) User=0.61s Sys=0.00s Real=0.10s
.[446.597s][info][gc,start       ] GC(134) Pause Young (Allocation Failure)
[446.692s][info][gc,heap        ] GC(134) PSYoungGen: 2460270K(2534912K)->143232K(2549248K) Eden: 2305024K(2305024K)->0K(2338816K) From: 155246K(229888K)->143232K(210432K)
[446.692s][info][gc,heap        ] GC(134) ParOldGen: 2535534K(4640768K)->2624670K(4640768K)
[446.692s][info][gc,metaspace   ] GC(134) Metaspace: 28939K(29248K)->28939K(29248K) NonClass: 24053K(24192K)->24053K(24192K) Class: 4886K(5056K)->4886K(5056K)
[446.692s][info][gc             ] GC(134) Pause Young (Allocation Failure) 4878M->2703M(7021M) 95.242ms
[446.692s][info][gc,cpu         ] GC(134) User=0.56s Sys=0.00s Real=0.10s
..[448.234s][info][gc,start       ] GC(135) Pause Young (Allocation Failure)
[448.328s][info][gc,heap        ] GC(135) PSYoungGen: 2482048K(2549248K)->136448K(2558976K) Eden: 2338816K(2338816K)->0K(2338816K) From: 143232K(210432K)->136448K(220160K)
[448.328s][info][gc,heap        ] GC(135) ParOldGen: 2624670K(4640768K)->2716182K(4640768K)
[448.328s][info][gc,metaspace   ] GC(135) Metaspace: 28940K(29248K)->28940K(29248K) NonClass: 24054K(24192K)->24054K(24192K) Class: 4886K(5056K)->4886K(5056K)
[448.328s][info][gc             ] GC(135) Pause Young (Allocation Failure) 4987M->2785M(7031M) 94.623ms
[448.328s][info][gc,cpu         ] GC(135) User=0.56s Sys=0.00s Real=0.09s
. (rIR:aIR:PR = 11668:11704:11732) (tPR = 177614) [OK] 
   448s:       trying IR =  11692 .[450.000s][info][gc,start       ] GC(136) Pause Young (Allocation Failure)
[450.099s][info][gc,heap        ] GC(136) PSYoungGen: 2475264K(2558976K)->146430K(2564608K) Eden: 2338816K(2338816K)->0K(2363392K) From: 136448K(220160K)->146430K(201216K)
[450.099s][info][gc,heap        ] GC(136) ParOldGen: 2716182K(4640768K)->2806326K(4640768K)
[450.099s][info][gc,metaspace   ] GC(136) Metaspace: 28940K(29248K)->28940K(29248K) NonClass: 24054K(24192K)->24054K(24192K) Class: 4886K(5056K)->4886K(5056K)
[450.099s][info][gc             ] GC(136) Pause Young (Allocation Failure) 5069M->2883M(7036M) 98.631ms
[450.099s][info][gc,cpu         ] GC(136) User=0.57s Sys=0.00s Real=0.10s
.[451.648s][info][gc,start       ] GC(137) Pause Young (Allocation Failure)
[451.789s][info][gc,heap        ] GC(137) PSYoungGen: 2509822K(2564608K)->144064K(2571264K) Eden: 2363392K(2363392K)->0K(2363392K) From: 146430K(201216K)->144064K(207872K)
[451.789s][info][gc,heap        ] GC(137) ParOldGen: 2806326K(4640768K)->2899022K(4640768K)
[451.789s][info][gc,metaspace   ] GC(137) Metaspace: 28940K(29248K)->28940K(29248K) NonClass: 24054K(24192K)->24054K(24192K) Class: 4886K(5056K)->4886K(5056K)
[451.789s][info][gc             ] GC(137) Pause Young (Allocation Failure) 5191M->2971M(7043M) 140.882ms
[451.789s][info][gc,cpu         ] GC(137) User=0.58s Sys=0.00s Real=0.14s
..[453.310s][info][gc,start       ] GC(138) Pause Young (Allocation Failure)
[453.412s][info][gc,heap        ] GC(138) PSYoungGen: 2507456K(2571264K)->145408K(2578432K) Eden: 2363392K(2363392K)->0K(2385408K) From: 144064K(207872K)->145408K(193024K)
[453.412s][info][gc,heap        ] GC(138) ParOldGen: 2899022K(4640768K)->2989054K(4640768K)
[453.412s][info][gc,metaspace   ] GC(138) Metaspace: 28940K(29248K)->28940K(29248K) NonClass: 24054K(24192K)->24054K(24192K) Class: 4886K(5056K)->4886K(5056K)
[453.412s][info][gc             ] GC(138) Pause Young (Allocation Failure) 5279M->3060M(7050M) 101.747ms
[453.412s][info][gc,cpu         ] GC(138) User=0.61s Sys=0.00s Real=0.10s
.. (rIR:aIR:PR = 11692:11925:11924) (tPR = 170862) [OK] 
   454s:       trying IR =  11721 [455.036s][info][gc,start       ] GC(139) Pause Young (Allocation Failure)
[455.135s][info][gc,heap        ] GC(139) PSYoungGen: 2530816K(2578432K)->142021K(2584064K) Eden: 2385408K(2385408K)->0K(2385408K) From: 145408K(193024K)->142021K(198656K)
[455.135s][info][gc,heap        ] GC(139) ParOldGen: 2989054K(4640768K)->3080366K(4640768K)
[455.135s][info][gc,metaspace   ] GC(139) Metaspace: 28940K(29248K)->28940K(29248K) NonClass: 24054K(24192K)->24054K(24192K) Class: 4886K(5056K)->4886K(5056K)
[455.135s][info][gc             ] GC(139) Pause Young (Allocation Failure) 5390M->3146M(7055M) 99.032ms
[455.135s][info][gc,cpu         ] GC(139) User=0.59s Sys=0.00s Real=0.10s
.[456.768s][info][gc,start       ] GC(140) Pause Young (Allocation Failure)
[456.870s][info][gc,heap        ] GC(140) PSYoungGen: 2527429K(2584064K)->148256K(2591744K) Eden: 2385408K(2385408K)->0K(2403840K) From: 142021K(198656K)->148256K(187904K)
[456.870s][info][gc,heap        ] GC(140) ParOldGen: 3080366K(4640768K)->3173286K(4640768K)
[456.870s][info][gc,metaspace   ] GC(140) Metaspace: 28940K(29248K)->28940K(29248K) NonClass: 24054K(24192K)->24054K(24192K) Class: 4886K(5056K)->4886K(5056K)
[456.870s][info][gc             ] GC(140) Pause Young (Allocation Failure) 5476M->3243M(7063M) 102.352ms
[456.870s][info][gc,cpu         ] GC(140) User=0.60s Sys=0.01s Real=0.11s
..[458.485s][info][gc,start       ] GC(141) Pause Young (Allocation Failure)
[458.588s][info][gc,heap        ] GC(141) PSYoungGen: 2552096K(2591744K)->153291K(2594816K) Eden: 2403840K(2403840K)->0K(2403840K) From: 148256K(187904K)->153291K(190976K)
[458.588s][info][gc,heap        ] GC(141) ParOldGen: 3173286K(4640768K)->3266030K(4640768K)
[458.588s][info][gc,metaspace   ] GC(141) Metaspace: 28940K(29248K)->28940K(29248K) NonClass: 24054K(24192K)->24054K(24192K) Class: 4886K(5056K)->4886K(5056K)
[458.588s][info][gc             ] GC(141) Pause Young (Allocation Failure) 5591M->3339M(7066M) 102.548ms
[458.588s][info][gc,cpu         ] GC(141) User=0.61s Sys=0.00s Real=0.10s
.. (rIR:aIR:PR = 11721:11610:11603) (tPR = 167564) [OK] 
   459s:       trying IR =  11755 [460.225s][info][gc,start       ] GC(142) Pause Young (Allocation Failure)
[460.325s][info][gc,heap        ] GC(142) PSYoungGen: 2557131K(2594816K)->142208K(2595328K) Eden: 2403840K(2403840K)->0K(2414592K) From: 153291K(190976K)->142208K(180736K)
[460.325s][info][gc,heap        ] GC(142) ParOldGen: 3266030K(4640768K)->3360566K(4640768K)
[460.325s][info][gc,metaspace   ] GC(142) Metaspace: 28941K(29248K)->28941K(29248K) NonClass: 24055K(24192K)->24055K(24192K) Class: 4886K(5056K)->4886K(5056K)
[460.325s][info][gc             ] GC(142) Pause Young (Allocation Failure) 5686M->3420M(7066M) 100.353ms
[460.325s][info][gc,cpu         ] GC(142) User=0.59s Sys=0.01s Real=0.10s
.[461.991s][info][gc,start       ] GC(143) Pause Young (Allocation Failure)
[462.087s][info][gc,heap        ] GC(143) PSYoungGen: 2556800K(2595328K)->136864K(2600448K) Eden: 2414592K(2414592K)->0K(2414592K) From: 142208K(180736K)->136864K(185856K)
[462.087s][info][gc,heap        ] GC(143) ParOldGen: 3360566K(4640768K)->3452822K(4640768K)
[462.087s][info][gc,metaspace   ] GC(143) Metaspace: 28944K(29248K)->28944K(29248K) NonClass: 24058K(24192K)->24058K(24192K) Class: 4886K(5056K)->4886K(5056K)
[462.087s][info][gc             ] GC(143) Pause Young (Allocation Failure) 5778M->3505M(7071M) 96.327ms
[462.087s][info][gc,cpu         ] GC(143) User=0.57s Sys=0.00s Real=0.09s
..[463.720s][info][gc,start       ] GC(144) Pause Young (Allocation Failure)
[463.830s][info][gc,heap        ] GC(144) PSYoungGen: 2551456K(2600448K)->154320K(2609664K) Eden: 2414592K(2414592K)->0K(2427904K) From: 136864K(185856K)->154320K(181760K)
[463.830s][info][gc,heap        ] GC(144) ParOldGen: 3452822K(4640768K)->3544686K(4640768K)
[463.830s][info][gc,metaspace   ] GC(144) Metaspace: 28944K(29248K)->28944K(29248K) NonClass: 24058K(24192K)->24058K(24192K) Class: 4886K(5056K)->4886K(5056K)
[463.830s][info][gc             ] GC(144) Pause Young (Allocation Failure) 5863M->3612M(7080M) 110.563ms
[463.830s][info][gc,cpu         ] GC(144) User=0.62s Sys=0.04s Real=0.11s
.. (rIR:aIR:PR = 11755:11618:11622) (tPR = 177221) [OK] 
   465s:       trying IR =  11797 [465.488s][info][gc,start       ] GC(145) Pause Young (Allocation Failure)
[465.587s][info][gc,heap        ] GC(145) PSYoungGen: 2582224K(2609664K)->145952K(2610688K) Eden: 2427904K(2427904K)->0K(2427904K) From: 154320K(181760K)->145952K(182784K)
[465.587s][info][gc,heap        ] GC(145) ParOldGen: 3544686K(4640768K)->3637022K(4640768K)
[465.587s][info][gc,metaspace   ] GC(145) Metaspace: 28944K(29248K)->28944K(29248K) NonClass: 24058K(24192K)->24058K(24192K) Class: 4886K(5056K)->4886K(5056K)
[465.587s][info][gc             ] GC(145) Pause Young (Allocation Failure) 5983M->3694M(7081M) 98.799ms
[465.587s][info][gc,cpu         ] GC(145) User=0.59s Sys=0.00s Real=0.09s
..[467.264s][info][gc,start       ] GC(146) Pause Young (Allocation Failure)
[467.367s][info][gc,heap        ] GC(146) PSYoungGen: 2573856K(2610688K)->150560K(2612224K) Eden: 2427904K(2427904K)->0K(2432512K) From: 145952K(182784K)->150560K(179712K)
[467.367s][info][gc,heap        ] GC(146) ParOldGen: 3637022K(4640768K)->3728094K(4640768K)
[467.367s][info][gc,metaspace   ] GC(146) Metaspace: 28944K(29248K)->28944K(29248K) NonClass: 24058K(24192K)->24058K(24192K) Class: 4886K(5056K)->4886K(5056K)
[467.367s][info][gc             ] GC(146) Pause Young (Allocation Failure) 6065M->3787M(7083M) 103.177ms
[467.367s][info][gc,cpu         ] GC(146) User=0.62s Sys=0.00s Real=0.10s
.[468.967s][info][gc,start       ] GC(147) Pause Young (Allocation Failure)
[469.072s][info][gc,heap        ] GC(147) PSYoungGen: 2583072K(2612224K)->148896K(2611200K) Eden: 2432512K(2432512K)->0K(2432512K) From: 150560K(179712K)->148896K(178688K)
[469.072s][info][gc,heap        ] GC(147) ParOldGen: 3728094K(4640768K)->3822230K(4640768K)
[469.072s][info][gc,metaspace   ] GC(147) Metaspace: 28944K(29248K)->28944K(29248K) NonClass: 24058K(24192K)->24058K(24192K) Class: 4886K(5056K)->4886K(5056K)
[469.072s][info][gc             ] GC(147) Pause Young (Allocation Failure) 6163M->3878M(7082M) 105.231ms
[469.072s][info][gc,cpu         ] GC(147) User=0.61s Sys=0.00s Real=0.11s
. (rIR:aIR:PR = 11797:11863:11739) (tPR = 172777) [OK] 
   469s:       trying IR =  11847 .[470.785s][info][gc,start       ] GC(148) Pause Young (Allocation Failure)
[470.890s][info][gc,heap        ] GC(148) PSYoungGen: 2581408K(2611200K)->154368K(2614272K) Eden: 2432512K(2432512K)->0K(2437120K) From: 148896K(178688K)->154368K(177152K)
[470.890s][info][gc,heap        ] GC(148) ParOldGen: 3822230K(4640768K)->3911510K(4640768K)
[470.890s][info][gc,metaspace   ] GC(148) Metaspace: 28946K(29248K)->28946K(29248K) NonClass: 24060K(24192K)->24060K(24192K) Class: 4886K(5056K)->4886K(5056K)
[470.890s][info][gc             ] GC(148) Pause Young (Allocation Failure) 6253M->3970M(7085M) 104.691ms
[470.890s][info][gc,cpu         ] GC(148) User=0.62s Sys=0.01s Real=0.11s
.[472.454s][info][gc,start       ] GC(149) Pause Young (Allocation Failure)
[472.560s][info][gc,heap        ] GC(149) PSYoungGen: 2591488K(2614272K)->153721K(2614784K) Eden: 2437120K(2437120K)->0K(2437120K) From: 154368K(177152K)->153721K(177664K)
[472.560s][info][gc,heap        ] GC(149) ParOldGen: 3911510K(4640768K)->4006814K(4640768K)
[472.560s][info][gc,metaspace   ] GC(149) Metaspace: 28946K(29248K)->28946K(29248K) NonClass: 24060K(24192K)->24060K(24192K) Class: 4886K(5056K)->4886K(5056K)
[472.560s][info][gc             ] GC(149) Pause Young (Allocation Failure) 6350M->4063M(7085M) 106.544ms
[472.561s][info][gc,cpu         ] GC(149) User=0.64s Sys=0.00s Real=0.11s
.. (rIR:aIR:PR = 11847:11737:11754) (tPR = 171717) [OK] 
   473s:       trying IR =  11906 [474.205s][info][gc,start       ] GC(150) Pause Young (Allocation Failure)
[474.306s][info][gc,heap        ] GC(150) PSYoungGen: 2590841K(2614784K)->143808K(2613248K) Eden: 2437120K(2437120K)->0K(2441216K) From: 153721K(177664K)->143808K(172032K)
[474.306s][info][gc,heap        ] GC(150) ParOldGen: 4006814K(4640768K)->4099550K(4640768K)
[474.306s][info][gc,metaspace   ] GC(150) Metaspace: 28947K(29248K)->28947K(29248K) NonClass: 24060K(24192K)->24060K(24192K) Class: 4886K(5056K)->4886K(5056K)
[474.306s][info][gc             ] GC(150) Pause Young (Allocation Failure) 6443M->4143M(7084M) 100.911ms
[474.306s][info][gc,cpu         ] GC(150) User=0.60s Sys=0.00s Real=0.10s
..[475.905s][info][gc,start       ] GC(151) Pause Young (Allocation Failure)
[476.014s][info][gc,heap        ] GC(151) PSYoungGen: 2585024K(2613248K)->159524K(2615808K) Eden: 2441216K(2441216K)->0K(2441216K) From: 143808K(172032K)->159524K(174592K)
[476.014s][info][gc,heap        ] GC(151) ParOldGen: 4099550K(4640768K)->4192718K(4640768K)
[476.014s][info][gc,metaspace   ] GC(151) Metaspace: 28947K(29248K)->28947K(29248K) NonClass: 24060K(24192K)->24060K(24192K) Class: 4886K(5056K)->4886K(5056K)
[476.014s][info][gc             ] GC(151) Pause Young (Allocation Failure) 6527M->4250M(7086M) 108.905ms
[476.014s][info][gc,cpu         ] GC(151) User=0.65s Sys=0.00s Real=0.11s
..[477.613s][info][gc,start       ] GC(152) Pause Young (Allocation Failure)
[477.747s][info][gc,heap        ] GC(152) PSYoungGen: 2600740K(2615808K)->150832K(2619904K) Eden: 2441216K(2441216K)->0K(2444288K) From: 159524K(174592K)->150832K(175616K)
[477.747s][info][gc,heap        ] GC(152) ParOldGen: 4192718K(4640768K)->4285366K(4640768K)
[477.747s][info][gc,metaspace   ] GC(152) Metaspace: 28947K(29248K)->28947K(29248K) NonClass: 24060K(24192K)->24060K(24192K) Class: 4886K(5056K)->4886K(5056K)
[477.747s][info][gc             ] GC(152) Pause Young (Allocation Failure) 6634M->4332M(7090M) 134.599ms
[477.747s][info][gc,cpu         ] GC(152) User=0.61s Sys=0.01s Real=0.13s
. (rIR:aIR:PR = 11906:11919:11852) (tPR = 171189) [OK] 
   478s:       trying IR =  11978 [479.380s][info][gc,start       ] GC(153) Pause Young (Allocation Failure)
[479.484s][info][gc,heap        ] GC(153) PSYoungGen: 2595120K(2619904K)->150452K(2594816K) Eden: 2444288K(2444288K)->0K(2444288K) From: 150832K(175616K)->150452K(150528K)
[479.484s][info][gc,heap        ] GC(153) ParOldGen: 4285366K(4640768K)->4379094K(4640768K)
[479.484s][info][gc,metaspace   ] GC(153) Metaspace: 28948K(29248K)->28948K(29248K) NonClass: 24062K(24192K)->24062K(24192K) Class: 4886K(5056K)->4886K(5056K)
[479.484s][info][gc             ] GC(153) Pause Young (Allocation Failure) 6719M->4423M(7066M) 104.232ms
[479.484s][info][gc,cpu         ] GC(153) User=0.62s Sys=0.00s Real=0.10s
..[481.178s][info][gc,start       ] GC(154) Pause Young (Allocation Failure)
[481.280s][info][gc,heap        ] GC(154) PSYoungGen: 2594740K(2594816K)->149424K(2620928K) Eden: 2444288K(2444288K)->0K(2447360K) From: 150452K(150528K)->149424K(173568K)
[481.280s][info][gc,heap        ] GC(154) ParOldGen: 4379094K(4640768K)->4469134K(4640768K)
[481.280s][info][gc,metaspace   ] GC(154) Metaspace: 28948K(29248K)->28948K(29248K) NonClass: 24062K(24192K)->24062K(24192K) Class: 4886K(5056K)->4886K(5056K)
[481.281s][info][gc             ] GC(154) Pause Young (Allocation Failure) 6810M->4510M(7091M) 102.698ms
[481.281s][info][gc,cpu         ] GC(154) User=0.61s Sys=0.00s Real=0.11s
..[482.913s][info][gc,start       ] GC(155) Pause Young (Allocation Failure)
[483.020s][info][gc,heap        ] GC(155) PSYoungGen: 2596784K(2620928K)->161492K(2618880K) Eden: 2447360K(2447360K)->0K(2447360K) From: 149424K(173568K)->161492K(171520K)
[483.020s][info][gc,heap        ] GC(155) ParOldGen: 4469134K(4640768K)->4561102K(4640768K)
[483.020s][info][gc,metaspace   ] GC(155) Metaspace: 28949K(29248K)->28949K(29248K) NonClass: 24063K(24192K)->24063K(24192K) Class: 4886K(5056K)->4886K(5056K)
[483.020s][info][gc             ] GC(155) Pause Young (Allocation Failure) 6900M->4611M(7089M) 107.409ms
[483.020s][info][gc,cpu         ] GC(155) User=0.64s Sys=0.00s Real=0.11s
. (rIR:aIR:PR = 11978:11653:11651) (tPR = 172753) [OK] 
   483s:       trying IR =  12064 [484.649s][info][gc,start       ] GC(156) Pause Young (Allocation Failure)
[484.757s][info][gc,heap        ] GC(156) PSYoungGen: 2608852K(2618880K)->157497K(2620928K) Eden: 2447360K(2447360K)->0K(2446848K) From: 161492K(171520K)->157497K(174080K)
[484.757s][info][gc,heap        ] GC(156) ParOldGen: 4561102K(4640768K)->4653270K(4653568K)
[484.757s][info][gc,metaspace   ] GC(156) Metaspace: 28949K(29248K)->28949K(29248K) NonClass: 24063K(24192K)->24063K(24192K) Class: 4886K(5056K)->4886K(5056K)
[484.757s][info][gc             ] GC(156) Pause Young (Allocation Failure) 7001M->4698M(7104M) 108.437ms
[484.757s][info][gc,cpu         ] GC(156) User=0.63s Sys=0.01s Real=0.10s
..[486.396s][info][gc,start       ] GC(157) Pause Young (Allocation Failure)
[486.503s][info][gc,heap        ] GC(157) PSYoungGen: 2604345K(2620928K)->147058K(2594304K) Eden: 2446848K(2446848K)->0K(2446848K) From: 157497K(174080K)->147058K(147456K)
[486.503s][info][gc,heap        ] GC(157) ParOldGen: 4653270K(4653568K)->4748246K(4748288K)
[486.503s][info][gc,metaspace   ] GC(157) Metaspace: 28949K(29248K)->28949K(29248K) NonClass: 24063K(24192K)->24063K(24192K) Class: 4886K(5056K)->4886K(5056K)
[486.503s][info][gc             ] GC(157) Pause Young (Allocation Failure) 7087M->4780M(7170M) 106.989ms
[486.503s][info][gc,cpu         ] GC(157) User=0.61s Sys=0.02s Real=0.11s
..[488.155s][info][gc,start       ] GC(158) Pause Young (Allocation Failure)
[488.257s][info][gc,heap        ] GC(158) PSYoungGen: 2593906K(2594304K)->142240K(2620928K) Eden: 2446848K(2446848K)->0K(2448384K) From: 147058K(147456K)->142240K(172544K)
[488.257s][info][gc,heap        ] GC(158) ParOldGen: 4748246K(4748288K)->4839422K(4839424K)
[488.257s][info][gc,metaspace   ] GC(158) Metaspace: 28949K(29248K)->28949K(29248K) NonClass: 24063K(24192K)->24063K(24192K) Class: 4886K(5056K)->4886K(5056K)
[488.257s][info][gc             ] GC(158) Pause Young (Allocation Failure) 7170M->4864M(7285M) 102.510ms
[488.257s][info][gc,cpu         ] GC(158) User=0.58s Sys=0.03s Real=0.10s
.. (rIR:aIR:PR = 12064:11727:11790) (tPR = 172289) [OK] 
   489s:       trying IR =  12167 [489.908s][info][gc,start       ] GC(159) Pause Young (Allocation Failure)
[490.015s][info][gc,heap        ] GC(159) PSYoungGen: 2590624K(2620928K)->149376K(2619904K) Eden: 2448384K(2448384K)->0K(2448384K) From: 142240K(172544K)->149376K(171520K)
[490.015s][info][gc,heap        ] GC(159) ParOldGen: 4839422K(4839424K)->4933158K(4933632K)
[490.015s][info][gc,metaspace   ] GC(159) Metaspace: 28949K(29248K)->28949K(29248K) NonClass: 24063K(24192K)->24063K(24192K) Class: 4886K(5056K)->4886K(5056K)
[490.015s][info][gc             ] GC(159) Pause Young (Allocation Failure) 7255M->4963M(7376M) 107.632ms
[490.015s][info][gc,cpu         ] GC(159) User=0.60s Sys=0.03s Real=0.11s
.[491.606s][info][gc,start       ] GC(160) Pause Young (Allocation Failure)
[491.731s][info][gc,heap        ] GC(160) PSYoungGen: 2597760K(2619904K)->145761K(2622976K) Eden: 2448384K(2448384K)->0K(2453504K) From: 149376K(171520K)->145761K(169472K)
[491.731s][info][gc,heap        ] GC(160) ParOldGen: 4933158K(4933632K)->5025774K(5025792K)
[491.731s][info][gc,metaspace   ] GC(160) Metaspace: 28949K(29248K)->28949K(29248K) NonClass: 24063K(24192K)->24063K(24192K) Class: 4886K(5056K)->4886K(5056K)
[491.731s][info][gc             ] GC(160) Pause Young (Allocation Failure) 7354M->5050M(7469M) 125.599ms
[491.731s][info][gc,cpu         ] GC(160) User=0.60s Sys=0.03s Real=0.13s
..[493.281s][info][gc,start       ] GC(161) Pause Young (Allocation Failure)
[493.395s][info][gc,heap        ] GC(161) PSYoungGen: 2599265K(2622976K)->160448K(2621440K) Eden: 2453504K(2453504K)->0K(2453504K) From: 145761K(169472K)->160448K(167936K)
[493.395s][info][gc,heap        ] GC(161) ParOldGen: 5025774K(5025792K)->5116582K(5116928K)
[493.395s][info][gc,metaspace   ] GC(161) Metaspace: 28949K(29248K)->28949K(29248K) NonClass: 24063K(24192K)->24063K(24192K) Class: 4886K(5056K)->4886K(5056K)
[493.395s][info][gc             ] GC(161) Pause Young (Allocation Failure) 7446M->5153M(7557M) 113.941ms
[493.395s][info][gc,cpu         ] GC(161) User=0.66s Sys=0.03s Real=0.11s
.[495.014s][info][gc,start       ] GC(162) Pause Young (Allocation Failure)
[495.119s][info][gc,heap        ] GC(162) PSYoungGen: 2613952K(2621440K)->142048K(2626048K) Eden: 2453504K(2453504K)->0K(2455552K) From: 160448K(167936K)->142048K(170496K)
[495.119s][info][gc,heap        ] GC(162) ParOldGen: 5116582K(5116928K)->5209806K(5210112K)
[495.119s][info][gc,metaspace   ] GC(162) Metaspace: 28953K(29312K)->28953K(29312K) NonClass: 24067K(24256K)->24067K(24256K) Class: 4886K(5056K)->4886K(5056K)
[495.119s][info][gc             ] GC(162) Pause Young (Allocation Failure) 7549M->5226M(7652M) 104.462ms
[495.119s][info][gc,cpu         ] GC(162) User=0.58s Sys=0.03s Real=0.11s
..[496.674s][info][gc,start       ] GC(163) Pause Young (Allocation Failure)
[496.830s][info][gc,heap        ] GC(163) PSYoungGen: 2597600K(2626048K)->152725K(2608640K) Eden: 2455552K(2455552K)->0K(2455552K) From: 142048K(170496K)->152725K(153088K)
[496.830s][info][gc,heap        ] GC(163) ParOldGen: 5209806K(5210112K)->5302918K(5303296K)
[496.830s][info][gc,metaspace   ] GC(163) Metaspace: 28953K(29312K)->28953K(29312K) NonClass: 24067K(24256K)->24067K(24256K) Class: 4886K(5056K)->4886K(5056K)
[496.830s][info][gc             ] GC(163) Pause Young (Allocation Failure) 7624M->5327M(7726M) 155.855ms
[496.830s][info][gc,cpu         ] GC(163) User=0.64s Sys=0.02s Real=0.16s
. (rIR:aIR:PR = 12167:11918:11917) (tPR = 175124) [OK] 
   497s:       trying IR =  12291 .[498.479s][info][gc,start       ] GC(164) Pause Young (Allocation Failure)
[498.589s][info][gc,heap        ] GC(164) PSYoungGen: 2608277K(2608640K)->156948K(2623488K) Eden: 2455552K(2455552K)->0K(2454528K) From: 152725K(153088K)->156948K(168960K)
[498.589s][info][gc,heap        ] GC(164) ParOldGen: 5302918K(5303296K)->5392694K(5392896K)
[498.589s][info][gc,metaspace   ] GC(164) Metaspace: 28953K(29312K)->28953K(29312K) NonClass: 24067K(24256K)->24067K(24256K) Class: 4886K(5056K)->4886K(5056K)
[498.589s][info][gc             ] GC(164) Pause Young (Allocation Failure) 7725M->5419M(7828M) 110.601ms
[498.589s][info][gc,cpu         ] GC(164) User=0.62s Sys=0.04s Real=0.11s
.[500.192s][info][gc,start       ] GC(165) Pause Young (Allocation Failure)
[500.300s][info][gc,heap        ] GC(165) PSYoungGen: 2611476K(2623488K)->147413K(2624512K) Eden: 2454528K(2454528K)->0K(2454528K) From: 156948K(168960K)->147413K(169984K)
[500.300s][info][gc,heap        ] GC(165) ParOldGen: 5392694K(5392896K)->5488542K(5488640K)
[500.300s][info][gc,metaspace   ] GC(165) Metaspace: 28953K(29312K)->28953K(29312K) NonClass: 24067K(24256K)->24067K(24256K) Class: 4886K(5056K)->4886K(5056K)
[500.300s][info][gc             ] GC(165) Pause Young (Allocation Failure) 7816M->5503M(7923M) 108.089ms
[500.300s][info][gc,cpu         ] GC(165) User=0.60s Sys=0.03s Real=0.11s
..[501.888s][info][gc,start       ] GC(166) Pause Young (Allocation Failure)
[502.004s][info][gc,heap        ] GC(166) PSYoungGen: 2601941K(2624512K)->164628K(2620416K) Eden: 2454528K(2454528K)->0K(2451968K) From: 147413K(169984K)->164628K(168448K)
[502.004s][info][gc,heap        ] GC(166) ParOldGen: 5488542K(5488640K)->5577590K(5577728K)
[502.004s][info][gc,metaspace   ] GC(166) Metaspace: 28953K(29312K)->28953K(29312K) NonClass: 24067K(24256K)->24067K(24256K) Class: 4886K(5056K)->4886K(5056K)
[502.004s][info][gc             ] GC(166) Pause Young (Allocation Failure) 7900M->5607M(8006M) 115.742ms
[502.004s][info][gc,cpu         ] GC(166) User=0.64s Sys=0.05s Real=0.11s
..[503.553s][info][gc,start       ] GC(167) Pause Full (Allocation Failure)
[503.553s][info][gc,phases,start] GC(167) Marking Phase
[503.910s][info][gc,phases      ] GC(167) Marking Phase 357.017ms
[503.910s][info][gc,phases,start] GC(167) Summary Phase
[503.910s][info][gc,phases      ] GC(167) Summary Phase 0.103ms
[503.910s][info][gc,phases,start] GC(167) Forward
[504.049s][info][gc,phases      ] GC(167) Forward 138.591ms
[504.049s][info][gc,phases,start] GC(167) Adjust Pointers
[504.260s][info][gc,phases      ] GC(167) Adjust Pointers 210.937ms
[504.260s][info][gc,phases,start] GC(167) Compaction Phase
[504.394s][info][gc,phases      ] GC(167) Compaction Phase 133.526ms
[504.395s][info][gc,phases,start] GC(167) Post Compact
[504.402s][info][gc,phases      ] GC(167) Post Compact 7.575ms
[504.525s][info][gc,heap        ] GC(167) PSYoungGen: 2616596K(2620416K)->0K(2624000K) Eden: 2451968K(2451968K)->0K(2451968K) From: 164628K(168448K)->0K(172032K)
[504.525s][info][gc,heap        ] GC(167) ParOldGen: 5577590K(5577728K)->1426747K(1597440K)
[504.525s][info][gc,metaspace   ] GC(167) Metaspace: 28953K(29312K)->28953K(29312K) NonClass: 24067K(24256K)->24067K(24256K) Class: 4886K(5056K)->4886K(5056K)
[504.525s][info][gc             ] GC(167) Pause Full (Allocation Failure) 8002M->1393M(4122M) 971.663ms
[504.525s][info][gc,cpu         ] GC(167) User=4.25s Sys=0.14s Real=0.97s
..[506.083s][info][gc,start       ] GC(168) Pause Young (Allocation Failure)
[506.155s][info][gc,heap        ] GC(168) PSYoungGen: 2451968K(2624000K)->158032K(2622976K) Eden: 2451968K(2451968K)->0K(2450944K) From: 0K(172032K)->158032K(172032K)
[506.155s][info][gc,heap        ] GC(168) ParOldGen: 1426747K(1597440K)->1426747K(1597440K)
[506.155s][info][gc,metaspace   ] GC(168) Metaspace: 28953K(29312K)->28953K(29312K) NonClass: 24067K(24256K)->24067K(24256K) Class: 4886K(5056K)->4886K(5056K)
[506.155s][info][gc             ] GC(168) Pause Young (Allocation Failure) 3787M->1547M(4121M) 72.256ms
[506.155s][info][gc,cpu         ] GC(168) User=0.43s Sys=0.00s Real=0.07s
.[507.908s][info][gc,start       ] GC(169) Pause Young (Allocation Failure)
[508.008s][info][gc,heap        ] GC(169) PSYoungGen: 2608976K(2622976K)->141136K(2623488K) Eden: 2450944K(2450944K)->0K(2450944K) From: 158032K(172032K)->141136K(172544K)
[508.008s][info][gc,heap        ] GC(169) ParOldGen: 1426747K(1597440K)->1531523K(1597440K)
[508.008s][info][gc,metaspace   ] GC(169) Metaspace: 28964K(29312K)->28964K(29312K) NonClass: 24078K(24256K)->24078K(24256K) Class: 4886K(5056K)->4886K(5056K)
[508.008s][info][gc             ] GC(169) Pause Young (Allocation Failure) 3941M->1633M(4122M) 100.017ms
[508.008s][info][gc,cpu         ] GC(169) User=0.60s Sys=0.00s Real=0.10s
.[509.461s][info][gc,start       ] GC(170) Pause Young (Allocation Failure)
[509.570s][info][gc,heap        ] GC(170) PSYoungGen: 2592080K(2623488K)->172537K(2549760K) Eden: 2450944K(2450944K)->0K(2377216K) From: 141136K(172544K)->172537K(172544K)
[509.570s][info][gc,heap        ] GC(170) ParOldGen: 1531523K(1597440K)->1616363K(1616384K)
[509.570s][info][gc,metaspace   ] GC(170) Metaspace: 28964K(29312K)->28964K(29312K) NonClass: 24078K(24256K)->24078K(24256K) Class: 4886K(5056K)->4886K(5056K)
[509.570s][info][gc             ] GC(170) Pause Young (Allocation Failure) 4026M->1746M(4068M) 109.088ms
[509.570s][info][gc,cpu         ] GC(170) User=0.63s Sys=0.02s Real=0.11s
..[511.121s][info][gc,start       ] GC(171) Pause Young (Allocation Failure)
[511.227s][info][gc,heap        ] GC(171) PSYoungGen: 2549753K(2549760K)->147936K(2586624K) Eden: 2377216K(2377216K)->0K(2377216K) From: 172537K(172544K)->147936K(209408K)
[511.227s][info][gc,heap        ] GC(171) ParOldGen: 1616363K(1616384K)->1719491K(1719808K)
[511.227s][info][gc,metaspace   ] GC(171) Metaspace: 28964K(29312K)->28964K(29312K) NonClass: 24078K(24256K)->24078K(24256K) Class: 4886K(5056K)->4886K(5056K)
[511.227s][info][gc             ] GC(171) Pause Young (Allocation Failure) 4068M->1823M(4205M) 105.755ms
[511.227s][info][gc,cpu         ] GC(171) User=0.60s Sys=0.03s Real=0.10s
.[512.730s][info][gc,start       ] GC(172) Pause Young (Allocation Failure)
[512.833s][info][gc,heap        ] GC(172) PSYoungGen: 2525152K(2586624K)->153113K(2577408K) Eden: 2377216K(2377216K)->0K(2379264K) From: 147936K(209408K)->153113K(198144K)
[512.833s][info][gc,heap        ] GC(172) ParOldGen: 1719491K(1719808K)->1806883K(1807360K)
[512.833s][info][gc,metaspace   ] GC(172) Metaspace: 28964K(29312K)->28964K(29312K) NonClass: 24078K(24256K)->24078K(24256K) Class: 4886K(5056K)->4886K(5056K)
[512.833s][info][gc             ] GC(172) Pause Young (Allocation Failure) 4145M->1914M(4282M) 102.611ms
[512.833s][info][gc,cpu         ] GC(172) User=0.60s Sys=0.02s Real=0.10s
.[514.265s][info][gc,start       ] GC(173) Pause Young (Allocation Failure)
[514.372s][info][gc,heap        ] GC(173) PSYoungGen: 2532377K(2577408K)->161915K(2583040K) Eden: 2379264K(2379264K)->0K(2379264K) From: 153113K(198144K)->161915K(203776K)
[514.372s][info][gc,heap        ] GC(173) ParOldGen: 1806883K(1807360K)->1896459K(1896960K)
[514.372s][info][gc,metaspace   ] GC(173) Metaspace: 28964K(29312K)->28964K(29312K) NonClass: 24078K(24256K)->24078K(24256K) Class: 4886K(5056K)->4886K(5056K)
[514.372s][info][gc             ] GC(173) Pause Young (Allocation Failure) 4237M->2010M(4375M) 107.293ms
[514.373s][info][gc,cpu         ] GC(173) User=0.62s Sys=0.02s Real=0.11s
.[515.883s][info][gc,start       ] GC(174) Pause Young (Allocation Failure)
[515.988s][info][gc,heap        ] GC(174) PSYoungGen: 2541179K(2583040K)->153268K(2584064K) Eden: 2379264K(2379264K)->0K(2392064K) From: 161915K(203776K)->153268K(192000K)
[515.988s][info][gc,heap        ] GC(174) ParOldGen: 1896459K(1896960K)->1991075K(1991168K)
[515.988s][info][gc,metaspace   ] GC(174) Metaspace: 28964K(29312K)->28964K(29312K) NonClass: 24078K(24256K)->24078K(24256K) Class: 4886K(5056K)->4886K(5056K)
[515.988s][info][gc             ] GC(174) Pause Young (Allocation Failure) 4333M->2094M(4468M) 105.712ms
[515.988s][info][gc,cpu         ] GC(174) User=0.60s Sys=0.02s Real=0.11s
..[517.518s][info][gc,start       ] GC(175) Pause Young (Allocation Failure)
[517.629s][info][gc,heap        ] GC(175) PSYoungGen: 2545332K(2584064K)->157633K(2589184K) Eden: 2392064K(2392064K)->0K(2392064K) From: 153268K(192000K)->157633K(197120K)
[517.629s][info][gc,heap        ] GC(175) ParOldGen: 1991075K(1991168K)->2083867K(2084352K)
[517.629s][info][gc,metaspace   ] GC(175) Metaspace: 28964K(29312K)->28964K(29312K) NonClass: 24078K(24256K)->24078K(24256K) Class: 4886K(5056K)->4886K(5056K)
[517.629s][info][gc             ] GC(175) Pause Young (Allocation Failure) 4430M->2188M(4564M) 111.239ms
[517.629s][info][gc,cpu         ] GC(175) User=0.64s Sys=0.03s Real=0.12s
.[519.144s][info][gc,start       ] GC(176) Pause Young (Allocation Failure)
[519.244s][info][gc,heap        ] GC(176) PSYoungGen: 2549697K(2589184K)->146032K(2595328K) Eden: 2392064K(2392064K)->0K(2405376K) From: 157633K(197120K)->146032K(189952K)
[519.244s][info][gc,heap        ] GC(176) ParOldGen: 2083867K(2084352K)->2170667K(2170880K)
[519.244s][info][gc,metaspace   ] GC(176) Metaspace: 28964K(29312K)->28964K(29312K) NonClass: 24078K(24256K)->24078K(24256K) Class: 4886K(5056K)->4886K(5056K)
[519.244s][info][gc             ] GC(176) Pause Young (Allocation Failure) 4524M->2262M(4654M) 100.080ms
[519.244s][info][gc,cpu         ] GC(176) User=0.56s Sys=0.03s Real=0.10s
.[520.814s][info][gc,start       ] GC(177) Pause Young (Allocation Failure)
[520.924s][info][gc,heap        ] GC(177) PSYoungGen: 2551408K(2595328K)->157584K(2597888K) Eden: 2405376K(2405376K)->0K(2405376K) From: 146032K(189952K)->157584K(192512K)
[520.924s][info][gc,heap        ] GC(177) ParOldGen: 2170667K(2170880K)->2266411K(2266624K)
[520.924s][info][gc,metaspace   ] GC(177) Metaspace: 28964K(29312K)->28964K(29312K) NonClass: 24078K(24256K)->24078K(24256K) Class: 4886K(5056K)->4886K(5056K)
[520.924s][info][gc             ] GC(177) Pause Young (Allocation Failure) 4611M->2367M(4750M) 110.340ms
[520.924s][info][gc,cpu         ] GC(177) User=0.62s Sys=0.04s Real=0.11s
..[522.366s][info][gc,start       ] GC(178) Pause Young (Allocation Failure)
[522.472s][info][gc,heap        ] GC(178) PSYoungGen: 2562960K(2597888K)->156448K(2599424K) Eden: 2405376K(2405376K)->0K(2414592K) From: 157584K(192512K)->156448K(184832K)
[522.472s][info][gc,heap        ] GC(178) ParOldGen: 2266411K(2266624K)->2358731K(2358784K)
[522.472s][info][gc,metaspace   ] GC(178) Metaspace: 28964K(29312K)->28964K(29312K) NonClass: 24078K(24256K)->24078K(24256K) Class: 4886K(5056K)->4886K(5056K)
[522.472s][info][gc             ] GC(178) Pause Young (Allocation Failure) 4716M->2456M(4842M) 105.928ms
[522.472s][info][gc,cpu         ] GC(178) User=0.61s Sys=0.02s Real=0.11s
. (rIR:aIR:PR = 12291:11972:11878) (tPR = 176329) [OK] 
   523s:       trying IR =  12440 [524.048s][info][gc,start       ] GC(179) Pause Young (Allocation Failure)
[524.158s][info][gc,heap        ] GC(179) PSYoungGen: 2571040K(2599424K)->157779K(2600960K) Eden: 2414592K(2414592K)->0K(2414592K) From: 156448K(184832K)->157779K(186368K)
[524.158s][info][gc,heap        ] GC(179) ParOldGen: 2358731K(2358784K)->2453051K(2453504K)
[524.158s][info][gc,metaspace   ] GC(179) Metaspace: 28964K(29312K)->28964K(29312K) NonClass: 24078K(24256K)->24078K(24256K) Class: 4886K(5056K)->4886K(5056K)
[524.158s][info][gc             ] GC(179) Pause Young (Allocation Failure) 4814M->2549M(4936M) 110.516ms
[524.158s][info][gc,cpu         ] GC(179) User=0.62s Sys=0.03s Real=0.11s
.[525.616s][info][gc,start       ] GC(180) Pause Young (Allocation Failure)
[525.771s][info][gc,heap        ] GC(180) PSYoungGen: 2572371K(2600960K)->160320K(2608128K) Eden: 2414592K(2414592K)->0K(2426368K) From: 157779K(186368K)->160320K(181760K)
[525.771s][info][gc,heap        ] GC(180) ParOldGen: 2453051K(2453504K)->2543571K(2543616K)
[525.771s][info][gc,metaspace   ] GC(180) Metaspace: 28964K(29312K)->28964K(29312K) NonClass: 24078K(24256K)->24078K(24256K) Class: 4886K(5056K)->4886K(5056K)
[525.771s][info][gc             ] GC(180) Pause Young (Allocation Failure) 4907M->2640M(5031M) 155.417ms
[525.771s][info][gc,cpu         ] GC(180) User=0.62s Sys=0.03s Real=0.16s
..[527.390s][info][gc,start       ] GC(181) Pause Young (Allocation Failure)
[527.497s][info][gc,heap        ] GC(181) PSYoungGen: 2586688K(2608128K)->148152K(2608128K) Eden: 2426368K(2426368K)->0K(2426368K) From: 160320K(181760K)->148152K(181760K)
[527.497s][info][gc,heap        ] GC(181) ParOldGen: 2543571K(2543616K)->2640267K(2640384K)
[527.497s][info][gc,metaspace   ] GC(181) Metaspace: 28966K(29312K)->28966K(29312K) NonClass: 24079K(24256K)->24079K(24256K) Class: 4886K(5056K)->4886K(5056K)
[527.498s][info][gc             ] GC(181) Pause Young (Allocation Failure) 5010M->2723M(5125M) 107.092ms
[527.498s][info][gc,cpu         ] GC(181) User=0.60s Sys=0.03s Real=0.10s
.[529.095s][info][gc,start       ] GC(182) Pause Young (Allocation Failure)
[529.206s][info][gc,heap        ] GC(182) PSYoungGen: 2574520K(2608128K)->157899K(2610688K) Eden: 2426368K(2426368K)->0K(2433024K) From: 148152K(181760K)->157899K(177664K)
[529.206s][info][gc,heap        ] GC(182) ParOldGen: 2640267K(2640384K)->2732219K(2732544K)
[529.206s][info][gc,metaspace   ] GC(182) Metaspace: 28966K(29312K)->28966K(29312K) NonClass: 24079K(24256K)->24079K(24256K) Class: 4886K(5056K)->4886K(5056K)
[529.206s][info][gc             ] GC(182) Pause Young (Allocation Failure) 5092M->2822M(5218M) 111.024ms
[529.207s][info][gc,cpu         ] GC(182) User=0.63s Sys=0.02s Real=0.11s
.[530.751s][info][gc,start       ] GC(183) Pause Young (Allocation Failure)
[530.864s][info][gc,heap        ] GC(183) PSYoungGen: 2590923K(2610688K)->166256K(2612224K) Eden: 2433024K(2433024K)->0K(2433024K) From: 157899K(177664K)->166256K(179200K)
[530.864s][info][gc,heap        ] GC(183) ParOldGen: 2732219K(2732544K)->2823251K(2823680K)
[530.864s][info][gc,metaspace   ] GC(183) Metaspace: 28966K(29312K)->28966K(29312K) NonClass: 24079K(24256K)->24079K(24256K) Class: 4886K(5056K)->4886K(5056K)
[530.864s][info][gc             ] GC(183) Pause Young (Allocation Failure) 5198M->2919M(5308M) 112.474ms
[530.864s][info][gc,cpu         ] GC(183) User=0.65s Sys=0.03s Real=0.11s
..[532.309s][info][gc,start       ] GC(184) Pause Young (Allocation Failure)
[532.416s][info][gc,heap        ] GC(184) PSYoungGen: 2599280K(2612224K)->158144K(2613760K) Eden: 2433024K(2433024K)->0K(2436608K) From: 166256K(179200K)->158144K(177152K)
[532.416s][info][gc,heap        ] GC(184) ParOldGen: 2823251K(2823680K)->2914227K(2914304K)
[532.417s][info][gc,metaspace   ] GC(184) Metaspace: 28966K(29312K)->28966K(29312K) NonClass: 24079K(24256K)->24079K(24256K) Class: 4886K(5056K)->4886K(5056K)
[532.417s][info][gc             ] GC(184) Pause Young (Allocation Failure) 5295M->3000M(5398M) 107.739ms
[532.417s][info][gc,cpu         ] GC(184) User=0.61s Sys=0.04s Real=0.10s
. (rIR:aIR:PR = 12440:12536:12168) (tPR = 182933) [OK] 
   533s:       trying IR =  12618 [534.007s][info][gc,start       ] GC(185) Pause Young (Allocation Failure)
[534.110s][info][gc,heap        ] GC(185) PSYoungGen: 2594752K(2613760K)->139013K(2614784K) Eden: 2436608K(2436608K)->0K(2436608K) From: 158144K(177152K)->139013K(178176K)
[534.110s][info][gc,heap        ] GC(185) ParOldGen: 2914227K(2914304K)->3011403K(3011584K)
[534.110s][info][gc,metaspace   ] GC(185) Metaspace: 28966K(29312K)->28966K(29312K) NonClass: 24079K(24256K)->24079K(24256K) Class: 4886K(5056K)->4886K(5056K)
[534.110s][info][gc             ] GC(185) Pause Young (Allocation Failure) 5379M->3076M(5494M) 102.687ms
[534.110s][info][gc,cpu         ] GC(185) User=0.58s Sys=0.02s Real=0.11s
..[535.765s][info][gc,start       ] GC(186) Pause Young (Allocation Failure)
[535.870s][info][gc,heap        ] GC(186) PSYoungGen: 2575621K(2614784K)->147782K(2617344K) Eden: 2436608K(2436608K)->0K(2438144K) From: 139013K(178176K)->147782K(179200K)
[535.870s][info][gc,heap        ] GC(186) ParOldGen: 3011403K(3011584K)->3101971K(3102208K)
[535.870s][info][gc,metaspace   ] GC(186) Metaspace: 28966K(29312K)->28966K(29312K) NonClass: 24079K(24256K)->24079K(24256K) Class: 4886K(5056K)->4886K(5056K)
[535.870s][info][gc             ] GC(186) Pause Young (Allocation Failure) 5456M->3173M(5585M) 104.399ms
[535.870s][info][gc,cpu         ] GC(186) User=0.61s Sys=0.02s Real=0.11s
.[537.426s][info][gc,start       ] GC(187) Pause Young (Allocation Failure)
[537.535s][info][gc,heap        ] GC(187) PSYoungGen: 2585926K(2617344K)->156480K(2594816K) Eden: 2438144K(2438144K)->0K(2438144K) From: 147782K(179200K)->156480K(156672K)
[537.535s][info][gc,heap        ] GC(187) ParOldGen: 3101971K(3102208K)->3192803K(3192832K)
[537.535s][info][gc,metaspace   ] GC(187) Metaspace: 28966K(29312K)->28966K(29312K) NonClass: 24079K(24256K)->24079K(24256K) Class: 4886K(5056K)->4886K(5056K)
[537.535s][info][gc             ] GC(187) Pause Young (Allocation Failure) 5554M->3270M(5652M) 108.629ms
[537.535s][info][gc,cpu         ] GC(187) User=0.62s Sys=0.03s Real=0.11s
. (rIR:aIR:PR = 12618:12222:12104) (tPR = 172138) [OK] 
   537s:       trying IR =  12832 .[539.145s][info][gc,start       ] GC(188) Pause Young (Allocation Failure)
[539.250s][info][gc,heap        ] GC(188) PSYoungGen: 2594624K(2594816K)->145216K(2615296K) Eden: 2438144K(2438144K)->0K(2438656K) From: 156480K(156672K)->145216K(176640K)
[539.250s][info][gc,heap        ] GC(188) ParOldGen: 3192803K(3192832K)->3285227K(3285504K)
[539.250s][info][gc,metaspace   ] GC(188) Metaspace: 28966K(29312K)->28966K(29312K) NonClass: 24079K(24256K)->24079K(24256K) Class: 4886K(5056K)->4886K(5056K)
[539.250s][info][gc             ] GC(188) Pause Young (Allocation Failure) 5651M->3350M(5762M) 104.186ms
[539.250s][info][gc,cpu         ] GC(188) User=0.60s Sys=0.02s Real=0.11s
.[540.865s][info][gc,start       ] GC(189) Pause Young (Allocation Failure)
[540.969s][info][gc,heap        ] GC(189) PSYoungGen: 2583872K(2615296K)->150144K(2614784K) Eden: 2438656K(2438656K)->0K(2438656K) From: 145216K(176640K)->150144K(176128K)
[540.969s][info][gc,heap        ] GC(189) ParOldGen: 3285227K(3285504K)->3380331K(3380736K)
[540.969s][info][gc,metaspace   ] GC(189) Metaspace: 28966K(29312K)->28966K(29312K) NonClass: 24079K(24256K)->24079K(24256K) Class: 4886K(5056K)->4886K(5056K)
[540.969s][info][gc             ] GC(189) Pause Young (Allocation Failure) 5731M->3447M(5855M) 104.458ms
[540.969s][info][gc,cpu         ] GC(189) User=0.60s Sys=0.02s Real=0.11s
..[542.532s][info][gc,start       ] GC(190) Pause Young (Allocation Failure)
[542.639s][info][gc,heap        ] GC(190) PSYoungGen: 2588800K(2614784K)->153728K(2618368K) Eden: 2438656K(2438656K)->0K(2444800K) From: 150144K(176128K)->153728K(173568K)
[542.639s][info][gc,heap        ] GC(190) ParOldGen: 3380331K(3380736K)->3472947K(3473408K)
[542.639s][info][gc,metaspace   ] GC(190) Metaspace: 28966K(29312K)->28966K(29312K) NonClass: 24080K(24256K)->24080K(24256K) Class: 4886K(5056K)->4886K(5056K)
[542.639s][info][gc             ] GC(190) Pause Young (Allocation Failure) 5829M->3541M(5949M) 107.197ms
[542.639s][info][gc,cpu         ] GC(190) User=0.62s Sys=0.02s Real=0.11s
.[544.249s][info][gc,start       ] GC(191) Pause Young (Allocation Failure)
[544.357s][info][gc,heap        ] GC(191) PSYoungGen: 2598528K(2618368K)->155786K(2617856K) Eden: 2444800K(2444800K)->0K(2444800K) From: 153728K(173568K)->155786K(173056K)
[544.357s][info][gc,heap        ] GC(191) ParOldGen: 3472947K(3473408K)->3563987K(3564032K)
[544.357s][info][gc,metaspace   ] GC(191) Metaspace: 28966K(29312K)->28966K(29312K) NonClass: 24080K(24256K)->24080K(24256K) Class: 4886K(5056K)->4886K(5056K)
[544.357s][info][gc             ] GC(191) Pause Young (Allocation Failure) 5929M->3632M(6037M) 107.727ms
[544.357s][info][gc,cpu         ] GC(191) User=0.61s Sys=0.03s Real=0.10s
..[545.899s][info][gc,start       ] GC(192) Pause Young (Allocation Failure)
[546.008s][info][gc,heap        ] GC(192) PSYoungGen: 2600586K(2617856K)->159503K(2620416K) Eden: 2444800K(2444800K)->0K(2448896K) From: 155786K(173056K)->159503K(171520K)
[546.008s][info][gc,heap        ] GC(192) ParOldGen: 3563987K(3564032K)->3656451K(3656704K)
[546.008s][info][gc,metaspace   ] GC(192) Metaspace: 28966K(29312K)->28966K(29312K) NonClass: 24080K(24256K)->24080K(24256K) Class: 4886K(5056K)->4886K(5056K)
[546.008s][info][gc             ] GC(192) Pause Young (Allocation Failure) 6020M->3726M(6130M) 108.970ms
[546.008s][info][gc,cpu         ] GC(192) User=0.61s Sys=0.04s Real=0.10s
.[547.616s][info][gc,start       ] GC(193) Pause Young (Allocation Failure)
[547.767s][info][gc,heap        ] GC(193) PSYoungGen: 2608399K(2620416K)->143424K(2620928K) Eden: 2448896K(2448896K)->0K(2448896K) From: 159503K(171520K)->143424K(172032K)
[547.767s][info][gc,heap        ] GC(193) ParOldGen: 3656451K(3656704K)->3755619K(3756032K)
[547.767s][info][gc,metaspace   ] GC(193) Metaspace: 28966K(29312K)->28966K(29312K) NonClass: 24080K(24256K)->24080K(24256K) Class: 4886K(5056K)->4886K(5056K)
[547.767s][info][gc             ] GC(193) Pause Young (Allocation Failure) 6118M->3807M(6227M) 150.773ms
[547.767s][info][gc,cpu         ] GC(193) User=0.58s Sys=0.03s Real=0.15s
..[549.254s][info][gc,start       ] GC(194) Pause Young (Allocation Failure)
[549.367s][info][gc,heap        ] GC(194) PSYoungGen: 2592320K(2620928K)->164261K(2619904K) Eden: 2448896K(2448896K)->0K(2447872K) From: 143424K(172032K)->164261K(172032K)
[549.367s][info][gc,heap        ] GC(194) ParOldGen: 3755619K(3756032K)->3844075K(3844096K)
[549.367s][info][gc,metaspace   ] GC(194) Metaspace: 28966K(29312K)->28966K(29312K) NonClass: 24080K(24256K)->24080K(24256K) Class: 4886K(5056K)->4886K(5056K)
[549.367s][info][gc             ] GC(194) Pause Young (Allocation Failure) 6199M->3914M(6312M) 112.189ms
[549.367s][info][gc,cpu         ] GC(194) User=0.63s Sys=0.03s Real=0.11s
.[550.900s][info][gc,start       ] GC(195) Pause Young (Allocation Failure)
[551.008s][info][gc,heap        ] GC(195) PSYoungGen: 2612133K(2619904K)->155072K(2621952K) Eden: 2447872K(2447872K)->0K(2447872K) From: 164261K(172032K)->155072K(174080K)
[551.008s][info][gc,heap        ] GC(195) ParOldGen: 3844075K(3844096K)->3937603K(3937792K)
[551.008s][info][gc,metaspace   ] GC(195) Metaspace: 28966K(29312K)->28966K(29312K) NonClass: 24080K(24256K)->24080K(24256K) Class: 4886K(5056K)->4886K(5056K)
[551.008s][info][gc             ] GC(195) Pause Young (Allocation Failure) 6304M->3996M(6406M) 108.321ms
[551.008s][info][gc,cpu         ] GC(195) User=0.60s Sys=0.04s Real=0.10s
.. (rIR:aIR:PR = 12832:12459:12287) (tPR = 184087) [OK] 
   552s:       trying IR =  13089 [552.599s][info][gc,start       ] GC(196) Pause Young (Allocation Failure)
[552.754s][info][gc,heap        ] GC(196) PSYoungGen: 2602944K(2621952K)->149200K(2619392K) Eden: 2447872K(2447872K)->0K(2449408K) From: 155072K(174080K)->149200K(169984K)
[552.754s][info][gc,heap        ] GC(196) ParOldGen: 3937603K(3937792K)->4036347K(4036608K)
[552.754s][info][gc,metaspace   ] GC(196) Metaspace: 28966K(29312K)->28966K(29312K) NonClass: 24080K(24256K)->24080K(24256K) Class: 4886K(5056K)->4886K(5056K)
[552.754s][info][gc             ] GC(196) Pause Young (Allocation Failure) 6387M->4087M(6500M) 155.080ms
[552.754s][info][gc,cpu         ] GC(196) User=0.62s Sys=0.03s Real=0.15s
.[554.338s][info][gc,start       ] GC(197) Pause Young (Allocation Failure)
[554.446s][info][gc,heap        ] GC(197) PSYoungGen: 2598608K(2619392K)->155352K(2620928K) Eden: 2449408K(2449408K)->0K(2449408K) From: 149200K(169984K)->155352K(171520K)
[554.446s][info][gc,heap        ] GC(197) ParOldGen: 4036347K(4036608K)->4126659K(4126720K)
[554.446s][info][gc,metaspace   ] GC(197) Metaspace: 28967K(29312K)->28967K(29312K) NonClass: 24080K(24256K)->24080K(24256K) Class: 4886K(5056K)->4886K(5056K)
[554.446s][info][gc             ] GC(197) Pause Young (Allocation Failure) 6479M->4181M(6589M) 107.838ms
[554.446s][info][gc,cpu         ] GC(197) User=0.62s Sys=0.02s Real=0.11s
.[556.094s][info][gc,start       ] GC(198) Pause Young (Allocation Failure)
[556.201s][info][gc,heap        ] GC(198) PSYoungGen: 2604760K(2620928K)->153760K(2620928K) Eden: 2449408K(2449408K)->0K(2454016K) From: 155352K(171520K)->153760K(166912K)
[556.201s][info][gc,heap        ] GC(198) ParOldGen: 4126659K(4126720K)->4219051K(4219392K)
[556.201s][info][gc,metaspace   ] GC(198) Metaspace: 28967K(29312K)->28967K(29312K) NonClass: 24080K(24256K)->24080K(24256K) Class: 4886K(5056K)->4886K(5056K)
[556.201s][info][gc             ] GC(198) Pause Young (Allocation Failure) 6573M->4270M(6680M) 107.021ms
[556.201s][info][gc,cpu         ] GC(198) User=0.61s Sys=0.02s Real=0.11s
..[557.784s][info][gc,start       ] GC(199) Pause Young (Allocation Failure)
[557.894s][info][gc,heap        ] GC(199) PSYoungGen: 2607776K(2620928K)->159972K(2622976K) Eden: 2454016K(2454016K)->0K(2454016K) From: 153760K(166912K)->159972K(168960K)
[557.894s][info][gc,heap        ] GC(199) ParOldGen: 4219051K(4219392K)->4311099K(4311552K)
[557.894s][info][gc,metaspace   ] GC(199) Metaspace: 28967K(29312K)->28967K(29312K) NonClass: 24080K(24256K)->24080K(24256K) Class: 4886K(5056K)->4886K(5056K)
[557.894s][info][gc             ] GC(199) Pause Young (Allocation Failure) 6666M->4366M(6772M) 109.416ms
[557.894s][info][gc,cpu         ] GC(199) User=0.62s Sys=0.03s Real=0.11s
.[559.502s][info][gc,start       ] GC(200) Pause Young (Allocation Failure)
[559.613s][info][gc,heap        ] GC(200) PSYoungGen: 2613988K(2622976K)->152484K(2625536K) Eden: 2454016K(2454016K)->0K(2457600K) From: 159972K(168960K)->152484K(167936K)
[559.613s][info][gc,heap        ] GC(200) ParOldGen: 4311099K(4311552K)->4410827K(4410880K)
[559.613s][info][gc,metaspace   ] GC(200) Metaspace: 28967K(29312K)->28967K(29312K) NonClass: 24080K(24256K)->24080K(24256K) Class: 4886K(5056K)->4886K(5056K)
[559.613s][info][gc             ] GC(200) Pause Young (Allocation Failure) 6762M->4456M(6871M) 111.111ms
[559.613s][info][gc,cpu         ] GC(200) User=0.62s Sys=0.03s Real=0.11s
.[561.152s][info][gc,start       ] GC(201) Pause Young (Allocation Failure)
[561.268s][info][gc,heap        ] GC(201) PSYoungGen: 2610084K(2625536K)->168436K(2626048K) Eden: 2457600K(2457600K)->0K(2457600K) From: 152484K(167936K)->168436K(168448K)
[561.268s][info][gc,heap        ] GC(201) ParOldGen: 4410827K(4410880K)->4502419K(4502528K)
[561.268s][info][gc,metaspace   ] GC(201) Metaspace: 28967K(29312K)->28967K(29312K) NonClass: 24080K(24256K)->24080K(24256K) Class: 4886K(5056K)->4886K(5056K)
[561.268s][info][gc             ] GC(201) Pause Young (Allocation Failure) 6856M->4561M(6961M) 115.564ms
[561.268s][info][gc,cpu         ] GC(201) User=0.65s Sys=0.04s Real=0.11s
.[562.732s][info][gc,start       ] GC(202) Pause Young (Allocation Failure)
[562.849s][info][gc,heap        ] GC(202) PSYoungGen: 2626036K(2626048K)->169968K(2486784K) Eden: 2457600K(2457600K)->0K(2316800K) From: 168436K(168448K)->169968K(169984K)
[562.849s][info][gc,heap        ] GC(202) ParOldGen: 4502419K(4502528K)->4598435K(4598784K)
[562.849s][info][gc,metaspace   ] GC(202) Metaspace: 28967K(29312K)->28967K(29312K) NonClass: 24080K(24256K)->24080K(24256K) Class: 4886K(5056K)->4886K(5056K)
[562.849s][info][gc             ] GC(202) Pause Young (Allocation Failure) 6961M->4656M(6919M) 116.661ms
[562.849s][info][gc,cpu         ] GC(202) User=0.66s Sys=0.04s Real=0.12s
..[564.332s][info][gc,start       ] GC(203) Pause Young (Allocation Failure)
[564.450s][info][gc,heap        ] GC(203) PSYoungGen: 2486768K(2486784K)->160864K(2556416K) Eden: 2316800K(2316800K)->0K(2316800K) From: 169968K(169984K)->160864K(239616K)
[564.450s][info][gc,heap        ] GC(203) ParOldGen: 4598435K(4598784K)->4702115K(4702208K)
[564.450s][info][gc,metaspace   ] GC(203) Metaspace: 28967K(29312K)->28967K(29312K) NonClass: 24080K(24256K)->24080K(24256K) Class: 4886K(5056K)->4886K(5056K)
[564.451s][info][gc             ] GC(203) Pause Young (Allocation Failure) 6919M->4749M(7088M) 118.090ms
[564.451s][info][gc,cpu         ] GC(203) User=0.67s Sys=0.03s Real=0.12s
.[565.984s][info][gc,start       ] GC(204) Pause Young (Allocation Failure)
[566.087s][info][gc,heap        ] GC(204) PSYoungGen: 2477664K(2556416K)->146304K(2549248K) Eden: 2316800K(2316800K)->0K(2320896K) From: 160864K(239616K)->146304K(228352K)
[566.087s][info][gc,heap        ] GC(204) ParOldGen: 4702115K(4702208K)->4793715K(4793856K)
[566.087s][info][gc,metaspace   ] GC(204) Metaspace: 28967K(29312K)->28967K(29312K) NonClass: 24080K(24256K)->24080K(24256K) Class: 4886K(5056K)->4886K(5056K)
[566.087s][info][gc             ] GC(204) Pause Young (Allocation Failure) 7011M->4824M(7171M) 103.443ms
[566.087s][info][gc,cpu         ] GC(204) User=0.58s Sys=0.03s Real=0.10s
.[567.587s][info][gc,start       ] GC(205) Pause Young (Allocation Failure)
[567.736s][info][gc,heap        ] GC(205) PSYoungGen: 2467200K(2549248K)->140261K(2554880K) Eden: 2320896K(2320896K)->0K(2320896K) From: 146304K(228352K)->140261K(233984K)
[567.736s][info][gc,heap        ] GC(205) ParOldGen: 4793715K(4793856K)->4883003K(4883456K)
[567.736s][info][gc,metaspace   ] GC(205) Metaspace: 28967K(29312K)->28967K(29312K) NonClass: 24080K(24256K)->24080K(24256K) Class: 4886K(5056K)->4886K(5056K)
[567.736s][info][gc             ] GC(205) Pause Young (Allocation Failure) 7090M->4905M(7264M) 148.639ms
[567.736s][info][gc,cpu         ] GC(205) User=0.57s Sys=0.03s Real=0.15s
..[569.235s][info][gc,start       ] GC(206) Pause Young (Allocation Failure)
[569.344s][info][gc,heap        ] GC(206) PSYoungGen: 2461157K(2554880K)->150276K(2553856K) Eden: 2320896K(2320896K)->0K(2329088K) From: 140261K(233984K)->150276K(224768K)
[569.344s][info][gc,heap        ] GC(206) ParOldGen: 4883003K(4883456K)->4973723K(4974080K)
[569.344s][info][gc,metaspace   ] GC(206) Metaspace: 28967K(29312K)->28967K(29312K) NonClass: 24081K(24256K)->24081K(24256K) Class: 4886K(5056K)->4886K(5056K)
[569.344s][info][gc             ] GC(206) Pause Young (Allocation Failure) 7172M->5003M(7351M) 108.237ms
[569.344s][info][gc,cpu         ] GC(206) User=0.61s Sys=0.02s Real=0.11s
.[570.803s][info][gc,start       ] GC(207) Pause Young (Allocation Failure)
[570.906s][info][gc,heap        ] GC(207) PSYoungGen: 2479364K(2553856K)->147552K(2558464K) Eden: 2329088K(2329088K)->0K(2329088K) From: 150276K(224768K)->147552K(229376K)
[570.906s][info][gc,heap        ] GC(207) ParOldGen: 4973723K(4974080K)->5062107K(5062144K)
[570.906s][info][gc,metaspace   ] GC(207) Metaspace: 28967K(29312K)->28967K(29312K) NonClass: 24081K(24256K)->24081K(24256K) Class: 4886K(5056K)->4886K(5056K)
[570.906s][info][gc             ] GC(207) Pause Young (Allocation Failure) 7278M->5087M(7442M) 103.420ms
[570.906s][info][gc,cpu         ] GC(207) User=0.59s Sys=0.03s Real=0.10s
.[572.228s][info][gc,start       ] GC(208) Pause Young (Allocation Failure)
[572.341s][info][gc,heap        ] GC(208) PSYoungGen: 2476640K(2558464K)->166112K(2553856K) Eden: 2329088K(2329088K)->0K(2340352K) From: 147552K(229376K)->166112K(213504K)
[572.341s][info][gc,heap        ] GC(208) ParOldGen: 5062107K(5062144K)->5152859K(5153280K)
[572.341s][info][gc,metaspace   ] GC(208) Metaspace: 28967K(29312K)->28967K(29312K) NonClass: 24081K(24256K)->24081K(24256K) Class: 4886K(5056K)->4886K(5056K)
[572.341s][info][gc             ] GC(208) Pause Young (Allocation Failure) 7362M->5194M(7526M) 112.925ms
[572.341s][info][gc,cpu         ] GC(208) User=0.64s Sys=0.03s Real=0.12s
.[573.945s][info][gc,start       ] GC(209) Pause Young (Allocation Failure)
[574.054s][info][gc,heap        ] GC(209) PSYoungGen: 2506464K(2553856K)->143936K(2561024K) Eden: 2340352K(2340352K)->0K(2340352K) From: 166112K(213504K)->143936K(220672K)
[574.054s][info][gc,heap        ] GC(209) ParOldGen: 5152859K(5153280K)->5254115K(5254144K)
[574.054s][info][gc,metaspace   ] GC(209) Metaspace: 28967K(29312K)->28967K(29312K) NonClass: 24081K(24256K)->24081K(24256K) Class: 4886K(5056K)->4886K(5056K)
[574.054s][info][gc             ] GC(209) Pause Young (Allocation Failure) 7479M->5271M(7632M) 108.480ms
[574.054s][info][gc,cpu         ] GC(209) User=0.61s Sys=0.03s Real=0.11s
..[575.605s][info][gc,start       ] GC(210) Pause Young (Allocation Failure)
[575.761s][info][gc,heap        ] GC(210) PSYoungGen: 2484288K(2561024K)->150862K(2566144K) Eden: 2340352K(2340352K)->0K(2356736K) From: 143936K(220672K)->150862K(209408K)
[575.761s][info][gc,heap        ] GC(210) ParOldGen: 5254115K(5254144K)->5339939K(5340160K)
[575.761s][info][gc,metaspace   ] GC(210) Metaspace: 28967K(29312K)->28967K(29312K) NonClass: 24081K(24256K)->24081K(24256K) Class: 4886K(5056K)->4886K(5056K)
[575.761s][info][gc             ] GC(210) Pause Young (Allocation Failure) 7557M->5362M(7721M) 155.854ms
[575.761s][info][gc,cpu         ] GC(210) User=0.63s Sys=0.02s Real=0.16s
.[577.239s][info][gc,start       ] GC(211) Pause Young (Allocation Failure)
[577.354s][info][gc,heap        ] GC(211) PSYoungGen: 2507598K(2566144K)->165807K(2571776K) Eden: 2356736K(2356736K)->0K(2356736K) From: 150862K(209408K)->165807K(215040K)
[577.354s][info][gc,heap        ] GC(211) ParOldGen: 5339939K(5340160K)->5430403K(5430784K)
[577.354s][info][gc,metaspace   ] GC(211) Metaspace: 28967K(29312K)->28967K(29312K) NonClass: 24081K(24256K)->24081K(24256K) Class: 4886K(5056K)->4886K(5056K)
[577.354s][info][gc             ] GC(211) Pause Young (Allocation Failure) 7663M->5465M(7815M) 115.034ms
[577.355s][info][gc,cpu         ] GC(211) User=0.65s Sys=0.03s Real=0.11s
.[578.766s][info][gc,start       ] GC(212) Pause Young (Allocation Failure)
[578.874s][info][gc,heap        ] GC(212) PSYoungGen: 2522543K(2571776K)->156852K(2570752K) Eden: 2356736K(2356736K)->0K(2369536K) From: 165807K(215040K)->156852K(201216K)
[578.874s][info][gc,heap        ] GC(212) ParOldGen: 5430403K(5430784K)->5521235K(5521408K)
[578.874s][info][gc,metaspace   ] GC(212) Metaspace: 28967K(29312K)->28967K(29312K) NonClass: 24081K(24256K)->24081K(24256K) Class: 4886K(5056K)->4886K(5056K)
[578.874s][info][gc             ] GC(212) Pause Young (Allocation Failure) 7766M->5545M(7902M) 108.153ms
[578.874s][info][gc,cpu         ] GC(212) User=0.62s Sys=0.03s Real=0.11s
..[580.347s][info][gc,start       ] GC(213) Pause Full (Allocation Failure)
[580.347s][info][gc,phases,start] GC(213) Marking Phase
[580.652s][info][gc,phases      ] GC(213) Marking Phase 305.106ms
[580.652s][info][gc,phases,start] GC(213) Summary Phase
[580.652s][info][gc,phases      ] GC(213) Summary Phase 0.099ms
[580.652s][info][gc,phases,start] GC(213) Forward
[580.828s][info][gc,phases      ] GC(213) Forward 175.678ms
[580.828s][info][gc,phases,start] GC(213) Adjust Pointers
[581.041s][info][gc,phases      ] GC(213) Adjust Pointers 212.324ms
[581.041s][info][gc,phases,start] GC(213) Compaction Phase
[581.175s][info][gc,phases      ] GC(213) Compaction Phase 134.440ms
[581.176s][info][gc,phases,start] GC(213) Post Compact
[581.183s][info][gc,phases      ] GC(213) Post Compact 6.959ms
[581.306s][info][gc,heap        ] GC(213) PSYoungGen: 2526388K(2570752K)->0K(2576896K) Eden: 2369536K(2369536K)->0K(2369536K) From: 156852K(201216K)->0K(207360K)
[581.306s][info][gc,heap        ] GC(213) ParOldGen: 5521235K(5521408K)->1433107K(1617408K)
[581.306s][info][gc,metaspace   ] GC(213) Metaspace: 28967K(29312K)->28967K(29312K) NonClass: 24081K(24256K)->24081K(24256K) Class: 4886K(5056K)->4886K(5056K)
[581.306s][info][gc             ] GC(213) Pause Full (Allocation Failure) 7859M->1399M(4096M) 958.951ms
[581.306s][info][gc,cpu         ] GC(213) User=4.23s Sys=0.13s Real=0.96s
..[582.921s][info][gc,start       ] GC(214) Pause Young (Allocation Failure)
[582.985s][info][gc,heap        ] GC(214) PSYoungGen: 2369536K(2576896K)->140112K(2586624K) Eden: 2369536K(2369536K)->0K(2381312K) From: 0K(207360K)->140112K(205312K)
[582.986s][info][gc,heap        ] GC(214) ParOldGen: 1433107K(1617408K)->1433107K(1617408K)
[582.986s][info][gc,metaspace   ] GC(214) Metaspace: 28967K(29312K)->28967K(29312K) NonClass: 24081K(24256K)->24081K(24256K) Class: 4886K(5056K)->4886K(5056K)
[582.986s][info][gc             ] GC(214) Pause Young (Allocation Failure) 3713M->1536M(4105M) 64.855ms
[582.986s][info][gc,cpu         ] GC(214) User=0.39s Sys=0.00s Real=0.06s
. (rIR:aIR:PR = 13089:12622:11813) (tPR = 171897) [PR is under limit] 
   584s: Re-initializing (term[584.356s][info][gc,start       ] GC(215) Pause Young (Allocation Failure)
[584.460s][info][gc,heap        ] GC(215) PSYoungGen: 2521424K(2586624K)->165632K(2587648K) Eden: 2381312K(2381312K)->0K(2381312K) From: 140112K(205312K)->165632K(206336K)
[584.460s][info][gc,heap        ] GC(215) ParOldGen: 1433107K(1617408K)->1520879K(1617408K)
[584.460s][info][gc,metaspace   ] GC(215) Metaspace: 28967K(29312K)->28967K(29312K) NonClass: 24081K(24256K)->24081K(24256K) Class: 4886K(5056K)->4886K(5056K)
[584.460s][info][gc             ] GC(215) Pause Young (Allocation Failure) 3861M->1646M(4106M) 103.918ms
[584.460s][info][gc,cpu         ] GC(215) User=0.62s Sys=0.00s Real=0.11s
[585.818s][info][gc,start       ] GC(216) Pause Young (Allocation Failure)
[585.927s][info][gc,heap        ] GC(216) PSYoungGen: 2546944K(2587648K)->176736K(2586112K) Eden: 2381312K(2381312K)->0K(2382336K) From: 165632K(206336K)->176736K(203776K)
[585.927s][info][gc,heap        ] GC(216) ParOldGen: 1520879K(1617408K)->1612055K(1617408K)
[585.927s][info][gc,metaspace   ] GC(216) Metaspace: 28967K(29312K)->28967K(29312K) NonClass: 24081K(24256K)->24081K(24256K) Class: 4886K(5056K)->4886K(5056K)
[585.927s][info][gc             ] GC(216) Pause Young (Allocation Failure) 3972M->1746M(4105M) 109.042ms
[585.927s][info][gc,cpu         ] GC(216) User=0.65s Sys=0.00s Real=0.11s
) [586.081s][info][gc,start       ] GC(217) Pause Full (System.gc())
[586.081s][info][gc,phases,start] GC(217) Marking Phase
[586.100s][info][gc,phases      ] GC(217) Marking Phase 19.477ms
[586.100s][info][gc,phases,start] GC(217) Summary Phase
[586.100s][info][gc,phases      ] GC(217) Summary Phase 0.026ms
[586.100s][info][gc,phases,start] GC(217) Forward
[586.102s][info][gc,phases      ] GC(217) Forward 1.753ms
[586.102s][info][gc,phases,start] GC(217) Adjust Pointers
[586.115s][info][gc,phases      ] GC(217) Adjust Pointers 12.531ms
[586.115s][info][gc,phases,start] GC(217) Compaction Phase
[586.159s][info][gc,phases      ] GC(217) Compaction Phase 44.148ms
[586.159s][info][gc,phases,start] GC(217) Post Compact
[586.161s][info][gc,phases      ] GC(217) Post Compact 1.792ms
[586.161s][info][gc,heap        ] GC(217) PSYoungGen: 492029K(2586112K)->0K(2586112K) Eden: 315293K(2382336K)->0K(2382336K) From: 176736K(203776K)->0K(203776K)
[586.161s][info][gc,heap        ] GC(217) ParOldGen: 1612055K(1617408K)->312657K(1617408K)
[586.161s][info][gc,metaspace   ] GC(217) Metaspace: 28967K(29312K)->28967K(29312K) NonClass: 24081K(24256K)->24081K(24256K) Class: 4886K(5056K)->4886K(5056K)
[586.161s][info][gc             ] GC(217) Pause Full (System.gc()) 2054M->305M(4105M) 79.984ms
[586.161s][info][gc,cpu         ] GC(217) User=0.41s Sys=0.00s Real=0.08s
(init[587.300s][info][gc,start       ] GC(218) Pause Young (Allocation Failure)
[587.570s][info][gc,heap        ] GC(218) PSYoungGen: 2382336K(2586112K)->205817K(2588160K) Eden: 2382336K(2382336K)->0K(2382336K) From: 0K(203776K)->205817K(205824K)
[587.570s][info][gc,heap        ] GC(218) ParOldGen: 312657K(1617408K)->688581K(1617408K)
[587.570s][info][gc,metaspace   ] GC(218) Metaspace: 28971K(29312K)->28971K(29312K) NonClass: 24085K(24256K)->24085K(24256K) Class: 4886K(5056K)->4886K(5056K)
[587.570s][info][gc             ] GC(218) Pause Young (Allocation Failure) 2631M->873M(4107M) 270.406ms
[587.570s][info][gc,cpu         ] GC(218) User=1.62s Sys=0.00s Real=0.27s
) ... OK
   591s: Searching from base IR = 12832
   591s:       rampup IR =      0 ... (rIR:aIR:PR = 0:0:0) (tPR = 0) [OK] 
   594s:       rampup IR =   1283 ...[598.118s][info][gc,start       ] GC(219) Pause Young (Allocation Failure)
[598.418s][info][gc,heap        ] GC(219) PSYoungGen: 2588153K(2588160K)->207864K(1906176K) Eden: 2382336K(2382336K)->0K(1698304K) From: 205817K(205824K)->207864K(207872K)
[598.418s][info][gc,heap        ] GC(219) ParOldGen: 688581K(1617408K)->1244823K(1617408K)
[598.418s][info][gc,metaspace   ] GC(219) Metaspace: 28993K(29312K)->28993K(29312K) NonClass: 24106K(24256K)->24106K(24256K) Class: 4887K(5056K)->4887K(5056K)
[598.418s][info][gc             ] GC(219) Pause Young (Allocation Failure) 3199M->1418M(3441M) 299.768ms
[598.418s][info][gc,cpu         ] GC(219) User=1.77s Sys=0.03s Real=0.29s
. (rIR:aIR:PR = 1283:1286:1286) (tPR = 18438) [OK] 
   598s:       rampup IR =   2566 .... (rIR:aIR:PR = 2566:2567:2567) (tPR = 37380) [OK] 
   602s:       rampup IR =   3850 [603.702s][info][gc,start       ] GC(220) Pause Young (Allocation Failure)
[603.819s][info][gc,heap        ] GC(220) PSYoungGen: 1906168K(1906176K)->110624K(2247168K) Eden: 1698304K(1698304K)->0K(1698304K) From: 207864K(207872K)->110624K(548864K)
[603.819s][info][gc,heap        ] GC(220) ParOldGen: 1244823K(1617408K)->1401906K(1617408K)
[603.819s][info][gc,metaspace   ] GC(220) Metaspace: 29001K(29312K)->29001K(29312K) NonClass: 24113K(24256K)->24113K(24256K) Class: 4887K(5056K)->4887K(5056K)
[603.819s][info][gc             ] GC(220) Pause Young (Allocation Failure) 3077M->1477M(3774M) 116.264ms
[603.819s][info][gc,cpu         ] GC(220) User=0.70s Sys=0.00s Real=0.12s
.... (rIR:aIR:PR = 3850:3842:3842) (tPR = 56215) [OK] 
   606s:       rampup IR =   5133 [607.275s][info][gc,start       ] GC(221) Pause Young (Allocation Failure)
[607.358s][info][gc,heap        ] GC(221) PSYoungGen: 1808928K(2247168K)->110341K(2229248K) Eden: 1698304K(1698304K)->0K(1701888K) From: 110624K(548864K)->110341K(527360K)
[607.358s][info][gc,heap        ] GC(221) ParOldGen: 1401906K(1617408K)->1483259K(1617408K)
[607.358s][info][gc,metaspace   ] GC(221) Metaspace: 29001K(29312K)->29001K(29312K) NonClass: 24114K(24256K)->24114K(24256K) Class: 4887K(5056K)->4887K(5056K)
[607.358s][info][gc             ] GC(221) Pause Young (Allocation Failure) 3135M->1556M(3756M) 83.185ms
[607.358s][info][gc,cpu         ] GC(221) User=0.49s Sys=0.00s Real=0.08s
...[609.976s][info][gc,start       ] GC(222) Pause Young (Allocation Failure)
[610.051s][info][gc,heap        ] GC(222) PSYoungGen: 1812229K(2229248K)->103296K(2240000K) Eden: 1701888K(1701888K)->0K(1701888K) From: 110341K(527360K)->103296K(538112K)
[610.051s][info][gc,heap        ] GC(222) ParOldGen: 1483259K(1617408K)->1561883K(1617408K)
[610.051s][info][gc,metaspace   ] GC(222) Metaspace: 29001K(29312K)->29001K(29312K) NonClass: 24114K(24256K)->24114K(24256K) Class: 4887K(5056K)->4887K(5056K)
[610.051s][info][gc             ] GC(222) Pause Young (Allocation Failure) 3218M->1626M(3767M) 74.676ms
[610.051s][info][gc,cpu         ] GC(222) User=0.45s Sys=0.00s Real=0.08s
. (rIR:aIR:PR = 5133:5159:5158) (tPR = 75573) [OK] 
   610s:       rampup IR =   6416 .[612.351s][info][gc,start       ] GC(223) Pause Young (Allocation Failure)
[612.429s][info][gc,heap        ] GC(223) PSYoungGen: 1805184K(2240000K)->108928K(2231296K) Eden: 1701888K(1701888K)->0K(1728512K) From: 103296K(538112K)->108928K(502784K)
[612.429s][info][gc,heap        ] GC(223) ParOldGen: 1561883K(1617408K)->1639580K(1639936K)
[612.429s][info][gc,metaspace   ] GC(223) Metaspace: 29001K(29312K)->29001K(29312K) NonClass: 24114K(24256K)->24114K(24256K) Class: 4887K(5056K)->4887K(5056K)
[612.429s][info][gc             ] GC(223) Pause Young (Allocation Failure) 3288M->1707M(3780M) 77.902ms
[612.429s][info][gc,cpu         ] GC(223) User=0.46s Sys=0.01s Real=0.08s
..[614.613s][info][gc,start       ] GC(224) Pause Young (Allocation Failure)
[614.693s][info][gc,heap        ] GC(224) PSYoungGen: 1837440K(2231296K)->108752K(2245632K) Eden: 1728512K(1728512K)->0K(1728512K) From: 108928K(502784K)->108752K(517120K)
[614.693s][info][gc,heap        ] GC(224) ParOldGen: 1639580K(1639936K)->1718228K(1718272K)
[614.693s][info][gc,metaspace   ] GC(224) Metaspace: 29002K(29312K)->29002K(29312K) NonClass: 24115K(24256K)->24115K(24256K) Class: 4887K(5056K)->4887K(5056K)
[614.693s][info][gc             ] GC(224) Pause Young (Allocation Failure) 3395M->1784M(3871M) 80.060ms
[614.693s][info][gc,cpu         ] GC(224) User=0.45s Sys=0.03s Real=0.08s
. (rIR:aIR:PR = 6416:6401:6401) (tPR = 95634) [OK] 
   614s:       rampup IR =   7699 .[616.507s][info][gc,start       ] GC(225) Pause Young (Allocation Failure)
[616.588s][info][gc,heap        ] GC(225) PSYoungGen: 1837264K(2245632K)->109488K(2248192K) Eden: 1728512K(1728512K)->0K(1776128K) From: 108752K(517120K)->109488K(472064K)
[616.588s][info][gc,heap        ] GC(225) ParOldGen: 1718228K(1718272K)->1796232K(1796608K)
[616.588s][info][gc,metaspace   ] GC(225) Metaspace: 29002K(29312K)->29002K(29312K) NonClass: 24115K(24256K)->24115K(24256K) Class: 4887K(5056K)->4887K(5056K)
[616.588s][info][gc             ] GC(225) Pause Young (Allocation Failure) 3472M->1861M(3950M) 80.908ms
[616.588s][info][gc,cpu         ] GC(225) User=0.46s Sys=0.02s Real=0.08s
..[618.449s][info][gc,start       ] GC(226) Pause Young (Allocation Failure)
[618.529s][info][gc,heap        ] GC(226) PSYoungGen: 1885616K(2248192K)->111184K(2263552K) Eden: 1776128K(1776128K)->0K(1776128K) From: 109488K(472064K)->111184K(487424K)
[618.529s][info][gc,heap        ] GC(226) ParOldGen: 1796232K(1796608K)->1873628K(1873920K)
[618.529s][info][gc,metaspace   ] GC(226) Metaspace: 29002K(29312K)->29002K(29312K) NonClass: 24115K(24256K)->24115K(24256K) Class: 4887K(5056K)->4887K(5056K)
[618.529s][info][gc             ] GC(226) Pause Young (Allocation Failure) 3595M->1938M(4040M) 80.185ms
[618.529s][info][gc,cpu         ] GC(226) User=0.45s Sys=0.03s Real=0.08s
. (rIR:aIR:PR = 7699:7776:7776) (tPR = 115190) [OK] 
   618s:       rampup IR =   8982 .[620.155s][info][gc,start       ] GC(227) Pause Young (Allocation Failure)
[620.239s][info][gc,heap        ] GC(227) PSYoungGen: 1887312K(2263552K)->115018K(2275328K) Eden: 1776128K(1776128K)->0K(1838080K) From: 111184K(487424K)->115018K(437248K)
[620.239s][info][gc,heap        ] GC(227) ParOldGen: 1873628K(1873920K)->1953548K(1953792K)
[620.239s][info][gc,metaspace   ] GC(227) Metaspace: 29002K(29312K)->29002K(29312K) NonClass: 24115K(24256K)->24115K(24256K) Class: 4887K(5056K)->4887K(5056K)
[620.239s][info][gc             ] GC(227) Pause Young (Allocation Failure) 3672M->2020M(4130M) 83.481ms
[620.239s][info][gc,cpu         ] GC(227) User=0.47s Sys=0.02s Real=0.09s
.[621.878s][info][gc,start       ] GC(228) Pause Young (Allocation Failure)
[621.964s][info][gc,heap        ] GC(228) PSYoungGen: 1953098K(2275328K)->116133K(2291200K) Eden: 1838080K(1838080K)->0K(1838080K) From: 115018K(437248K)->116133K(453120K)
[621.965s][info][gc,heap        ] GC(228) ParOldGen: 1953548K(1953792K)->2032796K(2033152K)
[621.965s][info][gc,metaspace   ] GC(228) Metaspace: 29002K(29312K)->29002K(29312K) NonClass: 24115K(24256K)->24115K(24256K) Class: 4887K(5056K)->4887K(5056K)
[621.965s][info][gc             ] GC(228) Pause Young (Allocation Failure) 3815M->2098M(4223M) 86.941ms
[621.965s][info][gc,cpu         ] GC(228) User=0.49s Sys=0.03s Real=0.09s
..[623.604s][info][gc,start       ] GC(229) Pause Young (Allocation Failure)
[623.690s][info][gc,heap        ] GC(229) PSYoungGen: 1954213K(2291200K)->126052K(2306048K) Eden: 1838080K(1838080K)->0K(1907712K) From: 116133K(453120K)->126052K(398336K)
[623.691s][info][gc,heap        ] GC(229) ParOldGen: 2032796K(2033152K)->2110884K(2110976K)
[623.691s][info][gc,metaspace   ] GC(229) Metaspace: 29002K(29312K)->29002K(29312K) NonClass: 24115K(24256K)->24115K(24256K) Class: 4887K(5056K)->4887K(5056K)
[623.691s][info][gc             ] GC(229) Pause Young (Allocation Failure) 3893M->2184M(4313M) 87.026ms
[623.691s][info][gc,cpu         ] GC(229) User=0.50s Sys=0.02s Real=0.09s
.. (rIR:aIR:PR = 8982:8987:8987) (tPR = 135738) [OK] 
   624s:       rampup IR =  10266 [625.309s][info][gc,start       ] GC(230) Pause Young (Allocation Failure)
[625.396s][info][gc,heap        ] GC(230) PSYoungGen: 2033764K(2306048K)->122160K(2323456K) Eden: 1907712K(1907712K)->0K(1907712K) From: 126052K(398336K)->122160K(415744K)
[625.396s][info][gc,heap        ] GC(230) ParOldGen: 2110884K(2110976K)->2192148K(2192384K)
[625.396s][info][gc,metaspace   ] GC(230) Metaspace: 29002K(29312K)->29002K(29312K) NonClass: 24115K(24256K)->24115K(24256K) Class: 4887K(5056K)->4887K(5056K)
[625.396s][info][gc             ] GC(230) Pause Young (Allocation Failure) 4047M->2260M(4410M) 87.193ms
[625.396s][info][gc,cpu         ] GC(230) User=0.50s Sys=0.01s Real=0.08s
.[626.870s][info][gc,start       ] GC(231) Pause Young (Allocation Failure)
[626.955s][info][gc,heap        ] GC(231) PSYoungGen: 2029872K(2323456K)->114560K(2349056K) Eden: 1907712K(1907712K)->0K(1982464K) From: 122160K(415744K)->114560K(366592K)
[626.955s][info][gc,heap        ] GC(231) ParOldGen: 2192148K(2192384K)->2274188K(2274304K)
[626.955s][info][gc,metaspace   ] GC(231) Metaspace: 29002K(29312K)->29002K(29312K) NonClass: 24115K(24256K)->24115K(24256K) Class: 4887K(5056K)->4887K(5056K)
[626.955s][info][gc             ] GC(231) Pause Young (Allocation Failure) 4123M->2332M(4515M) 84.888ms
[626.955s][info][gc,cpu         ] GC(231) User=0.47s Sys=0.02s Real=0.08s
..[628.436s][info][gc,start       ] GC(232) Pause Young (Allocation Failure)
[628.526s][info][gc,heap        ] GC(232) PSYoungGen: 2097024K(2349056K)->126688K(2364416K) Eden: 1982464K(1982464K)->0K(1982464K) From: 114560K(366592K)->126688K(381952K)
[628.526s][info][gc,heap        ] GC(232) ParOldGen: 2274188K(2274304K)->2354900K(2355200K)
[628.526s][info][gc,metaspace   ] GC(232) Metaspace: 29002K(29312K)->29002K(29312K) NonClass: 24115K(24256K)->24115K(24256K) Class: 4887K(5056K)->4887K(5056K)
[628.526s][info][gc             ] GC(232) Pause Young (Allocation Failure) 4268M->2423M(4609M) 89.956ms
[628.526s][info][gc,cpu         ] GC(232) User=0.51s Sys=0.01s Real=0.09s
. (rIR:aIR:PR = 10266:10369:10392) (tPR = 151394) [OK] 
   628s:       rampup IR =  11549 .[630.014s][info][gc,start       ] GC(233) Pause Young (Allocation Failure)
[630.101s][info][gc,heap        ] GC(233) PSYoungGen: 2109152K(2364416K)->121152K(2384896K) Eden: 1982464K(1982464K)->0K(2050048K) From: 126688K(381952K)->121152K(334848K)
[630.101s][info][gc,heap        ] GC(233) ParOldGen: 2354900K(2355200K)->2436800K(2437120K)
[630.101s][info][gc,metaspace   ] GC(233) Metaspace: 29002K(29312K)->29002K(29312K) NonClass: 24115K(24256K)->24115K(24256K) Class: 4887K(5056K)->4887K(5056K)
[630.101s][info][gc             ] GC(233) Pause Young (Allocation Failure) 4359M->2498M(4709M) 86.935ms
[630.101s][info][gc,cpu         ] GC(233) User=0.49s Sys=0.03s Real=0.09s
.[631.585s][info][gc,start       ] GC(234) Pause Young (Allocation Failure)
[631.680s][info][gc,heap        ] GC(234) PSYoungGen: 2171200K(2384896K)->137856K(2398208K) Eden: 2050048K(2050048K)->0K(2050048K) From: 121152K(334848K)->137856K(348160K)
[631.680s][info][gc,heap        ] GC(234) ParOldGen: 2436800K(2437120K)->2522276K(2522624K)
[631.680s][info][gc,metaspace   ] GC(234) Metaspace: 29002K(29312K)->29002K(29312K) NonClass: 24115K(24256K)->24115K(24256K) Class: 4887K(5056K)->4887K(5056K)
[631.680s][info][gc             ] GC(234) Pause Young (Allocation Failure) 4500M->2597M(4805M) 94.327ms
[631.680s][info][gc,cpu         ] GC(234) User=0.53s Sys=0.03s Real=0.10s
.[633.066s][info][gc,start       ] GC(235) Pause Young (Allocation Failure)
[633.159s][info][gc,heap        ] GC(235) PSYoungGen: 2187904K(2398208K)->127892K(2423808K) Eden: 2050048K(2050048K)->0K(2117632K) From: 137856K(348160K)->127892K(306176K)
[633.159s][info][gc,heap        ] GC(235) ParOldGen: 2522276K(2522624K)->2608648K(2609152K)
[633.159s][info][gc,metaspace   ] GC(235) Metaspace: 29002K(29312K)->29002K(29312K) NonClass: 24115K(24256K)->24115K(24256K) Class: 4887K(5056K)->4887K(5056K)
[633.159s][info][gc             ] GC(235) Pause Young (Allocation Failure) 4599M->2672M(4915M) 92.816ms
[633.159s][info][gc,cpu         ] GC(235) User=0.52s Sys=0.03s Real=0.10s
..[634.550s][info][gc,start       ] GC(236) Pause Young (Allocation Failure)
[634.645s][info][gc,heap        ] GC(236) PSYoungGen: 2245524K(2423808K)->134944K(2433536K) Eden: 2117632K(2117632K)->0K(2117632K) From: 127892K(306176K)->134944K(315904K)
[634.645s][info][gc,heap        ] GC(236) ParOldGen: 2608648K(2609152K)->2693184K(2693632K)
[634.645s][info][gc,metaspace   ] GC(236) Metaspace: 29002K(29312K)->29002K(29312K) NonClass: 24115K(24256K)->24115K(24256K) Class: 4887K(5056K)->4887K(5056K)
[634.645s][info][gc             ] GC(236) Pause Young (Allocation Failure) 4740M->2761M(5007M) 94.893ms
[634.645s][info][gc,cpu         ] GC(236) User=0.54s Sys=0.02s Real=0.09s
.[636.112s][info][gc,start       ] GC(237) Pause Young (Allocation Failure)
[636.205s][info][gc,heap        ] GC(237) PSYoungGen: 2252576K(2433536K)->129632K(2460160K) Eden: 2117632K(2117632K)->0K(2179584K) From: 134944K(315904K)->129632K(280576K)
[636.205s][info][gc,heap        ] GC(237) ParOldGen: 2693184K(2693632K)->2776900K(2777088K)
[636.205s][info][gc,metaspace   ] GC(237) Metaspace: 29002K(29312K)->29002K(29312K) NonClass: 24115K(24256K)->24115K(24256K) Class: 4887K(5056K)->4887K(5056K)
[636.205s][info][gc             ] GC(237) Pause Young (Allocation Failure) 4829M->2838M(5114M) 92.682ms
[636.205s][info][gc,cpu         ] GC(237) User=0.52s Sys=0.02s Real=0.09s
. (rIR:aIR:PR = 11549:11285:11285) (tPR = 164823) [OK] 
   636s:       rampup IR =  12832 .[637.610s][info][gc,start       ] GC(238) Pause Young (Allocation Failure)
[637.750s][info][gc,heap        ] GC(238) PSYoungGen: 2309216K(2460160K)->142448K(2467328K) Eden: 2179584K(2179584K)->0K(2179584K) From: 129632K(280576K)->142448K(287744K)
[637.750s][info][gc,heap        ] GC(238) ParOldGen: 2776900K(2777088K)->2865572K(2865664K)
[637.750s][info][gc,metaspace   ] GC(238) Metaspace: 29002K(29312K)->29002K(29312K) NonClass: 24115K(24256K)->24115K(24256K) Class: 4887K(5056K)->4887K(5056K)
[637.750s][info][gc             ] GC(238) Pause Young (Allocation Failure) 4966M->2937M(5208M) 139.981ms
[637.750s][info][gc,cpu         ] GC(238) User=0.56s Sys=0.02s Real=0.14s
.[639.106s][info][gc,start       ] GC(239) Pause Young (Allocation Failure)
[639.201s][info][gc,heap        ] GC(239) PSYoungGen: 2322032K(2467328K)->136032K(2492928K) Eden: 2179584K(2179584K)->0K(2234880K) From: 142448K(287744K)->136032K(258048K)
[639.201s][info][gc,heap        ] GC(239) ParOldGen: 2865572K(2865664K)->2952316K(2952704K)
[639.201s][info][gc,metaspace   ] GC(239) Metaspace: 29002K(29312K)->29002K(29312K) NonClass: 24115K(24256K)->24115K(24256K) Class: 4887K(5056K)->4887K(5056K)
[639.201s][info][gc             ] GC(239) Pause Young (Allocation Failure) 5066M->3015M(5318M) 95.599ms
[639.201s][info][gc,cpu         ] GC(239) User=0.52s Sys=0.04s Real=0.10s
..[640.580s][info][gc,start       ] GC(240) Pause Young (Allocation Failure)
[640.729s][info][gc,heap        ] GC(240) PSYoungGen: 2370912K(2492928K)->143840K(2497024K) Eden: 2234880K(2234880K)->0K(2234880K) From: 136032K(258048K)->143840K(262144K)
[640.729s][info][gc,heap        ] GC(240) ParOldGen: 2952316K(2952704K)->3041164K(3041280K)
[640.729s][info][gc,metaspace   ] GC(240) Metaspace: 29002K(29312K)->29002K(29312K) NonClass: 24115K(24256K)->24115K(24256K) Class: 4887K(5056K)->4887K(5056K)
[640.729s][info][gc             ] GC(240) Pause Young (Allocation Failure) 5198M->3110M(5408M) 148.918ms
[640.729s][info][gc,cpu         ] GC(240) User=0.58s Sys=0.03s Real=0.15s
.[642.149s][info][gc,start       ] GC(241) Pause Young (Allocation Failure)
[642.244s][info][gc,heap        ] GC(241) PSYoungGen: 2378720K(2497024K)->129328K(2525184K) Eden: 2234880K(2234880K)->0K(2283520K) From: 143840K(262144K)->129328K(241664K)
[642.244s][info][gc,heap        ] GC(241) ParOldGen: 3041164K(3041280K)->3130996K(3131392K)
[642.244s][info][gc,metaspace   ] GC(241) Metaspace: 29002K(29312K)->29002K(29312K) NonClass: 24115K(24256K)->24115K(24256K) Class: 4887K(5056K)->4887K(5056K)
[642.244s][info][gc             ] GC(241) Pause Young (Allocation Failure) 5292M->3183M(5524M) 95.282ms
[642.244s][info][gc,cpu         ] GC(241) User=0.52s Sys=0.04s Real=0.09s
..[643.738s][info][gc,start       ] GC(242) Pause Young (Allocation Failure)
[643.842s][info][gc,heap        ] GC(242) PSYoungGen: 2412848K(2525184K)->150144K(2525696K) Eden: 2283520K(2283520K)->0K(2283520K) From: 129328K(241664K)->150144K(242176K)
[643.842s][info][gc,heap        ] GC(242) ParOldGen: 3130996K(3131392K)->3218708K(3218944K)
[643.842s][info][gc,metaspace   ] GC(242) Metaspace: 29002K(29312K)->29002K(29312K) NonClass: 24115K(24256K)->24115K(24256K) Class: 4887K(5056K)->4887K(5056K)
[643.842s][info][gc             ] GC(242) Pause Young (Allocation Failure) 5413M->3289M(5610M) 103.831ms
[643.842s][info][gc,cpu         ] GC(242) User=0.60s Sys=0.02s Real=0.10s
.[645.242s][info][gc,start       ] GC(243) Pause Young (Allocation Failure)
[645.340s][info][gc,heap        ] GC(243) PSYoungGen: 2433664K(2525696K)->136430K(2544128K) Eden: 2283520K(2283520K)->0K(2318848K) From: 150144K(242176K)->136430K(225280K)
[645.340s][info][gc,heap        ] GC(243) ParOldGen: 3218708K(3218944K)->3308156K(3308544K)
[645.340s][info][gc,metaspace   ] GC(243) Metaspace: 29002K(29312K)->29002K(29312K) NonClass: 24115K(24256K)->24115K(24256K) Class: 4887K(5056K)->4887K(5056K)
[645.340s][info][gc             ] GC(243) Pause Young (Allocation Failure) 5519M->3363M(5715M) 98.398ms
[645.340s][info][gc,cpu         ] GC(243) User=0.55s Sys=0.03s Real=0.10s
. (rIR:aIR:PR = 12832:12408:12395) (tPR = 186301) [OK] 
   645s:    snapshot, IR =  12832 [646.812s][info][gc,start       ] GC(244) Pause Young (Allocation Failure)
[646.915s][info][gc,heap        ] GC(244) PSYoungGen: 2455278K(2544128K)->147376K(2545664K) Eden: 2318848K(2318848K)->0K(2318848K) From: 136430K(225280K)->147376K(226816K)
[646.915s][info][gc,heap        ] GC(244) ParOldGen: 3308156K(3308544K)->3396876K(3397120K)
[646.915s][info][gc,metaspace   ] GC(244) Metaspace: 29002K(29312K)->29002K(29312K) NonClass: 24115K(24256K)->24115K(24256K) Class: 4887K(5056K)->4887K(5056K)
[646.915s][info][gc             ] GC(244) Pause Young (Allocation Failure) 5628M->3461M(5803M) 102.958ms
[646.915s][info][gc,cpu         ] GC(244) User=0.58s Sys=0.02s Real=0.10s
.[648.366s][info][gc,start       ] GC(245) Pause Young (Allocation Failure)
[648.464s][info][gc,heap        ] GC(245) PSYoungGen: 2466224K(2545664K)->138624K(2559488K) Eden: 2318848K(2318848K)->0K(2348544K) From: 147376K(226816K)->138624K(210944K)
[648.464s][info][gc,heap        ] GC(245) ParOldGen: 3396876K(3397120K)->3488100K(3488256K)
[648.464s][info][gc,metaspace   ] GC(245) Metaspace: 29002K(29312K)->29002K(29312K) NonClass: 24115K(24256K)->24115K(24256K) Class: 4887K(5056K)->4887K(5056K)
[648.464s][info][gc             ] GC(245) Pause Young (Allocation Failure) 5725M->3541M(5906M) 97.755ms
[648.464s][info][gc,cpu         ] GC(245) User=0.55s Sys=0.03s Real=0.10s
..[649.947s][info][gc,start       ] GC(246) Pause Young (Allocation Failure)
[650.052s][info][gc,heap        ] GC(246) PSYoungGen: 2487168K(2559488K)->147462K(2562048K) Eden: 2348544K(2348544K)->0K(2348544K) From: 138624K(210944K)->147462K(213504K)
[650.052s][info][gc,heap        ] GC(246) ParOldGen: 3488100K(3488256K)->3576076K(3576320K)
[650.052s][info][gc,metaspace   ] GC(246) Metaspace: 29002K(29312K)->29002K(29312K) NonClass: 24115K(24256K)->24115K(24256K) Class: 4887K(5056K)->4887K(5056K)
[650.052s][info][gc             ] GC(246) Pause Young (Allocation Failure) 5835M->3636M(5994M) 104.617ms
[650.052s][info][gc,cpu         ] GC(246) User=0.59s Sys=0.02s Real=0.11s
.[651.524s][info][gc,start       ] GC(247) Pause Young (Allocation Failure)
[651.627s][info][gc,heap        ] GC(247) PSYoungGen: 2496006K(2562048K)->144160K(2572800K) Eden: 2348544K(2348544K)->0K(2374144K) From: 147462K(213504K)->144160K(198656K)
[651.627s][info][gc,heap        ] GC(247) ParOldGen: 3576076K(3576320K)->3666940K(3666944K)
[651.627s][info][gc,metaspace   ] GC(247) Metaspace: 29002K(29312K)->29002K(29312K) NonClass: 24115K(24256K)->24115K(24256K) Class: 4887K(5056K)->4887K(5056K)
[651.627s][info][gc             ] GC(247) Pause Young (Allocation Failure) 5929M->3721M(6093M) 102.399ms
[651.627s][info][gc,cpu         ] GC(247) User=0.58s Sys=0.02s Real=0.10s
..[653.153s][info][gc,start       ] GC(248) Pause Young (Allocation Failure)
[653.256s][info][gc,heap        ] GC(248) PSYoungGen: 2518304K(2572800K)->142164K(2576384K) Eden: 2374144K(2374144K)->0K(2374144K) From: 144160K(198656K)->142164K(202240K)
[653.256s][info][gc,heap        ] GC(248) ParOldGen: 3666940K(3666944K)->3758716K(3759104K)
[653.256s][info][gc,metaspace   ] GC(248) Metaspace: 29002K(29312K)->29002K(29312K) NonClass: 24115K(24256K)->24115K(24256K) Class: 4887K(5056K)->4887K(5056K)
[653.256s][info][gc             ] GC(248) Pause Young (Allocation Failure) 6040M->3809M(6187M) 103.301ms
[653.256s][info][gc,cpu         ] GC(248) User=0.59s Sys=0.02s Real=0.10s
.[654.758s][info][gc,start       ] GC(249) Pause Young (Allocation Failure)
[654.864s][info][gc,heap        ] GC(249) PSYoungGen: 2516308K(2576384K)->154820K(2592768K) Eden: 2374144K(2374144K)->0K(2396160K) From: 142164K(202240K)->154820K(196608K)
[654.864s][info][gc,heap        ] GC(249) ParOldGen: 3758716K(3759104K)->3848556K(3848704K)
[654.864s][info][gc,metaspace   ] GC(249) Metaspace: 29002K(29312K)->29002K(29312K) NonClass: 24115K(24256K)->24115K(24256K) Class: 4887K(5056K)->4887K(5056K)
[654.864s][info][gc             ] GC(249) Pause Young (Allocation Failure) 6127M->3909M(6290M) 106.670ms
[654.864s][info][gc,cpu         ] GC(249) User=0.61s Sys=0.03s Real=0.11s
.|.[656.353s][info][gc,start       ] GC(250) Pause Young (Allocation Failure)
[656.465s][info][gc,heap        ] GC(250) PSYoungGen: 2550980K(2592768K)->161424K(2591744K) Eden: 2396160K(2396160K)->0K(2396160K) From: 154820K(196608K)->161424K(195584K)
[656.465s][info][gc,heap        ] GC(250) ParOldGen: 3848556K(3848704K)->3942796K(3942912K)
[656.465s][info][gc,metaspace   ] GC(250) Metaspace: 29003K(29312K)->29003K(29312K) NonClass: 24115K(24256K)->24115K(24256K) Class: 4887K(5056K)->4887K(5056K)
[656.465s][info][gc             ] GC(250) Pause Young (Allocation Failure) 6249M->4008M(6381M) 111.568ms
[656.465s][info][gc,cpu         ] GC(250) User=0.63s Sys=0.03s Real=0.11s
.[657.985s][info][gc,start       ] GC(251) Pause Young (Allocation Failure)
[658.098s][info][gc,heap        ] GC(251) PSYoungGen: 2557584K(2591744K)->157853K(2599424K) Eden: 2396160K(2396160K)->0K(2402304K) From: 161424K(195584K)->157853K(197120K)
[658.098s][info][gc,heap        ] GC(251) ParOldGen: 3942796K(3942912K)->4037540K(4037632K)
[658.098s][info][gc,metaspace   ] GC(251) Metaspace: 29003K(29312K)->29003K(29312K) NonClass: 24115K(24256K)->24115K(24256K) Class: 4887K(5056K)->4887K(5056K)
[658.098s][info][gc             ] GC(251) Pause Young (Allocation Failure) 6348M->4097M(6481M) 113.609ms
[658.098s][info][gc,cpu         ] GC(251) User=0.63s Sys=0.04s Real=0.12s
..[659.601s][info][gc,start       ] GC(252) Pause Young (Allocation Failure)
[659.757s][info][gc,heap        ] GC(252) PSYoungGen: 2560157K(2599424K)->156256K(2558976K) Eden: 2402304K(2402304K)->0K(2402304K) From: 157853K(197120K)->156256K(156672K)
[659.757s][info][gc,heap        ] GC(252) ParOldGen: 4037540K(4037632K)->4128308K(4128768K)
[659.757s][info][gc,metaspace   ] GC(252) Metaspace: 29004K(29312K)->29004K(29312K) NonClass: 24116K(24256K)->24116K(24256K) Class: 4887K(5056K)->4887K(5056K)
[659.757s][info][gc             ] GC(252) Pause Young (Allocation Failure) 6443M->4184M(6531M) 156.428ms
[659.757s][info][gc,cpu         ] GC(252) User=0.62s Sys=0.02s Real=0.15s
.[661.212s][info][gc,start       ] GC(253) Pause Young (Allocation Failure)
[661.313s][info][gc,heap        ] GC(253) PSYoungGen: 2558560K(2558976K)->143936K(2601472K) Eden: 2402304K(2402304K)->0K(2406400K) From: 156256K(156672K)->143936K(195072K)
[661.313s][info][gc,heap        ] GC(253) ParOldGen: 4128308K(4128768K)->4217372K(4217856K)
[661.313s][info][gc,metaspace   ] GC(253) Metaspace: 29004K(29312K)->29004K(29312K) NonClass: 24116K(24256K)->24116K(24256K) Class: 4887K(5056K)->4887K(5056K)
[661.313s][info][gc             ] GC(253) Pause Young (Allocation Failure) 6530M->4259M(6659M) 101.448ms
[661.313s][info][gc,cpu         ] GC(253) User=0.57s Sys=0.03s Real=0.10s
.[662.890s][info][gc,start       ] GC(254) Pause Young (Allocation Failure)
[662.997s][info][gc,heap        ] GC(254) PSYoungGen: 2550336K(2601472K)->159888K(2597376K) Eden: 2406400K(2406400K)->0K(2406400K) From: 143936K(195072K)->159888K(190976K)
[662.998s][info][gc,heap        ] GC(254) ParOldGen: 4217372K(4217856K)->4312156K(4312576K)
[662.998s][info][gc,metaspace   ] GC(254) Metaspace: 29004K(29312K)->29004K(29312K) NonClass: 24116K(24256K)->24116K(24256K) Class: 4887K(5056K)->4887K(5056K)
[662.998s][info][gc             ] GC(254) Pause Young (Allocation Failure) 6609M->4367M(6748M) 107.874ms
[662.998s][info][gc,cpu         ] GC(254) User=0.62s Sys=0.02s Real=0.10s
..[664.462s][info][gc,start       ] GC(255) Pause Young (Allocation Failure)
[664.572s][info][gc,heap        ] GC(255) PSYoungGen: 2566288K(2597376K)->158000K(2601472K) Eden: 2406400K(2406400K)->0K(2410496K) From: 159888K(190976K)->158000K(190976K)
[664.572s][info][gc,heap        ] GC(255) ParOldGen: 4312156K(4312576K)->4405452K(4405760K)
[664.572s][info][gc,metaspace   ] GC(255) Metaspace: 29009K(29312K)->29009K(29312K) NonClass: 24121K(24256K)->24121K(24256K) Class: 4887K(5056K)->4887K(5056K)
[664.573s][info][gc             ] GC(255) Pause Young (Allocation Failure) 6717M->4456M(6843M) 110.539ms
[664.573s][info][gc,cpu         ] GC(255) User=0.63s Sys=0.03s Real=0.11s
.[666.053s][info][gc,start       ] GC(256) Pause Young (Allocation Failure)
[666.165s][info][gc,heap        ] GC(256) PSYoungGen: 2568496K(2601472K)->154238K(2600960K) Eden: 2410496K(2410496K)->0K(2410496K) From: 158000K(190976K)->154238K(190464K)
[666.165s][info][gc,heap        ] GC(256) ParOldGen: 4405452K(4405760K)->4496692K(4496896K)
[666.165s][info][gc,metaspace   ] GC(256) Metaspace: 29009K(29312K)->29009K(29312K) NonClass: 24121K(24256K)->24121K(24256K) Class: 4887K(5056K)->4887K(5056K)
[666.165s][info][gc             ] GC(256) Pause Young (Allocation Failure) 6810M->4541M(6931M) 111.176ms
[666.165s][info][gc,cpu         ] GC(256) User=0.63s Sys=0.02s Real=0.11s
.[667.791s][info][gc,start       ] GC(257) Pause Young (Allocation Failure)
[667.894s][info][gc,heap        ] GC(257) PSYoungGen: 2564734K(2600960K)->142208K(2603520K) Eden: 2410496K(2410496K)->0K(2416640K) From: 154238K(190464K)->142208K(186880K)
[667.894s][info][gc,heap        ] GC(257) ParOldGen: 4496692K(4496896K)->4592204K(4592640K)
[667.894s][info][gc,metaspace   ] GC(257) Metaspace: 29009K(29312K)->29009K(29312K) NonClass: 24121K(24256K)->24121K(24256K) Class: 4887K(5056K)->4887K(5056K)
[667.894s][info][gc             ] GC(257) Pause Young (Allocation Failure) 6895M->4623M(7027M) 103.308ms
[667.894s][info][gc,cpu         ] GC(257) User=0.57s Sys=0.04s Real=0.10s
..[669.323s][info][gc,start       ] GC(258) Pause Young (Allocation Failure)
[669.432s][info][gc,heap        ] GC(258) PSYoungGen: 2558848K(2603520K)->160117K(2602496K) Eden: 2416640K(2416640K)->0K(2416640K) From: 142208K(186880K)->160117K(185856K)
[669.432s][info][gc,heap        ] GC(258) ParOldGen: 4592204K(4592640K)->4677380K(4677632K)
[669.432s][info][gc,metaspace   ] GC(258) Metaspace: 29009K(29312K)->29009K(29312K) NonClass: 24121K(24256K)->24121K(24256K) Class: 4887K(5056K)->4887K(5056K)
[669.432s][info][gc             ] GC(258) Pause Young (Allocation Failure) 6983M->4724M(7109M) 109.624ms
[669.432s][info][gc,cpu         ] GC(258) User=0.62s Sys=0.02s Real=0.11s
.[671.042s][info][gc,start       ] GC(259) Pause Young (Allocation Failure)
[671.152s][info][gc,heap        ] GC(259) PSYoungGen: 2576757K(2602496K)->150432K(2605056K) Eden: 2416640K(2416640K)->0K(2424320K) From: 160117K(185856K)->150432K(180736K)
[671.152s][info][gc,heap        ] GC(259) ParOldGen: 4677380K(4677632K)->4778452K(4778496K)
[671.152s][info][gc,metaspace   ] GC(259) Metaspace: 29009K(29312K)->29009K(29312K) NonClass: 24121K(24256K)->24121K(24256K) Class: 4887K(5056K)->4887K(5056K)
[671.152s][info][gc             ] GC(259) Pause Young (Allocation Failure) 7084M->4813M(7210M) 110.252ms
[671.152s][info][gc,cpu         ] GC(259) User=0.62s Sys=0.03s Real=0.11s
..[672.583s][info][gc,start       ] GC(260) Pause Young (Allocation Failure)
[672.736s][info][gc,heap        ] GC(260) PSYoungGen: 2574752K(2605056K)->153589K(2607104K) Eden: 2424320K(2424320K)->0K(2424320K) From: 150432K(180736K)->153589K(182784K)
[672.736s][info][gc,heap        ] GC(260) ParOldGen: 4778452K(4778496K)->4867436K(4867584K)
[672.736s][info][gc,metaspace   ] GC(260) Metaspace: 29009K(29312K)->29009K(29312K) NonClass: 24121K(24256K)->24121K(24256K) Class: 4887K(5056K)->4887K(5056K)
[672.736s][info][gc             ] GC(260) Pause Young (Allocation Failure) 7180M->4903M(7299M) 153.404ms
[672.736s][info][gc,cpu         ] GC(260) User=0.61s Sys=0.02s Real=0.15s
.[674.103s][info][gc,start       ] GC(261) Pause Young (Allocation Failure)
[674.224s][info][gc,heap        ] GC(261) PSYoungGen: 2577909K(2607104K)->164373K(2611200K) Eden: 2424320K(2424320K)->0K(2430464K) From: 153589K(182784K)->164373K(180736K)
[674.224s][info][gc,heap        ] GC(261) ParOldGen: 4867436K(4867584K)->4960428K(4960768K)
[674.224s][info][gc,metaspace   ] GC(261) Metaspace: 29009K(29312K)->29009K(29312K) NonClass: 24121K(24256K)->24121K(24256K) Class: 4887K(5056K)->4887K(5056K)
[674.224s][info][gc             ] GC(261) Pause Young (Allocation Failure) 7270M->5004M(7394M) 120.711ms
[674.224s][info][gc,cpu         ] GC(261) User=0.64s Sys=0.07s Real=0.12s
.[675.828s][info][gc,start       ] GC(262) Pause Young (Allocation Failure)
[675.940s][info][gc,heap        ] GC(262) PSYoungGen: 2594837K(2611200K)->150197K(2580992K) Eden: 2430464K(2430464K)->0K(2430464K) From: 164373K(180736K)->150197K(150528K)
[675.940s][info][gc,heap        ] GC(262) ParOldGen: 4960428K(4960768K)->5061852K(5062144K)
[675.940s][info][gc,metaspace   ] GC(262) Metaspace: 29009K(29312K)->29009K(29312K) NonClass: 24121K(24256K)->24121K(24256K) Class: 4887K(5056K)->4887K(5056K)
[675.940s][info][gc             ] GC(262) Pause Young (Allocation Failure) 7378M->5089M(7464M) 111.357ms
[675.940s][info][gc,cpu         ] GC(262) User=0.63s Sys=0.03s Real=0.12s
..[677.398s][info][gc,start       ] GC(263) Pause Young (Allocation Failure)
[677.509s][info][gc,heap        ] GC(263) PSYoungGen: 2580661K(2580992K)->158373K(2612224K) Eden: 2430464K(2430464K)->0K(2432512K) From: 150197K(150528K)->158373K(179712K)
[677.509s][info][gc,heap        ] GC(263) ParOldGen: 5061852K(5062144K)->5151076K(5151232K)
[677.509s][info][gc,metaspace   ] GC(263) Metaspace: 29009K(29312K)->29009K(29312K) NonClass: 24121K(24256K)->24121K(24256K) Class: 4887K(5056K)->4887K(5056K)
[677.509s][info][gc             ] GC(263) Pause Young (Allocation Failure) 7463M->5185M(7581M) 111.673ms
[677.509s][info][gc,cpu         ] GC(263) User=0.64s Sys=0.03s Real=0.12s
.[678.922s][info][gc,start       ] GC(264) Pause Young (Allocation Failure)
[679.031s][info][gc,heap        ] GC(264) PSYoungGen: 2590885K(2612224K)->149097K(2612224K) Eden: 2432512K(2432512K)->0K(2432512K) From: 158373K(179712K)->149097K(179712K)
[679.031s][info][gc,heap        ] GC(264) ParOldGen: 5151076K(5151232K)->5242788K(5242880K)
[679.031s][info][gc,metaspace   ] GC(264) Metaspace: 29009K(29312K)->29009K(29312K) NonClass: 24121K(24256K)->24121K(24256K) Class: 4887K(5056K)->4887K(5056K)
[679.031s][info][gc             ] GC(264) Pause Young (Allocation Failure) 7560M->5265M(7671M) 108.598ms
[679.031s][info][gc,cpu         ] GC(264) User=0.62s Sys=0.02s Real=0.11s
.[680.590s][info][gc,start       ] GC(265) Pause Young (Allocation Failure)
[680.748s][info][gc,heap        ] GC(265) PSYoungGen: 2581609K(2612224K)->148673K(2614272K) Eden: 2432512K(2432512K)->0K(2438656K) From: 149097K(179712K)->148673K(175616K)
[680.748s][info][gc,heap        ] GC(265) ParOldGen: 5242788K(5242880K)->5342588K(5342720K)
[680.748s][info][gc,metaspace   ] GC(265) Metaspace: 29009K(29312K)->29009K(29312K) NonClass: 24121K(24256K)->24121K(24256K) Class: 4887K(5056K)->4887K(5056K)
[680.749s][info][gc             ] GC(265) Pause Young (Allocation Failure) 7641M->5362M(7770M) 158.641ms
[680.749s][info][gc,cpu         ] GC(265) User=0.64s Sys=0.03s Real=0.16s
..[682.323s][info][gc,start       ] GC(266) Pause Young (Allocation Failure)
[682.430s][info][gc,heap        ] GC(266) PSYoungGen: 2587329K(2614272K)->148756K(2614272K) Eden: 2438656K(2438656K)->0K(2438656K) From: 148673K(175616K)->148756K(175616K)
[682.430s][info][gc,heap        ] GC(266) ParOldGen: 5342588K(5342720K)->5435948K(5436416K)
[682.430s][info][gc,metaspace   ] GC(266) Metaspace: 29009K(29312K)->29009K(29312K) NonClass: 24121K(24256K)->24121K(24256K) Class: 4887K(5056K)->4887K(5056K)
[682.430s][info][gc             ] GC(266) Pause Young (Allocation Failure) 7744M->5453M(7862M) 106.523ms
[682.430s][info][gc,cpu         ] GC(266) User=0.61s Sys=0.03s Real=0.11s
.[683.877s][info][gc,start       ] GC(267) Pause Young (Allocation Failure)
[683.989s][info][gc,heap        ] GC(267) PSYoungGen: 2587412K(2614272K)->162784K(2616320K) Eden: 2438656K(2438656K)->0K(2442752K) From: 148756K(175616K)->162784K(173568K)
[683.989s][info][gc,heap        ] GC(267) ParOldGen: 5435948K(5436416K)->5524292K(5524480K)
[683.989s][info][gc,metaspace   ] GC(267) Metaspace: 29009K(29312K)->29009K(29312K) NonClass: 24121K(24256K)->24121K(24256K) Class: 4887K(5056K)->4887K(5056K)
[683.989s][info][gc             ] GC(267) Pause Young (Allocation Failure) 7835M->5553M(7950M) 111.977ms
[683.989s][info][gc,cpu         ] GC(267) User=0.63s Sys=0.03s Real=0.12s
.. (rIR:aIR:PR = 12832:12674:12628) (tPR = 189311) [OK] 
   685s: Performing snapshot: (quiescence[685.584s][info][gc,start       ] GC(268) Pause Full (Allocation Failure)
[685.585s][info][gc,phases,start] GC(268) Marking Phase
[685.928s][info][gc,phases      ] GC(268) Marking Phase 343.099ms
[685.928s][info][gc,phases,start] GC(268) Summary Phase
[685.928s][info][gc,phases      ] GC(268) Summary Phase 0.105ms
[685.928s][info][gc,phases,start] GC(268) Forward
[686.051s][info][gc,phases      ] GC(268) Forward 123.721ms
[686.052s][info][gc,phases,start] GC(268) Adjust Pointers
[686.260s][info][gc,phases      ] GC(268) Adjust Pointers 208.576ms
[686.260s][info][gc,phases,start] GC(268) Compaction Phase
[686.406s][info][gc,phases      ] GC(268) Compaction Phase 145.542ms
[686.407s][info][gc,phases,start] GC(268) Post Compact
[686.414s][info][gc,phases      ] GC(268) Post Compact 6.948ms
[686.537s][info][gc,heap        ] GC(268) PSYoungGen: 2605536K(2616320K)->0K(2618368K) Eden: 2442752K(2442752K)->0K(2442752K) From: 162784K(173568K)->0K(175616K)
[686.537s][info][gc,heap        ] GC(268) ParOldGen: 5524292K(5524480K)->1414186K(1607680K)
[686.537s][info][gc,metaspace   ] GC(268) Metaspace: 29009K(29312K)->29009K(29312K) NonClass: 24121K(24256K)->24121K(24256K) Class: 4887K(5056K)->4887K(5056K)
[686.537s][info][gc             ] GC(268) Pause Full (Allocation Failure) 7939M->1381M(4127M) 952.889ms
[686.537s][info][gc,cpu         ] GC(268) User=4.29s Sys=0.12s Real=0.95s
.....) (stop TxI) (stop BE) (saving... 230634 Kb) (term) [696.785s][info][gc,start       ] GC(269) Pause Full (System.gc())
[696.785s][info][gc,phases,start] GC(269) Marking Phase
[696.806s][info][gc,phases      ] GC(269) Marking Phase 20.427ms
[696.806s][info][gc,phases,start] GC(269) Summary Phase
[696.806s][info][gc,phases      ] GC(269) Summary Phase 0.038ms
[696.806s][info][gc,phases,start] GC(269) Forward
[696.809s][info][gc,phases      ] GC(269) Forward 3.111ms
[696.809s][info][gc,phases,start] GC(269) Adjust Pointers
[696.822s][info][gc,phases      ] GC(269) Adjust Pointers 13.154ms
[696.822s][info][gc,phases,start] GC(269) Compaction Phase
[696.855s][info][gc,phases      ] GC(269) Compaction Phase 32.641ms
[696.855s][info][gc,phases,start] GC(269) Post Compact
[696.858s][info][gc,phases      ] GC(269) Post Compact 3.081ms
[696.858s][info][gc,heap        ] GC(269) PSYoungGen: 2235389K(2618368K)->0K(2618368K) Eden: 2235389K(2442752K)->0K(2442752K) From: 0K(175616K)->0K(175616K)
[696.858s][info][gc,heap        ] GC(269) ParOldGen: 1414186K(1607680K)->316729K(1607680K)
[696.858s][info][gc,metaspace   ] GC(269) Metaspace: 29010K(29312K)->29010K(29312K) NonClass: 24122K(24256K)->24122K(24256K) Class: 4887K(5056K)->4887K(5056K)
[696.858s][info][gc             ] GC(269) Pause Full (System.gc()) 3564M->309M(4127M) 72.755ms
[696.858s][info][gc,cpu         ] GC(269) User=0.37s Sys=0.00s Real=0.07s
(init[698.000s][info][gc,start       ] GC(270) Pause Young (Allocation Failure)
[698.281s][info][gc,heap        ] GC(270) PSYoungGen: 2442752K(2618368K)->175599K(2298880K) Eden: 2442752K(2442752K)->0K(2123264K) From: 0K(175616K)->175599K(175616K)
[698.281s][info][gc,heap        ] GC(270) ParOldGen: 316729K(1607680K)->734564K(1607680K)
[698.281s][info][gc,metaspace   ] GC(270) Metaspace: 29013K(29312K)->29013K(29312K) NonClass: 24125K(24256K)->24125K(24256K) Class: 4887K(5056K)->4887K(5056K)
[698.281s][info][gc             ] GC(270) Pause Young (Allocation Failure) 2694M->888M(3815M) 280.272ms
[698.281s][info][gc,cpu         ] GC(270) User=1.66s Sys=0.02s Real=0.28s
) ...
   702s:       rampup IR =      0 ... (rIR:aIR:PR = 0:0:0) (tPR = 0) [OK] 
   705s:       rampup IR =   1283 ..[707.463s][info][gc,start       ] GC(271) Pause Young (Allocation Failure)
[707.759s][info][gc,heap        ] GC(271) PSYoungGen: 2298708K(2298880K)->336366K(2459648K) Eden: 2123109K(2123264K)->0K(2123264K) From: 175599K(175616K)->336366K(336384K)
[707.759s][info][gc,heap        ] GC(271) ParOldGen: 734564K(1607680K)->1207653K(1607680K)
[707.759s][info][gc,metaspace   ] GC(271) Metaspace: 29025K(29312K)->29025K(29312K) NonClass: 24137K(24256K)->24137K(24256K) Class: 4887K(5056K)->4887K(5056K)
[707.759s][info][gc             ] GC(271) Pause Young (Allocation Failure) 2962M->1507M(3972M) 295.468ms
[707.759s][info][gc,cpu         ] GC(271) User=1.76s Sys=0.00s Real=0.30s
.. (rIR:aIR:PR = 1283:1259:1259) (tPR = 19652) [OK] 
   709s:       rampup IR =   2566 .... (rIR:aIR:PR = 2566:2584:2584) (tPR = 38431) [OK] 
   713s:       rampup IR =   3850 .[714.666s][info][gc,start       ] GC(272) Pause Young (Allocation Failure)
[714.806s][info][gc,heap        ] GC(272) PSYoungGen: 2459630K(2459648K)->126320K(2046976K) Eden: 2123264K(2123264K)->0K(1710592K) From: 336366K(336384K)->126320K(336384K)
[714.806s][info][gc,heap        ] GC(272) ParOldGen: 1207653K(1607680K)->1472090K(1607680K)
[714.806s][info][gc,metaspace   ] GC(272) Metaspace: 29026K(29312K)->29026K(29312K) NonClass: 24138K(24256K)->24138K(24256K) Class: 4887K(5056K)->4887K(5056K)
[714.806s][info][gc             ] GC(272) Pause Young (Allocation Failure) 3581M->1560M(3569M) 139.821ms
[714.806s][info][gc,cpu         ] GC(272) User=0.83s Sys=0.00s Real=0.14s
.[716.399s][info][gc,start       ] GC(273) Pause Full (Diagnostic Command)
[716.399s][info][gc,phases,start] GC(273) Marking Phase
[716.685s][info][gc,phases      ] GC(273) Marking Phase 286.531ms
[716.685s][info][gc,phases,start] GC(273) Summary Phase
[716.685s][info][gc,phases      ] GC(273) Summary Phase 0.035ms
[716.685s][info][gc,phases,start] GC(273) Forward
[716.798s][info][gc,phases      ] GC(273) Forward 112.896ms
[716.798s][info][gc,phases,start] GC(273) Adjust Pointers
[716.971s][info][gc,phases      ] GC(273) Adjust Pointers 173.255ms
[716.971s][info][gc,phases,start] GC(273) Compaction Phase
[717.174s][info][gc,phases      ] GC(273) Compaction Phase 202.946ms
[717.175s][info][gc,phases,start] GC(273) Post Compact
[717.177s][info][gc,phases      ] GC(273) Post Compact 2.113ms
[717.177s][info][gc,heap        ] GC(273) PSYoungGen: 959971K(2046976K)->0K(2046976K) Eden: 833651K(1710592K)->0K(1710592K) From: 126320K(336384K)->0K(336384K)
[717.177s][info][gc,heap        ] GC(273) ParOldGen: 1472090K(1607680K)->1182519K(1607680K)
[717.177s][info][gc,metaspace   ] GC(273) Metaspace: 29026K(29312K)->29026K(29312K) NonClass: 24138K(24256K)->24138K(24256K) Class: 4887K(5056K)->4887K(5056K)
[717.177s][info][gc             ] GC(273) Pause Full (Diagnostic Command) 2375M->1154M(3569M) 778.599ms
[717.177s][info][gc,cpu         ] GC(273) User=4.46s Sys=0.00s Real=0.77s
...[720.056s][info][gc,start       ] GC(274) Pause Young (Allocation Failure)
[720.110s][info][gc,heap        ] GC(274) PSYoungGen: 1710592K(2046976K)->110005K(2253312K) Eden: 1710592K(1710592K)->0K(1710592K) From: 0K(336384K)->110005K(542720K)
[720.110s][info][gc,heap        ] GC(274) ParOldGen: 1182519K(1607680K)->1182519K(1607680K)
[720.110s][info][gc,metaspace   ] GC(274) Metaspace: 29027K(29312K)->29027K(29312K) NonClass: 24139K(24256K)->24139K(24256K) Class: 4887K(5056K)->4887K(5056K)
[720.110s][info][gc             ] GC(274) Pause Young (Allocation Failure) 2825M->1262M(3770M) 53.734ms
[720.110s][info][gc,cpu         ] GC(274) User=0.32s Sys=0.00s Real=0.06s
. (rIR:aIR:PR = 3850:3865:3865) (tPR = 55831) [OK] 
   720s:       rampup IR =   5133 ..[722.902s][info][gc,start       ] GC(275) Pause Young (Allocation Failure)
[722.979s][info][gc,heap        ] GC(275) PSYoungGen: 1820597K(2253312K)->107888K(2227712K) Eden: 1710592K(1710592K)->0K(1717760K) From: 110005K(542720K)->107888K(509952K)
[722.979s][info][gc,heap        ] GC(275) ParOldGen: 1182519K(1607680K)->1260243K(1607680K)
[722.979s][info][gc,metaspace   ] GC(275) Metaspace: 29028K(29312K)->29028K(29312K) NonClass: 24140K(24256K)->24140K(24256K) Class: 4887K(5056K)->4887K(5056K)
[722.979s][info][gc             ] GC(275) Pause Young (Allocation Failure) 2932M->1336M(3745M) 77.241ms
[722.979s][info][gc,cpu         ] GC(275) User=0.46s Sys=0.00s Real=0.08s
.. (rIR:aIR:PR = 5133:5139:5140) (tPR = 78046) [OK] 
   724s:       rampup IR =   6416 .[725.449s][info][gc,start       ] GC(276) Pause Young (Allocation Failure)
[725.527s][info][gc,heap        ] GC(276) PSYoungGen: 1825648K(2227712K)->112032K(2244096K) Eden: 1717760K(1717760K)->0K(1717760K) From: 107888K(509952K)->112032K(526336K)
[725.527s][info][gc,heap        ] GC(276) ParOldGen: 1260243K(1607680K)->1339915K(1607680K)
[725.527s][info][gc,metaspace   ] GC(276) Metaspace: 29028K(29312K)->29028K(29312K) NonClass: 24140K(24256K)->24140K(24256K) Class: 4887K(5056K)->4887K(5056K)
[725.527s][info][gc             ] GC(276) Pause Young (Allocation Failure) 3013M->1417M(3761M) 78.485ms
[725.527s][info][gc,cpu         ] GC(276) User=0.47s Sys=0.00s Real=0.07s
..[727.702s][info][gc,start       ] GC(277) Pause Young (Allocation Failure)
[727.782s][info][gc,heap        ] GC(277) PSYoungGen: 1829733K(2244096K)->110164K(2238464K) Eden: 1717701K(1717760K)->0K(1756160K) From: 112032K(526336K)->110164K(482304K)
[727.782s][info][gc,heap        ] GC(277) ParOldGen: 1339915K(1607680K)->1419611K(1607680K)
[727.782s][info][gc,metaspace   ] GC(277) Metaspace: 29028K(29312K)->29028K(29312K) NonClass: 24141K(24256K)->24141K(24256K) Class: 4887K(5056K)->4887K(5056K)
[727.782s][info][gc             ] GC(277) Pause Young (Allocation Failure) 3095M->1493M(3756M) 80.238ms
[727.782s][info][gc,cpu         ] GC(277) User=0.47s Sys=0.00s Real=0.08s
. (rIR:aIR:PR = 6416:6422:6419) (tPR = 96022) [OK] 
   728s:       rampup IR =   7699 .[729.680s][info][gc,start       ] GC(278) Pause Young (Allocation Failure)
[729.759s][info][gc,heap        ] GC(278) PSYoungGen: 1866324K(2238464K)->109266K(2255872K) Eden: 1756160K(1756160K)->0K(1756160K) From: 110164K(482304K)->109266K(499712K)
[729.759s][info][gc,heap        ] GC(278) ParOldGen: 1419611K(1607680K)->1497667K(1607680K)
[729.759s][info][gc,metaspace   ] GC(278) Metaspace: 29028K(29312K)->29028K(29312K) NonClass: 24141K(24256K)->24141K(24256K) Class: 4887K(5056K)->4887K(5056K)
[729.759s][info][gc             ] GC(278) Pause Young (Allocation Failure) 3208M->1569M(3773M) 78.142ms
[729.759s][info][gc,cpu         ] GC(278) User=0.46s Sys=0.00s Real=0.08s
..[731.662s][info][gc,start       ] GC(279) Pause Young (Allocation Failure)
[731.744s][info][gc,heap        ] GC(279) PSYoungGen: 1865426K(2255872K)->116149K(2259968K) Eden: 1756160K(1756160K)->0K(1811456K) From: 109266K(499712K)->116149K(448512K)
[731.744s][info][gc,heap        ] GC(279) ParOldGen: 1497667K(1607680K)->1577003K(1607680K)
[731.744s][info][gc,metaspace   ] GC(279) Metaspace: 29029K(29312K)->29029K(29312K) NonClass: 24141K(24256K)->24141K(24256K) Class: 4887K(5056K)->4887K(5056K)
[731.744s][info][gc             ] GC(279) Pause Young (Allocation Failure) 3284M->1653M(3777M) 81.462ms
[731.744s][info][gc,cpu         ] GC(279) User=0.48s Sys=0.00s Real=0.08s
. (rIR:aIR:PR = 7699:7527:7522) (tPR = 111190) [OK] 
   732s:       rampup IR =   8982 .[733.463s][info][gc,start       ] GC(280) Pause Young (Allocation Failure)
[733.545s][info][gc,heap        ] GC(280) PSYoungGen: 1927605K(2259968K)->113824K(2279424K) Eden: 1811456K(1811456K)->0K(1811456K) From: 116149K(448512K)->113824K(467968K)
[733.545s][info][gc,heap        ] GC(280) ParOldGen: 1577003K(1607680K)->1654619K(1654784K)
[733.545s][info][gc,metaspace   ] GC(280) Metaspace: 29030K(29312K)->29030K(29312K) NonClass: 24143K(24256K)->24143K(24256K) Class: 4887K(5056K)->4887K(5056K)
[733.545s][info][gc             ] GC(280) Pause Young (Allocation Failure) 3422M->1726M(3842M) 82.651ms
[733.545s][info][gc,cpu         ] GC(280) User=0.47s Sys=0.02s Real=0.08s
.[735.174s][info][gc,start       ] GC(281) Pause Young (Allocation Failure)
[735.260s][info][gc,heap        ] GC(281) PSYoungGen: 1925280K(2279424K)->117328K(2289664K) Eden: 1811456K(1811456K)->0K(1876992K) From: 113824K(467968K)->117328K(412672K)
[735.260s][info][gc,heap        ] GC(281) ParOldGen: 1654619K(1654784K)->1736412K(1736704K)
[735.260s][info][gc,metaspace   ] GC(281) Metaspace: 29030K(29312K)->29030K(29312K) NonClass: 24143K(24256K)->24143K(24256K) Class: 4887K(5056K)->4887K(5056K)
[735.260s][info][gc             ] GC(281) Pause Young (Allocation Failure) 3495M->1810M(3932M) 86.100ms
[735.260s][info][gc,cpu         ] GC(281) User=0.47s Sys=0.03s Real=0.09s
..[736.918s][info][gc,start       ] GC(282) Pause Young (Allocation Failure)
[737.006s][info][gc,heap        ] GC(282) PSYoungGen: 1994320K(2289664K)->124101K(2310144K) Eden: 1876992K(1876992K)->0K(1876992K) From: 117328K(412672K)->124101K(433152K)
[737.006s][info][gc,heap        ] GC(282) ParOldGen: 1736412K(1736704K)->1813876K(1814016K)
[737.006s][info][gc,metaspace   ] GC(282) Metaspace: 29032K(29312K)->29032K(29312K) NonClass: 24144K(24256K)->24144K(24256K) Class: 4887K(5056K)->4887K(5056K)
[737.006s][info][gc             ] GC(282) Pause Young (Allocation Failure) 3643M->1892M(4027M) 88.411ms
[737.006s][info][gc,cpu         ] GC(282) User=0.50s Sys=0.02s Real=0.09s
.. (rIR:aIR:PR = 8982:8758:8761) (tPR = 128130) [OK] 
   738s:       rampup IR =  10266 [738.694s][info][gc,start       ] GC(283) Pause Young (Allocation Failure)
[738.782s][info][gc,heap        ] GC(283) PSYoungGen: 2001093K(2310144K)->112704K(2329088K) Eden: 1876992K(1876992K)->0K(1948160K) From: 124101K(433152K)->112704K(380928K)
[738.782s][info][gc,heap        ] GC(283) ParOldGen: 1813876K(1814016K)->1894892K(1894912K)
[738.782s][info][gc,metaspace   ] GC(283) Metaspace: 29032K(29312K)->29032K(29312K) NonClass: 24144K(24256K)->24144K(24256K) Class: 4887K(5056K)->4887K(5056K)
[738.782s][info][gc             ] GC(283) Pause Young (Allocation Failure) 3725M->1960M(4125M) 88.211ms
[738.782s][info][gc,cpu         ] GC(283) User=0.47s Sys=0.04s Real=0.09s
.[740.197s][info][gc,start       ] GC(284) Pause Young (Allocation Failure)
[740.286s][info][gc,heap        ] GC(284) PSYoungGen: 2060864K(2329088K)->125088K(2347008K) Eden: 1948160K(1948160K)->0K(1948160K) From: 112704K(380928K)->125088K(398848K)
[740.286s][info][gc,heap        ] GC(284) ParOldGen: 1894892K(1894912K)->1975468K(1975808K)
[740.286s][info][gc,metaspace   ] GC(284) Metaspace: 29032K(29312K)->29032K(29312K) NonClass: 24144K(24256K)->24144K(24256K) Class: 4887K(5056K)->4887K(5056K)
[740.287s][info][gc             ] GC(284) Pause Young (Allocation Failure) 3863M->2051M(4221M) 89.968ms
[740.287s][info][gc,cpu         ] GC(284) User=0.50s Sys=0.03s Real=0.09s
..[741.802s][info][gc,start       ] GC(285) Pause Young (Allocation Failure)
[741.898s][info][gc,heap        ] GC(285) PSYoungGen: 2073248K(2347008K)->129114K(2361344K) Eden: 1948160K(1948160K)->0K(2016256K) From: 125088K(398848K)->129114K(345088K)
[741.898s][info][gc,heap        ] GC(285) ParOldGen: 1975468K(1975808K)->2058028K(2058240K)
[741.898s][info][gc,metaspace   ] GC(285) Metaspace: 29032K(29312K)->29032K(29312K) NonClass: 24144K(24256K)->24144K(24256K) Class: 4887K(5056K)->4887K(5056K)
[741.898s][info][gc             ] GC(285) Pause Young (Allocation Failure) 3953M->2135M(4316M) 95.808ms
[741.898s][info][gc,cpu         ] GC(285) User=0.54s Sys=0.03s Real=0.09s
.. (rIR:aIR:PR = 10266:10113:10113) (tPR = 155225) [OK] 
   743s:       rampup IR =  11549 [743.483s][info][gc,start       ] GC(286) Pause Young (Allocation Failure)
[743.572s][info][gc,heap        ] GC(286) PSYoungGen: 2145370K(2361344K)->121088K(2379264K) Eden: 2016256K(2016256K)->0K(2016256K) From: 129114K(345088K)->121088K(363008K)
[743.572s][info][gc,heap        ] GC(286) ParOldGen: 2058028K(2058240K)->2139436K(2139648K)
[743.572s][info][gc,metaspace   ] GC(286) Metaspace: 29032K(29312K)->29032K(29312K) NonClass: 24144K(24256K)->24144K(24256K) Class: 4887K(5056K)->4887K(5056K)
[743.572s][info][gc             ] GC(286) Pause Young (Allocation Failure) 4104M->2207M(4413M) 89.057ms
[743.572s][info][gc,cpu         ] GC(286) User=0.51s Sys=0.01s Real=0.09s
.[744.899s][info][gc,start       ] GC(287) Pause Young (Allocation Failure)
[744.990s][info][gc,heap        ] GC(287) PSYoungGen: 2137344K(2379264K)->124928K(2399744K) Eden: 2016256K(2016256K)->0K(2085376K) From: 121088K(363008K)->124928K(314368K)
[744.990s][info][gc,heap        ] GC(287) ParOldGen: 2139436K(2139648K)->2224760K(2225152K)
[744.990s][info][gc,metaspace   ] GC(287) Metaspace: 29032K(29312K)->29032K(29312K) NonClass: 24144K(24256K)->24144K(24256K) Class: 4887K(5056K)->4887K(5056K)
[744.990s][info][gc             ] GC(287) Pause Young (Allocation Failure) 4176M->2294M(4516M) 90.952ms
[744.990s][info][gc,cpu         ] GC(287) User=0.51s Sys=0.02s Real=0.09s
..[746.432s][info][gc,start       ] GC(288) Pause Young (Allocation Failure)
[746.530s][info][gc,heap        ] GC(288) PSYoungGen: 2210304K(2399744K)->141248K(2417664K) Eden: 2085376K(2085376K)->0K(2085376K) From: 124928K(314368K)->141248K(332288K)
[746.530s][info][gc,heap        ] GC(288) ParOldGen: 2224760K(2225152K)->2307608K(2308096K)
[746.530s][info][gc,metaspace   ] GC(288) Metaspace: 29032K(29312K)->29032K(29312K) NonClass: 24144K(24256K)->24144K(24256K) Class: 4887K(5056K)->4887K(5056K)
[746.530s][info][gc             ] GC(288) Pause Young (Allocation Failure) 4331M->2391M(4615M) 98.411ms
[746.530s][info][gc,cpu         ] GC(288) User=0.56s Sys=0.02s Real=0.10s
. (rIR:aIR:PR = 11549:11596:11594) (tPR = 175087) [OK] 
   747s:       rampup IR =  12832 [748.029s][info][gc,start       ] GC(289) Pause Young (Allocation Failure)
[748.125s][info][gc,heap        ] GC(289) PSYoungGen: 2226624K(2417664K)->134016K(2434560K) Eden: 2085376K(2085376K)->0K(2148864K) From: 141248K(332288K)->134016K(285696K)
[748.125s][info][gc,heap        ] GC(289) ParOldGen: 2307608K(2308096K)->2394816K(2395136K)
[748.125s][info][gc,metaspace   ] GC(289) Metaspace: 29032K(29312K)->29032K(29312K) NonClass: 24144K(24256K)->24144K(24256K) Class: 4887K(5056K)->4887K(5056K)
[748.125s][info][gc             ] GC(289) Pause Young (Allocation Failure) 4427M->2469M(4716M) 96.213ms
[748.125s][info][gc,cpu         ] GC(289) User=0.53s Sys=0.03s Real=0.09s
..[749.488s][info][gc,start       ] GC(290) Pause Young (Allocation Failure)
[749.585s][info][gc,heap        ] GC(290) PSYoungGen: 2282880K(2434560K)->139936K(2449408K) Eden: 2148864K(2148864K)->0K(2148864K) From: 134016K(285696K)->139936K(300544K)
[749.586s][info][gc,heap        ] GC(290) ParOldGen: 2394816K(2395136K)->2480424K(2480640K)
[749.586s][info][gc,metaspace   ] GC(290) Metaspace: 29032K(29312K)->29032K(29312K) NonClass: 24144K(24256K)->24144K(24256K) Class: 4887K(5056K)->4887K(5056K)
[749.586s][info][gc             ] GC(290) Pause Young (Allocation Failure) 4568M->2558M(4814M) 97.672ms
[749.586s][info][gc,cpu         ] GC(290) User=0.55s Sys=0.03s Real=0.10s
.[750.986s][info][gc,start       ] GC(291) Pause Young (Allocation Failure)
[751.082s][info][gc,heap        ] GC(291) PSYoungGen: 2288800K(2449408K)->133744K(2470400K) Eden: 2148864K(2148864K)->0K(2209280K) From: 139936K(300544K)->133744K(261120K)
[751.082s][info][gc,heap        ] GC(291) ParOldGen: 2480424K(2480640K)->2568840K(2569216K)
[751.082s][info][gc,metaspace   ] GC(291) Metaspace: 29032K(29312K)->29032K(29312K) NonClass: 24144K(24256K)->24144K(24256K) Class: 4887K(5056K)->4887K(5056K)
[751.082s][info][gc             ] GC(291) Pause Young (Allocation Failure) 4657M->2639M(4921M) 96.394ms
[751.082s][info][gc,cpu         ] GC(291) User=0.55s Sys=0.02s Real=0.10s
.[752.532s][info][gc,start       ] GC(292) Pause Young (Allocation Failure)
[752.627s][info][gc,heap        ] GC(292) PSYoungGen: 2343024K(2470400K)->124352K(2483200K) Eden: 2209280K(2209280K)->0K(2209280K) From: 133744K(261120K)->124352K(273920K)
[752.627s][info][gc,heap        ] GC(292) ParOldGen: 2568840K(2569216K)->2657380K(2657792K)
[752.627s][info][gc,metaspace   ] GC(292) Metaspace: 29032K(29312K)->29032K(29312K) NonClass: 24144K(24256K)->24144K(24256K) Class: 4887K(5056K)->4887K(5056K)
[752.627s][info][gc             ] GC(292) Pause Young (Allocation Failure) 4796M->2716M(5020M) 94.454ms
[752.627s][info][gc,cpu         ] GC(292) User=0.53s Sys=0.02s Real=0.09s
..[753.939s][info][gc,start       ] GC(293) Pause Young (Allocation Failure)
[754.039s][info][gc,heap        ] GC(293) PSYoungGen: 2333632K(2483200K)->149968K(2500608K) Eden: 2209280K(2209280K)->0K(2257920K) From: 124352K(273920K)->149968K(242688K)
[754.039s][info][gc,heap        ] GC(293) ParOldGen: 2657380K(2657792K)->2738924K(2739200K)
[754.039s][info][gc,metaspace   ] GC(293) Metaspace: 29032K(29312K)->29032K(29312K) NonClass: 24144K(24256K)->24144K(24256K) Class: 4887K(5056K)->4887K(5056K)
[754.039s][info][gc             ] GC(293) Pause Young (Allocation Failure) 4874M->2821M(5117M) 99.926ms
[754.039s][info][gc,cpu         ] GC(293) User=0.56s Sys=0.03s Real=0.10s
.[755.473s][info][gc,start       ] GC(294) Pause Young (Allocation Failure)
[755.583s][info][gc,heap        ] GC(294) PSYoungGen: 2407888K(2500608K)->151392K(2512896K) Eden: 2257920K(2257920K)->0K(2257920K) From: 149968K(242688K)->151392K(254976K)
[755.583s][info][gc,heap        ] GC(294) ParOldGen: 2738924K(2739200K)->2836868K(2836992K)
[755.583s][info][gc,metaspace   ] GC(294) Metaspace: 29032K(29312K)->29032K(29312K) NonClass: 24144K(24256K)->24144K(24256K) Class: 4887K(5056K)->4887K(5056K)
[755.583s][info][gc             ] GC(294) Pause Young (Allocation Failure) 5026M->2918M(5224M) 109.414ms
[755.583s][info][gc,cpu         ] GC(294) User=0.62s Sys=0.02s Real=0.11s
.[756.940s][info][gc,start       ] GC(295) Pause Young (Allocation Failure)
[757.037s][info][gc,heap        ] GC(295) PSYoungGen: 2409312K(2512896K)->144720K(2517504K) Eden: 2257920K(2257920K)->0K(2294272K) From: 151392K(254976K)->144720K(223232K)
[757.037s][info][gc,heap        ] GC(295) ParOldGen: 2836868K(2836992K)->2920732K(2920960K)
[757.037s][info][gc,metaspace   ] GC(295) Metaspace: 29032K(29312K)->29032K(29312K) NonClass: 24144K(24256K)->24144K(24256K) Class: 4887K(5056K)->4887K(5056K)
[757.037s][info][gc             ] GC(295) Pause Young (Allocation Failure) 5123M->2993M(5311M) 97.583ms
[757.037s][info][gc,cpu         ] GC(295) User=0.56s Sys=0.02s Real=0.09s
..[758.514s][info][gc,start       ] GC(296) Pause Young (Allocation Failure)
[758.622s][info][gc,heap        ] GC(296) PSYoungGen: 2438992K(2517504K)->144736K(2531328K) Eden: 2294272K(2294272K)->0K(2294272K) From: 144720K(223232K)->144736K(237056K)
[758.622s][info][gc,heap        ] GC(296) ParOldGen: 2920732K(2920960K)->3017572K(3017728K)
[758.622s][info][gc,metaspace   ] GC(296) Metaspace: 29032K(29312K)->29032K(29312K) NonClass: 24144K(24256K)->24144K(24256K) Class: 4887K(5056K)->4887K(5056K)
[758.622s][info][gc             ] GC(296) Pause Young (Allocation Failure) 5234M->3088M(5419M) 107.599ms
[758.622s][info][gc,cpu         ] GC(296) User=0.61s Sys=0.03s Real=0.11s
. (rIR:aIR:PR = 12832:12564:12286) (tPR = 181112) [OK] 
   759s:       trying IR =  12932 [760.043s][info][gc,start       ] GC(297) Pause Young (Allocation Failure)
[760.144s][info][gc,heap        ] GC(297) PSYoungGen: 2439008K(2531328K)->147701K(2541056K) Eden: 2294272K(2294272K)->0K(2331136K) From: 144736K(237056K)->147701K(209920K)
[760.144s][info][gc,heap        ] GC(297) ParOldGen: 3017572K(3017728K)->3101988K(3102208K)
[760.144s][info][gc,metaspace   ] GC(297) Metaspace: 29032K(29312K)->29032K(29312K) NonClass: 24144K(24256K)->24144K(24256K) Class: 4887K(5056K)->4887K(5056K)
[760.144s][info][gc             ] GC(297) Pause Young (Allocation Failure) 5328M->3173M(5511M) 101.005ms
[760.144s][info][gc,cpu         ] GC(297) User=0.57s Sys=0.02s Real=0.10s
.[761.613s][info][gc,start       ] GC(298) Pause Young (Allocation Failure)
[761.762s][info][gc,heap        ] GC(298) PSYoungGen: 2478837K(2541056K)->139648K(2552320K) Eden: 2331136K(2331136K)->0K(2331136K) From: 147701K(209920K)->139648K(221184K)
[761.762s][info][gc,heap        ] GC(298) ParOldGen: 3101988K(3102208K)->3195868K(3195904K)
[761.762s][info][gc,metaspace   ] GC(298) Metaspace: 29032K(29312K)->29032K(29312K) NonClass: 24144K(24256K)->24144K(24256K) Class: 4887K(5056K)->4887K(5056K)
[761.762s][info][gc             ] GC(298) Pause Young (Allocation Failure) 5450M->3257M(5613M) 149.457ms
[761.762s][info][gc,cpu         ] GC(298) User=0.56s Sys=0.03s Real=0.15s
..[763.217s][info][gc,start       ] GC(299) Pause Young (Allocation Failure)
[763.320s][info][gc,heap        ] GC(299) PSYoungGen: 2470784K(2552320K)->145088K(2558464K) Eden: 2331136K(2331136K)->0K(2360832K) From: 139648K(221184K)->145088K(197632K)
[763.320s][info][gc,heap        ] GC(299) ParOldGen: 3195868K(3195904K)->3289540K(3289600K)
[763.320s][info][gc,metaspace   ] GC(299) Metaspace: 29032K(29312K)->29032K(29312K) NonClass: 24144K(24256K)->24144K(24256K) Class: 4887K(5056K)->4887K(5056K)
[763.320s][info][gc             ] GC(299) Pause Young (Allocation Failure) 5533M->3354M(5711M) 103.124ms
[763.320s][info][gc,cpu         ] GC(299) User=0.57s Sys=0.03s Real=0.11s
.[764.778s][info][gc,start       ] GC(300) Pause Young (Allocation Failure)
[764.879s][info][gc,heap        ] GC(300) PSYoungGen: 2505920K(2558464K)->144352K(2568704K) Eden: 2360832K(2360832K)->0K(2360832K) From: 145088K(197632K)->144352K(207872K)
[764.879s][info][gc,heap        ] GC(300) ParOldGen: 3289540K(3289600K)->3378756K(3379200K)
[764.879s][info][gc,metaspace   ] GC(300) Metaspace: 29032K(29312K)->29032K(29312K) NonClass: 24144K(24256K)->24144K(24256K) Class: 4887K(5056K)->4887K(5056K)
[764.879s][info][gc             ] GC(300) Pause Young (Allocation Failure) 5659M->3440M(5808M) 101.282ms
[764.879s][info][gc,cpu         ] GC(300) User=0.56s Sys=0.03s Real=0.11s
.[766.327s][info][gc,start       ] GC(301) Pause Young (Allocation Failure)
[766.432s][info][gc,heap        ] GC(301) PSYoungGen: 2505184K(2568704K)->148352K(2576384K) Eden: 2360832K(2360832K)->0K(2386944K) From: 144352K(207872K)->148352K(189440K)
[766.432s][info][gc,heap        ] GC(301) ParOldGen: 3378756K(3379200K)->3473364K(3473408K)
[766.432s][info][gc,metaspace   ] GC(301) Metaspace: 29032K(29312K)->29032K(29312K) NonClass: 24144K(24256K)->24144K(24256K) Class: 4887K(5056K)->4887K(5056K)
[766.432s][info][gc             ] GC(301) Pause Young (Allocation Failure) 5746M->3536M(5908M) 105.523ms
[766.432s][info][gc,cpu         ] GC(301) User=0.59s Sys=0.03s Real=0.11s
..[768.012s][info][gc,start       ] GC(302) Pause Young (Allocation Failure)
[768.115s][info][gc,heap        ] GC(302) PSYoungGen: 2535296K(2576384K)->141024K(2584064K) Eden: 2386944K(2386944K)->0K(2386944K) From: 148352K(189440K)->141024K(197120K)
[768.115s][info][gc,heap        ] GC(302) ParOldGen: 3473364K(3473408K)->3566524K(3566592K)
[768.115s][info][gc,metaspace   ] GC(302) Metaspace: 29032K(29312K)->29032K(29312K) NonClass: 24144K(24256K)->24144K(24256K) Class: 4887K(5056K)->4887K(5056K)
[768.115s][info][gc             ] GC(302) Pause Young (Allocation Failure) 5867M->3620M(6006M) 102.948ms
[768.115s][info][gc,cpu         ] GC(302) User=0.59s Sys=0.02s Real=0.10s
. (rIR:aIR:PR = 12932:12688:12448) (tPR = 182408) [OK] 
   768s:       trying IR =  12952 [769.538s][info][gc,start       ] GC(303) Pause Young (Allocation Failure)
[769.644s][info][gc,heap        ] GC(303) PSYoungGen: 2527968K(2584064K)->144800K(2586624K) Eden: 2386944K(2386944K)->0K(2406400K) From: 141024K(197120K)->144800K(180224K)
[769.644s][info][gc,heap        ] GC(303) ParOldGen: 3566524K(3566592K)->3655540K(3655680K)
[769.644s][info][gc,metaspace   ] GC(303) Metaspace: 29032K(29312K)->29032K(29312K) NonClass: 24144K(24256K)->24144K(24256K) Class: 4887K(5056K)->4887K(5056K)
[769.644s][info][gc             ] GC(303) Pause Young (Allocation Failure) 5951M->3711M(6096M) 105.145ms
[769.644s][info][gc,cpu         ] GC(303) User=0.58s Sys=0.04s Real=0.10s
.[771.277s][info][gc,start       ] GC(304) Pause Young (Allocation Failure)
[771.391s][info][gc,heap        ] GC(304) PSYoungGen: 2551200K(2586624K)->158741K(2594304K) Eden: 2406400K(2406400K)->0K(2406400K) From: 144800K(180224K)->158741K(187904K)
[771.391s][info][gc,heap        ] GC(304) ParOldGen: 3655540K(3655680K)->3750388K(3750400K)
[771.391s][info][gc,metaspace   ] GC(304) Metaspace: 29032K(29312K)->29032K(29312K) NonClass: 24144K(24256K)->24144K(24256K) Class: 4887K(5056K)->4887K(5056K)
[771.391s][info][gc             ] GC(304) Pause Young (Allocation Failure) 6061M->3817M(6196M) 113.172ms
[771.391s][info][gc,cpu         ] GC(304) User=0.64s Sys=0.03s Real=0.12s
..[772.863s][info][gc,start       ] GC(305) Pause Young (Allocation Failure)
[772.979s][info][gc,heap        ] GC(305) PSYoungGen: 2565141K(2594304K)->161616K(2604032K) Eden: 2406400K(2406400K)->0K(2415104K) From: 158741K(187904K)->161616K(188928K)
[772.979s][info][gc,heap        ] GC(305) ParOldGen: 3750388K(3750400K)->3841068K(3841536K)
[772.979s][info][gc,metaspace   ] GC(305) Metaspace: 29032K(29312K)->29032K(29312K) NonClass: 24144K(24256K)->24144K(24256K) Class: 4887K(5056K)->4887K(5056K)
[772.979s][info][gc             ] GC(305) Pause Young (Allocation Failure) 6167M->3908M(6294M) 116.031ms
[772.980s][info][gc,cpu         ] GC(305) User=0.63s Sys=0.05s Real=0.12s
.[774.516s][info][gc,start       ] GC(306) Pause Young (Allocation Failure)
[774.627s][info][gc,heap        ] GC(306) PSYoungGen: 2576720K(2604032K)->158740K(2605568K) Eden: 2415104K(2415104K)->0K(2415104K) From: 161616K(188928K)->158740K(190464K)
[774.627s][info][gc,heap        ] GC(306) ParOldGen: 3841068K(3841536K)->3935948K(3936256K)
[774.627s][info][gc,metaspace   ] GC(306) Metaspace: 29032K(29312K)->29032K(29312K) NonClass: 24144K(24256K)->24144K(24256K) Class: 4887K(5056K)->4887K(5056K)
[774.627s][info][gc             ] GC(306) Pause Young (Allocation Failure) 6267M->3998M(6388M) 110.953ms
[774.627s][info][gc,cpu         ] GC(306) User=0.62s Sys=0.04s Real=0.11s
.[776.098s][info][gc,start       ] GC(307) Pause Young (Allocation Failure)
[776.205s][info][gc,heap        ] GC(307) PSYoungGen: 2573844K(2605568K)->150977K(2599424K) Eden: 2415104K(2415104K)->0K(2415104K) From: 158740K(190464K)->150977K(184320K)
[776.205s][info][gc,heap        ] GC(307) ParOldGen: 3935948K(3936256K)->4027860K(4027904K)
[776.205s][info][gc,metaspace   ] GC(307) Metaspace: 29032K(29312K)->29032K(29312K) NonClass: 24144K(24256K)->24144K(24256K) Class: 4887K(5056K)->4887K(5056K)
[776.205s][info][gc             ] GC(307) Pause Young (Allocation Failure) 6357M->4080M(6472M) 106.813ms
[776.205s][info][gc,cpu         ] GC(307) User=0.59s Sys=0.03s Real=0.11s
..[777.653s][info][gc,start       ] GC(308) Pause Young (Allocation Failure)
[777.816s][info][gc,heap        ] GC(308) PSYoungGen: 2566081K(2599424K)->164768K(2602496K) Eden: 2415104K(2415104K)->0K(2415104K) From: 150977K(184320K)->164768K(187392K)
[777.816s][info][gc,heap        ] GC(308) ParOldGen: 4027860K(4027904K)->4121332K(4121600K)
[777.816s][info][gc,metaspace   ] GC(308) Metaspace: 29032K(29312K)->29032K(29312K) NonClass: 24144K(24256K)->24144K(24256K) Class: 4887K(5056K)->4887K(5056K)
[777.816s][info][gc             ] GC(308) Pause Young (Allocation Failure) 6439M->4185M(6566M) 163.310ms
[777.817s][info][gc,cpu         ] GC(308) User=0.64s Sys=0.04s Real=0.16s
.[779.291s][info][gc,start       ] GC(309) Pause Young (Allocation Failure)
[779.406s][info][gc,heap        ] GC(309) PSYoungGen: 2579872K(2602496K)->155594K(2606592K) Eden: 2415104K(2415104K)->0K(2419200K) From: 164768K(187392K)->155594K(187392K)
[779.406s][info][gc,heap        ] GC(309) ParOldGen: 4121332K(4121600K)->4219660K(4219904K)
[779.406s][info][gc,metaspace   ] GC(309) Metaspace: 29032K(29312K)->29032K(29312K) NonClass: 24144K(24256K)->24144K(24256K) Class: 4887K(5056K)->4887K(5056K)
[779.406s][info][gc             ] GC(309) Pause Young (Allocation Failure) 6544M->4272M(6666M) 115.133ms
[779.406s][info][gc,cpu         ] GC(309) User=0.65s Sys=0.03s Real=0.11s
.[780.907s][info][gc,start       ] GC(310) Pause Young (Allocation Failure)
[781.015s][info][gc,heap        ] GC(310) PSYoungGen: 2574794K(2606592K)->158624K(2606592K) Eden: 2419200K(2419200K)->0K(2419200K) From: 155594K(187392K)->158624K(187392K)
[781.015s][info][gc,heap        ] GC(310) ParOldGen: 4219660K(4219904K)->4308308K(4308480K)
[781.015s][info][gc,metaspace   ] GC(310) Metaspace: 29032K(29312K)->29032K(29312K) NonClass: 24144K(24256K)->24144K(24256K) Class: 4887K(5056K)->4887K(5056K)
[781.015s][info][gc             ] GC(310) Pause Young (Allocation Failure) 6635M->4362M(6753M) 107.889ms
[781.015s][info][gc,cpu         ] GC(310) User=0.62s Sys=0.03s Real=0.11s
..[782.539s][info][gc,start       ] GC(311) Pause Young (Allocation Failure)
[782.661s][info][gc,heap        ] GC(311) PSYoungGen: 2577824K(2606592K)->168304K(2604032K) Eden: 2419200K(2419200K)->0K(2417152K) From: 158624K(187392K)->168304K(186880K)
[782.661s][info][gc,heap        ] GC(311) ParOldGen: 4308308K(4308480K)->4403956K(4404224K)
[782.661s][info][gc,metaspace   ] GC(311) Metaspace: 29032K(29312K)->29032K(29312K) NonClass: 24144K(24256K)->24144K(24256K) Class: 4887K(5056K)->4887K(5056K)
[782.661s][info][gc             ] GC(311) Pause Young (Allocation Failure) 6724M->4465M(6844M) 121.133ms
[782.661s][info][gc,cpu         ] GC(311) User=0.69s Sys=0.03s Real=0.12s
. (rIR:aIR:PR = 12952:12724:12505) (tPR = 186393) [OK] 
   783s:       trying IR =  12976 [784.216s][info][gc,start       ] GC(312) Pause Young (Allocation Failure)
[784.320s][info][gc,heap        ] GC(312) PSYoungGen: 2585456K(2604032K)->142752K(2606592K) Eden: 2417152K(2417152K)->0K(2417152K) From: 168304K(186880K)->142752K(189440K)
[784.320s][info][gc,heap        ] GC(312) ParOldGen: 4403956K(4404224K)->4495500K(4495872K)
[784.320s][info][gc,metaspace   ] GC(312) Metaspace: 29036K(29312K)->29036K(29312K) NonClass: 24148K(24256K)->24148K(24256K) Class: 4887K(5056K)->4887K(5056K)
[784.320s][info][gc             ] GC(312) Pause Young (Allocation Failure) 6825M->4529M(6936M) 104.414ms
[784.320s][info][gc,cpu         ] GC(312) User=0.58s Sys=0.03s Real=0.11s
.[785.840s][info][gc,start       ] GC(313) Pause Young (Allocation Failure)
[785.951s][info][gc,heap        ] GC(313) PSYoungGen: 2559904K(2606592K)->152629K(2598400K) Eden: 2417152K(2417152K)->0K(2418688K) From: 142752K(189440K)->152629K(179712K)
[785.951s][info][gc,heap        ] GC(313) ParOldGen: 4495500K(4495872K)->4585364K(4585472K)
[785.951s][info][gc,metaspace   ] GC(313) Metaspace: 29036K(29312K)->29036K(29312K) NonClass: 24148K(24256K)->24148K(24256K) Class: 4887K(5056K)->4887K(5056K)
[785.951s][info][gc             ] GC(313) Pause Young (Allocation Failure) 6890M->4626M(7015M) 110.952ms
[785.951s][info][gc,cpu         ] GC(313) User=0.62s Sys=0.03s Real=0.11s
..[787.444s][info][gc,start       ] GC(314) Pause Young (Allocation Failure)
[787.555s][info][gc,heap        ] GC(314) PSYoungGen: 2571317K(2598400K)->157682K(2603008K) Eden: 2418688K(2418688K)->0K(2418688K) From: 152629K(179712K)->157682K(184320K)
[787.555s][info][gc,heap        ] GC(314) ParOldGen: 4585364K(4585472K)->4679700K(4680192K)
[787.555s][info][gc,metaspace   ] GC(314) Metaspace: 29036K(29312K)->29036K(29312K) NonClass: 24148K(24256K)->24148K(24256K) Class: 4887K(5056K)->4887K(5056K)
[787.555s][info][gc             ] GC(314) Pause Young (Allocation Failure) 6988M->4724M(7112M) 111.474ms
[787.555s][info][gc,cpu         ] GC(314) User=0.63s Sys=0.02s Real=0.11s
.[789.132s][info][gc,start       ] GC(315) Pause Young (Allocation Failure)
[789.244s][info][gc,heap        ] GC(315) PSYoungGen: 2576370K(2603008K)->153268K(2604544K) Eden: 2418688K(2418688K)->0K(2428416K) From: 157682K(184320K)->153268K(176128K)
[789.244s][info][gc,heap        ] GC(315) ParOldGen: 4679700K(4680192K)->4774524K(4774912K)
[789.244s][info][gc,metaspace   ] GC(315) Metaspace: 29036K(29312K)->29036K(29312K) NonClass: 24148K(24256K)->24148K(24256K) Class: 4887K(5056K)->4887K(5056K)
[789.244s][info][gc             ] GC(315) Pause Young (Allocation Failure) 7086M->4812M(7206M) 111.858ms
[789.244s][info][gc,cpu         ] GC(315) User=0.63s Sys=0.04s Real=0.11s
.[790.729s][info][gc,start       ] GC(316) Pause Young (Allocation Failure)
[790.839s][info][gc,heap        ] GC(316) PSYoungGen: 2581684K(2604544K)->158142K(2608640K) Eden: 2428416K(2428416K)->0K(2428416K) From: 153268K(176128K)->158142K(180224K)
[790.839s][info][gc,heap        ] GC(316) ParOldGen: 4774524K(4774912K)->4862340K(4862464K)
[790.839s][info][gc,metaspace   ] GC(316) Metaspace: 29036K(29312K)->29036K(29312K) NonClass: 24148K(24256K)->24148K(24256K) Class: 4887K(5056K)->4887K(5056K)
[790.839s][info][gc             ] GC(316) Pause Young (Allocation Failure) 7183M->4902M(7296M) 110.377ms
[790.839s][info][gc,cpu         ] GC(316) User=0.62s Sys=0.03s Real=0.11s
.[792.231s][info][gc,start       ] GC(317) Pause Young (Allocation Failure)
[792.345s][info][gc,heap        ] GC(317) PSYoungGen: 2586558K(2608640K)->164064K(2614272K) Eden: 2428416K(2428416K)->0K(2434560K) From: 158142K(180224K)->164064K(179712K)
[792.345s][info][gc,heap        ] GC(317) ParOldGen: 4862340K(4862464K)->4959324K(4959744K)
[792.345s][info][gc,metaspace   ] GC(317) Metaspace: 29036K(29312K)->29036K(29312K) NonClass: 24148K(24256K)->24148K(24256K) Class: 4887K(5056K)->4887K(5056K)
[792.345s][info][gc             ] GC(317) Pause Young (Allocation Failure) 7274M->5003M(7396M) 114.385ms
[792.345s][info][gc,cpu         ] GC(317) User=0.64s Sys=0.03s Real=0.11s
.[793.906s][info][gc,start       ] GC(318) Pause Young (Allocation Failure)
[794.022s][info][gc,heap        ] GC(318) PSYoungGen: 2598624K(2614272K)->152569K(2587136K) Eden: 2434560K(2434560K)->0K(2434560K) From: 164064K(179712K)->152569K(152576K)
[794.022s][info][gc,heap        ] GC(318) ParOldGen: 4959324K(4959744K)->5057292K(5057536K)
[794.022s][info][gc,metaspace   ] GC(318) Metaspace: 29036K(29312K)->29036K(29312K) NonClass: 24148K(24256K)->24148K(24256K) Class: 4887K(5056K)->4887K(5056K)
[794.022s][info][gc             ] GC(318) Pause Young (Allocation Failure) 7380M->5087M(7465M) 116.044ms
[794.022s][info][gc,cpu         ] GC(318) User=0.65s Sys=0.04s Real=0.12s
..[795.435s][info][gc,start       ] GC(319) Pause Young (Allocation Failure)
[795.546s][info][gc,heap        ] GC(319) PSYoungGen: 2587129K(2587136K)->152096K(2616320K) Eden: 2434560K(2434560K)->0K(2437632K) From: 152569K(152576K)->152096K(178688K)
[795.546s][info][gc,heap        ] GC(319) ParOldGen: 5057292K(5057536K)->5149508K(5149696K)
[795.546s][info][gc,metaspace   ] GC(319) Metaspace: 29036K(29312K)->29036K(29312K) NonClass: 24148K(24256K)->24148K(24256K) Class: 4887K(5056K)->4887K(5056K)
[795.546s][info][gc             ] GC(319) Pause Young (Allocation Failure) 7465M->5177M(7584M) 111.050ms
[795.546s][info][gc,cpu         ] GC(319) User=0.63s Sys=0.02s Real=0.11s
.[797.128s][info][gc,start       ] GC(320) Pause Young (Allocation Failure)
[797.235s][info][gc,heap        ] GC(320) PSYoungGen: 2589728K(2616320K)->145458K(2614272K) Eden: 2437632K(2437632K)->0K(2437632K) From: 152096K(178688K)->145458K(176640K)
[797.235s][info][gc,heap        ] GC(320) ParOldGen: 5149508K(5149696K)->5245476K(5245952K)
[797.235s][info][gc,metaspace   ] GC(320) Metaspace: 29036K(29312K)->29036K(29312K) NonClass: 24148K(24256K)->24148K(24256K) Class: 4887K(5056K)->4887K(5056K)
[797.235s][info][gc             ] GC(320) Pause Young (Allocation Failure) 7557M->5264M(7676M) 106.919ms
[797.235s][info][gc,cpu         ] GC(320) User=0.59s Sys=0.04s Real=0.11s
. (rIR:aIR:PR = 12976:12644:12451) (tPR = 181210) [OK] 
   797s:       trying IR =  13005 [798.805s][info][gc,start       ] GC(321) Pause Young (Allocation Failure)
[798.910s][info][gc,heap        ] GC(321) PSYoungGen: 2583090K(2614272K)->144480K(2616832K) Eden: 2437632K(2437632K)->0K(2441216K) From: 145458K(176640K)->144480K(175616K)
[798.910s][info][gc,heap        ] GC(321) ParOldGen: 5245476K(5245952K)->5336508K(5336576K)
[798.910s][info][gc,metaspace   ] GC(321) Metaspace: 29036K(29312K)->29036K(29312K) NonClass: 24148K(24256K)->24148K(24256K) Class: 4887K(5056K)->4887K(5056K)
[798.910s][info][gc             ] GC(321) Pause Young (Allocation Failure) 7645M->5352M(7767M) 105.367ms
[798.910s][info][gc,cpu         ] GC(321) User=0.59s Sys=0.03s Real=0.11s
.[800.360s][info][gc,start       ] GC(322) Pause Young (Allocation Failure)
[800.476s][info][gc,heap        ] GC(322) PSYoungGen: 2585696K(2616832K)->162228K(2616320K) Eden: 2441216K(2441216K)->0K(2441216K) From: 144480K(175616K)->162228K(175104K)
[800.476s][info][gc,heap        ] GC(322) ParOldGen: 5336508K(5336576K)->5426388K(5426688K)
[800.476s][info][gc,metaspace   ] GC(322) Metaspace: 29036K(29312K)->29036K(29312K) NonClass: 24148K(24256K)->24148K(24256K) Class: 4887K(5056K)->4887K(5056K)
[800.476s][info][gc             ] GC(322) Pause Young (Allocation Failure) 7736M->5457M(7854M) 116.446ms
[800.476s][info][gc,cpu         ] GC(322) User=0.66s Sys=0.03s Real=0.11s
..[802.068s][info][gc,start       ] GC(323) Pause Young (Allocation Failure)
[802.179s][info][gc,heap        ] GC(323) PSYoungGen: 2603444K(2616320K)->150464K(2618368K) Eden: 2441216K(2441216K)->0K(2444288K) From: 162228K(175104K)->150464K(174080K)
[802.179s][info][gc,heap        ] GC(323) ParOldGen: 5426388K(5426688K)->5525020K(5525504K)
[802.179s][info][gc,metaspace   ] GC(323) Metaspace: 29036K(29312K)->29036K(29312K) NonClass: 24148K(24256K)->24148K(24256K) Class: 4887K(5056K)->4887K(5056K)
[802.179s][info][gc             ] GC(323) Pause Young (Allocation Failure) 7841M->5542M(7953M) 110.958ms
[802.179s][info][gc,cpu         ] GC(323) User=0.61s Sys=0.03s Real=0.12s
.[803.725s][info][gc,start       ] GC(324) Pause Full (Allocation Failure)
[803.725s][info][gc,phases,start] GC(324) Marking Phase
[804.023s][info][gc,phases      ] GC(324) Marking Phase 297.877ms
[804.023s][info][gc,phases,start] GC(324) Summary Phase
[804.023s][info][gc,phases      ] GC(324) Summary Phase 0.094ms
[804.023s][info][gc,phases,start] GC(324) Forward
[804.162s][info][gc,phases      ] GC(324) Forward 138.920ms
[804.162s][info][gc,phases,start] GC(324) Adjust Pointers
[804.370s][info][gc,phases      ] GC(324) Adjust Pointers 207.991ms
[804.370s][info][gc,phases,start] GC(324) Compaction Phase
[804.512s][info][gc,phases      ] GC(324) Compaction Phase 141.840ms
[804.514s][info][gc,phases,start] GC(324) Post Compact
[804.521s][info][gc,phases      ] GC(324) Post Compact 6.965ms
[804.648s][info][gc,heap        ] GC(324) PSYoungGen: 2594752K(2618368K)->0K(2618880K) Eden: 2444288K(2444288K)->0K(2444288K) From: 150464K(174080K)->0K(174592K)
[804.648s][info][gc,heap        ] GC(324) ParOldGen: 5525020K(5525504K)->1430344K(1629696K)
[804.648s][info][gc,metaspace   ] GC(324) Metaspace: 29036K(29312K)->29036K(29312K) NonClass: 24148K(24256K)->24148K(24256K) Class: 4887K(5056K)->4887K(5056K)
[804.648s][info][gc             ] GC(324) Pause Full (Allocation Failure) 7929M->1396M(4149M) 922.676ms
[804.648s][info][gc,cpu         ] GC(324) User=4.27s Sys=0.13s Real=0.92s
..[806.029s][info][gc,start       ] GC(325) Pause Young (Allocation Failure)
[806.106s][info][gc,heap        ] GC(325) PSYoungGen: 2444288K(2618880K)->164199K(2617344K) Eden: 2444288K(2444288K)->0K(2442752K) From: 0K(174592K)->164199K(174592K)
[806.106s][info][gc,heap        ] GC(325) ParOldGen: 1430344K(1629696K)->1430344K(1629696K)
[806.106s][info][gc,metaspace   ] GC(325) Metaspace: 29036K(29312K)->29036K(29312K) NonClass: 24148K(24256K)->24148K(24256K) Class: 4887K(5056K)->4887K(5056K)
[806.106s][info][gc             ] GC(325) Pause Young (Allocation Failure) 3783M->1557M(4147M) 76.724ms
[806.106s][info][gc,cpu         ] GC(325) User=0.45s Sys=0.01s Real=0.07s
.[807.782s][info][gc,start       ] GC(326) Pause Young (Allocation Failure)
[807.890s][info][gc,heap        ] GC(326) PSYoungGen: 2606951K(2617344K)->157897K(2619392K) Eden: 2442752K(2442752K)->0K(2442752K) From: 164199K(174592K)->157897K(176640K)
[807.890s][info][gc,heap        ] GC(326) ParOldGen: 1430344K(1629696K)->1535512K(1629696K)
[807.890s][info][gc,metaspace   ] GC(326) Metaspace: 29036K(29312K)->29036K(29312K) NonClass: 24148K(24256K)->24148K(24256K) Class: 4887K(5056K)->4887K(5056K)
[807.890s][info][gc             ] GC(326) Pause Young (Allocation Failure) 3942M->1653M(4149M) 107.930ms
[807.890s][info][gc,cpu         ] GC(326) User=0.64s Sys=0.00s Real=0.11s
.[809.360s][info][gc,start       ] GC(327) Pause Young (Allocation Failure)
[809.467s][info][gc,heap        ] GC(327) PSYoungGen: 2600649K(2619392K)->159696K(2618368K) Eden: 2442752K(2442752K)->0K(2443776K) From: 157897K(176640K)->159696K(174592K)
[809.467s][info][gc,heap        ] GC(327) ParOldGen: 1535512K(1629696K)->1623088K(1629696K)
[809.467s][info][gc,metaspace   ] GC(327) Metaspace: 29036K(29312K)->29036K(29312K) NonClass: 24148K(24256K)->24148K(24256K) Class: 4887K(5056K)->4887K(5056K)
[809.467s][info][gc             ] GC(327) Pause Young (Allocation Failure) 4039M->1741M(4148M) 107.286ms
[809.467s][info][gc,cpu         ] GC(327) User=0.63s Sys=0.00s Real=0.10s
.[811.052s][info][gc,start       ] GC(328) Pause Young (Allocation Failure)
[811.157s][info][gc,heap        ] GC(328) PSYoungGen: 2603472K(2618368K)->150820K(2619392K) Eden: 2443776K(2443776K)->0K(2443776K) From: 159696K(174592K)->150820K(175616K)
[811.157s][info][gc,heap        ] GC(328) ParOldGen: 1623088K(1629696K)->1715360K(1715712K)
[811.157s][info][gc,metaspace   ] GC(328) Metaspace: 29036K(29312K)->29036K(29312K) NonClass: 24148K(24256K)->24148K(24256K) Class: 4887K(5056K)->4887K(5056K)
[811.157s][info][gc             ] GC(328) Pause Young (Allocation Failure) 4127M->1822M(4233M) 104.888ms
[811.157s][info][gc,cpu         ] GC(328) User=0.59s Sys=0.03s Real=0.10s
.[812.645s][info][gc,start       ] GC(329) Pause Young (Allocation Failure)
[812.801s][info][gc,heap        ] GC(329) PSYoungGen: 2594596K(2619392K)->154807K(2617856K) Eden: 2443776K(2443776K)->0K(2446336K) From: 150820K(175616K)->154807K(171520K)
[812.801s][info][gc,heap        ] GC(329) ParOldGen: 1715360K(1715712K)->1809232K(1809408K)
[812.801s][info][gc,metaspace   ] GC(329) Metaspace: 29036K(29312K)->29036K(29312K) NonClass: 24148K(24256K)->24148K(24256K) Class: 4887K(5056K)->4887K(5056K)
[812.801s][info][gc             ] GC(329) Pause Young (Allocation Failure) 4208M->1918M(4323M) 156.350ms
[812.801s][info][gc,cpu         ] GC(329) User=0.61s Sys=0.03s Real=0.16s
..[814.321s][info][gc,start       ] GC(330) Pause Young (Allocation Failure)
[814.430s][info][gc,heap        ] GC(330) PSYoungGen: 2601143K(2617856K)->156640K(2618880K) Eden: 2446336K(2446336K)->0K(2446336K) From: 154807K(171520K)->156640K(172544K)
[814.430s][info][gc,heap        ] GC(330) ParOldGen: 1809232K(1809408K)->1906072K(1906176K)
[814.430s][info][gc,metaspace   ] GC(330) Metaspace: 29036K(29312K)->29036K(29312K) NonClass: 24148K(24256K)->24148K(24256K) Class: 4887K(5056K)->4887K(5056K)
[814.430s][info][gc             ] GC(330) Pause Young (Allocation Failure) 4307M->2014M(4419M) 108.894ms
[814.430s][info][gc,cpu         ] GC(330) User=0.62s Sys=0.03s Real=0.11s
.[815.971s][info][gc,start       ] GC(331) Pause Young (Allocation Failure)
[816.075s][info][gc,heap        ] GC(331) PSYoungGen: 2602976K(2618880K)->155808K(2620416K) Eden: 2446336K(2446336K)->0K(2451968K) From: 156640K(172544K)->155808K(168448K)
[816.075s][info][gc,heap        ] GC(331) ParOldGen: 1906072K(1906176K)->1996040K(1996288K)
[816.075s][info][gc,metaspace   ] GC(331) Metaspace: 29036K(29312K)->29036K(29312K) NonClass: 24148K(24256K)->24148K(24256K) Class: 4887K(5056K)->4887K(5056K)
[816.075s][info][gc             ] GC(331) Pause Young (Allocation Failure) 4403M->2101M(4508M) 104.261ms
[816.076s][info][gc,cpu         ] GC(331) User=0.59s Sys=0.03s Real=0.10s
.[817.573s][info][gc,start       ] GC(332) Pause Young (Allocation Failure)
[817.729s][info][gc,heap        ] GC(332) PSYoungGen: 2607776K(2620416K)->155904K(2621952K) Eden: 2451968K(2451968K)->0K(2451968K) From: 155808K(168448K)->155904K(169984K)
[817.729s][info][gc,heap        ] GC(332) ParOldGen: 1996040K(1996288K)->2092928K(2093056K)
[817.729s][info][gc,metaspace   ] GC(332) Metaspace: 29036K(29312K)->29036K(29312K) NonClass: 24148K(24256K)->24148K(24256K) Class: 4887K(5056K)->4887K(5056K)
[817.729s][info][gc             ] GC(332) Pause Young (Allocation Failure) 4495M->2196M(4604M) 155.615ms
[817.729s][info][gc,cpu         ] GC(332) User=0.62s Sys=0.02s Real=0.16s
.[819.233s][info][gc,start       ] GC(333) Pause Young (Allocation Failure)
[819.342s][info][gc,heap        ] GC(333) PSYoungGen: 2607872K(2621952K)->158992K(2625536K) Eden: 2451968K(2451968K)->0K(2457088K) From: 155904K(169984K)->158992K(168448K)
[819.342s][info][gc,heap        ] GC(333) ParOldGen: 2092928K(2093056K)->2188760K(2188800K)
[819.342s][info][gc,metaspace   ] GC(333) Metaspace: 29036K(29312K)->29036K(29312K) NonClass: 24148K(24256K)->24148K(24256K) Class: 4887K(5056K)->4887K(5056K)
[819.342s][info][gc             ] GC(333) Pause Young (Allocation Failure) 4590M->2292M(4701M) 109.227ms
[819.342s][info][gc,cpu         ] GC(333) User=0.62s Sys=0.03s Real=0.11s
.[820.833s][info][gc,start       ] GC(334) Pause Young (Allocation Failure)
[820.952s][info][gc,heap        ] GC(334) PSYoungGen: 2616080K(2625536K)->168952K(2626048K) Eden: 2457088K(2457088K)->0K(2457088K) From: 158992K(168448K)->168952K(168960K)
[820.952s][info][gc,heap        ] GC(334) ParOldGen: 2188760K(2188800K)->2288216K(2288640K)
[820.952s][info][gc,metaspace   ] GC(334) Metaspace: 29036K(29312K)->29036K(29312K) NonClass: 24148K(24256K)->24148K(24256K) Class: 4887K(5056K)->4887K(5056K)
[820.952s][info][gc             ] GC(334) Pause Young (Allocation Failure) 4692M->2399M(4799M) 118.622ms
[820.952s][info][gc,cpu         ] GC(334) User=0.68s Sys=0.03s Real=0.12s
..[822.498s][info][gc,start       ] GC(335) Pause Young (Allocation Failure)
[822.603s][info][gc,heap        ] GC(335) PSYoungGen: 2626040K(2626048K)->151520K(2550272K) Eden: 2457088K(2457088K)->0K(2380288K) From: 168952K(168960K)->151520K(169984K)
[822.603s][info][gc,heap        ] GC(335) ParOldGen: 2288216K(2288640K)->2381560K(2381824K)
[822.603s][info][gc,metaspace   ] GC(335) Metaspace: 29036K(29312K)->29036K(29312K) NonClass: 24148K(24256K)->24148K(24256K) Class: 4887K(5056K)->4887K(5056K)
[822.603s][info][gc             ] GC(335) Pause Young (Allocation Failure) 4799M->2473M(4816M) 104.850ms
[822.603s][info][gc,cpu         ] GC(335) User=0.60s Sys=0.03s Real=0.11s
.[824.079s][info][gc,start       ] GC(336) Pause Young (Allocation Failure)
[824.188s][info][gc,heap        ] GC(336) PSYoungGen: 2531808K(2550272K)->161652K(2588160K) Eden: 2380288K(2380288K)->0K(2380288K) From: 151520K(169984K)->161652K(207872K)
[824.188s][info][gc,heap        ] GC(336) ParOldGen: 2381560K(2381824K)->2474704K(2475008K)
[824.188s][info][gc,metaspace   ] GC(336) Metaspace: 29036K(29312K)->29036K(29312K) NonClass: 24148K(24256K)->24148K(24256K) Class: 4887K(5056K)->4887K(5056K)
[824.188s][info][gc             ] GC(336) Pause Young (Allocation Failure) 4798M->2574M(4944M) 109.109ms
[824.188s][info][gc,cpu         ] GC(336) User=0.61s Sys=0.03s Real=0.11s
.[825.636s][info][gc,start       ] GC(337) Pause Young (Allocation Failure)
[825.794s][info][gc,heap        ] GC(337) PSYoungGen: 2541940K(2588160K)->159285K(2578432K) Eden: 2380288K(2380288K)->0K(2383872K) From: 161652K(207872K)->159285K(194560K)
[825.794s][info][gc,heap        ] GC(337) ParOldGen: 2474704K(2475008K)->2570880K(2571264K)
[825.794s][info][gc,metaspace   ] GC(337) Metaspace: 29036K(29312K)->29036K(29312K) NonClass: 24148K(24256K)->24148K(24256K) Class: 4887K(5056K)->4887K(5056K)
[825.794s][info][gc             ] GC(337) Pause Young (Allocation Failure) 4899M->2666M(5029M) 157.796ms
[825.794s][info][gc,cpu         ] GC(337) User=0.62s Sys=0.04s Real=0.16s
.[827.342s][info][gc,start       ] GC(338) Pause Young (Allocation Failure)
[827.444s][info][gc,heap        ] GC(338) PSYoungGen: 2543157K(2578432K)->144949K(2585088K) Eden: 2383872K(2383872K)->0K(2383872K) From: 159285K(194560K)->144949K(201216K)
[827.444s][info][gc,heap        ] GC(338) ParOldGen: 2570880K(2571264K)->2663192K(2663424K)
[827.444s][info][gc,metaspace   ] GC(338) Metaspace: 29036K(29312K)->29036K(29312K) NonClass: 24148K(24256K)->24148K(24256K) Class: 4887K(5056K)->4887K(5056K)
[827.444s][info][gc             ] GC(338) Pause Young (Allocation Failure) 4994M->2742M(5125M) 102.560ms
[827.444s][info][gc,cpu         ] GC(338) User=0.57s Sys=0.03s Real=0.10s
.[828.796s][info][gc,start       ] GC(339) Pause Young (Allocation Failure)
[828.910s][info][gc,heap        ] GC(339) PSYoungGen: 2528821K(2585088K)->177136K(2591232K) Eden: 2383872K(2383872K)->0K(2390528K) From: 144949K(201216K)->177136K(200704K)
[828.910s][info][gc,heap        ] GC(339) ParOldGen: 2663192K(2663424K)->2748952K(2749440K)
[828.910s][info][gc,metaspace   ] GC(339) Metaspace: 29036K(29312K)->29036K(29312K) NonClass: 24148K(24256K)->24148K(24256K) Class: 4887K(5056K)->4887K(5056K)
[828.910s][info][gc             ] GC(339) Pause Young (Allocation Failure) 5070M->2857M(5215M) 114.647ms
[828.910s][info][gc,cpu         ] GC(339) User=0.65s Sys=0.03s Real=0.12s
. (rIR:aIR:PR = 13005:12439:12315) (tPR = 181045) [PR is under limit] 
   828s: Re-initializing (term[830.465s][info][gc,start       ] GC(340) Pause Young (Allocation Failure)
[830.584s][info][gc,heap        ] GC(340) PSYoungGen: 2567664K(2591232K)->165113K(2555904K) Eden: 2390528K(2390528K)->0K(2390528K) From: 177136K(200704K)->165113K(165376K)
[830.584s][info][gc,heap        ] GC(340) ParOldGen: 2748952K(2749440K)->2860880K(2861056K)
[830.584s][info][gc,metaspace   ] GC(340) Metaspace: 29036K(29312K)->29036K(29312K) NonClass: 24148K(24256K)->24148K(24256K) Class: 4887K(5056K)->4887K(5056K)
[830.584s][info][gc             ] GC(340) Pause Young (Allocation Failure) 5192M->2955M(5290M) 119.089ms
[830.584s][info][gc,cpu         ] GC(340) User=0.67s Sys=0.03s Real=0.12s
[832.042s][info][gc,start       ] GC(341) Pause Young (Allocation Failure)
[832.157s][info][gc,heap        ] GC(341) PSYoungGen: 2555641K(2555904K)->171040K(2592768K) Eden: 2390528K(2390528K)->0K(2393600K) From: 165113K(165376K)->171040K(199168K)
[832.157s][info][gc,heap        ] GC(341) ParOldGen: 2860880K(2861056K)->2963872K(2963968K)
[832.157s][info][gc,metaspace   ] GC(341) Metaspace: 29036K(29312K)->29036K(29312K) NonClass: 24148K(24256K)->24148K(24256K) Class: 4887K(5056K)->4887K(5056K)
[832.157s][info][gc             ] GC(341) Pause Young (Allocation Failure) 5289M->3061M(5426M) 115.015ms
[832.157s][info][gc,cpu         ] GC(341) User=0.65s Sys=0.03s Real=0.11s
[833.658s][info][gc,start       ] GC(342) Pause Young (Allocation Failure)
[833.833s][info][gc,heap        ] GC(342) PSYoungGen: 2564640K(2592768K)->173813K(2591744K) Eden: 2393600K(2393600K)->0K(2393600K) From: 171040K(199168K)->173813K(198144K)
[833.833s][info][gc,heap        ] GC(342) ParOldGen: 2963872K(2963968K)->3088988K(3089408K)
[833.833s][info][gc,metaspace   ] GC(342) Metaspace: 29036K(29312K)->29036K(29312K) NonClass: 24148K(24256K)->24148K(24256K) Class: 4887K(5056K)->4887K(5056K)
[833.833s][info][gc             ] GC(342) Pause Young (Allocation Failure) 5398M->3186M(5548M) 175.191ms
[833.833s][info][gc,cpu         ] GC(342) User=0.72s Sys=0.04s Real=0.18s
[835.409s][info][gc,start       ] GC(343) Pause Young (Allocation Failure)
[835.533s][info][gc,heap        ] GC(343) PSYoungGen: 2567413K(2591744K)->161588K(2593792K) Eden: 2393600K(2393600K)->0K(2399744K) From: 173813K(198144K)->161588K(194048K)
[835.533s][info][gc,heap        ] GC(343) ParOldGen: 3088988K(3089408K)->3208292K(3208704K)
[835.533s][info][gc,metaspace   ] GC(343) Metaspace: 29036K(29312K)->29036K(29312K) NonClass: 24148K(24256K)->24148K(24256K) Class: 4887K(5056K)->4887K(5056K)
[835.533s][info][gc             ] GC(343) Pause Young (Allocation Failure) 5523M->3290M(5666M) 123.493ms
[835.533s][info][gc,cpu         ] GC(343) User=0.69s Sys=0.04s Real=0.12s
) [836.865s][info][gc,start       ] GC(344) Pause Full (System.gc())
[836.865s][info][gc,phases,start] GC(344) Marking Phase
[836.884s][info][gc,phases      ] GC(344) Marking Phase 18.583ms
[836.884s][info][gc,phases,start] GC(344) Summary Phase
[836.884s][info][gc,phases      ] GC(344) Summary Phase 0.052ms
[836.884s][info][gc,phases,start] GC(344) Forward
[836.888s][info][gc,phases      ] GC(344) Forward 4.637ms
[836.889s][info][gc,phases,start] GC(344) Adjust Pointers
[836.903s][info][gc,phases      ] GC(344) Adjust Pointers 13.991ms
[836.903s][info][gc,phases,start] GC(344) Compaction Phase
[836.948s][info][gc,phases      ] GC(344) Compaction Phase 45.920ms
[836.949s][info][gc,phases,start] GC(344) Post Compact
[836.953s][info][gc,phases      ] GC(344) Post Compact 4.528ms
[836.953s][info][gc,heap        ] GC(344) PSYoungGen: 2219641K(2593792K)->0K(2593792K) Eden: 2058052K(2399744K)->0K(2399744K) From: 161588K(194048K)->0K(194048K)
[836.953s][info][gc,heap        ] GC(344) ParOldGen: 3208292K(3208704K)->316776K(3208704K)
[836.953s][info][gc,metaspace   ] GC(344) Metaspace: 29037K(29312K)->29037K(29312K) NonClass: 24149K(24256K)->24149K(24256K) Class: 4887K(5056K)->4887K(5056K)
[836.953s][info][gc             ] GC(344) Pause Full (System.gc()) 5300M->309M(5666M) 88.046ms
[836.953s][info][gc,cpu         ] GC(344) User=0.44s Sys=0.00s Real=0.09s
(init[838.155s][info][gc,start       ] GC(345) Pause Young (Allocation Failure)
[838.473s][info][gc,heap        ] GC(345) PSYoungGen: 2399744K(2593792K)->195556K(2595328K) Eden: 2399744K(2399744K)->0K(2399744K) From: 0K(194048K)->195556K(195584K)
[838.473s][info][gc,heap        ] GC(345) ParOldGen: 316776K(3208704K)->763829K(3208704K)
[838.473s][info][gc,metaspace   ] GC(345) Metaspace: 29047K(29312K)->29047K(29312K) NonClass: 24157K(24256K)->24157K(24256K) Class: 4890K(5056K)->4890K(5056K)
[838.473s][info][gc             ] GC(345) Pause Young (Allocation Failure) 2652M->936M(5668M) 317.980ms
[838.473s][info][gc,cpu         ] GC(345) User=1.90s Sys=0.00s Real=0.32s
) ... OK
   842s: Searching from base IR = 12976
   842s:       rampup IR =      0 ... (rIR:aIR:PR = 0:0:0) (tPR = 0) [OK] 
   845s:       rampup IR =   1298 ...[848.575s][info][gc,start       ] GC(346) Pause Young (Allocation Failure)
[848.866s][info][gc,heap        ] GC(346) PSYoungGen: 2595300K(2595328K)->200686K(1885696K) Eden: 2399744K(2399744K)->0K(1684992K) From: 195556K(195584K)->200686K(200704K)
[848.866s][info][gc,heap        ] GC(346) ParOldGen: 763829K(3208704K)->1321116K(3208704K)
[848.866s][info][gc,metaspace   ] GC(346) Metaspace: 29063K(29376K)->29063K(29376K) NonClass: 24172K(24320K)->24172K(24320K) Class: 4890K(5056K)->4890K(5056K)
[848.867s][info][gc             ] GC(346) Pause Young (Allocation Failure) 3280M->1486M(4975M) 291.035ms
[848.867s][info][gc,cpu         ] GC(346) User=1.72s Sys=0.01s Real=0.29s
. (rIR:aIR:PR = 1298:1242:1242) (tPR = 17893) [OK] 
   849s:       rampup IR =   2595 .... (rIR:aIR:PR = 2595:2536:2536) (tPR = 36017) [OK] 
   853s:       rampup IR =   3893 [854.220s][info][gc,start       ] GC(347) Pause Young (Allocation Failure)
[854.335s][info][gc,heap        ] GC(347) PSYoungGen: 1885678K(1885696K)->109472K(2240512K) Eden: 1684992K(1684992K)->0K(1684992K) From: 200686K(200704K)->109472K(555520K)
[854.335s][info][gc,heap        ] GC(347) ParOldGen: 1321116K(3208704K)->1469766K(3208704K)
[854.335s][info][gc,metaspace   ] GC(347) Metaspace: 29065K(29376K)->29065K(29376K) NonClass: 24174K(24320K)->24174K(24320K) Class: 4890K(5056K)->4890K(5056K)
[854.335s][info][gc             ] GC(347) Pause Young (Allocation Failure) 3131M->1542M(5321M) 114.572ms
[854.335s][info][gc,cpu         ] GC(347) User=0.68s Sys=0.00s Real=0.11s
.... (rIR:aIR:PR = 3893:3923:3923) (tPR = 59176) [OK] 
   857s:       rampup IR =   5190 [857.745s][info][gc,start       ] GC(348) Pause Young (Allocation Failure)
[857.826s][info][gc,heap        ] GC(348) PSYoungGen: 1794342K(2240512K)->106096K(2227200K) Eden: 1684869K(1684992K)->0K(1687040K) From: 109472K(555520K)->106096K(540160K)
[857.826s][info][gc,heap        ] GC(348) ParOldGen: 1469766K(3208704K)->1548342K(3208704K)
[857.826s][info][gc,metaspace   ] GC(348) Metaspace: 29065K(29376K)->29065K(29376K) NonClass: 24174K(24320K)->24174K(24320K) Class: 4890K(5056K)->4890K(5056K)
[857.826s][info][gc             ] GC(348) Pause Young (Allocation Failure) 3187M->1615M(5308M) 80.688ms
[857.826s][info][gc,cpu         ] GC(348) User=0.48s Sys=0.00s Real=0.08s
..[860.502s][info][gc,start       ] GC(349) Pause Young (Allocation Failure)
[860.580s][info][gc,heap        ] GC(349) PSYoungGen: 1793136K(2227200K)->109152K(2234880K) Eden: 1687040K(1687040K)->0K(1687040K) From: 106096K(540160K)->109152K(547840K)
[860.580s][info][gc,heap        ] GC(349) ParOldGen: 1548342K(3208704K)->1626343K(3208704K)
[860.580s][info][gc,metaspace   ] GC(349) Metaspace: 29065K(29376K)->29065K(29376K) NonClass: 24174K(24320K)->24174K(24320K) Class: 4890K(5056K)->4890K(5056K)
[860.580s][info][gc             ] GC(349) Pause Young (Allocation Failure) 3263M->1694M(5316M) 78.172ms
[860.580s][info][gc,cpu         ] GC(349) User=0.46s Sys=0.00s Real=0.08s
.. (rIR:aIR:PR = 5190:5207:5207) (tPR = 78215) [OK] 
   861s:       rampup IR =   6488 .[862.908s][info][gc,start       ] GC(350) Pause Young (Allocation Failure)
[862.990s][info][gc,heap        ] GC(350) PSYoungGen: 1796192K(2234880K)->113275K(2225152K) Eden: 1687040K(1687040K)->0K(1709568K) From: 109152K(547840K)->113275K(515584K)
[862.990s][info][gc,heap        ] GC(350) ParOldGen: 1626343K(3208704K)->1704847K(3208704K)
[862.990s][info][gc,metaspace   ] GC(350) Metaspace: 29065K(29376K)->29065K(29376K) NonClass: 24174K(24320K)->24174K(24320K) Class: 4890K(5056K)->4890K(5056K)
[862.990s][info][gc             ] GC(350) Pause Young (Allocation Failure) 3342M->1775M(5306M) 82.129ms
[862.990s][info][gc,cpu         ] GC(350) User=0.49s Sys=0.00s Real=0.09s
..[865.146s][info][gc,start       ] GC(351) Pause Young (Allocation Failure)
[865.225s][info][gc,heap        ] GC(351) PSYoungGen: 1822843K(2225152K)->109344K(2235904K) Eden: 1709568K(1709568K)->0K(1709568K) From: 113275K(515584K)->109344K(526336K)
[865.225s][info][gc,heap        ] GC(351) ParOldGen: 1704847K(3208704K)->1782135K(3208704K)
[865.225s][info][gc,metaspace   ] GC(351) Metaspace: 29065K(29376K)->29065K(29376K) NonClass: 24174K(24320K)->24174K(24320K) Class: 4890K(5056K)->4890K(5056K)
[865.225s][info][gc             ] GC(351) Pause Young (Allocation Failure) 3445M->1847M(5317M) 78.654ms
[865.225s][info][gc,cpu         ] GC(351) User=0.47s Sys=0.00s Real=0.08s
. (rIR:aIR:PR = 6488:6478:6478) (tPR = 97454) [OK] 
   865s:       rampup IR =   7786 .[866.966s][info][gc,start       ] GC(352) Pause Young (Allocation Failure)
[867.044s][info][gc,heap        ] GC(352) PSYoungGen: 1818912K(2235904K)->104912K(2244096K) Eden: 1709568K(1709568K)->0K(1757184K) From: 109344K(526336K)->104912K(486912K)
[867.044s][info][gc,heap        ] GC(352) ParOldGen: 1782135K(3208704K)->1862783K(3208704K)
[867.044s][info][gc,metaspace   ] GC(352) Metaspace: 29065K(29376K)->29065K(29376K) NonClass: 24174K(24320K)->24174K(24320K) Class: 4890K(5056K)->4890K(5056K)
[867.044s][info][gc             ] GC(352) Pause Young (Allocation Failure) 3516M->1921M(5325M) 78.048ms
[867.044s][info][gc,cpu         ] GC(352) User=0.46s Sys=0.00s Real=0.08s
..[868.920s][info][gc,start       ] GC(353) Pause Young (Allocation Failure)
[869.003s][info][gc,heap        ] GC(353) PSYoungGen: 1862096K(2244096K)->117657K(2255360K) Eden: 1757184K(1757184K)->0K(1757184K) From: 104912K(486912K)->117657K(498176K)
[869.003s][info][gc,heap        ] GC(353) ParOldGen: 1862783K(3208704K)->1937179K(3208704K)
[869.003s][info][gc,metaspace   ] GC(353) Metaspace: 29068K(29376K)->29068K(29376K) NonClass: 24177K(24320K)->24177K(24320K) Class: 4890K(5056K)->4890K(5056K)
[869.003s][info][gc             ] GC(353) Pause Young (Allocation Failure) 3637M->2006M(5336M) 83.106ms
[869.003s][info][gc,cpu         ] GC(353) User=0.49s Sys=0.00s Real=0.08s
. (rIR:aIR:PR = 7786:7805:7805) (tPR = 119903) [OK] 
   869s:       rampup IR =   9083 .[870.693s][info][gc,start       ] GC(354) Pause Young (Allocation Failure)
[870.772s][info][gc,heap        ] GC(354) PSYoungGen: 1874841K(2255360K)->108784K(2271232K) Eden: 1757184K(1757184K)->0K(1817088K) From: 117657K(498176K)->108784K(454144K)
[870.772s][info][gc,heap        ] GC(354) ParOldGen: 1937179K(3208704K)->2016059K(3208704K)
[870.772s][info][gc,metaspace   ] GC(354) Metaspace: 29068K(29376K)->29068K(29376K) NonClass: 24177K(24320K)->24177K(24320K) Class: 4890K(5056K)->4890K(5056K)
[870.772s][info][gc             ] GC(354) Pause Young (Allocation Failure) 3722M->2075M(5351M) 78.453ms
[870.772s][info][gc,cpu         ] GC(354) User=0.46s Sys=0.00s Real=0.08s
.[872.405s][info][gc,start       ] GC(355) Pause Young (Allocation Failure)
[872.486s][info][gc,heap        ] GC(355) PSYoungGen: 1925872K(2271232K)->116704K(2281472K) Eden: 1817088K(1817088K)->0K(1817088K) From: 108784K(454144K)->116704K(464384K)
[872.486s][info][gc,heap        ] GC(355) ParOldGen: 2016059K(3208704K)->2095427K(3208704K)
[872.486s][info][gc,metaspace   ] GC(355) Metaspace: 29068K(29376K)->29068K(29376K) NonClass: 24177K(24320K)->24177K(24320K) Class: 4890K(5056K)->4890K(5056K)
[872.486s][info][gc             ] GC(355) Pause Young (Allocation Failure) 3849M->2160M(5361M) 81.490ms
[872.486s][info][gc,cpu         ] GC(355) User=0.48s Sys=0.00s Real=0.08s
.. (rIR:aIR:PR = 9083:8891:8886) (tPR = 129692) [OK] 
   873s:       rampup IR =  10381 [874.036s][info][gc,start       ] GC(356) Pause Young (Allocation Failure)
[874.121s][info][gc,heap        ] GC(356) PSYoungGen: 1933792K(2281472K)->117972K(2302976K) Eden: 1817088K(1817088K)->0K(1885696K) From: 116704K(464384K)->117972K(417280K)
[874.121s][info][gc,heap        ] GC(356) ParOldGen: 2095427K(3208704K)->2175820K(3208704K)
[874.121s][info][gc,metaspace   ] GC(356) Metaspace: 29068K(29376K)->29068K(29376K) NonClass: 24177K(24320K)->24177K(24320K) Class: 4890K(5056K)->4890K(5056K)
[874.121s][info][gc             ] GC(356) Pause Young (Allocation Failure) 3934M->2240M(5382M) 84.837ms
[874.121s][info][gc,cpu         ] GC(356) User=0.50s Sys=0.00s Real=0.09s
.[875.614s][info][gc,start       ] GC(357) Pause Young (Allocation Failure)
[875.694s][info][gc,heap        ] GC(357) PSYoungGen: 2003668K(2302976K)->112320K(2313216K) Eden: 1885696K(1885696K)->0K(1885696K) From: 117972K(417280K)->112320K(427520K)
[875.694s][info][gc,heap        ] GC(357) ParOldGen: 2175820K(3208704K)->2251836K(3208704K)
[875.694s][info][gc,metaspace   ] GC(357) Metaspace: 29068K(29376K)->29068K(29376K) NonClass: 24177K(24320K)->24177K(24320K) Class: 4890K(5056K)->4890K(5056K)
[875.694s][info][gc             ] GC(357) Pause Young (Allocation Failure) 4081M->2308M(5392M) 79.815ms
[875.695s][info][gc,cpu         ] GC(357) User=0.47s Sys=0.00s Real=0.08s
..[877.161s][info][gc,start       ] GC(358) Pause Young (Allocation Failure)
[877.247s][info][gc,heap        ] GC(358) PSYoungGen: 1998016K(2313216K)->119792K(2339328K) Eden: 1885696K(1885696K)->0K(1957888K) From: 112320K(427520K)->119792K(381440K)
[877.247s][info][gc,heap        ] GC(358) ParOldGen: 2251836K(3208704K)->2333932K(3208704K)
[877.247s][info][gc,metaspace   ] GC(358) Metaspace: 29068K(29376K)->29068K(29376K) NonClass: 24177K(24320K)->24177K(24320K) Class: 4890K(5056K)->4890K(5056K)
[877.247s][info][gc             ] GC(358) Pause Young (Allocation Failure) 4150M->2396M(5418M) 85.859ms
[877.247s][info][gc,cpu         ] GC(358) User=0.51s Sys=0.00s Real=0.08s
.. (rIR:aIR:PR = 10381:10154:10153) (tPR = 151297) [OK] 
   878s:       rampup IR =  11678 [878.820s][info][gc,start       ] GC(359) Pause Young (Allocation Failure)
[878.906s][info][gc,heap        ] GC(359) PSYoungGen: 2077680K(2339328K)->126505K(2350592K) Eden: 1957888K(1957888K)->0K(1957888K) From: 119792K(381440K)->126505K(392704K)
[878.906s][info][gc,heap        ] GC(359) ParOldGen: 2333932K(3208704K)->2412316K(3208704K)
[878.906s][info][gc,metaspace   ] GC(359) Metaspace: 29068K(29376K)->29068K(29376K) NonClass: 24177K(24320K)->24177K(24320K) Class: 4890K(5056K)->4890K(5056K)
[878.906s][info][gc             ] GC(359) Pause Young (Allocation Failure) 4308M->2479M(5429M) 86.659ms
[878.907s][info][gc,cpu         ] GC(359) User=0.51s Sys=0.00s Real=0.08s
.[880.138s][info][gc,start       ] GC(360) Pause Young (Allocation Failure)
[880.227s][info][gc,heap        ] GC(360) PSYoungGen: 2084393K(2350592K)->125328K(2376704K) Eden: 1957888K(1957888K)->0K(2029056K) From: 126505K(392704K)->125328K(347648K)
[880.227s][info][gc,heap        ] GC(360) ParOldGen: 2412316K(3208704K)->2498548K(3208704K)
[880.227s][info][gc,metaspace   ] GC(360) Metaspace: 29068K(29376K)->29068K(29376K) NonClass: 24177K(24320K)->24177K(24320K) Class: 4890K(5056K)->4890K(5056K)
[880.227s][info][gc             ] GC(360) Pause Young (Allocation Failure) 4391M->2562M(5454M) 88.280ms
[880.227s][info][gc,cpu         ] GC(360) User=0.52s Sys=0.00s Real=0.09s
.[881.591s][info][gc,start       ] GC(361) Pause Young (Allocation Failure)
[881.682s][info][gc,heap        ] GC(361) PSYoungGen: 2154384K(2376704K)->135044K(2386432K) Eden: 2029056K(2029056K)->0K(2029056K) From: 125328K(347648K)->135044K(357376K)
[881.682s][info][gc,heap        ] GC(361) ParOldGen: 2498548K(3208704K)->2579220K(3208704K)
[881.682s][info][gc,metaspace   ] GC(361) Metaspace: 29068K(29376K)->29068K(29376K) NonClass: 24177K(24320K)->24177K(24320K) Class: 4890K(5056K)->4890K(5056K)
[881.682s][info][gc             ] GC(361) Pause Young (Allocation Failure) 4543M->2650M(5464M) 90.803ms
[881.682s][info][gc,cpu         ] GC(361) User=0.54s Sys=0.00s Real=0.09s
.. (rIR:aIR:PR = 11678:11753:11747) (tPR = 179435) [OK] 
   882s:       rampup IR =  12976 [883.072s][info][gc,start       ] GC(362) Pause Young (Allocation Failure)
[883.163s][info][gc,heap        ] GC(362) PSYoungGen: 2164100K(2386432K)->131973K(2414080K) Eden: 2029056K(2029056K)->0K(2099200K) From: 135044K(357376K)->131973K(314880K)
[883.163s][info][gc,heap        ] GC(362) ParOldGen: 2579220K(3208704K)->2663380K(3208704K)
[883.163s][info][gc,metaspace   ] GC(362) Metaspace: 29068K(29376K)->29068K(29376K) NonClass: 24177K(24320K)->24177K(24320K) Class: 4890K(5056K)->4890K(5056K)
[883.163s][info][gc             ] GC(362) Pause Young (Allocation Failure) 4632M->2729M(5491M) 90.951ms
[883.163s][info][gc,cpu         ] GC(362) User=0.53s Sys=0.01s Real=0.09s
.[884.451s][info][gc,start       ] GC(363) Pause Young (Allocation Failure)
[884.546s][info][gc,heap        ] GC(363) PSYoungGen: 2231173K(2414080K)->138528K(2422272K) Eden: 2099200K(2099200K)->0K(2099200K) From: 131973K(314880K)->138528K(323072K)
[884.546s][info][gc,heap        ] GC(363) ParOldGen: 2663380K(3208704K)->2748680K(3208704K)
[884.546s][info][gc,metaspace   ] GC(363) Metaspace: 29068K(29376K)->29068K(29376K) NonClass: 24177K(24320K)->24177K(24320K) Class: 4890K(5056K)->4890K(5056K)
[884.546s][info][gc             ] GC(363) Pause Young (Allocation Failure) 4779M->2819M(5499M) 94.596ms
[884.546s][info][gc,cpu         ] GC(363) User=0.56s Sys=0.00s Real=0.09s
..[885.926s][info][gc,start       ] GC(364) Pause Young (Allocation Failure)
[886.016s][info][gc,heap        ] GC(364) PSYoungGen: 2237728K(2422272K)->129088K(2455040K) Eden: 2099200K(2099200K)->0K(2165760K) From: 138528K(323072K)->129088K(289280K)
[886.016s][info][gc,heap        ] GC(364) ParOldGen: 2748680K(3208704K)->2834136K(3208704K)
[886.016s][info][gc,metaspace   ] GC(364) Metaspace: 29068K(29376K)->29068K(29376K) NonClass: 24177K(24320K)->24177K(24320K) Class: 4890K(5056K)->4890K(5056K)
[886.016s][info][gc             ] GC(364) Pause Young (Allocation Failure) 4869M->2893M(5531M) 89.553ms
[886.016s][info][gc,cpu         ] GC(364) User=0.53s Sys=0.00s Real=0.09s
.[887.374s][info][gc,start       ] GC(365) Pause Young (Allocation Failure)
[887.470s][info][gc,heap        ] GC(365) PSYoungGen: 2294848K(2455040K)->139632K(2460160K) Eden: 2165760K(2165760K)->0K(2165760K) From: 129088K(289280K)->139632K(294400K)
[887.471s][info][gc,heap        ] GC(365) ParOldGen: 2834136K(3208704K)->2921496K(3208704K)
[887.471s][info][gc,metaspace   ] GC(365) Metaspace: 29068K(29376K)->29068K(29376K) NonClass: 24177K(24320K)->24177K(24320K) Class: 4890K(5056K)->4890K(5056K)
[887.471s][info][gc             ] GC(365) Pause Young (Allocation Failure) 5008M->2989M(5536M) 96.156ms
[887.471s][info][gc,cpu         ] GC(365) User=0.56s Sys=0.01s Real=0.10s
.[888.919s][info][gc,start       ] GC(366) Pause Young (Allocation Failure)
[889.017s][info][gc,heap        ] GC(366) PSYoungGen: 2305392K(2460160K)->138345K(2486272K) Eden: 2165760K(2165760K)->0K(2221568K) From: 139632K(294400K)->138345K(264704K)
[889.017s][info][gc,heap        ] GC(366) ParOldGen: 2921496K(3208704K)->3009280K(3208704K)
[889.017s][info][gc,metaspace   ] GC(366) Metaspace: 29068K(29376K)->29068K(29376K) NonClass: 24177K(24320K)->24177K(24320K) Class: 4890K(5056K)->4890K(5056K)
[889.017s][info][gc             ] GC(366) Pause Young (Allocation Failure) 5104M->3073M(5561M) 97.481ms
[889.017s][info][gc,cpu         ] GC(366) User=0.57s Sys=0.00s Real=0.09s
..[890.417s][info][gc,start       ] GC(367) Pause Young (Allocation Failure)
[890.514s][info][gc,heap        ] GC(367) PSYoungGen: 2359913K(2486272K)->142037K(2489344K) Eden: 2221568K(2221568K)->0K(2221568K) From: 138345K(264704K)->142037K(267776K)
[890.514s][info][gc,heap        ] GC(367) ParOldGen: 3009280K(3208704K)->3095440K(3208704K)
[890.514s][info][gc,metaspace   ] GC(367) Metaspace: 29068K(29376K)->29068K(29376K) NonClass: 24177K(24320K)->24177K(24320K) Class: 4890K(5056K)->4890K(5056K)
[890.514s][info][gc             ] GC(367) Pause Young (Allocation Failure) 5243M->3161M(5564M) 97.074ms
[890.514s][info][gc,cpu         ] GC(367) User=0.57s Sys=0.00s Real=0.10s
.[891.977s][info][gc,start       ] GC(368) Pause Young (Allocation Failure)
[892.071s][info][gc,heap        ] GC(368) PSYoungGen: 2363605K(2489344K)->135252K(2518016K) Eden: 2221568K(2221568K)->0K(2272768K) From: 142037K(267776K)->135252K(245248K)
[892.071s][info][gc,heap        ] GC(368) ParOldGen: 3095440K(3208704K)->3185848K(3208704K)
[892.071s][info][gc,metaspace   ] GC(368) Metaspace: 29068K(29376K)->29068K(29376K) NonClass: 24177K(24320K)->24177K(24320K) Class: 4890K(5056K)->4890K(5056K)
[892.071s][info][gc             ] GC(368) Pause Young (Allocation Failure) 5331M->3243M(5592M) 94.041ms
[892.071s][info][gc,cpu         ] GC(368) User=0.56s Sys=0.01s Real=0.10s
.[893.449s][info][gc,start       ] GC(369) Pause Young (Allocation Failure)
[893.553s][info][gc,heap        ] GC(369) PSYoungGen: 2408020K(2518016K)->154900K(2518528K) Eden: 2272768K(2272768K)->0K(2272768K) From: 135252K(245248K)->154900K(245760K)
[893.553s][info][gc,heap        ] GC(369) ParOldGen: 3185848K(3208704K)->3270720K(3271168K)
[893.553s][info][gc,metaspace   ] GC(369) Metaspace: 29068K(29376K)->29068K(29376K) NonClass: 24177K(24320K)->24177K(24320K) Class: 4890K(5056K)->4890K(5056K)
[893.553s][info][gc             ] GC(369) Pause Young (Allocation Failure) 5462M->3345M(5654M) 104.549ms
[893.553s][info][gc,cpu         ] GC(369) User=0.61s Sys=0.01s Real=0.10s
..[895.055s][info][gc,start       ] GC(370) Pause Young (Allocation Failure)
[895.163s][info][gc,heap        ] GC(370) PSYoungGen: 2427668K(2518528K)->146069K(2537984K) Eden: 2272768K(2272768K)->0K(2310144K) From: 154900K(245760K)->146069K(227840K)
[895.163s][info][gc,heap        ] GC(370) ParOldGen: 3270720K(3271168K)->3364392K(3364864K)
[895.163s][info][gc,metaspace   ] GC(370) Metaspace: 29068K(29376K)->29068K(29376K) NonClass: 24177K(24320K)->24177K(24320K) Class: 4890K(5056K)->4890K(5056K)
[895.163s][info][gc             ] GC(370) Pause Young (Allocation Failure) 5564M->3428M(5764M) 108.281ms
[895.163s][info][gc,cpu         ] GC(370) User=0.61s Sys=0.03s Real=0.11s
.[896.549s][info][gc,start       ] GC(371) Pause Young (Allocation Failure)
[896.656s][info][gc,heap        ] GC(371) PSYoungGen: 2456213K(2537984K)->158439K(2541568K) Eden: 2310144K(2310144K)->0K(2310144K) From: 146069K(227840K)->158439K(231424K)
[896.656s][info][gc,heap        ] GC(371) ParOldGen: 3364392K(3364864K)->3447640K(3447808K)
[896.656s][info][gc,metaspace   ] GC(371) Metaspace: 29069K(29376K)->29069K(29376K) NonClass: 24179K(24320K)->24179K(24320K) Class: 4890K(5056K)->4890K(5056K)
[896.656s][info][gc             ] GC(371) Pause Young (Allocation Failure) 5684M->3521M(5849M) 107.023ms
[896.656s][info][gc,cpu         ] GC(371) User=0.60s Sys=0.03s Real=0.10s
.[898.161s][info][gc,start       ] GC(372) Pause Young (Allocation Failure)
[898.273s][info][gc,heap        ] GC(372) PSYoungGen: 2468583K(2541568K)->162464K(2560512K) Eden: 2310144K(2310144K)->0K(2336768K) From: 158439K(231424K)->162464K(223744K)
[898.273s][info][gc,heap        ] GC(372) ParOldGen: 3447640K(3447808K)->3541696K(3542016K)
[898.273s][info][gc,metaspace   ] GC(372) Metaspace: 29069K(29376K)->29069K(29376K) NonClass: 24179K(24320K)->24179K(24320K) Class: 4890K(5056K)->4890K(5056K)
[898.273s][info][gc             ] GC(372) Pause Young (Allocation Failure) 5777M->3617M(5959M) 112.098ms
[898.273s][info][gc,cpu         ] GC(372) User=0.63s Sys=0.03s Real=0.11s
.[899.673s][info][gc,start       ] GC(373) Pause Young (Allocation Failure)
[899.833s][info][gc,heap        ] GC(373) PSYoungGen: 2499232K(2560512K)->163264K(2562560K) Eden: 2336768K(2336768K)->0K(2336768K) From: 162464K(223744K)->163264K(225792K)
[899.833s][info][gc,heap        ] GC(373) ParOldGen: 3541696K(3542016K)->3634984K(3635200K)
[899.833s][info][gc,metaspace   ] GC(373) Metaspace: 29070K(29376K)->29070K(29376K) NonClass: 24179K(24320K)->24179K(24320K) Class: 4890K(5056K)->4890K(5056K)
[899.833s][info][gc             ] GC(373) Pause Young (Allocation Failure) 5899M->3709M(6052M) 159.815ms
[899.833s][info][gc,cpu         ] GC(373) User=0.63s Sys=0.03s Real=0.16s
..[901.243s][info][gc,start       ] GC(374) Pause Young (Allocation Failure)
[901.349s][info][gc,heap        ] GC(374) PSYoungGen: 2500032K(2562560K)->147765K(2555904K) Eden: 2336768K(2336768K)->0K(2346496K) From: 163264K(225792K)->147765K(209408K)
[901.349s][info][gc,heap        ] GC(374) ParOldGen: 3634984K(3635200K)->3730328K(3730432K)
[901.349s][info][gc,metaspace   ] GC(374) Metaspace: 29070K(29376K)->29070K(29376K) NonClass: 24179K(24320K)->24179K(24320K) Class: 4890K(5056K)->4890K(5056K)
[901.349s][info][gc             ] GC(374) Pause Young (Allocation Failure) 5991M->3787M(6139M) 106.546ms
[901.349s][info][gc,cpu         ] GC(374) User=0.60s Sys=0.03s Real=0.11s
.[902.847s][info][gc,start       ] GC(375) Pause Young (Allocation Failure)
[902.957s][info][gc,heap        ] GC(375) PSYoungGen: 2494261K(2555904K)->158948K(2563072K) Eden: 2346496K(2346496K)->0K(2346496K) From: 147765K(209408K)->158948K(216576K)
[902.957s][info][gc,heap        ] GC(375) ParOldGen: 3730328K(3730432K)->3821744K(3822080K)
[902.957s][info][gc,metaspace   ] GC(375) Metaspace: 29070K(29376K)->29070K(29376K) NonClass: 24179K(24320K)->24179K(24320K) Class: 4890K(5056K)->4890K(5056K)
[902.957s][info][gc             ] GC(375) Pause Young (Allocation Failure) 6078M->3887M(6235M) 110.483ms
[902.958s][info][gc,cpu         ] GC(375) User=0.63s Sys=0.02s Real=0.11s
.[904.378s][info][gc,start       ] GC(376) Pause Young (Allocation Failure)
[904.492s][info][gc,heap        ] GC(376) PSYoungGen: 2505444K(2563072K)->159866K(2571264K) Eden: 2346496K(2346496K)->0K(2365952K) From: 158948K(216576K)->159866K(205312K)
[904.492s][info][gc,heap        ] GC(376) ParOldGen: 3821744K(3822080K)->3914352K(3914752K)
[904.492s][info][gc,metaspace   ] GC(376) Metaspace: 29070K(29376K)->29070K(29376K) NonClass: 24179K(24320K)->24179K(24320K) Class: 4890K(5056K)->4890K(5056K)
[904.492s][info][gc             ] GC(376) Pause Young (Allocation Failure) 6178M->3978M(6334M) 113.744ms
[904.492s][info][gc,cpu         ] GC(376) User=0.63s Sys=0.04s Real=0.12s
.[905.951s][info][gc,start       ] GC(377) Pause Young (Allocation Failure)
[906.063s][info][gc,heap        ] GC(377) PSYoungGen: 2525818K(2571264K)->164256K(2576896K) Eden: 2365952K(2365952K)->0K(2365952K) From: 159866K(205312K)->164256K(210944K)
[906.063s][info][gc,heap        ] GC(377) ParOldGen: 3914352K(3914752K)->4005384K(4005888K)
[906.063s][info][gc,metaspace   ] GC(377) Metaspace: 29070K(29376K)->29070K(29376K) NonClass: 24179K(24320K)->24179K(24320K) Class: 4890K(5056K)->4890K(5056K)
[906.063s][info][gc             ] GC(377) Pause Young (Allocation Failure) 6289M->4071M(6428M) 112.268ms
[906.063s][info][gc,cpu         ] GC(377) User=0.64s Sys=0.02s Real=0.11s
..[907.521s][info][gc,start       ] GC(378) Pause Young (Allocation Failure)
[907.630s][info][gc,heap        ] GC(378) PSYoungGen: 2530208K(2576896K)->149721K(2573824K) Eden: 2365952K(2365952K)->0K(2375168K) From: 164256K(210944K)->149721K(198656K)
[907.630s][info][gc,heap        ] GC(378) ParOldGen: 4005384K(4005888K)->4100104K(4100608K)
[907.630s][info][gc,metaspace   ] GC(378) Metaspace: 29070K(29376K)->29070K(29376K) NonClass: 24179K(24320K)->24179K(24320K) Class: 4890K(5056K)->4890K(5056K)
[907.630s][info][gc             ] GC(378) Pause Young (Allocation Failure) 6382M->4150M(6518M) 108.845ms
[907.630s][info][gc,cpu         ] GC(378) User=0.61s Sys=0.03s Real=0.11s
. (rIR:aIR:PR = 12976:12554:12501) (tPR = 185706) [OK] 
   908s:    snapshot, IR =  12976 [909.065s][info][gc,start       ] GC(379) Pause Young (Allocation Failure)
[909.174s][info][gc,heap        ] GC(379) PSYoungGen: 2524889K(2573824K)->154112K(2579968K) Eden: 2375168K(2375168K)->0K(2375168K) From: 149721K(198656K)->154112K(204800K)
[909.174s][info][gc,heap        ] GC(379) ParOldGen: 4100104K(4100608K)->4186264K(4186624K)
[909.174s][info][gc,metaspace   ] GC(379) Metaspace: 29070K(29376K)->29070K(29376K) NonClass: 24179K(24320K)->24179K(24320K) Class: 4890K(5056K)->4890K(5056K)
[909.174s][info][gc             ] GC(379) Pause Young (Allocation Failure) 6469M->4238M(6608M) 108.724ms
[909.174s][info][gc,cpu         ] GC(379) User=0.61s Sys=0.03s Real=0.11s
.[910.647s][info][gc,start       ] GC(380) Pause Young (Allocation Failure)
[910.800s][info][gc,heap        ] GC(380) PSYoungGen: 2529280K(2579968K)->143160K(2583552K) Eden: 2375168K(2375168K)->0K(2391040K) From: 154112K(204800K)->143160K(192512K)
[910.800s][info][gc,heap        ] GC(380) ParOldGen: 4186264K(4186624K)->4286536K(4286976K)
[910.800s][info][gc,metaspace   ] GC(380) Metaspace: 29070K(29376K)->29070K(29376K) NonClass: 24179K(24320K)->24179K(24320K) Class: 4890K(5056K)->4890K(5056K)
[910.800s][info][gc             ] GC(380) Pause Young (Allocation Failure) 6558M->4325M(6709M) 153.615ms
[910.800s][info][gc,cpu         ] GC(380) User=0.62s Sys=0.03s Real=0.16s
..[912.282s][info][gc,start       ] GC(381) Pause Young (Allocation Failure)
[912.389s][info][gc,heap        ] GC(381) PSYoungGen: 2534200K(2583552K)->151882K(2588160K) Eden: 2391040K(2391040K)->0K(2391040K) From: 143160K(192512K)->151882K(197120K)
[912.389s][info][gc,heap        ] GC(381) ParOldGen: 4286536K(4286976K)->4376032K(4376064K)
[912.389s][info][gc,metaspace   ] GC(381) Metaspace: 29070K(29376K)->29070K(29376K) NonClass: 24179K(24320K)->24179K(24320K) Class: 4890K(5056K)->4890K(5056K)
[912.389s][info][gc             ] GC(381) Pause Young (Allocation Failure) 6660M->4421M(6801M) 107.020ms
[912.389s][info][gc,cpu         ] GC(381) User=0.61s Sys=0.02s Real=0.11s
.[913.927s][info][gc,start       ] GC(382) Pause Young (Allocation Failure)
[914.045s][info][gc,heap        ] GC(382) PSYoungGen: 2542922K(2588160K)->158900K(2596864K) Eden: 2391040K(2391040K)->0K(2406400K) From: 151882K(197120K)->158900K(190464K)
[914.045s][info][gc,heap        ] GC(382) ParOldGen: 4376032K(4376064K)->4469480K(4469760K)
[914.045s][info][gc,metaspace   ] GC(382) Metaspace: 29070K(29376K)->29070K(29376K) NonClass: 24179K(24320K)->24179K(24320K) Class: 4890K(5056K)->4890K(5056K)
[914.045s][info][gc             ] GC(382) Pause Young (Allocation Failure) 6756M->4519M(6901M) 118.486ms
[914.045s][info][gc,cpu         ] GC(382) User=0.64s Sys=0.05s Real=0.12s
.[915.506s][info][gc,start       ] GC(383) Pause Young (Allocation Failure)
[915.616s][info][gc,heap        ] GC(383) PSYoungGen: 2565300K(2596864K)->162368K(2597888K) Eden: 2406400K(2406400K)->0K(2406400K) From: 158900K(190464K)->162368K(191488K)
[915.616s][info][gc,heap        ] GC(383) ParOldGen: 4469480K(4469760K)->4559984K(4560384K)
[915.616s][info][gc,metaspace   ] GC(383) Metaspace: 29070K(29376K)->29070K(29376K) NonClass: 24179K(24320K)->24179K(24320K) Class: 4890K(5056K)->4890K(5056K)
[915.616s][info][gc             ] GC(383) Pause Young (Allocation Failure) 6869M->4611M(6990M) 110.413ms
[915.616s][info][gc,cpu         ] GC(383) User=0.63s Sys=0.03s Real=0.11s
..|[917.282s][info][gc,start       ] GC(384) Pause Young (Allocation Failure)
[917.388s][info][gc,heap        ] GC(384) PSYoungGen: 2568768K(2597888K)->132128K(2603520K) Eden: 2406400K(2406400K)->0K(2413056K) From: 162368K(191488K)->132128K(190464K)
[917.388s][info][gc,heap        ] GC(384) ParOldGen: 4559984K(4560384K)->4659552K(4659712K)
[917.388s][info][gc,metaspace   ] GC(384) Metaspace: 29072K(29376K)->29072K(29376K) NonClass: 24181K(24320K)->24181K(24320K) Class: 4890K(5056K)->4890K(5056K)
[917.388s][info][gc             ] GC(384) Pause Young (Allocation Failure) 6961M->4679M(7093M) 106.404ms
[917.388s][info][gc,cpu         ] GC(384) User=0.59s Sys=0.03s Real=0.11s
.[918.904s][info][gc,start       ] GC(385) Pause Young (Allocation Failure)
[919.014s][info][gc,heap        ] GC(385) PSYoungGen: 2545184K(2603520K)->163520K(2604032K) Eden: 2413056K(2413056K)->0K(2413056K) From: 132128K(190464K)->163520K(190976K)
[919.015s][info][gc,heap        ] GC(385) ParOldGen: 4659552K(4659712K)->4744608K(4744704K)
[919.015s][info][gc,metaspace   ] GC(385) Metaspace: 29072K(29376K)->29072K(29376K) NonClass: 24181K(24320K)->24181K(24320K) Class: 4890K(5056K)->4890K(5056K)
[919.015s][info][gc             ] GC(385) Pause Young (Allocation Failure) 7035M->4793M(7176M) 110.533ms
[919.015s][info][gc,cpu         ] GC(385) User=0.62s Sys=0.03s Real=0.11s
..[920.507s][info][gc,start       ] GC(386) Pause Young (Allocation Failure)
[920.618s][info][gc,heap        ] GC(386) PSYoungGen: 2576576K(2604032K)->149168K(2599424K) Eden: 2413056K(2413056K)->0K(2413568K) From: 163520K(190976K)->149168K(185856K)
[920.618s][info][gc,heap        ] GC(386) ParOldGen: 4744608K(4744704K)->4844800K(4845056K)
[920.618s][info][gc,metaspace   ] GC(386) Metaspace: 29072K(29376K)->29072K(29376K) NonClass: 24181K(24320K)->24181K(24320K) Class: 4890K(5056K)->4890K(5056K)
[920.618s][info][gc             ] GC(386) Pause Young (Allocation Failure) 7149M->4876M(7270M) 110.897ms
[920.618s][info][gc,cpu         ] GC(386) User=0.61s Sys=0.03s Real=0.12s
[922.022s][info][gc,start       ] GC(387) Pause Young (Allocation Failure)
[922.141s][info][gc,heap        ] GC(387) PSYoungGen: 2562736K(2599424K)->171876K(2601984K) Eden: 2413568K(2413568K)->0K(2413568K) From: 149168K(185856K)->171876K(188416K)
[922.141s][info][gc,heap        ] GC(387) ParOldGen: 4844800K(4845056K)->4933232K(4933632K)
[922.141s][info][gc,metaspace   ] GC(387) Metaspace: 29072K(29376K)->29072K(29376K) NonClass: 24181K(24320K)->24181K(24320K) Class: 4890K(5056K)->4890K(5056K)
[922.141s][info][gc             ] GC(387) Pause Young (Allocation Failure) 7233M->4985M(7359M) 118.800ms
[922.141s][info][gc,cpu         ] GC(387) User=0.67s Sys=0.04s Real=0.12s
..[923.793s][info][gc,start       ] GC(388) Pause Young (Allocation Failure)
[923.900s][info][gc,heap        ] GC(388) PSYoungGen: 2585444K(2601984K)->133664K(2604544K) Eden: 2413568K(2413568K)->0K(2412544K) From: 171876K(188416K)->133664K(192000K)
[923.900s][info][gc,heap        ] GC(388) ParOldGen: 4933232K(4933632K)->5039808K(5040128K)
[923.900s][info][gc,metaspace   ] GC(388) Metaspace: 29072K(29376K)->29072K(29376K) NonClass: 24181K(24320K)->24181K(24320K) Class: 4890K(5056K)->4890K(5056K)
[923.900s][info][gc             ] GC(388) Pause Young (Allocation Failure) 7342M->5052M(7465M) 107.760ms
[923.900s][info][gc,cpu         ] GC(388) User=0.61s Sys=0.03s Real=0.11s
.[925.382s][info][gc,start       ] GC(389) Pause Young (Allocation Failure)
[925.497s][info][gc,heap        ] GC(389) PSYoungGen: 2546208K(2604544K)->161066K(2573824K) Eden: 2412544K(2412544K)->0K(2412544K) From: 133664K(192000K)->161066K(161280K)
[925.497s][info][gc,heap        ] GC(389) ParOldGen: 5039808K(5040128K)->5125208K(5125632K)
[925.497s][info][gc,metaspace   ] GC(389) Metaspace: 29072K(29376K)->29072K(29376K) NonClass: 24181K(24320K)->24181K(24320K) Class: 4890K(5056K)->4890K(5056K)
[925.497s][info][gc             ] GC(389) Pause Young (Allocation Failure) 7408M->5162M(7519M) 114.915ms
[925.497s][info][gc,cpu         ] GC(389) User=0.65s Sys=0.03s Real=0.11s
..[926.944s][info][gc,start       ] GC(390) Pause Young (Allocation Failure)
[927.064s][info][gc,heap        ] GC(390) PSYoungGen: 2573610K(2573824K)->170944K(2598912K) Eden: 2412544K(2412544K)->0K(2407936K) From: 161066K(161280K)->170944K(190976K)
[927.064s][info][gc,heap        ] GC(390) ParOldGen: 5125208K(5125632K)->5216840K(5217280K)
[927.065s][info][gc,metaspace   ] GC(390) Metaspace: 29072K(29376K)->29072K(29376K) NonClass: 24181K(24320K)->24181K(24320K) Class: 4890K(5056K)->4890K(5056K)
[927.065s][info][gc             ] GC(390) Pause Young (Allocation Failure) 7518M->5261M(7633M) 120.899ms
[927.065s][info][gc,cpu         ] GC(390) User=0.68s Sys=0.04s Real=0.12s
.[928.514s][info][gc,start       ] GC(391) Pause Young (Allocation Failure)
[928.626s][info][gc,heap        ] GC(391) PSYoungGen: 2578880K(2598912K)->152346K(2560512K) Eden: 2407936K(2407936K)->0K(2407936K) From: 170944K(190976K)->152346K(152576K)
[928.626s][info][gc,heap        ] GC(391) ParOldGen: 5216840K(5217280K)->5313144K(5313536K)
[928.626s][info][gc,metaspace   ] GC(391) Metaspace: 29072K(29376K)->29072K(29376K) NonClass: 24181K(24320K)->24181K(24320K) Class: 4890K(5056K)->4890K(5056K)
[928.626s][info][gc             ] GC(391) Pause Young (Allocation Failure) 7613M->5337M(7689M) 112.161ms
[928.626s][info][gc,cpu         ] GC(391) User=0.63s Sys=0.03s Real=0.11s
.[930.073s][info][gc,start       ] GC(392) Pause Young (Allocation Failure)
[930.182s][info][gc,heap        ] GC(392) PSYoungGen: 2560282K(2560512K)->152800K(2604544K) Eden: 2407936K(2407936K)->0K(2414080K) From: 152346K(152576K)->152800K(190464K)
[930.182s][info][gc,heap        ] GC(392) ParOldGen: 5313144K(5313536K)->5402256K(5402624K)
[930.182s][info][gc,metaspace   ] GC(392) Metaspace: 29072K(29376K)->29072K(29376K) NonClass: 24181K(24320K)->24181K(24320K) Class: 4890K(5056K)->4890K(5056K)
[930.182s][info][gc             ] GC(392) Pause Young (Allocation Failure) 7688M->5424M(7819M) 108.864ms
[930.182s][info][gc,cpu         ] GC(392) User=0.61s Sys=0.03s Real=0.11s
..[931.869s][info][gc,start       ] GC(393) Pause Young (Allocation Failure)
[931.986s][info][gc,heap        ] GC(393) PSYoungGen: 2566880K(2604544K)->148617K(2601472K) Eden: 2414080K(2414080K)->0K(2414080K) From: 152800K(190464K)->148617K(187392K)
[931.986s][info][gc,heap        ] GC(393) ParOldGen: 5402256K(5402624K)->5504280K(5504512K)
[931.986s][info][gc,metaspace   ] GC(393) Metaspace: 29072K(29376K)->29072K(29376K) NonClass: 24181K(24320K)->24181K(24320K) Class: 4890K(5056K)->4890K(5056K)
[931.986s][info][gc             ] GC(393) Pause Young (Allocation Failure) 7782M->5520M(7916M) 116.697ms
[931.986s][info][gc,cpu         ] GC(393) User=0.66s Sys=0.03s Real=0.11s
.[933.410s][info][gc,start       ] GC(394) Pause Full (Allocation Failure)
[933.410s][info][gc,phases,start] GC(394) Marking Phase
[933.758s][info][gc,phases      ] GC(394) Marking Phase 348.245ms
[933.758s][info][gc,phases,start] GC(394) Summary Phase
[933.758s][info][gc,phases      ] GC(394) Summary Phase 0.095ms
[933.758s][info][gc,phases,start] GC(394) Forward
[933.927s][info][gc,phases      ] GC(394) Forward 169.022ms
[933.927s][info][gc,phases,start] GC(394) Adjust Pointers
[934.146s][info][gc,phases      ] GC(394) Adjust Pointers 218.439ms
[934.146s][info][gc,phases,start] GC(394) Compaction Phase
[934.304s][info][gc,phases      ] GC(394) Compaction Phase 158.516ms
[934.307s][info][gc,phases,start] GC(394) Post Compact
[934.314s][info][gc,phases      ] GC(394) Post Compact 6.960ms
[934.439s][info][gc,heap        ] GC(394) PSYoungGen: 2562697K(2601472K)->0K(2603008K) Eden: 2414080K(2414080K)->0K(2418176K) From: 148617K(187392K)->0K(184832K)
[934.439s][info][gc,heap        ] GC(394) ParOldGen: 5504280K(5504512K)->1433403K(1645568K)
[934.439s][info][gc,metaspace   ] GC(394) Metaspace: 29072K(29376K)->29072K(29376K) NonClass: 24181K(24320K)->24181K(24320K) Class: 4890K(5056K)->4890K(5056K)
[934.439s][info][gc             ] GC(394) Pause Full (Allocation Failure) 7877M->1399M(4149M) 1029.306ms
[934.439s][info][gc,cpu         ] GC(394) User=4.57s Sys=0.12s Real=1.03s
..[935.881s][info][gc,start       ] GC(395) Pause Young (Allocation Failure)
[935.964s][info][gc,heap        ] GC(395) PSYoungGen: 2418176K(2603008K)->177466K(2603008K) Eden: 2418176K(2418176K)->0K(2418176K) From: 0K(184832K)->177466K(184832K)
[935.964s][info][gc,heap        ] GC(395) ParOldGen: 1433403K(1645568K)->1433403K(1645568K)
[935.964s][info][gc,metaspace   ] GC(395) Metaspace: 29072K(29376K)->29072K(29376K) NonClass: 24181K(24320K)->24181K(24320K) Class: 4890K(5056K)->4890K(5056K)
[935.964s][info][gc             ] GC(395) Pause Young (Allocation Failure) 3761M->1573M(4149M) 83.227ms
[935.964s][info][gc,cpu         ] GC(395) User=0.49s Sys=0.00s Real=0.08s
.[937.465s][info][gc,start       ] GC(396) Pause Young (Allocation Failure)
[937.571s][info][gc,heap        ] GC(396) PSYoungGen: 2595642K(2603008K)->158912K(2607616K) Eden: 2418176K(2418176K)->0K(2417152K) From: 177466K(184832K)->158912K(190464K)
[937.571s][info][gc,heap        ] GC(396) ParOldGen: 1433403K(1645568K)->1535897K(1645568K)
[937.571s][info][gc,metaspace   ] GC(396) Metaspace: 29072K(29376K)->29072K(29376K) NonClass: 24181K(24320K)->24181K(24320K) Class: 4890K(5056K)->4890K(5056K)
[937.571s][info][gc             ] GC(396) Pause Young (Allocation Failure) 3934M->1655M(4153M) 106.610ms
[937.571s][info][gc,cpu         ] GC(396) User=0.63s Sys=0.00s Real=0.11s
.[939.129s][info][gc,start       ] GC(397) Pause Young (Allocation Failure)
[939.234s][info][gc,heap        ] GC(397) PSYoungGen: 2576064K(2607616K)->152992K(2570240K) Eden: 2417152K(2417152K)->0K(2417152K) From: 158912K(190464K)->152992K(153088K)
[939.234s][info][gc,heap        ] GC(397) ParOldGen: 1535897K(1645568K)->1633721K(1645568K)
[939.234s][info][gc,metaspace   ] GC(397) Metaspace: 29072K(29376K)->29072K(29376K) NonClass: 24181K(24320K)->24181K(24320K) Class: 4890K(5056K)->4890K(5056K)
[939.234s][info][gc             ] GC(397) Pause Young (Allocation Failure) 4015M->1744M(4117M) 104.589ms
[939.234s][info][gc,cpu         ] GC(397) User=0.62s Sys=0.00s Real=0.10s
.[940.727s][info][gc,start       ] GC(398) Pause Young (Allocation Failure)
[940.839s][info][gc,heap        ] GC(398) PSYoungGen: 2570144K(2570240K)->171761K(2600448K) Eden: 2417152K(2417152K)->0K(2414592K) From: 152992K(153088K)->171761K(185856K)
[940.839s][info][gc,heap        ] GC(398) ParOldGen: 1633721K(1645568K)->1723241K(1723392K)
[940.839s][info][gc,metaspace   ] GC(398) Metaspace: 29072K(29376K)->29072K(29376K) NonClass: 24181K(24320K)->24181K(24320K) Class: 4890K(5056K)->4890K(5056K)
[940.839s][info][gc             ] GC(398) Pause Young (Allocation Failure) 4105M->1850M(4222M) 111.971ms
[940.840s][info][gc,cpu         ] GC(398) User=0.64s Sys=0.03s Real=0.12s
.[942.266s][info][gc,start       ] GC(399) Pause Young (Allocation Failure)
[942.378s][info][gc,heap        ] GC(399) PSYoungGen: 2586353K(2600448K)->168976K(2603008K) Eden: 2414592K(2414592K)->0K(2414592K) From: 171761K(185856K)->168976K(188416K)
[942.378s][info][gc,heap        ] GC(399) ParOldGen: 1723241K(1723392K)->1818625K(1819136K)
[942.378s][info][gc,metaspace   ] GC(399) Metaspace: 29072K(29376K)->29072K(29376K) NonClass: 24181K(24320K)->24181K(24320K) Class: 4890K(5056K)->4890K(5056K)
[942.378s][info][gc             ] GC(399) Pause Young (Allocation Failure) 4208M->1941M(4318M) 112.419ms
[942.378s][info][gc,cpu         ] GC(399) User=0.64s Sys=0.03s Real=0.11s
.[943.621s][info][gc,start       ] GC(400) Pause Young (Allocation Failure)
[943.781s][info][gc,heap        ] GC(400) PSYoungGen: 2583568K(2603008K)->170304K(2603520K) Eden: 2414592K(2414592K)->0K(2414080K) From: 168976K(188416K)->170304K(189440K)
[943.781s][info][gc,heap        ] GC(400) ParOldGen: 1818625K(1819136K)->1910529K(1910784K)
[943.781s][info][gc,metaspace   ] GC(400) Metaspace: 29072K(29376K)->29072K(29376K) NonClass: 24181K(24320K)->24181K(24320K) Class: 4890K(5056K)->4890K(5056K)
[943.781s][info][gc             ] GC(400) Pause Young (Allocation Failure) 4299M->2032M(4408M) 160.375ms
[943.781s][info][gc,cpu         ] GC(400) User=0.65s Sys=0.02s Real=0.16s
..[945.307s][info][gc,start       ] GC(401) Pause Young (Allocation Failure)
[945.418s][info][gc,heap        ] GC(401) PSYoungGen: 2584384K(2603520K)->154512K(2568704K) Eden: 2414080K(2414080K)->0K(2414080K) From: 170304K(189440K)->154512K(154624K)
[945.418s][info][gc,heap        ] GC(401) ParOldGen: 1910529K(1910784K)->2015161K(2015232K)
[945.418s][info][gc,metaspace   ] GC(401) Metaspace: 29072K(29376K)->29072K(29376K) NonClass: 24181K(24320K)->24181K(24320K) Class: 4890K(5056K)->4890K(5056K)
[945.418s][info][gc             ] GC(401) Pause Young (Allocation Failure) 4389M->2118M(4476M) 111.435ms
[945.418s][info][gc,cpu         ] GC(401) User=0.63s Sys=0.03s Real=0.11s
.[947.074s][info][gc,start       ] GC(402) Pause Young (Allocation Failure)
[947.184s][info][gc,heap        ] GC(402) PSYoungGen: 2568592K(2568704K)->152564K(2606592K) Eden: 2414080K(2414080K)->0K(2417664K) From: 154512K(154624K)->152564K(188928K)
[947.184s][info][gc,heap        ] GC(402) ParOldGen: 2015161K(2015232K)->2109553K(2109952K)
[947.184s][info][gc,metaspace   ] GC(402) Metaspace: 29072K(29376K)->29072K(29376K) NonClass: 24181K(24320K)->24181K(24320K) Class: 4890K(5056K)->4890K(5056K)
[947.184s][info][gc             ] GC(402) Pause Young (Allocation Failure) 4476M->2209M(4606M) 109.624ms
[947.184s][info][gc,cpu         ] GC(402) User=0.63s Sys=0.02s Real=0.11s
. (rIR:aIR:PR = 12976:12498:12193) (tPR = 182392) [PR is under limit] 
   947s: Re-initializing (term[948.783s][info][gc,start       ] GC(403) Pause Young (Allocation Failure)
[948.893s][info][gc,heap        ] GC(403) PSYoungGen: 2570228K(2606592K)->160132K(2604544K) Eden: 2417664K(2417664K)->0K(2417664K) From: 152564K(188928K)->160132K(186880K)
[948.893s][info][gc,heap        ] GC(403) ParOldGen: 2109553K(2109952K)->2197817K(2198016K)
[948.893s][info][gc,metaspace   ] GC(403) Metaspace: 29072K(29376K)->29072K(29376K) NonClass: 24181K(24320K)->24181K(24320K) Class: 4890K(5056K)->4890K(5056K)
[948.893s][info][gc             ] GC(403) Pause Young (Allocation Failure) 4570M->2302M(4690M) 109.669ms
[948.893s][info][gc,cpu         ] GC(403) User=0.62s Sys=0.04s Real=0.11s
) [950.033s][info][gc,start       ] GC(404) Pause Full (System.gc())
[950.033s][info][gc,phases,start] GC(404) Marking Phase
[950.052s][info][gc,phases      ] GC(404) Marking Phase 19.090ms
[950.052s][info][gc,phases,start] GC(404) Summary Phase
[950.052s][info][gc,phases      ] GC(404) Summary Phase 0.040ms
[950.052s][info][gc,phases,start] GC(404) Forward
[950.056s][info][gc,phases      ] GC(404) Forward 3.429ms
[950.056s][info][gc,phases,start] GC(404) Adjust Pointers
[950.069s][info][gc,phases      ] GC(404) Adjust Pointers 12.963ms
[950.069s][info][gc,phases,start] GC(404) Compaction Phase
[950.103s][info][gc,phases      ] GC(404) Compaction Phase 34.420ms
[950.103s][info][gc,phases,start] GC(404) Post Compact
[950.107s][info][gc,phases      ] GC(404) Post Compact 3.401ms
[950.107s][info][gc,heap        ] GC(404) PSYoungGen: 1844006K(2604544K)->0K(2604544K) Eden: 1683874K(2417664K)->0K(2417664K) From: 160132K(186880K)->0K(186880K)
[950.107s][info][gc,heap        ] GC(404) ParOldGen: 2197817K(2198016K)->316693K(2198016K)
[950.107s][info][gc,metaspace   ] GC(404) Metaspace: 29072K(29376K)->29072K(29376K) NonClass: 24181K(24320K)->24181K(24320K) Class: 4890K(5056K)->4890K(5056K)
[950.107s][info][gc             ] GC(404) Pause Full (System.gc()) 3947M->309M(4690M) 73.601ms
[950.107s][info][gc,cpu         ] GC(404) User=0.38s Sys=0.00s Real=0.07s
(init[952.047s][info][gc,start       ] GC(405) Pause Young (Allocation Failure)
[952.299s][info][gc,heap        ] GC(405) PSYoungGen: 2417664K(2604544K)->184827K(2344960K) Eden: 2417664K(2417664K)->0K(2160128K) From: 0K(186880K)->184827K(184832K)
[952.299s][info][gc,heap        ] GC(405) ParOldGen: 316693K(2198016K)->657561K(2198016K)
[952.299s][info][gc,metaspace   ] GC(405) Metaspace: 29074K(29376K)->29074K(29376K) NonClass: 24183K(24320K)->24183K(24320K) Class: 4890K(5056K)->4890K(5056K)
[952.299s][info][gc             ] GC(405) Pause Young (Allocation Failure) 2670M->822M(4436M) 251.392ms
[952.299s][info][gc,cpu         ] GC(405) User=1.49s Sys=0.01s Real=0.26s
) ... OK
   956s: high-bound for max-jOPS is measured to be 13837
   956s: 
   956s: Restarting (term) [956.467s][info][gc,start       ] GC(406) Pause Full (System.gc())
[956.467s][info][gc,phases,start] GC(406) Marking Phase
[956.485s][info][gc,phases      ] GC(406) Marking Phase 18.032ms
[956.485s][info][gc,phases,start] GC(406) Summary Phase
[956.485s][info][gc,phases      ] GC(406) Summary Phase 0.026ms
[956.485s][info][gc,phases,start] GC(406) Forward
[956.487s][info][gc,phases      ] GC(406) Forward 2.112ms
[956.487s][info][gc,phases,start] GC(406) Adjust Pointers
[956.498s][info][gc,phases      ] GC(406) Adjust Pointers 11.465ms
[956.498s][info][gc,phases,start] GC(406) Compaction Phase
[956.509s][info][gc,phases      ] GC(406) Compaction Phase 10.254ms
[956.509s][info][gc,phases,start] GC(406) Post Compact
[956.511s][info][gc,phases      ] GC(406) Post Compact 2.143ms
[956.511s][info][gc,heap        ] GC(406) PSYoungGen: 1925992K(2344960K)->0K(2344960K) Eden: 1741164K(2160128K)->0K(2160128K) From: 184827K(184832K)->0K(184832K)
[956.511s][info][gc,heap        ] GC(406) ParOldGen: 657561K(2198016K)->316290K(2198016K)
[956.511s][info][gc,metaspace   ] GC(406) Metaspace: 29076K(29376K)->29076K(29376K) NonClass: 24185K(24320K)->24185K(24320K) Class: 4890K(5056K)->4890K(5056K)
[956.511s][info][gc             ] GC(406) Pause Full (System.gc()) 2523M->308M(4436M) 44.278ms
[956.511s][info][gc,cpu         ] GC(406) User=0.19s Sys=0.01s Real=0.05s
(init[957.526s][info][gc,start       ] GC(407) Pause Young (Allocation Failure)
[957.851s][info][gc,heap        ] GC(407) PSYoungGen: 2160128K(2344960K)->317946K(2478080K) Eden: 2160128K(2160128K)->0K(2160128K) From: 0K(184832K)->317946K(317952K)
[957.851s][info][gc,heap        ] GC(407) ParOldGen: 316290K(2198016K)->636898K(2198016K)
[957.851s][info][gc,metaspace   ] GC(407) Metaspace: 29077K(29376K)->29077K(29376K) NonClass: 24187K(24320K)->24187K(24320K) Class: 4890K(5056K)->4890K(5056K)
[957.851s][info][gc             ] GC(407) Pause Young (Allocation Failure) 2418M->932M(4566M) 325.451ms
[957.851s][info][gc,cpu         ] GC(407) User=1.79s Sys=0.00s Real=0.33s
) ... OK
   962s: 
   962s: Warmup for building throughput-responsetime curve
   962s: (10%)   IR =   1384 [962.484s][info][gc,start       ] GC(408) Pause Young (Allocation Failure)
[962.852s][info][gc,heap        ] GC(408) PSYoungGen: 2478074K(2478080K)->317929K(1689600K) Eden: 2160128K(2160128K)->0K(1371648K) From: 317946K(317952K)->317929K(317952K)
[962.852s][info][gc,heap        ] GC(408) ParOldGen: 636898K(2198016K)->1276655K(2198016K)
[962.852s][info][gc,metaspace   ] GC(408) Metaspace: 29080K(29376K)->29080K(29376K) NonClass: 24189K(24320K)->24189K(24320K) Class: 4890K(5056K)->4890K(5056K)
[962.853s][info][gc             ] GC(408) Pause Young (Allocation Failure) 3041M->1557M(3796M) 368.716ms
[962.853s][info][gc,cpu         ] GC(408) User=2.19s Sys=0.01s Real=0.37s
........[970.464s][info][gc,start       ] GC(409) Pause Young (Allocation Failure)
[970.600s][info][gc,heap        ] GC(409) PSYoungGen: 1689577K(1689600K)->86528K(2083840K) Eden: 1371648K(1371648K)->0K(1371648K) From: 317929K(317952K)->86528K(712192K)
[970.600s][info][gc,heap        ] GC(409) ParOldGen: 1276655K(2198016K)->1525339K(2198016K)
[970.600s][info][gc,metaspace   ] GC(409) Metaspace: 29080K(29376K)->29080K(29376K) NonClass: 24189K(24320K)->24189K(24320K) Class: 4890K(5056K)->4890K(5056K)
[970.600s][info][gc             ] GC(409) Pause Young (Allocation Failure) 2896M->1574M(4181M) 135.484ms
[970.600s][info][gc,cpu         ] GC(409) User=0.81s Sys=0.00s Real=0.14s
........[978.430s][info][gc,start       ] GC(410) Pause Young (Allocation Failure)
[978.498s][info][gc,heap        ] GC(410) PSYoungGen: 1458176K(2083840K)->83664K(2067968K) Eden: 1371648K(1371648K)->0K(1373184K) From: 86528K(712192K)->83664K(694784K)
[978.498s][info][gc,heap        ] GC(410) ParOldGen: 1525339K(2198016K)->1594556K(2198016K)
[978.498s][info][gc,metaspace   ] GC(410) Metaspace: 29082K(29376K)->29082K(29376K) NonClass: 24192K(24320K)->24192K(24320K) Class: 4890K(5056K)->4890K(5056K)
[978.498s][info][gc             ] GC(410) Pause Young (Allocation Failure) 2913M->1638M(4166M) 68.086ms
[978.498s][info][gc,cpu         ] GC(410) User=0.40s Sys=0.00s Real=0.06s
........[986.530s][info][gc,start       ] GC(411) Pause Young (Allocation Failure)
[986.596s][info][gc,heap        ] GC(411) PSYoungGen: 1456848K(2067968K)->84720K(2076672K) Eden: 1373184K(1373184K)->0K(1373184K) From: 83664K(694784K)->84720K(703488K)
[986.596s][info][gc,heap        ] GC(411) ParOldGen: 1594556K(2198016K)->1661084K(2198016K)
[986.596s][info][gc,metaspace   ] GC(411) Metaspace: 29083K(29376K)->29083K(29376K) NonClass: 24192K(24320K)->24192K(24320K) Class: 4890K(5056K)->4890K(5056K)
[986.596s][info][gc             ] GC(411) Pause Young (Allocation Failure) 2979M->1704M(4174M) 65.700ms
[986.596s][info][gc,cpu         ] GC(411) User=0.39s Sys=0.00s Real=0.06s
........[994.769s][info][gc,start       ] GC(412) Pause Young (Allocation Failure)
[994.832s][info][gc,heap        ] GC(412) PSYoungGen: 1457904K(2076672K)->86544K(2063360K) Eden: 1373184K(1373184K)->0K(1401344K) From: 84720K(703488K)->86544K(662016K)
[994.832s][info][gc,heap        ] GC(412) ParOldGen: 1661084K(2198016K)->1728996K(2198016K)
[994.832s][info][gc,metaspace   ] GC(412) Metaspace: 29084K(29376K)->29084K(29376K) NonClass: 24193K(24320K)->24193K(24320K) Class: 4890K(5056K)->4890K(5056K)
[994.832s][info][gc             ] GC(412) Pause Young (Allocation Failure) 3045M->1772M(4161M) 63.410ms
[994.832s][info][gc,cpu         ] GC(412) User=0.37s Sys=0.00s Real=0.06s
........[1003.146s][info][gc,start       ] GC(413) Pause Young (Allocation Failure)
[1003.211s][info][gc,heap        ] GC(413) PSYoungGen: 1487888K(2063360K)->88640K(2076160K) Eden: 1401344K(1401344K)->0K(1401344K) From: 86544K(662016K)->88640K(674816K)
[1003.211s][info][gc,heap        ] GC(413) ParOldGen: 1728996K(2198016K)->1797253K(2198016K)
[1003.211s][info][gc,metaspace   ] GC(413) Metaspace: 29086K(29440K)->29086K(29440K) NonClass: 24195K(24384K)->24195K(24384K) Class: 4890K(5056K)->4890K(5056K)
[1003.211s][info][gc             ] GC(413) Pause Young (Allocation Failure) 3141M->1841M(4174M) 65.393ms
[1003.211s][info][gc,cpu         ] GC(413) User=0.39s Sys=0.00s Real=0.07s
.........[1011.583s][info][gc,start       ] GC(414) Pause Young (Allocation Failure)
[1011.649s][info][gc,heap        ] GC(414) PSYoungGen: 1489984K(2076160K)->86224K(2085888K) Eden: 1401344K(1401344K)->0K(1465856K) From: 88640K(674816K)->86224K(620032K)
[1011.649s][info][gc,heap        ] GC(414) ParOldGen: 1797253K(2198016K)->1867045K(2198016K)
[1011.649s][info][gc,metaspace   ] GC(414) Metaspace: 29086K(29440K)->29086K(29440K) NonClass: 24195K(24384K)->24195K(24384K) Class: 4890K(5056K)->4890K(5056K)
[1011.649s][info][gc             ] GC(414) Pause Young (Allocation Failure) 3210M->1907M(4183M) 65.768ms
[1011.649s][info][gc,cpu         ] GC(414) User=0.39s Sys=0.00s Real=0.07s
.....[1017.328s][info][gc,start       ] GC(415) Pause Full (Diagnostic Command)
[1017.328s][info][gc,phases,start] GC(415) Marking Phase
[1017.605s][info][gc,phases      ] GC(415) Marking Phase 276.194ms
[1017.605s][info][gc,phases,start] GC(415) Summary Phase
[1017.605s][info][gc,phases      ] GC(415) Summary Phase 0.039ms
[1017.605s][info][gc,phases,start] GC(415) Forward
[1017.727s][info][gc,phases      ] GC(415) Forward 122.091ms
[1017.727s][info][gc,phases,start] GC(415) Adjust Pointers
[1017.913s][info][gc,phases      ] GC(415) Adjust Pointers 185.983ms
[1017.913s][info][gc,phases,start] GC(415) Compaction Phase
[1018.077s][info][gc,phases      ] GC(415) Compaction Phase 164.422ms
[1018.078s][info][gc,phases,start] GC(415) Post Compact
[1018.081s][info][gc,phases      ] GC(415) Post Compact 2.572ms
[1018.081s][info][gc,heap        ] GC(415) PSYoungGen: 1052103K(2085888K)->0K(2085888K) Eden: 965879K(1465856K)->0K(1465856K) From: 86224K(620032K)->0K(620032K)
[1018.081s][info][gc,heap        ] GC(415) ParOldGen: 1867045K(2198016K)->1139314K(2198016K)
[1018.081s][info][gc,metaspace   ] GC(415) Metaspace: 29086K(29440K)->29086K(29440K) NonClass: 24195K(24384K)->24195K(24384K) Class: 4890K(5056K)->4890K(5056K)
[1018.081s][info][gc             ] GC(415) Pause Full (Diagnostic Command) 2850M->1112M(4183M) 752.577ms
[1018.081s][info][gc,cpu         ] GC(415) User=4.29s Sys=0.01s Real=0.75s
.........[1026.234s][info][gc,start       ] GC(416) Pause Young (Allocation Failure)
[1026.277s][info][gc,heap        ] GC(416) PSYoungGen: 1465856K(2085888K)->91648K(2100224K) Eden: 1465856K(1465856K)->0K(1465856K) From: 0K(620032K)->91648K(634368K)
[1026.277s][info][gc,heap        ] GC(416) ParOldGen: 1139314K(2198016K)->1139314K(2198016K)
[1026.277s][info][gc,metaspace   ] GC(416) Metaspace: 29086K(29440K)->29086K(29440K) NonClass: 24196K(24384K)->24196K(24384K) Class: 4890K(5056K)->4890K(5056K)
[1026.277s][info][gc             ] GC(416) Pause Young (Allocation Failure) 2544M->1202M(4197M) 42.824ms
[1026.277s][info][gc,cpu         ] GC(416) User=0.26s Sys=0.00s Real=0.04s
........[1035.012s][info][gc,start       ] GC(417) Pause Young (Allocation Failure)
[1035.078s][info][gc,heap        ] GC(417) PSYoungGen: 1557504K(2100224K)->90368K(2122240K) Eden: 1465856K(1465856K)->0K(1550336K) From: 91648K(634368K)->90368K(571904K)
[1035.078s][info][gc,heap        ] GC(417) ParOldGen: 1139314K(2198016K)->1210582K(2198016K)
[1035.078s][info][gc,metaspace   ] GC(417) Metaspace: 29086K(29440K)->29086K(29440K) NonClass: 24196K(24384K)->24196K(24384K) Class: 4890K(5056K)->4890K(5056K)
[1035.078s][info][gc             ] GC(417) Pause Young (Allocation Failure) 2633M->1270M(4219M) 65.583ms
[1035.078s][info][gc,cpu         ] GC(417) User=0.39s Sys=0.00s Real=0.06s
..........[1044.335s][info][gc,start       ] GC(418) Pause Young (Allocation Failure)
[1044.403s][info][gc,heap        ] GC(418) PSYoungGen: 1640704K(2122240K)->94848K(2137600K) Eden: 1550336K(1550336K)->0K(1550336K) From: 90368K(571904K)->94848K(587264K)
[1044.403s][info][gc,heap        ] GC(418) ParOldGen: 1210582K(2198016K)->1279422K(2198016K)
[1044.403s][info][gc,metaspace   ] GC(418) Metaspace: 29086K(29440K)->29086K(29440K) NonClass: 24196K(24384K)->24196K(24384K) Class: 4890K(5056K)->4890K(5056K)
[1044.403s][info][gc             ] GC(418) Pause Young (Allocation Failure) 2784M->1342M(4234M) 67.830ms
[1044.403s][info][gc,cpu         ] GC(418) User=0.40s Sys=0.00s Real=0.07s
.........[1053.719s][info][gc,start       ] GC(419) Pause Young (Allocation Failure)
[1053.787s][info][gc,heap        ] GC(419) PSYoungGen: 1645184K(2137600K)->94784K(2168320K) Eden: 1550336K(1550336K)->0K(1646592K) From: 94848K(587264K)->94784K(521728K)
[1053.787s][info][gc,heap        ] GC(419) ParOldGen: 1279422K(2198016K)->1351534K(2198016K)
[1053.787s][info][gc,metaspace   ] GC(419) Metaspace: 29086K(29440K)->29086K(29440K) NonClass: 24196K(24384K)->24196K(24384K) Class: 4890K(5056K)->4890K(5056K)
[1053.787s][info][gc             ] GC(419) Pause Young (Allocation Failure) 2856M->1412M(4264M) 68.246ms
[1053.787s][info][gc,cpu         ] GC(419) User=0.41s Sys=0.00s Real=0.06s
..........[1063.385s][info][gc,start       ] GC(420) Pause Young (Allocation Failure)
[1063.454s][info][gc,heap        ] GC(420) PSYoungGen: 1741376K(2168320K)->97184K(2183680K) Eden: 1646592K(1646592K)->0K(1646592K) From: 94784K(521728K)->97184K(537088K)
[1063.454s][info][gc,heap        ] GC(420) ParOldGen: 1351534K(2198016K)->1423830K(2198016K)
[1063.454s][info][gc,metaspace   ] GC(420) Metaspace: 29086K(29440K)->29086K(29440K) NonClass: 24196K(24384K)->24196K(24384K) Class: 4890K(5056K)->4890K(5056K)
[1063.454s][info][gc             ] GC(420) Pause Young (Allocation Failure) 3020M->1485M(4279M) 69.432ms
[1063.454s][info][gc,cpu         ] GC(420) User=0.41s Sys=0.01s Real=0.07s
..........[1073.413s][info][gc,start       ] GC(421) Pause Young (Allocation Failure)
[1073.484s][info][gc,heap        ] GC(421) PSYoungGen: 1743776K(2183680K)->98800K(2219520K) Eden: 1646592K(1646592K)->0K(1746944K) From: 97184K(537088K)->98800K(472576K)
[1073.484s][info][gc,heap        ] GC(421) ParOldGen: 1423830K(2198016K)->1497974K(2198016K)
[1073.484s][info][gc,metaspace   ] GC(421) Metaspace: 29086K(29440K)->29086K(29440K) NonClass: 24196K(24384K)->24196K(24384K) Class: 4890K(5056K)->4890K(5056K)
[1073.484s][info][gc             ] GC(421) Pause Young (Allocation Failure) 3093M->1559M(4314M) 70.576ms
[1073.484s][info][gc,cpu         ] GC(421) User=0.42s Sys=0.00s Real=0.07s
..........[1083.965s][info][gc,start       ] GC(422) Pause Young (Allocation Failure)
[1084.039s][info][gc,heap        ] GC(422) PSYoungGen: 1845744K(2219520K)->106384K(2234368K) Eden: 1746944K(1746944K)->0K(1746944K) From: 98800K(472576K)->106384K(487424K)
[1084.039s][info][gc,heap        ] GC(422) ParOldGen: 1497974K(2198016K)->1571486K(2198016K)
[1084.039s][info][gc,metaspace   ] GC(422) Metaspace: 29086K(29440K)->29086K(29440K) NonClass: 24196K(24384K)->24196K(24384K) Class: 4890K(5056K)->4890K(5056K)
[1084.039s][info][gc             ] GC(422) Pause Young (Allocation Failure) 3265M->1638M(4328M) 73.548ms
[1084.039s][info][gc,cpu         ] GC(422) User=0.44s Sys=0.00s Real=0.08s
...........[1094.540s][info][gc,start       ] GC(423) Pause Young (Allocation Failure)
[1094.614s][info][gc,heap        ] GC(423) PSYoungGen: 1853328K(2234368K)->182336K(2281472K) Eden: 1746944K(1746944K)->0K(1846784K) From: 106384K(487424K)->182336K(434688K)
[1094.614s][info][gc,heap        ] GC(423) ParOldGen: 1571486K(2198016K)->1571486K(2198016K)
[1094.614s][info][gc,metaspace   ] GC(423) Metaspace: 29086K(29440K)->29086K(29440K) NonClass: 24196K(24384K)->24196K(24384K) Class: 4890K(5056K)->4890K(5056K)
[1094.614s][info][gc             ] GC(423) Pause Young (Allocation Failure) 3344M->1712M(4374M) 73.994ms
[1094.614s][info][gc,cpu         ] GC(423) User=0.44s Sys=0.00s Real=0.07s
...........[1105.558s][info][gc,start       ] GC(424) Pause Young (Allocation Failure)
[1105.651s][info][gc,heap        ] GC(424) PSYoungGen: 2029120K(2281472K)->244912K(2289664K) Eden: 1846784K(1846784K)->0K(1846784K) From: 182336K(434688K)->244912K(442880K)
[1105.651s][info][gc,heap        ] GC(424) ParOldGen: 1571486K(2198016K)->1571486K(2198016K)
[1105.651s][info][gc,metaspace   ] GC(424) Metaspace: 29086K(29440K)->29086K(29440K) NonClass: 24196K(24384K)->24196K(24384K) Class: 4890K(5056K)->4890K(5056K)
[1105.651s][info][gc             ] GC(424) Pause Young (Allocation Failure) 3516M->1773M(4382M) 93.672ms
[1105.651s][info][gc,cpu         ] GC(424) User=0.56s Sys=0.00s Real=0.10s
...........[1116.755s][info][gc,start       ] GC(425) Pause Young (Allocation Failure)
[1116.862s][info][gc,heap        ] GC(425) PSYoungGen: 2091696K(2289664K)->291952K(2308096K) Eden: 1846784K(1846784K)->0K(1860096K) From: 244912K(442880K)->291952K(448000K)
[1116.862s][info][gc,heap        ] GC(425) ParOldGen: 1571486K(2198016K)->1571486K(2198016K)
[1116.862s][info][gc,metaspace   ] GC(425) Metaspace: 29086K(29440K)->29086K(29440K) NonClass: 24196K(24384K)->24196K(24384K) Class: 4890K(5056K)->4890K(5056K)
[1116.862s][info][gc             ] GC(425) Pause Young (Allocation Failure) 3577M->1819M(4400M) 107.041ms
[1116.862s][info][gc,cpu         ] GC(425) User=0.63s Sys=0.00s Real=0.11s
...........[1127.945s][info][gc,start       ] GC(426) Pause Young (Allocation Failure)
[1128.064s][info][gc,heap        ] GC(426) PSYoungGen: 2152048K(2308096K)->326416K(2186752K) Eden: 1860096K(1860096K)->0K(1860096K) From: 291952K(448000K)->326416K(326656K)
[1128.064s][info][gc,heap        ] GC(426) ParOldGen: 1571486K(2198016K)->1571486K(2198016K)
[1128.064s][info][gc,metaspace   ] GC(426) Metaspace: 29086K(29440K)->29086K(29440K) NonClass: 24196K(24384K)->24196K(24384K) Class: 4890K(5056K)->4890K(5056K)
[1128.064s][info][gc             ] GC(426) Pause Young (Allocation Failure) 3636M->1853M(4282M) 118.900ms
[1128.064s][info][gc,cpu         ] GC(426) User=0.71s Sys=0.00s Real=0.12s
............[1139.268s][info][gc,start       ] GC(427) Pause Young (Allocation Failure)
[1139.395s][info][gc,heap        ] GC(427) PSYoungGen: 2186512K(2186752K)->328960K(2259456K) Eden: 1860096K(1860096K)->0K(1764864K) From: 326416K(326656K)->328960K(494592K)
[1139.395s][info][gc,heap        ] GC(427) ParOldGen: 1571486K(2198016K)->1596982K(2198016K)
[1139.395s][info][gc,metaspace   ] GC(427) Metaspace: 29086K(29440K)->29086K(29440K) NonClass: 24196K(24384K)->24196K(24384K) Class: 4890K(5056K)->4890K(5056K)
[1139.395s][info][gc             ] GC(427) Pause Young (Allocation Failure) 3669M->1880M(4353M) 126.572ms
[1139.395s][info][gc,cpu         ] GC(427) User=0.75s Sys=0.00s Real=0.13s
.... (rIR:aIR:PR = 1384:1384:1384) (tPR = 20525) [OK] 
  1143s: 
  1143s: Building throughput-responsetime curve
  1143s: ( 0%)   IR =      0 ...|............................................................ (rIR:aIR:PR = 0:0:0) (tPR = 0) [OK] 
  1206s: Performance info:
         Transaction,    Success,    Partial,     Failed,   Receipts, AvgBarcode, 
         Response times:
             Request,    Success,    Partial,     Failed,   SkipFail,     Probes,    Samples,      min,      p50,      p90,      p95,      p99,      max, 

  1206s: ( 1%)   IR =    138 .....|...........................................................[1270.250s][info][gc,start       ] GC(428) Pause Young (Allocation Failure)
[1270.380s][info][gc,heap        ] GC(428) PSYoungGen: 2093824K(2259456K)->331116K(2096128K) Eden: 1764864K(1764864K)->0K(1764864K) From: 328960K(494592K)->331116K(331264K)
[1270.380s][info][gc,heap        ] GC(428) ParOldGen: 1596982K(2198016K)->1621734K(2198016K)
[1270.380s][info][gc,metaspace   ] GC(428) Metaspace: 29088K(29440K)->29088K(29440K) NonClass: 24197K(24384K)->24197K(24384K) Class: 4890K(5056K)->4890K(5056K)
[1270.380s][info][gc             ] GC(428) Pause Young (Allocation Failure) 3604M->1907M(4193M) 129.139ms
[1270.380s][info][gc,cpu         ] GC(428) User=0.76s Sys=0.00s Real=0.13s
. (rIR:aIR:PR = 138:138:138) (tPR = 2092) [OK] 
  1271s: Performance info:
         Transaction,    Success,    Partial,     Failed,   Receipts, AvgBarcode, 
             Overall,       8285,          0,          0,       7869,      59.45, 
         Response times:
             Request,    Success,    Partial,     Failed,   SkipFail,     Probes,    Samples,      min,      p50,      p90,      p95,      p99,      max, 
       TotalPurchase,       7869,          0,          0,          0,       7237,       8347,      300,      400,      500,      600,      700,     2100,
     InStorePurchase,       4139,          0,          0,          0,       3918,       4509,      300,      400,      500,      500,      700,     2000,
      OnlinePurchase,       2899,          0,          0,          0,       2626,       2988,      300,      400,      500,      600,      800,     2100,
        InstPurchase,        831,          0,          0,          0,        693,        850,      300,      500,      600,      600,      800,     1400,
          AssocOfCat,          9,          0,          0,          0,          6,          8,    17700,    21000,    23000,    23000,    23000,    23000,
      AssocOfProduct,         82,          0,          0,          0,         79,         88,      400,      600,      700,      800,      800,      800,
      BusinessReport,         23,          0,          0,          0,         22,         22,    19600,    25000,    29000,   136950,   156000,   156000,
          CustBuyBeh,         84,          0,          0,          0,         84,         90,      200,      200,      300,      345,      600,      600,
       ProductReturn,        218,          0,          0,          0,        167,        231,      200,      300,      300,      400,      500,      600,

  1271s: ( 2%)   IR =    277 ....|..........................................[1318.227s][info][gc,start       ] GC(429) Pause Full (Diagnostic Command)
[1318.227s][info][gc,phases,start] GC(429) Marking Phase
[1318.500s][info][gc,phases      ] GC(429) Marking Phase 272.487ms
[1318.500s][info][gc,phases,start] GC(429) Summary Phase
[1318.500s][info][gc,phases      ] GC(429) Summary Phase 0.052ms
[1318.500s][info][gc,phases,start] GC(429) Forward
[1318.646s][info][gc,phases      ] GC(429) Forward 146.195ms
[1318.646s][info][gc,phases,start] GC(429) Adjust Pointers
[1318.839s][info][gc,phases      ] GC(429) Adjust Pointers 192.516ms
[1318.839s][info][gc,phases,start] GC(429) Compaction Phase
[1319.035s][info][gc,phases      ] GC(429) Compaction Phase 196.609ms
[1319.038s][info][gc,phases,start] GC(429) Post Compact
[1319.041s][info][gc,phases      ] GC(429) Post Compact 3.027ms
[1319.041s][info][gc,heap        ] GC(429) PSYoungGen: 1910447K(2096128K)->0K(2096128K) Eden: 1579330K(1764864K)->0K(1764864K) From: 331116K(331264K)->0K(331264K)
[1319.041s][info][gc,heap        ] GC(429) ParOldGen: 1621734K(2198016K)->1118171K(2198016K)
[1319.041s][info][gc,metaspace   ] GC(429) Metaspace: 29089K(29440K)->29089K(29440K) NonClass: 24198K(24384K)->24198K(24384K) Class: 4890K(5056K)->4890K(5056K)
[1319.041s][info][gc             ] GC(429) Pause Full (Diagnostic Command) 3449M->1091M(4193M) 813.492ms
[1319.041s][info][gc,cpu         ] GC(429) User=4.44s Sys=0.01s Real=0.82s
.................. (rIR:aIR:PR = 277:277:277) (tPR = 4047) [OK] 
  1335s: Performance info:
         Transaction,    Success,    Partial,     Failed,   Receipts, AvgBarcode, 
             Overall,      16828,          0,          0,      15985,      59.45, 
         Response times:
             Request,    Success,    Partial,     Failed,   SkipFail,     Probes,    Samples,      min,      p50,      p90,      p95,      p99,      max, 
       TotalPurchase,      15985,          0,          0,          0,      14978,      16959,      300,      500,      700,      800,      900,     1400,
     InStorePurchase,       8408,          0,          0,          0,       7964,       8910,      300,      500,      700,      800,      900,     1200,
      OnlinePurchase,       5893,          0,          0,          0,       5509,       6258,      300,      500,      700,      800,      900,     1400,
        InstPurchase,       1684,          0,          0,          0,       1505,       1791,      300,      500,      800,      900,     1100,     1300,
          AssocOfCat,         17,          0,          0,          0,         15,         16,    17200,    21000,    23000,    23000,    23000,    23000,
      AssocOfProduct,        168,          0,          0,          0,        114,        168,      300,      700,      900,      900,     1100,     1100,
      BusinessReport,         43,          0,          0,          0,         40,         44,    17700,    24500,    29000,    29000,    33000,    33000,
          CustBuyBeh,        168,          0,          0,          0,        124,        193,      100,      500,      700,      700,     1006,     1100,
       ProductReturn,        447,          0,          0,          0,        367,        466,      200,      300,      600,      700,     8233,     8800,

  1335s: ( 3%)   IR =    415 .....|..................[1359.612s][info][gc,start       ] GC(430) Pause Young (Allocation Failure)
[1359.660s][info][gc,heap        ] GC(430) PSYoungGen: 1764864K(2096128K)->104960K(2276864K) Eden: 1764864K(1764864K)->0K(1745408K) From: 0K(331264K)->104960K(531456K)
[1359.660s][info][gc,heap        ] GC(430) ParOldGen: 1118171K(2198016K)->1118171K(2198016K)
[1359.660s][info][gc,metaspace   ] GC(430) Metaspace: 29092K(29440K)->29092K(29440K) NonClass: 24201K(24384K)->24201K(24384K) Class: 4890K(5056K)->4890K(5056K)
[1359.660s][info][gc             ] GC(430) Pause Young (Allocation Failure) 2815M->1194M(4370M) 48.168ms
[1359.660s][info][gc,cpu         ] GC(430) User=0.28s Sys=0.00s Real=0.05s
...................................[1394.250s][info][gc,start       ] GC(431) Pause Young (Allocation Failure)
[1394.321s][info][gc,heap        ] GC(431) PSYoungGen: 1850368K(2276864K)->180720K(1926144K) Eden: 1745408K(1745408K)->0K(1745408K) From: 104960K(531456K)->180720K(180736K)
[1394.321s][info][gc,heap        ] GC(431) ParOldGen: 1118171K(2198016K)->1118171K(2198016K)
[1394.321s][info][gc,metaspace   ] GC(431) Metaspace: 29092K(29440K)->29092K(29440K) NonClass: 24201K(24384K)->24201K(24384K) Class: 4890K(5056K)->4890K(5056K)
[1394.321s][info][gc             ] GC(431) Pause Young (Allocation Failure) 2898M->1268M(4027M) 71.416ms
[1394.321s][info][gc,cpu         ] GC(431) User=0.42s Sys=0.00s Real=0.07s
....... (rIR:aIR:PR = 415:415:415) (tPR = 6143) [OK] 
  1400s: Performance info:
         Transaction,    Success,    Partial,     Failed,   Receipts, AvgBarcode, 
             Overall,      24903,          0,          0,      23664,      59.47, 
         Response times:
             Request,    Success,    Partial,     Failed,   SkipFail,     Probes,    Samples,      min,      p50,      p90,      p95,      p99,      max, 
       TotalPurchase,      23664,          0,          0,          0,      22439,      25127,      300,      600,      900,     1000,     1200,    73000,
     InStorePurchase,      12459,          0,          0,          0,      11966,      13305,      300,      600,      900,     1000,     1200,    73000,
      OnlinePurchase,       8715,          0,          0,          0,       8233,       9230,      300,      600,      900,      900,     1100,    73000,
        InstPurchase,       2490,          0,          0,          0,       2240,       2592,      400,      600,      800,      900,     1100,     2700,
          AssocOfCat,         25,          0,          0,          0,         21,         26,    15600,    19500,    29000,    68000,    89000,    89000,
      AssocOfProduct,        246,          0,          0,          0,        201,        278,      400,      800,     1100,     1100,     1300,     1300,
      BusinessReport,         63,          0,          0,          0,         59,         66,    16800,    22000,    29000,    29000,    29000,    29000,
          CustBuyBeh,        243,          0,          0,          0,        210,        299,      200,      500,      700,      800,     1000,     2100,
       ProductReturn,        662,          0,          0,          0,        586,        735,      200,      500,      700,      800,     1100,     1300,

  1400s: ( 4%)   IR =    553 ....|.................[1422.125s][info][gc,start       ] GC(432) Pause Young (Allocation Failure)
[1422.216s][info][gc,heap        ] GC(432) PSYoungGen: 1926128K(1926144K)->239168K(2253312K) Eden: 1745408K(1745408K)->0K(1761280K) From: 180720K(180736K)->239168K(492032K)
[1422.216s][info][gc,heap        ] GC(432) ParOldGen: 1118171K(2198016K)->1118171K(2198016K)
[1422.216s][info][gc,metaspace   ] GC(432) Metaspace: 29093K(29440K)->29093K(29440K) NonClass: 24202K(24384K)->24202K(24384K) Class: 4890K(5056K)->4890K(5056K)
[1422.217s][info][gc             ] GC(432) Pause Young (Allocation Failure) 2972M->1325M(4347M) 91.033ms
[1422.217s][info][gc,cpu         ] GC(432) User=0.54s Sys=0.00s Real=0.09s
..........................[1448.595s][info][gc,start       ] GC(433) Pause Young (Allocation Failure)
[1448.702s][info][gc,heap        ] GC(433) PSYoungGen: 2000448K(2253312K)->284288K(2237440K) Eden: 1761280K(1761280K)->0K(1761280K) From: 239168K(492032K)->284288K(476160K)
[1448.702s][info][gc,heap        ] GC(433) ParOldGen: 1118171K(2198016K)->1118171K(2198016K)
[1448.702s][info][gc,metaspace   ] GC(433) Metaspace: 29095K(29440K)->29095K(29440K) NonClass: 24204K(24384K)->24204K(24384K) Class: 4890K(5056K)->4890K(5056K)
[1448.702s][info][gc             ] GC(433) Pause Young (Allocation Failure) 3045M->1369M(4331M) 106.251ms
[1448.702s][info][gc,cpu         ] GC(433) User=0.63s Sys=0.00s Real=0.11s
................. (rIR:aIR:PR = 553:553:553) (tPR = 8052) [OK] 
  1464s: Performance info:
         Transaction,    Success,    Partial,     Failed,   Receipts, AvgBarcode, 
             Overall,      33208,          0,          0,      31556,      59.50, 
         Response times:
             Request,    Success,    Partial,     Failed,   SkipFail,     Probes,    Samples,      min,      p50,      p90,      p95,      p99,      max, 
       TotalPurchase,      31556,          0,          0,          0,      30177,      33257,      300,      700,     1000,     1100,     1300,   108000,
     InStorePurchase,      16623,          0,          0,          0,      16011,      17548,      300,      700,     1000,     1100,     1300,   108000,
      OnlinePurchase,      11605,          0,          0,          0,      11110,      12263,      300,      700,     1000,     1100,     1300,     3200,
        InstPurchase,       3328,          0,          0,          0,       3056,       3446,      400,      700,     1000,     1100,     1353,   108000,
          AssocOfCat,         31,          0,          0,          0,         30,         34,    15200,    19000,    22000,    24000,    27000,    27000,
      AssocOfProduct,        331,          0,          0,          0,        258,        361,      400,      900,     1200,     1300,     1638,     2500,
      BusinessReport,         83,          0,          0,          0,         78,         86,    18400,    23500,    28300,    32950,    37000,    37000,
          CustBuyBeh,        332,          0,          0,          0,        270,        362,      200,      800,     1000,     1200,     1637,     2300,
       ProductReturn,        875,          0,          0,          0,        727,        894,      200,      700,     1000,     1100,     1300,     3100,

  1464s: ( 5%)   IR =    692 ....|...[1473.113s][info][gc,start       ] GC(434) Pause Young (Allocation Failure)
[1473.228s][info][gc,heap        ] GC(434) PSYoungGen: 2045568K(2237440K)->319600K(2292224K) Eden: 1761280K(1761280K)->0K(1814016K) From: 284288K(476160K)->319600K(478208K)
[1473.228s][info][gc,heap        ] GC(434) ParOldGen: 1118171K(2198016K)->1118171K(2198016K)
[1473.228s][info][gc,metaspace   ] GC(434) Metaspace: 29095K(29440K)->29095K(29440K) NonClass: 24205K(24384K)->24205K(24384K) Class: 4890K(5056K)->4890K(5056K)
[1473.228s][info][gc             ] GC(434) Pause Young (Allocation Failure) 3089M->1404M(4385M) 115.917ms
[1473.228s][info][gc,cpu         ] GC(434) User=0.68s Sys=0.00s Real=0.12s
......................[1494.809s][info][gc,start       ] GC(435) Pause Young (Allocation Failure)
[1494.934s][info][gc,heap        ] GC(435) PSYoungGen: 2133616K(2292224K)->346064K(2160128K) Eden: 1814016K(1814016K)->0K(1814016K) From: 319600K(478208K)->346064K(346112K)
[1494.934s][info][gc,heap        ] GC(435) ParOldGen: 1118171K(2198016K)->1118171K(2198016K)
[1494.934s][info][gc,metaspace   ] GC(435) Metaspace: 29095K(29440K)->29095K(29440K) NonClass: 24205K(24384K)->24205K(24384K) Class: 4890K(5056K)->4890K(5056K)
[1494.934s][info][gc             ] GC(435) Pause Young (Allocation Failure) 3175M->1429M(4256M) 124.704ms
[1494.934s][info][gc,cpu         ] GC(435) User=0.74s Sys=0.00s Real=0.12s
......................[1516.455s][info][gc,start       ] GC(436) Pause Young (Allocation Failure)
[1516.586s][info][gc,heap        ] GC(436) PSYoungGen: 2160080K(2160128K)->366784K(2245120K) Eden: 1814016K(1814016K)->0K(1736192K) From: 346064K(346112K)->366784K(508928K)
[1516.586s][info][gc,heap        ] GC(436) ParOldGen: 1118171K(2198016K)->1118171K(2198016K)
[1516.586s][info][gc,metaspace   ] GC(436) Metaspace: 29095K(29440K)->29095K(29440K) NonClass: 24205K(24384K)->24205K(24384K) Class: 4890K(5056K)->4890K(5056K)
[1516.586s][info][gc             ] GC(436) Pause Young (Allocation Failure) 3201M->1450M(4339M) 130.786ms
[1516.586s][info][gc,cpu         ] GC(436) User=0.78s Sys=0.00s Real=0.13s
............. (rIR:aIR:PR = 692:692:692) (tPR = 10392) [OK] 
  1529s: Performance info:
         Transaction,    Success,    Partial,     Failed,   Receipts, AvgBarcode, 
             Overall,      41607,          0,          0,      39520,      59.50, 
         Response times:
             Request,    Success,    Partial,     Failed,   SkipFail,     Probes,    Samples,      min,      p50,      p90,      p95,      p99,      max, 
       TotalPurchase,      39520,          0,          0,          0,      37566,      41107,      300,      800,     1200,     1300,     1700,   133000,
     InStorePurchase,      20785,          0,          0,          0,      19868,      21662,      300,      800,     1200,     1300,     1800,   133000,
      OnlinePurchase,      14575,          0,          0,          0,      13822,      15056,      300,      800,     1200,     1300,     1700,   127000,
        InstPurchase,       4160,          0,          0,          0,       3876,       4389,      400,      800,     1100,     1300,     1600,   126000,
          AssocOfCat,         41,          0,          0,          0,         41,         44,    15500,    19550,    22000,    23000,    25000,    25000,
      AssocOfProduct,        419,          0,          0,          0,        339,        407,      600,     1100,     1400,     1500,    72760,   133000,
      BusinessReport,        104,          0,          0,          0,        101,        110,    17100,    25000,    28900,    29000,    30000,    30000,
          CustBuyBeh,        417,          0,          0,          0,        351,        452,      200,      800,     1100,     1200,     1694,     2800,
       ProductReturn,       1106,          0,          0,          0,        981,       1208,      200,      800,     1200,     1300,     1700,     5200,

  1529s: ( 6%)   IR =    830 ....|..[1536.099s][info][gc,start       ] GC(437) Pause Young (Allocation Failure)
[1536.234s][info][gc,heap        ] GC(437) PSYoungGen: 2102976K(2245120K)->381936K(2118144K) Eden: 1736192K(1736192K)->0K(1736192K) From: 366784K(508928K)->381936K(381952K)
[1536.234s][info][gc,heap        ] GC(437) ParOldGen: 1118171K(2198016K)->1118171K(2198016K)
[1536.234s][info][gc,metaspace   ] GC(437) Metaspace: 29095K(29440K)->29095K(29440K) NonClass: 24205K(24384K)->24205K(24384K) Class: 4890K(5056K)->4890K(5056K)
[1536.234s][info][gc             ] GC(437) Pause Young (Allocation Failure) 3145M->1464M(4215M) 134.751ms
[1536.234s][info][gc,cpu         ] GC(437) User=0.80s Sys=0.00s Real=0.13s
.................[1553.258s][info][gc,start       ] GC(438) Pause Young (Allocation Failure)
[1553.396s][info][gc,heap        ] GC(438) PSYoungGen: 2118128K(2118144K)->393494K(2206208K) Eden: 1736192K(1736192K)->0K(1655296K) From: 381936K(381952K)->393494K(550912K)
[1553.396s][info][gc,heap        ] GC(438) ParOldGen: 1118171K(2198016K)->1118171K(2198016K)
[1553.396s][info][gc,metaspace   ] GC(438) Metaspace: 29095K(29440K)->29095K(29440K) NonClass: 24205K(24384K)->24205K(24384K) Class: 4890K(5056K)->4890K(5056K)
[1553.396s][info][gc             ] GC(438) Pause Young (Allocation Failure) 3160M->1476M(4301M) 137.784ms
[1553.396s][info][gc,cpu         ] GC(438) User=0.82s Sys=0.00s Real=0.14s
.................[1569.777s][info][gc,start       ] GC(439) Pause Young (Allocation Failure)
[1569.919s][info][gc,heap        ] GC(439) PSYoungGen: 2048790K(2206208K)->401600K(2057216K) Eden: 1655296K(1655296K)->0K(1655296K) From: 393494K(550912K)->401600K(401920K)
[1569.919s][info][gc,heap        ] GC(439) ParOldGen: 1118171K(2198016K)->1118171K(2198016K)
[1569.919s][info][gc,metaspace   ] GC(439) Metaspace: 29095K(29440K)->29095K(29440K) NonClass: 24205K(24384K)->24205K(24384K) Class: 4890K(5056K)->4890K(5056K)
[1569.919s][info][gc             ] GC(439) Pause Young (Allocation Failure) 3092M->1484M(4155M) 141.731ms
[1569.919s][info][gc,cpu         ] GC(439) User=0.84s Sys=0.00s Real=0.15s
................[1585.920s][info][gc,start       ] GC(440) Pause Young (Allocation Failure)
[1586.064s][info][gc,heap        ] GC(440) PSYoungGen: 2056896K(2057216K)->408176K(2180096K) Eden: 1655296K(1655296K)->0K(1592832K) From: 401600K(401920K)->408176K(587264K)
[1586.064s][info][gc,heap        ] GC(440) ParOldGen: 1118171K(2198016K)->1118171K(2198016K)
[1586.064s][info][gc,metaspace   ] GC(440) Metaspace: 29095K(29440K)->29095K(29440K) NonClass: 24205K(24384K)->24205K(24384K) Class: 4890K(5056K)->4890K(5056K)
[1586.064s][info][gc             ] GC(440) Pause Young (Allocation Failure) 3100M->1490M(4275M) 144.082ms
[1586.064s][info][gc,cpu         ] GC(440) User=0.85s Sys=0.01s Real=0.14s
........ (rIR:aIR:PR = 830:830:830) (tPR = 12513) [OK] 
  1593s: Performance info:
         Transaction,    Success,    Partial,     Failed,   Receipts, AvgBarcode, 
             Overall,      49948,          0,          0,      47446,      59.47, 
         Response times:
             Request,    Success,    Partial,     Failed,   SkipFail,     Probes,    Samples,      min,      p50,      p90,      p95,      p99,      max, 
       TotalPurchase,      47446,          0,          0,          0,      45882,      49962,      300,      900,     1300,     1500,     1900,   147000,
     InStorePurchase,      24962,          0,          0,          0,      24256,      26228,      300,      900,     1400,     1500,     2000,   147000,
      OnlinePurchase,      17490,          0,          0,          0,      16921,      18487,      300,     1000,     1400,     1500,     2000,   147000,
        InstPurchase,       4994,          0,          0,          0,       4705,       5247,      400,      800,     1200,     1300,     1700,   144000,
          AssocOfCat,         51,          0,          0,          0,         48,         52,    15300,    19700,    23700,    25350,   161000,   161000,
      AssocOfProduct,        499,          0,          0,          0,        412,        519,      400,     1000,     1400,     1500,     1860,     4900,
      BusinessReport,        124,          0,          0,          0,         93,        143,    17000,    25000,    29000,    29000,    34120,    35000,
          CustBuyBeh,        500,          0,          0,          0,        407,        515,      200,     1000,     1300,     1400,     3312,     6300,
       ProductReturn,       1328,          0,          0,          0,       1155,       1356,      200,      700,     1100,     1300,     1743,     5400,

  1593s: ( 7%)   IR =    969 ....|...[1600.739s][info][gc,start       ] GC(441) Pause Young (Allocation Failure)
[1600.886s][info][gc,heap        ] GC(441) PSYoungGen: 2001008K(2180096K)->413184K(2006016K) Eden: 1592832K(1592832K)->0K(1592832K) From: 408176K(587264K)->413184K(413184K)
[1600.886s][info][gc,heap        ] GC(441) ParOldGen: 1118171K(2198016K)->1118171K(2198016K)
[1600.886s][info][gc,metaspace   ] GC(441) Metaspace: 29096K(29440K)->29096K(29440K) NonClass: 24205K(24384K)->24205K(24384K) Class: 4890K(5056K)->4890K(5056K)
[1600.886s][info][gc             ] GC(441) Pause Young (Allocation Failure) 3046M->1495M(4105M) 146.567ms
[1600.886s][info][gc,cpu         ] GC(441) User=0.87s Sys=0.00s Real=0.14s
.............[1614.177s][info][gc,start       ] GC(442) Pause Young (Allocation Failure)
[1614.325s][info][gc,heap        ] GC(442) PSYoungGen: 2006016K(2006016K)->418224K(2164224K) Eden: 1592832K(1592832K)->0K(1550848K) From: 413184K(413184K)->418224K(613376K)
[1614.325s][info][gc,heap        ] GC(442) ParOldGen: 1118171K(2198016K)->1118171K(2198016K)
[1614.325s][info][gc,metaspace   ] GC(442) Metaspace: 29096K(29440K)->29096K(29440K) NonClass: 24205K(24384K)->24205K(24384K) Class: 4890K(5056K)->4890K(5056K)
[1614.325s][info][gc             ] GC(442) Pause Young (Allocation Failure) 3050M->1500M(4260M) 147.985ms
[1614.325s][info][gc,cpu         ] GC(442) User=0.88s Sys=0.00s Real=0.15s
.....[1619.186s][info][gc,start       ] GC(443) Pause Full (Diagnostic Command)
[1619.186s][info][gc,phases,start] GC(443) Marking Phase
[1619.450s][info][gc,phases      ] GC(443) Marking Phase 264.079ms
[1619.450s][info][gc,phases,start] GC(443) Summary Phase
[1619.450s][info][gc,phases      ] GC(443) Summary Phase 0.029ms
[1619.450s][info][gc,phases,start] GC(443) Forward
[1619.573s][info][gc,phases      ] GC(443) Forward 123.230ms
[1619.573s][info][gc,phases,start] GC(443) Adjust Pointers
[1619.752s][info][gc,phases      ] GC(443) Adjust Pointers 179.279ms
[1619.752s][info][gc,phases,start] GC(443) Compaction Phase
[1619.914s][info][gc,phases      ] GC(443) Compaction Phase 162.067ms
[1619.917s][info][gc,phases,start] GC(443) Post Compact
[1619.918s][info][gc,phases      ] GC(443) Post Compact 1.855ms
[1619.918s][info][gc,heap        ] GC(443) PSYoungGen: 1009375K(2164224K)->0K(2164224K) Eden: 591151K(1550848K)->0K(1550848K) From: 418224K(613376K)->0K(613376K)
[1619.918s][info][gc,heap        ] GC(443) ParOldGen: 1118171K(2198016K)->1120652K(2198016K)
[1619.918s][info][gc,metaspace   ] GC(443) Metaspace: 29096K(29440K)->29096K(29440K) NonClass: 24205K(24384K)->24205K(24384K) Class: 4890K(5056K)->4890K(5056K)
[1619.919s][info][gc             ] GC(443) Pause Full (Diagnostic Command) 2077M->1094M(4260M) 732.949ms
[1619.919s][info][gc,cpu         ] GC(443) User=4.09s Sys=0.00s Real=0.74s
.............[1632.567s][info][gc,start       ] GC(444) Pause Young (Allocation Failure)
[1632.612s][info][gc,heap        ] GC(444) PSYoungGen: 1550848K(2164224K)->93920K(1645056K) Eden: 1550848K(1550848K)->0K(1550848K) From: 0K(613376K)->93920K(94208K)
[1632.612s][info][gc,heap        ] GC(444) ParOldGen: 1120652K(2198016K)->1120652K(2198016K)
[1632.612s][info][gc,metaspace   ] GC(444) Metaspace: 29096K(29440K)->29096K(29440K) NonClass: 24205K(24384K)->24205K(24384K) Class: 4890K(5056K)->4890K(5056K)
[1632.612s][info][gc             ] GC(444) Pause Young (Allocation Failure) 2608M->1186M(3753M) 44.870ms
[1632.612s][info][gc,cpu         ] GC(444) User=0.26s Sys=0.00s Real=0.05s
.............[1645.683s][info][gc,start       ] GC(445) Pause Young (Allocation Failure)
[1645.749s][info][gc,heap        ] GC(445) PSYoungGen: 1644768K(1645056K)->165056K(2174976K) Eden: 1550848K(1550848K)->0K(1543680K) From: 93920K(94208K)->165056K(631296K)
[1645.749s][info][gc,heap        ] GC(445) ParOldGen: 1120652K(2198016K)->1120652K(2198016K)
[1645.749s][info][gc,metaspace   ] GC(445) Metaspace: 29096K(29440K)->29096K(29440K) NonClass: 24205K(24384K)->24205K(24384K) Class: 4890K(5056K)->4890K(5056K)
[1645.749s][info][gc             ] GC(445) Pause Young (Allocation Failure) 2700M->1255M(4270M) 66.957ms
[1645.750s][info][gc,cpu         ] GC(445) User=0.39s Sys=0.00s Real=0.07s
............. (rIR:aIR:PR = 969:970:970) (tPR = 14359) [OK] 
  1657s: Performance info:
         Transaction,    Success,    Partial,     Failed,   Receipts, AvgBarcode, 
             Overall,      58680,          0,          0,      55749,      59.48, 
         Response times:
             Request,    Success,    Partial,     Failed,   SkipFail,     Probes,    Samples,      min,      p50,      p90,      p95,      p99,      max, 
       TotalPurchase,      55749,          0,          0,          0,      53226,      58267,      300,     1000,     1500,     1700,     2300,   150000,
     InStorePurchase,      29335,          0,          0,          0,      28229,      30904,      300,     1000,     1500,     1700,     2300,   150000,
      OnlinePurchase,      20522,          0,          0,          0,      19464,      21215,      300,     1000,     1500,     1600,     2200,   150000,
        InstPurchase,       5892,          0,          0,          0,       5533,       6148,      400,     1100,     1600,     1700,     2500,   150000,
          AssocOfCat,         60,          0,          0,          0,         58,         62,    16000,    19450,    23000,    32100,    34000,    34000,
      AssocOfProduct,        586,          0,          0,          0,        460,        590,      500,     1500,     2000,     2400,     2900,     8300,
      BusinessReport,        146,          0,          0,          0,        101,        148,    17700,    23000,    29000,    30550,    38020,    39000,
          CustBuyBeh,        589,          0,          0,          0,        475,        636,      200,      700,     1200,     1315,     2000,     4400,
       ProductReturn,       1550,          0,          0,          0,       1358,       1652,      200,     1200,     1600,     1800,     2600,     8300,

  1657s: ( 8%)   IR =   1107 [1658.720s][info][gc,start       ] GC(446) Pause Young (Allocation Failure)
[1658.804s][info][gc,heap        ] GC(446) PSYoungGen: 1708736K(2174976K)->220864K(1764864K) Eden: 1543680K(1543680K)->0K(1543680K) From: 165056K(631296K)->220864K(221184K)
[1658.804s][info][gc,heap        ] GC(446) ParOldGen: 1120652K(2198016K)->1120652K(2198016K)
[1658.804s][info][gc,metaspace   ] GC(446) Metaspace: 29097K(29440K)->29097K(29440K) NonClass: 24206K(24384K)->24206K(24384K) Class: 4890K(5056K)->4890K(5056K)
[1658.804s][info][gc             ] GC(446) Pause Young (Allocation Failure) 2763M->1310M(3870M) 84.838ms
[1658.804s][info][gc,cpu         ] GC(446) User=0.50s Sys=0.00s Real=0.08s
....|........[1670.207s][info][gc,start       ] GC(447) Pause Young (Allocation Failure)
[1670.310s][info][gc,heap        ] GC(447) PSYoungGen: 1764544K(1764864K)->269316K(2171904K) Eden: 1543680K(1543680K)->0K(1573376K) From: 220864K(221184K)->269316K(598528K)
[1670.310s][info][gc,heap        ] GC(447) ParOldGen: 1120652K(2198016K)->1120652K(2198016K)
[1670.310s][info][gc,metaspace   ] GC(447) Metaspace: 29097K(29440K)->29097K(29440K) NonClass: 24206K(24384K)->24206K(24384K) Class: 4890K(5056K)->4890K(5056K)
[1670.310s][info][gc             ] GC(447) Pause Young (Allocation Failure) 2817M->1357M(4267M) 102.843ms
[1670.310s][info][gc,cpu         ] GC(447) User=0.61s Sys=0.00s Real=0.11s
...........[1681.894s][info][gc,start       ] GC(448) Pause Young (Allocation Failure)
[1682.006s][info][gc,heap        ] GC(448) PSYoungGen: 1842692K(2171904K)->300160K(2142208K) Eden: 1573376K(1573376K)->0K(1573376K) From: 269316K(598528K)->300160K(568832K)
[1682.006s][info][gc,heap        ] GC(448) ParOldGen: 1120652K(2198016K)->1120652K(2198016K)
[1682.006s][info][gc,metaspace   ] GC(448) Metaspace: 29097K(29440K)->29097K(29440K) NonClass: 24206K(24384K)->24206K(24384K) Class: 4890K(5056K)->4890K(5056K)
[1682.006s][info][gc             ] GC(448) Pause Young (Allocation Failure) 2893M->1387M(4238M) 111.921ms
[1682.006s][info][gc,cpu         ] GC(448) User=0.66s Sys=0.00s Real=0.11s
............[1693.612s][info][gc,start       ] GC(449) Pause Young (Allocation Failure)
[1693.730s][info][gc,heap        ] GC(449) PSYoungGen: 1873536K(2142208K)->327552K(2186240K) Eden: 1573376K(1573376K)->0K(1638400K) From: 300160K(568832K)->327552K(547840K)
[1693.730s][info][gc,heap        ] GC(449) ParOldGen: 1120652K(2198016K)->1120652K(2198016K)
[1693.730s][info][gc,metaspace   ] GC(449) Metaspace: 29097K(29440K)->29097K(29440K) NonClass: 24206K(24384K)->24206K(24384K) Class: 4890K(5056K)->4890K(5056K)
[1693.730s][info][gc             ] GC(449) Pause Young (Allocation Failure) 2924M->1414M(4281M) 118.299ms
[1693.730s][info][gc,cpu         ] GC(449) User=0.70s Sys=0.00s Real=0.12s
............[1705.897s][info][gc,start       ] GC(450) Pause Young (Allocation Failure)
[1706.025s][info][gc,heap        ] GC(450) PSYoungGen: 1965952K(2186240K)->351360K(2176512K) Eden: 1638400K(1638400K)->0K(1638400K) From: 327552K(547840K)->351360K(538112K)
[1706.025s][info][gc,heap        ] GC(450) ParOldGen: 1120652K(2198016K)->1120652K(2198016K)
[1706.025s][info][gc,metaspace   ] GC(450) Metaspace: 29097K(29440K)->29097K(29440K) NonClass: 24206K(24384K)->24206K(24384K) Class: 4890K(5056K)->4890K(5056K)
[1706.025s][info][gc             ] GC(450) Pause Young (Allocation Failure) 3014M->1437M(4272M) 128.598ms
[1706.025s][info][gc,cpu         ] GC(450) User=0.76s Sys=0.00s Real=0.13s
............[1717.872s][info][gc,start       ] GC(451) Pause Young (Allocation Failure)
[1718.003s][info][gc,heap        ] GC(451) PSYoungGen: 1989760K(2176512K)->368160K(2244096K) Eden: 1638400K(1638400K)->0K(1706496K) From: 351360K(538112K)->368160K(537600K)
[1718.003s][info][gc,heap        ] GC(451) ParOldGen: 1120652K(2198016K)->1120652K(2198016K)
[1718.003s][info][gc,metaspace   ] GC(451) Metaspace: 29097K(29440K)->29097K(29440K) NonClass: 24206K(24384K)->24206K(24384K) Class: 4890K(5056K)->4890K(5056K)
[1718.003s][info][gc             ] GC(451) Pause Young (Allocation Failure) 3037M->1453M(4338M) 130.775ms
[1718.003s][info][gc,cpu         ] GC(451) User=0.78s Sys=0.00s Real=0.13s
..... (rIR:aIR:PR = 1107:1106:1106) (tPR = 16548) [OK] 
  1721s: Performance info:
         Transaction,    Success,    Partial,     Failed,   Receipts, AvgBarcode, 
             Overall,      66467,          0,          0,      63147,      59.48, 
         Response times:
             Request,    Success,    Partial,     Failed,   SkipFail,     Probes,    Samples,      min,      p50,      p90,      p95,      p99,      max, 
       TotalPurchase,      63147,          0,          0,          0,      60835,      66169,      300,     1100,     1700,     1800,     2600,   134000,
     InStorePurchase,      33224,          0,          0,          0,      32088,      34844,      300,     1200,     1700,     1800,     2600,   134000,
      OnlinePurchase,      23281,          0,          0,          0,      22466,      24324,      300,     1100,     1600,     1800,     2500,   134000,
        InstPurchase,       6642,          0,          0,          0,       6281,       7001,      400,     1200,     1700,     1800,     2600,   114000,
          AssocOfCat,         66,          0,          0,          0,         64,         70,    16300,    20000,    25800,    33000,   141000,   141000,
      AssocOfProduct,        662,          0,          0,          0,        570,        731,      400,     1200,     1600,     1900,     2868,   132000,
      BusinessReport,        167,          0,          0,          0,        130,        186,    17600,    25000,    30000,    32650,   132250,   154000,
          CustBuyBeh,        663,          0,          0,          0,        583,        730,      100,     1000,     1600,     1800,     2100,    13400,
       ProductReturn,       1762,          0,          0,          0,       1588,       1840,      200,      700,     1500,     1700,     2200,   134000,

  1721s: ( 9%)   IR =   1245 ....|...[1729.868s][info][gc,start       ] GC(452) Pause Young (Allocation Failure)
[1730.004s][info][gc,heap        ] GC(452) PSYoungGen: 2074656K(2244096K)->383296K(2247680K) Eden: 1706496K(1706496K)->0K(1706496K) From: 368160K(537600K)->383296K(541184K)
[1730.004s][info][gc,heap        ] GC(452) ParOldGen: 1120652K(2198016K)->1120652K(2198016K)
[1730.004s][info][gc,metaspace   ] GC(452) Metaspace: 29099K(29440K)->29099K(29440K) NonClass: 24209K(24384K)->24209K(24384K) Class: 4890K(5056K)->4890K(5056K)
[1730.005s][info][gc             ] GC(452) Pause Young (Allocation Failure) 3120M->1468M(4341M) 136.550ms
[1730.005s][info][gc,cpu         ] GC(452) User=0.81s Sys=0.00s Real=0.14s
............[1741.127s][info][gc,start       ] GC(453) Pause Young (Allocation Failure)
[1741.269s][info][gc,heap        ] GC(453) PSYoungGen: 2089792K(2247680K)->394048K(2232832K) Eden: 1706496K(1706496K)->0K(1684992K) From: 383296K(541184K)->394048K(547840K)
[1741.269s][info][gc,heap        ] GC(453) ParOldGen: 1120652K(2198016K)->1120652K(2198016K)
[1741.269s][info][gc,metaspace   ] GC(453) Metaspace: 29099K(29440K)->29099K(29440K) NonClass: 24209K(24384K)->24209K(24384K) Class: 4890K(5056K)->4890K(5056K)
[1741.269s][info][gc             ] GC(453) Pause Young (Allocation Failure) 3135M->1479M(4327M) 141.967ms
[1741.269s][info][gc,cpu         ] GC(453) User=0.84s Sys=0.00s Real=0.15s
...........[1752.235s][info][gc,start       ] GC(454) Pause Young (Allocation Failure)
[1752.380s][info][gc,heap        ] GC(454) PSYoungGen: 2079040K(2232832K)->403840K(2088960K) Eden: 1684992K(1684992K)->0K(1684992K) From: 394048K(547840K)->403840K(403968K)
[1752.380s][info][gc,heap        ] GC(454) ParOldGen: 1120652K(2198016K)->1120652K(2198016K)
[1752.380s][info][gc,metaspace   ] GC(454) Metaspace: 29099K(29440K)->29099K(29440K) NonClass: 24209K(24384K)->24209K(24384K) Class: 4890K(5056K)->4890K(5056K)
[1752.380s][info][gc             ] GC(454) Pause Young (Allocation Failure) 3124M->1488M(4186M) 144.694ms
[1752.380s][info][gc,cpu         ] GC(454) User=0.86s Sys=0.00s Real=0.15s
...........[1763.483s][info][gc,start       ] GC(455) Pause Young (Allocation Failure)
[1763.628s][info][gc,heap        ] GC(455) PSYoungGen: 2088832K(2088960K)->408256K(2218496K) Eden: 1684992K(1684992K)->0K(1654272K) From: 403840K(403968K)->408256K(564224K)
[1763.628s][info][gc,heap        ] GC(455) ParOldGen: 1120652K(2198016K)->1120652K(2198016K)
[1763.628s][info][gc,metaspace   ] GC(455) Metaspace: 29099K(29440K)->29099K(29440K) NonClass: 24209K(24384K)->24209K(24384K) Class: 4890K(5056K)->4890K(5056K)
[1763.628s][info][gc             ] GC(455) Pause Young (Allocation Failure) 3134M->1493M(4313M) 145.687ms
[1763.628s][info][gc,cpu         ] GC(455) User=0.86s Sys=0.01s Real=0.15s
...........[1774.310s][info][gc,start       ] GC(456) Pause Young (Allocation Failure)
[1774.456s][info][gc,heap        ] GC(456) PSYoungGen: 2062528K(2218496K)->408480K(2062848K) Eden: 1654272K(1654272K)->0K(1654272K) From: 408256K(564224K)->408480K(408576K)
[1774.456s][info][gc,heap        ] GC(456) ParOldGen: 1120652K(2198016K)->1125436K(2198016K)
[1774.456s][info][gc,metaspace   ] GC(456) Metaspace: 29099K(29440K)->29099K(29440K) NonClass: 24209K(24384K)->24209K(24384K) Class: 4890K(5056K)->4890K(5056K)
[1774.456s][info][gc             ] GC(456) Pause Young (Allocation Failure) 3108M->1497M(4161M) 146.563ms
[1774.456s][info][gc,cpu         ] GC(456) User=0.88s Sys=0.00s Real=0.14s
...........[1785.380s][info][gc,start       ] GC(457) Pause Young (Allocation Failure)
[1785.528s][info][gc,heap        ] GC(457) PSYoungGen: 2062752K(2062848K)->404384K(2221056K) Eden: 1654272K(1654272K)->0K(1646080K) From: 408480K(408576K)->404384K(574976K)
[1785.528s][info][gc,heap        ] GC(457) ParOldGen: 1125436K(2198016K)->1136396K(2198016K)
[1785.528s][info][gc,metaspace   ] GC(457) Metaspace: 29099K(29440K)->29099K(29440K) NonClass: 24209K(24384K)->24209K(24384K) Class: 4890K(5056K)->4890K(5056K)
[1785.528s][info][gc             ] GC(457) Pause Young (Allocation Failure) 3113M->1504M(4315M) 147.430ms
[1785.528s][info][gc,cpu         ] GC(457) User=0.88s Sys=0.00s Real=0.14s
. (rIR:aIR:PR = 1245:1244:1244) (tPR = 18491) [OK] 
  1785s: Performance info:
         Transaction,    Success,    Partial,     Failed,   Receipts, AvgBarcode, 
             Overall,      74696,          0,          0,      70967,      59.48, 
         Response times:
             Request,    Success,    Partial,     Failed,   SkipFail,     Probes,    Samples,      min,      p50,      p90,      p95,      p99,      max, 
       TotalPurchase,      70967,          0,          0,          0,      69145,      74750,      300,     1200,     1800,     1900,     4800,   150000,
     InStorePurchase,      37348,          0,          0,          0,      36593,      39370,      300,     1200,     1800,     1900,     5000,   150000,
      OnlinePurchase,      26149,          0,          0,          0,      25426,      27502,      300,     1200,     1700,     1900,     4497,   149000,
        InstPurchase,       7470,          0,          0,          0,       7126,       7878,      400,     1300,     1800,     2000,     5247,   149000,
          AssocOfCat,         75,          0,          0,          0,         74,         79,    15500,    19600,    24000,    25000,   176000,   176000,
      AssocOfProduct,        746,          0,          0,          0,        630,        790,      500,     1400,     1800,     2000,     5179,    12700,
      BusinessReport,        188,          0,          0,          0,        139,        211,    17800,    24000,    30000,    33000,   173360,   187000,
          CustBuyBeh,        744,          0,          0,          0,        644,        776,      200,      600,     1200,     1400,     1823,     4700,
       ProductReturn,       1976,          0,          0,          0,       1749,       1992,      300,     1300,     1700,     1900,     6600,   145000,

  1785s: (10%)   IR =   1384 .....|....[1795.306s][info][gc,start       ] GC(458) Pause Young (Allocation Failure)
[1795.452s][info][gc,heap        ] GC(458) PSYoungGen: 2050464K(2221056K)->395808K(2042368K) Eden: 1646080K(1646080K)->0K(1646080K) From: 404384K(574976K)->395808K(396288K)
[1795.453s][info][gc,heap        ] GC(458) ParOldGen: 1136396K(2198016K)->1149532K(2198016K)
[1795.453s][info][gc,metaspace   ] GC(458) Metaspace: 29100K(29440K)->29100K(29440K) NonClass: 24210K(24384K)->24210K(24384K) Class: 4890K(5056K)->4890K(5056K)
[1795.453s][info][gc             ] GC(458) Pause Young (Allocation Failure) 3112M->1509M(4141M) 146.519ms
[1795.453s][info][gc,cpu         ] GC(458) User=0.86s Sys=0.00s Real=0.15s
.........[1804.991s][info][gc,start       ] GC(459) Pause Young (Allocation Failure)
[1805.136s][info][gc,heap        ] GC(459) PSYoungGen: 2041888K(2042368K)->387072K(2225664K) Eden: 1646080K(1646080K)->0K(1655296K) From: 395808K(396288K)->387072K(570368K)
[1805.136s][info][gc,heap        ] GC(459) ParOldGen: 1149532K(2198016K)->1166764K(2198016K)
[1805.136s][info][gc,metaspace   ] GC(459) Metaspace: 29100K(29440K)->29100K(29440K) NonClass: 24210K(24384K)->24210K(24384K) Class: 4890K(5056K)->4890K(5056K)
[1805.136s][info][gc             ] GC(459) Pause Young (Allocation Failure) 3116M->1517M(4320M) 145.088ms
[1805.136s][info][gc,cpu         ] GC(459) User=0.86s Sys=0.00s Real=0.14s
..........[1814.854s][info][gc,start       ] GC(460) Pause Young (Allocation Failure)
[1814.994s][info][gc,heap        ] GC(460) PSYoungGen: 2042368K(2225664K)->374144K(2029568K) Eden: 1655296K(1655296K)->0K(1655296K) From: 387072K(570368K)->374144K(374272K)
[1814.994s][info][gc,heap        ] GC(460) ParOldGen: 1166764K(2198016K)->1189152K(2198016K)
[1814.994s][info][gc,metaspace   ] GC(460) Metaspace: 29100K(29440K)->29100K(29440K) NonClass: 24210K(24384K)->24210K(24384K) Class: 4890K(5056K)->4890K(5056K)
[1814.995s][info][gc             ] GC(460) Pause Young (Allocation Failure) 3133M->1526M(4128M) 140.237ms
[1814.995s][info][gc,cpu         ] GC(460) User=0.83s Sys=0.00s Real=0.14s
..........[1824.658s][info][gc,start       ] GC(461) Pause Young (Allocation Failure)
[1824.796s][info][gc,heap        ] GC(461) PSYoungGen: 2029440K(2029568K)->359776K(2229760K) Eden: 1655296K(1655296K)->0K(1682432K) From: 374144K(374272K)->359776K(547328K)
[1824.796s][info][gc,heap        ] GC(461) ParOldGen: 1189152K(2198016K)->1218432K(2198016K)
[1824.796s][info][gc,metaspace   ] GC(461) Metaspace: 29100K(29440K)->29100K(29440K) NonClass: 24210K(24384K)->24210K(24384K) Class: 4890K(5056K)->4890K(5056K)
[1824.796s][info][gc             ] GC(461) Pause Young (Allocation Failure) 3143M->1541M(4324M) 138.631ms
[1824.796s][info][gc,cpu         ] GC(461) User=0.82s Sys=0.00s Real=0.14s
..........[1834.780s][info][gc,start       ] GC(462) Pause Young (Allocation Failure)
[1834.917s][info][gc,heap        ] GC(462) PSYoungGen: 2042208K(2229760K)->343259K(2211840K) Eden: 1682432K(1682432K)->0K(1682432K) From: 359776K(547328K)->343259K(529408K)
[1834.917s][info][gc,heap        ] GC(462) ParOldGen: 1218432K(2198016K)->1255160K(2198016K)
[1834.917s][info][gc,metaspace   ] GC(462) Metaspace: 29102K(29440K)->29102K(29440K) NonClass: 24211K(24384K)->24211K(24384K) Class: 4890K(5056K)->4890K(5056K)
[1834.917s][info][gc             ] GC(462) Pause Young (Allocation Failure) 3184M->1560M(4306M) 136.569ms
[1834.917s][info][gc,cpu         ] GC(462) User=0.81s Sys=0.00s Real=0.13s
..........[1844.775s][info][gc,start       ] GC(463) Pause Young (Allocation Failure)
[1844.905s][info][gc,heap        ] GC(463) PSYoungGen: 2025691K(2211840K)->310784K(2241536K) Eden: 1682432K(1682432K)->0K(1726976K) From: 343259K(529408K)->310784K(514560K)
[1844.905s][info][gc,heap        ] GC(463) ParOldGen: 1255160K(2198016K)->1302856K(2198016K)
[1844.905s][info][gc,metaspace   ] GC(463) Metaspace: 29104K(29440K)->29104K(29440K) NonClass: 24213K(24384K)->24213K(24384K) Class: 4890K(5056K)->4890K(5056K)
[1844.905s][info][gc             ] GC(463) Pause Young (Allocation Failure) 3203M->1575M(4335M) 129.235ms
[1844.905s][info][gc,cpu         ] GC(463) User=0.77s Sys=0.00s Real=0.13s
....... (rIR:aIR:PR = 1384:1384:1384) (tPR = 20657) [OK] 
  1851s: Performance info:
         Transaction,    Success,    Partial,     Failed,   Receipts, AvgBarcode, 
             Overall,      83150,          0,          0,      78983,      59.48, 
         Response times:
             Request,    Success,    Partial,     Failed,   SkipFail,     Probes,    Samples,      min,      p50,      p90,      p95,      p99,      max, 
       TotalPurchase,      78983,          0,          0,          0,      76719,      84540,      300,     1300,     1900,     2100,     3800,   154000,
     InStorePurchase,      41559,          0,          0,          0,      40517,      44538,      300,     1400,     2000,     2200,     3761,   150000,
      OnlinePurchase,      29111,          0,          0,          0,      28288,      31109,      300,     1300,     1900,     2100,     3800,   154000,
        InstPurchase,       8313,          0,          0,          0,       7914,       8893,      400,     1300,     1900,     2100,     4000,   153000,
          AssocOfCat,         82,          0,          0,          0,         80,         88,    16600,    21000,    24000,    24000,   163000,   163000,
      AssocOfProduct,        832,          0,          0,          0,        714,        897,      500,     1600,     2200,     2400,     5116,   150000,
      BusinessReport,        208,          0,          0,          0,        145,        219,    17900,    25000,    31000,    33000,    56000,   175000,
          CustBuyBeh,        832,          0,          0,          0,        701,        882,      100,      600,     1200,     1400,     2000,     4300,
       ProductReturn,       2213,          0,          0,          0,       2029,       2405,      300,     1300,     1800,     1900,     5740,    10600,

  1851s: (11%)   IR =   1522 ...[1854.681s][info][gc,start       ] GC(464) Pause Young (Allocation Failure)
[1854.805s][info][gc,heap        ] GC(464) PSYoungGen: 2037760K(2241536K)->277600K(2233856K) Eden: 1726976K(1726976K)->0K(1726976K) From: 310784K(514560K)->277600K(506880K)
[1854.805s][info][gc,heap        ] GC(464) ParOldGen: 1302856K(2198016K)->1364160K(2198016K)
[1854.805s][info][gc,metaspace   ] GC(464) Metaspace: 29105K(29440K)->29105K(29440K) NonClass: 24214K(24384K)->24214K(24384K) Class: 4890K(5056K)->4890K(5056K)
[1854.805s][info][gc             ] GC(464) Pause Young (Allocation Failure) 3262M->1603M(4328M) 123.657ms
[1854.805s][info][gc,cpu         ] GC(464) User=0.74s Sys=0.00s Real=0.12s
...|......[1863.922s][info][gc,start       ] GC(465) Pause Young (Allocation Failure)
[1864.038s][info][gc,heap        ] GC(465) PSYoungGen: 2004576K(2233856K)->235744K(2275840K) Eden: 1726976K(1726976K)->0K(1772032K) From: 277600K(506880K)->235744K(503808K)
[1864.038s][info][gc,heap        ] GC(465) ParOldGen: 1364160K(2198016K)->1442448K(2198016K)
[1864.038s][info][gc,metaspace   ] GC(465) Metaspace: 29105K(29440K)->29105K(29440K) NonClass: 24214K(24384K)->24214K(24384K) Class: 4890K(5056K)->4890K(5056K)
[1864.038s][info][gc             ] GC(465) Pause Young (Allocation Failure) 3289M->1638M(4369M) 116.652ms
[1864.038s][info][gc,cpu         ] GC(465) User=0.69s Sys=0.00s Real=0.12s
..........[1873.475s][info][gc,start       ] GC(466) Pause Young (Allocation Failure)
[1873.582s][info][gc,heap        ] GC(466) PSYoungGen: 2007776K(2275840K)->179136K(2278400K) Eden: 1772032K(1772032K)->0K(1772032K) From: 235744K(503808K)->179136K(506368K)
[1873.582s][info][gc,heap        ] GC(466) ParOldGen: 1442448K(2198016K)->1545056K(2198016K)
[1873.582s][info][gc,metaspace   ] GC(466) Metaspace: 29105K(29440K)->29105K(29440K) NonClass: 24214K(24384K)->24214K(24384K) Class: 4890K(5056K)->4890K(5056K)
[1873.582s][info][gc             ] GC(466) Pause Young (Allocation Failure) 3369M->1683M(4371M) 106.565ms
[1873.582s][info][gc,cpu         ] GC(466) User=0.63s Sys=0.00s Real=0.11s
.........[1883.059s][info][gc,start       ] GC(467) Pause Young (Allocation Failure)
[1883.152s][info][gc,heap        ] GC(467) PSYoungGen: 1951168K(2278400K)->105504K(2247680K) Eden: 1772032K(1772032K)->0K(1732096K) From: 179136K(506368K)->105504K(515584K)
[1883.152s][info][gc,heap        ] GC(467) ParOldGen: 1545056K(2198016K)->1680008K(2198016K)
[1883.152s][info][gc,metaspace   ] GC(467) Metaspace: 29105K(29440K)->29105K(29440K) NonClass: 24214K(24384K)->24214K(24384K) Class: 4890K(5056K)->4890K(5056K)
[1883.152s][info][gc             ] GC(467) Pause Young (Allocation Failure) 3414M->1743M(4341M) 92.917ms
[1883.152s][info][gc,cpu         ] GC(467) User=0.55s Sys=0.00s Real=0.09s
..........[1892.488s][info][gc,start       ] GC(468) Pause Young (Allocation Failure)
[1892.566s][info][gc,heap        ] GC(468) PSYoungGen: 1837600K(2247680K)->106836K(1839104K) Eden: 1732096K(1732096K)->0K(1732096K) From: 105504K(515584K)->106836K(107008K)
[1892.566s][info][gc,heap        ] GC(468) ParOldGen: 1680008K(2198016K)->1758592K(2198016K)
[1892.566s][info][gc,metaspace   ] GC(468) Metaspace: 29107K(29440K)->29107K(29440K) NonClass: 24216K(24384K)->24216K(24384K) Class: 4890K(5056K)->4890K(5056K)
[1892.566s][info][gc             ] GC(468) Pause Young (Allocation Failure) 3435M->1821M(3942M) 77.523ms
[1892.566s][info][gc,cpu         ] GC(468) User=0.45s Sys=0.00s Real=0.08s
.........[1901.923s][info][gc,start       ] GC(469) Pause Young (Allocation Failure)
[1901.997s][info][gc,heap        ] GC(469) PSYoungGen: 1838932K(1839104K)->103872K(2249216K) Eden: 1732096K(1732096K)->0K(1708544K) From: 106836K(107008K)->103872K(540672K)
[1901.997s][info][gc,heap        ] GC(469) ParOldGen: 1758592K(2198016K)->1835320K(2198016K)
[1901.997s][info][gc,metaspace   ] GC(469) Metaspace: 29107K(29440K)->29107K(29440K) NonClass: 24216K(24384K)->24216K(24384K) Class: 4890K(5056K)->4890K(5056K)
[1901.997s][info][gc             ] GC(469) Pause Young (Allocation Failure) 3513M->1893M(4343M) 74.078ms
[1901.997s][info][gc,cpu         ] GC(469) User=0.43s Sys=0.00s Real=0.07s
.........[1911.133s][info][gc,start       ] GC(470) Pause Young (Allocation Failure)
[1911.206s][info][gc,heap        ] GC(470) PSYoungGen: 1812416K(2249216K)->101696K(2252288K) Eden: 1708544K(1708544K)->0K(1708544K) From: 103872K(540672K)->101696K(543744K)
[1911.206s][info][gc,heap        ] GC(470) ParOldGen: 1835320K(2198016K)->1913416K(2198016K)
[1911.206s][info][gc,metaspace   ] GC(470) Metaspace: 29107K(29440K)->29107K(29440K) NonClass: 24216K(24384K)->24216K(24384K) Class: 4890K(5056K)->4890K(5056K)
[1911.206s][info][gc             ] GC(470) Pause Young (Allocation Failure) 3562M->1967M(4346M) 72.536ms
[1911.206s][info][gc,cpu         ] GC(470) User=0.43s Sys=0.00s Real=0.07s
....... (rIR:aIR:PR = 1522:1521:1521) (tPR = 22483) [OK] 
  1917s: Performance info:
         Transaction,    Success,    Partial,     Failed,   Receipts, AvgBarcode, 
             Overall,      91318,          0,          0,      86749,      59.48, 
         Response times:
             Request,    Success,    Partial,     Failed,   SkipFail,     Probes,    Samples,      min,      p50,      p90,      p95,      p99,      max, 
       TotalPurchase,      86749,          0,          0,          0,      84361,      94242,      300,     1400,     2100,     2300,     3500,   133000,
     InStorePurchase,      45638,          0,          0,          0,      44597,      49615,      300,     1400,     2100,     2300,     3500,   127000,
      OnlinePurchase,      31993,          0,          0,          0,      31095,      34773,      300,     1500,     2100,     2300,     3426,   133000,
        InstPurchase,       9118,          0,          0,          0,       8669,       9854,      400,     1400,     2100,     2300,     3600,   126000,
          AssocOfCat,         91,          0,          0,          0,         83,         99,    15700,    21000,    24000,    25000,    36000,    36000,
      AssocOfProduct,        918,          0,          0,          0,        782,        968,      400,     1500,     2000,     2200,     3262,   109000,
      BusinessReport,        228,          0,          0,          0,        180,        267,    18200,    26000,    31000,    31000,    36640,   105000,
          CustBuyBeh,        913,          0,          0,          0,        788,        971,      100,     1100,     2000,     2200,     4336,    75000,
       ProductReturn,       2419,          0,          0,          0,       2198,       2601,      200,     1200,     1800,     2000,     3600,   125000,

  1917s: (12%)   IR =   1660 ..[1920.056s][info][gc,start       ] GC(471) Pause Full (Diagnostic Command)
[1920.056s][info][gc,phases,start] GC(471) Marking Phase
[1920.333s][info][gc,phases      ] GC(471) Marking Phase 276.804ms
[1920.333s][info][gc,phases,start] GC(471) Summary Phase
[1920.333s][info][gc,phases      ] GC(471) Summary Phase 0.048ms
[1920.333s][info][gc,phases,start] GC(471) Forward
[1920.495s][info][gc,phases      ] GC(471) Forward 162.135ms
[1920.495s][info][gc,phases,start] GC(471) Adjust Pointers
[1920.692s][info][gc,phases      ] GC(471) Adjust Pointers 196.541ms
[1920.692s][info][gc,phases,start] GC(471) Compaction Phase
[1920.857s][info][gc,phases      ] GC(471) Compaction Phase 164.867ms
[1920.859s][info][gc,phases,start] GC(471) Post Compact
[1920.863s][info][gc,phases      ] GC(471) Post Compact 3.173ms
[1920.863s][info][gc,heap        ] GC(471) PSYoungGen: 1798176K(2252288K)->0K(2252288K) Eden: 1696480K(1708544K)->0K(1708544K) From: 101696K(543744K)->0K(543744K)
[1920.863s][info][gc,heap        ] GC(471) ParOldGen: 1913416K(2198016K)->1123843K(2198016K)
[1920.863s][info][gc,metaspace   ] GC(471) Metaspace: 29107K(29440K)->29107K(29440K) NonClass: 24216K(24384K)->24216K(24384K) Class: 4890K(5056K)->4890K(5056K)
[1920.863s][info][gc             ] GC(471) Pause Full (Diagnostic Command) 3624M->1097M(4346M) 806.293ms
[1920.863s][info][gc,cpu         ] GC(471) User=4.31s Sys=0.01s Real=0.81s
.....|...[1928.694s][info][gc,start       ] GC(472) Pause Young (Allocation Failure)
[1928.744s][info][gc,heap        ] GC(472) PSYoungGen: 1708544K(2252288K)->103520K(2238976K) Eden: 1708544K(1708544K)->0K(1709568K) From: 0K(543744K)->103520K(529408K)
[1928.744s][info][gc,heap        ] GC(472) ParOldGen: 1123843K(2198016K)->1123843K(2198016K)
[1928.744s][info][gc,metaspace   ] GC(472) Metaspace: 29108K(29440K)->29108K(29440K) NonClass: 24217K(24384K)->24217K(24384K) Class: 4890K(5056K)->4890K(5056K)
[1928.744s][info][gc             ] GC(472) Pause Young (Allocation Failure) 2766M->1198M(4333M) 50.090ms
[1928.744s][info][gc,cpu         ] GC(472) User=0.29s Sys=0.00s Real=0.05s
.........[1937.068s][info][gc,start       ] GC(473) Pause Young (Allocation Failure)
[1937.142s][info][gc,heap        ] GC(473) PSYoungGen: 1813088K(2238976K)->181968K(1891840K) Eden: 1709568K(1709568K)->0K(1709568K) From: 103520K(529408K)->181968K(182272K)
[1937.142s][info][gc,heap        ] GC(473) ParOldGen: 1123843K(2198016K)->1123843K(2198016K)
[1937.142s][info][gc,metaspace   ] GC(473) Metaspace: 29108K(29440K)->29108K(29440K) NonClass: 24217K(24384K)->24217K(24384K) Class: 4890K(5056K)->4890K(5056K)
[1937.142s][info][gc             ] GC(473) Pause Young (Allocation Failure) 2868M->1275M(3994M) 74.231ms
[1937.142s][info][gc,cpu         ] GC(473) User=0.44s Sys=0.00s Real=0.08s
........[1945.636s][info][gc,start       ] GC(474) Pause Young (Allocation Failure)
[1945.727s][info][gc,heap        ] GC(474) PSYoungGen: 1891536K(1891840K)->236512K(2269696K) Eden: 1709568K(1709568K)->0K(1755136K) From: 181968K(182272K)->236512K(514560K)
[1945.727s][info][gc,heap        ] GC(474) ParOldGen: 1123843K(2198016K)->1123843K(2198016K)
[1945.727s][info][gc,metaspace   ] GC(474) Metaspace: 29108K(29440K)->29108K(29440K) NonClass: 24217K(24384K)->24217K(24384K) Class: 4890K(5056K)->4890K(5056K)
[1945.727s][info][gc             ] GC(474) Pause Young (Allocation Failure) 2944M->1328M(4363M) 90.938ms
[1945.727s][info][gc,cpu         ] GC(474) User=0.54s Sys=0.00s Real=0.09s
.........[1954.240s][info][gc,start       ] GC(475) Pause Young (Allocation Failure)
[1954.346s][info][gc,heap        ] GC(475) PSYoungGen: 1991648K(2269696K)->236096K(2244608K) Eden: 1755136K(1755136K)->0K(1755136K) From: 236512K(514560K)->236096K(489472K)
[1954.346s][info][gc,heap        ] GC(475) ParOldGen: 1123843K(2198016K)->1169443K(2198016K)
[1954.346s][info][gc,metaspace   ] GC(475) Metaspace: 29108K(29440K)->29108K(29440K) NonClass: 24217K(24384K)->24217K(24384K) Class: 4890K(5056K)->4890K(5056K)
[1954.346s][info][gc             ] GC(475) Pause Young (Allocation Failure) 3042M->1372M(4338M) 105.231ms
[1954.346s][info][gc,cpu         ] GC(475) User=0.62s Sys=0.00s Real=0.10s
........[1962.799s][info][gc,start       ] GC(476) Pause Young (Allocation Failure)
[1962.906s][info][gc,heap        ] GC(476) PSYoungGen: 1991232K(2244608K)->238624K(2278912K) Eden: 1755136K(1755136K)->0K(1811968K) From: 236096K(489472K)->238624K(466944K)
[1962.906s][info][gc,heap        ] GC(476) ParOldGen: 1169443K(2198016K)->1213619K(2198016K)
[1962.906s][info][gc,metaspace   ] GC(476) Metaspace: 29108K(29440K)->29108K(29440K) NonClass: 24217K(24384K)->24217K(24384K) Class: 4890K(5056K)->4890K(5056K)
[1962.906s][info][gc             ] GC(476) Pause Young (Allocation Failure) 3086M->1418M(4372M) 106.819ms
[1962.906s][info][gc,cpu         ] GC(476) User=0.63s Sys=0.00s Real=0.10s
.........[1971.901s][info][gc,start       ] GC(477) Pause Young (Allocation Failure)
[1972.009s][info][gc,heap        ] GC(477) PSYoungGen: 2050592K(2278912K)->240448K(2258944K) Eden: 1811968K(1811968K)->0K(1811968K) From: 238624K(466944K)->240448K(446976K)
[1972.009s][info][gc,heap        ] GC(477) ParOldGen: 1213619K(2198016K)->1258723K(2198016K)
[1972.009s][info][gc,metaspace   ] GC(477) Metaspace: 29108K(29440K)->29108K(29440K) NonClass: 24217K(24384K)->24217K(24384K) Class: 4890K(5056K)->4890K(5056K)
[1972.009s][info][gc             ] GC(477) Pause Young (Allocation Failure) 3187M->1464M(4352M) 108.079ms
[1972.009s][info][gc,cpu         ] GC(477) User=0.64s Sys=0.00s Real=0.11s
.........[1980.926s][info][gc,start       ] GC(478) Pause Young (Allocation Failure)
[1981.036s][info][gc,heap        ] GC(478) PSYoungGen: 2052416K(2258944K)->192489K(2325504K) Eden: 1811968K(1811968K)->0K(1895936K) From: 240448K(446976K)->192489K(429568K)
[1981.036s][info][gc,heap        ] GC(478) ParOldGen: 1258723K(2198016K)->1358955K(2198016K)
[1981.036s][info][gc,metaspace   ] GC(478) Metaspace: 29108K(29440K)->29108K(29440K) NonClass: 24217K(24384K)->24217K(24384K) Class: 4890K(5056K)->4890K(5056K)
[1981.036s][info][gc             ] GC(478) Pause Young (Allocation Failure) 3233M->1515M(4417M) 110.582ms
[1981.036s][info][gc,cpu         ] GC(478) User=0.65s Sys=0.00s Real=0.11s
..... (rIR:aIR:PR = 1660:1659:1659) (tPR = 24480) [OK] 
  1984s: Performance info:
         Transaction,    Success,    Partial,     Failed,   Receipts, AvgBarcode, 
             Overall,      99823,          0,          0,      94846,      59.48, 
         Response times:
             Request,    Success,    Partial,     Failed,   SkipFail,     Probes,    Samples,      min,      p50,      p90,      p95,      p99,      max, 
       TotalPurchase,      94846,          0,          0,          0,      92524,     105613,      300,     1500,     2300,     2500,     4586,   116000,
     InStorePurchase,      49925,          0,          0,          0,      48884,      55612,      300,     1400,     2200,     2400,     4400,   116000,
      OnlinePurchase,      34921,          0,          0,          0,      34195,      39182,      300,     1600,     2300,     2500,     4700,   112000,
        InstPurchase,      10000,          0,          0,          0,       9445,      10819,      400,     1600,     2300,     2500,     4280,   115000,
          AssocOfCat,         99,          0,          0,          0,         97,        112,    16900,    22000,    25000,    28050,   140490,   144000,
      AssocOfProduct,        998,          0,          0,          0,        863,       1098,      500,     1700,     2200,     2500,     4708,     8100,
      BusinessReport,        246,          0,          0,          0,        187,        271,    18000,    27000,    32000,    34000,    82760,   103000,
          CustBuyBeh,        998,          0,          0,          0,        828,       1039,      300,     1700,     2300,     2500,     6500,   111000,
       ProductReturn,       2636,          0,          0,          0,       2391,       2928,      200,     1400,     2100,     2355,     4100,   115000,

  1984s: (13%)   IR =   1799 ....|[1990.033s][info][gc,start       ] GC(479) Pause Young (Allocation Failure)
[1990.129s][info][gc,heap        ] GC(479) PSYoungGen: 2088425K(2325504K)->113248K(2311680K) Eden: 1895936K(1895936K)->0K(1895936K) From: 192489K(429568K)->113248K(415744K)
[1990.129s][info][gc,heap        ] GC(479) ParOldGen: 1358955K(2198016K)->1495939K(2198016K)
[1990.129s][info][gc,metaspace   ] GC(479) Metaspace: 29110K(29440K)->29110K(29440K) NonClass: 24220K(24384K)->24220K(24384K) Class: 4890K(5056K)->4890K(5056K)
[1990.129s][info][gc             ] GC(479) Pause Young (Allocation Failure) 3366M->1571M(4404M) 96.716ms
[1990.129s][info][gc,cpu         ] GC(479) User=0.57s Sys=0.01s Real=0.10s
.........[1998.663s][info][gc,start       ] GC(480) Pause Young (Allocation Failure)
[1998.741s][info][gc,heap        ] GC(480) PSYoungGen: 2009184K(2311680K)->109696K(2369024K) Eden: 1895936K(1895936K)->0K(1952768K) From: 113248K(415744K)->109696K(416256K)
[1998.741s][info][gc,heap        ] GC(480) ParOldGen: 1495939K(2198016K)->1578035K(2198016K)
[1998.741s][info][gc,metaspace   ] GC(480) Metaspace: 29110K(29440K)->29110K(29440K) NonClass: 24220K(24384K)->24220K(24384K) Class: 4890K(5056K)->4890K(5056K)
[1998.741s][info][gc             ] GC(480) Pause Young (Allocation Failure) 3422M->1648M(4460M) 78.056ms
[1998.741s][info][gc,cpu         ] GC(480) User=0.46s Sys=0.00s Real=0.08s
.........[2007.796s][info][gc,start       ] GC(481) Pause Young (Allocation Failure)
[2007.875s][info][gc,heap        ] GC(481) PSYoungGen: 2062464K(2369024K)->115520K(2366976K) Eden: 1952768K(1952768K)->0K(1952768K) From: 109696K(416256K)->115520K(414208K)
[2007.875s][info][gc,heap        ] GC(481) ParOldGen: 1578035K(2198016K)->1657211K(2198016K)
[2007.875s][info][gc,metaspace   ] GC(481) Metaspace: 29110K(29440K)->29110K(29440K) NonClass: 24220K(24384K)->24220K(24384K) Class: 4890K(5056K)->4890K(5056K)
[2007.875s][info][gc             ] GC(481) Pause Young (Allocation Failure) 3555M->1731M(4458M) 78.855ms
[2007.875s][info][gc,cpu         ] GC(481) User=0.46s Sys=0.00s Real=0.08s
.........[2016.670s][info][gc,start       ] GC(482) Pause Young (Allocation Failure)
[2016.750s][info][gc,heap        ] GC(482) PSYoungGen: 2068288K(2366976K)->113568K(2374656K) Eden: 1952768K(1952768K)->0K(1972736K) From: 115520K(414208K)->113568K(401920K)
[2016.750s][info][gc,heap        ] GC(482) ParOldGen: 1657211K(2198016K)->1741019K(2198016K)
[2016.750s][info][gc,metaspace   ] GC(482) Metaspace: 29110K(29440K)->29110K(29440K) NonClass: 24220K(24384K)->24220K(24384K) Class: 4890K(5056K)->4890K(5056K)
[2016.750s][info][gc             ] GC(482) Pause Young (Allocation Failure) 3638M->1811M(4465M) 80.260ms
[2016.750s][info][gc,cpu         ] GC(482) User=0.48s Sys=0.00s Real=0.08s
.........[2025.565s][info][gc,start       ] GC(483) Pause Young (Allocation Failure)
[2025.645s][info][gc,heap        ] GC(483) PSYoungGen: 2086304K(2374656K)->113792K(2373632K) Eden: 1972736K(1972736K)->0K(1972736K) From: 113568K(401920K)->113792K(400896K)
[2025.645s][info][gc,heap        ] GC(483) ParOldGen: 1741019K(2198016K)->1822699K(2198016K)
[2025.645s][info][gc,metaspace   ] GC(483) Metaspace: 29110K(29440K)->29110K(29440K) NonClass: 24220K(24384K)->24220K(24384K) Class: 4890K(5056K)->4890K(5056K)
[2025.645s][info][gc             ] GC(483) Pause Young (Allocation Failure) 3737M->1891M(4464M) 79.978ms
[2025.645s][info][gc,cpu         ] GC(483) User=0.47s Sys=0.00s Real=0.08s
.........[2034.601s][info][gc,start       ] GC(484) Pause Young (Allocation Failure)
[2034.686s][info][gc,heap        ] GC(484) PSYoungGen: 2086528K(2373632K)->123125K(2381312K) Eden: 1972736K(1972736K)->0K(2002944K) From: 113792K(400896K)->123125K(378368K)
[2034.686s][info][gc,heap        ] GC(484) ParOldGen: 1822699K(2198016K)->1904779K(2198016K)
[2034.686s][info][gc,metaspace   ] GC(484) Metaspace: 29110K(29440K)->29110K(29440K) NonClass: 24220K(24384K)->24220K(24384K) Class: 4890K(5056K)->4890K(5056K)
[2034.686s][info][gc             ] GC(484) Pause Young (Allocation Failure) 3817M->1980M(4472M) 84.689ms
[2034.686s][info][gc,cpu         ] GC(484) User=0.50s Sys=0.00s Real=0.08s
.........[2043.722s][info][gc,start       ] GC(485) Pause Young (Allocation Failure)
[2043.804s][info][gc,heap        ] GC(485) PSYoungGen: 2126069K(2381312K)->117440K(2383360K) Eden: 2002944K(2002944K)->0K(2002944K) From: 123125K(378368K)->117440K(380416K)
[2043.804s][info][gc,heap        ] GC(485) ParOldGen: 1904779K(2198016K)->1989603K(2198016K)
[2043.804s][info][gc,metaspace   ] GC(485) Metaspace: 29110K(29440K)->29110K(29440K) NonClass: 24220K(24384K)->24220K(24384K) Class: 4890K(5056K)->4890K(5056K)
[2043.804s][info][gc             ] GC(485) Pause Young (Allocation Failure) 3936M->2057M(4474M) 81.820ms
[2043.804s][info][gc,cpu         ] GC(485) User=0.48s Sys=0.00s Real=0.08s
...... (rIR:aIR:PR = 1799:1799:1799) (tPR = 26698) [OK] 
  2049s: Performance info:
         Transaction,    Success,    Partial,     Failed,   Receipts, AvgBarcode, 
             Overall,     108152,          0,          0,     102753,      59.47, 
         Response times:
             Request,    Success,    Partial,     Failed,   SkipFail,     Probes,    Samples,      min,      p50,      p90,      p95,      p99,      max, 
       TotalPurchase,     102753,          0,          0,          0,      99761,     107706,      300,     1600,     2400,     2700,     4000,   100000,
     InStorePurchase,      54128,          0,          0,          0,      52648,      56477,      300,     1700,     2400,     2600,     4100,   100000,
      OnlinePurchase,      37820,          0,          0,          0,      36741,      39798,      300,     1600,     2400,     2700,     3900,   100000,
        InstPurchase,      10805,          0,          0,          0,      10372,      11431,      400,     1500,     2400,     2600,     3700,    89000,
          AssocOfCat,        108,          0,          0,          0,        103,        114,    15600,    22000,    25000,    26000,    29000,    29000,
      AssocOfProduct,       1083,          0,          0,          0,        960,       1167,      600,     1500,     2100,     2300,     3332,     5300,
      BusinessReport,        269,          0,          0,          0,        216,        300,    17600,    28000,    32000,    34000,    58000,   114000,
          CustBuyBeh,       1081,          0,          0,          0,        948,       1175,      300,     1500,     2200,     2400,     3224,    83000,
       ProductReturn,       2859,          0,          0,          0,       2637,       2997,      200,     1800,     2400,     2700,     4204,    88000,

  2049s: (14%)   IR =   1937 ...[2052.679s][info][gc,start       ] GC(486) Pause Young (Allocation Failure)
[2052.763s][info][gc,heap        ] GC(486) PSYoungGen: 2120384K(2383360K)->116256K(2401792K) Eden: 2002944K(2002944K)->0K(2045952K) From: 117440K(380416K)->116256K(355840K)
[2052.763s][info][gc,heap        ] GC(486) ParOldGen: 1989603K(2198016K)->2074539K(2198016K)
[2052.763s][info][gc,metaspace   ] GC(486) Metaspace: 29110K(29440K)->29110K(29440K) NonClass: 24220K(24384K)->24220K(24384K) Class: 4890K(5056K)->4890K(5056K)
[2052.763s][info][gc             ] GC(486) Pause Young (Allocation Failure) 4013M->2139M(4492M) 83.355ms
[2052.763s][info][gc,cpu         ] GC(486) User=0.49s Sys=0.00s Real=0.08s
.|........[2061.416s][info][gc,start       ] GC(487) Pause Young (Allocation Failure)
[2061.500s][info][gc,heap        ] GC(487) PSYoungGen: 2162208K(2401792K)->118400K(2404352K) Eden: 2045952K(2045952K)->0K(2045952K) From: 116256K(355840K)->118400K(358400K)
[2061.500s][info][gc,heap        ] GC(487) ParOldGen: 2074539K(2198016K)->2156739K(2198016K)
[2061.500s][info][gc,metaspace   ] GC(487) Metaspace: 29110K(29440K)->29110K(29440K) NonClass: 24220K(24384K)->24220K(24384K) Class: 4890K(5056K)->4890K(5056K)
[2061.500s][info][gc             ] GC(487) Pause Young (Allocation Failure) 4137M->2221M(4494M) 83.741ms
[2061.500s][info][gc,cpu         ] GC(487) User=0.49s Sys=0.00s Real=0.09s
........[2070.115s][info][gc,start       ] GC(488) Pause Young (Allocation Failure)
[2070.201s][info][gc,heap        ] GC(488) PSYoungGen: 2164352K(2404352K)->119552K(2422272K) Eden: 2045952K(2045952K)->0K(2091008K) From: 118400K(358400K)->119552K(331264K)
[2070.201s][info][gc,heap        ] GC(488) ParOldGen: 2156739K(2198016K)->2240987K(2241024K)
[2070.201s][info][gc,metaspace   ] GC(488) Metaspace: 29110K(29440K)->29110K(29440K) NonClass: 24220K(24384K)->24220K(24384K) Class: 4890K(5056K)->4890K(5056K)
[2070.201s][info][gc             ] GC(488) Pause Young (Allocation Failure) 4219M->2305M(4554M) 86.342ms
[2070.201s][info][gc,cpu         ] GC(488) User=0.48s Sys=0.03s Real=0.09s
.........[2078.936s][info][gc,start       ] GC(489) Pause Young (Allocation Failure)
[2079.023s][info][gc,heap        ] GC(489) PSYoungGen: 2210560K(2422272K)->120000K(2425344K) Eden: 2091008K(2091008K)->0K(2091008K) From: 119552K(331264K)->120000K(334336K)
[2079.023s][info][gc,heap        ] GC(489) ParOldGen: 2240987K(2241024K)->2325363K(2325504K)
[2079.023s][info][gc,metaspace   ] GC(489) Metaspace: 29110K(29440K)->29110K(29440K) NonClass: 24220K(24384K)->24220K(24384K) Class: 4890K(5056K)->4890K(5056K)
[2079.023s][info][gc             ] GC(489) Pause Young (Allocation Failure) 4347M->2388M(4639M) 87.123ms
[2079.023s][info][gc,cpu         ] GC(489) User=0.49s Sys=0.03s Real=0.09s
.........[2087.819s][info][gc,start       ] GC(490) Pause Young (Allocation Failure)
[2087.906s][info][gc,heap        ] GC(490) PSYoungGen: 2211008K(2425344K)->120864K(2446848K) Eden: 2091008K(2091008K)->0K(2139136K) From: 120000K(334336K)->120864K(307712K)
[2087.906s][info][gc,heap        ] GC(490) ParOldGen: 2325363K(2325504K)->2409563K(2409984K)
[2087.906s][info][gc,metaspace   ] GC(490) Metaspace: 29110K(29440K)->29110K(29440K) NonClass: 24220K(24384K)->24220K(24384K) Class: 4890K(5056K)->4890K(5056K)
[2087.906s][info][gc             ] GC(490) Pause Young (Allocation Failure) 4430M->2471M(4743M) 87.067ms
[2087.906s][info][gc,cpu         ] GC(490) User=0.48s Sys=0.03s Real=0.08s
.........[2096.822s][info][gc,start       ] GC(491) Pause Young (Allocation Failure)
[2096.911s][info][gc,heap        ] GC(491) PSYoungGen: 2260000K(2446848K)->121056K(2449920K) Eden: 2139136K(2139136K)->0K(2139136K) From: 120864K(307712K)->121056K(310784K)
[2096.911s][info][gc,heap        ] GC(491) ParOldGen: 2409563K(2409984K)->2494739K(2494976K)
[2096.911s][info][gc,metaspace   ] GC(491) Metaspace: 29110K(29440K)->29110K(29440K) NonClass: 24220K(24384K)->24220K(24384K) Class: 4890K(5056K)->4890K(5056K)
[2096.911s][info][gc             ] GC(491) Pause Young (Allocation Failure) 4560M->2554M(4829M) 89.416ms
[2096.911s][info][gc,cpu         ] GC(491) User=0.50s Sys=0.03s Real=0.09s
.........[2106.009s][info][gc,start       ] GC(492) Pause Young (Allocation Failure)
[2106.100s][info][gc,heap        ] GC(492) PSYoungGen: 2260192K(2449920K)->124832K(2470400K) Eden: 2139136K(2139136K)->0K(2186240K) From: 121056K(310784K)->124832K(284160K)
[2106.100s][info][gc,heap        ] GC(492) ParOldGen: 2494739K(2494976K)->2579235K(2579456K)
[2106.100s][info][gc,metaspace   ] GC(492) Metaspace: 29110K(29440K)->29110K(29440K) NonClass: 24220K(24384K)->24220K(24384K) Class: 4890K(5056K)->4890K(5056K)
[2106.100s][info][gc             ] GC(492) Pause Young (Allocation Failure) 4643M->2640M(4931M) 91.170ms
[2106.100s][info][gc,cpu         ] GC(492) User=0.51s Sys=0.03s Real=0.09s
........ (rIR:aIR:PR = 1937:1937:1937) (tPR = 29093) [OK] 
  2113s: Performance info:
         Transaction,    Success,    Partial,     Failed,   Receipts, AvgBarcode, 
             Overall,     116313,          0,          0,     110488,      59.48, 
         Response times:
             Request,    Success,    Partial,     Failed,   SkipFail,     Probes,    Samples,      min,      p50,      p90,      p95,      p99,      max, 
       TotalPurchase,     110489,          0,          0,          0,     107809,     115775,      300,     1700,     2500,     2700,     3600,    95000,
     InStorePurchase,      58148,          0,          0,          0,      56952,      61012,      300,     1600,     2500,     2700,     3600,    92000,
      OnlinePurchase,      40705,          0,          0,          0,      39712,      42617,      300,     1700,     2500,     2800,     3500,    94000,
        InstPurchase,      11636,          0,          0,          0,      11145,      12146,      400,     1900,     2600,     2800,     4600,    95000,
          AssocOfCat,        117,          0,          0,          0,        113,        121,    16400,    23000,    26000,    27000,    93060,   110000,
      AssocOfProduct,       1168,          0,          0,          0,       1023,       1206,      500,     1800,     2500,     2700,     3586,     6300,
      BusinessReport,        291,          0,          0,          0,        226,        283,    18900,    29000,    33000,    35000,    39160,    41000,
          CustBuyBeh,       1160,          0,          0,          0,       1037,       1238,      200,     1250,     2300,     2500,     3422,    86000,
       ProductReturn,       3085,          0,          0,          0,       2870,       3326,      200,      900,     2300,     2600,     3300,    90000,

  2113s: (15%)   IR =   2076 .[2115.095s][info][gc,start       ] GC(493) Pause Young (Allocation Failure)
[2115.187s][info][gc,heap        ] GC(493) PSYoungGen: 2311072K(2470400K)->124960K(2473472K) Eden: 2186240K(2186240K)->0K(2186240K) From: 124832K(284160K)->124960K(287232K)
[2115.187s][info][gc,heap        ] GC(493) ParOldGen: 2579235K(2579456K)->2666419K(2666496K)
[2115.187s][info][gc,metaspace   ] GC(493) Metaspace: 29112K(29440K)->29112K(29440K) NonClass: 24222K(24384K)->24222K(24384K) Class: 4890K(5056K)->4890K(5056K)
[2115.187s][info][gc             ] GC(493) Pause Young (Allocation Failure) 4775M->2725M(5019M) 91.859ms
[2115.187s][info][gc,cpu         ] GC(493) User=0.51s Sys=0.03s Real=0.09s
...|......[2123.881s][info][gc,start       ] GC(494) Pause Young (Allocation Failure)
[2123.973s][info][gc,heap        ] GC(494) PSYoungGen: 2311200K(2473472K)->126304K(2495488K) Eden: 2186240K(2186240K)->0K(2232832K) From: 124960K(287232K)->126304K(262656K)
[2123.974s][info][gc,heap        ] GC(494) ParOldGen: 2666419K(2666496K)->2752435K(2752512K)
[2123.974s][info][gc,metaspace   ] GC(494) Metaspace: 29112K(29440K)->29112K(29440K) NonClass: 24222K(24384K)->24222K(24384K) Class: 4890K(5056K)->4890K(5056K)
[2123.974s][info][gc             ] GC(494) Pause Young (Allocation Failure) 4860M->2811M(5125M) 92.741ms
[2123.974s][info][gc,cpu         ] GC(494) User=0.52s Sys=0.02s Real=0.09s
.........[2132.748s][info][gc,start       ] GC(495) Pause Young (Allocation Failure)
[2132.840s][info][gc,heap        ] GC(495) PSYoungGen: 2359136K(2495488K)->127552K(2498048K) Eden: 2232832K(2232832K)->0K(2232832K) From: 126304K(262656K)->127552K(265216K)
[2132.840s][info][gc,heap        ] GC(495) ParOldGen: 2752435K(2752512K)->2839395K(2839552K)
[2132.840s][info][gc,metaspace   ] GC(495) Metaspace: 29112K(29440K)->29112K(29440K) NonClass: 24222K(24384K)->24222K(24384K) Class: 4890K(5056K)->4890K(5056K)
[2132.840s][info][gc             ] GC(495) Pause Young (Allocation Failure) 4991M->2897M(5212M) 91.890ms
[2132.840s][info][gc,cpu         ] GC(495) User=0.52s Sys=0.03s Real=0.10s
.........[2141.516s][info][gc,start       ] GC(496) Pause Young (Allocation Failure)
[2141.612s][info][gc,heap        ] GC(496) PSYoungGen: 2360384K(2498048K)->130068K(2518016K) Eden: 2232832K(2232832K)->0K(2275840K) From: 127552K(265216K)->130068K(242176K)
[2141.612s][info][gc,heap        ] GC(496) ParOldGen: 2839395K(2839552K)->2927635K(2928128K)
[2141.612s][info][gc,metaspace   ] GC(496) Metaspace: 29112K(29440K)->29112K(29440K) NonClass: 24222K(24384K)->24222K(24384K) Class: 4890K(5056K)->4890K(5056K)
[2141.612s][info][gc             ] GC(496) Pause Young (Allocation Failure) 5077M->2986M(5318M) 95.809ms
[2141.612s][info][gc,cpu         ] GC(496) User=0.54s Sys=0.02s Real=0.10s
.........[2150.548s][info][gc,start       ] GC(497) Pause Young (Allocation Failure)
[2150.641s][info][gc,heap        ] GC(497) PSYoungGen: 2405908K(2518016K)->128672K(2520576K) Eden: 2275840K(2275840K)->0K(2275840K) From: 130068K(242176K)->128672K(244736K)
[2150.641s][info][gc,heap        ] GC(497) ParOldGen: 2927635K(2928128K)->3014131K(3014144K)
[2150.641s][info][gc,metaspace   ] GC(497) Metaspace: 29112K(29440K)->29112K(29440K) NonClass: 24222K(24384K)->24222K(24384K) Class: 4890K(5056K)->4890K(5056K)
[2150.641s][info][gc             ] GC(497) Pause Young (Allocation Failure) 5208M->3069M(5405M) 93.144ms
[2150.641s][info][gc,cpu         ] GC(497) User=0.51s Sys=0.04s Real=0.10s
.........[2159.678s][info][gc,start       ] GC(498) Pause Young (Allocation Failure)
[2159.771s][info][gc,heap        ] GC(498) PSYoungGen: 2404512K(2520576K)->129984K(2540032K) Eden: 2275840K(2275840K)->0K(2315264K) From: 128672K(244736K)->129984K(224768K)
[2159.771s][info][gc,heap        ] GC(498) ParOldGen: 3014131K(3014144K)->3102875K(3103232K)
[2159.771s][info][gc,metaspace   ] GC(498) Metaspace: 29112K(29440K)->29112K(29440K) NonClass: 24222K(24384K)->24222K(24384K) Class: 4890K(5056K)->4890K(5056K)
[2159.771s][info][gc             ] GC(498) Pause Young (Allocation Failure) 5291M->3157M(5511M) 93.721ms
[2159.771s][info][gc,cpu         ] GC(498) User=0.53s Sys=0.03s Real=0.10s
.........[2168.808s][info][gc,start       ] GC(499) Pause Young (Allocation Failure)
[2168.901s][info][gc,heap        ] GC(499) PSYoungGen: 2445248K(2540032K)->131040K(2542592K) Eden: 2315264K(2315264K)->0K(2315264K) From: 129984K(224768K)->131040K(227328K)
[2168.901s][info][gc,heap        ] GC(499) ParOldGen: 3102875K(3103232K)->3191731K(3191808K)
[2168.901s][info][gc,metaspace   ] GC(499) Metaspace: 29112K(29440K)->29112K(29440K) NonClass: 24222K(24384K)->24222K(24384K) Class: 4890K(5056K)->4890K(5056K)
[2168.901s][info][gc             ] GC(499) Pause Young (Allocation Failure) 5418M->3244M(5600M) 93.548ms
[2168.901s][info][gc,cpu         ] GC(499) User=0.52s Sys=0.03s Real=0.10s
......... (rIR:aIR:PR = 2076:2075:2075) (tPR = 30823) [OK] 
  2177s: Performance info:
         Transaction,    Success,    Partial,     Failed,   Receipts, AvgBarcode, 
             Overall,     124540,          0,          0,     118302,      59.48, 
         Response times:
             Request,    Success,    Partial,     Failed,   SkipFail,     Probes,    Samples,      min,      p50,      p90,      p95,      p99,      max, 
       TotalPurchase,     118302,          0,          0,          0,     115439,     124237,      300,     1800,     2700,     3000,     5500,   106000,
     InStorePurchase,      62281,          0,          0,          0,      60787,      65124,      300,     1800,     2700,     3000,     5700,   106000,
      OnlinePurchase,      43593,          0,          0,          0,      42590,      45891,      300,     1700,     2700,     2900,     5300,   105000,
        InstPurchase,      12428,          0,          0,          0,      12062,      13222,      400,     1900,     2700,     2900,     5454,   106000,
          AssocOfCat,        125,          0,          0,          0,         95,        135,    16400,    23000,    28000,    31000,    36640,    37000,
      AssocOfProduct,       1250,          0,          0,          0,       1095,       1291,      500,     1900,     2800,     3000,     4300,   101000,
      BusinessReport,        313,          0,          0,          0,        232,        316,    18100,    28000,    33000,    36000,    61450,   130000,
          CustBuyBeh,       1248,          0,          0,          0,       1127,       1330,      200,     1600,     2400,     2700,     8769,    95000,
       ProductReturn,       3302,          0,          0,          0,       3078,       3492,      200,     1700,     2600,     2900,     5500,   101000,

  2177s: (16%)   IR =   2214 [2177.917s][info][gc,start       ] GC(500) Pause Young (Allocation Failure)
[2178.011s][info][gc,heap        ] GC(500) PSYoungGen: 2446304K(2542592K)->130560K(2558976K) Eden: 2315264K(2315264K)->0K(2349568K) From: 131040K(227328K)->130560K(209408K)
[2178.011s][info][gc,heap        ] GC(500) ParOldGen: 3191731K(3191808K)->3280867K(3280896K)
[2178.011s][info][gc,metaspace   ] GC(500) Metaspace: 29114K(29440K)->29114K(29440K) NonClass: 24224K(24384K)->24224K(24384K) Class: 4890K(5056K)->4890K(5056K)
[2178.011s][info][gc             ] GC(500) Pause Young (Allocation Failure) 5505M->3331M(5703M) 94.462ms
[2178.011s][info][gc,cpu         ] GC(500) User=0.53s Sys=0.03s Real=0.10s
........|.[2186.686s][info][gc,start       ] GC(501) Pause Young (Allocation Failure)
[2186.783s][info][gc,heap        ] GC(501) PSYoungGen: 2480128K(2558976K)->132992K(2561024K) Eden: 2349568K(2349568K)->0K(2349568K) From: 130560K(209408K)->132992K(211456K)
[2186.783s][info][gc,heap        ] GC(501) ParOldGen: 3280867K(3280896K)->3368043K(3368448K)
[2186.783s][info][gc,metaspace   ] GC(501) Metaspace: 29114K(29440K)->29114K(29440K) NonClass: 24224K(24384K)->24224K(24384K) Class: 4890K(5056K)->4890K(5056K)
[2186.783s][info][gc             ] GC(501) Pause Young (Allocation Failure) 5625M->3418M(5790M) 97.079ms
[2186.783s][info][gc,cpu         ] GC(501) User=0.54s Sys=0.02s Real=0.10s
.........[2195.396s][info][gc,start       ] GC(502) Pause Young (Allocation Failure)
[2195.492s][info][gc,heap        ] GC(502) PSYoungGen: 2482560K(2561024K)->130944K(2577408K) Eden: 2349568K(2349568K)->0K(2380288K) From: 132992K(211456K)->130944K(197120K)
[2195.492s][info][gc,heap        ] GC(502) ParOldGen: 3368043K(3368448K)->3458379K(3458560K)
[2195.492s][info][gc,metaspace   ] GC(502) Metaspace: 29114K(29440K)->29114K(29440K) NonClass: 24224K(24384K)->24224K(24384K) Class: 4890K(5056K)->4890K(5056K)
[2195.492s][info][gc             ] GC(502) Pause Young (Allocation Failure) 5713M->3505M(5894M) 95.615ms
[2195.492s][info][gc,cpu         ] GC(502) User=0.55s Sys=0.02s Real=0.10s
........[2204.227s][info][gc,start       ] GC(503) Pause Young (Allocation Failure)
[2204.323s][info][gc,heap        ] GC(503) PSYoungGen: 2511232K(2577408K)->132512K(2578432K) Eden: 2380288K(2380288K)->0K(2380288K) From: 130944K(197120K)->132512K(198144K)
[2204.323s][info][gc,heap        ] GC(503) ParOldGen: 3458379K(3458560K)->3547931K(3548160K)
[2204.323s][info][gc,metaspace   ] GC(503) Metaspace: 29114K(29440K)->29114K(29440K) NonClass: 24224K(24384K)->24224K(24384K) Class: 4890K(5056K)->4890K(5056K)
[2204.323s][info][gc             ] GC(503) Pause Young (Allocation Failure) 5829M->3594M(5983M) 96.035ms
[2204.323s][info][gc,cpu         ] GC(503) User=0.53s Sys=0.02s Real=0.10s
.........[2213.101s][info][gc,start       ] GC(504) Pause Young (Allocation Failure)
[2213.200s][info][gc,heap        ] GC(504) PSYoungGen: 2512800K(2578432K)->135360K(2592768K) Eden: 2380288K(2380288K)->0K(2405888K) From: 132512K(198144K)->135360K(186880K)
[2213.200s][info][gc,heap        ] GC(504) ParOldGen: 3547931K(3548160K)->3638395K(3638784K)
[2213.200s][info][gc,metaspace   ] GC(504) Metaspace: 29114K(29440K)->29114K(29440K) NonClass: 24224K(24384K)->24224K(24384K) Class: 4890K(5056K)->4890K(5056K)
[2213.200s][info][gc             ] GC(504) Pause Young (Allocation Failure) 5918M->3685M(6085M) 99.483ms
[2213.200s][info][gc,cpu         ] GC(504) User=0.55s Sys=0.03s Real=0.10s
........[2221.009s][info][gc,start       ] GC(505) Pause Full (Diagnostic Command)
[2221.009s][info][gc,phases,start] GC(505) Marking Phase
[2221.291s][info][gc,phases      ] GC(505) Marking Phase 282.085ms
[2221.291s][info][gc,phases,start] GC(505) Summary Phase
[2221.291s][info][gc,phases      ] GC(505) Summary Phase 0.071ms
[2221.291s][info][gc,phases,start] GC(505) Forward
[2221.483s][info][gc,phases      ] GC(505) Forward 191.634ms
[2221.483s][info][gc,phases,start] GC(505) Adjust Pointers
[2221.690s][info][gc,phases      ] GC(505) Adjust Pointers 207.451ms
[2221.691s][info][gc,phases,start] GC(505) Compaction Phase
[2221.863s][info][gc,phases      ] GC(505) Compaction Phase 172.399ms
[2221.865s][info][gc,phases,start] GC(505) Post Compact
[2221.870s][info][gc,phases      ] GC(505) Post Compact 4.945ms
[2221.870s][info][gc,heap        ] GC(505) PSYoungGen: 2291112K(2592768K)->0K(2592768K) Eden: 2155752K(2405888K)->0K(2405888K) From: 135360K(186880K)->0K(186880K)
[2221.870s][info][gc,heap        ] GC(505) ParOldGen: 3638395K(3638784K)->1128798K(3638784K)
[2221.870s][info][gc,metaspace   ] GC(505) Metaspace: 29114K(29440K)->29114K(29440K) NonClass: 24224K(24384K)->24224K(24384K) Class: 4890K(5056K)->4890K(5056K)
[2221.870s][info][gc             ] GC(505) Pause Full (Diagnostic Command) 5790M->1102M(6085M) 861.390ms
[2221.871s][info][gc,cpu         ] GC(505) User=4.44s Sys=0.00s Real=0.86s
.........[2229.962s][info][gc,start       ] GC(506) Pause Young (Allocation Failure)
[2230.025s][info][gc,heap        ] GC(506) PSYoungGen: 2405888K(2592768K)->136384K(2592768K) Eden: 2405888K(2405888K)->0K(2405888K) From: 0K(186880K)->136384K(186880K)
[2230.025s][info][gc,heap        ] GC(506) ParOldGen: 1128798K(3638784K)->1128798K(3638784K)
[2230.025s][info][gc,metaspace   ] GC(506) Metaspace: 29114K(29440K)->29114K(29440K) NonClass: 24224K(24384K)->24224K(24384K) Class: 4890K(5056K)->4890K(5056K)
[2230.025s][info][gc             ] GC(506) Pause Young (Allocation Failure) 3451M->1235M(6085M) 62.492ms
[2230.025s][info][gc,cpu         ] GC(506) User=0.37s Sys=0.00s Real=0.06s
.........[2239.001s][info][gc,start       ] GC(507) Pause Young (Allocation Failure)
[2239.094s][info][gc,heap        ] GC(507) PSYoungGen: 2542272K(2592768K)->136352K(2605056K) Eden: 2405888K(2405888K)->0K(2426368K) From: 136384K(186880K)->136352K(178688K)
[2239.094s][info][gc,heap        ] GC(507) ParOldGen: 1128798K(3638784K)->1219858K(3638784K)
[2239.094s][info][gc,metaspace   ] GC(507) Metaspace: 29114K(29440K)->29114K(29440K) NonClass: 24224K(24384K)->24224K(24384K) Class: 4890K(5056K)->4890K(5056K)
[2239.094s][info][gc             ] GC(507) Pause Young (Allocation Failure) 3585M->1324M(6097M) 93.296ms
[2239.094s][info][gc,cpu         ] GC(507) User=0.54s Sys=0.02s Real=0.09s
....... (rIR:aIR:PR = 2214:2214:2214) (tPR = 32941) [OK] 
  2245s: Performance info:
         Transaction,    Success,    Partial,     Failed,   Receipts, AvgBarcode, 
             Overall,     134177,          0,          0,     127469,      59.47, 
         Response times:
             Request,    Success,    Partial,     Failed,   SkipFail,     Probes,    Samples,      min,      p50,      p90,      p95,      p99,      max, 
       TotalPurchase,     127469,          0,          0,          0,     122845,     141884,      300,     1900,     2900,     3200,     5500,   104000,
     InStorePurchase,      67144,          0,          0,          0,      64799,      74505,      300,     1900,     2900,     3100,     5600,   104000,
      OnlinePurchase,      46902,          0,          0,          0,      45324,      52388,      300,     1900,     2900,     3200,     5200,   103000,
        InstPurchase,      13423,          0,          0,          0,      12722,      14991,      400,     2000,     3000,     3400,     5808,   103000,
          AssocOfCat,        135,          0,          0,          0,         92,        149,    15700,    24000,    28000,    30500,    37000,    37000,
      AssocOfProduct,       1343,          0,          0,          0,       1172,       1508,      500,     2200,     2900,     3300,     6100,    66000,
      BusinessReport,        335,          0,          0,          0,        246,        341,    18100,    27000,    33800,    36900,    43160,    47000,
          CustBuyBeh,       1342,          0,          0,          0,       1185,       1514,      200,     2000,     3000,     3300,     6800,   103000,
       ProductReturn,       3553,          0,          0,          0,       3268,       3947,      200,     1800,     2900,     3200,     5552,   101000,

  2245s: (17%)   IR =   2352 .[2247.869s][info][gc,start       ] GC(508) Pause Young (Allocation Failure)
[2247.959s][info][gc,heap        ] GC(508) PSYoungGen: 2562720K(2605056K)->135488K(2604544K) Eden: 2426368K(2426368K)->0K(2426368K) From: 136352K(178688K)->135488K(178176K)
[2247.959s][info][gc,heap        ] GC(508) ParOldGen: 1219858K(3638784K)->1311242K(3638784K)
[2247.959s][info][gc,metaspace   ] GC(508) Metaspace: 29114K(29440K)->29114K(29440K) NonClass: 24224K(24384K)->24224K(24384K) Class: 4890K(5056K)->4890K(5056K)
[2247.959s][info][gc             ] GC(508) Pause Young (Allocation Failure) 3693M->1412M(6097M) 90.329ms
[2247.960s][info][gc,cpu         ] GC(508) User=0.53s Sys=0.00s Real=0.09s
.....|....[2256.314s][info][gc,start       ] GC(509) Pause Young (Allocation Failure)
[2256.406s][info][gc,heap        ] GC(509) PSYoungGen: 2561856K(2604544K)->134592K(2614272K) Eden: 2426368K(2426368K)->0K(2442752K) From: 135488K(178176K)->134592K(171520K)
[2256.406s][info][gc,heap        ] GC(509) ParOldGen: 1311242K(3638784K)->1402218K(3638784K)
[2256.406s][info][gc,metaspace   ] GC(509) Metaspace: 29114K(29440K)->29114K(29440K) NonClass: 24224K(24384K)->24224K(24384K) Class: 4890K(5056K)->4890K(5056K)
[2256.406s][info][gc             ] GC(509) Pause Young (Allocation Failure) 3782M->1500M(6106M) 92.233ms
[2256.406s][info][gc,cpu         ] GC(509) User=0.54s Sys=0.01s Real=0.09s
........[2264.743s][info][gc,start       ] GC(510) Pause Young (Allocation Failure)
[2264.835s][info][gc,heap        ] GC(510) PSYoungGen: 2577344K(2614272K)->136191K(2613248K) Eden: 2442752K(2442752K)->0K(2442752K) From: 134592K(171520K)->136191K(170496K)
[2264.835s][info][gc,heap        ] GC(510) ParOldGen: 1402218K(3638784K)->1493010K(3638784K)
[2264.835s][info][gc,metaspace   ] GC(510) Metaspace: 29114K(29440K)->29114K(29440K) NonClass: 24224K(24384K)->24224K(24384K) Class: 4890K(5056K)->4890K(5056K)
[2264.835s][info][gc             ] GC(510) Pause Young (Allocation Failure) 3886M->1591M(6105M) 92.218ms
[2264.835s][info][gc,cpu         ] GC(510) User=0.55s Sys=0.00s Real=0.09s
.........[2273.371s][info][gc,start       ] GC(511) Pause Young (Allocation Failure)
[2273.470s][info][gc,heap        ] GC(511) PSYoungGen: 2578943K(2613248K)->141029K(2622464K) Eden: 2442752K(2442752K)->0K(2455040K) From: 136191K(170496K)->141029K(167424K)
[2273.470s][info][gc,heap        ] GC(511) ParOldGen: 1493010K(3638784K)->1583986K(3638784K)
[2273.470s][info][gc,metaspace   ] GC(511) Metaspace: 29114K(29440K)->29114K(29440K) NonClass: 24224K(24384K)->24224K(24384K) Class: 4890K(5056K)->4890K(5056K)
[2273.470s][info][gc             ] GC(511) Pause Young (Allocation Failure) 3976M->1684M(6114M) 99.027ms
[2273.470s][info][gc,cpu         ] GC(511) User=0.56s Sys=0.02s Real=0.10s
........[2281.945s][info][gc,start       ] GC(512) Pause Young (Allocation Failure)
[2282.040s][info][gc,heap        ] GC(512) PSYoungGen: 2596069K(2622464K)->143155K(2621440K) Eden: 2455040K(2455040K)->0K(2455040K) From: 141029K(167424K)->143155K(166400K)
[2282.040s][info][gc,heap        ] GC(512) ParOldGen: 1583986K(3638784K)->1676282K(3638784K)
[2282.040s][info][gc,metaspace   ] GC(512) Metaspace: 29114K(29440K)->29114K(29440K) NonClass: 24224K(24384K)->24224K(24384K) Class: 4890K(5056K)->4890K(5056K)
[2282.040s][info][gc             ] GC(512) Pause Young (Allocation Failure) 4082M->1776M(6113M) 95.626ms
[2282.040s][info][gc,cpu         ] GC(512) User=0.56s Sys=0.00s Real=0.10s
.........[2290.616s][info][gc,start       ] GC(513) Pause Young (Allocation Failure)
[2290.709s][info][gc,heap        ] GC(513) PSYoungGen: 2598195K(2621440K)->138272K(2627072K) Eden: 2455040K(2455040K)->0K(2463744K) From: 143155K(166400K)->138272K(163328K)
[2290.709s][info][gc,heap        ] GC(513) ParOldGen: 1676282K(3638784K)->1768402K(3638784K)
[2290.709s][info][gc,metaspace   ] GC(513) Metaspace: 29114K(29440K)->29114K(29440K) NonClass: 24224K(24384K)->24224K(24384K) Class: 4890K(5056K)->4890K(5056K)
[2290.709s][info][gc             ] GC(513) Pause Young (Allocation Failure) 4174M->1861M(6119M) 93.419ms
[2290.709s][info][gc,cpu         ] GC(513) User=0.54s Sys=0.01s Real=0.10s
.........[2299.223s][info][gc,start       ] GC(514) Pause Young (Allocation Failure)
[2299.315s][info][gc,heap        ] GC(514) PSYoungGen: 2602016K(2627072K)->137216K(2627584K) Eden: 2463744K(2463744K)->0K(2463744K) From: 138272K(163328K)->137216K(163840K)
[2299.315s][info][gc,heap        ] GC(514) ParOldGen: 1768402K(3638784K)->1860746K(3638784K)
[2299.315s][info][gc,metaspace   ] GC(514) Metaspace: 29114K(29440K)->29114K(29440K) NonClass: 24224K(24384K)->24224K(24384K) Class: 4890K(5056K)->4890K(5056K)
[2299.315s][info][gc             ] GC(514) Pause Young (Allocation Failure) 4267M->1951M(6119M) 92.481ms
[2299.315s][info][gc,cpu         ] GC(514) User=0.55s Sys=0.00s Real=0.09s
........[2307.850s][info][gc,start       ] GC(515) Pause Young (Allocation Failure)
[2307.944s][info][gc,heap        ] GC(515) PSYoungGen: 2600960K(2627584K)->137888K(2630144K) Eden: 2463744K(2463744K)->0K(2470912K) From: 137216K(163840K)->137888K(159232K)
[2307.944s][info][gc,heap        ] GC(515) ParOldGen: 1860746K(3638784K)->1953322K(3638784K)
[2307.944s][info][gc,metaspace   ] GC(515) Metaspace: 29114K(29440K)->29114K(29440K) NonClass: 24224K(24384K)->24224K(24384K) Class: 4890K(5056K)->4890K(5056K)
[2307.944s][info][gc             ] GC(515) Pause Young (Allocation Failure) 4357M->2042M(6122M) 93.906ms
[2307.944s][info][gc,cpu         ] GC(515) User=0.55s Sys=0.00s Real=0.09s
..... (rIR:aIR:PR = 2352:2350:2350) (tPR = 34765) [OK] 
  2311s: Performance info:
         Transaction,    Success,    Partial,     Failed,   Receipts, AvgBarcode, 
             Overall,     141221,          0,          0,     134147,      59.47, 
         Response times:
             Request,    Success,    Partial,     Failed,   SkipFail,     Probes,    Samples,      min,      p50,      p90,      p95,      p99,      max, 
       TotalPurchase,     134147,          0,          0,          0,     131090,     145981,      300,     2000,     3000,     3300,     5900,   112000,
     InStorePurchase,      70585,          0,          0,          0,      69261,      76917,      300,     1900,     3000,     3300,     6600,   109000,
      OnlinePurchase,      49422,          0,          0,          0,      48175,      53598,      300,     1900,     3000,     3300,     5100,   110000,
        InstPurchase,      14140,          0,          0,          0,      13654,      15466,      400,     2100,     3100,     3400,     6200,   112000,
          AssocOfCat,        142,          0,          0,          0,        100,        154,    16300,    23000,    29000,    32000,   110050,   126000,
      AssocOfProduct,       1411,          0,          0,          0,       1251,       1558,      400,     2400,     3400,     3700,     4900,   101000,
      BusinessReport,        353,          0,          0,          0,        283,        387,    18500,    28000,    35000,    37600,    80000,   132000,
          CustBuyBeh,       1420,          0,          0,          0,       1278,       1563,      200,     2100,     2900,     3200,     4608,    97000,
       ProductReturn,       3748,          0,          0,          0,       3497,       4042,      200,     1100,     2900,     3200,     4200,   104000,

  2311s: (18%)   IR =   2491 ....[2316.256s][info][gc,start       ] GC(516) Pause Young (Allocation Failure)
[2316.352s][info][gc,heap        ] GC(516) PSYoungGen: 2608800K(2630144K)->141845K(2630144K) Eden: 2470912K(2470912K)->0K(2470912K) From: 137888K(159232K)->141845K(159232K)
[2316.352s][info][gc,heap        ] GC(516) ParOldGen: 1953322K(3638784K)->2045322K(3638784K)
[2316.352s][info][gc,metaspace   ] GC(516) Metaspace: 29114K(29440K)->29114K(29440K) NonClass: 24224K(24384K)->24224K(24384K) Class: 4890K(5056K)->4890K(5056K)
[2316.352s][info][gc             ] GC(516) Pause Young (Allocation Failure) 4455M->2135M(6122M) 95.297ms
[2316.352s][info][gc,cpu         ] GC(516) User=0.56s Sys=0.00s Real=0.10s
.|.......[2324.486s][info][gc,start       ] GC(517) Pause Young (Allocation Failure)
[2324.585s][info][gc,heap        ] GC(517) PSYoungGen: 2612757K(2630144K)->143268K(2635776K) Eden: 2470912K(2470912K)->0K(2477056K) From: 141845K(159232K)->143268K(158720K)
[2324.585s][info][gc,heap        ] GC(517) ParOldGen: 2045322K(3638784K)->2137474K(3638784K)
[2324.585s][info][gc,metaspace   ] GC(517) Metaspace: 29114K(29440K)->29114K(29440K) NonClass: 24224K(24384K)->24224K(24384K) Class: 4890K(5056K)->4890K(5056K)
[2324.585s][info][gc             ] GC(517) Pause Young (Allocation Failure) 4548M->2227M(6127M) 99.390ms
[2324.585s][info][gc,cpu         ] GC(517) User=0.56s Sys=0.03s Real=0.10s
........[2332.577s][info][gc,start       ] GC(518) Pause Young (Allocation Failure)
[2332.671s][info][gc,heap        ] GC(518) PSYoungGen: 2620324K(2635776K)->137728K(2614784K) Eden: 2477056K(2477056K)->0K(2477056K) From: 143268K(158720K)->137728K(137728K)
[2332.671s][info][gc,heap        ] GC(518) ParOldGen: 2137474K(3638784K)->2230258K(3638784K)
[2332.671s][info][gc,metaspace   ] GC(518) Metaspace: 29114K(29440K)->29114K(29440K) NonClass: 24224K(24384K)->24224K(24384K) Class: 4890K(5056K)->4890K(5056K)
[2332.671s][info][gc             ] GC(518) Pause Young (Allocation Failure) 4646M->2312M(6107M) 93.964ms
[2332.671s][info][gc,cpu         ] GC(518) User=0.55s Sys=0.01s Real=0.10s
........[2340.765s][info][gc,start       ] GC(519) Pause Young (Allocation Failure)
[2340.860s][info][gc,heap        ] GC(519) PSYoungGen: 2614784K(2614784K)->138144K(2637312K) Eden: 2477056K(2477056K)->0K(2480128K) From: 137728K(137728K)->138144K(157184K)
[2340.860s][info][gc,heap        ] GC(519) ParOldGen: 2230258K(3638784K)->2322234K(3638784K)
[2340.860s][info][gc,metaspace   ] GC(519) Metaspace: 29114K(29440K)->29114K(29440K) NonClass: 24224K(24384K)->24224K(24384K) Class: 4890K(5056K)->4890K(5056K)
[2340.860s][info][gc             ] GC(519) Pause Young (Allocation Failure) 4731M->2402M(6129M) 94.601ms
[2340.860s][info][gc,cpu         ] GC(519) User=0.55s Sys=0.00s Real=0.10s
.........[2349.114s][info][gc,start       ] GC(520) Pause Young (Allocation Failure)
[2349.211s][info][gc,heap        ] GC(520) PSYoungGen: 2618272K(2637312K)->146069K(2635264K) Eden: 2480128K(2480128K)->0K(2480128K) From: 138144K(157184K)->146069K(155136K)
[2349.211s][info][gc,heap        ] GC(520) ParOldGen: 2322234K(3638784K)->2413826K(3638784K)
[2349.211s][info][gc,metaspace   ] GC(520) Metaspace: 29117K(29440K)->29117K(29440K) NonClass: 24227K(24384K)->24227K(24384K) Class: 4890K(5056K)->4890K(5056K)
[2349.211s][info][gc             ] GC(520) Pause Young (Allocation Failure) 4824M->2499M(6127M) 97.064ms
[2349.211s][info][gc,cpu         ] GC(520) User=0.57s Sys=0.00s Real=0.10s
........[2357.185s][info][gc,start       ] GC(521) Pause Young (Allocation Failure)
[2357.279s][info][gc,heap        ] GC(521) PSYoungGen: 2626197K(2635264K)->138144K(2638336K) Eden: 2480128K(2480128K)->0K(2484224K) From: 146069K(155136K)->138144K(154112K)
[2357.279s][info][gc,heap        ] GC(521) ParOldGen: 2413826K(3638784K)->2507434K(3638784K)
[2357.279s][info][gc,metaspace   ] GC(521) Metaspace: 29117K(29440K)->29117K(29440K) NonClass: 24227K(24384K)->24227K(24384K) Class: 4890K(5056K)->4890K(5056K)
[2357.279s][info][gc             ] GC(521) Pause Young (Allocation Failure) 4921M->2583M(6130M) 94.182ms
[2357.279s][info][gc,cpu         ] GC(521) User=0.56s Sys=0.00s Real=0.10s
........[2365.373s][info][gc,start       ] GC(522) Pause Young (Allocation Failure)
[2365.469s][info][gc,heap        ] GC(522) PSYoungGen: 2622368K(2638336K)->141652K(2638848K) Eden: 2484224K(2484224K)->0K(2484224K) From: 138144K(154112K)->141652K(154624K)
[2365.470s][info][gc,heap        ] GC(522) ParOldGen: 2507434K(3638784K)->2598554K(3638784K)
[2365.470s][info][gc,metaspace   ] GC(522) Metaspace: 29117K(29440K)->29117K(29440K) NonClass: 24227K(24384K)->24227K(24384K) Class: 4890K(5056K)->4890K(5056K)
[2365.470s][info][gc             ] GC(522) Pause Young (Allocation Failure) 5009M->2675M(6130M) 96.136ms
[2365.470s][info][gc,cpu         ] GC(522) User=0.57s Sys=0.01s Real=0.10s
........[2373.543s][info][gc,start       ] GC(523) Pause Young (Allocation Failure)
[2373.638s][info][gc,heap        ] GC(523) PSYoungGen: 2625876K(2638848K)->137824K(2638336K) Eden: 2484224K(2484224K)->0K(2486784K) From: 141652K(154624K)->137824K(151552K)
[2373.638s][info][gc,heap        ] GC(523) ParOldGen: 2598554K(3638784K)->2691114K(3638784K)
[2373.638s][info][gc,metaspace   ] GC(523) Metaspace: 29117K(29440K)->29117K(29440K) NonClass: 24227K(24384K)->24227K(24384K) Class: 4890K(5056K)->4890K(5056K)
[2373.638s][info][gc             ] GC(523) Pause Young (Allocation Failure) 5101M->2762M(6130M) 94.893ms
[2373.638s][info][gc,cpu         ] GC(523) User=0.56s Sys=0.00s Real=0.09s
.... (rIR:aIR:PR = 2491:2490:2490) (tPR = 37414) [OK] 
  2376s: Performance info:
         Transaction,    Success,    Partial,     Failed,   Receipts, AvgBarcode, 
             Overall,     149461,          0,          0,     141998,      59.47, 
         Response times:
             Request,    Success,    Partial,     Failed,   SkipFail,     Probes,    Samples,      min,      p50,      p90,      p95,      p99,      max, 
       TotalPurchase,     141994,          0,          0,          0,     139051,     152105,      300,     2000,     3200,     3500,     7000,   124000,
     InStorePurchase,      74728,          0,          0,          0,      73286,      79810,      300,     2000,     3200,     3500,     7000,   124000,
      OnlinePurchase,      52308,          0,          0,          0,      51386,      56242,      300,     2100,     3200,     3500,     7000,   124000,
        InstPurchase,      14958,          0,          0,          0,      14379,      16053,      400,     1900,     3100,     3500,     6200,   103000,
          AssocOfCat,        152,          0,          0,          0,        113,        179,    17100,    24000,    27000,    31000,    35400,    37000,
      AssocOfProduct,       1493,          0,          0,          0,       1344,       1605,      500,     2900,     3600,     4100,    13700,   104000,
      BusinessReport,        379,          0,          0,          0,        317,        393,    17600,    29000,    35000,    40300,   127120,   135000,
          CustBuyBeh,       1491,          0,          0,          0,       1335,       1609,      200,     2600,     3300,     3600,     9850,    98000,
       ProductReturn,       3951,          0,          0,          0,       3724,       4222,      200,     2400,     3300,     3700,    12954,   105000,

  2376s: (19%)   IR =   2629 ....[2381.450s][info][gc,start       ] GC(524) Pause Young (Allocation Failure)
[2381.546s][info][gc,heap        ] GC(524) PSYoungGen: 2624608K(2638336K)->138624K(2639872K) Eden: 2486784K(2486784K)->0K(2486784K) From: 137824K(151552K)->138624K(153088K)
[2381.546s][info][gc,heap        ] GC(524) ParOldGen: 2691114K(3638784K)->2783986K(3638784K)
[2381.546s][info][gc,metaspace   ] GC(524) Metaspace: 29117K(29440K)->29117K(29440K) NonClass: 24227K(24384K)->24227K(24384K) Class: 4890K(5056K)->4890K(5056K)
[2381.546s][info][gc             ] GC(524) Pause Young (Allocation Failure) 5191M->2854M(6131M) 95.128ms
[2381.546s][info][gc,cpu         ] GC(524) User=0.56s Sys=0.00s Real=0.09s
.|.......[2389.276s][info][gc,start       ] GC(525) Pause Young (Allocation Failure)
[2389.371s][info][gc,heap        ] GC(525) PSYoungGen: 2625408K(2639872K)->137920K(2640896K) Eden: 2486784K(2486784K)->0K(2491392K) From: 138624K(153088K)->137920K(149504K)
[2389.371s][info][gc,heap        ] GC(525) ParOldGen: 2783986K(3638784K)->2875898K(3638784K)
[2389.371s][info][gc,metaspace   ] GC(525) Metaspace: 29117K(29440K)->29117K(29440K) NonClass: 24227K(24384K)->24227K(24384K) Class: 4890K(5056K)->4890K(5056K)
[2389.371s][info][gc             ] GC(525) Pause Young (Allocation Failure) 5282M->2943M(6132M) 94.426ms
[2389.371s][info][gc,cpu         ] GC(525) User=0.55s Sys=0.01s Real=0.10s
.......[2397.022s][info][gc,start       ] GC(526) Pause Young (Allocation Failure)
[2397.118s][info][gc,heap        ] GC(526) PSYoungGen: 2629312K(2640896K)->139264K(2641920K) Eden: 2491392K(2491392K)->0K(2491392K) From: 137920K(149504K)->139264K(150528K)
[2397.118s][info][gc,heap        ] GC(526) ParOldGen: 2875898K(3638784K)->2969178K(3638784K)
[2397.118s][info][gc,metaspace   ] GC(526) Metaspace: 29117K(29440K)->29117K(29440K) NonClass: 24227K(24384K)->24227K(24384K) Class: 4890K(5056K)->4890K(5056K)
[2397.118s][info][gc             ] GC(526) Pause Young (Allocation Failure) 5376M->3035M(6133M) 95.902ms
[2397.118s][info][gc,cpu         ] GC(526) User=0.57s Sys=0.00s Real=0.09s
........[2404.736s][info][gc,start       ] GC(527) Pause Young (Allocation Failure)
[2404.833s][info][gc,heap        ] GC(527) PSYoungGen: 2630656K(2641920K)->138784K(2643456K) Eden: 2491392K(2491392K)->0K(2496000K) From: 139264K(150528K)->138784K(147456K)
[2404.833s][info][gc,heap        ] GC(527) ParOldGen: 2969178K(3638784K)->3061330K(3638784K)
[2404.833s][info][gc,metaspace   ] GC(527) Metaspace: 29117K(29440K)->29117K(29440K) NonClass: 24227K(24384K)->24227K(24384K) Class: 4890K(5056K)->4890K(5056K)
[2404.833s][info][gc             ] GC(527) Pause Young (Allocation Failure) 5468M->3125M(6135M) 96.576ms
[2404.833s][info][gc,cpu         ] GC(527) User=0.57s Sys=0.00s Real=0.10s
........[2412.545s][info][gc,start       ] GC(528) Pause Young (Allocation Failure)
[2412.640s][info][gc,heap        ] GC(528) PSYoungGen: 2634784K(2643456K)->138752K(2644480K) Eden: 2496000K(2496000K)->0K(2496000K) From: 138784K(147456K)->138752K(148480K)
[2412.640s][info][gc,heap        ] GC(528) ParOldGen: 3061330K(3638784K)->3153474K(3638784K)
[2412.640s][info][gc,metaspace   ] GC(528) Metaspace: 29117K(29440K)->29117K(29440K) NonClass: 24227K(24384K)->24227K(24384K) Class: 4890K(5056K)->4890K(5056K)
[2412.640s][info][gc             ] GC(528) Pause Young (Allocation Failure) 5562M->3215M(6136M) 94.535ms
[2412.640s][info][gc,cpu         ] GC(528) User=0.55s Sys=0.01s Real=0.10s
........[2420.284s][info][gc,start       ] GC(529) Pause Young (Allocation Failure)
[2420.381s][info][gc,heap        ] GC(529) PSYoungGen: 2634752K(2644480K)->140816K(2647552K) Eden: 2496000K(2496000K)->0K(2500096K) From: 138752K(148480K)->140816K(147456K)
[2420.381s][info][gc,heap        ] GC(529) ParOldGen: 3153474K(3638784K)->3246650K(3638784K)
[2420.381s][info][gc,metaspace   ] GC(529) Metaspace: 29117K(29440K)->29117K(29440K) NonClass: 24227K(24384K)->24227K(24384K) Class: 4890K(5056K)->4890K(5056K)
[2420.381s][info][gc             ] GC(529) Pause Young (Allocation Failure) 5652M->3308M(6139M) 97.422ms
[2420.381s][info][gc,cpu         ] GC(529) User=0.56s Sys=0.01s Real=0.10s
.......[2428.102s][info][gc,start       ] GC(530) Pause Young (Allocation Failure)
[2428.200s][info][gc,heap        ] GC(530) PSYoungGen: 2640912K(2647552K)->144384K(2647552K) Eden: 2500096K(2500096K)->0K(2500096K) From: 140816K(147456K)->144384K(147456K)
[2428.200s][info][gc,heap        ] GC(530) ParOldGen: 3246650K(3638784K)->3338010K(3638784K)
[2428.200s][info][gc,metaspace   ] GC(530) Metaspace: 29117K(29440K)->29117K(29440K) NonClass: 24227K(24384K)->24227K(24384K) Class: 4890K(5056K)->4890K(5056K)
[2428.200s][info][gc             ] GC(530) Pause Young (Allocation Failure) 5749M->3400M(6139M) 98.459ms
[2428.201s][info][gc,cpu         ] GC(530) User=0.58s Sys=0.00s Real=0.10s
........[2435.953s][info][gc,start       ] GC(531) Pause Young (Allocation Failure)
[2436.048s][info][gc,heap        ] GC(531) PSYoungGen: 2644480K(2647552K)->139680K(2648064K) Eden: 2500096K(2500096K)->0K(2499584K) From: 144384K(147456K)->139680K(148480K)
[2436.048s][info][gc,heap        ] GC(531) ParOldGen: 3338010K(3638784K)->3430586K(3638784K)
[2436.048s][info][gc,metaspace   ] GC(531) Metaspace: 29117K(29440K)->29117K(29440K) NonClass: 24227K(24384K)->24227K(24384K) Class: 4890K(5056K)->4890K(5056K)
[2436.048s][info][gc             ] GC(531) Pause Young (Allocation Failure) 5842M->3486M(6139M) 95.432ms
[2436.048s][info][gc,cpu         ] GC(531) User=0.56s Sys=0.00s Real=0.09s
....... (rIR:aIR:PR = 2629:2628:2628) (tPR = 39172) [OK] 
  2442s: Performance info:
         Transaction,    Success,    Partial,     Failed,   Receipts, AvgBarcode, 
             Overall,     157889,          0,          0,     149991,      59.47, 
         Response times:
             Request,    Success,    Partial,     Failed,   SkipFail,     Probes,    Samples,      min,      p50,      p90,      p95,      p99,      max, 
       TotalPurchase,     149991,          0,          0,          0,     147047,     160204,      300,     2100,     3300,     3600,     7095,   117000,
     InStorePurchase,      78934,          0,          0,          0,      77613,      84386,      300,     2000,     3200,     3600,     6800,   102000,
      OnlinePurchase,      55285,          0,          0,          0,      54130,      58954,      300,     2300,     3300,     3700,     8100,   102000,
        InstPurchase,      15772,          0,          0,          0,      15304,      16864,      400,     2000,     3200,     3600,     5900,   117000,
          AssocOfCat,        158,          0,          0,          0,        120,        160,    16100,    24000,    30000,    32950,    43390,    44000,
      AssocOfProduct,       1582,          0,          0,          0,       1430,       1689,      600,     2400,     3300,     3600,     4810,   101000,
      BusinessReport,        392,          0,          0,          0,        322,        435,    17700,    29000,    35400,    39000,    68720,   140000,
          CustBuyBeh,       1583,          0,          0,          0,       1420,       1649,      200,     2500,     3300,     3800,    12050,   100000,
       ProductReturn,       4183,          0,          0,          0,       4015,       4586,      300,     2500,     3400,     3800,    10613,   101000,

  2442s: (20%)   IR =   2767 .[2443.784s][info][gc,start       ] GC(532) Pause Young (Allocation Failure)
[2443.881s][info][gc,heap        ] GC(532) PSYoungGen: 2639264K(2648064K)->141568K(2647552K) Eden: 2499584K(2499584K)->0K(2499584K) From: 139680K(148480K)->141568K(147968K)
[2443.881s][info][gc,heap        ] GC(532) ParOldGen: 3430586K(3638784K)->3523042K(3638784K)
[2443.881s][info][gc,metaspace   ] GC(532) Metaspace: 29117K(29440K)->29117K(29440K) NonClass: 24227K(24384K)->24227K(24384K) Class: 4890K(5056K)->4890K(5056K)
[2443.881s][info][gc             ] GC(532) Pause Young (Allocation Failure) 5927M->3578M(6139M) 96.766ms
[2443.881s][info][gc,cpu         ] GC(532) User=0.56s Sys=0.01s Real=0.10s
....|....[2451.274s][info][gc,start       ] GC(533) Pause Young (Allocation Failure)
[2451.370s][info][gc,heap        ] GC(533) PSYoungGen: 2641152K(2647552K)->139424K(2646528K) Eden: 2499584K(2499584K)->0K(2500096K) From: 141568K(147968K)->139424K(146432K)
[2451.370s][info][gc,heap        ] GC(533) ParOldGen: 3523042K(3638784K)->3617026K(3638784K)
[2451.370s][info][gc,metaspace   ] GC(533) Metaspace: 29117K(29440K)->29117K(29440K) NonClass: 24227K(24384K)->24227K(24384K) Class: 4890K(5056K)->4890K(5056K)
[2451.370s][info][gc             ] GC(533) Pause Young (Allocation Failure) 6019M->3668M(6138M) 95.489ms
[2451.370s][info][gc,cpu         ] GC(533) User=0.56s Sys=0.00s Real=0.10s
.......[2458.741s][info][gc,start       ] GC(534) Pause Young (Allocation Failure)
[2458.840s][info][gc,heap        ] GC(534) PSYoungGen: 2639520K(2646528K)->139776K(2647040K) Eden: 2500096K(2500096K)->0K(2500096K) From: 139424K(146432K)->139776K(146944K)
[2458.840s][info][gc,heap        ] GC(534) ParOldGen: 3617026K(3638784K)->3710466K(3710976K)
[2458.840s][info][gc,metaspace   ] GC(534) Metaspace: 29117K(29440K)->29117K(29440K) NonClass: 24227K(24384K)->24227K(24384K) Class: 4890K(5056K)->4890K(5056K)
[2458.840s][info][gc             ] GC(534) Pause Young (Allocation Failure) 6109M->3760M(6209M) 99.128ms
[2458.840s][info][gc,cpu         ] GC(534) User=0.57s Sys=0.02s Real=0.10s
.......[2466.150s][info][gc,start       ] GC(535) Pause Young (Allocation Failure)
[2466.251s][info][gc,heap        ] GC(535) PSYoungGen: 2639872K(2647040K)->140768K(2648064K) Eden: 2500096K(2500096K)->0K(2502656K) From: 139776K(146944K)->140768K(145408K)
[2466.251s][info][gc,heap        ] GC(535) ParOldGen: 3710466K(3710976K)->3803234K(3803648K)
[2466.251s][info][gc,metaspace   ] GC(535) Metaspace: 29117K(29440K)->29117K(29440K) NonClass: 24227K(24384K)->24227K(24384K) Class: 4890K(5056K)->4890K(5056K)
[2466.251s][info][gc             ] GC(535) Pause Young (Allocation Failure) 6201M->3851M(6300M) 100.421ms
[2466.251s][info][gc,cpu         ] GC(535) User=0.57s Sys=0.03s Real=0.10s
........[2473.584s][info][gc,start       ] GC(536) Pause Young (Allocation Failure)
[2473.685s][info][gc,heap        ] GC(536) PSYoungGen: 2643424K(2648064K)->139232K(2648576K) Eden: 2502656K(2502656K)->0K(2502656K) From: 140768K(145408K)->139232K(145920K)
[2473.685s][info][gc,heap        ] GC(536) ParOldGen: 3803234K(3803648K)->3895786K(3895808K)
[2473.685s][info][gc,metaspace   ] GC(536) Metaspace: 29117K(29440K)->29117K(29440K) NonClass: 24227K(24384K)->24227K(24384K) Class: 4890K(5056K)->4890K(5056K)
[2473.685s][info][gc             ] GC(536) Pause Young (Allocation Failure) 6295M->3940M(6391M) 100.644ms
[2473.685s][info][gc,cpu         ] GC(536) User=0.57s Sys=0.03s Real=0.10s
.......[2481.013s][info][gc,start       ] GC(537) Pause Young (Allocation Failure)
[2481.113s][info][gc,heap        ] GC(537) PSYoungGen: 2641888K(2648576K)->140352K(2650112K) Eden: 2502656K(2502656K)->0K(2504704K) From: 139232K(145920K)->140352K(145408K)
[2481.113s][info][gc,heap        ] GC(537) ParOldGen: 3895786K(3895808K)->3988554K(3988992K)
[2481.113s][info][gc,metaspace   ] GC(537) Metaspace: 29117K(29440K)->29117K(29440K) NonClass: 24227K(24384K)->24227K(24384K) Class: 4890K(5056K)->4890K(5056K)
[2481.113s][info][gc             ] GC(537) Pause Young (Allocation Failure) 6384M->4032M(6483M) 99.911ms
[2481.113s][info][gc,cpu         ] GC(537) User=0.57s Sys=0.02s Real=0.10s
........[2488.402s][info][gc,start       ] GC(538) Pause Young (Allocation Failure)
[2488.501s][info][gc,heap        ] GC(538) PSYoungGen: 2645056K(2650112K)->137408K(2650112K) Eden: 2504704K(2504704K)->0K(2504704K) From: 140352K(145408K)->137408K(145408K)
[2488.501s][info][gc,heap        ] GC(538) ParOldGen: 3988554K(3988992K)->4080866K(4081152K)
[2488.501s][info][gc,metaspace   ] GC(538) Metaspace: 29117K(29440K)->29117K(29440K) NonClass: 24227K(24384K)->24227K(24384K) Class: 4890K(5056K)->4890K(5056K)
[2488.501s][info][gc             ] GC(538) Pause Young (Allocation Failure) 6478M->4119M(6573M) 99.165ms
[2488.501s][info][gc,cpu         ] GC(538) User=0.56s Sys=0.02s Real=0.10s
.......[2495.772s][info][gc,start       ] GC(539) Pause Young (Allocation Failure)
[2495.874s][info][gc,heap        ] GC(539) PSYoungGen: 2642112K(2650112K)->138080K(2649600K) Eden: 2504704K(2504704K)->0K(2505216K) From: 137408K(145408K)->138080K(144384K)
[2495.874s][info][gc,heap        ] GC(539) ParOldGen: 4080866K(4081152K)->4173826K(4174336K)
[2495.874s][info][gc,metaspace   ] GC(539) Metaspace: 29117K(29440K)->29117K(29440K) NonClass: 24227K(24384K)->24227K(24384K) Class: 4890K(5056K)->4890K(5056K)
[2495.874s][info][gc             ] GC(539) Pause Young (Allocation Failure) 6565M->4210M(6664M) 101.935ms
[2495.874s][info][gc,cpu         ] GC(539) User=0.58s Sys=0.02s Real=0.10s
........[2503.303s][info][gc,start       ] GC(540) Pause Young (Allocation Failure)
[2503.404s][info][gc,heap        ] GC(540) PSYoungGen: 2643296K(2649600K)->140467K(2650112K) Eden: 2505216K(2505216K)->0K(2505216K) From: 138080K(144384K)->140467K(144896K)
[2503.404s][info][gc,heap        ] GC(540) ParOldGen: 4173826K(4174336K)->4265082K(4265472K)
[2503.404s][info][gc,metaspace   ] GC(540) Metaspace: 29117K(29440K)->29117K(29440K) NonClass: 24227K(24384K)->24227K(24384K) Class: 4890K(5056K)->4890K(5056K)
[2503.404s][info][gc             ] GC(540) Pause Young (Allocation Failure) 6657M->4302M(6753M) 100.629ms
[2503.404s][info][gc,cpu         ] GC(540) User=0.56s Sys=0.03s Real=0.10s
.... (rIR:aIR:PR = 2767:2767:2767) (tPR = 41350) [OK] 
  2507s: Performance info:
         Transaction,    Success,    Partial,     Failed,   Receipts, AvgBarcode, 
             Overall,     166163,          0,          0,     157850,      59.46, 
         Response times:
             Request,    Success,    Partial,     Failed,   SkipFail,     Probes,    Samples,      min,      p50,      p90,      p95,      p99,      max, 
       TotalPurchase,     157850,          0,          0,          0,     154469,     168581,      300,     2200,     3400,     3800,     8200,   121000,
     InStorePurchase,      83083,          0,          0,          0,      81587,      88837,      300,     2200,     3400,     3800,     8600,   121000,
      OnlinePurchase,      58135,          0,          0,          0,      56977,      62186,      300,     2300,     3400,     3800,     8600,   111000,
        InstPurchase,      16632,          0,          0,          0,      15905,      17558,      400,     2000,     3300,     3600,     7400,   105000,
          AssocOfCat,        166,          0,          0,          0,        123,        178,    17700,    24000,    30000,    33000,    34630,    37000,
      AssocOfProduct,       1663,          0,          0,          0,       1494,       1726,      900,     2800,     3600,     3900,     9784,   104000,
      BusinessReport,        411,          0,          0,          0,        318,        440,    18400,    30000,    35000,    38000,    47180,    54000,
          CustBuyBeh,       1660,          0,          0,          0,       1477,       1780,      200,     2000,     3500,     3900,    10519,   107000,
       ProductReturn,       4413,          0,          0,          0,       4089,       4674,      200,     1800,     3300,     3600,     8725,   104000,

  2507s: (21%)   IR =   2906 ...[2510.594s][info][gc,start       ] GC(541) Pause Young (Allocation Failure)
[2510.695s][info][gc,heap        ] GC(541) PSYoungGen: 2645683K(2650112K)->139200K(2650112K) Eden: 2505216K(2505216K)->0K(2506240K) From: 140467K(144896K)->139200K(143872K)
[2510.695s][info][gc,heap        ] GC(541) ParOldGen: 4265082K(4265472K)->4358370K(4358656K)
[2510.695s][info][gc,metaspace   ] GC(541) Metaspace: 29117K(29440K)->29117K(29440K) NonClass: 24227K(24384K)->24227K(24384K) Class: 4890K(5056K)->4890K(5056K)
[2510.695s][info][gc             ] GC(541) Pause Young (Allocation Failure) 6748M->4392M(6844M) 100.771ms
[2510.695s][info][gc,cpu         ] GC(541) User=0.56s Sys=0.03s Real=0.10s
..|.....[2517.645s][info][gc,start       ] GC(542) Pause Young (Allocation Failure)
[2517.745s][info][gc,heap        ] GC(542) PSYoungGen: 2645440K(2650112K)->139520K(2650624K) Eden: 2506240K(2506240K)->0K(2506240K) From: 139200K(143872K)->139520K(144384K)
[2517.745s][info][gc,heap        ] GC(542) ParOldGen: 4358370K(4358656K)->4451602K(4451840K)
[2517.745s][info][gc,metaspace   ] GC(542) Metaspace: 29117K(29440K)->29117K(29440K) NonClass: 24227K(24384K)->24227K(24384K) Class: 4890K(5056K)->4890K(5056K)
[2517.745s][info][gc             ] GC(542) Pause Young (Allocation Failure) 6839M->4483M(6936M) 100.453ms
[2517.745s][info][gc,cpu         ] GC(542) User=0.56s Sys=0.02s Real=0.10s
....[2522.017s][info][gc,start       ] GC(543) Pause Full (Diagnostic Command)
[2522.017s][info][gc,phases,start] GC(543) Marking Phase
[2522.303s][info][gc,phases      ] GC(543) Marking Phase 286.343ms
[2522.303s][info][gc,phases,start] GC(543) Summary Phase
[2522.303s][info][gc,phases      ] GC(543) Summary Phase 0.071ms
[2522.303s][info][gc,phases,start] GC(543) Forward
[2522.493s][info][gc,phases      ] GC(543) Forward 189.649ms
[2522.493s][info][gc,phases,start] GC(543) Adjust Pointers
[2522.695s][info][gc,phases      ] GC(543) Adjust Pointers 202.506ms
[2522.695s][info][gc,phases,start] GC(543) Compaction Phase
[2522.861s][info][gc,phases      ] GC(543) Compaction Phase 165.265ms
[2522.863s][info][gc,phases,start] GC(543) Post Compact
[2522.869s][info][gc,phases      ] GC(543) Post Compact 5.346ms
[2522.869s][info][gc,heap        ] GC(543) PSYoungGen: 1691722K(2650624K)->0K(2650624K) Eden: 1552202K(2506240K)->0K(2506240K) From: 139520K(144384K)->0K(144384K)
[2522.869s][info][gc,heap        ] GC(543) ParOldGen: 4451602K(4451840K)->1131145K(4451840K)
[2522.869s][info][gc,metaspace   ] GC(543) Metaspace: 29117K(29440K)->29117K(29440K) NonClass: 24227K(24384K)->24227K(24384K) Class: 4890K(5056K)->4890K(5056K)
[2522.869s][info][gc             ] GC(543) Pause Full (Diagnostic Command) 5999M->1104M(6936M) 852.106ms
[2522.869s][info][gc,cpu         ] GC(543) User=4.38s Sys=0.00s Real=0.86s
.......[2528.998s][info][gc,start       ] GC(544) Pause Young (Allocation Failure)
[2529.062s][info][gc,heap        ] GC(544) PSYoungGen: 2506240K(2650624K)->139776K(2650624K) Eden: 2506240K(2506240K)->0K(2507776K) From: 0K(144384K)->139776K(142848K)
[2529.062s][info][gc,heap        ] GC(544) ParOldGen: 1131145K(4451840K)->1131145K(4451840K)
[2529.062s][info][gc,metaspace   ] GC(544) Metaspace: 29117K(29440K)->29117K(29440K) NonClass: 24227K(24384K)->24227K(24384K) Class: 4890K(5056K)->4890K(5056K)
[2529.062s][info][gc             ] GC(544) Pause Young (Allocation Failure) 3552M->1241M(6936M) 63.401ms
[2529.062s][info][gc,cpu         ] GC(544) User=0.37s Sys=0.00s Real=0.07s
.......[2536.052s][info][gc,start       ] GC(545) Pause Young (Allocation Failure)
[2536.148s][info][gc,heap        ] GC(545) PSYoungGen: 2647552K(2650624K)->143348K(2651136K) Eden: 2507776K(2507776K)->0K(2507776K) From: 139776K(142848K)->143348K(143360K)
[2536.148s][info][gc,heap        ] GC(545) ParOldGen: 1131145K(4451840K)->1224709K(4451840K)
[2536.148s][info][gc,metaspace   ] GC(545) Metaspace: 29117K(29440K)->29117K(29440K) NonClass: 24227K(24384K)->24227K(24384K) Class: 4890K(5056K)->4890K(5056K)
[2536.148s][info][gc             ] GC(545) Pause Young (Allocation Failure) 3690M->1335M(6936M) 96.156ms
[2536.148s][info][gc,cpu         ] GC(545) User=0.57s Sys=0.00s Real=0.09s
.......[2543.177s][info][gc,start       ] GC(546) Pause Young (Allocation Failure)
[2543.269s][info][gc,heap        ] GC(546) PSYoungGen: 2651124K(2651136K)->141280K(2585600K) Eden: 2507776K(2507776K)->0K(2440704K) From: 143348K(143360K)->141280K(144896K)
[2543.269s][info][gc,heap        ] GC(546) ParOldGen: 1224709K(4451840K)->1316629K(4451840K)
[2543.269s][info][gc,metaspace   ] GC(546) Metaspace: 29117K(29440K)->29117K(29440K) NonClass: 24227K(24384K)->24227K(24384K) Class: 4890K(5056K)->4890K(5056K)
[2543.269s][info][gc             ] GC(546) Pause Young (Allocation Failure) 3784M->1423M(6872M) 92.526ms
[2543.269s][info][gc,cpu         ] GC(546) User=0.54s Sys=0.01s Real=0.10s
.......[2549.997s][info][gc,start       ] GC(547) Pause Young (Allocation Failure)
[2550.089s][info][gc,heap        ] GC(547) PSYoungGen: 2581984K(2585600K)->136960K(2618368K) Eden: 2440704K(2440704K)->0K(2440704K) From: 141280K(144896K)->136960K(177664K)
[2550.089s][info][gc,heap        ] GC(547) ParOldGen: 1316629K(4451840K)->1410533K(4451840K)
[2550.089s][info][gc,metaspace   ] GC(547) Metaspace: 29117K(29440K)->29117K(29440K) NonClass: 24227K(24384K)->24227K(24384K) Class: 4890K(5056K)->4890K(5056K)
[2550.089s][info][gc             ] GC(547) Pause Young (Allocation Failure) 3807M->1511M(6904M) 91.838ms
[2550.089s][info][gc,cpu         ] GC(547) User=0.54s Sys=0.00s Real=0.10s
.......[2556.997s][info][gc,start       ] GC(548) Pause Young (Allocation Failure)
[2557.090s][info][gc,heap        ] GC(548) PSYoungGen: 2577664K(2618368K)->139200K(2614272K) Eden: 2440704K(2440704K)->0K(2441728K) From: 136960K(177664K)->139200K(172544K)
[2557.090s][info][gc,heap        ] GC(548) ParOldGen: 1410533K(4451840K)->1501701K(4451840K)
[2557.090s][info][gc,metaspace   ] GC(548) Metaspace: 29117K(29440K)->29117K(29440K) NonClass: 24227K(24384K)->24227K(24384K) Class: 4890K(5056K)->4890K(5056K)
[2557.090s][info][gc             ] GC(548) Pause Young (Allocation Failure) 3894M->1602M(6900M) 92.849ms
[2557.090s][info][gc,cpu         ] GC(548) User=0.55s Sys=0.00s Real=0.10s
......[2563.864s][info][gc,start       ] GC(549) Pause Young (Allocation Failure)
[2563.956s][info][gc,heap        ] GC(549) PSYoungGen: 2580928K(2614272K)->138144K(2616832K) Eden: 2441728K(2441728K)->0K(2441728K) From: 139200K(172544K)->138144K(175104K)
[2563.956s][info][gc,heap        ] GC(549) ParOldGen: 1501701K(4451840K)->1593925K(4451840K)
[2563.956s][info][gc,metaspace   ] GC(549) Metaspace: 29117K(29440K)->29117K(29440K) NonClass: 24227K(24384K)->24227K(24384K) Class: 4890K(5056K)->4890K(5056K)
[2563.956s][info][gc             ] GC(549) Pause Young (Allocation Failure) 3986M->1691M(6903M) 91.901ms
[2563.956s][info][gc,cpu         ] GC(549) User=0.54s Sys=0.00s Real=0.09s
.......[2570.784s][info][gc,start       ] GC(550) Pause Young (Allocation Failure)
[2570.880s][info][gc,heap        ] GC(550) PSYoungGen: 2579872K(2616832K)->141028K(2615808K) Eden: 2441728K(2441728K)->0K(2447360K) From: 138144K(175104K)->141028K(168448K)
[2570.880s][info][gc,heap        ] GC(550) ParOldGen: 1593925K(4451840K)->1685693K(4451840K)
[2570.880s][info][gc,metaspace   ] GC(550) Metaspace: 29117K(29440K)->29117K(29440K) NonClass: 24227K(24384K)->24227K(24384K) Class: 4890K(5056K)->4890K(5056K)
[2570.880s][info][gc             ] GC(550) Pause Young (Allocation Failure) 4075M->1783M(6902M) 96.131ms
[2570.880s][info][gc,cpu         ] GC(550) User=0.56s Sys=0.00s Real=0.10s
... (rIR:aIR:PR = 2906:2906:2906) (tPR = 43228) [OK] 
  2572s: Performance info:
         Transaction,    Success,    Partial,     Failed,   Receipts, AvgBarcode, 
             Overall,     176339,          0,          0,     167498,      59.48, 
         Response times:
             Request,    Success,    Partial,     Failed,   SkipFail,     Probes,    Samples,      min,      p50,      p90,      p95,      p99,      max, 
       TotalPurchase,     167505,          0,          0,          0,     163738,     178625,      300,     2300,     3700,     4400,   145000,   238000,
     InStorePurchase,      88198,          0,          0,          0,      86469,      94178,      300,     2200,     3700,     4300,   139000,   238000,
      OnlinePurchase,      61683,          0,          0,          0,      60298,      65724,      300,     2500,     3700,     4400,   156000,   237000,
        InstPurchase,      17624,          0,          0,          0,      16971,      18723,      400,     2300,     3600,     4400,   139000,   238000,
          AssocOfCat,        178,          0,          0,          0,        127,        172,    16700,    24000,    28700,    32350,   195290,   215000,
      AssocOfProduct,       1774,          0,          0,          0,       1565,       1832,      400,     2500,     3900,     4500,    98000,   218000,
      BusinessReport,        446,          0,          0,          0,        358,        471,    17900,    30000,    39000,    51400,   178800,   186000,
          CustBuyBeh,       1760,          0,          0,          0,       1537,       1837,      800,     2700,     3900,    10770,   201000,   228000,
       ProductReturn,       4686,          0,          0,          0,       4381,       5040,      200,     1900,     3300,     4000,   120000,   227000,

  2572s: (22%)   IR =   3044 ....|[2577.388s][info][gc,start       ] GC(551) Pause Young (Allocation Failure)
[2577.480s][info][gc,heap        ] GC(551) PSYoungGen: 2588388K(2615808K)->135520K(2618880K) Eden: 2447360K(2447360K)->0K(2447360K) From: 141028K(168448K)->135520K(171520K)
[2577.480s][info][gc,heap        ] GC(551) ParOldGen: 1685693K(4451840K)->1777581K(4451840K)
[2577.480s][info][gc,metaspace   ] GC(551) Metaspace: 29117K(29440K)->29117K(29440K) NonClass: 24227K(24384K)->24227K(24384K) Class: 4890K(5056K)->4890K(5056K)
[2577.480s][info][gc             ] GC(551) Pause Young (Allocation Failure) 4173M->1868M(6905M) 92.368ms
[2577.480s][info][gc,cpu         ] GC(551) User=0.55s Sys=0.00s Real=0.10s
......[2583.970s][info][gc,start       ] GC(552) Pause Young (Allocation Failure)
[2584.064s][info][gc,heap        ] GC(552) PSYoungGen: 2582880K(2618880K)->140210K(2619904K) Eden: 2447360K(2447360K)->0K(2453504K) From: 135520K(171520K)->140210K(166400K)
[2584.064s][info][gc,heap        ] GC(552) ParOldGen: 1777581K(4451840K)->1869693K(4451840K)
[2584.064s][info][gc,metaspace   ] GC(552) Metaspace: 29117K(29440K)->29117K(29440K) NonClass: 24227K(24384K)->24227K(24384K) Class: 4890K(5056K)->4890K(5056K)
[2584.065s][info][gc             ] GC(552) Pause Young (Allocation Failure) 4258M->1962M(6906M) 94.202ms
[2584.065s][info][gc,cpu         ] GC(552) User=0.55s Sys=0.00s Real=0.09s
.......[2590.690s][info][gc,start       ] GC(553) Pause Young (Allocation Failure)
[2590.782s][info][gc,heap        ] GC(553) PSYoungGen: 2593714K(2619904K)->138272K(2622464K) Eden: 2453504K(2453504K)->0K(2453504K) From: 140210K(166400K)->138272K(168960K)
[2590.782s][info][gc,heap        ] GC(553) ParOldGen: 1869693K(4451840K)->1961437K(4451840K)
[2590.782s][info][gc,metaspace   ] GC(553) Metaspace: 29117K(29440K)->29117K(29440K) NonClass: 24227K(24384K)->24227K(24384K) Class: 4890K(5056K)->4890K(5056K)
[2590.782s][info][gc             ] GC(553) Pause Young (Allocation Failure) 4358M->2050M(6908M) 91.566ms
[2590.782s][info][gc,cpu         ] GC(553) User=0.54s Sys=0.00s Real=0.09s
.......[2597.352s][info][gc,start       ] GC(554) Pause Young (Allocation Failure)
[2597.444s][info][gc,heap        ] GC(554) PSYoungGen: 2591776K(2622464K)->138912K(2622976K) Eden: 2453504K(2453504K)->0K(2459648K) From: 138272K(168960K)->138912K(163328K)
[2597.444s][info][gc,heap        ] GC(554) ParOldGen: 1961437K(4451840K)->2053709K(4451840K)
[2597.444s][info][gc,metaspace   ] GC(554) Metaspace: 29117K(29440K)->29117K(29440K) NonClass: 24227K(24384K)->24227K(24384K) Class: 4890K(5056K)->4890K(5056K)
[2597.444s][info][gc             ] GC(554) Pause Young (Allocation Failure) 4446M->2141M(6909M) 92.136ms
[2597.444s][info][gc,cpu         ] GC(554) User=0.55s Sys=0.00s Real=0.09s
......[2603.866s][info][gc,start       ] GC(555) Pause Young (Allocation Failure)
[2603.961s][info][gc,heap        ] GC(555) PSYoungGen: 2598560K(2622976K)->141168K(2625536K) Eden: 2459648K(2459648K)->0K(2459648K) From: 138912K(163328K)->141168K(165888K)
[2603.961s][info][gc,heap        ] GC(555) ParOldGen: 2053709K(4451840K)->2146365K(4451840K)
[2603.961s][info][gc,metaspace   ] GC(555) Metaspace: 29117K(29440K)->29117K(29440K) NonClass: 24227K(24384K)->24227K(24384K) Class: 4890K(5056K)->4890K(5056K)
[2603.961s][info][gc             ] GC(555) Pause Young (Allocation Failure) 4543M->2233M(6911M) 95.360ms
[2603.961s][info][gc,cpu         ] GC(555) User=0.57s Sys=0.00s Real=0.10s
.......[2610.551s][info][gc,start       ] GC(556) Pause Young (Allocation Failure)
[2610.644s][info][gc,heap        ] GC(556) PSYoungGen: 2600816K(2625536K)->137920K(2626560K) Eden: 2459648K(2459648K)->0K(2466304K) From: 141168K(165888K)->137920K(160256K)
[2610.644s][info][gc,heap        ] GC(556) ParOldGen: 2146365K(4451840K)->2237285K(4451840K)
[2610.644s][info][gc,metaspace   ] GC(556) Metaspace: 29117K(29440K)->29117K(29440K) NonClass: 24227K(24384K)->24227K(24384K) Class: 4890K(5056K)->4890K(5056K)
[2610.644s][info][gc             ] GC(556) Pause Young (Allocation Failure) 4635M->2319M(6912M) 92.328ms
[2610.644s][info][gc,cpu         ] GC(556) User=0.54s Sys=0.00s Real=0.09s
.......[2617.233s][info][gc,start       ] GC(557) Pause Young (Allocation Failure)
[2617.326s][info][gc,heap        ] GC(557) PSYoungGen: 2604224K(2626560K)->138464K(2628608K) Eden: 2466304K(2466304K)->0K(2466304K) From: 137920K(160256K)->138464K(162304K)
[2617.326s][info][gc,heap        ] GC(557) ParOldGen: 2237285K(4451840K)->2330053K(4451840K)
[2617.326s][info][gc,metaspace   ] GC(557) Metaspace: 29117K(29440K)->29117K(29440K) NonClass: 24227K(24384K)->24227K(24384K) Class: 4890K(5056K)->4890K(5056K)
[2617.326s][info][gc             ] GC(557) Pause Young (Allocation Failure) 4728M->2410M(6914M) 92.980ms
[2617.326s][info][gc,cpu         ] GC(557) User=0.55s Sys=0.00s Real=0.09s
......[2623.892s][info][gc,start       ] GC(558) Pause Young (Allocation Failure)
[2623.987s][info][gc,heap        ] GC(558) PSYoungGen: 2604768K(2628608K)->142132K(2628608K) Eden: 2466304K(2466304K)->0K(2472448K) From: 138464K(162304K)->142132K(156160K)
[2623.987s][info][gc,heap        ] GC(558) ParOldGen: 2330053K(4451840K)->2422733K(4451840K)
[2623.987s][info][gc,metaspace   ] GC(558) Metaspace: 29117K(29440K)->29117K(29440K) NonClass: 24227K(24384K)->24227K(24384K) Class: 4890K(5056K)->4890K(5056K)
[2623.987s][info][gc             ] GC(558) Pause Young (Allocation Failure) 4819M->2504M(6914M) 95.367ms
[2623.987s][info][gc,cpu         ] GC(558) User=0.55s Sys=0.00s Real=0.09s
.......[2630.514s][info][gc,start       ] GC(559) Pause Young (Allocation Failure)
[2630.605s][info][gc,heap        ] GC(559) PSYoungGen: 2614580K(2628608K)->137088K(2631680K) Eden: 2472448K(2472448K)->0K(2472448K) From: 142132K(156160K)->137088K(159232K)
[2630.605s][info][gc,heap        ] GC(559) ParOldGen: 2422733K(4451840K)->2514309K(4451840K)
[2630.605s][info][gc,metaspace   ] GC(559) Metaspace: 29117K(29440K)->29117K(29440K) NonClass: 24227K(24384K)->24227K(24384K) Class: 4890K(5056K)->4890K(5056K)
[2630.605s][info][gc             ] GC(559) Pause Young (Allocation Failure) 4919M->2589M(6917M) 91.036ms
[2630.605s][info][gc,cpu         ] GC(559) User=0.53s Sys=0.00s Real=0.09s
....... (rIR:aIR:PR = 3044:3045:3045) (tPR = 45214) [OK] 
  2636s: Performance info:
         Transaction,    Success,    Partial,     Failed,   Receipts, AvgBarcode, 
             Overall,     182968,          0,          0,     173841,      59.48, 
         Response times:
             Request,    Success,    Partial,     Failed,   SkipFail,     Probes,    Samples,      min,      p50,      p90,      p95,      p99,      max, 
       TotalPurchase,     173841,          0,          0,          0,     170032,     182545,      300,     2400,     3700,     4100,     9000,   131000,
     InStorePurchase,      91520,          0,          0,          0,      89637,      95862,      300,     2400,     3700,     4100,     8100,   131000,
      OnlinePurchase,      64035,          0,          0,          0,      62741,      67443,      300,     2300,     3700,     4100,     9600,   131000,
        InstPurchase,      18286,          0,          0,          0,      17654,      19240,      400,     2200,     3600,     4100,     9000,   131000,
          AssocOfCat,        181,          0,          0,          0,        133,        193,    17100,    26000,    33000,    37000,   131120,   133000,
      AssocOfProduct,       1826,          0,          0,          0,       1630,       1873,      600,     2900,     4100,     4500,    10152,    99000,
      BusinessReport,        457,          0,          0,          0,        372,        483,    18600,    30000,    36600,    42600,   132800,   149000,
          CustBuyBeh,       1820,          0,          0,          0,       1617,       1859,      400,     2800,     3800,     4200,    11660,    97000,
       ProductReturn,       4843,          0,          0,          0,       4554,       5092,      300,     2000,     3100,     3400,     7200,    98000,

  2636s: (23%)   IR =   3183 [2637.222s][info][gc,start       ] GC(560) Pause Young (Allocation Failure)
[2637.318s][info][gc,heap        ] GC(560) PSYoungGen: 2609536K(2631680K)->142196K(2633728K) Eden: 2472448K(2472448K)->0K(2478592K) From: 137088K(159232K)->142196K(155136K)
[2637.318s][info][gc,heap        ] GC(560) ParOldGen: 2514309K(4451840K)->2604549K(4451840K)
[2637.318s][info][gc,metaspace   ] GC(560) Metaspace: 29119K(29440K)->29119K(29440K) NonClass: 24228K(24384K)->24228K(24384K) Class: 4890K(5056K)->4890K(5056K)
[2637.318s][info][gc             ] GC(560) Pause Young (Allocation Failure) 5003M->2682M(6919M) 95.646ms
[2637.318s][info][gc,cpu         ] GC(560) User=0.57s Sys=0.00s Real=0.09s
......|[2643.686s][info][gc,start       ] GC(561) Pause Young (Allocation Failure)
[2643.780s][info][gc,heap        ] GC(561) PSYoungGen: 2620788K(2633728K)->140736K(2635776K) Eden: 2478592K(2478592K)->0K(2478592K) From: 142196K(155136K)->140736K(157184K)
[2643.780s][info][gc,heap        ] GC(561) ParOldGen: 2604549K(4451840K)->2696965K(4451840K)
[2643.780s][info][gc,metaspace   ] GC(561) Metaspace: 29119K(29440K)->29119K(29440K) NonClass: 24228K(24384K)->24228K(24384K) Class: 4890K(5056K)->4890K(5056K)
[2643.780s][info][gc             ] GC(561) Pause Young (Allocation Failure) 5102M->2771M(6921M) 94.086ms
[2643.780s][info][gc,cpu         ] GC(561) User=0.56s Sys=0.00s Real=0.10s
......[2650.049s][info][gc,start       ] GC(562) Pause Young (Allocation Failure)
[2650.146s][info][gc,heap        ] GC(562) PSYoungGen: 2619328K(2635776K)->139072K(2636288K) Eden: 2478592K(2478592K)->0K(2483200K) From: 140736K(157184K)->139072K(153088K)
[2650.146s][info][gc,heap        ] GC(562) ParOldGen: 2696965K(4451840K)->2790829K(4451840K)
[2650.146s][info][gc,metaspace   ] GC(562) Metaspace: 29119K(29440K)->29119K(29440K) NonClass: 24228K(24384K)->24228K(24384K) Class: 4890K(5056K)->4890K(5056K)
[2650.146s][info][gc             ] GC(562) Pause Young (Allocation Failure) 5191M->2861M(6922M) 96.708ms
[2650.146s][info][gc,cpu         ] GC(562) User=0.58s Sys=0.00s Real=0.09s
.......[2656.553s][info][gc,start       ] GC(563) Pause Young (Allocation Failure)
[2656.648s][info][gc,heap        ] GC(563) PSYoungGen: 2622272K(2636288K)->140064K(2637824K) Eden: 2483200K(2483200K)->0K(2483200K) From: 139072K(153088K)->140064K(154624K)
[2656.648s][info][gc,heap        ] GC(563) ParOldGen: 2790829K(4451840K)->2882141K(4451840K)
[2656.648s][info][gc,metaspace   ] GC(563) Metaspace: 29119K(29440K)->29119K(29440K) NonClass: 24228K(24384K)->24228K(24384K) Class: 4890K(5056K)->4890K(5056K)
[2656.648s][info][gc             ] GC(563) Pause Young (Allocation Failure) 5286M->2951M(6923M) 95.453ms
[2656.648s][info][gc,cpu         ] GC(563) User=0.57s Sys=0.00s Real=0.09s
......[2662.856s][info][gc,start       ] GC(564) Pause Young (Allocation Failure)
[2662.954s][info][gc,heap        ] GC(564) PSYoungGen: 2623264K(2637824K)->142544K(2638848K) Eden: 2483200K(2483200K)->0K(2487808K) From: 140064K(154624K)->142544K(151040K)
[2662.954s][info][gc,heap        ] GC(564) ParOldGen: 2882141K(4451840K)->2975773K(4451840K)
[2662.954s][info][gc,metaspace   ] GC(564) Metaspace: 29119K(29440K)->29119K(29440K) NonClass: 24228K(24384K)->24228K(24384K) Class: 4890K(5056K)->4890K(5056K)
[2662.954s][info][gc             ] GC(564) Pause Young (Allocation Failure) 5376M->3045M(6924M) 97.131ms
[2662.954s][info][gc,cpu         ] GC(564) User=0.57s Sys=0.00s Real=0.10s
.......[2669.345s][info][gc,start       ] GC(565) Pause Young (Allocation Failure)
[2669.441s][info][gc,heap        ] GC(565) PSYoungGen: 2630352K(2638848K)->143109K(2640384K) Eden: 2487808K(2487808K)->0K(2487808K) From: 142544K(151040K)->143109K(152576K)
[2669.441s][info][gc,heap        ] GC(565) ParOldGen: 2975773K(4451840K)->3067509K(4451840K)
[2669.441s][info][gc,metaspace   ] GC(565) Metaspace: 29119K(29440K)->29119K(29440K) NonClass: 24228K(24384K)->24228K(24384K) Class: 4890K(5056K)->4890K(5056K)
[2669.441s][info][gc             ] GC(565) Pause Young (Allocation Failure) 5474M->3135M(6926M) 96.359ms
[2669.441s][info][gc,cpu         ] GC(565) User=0.57s Sys=0.00s Real=0.10s
......[2675.747s][info][gc,start       ] GC(566) Pause Young (Allocation Failure)
[2675.842s][info][gc,heap        ] GC(566) PSYoungGen: 2630917K(2640384K)->138880K(2641408K) Eden: 2487808K(2487808K)->0K(2490880K) From: 143109K(152576K)->138880K(150528K)
[2675.842s][info][gc,heap        ] GC(566) ParOldGen: 3067509K(4451840K)->3160477K(4451840K)
[2675.842s][info][gc,metaspace   ] GC(566) Metaspace: 29119K(29440K)->29119K(29440K) NonClass: 24228K(24384K)->24228K(24384K) Class: 4890K(5056K)->4890K(5056K)
[2675.842s][info][gc             ] GC(566) Pause Young (Allocation Failure) 5564M->3222M(6927M) 94.993ms
[2675.842s][info][gc,cpu         ] GC(566) User=0.55s Sys=0.00s Real=0.10s
.......[2682.268s][info][gc,start       ] GC(567) Pause Young (Allocation Failure)
[2682.365s][info][gc,heap        ] GC(567) PSYoungGen: 2629760K(2641408K)->146293K(2642432K) Eden: 2490880K(2490880K)->0K(2490880K) From: 138880K(150528K)->146293K(151552K)
[2682.365s][info][gc,heap        ] GC(567) ParOldGen: 3160477K(4451840K)->3252181K(4451840K)
[2682.365s][info][gc,metaspace   ] GC(567) Metaspace: 29121K(29440K)->29121K(29440K) NonClass: 24230K(24384K)->24230K(24384K) Class: 4890K(5056K)->4890K(5056K)
[2682.365s][info][gc             ] GC(567) Pause Young (Allocation Failure) 5654M->3318M(6928M) 97.835ms
[2682.366s][info][gc,cpu         ] GC(567) User=0.58s Sys=0.00s Real=0.10s
......[2688.640s][info][gc,start       ] GC(568) Pause Young (Allocation Failure)
[2688.734s][info][gc,heap        ] GC(568) PSYoungGen: 2637173K(2642432K)->138720K(2643968K) Eden: 2490880K(2490880K)->0K(2491392K) From: 146293K(151552K)->138720K(152576K)
[2688.734s][info][gc,heap        ] GC(568) ParOldGen: 3252181K(4451840K)->3345269K(4451840K)
[2688.734s][info][gc,metaspace   ] GC(568) Metaspace: 29124K(29440K)->29124K(29440K) NonClass: 24233K(24384K)->24233K(24384K) Class: 4890K(5056K)->4890K(5056K)
[2688.734s][info][gc             ] GC(568) Pause Young (Allocation Failure) 5751M->3402M(6929M) 94.128ms
[2688.734s][info][gc,cpu         ] GC(568) User=0.56s Sys=0.01s Real=0.09s
......[2695.034s][info][gc,start       ] GC(569) Pause Young (Allocation Failure)
[2695.130s][info][gc,heap        ] GC(569) PSYoungGen: 2630112K(2643968K)->146464K(2638336K) Eden: 2491392K(2491392K)->0K(2491392K) From: 138720K(152576K)->146464K(146944K)
[2695.130s][info][gc,heap        ] GC(569) ParOldGen: 3345269K(4451840K)->3437725K(4451840K)
[2695.130s][info][gc,metaspace   ] GC(569) Metaspace: 29124K(29440K)->29124K(29440K) NonClass: 24233K(24384K)->24233K(24384K) Class: 4890K(5056K)->4890K(5056K)
[2695.130s][info][gc             ] GC(569) Pause Young (Allocation Failure) 5835M->3500M(6924M) 96.143ms
[2695.130s][info][gc,cpu         ] GC(569) User=0.56s Sys=0.00s Real=0.10s
.......[2701.515s][info][gc,start       ] GC(570) Pause Young (Allocation Failure)
[2701.611s][info][gc,heap        ] GC(570) PSYoungGen: 2637856K(2638336K)->144053K(2643456K) Eden: 2491392K(2491392K)->0K(2490368K) From: 146464K(146944K)->144053K(153088K)
[2701.611s][info][gc,heap        ] GC(570) ParOldGen: 3437725K(4451840K)->3530077K(4451840K)
[2701.611s][info][gc,metaspace   ] GC(570) Metaspace: 29124K(29440K)->29124K(29440K) NonClass: 24233K(24384K)->24233K(24384K) Class: 4890K(5056K)->4890K(5056K)
[2701.611s][info][gc             ] GC(570) Pause Young (Allocation Failure) 5933M->3588M(6929M) 96.879ms
[2701.611s][info][gc,cpu         ] GC(570) User=0.57s Sys=0.00s Real=0.10s
.. (rIR:aIR:PR = 3183:3183:3183) (tPR = 47607) [OK] 
  2703s: Performance info:
         Transaction,    Success,    Partial,     Failed,   Receipts, AvgBarcode, 
             Overall,     191177,          0,          0,     181621,      59.48, 
         Response times:
             Request,    Success,    Partial,     Failed,   SkipFail,     Probes,    Samples,      min,      p50,      p90,      p95,      p99,      max, 
       TotalPurchase,     181618,          0,          0,          0,     178057,     197218,      300,     2500,     3800,     4300,    10900,   127000,
     InStorePurchase,      95563,          0,          0,          0,      93812,     103712,      300,     2500,     3800,     4300,    11100,   127000,
      OnlinePurchase,      66939,          0,          0,          0,      65722,      72644,      300,     2400,     3800,     4200,    10100,   103000,
        InstPurchase,      19116,          0,          0,          0,      18523,      20862,      400,     2400,     3800,     4300,    10800,   104000,
          AssocOfCat,        192,          0,          0,          0,        136,        205,    17200,    26000,    31000,    34400,    40880,   128000,
      AssocOfProduct,       1921,          0,          0,          0,       1751,       2094,      500,     1900,     3600,     3900,     7700,    23000,
      BusinessReport,        483,          0,          0,          0,        386,        497,    19400,    32000,    39000,    43100,   131020,   147000,
          CustBuyBeh,       1906,          0,          0,          0,       1721,       2076,      300,     3200,     4200,     4700,    17014,   103000,
       ProductReturn,       5055,          0,          0,          0,       4882,       5623,      200,     2500,     3700,     4200,    12752,   127000,

  2703s: (24%)   IR =   3321 ....[2707.763s][info][gc,start       ] GC(571) Pause Young (Allocation Failure)
[2707.857s][info][gc,heap        ] GC(571) PSYoungGen: 2634421K(2643456K)->141216K(2631680K) Eden: 2490368K(2490368K)->0K(2490368K) From: 144053K(153088K)->141216K(141312K)
[2707.857s][info][gc,heap        ] GC(571) ParOldGen: 3530077K(4451840K)->3622205K(4451840K)
[2707.857s][info][gc,metaspace   ] GC(571) Metaspace: 29124K(29440K)->29124K(29440K) NonClass: 24233K(24384K)->24233K(24384K) Class: 4890K(5056K)->4890K(5056K)
[2707.857s][info][gc             ] GC(571) Pause Young (Allocation Failure) 6020M->3675M(6917M) 94.332ms
[2707.857s][info][gc,cpu         ] GC(571) User=0.56s Sys=0.00s Real=0.09s
...|...[2713.983s][info][gc,start       ] GC(572) Pause Young (Allocation Failure)
[2714.082s][info][gc,heap        ] GC(572) PSYoungGen: 2631584K(2631680K)->146212K(2640896K) Eden: 2490368K(2490368K)->0K(2489344K) From: 141216K(141312K)->146212K(151552K)
[2714.082s][info][gc,heap        ] GC(572) ParOldGen: 3622205K(4451840K)->3716093K(4451840K)
[2714.082s][info][gc,metaspace   ] GC(572) Metaspace: 29124K(29440K)->29124K(29440K) NonClass: 24233K(24384K)->24233K(24384K) Class: 4890K(5056K)->4890K(5056K)
[2714.082s][info][gc             ] GC(572) Pause Young (Allocation Failure) 6107M->3771M(6926M) 99.481ms
[2714.082s][info][gc,cpu         ] GC(572) User=0.59s Sys=0.00s Real=0.10s
......[2720.066s][info][gc,start       ] GC(573) Pause Young (Allocation Failure)
[2720.164s][info][gc,heap        ] GC(573) PSYoungGen: 2635556K(2640896K)->139776K(2641920K) Eden: 2489344K(2489344K)->0K(2489344K) From: 146212K(151552K)->139776K(152576K)
[2720.164s][info][gc,heap        ] GC(573) ParOldGen: 3716093K(4451840K)->3809309K(4451840K)
[2720.164s][info][gc,metaspace   ] GC(573) Metaspace: 29124K(29440K)->29124K(29440K) NonClass: 24233K(24384K)->24233K(24384K) Class: 4890K(5056K)->4890K(5056K)
[2720.164s][info][gc             ] GC(573) Pause Young (Allocation Failure) 6202M->3856M(6927M) 97.477ms
[2720.164s][info][gc,cpu         ] GC(573) User=0.57s Sys=0.00s Real=0.10s
......[2726.191s][info][gc,start       ] GC(574) Pause Young (Allocation Failure)
[2726.287s][info][gc,heap        ] GC(574) PSYoungGen: 2629120K(2641920K)->140256K(2640896K) Eden: 2489344K(2489344K)->0K(2491392K) From: 139776K(152576K)->140256K(149504K)
[2726.287s][info][gc,heap        ] GC(574) ParOldGen: 3809309K(4451840K)->3901389K(4451840K)
[2726.287s][info][gc,metaspace   ] GC(574) Metaspace: 29124K(29440K)->29124K(29440K) NonClass: 24233K(24384K)->24233K(24384K) Class: 4890K(5056K)->4890K(5056K)
[2726.287s][info][gc             ] GC(574) Pause Young (Allocation Failure) 6287M->3946M(6926M) 95.447ms
[2726.287s][info][gc,cpu         ] GC(574) User=0.56s Sys=0.00s Real=0.09s
.......[2732.352s][info][gc,start       ] GC(575) Pause Young (Allocation Failure)
[2732.450s][info][gc,heap        ] GC(575) PSYoungGen: 2631648K(2640896K)->142245K(2642432K) Eden: 2491392K(2491392K)->0K(2491392K) From: 140256K(149504K)->142245K(151040K)
[2732.450s][info][gc,heap        ] GC(575) ParOldGen: 3901389K(4451840K)->3992549K(4451840K)
[2732.450s][info][gc,metaspace   ] GC(575) Metaspace: 29124K(29440K)->29124K(29440K) NonClass: 24233K(24384K)->24233K(24384K) Class: 4890K(5056K)->4890K(5056K)
[2732.450s][info][gc             ] GC(575) Pause Young (Allocation Failure) 6379M->4037M(6928M) 97.650ms
[2732.450s][info][gc,cpu         ] GC(575) User=0.57s Sys=0.00s Real=0.10s
......[2738.514s][info][gc,start       ] GC(576) Pause Young (Allocation Failure)
[2738.606s][info][gc,heap        ] GC(576) PSYoungGen: 2633637K(2642432K)->138656K(2643456K) Eden: 2491392K(2491392K)->0K(2494464K) From: 142245K(151040K)->138656K(148992K)
[2738.606s][info][gc,heap        ] GC(576) ParOldGen: 3992549K(4451840K)->4083853K(4451840K)
[2738.606s][info][gc,metaspace   ] GC(576) Metaspace: 29124K(29440K)->29124K(29440K) NonClass: 24233K(24384K)->24233K(24384K) Class: 4890K(5056K)->4890K(5056K)
[2738.606s][info][gc             ] GC(576) Pause Young (Allocation Failure) 6470M->4123M(6929M) 92.669ms
[2738.606s][info][gc,cpu         ] GC(576) User=0.55s Sys=0.01s Real=0.09s
......[2744.712s][info][gc,start       ] GC(577) Pause Young (Allocation Failure)
[2744.809s][info][gc,heap        ] GC(577) PSYoungGen: 2633120K(2643456K)->140608K(2644480K) Eden: 2494464K(2494464K)->0K(2494464K) From: 138656K(148992K)->140608K(150016K)
[2744.809s][info][gc,heap        ] GC(577) ParOldGen: 4083853K(4451840K)->4176525K(4451840K)
[2744.809s][info][gc,metaspace   ] GC(577) Metaspace: 29125K(29440K)->29125K(29440K) NonClass: 24234K(24384K)->24234K(24384K) Class: 4890K(5056K)->4890K(5056K)
[2744.809s][info][gc             ] GC(577) Pause Young (Allocation Failure) 6559M->4215M(6930M) 96.603ms
[2744.809s][info][gc,cpu         ] GC(577) User=0.57s Sys=0.00s Real=0.10s
......[2750.834s][info][gc,start       ] GC(578) Pause Young (Allocation Failure)
[2750.931s][info][gc,heap        ] GC(578) PSYoungGen: 2635072K(2644480K)->138112K(2645504K) Eden: 2494464K(2494464K)->0K(2496512K) From: 140608K(150016K)->138112K(148992K)
[2750.931s][info][gc,heap        ] GC(578) ParOldGen: 4176525K(4451840K)->4270461K(4451840K)
[2750.931s][info][gc,metaspace   ] GC(578) Metaspace: 29125K(29440K)->29125K(29440K) NonClass: 24234K(24384K)->24234K(24384K) Class: 4890K(5056K)->4890K(5056K)
[2750.931s][info][gc             ] GC(578) Pause Young (Allocation Failure) 6651M->4305M(6931M) 96.623ms
[2750.931s][info][gc,cpu         ] GC(578) User=0.57s Sys=0.00s Real=0.10s
......[2756.977s][info][gc,start       ] GC(579) Pause Young (Allocation Failure)
[2757.077s][info][gc,heap        ] GC(579) PSYoungGen: 2634624K(2645504K)->144532K(2646016K) Eden: 2496512K(2496512K)->0K(2496512K) From: 138112K(148992K)->144532K(149504K)
[2757.077s][info][gc,heap        ] GC(579) ParOldGen: 4270461K(4451840K)->4361565K(4451840K)
[2757.077s][info][gc,metaspace   ] GC(579) Metaspace: 29125K(29440K)->29125K(29440K) NonClass: 24234K(24384K)->24234K(24384K) Class: 4890K(5056K)->4890K(5056K)
[2757.077s][info][gc             ] GC(579) Pause Young (Allocation Failure) 6743M->4400M(6931M) 99.178ms
[2757.077s][info][gc,cpu         ] GC(579) User=0.59s Sys=0.00s Real=0.10s
......[2763.203s][info][gc,start       ] GC(580) Pause Young (Allocation Failure)
[2763.299s][info][gc,heap        ] GC(580) PSYoungGen: 2641044K(2646016K)->142528K(2646016K) Eden: 2496512K(2496512K)->0K(2496512K) From: 144532K(149504K)->142528K(149504K)
[2763.299s][info][gc,heap        ] GC(580) ParOldGen: 4361565K(4451840K)->4453437K(4453888K)
[2763.299s][info][gc,metaspace   ] GC(580) Metaspace: 29125K(29440K)->29125K(29440K) NonClass: 24234K(24384K)->24234K(24384K) Class: 4890K(5056K)->4890K(5056K)
[2763.299s][info][gc             ] GC(580) Pause Young (Allocation Failure) 6838M->4488M(6933M) 95.843ms
[2763.299s][info][gc,cpu         ] GC(580) User=0.57s Sys=0.00s Real=0.10s
.......[2769.465s][info][gc,start       ] GC(581) Pause Young (Allocation Failure)
[2769.566s][info][gc,heap        ] GC(581) PSYoungGen: 2639040K(2646016K)->141440K(2638336K) Eden: 2496512K(2496512K)->0K(2496512K) From: 142528K(149504K)->141440K(141824K)
[2769.566s][info][gc,heap        ] GC(581) ParOldGen: 4453437K(4453888K)->4545149K(4545536K)
[2769.566s][info][gc,metaspace   ] GC(581) Metaspace: 29125K(29440K)->29125K(29440K) NonClass: 24234K(24384K)->24234K(24384K) Class: 4890K(5056K)->4890K(5056K)
[2769.566s][info][gc             ] GC(581) Pause Young (Allocation Failure) 6926M->4576M(7015M) 100.837ms
[2769.566s][info][gc,cpu         ] GC(581) User=0.57s Sys=0.03s Real=0.10s
. (rIR:aIR:PR = 3321:3321:3321) (tPR = 49474) [OK] 
  2770s: Performance info:
         Transaction,    Success,    Partial,     Failed,   Receipts, AvgBarcode, 
             Overall,     199604,          0,          0,     189626,      59.48, 
         Response times:
             Request,    Success,    Partial,     Failed,   SkipFail,     Probes,    Samples,      min,      p50,      p90,      p95,      p99,      max, 
       TotalPurchase,     189626,          0,          0,          0,     185922,     208517,      300,     2600,     4000,     4500,    10300,   116000,
     InStorePurchase,      99793,          0,          0,          0,      97793,     109405,      300,     2600,     4000,     4500,    11500,   114000,
      OnlinePurchase,      69866,          0,          0,          0,      68797,      77337,      300,     2700,     4100,     4600,    10762,   116000,
        InstPurchase,      19967,          0,          0,          0,      19332,      21775,      400,     2100,     3800,     4200,     6500,   109000,
          AssocOfCat,        196,          0,          0,          0,        151,        228,    17500,    24500,    27100,    30000,    35000,    45000,
      AssocOfProduct,       1998,          0,          0,          0,       1806,       2189,      700,     3200,     4500,     5000,    12500,   105000,
      BusinessReport,        500,          0,          0,          0,        415,        554,    19400,    31000,    38000,    46000,   132700,   143000,
          CustBuyBeh,       2000,          0,          0,          0,       1778,       2184,      300,     2700,     4100,     4500,     7000,   104000,
       ProductReturn,       5284,          0,          0,          0,       5007,       5857,      200,     2100,     3800,     4200,     7600,   109000,

  2770s: (25%)   IR =   3459 .....[2775.398s][info][gc,start       ] GC(582) Pause Young (Allocation Failure)
[2775.501s][info][gc,heap        ] GC(582) PSYoungGen: 2637952K(2638336K)->140640K(2646016K) Eden: 2496512K(2496512K)->0K(2497536K) From: 141440K(141824K)->140640K(148480K)
[2775.501s][info][gc,heap        ] GC(582) ParOldGen: 4545149K(4545536K)->4639277K(4639744K)
[2775.501s][info][gc,metaspace   ] GC(582) Metaspace: 29125K(29440K)->29125K(29440K) NonClass: 24234K(24384K)->24234K(24384K) Class: 4890K(5056K)->4890K(5056K)
[2775.501s][info][gc             ] GC(582) Pause Young (Allocation Failure) 7014M->4667M(7115M) 102.603ms
[2775.501s][info][gc,cpu         ] GC(582) User=0.58s Sys=0.02s Real=0.10s
.|.....[2781.374s][info][gc,start       ] GC(583) Pause Young (Allocation Failure)
[2781.473s][info][gc,heap        ] GC(583) PSYoungGen: 2638176K(2646016K)->139360K(2645504K) Eden: 2497536K(2497536K)->0K(2497536K) From: 140640K(148480K)->139360K(147968K)
[2781.473s][info][gc,heap        ] GC(583) ParOldGen: 4639277K(4639744K)->4730661K(4730880K)
[2781.473s][info][gc,metaspace   ] GC(583) Metaspace: 29125K(29440K)->29125K(29440K) NonClass: 24234K(24384K)->24234K(24384K) Class: 4890K(5056K)->4890K(5056K)
[2781.473s][info][gc             ] GC(583) Pause Young (Allocation Failure) 7106M->4755M(7203M) 99.098ms
[2781.473s][info][gc,cpu         ] GC(583) User=0.55s Sys=0.02s Real=0.10s
.....[2787.245s][info][gc,start       ] GC(584) Pause Young (Allocation Failure)
[2787.345s][info][gc,heap        ] GC(584) PSYoungGen: 2636896K(2645504K)->137312K(2647552K) Eden: 2497536K(2497536K)->0K(2499584K) From: 139360K(147968K)->137312K(147968K)
[2787.345s][info][gc,heap        ] GC(584) ParOldGen: 4730661K(4730880K)->4823989K(4824064K)
[2787.345s][info][gc,metaspace   ] GC(584) Metaspace: 29125K(29440K)->29125K(29440K) NonClass: 24234K(24384K)->24234K(24384K) Class: 4890K(5056K)->4890K(5056K)
[2787.345s][info][gc             ] GC(584) Pause Young (Allocation Failure) 7194M->4845M(7296M) 100.736ms
[2787.345s][info][gc,cpu         ] GC(584) User=0.55s Sys=0.03s Real=0.10s
......[2793.271s][info][gc,start       ] GC(585) Pause Young (Allocation Failure)
[2793.373s][info][gc,heap        ] GC(585) PSYoungGen: 2636896K(2647552K)->139904K(2647552K) Eden: 2499584K(2499584K)->0K(2499584K) From: 137312K(147968K)->139904K(147968K)
[2793.373s][info][gc,heap        ] GC(585) ParOldGen: 4823989K(4824064K)->4915901K(4916224K)
[2793.373s][info][gc,metaspace   ] GC(585) Metaspace: 29125K(29440K)->29125K(29440K) NonClass: 24234K(24384K)->24234K(24384K) Class: 4890K(5056K)->4890K(5056K)
[2793.373s][info][gc             ] GC(585) Pause Young (Allocation Failure) 7286M->4937M(7386M) 102.357ms
[2793.373s][info][gc,cpu         ] GC(585) User=0.56s Sys=0.04s Real=0.10s
......[2799.237s][info][gc,start       ] GC(586) Pause Young (Allocation Failure)
[2799.338s][info][gc,heap        ] GC(586) PSYoungGen: 2639488K(2647552K)->138624K(2647552K) Eden: 2499584K(2499584K)->0K(2500608K) From: 139904K(147968K)->138624K(146944K)
[2799.338s][info][gc,heap        ] GC(586) ParOldGen: 4915901K(4916224K)->5009549K(5009920K)
[2799.338s][info][gc,metaspace   ] GC(586) Metaspace: 29126K(29440K)->29126K(29440K) NonClass: 24235K(24384K)->24235K(24384K) Class: 4890K(5056K)->4890K(5056K)
[2799.338s][info][gc             ] GC(586) Pause Young (Allocation Failure) 7378M->5027M(7478M) 101.481ms
[2799.338s][info][gc,cpu         ] GC(586) User=0.56s Sys=0.04s Real=0.11s
......[2805.144s][info][gc,start       ] GC(587) Pause Young (Allocation Failure)
[2805.248s][info][gc,heap        ] GC(587) PSYoungGen: 2639232K(2647552K)->140832K(2647552K) Eden: 2500608K(2500608K)->0K(2500608K) From: 138624K(146944K)->140832K(146944K)
[2805.248s][info][gc,heap        ] GC(587) ParOldGen: 5009549K(5009920K)->5103269K(5103616K)
[2805.248s][info][gc,metaspace   ] GC(587) Metaspace: 29126K(29440K)->29126K(29440K) NonClass: 24235K(24384K)->24235K(24384K) Class: 4890K(5056K)->4890K(5056K)
[2805.248s][info][gc             ] GC(587) Pause Young (Allocation Failure) 7469M->5121M(7569M) 104.062ms
[2805.248s][info][gc,cpu         ] GC(587) User=0.58s Sys=0.03s Real=0.10s
......[2811.075s][info][gc,start       ] GC(588) Pause Young (Allocation Failure)
[2811.179s][info][gc,heap        ] GC(588) PSYoungGen: 2641440K(2647552K)->140800K(2648576K) Eden: 2500608K(2500608K)->0K(2502656K) From: 140832K(146944K)->140800K(145920K)
[2811.179s][info][gc,heap        ] GC(588) ParOldGen: 5103269K(5103616K)->5195189K(5195264K)
[2811.179s][info][gc,metaspace   ] GC(588) Metaspace: 29126K(29440K)->29126K(29440K) NonClass: 24235K(24384K)->24235K(24384K) Class: 4890K(5056K)->4890K(5056K)
[2811.179s][info][gc             ] GC(588) Pause Young (Allocation Failure) 7563M->5210M(7660M) 103.917ms
[2811.179s][info][gc,cpu         ] GC(588) User=0.58s Sys=0.02s Real=0.11s
......[2817.023s][info][gc,start       ] GC(589) Pause Young (Allocation Failure)
[2817.126s][info][gc,heap        ] GC(589) PSYoungGen: 2643456K(2648576K)->141888K(2648576K) Eden: 2502656K(2502656K)->0K(2502656K) From: 140800K(145920K)->141888K(145920K)
[2817.126s][info][gc,heap        ] GC(589) ParOldGen: 5195189K(5195264K)->5287909K(5287936K)
[2817.126s][info][gc,metaspace   ] GC(589) Metaspace: 29126K(29440K)->29126K(29440K) NonClass: 24235K(24384K)->24235K(24384K) Class: 4890K(5056K)->4890K(5056K)
[2817.126s][info][gc             ] GC(589) Pause Young (Allocation Failure) 7654M->5302M(7750M) 102.960ms
[2817.126s][info][gc,cpu         ] GC(589) User=0.57s Sys=0.03s Real=0.10s
......[2822.974s][info][gc,start       ] GC(590) Pause Young (Allocation Failure)
[2823.091s][info][gc,heap        ] GC(590) PSYoungGen: 2644544K(2648576K)->142176K(2650112K) Eden: 2502656K(2502656K)->0K(2504192K) From: 141888K(145920K)->142176K(145920K)
[2823.091s][info][gc,heap        ] GC(590) ParOldGen: 5287909K(5287936K)->5381469K(5381632K)
[2823.091s][info][gc,metaspace   ] GC(590) Metaspace: 29126K(29440K)->29126K(29440K) NonClass: 24235K(24384K)->24235K(24384K) Class: 4890K(5056K)->4890K(5056K)
[2823.091s][info][gc             ] GC(590) Pause Young (Allocation Failure) 7746M->5394M(7843M) 117.226ms
[2823.091s][info][gc,cpu         ] GC(590) User=0.66s Sys=0.03s Real=0.12s
[2823.091s][info][gc,start       ] GC(591) Pause Full (Diagnostic Command)
[2823.091s][info][gc,phases,start] GC(591) Marking Phase
[2823.363s][info][gc,phases      ] GC(591) Marking Phase 272.127ms
[2823.363s][info][gc,phases,start] GC(591) Summary Phase
[2823.363s][info][gc,phases      ] GC(591) Summary Phase 0.065ms
[2823.363s][info][gc,phases,start] GC(591) Forward
[2823.541s][info][gc,phases      ] GC(591) Forward 177.601ms
[2823.541s][info][gc,phases,start] GC(591) Adjust Pointers
[2823.733s][info][gc,phases      ] GC(591) Adjust Pointers 191.637ms
[2823.733s][info][gc,phases,start] GC(591) Compaction Phase
[2823.895s][info][gc,phases      ] GC(591) Compaction Phase 162.057ms
[2823.897s][info][gc,phases,start] GC(591) Post Compact
[2823.901s][info][gc,phases      ] GC(591) Post Compact 4.973ms
[2823.902s][info][gc,heap        ] GC(591) PSYoungGen: 150010K(2650112K)->0K(2650112K) Eden: 7834K(2504192K)->0K(2504192K) From: 142176K(145920K)->0K(145920K)
[2823.902s][info][gc,heap        ] GC(591) ParOldGen: 5381469K(5381632K)->1133962K(5381632K)
[2823.902s][info][gc,metaspace   ] GC(591) Metaspace: 29126K(29440K)->29126K(29440K) NonClass: 24235K(24384K)->24235K(24384K) Class: 4890K(5056K)->4890K(5056K)
[2823.902s][info][gc             ] GC(591) Pause Full (Diagnostic Command) 5401M->1107M(7843M) 810.358ms
[2823.902s][info][gc,cpu         ] GC(591) User=4.14s Sys=0.00s Real=0.81s
......[2828.946s][info][gc,start       ] GC(592) Pause Young (Allocation Failure)
[2829.013s][info][gc,heap        ] GC(592) PSYoungGen: 2504192K(2650112K)->145024K(2649600K) Eden: 2504192K(2504192K)->0K(2504192K) From: 0K(145920K)->145024K(145408K)
[2829.013s][info][gc,heap        ] GC(592) ParOldGen: 1133962K(5381632K)->1133962K(5381632K)
[2829.014s][info][gc,metaspace   ] GC(592) Metaspace: 29126K(29440K)->29126K(29440K) NonClass: 24235K(24384K)->24235K(24384K) Class: 4890K(5056K)->4890K(5056K)
[2829.014s][info][gc             ] GC(592) Pause Young (Allocation Failure) 3552M->1249M(7843M) 67.159ms
[2829.014s][info][gc,cpu         ] GC(592) User=0.40s Sys=0.00s Real=0.07s
.....[2834.897s][info][gc,start       ] GC(593) Pause Young (Allocation Failure)
[2834.992s][info][gc,heap        ] GC(593) PSYoungGen: 2649216K(2649600K)->140128K(2648576K) Eden: 2504192K(2504192K)->0K(2502144K) From: 145024K(145408K)->140128K(146432K)
[2834.992s][info][gc,heap        ] GC(593) ParOldGen: 1133962K(5381632K)->1230514K(5381632K)
[2834.992s][info][gc,metaspace   ] GC(593) Metaspace: 29126K(29440K)->29126K(29440K) NonClass: 24235K(24384K)->24235K(24384K) Class: 4890K(5056K)->4890K(5056K)
[2834.992s][info][gc             ] GC(593) Pause Young (Allocation Failure) 3694M->1338M(7842M) 95.247ms
[2834.992s][info][gc,cpu         ] GC(593) User=0.56s Sys=0.00s Real=0.10s
... (rIR:aIR:PR = 3459:3458:3458) (tPR = 50796) [OK] 
  2836s: Performance info:
         Transaction,    Success,    Partial,     Failed,   Receipts, AvgBarcode, 
             Overall,     209691,          0,          0,     199220,      59.47, 
         Response times:
             Request,    Success,    Partial,     Failed,   SkipFail,     Probes,    Samples,      min,      p50,      p90,      p95,      p99,      max, 
       TotalPurchase,     199220,          0,          0,          0,     194158,     215786,      300,     2700,     4400,     5400,   186000,   325000,
     InStorePurchase,     104884,          0,          0,          0,     102513,     113698,      300,     2800,     4400,     5400,   193000,   325000,
      OnlinePurchase,      73357,          0,          0,          0,      71536,      79499,      300,     2600,     4400,     5400,   175000,   325000,
        InstPurchase,      20979,          0,          0,          0,      20109,      22589,      400,     2600,     4300,     5300,   186000,   290000,
          AssocOfCat,        209,          0,          0,          0,        154,        218,    17100,    24000,    31100,   116200,   210480,   212000,
      AssocOfProduct,       2097,          0,          0,          0,       1922,       2329,      400,     3400,     4500,     5400,   245400,   291000,
      BusinessReport,        524,          0,          0,          0,        443,        585,    19100,    32000,    38000,    48000,   319240,   990000,
          CustBuyBeh,       2086,          0,          0,          0,       1895,       2296,      200,     1200,     2200,     3700,   121090,   135000,
       ProductReturn,       5554,          0,          0,          0,       5237,       6049,      200,     2600,     4100,     5150,   227000,   291000,

  2836s: (26%)   IR =   3598 ...[2840.756s][info][gc,start       ] GC(594) Pause Young (Allocation Failure)
[2840.850s][info][gc,heap        ] GC(594) PSYoungGen: 2642272K(2648576K)->141856K(2649088K) Eden: 2502144K(2502144K)->0K(2502144K) From: 140128K(146432K)->141856K(146944K)
[2840.850s][info][gc,heap        ] GC(594) ParOldGen: 1230514K(5381632K)->1322154K(5381632K)
[2840.850s][info][gc,metaspace   ] GC(594) Metaspace: 29126K(29440K)->29126K(29440K) NonClass: 24235K(24384K)->24235K(24384K) Class: 4890K(5056K)->4890K(5056K)
[2840.850s][info][gc             ] GC(594) Pause Young (Allocation Failure) 3782M->1429M(7842M) 94.437ms
[2840.850s][info][gc,cpu         ] GC(594) User=0.56s Sys=0.00s Real=0.10s
..|....[2846.317s][info][gc,start       ] GC(595) Pause Young (Allocation Failure)
[2846.413s][info][gc,heap        ] GC(595) PSYoungGen: 2644000K(2649088K)->139284K(2649088K) Eden: 2502144K(2502144K)->0K(2502656K) From: 141856K(146944K)->139284K(146432K)
[2846.413s][info][gc,heap        ] GC(595) ParOldGen: 1322154K(5381632K)->1417074K(5381632K)
[2846.413s][info][gc,metaspace   ] GC(595) Metaspace: 29126K(29440K)->29126K(29440K) NonClass: 24235K(24384K)->24235K(24384K) Class: 4890K(5056K)->4890K(5056K)
[2846.413s][info][gc             ] GC(595) Pause Young (Allocation Failure) 3873M->1519M(7842M) 95.958ms
[2846.413s][info][gc,cpu         ] GC(595) User=0.57s Sys=0.00s Real=0.10s
......[2852.122s][info][gc,start       ] GC(596) Pause Young (Allocation Failure)
[2852.216s][info][gc,heap        ] GC(596) PSYoungGen: 2641940K(2649088K)->143744K(2649088K) Eden: 2502656K(2502656K)->0K(2502656K) From: 139284K(146432K)->143744K(146432K)
[2852.216s][info][gc,heap        ] GC(596) ParOldGen: 1417074K(5381632K)->1505834K(5381632K)
[2852.216s][info][gc,metaspace   ] GC(596) Metaspace: 29126K(29440K)->29126K(29440K) NonClass: 24235K(24384K)->24235K(24384K) Class: 4890K(5056K)->4890K(5056K)
[2852.216s][info][gc             ] GC(596) Pause Young (Allocation Failure) 3963M->1610M(7842M) 93.297ms
[2852.216s][info][gc,cpu         ] GC(596) User=0.55s Sys=0.00s Real=0.09s
.....[2857.801s][info][gc,start       ] GC(597) Pause Young (Allocation Failure)
[2857.895s][info][gc,heap        ] GC(597) PSYoungGen: 2646400K(2649088K)->139520K(2649088K) Eden: 2502656K(2502656K)->0K(2502656K) From: 143744K(146432K)->139520K(146432K)
[2857.895s][info][gc,heap        ] GC(597) ParOldGen: 1505834K(5381632K)->1599402K(5381632K)
[2857.895s][info][gc,metaspace   ] GC(597) Metaspace: 29126K(29440K)->29126K(29440K) NonClass: 24235K(24384K)->24235K(24384K) Class: 4890K(5056K)->4890K(5056K)
[2857.895s][info][gc             ] GC(597) Pause Young (Allocation Failure) 4054M->1698M(7842M) 94.488ms
[2857.895s][info][gc,cpu         ] GC(597) User=0.55s Sys=0.00s Real=0.09s
......[2863.541s][info][gc,start       ] GC(598) Pause Young (Allocation Failure)
[2863.637s][info][gc,heap        ] GC(598) PSYoungGen: 2642176K(2649088K)->145530K(2648576K) Eden: 2502656K(2502656K)->0K(2502656K) From: 139520K(146432K)->145530K(145920K)
[2863.637s][info][gc,heap        ] GC(598) ParOldGen: 1599402K(5381632K)->1690970K(5381632K)
[2863.637s][info][gc,metaspace   ] GC(598) Metaspace: 29126K(29440K)->29126K(29440K) NonClass: 24235K(24384K)->24235K(24384K) Class: 4890K(5056K)->4890K(5056K)
[2863.637s][info][gc             ] GC(598) Pause Young (Allocation Failure) 4142M->1793M(7842M) 96.289ms
[2863.637s][info][gc,cpu         ] GC(598) User=0.57s Sys=0.00s Real=0.09s
......[2869.284s][info][gc,start       ] GC(599) Pause Young (Allocation Failure)
[2869.378s][info][gc,heap        ] GC(599) PSYoungGen: 2648186K(2648576K)->140224K(2648576K) Eden: 2502656K(2502656K)->0K(2501120K) From: 145530K(145920K)->140224K(147456K)
[2869.378s][info][gc,heap        ] GC(599) ParOldGen: 1690970K(5381632K)->1784338K(5381632K)
[2869.378s][info][gc,metaspace   ] GC(599) Metaspace: 29126K(29440K)->29126K(29440K) NonClass: 24235K(24384K)->24235K(24384K) Class: 4890K(5056K)->4890K(5056K)
[2869.378s][info][gc             ] GC(599) Pause Young (Allocation Failure) 4237M->1879M(7842M) 94.028ms
[2869.378s][info][gc,cpu         ] GC(599) User=0.55s Sys=0.00s Real=0.09s
.....[2875.023s][info][gc,start       ] GC(600) Pause Young (Allocation Failure)
[2875.117s][info][gc,heap        ] GC(600) PSYoungGen: 2641344K(2648576K)->141216K(2642432K) Eden: 2501120K(2501120K)->0K(2501120K) From: 140224K(147456K)->141216K(141312K)
[2875.117s][info][gc,heap        ] GC(600) ParOldGen: 1784338K(5381632K)->1877562K(5381632K)
[2875.117s][info][gc,metaspace   ] GC(600) Metaspace: 29126K(29440K)->29126K(29440K) NonClass: 24235K(24384K)->24235K(24384K) Class: 4890K(5056K)->4890K(5056K)
[2875.117s][info][gc             ] GC(600) Pause Young (Allocation Failure) 4321M->1971M(7836M) 93.854ms
[2875.117s][info][gc,cpu         ] GC(600) User=0.56s Sys=0.00s Real=0.09s
......[2880.722s][info][gc,start       ] GC(601) Pause Young (Allocation Failure)
[2880.816s][info][gc,heap        ] GC(601) PSYoungGen: 2642336K(2642432K)->140864K(2648576K) Eden: 2501120K(2501120K)->0K(2501632K) From: 141216K(141312K)->140864K(146944K)
[2880.816s][info][gc,heap        ] GC(601) ParOldGen: 1877562K(5381632K)->1970154K(5381632K)
[2880.816s][info][gc,metaspace   ] GC(601) Metaspace: 29126K(29440K)->29126K(29440K) NonClass: 24235K(24384K)->24235K(24384K) Class: 4890K(5056K)->4890K(5056K)
[2880.816s][info][gc             ] GC(601) Pause Young (Allocation Failure) 4413M->2061M(7842M) 94.564ms
[2880.816s][info][gc,cpu         ] GC(601) User=0.56s Sys=0.00s Real=0.09s
......[2886.479s][info][gc,start       ] GC(602) Pause Young (Allocation Failure)
[2886.573s][info][gc,heap        ] GC(602) PSYoungGen: 2642496K(2648576K)->138656K(2648064K) Eden: 2501632K(2501632K)->0K(2501632K) From: 140864K(146944K)->138656K(146432K)
[2886.573s][info][gc,heap        ] GC(602) ParOldGen: 1970154K(5381632K)->2063874K(5381632K)
[2886.573s][info][gc,metaspace   ] GC(602) Metaspace: 29126K(29440K)->29126K(29440K) NonClass: 24235K(24384K)->24235K(24384K) Class: 4890K(5056K)->4890K(5056K)
[2886.573s][info][gc             ] GC(602) Pause Young (Allocation Failure) 4504M->2150M(7841M) 94.195ms
[2886.573s][info][gc,cpu         ] GC(602) User=0.56s Sys=0.00s Real=0.09s
......[2892.179s][info][gc,start       ] GC(603) Pause Young (Allocation Failure)
[2892.274s][info][gc,heap        ] GC(603) PSYoungGen: 2640288K(2648064K)->142112K(2649088K) Eden: 2501632K(2501632K)->0K(2502656K) From: 138656K(146432K)->142112K(146432K)
[2892.274s][info][gc,heap        ] GC(603) ParOldGen: 2063874K(5381632K)->2155498K(5381632K)
[2892.274s][info][gc,metaspace   ] GC(603) Metaspace: 29126K(29440K)->29126K(29440K) NonClass: 24235K(24384K)->24235K(24384K) Class: 4890K(5056K)->4890K(5056K)
[2892.274s][info][gc             ] GC(603) Pause Young (Allocation Failure) 4593M->2243M(7842M) 94.878ms
[2892.274s][info][gc,cpu         ] GC(603) User=0.57s Sys=0.00s Real=0.09s
.....[2897.778s][info][gc,start       ] GC(604) Pause Young (Allocation Failure)
[2897.871s][info][gc,heap        ] GC(604) PSYoungGen: 2644768K(2649088K)->138560K(2649088K) Eden: 2502656K(2502656K)->0K(2502656K) From: 142112K(146432K)->138560K(146432K)
[2897.871s][info][gc,heap        ] GC(604) ParOldGen: 2155498K(5381632K)->2248698K(5381632K)
[2897.872s][info][gc,metaspace   ] GC(604) Metaspace: 29126K(29440K)->29126K(29440K) NonClass: 24235K(24384K)->24235K(24384K) Class: 4890K(5056K)->4890K(5056K)
[2897.872s][info][gc             ] GC(604) Pause Young (Allocation Failure) 4687M->2331M(7842M) 93.518ms
[2897.872s][info][gc,cpu         ] GC(604) User=0.55s Sys=0.00s Real=0.10s
..... (rIR:aIR:PR = 3598:3596:3596) (tPR = 53481) [OK] 
  2901s: Performance info:
         Transaction,    Success,    Partial,     Failed,   Receipts, AvgBarcode, 
             Overall,     216184,          0,          0,     205382,      59.48, 
         Response times:
             Request,    Success,    Partial,     Failed,   SkipFail,     Probes,    Samples,      min,      p50,      p90,      p95,      p99,      max, 
       TotalPurchase,     205382,          0,          0,          0,     201698,     219543,      300,     2800,     4400,     5000,    14400,   110000,
     InStorePurchase,     108106,          0,          0,          0,     106437,     115606,      300,     2800,     4500,     5000,    15400,   110000,
      OnlinePurchase,      75655,          0,          0,          0,      74251,      80754,      300,     2700,     4300,     4900,    13345,   110000,
        InstPurchase,      21621,          0,          0,          0,      21010,      23183,      400,     2700,     4300,     4800,    14400,   106000,
          AssocOfCat,        216,          0,          0,          0,        159,        227,    17800,    26000,    33000,    36600,    47000,    53000,
      AssocOfProduct,       2161,          0,          0,          0,       2012,       2368,      500,     2300,     4300,     4700,    12100,   102000,
      BusinessReport,        539,          0,          0,          0,        469,        593,    19200,    31000,    39000,    46000,    55000,   133000,
          CustBuyBeh,       2157,          0,          0,          0,       1964,       2332,      200,      950,     4200,     4700,     6500,    36000,
       ProductReturn,       5729,          0,          0,          0,       5341,       6134,      200,     3200,     4600,     5200,    12625,   102000,

  2901s: (27%)   IR =   3736 .[2903.561s][info][gc,start       ] GC(605) Pause Young (Allocation Failure)
[2903.654s][info][gc,heap        ] GC(605) PSYoungGen: 2641216K(2649088K)->142976K(2649600K) Eden: 2502656K(2502656K)->0K(2503168K) From: 138560K(146432K)->142976K(146432K)
[2903.654s][info][gc,heap        ] GC(605) ParOldGen: 2248698K(5381632K)->2340746K(5381632K)
[2903.654s][info][gc,metaspace   ] GC(605) Metaspace: 29126K(29440K)->29126K(29440K) NonClass: 24235K(24384K)->24235K(24384K) Class: 4890K(5056K)->4890K(5056K)
[2903.654s][info][gc             ] GC(605) Pause Young (Allocation Failure) 4775M->2425M(7843M) 93.002ms
[2903.654s][info][gc,cpu         ] GC(605) User=0.55s Sys=0.00s Real=0.09s
...|..[2909.081s][info][gc,start       ] GC(606) Pause Young (Allocation Failure)
[2909.177s][info][gc,heap        ] GC(606) PSYoungGen: 2646144K(2649600K)->141888K(2649600K) Eden: 2503168K(2503168K)->0K(2503168K) From: 142976K(146432K)->141888K(146432K)
[2909.177s][info][gc,heap        ] GC(606) ParOldGen: 2340746K(5381632K)->2433914K(5381632K)
[2909.177s][info][gc,metaspace   ] GC(606) Metaspace: 29126K(29440K)->29126K(29440K) NonClass: 24235K(24384K)->24235K(24384K) Class: 4890K(5056K)->4890K(5056K)
[2909.177s][info][gc             ] GC(606) Pause Young (Allocation Failure) 4870M->2515M(7843M) 96.123ms
[2909.177s][info][gc,cpu         ] GC(606) User=0.57s Sys=0.00s Real=0.09s
......[2914.580s][info][gc,start       ] GC(607) Pause Young (Allocation Failure)
[2914.674s][info][gc,heap        ] GC(607) PSYoungGen: 2645056K(2649600K)->139808K(2648576K) Eden: 2503168K(2503168K)->0K(2503168K) From: 141888K(146432K)->139808K(145408K)
[2914.674s][info][gc,heap        ] GC(607) ParOldGen: 2433914K(5381632K)->2526570K(5381632K)
[2914.674s][info][gc,metaspace   ] GC(607) Metaspace: 29126K(29440K)->29126K(29440K) NonClass: 24235K(24384K)->24235K(24384K) Class: 4890K(5056K)->4890K(5056K)
[2914.674s][info][gc             ] GC(607) Pause Young (Allocation Failure) 4959M->2603M(7842M) 94.571ms
[2914.674s][info][gc,cpu         ] GC(607) User=0.56s Sys=0.00s Real=0.09s
.....[2920.059s][info][gc,start       ] GC(608) Pause Young (Allocation Failure)
[2920.153s][info][gc,heap        ] GC(608) PSYoungGen: 2642976K(2648576K)->140288K(2649088K) Eden: 2503168K(2503168K)->0K(2503168K) From: 139808K(145408K)->140288K(145920K)
[2920.153s][info][gc,heap        ] GC(608) ParOldGen: 2526570K(5381632K)->2619610K(5381632K)
[2920.153s][info][gc,metaspace   ] GC(608) Metaspace: 29126K(29440K)->29126K(29440K) NonClass: 24235K(24384K)->24235K(24384K) Class: 4890K(5056K)->4890K(5056K)
[2920.153s][info][gc             ] GC(608) Pause Young (Allocation Failure) 5048M->2695M(7842M) 94.196ms
[2920.153s][info][gc,cpu         ] GC(608) User=0.56s Sys=0.00s Real=0.09s
......[2925.560s][info][gc,start       ] GC(609) Pause Young (Allocation Failure)
[2925.656s][info][gc,heap        ] GC(609) PSYoungGen: 2643456K(2649088K)->140832K(2649088K) Eden: 2503168K(2503168K)->0K(2504192K) From: 140288K(145920K)->140832K(144896K)
[2925.656s][info][gc,heap        ] GC(609) ParOldGen: 2619610K(5381632K)->2711578K(5381632K)
[2925.656s][info][gc,metaspace   ] GC(609) Metaspace: 29126K(29440K)->29126K(29440K) NonClass: 24235K(24384K)->24235K(24384K) Class: 4890K(5056K)->4890K(5056K)
[2925.656s][info][gc             ] GC(609) Pause Young (Allocation Failure) 5139M->2785M(7842M) 95.705ms
[2925.656s][info][gc,cpu         ] GC(609) User=0.57s Sys=0.00s Real=0.09s
.....[2931.101s][info][gc,start       ] GC(610) Pause Young (Allocation Failure)
[2931.200s][info][gc,heap        ] GC(610) PSYoungGen: 2645024K(2649088K)->145120K(2649600K) Eden: 2504192K(2504192K)->0K(2504192K) From: 140832K(144896K)->145120K(145408K)
[2931.200s][info][gc,heap        ] GC(610) ParOldGen: 2711578K(5381632K)->2804442K(5381632K)
[2931.200s][info][gc,metaspace   ] GC(610) Metaspace: 29126K(29440K)->29126K(29440K) NonClass: 24235K(24384K)->24235K(24384K) Class: 4890K(5056K)->4890K(5056K)
[2931.200s][info][gc             ] GC(610) Pause Young (Allocation Failure) 5231M->2880M(7843M) 98.153ms
[2931.200s][info][gc,cpu         ] GC(610) User=0.58s Sys=0.00s Real=0.10s
......[2936.540s][info][gc,start       ] GC(611) Pause Young (Allocation Failure)
[2936.634s][info][gc,heap        ] GC(611) PSYoungGen: 2649312K(2649600K)->137888K(2649600K) Eden: 2504192K(2504192K)->0K(2503168K) From: 145120K(145408K)->137888K(146432K)
[2936.634s][info][gc,heap        ] GC(611) ParOldGen: 2804442K(5381632K)->2898258K(5381632K)
[2936.634s][info][gc,metaspace   ] GC(611) Metaspace: 29126K(29440K)->29126K(29440K) NonClass: 24235K(24384K)->24235K(24384K) Class: 4890K(5056K)->4890K(5056K)
[2936.634s][info][gc             ] GC(611) Pause Young (Allocation Failure) 5325M->2964M(7843M) 94.455ms
[2936.635s][info][gc,cpu         ] GC(611) User=0.56s Sys=0.00s Real=0.09s
.....[2941.973s][info][gc,start       ] GC(612) Pause Young (Allocation Failure)
[2942.067s][info][gc,heap        ] GC(612) PSYoungGen: 2641056K(2649600K)->140224K(2643456K) Eden: 2503168K(2503168K)->0K(2503168K) From: 137888K(146432K)->140224K(140288K)
[2942.067s][info][gc,heap        ] GC(612) ParOldGen: 2898258K(5381632K)->2990114K(5381632K)
[2942.067s][info][gc,metaspace   ] GC(612) Metaspace: 29126K(29440K)->29126K(29440K) NonClass: 24235K(24384K)->24235K(24384K) Class: 4890K(5056K)->4890K(5056K)
[2942.067s][info][gc             ] GC(612) Pause Young (Allocation Failure) 5409M->3056M(7837M) 93.900ms
[2942.067s][info][gc,cpu         ] GC(612) User=0.56s Sys=0.00s Real=0.09s
......[2947.488s][info][gc,start       ] GC(613) Pause Young (Allocation Failure)
[2947.581s][info][gc,heap        ] GC(613) PSYoungGen: 2643392K(2643456K)->138336K(2649088K) Eden: 2503168K(2503168K)->0K(2503168K) From: 140224K(140288K)->138336K(145920K)
[2947.581s][info][gc,heap        ] GC(613) ParOldGen: 2990114K(5381632K)->3081634K(5381632K)
[2947.581s][info][gc,metaspace   ] GC(613) Metaspace: 29126K(29440K)->29126K(29440K) NonClass: 24235K(24384K)->24235K(24384K) Class: 4890K(5056K)->4890K(5056K)
[2947.581s][info][gc             ] GC(613) Pause Young (Allocation Failure) 5501M->3144M(7842M) 93.091ms
[2947.581s][info][gc,cpu         ] GC(613) User=0.55s Sys=0.01s Real=0.10s
.....[2952.965s][info][gc,start       ] GC(614) Pause Young (Allocation Failure)
[2953.060s][info][gc,heap        ] GC(614) PSYoungGen: 2641504K(2649088K)->140096K(2649088K) Eden: 2503168K(2503168K)->0K(2503168K) From: 138336K(145920K)->140096K(145920K)
[2953.060s][info][gc,heap        ] GC(614) ParOldGen: 3081634K(5381632K)->3173874K(5381632K)
[2953.060s][info][gc,metaspace   ] GC(614) Metaspace: 29126K(29440K)->29126K(29440K) NonClass: 24235K(24384K)->24235K(24384K) Class: 4890K(5056K)->4890K(5056K)
[2953.060s][info][gc             ] GC(614) Pause Young (Allocation Failure) 5589M->3236M(7842M) 94.573ms
[2953.060s][info][gc,cpu         ] GC(614) User=0.56s Sys=0.00s Real=0.10s
......[2958.543s][info][gc,start       ] GC(615) Pause Young (Allocation Failure)
[2958.638s][info][gc,heap        ] GC(615) PSYoungGen: 2643264K(2649088K)->141216K(2649088K) Eden: 2503168K(2503168K)->0K(2504192K) From: 140096K(145920K)->141216K(144896K)
[2958.638s][info][gc,heap        ] GC(615) ParOldGen: 3173874K(5381632K)->3264962K(5381632K)
[2958.638s][info][gc,metaspace   ] GC(615) Metaspace: 29126K(29440K)->29126K(29440K) NonClass: 24235K(24384K)->24235K(24384K) Class: 4890K(5056K)->4890K(5056K)
[2958.638s][info][gc             ] GC(615) Pause Young (Allocation Failure) 5680M->3326M(7842M) 94.309ms
[2958.638s][info][gc,cpu         ] GC(615) User=0.55s Sys=0.00s Real=0.09s
.....[2964.061s][info][gc,start       ] GC(616) Pause Young (Allocation Failure)
[2964.156s][info][gc,heap        ] GC(616) PSYoungGen: 2645408K(2649088K)->142816K(2649600K) Eden: 2504192K(2504192K)->0K(2504192K) From: 141216K(144896K)->142816K(145408K)
[2964.156s][info][gc,heap        ] GC(616) ParOldGen: 3264962K(5381632K)->3358410K(5381632K)
[2964.156s][info][gc,metaspace   ] GC(616) Metaspace: 29126K(29440K)->29126K(29440K) NonClass: 24235K(24384K)->24235K(24384K) Class: 4890K(5056K)->4890K(5056K)
[2964.156s][info][gc             ] GC(616) Pause Young (Allocation Failure) 5771M->3419M(7843M) 95.673ms
[2964.156s][info][gc,cpu         ] GC(616) User=0.56s Sys=0.01s Real=0.09s
... (rIR:aIR:PR = 3736:3736:3736) (tPR = 55781) [OK] 
  2966s: Performance info:
         Transaction,    Success,    Partial,     Failed,   Receipts, AvgBarcode, 
             Overall,     224415,          0,          0,     213226,      59.47, 
         Response times:
             Request,    Success,    Partial,     Failed,   SkipFail,     Probes,    Samples,      min,      p50,      p90,      p95,      p99,      max, 
       TotalPurchase,     213226,          0,          0,          0,     209037,     223652,      300,     2800,     4500,     5100,    14900,   140000,
     InStorePurchase,     112229,          0,          0,          0,     110323,     117783,      300,     2800,     4500,     5000,    14900,   140000,
      OnlinePurchase,      78560,          0,          0,          0,      77022,      82370,      300,     2800,     4500,     5100,    14600,   140000,
        InstPurchase,      22437,          0,          0,          0,      21692,      23499,      400,     3100,     4600,     5200,    16600,   104000,
          AssocOfCat,        221,          0,          0,          0,        145,        216,    17900,    26000,    33000,    36000,    50640,    75000,
      AssocOfProduct,       2235,          0,          0,          0,       2046,       2386,      600,     2900,     4500,     5100,    13213,   113000,
      BusinessReport,        560,          0,          0,          0,        480,        613,    17800,    32000,    38600,    42000,    53860,   139000,
          CustBuyBeh,       2243,          0,          0,          0,       2055,       2340,      300,     2100,     4300,     4900,    10467,   110000,
       ProductReturn,       5930,          0,          0,          0,       5550,       6100,      200,     1900,     4000,     4500,     8999,   100000,

  2966s: (28%)   IR =   3874 ...[2969.520s][info][gc,start       ] GC(617) Pause Young (Allocation Failure)
[2969.617s][info][gc,heap        ] GC(617) PSYoungGen: 2647008K(2649600K)->144272K(2649088K) Eden: 2504192K(2504192K)->0K(2503168K) From: 142816K(145408K)->144272K(145920K)
[2969.617s][info][gc,heap        ] GC(617) ParOldGen: 3358410K(5381632K)->3451290K(5381632K)
[2969.617s][info][gc,metaspace   ] GC(617) Metaspace: 29126K(29440K)->29126K(29440K) NonClass: 24235K(24384K)->24235K(24384K) Class: 4890K(5056K)->4890K(5056K)
[2969.617s][info][gc             ] GC(617) Pause Young (Allocation Failure) 5864M->3511M(7842M) 97.111ms
[2969.617s][info][gc,cpu         ] GC(617) User=0.57s Sys=0.00s Real=0.09s
.|....[2974.735s][info][gc,start       ] GC(618) Pause Young (Allocation Failure)
[2974.831s][info][gc,heap        ] GC(618) PSYoungGen: 2647440K(2649088K)->140098K(2649600K) Eden: 2503168K(2503168K)->0K(2503168K) From: 144272K(145920K)->140098K(146432K)
[2974.831s][info][gc,heap        ] GC(618) ParOldGen: 3451290K(5381632K)->3545266K(5381632K)
[2974.831s][info][gc,metaspace   ] GC(618) Metaspace: 29126K(29440K)->29126K(29440K) NonClass: 24235K(24384K)->24235K(24384K) Class: 4890K(5056K)->4890K(5056K)
[2974.831s][info][gc             ] GC(618) Pause Young (Allocation Failure) 5955M->3598M(7843M) 96.237ms
[2974.831s][info][gc,cpu         ] GC(618) User=0.57s Sys=0.00s Real=0.10s
.....[2980.038s][info][gc,start       ] GC(619) Pause Young (Allocation Failure)
[2980.137s][info][gc,heap        ] GC(619) PSYoungGen: 2643266K(2649600K)->146400K(2576896K) Eden: 2503168K(2503168K)->0K(2430464K) From: 140098K(146432K)->146400K(146432K)
[2980.137s][info][gc,heap        ] GC(619) ParOldGen: 3545266K(5381632K)->3640674K(5381632K)
[2980.137s][info][gc,metaspace   ] GC(619) Metaspace: 29126K(29440K)->29126K(29440K) NonClass: 24235K(24384K)->24235K(24384K) Class: 4890K(5056K)->4890K(5056K)
[2980.137s][info][gc             ] GC(619) Pause Young (Allocation Failure) 6043M->3698M(7772M) 98.690ms
[2980.137s][info][gc,cpu         ] GC(619) User=0.58s Sys=0.00s Real=0.10s
.....[2985.167s][info][gc,start       ] GC(620) Pause Young (Allocation Failure)
[2985.263s][info][gc,heap        ] GC(620) PSYoungGen: 2576864K(2576896K)->141152K(2613248K) Eden: 2430464K(2430464K)->0K(2430464K) From: 146400K(146432K)->141152K(182784K)
[2985.263s][info][gc,heap        ] GC(620) ParOldGen: 3640674K(5381632K)->3731122K(5381632K)
[2985.263s][info][gc,metaspace   ] GC(620) Metaspace: 29126K(29440K)->29126K(29440K) NonClass: 24235K(24384K)->24235K(24384K) Class: 4890K(5056K)->4890K(5056K)
[2985.263s][info][gc             ] GC(620) Pause Young (Allocation Failure) 6071M->3781M(7807M) 95.975ms
[2985.264s][info][gc,cpu         ] GC(620) User=0.57s Sys=0.00s Real=0.10s
......[2990.334s][info][gc,start       ] GC(621) Pause Young (Allocation Failure)
[2990.430s][info][gc,heap        ] GC(621) PSYoungGen: 2571616K(2613248K)->139284K(2609152K) Eden: 2430464K(2430464K)->0K(2431488K) From: 141152K(182784K)->139284K(177664K)
[2990.430s][info][gc,heap        ] GC(621) ParOldGen: 3731122K(5381632K)->3822266K(5381632K)
[2990.430s][info][gc,metaspace   ] GC(621) Metaspace: 29126K(29440K)->29126K(29440K) NonClass: 24235K(24384K)->24235K(24384K) Class: 4890K(5056K)->4890K(5056K)
[2990.430s][info][gc             ] GC(621) Pause Young (Allocation Failure) 6155M->3868M(7803M) 96.323ms
[2990.430s][info][gc,cpu         ] GC(621) User=0.57s Sys=0.00s Real=0.10s
.....[2995.512s][info][gc,start       ] GC(622) Pause Young (Allocation Failure)
[2995.609s][info][gc,heap        ] GC(622) PSYoungGen: 2570772K(2609152K)->141588K(2611712K) Eden: 2431488K(2431488K)->0K(2431488K) From: 139284K(177664K)->141588K(180224K)
[2995.609s][info][gc,heap        ] GC(622) ParOldGen: 3822266K(5381632K)->3912962K(5381632K)
[2995.609s][info][gc,metaspace   ] GC(622) Metaspace: 29126K(29440K)->29126K(29440K) NonClass: 24235K(24384K)->24235K(24384K) Class: 4890K(5056K)->4890K(5056K)
[2995.609s][info][gc             ] GC(622) Pause Young (Allocation Failure) 6243M->3959M(7806M) 96.630ms
[2995.609s][info][gc,cpu         ] GC(622) User=0.57s Sys=0.00s Real=0.10s
.....[3000.676s][info][gc,start       ] GC(623) Pause Young (Allocation Failure)
[3000.772s][info][gc,heap        ] GC(623) PSYoungGen: 2573076K(2611712K)->138720K(2611712K) Eden: 2431488K(2431488K)->0K(2437120K) From: 141588K(180224K)->138720K(174592K)
[3000.773s][info][gc,heap        ] GC(623) ParOldGen: 3912962K(5381632K)->4004762K(5381632K)
[3000.773s][info][gc,metaspace   ] GC(623) Metaspace: 29126K(29440K)->29126K(29440K) NonClass: 24235K(24384K)->24235K(24384K) Class: 4890K(5056K)->4890K(5056K)
[3000.773s][info][gc             ] GC(623) Pause Young (Allocation Failure) 6334M->4046M(7806M) 96.447ms
[3000.773s][info][gc,cpu         ] GC(623) User=0.57s Sys=0.00s Real=0.10s
.....[3005.836s][info][gc,start       ] GC(624) Pause Young (Allocation Failure)
[3005.930s][info][gc,heap        ] GC(624) PSYoungGen: 2575840K(2611712K)->137024K(2614272K) Eden: 2437120K(2437120K)->0K(2437120K) From: 138720K(174592K)->137024K(177152K)
[3005.930s][info][gc,heap        ] GC(624) ParOldGen: 4004762K(5381632K)->4096506K(5381632K)
[3005.930s][info][gc,metaspace   ] GC(624) Metaspace: 29126K(29440K)->29126K(29440K) NonClass: 24235K(24384K)->24235K(24384K) Class: 4890K(5056K)->4890K(5056K)
[3005.930s][info][gc             ] GC(624) Pause Young (Allocation Failure) 6426M->4134M(7808M) 93.672ms
[3005.930s][info][gc,cpu         ] GC(624) User=0.55s Sys=0.00s Real=0.10s
.....[3010.974s][info][gc,start       ] GC(625) Pause Young (Allocation Failure)
[3011.069s][info][gc,heap        ] GC(625) PSYoungGen: 2574144K(2614272K)->137472K(2614784K) Eden: 2437120K(2437120K)->0K(2442752K) From: 137024K(177152K)->137472K(172032K)
[3011.069s][info][gc,heap        ] GC(625) ParOldGen: 4096506K(5381632K)->4187778K(5381632K)
[3011.069s][info][gc,metaspace   ] GC(625) Metaspace: 29126K(29440K)->29126K(29440K) NonClass: 24235K(24384K)->24235K(24384K) Class: 4890K(5056K)->4890K(5056K)
[3011.069s][info][gc             ] GC(625) Pause Young (Allocation Failure) 6514M->4223M(7809M) 95.372ms
[3011.069s][info][gc,cpu         ] GC(625) User=0.57s Sys=0.00s Real=0.10s
.....[3016.138s][info][gc,start       ] GC(626) Pause Young (Allocation Failure)
[3016.238s][info][gc,heap        ] GC(626) PSYoungGen: 2580224K(2614784K)->144794K(2617344K) Eden: 2442752K(2442752K)->0K(2442752K) From: 137472K(172032K)->144794K(174592K)
[3016.238s][info][gc,heap        ] GC(626) ParOldGen: 4187778K(5381632K)->4278554K(5381632K)
[3016.238s][info][gc,metaspace   ] GC(626) Metaspace: 29126K(29440K)->29126K(29440K) NonClass: 24235K(24384K)->24235K(24384K) Class: 4890K(5056K)->4890K(5056K)
[3016.238s][info][gc             ] GC(626) Pause Young (Allocation Failure) 6609M->4319M(7811M) 99.459ms
[3016.238s][info][gc,cpu         ] GC(626) User=0.58s Sys=0.01s Real=0.10s
......[3021.359s][info][gc,start       ] GC(627) Pause Young (Allocation Failure)
[3021.454s][info][gc,heap        ] GC(627) PSYoungGen: 2587546K(2617344K)->136384K(2619904K) Eden: 2442752K(2442752K)->0K(2449920K) From: 144794K(174592K)->136384K(169984K)
[3021.454s][info][gc,heap        ] GC(627) ParOldGen: 4278554K(5381632K)->4369946K(5381632K)
[3021.454s][info][gc,metaspace   ] GC(627) Metaspace: 29126K(29440K)->29126K(29440K) NonClass: 24235K(24384K)->24235K(24384K) Class: 4890K(5056K)->4890K(5056K)
[3021.454s][info][gc             ] GC(627) Pause Young (Allocation Failure) 6705M->4400M(7814M) 94.978ms
[3021.454s][info][gc,cpu         ] GC(627) User=0.56s Sys=0.00s Real=0.09s
.....[3026.540s][info][gc,start       ] GC(628) Pause Young (Allocation Failure)
[3026.636s][info][gc,heap        ] GC(628) PSYoungGen: 2586304K(2619904K)->138400K(2620416K) Eden: 2449920K(2449920K)->0K(2449920K) From: 136384K(169984K)->138400K(170496K)
[3026.636s][info][gc,heap        ] GC(628) ParOldGen: 4369946K(5381632K)->4461546K(5381632K)
[3026.636s][info][gc,metaspace   ] GC(628) Metaspace: 29126K(29440K)->29126K(29440K) NonClass: 24235K(24384K)->24235K(24384K) Class: 4890K(5056K)->4890K(5056K)
[3026.636s][info][gc             ] GC(628) Pause Young (Allocation Failure) 6793M->4492M(7814M) 95.677ms
[3026.636s][info][gc,cpu         ] GC(628) User=0.57s Sys=0.00s Real=0.09s
.... (rIR:aIR:PR = 3874:3874:3874) (tPR = 57638) [OK] 
  3030s: Performance info:
         Transaction,    Success,    Partial,     Failed,   Receipts, AvgBarcode, 
             Overall,     232572,          0,          0,     220954,      59.48, 
         Response times:
             Request,    Success,    Partial,     Failed,   SkipFail,     Probes,    Samples,      min,      p50,      p90,      p95,      p99,      max, 
       TotalPurchase,     220955,          0,          0,          0,     216594,     231780,      300,     2900,     4700,     5500,    18200,   139000,
     InStorePurchase,     116314,          0,          0,          0,     114302,     121905,      300,     2900,     4700,     5500,    18700,   139000,
      OnlinePurchase,      81388,          0,          0,          0,      79692,      85335,      300,     2800,     4700,     5500,    17600,   138000,
        InstPurchase,      23253,          0,          0,          0,      22600,      24540,      400,     3000,     4800,     5500,    17659,   114000,
          AssocOfCat,        231,          0,          0,          0,        186,        271,    17000,    26000,    35000,    44400,   132560,   143000,
      AssocOfProduct,       2321,          0,          0,          0,       2110,       2444,      900,     4200,     5700,     6800,    35000,   106000,
      BusinessReport,        577,          0,          0,          0,        473,        609,    19000,    32000,    40000,    47000,   140800,   158000,
          CustBuyBeh,       2328,          0,          0,          0,       2130,       2424,      300,     4100,     5500,     6600,    25000,   103000,
       ProductReturn,       6161,          0,          0,          0,       5811,       6494,      200,     3300,     4900,     5700,    24000,   105000,

  3030s: (29%)   IR =   4013 .[3031.721s][info][gc,start       ] GC(629) Pause Young (Allocation Failure)
[3031.817s][info][gc,heap        ] GC(629) PSYoungGen: 2588320K(2620416K)->139168K(2623488K) Eden: 2449920K(2449920K)->0K(2456576K) From: 138400K(170496K)->139168K(166912K)
[3031.817s][info][gc,heap        ] GC(629) ParOldGen: 4461546K(5381632K)->4553178K(5381632K)
[3031.817s][info][gc,metaspace   ] GC(629) Metaspace: 29126K(29440K)->29126K(29440K) NonClass: 24235K(24384K)->24235K(24384K) Class: 4890K(5056K)->4890K(5056K)
[3031.817s][info][gc             ] GC(629) Pause Young (Allocation Failure) 6884M->4582M(7817M) 96.542ms
[3031.817s][info][gc,cpu         ] GC(629) User=0.57s Sys=0.01s Real=0.09s
...|..[3036.794s][info][gc,start       ] GC(630) Pause Young (Allocation Failure)
[3036.892s][info][gc,heap        ] GC(630) PSYoungGen: 2595744K(2623488K)->138816K(2624000K) Eden: 2456576K(2456576K)->0K(2456576K) From: 139168K(166912K)->138816K(167424K)
[3036.892s][info][gc,heap        ] GC(630) ParOldGen: 4553178K(5381632K)->4644858K(5381632K)
[3036.892s][info][gc,metaspace   ] GC(630) Metaspace: 29126K(29440K)->29126K(29440K) NonClass: 24235K(24384K)->24235K(24384K) Class: 4890K(5056K)->4890K(5056K)
[3036.892s][info][gc             ] GC(630) Pause Young (Allocation Failure) 6981M->4671M(7818M) 97.563ms
[3036.892s][info][gc,cpu         ] GC(630) User=0.57s Sys=0.00s Real=0.10s
.....[3041.735s][info][gc,start       ] GC(631) Pause Young (Allocation Failure)
[3041.833s][info][gc,heap        ] GC(631) PSYoungGen: 2595392K(2624000K)->141093K(2625536K) Eden: 2456576K(2456576K)->0K(2462720K) From: 138816K(167424K)->141093K(162816K)
[3041.833s][info][gc,heap        ] GC(631) ParOldGen: 4644858K(5381632K)->4737402K(5381632K)
[3041.833s][info][gc,metaspace   ] GC(631) Metaspace: 29126K(29440K)->29126K(29440K) NonClass: 24235K(24384K)->24235K(24384K) Class: 4890K(5056K)->4890K(5056K)
[3041.833s][info][gc             ] GC(631) Pause Young (Allocation Failure) 7070M->4764M(7819M) 97.638ms
[3041.833s][info][gc,cpu         ] GC(631) User=0.58s Sys=0.00s Real=0.10s
.....[3046.827s][info][gc,start       ] GC(632) Pause Young (Allocation Failure)
[3046.924s][info][gc,heap        ] GC(632) PSYoungGen: 2603813K(2625536K)->140000K(2626560K) Eden: 2462720K(2462720K)->0K(2462720K) From: 141093K(162816K)->140000K(163840K)
[3046.924s][info][gc,heap        ] GC(632) ParOldGen: 4737402K(5381632K)->4827458K(5381632K)
[3046.924s][info][gc,metaspace   ] GC(632) Metaspace: 29126K(29440K)->29126K(29440K) NonClass: 24235K(24384K)->24235K(24384K) Class: 4890K(5056K)->4890K(5056K)
[3046.924s][info][gc             ] GC(632) Pause Young (Allocation Failure) 7169M->4851M(7820M) 96.633ms
[3046.924s][info][gc,cpu         ] GC(632) User=0.56s Sys=0.00s Real=0.10s
.....[3051.854s][info][gc,start       ] GC(633) Pause Young (Allocation Failure)
[3051.951s][info][gc,heap        ] GC(633) PSYoungGen: 2602720K(2626560K)->138752K(2629632K) Eden: 2462720K(2462720K)->0K(2469888K) From: 140000K(163840K)->138752K(159744K)
[3051.951s][info][gc,heap        ] GC(633) ParOldGen: 4827458K(5381632K)->4920610K(5381632K)
[3051.951s][info][gc,metaspace   ] GC(633) Metaspace: 29126K(29440K)->29126K(29440K) NonClass: 24235K(24384K)->24235K(24384K) Class: 4890K(5056K)->4890K(5056K)
[3051.951s][info][gc             ] GC(633) Pause Young (Allocation Failure) 7256M->4940M(7823M) 97.175ms
[3051.951s][info][gc,cpu         ] GC(633) User=0.58s Sys=0.00s Real=0.10s
.....[3056.950s][info][gc,start       ] GC(634) Pause Young (Allocation Failure)
[3057.048s][info][gc,heap        ] GC(634) PSYoungGen: 2608640K(2629632K)->140864K(2630656K) Eden: 2469888K(2469888K)->0K(2469888K) From: 138752K(159744K)->140864K(160768K)
[3057.048s][info][gc,heap        ] GC(634) ParOldGen: 4920610K(5381632K)->5012234K(5381632K)
[3057.048s][info][gc,metaspace   ] GC(634) Metaspace: 29126K(29440K)->29126K(29440K) NonClass: 24235K(24384K)->24235K(24384K) Class: 4890K(5056K)->4890K(5056K)
[3057.048s][info][gc             ] GC(634) Pause Young (Allocation Failure) 7352M->5032M(7824M) 97.791ms
[3057.048s][info][gc,cpu         ] GC(634) User=0.57s Sys=0.00s Real=0.09s
.....[3062.019s][info][gc,start       ] GC(635) Pause Young (Allocation Failure)
[3062.116s][info][gc,heap        ] GC(635) PSYoungGen: 2610752K(2630656K)->140384K(2632704K) Eden: 2469888K(2469888K)->0K(2476032K) From: 140864K(160768K)->140384K(156672K)
[3062.116s][info][gc,heap        ] GC(635) ParOldGen: 5012234K(5381632K)->5104802K(5381632K)
[3062.116s][info][gc,metaspace   ] GC(635) Metaspace: 29126K(29440K)->29126K(29440K) NonClass: 24235K(24384K)->24235K(24384K) Class: 4890K(5056K)->4890K(5056K)
[3062.116s][info][gc             ] GC(635) Pause Young (Allocation Failure) 7444M->5122M(7826M) 96.602ms
[3062.116s][info][gc,cpu         ] GC(635) User=0.57s Sys=0.00s Real=0.09s
.....[3066.996s][info][gc,start       ] GC(636) Pause Young (Allocation Failure)
[3067.095s][info][gc,heap        ] GC(636) PSYoungGen: 2616416K(2632704K)->142672K(2633728K) Eden: 2476032K(2476032K)->0K(2476032K) From: 140384K(156672K)->142672K(157696K)
[3067.095s][info][gc,heap        ] GC(636) ParOldGen: 5104802K(5381632K)->5197050K(5381632K)
[3067.095s][info][gc,metaspace   ] GC(636) Metaspace: 29126K(29440K)->29126K(29440K) NonClass: 24235K(24384K)->24235K(24384K) Class: 4890K(5056K)->4890K(5056K)
[3067.095s][info][gc             ] GC(636) Pause Young (Allocation Failure) 7540M->5214M(7827M) 99.627ms
[3067.095s][info][gc,cpu         ] GC(636) User=0.58s Sys=0.00s Real=0.10s
.....[3072.082s][info][gc,start       ] GC(637) Pause Young (Allocation Failure)
[3072.182s][info][gc,heap        ] GC(637) PSYoungGen: 2618704K(2633728K)->143648K(2636288K) Eden: 2476032K(2476032K)->0K(2481664K) From: 142672K(157696K)->143648K(154624K)
[3072.182s][info][gc,heap        ] GC(637) ParOldGen: 5197050K(5381632K)->5288114K(5381632K)
[3072.182s][info][gc,metaspace   ] GC(637) Metaspace: 29126K(29440K)->29126K(29440K) NonClass: 24235K(24384K)->24235K(24384K) Class: 4890K(5056K)->4890K(5056K)
[3072.182s][info][gc             ] GC(637) Pause Young (Allocation Failure) 7632M->5304M(7830M) 100.070ms
[3072.182s][info][gc,cpu         ] GC(637) User=0.59s Sys=0.00s Real=0.10s
.....[3077.106s][info][gc,start       ] GC(638) Pause Young (Allocation Failure)
[3077.210s][info][gc,heap        ] GC(638) PSYoungGen: 2625312K(2636288K)->148132K(2637312K) Eden: 2481664K(2481664K)->0K(2481664K) From: 143648K(154624K)->148132K(155648K)
[3077.210s][info][gc,heap        ] GC(638) ParOldGen: 5288114K(5381632K)->5380986K(5381632K)
[3077.210s][info][gc,metaspace   ] GC(638) Metaspace: 29126K(29440K)->29126K(29440K) NonClass: 24235K(24384K)->24235K(24384K) Class: 4890K(5056K)->4890K(5056K)
[3077.210s][info][gc             ] GC(638) Pause Young (Allocation Failure) 7727M->5399M(7831M) 104.423ms
[3077.210s][info][gc,cpu         ] GC(638) User=0.61s Sys=0.00s Real=0.11s
.....[3082.208s][info][gc,start       ] GC(639) Pause Young (Allocation Failure)
[3082.309s][info][gc,heap        ] GC(639) PSYoungGen: 2629796K(2637312K)->142912K(2639360K) Eden: 2481664K(2481664K)->0K(2483712K) From: 148132K(155648K)->142912K(155648K)
[3082.309s][info][gc,heap        ] GC(639) ParOldGen: 5380986K(5381632K)->5471658K(5471744K)
[3082.309s][info][gc,metaspace   ] GC(639) Metaspace: 29126K(29440K)->29126K(29440K) NonClass: 24235K(24384K)->24235K(24384K) Class: 4890K(5056K)->4890K(5056K)
[3082.309s][info][gc             ] GC(639) Pause Young (Allocation Failure) 7823M->5482M(7921M) 100.778ms
[3082.309s][info][gc,cpu         ] GC(639) User=0.57s Sys=0.03s Real=0.11s
.....[3087.332s][info][gc,start       ] GC(640) Pause Young (Allocation Failure)
[3087.434s][info][gc,heap        ] GC(640) PSYoungGen: 2626624K(2639360K)->140224K(2639360K) Eden: 2483712K(2483712K)->0K(2483712K) From: 142912K(155648K)->140224K(155648K)
[3087.435s][info][gc,heap        ] GC(640) ParOldGen: 5471658K(5471744K)->5564970K(5565440K)
[3087.435s][info][gc,metaspace   ] GC(640) Metaspace: 29126K(29440K)->29126K(29440K) NonClass: 24235K(24384K)->24235K(24384K) Class: 4890K(5056K)->4890K(5056K)
[3087.435s][info][gc             ] GC(640) Pause Young (Allocation Failure) 7908M->5571M(8012M) 102.288ms
[3087.435s][info][gc,cpu         ] GC(640) User=0.57s Sys=0.04s Real=0.10s
.....[3092.339s][info][gc,start       ] GC(641) Pause Full (Allocation Failure)
[3092.339s][info][gc,phases,start] GC(641) Marking Phase
[3092.623s][info][gc,phases      ] GC(641) Marking Phase 284.788ms
[3092.623s][info][gc,phases,start] GC(641) Summary Phase
[3092.624s][info][gc,phases      ] GC(641) Summary Phase 0.093ms
[3092.624s][info][gc,phases,start] GC(641) Forward
[3092.743s][info][gc,phases      ] GC(641) Forward 119.658ms
[3092.743s][info][gc,phases,start] GC(641) Adjust Pointers
[3092.937s][info][gc,phases      ] GC(641) Adjust Pointers 193.254ms
[3092.937s][info][gc,phases,start] GC(641) Compaction Phase
[3093.061s][info][gc,phases      ] GC(641) Compaction Phase 124.961ms
[3093.062s][info][gc,phases,start] GC(641) Post Compact
[3093.069s][info][gc,phases      ] GC(641) Post Compact 6.932ms
[3093.156s][info][gc,heap        ] GC(641) PSYoungGen: 2623936K(2639360K)->0K(2639360K) Eden: 2483712K(2483712K)->0K(2484736K) From: 140224K(155648K)->0K(154624K)
[3093.156s][info][gc,heap        ] GC(641) ParOldGen: 5564970K(5565440K)->1410620K(1615360K)
[3093.156s][info][gc,metaspace   ] GC(641) Metaspace: 29126K(29440K)->29126K(29440K) NonClass: 24235K(24384K)->24235K(24384K) Class: 4890K(5056K)->4890K(5056K)
[3093.156s][info][gc             ] GC(641) Pause Full (Allocation Failure) 7996M->1377M(4155M) 817.004ms
[3093.156s][info][gc,cpu         ] GC(641) User=3.95s Sys=0.09s Real=0.81s
... (rIR:aIR:PR = 4013:4011:4011) (tPR = 59591) [OK] 
  3095s: Performance info:
         Transaction,    Success,    Partial,     Failed,   Receipts, AvgBarcode, 
             Overall,     244027,          0,          0,     231838,      59.48, 
         Response times:
             Request,    Success,    Partial,     Failed,   SkipFail,     Probes,    Samples,      min,      p50,      p90,      p95,      p99,      max, 
       TotalPurchase,     231838,          0,          0,          0,     227045,     243814,      300,     3100,     5100,     6600,   156000,   257000,
     InStorePurchase,     122020,          0,          0,          0,     119404,     127959,      300,     3100,     5100,     6600,   156000,   218000,
      OnlinePurchase,      85411,          0,          0,          0,      83922,      90108,      300,     3000,     5000,     6500,   153000,   257000,
        InstPurchase,      24407,          0,          0,          0,      23719,      25747,      400,     3300,     5100,     6600,   164000,   255000,
          AssocOfCat,        242,          0,          0,          0,        195,        277,    16800,    27000,    36000,    40200,   214200,   257000,
      AssocOfProduct,       2448,          0,          0,          0,       2217,       2561,      600,     3300,     5500,     6880,   118000,   257000,
      BusinessReport,        614,          0,          0,          0,        539,        679,    19200,    32000,    41000,    52000,   145400,   160000,
          CustBuyBeh,       2438,          0,          0,          0,       2232,       2576,      200,     1500,     3100,     4200,    69000,   194000,
       ProductReturn,       6447,          0,          0,          0,       6029,       6774,      200,     2300,     4800,     6200,   118250,   150000,

  3095s: (30%)   IR =   4151 ..[3097.404s][info][gc,start       ] GC(642) Pause Young (Allocation Failure)
[3097.468s][info][gc,heap        ] GC(642) PSYoungGen: 2484736K(2639360K)->138144K(2639360K) Eden: 2484736K(2484736K)->0K(2484736K) From: 0K(154624K)->138144K(154624K)
[3097.468s][info][gc,heap        ] GC(642) ParOldGen: 1410620K(1615360K)->1410620K(1615360K)
[3097.468s][info][gc,metaspace   ] GC(642) Metaspace: 29126K(29440K)->29126K(29440K) NonClass: 24235K(24384K)->24235K(24384K) Class: 4890K(5056K)->4890K(5056K)
[3097.468s][info][gc             ] GC(642) Pause Young (Allocation Failure) 3804M->1512M(4155M) 64.300ms
[3097.469s][info][gc,cpu         ] GC(642) User=0.38s Sys=0.00s Real=0.07s
..|...[3102.312s][info][gc,start       ] GC(643) Pause Young (Allocation Failure)
[3102.406s][info][gc,heap        ] GC(643) PSYoungGen: 2622880K(2639360K)->141717K(2639872K) Eden: 2484736K(2484736K)->0K(2487296K) From: 138144K(154624K)->141717K(152576K)
[3102.406s][info][gc,heap        ] GC(643) ParOldGen: 1410620K(1615360K)->1502900K(1615360K)
[3102.406s][info][gc,metaspace   ] GC(643) Metaspace: 29126K(29440K)->29126K(29440K) NonClass: 24235K(24384K)->24235K(24384K) Class: 4890K(5056K)->4890K(5056K)
[3102.406s][info][gc             ] GC(643) Pause Young (Allocation Failure) 3938M->1606M(4155M) 94.372ms
[3102.406s][info][gc,cpu         ] GC(643) User=0.56s Sys=0.00s Real=0.09s
.....[3107.233s][info][gc,start       ] GC(644) Pause Young (Allocation Failure)
[3107.325s][info][gc,heap        ] GC(644) PSYoungGen: 2629013K(2639872K)->139200K(2640384K) Eden: 2487296K(2487296K)->0K(2487296K) From: 141717K(152576K)->139200K(153088K)
[3107.325s][info][gc,heap        ] GC(644) ParOldGen: 1502900K(1615360K)->1594468K(1615360K)
[3107.325s][info][gc,metaspace   ] GC(644) Metaspace: 29126K(29440K)->29126K(29440K) NonClass: 24235K(24384K)->24235K(24384K) Class: 4890K(5056K)->4890K(5056K)
[3107.325s][info][gc             ] GC(644) Pause Young (Allocation Failure) 4035M->1693M(4156M) 91.378ms
[3107.325s][info][gc,cpu         ] GC(644) User=0.54s Sys=0.00s Real=0.09s
....[3112.171s][info][gc,start       ] GC(645) Pause Young (Allocation Failure)
[3112.272s][info][gc,heap        ] GC(645) PSYoungGen: 2626496K(2640384K)->147333K(2641408K) Eden: 2487296K(2487296K)->0K(2488832K) From: 139200K(153088K)->147333K(152576K)
[3112.272s][info][gc,heap        ] GC(645) ParOldGen: 1594468K(1615360K)->1687876K(1688064K)
[3112.272s][info][gc,metaspace   ] GC(645) Metaspace: 29126K(29440K)->29126K(29440K) NonClass: 24235K(24384K)->24235K(24384K) Class: 4890K(5056K)->4890K(5056K)
[3112.272s][info][gc             ] GC(645) Pause Young (Allocation Failure) 4122M->1792M(4228M) 101.132ms
[3112.272s][info][gc,cpu         ] GC(645) User=0.58s Sys=0.03s Real=0.10s
.....[3117.127s][info][gc,start       ] GC(646) Pause Young (Allocation Failure)
[3117.228s][info][gc,heap        ] GC(646) PSYoungGen: 2636165K(2641408K)->145572K(2642432K) Eden: 2488832K(2488832K)->0K(2488832K) From: 147333K(152576K)->145572K(153600K)
[3117.228s][info][gc,heap        ] GC(646) ParOldGen: 1687876K(1688064K)->1780956K(1781248K)
[3117.228s][info][gc,metaspace   ] GC(646) Metaspace: 29126K(29440K)->29126K(29440K) NonClass: 24235K(24384K)->24235K(24384K) Class: 4890K(5056K)->4890K(5056K)
[3117.228s][info][gc             ] GC(646) Pause Young (Allocation Failure) 4222M->1881M(4320M) 100.925ms
[3117.228s][info][gc,cpu         ] GC(646) User=0.57s Sys=0.04s Real=0.10s
.....[3122.019s][info][gc,start       ] GC(647) Pause Young (Allocation Failure)
[3122.117s][info][gc,heap        ] GC(647) PSYoungGen: 2634404K(2642432K)->142208K(2640384K) Eden: 2488832K(2488832K)->0K(2488832K) From: 145572K(153600K)->142208K(151552K)
[3122.117s][info][gc,heap        ] GC(647) ParOldGen: 1780956K(1781248K)->1872364K(1872384K)
[3122.117s][info][gc,metaspace   ] GC(647) Metaspace: 29126K(29440K)->29126K(29440K) NonClass: 24235K(24384K)->24235K(24384K) Class: 4890K(5056K)->4890K(5056K)
[3122.117s][info][gc             ] GC(647) Pause Young (Allocation Failure) 4311M->1967M(4407M) 98.203ms
[3122.117s][info][gc,cpu         ] GC(647) User=0.55s Sys=0.03s Real=0.09s
..[3124.071s][info][gc,start       ] GC(648) Pause Full (Diagnostic Command)
[3124.071s][info][gc,phases,start] GC(648) Marking Phase
[3124.351s][info][gc,phases      ] GC(648) Marking Phase 280.186ms
[3124.351s][info][gc,phases,start] GC(648) Summary Phase
[3124.351s][info][gc,phases      ] GC(648) Summary Phase 0.040ms
[3124.351s][info][gc,phases,start] GC(648) Forward
[3124.511s][info][gc,phases      ] GC(648) Forward 160.441ms
[3124.511s][info][gc,phases,start] GC(648) Adjust Pointers
[3124.711s][info][gc,phases      ] GC(648) Adjust Pointers 199.989ms
[3124.711s][info][gc,phases,start] GC(648) Compaction Phase
[3124.875s][info][gc,phases      ] GC(648) Compaction Phase 162.998ms
[3124.877s][info][gc,phases,start] GC(648) Post Compact
[3124.880s][info][gc,phases      ] GC(648) Post Compact 2.557ms
[3124.880s][info][gc,heap        ] GC(648) PSYoungGen: 1166622K(2640384K)->0K(2640384K) Eden: 1024414K(2488832K)->0K(2488832K) From: 142208K(151552K)->0K(151552K)
[3124.880s][info][gc,heap        ] GC(648) ParOldGen: 1872364K(1872384K)->1136218K(1872384K)
[3124.880s][info][gc,metaspace   ] GC(648) Metaspace: 29126K(29440K)->29126K(29440K) NonClass: 24235K(24384K)->24235K(24384K) Class: 4890K(5056K)->4890K(5056K)
[3124.880s][info][gc             ] GC(648) Pause Full (Diagnostic Command) 2967M->1109M(4407M) 808.998ms
[3124.880s][info][gc,cpu         ] GC(648) User=4.34s Sys=0.00s Real=0.81s
.....[3128.966s][info][gc,start       ] GC(649) Pause Young (Allocation Failure)
[3129.031s][info][gc,heap        ] GC(649) PSYoungGen: 2488832K(2640384K)->144448K(2641408K) Eden: 2488832K(2488832K)->0K(2488832K) From: 0K(151552K)->144448K(152576K)
[3129.031s][info][gc,heap        ] GC(649) ParOldGen: 1136218K(1872384K)->1136218K(1872384K)
[3129.031s][info][gc,metaspace   ] GC(649) Metaspace: 29126K(29440K)->29126K(29440K) NonClass: 24235K(24384K)->24235K(24384K) Class: 4890K(5056K)->4890K(5056K)
[3129.031s][info][gc             ] GC(649) Pause Young (Allocation Failure) 3540M->1250M(4408M) 64.827ms
[3129.031s][info][gc,cpu         ] GC(649) User=0.38s Sys=0.00s Real=0.07s
....[3133.811s][info][gc,start       ] GC(650) Pause Young (Allocation Failure)
[3133.908s][info][gc,heap        ] GC(650) PSYoungGen: 2633280K(2641408K)->146928K(2641920K) Eden: 2488832K(2488832K)->0K(2489856K) From: 144448K(152576K)->146928K(152064K)
[3133.908s][info][gc,heap        ] GC(650) ParOldGen: 1136218K(1872384K)->1228314K(1872384K)
[3133.908s][info][gc,metaspace   ] GC(650) Metaspace: 29126K(29440K)->29126K(29440K) NonClass: 24235K(24384K)->24235K(24384K) Class: 4890K(5056K)->4890K(5056K)
[3133.908s][info][gc             ] GC(650) Pause Young (Allocation Failure) 3681M->1343M(4408M) 96.685ms
[3133.908s][info][gc,cpu         ] GC(650) User=0.57s Sys=0.00s Real=0.09s
.....[3138.674s][info][gc,start       ] GC(651) Pause Young (Allocation Failure)
[3138.769s][info][gc,heap        ] GC(651) PSYoungGen: 2636784K(2641920K)->140290K(2642944K) Eden: 2489856K(2489856K)->0K(2489856K) From: 146928K(152064K)->140290K(153088K)
[3138.769s][info][gc,heap        ] GC(651) ParOldGen: 1228314K(1872384K)->1319874K(1872384K)
[3138.769s][info][gc,metaspace   ] GC(651) Metaspace: 29126K(29440K)->29126K(29440K) NonClass: 24235K(24384K)->24235K(24384K) Class: 4890K(5056K)->4890K(5056K)
[3138.769s][info][gc             ] GC(651) Pause Young (Allocation Failure) 3774M->1425M(4409M) 95.541ms
[3138.769s][info][gc,cpu         ] GC(651) User=0.56s Sys=0.00s Real=0.10s
.....[3143.735s][info][gc,start       ] GC(652) Pause Young (Allocation Failure)
[3143.829s][info][gc,heap        ] GC(652) PSYoungGen: 2630146K(2642944K)->143488K(2640384K) Eden: 2489856K(2489856K)->0K(2490368K) From: 140290K(153088K)->143488K(150016K)
[3143.829s][info][gc,heap        ] GC(652) ParOldGen: 1319874K(1872384K)->1410994K(1872384K)
[3143.829s][info][gc,metaspace   ] GC(652) Metaspace: 29126K(29440K)->29126K(29440K) NonClass: 24235K(24384K)->24235K(24384K) Class: 4890K(5056K)->4890K(5056K)
[3143.829s][info][gc             ] GC(652) Pause Young (Allocation Failure) 3857M->1518M(4407M) 94.255ms
[3143.829s][info][gc,cpu         ] GC(652) User=0.56s Sys=0.00s Real=0.10s
.....[3148.591s][info][gc,start       ] GC(653) Pause Young (Allocation Failure)
[3148.683s][info][gc,heap        ] GC(653) PSYoungGen: 2633856K(2640384K)->137184K(2641920K) Eden: 2490368K(2490368K)->0K(2490368K) From: 143488K(150016K)->137184K(151552K)
[3148.683s][info][gc,heap        ] GC(653) ParOldGen: 1410994K(1872384K)->1505618K(1872384K)
[3148.683s][info][gc,metaspace   ] GC(653) Metaspace: 29126K(29440K)->29126K(29440K) NonClass: 24235K(24384K)->24235K(24384K) Class: 4890K(5056K)->4890K(5056K)
[3148.683s][info][gc             ] GC(653) Pause Young (Allocation Failure) 3950M->1604M(4408M) 92.072ms
[3148.683s][info][gc,cpu         ] GC(653) User=0.55s Sys=0.00s Real=0.09s
.....[3153.547s][info][gc,start       ] GC(654) Pause Young (Allocation Failure)
[3153.638s][info][gc,heap        ] GC(654) PSYoungGen: 2627552K(2641920K)->140704K(2642944K) Eden: 2490368K(2490368K)->0K(2492416K) From: 137184K(151552K)->140704K(150528K)
[3153.638s][info][gc,heap        ] GC(654) ParOldGen: 1505618K(1872384K)->1596074K(1872384K)
[3153.638s][info][gc,metaspace   ] GC(654) Metaspace: 29126K(29440K)->29126K(29440K) NonClass: 24235K(24384K)->24235K(24384K) Class: 4890K(5056K)->4890K(5056K)
[3153.638s][info][gc             ] GC(654) Pause Young (Allocation Failure) 4036M->1696M(4409M) 91.210ms
[3153.638s][info][gc,cpu         ] GC(654) User=0.54s Sys=0.00s Real=0.09s
.....[3158.448s][info][gc,start       ] GC(655) Pause Young (Allocation Failure)
[3158.547s][info][gc,heap        ] GC(655) PSYoungGen: 2633120K(2642944K)->140704K(2643456K) Eden: 2492416K(2492416K)->0K(2492416K) From: 140704K(150528K)->140704K(151040K)
[3158.547s][info][gc,heap        ] GC(655) ParOldGen: 1596074K(1872384K)->1689506K(1872384K)
[3158.547s][info][gc,metaspace   ] GC(655) Metaspace: 29126K(29440K)->29126K(29440K) NonClass: 24235K(24384K)->24235K(24384K) Class: 4890K(5056K)->4890K(5056K)
[3158.547s][info][gc             ] GC(655) Pause Young (Allocation Failure) 4130M->1787M(4410M) 98.975ms
[3158.547s][info][gc,cpu         ] GC(655) User=0.59s Sys=0.00s Real=0.10s
.. (rIR:aIR:PR = 4151:4151:4151) (tPR = 61218) [OK] 
  3159s: Performance info:
         Transaction,    Success,    Partial,     Failed,   Receipts, AvgBarcode, 
             Overall,     252185,          0,          0,     239537,      59.47, 
         Response times:
             Request,    Success,    Partial,     Failed,   SkipFail,     Probes,    Samples,      min,      p50,      p90,      p95,      p99,      max, 
       TotalPurchase,     239537,          0,          0,          0,     233500,     251003,      300,     3100,     5200,     6700,   113000,   308000,
     InStorePurchase,     126063,          0,          0,          0,     123125,     132091,      300,     3100,     5200,     6700,   109000,   264000,
      OnlinePurchase,      88212,          0,          0,          0,      86136,      92512,      300,     3200,     5200,     6600,   116000,   308000,
        InstPurchase,      25262,          0,          0,          0,      24239,      26400,      400,     3000,     5100,     6600,   110000,   261000,
          AssocOfCat,        251,          0,          0,          0,        199,        301,    16300,    27000,    35000,    39900,   268580,   269000,
      AssocOfProduct,       2527,          0,          0,          0,       2346,       2718,      600,     2600,     4400,     5700,    95000,   228000,
      BusinessReport,        630,          0,          0,          0,        538,        680,    19900,    33000,    47000,    57000,   192330,   329000,
          CustBuyBeh,       2526,          0,          0,          0,       2279,       2612,      200,     4100,     5600,     6700,   207000,   240000,
       ProductReturn,       6714,          0,          0,          0,       6306,       7022,      200,     2900,     5100,     6300,   104770,   261000,

  3159s: (31%)   IR =   4289 ...[3163.319s][info][gc,start       ] GC(656) Pause Young (Allocation Failure)
[3163.419s][info][gc,heap        ] GC(656) PSYoungGen: 2633120K(2643456K)->142880K(2643968K) Eden: 2492416K(2492416K)->0K(2494464K) From: 140704K(151040K)->142880K(149504K)
[3163.419s][info][gc,heap        ] GC(656) ParOldGen: 1689506K(1872384K)->1781394K(1872384K)
[3163.419s][info][gc,metaspace   ] GC(656) Metaspace: 29126K(29440K)->29126K(29440K) NonClass: 24235K(24384K)->24235K(24384K) Class: 4890K(5056K)->4890K(5056K)
[3163.419s][info][gc             ] GC(656) Pause Young (Allocation Failure) 4221M->1879M(4410M) 99.818ms
[3163.419s][info][gc,cpu         ] GC(656) User=0.59s Sys=0.00s Real=0.10s
.|....[3168.067s][info][gc,start       ] GC(657) Pause Young (Allocation Failure)
[3168.160s][info][gc,heap        ] GC(657) PSYoungGen: 2637344K(2643968K)->141280K(2644480K) Eden: 2494464K(2494464K)->0K(2494464K) From: 142880K(149504K)->141280K(150016K)
[3168.160s][info][gc,heap        ] GC(657) ParOldGen: 1781394K(1872384K)->1875258K(1875456K)
[3168.160s][info][gc,metaspace   ] GC(657) Metaspace: 29126K(29440K)->29126K(29440K) NonClass: 24235K(24384K)->24235K(24384K) Class: 4890K(5056K)->4890K(5056K)
[3168.160s][info][gc             ] GC(657) Pause Young (Allocation Failure) 4315M->1969M(4414M) 93.836ms
[3168.161s][info][gc,cpu         ] GC(657) User=0.56s Sys=0.00s Real=0.10s
....[3172.843s][info][gc,start       ] GC(658) Pause Young (Allocation Failure)
[3172.942s][info][gc,heap        ] GC(658) PSYoungGen: 2635744K(2644480K)->140768K(2644992K) Eden: 2494464K(2494464K)->0K(2496512K) From: 141280K(150016K)->140768K(148480K)
[3172.942s][info][gc,heap        ] GC(658) ParOldGen: 1875258K(1875456K)->1966802K(1967104K)
[3172.942s][info][gc,metaspace   ] GC(658) Metaspace: 29126K(29440K)->29126K(29440K) NonClass: 24235K(24384K)->24235K(24384K) Class: 4890K(5056K)->4890K(5056K)
[3172.942s][info][gc             ] GC(658) Pause Young (Allocation Failure) 4405M->2058M(4504M) 98.579ms
[3172.942s][info][gc,cpu         ] GC(658) User=0.55s Sys=0.02s Real=0.10s
.....[3177.629s][info][gc,start       ] GC(659) Pause Young (Allocation Failure)
[3177.728s][info][gc,heap        ] GC(659) PSYoungGen: 2637280K(2644992K)->140096K(2645504K) Eden: 2496512K(2496512K)->0K(2496512K) From: 140768K(148480K)->140096K(148992K)
[3177.728s][info][gc,heap        ] GC(659) ParOldGen: 1966802K(1967104K)->2059226K(2059264K)
[3177.728s][info][gc,metaspace   ] GC(659) Metaspace: 29126K(29440K)->29126K(29440K) NonClass: 24235K(24384K)->24235K(24384K) Class: 4890K(5056K)->4890K(5056K)
[3177.728s][info][gc             ] GC(659) Pause Young (Allocation Failure) 4496M->2147M(4594M) 98.863ms
[3177.728s][info][gc,cpu         ] GC(659) User=0.56s Sys=0.03s Real=0.09s
.....[3182.377s][info][gc,start       ] GC(660) Pause Young (Allocation Failure)
[3182.476s][info][gc,heap        ] GC(660) PSYoungGen: 2636608K(2645504K)->140064K(2646016K) Eden: 2496512K(2496512K)->0K(2498560K) From: 140096K(148992K)->140064K(147456K)
[3182.476s][info][gc,heap        ] GC(660) ParOldGen: 2059226K(2059264K)->2151922K(2151936K)
[3182.476s][info][gc,metaspace   ] GC(660) Metaspace: 29126K(29440K)->29126K(29440K) NonClass: 24235K(24384K)->24235K(24384K) Class: 4890K(5056K)->4890K(5056K)
[3182.476s][info][gc             ] GC(660) Pause Young (Allocation Failure) 4585M->2238M(4685M) 98.656ms
[3182.476s][info][gc,cpu         ] GC(660) User=0.56s Sys=0.03s Real=0.10s
.....[3187.169s][info][gc,start       ] GC(661) Pause Young (Allocation Failure)
[3187.270s][info][gc,heap        ] GC(661) PSYoungGen: 2638624K(2646016K)->146116K(2646528K) Eden: 2498560K(2498560K)->0K(2498560K) From: 140064K(147456K)->146116K(147968K)
[3187.270s][info][gc,heap        ] GC(661) ParOldGen: 2151922K(2151936K)->2244538K(2244608K)
[3187.270s][info][gc,metaspace   ] GC(661) Metaspace: 29126K(29440K)->29126K(29440K) NonClass: 24235K(24384K)->24235K(24384K) Class: 4890K(5056K)->4890K(5056K)
[3187.270s][info][gc             ] GC(661) Pause Young (Allocation Failure) 4678M->2334M(4776M) 100.940ms
[3187.270s][info][gc,cpu         ] GC(661) User=0.56s Sys=0.03s Real=0.10s
....[3191.987s][info][gc,start       ] GC(662) Pause Young (Allocation Failure)
[3192.086s][info][gc,heap        ] GC(662) PSYoungGen: 2644676K(2646528K)->142304K(2647040K) Eden: 2498560K(2498560K)->0K(2498048K) From: 146116K(147968K)->142304K(148992K)
[3192.086s][info][gc,heap        ] GC(662) ParOldGen: 2244538K(2244608K)->2336218K(2336256K)
[3192.086s][info][gc,metaspace   ] GC(662) Metaspace: 29128K(29440K)->29128K(29440K) NonClass: 24237K(24384K)->24237K(24384K) Class: 4890K(5056K)->4890K(5056K)
[3192.086s][info][gc             ] GC(662) Pause Young (Allocation Failure) 4774M->2420M(4866M) 99.203ms
[3192.086s][info][gc,cpu         ] GC(662) User=0.57s Sys=0.01s Real=0.10s
.....[3196.710s][info][gc,start       ] GC(663) Pause Young (Allocation Failure)
[3196.811s][info][gc,heap        ] GC(663) PSYoungGen: 2640352K(2647040K)->143274K(2646528K) Eden: 2498048K(2498048K)->0K(2498048K) From: 142304K(148992K)->143274K(148480K)
[3196.811s][info][gc,heap        ] GC(663) ParOldGen: 2336218K(2336256K)->2430818K(2430976K)
[3196.811s][info][gc,metaspace   ] GC(663) Metaspace: 29128K(29440K)->29128K(29440K) NonClass: 24237K(24384K)->24237K(24384K) Class: 4890K(5056K)->4890K(5056K)
[3196.811s][info][gc             ] GC(663) Pause Young (Allocation Failure) 4859M->2513M(4958M) 100.578ms
[3196.811s][info][gc,cpu         ] GC(663) User=0.57s Sys=0.03s Real=0.10s
.....[3201.590s][info][gc,start       ] GC(664) Pause Young (Allocation Failure)
[3201.688s][info][gc,heap        ] GC(664) PSYoungGen: 2641322K(2646528K)->141568K(2647040K) Eden: 2498048K(2498048K)->0K(2499072K) From: 143274K(148480K)->141568K(147968K)
[3201.688s][info][gc,heap        ] GC(664) ParOldGen: 2430818K(2430976K)->2521474K(2521600K)
[3201.688s][info][gc,metaspace   ] GC(664) Metaspace: 29128K(29440K)->29128K(29440K) NonClass: 24237K(24384K)->24237K(24384K) Class: 4890K(5056K)->4890K(5056K)
[3201.688s][info][gc             ] GC(664) Pause Young (Allocation Failure) 4953M->2600M(5047M) 98.478ms
[3201.689s][info][gc,cpu         ] GC(664) User=0.55s Sys=0.04s Real=0.10s
.....[3206.312s][info][gc,start       ] GC(665) Pause Young (Allocation Failure)
[3206.411s][info][gc,heap        ] GC(665) PSYoungGen: 2640640K(2647040K)->138164K(2647040K) Eden: 2499072K(2499072K)->0K(2499072K) From: 141568K(147968K)->138164K(147968K)
[3206.411s][info][gc,heap        ] GC(665) ParOldGen: 2521474K(2521600K)->2615594K(2615808K)
[3206.411s][info][gc,metaspace   ] GC(665) Metaspace: 29128K(29440K)->29128K(29440K) NonClass: 24237K(24384K)->24237K(24384K) Class: 4890K(5056K)->4890K(5056K)
[3206.411s][info][gc             ] GC(665) Pause Young (Allocation Failure) 5041M->2689M(5139M) 99.004ms
[3206.411s][info][gc,cpu         ] GC(665) User=0.56s Sys=0.02s Real=0.10s
.....[3211.111s][info][gc,start       ] GC(666) Pause Young (Allocation Failure)
[3211.208s][info][gc,heap        ] GC(666) PSYoungGen: 2637236K(2647040K)->141952K(2647040K) Eden: 2499072K(2499072K)->0K(2500096K) From: 138164K(147968K)->141952K(146944K)
[3211.208s][info][gc,heap        ] GC(666) ParOldGen: 2615594K(2615808K)->2707474K(2707968K)
[3211.208s][info][gc,metaspace   ] GC(666) Metaspace: 29128K(29440K)->29128K(29440K) NonClass: 24237K(24384K)->24237K(24384K) Class: 4890K(5056K)->4890K(5056K)
[3211.208s][info][gc             ] GC(666) Pause Young (Allocation Failure) 5129M->2782M(5229M) 97.163ms
[3211.208s][info][gc,cpu         ] GC(666) User=0.55s Sys=0.02s Real=0.10s
....[3215.897s][info][gc,start       ] GC(667) Pause Young (Allocation Failure)
[3215.997s][info][gc,heap        ] GC(667) PSYoungGen: 2642048K(2647040K)->143206K(2647552K) Eden: 2500096K(2500096K)->0K(2500096K) From: 141952K(146944K)->143206K(147456K)
[3215.997s][info][gc,heap        ] GC(667) ParOldGen: 2707474K(2707968K)->2799266K(2799616K)
[3215.997s][info][gc,metaspace   ] GC(667) Metaspace: 29128K(29440K)->29128K(29440K) NonClass: 24237K(24384K)->24237K(24384K) Class: 4890K(5056K)->4890K(5056K)
[3215.997s][info][gc             ] GC(667) Pause Young (Allocation Failure) 5224M->2873M(5319M) 99.969ms
[3215.997s][info][gc,cpu         ] GC(667) User=0.56s Sys=0.03s Real=0.10s
.....[3220.619s][info][gc,start       ] GC(668) Pause Young (Allocation Failure)
[3220.720s][info][gc,heap        ] GC(668) PSYoungGen: 2643302K(2647552K)->139040K(2648576K) Eden: 2500096K(2500096K)->0K(2501120K) From: 143206K(147456K)->139040K(147456K)
[3220.720s][info][gc,heap        ] GC(668) ParOldGen: 2799266K(2799616K)->2893434K(2893824K)
[3220.720s][info][gc,metaspace   ] GC(668) Metaspace: 29129K(29440K)->29129K(29440K) NonClass: 24238K(24384K)->24238K(24384K) Class: 4890K(5056K)->4890K(5056K)
[3220.720s][info][gc             ] GC(668) Pause Young (Allocation Failure) 5315M->2961M(5412M) 100.724ms
[3220.720s][info][gc,cpu         ] GC(668) User=0.55s Sys=0.03s Real=0.10s
.... (rIR:aIR:PR = 4289:4287:4287) (tPR = 63948) [OK] 
  3223s: Performance info:
         Transaction,    Success,    Partial,     Failed,   Receipts, AvgBarcode, 
             Overall,     257800,          0,          0,     244899,      59.48, 
         Response times:
             Request,    Success,    Partial,     Failed,   SkipFail,     Probes,    Samples,      min,      p50,      p90,      p95,      p99,      max, 
       TotalPurchase,     244896,          0,          0,          0,     240615,     257561,      300,     3200,     5200,     6100,    19200,   113000,
     InStorePurchase,     128905,          0,          0,          0,     126720,     135508,      300,     3100,     5200,     6000,    18400,   110000,
      OnlinePurchase,      90205,          0,          0,          0,      88658,      94643,      300,     3400,     5400,     6300,    21000,   113000,
        InstPurchase,      25786,          0,          0,          0,      25237,      27410,      400,     2800,     5100,     5900,    17600,   109000,
          AssocOfCat,        258,          0,          0,          0,        191,        273,    17700,    28000,    36000,    42900,   121080,   130000,
      AssocOfProduct,       2569,          0,          0,          0,       2382,       2705,      800,     2900,     4500,     5100,    14288,   105000,
      BusinessReport,        644,          0,          0,          0,        555,        673,    19400,    33000,    43000,    50000,    69000,   155000,
          CustBuyBeh,       2588,          0,          0,          0,       2389,       2690,      200,     3800,     5500,     6500,    25000,   110000,
       ProductReturn,       6836,          0,          0,          0,       6476,       7076,      200,     3400,     5200,     6100,    22000,   107000,

  3223s: (32%)   IR =   4428 .[3225.444s][info][gc,start       ] GC(669) Pause Young (Allocation Failure)
[3225.544s][info][gc,heap        ] GC(669) PSYoungGen: 2640160K(2648576K)->140512K(2641920K) Eden: 2501120K(2501120K)->0K(2501120K) From: 139040K(147456K)->140512K(140800K)
[3225.544s][info][gc,heap        ] GC(669) ParOldGen: 2893434K(2893824K)->2985482K(2985984K)
[3225.544s][info][gc,metaspace   ] GC(669) Metaspace: 29129K(29440K)->29129K(29440K) NonClass: 24238K(24384K)->24238K(24384K) Class: 4890K(5056K)->4890K(5056K)
[3225.544s][info][gc             ] GC(669) Pause Young (Allocation Failure) 5403M->3052M(5496M) 99.845ms
[3225.544s][info][gc,cpu         ] GC(669) User=0.56s Sys=0.02s Real=0.10s
....|[3229.986s][info][gc,start       ] GC(670) Pause Young (Allocation Failure)
[3230.087s][info][gc,heap        ] GC(670) PSYoungGen: 2641632K(2641920K)->140096K(2648064K) Eden: 2501120K(2501120K)->0K(2501120K) From: 140512K(140800K)->140096K(146944K)
[3230.087s][info][gc,heap        ] GC(670) ParOldGen: 2985482K(2985984K)->3079578K(3079680K)
[3230.087s][info][gc,metaspace   ] GC(670) Metaspace: 29129K(29440K)->29129K(29440K) NonClass: 24238K(24384K)->24238K(24384K) Class: 4890K(5056K)->4890K(5056K)
[3230.087s][info][gc             ] GC(670) Pause Young (Allocation Failure) 5495M->3144M(5593M) 100.881ms
[3230.087s][info][gc,cpu         ] GC(670) User=0.57s Sys=0.03s Real=0.10s
.....[3234.633s][info][gc,start       ] GC(671) Pause Young (Allocation Failure)
[3234.733s][info][gc,heap        ] GC(671) PSYoungGen: 2641216K(2648064K)->142560K(2648064K) Eden: 2501120K(2501120K)->0K(2501120K) From: 140096K(146944K)->142560K(146944K)
[3234.733s][info][gc,heap        ] GC(671) ParOldGen: 3079578K(3079680K)->3171554K(3171840K)
[3234.733s][info][gc,metaspace   ] GC(671) Metaspace: 29129K(29440K)->29129K(29440K) NonClass: 24238K(24384K)->24238K(24384K) Class: 4890K(5056K)->4890K(5056K)
[3234.733s][info][gc             ] GC(671) Pause Young (Allocation Failure) 5586M->3236M(5683M) 100.156ms
[3234.733s][info][gc,cpu         ] GC(671) User=0.56s Sys=0.03s Real=0.10s
.....[3239.292s][info][gc,start       ] GC(672) Pause Young (Allocation Failure)
[3239.391s][info][gc,heap        ] GC(672) PSYoungGen: 2643680K(2648064K)->137792K(2649088K) Eden: 2501120K(2501120K)->0K(2502144K) From: 142560K(146944K)->137792K(146944K)
[3239.391s][info][gc,heap        ] GC(672) ParOldGen: 3171554K(3171840K)->3265154K(3265536K)
[3239.391s][info][gc,metaspace   ] GC(672) Metaspace: 29129K(29440K)->29129K(29440K) NonClass: 24238K(24384K)->24238K(24384K) Class: 4890K(5056K)->4890K(5056K)
[3239.391s][info][gc             ] GC(672) Pause Young (Allocation Failure) 5678M->3323M(5776M) 99.144ms
[3239.392s][info][gc,cpu         ] GC(672) User=0.56s Sys=0.03s Real=0.10s
....[3243.914s][info][gc,start       ] GC(673) Pause Young (Allocation Failure)
[3244.014s][info][gc,heap        ] GC(673) PSYoungGen: 2639936K(2649088K)->141120K(2643456K) Eden: 2502144K(2502144K)->0K(2502144K) From: 137792K(146944K)->141120K(141312K)
[3244.014s][info][gc,heap        ] GC(673) ParOldGen: 3265154K(3265536K)->3357882K(3358208K)
[3244.014s][info][gc,metaspace   ] GC(673) Metaspace: 29129K(29440K)->29129K(29440K) NonClass: 24238K(24384K)->24238K(24384K) Class: 4890K(5056K)->4890K(5056K)
[3244.014s][info][gc             ] GC(673) Pause Young (Allocation Failure) 5766M->3416M(5861M) 99.524ms
[3244.014s][info][gc,cpu         ] GC(673) User=0.55s Sys=0.03s Real=0.10s
.....[3248.538s][info][gc,start       ] GC(674) Pause Young (Allocation Failure)
[3248.642s][info][gc,heap        ] GC(674) PSYoungGen: 2643264K(2643456K)->142672K(2648576K) Eden: 2502144K(2502144K)->0K(2502144K) From: 141120K(141312K)->142672K(146432K)
[3248.642s][info][gc,heap        ] GC(674) ParOldGen: 3357882K(3358208K)->3450194K(3450368K)
[3248.642s][info][gc,metaspace   ] GC(674) Metaspace: 29129K(29440K)->29129K(29440K) NonClass: 24238K(24384K)->24238K(24384K) Class: 4890K(5056K)->4890K(5056K)
[3248.642s][info][gc             ] GC(674) Pause Young (Allocation Failure) 5860M->3508M(5956M) 104.091ms
[3248.642s][info][gc,cpu         ] GC(674) User=0.58s Sys=0.03s Real=0.11s
....[3253.163s][info][gc,start       ] GC(675) Pause Young (Allocation Failure)
[3253.265s][info][gc,heap        ] GC(675) PSYoungGen: 2644816K(2648576K)->142240K(2648576K) Eden: 2502144K(2502144K)->0K(2502144K) From: 142672K(146432K)->142240K(146432K)
[3253.265s][info][gc,heap        ] GC(675) ParOldGen: 3450194K(3450368K)->3542498K(3542528K)
[3253.265s][info][gc,metaspace   ] GC(675) Metaspace: 29129K(29440K)->29129K(29440K) NonClass: 24238K(24384K)->24238K(24384K) Class: 4890K(5056K)->4890K(5056K)
[3253.265s][info][gc             ] GC(675) Pause Young (Allocation Failure) 5952M->3598M(6046M) 101.579ms
[3253.265s][info][gc,cpu         ] GC(675) User=0.56s Sys=0.03s Real=0.10s
.....[3257.805s][info][gc,start       ] GC(676) Pause Young (Allocation Failure)
[3257.908s][info][gc,heap        ] GC(676) PSYoungGen: 2644384K(2648576K)->146244K(2647552K) Eden: 2502144K(2502144K)->0K(2501120K) From: 142240K(146432K)->146244K(146432K)
[3257.908s][info][gc,heap        ] GC(676) ParOldGen: 3542498K(3542528K)->3635298K(3635712K)
[3257.908s][info][gc,metaspace   ] GC(676) Metaspace: 29129K(29440K)->29129K(29440K) NonClass: 24238K(24384K)->24238K(24384K) Class: 4890K(5056K)->4890K(5056K)
[3257.908s][info][gc             ] GC(676) Pause Young (Allocation Failure) 6041M->3692M(6136M) 103.908ms
[3257.908s][info][gc,cpu         ] GC(676) User=0.60s Sys=0.02s Real=0.11s
.....[3262.431s][info][gc,start       ] GC(677) Pause Young (Allocation Failure)
[3262.530s][info][gc,heap        ] GC(677) PSYoungGen: 2647364K(2647552K)->138656K(2648576K) Eden: 2501120K(2501120K)->0K(2501120K) From: 146244K(146432K)->138656K(147456K)
[3262.530s][info][gc,heap        ] GC(677) ParOldGen: 3635298K(3635712K)->3728914K(3729408K)
[3262.530s][info][gc,metaspace   ] GC(677) Metaspace: 29129K(29440K)->29129K(29440K) NonClass: 24238K(24384K)->24238K(24384K) Class: 4890K(5056K)->4890K(5056K)
[3262.530s][info][gc             ] GC(677) Pause Young (Allocation Failure) 6135M->3776M(6228M) 99.268ms
[3262.530s][info][gc,cpu         ] GC(677) User=0.56s Sys=0.02s Real=0.10s
....[3267.096s][info][gc,start       ] GC(678) Pause Young (Allocation Failure)
[3267.199s][info][gc,heap        ] GC(678) PSYoungGen: 2639776K(2648576K)->146693K(2645504K) Eden: 2501120K(2501120K)->0K(2498048K) From: 138656K(147456K)->146693K(147456K)
[3267.199s][info][gc,heap        ] GC(678) ParOldGen: 3728914K(3729408K)->3821242K(3821568K)
[3267.199s][info][gc,metaspace   ] GC(678) Metaspace: 29129K(29440K)->29129K(29440K) NonClass: 24238K(24384K)->24238K(24384K) Class: 4890K(5056K)->4890K(5056K)
[3267.199s][info][gc             ] GC(678) Pause Young (Allocation Failure) 6219M->3874M(6315M) 102.796ms
[3267.199s][info][gc,cpu         ] GC(678) User=0.57s Sys=0.03s Real=0.11s
.....[3271.730s][info][gc,start       ] GC(679) Pause Young (Allocation Failure)
[3271.831s][info][gc,heap        ] GC(679) PSYoungGen: 2644741K(2645504K)->142208K(2647040K) Eden: 2498048K(2498048K)->0K(2498048K) From: 146693K(147456K)->142208K(148992K)
[3271.831s][info][gc,heap        ] GC(679) ParOldGen: 3821242K(3821568K)->3913922K(3914240K)
[3271.831s][info][gc,metaspace   ] GC(679) Metaspace: 29129K(29440K)->29129K(29440K) NonClass: 24238K(24384K)->24238K(24384K) Class: 4890K(5056K)->4890K(5056K)
[3271.831s][info][gc             ] GC(679) Pause Young (Allocation Failure) 6314M->3961M(6407M) 100.637ms
[3271.831s][info][gc,cpu         ] GC(679) User=0.57s Sys=0.03s Real=0.10s
.....[3276.317s][info][gc,start       ] GC(680) Pause Young (Allocation Failure)
[3276.415s][info][gc,heap        ] GC(680) PSYoungGen: 2640256K(2647040K)->136672K(2646528K) Eden: 2498048K(2498048K)->0K(2498560K) From: 142208K(148992K)->136672K(147968K)
[3276.415s][info][gc,heap        ] GC(680) ParOldGen: 3913922K(3914240K)->4006754K(4006912K)
[3276.415s][info][gc,metaspace   ] GC(680) Metaspace: 29129K(29440K)->29129K(29440K) NonClass: 24238K(24384K)->24238K(24384K) Class: 4890K(5056K)->4890K(5056K)
[3276.415s][info][gc             ] GC(680) Pause Young (Allocation Failure) 6400M->4046M(6497M) 97.620ms
[3276.415s][info][gc,cpu         ] GC(680) User=0.54s Sys=0.04s Real=0.10s
....[3280.937s][info][gc,start       ] GC(681) Pause Young (Allocation Failure)
[3281.038s][info][gc,heap        ] GC(681) PSYoungGen: 2635232K(2646528K)->142272K(2647040K) Eden: 2498560K(2498560K)->0K(2498560K) From: 136672K(147968K)->142272K(148480K)
[3281.038s][info][gc,heap        ] GC(681) ParOldGen: 4006754K(4006912K)->4097834K(4098048K)
[3281.038s][info][gc,metaspace   ] GC(681) Metaspace: 29129K(29440K)->29129K(29440K) NonClass: 24238K(24384K)->24238K(24384K) Class: 4890K(5056K)->4890K(5056K)
[3281.038s][info][gc             ] GC(681) Pause Young (Allocation Failure) 6486M->4140M(6587M) 101.163ms
[3281.038s][info][gc,cpu         ] GC(681) User=0.57s Sys=0.02s Real=0.10s
.....[3285.526s][info][gc,start       ] GC(682) Pause Young (Allocation Failure)
[3285.629s][info][gc,heap        ] GC(682) PSYoungGen: 2640832K(2647040K)->142272K(2646528K) Eden: 2498560K(2498560K)->0K(2499072K) From: 142272K(148480K)->142272K(147456K)
[3285.629s][info][gc,heap        ] GC(682) ParOldGen: 4097834K(4098048K)->4191442K(4191744K)
[3285.629s][info][gc,metaspace   ] GC(682) Metaspace: 29129K(29440K)->29129K(29440K) NonClass: 24238K(24384K)->24238K(24384K) Class: 4890K(5056K)->4890K(5056K)
[3285.629s][info][gc             ] GC(682) Pause Young (Allocation Failure) 6580M->4232M(6678M) 103.076ms
[3285.629s][info][gc,cpu         ] GC(682) User=0.58s Sys=0.03s Real=0.11s
.... (rIR:aIR:PR = 4428:4431:4431) (tPR = 66039) [OK] 
  3289s: Performance info:
         Transaction,    Success,    Partial,     Failed,   Receipts, AvgBarcode, 
             Overall,     266578,          0,          0,     253243,      59.48, 
         Response times:
             Request,    Success,    Partial,     Failed,   SkipFail,     Probes,    Samples,      min,      p50,      p90,      p95,      p99,      max, 
       TotalPurchase,     253243,          0,          0,          0,     249386,     270539,      200,     3200,     5300,     6200,    22000,   134000,
     InStorePurchase,     133268,          0,          0,          0,     131572,     142385,      300,     3200,     5300,     6200,    22000,   134000,
      OnlinePurchase,      93355,          0,          0,          0,      91800,      99695,      200,     3300,     5300,     6200,    22000,   120000,
        InstPurchase,      26620,          0,          0,          0,      26014,      28459,      400,     3200,     5400,     6300,    24000,   120000,
          AssocOfCat,        265,          0,          0,          0,        222,        300,    19400,    29000,    36900,    41950,    60950,   151000,
      AssocOfProduct,       2677,          0,          0,          0,       2482,       2868,      300,     3200,     5600,     6400,    26000,   108000,
      BusinessReport,        664,          0,          0,          0,        585,        719,    21000,    34000,    42000,    48000,   122800,   161000,
          CustBuyBeh,       2660,          0,          0,          0,       2525,       2981,      300,     2900,     4700,     5900,    19442,   107000,
       ProductReturn,       7069,          0,          0,          0,       6738,       7611,      200,     3000,     4800,     5500,    18700,   109000,

  3289s: (33%)   IR =   4566 [3290.135s][info][gc,start       ] GC(683) Pause Young (Allocation Failure)
[3290.240s][info][gc,heap        ] GC(683) PSYoungGen: 2641344K(2646528K)->147669K(2647040K) Eden: 2499072K(2499072K)->0K(2499072K) From: 142272K(147456K)->147669K(147968K)
[3290.240s][info][gc,heap        ] GC(683) ParOldGen: 4191442K(4191744K)->4283186K(4283392K)
[3290.240s][info][gc,metaspace   ] GC(683) Metaspace: 29129K(29440K)->29129K(29440K) NonClass: 24238K(24384K)->24238K(24384K) Class: 4890K(5056K)->4890K(5056K)
[3290.240s][info][gc             ] GC(683) Pause Young (Allocation Failure) 6672M->4327M(6768M) 104.351ms
[3290.240s][info][gc,cpu         ] GC(683) User=0.59s Sys=0.02s Real=0.11s
.....|[3294.667s][info][gc,start       ] GC(684) Pause Young (Allocation Failure)
[3294.766s][info][gc,heap        ] GC(684) PSYoungGen: 2646741K(2647040K)->140608K(2647040K) Eden: 2499072K(2499072K)->0K(2498048K) From: 147669K(147968K)->140608K(148992K)
[3294.766s][info][gc,heap        ] GC(684) ParOldGen: 4283186K(4283392K)->4376490K(4376576K)
[3294.766s][info][gc,metaspace   ] GC(684) Metaspace: 29129K(29440K)->29129K(29440K) NonClass: 24238K(24384K)->24238K(24384K) Class: 4890K(5056K)->4890K(5056K)
[3294.766s][info][gc             ] GC(684) Pause Young (Allocation Failure) 6767M->4411M(6859M) 99.884ms
[3294.766s][info][gc,cpu         ] GC(684) User=0.57s Sys=0.03s Real=0.10s
....[3299.127s][info][gc,start       ] GC(685) Pause Young (Allocation Failure)
[3299.230s][info][gc,heap        ] GC(685) PSYoungGen: 2638656K(2647040K)->145616K(2643968K) Eden: 2498048K(2498048K)->0K(2498048K) From: 140608K(148992K)->145616K(145920K)
[3299.230s][info][gc,heap        ] GC(685) ParOldGen: 4376490K(4376576K)->4469162K(4469248K)
[3299.230s][info][gc,metaspace   ] GC(685) Metaspace: 29129K(29440K)->29129K(29440K) NonClass: 24238K(24384K)->24238K(24384K) Class: 4890K(5056K)->4890K(5056K)
[3299.230s][info][gc             ] GC(685) Pause Young (Allocation Failure) 6850M->4506M(6946M) 103.485ms
[3299.231s][info][gc,cpu         ] GC(685) User=0.58s Sys=0.03s Real=0.11s
.....[3303.717s][info][gc,start       ] GC(686) Pause Young (Allocation Failure)
[3303.818s][info][gc,heap        ] GC(686) PSYoungGen: 2643664K(2643968K)->143680K(2646528K) Eden: 2498048K(2498048K)->0K(2497024K) From: 145616K(145920K)->143680K(149504K)
[3303.818s][info][gc,heap        ] GC(686) ParOldGen: 4469162K(4469248K)->4560458K(4560896K)
[3303.818s][info][gc,metaspace   ] GC(686) Metaspace: 29129K(29440K)->29129K(29440K) NonClass: 24238K(24384K)->24238K(24384K) Class: 4890K(5056K)->4890K(5056K)
[3303.818s][info][gc             ] GC(686) Pause Young (Allocation Failure) 6946M->4593M(7038M) 101.665ms
[3303.818s][info][gc,cpu         ] GC(686) User=0.56s Sys=0.04s Real=0.10s
....[3308.141s][info][gc,start       ] GC(687) Pause Young (Allocation Failure)
[3308.242s][info][gc,heap        ] GC(687) PSYoungGen: 2640704K(2646528K)->140864K(2638336K) Eden: 2497024K(2497024K)->0K(2497024K) From: 143680K(149504K)->140864K(141312K)
[3308.242s][info][gc,heap        ] GC(687) ParOldGen: 4560458K(4560896K)->4655890K(4656128K)
[3308.242s][info][gc,metaspace   ] GC(687) Metaspace: 29129K(29440K)->29129K(29440K) NonClass: 24238K(24384K)->24238K(24384K) Class: 4890K(5056K)->4890K(5056K)
[3308.242s][info][gc             ] GC(687) Pause Young (Allocation Failure) 7032M->4684M(7123M) 101.749ms
[3308.242s][info][gc,cpu         ] GC(687) User=0.57s Sys=0.03s Real=0.10s
.....[3312.607s][info][gc,start       ] GC(688) Pause Young (Allocation Failure)
[3312.710s][info][gc,heap        ] GC(688) PSYoungGen: 2637888K(2638336K)->142353K(2646528K) Eden: 2497024K(2497024K)->0K(2497536K) From: 140864K(141312K)->142353K(148992K)
[3312.710s][info][gc,heap        ] GC(688) ParOldGen: 4655890K(4656128K)->4747946K(4748288K)
[3312.710s][info][gc,metaspace   ] GC(688) Metaspace: 29129K(29440K)->29129K(29440K) NonClass: 24238K(24384K)->24238K(24384K) Class: 4890K(5056K)->4890K(5056K)
[3312.710s][info][gc             ] GC(688) Pause Young (Allocation Failure) 7122M->4775M(7221M) 103.032ms
[3312.710s][info][gc,cpu         ] GC(688) User=0.58s Sys=0.03s Real=0.11s
....[3317.051s][info][gc,start       ] GC(689) Pause Young (Allocation Failure)
[3317.151s][info][gc,heap        ] GC(689) PSYoungGen: 2639889K(2646528K)->140320K(2646016K) Eden: 2497536K(2497536K)->0K(2497536K) From: 142353K(148992K)->140320K(148480K)
[3317.151s][info][gc,heap        ] GC(689) ParOldGen: 4747946K(4748288K)->4841234K(4841472K)
[3317.151s][info][gc,metaspace   ] GC(689) Metaspace: 29129K(29440K)->29129K(29440K) NonClass: 24238K(24384K)->24238K(24384K) Class: 4890K(5056K)->4890K(5056K)
[3317.151s][info][gc             ] GC(689) Pause Young (Allocation Failure) 7214M->4864M(7312M) 99.965ms
[3317.151s][info][gc,cpu         ] GC(689) User=0.56s Sys=0.02s Real=0.10s
.....[3321.573s][info][gc,start       ] GC(690) Pause Young (Allocation Failure)
[3321.674s][info][gc,heap        ] GC(690) PSYoungGen: 2637856K(2646016K)->139808K(2646528K) Eden: 2497536K(2497536K)->0K(2498560K) From: 140320K(148480K)->139808K(147968K)
[3321.674s][info][gc,heap        ] GC(690) ParOldGen: 4841234K(4841472K)->4931978K(4932096K)
[3321.674s][info][gc,metaspace   ] GC(690) Metaspace: 29129K(29440K)->29129K(29440K) NonClass: 24238K(24384K)->24238K(24384K) Class: 4890K(5056K)->4890K(5056K)
[3321.674s][info][gc             ] GC(690) Pause Young (Allocation Failure) 7303M->4952M(7401M) 100.860ms
[3321.674s][info][gc,cpu         ] GC(690) User=0.57s Sys=0.02s Real=0.10s
....[3326.054s][info][gc,start       ] GC(691) Pause Young (Allocation Failure)
[3326.157s][info][gc,heap        ] GC(691) PSYoungGen: 2638368K(2646528K)->143232K(2646528K) Eden: 2498560K(2498560K)->0K(2498560K) From: 139808K(147968K)->143232K(147968K)
[3326.157s][info][gc,heap        ] GC(691) ParOldGen: 4931978K(4932096K)->5023626K(5023744K)
[3326.157s][info][gc,metaspace   ] GC(691) Metaspace: 29129K(29440K)->29129K(29440K) NonClass: 24238K(24384K)->24238K(24384K) Class: 4890K(5056K)->4890K(5056K)
[3326.157s][info][gc             ] GC(691) Pause Young (Allocation Failure) 7392M->5045M(7490M) 103.009ms
[3326.157s][info][gc,cpu         ] GC(691) User=0.57s Sys=0.04s Real=0.10s
.....[3330.577s][info][gc,start       ] GC(692) Pause Young (Allocation Failure)
[3330.680s][info][gc,heap        ] GC(692) PSYoungGen: 2641792K(2646528K)->139072K(2648064K) Eden: 2498560K(2498560K)->0K(2500096K) From: 143232K(147968K)->139072K(147968K)
[3330.680s][info][gc,heap        ] GC(692) ParOldGen: 5023626K(5023744K)->5118074K(5118464K)
[3330.680s][info][gc,metaspace   ] GC(692) Metaspace: 29129K(29440K)->29129K(29440K) NonClass: 24238K(24384K)->24238K(24384K) Class: 4890K(5056K)->4890K(5056K)
[3330.680s][info][gc             ] GC(692) Pause Young (Allocation Failure) 7485M->5133M(7584M) 102.609ms
[3330.680s][info][gc,cpu         ] GC(692) User=0.57s Sys=0.03s Real=0.11s
....[3335.032s][info][gc,start       ] GC(693) Pause Young (Allocation Failure)
[3335.133s][info][gc,heap        ] GC(693) PSYoungGen: 2639168K(2648064K)->140704K(2640896K) Eden: 2500096K(2500096K)->0K(2500096K) From: 139072K(147968K)->140704K(140800K)
[3335.133s][info][gc,heap        ] GC(693) ParOldGen: 5118074K(5118464K)->5210730K(5211136K)
[3335.133s][info][gc,metaspace   ] GC(693) Metaspace: 29129K(29440K)->29129K(29440K) NonClass: 24238K(24384K)->24238K(24384K) Class: 4890K(5056K)->4890K(5056K)
[3335.133s][info][gc             ] GC(693) Pause Young (Allocation Failure) 7575M->5226M(7668M) 101.140ms
[3335.133s][info][gc,cpu         ] GC(693) User=0.56s Sys=0.03s Real=0.10s
.....[3339.636s][info][gc,start       ] GC(694) Pause Young (Allocation Failure)
[3339.739s][info][gc,heap        ] GC(694) PSYoungGen: 2640800K(2640896K)->142944K(2647552K) Eden: 2500096K(2500096K)->0K(2500096K) From: 140704K(140800K)->142944K(147456K)
[3339.739s][info][gc,heap        ] GC(694) ParOldGen: 5210730K(5211136K)->5302034K(5302272K)
[3339.739s][info][gc,metaspace   ] GC(694) Metaspace: 29129K(29440K)->29129K(29440K) NonClass: 24238K(24384K)->24238K(24384K) Class: 4890K(5056K)->4890K(5056K)
[3339.739s][info][gc             ] GC(694) Pause Young (Allocation Failure) 7667M->5317M(7763M) 103.276ms
[3339.739s][info][gc,cpu         ] GC(694) User=0.58s Sys=0.03s Real=0.11s
....[3344.040s][info][gc,start       ] GC(695) Pause Young (Allocation Failure)
[3344.144s][info][gc,heap        ] GC(695) PSYoungGen: 2643040K(2647552K)->139520K(2647552K) Eden: 2500096K(2500096K)->0K(2500096K) From: 142944K(147456K)->139520K(147456K)
[3344.144s][info][gc,heap        ] GC(695) ParOldGen: 5302034K(5302272K)->5396938K(5396992K)
[3344.144s][info][gc,metaspace   ] GC(695) Metaspace: 29129K(29440K)->29129K(29440K) NonClass: 24238K(24384K)->24238K(24384K) Class: 4890K(5056K)->4890K(5056K)
[3344.144s][info][gc             ] GC(695) Pause Young (Allocation Failure) 7758M->5406M(7856M) 103.220ms
[3344.144s][info][gc,cpu         ] GC(695) User=0.57s Sys=0.04s Real=0.10s
.....[3348.534s][info][gc,start       ] GC(696) Pause Young (Allocation Failure)
[3348.636s][info][gc,heap        ] GC(696) PSYoungGen: 2639616K(2647552K)->141760K(2647552K) Eden: 2500096K(2500096K)->0K(2501120K) From: 139520K(147456K)->141760K(146432K)
[3348.636s][info][gc,heap        ] GC(696) ParOldGen: 5396938K(5396992K)->5487138K(5487616K)
[3348.636s][info][gc,metaspace   ] GC(696) Metaspace: 29129K(29440K)->29129K(29440K) NonClass: 24238K(24384K)->24238K(24384K) Class: 4890K(5056K)->4890K(5056K)
[3348.636s][info][gc             ] GC(696) Pause Young (Allocation Failure) 7848M->5496M(7944M) 101.820ms
[3348.636s][info][gc,cpu         ] GC(696) User=0.57s Sys=0.03s Real=0.10s
....[3352.978s][info][gc,start       ] GC(697) Pause Young (Allocation Failure)
[3353.081s][info][gc,heap        ] GC(697) PSYoungGen: 2642880K(2647552K)->141856K(2648064K) Eden: 2501120K(2501120K)->0K(2501120K) From: 141760K(146432K)->141856K(146944K)
[3353.081s][info][gc,heap        ] GC(697) ParOldGen: 5487138K(5487616K)->5580194K(5580288K)
[3353.081s][info][gc,metaspace   ] GC(697) Metaspace: 29129K(29440K)->29129K(29440K) NonClass: 24238K(24384K)->24238K(24384K) Class: 4890K(5056K)->4890K(5056K)
[3353.081s][info][gc             ] GC(697) Pause Young (Allocation Failure) 7939M->5587M(8035M) 103.134ms
[3353.081s][info][gc,cpu         ] GC(697) User=0.56s Sys=0.04s Real=0.11s
.. (rIR:aIR:PR = 4566:4567:4567) (tPR = 68017) [OK] 
  3354s: Performance info:
         Transaction,    Success,    Partial,     Failed,   Receipts, AvgBarcode, 
             Overall,     274213,          0,          0,     260510,      59.48, 
         Response times:
             Request,    Success,    Partial,     Failed,   SkipFail,     Probes,    Samples,      min,      p50,      p90,      p95,      p99,      max, 
       TotalPurchase,     260508,          0,          0,          0,     256104,     277760,      300,     3300,     5500,     6600,    25000,   145000,
     InStorePurchase,     137149,          0,          0,          0,     135008,     146044,      300,     3300,     5500,     6600,    25000,   145000,
      OnlinePurchase,      95957,          0,          0,          0,      94582,     102634,      300,     3300,     5500,     6500,    24000,   145000,
        InstPurchase,      27402,          0,          0,          0,      26514,      29082,      400,     3900,     5800,     6900,    28000,   114000,
          AssocOfCat,        277,          0,          0,          0,        208,        279,    17800,    28000,    36000,    41000,    75200,   154000,
      AssocOfProduct,       2742,          0,          0,          0,       2520,       2877,      600,     2900,     5100,     6300,    21220,   111000,
      BusinessReport,        686,          0,          0,          0,        584,        745,    20000,    34000,    44000,    52700,   108860,   162000,
          CustBuyBeh,       2741,          0,          0,          0,       2540,       3011,      200,     2500,     4400,     5300,    15700,   107000,
       ProductReturn,       7257,          0,          0,          0,       6874,       7751,      200,     3100,     5700,     6800,    26000,   111000,

  3354s: (34%)   IR =   4705 ..[3357.381s][info][gc,start       ] GC(698) Pause Full (Allocation Failure)
[3357.381s][info][gc,phases,start] GC(698) Marking Phase
[3357.671s][info][gc,phases      ] GC(698) Marking Phase 290.112ms
[3357.671s][info][gc,phases,start] GC(698) Summary Phase
[3357.672s][info][gc,phases      ] GC(698) Summary Phase 0.101ms
[3357.672s][info][gc,phases,start] GC(698) Forward
[3357.799s][info][gc,phases      ] GC(698) Forward 126.836ms
[3357.799s][info][gc,phases,start] GC(698) Adjust Pointers
[3357.996s][info][gc,phases      ] GC(698) Adjust Pointers 196.444ms
[3357.996s][info][gc,phases,start] GC(698) Compaction Phase
[3358.120s][info][gc,phases      ] GC(698) Compaction Phase 124.684ms
[3358.122s][info][gc,phases,start] GC(698) Post Compact
[3358.129s][info][gc,phases      ] GC(698) Post Compact 7.054ms
[3358.259s][info][gc,heap        ] GC(698) PSYoungGen: 2642976K(2648064K)->0K(2649088K) Eden: 2501120K(2501120K)->0K(2502656K) From: 141856K(146944K)->0K(146432K)
[3358.259s][info][gc,heap        ] GC(698) ParOldGen: 5580194K(5580288K)->1412663K(1626624K)
[3358.259s][info][gc,metaspace   ] GC(698) Metaspace: 29129K(29440K)->29129K(29440K) NonClass: 24238K(24384K)->24238K(24384K) Class: 4890K(5056K)->4890K(5056K)
[3358.259s][info][gc             ] GC(698) Pause Full (Allocation Failure) 8030M->1379M(4175M) 877.878ms
[3358.259s][info][gc,cpu         ] GC(698) User=3.98s Sys=0.13s Real=0.88s
....[3361.731s][info][gc,start       ] GC(699) Pause Young (Allocation Failure)
[3361.794s][info][gc,heap        ] GC(699) PSYoungGen: 2502656K(2649088K)->139136K(2649088K) Eden: 2502656K(2502656K)->0K(2502656K) From: 0K(146432K)->139136K(146432K)
[3361.794s][info][gc,heap        ] GC(699) ParOldGen: 1412663K(1626624K)->1412663K(1626624K)
[3361.794s][info][gc,metaspace   ] GC(699) Metaspace: 29129K(29440K)->29129K(29440K) NonClass: 24238K(24384K)->24238K(24384K) Class: 4890K(5056K)->4890K(5056K)
[3361.794s][info][gc             ] GC(699) Pause Young (Allocation Failure) 3823M->1515M(4175M) 62.926ms
[3361.794s][info][gc,cpu         ] GC(699) User=0.37s Sys=0.00s Real=0.06s
.|...[3366.112s][info][gc,start       ] GC(700) Pause Young (Allocation Failure)
[3366.209s][info][gc,heap        ] GC(700) PSYoungGen: 2641792K(2649088K)->146404K(2578944K) Eden: 2502656K(2502656K)->0K(2432512K) From: 139136K(146432K)->146404K(146432K)
[3366.209s][info][gc,heap        ] GC(700) ParOldGen: 1412663K(1626624K)->1505047K(1626624K)
[3366.209s][info][gc,metaspace   ] GC(700) Metaspace: 29129K(29440K)->29129K(29440K) NonClass: 24238K(24384K)->24238K(24384K) Class: 4890K(5056K)->4890K(5056K)
[3366.209s][info][gc             ] GC(700) Pause Young (Allocation Failure) 3959M->1612M(4107M) 97.261ms
[3366.209s][info][gc,cpu         ] GC(700) User=0.58s Sys=0.00s Real=0.10s
.....[3370.368s][info][gc,start       ] GC(701) Pause Young (Allocation Failure)
[3370.464s][info][gc,heap        ] GC(701) PSYoungGen: 2578916K(2578944K)->142582K(2614272K) Eden: 2432512K(2432512K)->0K(2432512K) From: 146404K(146432K)->142582K(181760K)
[3370.465s][info][gc,heap        ] GC(701) ParOldGen: 1505047K(1626624K)->1597855K(1626624K)
[3370.465s][info][gc,metaspace   ] GC(701) Metaspace: 29129K(29440K)->29129K(29440K) NonClass: 24238K(24384K)->24238K(24384K) Class: 4890K(5056K)->4890K(5056K)
[3370.465s][info][gc             ] GC(701) Pause Young (Allocation Failure) 3988M->1699M(4141M) 96.285ms
[3370.465s][info][gc,cpu         ] GC(701) User=0.57s Sys=0.00s Real=0.10s
....[3374.586s][info][gc,start       ] GC(702) Pause Young (Allocation Failure)
[3374.680s][info][gc,heap        ] GC(702) PSYoungGen: 2575094K(2614272K)->135264K(2611712K) Eden: 2432512K(2432512K)->0K(2434048K) From: 142582K(181760K)->135264K(177664K)
[3374.680s][info][gc,heap        ] GC(702) ParOldGen: 1597855K(1626624K)->1690111K(1690112K)
[3374.680s][info][gc,metaspace   ] GC(702) Metaspace: 29129K(29440K)->29129K(29440K) NonClass: 24238K(24384K)->24238K(24384K) Class: 4890K(5056K)->4890K(5056K)
[3374.680s][info][gc             ] GC(702) Pause Young (Allocation Failure) 4075M->1782M(4201M) 94.359ms
[3374.680s][info][gc,cpu         ] GC(702) User=0.53s Sys=0.02s Real=0.10s
....[3378.865s][info][gc,start       ] GC(703) Pause Young (Allocation Failure)
[3378.961s][info][gc,heap        ] GC(703) PSYoungGen: 2569312K(2611712K)->140482K(2613760K) Eden: 2434048K(2434048K)->0K(2434048K) From: 135264K(177664K)->140482K(179712K)
[3378.961s][info][gc,heap        ] GC(703) ParOldGen: 1690111K(1690112K)->1779887K(1780224K)
[3378.961s][info][gc,metaspace   ] GC(703) Metaspace: 29129K(29440K)->29129K(29440K) NonClass: 24238K(24384K)->24238K(24384K) Class: 4890K(5056K)->4890K(5056K)
[3378.961s][info][gc             ] GC(703) Pause Young (Allocation Failure) 4159M->1875M(4291M) 96.092ms
[3378.961s][info][gc,cpu         ] GC(703) User=0.54s Sys=0.03s Real=0.10s
....[3383.084s][info][gc,start       ] GC(704) Pause Young (Allocation Failure)
[3383.181s][info][gc,heap        ] GC(704) PSYoungGen: 2574530K(2613760K)->138976K(2612736K) Eden: 2434048K(2434048K)->0K(2438144K) From: 140482K(179712K)->138976K(174592K)
[3383.181s][info][gc,heap        ] GC(704) ParOldGen: 1779887K(1780224K)->1871535K(1871872K)
[3383.181s][info][gc,metaspace   ] GC(704) Metaspace: 29129K(29440K)->29129K(29440K) NonClass: 24238K(24384K)->24238K(24384K) Class: 4890K(5056K)->4890K(5056K)
[3383.181s][info][gc             ] GC(704) Pause Young (Allocation Failure) 4252M->1963M(4379M) 97.628ms
[3383.181s][info][gc,cpu         ] GC(704) User=0.55s Sys=0.02s Real=0.10s
.....[3387.322s][info][gc,start       ] GC(705) Pause Young (Allocation Failure)
[3387.419s][info][gc,heap        ] GC(705) PSYoungGen: 2577120K(2612736K)->135328K(2614784K) Eden: 2438144K(2438144K)->0K(2438144K) From: 138976K(174592K)->135328K(176640K)
[3387.419s][info][gc,heap        ] GC(705) ParOldGen: 1871535K(1871872K)->1962999K(1963008K)
[3387.419s][info][gc,metaspace   ] GC(705) Metaspace: 29129K(29440K)->29129K(29440K) NonClass: 24238K(24384K)->24238K(24384K) Class: 4890K(5056K)->4890K(5056K)
[3387.419s][info][gc             ] GC(705) Pause Young (Allocation Failure) 4344M->2049M(4470M) 96.475ms
[3387.419s][info][gc,cpu         ] GC(705) User=0.53s Sys=0.04s Real=0.10s
....[3391.585s][info][gc,start       ] GC(706) Pause Young (Allocation Failure)
[3391.682s][info][gc,heap        ] GC(706) PSYoungGen: 2573472K(2614784K)->137216K(2615296K) Eden: 2438144K(2438144K)->0K(2443776K) From: 135328K(176640K)->137216K(171520K)
[3391.682s][info][gc,heap        ] GC(706) ParOldGen: 1962999K(1963008K)->2054607K(2054656K)
[3391.682s][info][gc,metaspace   ] GC(706) Metaspace: 29129K(29440K)->29129K(29440K) NonClass: 24238K(24384K)->24238K(24384K) Class: 4890K(5056K)->4890K(5056K)
[3391.682s][info][gc             ] GC(706) Pause Young (Allocation Failure) 4430M->2140M(4560M) 97.240ms
[3391.682s][info][gc,cpu         ] GC(706) User=0.55s Sys=0.03s Real=0.10s
....[3395.780s][info][gc,start       ] GC(707) Pause Young (Allocation Failure)
[3395.879s][info][gc,heap        ] GC(707) PSYoungGen: 2580992K(2615296K)->140048K(2617856K) Eden: 2443776K(2443776K)->0K(2443776K) From: 137216K(171520K)->140048K(174080K)
[3395.879s][info][gc,heap        ] GC(707) ParOldGen: 2054607K(2054656K)->2146623K(2146816K)
[3395.879s][info][gc,metaspace   ] GC(707) Metaspace: 29129K(29440K)->29129K(29440K) NonClass: 24238K(24384K)->24238K(24384K) Class: 4890K(5056K)->4890K(5056K)
[3395.879s][info][gc             ] GC(707) Pause Young (Allocation Failure) 4526M->2233M(4653M) 98.460ms
[3395.879s][info][gc,cpu         ] GC(707) User=0.54s Sys=0.04s Real=0.10s
....[3400.116s][info][gc,start       ] GC(708) Pause Young (Allocation Failure)
[3400.215s][info][gc,heap        ] GC(708) PSYoungGen: 2583824K(2617856K)->143168K(2616320K) Eden: 2443776K(2443776K)->0K(2449920K) From: 140048K(174080K)->143168K(166400K)
[3400.215s][info][gc,heap        ] GC(708) ParOldGen: 2146623K(2146816K)->2236439K(2236928K)
[3400.215s][info][gc,metaspace   ] GC(708) Metaspace: 29129K(29440K)->29129K(29440K) NonClass: 24238K(24384K)->24238K(24384K) Class: 4890K(5056K)->4890K(5056K)
[3400.215s][info][gc             ] GC(708) Pause Young (Allocation Failure) 4619M->2323M(4739M) 98.840ms
[3400.215s][info][gc,cpu         ] GC(708) User=0.55s Sys=0.03s Real=0.10s
....[3404.295s][info][gc,start       ] GC(709) Pause Young (Allocation Failure)
[3404.392s][info][gc,heap        ] GC(709) PSYoungGen: 2593088K(2616320K)->134144K(2619392K) Eden: 2449920K(2449920K)->0K(2449920K) From: 143168K(166400K)->134144K(169472K)
[3404.392s][info][gc,heap        ] GC(709) ParOldGen: 2236439K(2236928K)->2330383K(2330624K)
[3404.392s][info][gc,metaspace   ] GC(709) Metaspace: 29129K(29440K)->29129K(29440K) NonClass: 24238K(24384K)->24238K(24384K) Class: 4890K(5056K)->4890K(5056K)
[3404.392s][info][gc             ] GC(709) Pause Young (Allocation Failure) 4716M->2406M(4834M) 97.188ms
[3404.392s][info][gc,cpu         ] GC(709) User=0.55s Sys=0.02s Real=0.10s
.....[3408.653s][info][gc,start       ] GC(710) Pause Young (Allocation Failure)
[3408.751s][info][gc,heap        ] GC(710) PSYoungGen: 2584064K(2619392K)->140128K(2621952K) Eden: 2449920K(2449920K)->0K(2457600K) From: 134144K(169472K)->140128K(164352K)
[3408.751s][info][gc,heap        ] GC(710) ParOldGen: 2330383K(2330624K)->2419879K(2420224K)
[3408.751s][info][gc,metaspace   ] GC(710) Metaspace: 29129K(29440K)->29129K(29440K) NonClass: 24238K(24384K)->24238K(24384K) Class: 4890K(5056K)->4890K(5056K)
[3408.751s][info][gc             ] GC(710) Pause Young (Allocation Failure) 4799M->2500M(4924M) 97.973ms
[3408.751s][info][gc,cpu         ] GC(710) User=0.56s Sys=0.03s Real=0.10s
....[3412.876s][info][gc,start       ] GC(711) Pause Young (Allocation Failure)
[3412.974s][info][gc,heap        ] GC(711) PSYoungGen: 2597728K(2621952K)->138176K(2624512K) Eden: 2457600K(2457600K)->0K(2457600K) From: 140128K(164352K)->138176K(166912K)
[3412.974s][info][gc,heap        ] GC(711) ParOldGen: 2419879K(2420224K)->2513159K(2513408K)
[3412.974s][info][gc,metaspace   ] GC(711) Metaspace: 29129K(29440K)->29129K(29440K) NonClass: 24238K(24384K)->24238K(24384K) Class: 4890K(5056K)->4890K(5056K)
[3412.974s][info][gc             ] GC(711) Pause Young (Allocation Failure) 4900M->2589M(5017M) 98.048ms
[3412.974s][info][gc,cpu         ] GC(711) User=0.55s Sys=0.03s Real=0.10s
....[3417.162s][info][gc,start       ] GC(712) Pause Young (Allocation Failure)
[3417.265s][info][gc,heap        ] GC(712) PSYoungGen: 2595776K(2624512K)->143928K(2625024K) Eden: 2457600K(2457600K)->0K(2463744K) From: 138176K(166912K)->143928K(161280K)
[3417.265s][info][gc,heap        ] GC(712) ParOldGen: 2513159K(2513408K)->2605087K(2605568K)
[3417.265s][info][gc,metaspace   ] GC(712) Metaspace: 29129K(29440K)->29129K(29440K) NonClass: 24238K(24384K)->24238K(24384K) Class: 4890K(5056K)->4890K(5056K)
[3417.265s][info][gc             ] GC(712) Pause Young (Allocation Failure) 4989M->2684M(5108M) 102.224ms
[3417.265s][info][gc,cpu         ] GC(712) User=0.57s Sys=0.04s Real=0.10s
.....[3421.450s][info][gc,start       ] GC(713) Pause Young (Allocation Failure)
[3421.547s][info][gc,heap        ] GC(713) PSYoungGen: 2607672K(2625024K)->137056K(2627584K) Eden: 2463744K(2463744K)->0K(2463744K) From: 143928K(161280K)->137056K(163840K)
[3421.547s][info][gc,heap        ] GC(713) ParOldGen: 2605087K(2605568K)->2697047K(2697216K)
[3421.547s][info][gc,metaspace   ] GC(713) Metaspace: 29129K(29440K)->29129K(29440K) NonClass: 24238K(24384K)->24238K(24384K) Class: 4890K(5056K)->4890K(5056K)
[3421.547s][info][gc             ] GC(713) Pause Young (Allocation Failure) 5090M->2767M(5200M) 96.907ms
[3421.547s][info][gc,cpu         ] GC(713) User=0.54s Sys=0.03s Real=0.09s
. (rIR:aIR:PR = 4705:4698:4698) (tPR = 70424) [OK] 
  3422s: Performance info:
         Transaction,    Success,    Partial,     Failed,   Receipts, AvgBarcode, 
             Overall,     282532,          0,          0,     268387,      59.48, 
         Response times:
             Request,    Success,    Partial,     Failed,   SkipFail,     Probes,    Samples,      min,      p50,      p90,      p95,      p99,      max, 
       TotalPurchase,     268387,          0,          0,          0,     264007,     298884,      300,     3400,     5800,     7000,    23000,   890000,
     InStorePurchase,     141232,          0,          0,          0,     139051,     157134,      300,     3500,     5900,     7500,    23000,   890000,
      OnlinePurchase,      98855,          0,          0,          0,      97357,     110110,      300,     3400,     5600,     6600,    22000,   890000,
        InstPurchase,      28300,          0,          0,          0,      27599,      31640,      400,     3100,     5600,     7000,    22000,   890000,
          AssocOfCat,        284,          0,          0,          0,        222,        331,    17300,    28000,    37000,    39400,   106080,   130000,
      AssocOfProduct,       2831,          0,          0,          0,       2633,       3138,     1100,     4600,     6300,     7400,    26000,   112000,
      BusinessReport,        706,          0,          0,          0,        602,        811,    19400,    35000,    44000,    49000,    68280,   157000,
          CustBuyBeh,       2823,          0,          0,          0,       2608,       3177,      700,     2500,     4400,     5800,    23000,   880000,
       ProductReturn,       7501,          0,          0,          0,       7156,       8381,      200,     4200,     6300,     7800,    25180,   890000,

  3422s: (35%)   IR =   4843 ..[3425.048s][info][gc,start       ] GC(714) Pause Full (Diagnostic Command)
[3425.048s][info][gc,phases,start] GC(714) Marking Phase
[3425.337s][info][gc,phases      ] GC(714) Marking Phase 288.390ms
[3425.337s][info][gc,phases,start] GC(714) Summary Phase
[3425.337s][info][gc,phases      ] GC(714) Summary Phase 0.065ms
[3425.337s][info][gc,phases,start] GC(714) Forward
[3425.555s][info][gc,phases      ] GC(714) Forward 218.150ms
[3425.555s][info][gc,phases,start] GC(714) Adjust Pointers
[3425.761s][info][gc,phases      ] GC(714) Adjust Pointers 205.726ms
[3425.761s][info][gc,phases,start] GC(714) Compaction Phase
[3425.925s][info][gc,phases      ] GC(714) Compaction Phase 163.834ms
[3425.927s][info][gc,phases,start] GC(714) Post Compact
[3425.931s][info][gc,phases      ] GC(714) Post Compact 4.061ms
[3425.932s][info][gc,heap        ] GC(714) PSYoungGen: 2194837K(2627584K)->0K(2627584K) Eden: 2057781K(2463744K)->0K(2463744K) From: 137056K(163840K)->0K(163840K)
[3425.932s][info][gc,heap        ] GC(714) ParOldGen: 2697047K(2697216K)->1137591K(2697216K)
[3425.932s][info][gc,metaspace   ] GC(714) Metaspace: 29129K(29440K)->29129K(29440K) NonClass: 24238K(24384K)->24238K(24384K) Class: 4890K(5056K)->4890K(5056K)
[3425.932s][info][gc             ] GC(714) Pause Full (Diagnostic Command) 4777M->1110M(5200M) 883.083ms
[3425.932s][info][gc,cpu         ] GC(714) User=4.46s Sys=0.00s Real=0.88s
....|[3429.244s][info][gc,start       ] GC(715) Pause Young (Allocation Failure)
[3429.306s][info][gc,heap        ] GC(715) PSYoungGen: 2463744K(2627584K)->135392K(2630144K) Eden: 2463744K(2463744K)->0K(2469888K) From: 0K(163840K)->135392K(160256K)
[3429.306s][info][gc,heap        ] GC(715) ParOldGen: 1137591K(2697216K)->1137591K(2697216K)
[3429.306s][info][gc,metaspace   ] GC(715) Metaspace: 29129K(29440K)->29129K(29440K) NonClass: 24238K(24384K)->24238K(24384K) Class: 4890K(5056K)->4890K(5056K)
[3429.306s][info][gc             ] GC(715) Pause Young (Allocation Failure) 3516M->1243M(5202M) 62.654ms
[3429.307s][info][gc,cpu         ] GC(715) User=0.36s Sys=0.00s Real=0.06s
....[3433.406s][info][gc,start       ] GC(716) Pause Young (Allocation Failure)
[3433.499s][info][gc,heap        ] GC(716) PSYoungGen: 2605280K(2630144K)->137824K(2631680K) Eden: 2469888K(2469888K)->0K(2469888K) From: 135392K(160256K)->137824K(161792K)
[3433.499s][info][gc,heap        ] GC(716) ParOldGen: 1137591K(2697216K)->1229059K(2697216K)
[3433.499s][info][gc,metaspace   ] GC(716) Metaspace: 29129K(29440K)->29129K(29440K) NonClass: 24238K(24384K)->24238K(24384K) Class: 4890K(5056K)->4890K(5056K)
[3433.499s][info][gc             ] GC(716) Pause Young (Allocation Failure) 3655M->1334M(5204M) 92.947ms
[3433.499s][info][gc,cpu         ] GC(716) User=0.55s Sys=0.00s Real=0.10s
....[3437.562s][info][gc,start       ] GC(717) Pause Young (Allocation Failure)
[3437.657s][info][gc,heap        ] GC(717) PSYoungGen: 2607712K(2631680K)->139392K(2631168K) Eden: 2469888K(2469888K)->0K(2473984K) From: 137824K(161792K)->139392K(157184K)
[3437.657s][info][gc,heap        ] GC(717) ParOldGen: 1229059K(2697216K)->1321987K(2697216K)
[3437.657s][info][gc,metaspace   ] GC(717) Metaspace: 29129K(29440K)->29129K(29440K) NonClass: 24238K(24384K)->24238K(24384K) Class: 4890K(5056K)->4890K(5056K)
[3437.657s][info][gc             ] GC(717) Pause Young (Allocation Failure) 3746M->1427M(5203M) 94.529ms
[3437.657s][info][gc,cpu         ] GC(717) User=0.55s Sys=0.00s Real=0.09s
....[3441.717s][info][gc,start       ] GC(718) Pause Young (Allocation Failure)
[3441.810s][info][gc,heap        ] GC(718) PSYoungGen: 2613376K(2631168K)->138400K(2632704K) Eden: 2473984K(2473984K)->0K(2473984K) From: 139392K(157184K)->138400K(158720K)
[3441.810s][info][gc,heap        ] GC(718) ParOldGen: 1321987K(2697216K)->1413979K(2697216K)
[3441.810s][info][gc,metaspace   ] GC(718) Metaspace: 29129K(29440K)->29129K(29440K) NonClass: 24238K(24384K)->24238K(24384K) Class: 4890K(5056K)->4890K(5056K)
[3441.810s][info][gc             ] GC(718) Pause Young (Allocation Failure) 3843M->1515M(5205M) 93.396ms
[3441.810s][info][gc,cpu         ] GC(718) User=0.55s Sys=0.00s Real=0.10s
....[3445.931s][info][gc,start       ] GC(719) Pause Young (Allocation Failure)
[3446.026s][info][gc,heap        ] GC(719) PSYoungGen: 2612384K(2632704K)->145380K(2636800K) Eden: 2473984K(2473984K)->0K(2479616K) From: 138400K(158720K)->145380K(157184K)
[3446.026s][info][gc,heap        ] GC(719) ParOldGen: 1413979K(2697216K)->1504843K(2697216K)
[3446.026s][info][gc,metaspace   ] GC(719) Metaspace: 29129K(29440K)->29129K(29440K) NonClass: 24238K(24384K)->24238K(24384K) Class: 4890K(5056K)->4890K(5056K)
[3446.026s][info][gc             ] GC(719) Pause Young (Allocation Failure) 3931M->1611M(5209M) 95.334ms
[3446.026s][info][gc,cpu         ] GC(719) User=0.57s Sys=0.00s Real=0.09s
.....[3450.083s][info][gc,start       ] GC(720) Pause Young (Allocation Failure)
[3450.177s][info][gc,heap        ] GC(720) PSYoungGen: 2624996K(2636800K)->140384K(2637312K) Eden: 2479616K(2479616K)->0K(2479616K) From: 145380K(157184K)->140384K(157696K)
[3450.177s][info][gc,heap        ] GC(720) ParOldGen: 1504843K(2697216K)->1596987K(2697216K)
[3450.177s][info][gc,metaspace   ] GC(720) Metaspace: 29129K(29440K)->29129K(29440K) NonClass: 24238K(24384K)->24238K(24384K) Class: 4890K(5056K)->4890K(5056K)
[3450.177s][info][gc             ] GC(720) Pause Young (Allocation Failure) 4033M->1696M(5209M) 93.466ms
[3450.177s][info][gc,cpu         ] GC(720) User=0.55s Sys=0.00s Real=0.09s
....[3454.300s][info][gc,start       ] GC(721) Pause Young (Allocation Failure)
[3454.395s][info][gc,heap        ] GC(721) PSYoungGen: 2620000K(2637312K)->142980K(2637312K) Eden: 2479616K(2479616K)->0K(2482176K) From: 140384K(157696K)->142980K(155136K)
[3454.396s][info][gc,heap        ] GC(721) ParOldGen: 1596987K(2697216K)->1687947K(2697216K)
[3454.396s][info][gc,metaspace   ] GC(721) Metaspace: 29129K(29440K)->29129K(29440K) NonClass: 24238K(24384K)->24238K(24384K) Class: 4890K(5056K)->4890K(5056K)
[3454.396s][info][gc             ] GC(721) Pause Young (Allocation Failure) 4118M->1788M(5209M) 95.812ms
[3454.396s][info][gc,cpu         ] GC(721) User=0.57s Sys=0.00s Real=0.09s
....[3458.536s][info][gc,start       ] GC(722) Pause Young (Allocation Failure)
[3458.629s][info][gc,heap        ] GC(722) PSYoungGen: 2625156K(2637312K)->138752K(2637312K) Eden: 2482176K(2482176K)->0K(2482176K) From: 142980K(155136K)->138752K(155136K)
[3458.629s][info][gc,heap        ] GC(722) ParOldGen: 1687947K(2697216K)->1780827K(2697216K)
[3458.629s][info][gc,metaspace   ] GC(722) Metaspace: 29129K(29440K)->29129K(29440K) NonClass: 24238K(24384K)->24238K(24384K) Class: 4890K(5056K)->4890K(5056K)
[3458.629s][info][gc             ] GC(722) Pause Young (Allocation Failure) 4212M->1874M(5209M) 93.332ms
[3458.629s][info][gc,cpu         ] GC(722) User=0.55s Sys=0.00s Real=0.10s
....[3462.728s][info][gc,start       ] GC(723) Pause Young (Allocation Failure)
[3462.822s][info][gc,heap        ] GC(723) PSYoungGen: 2620928K(2637312K)->139776K(2639872K) Eden: 2482176K(2482176K)->0K(2486784K) From: 138752K(155136K)->139776K(153088K)
[3462.822s][info][gc,heap        ] GC(723) ParOldGen: 1780827K(2697216K)->1873219K(2697216K)
[3462.822s][info][gc,metaspace   ] GC(723) Metaspace: 29129K(29440K)->29129K(29440K) NonClass: 24238K(24384K)->24238K(24384K) Class: 4890K(5056K)->4890K(5056K)
[3462.822s][info][gc             ] GC(723) Pause Young (Allocation Failure) 4298M->1965M(5212M) 93.815ms
[3462.822s][info][gc,cpu         ] GC(723) User=0.55s Sys=0.00s Real=0.10s
....[3466.939s][info][gc,start       ] GC(724) Pause Young (Allocation Failure)
[3467.033s][info][gc,heap        ] GC(724) PSYoungGen: 2626560K(2639872K)->140480K(2639872K) Eden: 2486784K(2486784K)->0K(2486784K) From: 139776K(153088K)->140480K(153088K)
[3467.033s][info][gc,heap        ] GC(724) ParOldGen: 1873219K(2697216K)->1965819K(2697216K)
[3467.033s][info][gc,metaspace   ] GC(724) Metaspace: 29129K(29440K)->29129K(29440K) NonClass: 24238K(24384K)->24238K(24384K) Class: 4890K(5056K)->4890K(5056K)
[3467.033s][info][gc             ] GC(724) Pause Young (Allocation Failure) 4394M->2056M(5212M) 93.509ms
[3467.033s][info][gc,cpu         ] GC(724) User=0.55s Sys=0.00s Real=0.09s
.....[3471.110s][info][gc,start       ] GC(725) Pause Young (Allocation Failure)
[3471.204s][info][gc,heap        ] GC(725) PSYoungGen: 2627264K(2639872K)->142496K(2642432K) Eden: 2486784K(2486784K)->0K(2490368K) From: 140480K(153088K)->142496K(152064K)
[3471.204s][info][gc,heap        ] GC(725) ParOldGen: 1965819K(2697216K)->2058011K(2697216K)
[3471.204s][info][gc,metaspace   ] GC(725) Metaspace: 29129K(29440K)->29129K(29440K) NonClass: 24238K(24384K)->24238K(24384K) Class: 4890K(5056K)->4890K(5056K)
[3471.204s][info][gc             ] GC(725) Pause Young (Allocation Failure) 4485M->2148M(5214M) 94.473ms
[3471.205s][info][gc,cpu         ] GC(725) User=0.56s Sys=0.00s Real=0.09s
....[3475.308s][info][gc,start       ] GC(726) Pause Young (Allocation Failure)
[3475.400s][info][gc,heap        ] GC(726) PSYoungGen: 2632864K(2642432K)->136256K(2641920K) Eden: 2490368K(2490368K)->0K(2490368K) From: 142496K(152064K)->136256K(151552K)
[3475.400s][info][gc,heap        ] GC(726) ParOldGen: 2058011K(2697216K)->2150835K(2697216K)
[3475.400s][info][gc,metaspace   ] GC(726) Metaspace: 29129K(29440K)->29129K(29440K) NonClass: 24238K(24384K)->24238K(24384K) Class: 4890K(5056K)->4890K(5056K)
[3475.400s][info][gc             ] GC(726) Pause Young (Allocation Failure) 4580M->2233M(5214M) 92.191ms
[3475.401s][info][gc,cpu         ] GC(726) User=0.54s Sys=0.00s Real=0.10s
....[3479.542s][info][gc,start       ] GC(727) Pause Young (Allocation Failure)
[3479.637s][info][gc,heap        ] GC(727) PSYoungGen: 2626624K(2641920K)->140948K(2642944K) Eden: 2490368K(2490368K)->0K(2492928K) From: 136256K(151552K)->140948K(150016K)
[3479.637s][info][gc,heap        ] GC(727) ParOldGen: 2150835K(2697216K)->2242603K(2697216K)
[3479.637s][info][gc,metaspace   ] GC(727) Metaspace: 29129K(29440K)->29129K(29440K) NonClass: 24238K(24384K)->24238K(24384K) Class: 4890K(5056K)->4890K(5056K)
[3479.637s][info][gc             ] GC(727) Pause Young (Allocation Failure) 4665M->2327M(5215M) 94.753ms
[3479.637s][info][gc,cpu         ] GC(727) User=0.56s Sys=0.00s Real=0.09s
....[3483.818s][info][gc,start       ] GC(728) Pause Young (Allocation Failure)
[3483.913s][info][gc,heap        ] GC(728) PSYoungGen: 2633876K(2642944K)->142208K(2643456K) Eden: 2492928K(2492928K)->0K(2492928K) From: 140948K(150016K)->142208K(150528K)
[3483.913s][info][gc,heap        ] GC(728) ParOldGen: 2242603K(2697216K)->2333779K(2697216K)
[3483.913s][info][gc,metaspace   ] GC(728) Metaspace: 29129K(29440K)->29129K(29440K) NonClass: 24238K(24384K)->24238K(24384K) Class: 4890K(5056K)->4890K(5056K)
[3483.913s][info][gc             ] GC(728) Pause Young (Allocation Failure) 4762M->2417M(5215M) 95.001ms
[3483.913s][info][gc,cpu         ] GC(728) User=0.56s Sys=0.00s Real=0.09s
....[3487.891s][info][gc,start       ] GC(729) Pause Young (Allocation Failure)
[3487.985s][info][gc,heap        ] GC(729) PSYoungGen: 2635136K(2643456K)->137344K(2644480K) Eden: 2492928K(2492928K)->0K(2495488K) From: 142208K(150528K)->137344K(148992K)
[3487.985s][info][gc,heap        ] GC(729) ParOldGen: 2333779K(2697216K)->2428483K(2697216K)
[3487.985s][info][gc,metaspace   ] GC(729) Metaspace: 29129K(29440K)->29129K(29440K) NonClass: 24238K(24384K)->24238K(24384K) Class: 4890K(5056K)->4890K(5056K)
[3487.985s][info][gc             ] GC(729) Pause Young (Allocation Failure) 4852M->2505M(5216M) 94.163ms
[3487.985s][info][gc,cpu         ] GC(729) User=0.55s Sys=0.01s Real=0.09s
.. (rIR:aIR:PR = 4843:4846:4846) (tPR = 72465) [OK] 
  3488s: Performance info:
         Transaction,    Success,    Partial,     Failed,   Receipts, AvgBarcode, 
             Overall,     291236,          0,          0,     276671,      59.48, 
         Response times:
             Request,    Success,    Partial,     Failed,   SkipFail,     Probes,    Samples,      min,      p50,      p90,      p95,      p99,      max, 
       TotalPurchase,     276671,          0,          0,          0,     272488,     302735,      300,     3600,     6100,     9000,   292000,   509000,
     InStorePurchase,     145609,          0,          0,          0,     143733,     159550,      300,     3400,     6000,     8800,   289000,   509000,
      OnlinePurchase,     101927,          0,          0,          0,     100304,     111215,      300,     3900,     6300,     9000,   305000,   509000,
        InstPurchase,      29135,          0,          0,          0,      28451,      31970,      400,     3600,     6200,     9500,   279000,   509000,
          AssocOfCat,        290,          0,          0,          0,        239,        343,    18500,    28000,    38600,    46000,   273000,   332000,
      AssocOfProduct,       2903,          0,          0,          0,       2712,       3250,      700,     3300,     5800,     8245,   249920,   414000,
      BusinessReport,        725,          0,          0,          0,        618,        781,    21000,    36000,    48000,    61800,   461080,   510000,
          CustBuyBeh,       2914,          0,          0,          0,       2664,       3136,      300,     4700,     7000,    15590,   349630,   454000,
       ProductReturn,       7733,          0,          0,          0,       7372,       8497,      200,     4200,     6500,     8900,   339000,   467000,

  3488s: (36%)   IR =   4981 ...[3492.145s][info][gc,start       ] GC(730) Pause Young (Allocation Failure)
[3492.241s][info][gc,heap        ] GC(730) PSYoungGen: 2632832K(2644480K)->146336K(2644992K) Eden: 2495488K(2495488K)->0K(2495488K) From: 137344K(148992K)->146336K(149504K)
[3492.241s][info][gc,heap        ] GC(730) ParOldGen: 2428483K(2697216K)->2516731K(2697216K)
[3492.241s][info][gc,metaspace   ] GC(730) Metaspace: 29129K(29440K)->29129K(29440K) NonClass: 24238K(24384K)->24238K(24384K) Class: 4890K(5056K)->4890K(5056K)
[3492.241s][info][gc             ] GC(730) Pause Young (Allocation Failure) 4942M->2600M(5217M) 96.257ms
[3492.241s][info][gc,cpu         ] GC(730) User=0.57s Sys=0.00s Real=0.10s
.|...[3496.238s][info][gc,start       ] GC(731) Pause Young (Allocation Failure)
[3496.335s][info][gc,heap        ] GC(731) PSYoungGen: 2641824K(2644992K)->141264K(2645504K) Eden: 2495488K(2495488K)->0K(2494976K) From: 146336K(149504K)->141264K(150528K)
[3496.335s][info][gc,heap        ] GC(731) ParOldGen: 2516731K(2697216K)->2611771K(2697216K)
[3496.335s][info][gc,metaspace   ] GC(731) Metaspace: 29129K(29440K)->29129K(29440K) NonClass: 24238K(24384K)->24238K(24384K) Class: 4890K(5056K)->4890K(5056K)
[3496.335s][info][gc             ] GC(731) Pause Young (Allocation Failure) 5037M->2688M(5217M) 97.428ms
[3496.335s][info][gc,cpu         ] GC(731) User=0.58s Sys=0.00s Real=0.10s
....[3500.392s][info][gc,start       ] GC(732) Pause Young (Allocation Failure)
[3500.487s][info][gc,heap        ] GC(732) PSYoungGen: 2636240K(2645504K)->138656K(2644992K) Eden: 2494976K(2494976K)->0K(2494976K) From: 141264K(150528K)->138656K(150016K)
[3500.487s][info][gc,heap        ] GC(732) ParOldGen: 2611771K(2697216K)->2703891K(2704384K)
[3500.487s][info][gc,metaspace   ] GC(732) Metaspace: 29129K(29440K)->29129K(29440K) NonClass: 24238K(24384K)->24238K(24384K) Class: 4890K(5056K)->4890K(5056K)
[3500.487s][info][gc             ] GC(732) Pause Young (Allocation Failure) 5125M->2775M(5224M) 95.311ms
[3500.487s][info][gc,cpu         ] GC(732) User=0.56s Sys=0.01s Real=0.09s
....[3504.489s][info][gc,start       ] GC(733) Pause Young (Allocation Failure)
[3504.588s][info][gc,heap        ] GC(733) PSYoungGen: 2633632K(2644992K)->140192K(2645504K) Eden: 2494976K(2494976K)->0K(2496000K) From: 138656K(150016K)->140192K(149504K)
[3504.588s][info][gc,heap        ] GC(733) ParOldGen: 2703891K(2704384K)->2796187K(2796544K)
[3504.588s][info][gc,metaspace   ] GC(733) Metaspace: 29129K(29440K)->29129K(29440K) NonClass: 24238K(24384K)->24238K(24384K) Class: 4890K(5056K)->4890K(5056K)
[3504.588s][info][gc             ] GC(733) Pause Young (Allocation Failure) 5212M->2867M(5314M) 99.707ms
[3504.588s][info][gc,cpu         ] GC(733) User=0.56s Sys=0.03s Real=0.09s
....[3508.611s][info][gc,start       ] GC(734) Pause Young (Allocation Failure)
[3508.713s][info][gc,heap        ] GC(734) PSYoungGen: 2636192K(2645504K)->145525K(2644992K) Eden: 2496000K(2496000K)->0K(2496000K) From: 140192K(149504K)->145525K(148992K)
[3508.713s][info][gc,heap        ] GC(734) ParOldGen: 2796187K(2796544K)->2888899K(2889216K)
[3508.713s][info][gc,metaspace   ] GC(734) Metaspace: 29129K(29440K)->29129K(29440K) NonClass: 24238K(24384K)->24238K(24384K) Class: 4890K(5056K)->4890K(5056K)
[3508.713s][info][gc             ] GC(734) Pause Young (Allocation Failure) 5305M->2963M(5404M) 101.977ms
[3508.713s][info][gc,cpu         ] GC(734) User=0.57s Sys=0.03s Real=0.10s
....[3512.715s][info][gc,start       ] GC(735) Pause Young (Allocation Failure)
[3512.814s][info][gc,heap        ] GC(735) PSYoungGen: 2641525K(2644992K)->141120K(2646016K) Eden: 2496000K(2496000K)->0K(2497024K) From: 145525K(148992K)->141120K(148992K)
[3512.814s][info][gc,heap        ] GC(735) ParOldGen: 2888899K(2889216K)->2981203K(2981376K)
[3512.814s][info][gc,metaspace   ] GC(735) Metaspace: 29129K(29440K)->29129K(29440K) NonClass: 24238K(24384K)->24238K(24384K) Class: 4890K(5056K)->4890K(5056K)
[3512.814s][info][gc             ] GC(735) Pause Young (Allocation Failure) 5400M->3049M(5495M) 98.701ms
[3512.814s][info][gc,cpu         ] GC(735) User=0.56s Sys=0.02s Real=0.10s
....[3516.793s][info][gc,start       ] GC(736) Pause Young (Allocation Failure)
[3516.893s][info][gc,heap        ] GC(736) PSYoungGen: 2638144K(2646016K)->143008K(2646016K) Eden: 2497024K(2497024K)->0K(2497024K) From: 141120K(148992K)->143008K(148992K)
[3516.893s][info][gc,heap        ] GC(736) ParOldGen: 2981203K(2981376K)->3074259K(3074560K)
[3516.893s][info][gc,metaspace   ] GC(736) Metaspace: 29129K(29440K)->29129K(29440K) NonClass: 24238K(24384K)->24238K(24384K) Class: 4890K(5056K)->4890K(5056K)
[3516.893s][info][gc             ] GC(736) Pause Young (Allocation Failure) 5487M->3141M(5586M) 100.351ms
[3516.893s][info][gc,cpu         ] GC(736) User=0.57s Sys=0.03s Real=0.10s
....[3520.874s][info][gc,start       ] GC(737) Pause Young (Allocation Failure)
[3520.974s][info][gc,heap        ] GC(737) PSYoungGen: 2640032K(2646016K)->142336K(2646016K) Eden: 2497024K(2497024K)->0K(2498048K) From: 143008K(148992K)->142336K(147968K)
[3520.974s][info][gc,heap        ] GC(737) ParOldGen: 3074259K(3074560K)->3165779K(3166208K)
[3520.974s][info][gc,metaspace   ] GC(737) Metaspace: 29129K(29440K)->29129K(29440K) NonClass: 24238K(24384K)->24238K(24384K) Class: 4890K(5056K)->4890K(5056K)
[3520.974s][info][gc             ] GC(737) Pause Young (Allocation Failure) 5580M->3230M(5676M) 100.007ms
[3520.974s][info][gc,cpu         ] GC(737) User=0.56s Sys=0.03s Real=0.10s
....[3525.096s][info][gc,start       ] GC(738) Pause Young (Allocation Failure)
[3525.199s][info][gc,heap        ] GC(738) PSYoungGen: 2640384K(2646016K)->145152K(2646528K) Eden: 2498048K(2498048K)->0K(2498048K) From: 142336K(147968K)->145152K(148480K)
[3525.199s][info][gc,heap        ] GC(738) ParOldGen: 3165779K(3166208K)->3257131K(3257344K)
[3525.199s][info][gc,metaspace   ] GC(738) Metaspace: 29129K(29440K)->29129K(29440K) NonClass: 24238K(24384K)->24238K(24384K) Class: 4890K(5056K)->4890K(5056K)
[3525.199s][info][gc             ] GC(738) Pause Young (Allocation Failure) 5670M->3322M(5765M) 103.273ms
[3525.199s][info][gc,cpu         ] GC(738) User=0.58s Sys=0.03s Real=0.11s
....[3529.162s][info][gc,start       ] GC(739) Pause Young (Allocation Failure)
[3529.263s][info][gc,heap        ] GC(739) PSYoungGen: 2643200K(2646528K)->142352K(2647040K) Eden: 2498048K(2498048K)->0K(2497536K) From: 145152K(148480K)->142352K(149504K)
[3529.263s][info][gc,heap        ] GC(739) ParOldGen: 3257131K(3257344K)->3351747K(3352064K)
[3529.263s][info][gc,metaspace   ] GC(739) Metaspace: 29129K(29440K)->29129K(29440K) NonClass: 24238K(24384K)->24238K(24384K) Class: 4890K(5056K)->4890K(5056K)
[3529.263s][info][gc             ] GC(739) Pause Young (Allocation Failure) 5762M->3412M(5858M) 101.031ms
[3529.263s][info][gc,cpu         ] GC(739) User=0.57s Sys=0.02s Real=0.10s
....[3533.241s][info][gc,start       ] GC(740) Pause Young (Allocation Failure)
[3533.343s][info][gc,heap        ] GC(740) PSYoungGen: 2639888K(2647040K)->142151K(2639872K) Eden: 2497536K(2497536K)->0K(2497536K) From: 142352K(149504K)->142151K(142336K)
[3533.343s][info][gc,heap        ] GC(740) ParOldGen: 3351747K(3352064K)->3443627K(3443712K)
[3533.343s][info][gc,metaspace   ] GC(740) Metaspace: 29130K(29440K)->29130K(29440K) NonClass: 24239K(24384K)->24239K(24384K) Class: 4890K(5056K)->4890K(5056K)
[3533.343s][info][gc             ] GC(740) Pause Young (Allocation Failure) 5851M->3501M(5941M) 101.978ms
[3533.343s][info][gc,cpu         ] GC(740) User=0.57s Sys=0.03s Real=0.10s
....[3537.347s][info][gc,start       ] GC(741) Pause Young (Allocation Failure)
[3537.446s][info][gc,heap        ] GC(741) PSYoungGen: 2639687K(2639872K)->137952K(2644992K) Eden: 2497536K(2497536K)->0K(2497024K) From: 142151K(142336K)->137952K(147968K)
[3537.446s][info][gc,heap        ] GC(741) ParOldGen: 3443627K(3443712K)->3535547K(3535872K)
[3537.446s][info][gc,metaspace   ] GC(741) Metaspace: 29130K(29440K)->29130K(29440K) NonClass: 24239K(24384K)->24239K(24384K) Class: 4890K(5056K)->4890K(5056K)
[3537.446s][info][gc             ] GC(741) Pause Young (Allocation Failure) 5940M->3587M(6036M) 98.751ms
[3537.446s][info][gc,cpu         ] GC(741) User=0.56s Sys=0.03s Real=0.10s
....[3541.448s][info][gc,start       ] GC(742) Pause Young (Allocation Failure)
[3541.551s][info][gc,heap        ] GC(742) PSYoungGen: 2634976K(2644992K)->142656K(2645504K) Eden: 2497024K(2497024K)->0K(2497024K) From: 137952K(147968K)->142656K(148480K)
[3541.551s][info][gc,heap        ] GC(742) ParOldGen: 3535547K(3535872K)->3627131K(3627520K)
[3541.551s][info][gc,metaspace   ] GC(742) Metaspace: 29130K(29440K)->29130K(29440K) NonClass: 24239K(24384K)->24239K(24384K) Class: 4890K(5056K)->4890K(5056K)
[3541.551s][info][gc             ] GC(742) Pause Young (Allocation Failure) 6025M->3681M(6126M) 102.492ms
[3541.551s][info][gc,cpu         ] GC(742) User=0.58s Sys=0.03s Real=0.11s
....[3545.554s][info][gc,start       ] GC(743) Pause Young (Allocation Failure)
[3545.657s][info][gc,heap        ] GC(743) PSYoungGen: 2639680K(2645504K)->147792K(2644992K) Eden: 2497024K(2497024K)->0K(2497024K) From: 142656K(148480K)->147792K(147968K)
[3545.657s][info][gc,heap        ] GC(743) ParOldGen: 3627131K(3627520K)->3719579K(3719680K)
[3545.657s][info][gc,metaspace   ] GC(743) Metaspace: 29130K(29440K)->29130K(29440K) NonClass: 24239K(24384K)->24239K(24384K) Class: 4890K(5056K)->4890K(5056K)
[3545.657s][info][gc             ] GC(743) Pause Young (Allocation Failure) 6119M->3776M(6215M) 103.596ms
[3545.657s][info][gc,cpu         ] GC(743) User=0.59s Sys=0.03s Real=0.10s
.....[3549.679s][info][gc,start       ] GC(744) Pause Young (Allocation Failure)
[3549.778s][info][gc,heap        ] GC(744) PSYoungGen: 2644816K(2644992K)->142144K(2646528K) Eden: 2497024K(2497024K)->0K(2497024K) From: 147792K(147968K)->142144K(149504K)
[3549.778s][info][gc,heap        ] GC(744) ParOldGen: 3719579K(3719680K)->3812011K(3812352K)
[3549.778s][info][gc,metaspace   ] GC(744) Metaspace: 29130K(29440K)->29130K(29440K) NonClass: 24239K(24384K)->24239K(24384K) Class: 4890K(5056K)->4890K(5056K)
[3549.778s][info][gc             ] GC(744) Pause Young (Allocation Failure) 6215M->3861M(6307M) 99.544ms
[3549.778s][info][gc,cpu         ] GC(744) User=0.56s Sys=0.03s Real=0.10s
.... (rIR:aIR:PR = 4981:4981:4981) (tPR = 73508) [OK] 
  3553s: Performance info:
         Transaction,    Success,    Partial,     Failed,   Receipts, AvgBarcode, 
             Overall,     301528,          0,          0,     286430,      59.47, 
         Response times:
             Request,    Success,    Partial,     Failed,   SkipFail,     Probes,    Samples,      min,      p50,      p90,      p95,      p99,      max, 
       TotalPurchase,     286430,          0,          0,          0,     281807,     300555,      300,     3700,     6400,     8000,    31000,   139000,
     InStorePurchase,     150746,          0,          0,          0,     148520,     158067,      300,     3700,     6400,     8100,    31000,   131000,
      OnlinePurchase,     105569,          0,          0,          0,     103898,     110754,      300,     3700,     6300,     7900,    30000,   139000,
        InstPurchase,      30115,          0,          0,          0,      29389,      31734,      400,     3900,     6500,     8125,    29000,   127000,
          AssocOfCat,        299,          0,          0,          0,        222,        297,    19900,    29000,    36000,    40100,   127040,   130000,
      AssocOfProduct,       3029,          0,          0,          0,       2799,       3159,      500,     2700,     4900,     5900,    19140,    55000,
      BusinessReport,        748,          0,          0,          0,        622,        755,    19500,    35000,    47000,    51000,   111720,   151000,
          CustBuyBeh,       3011,          0,          0,          0,       2814,       3209,      200,     1000,     4900,     5800,    20790,   104000,
       ProductReturn,       8011,          0,          0,          0,       7639,       8502,      200,     2300,     5800,     7300,    27000,   126000,

  3553s: (37%)   IR =   5120 [3553.855s][info][gc,start       ] GC(745) Pause Young (Allocation Failure)
[3553.957s][info][gc,heap        ] GC(745) PSYoungGen: 2639168K(2646528K)->144851K(2646016K) Eden: 2497024K(2497024K)->0K(2497024K) From: 142144K(149504K)->144851K(148992K)
[3553.957s][info][gc,heap        ] GC(745) ParOldGen: 3812011K(3812352K)->3904915K(3905024K)
[3553.957s][info][gc,metaspace   ] GC(745) Metaspace: 29132K(29440K)->29132K(29440K) NonClass: 24241K(24384K)->24241K(24384K) Class: 4890K(5056K)->4890K(5056K)
[3553.957s][info][gc             ] GC(745) Pause Young (Allocation Failure) 6299M->3954M(6397M) 102.091ms
[3553.957s][info][gc,cpu         ] GC(745) User=0.57s Sys=0.04s Real=0.10s
....[3557.838s][info][gc,start       ] GC(746) Pause Young (Allocation Failure)
[3557.940s][info][gc,heap        ] GC(746) PSYoungGen: 2641875K(2646016K)->142619K(2639872K) Eden: 2497024K(2497024K)->0K(2497024K) From: 144851K(148992K)->142619K(142848K)
[3557.940s][info][gc,heap        ] GC(746) ParOldGen: 3904915K(3905024K)->3998163K(3998208K)
[3557.940s][info][gc,metaspace   ] GC(746) Metaspace: 29132K(29440K)->29132K(29440K) NonClass: 24241K(24384K)->24241K(24384K) Class: 4890K(5056K)->4890K(5056K)
[3557.940s][info][gc             ] GC(746) Pause Young (Allocation Failure) 6393M->4043M(6482M) 102.033ms
[3557.940s][info][gc,cpu         ] GC(746) User=0.57s Sys=0.03s Real=0.11s
...|.[3561.862s][info][gc,start       ] GC(747) Pause Young (Allocation Failure)
[3561.963s][info][gc,heap        ] GC(747) PSYoungGen: 2639643K(2639872K)->141152K(2646016K) Eden: 2497024K(2497024K)->0K(2497536K) From: 142619K(142848K)->141152K(148480K)
[3561.963s][info][gc,heap        ] GC(747) ParOldGen: 3998163K(3998208K)->4090587K(4090880K)
[3561.963s][info][gc,metaspace   ] GC(747) Metaspace: 29132K(29440K)->29132K(29440K) NonClass: 24241K(24384K)->24241K(24384K) Class: 4890K(5056K)->4890K(5056K)
[3561.963s][info][gc             ] GC(747) Pause Young (Allocation Failure) 6482M->4132M(6579M) 101.373ms
[3561.963s][info][gc,cpu         ] GC(747) User=0.57s Sys=0.03s Real=0.10s
....[3565.820s][info][gc,start       ] GC(748) Pause Young (Allocation Failure)
[3565.921s][info][gc,heap        ] GC(748) PSYoungGen: 2638688K(2646016K)->140224K(2646016K) Eden: 2497536K(2497536K)->0K(2497536K) From: 141152K(148480K)->140224K(148480K)
[3565.921s][info][gc,heap        ] GC(748) ParOldGen: 4090587K(4090880K)->4183291K(4183552K)
[3565.921s][info][gc,metaspace   ] GC(748) Metaspace: 29132K(29440K)->29132K(29440K) NonClass: 24241K(24384K)->24241K(24384K) Class: 4890K(5056K)->4890K(5056K)
[3565.921s][info][gc             ] GC(748) Pause Young (Allocation Failure) 6571M->4222M(6669M) 100.758ms
[3565.921s][info][gc,cpu         ] GC(748) User=0.57s Sys=0.02s Real=0.10s
....[3569.833s][info][gc,start       ] GC(749) Pause Young (Allocation Failure)
[3569.938s][info][gc,heap        ] GC(749) PSYoungGen: 2637760K(2646016K)->146016K(2646016K) Eden: 2497536K(2497536K)->0K(2498048K) From: 140224K(148480K)->146016K(147968K)
[3569.938s][info][gc,heap        ] GC(749) ParOldGen: 4183291K(4183552K)->4275643K(4275712K)
[3569.938s][info][gc,metaspace   ] GC(749) Metaspace: 29132K(29440K)->29132K(29440K) NonClass: 24241K(24384K)->24241K(24384K) Class: 4890K(5056K)->4890K(5056K)
[3569.938s][info][gc             ] GC(749) Pause Young (Allocation Failure) 6661M->4318M(6759M) 105.299ms
[3569.938s][info][gc,cpu         ] GC(749) User=0.59s Sys=0.03s Real=0.10s
....[3573.863s][info][gc,start       ] GC(750) Pause Young (Allocation Failure)
[3573.964s][info][gc,heap        ] GC(750) PSYoungGen: 2644064K(2646016K)->141216K(2647040K) Eden: 2498048K(2498048K)->0K(2498048K) From: 146016K(147968K)->141216K(148992K)
[3573.964s][info][gc,heap        ] GC(750) ParOldGen: 4275643K(4275712K)->4368411K(4368896K)
[3573.964s][info][gc,metaspace   ] GC(750) Metaspace: 29132K(29440K)->29132K(29440K) NonClass: 24241K(24384K)->24241K(24384K) Class: 4890K(5056K)->4890K(5056K)
[3573.964s][info][gc             ] GC(750) Pause Young (Allocation Failure) 6757M->4403M(6851M) 100.967ms
[3573.964s][info][gc,cpu         ] GC(750) User=0.56s Sys=0.03s Real=0.10s
....[3577.906s][info][gc,start       ] GC(751) Pause Young (Allocation Failure)
[3578.009s][info][gc,heap        ] GC(751) PSYoungGen: 2639264K(2647040K)->143072K(2646528K) Eden: 2498048K(2498048K)->0K(2498560K) From: 141216K(148992K)->143072K(147968K)
[3578.009s][info][gc,heap        ] GC(751) ParOldGen: 4368411K(4368896K)->4460195K(4460544K)
[3578.009s][info][gc,metaspace   ] GC(751) Metaspace: 29132K(29440K)->29132K(29440K) NonClass: 24241K(24384K)->24241K(24384K) Class: 4890K(5056K)->4890K(5056K)
[3578.009s][info][gc             ] GC(751) Pause Young (Allocation Failure) 6843M->4495M(6940M) 103.074ms
[3578.009s][info][gc,cpu         ] GC(751) User=0.58s Sys=0.03s Real=0.11s
....[3581.829s][info][gc,start       ] GC(752) Pause Young (Allocation Failure)
[3581.928s][info][gc,heap        ] GC(752) PSYoungGen: 2641632K(2646528K)->139328K(2647040K) Eden: 2498560K(2498560K)->0K(2498560K) From: 143072K(147968K)->139328K(148480K)
[3581.928s][info][gc,heap        ] GC(752) ParOldGen: 4460195K(4460544K)->4554267K(4554752K)
[3581.928s][info][gc,metaspace   ] GC(752) Metaspace: 29132K(29440K)->29132K(29440K) NonClass: 24241K(24384K)->24241K(24384K) Class: 4890K(5056K)->4890K(5056K)
[3581.928s][info][gc             ] GC(752) Pause Young (Allocation Failure) 6935M->4583M(7033M) 99.269ms
[3581.928s][info][gc,cpu         ] GC(752) User=0.56s Sys=0.03s Real=0.09s
....[3585.870s][info][gc,start       ] GC(753) Pause Young (Allocation Failure)
[3585.975s][info][gc,heap        ] GC(753) PSYoungGen: 2637888K(2647040K)->145749K(2646528K) Eden: 2498560K(2498560K)->0K(2498048K) From: 139328K(148480K)->145749K(148480K)
[3585.975s][info][gc,heap        ] GC(753) ParOldGen: 4554267K(4554752K)->4645571K(4645888K)
[3585.975s][info][gc,metaspace   ] GC(753) Metaspace: 29133K(29440K)->29133K(29440K) NonClass: 24242K(24384K)->24242K(24384K) Class: 4890K(5056K)->4890K(5056K)
[3585.975s][info][gc             ] GC(753) Pause Young (Allocation Failure) 7023M->4679M(7121M) 105.503ms
[3585.975s][info][gc,cpu         ] GC(753) User=0.60s Sys=0.03s Real=0.10s
....[3589.867s][info][gc,start       ] GC(754) Pause Young (Allocation Failure)
[3589.969s][info][gc,heap        ] GC(754) PSYoungGen: 2643797K(2646528K)->141792K(2647040K) Eden: 2498048K(2498048K)->0K(2498048K) From: 145749K(148480K)->141792K(148992K)
[3589.969s][info][gc,heap        ] GC(754) ParOldGen: 4645571K(4645888K)->4737459K(4737536K)
[3589.969s][info][gc,metaspace   ] GC(754) Metaspace: 29133K(29440K)->29133K(29440K) NonClass: 24242K(24384K)->24242K(24384K) Class: 4890K(5056K)->4890K(5056K)
[3589.969s][info][gc             ] GC(754) Pause Young (Allocation Failure) 7118M->4764M(7211M) 101.673ms
[3589.969s][info][gc,cpu         ] GC(754) User=0.57s Sys=0.03s Real=0.11s
....[3593.828s][info][gc,start       ] GC(755) Pause Young (Allocation Failure)
[3593.931s][info][gc,heap        ] GC(755) PSYoungGen: 2639840K(2647040K)->140896K(2646016K) Eden: 2498048K(2498048K)->0K(2498560K) From: 141792K(148992K)->140896K(147456K)
[3593.931s][info][gc,heap        ] GC(755) ParOldGen: 4737459K(4737536K)->4830851K(4831232K)
[3593.931s][info][gc,metaspace   ] GC(755) Metaspace: 29133K(29440K)->29133K(29440K) NonClass: 24242K(24384K)->24242K(24384K) Class: 4890K(5056K)->4890K(5056K)
[3593.931s][info][gc             ] GC(755) Pause Young (Allocation Failure) 7204M->4855M(7302M) 102.532ms
[3593.931s][info][gc,cpu         ] GC(755) User=0.58s Sys=0.02s Real=0.11s
....[3597.869s][info][gc,start       ] GC(756) Pause Young (Allocation Failure)
[3597.971s][info][gc,heap        ] GC(756) PSYoungGen: 2639456K(2646016K)->141152K(2646528K) Eden: 2498560K(2498560K)->0K(2498560K) From: 140896K(147456K)->141152K(147968K)
[3597.971s][info][gc,heap        ] GC(756) ParOldGen: 4830851K(4831232K)->4923171K(4923392K)
[3597.971s][info][gc,metaspace   ] GC(756) Metaspace: 29133K(29440K)->29133K(29440K) NonClass: 24242K(24384K)->24242K(24384K) Class: 4890K(5056K)->4890K(5056K)
[3597.971s][info][gc             ] GC(756) Pause Young (Allocation Failure) 7295M->4945M(7392M) 102.186ms
[3597.971s][info][gc,cpu         ] GC(756) User=0.57s Sys=0.04s Real=0.10s
....[3601.879s][info][gc,start       ] GC(757) Pause Young (Allocation Failure)
[3601.983s][info][gc,heap        ] GC(757) PSYoungGen: 2639712K(2646528K)->146160K(2647040K) Eden: 2498560K(2498560K)->0K(2499072K) From: 141152K(147968K)->146160K(147968K)
[3601.983s][info][gc,heap        ] GC(757) ParOldGen: 4923171K(4923392K)->5015523K(5015552K)
[3601.983s][info][gc,metaspace   ] GC(757) Metaspace: 29133K(29440K)->29133K(29440K) NonClass: 24242K(24384K)->24242K(24384K) Class: 4890K(5056K)->4890K(5056K)
[3601.983s][info][gc             ] GC(757) Pause Young (Allocation Failure) 7385M->5040M(7483M) 103.959ms
[3601.983s][info][gc,cpu         ] GC(757) User=0.59s Sys=0.03s Real=0.10s
....[3605.799s][info][gc,start       ] GC(758) Pause Young (Allocation Failure)
[3605.899s][info][gc,heap        ] GC(758) PSYoungGen: 2645232K(2647040K)->138432K(2637824K) Eden: 2499072K(2499072K)->0K(2499072K) From: 146160K(147968K)->138432K(138752K)
[3605.899s][info][gc,heap        ] GC(758) ParOldGen: 5015523K(5015552K)->5108859K(5109248K)
[3605.899s][info][gc,metaspace   ] GC(758) Metaspace: 29133K(29440K)->29133K(29440K) NonClass: 24242K(24384K)->24242K(24384K) Class: 4890K(5056K)->4890K(5056K)
[3605.899s][info][gc             ] GC(758) Pause Young (Allocation Failure) 7481M->5124M(7565M) 99.769ms
[3605.899s][info][gc,cpu         ] GC(758) User=0.56s Sys=0.02s Real=0.10s
....[3609.856s][info][gc,start       ] GC(759) Pause Young (Allocation Failure)
[3609.957s][info][gc,heap        ] GC(759) PSYoungGen: 2637504K(2637824K)->141760K(2647552K) Eden: 2499072K(2499072K)->0K(2498560K) From: 138432K(138752K)->141760K(148992K)
[3609.957s][info][gc,heap        ] GC(759) ParOldGen: 5108859K(5109248K)->5199403K(5199872K)
[3609.957s][info][gc,metaspace   ] GC(759) Metaspace: 29133K(29440K)->29133K(29440K) NonClass: 24242K(24384K)->24242K(24384K) Class: 4890K(5056K)->4890K(5056K)
[3609.957s][info][gc             ] GC(759) Pause Young (Allocation Failure) 7564M->5215M(7663M) 101.549ms
[3609.957s][info][gc,cpu         ] GC(759) User=0.56s Sys=0.03s Real=0.10s
....[3613.892s][info][gc,start       ] GC(760) Pause Young (Allocation Failure)
[3613.994s][info][gc,heap        ] GC(760) PSYoungGen: 2640320K(2647552K)->144736K(2647040K) Eden: 2498560K(2498560K)->0K(2498560K) From: 141760K(148992K)->144736K(148480K)
[3613.994s][info][gc,heap        ] GC(760) ParOldGen: 5199403K(5199872K)->5292595K(5293056K)
[3613.994s][info][gc,metaspace   ] GC(760) Metaspace: 29133K(29440K)->29133K(29440K) NonClass: 24242K(24384K)->24242K(24384K) Class: 4890K(5056K)->4890K(5056K)
[3613.994s][info][gc             ] GC(760) Pause Young (Allocation Failure) 7655M->5309M(7754M) 102.590ms
[3613.994s][info][gc,cpu         ] GC(760) User=0.59s Sys=0.03s Real=0.10s
....[3617.874s][info][gc,start       ] GC(761) Pause Young (Allocation Failure)
[3617.976s][info][gc,heap        ] GC(761) PSYoungGen: 2643296K(2647040K)->140992K(2647040K) Eden: 2498560K(2498560K)->0K(2498560K) From: 144736K(148480K)->140992K(148480K)
[3617.976s][info][gc,heap        ] GC(761) ParOldGen: 5292595K(5293056K)->5385019K(5385216K)
[3617.976s][info][gc,metaspace   ] GC(761) Metaspace: 29133K(29440K)->29133K(29440K) NonClass: 24242K(24384K)->24242K(24384K) Class: 4890K(5056K)->4890K(5056K)
[3617.977s][info][gc             ] GC(761) Pause Young (Allocation Failure) 7749M->5396M(7844M) 102.275ms
[3617.977s][info][gc,cpu         ] GC(761) User=0.58s Sys=0.03s Real=0.10s
... (rIR:aIR:PR = 5120:5121:5121) (tPR = 76273) [OK] 
  3620s: Performance info:
         Transaction,    Success,    Partial,     Failed,   Receipts, AvgBarcode, 
             Overall,     307679,          0,          0,     292329,      59.47, 
         Response times:
             Request,    Success,    Partial,     Failed,   SkipFail,     Probes,    Samples,      min,      p50,      p90,      p95,      p99,      max, 
       TotalPurchase,     292329,          0,          0,          0,     288473,     321990,      300,     3800,     6500,     8000,    29000,   135000,
     InStorePurchase,     153859,          0,          0,          0,     151953,     169491,      300,     3900,     6500,     8000,    30000,   135000,
      OnlinePurchase,     107681,          0,          0,          0,     106427,     118562,      300,     3600,     6400,     7900,    28000,   135000,
        InstPurchase,      30789,          0,          0,          0,      30093,      33937,      400,     3200,     6300,     7800,    27000,   116000,
          AssocOfCat,        307,          0,          0,          0,        251,        353,    19400,    30000,    42600,    51300,   130760,   150000,
      AssocOfProduct,       3068,          0,          0,          0,       2870,       3451,      500,     5300,     7300,     9100,    34000,   135000,
      BusinessReport,        769,          0,          0,          0,        670,        842,    22000,    35000,    48000,    53000,    86980,   162000,
          CustBuyBeh,       3063,          0,          0,          0,       2832,       3332,      400,     4000,     6670,     9100,    32000,   112000,
       ProductReturn,       8143,          0,          0,          0,       7781,       9015,      200,     3600,     6300,     7700,    29000,   112000,

  3620s: (38%)   IR =   5258 .[3621.902s][info][gc,start       ] GC(762) Pause Young (Allocation Failure)
[3622.004s][info][gc,heap        ] GC(762) PSYoungGen: 2639552K(2647040K)->143296K(2647040K) Eden: 2498560K(2498560K)->0K(2498560K) From: 140992K(148480K)->143296K(148480K)
[3622.004s][info][gc,heap        ] GC(762) ParOldGen: 5385019K(5385216K)->5477059K(5477376K)
[3622.004s][info][gc,metaspace   ] GC(762) Metaspace: 29133K(29440K)->29133K(29440K) NonClass: 24242K(24384K)->24242K(24384K) Class: 4890K(5056K)->4890K(5056K)
[3622.004s][info][gc             ] GC(762) Pause Young (Allocation Failure) 7836M->5488M(7934M) 102.935ms
[3622.004s][info][gc,cpu         ] GC(762) User=0.58s Sys=0.03s Real=0.10s
...[3625.709s][info][gc,start       ] GC(763) Pause Young (Allocation Failure)
[3625.813s][info][gc,heap        ] GC(763) PSYoungGen: 2641856K(2647040K)->140054K(2647040K) Eden: 2498560K(2498560K)->0K(2499072K) From: 143296K(148480K)->140054K(147968K)
[3625.813s][info][gc,heap        ] GC(763) ParOldGen: 5477059K(5477376K)->5571179K(5571584K)
[3625.813s][info][gc,metaspace   ] GC(763) Metaspace: 29133K(29440K)->29133K(29440K) NonClass: 24242K(24384K)->24242K(24384K) Class: 4890K(5056K)->4890K(5056K)
[3625.813s][info][gc             ] GC(763) Pause Young (Allocation Failure) 7928M->5577M(8026M) 103.845ms
[3625.813s][info][gc,cpu         ] GC(763) User=0.58s Sys=0.03s Real=0.10s
....|[3629.599s][info][gc,start       ] GC(764) Pause Full (Allocation Failure)
[3629.600s][info][gc,phases,start] GC(764) Marking Phase
[3629.886s][info][gc,phases      ] GC(764) Marking Phase 286.927ms
[3629.887s][info][gc,phases,start] GC(764) Summary Phase
[3629.887s][info][gc,phases      ] GC(764) Summary Phase 0.103ms
[3629.887s][info][gc,phases,start] GC(764) Forward
[3630.009s][info][gc,phases      ] GC(764) Forward 122.840ms
[3630.010s][info][gc,phases,start] GC(764) Adjust Pointers
[3630.204s][info][gc,phases      ] GC(764) Adjust Pointers 194.667ms
[3630.204s][info][gc,phases,start] GC(764) Compaction Phase
[3630.329s][info][gc,phases      ] GC(764) Compaction Phase 124.384ms
[3630.330s][info][gc,phases,start] GC(764) Post Compact
[3630.337s][info][gc,phases      ] GC(764) Post Compact 7.061ms
[3630.474s][info][gc,heap        ] GC(764) PSYoungGen: 2639126K(2647040K)->0K(2647040K) Eden: 2499072K(2499072K)->0K(2499072K) From: 140054K(147968K)->0K(147968K)
[3630.475s][info][gc,heap        ] GC(764) ParOldGen: 5571179K(5571584K)->1416346K(1635840K)
[3630.475s][info][gc,metaspace   ] GC(764) Metaspace: 29133K(29440K)->29133K(29440K) NonClass: 24242K(24384K)->24242K(24384K) Class: 4890K(5056K)->4890K(5056K)
[3630.475s][info][gc             ] GC(764) Pause Full (Allocation Failure) 8017M->1383M(4182M) 875.042ms
[3630.475s][info][gc,cpu         ] GC(764) User=3.96s Sys=0.14s Real=0.87s
...[3633.457s][info][gc,start       ] GC(765) Pause Young (Allocation Failure)
[3633.522s][info][gc,heap        ] GC(765) PSYoungGen: 2499072K(2647040K)->142162K(2647040K) Eden: 2499072K(2499072K)->0K(2500096K) From: 0K(147968K)->142162K(146944K)
[3633.522s][info][gc,heap        ] GC(765) ParOldGen: 1416346K(1635840K)->1416346K(1635840K)
[3633.522s][info][gc,metaspace   ] GC(765) Metaspace: 29133K(29440K)->29133K(29440K) NonClass: 24242K(24384K)->24242K(24384K) Class: 4890K(5056K)->4890K(5056K)
[3633.522s][info][gc             ] GC(765) Pause Young (Allocation Failure) 3823M->1521M(4182M) 64.905ms
[3633.522s][info][gc,cpu         ] GC(765) User=0.38s Sys=0.00s Real=0.07s
....[3637.401s][info][gc,start       ] GC(766) Pause Young (Allocation Failure)
[3637.493s][info][gc,heap        ] GC(766) PSYoungGen: 2642258K(2647040K)->139072K(2647552K) Eden: 2500096K(2500096K)->0K(2500096K) From: 142162K(146944K)->139072K(147456K)
[3637.493s][info][gc,heap        ] GC(766) ParOldGen: 1416346K(1635840K)->1510962K(1635840K)
[3637.493s][info][gc,metaspace   ] GC(766) Metaspace: 29133K(29440K)->29133K(29440K) NonClass: 24242K(24384K)->24242K(24384K) Class: 4890K(5056K)->4890K(5056K)
[3637.493s][info][gc             ] GC(766) Pause Young (Allocation Failure) 3963M->1611M(4183M) 92.079ms
[3637.493s][info][gc,cpu         ] GC(766) User=0.55s Sys=0.00s Real=0.09s
....[3641.282s][info][gc,start       ] GC(767) Pause Young (Allocation Failure)
[3641.377s][info][gc,heap        ] GC(767) PSYoungGen: 2639168K(2647552K)->139392K(2648576K) Eden: 2500096K(2500096K)->0K(2501120K) From: 139072K(147456K)->139392K(147456K)
[3641.377s][info][gc,heap        ] GC(767) ParOldGen: 1510962K(1635840K)->1604234K(1635840K)
[3641.377s][info][gc,metaspace   ] GC(767) Metaspace: 29133K(29440K)->29133K(29440K) NonClass: 24242K(24384K)->24242K(24384K) Class: 4890K(5056K)->4890K(5056K)
[3641.377s][info][gc             ] GC(767) Pause Young (Allocation Failure) 4052M->1702M(4184M) 94.548ms
[3641.377s][info][gc,cpu         ] GC(767) User=0.56s Sys=0.00s Real=0.09s
....[3645.184s][info][gc,start       ] GC(768) Pause Young (Allocation Failure)
[3645.283s][info][gc,heap        ] GC(768) PSYoungGen: 2640512K(2648576K)->144160K(2648576K) Eden: 2501120K(2501120K)->0K(2501120K) From: 139392K(147456K)->144160K(147456K)
[3645.283s][info][gc,heap        ] GC(768) ParOldGen: 1604234K(1635840K)->1695970K(1696256K)
[3645.283s][info][gc,metaspace   ] GC(768) Metaspace: 29133K(29440K)->29133K(29440K) NonClass: 24242K(24384K)->24242K(24384K) Class: 4890K(5056K)->4890K(5056K)
[3645.283s][info][gc             ] GC(768) Pause Young (Allocation Failure) 4145M->1797M(4243M) 99.547ms
[3645.283s][info][gc,cpu         ] GC(768) User=0.57s Sys=0.02s Real=0.10s
....[3649.085s][info][gc,start       ] GC(769) Pause Young (Allocation Failure)
[3649.184s][info][gc,heap        ] GC(769) PSYoungGen: 2645280K(2648576K)->142816K(2648576K) Eden: 2501120K(2501120K)->0K(2501120K) From: 144160K(147456K)->142816K(147456K)
[3649.184s][info][gc,heap        ] GC(769) ParOldGen: 1695970K(1696256K)->1788706K(1788928K)
[3649.184s][info][gc,metaspace   ] GC(769) Metaspace: 29133K(29440K)->29133K(29440K) NonClass: 24242K(24384K)->24242K(24384K) Class: 4890K(5056K)->4890K(5056K)
[3649.184s][info][gc             ] GC(769) Pause Young (Allocation Failure) 4239M->1886M(4333M) 99.722ms
[3649.184s][info][gc,cpu         ] GC(769) User=0.55s Sys=0.04s Real=0.10s
....[3652.957s][info][gc,start       ] GC(770) Pause Young (Allocation Failure)
[3653.057s][info][gc,heap        ] GC(770) PSYoungGen: 2643936K(2648576K)->145168K(2646528K) Eden: 2501120K(2501120K)->0K(2501120K) From: 142816K(147456K)->145168K(145408K)
[3653.058s][info][gc,heap        ] GC(770) ParOldGen: 1788706K(1788928K)->1881586K(1881600K)
[3653.058s][info][gc,metaspace   ] GC(770) Metaspace: 29133K(29440K)->29133K(29440K) NonClass: 24242K(24384K)->24242K(24384K) Class: 4890K(5056K)->4890K(5056K)
[3653.058s][info][gc             ] GC(770) Pause Young (Allocation Failure) 4328M->1979M(4422M) 100.455ms
[3653.058s][info][gc,cpu         ] GC(770) User=0.57s Sys=0.02s Real=0.10s
....[3656.928s][info][gc,start       ] GC(771) Pause Young (Allocation Failure)
[3657.026s][info][gc,heap        ] GC(771) PSYoungGen: 2646288K(2646528K)->143168K(2648064K) Eden: 2501120K(2501120K)->0K(2500096K) From: 145168K(145408K)->143168K(147968K)
[3657.026s][info][gc,heap        ] GC(771) ParOldGen: 1881586K(1881600K)->1972778K(1973248K)
[3657.026s][info][gc,metaspace   ] GC(771) Metaspace: 29133K(29440K)->29133K(29440K) NonClass: 24242K(24384K)->24242K(24384K) Class: 4890K(5056K)->4890K(5056K)
[3657.026s][info][gc             ] GC(771) Pause Young (Allocation Failure) 4421M->2066M(4513M) 98.032ms
[3657.026s][info][gc,cpu         ] GC(771) User=0.56s Sys=0.02s Real=0.10s
....[3660.785s][info][gc,start       ] GC(772) Pause Young (Allocation Failure)
[3660.888s][info][gc,heap        ] GC(772) PSYoungGen: 2643264K(2648064K)->145380K(2645504K) Eden: 2500096K(2500096K)->0K(2500096K) From: 143168K(147968K)->145380K(145408K)
[3660.888s][info][gc,heap        ] GC(772) ParOldGen: 1972778K(1973248K)->2066706K(2066944K)
[3660.888s][info][gc,metaspace   ] GC(772) Metaspace: 29133K(29440K)->29133K(29440K) NonClass: 24242K(24384K)->24242K(24384K) Class: 4890K(5056K)->4890K(5056K)
[3660.888s][info][gc             ] GC(772) Pause Young (Allocation Failure) 4507M->2160M(4602M) 103.072ms
[3660.888s][info][gc,cpu         ] GC(772) User=0.58s Sys=0.04s Real=0.10s
....[3664.665s][info][gc,start       ] GC(773) Pause Young (Allocation Failure)
[3664.770s][info][gc,heap        ] GC(773) PSYoungGen: 2645476K(2645504K)->148464K(2573824K) Eden: 2500096K(2500096K)->0K(2425344K) From: 145380K(145408K)->148464K(148480K)
[3664.770s][info][gc,heap        ] GC(773) ParOldGen: 2066706K(2066944K)->2162490K(2162688K)
[3664.770s][info][gc,metaspace   ] GC(773) Metaspace: 29133K(29440K)->29133K(29440K) NonClass: 24242K(24384K)->24242K(24384K) Class: 4890K(5056K)->4890K(5056K)
[3664.770s][info][gc             ] GC(773) Pause Young (Allocation Failure) 4601M->2256M(4625M) 105.516ms
[3664.770s][info][gc,cpu         ] GC(773) User=0.58s Sys=0.03s Real=0.11s
...[3668.411s][info][gc,start       ] GC(774) Pause Young (Allocation Failure)
[3668.507s][info][gc,heap        ] GC(774) PSYoungGen: 2573808K(2573824K)->135573K(2610688K) Eden: 2425344K(2425344K)->0K(2425344K) From: 148464K(148480K)->135573K(185344K)
[3668.507s][info][gc,heap        ] GC(774) ParOldGen: 2162490K(2162688K)->2254154K(2254336K)
[3668.507s][info][gc,metaspace   ] GC(774) Metaspace: 29133K(29440K)->29133K(29440K) NonClass: 24242K(24384K)->24242K(24384K) Class: 4890K(5056K)->4890K(5056K)
[3668.507s][info][gc             ] GC(774) Pause Young (Allocation Failure) 4625M->2333M(4751M) 96.055ms
[3668.507s][info][gc,cpu         ] GC(774) User=0.53s Sys=0.03s Real=0.09s
....[3672.207s][info][gc,start       ] GC(775) Pause Young (Allocation Failure)
[3672.305s][info][gc,heap        ] GC(775) PSYoungGen: 2560917K(2610688K)->141856K(2606592K) Eden: 2425344K(2425344K)->0K(2425344K) From: 135573K(185344K)->141856K(181248K)
[3672.305s][info][gc,heap        ] GC(775) ParOldGen: 2254154K(2254336K)->2344146K(2344448K)
[3672.305s][info][gc,metaspace   ] GC(775) Metaspace: 29133K(29440K)->29133K(29440K) NonClass: 24242K(24384K)->24242K(24384K) Class: 4890K(5056K)->4890K(5056K)
[3672.305s][info][gc             ] GC(775) Pause Young (Allocation Failure) 4702M->2427M(4835M) 97.782ms
[3672.305s][info][gc,cpu         ] GC(775) User=0.55s Sys=0.03s Real=0.10s
....[3676.017s][info][gc,start       ] GC(776) Pause Young (Allocation Failure)
[3676.117s][info][gc,heap        ] GC(776) PSYoungGen: 2567200K(2606592K)->139712K(2608640K) Eden: 2425344K(2425344K)->0K(2425344K) From: 141856K(181248K)->139712K(183296K)
[3676.117s][info][gc,heap        ] GC(776) ParOldGen: 2344146K(2344448K)->2435698K(2436096K)
[3676.117s][info][gc,metaspace   ] GC(776) Metaspace: 29133K(29440K)->29133K(29440K) NonClass: 24242K(24384K)->24242K(24384K) Class: 4890K(5056K)->4890K(5056K)
[3676.117s][info][gc             ] GC(776) Pause Young (Allocation Failure) 4796M->2515M(4926M) 100.739ms
[3676.117s][info][gc,cpu         ] GC(776) User=0.56s Sys=0.04s Real=0.10s
....[3679.758s][info][gc,start       ] GC(777) Pause Young (Allocation Failure)
[3679.856s][info][gc,heap        ] GC(777) PSYoungGen: 2565056K(2608640K)->136403K(2610176K) Eden: 2425344K(2425344K)->0K(2430976K) From: 139712K(183296K)->136403K(179200K)
[3679.856s][info][gc,heap        ] GC(777) ParOldGen: 2435698K(2436096K)->2527578K(2527744K)
[3679.856s][info][gc,metaspace   ] GC(777) Metaspace: 29133K(29440K)->29133K(29440K) NonClass: 24242K(24384K)->24242K(24384K) Class: 4890K(5056K)->4890K(5056K)
[3679.856s][info][gc             ] GC(777) Pause Young (Allocation Failure) 4883M->2601M(5017M) 98.317ms
[3679.856s][info][gc,cpu         ] GC(777) User=0.56s Sys=0.02s Real=0.10s
...[3683.516s][info][gc,start       ] GC(778) Pause Young (Allocation Failure)
[3683.611s][info][gc,heap        ] GC(778) PSYoungGen: 2567379K(2610176K)->135840K(2611712K) Eden: 2430976K(2430976K)->0K(2430976K) From: 136403K(179200K)->135840K(180736K)
[3683.611s][info][gc,heap        ] GC(778) ParOldGen: 2527578K(2527744K)->2618178K(2618368K)
[3683.611s][info][gc,metaspace   ] GC(778) Metaspace: 29133K(29440K)->29133K(29440K) NonClass: 24242K(24384K)->24242K(24384K) Class: 4890K(5056K)->4890K(5056K)
[3683.611s][info][gc             ] GC(778) Pause Young (Allocation Failure) 4975M->2689M(5107M) 94.859ms
[3683.611s][info][gc,cpu         ] GC(778) User=0.53s Sys=0.03s Real=0.10s
....[3687.254s][info][gc,start       ] GC(779) Pause Young (Allocation Failure)
[3687.349s][info][gc,heap        ] GC(779) PSYoungGen: 2566816K(2611712K)->133440K(2612736K) Eden: 2430976K(2430976K)->0K(2435584K) From: 135840K(180736K)->133440K(177152K)
[3687.349s][info][gc,heap        ] GC(779) ParOldGen: 2618178K(2618368K)->2709098K(2709504K)
[3687.349s][info][gc,metaspace   ] GC(779) Metaspace: 29133K(29440K)->29133K(29440K) NonClass: 24242K(24384K)->24242K(24384K) Class: 4890K(5056K)->4890K(5056K)
[3687.349s][info][gc             ] GC(779) Pause Young (Allocation Failure) 5063M->2775M(5197M) 94.860ms
[3687.349s][info][gc,cpu         ] GC(779) User=0.54s Sys=0.02s Real=0.10s
... (rIR:aIR:PR = 5258:5260:5260) (tPR = 77685) [OK] 
  3689s: Performance info:
         Transaction,    Success,    Partial,     Failed,   Receipts, AvgBarcode, 
             Overall,     319676,          0,          0,     303712,      59.47, 
         Response times:
             Request,    Success,    Partial,     Failed,   SkipFail,     Probes,    Samples,      min,      p50,      p90,      p95,      p99,      max, 
       TotalPurchase,     303708,          0,          0,          0,     294527,     339458,      300,     3800,     6600,     8600,    30000,   890000,
     InStorePurchase,     159740,          0,          0,          0,     155011,     178588,      300,     3800,     6600,     8500,    29000,   890000,
      OnlinePurchase,     111962,          0,          0,          0,     108699,     125125,      300,     3800,     6700,     8600,    30000,   143000,
        InstPurchase,      32006,          0,          0,          0,      30817,      35745,      400,     3900,     6800,     8800,    30000,   125000,
          AssocOfCat,        320,          0,          0,          0,        230,        349,    18900,    30000,    40000,    52000,   124000,   143000,
      AssocOfProduct,       3183,          0,          0,          0,       2967,       3601,      400,     4800,     7400,     9600,    37000,   124000,
      BusinessReport,        805,          0,          0,          0,        711,        927,    23000,    35000,    50000,    58200,   193000,   920000,
          CustBuyBeh,       3184,          0,          0,          0,       2914,       3574,      300,     4500,     7100,    14900,    38000,   122000,
       ProductReturn,       8472,          0,          0,          0,       7983,       9536,      200,     4000,     6800,    10500,    30000,   122000,

  3689s: (39%)   IR =   5396 .[3691.111s][info][gc,start       ] GC(780) Pause Young (Allocation Failure)
[3691.211s][info][gc,heap        ] GC(780) PSYoungGen: 2569024K(2612736K)->144128K(2614272K) Eden: 2435584K(2435584K)->0K(2435584K) From: 133440K(177152K)->144128K(178688K)
[3691.211s][info][gc,heap        ] GC(780) ParOldGen: 2709098K(2709504K)->2798746K(2799104K)
[3691.211s][info][gc,metaspace   ] GC(780) Metaspace: 29133K(29440K)->29133K(29440K) NonClass: 24242K(24384K)->24242K(24384K) Class: 4890K(5056K)->4890K(5056K)
[3691.211s][info][gc             ] GC(780) Pause Young (Allocation Failure) 5154M->2873M(5286M) 100.710ms
[3691.212s][info][gc,cpu         ] GC(780) User=0.57s Sys=0.03s Real=0.10s
...|.[3694.772s][info][gc,start       ] GC(781) Pause Young (Allocation Failure)
[3694.871s][info][gc,heap        ] GC(781) PSYoungGen: 2579712K(2614272K)->137536K(2614784K) Eden: 2435584K(2435584K)->0K(2441728K) From: 144128K(178688K)->137536K(173056K)
[3694.871s][info][gc,heap        ] GC(781) ParOldGen: 2798746K(2799104K)->2892154K(2892288K)
[3694.871s][info][gc,metaspace   ] GC(781) Metaspace: 29133K(29440K)->29133K(29440K) NonClass: 24242K(24384K)->24242K(24384K) Class: 4890K(5056K)->4890K(5056K)
[3694.871s][info][gc             ] GC(781) Pause Young (Allocation Failure) 5252M->2958M(5378M) 99.893ms
[3694.871s][info][gc,cpu         ] GC(781) User=0.56s Sys=0.03s Real=0.10s
...[3698.513s][info][gc,start       ] GC(782) Pause Young (Allocation Failure)
[3698.611s][info][gc,heap        ] GC(782) PSYoungGen: 2579264K(2614784K)->137856K(2615296K) Eden: 2441728K(2441728K)->0K(2441728K) From: 137536K(173056K)->137856K(173568K)
[3698.611s][info][gc,heap        ] GC(782) ParOldGen: 2892154K(2892288K)->2983106K(2983424K)
[3698.611s][info][gc,metaspace   ] GC(782) Metaspace: 29133K(29440K)->29133K(29440K) NonClass: 24242K(24384K)->24242K(24384K) Class: 4890K(5056K)->4890K(5056K)
[3698.611s][info][gc             ] GC(782) Pause Young (Allocation Failure) 5343M->3047M(5467M) 98.489ms
[3698.611s][info][gc,cpu         ] GC(782) User=0.55s Sys=0.03s Real=0.10s
....[3702.229s][info][gc,start       ] GC(783) Pause Young (Allocation Failure)
[3702.333s][info][gc,heap        ] GC(783) PSYoungGen: 2579584K(2615296K)->146116K(2619392K) Eden: 2441728K(2441728K)->0K(2450432K) From: 137856K(173568K)->146116K(168960K)
[3702.333s][info][gc,heap        ] GC(783) ParOldGen: 2983106K(2983424K)->3075210K(3075584K)
[3702.333s][info][gc,metaspace   ] GC(783) Metaspace: 29133K(29440K)->29133K(29440K) NonClass: 24242K(24384K)->24242K(24384K) Class: 4890K(5056K)->4890K(5056K)
[3702.333s][info][gc             ] GC(783) Pause Young (Allocation Failure) 5432M->3145M(5561M) 103.980ms
[3702.333s][info][gc,cpu         ] GC(783) User=0.58s Sys=0.03s Real=0.10s
....[3705.920s][info][gc,start       ] GC(784) Pause Young (Allocation Failure)
[3706.019s][info][gc,heap        ] GC(784) PSYoungGen: 2596548K(2619392K)->139296K(2620416K) Eden: 2450432K(2450432K)->0K(2450432K) From: 146116K(168960K)->139296K(169984K)
[3706.019s][info][gc,heap        ] GC(784) ParOldGen: 3075210K(3075584K)->3166490K(3166720K)
[3706.019s][info][gc,metaspace   ] GC(784) Metaspace: 29133K(29440K)->29133K(29440K) NonClass: 24242K(24384K)->24242K(24384K) Class: 4890K(5056K)->4890K(5056K)
[3706.019s][info][gc             ] GC(784) Pause Young (Allocation Failure) 5538M->3228M(5651M) 98.916ms
[3706.019s][info][gc,cpu         ] GC(784) User=0.56s Sys=0.03s Real=0.10s
...[3709.604s][info][gc,start       ] GC(785) Pause Young (Allocation Failure)
[3709.701s][info][gc,heap        ] GC(785) PSYoungGen: 2589728K(2620416K)->138432K(2623488K) Eden: 2450432K(2450432K)->0K(2457600K) From: 139296K(169984K)->138432K(165888K)
[3709.701s][info][gc,heap        ] GC(785) ParOldGen: 3166490K(3166720K)->3258026K(3258368K)
[3709.701s][info][gc,metaspace   ] GC(785) Metaspace: 29133K(29440K)->29133K(29440K) NonClass: 24242K(24384K)->24242K(24384K) Class: 4890K(5056K)->4890K(5056K)
[3709.701s][info][gc             ] GC(785) Pause Young (Allocation Failure) 5621M->3316M(5744M) 96.734ms
[3709.701s][info][gc,cpu         ] GC(785) User=0.55s Sys=0.02s Real=0.10s
....[3713.359s][info][gc,start       ] GC(786) Pause Young (Allocation Failure)
[3713.458s][info][gc,heap        ] GC(786) PSYoungGen: 2596032K(2623488K)->136448K(2624512K) Eden: 2457600K(2457600K)->0K(2457600K) From: 138432K(165888K)->136448K(166912K)
[3713.458s][info][gc,heap        ] GC(786) ParOldGen: 3258026K(3258368K)->3349906K(3350016K)
[3713.458s][info][gc,metaspace   ] GC(786) Metaspace: 29133K(29440K)->29133K(29440K) NonClass: 24242K(24384K)->24242K(24384K) Class: 4890K(5056K)->4890K(5056K)
[3713.458s][info][gc             ] GC(786) Pause Young (Allocation Failure) 5716M->3404M(5834M) 99.476ms
[3713.458s][info][gc,cpu         ] GC(786) User=0.56s Sys=0.02s Real=0.09s
....[3717.059s][info][gc,start       ] GC(787) Pause Young (Allocation Failure)
[3717.159s][info][gc,heap        ] GC(787) PSYoungGen: 2594048K(2624512K)->140128K(2625536K) Eden: 2457600K(2457600K)->0K(2463744K) From: 136448K(166912K)->140128K(161792K)
[3717.159s][info][gc,heap        ] GC(787) ParOldGen: 3349906K(3350016K)->3441386K(3441664K)
[3717.159s][info][gc,metaspace   ] GC(787) Metaspace: 29133K(29440K)->29133K(29440K) NonClass: 24242K(24384K)->24242K(24384K) Class: 4890K(5056K)->4890K(5056K)
[3717.159s][info][gc             ] GC(787) Pause Young (Allocation Failure) 5804M->3497M(5925M) 100.402ms
[3717.159s][info][gc,cpu         ] GC(787) User=0.56s Sys=0.04s Real=0.10s
....[3720.803s][info][gc,start       ] GC(788) Pause Young (Allocation Failure)
[3720.903s][info][gc,heap        ] GC(788) PSYoungGen: 2603872K(2625536K)->139488K(2627072K) Eden: 2463744K(2463744K)->0K(2463744K) From: 140128K(161792K)->139488K(163328K)
[3720.903s][info][gc,heap        ] GC(788) ParOldGen: 3441386K(3441664K)->3532146K(3532288K)
[3720.903s][info][gc,metaspace   ] GC(788) Metaspace: 29133K(29440K)->29133K(29440K) NonClass: 24242K(24384K)->24242K(24384K) Class: 4890K(5056K)->4890K(5056K)
[3720.903s][info][gc             ] GC(788) Pause Young (Allocation Failure) 5903M->3585M(6015M) 99.532ms
[3720.903s][info][gc,cpu         ] GC(788) User=0.55s Sys=0.03s Real=0.10s
...[3724.589s][info][gc,start       ] GC(789) Pause Young (Allocation Failure)
[3724.690s][info][gc,heap        ] GC(789) PSYoungGen: 2603232K(2627072K)->142737K(2629632K) Eden: 2463744K(2463744K)->0K(2470912K) From: 139488K(163328K)->142737K(158720K)
[3724.690s][info][gc,heap        ] GC(789) ParOldGen: 3532146K(3532288K)->3623906K(3623936K)
[3724.690s][info][gc,metaspace   ] GC(789) Metaspace: 29133K(29440K)->29133K(29440K) NonClass: 24242K(24384K)->24242K(24384K) Class: 4890K(5056K)->4890K(5056K)
[3724.690s][info][gc             ] GC(789) Pause Young (Allocation Failure) 5991M->3678M(6107M) 101.156ms
[3724.690s][info][gc,cpu         ] GC(789) User=0.58s Sys=0.02s Real=0.10s
..[3726.075s][info][gc,start       ] GC(790) Pause Full (Diagnostic Command)
[3726.075s][info][gc,phases,start] GC(790) Marking Phase
[3726.362s][info][gc,phases      ] GC(790) Marking Phase 286.682ms
[3726.362s][info][gc,phases,start] GC(790) Summary Phase
[3726.362s][info][gc,phases      ] GC(790) Summary Phase 0.068ms
[3726.362s][info][gc,phases,start] GC(790) Forward
[3726.546s][info][gc,phases      ] GC(790) Forward 183.417ms
[3726.546s][info][gc,phases,start] GC(790) Adjust Pointers
[3726.750s][info][gc,phases      ] GC(790) Adjust Pointers 204.266ms
[3726.750s][info][gc,phases,start] GC(790) Compaction Phase
[3726.908s][info][gc,phases      ] GC(790) Compaction Phase 157.971ms
[3726.910s][info][gc,phases,start] GC(790) Post Compact
[3726.914s][info][gc,phases      ] GC(790) Post Compact 4.176ms
[3726.914s][info][gc,heap        ] GC(790) PSYoungGen: 1126817K(2629632K)->0K(2629632K) Eden: 984079K(2470912K)->0K(2470912K) From: 142737K(158720K)->0K(158720K)
[3726.914s][info][gc,heap        ] GC(790) ParOldGen: 3623906K(3623936K)->1139782K(3623936K)
[3726.914s][info][gc,metaspace   ] GC(790) Metaspace: 29133K(29440K)->29133K(29440K) NonClass: 24242K(24384K)->24242K(24384K) Class: 4890K(5056K)->4890K(5056K)
[3726.914s][info][gc             ] GC(790) Pause Full (Diagnostic Command) 4639M->1113M(6107M) 838.636ms
[3726.914s][info][gc,cpu         ] GC(790) User=4.32s Sys=0.00s Real=0.84s
...[3729.800s][info][gc,start       ] GC(791) Pause Young (Allocation Failure)
[3729.863s][info][gc,heap        ] GC(791) PSYoungGen: 2470912K(2629632K)->140373K(2631168K) Eden: 2470912K(2470912K)->0K(2470912K) From: 0K(158720K)->140373K(160256K)
[3729.863s][info][gc,heap        ] GC(791) ParOldGen: 1139782K(3623936K)->1139782K(3623936K)
[3729.863s][info][gc,metaspace   ] GC(791) Metaspace: 29133K(29440K)->29133K(29440K) NonClass: 24242K(24384K)->24242K(24384K) Class: 4890K(5056K)->4890K(5056K)
[3729.863s][info][gc             ] GC(791) Pause Young (Allocation Failure) 3526M->1250M(6108M) 63.275ms
[3729.863s][info][gc,cpu         ] GC(791) User=0.38s Sys=0.00s Real=0.06s
....[3733.560s][info][gc,start       ] GC(792) Pause Young (Allocation Failure)
[3733.654s][info][gc,heap        ] GC(792) PSYoungGen: 2611285K(2631168K)->143605K(2633728K) Eden: 2470912K(2470912K)->0K(2477056K) From: 140373K(160256K)->143605K(156672K)
[3733.654s][info][gc,heap        ] GC(792) ParOldGen: 1139782K(3623936K)->1231586K(3623936K)
[3733.654s][info][gc,metaspace   ] GC(792) Metaspace: 29133K(29440K)->29133K(29440K) NonClass: 24242K(24384K)->24242K(24384K) Class: 4890K(5056K)->4890K(5056K)
[3733.654s][info][gc             ] GC(792) Pause Young (Allocation Failure) 3663M->1342M(6111M) 93.625ms
[3733.654s][info][gc,cpu         ] GC(792) User=0.56s Sys=0.00s Real=0.09s
....[3737.275s][info][gc,start       ] GC(793) Pause Young (Allocation Failure)
[3737.366s][info][gc,heap        ] GC(793) PSYoungGen: 2620661K(2633728K)->134784K(2634752K) Eden: 2477056K(2477056K)->0K(2477056K) From: 143605K(156672K)->134784K(157696K)
[3737.366s][info][gc,heap        ] GC(793) ParOldGen: 1231586K(3623936K)->1323778K(3623936K)
[3737.366s][info][gc,metaspace   ] GC(793) Metaspace: 29133K(29440K)->29133K(29440K) NonClass: 24242K(24384K)->24242K(24384K) Class: 4890K(5056K)->4890K(5056K)
[3737.366s][info][gc             ] GC(793) Pause Young (Allocation Failure) 3761M->1424M(6112M) 90.449ms
[3737.366s][info][gc,cpu         ] GC(793) User=0.53s Sys=0.00s Real=0.09s
....[3741.086s][info][gc,start       ] GC(794) Pause Young (Allocation Failure)
[3741.181s][info][gc,heap        ] GC(794) PSYoungGen: 2611840K(2634752K)->144192K(2636800K) Eden: 2477056K(2477056K)->0K(2481152K) From: 134784K(157696K)->144192K(155648K)
[3741.181s][info][gc,heap        ] GC(794) ParOldGen: 1323778K(3623936K)->1413682K(3623936K)
[3741.181s][info][gc,metaspace   ] GC(794) Metaspace: 29133K(29440K)->29133K(29440K) NonClass: 24242K(24384K)->24242K(24384K) Class: 4890K(5056K)->4890K(5056K)
[3741.181s][info][gc             ] GC(794) Pause Young (Allocation Failure) 3843M->1521M(6114M) 94.871ms
[3741.181s][info][gc,cpu         ] GC(794) User=0.56s Sys=0.00s Real=0.10s
...[3744.882s][info][gc,start       ] GC(795) Pause Young (Allocation Failure)
[3744.978s][info][gc,heap        ] GC(795) PSYoungGen: 2625344K(2636800K)->145472K(2637824K) Eden: 2481152K(2481152K)->0K(2481152K) From: 144192K(155648K)->145472K(156672K)
[3744.978s][info][gc,heap        ] GC(795) ParOldGen: 1413682K(3623936K)->1506874K(3623936K)
[3744.978s][info][gc,metaspace   ] GC(795) Metaspace: 29133K(29440K)->29133K(29440K) NonClass: 24242K(24384K)->24242K(24384K) Class: 4890K(5056K)->4890K(5056K)
[3744.978s][info][gc             ] GC(795) Pause Young (Allocation Failure) 3944M->1613M(6115M) 96.463ms
[3744.978s][info][gc,cpu         ] GC(795) User=0.58s Sys=0.00s Real=0.09s
....[3748.654s][info][gc,start       ] GC(796) Pause Young (Allocation Failure)
[3748.749s][info][gc,heap        ] GC(796) PSYoungGen: 2626624K(2637824K)->140864K(2637312K) Eden: 2481152K(2481152K)->0K(2482688K) From: 145472K(156672K)->140864K(154624K)
[3748.750s][info][gc,heap        ] GC(796) ParOldGen: 1506874K(3623936K)->1599602K(3623936K)
[3748.750s][info][gc,metaspace   ] GC(796) Metaspace: 29133K(29440K)->29133K(29440K) NonClass: 24242K(24384K)->24242K(24384K) Class: 4890K(5056K)->4890K(5056K)
[3748.750s][info][gc             ] GC(796) Pause Young (Allocation Failure) 4036M->1699M(6114M) 95.434ms
[3748.750s][info][gc,cpu         ] GC(796) User=0.56s Sys=0.00s Real=0.10s
....[3752.423s][info][gc,start       ] GC(797) Pause Young (Allocation Failure)
[3752.517s][info][gc,heap        ] GC(797) PSYoungGen: 2623552K(2637312K)->139136K(2638336K) Eden: 2482688K(2482688K)->0K(2482688K) From: 140864K(154624K)->139136K(155648K)
[3752.517s][info][gc,heap        ] GC(797) ParOldGen: 1599602K(3623936K)->1691922K(3623936K)
[3752.517s][info][gc,metaspace   ] GC(797) Metaspace: 29133K(29440K)->29133K(29440K) NonClass: 24242K(24384K)->24242K(24384K) Class: 4890K(5056K)->4890K(5056K)
[3752.517s][info][gc             ] GC(797) Pause Young (Allocation Failure) 4124M->1788M(6115M) 93.546ms
[3752.517s][info][gc,cpu         ] GC(797) User=0.55s Sys=0.00s Real=0.09s
.. (rIR:aIR:PR = 5396:5396:5396) (tPR = 79649) [OK] 
  3753s: Performance info:
         Transaction,    Success,    Partial,     Failed,   Receipts, AvgBarcode, 
             Overall,     325422,          0,          0,     309153,      59.48, 
         Response times:
             Request,    Success,    Partial,     Failed,   SkipFail,     Probes,    Samples,      min,      p50,      p90,      p95,      p99,      max, 
       TotalPurchase,     309153,          0,          0,          0,     301705,     325621,      300,     4000,     7400,    13900,   248000,   391000,
     InStorePurchase,     162706,          0,          0,          0,     158970,     171563,      300,     4100,     7400,    13600,   250000,   391000,
      OnlinePurchase,     113917,          0,          0,          0,     111292,     119915,      300,     4000,     7400,    14100,   243000,   391000,
        InstPurchase,      32530,          0,          0,          0,      31443,      34143,      400,     4100,     7400,    15700,   249560,   391000,
          AssocOfCat,        328,          0,          0,          0,        253,        328,    19300,    29000,    37100,    48550,   257390,   280000,
      AssocOfProduct,       3247,          0,          0,          0,       2969,       3361,      400,     4800,     7900,    21000,   272380,   347000,
      BusinessReport,        813,          0,          0,          0,        692,        896,    23000,    37000,    51300,    70150,   304000,   340000,
          CustBuyBeh,       3259,          0,          0,          0,       2995,       3383,      600,     4500,     7800,    21000,   245160,   353000,
       ProductReturn,       8622,          0,          0,          0,       8157,       9074,      100,     4700,     7700,    13825,   173000,   342000,

  3753s: (40%)   IR =   5535 ..[3756.159s][info][gc,start       ] GC(798) Pause Young (Allocation Failure)
[3756.255s][info][gc,heap        ] GC(798) PSYoungGen: 2621824K(2638336K)->143488K(2639360K) Eden: 2482688K(2482688K)->0K(2485760K) From: 139136K(155648K)->143488K(153600K)
[3756.255s][info][gc,heap        ] GC(798) ParOldGen: 1691922K(3623936K)->1785186K(3623936K)
[3756.255s][info][gc,metaspace   ] GC(798) Metaspace: 29133K(29440K)->29133K(29440K) NonClass: 24242K(24384K)->24242K(24384K) Class: 4890K(5056K)->4890K(5056K)
[3756.255s][info][gc             ] GC(798) Pause Young (Allocation Failure) 4212M->1883M(6116M) 95.881ms
[3756.255s][info][gc,cpu         ] GC(798) User=0.57s Sys=0.00s Real=0.09s
..|.[3759.772s][info][gc,start       ] GC(799) Pause Young (Allocation Failure)
[3759.866s][info][gc,heap        ] GC(799) PSYoungGen: 2629248K(2639360K)->141472K(2639872K) Eden: 2485760K(2485760K)->0K(2485760K) From: 143488K(153600K)->141472K(154112K)
[3759.866s][info][gc,heap        ] GC(799) ParOldGen: 1785186K(3623936K)->1878586K(3623936K)
[3759.866s][info][gc,metaspace   ] GC(799) Metaspace: 29133K(29440K)->29133K(29440K) NonClass: 24242K(24384K)->24242K(24384K) Class: 4890K(5056K)->4890K(5056K)
[3759.866s][info][gc             ] GC(799) Pause Young (Allocation Failure) 4310M->1972M(6117M) 94.651ms
[3759.866s][info][gc,cpu         ] GC(799) User=0.55s Sys=0.00s Real=0.09s
....[3763.500s][info][gc,start       ] GC(800) Pause Young (Allocation Failure)
[3763.593s][info][gc,heap        ] GC(800) PSYoungGen: 2627232K(2639872K)->140736K(2640384K) Eden: 2485760K(2485760K)->0K(2488832K) From: 141472K(154112K)->140736K(151552K)
[3763.593s][info][gc,heap        ] GC(800) ParOldGen: 1878586K(3623936K)->1968378K(3623936K)
[3763.593s][info][gc,metaspace   ] GC(800) Metaspace: 29133K(29440K)->29133K(29440K) NonClass: 24242K(24384K)->24242K(24384K) Class: 4890K(5056K)->4890K(5056K)
[3763.593s][info][gc             ] GC(800) Pause Young (Allocation Failure) 4400M->2059M(6117M) 92.879ms
[3763.593s][info][gc,cpu         ] GC(800) User=0.55s Sys=0.00s Real=0.09s
....[3767.147s][info][gc,start       ] GC(801) Pause Young (Allocation Failure)
[3767.246s][info][gc,heap        ] GC(801) PSYoungGen: 2629568K(2640384K)->149632K(2640896K) Eden: 2488832K(2488832K)->0K(2488832K) From: 140736K(151552K)->149632K(152064K)
[3767.246s][info][gc,heap        ] GC(801) ParOldGen: 1968378K(3623936K)->2061946K(3623936K)
[3767.246s][info][gc,metaspace   ] GC(801) Metaspace: 29133K(29440K)->29133K(29440K) NonClass: 24242K(24384K)->24242K(24384K) Class: 4890K(5056K)->4890K(5056K)
[3767.246s][info][gc             ] GC(801) Pause Young (Allocation Failure) 4490M->2159M(6118M) 98.759ms
[3767.246s][info][gc,cpu         ] GC(801) User=0.59s Sys=0.00s Real=0.10s
...[3770.876s][info][gc,start       ] GC(802) Pause Young (Allocation Failure)
[3770.971s][info][gc,heap        ] GC(802) PSYoungGen: 2638464K(2640896K)->140736K(2642944K) Eden: 2488832K(2488832K)->0K(2488832K) From: 149632K(152064K)->140736K(154112K)
[3770.971s][info][gc,heap        ] GC(802) ParOldGen: 2061946K(3623936K)->2153746K(3623936K)
[3770.971s][info][gc,metaspace   ] GC(802) Metaspace: 29133K(29440K)->29133K(29440K) NonClass: 24242K(24384K)->24242K(24384K) Class: 4890K(5056K)->4890K(5056K)
[3770.971s][info][gc             ] GC(802) Pause Young (Allocation Failure) 4590M->2240M(6120M) 95.172ms
[3770.971s][info][gc,cpu         ] GC(802) User=0.56s Sys=0.00s Real=0.10s
....[3774.551s][info][gc,start       ] GC(803) Pause Young (Allocation Failure)
[3774.646s][info][gc,heap        ] GC(803) PSYoungGen: 2629568K(2642944K)->146868K(2641920K) Eden: 2488832K(2488832K)->0K(2488832K) From: 140736K(154112K)->146868K(153088K)
[3774.646s][info][gc,heap        ] GC(803) ParOldGen: 2153746K(3623936K)->2246130K(3623936K)
[3774.646s][info][gc,metaspace   ] GC(803) Metaspace: 29133K(29440K)->29133K(29440K) NonClass: 24242K(24384K)->24242K(24384K) Class: 4890K(5056K)->4890K(5056K)
[3774.646s][info][gc             ] GC(803) Pause Young (Allocation Failure) 4671M->2336M(6119M) 95.298ms
[3774.646s][info][gc,cpu         ] GC(803) User=0.57s Sys=0.00s Real=0.09s
....[3778.204s][info][gc,start       ] GC(804) Pause Young (Allocation Failure)
[3778.300s][info][gc,heap        ] GC(804) PSYoungGen: 2635700K(2641920K)->143136K(2642432K) Eden: 2488832K(2488832K)->0K(2489344K) From: 146868K(153088K)->143136K(153088K)
[3778.300s][info][gc,heap        ] GC(804) ParOldGen: 2246130K(3623936K)->2339498K(3623936K)
[3778.300s][info][gc,metaspace   ] GC(804) Metaspace: 29133K(29440K)->29133K(29440K) NonClass: 24242K(24384K)->24242K(24384K) Class: 4890K(5056K)->4890K(5056K)
[3778.300s][info][gc             ] GC(804) Pause Young (Allocation Failure) 4767M->2424M(6119M) 96.328ms
[3778.300s][info][gc,cpu         ] GC(804) User=0.56s Sys=0.00s Real=0.10s
...[3781.944s][info][gc,start       ] GC(805) Pause Young (Allocation Failure)
[3782.039s][info][gc,heap        ] GC(805) PSYoungGen: 2632480K(2642432K)->143200K(2632704K) Eden: 2489344K(2489344K)->0K(2489344K) From: 143136K(153088K)->143200K(143360K)
[3782.039s][info][gc,heap        ] GC(805) ParOldGen: 2339498K(3623936K)->2431306K(3623936K)
[3782.039s][info][gc,metaspace   ] GC(805) Metaspace: 29133K(29440K)->29133K(29440K) NonClass: 24242K(24384K)->24242K(24384K) Class: 4890K(5056K)->4890K(5056K)
[3782.039s][info][gc             ] GC(805) Pause Young (Allocation Failure) 4855M->2514M(6110M) 95.043ms
[3782.039s][info][gc,cpu         ] GC(805) User=0.56s Sys=0.00s Real=0.10s
....[3785.597s][info][gc,start       ] GC(806) Pause Young (Allocation Failure)
[3785.691s][info][gc,heap        ] GC(806) PSYoungGen: 2632544K(2632704K)->142752K(2642944K) Eden: 2489344K(2489344K)->0K(2490880K) From: 143200K(143360K)->142752K(152064K)
[3785.691s][info][gc,heap        ] GC(806) ParOldGen: 2431306K(3623936K)->2525418K(3623936K)
[3785.691s][info][gc,metaspace   ] GC(806) Metaspace: 29133K(29440K)->29133K(29440K) NonClass: 24242K(24384K)->24242K(24384K) Class: 4890K(5056K)->4890K(5056K)
[3785.691s][info][gc             ] GC(806) Pause Young (Allocation Failure) 4945M->2605M(6120M) 94.220ms
[3785.691s][info][gc,cpu         ] GC(806) User=0.56s Sys=0.00s Real=0.10s
....[3789.256s][info][gc,start       ] GC(807) Pause Young (Allocation Failure)
[3789.351s][info][gc,heap        ] GC(807) PSYoungGen: 2633632K(2642944K)->141717K(2641920K) Eden: 2490880K(2490880K)->0K(2490880K) From: 142752K(152064K)->141717K(151040K)
[3789.351s][info][gc,heap        ] GC(807) ParOldGen: 2525418K(3623936K)->2617154K(3623936K)
[3789.351s][info][gc,metaspace   ] GC(807) Metaspace: 29133K(29440K)->29133K(29440K) NonClass: 24242K(24384K)->24242K(24384K) Class: 4890K(5056K)->4890K(5056K)
[3789.351s][info][gc             ] GC(807) Pause Young (Allocation Failure) 5038M->2694M(6119M) 94.908ms
[3789.351s][info][gc,cpu         ] GC(807) User=0.56s Sys=0.00s Real=0.10s
...[3792.931s][info][gc,start       ] GC(808) Pause Young (Allocation Failure)
[3793.025s][info][gc,heap        ] GC(808) PSYoungGen: 2632597K(2641920K)->141440K(2643968K) Eden: 2490880K(2490880K)->0K(2493440K) From: 141717K(151040K)->141440K(150528K)
[3793.025s][info][gc,heap        ] GC(808) ParOldGen: 2617154K(3623936K)->2708810K(3623936K)
[3793.025s][info][gc,metaspace   ] GC(808) Metaspace: 29133K(29440K)->29133K(29440K) NonClass: 24242K(24384K)->24242K(24384K) Class: 4890K(5056K)->4890K(5056K)
[3793.025s][info][gc             ] GC(808) Pause Young (Allocation Failure) 5126M->2783M(6121M) 93.261ms
[3793.025s][info][gc,cpu         ] GC(808) User=0.56s Sys=0.00s Real=0.09s
....[3796.610s][info][gc,start       ] GC(809) Pause Young (Allocation Failure)
[3796.703s][info][gc,heap        ] GC(809) PSYoungGen: 2634880K(2643968K)->138816K(2643456K) Eden: 2493440K(2493440K)->0K(2493440K) From: 141440K(150528K)->138816K(150016K)
[3796.703s][info][gc,heap        ] GC(809) ParOldGen: 2708810K(3623936K)->2800762K(3623936K)
[3796.703s][info][gc,metaspace   ] GC(809) Metaspace: 29133K(29440K)->29133K(29440K) NonClass: 24242K(24384K)->24242K(24384K) Class: 4890K(5056K)->4890K(5056K)
[3796.703s][info][gc             ] GC(809) Pause Young (Allocation Failure) 5218M->2870M(6120M) 93.256ms
[3796.703s][info][gc,cpu         ] GC(809) User=0.55s Sys=0.01s Real=0.09s
....[3800.305s][info][gc,start       ] GC(810) Pause Young (Allocation Failure)
[3800.399s][info][gc,heap        ] GC(810) PSYoungGen: 2632256K(2643456K)->138144K(2645504K) Eden: 2493440K(2493440K)->0K(2495488K) From: 138816K(150016K)->138144K(150016K)
[3800.399s][info][gc,heap        ] GC(810) ParOldGen: 2800762K(3623936K)->2891506K(3623936K)
[3800.399s][info][gc,metaspace   ] GC(810) Metaspace: 29133K(29440K)->29133K(29440K) NonClass: 24242K(24384K)->24242K(24384K) Class: 4890K(5056K)->4890K(5056K)
[3800.399s][info][gc             ] GC(810) Pause Young (Allocation Failure) 5305M->2958M(6122M) 93.557ms
[3800.399s][info][gc,cpu         ] GC(810) User=0.55s Sys=0.00s Real=0.10s
...[3804.040s][info][gc,start       ] GC(811) Pause Young (Allocation Failure)
[3804.137s][info][gc,heap        ] GC(811) PSYoungGen: 2633632K(2645504K)->145120K(2645504K) Eden: 2495488K(2495488K)->0K(2495488K) From: 138144K(150016K)->145120K(150016K)
[3804.137s][info][gc,heap        ] GC(811) ParOldGen: 2891506K(3623936K)->2984402K(3623936K)
[3804.137s][info][gc,metaspace   ] GC(811) Metaspace: 29133K(29440K)->29133K(29440K) NonClass: 24242K(24384K)->24242K(24384K) Class: 4890K(5056K)->4890K(5056K)
[3804.137s][info][gc             ] GC(811) Pause Young (Allocation Failure) 5395M->3056M(6122M) 97.193ms
[3804.137s][info][gc,cpu         ] GC(811) User=0.58s Sys=0.00s Real=0.09s
....[3807.720s][info][gc,start       ] GC(812) Pause Young (Allocation Failure)
[3807.819s][info][gc,heap        ] GC(812) PSYoungGen: 2640608K(2645504K)->145216K(2645504K) Eden: 2495488K(2495488K)->0K(2494976K) From: 145120K(150016K)->145216K(150528K)
[3807.819s][info][gc,heap        ] GC(812) ParOldGen: 2984402K(3623936K)->3077002K(3623936K)
[3807.819s][info][gc,metaspace   ] GC(812) Metaspace: 29133K(29440K)->29133K(29440K) NonClass: 24242K(24384K)->24242K(24384K) Class: 4890K(5056K)->4890K(5056K)
[3807.819s][info][gc             ] GC(812) Pause Young (Allocation Failure) 5493M->3146M(6122M) 99.091ms
[3807.819s][info][gc,cpu         ] GC(812) User=0.59s Sys=0.00s Real=0.10s
....[3811.400s][info][gc,start       ] GC(813) Pause Young (Allocation Failure)
[3811.493s][info][gc,heap        ] GC(813) PSYoungGen: 2640192K(2645504K)->138912K(2645504K) Eden: 2494976K(2494976K)->0K(2494976K) From: 145216K(150528K)->138912K(150528K)
[3811.493s][info][gc,heap        ] GC(813) ParOldGen: 3077002K(3623936K)->3169658K(3623936K)
[3811.493s][info][gc,metaspace   ] GC(813) Metaspace: 29133K(29440K)->29133K(29440K) NonClass: 24242K(24384K)->24242K(24384K) Class: 4890K(5056K)->4890K(5056K)
[3811.493s][info][gc             ] GC(813) Pause Young (Allocation Failure) 5583M->3231M(6122M) 93.476ms
[3811.493s][info][gc,cpu         ] GC(813) User=0.56s Sys=0.00s Real=0.09s
....[3815.155s][info][gc,start       ] GC(814) Pause Young (Allocation Failure)
[3815.251s][info][gc,heap        ] GC(814) PSYoungGen: 2633888K(2645504K)->144896K(2645504K) Eden: 2494976K(2494976K)->0K(2494976K) From: 138912K(150528K)->144896K(150528K)
[3815.251s][info][gc,heap        ] GC(814) ParOldGen: 3169658K(3623936K)->3261378K(3623936K)
[3815.251s][info][gc,metaspace   ] GC(814) Metaspace: 29133K(29440K)->29133K(29440K) NonClass: 24242K(24384K)->24242K(24384K) Class: 4890K(5056K)->4890K(5056K)
[3815.251s][info][gc             ] GC(814) Pause Young (Allocation Failure) 5667M->3326M(6122M) 96.160ms
[3815.251s][info][gc,cpu         ] GC(814) User=0.57s Sys=0.00s Real=0.10s
... (rIR:aIR:PR = 5535:5537:5537) (tPR = 82047) [OK] 
  3818s: Performance info:
         Transaction,    Success,    Partial,     Failed,   Receipts, AvgBarcode, 
             Overall,     332868,          0,          0,     316233,      59.48, 
         Response times:
             Request,    Success,    Partial,     Failed,   SkipFail,     Probes,    Samples,      min,      p50,      p90,      p95,      p99,      max, 
       TotalPurchase,     316235,          0,          0,          0,     311870,     331960,      300,     4100,     7000,     8600,    31000,   147000,
     InStorePurchase,     166458,          0,          0,          0,     164475,     174836,      300,     3900,     6900,     8600,    31000,   147000,
      OnlinePurchase,     116532,          0,          0,          0,     115071,     122403,      300,     4200,     7100,     8800,    31000,   147000,
        InstPurchase,      33245,          0,          0,          0,      32324,      34721,      400,     4200,     6900,     8500,    31000,   144000,
          AssocOfCat,        332,          0,          0,          0,        266,        378,    19300,    31000,    43000,    50000,    92240,   160000,
      AssocOfProduct,       3333,          0,          0,          0,       3080,       3492,      400,     2900,     6500,     8300,    24000,   132000,
      BusinessReport,        832,          0,          0,          0,        713,        853,    21000,    37000,    50000,    56000,   136000,   172000,
          CustBuyBeh,       3321,          0,          0,          0,       3089,       3511,      500,     3600,     6400,     8000,    28000,   111000,
       ProductReturn,       8808,          0,          0,          0,       8434,       9296,      500,     3800,     6800,     8800,    33000,   147000,

  3818s: (41%)   IR =   5673 [3818.705s][info][gc,start       ] GC(815) Pause Young (Allocation Failure)
[3818.800s][info][gc,heap        ] GC(815) PSYoungGen: 2639872K(2645504K)->138048K(2645504K) Eden: 2494976K(2494976K)->0K(2494976K) From: 144896K(150528K)->138048K(150528K)
[3818.800s][info][gc,heap        ] GC(815) ParOldGen: 3261378K(3623936K)->3356242K(3623936K)
[3818.800s][info][gc,metaspace   ] GC(815) Metaspace: 29133K(29440K)->29133K(29440K) NonClass: 24242K(24384K)->24242K(24384K) Class: 4890K(5056K)->4890K(5056K)
[3818.800s][info][gc             ] GC(815) Pause Young (Allocation Failure) 5762M->3412M(6122M) 94.869ms
[3818.800s][info][gc,cpu         ] GC(815) User=0.56s Sys=0.00s Real=0.10s
....|[3822.381s][info][gc,start       ] GC(816) Pause Young (Allocation Failure)
[3822.476s][info][gc,heap        ] GC(816) PSYoungGen: 2633024K(2645504K)->140304K(2644480K) Eden: 2494976K(2494976K)->0K(2494976K) From: 138048K(150528K)->140304K(149504K)
[3822.476s][info][gc,heap        ] GC(816) ParOldGen: 3356242K(3623936K)->3446274K(3623936K)
[3822.476s][info][gc,metaspace   ] GC(816) Metaspace: 29133K(29440K)->29133K(29440K) NonClass: 24242K(24384K)->24242K(24384K) Class: 4890K(5056K)->4890K(5056K)
[3822.476s][info][gc             ] GC(816) Pause Young (Allocation Failure) 5848M->3502M(6121M) 94.832ms
[3822.476s][info][gc,cpu         ] GC(816) User=0.56s Sys=0.00s Real=0.09s
...[3826.016s][info][gc,start       ] GC(817) Pause Young (Allocation Failure)
[3826.111s][info][gc,heap        ] GC(817) PSYoungGen: 2635280K(2644480K)->142784K(2644992K) Eden: 2494976K(2494976K)->0K(2494976K) From: 140304K(149504K)->142784K(150016K)
[3826.111s][info][gc,heap        ] GC(817) ParOldGen: 3446274K(3623936K)->3539674K(3623936K)
[3826.111s][info][gc,metaspace   ] GC(817) Metaspace: 29133K(29440K)->29133K(29440K) NonClass: 24242K(24384K)->24242K(24384K) Class: 4890K(5056K)->4890K(5056K)
[3826.111s][info][gc             ] GC(817) Pause Young (Allocation Failure) 5939M->3596M(6122M) 94.823ms
[3826.111s][info][gc,cpu         ] GC(817) User=0.56s Sys=0.00s Real=0.10s
....[3829.569s][info][gc,start       ] GC(818) Pause Young (Allocation Failure)
[3829.663s][info][gc,heap        ] GC(818) PSYoungGen: 2637760K(2644992K)->137600K(2646016K) Eden: 2494976K(2494976K)->0K(2496512K) From: 142784K(150016K)->137600K(149504K)
[3829.663s][info][gc,heap        ] GC(818) ParOldGen: 3539674K(3623936K)->3633106K(3633152K)
[3829.663s][info][gc,metaspace   ] GC(818) Metaspace: 29133K(29440K)->29133K(29440K) NonClass: 24242K(24384K)->24242K(24384K) Class: 4890K(5056K)->4890K(5056K)
[3829.663s][info][gc             ] GC(818) Pause Young (Allocation Failure) 6032M->3682M(6132M) 94.378ms
[3829.663s][info][gc,cpu         ] GC(818) User=0.56s Sys=0.01s Real=0.09s
...[3833.183s][info][gc,start       ] GC(819) Pause Young (Allocation Failure)
[3833.286s][info][gc,heap        ] GC(819) PSYoungGen: 2634112K(2646016K)->144800K(2646016K) Eden: 2496512K(2496512K)->0K(2496512K) From: 137600K(149504K)->144800K(149504K)
[3833.286s][info][gc,heap        ] GC(819) ParOldGen: 3633106K(3633152K)->3723850K(3724288K)
[3833.286s][info][gc,metaspace   ] GC(819) Metaspace: 29133K(29440K)->29133K(29440K) NonClass: 24242K(24384K)->24242K(24384K) Class: 4890K(5056K)->4890K(5056K)
[3833.286s][info][gc             ] GC(819) Pause Young (Allocation Failure) 6120M->3777M(6221M) 103.035ms
[3833.286s][info][gc,cpu         ] GC(819) User=0.59s Sys=0.03s Real=0.10s
....[3836.793s][info][gc,start       ] GC(820) Pause Young (Allocation Failure)
[3836.898s][info][gc,heap        ] GC(820) PSYoungGen: 2641312K(2646016K)->147700K(2642944K) Eden: 2496512K(2496512K)->0K(2492928K) From: 144800K(149504K)->147700K(150016K)
[3836.898s][info][gc,heap        ] GC(820) ParOldGen: 3723850K(3724288K)->3816706K(3816960K)
[3836.898s][info][gc,metaspace   ] GC(820) Metaspace: 29133K(29440K)->29133K(29440K) NonClass: 24242K(24384K)->24242K(24384K) Class: 4890K(5056K)->4890K(5056K)
[3836.898s][info][gc             ] GC(820) Pause Young (Allocation Failure) 6215M->3871M(6308M) 104.884ms
[3836.898s][info][gc,cpu         ] GC(820) User=0.60s Sys=0.03s Real=0.10s
....[3840.436s][info][gc,start       ] GC(821) Pause Young (Allocation Failure)
[3840.536s][info][gc,heap        ] GC(821) PSYoungGen: 2640628K(2642944K)->139168K(2644480K) Eden: 2492928K(2492928K)->0K(2492928K) From: 147700K(150016K)->139168K(151552K)
[3840.536s][info][gc,heap        ] GC(821) ParOldGen: 3816706K(3816960K)->3908658K(3909120K)
[3840.536s][info][gc,metaspace   ] GC(821) Metaspace: 29133K(29440K)->29133K(29440K) NonClass: 24242K(24384K)->24242K(24384K) Class: 4890K(5056K)->4890K(5056K)
[3840.536s][info][gc             ] GC(821) Pause Young (Allocation Failure) 6305M->3952M(6400M) 100.411ms
[3840.536s][info][gc,cpu         ] GC(821) User=0.57s Sys=0.03s Real=0.10s
...[3843.914s][info][gc,start       ] GC(822) Pause Young (Allocation Failure)
[3844.013s][info][gc,heap        ] GC(822) PSYoungGen: 2632096K(2644480K)->139296K(2642944K) Eden: 2492928K(2492928K)->0K(2493440K) From: 139168K(151552K)->139296K(149504K)
[3844.013s][info][gc,heap        ] GC(822) ParOldGen: 3908658K(3909120K)->4002010K(4002304K)
[3844.013s][info][gc,metaspace   ] GC(822) Metaspace: 29133K(29440K)->29133K(29440K) NonClass: 24242K(24384K)->24242K(24384K) Class: 4890K(5056K)->4890K(5056K)
[3844.013s][info][gc             ] GC(822) Pause Young (Allocation Failure) 6387M->4044M(6489M) 98.943ms
[3844.013s][info][gc,cpu         ] GC(822) User=0.56s Sys=0.03s Real=0.10s
....[3847.580s][info][gc,start       ] GC(823) Pause Young (Allocation Failure)
[3847.679s][info][gc,heap        ] GC(823) PSYoungGen: 2632736K(2642944K)->141664K(2643968K) Eden: 2493440K(2493440K)->0K(2493440K) From: 139296K(149504K)->141664K(150528K)
[3847.679s][info][gc,heap        ] GC(823) ParOldGen: 4002010K(4002304K)->4091890K(4091904K)
[3847.679s][info][gc,metaspace   ] GC(823) Metaspace: 29133K(29440K)->29133K(29440K) NonClass: 24242K(24384K)->24242K(24384K) Class: 4890K(5056K)->4890K(5056K)
[3847.679s][info][gc             ] GC(823) Pause Young (Allocation Failure) 6479M->4134M(6578M) 99.110ms
[3847.680s][info][gc,cpu         ] GC(823) User=0.55s Sys=0.04s Real=0.10s
...[3851.156s][info][gc,start       ] GC(824) Pause Young (Allocation Failure)
[3851.259s][info][gc,heap        ] GC(824) PSYoungGen: 2635104K(2643968K)->143456K(2643968K) Eden: 2493440K(2493440K)->0K(2495488K) From: 141664K(150528K)->143456K(148480K)
[3851.259s][info][gc,heap        ] GC(824) ParOldGen: 4091890K(4091904K)->4185218K(4185600K)
[3851.259s][info][gc,metaspace   ] GC(824) Metaspace: 29133K(29440K)->29133K(29440K) NonClass: 24242K(24384K)->24242K(24384K) Class: 4890K(5056K)->4890K(5056K)
[3851.259s][info][gc             ] GC(824) Pause Young (Allocation Failure) 6569M->4227M(6669M) 102.768ms
[3851.259s][info][gc,cpu         ] GC(824) User=0.58s Sys=0.03s Real=0.11s
....[3854.747s][info][gc,start       ] GC(825) Pause Young (Allocation Failure)
[3854.850s][info][gc,heap        ] GC(825) PSYoungGen: 2638944K(2643968K)->144560K(2644992K) Eden: 2495488K(2495488K)->0K(2495488K) From: 143456K(148480K)->144560K(149504K)
[3854.850s][info][gc,heap        ] GC(825) ParOldGen: 4185218K(4185600K)->4277482K(4277760K)
[3854.850s][info][gc,metaspace   ] GC(825) Metaspace: 29133K(29440K)->29133K(29440K) NonClass: 24242K(24384K)->24242K(24384K) Class: 4890K(5056K)->4890K(5056K)
[3854.850s][info][gc             ] GC(825) Pause Young (Allocation Failure) 6664M->4318M(6760M) 102.452ms
[3854.850s][info][gc,cpu         ] GC(825) User=0.58s Sys=0.02s Real=0.11s
....[3858.362s][info][gc,start       ] GC(826) Pause Young (Allocation Failure)
[3858.459s][info][gc,heap        ] GC(826) PSYoungGen: 2640048K(2644992K)->138304K(2646016K) Eden: 2495488K(2495488K)->0K(2496000K) From: 144560K(149504K)->138304K(150016K)
[3858.459s][info][gc,heap        ] GC(826) ParOldGen: 4277482K(4277760K)->4369762K(4369920K)
[3858.459s][info][gc,metaspace   ] GC(826) Metaspace: 29133K(29440K)->29133K(29440K) NonClass: 24242K(24384K)->24242K(24384K) Class: 4890K(5056K)->4890K(5056K)
[3858.459s][info][gc             ] GC(826) Pause Young (Allocation Failure) 6755M->4402M(6851M) 97.706ms
[3858.459s][info][gc,cpu         ] GC(826) User=0.56s Sys=0.03s Real=0.10s
...[3861.942s][info][gc,start       ] GC(827) Pause Young (Allocation Failure)
[3862.044s][info][gc,heap        ] GC(827) PSYoungGen: 2634304K(2646016K)->144212K(2646016K) Eden: 2496000K(2496000K)->0K(2496000K) From: 138304K(150016K)->144212K(150016K)
[3862.044s][info][gc,heap        ] GC(827) ParOldGen: 4369762K(4369920K)->4461282K(4461568K)
[3862.044s][info][gc,metaspace   ] GC(827) Metaspace: 29133K(29440K)->29133K(29440K) NonClass: 24242K(24384K)->24242K(24384K) Class: 4890K(5056K)->4890K(5056K)
[3862.044s][info][gc             ] GC(827) Pause Young (Allocation Failure) 6839M->4497M(6941M) 102.432ms
[3862.044s][info][gc,cpu         ] GC(827) User=0.58s Sys=0.03s Real=0.10s
....[3865.566s][info][gc,start       ] GC(828) Pause Young (Allocation Failure)
[3865.666s][info][gc,heap        ] GC(828) PSYoungGen: 2640212K(2646016K)->141664K(2643968K) Eden: 2496000K(2496000K)->0K(2496000K) From: 144212K(150016K)->141664K(147968K)
[3865.666s][info][gc,heap        ] GC(828) ParOldGen: 4461282K(4461568K)->4552954K(4553216K)
[3865.666s][info][gc,metaspace   ] GC(828) Metaspace: 29133K(29440K)->29133K(29440K) NonClass: 24242K(24384K)->24242K(24384K) Class: 4890K(5056K)->4890K(5056K)
[3865.666s][info][gc             ] GC(828) Pause Young (Allocation Failure) 6935M->4584M(7028M) 99.808ms
[3865.666s][info][gc,cpu         ] GC(828) User=0.56s Sys=0.03s Real=0.10s
...[3869.184s][info][gc,start       ] GC(829) Pause Young (Allocation Failure)
[3869.286s][info][gc,heap        ] GC(829) PSYoungGen: 2637664K(2643968K)->143766K(2644992K) Eden: 2496000K(2496000K)->0K(2496000K) From: 141664K(147968K)->143766K(148992K)
[3869.286s][info][gc,heap        ] GC(829) ParOldGen: 4552954K(4553216K)->4646098K(4646400K)
[3869.286s][info][gc,metaspace   ] GC(829) Metaspace: 29133K(29440K)->29133K(29440K) NonClass: 24242K(24384K)->24242K(24384K) Class: 4890K(5056K)->4890K(5056K)
[3869.286s][info][gc             ] GC(829) Pause Young (Allocation Failure) 7022M->4677M(7120M) 102.714ms
[3869.286s][info][gc,cpu         ] GC(829) User=0.58s Sys=0.03s Real=0.10s
....[3872.762s][info][gc,start       ] GC(830) Pause Young (Allocation Failure)
[3872.865s][info][gc,heap        ] GC(830) PSYoungGen: 2639766K(2644992K)->145125K(2646016K) Eden: 2496000K(2496000K)->0K(2497024K) From: 143766K(148992K)->145125K(148992K)
[3872.865s][info][gc,heap        ] GC(830) ParOldGen: 4646098K(4646400K)->4737322K(4737536K)
[3872.865s][info][gc,metaspace   ] GC(830) Metaspace: 29133K(29440K)->29133K(29440K) NonClass: 24242K(24384K)->24242K(24384K) Class: 4890K(5056K)->4890K(5056K)
[3872.865s][info][gc             ] GC(830) Pause Young (Allocation Failure) 7115M->4768M(7210M) 102.705ms
[3872.865s][info][gc,cpu         ] GC(830) User=0.57s Sys=0.03s Real=0.10s
....[3876.379s][info][gc,start       ] GC(831) Pause Young (Allocation Failure)
[3876.478s][info][gc,heap        ] GC(831) PSYoungGen: 2642149K(2646016K)->138656K(2646528K) Eden: 2497024K(2497024K)->0K(2497024K) From: 145125K(148992K)->138656K(149504K)
[3876.478s][info][gc,heap        ] GC(831) ParOldGen: 4737322K(4737536K)->4829458K(4829696K)
[3876.478s][info][gc,metaspace   ] GC(831) Metaspace: 29133K(29440K)->29133K(29440K) NonClass: 24242K(24384K)->24242K(24384K) Class: 4890K(5056K)->4890K(5056K)
[3876.478s][info][gc             ] GC(831) Pause Young (Allocation Failure) 7206M->4851M(7301M) 99.476ms
[3876.478s][info][gc,cpu         ] GC(831) User=0.56s Sys=0.03s Real=0.09s
...[3880.007s][info][gc,start       ] GC(832) Pause Young (Allocation Failure)
[3880.112s][info][gc,heap        ] GC(832) PSYoungGen: 2635680K(2646528K)->147536K(2643456K) Eden: 2497024K(2497024K)->0K(2493952K) From: 138656K(149504K)->147536K(149504K)
[3880.112s][info][gc,heap        ] GC(832) ParOldGen: 4829458K(4829696K)->4921746K(4921856K)
[3880.112s][info][gc,metaspace   ] GC(832) Metaspace: 29133K(29440K)->29133K(29440K) NonClass: 24242K(24384K)->24242K(24384K) Class: 4890K(5056K)->4890K(5056K)
[3880.112s][info][gc             ] GC(832) Pause Young (Allocation Failure) 7290M->4950M(7388M) 104.725ms
[3880.112s][info][gc,cpu         ] GC(832) User=0.59s Sys=0.03s Real=0.11s
... (rIR:aIR:PR = 5673:5673:5673) (tPR = 84446) [OK] 
  3882s: Performance info:
         Transaction,    Success,    Partial,     Failed,   Receipts, AvgBarcode, 
             Overall,     341165,          0,          0,     324095,      59.48, 
         Response times:
             Request,    Success,    Partial,     Failed,   SkipFail,     Probes,    Samples,      min,      p50,      p90,      p95,      p99,      max, 
       TotalPurchase,     324092,          0,          0,          0,     318024,     339591,      300,     4200,     7300,     9400,    30000,   132000,
     InStorePurchase,     170510,          0,          0,          0,     167519,     178630,      300,     4000,     7200,     9000,    29000,   131000,
      OnlinePurchase,     119449,          0,          0,          0,     117351,     125273,      300,     4500,     7600,    10000,    32000,   132000,
        InstPurchase,      34133,          0,          0,          0,      33154,      35688,      300,     4400,     7300,     9600,    30000,   115000,
          AssocOfCat,        338,          0,          0,          0,        263,        355,    18600,    30000,    42000,    50200,   129200,   146000,
      AssocOfProduct,       3422,          0,          0,          0,       3209,       3568,      500,     2900,     5100,     6600,    19593,   114000,
      BusinessReport,        854,          0,          0,          0,        752,        964,    22000,    37000,    50000,    56000,   102350,   164000,
          CustBuyBeh,       3418,          0,          0,          0,       3191,       3624,      200,     1900,     4800,     6500,    19425,   105000,
       ProductReturn,       9036,          0,          0,          0,       8610,       9385,      200,     3100,     5600,     7200,    22000,   110000,

  3882s: (42%)   IR =   5812 .[3883.633s][info][gc,start       ] GC(833) Pause Young (Allocation Failure)
[3883.736s][info][gc,heap        ] GC(833) PSYoungGen: 2641488K(2643456K)->146933K(2640896K) Eden: 2493952K(2493952K)->0K(2493952K) From: 147536K(149504K)->146933K(146944K)
[3883.736s][info][gc,heap        ] GC(833) ParOldGen: 4921746K(4921856K)->5015018K(5015040K)
[3883.736s][info][gc,metaspace   ] GC(833) Metaspace: 29137K(29440K)->29137K(29440K) NonClass: 24247K(24384K)->24247K(24384K) Class: 4890K(5056K)->4890K(5056K)
[3883.736s][info][gc             ] GC(833) Pause Young (Allocation Failure) 7385M->5040M(7476M) 103.036ms
[3883.736s][info][gc,cpu         ] GC(833) User=0.58s Sys=0.02s Real=0.10s
...|[3887.093s][info][gc,start       ] GC(834) Pause Young (Allocation Failure)
[3887.198s][info][gc,heap        ] GC(834) PSYoungGen: 2640885K(2640896K)->148324K(2642432K) Eden: 2493952K(2493952K)->0K(2490880K) From: 146933K(146944K)->148324K(151552K)
[3887.198s][info][gc,heap        ] GC(834) ParOldGen: 5015018K(5015040K)->5109202K(5109248K)
[3887.198s][info][gc,metaspace   ] GC(834) Metaspace: 29137K(29440K)->29137K(29440K) NonClass: 24247K(24384K)->24247K(24384K) Class: 4890K(5056K)->4890K(5056K)
[3887.198s][info][gc             ] GC(834) Pause Young (Allocation Failure) 7476M->5134M(7570M) 105.837ms
[3887.199s][info][gc,cpu         ] GC(834) User=0.59s Sys=0.03s Real=0.11s
....[3890.646s][info][gc,start       ] GC(835) Pause Young (Allocation Failure)
[3890.747s][info][gc,heap        ] GC(835) PSYoungGen: 2639204K(2642432K)->140096K(2643456K) Eden: 2490880K(2490880K)->0K(2490880K) From: 148324K(151552K)->140096K(152576K)
[3890.747s][info][gc,heap        ] GC(835) ParOldGen: 5109202K(5109248K)->5202114K(5202432K)
[3890.747s][info][gc,metaspace   ] GC(835) Metaspace: 29137K(29440K)->29137K(29440K) NonClass: 24247K(24384K)->24247K(24384K) Class: 4890K(5056K)->4890K(5056K)
[3890.747s][info][gc             ] GC(835) Pause Young (Allocation Failure) 7566M->5217M(7662M) 101.439ms
[3890.748s][info][gc,cpu         ] GC(835) User=0.57s Sys=0.03s Real=0.10s
...[3894.082s][info][gc,start       ] GC(836) Pause Young (Allocation Failure)
[3894.187s][info][gc,heap        ] GC(836) PSYoungGen: 2630976K(2643456K)->146133K(2643456K) Eden: 2490880K(2490880K)->0K(2490880K) From: 140096K(152576K)->146133K(152576K)
[3894.187s][info][gc,heap        ] GC(836) ParOldGen: 5202114K(5202432K)->5295018K(5295104K)
[3894.187s][info][gc,metaspace   ] GC(836) Metaspace: 29137K(29440K)->29137K(29440K) NonClass: 24247K(24384K)->24247K(24384K) Class: 4890K(5056K)->4890K(5056K)
[3894.187s][info][gc             ] GC(836) Pause Young (Allocation Failure) 7649M->5313M(7752M) 104.873ms
[3894.187s][info][gc,cpu         ] GC(836) User=0.59s Sys=0.03s Real=0.10s
....[3897.650s][info][gc,start       ] GC(837) Pause Young (Allocation Failure)
[3897.750s][info][gc,heap        ] GC(837) PSYoungGen: 2637013K(2643456K)->141920K(2633216K) Eden: 2490880K(2490880K)->0K(2490880K) From: 146133K(152576K)->141920K(142336K)
[3897.750s][info][gc,heap        ] GC(837) ParOldGen: 5295018K(5295104K)->5385602K(5385728K)
[3897.750s][info][gc,metaspace   ] GC(837) Metaspace: 29137K(29440K)->29137K(29440K) NonClass: 24247K(24384K)->24247K(24384K) Class: 4890K(5056K)->4890K(5056K)
[3897.750s][info][gc             ] GC(837) Pause Young (Allocation Failure) 7746M->5397M(7831M) 100.063ms
[3897.750s][info][gc,cpu         ] GC(837) User=0.55s Sys=0.03s Real=0.10s
...[3901.075s][info][gc,start       ] GC(838) Pause Young (Allocation Failure)
[3901.176s][info][gc,heap        ] GC(838) PSYoungGen: 2632800K(2633216K)->141056K(2643456K) Eden: 2490880K(2490880K)->0K(2491392K) From: 141920K(142336K)->141056K(152064K)
[3901.176s][info][gc,heap        ] GC(838) ParOldGen: 5385602K(5385728K)->5479594K(5479936K)
[3901.176s][info][gc,metaspace   ] GC(838) Metaspace: 29137K(29440K)->29137K(29440K) NonClass: 24247K(24384K)->24247K(24384K) Class: 4890K(5056K)->4890K(5056K)
[3901.176s][info][gc             ] GC(838) Pause Young (Allocation Failure) 7830M->5488M(7933M) 100.837ms
[3901.176s][info][gc,cpu         ] GC(838) User=0.58s Sys=0.02s Real=0.10s
....[3904.603s][info][gc,start       ] GC(839) Pause Young (Allocation Failure)
[3904.703s][info][gc,heap        ] GC(839) PSYoungGen: 2632448K(2643456K)->139680K(2642944K) Eden: 2491392K(2491392K)->0K(2491392K) From: 141056K(152064K)->139680K(151552K)
[3904.703s][info][gc,heap        ] GC(839) ParOldGen: 5479594K(5479936K)->5570818K(5571072K)
[3904.703s][info][gc,metaspace   ] GC(839) Metaspace: 29137K(29440K)->29137K(29440K) NonClass: 24247K(24384K)->24247K(24384K) Class: 4890K(5056K)->4890K(5056K)
[3904.703s][info][gc             ] GC(839) Pause Young (Allocation Failure) 7921M->5576M(8021M) 100.265ms
[3904.703s][info][gc,cpu         ] GC(839) User=0.56s Sys=0.03s Real=0.10s
...[3908.107s][info][gc,start       ] GC(840) Pause Full (Allocation Failure)
[3908.107s][info][gc,phases,start] GC(840) Marking Phase
[3908.397s][info][gc,phases      ] GC(840) Marking Phase 289.898ms
[3908.397s][info][gc,phases,start] GC(840) Summary Phase
[3908.397s][info][gc,phases      ] GC(840) Summary Phase 0.093ms
[3908.397s][info][gc,phases,start] GC(840) Forward
[3908.520s][info][gc,phases      ] GC(840) Forward 122.393ms
[3908.520s][info][gc,phases,start] GC(840) Adjust Pointers
[3908.716s][info][gc,phases      ] GC(840) Adjust Pointers 196.027ms
[3908.716s][info][gc,phases,start] GC(840) Compaction Phase
[3908.842s][info][gc,phases      ] GC(840) Compaction Phase 126.570ms
[3908.844s][info][gc,phases,start] GC(840) Post Compact
[3908.851s][info][gc,phases      ] GC(840) Post Compact 7.053ms
[3908.988s][info][gc,heap        ] GC(840) PSYoungGen: 2631072K(2642944K)->0K(2643968K) Eden: 2491392K(2491392K)->0K(2492416K) From: 139680K(151552K)->0K(151552K)
[3908.988s][info][gc,heap        ] GC(840) ParOldGen: 5570818K(5571072K)->1419646K(1644544K)
[3908.988s][info][gc,metaspace   ] GC(840) Metaspace: 29137K(29440K)->29137K(29440K) NonClass: 24247K(24384K)->24247K(24384K) Class: 4890K(5056K)->4890K(5056K)
[3908.988s][info][gc             ] GC(840) Pause Full (Allocation Failure) 8009M->1386M(4188M) 880.818ms
[3908.988s][info][gc,cpu         ] GC(840) User=4.01s Sys=0.13s Real=0.88s
...[3911.589s][info][gc,start       ] GC(841) Pause Young (Allocation Failure)
[3911.656s][info][gc,heap        ] GC(841) PSYoungGen: 2492416K(2643968K)->142368K(2635264K) Eden: 2492416K(2492416K)->0K(2492416K) From: 0K(151552K)->142368K(142848K)
[3911.656s][info][gc,heap        ] GC(841) ParOldGen: 1419646K(1644544K)->1419646K(1644544K)
[3911.656s][info][gc,metaspace   ] GC(841) Metaspace: 29137K(29440K)->29137K(29440K) NonClass: 24247K(24384K)->24247K(24384K) Class: 4890K(5056K)->4890K(5056K)
[3911.656s][info][gc             ] GC(841) Pause Young (Allocation Failure) 3820M->1525M(4179M) 66.618ms
[3911.656s][info][gc,cpu         ] GC(841) User=0.39s Sys=0.00s Real=0.06s
....[3915.063s][info][gc,start       ] GC(842) Pause Young (Allocation Failure)
[3915.158s][info][gc,heap        ] GC(842) PSYoungGen: 2634784K(2635264K)->142880K(2643968K) Eden: 2492416K(2492416K)->0K(2493440K) From: 142368K(142848K)->142880K(150528K)
[3915.158s][info][gc,heap        ] GC(842) ParOldGen: 1419646K(1644544K)->1515406K(1644544K)
[3915.158s][info][gc,metaspace   ] GC(842) Metaspace: 29137K(29440K)->29137K(29440K) NonClass: 24247K(24384K)->24247K(24384K) Class: 4890K(5056K)->4890K(5056K)
[3915.159s][info][gc             ] GC(842) Pause Young (Allocation Failure) 3959M->1619M(4188M) 95.791ms
[3915.159s][info][gc,cpu         ] GC(842) User=0.56s Sys=0.00s Real=0.10s
...[3918.654s][info][gc,start       ] GC(843) Pause Young (Allocation Failure)
[3918.750s][info][gc,heap        ] GC(843) PSYoungGen: 2636320K(2643968K)->142208K(2643456K) Eden: 2493440K(2493440K)->0K(2493440K) From: 142880K(150528K)->142208K(150016K)
[3918.750s][info][gc,heap        ] GC(843) ParOldGen: 1515406K(1644544K)->1606734K(1644544K)
[3918.750s][info][gc,metaspace   ] GC(843) Metaspace: 29137K(29440K)->29137K(29440K) NonClass: 24247K(24384K)->24247K(24384K) Class: 4890K(5056K)->4890K(5056K)
[3918.750s][info][gc             ] GC(843) Pause Young (Allocation Failure) 4054M->1707M(4187M) 95.998ms
[3918.750s][info][gc,cpu         ] GC(843) User=0.57s Sys=0.00s Real=0.10s
....[3922.163s][info][gc,start       ] GC(844) Pause Young (Allocation Failure)
[3922.265s][info][gc,heap        ] GC(844) PSYoungGen: 2635648K(2643456K)->149482K(2572800K) Eden: 2493440K(2493440K)->0K(2423296K) From: 142208K(150016K)->149482K(149504K)
[3922.265s][info][gc,heap        ] GC(844) ParOldGen: 1606734K(1644544K)->1702286K(1702400K)
[3922.265s][info][gc,metaspace   ] GC(844) Metaspace: 29137K(29440K)->29137K(29440K) NonClass: 24247K(24384K)->24247K(24384K) Class: 4890K(5056K)->4890K(5056K)
[3922.265s][info][gc             ] GC(844) Pause Young (Allocation Failure) 4142M->1808M(4175M) 102.096ms
[3922.265s][info][gc,cpu         ] GC(844) User=0.58s Sys=0.03s Real=0.10s
...[3925.541s][info][gc,start       ] GC(845) Pause Young (Allocation Failure)
[3925.639s][info][gc,heap        ] GC(845) PSYoungGen: 2572778K(2572800K)->137824K(2609664K) Eden: 2423296K(2423296K)->0K(2423296K) From: 149482K(149504K)->137824K(186368K)
[3925.639s][info][gc,heap        ] GC(845) ParOldGen: 1702286K(1702400K)->1794838K(1795072K)
[3925.639s][info][gc,metaspace   ] GC(845) Metaspace: 29137K(29440K)->29137K(29440K) NonClass: 24247K(24384K)->24247K(24384K) Class: 4890K(5056K)->4890K(5056K)
[3925.639s][info][gc             ] GC(845) Pause Young (Allocation Failure) 4174M->1887M(4301M) 97.214ms
[3925.639s][info][gc,cpu         ] GC(845) User=0.55s Sys=0.03s Real=0.10s
...[3928.917s][info][gc,start       ] GC(846) Pause Young (Allocation Failure)
[3929.014s][info][gc,heap        ] GC(846) PSYoungGen: 2561120K(2609664K)->138080K(2607104K) Eden: 2423296K(2423296K)->0K(2423808K) From: 137824K(186368K)->138080K(183296K)
[3929.014s][info][gc,heap        ] GC(846) ParOldGen: 1794838K(1795072K)->1884846K(1885184K)
[3929.014s][info][gc,metaspace   ] GC(846) Metaspace: 29137K(29440K)->29137K(29440K) NonClass: 24247K(24384K)->24247K(24384K) Class: 4890K(5056K)->4890K(5056K)
[3929.014s][info][gc             ] GC(846) Pause Young (Allocation Failure) 4253M->1975M(4387M) 96.679ms
[3929.014s][info][gc,cpu         ] GC(846) User=0.53s Sys=0.03s Real=0.10s
....[3932.387s][info][gc,start       ] GC(847) Pause Young (Allocation Failure)
[3932.488s][info][gc,heap        ] GC(847) PSYoungGen: 2561888K(2607104K)->146224K(2608640K) Eden: 2423808K(2423808K)->0K(2423808K) From: 138080K(183296K)->146224K(184832K)
[3932.488s][info][gc,heap        ] GC(847) ParOldGen: 1884846K(1885184K)->1975350K(1975808K)
[3932.488s][info][gc,metaspace   ] GC(847) Metaspace: 29137K(29440K)->29137K(29440K) NonClass: 24247K(24384K)->24247K(24384K) Class: 4890K(5056K)->4890K(5056K)
[3932.488s][info][gc             ] GC(847) Pause Young (Allocation Failure) 4342M->2071M(4477M) 100.638ms
[3932.488s][info][gc,cpu         ] GC(847) User=0.57s Sys=0.02s Real=0.10s
...[3935.767s][info][gc,start       ] GC(848) Pause Young (Allocation Failure)
[3935.863s][info][gc,heap        ] GC(848) PSYoungGen: 2570032K(2608640K)->136896K(2610176K) Eden: 2423808K(2423808K)->0K(2428928K) From: 146224K(184832K)->136896K(181248K)
[3935.863s][info][gc,heap        ] GC(848) ParOldGen: 1975350K(1975808K)->2067830K(2067968K)
[3935.863s][info][gc,metaspace   ] GC(848) Metaspace: 29137K(29440K)->29137K(29440K) NonClass: 24247K(24384K)->24247K(24384K) Class: 4890K(5056K)->4890K(5056K)
[3935.863s][info][gc             ] GC(848) Pause Young (Allocation Failure) 4438M->2153M(4568M) 96.242ms
[3935.863s][info][gc,cpu         ] GC(848) User=0.54s Sys=0.04s Real=0.10s
....[3939.185s][info][gc,start       ] GC(849) Pause Young (Allocation Failure)
[3939.283s][info][gc,heap        ] GC(849) PSYoungGen: 2565824K(2610176K)->142080K(2609664K) Eden: 2428928K(2428928K)->0K(2428928K) From: 136896K(181248K)->142080K(180736K)
[3939.283s][info][gc,heap        ] GC(849) ParOldGen: 2067830K(2067968K)->2157582K(2158080K)
[3939.283s][info][gc,metaspace   ] GC(849) Metaspace: 29137K(29440K)->29137K(29440K) NonClass: 24247K(24384K)->24247K(24384K) Class: 4890K(5056K)->4890K(5056K)
[3939.283s][info][gc             ] GC(849) Pause Young (Allocation Failure) 4525M->2245M(4656M) 97.559ms
[3939.283s][info][gc,cpu         ] GC(849) User=0.54s Sys=0.04s Real=0.10s
...[3942.624s][info][gc,start       ] GC(850) Pause Young (Allocation Failure)
[3942.719s][info][gc,heap        ] GC(850) PSYoungGen: 2571008K(2609664K)->137280K(2613760K) Eden: 2428928K(2428928K)->0K(2435072K) From: 142080K(180736K)->137280K(178688K)
[3942.719s][info][gc,heap        ] GC(850) ParOldGen: 2157582K(2158080K)->2248606K(2248704K)
[3942.719s][info][gc,metaspace   ] GC(850) Metaspace: 29137K(29440K)->29137K(29440K) NonClass: 24247K(24384K)->24247K(24384K) Class: 4890K(5056K)->4890K(5056K)
[3942.719s][info][gc             ] GC(850) Pause Young (Allocation Failure) 4617M->2329M(4748M) 95.347ms
[3942.719s][info][gc,cpu         ] GC(850) User=0.54s Sys=0.02s Real=0.10s
....[3946.139s][info][gc,start       ] GC(851) Pause Young (Allocation Failure)
[3946.237s][info][gc,heap        ] GC(851) PSYoungGen: 2572352K(2613760K)->143360K(2612736K) Eden: 2435072K(2435072K)->0K(2435072K) From: 137280K(178688K)->143360K(177664K)
[3946.237s][info][gc,heap        ] GC(851) ParOldGen: 2248606K(2248704K)->2338006K(2338304K)
[3946.237s][info][gc,metaspace   ] GC(851) Metaspace: 29137K(29440K)->29137K(29440K) NonClass: 24247K(24384K)->24247K(24384K) Class: 4890K(5056K)->4890K(5056K)
[3946.237s][info][gc             ] GC(851) Pause Young (Allocation Failure) 4707M->2423M(4835M) 98.378ms
[3946.237s][info][gc,cpu         ] GC(851) User=0.55s Sys=0.03s Real=0.09s
. (rIR:aIR:PR = 5812:5815:5815) (tPR = 86595) [OK] 
  3946s: Performance info:
         Transaction,    Success,    Partial,     Failed,   Receipts, AvgBarcode, 
             Overall,     352569,          0,          0,     334920,      59.47, 
         Response times:
             Request,    Success,    Partial,     Failed,   SkipFail,     Probes,    Samples,      min,      p50,      p90,      p95,      p99,      max, 
       TotalPurchase,     334937,          0,          0,          0,     325136,     352267,      300,     4300,     8000,    16000,   145000,   940000,
     InStorePurchase,     176254,          0,          0,          0,     171665,     185867,      300,     4400,     8100,    16200,   145000,   890000,
      OnlinePurchase,     123459,          0,          0,          0,     119515,     129214,      300,     4200,     8000,    16000,   188000,   940000,
        InstPurchase,      35224,          0,          0,          0,      33956,      37186,      400,     4200,     7800,    14900,   182000,   890000,
          AssocOfCat,        352,          0,          0,          0,        266,        353,    18600,    32000,    44000,    55600,   133140,   157000,
      AssocOfProduct,       3525,          0,          0,          0,       3271,       3799,      500,     5100,     7900,    12200,   158000,   164000,
      BusinessReport,        877,          0,          0,          0,        759,        914,    21000,    37000,    52000,    64000,   239000,  1100000,
          CustBuyBeh,       3527,          0,          0,          0,       3287,       3804,      200,     2800,     7400,    12675,    67000,   114000,
       ProductReturn,       9360,          0,          0,          0,       8775,       9660,      500,     4300,     7900,    14695,   188000,   930000,

  3946s: (43%)   IR =   5950 ..[3949.561s][info][gc,start       ] GC(852) Pause Young (Allocation Failure)
[3949.662s][info][gc,heap        ] GC(852) PSYoungGen: 2578432K(2612736K)->143604K(2615808K) Eden: 2435072K(2435072K)->0K(2442240K) From: 143360K(177664K)->143604K(173568K)
[3949.662s][info][gc,heap        ] GC(852) ParOldGen: 2338006K(2338304K)->2430430K(2430464K)
[3949.662s][info][gc,metaspace   ] GC(852) Metaspace: 29137K(29440K)->29137K(29440K) NonClass: 24247K(24384K)->24247K(24384K) Class: 4890K(5056K)->4890K(5056K)
[3949.662s][info][gc             ] GC(852) Pause Young (Allocation Failure) 4801M->2513M(4928M) 100.633ms
[3949.662s][info][gc,cpu         ] GC(852) User=0.56s Sys=0.04s Real=0.10s
...|[3952.858s][info][gc,start       ] GC(853) Pause Young (Allocation Failure)
[3952.956s][info][gc,heap        ] GC(853) PSYoungGen: 2585844K(2615808K)->137856K(2614784K) Eden: 2442240K(2442240K)->0K(2442240K) From: 143604K(173568K)->137856K(172544K)
[3952.956s][info][gc,heap        ] GC(853) ParOldGen: 2430430K(2430464K)->2523734K(2524160K)
[3952.956s][info][gc,metaspace   ] GC(853) Metaspace: 29137K(29440K)->29137K(29440K) NonClass: 24247K(24384K)->24247K(24384K) Class: 4890K(5056K)->4890K(5056K)
[3952.956s][info][gc             ] GC(853) Pause Young (Allocation Failure) 4898M->2599M(5018M) 97.691ms
[3952.956s][info][gc,cpu         ] GC(853) User=0.55s Sys=0.02s Real=0.09s
....[3956.236s][info][gc,start       ] GC(854) Pause Young (Allocation Failure)
[3956.334s][info][gc,heap        ] GC(854) PSYoungGen: 2580096K(2614784K)->139328K(2621952K) Eden: 2442240K(2442240K)->0K(2451456K) From: 137856K(172544K)->139328K(170496K)
[3956.334s][info][gc,heap        ] GC(854) ParOldGen: 2523734K(2524160K)->2614550K(2614784K)
[3956.334s][info][gc,metaspace   ] GC(854) Metaspace: 29137K(29440K)->29137K(29440K) NonClass: 24247K(24384K)->24247K(24384K) Class: 4890K(5056K)->4890K(5056K)
[3956.334s][info][gc             ] GC(854) Pause Young (Allocation Failure) 4984M->2689M(5114M) 98.110ms
[3956.334s][info][gc,cpu         ] GC(854) User=0.55s Sys=0.03s Real=0.10s
...[3959.666s][info][gc,start       ] GC(855) Pause Young (Allocation Failure)
[3959.769s][info][gc,heap        ] GC(855) PSYoungGen: 2590784K(2621952K)->146802K(2621440K) Eden: 2451456K(2451456K)->0K(2451456K) From: 139328K(170496K)->146802K(169984K)
[3959.769s][info][gc,heap        ] GC(855) ParOldGen: 2614550K(2614784K)->2706110K(2706432K)
[3959.769s][info][gc,metaspace   ] GC(855) Metaspace: 29137K(29440K)->29137K(29440K) NonClass: 24247K(24384K)->24247K(24384K) Class: 4890K(5056K)->4890K(5056K)
[3959.769s][info][gc             ] GC(855) Pause Young (Allocation Failure) 5083M->2786M(5203M) 103.093ms
[3959.769s][info][gc,cpu         ] GC(855) User=0.57s Sys=0.03s Real=0.11s
...[3962.967s][info][gc,start       ] GC(856) Pause Young (Allocation Failure)
[3963.066s][info][gc,heap        ] GC(856) PSYoungGen: 2598258K(2621440K)->140832K(2624512K) Eden: 2451456K(2451456K)->0K(2457088K) From: 146802K(169984K)->140832K(167424K)
[3963.066s][info][gc,heap        ] GC(856) ParOldGen: 2706110K(2706432K)->2797750K(2798080K)
[3963.066s][info][gc,metaspace   ] GC(856) Metaspace: 29137K(29440K)->29137K(29440K) NonClass: 24247K(24384K)->24247K(24384K) Class: 4890K(5056K)->4890K(5056K)
[3963.066s][info][gc             ] GC(856) Pause Young (Allocation Failure) 5180M->2869M(5295M) 99.094ms
[3963.066s][info][gc,cpu         ] GC(856) User=0.55s Sys=0.04s Real=0.10s
....[3966.403s][info][gc,start       ] GC(857) Pause Young (Allocation Failure)
[3966.502s][info][gc,heap        ] GC(857) PSYoungGen: 2597920K(2624512K)->139028K(2623488K) Eden: 2457088K(2457088K)->0K(2457088K) From: 140832K(167424K)->139028K(166400K)
[3966.502s][info][gc,heap        ] GC(857) ParOldGen: 2797750K(2798080K)->2888982K(2889216K)
[3966.502s][info][gc,metaspace   ] GC(857) Metaspace: 29137K(29440K)->29137K(29440K) NonClass: 24247K(24384K)->24247K(24384K) Class: 4890K(5056K)->4890K(5056K)
[3966.502s][info][gc             ] GC(857) Pause Young (Allocation Failure) 5269M->2957M(5383M) 99.400ms
[3966.502s][info][gc,cpu         ] GC(857) User=0.56s Sys=0.03s Real=0.10s
...[3969.813s][info][gc,start       ] GC(858) Pause Young (Allocation Failure)
[3969.916s][info][gc,heap        ] GC(858) PSYoungGen: 2596116K(2623488K)->146485K(2628096K) Eden: 2457088K(2457088K)->0K(2463744K) From: 139028K(166400K)->146485K(164352K)
[3969.916s][info][gc,heap        ] GC(858) ParOldGen: 2888982K(2889216K)->2980398K(2980864K)
[3969.916s][info][gc,metaspace   ] GC(858) Metaspace: 29137K(29440K)->29137K(29440K) NonClass: 24247K(24384K)->24247K(24384K) Class: 4890K(5056K)->4890K(5056K)
[3969.916s][info][gc             ] GC(858) Pause Young (Allocation Failure) 5356M->3053M(5477M) 102.948ms
[3969.916s][info][gc,cpu         ] GC(858) User=0.58s Sys=0.03s Real=0.10s
....[3973.210s][info][gc,start       ] GC(859) Pause Young (Allocation Failure)
[3973.311s][info][gc,heap        ] GC(859) PSYoungGen: 2610229K(2628096K)->147520K(2627584K) Eden: 2463744K(2463744K)->0K(2463744K) From: 146485K(164352K)->147520K(163840K)
[3973.311s][info][gc,heap        ] GC(859) ParOldGen: 2980398K(2980864K)->3072870K(3073024K)
[3973.311s][info][gc,metaspace   ] GC(859) Metaspace: 29137K(29440K)->29137K(29440K) NonClass: 24247K(24384K)->24247K(24384K) Class: 4890K(5056K)->4890K(5056K)
[3973.311s][info][gc             ] GC(859) Pause Young (Allocation Failure) 5459M->3144M(5567M) 101.402ms
[3973.311s][info][gc,cpu         ] GC(859) User=0.57s Sys=0.03s Real=0.10s
...[3976.577s][info][gc,start       ] GC(860) Pause Young (Allocation Failure)
[3976.683s][info][gc,heap        ] GC(860) PSYoungGen: 2611264K(2627584K)->149930K(2631168K) Eden: 2463744K(2463744K)->0K(2467840K) From: 147520K(163840K)->149930K(163328K)
[3976.683s][info][gc,heap        ] GC(860) ParOldGen: 3072870K(3073024K)->3165678K(3165696K)
[3976.683s][info][gc,metaspace   ] GC(860) Metaspace: 29137K(29440K)->29137K(29440K) NonClass: 24247K(24384K)->24247K(24384K) Class: 4890K(5056K)->4890K(5056K)
[3976.683s][info][gc             ] GC(860) Pause Young (Allocation Failure) 5550M->3237M(5661M) 105.551ms
[3976.683s][info][gc,cpu         ] GC(860) User=0.60s Sys=0.02s Real=0.11s
...[3979.915s][info][gc,start       ] GC(861) Pause Young (Allocation Failure)
[3980.013s][info][gc,heap        ] GC(861) PSYoungGen: 2617770K(2631168K)->139712K(2631168K) Eden: 2467840K(2467840K)->0K(2467840K) From: 149930K(163328K)->139712K(163328K)
[3980.013s][info][gc,heap        ] GC(861) ParOldGen: 3165678K(3165696K)->3257198K(3257344K)
[3980.013s][info][gc,metaspace   ] GC(861) Metaspace: 29137K(29440K)->29137K(29440K) NonClass: 24247K(24384K)->24247K(24384K) Class: 4890K(5056K)->4890K(5056K)
[3980.013s][info][gc             ] GC(861) Pause Young (Allocation Failure) 5647M->3317M(5750M) 97.859ms
[3980.013s][info][gc,cpu         ] GC(861) User=0.55s Sys=0.03s Real=0.10s
....[3983.331s][info][gc,start       ] GC(862) Pause Young (Allocation Failure)
[3983.430s][info][gc,heap        ] GC(862) PSYoungGen: 2607552K(2631168K)->136096K(2632192K) Eden: 2467840K(2467840K)->0K(2469888K) From: 139712K(163328K)->136096K(162304K)
[3983.430s][info][gc,heap        ] GC(862) ParOldGen: 3257198K(3257344K)->3349118K(3349504K)
[3983.430s][info][gc,metaspace   ] GC(862) Metaspace: 29137K(29440K)->29137K(29440K) NonClass: 24247K(24384K)->24247K(24384K) Class: 4890K(5056K)->4890K(5056K)
[3983.430s][info][gc             ] GC(862) Pause Young (Allocation Failure) 5727M->3403M(5841M) 99.087ms
[3983.430s][info][gc,cpu         ] GC(862) User=0.57s Sys=0.02s Real=0.10s
...[3986.735s][info][gc,start       ] GC(863) Pause Young (Allocation Failure)
[3986.834s][info][gc,heap        ] GC(863) PSYoungGen: 2605984K(2632192K)->140000K(2632192K) Eden: 2469888K(2469888K)->0K(2469888K) From: 136096K(162304K)->140000K(162304K)
[3986.834s][info][gc,heap        ] GC(863) ParOldGen: 3349118K(3349504K)->3440862K(3441152K)
[3986.834s][info][gc,metaspace   ] GC(863) Metaspace: 29137K(29440K)->29137K(29440K) NonClass: 24247K(24384K)->24247K(24384K) Class: 4890K(5056K)->4890K(5056K)
[3986.834s][info][gc             ] GC(863) Pause Young (Allocation Failure) 5815M->3496M(5931M) 99.014ms
[3986.834s][info][gc,cpu         ] GC(863) User=0.55s Sys=0.03s Real=0.10s
....[3990.194s][info][gc,start       ] GC(864) Pause Young (Allocation Failure)
[3990.299s][info][gc,heap        ] GC(864) PSYoungGen: 2609888K(2632192K)->152820K(2631168K) Eden: 2469888K(2469888K)->0K(2469888K) From: 140000K(162304K)->152820K(161280K)
[3990.299s][info][gc,heap        ] GC(864) ParOldGen: 3440862K(3441152K)->3533062K(3533312K)
[3990.299s][info][gc,metaspace   ] GC(864) Metaspace: 29137K(29440K)->29137K(29440K) NonClass: 24247K(24384K)->24247K(24384K) Class: 4890K(5056K)->4890K(5056K)
[3990.299s][info][gc             ] GC(864) Pause Young (Allocation Failure) 5908M->3599M(6020M) 105.048ms
[3990.299s][info][gc,cpu         ] GC(864) User=0.60s Sys=0.02s Real=0.11s
...[3993.557s][info][gc,start       ] GC(865) Pause Young (Allocation Failure)
[3993.655s][info][gc,heap        ] GC(865) PSYoungGen: 2622708K(2631168K)->138432K(2632704K) Eden: 2469888K(2469888K)->0K(2469888K) From: 152820K(161280K)->138432K(162816K)
[3993.655s][info][gc,heap        ] GC(865) ParOldGen: 3533062K(3533312K)->3625806K(3625984K)
[3993.655s][info][gc,metaspace   ] GC(865) Metaspace: 29137K(29440K)->29137K(29440K) NonClass: 24247K(24384K)->24247K(24384K) Class: 4890K(5056K)->4890K(5056K)
[3993.655s][info][gc             ] GC(865) Pause Young (Allocation Failure) 6011M->3676M(6112M) 98.458ms
[3993.655s][info][gc,cpu         ] GC(865) User=0.57s Sys=0.02s Real=0.10s
...[3996.965s][info][gc,start       ] GC(866) Pause Young (Allocation Failure)
[3997.065s][info][gc,heap        ] GC(866) PSYoungGen: 2608320K(2632704K)->140832K(2630656K) Eden: 2469888K(2469888K)->0K(2471424K) From: 138432K(162816K)->140832K(159232K)
[3997.065s][info][gc,heap        ] GC(866) ParOldGen: 3625806K(3625984K)->3717670K(3718144K)
[3997.065s][info][gc,metaspace   ] GC(866) Metaspace: 29137K(29440K)->29137K(29440K) NonClass: 24247K(24384K)->24247K(24384K) Class: 4890K(5056K)->4890K(5056K)
[3997.065s][info][gc             ] GC(866) Pause Young (Allocation Failure) 6088M->3768M(6200M) 100.170ms
[3997.065s][info][gc,cpu         ] GC(866) User=0.55s Sys=0.04s Real=0.10s
....[4000.323s][info][gc,start       ] GC(867) Pause Young (Allocation Failure)
[4000.424s][info][gc,heap        ] GC(867) PSYoungGen: 2612256K(2630656K)->140000K(2632192K) Eden: 2471424K(2471424K)->0K(2471424K) From: 140832K(159232K)->140000K(160768K)
[4000.424s][info][gc,heap        ] GC(867) ParOldGen: 3717670K(3718144K)->3809678K(3809792K)
[4000.424s][info][gc,metaspace   ] GC(867) Metaspace: 29137K(29440K)->29137K(29440K) NonClass: 24247K(24384K)->24247K(24384K) Class: 4890K(5056K)->4890K(5056K)
[4000.424s][info][gc             ] GC(867) Pause Young (Allocation Failure) 6181M->3857M(6291M) 100.811ms
[4000.424s][info][gc,cpu         ] GC(867) User=0.57s Sys=0.03s Real=0.10s
...[4003.724s][info][gc,start       ] GC(868) Pause Young (Allocation Failure)
[4003.822s][info][gc,heap        ] GC(868) PSYoungGen: 2611424K(2632192K)->139712K(2632704K) Eden: 2471424K(2471424K)->0K(2475520K) From: 140000K(160768K)->139712K(157184K)
[4003.822s][info][gc,heap        ] GC(868) ParOldGen: 3809678K(3809792K)->3901646K(3901952K)
[4003.822s][info][gc,metaspace   ] GC(868) Metaspace: 29137K(29440K)->29137K(29440K) NonClass: 24247K(24384K)->24247K(24384K) Class: 4890K(5056K)->4890K(5056K)
[4003.822s][info][gc             ] GC(868) Pause Young (Allocation Failure) 6270M->3946M(6381M) 97.821ms
[4003.822s][info][gc,cpu         ] GC(868) User=0.54s Sys=0.03s Real=0.10s
....[4007.161s][info][gc,start       ] GC(869) Pause Young (Allocation Failure)
[4007.262s][info][gc,heap        ] GC(869) PSYoungGen: 2615232K(2632704K)->143840K(2634240K) Eden: 2475520K(2475520K)->0K(2475520K) From: 139712K(157184K)->143840K(158720K)
[4007.262s][info][gc,heap        ] GC(869) ParOldGen: 3901646K(3901952K)->3992774K(3993088K)
[4007.262s][info][gc,metaspace   ] GC(869) Metaspace: 29137K(29440K)->29137K(29440K) NonClass: 24247K(24384K)->24247K(24384K) Class: 4890K(5056K)->4890K(5056K)
[4007.262s][info][gc             ] GC(869) Pause Young (Allocation Failure) 6364M->4039M(6472M) 101.069ms
[4007.262s][info][gc,cpu         ] GC(869) User=0.57s Sys=0.02s Real=0.10s
...[4010.643s][info][gc,start       ] GC(870) Pause Young (Allocation Failure)
[4010.746s][info][gc,heap        ] GC(870) PSYoungGen: 2619360K(2634240K)->143840K(2635264K) Eden: 2475520K(2475520K)->0K(2480128K) From: 143840K(158720K)->143840K(155136K)
[4010.746s][info][gc,heap        ] GC(870) ParOldGen: 3992774K(3993088K)->4084382K(4084736K)
[4010.746s][info][gc,metaspace   ] GC(870) Metaspace: 29137K(29440K)->29137K(29440K) NonClass: 24247K(24384K)->24247K(24384K) Class: 4890K(5056K)->4890K(5056K)
[4010.746s][info][gc             ] GC(870) Pause Young (Allocation Failure) 6457M->4129M(6562M) 102.636ms
[4010.746s][info][gc,cpu         ] GC(870) User=0.58s Sys=0.03s Real=0.10s
.. (rIR:aIR:PR = 5950:5949:5948) (tPR = 88355) [OK] 
  4012s: Performance info:
         Transaction,    Success,    Partial,     Failed,   Receipts, AvgBarcode, 
             Overall,     357258,          0,          0,     339384,      59.48, 
         Response times:
             Request,    Success,    Partial,     Failed,   SkipFail,     Probes,    Samples,      min,      p50,      p90,      p95,      p99,      max, 
       TotalPurchase,     339425,          0,          0,          0,     334798,     362348,      300,     4300,     7700,    11000,    44000,   166000,
     InStorePurchase,     178668,          0,          0,          0,     176645,     190834,      300,     4400,     7800,    11100,    44000,   166000,
      OnlinePurchase,     125076,          0,          0,          0,     123415,     133506,      300,     4200,     7700,    11200,    44000,   166000,
        InstPurchase,      35681,          0,          0,          0,      34738,      38008,      400,     4100,     7600,    10400,    43000,   166000,
          AssocOfCat,        358,          0,          0,          0,        282,        383,    20000,    32000,    45000,    55800,   110760,   152000,
      AssocOfProduct,       3571,          0,          0,          0,       3345,       3785,     1100,     5000,     7900,    17010,    53000,   166000,
      BusinessReport,        897,          0,          0,          0,        777,        933,    23000,    38000,    56000,    69300,   141660,   187000,
          CustBuyBeh,       3574,          0,          0,          0,       3336,       3812,      500,     3800,     7400,    10200,    42000,   125000,
       ProductReturn,       9477,          0,          0,          0,       9093,      10093,      200,     4800,     7800,    11400,    47000,   120000,

  4012s: (44%)   IR =   6088 .[4013.905s][info][gc,start       ] GC(871) Pause Young (Allocation Failure)
[4014.006s][info][gc,heap        ] GC(871) PSYoungGen: 2623968K(2635264K)->138304K(2636288K) Eden: 2480128K(2480128K)->0K(2480128K) From: 143840K(155136K)->138304K(156160K)
[4014.006s][info][gc,heap        ] GC(871) ParOldGen: 4084382K(4084736K)->4179150K(4179456K)
[4014.006s][info][gc,metaspace   ] GC(871) Metaspace: 29137K(29440K)->29137K(29440K) NonClass: 24247K(24384K)->24247K(24384K) Class: 4890K(5056K)->4890K(5056K)
[4014.006s][info][gc             ] GC(871) Pause Young (Allocation Failure) 6551M->4216M(6656M) 101.085ms
[4014.006s][info][gc,cpu         ] GC(871) User=0.57s Sys=0.02s Real=0.10s
...|.[4017.210s][info][gc,start       ] GC(872) Pause Young (Allocation Failure)
[4017.310s][info][gc,heap        ] GC(872) PSYoungGen: 2618432K(2636288K)->141856K(2637312K) Eden: 2480128K(2480128K)->0K(2484224K) From: 138304K(156160K)->141856K(153088K)
[4017.310s][info][gc,heap        ] GC(872) ParOldGen: 4179150K(4179456K)->4270110K(4270592K)
[4017.310s][info][gc,metaspace   ] GC(872) Metaspace: 29137K(29440K)->29137K(29440K) NonClass: 24247K(24384K)->24247K(24384K) Class: 4890K(5056K)->4890K(5056K)
[4017.310s][info][gc             ] GC(872) Pause Young (Allocation Failure) 6638M->4308M(6746M) 99.892ms
[4017.310s][info][gc,cpu         ] GC(872) User=0.56s Sys=0.03s Real=0.10s
...[4020.565s][info][gc,start       ] GC(873) Pause Young (Allocation Failure)
[4020.668s][info][gc,heap        ] GC(873) PSYoungGen: 2626080K(2637312K)->143218K(2638848K) Eden: 2484224K(2484224K)->0K(2484224K) From: 141856K(153088K)->143218K(154624K)
[4020.668s][info][gc,heap        ] GC(873) ParOldGen: 4270110K(4270592K)->4360510K(4360704K)
[4020.668s][info][gc,metaspace   ] GC(873) Metaspace: 29137K(29440K)->29137K(29440K) NonClass: 24247K(24384K)->24247K(24384K) Class: 4890K(5056K)->4890K(5056K)
[4020.668s][info][gc             ] GC(873) Pause Young (Allocation Failure) 6734M->4398M(6835M) 103.291ms
[4020.668s][info][gc,cpu         ] GC(873) User=0.58s Sys=0.03s Real=0.11s
...[4023.925s][info][gc,start       ] GC(874) Pause Young (Allocation Failure)
[4024.026s][info][gc,heap        ] GC(874) PSYoungGen: 2627442K(2638848K)->142048K(2638848K) Eden: 2484224K(2484224K)->0K(2487808K) From: 143218K(154624K)->142048K(151040K)
[4024.026s][info][gc,heap        ] GC(874) ParOldGen: 4360510K(4360704K)->4453534K(4453888K)
[4024.026s][info][gc,metaspace   ] GC(874) Metaspace: 29137K(29440K)->29137K(29440K) NonClass: 24247K(24384K)->24247K(24384K) Class: 4890K(5056K)->4890K(5056K)
[4024.026s][info][gc             ] GC(874) Pause Young (Allocation Failure) 6824M->4487M(6926M) 100.811ms
[4024.026s][info][gc,cpu         ] GC(874) User=0.56s Sys=0.03s Real=0.10s
...[4027.144s][info][gc,start       ] GC(875) Pause Full (Diagnostic Command)
[4027.144s][info][gc,phases,start] GC(875) Marking Phase
[4027.440s][info][gc,phases      ] GC(875) Marking Phase 296.623ms
[4027.440s][info][gc,phases,start] GC(875) Summary Phase
[4027.440s][info][gc,phases      ] GC(875) Summary Phase 0.103ms
[4027.440s][info][gc,phases,start] GC(875) Forward
[4027.633s][info][gc,phases      ] GC(875) Forward 192.235ms
[4027.633s][info][gc,phases,start] GC(875) Adjust Pointers
[4027.848s][info][gc,phases      ] GC(875) Adjust Pointers 215.316ms
[4027.848s][info][gc,phases,start] GC(875) Compaction Phase
[4028.013s][info][gc,phases      ] GC(875) Compaction Phase 164.487ms
[4028.014s][info][gc,phases,start] GC(875) Post Compact
[4028.020s][info][gc,phases      ] GC(875) Post Compact 5.878ms
[4028.020s][info][gc,heap        ] GC(875) PSYoungGen: 2528113K(2638848K)->0K(2638848K) Eden: 2386065K(2487808K)->0K(2487808K) From: 142048K(151040K)->0K(151040K)
[4028.020s][info][gc,heap        ] GC(875) ParOldGen: 4453534K(4453888K)->1151608K(4453888K)
[4028.020s][info][gc,metaspace   ] GC(875) Metaspace: 29137K(29440K)->29137K(29440K) NonClass: 24247K(24384K)->24247K(24384K) Class: 4890K(5056K)->4890K(5056K)
[4028.020s][info][gc             ] GC(875) Pause Full (Diagnostic Command) 6818M->1124M(6926M) 876.762ms
[4028.020s][info][gc,cpu         ] GC(875) User=4.54s Sys=0.00s Real=0.88s
...[4030.472s][info][gc,start       ] GC(876) Pause Young (Allocation Failure)
[4030.534s][info][gc,heap        ] GC(876) PSYoungGen: 2487808K(2638848K)->138149K(2640384K) Eden: 2487808K(2487808K)->0K(2487808K) From: 0K(151040K)->138149K(152576K)
[4030.534s][info][gc,heap        ] GC(876) ParOldGen: 1151608K(4453888K)->1151608K(4453888K)
[4030.534s][info][gc,metaspace   ] GC(876) Metaspace: 29137K(29440K)->29137K(29440K) NonClass: 24247K(24384K)->24247K(24384K) Class: 4890K(5056K)->4890K(5056K)
[4030.534s][info][gc             ] GC(876) Pause Young (Allocation Failure) 3554M->1259M(6928M) 62.437ms
[4030.534s][info][gc,cpu         ] GC(876) User=0.37s Sys=0.00s Real=0.06s
...[4033.792s][info][gc,start       ] GC(877) Pause Young (Allocation Failure)
[4033.884s][info][gc,heap        ] GC(877) PSYoungGen: 2625957K(2640384K)->141120K(2641408K) Eden: 2487808K(2487808K)->0K(2490880K) From: 138149K(152576K)->141120K(150528K)
[4033.884s][info][gc,heap        ] GC(877) ParOldGen: 1151608K(4453888K)->1243445K(4453888K)
[4033.884s][info][gc,metaspace   ] GC(877) Metaspace: 29137K(29440K)->29137K(29440K) NonClass: 24247K(24384K)->24247K(24384K) Class: 4890K(5056K)->4890K(5056K)
[4033.884s][info][gc             ] GC(877) Pause Young (Allocation Failure) 3689M->1352M(6929M) 92.610ms
[4033.884s][info][gc,cpu         ] GC(877) User=0.55s Sys=0.00s Real=0.09s
....[4037.189s][info][gc,start       ] GC(878) Pause Young (Allocation Failure)
[4037.285s][info][gc,heap        ] GC(878) PSYoungGen: 2632000K(2641408K)->145824K(2642432K) Eden: 2490880K(2490880K)->0K(2490880K) From: 141120K(150528K)->145824K(151552K)
[4037.285s][info][gc,heap        ] GC(878) ParOldGen: 1243445K(4453888K)->1335509K(4453888K)
[4037.285s][info][gc,metaspace   ] GC(878) Metaspace: 29137K(29440K)->29137K(29440K) NonClass: 24247K(24384K)->24247K(24384K) Class: 4890K(5056K)->4890K(5056K)
[4037.285s][info][gc             ] GC(878) Pause Young (Allocation Failure) 3784M->1446M(6930M) 95.358ms
[4037.285s][info][gc,cpu         ] GC(878) User=0.57s Sys=0.00s Real=0.09s
...[4040.499s][info][gc,start       ] GC(879) Pause Young (Allocation Failure)
[4040.596s][info][gc,heap        ] GC(879) PSYoungGen: 2636704K(2642432K)->141920K(2642944K) Eden: 2490880K(2490880K)->0K(2492416K) From: 145824K(151552K)->141920K(150528K)
[4040.596s][info][gc,heap        ] GC(879) ParOldGen: 1335509K(4453888K)->1429557K(4453888K)
[4040.596s][info][gc,metaspace   ] GC(879) Metaspace: 29137K(29440K)->29137K(29440K) NonClass: 24247K(24384K)->24247K(24384K) Class: 4890K(5056K)->4890K(5056K)
[4040.596s][info][gc             ] GC(879) Pause Young (Allocation Failure) 3879M->1534M(6930M) 96.727ms
[4040.596s][info][gc,cpu         ] GC(879) User=0.56s Sys=0.00s Real=0.09s
...[4043.842s][info][gc,start       ] GC(880) Pause Young (Allocation Failure)
[4043.938s][info][gc,heap        ] GC(880) PSYoungGen: 2634336K(2642944K)->144388K(2643456K) Eden: 2492416K(2492416K)->0K(2492416K) From: 141920K(150528K)->144388K(151040K)
[4043.938s][info][gc,heap        ] GC(880) ParOldGen: 1429557K(4453888K)->1521445K(4453888K)
[4043.938s][info][gc,metaspace   ] GC(880) Metaspace: 29137K(29440K)->29137K(29440K) NonClass: 24247K(24384K)->24247K(24384K) Class: 4890K(5056K)->4890K(5056K)
[4043.938s][info][gc             ] GC(880) Pause Young (Allocation Failure) 3968M->1626M(6931M) 96.137ms
[4043.938s][info][gc,cpu         ] GC(880) User=0.57s Sys=0.00s Real=0.09s
....[4047.199s][info][gc,start       ] GC(881) Pause Young (Allocation Failure)
[4047.294s][info][gc,heap        ] GC(881) PSYoungGen: 2636804K(2643456K)->145792K(2643968K) Eden: 2492416K(2492416K)->0K(2492928K) From: 144388K(151040K)->145792K(151040K)
[4047.294s][info][gc,heap        ] GC(881) ParOldGen: 1521445K(4453888K)->1612725K(4453888K)
[4047.294s][info][gc,metaspace   ] GC(881) Metaspace: 29137K(29440K)->29137K(29440K) NonClass: 24247K(24384K)->24247K(24384K) Class: 4890K(5056K)->4890K(5056K)
[4047.294s][info][gc             ] GC(881) Pause Young (Allocation Failure) 4060M->1717M(6931M) 94.874ms
[4047.294s][info][gc,cpu         ] GC(881) User=0.56s Sys=0.01s Real=0.09s
...[4050.530s][info][gc,start       ] GC(882) Pause Young (Allocation Failure)
[4050.623s][info][gc,heap        ] GC(882) PSYoungGen: 2638720K(2643968K)->138304K(2644480K) Eden: 2492928K(2492928K)->0K(2492928K) From: 145792K(151040K)->138304K(151552K)
[4050.623s][info][gc,heap        ] GC(882) ParOldGen: 1612725K(4453888K)->1706261K(4453888K)
[4050.623s][info][gc,metaspace   ] GC(882) Metaspace: 29137K(29440K)->29137K(29440K) NonClass: 24247K(24384K)->24247K(24384K) Class: 4890K(5056K)->4890K(5056K)
[4050.623s][info][gc             ] GC(882) Pause Young (Allocation Failure) 4151M->1801M(6932M) 92.281ms
[4050.623s][info][gc,cpu         ] GC(882) User=0.55s Sys=0.00s Real=0.09s
...[4053.890s][info][gc,start       ] GC(883) Pause Young (Allocation Failure)
[4053.983s][info][gc,heap        ] GC(883) PSYoungGen: 2631232K(2644480K)->142208K(2642432K) Eden: 2492928K(2492928K)->0K(2492928K) From: 138304K(151552K)->142208K(149504K)
[4053.983s][info][gc,heap        ] GC(883) ParOldGen: 1706261K(4453888K)->1797877K(4453888K)
[4053.983s][info][gc,metaspace   ] GC(883) Metaspace: 29137K(29440K)->29137K(29440K) NonClass: 24247K(24384K)->24247K(24384K) Class: 4890K(5056K)->4890K(5056K)
[4053.983s][info][gc             ] GC(883) Pause Young (Allocation Failure) 4235M->1894M(6930M) 93.292ms
[4053.983s][info][gc,cpu         ] GC(883) User=0.55s Sys=0.00s Real=0.09s
....[4057.242s][info][gc,start       ] GC(884) Pause Young (Allocation Failure)
[4057.336s][info][gc,heap        ] GC(884) PSYoungGen: 2635136K(2642432K)->136896K(2643456K) Eden: 2492928K(2492928K)->0K(2492928K) From: 142208K(149504K)->136896K(150528K)
[4057.336s][info][gc,heap        ] GC(884) ParOldGen: 1797877K(4453888K)->1891117K(4453888K)
[4057.336s][info][gc,metaspace   ] GC(884) Metaspace: 29137K(29440K)->29137K(29440K) NonClass: 24247K(24384K)->24247K(24384K) Class: 4890K(5056K)->4890K(5056K)
[4057.336s][info][gc             ] GC(884) Pause Young (Allocation Failure) 4329M->1980M(6931M) 93.649ms
[4057.336s][info][gc,cpu         ] GC(884) User=0.55s Sys=0.01s Real=0.09s
...[4060.612s][info][gc,start       ] GC(885) Pause Young (Allocation Failure)
[4060.706s][info][gc,heap        ] GC(885) PSYoungGen: 2629824K(2643456K)->140736K(2644480K) Eden: 2492928K(2492928K)->0K(2494976K) From: 136896K(150528K)->140736K(149504K)
[4060.706s][info][gc,heap        ] GC(885) ParOldGen: 1891117K(4453888K)->1982749K(4453888K)
[4060.706s][info][gc,metaspace   ] GC(885) Metaspace: 29137K(29440K)->29137K(29440K) NonClass: 24247K(24384K)->24247K(24384K) Class: 4890K(5056K)->4890K(5056K)
[4060.706s][info][gc             ] GC(885) Pause Young (Allocation Failure) 4414M->2073M(6932M) 94.316ms
[4060.706s][info][gc,cpu         ] GC(885) User=0.55s Sys=0.00s Real=0.09s
...[4064.020s][info][gc,start       ] GC(886) Pause Young (Allocation Failure)
[4064.117s][info][gc,heap        ] GC(886) PSYoungGen: 2635712K(2644480K)->148160K(2643456K) Eden: 2494976K(2494976K)->0K(2494976K) From: 140736K(149504K)->148160K(148480K)
[4064.117s][info][gc,heap        ] GC(886) ParOldGen: 1982749K(4453888K)->2074649K(4453888K)
[4064.117s][info][gc,metaspace   ] GC(886) Metaspace: 29137K(29440K)->29137K(29440K) NonClass: 24247K(24384K)->24247K(24384K) Class: 4890K(5056K)->4890K(5056K)
[4064.117s][info][gc             ] GC(886) Pause Young (Allocation Failure) 4510M->2170M(6931M) 96.775ms
[4064.117s][info][gc,cpu         ] GC(886) User=0.57s Sys=0.00s Real=0.09s
....[4067.370s][info][gc,start       ] GC(887) Pause Young (Allocation Failure)
[4067.467s][info][gc,heap        ] GC(887) PSYoungGen: 2643136K(2643456K)->141312K(2644992K) Eden: 2494976K(2494976K)->0K(2493440K) From: 148160K(148480K)->141312K(151552K)
[4067.467s][info][gc,heap        ] GC(887) ParOldGen: 2074649K(4453888K)->2166625K(4453888K)
[4067.467s][info][gc,metaspace   ] GC(887) Metaspace: 29137K(29440K)->29137K(29440K) NonClass: 24247K(24384K)->24247K(24384K) Class: 4890K(5056K)->4890K(5056K)
[4067.467s][info][gc             ] GC(887) Pause Young (Allocation Failure) 4607M->2253M(6932M) 96.873ms
[4067.467s][info][gc,cpu         ] GC(887) User=0.57s Sys=0.00s Real=0.09s
...[4070.682s][info][gc,start       ] GC(888) Pause Young (Allocation Failure)
[4070.777s][info][gc,heap        ] GC(888) PSYoungGen: 2634752K(2644992K)->140448K(2634240K) Eden: 2493440K(2493440K)->0K(2493440K) From: 141312K(151552K)->140448K(140800K)
[4070.777s][info][gc,heap        ] GC(888) ParOldGen: 2166625K(4453888K)->2259953K(4453888K)
[4070.777s][info][gc,metaspace   ] GC(888) Metaspace: 29137K(29440K)->29137K(29440K) NonClass: 24247K(24384K)->24247K(24384K) Class: 4890K(5056K)->4890K(5056K)
[4070.777s][info][gc             ] GC(888) Pause Young (Allocation Failure) 4688M->2344M(6922M) 94.658ms
[4070.777s][info][gc,cpu         ] GC(888) User=0.56s Sys=0.01s Real=0.09s
...[4074.033s][info][gc,start       ] GC(889) Pause Young (Allocation Failure)
[4074.128s][info][gc,heap        ] GC(889) PSYoungGen: 2633888K(2634240K)->144640K(2643968K) Eden: 2493440K(2493440K)->0K(2493440K) From: 140448K(140800K)->144640K(150528K)
[4074.128s][info][gc,heap        ] GC(889) ParOldGen: 2259953K(4453888K)->2351601K(4453888K)
[4074.128s][info][gc,metaspace   ] GC(889) Metaspace: 29137K(29440K)->29137K(29440K) NonClass: 24247K(24384K)->24247K(24384K) Class: 4890K(5056K)->4890K(5056K)
[4074.128s][info][gc             ] GC(889) Pause Young (Allocation Failure) 4779M->2437M(6931M) 95.129ms
[4074.128s][info][gc,cpu         ] GC(889) User=0.56s Sys=0.00s Real=0.09s
.... (rIR:aIR:PR = 6088:6090:6090) (tPR = 90286) [OK] 
  4077s: Performance info:
         Transaction,    Success,    Partial,     Failed,   Receipts, AvgBarcode, 
             Overall,     371287,          0,          0,     352690,      59.48, 
         Response times:
             Request,    Success,    Partial,     Failed,   SkipFail,     Probes,    Samples,      min,      p50,      p90,      p95,      p99,      max, 
       TotalPurchase,     352690,          0,          0,          0,     342352,     370900,      300,     4500,     8200,    11600,    34000,   154000,
     InStorePurchase,     185603,          0,          0,          0,     180302,     194664,      300,     4500,     8200,    11800,    34000,   154000,
      OnlinePurchase,     129958,          0,          0,          0,     126257,     136936,      300,     4500,     8200,    10400,    34000,   154000,
        InstPurchase,      37129,          0,          0,          0,      35793,      39300,      400,     4100,     7800,    11600,    32000,   113000,
          AssocOfCat,        376,          0,          0,          0,        304,        399,    18700,    32000,    43000,    54000,    88000,   136000,
      AssocOfProduct,       3716,          0,          0,          0,       3414,       3880,      500,     5500,     8500,    11500,    36190,   110000,
      BusinessReport,        925,          0,          0,          0,        814,       1008,    23000,    38000,    54000,    71000,   139100,   940000,
          CustBuyBeh,       3729,          0,          0,          0,       3395,       3842,      300,     4200,     7600,    11900,    31570,   107000,
       ProductReturn,       9851,          0,          0,          0,       9231,      10330,      200,     2800,     7800,     9500,    28000,   112000,

  4077s: (45%)   IR =   6227 [4077.421s][info][gc,start       ] GC(890) Pause Young (Allocation Failure)
[4077.516s][info][gc,heap        ] GC(890) PSYoungGen: 2638080K(2643968K)->144708K(2643968K) Eden: 2493440K(2493440K)->0K(2493440K) From: 144640K(150528K)->144708K(150528K)
[4077.516s][info][gc,heap        ] GC(890) ParOldGen: 2351601K(4453888K)->2443257K(4453888K)
[4077.516s][info][gc,metaspace   ] GC(890) Metaspace: 29137K(29440K)->29137K(29440K) NonClass: 24247K(24384K)->24247K(24384K) Class: 4890K(5056K)->4890K(5056K)
[4077.516s][info][gc             ] GC(890) Pause Young (Allocation Failure) 4872M->2527M(6931M) 94.927ms
[4077.516s][info][gc,cpu         ] GC(890) User=0.56s Sys=0.00s Real=0.09s
...[4080.731s][info][gc,start       ] GC(891) Pause Young (Allocation Failure)
[4080.827s][info][gc,heap        ] GC(891) PSYoungGen: 2638148K(2643968K)->145664K(2644480K) Eden: 2493440K(2493440K)->0K(2493952K) From: 144708K(150528K)->145664K(150528K)
[4080.827s][info][gc,heap        ] GC(891) ParOldGen: 2443257K(4453888K)->2536513K(4453888K)
[4080.827s][info][gc,metaspace   ] GC(891) Metaspace: 29137K(29440K)->29137K(29440K) NonClass: 24247K(24384K)->24247K(24384K) Class: 4890K(5056K)->4890K(5056K)
[4080.827s][info][gc             ] GC(891) Pause Young (Allocation Failure) 4962M->2619M(6932M) 96.265ms
[4080.827s][info][gc,cpu         ] GC(891) User=0.57s Sys=0.00s Real=0.09s
.|..[4083.997s][info][gc,start       ] GC(892) Pause Young (Allocation Failure)
[4084.094s][info][gc,heap        ] GC(892) PSYoungGen: 2639616K(2644480K)->146672K(2640896K) Eden: 2493952K(2493952K)->0K(2493952K) From: 145664K(150528K)->146672K(146944K)
[4084.094s][info][gc,heap        ] GC(892) ParOldGen: 2536513K(4453888K)->2629529K(4453888K)
[4084.094s][info][gc,metaspace   ] GC(892) Metaspace: 29137K(29440K)->29137K(29440K) NonClass: 24247K(24384K)->24247K(24384K) Class: 4890K(5056K)->4890K(5056K)
[4084.094s][info][gc             ] GC(892) Pause Young (Allocation Failure) 5054M->2711M(6928M) 96.750ms
[4084.094s][info][gc,cpu         ] GC(892) User=0.57s Sys=0.00s Real=0.10s
....[4087.271s][info][gc,start       ] GC(893) Pause Young (Allocation Failure)
[4087.365s][info][gc,heap        ] GC(893) PSYoungGen: 2640624K(2640896K)->138208K(2644480K) Eden: 2493952K(2493952K)->0K(2492928K) From: 146672K(146944K)->138208K(151552K)
[4087.365s][info][gc,heap        ] GC(893) ParOldGen: 2629529K(4453888K)->2720905K(4453888K)
[4087.365s][info][gc,metaspace   ] GC(893) Metaspace: 29137K(29440K)->29137K(29440K) NonClass: 24247K(24384K)->24247K(24384K) Class: 4890K(5056K)->4890K(5056K)
[4087.366s][info][gc             ] GC(893) Pause Young (Allocation Failure) 5146M->2792M(6932M) 94.022ms
[4087.366s][info][gc,cpu         ] GC(893) User=0.55s Sys=0.00s Real=0.09s
...[4090.624s][info][gc,start       ] GC(894) Pause Young (Allocation Failure)
[4090.720s][info][gc,heap        ] GC(894) PSYoungGen: 2631136K(2644480K)->145504K(2644480K) Eden: 2492928K(2492928K)->0K(2492928K) From: 138208K(151552K)->145504K(151552K)
[4090.720s][info][gc,heap        ] GC(894) ParOldGen: 2720905K(4453888K)->2812865K(4453888K)
[4090.720s][info][gc,metaspace   ] GC(894) Metaspace: 29137K(29440K)->29137K(29440K) NonClass: 24247K(24384K)->24247K(24384K) Class: 4890K(5056K)->4890K(5056K)
[4090.720s][info][gc             ] GC(894) Pause Young (Allocation Failure) 5226M->2889M(6932M) 96.521ms
[4090.720s][info][gc,cpu         ] GC(894) User=0.57s Sys=0.00s Real=0.10s
...[4093.813s][info][gc,start       ] GC(895) Pause Young (Allocation Failure)
[4093.917s][info][gc,heap        ] GC(895) PSYoungGen: 2638432K(2644480K)->150427K(2640384K) Eden: 2492928K(2492928K)->0K(2488832K) From: 145504K(151552K)->150427K(151552K)
[4093.917s][info][gc,heap        ] GC(895) ParOldGen: 2812865K(4453888K)->2906969K(4453888K)
[4093.917s][info][gc,metaspace   ] GC(895) Metaspace: 29137K(29440K)->29137K(29440K) NonClass: 24247K(24384K)->24247K(24384K) Class: 4890K(5056K)->4890K(5056K)
[4093.917s][info][gc             ] GC(895) Pause Young (Allocation Failure) 5323M->2985M(6928M) 103.788ms
[4093.917s][info][gc,cpu         ] GC(895) User=0.61s Sys=0.01s Real=0.10s
...[4097.148s][info][gc,start       ] GC(896) Pause Young (Allocation Failure)
[4097.242s][info][gc,heap        ] GC(896) PSYoungGen: 2639259K(2640384K)->145024K(2642432K) Eden: 2488832K(2488832K)->0K(2488832K) From: 150427K(151552K)->145024K(153600K)
[4097.242s][info][gc,heap        ] GC(896) ParOldGen: 2906969K(4453888K)->2997153K(4453888K)
[4097.242s][info][gc,metaspace   ] GC(896) Metaspace: 29137K(29440K)->29137K(29440K) NonClass: 24247K(24384K)->24247K(24384K) Class: 4890K(5056K)->4890K(5056K)
[4097.242s][info][gc             ] GC(896) Pause Young (Allocation Failure) 5416M->3068M(6930M) 94.766ms
[4097.242s][info][gc,cpu         ] GC(896) User=0.56s Sys=0.00s Real=0.10s
....[4100.376s][info][gc,start       ] GC(897) Pause Young (Allocation Failure)
[4100.474s][info][gc,heap        ] GC(897) PSYoungGen: 2633856K(2642432K)->142368K(2640896K) Eden: 2488832K(2488832K)->0K(2489344K) From: 145024K(153600K)->142368K(151552K)
[4100.474s][info][gc,heap        ] GC(897) ParOldGen: 2997153K(4453888K)->3091057K(4453888K)
[4100.474s][info][gc,metaspace   ] GC(897) Metaspace: 29137K(29440K)->29137K(29440K) NonClass: 24247K(24384K)->24247K(24384K) Class: 4890K(5056K)->4890K(5056K)
[4100.474s][info][gc             ] GC(897) Pause Young (Allocation Failure) 5499M->3157M(6928M) 98.028ms
[4100.474s][info][gc,cpu         ] GC(897) User=0.58s Sys=0.01s Real=0.10s
...[4103.633s][info][gc,start       ] GC(898) Pause Young (Allocation Failure)
[4103.728s][info][gc,heap        ] GC(898) PSYoungGen: 2631712K(2640896K)->141824K(2641920K) Eden: 2489344K(2489344K)->0K(2489344K) From: 142368K(151552K)->141824K(152576K)
[4103.728s][info][gc,heap        ] GC(898) ParOldGen: 3091057K(4453888K)->3184601K(4453888K)
[4103.728s][info][gc,metaspace   ] GC(898) Metaspace: 29137K(29440K)->29137K(29440K) NonClass: 24247K(24384K)->24247K(24384K) Class: 4890K(5056K)->4890K(5056K)
[4103.728s][info][gc             ] GC(898) Pause Young (Allocation Failure) 5588M->3248M(6929M) 95.168ms
[4103.728s][info][gc,cpu         ] GC(898) User=0.57s Sys=0.00s Real=0.10s
...[4106.947s][info][gc,start       ] GC(899) Pause Young (Allocation Failure)
[4107.043s][info][gc,heap        ] GC(899) PSYoungGen: 2631168K(2641920K)->142816K(2641920K) Eden: 2489344K(2489344K)->0K(2491392K) From: 141824K(152576K)->142816K(150528K)
[4107.043s][info][gc,heap        ] GC(899) ParOldGen: 3184601K(4453888K)->3275833K(4453888K)
[4107.043s][info][gc,metaspace   ] GC(899) Metaspace: 29137K(29440K)->29137K(29440K) NonClass: 24247K(24384K)->24247K(24384K) Class: 4890K(5056K)->4890K(5056K)
[4107.043s][info][gc             ] GC(899) Pause Young (Allocation Failure) 5679M->3338M(6929M) 95.675ms
[4107.043s][info][gc,cpu         ] GC(899) User=0.56s Sys=0.00s Real=0.10s
...[4110.199s][info][gc,start       ] GC(900) Pause Young (Allocation Failure)
[4110.297s][info][gc,heap        ] GC(900) PSYoungGen: 2634208K(2641920K)->145088K(2642944K) Eden: 2491392K(2491392K)->0K(2491392K) From: 142816K(150528K)->145088K(151552K)
[4110.297s][info][gc,heap        ] GC(900) ParOldGen: 3275833K(4453888K)->3368737K(4453888K)
[4110.297s][info][gc,metaspace   ] GC(900) Metaspace: 29137K(29440K)->29137K(29440K) NonClass: 24247K(24384K)->24247K(24384K) Class: 4890K(5056K)->4890K(5056K)
[4110.297s][info][gc             ] GC(900) Pause Young (Allocation Failure) 5771M->3431M(6930M) 97.880ms
[4110.297s][info][gc,cpu         ] GC(900) User=0.57s Sys=0.00s Real=0.09s
....[4113.495s][info][gc,start       ] GC(901) Pause Young (Allocation Failure)
[4113.592s][info][gc,heap        ] GC(901) PSYoungGen: 2636480K(2642944K)->141504K(2642944K) Eden: 2491392K(2491392K)->0K(2493440K) From: 145088K(151552K)->141504K(149504K)
[4113.592s][info][gc,heap        ] GC(901) ParOldGen: 3368737K(4453888K)->3461569K(4453888K)
[4113.592s][info][gc,metaspace   ] GC(901) Metaspace: 29137K(29440K)->29137K(29440K) NonClass: 24247K(24384K)->24247K(24384K) Class: 4890K(5056K)->4890K(5056K)
[4113.592s][info][gc             ] GC(901) Pause Young (Allocation Failure) 5864M->3518M(6930M) 97.584ms
[4113.592s][info][gc,cpu         ] GC(901) User=0.57s Sys=0.00s Real=0.10s
...[4116.756s][info][gc,start       ] GC(902) Pause Young (Allocation Failure)
[4116.853s][info][gc,heap        ] GC(902) PSYoungGen: 2634944K(2642944K)->142966K(2643968K) Eden: 2493440K(2493440K)->0K(2493440K) From: 141504K(149504K)->142966K(150528K)
[4116.853s][info][gc,heap        ] GC(902) ParOldGen: 3461569K(4453888K)->3553825K(4453888K)
[4116.853s][info][gc,metaspace   ] GC(902) Metaspace: 29137K(29440K)->29137K(29440K) NonClass: 24247K(24384K)->24247K(24384K) Class: 4890K(5056K)->4890K(5056K)
[4116.854s][info][gc             ] GC(902) Pause Young (Allocation Failure) 5953M->3610M(6931M) 97.074ms
[4116.854s][info][gc,cpu         ] GC(902) User=0.57s Sys=0.00s Real=0.10s
...[4120.054s][info][gc,start       ] GC(903) Pause Young (Allocation Failure)
[4120.156s][info][gc,heap        ] GC(903) PSYoungGen: 2636406K(2643968K)->148373K(2642944K) Eden: 2493440K(2493440K)->0K(2492928K) From: 142966K(150528K)->148373K(150016K)
[4120.156s][info][gc,heap        ] GC(903) ParOldGen: 3553825K(4453888K)->3645649K(4453888K)
[4120.156s][info][gc,metaspace   ] GC(903) Metaspace: 29137K(29440K)->29137K(29440K) NonClass: 24247K(24384K)->24247K(24384K) Class: 4890K(5056K)->4890K(5056K)
[4120.156s][info][gc             ] GC(903) Pause Young (Allocation Failure) 6045M->3705M(6930M) 101.686ms
[4120.156s][info][gc,cpu         ] GC(903) User=0.60s Sys=0.00s Real=0.10s
....[4123.347s][info][gc,start       ] GC(904) Pause Young (Allocation Failure)
[4123.443s][info][gc,heap        ] GC(904) PSYoungGen: 2641301K(2642944K)->139008K(2644480K) Eden: 2492928K(2492928K)->0K(2492928K) From: 148373K(150016K)->139008K(151552K)
[4123.443s][info][gc,heap        ] GC(904) ParOldGen: 3645649K(4453888K)->3737953K(4453888K)
[4123.443s][info][gc,metaspace   ] GC(904) Metaspace: 29137K(29440K)->29137K(29440K) NonClass: 24247K(24384K)->24247K(24384K) Class: 4890K(5056K)->4890K(5056K)
[4123.443s][info][gc             ] GC(904) Pause Young (Allocation Failure) 6139M->3786M(6932M) 95.952ms
[4123.443s][info][gc,cpu         ] GC(904) User=0.56s Sys=0.00s Real=0.10s
...[4126.582s][info][gc,start       ] GC(905) Pause Young (Allocation Failure)
[4126.678s][info][gc,heap        ] GC(905) PSYoungGen: 2631936K(2644480K)->139840K(2643456K) Eden: 2492928K(2492928K)->0K(2492928K) From: 139008K(151552K)->139840K(150528K)
[4126.678s][info][gc,heap        ] GC(905) ParOldGen: 3737953K(4453888K)->3830657K(4453888K)
[4126.678s][info][gc,metaspace   ] GC(905) Metaspace: 29137K(29440K)->29137K(29440K) NonClass: 24247K(24384K)->24247K(24384K) Class: 4890K(5056K)->4890K(5056K)
[4126.678s][info][gc             ] GC(905) Pause Young (Allocation Failure) 6220M->3877M(6931M) 95.851ms
[4126.678s][info][gc,cpu         ] GC(905) User=0.57s Sys=0.01s Real=0.09s
...[4129.860s][info][gc,start       ] GC(906) Pause Young (Allocation Failure)
[4129.959s][info][gc,heap        ] GC(906) PSYoungGen: 2632768K(2643456K)->147604K(2643968K) Eden: 2492928K(2492928K)->0K(2492928K) From: 139840K(150528K)->147604K(151040K)
[4129.959s][info][gc,heap        ] GC(906) ParOldGen: 3830657K(4453888K)->3922401K(4453888K)
[4129.959s][info][gc,metaspace   ] GC(906) Metaspace: 29137K(29440K)->29137K(29440K) NonClass: 24247K(24384K)->24247K(24384K) Class: 4890K(5056K)->4890K(5056K)
[4129.959s][info][gc             ] GC(906) Pause Young (Allocation Failure) 6311M->3974M(6931M) 99.353ms
[4129.959s][info][gc,cpu         ] GC(906) User=0.58s Sys=0.00s Real=0.10s
...[4133.148s][info][gc,start       ] GC(907) Pause Young (Allocation Failure)
[4133.244s][info][gc,heap        ] GC(907) PSYoungGen: 2640532K(2643968K)->145120K(2643968K) Eden: 2492928K(2492928K)->0K(2491904K) From: 147604K(151040K)->145120K(152064K)
[4133.244s][info][gc,heap        ] GC(907) ParOldGen: 3922401K(4453888K)->4013921K(4453888K)
[4133.244s][info][gc,metaspace   ] GC(907) Metaspace: 29137K(29440K)->29137K(29440K) NonClass: 24247K(24384K)->24247K(24384K) Class: 4890K(5056K)->4890K(5056K)
[4133.244s][info][gc             ] GC(907) Pause Young (Allocation Failure) 6409M->4061M(6931M) 96.857ms
[4133.244s][info][gc,cpu         ] GC(907) User=0.57s Sys=0.00s Real=0.10s
....[4136.452s][info][gc,start       ] GC(908) Pause Young (Allocation Failure)
[4136.550s][info][gc,heap        ] GC(908) PSYoungGen: 2637024K(2643968K)->141216K(2633216K) Eden: 2491904K(2491904K)->0K(2491904K) From: 145120K(152064K)->141216K(141312K)
[4136.550s][info][gc,heap        ] GC(908) ParOldGen: 4013921K(4453888K)->4107113K(4453888K)
[4136.550s][info][gc,metaspace   ] GC(908) Metaspace: 29137K(29440K)->29137K(29440K) NonClass: 24247K(24384K)->24247K(24384K) Class: 4890K(5056K)->4890K(5056K)
[4136.550s][info][gc             ] GC(908) Pause Young (Allocation Failure) 6495M->4148M(6921M) 97.907ms
[4136.550s][info][gc,cpu         ] GC(908) User=0.58s Sys=0.00s Real=0.10s
...[4139.712s][info][gc,start       ] GC(909) Pause Young (Allocation Failure)
[4139.810s][info][gc,heap        ] GC(909) PSYoungGen: 2633120K(2633216K)->143189K(2643968K) Eden: 2491904K(2491904K)->0K(2492416K) From: 141216K(141312K)->143189K(151552K)
[4139.810s][info][gc,heap        ] GC(909) ParOldGen: 4107113K(4453888K)->4200873K(4453888K)
[4139.810s][info][gc,metaspace   ] GC(909) Metaspace: 29137K(29440K)->29137K(29440K) NonClass: 24247K(24384K)->24247K(24384K) Class: 4890K(5056K)->4890K(5056K)
[4139.810s][info][gc             ] GC(909) Pause Young (Allocation Failure) 6582M->4242M(6931M) 98.339ms
[4139.810s][info][gc,cpu         ] GC(909) User=0.58s Sys=0.00s Real=0.10s
.. (rIR:aIR:PR = 6227:6226:6226) (tPR = 92808) [OK] 
  4141s: Performance info:
         Transaction,    Success,    Partial,     Failed,   Receipts, AvgBarcode, 
             Overall,     374305,          0,          0,     355610,      59.48, 
         Response times:
             Request,    Success,    Partial,     Failed,   SkipFail,     Probes,    Samples,      min,      p50,      p90,      p95,      p99,      max, 
       TotalPurchase,     355610,          0,          0,          0,     349590,     373114,      300,     4600,     8300,    12000,    43000,   153000,
     InStorePurchase,     187177,          0,          0,          0,     184389,     196655,      300,     4700,     8400,    11800,    43000,   147000,
      OnlinePurchase,     130966,          0,          0,          0,     128561,     137310,      300,     4600,     8300,    12500,    42000,   153000,
        InstPurchase,      37467,          0,          0,          0,      36640,      39149,      300,     4300,     8300,    11300,    41000,   126000,
          AssocOfCat,        371,          0,          0,          0,        294,        393,    19100,    32000,    40600,    51000,   130000,   157000,
      AssocOfProduct,       3749,          0,          0,          0,       3528,       3998,      500,     3100,     7900,    10000,    32000,   103000,
      BusinessReport,        937,          0,          0,          0,        813,        982,    23000,    38000,    53000,    61000,   134680,   171000,
          CustBuyBeh,       3731,          0,          0,          0,       3462,       3908,      200,     3500,     6800,     9600,    34000,   122000,
       ProductReturn,       9907,          0,          0,          0,       9478,      10427,      200,     4300,     7400,    10200,    38000,   122000,

  4141s: (46%)   IR =   6365 .[4142.929s][info][gc,start       ] GC(910) Pause Young (Allocation Failure)
[4143.026s][info][gc,heap        ] GC(910) PSYoungGen: 2635605K(2643968K)->141280K(2643456K) Eden: 2492416K(2492416K)->0K(2492416K) From: 143189K(151552K)->141280K(151040K)
[4143.026s][info][gc,heap        ] GC(910) ParOldGen: 4200873K(4453888K)->4292817K(4453888K)
[4143.026s][info][gc,metaspace   ] GC(910) Metaspace: 29137K(29440K)->29137K(29440K) NonClass: 24247K(24384K)->24247K(24384K) Class: 4890K(5056K)->4890K(5056K)
[4143.026s][info][gc             ] GC(910) Pause Young (Allocation Failure) 6676M->4330M(6931M) 97.161ms
[4143.026s][info][gc,cpu         ] GC(910) User=0.57s Sys=0.00s Real=0.09s
...[4146.232s][info][gc,start       ] GC(911) Pause Young (Allocation Failure)
[4146.328s][info][gc,heap        ] GC(911) PSYoungGen: 2633696K(2643456K)->139616K(2643968K) Eden: 2492416K(2492416K)->0K(2493440K) From: 141280K(151040K)->139616K(150528K)
[4146.328s][info][gc,heap        ] GC(911) ParOldGen: 4292817K(4453888K)->4383769K(4453888K)
[4146.328s][info][gc,metaspace   ] GC(911) Metaspace: 29137K(29440K)->29137K(29440K) NonClass: 24247K(24384K)->24247K(24384K) Class: 4890K(5056K)->4890K(5056K)
[4146.328s][info][gc             ] GC(911) Pause Young (Allocation Failure) 6764M->4417M(6931M) 96.098ms
[4146.328s][info][gc,cpu         ] GC(911) User=0.56s Sys=0.00s Real=0.09s
.|...[4149.395s][info][gc,start       ] GC(912) Pause Young (Allocation Failure)
[4149.495s][info][gc,heap        ] GC(912) PSYoungGen: 2633056K(2643968K)->141152K(2643968K) Eden: 2493440K(2493440K)->0K(2493440K) From: 139616K(150528K)->141152K(150528K)
[4149.495s][info][gc,heap        ] GC(912) ParOldGen: 4383769K(4453888K)->4476969K(4477440K)
[4149.495s][info][gc,metaspace   ] GC(912) Metaspace: 29137K(29440K)->29137K(29440K) NonClass: 24247K(24384K)->24247K(24384K) Class: 4890K(5056K)->4890K(5056K)
[4149.495s][info][gc             ] GC(912) Pause Young (Allocation Failure) 6852M->4509M(6954M) 99.650ms
[4149.495s][info][gc,cpu         ] GC(912) User=0.57s Sys=0.01s Real=0.10s
...[4152.615s][info][gc,start       ] GC(913) Pause Young (Allocation Failure)
[4152.719s][info][gc,heap        ] GC(913) PSYoungGen: 2634592K(2643968K)->144736K(2644992K) Eden: 2493440K(2493440K)->0K(2494976K) From: 141152K(150528K)->144736K(150016K)
[4152.719s][info][gc,heap        ] GC(913) ParOldGen: 4476969K(4477440K)->4568913K(4569088K)
[4152.719s][info][gc,metaspace   ] GC(913) Metaspace: 29137K(29440K)->29137K(29440K) NonClass: 24247K(24384K)->24247K(24384K) Class: 4890K(5056K)->4890K(5056K)
[4152.719s][info][gc             ] GC(913) Pause Young (Allocation Failure) 6944M->4603M(7045M) 103.472ms
[4152.719s][info][gc,cpu         ] GC(913) User=0.57s Sys=0.04s Real=0.11s
...[4155.800s][info][gc,start       ] GC(914) Pause Young (Allocation Failure)
[4155.901s][info][gc,heap        ] GC(914) PSYoungGen: 2639712K(2644992K)->140128K(2644992K) Eden: 2494976K(2494976K)->0K(2494976K) From: 144736K(150016K)->140128K(150016K)
[4155.901s][info][gc,heap        ] GC(914) ParOldGen: 4568913K(4569088K)->4662833K(4663296K)
[4155.901s][info][gc,metaspace   ] GC(914) Metaspace: 29137K(29440K)->29137K(29440K) NonClass: 24247K(24384K)->24247K(24384K) Class: 4890K(5056K)->4890K(5056K)
[4155.901s][info][gc             ] GC(914) Pause Young (Allocation Failure) 7039M->4690M(7137M) 100.892ms
[4155.901s][info][gc,cpu         ] GC(914) User=0.57s Sys=0.03s Real=0.10s
...[4158.981s][info][gc,start       ] GC(915) Pause Young (Allocation Failure)
[4159.082s][info][gc,heap        ] GC(915) PSYoungGen: 2635104K(2644992K)->143360K(2645504K) Eden: 2494976K(2494976K)->0K(2496000K) From: 140128K(150016K)->143360K(149504K)
[4159.082s][info][gc,heap        ] GC(915) ParOldGen: 4662833K(4663296K)->4753897K(4753920K)
[4159.082s][info][gc,metaspace   ] GC(915) Metaspace: 29137K(29440K)->29137K(29440K) NonClass: 24247K(24384K)->24247K(24384K) Class: 4890K(5056K)->4890K(5056K)
[4159.082s][info][gc             ] GC(915) Pause Young (Allocation Failure) 7126M->4782M(7226M) 101.152ms
[4159.082s][info][gc,cpu         ] GC(915) User=0.58s Sys=0.02s Real=0.10s
...[4162.232s][info][gc,start       ] GC(916) Pause Young (Allocation Failure)
[4162.336s][info][gc,heap        ] GC(916) PSYoungGen: 2639360K(2645504K)->148809K(2644992K) Eden: 2496000K(2496000K)->0K(2496000K) From: 143360K(149504K)->148809K(148992K)
[4162.336s][info][gc,heap        ] GC(916) ParOldGen: 4753897K(4753920K)->4847033K(4847104K)
[4162.336s][info][gc,metaspace   ] GC(916) Metaspace: 29137K(29440K)->29137K(29440K) NonClass: 24247K(24384K)->24247K(24384K) Class: 4890K(5056K)->4890K(5056K)
[4162.336s][info][gc             ] GC(916) Pause Young (Allocation Failure) 7219M->4878M(7316M) 104.289ms
[4162.336s][info][gc,cpu         ] GC(916) User=0.58s Sys=0.04s Real=0.10s
....[4165.479s][info][gc,start       ] GC(917) Pause Young (Allocation Failure)
[4165.578s][info][gc,heap        ] GC(917) PSYoungGen: 2644809K(2644992K)->140448K(2645504K) Eden: 2496000K(2496000K)->0K(2494464K) From: 148809K(148992K)->140448K(151040K)
[4165.578s][info][gc,heap        ] GC(917) ParOldGen: 4847033K(4847104K)->4938281K(4938752K)
[4165.578s][info][gc,metaspace   ] GC(917) Metaspace: 29137K(29440K)->29137K(29440K) NonClass: 24247K(24384K)->24247K(24384K) Class: 4890K(5056K)->4890K(5056K)
[4165.578s][info][gc             ] GC(917) Pause Young (Allocation Failure) 7316M->4959M(7406M) 99.258ms
[4165.578s][info][gc,cpu         ] GC(917) User=0.56s Sys=0.03s Real=0.09s
...[4168.684s][info][gc,start       ] GC(918) Pause Young (Allocation Failure)
[4168.785s][info][gc,heap        ] GC(918) PSYoungGen: 2634912K(2645504K)->139968K(2644992K) Eden: 2494464K(2494464K)->0K(2494464K) From: 140448K(151040K)->139968K(150528K)
[4168.785s][info][gc,heap        ] GC(918) ParOldGen: 4938281K(4938752K)->5031201K(5031424K)
[4168.785s][info][gc,metaspace   ] GC(918) Metaspace: 29137K(29440K)->29137K(29440K) NonClass: 24247K(24384K)->24247K(24384K) Class: 4890K(5056K)->4890K(5056K)
[4168.785s][info][gc             ] GC(918) Pause Young (Allocation Failure) 7395M->5049M(7496M) 101.127ms
[4168.785s][info][gc,cpu         ] GC(918) User=0.56s Sys=0.03s Real=0.10s
...[4171.853s][info][gc,start       ] GC(919) Pause Young (Allocation Failure)
[4171.959s][info][gc,heap        ] GC(919) PSYoungGen: 2634432K(2644992K)->149972K(2641408K) Eden: 2494464K(2494464K)->0K(2490880K) From: 139968K(150528K)->149972K(150528K)
[4171.959s][info][gc,heap        ] GC(919) ParOldGen: 5031201K(5031424K)->5122561K(5123072K)
[4171.959s][info][gc,metaspace   ] GC(919) Metaspace: 29137K(29440K)->29137K(29440K) NonClass: 24247K(24384K)->24247K(24384K) Class: 4890K(5056K)->4890K(5056K)
[4171.959s][info][gc             ] GC(919) Pause Young (Allocation Failure) 7485M->5148M(7582M) 105.565ms
[4171.959s][info][gc,cpu         ] GC(919) User=0.59s Sys=0.04s Real=0.11s
...[4175.034s][info][gc,start       ] GC(920) Pause Young (Allocation Failure)
[4175.138s][info][gc,heap        ] GC(920) PSYoungGen: 2640852K(2641408K)->144864K(2643456K) Eden: 2490880K(2490880K)->0K(2490880K) From: 149972K(150528K)->144864K(152576K)
[4175.138s][info][gc,heap        ] GC(920) ParOldGen: 5122561K(5123072K)->5214465K(5214720K)
[4175.138s][info][gc,metaspace   ] GC(920) Metaspace: 29137K(29440K)->29137K(29440K) NonClass: 24247K(24384K)->24247K(24384K) Class: 4890K(5056K)->4890K(5056K)
[4175.138s][info][gc             ] GC(920) Pause Young (Allocation Failure) 7581M->5233M(7674M) 103.552ms
[4175.138s][info][gc,cpu         ] GC(920) User=0.58s Sys=0.02s Real=0.10s
...[4178.229s][info][gc,start       ] GC(921) Pause Young (Allocation Failure)
[4178.329s][info][gc,heap        ] GC(921) PSYoungGen: 2635744K(2643456K)->137248K(2642944K) Eden: 2490880K(2490880K)->0K(2490880K) From: 144864K(152576K)->137248K(152064K)
[4178.329s][info][gc,heap        ] GC(921) ParOldGen: 5214465K(5214720K)->5306737K(5306880K)
[4178.329s][info][gc,metaspace   ] GC(921) Metaspace: 29137K(29440K)->29137K(29440K) NonClass: 24247K(24384K)->24247K(24384K) Class: 4890K(5056K)->4890K(5056K)
[4178.329s][info][gc             ] GC(921) Pause Young (Allocation Failure) 7666M->5316M(7763M) 99.656ms
[4178.329s][info][gc,cpu         ] GC(921) User=0.56s Sys=0.03s Real=0.10s
....[4181.453s][info][gc,start       ] GC(922) Pause Young (Allocation Failure)
[4181.554s][info][gc,heap        ] GC(922) PSYoungGen: 2628128K(2642944K)->138400K(2643456K) Eden: 2490880K(2490880K)->0K(2490880K) From: 137248K(152064K)->138400K(152576K)
[4181.554s][info][gc,heap        ] GC(922) ParOldGen: 5306737K(5306880K)->5398817K(5399040K)
[4181.554s][info][gc,metaspace   ] GC(922) Metaspace: 29137K(29440K)->29137K(29440K) NonClass: 24247K(24384K)->24247K(24384K) Class: 4890K(5056K)->4890K(5056K)
[4181.554s][info][gc             ] GC(922) Pause Young (Allocation Failure) 7748M->5407M(7854M) 100.694ms
[4181.554s][info][gc,cpu         ] GC(922) User=0.56s Sys=0.03s Real=0.10s
...[4184.672s][info][gc,start       ] GC(923) Pause Young (Allocation Failure)
[4184.772s][info][gc,heap        ] GC(923) PSYoungGen: 2629280K(2643456K)->141504K(2642432K) Eden: 2490880K(2490880K)->0K(2491392K) From: 138400K(152576K)->141504K(151040K)
[4184.772s][info][gc,heap        ] GC(923) ParOldGen: 5398817K(5399040K)->5490817K(5491200K)
[4184.772s][info][gc,metaspace   ] GC(923) Metaspace: 29137K(29440K)->29137K(29440K) NonClass: 24247K(24384K)->24247K(24384K) Class: 4890K(5056K)->4890K(5056K)
[4184.772s][info][gc             ] GC(923) Pause Young (Allocation Failure) 7839M->5500M(7943M) 100.659ms
[4184.772s][info][gc,cpu         ] GC(923) User=0.56s Sys=0.03s Real=0.10s
...[4187.857s][info][gc,start       ] GC(924) Pause Young (Allocation Failure)
[4187.962s][info][gc,heap        ] GC(924) PSYoungGen: 2632896K(2642432K)->143680K(2642944K) Eden: 2491392K(2491392K)->0K(2491392K) From: 141504K(151040K)->143680K(151552K)
[4187.962s][info][gc,heap        ] GC(924) ParOldGen: 5490817K(5491200K)->5583753K(5583872K)
[4187.962s][info][gc,metaspace   ] GC(924) Metaspace: 29137K(29440K)->29137K(29440K) NonClass: 24247K(24384K)->24247K(24384K) Class: 4890K(5056K)->4890K(5056K)
[4187.962s][info][gc             ] GC(924) Pause Young (Allocation Failure) 7933M->5593M(8034M) 104.969ms
[4187.962s][info][gc,cpu         ] GC(924) User=0.58s Sys=0.03s Real=0.11s
...[4191.048s][info][gc,start       ] GC(925) Pause Full (Allocation Failure)
[4191.048s][info][gc,phases,start] GC(925) Marking Phase
[4191.340s][info][gc,phases      ] GC(925) Marking Phase 291.875ms
[4191.340s][info][gc,phases,start] GC(925) Summary Phase
[4191.340s][info][gc,phases      ] GC(925) Summary Phase 0.093ms
[4191.340s][info][gc,phases,start] GC(925) Forward
[4191.471s][info][gc,phases      ] GC(925) Forward 131.500ms
[4191.471s][info][gc,phases,start] GC(925) Adjust Pointers
[4191.669s][info][gc,phases      ] GC(925) Adjust Pointers 197.598ms
[4191.669s][info][gc,phases,start] GC(925) Compaction Phase
[4191.796s][info][gc,phases      ] GC(925) Compaction Phase 127.036ms
[4191.797s][info][gc,phases,start] GC(925) Post Compact
[4191.804s][info][gc,phases      ] GC(925) Post Compact 7.002ms
[4191.934s][info][gc,heap        ] GC(925) PSYoungGen: 2635072K(2642944K)->0K(2644480K) Eden: 2491392K(2491392K)->0K(2493440K) From: 143680K(151552K)->0K(151040K)
[4191.935s][info][gc,heap        ] GC(925) ParOldGen: 5583753K(5583872K)->1421649K(1649664K)
[4191.935s][info][gc,metaspace   ] GC(925) Metaspace: 29137K(29440K)->29137K(29440K) NonClass: 24247K(24384K)->24247K(24384K) Class: 4890K(5056K)->4890K(5056K)
[4191.935s][info][gc             ] GC(925) Pause Full (Allocation Failure) 8026M->1388M(4193M) 886.965ms
[4191.935s][info][gc,cpu         ] GC(925) User=4.03s Sys=0.13s Real=0.89s
...[4194.254s][info][gc,start       ] GC(926) Pause Young (Allocation Failure)
[4194.321s][info][gc,heap        ] GC(926) PSYoungGen: 2493440K(2644480K)->144608K(2644480K) Eden: 2493440K(2493440K)->0K(2493440K) From: 0K(151040K)->144608K(151040K)
[4194.321s][info][gc,heap        ] GC(926) ParOldGen: 1421649K(1649664K)->1421649K(1649664K)
[4194.321s][info][gc,metaspace   ] GC(926) Metaspace: 29137K(29440K)->29137K(29440K) NonClass: 24247K(24384K)->24247K(24384K) Class: 4890K(5056K)->4890K(5056K)
[4194.321s][info][gc             ] GC(926) Pause Young (Allocation Failure) 3823M->1529M(4193M) 66.951ms
[4194.321s][info][gc,cpu         ] GC(926) User=0.40s Sys=0.00s Real=0.07s
...[4197.420s][info][gc,start       ] GC(927) Pause Young (Allocation Failure)
[4197.513s][info][gc,heap        ] GC(927) PSYoungGen: 2638048K(2644480K)->136992K(2644992K) Eden: 2493440K(2493440K)->0K(2493952K) From: 144608K(151040K)->136992K(151040K)
[4197.513s][info][gc,heap        ] GC(927) ParOldGen: 1421649K(1649664K)->1514665K(1649664K)
[4197.513s][info][gc,metaspace   ] GC(927) Metaspace: 29137K(29440K)->29137K(29440K) NonClass: 24247K(24384K)->24247K(24384K) Class: 4890K(5056K)->4890K(5056K)
[4197.513s][info][gc             ] GC(927) Pause Young (Allocation Failure) 3964M->1612M(4194M) 92.973ms
[4197.513s][info][gc,cpu         ] GC(927) User=0.55s Sys=0.00s Real=0.09s
...[4200.720s][info][gc,start       ] GC(928) Pause Young (Allocation Failure)
[4200.814s][info][gc,heap        ] GC(928) PSYoungGen: 2630944K(2644992K)->143936K(2644992K) Eden: 2493952K(2493952K)->0K(2493952K) From: 136992K(151040K)->143936K(151040K)
[4200.814s][info][gc,heap        ] GC(928) ParOldGen: 1514665K(1649664K)->1605473K(1649664K)
[4200.814s][info][gc,metaspace   ] GC(928) Metaspace: 29137K(29440K)->29137K(29440K) NonClass: 24247K(24384K)->24247K(24384K) Class: 4890K(5056K)->4890K(5056K)
[4200.814s][info][gc             ] GC(928) Pause Young (Allocation Failure) 4048M->1708M(4194M) 94.008ms
[4200.814s][info][gc,cpu         ] GC(928) User=0.56s Sys=0.01s Real=0.09s
...[4203.886s][info][gc,start       ] GC(929) Pause Young (Allocation Failure)
[4203.986s][info][gc,heap        ] GC(929) PSYoungGen: 2637888K(2644992K)->145524K(2644992K) Eden: 2493952K(2493952K)->0K(2493952K) From: 143936K(151040K)->145524K(151040K)
[4203.986s][info][gc,heap        ] GC(929) ParOldGen: 1605473K(1649664K)->1700113K(1700352K)
[4203.986s][info][gc,metaspace   ] GC(929) Metaspace: 29137K(29440K)->29137K(29440K) NonClass: 24247K(24384K)->24247K(24384K) Class: 4890K(5056K)->4890K(5056K)
[4203.986s][info][gc             ] GC(929) Pause Young (Allocation Failure) 4143M->1802M(4243M) 100.350ms
[4203.986s][info][gc,cpu         ] GC(929) User=0.58s Sys=0.01s Real=0.10s
.... (rIR:aIR:PR = 6365:6369:6369) (tPR = 93963) [OK] 
  4206s: Performance info:
         Transaction,    Success,    Partial,     Failed,   Receipts, AvgBarcode, 
             Overall,     385962,          0,          0,     366678,      59.48, 
         Response times:
             Request,    Success,    Partial,     Failed,   SkipFail,     Probes,    Samples,      min,      p50,      p90,      p95,      p99,      max, 
       TotalPurchase,     366681,          0,          0,          0,     356867,     390805,      300,     4700,     9300,    18200,    44000,   930000,
     InStorePurchase,     193102,          0,          0,          0,     188096,     205677,      300,     4700,     9200,    18300,    43000,   930000,
      OnlinePurchase,     135043,          0,          0,          0,     131668,     144089,      300,     4700,     9300,    19300,    44000,   930000,
        InstPurchase,      38536,          0,          0,          0,      37103,      41039,      400,     5400,    10000,    18000,    48000,   900000,
          AssocOfCat,        385,          0,          0,          0,        303,        400,    17500,    32000,    46000,    62900,    85980,   136000,
      AssocOfProduct,       3855,          0,          0,          0,       3555,       4149,      400,     3200,     6400,    12000,    29000,   900000,
      BusinessReport,        973,          0,          0,          0,        821,       1036,    24000,    39000,    58000,    73000,   169000,   950000,
          CustBuyBeh,       3864,          0,          0,          0,       3573,       4128,      600,     5600,    10600,    25550,    56000,   900000,
       ProductReturn,      10206,          0,          0,          0,       9603,      10772,      300,     5300,     9700,    23350,    51000,   900000,

  4206s: (47%)   IR =   6503 [4207.088s][info][gc,start       ] GC(930) Pause Young (Allocation Failure)
[4207.192s][info][gc,heap        ] GC(930) PSYoungGen: 2639476K(2644992K)->149540K(2643968K) Eden: 2493952K(2493952K)->0K(2493952K) From: 145524K(151040K)->149540K(150016K)
[4207.192s][info][gc,heap        ] GC(930) ParOldGen: 1700113K(1700352K)->1792161K(1792512K)
[4207.192s][info][gc,metaspace   ] GC(930) Metaspace: 29137K(29440K)->29137K(29440K) NonClass: 24247K(24384K)->24247K(24384K) Class: 4890K(5056K)->4890K(5056K)
[4207.192s][info][gc             ] GC(930) Pause Young (Allocation Failure) 4237M->1896M(4332M) 103.858ms
[4207.192s][info][gc,cpu         ] GC(930) User=0.59s Sys=0.02s Real=0.11s
...[4210.243s][info][gc,start       ] GC(931) Pause Young (Allocation Failure)
[4210.339s][info][gc,heap        ] GC(931) PSYoungGen: 2643492K(2643968K)->139744K(2642944K) Eden: 2493952K(2493952K)->0K(2490880K) From: 149540K(150016K)->139744K(152064K)
[4210.339s][info][gc,heap        ] GC(931) ParOldGen: 1792161K(1792512K)->1884065K(1884160K)
[4210.339s][info][gc,metaspace   ] GC(931) Metaspace: 29137K(29440K)->29137K(29440K) NonClass: 24247K(24384K)->24247K(24384K) Class: 4890K(5056K)->4890K(5056K)
[4210.339s][info][gc             ] GC(931) Pause Young (Allocation Failure) 4331M->1976M(4421M) 96.253ms
[4210.339s][info][gc,cpu         ] GC(931) User=0.54s Sys=0.04s Real=0.10s
...|[4213.357s][info][gc,start       ] GC(932) Pause Young (Allocation Failure)
[4213.455s][info][gc,heap        ] GC(932) PSYoungGen: 2630624K(2642944K)->140576K(2643456K) Eden: 2490880K(2490880K)->0K(2490880K) From: 139744K(152064K)->140576K(152576K)
[4213.455s][info][gc,heap        ] GC(932) ParOldGen: 1884065K(1884160K)->1976953K(1977344K)
[4213.455s][info][gc,metaspace   ] GC(932) Metaspace: 29137K(29440K)->29137K(29440K) NonClass: 24247K(24384K)->24247K(24384K) Class: 4890K(5056K)->4890K(5056K)
[4213.455s][info][gc             ] GC(932) Pause Young (Allocation Failure) 4408M->2067M(4512M) 97.523ms
[4213.455s][info][gc,cpu         ] GC(932) User=0.54s Sys=0.03s Real=0.10s
...[4216.513s][info][gc,start       ] GC(933) Pause Young (Allocation Failure)
[4216.612s][info][gc,heap        ] GC(933) PSYoungGen: 2631456K(2643456K)->140096K(2642432K) Eden: 2490880K(2490880K)->0K(2491392K) From: 140576K(152576K)->140096K(151040K)
[4216.612s][info][gc,heap        ] GC(933) ParOldGen: 1976953K(1977344K)->2069217K(2069504K)
[4216.612s][info][gc,metaspace   ] GC(933) Metaspace: 29137K(29440K)->29137K(29440K) NonClass: 24247K(24384K)->24247K(24384K) Class: 4890K(5056K)->4890K(5056K)
[4216.612s][info][gc             ] GC(933) Pause Young (Allocation Failure) 4500M->2157M(4601M) 99.297ms
[4216.612s][info][gc,cpu         ] GC(933) User=0.57s Sys=0.02s Real=0.10s
...[4219.593s][info][gc,start       ] GC(934) Pause Young (Allocation Failure)
[4219.692s][info][gc,heap        ] GC(934) PSYoungGen: 2631488K(2642432K)->143125K(2642944K) Eden: 2491392K(2491392K)->0K(2491392K) From: 140096K(151040K)->143125K(151552K)
[4219.692s][info][gc,heap        ] GC(934) ParOldGen: 2069217K(2069504K)->2162393K(2162688K)
[4219.692s][info][gc,metaspace   ] GC(934) Metaspace: 29137K(29440K)->29137K(29440K) NonClass: 24247K(24384K)->24247K(24384K) Class: 4890K(5056K)->4890K(5056K)
[4219.692s][info][gc             ] GC(934) Pause Young (Allocation Failure) 4590M->2251M(4693M) 99.288ms
[4219.692s][info][gc,cpu         ] GC(934) User=0.55s Sys=0.03s Real=0.10s
...[4222.769s][info][gc,start       ] GC(935) Pause Young (Allocation Failure)
[4222.868s][info][gc,heap        ] GC(935) PSYoungGen: 2634517K(2642944K)->146103K(2643968K) Eden: 2491392K(2491392K)->0K(2492928K) From: 143125K(151552K)->146103K(151040K)
[4222.868s][info][gc,heap        ] GC(935) ParOldGen: 2162393K(2162688K)->2253137K(2253312K)
[4222.868s][info][gc,metaspace   ] GC(935) Metaspace: 29137K(29440K)->29137K(29440K) NonClass: 24247K(24384K)->24247K(24384K) Class: 4890K(5056K)->4890K(5056K)
[4222.869s][info][gc             ] GC(935) Pause Young (Allocation Failure) 4684M->2343M(4782M) 99.433ms
[4222.869s][info][gc,cpu         ] GC(935) User=0.56s Sys=0.01s Real=0.10s
...[4225.933s][info][gc,start       ] GC(936) Pause Young (Allocation Failure)
[4226.037s][info][gc,heap        ] GC(936) PSYoungGen: 2639031K(2643968K)->150916K(2643968K) Eden: 2492928K(2492928K)->0K(2492928K) From: 146103K(151040K)->150916K(151040K)
[4226.037s][info][gc,heap        ] GC(936) ParOldGen: 2253137K(2253312K)->2345961K(2345984K)
[4226.037s][info][gc,metaspace   ] GC(936) Metaspace: 29137K(29440K)->29137K(29440K) NonClass: 24247K(24384K)->24247K(24384K) Class: 4890K(5056K)->4890K(5056K)
[4226.037s][info][gc             ] GC(936) Pause Young (Allocation Failure) 4777M->2438M(4873M) 103.922ms
[4226.037s][info][gc,cpu         ] GC(936) User=0.59s Sys=0.02s Real=0.10s
...[4228.995s][info][gc,start       ] GC(937) Pause Young (Allocation Failure)
[4229.094s][info][gc,heap        ] GC(937) PSYoungGen: 2643844K(2643968K)->142464K(2641920K) Eden: 2492928K(2492928K)->0K(2489856K) From: 150916K(151040K)->142464K(152064K)
[4229.094s][info][gc,heap        ] GC(937) ParOldGen: 2345961K(2345984K)->2438833K(2439168K)
[4229.094s][info][gc,metaspace   ] GC(937) Metaspace: 29137K(29440K)->29137K(29440K) NonClass: 24247K(24384K)->24247K(24384K) Class: 4890K(5056K)->4890K(5056K)
[4229.094s][info][gc             ] GC(937) Pause Young (Allocation Failure) 4872M->2520M(4962M) 98.565ms
[4229.094s][info][gc,cpu         ] GC(937) User=0.55s Sys=0.03s Real=0.10s
....[4232.190s][info][gc,start       ] GC(938) Pause Young (Allocation Failure)
[4232.289s][info][gc,heap        ] GC(938) PSYoungGen: 2632320K(2641920K)->144544K(2642944K) Eden: 2489856K(2489856K)->0K(2489856K) From: 142464K(152064K)->144544K(153088K)
[4232.289s][info][gc,heap        ] GC(938) ParOldGen: 2438833K(2439168K)->2530841K(2531328K)
[4232.289s][info][gc,metaspace   ] GC(938) Metaspace: 29137K(29440K)->29137K(29440K) NonClass: 24247K(24384K)->24247K(24384K) Class: 4890K(5056K)->4890K(5056K)
[4232.289s][info][gc             ] GC(938) Pause Young (Allocation Failure) 4952M->2612M(5053M) 99.131ms
[4232.289s][info][gc,cpu         ] GC(938) User=0.56s Sys=0.02s Real=0.10s
...[4235.311s][info][gc,start       ] GC(939) Pause Young (Allocation Failure)
[4235.410s][info][gc,heap        ] GC(939) PSYoungGen: 2634400K(2642944K)->142500K(2640384K) Eden: 2489856K(2489856K)->0K(2490368K) From: 144544K(153088K)->142500K(150016K)
[4235.410s][info][gc,heap        ] GC(939) ParOldGen: 2530841K(2531328K)->2623129K(2623488K)
[4235.410s][info][gc,metaspace   ] GC(939) Metaspace: 29137K(29440K)->29137K(29440K) NonClass: 24247K(24384K)->24247K(24384K) Class: 4890K(5056K)->4890K(5056K)
[4235.410s][info][gc             ] GC(939) Pause Young (Allocation Failure) 5044M->2700M(5140M) 99.845ms
[4235.410s][info][gc,cpu         ] GC(939) User=0.56s Sys=0.02s Real=0.10s
...[4238.431s][info][gc,start       ] GC(940) Pause Young (Allocation Failure)
[4238.529s][info][gc,heap        ] GC(940) PSYoungGen: 2632868K(2640384K)->139072K(2641920K) Eden: 2490368K(2490368K)->0K(2490368K) From: 142500K(150016K)->139072K(151552K)
[4238.529s][info][gc,heap        ] GC(940) ParOldGen: 2623129K(2623488K)->2715609K(2715648K)
[4238.529s][info][gc,metaspace   ] GC(940) Metaspace: 29137K(29440K)->29137K(29440K) NonClass: 24247K(24384K)->24247K(24384K) Class: 4890K(5056K)->4890K(5056K)
[4238.529s][info][gc             ] GC(940) Pause Young (Allocation Failure) 5132M->2787M(5232M) 98.290ms
[4238.529s][info][gc,cpu         ] GC(940) User=0.56s Sys=0.03s Real=0.10s
...[4241.611s][info][gc,start       ] GC(941) Pause Young (Allocation Failure)
[4241.710s][info][gc,heap        ] GC(941) PSYoungGen: 2629440K(2641920K)->142080K(2643456K) Eden: 2490368K(2490368K)->0K(2492928K) From: 139072K(151552K)->142080K(150528K)
[4241.710s][info][gc,heap        ] GC(941) ParOldGen: 2715609K(2715648K)->2808225K(2808320K)
[4241.710s][info][gc,metaspace   ] GC(941) Metaspace: 29137K(29440K)->29137K(29440K) NonClass: 24247K(24384K)->24247K(24384K) Class: 4890K(5056K)->4890K(5056K)
[4241.710s][info][gc             ] GC(941) Pause Young (Allocation Failure) 5219M->2881M(5324M) 99.234ms
[4241.710s][info][gc,cpu         ] GC(941) User=0.55s Sys=0.04s Real=0.10s
...[4244.768s][info][gc,start       ] GC(942) Pause Young (Allocation Failure)
[4244.871s][info][gc,heap        ] GC(942) PSYoungGen: 2635008K(2643456K)->148245K(2643968K) Eden: 2492928K(2492928K)->0K(2492928K) From: 142080K(150528K)->148245K(151040K)
[4244.871s][info][gc,heap        ] GC(942) ParOldGen: 2808225K(2808320K)->2901593K(2902016K)
[4244.871s][info][gc,metaspace   ] GC(942) Metaspace: 29137K(29440K)->29137K(29440K) NonClass: 24247K(24384K)->24247K(24384K) Class: 4890K(5056K)->4890K(5056K)
[4244.871s][info][gc             ] GC(942) Pause Young (Allocation Failure) 5315M->2978M(5416M) 102.738ms
[4244.871s][info][gc,cpu         ] GC(942) User=0.59s Sys=0.03s Real=0.11s
...[4247.829s][info][gc,start       ] GC(943) Pause Young (Allocation Failure)
[4247.928s][info][gc,heap        ] GC(943) PSYoungGen: 2641173K(2643968K)->138944K(2643968K) Eden: 2492928K(2492928K)->0K(2491904K) From: 148245K(151040K)->138944K(152064K)
[4247.928s][info][gc,heap        ] GC(943) ParOldGen: 2901593K(2902016K)->2995153K(2995200K)
[4247.928s][info][gc,metaspace   ] GC(943) Metaspace: 29137K(29440K)->29137K(29440K) NonClass: 24247K(24384K)->24247K(24384K) Class: 4890K(5056K)->4890K(5056K)
[4247.928s][info][gc             ] GC(943) Pause Young (Allocation Failure) 5412M->3060M(5507M) 99.447ms
[4247.928s][info][gc,cpu         ] GC(943) User=0.55s Sys=0.04s Real=0.09s
...[4251.029s][info][gc,start       ] GC(944) Pause Young (Allocation Failure)
[4251.130s][info][gc,heap        ] GC(944) PSYoungGen: 2630848K(2643968K)->149700K(2641920K) Eden: 2491904K(2491904K)->0K(2491904K) From: 138944K(152064K)->149700K(150016K)
[4251.130s][info][gc,heap        ] GC(944) ParOldGen: 2995153K(2995200K)->3085673K(3085824K)
[4251.130s][info][gc,metaspace   ] GC(944) Metaspace: 29137K(29440K)->29137K(29440K) NonClass: 24247K(24384K)->24247K(24384K) Class: 4890K(5056K)->4890K(5056K)
[4251.130s][info][gc             ] GC(944) Pause Young (Allocation Failure) 5494M->3159M(5593M) 101.173ms
[4251.130s][info][gc,cpu         ] GC(944) User=0.58s Sys=0.02s Real=0.10s
...[4254.150s][info][gc,start       ] GC(945) Pause Young (Allocation Failure)
[4254.257s][info][gc,heap        ] GC(945) PSYoungGen: 2641604K(2641920K)->152004K(2638336K) Eden: 2491904K(2491904K)->0K(2484736K) From: 149700K(150016K)->152004K(153600K)
[4254.257s][info][gc,heap        ] GC(945) ParOldGen: 3085673K(3085824K)->3180153K(3180544K)
[4254.257s][info][gc,metaspace   ] GC(945) Metaspace: 29137K(29440K)->29137K(29440K) NonClass: 24247K(24384K)->24247K(24384K) Class: 4890K(5056K)->4890K(5056K)
[4254.257s][info][gc             ] GC(945) Pause Young (Allocation Failure) 5593M->3254M(5682M) 106.425ms
[4254.257s][info][gc,cpu         ] GC(945) User=0.59s Sys=0.03s Real=0.10s
....[4257.289s][info][gc,start       ] GC(946) Pause Young (Allocation Failure)
[4257.389s][info][gc,heap        ] GC(946) PSYoungGen: 2636740K(2638336K)->142240K(2640384K) Eden: 2484736K(2484736K)->0K(2484736K) From: 152004K(153600K)->142240K(155648K)
[4257.389s][info][gc,heap        ] GC(946) ParOldGen: 3180153K(3180544K)->3271345K(3271680K)
[4257.389s][info][gc,metaspace   ] GC(946) Metaspace: 29137K(29440K)->29137K(29440K) NonClass: 24247K(24384K)->24247K(24384K) Class: 4890K(5056K)->4890K(5056K)
[4257.389s][info][gc             ] GC(946) Pause Young (Allocation Failure) 5680M->3333M(5773M) 100.342ms
[4257.390s][info][gc,cpu         ] GC(946) User=0.57s Sys=0.02s Real=0.10s
...[4260.364s][info][gc,start       ] GC(947) Pause Young (Allocation Failure)
[4260.465s][info][gc,heap        ] GC(947) PSYoungGen: 2626976K(2640384K)->146703K(2639872K) Eden: 2484736K(2484736K)->0K(2485248K) From: 142240K(155648K)->146703K(154624K)
[4260.465s][info][gc,heap        ] GC(947) ParOldGen: 3271345K(3271680K)->3365273K(3365376K)
[4260.465s][info][gc,metaspace   ] GC(947) Metaspace: 29137K(29440K)->29137K(29440K) NonClass: 24247K(24384K)->24247K(24384K) Class: 4890K(5056K)->4890K(5056K)
[4260.465s][info][gc             ] GC(947) Pause Young (Allocation Failure) 5760M->3429M(5864M) 101.587ms
[4260.465s][info][gc,cpu         ] GC(947) User=0.57s Sys=0.04s Real=0.10s
...[4263.520s][info][gc,start       ] GC(948) Pause Young (Allocation Failure)
[4263.619s][info][gc,heap        ] GC(948) PSYoungGen: 2631951K(2639872K)->140288K(2640384K) Eden: 2485248K(2485248K)->0K(2485248K) From: 146703K(154624K)->140288K(155136K)
[4263.619s][info][gc,heap        ] GC(948) ParOldGen: 3365273K(3365376K)->3456097K(3456512K)
[4263.619s][info][gc,metaspace   ] GC(948) Metaspace: 29137K(29440K)->29137K(29440K) NonClass: 24247K(24384K)->24247K(24384K) Class: 4890K(5056K)->4890K(5056K)
[4263.619s][info][gc             ] GC(948) Pause Young (Allocation Failure) 5856M->3512M(5954M) 98.506ms
[4263.619s][info][gc,cpu         ] GC(948) User=0.55s Sys=0.03s Real=0.10s
...[4266.636s][info][gc,start       ] GC(949) Pause Young (Allocation Failure)
[4266.737s][info][gc,heap        ] GC(949) PSYoungGen: 2625536K(2640384K)->139200K(2640896K) Eden: 2485248K(2485248K)->0K(2486272K) From: 140288K(155136K)->139200K(154624K)
[4266.737s][info][gc,heap        ] GC(949) ParOldGen: 3456097K(3456512K)->3549185K(3549696K)
[4266.737s][info][gc,metaspace   ] GC(949) Metaspace: 29137K(29440K)->29137K(29440K) NonClass: 24247K(24384K)->24247K(24384K) Class: 4890K(5056K)->4890K(5056K)
[4266.737s][info][gc             ] GC(949) Pause Young (Allocation Failure) 5939M->3601M(6045M) 100.336ms
[4266.737s][info][gc,cpu         ] GC(949) User=0.56s Sys=0.02s Real=0.10s
...[4269.797s][info][gc,start       ] GC(950) Pause Young (Allocation Failure)
[4269.897s][info][gc,heap        ] GC(950) PSYoungGen: 2625472K(2640896K)->142272K(2628608K) Eden: 2486272K(2486272K)->0K(2486272K) From: 139200K(154624K)->142272K(142336K)
[4269.897s][info][gc,heap        ] GC(950) ParOldGen: 3549185K(3549696K)->3640905K(3641344K)
[4269.897s][info][gc,metaspace   ] GC(950) Metaspace: 29137K(29440K)->29137K(29440K) NonClass: 24247K(24384K)->24247K(24384K) Class: 4890K(5056K)->4890K(5056K)
[4269.897s][info][gc             ] GC(950) Pause Young (Allocation Failure) 6029M->3694M(6123M) 99.942ms
[4269.897s][info][gc,cpu         ] GC(950) User=0.57s Sys=0.02s Real=0.10s
...[4272.913s][info][gc,start       ] GC(951) Pause Young (Allocation Failure)
[4273.013s][info][gc,heap        ] GC(951) PSYoungGen: 2628544K(2628608K)->141344K(2640896K) Eden: 2486272K(2486272K)->0K(2487296K) From: 142272K(142336K)->141344K(153600K)
[4273.013s][info][gc,heap        ] GC(951) ParOldGen: 3640905K(3641344K)->3733657K(3734016K)
[4273.013s][info][gc,metaspace   ] GC(951) Metaspace: 29137K(29440K)->29137K(29440K) NonClass: 24247K(24384K)->24247K(24384K) Class: 4890K(5056K)->4890K(5056K)
[4273.013s][info][gc             ] GC(951) Pause Young (Allocation Failure) 6122M->3784M(6225M) 100.325ms
[4273.013s][info][gc,cpu         ] GC(951) User=0.56s Sys=0.03s Real=0.10s
. (rIR:aIR:PR = 6503:6502:6502) (tPR = 96152) [OK] 
  4273s: Performance info:
         Transaction,    Success,    Partial,     Failed,   Receipts, AvgBarcode, 
             Overall,     391567,          0,          0,     371981,      59.47, 
         Response times:
             Request,    Success,    Partial,     Failed,   SkipFail,     Probes,    Samples,      min,      p50,      p90,      p95,      p99,      max, 
       TotalPurchase,     371988,          0,          0,          0,     362840,     399276,      300,     4800,     8700,    13100,    43000,   156000,
     InStorePurchase,     195784,          0,          0,          0,     190902,     209962,      300,     4700,     8800,    13100,    43000,   156000,
      OnlinePurchase,     137029,          0,          0,          0,     133570,     146700,      300,     4800,     8700,    13300,    42000,   142000,
        InstPurchase,      39175,          0,          0,          0,      38368,      42614,      400,     5000,     8900,    13000,    44000,   142000,
          AssocOfCat,        388,          0,          0,          0,        316,        433,    21000,    34000,    48600,    60000,    85300,   135000,
      AssocOfProduct,       3914,          0,          0,          0,       3655,       4238,      500,     3700,     6500,     9500,    33000,   136000,
      BusinessReport,        978,          0,          0,          0,        865,       1050,    22000,    38000,    55000,    66000,   139490,   166000,
          CustBuyBeh,       3920,          0,          0,          0,       3675,       4235,      300,     4900,     8740,    13000,    41000,   142000,
       ProductReturn,      10383,          0,          0,          0,       9865,      11151,      100,     4300,     8400,    12200,    43000,   142000,

  4273s: (48%)   IR =   6642 ..[4275.952s][info][gc,start       ] GC(952) Pause Young (Allocation Failure)
[4276.053s][info][gc,heap        ] GC(952) PSYoungGen: 2628640K(2640896K)->145972K(2640384K) Eden: 2487296K(2487296K)->0K(2487296K) From: 141344K(153600K)->145972K(153088K)
[4276.053s][info][gc,heap        ] GC(952) ParOldGen: 3733657K(3734016K)->3825865K(3826176K)
[4276.053s][info][gc,metaspace   ] GC(952) Metaspace: 29137K(29440K)->29137K(29440K) NonClass: 24247K(24384K)->24247K(24384K) Class: 4890K(5056K)->4890K(5056K)
[4276.053s][info][gc             ] GC(952) Pause Young (Allocation Failure) 6213M->3878M(6315M) 100.512ms
[4276.053s][info][gc,cpu         ] GC(952) User=0.58s Sys=0.02s Real=0.10s
...|[4279.090s][info][gc,start       ] GC(953) Pause Young (Allocation Failure)
[4279.193s][info][gc,heap        ] GC(953) PSYoungGen: 2633268K(2640384K)->146880K(2641920K) Eden: 2487296K(2487296K)->0K(2488832K) From: 145972K(153088K)->146880K(153088K)
[4279.193s][info][gc,heap        ] GC(953) ParOldGen: 3825865K(3826176K)->3915641K(3915776K)
[4279.193s][info][gc,metaspace   ] GC(953) Metaspace: 29137K(29440K)->29137K(29440K) NonClass: 24247K(24384K)->24247K(24384K) Class: 4890K(5056K)->4890K(5056K)
[4279.193s][info][gc             ] GC(953) Pause Young (Allocation Failure) 6307M->3967M(6404M) 102.926ms
[4279.193s][info][gc,cpu         ] GC(953) User=0.58s Sys=0.02s Real=0.10s
...[4282.177s][info][gc,start       ] GC(954) Pause Young (Allocation Failure)
[4282.279s][info][gc,heap        ] GC(954) PSYoungGen: 2635712K(2641920K)->144960K(2634240K) Eden: 2488832K(2488832K)->0K(2488832K) From: 146880K(153088K)->144960K(145408K)
[4282.279s][info][gc,heap        ] GC(954) ParOldGen: 3915641K(3915776K)->4010297K(4010496K)
[4282.279s][info][gc,metaspace   ] GC(954) Metaspace: 29137K(29440K)->29137K(29440K) NonClass: 24247K(24384K)->24247K(24384K) Class: 4890K(5056K)->4890K(5056K)
[4282.279s][info][gc             ] GC(954) Pause Young (Allocation Failure) 6397M->4057M(6489M) 102.225ms
[4282.279s][info][gc,cpu         ] GC(954) User=0.57s Sys=0.03s Real=0.11s
...[4285.306s][info][gc,start       ] GC(955) Pause Young (Allocation Failure)
[4285.408s][info][gc,heap        ] GC(955) PSYoungGen: 2633792K(2634240K)->142612K(2642432K) Eden: 2488832K(2488832K)->0K(2489856K) From: 144960K(145408K)->142612K(152576K)
[4285.408s][info][gc,heap        ] GC(955) ParOldGen: 4010297K(4010496K)->4101465K(4101632K)
[4285.408s][info][gc,metaspace   ] GC(955) Metaspace: 29137K(29440K)->29137K(29440K) NonClass: 24247K(24384K)->24247K(24384K) Class: 4890K(5056K)->4890K(5056K)
[4285.408s][info][gc             ] GC(955) Pause Young (Allocation Failure) 6488M->4144M(6586M) 101.634ms
[4285.408s][info][gc,cpu         ] GC(955) User=0.57s Sys=0.03s Real=0.10s
...[4288.356s][info][gc,start       ] GC(956) Pause Young (Allocation Failure)
[4288.456s][info][gc,heap        ] GC(956) PSYoungGen: 2632468K(2642432K)->138688K(2641920K) Eden: 2489856K(2489856K)->0K(2489856K) From: 142612K(152576K)->138688K(152064K)
[4288.456s][info][gc,heap        ] GC(956) ParOldGen: 4101465K(4101632K)->4194153K(4194304K)
[4288.456s][info][gc,metaspace   ] GC(956) Metaspace: 29137K(29440K)->29137K(29440K) NonClass: 24247K(24384K)->24247K(24384K) Class: 4890K(5056K)->4890K(5056K)
[4288.456s][info][gc             ] GC(956) Pause Young (Allocation Failure) 6576M->4231M(6676M) 99.589ms
[4288.456s][info][gc,cpu         ] GC(956) User=0.56s Sys=0.03s Real=0.10s
...[4291.362s][info][gc,start       ] GC(957) Pause Young (Allocation Failure)
[4291.461s][info][gc,heap        ] GC(957) PSYoungGen: 2628544K(2641920K)->136096K(2642944K) Eden: 2489856K(2489856K)->0K(2490880K) From: 138688K(152064K)->136096K(152064K)
[4291.461s][info][gc,heap        ] GC(957) ParOldGen: 4194153K(4194304K)->4287505K(4288000K)
[4291.461s][info][gc,metaspace   ] GC(957) Metaspace: 29137K(29440K)->29137K(29440K) NonClass: 24247K(24384K)->24247K(24384K) Class: 4890K(5056K)->4890K(5056K)
[4291.461s][info][gc             ] GC(957) Pause Young (Allocation Failure) 6662M->4319M(6768M) 99.047ms
[4291.461s][info][gc,cpu         ] GC(957) User=0.56s Sys=0.03s Real=0.10s
...[4294.469s][info][gc,start       ] GC(958) Pause Young (Allocation Failure)
[4294.567s][info][gc,heap        ] GC(958) PSYoungGen: 2626976K(2642944K)->140480K(2643456K) Eden: 2490880K(2490880K)->0K(2490880K) From: 136096K(152064K)->140480K(152576K)
[4294.567s][info][gc,heap        ] GC(958) ParOldGen: 4287505K(4288000K)->4378521K(4378624K)
[4294.567s][info][gc,metaspace   ] GC(958) Metaspace: 29137K(29440K)->29137K(29440K) NonClass: 24247K(24384K)->24247K(24384K) Class: 4890K(5056K)->4890K(5056K)
[4294.567s][info][gc             ] GC(958) Pause Young (Allocation Failure) 6752M->4413M(6857M) 98.627ms
[4294.567s][info][gc,cpu         ] GC(958) User=0.56s Sys=0.02s Real=0.09s
...[4297.547s][info][gc,start       ] GC(959) Pause Young (Allocation Failure)
[4297.648s][info][gc,heap        ] GC(959) PSYoungGen: 2631360K(2643456K)->139840K(2642432K) Eden: 2490880K(2490880K)->0K(2491392K) From: 140480K(152576K)->139840K(151040K)
[4297.648s][info][gc,heap        ] GC(959) ParOldGen: 4378521K(4378624K)->4471929K(4472320K)
[4297.648s][info][gc,metaspace   ] GC(959) Metaspace: 29137K(29440K)->29137K(29440K) NonClass: 24247K(24384K)->24247K(24384K) Class: 4890K(5056K)->4890K(5056K)
[4297.648s][info][gc             ] GC(959) Pause Young (Allocation Failure) 6845M->4503M(6948M) 101.023ms
[4297.648s][info][gc,cpu         ] GC(959) User=0.57s Sys=0.02s Real=0.10s
...[4300.578s][info][gc,start       ] GC(960) Pause Young (Allocation Failure)
[4300.681s][info][gc,heap        ] GC(960) PSYoungGen: 2631232K(2642432K)->143108K(2642944K) Eden: 2491392K(2491392K)->0K(2491392K) From: 139840K(151040K)->143108K(151552K)
[4300.681s][info][gc,heap        ] GC(960) ParOldGen: 4471929K(4472320K)->4564809K(4564992K)
[4300.681s][info][gc,metaspace   ] GC(960) Metaspace: 29137K(29440K)->29137K(29440K) NonClass: 24247K(24384K)->24247K(24384K) Class: 4890K(5056K)->4890K(5056K)
[4300.681s][info][gc             ] GC(960) Pause Young (Allocation Failure) 6936M->4597M(7039M) 103.117ms
[4300.681s][info][gc,cpu         ] GC(960) User=0.58s Sys=0.03s Real=0.11s
...[4303.668s][info][gc,start       ] GC(961) Pause Young (Allocation Failure)
[4303.769s][info][gc,heap        ] GC(961) PSYoungGen: 2634500K(2642944K)->141536K(2642432K) Eden: 2491392K(2491392K)->0K(2493440K) From: 143108K(151552K)->141536K(148992K)
[4303.769s][info][gc,heap        ] GC(961) ParOldGen: 4564809K(4564992K)->4655625K(4656128K)
[4303.769s][info][gc,metaspace   ] GC(961) Metaspace: 29137K(29440K)->29137K(29440K) NonClass: 24247K(24384K)->24247K(24384K) Class: 4890K(5056K)->4890K(5056K)
[4303.769s][info][gc             ] GC(961) Pause Young (Allocation Failure) 7030M->4684M(7127M) 101.838ms
[4303.769s][info][gc,cpu         ] GC(961) User=0.57s Sys=0.03s Real=0.11s
...[4306.763s][info][gc,start       ] GC(962) Pause Young (Allocation Failure)
[4306.865s][info][gc,heap        ] GC(962) PSYoungGen: 2634976K(2642432K)->141504K(2643456K) Eden: 2493440K(2493440K)->0K(2493440K) From: 141536K(148992K)->141504K(150016K)
[4306.865s][info][gc,heap        ] GC(962) ParOldGen: 4655625K(4656128K)->4747961K(4748288K)
[4306.865s][info][gc,metaspace   ] GC(962) Metaspace: 29137K(29440K)->29137K(29440K) NonClass: 24247K(24384K)->24247K(24384K) Class: 4890K(5056K)->4890K(5056K)
[4306.865s][info][gc             ] GC(962) Pause Young (Allocation Failure) 7119M->4774M(7218M) 101.862ms
[4306.865s][info][gc,cpu         ] GC(962) User=0.57s Sys=0.03s Real=0.10s
...[4309.843s][info][gc,start       ] GC(963) Pause Young (Allocation Failure)
[4309.946s][info][gc,heap        ] GC(963) PSYoungGen: 2634944K(2643456K)->142304K(2644480K) Eden: 2493440K(2493440K)->0K(2496512K) From: 141504K(150016K)->142304K(147968K)
[4309.946s][info][gc,heap        ] GC(963) ParOldGen: 4747961K(4748288K)->4840513K(4840960K)
[4309.946s][info][gc,metaspace   ] GC(963) Metaspace: 29137K(29440K)->29137K(29440K) NonClass: 24247K(24384K)->24247K(24384K) Class: 4890K(5056K)->4890K(5056K)
[4309.946s][info][gc             ] GC(963) Pause Young (Allocation Failure) 7209M->4866M(7310M) 103.059ms
[4309.946s][info][gc,cpu         ] GC(963) User=0.58s Sys=0.02s Real=0.10s
...[4312.886s][info][gc,start       ] GC(964) Pause Young (Allocation Failure)
[4312.986s][info][gc,heap        ] GC(964) PSYoungGen: 2638816K(2644480K)->140096K(2645504K) Eden: 2496512K(2496512K)->0K(2496512K) From: 142304K(147968K)->140096K(148992K)
[4312.986s][info][gc,heap        ] GC(964) ParOldGen: 4840513K(4840960K)->4932945K(4933120K)
[4312.986s][info][gc,metaspace   ] GC(964) Metaspace: 29137K(29440K)->29137K(29440K) NonClass: 24247K(24384K)->24247K(24384K) Class: 4890K(5056K)->4890K(5056K)
[4312.986s][info][gc             ] GC(964) Pause Young (Allocation Failure) 7304M->4954M(7401M) 99.728ms
[4312.986s][info][gc,cpu         ] GC(964) User=0.56s Sys=0.03s Real=0.10s
....[4316.013s][info][gc,start       ] GC(965) Pause Young (Allocation Failure)
[4316.115s][info][gc,heap        ] GC(965) PSYoungGen: 2636608K(2645504K)->144768K(2646528K) Eden: 2496512K(2496512K)->0K(2498048K) From: 140096K(148992K)->144768K(148480K)
[4316.115s][info][gc,heap        ] GC(965) ParOldGen: 4932945K(4933120K)->5023865K(5024256K)
[4316.115s][info][gc,metaspace   ] GC(965) Metaspace: 29137K(29440K)->29137K(29440K) NonClass: 24247K(24384K)->24247K(24384K) Class: 4890K(5056K)->4890K(5056K)
[4316.115s][info][gc             ] GC(965) Pause Young (Allocation Failure) 7392M->5047M(7491M) 101.597ms
[4316.115s][info][gc,cpu         ] GC(965) User=0.56s Sys=0.03s Real=0.10s
...[4319.054s][info][gc,start       ] GC(966) Pause Young (Allocation Failure)
[4319.155s][info][gc,heap        ] GC(966) PSYoungGen: 2642816K(2646528K)->141408K(2647040K) Eden: 2498048K(2498048K)->0K(2498048K) From: 144768K(148480K)->141408K(148992K)
[4319.155s][info][gc,heap        ] GC(966) ParOldGen: 5023865K(5024256K)->5118081K(5118464K)
[4319.155s][info][gc,metaspace   ] GC(966) Metaspace: 29137K(29440K)->29137K(29440K) NonClass: 24247K(24384K)->24247K(24384K) Class: 4890K(5056K)->4890K(5056K)
[4319.155s][info][gc             ] GC(966) Pause Young (Allocation Failure) 7486M->5136M(7583M) 101.701ms
[4319.155s][info][gc,cpu         ] GC(966) User=0.56s Sys=0.03s Real=0.10s
...[4322.163s][info][gc,start       ] GC(967) Pause Young (Allocation Failure)
[4322.265s][info][gc,heap        ] GC(967) PSYoungGen: 2639456K(2647040K)->145184K(2646528K) Eden: 2498048K(2498048K)->0K(2498048K) From: 141408K(148992K)->145184K(148480K)
[4322.265s][info][gc,heap        ] GC(967) ParOldGen: 5118081K(5118464K)->5207961K(5208064K)
[4322.265s][info][gc,metaspace   ] GC(967) Metaspace: 29137K(29440K)->29137K(29440K) NonClass: 24247K(24384K)->24247K(24384K) Class: 4890K(5056K)->4890K(5056K)
[4322.265s][info][gc             ] GC(967) Pause Young (Allocation Failure) 7575M->5227M(7670M) 101.938ms
[4322.265s][info][gc,cpu         ] GC(967) User=0.58s Sys=0.02s Real=0.10s
...[4325.208s][info][gc,start       ] GC(968) Pause Young (Allocation Failure)
[4325.310s][info][gc,heap        ] GC(968) PSYoungGen: 2643232K(2646528K)->143744K(2647040K) Eden: 2498048K(2498048K)->0K(2498048K) From: 145184K(148480K)->143744K(148992K)
[4325.310s][info][gc,heap        ] GC(968) ParOldGen: 5207961K(5208064K)->5301233K(5301248K)
[4325.310s][info][gc,metaspace   ] GC(968) Metaspace: 29137K(29440K)->29137K(29440K) NonClass: 24247K(24384K)->24247K(24384K) Class: 4890K(5056K)->4890K(5056K)
[4325.310s][info][gc             ] GC(968) Pause Young (Allocation Failure) 7667M->5317M(7762M) 102.080ms
[4325.310s][info][gc,cpu         ] GC(968) User=0.57s Sys=0.03s Real=0.11s
...[4328.183s][info][gc,start       ] GC(969) Pause Full (Diagnostic Command)
[4328.183s][info][gc,phases,start] GC(969) Marking Phase
[4328.478s][info][gc,phases      ] GC(969) Marking Phase 294.702ms
[4328.478s][info][gc,phases,start] GC(969) Summary Phase
[4328.478s][info][gc,phases      ] GC(969) Summary Phase 0.093ms
[4328.478s][info][gc,phases,start] GC(969) Forward
[4328.673s][info][gc,phases      ] GC(969) Forward 194.693ms
[4328.673s][info][gc,phases,start] GC(969) Adjust Pointers
[4328.887s][info][gc,phases      ] GC(969) Adjust Pointers 214.199ms
[4328.887s][info][gc,phases,start] GC(969) Compaction Phase
[4329.049s][info][gc,phases      ] GC(969) Compaction Phase 161.620ms
[4329.051s][info][gc,phases,start] GC(969) Post Compact
[4329.058s][info][gc,phases      ] GC(969) Post Compact 6.609ms
[4329.058s][info][gc,heap        ] GC(969) PSYoungGen: 2593434K(2647040K)->0K(2647040K) Eden: 2449690K(2498048K)->0K(2498048K) From: 143744K(148992K)->0K(148992K)
[4329.058s][info][gc,heap        ] GC(969) ParOldGen: 5301233K(5301248K)->1145850K(5301248K)
[4329.058s][info][gc,metaspace   ] GC(969) Metaspace: 29137K(29440K)->29137K(29440K) NonClass: 24247K(24384K)->24247K(24384K) Class: 4890K(5056K)->4890K(5056K)
[4329.058s][info][gc             ] GC(969) Pause Full (Diagnostic Command) 7709M->1118M(7762M) 874.884ms
[4329.058s][info][gc,cpu         ] GC(969) User=4.50s Sys=0.01s Real=0.87s
...[4331.317s][info][gc,start       ] GC(970) Pause Young (Allocation Failure)
[4331.383s][info][gc,heap        ] GC(970) PSYoungGen: 2498048K(2647040K)->146356K(2646016K) Eden: 2498048K(2498048K)->0K(2497024K) From: 0K(148992K)->146356K(148992K)
[4331.383s][info][gc,heap        ] GC(970) ParOldGen: 1145850K(5301248K)->1145850K(5301248K)
[4331.383s][info][gc,metaspace   ] GC(970) Metaspace: 29137K(29440K)->29137K(29440K) NonClass: 24247K(24384K)->24247K(24384K) Class: 4890K(5056K)->4890K(5056K)
[4331.383s][info][gc             ] GC(970) Pause Young (Allocation Failure) 3558M->1261M(7761M) 66.275ms
[4331.383s][info][gc,cpu         ] GC(970) User=0.39s Sys=0.00s Real=0.07s
...[4334.365s][info][gc,start       ] GC(971) Pause Young (Allocation Failure)
[4334.460s][info][gc,heap        ] GC(971) PSYoungGen: 2643380K(2646016K)->137280K(2634752K) Eden: 2497024K(2497024K)->0K(2497024K) From: 146356K(148992K)->137280K(137728K)
[4334.460s][info][gc,heap        ] GC(971) ParOldGen: 1145850K(5301248K)->1241610K(5301248K)
[4334.460s][info][gc,metaspace   ] GC(971) Metaspace: 29137K(29440K)->29137K(29440K) NonClass: 24247K(24384K)->24247K(24384K) Class: 4890K(5056K)->4890K(5056K)
[4334.460s][info][gc             ] GC(971) Pause Young (Allocation Failure) 3700M->1346M(7750M) 94.785ms
[4334.460s][info][gc,cpu         ] GC(971) User=0.56s Sys=0.00s Real=0.10s
...[4337.425s][info][gc,start       ] GC(972) Pause Young (Allocation Failure)
[4337.522s][info][gc,heap        ] GC(972) PSYoungGen: 2634304K(2634752K)->146406K(2644992K) Eden: 2497024K(2497024K)->0K(2494976K) From: 137280K(137728K)->146406K(150016K)
[4337.522s][info][gc,heap        ] GC(972) ParOldGen: 1241610K(5301248K)->1333730K(5301248K)
[4337.522s][info][gc,metaspace   ] GC(972) Metaspace: 29137K(29440K)->29137K(29440K) NonClass: 24247K(24384K)->24247K(24384K) Class: 4890K(5056K)->4890K(5056K)
[4337.522s][info][gc             ] GC(972) Pause Young (Allocation Failure) 3785M->1445M(7760M) 97.456ms
[4337.522s][info][gc,cpu         ] GC(972) User=0.57s Sys=0.00s Real=0.10s
.. (rIR:aIR:PR = 6642:6639:6639) (tPR = 98768) [OK] 
  4338s: Performance info:
         Transaction,    Success,    Partial,     Failed,   Receipts, AvgBarcode, 
             Overall,     403334,          0,          0,     383156,      59.47, 
         Response times:
             Request,    Success,    Partial,     Failed,   SkipFail,     Probes,    Samples,      min,      p50,      p90,      p95,      p99,      max, 
       TotalPurchase,     383171,          0,          0,          0,     359290,     395067,      300,     4900,     9700,    14700,    45000,   172000,
     InStorePurchase,     201661,          0,          0,          0,     189312,     207691,      300,     5000,     9800,    14500,    46000,   172000,
      OnlinePurchase,     141180,          0,          0,          0,     132410,     145491,      300,     4800,     9600,    14700,    44000,   172000,
        InstPurchase,      40330,          0,          0,          0,      37568,      41885,      400,     5200,     9900,    14970,    46000,   141000,
          AssocOfCat,        406,          0,          0,          0,        326,        447,    19900,    33000,    46000,    52600,    76120,   930000,
      AssocOfProduct,       4033,          0,          0,          0,       3745,       4366,      500,     4200,     9400,    17600,    39000,   122000,
      BusinessReport,       1004,          0,          0,          0,        878,       1074,    24000,    39000,    58500,    79000,   141250,   180000,
          CustBuyBeh,       4043,          0,          0,          0,       3693,       4218,      200,     4700,     8800,    15605,    42000,   132000,
       ProductReturn,      10680,          0,          0,          0,      10012,      11280,      200,     4500,     9590,    15700,    43000,   147000,

  4338s: (49%)   IR =   6780 .[4340.452s][info][gc,start       ] GC(973) Pause Young (Allocation Failure)
[4340.550s][info][gc,heap        ] GC(973) PSYoungGen: 2641382K(2644992K)->147893K(2642944K) Eden: 2494976K(2494976K)->0K(2494976K) From: 146406K(150016K)->147893K(147968K)
[4340.550s][info][gc,heap        ] GC(973) ParOldGen: 1333730K(5301248K)->1425506K(5301248K)
[4340.550s][info][gc,metaspace   ] GC(973) Metaspace: 29137K(29440K)->29137K(29440K) NonClass: 24247K(24384K)->24247K(24384K) Class: 4890K(5056K)->4890K(5056K)
[4340.550s][info][gc             ] GC(973) Pause Young (Allocation Failure) 3881M->1536M(7758M) 97.681ms
[4340.550s][info][gc,cpu         ] GC(973) User=0.57s Sys=0.00s Real=0.10s
...[4343.478s][info][gc,start       ] GC(974) Pause Young (Allocation Failure)
[4343.571s][info][gc,heap        ] GC(974) PSYoungGen: 2642869K(2642944K)->141472K(2644480K) Eden: 2494976K(2494976K)->0K(2492416K) From: 147893K(147968K)->141472K(152064K)
[4343.571s][info][gc,heap        ] GC(974) ParOldGen: 1425506K(5301248K)->1517370K(5301248K)
[4343.571s][info][gc,metaspace   ] GC(974) Metaspace: 29137K(29440K)->29137K(29440K) NonClass: 24247K(24384K)->24247K(24384K) Class: 4890K(5056K)->4890K(5056K)
[4343.571s][info][gc             ] GC(974) Pause Young (Allocation Failure) 3973M->1619M(7759M) 92.368ms
[4343.571s][info][gc,cpu         ] GC(974) User=0.55s Sys=0.00s Real=0.10s
...|[4346.521s][info][gc,start       ] GC(975) Pause Young (Allocation Failure)
[4346.614s][info][gc,heap        ] GC(975) PSYoungGen: 2633888K(2644480K)->140672K(2633216K) Eden: 2492416K(2492416K)->0K(2492416K) From: 141472K(152064K)->140672K(140800K)
[4346.614s][info][gc,heap        ] GC(975) ParOldGen: 1517370K(5301248K)->1609746K(5301248K)
[4346.614s][info][gc,metaspace   ] GC(975) Metaspace: 29137K(29440K)->29137K(29440K) NonClass: 24247K(24384K)->24247K(24384K) Class: 4890K(5056K)->4890K(5056K)
[4346.614s][info][gc             ] GC(975) Pause Young (Allocation Failure) 4053M->1709M(7748M) 93.613ms
[4346.614s][info][gc,cpu         ] GC(975) User=0.55s Sys=0.01s Real=0.09s
...[4349.462s][info][gc,start       ] GC(976) Pause Young (Allocation Failure)
[4349.555s][info][gc,heap        ] GC(976) PSYoungGen: 2633088K(2633216K)->138144K(2643456K) Eden: 2492416K(2492416K)->0K(2492416K) From: 140672K(140800K)->138144K(151040K)
[4349.555s][info][gc,heap        ] GC(976) ParOldGen: 1609746K(5301248K)->1703666K(5301248K)
[4349.555s][info][gc,metaspace   ] GC(976) Metaspace: 29137K(29440K)->29137K(29440K) NonClass: 24247K(24384K)->24247K(24384K) Class: 4890K(5056K)->4890K(5056K)
[4349.555s][info][gc             ] GC(976) Pause Young (Allocation Failure) 4143M->1798M(7758M) 93.156ms
[4349.555s][info][gc,cpu         ] GC(976) User=0.55s Sys=0.00s Real=0.09s
...[4352.513s][info][gc,start       ] GC(977) Pause Young (Allocation Failure)
[4352.608s][info][gc,heap        ] GC(977) PSYoungGen: 2630560K(2643456K)->142496K(2643456K) Eden: 2492416K(2492416K)->0K(2492416K) From: 138144K(151040K)->142496K(151040K)
[4352.608s][info][gc,heap        ] GC(977) ParOldGen: 1703666K(5301248K)->1793082K(5301248K)
[4352.608s][info][gc,metaspace   ] GC(977) Metaspace: 29137K(29440K)->29137K(29440K) NonClass: 24247K(24384K)->24247K(24384K) Class: 4890K(5056K)->4890K(5056K)
[4352.608s][info][gc             ] GC(977) Pause Young (Allocation Failure) 4232M->1890M(7758M) 94.736ms
[4352.608s][info][gc,cpu         ] GC(977) User=0.55s Sys=0.00s Real=0.09s
...[4355.524s][info][gc,start       ] GC(978) Pause Young (Allocation Failure)
[4355.619s][info][gc,heap        ] GC(978) PSYoungGen: 2634912K(2643456K)->139936K(2643968K) Eden: 2492416K(2492416K)->0K(2493952K) From: 142496K(151040K)->139936K(150016K)
[4355.619s][info][gc,heap        ] GC(978) ParOldGen: 1793082K(5301248K)->1887170K(5301248K)
[4355.619s][info][gc,metaspace   ] GC(978) Metaspace: 29137K(29440K)->29137K(29440K) NonClass: 24247K(24384K)->24247K(24384K) Class: 4890K(5056K)->4890K(5056K)
[4355.619s][info][gc             ] GC(978) Pause Young (Allocation Failure) 4324M->1979M(7759M) 94.676ms
[4355.619s][info][gc,cpu         ] GC(978) User=0.56s Sys=0.00s Real=0.10s
...[4358.540s][info][gc,start       ] GC(979) Pause Young (Allocation Failure)
[4358.635s][info][gc,heap        ] GC(979) PSYoungGen: 2633888K(2643968K)->142976K(2643968K) Eden: 2493952K(2493952K)->0K(2493952K) From: 139936K(150016K)->142976K(150016K)
[4358.635s][info][gc,heap        ] GC(979) ParOldGen: 1887170K(5301248K)->1980722K(5301248K)
[4358.635s][info][gc,metaspace   ] GC(979) Metaspace: 29137K(29440K)->29137K(29440K) NonClass: 24247K(24384K)->24247K(24384K) Class: 4890K(5056K)->4890K(5056K)
[4358.635s][info][gc             ] GC(979) Pause Young (Allocation Failure) 4415M->2073M(7759M) 95.012ms
[4358.635s][info][gc,cpu         ] GC(979) User=0.56s Sys=0.01s Real=0.09s
...[4361.540s][info][gc,start       ] GC(980) Pause Young (Allocation Failure)
[4361.637s][info][gc,heap        ] GC(980) PSYoungGen: 2636928K(2643968K)->144800K(2645504K) Eden: 2493952K(2493952K)->0K(2496000K) From: 142976K(150016K)->144800K(149504K)
[4361.637s][info][gc,heap        ] GC(980) ParOldGen: 1980722K(5301248K)->2071586K(5301248K)
[4361.637s][info][gc,metaspace   ] GC(980) Metaspace: 29137K(29440K)->29137K(29440K) NonClass: 24247K(24384K)->24247K(24384K) Class: 4890K(5056K)->4890K(5056K)
[4361.637s][info][gc             ] GC(980) Pause Young (Allocation Failure) 4509M->2164M(7760M) 97.034ms
[4361.637s][info][gc,cpu         ] GC(980) User=0.57s Sys=0.00s Real=0.09s
...[4364.580s][info][gc,start       ] GC(981) Pause Young (Allocation Failure)
[4364.675s][info][gc,heap        ] GC(981) PSYoungGen: 2640800K(2645504K)->142208K(2645504K) Eden: 2496000K(2496000K)->0K(2496000K) From: 144800K(149504K)->142208K(149504K)
[4364.675s][info][gc,heap        ] GC(981) ParOldGen: 2071586K(5301248K)->2163986K(5301248K)
[4364.675s][info][gc,metaspace   ] GC(981) Metaspace: 29137K(29440K)->29137K(29440K) NonClass: 24247K(24384K)->24247K(24384K) Class: 4890K(5056K)->4890K(5056K)
[4364.675s][info][gc             ] GC(981) Pause Young (Allocation Failure) 4601M->2252M(7760M) 94.786ms
[4364.675s][info][gc,cpu         ] GC(981) User=0.57s Sys=0.00s Real=0.09s
...[4367.596s][info][gc,start       ] GC(982) Pause Young (Allocation Failure)
[4367.689s][info][gc,heap        ] GC(982) PSYoungGen: 2638208K(2645504K)->139520K(2646016K) Eden: 2496000K(2496000K)->0K(2497024K) From: 142208K(149504K)->139520K(148992K)
[4367.689s][info][gc,heap        ] GC(982) ParOldGen: 2163986K(5301248K)->2257690K(5301248K)
[4367.689s][info][gc,metaspace   ] GC(982) Metaspace: 29137K(29440K)->29137K(29440K) NonClass: 24247K(24384K)->24247K(24384K) Class: 4890K(5056K)->4890K(5056K)
[4367.689s][info][gc             ] GC(982) Pause Young (Allocation Failure) 4689M->2341M(7761M) 93.030ms
[4367.689s][info][gc,cpu         ] GC(982) User=0.55s Sys=0.00s Real=0.10s
...[4370.593s][info][gc,start       ] GC(983) Pause Young (Allocation Failure)
[4370.694s][info][gc,heap        ] GC(983) PSYoungGen: 2636544K(2646016K)->148985K(2646016K) Eden: 2497024K(2497024K)->0K(2497024K) From: 139520K(148992K)->148985K(148992K)
[4370.694s][info][gc,heap        ] GC(983) ParOldGen: 2257690K(5301248K)->2350290K(5301248K)
[4370.694s][info][gc,metaspace   ] GC(983) Metaspace: 29137K(29440K)->29137K(29440K) NonClass: 24247K(24384K)->24247K(24384K) Class: 4890K(5056K)->4890K(5056K)
[4370.694s][info][gc             ] GC(983) Pause Young (Allocation Failure) 4779M->2440M(7761M) 101.152ms
[4370.694s][info][gc,cpu         ] GC(983) User=0.59s Sys=0.00s Real=0.10s
...[4373.598s][info][gc,start       ] GC(984) Pause Young (Allocation Failure)
[4373.691s][info][gc,heap        ] GC(984) PSYoungGen: 2646009K(2646016K)->141344K(2578432K) Eden: 2497024K(2497024K)->0K(2428416K) From: 148985K(148992K)->141344K(150016K)
[4373.691s][info][gc,heap        ] GC(984) ParOldGen: 2350290K(5301248K)->2441754K(5301248K)
[4373.691s][info][gc,metaspace   ] GC(984) Metaspace: 29137K(29440K)->29137K(29440K) NonClass: 24247K(24384K)->24247K(24384K) Class: 4890K(5056K)->4890K(5056K)
[4373.691s][info][gc             ] GC(984) Pause Young (Allocation Failure) 4879M->2522M(7695M) 93.444ms
[4373.691s][info][gc,cpu         ] GC(984) User=0.55s Sys=0.00s Real=0.10s
...[4376.548s][info][gc,start       ] GC(985) Pause Young (Allocation Failure)
[4376.642s][info][gc,heap        ] GC(985) PSYoungGen: 2569760K(2578432K)->136864K(2612224K) Eden: 2428416K(2428416K)->0K(2428416K) From: 141344K(150016K)->136864K(183808K)
[4376.642s][info][gc,heap        ] GC(985) ParOldGen: 2441754K(5301248K)->2536154K(5301248K)
[4376.642s][info][gc,metaspace   ] GC(985) Metaspace: 29137K(29440K)->29137K(29440K) NonClass: 24247K(24384K)->24247K(24384K) Class: 4890K(5056K)->4890K(5056K)
[4376.642s][info][gc             ] GC(985) Pause Young (Allocation Failure) 4894M->2610M(7728M) 94.242ms
[4376.642s][info][gc,cpu         ] GC(985) User=0.56s Sys=0.00s Real=0.10s
...[4379.456s][info][gc,start       ] GC(986) Pause Young (Allocation Failure)
[4379.548s][info][gc,heap        ] GC(986) PSYoungGen: 2565280K(2612224K)->134944K(2609152K) Eden: 2428416K(2428416K)->0K(2429440K) From: 136864K(183808K)->134944K(179712K)
[4379.548s][info][gc,heap        ] GC(986) ParOldGen: 2536154K(5301248K)->2628482K(5301248K)
[4379.548s][info][gc,metaspace   ] GC(986) Metaspace: 29137K(29440K)->29137K(29440K) NonClass: 24247K(24384K)->24247K(24384K) Class: 4890K(5056K)->4890K(5056K)
[4379.548s][info][gc             ] GC(986) Pause Young (Allocation Failure) 4981M->2698M(7725M) 92.879ms
[4379.549s][info][gc,cpu         ] GC(986) User=0.54s Sys=0.01s Real=0.10s
...[4382.409s][info][gc,start       ] GC(987) Pause Young (Allocation Failure)
[4382.501s][info][gc,heap        ] GC(987) PSYoungGen: 2564384K(2609152K)->135488K(2611200K) Eden: 2429440K(2429440K)->0K(2429440K) From: 134944K(179712K)->135488K(181760K)
[4382.501s][info][gc,heap        ] GC(987) ParOldGen: 2628482K(5301248K)->2718914K(5301248K)
[4382.501s][info][gc,metaspace   ] GC(987) Metaspace: 29137K(29440K)->29137K(29440K) NonClass: 24247K(24384K)->24247K(24384K) Class: 4890K(5056K)->4890K(5056K)
[4382.501s][info][gc             ] GC(987) Pause Young (Allocation Failure) 5071M->2787M(7727M) 92.689ms
[4382.501s][info][gc,cpu         ] GC(987) User=0.55s Sys=0.00s Real=0.09s
...[4385.330s][info][gc,start       ] GC(988) Pause Young (Allocation Failure)
[4385.423s][info][gc,heap        ] GC(988) PSYoungGen: 2564928K(2611200K)->136672K(2610176K) Eden: 2429440K(2429440K)->0K(2433536K) From: 135488K(181760K)->136672K(176640K)
[4385.423s][info][gc,heap        ] GC(988) ParOldGen: 2718914K(5301248K)->2810338K(5301248K)
[4385.423s][info][gc,metaspace   ] GC(988) Metaspace: 29137K(29440K)->29137K(29440K) NonClass: 24247K(24384K)->24247K(24384K) Class: 4890K(5056K)->4890K(5056K)
[4385.423s][info][gc             ] GC(988) Pause Young (Allocation Failure) 5160M->2877M(7726M) 92.164ms
[4385.423s][info][gc,cpu         ] GC(988) User=0.54s Sys=0.00s Real=0.09s
...[4388.274s][info][gc,start       ] GC(989) Pause Young (Allocation Failure)
[4388.366s][info][gc,heap        ] GC(989) PSYoungGen: 2570208K(2610176K)->134944K(2612736K) Eden: 2433536K(2433536K)->0K(2433536K) From: 136672K(176640K)->134944K(179200K)
[4388.366s][info][gc,heap        ] GC(989) ParOldGen: 2810338K(5301248K)->2900770K(5301248K)
[4388.366s][info][gc,metaspace   ] GC(989) Metaspace: 29137K(29440K)->29137K(29440K) NonClass: 24247K(24384K)->24247K(24384K) Class: 4890K(5056K)->4890K(5056K)
[4388.366s][info][gc             ] GC(989) Pause Young (Allocation Failure) 5254M->2964M(7728M) 92.345ms
[4388.366s][info][gc,cpu         ] GC(989) User=0.55s Sys=0.00s Real=0.09s
..[4391.204s][info][gc,start       ] GC(990) Pause Young (Allocation Failure)
[4391.302s][info][gc,heap        ] GC(990) PSYoungGen: 2568480K(2612736K)->146404K(2610688K) Eden: 2433536K(2433536K)->0K(2439168K) From: 134944K(179200K)->146404K(171520K)
[4391.302s][info][gc,heap        ] GC(990) ParOldGen: 2900770K(5301248K)->2992666K(5301248K)
[4391.302s][info][gc,metaspace   ] GC(990) Metaspace: 29137K(29440K)->29137K(29440K) NonClass: 24247K(24384K)->24247K(24384K) Class: 4890K(5056K)->4890K(5056K)
[4391.302s][info][gc             ] GC(990) Pause Young (Allocation Failure) 5341M->3065M(7726M) 97.785ms
[4391.302s][info][gc,cpu         ] GC(990) User=0.58s Sys=0.00s Real=0.10s
...[4394.133s][info][gc,start       ] GC(991) Pause Young (Allocation Failure)
[4394.230s][info][gc,heap        ] GC(991) PSYoungGen: 2585572K(2610688K)->147136K(2614272K) Eden: 2439168K(2439168K)->0K(2439168K) From: 146404K(171520K)->147136K(175104K)
[4394.230s][info][gc,heap        ] GC(991) ParOldGen: 2992666K(5301248K)->3082282K(5301248K)
[4394.230s][info][gc,metaspace   ] GC(991) Metaspace: 29137K(29440K)->29137K(29440K) NonClass: 24247K(24384K)->24247K(24384K) Class: 4890K(5056K)->4890K(5056K)
[4394.230s][info][gc             ] GC(991) Pause Young (Allocation Failure) 5447M->3153M(7730M) 96.760ms
[4394.230s][info][gc,cpu         ] GC(991) User=0.57s Sys=0.00s Real=0.10s
...[4397.100s][info][gc,start       ] GC(992) Pause Young (Allocation Failure)
[4397.197s][info][gc,heap        ] GC(992) PSYoungGen: 2586304K(2614272K)->143584K(2614272K) Eden: 2439168K(2439168K)->0K(2447872K) From: 147136K(175104K)->143584K(166400K)
[4397.197s][info][gc,heap        ] GC(992) ParOldGen: 3082282K(5301248K)->3174538K(5301248K)
[4397.197s][info][gc,metaspace   ] GC(992) Metaspace: 29137K(29440K)->29137K(29440K) NonClass: 24247K(24384K)->24247K(24384K) Class: 4890K(5056K)->4890K(5056K)
[4397.197s][info][gc             ] GC(992) Pause Young (Allocation Failure) 5535M->3240M(7730M) 96.570ms
[4397.197s][info][gc,cpu         ] GC(992) User=0.58s Sys=0.00s Real=0.09s
...[4400.052s][info][gc,start       ] GC(993) Pause Young (Allocation Failure)
[4400.145s][info][gc,heap        ] GC(993) PSYoungGen: 2591456K(2614272K)->141184K(2618368K) Eden: 2447872K(2447872K)->0K(2447872K) From: 143584K(166400K)->141184K(170496K)
[4400.145s][info][gc,heap        ] GC(993) ParOldGen: 3174538K(5301248K)->3266434K(5301248K)
[4400.145s][info][gc,metaspace   ] GC(993) Metaspace: 29137K(29440K)->29137K(29440K) NonClass: 24247K(24384K)->24247K(24384K) Class: 4890K(5056K)->4890K(5056K)
[4400.145s][info][gc             ] GC(993) Pause Young (Allocation Failure) 5630M->3327M(7734M) 93.959ms
[4400.146s][info][gc,cpu         ] GC(993) User=0.55s Sys=0.00s Real=0.09s
...[4403.017s][info][gc,start       ] GC(994) Pause Young (Allocation Failure)
[4403.116s][info][gc,heap        ] GC(994) PSYoungGen: 2589056K(2618368K)->145760K(2619392K) Eden: 2447872K(2447872K)->0K(2457088K) From: 141184K(170496K)->145760K(162304K)
[4403.116s][info][gc,heap        ] GC(994) ParOldGen: 3266434K(5301248K)->3357594K(5301248K)
[4403.116s][info][gc,metaspace   ] GC(994) Metaspace: 29137K(29440K)->29137K(29440K) NonClass: 24247K(24384K)->24247K(24384K) Class: 4890K(5056K)->4890K(5056K)
[4403.116s][info][gc             ] GC(994) Pause Young (Allocation Failure) 5718M->3421M(7735M) 98.549ms
[4403.116s][info][gc,cpu         ] GC(994) User=0.58s Sys=0.00s Real=0.10s
...[4405.951s][info][gc,start       ] GC(995) Pause Young (Allocation Failure)
[4406.048s][info][gc,heap        ] GC(995) PSYoungGen: 2602848K(2619392K)->141344K(2623488K) Eden: 2457088K(2457088K)->0K(2457088K) From: 145760K(162304K)->141344K(166400K)
[4406.048s][info][gc,heap        ] GC(995) ParOldGen: 3357594K(5301248K)->3448514K(5301248K)
[4406.048s][info][gc,metaspace   ] GC(995) Metaspace: 29137K(29440K)->29137K(29440K) NonClass: 24247K(24384K)->24247K(24384K) Class: 4890K(5056K)->4890K(5056K)
[4406.048s][info][gc             ] GC(995) Pause Young (Allocation Failure) 5820M->3505M(7739M) 96.438ms
[4406.048s][info][gc,cpu         ] GC(995) User=0.57s Sys=0.00s Real=0.09s
. (rIR:aIR:PR = 6780:6778:6778) (tPR = 101456) [OK] 
  4406s: Performance info:
         Transaction,    Success,    Partial,     Failed,   Receipts, AvgBarcode, 
             Overall,     408338,          0,          0,     387881,      59.47, 
         Response times:
             Request,    Success,    Partial,     Failed,   SkipFail,     Probes,    Samples,      min,      p50,      p90,      p95,      p99,      max, 
       TotalPurchase,     387899,          0,          0,          0,     363615,     405916,      200,     4900,     9300,    15500,    50000,   160000,
     InStorePurchase,     204065,          0,          0,          0,     191019,     212796,      300,     4700,     9200,    15300,    49000,   160000,
      OnlinePurchase,     142978,          0,          0,          0,     133750,     149288,      200,     5300,     9600,    16200,    53000,   160000,
        InstPurchase,      40856,          0,          0,          0,      38846,      43832,      400,     4600,     9000,    14200,    48000,   149000,
          AssocOfCat,        409,          0,          0,          0,        336,        442,    18100,    32500,    44000,    48850,   111270,   132000,
      AssocOfProduct,       4091,          0,          0,          0,       3760,       4358,      500,     4900,     9400,    16505,    53000,   116000,
      BusinessReport,       1022,          0,          0,          0,        924,       1170,    26000,    40000,    58000,    77450,   136290,   199000,
          CustBuyBeh,       4093,          0,          0,          0,       3812,       4470,      200,     3300,     7400,    12790,    43000,   118000,
       ProductReturn,      10829,          0,          0,          0,      10357,      11904,      300,     5800,     9700,    16900,    59950,   113000,

  4406s: (50%)   IR =   6918 ..[4408.820s][info][gc,start       ] GC(996) Pause Young (Allocation Failure)
[4408.918s][info][gc,heap        ] GC(996) PSYoungGen: 2598432K(2623488K)->143472K(2625024K) Eden: 2457088K(2457088K)->0K(2464768K) From: 141344K(166400K)->143472K(160256K)
[4408.918s][info][gc,heap        ] GC(996) ParOldGen: 3448514K(5301248K)->3541978K(5301248K)
[4408.918s][info][gc,metaspace   ] GC(996) Metaspace: 29137K(29440K)->29137K(29440K) NonClass: 24247K(24384K)->24247K(24384K) Class: 4890K(5056K)->4890K(5056K)
[4408.918s][info][gc             ] GC(996) Pause Young (Allocation Failure) 5905M->3599M(7740M) 98.500ms
[4408.918s][info][gc,cpu         ] GC(996) User=0.58s Sys=0.00s Real=0.09s
...[4411.794s][info][gc,start       ] GC(997) Pause Young (Allocation Failure)
[4411.890s][info][gc,heap        ] GC(997) PSYoungGen: 2608240K(2625024K)->142592K(2628096K) Eden: 2464768K(2464768K)->0K(2464768K) From: 143472K(160256K)->142592K(163328K)
[4411.890s][info][gc,heap        ] GC(997) ParOldGen: 3541978K(5301248K)->3632098K(5301248K)
[4411.890s][info][gc,metaspace   ] GC(997) Metaspace: 29137K(29440K)->29137K(29440K) NonClass: 24247K(24384K)->24247K(24384K) Class: 4890K(5056K)->4890K(5056K)
[4411.890s][info][gc             ] GC(997) Pause Young (Allocation Failure) 6006M->3686M(7743M) 95.828ms
[4411.890s][info][gc,cpu         ] GC(997) User=0.56s Sys=0.00s Real=0.10s
.|..[4414.712s][info][gc,start       ] GC(998) Pause Young (Allocation Failure)
[4414.812s][info][gc,heap        ] GC(998) PSYoungGen: 2607360K(2628096K)->142859K(2628096K) Eden: 2464768K(2464768K)->0K(2470912K) From: 142592K(163328K)->142859K(157184K)
[4414.812s][info][gc,heap        ] GC(998) ParOldGen: 3632098K(5301248K)->3725834K(5301248K)
[4414.812s][info][gc,metaspace   ] GC(998) Metaspace: 29137K(29440K)->29137K(29440K) NonClass: 24247K(24384K)->24247K(24384K) Class: 4890K(5056K)->4890K(5056K)
[4414.812s][info][gc             ] GC(998) Pause Young (Allocation Failure) 6093M->3778M(7743M) 99.480ms
[4414.812s][info][gc,cpu         ] GC(998) User=0.58s Sys=0.00s Real=0.10s
...[4417.723s][info][gc,start       ] GC(999) Pause Young (Allocation Failure)
[4417.820s][info][gc,heap        ] GC(999) PSYoungGen: 2613771K(2628096K)->144896K(2631168K) Eden: 2470912K(2470912K)->0K(2470912K) From: 142859K(157184K)->144896K(160256K)
[4417.820s][info][gc,heap        ] GC(999) ParOldGen: 3725834K(5301248K)->3816122K(5301248K)
[4417.820s][info][gc,metaspace   ] GC(999) Metaspace: 29137K(29440K)->29137K(29440K) NonClass: 24247K(24384K)->24247K(24384K) Class: 4890K(5056K)->4890K(5056K)
[4417.820s][info][gc             ] GC(999) Pause Young (Allocation Failure) 6191M->3868M(7746M) 96.921ms
[4417.820s][info][gc,cpu         ] GC(999) User=0.57s Sys=0.00s Real=0.10s
...[4420.624s][info][gc,start       ] GC(1000) Pause Young (Allocation Failure)
[4420.721s][info][gc,heap        ] GC(1000) PSYoungGen: 2615808K(2631168K)->143952K(2631168K) Eden: 2470912K(2470912K)->0K(2477056K) From: 144896K(160256K)->143952K(154112K)
[4420.721s][info][gc,heap        ] GC(1000) ParOldGen: 3816122K(5301248K)->3909810K(5301248K)
[4420.721s][info][gc,metaspace   ] GC(1000) Metaspace: 29137K(29440K)->29137K(29440K) NonClass: 24247K(24384K)->24247K(24384K) Class: 4890K(5056K)->4890K(5056K)
[4420.721s][info][gc             ] GC(1000) Pause Young (Allocation Failure) 6281M->3958M(7746M) 97.284ms
[4420.721s][info][gc,cpu         ] GC(1000) User=0.58s Sys=0.00s Real=0.10s
...[4423.485s][info][gc,start       ] GC(1001) Pause Young (Allocation Failure)
[4423.580s][info][gc,heap        ] GC(1001) PSYoungGen: 2621008K(2631168K)->136880K(2634240K) Eden: 2477056K(2477056K)->0K(2477056K) From: 143952K(154112K)->136880K(157184K)
[4423.580s][info][gc,heap        ] GC(1001) ParOldGen: 3909810K(5301248K)->4001146K(5301248K)
[4423.580s][info][gc,metaspace   ] GC(1001) Metaspace: 29137K(29440K)->29137K(29440K) NonClass: 24247K(24384K)->24247K(24384K) Class: 4890K(5056K)->4890K(5056K)
[4423.580s][info][gc             ] GC(1001) Pause Young (Allocation Failure) 6377M->4041M(7749M) 94.552ms
[4423.580s][info][gc,cpu         ] GC(1001) User=0.55s Sys=0.00s Real=0.10s
..[4426.454s][info][gc,start       ] GC(1002) Pause Young (Allocation Failure)
[4426.554s][info][gc,heap        ] GC(1002) PSYoungGen: 2613936K(2634240K)->145232K(2637824K) Eden: 2477056K(2477056K)->0K(2481664K) From: 136880K(157184K)->145232K(156160K)
[4426.554s][info][gc,heap        ] GC(1002) ParOldGen: 4001146K(5301248K)->4091690K(5301248K)
[4426.554s][info][gc,metaspace   ] GC(1002) Metaspace: 29137K(29440K)->29137K(29440K) NonClass: 24247K(24384K)->24247K(24384K) Class: 4890K(5056K)->4890K(5056K)
[4426.554s][info][gc             ] GC(1002) Pause Young (Allocation Failure) 6460M->4137M(7753M) 99.700ms
[4426.554s][info][gc,cpu         ] GC(1002) User=0.58s Sys=0.00s Real=0.10s
...[4429.331s][info][gc,start       ] GC(1003) Pause Young (Allocation Failure)
[4429.427s][info][gc,heap        ] GC(1003) PSYoungGen: 2626896K(2637824K)->136032K(2638336K) Eden: 2481664K(2481664K)->0K(2481664K) From: 145232K(156160K)->136032K(156672K)
[4429.427s][info][gc,heap        ] GC(1003) ParOldGen: 4091690K(5301248K)->4185426K(5301248K)
[4429.427s][info][gc,metaspace   ] GC(1003) Metaspace: 29137K(29440K)->29137K(29440K) NonClass: 24247K(24384K)->24247K(24384K) Class: 4890K(5056K)->4890K(5056K)
[4429.427s][info][gc             ] GC(1003) Pause Young (Allocation Failure) 6561M->4220M(7753M) 96.108ms
[4429.427s][info][gc,cpu         ] GC(1003) User=0.57s Sys=0.00s Real=0.09s
...[4432.355s][info][gc,start       ] GC(1004) Pause Young (Allocation Failure)
[4432.455s][info][gc,heap        ] GC(1004) PSYoungGen: 2617696K(2638336K)->149751K(2637312K) Eden: 2481664K(2481664K)->0K(2480640K) From: 136032K(156672K)->149751K(156672K)
[4432.455s][info][gc,heap        ] GC(1004) ParOldGen: 4185426K(5301248K)->4274990K(5301248K)
[4432.455s][info][gc,metaspace   ] GC(1004) Metaspace: 29137K(29440K)->29137K(29440K) NonClass: 24247K(24384K)->24247K(24384K) Class: 4890K(5056K)->4890K(5056K)
[4432.455s][info][gc             ] GC(1004) Pause Young (Allocation Failure) 6643M->4321M(7752M) 100.105ms
[4432.455s][info][gc,cpu         ] GC(1004) User=0.59s Sys=0.00s Real=0.10s
...[4435.218s][info][gc,start       ] GC(1005) Pause Young (Allocation Failure)
[4435.317s][info][gc,heap        ] GC(1005) PSYoungGen: 2630391K(2637312K)->145664K(2638336K) Eden: 2480640K(2480640K)->0K(2480640K) From: 149751K(156672K)->145664K(157696K)
[4435.317s][info][gc,heap        ] GC(1005) ParOldGen: 4274990K(5301248K)->4371974K(5301248K)
[4435.317s][info][gc,metaspace   ] GC(1005) Metaspace: 29137K(29440K)->29137K(29440K) NonClass: 24247K(24384K)->24247K(24384K) Class: 4890K(5056K)->4890K(5056K)
[4435.317s][info][gc             ] GC(1005) Pause Young (Allocation Failure) 6743M->4411M(7753M) 99.287ms
[4435.317s][info][gc,cpu         ] GC(1005) User=0.58s Sys=0.00s Real=0.10s
...[4438.137s][info][gc,start       ] GC(1006) Pause Young (Allocation Failure)
[4438.235s][info][gc,heap        ] GC(1006) PSYoungGen: 2626304K(2638336K)->145344K(2636800K) Eden: 2480640K(2480640K)->0K(2481152K) From: 145664K(157696K)->145344K(155648K)
[4438.236s][info][gc,heap        ] GC(1006) ParOldGen: 4371974K(5301248K)->4461190K(5301248K)
[4438.236s][info][gc,metaspace   ] GC(1006) Metaspace: 29137K(29440K)->29137K(29440K) NonClass: 24247K(24384K)->24247K(24384K) Class: 4890K(5056K)->4890K(5056K)
[4438.236s][info][gc             ] GC(1006) Pause Young (Allocation Failure) 6834M->4498M(7752M) 98.081ms
[4438.236s][info][gc,cpu         ] GC(1006) User=0.58s Sys=0.00s Real=0.10s
...[4441.050s][info][gc,start       ] GC(1007) Pause Young (Allocation Failure)
[4441.152s][info][gc,heap        ] GC(1007) PSYoungGen: 2626496K(2636800K)->147268K(2637824K) Eden: 2481152K(2481152K)->0K(2481152K) From: 145344K(155648K)->147268K(156672K)
[4441.152s][info][gc,heap        ] GC(1007) ParOldGen: 4461190K(5301248K)->4554606K(5301248K)
[4441.152s][info][gc,metaspace   ] GC(1007) Metaspace: 29137K(29440K)->29137K(29440K) NonClass: 24247K(24384K)->24247K(24384K) Class: 4890K(5056K)->4890K(5056K)
[4441.152s][info][gc             ] GC(1007) Pause Young (Allocation Failure) 6921M->4591M(7753M) 101.906ms
[4441.152s][info][gc,cpu         ] GC(1007) User=0.59s Sys=0.00s Real=0.10s
...[4443.979s][info][gc,start       ] GC(1008) Pause Young (Allocation Failure)
[4444.082s][info][gc,heap        ] GC(1008) PSYoungGen: 2628420K(2637824K)->149044K(2638336K) Eden: 2481152K(2481152K)->0K(2481664K) From: 147268K(156672K)->149044K(156672K)
[4444.082s][info][gc,heap        ] GC(1008) ParOldGen: 4554606K(5301248K)->4646150K(5301248K)
[4444.082s][info][gc,metaspace   ] GC(1008) Metaspace: 29137K(29440K)->29137K(29440K) NonClass: 24247K(24384K)->24247K(24384K) Class: 4890K(5056K)->4890K(5056K)
[4444.082s][info][gc             ] GC(1008) Pause Young (Allocation Failure) 7014M->4682M(7753M) 103.102ms
[4444.082s][info][gc,cpu         ] GC(1008) User=0.60s Sys=0.00s Real=0.10s
...[4446.929s][info][gc,start       ] GC(1009) Pause Young (Allocation Failure)
[4447.029s][info][gc,heap        ] GC(1009) PSYoungGen: 2630708K(2638336K)->144022K(2626048K) Eden: 2481664K(2481664K)->0K(2481664K) From: 149044K(156672K)->144022K(144384K)
[4447.029s][info][gc,heap        ] GC(1009) ParOldGen: 4646150K(5301248K)->4738630K(5301248K)
[4447.029s][info][gc,metaspace   ] GC(1009) Metaspace: 29137K(29440K)->29137K(29440K) NonClass: 24247K(24384K)->24247K(24384K) Class: 4890K(5056K)->4890K(5056K)
[4447.029s][info][gc             ] GC(1009) Pause Young (Allocation Failure) 7106M->4768M(7741M) 99.986ms
[4447.029s][info][gc,cpu         ] GC(1009) User=0.59s Sys=0.00s Real=0.10s
...[4449.836s][info][gc,start       ] GC(1010) Pause Young (Allocation Failure)
[4449.936s][info][gc,heap        ] GC(1010) PSYoungGen: 2625686K(2626048K)->144180K(2639360K) Eden: 2481664K(2481664K)->0K(2483200K) From: 144022K(144384K)->144180K(156160K)
[4449.936s][info][gc,heap        ] GC(1010) ParOldGen: 4738630K(5301248K)->4831238K(5301248K)
[4449.936s][info][gc,metaspace   ] GC(1010) Metaspace: 29137K(29440K)->29137K(29440K) NonClass: 24247K(24384K)->24247K(24384K) Class: 4890K(5056K)->4890K(5056K)
[4449.936s][info][gc             ] GC(1010) Pause Young (Allocation Failure) 7191M->4858M(7754M) 100.251ms
[4449.936s][info][gc,cpu         ] GC(1010) User=0.59s Sys=0.00s Real=0.10s
...[4452.779s][info][gc,start       ] GC(1011) Pause Young (Allocation Failure)
[4452.881s][info][gc,heap        ] GC(1011) PSYoungGen: 2627380K(2639360K)->150663K(2638336K) Eden: 2483200K(2483200K)->0K(2483200K) From: 144180K(156160K)->150663K(155136K)
[4452.881s][info][gc,heap        ] GC(1011) ParOldGen: 4831238K(5301248K)->4921934K(5301248K)
[4452.881s][info][gc,metaspace   ] GC(1011) Metaspace: 29137K(29440K)->29137K(29440K) NonClass: 24247K(24384K)->24247K(24384K) Class: 4890K(5056K)->4890K(5056K)
[4452.881s][info][gc             ] GC(1011) Pause Young (Allocation Failure) 7283M->4953M(7753M) 102.130ms
[4452.881s][info][gc,cpu         ] GC(1011) User=0.60s Sys=0.00s Real=0.10s
...[4455.751s][info][gc,start       ] GC(1012) Pause Young (Allocation Failure)
[4455.850s][info][gc,heap        ] GC(1012) PSYoungGen: 2633863K(2638336K)->144416K(2639872K) Eden: 2483200K(2483200K)->0K(2484736K) From: 150663K(155136K)->144416K(155136K)
[4455.850s][info][gc,heap        ] GC(1012) ParOldGen: 4921934K(5301248K)->5014590K(5301248K)
[4455.850s][info][gc,metaspace   ] GC(1012) Metaspace: 29137K(29440K)->29137K(29440K) NonClass: 24247K(24384K)->24247K(24384K) Class: 4890K(5056K)->4890K(5056K)
[4455.850s][info][gc             ] GC(1012) Pause Young (Allocation Failure) 7378M->5038M(7755M) 99.160ms
[4455.850s][info][gc,cpu         ] GC(1012) User=0.58s Sys=0.00s Real=0.10s
...[4458.677s][info][gc,start       ] GC(1013) Pause Young (Allocation Failure)
[4458.774s][info][gc,heap        ] GC(1013) PSYoungGen: 2629152K(2639872K)->140576K(2639872K) Eden: 2484736K(2484736K)->0K(2484736K) From: 144416K(155136K)->140576K(155136K)
[4458.774s][info][gc,heap        ] GC(1013) ParOldGen: 5014590K(5301248K)->5108454K(5301248K)
[4458.774s][info][gc,metaspace   ] GC(1013) Metaspace: 29137K(29440K)->29137K(29440K) NonClass: 24247K(24384K)->24247K(24384K) Class: 4890K(5056K)->4890K(5056K)
[4458.774s][info][gc             ] GC(1013) Pause Young (Allocation Failure) 7464M->5126M(7755M) 97.258ms
[4458.774s][info][gc,cpu         ] GC(1013) User=0.57s Sys=0.00s Real=0.10s
...[4461.627s][info][gc,start       ] GC(1014) Pause Young (Allocation Failure)
[4461.724s][info][gc,heap        ] GC(1014) PSYoungGen: 2625312K(2639872K)->140480K(2639872K) Eden: 2484736K(2484736K)->0K(2485760K) From: 140576K(155136K)->140480K(154112K)
[4461.724s][info][gc,heap        ] GC(1014) ParOldGen: 5108454K(5301248K)->5200558K(5301248K)
[4461.724s][info][gc,metaspace   ] GC(1014) Metaspace: 29137K(29440K)->29137K(29440K) NonClass: 24247K(24384K)->24247K(24384K) Class: 4890K(5056K)->4890K(5056K)
[4461.724s][info][gc             ] GC(1014) Pause Young (Allocation Failure) 7552M->5215M(7755M) 97.158ms
[4461.724s][info][gc,cpu         ] GC(1014) User=0.56s Sys=0.01s Real=0.10s
..[4464.554s][info][gc,start       ] GC(1015) Pause Young (Allocation Failure)
[4464.654s][info][gc,heap        ] GC(1015) PSYoungGen: 2626240K(2639872K)->143488K(2640384K) Eden: 2485760K(2485760K)->0K(2485760K) From: 140480K(154112K)->143488K(154624K)
[4464.654s][info][gc,heap        ] GC(1015) ParOldGen: 5200558K(5301248K)->5292974K(5301248K)
[4464.654s][info][gc,metaspace   ] GC(1015) Metaspace: 29137K(29440K)->29137K(29440K) NonClass: 24247K(24384K)->24247K(24384K) Class: 4890K(5056K)->4890K(5056K)
[4464.654s][info][gc             ] GC(1015) Pause Young (Allocation Failure) 7643M->5309M(7755M) 99.699ms
[4464.654s][info][gc,cpu         ] GC(1015) User=0.59s Sys=0.00s Real=0.10s
...[4467.528s][info][gc,start       ] GC(1016) Pause Young (Allocation Failure)
[4467.629s][info][gc,heap        ] GC(1016) PSYoungGen: 2629248K(2640384K)->139776K(2640896K) Eden: 2485760K(2485760K)->0K(2487296K) From: 143488K(154624K)->139776K(153600K)
[4467.629s][info][gc,heap        ] GC(1016) ParOldGen: 5292974K(5301248K)->5384910K(5385216K)
[4467.629s][info][gc,metaspace   ] GC(1016) Metaspace: 29137K(29440K)->29137K(29440K) NonClass: 24247K(24384K)->24247K(24384K) Class: 4890K(5056K)->4890K(5056K)
[4467.629s][info][gc             ] GC(1016) Pause Young (Allocation Failure) 7736M->5395M(7838M) 101.035ms
[4467.629s][info][gc,cpu         ] GC(1016) User=0.57s Sys=0.02s Real=0.11s
...[4470.435s][info][gc,start       ] GC(1017) Pause Young (Allocation Failure)
[4470.537s][info][gc,heap        ] GC(1017) PSYoungGen: 2627072K(2640896K)->139264K(2640896K) Eden: 2487296K(2487296K)->0K(2487296K) From: 139776K(153600K)->139264K(153600K)
[4470.537s][info][gc,heap        ] GC(1017) ParOldGen: 5384910K(5385216K)->5477750K(5477888K)
[4470.537s][info][gc,metaspace   ] GC(1017) Metaspace: 29137K(29440K)->29137K(29440K) NonClass: 24247K(24384K)->24247K(24384K) Class: 4890K(5056K)->4890K(5056K)
[4470.537s][info][gc             ] GC(1017) Pause Young (Allocation Failure) 7824M->5485M(7928M) 102.291ms
[4470.537s][info][gc,cpu         ] GC(1017) User=0.57s Sys=0.03s Real=0.10s
... (rIR:aIR:PR = 6918:6928:6928) (tPR = 103138) [OK] 
  4472s: Performance info:
         Transaction,    Success,    Partial,     Failed,   Receipts, AvgBarcode, 
             Overall,     417262,          0,          0,     396397,      59.48, 
         Response times:
             Request,    Success,    Partial,     Failed,   SkipFail,     Probes,    Samples,      min,      p50,      p90,      p95,      p99,      max, 
       TotalPurchase,     396406,          0,          0,          0,     362389,     398673,      200,     5100,    10100,    17800,    54000,   151000,
     InStorePurchase,     208572,          0,          0,          0,     191145,     209857,      300,     5000,    10100,    17500,    53000,   143000,
      OnlinePurchase,     146113,          0,          0,          0,     133032,     146397,      200,     5100,    10200,    17900,    55000,   151000,
        InstPurchase,      41721,          0,          0,          0,      38212,      42419,      400,     5100,    10200,    18400,    55000,   130000,
          AssocOfCat,        413,          0,          0,          0,        348,        451,    16500,    33000,    48800,    58000,   131480,   145000,
      AssocOfProduct,       4176,          0,          0,          0,       3918,       4570,      400,     6500,    10900,    17100,    57000,   118000,
      BusinessReport,       1041,          0,          0,          0,        914,       1150,    21000,    39000,    55000,    62000,   146450,   184000,
          CustBuyBeh,       4170,          0,          0,          0,       3889,       4522,      400,     6200,    11000,    21000,    53770,   119000,
       ProductReturn,      11058,          0,          0,          0,       9321,      10584,      200,     5000,    10200,    18300,    50150,   119000,

  4472s: (51%)   IR =   7057 [4473.397s][info][gc,start       ] GC(1018) Pause Young (Allocation Failure)
[4473.503s][info][gc,heap        ] GC(1018) PSYoungGen: 2626560K(2640896K)->148409K(2641408K) Eden: 2487296K(2487296K)->0K(2487808K) From: 139264K(153600K)->148409K(153600K)
[4473.503s][info][gc,heap        ] GC(1018) ParOldGen: 5477750K(5477888K)->5568950K(5569024K)
[4473.503s][info][gc,metaspace   ] GC(1018) Metaspace: 29137K(29440K)->29137K(29440K) NonClass: 24247K(24384K)->24247K(24384K) Class: 4890K(5056K)->4890K(5056K)
[4473.503s][info][gc             ] GC(1018) Pause Young (Allocation Failure) 7914M->5583M(8018M) 106.157ms
[4473.503s][info][gc,cpu         ] GC(1018) User=0.59s Sys=0.04s Real=0.11s
...[4476.297s][info][gc,start       ] GC(1019) Pause Full (Allocation Failure)
[4476.297s][info][gc,phases,start] GC(1019) Marking Phase
[4476.592s][info][gc,phases      ] GC(1019) Marking Phase 294.732ms
[4476.592s][info][gc,phases,start] GC(1019) Summary Phase
[4476.592s][info][gc,phases      ] GC(1019) Summary Phase 0.093ms
[4476.592s][info][gc,phases,start] GC(1019) Forward
[4476.726s][info][gc,phases      ] GC(1019) Forward 133.818ms
[4476.726s][info][gc,phases,start] GC(1019) Adjust Pointers
[4476.923s][info][gc,phases      ] GC(1019) Adjust Pointers 197.034ms
[4476.923s][info][gc,phases,start] GC(1019) Compaction Phase
[4477.049s][info][gc,phases      ] GC(1019) Compaction Phase 125.954ms
[4477.050s][info][gc,phases,start] GC(1019) Post Compact
[4477.057s][info][gc,phases      ] GC(1019) Post Compact 7.011ms
[4477.196s][info][gc,heap        ] GC(1019) PSYoungGen: 2636217K(2641408K)->0K(2641920K) Eden: 2487808K(2487808K)->0K(2487808K) From: 148409K(153600K)->0K(154112K)
[4477.196s][info][gc,heap        ] GC(1019) ParOldGen: 5568950K(5569024K)->1422804K(1655808K)
[4477.196s][info][gc,metaspace   ] GC(1019) Metaspace: 29137K(29440K)->29137K(29440K) NonClass: 24247K(24384K)->24247K(24384K) Class: 4890K(5056K)->4890K(5056K)
[4477.196s][info][gc             ] GC(1019) Pause Full (Allocation Failure) 8012M->1389M(4197M) 898.603ms
[4477.196s][info][gc,cpu         ] GC(1019) User=4.03s Sys=0.14s Real=0.90s
..[4479.196s][info][gc,start       ] GC(1020) Pause Young (Allocation Failure)
[4479.263s][info][gc,heap        ] GC(1020) PSYoungGen: 2487808K(2641920K)->148388K(2639872K) Eden: 2487808K(2487808K)->0K(2485760K) From: 0K(154112K)->148388K(154112K)
[4479.263s][info][gc,heap        ] GC(1020) ParOldGen: 1422804K(1655808K)->1422804K(1655808K)
[4479.263s][info][gc,metaspace   ] GC(1020) Metaspace: 29137K(29440K)->29137K(29440K) NonClass: 24247K(24384K)->24247K(24384K) Class: 4890K(5056K)->4890K(5056K)
[4479.263s][info][gc             ] GC(1020) Pause Young (Allocation Failure) 3818M->1534M(4195M) 66.839ms
[4479.263s][info][gc,cpu         ] GC(1020) User=0.39s Sys=0.00s Real=0.07s
...[4482.082s][info][gc,start       ] GC(1021) Pause Young (Allocation Failure)
[4482.182s][info][gc,heap        ] GC(1021) PSYoungGen: 2634148K(2639872K)->151984K(2637824K) Eden: 2485760K(2485760K)->0K(2485760K) From: 148388K(154112K)->151984K(152064K)
[4482.182s][info][gc,heap        ] GC(1021) ParOldGen: 1422804K(1655808K)->1516469K(1655808K)
[4482.182s][info][gc,metaspace   ] GC(1021) Metaspace: 29137K(29440K)->29137K(29440K) NonClass: 24247K(24384K)->24247K(24384K) Class: 4890K(5056K)->4890K(5056K)
[4482.182s][info][gc             ] GC(1021) Pause Young (Allocation Failure) 3961M->1629M(4193M) 99.582ms
[4482.182s][info][gc,cpu         ] GC(1021) User=0.59s Sys=0.00s Real=0.10s
.|..[4484.973s][info][gc,start       ] GC(1022) Pause Young (Allocation Failure)
[4485.067s][info][gc,heap        ] GC(1022) PSYoungGen: 2637744K(2637824K)->143200K(2639872K) Eden: 2485760K(2485760K)->0K(2483200K) From: 151984K(152064K)->143200K(156672K)
[4485.067s][info][gc,heap        ] GC(1022) ParOldGen: 1516469K(1655808K)->1608773K(1655808K)
[4485.067s][info][gc,metaspace   ] GC(1022) Metaspace: 29137K(29440K)->29137K(29440K) NonClass: 24247K(24384K)->24247K(24384K) Class: 4890K(5056K)->4890K(5056K)
[4485.067s][info][gc             ] GC(1022) Pause Young (Allocation Failure) 4056M->1710M(4195M) 94.901ms
[4485.067s][info][gc,cpu         ] GC(1022) User=0.56s Sys=0.00s Real=0.09s
...[4487.801s][info][gc,start       ] GC(1023) Pause Young (Allocation Failure)
[4487.899s][info][gc,heap        ] GC(1023) PSYoungGen: 2626400K(2639872K)->139411K(2622976K) Eden: 2483200K(2483200K)->0K(2483200K) From: 143200K(156672K)->139411K(139776K)
[4487.899s][info][gc,heap        ] GC(1023) ParOldGen: 1608773K(1655808K)->1701237K(1701376K)
[4487.899s][info][gc,metaspace   ] GC(1023) Metaspace: 29137K(29440K)->29137K(29440K) NonClass: 24247K(24384K)->24247K(24384K) Class: 4890K(5056K)->4890K(5056K)
[4487.899s][info][gc             ] GC(1023) Pause Young (Allocation Failure) 4135M->1797M(4223M) 97.704ms
[4487.899s][info][gc,cpu         ] GC(1023) User=0.56s Sys=0.02s Real=0.10s
...[4490.695s][info][gc,start       ] GC(1024) Pause Young (Allocation Failure)
[4490.792s][info][gc,heap        ] GC(1024) PSYoungGen: 2622611K(2622976K)->142496K(2639360K) Eden: 2483200K(2483200K)->0K(2483712K) From: 139411K(139776K)->142496K(155648K)
[4490.792s][info][gc,heap        ] GC(1024) ParOldGen: 1701237K(1701376K)->1791341K(1791488K)
[4490.792s][info][gc,metaspace   ] GC(1024) Metaspace: 29137K(29440K)->29137K(29440K) NonClass: 24247K(24384K)->24247K(24384K) Class: 4890K(5056K)->4890K(5056K)
[4490.792s][info][gc             ] GC(1024) Pause Young (Allocation Failure) 4222M->1888M(4327M) 97.260ms
[4490.792s][info][gc,cpu         ] GC(1024) User=0.55s Sys=0.02s Real=0.10s
...[4493.561s][info][gc,start       ] GC(1025) Pause Young (Allocation Failure)
[4493.663s][info][gc,heap        ] GC(1025) PSYoungGen: 2626208K(2639360K)->147157K(2638848K) Eden: 2483712K(2483712K)->0K(2483712K) From: 142496K(155648K)->147157K(155136K)
[4493.663s][info][gc,heap        ] GC(1025) ParOldGen: 1791341K(1791488K)->1884197K(1884672K)
[4493.663s][info][gc,metaspace   ] GC(1025) Metaspace: 29137K(29440K)->29137K(29440K) NonClass: 24247K(24384K)->24247K(24384K) Class: 4890K(5056K)->4890K(5056K)
[4493.663s][info][gc             ] GC(1025) Pause Young (Allocation Failure) 4314M->1983M(4417M) 101.467ms
[4493.663s][info][gc,cpu         ] GC(1025) User=0.56s Sys=0.04s Real=0.10s
...[4496.451s][info][gc,start       ] GC(1026) Pause Young (Allocation Failure)
[4496.550s][info][gc,heap        ] GC(1026) PSYoungGen: 2630869K(2638848K)->142692K(2639360K) Eden: 2483712K(2483712K)->0K(2485760K) From: 147157K(155136K)->142692K(153600K)
[4496.550s][info][gc,heap        ] GC(1026) ParOldGen: 1884197K(1884672K)->1975541K(1975808K)
[4496.550s][info][gc,metaspace   ] GC(1026) Metaspace: 29137K(29440K)->29137K(29440K) NonClass: 24247K(24384K)->24247K(24384K) Class: 4890K(5056K)->4890K(5056K)
[4496.550s][info][gc             ] GC(1026) Pause Young (Allocation Failure) 4409M->2068M(4507M) 98.505ms
[4496.550s][info][gc,cpu         ] GC(1026) User=0.56s Sys=0.02s Real=0.10s
...[4499.350s][info][gc,start       ] GC(1027) Pause Young (Allocation Failure)
[4499.447s][info][gc,heap        ] GC(1027) PSYoungGen: 2628452K(2639360K)->139776K(2639872K) Eden: 2485759K(2485760K)->0K(2485760K) From: 142692K(153600K)->139776K(154112K)
[4499.447s][info][gc,heap        ] GC(1027) ParOldGen: 1975541K(1975808K)->2066469K(2066944K)
[4499.447s][info][gc,metaspace   ] GC(1027) Metaspace: 29137K(29440K)->29137K(29440K) NonClass: 24247K(24384K)->24247K(24384K) Class: 4890K(5056K)->4890K(5056K)
[4499.447s][info][gc             ] GC(1027) Pause Young (Allocation Failure) 4496M->2154M(4596M) 96.515ms
[4499.447s][info][gc,cpu         ] GC(1027) User=0.54s Sys=0.03s Real=0.09s
..[4502.250s][info][gc,start       ] GC(1028) Pause Young (Allocation Failure)
[4502.350s][info][gc,heap        ] GC(1028) PSYoungGen: 2625536K(2639872K)->142324K(2640896K) Eden: 2485760K(2485760K)->0K(2487808K) From: 139776K(154112K)->142324K(153088K)
[4502.350s][info][gc,heap        ] GC(1028) ParOldGen: 2066469K(2066944K)->2159741K(2160128K)
[4502.350s][info][gc,metaspace   ] GC(1028) Metaspace: 29137K(29440K)->29137K(29440K) NonClass: 24247K(24384K)->24247K(24384K) Class: 4890K(5056K)->4890K(5056K)
[4502.350s][info][gc             ] GC(1028) Pause Young (Allocation Failure) 4582M->2248M(4688M) 100.145ms
[4502.351s][info][gc,cpu         ] GC(1028) User=0.57s Sys=0.02s Real=0.10s
...[4505.112s][info][gc,start       ] GC(1029) Pause Young (Allocation Failure)
[4505.215s][info][gc,heap        ] GC(1029) PSYoungGen: 2630132K(2640896K)->147872K(2641408K) Eden: 2487808K(2487808K)->0K(2487808K) From: 142324K(153088K)->147872K(153600K)
[4505.215s][info][gc,heap        ] GC(1029) ParOldGen: 2159741K(2160128K)->2253293K(2253312K)
[4505.215s][info][gc,metaspace   ] GC(1029) Metaspace: 29137K(29440K)->29137K(29440K) NonClass: 24247K(24384K)->24247K(24384K) Class: 4890K(5056K)->4890K(5056K)
[4505.215s][info][gc             ] GC(1029) Pause Young (Allocation Failure) 4677M->2344M(4780M) 103.094ms
[4505.215s][info][gc,cpu         ] GC(1029) User=0.58s Sys=0.02s Real=0.10s
...[4507.982s][info][gc,start       ] GC(1030) Pause Young (Allocation Failure)
[4508.082s][info][gc,heap        ] GC(1030) PSYoungGen: 2635680K(2641408K)->146720K(2641920K) Eden: 2487808K(2487808K)->0K(2487808K) From: 147872K(153600K)->146720K(154112K)
[4508.082s][info][gc,heap        ] GC(1030) ParOldGen: 2253293K(2253312K)->2344765K(2344960K)
[4508.082s][info][gc,metaspace   ] GC(1030) Metaspace: 29137K(29440K)->29137K(29440K) NonClass: 24247K(24384K)->24247K(24384K) Class: 4890K(5056K)->4890K(5056K)
[4508.082s][info][gc             ] GC(1030) Pause Young (Allocation Failure) 4774M->2433M(4870M) 99.983ms
[4508.082s][info][gc,cpu         ] GC(1030) User=0.56s Sys=0.02s Real=0.10s
...[4510.872s][info][gc,start       ] GC(1031) Pause Young (Allocation Failure)
[4510.970s][info][gc,heap        ] GC(1031) PSYoungGen: 2634528K(2641920K)->143104K(2631168K) Eden: 2487808K(2487808K)->0K(2487808K) From: 146720K(154112K)->143104K(143360K)
[4510.970s][info][gc,heap        ] GC(1031) ParOldGen: 2344765K(2344960K)->2436549K(2436608K)
[4510.970s][info][gc,metaspace   ] GC(1031) Metaspace: 29137K(29440K)->29137K(29440K) NonClass: 24247K(24384K)->24247K(24384K) Class: 4890K(5056K)->4890K(5056K)
[4510.970s][info][gc             ] GC(1031) Pause Young (Allocation Failure) 4862M->2519M(4949M) 98.539ms
[4510.970s][info][gc,cpu         ] GC(1031) User=0.55s Sys=0.02s Real=0.10s
...[4513.766s][info][gc,start       ] GC(1032) Pause Young (Allocation Failure)
[4513.867s][info][gc,heap        ] GC(1032) PSYoungGen: 2630912K(2631168K)->143188K(2641408K) Eden: 2487808K(2487808K)->0K(2488320K) From: 143104K(143360K)->143188K(153088K)
[4513.867s][info][gc,heap        ] GC(1032) ParOldGen: 2436549K(2436608K)->2530325K(2530816K)
[4513.867s][info][gc,metaspace   ] GC(1032) Metaspace: 29137K(29440K)->29137K(29440K) NonClass: 24247K(24384K)->24247K(24384K) Class: 4890K(5056K)->4890K(5056K)
[4513.867s][info][gc             ] GC(1032) Pause Young (Allocation Failure) 4948M->2610M(5051M) 100.874ms
[4513.867s][info][gc,cpu         ] GC(1032) User=0.58s Sys=0.02s Real=0.10s
...[4516.595s][info][gc,start       ] GC(1033) Pause Young (Allocation Failure)
[4516.692s][info][gc,heap        ] GC(1033) PSYoungGen: 2631508K(2641408K)->139136K(2640896K) Eden: 2488320K(2488320K)->0K(2488320K) From: 143188K(153088K)->139136K(152576K)
[4516.692s][info][gc,heap        ] GC(1033) ParOldGen: 2530325K(2530816K)->2622717K(2622976K)
[4516.692s][info][gc,metaspace   ] GC(1033) Metaspace: 29137K(29440K)->29137K(29440K) NonClass: 24247K(24384K)->24247K(24384K) Class: 4890K(5056K)->4890K(5056K)
[4516.692s][info][gc             ] GC(1033) Pause Young (Allocation Failure) 5040M->2697M(5140M) 96.787ms
[4516.692s][info][gc,cpu         ] GC(1033) User=0.55s Sys=0.02s Real=0.10s
...[4519.463s][info][gc,start       ] GC(1034) Pause Young (Allocation Failure)
[4519.564s][info][gc,heap        ] GC(1034) PSYoungGen: 2627456K(2640896K)->146133K(2642944K) Eden: 2488320K(2488320K)->0K(2490368K) From: 139136K(152576K)->146133K(152576K)
[4519.564s][info][gc,heap        ] GC(1034) ParOldGen: 2622717K(2622976K)->2714717K(2715136K)
[4519.564s][info][gc,metaspace   ] GC(1034) Metaspace: 29137K(29440K)->29137K(29440K) NonClass: 24247K(24384K)->24247K(24384K) Class: 4890K(5056K)->4890K(5056K)
[4519.564s][info][gc             ] GC(1034) Pause Young (Allocation Failure) 5127M->2793M(5232M) 101.326ms
[4519.564s][info][gc,cpu         ] GC(1034) User=0.57s Sys=0.03s Real=0.10s
..[4522.401s][info][gc,start       ] GC(1035) Pause Young (Allocation Failure)
[4522.504s][info][gc,heap        ] GC(1035) PSYoungGen: 2636501K(2642944K)->145445K(2642944K) Eden: 2490368K(2490368K)->0K(2490368K) From: 146133K(152576K)->145445K(152576K)
[4522.504s][info][gc,heap        ] GC(1035) ParOldGen: 2714717K(2715136K)->2806237K(2806272K)
[4522.504s][info][gc,metaspace   ] GC(1035) Metaspace: 29137K(29440K)->29137K(29440K) NonClass: 24247K(24384K)->24247K(24384K) Class: 4890K(5056K)->4890K(5056K)
[4522.504s][info][gc             ] GC(1035) Pause Young (Allocation Failure) 5225M->2882M(5321M) 103.018ms
[4522.504s][info][gc,cpu         ] GC(1035) User=0.59s Sys=0.02s Real=0.10s
...[4525.349s][info][gc,start       ] GC(1036) Pause Young (Allocation Failure)
[4525.450s][info][gc,heap        ] GC(1036) PSYoungGen: 2635813K(2642944K)->144954K(2642432K) Eden: 2490368K(2490368K)->0K(2490880K) From: 145445K(152576K)->144954K(151552K)
[4525.450s][info][gc,heap        ] GC(1036) ParOldGen: 2806237K(2806272K)->2897693K(2897920K)
[4525.450s][info][gc,metaspace   ] GC(1036) Metaspace: 29137K(29440K)->29137K(29440K) NonClass: 24247K(24384K)->24247K(24384K) Class: 4890K(5056K)->4890K(5056K)
[4525.450s][info][gc             ] GC(1036) Pause Young (Allocation Failure) 5314M->2971M(5410M) 101.026ms
[4525.450s][info][gc,cpu         ] GC(1036) User=0.57s Sys=0.02s Real=0.10s
...[4528.198s][info][gc,start       ] GC(1037) Pause Young (Allocation Failure)
[4528.303s][info][gc,heap        ] GC(1037) PSYoungGen: 2635834K(2642432K)->149460K(2642944K) Eden: 2490880K(2490880K)->0K(2490880K) From: 144954K(151552K)->149460K(152064K)
[4528.303s][info][gc,heap        ] GC(1037) ParOldGen: 2897693K(2897920K)->2991573K(2991616K)
[4528.303s][info][gc,metaspace   ] GC(1037) Metaspace: 29137K(29440K)->29137K(29440K) NonClass: 24247K(24384K)->24247K(24384K) Class: 4890K(5056K)->4890K(5056K)
[4528.303s][info][gc             ] GC(1037) Pause Young (Allocation Failure) 5403M->3067M(5502M) 105.410ms
[4528.303s][info][gc,cpu         ] GC(1037) User=0.60s Sys=0.03s Real=0.11s
...[4531.078s][info][gc,start       ] GC(1038) Pause Young (Allocation Failure)
[4531.178s][info][gc,heap        ] GC(1038) PSYoungGen: 2640340K(2642944K)->146032K(2643456K) Eden: 2490880K(2490880K)->0K(2490368K) From: 149460K(152064K)->146032K(153088K)
[4531.178s][info][gc,heap        ] GC(1038) ParOldGen: 2991573K(2991616K)->3083941K(3084288K)
[4531.178s][info][gc,metaspace   ] GC(1038) Metaspace: 29137K(29440K)->29137K(29440K) NonClass: 24247K(24384K)->24247K(24384K) Class: 4890K(5056K)->4890K(5056K)
[4531.178s][info][gc             ] GC(1038) Pause Young (Allocation Failure) 5499M->3154M(5593M) 100.062ms
[4531.178s][info][gc,cpu         ] GC(1038) User=0.56s Sys=0.03s Real=0.10s
...[4533.991s][info][gc,start       ] GC(1039) Pause Young (Allocation Failure)
[4534.093s][info][gc,heap        ] GC(1039) PSYoungGen: 2636400K(2643456K)->145923K(2642944K) Eden: 2490368K(2490368K)->0K(2490368K) From: 146032K(153088K)->145923K(152576K)
[4534.093s][info][gc,heap        ] GC(1039) ParOldGen: 3083941K(3084288K)->3174869K(3174912K)
[4534.093s][info][gc,metaspace   ] GC(1039) Metaspace: 29137K(29440K)->29137K(29440K) NonClass: 24247K(24384K)->24247K(24384K) Class: 4890K(5056K)->4890K(5056K)
[4534.093s][info][gc             ] GC(1039) Pause Young (Allocation Failure) 5586M->3242M(5681M) 102.609ms
[4534.093s][info][gc,cpu         ] GC(1039) User=0.58s Sys=0.02s Real=0.10s
...[4536.852s][info][gc,start       ] GC(1040) Pause Young (Allocation Failure)
[4536.952s][info][gc,heap        ] GC(1040) PSYoungGen: 2636291K(2642944K)->140800K(2642944K) Eden: 2490368K(2490368K)->0K(2490368K) From: 145923K(152576K)->140800K(152576K)
[4536.952s][info][gc,heap        ] GC(1040) ParOldGen: 3174869K(3174912K)->3268849K(3269120K)
[4536.952s][info][gc,metaspace   ] GC(1040) Metaspace: 29137K(29440K)->29137K(29440K) NonClass: 24247K(24384K)->24247K(24384K) Class: 4890K(5056K)->4890K(5056K)
[4536.952s][info][gc             ] GC(1040) Pause Young (Allocation Failure) 5674M->3329M(5773M) 100.006ms
[4536.952s][info][gc,cpu         ] GC(1040) User=0.57s Sys=0.02s Real=0.10s
...[4539.801s][info][gc,start       ] GC(1041) Pause Young (Allocation Failure)
[4539.906s][info][gc,heap        ] GC(1041) PSYoungGen: 2631168K(2642944K)->151092K(2641920K) Eden: 2490368K(2490368K)->0K(2490368K) From: 140800K(152576K)->151092K(151552K)
[4539.906s][info][gc,heap        ] GC(1041) ParOldGen: 3268849K(3269120K)->3359041K(3359232K)
[4539.906s][info][gc,metaspace   ] GC(1041) Metaspace: 29137K(29440K)->29137K(29440K) NonClass: 24247K(24384K)->24247K(24384K) Class: 4890K(5056K)->4890K(5056K)
[4539.906s][info][gc             ] GC(1041) Pause Young (Allocation Failure) 5761M->3427M(5860M) 105.307ms
[4539.906s][info][gc,cpu         ] GC(1041) User=0.59s Sys=0.03s Real=0.10s
... (rIR:aIR:PR = 7057:7052:7053) (tPR = 104683) [OK] 
  4542s: Performance info:
         Transaction,    Success,    Partial,     Failed,   Receipts, AvgBarcode, 
             Overall,     425049,          0,          0,     403783,      59.48, 
         Response times:
             Request,    Success,    Partial,     Failed,   SkipFail,     Probes,    Samples,      min,      p50,      p90,      p95,      p99,      max, 
       TotalPurchase,     403658,          0,          0,          0,     362139,     418668,      300,     5100,    11000,    25000,    51000,  1100000,
     InStorePurchase,     212462,          0,          0,          0,     190262,     219686,      300,     5000,    10800,    25000,    51000,  1100000,
      OnlinePurchase,     148688,          0,          0,          0,     133779,     154408,      300,     5300,    11200,    26000,    52000,   980000,
        InstPurchase,      42508,          0,          0,          0,      38098,      44574,      400,     5100,    11000,    26000,    51000,   980000,
          AssocOfCat,        422,          0,          0,          0,        342,        492,    21000,    34000,    50700,    61000,   128000,   138000,
      AssocOfProduct,       4261,          0,          0,          0,       4009,       4856,      400,     5200,    10100,    15700,    53000,   124000,
      BusinessReport,       1062,          0,          0,          0,        944,       1195,    22000,    41000,    60000,    76200,   149000,   970000,
          CustBuyBeh,       4257,          0,          0,          0,       3950,       4798,      500,     4000,     8000,    16800,    42000,   116000,
       ProductReturn,      11276,          0,          0,          0,       9682,      11504,      200,     4500,     9700,    22000,    50000,   940000,

  4542s: (52%)   IR =   7195 [4542.745s][info][gc,start       ] GC(1042) Pause Young (Allocation Failure)
[4542.846s][info][gc,heap        ] GC(1042) PSYoungGen: 2641460K(2641920K)->144416K(2642432K) Eden: 2490368K(2490368K)->0K(2488320K) From: 151092K(151552K)->144416K(154112K)
[4542.846s][info][gc,heap        ] GC(1042) ParOldGen: 3359041K(3359232K)->3451297K(3451392K)
[4542.846s][info][gc,metaspace   ] GC(1042) Metaspace: 29137K(29440K)->29137K(29440K) NonClass: 24247K(24384K)->24247K(24384K) Class: 4890K(5056K)->4890K(5056K)
[4542.846s][info][gc             ] GC(1042) Pause Young (Allocation Failure) 5859M->3511M(5951M) 101.041ms
[4542.846s][info][gc,cpu         ] GC(1042) User=0.57s Sys=0.03s Real=0.10s
..[4545.602s][info][gc,start       ] GC(1043) Pause Young (Allocation Failure)
[4545.704s][info][gc,heap        ] GC(1043) PSYoungGen: 2632736K(2642432K)->146496K(2635264K) Eden: 2488320K(2488320K)->0K(2488320K) From: 144416K(154112K)->146496K(146944K)
[4545.704s][info][gc,heap        ] GC(1043) ParOldGen: 3451297K(3451392K)->3544569K(3544576K)
[4545.704s][info][gc,metaspace   ] GC(1043) Metaspace: 29137K(29440K)->29137K(29440K) NonClass: 24247K(24384K)->24247K(24384K) Class: 4890K(5056K)->4890K(5056K)
[4545.704s][info][gc             ] GC(1043) Pause Young (Allocation Failure) 5941M->3604M(6035M) 102.144ms
[4545.704s][info][gc,cpu         ] GC(1043) User=0.58s Sys=0.03s Real=0.10s
...[4548.449s][info][gc,start       ] GC(1044) Pause Young (Allocation Failure)
[4548.553s][info][gc,heap        ] GC(1044) PSYoungGen: 2634816K(2635264K)->147968K(2641408K) Eden: 2488320K(2488320K)->0K(2488320K) From: 146496K(146944K)->147968K(153088K)
[4548.553s][info][gc,heap        ] GC(1044) ParOldGen: 3544569K(3544576K)->3637649K(3637760K)
[4548.553s][info][gc,metaspace   ] GC(1044) Metaspace: 29137K(29440K)->29137K(29440K) NonClass: 24247K(24384K)->24247K(24384K) Class: 4890K(5056K)->4890K(5056K)
[4548.553s][info][gc             ] GC(1044) Pause Young (Allocation Failure) 6034M->3696M(6132M) 104.557ms
[4548.553s][info][gc,cpu         ] GC(1044) User=0.60s Sys=0.02s Real=0.10s
.|..[4551.232s][info][gc,start       ] GC(1045) Pause Young (Allocation Failure)
[4551.332s][info][gc,heap        ] GC(1045) PSYoungGen: 2636288K(2641408K)->142224K(2641408K) Eden: 2488320K(2488320K)->0K(2488320K) From: 147968K(153088K)->142224K(153088K)
[4551.332s][info][gc,heap        ] GC(1045) ParOldGen: 3637649K(3637760K)->3730857K(3730944K)
[4551.332s][info][gc,metaspace   ] GC(1045) Metaspace: 29137K(29440K)->29137K(29440K) NonClass: 24247K(24384K)->24247K(24384K) Class: 4890K(5056K)->4890K(5056K)
[4551.332s][info][gc             ] GC(1045) Pause Young (Allocation Failure) 6126M->3782M(6223M) 99.796ms
[4551.332s][info][gc,cpu         ] GC(1045) User=0.56s Sys=0.02s Real=0.10s
...[4554.033s][info][gc,start       ] GC(1046) Pause Young (Allocation Failure)
[4554.133s][info][gc,heap        ] GC(1046) PSYoungGen: 2630544K(2641408K)->144160K(2641920K) Eden: 2488320K(2488320K)->0K(2489856K) From: 142224K(153088K)->144160K(152064K)
[4554.133s][info][gc,heap        ] GC(1046) ParOldGen: 3730857K(3730944K)->3820545K(3821056K)
[4554.134s][info][gc,metaspace   ] GC(1046) Metaspace: 29137K(29440K)->29137K(29440K) NonClass: 24247K(24384K)->24247K(24384K) Class: 4890K(5056K)->4890K(5056K)
[4554.134s][info][gc             ] GC(1046) Pause Young (Allocation Failure) 6212M->3871M(6311M) 100.120ms
[4554.134s][info][gc,cpu         ] GC(1046) User=0.56s Sys=0.03s Real=0.10s
...[4556.883s][info][gc,start       ] GC(1047) Pause Young (Allocation Failure)
[4556.986s][info][gc,heap        ] GC(1047) PSYoungGen: 2634016K(2641920K)->146756K(2642432K) Eden: 2489856K(2489856K)->0K(2489856K) From: 144160K(152064K)->146756K(152576K)
[4556.986s][info][gc,heap        ] GC(1047) ParOldGen: 3820545K(3821056K)->3912953K(3913216K)
[4556.986s][info][gc,metaspace   ] GC(1047) Metaspace: 29137K(29440K)->29137K(29440K) NonClass: 24247K(24384K)->24247K(24384K) Class: 4890K(5056K)->4890K(5056K)
[4556.986s][info][gc             ] GC(1047) Pause Young (Allocation Failure) 6303M->3964M(6402M) 103.502ms
[4556.986s][info][gc,cpu         ] GC(1047) User=0.56s Sys=0.04s Real=0.10s
..[4559.725s][info][gc,start       ] GC(1048) Pause Young (Allocation Failure)
[4559.830s][info][gc,heap        ] GC(1048) PSYoungGen: 2636612K(2642432K)->148164K(2643456K) Eden: 2489856K(2489856K)->0K(2490880K) From: 146756K(152576K)->148164K(152576K)
[4559.830s][info][gc,heap        ] GC(1048) ParOldGen: 3912953K(3913216K)->4004681K(4004864K)
[4559.830s][info][gc,metaspace   ] GC(1048) Metaspace: 29137K(29440K)->29137K(29440K) NonClass: 24247K(24384K)->24247K(24384K) Class: 4890K(5056K)->4890K(5056K)
[4559.830s][info][gc             ] GC(1048) Pause Young (Allocation Failure) 6396M->4055M(6492M) 104.738ms
[4559.830s][info][gc,cpu         ] GC(1048) User=0.59s Sys=0.04s Real=0.11s
...[4562.583s][info][gc,start       ] GC(1049) Pause Young (Allocation Failure)
[4562.686s][info][gc,heap        ] GC(1049) PSYoungGen: 2639044K(2643456K)->145824K(2636800K) Eden: 2490880K(2490880K)->0K(2490880K) From: 148164K(152576K)->145824K(145920K)
[4562.686s][info][gc,heap        ] GC(1049) ParOldGen: 4004681K(4004864K)->4098129K(4098560K)
[4562.686s][info][gc,metaspace   ] GC(1049) Metaspace: 29137K(29440K)->29137K(29440K) NonClass: 24247K(24384K)->24247K(24384K) Class: 4890K(5056K)->4890K(5056K)
[4562.686s][info][gc             ] GC(1049) Pause Young (Allocation Failure) 6488M->4144M(6577M) 103.154ms
[4562.686s][info][gc,cpu         ] GC(1049) User=0.58s Sys=0.03s Real=0.10s
...[4565.386s][info][gc,start       ] GC(1050) Pause Young (Allocation Failure)
[4565.490s][info][gc,heap        ] GC(1050) PSYoungGen: 2636704K(2636800K)->143849K(2642944K) Eden: 2490880K(2490880K)->0K(2490880K) From: 145824K(145920K)->143849K(152064K)
[4565.490s][info][gc,heap        ] GC(1050) ParOldGen: 4098129K(4098560K)->4191657K(4191744K)
[4565.490s][info][gc,metaspace   ] GC(1050) Metaspace: 29137K(29440K)->29137K(29440K) NonClass: 24247K(24384K)->24247K(24384K) Class: 4890K(5056K)->4890K(5056K)
[4565.490s][info][gc             ] GC(1050) Pause Young (Allocation Failure) 6576M->4233M(6674M) 103.880ms
[4565.490s][info][gc,cpu         ] GC(1050) User=0.58s Sys=0.02s Real=0.11s
...[4568.243s][info][gc,start       ] GC(1051) Pause Young (Allocation Failure)
[4568.346s][info][gc,heap        ] GC(1051) PSYoungGen: 2634729K(2642944K)->143205K(2642944K) Eden: 2490880K(2490880K)->0K(2490880K) From: 143849K(152064K)->143205K(152064K)
[4568.346s][info][gc,heap        ] GC(1051) ParOldGen: 4191657K(4191744K)->4282553K(4282880K)
[4568.346s][info][gc,metaspace   ] GC(1051) Metaspace: 29137K(29440K)->29137K(29440K) NonClass: 24247K(24384K)->24247K(24384K) Class: 4890K(5056K)->4890K(5056K)
[4568.346s][info][gc             ] GC(1051) Pause Young (Allocation Failure) 6666M->4322M(6763M) 103.296ms
[4568.346s][info][gc,cpu         ] GC(1051) User=0.57s Sys=0.03s Real=0.10s
...[4571.038s][info][gc,start       ] GC(1052) Pause Young (Allocation Failure)
[4571.145s][info][gc,heap        ] GC(1052) PSYoungGen: 2634085K(2642944K)->151545K(2571776K) Eden: 2490880K(2490880K)->0K(2420224K) From: 143205K(152064K)->151545K(151552K)
[4571.145s][info][gc,heap        ] GC(1052) ParOldGen: 4282553K(4282880K)->4376217K(4376576K)
[4571.145s][info][gc,metaspace   ] GC(1052) Metaspace: 29137K(29440K)->29137K(29440K) NonClass: 24247K(24384K)->24247K(24384K) Class: 4890K(5056K)->4890K(5056K)
[4571.145s][info][gc             ] GC(1052) Pause Young (Allocation Failure) 6754M->4421M(6785M) 106.832ms
[4571.145s][info][gc,cpu         ] GC(1052) User=0.60s Sys=0.04s Real=0.11s
..[4573.778s][info][gc,start       ] GC(1053) Pause Young (Allocation Failure)
[4573.885s][info][gc,heap        ] GC(1053) PSYoungGen: 2571769K(2571776K)->151301K(2608128K) Eden: 2420224K(2420224K)->0K(2420224K) From: 151545K(151552K)->151301K(187904K)
[4573.885s][info][gc,heap        ] GC(1053) ParOldGen: 4376217K(4376576K)->4467905K(4468224K)
[4573.885s][info][gc,metaspace   ] GC(1053) Metaspace: 29137K(29440K)->29137K(29440K) NonClass: 24247K(24384K)->24247K(24384K) Class: 4890K(5056K)->4890K(5056K)
[4573.885s][info][gc             ] GC(1053) Pause Young (Allocation Failure) 6785M->4510M(6910M) 106.712ms
[4573.885s][info][gc,cpu         ] GC(1053) User=0.61s Sys=0.02s Real=0.10s
...[4576.542s][info][gc,start       ] GC(1054) Pause Young (Allocation Failure)
[4576.639s][info][gc,heap        ] GC(1054) PSYoungGen: 2571525K(2608128K)->137088K(2605568K) Eden: 2420224K(2420224K)->0K(2422784K) From: 151301K(187904K)->137088K(182784K)
[4576.639s][info][gc,heap        ] GC(1054) ParOldGen: 4467905K(4468224K)->4558793K(4558848K)
[4576.639s][info][gc,metaspace   ] GC(1054) Metaspace: 29137K(29440K)->29137K(29440K) NonClass: 24247K(24384K)->24247K(24384K) Class: 4890K(5056K)->4890K(5056K)
[4576.639s][info][gc             ] GC(1054) Pause Young (Allocation Failure) 6874M->4585M(6996M) 97.104ms
[4576.639s][info][gc,cpu         ] GC(1054) User=0.54s Sys=0.03s Real=0.10s
...[4579.342s][info][gc,start       ] GC(1055) Pause Young (Allocation Failure)
[4579.445s][info][gc,heap        ] GC(1055) PSYoungGen: 2559872K(2605568K)->143588K(2608128K) Eden: 2422784K(2422784K)->0K(2422784K) From: 137088K(182784K)->143588K(185344K)
[4579.445s][info][gc,heap        ] GC(1055) ParOldGen: 4558793K(4558848K)->4649545K(4649984K)
[4579.445s][info][gc,metaspace   ] GC(1055) Metaspace: 29137K(29440K)->29137K(29440K) NonClass: 24247K(24384K)->24247K(24384K) Class: 4890K(5056K)->4890K(5056K)
[4579.445s][info][gc             ] GC(1055) Pause Young (Allocation Failure) 6951M->4680M(7088M) 103.095ms
[4579.445s][info][gc,cpu         ] GC(1055) User=0.58s Sys=0.02s Real=0.10s
...[4582.105s][info][gc,start       ] GC(1056) Pause Young (Allocation Failure)
[4582.209s][info][gc,heap        ] GC(1056) PSYoungGen: 2566372K(2608128K)->146340K(2605568K) Eden: 2422784K(2422784K)->0K(2426880K) From: 143588K(185344K)->146340K(178688K)
[4582.209s][info][gc,heap        ] GC(1056) ParOldGen: 4649545K(4649984K)->4741249K(4741632K)
[4582.209s][info][gc,metaspace   ] GC(1056) Metaspace: 29137K(29440K)->29137K(29440K) NonClass: 24247K(24384K)->24247K(24384K) Class: 4890K(5056K)->4890K(5056K)
[4582.209s][info][gc             ] GC(1056) Pause Young (Allocation Failure) 7046M->4773M(7175M) 104.219ms
[4582.209s][info][gc,cpu         ] GC(1056) User=0.58s Sys=0.04s Real=0.11s
..[4584.811s][info][gc,start       ] GC(1057) Pause Young (Allocation Failure)
[4584.912s][info][gc,heap        ] GC(1057) PSYoungGen: 2573220K(2605568K)->142496K(2608640K) Eden: 2426880K(2426880K)->0K(2426880K) From: 146340K(178688K)->142496K(181760K)
[4584.912s][info][gc,heap        ] GC(1057) ParOldGen: 4741249K(4741632K)->4832553K(4832768K)
[4584.912s][info][gc,metaspace   ] GC(1057) Metaspace: 29137K(29440K)->29137K(29440K) NonClass: 24247K(24384K)->24247K(24384K) Class: 4890K(5056K)->4890K(5056K)
[4584.912s][info][gc             ] GC(1057) Pause Young (Allocation Failure) 7143M->4858M(7267M) 100.994ms
[4584.912s][info][gc,cpu         ] GC(1057) User=0.57s Sys=0.03s Real=0.10s
...[4587.553s][info][gc,start       ] GC(1058) Pause Young (Allocation Failure)
[4587.650s][info][gc,heap        ] GC(1058) PSYoungGen: 2569376K(2608640K)->137248K(2611712K) Eden: 2426880K(2426880K)->0K(2434048K) From: 142496K(181760K)->137248K(177664K)
[4587.650s][info][gc,heap        ] GC(1058) ParOldGen: 4832553K(4832768K)->4923313K(4923392K)
[4587.650s][info][gc,metaspace   ] GC(1058) Metaspace: 29137K(29440K)->29137K(29440K) NonClass: 24247K(24384K)->24247K(24384K) Class: 4890K(5056K)->4890K(5056K)
[4587.650s][info][gc             ] GC(1058) Pause Young (Allocation Failure) 7228M->4941M(7358M) 97.579ms
[4587.650s][info][gc,cpu         ] GC(1058) User=0.54s Sys=0.03s Real=0.10s
...[4590.275s][info][gc,start       ] GC(1059) Pause Young (Allocation Failure)
[4590.375s][info][gc,heap        ] GC(1059) PSYoungGen: 2571296K(2611712K)->137600K(2613760K) Eden: 2434048K(2434048K)->0K(2434048K) From: 137248K(177664K)->137600K(179712K)
[4590.375s][info][gc,heap        ] GC(1059) ParOldGen: 4923313K(4923392K)->5014849K(5015040K)
[4590.375s][info][gc,metaspace   ] GC(1059) Metaspace: 29137K(29440K)->29137K(29440K) NonClass: 24247K(24384K)->24247K(24384K) Class: 4890K(5056K)->4890K(5056K)
[4590.375s][info][gc             ] GC(1059) Pause Young (Allocation Failure) 7318M->5031M(7450M) 100.411ms
[4590.375s][info][gc,cpu         ] GC(1059) User=0.55s Sys=0.04s Real=0.10s
..[4592.986s][info][gc,start       ] GC(1060) Pause Young (Allocation Failure)
[4593.087s][info][gc,heap        ] GC(1060) PSYoungGen: 2571648K(2613760K)->140723K(2611200K) Eden: 2434048K(2434048K)->0K(2437632K) From: 137600K(179712K)->140723K(173568K)
[4593.088s][info][gc,heap        ] GC(1060) ParOldGen: 5014849K(5015040K)->5105785K(5106176K)
[4593.088s][info][gc,metaspace   ] GC(1060) Metaspace: 29137K(29440K)->29137K(29440K) NonClass: 24247K(24384K)->24247K(24384K) Class: 4890K(5056K)->4890K(5056K)
[4593.088s][info][gc             ] GC(1060) Pause Young (Allocation Failure) 7408M->5123M(7536M) 101.529ms
[4593.088s][info][gc,cpu         ] GC(1060) User=0.57s Sys=0.03s Real=0.10s
...[4595.765s][info][gc,start       ] GC(1061) Pause Young (Allocation Failure)
[4595.865s][info][gc,heap        ] GC(1061) PSYoungGen: 2578355K(2611200K)->140384K(2614272K) Eden: 2437632K(2437632K)->0K(2437632K) From: 140723K(173568K)->140384K(176640K)
[4595.865s][info][gc,heap        ] GC(1061) ParOldGen: 5105785K(5106176K)->5196209K(5196288K)
[4595.865s][info][gc,metaspace   ] GC(1061) Metaspace: 29137K(29440K)->29137K(29440K) NonClass: 24247K(24384K)->24247K(24384K) Class: 4890K(5056K)->4890K(5056K)
[4595.865s][info][gc             ] GC(1061) Pause Young (Allocation Failure) 7504M->5211M(7627M) 100.020ms
[4595.865s][info][gc,cpu         ] GC(1061) User=0.56s Sys=0.02s Real=0.10s
...[4598.564s][info][gc,start       ] GC(1062) Pause Young (Allocation Failure)
[4598.667s][info][gc,heap        ] GC(1062) PSYoungGen: 2578016K(2614272K)->142868K(2613760K) Eden: 2437632K(2437632K)->0K(2444288K) From: 140384K(176640K)->142868K(169472K)
[4598.667s][info][gc,heap        ] GC(1062) ParOldGen: 5196209K(5196288K)->5288721K(5288960K)
[4598.667s][info][gc,metaspace   ] GC(1062) Metaspace: 29137K(29440K)->29137K(29440K) NonClass: 24247K(24384K)->24247K(24384K) Class: 4890K(5056K)->4890K(5056K)
[4598.667s][info][gc             ] GC(1062) Pause Young (Allocation Failure) 7592M->5304M(7717M) 102.678ms
[4598.667s][info][gc,cpu         ] GC(1062) User=0.57s Sys=0.03s Real=0.10s
...[4601.248s][info][gc,start       ] GC(1063) Pause Young (Allocation Failure)
[4601.350s][info][gc,heap        ] GC(1063) PSYoungGen: 2587156K(2613760K)->138277K(2617344K) Eden: 2444288K(2444288K)->0K(2444288K) From: 142868K(169472K)->138277K(173056K)
[4601.351s][info][gc,heap        ] GC(1063) ParOldGen: 5288721K(5288960K)->5381033K(5381120K)
[4601.351s][info][gc,metaspace   ] GC(1063) Metaspace: 29137K(29440K)->29137K(29440K) NonClass: 24247K(24384K)->24247K(24384K) Class: 4890K(5056K)->4890K(5056K)
[4601.351s][info][gc             ] GC(1063) Pause Young (Allocation Failure) 7691M->5389M(7811M) 102.374ms
[4601.351s][info][gc,cpu         ] GC(1063) User=0.57s Sys=0.03s Real=0.11s
..[4604.038s][info][gc,start       ] GC(1064) Pause Young (Allocation Failure)
[4604.144s][info][gc,heap        ] GC(1064) PSYoungGen: 2582565K(2617344K)->151269K(2620416K) Eden: 2444288K(2444288K)->0K(2451456K) From: 138277K(173056K)->151269K(168960K)
[4604.144s][info][gc,heap        ] GC(1064) ParOldGen: 5381033K(5381120K)->5470737K(5471232K)
[4604.144s][info][gc,metaspace   ] GC(1064) Metaspace: 29137K(29440K)->29137K(29440K) NonClass: 24247K(24384K)->24247K(24384K) Class: 4890K(5056K)->4890K(5056K)
[4604.145s][info][gc             ] GC(1064) Pause Young (Allocation Failure) 7776M->5490M(7902M) 106.267ms
[4604.145s][info][gc,cpu         ] GC(1064) User=0.59s Sys=0.03s Real=0.11s
...[4606.889s][info][gc,start       ] GC(1065) Pause Young (Allocation Failure)
[4606.990s][info][gc,heap        ] GC(1065) PSYoungGen: 2602725K(2620416K)->142112K(2622464K) Eden: 2451456K(2451456K)->0K(2451456K) From: 151269K(168960K)->142112K(171008K)
[4606.990s][info][gc,heap        ] GC(1065) ParOldGen: 5470737K(5471232K)->5562841K(5562880K)
[4606.990s][info][gc,metaspace   ] GC(1065) Metaspace: 29137K(29440K)->29137K(29440K) NonClass: 24247K(24384K)->24247K(24384K) Class: 4890K(5056K)->4890K(5056K)
[4606.990s][info][gc             ] GC(1065) Pause Young (Allocation Failure) 7884M->5571M(7993M) 100.997ms
[4606.990s][info][gc,cpu         ] GC(1065) User=0.58s Sys=0.02s Real=0.10s
... (rIR:aIR:PR = 7195:7216:7216) (tPR = 107338) [OK] 
  4609s: Performance info:
         Transaction,    Success,    Partial,     Failed,   Receipts, AvgBarcode, 
             Overall,     436150,          0,          0,     414381,      59.47, 
         Response times:
             Request,    Success,    Partial,     Failed,   SkipFail,     Probes,    Samples,      min,      p50,      p90,      p95,      p99,      max, 
       TotalPurchase,     414379,          0,          0,          0,     364493,     402752,      300,     5200,    11200,    25000,    64000,   176000,
     InStorePurchase,     218051,          0,          0,          0,     191169,     210842,      300,     5100,    11000,    25000,    63000,   176000,
      OnlinePurchase,     152684,          0,          0,          0,     134373,     148463,      300,     5300,    11400,    25000,    64000,   176000,
        InstPurchase,      43644,          0,          0,          0,      38951,      43447,      400,     5800,    11800,    27000,    66000,   176000,
          AssocOfCat,        434,          0,          0,          0,        343,        469,    19100,    34000,    50000,    61500,   109800,   185000,
      AssocOfProduct,       4352,          0,          0,          0,       4061,       4737,      600,     4200,     9920,    19000,    53000,   119000,
      BusinessReport,       1089,          0,          0,          0,        937,       1149,    24000,    42000,    62000,    93000,   157000,   230000,
          CustBuyBeh,       4345,          0,          0,          0,       4034,       4676,      200,     5500,    11500,    25000,    64230,   128000,
       ProductReturn,      11554,          0,          0,          0,       9892,      11246,      200,     4300,    10600,    19400,    59530,   127000,

  4609s: (53%)   IR =   7334 [4609.727s][info][gc,start       ] GC(1066) Pause Full (Allocation Failure)
[4609.727s][info][gc,phases,start] GC(1066) Marking Phase
[4610.023s][info][gc,phases      ] GC(1066) Marking Phase 295.644ms
[4610.023s][info][gc,phases,start] GC(1066) Summary Phase
[4610.023s][info][gc,phases      ] GC(1066) Summary Phase 0.093ms
[4610.023s][info][gc,phases,start] GC(1066) Forward
[4610.157s][info][gc,phases      ] GC(1066) Forward 134.501ms
[4610.157s][info][gc,phases,start] GC(1066) Adjust Pointers
[4610.356s][info][gc,phases      ] GC(1066) Adjust Pointers 198.962ms
[4610.356s][info][gc,phases,start] GC(1066) Compaction Phase
[4610.484s][info][gc,phases      ] GC(1066) Compaction Phase 128.055ms
[4610.486s][info][gc,phases,start] GC(1066) Post Compact
[4610.493s][info][gc,phases      ] GC(1066) Post Compact 6.933ms
[4610.631s][info][gc,heap        ] GC(1066) PSYoungGen: 2593568K(2622464K)->0K(2624512K) Eden: 2451456K(2451456K)->0K(2455552K) From: 142112K(171008K)->0K(168960K)
[4610.631s][info][gc,heap        ] GC(1066) ParOldGen: 5562841K(5562880K)->1424682K(1661440K)
[4610.631s][info][gc,metaspace   ] GC(1066) Metaspace: 29137K(29440K)->29137K(29440K) NonClass: 24247K(24384K)->24247K(24384K) Class: 4890K(5056K)->4890K(5056K)
[4610.631s][info][gc             ] GC(1066) Pause Full (Allocation Failure) 7965M->1391M(4185M) 904.384ms
[4610.631s][info][gc,cpu         ] GC(1066) User=4.06s Sys=0.14s Real=0.91s
..[4612.443s][info][gc,start       ] GC(1067) Pause Young (Allocation Failure)
[4612.506s][info][gc,heap        ] GC(1067) PSYoungGen: 2455552K(2624512K)->141552K(2625024K) Eden: 2455552K(2455552K)->0K(2455552K) From: 0K(168960K)->141552K(169472K)
[4612.506s][info][gc,heap        ] GC(1067) ParOldGen: 1424682K(1661440K)->1424682K(1661440K)
[4612.506s][info][gc,metaspace   ] GC(1067) Metaspace: 29137K(29440K)->29137K(29440K) NonClass: 24247K(24384K)->24247K(24384K) Class: 4890K(5056K)->4890K(5056K)
[4612.506s][info][gc             ] GC(1067) Pause Young (Allocation Failure) 3789M->1529M(4186M) 63.720ms
[4612.506s][info][gc,cpu         ] GC(1067) User=0.38s Sys=0.00s Real=0.06s
...[4615.092s][info][gc,start       ] GC(1068) Pause Young (Allocation Failure)
[4615.184s][info][gc,heap        ] GC(1068) PSYoungGen: 2597104K(2625024K)->142592K(2625024K) Eden: 2455552K(2455552K)->0K(2459136K) From: 141552K(169472K)->142592K(165888K)
[4615.184s][info][gc,heap        ] GC(1068) ParOldGen: 1424682K(1661440K)->1517826K(1661440K)
[4615.184s][info][gc,metaspace   ] GC(1068) Metaspace: 29137K(29440K)->29137K(29440K) NonClass: 24247K(24384K)->24247K(24384K) Class: 4890K(5056K)->4890K(5056K)
[4615.184s][info][gc             ] GC(1068) Pause Young (Allocation Failure) 3927M->1621M(4186M) 92.438ms
[4615.184s][info][gc,cpu         ] GC(1068) User=0.55s Sys=0.00s Real=0.09s
...[4617.831s][info][gc,start       ] GC(1069) Pause Young (Allocation Failure)
[4617.927s][info][gc,heap        ] GC(1069) PSYoungGen: 2601728K(2625024K)->147104K(2625024K) Eden: 2459136K(2459136K)->0K(2459136K) From: 142592K(165888K)->147104K(165888K)
[4617.927s][info][gc,heap        ] GC(1069) ParOldGen: 1517826K(1661440K)->1607602K(1661440K)
[4617.927s][info][gc,metaspace   ] GC(1069) Metaspace: 29137K(29440K)->29137K(29440K) NonClass: 24247K(24384K)->24247K(24384K) Class: 4890K(5056K)->4890K(5056K)
[4617.927s][info][gc             ] GC(1069) Pause Young (Allocation Failure) 4023M->1713M(4186M) 95.944ms
[4617.927s][info][gc,cpu         ] GC(1069) User=0.56s Sys=0.00s Real=0.09s
..[4620.549s][info][gc,start       ] GC(1070) Pause Young (Allocation Failure)
[4620.650s][info][gc,heap        ] GC(1070) PSYoungGen: 2606240K(2625024K)->145973K(2627072K) Eden: 2459136K(2459136K)->0K(2465280K) From: 147104K(165888K)->145973K(161792K)
[4620.650s][info][gc,heap        ] GC(1070) ParOldGen: 1607602K(1661440K)->1699978K(1700352K)
[4620.650s][info][gc,metaspace   ] GC(1070) Metaspace: 29137K(29440K)->29137K(29440K) NonClass: 24247K(24384K)->24247K(24384K) Class: 4890K(5056K)->4890K(5056K)
[4620.650s][info][gc             ] GC(1070) Pause Young (Allocation Failure) 4115M->1802M(4226M) 101.354ms
[4620.650s][info][gc,cpu         ] GC(1070) User=0.58s Sys=0.02s Real=0.10s
...[4623.303s][info][gc,start       ] GC(1071) Pause Young (Allocation Failure)
[4623.400s][info][gc,heap        ] GC(1071) PSYoungGen: 2611253K(2627072K)->139232K(2628096K) Eden: 2465280K(2465280K)->0K(2465280K) From: 145973K(161792K)->139232K(162816K)
[4623.400s][info][gc,heap        ] GC(1071) ParOldGen: 1699978K(1700352K)->1791562K(1792000K)
[4623.400s][info][gc,metaspace   ] GC(1071) Metaspace: 29137K(29440K)->29137K(29440K) NonClass: 24247K(24384K)->24247K(24384K) Class: 4890K(5056K)->4890K(5056K)
[4623.400s][info][gc             ] GC(1071) Pause Young (Allocation Failure) 4210M->1885M(4316M) 97.232ms
[4623.401s][info][gc,cpu         ] GC(1071) User=0.53s Sys=0.04s Real=0.10s
...[4626.020s][info][gc,start       ] GC(1072) Pause Young (Allocation Failure)
[4626.129s][info][gc,heap        ] GC(1072) PSYoungGen: 2604512K(2628096K)->158057K(2627584K) Eden: 2465280K(2465280K)->0K(2465280K) From: 139232K(162816K)->158057K(162304K)
[4626.129s][info][gc,heap        ] GC(1072) ParOldGen: 1791562K(1792000K)->1884354K(1884672K)
[4626.129s][info][gc,metaspace   ] GC(1072) Metaspace: 29137K(29440K)->29137K(29440K) NonClass: 24247K(24384K)->24247K(24384K) Class: 4890K(5056K)->4890K(5056K)
[4626.129s][info][gc             ] GC(1072) Pause Young (Allocation Failure) 4293M->1994M(4406M) 109.035ms
[4626.129s][info][gc,cpu         ] GC(1072) User=0.61s Sys=0.04s Real=0.11s
...[4628.830s][info][gc,start       ] GC(1073) Pause Young (Allocation Failure)
[4628.927s][info][gc,heap        ] GC(1073) PSYoungGen: 2623337K(2627584K)->143520K(2630656K) Eden: 2465280K(2465280K)->0K(2465280K) From: 158057K(162304K)->143520K(165376K)
[4628.927s][info][gc,heap        ] GC(1073) ParOldGen: 1884354K(1884672K)->1974450K(1974784K)
[4628.927s][info][gc,metaspace   ] GC(1073) Metaspace: 29137K(29440K)->29137K(29440K) NonClass: 24247K(24384K)->24247K(24384K) Class: 4890K(5056K)->4890K(5056K)
[4628.927s][info][gc             ] GC(1073) Pause Young (Allocation Failure) 4402M->2068M(4497M) 96.936ms
[4628.927s][info][gc,cpu         ] GC(1073) User=0.55s Sys=0.02s Real=0.09s
[4629.250s][info][gc,start       ] GC(1074) Pause Full (Diagnostic Command)
[4629.250s][info][gc,phases,start] GC(1074) Marking Phase
[4629.531s][info][gc,phases      ] GC(1074) Marking Phase 280.917ms
[4629.531s][info][gc,phases,start] GC(1074) Summary Phase
[4629.531s][info][gc,phases      ] GC(1074) Summary Phase 0.035ms
[4629.531s][info][gc,phases,start] GC(1074) Forward
[4629.699s][info][gc,phases      ] GC(1074) Forward 168.442ms
[4629.699s][info][gc,phases,start] GC(1074) Adjust Pointers
[4629.895s][info][gc,phases      ] GC(1074) Adjust Pointers 195.550ms
[4629.895s][info][gc,phases,start] GC(1074) Compaction Phase
[4630.046s][info][gc,phases      ] GC(1074) Compaction Phase 151.542ms
[4630.049s][info][gc,phases,start] GC(1074) Post Compact
[4630.051s][info][gc,phases      ] GC(1074) Post Compact 2.189ms
[4630.051s][info][gc,heap        ] GC(1074) PSYoungGen: 518846K(2630656K)->0K(2630656K) Eden: 375326K(2465280K)->0K(2465280K) From: 143520K(165376K)->0K(165376K)
[4630.051s][info][gc,heap        ] GC(1074) ParOldGen: 1974450K(1974784K)->1142080K(1974784K)
[4630.051s][info][gc,metaspace   ] GC(1074) Metaspace: 29137K(29440K)->29137K(29440K) NonClass: 24247K(24384K)->24247K(24384K) Class: 4890K(5056K)->4890K(5056K)
[4630.051s][info][gc             ] GC(1074) Pause Full (Diagnostic Command) 2434M->1115M(4497M) 801.729ms
[4630.051s][info][gc,cpu         ] GC(1074) User=4.24s Sys=0.00s Real=0.80s
...[4632.080s][info][gc,start       ] GC(1075) Pause Young (Allocation Failure)
[4632.145s][info][gc,heap        ] GC(1075) PSYoungGen: 2465280K(2630656K)->145840K(2626048K) Eden: 2465280K(2465280K)->0K(2466816K) From: 0K(165376K)->145840K(159232K)
[4632.145s][info][gc,heap        ] GC(1075) ParOldGen: 1142080K(1974784K)->1142080K(1974784K)
[4632.145s][info][gc,metaspace   ] GC(1075) Metaspace: 29137K(29440K)->29137K(29440K) NonClass: 24247K(24384K)->24247K(24384K) Class: 4890K(5056K)->4890K(5056K)
[4632.145s][info][gc             ] GC(1075) Pause Young (Allocation Failure) 3522M->1257M(4493M) 65.096ms
[4632.145s][info][gc,cpu         ] GC(1075) User=0.38s Sys=0.00s Real=0.06s
..|[4634.729s][info][gc,start       ] GC(1076) Pause Young (Allocation Failure)
[4634.823s][info][gc,heap        ] GC(1076) PSYoungGen: 2612656K(2626048K)->141861K(2629120K) Eden: 2466816K(2466816K)->0K(2466816K) From: 145840K(159232K)->141861K(162304K)
[4634.823s][info][gc,heap        ] GC(1076) ParOldGen: 1142080K(1974784K)->1236200K(1974784K)
[4634.823s][info][gc,metaspace   ] GC(1076) Metaspace: 29137K(29440K)->29137K(29440K) NonClass: 24247K(24384K)->24247K(24384K) Class: 4890K(5056K)->4890K(5056K)
[4634.823s][info][gc             ] GC(1076) Pause Young (Allocation Failure) 3666M->1345M(4496M) 93.620ms
[4634.823s][info][gc,cpu         ] GC(1076) User=0.55s Sys=0.00s Real=0.09s
...[4637.592s][info][gc,start       ] GC(1077) Pause Young (Allocation Failure)
[4637.687s][info][gc,heap        ] GC(1077) PSYoungGen: 2608677K(2629120K)->148661K(2631680K) Eden: 2466816K(2466816K)->0K(2472448K) From: 141861K(162304K)->148661K(159232K)
[4637.687s][info][gc,heap        ] GC(1077) ParOldGen: 1236200K(1974784K)->1324736K(1974784K)
[4637.687s][info][gc,metaspace   ] GC(1077) Metaspace: 29137K(29440K)->29137K(29440K) NonClass: 24247K(24384K)->24247K(24384K) Class: 4890K(5056K)->4890K(5056K)
[4637.687s][info][gc             ] GC(1077) Pause Young (Allocation Failure) 3754M->1438M(4498M) 95.228ms
[4637.687s][info][gc,cpu         ] GC(1077) User=0.57s Sys=0.00s Real=0.09s
...[4640.292s][info][gc,start       ] GC(1078) Pause Young (Allocation Failure)
[4640.384s][info][gc,heap        ] GC(1078) PSYoungGen: 2621109K(2631680K)->134335K(2633216K) Eden: 2472448K(2472448K)->0K(2472448K) From: 148661K(159232K)->134335K(160768K)
[4640.384s][info][gc,heap        ] GC(1078) ParOldGen: 1324736K(1974784K)->1420624K(1974784K)
[4640.384s][info][gc,metaspace   ] GC(1078) Metaspace: 29137K(29440K)->29137K(29440K) NonClass: 24247K(24384K)->24247K(24384K) Class: 4890K(5056K)->4890K(5056K)
[4640.384s][info][gc             ] GC(1078) Pause Young (Allocation Failure) 3853M->1518M(4500M) 91.571ms
[4640.384s][info][gc,cpu         ] GC(1078) User=0.54s Sys=0.00s Real=0.09s
..[4643.060s][info][gc,start       ] GC(1079) Pause Young (Allocation Failure)
[4643.153s][info][gc,heap        ] GC(1079) PSYoungGen: 2606783K(2633216K)->142592K(2633728K) Eden: 2472448K(2472448K)->0K(2473984K) From: 134335K(160768K)->142592K(159744K)
[4643.153s][info][gc,heap        ] GC(1079) ParOldGen: 1420624K(1974784K)->1511120K(1974784K)
[4643.153s][info][gc,metaspace   ] GC(1079) Metaspace: 29137K(29440K)->29137K(29440K) NonClass: 24247K(24384K)->24247K(24384K) Class: 4890K(5056K)->4890K(5056K)
[4643.153s][info][gc             ] GC(1079) Pause Young (Allocation Failure) 3933M->1614M(4500M) 93.791ms
[4643.154s][info][gc,cpu         ] GC(1079) User=0.56s Sys=0.00s Real=0.09s
...[4645.806s][info][gc,start       ] GC(1080) Pause Young (Allocation Failure)
[4645.900s][info][gc,heap        ] GC(1080) PSYoungGen: 2616576K(2633728K)->140192K(2634240K) Eden: 2473984K(2473984K)->0K(2473984K) From: 142592K(159744K)->140192K(160256K)
[4645.900s][info][gc,heap        ] GC(1080) ParOldGen: 1511120K(1974784K)->1602208K(1974784K)
[4645.900s][info][gc,metaspace   ] GC(1080) Metaspace: 29137K(29440K)->29137K(29440K) NonClass: 24247K(24384K)->24247K(24384K) Class: 4890K(5056K)->4890K(5056K)
[4645.900s][info][gc             ] GC(1080) Pause Young (Allocation Failure) 4030M->1701M(4501M) 94.077ms
[4645.900s][info][gc,cpu         ] GC(1080) User=0.55s Sys=0.00s Real=0.10s
...[4648.623s][info][gc,start       ] GC(1081) Pause Young (Allocation Failure)
[4648.721s][info][gc,heap        ] GC(1081) PSYoungGen: 2614176K(2634240K)->148272K(2635264K) Eden: 2473984K(2473984K)->0K(2476032K) From: 140192K(160256K)->148272K(159232K)
[4648.721s][info][gc,heap        ] GC(1081) ParOldGen: 1602208K(1974784K)->1693536K(1974784K)
[4648.721s][info][gc,metaspace   ] GC(1081) Metaspace: 29137K(29440K)->29137K(29440K) NonClass: 24247K(24384K)->24247K(24384K) Class: 4890K(5056K)->4890K(5056K)
[4648.721s][info][gc             ] GC(1081) Pause Young (Allocation Failure) 4117M->1798M(4502M) 97.807ms
[4648.721s][info][gc,cpu         ] GC(1081) User=0.58s Sys=0.00s Real=0.10s
...[4651.387s][info][gc,start       ] GC(1082) Pause Young (Allocation Failure)
[4651.479s][info][gc,heap        ] GC(1082) PSYoungGen: 2624304K(2635264K)->136576K(2635264K) Eden: 2476032K(2476032K)->0K(2476032K) From: 148272K(159232K)->136576K(159232K)
[4651.479s][info][gc,heap        ] GC(1082) ParOldGen: 1693536K(1974784K)->1786880K(1974784K)
[4651.479s][info][gc,metaspace   ] GC(1082) Metaspace: 29137K(29440K)->29137K(29440K) NonClass: 24247K(24384K)->24247K(24384K) Class: 4890K(5056K)->4890K(5056K)
[4651.479s][info][gc             ] GC(1082) Pause Young (Allocation Failure) 4216M->1878M(4502M) 92.582ms
[4651.479s][info][gc,cpu         ] GC(1082) User=0.55s Sys=0.00s Real=0.10s
..[4654.173s][info][gc,start       ] GC(1083) Pause Young (Allocation Failure)
[4654.269s][info][gc,heap        ] GC(1083) PSYoungGen: 2612608K(2635264K)->146400K(2635776K) Eden: 2476032K(2476032K)->0K(2477568K) From: 136576K(159232K)->146400K(158208K)
[4654.269s][info][gc,heap        ] GC(1083) ParOldGen: 1786880K(1974784K)->1877840K(1974784K)
[4654.269s][info][gc,metaspace   ] GC(1083) Metaspace: 29137K(29440K)->29137K(29440K) NonClass: 24247K(24384K)->24247K(24384K) Class: 4890K(5056K)->4890K(5056K)
[4654.269s][info][gc             ] GC(1083) Pause Young (Allocation Failure) 4296M->1976M(4502M) 95.580ms
[4654.269s][info][gc,cpu         ] GC(1083) User=0.57s Sys=0.00s Real=0.10s
...[4656.827s][info][gc,start       ] GC(1084) Pause Young (Allocation Failure)
[4656.920s][info][gc,heap        ] GC(1084) PSYoungGen: 2623968K(2635776K)->137792K(2636288K) Eden: 2477568K(2477568K)->0K(2477568K) From: 146400K(158208K)->137792K(158720K)
[4656.920s][info][gc,heap        ] GC(1084) ParOldGen: 1877840K(1974784K)->1971168K(1974784K)
[4656.920s][info][gc,metaspace   ] GC(1084) Metaspace: 29137K(29440K)->29137K(29440K) NonClass: 24247K(24384K)->24247K(24384K) Class: 4890K(5056K)->4890K(5056K)
[4656.920s][info][gc             ] GC(1084) Pause Young (Allocation Failure) 4396M->2059M(4503M) 93.214ms
[4656.920s][info][gc,cpu         ] GC(1084) User=0.55s Sys=0.00s Real=0.10s
...[4659.598s][info][gc,start       ] GC(1085) Pause Young (Allocation Failure)
[4659.697s][info][gc,heap        ] GC(1085) PSYoungGen: 2615360K(2636288K)->146336K(2636288K) Eden: 2477568K(2477568K)->0K(2479104K) From: 137792K(158720K)->146336K(157184K)
[4659.697s][info][gc,heap        ] GC(1085) ParOldGen: 1971168K(1974784K)->2059680K(2059776K)
[4659.697s][info][gc,metaspace   ] GC(1085) Metaspace: 29137K(29440K)->29137K(29440K) NonClass: 24247K(24384K)->24247K(24384K) Class: 4890K(5056K)->4890K(5056K)
[4659.697s][info][gc             ] GC(1085) Pause Young (Allocation Failure) 4479M->2154M(4586M) 99.843ms
[4659.698s][info][gc,cpu         ] GC(1085) User=0.56s Sys=0.03s Real=0.10s
...[4662.354s][info][gc,start       ] GC(1086) Pause Young (Allocation Failure)
[4662.453s][info][gc,heap        ] GC(1086) PSYoungGen: 2625440K(2636288K)->138912K(2636800K) Eden: 2479104K(2479104K)->0K(2479104K) From: 146336K(157184K)->138912K(157696K)
[4662.453s][info][gc,heap        ] GC(1086) ParOldGen: 2059680K(2059776K)->2153064K(2153472K)
[4662.453s][info][gc,metaspace   ] GC(1086) Metaspace: 29137K(29440K)->29137K(29440K) NonClass: 24247K(24384K)->24247K(24384K) Class: 4890K(5056K)->4890K(5056K)
[4662.453s][info][gc             ] GC(1086) Pause Young (Allocation Failure) 4575M->2238M(4678M) 99.135ms
[4662.453s][info][gc,cpu         ] GC(1086) User=0.56s Sys=0.03s Real=0.10s
..[4665.137s][info][gc,start       ] GC(1087) Pause Young (Allocation Failure)
[4665.239s][info][gc,heap        ] GC(1087) PSYoungGen: 2618016K(2636800K)->145152K(2637312K) Eden: 2479104K(2479104K)->0K(2481152K) From: 138912K(157696K)->145152K(156160K)
[4665.239s][info][gc,heap        ] GC(1087) ParOldGen: 2153064K(2153472K)->2245000K(2245120K)
[4665.239s][info][gc,metaspace   ] GC(1087) Metaspace: 29137K(29440K)->29137K(29440K) NonClass: 24247K(24384K)->24247K(24384K) Class: 4890K(5056K)->4890K(5056K)
[4665.239s][info][gc             ] GC(1087) Pause Young (Allocation Failure) 4659M->2334M(4768M) 101.840ms
[4665.239s][info][gc,cpu         ] GC(1087) User=0.56s Sys=0.04s Real=0.11s
...[4667.886s][info][gc,start       ] GC(1088) Pause Young (Allocation Failure)
[4667.985s][info][gc,heap        ] GC(1088) PSYoungGen: 2626304K(2637312K)->141120K(2637824K) Eden: 2481152K(2481152K)->0K(2481152K) From: 145152K(156160K)->141120K(156672K)
[4667.985s][info][gc,heap        ] GC(1088) ParOldGen: 2245000K(2245120K)->2338016K(2338304K)
[4667.985s][info][gc,metaspace   ] GC(1088) Metaspace: 29137K(29440K)->29137K(29440K) NonClass: 24247K(24384K)->24247K(24384K) Class: 4890K(5056K)->4890K(5056K)
[4667.985s][info][gc             ] GC(1088) Pause Young (Allocation Failure) 4757M->2421M(4859M) 99.536ms
[4667.985s][info][gc,cpu         ] GC(1088) User=0.57s Sys=0.03s Real=0.10s
...[4670.624s][info][gc,start       ] GC(1089) Pause Young (Allocation Failure)
[4670.725s][info][gc,heap        ] GC(1089) PSYoungGen: 2622272K(2637824K)->146693K(2638848K) Eden: 2481152K(2481152K)->0K(2483200K) From: 141120K(156672K)->146693K(155648K)
[4670.725s][info][gc,heap        ] GC(1089) ParOldGen: 2338016K(2338304K)->2429432K(2429440K)
[4670.725s][info][gc,metaspace   ] GC(1089) Metaspace: 29137K(29440K)->29137K(29440K) NonClass: 24247K(24384K)->24247K(24384K) Class: 4890K(5056K)->4890K(5056K)
[4670.725s][info][gc             ] GC(1089) Pause Young (Allocation Failure) 4844M->2515M(4949M) 101.221ms
[4670.725s][info][gc,cpu         ] GC(1089) User=0.58s Sys=0.03s Real=0.10s
...[4673.402s][info][gc,start       ] GC(1090) Pause Young (Allocation Failure)
[4673.501s][info][gc,heap        ] GC(1090) PSYoungGen: 2629893K(2638848K)->139328K(2638848K) Eden: 2483200K(2483200K)->0K(2483200K) From: 146693K(155648K)->139328K(155648K)
[4673.501s][info][gc,heap        ] GC(1090) ParOldGen: 2429432K(2429440K)->2520048K(2520064K)
[4673.501s][info][gc,metaspace   ] GC(1090) Metaspace: 29137K(29440K)->29137K(29440K) NonClass: 24247K(24384K)->24247K(24384K) Class: 4890K(5056K)->4890K(5056K)
[4673.501s][info][gc             ] GC(1090) Pause Young (Allocation Failure) 4940M->2597M(5038M) 98.809ms
[4673.501s][info][gc,cpu         ] GC(1090) User=0.55s Sys=0.04s Real=0.10s
..[4676.124s][info][gc,start       ] GC(1091) Pause Young (Allocation Failure)
[4676.227s][info][gc,heap        ] GC(1091) PSYoungGen: 2622528K(2638848K)->147104K(2639360K) Eden: 2483200K(2483200K)->0K(2484224K) From: 139328K(155648K)->147104K(155136K)
[4676.227s][info][gc,heap        ] GC(1091) ParOldGen: 2520048K(2520064K)->2613528K(2613760K)
[4676.227s][info][gc,metaspace   ] GC(1091) Metaspace: 29137K(29440K)->29137K(29440K) NonClass: 24247K(24384K)->24247K(24384K) Class: 4890K(5056K)->4890K(5056K)
[4676.227s][info][gc             ] GC(1091) Pause Young (Allocation Failure) 5022M->2695M(5130M) 102.891ms
[4676.227s][info][gc,cpu         ] GC(1091) User=0.59s Sys=0.02s Real=0.10s
...[4678.894s][info][gc,start       ] GC(1092) Pause Young (Allocation Failure)
[4678.994s][info][gc,heap        ] GC(1092) PSYoungGen: 2631328K(2639360K)->142016K(2639872K) Eden: 2484224K(2484224K)->0K(2484224K) From: 147104K(155136K)->142016K(155648K)
[4678.994s][info][gc,heap        ] GC(1092) ParOldGen: 2613528K(2613760K)->2705120K(2705408K)
[4678.994s][info][gc,metaspace   ] GC(1092) Metaspace: 29137K(29440K)->29137K(29440K) NonClass: 24247K(24384K)->24247K(24384K) Class: 4890K(5056K)->4890K(5056K)
[4678.994s][info][gc             ] GC(1092) Pause Young (Allocation Failure) 5121M->2780M(5220M) 99.667ms
[4678.994s][info][gc,cpu         ] GC(1092) User=0.55s Sys=0.02s Real=0.10s
...[4681.648s][info][gc,start       ] GC(1093) Pause Young (Allocation Failure)
[4681.751s][info][gc,heap        ] GC(1093) PSYoungGen: 2626240K(2639872K)->150169K(2638336K) Eden: 2484224K(2484224K)->0K(2483712K) From: 142016K(155648K)->150169K(154624K)
[4681.751s][info][gc,heap        ] GC(1093) ParOldGen: 2705120K(2705408K)->2796520K(2796544K)
[4681.751s][info][gc,metaspace   ] GC(1093) Metaspace: 29137K(29440K)->29137K(29440K) NonClass: 24247K(24384K)->24247K(24384K) Class: 4890K(5056K)->4890K(5056K)
[4681.751s][info][gc             ] GC(1093) Pause Young (Allocation Failure) 5206M->2877M(5307M) 103.816ms
[4681.751s][info][gc,cpu         ] GC(1093) User=0.58s Sys=0.04s Real=0.11s
...[4684.437s][info][gc,start       ] GC(1094) Pause Young (Allocation Failure)
[4684.532s][info][gc,heap        ] GC(1094) PSYoungGen: 2633881K(2638336K)->137952K(2639872K) Eden: 2483712K(2483712K)->0K(2483712K) From: 150169K(154624K)->137952K(156160K)
[4684.533s][info][gc,heap        ] GC(1094) ParOldGen: 2796520K(2796544K)->2888648K(2888704K)
[4684.533s][info][gc,metaspace   ] GC(1094) Metaspace: 29137K(29440K)->29137K(29440K) NonClass: 24247K(24384K)->24247K(24384K) Class: 4890K(5056K)->4890K(5056K)
[4684.533s][info][gc             ] GC(1094) Pause Young (Allocation Failure) 5303M->2955M(5399M) 95.308ms
[4684.533s][info][gc,cpu         ] GC(1094) User=0.54s Sys=0.03s Real=0.10s
..[4687.217s][info][gc,start       ] GC(1095) Pause Young (Allocation Failure)
[4687.315s][info][gc,heap        ] GC(1095) PSYoungGen: 2621664K(2639872K)->136608K(2638848K) Eden: 2483712K(2483712K)->0K(2483712K) From: 137952K(156160K)->136608K(155136K)
[4687.315s][info][gc,heap        ] GC(1095) ParOldGen: 2888648K(2888704K)->2980648K(2980864K)
[4687.315s][info][gc,metaspace   ] GC(1095) Metaspace: 29137K(29440K)->29137K(29440K) NonClass: 24247K(24384K)->24247K(24384K) Class: 4890K(5056K)->4890K(5056K)
[4687.315s][info][gc             ] GC(1095) Pause Young (Allocation Failure) 5381M->3044M(5488M) 97.574ms
[4687.315s][info][gc,cpu         ] GC(1095) User=0.55s Sys=0.03s Real=0.10s
...[4689.985s][info][gc,start       ] GC(1096) Pause Young (Allocation Failure)
[4690.086s][info][gc,heap        ] GC(1096) PSYoungGen: 2620320K(2638848K)->145088K(2639360K) Eden: 2483712K(2483712K)->0K(2483712K) From: 136608K(155136K)->145088K(155648K)
[4690.086s][info][gc,heap        ] GC(1096) ParOldGen: 2980648K(2980864K)->3070880K(3070976K)
[4690.086s][info][gc,metaspace   ] GC(1096) Metaspace: 29137K(29440K)->29137K(29440K) NonClass: 24247K(24384K)->24247K(24384K) Class: 4890K(5056K)->4890K(5056K)
[4690.086s][info][gc             ] GC(1096) Pause Young (Allocation Failure) 5469M->3140M(5576M) 100.481ms
[4690.086s][info][gc,cpu         ] GC(1096) User=0.56s Sys=0.03s Real=0.10s
...[4692.749s][info][gc,start       ] GC(1097) Pause Young (Allocation Failure)
[4692.854s][info][gc,heap        ] GC(1097) PSYoungGen: 2628800K(2639360K)->145289K(2639360K) Eden: 2483712K(2483712K)->0K(2484736K) From: 145088K(155648K)->145289K(154624K)
[4692.854s][info][gc,heap        ] GC(1097) ParOldGen: 3070880K(3070976K)->3164576K(3164672K)
[4692.854s][info][gc,metaspace   ] GC(1097) Metaspace: 29137K(29440K)->29137K(29440K) NonClass: 24247K(24384K)->24247K(24384K) Class: 4890K(5056K)->4890K(5056K)
[4692.854s][info][gc             ] GC(1097) Pause Young (Allocation Failure) 5566M->3232M(5668M) 104.573ms
[4692.854s][info][gc,cpu         ] GC(1097) User=0.58s Sys=0.03s Real=0.10s
.. (rIR:aIR:PR = 7334:7341:7341) (tPR = 109489) [OK] 
  4694s: Performance info:
         Transaction,    Success,    Partial,     Failed,   Receipts, AvgBarcode, 
             Overall,     442707,          0,          0,     420627,      59.47, 
         Response times:
             Request,    Success,    Partial,     Failed,   SkipFail,     Probes,    Samples,      min,      p50,      p90,      p95,      p99,      max, 
       TotalPurchase,     420627,          0,          0,          0,     362684,     517783,      300,     5400,    15400,    44000,   264000,   960000,
     InStorePurchase,     221895,          0,          0,          0,     190663,     271906,      300,     5400,    16000,    45000,   325000,   960000,
      OnlinePurchase,     154580,          0,          0,          0,     133352,     190301,      300,     5600,    15000,    45000,   211000,   950000,
        InstPurchase,      44152,          0,          0,          0,      38669,      55576,      400,     4800,    14900,    40000,   198000,   950000,
          AssocOfCat,        440,          0,          0,          0,        356,        635,    21000,    34000,    50400,   103400,   405000,   491000,
      AssocOfProduct,       4427,          0,          0,          0,       4185,       6240,     1100,     5500,    19490,    55000,   400000,   491000,
      BusinessReport,       1101,          0,          0,          0,        994,       1567,    24000,    40000,    63000,   145600,   390000,   970000,
          CustBuyBeh,       4427,          0,          0,          0,       4135,       6130,      200,     4000,    13500,    48000,   315000,   402000,
       ProductReturn,      11685,          0,          0,          0,       9975,      14651,      200,     4500,    14600,    46000,   342000,   464000,

  4694s: (54%)   IR =   7472 .[4695.558s][info][gc,start       ] GC(1098) Pause Young (Allocation Failure)
[4695.657s][info][gc,heap        ] GC(1098) PSYoungGen: 2630025K(2639360K)->142336K(2639872K) Eden: 2484736K(2484736K)->0K(2484736K) From: 145289K(154624K)->142336K(155136K)
[4695.657s][info][gc,heap        ] GC(1098) ParOldGen: 3164576K(3164672K)->3255632K(3255808K)
[4695.657s][info][gc,metaspace   ] GC(1098) Metaspace: 29138K(29440K)->29138K(29440K) NonClass: 24247K(24384K)->24247K(24384K) Class: 4890K(5056K)->4890K(5056K)
[4695.657s][info][gc             ] GC(1098) Pause Young (Allocation Failure) 5658M->3318M(5757M) 98.906ms
[4695.657s][info][gc,cpu         ] GC(1098) User=0.54s Sys=0.04s Real=0.10s
..[4698.245s][info][gc,start       ] GC(1099) Pause Young (Allocation Failure)
[4698.356s][info][gc,heap        ] GC(1099) PSYoungGen: 2627072K(2639872K)->154089K(2563072K) Eden: 2484736K(2484736K)->0K(2408960K) From: 142336K(155136K)->154089K(154112K)
[4698.356s][info][gc,heap        ] GC(1099) ParOldGen: 3255632K(3255808K)->3353616K(3354112K)
[4698.356s][info][gc,metaspace   ] GC(1099) Metaspace: 29138K(29440K)->29138K(29440K) NonClass: 24247K(24384K)->24247K(24384K) Class: 4890K(5056K)->4890K(5056K)
[4698.356s][info][gc             ] GC(1099) Pause Young (Allocation Failure) 5744M->3425M(5778M) 110.585ms
[4698.356s][info][gc,cpu         ] GC(1099) User=0.62s Sys=0.03s Real=0.11s
...[4700.889s][info][gc,start       ] GC(1100) Pause Young (Allocation Failure)
[4700.989s][info][gc,heap        ] GC(1100) PSYoungGen: 2563049K(2563072K)->141696K(2602496K) Eden: 2408960K(2408960K)->0K(2408960K) From: 154089K(154112K)->141696K(193536K)
[4700.989s][info][gc,heap        ] GC(1100) ParOldGen: 3353616K(3354112K)->3443496K(3443712K)
[4700.989s][info][gc,metaspace   ] GC(1100) Metaspace: 29138K(29440K)->29138K(29440K) NonClass: 24247K(24384K)->24247K(24384K) Class: 4890K(5056K)->4890K(5056K)
[4700.989s][info][gc             ] GC(1100) Pause Young (Allocation Failure) 5777M->3501M(5904M) 100.432ms
[4700.989s][info][gc,cpu         ] GC(1100) User=0.56s Sys=0.03s Real=0.10s
...[4703.480s][info][gc,start       ] GC(1101) Pause Young (Allocation Failure)
[4703.576s][info][gc,heap        ] GC(1101) PSYoungGen: 2550656K(2602496K)->133280K(2599424K) Eden: 2408960K(2408960K)->0K(2411008K) From: 141696K(193536K)->133280K(188416K)
[4703.576s][info][gc,heap        ] GC(1101) ParOldGen: 3443496K(3443712K)->3534840K(3534848K)
[4703.576s][info][gc,metaspace   ] GC(1101) Metaspace: 29138K(29440K)->29138K(29440K) NonClass: 24247K(24384K)->24247K(24384K) Class: 4890K(5056K)->4890K(5056K)
[4703.576s][info][gc             ] GC(1101) Pause Young (Allocation Failure) 5853M->3582M(5990M) 96.270ms
[4703.576s][info][gc,cpu         ] GC(1101) User=0.54s Sys=0.03s Real=0.09s
.|.[4706.223s][info][gc,start       ] GC(1102) Pause Young (Allocation Failure)
[4706.325s][info][gc,heap        ] GC(1102) PSYoungGen: 2544288K(2599424K)->147616K(2601984K) Eden: 2411008K(2411008K)->0K(2411008K) From: 133280K(188416K)->147616K(190976K)
[4706.325s][info][gc,heap        ] GC(1102) ParOldGen: 3534840K(3534848K)->3622200K(3622400K)
[4706.325s][info][gc,metaspace   ] GC(1102) Metaspace: 29138K(29440K)->29138K(29440K) NonClass: 24247K(24384K)->24247K(24384K) Class: 4890K(5056K)->4890K(5056K)
[4706.325s][info][gc             ] GC(1102) Pause Young (Allocation Failure) 5936M->3681M(6078M) 101.240ms
[4706.325s][info][gc,cpu         ] GC(1102) User=0.56s Sys=0.03s Real=0.10s
...[4708.732s][info][gc,start       ] GC(1103) Pause Young (Allocation Failure)
[4708.829s][info][gc,heap        ] GC(1103) PSYoungGen: 2558624K(2601984K)->131424K(2604544K) Eden: 2411008K(2411008K)->0K(2417152K) From: 147616K(190976K)->131424K(187392K)
[4708.829s][info][gc,heap        ] GC(1103) ParOldGen: 3622200K(3622400K)->3718896K(3719168K)
[4708.829s][info][gc,metaspace   ] GC(1103) Metaspace: 29138K(29440K)->29138K(29440K) NonClass: 24247K(24384K)->24247K(24384K) Class: 4890K(5056K)->4890K(5056K)
[4708.829s][info][gc             ] GC(1103) Pause Young (Allocation Failure) 6035M->3760M(6175M) 96.965ms
[4708.829s][info][gc,cpu         ] GC(1103) User=0.54s Sys=0.03s Real=0.10s
..[4711.451s][info][gc,start       ] GC(1104) Pause Young (Allocation Failure)
[4711.549s][info][gc,heap        ] GC(1104) PSYoungGen: 2548576K(2604544K)->140305K(2604032K) Eden: 2417152K(2417152K)->0K(2417152K) From: 131424K(187392K)->140305K(186880K)
[4711.549s][info][gc,heap        ] GC(1104) ParOldGen: 3718896K(3719168K)->3804944K(3805184K)
[4711.549s][info][gc,metaspace   ] GC(1104) Metaspace: 29138K(29440K)->29138K(29440K) NonClass: 24247K(24384K)->24247K(24384K) Class: 4890K(5056K)->4890K(5056K)
[4711.549s][info][gc             ] GC(1104) Pause Young (Allocation Failure) 6120M->3852M(6259M) 97.903ms
[4711.549s][info][gc,cpu         ] GC(1104) User=0.55s Sys=0.02s Real=0.10s
...[4714.031s][info][gc,start       ] GC(1105) Pause Young (Allocation Failure)
[4714.134s][info][gc,heap        ] GC(1105) PSYoungGen: 2557457K(2604032K)->148696K(2604544K) Eden: 2417152K(2417152K)->0K(2424320K) From: 140305K(186880K)->148696K(180224K)
[4714.134s][info][gc,heap        ] GC(1105) ParOldGen: 3804944K(3805184K)->3898480K(3898880K)
[4714.134s][info][gc,metaspace   ] GC(1105) Metaspace: 29138K(29440K)->29138K(29440K) NonClass: 24247K(24384K)->24247K(24384K) Class: 4890K(5056K)->4890K(5056K)
[4714.134s][info][gc             ] GC(1105) Pause Young (Allocation Failure) 6213M->3952M(6351M) 103.838ms
[4714.135s][info][gc,cpu         ] GC(1105) User=0.57s Sys=0.04s Real=0.10s
...[4716.724s][info][gc,start       ] GC(1106) Pause Young (Allocation Failure)
[4716.824s][info][gc,heap        ] GC(1106) PSYoungGen: 2573016K(2604544K)->139008K(2605568K) Eden: 2424320K(2424320K)->0K(2424320K) From: 148696K(180224K)->139008K(181248K)
[4716.824s][info][gc,heap        ] GC(1106) ParOldGen: 3898480K(3898880K)->3988264K(3988480K)
[4716.824s][info][gc,metaspace   ] GC(1106) Metaspace: 29138K(29440K)->29138K(29440K) NonClass: 24247K(24384K)->24247K(24384K) Class: 4890K(5056K)->4890K(5056K)
[4716.824s][info][gc             ] GC(1106) Pause Young (Allocation Failure) 6319M->4030M(6439M) 99.961ms
[4716.824s][info][gc,cpu         ] GC(1106) User=0.56s Sys=0.02s Real=0.10s
..[4719.397s][info][gc,start       ] GC(1107) Pause Young (Allocation Failure)
[4719.500s][info][gc,heap        ] GC(1107) PSYoungGen: 2563328K(2605568K)->141504K(2610176K) Eden: 2424320K(2424320K)->0K(2435072K) From: 139008K(181248K)->141504K(175104K)
[4719.500s][info][gc,heap        ] GC(1107) ParOldGen: 3988264K(3988480K)->4080400K(4080640K)
[4719.500s][info][gc,metaspace   ] GC(1107) Metaspace: 29138K(29440K)->29138K(29440K) NonClass: 24247K(24384K)->24247K(24384K) Class: 4890K(5056K)->4890K(5056K)
[4719.500s][info][gc             ] GC(1107) Pause Young (Allocation Failure) 6398M->4122M(6534M) 103.502ms
[4719.500s][info][gc,cpu         ] GC(1107) User=0.58s Sys=0.03s Real=0.11s
...[4722.087s][info][gc,start       ] GC(1108) Pause Young (Allocation Failure)
[4722.191s][info][gc,heap        ] GC(1108) PSYoungGen: 2576576K(2610176K)->144960K(2612224K) Eden: 2435072K(2435072K)->0K(2435072K) From: 141504K(175104K)->144960K(177152K)
[4722.191s][info][gc,heap        ] GC(1108) ParOldGen: 4080400K(4080640K)->4173376K(4173824K)
[4722.191s][info][gc,metaspace   ] GC(1108) Metaspace: 29138K(29440K)->29138K(29440K) NonClass: 24247K(24384K)->24247K(24384K) Class: 4890K(5056K)->4890K(5056K)
[4722.191s][info][gc             ] GC(1108) Pause Young (Allocation Failure) 6500M->4217M(6627M) 104.045ms
[4722.191s][info][gc,cpu         ] GC(1108) User=0.59s Sys=0.02s Real=0.11s
...[4724.708s][info][gc,start       ] GC(1109) Pause Young (Allocation Failure)
[4724.811s][info][gc,heap        ] GC(1109) PSYoungGen: 2580032K(2612224K)->142229K(2615296K) Eden: 2435072K(2435072K)->0K(2444288K) From: 144960K(177152K)->142229K(171008K)
[4724.811s][info][gc,heap        ] GC(1109) ParOldGen: 4173376K(4173824K)->4264720K(4264960K)
[4724.811s][info][gc,metaspace   ] GC(1109) Metaspace: 29138K(29440K)->29138K(29440K) NonClass: 24247K(24384K)->24247K(24384K) Class: 4890K(5056K)->4890K(5056K)
[4724.811s][info][gc             ] GC(1109) Pause Young (Allocation Failure) 6595M->4303M(6719M) 102.966ms
[4724.811s][info][gc,cpu         ] GC(1109) User=0.58s Sys=0.02s Real=0.11s
..[4727.395s][info][gc,start       ] GC(1110) Pause Young (Allocation Failure)
[4727.493s][info][gc,heap        ] GC(1110) PSYoungGen: 2586517K(2615296K)->136224K(2616832K) Eden: 2444288K(2444288K)->0K(2444288K) From: 142229K(171008K)->136224K(172544K)
[4727.493s][info][gc,heap        ] GC(1110) ParOldGen: 4264720K(4264960K)->4355552K(4355584K)
[4727.493s][info][gc,metaspace   ] GC(1110) Metaspace: 29138K(29440K)->29138K(29440K) NonClass: 24247K(24384K)->24247K(24384K) Class: 4890K(5056K)->4890K(5056K)
[4727.493s][info][gc             ] GC(1110) Pause Young (Allocation Failure) 6690M->4386M(6809M) 98.308ms
[4727.493s][info][gc,cpu         ] GC(1110) User=0.55s Sys=0.03s Real=0.10s
...[4730.132s][info][gc,start       ] GC(1111) Pause Young (Allocation Failure)
[4730.235s][info][gc,heap        ] GC(1111) PSYoungGen: 2580512K(2616832K)->148784K(2619904K) Eden: 2444288K(2444288K)->0K(2451968K) From: 136224K(172544K)->148784K(167936K)
[4730.235s][info][gc,heap        ] GC(1111) ParOldGen: 4355552K(4355584K)->4446592K(4446720K)
[4730.235s][info][gc,metaspace   ] GC(1111) Metaspace: 29138K(29440K)->29138K(29440K) NonClass: 24247K(24384K)->24247K(24384K) Class: 4890K(5056K)->4890K(5056K)
[4730.235s][info][gc             ] GC(1111) Pause Young (Allocation Failure) 6773M->4487M(6901M) 103.552ms
[4730.235s][info][gc,cpu         ] GC(1111) User=0.59s Sys=0.02s Real=0.10s
...[4732.899s][info][gc,start       ] GC(1112) Pause Young (Allocation Failure)
[4733.003s][info][gc,heap        ] GC(1112) PSYoungGen: 2600752K(2619904K)->143936K(2621952K) Eden: 2451968K(2451968K)->0K(2451968K) From: 148784K(167936K)->143936K(169984K)
[4733.003s][info][gc,heap        ] GC(1112) ParOldGen: 4446592K(4446720K)->4537968K(4538368K)
[4733.003s][info][gc,metaspace   ] GC(1112) Metaspace: 29138K(29440K)->29138K(29440K) NonClass: 24247K(24384K)->24247K(24384K) Class: 4890K(5056K)->4890K(5056K)
[4733.003s][info][gc             ] GC(1112) Pause Young (Allocation Failure) 6882M->4572M(6992M) 103.782ms
[4733.003s][info][gc,cpu         ] GC(1112) User=0.58s Sys=0.04s Real=0.10s
..[4735.489s][info][gc,start       ] GC(1113) Pause Young (Allocation Failure)
[4735.589s][info][gc,heap        ] GC(1113) PSYoungGen: 2595904K(2621952K)->136160K(2625024K) Eden: 2451968K(2451968K)->0K(2458112K) From: 143936K(169984K)->136160K(166912K)
[4735.589s][info][gc,heap        ] GC(1113) ParOldGen: 4537968K(4538368K)->4632656K(4633088K)
[4735.589s][info][gc,metaspace   ] GC(1113) Metaspace: 29138K(29440K)->29138K(29440K) NonClass: 24247K(24384K)->24247K(24384K) Class: 4890K(5056K)->4890K(5056K)
[4735.589s][info][gc             ] GC(1113) Pause Young (Allocation Failure) 6966M->4657M(7088M) 99.930ms
[4735.589s][info][gc,cpu         ] GC(1113) User=0.55s Sys=0.03s Real=0.10s
...[4738.202s][info][gc,start       ] GC(1114) Pause Young (Allocation Failure)
[4738.306s][info][gc,heap        ] GC(1114) PSYoungGen: 2594272K(2625024K)->149440K(2625536K) Eden: 2458112K(2458112K)->0K(2458112K) From: 136160K(166912K)->149440K(167424K)
[4738.306s][info][gc,heap        ] GC(1114) ParOldGen: 4632656K(4633088K)->4721856K(4722176K)
[4738.306s][info][gc,metaspace   ] GC(1114) Metaspace: 29138K(29440K)->29138K(29440K) NonClass: 24247K(24384K)->24247K(24384K) Class: 4890K(5056K)->4890K(5056K)
[4738.306s][info][gc             ] GC(1114) Pause Young (Allocation Failure) 7057M->4757M(7175M) 104.427ms
[4738.306s][info][gc,cpu         ] GC(1114) User=0.60s Sys=0.03s Real=0.10s
...[4740.930s][info][gc,start       ] GC(1115) Pause Young (Allocation Failure)
[4741.034s][info][gc,heap        ] GC(1115) PSYoungGen: 2607552K(2625536K)->142546K(2624512K) Eden: 2458112K(2458112K)->0K(2461696K) From: 149440K(167424K)->142546K(162816K)
[4741.034s][info][gc,heap        ] GC(1115) ParOldGen: 4721856K(4722176K)->4814728K(4814848K)
[4741.034s][info][gc,metaspace   ] GC(1115) Metaspace: 29138K(29440K)->29138K(29440K) NonClass: 24247K(24384K)->24247K(24384K) Class: 4890K(5056K)->4890K(5056K)
[4741.034s][info][gc             ] GC(1115) Pause Young (Allocation Failure) 7157M->4841M(7265M) 104.386ms
[4741.034s][info][gc,cpu         ] GC(1115) User=0.58s Sys=0.02s Real=0.10s
...[4743.620s][info][gc,start       ] GC(1116) Pause Young (Allocation Failure)
[4743.721s][info][gc,heap        ] GC(1116) PSYoungGen: 2604242K(2624512K)->139456K(2626560K) Eden: 2461696K(2461696K)->0K(2461696K) From: 142546K(162816K)->139456K(164864K)
[4743.721s][info][gc,heap        ] GC(1116) ParOldGen: 4814728K(4814848K)->4905752K(4905984K)
[4743.721s][info][gc,metaspace   ] GC(1116) Metaspace: 29138K(29440K)->29138K(29440K) NonClass: 24247K(24384K)->24247K(24384K) Class: 4890K(5056K)->4890K(5056K)
[4743.721s][info][gc             ] GC(1116) Pause Young (Allocation Failure) 7245M->4926M(7356M) 100.521ms
[4743.721s][info][gc,cpu         ] GC(1116) User=0.56s Sys=0.03s Real=0.10s
..[4746.297s][info][gc,start       ] GC(1117) Pause Young (Allocation Failure)
[4746.398s][info][gc,heap        ] GC(1117) PSYoungGen: 2601152K(2626560K)->140640K(2627072K) Eden: 2461696K(2461696K)->0K(2467328K) From: 139456K(164864K)->140640K(159744K)
[4746.398s][info][gc,heap        ] GC(1117) ParOldGen: 4905752K(4905984K)->4996384K(4996608K)
[4746.398s][info][gc,metaspace   ] GC(1117) Metaspace: 29138K(29440K)->29138K(29440K) NonClass: 24247K(24384K)->24247K(24384K) Class: 4890K(5056K)->4890K(5056K)
[4746.398s][info][gc             ] GC(1117) Pause Young (Allocation Failure) 7330M->5016M(7445M) 100.969ms
[4746.398s][info][gc,cpu         ] GC(1117) User=0.57s Sys=0.02s Real=0.10s
...[4749.026s][info][gc,start       ] GC(1118) Pause Young (Allocation Failure)
[4749.132s][info][gc,heap        ] GC(1118) PSYoungGen: 2607968K(2627072K)->147264K(2629632K) Eden: 2467328K(2467328K)->0K(2467328K) From: 140640K(159744K)->147264K(162304K)
[4749.132s][info][gc,heap        ] GC(1118) ParOldGen: 4996384K(4996608K)->5087704K(5087744K)
[4749.132s][info][gc,metaspace   ] GC(1118) Metaspace: 29138K(29440K)->29138K(29440K) NonClass: 24247K(24384K)->24247K(24384K) Class: 4890K(5056K)->4890K(5056K)
[4749.132s][info][gc             ] GC(1118) Pause Young (Allocation Failure) 7426M->5112M(7536M) 105.446ms
[4749.132s][info][gc,cpu         ] GC(1118) User=0.59s Sys=0.02s Real=0.11s
...[4751.716s][info][gc,start       ] GC(1119) Pause Young (Allocation Failure)
[4751.822s][info][gc,heap        ] GC(1119) PSYoungGen: 2614586K(2629632K)->147556K(2632192K) Eden: 2467322K(2467328K)->0K(2471936K) From: 147264K(162304K)->147556K(160256K)
[4751.822s][info][gc,heap        ] GC(1119) ParOldGen: 5087704K(5087744K)->5180936K(5181440K)
[4751.822s][info][gc,metaspace   ] GC(1119) Metaspace: 29138K(29440K)->29138K(29440K) NonClass: 24247K(24384K)->24247K(24384K) Class: 4890K(5056K)->4890K(5056K)
[4751.822s][info][gc             ] GC(1119) Pause Young (Allocation Failure) 7521M->5203M(7630M) 105.482ms
[4751.822s][info][gc,cpu         ] GC(1119) User=0.59s Sys=0.03s Real=0.11s
..[4754.445s][info][gc,start       ] GC(1120) Pause Young (Allocation Failure)
[4754.545s][info][gc,heap        ] GC(1120) PSYoungGen: 2619492K(2632192K)->137056K(2633216K) Eden: 2471936K(2471936K)->0K(2471936K) From: 147556K(160256K)->137056K(161280K)
[4754.545s][info][gc,heap        ] GC(1120) ParOldGen: 5180936K(5181440K)->5273024K(5273088K)
[4754.545s][info][gc,metaspace   ] GC(1120) Metaspace: 29138K(29440K)->29138K(29440K) NonClass: 24247K(24384K)->24247K(24384K) Class: 4890K(5056K)->4890K(5056K)
[4754.545s][info][gc             ] GC(1120) Pause Young (Allocation Failure) 7617M->5283M(7721M) 100.250ms
[4754.545s][info][gc,cpu         ] GC(1120) User=0.55s Sys=0.03s Real=0.10s
...[4757.097s][info][gc,start       ] GC(1121) Pause Young (Allocation Failure)
[4757.199s][info][gc,heap        ] GC(1121) PSYoungGen: 2608992K(2633216K)->142752K(2631680K) Eden: 2471936K(2471936K)->0K(2473472K) From: 137056K(161280K)->142752K(158208K)
[4757.199s][info][gc,heap        ] GC(1121) ParOldGen: 5273024K(5273088K)->5364408K(5364736K)
[4757.199s][info][gc,metaspace   ] GC(1121) Metaspace: 29138K(29440K)->29138K(29440K) NonClass: 24247K(24384K)->24247K(24384K) Class: 4890K(5056K)->4890K(5056K)
[4757.199s][info][gc             ] GC(1121) Pause Young (Allocation Failure) 7697M->5378M(7809M) 101.459ms
[4757.199s][info][gc,cpu         ] GC(1121) User=0.56s Sys=0.03s Real=0.11s
...[4759.859s][info][gc,start       ] GC(1122) Pause Young (Allocation Failure)
[4759.964s][info][gc,heap        ] GC(1122) PSYoungGen: 2616224K(2631680K)->147040K(2633216K) Eden: 2473472K(2473472K)->0K(2473472K) From: 142752K(158208K)->147040K(159744K)
[4759.964s][info][gc,heap        ] GC(1122) ParOldGen: 5364408K(5364736K)->5455144K(5455360K)
[4759.964s][info][gc,metaspace   ] GC(1122) Metaspace: 29138K(29440K)->29138K(29440K) NonClass: 24247K(24384K)->24247K(24384K) Class: 4890K(5056K)->4890K(5056K)
[4759.964s][info][gc             ] GC(1122) Pause Young (Allocation Failure) 7793M->5470M(7899M) 105.080ms
[4759.964s][info][gc,cpu         ] GC(1122) User=0.59s Sys=0.02s Real=0.10s
..[4762.628s][info][gc,start       ] GC(1123) Pause Young (Allocation Failure)
[4762.731s][info][gc,heap        ] GC(1123) PSYoungGen: 2620512K(2633216K)->142048K(2633728K) Eden: 2473472K(2473472K)->0K(2477056K) From: 147040K(159744K)->142048K(156672K)
[4762.731s][info][gc,heap        ] GC(1123) ParOldGen: 5455144K(5455360K)->5548096K(5548544K)
[4762.731s][info][gc,metaspace   ] GC(1123) Metaspace: 29138K(29440K)->29138K(29440K) NonClass: 24247K(24384K)->24247K(24384K) Class: 4890K(5056K)->4890K(5056K)
[4762.731s][info][gc             ] GC(1123) Pause Young (Allocation Failure) 7886M->5556M(7990M) 103.131ms
[4762.731s][info][gc,cpu         ] GC(1123) User=0.57s Sys=0.03s Real=0.11s
... (rIR:aIR:PR = 7472:7456:7456) (tPR = 110545) [OK] 
  4764s: Performance info:
         Transaction,    Success,    Partial,     Failed,   Receipts, AvgBarcode, 
             Overall,     449401,          0,          0,     426912,      59.48, 
         Response times:
             Request,    Success,    Partial,     Failed,   SkipFail,     Probes,    Samples,      min,      p50,      p90,      p95,      p99,      max, 
       TotalPurchase,     426917,          0,          0,          0,     362339,     424353,      300,     5300,    11500,    26000,    69000,   170000,
     InStorePurchase,     224544,          0,          0,          0,     190781,     223472,      300,     5300,    11600,    26000,    69000,   170000,
      OnlinePurchase,     157137,          0,          0,          0,     133558,     156284,      300,     5300,    11500,    26000,    69000,   163000,
        InstPurchase,      45236,          0,          0,          0,      38000,      44597,      300,     5100,    11200,    25000,    66000,   143000,
          AssocOfCat,        451,          0,          0,          0,        368,        512,    21000,    35000,    50000,    62000,   128610,   158000,
      AssocOfProduct,       4504,          0,          0,          0,       4211,       5110,     1100,     4800,    11090,    24000,    64890,   129000,
      BusinessReport,       1128,          0,          0,          0,        982,       1273,    24000,    41000,    59000,    71000,   147040,   190000,
          CustBuyBeh,       4503,          0,          0,          0,       4194,       5101,      200,     5100,    10600,    24000,    66000,   154000,
       ProductReturn,      11907,          0,          0,          0,      10264,      12339,      200,     5100,    11500,    27000,    68000,   140000,

  4764s: (55%)   IR =   7610 [4765.295s][info][gc,start       ] GC(1124) Pause Full (Allocation Failure)
[4765.295s][info][gc,phases,start] GC(1124) Marking Phase
[4765.581s][info][gc,phases      ] GC(1124) Marking Phase 286.157ms
[4765.582s][info][gc,phases,start] GC(1124) Summary Phase
[4765.582s][info][gc,phases      ] GC(1124) Summary Phase 0.094ms
[4765.582s][info][gc,phases,start] GC(1124) Forward
[4765.712s][info][gc,phases      ] GC(1124) Forward 130.073ms
[4765.712s][info][gc,phases,start] GC(1124) Adjust Pointers
[4765.905s][info][gc,phases      ] GC(1124) Adjust Pointers 193.250ms
[4765.905s][info][gc,phases,start] GC(1124) Compaction Phase
[4766.028s][info][gc,phases      ] GC(1124) Compaction Phase 122.799ms
[4766.029s][info][gc,phases,start] GC(1124) Post Compact
[4766.036s][info][gc,phases      ] GC(1124) Post Compact 6.954ms
[4766.164s][info][gc,heap        ] GC(1124) PSYoungGen: 2619104K(2633728K)->0K(2635264K) Eden: 2477056K(2477056K)->0K(2477056K) From: 142048K(156672K)->0K(158208K)
[4766.164s][info][gc,heap        ] GC(1124) ParOldGen: 5548096K(5548544K)->1415996K(1657856K)
[4766.164s][info][gc,metaspace   ] GC(1124) Metaspace: 29139K(29440K)->29139K(29440K) NonClass: 24248K(24384K)->24248K(24384K) Class: 4890K(5056K)->4890K(5056K)
[4766.164s][info][gc             ] GC(1124) Pause Full (Allocation Failure) 7975M->1382M(4192M) 868.512ms
[4766.164s][info][gc,cpu         ] GC(1124) User=3.93s Sys=0.13s Real=0.87s
..[4767.983s][info][gc,start       ] GC(1125) Pause Young (Allocation Failure)
[4768.049s][info][gc,heap        ] GC(1125) PSYoungGen: 2477056K(2635264K)->146144K(2636800K) Eden: 2477056K(2477056K)->0K(2479616K) From: 0K(158208K)->146144K(157184K)
[4768.049s][info][gc,heap        ] GC(1125) ParOldGen: 1415996K(1657856K)->1415996K(1657856K)
[4768.049s][info][gc,metaspace   ] GC(1125) Metaspace: 29141K(29440K)->29141K(29440K) NonClass: 24250K(24384K)->24250K(24384K) Class: 4890K(5056K)->4890K(5056K)
[4768.049s][info][gc             ] GC(1125) Pause Young (Allocation Failure) 3801M->1525M(4194M) 66.445ms
[4768.049s][info][gc,cpu         ] GC(1125) User=0.40s Sys=0.00s Real=0.07s
...[4770.651s][info][gc,start       ] GC(1126) Pause Young (Allocation Failure)
[4770.748s][info][gc,heap        ] GC(1126) PSYoungGen: 2625760K(2636800K)->147168K(2637312K) Eden: 2479616K(2479616K)->0K(2479616K) From: 146144K(157184K)->147168K(157696K)
[4770.748s][info][gc,heap        ] GC(1126) ParOldGen: 1415996K(1657856K)->1507412K(1657856K)
[4770.748s][info][gc,metaspace   ] GC(1126) Metaspace: 29141K(29440K)->29141K(29440K) NonClass: 24250K(24384K)->24250K(24384K) Class: 4890K(5056K)->4890K(5056K)
[4770.748s][info][gc             ] GC(1126) Pause Young (Allocation Failure) 3947M->1615M(4194M) 96.921ms
[4770.748s][info][gc,cpu         ] GC(1126) User=0.57s Sys=0.00s Real=0.09s
...[4773.265s][info][gc,start       ] GC(1127) Pause Young (Allocation Failure)
[4773.361s][info][gc,heap        ] GC(1127) PSYoungGen: 2626784K(2637312K)->144388K(2636288K) Eden: 2479616K(2479616K)->0K(2481152K) From: 147168K(157696K)->144388K(155136K)
[4773.361s][info][gc,heap        ] GC(1127) ParOldGen: 1507412K(1657856K)->1601420K(1657856K)
[4773.361s][info][gc,metaspace   ] GC(1127) Metaspace: 29141K(29440K)->29141K(29440K) NonClass: 24250K(24384K)->24250K(24384K) Class: 4890K(5056K)->4890K(5056K)
[4773.361s][info][gc             ] GC(1127) Pause Young (Allocation Failure) 4037M->1704M(4193M) 96.430ms
[4773.361s][info][gc,cpu         ] GC(1127) User=0.57s Sys=0.00s Real=0.10s
..[4775.921s][info][gc,start       ] GC(1128) Pause Young (Allocation Failure)
[4776.019s][info][gc,heap        ] GC(1128) PSYoungGen: 2625540K(2636288K)->147920K(2637312K) Eden: 2481152K(2481152K)->0K(2481152K) From: 144388K(155136K)->147920K(156160K)
[4776.019s][info][gc,heap        ] GC(1128) ParOldGen: 1601420K(1657856K)->1692308K(1692672K)
[4776.019s][info][gc,metaspace   ] GC(1128) Metaspace: 29141K(29440K)->29141K(29440K) NonClass: 24250K(24384K)->24250K(24384K) Class: 4890K(5056K)->4890K(5056K)
[4776.019s][info][gc             ] GC(1128) Pause Young (Allocation Failure) 4127M->1797M(4228M) 98.253ms
[4776.019s][info][gc,cpu         ] GC(1128) User=0.57s Sys=0.02s Real=0.10s
...[4778.613s][info][gc,start       ] GC(1129) Pause Young (Allocation Failure)
[4778.710s][info][gc,heap        ] GC(1129) PSYoungGen: 2629072K(2637312K)->139168K(2639872K) Eden: 2481152K(2481152K)->0K(2483712K) From: 147920K(156160K)->139168K(156160K)
[4778.710s][info][gc,heap        ] GC(1129) ParOldGen: 1692308K(1692672K)->1785820K(1785856K)
[4778.710s][info][gc,metaspace   ] GC(1129) Metaspace: 29141K(29440K)->29141K(29440K) NonClass: 24250K(24384K)->24250K(24384K) Class: 4890K(5056K)->4890K(5056K)
[4778.710s][info][gc             ] GC(1129) Pause Young (Allocation Failure) 4220M->1879M(4322M) 97.451ms
[4778.710s][info][gc,cpu         ] GC(1129) User=0.55s Sys=0.03s Real=0.10s
..[4781.240s][info][gc,start       ] GC(1130) Pause Young (Allocation Failure)
[4781.339s][info][gc,heap        ] GC(1130) PSYoungGen: 2622880K(2639872K)->139828K(2624000K) Eden: 2483712K(2483712K)->0K(2483712K) From: 139168K(156160K)->139828K(140288K)
[4781.339s][info][gc,heap        ] GC(1130) ParOldGen: 1785820K(1785856K)->1878108K(1878528K)
[4781.339s][info][gc,metaspace   ] GC(1130) Metaspace: 29141K(29440K)->29141K(29440K) NonClass: 24250K(24384K)->24250K(24384K) Class: 4890K(5056K)->4890K(5056K)
[4781.339s][info][gc             ] GC(1130) Pause Young (Allocation Failure) 4305M->1970M(4397M) 99.537ms
[4781.339s][info][gc,cpu         ] GC(1130) User=0.56s Sys=0.03s Real=0.10s
...[4783.970s][info][gc,start       ] GC(1131) Pause Young (Allocation Failure)
[4784.073s][info][gc,heap        ] GC(1131) PSYoungGen: 2623540K(2624000K)->152816K(2636288K) Eden: 2483712K(2483712K)->0K(2480640K) From: 139828K(140288K)->152816K(155648K)
[4784.073s][info][gc,heap        ] GC(1131) ParOldGen: 1878108K(1878528K)->1968116K(1968128K)
[4784.073s][info][gc,metaspace   ] GC(1131) Metaspace: 29141K(29440K)->29141K(29440K) NonClass: 24250K(24384K)->24250K(24384K) Class: 4890K(5056K)->4890K(5056K)
[4784.073s][info][gc             ] GC(1131) Pause Young (Allocation Failure) 4396M->2071M(4496M) 103.328ms
[4784.073s][info][gc,cpu         ] GC(1131) User=0.58s Sys=0.03s Real=0.10s
...[4786.654s][info][gc,start       ] GC(1132) Pause Young (Allocation Failure)
[4786.753s][info][gc,heap        ] GC(1132) PSYoungGen: 2633456K(2636288K)->142208K(2638336K) Eden: 2480640K(2480640K)->0K(2480640K) From: 152816K(155648K)->142208K(157696K)
[4786.753s][info][gc,heap        ] GC(1132) ParOldGen: 1968116K(1968128K)->2062580K(2062848K)
[4786.753s][info][gc,metaspace   ] GC(1132) Metaspace: 29141K(29440K)->29141K(29440K) NonClass: 24250K(24384K)->24250K(24384K) Class: 4890K(5056K)->4890K(5056K)
[4786.753s][info][gc             ] GC(1132) Pause Young (Allocation Failure) 4493M->2153M(4591M) 99.517ms
[4786.753s][info][gc,cpu         ] GC(1132) User=0.56s Sys=0.03s Real=0.10s
..[4789.284s][info][gc,start       ] GC(1133) Pause Young (Allocation Failure)
[4789.384s][info][gc,heap        ] GC(1133) PSYoungGen: 2622848K(2638336K)->143397K(2634752K) Eden: 2480640K(2480640K)->0K(2481152K) From: 142208K(157696K)->143397K(153600K)
[4789.384s][info][gc,heap        ] GC(1133) ParOldGen: 2062580K(2062848K)->2153764K(2153984K)
[4789.384s][info][gc,metaspace   ] GC(1133) Metaspace: 29141K(29440K)->29141K(29440K) NonClass: 24250K(24384K)->24250K(24384K) Class: 4890K(5056K)->4890K(5056K)
[4789.384s][info][gc             ] GC(1133) Pause Young (Allocation Failure) 4575M->2243M(4676M) 99.821ms
[4789.384s][info][gc,cpu         ] GC(1133) User=0.55s Sys=0.03s Real=0.10s
.|..[4791.976s][info][gc,start       ] GC(1134) Pause Young (Allocation Failure)
[4792.077s][info][gc,heap        ] GC(1134) PSYoungGen: 2624549K(2634752K)->147008K(2636800K) Eden: 2481152K(2481152K)->0K(2481152K) From: 143397K(153600K)->147008K(155648K)
[4792.077s][info][gc,heap        ] GC(1134) ParOldGen: 2153764K(2153984K)->2244484K(2244608K)
[4792.077s][info][gc,metaspace   ] GC(1134) Metaspace: 29141K(29440K)->29141K(29440K) NonClass: 24250K(24384K)->24250K(24384K) Class: 4890K(5056K)->4890K(5056K)
[4792.077s][info][gc             ] GC(1134) Pause Young (Allocation Failure) 4666M->2335M(4767M) 100.755ms
[4792.077s][info][gc,cpu         ] GC(1134) User=0.56s Sys=0.02s Real=0.10s
...[4794.629s][info][gc,start       ] GC(1135) Pause Young (Allocation Failure)
[4794.734s][info][gc,heap        ] GC(1135) PSYoungGen: 2628160K(2636800K)->149632K(2638336K) Eden: 2481152K(2481152K)->0K(2482688K) From: 147008K(155648K)->149632K(155648K)
[4794.734s][info][gc,heap        ] GC(1135) ParOldGen: 2244484K(2244608K)->2337612K(2337792K)
[4794.734s][info][gc,metaspace   ] GC(1135) Metaspace: 29141K(29440K)->29141K(29440K) NonClass: 24250K(24384K)->24250K(24384K) Class: 4890K(5056K)->4890K(5056K)
[4794.734s][info][gc             ] GC(1135) Pause Young (Allocation Failure) 4758M->2428M(4859M) 105.138ms
[4794.734s][info][gc,cpu         ] GC(1135) User=0.58s Sys=0.04s Real=0.10s
..[4797.340s][info][gc,start       ] GC(1136) Pause Young (Allocation Failure)
[4797.437s][info][gc,heap        ] GC(1136) PSYoungGen: 2632320K(2638336K)->138400K(2639360K) Eden: 2482688K(2482688K)->0K(2482688K) From: 149632K(155648K)->138400K(156672K)
[4797.437s][info][gc,heap        ] GC(1136) ParOldGen: 2337612K(2337792K)->2429164K(2429440K)
[4797.437s][info][gc,metaspace   ] GC(1136) Metaspace: 29141K(29440K)->29141K(29440K) NonClass: 24250K(24384K)->24250K(24384K) Class: 4890K(5056K)->4890K(5056K)
[4797.437s][info][gc             ] GC(1136) Pause Young (Allocation Failure) 4853M->2507M(4950M) 96.732ms
[4797.437s][info][gc,cpu         ] GC(1136) User=0.56s Sys=0.02s Real=0.09s
...[4799.928s][info][gc,start       ] GC(1137) Pause Young (Allocation Failure)
[4800.026s][info][gc,heap        ] GC(1137) PSYoungGen: 2621088K(2639360K)->141152K(2638336K) Eden: 2482688K(2482688K)->0K(2482688K) From: 138400K(156672K)->141152K(155648K)
[4800.026s][info][gc,heap        ] GC(1137) ParOldGen: 2429164K(2429440K)->2521292K(2521600K)
[4800.026s][info][gc,metaspace   ] GC(1137) Metaspace: 29141K(29440K)->29141K(29440K) NonClass: 24250K(24384K)->24250K(24384K) Class: 4890K(5056K)->4890K(5056K)
[4800.026s][info][gc             ] GC(1137) Pause Young (Allocation Failure) 4931M->2600M(5039M) 98.174ms
[4800.026s][info][gc,cpu         ] GC(1137) User=0.55s Sys=0.03s Real=0.10s
...[4802.659s][info][gc,start       ] GC(1138) Pause Young (Allocation Failure)
[4802.759s][info][gc,heap        ] GC(1138) PSYoungGen: 2623840K(2638336K)->144704K(2638848K) Eden: 2482688K(2482688K)->0K(2482688K) From: 141152K(155648K)->144704K(156160K)
[4802.759s][info][gc,heap        ] GC(1138) ParOldGen: 2521292K(2521600K)->2611380K(2611712K)
[4802.759s][info][gc,metaspace   ] GC(1138) Metaspace: 29141K(29440K)->29141K(29440K) NonClass: 24250K(24384K)->24250K(24384K) Class: 4890K(5056K)->4890K(5056K)
[4802.759s][info][gc             ] GC(1138) Pause Young (Allocation Failure) 5024M->2691M(5127M) 99.874ms
[4802.759s][info][gc,cpu         ] GC(1138) User=0.56s Sys=0.03s Real=0.10s
..[4805.312s][info][gc,start       ] GC(1139) Pause Young (Allocation Failure)
[4805.412s][info][gc,heap        ] GC(1139) PSYoungGen: 2627392K(2638848K)->140928K(2639360K) Eden: 2482688K(2482688K)->0K(2484736K) From: 144704K(156160K)->140928K(154624K)
[4805.412s][info][gc,heap        ] GC(1139) ParOldGen: 2611380K(2611712K)->2705060K(2705408K)
[4805.412s][info][gc,metaspace   ] GC(1139) Metaspace: 29143K(29440K)->29143K(29440K) NonClass: 24252K(24384K)->24252K(24384K) Class: 4890K(5056K)->4890K(5056K)
[4805.412s][info][gc             ] GC(1139) Pause Young (Allocation Failure) 5115M->2779M(5219M) 99.156ms
[4805.412s][info][gc,cpu         ] GC(1139) User=0.55s Sys=0.03s Real=0.10s
...[4808.043s][info][gc,start       ] GC(1140) Pause Young (Allocation Failure)
[4808.145s][info][gc,heap        ] GC(1140) PSYoungGen: 2625664K(2639360K)->149328K(2639360K) Eden: 2484736K(2484736K)->0K(2484736K) From: 140928K(154624K)->149328K(154624K)
[4808.145s][info][gc,heap        ] GC(1140) ParOldGen: 2705060K(2705408K)->2796116K(2796544K)
[4808.145s][info][gc,metaspace   ] GC(1140) Metaspace: 29143K(29440K)->29143K(29440K) NonClass: 24252K(24384K)->24252K(24384K) Class: 4890K(5056K)->4890K(5056K)
[4808.145s][info][gc             ] GC(1140) Pause Young (Allocation Failure) 5205M->2876M(5308M) 101.849ms
[4808.145s][info][gc,cpu         ] GC(1140) User=0.58s Sys=0.02s Real=0.10s
...[4810.701s][info][gc,start       ] GC(1141) Pause Young (Allocation Failure)
[4810.804s][info][gc,heap        ] GC(1141) PSYoungGen: 2634064K(2639360K)->147648K(2640384K) Eden: 2484736K(2484736K)->0K(2484736K) From: 149328K(154624K)->147648K(155648K)
[4810.804s][info][gc,heap        ] GC(1141) ParOldGen: 2796116K(2796544K)->2889460K(2889728K)
[4810.804s][info][gc,metaspace   ] GC(1141) Metaspace: 29143K(29440K)->29143K(29440K) NonClass: 24252K(24384K)->24252K(24384K) Class: 4890K(5056K)->4890K(5056K)
[4810.804s][info][gc             ] GC(1141) Pause Young (Allocation Failure) 5302M->2965M(5400M) 103.449ms
[4810.805s][info][gc,cpu         ] GC(1141) User=0.58s Sys=0.04s Real=0.10s
..[4813.390s][info][gc,start       ] GC(1142) Pause Young (Allocation Failure)
[4813.489s][info][gc,heap        ] GC(1142) PSYoungGen: 2632384K(2640384K)->142828K(2627584K) Eden: 2484736K(2484736K)->0K(2484736K) From: 147648K(155648K)->142828K(142848K)
[4813.489s][info][gc,heap        ] GC(1142) ParOldGen: 2889460K(2889728K)->2981428K(2981888K)
[4813.489s][info][gc,metaspace   ] GC(1142) Metaspace: 29143K(29440K)->29143K(29440K) NonClass: 24252K(24384K)->24252K(24384K) Class: 4890K(5056K)->4890K(5056K)
[4813.490s][info][gc             ] GC(1142) Pause Young (Allocation Failure) 5392M->3051M(5478M) 99.501ms
[4813.490s][info][gc,cpu         ] GC(1142) User=0.57s Sys=0.03s Real=0.10s
...[4816.038s][info][gc,start       ] GC(1143) Pause Young (Allocation Failure)
[4816.139s][info][gc,heap        ] GC(1143) PSYoungGen: 2627564K(2627584K)->145813K(2639872K) Eden: 2484736K(2484736K)->0K(2485248K) From: 142828K(142848K)->145813K(154624K)
[4816.139s][info][gc,heap        ] GC(1143) ParOldGen: 2981428K(2981888K)->3073820K(3074048K)
[4816.139s][info][gc,metaspace   ] GC(1143) Metaspace: 29143K(29440K)->29143K(29440K) NonClass: 24252K(24384K)->24252K(24384K) Class: 4890K(5056K)->4890K(5056K)
[4816.139s][info][gc             ] GC(1143) Pause Young (Allocation Failure) 5477M->3144M(5580M) 101.481ms
[4816.139s][info][gc,cpu         ] GC(1143) User=0.57s Sys=0.02s Real=0.11s
...[4818.738s][info][gc,start       ] GC(1144) Pause Young (Allocation Failure)
[4818.840s][info][gc,heap        ] GC(1144) PSYoungGen: 2631061K(2639872K)->146816K(2639360K) Eden: 2485248K(2485248K)->0K(2485248K) From: 145813K(154624K)->146816K(154112K)
[4818.840s][info][gc,heap        ] GC(1144) ParOldGen: 3073820K(3074048K)->3164516K(3164672K)
[4818.840s][info][gc,metaspace   ] GC(1144) Metaspace: 29143K(29440K)->29143K(29440K) NonClass: 24252K(24384K)->24252K(24384K) Class: 4890K(5056K)->4890K(5056K)
[4818.840s][info][gc             ] GC(1144) Pause Young (Allocation Failure) 5571M->3233M(5668M) 101.902ms
[4818.840s][info][gc,cpu         ] GC(1144) User=0.57s Sys=0.03s Real=0.11s
..[4821.448s][info][gc,start       ] GC(1145) Pause Young (Allocation Failure)
[4821.552s][info][gc,heap        ] GC(1145) PSYoungGen: 2632064K(2639360K)->144976K(2640384K) Eden: 2485248K(2485248K)->0K(2487808K) From: 146816K(154112K)->144976K(152576K)
[4821.552s][info][gc,heap        ] GC(1145) ParOldGen: 3164516K(3164672K)->3256556K(3256832K)
[4821.552s][info][gc,metaspace   ] GC(1145) Metaspace: 29143K(29440K)->29143K(29440K) NonClass: 24252K(24384K)->24252K(24384K) Class: 4890K(5056K)->4890K(5056K)
[4821.552s][info][gc             ] GC(1145) Pause Young (Allocation Failure) 5660M->3321M(5759M) 103.608ms
[4821.552s][info][gc,cpu         ] GC(1145) User=0.59s Sys=0.03s Real=0.11s
...[4824.158s][info][gc,start       ] GC(1146) Pause Young (Allocation Failure)
[4824.261s][info][gc,heap        ] GC(1146) PSYoungGen: 2632784K(2640384K)->147343K(2640896K) Eden: 2487808K(2487808K)->0K(2487808K) From: 144976K(152576K)->147343K(153088K)
[4824.261s][info][gc,heap        ] GC(1146) ParOldGen: 3256556K(3256832K)->3349684K(3350016K)
[4824.261s][info][gc,metaspace   ] GC(1146) Metaspace: 29143K(29440K)->29143K(29440K) NonClass: 24252K(24384K)->24252K(24384K) Class: 4890K(5056K)->4890K(5056K)
[4824.261s][info][gc             ] GC(1146) Pause Young (Allocation Failure) 5751M->3415M(5850M) 102.725ms
[4824.261s][info][gc,cpu         ] GC(1146) User=0.58s Sys=0.03s Real=0.10s
...[4826.803s][info][gc,start       ] GC(1147) Pause Young (Allocation Failure)
[4826.905s][info][gc,heap        ] GC(1147) PSYoungGen: 2635151K(2640896K)->145136K(2641408K) Eden: 2487808K(2487808K)->0K(2489344K) From: 147343K(153088K)->145136K(152064K)
[4826.905s][info][gc,heap        ] GC(1147) ParOldGen: 3349684K(3350016K)->3442452K(3442688K)
[4826.905s][info][gc,metaspace   ] GC(1147) Metaspace: 29143K(29440K)->29143K(29440K) NonClass: 24252K(24384K)->24252K(24384K) Class: 4890K(5056K)->4890K(5056K)
[4826.905s][info][gc             ] GC(1147) Pause Young (Allocation Failure) 5844M->3503M(5941M) 101.891ms
[4826.905s][info][gc,cpu         ] GC(1147) User=0.57s Sys=0.03s Real=0.10s
..[4829.442s][info][gc,start       ] GC(1148) Pause Young (Allocation Failure)
[4829.540s][info][gc,heap        ] GC(1148) PSYoungGen: 2634480K(2641408K)->138400K(2641920K) Eden: 2489344K(2489344K)->0K(2489344K) From: 145136K(152064K)->138400K(152576K)
[4829.540s][info][gc,heap        ] GC(1148) ParOldGen: 3442452K(3442688K)->3533836K(3534336K)
[4829.540s][info][gc,metaspace   ] GC(1148) Metaspace: 29143K(29440K)->29143K(29440K) NonClass: 24252K(24384K)->24252K(24384K) Class: 4890K(5056K)->4890K(5056K)
[4829.540s][info][gc             ] GC(1148) Pause Young (Allocation Failure) 5934M->3586M(6031M) 98.845ms
[4829.540s][info][gc,cpu         ] GC(1148) User=0.55s Sys=0.03s Real=0.10s
...[4832.211s][info][gc,start       ] GC(1149) Pause Young (Allocation Failure)
[4832.325s][info][gc,heap        ] GC(1149) PSYoungGen: 2627744K(2641920K)->153076K(2564096K) Eden: 2489344K(2489344K)->0K(2411008K) From: 138400K(152576K)->153076K(153088K)
[4832.325s][info][gc,heap        ] GC(1149) ParOldGen: 3533836K(3534336K)->3634524K(3634688K)
[4832.325s][info][gc,metaspace   ] GC(1149) Metaspace: 29143K(29440K)->29143K(29440K) NonClass: 24252K(24384K)->24252K(24384K) Class: 4890K(5056K)->4890K(5056K)
[4832.325s][info][gc             ] GC(1149) Pause Young (Allocation Failure) 6017M->3698M(6053M) 114.052ms
[4832.325s][info][gc,cpu         ] GC(1149) User=0.65s Sys=0.03s Real=0.11s
...[4834.742s][info][gc,start       ] GC(1150) Pause Young (Allocation Failure)
[4834.842s][info][gc,heap        ] GC(1150) PSYoungGen: 2564084K(2564096K)->147608K(2603520K) Eden: 2411008K(2411008K)->0K(2411008K) From: 153076K(153088K)->147608K(192512K)
[4834.842s][info][gc,heap        ] GC(1150) ParOldGen: 3634524K(3634688K)->3720724K(3721216K)
[4834.842s][info][gc,metaspace   ] GC(1150) Metaspace: 29143K(29440K)->29143K(29440K) NonClass: 24252K(24384K)->24252K(24384K) Class: 4890K(5056K)->4890K(5056K)
[4834.842s][info][gc             ] GC(1150) Pause Young (Allocation Failure) 6053M->3777M(6176M) 100.643ms
[4834.842s][info][gc,cpu         ] GC(1150) User=0.56s Sys=0.03s Real=0.10s
..[4837.349s][info][gc,start       ] GC(1151) Pause Young (Allocation Failure)
[4837.449s][info][gc,heap        ] GC(1151) PSYoungGen: 2558616K(2603520K)->138464K(2599424K) Eden: 2411008K(2411008K)->0K(2413056K) From: 147608K(192512K)->138464K(186368K)
[4837.449s][info][gc,heap        ] GC(1151) ParOldGen: 3720724K(3721216K)->3811036K(3811328K)
[4837.449s][info][gc,metaspace   ] GC(1151) Metaspace: 29143K(29440K)->29143K(29440K) NonClass: 24252K(24384K)->24252K(24384K) Class: 4890K(5056K)->4890K(5056K)
[4837.449s][info][gc             ] GC(1151) Pause Young (Allocation Failure) 6132M->3856M(6260M) 100.365ms
[4837.449s][info][gc,cpu         ] GC(1151) User=0.56s Sys=0.03s Real=0.10s
...[4839.888s][info][gc,start       ] GC(1152) Pause Young (Allocation Failure)
[4839.988s][info][gc,heap        ] GC(1152) PSYoungGen: 2551520K(2599424K)->141856K(2602496K) Eden: 2413056K(2413056K)->0K(2413056K) From: 138464K(186368K)->141856K(189440K)
[4839.988s][info][gc,heap        ] GC(1152) ParOldGen: 3811036K(3811328K)->3903364K(3903488K)
[4839.988s][info][gc,metaspace   ] GC(1152) Metaspace: 29143K(29440K)->29143K(29440K) NonClass: 24252K(24384K)->24252K(24384K) Class: 4890K(5056K)->4890K(5056K)
[4839.988s][info][gc             ] GC(1152) Pause Young (Allocation Failure) 6213M->3950M(6353M) 99.804ms
[4839.988s][info][gc,cpu         ] GC(1152) User=0.57s Sys=0.02s Real=0.10s
..[4842.525s][info][gc,start       ] GC(1153) Pause Young (Allocation Failure)
[4842.629s][info][gc,heap        ] GC(1153) PSYoungGen: 2554912K(2602496K)->150040K(2597888K) Eden: 2413056K(2413056K)->0K(2418688K) From: 141856K(189440K)->150040K(179200K)
[4842.629s][info][gc,heap        ] GC(1153) ParOldGen: 3903364K(3903488K)->3993980K(3994112K)
[4842.629s][info][gc,metaspace   ] GC(1153) Metaspace: 29143K(29440K)->29143K(29440K) NonClass: 24252K(24384K)->24252K(24384K) Class: 4890K(5056K)->4890K(5056K)
[4842.629s][info][gc             ] GC(1153) Pause Young (Allocation Failure) 6306M->4046M(6437M) 104.623ms
[4842.629s][info][gc,cpu         ] GC(1153) User=0.59s Sys=0.03s Real=0.11s
...[4845.124s][info][gc,start       ] GC(1154) Pause Young (Allocation Failure)
[4845.226s][info][gc,heap        ] GC(1154) PSYoungGen: 2568728K(2597888K)->143680K(2603008K) Eden: 2418688K(2418688K)->0K(2418688K) From: 150040K(179200K)->143680K(184320K)
[4845.226s][info][gc,heap        ] GC(1154) ParOldGen: 3993980K(3994112K)->4086060K(4086272K)
[4845.226s][info][gc,metaspace   ] GC(1154) Metaspace: 29143K(29440K)->29143K(29440K) NonClass: 24252K(24384K)->24252K(24384K) Class: 4890K(5056K)->4890K(5056K)
[4845.226s][info][gc             ] GC(1154) Pause Young (Allocation Failure) 6408M->4130M(6532M) 101.868ms
[4845.226s][info][gc,cpu         ] GC(1154) User=0.56s Sys=0.03s Real=0.10s
...[4847.666s][info][gc,start       ] GC(1155) Pause Young (Allocation Failure)
[4847.766s][info][gc,heap        ] GC(1155) PSYoungGen: 2562368K(2603008K)->136192K(2608128K) Eden: 2418688K(2418688K)->0K(2428928K) From: 143680K(184320K)->136192K(179200K)
[4847.766s][info][gc,heap        ] GC(1155) ParOldGen: 4086060K(4086272K)->4179804K(4179968K)
[4847.766s][info][gc,metaspace   ] GC(1155) Metaspace: 29143K(29440K)->29143K(29440K) NonClass: 24252K(24384K)->24252K(24384K) Class: 4890K(5056K)->4890K(5056K)
[4847.766s][info][gc             ] GC(1155) Pause Young (Allocation Failure) 6492M->4214M(6629M) 100.230ms
[4847.766s][info][gc,cpu         ] GC(1155) User=0.56s Sys=0.02s Real=0.10s
.. (rIR:aIR:PR = 7610:7631:7632) (tPR = 112722) [OK] 
  4849s: Performance info:
         Transaction,    Success,    Partial,     Failed,   Receipts, AvgBarcode, 
             Overall,     459822,          0,          0,     436901,      59.48, 
         Response times:
             Request,    Success,    Partial,     Failed,   SkipFail,     Probes,    Samples,      min,      p50,      p90,      p95,      p99,      max, 
       TotalPurchase,     436886,          0,          0,          0,     360689,     509557,      300,     5300,    13100,    31000,    69000,   930000,
     InStorePurchase,     230380,          0,          0,          0,     190493,     268433,      300,     5300,    13100,    31000,    72000,   930000,
      OnlinePurchase,     160630,          0,          0,          0,     132530,     187551,      300,     5300,    13200,    30000,    65000,   190000,
        InstPurchase,      45876,          0,          0,          0,      37666,      53573,      400,     5200,    12600,    29000,    67000,   930000,
          AssocOfCat,        458,          0,          0,          0,        382,        661,    21000,    35000,    53800,    66000,   139140,   157000,
      AssocOfProduct,       4599,          0,          0,          0,       4312,       6419,      600,     6300,    14300,    31000,    69000,   190000,
      BusinessReport,       1144,          0,          0,          0,       1006,       1568,    26000,    44000,    70000,   103550,   161310,   193000,
          CustBuyBeh,       4583,          0,          0,          0,       4270,       6287,      200,     4100,    10820,    26000,    57120,   145000,
       ProductReturn,      12134,          0,          0,          0,       9358,      13449,      200,     4100,    11900,    29000,    67500,   930000,

  4849s: (56%)   IR =   7749 [4850.359s][info][gc,start       ] GC(1156) Pause Young (Allocation Failure)
[4850.459s][info][gc,heap        ] GC(1156) PSYoungGen: 2565120K(2608128K)->142416K(2610688K) Eden: 2428928K(2428928K)->0K(2428928K) From: 136192K(179200K)->142416K(181760K)
[4850.459s][info][gc,heap        ] GC(1156) ParOldGen: 4179804K(4179968K)->4268404K(4268544K)
[4850.459s][info][gc,metaspace   ] GC(1156) Metaspace: 29143K(29440K)->29143K(29440K) NonClass: 24252K(24384K)->24252K(24384K) Class: 4890K(5056K)->4890K(5056K)
[4850.459s][info][gc             ] GC(1156) Pause Young (Allocation Failure) 6586M->4307M(6718M) 99.689ms
[4850.459s][info][gc,cpu         ] GC(1156) User=0.55s Sys=0.03s Real=0.10s
...[4852.906s][info][gc,start       ] GC(1157) Pause Young (Allocation Failure)
[4853.010s][info][gc,heap        ] GC(1157) PSYoungGen: 2571344K(2610688K)->147429K(2608640K) Eden: 2428928K(2428928K)->0K(2434560K) From: 142416K(181760K)->147429K(174080K)
[4853.011s][info][gc,heap        ] GC(1157) ParOldGen: 4268404K(4268544K)->4361764K(4362240K)
[4853.011s][info][gc,metaspace   ] GC(1157) Metaspace: 29143K(29440K)->29143K(29440K) NonClass: 24252K(24384K)->24252K(24384K) Class: 4890K(5056K)->4890K(5056K)
[4853.011s][info][gc             ] GC(1157) Pause Young (Allocation Failure) 6679M->4403M(6807M) 104.424ms
[4853.011s][info][gc,cpu         ] GC(1157) User=0.59s Sys=0.03s Real=0.11s
.|.[4855.461s][info][gc,start       ] GC(1158) Pause Young (Allocation Failure)
[4855.562s][info][gc,heap        ] GC(1158) PSYoungGen: 2581989K(2608640K)->142752K(2611712K) Eden: 2434560K(2434560K)->0K(2434560K) From: 147429K(174080K)->142752K(177152K)
[4855.562s][info][gc,heap        ] GC(1158) ParOldGen: 4361764K(4362240K)->4452524K(4452864K)
[4855.562s][info][gc,metaspace   ] GC(1158) Metaspace: 29143K(29440K)->29143K(29440K) NonClass: 24252K(24384K)->24252K(24384K) Class: 4890K(5056K)->4890K(5056K)
[4855.562s][info][gc             ] GC(1158) Pause Young (Allocation Failure) 6781M->4487M(6899M) 101.197ms
[4855.562s][info][gc,cpu         ] GC(1158) User=0.57s Sys=0.02s Real=0.10s
...[4858.069s][info][gc,start       ] GC(1159) Pause Young (Allocation Failure)
[4858.173s][info][gc,heap        ] GC(1159) PSYoungGen: 2577312K(2611712K)->149440K(2613760K) Eden: 2434560K(2434560K)->0K(2443776K) From: 142752K(177152K)->149440K(169984K)
[4858.173s][info][gc,heap        ] GC(1159) ParOldGen: 4452524K(4452864K)->4541540K(4541952K)
[4858.173s][info][gc,metaspace   ] GC(1159) Metaspace: 29143K(29440K)->29143K(29440K) NonClass: 24252K(24384K)->24252K(24384K) Class: 4890K(5056K)->4890K(5056K)
[4858.173s][info][gc             ] GC(1159) Pause Young (Allocation Failure) 6865M->4581M(6988M) 104.212ms
[4858.173s][info][gc,cpu         ] GC(1159) User=0.59s Sys=0.02s Real=0.10s
..[4860.598s][info][gc,start       ] GC(1160) Pause Young (Allocation Failure)
[4860.699s][info][gc,heap        ] GC(1160) PSYoungGen: 2593216K(2613760K)->139296K(2616832K) Eden: 2443776K(2443776K)->0K(2443776K) From: 149440K(169984K)->139296K(173056K)
[4860.699s][info][gc,heap        ] GC(1160) ParOldGen: 4541540K(4541952K)->4634156K(4634624K)
[4860.699s][info][gc,metaspace   ] GC(1160) Metaspace: 29143K(29440K)->29143K(29440K) NonClass: 24252K(24384K)->24252K(24384K) Class: 4890K(5056K)->4890K(5056K)
[4860.699s][info][gc             ] GC(1160) Pause Young (Allocation Failure) 6967M->4661M(7081M) 101.584ms
[4860.699s][info][gc,cpu         ] GC(1160) User=0.57s Sys=0.02s Real=0.11s
...[4863.173s][info][gc,start       ] GC(1161) Pause Young (Allocation Failure)
[4863.280s][info][gc,heap        ] GC(1161) PSYoungGen: 2583072K(2616832K)->148960K(2618880K) Eden: 2443776K(2443776K)->0K(2450944K) From: 139296K(173056K)->148960K(167936K)
[4863.280s][info][gc,heap        ] GC(1161) ParOldGen: 4634156K(4634624K)->4725740K(4725760K)
[4863.280s][info][gc,metaspace   ] GC(1161) Metaspace: 29143K(29440K)->29143K(29440K) NonClass: 24252K(24384K)->24252K(24384K) Class: 4890K(5056K)->4890K(5056K)
[4863.280s][info][gc             ] GC(1161) Pause Young (Allocation Failure) 7048M->4760M(7172M) 106.525ms
[4863.280s][info][gc,cpu         ] GC(1161) User=0.60s Sys=0.02s Real=0.11s
...[4865.830s][info][gc,start       ] GC(1162) Pause Young (Allocation Failure)
[4865.932s][info][gc,heap        ] GC(1162) PSYoungGen: 2599904K(2618880K)->144370K(2621440K) Eden: 2450944K(2450944K)->0K(2450944K) From: 148960K(167936K)->144370K(170496K)
[4865.932s][info][gc,heap        ] GC(1162) ParOldGen: 4725740K(4725760K)->4816668K(4816896K)
[4865.932s][info][gc,metaspace   ] GC(1162) Metaspace: 29143K(29440K)->29143K(29440K) NonClass: 24252K(24384K)->24252K(24384K) Class: 4890K(5056K)->4890K(5056K)
[4865.932s][info][gc             ] GC(1162) Pause Young (Allocation Failure) 7153M->4844M(7264M) 102.072ms
[4865.932s][info][gc,cpu         ] GC(1162) User=0.59s Sys=0.02s Real=0.10s
..[4868.377s][info][gc,start       ] GC(1163) Pause Young (Allocation Failure)
[4868.479s][info][gc,heap        ] GC(1163) PSYoungGen: 2595314K(2621440K)->140713K(2622976K) Eden: 2450944K(2450944K)->0K(2457088K) From: 144370K(170496K)->140713K(165888K)
[4868.479s][info][gc,heap        ] GC(1163) ParOldGen: 4816668K(4816896K)->4909396K(4909568K)
[4868.479s][info][gc,metaspace   ] GC(1163) Metaspace: 29143K(29440K)->29143K(29440K) NonClass: 24252K(24384K)->24252K(24384K) Class: 4890K(5056K)->4890K(5056K)
[4868.479s][info][gc             ] GC(1163) Pause Young (Allocation Failure) 7238M->4931M(7356M) 101.745ms
[4868.479s][info][gc,cpu         ] GC(1163) User=0.57s Sys=0.02s Real=0.11s
...[4870.931s][info][gc,start       ] GC(1164) Pause Young (Allocation Failure)
[4871.031s][info][gc,heap        ] GC(1164) PSYoungGen: 2597801K(2622976K)->140512K(2624512K) Eden: 2457088K(2457088K)->0K(2457088K) From: 140713K(165888K)->140512K(167424K)
[4871.031s][info][gc,heap        ] GC(1164) ParOldGen: 4909396K(4909568K)->5000212K(5000704K)
[4871.031s][info][gc,metaspace   ] GC(1164) Metaspace: 29143K(29440K)->29143K(29440K) NonClass: 24252K(24384K)->24252K(24384K) Class: 4890K(5056K)->4890K(5056K)
[4871.031s][info][gc             ] GC(1164) Pause Young (Allocation Failure) 7331M->5020M(7446M) 99.583ms
[4871.031s][info][gc,cpu         ] GC(1164) User=0.56s Sys=0.03s Real=0.10s
..[4873.595s][info][gc,start       ] GC(1165) Pause Young (Allocation Failure)
[4873.699s][info][gc,heap        ] GC(1165) PSYoungGen: 2597600K(2624512K)->145605K(2624000K) Eden: 2457088K(2457088K)->0K(2462208K) From: 140512K(167424K)->145605K(161792K)
[4873.699s][info][gc,heap        ] GC(1165) ParOldGen: 5000212K(5000704K)->5090564K(5090816K)
[4873.699s][info][gc,metaspace   ] GC(1165) Metaspace: 29143K(29440K)->29143K(29440K) NonClass: 24252K(24384K)->24252K(24384K) Class: 4890K(5056K)->4890K(5056K)
[4873.699s][info][gc             ] GC(1165) Pause Young (Allocation Failure) 7419M->5113M(7534M) 104.469ms
[4873.699s][info][gc,cpu         ] GC(1165) User=0.59s Sys=0.03s Real=0.11s
...[4876.180s][info][gc,start       ] GC(1166) Pause Young (Allocation Failure)
[4876.283s][info][gc,heap        ] GC(1166) PSYoungGen: 2607813K(2624000K)->146080K(2626560K) Eden: 2462208K(2462208K)->0K(2462208K) From: 145605K(161792K)->146080K(164352K)
[4876.283s][info][gc,heap        ] GC(1166) ParOldGen: 5090564K(5090816K)->5184012K(5184512K)
[4876.283s][info][gc,metaspace   ] GC(1166) Metaspace: 29143K(29440K)->29143K(29440K) NonClass: 24252K(24384K)->24252K(24384K) Class: 4890K(5056K)->4890K(5056K)
[4876.283s][info][gc             ] GC(1166) Pause Young (Allocation Failure) 7517M->5205M(7628M) 103.337ms
[4876.283s][info][gc,cpu         ] GC(1166) User=0.58s Sys=0.03s Real=0.10s
..[4878.742s][info][gc,start       ] GC(1167) Pause Young (Allocation Failure)
[4878.847s][info][gc,heap        ] GC(1167) PSYoungGen: 2608288K(2626560K)->144480K(2627584K) Eden: 2462208K(2462208K)->0K(2468864K) From: 146080K(164352K)->144480K(158720K)
[4878.847s][info][gc,heap        ] GC(1167) ParOldGen: 5184012K(5184512K)->5276556K(5276672K)
[4878.847s][info][gc,metaspace   ] GC(1167) Metaspace: 29143K(29440K)->29143K(29440K) NonClass: 24252K(24384K)->24252K(24384K) Class: 4890K(5056K)->4890K(5056K)
[4878.847s][info][gc             ] GC(1167) Pause Young (Allocation Failure) 7609M->5293M(7719M) 105.163ms
[4878.847s][info][gc,cpu         ] GC(1167) User=0.58s Sys=0.04s Real=0.10s
...[4881.352s][info][gc,start       ] GC(1168) Pause Young (Allocation Failure)
[4881.457s][info][gc,heap        ] GC(1168) PSYoungGen: 2613344K(2627584K)->146778K(2630144K) Eden: 2468864K(2468864K)->0K(2468864K) From: 144480K(158720K)->146778K(161280K)
[4881.457s][info][gc,heap        ] GC(1168) ParOldGen: 5276556K(5276672K)->5368220K(5368320K)
[4881.457s][info][gc,metaspace   ] GC(1168) Metaspace: 29143K(29440K)->29143K(29440K) NonClass: 24252K(24384K)->24252K(24384K) Class: 4890K(5056K)->4890K(5056K)
[4881.457s][info][gc             ] GC(1168) Pause Young (Allocation Failure) 7704M->5385M(7811M) 105.218ms
[4881.457s][info][gc,cpu         ] GC(1168) User=0.59s Sys=0.03s Real=0.10s
...[4884.035s][info][gc,start       ] GC(1169) Pause Young (Allocation Failure)
[4884.136s][info][gc,heap        ] GC(1169) PSYoungGen: 2615642K(2630144K)->142816K(2631680K) Eden: 2468864K(2468864K)->0K(2474496K) From: 146778K(161280K)->142816K(157184K)
[4884.136s][info][gc,heap        ] GC(1169) ParOldGen: 5368220K(5368320K)->5460820K(5460992K)
[4884.136s][info][gc,metaspace   ] GC(1169) Metaspace: 29143K(29440K)->29143K(29440K) NonClass: 24252K(24384K)->24252K(24384K) Class: 4890K(5056K)->4890K(5056K)
[4884.136s][info][gc             ] GC(1169) Pause Young (Allocation Failure) 7796M->5472M(7903M) 101.023ms
[4884.137s][info][gc,cpu         ] GC(1169) User=0.56s Sys=0.03s Real=0.10s
..[4886.661s][info][gc,start       ] GC(1170) Pause Young (Allocation Failure)
[4886.763s][info][gc,heap        ] GC(1170) PSYoungGen: 2617312K(2631680K)->141120K(2633728K) Eden: 2474496K(2474496K)->0K(2474496K) From: 142816K(157184K)->141120K(159232K)
[4886.763s][info][gc,heap        ] GC(1170) ParOldGen: 5460820K(5460992K)->5552244K(5552640K)
[4886.763s][info][gc,metaspace   ] GC(1170) Metaspace: 29143K(29440K)->29143K(29440K) NonClass: 24252K(24384K)->24252K(24384K) Class: 4890K(5056K)->4890K(5056K)
[4886.763s][info][gc             ] GC(1170) Pause Young (Allocation Failure) 7888M->5559M(7994M) 101.280ms
[4886.763s][info][gc,cpu         ] GC(1170) User=0.56s Sys=0.03s Real=0.10s
...[4889.267s][info][gc,start       ] GC(1171) Pause Full (Allocation Failure)
[4889.267s][info][gc,phases,start] GC(1171) Marking Phase
[4889.555s][info][gc,phases      ] GC(1171) Marking Phase 288.104ms
[4889.555s][info][gc,phases,start] GC(1171) Summary Phase
[4889.555s][info][gc,phases      ] GC(1171) Summary Phase 0.094ms
[4889.555s][info][gc,phases,start] GC(1171) Forward
[4889.686s][info][gc,phases      ] GC(1171) Forward 130.749ms
[4889.686s][info][gc,phases,start] GC(1171) Adjust Pointers
[4889.885s][info][gc,phases      ] GC(1171) Adjust Pointers 199.153ms
[4889.885s][info][gc,phases,start] GC(1171) Compaction Phase
[4890.011s][info][gc,phases      ] GC(1171) Compaction Phase 125.888ms
[4890.012s][info][gc,phases,start] GC(1171) Post Compact
[4890.019s][info][gc,phases      ] GC(1171) Post Compact 6.992ms
[4890.150s][info][gc,heap        ] GC(1171) PSYoungGen: 2615616K(2633728K)->0K(2636288K) Eden: 2474496K(2474496K)->0K(2478080K) From: 141120K(159232K)->0K(158208K)
[4890.150s][info][gc,heap        ] GC(1171) ParOldGen: 5552244K(5552640K)->1420436K(1666048K)
[4890.150s][info][gc,metaspace   ] GC(1171) Metaspace: 29143K(29440K)->29143K(29440K) NonClass: 24252K(24384K)->24252K(24384K) Class: 4890K(5056K)->4890K(5056K)
[4890.150s][info][gc             ] GC(1171) Pause Full (Allocation Failure) 7976M->1387M(4201M) 883.821ms
[4890.150s][info][gc,cpu         ] GC(1171) User=3.99s Sys=0.13s Real=0.89s
..[4891.915s][info][gc,start       ] GC(1172) Pause Young (Allocation Failure)
[4891.982s][info][gc,heap        ] GC(1172) PSYoungGen: 2478080K(2636288K)->143520K(2636800K) Eden: 2478080K(2478080K)->0K(2478080K) From: 0K(158208K)->143520K(158720K)
[4891.982s][info][gc,heap        ] GC(1172) ParOldGen: 1420436K(1666048K)->1420436K(1666048K)
[4891.982s][info][gc,metaspace   ] GC(1172) Metaspace: 29143K(29440K)->29143K(29440K) NonClass: 24252K(24384K)->24252K(24384K) Class: 4890K(5056K)->4890K(5056K)
[4891.982s][info][gc             ] GC(1172) Pause Young (Allocation Failure) 3807M->1527M(4202M) 66.426ms
[4891.982s][info][gc,cpu         ] GC(1172) User=0.39s Sys=0.00s Real=0.07s
...[4894.444s][info][gc,start       ] GC(1173) Pause Young (Allocation Failure)
[4894.536s][info][gc,heap        ] GC(1173) PSYoungGen: 2621600K(2636800K)->136608K(2636800K) Eden: 2478080K(2478080K)->0K(2479104K) From: 143520K(158720K)->136608K(157696K)
[4894.536s][info][gc,heap        ] GC(1173) ParOldGen: 1420436K(1666048K)->1514308K(1666048K)
[4894.536s][info][gc,metaspace   ] GC(1173) Metaspace: 29143K(29440K)->29143K(29440K) NonClass: 24252K(24384K)->24252K(24384K) Class: 4890K(5056K)->4890K(5056K)
[4894.536s][info][gc             ] GC(1173) Pause Young (Allocation Failure) 3947M->1612M(4202M) 91.965ms
[4894.536s][info][gc,cpu         ] GC(1173) User=0.54s Sys=0.00s Real=0.09s
...[4897.206s][info][gc,start       ] GC(1174) Pause Young (Allocation Failure)
[4897.304s][info][gc,heap        ] GC(1174) PSYoungGen: 2615712K(2636800K)->149088K(2636800K) Eden: 2479104K(2479104K)->0K(2479104K) From: 136608K(157696K)->149088K(157696K)
[4897.304s][info][gc,heap        ] GC(1174) ParOldGen: 1514308K(1666048K)->1604468K(1666048K)
[4897.304s][info][gc,metaspace   ] GC(1174) Metaspace: 29143K(29440K)->29143K(29440K) NonClass: 24252K(24384K)->24252K(24384K) Class: 4890K(5056K)->4890K(5056K)
[4897.304s][info][gc             ] GC(1174) Pause Young (Allocation Failure) 4033M->1712M(4202M) 97.754ms
[4897.304s][info][gc,cpu         ] GC(1174) User=0.58s Sys=0.00s Real=0.10s
..[4899.754s][info][gc,start       ] GC(1175) Pause Young (Allocation Failure)
[4899.852s][info][gc,heap        ] GC(1175) PSYoungGen: 2628192K(2636800K)->142432K(2636800K) Eden: 2479104K(2479104K)->0K(2480128K) From: 149088K(157696K)->142432K(156672K)
[4899.852s][info][gc,heap        ] GC(1175) ParOldGen: 1604468K(1666048K)->1700260K(1700352K)
[4899.852s][info][gc,metaspace   ] GC(1175) Metaspace: 29143K(29440K)->29143K(29440K) NonClass: 24252K(24384K)->24252K(24384K) Class: 4890K(5056K)->4890K(5056K)
[4899.852s][info][gc             ] GC(1175) Pause Young (Allocation Failure) 4133M->1799M(4235M) 98.864ms
[4899.852s][info][gc,cpu         ] GC(1175) User=0.56s Sys=0.02s Real=0.10s
...[4902.411s][info][gc,start       ] GC(1176) Pause Young (Allocation Failure)
[4902.512s][info][gc,heap        ] GC(1176) PSYoungGen: 2622560K(2636800K)->147523K(2637312K) Eden: 2480128K(2480128K)->0K(2480128K) From: 142432K(156672K)->147523K(157184K)
[4902.512s][info][gc,heap        ] GC(1176) ParOldGen: 1700260K(1700352K)->1788956K(1789440K)
[4902.512s][info][gc,metaspace   ] GC(1176) Metaspace: 29143K(29440K)->29143K(29440K) NonClass: 24252K(24384K)->24252K(24384K) Class: 4890K(5056K)->4890K(5056K)
[4902.512s][info][gc             ] GC(1176) Pause Young (Allocation Failure) 4221M->1891M(4323M) 100.781ms
[4902.512s][info][gc,cpu         ] GC(1176) User=0.58s Sys=0.02s Real=0.10s
..[4905.035s][info][gc,start       ] GC(1177) Pause Young (Allocation Failure)
[4905.134s][info][gc,heap        ] GC(1177) PSYoungGen: 2627651K(2637312K)->142912K(2636800K) Eden: 2480128K(2480128K)->0K(2481664K) From: 147523K(157184K)->142912K(155136K)
[4905.134s][info][gc,heap        ] GC(1177) ParOldGen: 1788956K(1789440K)->1881796K(1882112K)
[4905.134s][info][gc,metaspace   ] GC(1177) Metaspace: 29143K(29440K)->29143K(29440K) NonClass: 24252K(24384K)->24252K(24384K) Class: 4890K(5056K)->4890K(5056K)
[4905.134s][info][gc             ] GC(1177) Pause Young (Allocation Failure) 4313M->1977M(4413M) 98.291ms
[4905.134s][info][gc,cpu         ] GC(1177) User=0.55s Sys=0.03s Real=0.10s
...[4907.629s][info][gc,start       ] GC(1178) Pause Young (Allocation Failure)
[4907.733s][info][gc,heap        ] GC(1178) PSYoungGen: 2624576K(2636800K)->151578K(2637824K) Eden: 2481664K(2481664K)->0K(2481664K) From: 142912K(155136K)->151578K(156160K)
[4907.733s][info][gc,heap        ] GC(1178) ParOldGen: 1881796K(1882112K)->1972964K(1973248K)
[4907.733s][info][gc,metaspace   ] GC(1178) Metaspace: 29143K(29440K)->29143K(29440K) NonClass: 24252K(24384K)->24252K(24384K) Class: 4890K(5056K)->4890K(5056K)
[4907.733s][info][gc             ] GC(1178) Pause Young (Allocation Failure) 4400M->2074M(4503M) 104.299ms
[4907.733s][info][gc,cpu         ] GC(1178) User=0.59s Sys=0.02s Real=0.10s
...[4910.243s][info][gc,start       ] GC(1179) Pause Young (Allocation Failure)
[4910.342s][info][gc,heap        ] GC(1179) PSYoungGen: 2633242K(2637824K)->141780K(2638848K) Eden: 2481664K(2481664K)->0K(2481152K) From: 151578K(156160K)->141780K(157696K)
[4910.342s][info][gc,heap        ] GC(1179) ParOldGen: 1972964K(1973248K)->2066228K(2066432K)
[4910.342s][info][gc,metaspace   ] GC(1179) Metaspace: 29143K(29440K)->29143K(29440K) NonClass: 24252K(24384K)->24252K(24384K) Class: 4890K(5056K)->4890K(5056K)
[4910.342s][info][gc             ] GC(1179) Pause Young (Allocation Failure) 4498M->2156M(4595M) 99.686ms
[4910.342s][info][gc,cpu         ] GC(1179) User=0.54s Sys=0.05s Real=0.10s
..[4912.851s][info][gc,start       ] GC(1180) Pause Young (Allocation Failure)
[4912.953s][info][gc,heap        ] GC(1180) PSYoungGen: 2622932K(2638848K)->147188K(2628608K) Eden: 2481152K(2481152K)->0K(2481152K) From: 141780K(157696K)->147188K(147456K)
[4912.953s][info][gc,heap        ] GC(1180) ParOldGen: 2066228K(2066432K)->2158820K(2159104K)
[4912.954s][info][gc,metaspace   ] GC(1180) Metaspace: 29143K(29440K)->29143K(29440K) NonClass: 24252K(24384K)->24252K(24384K) Class: 4890K(5056K)->4890K(5056K)
[4912.954s][info][gc             ] GC(1180) Pause Young (Allocation Failure) 4579M->2251M(4675M) 102.334ms
[4912.954s][info][gc,cpu         ] GC(1180) User=0.57s Sys=0.03s Real=0.10s
.. (rIR:aIR:PR = 7749:7750:7750) (tPR = 115193) [OK] 
  4914s: Performance info:
         Transaction,    Success,    Partial,     Failed,   Receipts, AvgBarcode, 
             Overall,     468926,          0,          0,     445398,      59.47, 
         Response times:
             Request,    Success,    Partial,     Failed,   SkipFail,     Probes,    Samples,      min,      p50,      p90,      p95,      p99,      max, 
       TotalPurchase,     445398,          0,          0,          0,     357994,     389208,      300,     5300,    14300,    37000,    84000,   216000,
     InStorePurchase,     233900,          0,          0,          0,     188640,     204483,      300,     5400,    15600,    42000,    84000,   216000,
      OnlinePurchase,     164599,          0,          0,          0,     131542,     143218,      300,     5200,    13000,    33000,    82000,   216000,
        InstPurchase,      46899,          0,          0,          0,      37812,      41507,      400,     5300,    13300,    32000,    86000,   180000,
          AssocOfCat,        471,          0,          0,          0,        377,        501,    21000,    37000,    65400,   101900,   150000,   180000,
      AssocOfProduct,       4699,          0,          0,          0,       4341,       4877,      600,     5000,    13200,    28000,    81220,   159000,
      BusinessReport,       1174,          0,          0,          0,       1041,       1275,    25000,    44000,    69000,   103600,   250000,   980000,
          CustBuyBeh,       4702,          0,          0,          0,       4322,       4990,      200,     3900,    11900,    29000,    76000,   145000,
       ProductReturn,      12482,          0,          0,          0,       9478,      10536,      200,     5800,    14100,    34000,    90000,   159000,

  4914s: (57%)   IR =   7887 .[4915.504s][info][gc,start       ] GC(1181) Pause Young (Allocation Failure)
[4915.602s][info][gc,heap        ] GC(1181) PSYoungGen: 2628340K(2628608K)->138976K(2637824K) Eden: 2481152K(2481152K)->0K(2481152K) From: 147188K(147456K)->138976K(156672K)
[4915.602s][info][gc,heap        ] GC(1181) ParOldGen: 2158820K(2159104K)->2251540K(2251776K)
[4915.602s][info][gc,metaspace   ] GC(1181) Metaspace: 29143K(29440K)->29143K(29440K) NonClass: 24252K(24384K)->24252K(24384K) Class: 4890K(5056K)->4890K(5056K)
[4915.602s][info][gc             ] GC(1181) Pause Young (Allocation Failure) 4674M->2334M(4775M) 97.421ms
[4915.602s][info][gc,cpu         ] GC(1181) User=0.53s Sys=0.04s Real=0.10s
..[4918.014s][info][gc,start       ] GC(1182) Pause Young (Allocation Failure)
[4918.115s][info][gc,heap        ] GC(1182) PSYoungGen: 2620128K(2637824K)->149157K(2637824K) Eden: 2481152K(2481152K)->0K(2481152K) From: 138976K(156672K)->149157K(156672K)
[4918.115s][info][gc,heap        ] GC(1182) ParOldGen: 2251540K(2251776K)->2343556K(2343936K)
[4918.115s][info][gc,metaspace   ] GC(1182) Metaspace: 29143K(29440K)->29143K(29440K) NonClass: 24252K(24384K)->24252K(24384K) Class: 4890K(5056K)->4890K(5056K)
[4918.115s][info][gc             ] GC(1182) Pause Young (Allocation Failure) 4757M->2434M(4865M) 101.391ms
[4918.115s][info][gc,cpu         ] GC(1182) User=0.57s Sys=0.04s Real=0.10s
...[4920.622s][info][gc,start       ] GC(1183) Pause Young (Allocation Failure)
[4920.726s][info][gc,heap        ] GC(1183) PSYoungGen: 2630309K(2637824K)->150980K(2636800K) Eden: 2481152K(2481152K)->0K(2479616K) From: 149157K(156672K)->150980K(157184K)
[4920.726s][info][gc,heap        ] GC(1183) ParOldGen: 2343556K(2343936K)->2435580K(2435584K)
[4920.726s][info][gc,metaspace   ] GC(1183) Metaspace: 29143K(29440K)->29143K(29440K) NonClass: 24252K(24384K)->24252K(24384K) Class: 4890K(5056K)->4890K(5056K)
[4920.726s][info][gc             ] GC(1183) Pause Young (Allocation Failure) 4857M->2525M(4953M) 103.969ms
[4920.726s][info][gc,cpu         ] GC(1183) User=0.58s Sys=0.03s Real=0.10s
..[4923.195s][info][gc,start       ] GC(1184) Pause Young (Allocation Failure)
[4923.295s][info][gc,heap        ] GC(1184) PSYoungGen: 2630596K(2636800K)->145536K(2637824K) Eden: 2479616K(2479616K)->0K(2479616K) From: 150980K(157184K)->145536K(158208K)
[4923.295s][info][gc,heap        ] GC(1184) ParOldGen: 2435580K(2435584K)->2528980K(2529280K)
[4923.295s][info][gc,metaspace   ] GC(1184) Metaspace: 29143K(29440K)->29143K(29440K) NonClass: 24252K(24384K)->24252K(24384K) Class: 4890K(5056K)->4890K(5056K)
[4923.295s][info][gc             ] GC(1184) Pause Young (Allocation Failure) 4947M->2611M(5046M) 100.919ms
[4923.296s][info][gc,cpu         ] GC(1184) User=0.57s Sys=0.02s Real=0.10s
.|..[4925.755s][info][gc,start       ] GC(1185) Pause Young (Allocation Failure)
[4925.855s][info][gc,heap        ] GC(1185) PSYoungGen: 2625152K(2637824K)->143556K(2635776K) Eden: 2479616K(2479616K)->0K(2480640K) From: 145536K(158208K)->143556K(155136K)
[4925.855s][info][gc,heap        ] GC(1185) ParOldGen: 2528980K(2529280K)->2621884K(2621952K)
[4925.855s][info][gc,metaspace   ] GC(1185) Metaspace: 29143K(29440K)->29143K(29440K) NonClass: 24252K(24384K)->24252K(24384K) Class: 4890K(5056K)->4890K(5056K)
[4925.855s][info][gc             ] GC(1185) Pause Young (Allocation Failure) 5033M->2700M(5134M) 100.853ms
[4925.856s][info][gc,cpu         ] GC(1185) User=0.56s Sys=0.03s Real=0.10s
..[4928.298s][info][gc,start       ] GC(1186) Pause Young (Allocation Failure)
[4928.396s][info][gc,heap        ] GC(1186) PSYoungGen: 2624196K(2635776K)->137056K(2636800K) Eden: 2480640K(2480640K)->0K(2480640K) From: 143556K(155136K)->137056K(156160K)
[4928.396s][info][gc,heap        ] GC(1186) ParOldGen: 2621884K(2621952K)->2712516K(2712576K)
[4928.396s][info][gc,metaspace   ] GC(1186) Metaspace: 29143K(29440K)->29143K(29440K) NonClass: 24252K(24384K)->24252K(24384K) Class: 4890K(5056K)->4890K(5056K)
[4928.396s][info][gc             ] GC(1186) Pause Young (Allocation Failure) 5123M->2782M(5224M) 98.243ms
[4928.396s][info][gc,cpu         ] GC(1186) User=0.56s Sys=0.02s Real=0.10s
..[4930.283s][info][gc,start       ] GC(1187) Pause Full (Diagnostic Command)
[4930.283s][info][gc,phases,start] GC(1187) Marking Phase
[4930.575s][info][gc,phases      ] GC(1187) Marking Phase 291.272ms
[4930.575s][info][gc,phases,start] GC(1187) Summary Phase
[4930.575s][info][gc,phases      ] GC(1187) Summary Phase 0.063ms
[4930.576s][info][gc,phases,start] GC(1187) Forward
[4930.786s][info][gc,phases      ] GC(1187) Forward 210.928ms
[4930.787s][info][gc,phases,start] GC(1187) Adjust Pointers
[4930.994s][info][gc,phases      ] GC(1187) Adjust Pointers 207.406ms
[4930.994s][info][gc,phases,start] GC(1187) Compaction Phase
[4931.152s][info][gc,phases      ] GC(1187) Compaction Phase 158.314ms
[4931.155s][info][gc,phases,start] GC(1187) Post Compact
[4931.159s][info][gc,phases      ] GC(1187) Post Compact 3.914ms
[4931.159s][info][gc,heap        ] GC(1187) PSYoungGen: 2011294K(2636800K)->0K(2636800K) Eden: 1874238K(2480640K)->0K(2480640K) From: 137056K(156160K)->0K(156160K)
[4931.159s][info][gc,heap        ] GC(1187) ParOldGen: 2712516K(2712576K)->1148383K(2712576K)
[4931.159s][info][gc,metaspace   ] GC(1187) Metaspace: 29143K(29440K)->29143K(29440K) NonClass: 24252K(24384K)->24252K(24384K) Class: 4890K(5056K)->4890K(5056K)
[4931.159s][info][gc             ] GC(1187) Pause Full (Diagnostic Command) 4613M->1121M(5224M) 875.595ms
[4931.159s][info][gc,cpu         ] GC(1187) User=4.44s Sys=0.00s Real=0.88s
..[4932.886s][info][gc,start       ] GC(1188) Pause Young (Allocation Failure)
[4932.954s][info][gc,heap        ] GC(1188) PSYoungGen: 2480640K(2636800K)->146928K(2639360K) Eden: 2480640K(2480640K)->0K(2483200K) From: 0K(156160K)->146928K(156160K)
[4932.954s][info][gc,heap        ] GC(1188) ParOldGen: 1148383K(2712576K)->1148383K(2712576K)
[4932.954s][info][gc,metaspace   ] GC(1188) Metaspace: 29143K(29440K)->29143K(29440K) NonClass: 24252K(24384K)->24252K(24384K) Class: 4890K(5056K)->4890K(5056K)
[4932.954s][info][gc             ] GC(1188) Pause Young (Allocation Failure) 3543M->1264M(5226M) 67.856ms
[4932.954s][info][gc,cpu         ] GC(1188) User=0.41s Sys=0.00s Real=0.07s
...[4935.478s][info][gc,start       ] GC(1189) Pause Young (Allocation Failure)
[4935.575s][info][gc,heap        ] GC(1189) PSYoungGen: 2630128K(2639360K)->144389K(2628096K) Eden: 2483200K(2483200K)->0K(2483200K) From: 146928K(156160K)->144389K(144896K)
[4935.575s][info][gc,heap        ] GC(1189) ParOldGen: 1148383K(2712576K)->1243239K(2712576K)
[4935.575s][info][gc,metaspace   ] GC(1189) Metaspace: 29143K(29440K)->29143K(29440K) NonClass: 24252K(24384K)->24252K(24384K) Class: 4890K(5056K)->4890K(5056K)
[4935.575s][info][gc             ] GC(1189) Pause Young (Allocation Failure) 3689M->1355M(5215M) 97.744ms
[4935.575s][info][gc,cpu         ] GC(1189) User=0.57s Sys=0.00s Real=0.10s
..[4938.085s][info][gc,start       ] GC(1190) Pause Young (Allocation Failure)
[4938.180s][info][gc,heap        ] GC(1190) PSYoungGen: 2627589K(2628096K)->144928K(2639872K) Eden: 2483200K(2483200K)->0K(2484736K) From: 144389K(144896K)->144928K(155136K)
[4938.180s][info][gc,heap        ] GC(1190) ParOldGen: 1243239K(2712576K)->1334775K(2712576K)
[4938.180s][info][gc,metaspace   ] GC(1190) Metaspace: 29143K(29440K)->29143K(29440K) NonClass: 24252K(24384K)->24252K(24384K) Class: 4890K(5056K)->4890K(5056K)
[4938.180s][info][gc             ] GC(1190) Pause Young (Allocation Failure) 3780M->1445M(5227M) 95.270ms
[4938.180s][info][gc,cpu         ] GC(1190) User=0.56s Sys=0.00s Real=0.10s
...[4940.616s][info][gc,start       ] GC(1191) Pause Young (Allocation Failure)
[4940.710s][info][gc,heap        ] GC(1191) PSYoungGen: 2629664K(2639872K)->143968K(2638848K) Eden: 2484736K(2484736K)->0K(2484736K) From: 144928K(155136K)->143968K(154112K)
[4940.710s][info][gc,heap        ] GC(1191) ParOldGen: 1334775K(2712576K)->1426719K(2712576K)
[4940.710s][info][gc,metaspace   ] GC(1191) Metaspace: 29143K(29440K)->29143K(29440K) NonClass: 24252K(24384K)->24252K(24384K) Class: 4890K(5056K)->4890K(5056K)
[4940.710s][info][gc             ] GC(1191) Pause Young (Allocation Failure) 3871M->1533M(5226M) 94.557ms
[4940.710s][info][gc,cpu         ] GC(1191) User=0.56s Sys=0.00s Real=0.10s
..[4943.197s][info][gc,start       ] GC(1192) Pause Young (Allocation Failure)
[4943.294s][info][gc,heap        ] GC(1192) PSYoungGen: 2628704K(2638848K)->146208K(2640896K) Eden: 2484736K(2484736K)->0K(2487296K) From: 143968K(154112K)->146208K(153600K)
[4943.294s][info][gc,heap        ] GC(1192) ParOldGen: 1426719K(2712576K)->1520023K(2712576K)
[4943.294s][info][gc,metaspace   ] GC(1192) Metaspace: 29143K(29440K)->29143K(29440K) NonClass: 24252K(24384K)->24252K(24384K) Class: 4890K(5056K)->4890K(5056K)
[4943.294s][info][gc             ] GC(1192) Pause Young (Allocation Failure) 3960M->1627M(5228M) 97.451ms
[4943.294s][info][gc,cpu         ] GC(1192) User=0.57s Sys=0.00s Real=0.10s
...[4945.720s][info][gc,start       ] GC(1193) Pause Young (Allocation Failure)
[4945.816s][info][gc,heap        ] GC(1193) PSYoungGen: 2633504K(2640896K)->141376K(2640384K) Eden: 2487296K(2487296K)->0K(2487296K) From: 146208K(153600K)->141376K(153088K)
[4945.816s][info][gc,heap        ] GC(1193) ParOldGen: 1520023K(2712576K)->1612207K(2712576K)
[4945.816s][info][gc,metaspace   ] GC(1193) Metaspace: 29143K(29440K)->29143K(29440K) NonClass: 24252K(24384K)->24252K(24384K) Class: 4890K(5056K)->4890K(5056K)
[4945.816s][info][gc             ] GC(1193) Pause Young (Allocation Failure) 4056M->1712M(5227M) 95.714ms
[4945.816s][info][gc,cpu         ] GC(1193) User=0.57s Sys=0.00s Real=0.09s
..[4948.259s][info][gc,start       ] GC(1194) Pause Young (Allocation Failure)
[4948.355s][info][gc,heap        ] GC(1194) PSYoungGen: 2628672K(2640384K)->140183K(2642432K) Eden: 2487296K(2487296K)->0K(2489344K) From: 141376K(153088K)->140183K(153088K)
[4948.355s][info][gc,heap        ] GC(1194) ParOldGen: 1612207K(2712576K)->1704951K(2712576K)
[4948.355s][info][gc,metaspace   ] GC(1194) Metaspace: 29143K(29440K)->29143K(29440K) NonClass: 24252K(24384K)->24252K(24384K) Class: 4890K(5056K)->4890K(5056K)
[4948.355s][info][gc             ] GC(1194) Pause Young (Allocation Failure) 4141M->1801M(5229M) 95.506ms
[4948.355s][info][gc,cpu         ] GC(1194) User=0.57s Sys=0.00s Real=0.09s
...[4950.837s][info][gc,start       ] GC(1195) Pause Young (Allocation Failure)
[4950.935s][info][gc,heap        ] GC(1195) PSYoungGen: 2629527K(2642432K)->151061K(2640896K) Eden: 2489344K(2489344K)->0K(2489344K) From: 140183K(153088K)->151061K(151552K)
[4950.935s][info][gc,heap        ] GC(1195) ParOldGen: 1704951K(2712576K)->1793167K(2712576K)
[4950.935s][info][gc,metaspace   ] GC(1195) Metaspace: 29143K(29440K)->29143K(29440K) NonClass: 24252K(24384K)->24252K(24384K) Class: 4890K(5056K)->4890K(5056K)
[4950.935s][info][gc             ] GC(1195) Pause Young (Allocation Failure) 4232M->1898M(5228M) 98.033ms
[4950.935s][info][gc,cpu         ] GC(1195) User=0.57s Sys=0.00s Real=0.10s
...[4953.493s][info][gc,start       ] GC(1196) Pause Young (Allocation Failure)
[4953.589s][info][gc,heap        ] GC(1196) PSYoungGen: 2640405K(2640896K)->141504K(2641920K) Eden: 2489344K(2489344K)->0K(2487296K) From: 151061K(151552K)->141504K(154624K)
[4953.589s][info][gc,heap        ] GC(1196) ParOldGen: 1793167K(2712576K)->1887983K(2712576K)
[4953.589s][info][gc,metaspace   ] GC(1196) Metaspace: 29143K(29440K)->29143K(29440K) NonClass: 24252K(24384K)->24252K(24384K) Class: 4890K(5056K)->4890K(5056K)
[4953.589s][info][gc             ] GC(1196) Pause Young (Allocation Failure) 4329M->1981M(5229M) 96.018ms
[4953.589s][info][gc,cpu         ] GC(1196) User=0.57s Sys=0.00s Real=0.10s
..[4956.114s][info][gc,start       ] GC(1197) Pause Young (Allocation Failure)
[4956.213s][info][gc,heap        ] GC(1197) PSYoungGen: 2628800K(2641920K)->154101K(2641408K) Eden: 2487296K(2487296K)->0K(2487296K) From: 141504K(154624K)->154101K(154112K)
[4956.213s][info][gc,heap        ] GC(1197) ParOldGen: 1887983K(2712576K)->1977807K(2712576K)
[4956.213s][info][gc,metaspace   ] GC(1197) Metaspace: 29143K(29440K)->29143K(29440K) NonClass: 24252K(24384K)->24252K(24384K) Class: 4890K(5056K)->4890K(5056K)
[4956.213s][info][gc             ] GC(1197) Pause Young (Allocation Failure) 4410M->2081M(5228M) 98.390ms
[4956.213s][info][gc,cpu         ] GC(1197) User=0.58s Sys=0.00s Real=0.10s
...[4958.695s][info][gc,start       ] GC(1198) Pause Young (Allocation Failure)
[4958.788s][info][gc,heap        ] GC(1198) PSYoungGen: 2641397K(2641408K)->137856K(2571776K) Eden: 2487296K(2487296K)->0K(2417152K) From: 154101K(154112K)->137856K(154624K)
[4958.788s][info][gc,heap        ] GC(1198) ParOldGen: 1977807K(2712576K)->2071391K(2712576K)
[4958.788s][info][gc,metaspace   ] GC(1198) Metaspace: 29143K(29440K)->29143K(29440K) NonClass: 24252K(24384K)->24252K(24384K) Class: 4890K(5056K)->4890K(5056K)
[4958.788s][info][gc             ] GC(1198) Pause Young (Allocation Failure) 4510M->2157M(5160M) 93.279ms
[4958.788s][info][gc,cpu         ] GC(1198) User=0.55s Sys=0.00s Real=0.10s
..[4961.258s][info][gc,start       ] GC(1199) Pause Young (Allocation Failure)
[4961.353s][info][gc,heap        ] GC(1199) PSYoungGen: 2555008K(2571776K)->139680K(2606592K) Eden: 2417152K(2417152K)->0K(2417152K) From: 137856K(154624K)->139680K(189440K)
[4961.353s][info][gc,heap        ] GC(1199) ParOldGen: 2071391K(2712576K)->2162031K(2712576K)
[4961.353s][info][gc,metaspace   ] GC(1199) Metaspace: 29143K(29440K)->29143K(29440K) NonClass: 24252K(24384K)->24252K(24384K) Class: 4890K(5056K)->4890K(5056K)
[4961.353s][info][gc             ] GC(1199) Pause Young (Allocation Failure) 4517M->2247M(5194M) 94.733ms
[4961.353s][info][gc,cpu         ] GC(1199) User=0.56s Sys=0.00s Real=0.09s
...[4963.671s][info][gc,start       ] GC(1200) Pause Young (Allocation Failure)
[4963.767s][info][gc,heap        ] GC(1200) PSYoungGen: 2556832K(2606592K)->137120K(2603008K) Eden: 2417152K(2417152K)->0K(2418688K) From: 139680K(189440K)->137120K(184320K)
[4963.767s][info][gc,heap        ] GC(1200) ParOldGen: 2162031K(2712576K)->2254631K(2712576K)
[4963.767s][info][gc,metaspace   ] GC(1200) Metaspace: 29143K(29440K)->29143K(29440K) NonClass: 24252K(24384K)->24252K(24384K) Class: 4890K(5056K)->4890K(5056K)
[4963.767s][info][gc             ] GC(1200) Pause Young (Allocation Failure) 4608M->2335M(5191M) 95.437ms
[4963.767s][info][gc,cpu         ] GC(1200) User=0.56s Sys=0.00s Real=0.09s
..[4966.233s][info][gc,start       ] GC(1201) Pause Young (Allocation Failure)
[4966.326s][info][gc,heap        ] GC(1201) PSYoungGen: 2555808K(2603008K)->139200K(2605568K) Eden: 2418688K(2418688K)->0K(2418688K) From: 137120K(184320K)->139200K(186880K)
[4966.326s][info][gc,heap        ] GC(1201) ParOldGen: 2254631K(2712576K)->2344087K(2712576K)
[4966.326s][info][gc,metaspace   ] GC(1201) Metaspace: 29143K(29440K)->29143K(29440K) NonClass: 24252K(24384K)->24252K(24384K) Class: 4890K(5056K)->4890K(5056K)
[4966.326s][info][gc             ] GC(1201) Pause Young (Allocation Failure) 4697M->2425M(5193M) 92.880ms
[4966.326s][info][gc,cpu         ] GC(1201) User=0.55s Sys=0.00s Real=0.09s
...[4968.718s][info][gc,start       ] GC(1202) Pause Young (Allocation Failure)
[4968.814s][info][gc,heap        ] GC(1202) PSYoungGen: 2557888K(2605568K)->143397K(2603520K) Eden: 2418688K(2418688K)->0K(2424320K) From: 139200K(186880K)->143397K(179200K)
[4968.814s][info][gc,heap        ] GC(1202) ParOldGen: 2344087K(2712576K)->2435823K(2712576K)
[4968.814s][info][gc,metaspace   ] GC(1202) Metaspace: 29143K(29440K)->29143K(29440K) NonClass: 24252K(24384K)->24252K(24384K) Class: 4890K(5056K)->4890K(5056K)
[4968.814s][info][gc             ] GC(1202) Pause Young (Allocation Failure) 4787M->2518M(5191M) 96.059ms
[4968.814s][info][gc,cpu         ] GC(1202) User=0.57s Sys=0.00s Real=0.10s
..[4971.247s][info][gc,start       ] GC(1203) Pause Young (Allocation Failure)
[4971.342s][info][gc,heap        ] GC(1203) PSYoungGen: 2567717K(2603520K)->140884K(2606592K) Eden: 2424320K(2424320K)->0K(2424320K) From: 143397K(179200K)->140884K(182272K)
[4971.342s][info][gc,heap        ] GC(1203) ParOldGen: 2435823K(2712576K)->2526759K(2712576K)
[4971.342s][info][gc,metaspace   ] GC(1203) Metaspace: 29143K(29440K)->29143K(29440K) NonClass: 24252K(24384K)->24252K(24384K) Class: 4890K(5056K)->4890K(5056K)
[4971.342s][info][gc             ] GC(1203) Pause Young (Allocation Failure) 4886M->2605M(5194M) 95.713ms
[4971.342s][info][gc,cpu         ] GC(1203) User=0.56s Sys=0.00s Real=0.10s
...[4973.771s][info][gc,start       ] GC(1204) Pause Young (Allocation Failure)
[4973.869s][info][gc,heap        ] GC(1204) PSYoungGen: 2565204K(2606592K)->143504K(2607616K) Eden: 2424320K(2424320K)->0K(2433536K) From: 140884K(182272K)->143504K(174080K)
[4973.869s][info][gc,heap        ] GC(1204) ParOldGen: 2526759K(2712576K)->2620967K(2712576K)
[4973.869s][info][gc,metaspace   ] GC(1204) Metaspace: 29143K(29440K)->29143K(29440K) NonClass: 24252K(24384K)->24252K(24384K) Class: 4890K(5056K)->4890K(5056K)
[4973.869s][info][gc             ] GC(1204) Pause Young (Allocation Failure) 4972M->2699M(5195M) 98.133ms
[4973.869s][info][gc,cpu         ] GC(1204) User=0.58s Sys=0.00s Real=0.10s
..[4976.304s][info][gc,start       ] GC(1205) Pause Young (Allocation Failure)
[4976.400s][info][gc,heap        ] GC(1205) PSYoungGen: 2577040K(2607616K)->144077K(2611200K) Eden: 2433536K(2433536K)->0K(2433536K) From: 143504K(174080K)->144077K(177664K)
[4976.401s][info][gc,heap        ] GC(1205) ParOldGen: 2620967K(2712576K)->2709231K(2712576K)
[4976.401s][info][gc,metaspace   ] GC(1205) Metaspace: 29143K(29440K)->29143K(29440K) NonClass: 24252K(24384K)->24252K(24384K) Class: 4890K(5056K)->4890K(5056K)
[4976.401s][info][gc             ] GC(1205) Pause Young (Allocation Failure) 5076M->2786M(5199M) 96.591ms
[4976.401s][info][gc,cpu         ] GC(1205) User=0.57s Sys=0.00s Real=0.10s
...[4978.785s][info][gc,start       ] GC(1206) Pause Young (Allocation Failure)
[4978.886s][info][gc,heap        ] GC(1206) PSYoungGen: 2577613K(2611200K)->141716K(2613248K) Eden: 2433536K(2433536K)->0K(2443264K) From: 144077K(177664K)->141716K(169984K)
[4978.886s][info][gc,heap        ] GC(1206) ParOldGen: 2709231K(2712576K)->2802911K(2803200K)
[4978.886s][info][gc,metaspace   ] GC(1206) Metaspace: 29143K(29440K)->29143K(29440K) NonClass: 24252K(24384K)->24252K(24384K) Class: 4890K(5056K)->4890K(5056K)
[4978.886s][info][gc             ] GC(1206) Pause Young (Allocation Failure) 5162M->2875M(5289M) 100.517ms
[4978.886s][info][gc,cpu         ] GC(1206) User=0.57s Sys=0.03s Real=0.10s
..[4981.346s][info][gc,start       ] GC(1207) Pause Young (Allocation Failure)
[4981.449s][info][gc,heap        ] GC(1207) PSYoungGen: 2584980K(2613248K)->146297K(2616320K) Eden: 2443264K(2443264K)->0K(2443264K) From: 141716K(169984K)->146297K(173056K)
[4981.449s][info][gc,heap        ] GC(1207) ParOldGen: 2802911K(2803200K)->2892511K(2892800K)
[4981.449s][info][gc,metaspace   ] GC(1207) Metaspace: 29143K(29440K)->29143K(29440K) NonClass: 24252K(24384K)->24252K(24384K) Class: 4890K(5056K)->4890K(5056K)
[4981.449s][info][gc             ] GC(1207) Pause Young (Allocation Failure) 5261M->2967M(5380M) 102.698ms
[4981.449s][info][gc,cpu         ] GC(1207) User=0.57s Sys=0.03s Real=0.11s
... (rIR:aIR:PR = 7887:7894:7894) (tPR = 117301) [OK] 
  4983s: Performance info:
         Transaction,    Success,    Partial,     Failed,   Receipts, AvgBarcode, 
             Overall,     474953,          0,          0,     451224,      59.47, 
         Response times:
             Request,    Success,    Partial,     Failed,   SkipFail,     Probes,    Samples,      min,      p50,      p90,      p95,      p99,      max, 
       TotalPurchase,     451226,          0,          0,          0,     353670,     415991,      300,     5600,    15300,    46000,   178000,   900000,
     InStorePurchase,     236627,          0,          0,          0,     186568,     218765,      300,     5400,    15000,    44000,   179000,   900000,
      OnlinePurchase,     167130,          0,          0,          0,     129841,     153010,      300,     5700,    15600,    46000,   178000,   900000,
        InstPurchase,      47469,          0,          0,          0,      37261,      44216,      300,     5900,    16000,    47000,   128000,   900000,
          AssocOfCat,        474,          0,          0,          0,        375,        508,    21000,    37000,    66000,   116200,   184910,  1100000,
      AssocOfProduct,       4744,          0,          0,          0,       4441,       5446,      500,     4200,    13400,    40000,   125000,   890000,
      BusinessReport,       1191,          0,          0,          0,       1038,       1328,    23000,    44000,    68000,   116000,   181000,  1100000,
          CustBuyBeh,       4760,          0,          0,          0,       4440,       5426,      300,     6000,    17130,    46650,   105000,   172000,
       ProductReturn,      12560,          0,          0,          0,       9605,      11580,      100,     4800,    14400,    42000,   123000,   900000,

  4983s: (58%)   IR =   8025 [4983.836s][info][gc,start       ] GC(1208) Pause Young (Allocation Failure)
[4983.936s][info][gc,heap        ] GC(1208) PSYoungGen: 2589561K(2616320K)->142944K(2619392K) Eden: 2443264K(2443264K)->0K(2452480K) From: 146297K(173056K)->142944K(166912K)
[4983.936s][info][gc,heap        ] GC(1208) ParOldGen: 2892511K(2892800K)->2983943K(2984448K)
[4983.936s][info][gc,metaspace   ] GC(1208) Metaspace: 29143K(29440K)->29143K(29440K) NonClass: 24252K(24384K)->24252K(24384K) Class: 4890K(5056K)->4890K(5056K)
[4983.936s][info][gc             ] GC(1208) Pause Young (Allocation Failure) 5353M->3053M(5472M) 100.496ms
[4983.936s][info][gc,cpu         ] GC(1208) User=0.57s Sys=0.02s Real=0.10s
..[4986.334s][info][gc,start       ] GC(1209) Pause Young (Allocation Failure)
[4986.437s][info][gc,heap        ] GC(1209) PSYoungGen: 2595424K(2619392K)->144208K(2621440K) Eden: 2452480K(2452480K)->0K(2452480K) From: 142944K(166912K)->144208K(168960K)
[4986.437s][info][gc,heap        ] GC(1209) ParOldGen: 2983943K(2984448K)->3076407K(3076608K)
[4986.437s][info][gc,metaspace   ] GC(1209) Metaspace: 29143K(29440K)->29143K(29440K) NonClass: 24252K(24384K)->24252K(24384K) Class: 4890K(5056K)->4890K(5056K)
[4986.437s][info][gc             ] GC(1209) Pause Young (Allocation Failure) 5448M->3145M(5564M) 103.426ms
[4986.437s][info][gc,cpu         ] GC(1209) User=0.58s Sys=0.03s Real=0.10s
...[4988.885s][info][gc,start       ] GC(1210) Pause Young (Allocation Failure)
[4988.986s][info][gc,heap        ] GC(1210) PSYoungGen: 2596688K(2621440K)->143616K(2624000K) Eden: 2452480K(2452480K)->0K(2460160K) From: 144208K(168960K)->143616K(163840K)
[4988.986s][info][gc,heap        ] GC(1210) ParOldGen: 3076407K(3076608K)->3165847K(3166208K)
[4988.986s][info][gc,metaspace   ] GC(1210) Metaspace: 29143K(29440K)->29143K(29440K) NonClass: 24252K(24384K)->24252K(24384K) Class: 4890K(5056K)->4890K(5056K)
[4988.986s][info][gc             ] GC(1210) Pause Young (Allocation Failure) 5540M->3231M(5654M) 101.403ms
[4988.986s][info][gc,cpu         ] GC(1210) User=0.57s Sys=0.03s Real=0.10s
..[4991.399s][info][gc,start       ] GC(1211) Pause Young (Allocation Failure)
[4991.499s][info][gc,heap        ] GC(1211) PSYoungGen: 2603776K(2624000K)->137632K(2625536K) Eden: 2460160K(2460160K)->0K(2460160K) From: 143616K(163840K)->137632K(165376K)
[4991.499s][info][gc,heap        ] GC(1211) ParOldGen: 3165847K(3166208K)->3258903K(3259392K)
[4991.499s][info][gc,metaspace   ] GC(1211) Metaspace: 29143K(29440K)->29143K(29440K) NonClass: 24252K(24384K)->24252K(24384K) Class: 4890K(5056K)->4890K(5056K)
[4991.499s][info][gc             ] GC(1211) Pause Young (Allocation Failure) 5634M->3316M(5747M) 100.393ms
[4991.499s][info][gc,cpu         ] GC(1211) User=0.56s Sys=0.04s Real=0.10s
...[4993.876s][info][gc,start       ] GC(1212) Pause Young (Allocation Failure)
[4993.978s][info][gc,heap        ] GC(1212) PSYoungGen: 2597792K(2625536K)->146149K(2628096K) Eden: 2460160K(2460160K)->0K(2466304K) From: 137632K(165376K)->146149K(161792K)
[4993.978s][info][gc,heap        ] GC(1212) ParOldGen: 3258903K(3259392K)->3351279K(3351552K)
[4993.978s][info][gc,metaspace   ] GC(1212) Metaspace: 29143K(29440K)->29143K(29440K) NonClass: 24252K(24384K)->24252K(24384K) Class: 4890K(5056K)->4890K(5056K)
[4993.978s][info][gc             ] GC(1212) Pause Young (Allocation Failure) 5719M->3415M(5839M) 101.908ms
[4993.978s][info][gc,cpu         ] GC(1212) User=0.57s Sys=0.03s Real=0.10s
.|.[4996.366s][info][gc,start       ] GC(1213) Pause Young (Allocation Failure)
[4996.465s][info][gc,heap        ] GC(1213) PSYoungGen: 2612453K(2628096K)->142848K(2629632K) Eden: 2466304K(2466304K)->0K(2466304K) From: 146149K(161792K)->142848K(163328K)
[4996.466s][info][gc,heap        ] GC(1213) ParOldGen: 3351279K(3351552K)->3442175K(3442176K)
[4996.466s][info][gc,metaspace   ] GC(1213) Metaspace: 29143K(29440K)->29143K(29440K) NonClass: 24252K(24384K)->24252K(24384K) Class: 4890K(5056K)->4890K(5056K)
[4996.466s][info][gc             ] GC(1213) Pause Young (Allocation Failure) 5823M->3500M(5929M) 99.059ms
[4996.466s][info][gc,cpu         ] GC(1213) User=0.56s Sys=0.02s Real=0.10s
...[4998.928s][info][gc,start       ] GC(1214) Pause Young (Allocation Failure)
[4999.032s][info][gc,heap        ] GC(1214) PSYoungGen: 2609152K(2629632K)->146976K(2630656K) Eden: 2466304K(2466304K)->0K(2470912K) From: 142848K(163328K)->146976K(159744K)
[4999.032s][info][gc,heap        ] GC(1214) ParOldGen: 3442175K(3442176K)->3534943K(3535360K)
[4999.032s][info][gc,metaspace   ] GC(1214) Metaspace: 29143K(29440K)->29143K(29440K) NonClass: 24252K(24384K)->24252K(24384K) Class: 4890K(5056K)->4890K(5056K)
[4999.032s][info][gc             ] GC(1214) Pause Young (Allocation Failure) 5909M->3595M(6021M) 103.893ms
[4999.032s][info][gc,cpu         ] GC(1214) User=0.58s Sys=0.03s Real=0.11s
..[5001.436s][info][gc,start       ] GC(1215) Pause Young (Allocation Failure)
[5001.539s][info][gc,heap        ] GC(1215) PSYoungGen: 2617888K(2630656K)->146148K(2631680K) Eden: 2470912K(2470912K)->0K(2470912K) From: 146976K(159744K)->146148K(160768K)
[5001.539s][info][gc,heap        ] GC(1215) ParOldGen: 3534943K(3535360K)->3626815K(3627008K)
[5001.539s][info][gc,metaspace   ] GC(1215) Metaspace: 29143K(29440K)->29143K(29440K) NonClass: 24252K(24384K)->24252K(24384K) Class: 4890K(5056K)->4890K(5056K)
[5001.539s][info][gc             ] GC(1215) Pause Young (Allocation Failure) 6008M->3684M(6112M) 103.166ms
[5001.539s][info][gc,cpu         ] GC(1215) User=0.59s Sys=0.03s Real=0.11s
...[5004.024s][info][gc,start       ] GC(1216) Pause Young (Allocation Failure)
[5004.126s][info][gc,heap        ] GC(1216) PSYoungGen: 2617060K(2631680K)->148341K(2634240K) Eden: 2470912K(2470912K)->0K(2475520K) From: 146148K(160768K)->148341K(158720K)
[5004.127s][info][gc,heap        ] GC(1216) ParOldGen: 3626815K(3627008K)->3717735K(3718144K)
[5004.127s][info][gc,metaspace   ] GC(1216) Metaspace: 29143K(29440K)->29143K(29440K) NonClass: 24252K(24384K)->24252K(24384K) Class: 4890K(5056K)->4890K(5056K)
[5004.127s][info][gc             ] GC(1216) Pause Young (Allocation Failure) 6097M->3775M(6203M) 102.955ms
[5004.127s][info][gc,cpu         ] GC(1216) User=0.57s Sys=0.03s Real=0.10s
..[5006.531s][info][gc,start       ] GC(1217) Pause Young (Allocation Failure)
[5006.630s][info][gc,heap        ] GC(1217) PSYoungGen: 2623861K(2634240K)->140128K(2634752K) Eden: 2475520K(2475520K)->0K(2475520K) From: 148341K(158720K)->140128K(159232K)
[5006.630s][info][gc,heap        ] GC(1217) ParOldGen: 3717735K(3718144K)->3809919K(3810304K)
[5006.630s][info][gc,metaspace   ] GC(1217) Metaspace: 29143K(29440K)->29143K(29440K) NonClass: 24252K(24384K)->24252K(24384K) Class: 4890K(5056K)->4890K(5056K)
[5006.630s][info][gc             ] GC(1217) Pause Young (Allocation Failure) 6192M->3857M(6294M) 98.890ms
[5006.630s][info][gc,cpu         ] GC(1217) User=0.56s Sys=0.02s Real=0.10s
...[5009.031s][info][gc,start       ] GC(1218) Pause Young (Allocation Failure)
[5009.137s][info][gc,heap        ] GC(1218) PSYoungGen: 2615648K(2634752K)->148339K(2635776K) Eden: 2475520K(2475520K)->0K(2477568K) From: 140128K(159232K)->148339K(158208K)
[5009.137s][info][gc,heap        ] GC(1218) ParOldGen: 3809919K(3810304K)->3902199K(3902464K)
[5009.137s][info][gc,metaspace   ] GC(1218) Metaspace: 29143K(29440K)->29143K(29440K) NonClass: 24252K(24384K)->24252K(24384K) Class: 4890K(5056K)->4890K(5056K)
[5009.137s][info][gc             ] GC(1218) Pause Young (Allocation Failure) 6274M->3955M(6385M) 106.197ms
[5009.137s][info][gc,cpu         ] GC(1218) User=0.59s Sys=0.04s Real=0.10s
..[5011.583s][info][gc,start       ] GC(1219) Pause Young (Allocation Failure)
[5011.683s][info][gc,heap        ] GC(1219) PSYoungGen: 2625907K(2635776K)->143760K(2636288K) Eden: 2477568K(2477568K)->0K(2477568K) From: 148339K(158208K)->143760K(158720K)
[5011.684s][info][gc,heap        ] GC(1219) ParOldGen: 3902199K(3902464K)->3993551K(3993600K)
[5011.684s][info][gc,metaspace   ] GC(1219) Metaspace: 29143K(29440K)->29143K(29440K) NonClass: 24252K(24384K)->24252K(24384K) Class: 4890K(5056K)->4890K(5056K)
[5011.684s][info][gc             ] GC(1219) Pause Young (Allocation Failure) 6375M->4040M(6474M) 100.493ms
[5011.684s][info][gc,cpu         ] GC(1219) User=0.57s Sys=0.02s Real=0.10s
...[5014.139s][info][gc,start       ] GC(1220) Pause Young (Allocation Failure)
[5014.241s][info][gc,heap        ] GC(1220) PSYoungGen: 2621328K(2636288K)->147776K(2636800K) Eden: 2477568K(2477568K)->0K(2479104K) From: 143760K(158720K)->147776K(157696K)
[5014.241s][info][gc,heap        ] GC(1220) ParOldGen: 3993551K(3993600K)->4083511K(4083712K)
[5014.241s][info][gc,metaspace   ] GC(1220) Metaspace: 29143K(29440K)->29143K(29440K) NonClass: 24252K(24384K)->24252K(24384K) Class: 4890K(5056K)->4890K(5056K)
[5014.241s][info][gc             ] GC(1220) Pause Young (Allocation Failure) 6459M->4132M(6563M) 101.907ms
[5014.241s][info][gc,cpu         ] GC(1220) User=0.57s Sys=0.03s Real=0.10s
..[5016.701s][info][gc,start       ] GC(1221) Pause Young (Allocation Failure)
[5016.804s][info][gc,heap        ] GC(1221) PSYoungGen: 2626880K(2636800K)->143332K(2636800K) Eden: 2479104K(2479104K)->0K(2479104K) From: 147776K(157696K)->143332K(157696K)
[5016.804s][info][gc,heap        ] GC(1221) ParOldGen: 4083511K(4083712K)->4177287K(4177408K)
[5016.804s][info][gc,metaspace   ] GC(1221) Metaspace: 29143K(29440K)->29143K(29440K) NonClass: 24252K(24384K)->24252K(24384K) Class: 4890K(5056K)->4890K(5056K)
[5016.804s][info][gc             ] GC(1221) Pause Young (Allocation Failure) 6553M->4219M(6654M) 103.197ms
[5016.804s][info][gc,cpu         ] GC(1221) User=0.57s Sys=0.02s Real=0.10s
...[5019.224s][info][gc,start       ] GC(1222) Pause Young (Allocation Failure)
[5019.323s][info][gc,heap        ] GC(1222) PSYoungGen: 2622436K(2636800K)->140448K(2637824K) Eden: 2479104K(2479104K)->0K(2481152K) From: 143332K(157696K)->140448K(156672K)
[5019.323s][info][gc,heap        ] GC(1222) ParOldGen: 4177287K(4177408K)->4266247K(4266496K)
[5019.323s][info][gc,metaspace   ] GC(1222) Metaspace: 29143K(29440K)->29143K(29440K) NonClass: 24252K(24384K)->24252K(24384K) Class: 4890K(5056K)->4890K(5056K)
[5019.323s][info][gc             ] GC(1222) Pause Young (Allocation Failure) 6640M->4303M(6742M) 99.710ms
[5019.323s][info][gc,cpu         ] GC(1222) User=0.55s Sys=0.03s Real=0.10s
..[5021.663s][info][gc,start       ] GC(1223) Pause Young (Allocation Failure)
[5021.767s][info][gc,heap        ] GC(1223) PSYoungGen: 2621600K(2637824K)->143860K(2637312K) Eden: 2481152K(2481152K)->0K(2481152K) From: 140448K(156672K)->143860K(156160K)
[5021.767s][info][gc,heap        ] GC(1223) ParOldGen: 4266247K(4266496K)->4360847K(4361216K)
[5021.767s][info][gc,metaspace   ] GC(1223) Metaspace: 29143K(29440K)->29143K(29440K) NonClass: 24252K(24384K)->24252K(24384K) Class: 4890K(5056K)->4890K(5056K)
[5021.767s][info][gc             ] GC(1223) Pause Young (Allocation Failure) 6726M->4399M(6834M) 103.780ms
[5021.767s][info][gc,cpu         ] GC(1223) User=0.58s Sys=0.04s Real=0.10s
...[5024.194s][info][gc,start       ] GC(1224) Pause Young (Allocation Failure)
[5024.296s][info][gc,heap        ] GC(1224) PSYoungGen: 2625012K(2637312K)->146496K(2638336K) Eden: 2481152K(2481152K)->0K(2483200K) From: 143860K(156160K)->146496K(155136K)
[5024.296s][info][gc,heap        ] GC(1224) ParOldGen: 4360847K(4361216K)->4451423K(4451840K)
[5024.296s][info][gc,metaspace   ] GC(1224) Metaspace: 29143K(29440K)->29143K(29440K) NonClass: 24252K(24384K)->24252K(24384K) Class: 4890K(5056K)->4890K(5056K)
[5024.296s][info][gc             ] GC(1224) Pause Young (Allocation Failure) 6822M->4490M(6924M) 101.994ms
[5024.296s][info][gc,cpu         ] GC(1224) User=0.56s Sys=0.04s Real=0.10s
..[5026.809s][info][gc,start       ] GC(1225) Pause Young (Allocation Failure)
[5026.914s][info][gc,heap        ] GC(1225) PSYoungGen: 2629696K(2638336K)->149904K(2638336K) Eden: 2483200K(2483200K)->0K(2483200K) From: 146496K(155136K)->149904K(155136K)
[5026.914s][info][gc,heap        ] GC(1225) ParOldGen: 4451423K(4451840K)->4543631K(4544000K)
[5026.914s][info][gc,metaspace   ] GC(1225) Metaspace: 29143K(29440K)->29143K(29440K) NonClass: 24252K(24384K)->24252K(24384K) Class: 4890K(5056K)->4890K(5056K)
[5026.914s][info][gc             ] GC(1225) Pause Young (Allocation Failure) 6915M->4583M(7014M) 104.637ms
[5026.914s][info][gc,cpu         ] GC(1225) User=0.59s Sys=0.03s Real=0.10s
...[5029.267s][info][gc,start       ] GC(1226) Pause Young (Allocation Failure)
[5029.367s][info][gc,heap        ] GC(1226) PSYoungGen: 2633104K(2638336K)->136096K(2638848K) Eden: 2483200K(2483200K)->0K(2482688K) From: 149904K(155136K)->136096K(156160K)
[5029.367s][info][gc,heap        ] GC(1226) ParOldGen: 4543631K(4544000K)->4637255K(4637696K)
[5029.367s][info][gc,metaspace   ] GC(1226) Metaspace: 29143K(29440K)->29143K(29440K) NonClass: 24252K(24384K)->24252K(24384K) Class: 4890K(5056K)->4890K(5056K)
[5029.367s][info][gc             ] GC(1226) Pause Young (Allocation Failure) 7008M->4661M(7106M) 100.062ms
[5029.367s][info][gc,cpu         ] GC(1226) User=0.56s Sys=0.03s Real=0.10s
..[5031.923s][info][gc,start       ] GC(1227) Pause Young (Allocation Failure)
[5032.032s][info][gc,heap        ] GC(1227) PSYoungGen: 2618784K(2638848K)->156047K(2638848K) Eden: 2482688K(2482688K)->0K(2482688K) From: 136096K(156160K)->156047K(156160K)
[5032.032s][info][gc,heap        ] GC(1227) ParOldGen: 4637255K(4637696K)->4728767K(4728832K)
[5032.032s][info][gc,metaspace   ] GC(1227) Metaspace: 29143K(29440K)->29143K(29440K) NonClass: 24252K(24384K)->24252K(24384K) Class: 4890K(5056K)->4890K(5056K)
[5032.032s][info][gc             ] GC(1227) Pause Young (Allocation Failure) 7085M->4770M(7195M) 109.070ms
[5032.032s][info][gc,cpu         ] GC(1227) User=0.62s Sys=0.02s Real=0.11s
...[5034.421s][info][gc,start       ] GC(1228) Pause Young (Allocation Failure)
[5034.525s][info][gc,heap        ] GC(1228) PSYoungGen: 2638735K(2638848K)->145157K(2636800K) Eden: 2482688K(2482688K)->0K(2479616K) From: 156047K(156160K)->145157K(157184K)
[5034.525s][info][gc,heap        ] GC(1228) ParOldGen: 4728767K(4728832K)->4821871K(4822016K)
[5034.525s][info][gc,metaspace   ] GC(1228) Metaspace: 29143K(29440K)->29143K(29440K) NonClass: 24252K(24384K)->24252K(24384K) Class: 4890K(5056K)->4890K(5056K)
[5034.525s][info][gc             ] GC(1228) Pause Young (Allocation Failure) 7194M->4850M(7284M) 104.166ms
[5034.525s][info][gc,cpu         ] GC(1228) User=0.59s Sys=0.02s Real=0.10s
..[5036.935s][info][gc,start       ] GC(1229) Pause Young (Allocation Failure)
[5037.039s][info][gc,heap        ] GC(1229) PSYoungGen: 2624773K(2636800K)->147536K(2637824K) Eden: 2479616K(2479616K)->0K(2479616K) From: 145157K(157184K)->147536K(158208K)
[5037.039s][info][gc,heap        ] GC(1229) ParOldGen: 4821871K(4822016K)->4912975K(4913152K)
[5037.039s][info][gc,metaspace   ] GC(1229) Metaspace: 29143K(29440K)->29143K(29440K) NonClass: 24252K(24384K)->24252K(24384K) Class: 4890K(5056K)->4890K(5056K)
[5037.039s][info][gc             ] GC(1229) Pause Young (Allocation Failure) 7272M->4941M(7374M) 104.177ms
[5037.039s][info][gc,cpu         ] GC(1229) User=0.59s Sys=0.01s Real=0.11s
...[5039.442s][info][gc,start       ] GC(1230) Pause Young (Allocation Failure)
[5039.543s][info][gc,heap        ] GC(1230) PSYoungGen: 2627152K(2637824K)->139424K(2637312K) Eden: 2479616K(2479616K)->0K(2480128K) From: 147536K(158208K)->139424K(157184K)
[5039.543s][info][gc,heap        ] GC(1230) ParOldGen: 4912975K(4913152K)->5004895K(5005312K)
[5039.543s][info][gc,metaspace   ] GC(1230) Metaspace: 29143K(29440K)->29143K(29440K) NonClass: 24252K(24384K)->24252K(24384K) Class: 4890K(5056K)->4890K(5056K)
[5039.543s][info][gc             ] GC(1230) Pause Young (Allocation Failure) 7363M->5023M(7463M) 100.777ms
[5039.543s][info][gc,cpu         ] GC(1230) User=0.57s Sys=0.03s Real=0.10s
..[5041.968s][info][gc,start       ] GC(1231) Pause Young (Allocation Failure)
[5042.070s][info][gc,heap        ] GC(1231) PSYoungGen: 2619552K(2637312K)->144192K(2637824K) Eden: 2480128K(2480128K)->0K(2480128K) From: 139424K(157184K)->144192K(157696K)
[5042.070s][info][gc,heap        ] GC(1231) ParOldGen: 5004895K(5005312K)->5097231K(5097472K)
[5042.070s][info][gc,metaspace   ] GC(1231) Metaspace: 29143K(29440K)->29143K(29440K) NonClass: 24252K(24384K)->24252K(24384K) Class: 4890K(5056K)->4890K(5056K)
[5042.070s][info][gc             ] GC(1231) Pause Young (Allocation Failure) 7445M->5118M(7554M) 102.252ms
[5042.070s][info][gc,cpu         ] GC(1231) User=0.57s Sys=0.03s Real=0.11s
...[5044.505s][info][gc,start       ] GC(1232) Pause Young (Allocation Failure)
[5044.608s][info][gc,heap        ] GC(1232) PSYoungGen: 2624320K(2637824K)->143232K(2636800K) Eden: 2480128K(2480128K)->0K(2481664K) From: 144192K(157696K)->143232K(155136K)
[5044.608s][info][gc,heap        ] GC(1232) ParOldGen: 5097231K(5097472K)->5190055K(5190144K)
[5044.608s][info][gc,metaspace   ] GC(1232) Metaspace: 29143K(29440K)->29143K(29440K) NonClass: 24252K(24384K)->24252K(24384K) Class: 4890K(5056K)->4890K(5056K)
[5044.608s][info][gc             ] GC(1232) Pause Young (Allocation Failure) 7540M->5208M(7643M) 103.182ms
[5044.608s][info][gc,cpu         ] GC(1232) User=0.58s Sys=0.03s Real=0.10s
..[5047.048s][info][gc,start       ] GC(1233) Pause Young (Allocation Failure)
[5047.157s][info][gc,heap        ] GC(1233) PSYoungGen: 2624896K(2636800K)->152915K(2637312K) Eden: 2481664K(2481664K)->0K(2481664K) From: 143232K(155136K)->152915K(155648K)
[5047.157s][info][gc,heap        ] GC(1233) ParOldGen: 5190055K(5190144K)->5281623K(5281792K)
[5047.157s][info][gc,metaspace   ] GC(1233) Metaspace: 29143K(29440K)->29143K(29440K) NonClass: 24252K(24384K)->24252K(24384K) Class: 4890K(5056K)->4890K(5056K)
[5047.157s][info][gc             ] GC(1233) Pause Young (Allocation Failure) 7631M->5307M(7733M) 108.789ms
[5047.157s][info][gc,cpu         ] GC(1233) User=0.61s Sys=0.02s Real=0.11s
...[5049.522s][info][gc,start       ] GC(1234) Pause Young (Allocation Failure)
[5049.626s][info][gc,heap        ] GC(1234) PSYoungGen: 2634579K(2637312K)->140713K(2638848K) Eden: 2481664K(2481664K)->0K(2481152K) From: 152915K(155648K)->140713K(157696K)
[5049.626s][info][gc,heap        ] GC(1234) ParOldGen: 5281623K(5281792K)->5377183K(5377536K)
[5049.626s][info][gc,metaspace   ] GC(1234) Metaspace: 29143K(29440K)->29143K(29440K) NonClass: 24252K(24384K)->24252K(24384K) Class: 4890K(5056K)->4890K(5056K)
[5049.626s][info][gc             ] GC(1234) Pause Young (Allocation Failure) 7730M->5388M(7828M) 104.139ms
[5049.626s][info][gc,cpu         ] GC(1234) User=0.58s Sys=0.03s Real=0.10s
..[5052.091s][info][gc,start       ] GC(1235) Pause Young (Allocation Failure)
[5052.195s][info][gc,heap        ] GC(1235) PSYoungGen: 2621865K(2638848K)->148448K(2638336K) Eden: 2481152K(2481152K)->0K(2481152K) From: 140713K(157696K)->148448K(157184K)
[5052.195s][info][gc,heap        ] GC(1235) ParOldGen: 5377183K(5377536K)->5465495K(5465600K)
[5052.195s][info][gc,metaspace   ] GC(1235) Metaspace: 29143K(29440K)->29143K(29440K) NonClass: 24252K(24384K)->24252K(24384K) Class: 4890K(5056K)->4890K(5056K)
[5052.195s][info][gc             ] GC(1235) Pause Young (Allocation Failure) 7811M->5482M(7914M) 103.815ms
[5052.195s][info][gc,cpu         ] GC(1235) User=0.58s Sys=0.03s Real=0.10s
...[5054.612s][info][gc,start       ] GC(1236) Pause Young (Allocation Failure)
[5054.717s][info][gc,heap        ] GC(1236) PSYoungGen: 2629600K(2638336K)->142112K(2638336K) Eden: 2481152K(2481152K)->0K(2481664K) From: 148448K(157184K)->142112K(156672K)
[5054.717s][info][gc,heap        ] GC(1236) ParOldGen: 5465495K(5465600K)->5559743K(5559808K)
[5054.717s][info][gc,metaspace   ] GC(1236) Metaspace: 29143K(29440K)->29143K(29440K) NonClass: 24252K(24384K)->24252K(24384K) Class: 4890K(5056K)->4890K(5056K)
[5054.717s][info][gc             ] GC(1236) Pause Young (Allocation Failure) 7905M->5568M(8006M) 104.994ms
[5054.717s][info][gc,cpu         ] GC(1236) User=0.58s Sys=0.04s Real=0.10s
. (rIR:aIR:PR = 8025:8023:8023) (tPR = 119914) [OK] 
  5055s: Performance info:
         Transaction,    Success,    Partial,     Failed,   Receipts, AvgBarcode, 
             Overall,     487175,          0,          0,     462998,      59.47, 
         Response times:
             Request,    Success,    Partial,     Failed,   SkipFail,     Probes,    Samples,      min,      p50,      p90,      p95,      p99,      max, 
       TotalPurchase,     463033,          0,          0,          0,     363330,     431084,      300,     5300,    14600,    36000,    87000,   176000,
     InStorePurchase,     243712,          0,          0,          0,     191431,     226840,      300,     5200,    14400,    36000,    86000,   176000,
      OnlinePurchase,     170868,          0,          0,          0,     133790,     158756,      300,     5400,    14800,    36000,    89000,   175000,
        InstPurchase,      48453,          0,          0,          0,      38109,      45488,      300,     5300,    14700,    36000,    85000,   172000,
          AssocOfCat,        489,          0,          0,          0,        409,        591,    19200,    36000,    57800,    75000,   151480,   179000,
      AssocOfProduct,       4841,          0,          0,          0,       3340,       4195,      900,     6600,    18140,    41000,    94000,   167000,
      BusinessReport,       1222,          0,          0,          0,       1085,       1455,    25000,    45000,    72000,   104200,   166000,   186000,
          CustBuyBeh,       4847,          0,          0,          0,       3382,       4254,      200,     3600,    11600,    30000,    72000,   129000,
       ProductReturn,      12773,          0,          0,          0,      10031,      12231,      200,     4300,    13700,    33000,    72680,   167000,

  5055s: (59%)   IR =   8164 .[5057.139s][info][gc,start       ] GC(1237) Pause Full (Allocation Failure)
[5057.139s][info][gc,phases,start] GC(1237) Marking Phase
[5057.429s][info][gc,phases      ] GC(1237) Marking Phase 290.410ms
[5057.429s][info][gc,phases,start] GC(1237) Summary Phase
[5057.429s][info][gc,phases      ] GC(1237) Summary Phase 0.103ms
[5057.430s][info][gc,phases,start] GC(1237) Forward
[5057.563s][info][gc,phases      ] GC(1237) Forward 132.593ms
[5057.563s][info][gc,phases,start] GC(1237) Adjust Pointers
[5057.763s][info][gc,phases      ] GC(1237) Adjust Pointers 200.092ms
[5057.763s][info][gc,phases,start] GC(1237) Compaction Phase
[5057.890s][info][gc,phases      ] GC(1237) Compaction Phase 126.684ms
[5057.890s][info][gc,phases,start] GC(1237) Post Compact
[5057.897s][info][gc,phases      ] GC(1237) Post Compact 6.952ms
[5058.029s][info][gc,heap        ] GC(1237) PSYoungGen: 2623776K(2638336K)->0K(2638336K) Eden: 2481664K(2481664K)->0K(2481664K) From: 142112K(156672K)->0K(156672K)
[5058.029s][info][gc,heap        ] GC(1237) ParOldGen: 5559743K(5559808K)->1426012K(1677312K)
[5058.029s][info][gc,metaspace   ] GC(1237) Metaspace: 29143K(29440K)->29143K(29440K) NonClass: 24252K(24384K)->24252K(24384K) Class: 4890K(5056K)->4890K(5056K)
[5058.029s][info][gc             ] GC(1237) Pause Full (Allocation Failure) 7991M->1392M(4214M) 889.858ms
[5058.029s][info][gc,cpu         ] GC(1237) User=4.03s Sys=0.13s Real=0.89s
..[5059.690s][info][gc,start       ] GC(1238) Pause Young (Allocation Failure)
[5059.761s][info][gc,heap        ] GC(1238) PSYoungGen: 2481664K(2638336K)->150389K(2637312K) Eden: 2481664K(2481664K)->0K(2480640K) From: 0K(156672K)->150389K(156672K)
[5059.761s][info][gc,heap        ] GC(1238) ParOldGen: 1426012K(1677312K)->1426012K(1677312K)
[5059.761s][info][gc,metaspace   ] GC(1238) Metaspace: 29143K(29440K)->29143K(29440K) NonClass: 24252K(24384K)->24252K(24384K) Class: 4890K(5056K)->4890K(5056K)
[5059.761s][info][gc             ] GC(1238) Pause Young (Allocation Failure) 3816M->1539M(4213M) 70.807ms
[5059.761s][info][gc,cpu         ] GC(1238) User=0.42s Sys=0.00s Real=0.07s
..[5062.174s][info][gc,start       ] GC(1239) Pause Young (Allocation Failure)
[5062.270s][info][gc,heap        ] GC(1239) PSYoungGen: 2631029K(2637312K)->141824K(2638336K) Eden: 2480640K(2480640K)->0K(2480640K) From: 150389K(156672K)->141824K(157696K)
[5062.270s][info][gc,heap        ] GC(1239) ParOldGen: 1426012K(1677312K)->1523892K(1677312K)
[5062.270s][info][gc,metaspace   ] GC(1239) Metaspace: 29143K(29440K)->29143K(29440K) NonClass: 24252K(24384K)->24252K(24384K) Class: 4890K(5056K)->4890K(5056K)
[5062.270s][info][gc             ] GC(1239) Pause Young (Allocation Failure) 3961M->1626M(4214M) 96.497ms
[5062.270s][info][gc,cpu         ] GC(1239) User=0.57s Sys=0.00s Real=0.10s
...[5064.599s][info][gc,start       ] GC(1240) Pause Young (Allocation Failure)
[5064.698s][info][gc,heap        ] GC(1240) PSYoungGen: 2622464K(2638336K)->151061K(2636800K) Eden: 2480640K(2480640K)->0K(2479616K) From: 141824K(157696K)->151061K(157184K)
[5064.698s][info][gc,heap        ] GC(1240) ParOldGen: 1523892K(1677312K)->1613052K(1677312K)
[5064.698s][info][gc,metaspace   ] GC(1240) Metaspace: 29143K(29440K)->29143K(29440K) NonClass: 24252K(24384K)->24252K(24384K) Class: 4890K(5056K)->4890K(5056K)
[5064.698s][info][gc             ] GC(1240) Pause Young (Allocation Failure) 4049M->1722M(4213M) 99.531ms
[5064.698s][info][gc,cpu         ] GC(1240) User=0.59s Sys=0.00s Real=0.10s
.|.[5067.060s][info][gc,start       ] GC(1241) Pause Young (Allocation Failure)
[5067.158s][info][gc,heap        ] GC(1241) PSYoungGen: 2630677K(2636800K)->143232K(2637824K) Eden: 2479616K(2479616K)->0K(2479616K) From: 151061K(157184K)->143232K(158208K)
[5067.158s][info][gc,heap        ] GC(1241) ParOldGen: 1613052K(1677312K)->1706132K(1706496K)
[5067.158s][info][gc,metaspace   ] GC(1241) Metaspace: 29143K(29440K)->29143K(29440K) NonClass: 24252K(24384K)->24252K(24384K) Class: 4890K(5056K)->4890K(5056K)
[5067.158s][info][gc             ] GC(1241) Pause Young (Allocation Failure) 4144M->1806M(4242M) 98.229ms
[5067.158s][info][gc,cpu         ] GC(1241) User=0.56s Sys=0.02s Real=0.09s
...[5069.513s][info][gc,start       ] GC(1242) Pause Young (Allocation Failure)
[5069.609s][info][gc,heap        ] GC(1242) PSYoungGen: 2622848K(2637824K)->139456K(2637824K) Eden: 2479616K(2479616K)->0K(2480640K) From: 143232K(158208K)->139456K(157184K)
[5069.609s][info][gc,heap        ] GC(1242) ParOldGen: 1706132K(1706496K)->1796788K(1797120K)
[5069.609s][info][gc,metaspace   ] GC(1242) Metaspace: 29143K(29440K)->29143K(29440K) NonClass: 24252K(24384K)->24252K(24384K) Class: 4890K(5056K)->4890K(5056K)
[5069.609s][info][gc             ] GC(1242) Pause Young (Allocation Failure) 4227M->1890M(4331M) 95.968ms
[5069.609s][info][gc,cpu         ] GC(1242) User=0.53s Sys=0.04s Real=0.10s
..[5071.977s][info][gc,start       ] GC(1243) Pause Young (Allocation Failure)
[5072.078s][info][gc,heap        ] GC(1243) PSYoungGen: 2620096K(2637824K)->147744K(2637824K) Eden: 2480640K(2480640K)->0K(2480640K) From: 139456K(157184K)->147744K(157184K)
[5072.078s][info][gc,heap        ] GC(1243) ParOldGen: 1796788K(1797120K)->1889196K(1889280K)
[5072.078s][info][gc,metaspace   ] GC(1243) Metaspace: 29143K(29440K)->29143K(29440K) NonClass: 24252K(24384K)->24252K(24384K) Class: 4890K(5056K)->4890K(5056K)
[5072.078s][info][gc             ] GC(1243) Pause Young (Allocation Failure) 4313M->1989M(4421M) 100.734ms
[5072.078s][info][gc,cpu         ] GC(1243) User=0.57s Sys=0.03s Real=0.10s
...[5074.479s][info][gc,start       ] GC(1244) Pause Young (Allocation Failure)
[5074.578s][info][gc,heap        ] GC(1244) PSYoungGen: 2628384K(2637824K)->144672K(2636800K) Eden: 2480640K(2480640K)->0K(2481664K) From: 147744K(157184K)->144672K(155136K)
[5074.578s][info][gc,heap        ] GC(1244) ParOldGen: 1889196K(1889280K)->1980564K(1980928K)
[5074.578s][info][gc,metaspace   ] GC(1244) Metaspace: 29143K(29440K)->29143K(29440K) NonClass: 24252K(24384K)->24252K(24384K) Class: 4890K(5056K)->4890K(5056K)
[5074.578s][info][gc             ] GC(1244) Pause Young (Allocation Failure) 4411M->2075M(4509M) 99.047ms
[5074.578s][info][gc,cpu         ] GC(1244) User=0.56s Sys=0.03s Real=0.09s
..[5077.032s][info][gc,start       ] GC(1245) Pause Young (Allocation Failure)
[5077.131s][info][gc,heap        ] GC(1245) PSYoungGen: 2626336K(2636800K)->144224K(2637824K) Eden: 2481664K(2481664K)->0K(2481664K) From: 144672K(155136K)->144224K(156160K)
[5077.131s][info][gc,heap        ] GC(1245) ParOldGen: 1980564K(1980928K)->2073780K(2074112K)
[5077.131s][info][gc,metaspace   ] GC(1245) Metaspace: 29143K(29440K)->29143K(29440K) NonClass: 24252K(24384K)->24252K(24384K) Class: 4890K(5056K)->4890K(5056K)
[5077.131s][info][gc             ] GC(1245) Pause Young (Allocation Failure) 4498M->2166M(4601M) 99.509ms
[5077.131s][info][gc,cpu         ] GC(1245) User=0.57s Sys=0.02s Real=0.10s
...[5079.457s][info][gc,start       ] GC(1246) Pause Young (Allocation Failure)
[5079.558s][info][gc,heap        ] GC(1246) PSYoungGen: 2625888K(2637824K)->143136K(2638848K) Eden: 2481664K(2481664K)->0K(2484736K) From: 144224K(156160K)->143136K(154112K)
[5079.558s][info][gc,heap        ] GC(1246) ParOldGen: 2073780K(2074112K)->2165996K(2166272K)
[5079.558s][info][gc,metaspace   ] GC(1246) Metaspace: 29143K(29440K)->29143K(29440K) NonClass: 24252K(24384K)->24252K(24384K) Class: 4890K(5056K)->4890K(5056K)
[5079.558s][info][gc             ] GC(1246) Pause Young (Allocation Failure) 4589M->2255M(4692M) 101.212ms
[5079.558s][info][gc,cpu         ] GC(1246) User=0.57s Sys=0.03s Real=0.10s
..[5081.895s][info][gc,start       ] GC(1247) Pause Young (Allocation Failure)
[5082.002s][info][gc,heap        ] GC(1247) PSYoungGen: 2627872K(2638848K)->151748K(2639360K) Eden: 2484736K(2484736K)->0K(2484736K) From: 143136K(154112K)->151748K(154624K)
[5082.002s][info][gc,heap        ] GC(1247) ParOldGen: 2165996K(2166272K)->2258676K(2258944K)
[5082.002s][info][gc,metaspace   ] GC(1247) Metaspace: 29143K(29440K)->29143K(29440K) NonClass: 24252K(24384K)->24252K(24384K) Class: 4890K(5056K)->4890K(5056K)
[5082.002s][info][gc             ] GC(1247) Pause Young (Allocation Failure) 4681M->2353M(4783M) 106.977ms
[5082.002s][info][gc,cpu         ] GC(1247) User=0.61s Sys=0.02s Real=0.11s
...[5084.450s][info][gc,start       ] GC(1248) Pause Young (Allocation Failure)
[5084.552s][info][gc,heap        ] GC(1248) PSYoungGen: 2636484K(2639360K)->145536K(2640384K) Eden: 2484736K(2484736K)->0K(2484736K) From: 151748K(154624K)->145536K(155648K)
[5084.552s][info][gc,heap        ] GC(1248) ParOldGen: 2258676K(2258944K)->2350652K(2351104K)
[5084.552s][info][gc,metaspace   ] GC(1248) Metaspace: 29143K(29440K)->29143K(29440K) NonClass: 24252K(24384K)->24252K(24384K) Class: 4890K(5056K)->4890K(5056K)
[5084.552s][info][gc             ] GC(1248) Pause Young (Allocation Failure) 4780M->2437M(4874M) 101.742ms
[5084.552s][info][gc,cpu         ] GC(1248) User=0.56s Sys=0.03s Real=0.10s
..[5086.845s][info][gc,start       ] GC(1249) Pause Young (Allocation Failure)
[5086.947s][info][gc,heap        ] GC(1249) PSYoungGen: 2630272K(2640384K)->142208K(2639872K) Eden: 2484736K(2484736K)->0K(2484736K) From: 145536K(155648K)->142208K(155136K)
[5086.947s][info][gc,heap        ] GC(1249) ParOldGen: 2350652K(2351104K)->2444748K(2444800K)
[5086.947s][info][gc,metaspace   ] GC(1249) Metaspace: 29143K(29440K)->29143K(29440K) NonClass: 24252K(24384K)->24252K(24384K) Class: 4890K(5056K)->4890K(5056K)
[5086.947s][info][gc             ] GC(1249) Pause Young (Allocation Failure) 4864M->2526M(4965M) 102.045ms
[5086.947s][info][gc,cpu         ] GC(1249) User=0.56s Sys=0.04s Real=0.10s
...[5089.364s][info][gc,start       ] GC(1250) Pause Young (Allocation Failure)
[5089.464s][info][gc,heap        ] GC(1250) PSYoungGen: 2626944K(2639872K)->137792K(2639360K) Eden: 2484736K(2484736K)->0K(2484736K) From: 142208K(155136K)->137792K(154624K)
[5089.464s][info][gc,heap        ] GC(1250) ParOldGen: 2444748K(2444800K)->2536780K(2536960K)
[5089.464s][info][gc,metaspace   ] GC(1250) Metaspace: 29143K(29440K)->29143K(29440K) NonClass: 24252K(24384K)->24252K(24384K) Class: 4890K(5056K)->4890K(5056K)
[5089.464s][info][gc             ] GC(1250) Pause Young (Allocation Failure) 4952M->2611M(5055M) 99.700ms
[5089.464s][info][gc,cpu         ] GC(1250) User=0.56s Sys=0.03s Real=0.10s
..[5091.886s][info][gc,start       ] GC(1251) Pause Young (Allocation Failure)
[5091.986s][info][gc,heap        ] GC(1251) PSYoungGen: 2622528K(2639360K)->145248K(2639872K) Eden: 2484736K(2484736K)->0K(2484736K) From: 137792K(154624K)->145248K(155136K)
[5091.986s][info][gc,heap        ] GC(1251) ParOldGen: 2536780K(2536960K)->2627900K(2628096K)
[5091.986s][info][gc,metaspace   ] GC(1251) Metaspace: 29143K(29440K)->29143K(29440K) NonClass: 24252K(24384K)->24252K(24384K) Class: 4890K(5056K)->4890K(5056K)
[5091.986s][info][gc             ] GC(1251) Pause Young (Allocation Failure) 5038M->2708M(5144M) 100.330ms
[5091.986s][info][gc,cpu         ] GC(1251) User=0.56s Sys=0.04s Real=0.10s
...[5094.374s][info][gc,start       ] GC(1252) Pause Young (Allocation Failure)
[5094.474s][info][gc,heap        ] GC(1252) PSYoungGen: 2629984K(2639872K)->137984K(2639872K) Eden: 2484736K(2484736K)->0K(2485760K) From: 145248K(155136K)->137984K(154112K)
[5094.474s][info][gc,heap        ] GC(1252) ParOldGen: 2627900K(2628096K)->2722580K(2722816K)
[5094.474s][info][gc,metaspace   ] GC(1252) Metaspace: 29143K(29440K)->29143K(29440K) NonClass: 24252K(24384K)->24252K(24384K) Class: 4890K(5056K)->4890K(5056K)
[5094.474s][info][gc             ] GC(1252) Pause Young (Allocation Failure) 5134M->2793M(5237M) 100.091ms
[5094.474s][info][gc,cpu         ] GC(1252) User=0.56s Sys=0.03s Real=0.10s
..[5096.800s][info][gc,start       ] GC(1253) Pause Young (Allocation Failure)
[5096.902s][info][gc,heap        ] GC(1253) PSYoungGen: 2623744K(2639872K)->141248K(2640384K) Eden: 2485760K(2485760K)->0K(2485760K) From: 137984K(154112K)->141248K(154624K)
[5096.902s][info][gc,heap        ] GC(1253) ParOldGen: 2722580K(2722816K)->2815036K(2815488K)
[5096.902s][info][gc,metaspace   ] GC(1253) Metaspace: 29143K(29440K)->29143K(29440K) NonClass: 24252K(24384K)->24252K(24384K) Class: 4890K(5056K)->4890K(5056K)
[5096.902s][info][gc             ] GC(1253) Pause Young (Allocation Failure) 5221M->2886M(5328M) 101.846ms
[5096.902s][info][gc,cpu         ] GC(1253) User=0.57s Sys=0.02s Real=0.10s
...[5099.387s][info][gc,start       ] GC(1254) Pause Young (Allocation Failure)
[5099.487s][info][gc,heap        ] GC(1254) PSYoungGen: 2627008K(2640384K)->141044K(2639360K) Eden: 2485760K(2485760K)->0K(2487296K) From: 141248K(154624K)->141044K(152064K)
[5099.487s][info][gc,heap        ] GC(1254) ParOldGen: 2815036K(2815488K)->2905652K(2906112K)
[5099.487s][info][gc,metaspace   ] GC(1254) Metaspace: 29143K(29440K)->29143K(29440K) NonClass: 24252K(24384K)->24252K(24384K) Class: 4890K(5056K)->4890K(5056K)
[5099.487s][info][gc             ] GC(1254) Pause Young (Allocation Failure) 5314M->2975M(5415M) 100.640ms
[5099.487s][info][gc,cpu         ] GC(1254) User=0.57s Sys=0.02s Real=0.10s
..[5101.838s][info][gc,start       ] GC(1255) Pause Young (Allocation Failure)
[5101.945s][info][gc,heap        ] GC(1255) PSYoungGen: 2628340K(2639360K)->153060K(2640384K) Eden: 2487296K(2487296K)->0K(2487296K) From: 141044K(152064K)->153060K(153088K)
[5101.945s][info][gc,heap        ] GC(1255) ParOldGen: 2905652K(2906112K)->3000172K(3000320K)
[5101.945s][info][gc,metaspace   ] GC(1255) Metaspace: 29143K(29440K)->29143K(29440K) NonClass: 24252K(24384K)->24252K(24384K) Class: 4890K(5056K)->4890K(5056K)
[5101.945s][info][gc             ] GC(1255) Pause Young (Allocation Failure) 5404M->3079M(5508M) 106.635ms
[5101.945s][info][gc,cpu         ] GC(1255) User=0.60s Sys=0.03s Real=0.11s
..[5104.323s][info][gc,start       ] GC(1256) Pause Young (Allocation Failure)
[5104.424s][info][gc,heap        ] GC(1256) PSYoungGen: 2640356K(2640384K)->140336K(2572800K) Eden: 2487296K(2487296K)->0K(2417152K) From: 153060K(153088K)->140336K(155648K)
[5104.424s][info][gc,heap        ] GC(1256) ParOldGen: 3000172K(3000320K)->3092804K(3092992K)
[5104.424s][info][gc,metaspace   ] GC(1256) Metaspace: 29143K(29440K)->29143K(29440K) NonClass: 24252K(24384K)->24252K(24384K) Class: 4890K(5056K)->4890K(5056K)
[5104.424s][info][gc             ] GC(1256) Pause Young (Allocation Failure) 5508M->3157M(5533M) 100.235ms
[5104.424s][info][gc,cpu         ] GC(1256) User=0.56s Sys=0.03s Real=0.10s
...[5106.757s][info][gc,start       ] GC(1257) Pause Young (Allocation Failure)
[5106.855s][info][gc,heap        ] GC(1257) PSYoungGen: 2557488K(2572800K)->141248K(2606592K) Eden: 2417152K(2417152K)->0K(2417152K) From: 140336K(155648K)->141248K(189440K)
[5106.855s][info][gc,heap        ] GC(1257) ParOldGen: 3092804K(3092992K)->3184540K(3184640K)
[5106.855s][info][gc,metaspace   ] GC(1257) Metaspace: 29143K(29440K)->29143K(29440K) NonClass: 24252K(24384K)->24252K(24384K) Class: 4890K(5056K)->4890K(5056K)
[5106.855s][info][gc             ] GC(1257) Pause Young (Allocation Failure) 5517M->3247M(5655M) 97.914ms
[5106.855s][info][gc,cpu         ] GC(1257) User=0.54s Sys=0.03s Real=0.10s
..[5109.121s][info][gc,start       ] GC(1258) Pause Young (Allocation Failure)
[5109.221s][info][gc,heap        ] GC(1258) PSYoungGen: 2558400K(2606592K)->143103K(2599936K) Eden: 2417152K(2417152K)->0K(2418688K) From: 141248K(189440K)->143103K(181248K)
[5109.221s][info][gc,heap        ] GC(1258) ParOldGen: 3184540K(3184640K)->3277756K(3277824K)
[5109.221s][info][gc,metaspace   ] GC(1258) Metaspace: 29143K(29440K)->29143K(29440K) NonClass: 24252K(24384K)->24252K(24384K) Class: 4890K(5056K)->4890K(5056K)
[5109.221s][info][gc             ] GC(1258) Pause Young (Allocation Failure) 5608M->3340M(5740M) 99.755ms
[5109.221s][info][gc,cpu         ] GC(1258) User=0.56s Sys=0.02s Real=0.10s
...[5111.583s][info][gc,start       ] GC(1259) Pause Young (Allocation Failure)
[5111.683s][info][gc,heap        ] GC(1259) PSYoungGen: 2561791K(2599936K)->138080K(2604032K) Eden: 2418688K(2418688K)->0K(2418688K) From: 143103K(181248K)->138080K(185344K)
[5111.683s][info][gc,heap        ] GC(1259) ParOldGen: 3277756K(3277824K)->3368972K(3369472K)
[5111.683s][info][gc,metaspace   ] GC(1259) Metaspace: 29143K(29440K)->29143K(29440K) NonClass: 24252K(24384K)->24252K(24384K) Class: 4890K(5056K)->4890K(5056K)
[5111.683s][info][gc             ] GC(1259) Pause Young (Allocation Failure) 5702M->3424M(5833M) 99.983ms
[5111.683s][info][gc,cpu         ] GC(1259) User=0.55s Sys=0.03s Real=0.10s
..[5113.930s][info][gc,start       ] GC(1260) Pause Young (Allocation Failure)
[5114.036s][info][gc,heap        ] GC(1260) PSYoungGen: 2556768K(2604032K)->150653K(2603520K) Eden: 2418688K(2418688K)->0K(2426368K) From: 138080K(185344K)->150653K(177152K)
[5114.036s][info][gc,heap        ] GC(1260) ParOldGen: 3368972K(3369472K)->3462044K(3462144K)
[5114.036s][info][gc,metaspace   ] GC(1260) Metaspace: 29143K(29440K)->29143K(29440K) NonClass: 24252K(24384K)->24252K(24384K) Class: 4890K(5056K)->4890K(5056K)
[5114.036s][info][gc             ] GC(1260) Pause Young (Allocation Failure) 5786M->3528M(5923M) 105.684ms
[5114.036s][info][gc,cpu         ] GC(1260) User=0.60s Sys=0.03s Real=0.10s
..[5116.398s][info][gc,start       ] GC(1261) Pause Young (Allocation Failure)
[5116.501s][info][gc,heap        ] GC(1261) PSYoungGen: 2577021K(2603520K)->146628K(2607616K) Eden: 2426368K(2426368K)->0K(2426368K) From: 150653K(177152K)->146628K(181248K)
[5116.501s][info][gc,heap        ] GC(1261) ParOldGen: 3462044K(3462144K)->3550140K(3550208K)
[5116.501s][info][gc,metaspace   ] GC(1261) Metaspace: 29143K(29440K)->29143K(29440K) NonClass: 24252K(24384K)->24252K(24384K) Class: 4890K(5056K)->4890K(5056K)
[5116.501s][info][gc             ] GC(1261) Pause Young (Allocation Failure) 5897M->3610M(6013M) 102.616ms
[5116.501s][info][gc,cpu         ] GC(1261) User=0.58s Sys=0.02s Real=0.11s
...[5118.791s][info][gc,start       ] GC(1262) Pause Young (Allocation Failure)
[5118.889s][info][gc,heap        ] GC(1262) PSYoungGen: 2572996K(2607616K)->137216K(2611200K) Eden: 2426368K(2426368K)->0K(2436096K) From: 146628K(181248K)->137216K(175104K)
[5118.889s][info][gc,heap        ] GC(1262) ParOldGen: 3550140K(3550208K)->3642860K(3642880K)
[5118.889s][info][gc,metaspace   ] GC(1262) Metaspace: 29143K(29440K)->29143K(29440K) NonClass: 24252K(24384K)->24252K(24384K) Class: 4890K(5056K)->4890K(5056K)
[5118.889s][info][gc             ] GC(1262) Pause Young (Allocation Failure) 5979M->3691M(6107M) 97.784ms
[5118.889s][info][gc,cpu         ] GC(1262) User=0.54s Sys=0.03s Real=0.10s
..[5121.257s][info][gc,start       ] GC(1263) Pause Young (Allocation Failure)
[5121.359s][info][gc,heap        ] GC(1263) PSYoungGen: 2573312K(2611200K)->141492K(2613760K) Eden: 2436096K(2436096K)->0K(2436096K) From: 137216K(175104K)->141492K(177664K)
[5121.359s][info][gc,heap        ] GC(1263) ParOldGen: 3642860K(3642880K)->3732436K(3732480K)
[5121.359s][info][gc,metaspace   ] GC(1263) Metaspace: 29143K(29440K)->29143K(29440K) NonClass: 24252K(24384K)->24252K(24384K) Class: 4890K(5056K)->4890K(5056K)
[5121.359s][info][gc             ] GC(1263) Pause Young (Allocation Failure) 6070M->3783M(6197M) 102.295ms
[5121.359s][info][gc,cpu         ] GC(1263) User=0.58s Sys=0.03s Real=0.11s
...[5123.700s][info][gc,start       ] GC(1264) Pause Young (Allocation Failure)
[5123.801s][info][gc,heap        ] GC(1264) PSYoungGen: 2577588K(2613760K)->141952K(2614784K) Eden: 2436096K(2436096K)->0K(2442752K) From: 141492K(177664K)->141952K(172032K)
[5123.801s][info][gc,heap        ] GC(1264) ParOldGen: 3732436K(3732480K)->3825220K(3825664K)
[5123.801s][info][gc,metaspace   ] GC(1264) Metaspace: 29143K(29440K)->29143K(29440K) NonClass: 24252K(24384K)->24252K(24384K) Class: 4890K(5056K)->4890K(5056K)
[5123.801s][info][gc             ] GC(1264) Pause Young (Allocation Failure) 6162M->3874M(6289M) 101.138ms
[5123.801s][info][gc,cpu         ] GC(1264) User=0.57s Sys=0.03s Real=0.10s
.. (rIR:aIR:PR = 8164:8203:8203) (tPR = 122395) [OK] 
  5125s: Performance info:
         Transaction,    Success,    Partial,     Failed,   Receipts, AvgBarcode, 
             Overall,     494217,          0,          0,     469582,      59.48, 
         Response times:
             Request,    Success,    Partial,     Failed,   SkipFail,     Probes,    Samples,      min,      p50,      p90,      p95,      p99,      max, 
       TotalPurchase,     469589,          0,          0,          0,     361634,     422642,      300,     5500,    19600,    50000,   246000,   990000,
     InStorePurchase,     246908,          0,          0,          0,     189969,     221407,      300,     5500,    19700,    49000,   252000,   990000,
      OnlinePurchase,     173433,          0,          0,          0,     133289,     156074,      300,     5600,    19800,    52000,   249250,   990000,
        InstPurchase,      49248,          0,          0,          0,      38376,      45161,      400,     5200,    18300,    47000,   223000,   990000,
          AssocOfCat,        491,          0,          0,          0,        422,        578,    21000,    37000,    58100,   114000,   311000,   970000,
      AssocOfProduct,       4892,          0,          0,          0,       3412,       4233,      800,     5600,    21000,    49000,   211660,   251000,
      BusinessReport,       1232,          0,          0,          0,       1111,       1426,    26000,    43000,    70000,   111000,   465190,   504000,
          CustBuyBeh,       4927,          0,          0,          0,       3426,       4249,      900,     6900,    30000,    62000,   316000,   345000,
       ProductReturn,      13095,          0,          0,          0,      10246,      12263,      200,     5500,    19400,    48000,   311000,   970000,

  5125s: (60%)   IR =   8302 [5126.220s][info][gc,start       ] GC(1265) Pause Young (Allocation Failure)
[5126.320s][info][gc,heap        ] GC(1265) PSYoungGen: 2584704K(2614784K)->138944K(2616832K) Eden: 2442752K(2442752K)->0K(2442752K) From: 141952K(172032K)->138944K(174080K)
[5126.320s][info][gc,heap        ] GC(1265) ParOldGen: 3825220K(3825664K)->3914844K(3915264K)
[5126.320s][info][gc,metaspace   ] GC(1265) Metaspace: 29143K(29440K)->29143K(29440K) NonClass: 24252K(24384K)->24252K(24384K) Class: 4890K(5056K)->4890K(5056K)
[5126.320s][info][gc             ] GC(1265) Pause Young (Allocation Failure) 6259M->3958M(6379M) 99.293ms
[5126.320s][info][gc,cpu         ] GC(1265) User=0.56s Sys=0.02s Real=0.10s
..[5128.516s][info][gc,start       ] GC(1266) Pause Young (Allocation Failure)
[5128.616s][info][gc,heap        ] GC(1266) PSYoungGen: 2581696K(2616832K)->135616K(2619392K) Eden: 2442752K(2442752K)->0K(2449408K) From: 138944K(174080K)->135616K(169984K)
[5128.616s][info][gc,heap        ] GC(1266) ParOldGen: 3914844K(3915264K)->4009812K(4009984K)
[5128.616s][info][gc,metaspace   ] GC(1266) Metaspace: 29143K(29440K)->29143K(29440K) NonClass: 24252K(24384K)->24252K(24384K) Class: 4890K(5056K)->4890K(5056K)
[5128.616s][info][gc             ] GC(1266) Pause Young (Allocation Failure) 6344M->4048M(6474M) 99.759ms
[5128.616s][info][gc,cpu         ] GC(1266) User=0.55s Sys=0.04s Real=0.10s
...[5130.946s][info][gc,start       ] GC(1267) Pause Young (Allocation Failure)
[5131.053s][info][gc,heap        ] GC(1267) PSYoungGen: 2585024K(2619392K)->153477K(2620928K) Eden: 2449408K(2449408K)->0K(2449408K) From: 135616K(169984K)->153477K(171520K)
[5131.053s][info][gc,heap        ] GC(1267) ParOldGen: 4009812K(4009984K)->4099500K(4099584K)
[5131.053s][info][gc,metaspace   ] GC(1267) Metaspace: 29143K(29440K)->29143K(29440K) NonClass: 24252K(24384K)->24252K(24384K) Class: 4890K(5056K)->4890K(5056K)
[5131.053s][info][gc             ] GC(1267) Pause Young (Allocation Failure) 6440M->4153M(6563M) 107.002ms
[5131.053s][info][gc,cpu         ] GC(1267) User=0.61s Sys=0.02s Real=0.11s
..[5133.347s][info][gc,start       ] GC(1268) Pause Young (Allocation Failure)
[5133.449s][info][gc,heap        ] GC(1268) PSYoungGen: 2602885K(2620928K)->140980K(2621952K) Eden: 2449408K(2449408K)->0K(2452480K) From: 153477K(171520K)->140980K(169472K)
[5133.449s][info][gc,heap        ] GC(1268) ParOldGen: 4099500K(4099584K)->4192468K(4192768K)
[5133.449s][info][gc,metaspace   ] GC(1268) Metaspace: 29143K(29440K)->29143K(29440K) NonClass: 24252K(24384K)->24252K(24384K) Class: 4890K(5056K)->4890K(5056K)
[5133.449s][info][gc             ] GC(1268) Pause Young (Allocation Failure) 6545M->4231M(6655M) 101.324ms
[5133.449s][info][gc,cpu         ] GC(1268) User=0.56s Sys=0.03s Real=0.11s
..|.[5135.854s][info][gc,start       ] GC(1269) Pause Young (Allocation Failure)
[5135.958s][info][gc,heap        ] GC(1269) PSYoungGen: 2593460K(2621952K)->149188K(2622976K) Eden: 2452480K(2452480K)->0K(2452480K) From: 140980K(169472K)->149188K(170496K)
[5135.958s][info][gc,heap        ] GC(1269) ParOldGen: 4192468K(4192768K)->4284324K(4284416K)
[5135.958s][info][gc,metaspace   ] GC(1269) Metaspace: 29143K(29440K)->29143K(29440K) NonClass: 24252K(24384K)->24252K(24384K) Class: 4890K(5056K)->4890K(5056K)
[5135.958s][info][gc             ] GC(1269) Pause Young (Allocation Failure) 6626M->4329M(6745M) 104.049ms
[5135.958s][info][gc,cpu         ] GC(1269) User=0.59s Sys=0.03s Real=0.10s
..[5138.264s][info][gc,start       ] GC(1270) Pause Young (Allocation Failure)
[5138.365s][info][gc,heap        ] GC(1270) PSYoungGen: 2601668K(2622976K)->136736K(2623488K) Eden: 2452480K(2452480K)->0K(2456064K) From: 149188K(170496K)->136736K(167424K)
[5138.365s][info][gc,heap        ] GC(1270) ParOldGen: 4284324K(4284416K)->4377044K(4377088K)
[5138.365s][info][gc,metaspace   ] GC(1270) Metaspace: 29143K(29440K)->29143K(29440K) NonClass: 24252K(24384K)->24252K(24384K) Class: 4890K(5056K)->4890K(5056K)
[5138.365s][info][gc             ] GC(1270) Pause Young (Allocation Failure) 6724M->4407M(6836M) 100.973ms
[5138.365s][info][gc,cpu         ] GC(1270) User=0.57s Sys=0.03s Real=0.10s
..[5140.643s][info][gc,start       ] GC(1271) Pause Young (Allocation Failure)
[5140.745s][info][gc,heap        ] GC(1271) PSYoungGen: 2592800K(2623488K)->141600K(2624512K) Eden: 2456064K(2456064K)->0K(2456064K) From: 136736K(167424K)->141600K(168448K)
[5140.745s][info][gc,heap        ] GC(1271) ParOldGen: 4377044K(4377088K)->4467556K(4467712K)
[5140.745s][info][gc,metaspace   ] GC(1271) Metaspace: 29143K(29440K)->29143K(29440K) NonClass: 24252K(24384K)->24252K(24384K) Class: 4890K(5056K)->4890K(5056K)
[5140.745s][info][gc             ] GC(1271) Pause Young (Allocation Failure) 6806M->4501M(6926M) 101.708ms
[5140.745s][info][gc,cpu         ] GC(1271) User=0.56s Sys=0.03s Real=0.10s
...[5143.046s][info][gc,start       ] GC(1272) Pause Young (Allocation Failure)
[5143.152s][info][gc,heap        ] GC(1272) PSYoungGen: 2597664K(2624512K)->149492K(2627072K) Eden: 2456064K(2456064K)->0K(2460672K) From: 141600K(168448K)->149492K(166400K)
[5143.152s][info][gc,heap        ] GC(1272) ParOldGen: 4467556K(4467712K)->4559524K(4559872K)
[5143.152s][info][gc,metaspace   ] GC(1272) Metaspace: 29143K(29440K)->29143K(29440K) NonClass: 24252K(24384K)->24252K(24384K) Class: 4890K(5056K)->4890K(5056K)
[5143.152s][info][gc             ] GC(1272) Pause Young (Allocation Failure) 6899M->4598M(7018M) 105.450ms
[5143.152s][info][gc,cpu         ] GC(1272) User=0.60s Sys=0.02s Real=0.11s
..[5145.404s][info][gc,start       ] GC(1273) Pause Young (Allocation Failure)
[5145.502s][info][gc,heap        ] GC(1273) PSYoungGen: 2610164K(2627072K)->136768K(2627072K) Eden: 2460672K(2460672K)->0K(2460672K) From: 149492K(166400K)->136768K(166400K)
[5145.502s][info][gc,heap        ] GC(1273) ParOldGen: 4559524K(4559872K)->4650900K(4651008K)
[5145.502s][info][gc,metaspace   ] GC(1273) Metaspace: 29143K(29440K)->29143K(29440K) NonClass: 24252K(24384K)->24252K(24384K) Class: 4890K(5056K)->4890K(5056K)
[5145.502s][info][gc             ] GC(1273) Pause Young (Allocation Failure) 7001M->4675M(7107M) 98.290ms
[5145.502s][info][gc,cpu         ] GC(1273) User=0.55s Sys=0.03s Real=0.10s
...[5147.835s][info][gc,start       ] GC(1274) Pause Young (Allocation Failure)
[5147.937s][info][gc,heap        ] GC(1274) PSYoungGen: 2597440K(2627072K)->142784K(2626048K) Eden: 2460672K(2460672K)->0K(2463744K) From: 136768K(166400K)->142784K(162304K)
[5147.937s][info][gc,heap        ] GC(1274) ParOldGen: 4650900K(4651008K)->4740108K(4740608K)
[5147.937s][info][gc,metaspace   ] GC(1274) Metaspace: 29143K(29440K)->29143K(29440K) NonClass: 24252K(24384K)->24252K(24384K) Class: 4890K(5056K)->4890K(5056K)
[5147.937s][info][gc             ] GC(1274) Pause Young (Allocation Failure) 7078M->4768M(7194M) 102.092ms
[5147.937s][info][gc,cpu         ] GC(1274) User=0.57s Sys=0.03s Real=0.10s
..[5150.255s][info][gc,start       ] GC(1275) Pause Young (Allocation Failure)
[5150.356s][info][gc,heap        ] GC(1275) PSYoungGen: 2606528K(2626048K)->139872K(2627584K) Eden: 2463744K(2463744K)->0K(2463744K) From: 142784K(162304K)->139872K(163840K)
[5150.356s][info][gc,heap        ] GC(1275) ParOldGen: 4740108K(4740608K)->4832612K(4832768K)
[5150.356s][info][gc,metaspace   ] GC(1275) Metaspace: 29143K(29440K)->29143K(29440K) NonClass: 24252K(24384K)->24252K(24384K) Class: 4890K(5056K)->4890K(5056K)
[5150.356s][info][gc             ] GC(1275) Pause Young (Allocation Failure) 7174M->4855M(7285M) 100.739ms
[5150.356s][info][gc,cpu         ] GC(1275) User=0.57s Sys=0.03s Real=0.10s
..[5152.641s][info][gc,start       ] GC(1276) Pause Young (Allocation Failure)
[5152.748s][info][gc,heap        ] GC(1276) PSYoungGen: 2603616K(2627584K)->148232K(2632192K) Eden: 2463744K(2463744K)->0K(2469888K) From: 139872K(163840K)->148232K(162304K)
[5152.748s][info][gc,heap        ] GC(1276) ParOldGen: 4832612K(4832768K)->4924276K(4924416K)
[5152.748s][info][gc,metaspace   ] GC(1276) Metaspace: 29143K(29440K)->29143K(29440K) NonClass: 24252K(24384K)->24252K(24384K) Class: 4890K(5056K)->4890K(5056K)
[5152.748s][info][gc             ] GC(1276) Pause Young (Allocation Failure) 7261M->4953M(7379M) 106.992ms
[5152.748s][info][gc,cpu         ] GC(1276) User=0.61s Sys=0.02s Real=0.10s
...[5155.076s][info][gc,start       ] GC(1277) Pause Young (Allocation Failure)
[5155.178s][info][gc,heap        ] GC(1277) PSYoungGen: 2618120K(2632192K)->145504K(2632192K) Eden: 2469888K(2469888K)->0K(2469888K) From: 148232K(162304K)->145504K(162304K)
[5155.178s][info][gc,heap        ] GC(1277) ParOldGen: 4924276K(4924416K)->5015820K(5016064K)
[5155.178s][info][gc,metaspace   ] GC(1277) Metaspace: 29143K(29440K)->29143K(29440K) NonClass: 24252K(24384K)->24252K(24384K) Class: 4890K(5056K)->4890K(5056K)
[5155.178s][info][gc             ] GC(1277) Pause Young (Allocation Failure) 7365M->5040M(7469M) 102.196ms
[5155.178s][info][gc,cpu         ] GC(1277) User=0.57s Sys=0.04s Real=0.10s
..[5157.446s][info][gc,start       ] GC(1278) Pause Young (Allocation Failure)
[5157.557s][info][gc,heap        ] GC(1278) PSYoungGen: 2615392K(2632192K)->155211K(2630656K) Eden: 2469888K(2469888K)->0K(2469376K) From: 145504K(162304K)->155211K(161280K)
[5157.557s][info][gc,heap        ] GC(1278) ParOldGen: 5015820K(5016064K)->5107628K(5107712K)
[5157.557s][info][gc,metaspace   ] GC(1278) Metaspace: 29143K(29440K)->29143K(29440K) NonClass: 24252K(24384K)->24252K(24384K) Class: 4890K(5056K)->4890K(5056K)
[5157.557s][info][gc             ] GC(1278) Pause Young (Allocation Failure) 7452M->5139M(7557M) 110.983ms
[5157.557s][info][gc,cpu         ] GC(1278) User=0.62s Sys=0.04s Real=0.11s
..[5159.824s][info][gc,start       ] GC(1279) Pause Young (Allocation Failure)
[5159.929s][info][gc,heap        ] GC(1279) PSYoungGen: 2624587K(2630656K)->143520K(2632704K) Eden: 2469376K(2469376K)->0K(2469376K) From: 155211K(161280K)->143520K(163328K)
[5159.929s][info][gc,heap        ] GC(1279) ParOldGen: 5107628K(5107712K)->5201212K(5201408K)
[5159.929s][info][gc,metaspace   ] GC(1279) Metaspace: 29143K(29440K)->29143K(29440K) NonClass: 24252K(24384K)->24252K(24384K) Class: 4890K(5056K)->4890K(5056K)
[5159.930s][info][gc             ] GC(1279) Pause Young (Allocation Failure) 7550M->5219M(7650M) 105.021ms
[5159.930s][info][gc,cpu         ] GC(1279) User=0.60s Sys=0.02s Real=0.11s
...[5162.327s][info][gc,start       ] GC(1280) Pause Young (Allocation Failure)
[5162.432s][info][gc,heap        ] GC(1280) PSYoungGen: 2612896K(2632704K)->145248K(2629120K) Eden: 2469376K(2469376K)->0K(2470912K) From: 143520K(163328K)->145248K(158208K)
[5162.432s][info][gc,heap        ] GC(1280) ParOldGen: 5201212K(5201408K)->5289820K(5289984K)
[5162.432s][info][gc,metaspace   ] GC(1280) Metaspace: 29143K(29440K)->29143K(29440K) NonClass: 24252K(24384K)->24252K(24384K) Class: 4890K(5056K)->4890K(5056K)
[5162.432s][info][gc             ] GC(1280) Pause Young (Allocation Failure) 7630M->5307M(7733M) 105.588ms
[5162.432s][info][gc,cpu         ] GC(1280) User=0.59s Sys=0.03s Real=0.11s
..[5164.775s][info][gc,start       ] GC(1281) Pause Young (Allocation Failure)
[5164.880s][info][gc,heap        ] GC(1281) PSYoungGen: 2616160K(2629120K)->144464K(2631168K) Eden: 2470912K(2470912K)->0K(2470912K) From: 145248K(158208K)->144464K(160256K)
[5164.880s][info][gc,heap        ] GC(1281) ParOldGen: 5289820K(5289984K)->5384036K(5384192K)
[5164.880s][info][gc,metaspace   ] GC(1281) Metaspace: 29143K(29440K)->29143K(29440K) NonClass: 24252K(24384K)->24252K(24384K) Class: 4890K(5056K)->4890K(5056K)
[5164.880s][info][gc             ] GC(1281) Pause Young (Allocation Failure) 7720M->5398M(7827M) 104.736ms
[5164.880s][info][gc,cpu         ] GC(1281) User=0.59s Sys=0.03s Real=0.11s
...[5167.234s][info][gc,start       ] GC(1282) Pause Young (Allocation Failure)
[5167.339s][info][gc,heap        ] GC(1282) PSYoungGen: 2615376K(2631168K)->152288K(2634752K) Eden: 2470912K(2470912K)->0K(2475520K) From: 144464K(160256K)->152288K(159232K)
[5167.339s][info][gc,heap        ] GC(1282) ParOldGen: 5384036K(5384192K)->5475300K(5475328K)
[5167.339s][info][gc,metaspace   ] GC(1282) Metaspace: 29143K(29440K)->29143K(29440K) NonClass: 24252K(24384K)->24252K(24384K) Class: 4890K(5056K)->4890K(5056K)
[5167.339s][info][gc             ] GC(1282) Pause Young (Allocation Failure) 7811M->5495M(7920M) 104.683ms
[5167.339s][info][gc,cpu         ] GC(1282) User=0.59s Sys=0.03s Real=0.11s
..[5169.647s][info][gc,start       ] GC(1283) Pause Young (Allocation Failure)
[5169.750s][info][gc,heap        ] GC(1283) PSYoungGen: 2627808K(2634752K)->140544K(2635776K) Eden: 2475520K(2475520K)->0K(2475520K) From: 152288K(159232K)->140544K(160256K)
[5169.750s][info][gc,heap        ] GC(1283) ParOldGen: 5475300K(5475328K)->5568324K(5568512K)
[5169.750s][info][gc,metaspace   ] GC(1283) Metaspace: 29143K(29440K)->29143K(29440K) NonClass: 24252K(24384K)->24252K(24384K) Class: 4890K(5056K)->4890K(5056K)
[5169.750s][info][gc             ] GC(1283) Pause Young (Allocation Failure) 7913M->5575M(8012M) 102.454ms
[5169.750s][info][gc,cpu         ] GC(1283) User=0.58s Sys=0.02s Real=0.11s
...[5172.065s][info][gc,start       ] GC(1284) Pause Full (Allocation Failure)
[5172.065s][info][gc,phases,start] GC(1284) Marking Phase
[5172.363s][info][gc,phases      ] GC(1284) Marking Phase 298.181ms
[5172.363s][info][gc,phases,start] GC(1284) Summary Phase
[5172.363s][info][gc,phases      ] GC(1284) Summary Phase 0.093ms
[5172.363s][info][gc,phases,start] GC(1284) Forward
[5172.498s][info][gc,phases      ] GC(1284) Forward 135.145ms
[5172.498s][info][gc,phases,start] GC(1284) Adjust Pointers
[5172.703s][info][gc,phases      ] GC(1284) Adjust Pointers 204.126ms
[5172.703s][info][gc,phases,start] GC(1284) Compaction Phase
[5172.831s][info][gc,phases      ] GC(1284) Compaction Phase 128.670ms
[5172.832s][info][gc,phases,start] GC(1284) Post Compact
[5172.839s][info][gc,phases      ] GC(1284) Post Compact 6.858ms
[5172.986s][info][gc,heap        ] GC(1284) PSYoungGen: 2616064K(2635776K)->0K(2635264K) Eden: 2475520K(2475520K)->0K(2476032K) From: 140544K(160256K)->0K(159232K)
[5172.986s][info][gc,heap        ] GC(1284) ParOldGen: 5568324K(5568512K)->1426575K(1680896K)
[5172.986s][info][gc,metaspace   ] GC(1284) Metaspace: 29143K(29440K)->29143K(29440K) NonClass: 24252K(24384K)->24252K(24384K) Class: 4890K(5056K)->4890K(5056K)
[5172.986s][info][gc             ] GC(1284) Pause Full (Allocation Failure) 7992M->1393M(4215M) 920.953ms
[5172.986s][info][gc,cpu         ] GC(1284) User=4.13s Sys=0.15s Real=0.92s
..[5174.505s][info][gc,start       ] GC(1285) Pause Young (Allocation Failure)
[5174.575s][info][gc,heap        ] GC(1285) PSYoungGen: 2476032K(2635264K)->147376K(2635776K) Eden: 2476032K(2476032K)->0K(2476032K) From: 0K(159232K)->147376K(159744K)
[5174.575s][info][gc,heap        ] GC(1285) ParOldGen: 1426575K(1680896K)->1426575K(1680896K)
[5174.575s][info][gc,metaspace   ] GC(1285) Metaspace: 29143K(29440K)->29143K(29440K) NonClass: 24252K(24384K)->24252K(24384K) Class: 4890K(5056K)->4890K(5056K)
[5174.575s][info][gc             ] GC(1285) Pause Young (Allocation Failure) 3811M->1537M(4215M) 69.076ms
[5174.575s][info][gc,cpu         ] GC(1285) User=0.41s Sys=0.00s Real=0.07s
..[5176.959s][info][gc,start       ] GC(1286) Pause Young (Allocation Failure)
[5177.059s][info][gc,heap        ] GC(1286) PSYoungGen: 2623408K(2635776K)->152356K(2634752K) Eden: 2476032K(2476032K)->0K(2475520K) From: 147376K(159744K)->152356K(159232K)
[5177.059s][info][gc,heap        ] GC(1286) ParOldGen: 1426575K(1680896K)->1518079K(1680896K)
[5177.059s][info][gc,metaspace   ] GC(1286) Metaspace: 29143K(29440K)->29143K(29440K) NonClass: 24252K(24384K)->24252K(24384K) Class: 4890K(5056K)->4890K(5056K)
[5177.059s][info][gc             ] GC(1286) Pause Young (Allocation Failure) 3955M->1631M(4214M) 99.396ms
[5177.059s][info][gc,cpu         ] GC(1286) User=0.58s Sys=0.01s Real=0.10s
...[5179.328s][info][gc,start       ] GC(1287) Pause Young (Allocation Failure)
[5179.424s][info][gc,heap        ] GC(1287) PSYoungGen: 2627876K(2634752K)->141620K(2635776K) Eden: 2475520K(2475520K)->0K(2475520K) From: 152356K(159232K)->141620K(160256K)
[5179.424s][info][gc,heap        ] GC(1287) ParOldGen: 1518079K(1680896K)->1611119K(1680896K)
[5179.424s][info][gc,metaspace   ] GC(1287) Metaspace: 29143K(29440K)->29143K(29440K) NonClass: 24252K(24384K)->24252K(24384K) Class: 4890K(5056K)->4890K(5056K)
[5179.424s][info][gc             ] GC(1287) Pause Young (Allocation Failure) 4048M->1711M(4215M) 96.109ms
[5179.424s][info][gc,cpu         ] GC(1287) User=0.57s Sys=0.00s Real=0.10s
..[5181.710s][info][gc,start       ] GC(1288) Pause Young (Allocation Failure)
[5181.805s][info][gc,heap        ] GC(1288) PSYoungGen: 2617140K(2635776K)->142880K(2633216K) Eden: 2475520K(2475520K)->0K(2476032K) From: 141620K(160256K)->142880K(157184K)
[5181.805s][info][gc,heap        ] GC(1288) ParOldGen: 1611119K(1680896K)->1702047K(1702400K)
[5181.805s][info][gc,metaspace   ] GC(1288) Metaspace: 29143K(29440K)->29143K(29440K) NonClass: 24252K(24384K)->24252K(24384K) Class: 4890K(5056K)->4890K(5056K)
[5181.805s][info][gc             ] GC(1288) Pause Young (Allocation Failure) 4129M->1801M(4234M) 94.524ms
[5181.805s][info][gc,cpu         ] GC(1288) User=0.55s Sys=0.00s Real=0.09s
...[5184.129s][info][gc,start       ] GC(1289) Pause Young (Allocation Failure)
[5184.233s][info][gc,heap        ] GC(1289) PSYoungGen: 2618912K(2633216K)->153188K(2634752K) Eden: 2476032K(2476032K)->0K(2476032K) From: 142880K(157184K)->153188K(158720K)
[5184.233s][info][gc,heap        ] GC(1289) ParOldGen: 1702047K(1702400K)->1794503K(1794560K)
[5184.233s][info][gc,metaspace   ] GC(1289) Metaspace: 29143K(29440K)->29143K(29440K) NonClass: 24252K(24384K)->24252K(24384K) Class: 4890K(5056K)->4890K(5056K)
[5184.233s][info][gc             ] GC(1289) Pause Young (Allocation Failure) 4219M->1902M(4325M) 104.147ms
[5184.233s][info][gc,cpu         ] GC(1289) User=0.58s Sys=0.04s Real=0.10s
..[5186.603s][info][gc,start       ] GC(1290) Pause Young (Allocation Failure)
[5186.701s][info][gc,heap        ] GC(1290) PSYoungGen: 2629220K(2634752K)->141856K(2636288K) Eden: 2476032K(2476032K)->0K(2476032K) From: 153188K(158720K)->141856K(160256K)
[5186.701s][info][gc,heap        ] GC(1290) ParOldGen: 1794503K(1794560K)->1885279K(1885696K)
[5186.701s][info][gc,metaspace   ] GC(1290) Metaspace: 29143K(29440K)->29143K(29440K) NonClass: 24252K(24384K)->24252K(24384K) Class: 4890K(5056K)->4890K(5056K)
[5186.701s][info][gc             ] GC(1290) Pause Young (Allocation Failure) 4320M->1979M(4416M) 97.606ms
[5186.701s][info][gc,cpu         ] GC(1290) User=0.55s Sys=0.03s Real=0.10s
..[5189.017s][info][gc,start       ] GC(1291) Pause Young (Allocation Failure)
[5189.118s][info][gc,heap        ] GC(1291) PSYoungGen: 2617888K(2636288K)->147920K(2624000K) Eden: 2476032K(2476032K)->0K(2476032K) From: 141856K(160256K)->147920K(147968K)
[5189.118s][info][gc,heap        ] GC(1291) ParOldGen: 1885279K(1885696K)->1978031K(1978368K)
[5189.118s][info][gc,metaspace   ] GC(1291) Metaspace: 29143K(29440K)->29143K(29440K) NonClass: 24252K(24384K)->24252K(24384K) Class: 4890K(5056K)->4890K(5056K)
[5189.118s][info][gc             ] GC(1291) Pause Young (Allocation Failure) 4397M->2076M(4494M) 101.051ms
[5189.118s][info][gc,cpu         ] GC(1291) User=0.58s Sys=0.02s Real=0.10s
...[5191.430s][info][gc,start       ] GC(1292) Pause Young (Allocation Failure)
[5191.531s][info][gc,heap        ] GC(1292) PSYoungGen: 2623952K(2624000K)->145524K(2636800K) Eden: 2476032K(2476032K)->0K(2477568K) From: 147920K(147968K)->145524K(159232K)
[5191.531s][info][gc,heap        ] GC(1292) ParOldGen: 1978031K(1978368K)->2069231K(2069504K)
[5191.531s][info][gc,metaspace   ] GC(1292) Metaspace: 29143K(29440K)->29143K(29440K) NonClass: 24252K(24384K)->24252K(24384K) Class: 4890K(5056K)->4890K(5056K)
[5191.531s][info][gc             ] GC(1292) Pause Young (Allocation Failure) 4494M->2162M(4596M) 100.736ms
[5191.531s][info][gc,cpu         ] GC(1292) User=0.57s Sys=0.03s Real=0.10s
..[5193.872s][info][gc,start       ] GC(1293) Pause Young (Allocation Failure)
[5193.972s][info][gc,heap        ] GC(1293) PSYoungGen: 2623092K(2636800K)->142816K(2635264K) Eden: 2477568K(2477568K)->0K(2477568K) From: 145524K(159232K)->142816K(157696K)
[5193.972s][info][gc,heap        ] GC(1293) ParOldGen: 2069231K(2069504K)->2161727K(2162176K)
[5193.972s][info][gc,metaspace   ] GC(1293) Metaspace: 29143K(29440K)->29143K(29440K) NonClass: 24252K(24384K)->24252K(24384K) Class: 4890K(5056K)->4890K(5056K)
[5193.972s][info][gc             ] GC(1293) Pause Young (Allocation Failure) 4582M->2250M(4685M) 100.256ms
[5193.972s][info][gc,cpu         ] GC(1293) User=0.56s Sys=0.03s Real=0.10s
.. (rIR:aIR:PR = 8302:8365:8365) (tPR = 124842) [OK] 
  5195s: Performance info:
         Transaction,    Success,    Partial,     Failed,   Receipts, AvgBarcode, 
             Overall,     506002,          0,          0,     480877,      59.47, 
         Response times:
             Request,    Success,    Partial,     Failed,   SkipFail,     Probes,    Samples,      min,      p50,      p90,      p95,      p99,      max, 
       TotalPurchase,     480879,          0,          0,          0,     357691,     419014,      300,     5800,    24000,    56000,   289000,   564000,
     InStorePurchase,     252709,          0,          0,          0,     188345,     220518,      300,     5700,    22000,    51000,   288000,   535000,
      OnlinePurchase,     177964,          0,          0,          0,     131485,     153892,      300,     5900,    26000,    63000,   307000,   564000,
        InstPurchase,      50206,          0,          0,          0,      37861,      44604,      300,     6200,    26000,    66000,   279250,   520000,
          AssocOfCat,        506,          0,          0,          0,        402,        558,    21000,    38000,    77100,   130050,   349000,   472000,
      AssocOfProduct,       5036,          0,          0,          0,       3481,       4306,      900,     5700,    26000,    55650,   241000,   336000,
      BusinessReport,       1257,          0,          0,          0,       1104,       1430,    25000,    46000,    77000,   136000,   225690,   335000,
          CustBuyBeh,       5035,          0,          0,          0,       3492,       4327,      300,     6000,    24000,    57000,   244000,   336000,
       ProductReturn,      13291,          0,          0,          0,       9022,      10846,      200,     5300,    24000,    61000,   263000,   348000,

  5195s: (61%)   IR =   8441 .[5196.340s][info][gc,start       ] GC(1294) Pause Young (Allocation Failure)
[5196.450s][info][gc,heap        ] GC(1294) PSYoungGen: 2620384K(2635264K)->155342K(2633728K) Eden: 2477568K(2477568K)->0K(2476544K) From: 142816K(157696K)->155342K(157184K)
[5196.450s][info][gc,heap        ] GC(1294) ParOldGen: 2161727K(2162176K)->2253735K(2253824K)
[5196.450s][info][gc,metaspace   ] GC(1294) Metaspace: 29143K(29440K)->29143K(29440K) NonClass: 24252K(24384K)->24252K(24384K) Class: 4890K(5056K)->4890K(5056K)
[5196.450s][info][gc             ] GC(1294) Pause Young (Allocation Failure) 4670M->2352M(4773M) 110.348ms
[5196.450s][info][gc,cpu         ] GC(1294) User=0.61s Sys=0.04s Real=0.11s
..[5198.756s][info][gc,start       ] GC(1295) Pause Young (Allocation Failure)
[5198.857s][info][gc,heap        ] GC(1295) PSYoungGen: 2631886K(2633728K)->145365K(2636288K) Eden: 2476544K(2476544K)->0K(2476544K) From: 155342K(157184K)->145365K(159744K)
[5198.857s][info][gc,heap        ] GC(1295) ParOldGen: 2253735K(2253824K)->2346583K(2347008K)
[5198.857s][info][gc,metaspace   ] GC(1295) Metaspace: 29143K(29440K)->29143K(29440K) NonClass: 24252K(24384K)->24252K(24384K) Class: 4890K(5056K)->4890K(5056K)
[5198.857s][info][gc             ] GC(1295) Pause Young (Allocation Failure) 4771M->2433M(4866M) 100.916ms
[5198.857s][info][gc,cpu         ] GC(1295) User=0.56s Sys=0.03s Real=0.10s
..[5201.106s][info][gc,start       ] GC(1296) Pause Young (Allocation Failure)
[5201.207s][info][gc,heap        ] GC(1296) PSYoungGen: 2621909K(2636288K)->148548K(2634240K) Eden: 2476544K(2476544K)->0K(2477568K) From: 145365K(159744K)->148548K(156672K)
[5201.207s][info][gc,heap        ] GC(1296) ParOldGen: 2346583K(2347008K)->2438191K(2438656K)
[5201.207s][info][gc,metaspace   ] GC(1296) Metaspace: 29143K(29440K)->29143K(29440K) NonClass: 24252K(24384K)->24252K(24384K) Class: 4890K(5056K)->4890K(5056K)
[5201.207s][info][gc             ] GC(1296) Pause Young (Allocation Failure) 4852M->2526M(4954M) 101.385ms
[5201.207s][info][gc,cpu         ] GC(1296) User=0.56s Sys=0.03s Real=0.10s
...[5203.493s][info][gc,start       ] GC(1297) Pause Young (Allocation Failure)
[5203.595s][info][gc,heap        ] GC(1297) PSYoungGen: 2626116K(2634240K)->146480K(2635776K) Eden: 2477568K(2477568K)->0K(2477568K) From: 148548K(156672K)->146480K(158208K)
[5203.595s][info][gc,heap        ] GC(1297) ParOldGen: 2438191K(2438656K)->2529687K(2529792K)
[5203.595s][info][gc,metaspace   ] GC(1297) Metaspace: 29143K(29440K)->29143K(29440K) NonClass: 24252K(24384K)->24252K(24384K) Class: 4890K(5056K)->4890K(5056K)
[5203.595s][info][gc             ] GC(1297) Pause Young (Allocation Failure) 4945M->2613M(5044M) 102.491ms
[5203.595s][info][gc,cpu         ] GC(1297) User=0.58s Sys=0.02s Real=0.10s
.|.[5205.891s][info][gc,start       ] GC(1298) Pause Young (Allocation Failure)
[5205.994s][info][gc,heap        ] GC(1298) PSYoungGen: 2624048K(2635776K)->147252K(2635264K) Eden: 2477568K(2477568K)->0K(2480640K) From: 146480K(158208K)->147252K(154624K)
[5205.994s][info][gc,heap        ] GC(1298) ParOldGen: 2529687K(2529792K)->2624575K(2625024K)
[5205.994s][info][gc,metaspace   ] GC(1298) Metaspace: 29143K(29440K)->29143K(29440K) NonClass: 24252K(24384K)->24252K(24384K) Class: 4890K(5056K)->4890K(5056K)
[5205.994s][info][gc             ] GC(1298) Pause Young (Allocation Failure) 5032M->2706M(5137M) 102.838ms
[5205.994s][info][gc,cpu         ] GC(1298) User=0.59s Sys=0.02s Real=0.10s
...[5208.351s][info][gc,start       ] GC(1299) Pause Young (Allocation Failure)
[5208.455s][info][gc,heap        ] GC(1299) PSYoungGen: 2627892K(2635264K)->142282K(2636800K) Eden: 2480640K(2480640K)->0K(2480640K) From: 147252K(154624K)->142282K(156160K)
[5208.455s][info][gc,heap        ] GC(1299) ParOldGen: 2624575K(2625024K)->2715511K(2715648K)
[5208.455s][info][gc,metaspace   ] GC(1299) Metaspace: 29143K(29440K)->29143K(29440K) NonClass: 24252K(24384K)->24252K(24384K) Class: 4890K(5056K)->4890K(5056K)
[5208.455s][info][gc             ] GC(1299) Pause Young (Allocation Failure) 5129M->2790M(5227M) 103.227ms
[5208.455s][info][gc,cpu         ] GC(1299) User=0.57s Sys=0.03s Real=0.10s
..[5210.727s][info][gc,start       ] GC(1300) Pause Young (Allocation Failure)
[5210.827s][info][gc,heap        ] GC(1300) PSYoungGen: 2622922K(2636800K)->143296K(2638848K) Eden: 2480640K(2480640K)->0K(2483712K) From: 142282K(156160K)->143296K(155136K)
[5210.827s][info][gc,heap        ] GC(1300) ParOldGen: 2715511K(2715648K)->2809495K(2809856K)
[5210.827s][info][gc,metaspace   ] GC(1300) Metaspace: 29143K(29440K)->29143K(29440K) NonClass: 24252K(24384K)->24252K(24384K) Class: 4890K(5056K)->4890K(5056K)
[5210.827s][info][gc             ] GC(1300) Pause Young (Allocation Failure) 5213M->2883M(5321M) 99.627ms
[5210.827s][info][gc,cpu         ] GC(1300) User=0.56s Sys=0.03s Real=0.10s
..[5213.172s][info][gc,start       ] GC(1301) Pause Young (Allocation Failure)
[5213.274s][info][gc,heap        ] GC(1301) PSYoungGen: 2627008K(2638848K)->145696K(2639360K) Eden: 2483712K(2483712K)->0K(2483712K) From: 143296K(155136K)->145696K(155648K)
[5213.274s][info][gc,heap        ] GC(1301) ParOldGen: 2809495K(2809856K)->2901399K(2901504K)
[5213.274s][info][gc,metaspace   ] GC(1301) Metaspace: 29143K(29440K)->29143K(29440K) NonClass: 24252K(24384K)->24252K(24384K) Class: 4890K(5056K)->4890K(5056K)
[5213.274s][info][gc             ] GC(1301) Pause Young (Allocation Failure) 5309M->2975M(5411M) 102.377ms
[5213.274s][info][gc,cpu         ] GC(1301) User=0.58s Sys=0.04s Real=0.10s
...[5215.666s][info][gc,start       ] GC(1302) Pause Young (Allocation Failure)
[5215.769s][info][gc,heap        ] GC(1302) PSYoungGen: 2629408K(2639360K)->146048K(2639872K) Eden: 2483712K(2483712K)->0K(2485760K) From: 145696K(155648K)->146048K(154112K)
[5215.769s][info][gc,heap        ] GC(1302) ParOldGen: 2901399K(2901504K)->2992655K(2993152K)
[5215.769s][info][gc,metaspace   ] GC(1302) Metaspace: 29143K(29440K)->29143K(29440K) NonClass: 24252K(24384K)->24252K(24384K) Class: 4890K(5056K)->4890K(5056K)
[5215.769s][info][gc             ] GC(1302) Pause Young (Allocation Failure) 5401M->3065M(5501M) 102.200ms
[5215.769s][info][gc,cpu         ] GC(1302) User=0.58s Sys=0.02s Real=0.11s
..[5218.008s][info][gc,start       ] GC(1303) Pause Young (Allocation Failure)
[5218.111s][info][gc,heap        ] GC(1303) PSYoungGen: 2631808K(2639872K)->146016K(2639872K) Eden: 2485760K(2485760K)->0K(2485760K) From: 146048K(154112K)->146016K(154112K)
[5218.111s][info][gc,heap        ] GC(1303) ParOldGen: 2992655K(2993152K)->3084855K(3085312K)
[5218.111s][info][gc,metaspace   ] GC(1303) Metaspace: 29143K(29440K)->29143K(29440K) NonClass: 24252K(24384K)->24252K(24384K) Class: 4890K(5056K)->4890K(5056K)
[5218.111s][info][gc             ] GC(1303) Pause Young (Allocation Failure) 5492M->3155M(5591M) 102.833ms
[5218.111s][info][gc,cpu         ] GC(1303) User=0.57s Sys=0.03s Real=0.11s
...[5220.411s][info][gc,start       ] GC(1304) Pause Young (Allocation Failure)
[5220.510s][info][gc,heap        ] GC(1304) PSYoungGen: 2631776K(2639872K)->143187K(2640896K) Eden: 2485760K(2485760K)->0K(2487808K) From: 146016K(154112K)->143187K(153088K)
[5220.510s][info][gc,heap        ] GC(1304) ParOldGen: 3084855K(3085312K)->3176423K(3176448K)
[5220.510s][info][gc,metaspace   ] GC(1304) Metaspace: 29143K(29440K)->29143K(29440K) NonClass: 24252K(24384K)->24252K(24384K) Class: 4890K(5056K)->4890K(5056K)
[5220.510s][info][gc             ] GC(1304) Pause Young (Allocation Failure) 5582M->3241M(5681M) 99.596ms
[5220.510s][info][gc,cpu         ] GC(1304) User=0.57s Sys=0.02s Real=0.10s
..[5222.722s][info][gc,start       ] GC(1305) Pause Young (Allocation Failure)
[5222.824s][info][gc,heap        ] GC(1305) PSYoungGen: 2630995K(2640896K)->144224K(2640896K) Eden: 2487808K(2487808K)->0K(2487808K) From: 143187K(153088K)->144224K(153088K)
[5222.824s][info][gc,heap        ] GC(1305) ParOldGen: 3176423K(3176448K)->3269911K(3270144K)
[5222.824s][info][gc,metaspace   ] GC(1305) Metaspace: 29143K(29440K)->29143K(29440K) NonClass: 24252K(24384K)->24252K(24384K) Class: 4890K(5056K)->4890K(5056K)
[5222.824s][info][gc             ] GC(1305) Pause Young (Allocation Failure) 5671M->3334M(5772M) 102.142ms
[5222.824s][info][gc,cpu         ] GC(1305) User=0.58s Sys=0.03s Real=0.10s
..[5225.127s][info][gc,start       ] GC(1306) Pause Young (Allocation Failure)
[5225.231s][info][gc,heap        ] GC(1306) PSYoungGen: 2632032K(2640896K)->148467K(2641920K) Eden: 2487808K(2487808K)->0K(2489344K) From: 144224K(153088K)->148467K(152576K)
[5225.231s][info][gc,heap        ] GC(1306) ParOldGen: 3269911K(3270144K)->3364199K(3364352K)
[5225.231s][info][gc,metaspace   ] GC(1306) Metaspace: 29143K(29440K)->29143K(29440K) NonClass: 24252K(24384K)->24252K(24384K) Class: 4890K(5056K)->4890K(5056K)
[5225.231s][info][gc             ] GC(1306) Pause Young (Allocation Failure) 5763M->3430M(5865M) 104.058ms
[5225.231s][info][gc,cpu         ] GC(1306) User=0.59s Sys=0.03s Real=0.11s
...[5227.498s][info][gc,start       ] GC(1307) Pause Young (Allocation Failure)
[5227.597s][info][gc,heap        ] GC(1307) PSYoungGen: 2637811K(2641920K)->139488K(2642432K) Eden: 2489344K(2489344K)->0K(2489344K) From: 148467K(152576K)->139488K(153088K)
[5227.597s][info][gc,heap        ] GC(1307) ParOldGen: 3364199K(3364352K)->3456311K(3456512K)
[5227.597s][info][gc,metaspace   ] GC(1307) Metaspace: 29143K(29440K)->29143K(29440K) NonClass: 24252K(24384K)->24252K(24384K) Class: 4890K(5056K)->4890K(5056K)
[5227.597s][info][gc             ] GC(1307) Pause Young (Allocation Failure) 5861M->3511M(5956M) 99.609ms
[5227.598s][info][gc,cpu         ] GC(1307) User=0.57s Sys=0.02s Real=0.10s
..[5229.892s][info][gc,start       ] GC(1308) Pause Young (Allocation Failure)
[5229.994s][info][gc,heap        ] GC(1308) PSYoungGen: 2628832K(2642432K)->144800K(2641920K) Eden: 2489344K(2489344K)->0K(2489856K) From: 139488K(153088K)->144800K(152064K)
[5229.994s][info][gc,heap        ] GC(1308) ParOldGen: 3456311K(3456512K)->3548463K(3548672K)
[5229.994s][info][gc,metaspace   ] GC(1308) Metaspace: 29143K(29440K)->29143K(29440K) NonClass: 24252K(24384K)->24252K(24384K) Class: 4890K(5056K)->4890K(5056K)
[5229.994s][info][gc             ] GC(1308) Pause Young (Allocation Failure) 5942M->3606M(6045M) 102.685ms
[5229.994s][info][gc,cpu         ] GC(1308) User=0.59s Sys=0.02s Real=0.10s
.[5231.332s][info][gc,start       ] GC(1309) Pause Full (Diagnostic Command)
[5231.332s][info][gc,phases,start] GC(1309) Marking Phase
[5231.622s][info][gc,phases      ] GC(1309) Marking Phase 290.221ms
[5231.622s][info][gc,phases,start] GC(1309) Summary Phase
[5231.622s][info][gc,phases      ] GC(1309) Summary Phase 0.085ms
[5231.622s][info][gc,phases,start] GC(1309) Forward
[5231.807s][info][gc,phases      ] GC(1309) Forward 184.736ms
[5231.807s][info][gc,phases,start] GC(1309) Adjust Pointers
[5232.012s][info][gc,phases      ] GC(1309) Adjust Pointers 205.510ms
[5232.013s][info][gc,phases,start] GC(1309) Compaction Phase
[5232.167s][info][gc,phases      ] GC(1309) Compaction Phase 154.619ms
[5232.170s][info][gc,phases,start] GC(1309) Post Compact
[5232.174s][info][gc,phases      ] GC(1309) Post Compact 4.426ms
[5232.174s][info][gc,heap        ] GC(1309) PSYoungGen: 1568566K(2641920K)->0K(2641920K) Eden: 1423766K(2489856K)->0K(2489856K) From: 144800K(152064K)->0K(152064K)
[5232.174s][info][gc,heap        ] GC(1309) ParOldGen: 3548463K(3548672K)->1146065K(3548672K)
[5232.174s][info][gc,metaspace   ] GC(1309) Metaspace: 29143K(29440K)->29143K(29440K) NonClass: 24252K(24384K)->24252K(24384K) Class: 4890K(5056K)->4890K(5056K)
[5232.174s][info][gc             ] GC(1309) Pause Full (Diagnostic Command) 4997M->1119M(6045M) 842.459ms
[5232.174s][info][gc,cpu         ] GC(1309) User=4.35s Sys=0.00s Real=0.84s
..[5233.728s][info][gc,start       ] GC(1310) Pause Young (Allocation Failure)
[5233.794s][info][gc,heap        ] GC(1310) PSYoungGen: 2489856K(2641920K)->146464K(2642432K) Eden: 2489856K(2489856K)->0K(2489856K) From: 0K(152064K)->146464K(152576K)
[5233.794s][info][gc,heap        ] GC(1310) ParOldGen: 1146065K(3548672K)->1146065K(3548672K)
[5233.794s][info][gc,metaspace   ] GC(1310) Metaspace: 29143K(29440K)->29143K(29440K) NonClass: 24252K(24384K)->24252K(24384K) Class: 4890K(5056K)->4890K(5056K)
[5233.794s][info][gc             ] GC(1310) Pause Young (Allocation Failure) 3550M->1262M(6046M) 65.865ms
[5233.794s][info][gc,cpu         ] GC(1310) User=0.39s Sys=0.00s Real=0.07s
..[5236.180s][info][gc,start       ] GC(1311) Pause Young (Allocation Failure)
[5236.279s][info][gc,heap        ] GC(1311) PSYoungGen: 2636320K(2642432K)->147584K(2643456K) Eden: 2489856K(2489856K)->0K(2490880K) From: 146464K(152576K)->147584K(152576K)
[5236.279s][info][gc,heap        ] GC(1311) ParOldGen: 1146065K(3548672K)->1241289K(3548672K)
[5236.279s][info][gc,metaspace   ] GC(1311) Metaspace: 29143K(29440K)->29143K(29440K) NonClass: 24252K(24384K)->24252K(24384K) Class: 4890K(5056K)->4890K(5056K)
[5236.279s][info][gc             ] GC(1311) Pause Young (Allocation Failure) 3693M->1356M(6047M) 99.365ms
[5236.279s][info][gc,cpu         ] GC(1311) User=0.59s Sys=0.00s Real=0.10s
...[5238.649s][info][gc,start       ] GC(1312) Pause Young (Allocation Failure)
[5238.746s][info][gc,heap        ] GC(1312) PSYoungGen: 2638464K(2643456K)->144608K(2635776K) Eden: 2490880K(2490880K)->0K(2490880K) From: 147584K(152576K)->144608K(144896K)
[5238.746s][info][gc,heap        ] GC(1312) ParOldGen: 1241289K(3548672K)->1331961K(3548672K)
[5238.746s][info][gc,metaspace   ] GC(1312) Metaspace: 29143K(29440K)->29143K(29440K) NonClass: 24252K(24384K)->24252K(24384K) Class: 4890K(5056K)->4890K(5056K)
[5238.746s][info][gc             ] GC(1312) Pause Young (Allocation Failure) 3788M->1441M(6039M) 96.222ms
[5238.746s][info][gc,cpu         ] GC(1312) User=0.56s Sys=0.00s Real=0.09s
..[5241.079s][info][gc,start       ] GC(1313) Pause Young (Allocation Failure)
[5241.179s][info][gc,heap        ] GC(1313) PSYoungGen: 2635488K(2635776K)->151381K(2640896K) Eden: 2490880K(2490880K)->0K(2488832K) From: 144608K(144896K)->151381K(152064K)
[5241.179s][info][gc,heap        ] GC(1313) ParOldGen: 1331961K(3548672K)->1425057K(3548672K)
[5241.179s][info][gc,metaspace   ] GC(1313) Metaspace: 29143K(29440K)->29143K(29440K) NonClass: 24252K(24384K)->24252K(24384K) Class: 4890K(5056K)->4890K(5056K)
[5241.179s][info][gc             ] GC(1313) Pause Young (Allocation Failure) 3874M->1539M(6044M) 99.824ms
[5241.179s][info][gc,cpu         ] GC(1313) User=0.59s Sys=0.00s Real=0.10s
...[5243.499s][info][gc,start       ] GC(1314) Pause Young (Allocation Failure)
[5243.596s][info][gc,heap        ] GC(1314) PSYoungGen: 2640213K(2640896K)->144613K(2642432K) Eden: 2488832K(2488832K)->0K(2488832K) From: 151381K(152064K)->144613K(153600K)
[5243.596s][info][gc,heap        ] GC(1314) ParOldGen: 1425057K(3548672K)->1519329K(3548672K)
[5243.596s][info][gc,metaspace   ] GC(1314) Metaspace: 29143K(29440K)->29143K(29440K) NonClass: 24252K(24384K)->24252K(24384K) Class: 4890K(5056K)->4890K(5056K)
[5243.596s][info][gc             ] GC(1314) Pause Young (Allocation Failure) 3969M->1624M(6046M) 96.700ms
[5243.596s][info][gc,cpu         ] GC(1314) User=0.57s Sys=0.00s Real=0.09s
..[5245.997s][info][gc,start       ] GC(1315) Pause Young (Allocation Failure)
[5246.093s][info][gc,heap        ] GC(1315) PSYoungGen: 2633445K(2642432K)->148842K(2641920K) Eden: 2488832K(2488832K)->0K(2488832K) From: 144613K(153600K)->148842K(153088K)
[5246.093s][info][gc,heap        ] GC(1315) ParOldGen: 1519329K(3548672K)->1609513K(3548672K)
[5246.093s][info][gc,metaspace   ] GC(1315) Metaspace: 29143K(29440K)->29143K(29440K) NonClass: 24252K(24384K)->24252K(24384K) Class: 4890K(5056K)->4890K(5056K)
[5246.093s][info][gc             ] GC(1315) Pause Young (Allocation Failure) 4055M->1717M(6045M) 95.904ms
[5246.093s][info][gc,cpu         ] GC(1315) User=0.57s Sys=0.00s Real=0.10s
...[5248.462s][info][gc,start       ] GC(1316) Pause Young (Allocation Failure)
[5248.558s][info][gc,heap        ] GC(1316) PSYoungGen: 2637674K(2641920K)->150688K(2639872K) Eden: 2488832K(2488832K)->0K(2488832K) From: 148842K(153088K)->150688K(151040K)
[5248.558s][info][gc,heap        ] GC(1316) ParOldGen: 1609513K(3548672K)->1700417K(3548672K)
[5248.558s][info][gc,metaspace   ] GC(1316) Metaspace: 29143K(29440K)->29143K(29440K) NonClass: 24252K(24384K)->24252K(24384K) Class: 4890K(5056K)->4890K(5056K)
[5248.558s][info][gc             ] GC(1316) Pause Young (Allocation Failure) 4147M->1807M(6043M) 95.661ms
[5248.558s][info][gc,cpu         ] GC(1316) User=0.57s Sys=0.01s Real=0.09s
..[5250.860s][info][gc,start       ] GC(1317) Pause Young (Allocation Failure)
[5250.956s][info][gc,heap        ] GC(1317) PSYoungGen: 2639520K(2639872K)->144672K(2641920K) Eden: 2488832K(2488832K)->0K(2487296K) From: 150688K(151040K)->144672K(154624K)
[5250.956s][info][gc,heap        ] GC(1317) ParOldGen: 1700417K(3548672K)->1797521K(3548672K)
[5250.956s][info][gc,metaspace   ] GC(1317) Metaspace: 29143K(29440K)->29143K(29440K) NonClass: 24252K(24384K)->24252K(24384K) Class: 4890K(5056K)->4890K(5056K)
[5250.956s][info][gc             ] GC(1317) Pause Young (Allocation Failure) 4238M->1896M(6045M) 96.838ms
[5250.956s][info][gc,cpu         ] GC(1317) User=0.57s Sys=0.00s Real=0.09s
..[5253.236s][info][gc,start       ] GC(1318) Pause Young (Allocation Failure)
[5253.329s][info][gc,heap        ] GC(1318) PSYoungGen: 2631968K(2641920K)->139477K(2641408K) Eden: 2487296K(2487296K)->0K(2487296K) From: 144672K(154624K)->139477K(154112K)
[5253.329s][info][gc,heap        ] GC(1318) ParOldGen: 1797521K(3548672K)->1887425K(3548672K)
[5253.329s][info][gc,metaspace   ] GC(1318) Metaspace: 29143K(29440K)->29143K(29440K) NonClass: 24252K(24384K)->24252K(24384K) Class: 4890K(5056K)->4890K(5056K)
[5253.329s][info][gc             ] GC(1318) Pause Young (Allocation Failure) 4325M->1979M(6045M) 92.960ms
[5253.329s][info][gc,cpu         ] GC(1318) User=0.55s Sys=0.00s Real=0.10s
...[5255.726s][info][gc,start       ] GC(1319) Pause Young (Allocation Failure)
[5255.822s][info][gc,heap        ] GC(1319) PSYoungGen: 2626773K(2641408K)->149088K(2641408K) Eden: 2487296K(2487296K)->0K(2486784K) From: 139477K(154112K)->149088K(154624K)
[5255.822s][info][gc,heap        ] GC(1319) ParOldGen: 1887425K(3548672K)->1976881K(3548672K)
[5255.822s][info][gc,metaspace   ] GC(1319) Metaspace: 29143K(29440K)->29143K(29440K) NonClass: 24252K(24384K)->24252K(24384K) Class: 4890K(5056K)->4890K(5056K)
[5255.822s][info][gc             ] GC(1319) Pause Young (Allocation Failure) 4408M->2076M(6045M) 95.660ms
[5255.822s][info][gc,cpu         ] GC(1319) User=0.57s Sys=0.00s Real=0.10s
..[5258.139s][info][gc,start       ] GC(1320) Pause Young (Allocation Failure)
[5258.237s][info][gc,heap        ] GC(1320) PSYoungGen: 2635872K(2641408K)->148292K(2641408K) Eden: 2486784K(2486784K)->0K(2486784K) From: 149088K(154624K)->148292K(154624K)
[5258.237s][info][gc,heap        ] GC(1320) ParOldGen: 1976881K(3548672K)->2073617K(3548672K)
[5258.237s][info][gc,metaspace   ] GC(1320) Metaspace: 29143K(29440K)->29143K(29440K) NonClass: 24252K(24384K)->24252K(24384K) Class: 4890K(5056K)->4890K(5056K)
[5258.237s][info][gc             ] GC(1320) Pause Young (Allocation Failure) 4504M->2169M(6045M) 98.487ms
[5258.237s][info][gc,cpu         ] GC(1320) User=0.58s Sys=0.00s Real=0.09s
...[5260.545s][info][gc,start       ] GC(1321) Pause Young (Allocation Failure)
[5260.637s][info][gc,heap        ] GC(1321) PSYoungGen: 2635076K(2641408K)->140832K(2640384K) Eden: 2486784K(2486784K)->0K(2485760K) From: 148292K(154624K)->140832K(154624K)
[5260.637s][info][gc,heap        ] GC(1321) ParOldGen: 2073617K(3548672K)->2163209K(3548672K)
[5260.637s][info][gc,metaspace   ] GC(1321) Metaspace: 29143K(29440K)->29143K(29440K) NonClass: 24252K(24384K)->24252K(24384K) Class: 4890K(5056K)->4890K(5056K)
[5260.637s][info][gc             ] GC(1321) Pause Young (Allocation Failure) 4598M->2250M(6044M) 92.654ms
[5260.637s][info][gc,cpu         ] GC(1321) User=0.55s Sys=0.00s Real=0.09s
..[5262.977s][info][gc,start       ] GC(1322) Pause Young (Allocation Failure)
[5263.074s][info][gc,heap        ] GC(1322) PSYoungGen: 2626592K(2640384K)->149952K(2635776K) Eden: 2485760K(2485760K)->0K(2485760K) From: 140832K(154624K)->149952K(150016K)
[5263.074s][info][gc,heap        ] GC(1322) ParOldGen: 2163209K(3548672K)->2253849K(3548672K)
[5263.074s][info][gc,metaspace   ] GC(1322) Metaspace: 29143K(29440K)->29143K(29440K) NonClass: 24252K(24384K)->24252K(24384K) Class: 4890K(5056K)->4890K(5056K)
[5263.074s][info][gc             ] GC(1322) Pause Young (Allocation Failure) 4677M->2347M(6039M) 97.621ms
[5263.074s][info][gc,cpu         ] GC(1322) User=0.58s Sys=0.00s Real=0.10s
.. (rIR:aIR:PR = 8441:8414:8414) (tPR = 123414) [OK] 
  5264s: Performance info:
         Transaction,    Success,    Partial,     Failed,   Receipts, AvgBarcode, 
             Overall,     506225,          0,          0,     480731,      59.47, 
         Response times:
             Request,    Success,    Partial,     Failed,   SkipFail,     Probes,    Samples,      min,      p50,      p90,      p95,      p99,      max, 
       TotalPurchase,     480731,          0,          0,          0,     354186,     416031,      300,     5600,    28000,    60000,   164000,   950000,
     InStorePurchase,     254429,          0,          0,          0,     186353,     218709,      300,     5700,    28000,    61000,   164000,   950000,
      OnlinePurchase,     175729,          0,          0,          0,     130422,     153465,      300,     5600,    28000,    59000,   193000,   950000,
        InstPurchase,      50573,          0,          0,          0,      37411,      43857,      400,     5100,    26000,    56000,   153000,   950000,
          AssocOfCat,        509,          0,          0,          0,        420,        575,    24000,    39000,    79400,   114000,   177000,   205000,
      AssocOfProduct,       5113,          0,          0,          0,       3526,       4366,      500,     6100,    32000,    66000,   125000,   178000,
      BusinessReport,       1269,          0,          0,          0,       1103,       1428,    24000,    45000,    78000,   132000,   251000,   920000,
          CustBuyBeh,       5070,          0,          0,          0,       3485,       4289,      100,     5700,    28000,    56000,   122000,   180000,
       ProductReturn,      13533,          0,          0,          0,       9171,      11021,      200,     5700,    28000,    59000,   234000,   920000,

  5264s: (62%)   IR =   8579 [5265.389s][info][gc,start       ] GC(1323) Pause Young (Allocation Failure)
[5265.485s][info][gc,heap        ] GC(1323) PSYoungGen: 2635712K(2635776K)->145376K(2641408K) Eden: 2485760K(2485760K)->0K(2485760K) From: 149952K(150016K)->145376K(155648K)
[5265.485s][info][gc,heap        ] GC(1323) ParOldGen: 2253849K(3548672K)->2347873K(3548672K)
[5265.485s][info][gc,metaspace   ] GC(1323) Metaspace: 29143K(29440K)->29143K(29440K) NonClass: 24252K(24384K)->24252K(24384K) Class: 4890K(5056K)->4890K(5056K)
[5265.485s][info][gc             ] GC(1323) Pause Young (Allocation Failure) 4774M->2434M(6045M) 96.237ms
[5265.485s][info][gc,cpu         ] GC(1323) User=0.58s Sys=0.00s Real=0.09s
...[5267.675s][info][gc,start       ] GC(1324) Pause Young (Allocation Failure)
[5267.777s][info][gc,heap        ] GC(1324) PSYoungGen: 2631136K(2641408K)->152704K(2638848K) Eden: 2485760K(2485760K)->0K(2485760K) From: 145376K(155648K)->152704K(153088K)
[5267.777s][info][gc,heap        ] GC(1324) ParOldGen: 2347873K(3548672K)->2441145K(3548672K)
[5267.777s][info][gc,metaspace   ] GC(1324) Metaspace: 29143K(29440K)->29143K(29440K) NonClass: 24252K(24384K)->24252K(24384K) Class: 4890K(5056K)->4890K(5056K)
[5267.777s][info][gc             ] GC(1324) Pause Young (Allocation Failure) 4862M->2533M(6042M) 101.973ms
[5267.777s][info][gc,cpu         ] GC(1324) User=0.60s Sys=0.01s Real=0.10s
..[5270.020s][info][gc,start       ] GC(1325) Pause Young (Allocation Failure)
[5270.121s][info][gc,heap        ] GC(1325) PSYoungGen: 2638464K(2638848K)->153178K(2637312K) Eden: 2485760K(2485760K)->0K(2480640K) From: 152704K(153088K)->153178K(156672K)
[5270.121s][info][gc,heap        ] GC(1325) ParOldGen: 2441145K(3548672K)->2532793K(3548672K)
[5270.121s][info][gc,metaspace   ] GC(1325) Metaspace: 29143K(29440K)->29143K(29440K) NonClass: 24252K(24384K)->24252K(24384K) Class: 4890K(5056K)->4890K(5056K)
[5270.121s][info][gc             ] GC(1325) Pause Young (Allocation Failure) 4960M->2623M(6041M) 100.989ms
[5270.121s][info][gc,cpu         ] GC(1325) User=0.59s Sys=0.00s Real=0.10s
..[5272.410s][info][gc,start       ] GC(1326) Pause Young (Allocation Failure)
[5272.504s][info][gc,heap        ] GC(1326) PSYoungGen: 2633818K(2637312K)->137952K(2618880K) Eden: 2480640K(2480640K)->0K(2480640K) From: 153178K(156672K)->137952K(138240K)
[5272.504s][info][gc,heap        ] GC(1326) ParOldGen: 2532793K(3548672K)->2625777K(3548672K)
[5272.504s][info][gc,metaspace   ] GC(1326) Metaspace: 29143K(29440K)->29143K(29440K) NonClass: 24252K(24384K)->24252K(24384K) Class: 4890K(5056K)->4890K(5056K)
[5272.504s][info][gc             ] GC(1326) Pause Young (Allocation Failure) 5045M->2698M(6023M) 93.633ms
[5272.504s][info][gc,cpu         ] GC(1326) User=0.55s Sys=0.00s Real=0.09s
...[5274.780s][info][gc,start       ] GC(1327) Pause Young (Allocation Failure)
[5274.879s][info][gc,heap        ] GC(1327) PSYoungGen: 2618592K(2618880K)->147584K(2638336K) Eden: 2480640K(2480640K)->0K(2480128K) From: 137952K(138240K)->147584K(158208K)
[5274.879s][info][gc,heap        ] GC(1327) ParOldGen: 2625777K(3548672K)->2716953K(3548672K)
[5274.879s][info][gc,metaspace   ] GC(1327) Metaspace: 29143K(29440K)->29143K(29440K) NonClass: 24252K(24384K)->24252K(24384K) Class: 4890K(5056K)->4890K(5056K)
[5274.879s][info][gc             ] GC(1327) Pause Young (Allocation Failure) 5121M->2797M(6042M) 98.610ms
[5274.879s][info][gc,cpu         ] GC(1327) User=0.58s Sys=0.00s Real=0.10s
..[5277.126s][info][gc,start       ] GC(1328) Pause Young (Allocation Failure)
[5277.226s][info][gc,heap        ] GC(1328) PSYoungGen: 2627712K(2638336K)->147360K(2627584K) Eden: 2480128K(2480128K)->0K(2480128K) From: 147584K(158208K)->147360K(147456K)
[5277.226s][info][gc,heap        ] GC(1328) ParOldGen: 2716953K(3548672K)->2808585K(3548672K)
[5277.226s][info][gc,metaspace   ] GC(1328) Metaspace: 29143K(29440K)->29143K(29440K) NonClass: 24252K(24384K)->24252K(24384K) Class: 4890K(5056K)->4890K(5056K)
[5277.226s][info][gc             ] GC(1328) Pause Young (Allocation Failure) 5219M->2886M(6031M) 99.310ms
[5277.226s][info][gc,cpu         ] GC(1328) User=0.58s Sys=0.01s Real=0.10s
..[5279.430s][info][gc,start       ] GC(1329) Pause Young (Allocation Failure)
[5279.527s][info][gc,heap        ] GC(1329) PSYoungGen: 2627488K(2627584K)->146052K(2637312K) Eden: 2480128K(2480128K)->0K(2480640K) From: 147360K(147456K)->146052K(156672K)
[5279.527s][info][gc,heap        ] GC(1329) ParOldGen: 2808585K(3548672K)->2901113K(3548672K)
[5279.527s][info][gc,metaspace   ] GC(1329) Metaspace: 29143K(29440K)->29143K(29440K) NonClass: 24252K(24384K)->24252K(24384K) Class: 4890K(5056K)->4890K(5056K)
[5279.528s][info][gc             ] GC(1329) Pause Young (Allocation Failure) 5308M->2975M(6041M) 97.974ms
[5279.528s][info][gc,cpu         ] GC(1329) User=0.57s Sys=0.01s Real=0.09s
...[5281.841s][info][gc,start       ] GC(1330) Pause Young (Allocation Failure)
[5281.938s][info][gc,heap        ] GC(1330) PSYoungGen: 2626692K(2637312K)->143360K(2636800K) Eden: 2480640K(2480640K)->0K(2480640K) From: 146052K(156672K)->143360K(156160K)
[5281.938s][info][gc,heap        ] GC(1330) ParOldGen: 2901113K(3548672K)->2992993K(3548672K)
[5281.938s][info][gc,metaspace   ] GC(1330) Metaspace: 29143K(29440K)->29143K(29440K) NonClass: 24252K(24384K)->24252K(24384K) Class: 4890K(5056K)->4890K(5056K)
[5281.938s][info][gc             ] GC(1330) Pause Young (Allocation Failure) 5398M->3062M(6040M) 96.309ms
[5281.938s][info][gc,cpu         ] GC(1330) User=0.56s Sys=0.00s Real=0.09s
..[5284.185s][info][gc,start       ] GC(1331) Pause Young (Allocation Failure)
[5284.286s][info][gc,heap        ] GC(1331) PSYoungGen: 2624000K(2636800K)->149944K(2638336K) Eden: 2480640K(2480640K)->0K(2482688K) From: 143360K(156160K)->149944K(155648K)
[5284.286s][info][gc,heap        ] GC(1331) ParOldGen: 2992993K(3548672K)->3085393K(3548672K)
[5284.286s][info][gc,metaspace   ] GC(1331) Metaspace: 29143K(29440K)->29143K(29440K) NonClass: 24252K(24384K)->24252K(24384K) Class: 4890K(5056K)->4890K(5056K)
[5284.286s][info][gc             ] GC(1331) Pause Young (Allocation Failure) 5485M->3159M(6042M) 100.901ms
[5284.286s][info][gc,cpu         ] GC(1331) User=0.59s Sys=0.00s Real=0.10s
..[5286.521s][info][gc,start       ] GC(1332) Pause Young (Allocation Failure)
[5286.617s][info][gc,heap        ] GC(1332) PSYoungGen: 2632632K(2638336K)->147780K(2638848K) Eden: 2482688K(2482688K)->0K(2482688K) From: 149944K(155648K)->147780K(156160K)
[5286.617s][info][gc,heap        ] GC(1332) ParOldGen: 3085393K(3548672K)->3175841K(3548672K)
[5286.617s][info][gc,metaspace   ] GC(1332) Metaspace: 29143K(29440K)->29143K(29440K) NonClass: 24252K(24384K)->24252K(24384K) Class: 4890K(5056K)->4890K(5056K)
[5286.617s][info][gc             ] GC(1332) Pause Young (Allocation Failure) 5584M->3245M(6042M) 96.049ms
[5286.617s][info][gc,cpu         ] GC(1332) User=0.57s Sys=0.00s Real=0.09s
...|[5288.864s][info][gc,start       ] GC(1333) Pause Young (Allocation Failure)
[5288.960s][info][gc,heap        ] GC(1333) PSYoungGen: 2630468K(2638848K)->142496K(2639872K) Eden: 2482688K(2482688K)->0K(2484224K) From: 147780K(156160K)->142496K(155648K)
[5288.960s][info][gc,heap        ] GC(1333) ParOldGen: 3175841K(3548672K)->3269185K(3548672K)
[5288.960s][info][gc,metaspace   ] GC(1333) Metaspace: 29143K(29440K)->29143K(29440K) NonClass: 24252K(24384K)->24252K(24384K) Class: 4890K(5056K)->4890K(5056K)
[5288.960s][info][gc             ] GC(1333) Pause Young (Allocation Failure) 5670M->3331M(6043M) 96.195ms
[5288.960s][info][gc,cpu         ] GC(1333) User=0.57s Sys=0.00s Real=0.10s
..[5291.243s][info][gc,start       ] GC(1334) Pause Young (Allocation Failure)
[5291.338s][info][gc,heap        ] GC(1334) PSYoungGen: 2626720K(2639872K)->142656K(2639872K) Eden: 2484224K(2484224K)->0K(2484224K) From: 142496K(155648K)->142656K(155648K)
[5291.338s][info][gc,heap        ] GC(1334) ParOldGen: 3269185K(3548672K)->3359201K(3548672K)
[5291.338s][info][gc,metaspace   ] GC(1334) Metaspace: 29143K(29440K)->29143K(29440K) NonClass: 24252K(24384K)->24252K(24384K) Class: 4890K(5056K)->4890K(5056K)
[5291.338s][info][gc             ] GC(1334) Pause Young (Allocation Failure) 5757M->3419M(6043M) 95.700ms
[5291.338s][info][gc,cpu         ] GC(1334) User=0.57s Sys=0.00s Real=0.10s
..[5293.569s][info][gc,start       ] GC(1335) Pause Young (Allocation Failure)
[5293.666s][info][gc,heap        ] GC(1335) PSYoungGen: 2626880K(2639872K)->140704K(2639872K) Eden: 2484224K(2484224K)->0K(2484736K) From: 142656K(155648K)->140704K(155136K)
[5293.666s][info][gc,heap        ] GC(1335) ParOldGen: 3359201K(3548672K)->3453545K(3548672K)
[5293.666s][info][gc,metaspace   ] GC(1335) Metaspace: 29143K(29440K)->29143K(29440K) NonClass: 24252K(24384K)->24252K(24384K) Class: 4890K(5056K)->4890K(5056K)
[5293.666s][info][gc             ] GC(1335) Pause Young (Allocation Failure) 5845M->3510M(6043M) 97.222ms
[5293.666s][info][gc,cpu         ] GC(1335) User=0.57s Sys=0.00s Real=0.09s
...[5295.968s][info][gc,start       ] GC(1336) Pause Young (Allocation Failure)
[5296.068s][info][gc,heap        ] GC(1336) PSYoungGen: 2625440K(2639872K)->151872K(2636800K) Eden: 2484736K(2484736K)->0K(2484736K) From: 140704K(155136K)->151872K(152064K)
[5296.068s][info][gc,heap        ] GC(1336) ParOldGen: 3453545K(3548672K)->3541633K(3548672K)
[5296.068s][info][gc,metaspace   ] GC(1336) Metaspace: 29143K(29440K)->29143K(29440K) NonClass: 24252K(24384K)->24252K(24384K) Class: 4890K(5056K)->4890K(5056K)
[5296.068s][info][gc             ] GC(1336) Pause Young (Allocation Failure) 5936M->3606M(6040M) 100.032ms
[5296.068s][info][gc,cpu         ] GC(1336) User=0.58s Sys=0.01s Real=0.10s
..[5298.367s][info][gc,start       ] GC(1337) Pause Young (Allocation Failure)
[5298.467s][info][gc,heap        ] GC(1337) PSYoungGen: 2636608K(2636800K)->135360K(2638336K) Eden: 2484736K(2484736K)->0K(2481664K) From: 151872K(152064K)->135360K(156672K)
[5298.467s][info][gc,heap        ] GC(1337) ParOldGen: 3541633K(3548672K)->3638761K(3638784K)
[5298.467s][info][gc,metaspace   ] GC(1337) Metaspace: 29143K(29440K)->29143K(29440K) NonClass: 24252K(24384K)->24252K(24384K) Class: 4890K(5056K)->4890K(5056K)
[5298.467s][info][gc             ] GC(1337) Pause Young (Allocation Failure) 6033M->3685M(6130M) 99.972ms
[5298.467s][info][gc,cpu         ] GC(1337) User=0.57s Sys=0.02s Real=0.10s
..[5300.643s][info][gc,start       ] GC(1338) Pause Young (Allocation Failure)
[5300.746s][info][gc,heap        ] GC(1338) PSYoungGen: 2617024K(2638336K)->147587K(2638848K) Eden: 2481664K(2481664K)->0K(2481664K) From: 135360K(156672K)->147587K(157184K)
[5300.746s][info][gc,heap        ] GC(1338) ParOldGen: 3638761K(3638784K)->3728873K(3728896K)
[5300.746s][info][gc,metaspace   ] GC(1338) Metaspace: 29143K(29440K)->29143K(29440K) NonClass: 24252K(24384K)->24252K(24384K) Class: 4890K(5056K)->4890K(5056K)
[5300.746s][info][gc             ] GC(1338) Pause Young (Allocation Failure) 6109M->3785M(6218M) 103.267ms
[5300.746s][info][gc,cpu         ] GC(1338) User=0.58s Sys=0.03s Real=0.10s
...[5303.114s][info][gc,start       ] GC(1339) Pause Young (Allocation Failure)
[5303.219s][info][gc,heap        ] GC(1339) PSYoungGen: 2629251K(2638848K)->149408K(2637824K) Eden: 2481664K(2481664K)->0K(2480640K) From: 147587K(157184K)->149408K(157184K)
[5303.219s][info][gc,heap        ] GC(1339) ParOldGen: 3728873K(3728896K)->3818897K(3819008K)
[5303.219s][info][gc,metaspace   ] GC(1339) Metaspace: 29143K(29440K)->29143K(29440K) NonClass: 24252K(24384K)->24252K(24384K) Class: 4890K(5056K)->4890K(5056K)
[5303.219s][info][gc             ] GC(1339) Pause Young (Allocation Failure) 6209M->3875M(6305M) 104.209ms
[5303.219s][info][gc,cpu         ] GC(1339) User=0.59s Sys=0.03s Real=0.11s
..[5305.419s][info][gc,start       ] GC(1340) Pause Young (Allocation Failure)
[5305.519s][info][gc,heap        ] GC(1340) PSYoungGen: 2630048K(2637824K)->137664K(2638336K) Eden: 2480640K(2480640K)->0K(2480640K) From: 149408K(157184K)->137664K(157696K)
[5305.519s][info][gc,heap        ] GC(1340) ParOldGen: 3818897K(3819008K)->3913425K(3913728K)
[5305.519s][info][gc,metaspace   ] GC(1340) Metaspace: 29143K(29440K)->29143K(29440K) NonClass: 24252K(24384K)->24252K(24384K) Class: 4890K(5056K)->4890K(5056K)
[5305.519s][info][gc             ] GC(1340) Pause Young (Allocation Failure) 6297M->3956M(6398M) 100.864ms
[5305.519s][info][gc,cpu         ] GC(1340) User=0.55s Sys=0.04s Real=0.10s
...[5307.859s][info][gc,start       ] GC(1341) Pause Young (Allocation Failure)
[5307.966s][info][gc,heap        ] GC(1341) PSYoungGen: 2618304K(2638336K)->150974K(2636288K) Eden: 2480640K(2480640K)->0K(2478592K) From: 137664K(157696K)->150974K(157696K)
[5307.966s][info][gc,heap        ] GC(1341) ParOldGen: 3913425K(3913728K)->4004937K(4005376K)
[5307.966s][info][gc,metaspace   ] GC(1341) Metaspace: 29143K(29440K)->29143K(29440K) NonClass: 24252K(24384K)->24252K(24384K) Class: 4890K(5056K)->4890K(5056K)
[5307.966s][info][gc             ] GC(1341) Pause Young (Allocation Failure) 6378M->4058M(6486M) 107.598ms
[5307.966s][info][gc,cpu         ] GC(1341) User=0.60s Sys=0.03s Real=0.10s
..[5310.230s][info][gc,start       ] GC(1342) Pause Young (Allocation Failure)
[5310.328s][info][gc,heap        ] GC(1342) PSYoungGen: 2629566K(2636288K)->138336K(2637312K) Eden: 2478592K(2478592K)->0K(2478592K) From: 150974K(157696K)->138336K(158720K)
[5310.328s][info][gc,heap        ] GC(1342) ParOldGen: 4004937K(4005376K)->4096553K(4097024K)
[5310.328s][info][gc,metaspace   ] GC(1342) Metaspace: 29143K(29440K)->29143K(29440K) NonClass: 24252K(24384K)->24252K(24384K) Class: 4890K(5056K)->4890K(5056K)
[5310.328s][info][gc             ] GC(1342) Pause Young (Allocation Failure) 6479M->4135M(6576M) 98.335ms
[5310.328s][info][gc,cpu         ] GC(1342) User=0.56s Sys=0.02s Real=0.10s
..[5312.625s][info][gc,start       ] GC(1343) Pause Young (Allocation Failure)
[5312.731s][info][gc,heap        ] GC(1343) PSYoungGen: 2616928K(2637312K)->146299K(2635264K) Eden: 2478592K(2478592K)->0K(2478592K) From: 138336K(158720K)->146299K(156672K)
[5312.731s][info][gc,heap        ] GC(1343) ParOldGen: 4096553K(4097024K)->4190153K(4190208K)
[5312.731s][info][gc,metaspace   ] GC(1343) Metaspace: 29143K(29440K)->29143K(29440K) NonClass: 24252K(24384K)->24252K(24384K) Class: 4890K(5056K)->4890K(5056K)
[5312.731s][info][gc             ] GC(1343) Pause Young (Allocation Failure) 6556M->4234M(6665M) 105.527ms
[5312.731s][info][gc,cpu         ] GC(1343) User=0.59s Sys=0.03s Real=0.11s
...[5314.963s][info][gc,start       ] GC(1344) Pause Young (Allocation Failure)
[5315.070s][info][gc,heap        ] GC(1344) PSYoungGen: 2624891K(2635264K)->151411K(2636288K) Eden: 2478592K(2478592K)->0K(2478592K) From: 146299K(156672K)->151411K(157696K)
[5315.070s][info][gc,heap        ] GC(1344) ParOldGen: 4190153K(4190208K)->4282529K(4282880K)
[5315.070s][info][gc,metaspace   ] GC(1344) Metaspace: 29143K(29440K)->29143K(29440K) NonClass: 24252K(24384K)->24252K(24384K) Class: 4890K(5056K)->4890K(5056K)
[5315.070s][info][gc             ] GC(1344) Pause Young (Allocation Failure) 6655M->4330M(6757M) 107.386ms
[5315.070s][info][gc,cpu         ] GC(1344) User=0.61s Sys=0.02s Real=0.11s
..[5317.241s][info][gc,start       ] GC(1345) Pause Young (Allocation Failure)
[5317.342s][info][gc,heap        ] GC(1345) PSYoungGen: 2630003K(2636288K)->140384K(2637312K) Eden: 2478592K(2478592K)->0K(2478080K) From: 151411K(157696K)->140384K(159232K)
[5317.342s][info][gc,heap        ] GC(1345) ParOldGen: 4282529K(4282880K)->4372705K(4372992K)
[5317.342s][info][gc,metaspace   ] GC(1345) Metaspace: 29143K(29440K)->29143K(29440K) NonClass: 24252K(24384K)->24252K(24384K) Class: 4890K(5056K)->4890K(5056K)
[5317.342s][info][gc             ] GC(1345) Pause Young (Allocation Failure) 6750M->4407M(6846M) 101.348ms
[5317.342s][info][gc,cpu         ] GC(1345) User=0.57s Sys=0.03s Real=0.10s
..[5319.633s][info][gc,start       ] GC(1346) Pause Young (Allocation Failure)
[5319.735s][info][gc,heap        ] GC(1346) PSYoungGen: 2618464K(2637312K)->143492K(2621952K) Eden: 2478080K(2478080K)->0K(2478080K) From: 140384K(159232K)->143492K(143872K)
[5319.735s][info][gc,heap        ] GC(1346) ParOldGen: 4372705K(4372992K)->4465561K(4465664K)
[5319.735s][info][gc,metaspace   ] GC(1346) Metaspace: 29143K(29440K)->29143K(29440K) NonClass: 24252K(24384K)->24252K(24384K) Class: 4890K(5056K)->4890K(5056K)
[5319.735s][info][gc             ] GC(1346) Pause Young (Allocation Failure) 6827M->4501M(6921M) 102.760ms
[5319.736s][info][gc,cpu         ] GC(1346) User=0.58s Sys=0.03s Real=0.10s
...[5321.976s][info][gc,start       ] GC(1347) Pause Young (Allocation Failure)
[5322.086s][info][gc,heap        ] GC(1347) PSYoungGen: 2621572K(2621952K)->153210K(2634240K) Eden: 2478080K(2478080K)->0K(2476544K) From: 143492K(143872K)->153210K(157696K)
[5322.086s][info][gc,heap        ] GC(1347) ParOldGen: 4465561K(4465664K)->4559433K(4559872K)
[5322.086s][info][gc,metaspace   ] GC(1347) Metaspace: 29143K(29440K)->29143K(29440K) NonClass: 24252K(24384K)->24252K(24384K) Class: 4890K(5056K)->4890K(5056K)
[5322.086s][info][gc             ] GC(1347) Pause Young (Allocation Failure) 6921M->4602M(7025M) 109.745ms
[5322.086s][info][gc,cpu         ] GC(1347) User=0.61s Sys=0.03s Real=0.11s
..[5324.317s][info][gc,start       ] GC(1348) Pause Young (Allocation Failure)
[5324.422s][info][gc,heap        ] GC(1348) PSYoungGen: 2629754K(2634240K)->142805K(2635776K) Eden: 2476544K(2476544K)->0K(2476544K) From: 153210K(157696K)->142805K(159232K)
[5324.422s][info][gc,heap        ] GC(1348) ParOldGen: 4559433K(4559872K)->4650801K(4651008K)
[5324.422s][info][gc,metaspace   ] GC(1348) Metaspace: 29143K(29440K)->29143K(29440K) NonClass: 24252K(24384K)->24252K(24384K) Class: 4890K(5056K)->4890K(5056K)
[5324.422s][info][gc             ] GC(1348) Pause Young (Allocation Failure) 7020M->4681M(7116M) 104.751ms
[5324.422s][info][gc,cpu         ] GC(1348) User=0.58s Sys=0.03s Real=0.11s
..[5326.671s][info][gc,start       ] GC(1349) Pause Young (Allocation Failure)
[5326.777s][info][gc,heap        ] GC(1349) PSYoungGen: 2619349K(2635776K)->148676K(2635264K) Eden: 2476544K(2476544K)->0K(2478080K) From: 142805K(159232K)->148676K(157184K)
[5326.777s][info][gc,heap        ] GC(1349) ParOldGen: 4650801K(4651008K)->4743121K(4743168K)
[5326.777s][info][gc,metaspace   ] GC(1349) Metaspace: 29143K(29440K)->29143K(29440K) NonClass: 24252K(24384K)->24252K(24384K) Class: 4890K(5056K)->4890K(5056K)
[5326.777s][info][gc             ] GC(1349) Pause Young (Allocation Failure) 7099M->4777M(7205M) 106.566ms
[5326.777s][info][gc,cpu         ] GC(1349) User=0.60s Sys=0.03s Real=0.10s
...[5329.015s][info][gc,start       ] GC(1350) Pause Young (Allocation Failure)
[5329.121s][info][gc,heap        ] GC(1350) PSYoungGen: 2626756K(2635264K)->148850K(2636288K) Eden: 2478080K(2478080K)->0K(2478080K) From: 148676K(157184K)->148850K(158208K)
[5329.121s][info][gc,heap        ] GC(1350) ParOldGen: 4743121K(4743168K)->4834657K(4834816K)
[5329.121s][info][gc,metaspace   ] GC(1350) Metaspace: 29143K(29440K)->29143K(29440K) NonClass: 24252K(24384K)->24252K(24384K) Class: 4890K(5056K)->4890K(5056K)
[5329.121s][info][gc             ] GC(1350) Pause Young (Allocation Failure) 7197M->4866M(7296M) 105.464ms
[5329.121s][info][gc,cpu         ] GC(1350) User=0.59s Sys=0.03s Real=0.11s
..[5331.429s][info][gc,start       ] GC(1351) Pause Young (Allocation Failure)
[5331.528s][info][gc,heap        ] GC(1351) PSYoungGen: 2626930K(2636288K)->138976K(2637824K) Eden: 2478080K(2478080K)->0K(2479616K) From: 148850K(158208K)->138976K(158208K)
[5331.528s][info][gc,heap        ] GC(1351) ParOldGen: 4834657K(4834816K)->4925961K(4926464K)
[5331.528s][info][gc,metaspace   ] GC(1351) Metaspace: 29143K(29440K)->29143K(29440K) NonClass: 24252K(24384K)->24252K(24384K) Class: 4890K(5056K)->4890K(5056K)
[5331.528s][info][gc             ] GC(1351) Pause Young (Allocation Failure) 7286M->4946M(7387M) 99.500ms
[5331.528s][info][gc,cpu         ] GC(1351) User=0.57s Sys=0.03s Real=0.09s
..[5333.768s][info][gc,start       ] GC(1352) Pause Young (Allocation Failure)
[5333.872s][info][gc,heap        ] GC(1352) PSYoungGen: 2618592K(2637824K)->142048K(2621952K) Eden: 2479616K(2479616K)->0K(2479616K) From: 138976K(158208K)->142048K(142336K)
[5333.872s][info][gc,heap        ] GC(1352) ParOldGen: 4925961K(4926464K)->5019825K(5020160K)
[5333.872s][info][gc,metaspace   ] GC(1352) Metaspace: 29143K(29440K)->29143K(29440K) NonClass: 24252K(24384K)->24252K(24384K) Class: 4890K(5056K)->4890K(5056K)
[5333.872s][info][gc             ] GC(1352) Pause Young (Allocation Failure) 7367M->5040M(7463M) 103.622ms
[5333.872s][info][gc,cpu         ] GC(1352) User=0.58s Sys=0.03s Real=0.11s
...[5336.101s][info][gc,start       ] GC(1353) Pause Young (Allocation Failure)
[5336.210s][info][gc,heap        ] GC(1353) PSYoungGen: 2621664K(2621952K)->154944K(2633216K) Eden: 2479616K(2479616K)->0K(2475520K) From: 142048K(142336K)->154944K(157696K)
[5336.210s][info][gc,heap        ] GC(1353) ParOldGen: 5019825K(5020160K)->5107889K(5108224K)
[5336.210s][info][gc,metaspace   ] GC(1353) Metaspace: 29143K(29440K)->29143K(29440K) NonClass: 24252K(24384K)->24252K(24384K) Class: 4890K(5056K)->4890K(5056K)
[5336.210s][info][gc             ] GC(1353) Pause Young (Allocation Failure) 7462M->5139M(7560M) 109.290ms
[5336.210s][info][gc,cpu         ] GC(1353) User=0.62s Sys=0.02s Real=0.11s
..[5338.459s][info][gc,start       ] GC(1354) Pause Young (Allocation Failure)
[5338.561s][info][gc,heap        ] GC(1354) PSYoungGen: 2630464K(2633216K)->138432K(2635776K) Eden: 2475520K(2475520K)->0K(2475520K) From: 154944K(157696K)->138432K(160256K)
[5338.561s][info][gc,heap        ] GC(1354) ParOldGen: 5107889K(5108224K)->5201113K(5201408K)
[5338.561s][info][gc,metaspace   ] GC(1354) Metaspace: 29143K(29440K)->29143K(29440K) NonClass: 24252K(24384K)->24252K(24384K) Class: 4890K(5056K)->4890K(5056K)
[5338.561s][info][gc             ] GC(1354) Pause Young (Allocation Failure) 7556M->5214M(7653M) 102.596ms
[5338.561s][info][gc,cpu         ] GC(1354) User=0.57s Sys=0.02s Real=0.10s
..[5340.893s][info][gc,start       ] GC(1355) Pause Young (Allocation Failure)
[5340.995s][info][gc,heap        ] GC(1355) PSYoungGen: 2613952K(2635776K)->144544K(2633216K) Eden: 2475520K(2475520K)->0K(2476032K) From: 138432K(160256K)->144544K(157184K)
[5340.995s][info][gc,heap        ] GC(1355) ParOldGen: 5201113K(5201408K)->5293081K(5293568K)
[5340.995s][info][gc,metaspace   ] GC(1355) Metaspace: 29143K(29440K)->29143K(29440K) NonClass: 24252K(24384K)->24252K(24384K) Class: 4890K(5056K)->4890K(5056K)
[5340.995s][info][gc             ] GC(1355) Pause Young (Allocation Failure) 7631M->5310M(7741M) 101.815ms
[5340.995s][info][gc,cpu         ] GC(1355) User=0.56s Sys=0.04s Real=0.10s
...[5343.260s][info][gc,start       ] GC(1356) Pause Young (Allocation Failure)
[5343.362s][info][gc,heap        ] GC(1356) PSYoungGen: 2620576K(2633216K)->134784K(2634752K) Eden: 2476032K(2476032K)->0K(2476032K) From: 144544K(157184K)->134784K(158720K)
[5343.362s][info][gc,heap        ] GC(1356) ParOldGen: 5293081K(5293568K)->5386697K(5386752K)
[5343.362s][info][gc,metaspace   ] GC(1356) Metaspace: 29143K(29440K)->29143K(29440K) NonClass: 24252K(24384K)->24252K(24384K) Class: 4890K(5056K)->4890K(5056K)
[5343.362s][info][gc             ] GC(1356) Pause Young (Allocation Failure) 7728M->5392M(7833M) 101.612ms
[5343.362s][info][gc,cpu         ] GC(1356) User=0.57s Sys=0.02s Real=0.10s
..[5345.668s][info][gc,start       ] GC(1357) Pause Young (Allocation Failure)
[5345.776s][info][gc,heap        ] GC(1357) PSYoungGen: 2610816K(2634752K)->149952K(2635776K) Eden: 2476032K(2476032K)->0K(2476544K) From: 134784K(158720K)->149952K(159232K)
[5345.776s][info][gc,heap        ] GC(1357) ParOldGen: 5386697K(5386752K)->5476977K(5477376K)
[5345.776s][info][gc,metaspace   ] GC(1357) Metaspace: 29143K(29440K)->29143K(29440K) NonClass: 24252K(24384K)->24252K(24384K) Class: 4890K(5056K)->4890K(5056K)
[5345.776s][info][gc             ] GC(1357) Pause Young (Allocation Failure) 7810M->5495M(7923M) 107.546ms
[5345.776s][info][gc,cpu         ] GC(1357) User=0.62s Sys=0.03s Real=0.11s
...[5348.070s][info][gc,start       ] GC(1358) Pause Young (Allocation Failure)
[5348.179s][info][gc,heap        ] GC(1358) PSYoungGen: 2626496K(2635776K)->152805K(2629632K) Eden: 2476544K(2476544K)->0K(2476544K) From: 149952K(159232K)->152805K(153088K)
[5348.179s][info][gc,heap        ] GC(1358) ParOldGen: 5476977K(5477376K)->5568697K(5569024K)
[5348.179s][info][gc,metaspace   ] GC(1358) Metaspace: 29143K(29440K)->29143K(29440K) NonClass: 24252K(24384K)->24252K(24384K) Class: 4890K(5056K)->4890K(5056K)
[5348.179s][info][gc             ] GC(1358) Pause Young (Allocation Failure) 7913M->5587M(8006M) 109.045ms
[5348.179s][info][gc,cpu         ] GC(1358) User=0.61s Sys=0.03s Real=0.11s
. (rIR:aIR:PR = 8579:8580:8580) (tPR = 127718) [OK] 
  5348s: Performance info:
         Transaction,    Success,    Partial,     Failed,   Receipts, AvgBarcode, 
             Overall,     517649,          0,          0,     491676,      59.48, 
         Response times:
             Request,    Success,    Partial,     Failed,   SkipFail,     Probes,    Samples,      min,      p50,      p90,      p95,      p99,      max, 
       TotalPurchase,     491677,          0,          0,          0,     360886,     510592,      300,     5700,    21000,    45000,    81000,   179000,
     InStorePurchase,     258072,          0,          0,          0,     189607,     267900,      300,     5700,    20000,    45000,    81000,   179000,
      OnlinePurchase,     181997,          0,          0,          0,     132605,     187245,      300,     5600,    20000,    45000,    80000,   179000,
        InstPurchase,      51608,          0,          0,          0,      38674,      55447,      300,     5600,    21000,    44000,    82000,   179000,
          AssocOfCat,        519,          0,          0,          0,        437,        731,    22000,    40000,    78600,   104000,   159000,   180000,
      AssocOfProduct,       5172,          0,          0,          0,       3672,       5437,      800,     6600,    22000,    48100,    82620,   143000,
      BusinessReport,       1287,          0,          0,          0,       1121,       1780,    22000,    43000,    65000,    86950,   158000,   186000,
          CustBuyBeh,       5149,          0,          0,          0,       3634,       5395,      200,     6900,    23000,    53000,    80000,   138000,
       ProductReturn,      13847,          0,          0,          0,       9454,      13752,      200,     5700,    21000,    45000,    78000,   172000,

  5348s: (63%)   IR =   8717 .[5350.442s][info][gc,start       ] GC(1359) Pause Full (Allocation Failure)
[5350.442s][info][gc,phases,start] GC(1359) Marking Phase
[5350.732s][info][gc,phases      ] GC(1359) Marking Phase 289.957ms
[5350.732s][info][gc,phases,start] GC(1359) Summary Phase
[5350.732s][info][gc,phases      ] GC(1359) Summary Phase 0.092ms
[5350.732s][info][gc,phases,start] GC(1359) Forward
[5350.855s][info][gc,phases      ] GC(1359) Forward 123.333ms
[5350.855s][info][gc,phases,start] GC(1359) Adjust Pointers
[5351.053s][info][gc,phases      ] GC(1359) Adjust Pointers 198.095ms
[5351.053s][info][gc,phases,start] GC(1359) Compaction Phase
[5351.178s][info][gc,phases      ] GC(1359) Compaction Phase 124.656ms
[5351.179s][info][gc,phases,start] GC(1359) Post Compact
[5351.186s][info][gc,phases      ] GC(1359) Post Compact 6.970ms
[5351.317s][info][gc,heap        ] GC(1359) PSYoungGen: 2629349K(2629632K)->0K(2634752K) Eden: 2476544K(2476544K)->0K(2473472K) From: 152805K(153088K)->0K(161280K)
[5351.317s][info][gc,heap        ] GC(1359) ParOldGen: 5568697K(5569024K)->1422309K(1680896K)
[5351.317s][info][gc,metaspace   ] GC(1359) Metaspace: 29143K(29440K)->29143K(29440K) NonClass: 24252K(24384K)->24252K(24384K) Class: 4890K(5056K)->4890K(5056K)
[5351.317s][info][gc             ] GC(1359) Pause Full (Allocation Failure) 8005M->1388M(4214M) 875.665ms
[5351.317s][info][gc,cpu         ] GC(1359) User=4.00s Sys=0.13s Real=0.87s
..[5352.832s][info][gc,start       ] GC(1360) Pause Young (Allocation Failure)
[5352.900s][info][gc,heap        ] GC(1360) PSYoungGen: 2473472K(2634752K)->146838K(2620416K) Eden: 2473472K(2473472K)->0K(2473472K) From: 0K(161280K)->146838K(146944K)
[5352.900s][info][gc,heap        ] GC(1360) ParOldGen: 1422309K(1680896K)->1422309K(1680896K)
[5352.900s][info][gc,metaspace   ] GC(1360) Metaspace: 29143K(29440K)->29143K(29440K) NonClass: 24252K(24384K)->24252K(24384K) Class: 4890K(5056K)->4890K(5056K)
[5352.900s][info][gc             ] GC(1360) Pause Young (Allocation Failure) 3804M->1532M(4200M) 67.577ms
[5352.900s][info][gc,cpu         ] GC(1360) User=0.41s Sys=0.00s Real=0.07s
..[5355.064s][info][gc,start       ] GC(1361) Pause Young (Allocation Failure)
[5355.164s][info][gc,heap        ] GC(1361) PSYoungGen: 2620310K(2620416K)->153824K(2632192K) Eden: 2473472K(2473472K)->0K(2471936K) From: 146838K(146944K)->153824K(160256K)
[5355.164s][info][gc,heap        ] GC(1361) ParOldGen: 1422309K(1680896K)->1512741K(1680896K)
[5355.164s][info][gc,metaspace   ] GC(1361) Metaspace: 29143K(29440K)->29143K(29440K) NonClass: 24252K(24384K)->24252K(24384K) Class: 4890K(5056K)->4890K(5056K)
[5355.164s][info][gc             ] GC(1361) Pause Young (Allocation Failure) 3947M->1627M(4212M) 100.131ms
[5355.164s][info][gc,cpu         ] GC(1361) User=0.60s Sys=0.00s Real=0.10s
.|..[5357.358s][info][gc,start       ] GC(1362) Pause Young (Allocation Failure)
[5357.455s][info][gc,heap        ] GC(1362) PSYoungGen: 2625760K(2632192K)->138483K(2633728K) Eden: 2471936K(2471936K)->0K(2471936K) From: 153824K(160256K)->138483K(161792K)
[5357.455s][info][gc,heap        ] GC(1362) ParOldGen: 1512741K(1680896K)->1608157K(1680896K)
[5357.455s][info][gc,metaspace   ] GC(1362) Metaspace: 29143K(29440K)->29143K(29440K) NonClass: 24252K(24384K)->24252K(24384K) Class: 4890K(5056K)->4890K(5056K)
[5357.455s][info][gc             ] GC(1362) Pause Young (Allocation Failure) 4041M->1705M(4213M) 96.662ms
[5357.455s][info][gc,cpu         ] GC(1362) User=0.56s Sys=0.00s Real=0.10s
..[5359.685s][info][gc,start       ] GC(1363) Pause Young (Allocation Failure)
[5359.782s][info][gc,heap        ] GC(1363) PSYoungGen: 2610419K(2633728K)->144224K(2631168K) Eden: 2471936K(2471936K)->0K(2472448K) From: 138483K(161792K)->144224K(158720K)
[5359.782s][info][gc,heap        ] GC(1363) ParOldGen: 1608157K(1680896K)->1697917K(1698304K)
[5359.782s][info][gc,metaspace   ] GC(1363) Metaspace: 29143K(29440K)->29143K(29440K) NonClass: 24252K(24384K)->24252K(24384K) Class: 4890K(5056K)->4890K(5056K)
[5359.782s][info][gc             ] GC(1363) Pause Young (Allocation Failure) 4119M->1798M(4228M) 96.805ms
[5359.782s][info][gc,cpu         ] GC(1363) User=0.56s Sys=0.01s Real=0.10s
..[5361.953s][info][gc,start       ] GC(1364) Pause Young (Allocation Failure)
[5362.055s][info][gc,heap        ] GC(1364) PSYoungGen: 2616672K(2631168K)->146420K(2632704K) Eden: 2472448K(2472448K)->0K(2472448K) From: 144224K(158720K)->146420K(160256K)
[5362.055s][info][gc,heap        ] GC(1364) ParOldGen: 1697917K(1698304K)->1791885K(1792000K)
[5362.055s][info][gc,metaspace   ] GC(1364) Metaspace: 29143K(29440K)->29143K(29440K) NonClass: 24252K(24384K)->24252K(24384K) Class: 4890K(5056K)->4890K(5056K)
[5362.055s][info][gc             ] GC(1364) Pause Young (Allocation Failure) 4213M->1892M(4321M) 102.080ms
[5362.055s][info][gc,cpu         ] GC(1364) User=0.56s Sys=0.04s Real=0.10s
..[5364.275s][info][gc,start       ] GC(1365) Pause Young (Allocation Failure)
[5364.372s][info][gc,heap        ] GC(1365) PSYoungGen: 2618868K(2632704K)->138784K(2635264K) Eden: 2472448K(2472448K)->0K(2476544K) From: 146420K(160256K)->138784K(158720K)
[5364.372s][info][gc,heap        ] GC(1365) ParOldGen: 1791885K(1792000K)->1881613K(1882112K)
[5364.372s][info][gc,metaspace   ] GC(1365) Metaspace: 29143K(29440K)->29143K(29440K) NonClass: 24252K(24384K)->24252K(24384K) Class: 4890K(5056K)->4890K(5056K)
[5364.372s][info][gc             ] GC(1365) Pause Young (Allocation Failure) 4307M->1973M(4411M) 97.324ms
[5364.372s][info][gc,cpu         ] GC(1365) User=0.55s Sys=0.02s Real=0.10s
...[5366.686s][info][gc,start       ] GC(1366) Pause Young (Allocation Failure)
[5366.787s][info][gc,heap        ] GC(1366) PSYoungGen: 2615328K(2635264K)->141664K(2635776K) Eden: 2476544K(2476544K)->0K(2476544K) From: 138784K(158720K)->141664K(159232K)
[5366.787s][info][gc,heap        ] GC(1366) ParOldGen: 1881613K(1882112K)->1974613K(1974784K)
[5366.787s][info][gc,metaspace   ] GC(1366) Metaspace: 29143K(29440K)->29143K(29440K) NonClass: 24252K(24384K)->24252K(24384K) Class: 4890K(5056K)->4890K(5056K)
[5366.787s][info][gc             ] GC(1366) Pause Young (Allocation Failure) 4391M->2066M(4502M) 100.853ms
[5366.787s][info][gc,cpu         ] GC(1366) User=0.56s Sys=0.03s Real=0.10s
..[5368.878s][info][gc,start       ] GC(1367) Pause Young (Allocation Failure)
[5368.982s][info][gc,heap        ] GC(1367) PSYoungGen: 2618208K(2635776K)->150713K(2635264K) Eden: 2476544K(2476544K)->0K(2477056K) From: 141664K(159232K)->150713K(158208K)
[5368.983s][info][gc,heap        ] GC(1367) ParOldGen: 1974613K(1974784K)->2067533K(2067968K)
[5368.983s][info][gc,metaspace   ] GC(1367) Metaspace: 29143K(29440K)->29143K(29440K) NonClass: 24252K(24384K)->24252K(24384K) Class: 4890K(5056K)->4890K(5056K)
[5368.983s][info][gc             ] GC(1367) Pause Young (Allocation Failure) 4485M->2166M(4593M) 104.192ms
[5368.983s][info][gc,cpu         ] GC(1367) User=0.59s Sys=0.02s Real=0.11s
..[5371.148s][info][gc,start       ] GC(1368) Pause Young (Allocation Failure)
[5371.251s][info][gc,heap        ] GC(1368) PSYoungGen: 2627769K(2635264K)->151584K(2629120K) Eden: 2477056K(2477056K)->0K(2477056K) From: 150713K(158208K)->151584K(152064K)
[5371.251s][info][gc,heap        ] GC(1368) ParOldGen: 2067533K(2067968K)->2156221K(2156544K)
[5371.251s][info][gc,metaspace   ] GC(1368) Metaspace: 29143K(29440K)->29143K(29440K) NonClass: 24252K(24384K)->24252K(24384K) Class: 4890K(5056K)->4890K(5056K)
[5371.251s][info][gc             ] GC(1368) Pause Young (Allocation Failure) 4585M->2253M(4673M) 102.829ms
[5371.251s][info][gc,cpu         ] GC(1368) User=0.58s Sys=0.02s Real=0.11s
...[5373.534s][info][gc,start       ] GC(1369) Pause Young (Allocation Failure)
[5373.641s][info][gc,heap        ] GC(1369) PSYoungGen: 2628640K(2629120K)->152970K(2633728K) Eden: 2477056K(2477056K)->0K(2473472K) From: 151584K(152064K)->152970K(160256K)
[5373.641s][info][gc,heap        ] GC(1369) ParOldGen: 2156221K(2156544K)->2250597K(2250752K)
[5373.641s][info][gc,metaspace   ] GC(1369) Metaspace: 29143K(29440K)->29143K(29440K) NonClass: 24252K(24384K)->24252K(24384K) Class: 4890K(5056K)->4890K(5056K)
[5373.641s][info][gc             ] GC(1369) Pause Young (Allocation Failure) 4672M->2347M(4770M) 106.904ms
[5373.641s][info][gc,cpu         ] GC(1369) User=0.59s Sys=0.04s Real=0.11s
..[5375.833s][info][gc,start       ] GC(1370) Pause Young (Allocation Failure)
[5375.930s][info][gc,heap        ] GC(1370) PSYoungGen: 2626442K(2633728K)->141344K(2634752K) Eden: 2473472K(2473472K)->0K(2473472K) From: 152970K(160256K)->141344K(161280K)
[5375.931s][info][gc,heap        ] GC(1370) ParOldGen: 2250597K(2250752K)->2343821K(2343936K)
[5375.931s][info][gc,metaspace   ] GC(1370) Metaspace: 29143K(29440K)->29143K(29440K) NonClass: 24252K(24384K)->24252K(24384K) Class: 4890K(5056K)->4890K(5056K)
[5375.931s][info][gc             ] GC(1370) Pause Young (Allocation Failure) 4762M->2426M(4862M) 97.641ms
[5375.931s][info][gc,cpu         ] GC(1370) User=0.55s Sys=0.02s Real=0.10s
..[5378.137s][info][gc,start       ] GC(1371) Pause Young (Allocation Failure)
[5378.239s][info][gc,heap        ] GC(1371) PSYoungGen: 2614816K(2634752K)->147360K(2632192K) Eden: 2473472K(2473472K)->0K(2473984K) From: 141344K(161280K)->147360K(158208K)
[5378.239s][info][gc,heap        ] GC(1371) ParOldGen: 2343821K(2343936K)->2434173K(2434560K)
[5378.239s][info][gc,metaspace   ] GC(1371) Metaspace: 29143K(29440K)->29143K(29440K) NonClass: 24252K(24384K)->24252K(24384K) Class: 4890K(5056K)->4890K(5056K)
[5378.239s][info][gc             ] GC(1371) Pause Young (Allocation Failure) 4842M->2521M(4948M) 102.131ms
[5378.239s][info][gc,cpu         ] GC(1371) User=0.58s Sys=0.02s Real=0.11s
...[5380.561s][info][gc,start       ] GC(1372) Pause Young (Allocation Failure)
[5380.661s][info][gc,heap        ] GC(1372) PSYoungGen: 2621344K(2632192K)->144164K(2633728K) Eden: 2473984K(2473984K)->0K(2473984K) From: 147360K(158208K)->144164K(159744K)
[5380.661s][info][gc,heap        ] GC(1372) ParOldGen: 2434173K(2434560K)->2526765K(2527232K)
[5380.661s][info][gc,metaspace   ] GC(1372) Metaspace: 29143K(29440K)->29143K(29440K) NonClass: 24252K(24384K)->24252K(24384K) Class: 4890K(5056K)->4890K(5056K)
[5380.661s][info][gc             ] GC(1372) Pause Young (Allocation Failure) 4937M->2608M(5040M) 100.788ms
[5380.661s][info][gc,cpu         ] GC(1372) User=0.57s Sys=0.03s Real=0.10s
..[5382.909s][info][gc,start       ] GC(1373) Pause Young (Allocation Failure)
[5383.012s][info][gc,heap        ] GC(1373) PSYoungGen: 2618148K(2633728K)->147476K(2634752K) Eden: 2473984K(2473984K)->0K(2477568K) From: 144164K(159744K)->147476K(157184K)
[5383.012s][info][gc,heap        ] GC(1373) ParOldGen: 2526765K(2527232K)->2619237K(2619392K)
[5383.012s][info][gc,metaspace   ] GC(1373) Metaspace: 29143K(29440K)->29143K(29440K) NonClass: 24252K(24384K)->24252K(24384K) Class: 4890K(5056K)->4890K(5056K)
[5383.012s][info][gc             ] GC(1373) Pause Young (Allocation Failure) 5024M->2701M(5131M) 103.094ms
[5383.013s][info][gc,cpu         ] GC(1373) User=0.57s Sys=0.04s Real=0.10s
..[5385.218s][info][gc,start       ] GC(1374) Pause Young (Allocation Failure)
[5385.314s][info][gc,heap        ] GC(1374) PSYoungGen: 2625044K(2634752K)->136320K(2635776K) Eden: 2477568K(2477568K)->0K(2477568K) From: 147476K(157184K)->136320K(158208K)
[5385.314s][info][gc,heap        ] GC(1374) ParOldGen: 2619237K(2619392K)->2710413K(2710528K)
[5385.314s][info][gc,metaspace   ] GC(1374) Metaspace: 29143K(29440K)->29143K(29440K) NonClass: 24252K(24384K)->24252K(24384K) Class: 4890K(5056K)->4890K(5056K)
[5385.314s][info][gc             ] GC(1374) Pause Young (Allocation Failure) 5121M->2780M(5221M) 95.630ms
[5385.314s][info][gc,cpu         ] GC(1374) User=0.54s Sys=0.03s Real=0.10s
...[5387.574s][info][gc,start       ] GC(1375) Pause Young (Allocation Failure)
[5387.679s][info][gc,heap        ] GC(1375) PSYoungGen: 2613888K(2635776K)->150590K(2636288K) Eden: 2477568K(2477568K)->0K(2477568K) From: 136320K(158208K)->150590K(158720K)
[5387.679s][info][gc,heap        ] GC(1375) ParOldGen: 2710413K(2710528K)->2801621K(2801664K)
[5387.679s][info][gc,metaspace   ] GC(1375) Metaspace: 29143K(29440K)->29143K(29440K) NonClass: 24252K(24384K)->24252K(24384K) Class: 4890K(5056K)->4890K(5056K)
[5387.679s][info][gc             ] GC(1375) Pause Young (Allocation Failure) 5199M->2883M(5310M) 104.741ms
[5387.679s][info][gc,cpu         ] GC(1375) User=0.60s Sys=0.02s Real=0.11s
..[5389.922s][info][gc,start       ] GC(1376) Pause Young (Allocation Failure)
[5390.024s][info][gc,heap        ] GC(1376) PSYoungGen: 2628158K(2636288K)->146688K(2624512K) Eden: 2477568K(2477568K)->0K(2477568K) From: 150590K(158720K)->146688K(146944K)
[5390.024s][info][gc,heap        ] GC(1376) ParOldGen: 2801621K(2801664K)->2893525K(2893824K)
[5390.024s][info][gc,metaspace   ] GC(1376) Metaspace: 29143K(29440K)->29143K(29440K) NonClass: 24252K(24384K)->24252K(24384K) Class: 4890K(5056K)->4890K(5056K)
[5390.024s][info][gc             ] GC(1376) Pause Young (Allocation Failure) 5302M->2968M(5389M) 101.346ms
[5390.024s][info][gc,cpu         ] GC(1376) User=0.56s Sys=0.04s Real=0.10s
..[5392.143s][info][gc,start       ] GC(1377) Pause Young (Allocation Failure)
[5392.246s][info][gc,heap        ] GC(1377) PSYoungGen: 2624256K(2624512K)->147456K(2636800K) Eden: 2477568K(2477568K)->0K(2478592K) From: 146688K(146944K)->147456K(158208K)
[5392.246s][info][gc,heap        ] GC(1377) ParOldGen: 2893525K(2893824K)->2987349K(2987520K)
[5392.246s][info][gc,metaspace   ] GC(1377) Metaspace: 29143K(29440K)->29143K(29440K) NonClass: 24252K(24384K)->24252K(24384K) Class: 4890K(5056K)->4890K(5056K)
[5392.246s][info][gc             ] GC(1377) Pause Young (Allocation Failure) 5388M->3061M(5492M) 103.285ms
[5392.246s][info][gc,cpu         ] GC(1377) User=0.59s Sys=0.03s Real=0.10s
...[5394.496s][info][gc,start       ] GC(1378) Pause Young (Allocation Failure)
[5394.596s][info][gc,heap        ] GC(1378) PSYoungGen: 2626048K(2636800K)->139104K(2636288K) Eden: 2478592K(2478592K)->0K(2478592K) From: 147456K(158208K)->139104K(157696K)
[5394.596s][info][gc,heap        ] GC(1378) ParOldGen: 2987349K(2987520K)->3077717K(3078144K)
[5394.596s][info][gc,metaspace   ] GC(1378) Metaspace: 29143K(29440K)->29143K(29440K) NonClass: 24252K(24384K)->24252K(24384K) Class: 4890K(5056K)->4890K(5056K)
[5394.596s][info][gc             ] GC(1378) Pause Young (Allocation Failure) 5481M->3141M(5580M) 99.396ms
[5394.596s][info][gc,cpu         ] GC(1378) User=0.55s Sys=0.04s Real=0.10s
..[5396.797s][info][gc,start       ] GC(1379) Pause Young (Allocation Failure)
[5396.904s][info][gc,heap        ] GC(1379) PSYoungGen: 2617696K(2636288K)->153685K(2634240K) Eden: 2478592K(2478592K)->0K(2476544K) From: 139104K(157696K)->153685K(157696K)
[5396.904s][info][gc,heap        ] GC(1379) ParOldGen: 3077717K(3078144K)->3169877K(3170304K)
[5396.904s][info][gc,metaspace   ] GC(1379) Metaspace: 29143K(29440K)->29143K(29440K) NonClass: 24252K(24384K)->24252K(24384K) Class: 4890K(5056K)->4890K(5056K)
[5396.904s][info][gc             ] GC(1379) Pause Young (Allocation Failure) 5561M->3245M(5668M) 106.361ms
[5396.904s][info][gc,cpu         ] GC(1379) User=0.59s Sys=0.03s Real=0.11s
..[5399.130s][info][gc,start       ] GC(1380) Pause Young (Allocation Failure)
[5399.232s][info][gc,heap        ] GC(1380) PSYoungGen: 2630229K(2634240K)->146144K(2636288K) Eden: 2476544K(2476544K)->0K(2476544K) From: 153685K(157696K)->146144K(159744K)
[5399.232s][info][gc,heap        ] GC(1380) ParOldGen: 3169877K(3170304K)->3261861K(3261952K)
[5399.232s][info][gc,metaspace   ] GC(1380) Metaspace: 29143K(29440K)->29143K(29440K) NonClass: 24252K(24384K)->24252K(24384K) Class: 4890K(5056K)->4890K(5056K)
[5399.232s][info][gc             ] GC(1380) Pause Young (Allocation Failure) 5664M->3328M(5760M) 102.039ms
[5399.232s][info][gc,cpu         ] GC(1380) User=0.57s Sys=0.03s Real=0.10s
...[5401.502s][info][gc,start       ] GC(1381) Pause Young (Allocation Failure)
[5401.603s][info][gc,heap        ] GC(1381) PSYoungGen: 2622688K(2636288K)->142432K(2634752K) Eden: 2476544K(2476544K)->0K(2478080K) From: 146144K(159744K)->142432K(156672K)
[5401.603s][info][gc,heap        ] GC(1381) ParOldGen: 3261861K(3261952K)->3353645K(3354112K)
[5401.603s][info][gc,metaspace   ] GC(1381) Metaspace: 29143K(29440K)->29143K(29440K) NonClass: 24252K(24384K)->24252K(24384K) Class: 4890K(5056K)->4890K(5056K)
[5401.603s][info][gc             ] GC(1381) Pause Young (Allocation Failure) 5746M->3414M(5848M) 100.665ms
[5401.603s][info][gc,cpu         ] GC(1381) User=0.55s Sys=0.04s Real=0.10s
..[5403.800s][info][gc,start       ] GC(1382) Pause Young (Allocation Failure)
[5403.902s][info][gc,heap        ] GC(1382) PSYoungGen: 2620512K(2634752K)->140992K(2635776K) Eden: 2478080K(2478080K)->0K(2478080K) From: 142432K(156672K)->140992K(157696K)
[5403.902s][info][gc,heap        ] GC(1382) ParOldGen: 3353645K(3354112K)->3448325K(3448832K)
[5403.902s][info][gc,metaspace   ] GC(1382) Metaspace: 29143K(29440K)->29143K(29440K) NonClass: 24252K(24384K)->24252K(24384K) Class: 4890K(5056K)->4890K(5056K)
[5403.902s][info][gc             ] GC(1382) Pause Young (Allocation Failure) 5834M->3505M(5942M) 101.872ms
[5403.902s][info][gc,cpu         ] GC(1382) User=0.57s Sys=0.03s Real=0.10s
..[5406.081s][info][gc,start       ] GC(1383) Pause Young (Allocation Failure)
[5406.185s][info][gc,heap        ] GC(1383) PSYoungGen: 2619072K(2635776K)->149728K(2637824K) Eden: 2478080K(2478080K)->0K(2480640K) From: 140992K(157696K)->149728K(157184K)
[5406.185s][info][gc,heap        ] GC(1383) ParOldGen: 3448325K(3448832K)->3538301K(3538432K)
[5406.185s][info][gc,metaspace   ] GC(1383) Metaspace: 29143K(29440K)->29143K(29440K) NonClass: 24252K(24384K)->24252K(24384K) Class: 4890K(5056K)->4890K(5056K)
[5406.185s][info][gc             ] GC(1383) Pause Young (Allocation Failure) 5925M->3601M(6031M) 103.670ms
[5406.185s][info][gc,cpu         ] GC(1383) User=0.58s Sys=0.03s Real=0.10s
..[5408.349s][info][gc,start       ] GC(1384) Pause Young (Allocation Failure)
[5408.452s][info][gc,heap        ] GC(1384) PSYoungGen: 2630368K(2637824K)->141584K(2638336K) Eden: 2480640K(2480640K)->0K(2480640K) From: 149728K(157184K)->141584K(157696K)
[5408.452s][info][gc,heap        ] GC(1384) ParOldGen: 3538301K(3538432K)->3631997K(3632128K)
[5408.452s][info][gc,metaspace   ] GC(1384) Metaspace: 29143K(29440K)->29143K(29440K) NonClass: 24252K(24384K)->24252K(24384K) Class: 4890K(5056K)->4890K(5056K)
[5408.452s][info][gc             ] GC(1384) Pause Young (Allocation Failure) 6024M->3685M(6123M) 102.941ms
[5408.452s][info][gc,cpu         ] GC(1384) User=0.57s Sys=0.03s Real=0.10s
...[5410.803s][info][gc,start       ] GC(1385) Pause Young (Allocation Failure)
[5410.913s][info][gc,heap        ] GC(1385) PSYoungGen: 2622224K(2638336K)->156905K(2632704K) Eden: 2480640K(2480640K)->0K(2475520K) From: 141584K(157696K)->156905K(157184K)
[5410.913s][info][gc,heap        ] GC(1385) ParOldGen: 3631997K(3632128K)->3723781K(3724288K)
[5410.913s][info][gc,metaspace   ] GC(1385) Metaspace: 29143K(29440K)->29143K(29440K) NonClass: 24252K(24384K)->24252K(24384K) Class: 4890K(5056K)->4890K(5056K)
[5410.913s][info][gc             ] GC(1385) Pause Young (Allocation Failure) 6107M->3789M(6208M) 109.901ms
[5410.913s][info][gc,cpu         ] GC(1385) User=0.62s Sys=0.04s Real=0.11s
..[5413.126s][info][gc,start       ] GC(1386) Pause Young (Allocation Failure)
[5413.231s][info][gc,heap        ] GC(1386) PSYoungGen: 2632425K(2632704K)->150292K(2626048K) Eden: 2475520K(2475520K)->0K(2475520K) From: 156905K(157184K)->150292K(150528K)
[5413.231s][info][gc,heap        ] GC(1386) ParOldGen: 3723781K(3724288K)->3815829K(3815936K)
[5413.231s][info][gc,metaspace   ] GC(1386) Metaspace: 29143K(29440K)->29143K(29440K) NonClass: 24252K(24384K)->24252K(24384K) Class: 4890K(5056K)->4890K(5056K)
[5413.231s][info][gc             ] GC(1386) Pause Young (Allocation Failure) 6207M->3873M(6291M) 105.463ms
[5413.231s][info][gc,cpu         ] GC(1386) User=0.59s Sys=0.03s Real=0.11s
..[5415.444s][info][gc,start       ] GC(1387) Pause Young (Allocation Failure)
[5415.543s][info][gc,heap        ] GC(1387) PSYoungGen: 2625812K(2626048K)->136224K(2635264K) Eden: 2475520K(2475520K)->0K(2474496K) From: 150292K(150528K)->136224K(160768K)
[5415.543s][info][gc,heap        ] GC(1387) ParOldGen: 3815829K(3815936K)->3908893K(3909120K)
[5415.543s][info][gc,metaspace   ] GC(1387) Metaspace: 29143K(29440K)->29143K(29440K) NonClass: 24252K(24384K)->24252K(24384K) Class: 4890K(5056K)->4890K(5056K)
[5415.543s][info][gc             ] GC(1387) Pause Young (Allocation Failure) 6290M->3950M(6391M) 98.718ms
[5415.543s][info][gc,cpu         ] GC(1387) User=0.57s Sys=0.02s Real=0.10s
. (rIR:aIR:PR = 8717:8734:8733) (tPR = 129204) [OK] 
  5415s: Performance info:
         Transaction,    Success,    Partial,     Failed,   Receipts, AvgBarcode, 
             Overall,     526007,          0,          0,     499683,      59.48, 
         Response times:
             Request,    Success,    Partial,     Failed,   SkipFail,     Probes,    Samples,      min,      p50,      p90,      p95,      p99,      max, 
       TotalPurchase,     499711,          0,          0,          0,     361987,     398916,      200,     5600,    30000,    60000,   371830,   890000,
     InStorePurchase,     263639,          0,          0,          0,     190569,     209717,      300,     5500,    27000,    55000,   212000,   890000,
      OnlinePurchase,     184584,          0,          0,          0,     133316,     146926,      200,     5600,    34000,    68000,   446000,   890000,
        InstPurchase,      51488,          0,          0,          0,      38102,      42273,      400,     5800,    33000,    68000,   473000,   890000,
          AssocOfCat,        524,          0,          0,          0,        418,        546,    21000,    37000,    72000,   125950,   357660,   980000,
      AssocOfProduct,       5288,          0,          0,          0,       3783,       4372,      400,     3900,    29000,    58350,   461000,   890000,
      BusinessReport,       1319,          0,          0,          0,       1195,       1476,    27000,    47000,    95000,   140600,   453000,   488000,
          CustBuyBeh,       5206,          0,          0,          0,       3776,       4413,      200,     4600,    31600,    61300,   478000,   890000,
       ProductReturn,      13995,          0,          0,          0,       9764,      11075,      300,     5200,    34000,    65000,   464000,   890000,

  5415s: (64%)   IR =   8856 ..[5417.838s][info][gc,start       ] GC(1388) Pause Young (Allocation Failure)
[5417.947s][info][gc,heap        ] GC(1388) PSYoungGen: 2610720K(2635264K)->153796K(2628608K) Eden: 2474496K(2474496K)->0K(2474496K) From: 136224K(160768K)->153796K(154112K)
[5417.947s][info][gc,heap        ] GC(1388) ParOldGen: 3908893K(3909120K)->3998581K(3998720K)
[5417.947s][info][gc,metaspace   ] GC(1388) Metaspace: 29143K(29440K)->29143K(29440K) NonClass: 24252K(24384K)->24252K(24384K) Class: 4890K(5056K)->4890K(5056K)
[5417.947s][info][gc             ] GC(1388) Pause Young (Allocation Failure) 6366M->4055M(6472M) 108.892ms
[5417.947s][info][gc,cpu         ] GC(1388) User=0.62s Sys=0.02s Real=0.11s
..[5420.136s][info][gc,start       ] GC(1389) Pause Young (Allocation Failure)
[5420.241s][info][gc,heap        ] GC(1389) PSYoungGen: 2628292K(2628608K)->148736K(2634240K) Eden: 2474496K(2474496K)->0K(2471936K) From: 153796K(154112K)->148736K(162304K)
[5420.241s][info][gc,heap        ] GC(1389) ParOldGen: 3998581K(3998720K)->4091741K(4091904K)
[5420.241s][info][gc,metaspace   ] GC(1389) Metaspace: 29143K(29440K)->29143K(29440K) NonClass: 24252K(24384K)->24252K(24384K) Class: 4890K(5056K)->4890K(5056K)
[5420.241s][info][gc             ] GC(1389) Pause Young (Allocation Failure) 6471M->4141M(6568M) 105.336ms
[5420.241s][info][gc,cpu         ] GC(1389) User=0.59s Sys=0.03s Real=0.11s
..|[5422.444s][info][gc,start       ] GC(1390) Pause Young (Allocation Failure)
[5422.549s][info][gc,heap        ] GC(1390) PSYoungGen: 2620672K(2634240K)->142021K(2614272K) Eden: 2471936K(2471936K)->0K(2471936K) From: 148736K(162304K)->142021K(142336K)
[5422.549s][info][gc,heap        ] GC(1390) ParOldGen: 4091741K(4091904K)->4183637K(4184064K)
[5422.549s][info][gc,metaspace   ] GC(1390) Metaspace: 29143K(29440K)->29143K(29440K) NonClass: 24252K(24384K)->24252K(24384K) Class: 4890K(5056K)->4890K(5056K)
[5422.549s][info][gc             ] GC(1390) Pause Young (Allocation Failure) 6555M->4224M(6639M) 104.787ms
[5422.549s][info][gc,cpu         ] GC(1390) User=0.59s Sys=0.02s Real=0.11s
...[5424.825s][info][gc,start       ] GC(1391) Pause Young (Allocation Failure)
[5424.926s][info][gc,heap        ] GC(1391) PSYoungGen: 2613957K(2614272K)->140960K(2634240K) Eden: 2471936K(2471936K)->0K(2472960K) From: 142021K(142336K)->140960K(161280K)
[5424.926s][info][gc,heap        ] GC(1391) ParOldGen: 4183637K(4184064K)->4274501K(4274688K)
[5424.926s][info][gc,metaspace   ] GC(1391) Metaspace: 29143K(29440K)->29143K(29440K) NonClass: 24252K(24384K)->24252K(24384K) Class: 4890K(5056K)->4890K(5056K)
[5424.926s][info][gc             ] GC(1391) Pause Young (Allocation Failure) 6638M->4311M(6747M) 101.451ms
[5424.926s][info][gc,cpu         ] GC(1391) User=0.57s Sys=0.02s Real=0.10s
..[5427.054s][info][gc,start       ] GC(1392) Pause Young (Allocation Failure)
[5427.159s][info][gc,heap        ] GC(1392) PSYoungGen: 2613920K(2634240K)->149712K(2633216K) Eden: 2472960K(2472960K)->0K(2472960K) From: 140960K(161280K)->149712K(160256K)
[5427.159s][info][gc,heap        ] GC(1392) ParOldGen: 4274501K(4274688K)->4366045K(4366336K)
[5427.159s][info][gc,metaspace   ] GC(1392) Metaspace: 29143K(29440K)->29143K(29440K) NonClass: 24252K(24384K)->24252K(24384K) Class: 4890K(5056K)->4890K(5056K)
[5427.159s][info][gc             ] GC(1392) Pause Young (Allocation Failure) 6726M->4409M(6835M) 105.216ms
[5427.159s][info][gc,cpu         ] GC(1392) User=0.60s Sys=0.03s Real=0.11s
..[5429.441s][info][gc,start       ] GC(1393) Pause Young (Allocation Failure)
[5429.546s][info][gc,heap        ] GC(1393) PSYoungGen: 2622672K(2633216K)->148608K(2635264K) Eden: 2472960K(2472960K)->0K(2475008K) From: 149712K(160256K)->148608K(160256K)
[5429.546s][info][gc,heap        ] GC(1393) ParOldGen: 4366045K(4366336K)->4456981K(4457472K)
[5429.546s][info][gc,metaspace   ] GC(1393) Metaspace: 29143K(29440K)->29143K(29440K) NonClass: 24252K(24384K)->24252K(24384K) Class: 4890K(5056K)->4890K(5056K)
[5429.546s][info][gc             ] GC(1393) Pause Young (Allocation Failure) 6824M->4497M(6926M) 105.328ms
[5429.546s][info][gc,cpu         ] GC(1393) User=0.59s Sys=0.02s Real=0.10s
..[5431.619s][info][gc,start       ] GC(1394) Pause Young (Allocation Failure)
[5431.724s][info][gc,heap        ] GC(1394) PSYoungGen: 2623616K(2635264K)->142224K(2634752K) Eden: 2475008K(2475008K)->0K(2475008K) From: 148608K(160256K)->142224K(159744K)
[5431.724s][info][gc,heap        ] GC(1394) ParOldGen: 4456981K(4457472K)->4553013K(4553216K)
[5431.724s][info][gc,metaspace   ] GC(1394) Metaspace: 29143K(29440K)->29143K(29440K) NonClass: 24252K(24384K)->24252K(24384K) Class: 4890K(5056K)->4890K(5056K)
[5431.724s][info][gc             ] GC(1394) Pause Young (Allocation Failure) 6914M->4585M(7019M) 105.017ms
[5431.724s][info][gc,cpu         ] GC(1394) User=0.58s Sys=0.03s Real=0.10s
...[5434.002s][info][gc,start       ] GC(1395) Pause Young (Allocation Failure)
[5434.106s][info][gc,heap        ] GC(1395) PSYoungGen: 2617232K(2634752K)->148868K(2635264K) Eden: 2475008K(2475008K)->0K(2476032K) From: 142224K(159744K)->148868K(159232K)
[5434.106s][info][gc,heap        ] GC(1395) ParOldGen: 4553013K(4553216K)->4642693K(4642816K)
[5434.106s][info][gc,metaspace   ] GC(1395) Metaspace: 29143K(29440K)->29143K(29440K) NonClass: 24252K(24384K)->24252K(24384K) Class: 4890K(5056K)->4890K(5056K)
[5434.106s][info][gc             ] GC(1395) Pause Young (Allocation Failure) 7002M->4679M(7107M) 103.685ms
[5434.106s][info][gc,cpu         ] GC(1395) User=0.59s Sys=0.02s Real=0.10s
..[5436.302s][info][gc,start       ] GC(1396) Pause Young (Allocation Failure)
[5436.408s][info][gc,heap        ] GC(1396) PSYoungGen: 2624900K(2635264K)->144180K(2635264K) Eden: 2476032K(2476032K)->0K(2476032K) From: 148868K(159232K)->144180K(159232K)
[5436.408s][info][gc,heap        ] GC(1396) ParOldGen: 4642693K(4642816K)->4736581K(4737024K)
[5436.408s][info][gc,metaspace   ] GC(1396) Metaspace: 29143K(29440K)->29143K(29440K) NonClass: 24252K(24384K)->24252K(24384K) Class: 4890K(5056K)->4890K(5056K)
[5436.408s][info][gc             ] GC(1396) Pause Young (Allocation Failure) 7097M->4766M(7199M) 105.171ms
[5436.408s][info][gc,cpu         ] GC(1396) User=0.60s Sys=0.02s Real=0.10s
..[5438.552s][info][gc,start       ] GC(1397) Pause Young (Allocation Failure)
[5438.654s][info][gc,heap        ] GC(1397) PSYoungGen: 2620212K(2635264K)->145280K(2635776K) Eden: 2476032K(2476032K)->0K(2478592K) From: 144180K(159232K)->145280K(157184K)
[5438.655s][info][gc,heap        ] GC(1397) ParOldGen: 4736581K(4737024K)->4827453K(4827648K)
[5438.655s][info][gc,metaspace   ] GC(1397) Metaspace: 29143K(29440K)->29143K(29440K) NonClass: 24252K(24384K)->24252K(24384K) Class: 4890K(5056K)->4890K(5056K)
[5438.655s][info][gc             ] GC(1397) Pause Young (Allocation Failure) 7184M->4856M(7288M) 102.652ms
[5438.655s][info][gc,cpu         ] GC(1397) User=0.57s Sys=0.03s Real=0.10s
...[5440.936s][info][gc,start       ] GC(1398) Pause Young (Allocation Failure)
[5441.041s][info][gc,heap        ] GC(1398) PSYoungGen: 2623872K(2635776K)->146912K(2635776K) Eden: 2478592K(2478592K)->0K(2478592K) From: 145280K(157184K)->146912K(157184K)
[5441.041s][info][gc,heap        ] GC(1398) ParOldGen: 4827453K(4827648K)->4920149K(4920320K)
[5441.041s][info][gc,metaspace   ] GC(1398) Metaspace: 29143K(29440K)->29143K(29440K) NonClass: 24252K(24384K)->24252K(24384K) Class: 4890K(5056K)->4890K(5056K)
[5441.041s][info][gc             ] GC(1398) Pause Young (Allocation Failure) 7276M->4948M(7379M) 104.646ms
[5441.041s][info][gc,cpu         ] GC(1398) User=0.59s Sys=0.02s Real=0.11s
..[5443.211s][info][gc,start       ] GC(1399) Pause Young (Allocation Failure)
[5443.319s][info][gc,heap        ] GC(1399) PSYoungGen: 2625504K(2635776K)->152548K(2637312K) Eden: 2478592K(2478592K)->0K(2480640K) From: 146912K(157184K)->152548K(156672K)
[5443.319s][info][gc,heap        ] GC(1399) ParOldGen: 4920149K(4920320K)->5012445K(5012480K)
[5443.319s][info][gc,metaspace   ] GC(1399) Metaspace: 29143K(29440K)->29143K(29440K) NonClass: 24252K(24384K)->24252K(24384K) Class: 4890K(5056K)->4890K(5056K)
[5443.319s][info][gc             ] GC(1399) Pause Young (Allocation Failure) 7368M->5043M(7470M) 107.943ms
[5443.319s][info][gc,cpu         ] GC(1399) User=0.60s Sys=0.03s Real=0.11s
..[5445.461s][info][gc,start       ] GC(1400) Pause Young (Allocation Failure)
[5445.567s][info][gc,heap        ] GC(1400) PSYoungGen: 2633188K(2637312K)->147572K(2638336K) Eden: 2480640K(2480640K)->0K(2480640K) From: 152548K(156672K)->147572K(157696K)
[5445.567s][info][gc,heap        ] GC(1400) ParOldGen: 5012445K(5012480K)->5104629K(5104640K)
[5445.567s][info][gc,metaspace   ] GC(1400) Metaspace: 29143K(29440K)->29143K(29440K) NonClass: 24252K(24384K)->24252K(24384K) Class: 4890K(5056K)->4890K(5056K)
[5445.567s][info][gc             ] GC(1400) Pause Young (Allocation Failure) 7466M->5129M(7561M) 106.635ms
[5445.567s][info][gc,cpu         ] GC(1400) User=0.59s Sys=0.03s Real=0.10s
..[5447.705s][info][gc,start       ] GC(1401) Pause Young (Allocation Failure)
[5447.811s][info][gc,heap        ] GC(1401) PSYoungGen: 2628212K(2638336K)->145908K(2635776K) Eden: 2480640K(2480640K)->0K(2481152K) From: 147572K(157696K)->145908K(154624K)
[5447.811s][info][gc,heap        ] GC(1401) ParOldGen: 5104629K(5104640K)->5196957K(5197312K)
[5447.811s][info][gc,metaspace   ] GC(1401) Metaspace: 29143K(29440K)->29143K(29440K) NonClass: 24252K(24384K)->24252K(24384K) Class: 4890K(5056K)->4890K(5056K)
[5447.811s][info][gc             ] GC(1401) Pause Young (Allocation Failure) 7551M->5217M(7649M) 105.997ms
[5447.811s][info][gc,cpu         ] GC(1401) User=0.59s Sys=0.03s Real=0.11s
...[5449.998s][info][gc,start       ] GC(1402) Pause Young (Allocation Failure)
[5450.105s][info][gc,heap        ] GC(1402) PSYoungGen: 2627060K(2635776K)->153140K(2637312K) Eden: 2481152K(2481152K)->0K(2481152K) From: 145908K(154624K)->153140K(156160K)
[5450.105s][info][gc,heap        ] GC(1402) ParOldGen: 5196957K(5197312K)->5287693K(5287936K)
[5450.105s][info][gc,metaspace   ] GC(1402) Metaspace: 29143K(29440K)->29143K(29440K) NonClass: 24252K(24384K)->24252K(24384K) Class: 4890K(5056K)->4890K(5056K)
[5450.105s][info][gc             ] GC(1402) Pause Young (Allocation Failure) 7640M->5313M(7739M) 106.527ms
[5450.105s][info][gc,cpu         ] GC(1402) User=0.60s Sys=0.02s Real=0.11s
..[5452.253s][info][gc,start       ] GC(1403) Pause Young (Allocation Failure)
[5452.357s][info][gc,heap        ] GC(1403) PSYoungGen: 2634292K(2637312K)->141285K(2638336K) Eden: 2481152K(2481152K)->0K(2480640K) From: 153140K(156160K)->141285K(157696K)
[5452.357s][info][gc,heap        ] GC(1403) ParOldGen: 5287693K(5287936K)->5381093K(5381120K)
[5452.357s][info][gc,metaspace   ] GC(1403) Metaspace: 29143K(29440K)->29143K(29440K) NonClass: 24252K(24384K)->24252K(24384K) Class: 4890K(5056K)->4890K(5056K)
[5452.357s][info][gc             ] GC(1403) Pause Young (Allocation Failure) 7736M->5392M(7831M) 103.489ms
[5452.357s][info][gc,cpu         ] GC(1403) User=0.58s Sys=0.03s Real=0.10s
..[5454.540s][info][gc,start       ] GC(1404) Pause Young (Allocation Failure)
[5454.647s][info][gc,heap        ] GC(1404) PSYoungGen: 2621925K(2638336K)->146516K(2627584K) Eden: 2480640K(2480640K)->0K(2480640K) From: 141285K(157696K)->146516K(146944K)
[5454.647s][info][gc,heap        ] GC(1404) ParOldGen: 5381093K(5381120K)->5473093K(5473280K)
[5454.647s][info][gc,metaspace   ] GC(1404) Metaspace: 29143K(29440K)->29143K(29440K) NonClass: 24252K(24384K)->24252K(24384K) Class: 4890K(5056K)->4890K(5056K)
[5454.647s][info][gc             ] GC(1404) Pause Young (Allocation Failure) 7815M->5487M(7911M) 107.095ms
[5454.647s][info][gc,cpu         ] GC(1404) User=0.61s Sys=0.02s Real=0.10s
..[5456.860s][info][gc,start       ] GC(1405) Pause Young (Allocation Failure)
[5456.971s][info][gc,heap        ] GC(1405) PSYoungGen: 2627156K(2627584K)->156661K(2563584K) Eden: 2480640K(2480640K)->0K(2406912K) From: 146516K(146944K)->156661K(156672K)
[5456.971s][info][gc,heap        ] GC(1405) ParOldGen: 5473093K(5473280K)->5567733K(5568000K)
[5456.971s][info][gc,metaspace   ] GC(1405) Metaspace: 29143K(29440K)->29143K(29440K) NonClass: 24252K(24384K)->24252K(24384K) Class: 4890K(5056K)->4890K(5056K)
[5456.971s][info][gc             ] GC(1405) Pause Young (Allocation Failure) 7910M->5590M(7941M) 111.629ms
[5456.971s][info][gc,cpu         ] GC(1405) User=0.63s Sys=0.03s Real=0.11s
...[5459.012s][info][gc,start       ] GC(1406) Pause Full (Allocation Failure)
[5459.012s][info][gc,phases,start] GC(1406) Marking Phase
[5459.308s][info][gc,phases      ] GC(1406) Marking Phase 295.543ms
[5459.308s][info][gc,phases,start] GC(1406) Summary Phase
[5459.308s][info][gc,phases      ] GC(1406) Summary Phase 0.092ms
[5459.308s][info][gc,phases,start] GC(1406) Forward
[5459.450s][info][gc,phases      ] GC(1406) Forward 141.975ms
[5459.450s][info][gc,phases,start] GC(1406) Adjust Pointers
[5459.651s][info][gc,phases      ] GC(1406) Adjust Pointers 200.895ms
[5459.651s][info][gc,phases,start] GC(1406) Compaction Phase
[5459.780s][info][gc,phases      ] GC(1406) Compaction Phase 129.347ms
[5459.781s][info][gc,phases,start] GC(1406) Post Compact
[5459.788s][info][gc,phases      ] GC(1406) Post Compact 6.914ms
[5459.927s][info][gc,heap        ] GC(1406) PSYoungGen: 2563573K(2563584K)->0K(2601472K) Eden: 2406912K(2406912K)->0K(2406912K) From: 156661K(156672K)->0K(194560K)
[5459.927s][info][gc,heap        ] GC(1406) ParOldGen: 5567733K(5568000K)->1435622K(1698304K)
[5459.927s][info][gc,metaspace   ] GC(1406) Metaspace: 29143K(29440K)->29143K(29440K) NonClass: 24252K(24384K)->24252K(24384K) Class: 4890K(5056K)->4890K(5056K)
[5459.927s][info][gc             ] GC(1406) Pause Full (Allocation Failure) 7940M->1401M(4199M) 914.460ms
[5459.927s][info][gc,cpu         ] GC(1406) User=4.09s Sys=0.14s Real=0.91s
..[5461.320s][info][gc,start       ] GC(1407) Pause Young (Allocation Failure)
[5461.383s][info][gc,heap        ] GC(1407) PSYoungGen: 2406912K(2601472K)->141152K(2599424K) Eden: 2406912K(2406912K)->0K(2406912K) From: 0K(194560K)->141152K(192512K)
[5461.383s][info][gc,heap        ] GC(1407) ParOldGen: 1435622K(1698304K)->1435622K(1698304K)
[5461.383s][info][gc,metaspace   ] GC(1407) Metaspace: 29143K(29440K)->29143K(29440K) NonClass: 24252K(24384K)->24252K(24384K) Class: 4890K(5056K)->4890K(5056K)
[5461.383s][info][gc             ] GC(1407) Pause Young (Allocation Failure) 3752M->1539M(4197M) 63.841ms
[5461.384s][info][gc,cpu         ] GC(1407) User=0.37s Sys=0.00s Real=0.06s
..[5463.397s][info][gc,start       ] GC(1408) Pause Young (Allocation Failure)
[5463.490s][info][gc,heap        ] GC(1408) PSYoungGen: 2548064K(2599424K)->135880K(2600448K) Eden: 2406912K(2406912K)->0K(2406912K) From: 141152K(192512K)->135880K(193536K)
[5463.490s][info][gc,heap        ] GC(1408) ParOldGen: 1435622K(1698304K)->1527926K(1698304K)
[5463.490s][info][gc,metaspace   ] GC(1408) Metaspace: 29143K(29440K)->29143K(29440K) NonClass: 24252K(24384K)->24252K(24384K) Class: 4890K(5056K)->4890K(5056K)
[5463.490s][info][gc             ] GC(1408) Pause Young (Allocation Failure) 3890M->1624M(4198M) 92.758ms
[5463.490s][info][gc,cpu         ] GC(1408) User=0.55s Sys=0.00s Real=0.10s
..[5465.645s][info][gc,start       ] GC(1409) Pause Young (Allocation Failure)
[5465.741s][info][gc,heap        ] GC(1409) PSYoungGen: 2542792K(2600448K)->142868K(2597888K) Eden: 2406912K(2406912K)->0K(2409472K) From: 135880K(193536K)->142868K(188416K)
[5465.741s][info][gc,heap        ] GC(1409) ParOldGen: 1527926K(1698304K)->1618358K(1698304K)
[5465.741s][info][gc,metaspace   ] GC(1409) Metaspace: 29143K(29440K)->29143K(29440K) NonClass: 24252K(24384K)->24252K(24384K) Class: 4890K(5056K)->4890K(5056K)
[5465.741s][info][gc             ] GC(1409) Pause Young (Allocation Failure) 3975M->1719M(4195M) 96.262ms
[5465.741s][info][gc,cpu         ] GC(1409) User=0.56s Sys=0.00s Real=0.10s
..[5467.853s][info][gc,start       ] GC(1410) Pause Young (Allocation Failure)
[5467.948s][info][gc,heap        ] GC(1410) PSYoungGen: 2552340K(2597888K)->144658K(2600448K) Eden: 2409472K(2409472K)->0K(2409472K) From: 142868K(188416K)->144658K(190976K)
[5467.948s][info][gc,heap        ] GC(1410) ParOldGen: 1618358K(1698304K)->1708718K(1709056K)
[5467.948s][info][gc,metaspace   ] GC(1410) Metaspace: 29143K(29440K)->29143K(29440K) NonClass: 24252K(24384K)->24252K(24384K) Class: 4890K(5056K)->4890K(5056K)
[5467.948s][info][gc             ] GC(1410) Pause Young (Allocation Failure) 4072M->1809M(4208M) 95.286ms
[5467.948s][info][gc,cpu         ] GC(1410) User=0.56s Sys=0.00s Real=0.10s
..[5470.005s][info][gc,start       ] GC(1411) Pause Young (Allocation Failure)
[5470.108s][info][gc,heap        ] GC(1411) PSYoungGen: 2554130K(2600448K)->149396K(2598912K) Eden: 2409472K(2409472K)->0K(2416640K) From: 144658K(190976K)->149396K(182272K)
[5470.108s][info][gc,heap        ] GC(1411) ParOldGen: 1708718K(1709056K)->1800814K(1801216K)
[5470.108s][info][gc,metaspace   ] GC(1411) Metaspace: 29143K(29440K)->29143K(29440K) NonClass: 24252K(24384K)->24252K(24384K) Class: 4890K(5056K)->4890K(5056K)
[5470.108s][info][gc             ] GC(1411) Pause Young (Allocation Failure) 4162M->1904M(4297M) 102.944ms
[5470.108s][info][gc,cpu         ] GC(1411) User=0.58s Sys=0.03s Real=0.10s
...[5472.244s][info][gc,start       ] GC(1412) Pause Young (Allocation Failure)
[5472.346s][info][gc,heap        ] GC(1412) PSYoungGen: 2566036K(2598912K)->143915K(2601984K) Eden: 2416640K(2416640K)->0K(2416640K) From: 149396K(182272K)->143915K(185344K)
[5472.346s][info][gc,heap        ] GC(1412) ParOldGen: 1800814K(1801216K)->1890478K(1890816K)
[5472.346s][info][gc,metaspace   ] GC(1412) Metaspace: 29143K(29440K)->29143K(29440K) NonClass: 24252K(24384K)->24252K(24384K) Class: 4890K(5056K)->4890K(5056K)
[5472.346s][info][gc             ] GC(1412) Pause Young (Allocation Failure) 4264M->1986M(4387M) 101.268ms
[5472.346s][info][gc,cpu         ] GC(1412) User=0.57s Sys=0.04s Real=0.10s
..[5474.453s][info][gc,start       ] GC(1413) Pause Young (Allocation Failure)
[5474.551s][info][gc,heap        ] GC(1413) PSYoungGen: 2560555K(2601984K)->142949K(2605568K) Eden: 2416640K(2416640K)->0K(2427392K) From: 143915K(185344K)->142949K(178176K)
[5474.551s][info][gc,heap        ] GC(1413) ParOldGen: 1890478K(1890816K)->1980662K(1980928K)
[5474.551s][info][gc,metaspace   ] GC(1413) Metaspace: 29143K(29440K)->29143K(29440K) NonClass: 24252K(24384K)->24252K(24384K) Class: 4890K(5056K)->4890K(5056K)
[5474.551s][info][gc             ] GC(1413) Pause Young (Allocation Failure) 4346M->2073M(4479M) 98.375ms
[5474.551s][info][gc,cpu         ] GC(1413) User=0.55s Sys=0.03s Real=0.10s
..[5476.663s][info][gc,start       ] GC(1414) Pause Young (Allocation Failure)
[5476.765s][info][gc,heap        ] GC(1414) PSYoungGen: 2570341K(2605568K)->146661K(2608640K) Eden: 2427392K(2427392K)->0K(2427392K) From: 142949K(178176K)->146661K(181248K)
[5476.765s][info][gc,heap        ] GC(1414) ParOldGen: 1980662K(1980928K)->2072398K(2072576K)
[5476.765s][info][gc,metaspace   ] GC(1414) Metaspace: 29143K(29440K)->29143K(29440K) NonClass: 24252K(24384K)->24252K(24384K) Class: 4890K(5056K)->4890K(5056K)
[5476.765s][info][gc             ] GC(1414) Pause Young (Allocation Failure) 4444M->2167M(4571M) 101.407ms
[5476.765s][info][gc,cpu         ] GC(1414) User=0.58s Sys=0.03s Real=0.10s
..[5478.916s][info][gc,start       ] GC(1415) Pause Young (Allocation Failure)
[5479.017s][info][gc,heap        ] GC(1415) PSYoungGen: 2574053K(2608640K)->146323K(2610176K) Eden: 2427392K(2427392K)->0K(2436096K) From: 146661K(181248K)->146323K(174080K)
[5479.017s][info][gc,heap        ] GC(1415) ParOldGen: 2072398K(2072576K)->2163070K(2163200K)
[5479.017s][info][gc,metaspace   ] GC(1415) Metaspace: 29143K(29440K)->29143K(29440K) NonClass: 24252K(24384K)->24252K(24384K) Class: 4890K(5056K)->4890K(5056K)
[5479.017s][info][gc             ] GC(1415) Pause Young (Allocation Failure) 4537M->2255M(4661M) 101.482ms
[5479.017s][info][gc,cpu         ] GC(1415) User=0.57s Sys=0.03s Real=0.10s
..[5481.171s][info][gc,start       ] GC(1416) Pause Young (Allocation Failure)
[5481.273s][info][gc,heap        ] GC(1416) PSYoungGen: 2582419K(2610176K)->145938K(2612736K) Eden: 2436096K(2436096K)->0K(2436096K) From: 146323K(174080K)->145938K(176640K)
[5481.273s][info][gc,heap        ] GC(1416) ParOldGen: 2163070K(2163200K)->2256246K(2256384K)
[5481.273s][info][gc,metaspace   ] GC(1416) Metaspace: 29143K(29440K)->29143K(29440K) NonClass: 24252K(24384K)->24252K(24384K) Class: 4890K(5056K)->4890K(5056K)
[5481.273s][info][gc             ] GC(1416) Pause Young (Allocation Failure) 4634M->2345M(4755M) 101.955ms
[5481.273s][info][gc,cpu         ] GC(1416) User=0.59s Sys=0.02s Real=0.10s
.. (rIR:aIR:PR = 8856:8894:8894) (tPR = 131368) [OK] 
  5482s: Performance info:
         Transaction,    Success,    Partial,     Failed,   Receipts, AvgBarcode, 
             Overall,     539665,          0,          0,     512859,      59.47, 
         Response times:
             Request,    Success,    Partial,     Failed,   SkipFail,     Probes,    Samples,      min,      p50,      p90,      p95,      p99,      max, 
       TotalPurchase,     512793,          0,          0,          0,     354243,     401498,      200,     5900,    47000,    97000,   301000,  1200000,
     InStorePurchase,     270758,          0,          0,          0,     186192,     211116,      200,     6000,    48000,    97000,   301000,  1200000,
      OnlinePurchase,     187843,          0,          0,          0,     130807,     147970,      300,     5800,    46000,    96000,   298000,  1100000,
        InstPurchase,      54192,          0,          0,          0,      37244,      42412,      300,     6200,    49000,   100000,   282000,  1100000,
          AssocOfCat,        536,          0,          0,          0,        435,        577,    18200,    41000,   130400,   179300,   540000,   587000,
      AssocOfProduct,       5445,          0,          0,          0,       3700,       4418,      600,     6600,    56000,   104100,   562000,   950000,
      BusinessReport,       1341,          0,          0,          0,       1210,       1497,    25000,    47000,   108600,   175000,   417020,  1100000,
          CustBuyBeh,       5370,          0,          0,          0,       3805,       4537,      200,     5700,    44000,    90100,   516000,  1100000,
       ProductReturn,      14182,          0,          0,          0,      10051,      11611,      200,     6800,    56000,   104000,   245000,  1200000,

  5482s: (65%)   IR =   8994 [5483.357s][info][gc,start       ] GC(1417) Pause Young (Allocation Failure)
[5483.452s][info][gc,heap        ] GC(1417) PSYoungGen: 2582034K(2612736K)->136512K(2619392K) Eden: 2436096K(2436096K)->0K(2445312K) From: 145938K(176640K)->136512K(174080K)
[5483.452s][info][gc,heap        ] GC(1417) ParOldGen: 2256246K(2256384K)->2345478K(2345984K)
[5483.452s][info][gc,metaspace   ] GC(1417) Metaspace: 29143K(29440K)->29143K(29440K) NonClass: 24252K(24384K)->24252K(24384K) Class: 4890K(5056K)->4890K(5056K)
[5483.452s][info][gc             ] GC(1417) Pause Young (Allocation Failure) 4724M->2423M(4849M) 95.254ms
[5483.452s][info][gc,cpu         ] GC(1417) User=0.53s Sys=0.03s Real=0.10s
...[5485.547s][info][gc,start       ] GC(1418) Pause Young (Allocation Failure)
[5485.646s][info][gc,heap        ] GC(1418) PSYoungGen: 2581824K(2619392K)->139136K(2619392K) Eden: 2445312K(2445312K)->0K(2445312K) From: 136512K(174080K)->139136K(174080K)
[5485.646s][info][gc,heap        ] GC(1418) ParOldGen: 2345478K(2345984K)->2437326K(2437632K)
[5485.646s][info][gc,metaspace   ] GC(1418) Metaspace: 29143K(29440K)->29143K(29440K) NonClass: 24252K(24384K)->24252K(24384K) Class: 4890K(5056K)->4890K(5056K)
[5485.646s][info][gc             ] GC(1418) Pause Young (Allocation Failure) 4811M->2516M(4938M) 99.307ms
[5485.647s][info][gc,cpu         ] GC(1418) User=0.56s Sys=0.03s Real=0.10s
..[5487.858s][info][gc,start       ] GC(1419) Pause Young (Allocation Failure)
[5487.956s][info][gc,heap        ] GC(1419) PSYoungGen: 2584448K(2619392K)->143520K(2620416K) Eden: 2445312K(2445312K)->0K(2449408K) From: 139136K(174080K)->143520K(171008K)
[5487.956s][info][gc,heap        ] GC(1419) ParOldGen: 2437326K(2437632K)->2527910K(2528256K)
[5487.956s][info][gc,metaspace   ] GC(1419) Metaspace: 29143K(29440K)->29143K(29440K) NonClass: 24252K(24384K)->24252K(24384K) Class: 4890K(5056K)->4890K(5056K)
[5487.956s][info][gc             ] GC(1419) Pause Young (Allocation Failure) 4904M->2608M(5028M) 98.384ms
[5487.956s][info][gc,cpu         ] GC(1419) User=0.56s Sys=0.02s Real=0.10s
..[5490.146s][info][gc,start       ] GC(1420) Pause Young (Allocation Failure)
[5490.247s][info][gc,heap        ] GC(1420) PSYoungGen: 2592928K(2620416K)->142048K(2620416K) Eden: 2449408K(2449408K)->0K(2449408K) From: 143520K(171008K)->142048K(171008K)
[5490.247s][info][gc,heap        ] GC(1420) ParOldGen: 2527910K(2528256K)->2621022K(2621440K)
[5490.247s][info][gc,metaspace   ] GC(1420) Metaspace: 29143K(29440K)->29143K(29440K) NonClass: 24252K(24384K)->24252K(24384K) Class: 4890K(5056K)->4890K(5056K)
[5490.247s][info][gc             ] GC(1420) Pause Young (Allocation Failure) 5000M->2698M(5119M) 101.025ms
[5490.247s][info][gc,cpu         ] GC(1420) User=0.56s Sys=0.03s Real=0.10s
..[5492.386s][info][gc,start       ] GC(1421) Pause Young (Allocation Failure)
[5492.487s][info][gc,heap        ] GC(1421) PSYoungGen: 2591456K(2620416K)->143833K(2623488K) Eden: 2449408K(2449408K)->0K(2455552K) From: 142048K(171008K)->143833K(167936K)
[5492.487s][info][gc,heap        ] GC(1421) ParOldGen: 2621022K(2621440K)->2710990K(2711040K)
[5492.487s][info][gc,metaspace   ] GC(1421) Metaspace: 29143K(29440K)->29143K(29440K) NonClass: 24252K(24384K)->24252K(24384K) Class: 4890K(5056K)->4890K(5056K)
[5492.487s][info][gc             ] GC(1421) Pause Young (Allocation Failure) 5090M->2787M(5209M) 100.858ms
[5492.488s][info][gc,cpu         ] GC(1421) User=0.57s Sys=0.03s Real=0.10s
...[5494.693s][info][gc,start       ] GC(1422) Pause Young (Allocation Failure)
[5494.796s][info][gc,heap        ] GC(1422) PSYoungGen: 2599385K(2623488K)->145280K(2622976K) Eden: 2455552K(2455552K)->0K(2455552K) From: 143833K(167936K)->145280K(167424K)
[5494.796s][info][gc,heap        ] GC(1422) ParOldGen: 2710990K(2711040K)->2801582K(2801664K)
[5494.796s][info][gc,metaspace   ] GC(1422) Metaspace: 29143K(29440K)->29143K(29440K) NonClass: 24252K(24384K)->24252K(24384K) Class: 4890K(5056K)->4890K(5056K)
[5494.796s][info][gc             ] GC(1422) Pause Young (Allocation Failure) 5185M->2877M(5297M) 102.935ms
[5494.796s][info][gc,cpu         ] GC(1422) User=0.57s Sys=0.03s Real=0.10s
..[5496.913s][info][gc,start       ] GC(1423) Pause Young (Allocation Failure)
[5497.013s][info][gc,heap        ] GC(1423) PSYoungGen: 2600832K(2622976K)->144992K(2626560K) Eden: 2455552K(2455552K)->0K(2462720K) From: 145280K(167424K)->144992K(163840K)
[5497.013s][info][gc,heap        ] GC(1423) ParOldGen: 2801582K(2801664K)->2894438K(2894848K)
[5497.013s][info][gc,metaspace   ] GC(1423) Metaspace: 29143K(29440K)->29143K(29440K) NonClass: 24252K(24384K)->24252K(24384K) Class: 4890K(5056K)->4890K(5056K)
[5497.013s][info][gc             ] GC(1423) Pause Young (Allocation Failure) 5275M->2968M(5392M) 100.163ms
[5497.013s][info][gc,cpu         ] GC(1423) User=0.56s Sys=0.02s Real=0.10s
.|.[5499.159s][info][gc,start       ] GC(1424) Pause Young (Allocation Failure)
[5499.265s][info][gc,heap        ] GC(1424) PSYoungGen: 2607712K(2626560K)->150496K(2626048K) Eden: 2462720K(2462720K)->0K(2462720K) From: 144992K(163840K)->150496K(163328K)
[5499.265s][info][gc,heap        ] GC(1424) ParOldGen: 2894438K(2894848K)->2986278K(2986496K)
[5499.265s][info][gc,metaspace   ] GC(1424) Metaspace: 29143K(29440K)->29143K(29440K) NonClass: 24252K(24384K)->24252K(24384K) Class: 4890K(5056K)->4890K(5056K)
[5499.265s][info][gc             ] GC(1424) Pause Young (Allocation Failure) 5373M->3063M(5481M) 106.130ms
[5499.265s][info][gc,cpu         ] GC(1424) User=0.60s Sys=0.03s Real=0.10s
..[5501.300s][info][gc,start       ] GC(1425) Pause Young (Allocation Failure)
[5501.397s][info][gc,heap        ] GC(1425) PSYoungGen: 2613216K(2626048K)->137600K(2632192K) Eden: 2462720K(2462720K)->0K(2468864K) From: 150496K(163328K)->137600K(163328K)
[5501.397s][info][gc,heap        ] GC(1425) ParOldGen: 2986278K(2986496K)->3078734K(3079168K)
[5501.397s][info][gc,metaspace   ] GC(1425) Metaspace: 29143K(29440K)->29143K(29440K) NonClass: 24252K(24384K)->24252K(24384K) Class: 4890K(5056K)->4890K(5056K)
[5501.397s][info][gc             ] GC(1425) Pause Young (Allocation Failure) 5468M->3140M(5577M) 97.943ms
[5501.398s][info][gc,cpu         ] GC(1425) User=0.56s Sys=0.02s Real=0.09s
..[5503.596s][info][gc,start       ] GC(1426) Pause Young (Allocation Failure)
[5503.697s][info][gc,heap        ] GC(1426) PSYoungGen: 2606464K(2632192K)->149173K(2632192K) Eden: 2468864K(2468864K)->0K(2468864K) From: 137600K(163328K)->149173K(163328K)
[5503.697s][info][gc,heap        ] GC(1426) ParOldGen: 3078734K(3079168K)->3170214K(3170304K)
[5503.697s][info][gc,metaspace   ] GC(1426) Metaspace: 29143K(29440K)->29143K(29440K) NonClass: 24252K(24384K)->24252K(24384K) Class: 4890K(5056K)->4890K(5056K)
[5503.697s][info][gc             ] GC(1426) Pause Young (Allocation Failure) 5551M->3241M(5666M) 101.705ms
[5503.697s][info][gc,cpu         ] GC(1426) User=0.58s Sys=0.03s Real=0.10s
...[5505.804s][info][gc,start       ] GC(1427) Pause Young (Allocation Failure)
[5505.905s][info][gc,heap        ] GC(1427) PSYoungGen: 2618037K(2632192K)->142304K(2631168K) Eden: 2468864K(2468864K)->0K(2469888K) From: 149173K(163328K)->142304K(161280K)
[5505.905s][info][gc,heap        ] GC(1427) ParOldGen: 3170214K(3170304K)->3261166K(3261440K)
[5505.905s][info][gc,metaspace   ] GC(1427) Metaspace: 29143K(29440K)->29143K(29440K) NonClass: 24252K(24384K)->24252K(24384K) Class: 4890K(5056K)->4890K(5056K)
[5505.905s][info][gc             ] GC(1427) Pause Young (Allocation Failure) 5652M->3323M(5754M) 100.692ms
[5505.905s][info][gc,cpu         ] GC(1427) User=0.57s Sys=0.03s Real=0.10s
..[5508.105s][info][gc,start       ] GC(1428) Pause Young (Allocation Failure)
[5508.207s][info][gc,heap        ] GC(1428) PSYoungGen: 2612192K(2631168K)->149120K(2631680K) Eden: 2469888K(2469888K)->0K(2469888K) From: 142304K(161280K)->149120K(161792K)
[5508.207s][info][gc,heap        ] GC(1428) ParOldGen: 3261166K(3261440K)->3353518K(3353600K)
[5508.207s][info][gc,metaspace   ] GC(1428) Metaspace: 29143K(29440K)->29143K(29440K) NonClass: 24252K(24384K)->24252K(24384K) Class: 4890K(5056K)->4890K(5056K)
[5508.207s][info][gc             ] GC(1428) Pause Young (Allocation Failure) 5735M->3420M(5845M) 102.679ms
[5508.207s][info][gc,cpu         ] GC(1428) User=0.58s Sys=0.03s Real=0.10s
..[5510.328s][info][gc,start       ] GC(1429) Pause Young (Allocation Failure)
[5510.428s][info][gc,heap        ] GC(1429) PSYoungGen: 2619008K(2631680K)->138976K(2633216K) Eden: 2469888K(2469888K)->0K(2472448K) From: 149120K(161792K)->138976K(160768K)
[5510.428s][info][gc,heap        ] GC(1429) ParOldGen: 3353518K(3353600K)->3445110K(3445248K)
[5510.428s][info][gc,metaspace   ] GC(1429) Metaspace: 29143K(29440K)->29143K(29440K) NonClass: 24252K(24384K)->24252K(24384K) Class: 4890K(5056K)->4890K(5056K)
[5510.428s][info][gc             ] GC(1429) Pause Young (Allocation Failure) 5832M->3500M(5936M) 99.909ms
[5510.428s][info][gc,cpu         ] GC(1429) User=0.56s Sys=0.02s Real=0.10s
..[5512.556s][info][gc,start       ] GC(1430) Pause Young (Allocation Failure)
[5512.657s][info][gc,heap        ] GC(1430) PSYoungGen: 2611424K(2633216K)->140320K(2633728K) Eden: 2472448K(2472448K)->0K(2472448K) From: 138976K(160768K)->140320K(161280K)
[5512.657s][info][gc,heap        ] GC(1430) ParOldGen: 3445110K(3445248K)->3539174K(3539456K)
[5512.657s][info][gc,metaspace   ] GC(1430) Metaspace: 29143K(29440K)->29143K(29440K) NonClass: 24252K(24384K)->24252K(24384K) Class: 4890K(5056K)->4890K(5056K)
[5512.657s][info][gc             ] GC(1430) Pause Young (Allocation Failure) 5914M->3593M(6028M) 100.624ms
[5512.657s][info][gc,cpu         ] GC(1430) User=0.57s Sys=0.03s Real=0.10s
..[5514.745s][info][gc,start       ] GC(1431) Pause Young (Allocation Failure)
[5514.845s][info][gc,heap        ] GC(1431) PSYoungGen: 2612768K(2633728K)->143264K(2633216K) Eden: 2472448K(2472448K)->0K(2474496K) From: 140320K(161280K)->143264K(158720K)
[5514.845s][info][gc,heap        ] GC(1431) ParOldGen: 3539174K(3539456K)->3629094K(3629568K)
[5514.845s][info][gc,metaspace   ] GC(1431) Metaspace: 29143K(29440K)->29143K(29440K) NonClass: 24252K(24384K)->24252K(24384K) Class: 4890K(5056K)->4890K(5056K)
[5514.845s][info][gc             ] GC(1431) Pause Young (Allocation Failure) 6007M->3683M(6116M) 100.187ms
[5514.845s][info][gc,cpu         ] GC(1431) User=0.57s Sys=0.02s Real=0.10s
...[5516.976s][info][gc,start       ] GC(1432) Pause Young (Allocation Failure)
[5517.082s][info][gc,heap        ] GC(1432) PSYoungGen: 2617760K(2633216K)->152256K(2633728K) Eden: 2474496K(2474496K)->0K(2474496K) From: 143264K(158720K)->152256K(159232K)
[5517.083s][info][gc,heap        ] GC(1432) ParOldGen: 3629094K(3629568K)->3720414K(3720704K)
[5517.083s][info][gc,metaspace   ] GC(1432) Metaspace: 29143K(29440K)->29143K(29440K) NonClass: 24252K(24384K)->24252K(24384K) Class: 4890K(5056K)->4890K(5056K)
[5517.083s][info][gc             ] GC(1432) Pause Young (Allocation Failure) 6100M->3781M(6205M) 106.609ms
[5517.083s][info][gc,cpu         ] GC(1432) User=0.60s Sys=0.03s Real=0.11s
..[5519.243s][info][gc,start       ] GC(1433) Pause Young (Allocation Failure)
[5519.349s][info][gc,heap        ] GC(1433) PSYoungGen: 2626752K(2633728K)->150656K(2634752K) Eden: 2474496K(2474496K)->0K(2474496K) From: 152256K(159232K)->150656K(160256K)
[5519.349s][info][gc,heap        ] GC(1433) ParOldGen: 3720414K(3720704K)->3812966K(3813376K)
[5519.349s][info][gc,metaspace   ] GC(1433) Metaspace: 29143K(29440K)->29143K(29440K) NonClass: 24252K(24384K)->24252K(24384K) Class: 4890K(5056K)->4890K(5056K)
[5519.349s][info][gc             ] GC(1433) Pause Young (Allocation Failure) 6198M->3870M(6297M) 105.899ms
[5519.349s][info][gc,cpu         ] GC(1433) User=0.60s Sys=0.02s Real=0.11s
..[5521.492s][info][gc,start       ] GC(1434) Pause Young (Allocation Failure)
[5521.596s][info][gc,heap        ] GC(1434) PSYoungGen: 2625152K(2634752K)->148368K(2635264K) Eden: 2474496K(2474496K)->0K(2474496K) From: 150656K(160256K)->148368K(160768K)
[5521.596s][info][gc,heap        ] GC(1434) ParOldGen: 3812966K(3813376K)->3906582K(3907072K)
[5521.596s][info][gc,metaspace   ] GC(1434) Metaspace: 29143K(29440K)->29143K(29440K) NonClass: 24252K(24384K)->24252K(24384K) Class: 4890K(5056K)->4890K(5056K)
[5521.596s][info][gc             ] GC(1434) Pause Young (Allocation Failure) 6287M->3959M(6389M) 104.090ms
[5521.596s][info][gc,cpu         ] GC(1434) User=0.57s Sys=0.05s Real=0.10s
..[5523.723s][info][gc,start       ] GC(1435) Pause Young (Allocation Failure)
[5523.824s][info][gc,heap        ] GC(1435) PSYoungGen: 2622864K(2635264K)->138624K(2635264K) Eden: 2474496K(2474496K)->0K(2475008K) From: 148368K(160768K)->138624K(160256K)
[5523.824s][info][gc,heap        ] GC(1435) ParOldGen: 3906582K(3907072K)->4001166K(4001280K)
[5523.824s][info][gc,metaspace   ] GC(1435) Metaspace: 29143K(29440K)->29143K(29440K) NonClass: 24252K(24384K)->24252K(24384K) Class: 4890K(5056K)->4890K(5056K)
[5523.824s][info][gc             ] GC(1435) Pause Young (Allocation Failure) 6376M->4042M(6481M) 101.544ms
[5523.824s][info][gc,cpu         ] GC(1435) User=0.59s Sys=0.03s Real=0.10s
...[5525.947s][info][gc,start       ] GC(1436) Pause Young (Allocation Failure)
[5526.048s][info][gc,heap        ] GC(1436) PSYoungGen: 2613632K(2635264K)->147904K(2635264K) Eden: 2475008K(2475008K)->0K(2475008K) From: 138624K(160256K)->147904K(160256K)
[5526.048s][info][gc,heap        ] GC(1436) ParOldGen: 4001166K(4001280K)->4089574K(4089856K)
[5526.048s][info][gc,metaspace   ] GC(1436) Metaspace: 29143K(29440K)->29143K(29440K) NonClass: 24252K(24384K)->24252K(24384K) Class: 4890K(5056K)->4890K(5056K)
[5526.048s][info][gc             ] GC(1436) Pause Young (Allocation Failure) 6459M->4138M(6567M) 101.703ms
[5526.048s][info][gc,cpu         ] GC(1436) User=0.58s Sys=0.02s Real=0.10s
..[5528.162s][info][gc,start       ] GC(1437) Pause Young (Allocation Failure)
[5528.267s][info][gc,heap        ] GC(1437) PSYoungGen: 2622912K(2635264K)->148243K(2635264K) Eden: 2475008K(2475008K)->0K(2476032K) From: 147904K(160256K)->148243K(159232K)
[5528.267s][info][gc,heap        ] GC(1437) ParOldGen: 4089574K(4089856K)->4183470K(4183552K)
[5528.267s][info][gc,metaspace   ] GC(1437) Metaspace: 29143K(29440K)->29143K(29440K) NonClass: 24252K(24384K)->24252K(24384K) Class: 4890K(5056K)->4890K(5056K)
[5528.267s][info][gc             ] GC(1437) Pause Young (Allocation Failure) 6555M->4230M(6659M) 105.452ms
[5528.267s][info][gc,cpu         ] GC(1437) User=0.59s Sys=0.02s Real=0.10s
..[5530.446s][info][gc,start       ] GC(1438) Pause Young (Allocation Failure)
[5530.550s][info][gc,heap        ] GC(1438) PSYoungGen: 2624275K(2635264K)->145060K(2635264K) Eden: 2476032K(2476032K)->0K(2476032K) From: 148243K(159232K)->145060K(159232K)
[5530.550s][info][gc,heap        ] GC(1438) ParOldGen: 4183470K(4183552K)->4276070K(4276224K)
[5530.550s][info][gc,metaspace   ] GC(1438) Metaspace: 29143K(29440K)->29143K(29440K) NonClass: 24252K(24384K)->24252K(24384K) Class: 4890K(5056K)->4890K(5056K)
[5530.550s][info][gc             ] GC(1438) Pause Young (Allocation Failure) 6648M->4317M(6749M) 103.990ms
[5530.550s][info][gc,cpu         ] GC(1438) User=0.59s Sys=0.03s Real=0.11s
..[5532.412s][info][gc,start       ] GC(1439) Pause Full (Diagnostic Command)
[5532.412s][info][gc,phases,start] GC(1439) Marking Phase
[5532.707s][info][gc,phases      ] GC(1439) Marking Phase 294.663ms
[5532.707s][info][gc,phases,start] GC(1439) Summary Phase
[5532.707s][info][gc,phases      ] GC(1439) Summary Phase 0.097ms
[5532.707s][info][gc,phases,start] GC(1439) Forward
[5532.898s][info][gc,phases      ] GC(1439) Forward 191.573ms
[5532.898s][info][gc,phases,start] GC(1439) Adjust Pointers
[5533.110s][info][gc,phases      ] GC(1439) Adjust Pointers 211.842ms
[5533.110s][info][gc,phases,start] GC(1439) Compaction Phase
[5533.269s][info][gc,phases      ] GC(1439) Compaction Phase 158.489ms
[5533.272s][info][gc,phases,start] GC(1439) Post Compact
[5533.277s][info][gc,phases      ] GC(1439) Post Compact 5.650ms
[5533.277s][info][gc,heap        ] GC(1439) PSYoungGen: 2327488K(2635264K)->0K(2635264K) Eden: 2182428K(2476032K)->0K(2476032K) From: 145060K(159232K)->0K(159232K)
[5533.277s][info][gc,heap        ] GC(1439) ParOldGen: 4276070K(4276224K)->1144234K(4276224K)
[5533.277s][info][gc,metaspace   ] GC(1439) Metaspace: 29143K(29440K)->29143K(29440K) NonClass: 24252K(24384K)->24252K(24384K) Class: 4890K(5056K)->4890K(5056K)
[5533.277s][info][gc             ] GC(1439) Pause Full (Diagnostic Command) 6448M->1117M(6749M) 865.418ms
[5533.277s][info][gc,cpu         ] GC(1439) User=4.47s Sys=0.00s Real=0.86s
..[5534.850s][info][gc,start       ] GC(1440) Pause Young (Allocation Failure)
[5534.917s][info][gc,heap        ] GC(1440) PSYoungGen: 2476032K(2635264K)->146288K(2635776K) Eden: 2476032K(2476032K)->0K(2478592K) From: 0K(159232K)->146288K(157184K)
[5534.917s][info][gc,heap        ] GC(1440) ParOldGen: 1144234K(4276224K)->1144234K(4276224K)
[5534.917s][info][gc,metaspace   ] GC(1440) Metaspace: 29143K(29440K)->29143K(29440K) NonClass: 24252K(24384K)->24252K(24384K) Class: 4890K(5056K)->4890K(5056K)
[5534.917s][info][gc             ] GC(1440) Pause Young (Allocation Failure) 3535M->1260M(6750M) 66.785ms
[5534.917s][info][gc,cpu         ] GC(1440) User=0.40s Sys=0.00s Real=0.06s
..[5537.005s][info][gc,start       ] GC(1441) Pause Young (Allocation Failure)
[5537.101s][info][gc,heap        ] GC(1441) PSYoungGen: 2624880K(2635776K)->147072K(2635776K) Eden: 2478592K(2478592K)->0K(2478592K) From: 146288K(157184K)->147072K(157184K)
[5537.101s][info][gc,heap        ] GC(1441) ParOldGen: 1144234K(4276224K)->1236586K(4276224K)
[5537.101s][info][gc,metaspace   ] GC(1441) Metaspace: 29143K(29440K)->29143K(29440K) NonClass: 24252K(24384K)->24252K(24384K) Class: 4890K(5056K)->4890K(5056K)
[5537.101s][info][gc             ] GC(1441) Pause Young (Allocation Failure) 3680M->1351M(6750M) 96.252ms
[5537.101s][info][gc,cpu         ] GC(1441) User=0.57s Sys=0.00s Real=0.10s
..[5539.270s][info][gc,start       ] GC(1442) Pause Young (Allocation Failure)
[5539.365s][info][gc,heap        ] GC(1442) PSYoungGen: 2625664K(2635776K)->138432K(2638336K) Eden: 2478592K(2478592K)->0K(2481664K) From: 147072K(157184K)->138432K(156672K)
[5539.365s][info][gc,heap        ] GC(1442) ParOldGen: 1236586K(4276224K)->1328762K(4276224K)
[5539.365s][info][gc,metaspace   ] GC(1442) Metaspace: 29143K(29440K)->29143K(29440K) NonClass: 24252K(24384K)->24252K(24384K) Class: 4890K(5056K)->4890K(5056K)
[5539.365s][info][gc             ] GC(1442) Pause Young (Allocation Failure) 3771M->1432M(6752M) 94.500ms
[5539.365s][info][gc,cpu         ] GC(1442) User=0.55s Sys=0.00s Real=0.09s
...[5541.437s][info][gc,start       ] GC(1443) Pause Young (Allocation Failure)
[5541.533s][info][gc,heap        ] GC(1443) PSYoungGen: 2620096K(2638336K)->144277K(2638336K) Eden: 2481664K(2481664K)->0K(2481664K) From: 138432K(156672K)->144277K(156672K)
[5541.533s][info][gc,heap        ] GC(1443) ParOldGen: 1328762K(4276224K)->1420642K(4276224K)
[5541.533s][info][gc,metaspace   ] GC(1443) Metaspace: 29143K(29440K)->29143K(29440K) NonClass: 24252K(24384K)->24252K(24384K) Class: 4890K(5056K)->4890K(5056K)
[5541.533s][info][gc             ] GC(1443) Pause Young (Allocation Failure) 3856M->1528M(6752M) 96.282ms
[5541.533s][info][gc,cpu         ] GC(1443) User=0.57s Sys=0.00s Real=0.10s
..[5543.746s][info][gc,start       ] GC(1444) Pause Young (Allocation Failure)
[5543.840s][info][gc,heap        ] GC(1444) PSYoungGen: 2625941K(2638336K)->142869K(2638848K) Eden: 2481664K(2481664K)->0K(2483200K) From: 144277K(156672K)->142869K(155648K)
[5543.840s][info][gc,heap        ] GC(1444) ParOldGen: 1420642K(4276224K)->1513242K(4276224K)
[5543.840s][info][gc,metaspace   ] GC(1444) Metaspace: 29143K(29440K)->29143K(29440K) NonClass: 24252K(24384K)->24252K(24384K) Class: 4890K(5056K)->4890K(5056K)
[5543.841s][info][gc             ] GC(1444) Pause Young (Allocation Failure) 3951M->1617M(6753M) 94.855ms
[5543.841s][info][gc,cpu         ] GC(1444) User=0.57s Sys=0.00s Real=0.10s
..[5545.951s][info][gc,start       ] GC(1445) Pause Young (Allocation Failure)
[5546.047s][info][gc,heap        ] GC(1445) PSYoungGen: 2626069K(2638848K)->144768K(2638336K) Eden: 2483200K(2483200K)->0K(2483200K) From: 142869K(155648K)->144768K(155136K)
[5546.047s][info][gc,heap        ] GC(1445) ParOldGen: 1513242K(4276224K)->1604866K(4276224K)
[5546.047s][info][gc,metaspace   ] GC(1445) Metaspace: 29143K(29440K)->29143K(29440K) NonClass: 24252K(24384K)->24252K(24384K) Class: 4890K(5056K)->4890K(5056K)
[5546.047s][info][gc             ] GC(1445) Pause Young (Allocation Failure) 4042M->1708M(6752M) 95.705ms
[5546.047s][info][gc,cpu         ] GC(1445) User=0.56s Sys=0.00s Real=0.09s
..[5548.227s][info][gc,start       ] GC(1446) Pause Young (Allocation Failure)
[5548.328s][info][gc,heap        ] GC(1446) PSYoungGen: 2627968K(2638336K)->151728K(2637824K) Eden: 2483200K(2483200K)->0K(2483712K) From: 144768K(155136K)->151728K(154112K)
[5548.328s][info][gc,heap        ] GC(1446) ParOldGen: 1604866K(4276224K)->1697362K(4276224K)
[5548.328s][info][gc,metaspace   ] GC(1446) Metaspace: 29143K(29440K)->29143K(29440K) NonClass: 24252K(24384K)->24252K(24384K) Class: 4890K(5056K)->4890K(5056K)
[5548.328s][info][gc             ] GC(1446) Pause Young (Allocation Failure) 4133M->1805M(6752M) 101.639ms
[5548.328s][info][gc,cpu         ] GC(1446) User=0.60s Sys=0.00s Real=0.11s
...[5550.554s][info][gc,start       ] GC(1447) Pause Young (Allocation Failure)
[5550.649s][info][gc,heap        ] GC(1447) PSYoungGen: 2635440K(2637824K)->138816K(2639360K) Eden: 2483712K(2483712K)->0K(2483712K) From: 151728K(154112K)->138816K(155648K)
[5550.649s][info][gc,heap        ] GC(1447) ParOldGen: 1697362K(4276224K)->1791506K(4276224K)
[5550.649s][info][gc,metaspace   ] GC(1447) Metaspace: 29143K(29440K)->29143K(29440K) NonClass: 24252K(24384K)->24252K(24384K) Class: 4890K(5056K)->4890K(5056K)
[5550.649s][info][gc             ] GC(1447) Pause Young (Allocation Failure) 4231M->1885M(6753M) 95.007ms
[5550.649s][info][gc,cpu         ] GC(1447) User=0.56s Sys=0.00s Real=0.10s
..[5552.894s][info][gc,start       ] GC(1448) Pause Young (Allocation Failure)
[5552.995s][info][gc,heap        ] GC(1448) PSYoungGen: 2622528K(2639360K)->153120K(2636800K) Eden: 2483712K(2483712K)->0K(2480640K) From: 138816K(155648K)->153120K(156160K)
[5552.995s][info][gc,heap        ] GC(1448) ParOldGen: 1791506K(4276224K)->1882754K(4276224K)
[5552.995s][info][gc,metaspace   ] GC(1448) Metaspace: 29143K(29440K)->29143K(29440K) NonClass: 24252K(24384K)->24252K(24384K) Class: 4890K(5056K)->4890K(5056K)
[5552.995s][info][gc             ] GC(1448) Pause Young (Allocation Failure) 4310M->1988M(6751M) 100.965ms
[5552.995s][info][gc,cpu         ] GC(1448) User=0.60s Sys=0.00s Real=0.10s
..[5555.162s][info][gc,start       ] GC(1449) Pause Young (Allocation Failure)
[5555.267s][info][gc,heap        ] GC(1449) PSYoungGen: 2633760K(2636800K)->157673K(2638336K) Eden: 2480640K(2480640K)->0K(2480640K) From: 153120K(156160K)->157673K(157696K)
[5555.267s][info][gc,heap        ] GC(1449) ParOldGen: 1882754K(4276224K)->1977162K(4276224K)
[5555.267s][info][gc,metaspace   ] GC(1449) Metaspace: 29143K(29440K)->29143K(29440K) NonClass: 24252K(24384K)->24252K(24384K) Class: 4890K(5056K)->4890K(5056K)
[5555.267s][info][gc             ] GC(1449) Pause Young (Allocation Failure) 4410M->2084M(6752M) 105.153ms
[5555.267s][info][gc,cpu         ] GC(1449) User=0.63s Sys=0.00s Real=0.10s
..[5557.356s][info][gc,start       ] GC(1450) Pause Young (Allocation Failure)
[5557.449s][info][gc,heap        ] GC(1450) PSYoungGen: 2638313K(2638336K)->138496K(2563584K) Eden: 2480640K(2480640K)->0K(2405888K) From: 157673K(157696K)->138496K(157696K)
[5557.449s][info][gc,heap        ] GC(1450) ParOldGen: 1977162K(4276224K)->2069706K(4276224K)
[5557.449s][info][gc,metaspace   ] GC(1450) Metaspace: 29143K(29440K)->29143K(29440K) NonClass: 24252K(24384K)->24252K(24384K) Class: 4890K(5056K)->4890K(5056K)
[5557.449s][info][gc             ] GC(1450) Pause Young (Allocation Failure) 4507M->2156M(6679M) 92.900ms
[5557.449s][info][gc,cpu         ] GC(1450) User=0.55s Sys=0.00s Real=0.10s
.. (rIR:aIR:PR = 8994:9019:9020) (tPR = 132662) [OK] 
  5558s: Performance info:
         Transaction,    Success,    Partial,     Failed,   Receipts, AvgBarcode, 
             Overall,     549368,          0,          0,     522028,      59.47, 
         Response times:
             Request,    Success,    Partial,     Failed,   SkipFail,     Probes,    Samples,      min,      p50,      p90,      p95,      p99,      max, 
       TotalPurchase,     521773,          0,          0,          0,     356967,     458890,      300,     5900,    35000,    75000,   211000,   350000,
     InStorePurchase,     277974,          0,          0,          0,     187568,     240582,      300,     5800,    35000,    76000,   206000,   321000,
      OnlinePurchase,     189367,          0,          0,          0,     131236,     169002,      300,     6000,    36000,    73000,   206000,   350000,
        InstPurchase,      54432,          0,          0,          0,      38163,      49306,      300,     6200,    35000,    76000,   218000,   312000,
          AssocOfCat,        544,          0,          0,          0,        431,        664,    21000,    40000,    88500,   138250,   599000,   960000,
      AssocOfProduct,       5442,          0,          0,          0,       3901,       5210,      500,     5900,    34000,    74000,   220000,   312000,
      BusinessReport,       1372,          0,          0,          0,       1177,       1653,    26000,    48000,    94000,   148300,   323220,   461000,
          CustBuyBeh,       5420,          0,          0,          0,       3872,       5189,      100,     5700,    35000,    71500,   216000,   308000,
       ProductReturn,      14554,          0,          0,          0,      10227,      13249,      200,     6200,    35000,    73000,   272000,   460000,

  5558s: (66%)   IR =   9132 .[5559.590s][info][gc,start       ] GC(1451) Pause Young (Allocation Failure)
[5559.686s][info][gc,heap        ] GC(1451) PSYoungGen: 2544384K(2563584K)->142623K(2600960K) Eden: 2405888K(2405888K)->0K(2405888K) From: 138496K(157696K)->142623K(195072K)
[5559.686s][info][gc,heap        ] GC(1451) ParOldGen: 2069706K(4276224K)->2163266K(4276224K)
[5559.686s][info][gc,metaspace   ] GC(1451) Metaspace: 29143K(29440K)->29143K(29440K) NonClass: 24252K(24384K)->24252K(24384K) Class: 4890K(5056K)->4890K(5056K)
[5559.686s][info][gc             ] GC(1451) Pause Young (Allocation Failure) 4505M->2251M(6716M) 96.516ms
[5559.686s][info][gc,cpu         ] GC(1451) User=0.57s Sys=0.00s Real=0.09s
..[5561.733s][info][gc,start       ] GC(1452) Pause Young (Allocation Failure)
[5561.830s][info][gc,heap        ] GC(1452) PSYoungGen: 2548511K(2600960K)->144650K(2593792K) Eden: 2405888K(2405888K)->0K(2407936K) From: 142623K(195072K)->144650K(185856K)
[5561.830s][info][gc,heap        ] GC(1452) ParOldGen: 2163266K(4276224K)->2254777K(4276224K)
[5561.830s][info][gc,metaspace   ] GC(1452) Metaspace: 29143K(29440K)->29143K(29440K) NonClass: 24252K(24384K)->24252K(24384K) Class: 4890K(5056K)->4890K(5056K)
[5561.830s][info][gc             ] GC(1452) Pause Young (Allocation Failure) 4601M->2343M(6709M) 96.483ms
[5561.830s][info][gc,cpu         ] GC(1452) User=0.57s Sys=0.00s Real=0.10s
..[5563.911s][info][gc,start       ] GC(1453) Pause Young (Allocation Failure)
[5564.007s][info][gc,heap        ] GC(1453) PSYoungGen: 2552586K(2593792K)->141152K(2598400K) Eden: 2407936K(2407936K)->0K(2407936K) From: 144650K(185856K)->141152K(190464K)
[5564.007s][info][gc,heap        ] GC(1453) ParOldGen: 2254777K(4276224K)->2345521K(4276224K)
[5564.007s][info][gc,metaspace   ] GC(1453) Metaspace: 29143K(29440K)->29143K(29440K) NonClass: 24252K(24384K)->24252K(24384K) Class: 4890K(5056K)->4890K(5056K)
[5564.007s][info][gc             ] GC(1453) Pause Young (Allocation Failure) 4694M->2428M(6713M) 96.092ms
[5564.007s][info][gc,cpu         ] GC(1453) User=0.57s Sys=0.00s Real=0.09s
..[5566.036s][info][gc,start       ] GC(1454) Pause Young (Allocation Failure)
[5566.132s][info][gc,heap        ] GC(1454) PSYoungGen: 2549088K(2598400K)->141888K(2599936K) Eden: 2407936K(2407936K)->0K(2416640K) From: 141152K(190464K)->141888K(183296K)
[5566.132s][info][gc,heap        ] GC(1454) ParOldGen: 2345521K(4276224K)->2435961K(4276224K)
[5566.132s][info][gc,metaspace   ] GC(1454) Metaspace: 29143K(29440K)->29143K(29440K) NonClass: 24252K(24384K)->24252K(24384K) Class: 4890K(5056K)->4890K(5056K)
[5566.132s][info][gc             ] GC(1454) Pause Young (Allocation Failure) 4779M->2517M(6715M) 96.127ms
[5566.132s][info][gc,cpu         ] GC(1454) User=0.57s Sys=0.00s Real=0.10s
..|[5568.230s][info][gc,start       ] GC(1455) Pause Young (Allocation Failure)
[5568.328s][info][gc,heap        ] GC(1455) PSYoungGen: 2558528K(2599936K)->142615K(2603520K) Eden: 2416640K(2416640K)->0K(2416640K) From: 141888K(183296K)->142615K(186880K)
[5568.328s][info][gc,heap        ] GC(1455) ParOldGen: 2435961K(4276224K)->2526689K(4276224K)
[5568.328s][info][gc,metaspace   ] GC(1455) Metaspace: 29143K(29440K)->29143K(29440K) NonClass: 24252K(24384K)->24252K(24384K) Class: 4890K(5056K)->4890K(5056K)
[5568.328s][info][gc             ] GC(1455) Pause Young (Allocation Failure) 4877M->2606M(6718M) 97.597ms
[5568.328s][info][gc,cpu         ] GC(1455) User=0.58s Sys=0.00s Real=0.09s
..[5570.387s][info][gc,start       ] GC(1456) Pause Young (Allocation Failure)
[5570.485s][info][gc,heap        ] GC(1456) PSYoungGen: 2559255K(2603520K)->144244K(2603008K) Eden: 2416640K(2416640K)->0K(2424832K) From: 142615K(186880K)->144244K(178176K)
[5570.485s][info][gc,heap        ] GC(1456) ParOldGen: 2526689K(4276224K)->2617169K(4276224K)
[5570.485s][info][gc,metaspace   ] GC(1456) Metaspace: 29143K(29440K)->29143K(29440K) NonClass: 24252K(24384K)->24252K(24384K) Class: 4890K(5056K)->4890K(5056K)
[5570.485s][info][gc             ] GC(1456) Pause Young (Allocation Failure) 4966M->2696M(6718M) 98.218ms
[5570.485s][info][gc,cpu         ] GC(1456) User=0.58s Sys=0.00s Real=0.10s
..[5572.520s][info][gc,start       ] GC(1457) Pause Young (Allocation Failure)
[5572.614s][info][gc,heap        ] GC(1457) PSYoungGen: 2569076K(2603008K)->141840K(2606592K) Eden: 2424832K(2424832K)->0K(2424832K) From: 144244K(178176K)->141840K(181760K)
[5572.614s][info][gc,heap        ] GC(1457) ParOldGen: 2617169K(4276224K)->2707369K(4276224K)
[5572.614s][info][gc,metaspace   ] GC(1457) Metaspace: 29143K(29440K)->29143K(29440K) NonClass: 24252K(24384K)->24252K(24384K) Class: 4890K(5056K)->4890K(5056K)
[5572.614s][info][gc             ] GC(1457) Pause Young (Allocation Failure) 5064M->2782M(6721M) 94.491ms
[5572.614s][info][gc,cpu         ] GC(1457) User=0.56s Sys=0.01s Real=0.09s
...[5574.679s][info][gc,start       ] GC(1458) Pause Young (Allocation Failure)
[5574.774s][info][gc,heap        ] GC(1458) PSYoungGen: 2566672K(2606592K)->143541K(2608640K) Eden: 2424832K(2424832K)->0K(2434560K) From: 141840K(181760K)->143541K(174080K)
[5574.775s][info][gc,heap        ] GC(1458) ParOldGen: 2707369K(4276224K)->2799673K(4276224K)
[5574.775s][info][gc,metaspace   ] GC(1458) Metaspace: 29143K(29440K)->29143K(29440K) NonClass: 24252K(24384K)->24252K(24384K) Class: 4890K(5056K)->4890K(5056K)
[5574.775s][info][gc             ] GC(1458) Pause Young (Allocation Failure) 5150M->2874M(6723M) 95.846ms
[5574.775s][info][gc,cpu         ] GC(1458) User=0.57s Sys=0.00s Real=0.09s
..[5576.807s][info][gc,start       ] GC(1459) Pause Young (Allocation Failure)
[5576.903s][info][gc,heap        ] GC(1459) PSYoungGen: 2578101K(2608640K)->144181K(2612224K) Eden: 2434560K(2434560K)->0K(2434560K) From: 143541K(174080K)->144181K(177664K)
[5576.903s][info][gc,heap        ] GC(1459) ParOldGen: 2799673K(4276224K)->2890921K(4276224K)
[5576.903s][info][gc,metaspace   ] GC(1459) Metaspace: 29143K(29440K)->29143K(29440K) NonClass: 24252K(24384K)->24252K(24384K) Class: 4890K(5056K)->4890K(5056K)
[5576.903s][info][gc             ] GC(1459) Pause Young (Allocation Failure) 5251M->2963M(6727M) 95.901ms
[5576.903s][info][gc,cpu         ] GC(1459) User=0.56s Sys=0.01s Real=0.10s
..[5579.034s][info][gc,start       ] GC(1460) Pause Young (Allocation Failure)
[5579.133s][info][gc,heap        ] GC(1460) PSYoungGen: 2578741K(2612224K)->149056K(2613248K) Eden: 2434560K(2434560K)->0K(2443264K) From: 144181K(177664K)->149056K(169984K)
[5579.133s][info][gc,heap        ] GC(1460) ParOldGen: 2890921K(4276224K)->2981225K(4276224K)
[5579.133s][info][gc,metaspace   ] GC(1460) Metaspace: 29143K(29440K)->29143K(29440K) NonClass: 24252K(24384K)->24252K(24384K) Class: 4890K(5056K)->4890K(5056K)
[5579.133s][info][gc             ] GC(1460) Pause Young (Allocation Failure) 5341M->3056M(6728M) 98.934ms
[5579.133s][info][gc,cpu         ] GC(1460) User=0.59s Sys=0.00s Real=0.10s
..[5581.270s][info][gc,start       ] GC(1461) Pause Young (Allocation Failure)
[5581.364s][info][gc,heap        ] GC(1461) PSYoungGen: 2592320K(2613248K)->135648K(2616320K) Eden: 2443264K(2443264K)->0K(2443264K) From: 149056K(169984K)->135648K(173056K)
[5581.364s][info][gc,heap        ] GC(1461) ParOldGen: 2981225K(4276224K)->3073617K(4276224K)
[5581.364s][info][gc,metaspace   ] GC(1461) Metaspace: 29143K(29440K)->29143K(29440K) NonClass: 24252K(24384K)->24252K(24384K) Class: 4890K(5056K)->4890K(5056K)
[5581.364s][info][gc             ] GC(1461) Pause Young (Allocation Failure) 5442M->3134M(6731M) 93.910ms
[5581.364s][info][gc,cpu         ] GC(1461) User=0.56s Sys=0.00s Real=0.09s
..[5583.518s][info][gc,start       ] GC(1462) Pause Young (Allocation Failure)
[5583.614s][info][gc,heap        ] GC(1462) PSYoungGen: 2578912K(2616320K)->140096K(2619392K) Eden: 2443264K(2443264K)->0K(2450432K) From: 135648K(173056K)->140096K(168960K)
[5583.614s][info][gc,heap        ] GC(1462) ParOldGen: 3073617K(4276224K)->3164369K(4276224K)
[5583.614s][info][gc,metaspace   ] GC(1462) Metaspace: 29143K(29440K)->29143K(29440K) NonClass: 24252K(24384K)->24252K(24384K) Class: 4890K(5056K)->4890K(5056K)
[5583.614s][info][gc             ] GC(1462) Pause Young (Allocation Failure) 5520M->3227M(6734M) 96.025ms
[5583.614s][info][gc,cpu         ] GC(1462) User=0.57s Sys=0.00s Real=0.10s
..[5585.690s][info][gc,start       ] GC(1463) Pause Young (Allocation Failure)
[5585.786s][info][gc,heap        ] GC(1463) PSYoungGen: 2590528K(2619392K)->142128K(2621440K) Eden: 2450432K(2450432K)->0K(2450432K) From: 140096K(168960K)->142128K(171008K)
[5585.786s][info][gc,heap        ] GC(1463) ParOldGen: 3164369K(4276224K)->3257681K(4276224K)
[5585.786s][info][gc,metaspace   ] GC(1463) Metaspace: 29143K(29440K)->29143K(29440K) NonClass: 24252K(24384K)->24252K(24384K) Class: 4890K(5056K)->4890K(5056K)
[5585.786s][info][gc             ] GC(1463) Pause Young (Allocation Failure) 5620M->3320M(6736M) 96.206ms
[5585.786s][info][gc,cpu         ] GC(1463) User=0.57s Sys=0.00s Real=0.09s
...[5587.883s][info][gc,start       ] GC(1464) Pause Young (Allocation Failure)
[5587.981s][info][gc,heap        ] GC(1464) PSYoungGen: 2592560K(2621440K)->145680K(2619392K) Eden: 2450432K(2450432K)->0K(2455552K) From: 142128K(171008K)->145680K(163840K)
[5587.981s][info][gc,heap        ] GC(1464) ParOldGen: 3257681K(4276224K)->3346377K(4276224K)
[5587.981s][info][gc,metaspace   ] GC(1464) Metaspace: 29143K(29440K)->29143K(29440K) NonClass: 24252K(24384K)->24252K(24384K) Class: 4890K(5056K)->4890K(5056K)
[5587.981s][info][gc             ] GC(1464) Pause Young (Allocation Failure) 5713M->3410M(6734M) 97.430ms
[5587.981s][info][gc,cpu         ] GC(1464) User=0.58s Sys=0.00s Real=0.10s
..[5590.045s][info][gc,start       ] GC(1465) Pause Young (Allocation Failure)
[5590.140s][info][gc,heap        ] GC(1465) PSYoungGen: 2601232K(2619392K)->144832K(2622464K) Eden: 2455552K(2455552K)->0K(2455552K) From: 145680K(163840K)->144832K(166912K)
[5590.141s][info][gc,heap        ] GC(1465) ParOldGen: 3346377K(4276224K)->3437785K(4276224K)
[5590.141s][info][gc,metaspace   ] GC(1465) Metaspace: 29143K(29440K)->29143K(29440K) NonClass: 24252K(24384K)->24252K(24384K) Class: 4890K(5056K)->4890K(5056K)
[5590.141s][info][gc             ] GC(1465) Pause Young (Allocation Failure) 5808M->3498M(6737M) 95.291ms
[5590.141s][info][gc,cpu         ] GC(1465) User=0.57s Sys=0.00s Real=0.10s
..[5592.302s][info][gc,start       ] GC(1466) Pause Young (Allocation Failure)
[5592.399s][info][gc,heap        ] GC(1466) PSYoungGen: 2600384K(2622464K)->144400K(2625024K) Eden: 2455552K(2455552K)->0K(2464256K) From: 144832K(166912K)->144400K(160768K)
[5592.399s][info][gc,heap        ] GC(1466) ParOldGen: 3437785K(4276224K)->3529449K(4276224K)
[5592.399s][info][gc,metaspace   ] GC(1466) Metaspace: 29143K(29440K)->29143K(29440K) NonClass: 24252K(24384K)->24252K(24384K) Class: 4890K(5056K)->4890K(5056K)
[5592.399s][info][gc             ] GC(1466) Pause Young (Allocation Failure) 5896M->3587M(6739M) 97.803ms
[5592.400s][info][gc,cpu         ] GC(1466) User=0.58s Sys=0.00s Real=0.10s
..[5594.539s][info][gc,start       ] GC(1467) Pause Young (Allocation Failure)
[5594.640s][info][gc,heap        ] GC(1467) PSYoungGen: 2608656K(2625024K)->148809K(2627584K) Eden: 2464256K(2464256K)->0K(2464256K) From: 144400K(160768K)->148809K(163328K)
[5594.640s][info][gc,heap        ] GC(1467) ParOldGen: 3529449K(4276224K)->3620793K(4276224K)
[5594.640s][info][gc,metaspace   ] GC(1467) Metaspace: 29143K(29440K)->29143K(29440K) NonClass: 24252K(24384K)->24252K(24384K) Class: 4890K(5056K)->4890K(5056K)
[5594.640s][info][gc             ] GC(1467) Pause Young (Allocation Failure) 5994M->3681M(6742M) 100.852ms
[5594.640s][info][gc,cpu         ] GC(1467) User=0.59s Sys=0.00s Real=0.10s
..[5596.747s][info][gc,start       ] GC(1468) Pause Young (Allocation Failure)
[5596.847s][info][gc,heap        ] GC(1468) PSYoungGen: 2613065K(2627584K)->145984K(2629120K) Eden: 2464256K(2464256K)->0K(2469888K) From: 148809K(163328K)->145984K(159232K)
[5596.847s][info][gc,heap        ] GC(1468) ParOldGen: 3620793K(4276224K)->3711985K(4276224K)
[5596.847s][info][gc,metaspace   ] GC(1468) Metaspace: 29143K(29440K)->29143K(29440K) NonClass: 24252K(24384K)->24252K(24384K) Class: 4890K(5056K)->4890K(5056K)
[5596.847s][info][gc             ] GC(1468) Pause Young (Allocation Failure) 6087M->3767M(6743M) 99.387ms
[5596.847s][info][gc,cpu         ] GC(1468) User=0.58s Sys=0.00s Real=0.10s
...[5599.036s][info][gc,start       ] GC(1469) Pause Young (Allocation Failure)
[5599.137s][info][gc,heap        ] GC(1469) PSYoungGen: 2615872K(2629120K)->152612K(2631168K) Eden: 2469888K(2469888K)->0K(2469888K) From: 145984K(159232K)->152612K(161280K)
[5599.138s][info][gc,heap        ] GC(1469) ParOldGen: 3711985K(4276224K)->3802969K(4276224K)
[5599.138s][info][gc,metaspace   ] GC(1469) Metaspace: 29143K(29440K)->29143K(29440K) NonClass: 24252K(24384K)->24252K(24384K) Class: 4890K(5056K)->4890K(5056K)
[5599.138s][info][gc             ] GC(1469) Pause Young (Allocation Failure) 6179M->3862M(6745M) 101.442ms
[5599.138s][info][gc,cpu         ] GC(1469) User=0.60s Sys=0.00s Real=0.10s
..[5601.207s][info][gc,start       ] GC(1470) Pause Young (Allocation Failure)
[5601.306s][info][gc,heap        ] GC(1470) PSYoungGen: 2622500K(2631168K)->148224K(2633728K) Eden: 2469888K(2469888K)->0K(2472448K) From: 152612K(161280K)->148224K(161280K)
[5601.306s][info][gc,heap        ] GC(1470) ParOldGen: 3802969K(4276224K)->3895993K(4276224K)
[5601.306s][info][gc,metaspace   ] GC(1470) Metaspace: 29143K(29440K)->29143K(29440K) NonClass: 24252K(24384K)->24252K(24384K) Class: 4890K(5056K)->4890K(5056K)
[5601.306s][info][gc             ] GC(1470) Pause Young (Allocation Failure) 6274M->3949M(6748M) 99.035ms
[5601.306s][info][gc,cpu         ] GC(1470) User=0.59s Sys=0.00s Real=0.10s
..[5603.372s][info][gc,start       ] GC(1471) Pause Young (Allocation Failure)
[5603.473s][info][gc,heap        ] GC(1471) PSYoungGen: 2620672K(2633728K)->147576K(2633728K) Eden: 2472448K(2472448K)->0K(2472448K) From: 148224K(161280K)->147576K(161280K)
[5603.473s][info][gc,heap        ] GC(1471) ParOldGen: 3895993K(4276224K)->3987705K(4276224K)
[5603.473s][info][gc,metaspace   ] GC(1471) Metaspace: 29143K(29440K)->29143K(29440K) NonClass: 24252K(24384K)->24252K(24384K) Class: 4890K(5056K)->4890K(5056K)
[5603.473s][info][gc             ] GC(1471) Pause Young (Allocation Failure) 6363M->4038M(6748M) 100.589ms
[5603.473s][info][gc,cpu         ] GC(1471) User=0.59s Sys=0.00s Real=0.10s
..[5605.623s][info][gc,start       ] GC(1472) Pause Young (Allocation Failure)
[5605.720s][info][gc,heap        ] GC(1472) PSYoungGen: 2620024K(2633728K)->141120K(2634240K) Eden: 2472448K(2472448K)->0K(2473984K) From: 147576K(161280K)->141120K(160256K)
[5605.720s][info][gc,heap        ] GC(1472) ParOldGen: 3987705K(4276224K)->4078921K(4276224K)
[5605.720s][info][gc,metaspace   ] GC(1472) Metaspace: 29143K(29440K)->29143K(29440K) NonClass: 24252K(24384K)->24252K(24384K) Class: 4890K(5056K)->4890K(5056K)
[5605.720s][info][gc             ] GC(1472) Pause Young (Allocation Failure) 6452M->4121M(6748M) 96.874ms
[5605.720s][info][gc,cpu         ] GC(1472) User=0.57s Sys=0.00s Real=0.10s
..[5607.842s][info][gc,start       ] GC(1473) Pause Young (Allocation Failure)
[5607.940s][info][gc,heap        ] GC(1473) PSYoungGen: 2615104K(2634240K)->142688K(2633728K) Eden: 2473984K(2473984K)->0K(2473984K) From: 141120K(160256K)->142688K(159744K)
[5607.940s][info][gc,heap        ] GC(1473) ParOldGen: 4078921K(4276224K)->4171281K(4276224K)
[5607.940s][info][gc,metaspace   ] GC(1473) Metaspace: 29143K(29440K)->29143K(29440K) NonClass: 24252K(24384K)->24252K(24384K) Class: 4890K(5056K)->4890K(5056K)
[5607.940s][info][gc             ] GC(1473) Pause Young (Allocation Failure) 6537M->4212M(6748M) 98.427ms
[5607.940s][info][gc,cpu         ] GC(1473) User=0.58s Sys=0.00s Real=0.10s
...[5610.088s][info][gc,start       ] GC(1474) Pause Young (Allocation Failure)
[5610.189s][info][gc,heap        ] GC(1474) PSYoungGen: 2616672K(2633728K)->151568K(2634752K) Eden: 2473984K(2473984K)->0K(2475520K) From: 142688K(159744K)->151568K(159232K)
[5610.189s][info][gc,heap        ] GC(1474) ParOldGen: 4171281K(4276224K)->4264145K(4276224K)
[5610.189s][info][gc,metaspace   ] GC(1474) Metaspace: 29143K(29440K)->29143K(29440K) NonClass: 24252K(24384K)->24252K(24384K) Class: 4890K(5056K)->4890K(5056K)
[5610.189s][info][gc             ] GC(1474) Pause Young (Allocation Failure) 6628M->4312M(6749M) 101.487ms
[5610.189s][info][gc,cpu         ] GC(1474) User=0.60s Sys=0.01s Real=0.11s
..[5612.326s][info][gc,start       ] GC(1475) Pause Young (Allocation Failure)
[5612.429s][info][gc,heap        ] GC(1475) PSYoungGen: 2627088K(2634752K)->147616K(2635264K) Eden: 2475520K(2475520K)->0K(2475520K) From: 151568K(159232K)->147616K(159744K)
[5612.429s][info][gc,heap        ] GC(1475) ParOldGen: 4264145K(4276224K)->4355705K(4356096K)
[5612.429s][info][gc,metaspace   ] GC(1475) Metaspace: 29143K(29440K)->29143K(29440K) NonClass: 24252K(24384K)->24252K(24384K) Class: 4890K(5056K)->4890K(5056K)
[5612.429s][info][gc             ] GC(1475) Pause Young (Allocation Failure) 6729M->4397M(6827M) 102.842ms
[5612.429s][info][gc,cpu         ] GC(1475) User=0.58s Sys=0.03s Real=0.11s
..[5614.484s][info][gc,start       ] GC(1476) Pause Young (Allocation Failure)
[5614.589s][info][gc,heap        ] GC(1476) PSYoungGen: 2623136K(2635264K)->145088K(2634240K) Eden: 2475520K(2475520K)->0K(2477056K) From: 147616K(159744K)->145088K(157184K)
[5614.589s][info][gc,heap        ] GC(1476) ParOldGen: 4355705K(4356096K)->4448001K(4448256K)
[5614.589s][info][gc,metaspace   ] GC(1476) Metaspace: 29143K(29440K)->29143K(29440K) NonClass: 24252K(24384K)->24252K(24384K) Class: 4890K(5056K)->4890K(5056K)
[5614.589s][info][gc             ] GC(1476) Pause Young (Allocation Failure) 6815M->4485M(6916M) 104.671ms
[5614.589s][info][gc,cpu         ] GC(1476) User=0.59s Sys=0.03s Real=0.11s
..[5616.617s][info][gc,start       ] GC(1477) Pause Young (Allocation Failure)
[5616.720s][info][gc,heap        ] GC(1477) PSYoungGen: 2622144K(2634240K)->145200K(2635264K) Eden: 2477056K(2477056K)->0K(2477056K) From: 145088K(157184K)->145200K(158208K)
[5616.720s][info][gc,heap        ] GC(1477) ParOldGen: 4448001K(4448256K)->4541697K(4541952K)
[5616.720s][info][gc,metaspace   ] GC(1477) Metaspace: 29143K(29440K)->29143K(29440K) NonClass: 24252K(24384K)->24252K(24384K) Class: 4890K(5056K)->4890K(5056K)
[5616.720s][info][gc             ] GC(1477) Pause Young (Allocation Failure) 6904M->4577M(7009M) 103.053ms
[5616.720s][info][gc,cpu         ] GC(1477) User=0.58s Sys=0.02s Real=0.11s
..[5618.871s][info][gc,start       ] GC(1478) Pause Young (Allocation Failure)
[5618.972s][info][gc,heap        ] GC(1478) PSYoungGen: 2622256K(2635264K)->142848K(2636800K) Eden: 2477056K(2477056K)->0K(2480640K) From: 145200K(158208K)->142848K(156160K)
[5618.972s][info][gc,heap        ] GC(1478) ParOldGen: 4541697K(4541952K)->4632369K(4632576K)
[5618.972s][info][gc,metaspace   ] GC(1478) Metaspace: 29143K(29440K)->29143K(29440K) NonClass: 24252K(24384K)->24252K(24384K) Class: 4890K(5056K)->4890K(5056K)
[5618.972s][info][gc             ] GC(1478) Pause Young (Allocation Failure) 6996M->4663M(7099M) 100.961ms
[5618.972s][info][gc,cpu         ] GC(1478) User=0.57s Sys=0.03s Real=0.10s
...[5621.034s][info][gc,start       ] GC(1479) Pause Young (Allocation Failure)
[5621.140s][info][gc,heap        ] GC(1479) PSYoungGen: 2623488K(2636800K)->153444K(2637312K) Eden: 2480640K(2480640K)->0K(2480640K) From: 142848K(156160K)->153444K(156672K)
[5621.140s][info][gc,heap        ] GC(1479) ParOldGen: 4632369K(4632576K)->4724625K(4724736K)
[5621.140s][info][gc,metaspace   ] GC(1479) Metaspace: 29143K(29440K)->29143K(29440K) NonClass: 24252K(24384K)->24252K(24384K) Class: 4890K(5056K)->4890K(5056K)
[5621.140s][info][gc             ] GC(1479) Pause Young (Allocation Failure) 7085M->4763M(7189M) 106.792ms
[5621.140s][info][gc,cpu         ] GC(1479) User=0.59s Sys=0.03s Real=0.11s
..[5623.279s][info][gc,start       ] GC(1480) Pause Young (Allocation Failure)
[5623.380s][info][gc,heap        ] GC(1480) PSYoungGen: 2634084K(2637312K)->140480K(2637824K) Eden: 2480640K(2480640K)->0K(2479616K) From: 153444K(156672K)->140480K(158208K)
[5623.380s][info][gc,heap        ] GC(1480) ParOldGen: 4724625K(4724736K)->4816169K(4816384K)
[5623.380s][info][gc,metaspace   ] GC(1480) Metaspace: 29143K(29440K)->29143K(29440K) NonClass: 24252K(24384K)->24252K(24384K) Class: 4890K(5056K)->4890K(5056K)
[5623.380s][info][gc             ] GC(1480) Pause Young (Allocation Failure) 7186M->4840M(7279M) 101.362ms
[5623.380s][info][gc,cpu         ] GC(1480) User=0.58s Sys=0.02s Real=0.10s
..[5625.564s][info][gc,start       ] GC(1481) Pause Young (Allocation Failure)
[5625.666s][info][gc,heap        ] GC(1481) PSYoungGen: 2620096K(2637824K)->143136K(2622976K) Eden: 2479616K(2479616K)->0K(2479616K) From: 140480K(158208K)->143136K(143360K)
[5625.666s][info][gc,heap        ] GC(1481) ParOldGen: 4816169K(4816384K)->4907745K(4908032K)
[5625.666s][info][gc,metaspace   ] GC(1481) Metaspace: 29143K(29440K)->29143K(29440K) NonClass: 24252K(24384K)->24252K(24384K) Class: 4890K(5056K)->4890K(5056K)
[5625.666s][info][gc             ] GC(1481) Pause Young (Allocation Failure) 7261M->4932M(7354M) 101.794ms
[5625.666s][info][gc,cpu         ] GC(1481) User=0.57s Sys=0.03s Real=0.10s
..[5627.712s][info][gc,start       ] GC(1482) Pause Young (Allocation Failure)
[5627.814s][info][gc,heap        ] GC(1482) PSYoungGen: 2622752K(2622976K)->141843K(2637824K) Eden: 2479616K(2479616K)->0K(2480128K) From: 143136K(143360K)->141843K(157696K)
[5627.814s][info][gc,heap        ] GC(1482) ParOldGen: 4907745K(4908032K)->5002353K(5002752K)
[5627.814s][info][gc,metaspace   ] GC(1482) Metaspace: 29143K(29440K)->29143K(29440K) NonClass: 24252K(24384K)->24252K(24384K) Class: 4890K(5056K)->4890K(5056K)
[5627.814s][info][gc             ] GC(1482) Pause Young (Allocation Failure) 7354M->5023M(7461M) 102.065ms
[5627.814s][info][gc,cpu         ] GC(1482) User=0.57s Sys=0.02s Real=0.10s
. (rIR:aIR:PR = 9132:9146:9146) (tPR = 135525) [OK] 
  5627s: Performance info:
         Transaction,    Success,    Partial,     Failed,   Receipts, AvgBarcode, 
             Overall,     553144,          0,          0,     525527,      59.48, 
         Response times:
             Request,    Success,    Partial,     Failed,   SkipFail,     Probes,    Samples,      min,      p50,      p90,      p95,      p99,      max, 
       TotalPurchase,     525527,          0,          0,          0,     361665,     419494,      300,     5800,    25000,    50000,    95000,   204000,
     InStorePurchase,     277062,          0,          0,          0,     190021,     219781,      300,     5900,    25000,    51000,    94000,   204000,
      OnlinePurchase,     193076,          0,          0,          0,     133056,     154511,      300,     5700,    25000,    50000,    96000,   195000,
        InstPurchase,      55389,          0,          0,          0,      38588,      45202,      400,     5700,    24000,    49000,    90000,   183000,
          AssocOfCat,        556,          0,          0,          0,        458,        615,    19500,    41000,    71400,    93600,   152600,   226000,
      AssocOfProduct,       5557,          0,          0,          0,       4059,       4936,      900,     6800,    27000,    54000,    94630,   162000,
      BusinessReport,       1382,          0,          0,          0,       1245,       1577,    22000,    49000,    77200,   116000,   163220,   208000,
          CustBuyBeh,       5491,          0,          0,          0,       4036,       4930,      500,     6200,    28000,    53000,   100690,   176000,
       ProductReturn,      14631,          0,          0,          0,       9393,      11129,      600,     5300,    25000,    48000,    83000,   153000,

  5627s: (67%)   IR =   9271 .[5629.947s][info][gc,start       ] GC(1483) Pause Young (Allocation Failure)
[5630.051s][info][gc,heap        ] GC(1483) PSYoungGen: 2621971K(2637824K)->148624K(2637312K) Eden: 2480128K(2480128K)->0K(2480128K) From: 141843K(157696K)->148624K(157184K)
[5630.052s][info][gc,heap        ] GC(1483) ParOldGen: 5002353K(5002752K)->5092265K(5092352K)
[5630.052s][info][gc,metaspace   ] GC(1483) Metaspace: 29143K(29440K)->29143K(29440K) NonClass: 24252K(24384K)->24252K(24384K) Class: 4890K(5056K)->4890K(5056K)
[5630.052s][info][gc             ] GC(1483) Pause Young (Allocation Failure) 7445M->5118M(7548M) 104.197ms
[5630.052s][info][gc,cpu         ] GC(1483) User=0.57s Sys=0.04s Real=0.11s
...[5632.225s][info][gc,start       ] GC(1484) Pause Young (Allocation Failure)
[5632.329s][info][gc,heap        ] GC(1484) PSYoungGen: 2628752K(2637312K)->145620K(2637312K) Eden: 2480128K(2480128K)->0K(2481664K) From: 148624K(157184K)->145620K(155648K)
[5632.329s][info][gc,heap        ] GC(1484) ParOldGen: 5092265K(5092352K)->5184801K(5185024K)
[5632.329s][info][gc,metaspace   ] GC(1484) Metaspace: 29143K(29440K)->29143K(29440K) NonClass: 24252K(24384K)->24252K(24384K) Class: 4890K(5056K)->4890K(5056K)
[5632.329s][info][gc             ] GC(1484) Pause Young (Allocation Failure) 7540M->5205M(7639M) 104.128ms
[5632.329s][info][gc,cpu         ] GC(1484) User=0.59s Sys=0.02s Real=0.11s
..|[5634.414s][info][gc,start       ] GC(1485) Pause Young (Allocation Failure)
[5634.524s][info][gc,heap        ] GC(1485) PSYoungGen: 2627284K(2637312K)->152490K(2637824K) Eden: 2481664K(2481664K)->0K(2481664K) From: 145620K(155648K)->152490K(156160K)
[5634.524s][info][gc,heap        ] GC(1485) ParOldGen: 5184801K(5185024K)->5276937K(5277184K)
[5634.524s][info][gc,metaspace   ] GC(1485) Metaspace: 29143K(29440K)->29143K(29440K) NonClass: 24252K(24384K)->24252K(24384K) Class: 4890K(5056K)->4890K(5056K)
[5634.524s][info][gc             ] GC(1485) Pause Young (Allocation Failure) 7628M->5302M(7729M) 109.435ms
[5634.524s][info][gc,cpu         ] GC(1485) User=0.62s Sys=0.03s Real=0.11s
..[5636.608s][info][gc,start       ] GC(1486) Pause Young (Allocation Failure)
[5636.712s][info][gc,heap        ] GC(1486) PSYoungGen: 2634154K(2637824K)->143448K(2638848K) Eden: 2481664K(2481664K)->0K(2481152K) From: 152490K(156160K)->143448K(157696K)
[5636.712s][info][gc,heap        ] GC(1486) ParOldGen: 5276937K(5277184K)->5369673K(5369856K)
[5636.712s][info][gc,metaspace   ] GC(1486) Metaspace: 29143K(29440K)->29143K(29440K) NonClass: 24252K(24384K)->24252K(24384K) Class: 4890K(5056K)->4890K(5056K)
[5636.712s][info][gc             ] GC(1486) Pause Young (Allocation Failure) 7725M->5383M(7821M) 104.112ms
[5636.712s][info][gc,cpu         ] GC(1486) User=0.59s Sys=0.03s Real=0.11s
..[5638.827s][info][gc,start       ] GC(1487) Pause Young (Allocation Failure)
[5638.931s][info][gc,heap        ] GC(1487) PSYoungGen: 2624600K(2638848K)->145824K(2627072K) Eden: 2481152K(2481152K)->0K(2481152K) From: 143448K(157696K)->145824K(145920K)
[5638.931s][info][gc,heap        ] GC(1487) ParOldGen: 5369673K(5369856K)->5460137K(5460480K)
[5638.931s][info][gc,metaspace   ] GC(1487) Metaspace: 29143K(29440K)->29143K(29440K) NonClass: 24252K(24384K)->24252K(24384K) Class: 4890K(5056K)->4890K(5056K)
[5638.931s][info][gc             ] GC(1487) Pause Young (Allocation Failure) 7806M->5474M(7898M) 104.250ms
[5638.931s][info][gc,cpu         ] GC(1487) User=0.58s Sys=0.03s Real=0.11s
..[5641.040s][info][gc,start       ] GC(1488) Pause Young (Allocation Failure)
[5641.146s][info][gc,heap        ] GC(1488) PSYoungGen: 2626976K(2627072K)->147280K(2637824K) Eden: 2481152K(2481152K)->0K(2481664K) From: 145824K(145920K)->147280K(156160K)
[5641.146s][info][gc,heap        ] GC(1488) ParOldGen: 5460137K(5460480K)->5553297K(5553664K)
[5641.146s][info][gc,metaspace   ] GC(1488) Metaspace: 29143K(29440K)->29143K(29440K) NonClass: 24252K(24384K)->24252K(24384K) Class: 4890K(5056K)->4890K(5056K)
[5641.146s][info][gc             ] GC(1488) Pause Young (Allocation Failure) 7897M->5566M(7999M) 106.017ms
[5641.146s][info][gc,cpu         ] GC(1488) User=0.59s Sys=0.02s Real=0.10s
...[5643.309s][info][gc,start       ] GC(1489) Pause Full (Allocation Failure)
[5643.309s][info][gc,phases,start] GC(1489) Marking Phase
[5643.600s][info][gc,phases      ] GC(1489) Marking Phase 291.032ms
[5643.600s][info][gc,phases,start] GC(1489) Summary Phase
[5643.600s][info][gc,phases      ] GC(1489) Summary Phase 0.096ms
[5643.600s][info][gc,phases,start] GC(1489) Forward
[5643.730s][info][gc,phases      ] GC(1489) Forward 130.028ms
[5643.730s][info][gc,phases,start] GC(1489) Adjust Pointers
[5643.932s][info][gc,phases      ] GC(1489) Adjust Pointers 201.980ms
[5643.932s][info][gc,phases,start] GC(1489) Compaction Phase
[5644.057s][info][gc,phases      ] GC(1489) Compaction Phase 125.471ms
[5644.058s][info][gc,phases,start] GC(1489) Post Compact
[5644.065s][info][gc,phases      ] GC(1489) Post Compact 6.844ms
[5644.198s][info][gc,heap        ] GC(1489) PSYoungGen: 2628944K(2637824K)->0K(2637312K) Eden: 2481664K(2481664K)->0K(2481664K) From: 147280K(156160K)->0K(155648K)
[5644.198s][info][gc,heap        ] GC(1489) ParOldGen: 5553297K(5553664K)->1422474K(1688064K)
[5644.198s][info][gc,metaspace   ] GC(1489) Metaspace: 29143K(29440K)->29143K(29440K) NonClass: 24252K(24384K)->24252K(24384K) Class: 4890K(5056K)->4890K(5056K)
[5644.198s][info][gc             ] GC(1489) Pause Full (Allocation Failure) 7990M->1389M(4224M) 889.541ms
[5644.199s][info][gc,cpu         ] GC(1489) User=4.03s Sys=0.13s Real=0.89s
..[5645.668s][info][gc,start       ] GC(1490) Pause Young (Allocation Failure)
[5645.781s][info][gc,heap        ] GC(1490) PSYoungGen: 2481664K(2637312K)->146710K(2638848K) Eden: 2481664K(2481664K)->0K(2484736K) From: 0K(155648K)->146710K(154112K)
[5645.781s][info][gc,heap        ] GC(1490) ParOldGen: 1422474K(1688064K)->1422474K(1688064K)
[5645.781s][info][gc,metaspace   ] GC(1490) Metaspace: 29143K(29440K)->29143K(29440K) NonClass: 24252K(24384K)->24252K(24384K) Class: 4890K(5056K)->4890K(5056K)
[5645.781s][info][gc             ] GC(1490) Pause Young (Allocation Failure) 3812M->1532M(4225M) 113.679ms
[5645.781s][info][gc,cpu         ] GC(1490) User=0.39s Sys=0.00s Real=0.12s
..[5647.707s][info][gc,start       ] GC(1491) Pause Young (Allocation Failure)
[5647.802s][info][gc,heap        ] GC(1491) PSYoungGen: 2631446K(2638848K)->144672K(2639360K) Eden: 2484736K(2484736K)->0K(2484736K) From: 146710K(154112K)->144672K(154624K)
[5647.802s][info][gc,heap        ] GC(1491) ParOldGen: 1422474K(1688064K)->1514840K(1688064K)
[5647.802s][info][gc,metaspace   ] GC(1491) Metaspace: 29143K(29440K)->29143K(29440K) NonClass: 24252K(24384K)->24252K(24384K) Class: 4890K(5056K)->4890K(5056K)
[5647.802s][info][gc             ] GC(1491) Pause Young (Allocation Failure) 3958M->1620M(4226M) 94.753ms
[5647.802s][info][gc,cpu         ] GC(1491) User=0.57s Sys=0.00s Real=0.10s
..[5649.932s][info][gc,start       ] GC(1492) Pause Young (Allocation Failure)
[5650.040s][info][gc,heap        ] GC(1492) PSYoungGen: 2629408K(2639360K)->154088K(2564096K) Eden: 2484736K(2484736K)->0K(2409984K) From: 144672K(154624K)->154088K(154112K)
[5650.040s][info][gc,heap        ] GC(1492) ParOldGen: 1514840K(1688064K)->1614608K(1688064K)
[5650.040s][info][gc,metaspace   ] GC(1492) Metaspace: 29143K(29440K)->29143K(29440K) NonClass: 24252K(24384K)->24252K(24384K) Class: 4890K(5056K)->4890K(5056K)
[5650.040s][info][gc             ] GC(1492) Pause Young (Allocation Failure) 4047M->1727M(4152M) 107.753ms
[5650.040s][info][gc,cpu         ] GC(1492) User=0.63s Sys=0.01s Real=0.11s
..[5652.022s][info][gc,start       ] GC(1493) Pause Young (Allocation Failure)
[5652.124s][info][gc,heap        ] GC(1493) PSYoungGen: 2564072K(2564096K)->155317K(2603008K) Eden: 2409984K(2409984K)->0K(2409984K) From: 154088K(154112K)->155317K(193024K)
[5652.124s][info][gc,heap        ] GC(1493) ParOldGen: 1614608K(1688064K)->1704856K(1704960K)
[5652.124s][info][gc,metaspace   ] GC(1493) Metaspace: 29143K(29440K)->29143K(29440K) NonClass: 24252K(24384K)->24252K(24384K) Class: 4890K(5056K)->4890K(5056K)
[5652.124s][info][gc             ] GC(1493) Pause Young (Allocation Failure) 4080M->1816M(4207M) 102.239ms
[5652.124s][info][gc,cpu         ] GC(1493) User=0.60s Sys=0.01s Real=0.10s
..[5654.114s][info][gc,start       ] GC(1494) Pause Young (Allocation Failure)
[5654.213s][info][gc,heap        ] GC(1494) PSYoungGen: 2565301K(2603008K)->146816K(2596864K) Eden: 2409984K(2409984K)->0K(2413056K) From: 155317K(193024K)->146816K(183808K)
[5654.213s][info][gc,heap        ] GC(1494) ParOldGen: 1704856K(1704960K)->1794864K(1795072K)
[5654.213s][info][gc,metaspace   ] GC(1494) Metaspace: 29143K(29440K)->29143K(29440K) NonClass: 24252K(24384K)->24252K(24384K) Class: 4890K(5056K)->4890K(5056K)
[5654.213s][info][gc             ] GC(1494) Pause Young (Allocation Failure) 4170M->1896M(4289M) 99.564ms
[5654.213s][info][gc,cpu         ] GC(1494) User=0.55s Sys=0.03s Real=0.10s
..[5656.227s][info][gc,start       ] GC(1495) Pause Young (Allocation Failure)
[5656.329s][info][gc,heap        ] GC(1495) PSYoungGen: 2559872K(2596864K)->145632K(2601472K) Eden: 2413056K(2413056K)->0K(2413056K) From: 146816K(183808K)->145632K(188416K)
[5656.329s][info][gc,heap        ] GC(1495) ParOldGen: 1794864K(1795072K)->1888784K(1889280K)
[5656.329s][info][gc,metaspace   ] GC(1495) Metaspace: 29143K(29440K)->29143K(29440K) NonClass: 24252K(24384K)->24252K(24384K) Class: 4890K(5056K)->4890K(5056K)
[5656.329s][info][gc             ] GC(1495) Pause Young (Allocation Failure) 4252M->1986M(4385M) 102.454ms
[5656.329s][info][gc,cpu         ] GC(1495) User=0.57s Sys=0.03s Real=0.11s
..[5658.354s][info][gc,start       ] GC(1496) Pause Young (Allocation Failure)
[5658.451s][info][gc,heap        ] GC(1496) PSYoungGen: 2558688K(2601472K)->133824K(2606080K) Eden: 2413056K(2413056K)->0K(2420736K) From: 145632K(188416K)->133824K(185344K)
[5658.451s][info][gc,heap        ] GC(1496) ParOldGen: 1888784K(1889280K)->1980480K(1980928K)
[5658.451s][info][gc,metaspace   ] GC(1496) Metaspace: 29143K(29440K)->29143K(29440K) NonClass: 24252K(24384K)->24252K(24384K) Class: 4890K(5056K)->4890K(5056K)
[5658.451s][info][gc             ] GC(1496) Pause Young (Allocation Failure) 4343M->2064M(4479M) 97.169ms
[5658.451s][info][gc,cpu         ] GC(1496) User=0.54s Sys=0.02s Real=0.10s
...[5660.598s][info][gc,start       ] GC(1497) Pause Young (Allocation Failure)
[5660.697s][info][gc,heap        ] GC(1497) PSYoungGen: 2554560K(2606080K)->139008K(2607616K) Eden: 2420736K(2420736K)->0K(2420736K) From: 133824K(185344K)->139008K(186880K)
[5660.697s][info][gc,heap        ] GC(1497) ParOldGen: 1980480K(1980928K)->2070552K(2071040K)
[5660.697s][info][gc,metaspace   ] GC(1497) Metaspace: 29143K(29440K)->29143K(29440K) NonClass: 24252K(24384K)->24252K(24384K) Class: 4890K(5056K)->4890K(5056K)
[5660.697s][info][gc             ] GC(1497) Pause Young (Allocation Failure) 4428M->2157M(4569M) 99.287ms
[5660.697s][info][gc,cpu         ] GC(1497) User=0.55s Sys=0.02s Real=0.10s
..[5662.756s][info][gc,start       ] GC(1498) Pause Young (Allocation Failure)
[5662.857s][info][gc,heap        ] GC(1498) PSYoungGen: 2559744K(2607616K)->144421K(2604544K) Eden: 2420736K(2420736K)->0K(2423296K) From: 139008K(186880K)->144421K(181248K)
[5662.857s][info][gc,heap        ] GC(1498) ParOldGen: 2070552K(2071040K)->2161976K(2162176K)
[5662.857s][info][gc,metaspace   ] GC(1498) Metaspace: 29143K(29440K)->29143K(29440K) NonClass: 24252K(24384K)->24252K(24384K) Class: 4890K(5056K)->4890K(5056K)
[5662.857s][info][gc             ] GC(1498) Pause Young (Allocation Failure) 4521M->2252M(4655M) 100.528ms
[5662.857s][info][gc,cpu         ] GC(1498) User=0.56s Sys=0.03s Real=0.10s
..[5664.856s][info][gc,start       ] GC(1499) Pause Young (Allocation Failure)
[5664.958s][info][gc,heap        ] GC(1499) PSYoungGen: 2567717K(2604544K)->147893K(2607104K) Eden: 2423296K(2423296K)->0K(2423296K) From: 144421K(181248K)->147893K(183808K)
[5664.958s][info][gc,heap        ] GC(1499) ParOldGen: 2161976K(2162176K)->2251864K(2252288K)
[5664.958s][info][gc,metaspace   ] GC(1499) Metaspace: 29143K(29440K)->29143K(29440K) NonClass: 24252K(24384K)->24252K(24384K) Class: 4890K(5056K)->4890K(5056K)
[5664.958s][info][gc             ] GC(1499) Pause Young (Allocation Failure) 4618M->2343M(4745M) 101.905ms
[5664.958s][info][gc,cpu         ] GC(1499) User=0.57s Sys=0.03s Real=0.10s
..[5666.945s][info][gc,start       ] GC(1500) Pause Young (Allocation Failure)
[5667.045s][info][gc,heap        ] GC(1500) PSYoungGen: 2571189K(2607104K)->143552K(2609664K) Eden: 2423296K(2423296K)->0K(2431488K) From: 147893K(183808K)->143552K(178176K)
[5667.045s][info][gc,heap        ] GC(1500) ParOldGen: 2251864K(2252288K)->2345136K(2345472K)
[5667.045s][info][gc,metaspace   ] GC(1500) Metaspace: 29143K(29440K)->29143K(29440K) NonClass: 24252K(24384K)->24252K(24384K) Class: 4890K(5056K)->4890K(5056K)
[5667.045s][info][gc             ] GC(1500) Pause Young (Allocation Failure) 4710M->2430M(4839M) 99.444ms
[5667.045s][info][gc,cpu         ] GC(1500) User=0.55s Sys=0.04s Real=0.10s
..[5669.106s][info][gc,start       ] GC(1501) Pause Young (Allocation Failure)
[5669.210s][info][gc,heap        ] GC(1501) PSYoungGen: 2575040K(2609664K)->153840K(2610688K) Eden: 2431488K(2431488K)->0K(2431488K) From: 143552K(178176K)->153840K(179200K)
[5669.210s][info][gc,heap        ] GC(1501) ParOldGen: 2345136K(2345472K)->2437144K(2437632K)
[5669.210s][info][gc,metaspace   ] GC(1501) Metaspace: 29143K(29440K)->29143K(29440K) NonClass: 24252K(24384K)->24252K(24384K) Class: 4890K(5056K)->4890K(5056K)
[5669.210s][info][gc             ] GC(1501) Pause Young (Allocation Failure) 4804M->2530M(4930M) 104.584ms
[5669.210s][info][gc,cpu         ] GC(1501) User=0.58s Sys=0.04s Real=0.11s
..[5671.234s][info][gc,start       ] GC(1502) Pause Young (Allocation Failure)
[5671.331s][info][gc,heap        ] GC(1502) PSYoungGen: 2585328K(2610688K)->135296K(2616320K) Eden: 2431488K(2431488K)->0K(2438656K) From: 153840K(179200K)->135296K(177664K)
[5671.331s][info][gc,heap        ] GC(1502) ParOldGen: 2437144K(2437632K)->2529224K(2529280K)
[5671.331s][info][gc,metaspace   ] GC(1502) Metaspace: 29143K(29440K)->29143K(29440K) NonClass: 24252K(24384K)->24252K(24384K) Class: 4890K(5056K)->4890K(5056K)
[5671.331s][info][gc             ] GC(1502) Pause Young (Allocation Failure) 4904M->2602M(5025M) 97.154ms
[5671.331s][info][gc,cpu         ] GC(1502) User=0.54s Sys=0.04s Real=0.10s
..[5673.405s][info][gc,start       ] GC(1503) Pause Young (Allocation Failure)
[5673.503s][info][gc,heap        ] GC(1503) PSYoungGen: 2573952K(2616320K)->136576K(2616320K) Eden: 2438656K(2438656K)->0K(2438656K) From: 135296K(177664K)->136576K(177664K)
[5673.503s][info][gc,heap        ] GC(1503) ParOldGen: 2529224K(2529280K)->2619720K(2619904K)
[5673.503s][info][gc,metaspace   ] GC(1503) Metaspace: 29143K(29440K)->29143K(29440K) NonClass: 24252K(24384K)->24252K(24384K) Class: 4890K(5056K)->4890K(5056K)
[5673.503s][info][gc             ] GC(1503) Pause Young (Allocation Failure) 4983M->2691M(5113M) 98.450ms
[5673.503s][info][gc,cpu         ] GC(1503) User=0.54s Sys=0.03s Real=0.10s
...[5675.668s][info][gc,start       ] GC(1504) Pause Young (Allocation Failure)
[5675.769s][info][gc,heap        ] GC(1504) PSYoungGen: 2575232K(2616320K)->143904K(2614272K) Eden: 2438656K(2438656K)->0K(2441728K) From: 136576K(177664K)->143904K(172544K)
[5675.769s][info][gc,heap        ] GC(1504) ParOldGen: 2619720K(2619904K)->2711008K(2711040K)
[5675.769s][info][gc,metaspace   ] GC(1504) Metaspace: 29143K(29440K)->29143K(29440K) NonClass: 24252K(24384K)->24252K(24384K) Class: 4890K(5056K)->4890K(5056K)
[5675.769s][info][gc             ] GC(1504) Pause Young (Allocation Failure) 5073M->2788M(5200M) 101.524ms
[5675.769s][info][gc,cpu         ] GC(1504) User=0.58s Sys=0.02s Real=0.11s
..[5677.665s][info][gc,start       ] GC(1505) Pause Young (Allocation Failure)
[5677.763s][info][gc,heap        ] GC(1505) PSYoungGen: 2585632K(2614272K)->141472K(2615808K) Eden: 2441728K(2441728K)->0K(2441728K) From: 143904K(172544K)->141472K(174080K)
[5677.763s][info][gc,heap        ] GC(1505) ParOldGen: 2711008K(2711040K)->2802024K(2802176K)
[5677.763s][info][gc,metaspace   ] GC(1505) Metaspace: 29143K(29440K)->29143K(29440K) NonClass: 24252K(24384K)->24252K(24384K) Class: 4890K(5056K)->4890K(5056K)
[5677.763s][info][gc             ] GC(1505) Pause Young (Allocation Failure) 5172M->2874M(5291M) 98.451ms
[5677.763s][info][gc,cpu         ] GC(1505) User=0.56s Sys=0.02s Real=0.10s
..[5679.829s][info][gc,start       ] GC(1506) Pause Young (Allocation Failure)
[5679.935s][info][gc,heap        ] GC(1506) PSYoungGen: 2583200K(2615808K)->148792K(2618880K) Eden: 2441728K(2441728K)->0K(2449408K) From: 141472K(174080K)->148792K(169472K)
[5679.935s][info][gc,heap        ] GC(1506) ParOldGen: 2802024K(2802176K)->2894584K(2894848K)
[5679.935s][info][gc,metaspace   ] GC(1506) Metaspace: 29143K(29440K)->29143K(29440K) NonClass: 24252K(24384K)->24252K(24384K) Class: 4890K(5056K)->4890K(5056K)
[5679.935s][info][gc             ] GC(1506) Pause Young (Allocation Failure) 5259M->2972M(5384M) 106.016ms
[5679.935s][info][gc,cpu         ] GC(1506) User=0.59s Sys=0.04s Real=0.10s
..[5681.983s][info][gc,start       ] GC(1507) Pause Young (Allocation Failure)
[5682.084s][info][gc,heap        ] GC(1507) PSYoungGen: 2598200K(2618880K)->144032K(2620416K) Eden: 2449408K(2449408K)->0K(2449408K) From: 148792K(169472K)->144032K(171008K)
[5682.084s][info][gc,heap        ] GC(1507) ParOldGen: 2894584K(2894848K)->2986192K(2986496K)
[5682.084s][info][gc,metaspace   ] GC(1507) Metaspace: 29143K(29440K)->29143K(29440K) NonClass: 24252K(24384K)->24252K(24384K) Class: 4890K(5056K)->4890K(5056K)
[5682.084s][info][gc             ] GC(1507) Pause Young (Allocation Failure) 5364M->3056M(5475M) 100.623ms
[5682.084s][info][gc,cpu         ] GC(1507) User=0.56s Sys=0.03s Real=0.10s
..[5684.128s][info][gc,start       ] GC(1508) Pause Young (Allocation Failure)
[5684.232s][info][gc,heap        ] GC(1508) PSYoungGen: 2593440K(2620416K)->150532K(2623488K) Eden: 2449408K(2449408K)->0K(2456064K) From: 144032K(171008K)->150532K(167424K)
[5684.233s][info][gc,heap        ] GC(1508) ParOldGen: 2986192K(2986496K)->3078336K(3078656K)
[5684.233s][info][gc,metaspace   ] GC(1508) Metaspace: 29143K(29440K)->29143K(29440K) NonClass: 24252K(24384K)->24252K(24384K) Class: 4890K(5056K)->4890K(5056K)
[5684.233s][info][gc             ] GC(1508) Pause Young (Allocation Failure) 5448M->3153M(5568M) 104.680ms
[5684.233s][info][gc,cpu         ] GC(1508) User=0.59s Sys=0.03s Real=0.11s
..[5686.358s][info][gc,start       ] GC(1509) Pause Young (Allocation Failure)
[5686.457s][info][gc,heap        ] GC(1509) PSYoungGen: 2606596K(2623488K)->139492K(2624000K) Eden: 2456064K(2456064K)->0K(2456064K) From: 150532K(167424K)->139492K(167936K)
[5686.457s][info][gc,heap        ] GC(1509) ParOldGen: 3078336K(3078656K)->3170336K(3170816K)
[5686.457s][info][gc,metaspace   ] GC(1509) Metaspace: 29143K(29440K)->29143K(29440K) NonClass: 24252K(24384K)->24252K(24384K) Class: 4890K(5056K)->4890K(5056K)
[5686.457s][info][gc             ] GC(1509) Pause Young (Allocation Failure) 5551M->3232M(5659M) 99.393ms
[5686.457s][info][gc,cpu         ] GC(1509) User=0.54s Sys=0.04s Real=0.10s
..[5688.452s][info][gc,start       ] GC(1510) Pause Young (Allocation Failure)
[5688.550s][info][gc,heap        ] GC(1510) PSYoungGen: 2595556K(2624000K)->139264K(2626048K) Eden: 2456064K(2456064K)->0K(2460672K) From: 139492K(167936K)->139264K(165376K)
[5688.550s][info][gc,heap        ] GC(1510) ParOldGen: 3170336K(3170816K)->3261480K(3261952K)
[5688.550s][info][gc,metaspace   ] GC(1510) Metaspace: 29143K(29440K)->29143K(29440K) NonClass: 24252K(24384K)->24252K(24384K) Class: 4890K(5056K)->4890K(5056K)
[5688.550s][info][gc             ] GC(1510) Pause Young (Allocation Failure) 5630M->3321M(5750M) 97.689ms
[5688.550s][info][gc,cpu         ] GC(1510) User=0.55s Sys=0.03s Real=0.10s
..[5690.575s][info][gc,start       ] GC(1511) Pause Young (Allocation Failure)
[5690.677s][info][gc,heap        ] GC(1511) PSYoungGen: 2599936K(2626048K)->146441K(2627072K) Eden: 2460672K(2460672K)->0K(2460672K) From: 139264K(165376K)->146441K(166400K)
[5690.677s][info][gc,heap        ] GC(1511) ParOldGen: 3261480K(3261952K)->3353392K(3353600K)
[5690.677s][info][gc,metaspace   ] GC(1511) Metaspace: 29143K(29440K)->29143K(29440K) NonClass: 24252K(24384K)->24252K(24384K) Class: 4890K(5056K)->4890K(5056K)
[5690.677s][info][gc             ] GC(1511) Pause Young (Allocation Failure) 5724M->3417M(5840M) 101.676ms
[5690.677s][info][gc,cpu         ] GC(1511) User=0.57s Sys=0.03s Real=0.10s
...[5692.725s][info][gc,start       ] GC(1512) Pause Young (Allocation Failure)
[5692.825s][info][gc,heap        ] GC(1512) PSYoungGen: 2607113K(2627072K)->142240K(2627072K) Eden: 2460672K(2460672K)->0K(2464768K) From: 146441K(166400K)->142240K(162304K)
[5692.825s][info][gc,heap        ] GC(1512) ParOldGen: 3353392K(3353600K)->3445648K(3445760K)
[5692.825s][info][gc,metaspace   ] GC(1512) Metaspace: 29143K(29440K)->29143K(29440K) NonClass: 24252K(24384K)->24252K(24384K) Class: 4890K(5056K)->4890K(5056K)
[5692.825s][info][gc             ] GC(1512) Pause Young (Allocation Failure) 5820M->3503M(5930M) 99.242ms
[5692.825s][info][gc,cpu         ] GC(1512) User=0.56s Sys=0.03s Real=0.10s
..[5694.733s][info][gc,start       ] GC(1513) Pause Young (Allocation Failure)
[5694.841s][info][gc,heap        ] GC(1513) PSYoungGen: 2607008K(2627072K)->154896K(2628096K) Eden: 2464768K(2464768K)->0K(2464768K) From: 142240K(162304K)->154896K(163328K)
[5694.841s][info][gc,heap        ] GC(1513) ParOldGen: 3445648K(3445760K)->3537744K(3537920K)
[5694.841s][info][gc,metaspace   ] GC(1513) Metaspace: 29143K(29440K)->29143K(29440K) NonClass: 24252K(24384K)->24252K(24384K) Class: 4890K(5056K)->4890K(5056K)
[5694.841s][info][gc             ] GC(1513) Pause Young (Allocation Failure) 5910M->3606M(6021M) 107.489ms
[5694.841s][info][gc,cpu         ] GC(1513) User=0.61s Sys=0.03s Real=0.11s
 (rIR:aIR:PR = 9271:9319:9319) (tPR = 137824) [OK] 
  5694s: Performance info:
         Transaction,    Success,    Partial,     Failed,   Receipts, AvgBarcode, 
             Overall,     564283,          0,          0,     536205,      59.47, 
         Response times:
             Request,    Success,    Partial,     Failed,   SkipFail,     Probes,    Samples,      min,      p50,      p90,      p95,      p99,      max, 
       TotalPurchase,     536205,          0,          0,          0,     353737,     401141,      300,     6100,    49000,   101000,   348000,  1500000,
     InStorePurchase,     283144,          0,          0,          0,     186227,     211146,      300,     6000,    48000,    98000,   310000,  1500000,
      OnlinePurchase,     197001,          0,          0,          0,     130190,     147441,      300,     6200,    49000,   103000,   354000,  1500000,
        InstPurchase,      56060,          0,          0,          0,      37320,      42554,      400,     6300,    48000,   105000,   453000,  1100000,
          AssocOfCat,        559,          0,          0,          0,        473,        626,    23000,    44000,    97300,   151300,   460160,   940000,
      AssocOfProduct,       5588,          0,          0,          0,       3987,       4803,      400,     7300,    54000,   106000,   680000,  1500000,
      BusinessReport,       1412,          0,          0,          0,       1213,       1513,    27000,    51000,   128200,   185600,   362860,   524000,
          CustBuyBeh,       5617,          0,          0,          0,       4115,       4853,      200,     5300,    46000,    88000,   286000,   429000,
       ProductReturn,      14902,          0,          0,          0,       9310,      10756,      200,     4500,    42000,    93000,   349150,   910000,

  5694s: (68%)   IR =   9409 ..[5696.968s][info][gc,start       ] GC(1514) Pause Young (Allocation Failure)
[5697.070s][info][gc,heap        ] GC(1514) PSYoungGen: 2619664K(2628096K)->146240K(2630656K) Eden: 2464768K(2464768K)->0K(2467328K) From: 154896K(163328K)->146240K(163328K)
[5697.070s][info][gc,heap        ] GC(1514) ParOldGen: 3537744K(3537920K)->3628896K(3629056K)
[5697.070s][info][gc,metaspace   ] GC(1514) Metaspace: 29143K(29440K)->29143K(29440K) NonClass: 24252K(24384K)->24252K(24384K) Class: 4890K(5056K)->4890K(5056K)
[5697.070s][info][gc             ] GC(1514) Pause Young (Allocation Failure) 6013M->3686M(6113M) 102.351ms
[5697.070s][info][gc,cpu         ] GC(1514) User=0.58s Sys=0.02s Real=0.11s
..[5699.075s][info][gc,start       ] GC(1515) Pause Young (Allocation Failure)
[5699.180s][info][gc,heap        ] GC(1515) PSYoungGen: 2613568K(2630656K)->150996K(2630656K) Eden: 2467328K(2467328K)->0K(2467328K) From: 146240K(163328K)->150996K(163328K)
[5699.180s][info][gc,heap        ] GC(1515) ParOldGen: 3628896K(3629056K)->3723176K(3723264K)
[5699.180s][info][gc,metaspace   ] GC(1515) Metaspace: 29143K(29440K)->29143K(29440K) NonClass: 24252K(24384K)->24252K(24384K) Class: 4890K(5056K)->4890K(5056K)
[5699.180s][info][gc             ] GC(1515) Pause Young (Allocation Failure) 6096M->3783M(6205M) 105.171ms
[5699.180s][info][gc,cpu         ] GC(1515) User=0.60s Sys=0.02s Real=0.11s
..[5701.232s][info][gc,start       ] GC(1516) Pause Young (Allocation Failure)
[5701.337s][info][gc,heap        ] GC(1516) PSYoungGen: 2618324K(2630656K)->150432K(2632704K) Eden: 2467328K(2467328K)->0K(2469376K) From: 150996K(163328K)->150432K(163328K)
[5701.337s][info][gc,heap        ] GC(1516) ParOldGen: 3723176K(3723264K)->3813960K(3814400K)
[5701.337s][info][gc,metaspace   ] GC(1516) Metaspace: 29143K(29440K)->29143K(29440K) NonClass: 24252K(24384K)->24252K(24384K) Class: 4890K(5056K)->4890K(5056K)
[5701.337s][info][gc             ] GC(1516) Pause Young (Allocation Failure) 6192M->3871M(6296M) 105.018ms
[5701.337s][info][gc,cpu         ] GC(1516) User=0.60s Sys=0.03s Real=0.10s
..[5703.396s][info][gc,start       ] GC(1517) Pause Young (Allocation Failure)
[5703.504s][info][gc,heap        ] GC(1517) PSYoungGen: 2619808K(2632704K)->151081K(2620928K) Eden: 2469376K(2469376K)->0K(2469376K) From: 150432K(163328K)->151081K(151552K)
[5703.504s][info][gc,heap        ] GC(1517) ParOldGen: 3813960K(3814400K)->3908040K(3908096K)
[5703.504s][info][gc,metaspace   ] GC(1517) Metaspace: 29143K(29440K)->29143K(29440K) NonClass: 24252K(24384K)->24252K(24384K) Class: 4890K(5056K)->4890K(5056K)
[5703.504s][info][gc             ] GC(1517) Pause Young (Allocation Failure) 6282M->3963M(6376M) 108.269ms
[5703.504s][info][gc,cpu         ] GC(1517) User=0.61s Sys=0.03s Real=0.11s
.|.[5705.664s][info][gc,start       ] GC(1518) Pause Young (Allocation Failure)
[5705.769s][info][gc,heap        ] GC(1518) PSYoungGen: 2620457K(2620928K)->147744K(2633216K) Eden: 2469376K(2469376K)->0K(2470400K) From: 151081K(151552K)->147744K(162816K)
[5705.769s][info][gc,heap        ] GC(1518) ParOldGen: 3908040K(3908096K)->3998072K(3998208K)
[5705.769s][info][gc,metaspace   ] GC(1518) Metaspace: 29143K(29440K)->29143K(29440K) NonClass: 24252K(24384K)->24252K(24384K) Class: 4890K(5056K)->4890K(5056K)
[5705.769s][info][gc             ] GC(1518) Pause Young (Allocation Failure) 6375M->4048M(6476M) 104.540ms
[5705.769s][info][gc,cpu         ] GC(1518) User=0.60s Sys=0.03s Real=0.11s
..[5707.824s][info][gc,start       ] GC(1519) Pause Young (Allocation Failure)
[5707.929s][info][gc,heap        ] GC(1519) PSYoungGen: 2618144K(2633216K)->149088K(2632192K) Eden: 2470400K(2470400K)->0K(2470400K) From: 147744K(162816K)->149088K(161792K)
[5707.929s][info][gc,heap        ] GC(1519) ParOldGen: 3998072K(3998208K)->4091080K(4091392K)
[5707.929s][info][gc,metaspace   ] GC(1519) Metaspace: 29143K(29440K)->29143K(29440K) NonClass: 24252K(24384K)->24252K(24384K) Class: 4890K(5056K)->4890K(5056K)
[5707.929s][info][gc             ] GC(1519) Pause Young (Allocation Failure) 6461M->4140M(6566M) 105.053ms
[5707.929s][info][gc,cpu         ] GC(1519) User=0.60s Sys=0.02s Real=0.11s
...[5709.975s][info][gc,start       ] GC(1520) Pause Young (Allocation Failure)
[5710.082s][info][gc,heap        ] GC(1520) PSYoungGen: 2619488K(2632192K)->155552K(2630656K) Eden: 2470400K(2470400K)->0K(2469888K) From: 149088K(161792K)->155552K(160768K)
[5710.082s][info][gc,heap        ] GC(1520) ParOldGen: 4091080K(4091392K)->4181376K(4181504K)
[5710.082s][info][gc,metaspace   ] GC(1520) Metaspace: 29143K(29440K)->29143K(29440K) NonClass: 24252K(24384K)->24252K(24384K) Class: 4890K(5056K)->4890K(5056K)
[5710.082s][info][gc             ] GC(1520) Pause Young (Allocation Failure) 6553M->4235M(6652M) 107.329ms
[5710.082s][info][gc,cpu         ] GC(1520) User=0.61s Sys=0.02s Real=0.11s
..[5712.151s][info][gc,start       ] GC(1521) Pause Young (Allocation Failure)
[5712.255s][info][gc,heap        ] GC(1521) PSYoungGen: 2625440K(2630656K)->143648K(2632192K) Eden: 2469888K(2469888K)->0K(2469888K) From: 155552K(160768K)->143648K(162304K)
[5712.255s][info][gc,heap        ] GC(1521) ParOldGen: 4181376K(4181504K)->4276768K(4277248K)
[5712.255s][info][gc,metaspace   ] GC(1521) Metaspace: 29143K(29440K)->29143K(29440K) NonClass: 24252K(24384K)->24252K(24384K) Class: 4890K(5056K)->4890K(5056K)
[5712.255s][info][gc             ] GC(1521) Pause Young (Allocation Failure) 6647M->4316M(6747M) 103.433ms
[5712.255s][info][gc,cpu         ] GC(1521) User=0.57s Sys=0.03s Real=0.10s
..[5714.368s][info][gc,start       ] GC(1522) Pause Young (Allocation Failure)
[5714.470s][info][gc,heap        ] GC(1522) PSYoungGen: 2613536K(2632192K)->142704K(2632192K) Eden: 2469888K(2469888K)->0K(2471936K) From: 143648K(162304K)->142704K(160256K)
[5714.470s][info][gc,heap        ] GC(1522) ParOldGen: 4276768K(4277248K)->4367672K(4367872K)
[5714.470s][info][gc,metaspace   ] GC(1522) Metaspace: 29143K(29440K)->29143K(29440K) NonClass: 24252K(24384K)->24252K(24384K) Class: 4890K(5056K)->4890K(5056K)
[5714.470s][info][gc             ] GC(1522) Pause Young (Allocation Failure) 6728M->4404M(6836M) 101.879ms
[5714.470s][info][gc,cpu         ] GC(1522) User=0.58s Sys=0.03s Real=0.11s
..[5716.445s][info][gc,start       ] GC(1523) Pause Young (Allocation Failure)
[5716.549s][info][gc,heap        ] GC(1523) PSYoungGen: 2614640K(2632192K)->145680K(2633216K) Eden: 2471936K(2471936K)->0K(2471936K) From: 142704K(160256K)->145680K(161280K)
[5716.549s][info][gc,heap        ] GC(1523) ParOldGen: 4367672K(4367872K)->4459824K(4460032K)
[5716.549s][info][gc,metaspace   ] GC(1523) Metaspace: 29143K(29440K)->29143K(29440K) NonClass: 24252K(24384K)->24252K(24384K) Class: 4890K(5056K)->4890K(5056K)
[5716.549s][info][gc             ] GC(1523) Pause Young (Allocation Failure) 6818M->4497M(6927M) 103.139ms
[5716.549s][info][gc,cpu         ] GC(1523) User=0.58s Sys=0.02s Real=0.11s
..[5718.637s][info][gc,start       ] GC(1524) Pause Young (Allocation Failure)
[5718.743s][info][gc,heap        ] GC(1524) PSYoungGen: 2617616K(2633216K)->144736K(2633728K) Eden: 2471936K(2471936K)->0K(2474496K) From: 145680K(161280K)->144736K(159232K)
[5718.743s][info][gc,heap        ] GC(1524) ParOldGen: 4459824K(4460032K)->4553888K(4554240K)
[5718.743s][info][gc,metaspace   ] GC(1524) Metaspace: 29143K(29440K)->29143K(29440K) NonClass: 24252K(24384K)->24252K(24384K) Class: 4890K(5056K)->4890K(5056K)
[5718.743s][info][gc             ] GC(1524) Pause Young (Allocation Failure) 6911M->4588M(7019M) 105.907ms
[5718.743s][info][gc,cpu         ] GC(1524) User=0.60s Sys=0.03s Real=0.11s
..[5720.821s][info][gc,start       ] GC(1525) Pause Young (Allocation Failure)
[5720.925s][info][gc,heap        ] GC(1525) PSYoungGen: 2619232K(2633728K)->146528K(2634240K) Eden: 2474496K(2474496K)->0K(2474496K) From: 144736K(159232K)->146528K(159744K)
[5720.925s][info][gc,heap        ] GC(1525) ParOldGen: 4553888K(4554240K)->4644032K(4644352K)
[5720.925s][info][gc,metaspace   ] GC(1525) Metaspace: 29143K(29440K)->29143K(29440K) NonClass: 24252K(24384K)->24252K(24384K) Class: 4890K(5056K)->4890K(5056K)
[5720.925s][info][gc             ] GC(1525) Pause Young (Allocation Failure) 7005M->4678M(7108M) 103.839ms
[5720.925s][info][gc,cpu         ] GC(1525) User=0.59s Sys=0.03s Real=0.10s
..[5722.961s][info][gc,start       ] GC(1526) Pause Young (Allocation Failure)
[5723.068s][info][gc,heap        ] GC(1526) PSYoungGen: 2621024K(2634240K)->153877K(2633728K) Eden: 2474496K(2474496K)->0K(2475520K) From: 146528K(159744K)->153877K(158208K)
[5723.068s][info][gc,heap        ] GC(1526) ParOldGen: 4644032K(4644352K)->4735568K(4736000K)
[5723.068s][info][gc,metaspace   ] GC(1526) Metaspace: 29143K(29440K)->29143K(29440K) NonClass: 24252K(24384K)->24252K(24384K) Class: 4890K(5056K)->4890K(5056K)
[5723.068s][info][gc             ] GC(1526) Pause Young (Allocation Failure) 7094M->4774M(7197M) 107.556ms
[5723.068s][info][gc,cpu         ] GC(1526) User=0.61s Sys=0.03s Real=0.10s
..[5725.086s][info][gc,start       ] GC(1527) Pause Young (Allocation Failure)
[5725.191s][info][gc,heap        ] GC(1527) PSYoungGen: 2629397K(2633728K)->151379K(2635264K) Eden: 2475520K(2475520K)->0K(2475520K) From: 153877K(158208K)->151379K(159744K)
[5725.191s][info][gc,heap        ] GC(1527) ParOldGen: 4735568K(4736000K)->4827320K(4827648K)
[5725.191s][info][gc,metaspace   ] GC(1527) Metaspace: 29143K(29440K)->29143K(29440K) NonClass: 24252K(24384K)->24252K(24384K) Class: 4890K(5056K)->4890K(5056K)
[5725.191s][info][gc             ] GC(1527) Pause Young (Allocation Failure) 7192M->4862M(7288M) 105.580ms
[5725.191s][info][gc,cpu         ] GC(1527) User=0.60s Sys=0.02s Real=0.11s
...[5727.264s][info][gc,start       ] GC(1528) Pause Young (Allocation Failure)
[5727.366s][info][gc,heap        ] GC(1528) PSYoungGen: 2626899K(2635264K)->142340K(2636288K) Eden: 2475520K(2475520K)->0K(2476544K) From: 151379K(159744K)->142340K(159744K)
[5727.366s][info][gc,heap        ] GC(1528) ParOldGen: 4827320K(4827648K)->4919744K(4919808K)
[5727.366s][info][gc,metaspace   ] GC(1528) Metaspace: 29143K(29440K)->29143K(29440K) NonClass: 24252K(24384K)->24252K(24384K) Class: 4890K(5056K)->4890K(5056K)
[5727.366s][info][gc             ] GC(1528) Pause Young (Allocation Failure) 7279M->4943M(7379M) 102.924ms
[5727.366s][info][gc,cpu         ] GC(1528) User=0.57s Sys=0.03s Real=0.10s
..[5729.498s][info][gc,start       ] GC(1529) Pause Young (Allocation Failure)
[5729.603s][info][gc,heap        ] GC(1529) PSYoungGen: 2618884K(2636288K)->145616K(2622464K) Eden: 2476544K(2476544K)->0K(2476544K) From: 142340K(159744K)->145616K(145920K)
[5729.603s][info][gc,heap        ] GC(1529) ParOldGen: 4919744K(4919808K)->5011624K(5011968K)
[5729.603s][info][gc,metaspace   ] GC(1529) Metaspace: 29143K(29440K)->29143K(29440K) NonClass: 24252K(24384K)->24252K(24384K) Class: 4890K(5056K)->4890K(5056K)
[5729.603s][info][gc             ] GC(1529) Pause Young (Allocation Failure) 7361M->5036M(7455M) 104.642ms
[5729.603s][info][gc,cpu         ] GC(1529) User=0.59s Sys=0.03s Real=0.11s
..[5731.702s][info][gc,start       ] GC(1530) Pause Young (Allocation Failure)
[5731.813s][info][gc,heap        ] GC(1530) PSYoungGen: 2622160K(2622464K)->150389K(2635264K) Eden: 2476544K(2476544K)->0K(2476544K) From: 145616K(145920K)->150389K(158720K)
[5731.813s][info][gc,heap        ] GC(1530) ParOldGen: 5011624K(5011968K)->5106304K(5106688K)
[5731.813s][info][gc,metaspace   ] GC(1530) Metaspace: 29143K(29440K)->29143K(29440K) NonClass: 24252K(24384K)->24252K(24384K) Class: 4890K(5056K)->4890K(5056K)
[5731.813s][info][gc             ] GC(1530) Pause Young (Allocation Failure) 7454M->5133M(7560M) 110.247ms
[5731.813s][info][gc,cpu         ] GC(1530) User=0.62s Sys=0.03s Real=0.11s
..[5733.816s][info][gc,start       ] GC(1531) Pause Young (Allocation Failure)
[5733.922s][info][gc,heap        ] GC(1531) PSYoungGen: 2626933K(2635264K)->148818K(2635264K) Eden: 2476544K(2476544K)->0K(2476544K) From: 150389K(158720K)->148818K(158720K)
[5733.922s][info][gc,heap        ] GC(1531) ParOldGen: 5106304K(5106688K)->5196192K(5196288K)
[5733.922s][info][gc,metaspace   ] GC(1531) Metaspace: 29143K(29440K)->29143K(29440K) NonClass: 24252K(24384K)->24252K(24384K) Class: 4890K(5056K)->4890K(5056K)
[5733.922s][info][gc             ] GC(1531) Pause Young (Allocation Failure) 7551M->5219M(7648M) 106.049ms
[5733.922s][info][gc,cpu         ] GC(1531) User=0.59s Sys=0.02s Real=0.11s
..[5736.036s][info][gc,start       ] GC(1532) Pause Young (Allocation Failure)
[5736.140s][info][gc,heap        ] GC(1532) PSYoungGen: 2625362K(2635264K)->146642K(2635776K) Eden: 2476544K(2476544K)->0K(2479104K) From: 148818K(158720K)->146642K(156672K)
[5736.140s][info][gc,heap        ] GC(1532) ParOldGen: 5196192K(5196288K)->5288752K(5288960K)
[5736.140s][info][gc,metaspace   ] GC(1532) Metaspace: 29143K(29440K)->29143K(29440K) NonClass: 24252K(24384K)->24252K(24384K) Class: 4890K(5056K)->4890K(5056K)
[5736.140s][info][gc             ] GC(1532) Pause Young (Allocation Failure) 7638M->5308M(7739M) 104.552ms
[5736.140s][info][gc,cpu         ] GC(1532) User=0.58s Sys=0.03s Real=0.11s
..[5738.226s][info][gc,start       ] GC(1533) Pause Young (Allocation Failure)
[5738.330s][info][gc,heap        ] GC(1533) PSYoungGen: 2625746K(2635776K)->144464K(2636288K) Eden: 2479104K(2479104K)->0K(2479104K) From: 146642K(156672K)->144464K(157184K)
[5738.330s][info][gc,heap        ] GC(1533) ParOldGen: 5288752K(5288960K)->5379832K(5380096K)
[5738.330s][info][gc,metaspace   ] GC(1533) Metaspace: 29143K(29440K)->29143K(29440K) NonClass: 24252K(24384K)->24252K(24384K) Class: 4890K(5056K)->4890K(5056K)
[5738.330s][info][gc             ] GC(1533) Pause Young (Allocation Failure) 7729M->5394M(7828M) 103.214ms
[5738.330s][info][gc,cpu         ] GC(1533) User=0.58s Sys=0.03s Real=0.11s
..[5740.319s][info][gc,start       ] GC(1534) Pause Young (Allocation Failure)
[5740.418s][info][gc,heap        ] GC(1534) PSYoungGen: 2623568K(2636288K)->138080K(2637824K) Eden: 2479104K(2479104K)->0K(2480640K) From: 144464K(157184K)->138080K(157184K)
[5740.418s][info][gc,heap        ] GC(1534) ParOldGen: 5379832K(5380096K)->5471528K(5471744K)
[5740.418s][info][gc,metaspace   ] GC(1534) Metaspace: 29143K(29440K)->29143K(29440K) NonClass: 24252K(24384K)->24252K(24384K) Class: 4890K(5056K)->4890K(5056K)
[5740.418s][info][gc             ] GC(1534) Pause Young (Allocation Failure) 7815M->5478M(7919M) 99.146ms
[5740.418s][info][gc,cpu         ] GC(1534) User=0.56s Sys=0.03s Real=0.10s
...[5742.488s][info][gc,start       ] GC(1535) Pause Young (Allocation Failure)
[5742.594s][info][gc,heap        ] GC(1535) PSYoungGen: 2618720K(2637824K)->145940K(2627072K) Eden: 2480640K(2480640K)->0K(2480640K) From: 138080K(157184K)->145940K(146432K)
[5742.594s][info][gc,heap        ] GC(1535) ParOldGen: 5471528K(5471744K)->5564448K(5564928K)
[5742.594s][info][gc,metaspace   ] GC(1535) Metaspace: 29143K(29440K)->29143K(29440K) NonClass: 24252K(24384K)->24252K(24384K) Class: 4890K(5056K)->4890K(5056K)
[5742.594s][info][gc             ] GC(1535) Pause Young (Allocation Failure) 7900M->5576M(8000M) 106.648ms
[5742.594s][info][gc,cpu         ] GC(1535) User=0.60s Sys=0.03s Real=0.11s
..[5744.535s][info][gc,start       ] GC(1536) Pause Full (Allocation Failure)
[5744.535s][info][gc,phases,start] GC(1536) Marking Phase
[5744.825s][info][gc,phases      ] GC(1536) Marking Phase 289.201ms
[5744.825s][info][gc,phases,start] GC(1536) Summary Phase
[5744.825s][info][gc,phases      ] GC(1536) Summary Phase 0.093ms
[5744.825s][info][gc,phases,start] GC(1536) Forward
[5744.957s][info][gc,phases      ] GC(1536) Forward 132.103ms
[5744.957s][info][gc,phases,start] GC(1536) Adjust Pointers
[5745.154s][info][gc,phases      ] GC(1536) Adjust Pointers 197.352ms
[5745.154s][info][gc,phases,start] GC(1536) Compaction Phase
[5745.281s][info][gc,phases      ] GC(1536) Compaction Phase 126.413ms
[5745.282s][info][gc,phases,start] GC(1536) Post Compact
[5745.289s][info][gc,phases      ] GC(1536) Post Compact 6.884ms
[5745.427s][info][gc,heap        ] GC(1536) PSYoungGen: 2626580K(2627072K)->0K(2637824K) Eden: 2480640K(2480640K)->0K(2481152K) From: 145940K(146432K)->0K(156672K)
[5745.427s][info][gc,heap        ] GC(1536) ParOldGen: 5564448K(5564928K)->1422791K(1693696K)
[5745.427s][info][gc,metaspace   ] GC(1536) Metaspace: 29143K(29440K)->29143K(29440K) NonClass: 24252K(24384K)->24252K(24384K) Class: 4890K(5056K)->4890K(5056K)
[5745.427s][info][gc             ] GC(1536) Pause Full (Allocation Failure) 7999M->1389M(4230M) 891.998ms
[5745.428s][info][gc,cpu         ] GC(1536) User=4.01s Sys=0.14s Real=0.89s
..[5746.885s][info][gc,start       ] GC(1537) Pause Young (Allocation Failure)
[5746.955s][info][gc,heap        ] GC(1537) PSYoungGen: 2481152K(2637824K)->156640K(2637824K) Eden: 2481152K(2481152K)->0K(2481152K) From: 0K(156672K)->156640K(156672K)
[5746.955s][info][gc,heap        ] GC(1537) ParOldGen: 1422791K(1693696K)->1422791K(1693696K)
[5746.955s][info][gc,metaspace   ] GC(1537) Metaspace: 29143K(29440K)->29143K(29440K) NonClass: 24252K(24384K)->24252K(24384K) Class: 4890K(5056K)->4890K(5056K)
[5746.955s][info][gc             ] GC(1537) Pause Young (Allocation Failure) 3812M->1542M(4230M) 69.741ms
[5746.955s][info][gc,cpu         ] GC(1537) User=0.41s Sys=0.00s Real=0.07s
..[5748.908s][info][gc,start       ] GC(1538) Pause Young (Allocation Failure)
[5749.004s][info][gc,heap        ] GC(1538) PSYoungGen: 2637792K(2637824K)->146832K(2637824K) Eden: 2481152K(2481152K)->0K(2479616K) From: 156640K(156672K)->146832K(158208K)
[5749.004s][info][gc,heap        ] GC(1538) ParOldGen: 1422791K(1693696K)->1517159K(1693696K)
[5749.004s][info][gc,metaspace   ] GC(1538) Metaspace: 29143K(29440K)->29143K(29440K) NonClass: 24252K(24384K)->24252K(24384K) Class: 4890K(5056K)->4890K(5056K)
[5749.004s][info][gc             ] GC(1538) Pause Young (Allocation Failure) 3965M->1624M(4230M) 96.621ms
[5749.004s][info][gc,cpu         ] GC(1538) User=0.56s Sys=0.00s Real=0.10s
..[5751.104s][info][gc,start       ] GC(1539) Pause Young (Allocation Failure)
[5751.204s][info][gc,heap        ] GC(1539) PSYoungGen: 2626448K(2637824K)->152736K(2632704K) Eden: 2479616K(2479616K)->0K(2479616K) From: 146832K(158208K)->152736K(153088K)
[5751.204s][info][gc,heap        ] GC(1539) ParOldGen: 1517159K(1693696K)->1608279K(1693696K)
[5751.204s][info][gc,metaspace   ] GC(1539) Metaspace: 29143K(29440K)->29143K(29440K) NonClass: 24252K(24384K)->24252K(24384K) Class: 4890K(5056K)->4890K(5056K)
[5751.204s][info][gc             ] GC(1539) Pause Young (Allocation Failure) 4046M->1719M(4225M) 99.826ms
[5751.204s][info][gc,cpu         ] GC(1539) User=0.59s Sys=0.01s Real=0.10s
..[5753.275s][info][gc,start       ] GC(1540) Pause Young (Allocation Failure)
[5753.372s][info][gc,heap        ] GC(1540) PSYoungGen: 2632352K(2632704K)->145157K(2637312K) Eden: 2479616K(2479616K)->0K(2478080K) From: 152736K(153088K)->145157K(159232K)
[5753.372s][info][gc,heap        ] GC(1540) ParOldGen: 1608279K(1693696K)->1700199K(1700352K)
[5753.372s][info][gc,metaspace   ] GC(1540) Metaspace: 29143K(29440K)->29143K(29440K) NonClass: 24252K(24384K)->24252K(24384K) Class: 4890K(5056K)->4890K(5056K)
[5753.372s][info][gc             ] GC(1540) Pause Young (Allocation Failure) 4141M->1802M(4236M) 97.353ms
[5753.372s][info][gc,cpu         ] GC(1540) User=0.57s Sys=0.01s Real=0.10s
..[5755.358s][info][gc,start       ] GC(1541) Pause Young (Allocation Failure)
[5755.461s][info][gc,heap        ] GC(1541) PSYoungGen: 2623237K(2637312K)->150197K(2636800K) Eden: 2478080K(2478080K)->0K(2478080K) From: 145157K(159232K)->150197K(158720K)
[5755.461s][info][gc,heap        ] GC(1541) ParOldGen: 1700199K(1700352K)->1791399K(1791488K)
[5755.461s][info][gc,metaspace   ] GC(1541) Metaspace: 29143K(29440K)->29143K(29440K) NonClass: 24252K(24384K)->24252K(24384K) Class: 4890K(5056K)->4890K(5056K)
[5755.461s][info][gc             ] GC(1541) Pause Young (Allocation Failure) 4222M->1896M(4324M) 103.402ms
[5755.461s][info][gc,cpu         ] GC(1541) User=0.58s Sys=0.03s Real=0.11s
..[5757.394s][info][gc,start       ] GC(1542) Pause Young (Allocation Failure)
[5757.495s][info][gc,heap        ] GC(1542) PSYoungGen: 2628277K(2636800K)->142404K(2636800K) Eden: 2478080K(2478080K)->0K(2478592K) From: 150197K(158720K)->142404K(158208K)
[5757.495s][info][gc,heap        ] GC(1542) ParOldGen: 1791399K(1791488K)->1886383K(1886720K)
[5757.495s][info][gc,metaspace   ] GC(1542) Metaspace: 29143K(29440K)->29143K(29440K) NonClass: 24252K(24384K)->24252K(24384K) Class: 4890K(5056K)->4890K(5056K)
[5757.495s][info][gc             ] GC(1542) Pause Young (Allocation Failure) 4316M->1981M(4417M) 100.708ms
[5757.495s][info][gc,cpu         ] GC(1542) User=0.57s Sys=0.02s Real=0.10s
..[5759.584s][info][gc,start       ] GC(1543) Pause Young (Allocation Failure)
[5759.683s][info][gc,heap        ] GC(1543) PSYoungGen: 2620996K(2636800K)->146880K(2636800K) Eden: 2478592K(2478592K)->0K(2478592K) From: 142404K(158208K)->146880K(158208K)
[5759.684s][info][gc,heap        ] GC(1543) ParOldGen: 1886383K(1886720K)->1977007K(1977344K)
[5759.684s][info][gc,metaspace   ] GC(1543) Metaspace: 29143K(29440K)->29143K(29440K) NonClass: 24252K(24384K)->24252K(24384K) Class: 4890K(5056K)->4890K(5056K)
[5759.684s][info][gc             ] GC(1543) Pause Young (Allocation Failure) 4401M->2074M(4506M) 99.898ms
[5759.684s][info][gc,cpu         ] GC(1543) User=0.57s Sys=0.02s Real=0.10s
...[5761.728s][info][gc,start       ] GC(1544) Pause Young (Allocation Failure)
[5761.826s][info][gc,heap        ] GC(1544) PSYoungGen: 2625472K(2636800K)->144544K(2637312K) Eden: 2478592K(2478592K)->0K(2480128K) From: 146880K(158208K)->144544K(157184K)
[5761.826s][info][gc,heap        ] GC(1544) ParOldGen: 1977007K(1977344K)->2069519K(2070016K)
[5761.826s][info][gc,metaspace   ] GC(1544) Metaspace: 29143K(29440K)->29143K(29440K) NonClass: 24252K(24384K)->24252K(24384K) Class: 4890K(5056K)->4890K(5056K)
[5761.826s][info][gc             ] GC(1544) Pause Young (Allocation Failure) 4494M->2162M(4597M) 98.910ms
[5761.827s][info][gc,cpu         ] GC(1544) User=0.57s Sys=0.02s Real=0.10s
..[5763.960s][info][gc,start       ] GC(1545) Pause Young (Allocation Failure)
[5764.059s][info][gc,heap        ] GC(1545) PSYoungGen: 2624672K(2637312K)->144480K(2636800K) Eden: 2480128K(2480128K)->0K(2480128K) From: 144544K(157184K)->144480K(156672K)
[5764.059s][info][gc,heap        ] GC(1545) ParOldGen: 2069519K(2070016K)->2161887K(2162176K)
[5764.059s][info][gc,metaspace   ] GC(1545) Metaspace: 29143K(29440K)->29143K(29440K) NonClass: 24252K(24384K)->24252K(24384K) Class: 4890K(5056K)->4890K(5056K)
[5764.059s][info][gc             ] GC(1545) Pause Young (Allocation Failure) 4584M->2252M(4686M) 99.033ms
[5764.059s][info][gc,cpu         ] GC(1545) User=0.56s Sys=0.03s Real=0.10s
. (rIR:aIR:PR = 9409:9392:9392) (tPR = 138514) [OK] 
  5764s: Performance info:
         Transaction,    Success,    Partial,     Failed,   Receipts, AvgBarcode, 
             Overall,     570904,          0,          0,     542562,      59.47, 
         Response times:
             Request,    Success,    Partial,     Failed,   SkipFail,     Probes,    Samples,      min,      p50,      p90,      p95,      p99,      max, 
       TotalPurchase,     542287,          0,          0,          0,     355049,     419642,      200,     6400,    55000,    92000,   491000,   920000,
     InStorePurchase,     287727,          0,          0,          0,     186220,     220058,      200,     6500,    56000,    93000,   494000,   900000,
      OnlinePurchase,     197035,          0,          0,          0,     131187,     155293,      300,     6300,    54000,    91000,   489000,   920000,
        InstPurchase,      57525,          0,          0,          0,      37642,      44291,      400,     6100,    53000,    91000,   446000,   900000,
          AssocOfCat,        578,          0,          0,          0,        475,        637,    22000,    41000,   106200,   147200,   473200,   513000,
      AssocOfProduct,       5762,          0,          0,          0,       4091,       5065,      500,     7000,    55400,    99700,   417000,   900000,
      BusinessReport,       1425,          0,          0,          0,       1248,       1653,    28000,    52000,   113000,   151300,   518000,   519000,
          CustBuyBeh,       5680,          0,          0,          0,       4156,       5100,      200,     7100,    63000,   105000,   528970,   558000,
       ProductReturn,      15149,          0,          0,          0,       9706,      11564,      200,     6700,    59000,    94000,   526000,   558000,

  5764s: (69%)   IR =   9548 .[5766.102s][info][gc,start       ] GC(1546) Pause Young (Allocation Failure)
[5766.208s][info][gc,heap        ] GC(1546) PSYoungGen: 2624608K(2636800K)->154448K(2635776K) Eden: 2480128K(2480128K)->0K(2479616K) From: 144480K(156672K)->154448K(156160K)
[5766.208s][info][gc,heap        ] GC(1546) ParOldGen: 2161887K(2162176K)->2253287K(2253312K)
[5766.208s][info][gc,metaspace   ] GC(1546) Metaspace: 29143K(29440K)->29143K(29440K) NonClass: 24252K(24384K)->24252K(24384K) Class: 4890K(5056K)->4890K(5056K)
[5766.208s][info][gc             ] GC(1546) Pause Young (Allocation Failure) 4674M->2351M(4774M) 105.587ms
[5766.208s][info][gc,cpu         ] GC(1546) User=0.59s Sys=0.03s Real=0.10s
..[5768.193s][info][gc,start       ] GC(1547) Pause Young (Allocation Failure)
[5768.296s][info][gc,heap        ] GC(1547) PSYoungGen: 2634064K(2635776K)->147872K(2637824K) Eden: 2479616K(2479616K)->0K(2479616K) From: 154448K(156160K)->147872K(158208K)
[5768.296s][info][gc,heap        ] GC(1547) ParOldGen: 2253287K(2253312K)->2347991K(2348032K)
[5768.296s][info][gc,metaspace   ] GC(1547) Metaspace: 29143K(29440K)->29143K(29440K) NonClass: 24252K(24384K)->24252K(24384K) Class: 4890K(5056K)->4890K(5056K)
[5768.296s][info][gc             ] GC(1547) Pause Young (Allocation Failure) 4772M->2437M(4869M) 103.225ms
[5768.296s][info][gc,cpu         ] GC(1547) User=0.59s Sys=0.02s Real=0.10s
..[5770.290s][info][gc,start       ] GC(1548) Pause Young (Allocation Failure)
[5770.390s][info][gc,heap        ] GC(1548) PSYoungGen: 2627488K(2637824K)->142128K(2636800K) Eden: 2479616K(2479616K)->0K(2480640K) From: 147872K(158208K)->142128K(156160K)
[5770.390s][info][gc,heap        ] GC(1548) ParOldGen: 2347991K(2348032K)->2440007K(2440192K)
[5770.390s][info][gc,metaspace   ] GC(1548) Metaspace: 29143K(29440K)->29143K(29440K) NonClass: 24252K(24384K)->24252K(24384K) Class: 4890K(5056K)->4890K(5056K)
[5770.390s][info][gc             ] GC(1548) Pause Young (Allocation Failure) 4858M->2521M(4958M) 100.090ms
[5770.390s][info][gc,cpu         ] GC(1548) User=0.58s Sys=0.01s Real=0.10s
..[5772.565s][info][gc,start       ] GC(1549) Pause Young (Allocation Failure)
[5772.664s][info][gc,heap        ] GC(1549) PSYoungGen: 2622768K(2636800K)->142848K(2637824K) Eden: 2480640K(2480640K)->0K(2480640K) From: 142128K(156160K)->142848K(157184K)
[5772.665s][info][gc,heap        ] GC(1549) ParOldGen: 2440007K(2440192K)->2531319K(2531328K)
[5772.665s][info][gc,metaspace   ] GC(1549) Metaspace: 29143K(29440K)->29143K(29440K) NonClass: 24252K(24384K)->24252K(24384K) Class: 4890K(5056K)->4890K(5056K)
[5772.665s][info][gc             ] GC(1549) Pause Young (Allocation Failure) 4944M->2611M(5048M) 99.838ms
[5772.665s][info][gc,cpu         ] GC(1549) User=0.55s Sys=0.03s Real=0.10s
..[5774.663s][info][gc,start       ] GC(1550) Pause Young (Allocation Failure)
[5774.762s][info][gc,heap        ] GC(1550) PSYoungGen: 2623488K(2637824K)->142592K(2637824K) Eden: 2480640K(2480640K)->0K(2481664K) From: 142848K(157184K)->142592K(156160K)
[5774.762s][info][gc,heap        ] GC(1550) ParOldGen: 2531319K(2531328K)->2624047K(2624512K)
[5774.762s][info][gc,metaspace   ] GC(1550) Metaspace: 29143K(29440K)->29143K(29440K) NonClass: 24252K(24384K)->24252K(24384K) Class: 4890K(5056K)->4890K(5056K)
[5774.762s][info][gc             ] GC(1550) Pause Young (Allocation Failure) 5033M->2701M(5139M) 99.318ms
[5774.762s][info][gc,cpu         ] GC(1550) User=0.56s Sys=0.03s Real=0.10s
..[5776.734s][info][gc,start       ] GC(1551) Pause Young (Allocation Failure)
[5776.833s][info][gc,heap        ] GC(1551) PSYoungGen: 2624256K(2637824K)->140704K(2638336K) Eden: 2481664K(2481664K)->0K(2481664K) From: 142592K(156160K)->140704K(156672K)
[5776.833s][info][gc,heap        ] GC(1551) ParOldGen: 2624047K(2624512K)->2716479K(2716672K)
[5776.833s][info][gc,metaspace   ] GC(1551) Metaspace: 29143K(29440K)->29143K(29440K) NonClass: 24252K(24384K)->24252K(24384K) Class: 4890K(5056K)->4890K(5056K)
[5776.833s][info][gc             ] GC(1551) Pause Young (Allocation Failure) 5125M->2790M(5229M) 98.407ms
[5776.833s][info][gc,cpu         ] GC(1551) User=0.55s Sys=0.03s Real=0.10s
..|[5778.807s][info][gc,start       ] GC(1552) Pause Young (Allocation Failure)
[5778.911s][info][gc,heap        ] GC(1552) PSYoungGen: 2622368K(2638336K)->146400K(2637312K) Eden: 2481664K(2481664K)->0K(2482688K) From: 140704K(156672K)->146400K(154624K)
[5778.911s][info][gc,heap        ] GC(1552) ParOldGen: 2716479K(2716672K)->2807655K(2807808K)
[5778.911s][info][gc,metaspace   ] GC(1552) Metaspace: 29143K(29440K)->29143K(29440K) NonClass: 24252K(24384K)->24252K(24384K) Class: 4890K(5056K)->4890K(5056K)
[5778.911s][info][gc             ] GC(1552) Pause Young (Allocation Failure) 5213M->2884M(5317M) 103.882ms
[5778.911s][info][gc,cpu         ] GC(1552) User=0.58s Sys=0.03s Real=0.11s
..[5780.974s][info][gc,start       ] GC(1553) Pause Young (Allocation Failure)
[5781.078s][info][gc,heap        ] GC(1553) PSYoungGen: 2629088K(2637312K)->152336K(2638336K) Eden: 2482688K(2482688K)->0K(2482688K) From: 146400K(154624K)->152336K(155648K)
[5781.078s][info][gc,heap        ] GC(1553) ParOldGen: 2807655K(2807808K)->2900607K(2900992K)
[5781.078s][info][gc,metaspace   ] GC(1553) Metaspace: 29143K(29440K)->29143K(29440K) NonClass: 24252K(24384K)->24252K(24384K) Class: 4890K(5056K)->4890K(5056K)
[5781.078s][info][gc             ] GC(1553) Pause Young (Allocation Failure) 5309M->2981M(5409M) 103.930ms
[5781.078s][info][gc,cpu         ] GC(1553) User=0.59s Sys=0.03s Real=0.10s
..[5783.040s][info][gc,start       ] GC(1554) Pause Young (Allocation Failure)
[5783.147s][info][gc,heap        ] GC(1554) PSYoungGen: 2635024K(2638336K)->155568K(2633728K) Eden: 2482688K(2482688K)->0K(2476544K) From: 152336K(155648K)->155568K(157184K)
[5783.147s][info][gc,heap        ] GC(1554) ParOldGen: 2900607K(2900992K)->2992031K(2992128K)
[5783.147s][info][gc,metaspace   ] GC(1554) Metaspace: 29143K(29440K)->29143K(29440K) NonClass: 24252K(24384K)->24252K(24384K) Class: 4890K(5056K)->4890K(5056K)
[5783.147s][info][gc             ] GC(1554) Pause Young (Allocation Failure) 5405M->3073M(5494M) 106.389ms
[5783.147s][info][gc,cpu         ] GC(1554) User=0.60s Sys=0.03s Real=0.10s
...[5785.220s][info][gc,start       ] GC(1555) Pause Young (Allocation Failure)
[5785.322s][info][gc,heap        ] GC(1555) PSYoungGen: 2632112K(2633728K)->146180K(2636288K) Eden: 2476544K(2476544K)->0K(2476544K) From: 155568K(157184K)->146180K(159744K)
[5785.322s][info][gc,heap        ] GC(1555) ParOldGen: 2992031K(2992128K)->3087015K(3087360K)
[5785.322s][info][gc,metaspace   ] GC(1555) Metaspace: 29143K(29440K)->29143K(29440K) NonClass: 24252K(24384K)->24252K(24384K) Class: 4890K(5056K)->4890K(5056K)
[5785.322s][info][gc             ] GC(1555) Pause Young (Allocation Failure) 5492M->3157M(5589M) 101.859ms
[5785.322s][info][gc,cpu         ] GC(1555) User=0.58s Sys=0.03s Real=0.10s
..[5787.356s][info][gc,start       ] GC(1556) Pause Young (Allocation Failure)
[5787.455s][info][gc,heap        ] GC(1556) PSYoungGen: 2622724K(2636288K)->140288K(2635264K) Eden: 2476544K(2476544K)->0K(2477568K) From: 146180K(159744K)->140288K(157696K)
[5787.455s][info][gc,heap        ] GC(1556) ParOldGen: 3087015K(3087360K)->3178311K(3178496K)
[5787.455s][info][gc,metaspace   ] GC(1556) Metaspace: 29143K(29440K)->29143K(29440K) NonClass: 24252K(24384K)->24252K(24384K) Class: 4890K(5056K)->4890K(5056K)
[5787.455s][info][gc             ] GC(1556) Pause Young (Allocation Failure) 5575M->3240M(5677M) 99.137ms
[5787.455s][info][gc,cpu         ] GC(1556) User=0.57s Sys=0.02s Real=0.10s
..[5789.510s][info][gc,start       ] GC(1557) Pause Young (Allocation Failure)
[5789.618s][info][gc,heap        ] GC(1557) PSYoungGen: 2617856K(2635264K)->156117K(2633728K) Eden: 2477568K(2477568K)->0K(2477568K) From: 140288K(157696K)->156117K(156160K)
[5789.618s][info][gc,heap        ] GC(1557) ParOldGen: 3178311K(3178496K)->3269759K(3270144K)
[5789.618s][info][gc,metaspace   ] GC(1557) Metaspace: 29143K(29440K)->29143K(29440K) NonClass: 24252K(24384K)->24252K(24384K) Class: 4890K(5056K)->4890K(5056K)
[5789.618s][info][gc             ] GC(1557) Pause Young (Allocation Failure) 5660M->3345M(5765M) 108.257ms
[5789.618s][info][gc,cpu         ] GC(1557) User=0.61s Sys=0.03s Real=0.10s
..[5791.649s][info][gc,start       ] GC(1558) Pause Young (Allocation Failure)
[5791.748s][info][gc,heap        ] GC(1558) PSYoungGen: 2633685K(2633728K)->139456K(2634240K) Eden: 2477568K(2477568K)->0K(2473472K) From: 156117K(156160K)->139456K(160768K)
[5791.748s][info][gc,heap        ] GC(1558) ParOldGen: 3269759K(3270144K)->3364111K(3364352K)
[5791.748s][info][gc,metaspace   ] GC(1558) Metaspace: 29143K(29440K)->29143K(29440K) NonClass: 24252K(24384K)->24252K(24384K) Class: 4890K(5056K)->4890K(5056K)
[5791.748s][info][gc             ] GC(1558) Pause Young (Allocation Failure) 5765M->3421M(5858M) 99.425ms
[5791.748s][info][gc,cpu         ] GC(1558) User=0.55s Sys=0.03s Real=0.10s
..[5793.758s][info][gc,start       ] GC(1559) Pause Young (Allocation Failure)
[5793.859s][info][gc,heap        ] GC(1559) PSYoungGen: 2612928K(2634240K)->146528K(2620416K) Eden: 2473472K(2473472K)->0K(2473472K) From: 139456K(160768K)->146528K(146944K)
[5793.859s][info][gc,heap        ] GC(1559) ParOldGen: 3364111K(3364352K)->3454351K(3454464K)
[5793.859s][info][gc,metaspace   ] GC(1559) Metaspace: 29143K(29440K)->29143K(29440K) NonClass: 24252K(24384K)->24252K(24384K) Class: 4890K(5056K)->4890K(5056K)
[5793.859s][info][gc             ] GC(1559) Pause Young (Allocation Failure) 5836M->3516M(5932M) 101.539ms
[5793.859s][info][gc,cpu         ] GC(1559) User=0.58s Sys=0.02s Real=0.11s
..[5795.933s][info][gc,start       ] GC(1560) Pause Young (Allocation Failure)
[5796.040s][info][gc,heap        ] GC(1560) PSYoungGen: 2620000K(2620416K)->151301K(2633216K) Eden: 2473472K(2473472K)->0K(2473472K) From: 146528K(146944K)->151301K(159744K)
[5796.040s][info][gc,heap        ] GC(1560) ParOldGen: 3454351K(3454464K)->3544655K(3545088K)
[5796.040s][info][gc,metaspace   ] GC(1560) Metaspace: 29143K(29440K)->29143K(29440K) NonClass: 24252K(24384K)->24252K(24384K) Class: 4890K(5056K)->4890K(5056K)
[5796.040s][info][gc             ] GC(1560) Pause Young (Allocation Failure) 5931M->3609M(6033M) 107.125ms
[5796.040s][info][gc,cpu         ] GC(1560) User=0.59s Sys=0.03s Real=0.11s
..[5798.100s][info][gc,start       ] GC(1561) Pause Young (Allocation Failure)
[5798.205s][info][gc,heap        ] GC(1561) PSYoungGen: 2624773K(2633216K)->148500K(2633728K) Eden: 2473472K(2473472K)->0K(2473472K) From: 151301K(159744K)->148500K(160256K)
[5798.205s][info][gc,heap        ] GC(1561) ParOldGen: 3544655K(3545088K)->3639167K(3639296K)
[5798.205s][info][gc,metaspace   ] GC(1561) Metaspace: 29143K(29440K)->29143K(29440K) NonClass: 24252K(24384K)->24252K(24384K) Class: 4890K(5056K)->4890K(5056K)
[5798.205s][info][gc             ] GC(1561) Pause Young (Allocation Failure) 6024M->3698M(6126M) 104.248ms
[5798.205s][info][gc,cpu         ] GC(1561) User=0.58s Sys=0.03s Real=0.10s
..[5800.237s][info][gc,start       ] GC(1562) Pause Young (Allocation Failure)
[5800.336s][info][gc,heap        ] GC(1562) PSYoungGen: 2621972K(2633728K)->139616K(2635264K) Eden: 2473472K(2473472K)->0K(2476032K) From: 148500K(160256K)->139616K(159232K)
[5800.336s][info][gc,heap        ] GC(1562) ParOldGen: 3639167K(3639296K)->3729607K(3729920K)
[5800.336s][info][gc,metaspace   ] GC(1562) Metaspace: 29143K(29440K)->29143K(29440K) NonClass: 24252K(24384K)->24252K(24384K) Class: 4890K(5056K)->4890K(5056K)
[5800.336s][info][gc             ] GC(1562) Pause Young (Allocation Failure) 6114M->3778M(6216M) 98.730ms
[5800.336s][info][gc,cpu         ] GC(1562) User=0.55s Sys=0.04s Real=0.10s
..[5802.326s][info][gc,start       ] GC(1563) Pause Young (Allocation Failure)
[5802.431s][info][gc,heap        ] GC(1563) PSYoungGen: 2615648K(2635264K)->146112K(2635264K) Eden: 2476032K(2476032K)->0K(2476032K) From: 139616K(159232K)->146112K(159232K)
[5802.431s][info][gc,heap        ] GC(1563) ParOldGen: 3729607K(3729920K)->3822383K(3822592K)
[5802.431s][info][gc,metaspace   ] GC(1563) Metaspace: 29143K(29440K)->29143K(29440K) NonClass: 24252K(24384K)->24252K(24384K) Class: 4890K(5056K)->4890K(5056K)
[5802.431s][info][gc             ] GC(1563) Pause Young (Allocation Failure) 6196M->3875M(6306M) 105.072ms
[5802.431s][info][gc,cpu         ] GC(1563) User=0.59s Sys=0.03s Real=0.11s
...[5804.457s][info][gc,start       ] GC(1564) Pause Young (Allocation Failure)
[5804.564s][info][gc,heap        ] GC(1564) PSYoungGen: 2622144K(2635264K)->150052K(2635776K) Eden: 2476032K(2476032K)->0K(2477568K) From: 146112K(159232K)->150052K(158208K)
[5804.564s][info][gc,heap        ] GC(1564) ParOldGen: 3822383K(3822592K)->3914559K(3914752K)
[5804.564s][info][gc,metaspace   ] GC(1564) Metaspace: 29143K(29440K)->29143K(29440K) NonClass: 24252K(24384K)->24252K(24384K) Class: 4890K(5056K)->4890K(5056K)
[5804.564s][info][gc             ] GC(1564) Pause Young (Allocation Failure) 6293M->3969M(6397M) 107.113ms
[5804.564s][info][gc,cpu         ] GC(1564) User=0.61s Sys=0.03s Real=0.11s
..[5806.598s][info][gc,start       ] GC(1565) Pause Young (Allocation Failure)
[5806.702s][info][gc,heap        ] GC(1565) PSYoungGen: 2627620K(2635776K)->150356K(2635776K) Eden: 2477568K(2477568K)->0K(2477568K) From: 150052K(158208K)->150356K(158208K)
[5806.702s][info][gc,heap        ] GC(1565) ParOldGen: 3914559K(3914752K)->4006623K(4006912K)
[5806.702s][info][gc,metaspace   ] GC(1565) Metaspace: 29143K(29440K)->29143K(29440K) NonClass: 24252K(24384K)->24252K(24384K) Class: 4890K(5056K)->4890K(5056K)
[5806.702s][info][gc             ] GC(1565) Pause Young (Allocation Failure) 6388M->4059M(6487M) 104.383ms
[5806.702s][info][gc,cpu         ] GC(1565) User=0.60s Sys=0.02s Real=0.11s
..[5808.725s][info][gc,start       ] GC(1566) Pause Young (Allocation Failure)
[5808.827s][info][gc,heap        ] GC(1566) PSYoungGen: 2627924K(2635776K)->145344K(2636288K) Eden: 2477568K(2477568K)->0K(2479104K) From: 150356K(158208K)->145344K(157184K)
[5808.827s][info][gc,heap        ] GC(1566) ParOldGen: 4006623K(4006912K)->4097247K(4097536K)
[5808.827s][info][gc,metaspace   ] GC(1566) Metaspace: 29143K(29440K)->29143K(29440K) NonClass: 24252K(24384K)->24252K(24384K) Class: 4890K(5056K)->4890K(5056K)
[5808.827s][info][gc             ] GC(1566) Pause Young (Allocation Failure) 6479M->4143M(6576M) 102.171ms
[5808.827s][info][gc,cpu         ] GC(1566) User=0.58s Sys=0.03s Real=0.10s
..[5810.916s][info][gc,start       ] GC(1567) Pause Young (Allocation Failure)
[5811.018s][info][gc,heap        ] GC(1567) PSYoungGen: 2624448K(2636288K)->142176K(2636800K) Eden: 2479104K(2479104K)->0K(2479104K) From: 145344K(157184K)->142176K(157696K)
[5811.018s][info][gc,heap        ] GC(1567) ParOldGen: 4097247K(4097536K)->4191839K(4192256K)
[5811.018s][info][gc,metaspace   ] GC(1567) Metaspace: 29143K(29440K)->29143K(29440K) NonClass: 24252K(24384K)->24252K(24384K) Class: 4890K(5056K)->4890K(5056K)
[5811.018s][info][gc             ] GC(1567) Pause Young (Allocation Failure) 6564M->4232M(6669M) 102.045ms
[5811.018s][info][gc,cpu         ] GC(1567) User=0.57s Sys=0.03s Real=0.10s
..[5812.989s][info][gc,start       ] GC(1568) Pause Young (Allocation Failure)
[5813.089s][info][gc,heap        ] GC(1568) PSYoungGen: 2621280K(2636800K)->142016K(2637312K) Eden: 2479104K(2479104K)->0K(2480640K) From: 142176K(157696K)->142016K(156672K)
[5813.089s][info][gc,heap        ] GC(1568) ParOldGen: 4191839K(4192256K)->4282479K(4282880K)
[5813.089s][info][gc,metaspace   ] GC(1568) Metaspace: 29143K(29440K)->29143K(29440K) NonClass: 24252K(24384K)->24252K(24384K) Class: 4890K(5056K)->4890K(5056K)
[5813.089s][info][gc             ] GC(1568) Pause Young (Allocation Failure) 6653M->4320M(6758M) 100.671ms
[5813.089s][info][gc,cpu         ] GC(1568) User=0.55s Sys=0.04s Real=0.10s
..[5815.142s][info][gc,start       ] GC(1569) Pause Young (Allocation Failure)
[5815.254s][info][gc,heap        ] GC(1569) PSYoungGen: 2622656K(2637312K)->157152K(2637824K) Eden: 2480640K(2480640K)->0K(2480640K) From: 142016K(156672K)->157152K(157184K)
[5815.254s][info][gc,heap        ] GC(1569) ParOldGen: 4282479K(4282880K)->4374871K(4375040K)
[5815.254s][info][gc,metaspace   ] GC(1569) Metaspace: 29143K(29440K)->29143K(29440K) NonClass: 24252K(24384K)->24252K(24384K) Class: 4890K(5056K)->4890K(5056K)
[5815.254s][info][gc             ] GC(1569) Pause Young (Allocation Failure) 6743M->4425M(6848M) 111.593ms
[5815.254s][info][gc,cpu         ] GC(1569) User=0.63s Sys=0.03s Real=0.11s
..[5817.217s][info][gc,start       ] GC(1570) Pause Young (Allocation Failure)
[5817.323s][info][gc,heap        ] GC(1570) PSYoungGen: 2637792K(2637824K)->154416K(2572288K) Eden: 2480640K(2480640K)->0K(2414080K) From: 157152K(157184K)->154416K(158208K)
[5817.323s][info][gc,heap        ] GC(1570) ParOldGen: 4374871K(4375040K)->4468391K(4468736K)
[5817.323s][info][gc,metaspace   ] GC(1570) Metaspace: 29143K(29440K)->29143K(29440K) NonClass: 24252K(24384K)->24252K(24384K) Class: 4890K(5056K)->4890K(5056K)
[5817.323s][info][gc             ] GC(1570) Pause Young (Allocation Failure) 6848M->4514M(6876M) 106.595ms
[5817.323s][info][gc,cpu         ] GC(1570) User=0.61s Sys=0.03s Real=0.11s
..[5819.280s][info][gc,start       ] GC(1571) Pause Young (Allocation Failure)
[5819.379s][info][gc,heap        ] GC(1571) PSYoungGen: 2568496K(2572288K)->134304K(2548736K) Eden: 2414080K(2414080K)->0K(2414080K) From: 154416K(158208K)->134304K(134656K)
[5819.379s][info][gc,heap        ] GC(1571) ParOldGen: 4468391K(4468736K)->4559839K(4559872K)
[5819.379s][info][gc,metaspace   ] GC(1571) Metaspace: 29143K(29440K)->29143K(29440K) NonClass: 24252K(24384K)->24252K(24384K) Class: 4890K(5056K)->4890K(5056K)
[5819.379s][info][gc             ] GC(1571) Pause Young (Allocation Failure) 6871M->4584M(6942M) 98.524ms
[5819.379s][info][gc,cpu         ] GC(1571) User=0.56s Sys=0.02s Real=0.10s
..[5821.383s][info][gc,start       ] GC(1572) Pause Young (Allocation Failure)
[5821.482s][info][gc,heap        ] GC(1572) PSYoungGen: 2548384K(2548736K)->135808K(2605568K) Eden: 2414080K(2414080K)->0K(2414080K) From: 134304K(134656K)->135808K(191488K)
[5821.482s][info][gc,heap        ] GC(1572) ParOldGen: 4559839K(4559872K)->4650423K(4650496K)
[5821.482s][info][gc,metaspace   ] GC(1572) Metaspace: 29143K(29440K)->29143K(29440K) NonClass: 24252K(24384K)->24252K(24384K) Class: 4890K(5056K)->4890K(5056K)
[5821.482s][info][gc             ] GC(1572) Pause Young (Allocation Failure) 6941M->4674M(7086M) 99.250ms
[5821.483s][info][gc,cpu         ] GC(1572) User=0.56s Sys=0.03s Real=0.10s
..[5823.449s][info][gc,start       ] GC(1573) Pause Young (Allocation Failure)
[5823.552s][info][gc,heap        ] GC(1573) PSYoungGen: 2549888K(2605568K)->144384K(2558976K) Eden: 2414080K(2414080K)->0K(2414080K) From: 135808K(191488K)->144384K(144896K)
[5823.552s][info][gc,heap        ] GC(1573) ParOldGen: 4650423K(4650496K)->4741783K(4742144K)
[5823.552s][info][gc,metaspace   ] GC(1573) Metaspace: 29143K(29440K)->29143K(29440K) NonClass: 24252K(24384K)->24252K(24384K) Class: 4890K(5056K)->4890K(5056K)
[5823.552s][info][gc             ] GC(1573) Pause Young (Allocation Failure) 7031M->4771M(7130M) 103.572ms
[5823.552s][info][gc,cpu         ] GC(1573) User=0.59s Sys=0.03s Real=0.10s
...[5825.594s][info][gc,start       ] GC(1574) Pause Young (Allocation Failure)
[5825.695s][info][gc,heap        ] GC(1574) PSYoungGen: 2558464K(2558976K)->142130K(2605056K) Eden: 2414080K(2414080K)->0K(2416640K) From: 144384K(144896K)->142130K(188416K)
[5825.695s][info][gc,heap        ] GC(1574) ParOldGen: 4741783K(4742144K)->4834151K(4834304K)
[5825.695s][info][gc,metaspace   ] GC(1574) Metaspace: 29143K(29440K)->29143K(29440K) NonClass: 24252K(24384K)->24252K(24384K) Class: 4890K(5056K)->4890K(5056K)
[5825.695s][info][gc             ] GC(1574) Pause Young (Allocation Failure) 7129M->4859M(7265M) 101.574ms
[5825.696s][info][gc,cpu         ] GC(1574) User=0.57s Sys=0.03s Real=0.10s
..[5827.708s][info][gc,start       ] GC(1575) Pause Young (Allocation Failure)
[5827.809s][info][gc,heap        ] GC(1575) PSYoungGen: 2558770K(2605056K)->141728K(2602496K) Eden: 2416640K(2416640K)->0K(2416640K) From: 142130K(188416K)->141728K(185856K)
[5827.809s][info][gc,heap        ] GC(1575) ParOldGen: 4834151K(4834304K)->4924447K(4924928K)
[5827.809s][info][gc,metaspace   ] GC(1575) Metaspace: 29143K(29440K)->29143K(29440K) NonClass: 24252K(24384K)->24252K(24384K) Class: 4890K(5056K)->4890K(5056K)
[5827.809s][info][gc             ] GC(1575) Pause Young (Allocation Failure) 7219M->4947M(7351M) 101.116ms
[5827.809s][info][gc,cpu         ] GC(1575) User=0.57s Sys=0.02s Real=0.11s
..[5829.832s][info][gc,start       ] GC(1576) Pause Young (Allocation Failure)
[5829.933s][info][gc,heap        ] GC(1576) PSYoungGen: 2558368K(2602496K)->139328K(2607104K) Eden: 2416640K(2416640K)->0K(2423296K) From: 141728K(185856K)->139328K(183808K)
[5829.933s][info][gc,heap        ] GC(1576) ParOldGen: 4924447K(4924928K)->5015623K(5016064K)
[5829.933s][info][gc,metaspace   ] GC(1576) Metaspace: 29143K(29440K)->29143K(29440K) NonClass: 24252K(24384K)->24252K(24384K) Class: 4890K(5056K)->4890K(5056K)
[5829.933s][info][gc             ] GC(1576) Pause Young (Allocation Failure) 7307M->5034M(7444M) 100.854ms
[5829.933s][info][gc,cpu         ] GC(1576) User=0.57s Sys=0.02s Real=0.10s
..[5831.945s][info][gc,start       ] GC(1577) Pause Young (Allocation Failure)
[5832.046s][info][gc,heap        ] GC(1577) PSYoungGen: 2562624K(2607104K)->140320K(2605568K) Eden: 2423296K(2423296K)->0K(2423296K) From: 139328K(183808K)->140320K(182272K)
[5832.046s][info][gc,heap        ] GC(1577) ParOldGen: 5015623K(5016064K)->5106303K(5106688K)
[5832.046s][info][gc,metaspace   ] GC(1577) Metaspace: 29143K(29440K)->29143K(29440K) NonClass: 24252K(24384K)->24252K(24384K) Class: 4890K(5056K)->4890K(5056K)
[5832.046s][info][gc             ] GC(1577) Pause Young (Allocation Failure) 7400M->5123M(7531M) 100.410ms
[5832.046s][info][gc,cpu         ] GC(1577) User=0.56s Sys=0.03s Real=0.10s
.[5833.480s][info][gc,start       ] GC(1578) Pause Full (Diagnostic Command)
[5833.480s][info][gc,phases,start] GC(1578) Marking Phase
[5833.772s][info][gc,phases      ] GC(1578) Marking Phase 292.163ms
[5833.772s][info][gc,phases,start] GC(1578) Summary Phase
[5833.772s][info][gc,phases      ] GC(1578) Summary Phase 0.083ms
[5833.772s][info][gc,phases,start] GC(1578) Forward
[5833.962s][info][gc,phases      ] GC(1578) Forward 189.524ms
[5833.962s][info][gc,phases,start] GC(1578) Adjust Pointers
[5834.172s][info][gc,phases      ] GC(1578) Adjust Pointers 210.651ms
[5834.172s][info][gc,phases,start] GC(1578) Compaction Phase
[5834.334s][info][gc,phases      ] GC(1578) Compaction Phase 161.217ms
[5834.336s][info][gc,phases,start] GC(1578) Post Compact
[5834.342s][info][gc,phases      ] GC(1578) Post Compact 6.040ms
[5834.343s][info][gc,heap        ] GC(1578) PSYoungGen: 1868797K(2605568K)->0K(2605568K) Eden: 1728477K(2423296K)->0K(2423296K) From: 140320K(182272K)->0K(182272K)
[5834.343s][info][gc,heap        ] GC(1578) ParOldGen: 5106303K(5106688K)->1153516K(5106688K)
[5834.343s][info][gc,metaspace   ] GC(1578) Metaspace: 29143K(29440K)->29143K(29440K) NonClass: 24252K(24384K)->24252K(24384K) Class: 4890K(5056K)->4890K(5056K)
[5834.343s][info][gc             ] GC(1578) Pause Full (Diagnostic Command) 6811M->1126M(7531M) 862.692ms
[5834.343s][info][gc,cpu         ] GC(1578) User=4.45s Sys=0.00s Real=0.86s
..[5835.837s][info][gc,start       ] GC(1579) Pause Young (Allocation Failure)
[5835.909s][info][gc,heap        ] GC(1579) PSYoungGen: 2423296K(2605568K)->155749K(2610176K) Eden: 2423296K(2423296K)->0K(2429952K) From: 0K(182272K)->155749K(180224K)
[5835.909s][info][gc,heap        ] GC(1579) ParOldGen: 1153516K(5106688K)->1153516K(5106688K)
[5835.909s][info][gc,metaspace   ] GC(1579) Metaspace: 29143K(29440K)->29143K(29440K) NonClass: 24252K(24384K)->24252K(24384K) Class: 4890K(5056K)->4890K(5056K)
[5835.909s][info][gc             ] GC(1579) Pause Young (Allocation Failure) 3492M->1278M(7536M) 71.900ms
[5835.909s][info][gc,cpu         ] GC(1579) User=0.42s Sys=0.00s Real=0.08s
..[5837.616s][info][gc,start       ] GC(1580) Pause Young (Allocation Failure)
[5837.714s][info][gc,heap        ] GC(1580) PSYoungGen: 2585701K(2610176K)->150352K(2610176K) Eden: 2429952K(2429952K)->0K(2429952K) From: 155749K(180224K)->150352K(180224K)
[5837.714s][info][gc,heap        ] GC(1580) ParOldGen: 1153516K(5106688K)->1247532K(5106688K)
[5837.714s][info][gc,metaspace   ] GC(1580) Metaspace: 29143K(29440K)->29143K(29440K) NonClass: 24252K(24384K)->24252K(24384K) Class: 4890K(5056K)->4890K(5056K)
[5837.714s][info][gc             ] GC(1580) Pause Young (Allocation Failure) 3651M->1365M(7536M) 97.914ms
[5837.714s][info][gc,cpu         ] GC(1580) User=0.59s Sys=0.00s Real=0.10s
. (rIR:aIR:PR = 9548:9486:9486) (tPR = 140807) [OK] 
  5838s: Performance info:
         Transaction,    Success,    Partial,     Failed,   Receipts, AvgBarcode, 
             Overall,     574595,          0,          0,     545618,      59.48, 
         Response times:
             Request,    Success,    Partial,     Failed,   SkipFail,     Probes,    Samples,      min,      p50,      p90,      p95,      p99,      max, 
       TotalPurchase,     545619,          0,          0,          0,     350605,     444692,      300,     6500,    58000,    95000,   371000,   930000,
     InStorePurchase,     286775,          0,          0,          0,     184614,     234082,      300,     6400,    57000,    94000,   393000,   930000,
      OnlinePurchase,     200956,          0,          0,          0,     128345,     163065,      300,     6600,    58000,    95000,   371000,   900000,
        InstPurchase,      57888,          0,          0,          0,      37646,      47545,      300,     6500,    57000,    95000,   268000,   498000,
          AssocOfCat,        578,          0,          0,          0,        451,        689,    24000,    45000,   117000,   157000,   260200,   438000,
      AssocOfProduct,       5743,          0,          0,          0,       4221,       5531,      600,     5900,    52000,    88000,   381000,   890000,
      BusinessReport,       1445,          0,          0,          0,       1288,       1718,    25000,    51000,   114100,   162100,   437000,  1100000,
          CustBuyBeh,       5803,          0,          0,          0,       4151,       5454,      300,     6900,    54000,    95000,   258000,   498000,
       ProductReturn,      15409,          0,          0,          0,       9818,      12545,      200,     7100,    60000,    96700,   252000,   467000,

  5838s: (70%)   IR =   9686 .[5839.774s][info][gc,start       ] GC(1581) Pause Young (Allocation Failure)
[5839.874s][info][gc,heap        ] GC(1581) PSYoungGen: 2580304K(2610176K)->150417K(2613760K) Eden: 2429952K(2429952K)->0K(2437632K) From: 150352K(180224K)->150417K(176128K)
[5839.874s][info][gc,heap        ] GC(1581) ParOldGen: 1247532K(5106688K)->1340484K(5106688K)
[5839.874s][info][gc,metaspace   ] GC(1581) Metaspace: 29143K(29440K)->29143K(29440K) NonClass: 24252K(24384K)->24252K(24384K) Class: 4890K(5056K)->4890K(5056K)
[5839.874s][info][gc             ] GC(1581) Pause Young (Allocation Failure) 3738M->1455M(7539M) 99.392ms
[5839.874s][info][gc,cpu         ] GC(1581) User=0.59s Sys=0.00s Real=0.10s
..[5841.823s][info][gc,start       ] GC(1582) Pause Young (Allocation Failure)
[5841.918s][info][gc,heap        ] GC(1582) PSYoungGen: 2588049K(2613760K)->143136K(2613248K) Eden: 2437632K(2437632K)->0K(2437632K) From: 150417K(176128K)->143136K(175616K)
[5841.918s][info][gc,heap        ] GC(1582) ParOldGen: 1340484K(5106688K)->1432892K(5106688K)
[5841.918s][info][gc,metaspace   ] GC(1582) Metaspace: 29143K(29440K)->29143K(29440K) NonClass: 24252K(24384K)->24252K(24384K) Class: 4890K(5056K)->4890K(5056K)
[5841.918s][info][gc             ] GC(1582) Pause Young (Allocation Failure) 3836M->1539M(7539M) 95.841ms
[5841.918s][info][gc,cpu         ] GC(1582) User=0.57s Sys=0.00s Real=0.10s
.|.[5843.884s][info][gc,start       ] GC(1583) Pause Young (Allocation Failure)
[5843.982s][info][gc,heap        ] GC(1583) PSYoungGen: 2580768K(2613248K)->150080K(2618880K) Eden: 2437632K(2437632K)->0K(2445824K) From: 143136K(175616K)->150080K(173056K)
[5843.982s][info][gc,heap        ] GC(1583) ParOldGen: 1432892K(5106688K)->1523188K(5106688K)
[5843.982s][info][gc,metaspace   ] GC(1583) Metaspace: 29143K(29440K)->29143K(29440K) NonClass: 24252K(24384K)->24252K(24384K) Class: 4890K(5056K)->4890K(5056K)
[5843.982s][info][gc             ] GC(1583) Pause Young (Allocation Failure) 3919M->1634M(7544M) 98.135ms
[5843.982s][info][gc,cpu         ] GC(1583) User=0.59s Sys=0.00s Real=0.10s
..[5846.008s][info][gc,start       ] GC(1584) Pause Young (Allocation Failure)
[5846.104s][info][gc,heap        ] GC(1584) PSYoungGen: 2595904K(2618880K)->147557K(2617856K) Eden: 2445824K(2445824K)->0K(2445824K) From: 150080K(173056K)->147557K(172032K)
[5846.104s][info][gc,heap        ] GC(1584) ParOldGen: 1523188K(5106688K)->1616444K(5106688K)
[5846.104s][info][gc,metaspace   ] GC(1584) Metaspace: 29143K(29440K)->29143K(29440K) NonClass: 24252K(24384K)->24252K(24384K) Class: 4890K(5056K)->4890K(5056K)
[5846.104s][info][gc             ] GC(1584) Pause Young (Allocation Failure) 4022M->1722M(7543M) 96.940ms
[5846.105s][info][gc,cpu         ] GC(1584) User=0.58s Sys=0.00s Real=0.10s
..[5848.165s][info][gc,start       ] GC(1585) Pause Young (Allocation Failure)
[5848.266s][info][gc,heap        ] GC(1585) PSYoungGen: 2593381K(2617856K)->151139K(2622464K) Eden: 2445824K(2445824K)->0K(2452480K) From: 147557K(172032K)->151139K(169984K)
[5848.266s][info][gc,heap        ] GC(1585) ParOldGen: 1616444K(5106688K)->1709084K(5106688K)
[5848.266s][info][gc,metaspace   ] GC(1585) Metaspace: 29143K(29440K)->29143K(29440K) NonClass: 24252K(24384K)->24252K(24384K) Class: 4890K(5056K)->4890K(5056K)
[5848.266s][info][gc             ] GC(1585) Pause Young (Allocation Failure) 4111M->1816M(7548M) 100.383ms
[5848.266s][info][gc,cpu         ] GC(1585) User=0.60s Sys=0.00s Real=0.10s
..[5850.181s][info][gc,start       ] GC(1586) Pause Young (Allocation Failure)
[5850.276s][info][gc,heap        ] GC(1586) PSYoungGen: 2603619K(2622464K)->144960K(2620928K) Eden: 2452480K(2452480K)->0K(2452480K) From: 151139K(169984K)->144960K(168448K)
[5850.276s][info][gc,heap        ] GC(1586) ParOldGen: 1709084K(5106688K)->1799580K(5106688K)
[5850.276s][info][gc,metaspace   ] GC(1586) Metaspace: 29143K(29440K)->29143K(29440K) NonClass: 24252K(24384K)->24252K(24384K) Class: 4890K(5056K)->4890K(5056K)
[5850.276s][info][gc             ] GC(1586) Pause Young (Allocation Failure) 4211M->1898M(7546M) 95.813ms
[5850.276s][info][gc,cpu         ] GC(1586) User=0.57s Sys=0.00s Real=0.09s
..[5852.335s][info][gc,start       ] GC(1587) Pause Young (Allocation Failure)
[5852.430s][info][gc,heap        ] GC(1587) PSYoungGen: 2597440K(2620928K)->140463K(2625536K) Eden: 2452480K(2452480K)->0K(2458112K) From: 144960K(168448K)->140463K(167424K)
[5852.430s][info][gc,heap        ] GC(1587) ParOldGen: 1799580K(5106688K)->1889236K(5106688K)
[5852.430s][info][gc,metaspace   ] GC(1587) Metaspace: 29143K(29440K)->29143K(29440K) NonClass: 24252K(24384K)->24252K(24384K) Class: 4890K(5056K)->4890K(5056K)
[5852.430s][info][gc             ] GC(1587) Pause Young (Allocation Failure) 4293M->1982M(7551M) 94.889ms
[5852.430s][info][gc,cpu         ] GC(1587) User=0.56s Sys=0.00s Real=0.10s
..[5854.402s][info][gc,start       ] GC(1588) Pause Young (Allocation Failure)
[5854.495s][info][gc,heap        ] GC(1588) PSYoungGen: 2598575K(2625536K)->137824K(2625024K) Eden: 2458112K(2458112K)->0K(2458112K) From: 140463K(167424K)->137824K(166912K)
[5854.495s][info][gc,heap        ] GC(1588) ParOldGen: 1889236K(5106688K)->1981260K(5106688K)
[5854.495s][info][gc,metaspace   ] GC(1588) Metaspace: 29143K(29440K)->29143K(29440K) NonClass: 24252K(24384K)->24252K(24384K) Class: 4890K(5056K)->4890K(5056K)
[5854.495s][info][gc             ] GC(1588) Pause Young (Allocation Failure) 4382M->2069M(7550M) 93.142ms
[5854.495s][info][gc,cpu         ] GC(1588) User=0.55s Sys=0.01s Real=0.09s
..[5856.473s][info][gc,start       ] GC(1589) Pause Young (Allocation Failure)
[5856.571s][info][gc,heap        ] GC(1589) PSYoungGen: 2595936K(2625024K)->149812K(2628608K) Eden: 2458112K(2458112K)->0K(2462208K) From: 137824K(166912K)->149812K(166400K)
[5856.571s][info][gc,heap        ] GC(1589) ParOldGen: 1981260K(5106688K)->2072084K(5106688K)
[5856.571s][info][gc,metaspace   ] GC(1589) Metaspace: 29143K(29440K)->29143K(29440K) NonClass: 24252K(24384K)->24252K(24384K) Class: 4890K(5056K)->4890K(5056K)
[5856.571s][info][gc             ] GC(1589) Pause Young (Allocation Failure) 4469M->2169M(7554M) 98.428ms
[5856.571s][info][gc,cpu         ] GC(1589) User=0.59s Sys=0.00s Real=0.10s
..[5858.545s][info][gc,start       ] GC(1590) Pause Young (Allocation Failure)
[5858.642s][info][gc,heap        ] GC(1590) PSYoungGen: 2612020K(2628608K)->148160K(2628096K) Eden: 2462208K(2462208K)->0K(2462208K) From: 149812K(166400K)->148160K(165888K)
[5858.642s][info][gc,heap        ] GC(1590) ParOldGen: 2072084K(5106688K)->2163980K(5106688K)
[5858.642s][info][gc,metaspace   ] GC(1590) Metaspace: 29143K(29440K)->29143K(29440K) NonClass: 24252K(24384K)->24252K(24384K) Class: 4890K(5056K)->4890K(5056K)
[5858.642s][info][gc             ] GC(1590) Pause Young (Allocation Failure) 4574M->2257M(7553M) 97.336ms
[5858.642s][info][gc,cpu         ] GC(1590) User=0.58s Sys=0.00s Real=0.10s
..[5860.665s][info][gc,start       ] GC(1591) Pause Young (Allocation Failure)
[5860.760s][info][gc,heap        ] GC(1591) PSYoungGen: 2610368K(2628096K)->141632K(2629120K) Eden: 2462208K(2462208K)->0K(2464768K) From: 148160K(165888K)->141632K(164352K)
[5860.760s][info][gc,heap        ] GC(1591) ParOldGen: 2163980K(5106688K)->2256012K(5106688K)
[5860.760s][info][gc,metaspace   ] GC(1591) Metaspace: 29143K(29440K)->29143K(29440K) NonClass: 24252K(24384K)->24252K(24384K) Class: 4890K(5056K)->4890K(5056K)
[5860.760s][info][gc             ] GC(1591) Pause Young (Allocation Failure) 4662M->2341M(7554M) 95.211ms
[5860.760s][info][gc,cpu         ] GC(1591) User=0.56s Sys=0.00s Real=0.10s
..[5862.718s][info][gc,start       ] GC(1592) Pause Young (Allocation Failure)
[5862.813s][info][gc,heap        ] GC(1592) PSYoungGen: 2606400K(2629120K)->142432K(2628096K) Eden: 2464768K(2464768K)->0K(2464768K) From: 141632K(164352K)->142432K(163328K)
[5862.813s][info][gc,heap        ] GC(1592) ParOldGen: 2256012K(5106688K)->2348732K(5106688K)
[5862.813s][info][gc,metaspace   ] GC(1592) Metaspace: 29143K(29440K)->29143K(29440K) NonClass: 24252K(24384K)->24252K(24384K) Class: 4890K(5056K)->4890K(5056K)
[5862.813s][info][gc             ] GC(1592) Pause Young (Allocation Failure) 4748M->2432M(7553M) 95.194ms
[5862.813s][info][gc,cpu         ] GC(1592) User=0.56s Sys=0.00s Real=0.10s
...[5864.889s][info][gc,start       ] GC(1593) Pause Young (Allocation Failure)
[5864.986s][info][gc,heap        ] GC(1593) PSYoungGen: 2607200K(2628096K)->144224K(2631168K) Eden: 2464768K(2464768K)->0K(2469888K) From: 142432K(163328K)->144224K(161280K)
[5864.986s][info][gc,heap        ] GC(1593) ParOldGen: 2348732K(5106688K)->2441244K(5106688K)
[5864.986s][info][gc,metaspace   ] GC(1593) Metaspace: 29143K(29440K)->29143K(29440K) NonClass: 24252K(24384K)->24252K(24384K) Class: 4890K(5056K)->4890K(5056K)
[5864.986s][info][gc             ] GC(1593) Pause Young (Allocation Failure) 4839M->2524M(7556M) 96.594ms
[5864.986s][info][gc,cpu         ] GC(1593) User=0.57s Sys=0.00s Real=0.09s
..[5867.035s][info][gc,start       ] GC(1594) Pause Young (Allocation Failure)
[5867.134s][info][gc,heap        ] GC(1594) PSYoungGen: 2614112K(2631168K)->150624K(2631168K) Eden: 2469888K(2469888K)->0K(2469888K) From: 144224K(161280K)->150624K(161280K)
[5867.134s][info][gc,heap        ] GC(1594) ParOldGen: 2441244K(5106688K)->2530148K(5106688K)
[5867.134s][info][gc,metaspace   ] GC(1594) Metaspace: 29143K(29440K)->29143K(29440K) NonClass: 24252K(24384K)->24252K(24384K) Class: 4890K(5056K)->4890K(5056K)
[5867.134s][info][gc             ] GC(1594) Pause Young (Allocation Failure) 4936M->2617M(7556M) 98.710ms
[5867.134s][info][gc,cpu         ] GC(1594) User=0.58s Sys=0.00s Real=0.10s
..[5869.055s][info][gc,start       ] GC(1595) Pause Young (Allocation Failure)
[5869.159s][info][gc,heap        ] GC(1595) PSYoungGen: 2620512K(2631168K)->157178K(2629632K) Eden: 2469888K(2469888K)->0K(2468352K) From: 150624K(161280K)->157178K(161280K)
[5869.159s][info][gc,heap        ] GC(1595) ParOldGen: 2530148K(5106688K)->2623700K(5106688K)
[5869.159s][info][gc,metaspace   ] GC(1595) Metaspace: 29143K(29440K)->29143K(29440K) NonClass: 24252K(24384K)->24252K(24384K) Class: 4890K(5056K)->4890K(5056K)
[5869.159s][info][gc             ] GC(1595) Pause Young (Allocation Failure) 5029M->2715M(7555M) 104.264ms
[5869.159s][info][gc,cpu         ] GC(1595) User=0.62s Sys=0.00s Real=0.11s
..[5871.163s][info][gc,start       ] GC(1596) Pause Young (Allocation Failure)
[5871.260s][info][gc,heap        ] GC(1596) PSYoungGen: 2625530K(2629632K)->148320K(2632192K) Eden: 2468352K(2468352K)->0K(2468352K) From: 157178K(161280K)->148320K(163840K)
[5871.260s][info][gc,heap        ] GC(1596) ParOldGen: 2623700K(5106688K)->2714628K(5106688K)
[5871.260s][info][gc,metaspace   ] GC(1596) Metaspace: 29143K(29440K)->29143K(29440K) NonClass: 24252K(24384K)->24252K(24384K) Class: 4890K(5056K)->4890K(5056K)
[5871.260s][info][gc             ] GC(1596) Pause Young (Allocation Failure) 5126M->2795M(7557M) 97.082ms
[5871.260s][info][gc,cpu         ] GC(1596) User=0.57s Sys=0.00s Real=0.10s
..[5873.268s][info][gc,start       ] GC(1597) Pause Young (Allocation Failure)
[5873.364s][info][gc,heap        ] GC(1597) PSYoungGen: 2616672K(2632192K)->141253K(2630144K) Eden: 2468352K(2468352K)->0K(2469376K) From: 148320K(163840K)->141253K(160768K)
[5873.364s][info][gc,heap        ] GC(1597) ParOldGen: 2714628K(5106688K)->2807452K(5106688K)
[5873.364s][info][gc,metaspace   ] GC(1597) Metaspace: 29143K(29440K)->29143K(29440K) NonClass: 24252K(24384K)->24252K(24384K) Class: 4890K(5056K)->4890K(5056K)
[5873.364s][info][gc             ] GC(1597) Pause Young (Allocation Failure) 5206M->2879M(7555M) 96.078ms
[5873.364s][info][gc,cpu         ] GC(1597) User=0.56s Sys=0.00s Real=0.10s
..[5875.363s][info][gc,start       ] GC(1598) Pause Young (Allocation Failure)
[5875.457s][info][gc,heap        ] GC(1598) PSYoungGen: 2610629K(2630144K)->139328K(2631680K) Eden: 2469376K(2469376K)->0K(2469376K) From: 141253K(160768K)->139328K(162304K)
[5875.457s][info][gc,heap        ] GC(1598) ParOldGen: 2807452K(5106688K)->2898028K(5106688K)
[5875.457s][info][gc,metaspace   ] GC(1598) Metaspace: 29143K(29440K)->29143K(29440K) NonClass: 24252K(24384K)->24252K(24384K) Class: 4890K(5056K)->4890K(5056K)
[5875.457s][info][gc             ] GC(1598) Pause Young (Allocation Failure) 5291M->2966M(7557M) 93.673ms
[5875.457s][info][gc,cpu         ] GC(1598) User=0.55s Sys=0.00s Real=0.09s
..[5877.440s][info][gc,start       ] GC(1599) Pause Young (Allocation Failure)
[5877.534s][info][gc,heap        ] GC(1599) PSYoungGen: 2608704K(2631680K)->139232K(2632704K) Eden: 2469376K(2469376K)->0K(2471424K) From: 139328K(162304K)->139232K(161280K)
[5877.534s][info][gc,heap        ] GC(1599) ParOldGen: 2898028K(5106688K)->2991124K(5106688K)
[5877.534s][info][gc,metaspace   ] GC(1599) Metaspace: 29143K(29440K)->29143K(29440K) NonClass: 24252K(24384K)->24252K(24384K) Class: 4890K(5056K)->4890K(5056K)
[5877.534s][info][gc             ] GC(1599) Pause Young (Allocation Failure) 5377M->3056M(7558M) 94.422ms
[5877.534s][info][gc,cpu         ] GC(1599) User=0.56s Sys=0.00s Real=0.09s
..[5879.561s][info][gc,start       ] GC(1600) Pause Young (Allocation Failure)
[5879.661s][info][gc,heap        ] GC(1600) PSYoungGen: 2610656K(2632704K)->146039K(2633216K) Eden: 2471424K(2471424K)->0K(2471424K) From: 139232K(161280K)->146039K(161792K)
[5879.661s][info][gc,heap        ] GC(1600) ParOldGen: 2991124K(5106688K)->3084460K(5106688K)
[5879.661s][info][gc,metaspace   ] GC(1600) Metaspace: 29143K(29440K)->29143K(29440K) NonClass: 24252K(24384K)->24252K(24384K) Class: 4890K(5056K)->4890K(5056K)
[5879.661s][info][gc             ] GC(1600) Pause Young (Allocation Failure) 5470M->3154M(7558M) 99.324ms
[5879.661s][info][gc,cpu         ] GC(1600) User=0.59s Sys=0.00s Real=0.10s
..[5881.580s][info][gc,start       ] GC(1601) Pause Young (Allocation Failure)
[5881.679s][info][gc,heap        ] GC(1601) PSYoungGen: 2617463K(2633216K)->146741K(2633216K) Eden: 2471424K(2471424K)->0K(2473984K) From: 146039K(161792K)->146741K(159232K)
[5881.679s][info][gc,heap        ] GC(1601) ParOldGen: 3084460K(5106688K)->3175140K(5106688K)
[5881.679s][info][gc,metaspace   ] GC(1601) Metaspace: 29143K(29440K)->29143K(29440K) NonClass: 24252K(24384K)->24252K(24384K) Class: 4890K(5056K)->4890K(5056K)
[5881.679s][info][gc             ] GC(1601) Pause Young (Allocation Failure) 5568M->3244M(7558M) 98.988ms
[5881.679s][info][gc,cpu         ] GC(1601) User=0.58s Sys=0.00s Real=0.10s
..[5883.574s][info][gc,start       ] GC(1602) Pause Young (Allocation Failure)
[5883.675s][info][gc,heap        ] GC(1602) PSYoungGen: 2620725K(2633216K)->150976K(2633216K) Eden: 2473984K(2473984K)->0K(2473984K) From: 146741K(159232K)->150976K(159232K)
[5883.676s][info][gc,heap        ] GC(1602) ParOldGen: 3175140K(5106688K)->3266348K(5106688K)
[5883.676s][info][gc,metaspace   ] GC(1602) Metaspace: 29143K(29440K)->29143K(29440K) NonClass: 24252K(24384K)->24252K(24384K) Class: 4890K(5056K)->4890K(5056K)
[5883.676s][info][gc             ] GC(1602) Pause Young (Allocation Failure) 5660M->3337M(7558M) 101.515ms
[5883.676s][info][gc,cpu         ] GC(1602) User=0.60s Sys=0.00s Real=0.10s
..[5885.719s][info][gc,start       ] GC(1603) Pause Young (Allocation Failure)
[5885.817s][info][gc,heap        ] GC(1603) PSYoungGen: 2624960K(2633216K)->144192K(2635264K) Eden: 2473984K(2473984K)->0K(2477056K) From: 150976K(159232K)->144192K(158208K)
[5885.817s][info][gc,heap        ] GC(1603) ParOldGen: 3266348K(5106688K)->3361164K(5106688K)
[5885.817s][info][gc,metaspace   ] GC(1603) Metaspace: 29143K(29440K)->29143K(29440K) NonClass: 24252K(24384K)->24252K(24384K) Class: 4890K(5056K)->4890K(5056K)
[5885.817s][info][gc             ] GC(1603) Pause Young (Allocation Failure) 5753M->3423M(7560M) 98.826ms
[5885.817s][info][gc,cpu         ] GC(1603) User=0.59s Sys=0.00s Real=0.09s
..[5887.721s][info][gc,start       ] GC(1604) Pause Young (Allocation Failure)
[5887.816s][info][gc,heap        ] GC(1604) PSYoungGen: 2621248K(2635264K)->140128K(2635776K) Eden: 2477056K(2477056K)->0K(2477056K) From: 144192K(158208K)->140128K(158720K)
[5887.816s][info][gc,heap        ] GC(1604) ParOldGen: 3361164K(5106688K)->3453516K(5106688K)
[5887.816s][info][gc,metaspace   ] GC(1604) Metaspace: 29143K(29440K)->29143K(29440K) NonClass: 24252K(24384K)->24252K(24384K) Class: 4890K(5056K)->4890K(5056K)
[5887.816s][info][gc             ] GC(1604) Pause Young (Allocation Failure) 5842M->3509M(7561M) 95.464ms
[5887.816s][info][gc,cpu         ] GC(1604) User=0.56s Sys=0.00s Real=0.09s
..[5889.901s][info][gc,start       ] GC(1605) Pause Young (Allocation Failure)
[5889.999s][info][gc,heap        ] GC(1605) PSYoungGen: 2617184K(2635776K)->147712K(2636288K) Eden: 2477056K(2477056K)->0K(2478592K) From: 140128K(158720K)->147712K(157696K)
[5889.999s][info][gc,heap        ] GC(1605) ParOldGen: 3453516K(5106688K)->3542180K(5106688K)
[5889.999s][info][gc,metaspace   ] GC(1605) Metaspace: 29143K(29440K)->29143K(29440K) NonClass: 24252K(24384K)->24252K(24384K) Class: 4890K(5056K)->4890K(5056K)
[5889.999s][info][gc             ] GC(1605) Pause Young (Allocation Failure) 5928M->3603M(7561M) 97.735ms
[5889.999s][info][gc,cpu         ] GC(1605) User=0.58s Sys=0.00s Real=0.10s
...[5892.028s][info][gc,start       ] GC(1606) Pause Young (Allocation Failure)
[5892.129s][info][gc,heap        ] GC(1606) PSYoungGen: 2626304K(2636288K)->148163K(2636800K) Eden: 2478592K(2478592K)->0K(2478592K) From: 147712K(157696K)->148163K(158208K)
[5892.129s][info][gc,heap        ] GC(1606) ParOldGen: 3542180K(5106688K)->3637884K(5106688K)
[5892.129s][info][gc,metaspace   ] GC(1606) Metaspace: 29143K(29440K)->29143K(29440K) NonClass: 24252K(24384K)->24252K(24384K) Class: 4890K(5056K)->4890K(5056K)
[5892.129s][info][gc             ] GC(1606) Pause Young (Allocation Failure) 6023M->3697M(7562M) 101.050ms
[5892.129s][info][gc,cpu         ] GC(1606) User=0.60s Sys=0.00s Real=0.10s
..[5894.080s][info][gc,start       ] GC(1607) Pause Young (Allocation Failure)
[5894.183s][info][gc,heap        ] GC(1607) PSYoungGen: 2626755K(2636800K)->155524K(2633216K) Eden: 2478592K(2478592K)->0K(2475520K) From: 148163K(158208K)->155524K(157696K)
[5894.183s][info][gc,heap        ] GC(1607) ParOldGen: 3637884K(5106688K)->3730052K(5106688K)
[5894.183s][info][gc,metaspace   ] GC(1607) Metaspace: 29143K(29440K)->29143K(29440K) NonClass: 24252K(24384K)->24252K(24384K) Class: 4890K(5056K)->4890K(5056K)
[5894.183s][info][gc             ] GC(1607) Pause Young (Allocation Failure) 6117M->3794M(7558M) 103.066ms
[5894.183s][info][gc,cpu         ] GC(1607) User=0.61s Sys=0.00s Real=0.10s
..[5896.229s][info][gc,start       ] GC(1608) Pause Young (Allocation Failure)
[5896.330s][info][gc,heap        ] GC(1608) PSYoungGen: 2631044K(2633216K)->154708K(2630656K) Eden: 2475520K(2475520K)->0K(2475520K) From: 155524K(157696K)->154708K(155136K)
[5896.330s][info][gc,heap        ] GC(1608) ParOldGen: 3730052K(5106688K)->3819212K(5106688K)
[5896.330s][info][gc,metaspace   ] GC(1608) Metaspace: 29143K(29440K)->29143K(29440K) NonClass: 24252K(24384K)->24252K(24384K) Class: 4890K(5056K)->4890K(5056K)
[5896.330s][info][gc             ] GC(1608) Pause Young (Allocation Failure) 6212M->3880M(7556M) 101.307ms
[5896.331s][info][gc,cpu         ] GC(1608) User=0.60s Sys=0.00s Real=0.10s
..[5898.257s][info][gc,start       ] GC(1609) Pause Young (Allocation Failure)
[5898.355s][info][gc,heap        ] GC(1609) PSYoungGen: 2630228K(2630656K)->141312K(2634240K) Eden: 2475520K(2475520K)->0K(2472448K) From: 154708K(155136K)->141312K(161792K)
[5898.355s][info][gc,heap        ] GC(1609) ParOldGen: 3819212K(5106688K)->3912756K(5106688K)
[5898.355s][info][gc,metaspace   ] GC(1609) Metaspace: 29143K(29440K)->29143K(29440K) NonClass: 24252K(24384K)->24252K(24384K) Class: 4890K(5056K)->4890K(5056K)
[5898.355s][info][gc             ] GC(1609) Pause Young (Allocation Failure) 6298M->3959M(7559M) 98.057ms
[5898.355s][info][gc,cpu         ] GC(1609) User=0.58s Sys=0.00s Real=0.10s
..[5900.288s][info][gc,start       ] GC(1610) Pause Young (Allocation Failure)
[5900.385s][info][gc,heap        ] GC(1610) PSYoungGen: 2613760K(2634240K)->143637K(2616320K) Eden: 2472448K(2472448K)->0K(2472448K) From: 141312K(161792K)->143637K(143872K)
[5900.385s][info][gc,heap        ] GC(1610) ParOldGen: 3912756K(5106688K)->4003284K(5106688K)
[5900.385s][info][gc,metaspace   ] GC(1610) Metaspace: 29143K(29440K)->29143K(29440K) NonClass: 24252K(24384K)->24252K(24384K) Class: 4890K(5056K)->4890K(5056K)
[5900.385s][info][gc             ] GC(1610) Pause Young (Allocation Failure) 6373M->4049M(7542M) 97.212ms
[5900.385s][info][gc,cpu         ] GC(1610) User=0.57s Sys=0.00s Real=0.10s
..[5902.387s][info][gc,start       ] GC(1611) Pause Young (Allocation Failure)
[5902.485s][info][gc,heap        ] GC(1611) PSYoungGen: 2616085K(2616320K)->142112K(2633728K) Eden: 2472448K(2472448K)->0K(2472960K) From: 143637K(143872K)->142112K(160768K)
[5902.485s][info][gc,heap        ] GC(1611) ParOldGen: 4003284K(5106688K)->4096028K(5106688K)
[5902.485s][info][gc,metaspace   ] GC(1611) Metaspace: 29143K(29440K)->29143K(29440K) NonClass: 24252K(24384K)->24252K(24384K) Class: 4890K(5056K)->4890K(5056K)
[5902.485s][info][gc             ] GC(1611) Pause Young (Allocation Failure) 6464M->4138M(7559M) 98.237ms
[5902.485s][info][gc,cpu         ] GC(1611) User=0.58s Sys=0.00s Real=0.10s
. (rIR:aIR:PR = 9686:9679:9680) (tPR = 143202) [OK] 
  5902s: Performance info:
         Transaction,    Success,    Partial,     Failed,   Receipts, AvgBarcode, 
             Overall,     585126,          0,          0,     555905,      59.48, 
         Response times:
             Request,    Success,    Partial,     Failed,   SkipFail,     Probes,    Samples,      min,      p50,      p90,      p95,      p99,      max, 
       TotalPurchase,     555976,          0,          0,          0,     360785,     387710,      300,     6500,    32000,    54000,    95000,   200000,
     InStorePurchase,     294247,          0,          0,          0,     189257,     203268,      300,     6500,    33000,    55000,    95000,   200000,
      OnlinePurchase,     203227,          0,          0,          0,     133065,     142902,      300,     6500,    32000,    54000,    95000,   172000,
        InstPurchase,      58502,          0,          0,          0,      38463,      41540,      300,     5900,    30000,    51000,    91000,   195000,
          AssocOfCat,        585,          0,          0,          0,        484,        633,    23000,    44000,    85200,   114900,   166980,   200000,
      AssocOfProduct,       5785,          0,          0,          0,       4306,       4814,      500,     5850,    26000,    44000,    92850,   137000,
      BusinessReport,       1467,          0,          0,          0,       1263,       1488,    24000,    53000,   104100,   129550,   169440,   201000,
          CustBuyBeh,       5863,          0,          0,          0,       4381,       4954,      200,     6100,    29000,    51000,    96450,   153000,
       ProductReturn,      15521,          0,          0,          0,      10158,      11212,      200,     5500,    30000,    52000,    88000,   163000,

  5902s: (71%)   IR =   9824 .[5904.479s][info][gc,start       ] GC(1612) Pause Young (Allocation Failure)
[5904.574s][info][gc,heap        ] GC(1612) PSYoungGen: 2615072K(2633728K)->139168K(2633216K) Eden: 2472960K(2472960K)->0K(2472960K) From: 142112K(160768K)->139168K(160256K)
[5904.574s][info][gc,heap        ] GC(1612) ParOldGen: 4096028K(5106688K)->4188572K(5106688K)
[5904.574s][info][gc,metaspace   ] GC(1612) Metaspace: 29143K(29440K)->29143K(29440K) NonClass: 24252K(24384K)->24252K(24384K) Class: 4890K(5056K)->4890K(5056K)
[5904.574s][info][gc             ] GC(1612) Pause Young (Allocation Failure) 6553M->4226M(7558M) 95.184ms
[5904.574s][info][gc,cpu         ] GC(1612) User=0.56s Sys=0.00s Real=0.09s
..[5906.613s][info][gc,start       ] GC(1613) Pause Young (Allocation Failure)
[5906.711s][info][gc,heap        ] GC(1613) PSYoungGen: 2612128K(2633216K)->148372K(2634752K) Eden: 2472960K(2472960K)->0K(2475008K) From: 139168K(160256K)->148372K(159744K)
[5906.711s][info][gc,heap        ] GC(1613) ParOldGen: 4188572K(5106688K)->4277764K(5106688K)
[5906.711s][info][gc,metaspace   ] GC(1613) Metaspace: 29143K(29440K)->29143K(29440K) NonClass: 24252K(24384K)->24252K(24384K) Class: 4890K(5056K)->4890K(5056K)
[5906.711s][info][gc             ] GC(1613) Pause Young (Allocation Failure) 6641M->4322M(7560M) 97.858ms
[5906.711s][info][gc,cpu         ] GC(1613) User=0.58s Sys=0.00s Real=0.10s
..[5908.642s][info][gc,start       ] GC(1614) Pause Young (Allocation Failure)
[5908.743s][info][gc,heap        ] GC(1614) PSYoungGen: 2623380K(2634752K)->150696K(2634752K) Eden: 2475008K(2475008K)->0K(2475008K) From: 148372K(159744K)->150696K(159744K)
[5908.743s][info][gc,heap        ] GC(1614) ParOldGen: 4277764K(5106688K)->4371236K(5106688K)
[5908.743s][info][gc,metaspace   ] GC(1614) Metaspace: 29143K(29440K)->29143K(29440K) NonClass: 24252K(24384K)->24252K(24384K) Class: 4890K(5056K)->4890K(5056K)
[5908.743s][info][gc             ] GC(1614) Pause Young (Allocation Failure) 6739M->4415M(7560M) 101.245ms
[5908.743s][info][gc,cpu         ] GC(1614) User=0.60s Sys=0.00s Real=0.10s
..|[5910.743s][info][gc,start       ] GC(1615) Pause Young (Allocation Failure)
[5910.844s][info][gc,heap        ] GC(1615) PSYoungGen: 2625704K(2634752K)->151157K(2635776K) Eden: 2475008K(2475008K)->0K(2475520K) From: 150696K(159744K)->151157K(160256K)
[5910.844s][info][gc,heap        ] GC(1615) ParOldGen: 4371236K(5106688K)->4463804K(5106688K)
[5910.844s][info][gc,metaspace   ] GC(1615) Metaspace: 29143K(29440K)->29143K(29440K) NonClass: 24252K(24384K)->24252K(24384K) Class: 4890K(5056K)->4890K(5056K)
[5910.844s][info][gc             ] GC(1615) Pause Young (Allocation Failure) 6832M->4506M(7561M) 101.105ms
[5910.844s][info][gc,cpu         ] GC(1615) User=0.60s Sys=0.00s Real=0.10s
..[5912.751s][info][gc,start       ] GC(1616) Pause Young (Allocation Failure)
[5912.853s][info][gc,heap        ] GC(1616) PSYoungGen: 2626677K(2635776K)->150759K(2626560K) Eden: 2475520K(2475520K)->0K(2475520K) From: 151157K(160256K)->150759K(151040K)
[5912.853s][info][gc,heap        ] GC(1616) ParOldGen: 4463804K(5106688K)->4556436K(5106688K)
[5912.853s][info][gc,metaspace   ] GC(1616) Metaspace: 29143K(29440K)->29143K(29440K) NonClass: 24252K(24384K)->24252K(24384K) Class: 4890K(5056K)->4890K(5056K)
[5912.853s][info][gc             ] GC(1616) Pause Young (Allocation Failure) 6924M->4596M(7552M) 102.636ms
[5912.853s][info][gc,cpu         ] GC(1616) User=0.60s Sys=0.00s Real=0.10s
..[5914.814s][info][gc,start       ] GC(1617) Pause Young (Allocation Failure)
[5914.914s][info][gc,heap        ] GC(1617) PSYoungGen: 2626279K(2626560K)->147621K(2636800K) Eden: 2475520K(2475520K)->0K(2476032K) From: 150759K(151040K)->147621K(160768K)
[5914.914s][info][gc,heap        ] GC(1617) ParOldGen: 4556436K(5106688K)->4647524K(5106688K)
[5914.914s][info][gc,metaspace   ] GC(1617) Metaspace: 29143K(29440K)->29143K(29440K) NonClass: 24252K(24384K)->24252K(24384K) Class: 4890K(5056K)->4890K(5056K)
[5914.914s][info][gc             ] GC(1617) Pause Young (Allocation Failure) 7014M->4682M(7562M) 99.951ms
[5914.914s][info][gc,cpu         ] GC(1617) User=0.58s Sys=0.00s Real=0.10s
..[5916.891s][info][gc,start       ] GC(1618) Pause Young (Allocation Failure)
[5916.993s][info][gc,heap        ] GC(1618) PSYoungGen: 2623653K(2636800K)->154308K(2635264K) Eden: 2476032K(2476032K)->0K(2476032K) From: 147621K(160768K)->154308K(159232K)
[5916.993s][info][gc,heap        ] GC(1618) ParOldGen: 4647524K(5106688K)->4739236K(5106688K)
[5916.993s][info][gc,metaspace   ] GC(1618) Metaspace: 29143K(29440K)->29143K(29440K) NonClass: 24252K(24384K)->24252K(24384K) Class: 4890K(5056K)->4890K(5056K)
[5916.993s][info][gc             ] GC(1618) Pause Young (Allocation Failure) 7100M->4778M(7560M) 101.543ms
[5916.993s][info][gc,cpu         ] GC(1618) User=0.60s Sys=0.01s Real=0.10s
..[5919.033s][info][gc,start       ] GC(1619) Pause Young (Allocation Failure)
[5919.134s][info][gc,heap        ] GC(1619) PSYoungGen: 2630340K(2635264K)->148480K(2635776K) Eden: 2476032K(2476032K)->0K(2475520K) From: 154308K(159232K)->148480K(160256K)
[5919.134s][info][gc,heap        ] GC(1619) ParOldGen: 4739236K(5106688K)->4832484K(5106688K)
[5919.134s][info][gc,metaspace   ] GC(1619) Metaspace: 29143K(29440K)->29143K(29440K) NonClass: 24252K(24384K)->24252K(24384K) Class: 4890K(5056K)->4890K(5056K)
[5919.134s][info][gc             ] GC(1619) Pause Young (Allocation Failure) 7196M->4864M(7561M) 101.248ms
[5919.134s][info][gc,cpu         ] GC(1619) User=0.60s Sys=0.00s Real=0.10s
..[5921.094s][info][gc,start       ] GC(1620) Pause Young (Allocation Failure)
[5921.195s][info][gc,heap        ] GC(1620) PSYoungGen: 2624000K(2635776K)->150816K(2635264K) Eden: 2475520K(2475520K)->0K(2475520K) From: 148480K(160256K)->150816K(159744K)
[5921.195s][info][gc,heap        ] GC(1620) ParOldGen: 4832484K(5106688K)->4922636K(5106688K)
[5921.195s][info][gc,metaspace   ] GC(1620) Metaspace: 29143K(29440K)->29143K(29440K) NonClass: 24252K(24384K)->24252K(24384K) Class: 4890K(5056K)->4890K(5056K)
[5921.195s][info][gc             ] GC(1620) Pause Young (Allocation Failure) 7281M->4954M(7560M) 101.736ms
[5921.195s][info][gc,cpu         ] GC(1620) User=0.60s Sys=0.01s Real=0.10s
..[5923.159s][info][gc,start       ] GC(1621) Pause Young (Allocation Failure)
[5923.267s][info][gc,heap        ] GC(1621) PSYoungGen: 2626336K(2635264K)->159412K(2630144K) Eden: 2475520K(2475520K)->0K(2470400K) From: 150816K(159744K)->159412K(159744K)
[5923.267s][info][gc,heap        ] GC(1621) ParOldGen: 4922636K(5106688K)->5016956K(5106688K)
[5923.267s][info][gc,metaspace   ] GC(1621) Metaspace: 29143K(29440K)->29143K(29440K) NonClass: 24252K(24384K)->24252K(24384K) Class: 4890K(5056K)->4890K(5056K)
[5923.267s][info][gc             ] GC(1621) Pause Young (Allocation Failure) 7372M->5055M(7555M) 108.705ms
[5923.267s][info][gc,cpu         ] GC(1621) User=0.65s Sys=0.00s Real=0.10s
..[5925.180s][info][gc,start       ] GC(1622) Pause Young (Allocation Failure)
[5925.282s][info][gc,heap        ] GC(1622) PSYoungGen: 2629812K(2630144K)->149776K(2633216K) Eden: 2470400K(2470400K)->0K(2470400K) From: 159412K(159744K)->149776K(162816K)
[5925.282s][info][gc,heap        ] GC(1622) ParOldGen: 5016956K(5106688K)->5109588K(5109760K)
[5925.282s][info][gc,metaspace   ] GC(1622) Metaspace: 29143K(29440K)->29143K(29440K) NonClass: 24252K(24384K)->24252K(24384K) Class: 4890K(5056K)->4890K(5056K)
[5925.282s][info][gc             ] GC(1622) Pause Young (Allocation Failure) 7467M->5136M(7561M) 101.352ms
[5925.282s][info][gc,cpu         ] GC(1622) User=0.59s Sys=0.01s Real=0.10s
..[5927.284s][info][gc,start       ] GC(1623) Pause Young (Allocation Failure)
[5927.386s][info][gc,heap        ] GC(1623) PSYoungGen: 2620176K(2633216K)->145492K(2631168K) Eden: 2470400K(2470400K)->0K(2471424K) From: 149776K(162816K)->145492K(159744K)
[5927.386s][info][gc,heap        ] GC(1623) ParOldGen: 5109588K(5109760K)->5199300K(5199360K)
[5927.387s][info][gc,metaspace   ] GC(1623) Metaspace: 29143K(29440K)->29143K(29440K) NonClass: 24252K(24384K)->24252K(24384K) Class: 4890K(5056K)->4890K(5056K)
[5927.387s][info][gc             ] GC(1623) Pause Young (Allocation Failure) 7548M->5219M(7647M) 102.924ms
[5927.387s][info][gc,cpu         ] GC(1623) User=0.58s Sys=0.02s Real=0.10s
..[5929.345s][info][gc,start       ] GC(1624) Pause Young (Allocation Failure)
[5929.447s][info][gc,heap        ] GC(1624) PSYoungGen: 2616916K(2631168K)->139488K(2632704K) Eden: 2471424K(2471424K)->0K(2471424K) From: 145492K(159744K)->139488K(161280K)
[5929.447s][info][gc,heap        ] GC(1624) ParOldGen: 5199300K(5199360K)->5290812K(5291008K)
[5929.447s][info][gc,metaspace   ] GC(1624) Metaspace: 29143K(29440K)->29143K(29440K) NonClass: 24252K(24384K)->24252K(24384K) Class: 4890K(5056K)->4890K(5056K)
[5929.447s][info][gc             ] GC(1624) Pause Young (Allocation Failure) 7633M->5303M(7738M) 102.390ms
[5929.447s][info][gc,cpu         ] GC(1624) User=0.57s Sys=0.03s Real=0.10s
..[5931.452s][info][gc,start       ] GC(1625) Pause Young (Allocation Failure)
[5931.556s][info][gc,heap        ] GC(1625) PSYoungGen: 2610912K(2632704K)->142960K(2634752K) Eden: 2471424K(2471424K)->0K(2473472K) From: 139488K(161280K)->142960K(161280K)
[5931.556s][info][gc,heap        ] GC(1625) ParOldGen: 5290812K(5291008K)->5384924K(5385216K)
[5931.556s][info][gc,metaspace   ] GC(1625) Metaspace: 29143K(29440K)->29143K(29440K) NonClass: 24252K(24384K)->24252K(24384K) Class: 4890K(5056K)->4890K(5056K)
[5931.556s][info][gc             ] GC(1625) Pause Young (Allocation Failure) 7716M->5398M(7832M) 104.020ms
[5931.556s][info][gc,cpu         ] GC(1625) User=0.59s Sys=0.02s Real=0.10s
..[5933.451s][info][gc,start       ] GC(1626) Pause Young (Allocation Failure)
[5933.554s][info][gc,heap        ] GC(1626) PSYoungGen: 2616432K(2634752K)->144352K(2617856K) Eden: 2473472K(2473472K)->0K(2473472K) From: 142960K(161280K)->144352K(144384K)
[5933.554s][info][gc,heap        ] GC(1626) ParOldGen: 5384924K(5385216K)->5474324K(5474816K)
[5933.554s][info][gc,metaspace   ] GC(1626) Metaspace: 29143K(29440K)->29143K(29440K) NonClass: 24252K(24384K)->24252K(24384K) Class: 4890K(5056K)->4890K(5056K)
[5933.554s][info][gc             ] GC(1626) Pause Young (Allocation Failure) 7813M->5486M(7903M) 102.265ms
[5933.554s][info][gc,cpu         ] GC(1626) User=0.57s Sys=0.03s Real=0.10s
..[5935.554s][info][gc,start       ] GC(1627) Pause Young (Allocation Failure)
[5935.661s][info][gc,heap        ] GC(1627) PSYoungGen: 2617824K(2617856K)->151553K(2633216K) Eden: 2473472K(2473472K)->0K(2472960K) From: 144352K(144384K)->151553K(160256K)
[5935.661s][info][gc,heap        ] GC(1627) ParOldGen: 5474324K(5474816K)->5567692K(5568000K)
[5935.661s][info][gc,metaspace   ] GC(1627) Metaspace: 29143K(29440K)->29143K(29440K) NonClass: 24252K(24384K)->24252K(24384K) Class: 4890K(5056K)->4890K(5056K)
[5935.661s][info][gc             ] GC(1627) Pause Young (Allocation Failure) 7902M->5585M(8009M) 107.111ms
[5935.661s][info][gc,cpu         ] GC(1627) User=0.59s Sys=0.04s Real=0.11s
..[5937.641s][info][gc,start       ] GC(1628) Pause Full (Allocation Failure)
[5937.641s][info][gc,phases,start] GC(1628) Marking Phase
[5937.947s][info][gc,phases      ] GC(1628) Marking Phase 306.549ms
[5937.947s][info][gc,phases,start] GC(1628) Summary Phase
[5937.947s][info][gc,phases      ] GC(1628) Summary Phase 0.094ms
[5937.947s][info][gc,phases,start] GC(1628) Forward
[5938.090s][info][gc,phases      ] GC(1628) Forward 142.451ms
[5938.090s][info][gc,phases,start] GC(1628) Adjust Pointers
[5938.290s][info][gc,phases      ] GC(1628) Adjust Pointers 200.270ms
[5938.290s][info][gc,phases,start] GC(1628) Compaction Phase
[5938.419s][info][gc,phases      ] GC(1628) Compaction Phase 128.630ms
[5938.420s][info][gc,phases,start] GC(1628) Post Compact
[5938.427s][info][gc,phases      ] GC(1628) Post Compact 6.993ms
[5938.558s][info][gc,heap        ] GC(1628) PSYoungGen: 2624513K(2633216K)->0K(2633728K) Eden: 2472960K(2472960K)->0K(2472960K) From: 151553K(160256K)->0K(160768K)
[5938.558s][info][gc,heap        ] GC(1628) ParOldGen: 5567692K(5568000K)->1435098K(1711616K)
[5938.558s][info][gc,metaspace   ] GC(1628) Metaspace: 29143K(29440K)->29143K(29440K) NonClass: 24252K(24384K)->24252K(24384K) Class: 4890K(5056K)->4890K(5056K)
[5938.559s][info][gc             ] GC(1628) Pause Full (Allocation Failure) 8000M->1401M(4243M) 917.885ms
[5938.559s][info][gc,cpu         ] GC(1628) User=4.14s Sys=0.13s Real=0.92s
..[5940.103s][info][gc,start       ] GC(1629) Pause Young (Allocation Failure)
[5940.172s][info][gc,heap        ] GC(1629) PSYoungGen: 2472960K(2633728K)->153024K(2634240K) Eden: 2472960K(2472960K)->0K(2473472K) From: 0K(160768K)->153024K(160768K)
[5940.172s][info][gc,heap        ] GC(1629) ParOldGen: 1435098K(1711616K)->1435098K(1711616K)
[5940.172s][info][gc,metaspace   ] GC(1629) Metaspace: 29143K(29440K)->29143K(29440K) NonClass: 24252K(24384K)->24252K(24384K) Class: 4890K(5056K)->4890K(5056K)
[5940.172s][info][gc             ] GC(1629) Pause Young (Allocation Failure) 3816M->1550M(4244M) 68.579ms
[5940.172s][info][gc,cpu         ] GC(1629) User=0.40s Sys=0.00s Real=0.07s
..[5941.808s][info][gc,start       ] GC(1630) Pause Young (Allocation Failure)
[5941.901s][info][gc,heap        ] GC(1630) PSYoungGen: 2626496K(2634240K)->142720K(2634752K) Eden: 2473472K(2473472K)->0K(2473472K) From: 153024K(160768K)->142720K(161280K)
[5941.901s][info][gc,heap        ] GC(1630) ParOldGen: 1435098K(1711616K)->1527290K(1711616K)
[5941.901s][info][gc,metaspace   ] GC(1630) Metaspace: 29143K(29440K)->29143K(29440K) NonClass: 24252K(24384K)->24252K(24384K) Class: 4890K(5056K)->4890K(5056K)
[5941.901s][info][gc             ] GC(1630) Pause Young (Allocation Failure) 3966M->1630M(4244M) 92.882ms
[5941.901s][info][gc,cpu         ] GC(1630) User=0.55s Sys=0.00s Real=0.10s
..[5943.854s][info][gc,start       ] GC(1631) Pause Young (Allocation Failure)
[5943.952s][info][gc,heap        ] GC(1631) PSYoungGen: 2616192K(2634752K)->145999K(2632704K) Eden: 2473472K(2473472K)->0K(2473984K) From: 142720K(161280K)->145999K(158720K)
[5943.952s][info][gc,heap        ] GC(1631) ParOldGen: 1527290K(1711616K)->1620186K(1711616K)
[5943.952s][info][gc,metaspace   ] GC(1631) Metaspace: 29143K(29440K)->29143K(29440K) NonClass: 24252K(24384K)->24252K(24384K) Class: 4890K(5056K)->4890K(5056K)
[5943.952s][info][gc             ] GC(1631) Pause Young (Allocation Failure) 4046M->1724M(4242M) 97.254ms
[5943.952s][info][gc,cpu         ] GC(1631) User=0.57s Sys=0.00s Real=0.10s
..[5945.884s][info][gc,start       ] GC(1632) Pause Young (Allocation Failure)
[5945.981s][info][gc,heap        ] GC(1632) PSYoungGen: 2619983K(2632704K)->147648K(2633728K) Eden: 2473984K(2473984K)->0K(2473984K) From: 145999K(158720K)->147648K(159744K)
[5945.981s][info][gc,heap        ] GC(1632) ParOldGen: 1620186K(1711616K)->1710834K(1711616K)
[5945.981s][info][gc,metaspace   ] GC(1632) Metaspace: 29143K(29440K)->29143K(29440K) NonClass: 24252K(24384K)->24252K(24384K) Class: 4890K(5056K)->4890K(5056K)
[5945.981s][info][gc             ] GC(1632) Pause Young (Allocation Failure) 4140M->1814M(4243M) 97.117ms
[5945.981s][info][gc,cpu         ] GC(1632) User=0.57s Sys=0.00s Real=0.10s
..[5947.967s][info][gc,start       ] GC(1633) Pause Young (Allocation Failure)
[5948.070s][info][gc,heap        ] GC(1633) PSYoungGen: 2621632K(2633728K)->146784K(2634240K) Eden: 2473984K(2473984K)->0K(2477568K) From: 147648K(159744K)->146784K(156672K)
[5948.070s][info][gc,heap        ] GC(1633) ParOldGen: 1710834K(1711616K)->1803762K(1803776K)
[5948.070s][info][gc,metaspace   ] GC(1633) Metaspace: 29143K(29440K)->29143K(29440K) NonClass: 24252K(24384K)->24252K(24384K) Class: 4890K(5056K)->4890K(5056K)
[5948.070s][info][gc             ] GC(1633) Pause Young (Allocation Failure) 4230M->1904M(4334M) 102.587ms
[5948.070s][info][gc,cpu         ] GC(1633) User=0.56s Sys=0.04s Real=0.11s
..[5949.985s][info][gc,start       ] GC(1634) Pause Young (Allocation Failure)
[5950.086s][info][gc,heap        ] GC(1634) PSYoungGen: 2624352K(2634240K)->146816K(2635264K) Eden: 2477568K(2477568K)->0K(2477568K) From: 146784K(156672K)->146816K(157696K)
[5950.086s][info][gc,heap        ] GC(1634) ParOldGen: 1803762K(1803776K)->1895466K(1895936K)
[5950.086s][info][gc,metaspace   ] GC(1634) Metaspace: 29143K(29440K)->29143K(29440K) NonClass: 24252K(24384K)->24252K(24384K) Class: 4890K(5056K)->4890K(5056K)
[5950.086s][info][gc             ] GC(1634) Pause Young (Allocation Failure) 4324M->1994M(4425M) 100.373ms
[5950.086s][info][gc,cpu         ] GC(1634) User=0.57s Sys=0.03s Real=0.10s
..[5952.023s][info][gc,start       ] GC(1635) Pause Young (Allocation Failure)
[5952.126s][info][gc,heap        ] GC(1635) PSYoungGen: 2624384K(2635264K)->149856K(2638336K) Eden: 2477568K(2477568K)->0K(2481664K) From: 146816K(157696K)->149856K(156672K)
[5952.126s][info][gc,heap        ] GC(1635) ParOldGen: 1895466K(1895936K)->1987666K(1988096K)
[5952.126s][info][gc,metaspace   ] GC(1635) Metaspace: 29143K(29440K)->29143K(29440K) NonClass: 24252K(24384K)->24252K(24384K) Class: 4890K(5056K)->4890K(5056K)
[5952.126s][info][gc             ] GC(1635) Pause Young (Allocation Failure) 4413M->2087M(4518M) 103.215ms
[5952.126s][info][gc,cpu         ] GC(1635) User=0.58s Sys=0.04s Real=0.10s
..[5954.145s][info][gc,start       ] GC(1636) Pause Young (Allocation Failure)
[5954.250s][info][gc,heap        ] GC(1636) PSYoungGen: 2631520K(2638336K)->152608K(2638336K) Eden: 2481664K(2481664K)->0K(2481664K) From: 149856K(156672K)->152608K(156672K)
[5954.250s][info][gc,heap        ] GC(1636) ParOldGen: 1987666K(1988096K)->2078874K(2079232K)
[5954.250s][info][gc,metaspace   ] GC(1636) Metaspace: 29143K(29440K)->29143K(29440K) NonClass: 24252K(24384K)->24252K(24384K) Class: 4890K(5056K)->4890K(5056K)
[5954.250s][info][gc             ] GC(1636) Pause Young (Allocation Failure) 4510M->2179M(4607M) 105.316ms
[5954.250s][info][gc,cpu         ] GC(1636) User=0.60s Sys=0.03s Real=0.11s
..[5956.234s][info][gc,start       ] GC(1637) Pause Young (Allocation Failure)
[5956.332s][info][gc,heap        ] GC(1637) PSYoungGen: 2634272K(2638336K)->141636K(2637312K) Eden: 2481664K(2481664K)->0K(2479616K) From: 152608K(156672K)->141636K(157696K)
[5956.332s][info][gc,heap        ] GC(1637) ParOldGen: 2078874K(2079232K)->2170858K(2170880K)
[5956.332s][info][gc,metaspace   ] GC(1637) Metaspace: 29143K(29440K)->29143K(29440K) NonClass: 24252K(24384K)->24252K(24384K) Class: 4890K(5056K)->4890K(5056K)
[5956.332s][info][gc             ] GC(1637) Pause Young (Allocation Failure) 4602M->2258M(4695M) 98.376ms
[5956.332s][info][gc,cpu         ] GC(1637) User=0.56s Sys=0.03s Real=0.10s
..[5958.343s][info][gc,start       ] GC(1638) Pause Young (Allocation Failure)
[5958.442s][info][gc,heap        ] GC(1638) PSYoungGen: 2621252K(2637312K)->139924K(2637824K) Eden: 2479616K(2479616K)->0K(2479616K) From: 141636K(157696K)->139924K(158208K)
[5958.442s][info][gc,heap        ] GC(1638) ParOldGen: 2170858K(2170880K)->2263258K(2263552K)
[5958.442s][info][gc,metaspace   ] GC(1638) Metaspace: 29143K(29440K)->29143K(29440K) NonClass: 24252K(24384K)->24252K(24384K) Class: 4890K(5056K)->4890K(5056K)
[5958.442s][info][gc             ] GC(1638) Pause Young (Allocation Failure) 4679M->2346M(4786M) 98.916ms
[5958.442s][info][gc,cpu         ] GC(1638) User=0.56s Sys=0.03s Real=0.10s
..[5960.446s][info][gc,start       ] GC(1639) Pause Young (Allocation Failure)
[5960.544s][info][gc,heap        ] GC(1639) PSYoungGen: 2619540K(2637824K)->142112K(2636800K) Eden: 2479616K(2479616K)->0K(2479616K) From: 139924K(158208K)->142112K(157184K)
[5960.544s][info][gc,heap        ] GC(1639) ParOldGen: 2263258K(2263552K)->2354298K(2354688K)
[5960.544s][info][gc,metaspace   ] GC(1639) Metaspace: 29143K(29440K)->29143K(29440K) NonClass: 24252K(24384K)->24252K(24384K) Class: 4890K(5056K)->4890K(5056K)
[5960.544s][info][gc             ] GC(1639) Pause Young (Allocation Failure) 4768M->2437M(4874M) 98.484ms
[5960.544s][info][gc,cpu         ] GC(1639) User=0.55s Sys=0.02s Real=0.10s
..[5962.488s][info][gc,start       ] GC(1640) Pause Young (Allocation Failure)
[5962.592s][info][gc,heap        ] GC(1640) PSYoungGen: 2621728K(2636800K)->145632K(2637312K) Eden: 2479616K(2479616K)->0K(2479616K) From: 142112K(157184K)->145632K(157696K)
[5962.592s][info][gc,heap        ] GC(1640) ParOldGen: 2354298K(2354688K)->2447178K(2447360K)
[5962.592s][info][gc,metaspace   ] GC(1640) Metaspace: 29143K(29440K)->29143K(29440K) NonClass: 24252K(24384K)->24252K(24384K) Class: 4890K(5056K)->4890K(5056K)
[5962.592s][info][gc             ] GC(1640) Pause Young (Allocation Failure) 4859M->2532M(4965M) 104.021ms
[5962.592s][info][gc,cpu         ] GC(1640) User=0.58s Sys=0.04s Real=0.10s
..[5964.566s][info][gc,start       ] GC(1641) Pause Young (Allocation Failure)
[5964.664s][info][gc,heap        ] GC(1641) PSYoungGen: 2625248K(2637312K)->140704K(2637824K) Eden: 2479616K(2479616K)->0K(2481152K) From: 145632K(157696K)->140704K(156672K)
[5964.664s][info][gc,heap        ] GC(1641) ParOldGen: 2447178K(2447360K)->2540002K(2540032K)
[5964.664s][info][gc,metaspace   ] GC(1641) Metaspace: 29143K(29440K)->29143K(29440K) NonClass: 24252K(24384K)->24252K(24384K) Class: 4890K(5056K)->4890K(5056K)
[5964.664s][info][gc             ] GC(1641) Pause Young (Allocation Failure) 4953M->2617M(5056M) 98.499ms
[5964.664s][info][gc,cpu         ] GC(1641) User=0.55s Sys=0.03s Real=0.10s
..[5966.569s][info][gc,start       ] GC(1642) Pause Young (Allocation Failure)
[5966.677s][info][gc,heap        ] GC(1642) PSYoungGen: 2621856K(2637824K)->155413K(2636800K) Eden: 2481152K(2481152K)->0K(2481152K) From: 140704K(156672K)->155413K(155648K)
[5966.677s][info][gc,heap        ] GC(1642) ParOldGen: 2540002K(2540032K)->2631258K(2631680K)
[5966.677s][info][gc,metaspace   ] GC(1642) Metaspace: 29143K(29440K)->29143K(29440K) NonClass: 24252K(24384K)->24252K(24384K) Class: 4890K(5056K)->4890K(5056K)
[5966.677s][info][gc             ] GC(1642) Pause Young (Allocation Failure) 5040M->2721M(5145M) 108.519ms
[5966.677s][info][gc,cpu         ] GC(1642) User=0.61s Sys=0.03s Real=0.10s
..[5968.677s][info][gc,start       ] GC(1643) Pause Young (Allocation Failure)
[5968.782s][info][gc,heap        ] GC(1643) PSYoungGen: 2636565K(2636800K)->149125K(2637312K) Eden: 2481152K(2481152K)->0K(2478080K) From: 155413K(155648K)->149125K(159232K)
[5968.782s][info][gc,heap        ] GC(1643) ParOldGen: 2631258K(2631680K)->2723898K(2724352K)
[5968.782s][info][gc,metaspace   ] GC(1643) Metaspace: 29143K(29440K)->29143K(29440K) NonClass: 24252K(24384K)->24252K(24384K) Class: 4890K(5056K)->4890K(5056K)
[5968.782s][info][gc             ] GC(1643) Pause Young (Allocation Failure) 5144M->2805M(5236M) 105.518ms
[5968.783s][info][gc,cpu         ] GC(1643) User=0.60s Sys=0.03s Real=0.11s
..[5970.714s][info][gc,start       ] GC(1644) Pause Young (Allocation Failure)
[5970.813s][info][gc,heap        ] GC(1644) PSYoungGen: 2627205K(2637312K)->142400K(2636800K) Eden: 2478080K(2478080K)->0K(2478080K) From: 149125K(159232K)->142400K(158720K)
[5970.813s][info][gc,heap        ] GC(1644) ParOldGen: 2723898K(2724352K)->2817226K(2817536K)
[5970.813s][info][gc,metaspace   ] GC(1644) Metaspace: 29143K(29440K)->29143K(29440K) NonClass: 24252K(24384K)->24252K(24384K) Class: 4890K(5056K)->4890K(5056K)
[5970.813s][info][gc             ] GC(1644) Pause Young (Allocation Failure) 5225M->2890M(5326M) 99.240ms
[5970.813s][info][gc,cpu         ] GC(1644) User=0.56s Sys=0.03s Real=0.10s
. (rIR:aIR:PR = 9824:9795:9795) (tPR = 146639) [OK] 
  5970s: Performance info:
         Transaction,    Success,    Partial,     Failed,   Receipts, AvgBarcode, 
             Overall,     594707,          0,          0,     564400,      59.48, 
         Response times:
             Request,    Success,    Partial,     Failed,   SkipFail,     Probes,    Samples,      min,      p50,      p90,      p95,      p99,      max, 
       TotalPurchase,     564397,          0,          0,          0,     350579,     408467,      300,     6600,    58000,   124000,   620000,   690000,
     InStorePurchase,     295147,          0,          0,          0,     183660,     214280,      300,     6500,    57000,   124000,   620000,   640000,
      OnlinePurchase,     210369,          0,          0,          0,     129894,     151123,      300,     6800,    59000,   123000,   640000,   690000,
        InstPurchase,      58881,          0,          0,          0,      37025,      43064,      300,     6700,    59000,   126000,   650000,   690000,
          AssocOfCat,        595,          0,          0,          0,        497,        698,    24000,    45000,   116000,   171050,   414130,   475000,
      AssocOfProduct,       6005,          0,          0,          0,       4286,       5302,      700,     7300,    60000,   112000,   352000,   542000,
      BusinessReport,       1491,          0,          0,          0,       1280,       1599,    28000,    54000,   139000,   194000,   573000,  1100000,
          CustBuyBeh,       5994,          0,          0,          0,       4248,       5149,      200,     4600,    48000,   108000,   343000,   539000,
       ProductReturn,      16208,          0,          0,          0,       9130,      10703,      200,     7400,    65000,   126000,   670000,   740000,

  5970s: (72%)   IR =   9963 .[5972.763s][info][gc,start       ] GC(1645) Pause Young (Allocation Failure)
[5972.868s][info][gc,heap        ] GC(1645) PSYoungGen: 2620480K(2636800K)->151876K(2636288K) Eden: 2478080K(2478080K)->0K(2477568K) From: 142400K(158720K)->151876K(158720K)
[5972.868s][info][gc,heap        ] GC(1645) ParOldGen: 2817226K(2817536K)->2906762K(2907136K)
[5972.868s][info][gc,metaspace   ] GC(1645) Metaspace: 29143K(29440K)->29143K(29440K) NonClass: 24252K(24384K)->24252K(24384K) Class: 4890K(5056K)->4890K(5056K)
[5972.868s][info][gc             ] GC(1645) Pause Young (Allocation Failure) 5310M->2986M(5413M) 104.603ms
[5972.868s][info][gc,cpu         ] GC(1645) User=0.59s Sys=0.03s Real=0.10s
..[5974.772s][info][gc,start       ] GC(1646) Pause Young (Allocation Failure)
[5974.880s][info][gc,heap        ] GC(1646) PSYoungGen: 2629444K(2636288K)->154058K(2631680K) Eden: 2477568K(2477568K)->0K(2477568K) From: 151876K(158720K)->154058K(154112K)
[5974.880s][info][gc,heap        ] GC(1646) ParOldGen: 2906762K(2907136K)->2999802K(2999808K)
[5974.880s][info][gc,metaspace   ] GC(1646) Metaspace: 29143K(29440K)->29143K(29440K) NonClass: 24252K(24384K)->24252K(24384K) Class: 4890K(5056K)->4890K(5056K)
[5974.880s][info][gc             ] GC(1646) Pause Young (Allocation Failure) 5406M->3079M(5499M) 107.295ms
[5974.880s][info][gc,cpu         ] GC(1646) User=0.61s Sys=0.03s Real=0.11s
..[5976.889s][info][gc,start       ] GC(1647) Pause Young (Allocation Failure)
[5976.990s][info][gc,heap        ] GC(1647) PSYoungGen: 2631626K(2631680K)->146448K(2636288K) Eden: 2477568K(2477568K)->0K(2475520K) From: 154058K(154112K)->146448K(160768K)
[5976.990s][info][gc,heap        ] GC(1647) ParOldGen: 2999802K(2999808K)->3092466K(3092480K)
[5976.990s][info][gc,metaspace   ] GC(1647) Metaspace: 29143K(29440K)->29143K(29440K) NonClass: 24252K(24384K)->24252K(24384K) Class: 4890K(5056K)->4890K(5056K)
[5976.990s][info][gc             ] GC(1647) Pause Young (Allocation Failure) 5499M->3163M(5594M) 101.035ms
[5976.990s][info][gc,cpu         ] GC(1647) User=0.57s Sys=0.03s Real=0.10s
..[5978.956s][info][gc,start       ] GC(1648) Pause Young (Allocation Failure)
[5979.062s][info][gc,heap        ] GC(1648) PSYoungGen: 2621968K(2636288K)->152730K(2635264K) Eden: 2475520K(2475520K)->0K(2475520K) From: 146448K(160768K)->152730K(159744K)
[5979.062s][info][gc,heap        ] GC(1648) ParOldGen: 3092466K(3092480K)->3183450K(3183616K)
[5979.062s][info][gc,metaspace   ] GC(1648) Metaspace: 29143K(29440K)->29143K(29440K) NonClass: 24252K(24384K)->24252K(24384K) Class: 4890K(5056K)->4890K(5056K)
[5979.062s][info][gc             ] GC(1648) Pause Young (Allocation Failure) 5580M->3257M(5682M) 105.780ms
[5979.062s][info][gc,cpu         ] GC(1648) User=0.60s Sys=0.03s Real=0.11s
..[5980.945s][info][gc,start       ] GC(1649) Pause Young (Allocation Failure)
[5981.053s][info][gc,heap        ] GC(1649) PSYoungGen: 2628250K(2635264K)->155365K(2632704K) Eden: 2475520K(2475520K)->0K(2472448K) From: 152730K(159744K)->155365K(160256K)
[5981.053s][info][gc,heap        ] GC(1649) ParOldGen: 3183450K(3183616K)->3275418K(3275776K)
[5981.053s][info][gc,metaspace   ] GC(1649) Metaspace: 29143K(29440K)->29143K(29440K) NonClass: 24252K(24384K)->24252K(24384K) Class: 4890K(5056K)->4890K(5056K)
[5981.053s][info][gc             ] GC(1649) Pause Young (Allocation Failure) 5675M->3350M(5770M) 108.064ms
[5981.053s][info][gc,cpu         ] GC(1649) User=0.62s Sys=0.02s Real=0.11s
..[5983.006s][info][gc,start       ] GC(1650) Pause Young (Allocation Failure)
[5983.109s][info][gc,heap        ] GC(1650) PSYoungGen: 2627813K(2632704K)->148032K(2634240K) Eden: 2472448K(2472448K)->0K(2472448K) From: 155365K(160256K)->148032K(161792K)
[5983.109s][info][gc,heap        ] GC(1650) ParOldGen: 3275418K(3275776K)->3368082K(3368448K)
[5983.109s][info][gc,metaspace   ] GC(1650) Metaspace: 29143K(29440K)->29143K(29440K) NonClass: 24252K(24384K)->24252K(24384K) Class: 4890K(5056K)->4890K(5056K)
[5983.109s][info][gc             ] GC(1650) Pause Young (Allocation Failure) 5764M->3433M(5862M) 103.594ms
[5983.109s][info][gc,cpu         ] GC(1650) User=0.58s Sys=0.04s Real=0.11s
..[5985.086s][info][gc,start       ] GC(1651) Pause Young (Allocation Failure)
[5985.188s][info][gc,heap        ] GC(1651) PSYoungGen: 2620480K(2634240K)->148144K(2631680K) Eden: 2472448K(2472448K)->0K(2473472K) From: 148032K(161792K)->148144K(158208K)
[5985.188s][info][gc,heap        ] GC(1651) ParOldGen: 3368082K(3368448K)->3459962K(3460096K)
[5985.188s][info][gc,metaspace   ] GC(1651) Metaspace: 29143K(29440K)->29143K(29440K) NonClass: 24252K(24384K)->24252K(24384K) Class: 4890K(5056K)->4890K(5056K)
[5985.188s][info][gc             ] GC(1651) Pause Young (Allocation Failure) 5848M->3523M(5949M) 101.789ms
[5985.188s][info][gc,cpu         ] GC(1651) User=0.58s Sys=0.02s Real=0.10s
..[5987.049s][info][gc,start       ] GC(1652) Pause Young (Allocation Failure)
[5987.154s][info][gc,heap        ] GC(1652) PSYoungGen: 2621616K(2631680K)->153664K(2633216K) Eden: 2473472K(2473472K)->0K(2473472K) From: 148144K(158208K)->153664K(159744K)
[5987.154s][info][gc,heap        ] GC(1652) ParOldGen: 3459962K(3460096K)->3550482K(3550720K)
[5987.154s][info][gc,metaspace   ] GC(1652) Metaspace: 29143K(29440K)->29143K(29440K) NonClass: 24252K(24384K)->24252K(24384K) Class: 4890K(5056K)->4890K(5056K)
[5987.154s][info][gc             ] GC(1652) Pause Young (Allocation Failure) 5939M->3617M(6039M) 105.503ms
[5987.154s][info][gc,cpu         ] GC(1652) User=0.59s Sys=0.04s Real=0.10s
..[5989.051s][info][gc,start       ] GC(1653) Pause Young (Allocation Failure)
[5989.153s][info][gc,heap        ] GC(1653) PSYoungGen: 2627136K(2633216K)->149056K(2634752K) Eden: 2473472K(2473472K)->0K(2476032K) From: 153664K(159744K)->149056K(158720K)
[5989.153s][info][gc,heap        ] GC(1653) ParOldGen: 3550482K(3550720K)->3641826K(3641856K)
[5989.153s][info][gc,metaspace   ] GC(1653) Metaspace: 29143K(29440K)->29143K(29440K) NonClass: 24252K(24384K)->24252K(24384K) Class: 4890K(5056K)->4890K(5056K)
[5989.153s][info][gc             ] GC(1653) Pause Young (Allocation Failure) 6032M->3702M(6129M) 102.035ms
[5989.153s][info][gc,cpu         ] GC(1653) User=0.57s Sys=0.03s Real=0.10s
..|[5991.052s][info][gc,start       ] GC(1654) Pause Young (Allocation Failure)
[5991.154s][info][gc,heap        ] GC(1654) PSYoungGen: 2625088K(2634752K)->146688K(2635264K) Eden: 2476032K(2476032K)->0K(2476032K) From: 149056K(158720K)->146688K(159232K)
[5991.155s][info][gc,heap        ] GC(1654) ParOldGen: 3641826K(3641856K)->3734442K(3734528K)
[5991.155s][info][gc,metaspace   ] GC(1654) Metaspace: 29143K(29440K)->29143K(29440K) NonClass: 24252K(24384K)->24252K(24384K) Class: 4890K(5056K)->4890K(5056K)
[5991.155s][info][gc             ] GC(1654) Pause Young (Allocation Failure) 6120M->3790M(6220M) 102.760ms
[5991.155s][info][gc,cpu         ] GC(1654) User=0.58s Sys=0.03s Real=0.10s
..[5993.152s][info][gc,start       ] GC(1655) Pause Young (Allocation Failure)
[5993.263s][info][gc,heap        ] GC(1655) PSYoungGen: 2622720K(2635264K)->156586K(2633216K) Eden: 2476032K(2476032K)->0K(2474496K) From: 146688K(159232K)->156586K(158720K)
[5993.263s][info][gc,heap        ] GC(1655) ParOldGen: 3734442K(3734528K)->3827986K(3828224K)
[5993.263s][info][gc,metaspace   ] GC(1655) Metaspace: 29143K(29440K)->29143K(29440K) NonClass: 24252K(24384K)->24252K(24384K) Class: 4890K(5056K)->4890K(5056K)
[5993.263s][info][gc             ] GC(1655) Pause Young (Allocation Failure) 6208M->3891M(6310M) 110.889ms
[5993.263s][info][gc,cpu         ] GC(1655) User=0.62s Sys=0.03s Real=0.11s
..[5995.237s][info][gc,start       ] GC(1656) Pause Young (Allocation Failure)
[5995.342s][info][gc,heap        ] GC(1656) PSYoungGen: 2631082K(2633216K)->154004K(2628608K) Eden: 2474496K(2474496K)->0K(2474496K) From: 156586K(158720K)->154004K(154112K)
[5995.342s][info][gc,heap        ] GC(1656) ParOldGen: 3827986K(3828224K)->3919906K(3920384K)
[5995.342s][info][gc,metaspace   ] GC(1656) Metaspace: 29143K(29440K)->29143K(29440K) NonClass: 24252K(24384K)->24252K(24384K) Class: 4890K(5056K)->4890K(5056K)
[5995.342s][info][gc             ] GC(1656) Pause Young (Allocation Failure) 6307M->3978M(6395M) 104.790ms
[5995.342s][info][gc,cpu         ] GC(1656) User=0.59s Sys=0.03s Real=0.11s
..[5997.286s][info][gc,start       ] GC(1657) Pause Young (Allocation Failure)
[5997.385s][info][gc,heap        ] GC(1657) PSYoungGen: 2628500K(2628608K)->140553K(2633728K) Eden: 2474496K(2474496K)->0K(2472448K) From: 154004K(154112K)->140553K(161280K)
[5997.385s][info][gc,heap        ] GC(1657) ParOldGen: 3919906K(3920384K)->4011042K(4011520K)
[5997.385s][info][gc,metaspace   ] GC(1657) Metaspace: 29143K(29440K)->29143K(29440K) NonClass: 24252K(24384K)->24252K(24384K) Class: 4890K(5056K)->4890K(5056K)
[5997.385s][info][gc             ] GC(1657) Pause Young (Allocation Failure) 6394M->4054M(6489M) 99.142ms
[5997.385s][info][gc,cpu         ] GC(1657) User=0.56s Sys=0.03s Real=0.10s
..[5999.343s][info][gc,start       ] GC(1658) Pause Young (Allocation Failure)
[5999.447s][info][gc,heap        ] GC(1658) PSYoungGen: 2613001K(2633728K)->143749K(2634240K) Eden: 2472448K(2472448K)->0K(2472448K) From: 140553K(161280K)->143749K(161792K)
[5999.447s][info][gc,heap        ] GC(1658) ParOldGen: 4011042K(4011520K)->4102458K(4102656K)
[5999.447s][info][gc,metaspace   ] GC(1658) Metaspace: 29143K(29440K)->29143K(29440K) NonClass: 24252K(24384K)->24252K(24384K) Class: 4890K(5056K)->4890K(5056K)
[5999.447s][info][gc             ] GC(1658) Pause Young (Allocation Failure) 6468M->4146M(6579M) 103.192ms
[5999.447s][info][gc,cpu         ] GC(1658) User=0.57s Sys=0.03s Real=0.10s
..[6001.380s][info][gc,start       ] GC(1659) Pause Young (Allocation Failure)
[6001.485s][info][gc,heap        ] GC(1659) PSYoungGen: 2616197K(2634240K)->150496K(2633216K) Eden: 2472448K(2472448K)->0K(2472960K) From: 143749K(161792K)->150496K(160256K)
[6001.485s][info][gc,heap        ] GC(1659) ParOldGen: 4102458K(4102656K)->4192866K(4193280K)
[6001.485s][info][gc,metaspace   ] GC(1659) Metaspace: 29143K(29440K)->29143K(29440K) NonClass: 24252K(24384K)->24252K(24384K) Class: 4890K(5056K)->4890K(5056K)
[6001.485s][info][gc             ] GC(1659) Pause Young (Allocation Failure) 6561M->4241M(6666M) 104.601ms
[6001.485s][info][gc,cpu         ] GC(1659) User=0.59s Sys=0.02s Real=0.10s
..[6003.493s][info][gc,start       ] GC(1660) Pause Young (Allocation Failure)
[6003.593s][info][gc,heap        ] GC(1660) PSYoungGen: 2623456K(2633216K)->139456K(2633728K) Eden: 2472960K(2472960K)->0K(2472960K) From: 150496K(160256K)->139456K(160768K)
[6003.594s][info][gc,heap        ] GC(1660) ParOldGen: 4192866K(4193280K)->4285362K(4285440K)
[6003.594s][info][gc,metaspace   ] GC(1660) Metaspace: 29143K(29440K)->29143K(29440K) NonClass: 24252K(24384K)->24252K(24384K) Class: 4890K(5056K)->4890K(5056K)
[6003.594s][info][gc             ] GC(1660) Pause Young (Allocation Failure) 6656M->4321M(6757M) 100.056ms
[6003.594s][info][gc,cpu         ] GC(1660) User=0.57s Sys=0.03s Real=0.10s
..[6005.538s][info][gc,start       ] GC(1661) Pause Young (Allocation Failure)
[6005.642s][info][gc,heap        ] GC(1661) PSYoungGen: 2612416K(2633728K)->144704K(2633728K) Eden: 2472960K(2472960K)->0K(2473984K) From: 139456K(160768K)->144704K(159744K)
[6005.642s][info][gc,heap        ] GC(1661) ParOldGen: 4285362K(4285440K)->4378722K(4379136K)
[6005.642s][info][gc,metaspace   ] GC(1661) Metaspace: 29143K(29440K)->29143K(29440K) NonClass: 24252K(24384K)->24252K(24384K) Class: 4890K(5056K)->4890K(5056K)
[6005.642s][info][gc             ] GC(1661) Pause Young (Allocation Failure) 6736M->4417M(6848M) 103.912ms
[6005.642s][info][gc,cpu         ] GC(1661) User=0.58s Sys=0.03s Real=0.11s
..[6007.501s][info][gc,start       ] GC(1662) Pause Young (Allocation Failure)
[6007.603s][info][gc,heap        ] GC(1662) PSYoungGen: 2618688K(2633728K)->145664K(2634240K) Eden: 2473984K(2473984K)->0K(2473984K) From: 144704K(159744K)->145664K(160256K)
[6007.603s][info][gc,heap        ] GC(1662) ParOldGen: 4378722K(4379136K)->4469322K(4469760K)
[6007.603s][info][gc,metaspace   ] GC(1662) Metaspace: 29143K(29440K)->29143K(29440K) NonClass: 24252K(24384K)->24252K(24384K) Class: 4890K(5056K)->4890K(5056K)
[6007.603s][info][gc             ] GC(1662) Pause Young (Allocation Failure) 6833M->4506M(6937M) 102.673ms
[6007.603s][info][gc,cpu         ] GC(1662) User=0.57s Sys=0.04s Real=0.10s
..[6009.569s][info][gc,start       ] GC(1663) Pause Young (Allocation Failure)
[6009.671s][info][gc,heap        ] GC(1663) PSYoungGen: 2619648K(2634240K)->137600K(2635264K) Eden: 2473984K(2473984K)->0K(2475520K) From: 145664K(160256K)->137600K(159744K)
[6009.671s][info][gc,heap        ] GC(1663) ParOldGen: 4469322K(4469760K)->4564714K(4564992K)
[6009.671s][info][gc,metaspace   ] GC(1663) Metaspace: 29143K(29440K)->29143K(29440K) NonClass: 24252K(24384K)->24252K(24384K) Class: 4890K(5056K)->4890K(5056K)
[6009.671s][info][gc             ] GC(1663) Pause Young (Allocation Failure) 6922M->4592M(7031M) 101.414ms
[6009.671s][info][gc,cpu         ] GC(1663) User=0.56s Sys=0.04s Real=0.10s
..[6011.577s][info][gc,start       ] GC(1664) Pause Young (Allocation Failure)
[6011.676s][info][gc,heap        ] GC(1664) PSYoungGen: 2613120K(2635264K)->139744K(2635776K) Eden: 2475520K(2475520K)->0K(2475520K) From: 137600K(159744K)->139744K(160256K)
[6011.676s][info][gc,heap        ] GC(1664) ParOldGen: 4564714K(4564992K)->4655282K(4655616K)
[6011.676s][info][gc,metaspace   ] GC(1664) Metaspace: 29143K(29440K)->29143K(29440K) NonClass: 24252K(24384K)->24252K(24384K) Class: 4890K(5056K)->4890K(5056K)
[6011.676s][info][gc             ] GC(1664) Pause Young (Allocation Failure) 7009M->4682M(7120M) 98.892ms
[6011.676s][info][gc,cpu         ] GC(1664) User=0.55s Sys=0.04s Real=0.10s
..[6013.615s][info][gc,start       ] GC(1665) Pause Young (Allocation Failure)
[6013.720s][info][gc,heap        ] GC(1665) PSYoungGen: 2615264K(2635776K)->149232K(2635776K) Eden: 2475520K(2475520K)->0K(2476032K) From: 139744K(160256K)->149232K(159744K)
[6013.720s][info][gc,heap        ] GC(1665) ParOldGen: 4655282K(4655616K)->4746850K(4747264K)
[6013.720s][info][gc,metaspace   ] GC(1665) Metaspace: 29143K(29440K)->29143K(29440K) NonClass: 24252K(24384K)->24252K(24384K) Class: 4890K(5056K)->4890K(5056K)
[6013.720s][info][gc             ] GC(1665) Pause Young (Allocation Failure) 7100M->4781M(7210M) 104.581ms
[6013.720s][info][gc,cpu         ] GC(1665) User=0.59s Sys=0.03s Real=0.11s
..[6015.722s][info][gc,start       ] GC(1666) Pause Young (Allocation Failure)
[6015.828s][info][gc,heap        ] GC(1666) PSYoungGen: 2625264K(2635776K)->151828K(2628096K) Eden: 2476032K(2476032K)->0K(2476032K) From: 149232K(159744K)->151828K(152064K)
[6015.828s][info][gc,heap        ] GC(1666) ParOldGen: 4746850K(4747264K)->4836970K(4837376K)
[6015.828s][info][gc,metaspace   ] GC(1666) Metaspace: 29143K(29440K)->29143K(29440K) NonClass: 24252K(24384K)->24252K(24384K) Class: 4890K(5056K)->4890K(5056K)
[6015.828s][info][gc             ] GC(1666) Pause Young (Allocation Failure) 7199M->4871M(7290M) 106.498ms
[6015.828s][info][gc,cpu         ] GC(1666) User=0.61s Sys=0.02s Real=0.10s
..[6017.579s][info][gc,start       ] GC(1667) Pause Young (Allocation Failure)
[6017.681s][info][gc,heap        ] GC(1667) PSYoungGen: 2627860K(2628096K)->137728K(2635264K) Eden: 2476032K(2476032K)->0K(2474496K) From: 151828K(152064K)->137728K(160768K)
[6017.681s][info][gc,heap        ] GC(1667) ParOldGen: 4836970K(4837376K)->4933274K(4933632K)
[6017.682s][info][gc,metaspace   ] GC(1667) Metaspace: 29143K(29440K)->29143K(29440K) NonClass: 24252K(24384K)->24252K(24384K) Class: 4890K(5056K)->4890K(5056K)
[6017.682s][info][gc             ] GC(1667) Pause Young (Allocation Failure) 7289M->4952M(7391M) 102.793ms
[6017.682s][info][gc,cpu         ] GC(1667) User=0.57s Sys=0.03s Real=0.10s
..[6019.652s][info][gc,start       ] GC(1668) Pause Young (Allocation Failure)
[6019.751s][info][gc,heap        ] GC(1668) PSYoungGen: 2612224K(2635264K)->139936K(2614784K) Eden: 2474496K(2474496K)->0K(2474496K) From: 137728K(160768K)->139936K(140288K)
[6019.751s][info][gc,heap        ] GC(1668) ParOldGen: 4933274K(4933632K)->5022186K(5022208K)
[6019.751s][info][gc,metaspace   ] GC(1668) Metaspace: 29143K(29440K)->29143K(29440K) NonClass: 24252K(24384K)->24252K(24384K) Class: 4890K(5056K)->4890K(5056K)
[6019.751s][info][gc             ] GC(1668) Pause Young (Allocation Failure) 7368M->5041M(7458M) 99.267ms
[6019.751s][info][gc,cpu         ] GC(1668) User=0.56s Sys=0.02s Real=0.10s
..[6021.737s][info][gc,start       ] GC(1669) Pause Young (Allocation Failure)
[6021.840s][info][gc,heap        ] GC(1669) PSYoungGen: 2614432K(2614784K)->147744K(2635264K) Eden: 2474496K(2474496K)->0K(2475008K) From: 139936K(140288K)->147744K(160256K)
[6021.840s][info][gc,heap        ] GC(1669) ParOldGen: 5022186K(5022208K)->5112882K(5113344K)
[6021.840s][info][gc,metaspace   ] GC(1669) Metaspace: 29143K(29440K)->29143K(29440K) NonClass: 24252K(24384K)->24252K(24384K) Class: 4890K(5056K)->4890K(5056K)
[6021.840s][info][gc             ] GC(1669) Pause Young (Allocation Failure) 7457M->5137M(7567M) 103.044ms
[6021.840s][info][gc,cpu         ] GC(1669) User=0.58s Sys=0.03s Real=0.11s
..[6023.738s][info][gc,start       ] GC(1670) Pause Young (Allocation Failure)
[6023.851s][info][gc,heap        ] GC(1670) PSYoungGen: 2622511K(2635264K)->155596K(2630656K) Eden: 2474767K(2475008K)->0K(2475008K) From: 147744K(160256K)->155596K(155648K)
[6023.851s][info][gc,heap        ] GC(1670) ParOldGen: 5112882K(5113344K)->5207794K(5208064K)
[6023.851s][info][gc,metaspace   ] GC(1670) Metaspace: 29143K(29440K)->29143K(29440K) NonClass: 24252K(24384K)->24252K(24384K) Class: 4890K(5056K)->4890K(5056K)
[6023.851s][info][gc             ] GC(1670) Pause Young (Allocation Failure) 7554M->5237M(7655M) 112.558ms
[6023.851s][info][gc,cpu         ] GC(1670) User=0.63s Sys=0.03s Real=0.12s
..[6025.789s][info][gc,start       ] GC(1671) Pause Young (Allocation Failure)
[6025.894s][info][gc,heap        ] GC(1671) PSYoungGen: 2630604K(2630656K)->149029K(2634752K) Eden: 2475008K(2475008K)->0K(2472960K) From: 155596K(155648K)->149029K(161792K)
[6025.894s][info][gc,heap        ] GC(1671) ParOldGen: 5207794K(5208064K)->5298154K(5298176K)
[6025.894s][info][gc,metaspace   ] GC(1671) Metaspace: 29143K(29440K)->29143K(29440K) NonClass: 24252K(24384K)->24252K(24384K) Class: 4890K(5056K)->4890K(5056K)
[6025.894s][info][gc             ] GC(1671) Pause Young (Allocation Failure) 7654M->5319M(7747M) 105.017ms
[6025.894s][info][gc,cpu         ] GC(1671) User=0.59s Sys=0.03s Real=0.10s
..[6027.820s][info][gc,start       ] GC(1672) Pause Young (Allocation Failure)
[6027.929s][info][gc,heap        ] GC(1672) PSYoungGen: 2621989K(2634752K)->151752K(2634240K) Eden: 2472960K(2472960K)->0K(2472960K) From: 149029K(161792K)->151752K(161280K)
[6027.929s][info][gc,heap        ] GC(1672) ParOldGen: 5298154K(5298176K)->5393034K(5393408K)
[6027.929s][info][gc,metaspace   ] GC(1672) Metaspace: 29143K(29440K)->29143K(29440K) NonClass: 24252K(24384K)->24252K(24384K) Class: 4890K(5056K)->4890K(5056K)
[6027.929s][info][gc             ] GC(1672) Pause Young (Allocation Failure) 7734M->5414M(7839M) 109.092ms
[6027.929s][info][gc,cpu         ] GC(1672) User=0.61s Sys=0.03s Real=0.11s
..[6029.832s][info][gc,start       ] GC(1673) Pause Young (Allocation Failure)
[6029.938s][info][gc,heap        ] GC(1673) PSYoungGen: 2624712K(2634240K)->150213K(2634240K) Eden: 2472960K(2472960K)->0K(2472448K) From: 151752K(161280K)->150213K(161792K)
[6029.938s][info][gc,heap        ] GC(1673) ParOldGen: 5393034K(5393408K)->5484122K(5484544K)
[6029.938s][info][gc,metaspace   ] GC(1673) Metaspace: 29143K(29440K)->29143K(29440K) NonClass: 24252K(24384K)->24252K(24384K) Class: 4890K(5056K)->4890K(5056K)
[6029.938s][info][gc             ] GC(1673) Pause Young (Allocation Failure) 7829M->5502M(7928M) 106.347ms
[6029.938s][info][gc,cpu         ] GC(1673) User=0.60s Sys=0.03s Real=0.10s
..[6031.973s][info][gc,start       ] GC(1674) Pause Young (Allocation Failure)
[6032.081s][info][gc,heap        ] GC(1674) PSYoungGen: 2622661K(2634240K)->153476K(2626048K) Eden: 2472448K(2472448K)->0K(2472448K) From: 150213K(161792K)->153476K(153600K)
[6032.081s][info][gc,heap        ] GC(1674) ParOldGen: 5484122K(5484544K)->5575202K(5575680K)
[6032.081s][info][gc,metaspace   ] GC(1674) Metaspace: 29143K(29440K)->29143K(29440K) NonClass: 24252K(24384K)->24252K(24384K) Class: 4890K(5056K)->4890K(5056K)
[6032.081s][info][gc             ] GC(1674) Pause Young (Allocation Failure) 7916M->5594M(8009M) 107.942ms
[6032.081s][info][gc,cpu         ] GC(1674) User=0.61s Sys=0.03s Real=0.11s
..[6033.972s][info][gc,start       ] GC(1675) Pause Full (Allocation Failure)
[6033.972s][info][gc,phases,start] GC(1675) Marking Phase
[6034.268s][info][gc,phases      ] GC(1675) Marking Phase 295.508ms
[6034.268s][info][gc,phases,start] GC(1675) Summary Phase
[6034.268s][info][gc,phases      ] GC(1675) Summary Phase 0.105ms
[6034.268s][info][gc,phases,start] GC(1675) Forward
[6034.402s][info][gc,phases      ] GC(1675) Forward 134.325ms
[6034.402s][info][gc,phases,start] GC(1675) Adjust Pointers
[6034.603s][info][gc,phases      ] GC(1675) Adjust Pointers 200.472ms
[6034.603s][info][gc,phases,start] GC(1675) Compaction Phase
[6034.732s][info][gc,phases      ] GC(1675) Compaction Phase 129.394ms
[6034.734s][info][gc,phases,start] GC(1675) Post Compact
[6034.741s][info][gc,phases      ] GC(1675) Post Compact 6.923ms
[6034.879s][info][gc,heap        ] GC(1675) PSYoungGen: 2625924K(2626048K)->0K(2633728K) Eden: 2472448K(2472448K)->0K(2471424K) From: 153476K(153600K)->0K(162304K)
[6034.879s][info][gc,heap        ] GC(1675) ParOldGen: 5575202K(5575680K)->1436855K(1718272K)
[6034.879s][info][gc,metaspace   ] GC(1675) Metaspace: 29143K(29440K)->29143K(29440K) NonClass: 24252K(24384K)->24252K(24384K) Class: 4890K(5056K)->4890K(5056K)
[6034.879s][info][gc             ] GC(1675) Pause Full (Allocation Failure) 8008M->1403M(4250M) 906.730ms
[6034.879s][info][gc,cpu         ] GC(1675) User=4.05s Sys=0.14s Real=0.91s
..[6036.335s][info][gc,start       ] GC(1676) Pause Young (Allocation Failure)
[6036.400s][info][gc,heap        ] GC(1676) PSYoungGen: 2471424K(2633728K)->140608K(2633728K) Eden: 2471424K(2471424K)->0K(2471424K) From: 0K(162304K)->140608K(162304K)
[6036.400s][info][gc,heap        ] GC(1676) ParOldGen: 1436855K(1718272K)->1436855K(1718272K)
[6036.400s][info][gc,metaspace   ] GC(1676) Metaspace: 29143K(29440K)->29143K(29440K) NonClass: 24252K(24384K)->24252K(24384K) Class: 4890K(5056K)->4890K(5056K)
[6036.400s][info][gc             ] GC(1676) Pause Young (Allocation Failure) 3816M->1540M(4250M) 64.506ms
[6036.400s][info][gc,cpu         ] GC(1676) User=0.38s Sys=0.00s Real=0.07s
..[6038.048s][info][gc,start       ] GC(1677) Pause Young (Allocation Failure)
[6038.146s][info][gc,heap        ] GC(1677) PSYoungGen: 2612032K(2633728K)->149440K(2632704K) Eden: 2471424K(2471424K)->0K(2471424K) From: 140608K(162304K)->149440K(161280K)
[6038.146s][info][gc,heap        ] GC(1677) ParOldGen: 1436855K(1718272K)->1529103K(1718272K)
[6038.146s][info][gc,metaspace   ] GC(1677) Metaspace: 29143K(29440K)->29143K(29440K) NonClass: 24252K(24384K)->24252K(24384K) Class: 4890K(5056K)->4890K(5056K)
[6038.146s][info][gc             ] GC(1677) Pause Young (Allocation Failure) 3953M->1639M(4249M) 97.801ms
[6038.146s][info][gc,cpu         ] GC(1677) User=0.58s Sys=0.00s Real=0.09s
..[6040.050s][info][gc,start       ] GC(1678) Pause Young (Allocation Failure)
[6040.150s][info][gc,heap        ] GC(1678) PSYoungGen: 2620864K(2632704K)->151680K(2633216K) Eden: 2471424K(2471424K)->0K(2471424K) From: 149440K(161280K)->151680K(161792K)
[6040.150s][info][gc,heap        ] GC(1678) ParOldGen: 1529103K(1718272K)->1620551K(1718272K)
[6040.150s][info][gc,metaspace   ] GC(1678) Metaspace: 29143K(29440K)->29143K(29440K) NonClass: 24252K(24384K)->24252K(24384K) Class: 4890K(5056K)->4890K(5056K)
[6040.150s][info][gc             ] GC(1678) Pause Young (Allocation Failure) 4052M->1730M(4249M) 99.603ms
[6040.150s][info][gc,cpu         ] GC(1678) User=0.59s Sys=0.00s Real=0.10s
..[6042.031s][info][gc,start       ] GC(1679) Pause Young (Allocation Failure)
[6042.132s][info][gc,heap        ] GC(1679) PSYoungGen: 2623104K(2633216K)->150180K(2633216K) Eden: 2471424K(2471424K)->0K(2472448K) From: 151680K(161792K)->150180K(160768K)
[6042.132s][info][gc,heap        ] GC(1679) ParOldGen: 1620551K(1718272K)->1714679K(1718272K)
[6042.132s][info][gc,metaspace   ] GC(1679) Metaspace: 29143K(29440K)->29143K(29440K) NonClass: 24252K(24384K)->24252K(24384K) Class: 4890K(5056K)->4890K(5056K)
[6042.132s][info][gc             ] GC(1679) Pause Young (Allocation Failure) 4144M->1821M(4249M) 100.787ms
[6042.132s][info][gc,cpu         ] GC(1679) User=0.59s Sys=0.00s Real=0.10s
..[6043.977s][info][gc,start       ] GC(1680) Pause Young (Allocation Failure)
[6044.077s][info][gc,heap        ] GC(1680) PSYoungGen: 2622628K(2633216K)->144448K(2633728K) Eden: 2472448K(2472448K)->0K(2472448K) From: 150180K(160768K)->144448K(161280K)
[6044.077s][info][gc,heap        ] GC(1680) ParOldGen: 1714679K(1718272K)->1806367K(1806848K)
[6044.077s][info][gc,metaspace   ] GC(1680) Metaspace: 29143K(29440K)->29143K(29440K) NonClass: 24252K(24384K)->24252K(24384K) Class: 4890K(5056K)->4890K(5056K)
[6044.077s][info][gc             ] GC(1680) Pause Young (Allocation Failure) 4235M->1905M(4336M) 100.127ms
[6044.077s][info][gc,cpu         ] GC(1680) User=0.56s Sys=0.03s Real=0.10s
..[6045.978s][info][gc,start       ] GC(1681) Pause Young (Allocation Failure)
[6046.079s][info][gc,heap        ] GC(1681) PSYoungGen: 2616896K(2633728K)->149280K(2632704K) Eden: 2472448K(2472448K)->0K(2473984K) From: 144448K(161280K)->149280K(158720K)
[6046.079s][info][gc,heap        ] GC(1681) ParOldGen: 1806367K(1806848K)->1897535K(1897984K)
[6046.079s][info][gc,metaspace   ] GC(1681) Metaspace: 29143K(29440K)->29143K(29440K) NonClass: 24252K(24384K)->24252K(24384K) Class: 4890K(5056K)->4890K(5056K)
[6046.079s][info][gc             ] GC(1681) Pause Young (Allocation Failure) 4319M->1998M(4424M) 101.113ms
[6046.079s][info][gc,cpu         ] GC(1681) User=0.56s Sys=0.03s Real=0.11s
.[6047.929s][info][gc,start       ] GC(1682) Pause Young (Allocation Failure)
[6048.037s][info][gc,heap        ] GC(1682) PSYoungGen: 2623264K(2632704K)->159098K(2633216K) Eden: 2473984K(2473984K)->0K(2473984K) From: 149280K(158720K)->159098K(159232K)
[6048.037s][info][gc,heap        ] GC(1682) ParOldGen: 1897535K(1897984K)->1991311K(1991680K)
[6048.037s][info][gc,metaspace   ] GC(1682) Metaspace: 29143K(29440K)->29143K(29440K) NonClass: 24252K(24384K)->24252K(24384K) Class: 4890K(5056K)->4890K(5056K)
[6048.037s][info][gc             ] GC(1682) Pause Young (Allocation Failure) 4414M->2100M(4516M) 108.578ms
[6048.037s][info][gc,cpu         ] GC(1682) User=0.62s Sys=0.02s Real=0.10s
..[6049.996s][info][gc,start       ] GC(1683) Pause Young (Allocation Failure)
[6050.096s][info][gc,heap        ] GC(1683) PSYoungGen: 2633082K(2633216K)->145632K(2634240K) Eden: 2473984K(2473984K)->0K(2471424K) From: 159098K(159232K)->145632K(162816K)
[6050.096s][info][gc,heap        ] GC(1683) ParOldGen: 1991311K(1991680K)->2081983K(2082304K)
[6050.096s][info][gc,metaspace   ] GC(1683) Metaspace: 29143K(29440K)->29143K(29440K) NonClass: 24252K(24384K)->24252K(24384K) Class: 4890K(5056K)->4890K(5056K)
[6050.096s][info][gc             ] GC(1683) Pause Young (Allocation Failure) 4516M->2175M(4606M) 99.486ms
[6050.096s][info][gc,cpu         ] GC(1683) User=0.56s Sys=0.02s Real=0.10s
.. (rIR:aIR:PR = 9963:9967:9967) (tPR = 148365) [OK] 
  6051s: Performance info:
         Transaction,    Success,    Partial,     Failed,   Receipts, AvgBarcode, 
             Overall,     607087,          0,          0,     577034,      59.47, 
         Response times:
             Request,    Success,    Partial,     Failed,   SkipFail,     Probes,    Samples,      min,      p50,      p90,      p95,      p99,      max, 
       TotalPurchase,     577034,          0,          0,          0,     352844,     482920,      300,     7100,    56000,   105000,   372000,   940000,
     InStorePurchase,     302786,          0,          0,          0,     184977,     253536,      300,     7200,    59000,   112000,   327000,   940000,
      OnlinePurchase,     212630,          0,          0,          0,     129876,     177536,      300,     7200,    53000,    93000,   372000,   930000,
        InstPurchase,      61618,          0,          0,          0,      37991,      51848,      300,     6300,    55000,   106000,   407000,   930000,
          AssocOfCat,        608,          0,          0,          0,        513,        783,    22000,    43000,    94600,   153800,   531960,  1100000,
      AssocOfProduct,       6087,          0,          0,          0,       4545,       6457,      800,     8000,    60000,   109000,   422000,   630000,
      BusinessReport,       1517,          0,          0,          0,       1332,       1949,    27000,    55000,   138000,   180500,   620000,  1100000,
          CustBuyBeh,       6055,          0,          0,          0,       4445,       6284,      300,     6200,    56000,   112000,   487000,   920000,
       ProductReturn,      15785,          0,          0,          0,       9343,      12969,      200,     6600,    58000,   109000,   564000,   930000,

  6051s: (73%)   IR =  10101 [6052.063s][info][gc,start       ] GC(1684) Pause Young (Allocation Failure)
[6052.166s][info][gc,heap        ] GC(1684) PSYoungGen: 2617056K(2634240K)->152832K(2633216K) Eden: 2471424K(2471424K)->0K(2471424K) From: 145632K(162816K)->152832K(161792K)
[6052.166s][info][gc,heap        ] GC(1684) ParOldGen: 2081983K(2082304K)->2172903K(2172928K)
[6052.166s][info][gc,metaspace   ] GC(1684) Metaspace: 29143K(29440K)->29143K(29440K) NonClass: 24252K(24384K)->24252K(24384K) Class: 4890K(5056K)->4890K(5056K)
[6052.166s][info][gc             ] GC(1684) Pause Young (Allocation Failure) 4588M->2271M(4693M) 103.324ms
[6052.166s][info][gc,cpu         ] GC(1684) User=0.58s Sys=0.02s Real=0.10s
..[6054.046s][info][gc,start       ] GC(1685) Pause Young (Allocation Failure)
[6054.146s][info][gc,heap        ] GC(1685) PSYoungGen: 2624256K(2633216K)->140192K(2633728K) Eden: 2471424K(2471424K)->0K(2471424K) From: 152832K(161792K)->140192K(162304K)
[6054.146s][info][gc,heap        ] GC(1685) ParOldGen: 2172903K(2172928K)->2270071K(2270208K)
[6054.146s][info][gc,metaspace   ] GC(1685) Metaspace: 29143K(29440K)->29143K(29440K) NonClass: 24252K(24384K)->24252K(24384K) Class: 4890K(5056K)->4890K(5056K)
[6054.146s][info][gc             ] GC(1685) Pause Young (Allocation Failure) 4684M->2353M(4789M) 100.251ms
[6054.146s][info][gc,cpu         ] GC(1685) User=0.57s Sys=0.02s Real=0.10s
..[6056.072s][info][gc,start       ] GC(1686) Pause Young (Allocation Failure)
[6056.175s][info][gc,heap        ] GC(1686) PSYoungGen: 2611616K(2633728K)->153153K(2625024K) Eden: 2471424K(2471424K)->0K(2471424K) From: 140192K(162304K)->153153K(153600K)
[6056.175s][info][gc,heap        ] GC(1686) ParOldGen: 2270071K(2270208K)->2359743K(2359808K)
[6056.175s][info][gc,metaspace   ] GC(1686) Metaspace: 29143K(29440K)->29143K(29440K) NonClass: 24252K(24384K)->24252K(24384K) Class: 4890K(5056K)->4890K(5056K)
[6056.175s][info][gc             ] GC(1686) Pause Young (Allocation Failure) 4767M->2454M(4868M) 103.417ms
[6056.175s][info][gc,cpu         ] GC(1686) User=0.58s Sys=0.03s Real=0.10s
..[6058.132s][info][gc,start       ] GC(1687) Pause Young (Allocation Failure)
[6058.231s][info][gc,heap        ] GC(1687) PSYoungGen: 2624577K(2625024K)->145856K(2634240K) Eden: 2471424K(2471424K)->0K(2471424K) From: 153153K(153600K)->145856K(162816K)
[6058.231s][info][gc,heap        ] GC(1687) ParOldGen: 2359743K(2359808K)->2452047K(2452480K)
[6058.231s][info][gc,metaspace   ] GC(1687) Metaspace: 29143K(29440K)->29143K(29440K) NonClass: 24252K(24384K)->24252K(24384K) Class: 4890K(5056K)->4890K(5056K)
[6058.231s][info][gc             ] GC(1687) Pause Young (Allocation Failure) 4867M->2537M(4967M) 99.280ms
[6058.231s][info][gc,cpu         ] GC(1687) User=0.57s Sys=0.02s Real=0.10s
..[6060.083s][info][gc,start       ] GC(1688) Pause Young (Allocation Failure)
[6060.185s][info][gc,heap        ] GC(1688) PSYoungGen: 2617280K(2634240K)->144800K(2616320K) Eden: 2471424K(2471424K)->0K(2471424K) From: 145856K(162816K)->144800K(144896K)
[6060.185s][info][gc,heap        ] GC(1688) ParOldGen: 2452047K(2452480K)->2544199K(2544640K)
[6060.185s][info][gc,metaspace   ] GC(1688) Metaspace: 29143K(29440K)->29143K(29440K) NonClass: 24252K(24384K)->24252K(24384K) Class: 4890K(5056K)->4890K(5056K)
[6060.185s][info][gc             ] GC(1688) Pause Young (Allocation Failure) 4950M->2625M(5040M) 102.407ms
[6060.185s][info][gc,cpu         ] GC(1688) User=0.58s Sys=0.03s Real=0.10s
..|[6062.238s][info][gc,start       ] GC(1689) Pause Young (Allocation Failure)
[6062.335s][info][gc,heap        ] GC(1689) PSYoungGen: 2616224K(2616320K)->139392K(2632704K) Eden: 2471424K(2471424K)->0K(2471424K) From: 144800K(144896K)->139392K(161280K)
[6062.335s][info][gc,heap        ] GC(1689) ParOldGen: 2544199K(2544640K)->2634831K(2635264K)
[6062.335s][info][gc,metaspace   ] GC(1689) Metaspace: 29143K(29440K)->29143K(29440K) NonClass: 24252K(24384K)->24252K(24384K) Class: 4890K(5056K)->4890K(5056K)
[6062.335s][info][gc             ] GC(1689) Pause Young (Allocation Failure) 5039M->2709M(5144M) 97.525ms
[6062.335s][info][gc,cpu         ] GC(1689) User=0.53s Sys=0.04s Real=0.10s
..[6064.204s][info][gc,start       ] GC(1690) Pause Young (Allocation Failure)
[6064.307s][info][gc,heap        ] GC(1690) PSYoungGen: 2610816K(2632704K)->153269K(2632704K) Eden: 2471424K(2471424K)->0K(2471424K) From: 139392K(161280K)->153269K(161280K)
[6064.307s][info][gc,heap        ] GC(1690) ParOldGen: 2634831K(2635264K)->2727655K(2727936K)
[6064.307s][info][gc,metaspace   ] GC(1690) Metaspace: 29143K(29440K)->29143K(29440K) NonClass: 24252K(24384K)->24252K(24384K) Class: 4890K(5056K)->4890K(5056K)
[6064.308s][info][gc             ] GC(1690) Pause Young (Allocation Failure) 5122M->2813M(5235M) 103.570ms
[6064.308s][info][gc,cpu         ] GC(1690) User=0.58s Sys=0.04s Real=0.10s
..[6066.201s][info][gc,start       ] GC(1691) Pause Young (Allocation Failure)
[6066.304s][info][gc,heap        ] GC(1691) PSYoungGen: 2624693K(2632704K)->148448K(2633728K) Eden: 2471424K(2471424K)->0K(2472448K) From: 153269K(161280K)->148448K(161280K)
[6066.304s][info][gc,heap        ] GC(1691) ParOldGen: 2727655K(2727936K)->2818903K(2819072K)
[6066.304s][info][gc,metaspace   ] GC(1691) Metaspace: 29143K(29440K)->29143K(29440K) NonClass: 24252K(24384K)->24252K(24384K) Class: 4890K(5056K)->4890K(5056K)
[6066.304s][info][gc             ] GC(1691) Pause Young (Allocation Failure) 5226M->2897M(5325M) 102.666ms
[6066.304s][info][gc,cpu         ] GC(1691) User=0.58s Sys=0.02s Real=0.10s
..[6068.224s][info][gc,start       ] GC(1692) Pause Young (Allocation Failure)
[6068.329s][info][gc,heap        ] GC(1692) PSYoungGen: 2620896K(2633728K)->152820K(2633728K) Eden: 2472448K(2472448K)->0K(2472448K) From: 148448K(161280K)->152820K(161280K)
[6068.329s][info][gc,heap        ] GC(1692) ParOldGen: 2818903K(2819072K)->2911223K(2911232K)
[6068.329s][info][gc,metaspace   ] GC(1692) Metaspace: 29143K(29440K)->29143K(29440K) NonClass: 24252K(24384K)->24252K(24384K) Class: 4890K(5056K)->4890K(5056K)
[6068.329s][info][gc             ] GC(1692) Pause Young (Allocation Failure) 5312M->2992M(5415M) 105.469ms
[6068.330s][info][gc,cpu         ] GC(1692) User=0.60s Sys=0.02s Real=0.11s
..[6070.266s][info][gc,start       ] GC(1693) Pause Young (Allocation Failure)
[6070.365s][info][gc,heap        ] GC(1693) PSYoungGen: 2625268K(2633728K)->140356K(2634240K) Eden: 2472448K(2472448K)->0K(2472448K) From: 152820K(161280K)->140356K(161792K)
[6070.365s][info][gc,heap        ] GC(1693) ParOldGen: 2911223K(2911232K)->3002799K(3002880K)
[6070.365s][info][gc,metaspace   ] GC(1693) Metaspace: 29143K(29440K)->29143K(29440K) NonClass: 24252K(24384K)->24252K(24384K) Class: 4890K(5056K)->4890K(5056K)
[6070.365s][info][gc             ] GC(1693) Pause Young (Allocation Failure) 5406M->3069M(5505M) 98.825ms
[6070.365s][info][gc,cpu         ] GC(1693) User=0.57s Sys=0.02s Real=0.10s
..[6072.312s][info][gc,start       ] GC(1694) Pause Young (Allocation Failure)
[6072.413s][info][gc,heap        ] GC(1694) PSYoungGen: 2612804K(2634240K)->145534K(2618368K) Eden: 2472448K(2472448K)->0K(2472448K) From: 140356K(161792K)->145534K(145920K)
[6072.413s][info][gc,heap        ] GC(1694) ParOldGen: 3002799K(3002880K)->3094519K(3094528K)
[6072.414s][info][gc,metaspace   ] GC(1694) Metaspace: 29143K(29440K)->29143K(29440K) NonClass: 24252K(24384K)->24252K(24384K) Class: 4890K(5056K)->4890K(5056K)
[6072.414s][info][gc             ] GC(1694) Pause Young (Allocation Failure) 5483M->3164M(5579M) 101.857ms
[6072.414s][info][gc,cpu         ] GC(1694) User=0.58s Sys=0.02s Real=0.10s
..[6074.320s][info][gc,start       ] GC(1695) Pause Young (Allocation Failure)
[6074.425s][info][gc,heap        ] GC(1695) PSYoungGen: 2617982K(2618368K)->149440K(2633728K) Eden: 2472448K(2472448K)->0K(2472960K) From: 145534K(145920K)->149440K(160768K)
[6074.425s][info][gc,heap        ] GC(1695) ParOldGen: 3094519K(3094528K)->3186239K(3186688K)
[6074.425s][info][gc,metaspace   ] GC(1695) Metaspace: 29143K(29440K)->29143K(29440K) NonClass: 24252K(24384K)->24252K(24384K) Class: 4890K(5056K)->4890K(5056K)
[6074.425s][info][gc             ] GC(1695) Pause Young (Allocation Failure) 5578M->3257M(5684M) 105.068ms
[6074.425s][info][gc,cpu         ] GC(1695) User=0.58s Sys=0.04s Real=0.10s
..[6076.397s][info][gc,start       ] GC(1696) Pause Young (Allocation Failure)
[6076.497s][info][gc,heap        ] GC(1696) PSYoungGen: 2622400K(2633728K)->144448K(2633216K) Eden: 2472960K(2472960K)->0K(2472960K) From: 149440K(160768K)->144448K(160256K)
[6076.497s][info][gc,heap        ] GC(1696) ParOldGen: 3186239K(3186688K)->3277151K(3277312K)
[6076.497s][info][gc,metaspace   ] GC(1696) Metaspace: 29143K(29440K)->29143K(29440K) NonClass: 24252K(24384K)->24252K(24384K) Class: 4890K(5056K)->4890K(5056K)
[6076.497s][info][gc             ] GC(1696) Pause Young (Allocation Failure) 5672M->3341M(5772M) 100.070ms
[6076.497s][info][gc,cpu         ] GC(1696) User=0.57s Sys=0.02s Real=0.10s
..[6078.435s][info][gc,start       ] GC(1697) Pause Young (Allocation Failure)
[6078.536s][info][gc,heap        ] GC(1697) PSYoungGen: 2617408K(2633216K)->145353K(2634752K) Eden: 2472960K(2472960K)->0K(2475520K) From: 144448K(160256K)->145353K(159232K)
[6078.536s][info][gc,heap        ] GC(1697) ParOldGen: 3277151K(3277312K)->3370879K(3371008K)
[6078.536s][info][gc,metaspace   ] GC(1697) Metaspace: 29143K(29440K)->29143K(29440K) NonClass: 24252K(24384K)->24252K(24384K) Class: 4890K(5056K)->4890K(5056K)
[6078.536s][info][gc             ] GC(1697) Pause Young (Allocation Failure) 5756M->3433M(5865M) 101.231ms
[6078.536s][info][gc,cpu         ] GC(1697) User=0.57s Sys=0.03s Real=0.10s
..[6080.442s][info][gc,start       ] GC(1698) Pause Young (Allocation Failure)
[6080.543s][info][gc,heap        ] GC(1698) PSYoungGen: 2620873K(2634752K)->143765K(2634240K) Eden: 2475520K(2475520K)->0K(2475520K) From: 145353K(159232K)->143765K(158720K)
[6080.543s][info][gc,heap        ] GC(1698) ParOldGen: 3370879K(3371008K)->3462879K(3463168K)
[6080.543s][info][gc,metaspace   ] GC(1698) Metaspace: 29143K(29440K)->29143K(29440K) NonClass: 24252K(24384K)->24252K(24384K) Class: 4890K(5056K)->4890K(5056K)
[6080.543s][info][gc             ] GC(1698) Pause Young (Allocation Failure) 5851M->3522M(5954M) 100.871ms
[6080.543s][info][gc,cpu         ] GC(1698) User=0.57s Sys=0.03s Real=0.10s
..[6082.579s][info][gc,start       ] GC(1699) Pause Young (Allocation Failure)
[6082.679s][info][gc,heap        ] GC(1699) PSYoungGen: 2619285K(2634240K)->139520K(2636288K) Eden: 2475520K(2475520K)->0K(2478080K) From: 143765K(158720K)->139520K(158208K)
[6082.679s][info][gc,heap        ] GC(1699) ParOldGen: 3462879K(3463168K)->3554711K(3554816K)
[6082.679s][info][gc,metaspace   ] GC(1699) Metaspace: 29143K(29440K)->29143K(29440K) NonClass: 24252K(24384K)->24252K(24384K) Class: 4890K(5056K)->4890K(5056K)
[6082.679s][info][gc             ] GC(1699) Pause Young (Allocation Failure) 5939M->3607M(6046M) 99.558ms
[6082.679s][info][gc,cpu         ] GC(1699) User=0.56s Sys=0.02s Real=0.10s
..[6084.613s][info][gc,start       ] GC(1700) Pause Young (Allocation Failure)
[6084.721s][info][gc,heap        ] GC(1700) PSYoungGen: 2617600K(2636288K)->152533K(2636288K) Eden: 2478080K(2478080K)->0K(2478080K) From: 139520K(158208K)->152533K(158208K)
[6084.721s][info][gc,heap        ] GC(1700) ParOldGen: 3554711K(3554816K)->3645935K(3645952K)
[6084.721s][info][gc,metaspace   ] GC(1700) Metaspace: 29143K(29440K)->29143K(29440K) NonClass: 24252K(24384K)->24252K(24384K) Class: 4890K(5056K)->4890K(5056K)
[6084.721s][info][gc             ] GC(1700) Pause Young (Allocation Failure) 6027M->3709M(6135M) 107.236ms
[6084.721s][info][gc,cpu         ] GC(1700) User=0.60s Sys=0.03s Real=0.11s
..[6086.538s][info][gc,start       ] GC(1701) Pause Young (Allocation Failure)
[6086.641s][info][gc,heap        ] GC(1701) PSYoungGen: 2630613K(2636288K)->146416K(2636800K) Eden: 2478080K(2478080K)->0K(2478592K) From: 152533K(158208K)->146416K(158208K)
[6086.641s][info][gc,heap        ] GC(1701) ParOldGen: 3645935K(3645952K)->3739231K(3739648K)
[6086.641s][info][gc,metaspace   ] GC(1701) Metaspace: 29143K(29440K)->29143K(29440K) NonClass: 24252K(24384K)->24252K(24384K) Class: 4890K(5056K)->4890K(5056K)
[6086.641s][info][gc             ] GC(1701) Pause Young (Allocation Failure) 6129M->3794M(6227M) 103.158ms
[6086.641s][info][gc,cpu         ] GC(1701) User=0.57s Sys=0.04s Real=0.11s
..[6088.524s][info][gc,start       ] GC(1702) Pause Young (Allocation Failure)
[6088.625s][info][gc,heap        ] GC(1702) PSYoungGen: 2625008K(2636800K)->145008K(2636800K) Eden: 2478592K(2478592K)->0K(2478592K) From: 146416K(158208K)->145008K(158208K)
[6088.625s][info][gc,heap        ] GC(1702) ParOldGen: 3739231K(3739648K)->3832183K(3832320K)
[6088.625s][info][gc,metaspace   ] GC(1702) Metaspace: 29143K(29440K)->29143K(29440K) NonClass: 24252K(24384K)->24252K(24384K) Class: 4890K(5056K)->4890K(5056K)
[6088.625s][info][gc             ] GC(1702) Pause Young (Allocation Failure) 6215M->3883M(6317M) 100.989ms
[6088.625s][info][gc,cpu         ] GC(1702) User=0.56s Sys=0.04s Real=0.10s
..[6090.531s][info][gc,start       ] GC(1703) Pause Young (Allocation Failure)
[6090.632s][info][gc,heap        ] GC(1703) PSYoungGen: 2623600K(2636800K)->142208K(2636800K) Eden: 2478592K(2478592K)->0K(2479616K) From: 145008K(158208K)->142208K(157184K)
[6090.632s][info][gc,heap        ] GC(1703) ParOldGen: 3832183K(3832320K)->3924639K(3924992K)
[6090.632s][info][gc,metaspace   ] GC(1703) Metaspace: 29143K(29440K)->29143K(29440K) NonClass: 24252K(24384K)->24252K(24384K) Class: 4890K(5056K)->4890K(5056K)
[6090.632s][info][gc             ] GC(1703) Pause Young (Allocation Failure) 6304M->3971M(6408M) 101.149ms
[6090.632s][info][gc,cpu         ] GC(1703) User=0.57s Sys=0.03s Real=0.10s
..[6092.525s][info][gc,start       ] GC(1704) Pause Young (Allocation Failure)
[6092.626s][info][gc,heap        ] GC(1704) PSYoungGen: 2621824K(2636800K)->142384K(2636800K) Eden: 2479616K(2479616K)->0K(2479616K) From: 142208K(157184K)->142384K(157184K)
[6092.626s][info][gc,heap        ] GC(1704) ParOldGen: 3924639K(3924992K)->4017695K(4018176K)
[6092.626s][info][gc,metaspace   ] GC(1704) Metaspace: 29143K(29440K)->29143K(29440K) NonClass: 24252K(24384K)->24252K(24384K) Class: 4890K(5056K)->4890K(5056K)
[6092.626s][info][gc             ] GC(1704) Pause Young (Allocation Failure) 6393M->4062M(6499M) 101.056ms
[6092.626s][info][gc,cpu         ] GC(1704) User=0.57s Sys=0.03s Real=0.10s
..[6094.537s][info][gc,start       ] GC(1705) Pause Young (Allocation Failure)
[6094.645s][info][gc,heap        ] GC(1705) PSYoungGen: 2622000K(2636800K)->151605K(2637312K) Eden: 2479616K(2479616K)->0K(2480640K) From: 142384K(157184K)->151605K(156672K)
[6094.645s][info][gc,heap        ] GC(1705) ParOldGen: 4017695K(4018176K)->4108159K(4108288K)
[6094.645s][info][gc,metaspace   ] GC(1705) Metaspace: 29143K(29440K)->29143K(29440K) NonClass: 24252K(24384K)->24252K(24384K) Class: 4890K(5056K)->4890K(5056K)
[6094.645s][info][gc             ] GC(1705) Pause Young (Allocation Failure) 6484M->4159M(6587M) 107.838ms
[6094.645s][info][gc,cpu         ] GC(1705) User=0.61s Sys=0.02s Real=0.11s
..[6096.497s][info][gc,start       ] GC(1706) Pause Young (Allocation Failure)
[6096.598s][info][gc,heap        ] GC(1706) PSYoungGen: 2632245K(2637312K)->140608K(2638336K) Eden: 2480640K(2480640K)->0K(2480640K) From: 151605K(156672K)->140608K(157696K)
[6096.598s][info][gc,heap        ] GC(1706) ParOldGen: 4108159K(4108288K)->4201975K(4201984K)
[6096.598s][info][gc,metaspace   ] GC(1706) Metaspace: 29143K(29440K)->29143K(29440K) NonClass: 24252K(24384K)->24252K(24384K) Class: 4890K(5056K)->4890K(5056K)
[6096.598s][info][gc             ] GC(1706) Pause Young (Allocation Failure) 6582M->4240M(6680M) 101.181ms
[6096.598s][info][gc,cpu         ] GC(1706) User=0.57s Sys=0.03s Real=0.10s
..[6098.498s][info][gc,start       ] GC(1707) Pause Young (Allocation Failure)
[6098.599s][info][gc,heap        ] GC(1707) PSYoungGen: 2621248K(2638336K)->142033K(2637312K) Eden: 2480640K(2480640K)->0K(2480640K) From: 140608K(157696K)->142033K(156672K)
[6098.599s][info][gc,heap        ] GC(1707) ParOldGen: 4201975K(4201984K)->4292255K(4292608K)
[6098.599s][info][gc,metaspace   ] GC(1707) Metaspace: 29143K(29440K)->29143K(29440K) NonClass: 24252K(24384K)->24252K(24384K) Class: 4890K(5056K)->4890K(5056K)
[6098.599s][info][gc             ] GC(1707) Pause Young (Allocation Failure) 6663M->4330M(6767M) 100.851ms
[6098.599s][info][gc,cpu         ] GC(1707) User=0.58s Sys=0.03s Real=0.10s
..[6100.562s][info][gc,start       ] GC(1708) Pause Young (Allocation Failure)
[6100.662s][info][gc,heap        ] GC(1708) PSYoungGen: 2622673K(2637312K)->140704K(2637824K) Eden: 2480640K(2480640K)->0K(2480640K) From: 142033K(156672K)->140704K(157184K)
[6100.662s][info][gc,heap        ] GC(1708) ParOldGen: 4292255K(4292608K)->4385383K(4385792K)
[6100.662s][info][gc,metaspace   ] GC(1708) Metaspace: 29143K(29440K)->29143K(29440K) NonClass: 24252K(24384K)->24252K(24384K) Class: 4890K(5056K)->4890K(5056K)
[6100.662s][info][gc             ] GC(1708) Pause Young (Allocation Failure) 6752M->4420M(6859M) 99.574ms
[6100.662s][info][gc,cpu         ] GC(1708) User=0.56s Sys=0.02s Real=0.10s
..[6102.647s][info][gc,start       ] GC(1709) Pause Young (Allocation Failure)
[6102.749s][info][gc,heap        ] GC(1709) PSYoungGen: 2621344K(2637824K)->143584K(2636800K) Eden: 2480640K(2480640K)->0K(2482176K) From: 140704K(157184K)->143584K(154624K)
[6102.749s][info][gc,heap        ] GC(1709) ParOldGen: 4385383K(4385792K)->4478311K(4478464K)
[6102.749s][info][gc,metaspace   ] GC(1709) Metaspace: 29143K(29440K)->29143K(29440K) NonClass: 24252K(24384K)->24252K(24384K) Class: 4890K(5056K)->4890K(5056K)
[6102.749s][info][gc             ] GC(1709) Pause Young (Allocation Failure) 6842M->4513M(6948M) 102.470ms
[6102.749s][info][gc,cpu         ] GC(1709) User=0.58s Sys=0.02s Real=0.11s
..[6104.661s][info][gc,start       ] GC(1710) Pause Young (Allocation Failure)
[6104.761s][info][gc,heap        ] GC(1710) PSYoungGen: 2625760K(2636800K)->138848K(2637824K) Eden: 2482176K(2482176K)->0K(2482176K) From: 143584K(154624K)->138848K(155648K)
[6104.761s][info][gc,heap        ] GC(1710) ParOldGen: 4478311K(4478464K)->4572127K(4572160K)
[6104.761s][info][gc,metaspace   ] GC(1710) Metaspace: 29143K(29440K)->29143K(29440K) NonClass: 24252K(24384K)->24252K(24384K) Class: 4890K(5056K)->4890K(5056K)
[6104.761s][info][gc             ] GC(1710) Pause Young (Allocation Failure) 6937M->4600M(7041M) 100.575ms
[6104.761s][info][gc,cpu         ] GC(1710) User=0.56s Sys=0.03s Real=0.10s
..[6106.740s][info][gc,start       ] GC(1711) Pause Young (Allocation Failure)
[6106.847s][info][gc,heap        ] GC(1711) PSYoungGen: 2621024K(2637824K)->151376K(2637312K) Eden: 2482176K(2482176K)->0K(2481664K) From: 138848K(155648K)->151376K(155648K)
[6106.847s][info][gc,heap        ] GC(1711) ParOldGen: 4572127K(4572160K)->4662567K(4662784K)
[6106.847s][info][gc,metaspace   ] GC(1711) Metaspace: 29143K(29440K)->29143K(29440K) NonClass: 24252K(24384K)->24252K(24384K) Class: 4890K(5056K)->4890K(5056K)
[6106.847s][info][gc             ] GC(1711) Pause Young (Allocation Failure) 7024M->4701M(7129M) 106.702ms
[6106.847s][info][gc,cpu         ] GC(1711) User=0.61s Sys=0.02s Real=0.10s
..[6108.805s][info][gc,start       ] GC(1712) Pause Young (Allocation Failure)
[6108.906s][info][gc,heap        ] GC(1712) PSYoungGen: 2633040K(2637312K)->143936K(2638848K) Eden: 2481664K(2481664K)->0K(2481664K) From: 151376K(155648K)->143936K(157184K)
[6108.906s][info][gc,heap        ] GC(1712) ParOldGen: 4662567K(4662784K)->4755607K(4755968K)
[6108.906s][info][gc,metaspace   ] GC(1712) Metaspace: 29143K(29440K)->29143K(29440K) NonClass: 24252K(24384K)->24252K(24384K) Class: 4890K(5056K)->4890K(5056K)
[6108.906s][info][gc             ] GC(1712) Pause Young (Allocation Failure) 7124M->4784M(7221M) 101.297ms
[6108.906s][info][gc,cpu         ] GC(1712) User=0.57s Sys=0.02s Real=0.10s
..[6110.881s][info][gc,start       ] GC(1713) Pause Young (Allocation Failure)
[6110.984s][info][gc,heap        ] GC(1713) PSYoungGen: 2625600K(2638848K)->145624K(2636288K) Eden: 2481664K(2481664K)->0K(2482688K) From: 143936K(157184K)->145624K(153600K)
[6110.984s][info][gc,heap        ] GC(1713) ParOldGen: 4755607K(4755968K)->4848399K(4848640K)
[6110.984s][info][gc,metaspace   ] GC(1713) Metaspace: 29143K(29440K)->29143K(29440K) NonClass: 24252K(24384K)->24252K(24384K) Class: 4890K(5056K)->4890K(5056K)
[6110.984s][info][gc             ] GC(1713) Pause Young (Allocation Failure) 7208M->4876M(7309M) 103.616ms
[6110.984s][info][gc,cpu         ] GC(1713) User=0.59s Sys=0.02s Real=0.10s
..[6112.899s][info][gc,start       ] GC(1714) Pause Young (Allocation Failure)
[6112.999s][info][gc,heap        ] GC(1714) PSYoungGen: 2628312K(2636288K)->143008K(2637824K) Eden: 2482688K(2482688K)->0K(2482688K) From: 145624K(153600K)->143008K(155136K)
[6112.999s][info][gc,heap        ] GC(1714) ParOldGen: 4848399K(4848640K)->4937879K(4938240K)
[6112.999s][info][gc,metaspace   ] GC(1714) Metaspace: 29143K(29440K)->29143K(29440K) NonClass: 24252K(24384K)->24252K(24384K) Class: 4890K(5056K)->4890K(5056K)
[6112.999s][info][gc             ] GC(1714) Pause Young (Allocation Failure) 7301M->4961M(7398M) 99.759ms
[6112.999s][info][gc,cpu         ] GC(1714) User=0.56s Sys=0.03s Real=0.10s
..[6114.824s][info][gc,start       ] GC(1715) Pause Young (Allocation Failure)
[6114.927s][info][gc,heap        ] GC(1715) PSYoungGen: 2625696K(2637824K)->145824K(2639360K) Eden: 2482688K(2482688K)->0K(2486272K) From: 143008K(155136K)->145824K(153088K)
[6114.927s][info][gc,heap        ] GC(1715) ParOldGen: 4937879K(4938240K)->5029175K(5029376K)
[6114.927s][info][gc,metaspace   ] GC(1715) Metaspace: 29143K(29440K)->29143K(29440K) NonClass: 24252K(24384K)->24252K(24384K) Class: 4890K(5056K)->4890K(5056K)
[6114.927s][info][gc             ] GC(1715) Pause Young (Allocation Failure) 7386M->5053M(7489M) 102.909ms
[6114.927s][info][gc,cpu         ] GC(1715) User=0.58s Sys=0.02s Real=0.10s
..[6116.961s][info][gc,start       ] GC(1716) Pause Young (Allocation Failure)
[6117.064s][info][gc,heap        ] GC(1716) PSYoungGen: 2632096K(2639360K)->147584K(2640384K) Eden: 2486272K(2486272K)->0K(2486272K) From: 145824K(153088K)->147584K(154112K)
[6117.064s][info][gc,heap        ] GC(1716) ParOldGen: 5029175K(5029376K)->5120567K(5121024K)
[6117.064s][info][gc,metaspace   ] GC(1716) Metaspace: 29143K(29440K)->29143K(29440K) NonClass: 24252K(24384K)->24252K(24384K) Class: 4890K(5056K)->4890K(5056K)
[6117.064s][info][gc             ] GC(1716) Pause Young (Allocation Failure) 7481M->5144M(7579M) 102.869ms
[6117.064s][info][gc,cpu         ] GC(1716) User=0.58s Sys=0.02s Real=0.10s
..[6118.974s][info][gc,start       ] GC(1717) Pause Young (Allocation Failure)
[6119.079s][info][gc,heap        ] GC(1717) PSYoungGen: 2633856K(2640384K)->144224K(2640896K) Eden: 2486272K(2486272K)->0K(2487808K) From: 147584K(154112K)->144224K(153088K)
[6119.079s][info][gc,heap        ] GC(1717) ParOldGen: 5120567K(5121024K)->5215319K(5215744K)
[6119.079s][info][gc,metaspace   ] GC(1717) Metaspace: 29143K(29440K)->29143K(29440K) NonClass: 24252K(24384K)->24252K(24384K) Class: 4890K(5056K)->4890K(5056K)
[6119.079s][info][gc             ] GC(1717) Pause Young (Allocation Failure) 7572M->5233M(7672M) 105.284ms
[6119.080s][info][gc,cpu         ] GC(1717) User=0.60s Sys=0.01s Real=0.11s
..[6120.912s][info][gc,start       ] GC(1718) Pause Young (Allocation Failure)
[6121.016s][info][gc,heap        ] GC(1718) PSYoungGen: 2632032K(2640896K)->147456K(2641408K) Eden: 2487808K(2487808K)->0K(2487808K) From: 144224K(153088K)->147456K(153600K)
[6121.016s][info][gc,heap        ] GC(1718) ParOldGen: 5215319K(5215744K)->5304583K(5304832K)
[6121.016s][info][gc,metaspace   ] GC(1718) Metaspace: 29143K(29440K)->29143K(29440K) NonClass: 24252K(24384K)->24252K(24384K) Class: 4890K(5056K)->4890K(5056K)
[6121.016s][info][gc             ] GC(1718) Pause Young (Allocation Failure) 7663M->5324M(7760M) 103.090ms
[6121.016s][info][gc,cpu         ] GC(1718) User=0.58s Sys=0.03s Real=0.10s
. (rIR:aIR:PR = 10101:10010:10009) (tPR = 149236) [OK] 
  6121s: Performance info:
         Transaction,    Success,    Partial,     Failed,   Receipts, AvgBarcode, 
             Overall,     600500,          0,          0,     570367,      59.48, 
         Response times:
             Request,    Success,    Partial,     Failed,   SkipFail,     Probes,    Samples,      min,      p50,      p90,      p95,      p99,      max, 
       TotalPurchase,     570450,          0,          0,          0,     359038,     424520,      200,     6900,    50000,    72000,   117000,   259000,
     InStorePurchase,     301513,          0,          0,          0,     188826,     222658,      200,     6900,    50000,    73000,   119000,   259000,
      OnlinePurchase,     209144,          0,          0,          0,     132444,     156743,      300,     6900,    51000,    72000,   116000,   240000,
        InstPurchase,      59793,          0,          0,          0,      37768,      45119,      400,     6800,    50000,    70000,   114000,   259000,
          AssocOfCat,        606,          0,          0,          0,        526,        709,    26000,    48000,   105000,   131000,   197500,   259000,
      AssocOfProduct,       5974,          0,          0,          0,       3346,       4179,      900,     8900,    54000,    77000,   135000,   235000,
      BusinessReport,       1514,          0,          0,          0,       1314,       1727,    23000,    52000,    95000,   119000,   176720,   225000,
          CustBuyBeh,       6040,          0,          0,          0,       3384,       4252,      300,     9700,    61000,    88000,   140000,   238000,
       ProductReturn,      16015,          0,          0,          0,       9469,      11426,      200,     5950,    45000,    65000,   114000,   240000,

  6121s: (74%)   IR =  10239 .[6122.927s][info][gc,start       ] GC(1719) Pause Young (Allocation Failure)
[6123.037s][info][gc,heap        ] GC(1719) PSYoungGen: 2635264K(2641408K)->153589K(2638336K) Eden: 2487808K(2487808K)->0K(2484736K) From: 147456K(153600K)->153589K(153600K)
[6123.037s][info][gc,heap        ] GC(1719) ParOldGen: 5304583K(5304832K)->5399119K(5399552K)
[6123.037s][info][gc,metaspace   ] GC(1719) Metaspace: 29143K(29440K)->29143K(29440K) NonClass: 24252K(24384K)->24252K(24384K) Class: 4890K(5056K)->4890K(5056K)
[6123.037s][info][gc             ] GC(1719) Pause Young (Allocation Failure) 7753M->5422M(7849M) 109.660ms
[6123.037s][info][gc,cpu         ] GC(1719) User=0.61s Sys=0.04s Real=0.11s
..[6124.919s][info][gc,start       ] GC(1720) Pause Young (Allocation Failure)
[6125.021s][info][gc,heap        ] GC(1720) PSYoungGen: 2638325K(2638336K)->143840K(2640384K) Eden: 2484736K(2484736K)->0K(2484736K) From: 153589K(153600K)->143840K(155648K)
[6125.021s][info][gc,heap        ] GC(1720) ParOldGen: 5399119K(5399552K)->5490375K(5490688K)
[6125.021s][info][gc,metaspace   ] GC(1720) Metaspace: 29143K(29440K)->29143K(29440K) NonClass: 24252K(24384K)->24252K(24384K) Class: 4890K(5056K)->4890K(5056K)
[6125.021s][info][gc             ] GC(1720) Pause Young (Allocation Failure) 7849M->5502M(7940M) 102.889ms
[6125.022s][info][gc,cpu         ] GC(1720) User=0.57s Sys=0.04s Real=0.10s
..[6126.935s][info][gc,start       ] GC(1721) Pause Young (Allocation Failure)
[6127.049s][info][gc,heap        ] GC(1721) PSYoungGen: 2628576K(2640384K)->155123K(2563072K) Eden: 2484736K(2484736K)->0K(2407936K) From: 143840K(155648K)->155123K(155136K)
[6127.049s][info][gc,heap        ] GC(1721) ParOldGen: 5490375K(5490688K)->5587879K(5587968K)
[6127.049s][info][gc,metaspace   ] GC(1721) Metaspace: 29143K(29440K)->29143K(29440K) NonClass: 24252K(24384K)->24252K(24384K) Class: 4890K(5056K)->4890K(5056K)
[6127.049s][info][gc             ] GC(1721) Pause Young (Allocation Failure) 7928M->5608M(7960M) 114.454ms
[6127.050s][info][gc,cpu         ] GC(1721) User=0.63s Sys=0.04s Real=0.12s
..[6128.812s][info][gc,start       ] GC(1722) Pause Full (Allocation Failure)
[6128.812s][info][gc,phases,start] GC(1722) Marking Phase
[6129.118s][info][gc,phases      ] GC(1722) Marking Phase 306.253ms
[6129.118s][info][gc,phases,start] GC(1722) Summary Phase
[6129.118s][info][gc,phases      ] GC(1722) Summary Phase 0.093ms
[6129.118s][info][gc,phases,start] GC(1722) Forward
[6129.268s][info][gc,phases      ] GC(1722) Forward 149.425ms
[6129.268s][info][gc,phases,start] GC(1722) Adjust Pointers
[6129.471s][info][gc,phases      ] GC(1722) Adjust Pointers 203.012ms
[6129.471s][info][gc,phases,start] GC(1722) Compaction Phase
[6129.599s][info][gc,phases      ] GC(1722) Compaction Phase 128.696ms
[6129.600s][info][gc,phases,start] GC(1722) Post Compact
[6129.607s][info][gc,phases      ] GC(1722) Post Compact 6.965ms
[6129.740s][info][gc,heap        ] GC(1722) PSYoungGen: 2563059K(2563072K)->0K(2601984K) Eden: 2407936K(2407936K)->0K(2407936K) From: 155123K(155136K)->0K(194048K)
[6129.740s][info][gc,heap        ] GC(1722) ParOldGen: 5587879K(5587968K)->1440789K(1728000K)
[6129.740s][info][gc,metaspace   ] GC(1722) Metaspace: 29143K(29440K)->29143K(29440K) NonClass: 24252K(24384K)->24252K(24384K) Class: 4890K(5056K)->4890K(5056K)
[6129.740s][info][gc             ] GC(1722) Pause Full (Allocation Failure) 7959M->1407M(4228M) 928.281ms
[6129.740s][info][gc,cpu         ] GC(1722) User=4.18s Sys=0.13s Real=0.93s
..[6131.177s][info][gc,start       ] GC(1723) Pause Young (Allocation Failure)
[6131.250s][info][gc,heap        ] GC(1723) PSYoungGen: 2407936K(2601984K)->157137K(2594816K) Eden: 2407936K(2407936K)->0K(2407936K) From: 0K(194048K)->157137K(186880K)
[6131.250s][info][gc,heap        ] GC(1723) ParOldGen: 1440789K(1728000K)->1440789K(1728000K)
[6131.250s][info][gc,metaspace   ] GC(1723) Metaspace: 29143K(29440K)->29143K(29440K) NonClass: 24252K(24384K)->24252K(24384K) Class: 4890K(5056K)->4890K(5056K)
[6131.250s][info][gc             ] GC(1723) Pause Young (Allocation Failure) 3758M->1560M(4221M) 72.551ms
[6131.250s][info][gc,cpu         ] GC(1723) User=0.42s Sys=0.00s Real=0.08s
.[6132.751s][info][gc,start       ] GC(1724) Pause Young (Allocation Failure)
[6132.848s][info][gc,heap        ] GC(1724) PSYoungGen: 2565073K(2594816K)->149632K(2598400K) Eden: 2407936K(2407936K)->0K(2407936K) From: 157137K(186880K)->149632K(190464K)
[6132.848s][info][gc,heap        ] GC(1724) ParOldGen: 1440789K(1728000K)->1531511K(1728000K)
[6132.848s][info][gc,metaspace   ] GC(1724) Metaspace: 29143K(29440K)->29143K(29440K) NonClass: 24252K(24384K)->24252K(24384K) Class: 4890K(5056K)->4890K(5056K)
[6132.848s][info][gc             ] GC(1724) Pause Young (Allocation Failure) 3911M->1641M(4225M) 97.684ms
[6132.848s][info][gc,cpu         ] GC(1724) User=0.57s Sys=0.00s Real=0.09s
..[6134.518s][info][gc,start       ] GC(1725) Pause Young (Allocation Failure)
[6134.623s][info][gc,heap        ] GC(1725) PSYoungGen: 2557568K(2598400K)->139824K(2603008K) Eden: 2407936K(2407936K)->0K(2417152K) From: 149632K(190464K)->139824K(185856K)
[6134.623s][info][gc,heap        ] GC(1725) ParOldGen: 1531511K(1728000K)->1624711K(1728000K)
[6134.623s][info][gc,metaspace   ] GC(1725) Metaspace: 29143K(29440K)->29143K(29440K) NonClass: 24252K(24384K)->24252K(24384K) Class: 4890K(5056K)->4890K(5056K)
[6134.623s][info][gc             ] GC(1725) Pause Young (Allocation Failure) 3993M->1723M(4229M) 105.009ms
[6134.623s][info][gc,cpu         ] GC(1725) User=0.62s Sys=0.00s Real=0.11s
[6134.625s][info][gc,start       ] GC(1726) Pause Full (Diagnostic Command)
[6134.625s][info][gc,phases,start] GC(1726) Marking Phase
[6134.903s][info][gc,phases      ] GC(1726) Marking Phase 278.266ms
[6134.903s][info][gc,phases,start] GC(1726) Summary Phase
[6134.903s][info][gc,phases      ] GC(1726) Summary Phase 0.026ms
[6134.903s][info][gc,phases,start] GC(1726) Forward
[6135.041s][info][gc,phases      ] GC(1726) Forward 137.868ms
[6135.041s][info][gc,phases,start] GC(1726) Adjust Pointers
[6135.233s][info][gc,phases      ] GC(1726) Adjust Pointers 191.303ms
[6135.233s][info][gc,phases,start] GC(1726) Compaction Phase
[6135.406s][info][gc,phases      ] GC(1726) Compaction Phase 173.591ms
[6135.409s][info][gc,phases,start] GC(1726) Post Compact
[6135.410s][info][gc,phases      ] GC(1726) Post Compact 1.642ms
[6135.410s][info][gc,heap        ] GC(1726) PSYoungGen: 185043K(2603008K)->0K(2603008K) Eden: 45219K(2417152K)->0K(2417152K) From: 139824K(185856K)->0K(185856K)
[6135.410s][info][gc,heap        ] GC(1726) ParOldGen: 1624711K(1728000K)->1150419K(1728000K)
[6135.410s][info][gc,metaspace   ] GC(1726) Metaspace: 29143K(29440K)->29143K(29440K) NonClass: 24252K(24384K)->24252K(24384K) Class: 4890K(5056K)->4890K(5056K)
[6135.410s][info][gc             ] GC(1726) Pause Full (Diagnostic Command) 1767M->1123M(4229M) 785.523ms
[6135.410s][info][gc,cpu         ] GC(1726) User=4.28s Sys=0.00s Real=0.79s
..[6136.928s][info][gc,start       ] GC(1727) Pause Young (Allocation Failure)
[6136.999s][info][gc,heap        ] GC(1727) PSYoungGen: 2417152K(2603008K)->154208K(2605056K) Eden: 2417152K(2417152K)->0K(2417152K) From: 0K(185856K)->154208K(187904K)
[6136.999s][info][gc,heap        ] GC(1727) ParOldGen: 1150419K(1728000K)->1150419K(1728000K)
[6136.999s][info][gc,metaspace   ] GC(1727) Metaspace: 29143K(29440K)->29143K(29440K) NonClass: 24252K(24384K)->24252K(24384K) Class: 4890K(5056K)->4890K(5056K)
[6136.999s][info][gc             ] GC(1727) Pause Young (Allocation Failure) 3483M->1274M(4231M) 70.948ms
[6136.999s][info][gc,cpu         ] GC(1727) User=0.41s Sys=0.00s Real=0.08s
.[6138.434s][info][gc,start       ] GC(1728) Pause Young (Allocation Failure)
[6138.528s][info][gc,heap        ] GC(1728) PSYoungGen: 2571360K(2605056K)->144160K(2607104K) Eden: 2417152K(2417152K)->0K(2423296K) From: 154208K(187904K)->144160K(183808K)
[6138.528s][info][gc,heap        ] GC(1728) ParOldGen: 1150419K(1728000K)->1243603K(1728000K)
[6138.528s][info][gc,metaspace   ] GC(1728) Metaspace: 29143K(29440K)->29143K(29440K) NonClass: 24252K(24384K)->24252K(24384K) Class: 4890K(5056K)->4890K(5056K)
[6138.528s][info][gc             ] GC(1728) Pause Young (Allocation Failure) 3634M->1355M(4233M) 94.572ms
[6138.528s][info][gc,cpu         ] GC(1728) User=0.56s Sys=0.01s Real=0.09s
..|[6140.443s][info][gc,start       ] GC(1729) Pause Young (Allocation Failure)
[6140.538s][info][gc,heap        ] GC(1729) PSYoungGen: 2567456K(2607104K)->143661K(2606592K) Eden: 2423296K(2423296K)->0K(2423296K) From: 144160K(183808K)->143661K(183296K)
[6140.538s][info][gc,heap        ] GC(1729) ParOldGen: 1243603K(1728000K)->1338107K(1728000K)
[6140.538s][info][gc,metaspace   ] GC(1729) Metaspace: 29143K(29440K)->29143K(29440K) NonClass: 24252K(24384K)->24252K(24384K) Class: 4890K(5056K)->4890K(5056K)
[6140.538s][info][gc             ] GC(1729) Pause Young (Allocation Failure) 3721M->1447M(4233M) 95.313ms
[6140.538s][info][gc,cpu         ] GC(1729) User=0.57s Sys=0.00s Real=0.10s
..[6142.377s][info][gc,start       ] GC(1730) Pause Young (Allocation Failure)
[6142.472s][info][gc,heap        ] GC(1730) PSYoungGen: 2566957K(2606592K)->142992K(2611712K) Eden: 2423296K(2423296K)->0K(2429952K) From: 143661K(183296K)->142992K(181760K)
[6142.472s][info][gc,heap        ] GC(1730) ParOldGen: 1338107K(1728000K)->1426003K(1728000K)
[6142.472s][info][gc,metaspace   ] GC(1730) Metaspace: 29143K(29440K)->29143K(29440K) NonClass: 24252K(24384K)->24252K(24384K) Class: 4890K(5056K)->4890K(5056K)
[6142.472s][info][gc             ] GC(1730) Pause Young (Allocation Failure) 3813M->1532M(4238M) 94.432ms
[6142.472s][info][gc,cpu         ] GC(1730) User=0.56s Sys=0.00s Real=0.10s
..[6144.361s][info][gc,start       ] GC(1731) Pause Young (Allocation Failure)
[6144.455s][info][gc,heap        ] GC(1731) PSYoungGen: 2572944K(2611712K)->139492K(2610688K) Eden: 2429952K(2429952K)->0K(2429952K) From: 142992K(181760K)->139492K(180736K)
[6144.455s][info][gc,heap        ] GC(1731) ParOldGen: 1426003K(1728000K)->1519547K(1728000K)
[6144.455s][info][gc,metaspace   ] GC(1731) Metaspace: 29143K(29440K)->29143K(29440K) NonClass: 24252K(24384K)->24252K(24384K) Class: 4890K(5056K)->4890K(5056K)
[6144.455s][info][gc             ] GC(1731) Pause Young (Allocation Failure) 3905M->1620M(4237M) 93.905ms
[6144.455s][info][gc,cpu         ] GC(1731) User=0.55s Sys=0.00s Real=0.09s
..[6146.344s][info][gc,start       ] GC(1732) Pause Young (Allocation Failure)
[6146.441s][info][gc,heap        ] GC(1732) PSYoungGen: 2569444K(2610688K)->147872K(2612224K) Eden: 2429952K(2429952K)->0K(2435584K) From: 139492K(180736K)->147872K(176640K)
[6146.441s][info][gc,heap        ] GC(1732) ParOldGen: 1519547K(1728000K)->1609539K(1728000K)
[6146.441s][info][gc,metaspace   ] GC(1732) Metaspace: 29143K(29440K)->29143K(29440K) NonClass: 24252K(24384K)->24252K(24384K) Class: 4890K(5056K)->4890K(5056K)
[6146.441s][info][gc             ] GC(1732) Pause Young (Allocation Failure) 3993M->1716M(4238M) 96.768ms
[6146.441s][info][gc,cpu         ] GC(1732) User=0.57s Sys=0.00s Real=0.10s
..[6148.257s][info][gc,start       ] GC(1733) Pause Young (Allocation Failure)
[6148.349s][info][gc,heap        ] GC(1733) PSYoungGen: 2583456K(2612224K)->134656K(2612736K) Eden: 2435584K(2435584K)->0K(2435584K) From: 147872K(176640K)->134656K(177152K)
[6148.349s][info][gc,heap        ] GC(1733) ParOldGen: 1609539K(1728000K)->1701979K(1728000K)
[6148.349s][info][gc,metaspace   ] GC(1733) Metaspace: 29143K(29440K)->29143K(29440K) NonClass: 24252K(24384K)->24252K(24384K) Class: 4890K(5056K)->4890K(5056K)
[6148.349s][info][gc             ] GC(1733) Pause Young (Allocation Failure) 4094M->1793M(4239M) 92.127ms
[6148.349s][info][gc,cpu         ] GC(1733) User=0.54s Sys=0.00s Real=0.10s
..[6150.133s][info][gc,start       ] GC(1734) Pause Young (Allocation Failure)
[6150.231s][info][gc,heap        ] GC(1734) PSYoungGen: 2570240K(2612736K)->148576K(2612736K) Eden: 2435584K(2435584K)->0K(2441728K) From: 134656K(177152K)->148576K(171008K)
[6150.231s][info][gc,heap        ] GC(1734) ParOldGen: 1701979K(1728000K)->1792331K(1792512K)
[6150.231s][info][gc,metaspace   ] GC(1734) Metaspace: 29143K(29440K)->29143K(29440K) NonClass: 24252K(24384K)->24252K(24384K) Class: 4890K(5056K)->4890K(5056K)
[6150.231s][info][gc             ] GC(1734) Pause Young (Allocation Failure) 4172M->1895M(4302M) 98.494ms
[6150.231s][info][gc,cpu         ] GC(1734) User=0.58s Sys=0.01s Real=0.10s
..[6152.088s][info][gc,start       ] GC(1735) Pause Young (Allocation Failure)
[6152.197s][info][gc,heap        ] GC(1735) PSYoungGen: 2590304K(2612736K)->162922K(2615808K) Eden: 2441728K(2441728K)->0K(2441728K) From: 148576K(171008K)->162922K(174080K)
[6152.197s][info][gc,heap        ] GC(1735) ParOldGen: 1792331K(1792512K)->1884603K(1884672K)
[6152.197s][info][gc,metaspace   ] GC(1735) Metaspace: 29143K(29440K)->29143K(29440K) NonClass: 24252K(24384K)->24252K(24384K) Class: 4890K(5056K)->4890K(5056K)
[6152.197s][info][gc             ] GC(1735) Pause Young (Allocation Failure) 4279M->1999M(4395M) 109.501ms
[6152.197s][info][gc,cpu         ] GC(1735) User=0.61s Sys=0.04s Real=0.11s
..[6153.934s][info][gc,start       ] GC(1736) Pause Young (Allocation Failure)
[6154.038s][info][gc,heap        ] GC(1736) PSYoungGen: 2604650K(2615808K)->153124K(2620416K) Eden: 2441728K(2441728K)->0K(2443264K) From: 162922K(174080K)->153124K(177152K)
[6154.038s][info][gc,heap        ] GC(1736) ParOldGen: 1884603K(1884672K)->1975683K(1975808K)
[6154.038s][info][gc,metaspace   ] GC(1736) Metaspace: 29143K(29440K)->29143K(29440K) NonClass: 24252K(24384K)->24252K(24384K) Class: 4890K(5056K)->4890K(5056K)
[6154.038s][info][gc             ] GC(1736) Pause Young (Allocation Failure) 4384M->2078M(4488M) 104.278ms
[6154.038s][info][gc,cpu         ] GC(1736) User=0.59s Sys=0.03s Real=0.10s
..[6155.932s][info][gc,start       ] GC(1737) Pause Young (Allocation Failure)
[6156.032s][info][gc,heap        ] GC(1737) PSYoungGen: 2596388K(2620416K)->142208K(2585600K) Eden: 2443264K(2443264K)->0K(2443264K) From: 153124K(177152K)->142208K(142336K)
[6156.032s][info][gc,heap        ] GC(1737) ParOldGen: 1975683K(1975808K)->2067835K(2067968K)
[6156.032s][info][gc,metaspace   ] GC(1737) Metaspace: 29143K(29440K)->29143K(29440K) NonClass: 24252K(24384K)->24252K(24384K) Class: 4890K(5056K)->4890K(5056K)
[6156.032s][info][gc             ] GC(1737) Pause Young (Allocation Failure) 4464M->2158M(4544M) 100.158ms
[6156.032s][info][gc,cpu         ] GC(1737) User=0.57s Sys=0.02s Real=0.10s
..[6157.838s][info][gc,start       ] GC(1738) Pause Young (Allocation Failure)
[6157.936s][info][gc,heap        ] GC(1738) PSYoungGen: 2585472K(2585600K)->142656K(2619392K) Eden: 2443264K(2443264K)->0K(2444800K) From: 142208K(142336K)->142656K(174592K)
[6157.936s][info][gc,heap        ] GC(1738) ParOldGen: 2067835K(2067968K)->2158219K(2158592K)
[6157.936s][info][gc,metaspace   ] GC(1738) Metaspace: 29143K(29440K)->29143K(29440K) NonClass: 24252K(24384K)->24252K(24384K) Class: 4890K(5056K)->4890K(5056K)
[6157.936s][info][gc             ] GC(1738) Pause Young (Allocation Failure) 4544M->2246M(4666M) 97.690ms
[6157.936s][info][gc,cpu         ] GC(1738) User=0.54s Sys=0.03s Real=0.10s
..[6159.876s][info][gc,start       ] GC(1739) Pause Young (Allocation Failure)
[6159.975s][info][gc,heap        ] GC(1739) PSYoungGen: 2587456K(2619392K)->143904K(2617856K) Eden: 2444800K(2444800K)->0K(2444800K) From: 142656K(174592K)->143904K(173056K)
[6159.975s][info][gc,heap        ] GC(1739) ParOldGen: 2158219K(2158592K)->2249787K(2250240K)
[6159.975s][info][gc,metaspace   ] GC(1739) Metaspace: 29143K(29440K)->29143K(29440K) NonClass: 24252K(24384K)->24252K(24384K) Class: 4890K(5056K)->4890K(5056K)
[6159.975s][info][gc             ] GC(1739) Pause Young (Allocation Failure) 4634M->2337M(4754M) 99.385ms
[6159.975s][info][gc,cpu         ] GC(1739) User=0.56s Sys=0.02s Real=0.10s
..[6161.813s][info][gc,start       ] GC(1740) Pause Young (Allocation Failure)
[6161.911s][info][gc,heap        ] GC(1740) PSYoungGen: 2588704K(2617856K)->138848K(2620416K) Eden: 2444800K(2444800K)->0K(2448896K) From: 143904K(173056K)->138848K(171520K)
[6161.911s][info][gc,heap        ] GC(1740) ParOldGen: 2249787K(2250240K)->2342179K(2342400K)
[6161.911s][info][gc,metaspace   ] GC(1740) Metaspace: 29143K(29440K)->29143K(29440K) NonClass: 24252K(24384K)->24252K(24384K) Class: 4890K(5056K)->4890K(5056K)
[6161.911s][info][gc             ] GC(1740) Pause Young (Allocation Failure) 4725M->2422M(4846M) 98.025ms
[6161.911s][info][gc,cpu         ] GC(1740) User=0.54s Sys=0.03s Real=0.10s
..[6163.866s][info][gc,start       ] GC(1741) Pause Young (Allocation Failure)
[6163.966s][info][gc,heap        ] GC(1741) PSYoungGen: 2587744K(2620416K)->147200K(2619904K) Eden: 2448896K(2448896K)->0K(2448896K) From: 138848K(171520K)->147200K(171008K)
[6163.966s][info][gc,heap        ] GC(1741) ParOldGen: 2342179K(2342400K)->2430139K(2430464K)
[6163.966s][info][gc,metaspace   ] GC(1741) Metaspace: 29143K(29440K)->29143K(29440K) NonClass: 24252K(24384K)->24252K(24384K) Class: 4890K(5056K)->4890K(5056K)
[6163.966s][info][gc             ] GC(1741) Pause Young (Allocation Failure) 4814M->2516M(4932M) 99.869ms
[6163.966s][info][gc,cpu         ] GC(1741) User=0.56s Sys=0.02s Real=0.10s
..[6165.742s][info][gc,start       ] GC(1742) Pause Young (Allocation Failure)
[6165.843s][info][gc,heap        ] GC(1742) PSYoungGen: 2596096K(2619904K)->141924K(2622976K) Eden: 2448896K(2448896K)->0K(2454528K) From: 147200K(171008K)->141924K(168448K)
[6165.843s][info][gc,heap        ] GC(1742) ParOldGen: 2430139K(2430464K)->2526027K(2526208K)
[6165.843s][info][gc,metaspace   ] GC(1742) Metaspace: 29143K(29440K)->29143K(29440K) NonClass: 24252K(24384K)->24252K(24384K) Class: 4890K(5056K)->4890K(5056K)
[6165.843s][info][gc             ] GC(1742) Pause Young (Allocation Failure) 4908M->2605M(5028M) 100.334ms
[6165.843s][info][gc,cpu         ] GC(1742) User=0.56s Sys=0.03s Real=0.10s
..[6167.747s][info][gc,start       ] GC(1743) Pause Young (Allocation Failure)
[6167.851s][info][gc,heap        ] GC(1743) PSYoungGen: 2596452K(2622976K)->153669K(2621952K) Eden: 2454528K(2454528K)->0K(2454528K) From: 141924K(168448K)->153669K(167424K)
[6167.851s][info][gc,heap        ] GC(1743) ParOldGen: 2526027K(2526208K)->2612627K(2612736K)
[6167.851s][info][gc,metaspace   ] GC(1743) Metaspace: 29143K(29440K)->29143K(29440K) NonClass: 24252K(24384K)->24252K(24384K) Class: 4890K(5056K)->4890K(5056K)
[6167.851s][info][gc             ] GC(1743) Pause Young (Allocation Failure) 5002M->2701M(5112M) 103.694ms
[6167.851s][info][gc,cpu         ] GC(1743) User=0.58s Sys=0.03s Real=0.11s
.[6169.699s][info][gc,start       ] GC(1744) Pause Young (Allocation Failure)
[6169.801s][info][gc,heap        ] GC(1744) PSYoungGen: 2608197K(2621952K)->146740K(2625024K) Eden: 2454528K(2454528K)->0K(2460672K) From: 153669K(167424K)->146740K(164352K)
[6169.801s][info][gc,heap        ] GC(1744) ParOldGen: 2612627K(2612736K)->2706419K(2706432K)
[6169.801s][info][gc,metaspace   ] GC(1744) Metaspace: 29143K(29440K)->29143K(29440K) NonClass: 24252K(24384K)->24252K(24384K) Class: 4890K(5056K)->4890K(5056K)
[6169.801s][info][gc             ] GC(1744) Pause Young (Allocation Failure) 5098M->2786M(5206M) 102.673ms
[6169.801s][info][gc,cpu         ] GC(1744) User=0.57s Sys=0.03s Real=0.10s
..[6171.703s][info][gc,start       ] GC(1745) Pause Young (Allocation Failure)
[6171.802s][info][gc,heap        ] GC(1745) PSYoungGen: 2607412K(2625024K)->143648K(2626560K) Eden: 2460672K(2460672K)->0K(2460672K) From: 146740K(164352K)->143648K(165888K)
[6171.802s][info][gc,heap        ] GC(1745) ParOldGen: 2706419K(2706432K)->2797915K(2798080K)
[6171.802s][info][gc,metaspace   ] GC(1745) Metaspace: 29143K(29440K)->29143K(29440K) NonClass: 24252K(24384K)->24252K(24384K) Class: 4890K(5056K)->4890K(5056K)
[6171.802s][info][gc             ] GC(1745) Pause Young (Allocation Failure) 5189M->2872M(5297M) 99.336ms
[6171.802s][info][gc,cpu         ] GC(1745) User=0.57s Sys=0.02s Real=0.10s
..[6173.611s][info][gc,start       ] GC(1746) Pause Young (Allocation Failure)
[6173.715s][info][gc,heap        ] GC(1746) PSYoungGen: 2604320K(2626560K)->148921K(2627584K) Eden: 2460672K(2460672K)->0K(2465280K) From: 143648K(165888K)->148921K(162304K)
[6173.715s][info][gc,heap        ] GC(1746) ParOldGen: 2797915K(2798080K)->2890691K(2890752K)
[6173.715s][info][gc,metaspace   ] GC(1746) Metaspace: 29143K(29440K)->29143K(29440K) NonClass: 24252K(24384K)->24252K(24384K) Class: 4890K(5056K)->4890K(5056K)
[6173.715s][info][gc             ] GC(1746) Pause Young (Allocation Failure) 5275M->2968M(5389M) 103.829ms
[6173.715s][info][gc,cpu         ] GC(1746) User=0.59s Sys=0.03s Real=0.10s
..[6175.616s][info][gc,start       ] GC(1747) Pause Young (Allocation Failure)
[6175.717s][info][gc,heap        ] GC(1747) PSYoungGen: 2614201K(2627584K)->141472K(2629120K) Eden: 2465280K(2465280K)->0K(2465280K) From: 148921K(162304K)->141472K(163840K)
[6175.717s][info][gc,heap        ] GC(1747) ParOldGen: 2890691K(2890752K)->2982075K(2982400K)
[6175.717s][info][gc,metaspace   ] GC(1747) Metaspace: 29143K(29440K)->29143K(29440K) NonClass: 24252K(24384K)->24252K(24384K) Class: 4890K(5056K)->4890K(5056K)
[6175.717s][info][gc             ] GC(1747) Pause Young (Allocation Failure) 5375M->3050M(5480M) 100.733ms
[6175.717s][info][gc,cpu         ] GC(1747) User=0.56s Sys=0.03s Real=0.10s
..[6177.610s][info][gc,start       ] GC(1748) Pause Young (Allocation Failure)
[6177.710s][info][gc,heap        ] GC(1748) PSYoungGen: 2606752K(2629120K)->146192K(2628608K) Eden: 2465280K(2465280K)->0K(2469376K) From: 141472K(163840K)->146192K(159232K)
[6177.710s][info][gc,heap        ] GC(1748) ParOldGen: 2982075K(2982400K)->3072411K(3072512K)
[6177.710s][info][gc,metaspace   ] GC(1748) Metaspace: 29143K(29440K)->29143K(29440K) NonClass: 24252K(24384K)->24252K(24384K) Class: 4890K(5056K)->4890K(5056K)
[6177.710s][info][gc             ] GC(1748) Pause Young (Allocation Failure) 5457M->3143M(5567M) 99.421ms
[6177.710s][info][gc,cpu         ] GC(1748) User=0.56s Sys=0.03s Real=0.10s
..[6179.542s][info][gc,start       ] GC(1749) Pause Young (Allocation Failure)
[6179.644s][info][gc,heap        ] GC(1749) PSYoungGen: 2615568K(2628608K)->148896K(2630656K) Eden: 2469376K(2469376K)->0K(2469376K) From: 146192K(159232K)->148896K(161280K)
[6179.644s][info][gc,heap        ] GC(1749) ParOldGen: 3072411K(3072512K)->3163627K(3163648K)
[6179.644s][info][gc,metaspace   ] GC(1749) Metaspace: 29143K(29440K)->29143K(29440K) NonClass: 24252K(24384K)->24252K(24384K) Class: 4890K(5056K)->4890K(5056K)
[6179.644s][info][gc             ] GC(1749) Pause Young (Allocation Failure) 5554M->3234M(5658M) 101.423ms
[6179.644s][info][gc,cpu         ] GC(1749) User=0.58s Sys=0.02s Real=0.10s
..[6181.568s][info][gc,start       ] GC(1750) Pause Young (Allocation Failure)
[6181.673s][info][gc,heap        ] GC(1750) PSYoungGen: 2618272K(2630656K)->147332K(2632192K) Eden: 2469376K(2469376K)->0K(2473984K) From: 148896K(161280K)->147332K(158208K)
[6181.673s][info][gc,heap        ] GC(1750) ParOldGen: 3163627K(3163648K)->3258187K(3258368K)
[6181.673s][info][gc,metaspace   ] GC(1750) Metaspace: 29143K(29440K)->29143K(29440K) NonClass: 24252K(24384K)->24252K(24384K) Class: 4890K(5056K)->4890K(5056K)
[6181.673s][info][gc             ] GC(1750) Pause Young (Allocation Failure) 5646M->3325M(5752M) 104.917ms
[6181.673s][info][gc,cpu         ] GC(1750) User=0.60s Sys=0.03s Real=0.11s
..[6183.529s][info][gc,start       ] GC(1751) Pause Young (Allocation Failure)
[6183.635s][info][gc,heap        ] GC(1751) PSYoungGen: 2621316K(2632192K)->152516K(2633728K) Eden: 2473984K(2473984K)->0K(2473984K) From: 147332K(158208K)->152516K(159744K)
[6183.635s][info][gc,heap        ] GC(1751) ParOldGen: 3258187K(3258368K)->3349547K(3350016K)
[6183.635s][info][gc,metaspace   ] GC(1751) Metaspace: 29143K(29440K)->29143K(29440K) NonClass: 24252K(24384K)->24252K(24384K) Class: 4890K(5056K)->4890K(5056K)
[6183.635s][info][gc             ] GC(1751) Pause Young (Allocation Failure) 5741M->3419M(5843M) 106.269ms
[6183.635s][info][gc,cpu         ] GC(1751) User=0.60s Sys=0.03s Real=0.10s
..[6185.533s][info][gc,start       ] GC(1752) Pause Young (Allocation Failure)
[6185.636s][info][gc,heap        ] GC(1752) PSYoungGen: 2626500K(2633728K)->150224K(2635776K) Eden: 2473984K(2473984K)->0K(2475008K) From: 152516K(159744K)->150224K(160768K)
[6185.636s][info][gc,heap        ] GC(1752) ParOldGen: 3349547K(3350016K)->3440067K(3440128K)
[6185.636s][info][gc,metaspace   ] GC(1752) Metaspace: 29143K(29440K)->29143K(29440K) NonClass: 24252K(24384K)->24252K(24384K) Class: 4890K(5056K)->4890K(5056K)
[6185.636s][info][gc             ] GC(1752) Pause Young (Allocation Failure) 5835M->3506M(5933M) 103.224ms
[6185.636s][info][gc,cpu         ] GC(1752) User=0.57s Sys=0.03s Real=0.10s
..[6187.520s][info][gc,start       ] GC(1753) Pause Young (Allocation Failure)
[6187.628s][info][gc,heap        ] GC(1753) PSYoungGen: 2625232K(2635776K)->151842K(2635264K) Eden: 2475008K(2475008K)->0K(2475008K) From: 150224K(160768K)->151842K(160256K)
[6187.628s][info][gc,heap        ] GC(1753) ParOldGen: 3440067K(3440128K)->3533475K(3533824K)
[6187.628s][info][gc,metaspace   ] GC(1753) Metaspace: 29143K(29440K)->29143K(29440K) NonClass: 24252K(24384K)->24252K(24384K) Class: 4890K(5056K)->4890K(5056K)
[6187.628s][info][gc             ] GC(1753) Pause Young (Allocation Failure) 5923M->3598M(6024M) 107.838ms
[6187.628s][info][gc,cpu         ] GC(1753) User=0.61s Sys=0.02s Real=0.10s
..[6189.526s][info][gc,start       ] GC(1754) Pause Young (Allocation Failure)
[6189.629s][info][gc,heap        ] GC(1754) PSYoungGen: 2626850K(2635264K)->148644K(2634240K) Eden: 2475008K(2475008K)->0K(2475008K) From: 151842K(160256K)->148644K(159232K)
[6189.630s][info][gc,heap        ] GC(1754) ParOldGen: 3533475K(3533824K)->3626011K(3626496K)
[6189.630s][info][gc,metaspace   ] GC(1754) Metaspace: 29143K(29440K)->29143K(29440K) NonClass: 24252K(24384K)->24252K(24384K) Class: 4890K(5056K)->4890K(5056K)
[6189.630s][info][gc             ] GC(1754) Pause Young (Allocation Failure) 6015M->3686M(6114M) 103.231ms
[6189.630s][info][gc,cpu         ] GC(1754) User=0.58s Sys=0.03s Real=0.11s
..[6191.556s][info][gc,start       ] GC(1755) Pause Young (Allocation Failure)
[6191.654s][info][gc,heap        ] GC(1755) PSYoungGen: 2623652K(2634240K)->144128K(2634752K) Eden: 2475008K(2475008K)->0K(2475008K) From: 148644K(159232K)->144128K(159744K)
[6191.654s][info][gc,heap        ] GC(1755) ParOldGen: 3626011K(3626496K)->3716291K(3716608K)
[6191.654s][info][gc,metaspace   ] GC(1755) Metaspace: 29143K(29440K)->29143K(29440K) NonClass: 24252K(24384K)->24252K(24384K) Class: 4890K(5056K)->4890K(5056K)
[6191.654s][info][gc             ] GC(1755) Pause Young (Allocation Failure) 6103M->3769M(6202M) 97.989ms
[6191.654s][info][gc,cpu         ] GC(1755) User=0.55s Sys=0.03s Real=0.10s
..[6193.559s][info][gc,start       ] GC(1756) Pause Young (Allocation Failure)
[6193.661s][info][gc,heap        ] GC(1756) PSYoungGen: 2619136K(2634752K)->139936K(2636288K) Eden: 2475008K(2475008K)->0K(2477056K) From: 144128K(159744K)->139936K(159232K)
[6193.661s][info][gc,heap        ] GC(1756) ParOldGen: 3716291K(3716608K)->3811187K(3811328K)
[6193.661s][info][gc,metaspace   ] GC(1756) Metaspace: 29143K(29440K)->29143K(29440K) NonClass: 24252K(24384K)->24252K(24384K) Class: 4890K(5056K)->4890K(5056K)
[6193.661s][info][gc             ] GC(1756) Pause Young (Allocation Failure) 6186M->3858M(6296M) 101.885ms
[6193.661s][info][gc,cpu         ] GC(1756) User=0.56s Sys=0.04s Real=0.10s
..[6195.504s][info][gc,start       ] GC(1757) Pause Young (Allocation Failure)
[6195.605s][info][gc,heap        ] GC(1757) PSYoungGen: 2616992K(2636288K)->141088K(2636288K) Eden: 2477056K(2477056K)->0K(2477056K) From: 139936K(159232K)->141088K(159232K)
[6195.605s][info][gc,heap        ] GC(1757) ParOldGen: 3811187K(3811328K)->3903979K(3904000K)
[6195.605s][info][gc,metaspace   ] GC(1757) Metaspace: 29143K(29440K)->29143K(29440K) NonClass: 24252K(24384K)->24252K(24384K) Class: 4890K(5056K)->4890K(5056K)
[6195.605s][info][gc             ] GC(1757) Pause Young (Allocation Failure) 6277M->3950M(6387M) 101.174ms
[6195.605s][info][gc,cpu         ] GC(1757) User=0.56s Sys=0.03s Real=0.10s
..[6197.512s][info][gc,start       ] GC(1758) Pause Young (Allocation Failure)
[6197.612s][info][gc,heap        ] GC(1758) PSYoungGen: 2618144K(2636288K)->146512K(2633728K) Eden: 2477056K(2477056K)->0K(2477568K) From: 141088K(159232K)->146512K(156160K)
[6197.612s][info][gc,heap        ] GC(1758) ParOldGen: 3903979K(3904000K)->3993635K(3994112K)
[6197.612s][info][gc,metaspace   ] GC(1758) Metaspace: 29143K(29440K)->29143K(29440K) NonClass: 24252K(24384K)->24252K(24384K) Class: 4890K(5056K)->4890K(5056K)
[6197.612s][info][gc             ] GC(1758) Pause Young (Allocation Failure) 6369M->4043M(6472M) 100.218ms
[6197.612s][info][gc,cpu         ] GC(1758) User=0.57s Sys=0.02s Real=0.10s
..[6199.524s][info][gc,start       ] GC(1759) Pause Young (Allocation Failure)
[6199.625s][info][gc,heap        ] GC(1759) PSYoungGen: 2624080K(2633728K)->138752K(2635264K) Eden: 2477568K(2477568K)->0K(2477568K) From: 146512K(156160K)->138752K(157696K)
[6199.625s][info][gc,heap        ] GC(1759) ParOldGen: 3993635K(3994112K)->4088219K(4088320K)
[6199.625s][info][gc,metaspace   ] GC(1759) Metaspace: 29143K(29440K)->29143K(29440K) NonClass: 24252K(24384K)->24252K(24384K) Class: 4890K(5056K)->4890K(5056K)
[6199.625s][info][gc             ] GC(1759) Pause Young (Allocation Failure) 6462M->4127M(6566M) 100.363ms
[6199.625s][info][gc,cpu         ] GC(1759) User=0.55s Sys=0.03s Real=0.10s
. (rIR:aIR:PR = 10239:10217:10217) (tPR = 150253) [OK] 
  6199s: Performance info:
         Transaction,    Success,    Partial,     Failed,   Receipts, AvgBarcode, 
             Overall,     617453,          0,          0,     586405,      59.47, 
         Response times:
             Request,    Success,    Partial,     Failed,   SkipFail,     Probes,    Samples,      min,      p50,      p90,      p95,      p99,      max, 
       TotalPurchase,     586398,          0,          0,          0,     361057,     473720,      200,     8100,   137000,   308000,   610000,  1100000,
     InStorePurchase,     309829,          0,          0,          0,     190868,     250086,      200,     7900,   136000,   303000,   586000,  1100000,
      OnlinePurchase,     215111,          0,          0,          0,     132389,     173623,      300,     8500,   139000,   308000,   610000,  1100000,
        InstPurchase,      61458,          0,          0,          0,      37800,      50011,      400,     7800,   134000,   322400,   630000,   950000,
          AssocOfCat,        620,          0,          0,          0,        538,        809,    19500,    44000,   164000,   331500,   584400,   750000,
      AssocOfProduct,       6210,          0,          0,          0,       3482,       4830,      600,     6700,   103000,   240000,   680000,   710000,
      BusinessReport,       1545,          0,          0,          0,       1346,       1943,    27000,    57000,   195200,   392000,   800000,  1100000,
          CustBuyBeh,       6251,          0,          0,          0,       3523,       4909,      300,     8900,   134000,   333000,   720000,   910000,
       ProductReturn,      16422,          0,          0,          0,       9695,      13308,      200,     7700,   119000,   311000,   680000,   920000,

  6199s: (75%)   IR =  10378 .[6201.530s][info][gc,start       ] GC(1760) Pause Young (Allocation Failure)
[6201.635s][info][gc,heap        ] GC(1760) PSYoungGen: 2616320K(2635264K)->149077K(2637824K) Eden: 2477568K(2477568K)->0K(2479616K) From: 138752K(157696K)->149077K(158208K)
[6201.635s][info][gc,heap        ] GC(1760) ParOldGen: 4088219K(4088320K)->4178707K(4178944K)
[6201.635s][info][gc,metaspace   ] GC(1760) Metaspace: 29143K(29440K)->29143K(29440K) NonClass: 24252K(24384K)->24252K(24384K) Class: 4890K(5056K)->4890K(5056K)
[6201.635s][info][gc             ] GC(1760) Pause Young (Allocation Failure) 6547M->4226M(6657M) 105.138ms
[6201.635s][info][gc,cpu         ] GC(1760) User=0.60s Sys=0.02s Real=0.10s
..[6203.434s][info][gc,start       ] GC(1761) Pause Young (Allocation Failure)
[6203.537s][info][gc,heap        ] GC(1761) PSYoungGen: 2628693K(2637824K)->147664K(2627584K) Eden: 2479616K(2479616K)->0K(2479616K) From: 149077K(158208K)->147664K(147968K)
[6203.537s][info][gc,heap        ] GC(1761) ParOldGen: 4178707K(4178944K)->4271315K(4271616K)
[6203.537s][info][gc,metaspace   ] GC(1761) Metaspace: 29143K(29440K)->29143K(29440K) NonClass: 24252K(24384K)->24252K(24384K) Class: 4890K(5056K)->4890K(5056K)
[6203.537s][info][gc             ] GC(1761) Pause Young (Allocation Failure) 6647M->4315M(6737M) 103.039ms
[6203.537s][info][gc,cpu         ] GC(1761) User=0.58s Sys=0.02s Real=0.10s
..[6205.359s][info][gc,start       ] GC(1762) Pause Young (Allocation Failure)
[6205.464s][info][gc,heap        ] GC(1762) PSYoungGen: 2627280K(2627584K)->143048K(2637824K) Eden: 2479616K(2479616K)->0K(2480128K) From: 147664K(147968K)->143048K(157696K)
[6205.464s][info][gc,heap        ] GC(1762) ParOldGen: 4271315K(4271616K)->4364531K(4364800K)
[6205.464s][info][gc,metaspace   ] GC(1762) Metaspace: 29143K(29440K)->29143K(29440K) NonClass: 24252K(24384K)->24252K(24384K) Class: 4890K(5056K)->4890K(5056K)
[6205.464s][info][gc             ] GC(1762) Pause Young (Allocation Failure) 6736M->4401M(6838M) 104.530ms
[6205.464s][info][gc,cpu         ] GC(1762) User=0.56s Sys=0.03s Real=0.10s
..[6207.281s][info][gc,start       ] GC(1763) Pause Young (Allocation Failure)
[6207.388s][info][gc,heap        ] GC(1763) PSYoungGen: 2623176K(2637824K)->149728K(2637312K) Eden: 2480128K(2480128K)->0K(2480128K) From: 143048K(157696K)->149728K(157184K)
[6207.388s][info][gc,heap        ] GC(1763) ParOldGen: 4364531K(4364800K)->4454811K(4454912K)
[6207.388s][info][gc,metaspace   ] GC(1763) Metaspace: 29143K(29440K)->29143K(29440K) NonClass: 24252K(24384K)->24252K(24384K) Class: 4890K(5056K)->4890K(5056K)
[6207.388s][info][gc             ] GC(1763) Pause Young (Allocation Failure) 6823M->4496M(6926M) 106.789ms
[6207.388s][info][gc,cpu         ] GC(1763) User=0.60s Sys=0.02s Real=0.10s
..[6209.234s][info][gc,start       ] GC(1764) Pause Young (Allocation Failure)
[6209.342s][info][gc,heap        ] GC(1764) PSYoungGen: 2629856K(2637312K)->155504K(2633728K) Eden: 2480128K(2480128K)->0K(2476544K) From: 149728K(157184K)->155504K(157184K)
[6209.342s][info][gc,heap        ] GC(1764) ParOldGen: 4454811K(4454912K)->4547291K(4547584K)
[6209.342s][info][gc,metaspace   ] GC(1764) Metaspace: 29143K(29440K)->29143K(29440K) NonClass: 24252K(24384K)->24252K(24384K) Class: 4890K(5056K)->4890K(5056K)
[6209.342s][info][gc             ] GC(1764) Pause Young (Allocation Failure) 6918M->4592M(7013M) 107.865ms
[6209.342s][info][gc,cpu         ] GC(1764) User=0.61s Sys=0.02s Real=0.11s
.[6211.113s][info][gc,start       ] GC(1765) Pause Young (Allocation Failure)
[6211.221s][info][gc,heap        ] GC(1765) PSYoungGen: 2632048K(2633728K)->151947K(2628608K) Eden: 2476544K(2476544K)->0K(2476544K) From: 155504K(157184K)->151947K(152064K)
[6211.221s][info][gc,heap        ] GC(1765) ParOldGen: 4547291K(4547584K)->4641179K(4641280K)
[6211.221s][info][gc,metaspace   ] GC(1765) Metaspace: 29143K(29440K)->29143K(29440K) NonClass: 24252K(24384K)->24252K(24384K) Class: 4890K(5056K)->4890K(5056K)
[6211.221s][info][gc             ] GC(1765) Pause Young (Allocation Failure) 7011M->4680M(7099M) 107.512ms
[6211.221s][info][gc,cpu         ] GC(1765) User=0.61s Sys=0.02s Real=0.11s
..[6213.087s][info][gc,start       ] GC(1766) Pause Young (Allocation Failure)
[6213.194s][info][gc,heap        ] GC(1766) PSYoungGen: 2628491K(2628608K)->151616K(2635776K) Eden: 2476544K(2476544K)->0K(2475520K) From: 151947K(152064K)->151616K(160256K)
[6213.194s][info][gc,heap        ] GC(1766) ParOldGen: 4641179K(4641280K)->4732731K(4732928K)
[6213.194s][info][gc,metaspace   ] GC(1766) Metaspace: 29143K(29440K)->29143K(29440K) NonClass: 24252K(24384K)->24252K(24384K) Class: 4890K(5056K)->4890K(5056K)
[6213.194s][info][gc             ] GC(1766) Pause Young (Allocation Failure) 7099M->4769M(7196M) 107.601ms
[6213.194s][info][gc,cpu         ] GC(1766) User=0.60s Sys=0.03s Real=0.11s
..[6215.003s][info][gc,start       ] GC(1767) Pause Young (Allocation Failure)
[6215.105s][info][gc,heap        ] GC(1767) PSYoungGen: 2627136K(2635776K)->142176K(2635776K) Eden: 2475520K(2475520K)->0K(2475520K) From: 151616K(160256K)->142176K(160256K)
[6215.105s][info][gc,heap        ] GC(1767) ParOldGen: 4732731K(4732928K)->4824587K(4825088K)
[6215.105s][info][gc,metaspace   ] GC(1767) Metaspace: 29143K(29440K)->29143K(29440K) NonClass: 24252K(24384K)->24252K(24384K) Class: 4890K(5056K)->4890K(5056K)
[6215.105s][info][gc             ] GC(1767) Pause Young (Allocation Failure) 7187M->4850M(7286M) 101.962ms
[6215.105s][info][gc,cpu         ] GC(1767) User=0.57s Sys=0.03s Real=0.10s
..[6217.002s][info][gc,start       ] GC(1768) Pause Young (Allocation Failure)
[6217.107s][info][gc,heap        ] GC(1768) PSYoungGen: 2617696K(2635776K)->153184K(2633728K) Eden: 2475520K(2475520K)->0K(2473472K) From: 142176K(160256K)->153184K(160256K)
[6217.107s][info][gc,heap        ] GC(1768) ParOldGen: 4824587K(4825088K)->4914291K(4914688K)
[6217.107s][info][gc,metaspace   ] GC(1768) Metaspace: 29143K(29440K)->29143K(29440K) NonClass: 24252K(24384K)->24252K(24384K) Class: 4890K(5056K)->4890K(5056K)
[6217.107s][info][gc             ] GC(1768) Pause Young (Allocation Failure) 7267M->4948M(7371M) 104.970ms
[6217.108s][info][gc,cpu         ] GC(1768) User=0.60s Sys=0.02s Real=0.10s
..[6218.903s][info][gc,start       ] GC(1769) Pause Young (Allocation Failure)
[6219.006s][info][gc,heap        ] GC(1769) PSYoungGen: 2626656K(2633728K)->141760K(2634752K) Eden: 2473472K(2473472K)->0K(2473472K) From: 153184K(160256K)->141760K(161280K)
[6219.006s][info][gc,heap        ] GC(1769) ParOldGen: 4914291K(4914688K)->5009283K(5009408K)
[6219.006s][info][gc,metaspace   ] GC(1769) Metaspace: 29143K(29440K)->29143K(29440K) NonClass: 24252K(24384K)->24252K(24384K) Class: 4890K(5056K)->4890K(5056K)
[6219.006s][info][gc             ] GC(1769) Pause Young (Allocation Failure) 7364M->5030M(7465M) 102.142ms
[6219.006s][info][gc,cpu         ] GC(1769) User=0.57s Sys=0.03s Real=0.10s
..[6220.855s][info][gc,start       ] GC(1770) Pause Young (Allocation Failure)
[6220.962s][info][gc,heap        ] GC(1770) PSYoungGen: 2615232K(2634752K)->152800K(2633216K) Eden: 2473472K(2473472K)->0K(2472448K) From: 141760K(161280K)->152800K(160768K)
[6220.962s][info][gc,heap        ] GC(1770) ParOldGen: 5009283K(5009408K)->5098547K(5099008K)
[6220.962s][info][gc,metaspace   ] GC(1770) Metaspace: 29143K(29440K)->29143K(29440K) NonClass: 24252K(24384K)->24252K(24384K) Class: 4890K(5056K)->4890K(5056K)
[6220.962s][info][gc             ] GC(1770) Pause Young (Allocation Failure) 7445M->5128M(7551M) 106.643ms
[6220.962s][info][gc,cpu         ] GC(1770) User=0.59s Sys=0.04s Real=0.11s
..[6222.682s][info][gc,start       ] GC(1771) Pause Young (Allocation Failure)
[6222.784s][info][gc,heap        ] GC(1771) PSYoungGen: 2625248K(2633216K)->142848K(2634240K) Eden: 2472448K(2472448K)->0K(2472448K) From: 152800K(160768K)->142848K(161792K)
[6222.784s][info][gc,heap        ] GC(1771) ParOldGen: 5098547K(5099008K)->5193531K(5193728K)
[6222.784s][info][gc,metaspace   ] GC(1771) Metaspace: 29143K(29440K)->29143K(29440K) NonClass: 24252K(24384K)->24252K(24384K) Class: 4890K(5056K)->4890K(5056K)
[6222.784s][info][gc             ] GC(1771) Pause Young (Allocation Failure) 7542M->5211M(7644M) 102.557ms
[6222.784s][info][gc,cpu         ] GC(1771) User=0.59s Sys=0.02s Real=0.10s
..[6224.552s][info][gc,start       ] GC(1772) Pause Young (Allocation Failure)
[6224.656s][info][gc,heap        ] GC(1772) PSYoungGen: 2615296K(2634240K)->147331K(2630656K) Eden: 2472448K(2472448K)->0K(2472960K) From: 142848K(161792K)->147331K(157696K)
[6224.656s][info][gc,heap        ] GC(1772) ParOldGen: 5193531K(5193728K)->5284003K(5284352K)
[6224.656s][info][gc,metaspace   ] GC(1772) Metaspace: 29143K(29440K)->29143K(29440K) NonClass: 24252K(24384K)->24252K(24384K) Class: 4890K(5056K)->4890K(5056K)
[6224.656s][info][gc             ] GC(1772) Pause Young (Allocation Failure) 7625M->5304M(7729M) 103.223ms
[6224.656s][info][gc,cpu         ] GC(1772) User=0.59s Sys=0.02s Real=0.10s
..[6226.525s][info][gc,start       ] GC(1773) Pause Young (Allocation Failure)
[6226.635s][info][gc,heap        ] GC(1773) PSYoungGen: 2620291K(2630656K)->153182K(2632704K) Eden: 2472960K(2472960K)->0K(2472960K) From: 147331K(157696K)->153182K(159744K)
[6226.635s][info][gc,heap        ] GC(1773) ParOldGen: 5284003K(5284352K)->5377315K(5377536K)
[6226.635s][info][gc,metaspace   ] GC(1773) Metaspace: 29143K(29440K)->29143K(29440K) NonClass: 24252K(24384K)->24252K(24384K) Class: 4890K(5056K)->4890K(5056K)
[6226.635s][info][gc             ] GC(1773) Pause Young (Allocation Failure) 7719M->5400M(7822M) 110.158ms
[6226.635s][info][gc,cpu         ] GC(1773) User=0.62s Sys=0.03s Real=0.11s
..[6228.448s][info][gc,start       ] GC(1774) Pause Young (Allocation Failure)
[6228.550s][info][gc,heap        ] GC(1774) PSYoungGen: 2626142K(2632704K)->144948K(2635264K) Eden: 2472960K(2472960K)->0K(2475520K) From: 153182K(159744K)->144948K(159744K)
[6228.550s][info][gc,heap        ] GC(1774) ParOldGen: 5377315K(5377536K)->5468011K(5468160K)
[6228.550s][info][gc,metaspace   ] GC(1774) Metaspace: 29143K(29440K)->29143K(29440K) NonClass: 24252K(24384K)->24252K(24384K) Class: 4890K(5056K)->4890K(5056K)
[6228.550s][info][gc             ] GC(1774) Pause Young (Allocation Failure) 7815M->5481M(7913M) 102.179ms
[6228.550s][info][gc,cpu         ] GC(1774) User=0.57s Sys=0.02s Real=0.11s
.[6230.346s][info][gc,start       ] GC(1775) Pause Young (Allocation Failure)
[6230.448s][info][gc,heap        ] GC(1775) PSYoungGen: 2620468K(2635264K)->139712K(2635264K) Eden: 2475520K(2475520K)->0K(2475520K) From: 144948K(159744K)->139712K(159744K)
[6230.448s][info][gc,heap        ] GC(1775) ParOldGen: 5468011K(5468160K)->5560275K(5560320K)
[6230.448s][info][gc,metaspace   ] GC(1775) Metaspace: 29143K(29440K)->29143K(29440K) NonClass: 24252K(24384K)->24252K(24384K) Class: 4890K(5056K)->4890K(5056K)
[6230.448s][info][gc             ] GC(1775) Pause Young (Allocation Failure) 7898M->5566M(8003M) 102.151ms
[6230.448s][info][gc,cpu         ] GC(1775) User=0.58s Sys=0.02s Real=0.10s
. (rIR:aIR:PR = 10378:10515:10512) (tPR = 158315) [IR is over limit] [PR is over limit] 
  6230s: Performance info:
         Transaction,    Success,    Partial,     Failed,   Receipts, AvgBarcode, 
             Overall,     213507,          0,          0,     203090,      59.48, 
         Response times:
             Request,    Success,    Partial,     Failed,   SkipFail,     Probes,    Samples,      min,      p50,      p90,      p95,      p99,      max, 
       TotalPurchase,     203155,          0,          0,          0,     119203,     178596,      200,     7400,    52000,    74000,   109000,   202000,
     InStorePurchase,     105664,          0,          0,          0,      62517,      93643,      200,     7300,    52000,    74000,   109000,   201000,
      OnlinePurchase,      76480,          0,          0,          0,      43939,      65701,      300,     7500,    53000,    74000,   111000,   202000,
        InstPurchase,      21011,          0,          0,          0,      12747,      19252,      400,     7400,    50000,    75000,   109000,   184000,
          AssocOfCat,        211,          0,          0,          0,        185,        334,    24000,    49000,   106000,   133000,   167950,   204000,
      AssocOfProduct,       2107,          0,          0,          0,       1166,       1873,      500,     6700,    48000,    68000,   115260,   146000,
      BusinessReport,        527,          0,          0,          0,        491,        806,    29000,    59000,   126000,   153950,   193860,   211000,
          CustBuyBeh,       2049,          0,          0,          0,       1200,       1852,      200,     7500,    52000,    70350,   106940,   169000,
       ProductReturn,       5526,          0,          0,          0,       3352,       5057,      200,     6400,    49000,    69100,   109420,   170000,

  6230s: 
  6230s: Failed, 9 overall retries left, retrying 1 of 1
  6230s: (75%)   IR =  10378 .[6232.416s][info][gc,start       ] GC(1776) Pause Full (Allocation Failure)
[6232.416s][info][gc,phases,start] GC(1776) Marking Phase
[6232.704s][info][gc,phases      ] GC(1776) Marking Phase 288.019ms
[6232.704s][info][gc,phases,start] GC(1776) Summary Phase
[6232.705s][info][gc,phases      ] GC(1776) Summary Phase 0.102ms
[6232.705s][info][gc,phases,start] GC(1776) Forward
[6232.836s][info][gc,phases      ] GC(1776) Forward 131.202ms
[6232.836s][info][gc,phases,start] GC(1776) Adjust Pointers
[6233.032s][info][gc,phases      ] GC(1776) Adjust Pointers 196.405ms
[6233.032s][info][gc,phases,start] GC(1776) Compaction Phase
[6233.158s][info][gc,phases      ] GC(1776) Compaction Phase 125.629ms
[6233.159s][info][gc,phases,start] GC(1776) Post Compact
[6233.166s][info][gc,phases      ] GC(1776) Post Compact 6.950ms
[6233.300s][info][gc,heap        ] GC(1776) PSYoungGen: 2615232K(2635264K)->0K(2635776K) Eden: 2475520K(2475520K)->0K(2475520K) From: 139712K(159744K)->0K(160256K)
[6233.300s][info][gc,heap        ] GC(1776) ParOldGen: 5560275K(5560320K)->1424746K(1715712K)
[6233.300s][info][gc,metaspace   ] GC(1776) Metaspace: 29143K(29440K)->29143K(29440K) NonClass: 24252K(24384K)->24252K(24384K) Class: 4890K(5056K)->4890K(5056K)
[6233.300s][info][gc             ] GC(1776) Pause Full (Allocation Failure) 7983M->1391M(4249M) 883.422ms
[6233.300s][info][gc,cpu         ] GC(1776) User=3.97s Sys=0.13s Real=0.89s
..[6234.811s][info][gc,start       ] GC(1777) Pause Young (Allocation Failure)
[6234.878s][info][gc,heap        ] GC(1777) PSYoungGen: 2475520K(2635776K)->146837K(2622464K) Eden: 2475520K(2475520K)->0K(2475520K) From: 0K(160256K)->146837K(146944K)
[6234.878s][info][gc,heap        ] GC(1777) ParOldGen: 1424746K(1715712K)->1424746K(1715712K)
[6234.878s][info][gc,metaspace   ] GC(1777) Metaspace: 29143K(29440K)->29143K(29440K) NonClass: 24252K(24384K)->24252K(24384K) Class: 4890K(5056K)->4890K(5056K)
[6234.878s][info][gc             ] GC(1777) Pause Young (Allocation Failure) 3808M->1534M(4236M) 66.629ms
[6234.878s][info][gc,cpu         ] GC(1777) User=0.39s Sys=0.00s Real=0.06s
.[6236.369s][info][gc,start       ] GC(1778) Pause Young (Allocation Failure)
[6236.460s][info][gc,heap        ] GC(1778) PSYoungGen: 2622357K(2622464K)->138720K(2633728K) Eden: 2475520K(2475520K)->0K(2475008K) From: 146837K(146944K)->138720K(158720K)
[6236.460s][info][gc,heap        ] GC(1778) ParOldGen: 1424746K(1715712K)->1516802K(1715712K)
[6236.460s][info][gc,metaspace   ] GC(1778) Metaspace: 29143K(29440K)->29143K(29440K) NonClass: 24252K(24384K)->24252K(24384K) Class: 4890K(5056K)->4890K(5056K)
[6236.460s][info][gc             ] GC(1778) Pause Young (Allocation Failure) 3952M->1616M(4247M) 91.342ms
[6236.460s][info][gc,cpu         ] GC(1778) User=0.54s Sys=0.00s Real=0.09s
..[6238.243s][info][gc,start       ] GC(1779) Pause Young (Allocation Failure)
[6238.336s][info][gc,heap        ] GC(1779) PSYoungGen: 2613728K(2633728K)->139264K(2634240K) Eden: 2475008K(2475008K)->0K(2475008K) From: 138720K(158720K)->139264K(159232K)
[6238.336s][info][gc,heap        ] GC(1779) ParOldGen: 1516802K(1715712K)->1609554K(1715712K)
[6238.336s][info][gc,metaspace   ] GC(1779) Metaspace: 29143K(29440K)->29143K(29440K) NonClass: 24252K(24384K)->24252K(24384K) Class: 4890K(5056K)->4890K(5056K)
[6238.336s][info][gc             ] GC(1779) Pause Young (Allocation Failure) 4033M->1707M(4248M) 93.164ms
[6238.336s][info][gc,cpu         ] GC(1779) User=0.55s Sys=0.00s Real=0.09s
..|[6240.214s][info][gc,start       ] GC(1780) Pause Young (Allocation Failure)
[6240.309s][info][gc,heap        ] GC(1780) PSYoungGen: 2614272K(2634240K)->144320K(2634752K) Eden: 2475008K(2475008K)->0K(2478080K) From: 139264K(159232K)->144320K(156672K)
[6240.309s][info][gc,heap        ] GC(1780) ParOldGen: 1609554K(1715712K)->1703562K(1715712K)
[6240.309s][info][gc,metaspace   ] GC(1780) Metaspace: 29143K(29440K)->29143K(29440K) NonClass: 24252K(24384K)->24252K(24384K) Class: 4890K(5056K)->4890K(5056K)
[6240.309s][info][gc             ] GC(1780) Pause Young (Allocation Failure) 4124M->1804M(4248M) 95.009ms
[6240.309s][info][gc,cpu         ] GC(1780) User=0.56s Sys=0.00s Real=0.10s
..[6242.224s][info][gc,start       ] GC(1781) Pause Young (Allocation Failure)
[6242.326s][info][gc,heap        ] GC(1781) PSYoungGen: 2622400K(2634752K)->152740K(2635776K) Eden: 2478080K(2478080K)->0K(2478080K) From: 144320K(156672K)->152740K(157696K)
[6242.326s][info][gc,heap        ] GC(1781) ParOldGen: 1703562K(1715712K)->1793234K(1793536K)
[6242.326s][info][gc,metaspace   ] GC(1781) Metaspace: 29143K(29440K)->29143K(29440K) NonClass: 24252K(24384K)->24252K(24384K) Class: 4890K(5056K)->4890K(5056K)
[6242.326s][info][gc             ] GC(1781) Pause Young (Allocation Failure) 4224M->1900M(4325M) 102.030ms
[6242.326s][info][gc,cpu         ] GC(1781) User=0.57s Sys=0.03s Real=0.10s
..[6244.208s][info][gc,start       ] GC(1782) Pause Young (Allocation Failure)
[6244.312s][info][gc,heap        ] GC(1782) PSYoungGen: 2630820K(2635776K)->152356K(2634752K) Eden: 2478080K(2478080K)->0K(2475520K) From: 152740K(157696K)->152356K(159232K)
[6244.312s][info][gc,heap        ] GC(1782) ParOldGen: 1793234K(1793536K)->1886178K(1886208K)
[6244.312s][info][gc,metaspace   ] GC(1782) Metaspace: 29143K(29440K)->29143K(29440K) NonClass: 24252K(24384K)->24252K(24384K) Class: 4890K(5056K)->4890K(5056K)
[6244.312s][info][gc             ] GC(1782) Pause Young (Allocation Failure) 4320M->1990M(4415M) 103.361ms
[6244.312s][info][gc,cpu         ] GC(1782) User=0.58s Sys=0.03s Real=0.10s
..[6246.216s][info][gc,start       ] GC(1783) Pause Young (Allocation Failure)
[6246.319s][info][gc,heap        ] GC(1783) PSYoungGen: 2627876K(2634752K)->151056K(2627072K) Eden: 2475520K(2475520K)->0K(2475520K) From: 152356K(159232K)->151056K(151552K)
[6246.319s][info][gc,heap        ] GC(1783) ParOldGen: 1886178K(1886208K)->1978530K(1978880K)
[6246.319s][info][gc,metaspace   ] GC(1783) Metaspace: 29143K(29440K)->29143K(29440K) NonClass: 24252K(24384K)->24252K(24384K) Class: 4890K(5056K)->4890K(5056K)
[6246.319s][info][gc             ] GC(1783) Pause Young (Allocation Failure) 4408M->2079M(4498M) 102.771ms
[6246.319s][info][gc,cpu         ] GC(1783) User=0.57s Sys=0.04s Real=0.11s
..[6248.246s][info][gc,start       ] GC(1784) Pause Young (Allocation Failure)
[6248.342s][info][gc,heap        ] GC(1784) PSYoungGen: 2626576K(2627072K)->139040K(2635264K) Eden: 2475520K(2475520K)->0K(2474496K) From: 151056K(151552K)->139040K(160768K)
[6248.342s][info][gc,heap        ] GC(1784) ParOldGen: 1978530K(1978880K)->2069698K(2070016K)
[6248.342s][info][gc,metaspace   ] GC(1784) Metaspace: 29143K(29440K)->29143K(29440K) NonClass: 24252K(24384K)->24252K(24384K) Class: 4890K(5056K)->4890K(5056K)
[6248.342s][info][gc             ] GC(1784) Pause Young (Allocation Failure) 4497M->2156M(4595M) 95.397ms
[6248.342s][info][gc,cpu         ] GC(1784) User=0.52s Sys=0.04s Real=0.10s
..[6250.199s][info][gc,start       ] GC(1785) Pause Young (Allocation Failure)
[6250.302s][info][gc,heap        ] GC(1785) PSYoungGen: 2613536K(2635264K)->151028K(2625536K) Eden: 2474496K(2474496K)->0K(2474496K) From: 139040K(160768K)->151028K(151040K)
[6250.302s][info][gc,heap        ] GC(1785) ParOldGen: 2069698K(2070016K)->2163098K(2163200K)
[6250.302s][info][gc,metaspace   ] GC(1785) Metaspace: 29143K(29440K)->29143K(29440K) NonClass: 24252K(24384K)->24252K(24384K) Class: 4890K(5056K)->4890K(5056K)
[6250.302s][info][gc             ] GC(1785) Pause Young (Allocation Failure) 4573M->2259M(4676M) 103.210ms
[6250.302s][info][gc,cpu         ] GC(1785) User=0.58s Sys=0.02s Real=0.10s
..[6252.143s][info][gc,start       ] GC(1786) Pause Young (Allocation Failure)
[6252.244s][info][gc,heap        ] GC(1786) PSYoungGen: 2625524K(2625536K)->148416K(2635776K) Eden: 2474496K(2474496K)->0K(2474496K) From: 151028K(151040K)->148416K(161280K)
[6252.244s][info][gc,heap        ] GC(1786) ParOldGen: 2163098K(2163200K)->2253426K(2253824K)
[6252.244s][info][gc,metaspace   ] GC(1786) Metaspace: 29143K(29440K)->29143K(29440K) NonClass: 24252K(24384K)->24252K(24384K) Class: 4890K(5056K)->4890K(5056K)
[6252.244s][info][gc             ] GC(1786) Pause Young (Allocation Failure) 4676M->2345M(4775M) 100.459ms
[6252.244s][info][gc,cpu         ] GC(1786) User=0.58s Sys=0.02s Real=0.10s
..[6254.036s][info][gc,start       ] GC(1787) Pause Young (Allocation Failure)
[6254.138s][info][gc,heap        ] GC(1787) PSYoungGen: 2622912K(2635776K)->148992K(2623488K) Eden: 2474496K(2474496K)->0K(2474496K) From: 148416K(161280K)->148992K(148992K)
[6254.138s][info][gc,heap        ] GC(1787) ParOldGen: 2253426K(2253824K)->2345778K(2345984K)
[6254.138s][info][gc,metaspace   ] GC(1787) Metaspace: 29143K(29440K)->29143K(29440K) NonClass: 24252K(24384K)->24252K(24384K) Class: 4890K(5056K)->4890K(5056K)
[6254.138s][info][gc             ] GC(1787) Pause Young (Allocation Failure) 4762M->2436M(4853M) 102.439ms
[6254.138s][info][gc,cpu         ] GC(1787) User=0.58s Sys=0.03s Real=0.10s
..[6256.024s][info][gc,start       ] GC(1788) Pause Young (Allocation Failure)
[6256.125s][info][gc,heap        ] GC(1788) PSYoungGen: 2623488K(2623488K)->146560K(2635264K) Eden: 2474496K(2474496K)->0K(2475520K) From: 148992K(148992K)->146560K(159744K)
[6256.125s][info][gc,heap        ] GC(1788) ParOldGen: 2345778K(2345984K)->2438354K(2438656K)
[6256.125s][info][gc,metaspace   ] GC(1788) Metaspace: 29143K(29440K)->29143K(29440K) NonClass: 24252K(24384K)->24252K(24384K) Class: 4890K(5056K)->4890K(5056K)
[6256.125s][info][gc             ] GC(1788) Pause Young (Allocation Failure) 4852M->2524M(4955M) 101.465ms
[6256.125s][info][gc,cpu         ] GC(1788) User=0.56s Sys=0.03s Real=0.10s
..[6257.976s][info][gc,start       ] GC(1789) Pause Young (Allocation Failure)
[6258.074s][info][gc,heap        ] GC(1789) PSYoungGen: 2622080K(2635264K)->145312K(2634240K) Eden: 2475520K(2475520K)->0K(2475520K) From: 146560K(159744K)->145312K(158720K)
[6258.074s][info][gc,heap        ] GC(1789) ParOldGen: 2438354K(2438656K)->2531666K(2531840K)
[6258.074s][info][gc,metaspace   ] GC(1789) Metaspace: 29143K(29440K)->29143K(29440K) NonClass: 24252K(24384K)->24252K(24384K) Class: 4890K(5056K)->4890K(5056K)
[6258.074s][info][gc             ] GC(1789) Pause Young (Allocation Failure) 4941M->2614M(5045M) 98.487ms
[6258.074s][info][gc,cpu         ] GC(1789) User=0.56s Sys=0.02s Real=0.10s
..[6259.943s][info][gc,start       ] GC(1790) Pause Young (Allocation Failure)
[6260.046s][info][gc,heap        ] GC(1790) PSYoungGen: 2620832K(2634240K)->154068K(2633728K) Eden: 2475520K(2475520K)->0K(2476032K) From: 145312K(158720K)->154068K(157696K)
[6260.046s][info][gc,heap        ] GC(1790) ParOldGen: 2531666K(2531840K)->2621778K(2621952K)
[6260.046s][info][gc,metaspace   ] GC(1790) Metaspace: 29143K(29440K)->29143K(29440K) NonClass: 24252K(24384K)->24252K(24384K) Class: 4890K(5056K)->4890K(5056K)
[6260.046s][info][gc             ] GC(1790) Pause Young (Allocation Failure) 5031M->2710M(5132M) 102.181ms
[6260.046s][info][gc,cpu         ] GC(1790) User=0.58s Sys=0.03s Real=0.10s
..[6261.938s][info][gc,start       ] GC(1791) Pause Young (Allocation Failure)
[6262.038s][info][gc,heap        ] GC(1791) PSYoungGen: 2630100K(2633728K)->144192K(2635264K) Eden: 2476032K(2476032K)->0K(2476032K) From: 154068K(157696K)->144192K(159232K)
[6262.038s][info][gc,heap        ] GC(1791) ParOldGen: 2621778K(2621952K)->2714714K(2715136K)
[6262.038s][info][gc,metaspace   ] GC(1791) Metaspace: 29143K(29440K)->29143K(29440K) NonClass: 24252K(24384K)->24252K(24384K) Class: 4890K(5056K)->4890K(5056K)
[6262.038s][info][gc             ] GC(1791) Pause Young (Allocation Failure) 5128M->2791M(5225M) 100.269ms
[6262.039s][info][gc,cpu         ] GC(1791) User=0.56s Sys=0.04s Real=0.11s
..[6263.851s][info][gc,start       ] GC(1792) Pause Young (Allocation Failure)
[6263.950s][info][gc,heap        ] GC(1792) PSYoungGen: 2620224K(2635264K)->142880K(2635264K) Eden: 2476032K(2476032K)->0K(2478080K) From: 144192K(159232K)->142880K(157184K)
[6263.950s][info][gc,heap        ] GC(1792) ParOldGen: 2714714K(2715136K)->2805634K(2805760K)
[6263.950s][info][gc,metaspace   ] GC(1792) Metaspace: 29143K(29440K)->29143K(29440K) NonClass: 24252K(24384K)->24252K(24384K) Class: 4890K(5056K)->4890K(5056K)
[6263.950s][info][gc             ] GC(1792) Pause Young (Allocation Failure) 5209M->2879M(5313M) 99.511ms
[6263.950s][info][gc,cpu         ] GC(1792) User=0.56s Sys=0.02s Real=0.10s
.[6265.752s][info][gc,start       ] GC(1793) Pause Young (Allocation Failure)
[6265.850s][info][gc,heap        ] GC(1793) PSYoungGen: 2620960K(2635264K)->143648K(2636288K) Eden: 2478080K(2478080K)->0K(2478080K) From: 142880K(157184K)->143648K(158208K)
[6265.850s][info][gc,heap        ] GC(1793) ParOldGen: 2805634K(2805760K)->2897474K(2897920K)
[6265.850s][info][gc,metaspace   ] GC(1793) Metaspace: 29143K(29440K)->29143K(29440K) NonClass: 24252K(24384K)->24252K(24384K) Class: 4890K(5056K)->4890K(5056K)
[6265.850s][info][gc             ] GC(1793) Pause Young (Allocation Failure) 5299M->2969M(5404M) 98.628ms
[6265.851s][info][gc,cpu         ] GC(1793) User=0.55s Sys=0.03s Real=0.10s
..[6267.780s][info][gc,start       ] GC(1794) Pause Young (Allocation Failure)
[6267.881s][info][gc,heap        ] GC(1794) PSYoungGen: 2621728K(2636288K)->147364K(2636288K) Eden: 2478080K(2478080K)->0K(2480128K) From: 143648K(158208K)->147364K(156160K)
[6267.881s][info][gc,heap        ] GC(1794) ParOldGen: 2897474K(2897920K)->2989002K(2989056K)
[6267.881s][info][gc,metaspace   ] GC(1794) Metaspace: 29143K(29440K)->29143K(29440K) NonClass: 24252K(24384K)->24252K(24384K) Class: 4890K(5056K)->4890K(5056K)
[6267.882s][info][gc             ] GC(1794) Pause Young (Allocation Failure) 5389M->3062M(5493M) 101.462ms
[6267.882s][info][gc,cpu         ] GC(1794) User=0.57s Sys=0.03s Real=0.10s
..[6269.702s][info][gc,start       ] GC(1795) Pause Young (Allocation Failure)
[6269.804s][info][gc,heap        ] GC(1795) PSYoungGen: 2627492K(2636288K)->148160K(2637312K) Eden: 2480128K(2480128K)->0K(2480128K) From: 147364K(156160K)->148160K(157184K)
[6269.804s][info][gc,heap        ] GC(1795) ParOldGen: 2989002K(2989056K)->3081138K(3081216K)
[6269.804s][info][gc,metaspace   ] GC(1795) Metaspace: 29143K(29440K)->29143K(29440K) NonClass: 24252K(24384K)->24252K(24384K) Class: 4890K(5056K)->4890K(5056K)
[6269.804s][info][gc             ] GC(1795) Pause Young (Allocation Failure) 5484M->3153M(5584M) 102.227ms
[6269.804s][info][gc,cpu         ] GC(1795) User=0.57s Sys=0.02s Real=0.10s
..[6271.694s][info][gc,start       ] GC(1796) Pause Young (Allocation Failure)
[6271.798s][info][gc,heap        ] GC(1796) PSYoungGen: 2628288K(2637312K)->149056K(2638336K) Eden: 2480128K(2480128K)->0K(2482176K) From: 148160K(157184K)->149056K(156160K)
[6271.798s][info][gc,heap        ] GC(1796) ParOldGen: 3081138K(3081216K)->3174514K(3174912K)
[6271.798s][info][gc,metaspace   ] GC(1796) Metaspace: 29143K(29440K)->29143K(29440K) NonClass: 24252K(24384K)->24252K(24384K) Class: 4890K(5056K)->4890K(5056K)
[6271.798s][info][gc             ] GC(1796) Pause Young (Allocation Failure) 5575M->3245M(5677M) 104.392ms
[6271.798s][info][gc,cpu         ] GC(1796) User=0.59s Sys=0.03s Real=0.11s
..[6273.660s][info][gc,start       ] GC(1797) Pause Young (Allocation Failure)
[6273.762s][info][gc,heap        ] GC(1797) PSYoungGen: 2631232K(2638336K)->142144K(2638848K) Eden: 2482176K(2482176K)->0K(2482176K) From: 149056K(156160K)->142144K(156672K)
[6273.762s][info][gc,heap        ] GC(1797) ParOldGen: 3174514K(3174912K)->3265986K(3266048K)
[6273.762s][info][gc,metaspace   ] GC(1797) Metaspace: 29143K(29440K)->29143K(29440K) NonClass: 24252K(24384K)->24252K(24384K) Class: 4890K(5056K)->4890K(5056K)
[6273.762s][info][gc             ] GC(1797) Pause Young (Allocation Failure) 5669M->3328M(5766M) 101.476ms
[6273.762s][info][gc,cpu         ] GC(1797) User=0.57s Sys=0.02s Real=0.10s
..[6275.709s][info][gc,start       ] GC(1798) Pause Young (Allocation Failure)
[6275.813s][info][gc,heap        ] GC(1798) PSYoungGen: 2624320K(2638848K)->147296K(2638336K) Eden: 2482176K(2482176K)->0K(2483200K) From: 142144K(156672K)->147296K(155136K)
[6275.813s][info][gc,heap        ] GC(1798) ParOldGen: 3265986K(3266048K)->3357138K(3357184K)
[6275.813s][info][gc,metaspace   ] GC(1798) Metaspace: 29143K(29440K)->29143K(29440K) NonClass: 24252K(24384K)->24252K(24384K) Class: 4890K(5056K)->4890K(5056K)
[6275.813s][info][gc             ] GC(1798) Pause Young (Allocation Failure) 5752M->3422M(5855M) 104.425ms
[6275.813s][info][gc,cpu         ] GC(1798) User=0.60s Sys=0.03s Real=0.10s
..[6277.602s][info][gc,start       ] GC(1799) Pause Young (Allocation Failure)
[6277.704s][info][gc,heap        ] GC(1799) PSYoungGen: 2630496K(2638336K)->146739K(2638848K) Eden: 2483200K(2483200K)->0K(2483200K) From: 147296K(155136K)->146739K(155648K)
[6277.704s][info][gc,heap        ] GC(1799) ParOldGen: 3357138K(3357184K)->3449650K(3449856K)
[6277.704s][info][gc,metaspace   ] GC(1799) Metaspace: 29143K(29440K)->29143K(29440K) NonClass: 24252K(24384K)->24252K(24384K) Class: 4890K(5056K)->4890K(5056K)
[6277.704s][info][gc             ] GC(1799) Pause Young (Allocation Failure) 5847M->3512M(5946M) 101.940ms
[6277.704s][info][gc,cpu         ] GC(1799) User=0.57s Sys=0.03s Real=0.10s
..[6279.603s][info][gc,start       ] GC(1800) Pause Young (Allocation Failure)
[6279.703s][info][gc,heap        ] GC(1800) PSYoungGen: 2629939K(2638848K)->142624K(2639872K) Eden: 2483200K(2483200K)->0K(2485248K) From: 146739K(155648K)->142624K(154624K)
[6279.703s][info][gc,heap        ] GC(1800) ParOldGen: 3449650K(3449856K)->3540946K(3540992K)
[6279.703s][info][gc,metaspace   ] GC(1800) Metaspace: 29143K(29440K)->29143K(29440K) NonClass: 24252K(24384K)->24252K(24384K) Class: 4890K(5056K)->4890K(5056K)
[6279.703s][info][gc             ] GC(1800) Pause Young (Allocation Failure) 5937M->3597M(6036M) 99.959ms
[6279.703s][info][gc,cpu         ] GC(1800) User=0.56s Sys=0.03s Real=0.10s
..[6281.567s][info][gc,start       ] GC(1801) Pause Young (Allocation Failure)
[6281.673s][info][gc,heap        ] GC(1801) PSYoungGen: 2627872K(2639872K)->152884K(2639872K) Eden: 2485248K(2485248K)->0K(2485248K) From: 142624K(154624K)->152884K(154624K)
[6281.673s][info][gc,heap        ] GC(1801) ParOldGen: 3540946K(3540992K)->3633282K(3633664K)
[6281.673s][info][gc,metaspace   ] GC(1801) Metaspace: 29143K(29440K)->29143K(29440K) NonClass: 24252K(24384K)->24252K(24384K) Class: 4890K(5056K)->4890K(5056K)
[6281.673s][info][gc             ] GC(1801) Pause Young (Allocation Failure) 6024M->3697M(6126M) 105.874ms
[6281.673s][info][gc,cpu         ] GC(1801) User=0.59s Sys=0.04s Real=0.11s
..[6283.412s][info][gc,start       ] GC(1802) Pause Young (Allocation Failure)
[6283.513s][info][gc,heap        ] GC(1802) PSYoungGen: 2638132K(2639872K)->141248K(2638848K) Eden: 2485248K(2485248K)->0K(2482688K) From: 152884K(154624K)->141248K(156160K)
[6283.514s][info][gc,heap        ] GC(1802) ParOldGen: 3633282K(3633664K)->3726554K(3726848K)
[6283.514s][info][gc,metaspace   ] GC(1802) Metaspace: 29143K(29440K)->29143K(29440K) NonClass: 24252K(24384K)->24252K(24384K) Class: 4890K(5056K)->4890K(5056K)
[6283.514s][info][gc             ] GC(1802) Pause Young (Allocation Failure) 6124M->3777M(6216M) 101.604ms
[6283.514s][info][gc,cpu         ] GC(1802) User=0.57s Sys=0.03s Real=0.10s
..[6285.341s][info][gc,start       ] GC(1803) Pause Young (Allocation Failure)
[6285.443s][info][gc,heap        ] GC(1803) PSYoungGen: 2623936K(2638848K)->144993K(2628096K) Eden: 2482688K(2482688K)->0K(2482688K) From: 141248K(156160K)->144993K(145408K)
[6285.443s][info][gc,heap        ] GC(1803) ParOldGen: 3726554K(3726848K)->3818370K(3818496K)
[6285.443s][info][gc,metaspace   ] GC(1803) Metaspace: 29143K(29440K)->29143K(29440K) NonClass: 24252K(24384K)->24252K(24384K) Class: 4890K(5056K)->4890K(5056K)
[6285.443s][info][gc             ] GC(1803) Pause Young (Allocation Failure) 6201M->3870M(6295M) 101.809ms
[6285.443s][info][gc,cpu         ] GC(1803) User=0.58s Sys=0.02s Real=0.10s
..[6287.312s][info][gc,start       ] GC(1804) Pause Young (Allocation Failure)
[6287.414s][info][gc,heap        ] GC(1804) PSYoungGen: 2627681K(2628096K)->144311K(2639360K) Eden: 2482688K(2482688K)->0K(2483712K) From: 144993K(145408K)->144311K(155648K)
[6287.414s][info][gc,heap        ] GC(1804) ParOldGen: 3818370K(3818496K)->3908082K(3908096K)
[6287.414s][info][gc,metaspace   ] GC(1804) Metaspace: 29143K(29440K)->29143K(29440K) NonClass: 24252K(24384K)->24252K(24384K) Class: 4890K(5056K)->4890K(5056K)
[6287.414s][info][gc             ] GC(1804) Pause Young (Allocation Failure) 6294M->3957M(6394M) 101.361ms
[6287.414s][info][gc,cpu         ] GC(1804) User=0.58s Sys=0.02s Real=0.10s
..[6289.213s][info][gc,start       ] GC(1805) Pause Young (Allocation Failure)
[6289.319s][info][gc,heap        ] GC(1805) PSYoungGen: 2628023K(2639360K)->153792K(2638848K) Eden: 2483712K(2483712K)->0K(2483712K) From: 144311K(155648K)->153792K(155136K)
[6289.319s][info][gc,heap        ] GC(1805) ParOldGen: 3908082K(3908096K)->4002186K(4002304K)
[6289.319s][info][gc,metaspace   ] GC(1805) Metaspace: 29143K(29440K)->29143K(29440K) NonClass: 24252K(24384K)->24252K(24384K) Class: 4890K(5056K)->4890K(5056K)
[6289.319s][info][gc             ] GC(1805) Pause Young (Allocation Failure) 6382M->4058M(6485M) 105.911ms
[6289.319s][info][gc,cpu         ] GC(1805) User=0.59s Sys=0.03s Real=0.11s
..[6291.155s][info][gc,start       ] GC(1806) Pause Young (Allocation Failure)
[6291.257s][info][gc,heap        ] GC(1806) PSYoungGen: 2637504K(2638848K)->147520K(2639872K) Eden: 2483712K(2483712K)->0K(2482688K) From: 153792K(155136K)->147520K(157184K)
[6291.257s][info][gc,heap        ] GC(1806) ParOldGen: 4002186K(4002304K)->4094994K(4095488K)
[6291.257s][info][gc,metaspace   ] GC(1806) Metaspace: 29143K(29440K)->29143K(29440K) NonClass: 24252K(24384K)->24252K(24384K) Class: 4890K(5056K)->4890K(5056K)
[6291.257s][info][gc             ] GC(1806) Pause Young (Allocation Failure) 6484M->4143M(6577M) 101.352ms
[6291.257s][info][gc,cpu         ] GC(1806) User=0.56s Sys=0.03s Real=0.10s
..[6293.115s][info][gc,start       ] GC(1807) Pause Young (Allocation Failure)
[6293.217s][info][gc,heap        ] GC(1807) PSYoungGen: 2630208K(2639872K)->146080K(2629120K) Eden: 2482688K(2482688K)->0K(2482688K) From: 147520K(157184K)->146080K(146432K)
[6293.217s][info][gc,heap        ] GC(1807) ParOldGen: 4094994K(4095488K)->4187250K(4187648K)
[6293.217s][info][gc,metaspace   ] GC(1807) Metaspace: 29143K(29440K)->29143K(29440K) NonClass: 24252K(24384K)->24252K(24384K) Class: 4890K(5056K)->4890K(5056K)
[6293.217s][info][gc             ] GC(1807) Pause Young (Allocation Failure) 6567M->4231M(6657M) 101.167ms
[6293.217s][info][gc,cpu         ] GC(1807) User=0.57s Sys=0.03s Real=0.10s
.[6295.025s][info][gc,start       ] GC(1808) Pause Young (Allocation Failure)
[6295.130s][info][gc,heap        ] GC(1808) PSYoungGen: 2628768K(2629120K)->152885K(2636800K) Eden: 2482688K(2482688K)->0K(2481152K) From: 146080K(146432K)->152885K(155648K)
[6295.130s][info][gc,heap        ] GC(1808) ParOldGen: 4187250K(4187648K)->4278058K(4278272K)
[6295.130s][info][gc,metaspace   ] GC(1808) Metaspace: 29143K(29440K)->29143K(29440K) NonClass: 24252K(24384K)->24252K(24384K) Class: 4890K(5056K)->4890K(5056K)
[6295.130s][info][gc             ] GC(1808) Pause Young (Allocation Failure) 6656M->4327M(6753M) 104.762ms
[6295.130s][info][gc,cpu         ] GC(1808) User=0.59s Sys=0.03s Real=0.11s
..[6296.968s][info][gc,start       ] GC(1809) Pause Young (Allocation Failure)
[6297.073s][info][gc,heap        ] GC(1809) PSYoungGen: 2634037K(2636800K)->150484K(2638336K) Eden: 2481152K(2481152K)->0K(2481152K) From: 152885K(155648K)->150484K(157184K)
[6297.073s][info][gc,heap        ] GC(1809) ParOldGen: 4278058K(4278272K)->4372338K(4372480K)
[6297.073s][info][gc,metaspace   ] GC(1809) Metaspace: 29143K(29440K)->29143K(29440K) NonClass: 24252K(24384K)->24252K(24384K) Class: 4890K(5056K)->4890K(5056K)
[6297.073s][info][gc             ] GC(1809) Pause Young (Allocation Failure) 6750M->4416M(6846M) 105.318ms
[6297.073s][info][gc,cpu         ] GC(1809) User=0.60s Sys=0.02s Real=0.11s
..[6298.979s][info][gc,start       ] GC(1810) Pause Young (Allocation Failure)
[6299.084s][info][gc,heap        ] GC(1810) PSYoungGen: 2631636K(2638336K)->153424K(2636800K) Eden: 2481152K(2481152K)->0K(2479616K) From: 150484K(157184K)->153424K(157184K)
[6299.084s][info][gc,heap        ] GC(1810) ParOldGen: 4372338K(4372480K)->4462642K(4463104K)
[6299.084s][info][gc,metaspace   ] GC(1810) Metaspace: 29143K(29440K)->29143K(29440K) NonClass: 24252K(24384K)->24252K(24384K) Class: 4890K(5056K)->4890K(5056K)
[6299.084s][info][gc             ] GC(1810) Pause Young (Allocation Failure) 6839M->4507M(6933M) 104.628ms
[6299.084s][info][gc,cpu         ] GC(1810) User=0.59s Sys=0.03s Real=0.10s
.. (rIR:aIR:PR = 10378:10377:10377) (tPR = 154558) [OK] 
  6300s: Performance info:
         Transaction,    Success,    Partial,     Failed,   Receipts, AvgBarcode, 
             Overall,     629741,          0,          0,     598546,      59.47, 
         Response times:
             Request,    Success,    Partial,     Failed,   SkipFail,     Probes,    Samples,      min,      p50,      p90,      p95,      p99,      max, 
       TotalPurchase,     598618,          0,          0,          0,     363254,     420688,      200,     7400,    72000,   129000,   439000,  1100000,
     InStorePurchase,     315635,          0,          0,          0,     190694,     220622,      200,     7500,    72000,   130000,   441000,  1100000,
      OnlinePurchase,     219929,          0,          0,          0,     133847,     155004,      200,     7200,    71000,   128000,   439000,  1100000,
        InstPurchase,      63054,          0,          0,          0,      38713,      45062,      300,     7400,    72000,   129850,   442000,   970000,
          AssocOfCat,        628,          0,          0,          0,        537,        750,    22000,    47000,   125800,   241400,   498350,   970000,
      AssocOfProduct,       6257,          0,          0,          0,       3553,       4305,      600,    10500,    87000,   148800,   451000,   620000,
      BusinessReport,       1574,          0,          0,          0,       1432,       1870,    26000,    57000,   140800,   172450,   519000,   700000,
          CustBuyBeh,       6226,          0,          0,          0,       3659,       4489,      300,     6800,    68000,   136500,   418000,   890000,
       ProductReturn,      16493,          0,          0,          0,      10061,      11996,      200,     6300,    67000,   124000,   440000,   620000,

  6300s: (76%)   IR =  10516 [6300.908s][info][gc,start       ] GC(1811) Pause Young (Allocation Failure)
[6301.010s][info][gc,heap        ] GC(1811) PSYoungGen: 2633040K(2636800K)->144928K(2637824K) Eden: 2479616K(2479616K)->0K(2479616K) From: 153424K(157184K)->144928K(158208K)
[6301.010s][info][gc,heap        ] GC(1811) ParOldGen: 4462642K(4463104K)->4555402K(4555776K)
[6301.010s][info][gc,metaspace   ] GC(1811) Metaspace: 29143K(29440K)->29143K(29440K) NonClass: 24252K(24384K)->24252K(24384K) Class: 4890K(5056K)->4890K(5056K)
[6301.010s][info][gc             ] GC(1811) Pause Young (Allocation Failure) 6929M->4590M(7025M) 102.438ms
[6301.010s][info][gc,cpu         ] GC(1811) User=0.58s Sys=0.02s Real=0.11s
..[6302.814s][info][gc,start       ] GC(1812) Pause Young (Allocation Failure)
[6302.917s][info][gc,heap        ] GC(1812) PSYoungGen: 2624544K(2637824K)->146048K(2636288K) Eden: 2479616K(2479616K)->0K(2480128K) From: 144928K(158208K)->146048K(156160K)
[6302.917s][info][gc,heap        ] GC(1812) ParOldGen: 4555402K(4555776K)->4648658K(4648960K)
[6302.917s][info][gc,metaspace   ] GC(1812) Metaspace: 29143K(29440K)->29143K(29440K) NonClass: 24252K(24384K)->24252K(24384K) Class: 4890K(5056K)->4890K(5056K)
[6302.917s][info][gc             ] GC(1812) Pause Young (Allocation Failure) 7011M->4682M(7114M) 103.630ms
[6302.917s][info][gc,cpu         ] GC(1812) User=0.58s Sys=0.02s Real=0.10s
..[6304.723s][info][gc,start       ] GC(1813) Pause Young (Allocation Failure)
[6304.824s][info][gc,heap        ] GC(1813) PSYoungGen: 2626176K(2636288K)->143072K(2637312K) Eden: 2480128K(2480128K)->0K(2480128K) From: 146048K(156160K)->143072K(157184K)
[6304.824s][info][gc,heap        ] GC(1813) ParOldGen: 4648658K(4648960K)->4739706K(4740096K)
[6304.824s][info][gc,metaspace   ] GC(1813) Metaspace: 29143K(29440K)->29143K(29440K) NonClass: 24252K(24384K)->24252K(24384K) Class: 4890K(5056K)->4890K(5056K)
[6304.824s][info][gc             ] GC(1813) Pause Young (Allocation Failure) 7104M->4768M(7204M) 101.046ms
[6304.824s][info][gc,cpu         ] GC(1813) User=0.56s Sys=0.03s Real=0.10s
..[6306.652s][info][gc,start       ] GC(1814) Pause Young (Allocation Failure)
[6306.755s][info][gc,heap        ] GC(1814) PSYoungGen: 2623200K(2637312K)->146240K(2636800K) Eden: 2480128K(2480128K)->0K(2481664K) From: 143072K(157184K)->146240K(155136K)
[6306.755s][info][gc,heap        ] GC(1814) ParOldGen: 4739706K(4740096K)->4831314K(4831744K)
[6306.755s][info][gc,metaspace   ] GC(1814) Metaspace: 29143K(29440K)->29143K(29440K) NonClass: 24252K(24384K)->24252K(24384K) Class: 4890K(5056K)->4890K(5056K)
[6306.755s][info][gc             ] GC(1814) Pause Young (Allocation Failure) 7190M->4860M(7293M) 103.235ms
[6306.755s][info][gc,cpu         ] GC(1814) User=0.57s Sys=0.04s Real=0.10s
.|.[6308.590s][info][gc,start       ] GC(1815) Pause Young (Allocation Failure)
[6308.693s][info][gc,heap        ] GC(1815) PSYoungGen: 2627904K(2636800K)->146898K(2637824K) Eden: 2481664K(2481664K)->0K(2481664K) From: 146240K(155136K)->146898K(156160K)
[6308.693s][info][gc,heap        ] GC(1815) ParOldGen: 4831314K(4831744K)->4923090K(4923392K)
[6308.693s][info][gc,metaspace   ] GC(1815) Metaspace: 29143K(29440K)->29143K(29440K) NonClass: 24252K(24384K)->24252K(24384K) Class: 4890K(5056K)->4890K(5056K)
[6308.693s][info][gc             ] GC(1815) Pause Young (Allocation Failure) 7284M->4951M(7384M) 102.665ms
[6308.693s][info][gc,cpu         ] GC(1815) User=0.58s Sys=0.03s Real=0.10s
..[6310.504s][info][gc,start       ] GC(1816) Pause Young (Allocation Failure)
[6310.606s][info][gc,heap        ] GC(1816) PSYoungGen: 2628562K(2637824K)->143925K(2638336K) Eden: 2481664K(2481664K)->0K(2484224K) From: 146898K(156160K)->143925K(154112K)
[6310.606s][info][gc,heap        ] GC(1816) ParOldGen: 4923090K(4923392K)->5015458K(5015552K)
[6310.606s][info][gc,metaspace   ] GC(1816) Metaspace: 29143K(29440K)->29143K(29440K) NonClass: 24252K(24384K)->24252K(24384K) Class: 4890K(5056K)->4890K(5056K)
[6310.606s][info][gc             ] GC(1816) Pause Young (Allocation Failure) 7374M->5038M(7474M) 102.108ms
[6310.606s][info][gc,cpu         ] GC(1816) User=0.56s Sys=0.03s Real=0.10s
..[6312.465s][info][gc,start       ] GC(1817) Pause Young (Allocation Failure)
[6312.568s][info][gc,heap        ] GC(1817) PSYoungGen: 2628149K(2638336K)->145013K(2639360K) Eden: 2484224K(2484224K)->0K(2484224K) From: 143925K(154112K)->145013K(155136K)
[6312.568s][info][gc,heap        ] GC(1817) ParOldGen: 5015458K(5015552K)->5107834K(5108224K)
[6312.568s][info][gc,metaspace   ] GC(1817) Metaspace: 29143K(29440K)->29143K(29440K) NonClass: 24252K(24384K)->24252K(24384K) Class: 4890K(5056K)->4890K(5056K)
[6312.568s][info][gc             ] GC(1817) Pause Young (Allocation Failure) 7464M->5129M(7566M) 103.419ms
[6312.568s][info][gc,cpu         ] GC(1817) User=0.58s Sys=0.03s Real=0.11s
.[6314.365s][info][gc,start       ] GC(1818) Pause Young (Allocation Failure)
[6314.471s][info][gc,heap        ] GC(1818) PSYoungGen: 2629237K(2639360K)->150026K(2640384K) Eden: 2484224K(2484224K)->0K(2485760K) From: 145013K(155136K)->150026K(154624K)
[6314.471s][info][gc,heap        ] GC(1818) ParOldGen: 5107834K(5108224K)->5198106K(5198336K)
[6314.471s][info][gc,metaspace   ] GC(1818) Metaspace: 29143K(29440K)->29143K(29440K) NonClass: 24252K(24384K)->24252K(24384K) Class: 4890K(5056K)->4890K(5056K)
[6314.471s][info][gc             ] GC(1818) Pause Young (Allocation Failure) 7555M->5222M(7655M) 105.502ms
[6314.471s][info][gc,cpu         ] GC(1818) User=0.60s Sys=0.02s Real=0.11s
..[6316.356s][info][gc,start       ] GC(1819) Pause Young (Allocation Failure)
[6316.456s][info][gc,heap        ] GC(1819) PSYoungGen: 2635786K(2640384K)->139680K(2625536K) Eden: 2485760K(2485760K)->0K(2485760K) From: 150026K(154624K)->139680K(139776K)
[6316.456s][info][gc,heap        ] GC(1819) ParOldGen: 5198106K(5198336K)->5291306K(5291520K)
[6316.456s][info][gc,metaspace   ] GC(1819) Metaspace: 29143K(29440K)->29143K(29440K) NonClass: 24252K(24384K)->24252K(24384K) Class: 4890K(5056K)->4890K(5056K)
[6316.456s][info][gc             ] GC(1819) Pause Young (Allocation Failure) 7650M->5303M(7731M) 100.271ms
[6316.456s][info][gc,cpu         ] GC(1819) User=0.56s Sys=0.03s Real=0.10s
..[6318.182s][info][gc,start       ] GC(1820) Pause Young (Allocation Failure)
[6318.295s][info][gc,heap        ] GC(1820) PSYoungGen: 2625440K(2625536K)->155642K(2561536K) Eden: 2485760K(2485760K)->0K(2405888K) From: 139680K(139776K)->155642K(155648K)
[6318.295s][info][gc,heap        ] GC(1820) ParOldGen: 5291306K(5291520K)->5390738K(5390848K)
[6318.295s][info][gc,metaspace   ] GC(1820) Metaspace: 29143K(29440K)->29143K(29440K) NonClass: 24252K(24384K)->24252K(24384K) Class: 4890K(5056K)->4890K(5056K)
[6318.295s][info][gc             ] GC(1820) Pause Young (Allocation Failure) 7731M->5416M(7766M) 112.944ms
[6318.295s][info][gc,cpu         ] GC(1820) User=0.64s Sys=0.03s Real=0.11s
..[6319.975s][info][gc,start       ] GC(1821) Pause Young (Allocation Failure)
[6320.080s][info][gc,heap        ] GC(1821) PSYoungGen: 2561530K(2561536K)->145648K(2600960K) Eden: 2405888K(2405888K)->0K(2405888K) From: 155642K(155648K)->145648K(195072K)
[6320.080s][info][gc,heap        ] GC(1821) ParOldGen: 5390738K(5390848K)->5484298K(5484544K)
[6320.080s][info][gc,metaspace   ] GC(1821) Metaspace: 29143K(29440K)->29143K(29440K) NonClass: 24252K(24384K)->24252K(24384K) Class: 4890K(5056K)->4890K(5056K)
[6320.080s][info][gc             ] GC(1821) Pause Young (Allocation Failure) 7765M->5497M(7896M) 104.874ms
[6320.080s][info][gc,cpu         ] GC(1821) User=0.58s Sys=0.04s Real=0.11s
..[6321.924s][info][gc,start       ] GC(1822) Pause Young (Allocation Failure)
[6322.027s][info][gc,heap        ] GC(1822) PSYoungGen: 2551536K(2600960K)->141936K(2596864K) Eden: 2405888K(2405888K)->0K(2407936K) From: 145648K(195072K)->141936K(188928K)
[6322.027s][info][gc,heap        ] GC(1822) ParOldGen: 5484298K(5484544K)->5574866K(5575168K)
[6322.027s][info][gc,metaspace   ] GC(1822) Metaspace: 29143K(29440K)->29143K(29440K) NonClass: 24252K(24384K)->24252K(24384K) Class: 4890K(5056K)->4890K(5056K)
[6322.027s][info][gc             ] GC(1822) Pause Young (Allocation Failure) 7847M->5582M(7980M) 103.144ms
[6322.027s][info][gc,cpu         ] GC(1822) User=0.56s Sys=0.04s Real=0.10s
..[6323.854s][info][gc,start       ] GC(1823) Pause Full (Allocation Failure)
[6323.854s][info][gc,phases,start] GC(1823) Marking Phase
[6324.151s][info][gc,phases      ] GC(1823) Marking Phase 296.993ms
[6324.151s][info][gc,phases,start] GC(1823) Summary Phase
[6324.151s][info][gc,phases      ] GC(1823) Summary Phase 0.105ms
[6324.151s][info][gc,phases,start] GC(1823) Forward
[6324.290s][info][gc,phases      ] GC(1823) Forward 138.936ms
[6324.290s][info][gc,phases,start] GC(1823) Adjust Pointers
[6324.494s][info][gc,phases      ] GC(1823) Adjust Pointers 204.270ms
[6324.495s][info][gc,phases,start] GC(1823) Compaction Phase
[6324.624s][info][gc,phases      ] GC(1823) Compaction Phase 129.338ms
[6324.625s][info][gc,phases,start] GC(1823) Post Compact
[6324.632s][info][gc,phases      ] GC(1823) Post Compact 6.944ms
[6324.764s][info][gc,heap        ] GC(1823) PSYoungGen: 2549872K(2596864K)->0K(2599936K) Eden: 2407936K(2407936K)->0K(2407936K) From: 141936K(188928K)->0K(192000K)
[6324.764s][info][gc,heap        ] GC(1823) ParOldGen: 5574866K(5575168K)->1437585K(1734656K)
[6324.764s][info][gc,metaspace   ] GC(1823) Metaspace: 29143K(29440K)->29143K(29440K) NonClass: 24252K(24384K)->24252K(24384K) Class: 4890K(5056K)->4890K(5056K)
[6324.764s][info][gc             ] GC(1823) Pause Full (Allocation Failure) 7934M->1403M(4233M) 910.416ms
[6324.764s][info][gc,cpu         ] GC(1823) User=4.12s Sys=0.13s Real=0.91s
..[6326.178s][info][gc,start       ] GC(1824) Pause Young (Allocation Failure)
[6326.246s][info][gc,heap        ] GC(1824) PSYoungGen: 2407936K(2599936K)->150736K(2597888K) Eden: 2407936K(2407936K)->0K(2412032K) From: 0K(192000K)->150736K(185856K)
[6326.246s][info][gc,heap        ] GC(1824) ParOldGen: 1437585K(1734656K)->1437585K(1734656K)
[6326.246s][info][gc,metaspace   ] GC(1824) Metaspace: 29143K(29440K)->29143K(29440K) NonClass: 24252K(24384K)->24252K(24384K) Class: 4890K(5056K)->4890K(5056K)
[6326.246s][info][gc             ] GC(1824) Pause Young (Allocation Failure) 3755M->1551M(4231M) 68.419ms
[6326.246s][info][gc,cpu         ] GC(1824) User=0.41s Sys=0.00s Real=0.07s
.[6327.678s][info][gc,start       ] GC(1825) Pause Young (Allocation Failure)
[6327.816s][info][gc,heap        ] GC(1825) PSYoungGen: 2562768K(2597888K)->141504K(2600960K) Eden: 2412032K(2412032K)->0K(2412032K) From: 150736K(185856K)->141504K(188928K)
[6327.816s][info][gc,heap        ] GC(1825) ParOldGen: 1437585K(1734656K)->1529321K(1734656K)
[6327.816s][info][gc,metaspace   ] GC(1825) Metaspace: 29143K(29440K)->29143K(29440K) NonClass: 24252K(24384K)->24252K(24384K) Class: 4890K(5056K)->4890K(5056K)
[6327.816s][info][gc             ] GC(1825) Pause Young (Allocation Failure) 3906M->1631M(4234M) 138.310ms
[6327.816s][info][gc,cpu         ] GC(1825) User=0.55s Sys=0.00s Real=0.14s
..[6329.518s][info][gc,start       ] GC(1826) Pause Young (Allocation Failure)
[6329.612s][info][gc,heap        ] GC(1826) PSYoungGen: 2553536K(2600960K)->143808K(2602496K) Eden: 2412032K(2412032K)->0K(2419712K) From: 141504K(188928K)->143808K(182784K)
[6329.612s][info][gc,heap        ] GC(1826) ParOldGen: 1529321K(1734656K)->1621681K(1734656K)
[6329.612s][info][gc,metaspace   ] GC(1826) Metaspace: 29143K(29440K)->29143K(29440K) NonClass: 24252K(24384K)->24252K(24384K) Class: 4890K(5056K)->4890K(5056K)
[6329.612s][info][gc             ] GC(1826) Pause Young (Allocation Failure) 3987M->1724M(4235M) 94.349ms
[6329.612s][info][gc,cpu         ] GC(1826) User=0.56s Sys=0.00s Real=0.10s
..[6331.416s][info][gc,start       ] GC(1827) Pause Young (Allocation Failure)
[6331.512s][info][gc,heap        ] GC(1827) PSYoungGen: 2563520K(2602496K)->145908K(2605568K) Eden: 2419712K(2419712K)->0K(2419712K) From: 143808K(182784K)->145908K(185856K)
[6331.512s][info][gc,heap        ] GC(1827) ParOldGen: 1621681K(1734656K)->1710729K(1734656K)
[6331.512s][info][gc,metaspace   ] GC(1827) Metaspace: 29143K(29440K)->29143K(29440K) NonClass: 24252K(24384K)->24252K(24384K) Class: 4890K(5056K)->4890K(5056K)
[6331.512s][info][gc             ] GC(1827) Pause Young (Allocation Failure) 4087M->1813M(4238M) 96.480ms
[6331.512s][info][gc,cpu         ] GC(1827) User=0.57s Sys=0.00s Real=0.10s
..[6333.249s][info][gc,start       ] GC(1828) Pause Young (Allocation Failure)
[6333.342s][info][gc,heap        ] GC(1828) PSYoungGen: 2565620K(2605568K)->134144K(2609664K) Eden: 2419712K(2419712K)->0K(2426880K) From: 145908K(185856K)->134144K(182784K)
[6333.342s][info][gc,heap        ] GC(1828) ParOldGen: 1710729K(1734656K)->1802681K(1802752K)
[6333.342s][info][gc,metaspace   ] GC(1828) Metaspace: 29143K(29440K)->29143K(29440K) NonClass: 24252K(24384K)->24252K(24384K) Class: 4890K(5056K)->4890K(5056K)
[6333.342s][info][gc             ] GC(1828) Pause Young (Allocation Failure) 4176M->1891M(4309M) 93.291ms
[6333.342s][info][gc,cpu         ] GC(1828) User=0.52s Sys=0.02s Real=0.09s
..[6335.247s][info][gc,start       ] GC(1829) Pause Young (Allocation Failure)
[6335.343s][info][gc,heap        ] GC(1829) PSYoungGen: 2561024K(2609664K)->134912K(2610176K) Eden: 2426880K(2426880K)->0K(2426880K) From: 134144K(182784K)->134912K(183296K)
[6335.343s][info][gc,heap        ] GC(1829) ParOldGen: 1802681K(1802752K)->1893513K(1893888K)
[6335.343s][info][gc,metaspace   ] GC(1829) Metaspace: 29143K(29440K)->29143K(29440K) NonClass: 24252K(24384K)->24252K(24384K) Class: 4890K(5056K)->4890K(5056K)
[6335.343s][info][gc             ] GC(1829) Pause Young (Allocation Failure) 4261M->1980M(4398M) 96.270ms
[6335.343s][info][gc,cpu         ] GC(1829) User=0.54s Sys=0.03s Real=0.10s
..[6337.224s][info][gc,start       ] GC(1830) Pause Young (Allocation Failure)
[6337.320s][info][gc,heap        ] GC(1830) PSYoungGen: 2561792K(2610176K)->133856K(2611200K) Eden: 2426880K(2426880K)->0K(2430464K) From: 134912K(183296K)->133856K(180736K)
[6337.320s][info][gc,heap        ] GC(1830) ParOldGen: 1893513K(1893888K)->1986777K(1987072K)
[6337.320s][info][gc,metaspace   ] GC(1830) Metaspace: 29143K(29440K)->29143K(29440K) NonClass: 24252K(24384K)->24252K(24384K) Class: 4890K(5056K)->4890K(5056K)
[6337.320s][info][gc             ] GC(1830) Pause Young (Allocation Failure) 4350M->2070M(4490M) 95.661ms
[6337.320s][info][gc,cpu         ] GC(1830) User=0.54s Sys=0.03s Real=0.10s
..[6339.131s][info][gc,start       ] GC(1831) Pause Young (Allocation Failure)
[6339.230s][info][gc,heap        ] GC(1831) PSYoungGen: 2564320K(2611200K)->147424K(2611712K) Eden: 2430464K(2430464K)->0K(2430464K) From: 133856K(180736K)->147424K(181248K)
[6339.230s][info][gc,heap        ] GC(1831) ParOldGen: 1986777K(1987072K)->2075201K(2075648K)
[6339.230s][info][gc,metaspace   ] GC(1831) Metaspace: 29143K(29440K)->29143K(29440K) NonClass: 24252K(24384K)->24252K(24384K) Class: 4890K(5056K)->4890K(5056K)
[6339.230s][info][gc             ] GC(1831) Pause Young (Allocation Failure) 4444M->2170M(4577M) 99.287ms
[6339.230s][info][gc,cpu         ] GC(1831) User=0.56s Sys=0.03s Real=0.10s
.[6340.981s][info][gc,start       ] GC(1832) Pause Young (Allocation Failure)
[6341.086s][info][gc,heap        ] GC(1832) PSYoungGen: 2577888K(2611712K)->151913K(2613248K) Eden: 2430464K(2430464K)->0K(2435072K) From: 147424K(181248K)->151913K(178176K)
[6341.086s][info][gc,heap        ] GC(1832) ParOldGen: 2075201K(2075648K)->2167761K(2167808K)
[6341.086s][info][gc,metaspace   ] GC(1832) Metaspace: 29143K(29440K)->29143K(29440K) NonClass: 24252K(24384K)->24252K(24384K) Class: 4890K(5056K)->4890K(5056K)
[6341.086s][info][gc             ] GC(1832) Pause Young (Allocation Failure) 4544M->2265M(4669M) 105.237ms
[6341.087s][info][gc,cpu         ] GC(1832) User=0.59s Sys=0.03s Real=0.10s
..[6342.905s][info][gc,start       ] GC(1833) Pause Young (Allocation Failure)
[6343.004s][info][gc,heap        ] GC(1833) PSYoungGen: 2586985K(2613248K)->150112K(2612224K) Eden: 2435072K(2435072K)->0K(2435072K) From: 151913K(178176K)->150112K(177152K)
[6343.004s][info][gc,heap        ] GC(1833) ParOldGen: 2167761K(2167808K)->2259193K(2259456K)
[6343.004s][info][gc,metaspace   ] GC(1833) Metaspace: 29143K(29440K)->29143K(29440K) NonClass: 24252K(24384K)->24252K(24384K) Class: 4890K(5056K)->4890K(5056K)
[6343.004s][info][gc             ] GC(1833) Pause Young (Allocation Failure) 4643M->2352M(4757M) 99.585ms
[6343.004s][info][gc,cpu         ] GC(1833) User=0.57s Sys=0.02s Real=0.10s
..[6344.820s][info][gc,start       ] GC(1834) Pause Young (Allocation Failure)
[6344.919s][info][gc,heap        ] GC(1834) PSYoungGen: 2585184K(2612224K)->141920K(2616832K) Eden: 2435072K(2435072K)->0K(2442752K) From: 150112K(177152K)->141920K(174080K)
[6344.919s][info][gc,heap        ] GC(1834) ParOldGen: 2259193K(2259456K)->2351129K(2351616K)
[6344.919s][info][gc,metaspace   ] GC(1834) Metaspace: 29143K(29440K)->29143K(29440K) NonClass: 24252K(24384K)->24252K(24384K) Class: 4890K(5056K)->4890K(5056K)
[6344.919s][info][gc             ] GC(1834) Pause Young (Allocation Failure) 4730M->2434M(4852M) 99.449ms
[6344.919s][info][gc,cpu         ] GC(1834) User=0.55s Sys=0.03s Real=0.10s
..[6346.774s][info][gc,start       ] GC(1835) Pause Young (Allocation Failure)
[6346.877s][info][gc,heap        ] GC(1835) PSYoungGen: 2584672K(2616832K)->147904K(2615808K) Eden: 2442752K(2442752K)->0K(2442752K) From: 141920K(174080K)->147904K(173056K)
[6346.877s][info][gc,heap        ] GC(1835) ParOldGen: 2351129K(2351616K)->2440721K(2441216K)
[6346.877s][info][gc,metaspace   ] GC(1835) Metaspace: 29143K(29440K)->29143K(29440K) NonClass: 24252K(24384K)->24252K(24384K) Class: 4890K(5056K)->4890K(5056K)
[6346.877s][info][gc             ] GC(1835) Pause Young (Allocation Failure) 4820M->2527M(4938M) 102.635ms
[6346.877s][info][gc,cpu         ] GC(1835) User=0.56s Sys=0.03s Real=0.10s
..[6348.677s][info][gc,start       ] GC(1836) Pause Young (Allocation Failure)
[6348.777s][info][gc,heap        ] GC(1836) PSYoungGen: 2590656K(2615808K)->148852K(2621440K) Eden: 2442752K(2442752K)->0K(2450432K) From: 147904K(173056K)->148852K(171008K)
[6348.777s][info][gc,heap        ] GC(1836) ParOldGen: 2440721K(2441216K)->2530321K(2530816K)
[6348.777s][info][gc,metaspace   ] GC(1836) Metaspace: 29143K(29440K)->29143K(29440K) NonClass: 24252K(24384K)->24252K(24384K) Class: 4890K(5056K)->4890K(5056K)
[6348.777s][info][gc             ] GC(1836) Pause Young (Allocation Failure) 4913M->2616M(5031M) 100.474ms
[6348.777s][info][gc,cpu         ] GC(1836) User=0.56s Sys=0.02s Real=0.10s
..[6350.585s][info][gc,start       ] GC(1837) Pause Young (Allocation Failure)
[6350.684s][info][gc,heap        ] GC(1837) PSYoungGen: 2599284K(2621440K)->137632K(2619904K) Eden: 2450432K(2450432K)->0K(2450432K) From: 148852K(171008K)->137632K(169472K)
[6350.684s][info][gc,heap        ] GC(1837) ParOldGen: 2530321K(2530816K)->2625321K(2625536K)
[6350.684s][info][gc,metaspace   ] GC(1837) Metaspace: 29143K(29440K)->29143K(29440K) NonClass: 24252K(24384K)->24252K(24384K) Class: 4890K(5056K)->4890K(5056K)
[6350.684s][info][gc             ] GC(1837) Pause Young (Allocation Failure) 5009M->2698M(5122M) 98.198ms
[6350.684s][info][gc,cpu         ] GC(1837) User=0.54s Sys=0.04s Real=0.10s
..[6352.420s][info][gc,start       ] GC(1838) Pause Young (Allocation Failure)
[6352.518s][info][gc,heap        ] GC(1838) PSYoungGen: 2588064K(2619904K)->143686K(2624512K) Eden: 2450432K(2450432K)->0K(2457600K) From: 137632K(169472K)->143686K(166912K)
[6352.518s][info][gc,heap        ] GC(1838) ParOldGen: 2625321K(2625536K)->2715497K(2715648K)
[6352.518s][info][gc,metaspace   ] GC(1838) Metaspace: 29143K(29440K)->29143K(29440K) NonClass: 24252K(24384K)->24252K(24384K) Class: 4890K(5056K)->4890K(5056K)
[6352.518s][info][gc             ] GC(1838) Pause Young (Allocation Failure) 5091M->2792M(5215M) 98.807ms
[6352.518s][info][gc,cpu         ] GC(1838) User=0.55s Sys=0.03s Real=0.10s
..[6354.354s][info][gc,start       ] GC(1839) Pause Young (Allocation Failure)
[6354.452s][info][gc,heap        ] GC(1839) PSYoungGen: 2601286K(2624512K)->140896K(2624512K) Eden: 2457600K(2457600K)->0K(2457600K) From: 143686K(166912K)->140896K(166912K)
[6354.452s][info][gc,heap        ] GC(1839) ParOldGen: 2715497K(2715648K)->2807185K(2807296K)
[6354.452s][info][gc,metaspace   ] GC(1839) Metaspace: 29143K(29440K)->29143K(29440K) NonClass: 24252K(24384K)->24252K(24384K) Class: 4890K(5056K)->4890K(5056K)
[6354.452s][info][gc             ] GC(1839) Pause Young (Allocation Failure) 5192M->2878M(5304M) 98.366ms
[6354.452s][info][gc,cpu         ] GC(1839) User=0.54s Sys=0.03s Real=0.10s
..[6356.354s][info][gc,start       ] GC(1840) Pause Young (Allocation Failure)
[6356.451s][info][gc,heap        ] GC(1840) PSYoungGen: 2598496K(2624512K)->137696K(2628608K) Eden: 2457600K(2457600K)->0K(2462720K) From: 140896K(166912K)->137696K(165888K)
[6356.451s][info][gc,heap        ] GC(1840) ParOldGen: 2807185K(2807296K)->2899265K(2899456K)
[6356.451s][info][gc,metaspace   ] GC(1840) Metaspace: 29143K(29440K)->29143K(29440K) NonClass: 24252K(24384K)->24252K(24384K) Class: 4890K(5056K)->4890K(5056K)
[6356.451s][info][gc             ] GC(1840) Pause Young (Allocation Failure) 5278M->2965M(5398M) 97.270ms
[6356.451s][info][gc,cpu         ] GC(1840) User=0.56s Sys=0.02s Real=0.10s
..[6358.255s][info][gc,start       ] GC(1841) Pause Young (Allocation Failure)
[6358.354s][info][gc,heap        ] GC(1841) PSYoungGen: 2600416K(2628608K)->140736K(2628096K) Eden: 2462720K(2462720K)->0K(2462720K) From: 137696K(165888K)->140736K(165376K)
[6358.354s][info][gc,heap        ] GC(1841) ParOldGen: 2899265K(2899456K)->2990121K(2990592K)
[6358.354s][info][gc,metaspace   ] GC(1841) Metaspace: 29143K(29440K)->29143K(29440K) NonClass: 24252K(24384K)->24252K(24384K) Class: 4890K(5056K)->4890K(5056K)
[6358.354s][info][gc             ] GC(1841) Pause Young (Allocation Failure) 5370M->3057M(5487M) 99.640ms
[6358.354s][info][gc,cpu         ] GC(1841) User=0.55s Sys=0.03s Real=0.10s
..[6360.169s][info][gc,start       ] GC(1842) Pause Young (Allocation Failure)
[6360.274s][info][gc,heap        ] GC(1842) PSYoungGen: 2603456K(2628096K)->155435K(2626560K) Eden: 2462720K(2462720K)->0K(2462720K) From: 140736K(165376K)->155435K(163840K)
[6360.274s][info][gc,heap        ] GC(1842) ParOldGen: 2990121K(2990592K)->3081689K(3081728K)
[6360.274s][info][gc,metaspace   ] GC(1842) Metaspace: 29143K(29440K)->29143K(29440K) NonClass: 24252K(24384K)->24252K(24384K) Class: 4890K(5056K)->4890K(5056K)
[6360.274s][info][gc             ] GC(1842) Pause Young (Allocation Failure) 5462M->3161M(5574M) 105.385ms
[6360.274s][info][gc,cpu         ] GC(1842) User=0.60s Sys=0.02s Real=0.10s
.[6362.076s][info][gc,start       ] GC(1843) Pause Young (Allocation Failure)
[6362.181s][info][gc,heap        ] GC(1843) PSYoungGen: 2618155K(2626560K)->148672K(2628608K) Eden: 2462720K(2462720K)->0K(2462720K) From: 155435K(163840K)->148672K(165888K)
[6362.181s][info][gc,heap        ] GC(1843) ParOldGen: 3081689K(3081728K)->3173673K(3173888K)
[6362.181s][info][gc,metaspace   ] GC(1843) Metaspace: 29143K(29440K)->29143K(29440K) NonClass: 24252K(24384K)->24252K(24384K) Class: 4890K(5056K)->4890K(5056K)
[6362.181s][info][gc             ] GC(1843) Pause Young (Allocation Failure) 5566M->3244M(5666M) 104.477ms
[6362.181s][info][gc,cpu         ] GC(1843) User=0.59s Sys=0.03s Real=0.11s
..[6363.929s][info][gc,start       ] GC(1844) Pause Young (Allocation Failure)
[6364.030s][info][gc,heap        ] GC(1844) PSYoungGen: 2611392K(2628608K)->142048K(2626560K) Eden: 2462720K(2462720K)->0K(2464768K) From: 148672K(165888K)->142048K(161792K)
[6364.030s][info][gc,heap        ] GC(1844) ParOldGen: 3173673K(3173888K)->3267209K(3267584K)
[6364.030s][info][gc,metaspace   ] GC(1844) Metaspace: 29143K(29440K)->29143K(29440K) NonClass: 24252K(24384K)->24252K(24384K) Class: 4890K(5056K)->4890K(5056K)
[6364.030s][info][gc             ] GC(1844) Pause Young (Allocation Failure) 5649M->3329M(5756M) 100.537ms
[6364.030s][info][gc,cpu         ] GC(1844) User=0.57s Sys=0.02s Real=0.10s
..[6365.920s][info][gc,start       ] GC(1845) Pause Young (Allocation Failure)
[6366.027s][info][gc,heap        ] GC(1845) PSYoungGen: 2606816K(2626560K)->155461K(2628608K) Eden: 2464768K(2464768K)->0K(2464768K) From: 142048K(161792K)->155461K(163840K)
[6366.027s][info][gc,heap        ] GC(1845) ParOldGen: 3267209K(3267584K)->3356977K(3357184K)
[6366.027s][info][gc,metaspace   ] GC(1845) Metaspace: 29143K(29440K)->29143K(29440K) NonClass: 24252K(24384K)->24252K(24384K) Class: 4890K(5056K)->4890K(5056K)
[6366.027s][info][gc             ] GC(1845) Pause Young (Allocation Failure) 5736M->3430M(5845M) 106.450ms
[6366.027s][info][gc,cpu         ] GC(1845) User=0.60s Sys=0.03s Real=0.10s
..[6367.838s][info][gc,start       ] GC(1846) Pause Young (Allocation Failure)
[6367.942s][info][gc,heap        ] GC(1846) PSYoungGen: 2620229K(2628608K)->150677K(2630656K) Eden: 2464768K(2464768K)->0K(2464768K) From: 155461K(163840K)->150677K(165888K)
[6367.942s][info][gc,heap        ] GC(1846) ParOldGen: 3356977K(3357184K)->3451489K(3451904K)
[6367.942s][info][gc,metaspace   ] GC(1846) Metaspace: 29143K(29440K)->29143K(29440K) NonClass: 24252K(24384K)->24252K(24384K) Class: 4890K(5056K)->4890K(5056K)
[6367.942s][info][gc             ] GC(1846) Pause Young (Allocation Failure) 5837M->3517M(5940M) 104.269ms
[6367.942s][info][gc,cpu         ] GC(1846) User=0.59s Sys=0.03s Real=0.11s
. (rIR:aIR:PR = 10516:10482:10482) (tPR = 155236) [OK] 
  6368s: Performance info:
         Transaction,    Success,    Partial,     Failed,   Receipts, AvgBarcode, 
             Overall,     638478,          0,          0,     606257,      59.48, 
         Response times:
             Request,    Success,    Partial,     Failed,   SkipFail,     Probes,    Samples,      min,      p50,      p90,      p95,      p99,      max, 
       TotalPurchase,     606318,          0,          0,          0,     349925,     408566,      300,     7700,    70000,   143000,   351000,  1100000,
     InStorePurchase,     320719,          0,          0,          0,     184126,     215399,      300,     7700,    69000,   144000,   344000,  1100000,
      OnlinePurchase,     221903,          0,          0,          0,     128669,     149597,      300,     7500,    70000,   143000,   351000,   920000,
        InstPurchase,      63696,          0,          0,          0,      37130,      43570,      400,     7900,    72000,   142000,   351000,   930000,
          AssocOfCat,        638,          0,          0,          0,        529,        720,    26000,    51000,   127800,   217450,   473000,   529000,
      AssocOfProduct,       6405,          0,          0,          0,       3651,       4438,      800,     8100,    69000,   126000,   592000,   630000,
      BusinessReport,       1603,          0,          0,          0,       1444,       1744,    26000,    56000,   136000,   187750,   372550,  1100000,
          CustBuyBeh,       6404,          0,          0,          0,       3608,       4357,      400,     8600,    75200,   143000,   610000,  1100000,
       ProductReturn,      17110,          0,          0,          0,      10101,      11893,      100,     6700,    67000,   129000,   357000,  1100000,

  6368s: (77%)   IR =  10654 .[6369.792s][info][gc,start       ] GC(1847) Pause Young (Allocation Failure)
[6369.896s][info][gc,heap        ] GC(1847) PSYoungGen: 2615445K(2630656K)->151460K(2630144K) Eden: 2464768K(2464768K)->0K(2464768K) From: 150677K(165888K)->151460K(165376K)
[6369.896s][info][gc,heap        ] GC(1847) ParOldGen: 3451489K(3451904K)->3541273K(3541504K)
[6369.896s][info][gc,metaspace   ] GC(1847) Metaspace: 29143K(29440K)->29143K(29440K) NonClass: 24252K(24384K)->24252K(24384K) Class: 4890K(5056K)->4890K(5056K)
[6369.896s][info][gc             ] GC(1847) Pause Young (Allocation Failure) 5924M->3606M(6027M) 104.273ms
[6369.896s][info][gc,cpu         ] GC(1847) User=0.59s Sys=0.02s Real=0.10s
..[6371.669s][info][gc,start       ] GC(1848) Pause Young (Allocation Failure)
[6371.775s][info][gc,heap        ] GC(1848) PSYoungGen: 2616228K(2630144K)->149908K(2629120K) Eden: 2464768K(2464768K)->0K(2465280K) From: 151460K(165376K)->149908K(163840K)
[6371.775s][info][gc,heap        ] GC(1848) ParOldGen: 3541273K(3541504K)->3636273K(3636736K)
[6371.775s][info][gc,metaspace   ] GC(1848) Metaspace: 29143K(29440K)->29143K(29440K) NonClass: 24252K(24384K)->24252K(24384K) Class: 4890K(5056K)->4890K(5056K)
[6371.775s][info][gc             ] GC(1848) Pause Young (Allocation Failure) 6013M->3697M(6119M) 105.712ms
[6371.775s][info][gc,cpu         ] GC(1848) User=0.59s Sys=0.03s Real=0.10s
..[6373.460s][info][gc,start       ] GC(1849) Pause Young (Allocation Failure)
[6373.563s][info][gc,heap        ] GC(1849) PSYoungGen: 2615188K(2629120K)->144586K(2629632K) Eden: 2465280K(2465280K)->0K(2465280K) From: 149908K(163840K)->144586K(164352K)
[6373.563s][info][gc,heap        ] GC(1849) ParOldGen: 3636273K(3636736K)->3726945K(3727360K)
[6373.563s][info][gc,metaspace   ] GC(1849) Metaspace: 29143K(29440K)->29143K(29440K) NonClass: 24252K(24384K)->24252K(24384K) Class: 4890K(5056K)->4890K(5056K)
[6373.563s][info][gc             ] GC(1849) Pause Young (Allocation Failure) 6104M->3780M(6208M) 102.884ms
[6373.563s][info][gc,cpu         ] GC(1849) User=0.58s Sys=0.03s Real=0.10s
.[6375.322s][info][gc,start       ] GC(1850) Pause Young (Allocation Failure)
[6375.418s][info][gc,heap        ] GC(1850) PSYoungGen: 2609866K(2629632K)->136480K(2630656K) Eden: 2465280K(2465280K)->0K(2467328K) From: 144586K(164352K)->136480K(163328K)
[6375.418s][info][gc,heap        ] GC(1850) ParOldGen: 3726945K(3727360K)->3819209K(3819520K)
[6375.418s][info][gc,metaspace   ] GC(1850) Metaspace: 29143K(29440K)->29143K(29440K) NonClass: 24252K(24384K)->24252K(24384K) Class: 4890K(5056K)->4890K(5056K)
[6375.418s][info][gc             ] GC(1850) Pause Young (Allocation Failure) 6188M->3862M(6299M) 96.477ms
[6375.418s][info][gc,cpu         ] GC(1850) User=0.53s Sys=0.03s Real=0.10s
..[6377.261s][info][gc,start       ] GC(1851) Pause Young (Allocation Failure)
[6377.362s][info][gc,heap        ] GC(1851) PSYoungGen: 2603808K(2630656K)->144352K(2631168K) Eden: 2467328K(2467328K)->0K(2467328K) From: 136480K(163328K)->144352K(163840K)
[6377.362s][info][gc,heap        ] GC(1851) ParOldGen: 3819209K(3819520K)->3910129K(3910144K)
[6377.362s][info][gc,metaspace   ] GC(1851) Metaspace: 29143K(29440K)->29143K(29440K) NonClass: 24252K(24384K)->24252K(24384K) Class: 4890K(5056K)->4890K(5056K)
[6377.362s][info][gc             ] GC(1851) Pause Young (Allocation Failure) 6272M->3959M(6388M) 101.281ms
[6377.362s][info][gc,cpu         ] GC(1851) User=0.57s Sys=0.03s Real=0.10s
..[6379.177s][info][gc,start       ] GC(1852) Pause Young (Allocation Failure)
[6379.288s][info][gc,heap        ] GC(1852) PSYoungGen: 2611680K(2631168K)->159557K(2627584K) Eden: 2467328K(2467328K)->0K(2465280K) From: 144352K(163840K)->159557K(162304K)
[6379.288s][info][gc,heap        ] GC(1852) ParOldGen: 3910129K(3910144K)->4003889K(4004352K)
[6379.288s][info][gc,metaspace   ] GC(1852) Metaspace: 29143K(29440K)->29143K(29440K) NonClass: 24252K(24384K)->24252K(24384K) Class: 4890K(5056K)->4890K(5056K)
[6379.288s][info][gc             ] GC(1852) Pause Young (Allocation Failure) 6368M->4065M(6476M) 110.526ms
[6379.288s][info][gc,cpu         ] GC(1852) User=0.61s Sys=0.04s Real=0.11s
.|.[6381.055s][info][gc,start       ] GC(1853) Pause Young (Allocation Failure)
[6381.157s][info][gc,heap        ] GC(1853) PSYoungGen: 2624837K(2627584K)->148736K(2630656K) Eden: 2465280K(2465280K)->0K(2465280K) From: 159557K(162304K)->148736K(165376K)
[6381.157s][info][gc,heap        ] GC(1853) ParOldGen: 4003889K(4004352K)->4094001K(4094464K)
[6381.157s][info][gc,metaspace   ] GC(1853) Metaspace: 29143K(29440K)->29143K(29440K) NonClass: 24252K(24384K)->24252K(24384K) Class: 4890K(5056K)->4890K(5056K)
[6381.157s][info][gc             ] GC(1853) Pause Young (Allocation Failure) 6473M->4143M(6567M) 102.863ms
[6381.157s][info][gc,cpu         ] GC(1853) User=0.58s Sys=0.03s Real=0.10s
..[6382.917s][info][gc,start       ] GC(1854) Pause Young (Allocation Failure)
[6383.021s][info][gc,heap        ] GC(1854) PSYoungGen: 2614016K(2630656K)->149632K(2627584K) Eden: 2465280K(2465280K)->0K(2466304K) From: 148736K(165376K)->149632K(161280K)
[6383.021s][info][gc,heap        ] GC(1854) ParOldGen: 4094001K(4094464K)->4188521K(4188672K)
[6383.021s][info][gc,metaspace   ] GC(1854) Metaspace: 29143K(29440K)->29143K(29440K) NonClass: 24252K(24384K)->24252K(24384K) Class: 4890K(5056K)->4890K(5056K)
[6383.021s][info][gc             ] GC(1854) Pause Young (Allocation Failure) 6550M->4236M(6656M) 104.246ms
[6383.021s][info][gc,cpu         ] GC(1854) User=0.58s Sys=0.03s Real=0.11s
..[6384.761s][info][gc,start       ] GC(1855) Pause Young (Allocation Failure)
[6384.864s][info][gc,heap        ] GC(1855) PSYoungGen: 2615936K(2627584K)->146576K(2629632K) Eden: 2466304K(2466304K)->0K(2466304K) From: 149632K(161280K)->146576K(163328K)
[6384.864s][info][gc,heap        ] GC(1855) ParOldGen: 4188521K(4188672K)->4281305K(4281344K)
[6384.864s][info][gc,metaspace   ] GC(1855) Metaspace: 29143K(29440K)->29143K(29440K) NonClass: 24252K(24384K)->24252K(24384K) Class: 4890K(5056K)->4890K(5056K)
[6384.864s][info][gc             ] GC(1855) Pause Young (Allocation Failure) 6644M->4324M(6749M) 102.399ms
[6384.864s][info][gc,cpu         ] GC(1855) User=0.57s Sys=0.02s Real=0.10s
..[6386.610s][info][gc,start       ] GC(1856) Pause Young (Allocation Failure)
[6386.713s][info][gc,heap        ] GC(1856) PSYoungGen: 2612880K(2629632K)->145749K(2628608K) Eden: 2466304K(2466304K)->0K(2470400K) From: 146576K(163328K)->145749K(158208K)
[6386.713s][info][gc,heap        ] GC(1856) ParOldGen: 4281305K(4281344K)->4373185K(4373504K)
[6386.713s][info][gc,metaspace   ] GC(1856) Metaspace: 29143K(29440K)->29143K(29440K) NonClass: 24252K(24384K)->24252K(24384K) Class: 4890K(5056K)->4890K(5056K)
[6386.713s][info][gc             ] GC(1856) Pause Young (Allocation Failure) 6732M->4413M(6838M) 102.468ms
[6386.713s][info][gc,cpu         ] GC(1856) User=0.56s Sys=0.04s Real=0.10s
.[6388.520s][info][gc,start       ] GC(1857) Pause Young (Allocation Failure)
[6388.625s][info][gc,heap        ] GC(1857) PSYoungGen: 2616149K(2628608K)->150667K(2631168K) Eden: 2470400K(2470400K)->0K(2470400K) From: 145749K(158208K)->150667K(160768K)
[6388.625s][info][gc,heap        ] GC(1857) ParOldGen: 4373185K(4373504K)->4464161K(4464640K)
[6388.625s][info][gc,metaspace   ] GC(1857) Metaspace: 29143K(29440K)->29143K(29440K) NonClass: 24252K(24384K)->24252K(24384K) Class: 4890K(5056K)->4890K(5056K)
[6388.625s][info][gc             ] GC(1857) Pause Young (Allocation Failure) 6825M->4506M(6929M) 105.341ms
[6388.625s][info][gc,cpu         ] GC(1857) User=0.58s Sys=0.04s Real=0.10s
..[6390.457s][info][gc,start       ] GC(1858) Pause Young (Allocation Failure)
[6390.560s][info][gc,heap        ] GC(1858) PSYoungGen: 2621067K(2631168K)->144453K(2634240K) Eden: 2470400K(2470400K)->0K(2474496K) From: 150667K(160768K)->144453K(159744K)
[6390.560s][info][gc,heap        ] GC(1858) ParOldGen: 4464161K(4464640K)->4557833K(4558336K)
[6390.560s][info][gc,metaspace   ] GC(1858) Metaspace: 29143K(29440K)->29143K(29440K) NonClass: 24252K(24384K)->24252K(24384K) Class: 4890K(5056K)->4890K(5056K)
[6390.560s][info][gc             ] GC(1858) Pause Young (Allocation Failure) 6919M->4592M(7024M) 103.244ms
[6390.560s][info][gc,cpu         ] GC(1858) User=0.58s Sys=0.03s Real=0.11s
..[6392.358s][info][gc,start       ] GC(1859) Pause Young (Allocation Failure)
[6392.464s][info][gc,heap        ] GC(1859) PSYoungGen: 2618949K(2634240K)->144656K(2634752K) Eden: 2474496K(2474496K)->0K(2474496K) From: 144453K(159744K)->144656K(160256K)
[6392.464s][info][gc,heap        ] GC(1859) ParOldGen: 4557833K(4558336K)->4649545K(4649984K)
[6392.464s][info][gc,metaspace   ] GC(1859) Metaspace: 29143K(29440K)->29143K(29440K) NonClass: 24252K(24384K)->24252K(24384K) Class: 4890K(5056K)->4890K(5056K)
[6392.464s][info][gc             ] GC(1859) Pause Young (Allocation Failure) 7008M->4681M(7114M) 106.235ms
[6392.464s][info][gc,cpu         ] GC(1859) User=0.59s Sys=0.03s Real=0.11s
..[6394.238s][info][gc,start       ] GC(1860) Pause Young (Allocation Failure)
[6394.338s][info][gc,heap        ] GC(1860) PSYoungGen: 2619152K(2634752K)->139445K(2635264K) Eden: 2474496K(2474496K)->0K(2476032K) From: 144656K(160256K)->139445K(159232K)
[6394.338s][info][gc,heap        ] GC(1860) ParOldGen: 4649545K(4649984K)->4741601K(4741632K)
[6394.338s][info][gc,metaspace   ] GC(1860) Metaspace: 29143K(29440K)->29143K(29440K) NonClass: 24252K(24384K)->24252K(24384K) Class: 4890K(5056K)->4890K(5056K)
[6394.338s][info][gc             ] GC(1860) Pause Young (Allocation Failure) 7098M->4766M(7204M) 100.120ms
[6394.338s][info][gc,cpu         ] GC(1860) User=0.56s Sys=0.03s Real=0.10s
..[6396.201s][info][gc,start       ] GC(1861) Pause Young (Allocation Failure)
[6396.308s][info][gc,heap        ] GC(1861) PSYoungGen: 2615477K(2635264K)->154416K(2630656K) Eden: 2476032K(2476032K)->0K(2476032K) From: 139445K(159232K)->154416K(154624K)
[6396.308s][info][gc,heap        ] GC(1861) ParOldGen: 4741601K(4741632K)->4834481K(4834816K)
[6396.308s][info][gc,metaspace   ] GC(1861) Metaspace: 29143K(29440K)->29143K(29440K) NonClass: 24252K(24384K)->24252K(24384K) Class: 4890K(5056K)->4890K(5056K)
[6396.308s][info][gc             ] GC(1861) Pause Young (Allocation Failure) 7184M->4871M(7290M) 106.946ms
[6396.308s][info][gc,cpu         ] GC(1861) User=0.61s Sys=0.02s Real=0.11s
..[6398.147s][info][gc,start       ] GC(1862) Pause Young (Allocation Failure)
[6398.252s][info][gc,heap        ] GC(1862) PSYoungGen: 2630448K(2630656K)->153380K(2632704K) Eden: 2476032K(2476032K)->0K(2471424K) From: 154416K(154624K)->153380K(161280K)
[6398.252s][info][gc,heap        ] GC(1862) ParOldGen: 4834481K(4834816K)->4924849K(4924928K)
[6398.252s][info][gc,metaspace   ] GC(1862) Metaspace: 29143K(29440K)->29143K(29440K) NonClass: 24252K(24384K)->24252K(24384K) Class: 4890K(5056K)->4890K(5056K)
[6398.252s][info][gc             ] GC(1862) Pause Young (Allocation Failure) 7289M->4959M(7380M) 104.902ms
[6398.252s][info][gc,cpu         ] GC(1862) User=0.58s Sys=0.04s Real=0.11s
..[6400.018s][info][gc,start       ] GC(1863) Pause Young (Allocation Failure)
[6400.128s][info][gc,heap        ] GC(1863) PSYoungGen: 2624804K(2632704K)->154661K(2626560K) Eden: 2471424K(2471424K)->0K(2471424K) From: 153380K(161280K)->154661K(155136K)
[6400.128s][info][gc,heap        ] GC(1863) ParOldGen: 4924849K(4924928K)->5018785K(5019136K)
[6400.128s][info][gc,metaspace   ] GC(1863) Metaspace: 29143K(29440K)->29143K(29440K) NonClass: 24252K(24384K)->24252K(24384K) Class: 4890K(5056K)->4890K(5056K)
[6400.128s][info][gc             ] GC(1863) Pause Young (Allocation Failure) 7372M->5052M(7466M) 109.185ms
[6400.128s][info][gc,cpu         ] GC(1863) User=0.61s Sys=0.04s Real=0.10s
..[6401.859s][info][gc,start       ] GC(1864) Pause Young (Allocation Failure)
[6401.960s][info][gc,heap        ] GC(1864) PSYoungGen: 2626085K(2626560K)->143520K(2633216K) Eden: 2471424K(2471424K)->0K(2469888K) From: 154661K(155136K)->143520K(163328K)
[6401.961s][info][gc,heap        ] GC(1864) ParOldGen: 5018785K(5019136K)->5110441K(5110784K)
[6401.961s][info][gc,metaspace   ] GC(1864) Metaspace: 29143K(29440K)->29143K(29440K) NonClass: 24252K(24384K)->24252K(24384K) Class: 4890K(5056K)->4890K(5056K)
[6401.961s][info][gc             ] GC(1864) Pause Young (Allocation Failure) 7465M->5130M(7562M) 101.335ms
[6401.961s][info][gc,cpu         ] GC(1864) User=0.56s Sys=0.03s Real=0.10s
.[6403.810s][info][gc,start       ] GC(1865) Pause Young (Allocation Failure)
[6403.920s][info][gc,heap        ] GC(1865) PSYoungGen: 2613408K(2633216K)->155008K(2625024K) Eden: 2469888K(2469888K)->0K(2469888K) From: 143520K(163328K)->155008K(155136K)
[6403.920s][info][gc,heap        ] GC(1865) ParOldGen: 5110441K(5110784K)->5200545K(5200896K)
[6403.920s][info][gc,metaspace   ] GC(1865) Metaspace: 29143K(29440K)->29143K(29440K) NonClass: 24252K(24384K)->24252K(24384K) Class: 4890K(5056K)->4890K(5056K)
[6403.920s][info][gc             ] GC(1865) Pause Young (Allocation Failure) 7542M->5230M(7642M) 110.141ms
[6403.920s][info][gc,cpu         ] GC(1865) User=0.62s Sys=0.03s Real=0.11s
..[6405.661s][info][gc,start       ] GC(1866) Pause Young (Allocation Failure)
[6405.772s][info][gc,heap        ] GC(1866) PSYoungGen: 2624896K(2625024K)->157876K(2628096K) Eden: 2469888K(2469888K)->0K(2464256K) From: 155008K(155136K)->157876K(163840K)
[6405.772s][info][gc,heap        ] GC(1866) ParOldGen: 5200545K(5200896K)->5295625K(5296128K)
[6405.772s][info][gc,metaspace   ] GC(1866) Metaspace: 29143K(29440K)->29143K(29440K) NonClass: 24252K(24384K)->24252K(24384K) Class: 4890K(5056K)->4890K(5056K)
[6405.773s][info][gc             ] GC(1866) Pause Young (Allocation Failure) 7642M->5325M(7738M) 111.638ms
[6405.773s][info][gc,cpu         ] GC(1866) User=0.63s Sys=0.03s Real=0.11s
..[6407.534s][info][gc,start       ] GC(1867) Pause Young (Allocation Failure)
[6407.638s][info][gc,heap        ] GC(1867) PSYoungGen: 2622132K(2628096K)->148180K(2630144K) Eden: 2464256K(2464256K)->0K(2464256K) From: 157876K(163840K)->148180K(165888K)
[6407.638s][info][gc,heap        ] GC(1867) ParOldGen: 5295625K(5296128K)->5386433K(5386752K)
[6407.638s][info][gc,metaspace   ] GC(1867) Metaspace: 29143K(29440K)->29143K(29440K) NonClass: 24252K(24384K)->24252K(24384K) Class: 4890K(5056K)->4890K(5056K)
[6407.638s][info][gc             ] GC(1867) Pause Young (Allocation Failure) 7732M->5404M(7829M) 104.142ms
[6407.638s][info][gc,cpu         ] GC(1867) User=0.60s Sys=0.03s Real=0.10s
..[6409.523s][info][gc,start       ] GC(1868) Pause Young (Allocation Failure)
[6409.626s][info][gc,heap        ] GC(1868) PSYoungGen: 2612436K(2630144K)->143760K(2628608K) Eden: 2464256K(2464256K)->0K(2465792K) From: 148180K(165888K)->143760K(162816K)
[6409.626s][info][gc,heap        ] GC(1868) ParOldGen: 5386433K(5386752K)->5479577K(5479936K)
[6409.626s][info][gc,metaspace   ] GC(1868) Metaspace: 29143K(29440K)->29143K(29440K) NonClass: 24252K(24384K)->24252K(24384K) Class: 4890K(5056K)->4890K(5056K)
[6409.626s][info][gc             ] GC(1868) Pause Young (Allocation Failure) 7811M->5491M(7918M) 102.423ms
[6409.626s][info][gc,cpu         ] GC(1868) User=0.57s Sys=0.04s Real=0.10s
..[6411.351s][info][gc,start       ] GC(1869) Pause Young (Allocation Failure)
[6411.458s][info][gc,heap        ] GC(1869) PSYoungGen: 2609552K(2628608K)->149061K(2629632K) Eden: 2465792K(2465792K)->0K(2465792K) From: 143760K(162816K)->149061K(163840K)
[6411.458s][info][gc,heap        ] GC(1869) ParOldGen: 5479577K(5479936K)->5571425K(5571584K)
[6411.458s][info][gc,metaspace   ] GC(1869) Metaspace: 29143K(29440K)->29143K(29440K) NonClass: 24252K(24384K)->24252K(24384K) Class: 4890K(5056K)->4890K(5056K)
[6411.458s][info][gc             ] GC(1869) Pause Young (Allocation Failure) 7899M->5586M(8009M) 106.740ms
[6411.458s][info][gc,cpu         ] GC(1869) User=0.59s Sys=0.03s Real=0.10s
..[6413.194s][info][gc,start       ] GC(1870) Pause Full (Allocation Failure)
[6413.194s][info][gc,phases,start] GC(1870) Marking Phase
[6413.493s][info][gc,phases      ] GC(1870) Marking Phase 299.244ms
[6413.493s][info][gc,phases,start] GC(1870) Summary Phase
[6413.493s][info][gc,phases      ] GC(1870) Summary Phase 0.108ms
[6413.493s][info][gc,phases,start] GC(1870) Forward
[6413.624s][info][gc,phases      ] GC(1870) Forward 131.059ms
[6413.625s][info][gc,phases,start] GC(1870) Adjust Pointers
[6413.834s][info][gc,phases      ] GC(1870) Adjust Pointers 209.284ms
[6413.834s][info][gc,phases,start] GC(1870) Compaction Phase
[6413.965s][info][gc,phases      ] GC(1870) Compaction Phase 131.507ms
[6413.966s][info][gc,phases,start] GC(1870) Post Compact
[6413.973s][info][gc,phases      ] GC(1870) Post Compact 6.837ms
[6414.106s][info][gc,heap        ] GC(1870) PSYoungGen: 2614853K(2629632K)->0K(2631680K) Eden: 2465792K(2465792K)->0K(2469376K) From: 149061K(163840K)->0K(162304K)
[6414.106s][info][gc,heap        ] GC(1870) ParOldGen: 5571425K(5571584K)->1439858K(1740288K)
[6414.106s][info][gc,metaspace   ] GC(1870) Metaspace: 29143K(29440K)->29143K(29440K) NonClass: 24252K(24384K)->24252K(24384K) Class: 4890K(5056K)->4890K(5056K)
[6414.106s][info][gc             ] GC(1870) Pause Full (Allocation Failure) 7994M->1406M(4269M) 911.843ms
[6414.106s][info][gc,cpu         ] GC(1870) User=4.14s Sys=0.13s Real=0.91s
..[6415.582s][info][gc,start       ] GC(1871) Pause Young (Allocation Failure)
[6415.652s][info][gc,heap        ] GC(1871) PSYoungGen: 2469376K(2631680K)->147728K(2631680K) Eden: 2469376K(2469376K)->0K(2469376K) From: 0K(162304K)->147728K(162304K)
[6415.652s][info][gc,heap        ] GC(1871) ParOldGen: 1439858K(1740288K)->1439858K(1740288K)
[6415.652s][info][gc,metaspace   ] GC(1871) Metaspace: 29143K(29440K)->29143K(29440K) NonClass: 24252K(24384K)->24252K(24384K) Class: 4890K(5056K)->4890K(5056K)
[6415.652s][info][gc             ] GC(1871) Pause Young (Allocation Failure) 3817M->1550M(4269M) 69.715ms
[6415.652s][info][gc,cpu         ] GC(1871) User=0.41s Sys=0.00s Real=0.07s
.[6417.133s][info][gc,start       ] GC(1872) Pause Young (Allocation Failure)
[6417.230s][info][gc,heap        ] GC(1872) PSYoungGen: 2617104K(2631680K)->155680K(2631168K) Eden: 2469376K(2469376K)->0K(2469888K) From: 147728K(162304K)->155680K(161280K)
[6417.230s][info][gc,heap        ] GC(1872) ParOldGen: 1439858K(1740288K)->1529682K(1740288K)
[6417.230s][info][gc,metaspace   ] GC(1872) Metaspace: 29143K(29440K)->29143K(29440K) NonClass: 24252K(24384K)->24252K(24384K) Class: 4890K(5056K)->4890K(5056K)
[6417.230s][info][gc             ] GC(1872) Pause Young (Allocation Failure) 3961M->1645M(4269M) 96.368ms
[6417.230s][info][gc,cpu         ] GC(1872) User=0.58s Sys=0.00s Real=0.10s
..[6418.893s][info][gc,start       ] GC(1873) Pause Young (Allocation Failure)
[6418.996s][info][gc,heap        ] GC(1873) PSYoungGen: 2625568K(2631168K)->155429K(2632704K) Eden: 2469888K(2469888K)->0K(2469888K) From: 155680K(161280K)->155429K(162816K)
[6418.996s][info][gc,heap        ] GC(1873) ParOldGen: 1529682K(1740288K)->1624426K(1740288K)
[6418.996s][info][gc,metaspace   ] GC(1873) Metaspace: 29143K(29440K)->29143K(29440K) NonClass: 24252K(24384K)->24252K(24384K) Class: 4890K(5056K)->4890K(5056K)
[6418.996s][info][gc             ] GC(1873) Pause Young (Allocation Failure) 4057M->1738M(4270M) 103.072ms
[6418.996s][info][gc,cpu         ] GC(1873) User=0.60s Sys=0.00s Real=0.10s
..[6420.819s][info][gc,start       ] GC(1874) Pause Young (Allocation Failure)
[6420.915s][info][gc,heap        ] GC(1874) PSYoungGen: 2625317K(2632704K)->141664K(2631680K) Eden: 2469888K(2469888K)->0K(2468352K) From: 155429K(162816K)->141664K(163328K)
[6420.915s][info][gc,heap        ] GC(1874) ParOldGen: 1624426K(1740288K)->1718098K(1740288K)
[6420.916s][info][gc,metaspace   ] GC(1874) Metaspace: 29143K(29440K)->29143K(29440K) NonClass: 24252K(24384K)->24252K(24384K) Class: 4890K(5056K)->4890K(5056K)
[6420.916s][info][gc             ] GC(1874) Pause Young (Allocation Failure) 4150M->1816M(4269M) 96.141ms
[6420.916s][info][gc,cpu         ] GC(1874) User=0.57s Sys=0.00s Real=0.09s
..[6422.724s][info][gc,start       ] GC(1875) Pause Young (Allocation Failure)
[6422.821s][info][gc,heap        ] GC(1875) PSYoungGen: 2610016K(2631680K)->141664K(2632192K) Eden: 2468352K(2468352K)->0K(2468352K) From: 141664K(163328K)->141664K(163840K)
[6422.821s][info][gc,heap        ] GC(1875) ParOldGen: 1718098K(1740288K)->1807914K(1808384K)
[6422.821s][info][gc,metaspace   ] GC(1875) Metaspace: 29143K(29440K)->29143K(29440K) NonClass: 24252K(24384K)->24252K(24384K) Class: 4890K(5056K)->4890K(5056K)
[6422.821s][info][gc             ] GC(1875) Pause Young (Allocation Failure) 4226M->1903M(4336M) 97.190ms
[6422.821s][info][gc,cpu         ] GC(1875) User=0.55s Sys=0.02s Real=0.10s
..[6424.648s][info][gc,start       ] GC(1876) Pause Young (Allocation Failure)
[6424.747s][info][gc,heap        ] GC(1876) PSYoungGen: 2610016K(2632192K)->146752K(2630144K) Eden: 2468352K(2468352K)->0K(2468864K) From: 141664K(163840K)->146752K(161280K)
[6424.747s][info][gc,heap        ] GC(1876) ParOldGen: 1807914K(1808384K)->1898394K(1898496K)
[6424.747s][info][gc,metaspace   ] GC(1876) Metaspace: 29143K(29440K)->29143K(29440K) NonClass: 24252K(24384K)->24252K(24384K) Class: 4890K(5056K)->4890K(5056K)
[6424.747s][info][gc             ] GC(1876) Pause Young (Allocation Failure) 4314M->1997M(4422M) 98.807ms
[6424.747s][info][gc,cpu         ] GC(1876) User=0.55s Sys=0.03s Real=0.10s
..[6426.671s][info][gc,start       ] GC(1877) Pause Young (Allocation Failure)
[6426.775s][info][gc,heap        ] GC(1877) PSYoungGen: 2615616K(2630144K)->149258K(2631168K) Eden: 2468864K(2468864K)->0K(2468864K) From: 146752K(161280K)->149258K(162304K)
[6426.775s][info][gc,heap        ] GC(1877) ParOldGen: 1898394K(1898496K)->1993498K(1993728K)
[6426.775s][info][gc,metaspace   ] GC(1877) Metaspace: 29143K(29440K)->29143K(29440K) NonClass: 24252K(24384K)->24252K(24384K) Class: 4890K(5056K)->4890K(5056K)
[6426.775s][info][gc             ] GC(1877) Pause Young (Allocation Failure) 4408M->2092M(4516M) 104.673ms
[6426.775s][info][gc,cpu         ] GC(1877) User=0.59s Sys=0.03s Real=0.10s
..[6428.534s][info][gc,start       ] GC(1878) Pause Young (Allocation Failure)
[6428.633s][info][gc,heap        ] GC(1878) PSYoungGen: 2618122K(2631168K)->144164K(2632704K) Eden: 2468864K(2468864K)->0K(2472448K) From: 149258K(162304K)->144164K(160256K)
[6428.633s][info][gc,heap        ] GC(1878) ParOldGen: 1993498K(1993728K)->2084554K(2084864K)
[6428.633s][info][gc,metaspace   ] GC(1878) Metaspace: 29143K(29440K)->29143K(29440K) NonClass: 24252K(24384K)->24252K(24384K) Class: 4890K(5056K)->4890K(5056K)
[6428.633s][info][gc             ] GC(1878) Pause Young (Allocation Failure) 4503M->2176M(4607M) 98.628ms
[6428.633s][info][gc,cpu         ] GC(1878) User=0.55s Sys=0.03s Real=0.10s
..[6430.393s][info][gc,start       ] GC(1879) Pause Young (Allocation Failure)
[6430.491s][info][gc,heap        ] GC(1879) PSYoungGen: 2616612K(2632704K)->140672K(2633216K) Eden: 2472448K(2472448K)->0K(2472448K) From: 144164K(160256K)->140672K(160768K)
[6430.492s][info][gc,heap        ] GC(1879) ParOldGen: 2084554K(2084864K)->2175314K(2175488K)
[6430.492s][info][gc,metaspace   ] GC(1879) Metaspace: 29143K(29440K)->29143K(29440K) NonClass: 24252K(24384K)->24252K(24384K) Class: 4890K(5056K)->4890K(5056K)
[6430.492s][info][gc             ] GC(1879) Pause Young (Allocation Failure) 4590M->2261M(4696M) 98.327ms
[6430.492s][info][gc,cpu         ] GC(1879) User=0.55s Sys=0.04s Real=0.10s
.[6432.264s][info][gc,start       ] GC(1880) Pause Young (Allocation Failure)
[6432.361s][info][gc,heap        ] GC(1880) PSYoungGen: 2613120K(2633216K)->138576K(2635264K) Eden: 2472448K(2472448K)->0K(2474496K) From: 140672K(160768K)->138576K(160768K)
[6432.361s][info][gc,heap        ] GC(1880) ParOldGen: 2175314K(2175488K)->2268594K(2268672K)
[6432.361s][info][gc,metaspace   ] GC(1880) Metaspace: 29143K(29440K)->29143K(29440K) NonClass: 24252K(24384K)->24252K(24384K) Class: 4890K(5056K)->4890K(5056K)
[6432.361s][info][gc             ] GC(1880) Pause Young (Allocation Failure) 4676M->2350M(4789M) 96.422ms
[6432.361s][info][gc,cpu         ] GC(1880) User=0.54s Sys=0.02s Real=0.10s
..[6434.199s][info][gc,start       ] GC(1881) Pause Young (Allocation Failure)
[6434.303s][info][gc,heap        ] GC(1881) PSYoungGen: 2613072K(2635264K)->153216K(2628096K) Eden: 2474496K(2474496K)->0K(2474496K) From: 138576K(160768K)->153216K(153600K)
[6434.303s][info][gc,heap        ] GC(1881) ParOldGen: 2268594K(2268672K)->2357554K(2357760K)
[6434.303s][info][gc,metaspace   ] GC(1881) Metaspace: 29143K(29440K)->29143K(29440K) NonClass: 24252K(24384K)->24252K(24384K) Class: 4890K(5056K)->4890K(5056K)
[6434.303s][info][gc             ] GC(1881) Pause Young (Allocation Failure) 4767M->2451M(4869M) 103.915ms
[6434.303s][info][gc,cpu         ] GC(1881) User=0.58s Sys=0.03s Real=0.10s
..[6435.647s][info][gc,start       ] GC(1882) Pause Full (Diagnostic Command)
[6435.647s][info][gc,phases,start] GC(1882) Marking Phase
[6435.936s][info][gc,phases      ] GC(1882) Marking Phase 288.871ms
[6435.936s][info][gc,phases,start] GC(1882) Summary Phase
[6435.936s][info][gc,phases      ] GC(1882) Summary Phase 0.055ms
[6435.936s][info][gc,phases,start] GC(1882) Forward
[6436.115s][info][gc,phases      ] GC(1882) Forward 179.048ms
[6436.115s][info][gc,phases,start] GC(1882) Adjust Pointers
[6436.324s][info][gc,phases      ] GC(1882) Adjust Pointers 208.440ms
[6436.324s][info][gc,phases,start] GC(1882) Compaction Phase
[6436.481s][info][gc,phases      ] GC(1882) Compaction Phase 157.455ms
[6436.483s][info][gc,phases,start] GC(1882) Post Compact
[6436.487s][info][gc,phases      ] GC(1882) Post Compact 3.622ms
[6436.487s][info][gc,heap        ] GC(1882) PSYoungGen: 1968848K(2628096K)->0K(2628096K) Eden: 1815632K(2474496K)->0K(2474496K) From: 153216K(153600K)->0K(153600K)
[6436.487s][info][gc,heap        ] GC(1882) ParOldGen: 2357554K(2357760K)->1150055K(2357760K)
[6436.487s][info][gc,metaspace   ] GC(1882) Metaspace: 29143K(29440K)->29143K(29440K) NonClass: 24252K(24384K)->24252K(24384K) Class: 4890K(5056K)->4890K(5056K)
[6436.487s][info][gc             ] GC(1882) Pause Full (Diagnostic Command) 4225M->1123M(4869M) 839.634ms
[6436.487s][info][gc,cpu         ] GC(1882) User=4.40s Sys=0.00s Real=0.84s
..[6437.992s][info][gc,start       ] GC(1883) Pause Young (Allocation Failure)
[6438.065s][info][gc,heap        ] GC(1883) PSYoungGen: 2474496K(2628096K)->161669K(2626048K) Eden: 2474496K(2474496K)->0K(2464256K) From: 0K(153600K)->161669K(161792K)
[6438.065s][info][gc,heap        ] GC(1883) ParOldGen: 1150055K(2357760K)->1150055K(2357760K)
[6438.065s][info][gc,metaspace   ] GC(1883) Metaspace: 29143K(29440K)->29143K(29440K) NonClass: 24252K(24384K)->24252K(24384K) Class: 4890K(5056K)->4890K(5056K)
[6438.065s][info][gc             ] GC(1883) Pause Young (Allocation Failure) 3539M->1280M(4867M) 72.887ms
[6438.065s][info][gc,cpu         ] GC(1883) User=0.44s Sys=0.00s Real=0.07s
.[6439.556s][info][gc,start       ] GC(1884) Pause Young (Allocation Failure)
[6439.649s][info][gc,heap        ] GC(1884) PSYoungGen: 2625925K(2626048K)->143200K(2630144K) Eden: 2464256K(2464256K)->0K(2464256K) From: 161669K(161792K)->143200K(165888K)
[6439.649s][info][gc,heap        ] GC(1884) ParOldGen: 1150055K(2357760K)->1241815K(2357760K)
[6439.649s][info][gc,metaspace   ] GC(1884) Metaspace: 29143K(29440K)->29143K(29440K) NonClass: 24252K(24384K)->24252K(24384K) Class: 4890K(5056K)->4890K(5056K)
[6439.649s][info][gc             ] GC(1884) Pause Young (Allocation Failure) 3687M->1352M(4871M) 92.799ms
[6439.649s][info][gc,cpu         ] GC(1884) User=0.55s Sys=0.00s Real=0.10s
. (rIR:aIR:PR = 10654:10670:10658) (tPR = 158234) [OK] 
  6439s: Performance info:
         Transaction,    Success,    Partial,     Failed,   Receipts, AvgBarcode, 
             Overall,     642553,          0,          0,     609863,      59.48, 
         Response times:
             Request,    Success,    Partial,     Failed,   SkipFail,     Probes,    Samples,      min,      p50,      p90,      p95,      p99,      max, 
       TotalPurchase,     611790,          0,          0,          0,     329776,     429388,      300,     9300,   185000,   345000,   870000,  1200000,
     InStorePurchase,     323577,          0,          0,          0,     172854,     225572,      300,     9100,   181000,   341000,   800000,  1200000,
      OnlinePurchase,     226000,          0,          0,          0,     121636,     157965,      300,     9500,   185000,   353000,   880000,   980000,
        InstPurchase,      62213,          0,          0,          0,      35286,      45851,      300,     9500,   218800,   369000,   880000,   970000,
          AssocOfCat,        639,          0,          0,          0,        501,        728,    22000,    47000,   225600,   361650,   710000,  1100000,
      AssocOfProduct,       6483,          0,          0,          0,       3469,       4598,      200,    11800,   187000,   333000,   507000,   680000,
      BusinessReport,       1598,          0,          0,          0,       1396,       1930,    28000,    64000,   343700,   453000,   690000,  1100000,
          CustBuyBeh,       6453,          0,          0,          0,       3502,       4728,      100,    11400,   188000,   331000,   555130,   650000,
       ProductReturn,      16983,          0,          0,          0,       8518,      11281,      200,     7300,   219000,   309000,   541000,   750000,

  6439s: (78%)   IR =  10793 .[6441.433s][info][gc,start       ] GC(1885) Pause Young (Allocation Failure)
[6441.528s][info][gc,heap        ] GC(1885) PSYoungGen: 2607456K(2630144K)->147685K(2625536K) Eden: 2464256K(2464256K)->0K(2464768K) From: 143200K(165888K)->147685K(160768K)
[6441.528s][info][gc,heap        ] GC(1885) ParOldGen: 1241815K(2357760K)->1333823K(2357760K)
[6441.528s][info][gc,metaspace   ] GC(1885) Metaspace: 29143K(29440K)->29143K(29440K) NonClass: 24252K(24384K)->24252K(24384K) Class: 4890K(5056K)->4890K(5056K)
[6441.528s][info][gc             ] GC(1885) Pause Young (Allocation Failure) 3759M->1446M(4866M) 95.015ms
[6441.528s][info][gc,cpu         ] GC(1885) User=0.56s Sys=0.00s Real=0.09s
..[6443.396s][info][gc,start       ] GC(1886) Pause Young (Allocation Failure)
[6443.488s][info][gc,heap        ] GC(1886) PSYoungGen: 2612453K(2625536K)->135168K(2628096K) Eden: 2464768K(2464768K)->0K(2464768K) From: 147685K(160768K)->135168K(163328K)
[6443.488s][info][gc,heap        ] GC(1886) ParOldGen: 1333823K(2357760K)->1428223K(2357760K)
[6443.488s][info][gc,metaspace   ] GC(1886) Metaspace: 29143K(29440K)->29143K(29440K) NonClass: 24252K(24384K)->24252K(24384K) Class: 4890K(5056K)->4890K(5056K)
[6443.488s][info][gc             ] GC(1886) Pause Young (Allocation Failure) 3853M->1526M(4869M) 91.501ms
[6443.488s][info][gc,cpu         ] GC(1886) User=0.54s Sys=0.00s Real=0.09s
..[6445.204s][info][gc,start       ] GC(1887) Pause Young (Allocation Failure)
[6445.301s][info][gc,heap        ] GC(1887) PSYoungGen: 2599936K(2628096K)->152000K(2631680K) Eden: 2464768K(2464768K)->0K(2467328K) From: 135168K(163328K)->152000K(164352K)
[6445.301s][info][gc,heap        ] GC(1887) ParOldGen: 1428223K(2357760K)->1518007K(2357760K)
[6445.301s][info][gc,metaspace   ] GC(1887) Metaspace: 29143K(29440K)->29143K(29440K) NonClass: 24252K(24384K)->24252K(24384K) Class: 4890K(5056K)->4890K(5056K)
[6445.301s][info][gc             ] GC(1887) Pause Young (Allocation Failure) 3933M->1630M(4872M) 97.317ms
[6445.301s][info][gc,cpu         ] GC(1887) User=0.58s Sys=0.00s Real=0.10s
..[6447.168s][info][gc,start       ] GC(1888) Pause Young (Allocation Failure)
[6447.267s][info][gc,heap        ] GC(1888) PSYoungGen: 2619328K(2631680K)->152388K(2619904K) Eden: 2467328K(2467328K)->0K(2467328K) From: 152000K(164352K)->152388K(152576K)
[6447.267s][info][gc,heap        ] GC(1888) ParOldGen: 1518007K(2357760K)->1611359K(2357760K)
[6447.267s][info][gc,metaspace   ] GC(1888) Metaspace: 29143K(29440K)->29143K(29440K) NonClass: 24252K(24384K)->24252K(24384K) Class: 4890K(5056K)->4890K(5056K)
[6447.267s][info][gc             ] GC(1888) Pause Young (Allocation Failure) 4040M->1722M(4861M) 98.976ms
[6447.267s][info][gc,cpu         ] GC(1888) User=0.59s Sys=0.00s Real=0.10s
..[6449.067s][info][gc,start       ] GC(1889) Pause Young (Allocation Failure)
[6449.166s][info][gc,heap        ] GC(1889) PSYoungGen: 2619716K(2619904K)->152889K(2631168K) Eden: 2467328K(2467328K)->0K(2466304K) From: 152388K(152576K)->152889K(164864K)
[6449.166s][info][gc,heap        ] GC(1889) ParOldGen: 1611359K(2357760K)->1704511K(2357760K)
[6449.166s][info][gc,metaspace   ] GC(1889) Metaspace: 29143K(29440K)->29143K(29440K) NonClass: 24252K(24384K)->24252K(24384K) Class: 4890K(5056K)->4890K(5056K)
[6449.166s][info][gc             ] GC(1889) Pause Young (Allocation Failure) 4131M->1813M(4872M) 99.223ms
[6449.166s][info][gc,cpu         ] GC(1889) User=0.59s Sys=0.00s Real=0.10s
.[6450.924s][info][gc,start       ] GC(1890) Pause Young (Allocation Failure)
[6451.023s][info][gc,heap        ] GC(1890) PSYoungGen: 2619193K(2631168K)->149428K(2615808K) Eden: 2466304K(2466304K)->0K(2466304K) From: 152889K(164864K)->149428K(149504K)
[6451.023s][info][gc,heap        ] GC(1890) ParOldGen: 1704511K(2357760K)->1796303K(2357760K)
[6451.023s][info][gc,metaspace   ] GC(1890) Metaspace: 29143K(29440K)->29143K(29440K) NonClass: 24252K(24384K)->24252K(24384K) Class: 4890K(5056K)->4890K(5056K)
[6451.023s][info][gc             ] GC(1890) Pause Young (Allocation Failure) 4222M->1900M(4857M) 98.680ms
[6451.023s][info][gc,cpu         ] GC(1890) User=0.58s Sys=0.00s Real=0.10s
..[6452.855s][info][gc,start       ] GC(1891) Pause Young (Allocation Failure)
[6452.953s][info][gc,heap        ] GC(1891) PSYoungGen: 2615732K(2615808K)->151872K(2630656K) Eden: 2466304K(2466304K)->0K(2466816K) From: 149428K(149504K)->151872K(163840K)
[6452.954s][info][gc,heap        ] GC(1891) ParOldGen: 1796303K(2357760K)->1888199K(2357760K)
[6452.954s][info][gc,metaspace   ] GC(1891) Metaspace: 29143K(29440K)->29143K(29440K) NonClass: 24252K(24384K)->24252K(24384K) Class: 4890K(5056K)->4890K(5056K)
[6452.954s][info][gc             ] GC(1891) Pause Young (Allocation Failure) 4308M->1992M(4871M) 98.334ms
[6452.954s][info][gc,cpu         ] GC(1891) User=0.58s Sys=0.00s Real=0.10s
..[6454.681s][info][gc,start       ] GC(1892) Pause Young (Allocation Failure)
[6454.779s][info][gc,heap        ] GC(1892) PSYoungGen: 2618688K(2630656K)->148064K(2630144K) Eden: 2466816K(2466816K)->0K(2466816K) From: 151872K(163840K)->148064K(163328K)
[6454.779s][info][gc,heap        ] GC(1892) ParOldGen: 1888199K(2357760K)->1979079K(2357760K)
[6454.779s][info][gc,metaspace   ] GC(1892) Metaspace: 29143K(29440K)->29143K(29440K) NonClass: 24252K(24384K)->24252K(24384K) Class: 4890K(5056K)->4890K(5056K)
[6454.779s][info][gc             ] GC(1892) Pause Young (Allocation Failure) 4401M->2077M(4871M) 97.998ms
[6454.779s][info][gc,cpu         ] GC(1892) User=0.58s Sys=0.00s Real=0.10s
..[6456.619s][info][gc,start       ] GC(1893) Pause Young (Allocation Failure)
[6456.718s][info][gc,heap        ] GC(1893) PSYoungGen: 2614880K(2630144K)->148277K(2631168K) Eden: 2466816K(2466816K)->0K(2470400K) From: 148064K(163328K)->148277K(160768K)
[6456.718s][info][gc,heap        ] GC(1893) ParOldGen: 1979079K(2357760K)->2072951K(2357760K)
[6456.718s][info][gc,metaspace   ] GC(1893) Metaspace: 29143K(29440K)->29143K(29440K) NonClass: 24252K(24384K)->24252K(24384K) Class: 4890K(5056K)->4890K(5056K)
[6456.718s][info][gc             ] GC(1893) Pause Young (Allocation Failure) 4486M->2169M(4872M) 99.024ms
[6456.718s][info][gc,cpu         ] GC(1893) User=0.59s Sys=0.00s Real=0.09s
..[6458.484s][info][gc,start       ] GC(1894) Pause Young (Allocation Failure)
[6458.577s][info][gc,heap        ] GC(1894) PSYoungGen: 2618677K(2631168K)->140064K(2631168K) Eden: 2470400K(2470400K)->0K(2470400K) From: 148277K(160768K)->140064K(160768K)
[6458.577s][info][gc,heap        ] GC(1894) ParOldGen: 2072951K(2357760K)->2165719K(2357760K)
[6458.577s][info][gc,metaspace   ] GC(1894) Metaspace: 29143K(29440K)->29143K(29440K) NonClass: 24252K(24384K)->24252K(24384K) Class: 4890K(5056K)->4890K(5056K)
[6458.577s][info][gc             ] GC(1894) Pause Young (Allocation Failure) 4581M->2251M(4872M) 92.553ms
[6458.577s][info][gc,cpu         ] GC(1894) User=0.54s Sys=0.01s Real=0.09s
..|[6460.283s][info][gc,start       ] GC(1895) Pause Young (Allocation Failure)
[6460.376s][info][gc,heap        ] GC(1895) PSYoungGen: 2610464K(2631168K)->137797K(2634752K) Eden: 2470400K(2470400K)->0K(2473472K) From: 140064K(160768K)->137797K(161280K)
[6460.376s][info][gc,heap        ] GC(1895) ParOldGen: 2165719K(2357760K)->2259159K(2357760K)
[6460.376s][info][gc,metaspace   ] GC(1895) Metaspace: 29143K(29440K)->29143K(29440K) NonClass: 24252K(24384K)->24252K(24384K) Class: 4890K(5056K)->4890K(5056K)
[6460.376s][info][gc             ] GC(1895) Pause Young (Allocation Failure) 4664M->2340M(4875M) 93.151ms
[6460.376s][info][gc,cpu         ] GC(1895) User=0.55s Sys=0.00s Real=0.09s
.[6462.096s][info][gc,start       ] GC(1896) Pause Young (Allocation Failure)
[6462.195s][info][gc,heap        ] GC(1896) PSYoungGen: 2611269K(2634752K)->154704K(2628608K) Eden: 2473472K(2473472K)->0K(2473472K) From: 137797K(161280K)->154704K(155136K)
[6462.195s][info][gc,heap        ] GC(1896) ParOldGen: 2259159K(2357760K)->2347223K(2357760K)
[6462.196s][info][gc,metaspace   ] GC(1896) Metaspace: 29143K(29440K)->29143K(29440K) NonClass: 24252K(24384K)->24252K(24384K) Class: 4890K(5056K)->4890K(5056K)
[6462.196s][info][gc             ] GC(1896) Pause Young (Allocation Failure) 4756M->2443M(4869M) 99.757ms
[6462.196s][info][gc,cpu         ] GC(1896) User=0.59s Sys=0.00s Real=0.10s
..[6463.969s][info][gc,start       ] GC(1897) Pause Young (Allocation Failure)
[6464.072s][info][gc,heap        ] GC(1897) PSYoungGen: 2628176K(2628608K)->153246K(2632192K) Eden: 2473472K(2473472K)->0K(2469376K) From: 154704K(155136K)->153246K(162816K)
[6464.072s][info][gc,heap        ] GC(1897) ParOldGen: 2347223K(2357760K)->2440047K(2440192K)
[6464.072s][info][gc,metaspace   ] GC(1897) Metaspace: 29143K(29440K)->29143K(29440K) NonClass: 24252K(24384K)->24252K(24384K) Class: 4890K(5056K)->4890K(5056K)
[6464.072s][info][gc             ] GC(1897) Pause Young (Allocation Failure) 4858M->2532M(4953M) 103.026ms
[6464.072s][info][gc,cpu         ] GC(1897) User=0.58s Sys=0.03s Real=0.10s
..[6465.875s][info][gc,start       ] GC(1898) Pause Young (Allocation Failure)
[6465.978s][info][gc,heap        ] GC(1898) PSYoungGen: 2622622K(2632192K)->150816K(2632704K) Eden: 2469376K(2469376K)->0K(2469376K) From: 153246K(162816K)->150816K(163328K)
[6465.978s][info][gc,heap        ] GC(1898) ParOldGen: 2440047K(2440192K)->2533655K(2533888K)
[6465.978s][info][gc,metaspace   ] GC(1898) Metaspace: 29143K(29440K)->29143K(29440K) NonClass: 24252K(24384K)->24252K(24384K) Class: 4890K(5056K)->4890K(5056K)
[6465.978s][info][gc             ] GC(1898) Pause Young (Allocation Failure) 4944M->2621M(5045M) 102.274ms
[6465.978s][info][gc,cpu         ] GC(1898) User=0.57s Sys=0.04s Real=0.10s
..[6467.753s][info][gc,start       ] GC(1899) Pause Young (Allocation Failure)
[6467.852s][info][gc,heap        ] GC(1899) PSYoungGen: 2620192K(2632704K)->139840K(2632704K) Eden: 2469376K(2469376K)->0K(2469888K) From: 150816K(163328K)->139840K(162816K)
[6467.852s][info][gc,heap        ] GC(1899) ParOldGen: 2533655K(2533888K)->2627143K(2627584K)
[6467.852s][info][gc,metaspace   ] GC(1899) Metaspace: 29143K(29440K)->29143K(29440K) NonClass: 24252K(24384K)->24252K(24384K) Class: 4890K(5056K)->4890K(5056K)
[6467.852s][info][gc             ] GC(1899) Pause Young (Allocation Failure) 5033M->2702M(5137M) 99.006ms
[6467.852s][info][gc,cpu         ] GC(1899) User=0.56s Sys=0.02s Real=0.10s
..[6469.602s][info][gc,start       ] GC(1900) Pause Young (Allocation Failure)
[6469.706s][info][gc,heap        ] GC(1900) PSYoungGen: 2609728K(2632704K)->148565K(2618880K) Eden: 2469888K(2469888K)->0K(2469888K) From: 139840K(162816K)->148565K(148992K)
[6469.706s][info][gc,heap        ] GC(1900) ParOldGen: 2627143K(2627584K)->2718143K(2718208K)
[6469.706s][info][gc,metaspace   ] GC(1900) Metaspace: 29143K(29440K)->29143K(29440K) NonClass: 24252K(24384K)->24252K(24384K) Class: 4890K(5056K)->4890K(5056K)
[6469.706s][info][gc             ] GC(1900) Pause Young (Allocation Failure) 5114M->2799M(5212M) 104.028ms
[6469.706s][info][gc,cpu         ] GC(1900) User=0.58s Sys=0.03s Real=0.10s
..[6471.538s][info][gc,start       ] GC(1901) Pause Young (Allocation Failure)
[6471.640s][info][gc,heap        ] GC(1901) PSYoungGen: 2618453K(2618880K)->145840K(2633216K) Eden: 2469888K(2469888K)->0K(2471424K) From: 148565K(148992K)->145840K(161792K)
[6471.640s][info][gc,heap        ] GC(1901) ParOldGen: 2718143K(2718208K)->2810799K(2810880K)
[6471.640s][info][gc,metaspace   ] GC(1901) Metaspace: 29143K(29440K)->29143K(29440K) NonClass: 24252K(24384K)->24252K(24384K) Class: 4890K(5056K)->4890K(5056K)
[6471.640s][info][gc             ] GC(1901) Pause Young (Allocation Failure) 5211M->2887M(5316M) 101.719ms
[6471.640s][info][gc,cpu         ] GC(1901) User=0.58s Sys=0.03s Real=0.11s
..[6473.388s][info][gc,start       ] GC(1902) Pause Young (Allocation Failure)
[6473.485s][info][gc,heap        ] GC(1902) PSYoungGen: 2617264K(2633216K)->141440K(2632192K) Eden: 2471424K(2471424K)->0K(2471424K) From: 145840K(161792K)->141440K(160768K)
[6473.485s][info][gc,heap        ] GC(1902) ParOldGen: 2810799K(2810880K)->2901423K(2901504K)
[6473.485s][info][gc,metaspace   ] GC(1902) Metaspace: 29143K(29440K)->29143K(29440K) NonClass: 24252K(24384K)->24252K(24384K) Class: 4890K(5056K)->4890K(5056K)
[6473.485s][info][gc             ] GC(1902) Pause Young (Allocation Failure) 5300M->2971M(5404M) 96.904ms
[6473.485s][info][gc,cpu         ] GC(1902) User=0.54s Sys=0.03s Real=0.10s
.[6475.270s][info][gc,start       ] GC(1903) Pause Young (Allocation Failure)
[6475.368s][info][gc,heap        ] GC(1903) PSYoungGen: 2612864K(2632192K)->140576K(2634752K) Eden: 2471424K(2471424K)->0K(2473984K) From: 141440K(160768K)->140576K(160768K)
[6475.368s][info][gc,heap        ] GC(1903) ParOldGen: 2901423K(2901504K)->2993223K(2993664K)
[6475.368s][info][gc,metaspace   ] GC(1903) Metaspace: 29143K(29440K)->29143K(29440K) NonClass: 24252K(24384K)->24252K(24384K) Class: 4890K(5056K)->4890K(5056K)
[6475.368s][info][gc             ] GC(1903) Pause Young (Allocation Failure) 5385M->3060M(5496M) 98.568ms
[6475.368s][info][gc,cpu         ] GC(1903) User=0.56s Sys=0.03s Real=0.09s
..[6477.176s][info][gc,start       ] GC(1904) Pause Young (Allocation Failure)
[6477.281s][info][gc,heap        ] GC(1904) PSYoungGen: 2614560K(2634752K)->151072K(2634240K) Eden: 2473984K(2473984K)->0K(2473984K) From: 140576K(160768K)->151072K(160256K)
[6477.281s][info][gc,heap        ] GC(1904) ParOldGen: 2993223K(2993664K)->3084871K(3085312K)
[6477.281s][info][gc,metaspace   ] GC(1904) Metaspace: 29143K(29440K)->29143K(29440K) NonClass: 24252K(24384K)->24252K(24384K) Class: 4890K(5056K)->4890K(5056K)
[6477.281s][info][gc             ] GC(1904) Pause Young (Allocation Failure) 5476M->3160M(5585M) 104.776ms
[6477.281s][info][gc,cpu         ] GC(1904) User=0.58s Sys=0.03s Real=0.11s
..[6479.054s][info][gc,start       ] GC(1905) Pause Young (Allocation Failure)
[6479.156s][info][gc,heap        ] GC(1905) PSYoungGen: 2625056K(2634240K)->146464K(2633216K) Eden: 2473984K(2473984K)->0K(2475008K) From: 151072K(160256K)->146464K(158208K)
[6479.156s][info][gc,heap        ] GC(1905) ParOldGen: 3084871K(3085312K)->3177359K(3177472K)
[6479.156s][info][gc,metaspace   ] GC(1905) Metaspace: 29143K(29440K)->29143K(29440K) NonClass: 24252K(24384K)->24252K(24384K) Class: 4890K(5056K)->4890K(5056K)
[6479.156s][info][gc             ] GC(1905) Pause Young (Allocation Failure) 5576M->3245M(5674M) 102.353ms
[6479.156s][info][gc,cpu         ] GC(1905) User=0.57s Sys=0.04s Real=0.10s
..[6480.986s][info][gc,start       ] GC(1906) Pause Young (Allocation Failure)
[6481.094s][info][gc,heap        ] GC(1906) PSYoungGen: 2621472K(2633216K)->157497K(2632704K) Eden: 2475008K(2475008K)->0K(2475008K) From: 146464K(158208K)->157497K(157696K)
[6481.094s][info][gc,heap        ] GC(1906) ParOldGen: 3177359K(3177472K)->3270679K(3271168K)
[6481.094s][info][gc,metaspace   ] GC(1906) Metaspace: 29143K(29440K)->29143K(29440K) NonClass: 24252K(24384K)->24252K(24384K) Class: 4890K(5056K)->4890K(5056K)
[6481.094s][info][gc             ] GC(1906) Pause Young (Allocation Failure) 5662M->3347M(5765M) 107.871ms
[6481.094s][info][gc,cpu         ] GC(1906) User=0.61s Sys=0.03s Real=0.11s
..[6482.821s][info][gc,start       ] GC(1907) Pause Young (Allocation Failure)
[6482.923s][info][gc,heap        ] GC(1907) PSYoungGen: 2632505K(2632704K)->149042K(2634752K) Eden: 2475008K(2475008K)->0K(2472448K) From: 157497K(157696K)->149042K(162304K)
[6482.923s][info][gc,heap        ] GC(1907) ParOldGen: 3270679K(3271168K)->3359711K(3359744K)
[6482.923s][info][gc,metaspace   ] GC(1907) Metaspace: 29143K(29440K)->29143K(29440K) NonClass: 24252K(24384K)->24252K(24384K) Class: 4890K(5056K)->4890K(5056K)
[6482.923s][info][gc             ] GC(1907) Pause Young (Allocation Failure) 5764M->3426M(5854M) 102.390ms
[6482.923s][info][gc,cpu         ] GC(1907) User=0.58s Sys=0.02s Real=0.10s
..[6484.779s][info][gc,start       ] GC(1908) Pause Young (Allocation Failure)
[6484.885s][info][gc,heap        ] GC(1908) PSYoungGen: 2621490K(2634752K)->153715K(2633728K) Eden: 2472448K(2472448K)->0K(2472448K) From: 149042K(162304K)->153715K(161280K)
[6484.885s][info][gc,heap        ] GC(1908) ParOldGen: 3359711K(3359744K)->3452007K(3452416K)
[6484.885s][info][gc,metaspace   ] GC(1908) Metaspace: 29143K(29440K)->29143K(29440K) NonClass: 24252K(24384K)->24252K(24384K) Class: 4890K(5056K)->4890K(5056K)
[6484.885s][info][gc             ] GC(1908) Pause Young (Allocation Failure) 5841M->3521M(5943M) 106.585ms
[6484.885s][info][gc,cpu         ] GC(1908) User=0.59s Sys=0.03s Real=0.10s
..[6486.565s][info][gc,start       ] GC(1909) Pause Young (Allocation Failure)
[6486.666s][info][gc,heap        ] GC(1909) PSYoungGen: 2626163K(2633728K)->140400K(2633216K) Eden: 2472448K(2472448K)->0K(2471424K) From: 153715K(161280K)->140400K(161792K)
[6486.666s][info][gc,heap        ] GC(1909) ParOldGen: 3452007K(3452416K)->3548711K(3549184K)
[6486.667s][info][gc,metaspace   ] GC(1909) Metaspace: 29143K(29440K)->29143K(29440K) NonClass: 24252K(24384K)->24252K(24384K) Class: 4890K(5056K)->4890K(5056K)
[6486.667s][info][gc             ] GC(1909) Pause Young (Allocation Failure) 5935M->3602M(6037M) 101.633ms
[6486.667s][info][gc,cpu         ] GC(1909) User=0.58s Sys=0.02s Real=0.10s
.[6488.498s][info][gc,start       ] GC(1910) Pause Young (Allocation Failure)
[6488.595s][info][gc,heap        ] GC(1910) PSYoungGen: 2611824K(2633216K)->139456K(2633728K) Eden: 2471424K(2471424K)->0K(2471424K) From: 140400K(161792K)->139456K(162304K)
[6488.595s][info][gc,heap        ] GC(1910) ParOldGen: 3548711K(3549184K)->3638511K(3638784K)
[6488.595s][info][gc,metaspace   ] GC(1910) Metaspace: 29143K(29440K)->29143K(29440K) NonClass: 24252K(24384K)->24252K(24384K) Class: 4890K(5056K)->4890K(5056K)
[6488.595s][info][gc             ] GC(1910) Pause Young (Allocation Failure) 6016M->3689M(6125M) 97.106ms
[6488.595s][info][gc,cpu         ] GC(1910) User=0.55s Sys=0.03s Real=0.10s
..[6490.502s][info][gc,start       ] GC(1911) Pause Young (Allocation Failure)
[6490.605s][info][gc,heap        ] GC(1911) PSYoungGen: 2610880K(2633728K)->149952K(2632704K) Eden: 2471424K(2471424K)->0K(2471424K) From: 139456K(162304K)->149952K(161280K)
[6490.605s][info][gc,heap        ] GC(1911) ParOldGen: 3638511K(3638784K)->3728191K(3728384K)
[6490.605s][info][gc,metaspace   ] GC(1911) Metaspace: 29143K(29440K)->29143K(29440K) NonClass: 24252K(24384K)->24252K(24384K) Class: 4890K(5056K)->4890K(5056K)
[6490.605s][info][gc             ] GC(1911) Pause Young (Allocation Failure) 6102M->3787M(6212M) 102.682ms
[6490.605s][info][gc,cpu         ] GC(1911) User=0.57s Sys=0.02s Real=0.10s
..[6492.382s][info][gc,start       ] GC(1912) Pause Young (Allocation Failure)
[6492.485s][info][gc,heap        ] GC(1912) PSYoungGen: 2621376K(2632704K)->141348K(2633216K) Eden: 2471424K(2471424K)->0K(2471424K) From: 149952K(161280K)->141348K(161792K)
[6492.485s][info][gc,heap        ] GC(1912) ParOldGen: 3728191K(3728384K)->3824207K(3824640K)
[6492.485s][info][gc,metaspace   ] GC(1912) Metaspace: 29143K(29440K)->29143K(29440K) NonClass: 24252K(24384K)->24252K(24384K) Class: 4890K(5056K)->4890K(5056K)
[6492.485s][info][gc             ] GC(1912) Pause Young (Allocation Failure) 6200M->3872M(6306M) 102.667ms
[6492.485s][info][gc,cpu         ] GC(1912) User=0.58s Sys=0.02s Real=0.10s
..[6494.268s][info][gc,start       ] GC(1913) Pause Young (Allocation Failure)
[6494.371s][info][gc,heap        ] GC(1913) PSYoungGen: 2612772K(2633216K)->144457K(2632192K) Eden: 2471424K(2471424K)->0K(2472960K) From: 141348K(161792K)->144457K(159232K)
[6494.371s][info][gc,heap        ] GC(1913) ParOldGen: 3824207K(3824640K)->3916367K(3916800K)
[6494.371s][info][gc,metaspace   ] GC(1913) Metaspace: 29143K(29440K)->29143K(29440K) NonClass: 24252K(24384K)->24252K(24384K) Class: 4890K(5056K)->4890K(5056K)
[6494.371s][info][gc             ] GC(1913) Pause Young (Allocation Failure) 6286M->3965M(6395M) 102.888ms
[6494.371s][info][gc,cpu         ] GC(1913) User=0.58s Sys=0.03s Real=0.11s
..[6496.173s][info][gc,start       ] GC(1914) Pause Young (Allocation Failure)
[6496.277s][info][gc,heap        ] GC(1914) PSYoungGen: 2617417K(2632192K)->156325K(2633216K) Eden: 2472960K(2472960K)->0K(2472960K) From: 144457K(159232K)->156325K(160256K)
[6496.277s][info][gc,heap        ] GC(1914) ParOldGen: 3916367K(3916800K)->4004863K(4004864K)
[6496.277s][info][gc,metaspace   ] GC(1914) Metaspace: 29143K(29440K)->29143K(29440K) NonClass: 24252K(24384K)->24252K(24384K) Class: 4890K(5056K)->4890K(5056K)
[6496.277s][info][gc             ] GC(1914) Pause Young (Allocation Failure) 6380M->4063M(6482M) 103.492ms
[6496.277s][info][gc,cpu         ] GC(1914) User=0.59s Sys=0.03s Real=0.10s
..[6498.011s][info][gc,start       ] GC(1915) Pause Young (Allocation Failure)
[6498.118s][info][gc,heap        ] GC(1915) PSYoungGen: 2629285K(2633216K)->152404K(2632704K) Eden: 2472960K(2472960K)->0K(2470400K) From: 156325K(160256K)->152404K(162304K)
[6498.118s][info][gc,heap        ] GC(1915) ParOldGen: 4004863K(4004864K)->4097535K(4097536K)
[6498.118s][info][gc,metaspace   ] GC(1915) Metaspace: 29143K(29440K)->29143K(29440K) NonClass: 24252K(24384K)->24252K(24384K) Class: 4890K(5056K)->4890K(5056K)
[6498.118s][info][gc             ] GC(1915) Pause Young (Allocation Failure) 6478M->4150M(6572M) 106.874ms
[6498.118s][info][gc,cpu         ] GC(1915) User=0.61s Sys=0.03s Real=0.10s
..[6499.797s][info][gc,start       ] GC(1916) Pause Young (Allocation Failure)
[6499.898s][info][gc,heap        ] GC(1916) PSYoungGen: 2622804K(2632704K)->145399K(2615808K) Eden: 2470400K(2470400K)->0K(2470400K) From: 152404K(162304K)->145399K(145408K)
[6499.898s][info][gc,heap        ] GC(1916) ParOldGen: 4097535K(4097536K)->4189247K(4189696K)
[6499.898s][info][gc,metaspace   ] GC(1916) Metaspace: 29143K(29440K)->29143K(29440K) NonClass: 24252K(24384K)->24252K(24384K) Class: 4890K(5056K)->4890K(5056K)
[6499.898s][info][gc             ] GC(1916) Pause Young (Allocation Failure) 6562M->4233M(6646M) 101.473ms
[6499.898s][info][gc,cpu         ] GC(1916) User=0.57s Sys=0.03s Real=0.11s
.[6501.724s][info][gc,start       ] GC(1917) Pause Young (Allocation Failure)
[6501.831s][info][gc,heap        ] GC(1917) PSYoungGen: 2615799K(2615808K)->150473K(2633216K) Eden: 2470400K(2470400K)->0K(2471424K) From: 145399K(145408K)->150473K(161792K)
[6501.831s][info][gc,heap        ] GC(1917) ParOldGen: 4189247K(4189696K)->4281415K(4281856K)
[6501.831s][info][gc,metaspace   ] GC(1917) Metaspace: 29143K(29440K)->29143K(29440K) NonClass: 24252K(24384K)->24252K(24384K) Class: 4890K(5056K)->4890K(5056K)
[6501.831s][info][gc             ] GC(1917) Pause Young (Allocation Failure) 6645M->4328M(6753M) 106.700ms
[6501.831s][info][gc,cpu         ] GC(1917) User=0.61s Sys=0.03s Real=0.11s
..[6503.666s][info][gc,start       ] GC(1918) Pause Young (Allocation Failure)
[6503.775s][info][gc,heap        ] GC(1918) PSYoungGen: 2621897K(2633216K)->155016K(2632704K) Eden: 2471424K(2471424K)->0K(2471424K) From: 150473K(161792K)->155016K(161280K)
[6503.775s][info][gc,heap        ] GC(1918) ParOldGen: 4281415K(4281856K)->4374663K(4375040K)
[6503.775s][info][gc,metaspace   ] GC(1918) Metaspace: 29143K(29440K)->29143K(29440K) NonClass: 24252K(24384K)->24252K(24384K) Class: 4890K(5056K)->4890K(5056K)
[6503.775s][info][gc             ] GC(1918) Pause Young (Allocation Failure) 6741M->4423M(6843M) 108.937ms
[6503.775s][info][gc,cpu         ] GC(1918) User=0.62s Sys=0.03s Real=0.11s
..[6505.541s][info][gc,start       ] GC(1919) Pause Young (Allocation Failure)
[6505.643s][info][gc,heap        ] GC(1919) PSYoungGen: 2626440K(2632704K)->144480K(2633728K) Eden: 2471424K(2471424K)->0K(2470912K) From: 155016K(161280K)->144480K(162816K)
[6505.643s][info][gc,heap        ] GC(1919) ParOldGen: 4374663K(4375040K)->4465831K(4466176K)
[6505.643s][info][gc,metaspace   ] GC(1919) Metaspace: 29143K(29440K)->29143K(29440K) NonClass: 24252K(24384K)->24252K(24384K) Class: 4890K(5056K)->4890K(5056K)
[6505.643s][info][gc             ] GC(1919) Pause Young (Allocation Failure) 6837M->4502M(6933M) 101.293ms
[6505.643s][info][gc,cpu         ] GC(1919) User=0.56s Sys=0.03s Real=0.10s
..[6507.477s][info][gc,start       ] GC(1920) Pause Young (Allocation Failure)
[6507.579s][info][gc,heap        ] GC(1920) PSYoungGen: 2615392K(2633728K)->143840K(2614784K) Eden: 2470912K(2470912K)->0K(2470912K) From: 144480K(162816K)->143840K(143872K)
[6507.579s][info][gc,heap        ] GC(1920) ParOldGen: 4465831K(4466176K)->4556655K(4556800K)
[6507.579s][info][gc,metaspace   ] GC(1920) Metaspace: 29143K(29440K)->29143K(29440K) NonClass: 24252K(24384K)->24252K(24384K) Class: 4890K(5056K)->4890K(5056K)
[6507.579s][info][gc             ] GC(1920) Pause Young (Allocation Failure) 6915M->4590M(7003M) 102.351ms
[6507.579s][info][gc,cpu         ] GC(1920) User=0.57s Sys=0.03s Real=0.11s
..[6509.328s][info][gc,start       ] GC(1921) Pause Young (Allocation Failure)
[6509.431s][info][gc,heap        ] GC(1921) PSYoungGen: 2614752K(2614784K)->145448K(2632704K) Eden: 2470912K(2470912K)->0K(2471424K) From: 143840K(143872K)->145448K(161280K)
[6509.431s][info][gc,heap        ] GC(1921) ParOldGen: 4556655K(4556800K)->4649271K(4649472K)
[6509.431s][info][gc,metaspace   ] GC(1921) Metaspace: 29143K(29440K)->29143K(29440K) NonClass: 24252K(24384K)->24252K(24384K) Class: 4890K(5056K)->4890K(5056K)
[6509.431s][info][gc             ] GC(1921) Pause Young (Allocation Failure) 7003M->4682M(7111M) 102.780ms
[6509.431s][info][gc,cpu         ] GC(1921) User=0.57s Sys=0.03s Real=0.11s
..[6511.239s][info][gc,start       ] GC(1922) Pause Young (Allocation Failure)
[6511.343s][info][gc,heap        ] GC(1922) PSYoungGen: 2616872K(2632704K)->148730K(2632192K) Eden: 2471424K(2471424K)->0K(2471424K) From: 145448K(161280K)->148730K(160768K)
[6511.343s][info][gc,heap        ] GC(1922) ParOldGen: 4649271K(4649472K)->4740639K(4741120K)
[6511.343s][info][gc,metaspace   ] GC(1922) Metaspace: 29143K(29440K)->29143K(29440K) NonClass: 24252K(24384K)->24252K(24384K) Class: 4890K(5056K)->4890K(5056K)
[6511.343s][info][gc             ] GC(1922) Pause Young (Allocation Failure) 7095M->4774M(7200M) 103.596ms
[6511.343s][info][gc,cpu         ] GC(1922) User=0.59s Sys=0.03s Real=0.10s
..[6513.056s][info][gc,start       ] GC(1923) Pause Young (Allocation Failure)
[6513.157s][info][gc,heap        ] GC(1923) PSYoungGen: 2620154K(2632192K)->146944K(2634240K) Eden: 2471424K(2471424K)->0K(2475008K) From: 148730K(160768K)->146944K(159232K)
[6513.157s][info][gc,heap        ] GC(1923) ParOldGen: 4740639K(4741120K)->4833887K(4834304K)
[6513.157s][info][gc,metaspace   ] GC(1923) Metaspace: 29143K(29440K)->29143K(29440K) NonClass: 24252K(24384K)->24252K(24384K) Class: 4890K(5056K)->4890K(5056K)
[6513.157s][info][gc             ] GC(1923) Pause Young (Allocation Failure) 7188M->4864M(7293M) 101.788ms
[6513.157s][info][gc,cpu         ] GC(1923) User=0.57s Sys=0.03s Real=0.10s
..[6514.966s][info][gc,start       ] GC(1924) Pause Young (Allocation Failure)
[6515.075s][info][gc,heap        ] GC(1924) PSYoungGen: 2621952K(2634240K)->150112K(2633728K) Eden: 2475008K(2475008K)->0K(2475008K) From: 146944K(159232K)->150112K(158720K)
[6515.075s][info][gc,heap        ] GC(1924) ParOldGen: 4833887K(4834304K)->4925879K(4925952K)
[6515.075s][info][gc,metaspace   ] GC(1924) Metaspace: 29143K(29440K)->29143K(29440K) NonClass: 24252K(24384K)->24252K(24384K) Class: 4890K(5056K)->4890K(5056K)
[6515.075s][info][gc             ] GC(1924) Pause Young (Allocation Failure) 7281M->4957M(7382M) 108.909ms
[6515.075s][info][gc,cpu         ] GC(1924) User=0.61s Sys=0.04s Real=0.11s
.[6516.786s][info][gc,start       ] GC(1925) Pause Young (Allocation Failure)
[6516.890s][info][gc,heap        ] GC(1925) PSYoungGen: 2625120K(2633728K)->150176K(2636800K) Eden: 2475008K(2475008K)->0K(2478592K) From: 150112K(158720K)->150176K(158208K)
[6516.890s][info][gc,heap        ] GC(1925) ParOldGen: 4925879K(4925952K)->5016223K(5016576K)
[6516.890s][info][gc,metaspace   ] GC(1925) Metaspace: 29143K(29440K)->29143K(29440K) NonClass: 24252K(24384K)->24252K(24384K) Class: 4890K(5056K)->4890K(5056K)
[6516.890s][info][gc             ] GC(1925) Pause Young (Allocation Failure) 7374M->5045M(7474M) 103.372ms
[6516.890s][info][gc,cpu         ] GC(1925) User=0.59s Sys=0.03s Real=0.11s
..[6518.620s][info][gc,start       ] GC(1926) Pause Young (Allocation Failure)
[6518.726s][info][gc,heap        ] GC(1926) PSYoungGen: 2628768K(2636800K)->151833K(2636800K) Eden: 2478592K(2478592K)->0K(2478592K) From: 150176K(158208K)->151833K(158208K)
[6518.726s][info][gc,heap        ] GC(1926) ParOldGen: 5016223K(5016576K)->5108895K(5109248K)
[6518.726s][info][gc,metaspace   ] GC(1926) Metaspace: 29143K(29440K)->29143K(29440K) NonClass: 24252K(24384K)->24252K(24384K) Class: 4890K(5056K)->4890K(5056K)
[6518.726s][info][gc             ] GC(1926) Pause Young (Allocation Failure) 7465M->5137M(7564M) 106.677ms
[6518.726s][info][gc,cpu         ] GC(1926) User=0.60s Sys=0.03s Real=0.10s
..[6520.434s][info][gc,start       ] GC(1927) Pause Young (Allocation Failure)
[6520.539s][info][gc,heap        ] GC(1927) PSYoungGen: 2630425K(2636800K)->148020K(2636288K) Eden: 2478592K(2478592K)->0K(2479104K) From: 151833K(158208K)->148020K(157184K)
[6520.539s][info][gc,heap        ] GC(1927) ParOldGen: 5108895K(5109248K)->5201055K(5201408K)
[6520.539s][info][gc,metaspace   ] GC(1927) Metaspace: 29143K(29440K)->29143K(29440K) NonClass: 24252K(24384K)->24252K(24384K) Class: 4890K(5056K)->4890K(5056K)
[6520.539s][info][gc             ] GC(1927) Pause Young (Allocation Failure) 7557M->5223M(7654M) 105.314ms
[6520.539s][info][gc,cpu         ] GC(1927) User=0.60s Sys=0.02s Real=0.11s
. (rIR:aIR:PR = 10793:10771:10771) (tPR = 160202) [OK] 
  6520s: Performance info:
         Transaction,    Success,    Partial,     Failed,   Receipts, AvgBarcode, 
             Overall,     654628,          0,          0,     622076,      59.47, 
         Response times:
             Request,    Success,    Partial,     Failed,   SkipFail,     Probes,    Samples,      min,      p50,      p90,      p95,      p99,      max, 
       TotalPurchase,     622077,          0,          0,          0,     362064,     489766,      200,     8400,    64000,    91000,   140000,   260000,
     InStorePurchase,     326120,          0,          0,          0,     189881,     256631,      200,     8400,    64000,    91000,   140000,   260000,
      OnlinePurchase,     229580,          0,          0,          0,     133641,     180774,      300,     8500,    64000,    90000,   140000,   260000,
        InstPurchase,      66377,          0,          0,          0,      38542,      52361,      300,     8100,    64000,    92000,   140000,   260000,
          AssocOfCat,        660,          0,          0,          0,        564,        873,    21000,    46000,   103000,   133000,   179520,   218000,
      AssocOfProduct,       6568,          0,          0,          0,       3824,       5450,      800,     8400,    61000,    85000,   138000,   260000,
      BusinessReport,       1637,          0,          0,          0,       1491,       2205,    27000,    58000,   123000,   156000,   206000,   262000,
          CustBuyBeh,       6500,          0,          0,          0,       3742,       5264,      900,    10700,    72000,    96000,   145000,   225000,
       ProductReturn,      17188,          0,          0,          0,       9494,      13351,      200,     8300,    63000,    88000,   139000,   211000,

  6520s: (79%)   IR =  10931 .[6522.298s][info][gc,start       ] GC(1928) Pause Young (Allocation Failure)
[6522.401s][info][gc,heap        ] GC(1928) PSYoungGen: 2627124K(2636288K)->144836K(2636800K) Eden: 2479104K(2479104K)->0K(2479104K) From: 148020K(157184K)->144836K(157696K)
[6522.401s][info][gc,heap        ] GC(1928) ParOldGen: 5201055K(5201408K)->5293999K(5294080K)
[6522.401s][info][gc,metaspace   ] GC(1928) Metaspace: 29143K(29440K)->29143K(29440K) NonClass: 24252K(24384K)->24252K(24384K) Class: 4890K(5056K)->4890K(5056K)
[6522.401s][info][gc             ] GC(1928) Pause Young (Allocation Failure) 7644M->5311M(7745M) 102.587ms
[6522.401s][info][gc,cpu         ] GC(1928) User=0.58s Sys=0.04s Real=0.11s
..[6524.111s][info][gc,start       ] GC(1929) Pause Young (Allocation Failure)
[6524.216s][info][gc,heap        ] GC(1929) PSYoungGen: 2623940K(2636800K)->153236K(2636288K) Eden: 2479104K(2479104K)->0K(2478592K) From: 144836K(157696K)->153236K(157696K)
[6524.216s][info][gc,heap        ] GC(1929) ParOldGen: 5293999K(5294080K)->5385759K(5386240K)
[6524.216s][info][gc,metaspace   ] GC(1929) Metaspace: 29143K(29440K)->29143K(29440K) NonClass: 24252K(24384K)->24252K(24384K) Class: 4890K(5056K)->4890K(5056K)
[6524.216s][info][gc             ] GC(1929) Pause Young (Allocation Failure) 7732M->5409M(7834M) 105.174ms
[6524.216s][info][gc,cpu         ] GC(1929) User=0.59s Sys=0.04s Real=0.10s
.[6525.862s][info][gc,start       ] GC(1930) Pause Young (Allocation Failure)
[6525.964s][info][gc,heap        ] GC(1930) PSYoungGen: 2631828K(2636288K)->145312K(2637312K) Eden: 2478592K(2478592K)->0K(2478592K) From: 153236K(157696K)->145312K(158720K)
[6525.964s][info][gc,heap        ] GC(1930) ParOldGen: 5385759K(5386240K)->5477583K(5477888K)
[6525.964s][info][gc,metaspace   ] GC(1930) Metaspace: 29143K(29440K)->29143K(29440K) NonClass: 24252K(24384K)->24252K(24384K) Class: 4890K(5056K)->4890K(5056K)
[6525.964s][info][gc             ] GC(1930) Pause Young (Allocation Failure) 7829M->5491M(7925M) 102.115ms
[6525.964s][info][gc,cpu         ] GC(1930) User=0.57s Sys=0.03s Real=0.10s
..[6527.633s][info][gc,start       ] GC(1931) Pause Young (Allocation Failure)
[6527.735s][info][gc,heap        ] GC(1931) PSYoungGen: 2623904K(2637312K)->144128K(2635776K) Eden: 2478592K(2478592K)->0K(2479104K) From: 145312K(158720K)->144128K(156672K)
[6527.735s][info][gc,heap        ] GC(1931) ParOldGen: 5477583K(5477888K)->5568895K(5569024K)
[6527.735s][info][gc,metaspace   ] GC(1931) Metaspace: 29143K(29440K)->29143K(29440K) NonClass: 24252K(24384K)->24252K(24384K) Class: 4890K(5056K)->4890K(5056K)
[6527.735s][info][gc             ] GC(1931) Pause Young (Allocation Failure) 7911M->5579M(8012M) 101.873ms
[6527.735s][info][gc,cpu         ] GC(1931) User=0.57s Sys=0.04s Real=0.10s
..[6529.523s][info][gc,start       ] GC(1932) Pause Full (Allocation Failure)
[6529.523s][info][gc,phases,start] GC(1932) Marking Phase
[6529.819s][info][gc,phases      ] GC(1932) Marking Phase 296.181ms
[6529.819s][info][gc,phases,start] GC(1932) Summary Phase
[6529.819s][info][gc,phases      ] GC(1932) Summary Phase 0.101ms
[6529.819s][info][gc,phases,start] GC(1932) Forward
[6529.947s][info][gc,phases      ] GC(1932) Forward 127.564ms
[6529.947s][info][gc,phases,start] GC(1932) Adjust Pointers
[6530.148s][info][gc,phases      ] GC(1932) Adjust Pointers 201.587ms
[6530.149s][info][gc,phases,start] GC(1932) Compaction Phase
[6530.277s][info][gc,phases      ] GC(1932) Compaction Phase 128.534ms
[6530.279s][info][gc,phases,start] GC(1932) Post Compact
[6530.286s][info][gc,phases      ] GC(1932) Post Compact 6.840ms
[6530.433s][info][gc,heap        ] GC(1932) PSYoungGen: 2623232K(2635776K)->0K(2636800K) Eden: 2479104K(2479104K)->0K(2479104K) From: 144128K(156672K)->0K(157696K)
[6530.433s][info][gc,heap        ] GC(1932) ParOldGen: 5568895K(5569024K)->1433713K(1738240K)
[6530.433s][info][gc,metaspace   ] GC(1932) Metaspace: 29143K(29440K)->29143K(29440K) NonClass: 24252K(24384K)->24252K(24384K) Class: 4890K(5056K)->4890K(5056K)
[6530.433s][info][gc             ] GC(1932) Pause Full (Allocation Failure) 8000M->1400M(4272M) 910.375ms
[6530.433s][info][gc,cpu         ] GC(1932) User=4.09s Sys=0.15s Real=0.91s
..[6531.880s][info][gc,start       ] GC(1933) Pause Young (Allocation Failure)
[6531.948s][info][gc,heap        ] GC(1933) PSYoungGen: 2479104K(2636800K)->152752K(2636288K) Eden: 2479104K(2479104K)->0K(2478592K) From: 0K(157696K)->152752K(157696K)
[6531.948s][info][gc,heap        ] GC(1933) ParOldGen: 1433713K(1738240K)->1433713K(1738240K)
[6531.948s][info][gc,metaspace   ] GC(1933) Metaspace: 29143K(29440K)->29143K(29440K) NonClass: 24252K(24384K)->24252K(24384K) Class: 4890K(5056K)->4890K(5056K)
[6531.948s][info][gc             ] GC(1933) Pause Young (Allocation Failure) 3821M->1549M(4272M) 68.011ms
[6531.948s][info][gc,cpu         ] GC(1933) User=0.40s Sys=0.00s Real=0.06s
.[6533.443s][info][gc,start       ] GC(1934) Pause Young (Allocation Failure)
[6533.536s][info][gc,heap        ] GC(1934) PSYoungGen: 2631344K(2636288K)->139040K(2617856K) Eden: 2478592K(2478592K)->0K(2478592K) From: 152752K(157696K)->139040K(139264K)
[6533.536s][info][gc,heap        ] GC(1934) ParOldGen: 1433713K(1738240K)->1531489K(1738240K)
[6533.536s][info][gc,metaspace   ] GC(1934) Metaspace: 29143K(29440K)->29143K(29440K) NonClass: 24252K(24384K)->24252K(24384K) Class: 4890K(5056K)->4890K(5056K)
[6533.536s][info][gc             ] GC(1934) Pause Young (Allocation Failure) 3969M->1631M(4254M) 93.265ms
[6533.536s][info][gc,cpu         ] GC(1934) User=0.55s Sys=0.00s Real=0.09s
.[6535.110s][info][gc,start       ] GC(1935) Pause Young (Allocation Failure)
[6535.207s][info][gc,heap        ] GC(1935) PSYoungGen: 2617632K(2617856K)->151488K(2635776K) Eden: 2478592K(2478592K)->0K(2476544K) From: 139040K(139264K)->151488K(159232K)
[6535.207s][info][gc,heap        ] GC(1935) ParOldGen: 1531489K(1738240K)->1620809K(1738240K)
[6535.207s][info][gc,metaspace   ] GC(1935) Metaspace: 29143K(29440K)->29143K(29440K) NonClass: 24252K(24384K)->24252K(24384K) Class: 4890K(5056K)->4890K(5056K)
[6535.207s][info][gc             ] GC(1935) Pause Young (Allocation Failure) 4051M->1730M(4271M) 97.386ms
[6535.207s][info][gc,cpu         ] GC(1935) User=0.58s Sys=0.00s Real=0.09s
..[6536.980s][info][gc,start       ] GC(1936) Pause Young (Allocation Failure)
[6537.077s][info][gc,heap        ] GC(1936) PSYoungGen: 2628032K(2635776K)->150451K(2636288K) Eden: 2476544K(2476544K)->0K(2476544K) From: 151488K(159232K)->150451K(159744K)
[6537.077s][info][gc,heap        ] GC(1936) ParOldGen: 1620809K(1738240K)->1712569K(1738240K)
[6537.077s][info][gc,metaspace   ] GC(1936) Metaspace: 29143K(29440K)->29143K(29440K) NonClass: 24252K(24384K)->24252K(24384K) Class: 4890K(5056K)->4890K(5056K)
[6537.077s][info][gc             ] GC(1936) Pause Young (Allocation Failure) 4149M->1819M(4272M) 96.480ms
[6537.077s][info][gc,cpu         ] GC(1936) User=0.57s Sys=0.00s Real=0.09s
..[6538.944s][info][gc,start       ] GC(1937) Pause Young (Allocation Failure)
[6539.045s][info][gc,heap        ] GC(1937) PSYoungGen: 2626995K(2636288K)->148309K(2634240K) Eden: 2476544K(2476544K)->0K(2477056K) From: 150451K(159744K)->148309K(157184K)
[6539.045s][info][gc,heap        ] GC(1937) ParOldGen: 1712569K(1738240K)->1805953K(1806336K)
[6539.045s][info][gc,metaspace   ] GC(1937) Metaspace: 29143K(29440K)->29143K(29440K) NonClass: 24252K(24384K)->24252K(24384K) Class: 4890K(5056K)->4890K(5056K)
[6539.045s][info][gc             ] GC(1937) Pause Young (Allocation Failure) 4237M->1908M(4336M) 100.554ms
[6539.045s][info][gc,cpu         ] GC(1937) User=0.57s Sys=0.02s Real=0.10s
.|.[6540.788s][info][gc,start       ] GC(1938) Pause Young (Allocation Failure)
[6540.890s][info][gc,heap        ] GC(1938) PSYoungGen: 2625365K(2634240K)->148453K(2635264K) Eden: 2477056K(2477056K)->0K(2477056K) From: 148309K(157184K)->148453K(158208K)
[6540.890s][info][gc,heap        ] GC(1938) ParOldGen: 1805953K(1806336K)->1898577K(1899008K)
[6540.890s][info][gc,metaspace   ] GC(1938) Metaspace: 29143K(29440K)->29143K(29440K) NonClass: 24252K(24384K)->24252K(24384K) Class: 4890K(5056K)->4890K(5056K)
[6540.890s][info][gc             ] GC(1938) Pause Young (Allocation Failure) 4327M->1999M(4428M) 102.009ms
[6540.890s][info][gc,cpu         ] GC(1938) User=0.57s Sys=0.03s Real=0.11s
..[6542.630s][info][gc,start       ] GC(1939) Pause Young (Allocation Failure)
[6542.730s][info][gc,heap        ] GC(1939) PSYoungGen: 2625509K(2635264K)->149248K(2636288K) Eden: 2477056K(2477056K)->0K(2480128K) From: 148453K(158208K)->149248K(156160K)
[6542.730s][info][gc,heap        ] GC(1939) ParOldGen: 1898577K(1899008K)->1989769K(1990144K)
[6542.730s][info][gc,metaspace   ] GC(1939) Metaspace: 29143K(29440K)->29143K(29440K) NonClass: 24252K(24384K)->24252K(24384K) Class: 4890K(5056K)->4890K(5056K)
[6542.730s][info][gc             ] GC(1939) Pause Young (Allocation Failure) 4418M->2088M(4518M) 100.821ms
[6542.730s][info][gc,cpu         ] GC(1939) User=0.57s Sys=0.03s Real=0.10s
..[6544.494s][info][gc,start       ] GC(1940) Pause Young (Allocation Failure)
[6544.596s][info][gc,heap        ] GC(1940) PSYoungGen: 2629376K(2636288K)->144884K(2637312K) Eden: 2480128K(2480128K)->0K(2480128K) From: 149248K(156160K)->144884K(157184K)
[6544.596s][info][gc,heap        ] GC(1940) ParOldGen: 1989769K(1990144K)->2087337K(2087424K)
[6544.596s][info][gc,metaspace   ] GC(1940) Metaspace: 29143K(29440K)->29143K(29440K) NonClass: 24252K(24384K)->24252K(24384K) Class: 4890K(5056K)->4890K(5056K)
[6544.596s][info][gc             ] GC(1940) Pause Young (Allocation Failure) 4510M->2179M(4614M) 102.674ms
[6544.596s][info][gc,cpu         ] GC(1940) User=0.57s Sys=0.03s Real=0.10s
..[6546.354s][info][gc,start       ] GC(1941) Pause Young (Allocation Failure)
[6546.448s][info][gc,heap        ] GC(1941) PSYoungGen: 2625012K(2637312K)->134304K(2636288K) Eden: 2480128K(2480128K)->0K(2479616K) From: 144884K(157184K)->134304K(156672K)
[6546.448s][info][gc,heap        ] GC(1941) ParOldGen: 2087337K(2087424K)->2178081K(2178560K)
[6546.448s][info][gc,metaspace   ] GC(1941) Metaspace: 29143K(29440K)->29143K(29440K) NonClass: 24252K(24384K)->24252K(24384K) Class: 4890K(5056K)->4890K(5056K)
[6546.448s][info][gc             ] GC(1941) Pause Young (Allocation Failure) 4601M->2258M(4702M) 94.129ms
[6546.449s][info][gc,cpu         ] GC(1941) User=0.53s Sys=0.02s Real=0.10s
.[6548.214s][info][gc,start       ] GC(1942) Pause Young (Allocation Failure)
[6548.319s][info][gc,heap        ] GC(1942) PSYoungGen: 2613920K(2636288K)->158192K(2637824K) Eden: 2479616K(2479616K)->0K(2479616K) From: 134304K(156672K)->158192K(158208K)
[6548.319s][info][gc,heap        ] GC(1942) ParOldGen: 2178081K(2178560K)->2269465K(2269696K)
[6548.319s][info][gc,metaspace   ] GC(1942) Metaspace: 29143K(29440K)->29143K(29440K) NonClass: 24252K(24384K)->24252K(24384K) Class: 4890K(5056K)->4890K(5056K)
[6548.319s][info][gc             ] GC(1942) Pause Young (Allocation Failure) 4679M->2370M(4792M) 104.904ms
[6548.319s][info][gc,cpu         ] GC(1942) User=0.59s Sys=0.03s Real=0.11s
..[6550.035s][info][gc,start       ] GC(1943) Pause Young (Allocation Failure)
[6550.135s][info][gc,heap        ] GC(1943) PSYoungGen: 2637808K(2637824K)->148128K(2568192K) Eden: 2479616K(2479616K)->0K(2409984K) From: 158192K(158208K)->148128K(158208K)
[6550.135s][info][gc,heap        ] GC(1943) ParOldGen: 2269465K(2269696K)->2361785K(2361856K)
[6550.135s][info][gc,metaspace   ] GC(1943) Metaspace: 29143K(29440K)->29143K(29440K) NonClass: 24252K(24384K)->24252K(24384K) Class: 4890K(5056K)->4890K(5056K)
[6550.135s][info][gc             ] GC(1943) Pause Young (Allocation Failure) 4792M->2451M(4814M) 100.889ms
[6550.136s][info][gc,cpu         ] GC(1943) User=0.57s Sys=0.03s Real=0.10s
..[6551.882s][info][gc,start       ] GC(1944) Pause Young (Allocation Failure)
[6551.984s][info][gc,heap        ] GC(1944) PSYoungGen: 2558112K(2568192K)->149588K(2603008K) Eden: 2409984K(2409984K)->0K(2409984K) From: 148128K(158208K)->149588K(193024K)
[6551.984s][info][gc,heap        ] GC(1944) ParOldGen: 2361785K(2361856K)->2455129K(2455552K)
[6551.984s][info][gc,metaspace   ] GC(1944) Metaspace: 29143K(29440K)->29143K(29440K) NonClass: 24252K(24384K)->24252K(24384K) Class: 4890K(5056K)->4890K(5056K)
[6551.984s][info][gc             ] GC(1944) Pause Young (Allocation Failure) 4804M->2543M(4940M) 102.625ms
[6551.984s][info][gc,cpu         ] GC(1944) User=0.58s Sys=0.03s Real=0.10s
..[6553.595s][info][gc,start       ] GC(1945) Pause Young (Allocation Failure)
[6553.693s][info][gc,heap        ] GC(1945) PSYoungGen: 2559572K(2603008K)->138688K(2598400K) Eden: 2409984K(2409984K)->0K(2412544K) From: 149588K(193024K)->138688K(185856K)
[6553.693s][info][gc,heap        ] GC(1945) ParOldGen: 2455129K(2455552K)->2548225K(2548736K)
[6553.693s][info][gc,metaspace   ] GC(1945) Metaspace: 29143K(29440K)->29143K(29440K) NonClass: 24252K(24384K)->24252K(24384K) Class: 4890K(5056K)->4890K(5056K)
[6553.693s][info][gc             ] GC(1945) Pause Young (Allocation Failure) 4897M->2623M(5026M) 97.252ms
[6553.693s][info][gc,cpu         ] GC(1945) User=0.54s Sys=0.04s Real=0.10s
..[6555.557s][info][gc,start       ] GC(1946) Pause Young (Allocation Failure)
[6555.655s][info][gc,heap        ] GC(1946) PSYoungGen: 2551232K(2598400K)->140480K(2601984K) Eden: 2412544K(2412544K)->0K(2412544K) From: 138688K(185856K)->140480K(189440K)
[6555.655s][info][gc,heap        ] GC(1946) ParOldGen: 2548225K(2548736K)->2637449K(2637824K)
[6555.655s][info][gc,metaspace   ] GC(1946) Metaspace: 29143K(29440K)->29143K(29440K) NonClass: 24252K(24384K)->24252K(24384K) Class: 4890K(5056K)->4890K(5056K)
[6555.655s][info][gc             ] GC(1946) Pause Young (Allocation Failure) 4979M->2712M(5117M) 98.358ms
[6555.655s][info][gc,cpu         ] GC(1946) User=0.56s Sys=0.02s Real=0.10s
.[6557.355s][info][gc,start       ] GC(1947) Pause Young (Allocation Failure)
[6557.452s][info][gc,heap        ] GC(1947) PSYoungGen: 2553024K(2601984K)->138100K(2603520K) Eden: 2412544K(2412544K)->0K(2418176K) From: 140480K(189440K)->138100K(185344K)
[6557.452s][info][gc,heap        ] GC(1947) ParOldGen: 2637449K(2637824K)->2728785K(2728960K)
[6557.452s][info][gc,metaspace   ] GC(1947) Metaspace: 29143K(29440K)->29143K(29440K) NonClass: 24252K(24384K)->24252K(24384K) Class: 4890K(5056K)->4890K(5056K)
[6557.452s][info][gc             ] GC(1947) Pause Young (Allocation Failure) 5068M->2799M(5207M) 96.535ms
[6557.452s][info][gc,cpu         ] GC(1947) User=0.55s Sys=0.03s Real=0.10s
..[6559.262s][info][gc,start       ] GC(1948) Pause Young (Allocation Failure)
[6559.364s][info][gc,heap        ] GC(1948) PSYoungGen: 2556276K(2603520K)->147636K(2605568K) Eden: 2418176K(2418176K)->0K(2418176K) From: 138100K(185344K)->147636K(187392K)
[6559.364s][info][gc,heap        ] GC(1948) ParOldGen: 2728785K(2728960K)->2817921K(2818048K)
[6559.364s][info][gc,metaspace   ] GC(1948) Metaspace: 29143K(29440K)->29143K(29440K) NonClass: 24252K(24384K)->24252K(24384K) Class: 4890K(5056K)->4890K(5056K)
[6559.364s][info][gc             ] GC(1948) Pause Young (Allocation Failure) 5161M->2896M(5296M) 101.645ms
[6559.364s][info][gc,cpu         ] GC(1948) User=0.58s Sys=0.02s Real=0.10s
..[6561.051s][info][gc,start       ] GC(1949) Pause Young (Allocation Failure)
[6561.150s][info][gc,heap        ] GC(1949) PSYoungGen: 2565812K(2605568K)->146272K(2604544K) Eden: 2418176K(2418176K)->0K(2424320K) From: 147636K(187392K)->146272K(180224K)
[6561.150s][info][gc,heap        ] GC(1949) ParOldGen: 2817921K(2818048K)->2908345K(2908672K)
[6561.150s][info][gc,metaspace   ] GC(1949) Metaspace: 29143K(29440K)->29143K(29440K) NonClass: 24252K(24384K)->24252K(24384K) Class: 4890K(5056K)->4890K(5056K)
[6561.150s][info][gc             ] GC(1949) Pause Young (Allocation Failure) 5257M->2983M(5384M) 98.993ms
[6561.150s][info][gc,cpu         ] GC(1949) User=0.55s Sys=0.02s Real=0.10s
..[6562.882s][info][gc,start       ] GC(1950) Pause Young (Allocation Failure)
[6562.983s][info][gc,heap        ] GC(1950) PSYoungGen: 2570592K(2604544K)->145600K(2606080K) Eden: 2424320K(2424320K)->0K(2424320K) From: 146272K(180224K)->145600K(181760K)
[6562.983s][info][gc,heap        ] GC(1950) ParOldGen: 2908345K(2908672K)->3001129K(3001344K)
[6562.983s][info][gc,metaspace   ] GC(1950) Metaspace: 29143K(29440K)->29143K(29440K) NonClass: 24252K(24384K)->24252K(24384K) Class: 4890K(5056K)->4890K(5056K)
[6562.983s][info][gc             ] GC(1950) Pause Young (Allocation Failure) 5350M->3072M(5476M) 100.510ms
[6562.983s][info][gc,cpu         ] GC(1950) User=0.56s Sys=0.03s Real=0.10s
..[6564.679s][info][gc,start       ] GC(1951) Pause Young (Allocation Failure)
[6564.779s][info][gc,heap        ] GC(1951) PSYoungGen: 2569920K(2606080K)->143808K(2611200K) Eden: 2424320K(2424320K)->0K(2435072K) From: 145600K(181760K)->143808K(176128K)
[6564.779s][info][gc,heap        ] GC(1951) ParOldGen: 3001129K(3001344K)->3090113K(3090432K)
[6564.779s][info][gc,metaspace   ] GC(1951) Metaspace: 29143K(29440K)->29143K(29440K) NonClass: 24252K(24384K)->24252K(24384K) Class: 4890K(5056K)->4890K(5056K)
[6564.779s][info][gc             ] GC(1951) Pause Young (Allocation Failure) 5440M->3158M(5568M) 100.353ms
[6564.779s][info][gc,cpu         ] GC(1951) User=0.56s Sys=0.02s Real=0.10s
..[6566.626s][info][gc,start       ] GC(1952) Pause Young (Allocation Failure)
[6566.727s][info][gc,heap        ] GC(1952) PSYoungGen: 2578880K(2611200K)->143254K(2612224K) Eden: 2435072K(2435072K)->0K(2435072K) From: 143808K(176128K)->143254K(177152K)
[6566.727s][info][gc,heap        ] GC(1952) ParOldGen: 3090113K(3090432K)->3181401K(3181568K)
[6566.727s][info][gc,metaspace   ] GC(1952) Metaspace: 29143K(29440K)->29143K(29440K) NonClass: 24252K(24384K)->24252K(24384K) Class: 4890K(5056K)->4890K(5056K)
[6566.727s][info][gc             ] GC(1952) Pause Young (Allocation Failure) 5536M->3246M(5658M) 100.546ms
[6566.727s][info][gc,cpu         ] GC(1952) User=0.58s Sys=0.02s Real=0.10s
.[6568.492s][info][gc,start       ] GC(1953) Pause Young (Allocation Failure)
[6568.592s][info][gc,heap        ] GC(1953) PSYoungGen: 2578326K(2612224K)->142276K(2616320K) Eden: 2435072K(2435072K)->0K(2443264K) From: 143254K(177152K)->142276K(173056K)
[6568.592s][info][gc,heap        ] GC(1953) ParOldGen: 3181401K(3181568K)->3272769K(3273216K)
[6568.592s][info][gc,metaspace   ] GC(1953) Metaspace: 29143K(29440K)->29143K(29440K) NonClass: 24252K(24384K)->24252K(24384K) Class: 4890K(5056K)->4890K(5056K)
[6568.592s][info][gc             ] GC(1953) Pause Young (Allocation Failure) 5624M->3335M(5751M) 99.897ms
[6568.592s][info][gc,cpu         ] GC(1953) User=0.57s Sys=0.02s Real=0.10s
..[6570.338s][info][gc,start       ] GC(1954) Pause Young (Allocation Failure)
[6570.441s][info][gc,heap        ] GC(1954) PSYoungGen: 2585540K(2616320K)->147061K(2617344K) Eden: 2443264K(2443264K)->0K(2443264K) From: 142276K(173056K)->147061K(174080K)
[6570.441s][info][gc,heap        ] GC(1954) ParOldGen: 3272769K(3273216K)->3364561K(3364864K)
[6570.441s][info][gc,metaspace   ] GC(1954) Metaspace: 29143K(29440K)->29143K(29440K) NonClass: 24252K(24384K)->24252K(24384K) Class: 4890K(5056K)->4890K(5056K)
[6570.441s][info][gc             ] GC(1954) Pause Young (Allocation Failure) 5721M->3429M(5842M) 103.600ms
[6570.441s][info][gc,cpu         ] GC(1954) User=0.58s Sys=0.04s Real=0.11s
..[6572.177s][info][gc,start       ] GC(1955) Pause Young (Allocation Failure)
[6572.279s][info][gc,heap        ] GC(1955) PSYoungGen: 2590325K(2617344K)->147520K(2618368K) Eden: 2443264K(2443264K)->0K(2450432K) From: 147061K(174080K)->147520K(167936K)
[6572.279s][info][gc,heap        ] GC(1955) ParOldGen: 3364561K(3364864K)->3456185K(3456512K)
[6572.279s][info][gc,metaspace   ] GC(1955) Metaspace: 29143K(29440K)->29143K(29440K) NonClass: 24252K(24384K)->24252K(24384K) Class: 4890K(5056K)->4890K(5056K)
[6572.279s][info][gc             ] GC(1955) Pause Young (Allocation Failure) 5815M->3519M(5932M) 101.261ms
[6572.279s][info][gc,cpu         ] GC(1955) User=0.57s Sys=0.03s Real=0.11s
..[6574.031s][info][gc,start       ] GC(1956) Pause Young (Allocation Failure)
[6574.138s][info][gc,heap        ] GC(1956) PSYoungGen: 2597952K(2618368K)->160400K(2619392K) Eden: 2450432K(2450432K)->0K(2450432K) From: 147520K(167936K)->160400K(168960K)
[6574.138s][info][gc,heap        ] GC(1956) ParOldGen: 3456185K(3456512K)->3543713K(3544064K)
[6574.138s][info][gc,metaspace   ] GC(1956) Metaspace: 29143K(29440K)->29143K(29440K) NonClass: 24252K(24384K)->24252K(24384K) Class: 4890K(5056K)->4890K(5056K)
[6574.138s][info][gc             ] GC(1956) Pause Young (Allocation Failure) 5912M->3617M(6019M) 106.954ms
[6574.138s][info][gc,cpu         ] GC(1956) User=0.60s Sys=0.03s Real=0.10s
..[6575.877s][info][gc,start       ] GC(1957) Pause Young (Allocation Failure)
[6575.979s][info][gc,heap        ] GC(1957) PSYoungGen: 2610832K(2619392K)->148164K(2625024K) Eden: 2450432K(2450432K)->0K(2455040K) From: 160400K(168960K)->148164K(169984K)
[6575.979s][info][gc,heap        ] GC(1957) ParOldGen: 3543713K(3544064K)->3637505K(3637760K)
[6575.979s][info][gc,metaspace   ] GC(1957) Metaspace: 29143K(29440K)->29143K(29440K) NonClass: 24252K(24384K)->24252K(24384K) Class: 4890K(5056K)->4890K(5056K)
[6575.979s][info][gc             ] GC(1957) Pause Young (Allocation Failure) 6010M->3696M(6116M) 102.585ms
[6575.979s][info][gc,cpu         ] GC(1957) User=0.58s Sys=0.03s Real=0.11s
.[6577.678s][info][gc,start       ] GC(1958) Pause Young (Allocation Failure)
[6577.782s][info][gc,heap        ] GC(1958) PSYoungGen: 2603204K(2625024K)->150896K(2624512K) Eden: 2455040K(2455040K)->0K(2455040K) From: 148164K(169984K)->150896K(169472K)
[6577.782s][info][gc,heap        ] GC(1958) ParOldGen: 3637505K(3637760K)->3730137K(3730432K)
[6577.782s][info][gc,metaspace   ] GC(1958) Metaspace: 29143K(29440K)->29143K(29440K) NonClass: 24252K(24384K)->24252K(24384K) Class: 4890K(5056K)->4890K(5056K)
[6577.782s][info][gc             ] GC(1958) Pause Young (Allocation Failure) 6094M->3790M(6206M) 103.865ms
[6577.782s][info][gc,cpu         ] GC(1958) User=0.59s Sys=0.03s Real=0.10s
..[6579.531s][info][gc,start       ] GC(1959) Pause Young (Allocation Failure)
[6579.636s][info][gc,heap        ] GC(1959) PSYoungGen: 2605936K(2624512K)->151738K(2625536K) Eden: 2455040K(2455040K)->0K(2457600K) From: 150896K(169472K)->151738K(167936K)
[6579.636s][info][gc,heap        ] GC(1959) ParOldGen: 3730137K(3730432K)->3822361K(3822592K)
[6579.636s][info][gc,metaspace   ] GC(1959) Metaspace: 29143K(29440K)->29143K(29440K) NonClass: 24252K(24384K)->24252K(24384K) Class: 4890K(5056K)->4890K(5056K)
[6579.636s][info][gc             ] GC(1959) Pause Young (Allocation Failure) 6187M->3880M(6297M) 104.816ms
[6579.636s][info][gc,cpu         ] GC(1959) User=0.60s Sys=0.02s Real=0.10s
..[6581.322s][info][gc,start       ] GC(1960) Pause Young (Allocation Failure)
[6581.420s][info][gc,heap        ] GC(1960) PSYoungGen: 2609338K(2625536K)->137536K(2625024K) Eden: 2457600K(2457600K)->0K(2457600K) From: 151738K(167936K)->137536K(167424K)
[6581.420s][info][gc,heap        ] GC(1960) ParOldGen: 3822361K(3822592K)->3912833K(3913216K)
[6581.420s][info][gc,metaspace   ] GC(1960) Metaspace: 29143K(29440K)->29143K(29440K) NonClass: 24252K(24384K)->24252K(24384K) Class: 4890K(5056K)->4890K(5056K)
[6581.420s][info][gc             ] GC(1960) Pause Young (Allocation Failure) 6280M->3955M(6385M) 97.281ms
[6581.420s][info][gc,cpu         ] GC(1960) User=0.54s Sys=0.03s Real=0.10s
..[6583.077s][info][gc,start       ] GC(1961) Pause Young (Allocation Failure)
[6583.187s][info][gc,heap        ] GC(1961) PSYoungGen: 2595136K(2625024K)->159968K(2623488K) Eden: 2457600K(2457600K)->0K(2456064K) From: 137536K(167424K)->159968K(167424K)
[6583.187s][info][gc,heap        ] GC(1961) ParOldGen: 3912833K(3913216K)->4004497K(4004864K)
[6583.187s][info][gc,metaspace   ] GC(1961) Metaspace: 29143K(29440K)->29143K(29440K) NonClass: 24252K(24384K)->24252K(24384K) Class: 4890K(5056K)->4890K(5056K)
[6583.187s][info][gc             ] GC(1961) Pause Young (Allocation Failure) 6355M->4066M(6473M) 109.993ms
[6583.187s][info][gc,cpu         ] GC(1961) User=0.63s Sys=0.02s Real=0.11s
.[6584.890s][info][gc,start       ] GC(1962) Pause Young (Allocation Failure)
[6585.001s][info][gc,heap        ] GC(1962) PSYoungGen: 2616032K(2623488K)->158716K(2614784K) Eden: 2456064K(2456064K)->0K(2456064K) From: 159968K(167424K)->158716K(158720K)
[6585.001s][info][gc,heap        ] GC(1962) ParOldGen: 4004497K(4004864K)->4097481K(4097536K)
[6585.001s][info][gc,metaspace   ] GC(1962) Metaspace: 29143K(29440K)->29143K(29440K) NonClass: 24252K(24384K)->24252K(24384K) Class: 4890K(5056K)->4890K(5056K)
[6585.001s][info][gc             ] GC(1962) Pause Young (Allocation Failure) 6465M->4156M(6555M) 110.607ms
[6585.001s][info][gc,cpu         ] GC(1962) User=0.63s Sys=0.03s Real=0.11s
..[6586.740s][info][gc,start       ] GC(1963) Pause Young (Allocation Failure)
[6586.839s][info][gc,heap        ] GC(1963) PSYoungGen: 2614780K(2614784K)->142080K(2625024K) Eden: 2456064K(2456064K)->0K(2453504K) From: 158716K(158720K)->142080K(171520K)
[6586.839s][info][gc,heap        ] GC(1963) ParOldGen: 4097481K(4097536K)->4188353K(4188672K)
[6586.839s][info][gc,metaspace   ] GC(1963) Metaspace: 29143K(29440K)->29143K(29440K) NonClass: 24252K(24384K)->24252K(24384K) Class: 4890K(5056K)->4890K(5056K)
[6586.839s][info][gc             ] GC(1963) Pause Young (Allocation Failure) 6554M->4228M(6654M) 99.353ms
[6586.839s][info][gc,cpu         ] GC(1963) User=0.55s Sys=0.03s Real=0.10s
..[6588.555s][info][gc,start       ] GC(1964) Pause Young (Allocation Failure)
[6588.656s][info][gc,heap        ] GC(1964) PSYoungGen: 2595584K(2625024K)->146144K(2599936K) Eden: 2453504K(2453504K)->0K(2453504K) From: 142080K(171520K)->146144K(146432K)
[6588.656s][info][gc,heap        ] GC(1964) ParOldGen: 4188353K(4188672K)->4279633K(4279808K)
[6588.656s][info][gc,metaspace   ] GC(1964) Metaspace: 29143K(29440K)->29143K(29440K) NonClass: 24252K(24384K)->24252K(24384K) Class: 4890K(5056K)->4890K(5056K)
[6588.656s][info][gc             ] GC(1964) Pause Young (Allocation Failure) 6624M->4322M(6718M) 101.087ms
[6588.656s][info][gc,cpu         ] GC(1964) User=0.56s Sys=0.04s Real=0.10s
..[6590.372s][info][gc,start       ] GC(1965) Pause Young (Allocation Failure)
[6590.469s][info][gc,heap        ] GC(1965) PSYoungGen: 2599648K(2599936K)->135200K(2622976K) Eden: 2453504K(2453504K)->0K(2453504K) From: 146144K(146432K)->135200K(169472K)
[6590.469s][info][gc,heap        ] GC(1965) ParOldGen: 4279633K(4279808K)->4373873K(4374016K)
[6590.469s][info][gc,metaspace   ] GC(1965) Metaspace: 29143K(29440K)->29143K(29440K) NonClass: 24252K(24384K)->24252K(24384K) Class: 4890K(5056K)->4890K(5056K)
[6590.470s][info][gc             ] GC(1965) Pause Young (Allocation Failure) 6718M->4403M(6833M) 97.919ms
[6590.470s][info][gc,cpu         ] GC(1965) User=0.55s Sys=0.03s Real=0.10s
..[6592.246s][info][gc,start       ] GC(1966) Pause Young (Allocation Failure)
[6592.346s][info][gc,heap        ] GC(1966) PSYoungGen: 2588704K(2622976K)->142345K(2622976K) Eden: 2453504K(2453504K)->0K(2453504K) From: 135200K(169472K)->142345K(169472K)
[6592.346s][info][gc,heap        ] GC(1966) ParOldGen: 4373873K(4374016K)->4463601K(4463616K)
[6592.346s][info][gc,metaspace   ] GC(1966) Metaspace: 29143K(29440K)->29143K(29440K) NonClass: 24252K(24384K)->24252K(24384K) Class: 4890K(5056K)->4890K(5056K)
[6592.346s][info][gc             ] GC(1966) Pause Young (Allocation Failure) 6799M->4497M(6920M) 100.651ms
[6592.346s][info][gc,cpu         ] GC(1966) User=0.57s Sys=0.03s Real=0.10s
.[6594.043s][info][gc,start       ] GC(1967) Pause Young (Allocation Failure)
[6594.149s][info][gc,heap        ] GC(1967) PSYoungGen: 2595849K(2622976K)->155061K(2625024K) Eden: 2453504K(2453504K)->0K(2456576K) From: 142345K(169472K)->155061K(168448K)
[6594.149s][info][gc,heap        ] GC(1967) ParOldGen: 4463601K(4463616K)->4556321K(4556800K)
[6594.149s][info][gc,metaspace   ] GC(1967) Metaspace: 29143K(29440K)->29143K(29440K) NonClass: 24252K(24384K)->24252K(24384K) Class: 4890K(5056K)->4890K(5056K)
[6594.149s][info][gc             ] GC(1967) Pause Young (Allocation Failure) 6893M->4600M(7013M) 105.999ms
[6594.149s][info][gc,cpu         ] GC(1967) User=0.59s Sys=0.03s Real=0.11s
..[6595.849s][info][gc,start       ] GC(1968) Pause Young (Allocation Failure)
[6595.950s][info][gc,heap        ] GC(1968) PSYoungGen: 2611637K(2625024K)->144320K(2625536K) Eden: 2456576K(2456576K)->0K(2456576K) From: 155061K(168448K)->144320K(168960K)
[6595.950s][info][gc,heap        ] GC(1968) ParOldGen: 4556321K(4556800K)->4647113K(4647424K)
[6595.950s][info][gc,metaspace   ] GC(1968) Metaspace: 29143K(29440K)->29143K(29440K) NonClass: 24252K(24384K)->24252K(24384K) Class: 4890K(5056K)->4890K(5056K)
[6595.950s][info][gc             ] GC(1968) Pause Young (Allocation Failure) 6999M->4679M(7102M) 100.867ms
[6595.950s][info][gc,cpu         ] GC(1968) User=0.57s Sys=0.03s Real=0.10s
..[6597.691s][info][gc,start       ] GC(1969) Pause Young (Allocation Failure)
[6597.798s][info][gc,heap        ] GC(1969) PSYoungGen: 2600896K(2625536K)->153248K(2626560K) Eden: 2456576K(2456576K)->0K(2458624K) From: 144320K(168960K)->153248K(167936K)
[6597.799s][info][gc,heap        ] GC(1969) ParOldGen: 4647113K(4647424K)->4740537K(4740608K)
[6597.799s][info][gc,metaspace   ] GC(1969) Metaspace: 29143K(29440K)->29143K(29440K) NonClass: 24252K(24384K)->24252K(24384K) Class: 4890K(5056K)->4890K(5056K)
[6597.799s][info][gc             ] GC(1969) Pause Young (Allocation Failure) 7078M->4779M(7194M) 107.561ms
[6597.799s][info][gc,cpu         ] GC(1969) User=0.59s Sys=0.04s Real=0.11s
..[6599.543s][info][gc,start       ] GC(1970) Pause Young (Allocation Failure)
[6599.644s][info][gc,heap        ] GC(1970) PSYoungGen: 2611872K(2626560K)->145008K(2626560K) Eden: 2458624K(2458624K)->0K(2458624K) From: 153248K(167936K)->145008K(167936K)
[6599.644s][info][gc,heap        ] GC(1970) ParOldGen: 4740537K(4740608K)->4830473K(4830720K)
[6599.644s][info][gc,metaspace   ] GC(1970) Metaspace: 29143K(29440K)->29143K(29440K) NonClass: 24252K(24384K)->24252K(24384K) Class: 4890K(5056K)->4890K(5056K)
[6599.644s][info][gc             ] GC(1970) Pause Young (Allocation Failure) 7180M->4858M(7282M) 100.941ms
[6599.644s][info][gc,cpu         ] GC(1970) User=0.57s Sys=0.04s Real=0.10s
. (rIR:aIR:PR = 10931:10944:10944) (tPR = 163631) [OK] 
  6600s: Performance info:
         Transaction,    Success,    Partial,     Failed,   Receipts, AvgBarcode, 
             Overall,     666650,          0,          0,     633600,      59.47, 
         Response times:
             Request,    Success,    Partial,     Failed,   SkipFail,     Probes,    Samples,      min,      p50,      p90,      p95,      p99,      max, 
       TotalPurchase,     633419,          0,          0,          0,     359844,     476468,      200,     9600,   101000,   201000,   585000,  1100000,
     InStorePurchase,     331121,          0,          0,          0,     189223,     250440,      300,     9800,   103000,   211000,   585000,   980000,
      OnlinePurchase,     236352,          0,          0,          0,     132320,     175525,      200,     9500,   100000,   196000,   478000,  1100000,
        InstPurchase,      65946,          0,          0,          0,      38301,      50503,      300,     9000,    99000,   200000,   670000,  1100000,
          AssocOfCat,        667,          0,          0,          0,        567,        881,    21000,    46000,   129600,   237900,   591000,   970000,
      AssocOfProduct,       6663,          0,          0,          0,       3895,       5405,      500,     9100,    95000,   214000,   620000,   720000,
      BusinessReport,       1658,          0,          0,          0,       1474,       2140,    26000,    60000,   158000,   238250,   670000,  1100000,
          CustBuyBeh,       6655,          0,          0,          0,       3912,       5419,      300,     9700,   106000,   236000,   620000,   730000,
       ProductReturn,      17620,          0,          0,          0,       9756,      13305,      200,     8000,    96000,   142000,   403000,   720000,

  6600s: (80%)   IR =  11070 .[6601.414s][info][gc,start       ] GC(1971) Pause Young (Allocation Failure)
[6601.516s][info][gc,heap        ] GC(1971) PSYoungGen: 2603632K(2626560K)->144532K(2627072K) Eden: 2458624K(2458624K)->0K(2461184K) From: 145008K(167936K)->144532K(165888K)
[6601.516s][info][gc,heap        ] GC(1971) ParOldGen: 4830473K(4830720K)->4924897K(4924928K)
[6601.516s][info][gc,metaspace   ] GC(1971) Metaspace: 29143K(29440K)->29143K(29440K) NonClass: 24252K(24384K)->24252K(24384K) Class: 4890K(5056K)->4890K(5056K)
[6601.516s][info][gc             ] GC(1971) Pause Young (Allocation Failure) 7259M->4950M(7375M) 102.381ms
[6601.516s][info][gc,cpu         ] GC(1971) User=0.58s Sys=0.03s Real=0.10s
.[6603.193s][info][gc,start       ] GC(1972) Pause Young (Allocation Failure)
[6603.295s][info][gc,heap        ] GC(1972) PSYoungGen: 2605716K(2627072K)->150336K(2626560K) Eden: 2461184K(2461184K)->0K(2461184K) From: 144532K(165888K)->150336K(165376K)
[6603.295s][info][gc,heap        ] GC(1972) ParOldGen: 4924897K(4924928K)->5013953K(5014016K)
[6603.295s][info][gc,metaspace   ] GC(1972) Metaspace: 29143K(29440K)->29143K(29440K) NonClass: 24252K(24384K)->24252K(24384K) Class: 4890K(5056K)->4890K(5056K)
[6603.295s][info][gc             ] GC(1972) Pause Young (Allocation Failure) 7354M->5043M(7461M) 101.837ms
[6603.295s][info][gc,cpu         ] GC(1972) User=0.56s Sys=0.04s Real=0.10s
..[6605.059s][info][gc,start       ] GC(1973) Pause Young (Allocation Failure)
[6605.165s][info][gc,heap        ] GC(1973) PSYoungGen: 2611520K(2626560K)->151296K(2629120K) Eden: 2461184K(2461184K)->0K(2464768K) From: 150336K(165376K)->151296K(164352K)
[6605.165s][info][gc,heap        ] GC(1973) ParOldGen: 5013953K(5014016K)->5105153K(5105664K)
[6605.165s][info][gc,metaspace   ] GC(1973) Metaspace: 29143K(29440K)->29143K(29440K) NonClass: 24252K(24384K)->24252K(24384K) Class: 4890K(5056K)->4890K(5056K)
[6605.165s][info][gc             ] GC(1973) Pause Young (Allocation Failure) 7446M->5133M(7553M) 106.449ms
[6605.165s][info][gc,cpu         ] GC(1973) User=0.60s Sys=0.03s Real=0.10s
..|[6606.879s][info][gc,start       ] GC(1974) Pause Young (Allocation Failure)
[6606.985s][info][gc,heap        ] GC(1974) PSYoungGen: 2616064K(2629120K)->150164K(2629120K) Eden: 2464768K(2464768K)->0K(2464768K) From: 151296K(164352K)->150164K(164352K)
[6606.985s][info][gc,heap        ] GC(1974) ParOldGen: 5105153K(5105664K)->5197393K(5197824K)
[6606.985s][info][gc,metaspace   ] GC(1974) Metaspace: 29143K(29440K)->29143K(29440K) NonClass: 24252K(24384K)->24252K(24384K) Class: 4890K(5056K)->4890K(5056K)
[6606.985s][info][gc             ] GC(1974) Pause Young (Allocation Failure) 7540M->5222M(7643M) 106.116ms
[6606.985s][info][gc,cpu         ] GC(1974) User=0.60s Sys=0.02s Real=0.10s
..[6608.698s][info][gc,start       ] GC(1975) Pause Young (Allocation Failure)
[6608.800s][info][gc,heap        ] GC(1975) PSYoungGen: 2614932K(2629120K)->140704K(2630656K) Eden: 2464768K(2464768K)->0K(2467328K) From: 150164K(164352K)->140704K(163328K)
[6608.800s][info][gc,heap        ] GC(1975) ParOldGen: 5197393K(5197824K)->5290737K(5291008K)
[6608.800s][info][gc,metaspace   ] GC(1975) Metaspace: 29143K(29440K)->29143K(29440K) NonClass: 24252K(24384K)->24252K(24384K) Class: 4890K(5056K)->4890K(5056K)
[6608.800s][info][gc             ] GC(1975) Pause Young (Allocation Failure) 7629M->5304M(7736M) 102.559ms
[6608.800s][info][gc,cpu         ] GC(1975) User=0.58s Sys=0.02s Real=0.11s
..[6610.543s][info][gc,start       ] GC(1976) Pause Young (Allocation Failure)
[6610.646s][info][gc,heap        ] GC(1976) PSYoungGen: 2608032K(2630656K)->145696K(2630656K) Eden: 2467328K(2467328K)->0K(2467328K) From: 140704K(163328K)->145696K(163328K)
[6610.646s][info][gc,heap        ] GC(1976) ParOldGen: 5290737K(5291008K)->5380393K(5380608K)
[6610.646s][info][gc,metaspace   ] GC(1976) Metaspace: 29143K(29440K)->29143K(29440K) NonClass: 24252K(24384K)->24252K(24384K) Class: 4890K(5056K)->4890K(5056K)
[6610.646s][info][gc             ] GC(1976) Pause Young (Allocation Failure) 7713M->5396M(7823M) 102.838ms
[6610.646s][info][gc,cpu         ] GC(1976) User=0.58s Sys=0.02s Real=0.10s
..[6612.410s][info][gc,start       ] GC(1977) Pause Young (Allocation Failure)
[6612.512s][info][gc,heap        ] GC(1977) PSYoungGen: 2613024K(2630656K)->141920K(2631680K) Eden: 2467328K(2467328K)->0K(2469888K) From: 145696K(163328K)->141920K(161792K)
[6612.512s][info][gc,heap        ] GC(1977) ParOldGen: 5380393K(5380608K)->5473633K(5473792K)
[6612.512s][info][gc,metaspace   ] GC(1977) Metaspace: 29143K(29440K)->29143K(29440K) NonClass: 24252K(24384K)->24252K(24384K) Class: 4890K(5056K)->4890K(5056K)
[6612.512s][info][gc             ] GC(1977) Pause Young (Allocation Failure) 7806M->5483M(7915M) 102.331ms
[6612.512s][info][gc,cpu         ] GC(1977) User=0.58s Sys=0.02s Real=0.10s
.[6614.239s][info][gc,start       ] GC(1978) Pause Young (Allocation Failure)
[6614.340s][info][gc,heap        ] GC(1978) PSYoungGen: 2611808K(2631680K)->140576K(2631168K) Eden: 2469888K(2469888K)->0K(2469888K) From: 141920K(161792K)->140576K(161280K)
[6614.340s][info][gc,heap        ] GC(1978) ParOldGen: 5473633K(5473792K)->5563913K(5564416K)
[6614.340s][info][gc,metaspace   ] GC(1978) Metaspace: 29143K(29440K)->29143K(29440K) NonClass: 24252K(24384K)->24252K(24384K) Class: 4890K(5056K)->4890K(5056K)
[6614.340s][info][gc             ] GC(1978) Pause Young (Allocation Failure) 7895M->5570M(8003M) 100.288ms
[6614.340s][info][gc,cpu         ] GC(1978) User=0.56s Sys=0.03s Real=0.10s
..[6616.010s][info][gc,start       ] GC(1979) Pause Full (Allocation Failure)
[6616.010s][info][gc,phases,start] GC(1979) Marking Phase
[6616.304s][info][gc,phases      ] GC(1979) Marking Phase 294.294ms
[6616.304s][info][gc,phases,start] GC(1979) Summary Phase
[6616.304s][info][gc,phases      ] GC(1979) Summary Phase 0.101ms
[6616.304s][info][gc,phases,start] GC(1979) Forward
[6616.437s][info][gc,phases      ] GC(1979) Forward 133.065ms
[6616.437s][info][gc,phases,start] GC(1979) Adjust Pointers
[6616.638s][info][gc,phases      ] GC(1979) Adjust Pointers 200.548ms
[6616.638s][info][gc,phases,start] GC(1979) Compaction Phase
[6616.767s][info][gc,phases      ] GC(1979) Compaction Phase 129.097ms
[6616.768s][info][gc,phases,start] GC(1979) Post Compact
[6616.775s][info][gc,phases      ] GC(1979) Post Compact 6.978ms
[6616.920s][info][gc,heap        ] GC(1979) PSYoungGen: 2610464K(2631168K)->0K(2634240K) Eden: 2469888K(2469888K)->0K(2472960K) From: 140576K(161280K)->0K(161280K)
[6616.920s][info][gc,heap        ] GC(1979) ParOldGen: 5563913K(5564416K)->1431365K(1742848K)
[6616.920s][info][gc,metaspace   ] GC(1979) Metaspace: 29143K(29440K)->29143K(29440K) NonClass: 24252K(24384K)->24252K(24384K) Class: 4890K(5056K)->4890K(5056K)
[6616.920s][info][gc             ] GC(1979) Pause Full (Allocation Failure) 7982M->1397M(4274M) 910.352ms
[6616.920s][info][gc,cpu         ] GC(1979) User=4.07s Sys=0.15s Real=0.91s
..[6618.307s][info][gc,start       ] GC(1980) Pause Young (Allocation Failure)
[6618.389s][info][gc,heap        ] GC(1980) PSYoungGen: 2472960K(2634240K)->161261K(2634240K) Eden: 2472960K(2472960K)->0K(2472960K) From: 0K(161280K)->161261K(161280K)
[6618.389s][info][gc,heap        ] GC(1980) ParOldGen: 1431365K(1742848K)->1443933K(1742848K)
[6618.389s][info][gc,metaspace   ] GC(1980) Metaspace: 29143K(29440K)->29143K(29440K) NonClass: 24252K(24384K)->24252K(24384K) Class: 4890K(5056K)->4890K(5056K)
[6618.390s][info][gc             ] GC(1980) Pause Young (Allocation Failure) 3812M->1567M(4274M) 82.700ms
[6618.390s][info][gc,cpu         ] GC(1980) User=0.49s Sys=0.00s Real=0.09s
.[6619.949s][info][gc,start       ] GC(1981) Pause Young (Allocation Failure)
[6620.042s][info][gc,heap        ] GC(1981) PSYoungGen: 2634221K(2634240K)->143552K(2620928K) Eden: 2472960K(2472960K)->0K(2459136K) From: 161261K(161280K)->143552K(161792K)
[6620.042s][info][gc,heap        ] GC(1981) ParOldGen: 1443933K(1742848K)->1537429K(1742848K)
[6620.042s][info][gc,metaspace   ] GC(1981) Metaspace: 29143K(29440K)->29143K(29440K) NonClass: 24252K(24384K)->24252K(24384K) Class: 4890K(5056K)->4890K(5056K)
[6620.042s][info][gc             ] GC(1981) Pause Young (Allocation Failure) 3982M->1641M(4261M) 93.475ms
[6620.042s][info][gc,cpu         ] GC(1981) User=0.55s Sys=0.00s Real=0.09s
..[6621.560s][info][gc,start       ] GC(1982) Pause Young (Allocation Failure)
[6621.663s][info][gc,heap        ] GC(1982) PSYoungGen: 2602688K(2620928K)->157685K(2616832K) Eden: 2459136K(2459136K)->0K(2459136K) From: 143552K(161792K)->157685K(157696K)
[6621.663s][info][gc,heap        ] GC(1982) ParOldGen: 1537429K(1742848K)->1627669K(1742848K)
[6621.663s][info][gc,metaspace   ] GC(1982) Metaspace: 29143K(29440K)->29143K(29440K) NonClass: 24252K(24384K)->24252K(24384K) Class: 4890K(5056K)->4890K(5056K)
[6621.663s][info][gc             ] GC(1982) Pause Young (Allocation Failure) 4043M->1743M(4257M) 103.118ms
[6621.663s][info][gc,cpu         ] GC(1982) User=0.61s Sys=0.00s Real=0.10s
..[6623.384s][info][gc,start       ] GC(1983) Pause Young (Allocation Failure)
[6623.479s][info][gc,heap        ] GC(1983) PSYoungGen: 2616821K(2616832K)->140049K(2626560K) Eden: 2459136K(2459136K)->0K(2456576K) From: 157685K(157696K)->140049K(169984K)
[6623.479s][info][gc,heap        ] GC(1983) ParOldGen: 1627669K(1742848K)->1720933K(1742848K)
[6623.479s][info][gc,metaspace   ] GC(1983) Metaspace: 29143K(29440K)->29143K(29440K) NonClass: 24252K(24384K)->24252K(24384K) Class: 4890K(5056K)->4890K(5056K)
[6623.479s][info][gc             ] GC(1983) Pause Young (Allocation Failure) 4145M->1817M(4267M) 94.303ms
[6623.479s][info][gc,cpu         ] GC(1983) User=0.56s Sys=0.00s Real=0.10s
.[6625.146s][info][gc,start       ] GC(1984) Pause Young (Allocation Failure)
[6625.244s][info][gc,heap        ] GC(1984) PSYoungGen: 2596625K(2626560K)->150496K(2607104K) Eden: 2456576K(2456576K)->0K(2456576K) From: 140049K(169984K)->150496K(150528K)
[6625.244s][info][gc,heap        ] GC(1984) ParOldGen: 1720933K(1742848K)->1811613K(1811968K)
[6625.244s][info][gc,metaspace   ] GC(1984) Metaspace: 29143K(29440K)->29143K(29440K) NonClass: 24252K(24384K)->24252K(24384K) Class: 4890K(5056K)->4890K(5056K)
[6625.244s][info][gc             ] GC(1984) Pause Young (Allocation Failure) 4216M->1916M(4315M) 98.036ms
[6625.244s][info][gc,cpu         ] GC(1984) User=0.56s Sys=0.03s Real=0.10s
..[6626.939s][info][gc,start       ] GC(1985) Pause Young (Allocation Failure)
[6627.038s][info][gc,heap        ] GC(1985) PSYoungGen: 2607072K(2607104K)->145056K(2626560K) Eden: 2456576K(2456576K)->0K(2458112K) From: 150496K(150528K)->145056K(168448K)
[6627.038s][info][gc,heap        ] GC(1985) ParOldGen: 1811613K(1811968K)->1905541K(1905664K)
[6627.038s][info][gc,metaspace   ] GC(1985) Metaspace: 29143K(29440K)->29143K(29440K) NonClass: 24252K(24384K)->24252K(24384K) Class: 4890K(5056K)->4890K(5056K)
[6627.038s][info][gc             ] GC(1985) Pause Young (Allocation Failure) 4315M->2002M(4426M) 98.866ms
[6627.038s][info][gc,cpu         ] GC(1985) User=0.56s Sys=0.02s Real=0.09s
..[6628.765s][info][gc,start       ] GC(1986) Pause Young (Allocation Failure)
[6628.871s][info][gc,heap        ] GC(1986) PSYoungGen: 2603168K(2626560K)->154922K(2625024K) Eden: 2458112K(2458112K)->0K(2458112K) From: 145056K(168448K)->154922K(166912K)
[6628.871s][info][gc,heap        ] GC(1986) ParOldGen: 1905541K(1905664K)->1996309K(1996800K)
[6628.871s][info][gc,metaspace   ] GC(1986) Metaspace: 29143K(29440K)->29143K(29440K) NonClass: 24252K(24384K)->24252K(24384K) Class: 4890K(5056K)->4890K(5056K)
[6628.871s][info][gc             ] GC(1986) Pause Young (Allocation Failure) 4403M->2100M(4513M) 106.446ms
[6628.871s][info][gc,cpu         ] GC(1986) User=0.60s Sys=0.03s Real=0.11s
..[6630.583s][info][gc,start       ] GC(1987) Pause Young (Allocation Failure)
[6630.681s][info][gc,heap        ] GC(1987) PSYoungGen: 2613034K(2625024K)->139904K(2628096K) Eden: 2458112K(2458112K)->0K(2460672K) From: 154922K(166912K)->139904K(167424K)
[6630.681s][info][gc,heap        ] GC(1987) ParOldGen: 1996309K(1996800K)->2088797K(2088960K)
[6630.681s][info][gc,metaspace   ] GC(1987) Metaspace: 29143K(29440K)->29143K(29440K) NonClass: 24252K(24384K)->24252K(24384K) Class: 4890K(5056K)->4890K(5056K)
[6630.681s][info][gc             ] GC(1987) Pause Young (Allocation Failure) 4501M->2176M(4606M) 97.950ms
[6630.681s][info][gc,cpu         ] GC(1987) User=0.53s Sys=0.04s Real=0.10s
..[6632.442s][info][gc,start       ] GC(1988) Pause Young (Allocation Failure)
[6632.545s][info][gc,heap        ] GC(1988) PSYoungGen: 2600576K(2628096K)->146057K(2607104K) Eden: 2460672K(2460672K)->0K(2460672K) From: 139904K(167424K)->146057K(146432K)
[6632.545s][info][gc,heap        ] GC(1988) ParOldGen: 2088797K(2088960K)->2180973K(2181120K)
[6632.545s][info][gc,metaspace   ] GC(1988) Metaspace: 29143K(29440K)->29143K(29440K) NonClass: 24252K(24384K)->24252K(24384K) Class: 4890K(5056K)->4890K(5056K)
[6632.545s][info][gc             ] GC(1988) Pause Young (Allocation Failure) 4579M->2272M(4676M) 102.872ms
[6632.545s][info][gc,cpu         ] GC(1988) User=0.58s Sys=0.03s Real=0.10s
.[6634.348s][info][gc,start       ] GC(1989) Pause Young (Allocation Failure)
[6634.451s][info][gc,heap        ] GC(1989) PSYoungGen: 2606729K(2607104K)->149540K(2628608K) Eden: 2460672K(2460672K)->0K(2462720K) From: 146057K(146432K)->149540K(165888K)
[6634.451s][info][gc,heap        ] GC(1989) ParOldGen: 2180973K(2181120K)->2270317K(2270720K)
[6634.451s][info][gc,metaspace   ] GC(1989) Metaspace: 29143K(29440K)->29143K(29440K) NonClass: 24252K(24384K)->24252K(24384K) Class: 4890K(5056K)->4890K(5056K)
[6634.451s][info][gc             ] GC(1989) Pause Young (Allocation Failure) 4675M->2363M(4784M) 102.689ms
[6634.451s][info][gc,cpu         ] GC(1989) User=0.58s Sys=0.02s Real=0.10s
..[6636.120s][info][gc,start       ] GC(1990) Pause Young (Allocation Failure)
[6636.228s][info][gc,heap        ] GC(1990) PSYoungGen: 2612260K(2628608K)->157300K(2627072K) Eden: 2462720K(2462720K)->0K(2462720K) From: 149540K(165888K)->157300K(164352K)
[6636.228s][info][gc,heap        ] GC(1990) ParOldGen: 2270317K(2270720K)->2364149K(2364416K)
[6636.228s][info][gc,metaspace   ] GC(1990) Metaspace: 29143K(29440K)->29143K(29440K) NonClass: 24252K(24384K)->24252K(24384K) Class: 4890K(5056K)->4890K(5056K)
[6636.228s][info][gc             ] GC(1990) Pause Young (Allocation Failure) 4768M->2462M(4874M) 108.410ms
[6636.228s][info][gc,cpu         ] GC(1990) User=0.61s Sys=0.03s Real=0.10s
..[6637.946s][info][gc,start       ] GC(1991) Pause Young (Allocation Failure)
[6638.048s][info][gc,heap        ] GC(1991) PSYoungGen: 2620020K(2627072K)->151744K(2630144K) Eden: 2462720K(2462720K)->0K(2463744K) From: 157300K(164352K)->151744K(166400K)
[6638.048s][info][gc,heap        ] GC(1991) ParOldGen: 2364149K(2364416K)->2455965K(2456064K)
[6638.049s][info][gc,metaspace   ] GC(1991) Metaspace: 29143K(29440K)->29143K(29440K) NonClass: 24252K(24384K)->24252K(24384K) Class: 4890K(5056K)->4890K(5056K)
[6638.049s][info][gc             ] GC(1991) Pause Young (Allocation Failure) 4867M->2546M(4967M) 102.538ms
[6638.049s][info][gc,cpu         ] GC(1991) User=0.58s Sys=0.03s Real=0.11s
..[6639.798s][info][gc,start       ] GC(1992) Pause Young (Allocation Failure)
[6639.899s][info][gc,heap        ] GC(1992) PSYoungGen: 2615488K(2630144K)->147840K(2611712K) Eden: 2463744K(2463744K)->0K(2463744K) From: 151744K(166400K)->147840K(147968K)
[6639.899s][info][gc,heap        ] GC(1992) ParOldGen: 2455965K(2456064K)->2547069K(2547200K)
[6639.899s][info][gc,metaspace   ] GC(1992) Metaspace: 29143K(29440K)->29143K(29440K) NonClass: 24252K(24384K)->24252K(24384K) Class: 4890K(5056K)->4890K(5056K)
[6639.899s][info][gc             ] GC(1992) Pause Young (Allocation Failure) 4952M->2631M(5038M) 100.343ms
[6639.899s][info][gc,cpu         ] GC(1992) User=0.57s Sys=0.02s Real=0.10s
..[6641.679s][info][gc,start       ] GC(1993) Pause Young (Allocation Failure)
[6641.782s][info][gc,heap        ] GC(1993) PSYoungGen: 2611584K(2611712K)->148864K(2629632K) Eden: 2463744K(2463744K)->0K(2465280K) From: 147840K(147968K)->148864K(164352K)
[6641.782s][info][gc,heap        ] GC(1993) ParOldGen: 2547069K(2547200K)->2639189K(2639360K)
[6641.782s][info][gc,metaspace   ] GC(1993) Metaspace: 29143K(29440K)->29143K(29440K) NonClass: 24252K(24384K)->24252K(24384K) Class: 4890K(5056K)->4890K(5056K)
[6641.782s][info][gc             ] GC(1993) Pause Young (Allocation Failure) 5037M->2722M(5145M) 103.414ms
[6641.782s][info][gc,cpu         ] GC(1993) User=0.58s Sys=0.03s Real=0.10s
.[6643.404s][info][gc,start       ] GC(1994) Pause Young (Allocation Failure)
[6643.504s][info][gc,heap        ] GC(1994) PSYoungGen: 2614144K(2629632K)->141472K(2628096K) Eden: 2465280K(2465280K)->0K(2465280K) From: 148864K(164352K)->141472K(162816K)
[6643.505s][info][gc,heap        ] GC(1994) ParOldGen: 2639189K(2639360K)->2734725K(2735104K)
[6643.505s][info][gc,metaspace   ] GC(1994) Metaspace: 29143K(29440K)->29143K(29440K) NonClass: 24252K(24384K)->24252K(24384K) Class: 4890K(5056K)->4890K(5056K)
[6643.505s][info][gc             ] GC(1994) Pause Young (Allocation Failure) 5130M->2808M(5237M) 100.789ms
[6643.505s][info][gc,cpu         ] GC(1994) User=0.56s Sys=0.03s Real=0.10s
..[6645.232s][info][gc,start       ] GC(1995) Pause Young (Allocation Failure)
[6645.329s][info][gc,heap        ] GC(1995) PSYoungGen: 2606752K(2628096K)->138208K(2631168K) Eden: 2465280K(2465280K)->0K(2468352K) From: 141472K(162816K)->138208K(162816K)
[6645.329s][info][gc,heap        ] GC(1995) ParOldGen: 2734725K(2735104K)->2824189K(2824192K)
[6645.329s][info][gc,metaspace   ] GC(1995) Metaspace: 29143K(29440K)->29143K(29440K) NonClass: 24252K(24384K)->24252K(24384K) Class: 4890K(5056K)->4890K(5056K)
[6645.329s][info][gc             ] GC(1995) Pause Young (Allocation Failure) 5216M->2892M(5327M) 97.646ms
[6645.329s][info][gc,cpu         ] GC(1995) User=0.54s Sys=0.03s Real=0.10s
..[6647.085s][info][gc,start       ] GC(1996) Pause Young (Allocation Failure)
[6647.192s][info][gc,heap        ] GC(1996) PSYoungGen: 2606560K(2631168K)->155233K(2631680K) Eden: 2468352K(2468352K)->0K(2468352K) From: 138208K(162816K)->155233K(163328K)
[6647.192s][info][gc,heap        ] GC(1996) ParOldGen: 2824189K(2824192K)->2917589K(2917888K)
[6647.192s][info][gc,metaspace   ] GC(1996) Metaspace: 29143K(29440K)->29143K(29440K) NonClass: 24252K(24384K)->24252K(24384K) Class: 4890K(5056K)->4890K(5056K)
[6647.192s][info][gc             ] GC(1996) Pause Young (Allocation Failure) 5303M->3000M(5419M) 107.239ms
[6647.192s][info][gc,cpu         ] GC(1996) User=0.60s Sys=0.02s Real=0.11s
..[6648.900s][info][gc,start       ] GC(1997) Pause Young (Allocation Failure)
[6649.005s][info][gc,heap        ] GC(1997) PSYoungGen: 2623585K(2631680K)->152155K(2631680K) Eden: 2468352K(2468352K)->0K(2467328K) From: 155233K(163328K)->152155K(164352K)
[6649.005s][info][gc,heap        ] GC(1997) ParOldGen: 2917589K(2917888K)->3007757K(3008000K)
[6649.005s][info][gc,metaspace   ] GC(1997) Metaspace: 29143K(29440K)->29143K(29440K) NonClass: 24252K(24384K)->24252K(24384K) Class: 4890K(5056K)->4890K(5056K)
[6649.005s][info][gc             ] GC(1997) Pause Young (Allocation Failure) 5411M->3085M(5507M) 104.912ms
[6649.005s][info][gc,cpu         ] GC(1997) User=0.59s Sys=0.03s Real=0.10s
..[6650.747s][info][gc,start       ] GC(1998) Pause Young (Allocation Failure)
[6650.850s][info][gc,heap        ] GC(1998) PSYoungGen: 2619482K(2631680K)->147616K(2615296K) Eden: 2467327K(2467328K)->0K(2467328K) From: 152155K(164352K)->147616K(147968K)
[6650.850s][info][gc,heap        ] GC(1998) ParOldGen: 3007757K(3008000K)->3100725K(3101184K)
[6650.850s][info][gc,metaspace   ] GC(1998) Metaspace: 29143K(29440K)->29143K(29440K) NonClass: 24252K(24384K)->24252K(24384K) Class: 4890K(5056K)->4890K(5056K)
[6650.850s][info][gc             ] GC(1998) Pause Young (Allocation Failure) 5495M->3172M(5582M) 103.224ms
[6650.850s][info][gc,cpu         ] GC(1998) User=0.58s Sys=0.03s Real=0.11s
.[6652.500s][info][gc,start       ] GC(1999) Pause Young (Allocation Failure)
[6652.602s][info][gc,heap        ] GC(1999) PSYoungGen: 2614944K(2615296K)->144266K(2630656K) Eden: 2467328K(2467328K)->0K(2467840K) From: 147616K(147968K)->144266K(162816K)
[6652.602s][info][gc,heap        ] GC(1999) ParOldGen: 3100725K(3101184K)->3193037K(3193344K)
[6652.602s][info][gc,metaspace   ] GC(1999) Metaspace: 29143K(29440K)->29143K(29440K) NonClass: 24252K(24384K)->24252K(24384K) Class: 4890K(5056K)->4890K(5056K)
[6652.602s][info][gc             ] GC(1999) Pause Young (Allocation Failure) 5581M->3259M(5687M) 102.241ms
[6652.602s][info][gc,cpu         ] GC(1999) User=0.57s Sys=0.04s Real=0.10s
..[6654.302s][info][gc,start       ] GC(2000) Pause Young (Allocation Failure)
[6654.406s][info][gc,heap        ] GC(2000) PSYoungGen: 2612106K(2630656K)->149365K(2630144K) Eden: 2467840K(2467840K)->0K(2467840K) From: 144266K(162816K)->149365K(162304K)
[6654.406s][info][gc,heap        ] GC(2000) ParOldGen: 3193037K(3193344K)->3283477K(3283968K)
[6654.406s][info][gc,metaspace   ] GC(2000) Metaspace: 29143K(29440K)->29143K(29440K) NonClass: 24252K(24384K)->24252K(24384K) Class: 4890K(5056K)->4890K(5056K)
[6654.406s][info][gc             ] GC(2000) Pause Young (Allocation Failure) 5669M->3352M(5775M) 103.275ms
[6654.406s][info][gc,cpu         ] GC(2000) User=0.58s Sys=0.02s Real=0.10s
..[6656.127s][info][gc,start       ] GC(2001) Pause Young (Allocation Failure)
[6656.238s][info][gc,heap        ] GC(2001) PSYoungGen: 2617205K(2630144K)->161269K(2557952K) Eden: 2467840K(2467840K)->0K(2396672K) From: 149365K(162304K)->161269K(161280K)
[6656.238s][info][gc,heap        ] GC(2001) ParOldGen: 3283477K(3283968K)->3376901K(3377152K)
[6656.238s][info][gc,metaspace   ] GC(2001) Metaspace: 29143K(29440K)->29143K(29440K) NonClass: 24252K(24384K)->24252K(24384K) Class: 4890K(5056K)->4890K(5056K)
[6656.238s][info][gc             ] GC(2001) Pause Young (Allocation Failure) 5762M->3455M(5796M) 111.282ms
[6656.238s][info][gc,cpu         ] GC(2001) User=0.61s Sys=0.05s Real=0.11s
..[6657.901s][info][gc,start       ] GC(2002) Pause Young (Allocation Failure)
[6658.005s][info][gc,heap        ] GC(2002) PSYoungGen: 2557941K(2557952K)->146496K(2596352K) Eden: 2396672K(2396672K)->0K(2396672K) From: 161269K(161280K)->146496K(199680K)
[6658.005s][info][gc,heap        ] GC(2002) ParOldGen: 3376901K(3377152K)->3471517K(3471872K)
[6658.005s][info][gc,metaspace   ] GC(2002) Metaspace: 29143K(29440K)->29143K(29440K) NonClass: 24252K(24384K)->24252K(24384K) Class: 4890K(5056K)->4890K(5056K)
[6658.005s][info][gc             ] GC(2002) Pause Young (Allocation Failure) 5795M->3533M(5926M) 103.196ms
[6658.005s][info][gc,cpu         ] GC(2002) User=0.58s Sys=0.03s Real=0.10s
..[6659.748s][info][gc,start       ] GC(2003) Pause Young (Allocation Failure)
[6659.848s][info][gc,heap        ] GC(2003) PSYoungGen: 2543168K(2596352K)->143424K(2591232K) Eden: 2396672K(2396672K)->0K(2398720K) From: 146496K(199680K)->143424K(192512K)
[6659.848s][info][gc,heap        ] GC(2003) ParOldGen: 3471517K(3471872K)->3564229K(3564544K)
[6659.848s][info][gc,metaspace   ] GC(2003) Metaspace: 29143K(29440K)->29143K(29440K) NonClass: 24252K(24384K)->24252K(24384K) Class: 4890K(5056K)->4890K(5056K)
[6659.848s][info][gc             ] GC(2003) Pause Young (Allocation Failure) 5873M->3620M(6011M) 100.417ms
[6659.848s][info][gc,cpu         ] GC(2003) User=0.56s Sys=0.03s Real=0.10s
.[6661.509s][info][gc,start       ] GC(2004) Pause Young (Allocation Failure)
[6661.610s][info][gc,heap        ] GC(2004) PSYoungGen: 2542144K(2591232K)->141013K(2594816K) Eden: 2398720K(2398720K)->0K(2398720K) From: 143424K(192512K)->141013K(196096K)
[6661.610s][info][gc,heap        ] GC(2004) ParOldGen: 3564229K(3564544K)->3656805K(3657216K)
[6661.610s][info][gc,metaspace   ] GC(2004) Metaspace: 29143K(29440K)->29143K(29440K) NonClass: 24252K(24384K)->24252K(24384K) Class: 4890K(5056K)->4890K(5056K)
[6661.610s][info][gc             ] GC(2004) Pause Young (Allocation Failure) 5963M->3708M(6105M) 100.846ms
[6661.610s][info][gc,cpu         ] GC(2004) User=0.56s Sys=0.03s Real=0.10s
..[6663.319s][info][gc,start       ] GC(2005) Pause Young (Allocation Failure)
[6663.419s][info][gc,heap        ] GC(2005) PSYoungGen: 2539733K(2594816K)->142976K(2594304K) Eden: 2398720K(2398720K)->0K(2405376K) From: 141013K(196096K)->142976K(188928K)
[6663.419s][info][gc,heap        ] GC(2005) ParOldGen: 3656805K(3657216K)->3745461K(3745792K)
[6663.419s][info][gc,metaspace   ] GC(2005) Metaspace: 29143K(29440K)->29143K(29440K) NonClass: 24252K(24384K)->24252K(24384K) Class: 4890K(5056K)->4890K(5056K)
[6663.419s][info][gc             ] GC(2005) Pause Young (Allocation Failure) 6051M->3797M(6191M) 100.050ms
[6663.419s][info][gc,cpu         ] GC(2005) User=0.56s Sys=0.02s Real=0.10s
..[6665.106s][info][gc,start       ] GC(2006) Pause Young (Allocation Failure)
[6665.206s][info][gc,heap        ] GC(2006) PSYoungGen: 2548352K(2594304K)->146592K(2597888K) Eden: 2405376K(2405376K)->0K(2405376K) From: 142976K(188928K)->146592K(192512K)
[6665.206s][info][gc,heap        ] GC(2006) ParOldGen: 3745461K(3745792K)->3835925K(3836416K)
[6665.206s][info][gc,metaspace   ] GC(2006) Metaspace: 29143K(29440K)->29143K(29440K) NonClass: 24252K(24384K)->24252K(24384K) Class: 4890K(5056K)->4890K(5056K)
[6665.206s][info][gc             ] GC(2006) Pause Young (Allocation Failure) 6146M->3889M(6283M) 100.117ms
[6665.206s][info][gc,cpu         ] GC(2006) User=0.56s Sys=0.03s Real=0.10s
.. (rIR:aIR:PR = 11070:11061:11060) (tPR = 163978) [OK] 
  6666s: Performance info:
         Transaction,    Success,    Partial,     Failed,   Receipts, AvgBarcode, 
             Overall,     669026,          0,          0,     635344,      59.48, 
         Response times:
             Request,    Success,    Partial,     Failed,   SkipFail,     Probes,    Samples,      min,      p50,      p90,      p95,      p99,      max, 
       TotalPurchase,     635356,          0,          0,          0,     345951,     401205,      200,    10400,    95000,   205000,   499000,  1100000,
     InStorePurchase,     334505,          0,          0,          0,     181786,     210624,      200,    10100,    93000,   204000,   498000,  1100000,
      OnlinePurchase,     234309,          0,          0,          0,     127655,     147907,      300,    10700,    96000,   207000,   499000,   920000,
        InstPurchase,      66542,          0,          0,          0,      36510,      42674,      300,    10700,    96000,   206000,   498000,   920000,
          AssocOfCat,        671,          0,          0,          0,        553,        732,    28000,    55500,   149000,   242250,   548360,   660000,
      AssocOfProduct,       6771,          0,          0,          0,       3841,       4640,      500,    11350,    94900,   214800,   451000,   820000,
      BusinessReport,       1670,          0,          0,          0,       1481,       1870,    27000,    65000,   164900,   262000,   542290,  1100000,
          CustBuyBeh,       6793,          0,          0,          0,       3823,       4614,      500,    10500,    94000,   180000,   430350,   710000,
       ProductReturn,      17780,          0,          0,          0,       9555,      11370,      200,    10300,    96000,   197000,   477290,   920000,

  6666s: (81%)   IR =  11208 [6666.966s][info][gc,start       ] GC(2007) Pause Young (Allocation Failure)
[6667.066s][info][gc,heap        ] GC(2007) PSYoungGen: 2551968K(2597888K)->146560K(2597376K) Eden: 2405376K(2405376K)->0K(2413568K) From: 146592K(192512K)->146560K(183808K)
[6667.066s][info][gc,heap        ] GC(2007) ParOldGen: 3835925K(3836416K)->3927093K(3927552K)
[6667.066s][info][gc,metaspace   ] GC(2007) Metaspace: 29143K(29440K)->29143K(29440K) NonClass: 24252K(24384K)->24252K(24384K) Class: 4890K(5056K)->4890K(5056K)
[6667.066s][info][gc             ] GC(2007) Pause Young (Allocation Failure) 6238M->3978M(6372M) 100.358ms
[6667.066s][info][gc,cpu         ] GC(2007) User=0.58s Sys=0.02s Real=0.10s
.[6668.678s][info][gc,start       ] GC(2008) Pause Young (Allocation Failure)
[6668.790s][info][gc,heap        ] GC(2008) PSYoungGen: 2560128K(2597376K)->141476K(2600960K) Eden: 2413568K(2413568K)->0K(2413568K) From: 146560K(183808K)->141476K(187392K)
[6668.790s][info][gc,heap        ] GC(2008) ParOldGen: 3927093K(3927552K)->4022069K(4022272K)
[6668.790s][info][gc,metaspace   ] GC(2008) Metaspace: 29143K(29440K)->29143K(29440K) NonClass: 24252K(24384K)->24252K(24384K) Class: 4890K(5056K)->4890K(5056K)
[6668.790s][info][gc             ] GC(2008) Pause Young (Allocation Failure) 6335M->4065M(6468M) 111.682ms
[6668.790s][info][gc,cpu         ] GC(2008) User=0.57s Sys=0.02s Real=0.12s
..[6670.497s][info][gc,start       ] GC(2009) Pause Young (Allocation Failure)
[6670.597s][info][gc,heap        ] GC(2009) PSYoungGen: 2555044K(2600960K)->142304K(2604032K) Eden: 2413568K(2413568K)->0K(2423296K) From: 141476K(187392K)->142304K(180736K)
[6670.597s][info][gc,heap        ] GC(2009) ParOldGen: 4022069K(4022272K)->4110621K(4110848K)
[6670.597s][info][gc,metaspace   ] GC(2009) Metaspace: 29143K(29440K)->29143K(29440K) NonClass: 24252K(24384K)->24252K(24384K) Class: 4890K(5056K)->4890K(5056K)
[6670.597s][info][gc             ] GC(2009) Pause Young (Allocation Failure) 6422M->4153M(6557M) 99.950ms
[6670.597s][info][gc,cpu         ] GC(2009) User=0.55s Sys=0.04s Real=0.10s
..[6672.306s][info][gc,start       ] GC(2010) Pause Young (Allocation Failure)
[6672.407s][info][gc,heap        ] GC(2010) PSYoungGen: 2565600K(2604032K)->143925K(2607104K) Eden: 2423296K(2423296K)->0K(2423296K) From: 142304K(180736K)->143925K(183808K)
[6672.407s][info][gc,heap        ] GC(2010) ParOldGen: 4110621K(4110848K)->4201549K(4201984K)
[6672.407s][info][gc,metaspace   ] GC(2010) Metaspace: 29143K(29440K)->29143K(29440K) NonClass: 24252K(24384K)->24252K(24384K) Class: 4890K(5056K)->4890K(5056K)
[6672.407s][info][gc             ] GC(2010) Pause Young (Allocation Failure) 6519M->4243M(6649M) 101.020ms
[6672.407s][info][gc,cpu         ] GC(2010) User=0.57s Sys=0.03s Real=0.10s
..[6674.027s][info][gc,start       ] GC(2011) Pause Young (Allocation Failure)
[6674.130s][info][gc,heap        ] GC(2011) PSYoungGen: 2567221K(2607104K)->147856K(2606592K) Eden: 2423296K(2423296K)->0K(2430976K) From: 143925K(183808K)->147856K(175616K)
[6674.130s][info][gc,heap        ] GC(2011) ParOldGen: 4201549K(4201984K)->4295477K(4295680K)
[6674.130s][info][gc,metaspace   ] GC(2011) Metaspace: 29143K(29440K)->29143K(29440K) NonClass: 24252K(24384K)->24252K(24384K) Class: 4890K(5056K)->4890K(5056K)
[6674.130s][info][gc             ] GC(2011) Pause Young (Allocation Failure) 6610M->4339M(6740M) 103.766ms
[6674.130s][info][gc,cpu         ] GC(2011) User=0.59s Sys=0.02s Real=0.11s
..[6675.902s][info][gc,start       ] GC(2012) Pause Young (Allocation Failure)
[6676.003s][info][gc,heap        ] GC(2012) PSYoungGen: 2578832K(2606592K)->144721K(2609664K) Eden: 2430976K(2430976K)->0K(2430976K) From: 147856K(175616K)->144721K(178688K)
[6676.003s][info][gc,heap        ] GC(2012) ParOldGen: 4295477K(4295680K)->4383885K(4384256K)
[6676.003s][info][gc,metaspace   ] GC(2012) Metaspace: 29143K(29440K)->29143K(29440K) NonClass: 24252K(24384K)->24252K(24384K) Class: 4890K(5056K)->4890K(5056K)
[6676.003s][info][gc             ] GC(2012) Pause Young (Allocation Failure) 6713M->4422M(6830M) 101.166ms
[6676.003s][info][gc,cpu         ] GC(2012) User=0.58s Sys=0.02s Real=0.10s
.[6677.684s][info][gc,start       ] GC(2013) Pause Young (Allocation Failure)
[6677.788s][info][gc,heap        ] GC(2013) PSYoungGen: 2575697K(2609664K)->147715K(2611200K) Eden: 2430976K(2430976K)->0K(2440704K) From: 144721K(178688K)->147715K(170496K)
[6677.788s][info][gc,heap        ] GC(2013) ParOldGen: 4383885K(4384256K)->4475981K(4476416K)
[6677.788s][info][gc,metaspace   ] GC(2013) Metaspace: 29143K(29440K)->29143K(29440K) NonClass: 24252K(24384K)->24252K(24384K) Class: 4890K(5056K)->4890K(5056K)
[6677.788s][info][gc             ] GC(2013) Pause Young (Allocation Failure) 6796M->4515M(6921M) 104.257ms
[6677.788s][info][gc,cpu         ] GC(2013) User=0.59s Sys=0.03s Real=0.10s
..[6679.499s][info][gc,start       ] GC(2014) Pause Young (Allocation Failure)
[6679.599s][info][gc,heap        ] GC(2014) PSYoungGen: 2588419K(2611200K)->136544K(2614784K) Eden: 2440704K(2440704K)->0K(2440704K) From: 147715K(170496K)->136544K(174080K)
[6679.599s][info][gc,heap        ] GC(2014) ParOldGen: 4475981K(4476416K)->4567717K(4568064K)
[6679.599s][info][gc,metaspace   ] GC(2014) Metaspace: 29143K(29440K)->29143K(29440K) NonClass: 24252K(24384K)->24252K(24384K) Class: 4890K(5056K)->4890K(5056K)
[6679.599s][info][gc             ] GC(2014) Pause Young (Allocation Failure) 6898M->4594M(7014M) 99.782ms
[6679.599s][info][gc,cpu         ] GC(2014) User=0.56s Sys=0.03s Real=0.10s
..[6681.303s][info][gc,start       ] GC(2015) Pause Young (Allocation Failure)
[6681.403s][info][gc,heap        ] GC(2015) PSYoungGen: 2577248K(2614784K)->141075K(2618368K) Eden: 2440704K(2440704K)->0K(2448384K) From: 136544K(174080K)->141075K(169984K)
[6681.403s][info][gc,heap        ] GC(2015) ParOldGen: 4567717K(4568064K)->4656741K(4657152K)
[6681.403s][info][gc,metaspace   ] GC(2015) Metaspace: 29143K(29440K)->29143K(29440K) NonClass: 24252K(24384K)->24252K(24384K) Class: 4890K(5056K)->4890K(5056K)
[6681.403s][info][gc             ] GC(2015) Pause Young (Allocation Failure) 6977M->4685M(7105M) 99.464ms
[6681.403s][info][gc,cpu         ] GC(2015) User=0.56s Sys=0.02s Real=0.10s
..[6683.124s][info][gc,start       ] GC(2016) Pause Young (Allocation Failure)
[6683.227s][info][gc,heap        ] GC(2016) PSYoungGen: 2589459K(2618368K)->148544K(2620416K) Eden: 2448384K(2448384K)->0K(2448384K) From: 141075K(169984K)->148544K(172032K)
[6683.227s][info][gc,heap        ] GC(2016) ParOldGen: 4656741K(4657152K)->4748365K(4748800K)
[6683.227s][info][gc,metaspace   ] GC(2016) Metaspace: 29143K(29440K)->29143K(29440K) NonClass: 24252K(24384K)->24252K(24384K) Class: 4890K(5056K)->4890K(5056K)
[6683.227s][info][gc             ] GC(2016) Pause Young (Allocation Failure) 7076M->4782M(7196M) 102.969ms
[6683.227s][info][gc,cpu         ] GC(2016) User=0.58s Sys=0.01s Real=0.10s
.[6684.919s][info][gc,start       ] GC(2017) Pause Young (Allocation Failure)
[6685.026s][info][gc,heap        ] GC(2017) PSYoungGen: 2596928K(2620416K)->150544K(2621952K) Eden: 2448384K(2448384K)->0K(2454016K) From: 148544K(172032K)->150544K(167936K)
[6685.026s][info][gc,heap        ] GC(2017) ParOldGen: 4748365K(4748800K)->4840957K(4840960K)
[6685.026s][info][gc,metaspace   ] GC(2017) Metaspace: 29143K(29440K)->29143K(29440K) NonClass: 24252K(24384K)->24252K(24384K) Class: 4890K(5056K)->4890K(5056K)
[6685.026s][info][gc             ] GC(2017) Pause Young (Allocation Failure) 7173M->4874M(7288M) 107.201ms
[6685.026s][info][gc,cpu         ] GC(2017) User=0.60s Sys=0.03s Real=0.10s
..[6686.718s][info][gc,start       ] GC(2018) Pause Young (Allocation Failure)
[6686.820s][info][gc,heap        ] GC(2018) PSYoungGen: 2604560K(2621952K)->144288K(2622976K) Eden: 2454016K(2454016K)->0K(2454016K) From: 150544K(167936K)->144288K(168960K)
[6686.820s][info][gc,heap        ] GC(2018) ParOldGen: 4840957K(4840960K)->4932973K(4933120K)
[6686.820s][info][gc,metaspace   ] GC(2018) Metaspace: 29143K(29440K)->29143K(29440K) NonClass: 24252K(24384K)->24252K(24384K) Class: 4890K(5056K)->4890K(5056K)
[6686.820s][info][gc             ] GC(2018) Pause Young (Allocation Failure) 7271M->4958M(7379M) 101.196ms
[6686.820s][info][gc,cpu         ] GC(2018) User=0.58s Sys=0.03s Real=0.10s
..|[6688.432s][info][gc,start       ] GC(2019) Pause Young (Allocation Failure)
[6688.534s][info][gc,heap        ] GC(2019) PSYoungGen: 2598304K(2622976K)->141952K(2625536K) Eden: 2454016K(2454016K)->0K(2459648K) From: 144288K(168960K)->141952K(165888K)
[6688.534s][info][gc,heap        ] GC(2019) ParOldGen: 4932973K(4933120K)->5025477K(5025792K)
[6688.534s][info][gc,metaspace   ] GC(2019) Metaspace: 29143K(29440K)->29143K(29440K) NonClass: 24252K(24384K)->24252K(24384K) Class: 4890K(5056K)->4890K(5056K)
[6688.534s][info][gc             ] GC(2019) Pause Young (Allocation Failure) 7354M->5046M(7472M) 101.624ms
[6688.534s][info][gc,cpu         ] GC(2019) User=0.56s Sys=0.04s Real=0.10s
..[6690.193s][info][gc,start       ] GC(2020) Pause Young (Allocation Failure)
[6690.296s][info][gc,heap        ] GC(2020) PSYoungGen: 2601600K(2625536K)->145728K(2626048K) Eden: 2459648K(2459648K)->0K(2459648K) From: 141952K(165888K)->145728K(166400K)
[6690.296s][info][gc,heap        ] GC(2020) ParOldGen: 5025477K(5025792K)->5117981K(5118464K)
[6690.296s][info][gc,metaspace   ] GC(2020) Metaspace: 29143K(29440K)->29143K(29440K) NonClass: 24252K(24384K)->24252K(24384K) Class: 4890K(5056K)->4890K(5056K)
[6690.296s][info][gc             ] GC(2020) Pause Young (Allocation Failure) 7448M->5140M(7563M) 103.470ms
[6690.296s][info][gc,cpu         ] GC(2020) User=0.58s Sys=0.03s Real=0.10s
.[6691.973s][info][gc,start       ] GC(2021) Pause Young (Allocation Failure)
[6692.077s][info][gc,heap        ] GC(2021) PSYoungGen: 2605376K(2626048K)->150720K(2629120K) Eden: 2459648K(2459648K)->0K(2464256K) From: 145728K(166400K)->150720K(164864K)
[6692.077s][info][gc,heap        ] GC(2021) ParOldGen: 5117981K(5118464K)->5207837K(5208064K)
[6692.077s][info][gc,metaspace   ] GC(2021) Metaspace: 29143K(29440K)->29143K(29440K) NonClass: 24252K(24384K)->24252K(24384K) Class: 4890K(5056K)->4890K(5056K)
[6692.077s][info][gc             ] GC(2021) Pause Young (Allocation Failure) 7542M->5232M(7653M) 103.945ms
[6692.077s][info][gc,cpu         ] GC(2021) User=0.59s Sys=0.03s Real=0.10s
..[6693.861s][info][gc,start       ] GC(2022) Pause Young (Allocation Failure)
[6693.968s][info][gc,heap        ] GC(2022) PSYoungGen: 2614976K(2629120K)->148533K(2628608K) Eden: 2464256K(2464256K)->0K(2464256K) From: 150720K(164864K)->148533K(164352K)
[6693.968s][info][gc,heap        ] GC(2022) ParOldGen: 5207837K(5208064K)->5301765K(5302272K)
[6693.968s][info][gc,metaspace   ] GC(2022) Metaspace: 29143K(29440K)->29143K(29440K) NonClass: 24252K(24384K)->24252K(24384K) Class: 4890K(5056K)->4890K(5056K)
[6693.968s][info][gc             ] GC(2022) Pause Young (Allocation Failure) 7639M->5322M(7745M) 107.001ms
[6693.968s][info][gc,cpu         ] GC(2022) User=0.59s Sys=0.03s Real=0.11s
..[6695.668s][info][gc,start       ] GC(2023) Pause Young (Allocation Failure)
[6695.775s][info][gc,heap        ] GC(2023) PSYoungGen: 2612789K(2628608K)->148981K(2630656K) Eden: 2464256K(2464256K)->0K(2467840K) From: 148533K(164352K)->148981K(162816K)
[6695.775s][info][gc,heap        ] GC(2023) ParOldGen: 5301765K(5302272K)->5392661K(5392896K)
[6695.775s][info][gc,metaspace   ] GC(2023) Metaspace: 29143K(29440K)->29143K(29440K) NonClass: 24252K(24384K)->24252K(24384K) Class: 4890K(5056K)->4890K(5056K)
[6695.775s][info][gc             ] GC(2023) Pause Young (Allocation Failure) 7729M->5411M(7835M) 106.978ms
[6695.775s][info][gc,cpu         ] GC(2023) User=0.61s Sys=0.02s Real=0.11s
..[6697.420s][info][gc,start       ] GC(2024) Pause Young (Allocation Failure)
[6697.523s][info][gc,heap        ] GC(2024) PSYoungGen: 2616821K(2630656K)->140288K(2630144K) Eden: 2467840K(2467840K)->0K(2467840K) From: 148981K(162816K)->140288K(162304K)
[6697.523s][info][gc,heap        ] GC(2024) ParOldGen: 5392661K(5392896K)->5486773K(5487104K)
[6697.523s][info][gc,metaspace   ] GC(2024) Metaspace: 29143K(29440K)->29143K(29440K) NonClass: 24252K(24384K)->24252K(24384K) Class: 4890K(5056K)->4890K(5056K)
[6697.523s][info][gc             ] GC(2024) Pause Young (Allocation Failure) 7821M->5495M(7927M) 102.968ms
[6697.523s][info][gc,cpu         ] GC(2024) User=0.57s Sys=0.03s Real=0.10s
.[6699.174s][info][gc,start       ] GC(2025) Pause Young (Allocation Failure)
[6699.278s][info][gc,heap        ] GC(2025) PSYoungGen: 2608128K(2630144K)->149760K(2633216K) Eden: 2467840K(2467840K)->0K(2471424K) From: 140288K(162304K)->149760K(161792K)
[6699.278s][info][gc,heap        ] GC(2025) ParOldGen: 5486773K(5487104K)->5575933K(5576192K)
[6699.278s][info][gc,metaspace   ] GC(2025) Metaspace: 29143K(29440K)->29143K(29440K) NonClass: 24252K(24384K)->24252K(24384K) Class: 4890K(5056K)->4890K(5056K)
[6699.278s][info][gc             ] GC(2025) Pause Young (Allocation Failure) 7905M->5591M(8017M) 103.825ms
[6699.278s][info][gc,cpu         ] GC(2025) User=0.57s Sys=0.04s Real=0.10s
..[6700.948s][info][gc,start       ] GC(2026) Pause Full (Allocation Failure)
[6700.948s][info][gc,phases,start] GC(2026) Marking Phase
[6701.241s][info][gc,phases      ] GC(2026) Marking Phase 292.978ms
[6701.241s][info][gc,phases,start] GC(2026) Summary Phase
[6701.241s][info][gc,phases      ] GC(2026) Summary Phase 0.093ms
[6701.241s][info][gc,phases,start] GC(2026) Forward
[6701.367s][info][gc,phases      ] GC(2026) Forward 125.963ms
[6701.367s][info][gc,phases,start] GC(2026) Adjust Pointers
[6701.566s][info][gc,phases      ] GC(2026) Adjust Pointers 199.338ms
[6701.566s][info][gc,phases,start] GC(2026) Compaction Phase
[6701.695s][info][gc,phases      ] GC(2026) Compaction Phase 128.530ms
[6701.696s][info][gc,phases,start] GC(2026) Post Compact
[6701.703s][info][gc,phases      ] GC(2026) Post Compact 6.984ms
[6701.838s][info][gc,heap        ] GC(2026) PSYoungGen: 2621184K(2633216K)->0K(2633216K) Eden: 2471424K(2471424K)->0K(2471424K) From: 149760K(161792K)->0K(161792K)
[6701.838s][info][gc,heap        ] GC(2026) ParOldGen: 5575933K(5576192K)->1433126K(1750528K)
[6701.838s][info][gc,metaspace   ] GC(2026) Metaspace: 29143K(29440K)->29143K(29440K) NonClass: 24252K(24384K)->24252K(24384K) Class: 4890K(5056K)->4890K(5056K)
[6701.838s][info][gc             ] GC(2026) Pause Full (Allocation Failure) 8004M->1399M(4281M) 889.986ms
[6701.838s][info][gc,cpu         ] GC(2026) User=4.06s Sys=0.14s Real=0.89s
..[6703.327s][info][gc,start       ] GC(2027) Pause Young (Allocation Failure)
[6703.390s][info][gc,heap        ] GC(2027) PSYoungGen: 2471424K(2633216K)->141440K(2633216K) Eden: 2471424K(2471424K)->0K(2472448K) From: 0K(161792K)->141440K(160768K)
[6703.390s][info][gc,heap        ] GC(2027) ParOldGen: 1433126K(1750528K)->1433126K(1750528K)
[6703.390s][info][gc,metaspace   ] GC(2027) Metaspace: 29143K(29440K)->29143K(29440K) NonClass: 24252K(24384K)->24252K(24384K) Class: 4890K(5056K)->4890K(5056K)
[6703.390s][info][gc             ] GC(2027) Pause Young (Allocation Failure) 3813M->1537M(4281M) 63.555ms
[6703.390s][info][gc,cpu         ] GC(2027) User=0.37s Sys=0.00s Real=0.07s
.[6704.829s][info][gc,start       ] GC(2028) Pause Young (Allocation Failure)
[6704.926s][info][gc,heap        ] GC(2028) PSYoungGen: 2613888K(2633216K)->154240K(2627072K) Eden: 2472448K(2472448K)->0K(2472448K) From: 141440K(160768K)->154240K(154624K)
[6704.926s][info][gc,heap        ] GC(2028) ParOldGen: 1433126K(1750528K)->1519206K(1750528K)
[6704.926s][info][gc,metaspace   ] GC(2028) Metaspace: 29143K(29440K)->29143K(29440K) NonClass: 24252K(24384K)->24252K(24384K) Class: 4890K(5056K)->4890K(5056K)
[6704.926s][info][gc             ] GC(2028) Pause Young (Allocation Failure) 3952M->1634M(4275M) 97.672ms
[6704.926s][info][gc,cpu         ] GC(2028) User=0.57s Sys=0.00s Real=0.09s
..[6706.432s][info][gc,start       ] GC(2029) Pause Young (Allocation Failure)
[6706.526s][info][gc,heap        ] GC(2029) PSYoungGen: 2626688K(2627072K)->137920K(2633216K) Eden: 2472448K(2472448K)->0K(2470400K) From: 154240K(154624K)->137920K(162816K)
[6706.526s][info][gc,heap        ] GC(2029) ParOldGen: 1519206K(1750528K)->1617710K(1750528K)
[6706.526s][info][gc,metaspace   ] GC(2029) Metaspace: 29143K(29440K)->29143K(29440K) NonClass: 24252K(24384K)->24252K(24384K) Class: 4890K(5056K)->4890K(5056K)
[6706.526s][info][gc             ] GC(2029) Pause Young (Allocation Failure) 4048M->1714M(4281M) 93.535ms
[6706.526s][info][gc,cpu         ] GC(2029) User=0.55s Sys=0.00s Real=0.09s
.[6708.223s][info][gc,start       ] GC(2030) Pause Young (Allocation Failure)
[6708.320s][info][gc,heap        ] GC(2030) PSYoungGen: 2608320K(2633216K)->148448K(2618880K) Eden: 2470400K(2470400K)->0K(2470400K) From: 137920K(162816K)->148448K(148480K)
[6708.320s][info][gc,heap        ] GC(2030) ParOldGen: 1617710K(1750528K)->1708686K(1750528K)
[6708.320s][info][gc,metaspace   ] GC(2030) Metaspace: 29143K(29440K)->29143K(29440K) NonClass: 24252K(24384K)->24252K(24384K) Class: 4890K(5056K)->4890K(5056K)
[6708.320s][info][gc             ] GC(2030) Pause Young (Allocation Failure) 4126M->1813M(4267M) 96.569ms
[6708.320s][info][gc,cpu         ] GC(2030) User=0.58s Sys=0.00s Real=0.10s
..[6710.072s][info][gc,start       ] GC(2031) Pause Young (Allocation Failure)
[6710.176s][info][gc,heap        ] GC(2031) PSYoungGen: 2618848K(2618880K)->155960K(2630144K) Eden: 2470400K(2470400K)->0K(2468352K) From: 148448K(148480K)->155960K(161792K)
[6710.176s][info][gc,heap        ] GC(2031) ParOldGen: 1708686K(1750528K)->1800478K(1800704K)
[6710.176s][info][gc,metaspace   ] GC(2031) Metaspace: 29143K(29440K)->29143K(29440K) NonClass: 24252K(24384K)->24252K(24384K) Class: 4890K(5056K)->4890K(5056K)
[6710.176s][info][gc             ] GC(2031) Pause Young (Allocation Failure) 4226M->1910M(4327M) 103.468ms
[6710.176s][info][gc,cpu         ] GC(2031) User=0.60s Sys=0.01s Real=0.10s
..[6711.897s][info][gc,start       ] GC(2032) Pause Young (Allocation Failure)
[6712.005s][info][gc,heap        ] GC(2032) PSYoungGen: 2624312K(2630144K)->159808K(2628608K) Eden: 2468352K(2468352K)->0K(2468352K) From: 155960K(161792K)->159808K(160256K)
[6712.005s][info][gc,heap        ] GC(2032) ParOldGen: 1800478K(1800704K)->1889502K(1889792K)
[6712.005s][info][gc,metaspace   ] GC(2032) Metaspace: 29143K(29440K)->29143K(29440K) NonClass: 24252K(24384K)->24252K(24384K) Class: 4890K(5056K)->4890K(5056K)
[6712.005s][info][gc             ] GC(2032) Pause Young (Allocation Failure) 4321M->2001M(4412M) 107.301ms
[6712.005s][info][gc,cpu         ] GC(2032) User=0.60s Sys=0.03s Real=0.11s
..[6713.776s][info][gc,start       ] GC(2033) Pause Young (Allocation Failure)
[6713.875s][info][gc,heap        ] GC(2033) PSYoungGen: 2628160K(2628608K)->142420K(2630144K) Eden: 2468352K(2468352K)->0K(2463232K) From: 159808K(160256K)->142420K(166912K)
[6713.875s][info][gc,heap        ] GC(2033) ParOldGen: 1889502K(1889792K)->1984214K(1984512K)
[6713.875s][info][gc,metaspace   ] GC(2033) Metaspace: 29143K(29440K)->29143K(29440K) NonClass: 24252K(24384K)->24252K(24384K) Class: 4890K(5056K)->4890K(5056K)
[6713.875s][info][gc             ] GC(2033) Pause Young (Allocation Failure) 4411M->2076M(4506M) 99.494ms
[6713.875s][info][gc,cpu         ] GC(2033) User=0.56s Sys=0.02s Real=0.10s
..[6715.619s][info][gc,start       ] GC(2034) Pause Young (Allocation Failure)
[6715.720s][info][gc,heap        ] GC(2034) PSYoungGen: 2605652K(2630144K)->148245K(2611712K) Eden: 2463232K(2463232K)->0K(2463232K) From: 142420K(166912K)->148245K(148480K)
[6715.720s][info][gc,heap        ] GC(2034) ParOldGen: 1984214K(1984512K)->2072142K(2072576K)
[6715.720s][info][gc,metaspace   ] GC(2034) Metaspace: 29143K(29440K)->29143K(29440K) NonClass: 24252K(24384K)->24252K(24384K) Class: 4890K(5056K)->4890K(5056K)
[6715.720s][info][gc             ] GC(2034) Pause Young (Allocation Failure) 4482M->2168M(4574M) 101.148ms
[6715.720s][info][gc,cpu         ] GC(2034) User=0.58s Sys=0.02s Real=0.10s
..[6717.493s][info][gc,start       ] GC(2035) Pause Young (Allocation Failure)
[6717.591s][info][gc,heap        ] GC(2035) PSYoungGen: 2611477K(2611712K)->138400K(2627584K) Eden: 2463232K(2463232K)->0K(2463232K) From: 148245K(148480K)->138400K(164352K)
[6717.591s][info][gc,heap        ] GC(2035) ParOldGen: 2072142K(2072576K)->2166054K(2166272K)
[6717.591s][info][gc,metaspace   ] GC(2035) Metaspace: 29143K(29440K)->29143K(29440K) NonClass: 24252K(24384K)->24252K(24384K) Class: 4890K(5056K)->4890K(5056K)
[6717.591s][info][gc             ] GC(2035) Pause Young (Allocation Failure) 4573M->2250M(4681M) 97.520ms
[6717.591s][info][gc,cpu         ] GC(2035) User=0.55s Sys=0.04s Real=0.10s
.[6719.321s][info][gc,start       ] GC(2036) Pause Young (Allocation Failure)
[6719.419s][info][gc,heap        ] GC(2036) PSYoungGen: 2601632K(2627584K)->143024K(2627584K) Eden: 2463232K(2463232K)->0K(2463232K) From: 138400K(164352K)->143024K(164352K)
[6719.419s][info][gc,heap        ] GC(2036) ParOldGen: 2166054K(2166272K)->2254870K(2255360K)
[6719.419s][info][gc,metaspace   ] GC(2036) Metaspace: 29143K(29440K)->29143K(29440K) NonClass: 24252K(24384K)->24252K(24384K) Class: 4890K(5056K)->4890K(5056K)
[6719.419s][info][gc             ] GC(2036) Pause Young (Allocation Failure) 4655M->2341M(4768M) 98.423ms
[6719.419s][info][gc,cpu         ] GC(2036) User=0.55s Sys=0.04s Real=0.10s
..[6721.089s][info][gc,start       ] GC(2037) Pause Young (Allocation Failure)
[6721.190s][info][gc,heap        ] GC(2037) PSYoungGen: 2606256K(2627584K)->150016K(2631168K) Eden: 2463232K(2463232K)->0K(2467840K) From: 143024K(164352K)->150016K(163328K)
[6721.190s][info][gc,heap        ] GC(2037) ParOldGen: 2254870K(2255360K)->2346774K(2347008K)
[6721.190s][info][gc,metaspace   ] GC(2037) Metaspace: 29143K(29440K)->29143K(29440K) NonClass: 24252K(24384K)->24252K(24384K) Class: 4890K(5056K)->4890K(5056K)
[6721.190s][info][gc             ] GC(2037) Pause Young (Allocation Failure) 4747M->2438M(4861M) 101.287ms
[6721.190s][info][gc,cpu         ] GC(2037) User=0.57s Sys=0.03s Real=0.10s
..[6722.825s][info][gc,start       ] GC(2038) Pause Young (Allocation Failure)
[6722.930s][info][gc,heap        ] GC(2038) PSYoungGen: 2617856K(2631168K)->148966K(2630656K) Eden: 2467840K(2467840K)->0K(2467840K) From: 150016K(163328K)->148966K(162816K)
[6722.930s][info][gc,heap        ] GC(2038) ParOldGen: 2346774K(2347008K)->2441310K(2441728K)
[6722.930s][info][gc,metaspace   ] GC(2038) Metaspace: 29143K(29440K)->29143K(29440K) NonClass: 24252K(24384K)->24252K(24384K) Class: 4890K(5056K)->4890K(5056K)
[6722.930s][info][gc             ] GC(2038) Pause Young (Allocation Failure) 4848M->2529M(4953M) 105.456ms
[6722.930s][info][gc,cpu         ] GC(2038) User=0.59s Sys=0.03s Real=0.11s
..[6724.630s][info][gc,start       ] GC(2039) Pause Young (Allocation Failure)
[6724.730s][info][gc,heap        ] GC(2039) PSYoungGen: 2616806K(2630656K)->145878K(2631168K) Eden: 2467840K(2467840K)->0K(2470912K) From: 148966K(162816K)->145878K(160256K)
[6724.730s][info][gc,heap        ] GC(2039) ParOldGen: 2441310K(2441728K)->2529926K(2530304K)
[6724.730s][info][gc,metaspace   ] GC(2039) Metaspace: 29143K(29440K)->29143K(29440K) NonClass: 24252K(24384K)->24252K(24384K) Class: 4890K(5056K)->4890K(5056K)
[6724.730s][info][gc             ] GC(2039) Pause Young (Allocation Failure) 4939M->2613M(5040M) 99.970ms
[6724.730s][info][gc,cpu         ] GC(2039) User=0.56s Sys=0.03s Real=0.10s
.[6726.433s][info][gc,start       ] GC(2040) Pause Young (Allocation Failure)
[6726.534s][info][gc,heap        ] GC(2040) PSYoungGen: 2616790K(2631168K)->141728K(2631680K) Eden: 2470912K(2470912K)->0K(2470912K) From: 145878K(160256K)->141728K(160768K)
[6726.534s][info][gc,heap        ] GC(2040) ParOldGen: 2529926K(2530304K)->2623966K(2624000K)
[6726.534s][info][gc,metaspace   ] GC(2040) Metaspace: 29143K(29440K)->29143K(29440K) NonClass: 24252K(24384K)->24252K(24384K) Class: 4890K(5056K)->4890K(5056K)
[6726.534s][info][gc             ] GC(2040) Pause Young (Allocation Failure) 5026M->2700M(5132M) 100.692ms
[6726.534s][info][gc,cpu         ] GC(2040) User=0.57s Sys=0.03s Real=0.10s
..[6728.301s][info][gc,start       ] GC(2041) Pause Young (Allocation Failure)
[6728.408s][info][gc,heap        ] GC(2041) PSYoungGen: 2612640K(2631680K)->157614K(2629632K) Eden: 2470912K(2470912K)->0K(2469376K) From: 141728K(160768K)->157614K(160256K)
[6728.408s][info][gc,heap        ] GC(2041) ParOldGen: 2623966K(2624000K)->2714294K(2714624K)
[6728.408s][info][gc,metaspace   ] GC(2041) Metaspace: 29143K(29440K)->29143K(29440K) NonClass: 24252K(24384K)->24252K(24384K) Class: 4890K(5056K)->4890K(5056K)
[6728.408s][info][gc             ] GC(2041) Pause Young (Allocation Failure) 5113M->2804M(5219M) 107.114ms
[6728.408s][info][gc,cpu         ] GC(2041) User=0.61s Sys=0.03s Real=0.10s
..[6730.137s][info][gc,start       ] GC(2042) Pause Young (Allocation Failure)
[6730.240s][info][gc,heap        ] GC(2042) PSYoungGen: 2626990K(2629632K)->149472K(2632704K) Eden: 2469376K(2469376K)->0K(2469376K) From: 157614K(160256K)->149472K(163328K)
[6730.241s][info][gc,heap        ] GC(2042) ParOldGen: 2714294K(2714624K)->2808342K(2808832K)
[6730.241s][info][gc,metaspace   ] GC(2042) Metaspace: 29143K(29440K)->29143K(29440K) NonClass: 24252K(24384K)->24252K(24384K) Class: 4890K(5056K)->4890K(5056K)
[6730.241s][info][gc             ] GC(2042) Pause Young (Allocation Failure) 5216M->2888M(5314M) 104.013ms
[6730.241s][info][gc,cpu         ] GC(2042) User=0.59s Sys=0.02s Real=0.11s
..[6731.886s][info][gc,start       ] GC(2043) Pause Young (Allocation Failure)
[6731.986s][info][gc,heap        ] GC(2043) PSYoungGen: 2618848K(2632704K)->144416K(2629632K) Eden: 2469376K(2469376K)->0K(2470400K) From: 149472K(163328K)->144416K(159232K)
[6731.986s][info][gc,heap        ] GC(2043) ParOldGen: 2808342K(2808832K)->2900806K(2900992K)
[6731.986s][info][gc,metaspace   ] GC(2043) Metaspace: 29143K(29440K)->29143K(29440K) NonClass: 24252K(24384K)->24252K(24384K) Class: 4890K(5056K)->4890K(5056K)
[6731.986s][info][gc             ] GC(2043) Pause Young (Allocation Failure) 5299M->2973M(5401M) 100.740ms
[6731.986s][info][gc,cpu         ] GC(2043) User=0.57s Sys=0.02s Real=0.10s
..[6733.728s][info][gc,start       ] GC(2044) Pause Young (Allocation Failure)
[6733.837s][info][gc,heap        ] GC(2044) PSYoungGen: 2614816K(2629632K)->156917K(2631680K) Eden: 2470400K(2470400K)->0K(2470400K) From: 144416K(159232K)->156917K(161280K)
[6733.837s][info][gc,heap        ] GC(2044) ParOldGen: 2900806K(2900992K)->2991702K(2992128K)
[6733.837s][info][gc,metaspace   ] GC(2044) Metaspace: 29143K(29440K)->29143K(29440K) NonClass: 24252K(24384K)->24252K(24384K) Class: 4890K(5056K)->4890K(5056K)
[6733.837s][info][gc             ] GC(2044) Pause Young (Allocation Failure) 5386M->3074M(5492M) 108.758ms
[6733.837s][info][gc,cpu         ] GC(2044) User=0.62s Sys=0.03s Real=0.10s
.[6735.481s][info][gc,start       ] GC(2045) Pause Young (Allocation Failure)
[6735.585s][info][gc,heap        ] GC(2045) PSYoungGen: 2627317K(2631680K)->151563K(2632704K) Eden: 2470400K(2470400K)->0K(2468864K) From: 156917K(161280K)->151563K(163840K)
[6735.585s][info][gc,heap        ] GC(2045) ParOldGen: 2991702K(2992128K)->3083294K(3083776K)
[6735.585s][info][gc,metaspace   ] GC(2045) Metaspace: 29143K(29440K)->29143K(29440K) NonClass: 24252K(24384K)->24252K(24384K) Class: 4890K(5056K)->4890K(5056K)
[6735.585s][info][gc             ] GC(2045) Pause Young (Allocation Failure) 5487M->3159M(5582M) 103.642ms
[6735.585s][info][gc,cpu         ] GC(2045) User=0.59s Sys=0.02s Real=0.10s
.[6736.699s][info][gc,start       ] GC(2046) Pause Full (Diagnostic Command)
[6736.699s][info][gc,phases,start] GC(2046) Marking Phase
[6736.999s][info][gc,phases      ] GC(2046) Marking Phase 300.344ms
[6736.999s][info][gc,phases,start] GC(2046) Summary Phase
[6736.999s][info][gc,phases      ] GC(2046) Summary Phase 0.071ms
[6736.999s][info][gc,phases,start] GC(2046) Forward
[6737.188s][info][gc,phases      ] GC(2046) Forward 188.897ms
[6737.188s][info][gc,phases,start] GC(2046) Adjust Pointers
[6737.400s][info][gc,phases      ] GC(2046) Adjust Pointers 211.282ms
[6737.400s][info][gc,phases,start] GC(2046) Compaction Phase
[6737.559s][info][gc,phases      ] GC(2046) Compaction Phase 159.301ms
[6737.562s][info][gc,phases,start] GC(2046) Post Compact
[6737.566s][info][gc,phases      ] GC(2046) Post Compact 4.047ms
[6737.566s][info][gc,heap        ] GC(2046) PSYoungGen: 1769004K(2632704K)->0K(2632704K) Eden: 1617440K(2468864K)->0K(2468864K) From: 151563K(163840K)->0K(163840K)
[6737.566s][info][gc,heap        ] GC(2046) ParOldGen: 3083294K(3083776K)->1162877K(3083776K)
[6737.566s][info][gc,metaspace   ] GC(2046) Metaspace: 29143K(29440K)->29143K(29440K) NonClass: 24252K(24384K)->24252K(24384K) Class: 4890K(5056K)->4890K(5056K)
[6737.566s][info][gc             ] GC(2046) Pause Full (Diagnostic Command) 4738M->1135M(5582M) 866.970ms
[6737.566s][info][gc,cpu         ] GC(2046) User=4.50s Sys=0.00s Real=0.86s
..[6739.061s][info][gc,start       ] GC(2047) Pause Young (Allocation Failure)
[6739.125s][info][gc,heap        ] GC(2047) PSYoungGen: 2468864K(2632704K)->144352K(2613248K) Eden: 2468864K(2468864K)->0K(2468864K) From: 0K(163840K)->144352K(144384K)
[6739.125s][info][gc,heap        ] GC(2047) ParOldGen: 1162877K(3083776K)->1162877K(3083776K)
[6739.125s][info][gc,metaspace   ] GC(2047) Metaspace: 29143K(29440K)->29143K(29440K) NonClass: 24252K(24384K)->24252K(24384K) Class: 4890K(5056K)->4890K(5056K)
[6739.125s][info][gc             ] GC(2047) Pause Young (Allocation Failure) 3546M->1276M(5563M) 64.753ms
[6739.125s][info][gc,cpu         ] GC(2047) User=0.38s Sys=0.00s Real=0.06s
.[6740.562s][info][gc,start       ] GC(2048) Pause Young (Allocation Failure)
[6740.658s][info][gc,heap        ] GC(2048) PSYoungGen: 2613216K(2613248K)->148261K(2633216K) Eden: 2468864K(2468864K)->0K(2470400K) From: 144352K(144384K)->148261K(162816K)
[6740.658s][info][gc,heap        ] GC(2048) ParOldGen: 1162877K(3083776K)->1254005K(3083776K)
[6740.658s][info][gc,metaspace   ] GC(2048) Metaspace: 29143K(29440K)->29143K(29440K) NonClass: 24252K(24384K)->24252K(24384K) Class: 4890K(5056K)->4890K(5056K)
[6740.658s][info][gc             ] GC(2048) Pause Young (Allocation Failure) 3687M->1369M(5583M) 95.690ms
[6740.658s][info][gc,cpu         ] GC(2048) User=0.56s Sys=0.00s Real=0.09s
.[6742.158s][info][gc,start       ] GC(2049) Pause Young (Allocation Failure)
[6742.258s][info][gc,heap        ] GC(2049) PSYoungGen: 2618661K(2633216K)->157545K(2631680K) Eden: 2470400K(2470400K)->0K(2470400K) From: 148261K(162816K)->157545K(161280K)
[6742.258s][info][gc,heap        ] GC(2049) ParOldGen: 1254005K(3083776K)->1347749K(3083776K)
[6742.258s][info][gc,metaspace   ] GC(2049) Metaspace: 29143K(29440K)->29143K(29440K) NonClass: 24252K(24384K)->24252K(24384K) Class: 4890K(5056K)->4890K(5056K)
[6742.258s][info][gc             ] GC(2049) Pause Young (Allocation Failure) 3781M->1470M(5581M) 100.516ms
[6742.258s][info][gc,cpu         ] GC(2049) User=0.60s Sys=0.00s Real=0.10s
..[6743.861s][info][gc,start       ] GC(2050) Pause Young (Allocation Failure)
[6743.956s][info][gc,heap        ] GC(2050) PSYoungGen: 2627945K(2631680K)->143104K(2633216K) Eden: 2470400K(2470400K)->0K(2469888K) From: 157545K(161280K)->143104K(163328K)
[6743.956s][info][gc,heap        ] GC(2050) ParOldGen: 1347749K(3083776K)->1440445K(3083776K)
[6743.956s][info][gc,metaspace   ] GC(2050) Metaspace: 29143K(29440K)->29143K(29440K) NonClass: 24252K(24384K)->24252K(24384K) Class: 4890K(5056K)->4890K(5056K)
[6743.956s][info][gc             ] GC(2050) Pause Young (Allocation Failure) 3882M->1546M(5583M) 94.635ms
[6743.956s][info][gc,cpu         ] GC(2050) User=0.56s Sys=0.00s Real=0.09s
..[6745.676s][info][gc,start       ] GC(2051) Pause Young (Allocation Failure)
[6745.772s][info][gc,heap        ] GC(2051) PSYoungGen: 2612992K(2633216K)->144806K(2614784K) Eden: 2469888K(2469888K)->0K(2469888K) From: 143104K(163328K)->144806K(144896K)
[6745.772s][info][gc,heap        ] GC(2051) ParOldGen: 1440445K(3083776K)->1532717K(3083776K)
[6745.772s][info][gc,metaspace   ] GC(2051) Metaspace: 29143K(29440K)->29143K(29440K) NonClass: 24252K(24384K)->24252K(24384K) Class: 4890K(5056K)->4890K(5056K)
[6745.772s][info][gc             ] GC(2051) Pause Young (Allocation Failure) 3958M->1638M(5565M) 95.829ms
[6745.772s][info][gc,cpu         ] GC(2051) User=0.57s Sys=0.00s Real=0.10s
..[6747.546s][info][gc,start       ] GC(2052) Pause Young (Allocation Failure)
[6747.641s][info][gc,heap        ] GC(2052) PSYoungGen: 2614694K(2614784K)->147360K(2633728K) Eden: 2469888K(2469888K)->0K(2471424K) From: 144806K(144896K)->147360K(162304K)
[6747.641s][info][gc,heap        ] GC(2052) ParOldGen: 1532717K(3083776K)->1620597K(3083776K)
[6747.641s][info][gc,metaspace   ] GC(2052) Metaspace: 29143K(29440K)->29143K(29440K) NonClass: 24252K(24384K)->24252K(24384K) Class: 4890K(5056K)->4890K(5056K)
[6747.641s][info][gc             ] GC(2052) Pause Young (Allocation Failure) 4050M->1726M(5583M) 94.541ms
[6747.641s][info][gc,cpu         ] GC(2052) User=0.55s Sys=0.00s Real=0.10s
. (rIR:aIR:PR = 11208:11166:11164) (tPR = 166247) [OK] 
  6748s: Performance info:
         Transaction,    Success,    Partial,     Failed,   Receipts, AvgBarcode, 
             Overall,     674159,          0,          0,     640510,      59.47, 
         Response times:
             Request,    Success,    Partial,     Failed,   SkipFail,     Probes,    Samples,      min,      p50,      p90,      p95,      p99,      max, 
       TotalPurchase,     640519,          0,          0,          0,     317716,     491844,      200,    14500,   230000,   487000,   750000,  1300000,
     InStorePurchase,     337393,          0,          0,          0,     166397,     258304,      200,    14600,   230000,   489000,   700000,  1200000,
      OnlinePurchase,     236000,          0,          0,          0,     117503,     181638,      300,    14500,   232000,   501000,   770000,  1300000,
        InstPurchase,      67126,          0,          0,          0,      33816,      51902,      300,    13900,   229000,   465000,   750000,  1100000,
          AssocOfCat,        678,          0,          0,          0,        533,        941,    24000,    73000,   308400,   512400,   960000,  1200000,
      AssocOfProduct,       6770,          0,          0,          0,       3575,       5699,      600,    15600,   274000,   478000,   670000,   890000,
      BusinessReport,       1689,          0,          0,          0,       1445,       2265,    28000,    69000,   324400,   562400,   900200,  1400000,
          CustBuyBeh,       6770,          0,          0,          0,       3709,       6005,      200,    11600,   238000,   470700,   660000,   890000,
       ProductReturn,      17877,          0,          0,          0,       9167,      14078,      300,    13600,   239000,   510000,   770000,   960000,

  6748s: (82%)   IR =  11346 [6749.387s][info][gc,start       ] GC(2053) Pause Young (Allocation Failure)
[6749.480s][info][gc,heap        ] GC(2053) PSYoungGen: 2618784K(2633728K)->136608K(2632192K) Eden: 2471424K(2471424K)->0K(2471424K) From: 147360K(162304K)->136608K(160768K)
[6749.480s][info][gc,heap        ] GC(2053) ParOldGen: 1620597K(3083776K)->1716365K(3083776K)
[6749.480s][info][gc,metaspace   ] GC(2053) Metaspace: 29143K(29440K)->29143K(29440K) NonClass: 24252K(24384K)->24252K(24384K) Class: 4890K(5056K)->4890K(5056K)
[6749.480s][info][gc             ] GC(2053) Pause Young (Allocation Failure) 4140M->1809M(5582M) 93.857ms
[6749.480s][info][gc,cpu         ] GC(2053) User=0.55s Sys=0.00s Real=0.10s
..[6751.267s][info][gc,start       ] GC(2054) Pause Young (Allocation Failure)
[6751.361s][info][gc,heap        ] GC(2054) PSYoungGen: 2608032K(2632192K)->141440K(2634752K) Eden: 2471424K(2471424K)->0K(2472960K) From: 136608K(160768K)->141440K(161792K)
[6751.361s][info][gc,heap        ] GC(2054) ParOldGen: 1716365K(3083776K)->1807437K(3083776K)
[6751.361s][info][gc,metaspace   ] GC(2054) Metaspace: 29143K(29440K)->29143K(29440K) NonClass: 24252K(24384K)->24252K(24384K) Class: 4890K(5056K)->4890K(5056K)
[6751.361s][info][gc             ] GC(2054) Pause Young (Allocation Failure) 4223M->1903M(5584M) 93.650ms
[6751.361s][info][gc,cpu         ] GC(2054) User=0.55s Sys=0.00s Real=0.10s
..[6753.190s][info][gc,start       ] GC(2055) Pause Young (Allocation Failure)
[6753.293s][info][gc,heap        ] GC(2055) PSYoungGen: 2614400K(2634752K)->161251K(2634240K) Eden: 2472960K(2472960K)->0K(2472960K) From: 141440K(161792K)->161251K(161280K)
[6753.293s][info][gc,heap        ] GC(2055) ParOldGen: 1807437K(3083776K)->1900621K(3083776K)
[6753.293s][info][gc,metaspace   ] GC(2055) Metaspace: 29143K(29440K)->29143K(29440K) NonClass: 24252K(24384K)->24252K(24384K) Class: 4890K(5056K)->4890K(5056K)
[6753.293s][info][gc             ] GC(2055) Pause Young (Allocation Failure) 4318M->2013M(5584M) 103.668ms
[6753.293s][info][gc,cpu         ] GC(2055) User=0.61s Sys=0.00s Real=0.10s
..[6754.983s][info][gc,start       ] GC(2056) Pause Young (Allocation Failure)
[6755.090s][info][gc,heap        ] GC(2056) PSYoungGen: 2634211K(2634240K)->161780K(2494976K) Eden: 2472960K(2472960K)->0K(2333184K) From: 161251K(161280K)->161780K(161792K)
[6755.090s][info][gc,heap        ] GC(2056) ParOldGen: 1900621K(3083776K)->1993469K(3083776K)
[6755.090s][info][gc,metaspace   ] GC(2056) Metaspace: 29143K(29440K)->29143K(29440K) NonClass: 24252K(24384K)->24252K(24384K) Class: 4890K(5056K)->4890K(5056K)
[6755.090s][info][gc             ] GC(2056) Pause Young (Allocation Failure) 4428M->2104M(5448M) 106.593ms
[6755.090s][info][gc,cpu         ] GC(2056) User=0.63s Sys=0.00s Real=0.11s
.[6756.640s][info][gc,start       ] GC(2057) Pause Young (Allocation Failure)
[6756.732s][info][gc,heap        ] GC(2057) PSYoungGen: 2494964K(2494976K)->136640K(2564608K) Eden: 2333184K(2333184K)->0K(2333184K) From: 161780K(161792K)->136640K(231424K)
[6756.732s][info][gc,heap        ] GC(2057) ParOldGen: 1993469K(3083776K)->2088557K(3083776K)
[6756.732s][info][gc,metaspace   ] GC(2057) Metaspace: 29143K(29440K)->29143K(29440K) NonClass: 24252K(24384K)->24252K(24384K) Class: 4890K(5056K)->4890K(5056K)
[6756.732s][info][gc             ] GC(2057) Pause Young (Allocation Failure) 4383M->2173M(5516M) 92.591ms
[6756.732s][info][gc,cpu         ] GC(2057) User=0.55s Sys=0.01s Real=0.09s
..[6758.284s][info][gc,start       ] GC(2058) Pause Young (Allocation Failure)
[6758.376s][info][gc,heap        ] GC(2058) PSYoungGen: 2469824K(2564608K)->130346K(2561536K) Eden: 2333184K(2333184K)->0K(2334208K) From: 136640K(231424K)->130346K(227328K)
[6758.376s][info][gc,heap        ] GC(2058) ParOldGen: 2088557K(3083776K)->2179901K(3083776K)
[6758.376s][info][gc,metaspace   ] GC(2058) Metaspace: 29143K(29440K)->29143K(29440K) NonClass: 24252K(24384K)->24252K(24384K) Class: 4890K(5056K)->4890K(5056K)
[6758.376s][info][gc             ] GC(2058) Pause Young (Allocation Failure) 4451M->2256M(5513M) 92.370ms
[6758.376s][info][gc,cpu         ] GC(2058) User=0.54s Sys=0.00s Real=0.09s
..[6759.942s][info][gc,start       ] GC(2059) Pause Young (Allocation Failure)
[6760.035s][info][gc,heap        ] GC(2059) PSYoungGen: 2464554K(2561536K)->141216K(2563584K) Eden: 2334208K(2334208K)->0K(2334208K) From: 130346K(227328K)->141216K(229376K)
[6760.035s][info][gc,heap        ] GC(2059) ParOldGen: 2179901K(3083776K)->2267869K(3083776K)
[6760.035s][info][gc,metaspace   ] GC(2059) Metaspace: 29143K(29440K)->29143K(29440K) NonClass: 24252K(24384K)->24252K(24384K) Class: 4890K(5056K)->4890K(5056K)
[6760.035s][info][gc             ] GC(2059) Pause Young (Allocation Failure) 4535M->2352M(5515M) 93.039ms
[6760.035s][info][gc,cpu         ] GC(2059) User=0.55s Sys=0.00s Real=0.09s
.[6761.635s][info][gc,start       ] GC(2060) Pause Young (Allocation Failure)
[6761.734s][info][gc,heap        ] GC(2060) PSYoungGen: 2475424K(2563584K)->147007K(2558976K) Eden: 2334208K(2334208K)->0K(2340864K) From: 141216K(229376K)->147007K(218112K)
[6761.734s][info][gc,heap        ] GC(2060) ParOldGen: 2267869K(3083776K)->2358181K(3083776K)
[6761.734s][info][gc,metaspace   ] GC(2060) Metaspace: 29143K(29440K)->29143K(29440K) NonClass: 24252K(24384K)->24252K(24384K) Class: 4890K(5056K)->4890K(5056K)
[6761.734s][info][gc             ] GC(2060) Pause Young (Allocation Failure) 4632M->2446M(5510M) 98.794ms
[6761.734s][info][gc,cpu         ] GC(2060) User=0.58s Sys=0.00s Real=0.10s
..[6763.281s][info][gc,start       ] GC(2061) Pause Young (Allocation Failure)
[6763.375s][info][gc,heap        ] GC(2061) PSYoungGen: 2487871K(2558976K)->138777K(2562048K) Eden: 2340864K(2340864K)->0K(2340864K) From: 147007K(218112K)->138777K(221184K)
[6763.375s][info][gc,heap        ] GC(2061) ParOldGen: 2358181K(3083776K)->2446837K(3083776K)
[6763.375s][info][gc,metaspace   ] GC(2061) Metaspace: 29143K(29440K)->29143K(29440K) NonClass: 24252K(24384K)->24252K(24384K) Class: 4890K(5056K)->4890K(5056K)
[6763.375s][info][gc             ] GC(2061) Pause Young (Allocation Failure) 4732M->2525M(5513M) 94.219ms
[6763.375s][info][gc,cpu         ] GC(2061) User=0.55s Sys=0.01s Real=0.09s
..|[6764.940s][info][gc,start       ] GC(2062) Pause Young (Allocation Failure)
[6765.037s][info][gc,heap        ] GC(2062) PSYoungGen: 2479641K(2562048K)->148025K(2564608K) Eden: 2340864K(2340864K)->0K(2356736K) From: 138777K(221184K)->148025K(207872K)
[6765.037s][info][gc,heap        ] GC(2062) ParOldGen: 2446837K(3083776K)->2537997K(3083776K)
[6765.037s][info][gc,metaspace   ] GC(2062) Metaspace: 29143K(29440K)->29143K(29440K) NonClass: 24252K(24384K)->24252K(24384K) Class: 4890K(5056K)->4890K(5056K)
[6765.037s][info][gc             ] GC(2062) Pause Young (Allocation Failure) 4811M->2623M(5516M) 97.673ms
[6765.037s][info][gc,cpu         ] GC(2062) User=0.58s Sys=0.00s Real=0.09s
.[6766.704s][info][gc,start       ] GC(2063) Pause Young (Allocation Failure)
[6766.801s][info][gc,heap        ] GC(2063) PSYoungGen: 2504761K(2564608K)->146053K(2569728K) Eden: 2356736K(2356736K)->0K(2356736K) From: 148025K(207872K)->146053K(212992K)
[6766.801s][info][gc,heap        ] GC(2063) ParOldGen: 2537997K(3083776K)->2626141K(3083776K)
[6766.801s][info][gc,metaspace   ] GC(2063) Metaspace: 29143K(29440K)->29143K(29440K) NonClass: 24252K(24384K)->24252K(24384K) Class: 4890K(5056K)->4890K(5056K)
[6766.801s][info][gc             ] GC(2063) Pause Young (Allocation Failure) 4924M->2707M(5521M) 97.314ms
[6766.801s][info][gc,cpu         ] GC(2063) User=0.57s Sys=0.00s Real=0.10s
..[6768.406s][info][gc,start       ] GC(2064) Pause Young (Allocation Failure)
[6768.502s][info][gc,heap        ] GC(2064) PSYoungGen: 2502789K(2569728K)->142181K(2574848K) Eden: 2356736K(2356736K)->0K(2374144K) From: 146053K(212992K)->142181K(200704K)
[6768.502s][info][gc,heap        ] GC(2064) ParOldGen: 2626141K(3083776K)->2717877K(3083776K)
[6768.502s][info][gc,metaspace   ] GC(2064) Metaspace: 29143K(29440K)->29143K(29440K) NonClass: 24252K(24384K)->24252K(24384K) Class: 4890K(5056K)->4890K(5056K)
[6768.502s][info][gc             ] GC(2064) Pause Young (Allocation Failure) 5008M->2793M(5526M) 96.115ms
[6768.502s][info][gc,cpu         ] GC(2064) User=0.57s Sys=0.00s Real=0.10s
..[6770.097s][info][gc,start       ] GC(2065) Pause Young (Allocation Failure)
[6770.192s][info][gc,heap        ] GC(2065) PSYoungGen: 2516325K(2574848K)->143712K(2579456K) Eden: 2374144K(2374144K)->0K(2374144K) From: 142181K(200704K)->143712K(205312K)
[6770.192s][info][gc,heap        ] GC(2065) ParOldGen: 2717877K(3083776K)->2806981K(3083776K)
[6770.192s][info][gc,metaspace   ] GC(2065) Metaspace: 29143K(29440K)->29143K(29440K) NonClass: 24252K(24384K)->24252K(24384K) Class: 4890K(5056K)->4890K(5056K)
[6770.192s][info][gc             ] GC(2065) Pause Young (Allocation Failure) 5111M->2881M(5530M) 95.103ms
[6770.192s][info][gc,cpu         ] GC(2065) User=0.56s Sys=0.00s Real=0.10s
.[6771.822s][info][gc,start       ] GC(2066) Pause Young (Allocation Failure)
[6771.917s][info][gc,heap        ] GC(2066) PSYoungGen: 2517856K(2579456K)->144085K(2582528K) Eden: 2374144K(2374144K)->0K(2388992K) From: 143712K(205312K)->144085K(193536K)
[6771.918s][info][gc,heap        ] GC(2066) ParOldGen: 2806981K(3083776K)->2898269K(3083776K)
[6771.918s][info][gc,metaspace   ] GC(2066) Metaspace: 29143K(29440K)->29143K(29440K) NonClass: 24252K(24384K)->24252K(24384K) Class: 4890K(5056K)->4890K(5056K)
[6771.918s][info][gc             ] GC(2066) Pause Young (Allocation Failure) 5200M->2971M(5533M) 95.160ms
[6771.918s][info][gc,cpu         ] GC(2066) User=0.56s Sys=0.00s Real=0.09s
..[6773.518s][info][gc,start       ] GC(2067) Pause Young (Allocation Failure)
[6773.616s][info][gc,heap        ] GC(2067) PSYoungGen: 2533077K(2582528K)->149012K(2587136K) Eden: 2388992K(2388992K)->0K(2388992K) From: 144085K(193536K)->149012K(198144K)
[6773.616s][info][gc,heap        ] GC(2067) ParOldGen: 2898269K(3083776K)->2986133K(3083776K)
[6773.616s][info][gc,metaspace   ] GC(2067) Metaspace: 29143K(29440K)->29143K(29440K) NonClass: 24252K(24384K)->24252K(24384K) Class: 4890K(5056K)->4890K(5056K)
[6773.616s][info][gc             ] GC(2067) Pause Young (Allocation Failure) 5304M->3061M(5538M) 97.627ms
[6773.616s][info][gc,cpu         ] GC(2067) User=0.58s Sys=0.00s Real=0.10s
..[6775.266s][info][gc,start       ] GC(2068) Pause Young (Allocation Failure)
[6775.363s][info][gc,heap        ] GC(2068) PSYoungGen: 2538004K(2587136K)->142549K(2592768K) Eden: 2388992K(2388992K)->0K(2404352K) From: 149012K(198144K)->142549K(188416K)
[6775.363s][info][gc,heap        ] GC(2068) ParOldGen: 2986133K(3083776K)->3078949K(3083776K)
[6775.363s][info][gc,metaspace   ] GC(2068) Metaspace: 29143K(29440K)->29143K(29440K) NonClass: 24252K(24384K)->24252K(24384K) Class: 4890K(5056K)->4890K(5056K)
[6775.363s][info][gc             ] GC(2068) Pause Young (Allocation Failure) 5394M->3145M(5543M) 97.174ms
[6775.363s][info][gc,cpu         ] GC(2068) User=0.58s Sys=0.00s Real=0.10s
..[6777.019s][info][gc,start       ] GC(2069) Pause Young (Allocation Failure)
[6777.120s][info][gc,heap        ] GC(2069) PSYoungGen: 2546901K(2592768K)->151456K(2595328K) Eden: 2404352K(2404352K)->0K(2404352K) From: 142549K(188416K)->151456K(190976K)
[6777.120s][info][gc,heap        ] GC(2069) ParOldGen: 3078949K(3083776K)->3165877K(3166208K)
[6777.120s][info][gc,metaspace   ] GC(2069) Metaspace: 29143K(29440K)->29143K(29440K) NonClass: 24252K(24384K)->24252K(24384K) Class: 4890K(5056K)->4890K(5056K)
[6777.120s][info][gc             ] GC(2069) Pause Young (Allocation Failure) 5493M->3239M(5626M) 101.423ms
[6777.120s][info][gc,cpu         ] GC(2069) User=0.57s Sys=0.03s Real=0.10s
.[6778.754s][info][gc,start       ] GC(2070) Pause Young (Allocation Failure)
[6778.854s][info][gc,heap        ] GC(2070) PSYoungGen: 2555808K(2595328K)->141444K(2601984K) Eden: 2404352K(2404352K)->0K(2417664K) From: 151456K(190976K)->141444K(184320K)
[6778.854s][info][gc,heap        ] GC(2070) ParOldGen: 3165877K(3166208K)->3260821K(3260928K)
[6778.854s][info][gc,metaspace   ] GC(2070) Metaspace: 29143K(29440K)->29143K(29440K) NonClass: 24252K(24384K)->24252K(24384K) Class: 4890K(5056K)->4890K(5056K)
[6778.854s][info][gc             ] GC(2070) Pause Young (Allocation Failure) 5587M->3322M(5725M) 100.089ms
[6778.854s][info][gc,cpu         ] GC(2070) User=0.56s Sys=0.03s Real=0.10s
..[6780.506s][info][gc,start       ] GC(2071) Pause Young (Allocation Failure)
[6780.604s][info][gc,heap        ] GC(2071) PSYoungGen: 2559108K(2601984K)->139424K(2603008K) Eden: 2417664K(2417664K)->0K(2417664K) From: 141444K(184320K)->139424K(185344K)
[6780.604s][info][gc,heap        ] GC(2071) ParOldGen: 3260821K(3260928K)->3349149K(3349504K)
[6780.604s][info][gc,metaspace   ] GC(2071) Metaspace: 29143K(29440K)->29143K(29440K) NonClass: 24252K(24384K)->24252K(24384K) Class: 4890K(5056K)->4890K(5056K)
[6780.604s][info][gc             ] GC(2071) Pause Young (Allocation Failure) 5683M->3406M(5813M) 97.808ms
[6780.604s][info][gc,cpu         ] GC(2071) User=0.55s Sys=0.03s Real=0.10s
..[6782.295s][info][gc,start       ] GC(2072) Pause Young (Allocation Failure)
[6782.391s][info][gc,heap        ] GC(2072) PSYoungGen: 2557088K(2603008K)->136416K(2608640K) Eden: 2417664K(2417664K)->0K(2427392K) From: 139424K(185344K)->136416K(181248K)
[6782.391s][info][gc,heap        ] GC(2072) ParOldGen: 3349149K(3349504K)->3440789K(3441152K)
[6782.391s][info][gc,metaspace   ] GC(2072) Metaspace: 29143K(29440K)->29143K(29440K) NonClass: 24252K(24384K)->24252K(24384K) Class: 4890K(5056K)->4890K(5056K)
[6782.391s][info][gc             ] GC(2072) Pause Young (Allocation Failure) 5767M->3493M(5908M) 95.948ms
[6782.391s][info][gc,cpu         ] GC(2072) User=0.54s Sys=0.03s Real=0.10s
..[6784.117s][info][gc,start       ] GC(2073) Pause Young (Allocation Failure)
[6784.218s][info][gc,heap        ] GC(2073) PSYoungGen: 2563808K(2608640K)->145440K(2609152K) Eden: 2427392K(2427392K)->0K(2427392K) From: 136416K(181248K)->145440K(181760K)
[6784.218s][info][gc,heap        ] GC(2073) ParOldGen: 3440789K(3441152K)->3532277K(3532288K)
[6784.218s][info][gc,metaspace   ] GC(2073) Metaspace: 29143K(29440K)->29143K(29440K) NonClass: 24252K(24384K)->24252K(24384K) Class: 4890K(5056K)->4890K(5056K)
[6784.218s][info][gc             ] GC(2073) Pause Young (Allocation Failure) 5863M->3591M(5997M) 101.296ms
[6784.218s][info][gc,cpu         ] GC(2073) User=0.57s Sys=0.02s Real=0.10s
.[6785.869s][info][gc,start       ] GC(2074) Pause Young (Allocation Failure)
[6785.974s][info][gc,heap        ] GC(2074) PSYoungGen: 2572832K(2609152K)->150681K(2612224K) Eden: 2427392K(2427392K)->0K(2435072K) From: 145440K(181760K)->150681K(177152K)
[6785.974s][info][gc,heap        ] GC(2074) ParOldGen: 3532277K(3532288K)->3624613K(3624960K)
[6785.974s][info][gc,metaspace   ] GC(2074) Metaspace: 29143K(29440K)->29143K(29440K) NonClass: 24252K(24384K)->24252K(24384K) Class: 4890K(5056K)->4890K(5056K)
[6785.974s][info][gc             ] GC(2074) Pause Young (Allocation Failure) 5962M->3686M(6091M) 104.846ms
[6785.974s][info][gc,cpu         ] GC(2074) User=0.60s Sys=0.03s Real=0.10s
..[6787.634s][info][gc,start       ] GC(2075) Pause Young (Allocation Failure)
[6787.736s][info][gc,heap        ] GC(2075) PSYoungGen: 2585753K(2612224K)->144825K(2611712K) Eden: 2435072K(2435072K)->0K(2435072K) From: 150681K(177152K)->144825K(176640K)
[6787.736s][info][gc,heap        ] GC(2075) ParOldGen: 3624613K(3624960K)->3715989K(3716096K)
[6787.736s][info][gc,metaspace   ] GC(2075) Metaspace: 29143K(29440K)->29143K(29440K) NonClass: 24252K(24384K)->24252K(24384K) Class: 4890K(5056K)->4890K(5056K)
[6787.736s][info][gc             ] GC(2075) Pause Young (Allocation Failure) 6064M->3770M(6179M) 101.908ms
[6787.736s][info][gc,cpu         ] GC(2075) User=0.57s Sys=0.02s Real=0.10s
..[6789.403s][info][gc,start       ] GC(2076) Pause Young (Allocation Failure)
[6789.503s][info][gc,heap        ] GC(2076) PSYoungGen: 2579897K(2611712K)->142282K(2617344K) Eden: 2435072K(2435072K)->0K(2444288K) From: 144825K(176640K)->142282K(173056K)
[6789.503s][info][gc,heap        ] GC(2076) ParOldGen: 3715989K(3716096K)->3807157K(3807232K)
[6789.503s][info][gc,metaspace   ] GC(2076) Metaspace: 29143K(29440K)->29143K(29440K) NonClass: 24252K(24384K)->24252K(24384K) Class: 4890K(5056K)->4890K(5056K)
[6789.503s][info][gc             ] GC(2076) Pause Young (Allocation Failure) 6148M->3856M(6274M) 99.419ms
[6789.503s][info][gc,cpu         ] GC(2076) User=0.57s Sys=0.03s Real=0.10s
.[6791.188s][info][gc,start       ] GC(2077) Pause Young (Allocation Failure)
[6791.291s][info][gc,heap        ] GC(2077) PSYoungGen: 2586570K(2617344K)->150400K(2616832K) Eden: 2444288K(2444288K)->0K(2444288K) From: 142282K(173056K)->150400K(172544K)
[6791.291s][info][gc,heap        ] GC(2077) ParOldGen: 3807157K(3807232K)->3898581K(3898880K)
[6791.291s][info][gc,metaspace   ] GC(2077) Metaspace: 29143K(29440K)->29143K(29440K) NonClass: 24252K(24384K)->24252K(24384K) Class: 4890K(5056K)->4890K(5056K)
[6791.291s][info][gc             ] GC(2077) Pause Young (Allocation Failure) 6243M->3954M(6363M) 103.111ms
[6791.291s][info][gc,cpu         ] GC(2077) User=0.58s Sys=0.03s Real=0.11s
..[6792.834s][info][gc,start       ] GC(2078) Pause Young (Allocation Failure)
[6792.939s][info][gc,heap        ] GC(2078) PSYoungGen: 2594688K(2616832K)->149721K(2621952K) Eden: 2444288K(2444288K)->0K(2451968K) From: 150400K(172544K)->149721K(169984K)
[6792.939s][info][gc,heap        ] GC(2078) ParOldGen: 3898581K(3898880K)->3993029K(3993088K)
[6792.939s][info][gc,metaspace   ] GC(2078) Metaspace: 29143K(29440K)->29143K(29440K) NonClass: 24252K(24384K)->24252K(24384K) Class: 4890K(5056K)->4890K(5056K)
[6792.939s][info][gc             ] GC(2078) Pause Young (Allocation Failure) 6341M->4045M(6460M) 105.272ms
[6792.939s][info][gc,cpu         ] GC(2078) User=0.59s Sys=0.02s Real=0.11s
..[6794.586s][info][gc,start       ] GC(2079) Pause Young (Allocation Failure)
[6794.685s][info][gc,heap        ] GC(2079) PSYoungGen: 2601689K(2621952K)->144256K(2621952K) Eden: 2451968K(2451968K)->0K(2451968K) From: 149721K(169984K)->144256K(169984K)
[6794.685s][info][gc,heap        ] GC(2079) ParOldGen: 3993029K(3993088K)->4081821K(4082176K)
[6794.685s][info][gc,metaspace   ] GC(2079) Metaspace: 29143K(29440K)->29143K(29440K) NonClass: 24252K(24384K)->24252K(24384K) Class: 4890K(5056K)->4890K(5056K)
[6794.685s][info][gc             ] GC(2079) Pause Young (Allocation Failure) 6440M->4127M(6547M) 98.301ms
[6794.685s][info][gc,cpu         ] GC(2079) User=0.56s Sys=0.02s Real=0.10s
.[6796.395s][info][gc,start       ] GC(2080) Pause Young (Allocation Failure)
[6796.498s][info][gc,heap        ] GC(2080) PSYoungGen: 2596224K(2621952K)->143524K(2624512K) Eden: 2451968K(2451968K)->0K(2457600K) From: 144256K(169984K)->143524K(166912K)
[6796.498s][info][gc,heap        ] GC(2080) ParOldGen: 4081821K(4082176K)->4175973K(4176384K)
[6796.498s][info][gc,metaspace   ] GC(2080) Metaspace: 29143K(29440K)->29143K(29440K) NonClass: 24252K(24384K)->24252K(24384K) Class: 4890K(5056K)->4890K(5056K)
[6796.498s][info][gc             ] GC(2080) Pause Young (Allocation Failure) 6521M->4218M(6641M) 102.807ms
[6796.498s][info][gc,cpu         ] GC(2080) User=0.58s Sys=0.03s Real=0.10s
..[6798.135s][info][gc,start       ] GC(2081) Pause Young (Allocation Failure)
[6798.241s][info][gc,heap        ] GC(2081) PSYoungGen: 2601124K(2624512K)->153225K(2624512K) Eden: 2457600K(2457600K)->0K(2457600K) From: 143524K(166912K)->153225K(166912K)
[6798.241s][info][gc,heap        ] GC(2081) ParOldGen: 4175973K(4176384K)->4267125K(4267520K)
[6798.241s][info][gc,metaspace   ] GC(2081) Metaspace: 29143K(29440K)->29143K(29440K) NonClass: 24252K(24384K)->24252K(24384K) Class: 4890K(5056K)->4890K(5056K)
[6798.241s][info][gc             ] GC(2081) Pause Young (Allocation Failure) 6618M->4316M(6730M) 105.374ms
[6798.241s][info][gc,cpu         ] GC(2081) User=0.59s Sys=0.03s Real=0.11s
..[6799.996s][info][gc,start       ] GC(2082) Pause Young (Allocation Failure)
[6800.100s][info][gc,heap        ] GC(2082) PSYoungGen: 2610825K(2624512K)->148570K(2627072K) Eden: 2457600K(2457600K)->0K(2462208K) From: 153225K(166912K)->148570K(164864K)
[6800.100s][info][gc,heap        ] GC(2082) ParOldGen: 4267125K(4267520K)->4358925K(4359168K)
[6800.100s][info][gc,metaspace   ] GC(2082) Metaspace: 29143K(29440K)->29143K(29440K) NonClass: 24252K(24384K)->24252K(24384K) Class: 4890K(5056K)->4890K(5056K)
[6800.100s][info][gc             ] GC(2082) Pause Young (Allocation Failure) 6716M->4401M(6822M) 104.701ms
[6800.100s][info][gc,cpu         ] GC(2082) User=0.59s Sys=0.03s Real=0.11s
..[6801.792s][info][gc,start       ] GC(2083) Pause Young (Allocation Failure)
[6801.893s][info][gc,heap        ] GC(2083) PSYoungGen: 2610778K(2627072K)->146336K(2628096K) Eden: 2462208K(2462208K)->0K(2462208K) From: 148570K(164864K)->146336K(165888K)
[6801.893s][info][gc,heap        ] GC(2083) ParOldGen: 4358925K(4359168K)->4449069K(4449280K)
[6801.893s][info][gc,metaspace   ] GC(2083) Metaspace: 29143K(29440K)->29143K(29440K) NonClass: 24252K(24384K)->24252K(24384K) Class: 4890K(5056K)->4890K(5056K)
[6801.893s][info][gc             ] GC(2083) Pause Young (Allocation Failure) 6806M->4487M(6911M) 100.749ms
[6801.893s][info][gc,cpu         ] GC(2083) User=0.57s Sys=0.03s Real=0.10s
.[6803.538s][info][gc,start       ] GC(2084) Pause Young (Allocation Failure)
[6803.639s][info][gc,heap        ] GC(2084) PSYoungGen: 2608544K(2628096K)->141504K(2629632K) Eden: 2462208K(2462208K)->0K(2465792K) From: 146336K(165888K)->141504K(163840K)
[6803.639s][info][gc,heap        ] GC(2084) ParOldGen: 4449069K(4449280K)->4539669K(4539904K)
[6803.639s][info][gc,metaspace   ] GC(2084) Metaspace: 29143K(29440K)->29143K(29440K) NonClass: 24252K(24384K)->24252K(24384K) Class: 4890K(5056K)->4890K(5056K)
[6803.639s][info][gc             ] GC(2084) Pause Young (Allocation Failure) 6892M->4571M(7001M) 101.572ms
[6803.639s][info][gc,cpu         ] GC(2084) User=0.58s Sys=0.03s Real=0.11s
..[6805.305s][info][gc,start       ] GC(2085) Pause Young (Allocation Failure)
[6805.411s][info][gc,heap        ] GC(2085) PSYoungGen: 2607296K(2629632K)->146816K(2629120K) Eden: 2465792K(2465792K)->0K(2465792K) From: 141504K(163840K)->146816K(163328K)
[6805.411s][info][gc,heap        ] GC(2085) ParOldGen: 4539669K(4539904K)->4632205K(4632576K)
[6805.411s][info][gc,metaspace   ] GC(2085) Metaspace: 29143K(29440K)->29143K(29440K) NonClass: 24252K(24384K)->24252K(24384K) Class: 4890K(5056K)->4890K(5056K)
[6805.411s][info][gc             ] GC(2085) Pause Young (Allocation Failure) 6979M->4667M(7091M) 106.237ms
[6805.412s][info][gc,cpu         ] GC(2085) User=0.60s Sys=0.02s Real=0.11s
..[6807.053s][info][gc,start       ] GC(2086) Pause Young (Allocation Failure)
[6807.164s][info][gc,heap        ] GC(2086) PSYoungGen: 2612608K(2629120K)->159364K(2627584K) Eden: 2465792K(2465792K)->0K(2465792K) From: 146816K(163328K)->159364K(161792K)
[6807.164s][info][gc,heap        ] GC(2086) ParOldGen: 4632205K(4632576K)->4725421K(4725760K)
[6807.164s][info][gc,metaspace   ] GC(2086) Metaspace: 29143K(29440K)->29143K(29440K) NonClass: 24252K(24384K)->24252K(24384K) Class: 4890K(5056K)->4890K(5056K)
[6807.164s][info][gc             ] GC(2086) Pause Young (Allocation Failure) 7075M->4770M(7181M) 111.137ms
[6807.164s][info][gc,cpu         ] GC(2086) User=0.63s Sys=0.03s Real=0.11s
..[6808.867s][info][gc,start       ] GC(2087) Pause Young (Allocation Failure)
[6808.974s][info][gc,heap        ] GC(2087) PSYoungGen: 2625156K(2627584K)->153271K(2630656K) Eden: 2465792K(2465792K)->0K(2465792K) From: 159364K(161792K)->153271K(164864K)
[6808.974s][info][gc,heap        ] GC(2087) ParOldGen: 4725421K(4725760K)->4816845K(4816896K)
[6808.974s][info][gc,metaspace   ] GC(2087) Metaspace: 29143K(29440K)->29143K(29440K) NonClass: 24252K(24384K)->24252K(24384K) Class: 4890K(5056K)->4890K(5056K)
[6808.974s][info][gc             ] GC(2087) Pause Young (Allocation Failure) 7178M->4853M(7273M) 106.882ms
[6808.974s][info][gc,cpu         ] GC(2087) User=0.61s Sys=0.03s Real=0.11s
.[6810.741s][info][gc,start       ] GC(2088) Pause Young (Allocation Failure)
[6810.845s][info][gc,heap        ] GC(2088) PSYoungGen: 2619063K(2630656K)->147008K(2628608K) Eden: 2465792K(2465792K)->0K(2465792K) From: 153271K(164864K)->147008K(162816K)
[6810.845s][info][gc,heap        ] GC(2088) ParOldGen: 4816845K(4816896K)->4908269K(4908544K)
[6810.845s][info][gc,metaspace   ] GC(2088) Metaspace: 29143K(29440K)->29143K(29440K) NonClass: 24252K(24384K)->24252K(24384K) Class: 4890K(5056K)->4890K(5056K)
[6810.845s][info][gc             ] GC(2088) Pause Young (Allocation Failure) 7261M->4936M(7360M) 104.326ms
[6810.845s][info][gc,cpu         ] GC(2088) User=0.57s Sys=0.04s Real=0.10s
..[6812.501s][info][gc,start       ] GC(2089) Pause Young (Allocation Failure)
[6812.600s][info][gc,heap        ] GC(2089) PSYoungGen: 2612800K(2628608K)->138080K(2629632K) Eden: 2465792K(2465792K)->0K(2465792K) From: 147008K(162816K)->138080K(163840K)
[6812.600s][info][gc,heap        ] GC(2089) ParOldGen: 4908269K(4908544K)->5001981K(5002240K)
[6812.600s][info][gc,metaspace   ] GC(2089) Metaspace: 29143K(29440K)->29143K(29440K) NonClass: 24252K(24384K)->24252K(24384K) Class: 4890K(5056K)->4890K(5056K)
[6812.600s][info][gc             ] GC(2089) Pause Young (Allocation Failure) 7344M->5019M(7453M) 99.376ms
[6812.600s][info][gc,cpu         ] GC(2089) User=0.56s Sys=0.02s Real=0.10s
..[6814.245s][info][gc,start       ] GC(2090) Pause Young (Allocation Failure)
[6814.346s][info][gc,heap        ] GC(2090) PSYoungGen: 2603872K(2629632K)->141632K(2631168K) Eden: 2465792K(2465792K)->0K(2468352K) From: 138080K(163840K)->141632K(162816K)
[6814.346s][info][gc,heap        ] GC(2090) ParOldGen: 5001981K(5002240K)->5091389K(5091840K)
[6814.346s][info][gc,metaspace   ] GC(2090) Metaspace: 29143K(29440K)->29143K(29440K) NonClass: 24252K(24384K)->24252K(24384K) Class: 4890K(5056K)->4890K(5056K)
[6814.346s][info][gc             ] GC(2090) Pause Young (Allocation Failure) 7427M->5110M(7542M) 100.961ms
[6814.346s][info][gc,cpu         ] GC(2090) User=0.56s Sys=0.03s Real=0.10s
..[6815.982s][info][gc,start       ] GC(2091) Pause Young (Allocation Failure)
[6816.086s][info][gc,heap        ] GC(2091) PSYoungGen: 2609984K(2631168K)->148032K(2631680K) Eden: 2468352K(2468352K)->0K(2468352K) From: 141632K(162816K)->148032K(163328K)
[6816.086s][info][gc,heap        ] GC(2091) ParOldGen: 5091389K(5091840K)->5185309K(5185536K)
[6816.086s][info][gc,metaspace   ] GC(2091) Metaspace: 29143K(29440K)->29143K(29440K) NonClass: 24252K(24384K)->24252K(24384K) Class: 4890K(5056K)->4890K(5056K)
[6816.086s][info][gc             ] GC(2091) Pause Young (Allocation Failure) 7520M->5208M(7634M) 103.661ms
[6816.086s][info][gc,cpu         ] GC(2091) User=0.58s Sys=0.03s Real=0.10s
.[6817.760s][info][gc,start       ] GC(2092) Pause Young (Allocation Failure)
[6817.865s][info][gc,heap        ] GC(2092) PSYoungGen: 2616384K(2631680K)->149777K(2632192K) Eden: 2468352K(2468352K)->0K(2470400K) From: 148032K(163328K)->149777K(161792K)
[6817.865s][info][gc,heap        ] GC(2092) ParOldGen: 5185309K(5185536K)->5276581K(5276672K)
[6817.865s][info][gc,metaspace   ] GC(2092) Metaspace: 29143K(29440K)->29143K(29440K) NonClass: 24252K(24384K)->24252K(24384K) Class: 4890K(5056K)->4890K(5056K)
[6817.865s][info][gc             ] GC(2092) Pause Young (Allocation Failure) 7618M->5299M(7723M) 105.270ms
[6817.865s][info][gc,cpu         ] GC(2092) User=0.58s Sys=0.03s Real=0.10s
..[6819.572s][info][gc,start       ] GC(2093) Pause Young (Allocation Failure)
[6819.679s][info][gc,heap        ] GC(2093) PSYoungGen: 2620177K(2632192K)->154048K(2632192K) Eden: 2470400K(2470400K)->0K(2470400K) From: 149777K(161792K)->154048K(161792K)
[6819.679s][info][gc,heap        ] GC(2093) ParOldGen: 5276581K(5276672K)->5367437K(5367808K)
[6819.679s][info][gc,metaspace   ] GC(2093) Metaspace: 29143K(29440K)->29143K(29440K) NonClass: 24252K(24384K)->24252K(24384K) Class: 4890K(5056K)->4890K(5056K)
[6819.679s][info][gc             ] GC(2093) Pause Young (Allocation Failure) 7711M->5392M(7812M) 106.942ms
[6819.679s][info][gc,cpu         ] GC(2093) User=0.61s Sys=0.02s Real=0.11s
..[6821.333s][info][gc,start       ] GC(2094) Pause Young (Allocation Failure)
[6821.434s][info][gc,heap        ] GC(2094) PSYoungGen: 2624448K(2632192K)->135840K(2632192K) Eden: 2470400K(2470400K)->0K(2469376K) From: 154048K(161792K)->135840K(162816K)
[6821.434s][info][gc,heap        ] GC(2094) ParOldGen: 5367437K(5367808K)->5462061K(5462528K)
[6821.434s][info][gc,metaspace   ] GC(2094) Metaspace: 29143K(29440K)->29143K(29440K) NonClass: 24252K(24384K)->24252K(24384K) Class: 4890K(5056K)->4890K(5056K)
[6821.434s][info][gc             ] GC(2094) Pause Young (Allocation Failure) 7804M->5466M(7905M) 101.177ms
[6821.434s][info][gc,cpu         ] GC(2094) User=0.56s Sys=0.03s Real=0.10s
..[6823.194s][info][gc,start       ] GC(2095) Pause Young (Allocation Failure)
[6823.300s][info][gc,heap        ] GC(2095) PSYoungGen: 2605216K(2632192K)->151872K(2621440K) Eden: 2469376K(2469376K)->0K(2469376K) From: 135840K(162816K)->151872K(152064K)
[6823.300s][info][gc,heap        ] GC(2095) ParOldGen: 5462061K(5462528K)->5552933K(5553152K)
[6823.300s][info][gc,metaspace   ] GC(2095) Metaspace: 29143K(29440K)->29143K(29440K) NonClass: 24252K(24384K)->24252K(24384K) Class: 4890K(5056K)->4890K(5056K)
[6823.300s][info][gc             ] GC(2095) Pause Young (Allocation Failure) 7878M->5571M(7983M) 105.328ms
[6823.300s][info][gc,cpu         ] GC(2095) User=0.59s Sys=0.03s Real=0.11s
.[6825.022s][info][gc,start       ] GC(2096) Pause Full (Allocation Failure)
[6825.022s][info][gc,phases,start] GC(2096) Marking Phase
[6825.320s][info][gc,phases      ] GC(2096) Marking Phase 298.366ms
[6825.320s][info][gc,phases,start] GC(2096) Summary Phase
[6825.321s][info][gc,phases      ] GC(2096) Summary Phase 0.104ms
[6825.321s][info][gc,phases,start] GC(2096) Forward
[6825.458s][info][gc,phases      ] GC(2096) Forward 137.813ms
[6825.458s][info][gc,phases,start] GC(2096) Adjust Pointers
[6825.664s][info][gc,phases      ] GC(2096) Adjust Pointers 205.160ms
[6825.664s][info][gc,phases,start] GC(2096) Compaction Phase
[6825.795s][info][gc,phases      ] GC(2096) Compaction Phase 130.938ms
[6825.796s][info][gc,phases,start] GC(2096) Post Compact
[6825.803s][info][gc,phases      ] GC(2096) Post Compact 6.828ms
[6825.936s][info][gc,heap        ] GC(2096) PSYoungGen: 2621248K(2621440K)->0K(2632192K) Eden: 2469376K(2469376K)->0K(2468352K) From: 151872K(152064K)->0K(163840K)
[6825.936s][info][gc,heap        ] GC(2096) ParOldGen: 5552933K(5553152K)->1441351K(1764352K)
[6825.936s][info][gc,metaspace   ] GC(2096) Metaspace: 29143K(29440K)->29143K(29440K) NonClass: 24252K(24384K)->24252K(24384K) Class: 4890K(5056K)->4890K(5056K)
[6825.936s][info][gc             ] GC(2096) Pause Full (Allocation Failure) 7982M->1407M(4293M) 914.112ms
[6825.936s][info][gc,cpu         ] GC(2096) User=4.13s Sys=0.13s Real=0.91s
?. (rIR:aIR:PR = 11346:11265:11307) (tPR = 168587) [OK] 
  6826s: Performance info:
         Transaction,    Success,    Partial,     Failed,   Receipts, AvgBarcode, 
             Overall,     680349,          0,          0,     645724,      59.47, 
         Response times:
             Request,    Success,    Partial,     Failed,   SkipFail,     Probes,    Samples,      min,      p50,      p90,      p95,      p99,      max, 
       TotalPurchase,     653778,          0,          0,          0,     352959,     462212,      300,    11300,    79000,   107000,   155000,  1100000,
     InStorePurchase,     342533,          0,          0,          0,     185245,     242538,      300,    11100,    78000,   106000,   152000,  1100000,
      OnlinePurchase,     241738,          0,          0,          0,     130043,     170339,      300,    11400,    80000,   108000,   155000,  1100000,
        InstPurchase,      69507,          0,          0,          0,      37671,      49335,      300,    11500,    81000,   109000,   169000,   930000,
          AssocOfCat,        691,          0,          0,          0,        568,        848,    25000,    56000,   134000,   169200,   230040,   278000,
      AssocOfProduct,       6897,          0,          0,          0,       4103,       5572,      600,    12300,    80000,   109000,   166270,   288000,
      BusinessReport,       1727,          0,          0,          0,       1540,       2147,    25000,    63000,   142000,   171000,   231040,  1100000,
          CustBuyBeh,       6920,          0,          0,          0,       4108,       5539,      500,    14000,    88000,   113000,   171000,  1100000,
       ProductReturn,      18708,          0,          0,          0,       9156,      12133,      300,    13700,    88000,   114000,   169000,   930000,

  6826s: (83%)   IR =  11485 [6827.396s][info][gc,start       ] GC(2097) Pause Young (Allocation Failure)
[6827.462s][info][gc,heap        ] GC(2097) PSYoungGen: 2468352K(2632192K)->142864K(2611712K) Eden: 2468352K(2468352K)->0K(2468352K) From: 0K(163840K)->142864K(143360K)
[6827.462s][info][gc,heap        ] GC(2097) ParOldGen: 1441351K(1764352K)->1441351K(1764352K)
[6827.462s][info][gc,metaspace   ] GC(2097) Metaspace: 29143K(29440K)->29143K(29440K) NonClass: 24252K(24384K)->24252K(24384K) Class: 4890K(5056K)->4890K(5056K)
[6827.462s][info][gc             ] GC(2097) Pause Young (Allocation Failure) 3818M->1547M(4273M) 65.878ms
[6827.462s][info][gc,cpu         ] GC(2097) User=0.39s Sys=0.00s Real=0.07s
..[6829.243s][info][gc,start       ] GC(2098) Pause Young (Allocation Failure)
[6829.340s][info][gc,heap        ] GC(2098) PSYoungGen: 2611216K(2611712K)->145784K(2632704K) Eden: 2468352K(2468352K)->0K(2469888K) From: 142864K(143360K)->145784K(162816K)
[6829.340s][info][gc,heap        ] GC(2098) ParOldGen: 1441351K(1764352K)->1537207K(1764352K)
[6829.340s][info][gc,metaspace   ] GC(2098) Metaspace: 29143K(29440K)->29143K(29440K) NonClass: 24252K(24384K)->24252K(24384K) Class: 4890K(5056K)->4890K(5056K)
[6829.340s][info][gc             ] GC(2098) Pause Young (Allocation Failure) 3957M->1643M(4294M) 97.456ms
[6829.340s][info][gc,cpu         ] GC(2098) User=0.58s Sys=0.00s Real=0.10s
..[6830.973s][info][gc,start       ] GC(2099) Pause Young (Allocation Failure)
[6831.067s][info][gc,heap        ] GC(2099) PSYoungGen: 2615672K(2632704K)->144064K(2631168K) Eden: 2469888K(2469888K)->0K(2469888K) From: 145784K(162816K)->144064K(161280K)
[6831.067s][info][gc,heap        ] GC(2099) ParOldGen: 1537207K(1764352K)->1628711K(1764352K)
[6831.067s][info][gc,metaspace   ] GC(2099) Metaspace: 29143K(29440K)->29143K(29440K) NonClass: 24252K(24384K)->24252K(24384K) Class: 4890K(5056K)->4890K(5056K)
[6831.067s][info][gc             ] GC(2099) Pause Young (Allocation Failure) 4055M->1731M(4292M) 94.367ms
[6831.067s][info][gc,cpu         ] GC(2099) User=0.55s Sys=0.00s Real=0.09s
..[6832.796s][info][gc,start       ] GC(2100) Pause Young (Allocation Failure)
[6832.898s][info][gc,heap        ] GC(2100) PSYoungGen: 2613952K(2631168K)->154007K(2630656K) Eden: 2469888K(2469888K)->0K(2470400K) From: 144064K(161280K)->154007K(160256K)
[6832.898s][info][gc,heap        ] GC(2100) ParOldGen: 1628711K(1764352K)->1718895K(1764352K)
[6832.898s][info][gc,metaspace   ] GC(2100) Metaspace: 29143K(29440K)->29143K(29440K) NonClass: 24252K(24384K)->24252K(24384K) Class: 4890K(5056K)->4890K(5056K)
[6832.898s][info][gc             ] GC(2100) Pause Young (Allocation Failure) 4143M->1829M(4292M) 101.246ms
[6832.898s][info][gc,cpu         ] GC(2100) User=0.60s Sys=0.00s Real=0.10s
.[6834.527s][info][gc,start       ] GC(2101) Pause Young (Allocation Failure)
[6834.627s][info][gc,heap        ] GC(2101) PSYoungGen: 2624407K(2630656K)->150548K(2632192K) Eden: 2470400K(2470400K)->0K(2470400K) From: 154007K(160256K)->150548K(161792K)
[6834.627s][info][gc,heap        ] GC(2101) ParOldGen: 1718895K(1764352K)->1810119K(1810432K)
[6834.627s][info][gc,metaspace   ] GC(2101) Metaspace: 29143K(29440K)->29143K(29440K) NonClass: 24252K(24384K)->24252K(24384K) Class: 4890K(5056K)->4890K(5056K)
[6834.627s][info][gc             ] GC(2101) Pause Young (Allocation Failure) 4241M->1914M(4338M) 99.928ms
[6834.627s][info][gc,cpu         ] GC(2101) User=0.57s Sys=0.02s Real=0.10s
..[6836.272s][info][gc,start       ] GC(2102) Pause Young (Allocation Failure)
[6836.372s][info][gc,heap        ] GC(2102) PSYoungGen: 2620948K(2632192K)->139968K(2634240K) Eden: 2470400K(2470400K)->0K(2472448K) From: 150548K(161792K)->139968K(161792K)
[6836.372s][info][gc,heap        ] GC(2102) ParOldGen: 1810119K(1810432K)->1904407K(1904640K)
[6836.372s][info][gc,metaspace   ] GC(2102) Metaspace: 29143K(29440K)->29143K(29440K) NonClass: 24252K(24384K)->24252K(24384K) Class: 4890K(5056K)->4890K(5056K)
[6836.372s][info][gc             ] GC(2102) Pause Young (Allocation Failure) 4327M->1996M(4432M) 99.827ms
[6836.372s][info][gc,cpu         ] GC(2102) User=0.56s Sys=0.03s Real=0.10s
..|[6837.995s][info][gc,start       ] GC(2103) Pause Young (Allocation Failure)
[6838.098s][info][gc,heap        ] GC(2103) PSYoungGen: 2612416K(2634240K)->151898K(2634240K) Eden: 2472448K(2472448K)->0K(2472448K) From: 139968K(161792K)->151898K(161792K)
[6838.098s][info][gc,heap        ] GC(2103) ParOldGen: 1904407K(1904640K)->1996519K(1996800K)
[6838.098s][info][gc,metaspace   ] GC(2103) Metaspace: 29143K(29440K)->29143K(29440K) NonClass: 24252K(24384K)->24252K(24384K) Class: 4890K(5056K)->4890K(5056K)
[6838.098s][info][gc             ] GC(2103) Pause Young (Allocation Failure) 4410M->2098M(4522M) 102.389ms
[6838.098s][info][gc,cpu         ] GC(2103) User=0.58s Sys=0.03s Real=0.10s
..[6839.871s][info][gc,start       ] GC(2104) Pause Young (Allocation Failure)
[6839.971s][info][gc,heap        ] GC(2104) PSYoungGen: 2624346K(2634240K)->144896K(2632192K) Eden: 2472448K(2472448K)->0K(2472448K) From: 151898K(161792K)->144896K(159744K)
[6839.971s][info][gc,heap        ] GC(2104) ParOldGen: 1996519K(1996800K)->2088303K(2088448K)
[6839.971s][info][gc,metaspace   ] GC(2104) Metaspace: 29143K(29440K)->29143K(29440K) NonClass: 24252K(24384K)->24252K(24384K) Class: 4890K(5056K)->4890K(5056K)
[6839.971s][info][gc             ] GC(2104) Pause Young (Allocation Failure) 4512M->2180M(4610M) 99.896ms
[6839.971s][info][gc,cpu         ] GC(2104) User=0.57s Sys=0.02s Real=0.10s
.[6841.650s][info][gc,start       ] GC(2105) Pause Young (Allocation Failure)
[6841.753s][info][gc,heap        ] GC(2105) PSYoungGen: 2617344K(2632192K)->154484K(2633216K) Eden: 2472448K(2472448K)->0K(2472448K) From: 144896K(159744K)->154484K(160768K)
[6841.753s][info][gc,heap        ] GC(2105) ParOldGen: 2088303K(2088448K)->2178471K(2178560K)
[6841.753s][info][gc,metaspace   ] GC(2105) Metaspace: 29143K(29440K)->29143K(29440K) NonClass: 24252K(24384K)->24252K(24384K) Class: 4890K(5056K)->4890K(5056K)
[6841.753s][info][gc             ] GC(2105) Pause Young (Allocation Failure) 4595M->2278M(4699M) 103.890ms
[6841.754s][info][gc,cpu         ] GC(2105) User=0.59s Sys=0.03s Real=0.10s
..[6843.374s][info][gc,start       ] GC(2106) Pause Young (Allocation Failure)
[6843.473s][info][gc,heap        ] GC(2106) PSYoungGen: 2626932K(2633216K)->143552K(2634240K) Eden: 2472448K(2472448K)->0K(2471936K) From: 154484K(160768K)->143552K(162304K)
[6843.473s][info][gc,heap        ] GC(2106) ParOldGen: 2178471K(2178560K)->2269031K(2269184K)
[6843.473s][info][gc,metaspace   ] GC(2106) Metaspace: 29143K(29440K)->29143K(29440K) NonClass: 24252K(24384K)->24252K(24384K) Class: 4890K(5056K)->4890K(5056K)
[6843.473s][info][gc             ] GC(2106) Pause Young (Allocation Failure) 4692M->2356M(4788M) 98.459ms
[6843.473s][info][gc,cpu         ] GC(2106) User=0.56s Sys=0.03s Real=0.10s
..[6845.245s][info][gc,start       ] GC(2107) Pause Young (Allocation Failure)
[6845.343s][info][gc,heap        ] GC(2107) PSYoungGen: 2615488K(2634240K)->139424K(2633728K) Eden: 2471936K(2471936K)->0K(2471936K) From: 143552K(162304K)->139424K(161792K)
[6845.343s][info][gc,heap        ] GC(2107) ParOldGen: 2269031K(2269184K)->2360215K(2360320K)
[6845.343s][info][gc,metaspace   ] GC(2107) Metaspace: 29143K(29440K)->29143K(29440K) NonClass: 24252K(24384K)->24252K(24384K) Class: 4890K(5056K)->4890K(5056K)
[6845.343s][info][gc             ] GC(2107) Pause Young (Allocation Failure) 4770M->2441M(4877M) 98.583ms
[6845.343s][info][gc,cpu         ] GC(2107) User=0.55s Sys=0.03s Real=0.10s
..[6847.084s][info][gc,start       ] GC(2108) Pause Young (Allocation Failure)
[6847.182s][info][gc,heap        ] GC(2108) PSYoungGen: 2611360K(2633728K)->142608K(2632704K) Eden: 2471936K(2471936K)->0K(2472448K) From: 139424K(161792K)->142608K(160256K)
[6847.182s][info][gc,heap        ] GC(2108) ParOldGen: 2360215K(2360320K)->2454767K(2455040K)
[6847.182s][info][gc,metaspace   ] GC(2108) Metaspace: 29143K(29440K)->29143K(29440K) NonClass: 24252K(24384K)->24252K(24384K) Class: 4890K(5056K)->4890K(5056K)
[6847.182s][info][gc             ] GC(2108) Pause Young (Allocation Failure) 4855M->2536M(4968M) 98.140ms
[6847.182s][info][gc,cpu         ] GC(2108) User=0.55s Sys=0.03s Real=0.10s
..[6848.856s][info][gc,start       ] GC(2109) Pause Young (Allocation Failure)
[6848.957s][info][gc,heap        ] GC(2109) PSYoungGen: 2615056K(2632704K)->150608K(2633216K) Eden: 2472448K(2472448K)->0K(2472448K) From: 142608K(160256K)->150608K(160768K)
[6848.957s][info][gc,heap        ] GC(2109) ParOldGen: 2454767K(2455040K)->2544127K(2544128K)
[6848.957s][info][gc,metaspace   ] GC(2109) Metaspace: 29143K(29440K)->29143K(29440K) NonClass: 24252K(24384K)->24252K(24384K) Class: 4890K(5056K)->4890K(5056K)
[6848.957s][info][gc             ] GC(2109) Pause Young (Allocation Failure) 4950M->2631M(5056M) 100.741ms
[6848.957s][info][gc,cpu         ] GC(2109) User=0.57s Sys=0.03s Real=0.10s
.[6850.627s][info][gc,start       ] GC(2110) Pause Young (Allocation Failure)
[6850.726s][info][gc,heap        ] GC(2110) PSYoungGen: 2623056K(2633216K)->141472K(2634240K) Eden: 2472448K(2472448K)->0K(2474496K) From: 150608K(160768K)->141472K(159744K)
[6850.726s][info][gc,heap        ] GC(2110) ParOldGen: 2544127K(2544128K)->2638519K(2638848K)
[6850.726s][info][gc,metaspace   ] GC(2110) Metaspace: 29143K(29440K)->29143K(29440K) NonClass: 24252K(24384K)->24252K(24384K) Class: 4890K(5056K)->4890K(5056K)
[6850.726s][info][gc             ] GC(2110) Pause Young (Allocation Failure) 5046M->2714M(5149M) 99.360ms
[6850.726s][info][gc,cpu         ] GC(2110) User=0.56s Sys=0.02s Real=0.10s
..[6852.356s][info][gc,start       ] GC(2111) Pause Young (Allocation Failure)
[6852.458s][info][gc,heap        ] GC(2111) PSYoungGen: 2615968K(2634240K)->148384K(2634752K) Eden: 2474496K(2474496K)->0K(2474496K) From: 141472K(159744K)->148384K(160256K)
[6852.458s][info][gc,heap        ] GC(2111) ParOldGen: 2638519K(2638848K)->2728391K(2728448K)
[6852.458s][info][gc,metaspace   ] GC(2111) Metaspace: 29143K(29440K)->29143K(29440K) NonClass: 24252K(24384K)->24252K(24384K) Class: 4890K(5056K)->4890K(5056K)
[6852.458s][info][gc             ] GC(2111) Pause Young (Allocation Failure) 5131M->2809M(5237M) 102.005ms
[6852.458s][info][gc,cpu         ] GC(2111) User=0.57s Sys=0.03s Real=0.10s
..[6854.199s][info][gc,start       ] GC(2112) Pause Young (Allocation Failure)
[6854.303s][info][gc,heap        ] GC(2112) PSYoungGen: 2622880K(2634752K)->150400K(2635264K) Eden: 2474496K(2474496K)->0K(2475520K) From: 148384K(160256K)->150400K(159744K)
[6854.303s][info][gc,heap        ] GC(2112) ParOldGen: 2728391K(2728448K)->2819399K(2819584K)
[6854.303s][info][gc,metaspace   ] GC(2112) Metaspace: 29143K(29440K)->29143K(29440K) NonClass: 24252K(24384K)->24252K(24384K) Class: 4890K(5056K)->4890K(5056K)
[6854.303s][info][gc             ] GC(2112) Pause Young (Allocation Failure) 5225M->2900M(5327M) 103.585ms
[6854.303s][info][gc,cpu         ] GC(2112) User=0.58s Sys=0.03s Real=0.10s
.[6855.906s][info][gc,start       ] GC(2113) Pause Young (Allocation Failure)
[6856.012s][info][gc,heap        ] GC(2113) PSYoungGen: 2625920K(2635264K)->155712K(2631680K) Eden: 2475520K(2475520K)->0K(2475520K) From: 150400K(159744K)->155712K(156160K)
[6856.012s][info][gc,heap        ] GC(2113) ParOldGen: 2819399K(2819584K)->2912791K(2913280K)
[6856.012s][info][gc,metaspace   ] GC(2113) Metaspace: 29143K(29440K)->29143K(29440K) NonClass: 24252K(24384K)->24252K(24384K) Class: 4890K(5056K)->4890K(5056K)
[6856.012s][info][gc             ] GC(2113) Pause Young (Allocation Failure) 5317M->2996M(5415M) 105.525ms
[6856.012s][info][gc,cpu         ] GC(2113) User=0.59s Sys=0.04s Real=0.11s
..[6857.672s][info][gc,start       ] GC(2114) Pause Young (Allocation Failure)
[6857.774s][info][gc,heap        ] GC(2114) PSYoungGen: 2631232K(2631680K)->145664K(2635264K) Eden: 2475520K(2475520K)->0K(2472960K) From: 155712K(156160K)->145664K(162304K)
[6857.774s][info][gc,heap        ] GC(2114) ParOldGen: 2912791K(2913280K)->3004623K(3004928K)
[6857.774s][info][gc,metaspace   ] GC(2114) Metaspace: 29143K(29440K)->29143K(29440K) NonClass: 24252K(24384K)->24252K(24384K) Class: 4890K(5056K)->4890K(5056K)
[6857.774s][info][gc             ] GC(2114) Pause Young (Allocation Failure) 5414M->3076M(5508M) 101.210ms
[6857.774s][info][gc,cpu         ] GC(2114) User=0.56s Sys=0.03s Real=0.10s
..[6859.388s][info][gc,start       ] GC(2115) Pause Young (Allocation Failure)
[6859.491s][info][gc,heap        ] GC(2115) PSYoungGen: 2618624K(2635264K)->146480K(2619904K) Eden: 2472960K(2472960K)->0K(2472960K) From: 145664K(162304K)->146480K(146944K)
[6859.491s][info][gc,heap        ] GC(2115) ParOldGen: 3004623K(3004928K)->3096607K(3097088K)
[6859.491s][info][gc,metaspace   ] GC(2115) Metaspace: 29143K(29440K)->29143K(29440K) NonClass: 24252K(24384K)->24252K(24384K) Class: 4890K(5056K)->4890K(5056K)
[6859.491s][info][gc             ] GC(2115) Pause Young (Allocation Failure) 5491M->3167M(5583M) 103.247ms
[6859.491s][info][gc,cpu         ] GC(2115) User=0.59s Sys=0.03s Real=0.11s
.[6861.151s][info][gc,start       ] GC(2116) Pause Young (Allocation Failure)
[6861.256s][info][gc,heap        ] GC(2116) PSYoungGen: 2619440K(2619904K)->156020K(2630656K) Eden: 2472960K(2472960K)->0K(2470912K) From: 146480K(146944K)->156020K(159744K)
[6861.256s][info][gc,heap        ] GC(2116) ParOldGen: 3096607K(3097088K)->3186751K(3187200K)
[6861.256s][info][gc,metaspace   ] GC(2116) Metaspace: 29143K(29440K)->29143K(29440K) NonClass: 24252K(24384K)->24252K(24384K) Class: 4890K(5056K)->4890K(5056K)
[6861.256s][info][gc             ] GC(2116) Pause Young (Allocation Failure) 5582M->3264M(5681M) 104.747ms
[6861.256s][info][gc,cpu         ] GC(2116) User=0.59s Sys=0.02s Real=0.10s
..[6862.990s][info][gc,start       ] GC(2117) Pause Young (Allocation Failure)
[6863.090s][info][gc,heap        ] GC(2117) PSYoungGen: 2626932K(2630656K)->144064K(2632704K) Eden: 2470912K(2470912K)->0K(2470912K) From: 156020K(159744K)->144064K(161792K)
[6863.090s][info][gc,heap        ] GC(2117) ParOldGen: 3186751K(3187200K)->3280543K(3280896K)
[6863.090s][info][gc,metaspace   ] GC(2117) Metaspace: 29143K(29440K)->29143K(29440K) NonClass: 24252K(24384K)->24252K(24384K) Class: 4890K(5056K)->4890K(5056K)
[6863.090s][info][gc             ] GC(2117) Pause Young (Allocation Failure) 5677M->3344M(5775M) 100.331ms
[6863.090s][info][gc,cpu         ] GC(2117) User=0.55s Sys=0.03s Real=0.10s
..[6864.764s][info][gc,start       ] GC(2118) Pause Young (Allocation Failure)
[6864.863s][info][gc,heap        ] GC(2118) PSYoungGen: 2614976K(2632704K)->145824K(2631680K) Eden: 2470912K(2470912K)->0K(2472960K) From: 144064K(161792K)->145824K(158720K)
[6864.863s][info][gc,heap        ] GC(2118) ParOldGen: 3280543K(3280896K)->3371415K(3371520K)
[6864.863s][info][gc,metaspace   ] GC(2118) Metaspace: 29143K(29440K)->29143K(29440K) NonClass: 24252K(24384K)->24252K(24384K) Class: 4890K(5056K)->4890K(5056K)
[6864.863s][info][gc             ] GC(2118) Pause Young (Allocation Failure) 5757M->3434M(5862M) 99.342ms
[6864.863s][info][gc,cpu         ] GC(2118) User=0.55s Sys=0.04s Real=0.10s
..[6866.475s][info][gc,start       ] GC(2119) Pause Young (Allocation Failure)
[6866.575s][info][gc,heap        ] GC(2119) PSYoungGen: 2618784K(2631680K)->140224K(2633216K) Eden: 2472960K(2472960K)->0K(2472960K) From: 145824K(158720K)->140224K(160256K)
[6866.575s][info][gc,heap        ] GC(2119) ParOldGen: 3371415K(3371520K)->3462495K(3462656K)
[6866.575s][info][gc,metaspace   ] GC(2119) Metaspace: 29143K(29440K)->29143K(29440K) NonClass: 24252K(24384K)->24252K(24384K) Class: 4890K(5056K)->4890K(5056K)
[6866.575s][info][gc             ] GC(2119) Pause Young (Allocation Failure) 5849M->3518M(5953M) 100.097ms
[6866.575s][info][gc,cpu         ] GC(2119) User=0.56s Sys=0.02s Real=0.10s
.[6868.225s][info][gc,start       ] GC(2120) Pause Young (Allocation Failure)
[6868.333s][info][gc,heap        ] GC(2120) PSYoungGen: 2613184K(2633216K)->159050K(2629632K) Eden: 2472960K(2472960K)->0K(2469376K) From: 140224K(160256K)->159050K(160256K)
[6868.333s][info][gc,heap        ] GC(2120) ParOldGen: 3462495K(3462656K)->3555247K(3555328K)
[6868.333s][info][gc,metaspace   ] GC(2120) Metaspace: 29143K(29440K)->29143K(29440K) NonClass: 24252K(24384K)->24252K(24384K) Class: 4890K(5056K)->4890K(5056K)
[6868.333s][info][gc             ] GC(2120) Pause Young (Allocation Failure) 5933M->3627M(6040M) 108.298ms
[6868.333s][info][gc,cpu         ] GC(2120) User=0.61s Sys=0.03s Real=0.11s
..[6869.887s][info][gc,start       ] GC(2121) Pause Young (Allocation Failure)
[6869.988s][info][gc,heap        ] GC(2121) PSYoungGen: 2628426K(2629632K)->149920K(2632704K) Eden: 2469376K(2469376K)->0K(2469376K) From: 159050K(160256K)->149920K(163328K)
[6869.988s][info][gc,heap        ] GC(2121) ParOldGen: 3555247K(3555328K)->3647479K(3647488K)
[6869.988s][info][gc,metaspace   ] GC(2121) Metaspace: 29143K(29440K)->29143K(29440K) NonClass: 24252K(24384K)->24252K(24384K) Class: 4890K(5056K)->4890K(5056K)
[6869.988s][info][gc             ] GC(2121) Pause Young (Allocation Failure) 6038M->3708M(6133M) 101.052ms
[6869.989s][info][gc,cpu         ] GC(2121) User=0.57s Sys=0.02s Real=0.11s
..[6871.592s][info][gc,start       ] GC(2122) Pause Young (Allocation Failure)
[6871.696s][info][gc,heap        ] GC(2122) PSYoungGen: 2619296K(2632704K)->151578K(2631168K) Eden: 2469376K(2469376K)->0K(2469888K) From: 149920K(163328K)->151578K(161280K)
[6871.696s][info][gc,heap        ] GC(2122) ParOldGen: 3647479K(3647488K)->3738735K(3739136K)
[6871.696s][info][gc,metaspace   ] GC(2122) Metaspace: 29143K(29440K)->29143K(29440K) NonClass: 24252K(24384K)->24252K(24384K) Class: 4890K(5056K)->4890K(5056K)
[6871.696s][info][gc             ] GC(2122) Pause Young (Allocation Failure) 6119M->3799M(6221M) 104.033ms
[6871.696s][info][gc,cpu         ] GC(2122) User=0.58s Sys=0.03s Real=0.10s
.[6873.309s][info][gc,start       ] GC(2123) Pause Young (Allocation Failure)
[6873.411s][info][gc,heap        ] GC(2123) PSYoungGen: 2621466K(2631168K)->145216K(2632192K) Eden: 2469888K(2469888K)->0K(2469888K) From: 151578K(161280K)->145216K(162304K)
[6873.411s][info][gc,heap        ] GC(2123) ParOldGen: 3738735K(3739136K)->3830071K(3830272K)
[6873.411s][info][gc,metaspace   ] GC(2123) Metaspace: 29143K(29440K)->29143K(29440K) NonClass: 24252K(24384K)->24252K(24384K) Class: 4890K(5056K)->4890K(5056K)
[6873.411s][info][gc             ] GC(2123) Pause Young (Allocation Failure) 6211M->3882M(6311M) 102.596ms
[6873.411s][info][gc,cpu         ] GC(2123) User=0.58s Sys=0.03s Real=0.10s
..[6875.135s][info][gc,start       ] GC(2124) Pause Young (Allocation Failure)
[6875.239s][info][gc,heap        ] GC(2124) PSYoungGen: 2615104K(2632192K)->151104K(2632192K) Eden: 2469888K(2469888K)->0K(2471936K) From: 145216K(162304K)->151104K(160256K)
[6875.239s][info][gc,heap        ] GC(2124) ParOldGen: 3830071K(3830272K)->3923991K(3924480K)
[6875.239s][info][gc,metaspace   ] GC(2124) Metaspace: 29143K(29440K)->29143K(29440K) NonClass: 24252K(24384K)->24252K(24384K) Class: 4890K(5056K)->4890K(5056K)
[6875.239s][info][gc             ] GC(2124) Pause Young (Allocation Failure) 6294M->3979M(6403M) 104.160ms
[6875.239s][info][gc,cpu         ] GC(2124) User=0.59s Sys=0.03s Real=0.11s
..[6876.950s][info][gc,start       ] GC(2125) Pause Young (Allocation Failure)
[6877.053s][info][gc,heap        ] GC(2125) PSYoungGen: 2623040K(2632192K)->148307K(2633216K) Eden: 2471936K(2471936K)->0K(2471936K) From: 151104K(160256K)->148307K(161280K)
[6877.053s][info][gc,heap        ] GC(2125) ParOldGen: 3923991K(3924480K)->4014663K(4015104K)
[6877.053s][info][gc,metaspace   ] GC(2125) Metaspace: 29143K(29440K)->29143K(29440K) NonClass: 24252K(24384K)->24252K(24384K) Class: 4890K(5056K)->4890K(5056K)
[6877.053s][info][gc             ] GC(2125) Pause Young (Allocation Failure) 6393M->4065M(6492M) 102.932ms
[6877.053s][info][gc,cpu         ] GC(2125) User=0.57s Sys=0.03s Real=0.10s
..[6878.801s][info][gc,start       ] GC(2126) Pause Young (Allocation Failure)
[6878.903s][info][gc,heap        ] GC(2126) PSYoungGen: 2620243K(2633216K)->145472K(2633728K) Eden: 2471936K(2471936K)->0K(2474496K) From: 148307K(161280K)->145472K(159232K)
[6878.903s][info][gc,heap        ] GC(2126) ParOldGen: 4014663K(4015104K)->4105847K(4106240K)
[6878.903s][info][gc,metaspace   ] GC(2126) Metaspace: 29143K(29440K)->29143K(29440K) NonClass: 24252K(24384K)->24252K(24384K) Class: 4890K(5056K)->4890K(5056K)
[6878.903s][info][gc             ] GC(2126) Pause Young (Allocation Failure) 6479M->4151M(6582M) 101.393ms
[6878.903s][info][gc,cpu         ] GC(2126) User=0.57s Sys=0.02s Real=0.10s
.[6880.521s][info][gc,start       ] GC(2127) Pause Young (Allocation Failure)
[6880.622s][info][gc,heap        ] GC(2127) PSYoungGen: 2619968K(2633728K)->139702K(2634240K) Eden: 2474496K(2474496K)->0K(2474496K) From: 145472K(159232K)->139702K(159744K)
[6880.622s][info][gc,heap        ] GC(2127) ParOldGen: 4105847K(4106240K)->4197447K(4197888K)
[6880.622s][info][gc,metaspace   ] GC(2127) Metaspace: 29143K(29440K)->29143K(29440K) NonClass: 24252K(24384K)->24252K(24384K) Class: 4890K(5056K)->4890K(5056K)
[6880.622s][info][gc             ] GC(2127) Pause Young (Allocation Failure) 6568M->4235M(6672M) 100.927ms
[6880.622s][info][gc,cpu         ] GC(2127) User=0.55s Sys=0.04s Real=0.10s
..[6882.341s][info][gc,start       ] GC(2128) Pause Young (Allocation Failure)
[6882.440s][info][gc,heap        ] GC(2128) PSYoungGen: 2614198K(2634240K)->141732K(2636288K) Eden: 2474496K(2474496K)->0K(2476544K) From: 139702K(159744K)->141732K(159744K)
[6882.440s][info][gc,heap        ] GC(2128) ParOldGen: 4197447K(4197888K)->4288423K(4288512K)
[6882.440s][info][gc,metaspace   ] GC(2128) Metaspace: 29143K(29440K)->29143K(29440K) NonClass: 24252K(24384K)->24252K(24384K) Class: 4890K(5056K)->4890K(5056K)
[6882.440s][info][gc             ] GC(2128) Pause Young (Allocation Failure) 6651M->4326M(6762M) 98.866ms
[6882.440s][info][gc,cpu         ] GC(2128) User=0.55s Sys=0.03s Real=0.10s
..[6884.115s][info][gc,start       ] GC(2129) Pause Young (Allocation Failure)
[6884.221s][info][gc,heap        ] GC(2129) PSYoungGen: 2618276K(2636288K)->157845K(2634752K) Eden: 2476544K(2476544K)->0K(2476544K) From: 141732K(159744K)->157845K(158208K)
[6884.221s][info][gc,heap        ] GC(2129) ParOldGen: 4288423K(4288512K)->4379863K(4380160K)
[6884.221s][info][gc,metaspace   ] GC(2129) Metaspace: 29143K(29440K)->29143K(29440K) NonClass: 24252K(24384K)->24252K(24384K) Class: 4890K(5056K)->4890K(5056K)
[6884.221s][info][gc             ] GC(2129) Pause Young (Allocation Failure) 6744M->4431M(6850M) 105.706ms
[6884.221s][info][gc,cpu         ] GC(2129) User=0.60s Sys=0.02s Real=0.11s
..[6885.875s][info][gc,start       ] GC(2130) Pause Young (Allocation Failure)
[6885.977s][info][gc,heap        ] GC(2130) PSYoungGen: 2634389K(2634752K)->147204K(2634752K) Eden: 2476544K(2476544K)->0K(2473472K) From: 157845K(158208K)->147204K(161280K)
[6885.977s][info][gc,heap        ] GC(2130) ParOldGen: 4379863K(4380160K)->4471815K(4472320K)
[6885.977s][info][gc,metaspace   ] GC(2130) Metaspace: 29143K(29440K)->29143K(29440K) NonClass: 24252K(24384K)->24252K(24384K) Class: 4890K(5056K)->4890K(5056K)
[6885.977s][info][gc             ] GC(2130) Pause Young (Allocation Failure) 6849M->4510M(6940M) 101.766ms
[6885.977s][info][gc,cpu         ] GC(2130) User=0.57s Sys=0.04s Real=0.10s
.[6887.565s][info][gc,start       ] GC(2131) Pause Young (Allocation Failure)
[6887.665s][info][gc,heap        ] GC(2131) PSYoungGen: 2620676K(2634752K)->144160K(2617856K) Eden: 2473472K(2473472K)->0K(2473472K) From: 147204K(161280K)->144160K(144384K)
[6887.665s][info][gc,heap        ] GC(2131) ParOldGen: 4471815K(4472320K)->4562847K(4562944K)
[6887.665s][info][gc,metaspace   ] GC(2131) Metaspace: 29143K(29440K)->29143K(29440K) NonClass: 24252K(24384K)->24252K(24384K) Class: 4890K(5056K)->4890K(5056K)
[6887.665s][info][gc             ] GC(2131) Pause Young (Allocation Failure) 6926M->4596M(7012M) 100.124ms
[6887.665s][info][gc,cpu         ] GC(2131) User=0.56s Sys=0.03s Real=0.10s
..[6889.364s][info][gc,start       ] GC(2132) Pause Young (Allocation Failure)
[6889.465s][info][gc,heap        ] GC(2132) PSYoungGen: 2617632K(2617856K)->141056K(2633728K) Eden: 2473472K(2473472K)->0K(2473472K) From: 144160K(144384K)->141056K(160256K)
[6889.465s][info][gc,heap        ] GC(2132) ParOldGen: 4562847K(4562944K)->4655231K(4655616K)
[6889.465s][info][gc,metaspace   ] GC(2132) Metaspace: 29143K(29440K)->29143K(29440K) NonClass: 24252K(24384K)->24252K(24384K) Class: 4890K(5056K)->4890K(5056K)
[6889.465s][info][gc             ] GC(2132) Pause Young (Allocation Failure) 7012M->4683M(7118M) 100.860ms
[6889.465s][info][gc,cpu         ] GC(2132) User=0.56s Sys=0.02s Real=0.10s
..[6891.061s][info][gc,start       ] GC(2133) Pause Young (Allocation Failure)
[6891.170s][info][gc,heap        ] GC(2133) PSYoungGen: 2614528K(2633728K)->154265K(2633728K) Eden: 2473472K(2473472K)->0K(2473472K) From: 141056K(160256K)->154265K(160256K)
[6891.170s][info][gc,heap        ] GC(2133) ParOldGen: 4655231K(4655616K)->4748967K(4749312K)
[6891.170s][info][gc,metaspace   ] GC(2133) Metaspace: 29143K(29440K)->29143K(29440K) NonClass: 24252K(24384K)->24252K(24384K) Class: 4890K(5056K)->4890K(5056K)
[6891.170s][info][gc             ] GC(2133) Pause Young (Allocation Failure) 7099M->4788M(7210M) 108.522ms
[6891.170s][info][gc,cpu         ] GC(2133) User=0.62s Sys=0.02s Real=0.11s
..[6892.908s][info][gc,start       ] GC(2134) Pause Young (Allocation Failure)
[6893.008s][info][gc,heap        ] GC(2134) PSYoungGen: 2627737K(2633728K)->144368K(2634752K) Eden: 2473472K(2473472K)->0K(2473472K) From: 154265K(160256K)->144368K(161280K)
[6893.008s][info][gc,heap        ] GC(2134) ParOldGen: 4748967K(4749312K)->4841279K(4841472K)
[6893.008s][info][gc,metaspace   ] GC(2134) Metaspace: 29143K(29440K)->29143K(29440K) NonClass: 24252K(24384K)->24252K(24384K) Class: 4890K(5056K)->4890K(5056K)
[6893.009s][info][gc             ] GC(2134) Pause Young (Allocation Failure) 7203M->4868M(7301M) 100.714ms
[6893.009s][info][gc,cpu         ] GC(2134) User=0.57s Sys=0.03s Real=0.11s
.[6894.816s][info][gc,start       ] GC(2135) Pause Young (Allocation Failure)
[6894.924s][info][gc,heap        ] GC(2135) PSYoungGen: 2617840K(2634752K)->156180K(2630144K) Eden: 2473472K(2473472K)->0K(2473472K) From: 144368K(161280K)->156180K(156672K)
[6894.924s][info][gc,heap        ] GC(2135) ParOldGen: 4841279K(4841472K)->4932783K(4933120K)
[6894.924s][info][gc,metaspace   ] GC(2135) Metaspace: 29143K(29440K)->29143K(29440K) NonClass: 24252K(24384K)->24252K(24384K) Class: 4890K(5056K)->4890K(5056K)
[6894.924s][info][gc             ] GC(2135) Pause Young (Allocation Failure) 7284M->4969M(7386M) 107.958ms
[6894.924s][info][gc,cpu         ] GC(2135) User=0.62s Sys=0.02s Real=0.11s
..[6896.636s][info][gc,start       ] GC(2136) Pause Young (Allocation Failure)
[6896.742s][info][gc,heap        ] GC(2136) PSYoungGen: 2629652K(2630144K)->149268K(2634240K) Eden: 2473472K(2473472K)->0K(2471424K) From: 156180K(156672K)->149268K(162816K)
[6896.742s][info][gc,heap        ] GC(2136) ParOldGen: 4932783K(4933120K)->5024655K(5024768K)
[6896.742s][info][gc,metaspace   ] GC(2136) Metaspace: 29143K(29440K)->29143K(29440K) NonClass: 24252K(24384K)->24252K(24384K) Class: 4890K(5056K)->4890K(5056K)
[6896.743s][info][gc             ] GC(2136) Pause Young (Allocation Failure) 7385M->5052M(7479M) 106.827ms
[6896.743s][info][gc,cpu         ] GC(2136) User=0.60s Sys=0.03s Real=0.11s
.. (rIR:aIR:PR = 11485:11388:11388) (tPR = 169606) [OK] 
  6897s: Performance info:
         Transaction,    Success,    Partial,     Failed,   Receipts, AvgBarcode, 
             Overall,     685867,          0,          0,     651332,      59.48, 
         Response times:
             Request,    Success,    Partial,     Failed,   SkipFail,     Probes,    Samples,      min,      p50,      p90,      p95,      p99,      max, 
       TotalPurchase,     651333,          0,          0,          0,     353186,     430044,      200,    12500,    87000,   114000,   166000,   253000,
     InStorePurchase,     340190,          0,          0,          0,     185307,     225049,      200,    12600,    87000,   114000,   166000,   253000,
      OnlinePurchase,     240907,          0,          0,          0,     130722,     159580,      300,    12700,    87000,   114000,   165000,   252000,
        InstPurchase,      70236,          0,          0,          0,      37157,      45415,      400,    11600,    85000,   114000,   167840,   252000,
          AssocOfCat,        695,          0,          0,          0,        589,        815,    25000,    59000,   154400,   182400,   215680,   252000,
      AssocOfProduct,       6903,          0,          0,          0,       4150,       5279,      600,    11100,    80000,   106000,   161400,   230000,
      BusinessReport,       1725,          0,          0,          0,       1559,       2056,    28000,    68000,   152300,   180000,   219430,   296000,
          CustBuyBeh,       6934,          0,          0,          0,       4127,       5281,      900,    14800,    92000,   122000,   173000,   232000,
       ProductReturn,      18279,          0,          0,          0,       9214,      11554,      800,    12500,    85000,   113000,   171450,   242000,

  6897s: (84%)   IR =  11623 [6898.503s][info][gc,start       ] GC(2137) Pause Young (Allocation Failure)
[6898.608s][info][gc,heap        ] GC(2137) PSYoungGen: 2620692K(2634240K)->149311K(2620928K) Eden: 2471424K(2471424K)->0K(2471424K) From: 149268K(162816K)->149311K(149504K)
[6898.608s][info][gc,heap        ] GC(2137) ParOldGen: 5024655K(5024768K)->5115103K(5115392K)
[6898.608s][info][gc,metaspace   ] GC(2137) Metaspace: 29143K(29440K)->29143K(29440K) NonClass: 24252K(24384K)->24252K(24384K) Class: 4890K(5056K)->4890K(5056K)
[6898.608s][info][gc             ] GC(2137) Pause Young (Allocation Failure) 7466M->5141M(7555M) 104.724ms
[6898.608s][info][gc,cpu         ] GC(2137) User=0.60s Sys=0.02s Real=0.10s
..[6900.173s][info][gc,start       ] GC(2138) Pause Young (Allocation Failure)
[6900.282s][info][gc,heap        ] GC(2138) PSYoungGen: 2620735K(2620928K)->160240K(2629120K) Eden: 2471424K(2471424K)->0K(2468352K) From: 149311K(149504K)->160240K(160768K)
[6900.282s][info][gc,heap        ] GC(2138) ParOldGen: 5115103K(5115392K)->5208791K(5209088K)
[6900.282s][info][gc,metaspace   ] GC(2138) Metaspace: 29143K(29440K)->29143K(29440K) NonClass: 24252K(24384K)->24252K(24384K) Class: 4890K(5056K)->4890K(5056K)
[6900.282s][info][gc             ] GC(2138) Pause Young (Allocation Failure) 7554M->5243M(7654M) 109.614ms
[6900.282s][info][gc,cpu         ] GC(2138) User=0.62s Sys=0.03s Real=0.11s
.[6901.909s][info][gc,start       ] GC(2139) Pause Young (Allocation Failure)
[6902.013s][info][gc,heap        ] GC(2139) PSYoungGen: 2628592K(2629120K)->146688K(2632192K) Eden: 2468352K(2468352K)->0K(2468352K) From: 160240K(160768K)->146688K(163840K)
[6902.013s][info][gc,heap        ] GC(2139) ParOldGen: 5208791K(5209088K)->5303047K(5303296K)
[6902.013s][info][gc,metaspace   ] GC(2139) Metaspace: 29143K(29440K)->29143K(29440K) NonClass: 24252K(24384K)->24252K(24384K) Class: 4890K(5056K)->4890K(5056K)
[6902.013s][info][gc             ] GC(2139) Pause Young (Allocation Failure) 7653M->5322M(7749M) 104.843ms
[6902.013s][info][gc,cpu         ] GC(2139) User=0.59s Sys=0.03s Real=0.10s
..[6903.676s][info][gc,start       ] GC(2140) Pause Young (Allocation Failure)
[6903.780s][info][gc,heap        ] GC(2140) PSYoungGen: 2615040K(2632192K)->146709K(2629632K) Eden: 2468352K(2468352K)->0K(2468864K) From: 146688K(163840K)->146709K(160768K)
[6903.780s][info][gc,heap        ] GC(2140) ParOldGen: 5303047K(5303296K)->5394647K(5394944K)
[6903.780s][info][gc,metaspace   ] GC(2140) Metaspace: 29143K(29440K)->29143K(29440K) NonClass: 24252K(24384K)->24252K(24384K) Class: 4890K(5056K)->4890K(5056K)
[6903.780s][info][gc             ] GC(2140) Pause Young (Allocation Failure) 7732M->5411M(7836M) 104.095ms
[6903.780s][info][gc,cpu         ] GC(2140) User=0.58s Sys=0.02s Real=0.11s
..[6905.491s][info][gc,start       ] GC(2141) Pause Young (Allocation Failure)
[6905.594s][info][gc,heap        ] GC(2141) PSYoungGen: 2615573K(2629632K)->138176K(2631168K) Eden: 2468864K(2468864K)->0K(2468864K) From: 146709K(160768K)->138176K(162304K)
[6905.594s][info][gc,heap        ] GC(2141) ParOldGen: 5394647K(5394944K)->5486367K(5486592K)
[6905.594s][info][gc,metaspace   ] GC(2141) Metaspace: 29143K(29440K)->29143K(29440K) NonClass: 24252K(24384K)->24252K(24384K) Class: 4890K(5056K)->4890K(5056K)
[6905.594s][info][gc             ] GC(2141) Pause Young (Allocation Failure) 7822M->5492M(7927M) 102.929ms
[6905.594s][info][gc,cpu         ] GC(2141) User=0.58s Sys=0.03s Real=0.10s
..[6907.266s][info][gc,start       ] GC(2142) Pause Young (Allocation Failure)
[6907.364s][info][gc,heap        ] GC(2142) PSYoungGen: 2607040K(2631168K)->134464K(2632192K) Eden: 2468864K(2468864K)->0K(2469376K) From: 138176K(162304K)->134464K(162816K)
[6907.364s][info][gc,heap        ] GC(2142) ParOldGen: 5486367K(5486592K)->5577719K(5577728K)
[6907.364s][info][gc,metaspace   ] GC(2142) Metaspace: 29143K(29440K)->29143K(29440K) NonClass: 24252K(24384K)->24252K(24384K) Class: 4890K(5056K)->4890K(5056K)
[6907.365s][info][gc             ] GC(2142) Pause Young (Allocation Failure) 7903M->5578M(8017M) 98.529ms
[6907.365s][info][gc,cpu         ] GC(2142) User=0.55s Sys=0.03s Real=0.10s
.[6909.085s][info][gc,start       ] GC(2143) Pause Full (Allocation Failure)
[6909.085s][info][gc,phases,start] GC(2143) Marking Phase
[6909.387s][info][gc,phases      ] GC(2143) Marking Phase 301.366ms
[6909.387s][info][gc,phases,start] GC(2143) Summary Phase
[6909.387s][info][gc,phases      ] GC(2143) Summary Phase 0.102ms
[6909.387s][info][gc,phases,start] GC(2143) Forward
[6909.525s][info][gc,phases      ] GC(2143) Forward 137.832ms
[6909.525s][info][gc,phases,start] GC(2143) Adjust Pointers
[6909.726s][info][gc,phases      ] GC(2143) Adjust Pointers 201.422ms
[6909.726s][info][gc,phases,start] GC(2143) Compaction Phase
[6909.857s][info][gc,phases      ] GC(2143) Compaction Phase 131.421ms
[6909.858s][info][gc,phases,start] GC(2143) Post Compact
[6909.865s][info][gc,phases      ] GC(2143) Post Compact 7.018ms
[6910.013s][info][gc,heap        ] GC(2143) PSYoungGen: 2603840K(2632192K)->0K(2632704K) Eden: 2469376K(2469376K)->0K(2469376K) From: 134464K(162816K)->0K(163328K)
[6910.013s][info][gc,heap        ] GC(2143) ParOldGen: 5577719K(5577728K)->1434603K(1762304K)
[6910.013s][info][gc,metaspace   ] GC(2143) Metaspace: 29143K(29440K)->29127K(29440K) NonClass: 24252K(24384K)->24241K(24384K) Class: 4890K(5056K)->4886K(5056K)
[6910.013s][info][gc             ] GC(2143) Pause Full (Allocation Failure) 7989M->1400M(4292M) 927.544ms
[6910.013s][info][gc,cpu         ] GC(2143) User=4.13s Sys=0.15s Real=0.93s
..[6911.526s][info][gc,start       ] GC(2144) Pause Young (Allocation Failure)
[6911.601s][info][gc,heap        ] GC(2144) PSYoungGen: 2469376K(2632704K)->162852K(2623488K) Eden: 2469376K(2469376K)->0K(2460160K) From: 0K(163328K)->162852K(163328K)
[6911.601s][info][gc,heap        ] GC(2144) ParOldGen: 1434603K(1762304K)->1434603K(1762304K)
[6911.601s][info][gc,metaspace   ] GC(2144) Metaspace: 29128K(29440K)->29128K(29440K) NonClass: 24242K(24384K)->24242K(24384K) Class: 4886K(5056K)->4886K(5056K)
[6911.601s][info][gc             ] GC(2144) Pause Young (Allocation Failure) 3812M->1560M(4283M) 75.574ms
[6911.602s][info][gc,cpu         ] GC(2144) User=0.44s Sys=0.00s Real=0.08s
.[6913.060s][info][gc,start       ] GC(2145) Pause Young (Allocation Failure)
[6913.159s][info][gc,heap        ] GC(2145) PSYoungGen: 2623012K(2623488K)->159632K(2619904K) Eden: 2460160K(2460160K)->0K(2460160K) From: 162852K(163328K)->159632K(159744K)
[6913.159s][info][gc,heap        ] GC(2145) ParOldGen: 1434603K(1762304K)->1524387K(1762304K)
[6913.159s][info][gc,metaspace   ] GC(2145) Metaspace: 29128K(29440K)->29128K(29440K) NonClass: 24242K(24384K)->24242K(24384K) Class: 4886K(5056K)->4886K(5056K)
[6913.159s][info][gc             ] GC(2145) Pause Young (Allocation Failure) 3962M->1644M(4279M) 99.501ms
[6913.159s][info][gc,cpu         ] GC(2145) User=0.59s Sys=0.00s Real=0.10s
..[6914.627s][info][gc,start       ] GC(2146) Pause Young (Allocation Failure)
[6914.769s][info][gc,heap        ] GC(2146) PSYoungGen: 2619792K(2619904K)->142304K(2626560K) Eden: 2460160K(2460160K)->0K(2456576K) From: 159632K(159744K)->142304K(169984K)
[6914.769s][info][gc,heap        ] GC(2146) ParOldGen: 1524387K(1762304K)->1619323K(1762304K)
[6914.769s][info][gc,metaspace   ] GC(2146) Metaspace: 29128K(29440K)->29128K(29440K) NonClass: 24242K(24384K)->24242K(24384K) Class: 4886K(5056K)->4886K(5056K)
[6914.769s][info][gc             ] GC(2146) Pause Young (Allocation Failure) 4047M->1720M(4286M) 141.599ms
[6914.769s][info][gc,cpu         ] GC(2146) User=0.56s Sys=0.00s Real=0.15s
.[6916.250s][info][gc,start       ] GC(2147) Pause Young (Allocation Failure)
[6916.348s][info][gc,heap        ] GC(2147) PSYoungGen: 2598880K(2626560K)->152448K(2609152K) Eden: 2456576K(2456576K)->0K(2456576K) From: 142304K(169984K)->152448K(152576K)
[6916.348s][info][gc,heap        ] GC(2147) ParOldGen: 1619323K(1762304K)->1708907K(1762304K)
[6916.348s][info][gc,metaspace   ] GC(2147) Metaspace: 29128K(29440K)->29128K(29440K) NonClass: 24242K(24384K)->24242K(24384K) Class: 4886K(5056K)->4886K(5056K)
[6916.348s][info][gc             ] GC(2147) Pause Young (Allocation Failure) 4119M->1817M(4269M) 97.452ms
[6916.348s][info][gc,cpu         ] GC(2147) User=0.57s Sys=0.00s Real=0.09s
..[6917.870s][info][gc,start       ] GC(2148) Pause Young (Allocation Failure)
[6917.975s][info][gc,heap        ] GC(2148) PSYoungGen: 2609024K(2609152K)->157456K(2623488K) Eden: 2456576K(2456576K)->0K(2455040K) From: 152448K(152576K)->157456K(168448K)
[6917.975s][info][gc,heap        ] GC(2148) ParOldGen: 1708907K(1762304K)->1802451K(1802752K)
[6917.975s][info][gc,metaspace   ] GC(2148) Metaspace: 29128K(29440K)->29128K(29440K) NonClass: 24242K(24384K)->24242K(24384K) Class: 4886K(5056K)->4886K(5056K)
[6917.975s][info][gc             ] GC(2148) Pause Young (Allocation Failure) 4216M->1913M(4322M) 105.185ms
[6917.975s][info][gc,cpu         ] GC(2148) User=0.60s Sys=0.01s Real=0.10s
.[6919.538s][info][gc,start       ] GC(2149) Pause Young (Allocation Failure)
[6919.635s][info][gc,heap        ] GC(2149) PSYoungGen: 2612496K(2623488K)->139289K(2625024K) Eden: 2455040K(2455040K)->0K(2455040K) From: 157456K(168448K)->139289K(169984K)
[6919.635s][info][gc,heap        ] GC(2149) ParOldGen: 1802451K(1802752K)->1894203K(1894400K)
[6919.635s][info][gc,metaspace   ] GC(2149) Metaspace: 29128K(29440K)->29128K(29440K) NonClass: 24242K(24384K)->24242K(24384K) Class: 4886K(5056K)->4886K(5056K)
[6919.635s][info][gc             ] GC(2149) Pause Young (Allocation Failure) 4311M->1985M(4413M) 97.584ms
[6919.635s][info][gc,cpu         ] GC(2149) User=0.54s Sys=0.03s Real=0.10s
..[6921.308s][info][gc,start       ] GC(2150) Pause Young (Allocation Failure)
[6921.407s][info][gc,heap        ] GC(2150) PSYoungGen: 2594329K(2625024K)->146581K(2622464K) Eden: 2455040K(2455040K)->0K(2456576K) From: 139289K(169984K)->146581K(165888K)
[6921.407s][info][gc,heap        ] GC(2150) ParOldGen: 1894203K(1894400K)->1983995K(1984000K)
[6921.407s][info][gc,metaspace   ] GC(2150) Metaspace: 29128K(29440K)->29128K(29440K) NonClass: 24242K(24384K)->24242K(24384K) Class: 4886K(5056K)->4886K(5056K)
[6921.407s][info][gc             ] GC(2150) Pause Young (Allocation Failure) 4383M->2080M(4498M) 99.545ms
[6921.407s][info][gc,cpu         ] GC(2150) User=0.56s Sys=0.03s Real=0.10s
..[6923.126s][info][gc,start       ] GC(2151) Pause Young (Allocation Failure)
[6923.232s][info][gc,heap        ] GC(2151) PSYoungGen: 2603157K(2622464K)->155638K(2624512K) Eden: 2456576K(2456576K)->0K(2456576K) From: 146581K(165888K)->155638K(167936K)
[6923.232s][info][gc,heap        ] GC(2151) ParOldGen: 1983995K(1984000K)->2078307K(2078720K)
[6923.232s][info][gc,metaspace   ] GC(2151) Metaspace: 29128K(29440K)->29128K(29440K) NonClass: 24242K(24384K)->24242K(24384K) Class: 4886K(5056K)->4886K(5056K)
[6923.232s][info][gc             ] GC(2151) Pause Young (Allocation Failure) 4479M->2181M(4593M) 105.604ms
[6923.232s][info][gc,cpu         ] GC(2151) User=0.60s Sys=0.03s Real=0.11s
..[6924.801s][info][gc,start       ] GC(2152) Pause Young (Allocation Failure)
[6924.911s][info][gc,heap        ] GC(2152) PSYoungGen: 2612214K(2624512K)->161848K(2621440K) Eden: 2456576K(2456576K)->0K(2452992K) From: 155638K(167936K)->161848K(168448K)
[6924.911s][info][gc,heap        ] GC(2152) ParOldGen: 2078307K(2078720K)->2167179K(2167296K)
[6924.911s][info][gc,metaspace   ] GC(2152) Metaspace: 29128K(29440K)->29128K(29440K) NonClass: 24242K(24384K)->24242K(24384K) Class: 4886K(5056K)->4886K(5056K)
[6924.911s][info][gc             ] GC(2152) Pause Young (Allocation Failure) 4580M->2274M(4676M) 110.318ms
[6924.911s][info][gc,cpu         ] GC(2152) User=0.62s Sys=0.03s Real=0.11s
.[6926.564s][info][gc,start       ] GC(2153) Pause Young (Allocation Failure)
[6926.663s][info][gc,heap        ] GC(2153) PSYoungGen: 2614840K(2621440K)->142672K(2624512K) Eden: 2452992K(2452992K)->0K(2452992K) From: 161848K(168448K)->142672K(171520K)
[6926.663s][info][gc,heap        ] GC(2153) ParOldGen: 2167179K(2167296K)->2261227K(2261504K)
[6926.663s][info][gc,metaspace   ] GC(2153) Metaspace: 29128K(29440K)->29128K(29440K) NonClass: 24242K(24384K)->24242K(24384K) Class: 4886K(5056K)->4886K(5056K)
[6926.663s][info][gc             ] GC(2153) Pause Young (Allocation Failure) 4669M->2347M(4771M) 98.334ms
[6926.663s][info][gc,cpu         ] GC(2153) User=0.55s Sys=0.02s Real=0.10s
..[6928.281s][info][gc,start       ] GC(2154) Pause Young (Allocation Failure)
[6928.379s][info][gc,heap        ] GC(2154) PSYoungGen: 2595664K(2624512K)->139424K(2623488K) Eden: 2452992K(2452992K)->0K(2454016K) From: 142672K(171520K)->139424K(169472K)
[6928.379s][info][gc,heap        ] GC(2154) ParOldGen: 2261227K(2261504K)->2354147K(2354176K)
[6928.379s][info][gc,metaspace   ] GC(2154) Metaspace: 29128K(29440K)->29128K(29440K) NonClass: 24242K(24384K)->24242K(24384K) Class: 4886K(5056K)->4886K(5056K)
[6928.379s][info][gc             ] GC(2154) Pause Young (Allocation Failure) 4743M->2435M(4861M) 98.203ms
[6928.379s][info][gc,cpu         ] GC(2154) User=0.56s Sys=0.02s Real=0.10s
.|.[6930.015s][info][gc,start       ] GC(2155) Pause Young (Allocation Failure)
[6930.119s][info][gc,heap        ] GC(2155) PSYoungGen: 2593440K(2623488K)->154517K(2624512K) Eden: 2454016K(2454016K)->0K(2454016K) From: 139424K(169472K)->154517K(170496K)
[6930.119s][info][gc,heap        ] GC(2155) ParOldGen: 2354147K(2354176K)->2444307K(2444800K)
[6930.119s][info][gc,metaspace   ] GC(2155) Metaspace: 29128K(29440K)->29128K(29440K) NonClass: 24242K(24384K)->24242K(24384K) Class: 4886K(5056K)->4886K(5056K)
[6930.119s][info][gc             ] GC(2155) Pause Young (Allocation Failure) 4831M->2537M(4950M) 104.021ms
[6930.119s][info][gc,cpu         ] GC(2155) User=0.58s Sys=0.03s Real=0.11s
.[6931.744s][info][gc,start       ] GC(2156) Pause Young (Allocation Failure)
[6931.844s][info][gc,heap        ] GC(2156) PSYoungGen: 2608533K(2624512K)->137664K(2625536K) Eden: 2454016K(2454016K)->0K(2455040K) From: 154517K(170496K)->137664K(170496K)
[6931.844s][info][gc,heap        ] GC(2156) ParOldGen: 2444307K(2444800K)->2539019K(2539520K)
[6931.844s][info][gc,metaspace   ] GC(2156) Metaspace: 29128K(29440K)->29128K(29440K) NonClass: 24242K(24384K)->24242K(24384K) Class: 4886K(5056K)->4886K(5056K)
[6931.844s][info][gc             ] GC(2156) Pause Young (Allocation Failure) 4934M->2613M(5044M) 99.933ms
[6931.844s][info][gc,cpu         ] GC(2156) User=0.56s Sys=0.02s Real=0.10s
..[6933.492s][info][gc,start       ] GC(2157) Pause Young (Allocation Failure)
[6933.590s][info][gc,heap        ] GC(2157) PSYoungGen: 2592704K(2625536K)->143840K(2598912K) Eden: 2455040K(2455040K)->0K(2455040K) From: 137664K(170496K)->143840K(143872K)
[6933.590s][info][gc,heap        ] GC(2157) ParOldGen: 2539019K(2539520K)->2626419K(2626560K)
[6933.590s][info][gc,metaspace   ] GC(2157) Metaspace: 29128K(29440K)->29128K(29440K) NonClass: 24242K(24384K)->24242K(24384K) Class: 4886K(5056K)->4886K(5056K)
[6933.590s][info][gc             ] GC(2157) Pause Young (Allocation Failure) 5011M->2705M(5103M) 97.883ms
[6933.590s][info][gc,cpu         ] GC(2157) User=0.55s Sys=0.04s Real=0.10s
..[6935.111s][info][gc,start       ] GC(2158) Pause Young (Allocation Failure)
[6935.213s][info][gc,heap        ] GC(2158) PSYoungGen: 2598880K(2598912K)->146752K(2626048K) Eden: 2455040K(2455040K)->0K(2457088K) From: 143840K(143872K)->146752K(168960K)
[6935.213s][info][gc,heap        ] GC(2158) ParOldGen: 2626419K(2626560K)->2721195K(2721280K)
[6935.213s][info][gc,metaspace   ] GC(2158) Metaspace: 29128K(29440K)->29128K(29440K) NonClass: 24242K(24384K)->24242K(24384K) Class: 4886K(5056K)->4886K(5056K)
[6935.213s][info][gc             ] GC(2158) Pause Young (Allocation Failure) 5102M->2800M(5222M) 101.723ms
[6935.213s][info][gc,cpu         ] GC(2158) User=0.57s Sys=0.03s Real=0.10s
.[6936.868s][info][gc,start       ] GC(2159) Pause Young (Allocation Failure)
[6936.972s][info][gc,heap        ] GC(2159) PSYoungGen: 2603840K(2626048K)->152410K(2624000K) Eden: 2457088K(2457088K)->0K(2457088K) From: 146752K(168960K)->152410K(166912K)
[6936.972s][info][gc,heap        ] GC(2159) ParOldGen: 2721195K(2721280K)->2811475K(2811904K)
[6936.972s][info][gc,metaspace   ] GC(2159) Metaspace: 29128K(29440K)->29128K(29440K) NonClass: 24242K(24384K)->24242K(24384K) Class: 4886K(5056K)->4886K(5056K)
[6936.972s][info][gc             ] GC(2159) Pause Young (Allocation Failure) 5200M->2894M(5308M) 104.063ms
[6936.972s][info][gc,cpu         ] GC(2159) User=0.59s Sys=0.03s Real=0.11s
..[6938.604s][info][gc,start       ] GC(2160) Pause Young (Allocation Failure)
[6938.704s][info][gc,heap        ] GC(2160) PSYoungGen: 2609498K(2624000K)->143616K(2628096K) Eden: 2457088K(2457088K)->0K(2461184K) From: 152410K(166912K)->143616K(166912K)
[6938.704s][info][gc,heap        ] GC(2160) ParOldGen: 2811475K(2811904K)->2903011K(2903040K)
[6938.704s][info][gc,metaspace   ] GC(2160) Metaspace: 29128K(29440K)->29128K(29440K) NonClass: 24242K(24384K)->24242K(24384K) Class: 4886K(5056K)->4886K(5056K)
[6938.704s][info][gc             ] GC(2160) Pause Young (Allocation Failure) 5293M->2975M(5401M) 99.957ms
[6938.704s][info][gc,cpu         ] GC(2160) User=0.56s Sys=0.03s Real=0.10s
..[6940.295s][info][gc,start       ] GC(2161) Pause Young (Allocation Failure)
[6940.393s][info][gc,heap        ] GC(2161) PSYoungGen: 2604800K(2628096K)->142692K(2627072K) Eden: 2461184K(2461184K)->0K(2461184K) From: 143616K(166912K)->142692K(165888K)
[6940.393s][info][gc,heap        ] GC(2161) ParOldGen: 2903011K(2903040K)->2995651K(2995712K)
[6940.393s][info][gc,metaspace   ] GC(2161) Metaspace: 29128K(29440K)->29128K(29440K) NonClass: 24242K(24384K)->24242K(24384K) Class: 4886K(5056K)->4886K(5056K)
[6940.393s][info][gc             ] GC(2161) Pause Young (Allocation Failure) 5378M->3064M(5491M) 98.431ms
[6940.393s][info][gc,cpu         ] GC(2161) User=0.56s Sys=0.02s Real=0.10s
.[6942.049s][info][gc,start       ] GC(2162) Pause Young (Allocation Failure)
[6942.158s][info][gc,heap        ] GC(2162) PSYoungGen: 2603876K(2627072K)->158116K(2626048K) Eden: 2461184K(2461184K)->0K(2461184K) From: 142692K(165888K)->158116K(164864K)
[6942.158s][info][gc,heap        ] GC(2162) ParOldGen: 2995651K(2995712K)->3088515K(3088896K)
[6942.158s][info][gc,metaspace   ] GC(2162) Metaspace: 29128K(29440K)->29128K(29440K) NonClass: 24242K(24384K)->24242K(24384K) Class: 4886K(5056K)->4886K(5056K)
[6942.158s][info][gc             ] GC(2162) Pause Young (Allocation Failure) 5468M->3170M(5581M) 109.357ms
[6942.158s][info][gc,cpu         ] GC(2162) User=0.62s Sys=0.03s Real=0.10s
..[6943.866s][info][gc,start       ] GC(2163) Pause Young (Allocation Failure)
[6943.969s][info][gc,heap        ] GC(2163) PSYoungGen: 2619300K(2626048K)->148436K(2628096K) Eden: 2461184K(2461184K)->0K(2461184K) From: 158116K(164864K)->148436K(166912K)
[6943.969s][info][gc,heap        ] GC(2163) ParOldGen: 3088515K(3088896K)->3179915K(3180032K)
[6943.969s][info][gc,metaspace   ] GC(2163) Metaspace: 29128K(29440K)->29128K(29440K) NonClass: 24242K(24384K)->24242K(24384K) Class: 4886K(5056K)->4886K(5056K)
[6943.969s][info][gc             ] GC(2163) Pause Young (Allocation Failure) 5574M->3250M(5672M) 102.279ms
[6943.969s][info][gc,cpu         ] GC(2163) User=0.59s Sys=0.02s Real=0.11s
..[6945.589s][info][gc,start       ] GC(2164) Pause Young (Allocation Failure)
[6945.692s][info][gc,heap        ] GC(2164) PSYoungGen: 2609620K(2628096K)->147840K(2625536K) Eden: 2461184K(2461184K)->0K(2463744K) From: 148436K(166912K)->147840K(161792K)
[6945.692s][info][gc,heap        ] GC(2164) ParOldGen: 3179915K(3180032K)->3271443K(3271680K)
[6945.692s][info][gc,metaspace   ] GC(2164) Metaspace: 29128K(29440K)->29128K(29440K) NonClass: 24242K(24384K)->24242K(24384K) Class: 4886K(5056K)->4886K(5056K)
[6945.692s][info][gc             ] GC(2164) Pause Young (Allocation Failure) 5653M->3339M(5759M) 103.889ms
[6945.692s][info][gc,cpu         ] GC(2164) User=0.59s Sys=0.02s Real=0.10s
..[6947.309s][info][gc,start       ] GC(2165) Pause Young (Allocation Failure)
[6947.412s][info][gc,heap        ] GC(2165) PSYoungGen: 2611584K(2625536K)->146157K(2627584K) Eden: 2463744K(2463744K)->0K(2463744K) From: 147840K(161792K)->146157K(163840K)
[6947.412s][info][gc,heap        ] GC(2165) ParOldGen: 3271443K(3271680K)->3364747K(3364864K)
[6947.412s][info][gc,metaspace   ] GC(2165) Metaspace: 29128K(29440K)->29128K(29440K) NonClass: 24242K(24384K)->24242K(24384K) Class: 4886K(5056K)->4886K(5056K)
[6947.412s][info][gc             ] GC(2165) Pause Young (Allocation Failure) 5745M->3428M(5852M) 102.630ms
[6947.412s][info][gc,cpu         ] GC(2165) User=0.57s Sys=0.03s Real=0.10s
.[6949.025s][info][gc,start       ] GC(2166) Pause Young (Allocation Failure)
[6949.128s][info][gc,heap        ] GC(2166) PSYoungGen: 2609901K(2627584K)->150101K(2630656K) Eden: 2463744K(2463744K)->0K(2469888K) From: 146157K(163840K)->150101K(160768K)
[6949.128s][info][gc,heap        ] GC(2166) ParOldGen: 3364747K(3364864K)->3456739K(3457024K)
[6949.128s][info][gc,metaspace   ] GC(2166) Metaspace: 29128K(29440K)->29128K(29440K) NonClass: 24242K(24384K)->24242K(24384K) Class: 4886K(5056K)->4886K(5056K)
[6949.128s][info][gc             ] GC(2166) Pause Young (Allocation Failure) 5834M->3522M(5945M) 103.342ms
[6949.128s][info][gc,cpu         ] GC(2166) User=0.59s Sys=0.02s Real=0.11s
..[6950.803s][info][gc,start       ] GC(2167) Pause Young (Allocation Failure)
[6950.909s][info][gc,heap        ] GC(2167) PSYoungGen: 2619989K(2630656K)->156149K(2631680K) Eden: 2469888K(2469888K)->0K(2469888K) From: 150101K(160768K)->156149K(161792K)
[6950.909s][info][gc,heap        ] GC(2167) ParOldGen: 3456739K(3457024K)->3547707K(3548160K)
[6950.909s][info][gc,metaspace   ] GC(2167) Metaspace: 29128K(29440K)->29128K(29440K) NonClass: 24242K(24384K)->24242K(24384K) Class: 4886K(5056K)->4886K(5056K)
[6950.909s][info][gc             ] GC(2167) Pause Young (Allocation Failure) 5934M->3617M(6035M) 105.815ms
[6950.909s][info][gc,cpu         ] GC(2167) User=0.59s Sys=0.03s Real=0.11s
..[6952.510s][info][gc,start       ] GC(2168) Pause Young (Allocation Failure)
[6952.617s][info][gc,heap        ] GC(2168) PSYoungGen: 2626037K(2631680K)->151074K(2633216K) Eden: 2469888K(2469888K)->0K(2469888K) From: 156149K(161792K)->151074K(163328K)
[6952.617s][info][gc,heap        ] GC(2168) ParOldGen: 3547707K(3548160K)->3642035K(3642368K)
[6952.617s][info][gc,metaspace   ] GC(2168) Metaspace: 29128K(29440K)->29128K(29440K) NonClass: 24242K(24384K)->24242K(24384K) Class: 4886K(5056K)->4886K(5056K)
[6952.617s][info][gc             ] GC(2168) Pause Young (Allocation Failure) 6029M->3704M(6128M) 106.944ms
[6952.617s][info][gc,cpu         ] GC(2168) User=0.61s Sys=0.02s Real=0.10s
.[6954.304s][info][gc,start       ] GC(2169) Pause Young (Allocation Failure)
[6954.410s][info][gc,heap        ] GC(2169) PSYoungGen: 2620962K(2633216K)->143836K(2613760K) Eden: 2469888K(2469888K)->0K(2469888K) From: 151074K(163328K)->143836K(143872K)
[6954.410s][info][gc,heap        ] GC(2169) ParOldGen: 3642035K(3642368K)->3734339K(3734528K)
[6954.410s][info][gc,metaspace   ] GC(2169) Metaspace: 29128K(29440K)->29128K(29440K) NonClass: 24242K(24384K)->24242K(24384K) Class: 4886K(5056K)->4886K(5056K)
[6954.410s][info][gc             ] GC(2169) Pause Young (Allocation Failure) 6116M->3787M(6199M) 105.859ms
[6954.410s][info][gc,cpu         ] GC(2169) User=0.60s Sys=0.02s Real=0.11s
..[6956.092s][info][gc,start       ] GC(2170) Pause Young (Allocation Failure)
[6956.196s][info][gc,heap        ] GC(2170) PSYoungGen: 2613724K(2613760K)->150005K(2633216K) Eden: 2469888K(2469888K)->0K(2470912K) From: 143836K(143872K)->150005K(162304K)
[6956.196s][info][gc,heap        ] GC(2170) ParOldGen: 3734339K(3734528K)->3825043K(3825152K)
[6956.196s][info][gc,metaspace   ] GC(2170) Metaspace: 29128K(29440K)->29128K(29440K) NonClass: 24242K(24384K)->24242K(24384K) Class: 4886K(5056K)->4886K(5056K)
[6956.196s][info][gc             ] GC(2170) Pause Young (Allocation Failure) 6199M->3881M(6307M) 103.663ms
[6956.196s][info][gc,cpu         ] GC(2170) User=0.59s Sys=0.03s Real=0.10s
..[6957.786s][info][gc,start       ] GC(2171) Pause Young (Allocation Failure)
[6957.888s][info][gc,heap        ] GC(2171) PSYoungGen: 2620917K(2633216K)->147744K(2632192K) Eden: 2470912K(2470912K)->0K(2470912K) From: 150005K(162304K)->147744K(161280K)
[6957.889s][info][gc,heap        ] GC(2171) ParOldGen: 3825043K(3825152K)->3915211K(3915264K)
[6957.889s][info][gc,metaspace   ] GC(2171) Metaspace: 29128K(29440K)->29128K(29440K) NonClass: 24242K(24384K)->24242K(24384K) Class: 4886K(5056K)->4886K(5056K)
[6957.889s][info][gc             ] GC(2171) Pause Young (Allocation Failure) 6294M->3967M(6394M) 102.931ms
[6957.889s][info][gc,cpu         ] GC(2171) User=0.58s Sys=0.03s Real=0.11s
.[6959.521s][info][gc,start       ] GC(2172) Pause Young (Allocation Failure)
[6959.624s][info][gc,heap        ] GC(2172) PSYoungGen: 2618656K(2632192K)->145111K(2633216K) Eden: 2470912K(2470912K)->0K(2472960K) From: 147744K(161280K)->145111K(160256K)
[6959.624s][info][gc,heap        ] GC(2172) ParOldGen: 3915211K(3915264K)->4008947K(4008960K)
[6959.624s][info][gc,metaspace   ] GC(2172) Metaspace: 29128K(29440K)->29128K(29440K) NonClass: 24242K(24384K)->24242K(24384K) Class: 4886K(5056K)->4886K(5056K)
[6959.624s][info][gc             ] GC(2172) Pause Young (Allocation Failure) 6380M->4056M(6486M) 103.223ms
[6959.624s][info][gc,cpu         ] GC(2172) User=0.58s Sys=0.03s Real=0.10s
..[6961.315s][info][gc,start       ] GC(2173) Pause Young (Allocation Failure)
[6961.419s][info][gc,heap        ] GC(2173) PSYoungGen: 2618071K(2633216K)->145028K(2632704K) Eden: 2472960K(2472960K)->0K(2472960K) From: 145111K(160256K)->145028K(159744K)
[6961.419s][info][gc,heap        ] GC(2173) ParOldGen: 4008947K(4008960K)->4100979K(4101120K)
[6961.419s][info][gc,metaspace   ] GC(2173) Metaspace: 29128K(29440K)->29128K(29440K) NonClass: 24242K(24384K)->24242K(24384K) Class: 4886K(5056K)->4886K(5056K)
[6961.419s][info][gc             ] GC(2173) Pause Young (Allocation Failure) 6471M->4146M(6576M) 103.693ms
[6961.419s][info][gc,cpu         ] GC(2173) User=0.59s Sys=0.03s Real=0.11s
..[6962.968s][info][gc,start       ] GC(2174) Pause Young (Allocation Failure)
[6963.072s][info][gc,heap        ] GC(2174) PSYoungGen: 2617988K(2632704K)->152340K(2634752K) Eden: 2472960K(2472960K)->0K(2475520K) From: 145028K(159744K)->152340K(159232K)
[6963.072s][info][gc,heap        ] GC(2174) ParOldGen: 4100979K(4101120K)->4192195K(4192256K)
[6963.072s][info][gc,metaspace   ] GC(2174) Metaspace: 29128K(29440K)->29128K(29440K) NonClass: 24242K(24384K)->24242K(24384K) Class: 4886K(5056K)->4886K(5056K)
[6963.072s][info][gc             ] GC(2174) Pause Young (Allocation Failure) 6561M->4242M(6667M) 104.422ms
[6963.072s][info][gc,cpu         ] GC(2174) User=0.59s Sys=0.03s Real=0.11s
..[6964.741s][info][gc,start       ] GC(2175) Pause Young (Allocation Failure)
[6964.842s][info][gc,heap        ] GC(2175) PSYoungGen: 2627860K(2634752K)->144192K(2635264K) Eden: 2475520K(2475520K)->0K(2475520K) From: 152340K(159232K)->144192K(159744K)
[6964.842s][info][gc,heap        ] GC(2175) ParOldGen: 4192195K(4192256K)->4284283K(4284416K)
[6964.842s][info][gc,metaspace   ] GC(2175) Metaspace: 29128K(29440K)->29128K(29440K) NonClass: 24242K(24384K)->24242K(24384K) Class: 4886K(5056K)->4886K(5056K)
[6964.842s][info][gc             ] GC(2175) Pause Young (Allocation Failure) 6660M->4324M(6757M) 101.587ms
[6964.842s][info][gc,cpu         ] GC(2175) User=0.57s Sys=0.02s Real=0.10s
.[6966.479s][info][gc,start       ] GC(2176) Pause Young (Allocation Failure)
[6966.585s][info][gc,heap        ] GC(2176) PSYoungGen: 2619712K(2635264K)->150170K(2636288K) Eden: 2475520K(2475520K)->0K(2477056K) From: 144192K(159744K)->150170K(159232K)
[6966.585s][info][gc,heap        ] GC(2176) ParOldGen: 4284283K(4284416K)->4377507K(4377600K)
[6966.585s][info][gc,metaspace   ] GC(2176) Metaspace: 29128K(29440K)->29128K(29440K) NonClass: 24242K(24384K)->24242K(24384K) Class: 4886K(5056K)->4886K(5056K)
[6966.585s][info][gc             ] GC(2176) Pause Young (Allocation Failure) 6742M->4421M(6849M) 106.344ms
[6966.585s][info][gc,cpu         ] GC(2176) User=0.61s Sys=0.02s Real=0.10s
..[6968.244s][info][gc,start       ] GC(2177) Pause Young (Allocation Failure)
[6968.344s][info][gc,heap        ] GC(2177) PSYoungGen: 2627226K(2636288K)->139648K(2636288K) Eden: 2477056K(2477056K)->0K(2477056K) From: 150170K(159232K)->139648K(159232K)
[6968.344s][info][gc,heap        ] GC(2177) ParOldGen: 4377507K(4377600K)->4468899K(4469248K)
[6968.344s][info][gc,metaspace   ] GC(2177) Metaspace: 29128K(29440K)->29128K(29440K) NonClass: 24242K(24384K)->24242K(24384K) Class: 4886K(5056K)->4886K(5056K)
[6968.344s][info][gc             ] GC(2177) Pause Young (Allocation Failure) 6840M->4500M(6939M) 99.881ms
[6968.344s][info][gc,cpu         ] GC(2177) User=0.55s Sys=0.03s Real=0.10s
..[6969.969s][info][gc,start       ] GC(2178) Pause Young (Allocation Failure)
[6970.070s][info][gc,heap        ] GC(2178) PSYoungGen: 2616704K(2636288K)->142400K(2636288K) Eden: 2477056K(2477056K)->0K(2477056K) From: 139648K(159232K)->142400K(159232K)
[6970.070s][info][gc,heap        ] GC(2178) ParOldGen: 4468899K(4469248K)->4563027K(4563456K)
[6970.070s][info][gc,metaspace   ] GC(2178) Metaspace: 29128K(29440K)->29128K(29440K) NonClass: 24242K(24384K)->24242K(24384K) Class: 4886K(5056K)->4886K(5056K)
[6970.070s][info][gc             ] GC(2178) Pause Young (Allocation Failure) 6919M->4595M(7031M) 100.919ms
[6970.070s][info][gc,cpu         ] GC(2178) User=0.58s Sys=0.02s Real=0.10s
.[6971.699s][info][gc,start       ] GC(2179) Pause Young (Allocation Failure)
[6971.809s][info][gc,heap        ] GC(2179) PSYoungGen: 2619456K(2636288K)->156446K(2633728K) Eden: 2477056K(2477056K)->0K(2477056K) From: 142400K(159232K)->156446K(156672K)
[6971.809s][info][gc,heap        ] GC(2179) ParOldGen: 4563027K(4563456K)->4652395K(4652544K)
[6971.809s][info][gc,metaspace   ] GC(2179) Metaspace: 29128K(29440K)->29128K(29440K) NonClass: 24242K(24384K)->24242K(24384K) Class: 4886K(5056K)->4886K(5056K)
[6971.809s][info][gc             ] GC(2179) Pause Young (Allocation Failure) 7014M->4696M(7115M) 109.762ms
[6971.809s][info][gc,cpu         ] GC(2179) User=0.62s Sys=0.02s Real=0.11s
..[6973.480s][info][gc,start       ] GC(2180) Pause Young (Allocation Failure)
[6973.583s][info][gc,heap        ] GC(2180) PSYoungGen: 2633502K(2633728K)->142944K(2635264K) Eden: 2477056K(2477056K)->0K(2473984K) From: 156446K(156672K)->142944K(161280K)
[6973.583s][info][gc,heap        ] GC(2180) ParOldGen: 4652395K(4652544K)->4744483K(4744704K)
[6973.583s][info][gc,metaspace   ] GC(2180) Metaspace: 29128K(29440K)->29128K(29440K) NonClass: 24242K(24384K)->24242K(24384K) Class: 4886K(5056K)->4886K(5056K)
[6973.583s][info][gc             ] GC(2180) Pause Young (Allocation Failure) 7115M->4772M(7207M) 102.540ms
[6973.583s][info][gc,cpu         ] GC(2180) User=0.57s Sys=0.03s Real=0.10s
..[6975.234s][info][gc,start       ] GC(2181) Pause Young (Allocation Failure)
[6975.340s][info][gc,heap        ] GC(2181) PSYoungGen: 2616928K(2635264K)->150564K(2634752K) Eden: 2473984K(2473984K)->0K(2473984K) From: 142944K(161280K)->150564K(160768K)
[6975.340s][info][gc,heap        ] GC(2181) ParOldGen: 4744483K(4744704K)->4837523K(4837888K)
[6975.340s][info][gc,metaspace   ] GC(2181) Metaspace: 29128K(29440K)->29128K(29440K) NonClass: 24242K(24384K)->24242K(24384K) Class: 4886K(5056K)->4886K(5056K)
[6975.340s][info][gc             ] GC(2181) Pause Young (Allocation Failure) 7188M->4871M(7297M) 105.951ms
[6975.340s][info][gc,cpu         ] GC(2181) User=0.61s Sys=0.02s Real=0.11s
..[6976.983s][info][gc,start       ] GC(2182) Pause Young (Allocation Failure)
[6977.091s][info][gc,heap        ] GC(2182) PSYoungGen: 2624548K(2634752K)->155475K(2632192K) Eden: 2473984K(2473984K)->0K(2471424K) From: 150564K(160768K)->155475K(160768K)
[6977.091s][info][gc,heap        ] GC(2182) ParOldGen: 4837523K(4837888K)->4929435K(4929536K)
[6977.091s][info][gc,metaspace   ] GC(2182) Metaspace: 29128K(29440K)->29128K(29440K) NonClass: 24242K(24384K)->24242K(24384K) Class: 4886K(5056K)->4886K(5056K)
[6977.091s][info][gc             ] GC(2182) Pause Young (Allocation Failure) 7287M->4965M(7384M) 107.899ms
[6977.091s][info][gc,cpu         ] GC(2182) User=0.61s Sys=0.03s Real=0.11s
.[6978.755s][info][gc,start       ] GC(2183) Pause Young (Allocation Failure)
[6978.864s][info][gc,heap        ] GC(2183) PSYoungGen: 2626899K(2632192K)->156074K(2627584K) Eden: 2471424K(2471424K)->0K(2471424K) From: 155475K(160768K)->156074K(156160K)
[6978.864s][info][gc,heap        ] GC(2183) ParOldGen: 4929435K(4929536K)->5021747K(5022208K)
[6978.864s][info][gc,metaspace   ] GC(2183) Metaspace: 29128K(29440K)->29128K(29440K) NonClass: 24242K(24384K)->24242K(24384K) Class: 4886K(5056K)->4886K(5056K)
[6978.864s][info][gc             ] GC(2183) Pause Young (Allocation Failure) 7379M->5056M(7470M) 109.638ms
[6978.864s][info][gc,cpu         ] GC(2183) User=0.61s Sys=0.04s Real=0.11s
..[6980.473s][info][gc,start       ] GC(2184) Pause Young (Allocation Failure)
[6980.579s][info][gc,heap        ] GC(2184) PSYoungGen: 2627498K(2627584K)->152292K(2632192K) Eden: 2471424K(2471424K)->0K(2468352K) From: 156074K(156160K)->152292K(163840K)
[6980.579s][info][gc,heap        ] GC(2184) ParOldGen: 5021747K(5022208K)->5111867K(5112320K)
[6980.579s][info][gc,metaspace   ] GC(2184) Metaspace: 29128K(29440K)->29128K(29440K) NonClass: 24242K(24384K)->24242K(24384K) Class: 4886K(5056K)->4886K(5056K)
[6980.579s][info][gc             ] GC(2184) Pause Young (Allocation Failure) 7469M->5140M(7563M) 106.378ms
[6980.579s][info][gc,cpu         ] GC(2184) User=0.59s Sys=0.02s Real=0.11s
..[6982.205s][info][gc,start       ] GC(2185) Pause Young (Allocation Failure)
[6982.310s][info][gc,heap        ] GC(2185) PSYoungGen: 2620644K(2632192K)->145760K(2614272K) Eden: 2468352K(2468352K)->0K(2468352K) From: 152292K(163840K)->145760K(145920K)
[6982.310s][info][gc,heap        ] GC(2185) ParOldGen: 5111867K(5112320K)->5208507K(5208576K)
[6982.310s][info][gc,metaspace   ] GC(2185) Metaspace: 29128K(29440K)->29128K(29440K) NonClass: 24242K(24384K)->24242K(24384K) Class: 4886K(5056K)->4886K(5056K)
[6982.310s][info][gc             ] GC(2185) Pause Young (Allocation Failure) 7551M->5228M(7639M) 105.207ms
[6982.310s][info][gc,cpu         ] GC(2185) User=0.60s Sys=0.02s Real=0.11s
..[6983.965s][info][gc,start       ] GC(2186) Pause Young (Allocation Failure)
[6984.068s][info][gc,heap        ] GC(2186) PSYoungGen: 2614112K(2614272K)->144736K(2631680K) Eden: 2468352K(2468352K)->0K(2468864K) From: 145760K(145920K)->144736K(162816K)
[6984.068s][info][gc,heap        ] GC(2186) ParOldGen: 5208507K(5208576K)->5297179K(5297664K)
[6984.068s][info][gc,metaspace   ] GC(2186) Metaspace: 29128K(29440K)->29128K(29440K) NonClass: 24242K(24384K)->24242K(24384K) Class: 4886K(5056K)->4886K(5056K)
[6984.068s][info][gc             ] GC(2186) Pause Young (Allocation Failure) 7639M->5314M(7743M) 102.930ms
[6984.068s][info][gc,cpu         ] GC(2186) User=0.57s Sys=0.04s Real=0.10s
.[6985.730s][info][gc,start       ] GC(2187) Pause Young (Allocation Failure)
[6985.834s][info][gc,heap        ] GC(2187) PSYoungGen: 2613600K(2631680K)->142624K(2631168K) Eden: 2468864K(2468864K)->0K(2468864K) From: 144736K(162816K)->142624K(162304K)
[6985.834s][info][gc,heap        ] GC(2187) ParOldGen: 5297179K(5297664K)->5390187K(5390336K)
[6985.834s][info][gc,metaspace   ] GC(2187) Metaspace: 29128K(29440K)->29128K(29440K) NonClass: 24242K(24384K)->24242K(24384K) Class: 4886K(5056K)->4886K(5056K)
[6985.834s][info][gc             ] GC(2187) Pause Young (Allocation Failure) 7725M->5403M(7833M) 103.333ms
[6985.834s][info][gc,cpu         ] GC(2187) User=0.58s Sys=0.03s Real=0.10s
..[6987.435s][info][gc,start       ] GC(2188) Pause Young (Allocation Failure)
[6987.536s][info][gc,heap        ] GC(2188) PSYoungGen: 2611488K(2631168K)->138656K(2632192K) Eden: 2468864K(2468864K)->0K(2470400K) From: 142624K(162304K)->138656K(161792K)
[6987.536s][info][gc,heap        ] GC(2188) ParOldGen: 5390187K(5390336K)->5483011K(5483520K)
[6987.536s][info][gc,metaspace   ] GC(2188) Metaspace: 29128K(29440K)->29128K(29440K) NonClass: 24242K(24384K)->24242K(24384K) Class: 4886K(5056K)->4886K(5056K)
[6987.536s][info][gc             ] GC(2188) Pause Young (Allocation Failure) 7814M->5489M(7925M) 101.234ms
[6987.536s][info][gc,cpu         ] GC(2188) User=0.57s Sys=0.02s Real=0.10s
.. (rIR:aIR:PR = 11623:11639:11639) (tPR = 171738) [OK] 
  6989s: Performance info:
         Transaction,    Success,    Partial,     Failed,   Receipts, AvgBarcode, 
             Overall,     701373,          0,          0,     666637,      59.47, 
         Response times:
             Request,    Success,    Partial,     Failed,   SkipFail,     Probes,    Samples,      min,      p50,      p90,      p95,      p99,      max, 
       TotalPurchase,     666633,          0,          0,          0,     348990,     548743,      200,    22000,   176000,   359000,   730000,  1500000,
     InStorePurchase,     353634,          0,          0,          0,     183296,     289199,      200,    21000,   175000,   356000,   700000,  1400000,
      OnlinePurchase,     242794,          0,          0,          0,     128741,     201832,      300,    22000,   179000,   346000,   680000,  1400000,
        InstPurchase,      70205,          0,          0,          0,      36953,      57712,      400,    21000,   176000,   404000,   970000,  1500000,
          AssocOfCat,        700,          0,          0,          0,        582,       1067,    24000,    63000,   219600,   486000,   610000,   700000,
      AssocOfProduct,       6904,          0,          0,          0,       4198,       6887,      700,    21000,   183200,   392000,   850000,   940000,
      BusinessReport,       1748,          0,          0,          0,       1545,       2571,    28000,    85000,   264000,   412800,   650000,   890000,
          CustBuyBeh,       7019,          0,          0,          0,       4196,       6896,      100,    18200,   174000,   307000,   610000,   940000,
       ProductReturn,      18369,          0,          0,          0,       9353,      15067,      200,    25000,   185000,   433600,   680000,   900000,

  6989s: (85%)   IR =  11761 [6989.231s][info][gc,start       ] GC(2189) Pause Young (Allocation Failure)
[6989.342s][info][gc,heap        ] GC(2189) PSYoungGen: 2609056K(2632192K)->159221K(2629632K) Eden: 2470400K(2470400K)->0K(2470400K) From: 138656K(161792K)->159221K(159232K)
[6989.342s][info][gc,heap        ] GC(2189) ParOldGen: 5483011K(5483520K)->5574307K(5574656K)
[6989.342s][info][gc,metaspace   ] GC(2189) Metaspace: 29128K(29440K)->29128K(29440K) NonClass: 24242K(24384K)->24242K(24384K) Class: 4886K(5056K)->4886K(5056K)
[6989.342s][info][gc             ] GC(2189) Pause Young (Allocation Failure) 7902M->5599M(8012M) 110.692ms
[6989.342s][info][gc,cpu         ] GC(2189) User=0.63s Sys=0.02s Real=0.11s
.[6991.000s][info][gc,start       ] GC(2190) Pause Full (Allocation Failure)
[6991.000s][info][gc,phases,start] GC(2190) Marking Phase
[6991.302s][info][gc,phases      ] GC(2190) Marking Phase 302.163ms
[6991.302s][info][gc,phases,start] GC(2190) Summary Phase
[6991.302s][info][gc,phases      ] GC(2190) Summary Phase 0.094ms
[6991.302s][info][gc,phases,start] GC(2190) Forward
[6991.438s][info][gc,phases      ] GC(2190) Forward 136.042ms
[6991.438s][info][gc,phases,start] GC(2190) Adjust Pointers
[6991.644s][info][gc,phases      ] GC(2190) Adjust Pointers 206.164ms
[6991.644s][info][gc,phases,start] GC(2190) Compaction Phase
[6991.774s][info][gc,phases      ] GC(2190) Compaction Phase 130.136ms
[6991.775s][info][gc,phases,start] GC(2190) Post Compact
[6991.782s][info][gc,phases      ] GC(2190) Post Compact 7.034ms
[6991.929s][info][gc,heap        ] GC(2190) PSYoungGen: 2629621K(2629632K)->0K(2630656K) Eden: 2470400K(2470400K)->0K(2465280K) From: 159221K(159232K)->0K(165376K)
[6991.929s][info][gc,heap        ] GC(2190) ParOldGen: 5574307K(5574656K)->1437969K(1773568K)
[6991.929s][info][gc,metaspace   ] GC(2190) Metaspace: 29128K(29440K)->29128K(29440K) NonClass: 24242K(24384K)->24242K(24384K) Class: 4886K(5056K)->4886K(5056K)
[6991.929s][info][gc             ] GC(2190) Pause Full (Allocation Failure) 8011M->1404M(4301M) 929.541ms
[6991.929s][info][gc,cpu         ] GC(2190) User=4.15s Sys=0.15s Real=0.93s
..[6993.303s][info][gc,start       ] GC(2191) Pause Young (Allocation Failure)
[6993.369s][info][gc,heap        ] GC(2191) PSYoungGen: 2465280K(2630656K)->144910K(2610688K) Eden: 2465280K(2465280K)->0K(2465280K) From: 0K(165376K)->144910K(145408K)
[6993.369s][info][gc,heap        ] GC(2191) ParOldGen: 1437969K(1773568K)->1437969K(1773568K)
[6993.369s][info][gc,metaspace   ] GC(2191) Metaspace: 29128K(29440K)->29128K(29440K) NonClass: 24242K(24384K)->24242K(24384K) Class: 4886K(5056K)->4886K(5056K)
[6993.369s][info][gc             ] GC(2191) Pause Young (Allocation Failure) 3811M->1545M(4281M) 66.235ms
[6993.369s][info][gc,cpu         ] GC(2191) User=0.39s Sys=0.00s Real=0.07s
.[6994.927s][info][gc,start       ] GC(2192) Pause Young (Allocation Failure)
[6995.028s][info][gc,heap        ] GC(2192) PSYoungGen: 2610190K(2610688K)->149898K(2630656K) Eden: 2465280K(2465280K)->0K(2466304K) From: 144910K(145408K)->149898K(164352K)
[6995.028s][info][gc,heap        ] GC(2192) ParOldGen: 1437969K(1773568K)->1534191K(1773568K)
[6995.028s][info][gc,metaspace   ] GC(2192) Metaspace: 29128K(29440K)->29128K(29440K) NonClass: 24242K(24384K)->24242K(24384K) Class: 4886K(5056K)->4886K(5056K)
[6995.028s][info][gc             ] GC(2192) Pause Young (Allocation Failure) 3953M->1644M(4301M) 100.351ms
[6995.028s][info][gc,cpu         ] GC(2192) User=0.60s Sys=0.00s Real=0.10s
.[6996.545s][info][gc,start       ] GC(2193) Pause Young (Allocation Failure)
[6996.645s][info][gc,heap        ] GC(2193) PSYoungGen: 2616202K(2630656K)->148347K(2629632K) Eden: 2466304K(2466304K)->0K(2466304K) From: 149898K(164352K)->148347K(163328K)
[6996.645s][info][gc,heap        ] GC(2193) ParOldGen: 1534191K(1773568K)->1625351K(1773568K)
[6996.645s][info][gc,metaspace   ] GC(2193) Metaspace: 29128K(29440K)->29128K(29440K) NonClass: 24242K(24384K)->24242K(24384K) Class: 4886K(5056K)->4886K(5056K)
[6996.645s][info][gc             ] GC(2193) Pause Young (Allocation Failure) 4053M->1732M(4300M) 100.333ms
[6996.645s][info][gc,cpu         ] GC(2193) User=0.60s Sys=0.00s Real=0.10s
..[6998.100s][info][gc,start       ] GC(2194) Pause Young (Allocation Failure)
[6998.200s][info][gc,heap        ] GC(2194) PSYoungGen: 2614651K(2629632K)->160928K(2626560K) Eden: 2466304K(2466304K)->0K(2464768K) From: 148347K(163328K)->160928K(161792K)
[6998.201s][info][gc,heap        ] GC(2194) ParOldGen: 1625351K(1773568K)->1713327K(1773568K)
[6998.201s][info][gc,metaspace   ] GC(2194) Metaspace: 29128K(29440K)->29128K(29440K) NonClass: 24242K(24384K)->24242K(24384K) Class: 4886K(5056K)->4886K(5056K)
[6998.201s][info][gc             ] GC(2194) Pause Young (Allocation Failure) 4140M->1830M(4297M) 100.045ms
[6998.201s][info][gc,cpu         ] GC(2194) User=0.60s Sys=0.01s Real=0.10s
.[6999.747s][info][gc,start       ] GC(2195) Pause Young (Allocation Failure)
[6999.848s][info][gc,heap        ] GC(2195) PSYoungGen: 2625696K(2626560K)->150336K(2630144K) Eden: 2464768K(2464768K)->0K(2464768K) From: 160928K(161792K)->150336K(165376K)
[6999.848s][info][gc,heap        ] GC(2195) ParOldGen: 1713327K(1773568K)->1808535K(1808896K)
[6999.848s][info][gc,metaspace   ] GC(2195) Metaspace: 29128K(29440K)->29128K(29440K) NonClass: 24242K(24384K)->24242K(24384K) Class: 4886K(5056K)->4886K(5056K)
[6999.848s][info][gc             ] GC(2195) Pause Young (Allocation Failure) 4237M->1912M(4335M) 100.567ms
[6999.848s][info][gc,cpu         ] GC(2195) User=0.59s Sys=0.01s Real=0.10s
..[7001.306s][info][gc,start       ] GC(2196) Pause Young (Allocation Failure)
[7001.404s][info][gc,heap        ] GC(2196) PSYoungGen: 2615104K(2630144K)->141504K(2629120K) Eden: 2464768K(2464768K)->0K(2466816K) From: 150336K(165376K)->141504K(162304K)
[7001.404s][info][gc,heap        ] GC(2196) ParOldGen: 1808535K(1808896K)->1899847K(1900032K)
[7001.404s][info][gc,metaspace   ] GC(2196) Metaspace: 29128K(29440K)->29128K(29440K) NonClass: 24242K(24384K)->24242K(24384K) Class: 4886K(5056K)->4886K(5056K)
[7001.404s][info][gc             ] GC(2196) Pause Young (Allocation Failure) 4319M->1993M(4423M) 98.091ms
[7001.404s][info][gc,cpu         ] GC(2196) User=0.56s Sys=0.02s Real=0.10s
.[7002.988s][info][gc,start       ] GC(2197) Pause Young (Allocation Failure)
[7003.091s][info][gc,heap        ] GC(2197) PSYoungGen: 2608320K(2629120K)->152325K(2630656K) Eden: 2466816K(2466816K)->0K(2466816K) From: 141504K(162304K)->152325K(163840K)
[7003.091s][info][gc,heap        ] GC(2197) ParOldGen: 1899847K(1900032K)->1994159K(1994240K)
[7003.091s][info][gc,metaspace   ] GC(2197) Metaspace: 29128K(29440K)->29128K(29440K) NonClass: 24242K(24384K)->24242K(24384K) Class: 4886K(5056K)->4886K(5056K)
[7003.091s][info][gc             ] GC(2197) Pause Young (Allocation Failure) 4402M->2096M(4516M) 103.323ms
[7003.091s][info][gc,cpu         ] GC(2197) User=0.59s Sys=0.03s Real=0.11s
.|.[7004.765s][info][gc,start       ] GC(2198) Pause Young (Allocation Failure)
[7004.870s][info][gc,heap        ] GC(2198) PSYoungGen: 2619141K(2630656K)->156080K(2630144K) Eden: 2466816K(2466816K)->0K(2466304K) From: 152325K(163840K)->156080K(163840K)
[7004.870s][info][gc,heap        ] GC(2198) ParOldGen: 1994159K(1994240K)->2085127K(2085376K)
[7004.870s][info][gc,metaspace   ] GC(2198) Metaspace: 29128K(29440K)->29128K(29440K) NonClass: 24242K(24384K)->24242K(24384K) Class: 4886K(5056K)->4886K(5056K)
[7004.870s][info][gc             ] GC(2198) Pause Young (Allocation Failure) 4505M->2188M(4605M) 104.591ms
[7004.870s][info][gc,cpu         ] GC(2198) User=0.60s Sys=0.02s Real=0.11s
..[7006.432s][info][gc,start       ] GC(2199) Pause Young (Allocation Failure)
[7006.536s][info][gc,heap        ] GC(2199) PSYoungGen: 2622384K(2630144K)->148889K(2615296K) Eden: 2466304K(2466304K)->0K(2466304K) From: 156080K(163840K)->148889K(148992K)
[7006.536s][info][gc,heap        ] GC(2199) ParOldGen: 2085127K(2085376K)->2181055K(2181120K)
[7006.536s][info][gc,metaspace   ] GC(2199) Metaspace: 29128K(29440K)->29128K(29440K) NonClass: 24242K(24384K)->24242K(24384K) Class: 4886K(5056K)->4886K(5056K)
[7006.536s][info][gc             ] GC(2199) Pause Young (Allocation Failure) 4597M->2275M(4684M) 104.180ms
[7006.537s][info][gc,cpu         ] GC(2199) User=0.59s Sys=0.03s Real=0.10s
.[7008.220s][info][gc,start       ] GC(2200) Pause Young (Allocation Failure)
[7008.323s][info][gc,heap        ] GC(2200) PSYoungGen: 2615193K(2615296K)->157328K(2629120K) Eden: 2466304K(2466304K)->0K(2465792K) From: 148889K(148992K)->157328K(163328K)
[7008.323s][info][gc,heap        ] GC(2200) ParOldGen: 2181055K(2181120K)->2271903K(2272256K)
[7008.323s][info][gc,metaspace   ] GC(2200) Metaspace: 29128K(29440K)->29128K(29440K) NonClass: 24242K(24384K)->24242K(24384K) Class: 4886K(5056K)->4886K(5056K)
[7008.323s][info][gc             ] GC(2200) Pause Young (Allocation Failure) 4683M->2372M(4786M) 103.688ms
[7008.323s][info][gc,cpu         ] GC(2200) User=0.58s Sys=0.03s Real=0.10s
..[7009.943s][info][gc,start       ] GC(2201) Pause Young (Allocation Failure)
[7010.051s][info][gc,heap        ] GC(2201) PSYoungGen: 2623120K(2629120K)->159625K(2625536K) Eden: 2465792K(2465792K)->0K(2465792K) From: 157328K(163328K)->159625K(159744K)
[7010.051s][info][gc,heap        ] GC(2201) ParOldGen: 2271903K(2272256K)->2363615K(2363904K)
[7010.051s][info][gc,metaspace   ] GC(2201) Metaspace: 29128K(29440K)->29128K(29440K) NonClass: 24242K(24384K)->24242K(24384K) Class: 4886K(5056K)->4886K(5056K)
[7010.051s][info][gc             ] GC(2201) Pause Young (Allocation Failure) 4780M->2464M(4872M) 107.993ms
[7010.051s][info][gc,cpu         ] GC(2201) User=0.61s Sys=0.03s Real=0.11s
..[7011.660s][info][gc,start       ] GC(2202) Pause Young (Allocation Failure)
[7011.760s][info][gc,heap        ] GC(2202) PSYoungGen: 2625417K(2625536K)->144544K(2629632K) Eden: 2465792K(2465792K)->0K(2462720K) From: 159625K(159744K)->144544K(166912K)
[7011.760s][info][gc,heap        ] GC(2202) ParOldGen: 2363615K(2363904K)->2456319K(2456576K)
[7011.760s][info][gc,metaspace   ] GC(2202) Metaspace: 29128K(29440K)->29128K(29440K) NonClass: 24242K(24384K)->24242K(24384K) Class: 4886K(5056K)->4886K(5056K)
[7011.760s][info][gc             ] GC(2202) Pause Young (Allocation Failure) 4872M->2539M(4967M) 100.266ms
[7011.760s][info][gc,cpu         ] GC(2202) User=0.56s Sys=0.03s Real=0.10s
.[7013.335s][info][gc,start       ] GC(2203) Pause Young (Allocation Failure)
[7013.438s][info][gc,heap        ] GC(2203) PSYoungGen: 2607264K(2629632K)->147706K(2610688K) Eden: 2462720K(2462720K)->0K(2462720K) From: 144544K(166912K)->147706K(147968K)
[7013.438s][info][gc,heap        ] GC(2203) ParOldGen: 2456319K(2456576K)->2549903K(2550272K)
[7013.438s][info][gc,metaspace   ] GC(2203) Metaspace: 29128K(29440K)->29128K(29440K) NonClass: 24242K(24384K)->24242K(24384K) Class: 4886K(5056K)->4886K(5056K)
[7013.438s][info][gc             ] GC(2203) Pause Young (Allocation Failure) 4944M->2634M(5040M) 102.470ms
[7013.438s][info][gc,cpu         ] GC(2203) User=0.57s Sys=0.03s Real=0.10s
..[7015.095s][info][gc,start       ] GC(2204) Pause Young (Allocation Failure)
[7015.201s][info][gc,heap        ] GC(2204) PSYoungGen: 2610426K(2610688K)->156756K(2627072K) Eden: 2462720K(2462720K)->0K(2461696K) From: 147706K(147968K)->156756K(165376K)
[7015.201s][info][gc,heap        ] GC(2204) ParOldGen: 2549903K(2550272K)->2640951K(2641408K)
[7015.201s][info][gc,metaspace   ] GC(2204) Metaspace: 29128K(29440K)->29128K(29440K) NonClass: 24242K(24384K)->24242K(24384K) Class: 4886K(5056K)->4886K(5056K)
[7015.201s][info][gc             ] GC(2204) Pause Young (Allocation Failure) 5039M->2732M(5145M) 106.113ms
[7015.201s][info][gc,cpu         ] GC(2204) User=0.60s Sys=0.03s Real=0.11s
..[7016.767s][info][gc,start       ] GC(2205) Pause Young (Allocation Failure)
[7016.865s][info][gc,heap        ] GC(2205) PSYoungGen: 2618452K(2627072K)->143392K(2628096K) Eden: 2461696K(2461696K)->0K(2461696K) From: 156756K(165376K)->143392K(166400K)
[7016.865s][info][gc,heap        ] GC(2205) ParOldGen: 2640951K(2641408K)->2732143K(2732544K)
[7016.865s][info][gc,metaspace   ] GC(2205) Metaspace: 29128K(29440K)->29128K(29440K) NonClass: 24242K(24384K)->24242K(24384K) Class: 4886K(5056K)->4886K(5056K)
[7016.865s][info][gc             ] GC(2205) Pause Young (Allocation Failure) 5136M->2808M(5235M) 97.582ms
[7016.865s][info][gc,cpu         ] GC(2205) User=0.55s Sys=0.02s Real=0.10s
.[7018.570s][info][gc,start       ] GC(2206) Pause Young (Allocation Failure)
[7018.670s][info][gc,heap        ] GC(2206) PSYoungGen: 2605088K(2628096K)->146304K(2627584K) Eden: 2461696K(2461696K)->0K(2463232K) From: 143392K(166400K)->146304K(164352K)
[7018.670s][info][gc,heap        ] GC(2206) ParOldGen: 2732143K(2732544K)->2824031K(2824192K)
[7018.670s][info][gc,metaspace   ] GC(2206) Metaspace: 29128K(29440K)->29128K(29440K) NonClass: 24242K(24384K)->24242K(24384K) Class: 4886K(5056K)->4886K(5056K)
[7018.670s][info][gc             ] GC(2206) Pause Young (Allocation Failure) 5212M->2900M(5324M) 100.237ms
[7018.670s][info][gc,cpu         ] GC(2206) User=0.56s Sys=0.03s Real=0.10s
..[7020.310s][info][gc,start       ] GC(2207) Pause Young (Allocation Failure)
[7020.411s][info][gc,heap        ] GC(2207) PSYoungGen: 2609536K(2627584K)->143330K(2628608K) Eden: 2463232K(2463232K)->0K(2463232K) From: 146304K(164352K)->143330K(165376K)
[7020.411s][info][gc,heap        ] GC(2207) ParOldGen: 2824031K(2824192K)->2916143K(2916352K)
[7020.411s][info][gc,metaspace   ] GC(2207) Metaspace: 29128K(29440K)->29128K(29440K) NonClass: 24242K(24384K)->24242K(24384K) Class: 4886K(5056K)->4886K(5056K)
[7020.411s][info][gc             ] GC(2207) Pause Young (Allocation Failure) 5306M->2987M(5415M) 100.856ms
[7020.411s][info][gc,cpu         ] GC(2207) User=0.56s Sys=0.02s Real=0.10s
..[7022.042s][info][gc,start       ] GC(2208) Pause Young (Allocation Failure)
[7022.144s][info][gc,heap        ] GC(2208) PSYoungGen: 2606562K(2628608K)->149856K(2628096K) Eden: 2463232K(2463232K)->0K(2465792K) From: 143330K(165376K)->149856K(162304K)
[7022.144s][info][gc,heap        ] GC(2208) ParOldGen: 2916143K(2916352K)->3006735K(3006976K)
[7022.144s][info][gc,metaspace   ] GC(2208) Metaspace: 29128K(29440K)->29128K(29440K) NonClass: 24242K(24384K)->24242K(24384K) Class: 4886K(5056K)->4886K(5056K)
[7022.144s][info][gc             ] GC(2208) Pause Young (Allocation Failure) 5393M->3082M(5503M) 101.729ms
[7022.144s][info][gc,cpu         ] GC(2208) User=0.57s Sys=0.03s Real=0.10s
.[7023.725s][info][gc,start       ] GC(2209) Pause Young (Allocation Failure)
[7023.830s][info][gc,heap        ] GC(2209) PSYoungGen: 2615648K(2628096K)->151835K(2629632K) Eden: 2465792K(2465792K)->0K(2465792K) From: 149856K(162304K)->151835K(163840K)
[7023.830s][info][gc,heap        ] GC(2209) ParOldGen: 3006735K(3006976K)->3099191K(3099648K)
[7023.830s][info][gc,metaspace   ] GC(2209) Metaspace: 29128K(29440K)->29128K(29440K) NonClass: 24242K(24384K)->24242K(24384K) Class: 4886K(5056K)->4886K(5056K)
[7023.830s][info][gc             ] GC(2209) Pause Young (Allocation Failure) 5490M->3174M(5595M) 104.860ms
[7023.830s][info][gc,cpu         ] GC(2209) User=0.59s Sys=0.04s Real=0.11s
..[7025.506s][info][gc,start       ] GC(2210) Pause Young (Allocation Failure)
[7025.609s][info][gc,heap        ] GC(2210) PSYoungGen: 2617627K(2629632K)->145877K(2629632K) Eden: 2465792K(2465792K)->0K(2468864K) From: 151835K(163840K)->145877K(160768K)
[7025.609s][info][gc,heap        ] GC(2210) ParOldGen: 3099191K(3099648K)->3192087K(3192320K)
[7025.609s][info][gc,metaspace   ] GC(2210) Metaspace: 29128K(29440K)->29128K(29440K) NonClass: 24242K(24384K)->24242K(24384K) Class: 4886K(5056K)->4886K(5056K)
[7025.609s][info][gc             ] GC(2210) Pause Young (Allocation Failure) 5582M->3259M(5685M) 102.510ms
[7025.609s][info][gc,cpu         ] GC(2210) User=0.57s Sys=0.03s Real=0.11s
..[7027.179s][info][gc,start       ] GC(2211) Pause Young (Allocation Failure)
[7027.290s][info][gc,heap        ] GC(2211) PSYoungGen: 2614741K(2629632K)->162303K(2631168K) Eden: 2468864K(2468864K)->0K(2468864K) From: 145877K(160768K)->162303K(162304K)
[7027.290s][info][gc,heap        ] GC(2211) ParOldGen: 3192087K(3192320K)->3286695K(3287040K)
[7027.290s][info][gc,metaspace   ] GC(2211) Metaspace: 29128K(29440K)->29128K(29440K) NonClass: 24242K(24384K)->24242K(24384K) Class: 4886K(5056K)->4886K(5056K)
[7027.290s][info][gc             ] GC(2211) Pause Young (Allocation Failure) 5670M->3368M(5779M) 110.756ms
[7027.290s][info][gc,cpu         ] GC(2211) User=0.62s Sys=0.03s Real=0.11s
.[7028.873s][info][gc,start       ] GC(2212) Pause Young (Allocation Failure)
[7028.976s][info][gc,heap        ] GC(2212) PSYoungGen: 2631167K(2631168K)->149792K(2563584K) Eden: 2468864K(2468864K)->0K(2398720K) From: 162303K(162304K)->149792K(164864K)
[7028.976s][info][gc,heap        ] GC(2212) ParOldGen: 3286695K(3287040K)->3377687K(3378176K)
[7028.976s][info][gc,metaspace   ] GC(2212) Metaspace: 29128K(29440K)->29128K(29440K) NonClass: 24242K(24384K)->24242K(24384K) Class: 4886K(5056K)->4886K(5056K)
[7028.976s][info][gc             ] GC(2212) Pause Young (Allocation Failure) 5779M->3444M(5802M) 102.960ms
[7028.976s][info][gc,cpu         ] GC(2212) User=0.58s Sys=0.03s Real=0.10s
..[7030.543s][info][gc,start       ] GC(2213) Pause Young (Allocation Failure)
[7030.645s][info][gc,heap        ] GC(2213) PSYoungGen: 2548512K(2563584K)->147396K(2597376K) Eden: 2398720K(2398720K)->0K(2398720K) From: 149792K(164864K)->147396K(198656K)
[7030.645s][info][gc,heap        ] GC(2213) ParOldGen: 3377687K(3378176K)->3470551K(3470848K)
[7030.645s][info][gc,metaspace   ] GC(2213) Metaspace: 29128K(29440K)->29128K(29440K) NonClass: 24242K(24384K)->24242K(24384K) Class: 4886K(5056K)->4886K(5056K)
[7030.645s][info][gc             ] GC(2213) Pause Young (Allocation Failure) 5787M->3533M(5926M) 102.708ms
[7030.645s][info][gc,cpu         ] GC(2213) User=0.58s Sys=0.03s Real=0.10s
..[7032.251s][info][gc,start       ] GC(2214) Pause Young (Allocation Failure)
[7032.353s][info][gc,heap        ] GC(2214) PSYoungGen: 2546116K(2597376K)->147462K(2591232K) Eden: 2398720K(2398720K)->0K(2400768K) From: 147396K(198656K)->147462K(190464K)
[7032.353s][info][gc,heap        ] GC(2214) ParOldGen: 3470551K(3470848K)->3561599K(3561984K)
[7032.353s][info][gc,metaspace   ] GC(2214) Metaspace: 29128K(29440K)->29128K(29440K) NonClass: 24242K(24384K)->24242K(24384K) Class: 4886K(5056K)->4886K(5056K)
[7032.353s][info][gc             ] GC(2214) Pause Young (Allocation Failure) 5875M->3622M(6009M) 102.265ms
[7032.353s][info][gc,cpu         ] GC(2214) User=0.59s Sys=0.02s Real=0.10s
.[7033.928s][info][gc,start       ] GC(2215) Pause Young (Allocation Failure)
[7034.029s][info][gc,heap        ] GC(2215) PSYoungGen: 2548230K(2591232K)->145056K(2595328K) Eden: 2400768K(2400768K)->0K(2400768K) From: 147462K(190464K)->145056K(194560K)
[7034.029s][info][gc,heap        ] GC(2215) ParOldGen: 3561599K(3561984K)->3652295K(3652608K)
[7034.029s][info][gc,metaspace   ] GC(2215) Metaspace: 29128K(29440K)->29128K(29440K) NonClass: 24242K(24384K)->24242K(24384K) Class: 4886K(5056K)->4886K(5056K)
[7034.029s][info][gc             ] GC(2215) Pause Young (Allocation Failure) 5966M->3708M(6101M) 101.131ms
[7034.029s][info][gc,cpu         ] GC(2215) User=0.58s Sys=0.02s Real=0.11s
..[7035.573s][info][gc,start       ] GC(2216) Pause Young (Allocation Failure)
[7035.671s][info][gc,heap        ] GC(2216) PSYoungGen: 2545824K(2595328K)->139121K(2597888K) Eden: 2400768K(2400768K)->0K(2408448K) From: 145056K(194560K)->139121K(189440K)
[7035.671s][info][gc,heap        ] GC(2216) ParOldGen: 3652295K(3652608K)->3743679K(3743744K)
[7035.671s][info][gc,metaspace   ] GC(2216) Metaspace: 29128K(29440K)->29128K(29440K) NonClass: 24242K(24384K)->24242K(24384K) Class: 4886K(5056K)->4886K(5056K)
[7035.671s][info][gc             ] GC(2216) Pause Young (Allocation Failure) 6052M->3791M(6193M) 98.485ms
[7035.671s][info][gc,cpu         ] GC(2216) User=0.55s Sys=0.03s Real=0.10s
..[7037.247s][info][gc,start       ] GC(2217) Pause Young (Allocation Failure)
[7037.344s][info][gc,heap        ] GC(2217) PSYoungGen: 2547569K(2597888K)->137056K(2600448K) Eden: 2408448K(2408448K)->0K(2408448K) From: 139121K(189440K)->137056K(192000K)
[7037.344s][info][gc,heap        ] GC(2217) ParOldGen: 3743679K(3743744K)->3831911K(3832320K)
[7037.344s][info][gc,metaspace   ] GC(2217) Metaspace: 29128K(29440K)->29128K(29440K) NonClass: 24242K(24384K)->24242K(24384K) Class: 4886K(5056K)->4886K(5056K)
[7037.344s][info][gc             ] GC(2217) Pause Young (Allocation Failure) 6143M->3875M(6282M) 96.111ms
[7037.344s][info][gc,cpu         ] GC(2217) User=0.54s Sys=0.02s Real=0.10s
[7037.966s][info][gc,start       ] GC(2218) Pause Full (Diagnostic Command)
[7037.966s][info][gc,phases,start] GC(2218) Marking Phase
[7038.255s][info][gc,phases      ] GC(2218) Marking Phase 289.512ms
[7038.255s][info][gc,phases,start] GC(2218) Summary Phase
[7038.255s][info][gc,phases      ] GC(2218) Summary Phase 0.067ms
[7038.255s][info][gc,phases,start] GC(2218) Forward
[7038.448s][info][gc,phases      ] GC(2218) Forward 192.785ms
[7038.448s][info][gc,phases,start] GC(2218) Adjust Pointers
[7038.654s][info][gc,phases      ] GC(2218) Adjust Pointers 205.981ms
[7038.654s][info][gc,phases,start] GC(2218) Compaction Phase
[7038.898s][info][gc,phases      ] GC(2218) Compaction Phase 243.632ms
[7038.901s][info][gc,phases,start] GC(2218) Post Compact
[7038.905s][info][gc,phases      ] GC(2218) Post Compact 4.320ms
[7038.905s][info][gc,heap        ] GC(2218) PSYoungGen: 1119330K(2600448K)->0K(2600448K) Eden: 982274K(2408448K)->0K(2408448K) From: 137056K(192000K)->0K(192000K)
[7038.905s][info][gc,heap        ] GC(2218) ParOldGen: 3831911K(3832320K)->1157216K(3832320K)
[7038.905s][info][gc,metaspace   ] GC(2218) Metaspace: 29128K(29440K)->29125K(29440K) NonClass: 24242K(24384K)->24240K(24384K) Class: 4886K(5056K)->4885K(5056K)
[7038.905s][info][gc             ] GC(2218) Pause Full (Diagnostic Command) 4835M->1130M(6282M) 939.473ms
[7038.905s][info][gc,cpu         ] GC(2218) User=4.86s Sys=0.00s Real=0.94s
?..[7040.312s][info][gc,start       ] GC(2219) Pause Young (Allocation Failure)
[7040.382s][info][gc,heap        ] GC(2219) PSYoungGen: 2408448K(2600448K)->157552K(2598912K) Eden: 2408448K(2408448K)->0K(2413056K) From: 0K(192000K)->157552K(185856K)
[7040.383s][info][gc,heap        ] GC(2219) ParOldGen: 1157216K(3832320K)->1157216K(3832320K)
[7040.383s][info][gc,metaspace   ] GC(2219) Metaspace: 29125K(29440K)->29125K(29440K) NonClass: 24240K(24384K)->24240K(24384K) Class: 4885K(5056K)->4885K(5056K)
[7040.383s][info][gc             ] GC(2219) Pause Young (Allocation Failure) 3482M->1283M(6280M) 70.908ms
[7040.383s][info][gc,cpu         ] GC(2219) User=0.43s Sys=0.00s Real=0.07s
.[7041.903s][info][gc,start       ] GC(2220) Pause Young (Allocation Failure)
[7042.005s][info][gc,heap        ] GC(2220) PSYoungGen: 2570608K(2598912K)->150880K(2601984K) Eden: 2413056K(2413056K)->0K(2413056K) From: 157552K(185856K)->150880K(188928K)
[7042.005s][info][gc,heap        ] GC(2220) ParOldGen: 1157216K(3832320K)->1252848K(3832320K)
[7042.005s][info][gc,metaspace   ] GC(2220) Metaspace: 29125K(29440K)->29125K(29440K) NonClass: 24240K(24384K)->24240K(24384K) Class: 4885K(5056K)->4885K(5056K)
[7042.005s][info][gc             ] GC(2220) Pause Young (Allocation Failure) 3640M->1370M(6283M) 102.325ms
[7042.005s][info][gc,cpu         ] GC(2220) User=0.60s Sys=0.00s Real=0.10s
..[7043.502s][info][gc,start       ] GC(2221) Pause Young (Allocation Failure)
[7043.600s][info][gc,heap        ] GC(2221) PSYoungGen: 2563936K(2601984K)->147359K(2601984K) Eden: 2413056K(2413056K)->0K(2421248K) From: 150880K(188928K)->147359K(180736K)
[7043.600s][info][gc,heap        ] GC(2221) ParOldGen: 1252848K(3832320K)->1343216K(3832320K)
[7043.600s][info][gc,metaspace   ] GC(2221) Metaspace: 29125K(29440K)->29125K(29440K) NonClass: 24240K(24384K)->24240K(24384K) Class: 4885K(5056K)->4885K(5056K)
[7043.600s][info][gc             ] GC(2221) Pause Young (Allocation Failure) 3727M->1455M(6283M) 98.185ms
[7043.600s][info][gc,cpu         ] GC(2221) User=0.58s Sys=0.00s Real=0.10s
.[7045.077s][info][gc,start       ] GC(2222) Pause Young (Allocation Failure)
[7045.177s][info][gc,heap        ] GC(2222) PSYoungGen: 2568607K(2601984K)->159680K(2604544K) Eden: 2421248K(2421248K)->0K(2421248K) From: 147359K(180736K)->159680K(183296K)
[7045.177s][info][gc,heap        ] GC(2222) ParOldGen: 1343216K(3832320K)->1431344K(3832320K)
[7045.177s][info][gc,metaspace   ] GC(2222) Metaspace: 29125K(29440K)->29125K(29440K) NonClass: 24240K(24384K)->24240K(24384K) Class: 4885K(5056K)->4885K(5056K)
[7045.177s][info][gc             ] GC(2222) Pause Young (Allocation Failure) 3820M->1553M(6286M) 99.870ms
[7045.177s][info][gc,cpu         ] GC(2222) User=0.60s Sys=0.00s Real=0.10s
..[7046.665s][info][gc,start       ] GC(2223) Pause Young (Allocation Failure)
[7046.804s][info][gc,heap        ] GC(2223) PSYoungGen: 2580928K(2604544K)->138048K(2611712K) Eden: 2421248K(2421248K)->0K(2429440K) From: 159680K(183296K)->138048K(182272K)
[7046.804s][info][gc,heap        ] GC(2223) ParOldGen: 1431344K(3832320K)->1525224K(3832320K)
[7046.804s][info][gc,metaspace   ] GC(2223) Metaspace: 29125K(29440K)->29125K(29440K) NonClass: 24240K(24384K)->24240K(24384K) Class: 4885K(5056K)->4885K(5056K)
[7046.804s][info][gc             ] GC(2223) Pause Young (Allocation Failure) 3918M->1624M(6293M) 138.799ms
[7046.804s][info][gc,cpu         ] GC(2223) User=0.55s Sys=0.00s Real=0.14s
.[7048.286s][info][gc,start       ] GC(2224) Pause Young (Allocation Failure)
[7048.389s][info][gc,heap        ] GC(2224) PSYoungGen: 2567488K(2611712K)->159324K(2612224K) Eden: 2429440K(2429440K)->0K(2429440K) From: 138048K(182272K)->159324K(182784K)
[7048.389s][info][gc,heap        ] GC(2224) ParOldGen: 1525224K(3832320K)->1613720K(3832320K)
[7048.389s][info][gc,metaspace   ] GC(2224) Metaspace: 29125K(29440K)->29125K(29440K) NonClass: 24240K(24384K)->24240K(24384K) Class: 4885K(5056K)->4885K(5056K)
[7048.389s][info][gc             ] GC(2224) Pause Young (Allocation Failure) 3996M->1731M(6293M) 102.895ms
[7048.389s][info][gc,cpu         ] GC(2224) User=0.61s Sys=0.00s Real=0.11s
..[7049.917s][info][gc,start       ] GC(2225) Pause Young (Allocation Failure)
[7050.018s][info][gc,heap        ] GC(2225) PSYoungGen: 2588764K(2612224K)->151168K(2608128K) Eden: 2429440K(2429440K)->0K(2430976K) From: 159324K(182784K)->151168K(177152K)
[7050.018s][info][gc,heap        ] GC(2225) ParOldGen: 1613720K(3832320K)->1704040K(3832320K)
[7050.018s][info][gc,metaspace   ] GC(2225) Metaspace: 29125K(29440K)->29125K(29440K) NonClass: 24240K(24384K)->24240K(24384K) Class: 4885K(5056K)->4885K(5056K)
[7050.018s][info][gc             ] GC(2225) Pause Young (Allocation Failure) 4103M->1811M(6289M) 100.658ms
[7050.018s][info][gc,cpu         ] GC(2225) User=0.59s Sys=0.00s Real=0.10s
.[7051.580s][info][gc,start       ] GC(2226) Pause Young (Allocation Failure)
[7051.681s][info][gc,heap        ] GC(2226) PSYoungGen: 2582144K(2608128K)->150628K(2610688K) Eden: 2430976K(2430976K)->0K(2430976K) From: 151168K(177152K)->150628K(179712K)
[7051.681s][info][gc,heap        ] GC(2226) ParOldGen: 1704040K(3832320K)->1795640K(3832320K)
[7051.681s][info][gc,metaspace   ] GC(2226) Metaspace: 29125K(29440K)->29125K(29440K) NonClass: 24240K(24384K)->24240K(24384K) Class: 4885K(5056K)->4885K(5056K)
[7051.681s][info][gc             ] GC(2226) Pause Young (Allocation Failure) 4185M->1900M(6292M) 101.527ms
[7051.681s][info][gc,cpu         ] GC(2226) User=0.60s Sys=0.00s Real=0.10s
..[7053.339s][info][gc,start       ] GC(2227) Pause Young (Allocation Failure)
[7053.430s][info][gc,heap        ] GC(2227) PSYoungGen: 2581604K(2610688K)->135840K(2616320K) Eden: 2430976K(2430976K)->0K(2439168K) From: 150628K(179712K)->135840K(177152K)
[7053.430s][info][gc,heap        ] GC(2227) ParOldGen: 1795640K(3832320K)->1889096K(3832320K)
[7053.430s][info][gc,metaspace   ] GC(2227) Metaspace: 29125K(29440K)->29125K(29440K) NonClass: 24240K(24384K)->24240K(24384K) Class: 4885K(5056K)->4885K(5056K)
[7053.430s][info][gc             ] GC(2227) Pause Young (Allocation Failure) 4274M->1977M(6297M) 90.793ms
[7053.430s][info][gc,cpu         ] GC(2227) User=0.54s Sys=0.00s Real=0.09s
..[7055.077s][info][gc,start       ] GC(2228) Pause Young (Allocation Failure)
[7055.178s][info][gc,heap        ] GC(2228) PSYoungGen: 2575008K(2616320K)->157210K(2616320K) Eden: 2439168K(2439168K)->0K(2439168K) From: 135840K(177152K)->157210K(177152K)
[7055.178s][info][gc,heap        ] GC(2228) ParOldGen: 1889096K(3832320K)->1980232K(3832320K)
[7055.178s][info][gc,metaspace   ] GC(2228) Metaspace: 29125K(29440K)->29125K(29440K) NonClass: 24240K(24384K)->24240K(24384K) Class: 4885K(5056K)->4885K(5056K)
[7055.178s][info][gc             ] GC(2228) Pause Young (Allocation Failure) 4359M->2087M(6297M) 101.512ms
[7055.178s][info][gc,cpu         ] GC(2228) User=0.60s Sys=0.00s Real=0.11s
.[7056.761s][info][gc,start       ] GC(2229) Pause Young (Allocation Failure)
[7056.857s][info][gc,heap        ] GC(2229) PSYoungGen: 2596378K(2616320K)->145600K(2615808K) Eden: 2439168K(2439168K)->0K(2441728K) From: 157210K(177152K)->145600K(174080K)
[7056.857s][info][gc,heap        ] GC(2229) ParOldGen: 1980232K(3832320K)->2069688K(3832320K)
[7056.857s][info][gc,metaspace   ] GC(2229) Metaspace: 29125K(29440K)->29125K(29440K) NonClass: 24240K(24384K)->24240K(24384K) Class: 4885K(5056K)->4885K(5056K)
[7056.857s][info][gc             ] GC(2229) Pause Young (Allocation Failure) 4469M->2163M(6297M) 95.631ms
[7056.857s][info][gc,cpu         ] GC(2229) User=0.56s Sys=0.00s Real=0.09s
..[7058.512s][info][gc,start       ] GC(2230) Pause Young (Allocation Failure)
[7058.606s][info][gc,heap        ] GC(2230) PSYoungGen: 2587328K(2615808K)->140064K(2617344K) Eden: 2441728K(2441728K)->0K(2441728K) From: 145600K(174080K)->140064K(175616K)
[7058.606s][info][gc,heap        ] GC(2230) ParOldGen: 2069688K(3832320K)->2164480K(3832320K)
[7058.606s][info][gc,metaspace   ] GC(2230) Metaspace: 29125K(29440K)->29125K(29440K) NonClass: 24240K(24384K)->24240K(24384K) Class: 4885K(5056K)->4885K(5056K)
[7058.606s][info][gc             ] GC(2230) Pause Young (Allocation Failure) 4547M->2250M(6298M) 94.028ms
[7058.606s][info][gc,cpu         ] GC(2230) User=0.55s Sys=0.00s Real=0.09s
..[7060.271s][info][gc,start       ] GC(2231) Pause Young (Allocation Failure)
[7060.362s][info][gc,heap        ] GC(2231) PSYoungGen: 2581792K(2617344K)->136032K(2619904K) Eden: 2441728K(2441728K)->0K(2445824K) From: 140064K(175616K)->136032K(174080K)
[7060.362s][info][gc,heap        ] GC(2231) ParOldGen: 2164480K(3832320K)->2254440K(3832320K)
[7060.362s][info][gc,metaspace   ] GC(2231) Metaspace: 29125K(29440K)->29125K(29440K) NonClass: 24240K(24384K)->24240K(24384K) Class: 4885K(5056K)->4885K(5056K)
[7060.362s][info][gc             ] GC(2231) Pause Young (Allocation Failure) 4635M->2334M(6301M) 91.312ms
[7060.362s][info][gc,cpu         ] GC(2231) User=0.54s Sys=0.00s Real=0.09s
.[7061.990s][info][gc,start       ] GC(2232) Pause Young (Allocation Failure)
[7062.091s][info][gc,heap        ] GC(2232) PSYoungGen: 2581856K(2619904K)->150943K(2620416K) Eden: 2445824K(2445824K)->0K(2445824K) From: 136032K(174080K)->150943K(174592K)
[7062.091s][info][gc,heap        ] GC(2232) ParOldGen: 2254440K(3832320K)->2346368K(3832320K)
[7062.091s][info][gc,metaspace   ] GC(2232) Metaspace: 29125K(29440K)->29125K(29440K) NonClass: 24240K(24384K)->24240K(24384K) Class: 4885K(5056K)->4885K(5056K)
[7062.091s][info][gc             ] GC(2232) Pause Young (Allocation Failure) 4722M->2438M(6301M) 101.770ms
[7062.091s][info][gc,cpu         ] GC(2232) User=0.60s Sys=0.00s Real=0.10s
..[7063.647s][info][gc,start       ] GC(2233) Pause Young (Allocation Failure)
[7063.745s][info][gc,heap        ] GC(2233) PSYoungGen: 2596767K(2620416K)->147061K(2618368K) Eden: 2445824K(2445824K)->0K(2448384K) From: 150943K(174592K)->147061K(169984K)
[7063.746s][info][gc,heap        ] GC(2233) ParOldGen: 2346368K(3832320K)->2436560K(3832320K)
[7063.746s][info][gc,metaspace   ] GC(2233) Metaspace: 29125K(29440K)->29125K(29440K) NonClass: 24240K(24384K)->24240K(24384K) Class: 4885K(5056K)->4885K(5056K)
[7063.746s][info][gc             ] GC(2233) Pause Young (Allocation Failure) 4827M->2523M(6299M) 98.769ms
[7063.746s][info][gc,cpu         ] GC(2233) User=0.59s Sys=0.00s Real=0.10s
. (rIR:aIR:PR = 11761:11721:11720) (tPR = 172711) [OK] 
  7064s: Performance info:
         Transaction,    Success,    Partial,     Failed,   Receipts, AvgBarcode, 
             Overall,     714740,          0,          0,     678698,      59.47, 
         Response times:
             Request,    Success,    Partial,     Failed,   SkipFail,     Probes,    Samples,      min,      p50,      p90,      p95,      p99,      max, 
       TotalPurchase,     678565,          0,          0,          0,     311205,     449972,      200,    55000,   457000,   556000,   770000,  1100000,
     InStorePurchase,     360916,          0,          0,          0,     161629,     236037,      200,    55000,   450000,   536000,   770000,  1100000,
      OnlinePurchase,     246968,          0,          0,          0,     114096,     165631,      300,    55000,   457000,   556000,   770000,  1100000,
        InstPurchase,      70681,          0,          0,          0,      35480,      48304,      300,    51000,   463000,   620000,   770000,  1100000,
          AssocOfCat,        718,          0,          0,          0,        530,        833,    26000,   113000,   477400,   660000,   906600,  1000000,
      AssocOfProduct,       7215,          0,          0,          0,       4091,       5679,     1000,    56000,   485000,   593000,   760000,  1100000,
      BusinessReport,       1787,          0,          0,          0,       1448,       2146,    28000,   103000,   521000,   660000,   870000,  1100000,
          CustBuyBeh,       7297,          0,          0,          0,       4124,       5690,      600,    55000,   489000,   660000,   840000,  1100000,
       ProductReturn,      19010,          0,          0,          0,       8948,      12651,      200,    55000,   481000,   570000,   710000,  1100000,

  7064s: (86%)   IR =  11900 .[7065.407s][info][gc,start       ] GC(2234) Pause Young (Allocation Failure)
[7065.509s][info][gc,heap        ] GC(2234) PSYoungGen: 2595445K(2618368K)->148645K(2619392K) Eden: 2448384K(2448384K)->0K(2448384K) From: 147061K(169984K)->148645K(171008K)
[7065.509s][info][gc,heap        ] GC(2234) ParOldGen: 2436560K(3832320K)->2530528K(3832320K)
[7065.509s][info][gc,metaspace   ] GC(2234) Metaspace: 29125K(29440K)->29125K(29440K) NonClass: 24240K(24384K)->24240K(24384K) Class: 4885K(5056K)->4885K(5056K)
[7065.509s][info][gc             ] GC(2234) Pause Young (Allocation Failure) 4914M->2616M(6300M) 102.299ms
[7065.509s][info][gc,cpu         ] GC(2234) User=0.61s Sys=0.00s Real=0.11s
.[7067.083s][info][gc,start       ] GC(2235) Pause Young (Allocation Failure)
[7067.182s][info][gc,heap        ] GC(2235) PSYoungGen: 2597029K(2619392K)->146550K(2621952K) Eden: 2448384K(2448384K)->0K(2456064K) From: 148645K(171008K)->146550K(165888K)
[7067.182s][info][gc,heap        ] GC(2235) ParOldGen: 2530528K(3832320K)->2622872K(3832320K)
[7067.182s][info][gc,metaspace   ] GC(2235) Metaspace: 29125K(29440K)->29125K(29440K) NonClass: 24240K(24384K)->24240K(24384K) Class: 4885K(5056K)->4885K(5056K)
[7067.182s][info][gc             ] GC(2235) Pause Young (Allocation Failure) 5007M->2704M(6303M) 98.803ms
[7067.182s][info][gc,cpu         ] GC(2235) User=0.59s Sys=0.00s Real=0.10s
..[7068.758s][info][gc,start       ] GC(2236) Pause Young (Allocation Failure)
[7068.857s][info][gc,heap        ] GC(2236) PSYoungGen: 2602614K(2621952K)->151520K(2622976K) Eden: 2456064K(2456064K)->0K(2456064K) From: 146550K(165888K)->151520K(166912K)
[7068.857s][info][gc,heap        ] GC(2236) ParOldGen: 2622872K(3832320K)->2711728K(3832320K)
[7068.857s][info][gc,metaspace   ] GC(2236) Metaspace: 29125K(29440K)->29125K(29440K) NonClass: 24240K(24384K)->24240K(24384K) Class: 4885K(5056K)->4885K(5056K)
[7068.857s][info][gc             ] GC(2236) Pause Young (Allocation Failure) 5103M->2796M(6304M) 99.285ms
[7068.858s][info][gc,cpu         ] GC(2236) User=0.58s Sys=0.00s Real=0.10s
.[7070.419s][info][gc,start       ] GC(2237) Pause Young (Allocation Failure)
[7070.517s][info][gc,heap        ] GC(2237) PSYoungGen: 2607584K(2622976K)->142240K(2627584K) Eden: 2456064K(2456064K)->0K(2462720K) From: 151520K(166912K)->142240K(164864K)
[7070.517s][info][gc,heap        ] GC(2237) ParOldGen: 2711728K(3832320K)->2806304K(3832320K)
[7070.517s][info][gc,metaspace   ] GC(2237) Metaspace: 29125K(29440K)->29125K(29440K) NonClass: 24240K(24384K)->24240K(24384K) Class: 4885K(5056K)->4885K(5056K)
[7070.517s][info][gc             ] GC(2237) Pause Young (Allocation Failure) 5194M->2879M(6308M) 97.844ms
[7070.517s][info][gc,cpu         ] GC(2237) User=0.57s Sys=0.00s Real=0.09s
..[7072.132s][info][gc,start       ] GC(2238) Pause Young (Allocation Failure)
[7072.233s][info][gc,heap        ] GC(2238) PSYoungGen: 2604960K(2627584K)->152137K(2628608K) Eden: 2462720K(2462720K)->0K(2462720K) From: 142240K(164864K)->152137K(165888K)
[7072.233s][info][gc,heap        ] GC(2238) ParOldGen: 2806304K(3832320K)->2897752K(3832320K)
[7072.233s][info][gc,metaspace   ] GC(2238) Metaspace: 29125K(29440K)->29125K(29440K) NonClass: 24240K(24384K)->24240K(24384K) Class: 4885K(5056K)->4885K(5056K)
[7072.233s][info][gc             ] GC(2238) Pause Young (Allocation Failure) 5284M->2978M(6309M) 100.448ms
[7072.233s][info][gc,cpu         ] GC(2238) User=0.60s Sys=0.00s Real=0.10s
..|[7073.812s][info][gc,start       ] GC(2239) Pause Young (Allocation Failure)
[7073.911s][info][gc,heap        ] GC(2239) PSYoungGen: 2614857K(2628608K)->147744K(2626560K) Eden: 2462720K(2462720K)->0K(2464768K) From: 152137K(165888K)->147744K(161792K)
[7073.911s][info][gc,heap        ] GC(2239) ParOldGen: 2897752K(3832320K)->2988728K(3832320K)
[7073.911s][info][gc,metaspace   ] GC(2239) Metaspace: 29125K(29440K)->29125K(29440K) NonClass: 24240K(24384K)->24240K(24384K) Class: 4885K(5056K)->4885K(5056K)
[7073.911s][info][gc             ] GC(2239) Pause Young (Allocation Failure) 5383M->3062M(6307M) 98.934ms
[7073.911s][info][gc,cpu         ] GC(2239) User=0.59s Sys=0.00s Real=0.10s
.[7075.493s][info][gc,start       ] GC(2240) Pause Young (Allocation Failure)
[7075.592s][info][gc,heap        ] GC(2240) PSYoungGen: 2612512K(2626560K)->147136K(2628608K) Eden: 2464768K(2464768K)->0K(2464768K) From: 147744K(161792K)->147136K(163840K)
[7075.592s][info][gc,heap        ] GC(2240) ParOldGen: 2988728K(3832320K)->3081560K(3832320K)
[7075.592s][info][gc,metaspace   ] GC(2240) Metaspace: 29125K(29440K)->29125K(29440K) NonClass: 24240K(24384K)->24240K(24384K) Class: 4885K(5056K)->4885K(5056K)
[7075.592s][info][gc             ] GC(2240) Pause Young (Allocation Failure) 5469M->3153M(6309M) 98.785ms
[7075.592s][info][gc,cpu         ] GC(2240) User=0.57s Sys=0.00s Real=0.10s
..[7077.171s][info][gc,start       ] GC(2241) Pause Young (Allocation Failure)
[7077.273s][info][gc,heap        ] GC(2241) PSYoungGen: 2611904K(2628608K)->151061K(2631680K) Eden: 2464768K(2464768K)->0K(2469888K) From: 147136K(163840K)->151061K(161792K)
[7077.273s][info][gc,heap        ] GC(2241) ParOldGen: 3081560K(3832320K)->3175608K(3832320K)
[7077.273s][info][gc,metaspace   ] GC(2241) Metaspace: 29125K(29440K)->29125K(29440K) NonClass: 24240K(24384K)->24240K(24384K) Class: 4885K(5056K)->4885K(5056K)
[7077.273s][info][gc             ] GC(2241) Pause Young (Allocation Failure) 5560M->3248M(6312M) 102.199ms
[7077.273s][info][gc,cpu         ] GC(2241) User=0.61s Sys=0.00s Real=0.10s
..[7078.866s][info][gc,start       ] GC(2242) Pause Young (Allocation Failure)
[7078.967s][info][gc,heap        ] GC(2242) PSYoungGen: 2620949K(2631680K)->153460K(2632192K) Eden: 2469888K(2469888K)->0K(2469888K) From: 151061K(161792K)->153460K(162304K)
[7078.967s][info][gc,heap        ] GC(2242) ParOldGen: 3175608K(3832320K)->3266104K(3832320K)
[7078.967s][info][gc,metaspace   ] GC(2242) Metaspace: 29125K(29440K)->29125K(29440K) NonClass: 24240K(24384K)->24240K(24384K) Class: 4885K(5056K)->4885K(5056K)
[7078.967s][info][gc             ] GC(2242) Pause Young (Allocation Failure) 5660M->3339M(6313M) 101.087ms
[7078.967s][info][gc,cpu         ] GC(2242) User=0.59s Sys=0.00s Real=0.10s
.[7080.506s][info][gc,start       ] GC(2243) Pause Young (Allocation Failure)
[7080.603s][info][gc,heap        ] GC(2243) PSYoungGen: 2623348K(2632192K)->143072K(2633216K) Eden: 2469888K(2469888K)->0K(2470912K) From: 153460K(162304K)->143072K(162304K)
[7080.603s][info][gc,heap        ] GC(2243) ParOldGen: 3266104K(3832320K)->3361376K(3832320K)
[7080.603s][info][gc,metaspace   ] GC(2243) Metaspace: 29125K(29440K)->29125K(29440K) NonClass: 24240K(24384K)->24240K(24384K) Class: 4885K(5056K)->4885K(5056K)
[7080.603s][info][gc             ] GC(2243) Pause Young (Allocation Failure) 5751M->3422M(6314M) 97.366ms
[7080.603s][info][gc,cpu         ] GC(2243) User=0.57s Sys=0.00s Real=0.10s
..[7082.204s][info][gc,start       ] GC(2244) Pause Young (Allocation Failure)
[7082.307s][info][gc,heap        ] GC(2244) PSYoungGen: 2613984K(2633216K)->153920K(2633216K) Eden: 2470912K(2470912K)->0K(2470912K) From: 143072K(162304K)->153920K(162304K)
[7082.307s][info][gc,heap        ] GC(2244) ParOldGen: 3361376K(3832320K)->3451496K(3832320K)
[7082.307s][info][gc,metaspace   ] GC(2244) Metaspace: 29125K(29440K)->29125K(29440K) NonClass: 24240K(24384K)->24240K(24384K) Class: 4885K(5056K)->4885K(5056K)
[7082.307s][info][gc             ] GC(2244) Pause Young (Allocation Failure) 5835M->3520M(6314M) 102.627ms
[7082.307s][info][gc,cpu         ] GC(2244) User=0.61s Sys=0.00s Real=0.10s
.[7083.967s][info][gc,start       ] GC(2245) Pause Young (Allocation Failure)
[7084.069s][info][gc,heap        ] GC(2245) PSYoungGen: 2624832K(2633216K)->149796K(2632192K) Eden: 2470912K(2470912K)->0K(2470912K) From: 153920K(162304K)->149796K(161280K)
[7084.069s][info][gc,heap        ] GC(2245) ParOldGen: 3451496K(3832320K)->3546216K(3832320K)
[7084.069s][info][gc,metaspace   ] GC(2245) Metaspace: 29125K(29440K)->29125K(29440K) NonClass: 24240K(24384K)->24240K(24384K) Class: 4885K(5056K)->4885K(5056K)
[7084.069s][info][gc             ] GC(2245) Pause Young (Allocation Failure) 5933M->3609M(6313M) 101.512ms
[7084.069s][info][gc,cpu         ] GC(2245) User=0.59s Sys=0.00s Real=0.11s
..[7085.663s][info][gc,start       ] GC(2246) Pause Young (Allocation Failure)
[7085.770s][info][gc,heap        ] GC(2246) PSYoungGen: 2620708K(2632192K)->161776K(2632704K) Eden: 2470912K(2470912K)->0K(2470912K) From: 149796K(161280K)->161776K(161792K)
[7085.770s][info][gc,heap        ] GC(2246) ParOldGen: 3546216K(3832320K)->3637280K(3832320K)
[7085.770s][info][gc,metaspace   ] GC(2246) Metaspace: 29125K(29440K)->29125K(29440K) NonClass: 24240K(24384K)->24240K(24384K) Class: 4885K(5056K)->4885K(5056K)
[7085.770s][info][gc             ] GC(2246) Pause Young (Allocation Failure) 6022M->3710M(6313M) 107.279ms
[7085.770s][info][gc,cpu         ] GC(2246) User=0.63s Sys=0.00s Real=0.11s
..[7087.349s][info][gc,start       ] GC(2247) Pause Young (Allocation Failure)
[7087.443s][info][gc,heap        ] GC(2247) PSYoungGen: 2632688K(2632704K)->135840K(2561024K) Eden: 2470912K(2470912K)->0K(2397696K) From: 161776K(161792K)->135840K(163328K)
[7087.443s][info][gc,heap        ] GC(2247) ParOldGen: 3637280K(3832320K)->3731192K(3832320K)
[7087.443s][info][gc,metaspace   ] GC(2247) Metaspace: 29125K(29440K)->29125K(29440K) NonClass: 24240K(24384K)->24240K(24384K) Class: 4885K(5056K)->4885K(5056K)
[7087.443s][info][gc             ] GC(2247) Pause Young (Allocation Failure) 6123M->3776M(6243M) 93.495ms
[7087.443s][info][gc,cpu         ] GC(2247) User=0.55s Sys=0.00s Real=0.09s
.[7088.970s][info][gc,start       ] GC(2248) Pause Young (Allocation Failure)
[7089.071s][info][gc,heap        ] GC(2248) PSYoungGen: 2533536K(2561024K)->150352K(2596864K) Eden: 2397696K(2397696K)->0K(2397696K) From: 135840K(163328K)->150352K(199168K)
[7089.071s][info][gc,heap        ] GC(2248) ParOldGen: 3731192K(3832320K)->3822992K(3832320K)
[7089.071s][info][gc,metaspace   ] GC(2248) Metaspace: 29125K(29440K)->29125K(29440K) NonClass: 24240K(24384K)->24240K(24384K) Class: 4885K(5056K)->4885K(5056K)
[7089.071s][info][gc             ] GC(2248) Pause Young (Allocation Failure) 6117M->3880M(6278M) 101.355ms
[7089.072s][info][gc,cpu         ] GC(2248) User=0.60s Sys=0.00s Real=0.10s
..[7090.574s][info][gc,start       ] GC(2249) Pause Young (Allocation Failure)
[7090.678s][info][gc,heap        ] GC(2249) PSYoungGen: 2548048K(2596864K)->150661K(2587648K) Eden: 2397696K(2397696K)->0K(2400768K) From: 150352K(199168K)->150661K(186880K)
[7090.678s][info][gc,heap        ] GC(2249) ParOldGen: 3822992K(3832320K)->3914088K(3914240K)
[7090.678s][info][gc,metaspace   ] GC(2249) Metaspace: 29125K(29440K)->29125K(29440K) NonClass: 24240K(24384K)->24240K(24384K) Class: 4885K(5056K)->4885K(5056K)
[7090.678s][info][gc             ] GC(2249) Pause Young (Allocation Failure) 6221M->3969M(6349M) 103.962ms
[7090.678s][info][gc,cpu         ] GC(2249) User=0.58s Sys=0.03s Real=0.10s
.[7092.285s][info][gc,start       ] GC(2250) Pause Young (Allocation Failure)
[7092.388s][info][gc,heap        ] GC(2250) PSYoungGen: 2551429K(2587648K)->145264K(2593792K) Eden: 2400768K(2400768K)->0K(2400768K) From: 150661K(186880K)->145264K(193024K)
[7092.388s][info][gc,heap        ] GC(2250) ParOldGen: 3914088K(3914240K)->4005232K(4005376K)
[7092.388s][info][gc,metaspace   ] GC(2250) Metaspace: 29125K(29440K)->29125K(29440K) NonClass: 24240K(24384K)->24240K(24384K) Class: 4885K(5056K)->4885K(5056K)
[7092.388s][info][gc             ] GC(2250) Pause Young (Allocation Failure) 6313M->4053M(6444M) 103.209ms
[7092.388s][info][gc,cpu         ] GC(2250) User=0.58s Sys=0.03s Real=0.10s
..[7093.888s][info][gc,start       ] GC(2251) Pause Young (Allocation Failure)
[7093.992s][info][gc,heap        ] GC(2251) PSYoungGen: 2546032K(2593792K)->147360K(2596864K) Eden: 2400768K(2400768K)->0K(2412032K) From: 145264K(193024K)->147360K(184832K)
[7093.992s][info][gc,heap        ] GC(2251) ParOldGen: 4005232K(4005376K)->4096160K(4096512K)
[7093.992s][info][gc,metaspace   ] GC(2251) Metaspace: 29125K(29440K)->29125K(29440K) NonClass: 24240K(24384K)->24240K(24384K) Class: 4885K(5056K)->4885K(5056K)
[7093.992s][info][gc             ] GC(2251) Pause Young (Allocation Failure) 6397M->4144M(6536M) 103.529ms
[7093.992s][info][gc,cpu         ] GC(2251) User=0.56s Sys=0.04s Real=0.10s
..[7095.598s][info][gc,start       ] GC(2252) Pause Young (Allocation Failure)
[7095.700s][info][gc,heap        ] GC(2252) PSYoungGen: 2559392K(2596864K)->143840K(2600960K) Eden: 2412032K(2412032K)->0K(2412032K) From: 147360K(184832K)->143840K(188928K)
[7095.700s][info][gc,heap        ] GC(2252) ParOldGen: 4096160K(4096512K)->4185264K(4185600K)
[7095.700s][info][gc,metaspace   ] GC(2252) Metaspace: 29125K(29440K)->29125K(29440K) NonClass: 24240K(24384K)->24240K(24384K) Class: 4885K(5056K)->4885K(5056K)
[7095.700s][info][gc             ] GC(2252) Pause Young (Allocation Failure) 6499M->4227M(6627M) 102.361ms
[7095.700s][info][gc,cpu         ] GC(2252) User=0.57s Sys=0.03s Real=0.11s
.[7097.257s][info][gc,start       ] GC(2253) Pause Young (Allocation Failure)
[7097.358s][info][gc,heap        ] GC(2253) PSYoungGen: 2555872K(2600960K)->138853K(2604032K) Eden: 2412032K(2412032K)->0K(2420224K) From: 143840K(188928K)->138853K(183808K)
[7097.358s][info][gc,heap        ] GC(2253) ParOldGen: 4185264K(4185600K)->4279960K(4280320K)
[7097.358s][info][gc,metaspace   ] GC(2253) Metaspace: 29125K(29440K)->29125K(29440K) NonClass: 24240K(24384K)->24240K(24384K) Class: 4885K(5056K)->4885K(5056K)
[7097.358s][info][gc             ] GC(2253) Pause Young (Allocation Failure) 6583M->4315M(6723M) 100.850ms
[7097.358s][info][gc,cpu         ] GC(2253) User=0.57s Sys=0.02s Real=0.10s
..[7098.926s][info][gc,start       ] GC(2254) Pause Young (Allocation Failure)
[7099.034s][info][gc,heap        ] GC(2254) PSYoungGen: 2559077K(2604032K)->158664K(2606592K) Eden: 2420224K(2420224K)->0K(2420224K) From: 138853K(183808K)->158664K(186368K)
[7099.034s][info][gc,heap        ] GC(2254) ParOldGen: 4279960K(4280320K)->4368352K(4368384K)
[7099.034s][info][gc,metaspace   ] GC(2254) Metaspace: 29125K(29440K)->29125K(29440K) NonClass: 24240K(24384K)->24240K(24384K) Class: 4885K(5056K)->4885K(5056K)
[7099.034s][info][gc             ] GC(2254) Pause Young (Allocation Failure) 6678M->4420M(6811M) 108.069ms
[7099.034s][info][gc,cpu         ] GC(2254) User=0.62s Sys=0.02s Real=0.11s
..[7100.607s][info][gc,start       ] GC(2255) Pause Young (Allocation Failure)
[7100.716s][info][gc,heap        ] GC(2255) PSYoungGen: 2578888K(2606592K)->154661K(2603520K) Eden: 2420224K(2420224K)->0K(2424320K) From: 158664K(186368K)->154661K(179200K)
[7100.716s][info][gc,heap        ] GC(2255) ParOldGen: 4368352K(4368384K)->4458224K(4458496K)
[7100.716s][info][gc,metaspace   ] GC(2255) Metaspace: 29125K(29440K)->29125K(29440K) NonClass: 24240K(24384K)->24240K(24384K) Class: 4885K(5056K)->4885K(5056K)
[7100.716s][info][gc             ] GC(2255) Pause Young (Allocation Failure) 6784M->4504M(6896M) 108.481ms
[7100.716s][info][gc,cpu         ] GC(2255) User=0.61s Sys=0.03s Real=0.11s
.[7102.261s][info][gc,start       ] GC(2256) Pause Young (Allocation Failure)
[7102.374s][info][gc,heap        ] GC(2256) PSYoungGen: 2578981K(2603520K)->161098K(2607104K) Eden: 2424320K(2424320K)->0K(2424320K) From: 154661K(179200K)->161098K(182784K)
[7102.374s][info][gc,heap        ] GC(2256) ParOldGen: 4458224K(4458496K)->4552312K(4552704K)
[7102.374s][info][gc,metaspace   ] GC(2256) Metaspace: 29125K(29440K)->29125K(29440K) NonClass: 24240K(24384K)->24240K(24384K) Class: 4885K(5056K)->4885K(5056K)
[7102.374s][info][gc             ] GC(2256) Pause Young (Allocation Failure) 6872M->4602M(6992M) 113.540ms
[7102.374s][info][gc,cpu         ] GC(2256) User=0.64s Sys=0.03s Real=0.11s
..[7103.961s][info][gc,start       ] GC(2257) Pause Young (Allocation Failure)
[7104.067s][info][gc,heap        ] GC(2257) PSYoungGen: 2585418K(2607104K)->153370K(2607616K) Eden: 2424320K(2424320K)->0K(2429952K) From: 161098K(182784K)->153370K(177664K)
[7104.067s][info][gc,heap        ] GC(2257) ParOldGen: 4552312K(4552704K)->4641224K(4641280K)
[7104.067s][info][gc,metaspace   ] GC(2257) Metaspace: 29125K(29440K)->29125K(29440K) NonClass: 24240K(24384K)->24240K(24384K) Class: 4885K(5056K)->4885K(5056K)
[7104.067s][info][gc             ] GC(2257) Pause Young (Allocation Failure) 6970M->4682M(7079M) 105.845ms
[7104.067s][info][gc,cpu         ] GC(2257) User=0.59s Sys=0.04s Real=0.10s
.[7105.543s][info][gc,start       ] GC(2258) Pause Young (Allocation Failure)
[7105.647s][info][gc,heap        ] GC(2258) PSYoungGen: 2583322K(2607616K)->146592K(2610176K) Eden: 2429952K(2429952K)->0K(2429952K) From: 153370K(177664K)->146592K(180224K)
[7105.647s][info][gc,heap        ] GC(2258) ParOldGen: 4641224K(4641280K)->4733624K(4733952K)
[7105.647s][info][gc,metaspace   ] GC(2258) Metaspace: 29125K(29440K)->29125K(29440K) NonClass: 24240K(24384K)->24240K(24384K) Class: 4885K(5056K)->4885K(5056K)
[7105.647s][info][gc             ] GC(2258) Pause Young (Allocation Failure) 7055M->4765M(7172M) 103.738ms
[7105.647s][info][gc,cpu         ] GC(2258) User=0.58s Sys=0.03s Real=0.10s
..[7107.197s][info][gc,start       ] GC(2259) Pause Young (Allocation Failure)
[7107.302s][info][gc,heap        ] GC(2259) PSYoungGen: 2576544K(2610176K)->149152K(2610688K) Eden: 2429952K(2429952K)->0K(2437120K) From: 146592K(180224K)->149152K(173568K)
[7107.302s][info][gc,heap        ] GC(2259) ParOldGen: 4733624K(4733952K)->4825912K(4826112K)
[7107.302s][info][gc,metaspace   ] GC(2259) Metaspace: 29125K(29440K)->29125K(29440K) NonClass: 24240K(24384K)->24240K(24384K) Class: 4885K(5056K)->4885K(5056K)
[7107.302s][info][gc             ] GC(2259) Pause Young (Allocation Failure) 7138M->4858M(7262M) 105.123ms
[7107.302s][info][gc,cpu         ] GC(2259) User=0.60s Sys=0.01s Real=0.11s
.[7108.851s][info][gc,start       ] GC(2260) Pause Young (Allocation Failure)
[7108.956s][info][gc,heap        ] GC(2260) PSYoungGen: 2586272K(2610688K)->146016K(2613760K) Eden: 2437120K(2437120K)->0K(2437120K) From: 149152K(173568K)->146016K(176640K)
[7108.956s][info][gc,heap        ] GC(2260) ParOldGen: 4825912K(4826112K)->4917312K(4917760K)
[7108.956s][info][gc,metaspace   ] GC(2260) Metaspace: 29125K(29440K)->29125K(29440K) NonClass: 24240K(24384K)->24240K(24384K) Class: 4885K(5056K)->4885K(5056K)
[7108.956s][info][gc             ] GC(2260) Pause Young (Allocation Failure) 7238M->4944M(7355M) 104.826ms
[7108.956s][info][gc,cpu         ] GC(2260) User=0.58s Sys=0.02s Real=0.10s
..[7110.513s][info][gc,start       ] GC(2261) Pause Young (Allocation Failure)
[7110.622s][info][gc,heap        ] GC(2261) PSYoungGen: 2583136K(2613760K)->150143K(2613760K) Eden: 2437120K(2437120K)->0K(2444288K) From: 146016K(176640K)->150143K(169472K)
[7110.622s][info][gc,heap        ] GC(2261) ParOldGen: 4917312K(4917760K)->5010560K(5010944K)
[7110.622s][info][gc,metaspace   ] GC(2261) Metaspace: 29125K(29440K)->29125K(29440K) NonClass: 24240K(24384K)->24240K(24384K) Class: 4885K(5056K)->4885K(5056K)
[7110.622s][info][gc             ] GC(2261) Pause Young (Allocation Failure) 7324M->5039M(7446M) 109.474ms
[7110.622s][info][gc,cpu         ] GC(2261) User=0.61s Sys=0.03s Real=0.11s
..[7112.216s][info][gc,start       ] GC(2262) Pause Young (Allocation Failure)
[7112.327s][info][gc,heap        ] GC(2262) PSYoungGen: 2594431K(2613760K)->156475K(2617344K) Eden: 2444288K(2444288K)->0K(2444288K) From: 150143K(169472K)->156475K(173056K)
[7112.327s][info][gc,heap        ] GC(2262) ParOldGen: 5010560K(5010944K)->5101664K(5102080K)
[7112.327s][info][gc,metaspace   ] GC(2262) Metaspace: 29125K(29440K)->29125K(29440K) NonClass: 24240K(24384K)->24240K(24384K) Class: 4885K(5056K)->4885K(5056K)
[7112.327s][info][gc             ] GC(2262) Pause Young (Allocation Failure) 7426M->5134M(7538M) 110.812ms
[7112.327s][info][gc,cpu         ] GC(2262) User=0.62s Sys=0.04s Real=0.11s
.[7113.882s][info][gc,start       ] GC(2263) Pause Young (Allocation Failure)
[7113.993s][info][gc,heap        ] GC(2263) PSYoungGen: 2600763K(2617344K)->154377K(2619904K) Eden: 2444288K(2444288K)->0K(2449920K) From: 156475K(173056K)->154377K(169984K)
[7113.993s][info][gc,heap        ] GC(2263) ParOldGen: 5101664K(5102080K)->5191592K(5191680K)
[7113.993s][info][gc,metaspace   ] GC(2263) Metaspace: 29125K(29440K)->29125K(29440K) NonClass: 24240K(24384K)->24240K(24384K) Class: 4885K(5056K)->4885K(5056K)
[7113.993s][info][gc             ] GC(2263) Pause Young (Allocation Failure) 7521M->5220M(7628M) 110.746ms
[7113.993s][info][gc,cpu         ] GC(2263) User=0.62s Sys=0.03s Real=0.11s
..[7115.548s][info][gc,start       ] GC(2264) Pause Young (Allocation Failure)
[7115.651s][info][gc,heap        ] GC(2264) PSYoungGen: 2604297K(2619904K)->145744K(2621440K) Eden: 2449920K(2449920K)->0K(2449920K) From: 154377K(169984K)->145744K(171520K)
[7115.651s][info][gc,heap        ] GC(2264) ParOldGen: 5191592K(5191680K)->5283216K(5283328K)
[7115.651s][info][gc,metaspace   ] GC(2264) Metaspace: 29125K(29440K)->29125K(29440K) NonClass: 24240K(24384K)->24240K(24384K) Class: 4885K(5056K)->4885K(5056K)
[7115.651s][info][gc             ] GC(2264) Pause Young (Allocation Failure) 7613M->5301M(7719M) 103.632ms
[7115.651s][info][gc,cpu         ] GC(2264) User=0.57s Sys=0.04s Real=0.11s
.[7117.185s][info][gc,start       ] GC(2265) Pause Young (Allocation Failure)
[7117.294s][info][gc,heap        ] GC(2265) PSYoungGen: 2595664K(2621440K)->156562K(2624000K) Eden: 2449920K(2449920K)->0K(2453504K) From: 145744K(171520K)->156562K(170496K)
[7117.294s][info][gc,heap        ] GC(2265) ParOldGen: 5283216K(5283328K)->5376976K(5377024K)
[7117.294s][info][gc,metaspace   ] GC(2265) Metaspace: 29125K(29440K)->29125K(29440K) NonClass: 24240K(24384K)->24240K(24384K) Class: 4885K(5056K)->4885K(5056K)
[7117.294s][info][gc             ] GC(2265) Pause Young (Allocation Failure) 7694M->5403M(7813M) 109.621ms
[7117.294s][info][gc,cpu         ] GC(2265) User=0.62s Sys=0.04s Real=0.11s
..[7118.959s][info][gc,start       ] GC(2266) Pause Young (Allocation Failure)
[7119.068s][info][gc,heap        ] GC(2266) PSYoungGen: 2610066K(2624000K)->155818K(2624512K) Eden: 2453504K(2453504K)->0K(2453504K) From: 156562K(170496K)->155818K(171008K)
[7119.068s][info][gc,heap        ] GC(2266) ParOldGen: 5376976K(5377024K)->5466432K(5466624K)
[7119.068s][info][gc,metaspace   ] GC(2266) Metaspace: 29125K(29440K)->29125K(29440K) NonClass: 24240K(24384K)->24240K(24384K) Class: 4885K(5056K)->4885K(5056K)
[7119.068s][info][gc             ] GC(2266) Pause Young (Allocation Failure) 7799M->5490M(7901M) 108.444ms
[7119.068s][info][gc,cpu         ] GC(2266) User=0.61s Sys=0.02s Real=0.10s
..[7120.641s][info][gc,start       ] GC(2267) Pause Young (Allocation Failure)
[7120.796s][info][gc,heap        ] GC(2267) PSYoungGen: 2609322K(2624512K)->146857K(2622976K) Eden: 2453504K(2453504K)->0K(2454528K) From: 155818K(171008K)->146857K(168448K)
[7120.796s][info][gc,heap        ] GC(2267) ParOldGen: 5466432K(5466624K)->5559864K(5560320K)
[7120.796s][info][gc,metaspace   ] GC(2267) Metaspace: 29125K(29440K)->29125K(29440K) NonClass: 24240K(24384K)->24240K(24384K) Class: 4885K(5056K)->4885K(5056K)
[7120.796s][info][gc             ] GC(2267) Pause Young (Allocation Failure) 7886M->5572M(7991M) 154.281ms
[7120.796s][info][gc,cpu         ] GC(2267) User=0.60s Sys=0.04s Real=0.15s
.[7122.338s][info][gc,start       ] GC(2268) Pause Full (Allocation Failure)
[7122.338s][info][gc,phases,start] GC(2268) Marking Phase
[7122.637s][info][gc,phases      ] GC(2268) Marking Phase 299.682ms
[7122.637s][info][gc,phases,start] GC(2268) Summary Phase
[7122.637s][info][gc,phases      ] GC(2268) Summary Phase 0.111ms
[7122.637s][info][gc,phases,start] GC(2268) Forward
[7122.820s][info][gc,phases      ] GC(2268) Forward 182.208ms
[7122.820s][info][gc,phases,start] GC(2268) Adjust Pointers
[7123.024s][info][gc,phases      ] GC(2268) Adjust Pointers 203.857ms
[7123.024s][info][gc,phases,start] GC(2268) Compaction Phase
[7123.154s][info][gc,phases      ] GC(2268) Compaction Phase 130.734ms
[7123.156s][info][gc,phases,start] GC(2268) Post Compact
[7123.163s][info][gc,phases      ] GC(2268) Post Compact 6.788ms
[7123.296s][info][gc,heap        ] GC(2268) PSYoungGen: 2601385K(2622976K)->0K(2624000K) Eden: 2454528K(2454528K)->0K(2454528K) From: 146857K(168448K)->0K(169472K)
[7123.296s][info][gc,heap        ] GC(2268) ParOldGen: 5559864K(5560320K)->1441475K(1782784K)
[7123.296s][info][gc,metaspace   ] GC(2268) Metaspace: 29125K(29440K)->29125K(29440K) NonClass: 24240K(24384K)->24240K(24384K) Class: 4885K(5056K)->4885K(5056K)
[7123.296s][info][gc             ] GC(2268) Pause Full (Allocation Failure) 7969M->1407M(4303M) 958.159ms
[7123.296s][info][gc,cpu         ] GC(2268) User=4.14s Sys=0.14s Real=0.96s
..[7124.735s][info][gc,start       ] GC(2269) Pause Young (Allocation Failure)
[7124.803s][info][gc,heap        ] GC(2269) PSYoungGen: 2454528K(2624000K)->149440K(2624512K) Eden: 2454528K(2454528K)->0K(2457088K) From: 0K(169472K)->149440K(167424K)
[7124.803s][info][gc,heap        ] GC(2269) ParOldGen: 1441475K(1782784K)->1441475K(1782784K)
[7124.803s][info][gc,metaspace   ] GC(2269) Metaspace: 29125K(29440K)->29125K(29440K) NonClass: 24240K(24384K)->24240K(24384K) Class: 4885K(5056K)->4885K(5056K)
[7124.803s][info][gc             ] GC(2269) Pause Young (Allocation Failure) 3804M->1553M(4304M) 68.439ms
[7124.803s][info][gc,cpu         ] GC(2269) User=0.40s Sys=0.00s Real=0.07s
.[7126.356s][info][gc,start       ] GC(2270) Pause Young (Allocation Failure)
[7126.458s][info][gc,heap        ] GC(2270) PSYoungGen: 2606528K(2624512K)->150595K(2625536K) Eden: 2457088K(2457088K)->0K(2457088K) From: 149440K(167424K)->150595K(168448K)
[7126.458s][info][gc,heap        ] GC(2270) ParOldGen: 1441475K(1782784K)->1537762K(1782784K)
[7126.458s][info][gc,metaspace   ] GC(2270) Metaspace: 29125K(29440K)->29125K(29440K) NonClass: 24240K(24384K)->24240K(24384K) Class: 4885K(5056K)->4885K(5056K)
[7126.458s][info][gc             ] GC(2270) Pause Young (Allocation Failure) 3953M->1648M(4305M) 102.411ms
[7126.458s][info][gc,cpu         ] GC(2270) User=0.60s Sys=0.00s Real=0.10s
.[7127.961s][info][gc,start       ] GC(2271) Pause Young (Allocation Failure)
[7128.057s][info][gc,heap        ] GC(2271) PSYoungGen: 2607683K(2625536K)->141664K(2627072K) Eden: 2457088K(2457088K)->0K(2460160K) From: 150595K(168448K)->141664K(166912K)
[7128.057s][info][gc,heap        ] GC(2271) ParOldGen: 1537762K(1782784K)->1626714K(1782784K)
[7128.057s][info][gc,metaspace   ] GC(2271) Metaspace: 29125K(29440K)->29125K(29440K) NonClass: 24240K(24384K)->24240K(24384K) Class: 4885K(5056K)->4885K(5056K)
[7128.057s][info][gc             ] GC(2271) Pause Young (Allocation Failure) 4048M->1726M(4306M) 95.689ms
[7128.057s][info][gc,cpu         ] GC(2271) User=0.56s Sys=0.00s Real=0.09s
..[7129.564s][info][gc,start       ] GC(2272) Pause Young (Allocation Failure)
[7129.662s][info][gc,heap        ] GC(2272) PSYoungGen: 2601824K(2627072K)->146624K(2627072K) Eden: 2460160K(2460160K)->0K(2460160K) From: 141664K(166912K)->146624K(166912K)
[7129.662s][info][gc,heap        ] GC(2272) ParOldGen: 1626714K(1782784K)->1718162K(1782784K)
[7129.662s][info][gc,metaspace   ] GC(2272) Metaspace: 29125K(29440K)->29125K(29440K) NonClass: 24240K(24384K)->24240K(24384K) Class: 4885K(5056K)->4885K(5056K)
[7129.662s][info][gc             ] GC(2272) Pause Young (Allocation Failure) 4129M->1821M(4306M) 97.907ms
[7129.662s][info][gc,cpu         ] GC(2272) User=0.58s Sys=0.00s Real=0.10s
.[7131.189s][info][gc,start       ] GC(2273) Pause Young (Allocation Failure)
[7131.290s][info][gc,heap        ] GC(2273) PSYoungGen: 2606784K(2627072K)->152608K(2628608K) Eden: 2460160K(2460160K)->0K(2462720K) From: 146624K(166912K)->152608K(165888K)
[7131.290s][info][gc,heap        ] GC(2273) ParOldGen: 1718162K(1782784K)->1810074K(1810432K)
[7131.290s][info][gc,metaspace   ] GC(2273) Metaspace: 29125K(29440K)->29125K(29440K) NonClass: 24240K(24384K)->24240K(24384K) Class: 4885K(5056K)->4885K(5056K)
[7131.290s][info][gc             ] GC(2273) Pause Young (Allocation Failure) 4223M->1916M(4335M) 101.306ms
[7131.290s][info][gc,cpu         ] GC(2273) User=0.59s Sys=0.01s Real=0.10s
..[7132.803s][info][gc,start       ] GC(2274) Pause Young (Allocation Failure)
[7132.902s][info][gc,heap        ] GC(2274) PSYoungGen: 2615328K(2628608K)->144224K(2628096K) Eden: 2462720K(2462720K)->0K(2462720K) From: 152608K(165888K)->144224K(165376K)
[7132.902s][info][gc,heap        ] GC(2274) ParOldGen: 1810074K(1810432K)->1901642K(1902080K)
[7132.902s][info][gc,metaspace   ] GC(2274) Metaspace: 29125K(29440K)->29125K(29440K) NonClass: 24240K(24384K)->24240K(24384K) Class: 4885K(5056K)->4885K(5056K)
[7132.902s][info][gc             ] GC(2274) Pause Young (Allocation Failure) 4321M->1997M(4424M) 99.337ms
[7132.902s][info][gc,cpu         ] GC(2274) User=0.56s Sys=0.03s Real=0.10s
. (rIR:aIR:PR = 11900:11931:11923) (tPR = 176861) [OK] 
  7133s: Performance info:
         Transaction,    Success,    Partial,     Failed,   Receipts, AvgBarcode, 
             Overall,     717656,          0,          0,     681767,      59.47, 
         Response times:
             Request,    Success,    Partial,     Failed,   SkipFail,     Probes,    Samples,      min,      p50,      p90,      p95,      p99,      max, 
       TotalPurchase,     682012,          0,          0,          0,     297573,     418500,      200,    76000,   411000,   660000,   930000,  1500000,
     InStorePurchase,     357140,          0,          0,          0,     156448,     220066,      300,    76000,   417000,   650000,   930000,  1500000,
      OnlinePurchase,     252225,          0,          0,          0,     109732,     153948,      200,    75000,   393000,   660000,   930000,  1500000,
        InstPurchase,      72647,          0,          0,          0,      31393,      44486,      400,    80000,   416000,   620000,   890000,  1500000,
          AssocOfCat,        708,          0,          0,          0,        535,        841,    36000,   150000,   379000,   630000,   940000,  1100000,
      AssocOfProduct,       7155,          0,          0,          0,       3760,       5486,      500,    78000,   417000,   640000,   930000,  1100000,
      BusinessReport,       1776,          0,          0,          0,       1410,       2047,    28000,   148000,   457000,   680000,   980000,  1100000,
          CustBuyBeh,       7218,          0,          0,          0,       3728,       5302,      200,    74000,   324400,   558000,   829700,  1100000,
       ProductReturn,      19258,          0,          0,          0,       8884,      11786,      200,    73000,   370000,   710000,   890000,  1100000,

  7133s: (87%)   IR =  12038 [7134.453s][info][gc,start       ] GC(2275) Pause Young (Allocation Failure)
[7134.553s][info][gc,heap        ] GC(2275) PSYoungGen: 2606944K(2628096K)->142922K(2629632K) Eden: 2462720K(2462720K)->0K(2464768K) From: 144224K(165376K)->142922K(164864K)
[7134.553s][info][gc,heap        ] GC(2275) ParOldGen: 1901642K(1902080K)->1994578K(1994752K)
[7134.553s][info][gc,metaspace   ] GC(2275) Metaspace: 29125K(29440K)->29125K(29440K) NonClass: 24240K(24384K)->24240K(24384K) Class: 4885K(5056K)->4885K(5056K)
[7134.553s][info][gc             ] GC(2275) Pause Young (Allocation Failure) 4402M->2087M(4516M) 99.347ms
[7134.553s][info][gc,cpu         ] GC(2275) User=0.55s Sys=0.04s Real=0.10s
..[7136.088s][info][gc,start       ] GC(2276) Pause Young (Allocation Failure)
[7136.193s][info][gc,heap        ] GC(2276) PSYoungGen: 2607690K(2629632K)->153606K(2629632K) Eden: 2464768K(2464768K)->0K(2464768K) From: 142922K(164864K)->153606K(164864K)
[7136.193s][info][gc,heap        ] GC(2276) ParOldGen: 1994578K(1994752K)->2085914K(2086400K)
[7136.193s][info][gc,metaspace   ] GC(2276) Metaspace: 29125K(29440K)->29125K(29440K) NonClass: 24240K(24384K)->24240K(24384K) Class: 4885K(5056K)->4885K(5056K)
[7136.193s][info][gc             ] GC(2276) Pause Young (Allocation Failure) 4494M->2187M(4605M) 105.298ms
[7136.193s][info][gc,cpu         ] GC(2276) User=0.59s Sys=0.03s Real=0.11s
.[7137.749s][info][gc,start       ] GC(2277) Pause Young (Allocation Failure)
[7137.855s][info][gc,heap        ] GC(2277) PSYoungGen: 2618374K(2629632K)->152373K(2630144K) Eden: 2464768K(2464768K)->0K(2466304K) From: 153606K(164864K)->152373K(163840K)
[7137.855s][info][gc,heap        ] GC(2277) ParOldGen: 2085914K(2086400K)->2179442K(2179584K)
[7137.855s][info][gc,metaspace   ] GC(2277) Metaspace: 29125K(29440K)->29125K(29440K) NonClass: 24240K(24384K)->24240K(24384K) Class: 4885K(5056K)->4885K(5056K)
[7137.855s][info][gc             ] GC(2277) Pause Young (Allocation Failure) 4594M->2277M(4697M) 105.766ms
[7137.855s][info][gc,cpu         ] GC(2277) User=0.61s Sys=0.02s Real=0.10s
..[7139.360s][info][gc,start       ] GC(2278) Pause Young (Allocation Failure)
[7139.458s][info][gc,heap        ] GC(2278) PSYoungGen: 2618677K(2630144K)->136992K(2630656K) Eden: 2466304K(2466304K)->0K(2466304K) From: 152373K(163840K)->136992K(164352K)
[7139.458s][info][gc,heap        ] GC(2278) ParOldGen: 2179442K(2179584K)->2272882K(2273280K)
[7139.458s][info][gc,metaspace   ] GC(2278) Metaspace: 29125K(29440K)->29125K(29440K) NonClass: 24240K(24384K)->24240K(24384K) Class: 4885K(5056K)->4885K(5056K)
[7139.458s][info][gc             ] GC(2278) Pause Young (Allocation Failure) 4685M->2353M(4789M) 98.124ms
[7139.458s][info][gc,cpu         ] GC(2278) User=0.55s Sys=0.04s Real=0.09s
.[7140.994s][info][gc,start       ] GC(2279) Pause Young (Allocation Failure)
[7141.099s][info][gc,heap        ] GC(2279) PSYoungGen: 2603296K(2630656K)->154720K(2629120K) Eden: 2466304K(2466304K)->0K(2464256K) From: 136992K(164352K)->154720K(164864K)
[7141.099s][info][gc,heap        ] GC(2279) ParOldGen: 2272882K(2273280K)->2363074K(2363392K)
[7141.099s][info][gc,metaspace   ] GC(2279) Metaspace: 29125K(29440K)->29125K(29440K) NonClass: 24240K(24384K)->24240K(24384K) Class: 4885K(5056K)->4885K(5056K)
[7141.099s][info][gc             ] GC(2279) Pause Young (Allocation Failure) 4761M->2458M(4875M) 105.231ms
[7141.099s][info][gc,cpu         ] GC(2279) User=0.58s Sys=0.03s Real=0.11s
..[7142.653s][info][gc,start       ] GC(2280) Pause Young (Allocation Failure)
[7142.801s][info][gc,heap        ] GC(2280) PSYoungGen: 2618976K(2629120K)->144672K(2630144K) Eden: 2464256K(2464256K)->0K(2464256K) From: 154720K(164864K)->144672K(165888K)
[7142.801s][info][gc,heap        ] GC(2280) ParOldGen: 2363074K(2363392K)->2457058K(2457088K)
[7142.801s][info][gc,metaspace   ] GC(2280) Metaspace: 29125K(29440K)->29125K(29440K) NonClass: 24240K(24384K)->24240K(24384K) Class: 4885K(5056K)->4885K(5056K)
[7142.801s][info][gc             ] GC(2280) Pause Young (Allocation Failure) 4865M->2540M(4968M) 148.249ms
[7142.801s][info][gc,cpu         ] GC(2280) User=0.58s Sys=0.03s Real=0.15s
..[7144.328s][info][gc,start       ] GC(2281) Pause Young (Allocation Failure)
[7144.430s][info][gc,heap        ] GC(2281) PSYoungGen: 2608928K(2630144K)->146900K(2628096K) Eden: 2464256K(2464256K)->0K(2465280K) From: 144672K(165888K)->146900K(162816K)
[7144.430s][info][gc,heap        ] GC(2281) ParOldGen: 2457058K(2457088K)->2548210K(2548224K)
[7144.430s][info][gc,metaspace   ] GC(2281) Metaspace: 29125K(29440K)->29125K(29440K) NonClass: 24240K(24384K)->24240K(24384K) Class: 4885K(5056K)->4885K(5056K)
[7144.430s][info][gc             ] GC(2281) Pause Young (Allocation Failure) 4947M->2631M(5055M) 102.585ms
[7144.430s][info][gc,cpu         ] GC(2281) User=0.57s Sys=0.04s Real=0.11s
.[7146.053s][info][gc,start       ] GC(2282) Pause Young (Allocation Failure)
[7146.153s][info][gc,heap        ] GC(2282) PSYoungGen: 2612180K(2628096K)->145760K(2629120K) Eden: 2465280K(2465280K)->0K(2465280K) From: 146900K(162816K)->145760K(163840K)
[7146.153s][info][gc,heap        ] GC(2282) ParOldGen: 2548210K(2548224K)->2642330K(2642432K)
[7146.153s][info][gc,metaspace   ] GC(2282) Metaspace: 29125K(29440K)->29125K(29440K) NonClass: 24240K(24384K)->24240K(24384K) Class: 4885K(5056K)->4885K(5056K)
[7146.153s][info][gc             ] GC(2282) Pause Young (Allocation Failure) 5039M->2722M(5148M) 100.133ms
[7146.153s][info][gc,cpu         ] GC(2282) User=0.56s Sys=0.03s Real=0.10s
..[7147.765s][info][gc,start       ] GC(2283) Pause Young (Allocation Failure)
[7147.869s][info][gc,heap        ] GC(2283) PSYoungGen: 2611040K(2629120K)->152584K(2632192K) Eden: 2465280K(2465280K)->0K(2469376K) From: 145760K(163840K)->152584K(162816K)
[7147.869s][info][gc,heap        ] GC(2283) ParOldGen: 2642330K(2642432K)->2732650K(2733056K)
[7147.869s][info][gc,metaspace   ] GC(2283) Metaspace: 29125K(29440K)->29125K(29440K) NonClass: 24240K(24384K)->24240K(24384K) Class: 4885K(5056K)->4885K(5056K)
[7147.869s][info][gc             ] GC(2283) Pause Young (Allocation Failure) 5130M->2817M(5239M) 104.087ms
[7147.869s][info][gc,cpu         ] GC(2283) User=0.59s Sys=0.03s Real=0.11s
..[7149.442s][info][gc,start       ] GC(2284) Pause Young (Allocation Failure)
[7149.541s][info][gc,heap        ] GC(2284) PSYoungGen: 2621960K(2632192K)->143744K(2632192K) Eden: 2469376K(2469376K)->0K(2469376K) From: 152584K(162816K)->143744K(162816K)
[7149.541s][info][gc,heap        ] GC(2284) ParOldGen: 2732650K(2733056K)->2823986K(2824192K)
[7149.541s][info][gc,metaspace   ] GC(2284) Metaspace: 29125K(29440K)->29125K(29440K) NonClass: 24240K(24384K)->24240K(24384K) Class: 4885K(5056K)->4885K(5056K)
[7149.541s][info][gc             ] GC(2284) Pause Young (Allocation Failure) 5229M->2898M(5328M) 99.272ms
[7149.541s][info][gc,cpu         ] GC(2284) User=0.56s Sys=0.03s Real=0.10s
.[7151.156s][info][gc,start       ] GC(2285) Pause Young (Allocation Failure)
[7151.261s][info][gc,heap        ] GC(2285) PSYoungGen: 2613120K(2632192K)->150144K(2632704K) Eden: 2469376K(2469376K)->0K(2470912K) From: 143744K(162816K)->150144K(161792K)
[7151.261s][info][gc,heap        ] GC(2285) ParOldGen: 2823986K(2824192K)->2915066K(2915328K)
[7151.261s][info][gc,metaspace   ] GC(2285) Metaspace: 29125K(29440K)->29125K(29440K) NonClass: 24240K(24384K)->24240K(24384K) Class: 4885K(5056K)->4885K(5056K)
[7151.261s][info][gc             ] GC(2285) Pause Young (Allocation Failure) 5309M->2993M(5418M) 104.335ms
[7151.261s][info][gc,cpu         ] GC(2285) User=0.59s Sys=0.02s Real=0.11s
..[7152.821s][info][gc,start       ] GC(2286) Pause Young (Allocation Failure)
[7152.931s][info][gc,heap        ] GC(2286) PSYoungGen: 2621056K(2632704K)->154847K(2632704K) Eden: 2470912K(2470912K)->0K(2470912K) From: 150144K(161792K)->154847K(161792K)
[7152.931s][info][gc,heap        ] GC(2286) ParOldGen: 2915066K(2915328K)->3008082K(3008512K)
[7152.931s][info][gc,metaspace   ] GC(2286) Metaspace: 29125K(29440K)->29125K(29440K) NonClass: 24240K(24384K)->24240K(24384K) Class: 4885K(5056K)->4885K(5056K)
[7152.931s][info][gc             ] GC(2286) Pause Young (Allocation Failure) 5406M->3088M(5509M) 109.634ms
[7152.931s][info][gc,cpu         ] GC(2286) User=0.62s Sys=0.02s Real=0.11s
.[7154.435s][info][gc,start       ] GC(2287) Pause Young (Allocation Failure)
[7154.536s][info][gc,heap        ] GC(2287) PSYoungGen: 2625759K(2632704K)->146416K(2633216K) Eden: 2470912K(2470912K)->0K(2471424K) From: 154847K(161792K)->146416K(161792K)
[7154.536s][info][gc,heap        ] GC(2287) ParOldGen: 3008082K(3008512K)->3098890K(3099136K)
[7154.536s][info][gc,metaspace   ] GC(2287) Metaspace: 29125K(29440K)->29125K(29440K) NonClass: 24240K(24384K)->24240K(24384K) Class: 4885K(5056K)->4885K(5056K)
[7154.537s][info][gc             ] GC(2287) Pause Young (Allocation Failure) 5501M->3169M(5598M) 101.089ms
[7154.537s][info][gc,cpu         ] GC(2287) User=0.56s Sys=0.03s Real=0.10s
..[7156.109s][info][gc,start       ] GC(2288) Pause Young (Allocation Failure)
[7156.220s][info][gc,heap        ] GC(2288) PSYoungGen: 2617840K(2633216K)->161765K(2633216K) Eden: 2471424K(2471424K)->0K(2471424K) From: 146416K(161792K)->161765K(161792K)
[7156.220s][info][gc,heap        ] GC(2288) ParOldGen: 3098890K(3099136K)->3194914K(3195392K)
[7156.220s][info][gc,metaspace   ] GC(2288) Metaspace: 29125K(29440K)->29125K(29440K) NonClass: 24240K(24384K)->24240K(24384K) Class: 4885K(5056K)->4885K(5056K)
[7156.220s][info][gc             ] GC(2288) Pause Young (Allocation Failure) 5582M->3278M(5692M) 110.796ms
[7156.220s][info][gc,cpu         ] GC(2288) User=0.62s Sys=0.02s Real=0.11s
..[7157.819s][info][gc,start       ] GC(2289) Pause Young (Allocation Failure)
[7157.922s][info][gc,heap        ] GC(2289) PSYoungGen: 2633189K(2633216K)->147635K(2561536K) Eden: 2471424K(2471424K)->0K(2398720K) From: 161765K(161792K)->147635K(162816K)
[7157.923s][info][gc,heap        ] GC(2289) ParOldGen: 3194914K(3195392K)->3286810K(3287040K)
[7157.923s][info][gc,metaspace   ] GC(2289) Metaspace: 29125K(29440K)->29125K(29440K) NonClass: 24240K(24384K)->24240K(24384K) Class: 4885K(5056K)->4885K(5056K)
[7157.923s][info][gc             ] GC(2289) Pause Young (Allocation Failure) 5691M->3353M(5711M) 103.516ms
[7157.923s][info][gc,cpu         ] GC(2289) User=0.57s Sys=0.04s Real=0.10s
.[7159.430s][info][gc,start       ] GC(2290) Pause Young (Allocation Failure)
[7159.529s][info][gc,heap        ] GC(2290) PSYoungGen: 2546355K(2561536K)->136640K(2597376K) Eden: 2398720K(2398720K)->0K(2398720K) From: 147635K(162816K)->136640K(198656K)
[7159.529s][info][gc,heap        ] GC(2290) ParOldGen: 3286810K(3287040K)->3379114K(3379200K)
[7159.529s][info][gc,metaspace   ] GC(2290) Metaspace: 29125K(29440K)->29125K(29440K) NonClass: 24240K(24384K)->24240K(24384K) Class: 4885K(5056K)->4885K(5056K)
[7159.529s][info][gc             ] GC(2290) Pause Young (Allocation Failure) 5696M->3433M(5836M) 98.621ms
[7159.529s][info][gc,cpu         ] GC(2290) User=0.55s Sys=0.04s Real=0.10s
..[7161.022s][info][gc,start       ] GC(2291) Pause Young (Allocation Failure)
[7161.126s][info][gc,heap        ] GC(2291) PSYoungGen: 2535360K(2597376K)->154880K(2589184K) Eden: 2398720K(2398720K)->0K(2398720K) From: 136640K(198656K)->154880K(190464K)
[7161.126s][info][gc,heap        ] GC(2291) ParOldGen: 3379114K(3379200K)->3469490K(3469824K)
[7161.126s][info][gc,metaspace   ] GC(2291) Metaspace: 29125K(29440K)->29125K(29440K) NonClass: 24240K(24384K)->24240K(24384K) Class: 4885K(5056K)->4885K(5056K)
[7161.126s][info][gc             ] GC(2291) Pause Young (Allocation Failure) 5775M->3539M(5917M) 104.001ms
[7161.126s][info][gc,cpu         ] GC(2291) User=0.58s Sys=0.04s Real=0.10s
.[7162.601s][info][gc,start       ] GC(2292) Pause Young (Allocation Failure)
[7162.753s][info][gc,heap        ] GC(2292) PSYoungGen: 2553600K(2589184K)->145983K(2593280K) Eden: 2398720K(2398720K)->0K(2398720K) From: 154880K(190464K)->145983K(194560K)
[7162.753s][info][gc,heap        ] GC(2292) ParOldGen: 3469490K(3469824K)->3562682K(3563008K)
[7162.753s][info][gc,metaspace   ] GC(2292) Metaspace: 29125K(29440K)->29125K(29440K) NonClass: 24240K(24384K)->24240K(24384K) Class: 4885K(5056K)->4885K(5056K)
[7162.753s][info][gc             ] GC(2292) Pause Young (Allocation Failure) 5881M->3621M(6012M) 151.945ms
[7162.753s][info][gc,cpu         ] GC(2292) User=0.58s Sys=0.03s Real=0.15s
..[7164.269s][info][gc,start       ] GC(2293) Pause Young (Allocation Failure)
[7164.369s][info][gc,heap        ] GC(2293) PSYoungGen: 2544703K(2593280K)->141992K(2596352K) Eden: 2398720K(2398720K)->0K(2408960K) From: 145983K(194560K)->141992K(187392K)
[7164.369s][info][gc,heap        ] GC(2293) ParOldGen: 3562682K(3563008K)->3652538K(3652608K)
[7164.369s][info][gc,metaspace   ] GC(2293) Metaspace: 29125K(29440K)->29125K(29440K) NonClass: 24240K(24384K)->24240K(24384K) Class: 4885K(5056K)->4885K(5056K)
[7164.369s][info][gc             ] GC(2293) Pause Young (Allocation Failure) 5964M->3705M(6102M) 100.442ms
[7164.369s][info][gc,cpu         ] GC(2293) User=0.57s Sys=0.03s Real=0.10s
.|[7165.878s][info][gc,start       ] GC(2294) Pause Young (Allocation Failure)
[7165.984s][info][gc,heap        ] GC(2294) PSYoungGen: 2550952K(2596352K)->154788K(2599936K) Eden: 2408960K(2408960K)->0K(2408960K) From: 141992K(187392K)->154788K(190976K)
[7165.984s][info][gc,heap        ] GC(2294) ParOldGen: 3652538K(3652608K)->3742074K(3742208K)
[7165.984s][info][gc,metaspace   ] GC(2294) Metaspace: 29125K(29440K)->29125K(29440K) NonClass: 24240K(24384K)->24240K(24384K) Class: 4885K(5056K)->4885K(5056K)
[7165.984s][info][gc             ] GC(2294) Pause Young (Allocation Failure) 6058M->3805M(6193M) 105.998ms
[7165.984s][info][gc,cpu         ] GC(2294) User=0.61s Sys=0.02s Real=0.11s
..[7167.589s][info][gc,start       ] GC(2295) Pause Young (Allocation Failure)
[7167.694s][info][gc,heap        ] GC(2295) PSYoungGen: 2563748K(2599936K)->147616K(2599424K) Eden: 2408960K(2408960K)->0K(2417152K) From: 154788K(190976K)->147616K(182272K)
[7167.694s][info][gc,heap        ] GC(2295) ParOldGen: 3742074K(3742208K)->3835130K(3835392K)
[7167.694s][info][gc,metaspace   ] GC(2295) Metaspace: 29125K(29440K)->29125K(29440K) NonClass: 24240K(24384K)->24240K(24384K) Class: 4885K(5056K)->4885K(5056K)
[7167.694s][info][gc             ] GC(2295) Pause Young (Allocation Failure) 6158M->3889M(6284M) 105.090ms
[7167.694s][info][gc,cpu         ] GC(2295) User=0.58s Sys=0.03s Real=0.10s
..[7169.199s][info][gc,start       ] GC(2296) Pause Young (Allocation Failure)
[7169.308s][info][gc,heap        ] GC(2296) PSYoungGen: 2564768K(2599424K)->154964K(2602496K) Eden: 2417152K(2417152K)->0K(2417152K) From: 147616K(182272K)->154964K(185344K)
[7169.308s][info][gc,heap        ] GC(2296) ParOldGen: 3835130K(3835392K)->3928786K(3929088K)
[7169.308s][info][gc,metaspace   ] GC(2296) Metaspace: 29125K(29440K)->29125K(29440K) NonClass: 24240K(24384K)->24240K(24384K) Class: 4885K(5056K)->4885K(5056K)
[7169.308s][info][gc             ] GC(2296) Pause Young (Allocation Failure) 6249M->3988M(6378M) 109.120ms
[7169.308s][info][gc,cpu         ] GC(2296) User=0.61s Sys=0.03s Real=0.10s
.[7170.822s][info][gc,start       ] GC(2297) Pause Young (Allocation Failure)
[7170.926s][info][gc,heap        ] GC(2297) PSYoungGen: 2572116K(2602496K)->148330K(2606080K) Eden: 2417152K(2417152K)->0K(2427904K) From: 154964K(185344K)->148330K(178176K)
[7170.926s][info][gc,heap        ] GC(2297) ParOldGen: 3928786K(3929088K)->4019890K(4020224K)
[7170.926s][info][gc,metaspace   ] GC(2297) Metaspace: 29125K(29440K)->29125K(29440K) NonClass: 24240K(24384K)->24240K(24384K) Class: 4885K(5056K)->4885K(5056K)
[7170.926s][info][gc             ] GC(2297) Pause Young (Allocation Failure) 6348M->4070M(6471M) 103.805ms
[7170.926s][info][gc,cpu         ] GC(2297) User=0.58s Sys=0.03s Real=0.10s
..[7172.409s][info][gc,start       ] GC(2298) Pause Young (Allocation Failure)
[7172.509s][info][gc,heap        ] GC(2298) PSYoungGen: 2576234K(2606080K)->140416K(2608640K) Eden: 2427904K(2427904K)->0K(2427904K) From: 148330K(178176K)->140416K(180736K)
[7172.509s][info][gc,heap        ] GC(2298) ParOldGen: 4019890K(4020224K)->4109306K(4109312K)
[7172.509s][info][gc,metaspace   ] GC(2298) Metaspace: 29125K(29440K)->29125K(29440K) NonClass: 24240K(24384K)->24240K(24384K) Class: 4885K(5056K)->4885K(5056K)
[7172.509s][info][gc             ] GC(2298) Pause Young (Allocation Failure) 6441M->4150M(6560M) 99.903ms
[7172.509s][info][gc,cpu         ] GC(2298) User=0.57s Sys=0.02s Real=0.10s
.[7174.049s][info][gc,start       ] GC(2299) Pause Young (Allocation Failure)
[7174.156s][info][gc,heap        ] GC(2299) PSYoungGen: 2568320K(2608640K)->150308K(2609664K) Eden: 2427904K(2427904K)->0K(2435072K) From: 140416K(180736K)->150308K(174592K)
[7174.156s][info][gc,heap        ] GC(2299) ParOldGen: 4109306K(4109312K)->4201882K(4201984K)
[7174.156s][info][gc,metaspace   ] GC(2299) Metaspace: 29125K(29440K)->29125K(29440K) NonClass: 24240K(24384K)->24240K(24384K) Class: 4885K(5056K)->4885K(5056K)
[7174.156s][info][gc             ] GC(2299) Pause Young (Allocation Failure) 6521M->4250M(6652M) 106.611ms
[7174.156s][info][gc,cpu         ] GC(2299) User=0.61s Sys=0.03s Real=0.10s
..[7175.778s][info][gc,start       ] GC(2300) Pause Young (Allocation Failure)
[7175.883s][info][gc,heap        ] GC(2300) PSYoungGen: 2585380K(2609664K)->151616K(2612736K) Eden: 2435072K(2435072K)->0K(2435072K) From: 150308K(174592K)->151616K(177664K)
[7175.883s][info][gc,heap        ] GC(2300) ParOldGen: 4201882K(4201984K)->4292346K(4292608K)
[7175.883s][info][gc,metaspace   ] GC(2300) Metaspace: 29125K(29440K)->29125K(29440K) NonClass: 24240K(24384K)->24240K(24384K) Class: 4885K(5056K)->4885K(5056K)
[7175.883s][info][gc             ] GC(2300) Pause Young (Allocation Failure) 6628M->4339M(6743M) 104.958ms
[7175.883s][info][gc,cpu         ] GC(2300) User=0.60s Sys=0.02s Real=0.11s
..[7177.404s][info][gc,start       ] GC(2301) Pause Young (Allocation Failure)
[7177.506s][info][gc,heap        ] GC(2301) PSYoungGen: 2586688K(2612736K)->144256K(2615808K) Eden: 2435072K(2435072K)->0K(2443264K) From: 151616K(177664K)->144256K(172544K)
[7177.506s][info][gc,heap        ] GC(2301) ParOldGen: 4292346K(4292608K)->4384074K(4384256K)
[7177.506s][info][gc,metaspace   ] GC(2301) Metaspace: 29125K(29440K)->29125K(29440K) NonClass: 24240K(24384K)->24240K(24384K) Class: 4885K(5056K)->4885K(5056K)
[7177.506s][info][gc             ] GC(2301) Pause Young (Allocation Failure) 6717M->4422M(6836M) 101.155ms
[7177.506s][info][gc,cpu         ] GC(2301) User=0.56s Sys=0.02s Real=0.10s
.[7179.020s][info][gc,start       ] GC(2302) Pause Young (Allocation Failure)
[7179.123s][info][gc,heap        ] GC(2302) PSYoungGen: 2587520K(2615808K)->148000K(2617344K) Eden: 2443264K(2443264K)->0K(2443264K) From: 144256K(172544K)->148000K(174080K)
[7179.123s][info][gc,heap        ] GC(2302) ParOldGen: 4384074K(4384256K)->4475322K(4475392K)
[7179.123s][info][gc,metaspace   ] GC(2302) Metaspace: 29125K(29440K)->29125K(29440K) NonClass: 24240K(24384K)->24240K(24384K) Class: 4885K(5056K)->4885K(5056K)
[7179.123s][info][gc             ] GC(2302) Pause Young (Allocation Failure) 6808M->4514M(6926M) 103.367ms
[7179.123s][info][gc,cpu         ] GC(2302) User=0.57s Sys=0.03s Real=0.10s
..[7180.631s][info][gc,start       ] GC(2303) Pause Young (Allocation Failure)
[7180.782s][info][gc,heap        ] GC(2303) PSYoungGen: 2591264K(2617344K)->146656K(2619392K) Eden: 2443264K(2443264K)->0K(2449920K) From: 148000K(174080K)->146656K(169472K)
[7180.782s][info][gc,heap        ] GC(2303) ParOldGen: 4475322K(4475392K)->4566378K(4566528K)
[7180.782s][info][gc,metaspace   ] GC(2303) Metaspace: 29125K(29440K)->29125K(29440K) NonClass: 24240K(24384K)->24240K(24384K) Class: 4885K(5056K)->4885K(5056K)
[7180.782s][info][gc             ] GC(2303) Pause Young (Allocation Failure) 6900M->4602M(7017M) 151.776ms
[7180.782s][info][gc,cpu         ] GC(2303) User=0.60s Sys=0.02s Real=0.15s
.[7182.270s][info][gc,start       ] GC(2304) Pause Young (Allocation Failure)
[7182.373s][info][gc,heap        ] GC(2304) PSYoungGen: 2596576K(2619392K)->142528K(2620416K) Eden: 2449920K(2449920K)->0K(2449920K) From: 146656K(169472K)->142528K(170496K)
[7182.373s][info][gc,heap        ] GC(2304) ParOldGen: 4566378K(4566528K)->4658082K(4658176K)
[7182.373s][info][gc,metaspace   ] GC(2304) Metaspace: 29125K(29440K)->29125K(29440K) NonClass: 24240K(24384K)->24240K(24384K) Class: 4885K(5056K)->4885K(5056K)
[7182.373s][info][gc             ] GC(2304) Pause Young (Allocation Failure) 6995M->4688M(7108M) 102.627ms
[7182.373s][info][gc,cpu         ] GC(2304) User=0.57s Sys=0.04s Real=0.10s
..[7183.936s][info][gc,start       ] GC(2305) Pause Young (Allocation Failure)
[7184.043s][info][gc,heap        ] GC(2305) PSYoungGen: 2592448K(2620416K)->149861K(2620928K) Eden: 2449920K(2449920K)->0K(2455552K) From: 142528K(170496K)->149861K(165376K)
[7184.043s][info][gc,heap        ] GC(2305) ParOldGen: 4658082K(4658176K)->4752154K(4752384K)
[7184.043s][info][gc,metaspace   ] GC(2305) Metaspace: 29125K(29440K)->29125K(29440K) NonClass: 24240K(24384K)->24240K(24384K) Class: 4885K(5056K)->4885K(5056K)
[7184.043s][info][gc             ] GC(2305) Pause Young (Allocation Failure) 7080M->4787M(7200M) 107.693ms
[7184.043s][info][gc,cpu         ] GC(2305) User=0.60s Sys=0.03s Real=0.11s
.[7185.566s][info][gc,start       ] GC(2306) Pause Young (Allocation Failure)
[7185.670s][info][gc,heap        ] GC(2306) PSYoungGen: 2605413K(2620928K)->150617K(2623488K) Eden: 2455552K(2455552K)->0K(2455552K) From: 149861K(165376K)->150617K(167936K)
[7185.670s][info][gc,heap        ] GC(2306) ParOldGen: 4752154K(4752384K)->4840946K(4840960K)
[7185.670s][info][gc,metaspace   ] GC(2306) Metaspace: 29125K(29440K)->29125K(29440K) NonClass: 24240K(24384K)->24240K(24384K) Class: 4885K(5056K)->4885K(5056K)
[7185.670s][info][gc             ] GC(2306) Pause Young (Allocation Failure) 7185M->4874M(7289M) 104.283ms
[7185.670s][info][gc,cpu         ] GC(2306) User=0.59s Sys=0.03s Real=0.11s
..[7187.182s][info][gc,start       ] GC(2307) Pause Young (Allocation Failure)
[7187.287s][info][gc,heap        ] GC(2307) PSYoungGen: 2606169K(2623488K)->152288K(2625024K) Eden: 2455552K(2455552K)->0K(2461184K) From: 150617K(167936K)->152288K(163840K)
[7187.287s][info][gc,heap        ] GC(2307) ParOldGen: 4840946K(4840960K)->4931690K(4932096K)
[7187.287s][info][gc,metaspace   ] GC(2307) Metaspace: 29125K(29440K)->29125K(29440K) NonClass: 24240K(24384K)->24240K(24384K) Class: 4885K(5056K)->4885K(5056K)
[7187.287s][info][gc             ] GC(2307) Pause Young (Allocation Failure) 7272M->4964M(7380M) 104.751ms
[7187.287s][info][gc,cpu         ] GC(2307) User=0.59s Sys=0.03s Real=0.10s
.[7188.897s][info][gc,start       ] GC(2308) Pause Young (Allocation Failure)
[7189.004s][info][gc,heap        ] GC(2308) PSYoungGen: 2613472K(2625024K)->145849K(2627072K) Eden: 2461184K(2461184K)->0K(2461184K) From: 152288K(163840K)->145849K(165888K)
[7189.004s][info][gc,heap        ] GC(2308) ParOldGen: 4931690K(4932096K)->5026778K(5026816K)
[7189.004s][info][gc,metaspace   ] GC(2308) Metaspace: 29125K(29440K)->29125K(29440K) NonClass: 24240K(24384K)->24240K(24384K) Class: 4885K(5056K)->4885K(5056K)
[7189.004s][info][gc             ] GC(2308) Pause Young (Allocation Failure) 7368M->5051M(7474M) 107.068ms
[7189.004s][info][gc,cpu         ] GC(2308) User=0.61s Sys=0.03s Real=0.11s
..[7190.579s][info][gc,start       ] GC(2309) Pause Young (Allocation Failure)
[7190.686s][info][gc,heap        ] GC(2309) PSYoungGen: 2607033K(2627072K)->151625K(2628096K) Eden: 2461184K(2461184K)->0K(2465280K) From: 145849K(165888K)->151625K(162816K)
[7190.686s][info][gc,heap        ] GC(2309) ParOldGen: 5026778K(5026816K)->5116154K(5116416K)
[7190.686s][info][gc,metaspace   ] GC(2309) Metaspace: 29125K(29440K)->29125K(29440K) NonClass: 24240K(24384K)->24240K(24384K) Class: 4885K(5056K)->4885K(5056K)
[7190.686s][info][gc             ] GC(2309) Pause Young (Allocation Failure) 7454M->5144M(7563M) 106.775ms
[7190.686s][info][gc,cpu         ] GC(2309) User=0.60s Sys=0.02s Real=0.10s
..[7192.234s][info][gc,start       ] GC(2310) Pause Young (Allocation Failure)
[7192.336s][info][gc,heap        ] GC(2310) PSYoungGen: 2616905K(2628096K)->140256K(2629632K) Eden: 2465280K(2465280K)->0K(2465280K) From: 151625K(162816K)->140256K(164352K)
[7192.336s][info][gc,heap        ] GC(2310) ParOldGen: 5116154K(5116416K)->5208258K(5208576K)
[7192.336s][info][gc,metaspace   ] GC(2310) Metaspace: 29125K(29440K)->29125K(29440K) NonClass: 24240K(24384K)->24240K(24384K) Class: 4885K(5056K)->4885K(5056K)
[7192.336s][info][gc             ] GC(2310) Pause Young (Allocation Failure) 7551M->5223M(7654M) 101.862ms
[7192.336s][info][gc,cpu         ] GC(2310) User=0.58s Sys=0.02s Real=0.10s
.[7193.889s][info][gc,start       ] GC(2311) Pause Young (Allocation Failure)
[7193.995s][info][gc,heap        ] GC(2311) PSYoungGen: 2605536K(2629632K)->146080K(2629632K) Eden: 2465280K(2465280K)->0K(2467328K) From: 140256K(164352K)->146080K(162304K)
[7193.995s][info][gc,heap        ] GC(2311) ParOldGen: 5208258K(5208576K)->5300746K(5301248K)
[7193.995s][info][gc,metaspace   ] GC(2311) Metaspace: 29125K(29440K)->29125K(29440K) NonClass: 24240K(24384K)->24240K(24384K) Class: 4885K(5056K)->4885K(5056K)
[7193.995s][info][gc             ] GC(2311) Pause Young (Allocation Failure) 7630M->5319M(7745M) 106.309ms
[7193.995s][info][gc,cpu         ] GC(2311) User=0.60s Sys=0.02s Real=0.10s
..[7195.579s][info][gc,start       ] GC(2312) Pause Young (Allocation Failure)
[7195.684s][info][gc,heap        ] GC(2312) PSYoungGen: 2613408K(2629632K)->146176K(2630656K) Eden: 2467328K(2467328K)->0K(2467328K) From: 146080K(162304K)->146176K(163328K)
[7195.684s][info][gc,heap        ] GC(2312) ParOldGen: 5300746K(5301248K)->5392666K(5392896K)
[7195.684s][info][gc,metaspace   ] GC(2312) Metaspace: 29125K(29440K)->29125K(29440K) NonClass: 24240K(24384K)->24240K(24384K) Class: 4885K(5056K)->4885K(5056K)
[7195.684s][info][gc             ] GC(2312) Pause Young (Allocation Failure) 7728M->5409M(7835M) 105.119ms
[7195.684s][info][gc,cpu         ] GC(2312) User=0.58s Sys=0.04s Real=0.10s
..[7197.274s][info][gc,start       ] GC(2313) Pause Young (Allocation Failure)
[7197.378s][info][gc,heap        ] GC(2313) PSYoungGen: 2613504K(2630656K)->142517K(2631680K) Eden: 2467328K(2467328K)->0K(2470400K) From: 146176K(163328K)->142517K(161280K)
[7197.378s][info][gc,heap        ] GC(2313) ParOldGen: 5392666K(5392896K)->5486762K(5487104K)
[7197.378s][info][gc,metaspace   ] GC(2313) Metaspace: 29125K(29440K)->29125K(29440K) NonClass: 24240K(24384K)->24240K(24384K) Class: 4885K(5056K)->4885K(5056K)
[7197.378s][info][gc             ] GC(2313) Pause Young (Allocation Failure) 7818M->5497M(7928M) 103.776ms
[7197.378s][info][gc,cpu         ] GC(2313) User=0.58s Sys=0.02s Real=0.10s
.[7199.042s][info][gc,start       ] GC(2314) Pause Young (Allocation Failure)
[7199.151s][info][gc,heap        ] GC(2314) PSYoungGen: 2612917K(2631680K)->157316K(2632192K) Eden: 2470400K(2470400K)->0K(2470400K) From: 142517K(161280K)->157316K(161792K)
[7199.151s][info][gc,heap        ] GC(2314) ParOldGen: 5486762K(5487104K)->5576202K(5576704K)
[7199.151s][info][gc,metaspace   ] GC(2314) Metaspace: 29125K(29440K)->29125K(29440K) NonClass: 24240K(24384K)->24240K(24384K) Class: 4885K(5056K)->4885K(5056K)
[7199.151s][info][gc             ] GC(2314) Pause Young (Allocation Failure) 7909M->5599M(8016M) 109.715ms
[7199.151s][info][gc,cpu         ] GC(2314) User=0.61s Sys=0.04s Real=0.11s
..[7200.738s][info][gc,start       ] GC(2315) Pause Full (Allocation Failure)
[7200.738s][info][gc,phases,start] GC(2315) Marking Phase
[7201.035s][info][gc,phases      ] GC(2315) Marking Phase 296.672ms
[7201.035s][info][gc,phases,start] GC(2315) Summary Phase
[7201.035s][info][gc,phases      ] GC(2315) Summary Phase 0.109ms
[7201.035s][info][gc,phases,start] GC(2315) Forward
[7201.163s][info][gc,phases      ] GC(2315) Forward 127.885ms
[7201.163s][info][gc,phases,start] GC(2315) Adjust Pointers
[7201.364s][info][gc,phases      ] GC(2315) Adjust Pointers 201.265ms
[7201.364s][info][gc,phases,start] GC(2315) Compaction Phase
[7201.495s][info][gc,phases      ] GC(2315) Compaction Phase 130.421ms
[7201.496s][info][gc,phases,start] GC(2315) Post Compact
[7201.503s][info][gc,phases      ] GC(2315) Post Compact 6.876ms
[7201.650s][info][gc,heap        ] GC(2315) PSYoungGen: 2627716K(2632192K)->0K(2632192K) Eden: 2470400K(2470400K)->0K(2468352K) From: 157316K(161792K)->0K(163840K)
[7201.650s][info][gc,heap        ] GC(2315) ParOldGen: 5576202K(5576704K)->1435000K(1782784K)
[7201.650s][info][gc,metaspace   ] GC(2315) Metaspace: 29125K(29440K)->29125K(29440K) NonClass: 24240K(24384K)->24240K(24384K) Class: 4885K(5056K)->4885K(5056K)
[7201.650s][info][gc             ] GC(2315) Pause Full (Allocation Failure) 8011M->1401M(4311M) 911.616ms
[7201.650s][info][gc,cpu         ] GC(2315) User=4.11s Sys=0.15s Real=0.92s
..[7203.186s][info][gc,start       ] GC(2316) Pause Young (Allocation Failure)
[7203.262s][info][gc,heap        ] GC(2316) PSYoungGen: 2468352K(2632192K)->160015K(2628608K) Eden: 2468352K(2468352K)->0K(2468352K) From: 0K(163840K)->160015K(160256K)
[7203.262s][info][gc,heap        ] GC(2316) ParOldGen: 1435000K(1782784K)->1435000K(1782784K)
[7203.262s][info][gc,metaspace   ] GC(2316) Metaspace: 29125K(29440K)->29125K(29440K) NonClass: 24240K(24384K)->24240K(24384K) Class: 4885K(5056K)->4885K(5056K)
[7203.262s][info][gc             ] GC(2316) Pause Young (Allocation Failure) 3811M->1557M(4308M) 75.671ms
[7203.262s][info][gc,cpu         ] GC(2316) User=0.45s Sys=0.00s Real=0.08s
.[7204.779s][info][gc,start       ] GC(2317) Pause Young (Allocation Failure)
[7204.875s][info][gc,heap        ] GC(2317) PSYoungGen: 2628367K(2628608K)->143764K(2630144K) Eden: 2468352K(2468352K)->0K(2463232K) From: 160015K(160256K)->143764K(166912K)
[7204.875s][info][gc,heap        ] GC(2317) ParOldGen: 1435000K(1782784K)->1526128K(1782784K)
[7204.875s][info][gc,metaspace   ] GC(2317) Metaspace: 29125K(29440K)->29125K(29440K) NonClass: 24240K(24384K)->24240K(24384K) Class: 4885K(5056K)->4885K(5056K)
[7204.875s][info][gc             ] GC(2317) Pause Young (Allocation Failure) 3968M->1630M(4309M) 95.106ms
[7204.875s][info][gc,cpu         ] GC(2317) User=0.56s Sys=0.00s Real=0.09s
..[7206.356s][info][gc,start       ] GC(2318) Pause Young (Allocation Failure)
[7206.454s][info][gc,heap        ] GC(2318) PSYoungGen: 2606996K(2630144K)->155348K(2629120K) Eden: 2463232K(2463232K)->0K(2463232K) From: 143764K(166912K)->155348K(165888K)
[7206.454s][info][gc,heap        ] GC(2318) ParOldGen: 1526128K(1782784K)->1616664K(1782784K)
[7206.454s][info][gc,metaspace   ] GC(2318) Metaspace: 29125K(29440K)->29125K(29440K) NonClass: 24240K(24384K)->24240K(24384K) Class: 4885K(5056K)->4885K(5056K)
[7206.454s][info][gc             ] GC(2318) Pause Young (Allocation Failure) 4036M->1730M(4308M) 98.353ms
[7206.454s][info][gc,cpu         ] GC(2318) User=0.59s Sys=0.00s Real=0.10s
.[7207.952s][info][gc,start       ] GC(2319) Pause Young (Allocation Failure)
[7208.048s][info][gc,heap        ] GC(2319) PSYoungGen: 2618580K(2629120K)->144640K(2629120K) Eden: 2463232K(2463232K)->0K(2463232K) From: 155348K(165888K)->144640K(165888K)
[7208.048s][info][gc,heap        ] GC(2319) ParOldGen: 1616664K(1782784K)->1710008K(1782784K)
[7208.048s][info][gc,metaspace   ] GC(2319) Metaspace: 29125K(29440K)->29125K(29440K) NonClass: 24240K(24384K)->24240K(24384K) Class: 4885K(5056K)->4885K(5056K)
[7208.048s][info][gc             ] GC(2319) Pause Young (Allocation Failure) 4135M->1811M(4308M) 96.609ms
[7208.048s][info][gc,cpu         ] GC(2319) User=0.57s Sys=0.00s Real=0.09s
..[7209.514s][info][gc,start       ] GC(2320) Pause Young (Allocation Failure)
[7209.611s][info][gc,heap        ] GC(2320) PSYoungGen: 2607872K(2629120K)->143968K(2629120K) Eden: 2463232K(2463232K)->0K(2463232K) From: 144640K(165888K)->143968K(165888K)
[7209.611s][info][gc,heap        ] GC(2320) ParOldGen: 1710008K(1782784K)->1803400K(1803776K)
[7209.611s][info][gc,metaspace   ] GC(2320) Metaspace: 29125K(29440K)->29125K(29440K) NonClass: 24240K(24384K)->24240K(24384K) Class: 4885K(5056K)->4885K(5056K)
[7209.611s][info][gc             ] GC(2320) Pause Young (Allocation Failure) 4216M->1901M(4329M) 97.007ms
[7209.611s][info][gc,cpu         ] GC(2320) User=0.57s Sys=0.01s Real=0.10s
.[7211.230s][info][gc,start       ] GC(2321) Pause Young (Allocation Failure)
[7211.332s][info][gc,heap        ] GC(2321) PSYoungGen: 2607200K(2629120K)->146304K(2627584K) Eden: 2463232K(2463232K)->0K(2464768K) From: 143968K(165888K)->146304K(162816K)
[7211.332s][info][gc,heap        ] GC(2321) ParOldGen: 1803400K(1803776K)->1896840K(1896960K)
[7211.332s][info][gc,metaspace   ] GC(2321) Metaspace: 29125K(29440K)->29125K(29440K) NonClass: 24240K(24384K)->24240K(24384K) Class: 4885K(5056K)->4885K(5056K)
[7211.332s][info][gc             ] GC(2321) Pause Young (Allocation Failure) 4307M->1995M(4418M) 101.779ms
[7211.332s][info][gc,cpu         ] GC(2321) User=0.57s Sys=0.03s Real=0.10s
..[7212.823s][info][gc,start       ] GC(2322) Pause Young (Allocation Failure)
[7212.924s][info][gc,heap        ] GC(2322) PSYoungGen: 2611072K(2627584K)->152192K(2628608K) Eden: 2464768K(2464768K)->0K(2464768K) From: 146304K(162816K)->152192K(163840K)
[7212.924s][info][gc,heap        ] GC(2322) ParOldGen: 1896840K(1896960K)->1985992K(1986048K)
[7212.924s][info][gc,metaspace   ] GC(2322) Metaspace: 29125K(29440K)->29125K(29440K) NonClass: 24240K(24384K)->24240K(24384K) Class: 4885K(5056K)->4885K(5056K)
[7212.924s][info][gc             ] GC(2322) Pause Young (Allocation Failure) 4402M->2088M(4506M) 101.739ms
[7212.924s][info][gc,cpu         ] GC(2322) User=0.56s Sys=0.03s Real=0.10s
.[7214.459s][info][gc,start       ] GC(2323) Pause Young (Allocation Failure)
[7214.559s][info][gc,heap        ] GC(2323) PSYoungGen: 2616960K(2628608K)->139872K(2632192K) Eden: 2464768K(2464768K)->0K(2468352K) From: 152192K(163840K)->139872K(163840K)
[7214.559s][info][gc,heap        ] GC(2323) ParOldGen: 1985992K(1986048K)->2082920K(2083328K)
[7214.559s][info][gc,metaspace   ] GC(2323) Metaspace: 29125K(29440K)->29125K(29440K) NonClass: 24240K(24384K)->24240K(24384K) Class: 4885K(5056K)->4885K(5056K)
[7214.559s][info][gc             ] GC(2323) Pause Young (Allocation Failure) 4495M->2170M(4605M) 100.595ms
[7214.559s][info][gc,cpu         ] GC(2323) User=0.57s Sys=0.02s Real=0.10s
..[7216.066s][info][gc,start       ] GC(2324) Pause Young (Allocation Failure)
[7216.179s][info][gc,heap        ] GC(2324) PSYoungGen: 2608224K(2632192K)->163812K(2632192K) Eden: 2468352K(2468352K)->0K(2468352K) From: 139872K(163840K)->163812K(163840K)
[7216.179s][info][gc,heap        ] GC(2324) ParOldGen: 2082920K(2083328K)->2179288K(2179584K)
[7216.179s][info][gc,metaspace   ] GC(2324) Metaspace: 29125K(29440K)->29125K(29440K) NonClass: 24240K(24384K)->24240K(24384K) Class: 4885K(5056K)->4885K(5056K)
[7216.179s][info][gc             ] GC(2324) Pause Young (Allocation Failure) 4581M->2288M(4699M) 112.823ms
[7216.179s][info][gc,cpu         ] GC(2324) User=0.65s Sys=0.02s Real=0.12s
.[7217.768s][info][gc,start       ] GC(2325) Pause Young (Allocation Failure)
[7217.871s][info][gc,heap        ] GC(2325) PSYoungGen: 2632164K(2632192K)->150949K(2558464K) Eden: 2468352K(2468352K)->0K(2394624K) From: 163812K(163840K)->150949K(163840K)
[7217.871s][info][gc,heap        ] GC(2325) ParOldGen: 2179288K(2179584K)->2271408K(2271744K)
[7217.871s][info][gc,metaspace   ] GC(2325) Metaspace: 29125K(29440K)->29125K(29440K) NonClass: 24240K(24384K)->24240K(24384K) Class: 4885K(5056K)->4885K(5056K)
[7217.871s][info][gc             ] GC(2325) Pause Young (Allocation Failure) 4698M->2365M(4717M) 103.243ms
[7217.871s][info][gc,cpu         ] GC(2325) User=0.58s Sys=0.02s Real=0.11s
..[7219.272s][info][gc,start       ] GC(2326) Pause Young (Allocation Failure)
[7219.373s][info][gc,heap        ] GC(2326) PSYoungGen: 2545573K(2558464K)->145860K(2595328K) Eden: 2394624K(2394624K)->0K(2394624K) From: 150949K(163840K)->145860K(200704K)
[7219.373s][info][gc,heap        ] GC(2326) ParOldGen: 2271408K(2271744K)->2361240K(2361344K)
[7219.373s][info][gc,metaspace   ] GC(2326) Metaspace: 29125K(29440K)->29125K(29440K) NonClass: 24240K(24384K)->24240K(24384K) Class: 4885K(5056K)->4885K(5056K)
[7219.373s][info][gc             ] GC(2326) Pause Young (Allocation Failure) 4704M->2448M(4840M) 101.449ms
[7219.373s][info][gc,cpu         ] GC(2326) User=0.57s Sys=0.02s Real=0.10s
.[7220.931s][info][gc,start       ] GC(2327) Pause Young (Allocation Failure)
[7221.035s][info][gc,heap        ] GC(2327) PSYoungGen: 2540484K(2595328K)->148608K(2588160K) Eden: 2394624K(2394624K)->0K(2396672K) From: 145860K(200704K)->148608K(191488K)
[7221.035s][info][gc,heap        ] GC(2327) ParOldGen: 2361240K(2361344K)->2455824K(2456064K)
[7221.035s][info][gc,metaspace   ] GC(2327) Metaspace: 29125K(29440K)->29125K(29440K) NonClass: 24240K(24384K)->24240K(24384K) Class: 4885K(5056K)->4885K(5056K)
[7221.035s][info][gc             ] GC(2327) Pause Young (Allocation Failure) 4786M->2543M(4926M) 104.252ms
[7221.035s][info][gc,cpu         ] GC(2327) User=0.59s Sys=0.03s Real=0.10s
..[7222.565s][info][gc,start       ] GC(2328) Pause Young (Allocation Failure)
[7222.672s][info][gc,heap        ] GC(2328) PSYoungGen: 2545280K(2588160K)->150839K(2592768K) Eden: 2396672K(2396672K)->0K(2396672K) From: 148608K(191488K)->150839K(196096K)
[7222.672s][info][gc,heap        ] GC(2328) ParOldGen: 2455824K(2456064K)->2545064K(2545152K)
[7222.672s][info][gc,metaspace   ] GC(2328) Metaspace: 29125K(29440K)->29125K(29440K) NonClass: 24240K(24384K)->24240K(24384K) Class: 4885K(5056K)->4885K(5056K)
[7222.672s][info][gc             ] GC(2328) Pause Young (Allocation Failure) 4883M->2632M(5017M) 107.406ms
[7222.672s][info][gc,cpu         ] GC(2328) User=0.60s Sys=0.02s Real=0.11s
.[7224.222s][info][gc,start       ] GC(2329) Pause Young (Allocation Failure)
[7224.321s][info][gc,heap        ] GC(2329) PSYoungGen: 2547511K(2592768K)->146976K(2594304K) Eden: 2396672K(2396672K)->0K(2406912K) From: 150839K(196096K)->146976K(187392K)
[7224.321s][info][gc,heap        ] GC(2329) ParOldGen: 2545064K(2545152K)->2635296K(2635776K)
[7224.321s][info][gc,metaspace   ] GC(2329) Metaspace: 29125K(29440K)->29125K(29440K) NonClass: 24240K(24384K)->24240K(24384K) Class: 4885K(5056K)->4885K(5056K)
[7224.321s][info][gc             ] GC(2329) Pause Young (Allocation Failure) 4973M->2717M(5107M) 99.389ms
[7224.321s][info][gc,cpu         ] GC(2329) User=0.57s Sys=0.02s Real=0.10s
.. (rIR:aIR:PR = 12038:12059:12058) (tPR = 179186) [OK] 
  7225s: Performance info:
         Transaction,    Success,    Partial,     Failed,   Receipts, AvgBarcode, 
             Overall,     729555,          0,          0,     692243,      59.48, 
         Response times:
             Request,    Success,    Partial,     Failed,   SkipFail,     Probes,    Samples,      min,      p50,      p90,      p95,      p99,      max, 
       TotalPurchase,     692758,          0,          0,          0,     279564,     554066,      200,    86000,   389000,   525000,   700000,   980000,
     InStorePurchase,     364681,          0,          0,          0,     147692,     292207,      200,    86000,   388000,   544000,   700000,   980000,
      OnlinePurchase,     255029,          0,          0,          0,     102619,     203410,      300,    85000,   389000,   501000,   700000,   900000,
        InstPurchase,      73048,          0,          0,          0,      29253,      58449,      300,    89000,   390000,   509000,   700000,   980000,
          AssocOfCat,        724,          0,          0,          0,        550,       1118,    32000,   150000,   394000,   539050,   960000,  1300000,
      AssocOfProduct,       7435,          0,          0,          0,       2842,       5379,      600,    94000,   380000,   519000,   740000,  1100000,
      BusinessReport,       1825,          0,          0,          0,       1414,       2664,    32000,   142000,   391500,   515000,   780000,  1200000,
          CustBuyBeh,       7396,          0,          0,          0,       2864,       5371,      200,    78000,   351000,   493000,   650000,   980000,
       ProductReturn,      19682,          0,          0,          0,       8959,      16121,      200,    82000,   359000,   478000,   850000,   960000,

  7225s: (88%)   IR =  12177 [7225.849s][info][gc,start       ] GC(2330) Pause Young (Allocation Failure)
[7225.952s][info][gc,heap        ] GC(2330) PSYoungGen: 2553888K(2594304K)->148073K(2597888K) Eden: 2406912K(2406912K)->0K(2406912K) From: 146976K(187392K)->148073K(190976K)
[7225.952s][info][gc,heap        ] GC(2330) ParOldGen: 2635296K(2635776K)->2726208K(2726400K)
[7225.952s][info][gc,metaspace   ] GC(2330) Metaspace: 29125K(29440K)->29125K(29440K) NonClass: 24240K(24384K)->24240K(24384K) Class: 4885K(5056K)->4885K(5056K)
[7225.952s][info][gc             ] GC(2330) Pause Young (Allocation Failure) 5067M->2806M(5199M) 102.326ms
[7225.952s][info][gc,cpu         ] GC(2330) User=0.57s Sys=0.03s Real=0.10s
.[7227.531s][info][gc,start       ] GC(2331) Pause Young (Allocation Failure)
[7227.633s][info][gc,heap        ] GC(2331) PSYoungGen: 2554985K(2597888K)->143040K(2600960K) Eden: 2406912K(2406912K)->0K(2416640K) From: 148073K(190976K)->143040K(184320K)
[7227.633s][info][gc,heap        ] GC(2331) ParOldGen: 2726208K(2726400K)->2817640K(2818048K)
[7227.633s][info][gc,metaspace   ] GC(2331) Metaspace: 29125K(29440K)->29125K(29440K) NonClass: 24240K(24384K)->24240K(24384K) Class: 4885K(5056K)->4885K(5056K)
[7227.633s][info][gc             ] GC(2331) Pause Young (Allocation Failure) 5157M->2891M(5292M) 102.058ms
[7227.633s][info][gc,cpu         ] GC(2331) User=0.58s Sys=0.02s Real=0.10s
..[7229.166s][info][gc,start       ] GC(2332) Pause Young (Allocation Failure)
[7229.271s][info][gc,heap        ] GC(2332) PSYoungGen: 2559680K(2600960K)->154676K(2603520K) Eden: 2416640K(2416640K)->0K(2416640K) From: 143040K(184320K)->154676K(186880K)
[7229.271s][info][gc,heap        ] GC(2332) ParOldGen: 2817640K(2818048K)->2910432K(2910720K)
[7229.271s][info][gc,metaspace   ] GC(2332) Metaspace: 29125K(29440K)->29125K(29440K) NonClass: 24240K(24384K)->24240K(24384K) Class: 4885K(5056K)->4885K(5056K)
[7229.272s][info][gc             ] GC(2332) Pause Young (Allocation Failure) 5251M->2993M(5385M) 105.926ms
[7229.272s][info][gc,cpu         ] GC(2332) User=0.60s Sys=0.02s Real=0.11s
..[7230.773s][info][gc,start       ] GC(2333) Pause Young (Allocation Failure)
[7230.874s][info][gc,heap        ] GC(2333) PSYoungGen: 2571316K(2603520K)->145408K(2605056K) Eden: 2416640K(2416640K)->0K(2424832K) From: 154676K(186880K)->145408K(180224K)
[7230.874s][info][gc,heap        ] GC(2333) ParOldGen: 2910432K(2910720K)->3001904K(3002368K)
[7230.874s][info][gc,metaspace   ] GC(2333) Metaspace: 29125K(29440K)->29125K(29440K) NonClass: 24240K(24384K)->24240K(24384K) Class: 4885K(5056K)->4885K(5056K)
[7230.874s][info][gc             ] GC(2333) Pause Young (Allocation Failure) 5353M->3073M(5476M) 101.632ms
[7230.874s][info][gc,cpu         ] GC(2333) User=0.57s Sys=0.02s Real=0.10s
.[7232.422s][info][gc,start       ] GC(2334) Pause Young (Allocation Failure)
[7232.522s][info][gc,heap        ] GC(2334) PSYoungGen: 2570240K(2605056K)->139176K(2607104K) Eden: 2424832K(2424832K)->0K(2424832K) From: 145408K(180224K)->139176K(182272K)
[7232.522s][info][gc,heap        ] GC(2334) ParOldGen: 3001904K(3002368K)->3094360K(3094528K)
[7232.522s][info][gc,metaspace   ] GC(2334) Metaspace: 29125K(29440K)->29125K(29440K) NonClass: 24240K(24384K)->24240K(24384K) Class: 4885K(5056K)->4885K(5056K)
[7232.522s][info][gc             ] GC(2334) Pause Young (Allocation Failure) 5441M->3157M(5568M) 99.773ms
[7232.522s][info][gc,cpu         ] GC(2334) User=0.55s Sys=0.03s Real=0.10s
..[7234.082s][info][gc,start       ] GC(2335) Pause Young (Allocation Failure)
[7234.187s][info][gc,heap        ] GC(2335) PSYoungGen: 2564008K(2607104K)->152905K(2608128K) Eden: 2424832K(2424832K)->0K(2432000K) From: 139176K(182272K)->152905K(176128K)
[7234.187s][info][gc,heap        ] GC(2335) ParOldGen: 3094360K(3094528K)->3183096K(3183104K)
[7234.187s][info][gc,metaspace   ] GC(2335) Metaspace: 29125K(29440K)->29125K(29440K) NonClass: 24240K(24384K)->24240K(24384K) Class: 4885K(5056K)->4885K(5056K)
[7234.187s][info][gc             ] GC(2335) Pause Young (Allocation Failure) 5525M->3257M(5655M) 104.898ms
[7234.187s][info][gc,cpu         ] GC(2335) User=0.60s Sys=0.03s Real=0.10s
.[7235.736s][info][gc,start       ] GC(2336) Pause Young (Allocation Failure)
[7235.839s][info][gc,heap        ] GC(2336) PSYoungGen: 2584905K(2608128K)->147840K(2611200K) Eden: 2432000K(2432000K)->0K(2432000K) From: 152905K(176128K)->147840K(179200K)
[7235.839s][info][gc,heap        ] GC(2336) ParOldGen: 3183096K(3183104K)->3275048K(3275264K)
[7235.839s][info][gc,metaspace   ] GC(2336) Metaspace: 29125K(29440K)->29125K(29440K) NonClass: 24240K(24384K)->24240K(24384K) Class: 4885K(5056K)->4885K(5056K)
[7235.839s][info][gc             ] GC(2336) Pause Young (Allocation Failure) 5632M->3342M(5748M) 102.905ms
[7235.839s][info][gc,cpu         ] GC(2336) User=0.57s Sys=0.05s Real=0.11s
..[7237.353s][info][gc,start       ] GC(2337) Pause Young (Allocation Failure)
[7237.450s][info][gc,heap        ] GC(2337) PSYoungGen: 2579840K(2611200K)->134528K(2615808K) Eden: 2432000K(2432000K)->0K(2439680K) From: 147840K(179200K)->134528K(176128K)
[7237.450s][info][gc,heap        ] GC(2337) ParOldGen: 3275048K(3275264K)->3368824K(3368960K)
[7237.451s][info][gc,metaspace   ] GC(2337) Metaspace: 29125K(29440K)->29125K(29440K) NonClass: 24240K(24384K)->24240K(24384K) Class: 4885K(5056K)->4885K(5056K)
[7237.451s][info][gc             ] GC(2337) Pause Young (Allocation Failure) 5717M->3421M(5844M) 97.973ms
[7237.451s][info][gc,cpu         ] GC(2337) User=0.54s Sys=0.03s Real=0.10s
..[7239.065s][info][gc,start       ] GC(2338) Pause Young (Allocation Failure)
[7239.171s][info][gc,heap        ] GC(2338) PSYoungGen: 2574208K(2615808K)->154304K(2616832K) Eden: 2439680K(2439680K)->0K(2439680K) From: 134528K(176128K)->154304K(177152K)
[7239.171s][info][gc,heap        ] GC(2338) ParOldGen: 3368824K(3368960K)->3459064K(3459072K)
[7239.171s][info][gc,metaspace   ] GC(2338) Metaspace: 29125K(29440K)->29125K(29440K) NonClass: 24240K(24384K)->24240K(24384K) Class: 4885K(5056K)->4885K(5056K)
[7239.171s][info][gc             ] GC(2338) Pause Young (Allocation Failure) 5803M->3528M(5933M) 105.733ms
[7239.171s][info][gc,cpu         ] GC(2338) User=0.59s Sys=0.03s Real=0.11s
.[7240.733s][info][gc,start       ] GC(2339) Pause Young (Allocation Failure)
[7240.837s][info][gc,heap        ] GC(2339) PSYoungGen: 2593984K(2616832K)->145696K(2615808K) Eden: 2439680K(2439680K)->0K(2442752K) From: 154304K(177152K)->145696K(173056K)
[7240.837s][info][gc,heap        ] GC(2339) ParOldGen: 3459064K(3459072K)->3552344K(3552768K)
[7240.837s][info][gc,metaspace   ] GC(2339) Metaspace: 29125K(29440K)->29125K(29440K) NonClass: 24240K(24384K)->24240K(24384K) Class: 4885K(5056K)->4885K(5056K)
[7240.837s][info][gc             ] GC(2339) Pause Young (Allocation Failure) 5911M->3611M(6024M) 103.646ms
[7240.837s][info][gc,cpu         ] GC(2339) User=0.58s Sys=0.03s Real=0.10s
..[7242.281s][info][gc,start       ] GC(2340) Pause Young (Allocation Failure)
[7242.391s][info][gc,heap        ] GC(2340) PSYoungGen: 2588448K(2615808K)->161824K(2617344K) Eden: 2442752K(2442752K)->0K(2442752K) From: 145696K(173056K)->161824K(174592K)
[7242.391s][info][gc,heap        ] GC(2340) ParOldGen: 3552344K(3552768K)->3641920K(3642368K)
[7242.391s][info][gc,metaspace   ] GC(2340) Metaspace: 29125K(29440K)->29125K(29440K) NonClass: 24240K(24384K)->24240K(24384K) Class: 4885K(5056K)->4885K(5056K)
[7242.391s][info][gc             ] GC(2340) Pause Young (Allocation Failure) 5996M->3714M(6113M) 109.344ms
[7242.391s][info][gc,cpu         ] GC(2340) User=0.62s Sys=0.02s Real=0.11s
.[7243.933s][info][gc,start       ] GC(2341) Pause Young (Allocation Failure)
[7244.040s][info][gc,heap        ] GC(2341) PSYoungGen: 2604576K(2617344K)->154212K(2619904K) Eden: 2442752K(2442752K)->0K(2444288K) From: 161824K(174592K)->154212K(175616K)
[7244.040s][info][gc,heap        ] GC(2341) ParOldGen: 3641920K(3642368K)->3736592K(3737088K)
[7244.040s][info][gc,metaspace   ] GC(2341) Metaspace: 29125K(29440K)->29125K(29440K) NonClass: 24240K(24384K)->24240K(24384K) Class: 4885K(5056K)->4885K(5056K)
[7244.040s][info][gc             ] GC(2341) Pause Young (Allocation Failure) 6100M->3799M(6208M) 107.023ms
[7244.040s][info][gc,cpu         ] GC(2341) User=0.60s Sys=0.03s Real=0.11s
..[7245.484s][info][gc,start       ] GC(2342) Pause Young (Allocation Failure)
[7245.586s][info][gc,heap        ] GC(2342) PSYoungGen: 2598500K(2619904K)->143904K(2619392K) Eden: 2444288K(2444288K)->0K(2444288K) From: 154212K(175616K)->143904K(175104K)
[7245.586s][info][gc,heap        ] GC(2342) ParOldGen: 3736592K(3737088K)->3826624K(3826688K)
[7245.586s][info][gc,metaspace   ] GC(2342) Metaspace: 29125K(29440K)->29125K(29440K) NonClass: 24240K(24384K)->24240K(24384K) Class: 4885K(5056K)->4885K(5056K)
[7245.586s][info][gc             ] GC(2342) Pause Young (Allocation Failure) 6186M->3877M(6295M) 102.361ms
[7245.586s][info][gc,cpu         ] GC(2342) User=0.56s Sys=0.04s Real=0.10s
.|[7247.180s][info][gc,start       ] GC(2343) Pause Young (Allocation Failure)
[7247.288s][info][gc,heap        ] GC(2343) PSYoungGen: 2588192K(2619392K)->152661K(2619392K) Eden: 2444288K(2444288K)->0K(2446848K) From: 143904K(175104K)->152661K(172544K)
[7247.288s][info][gc,heap        ] GC(2343) ParOldGen: 3826624K(3826688K)->3919960K(3920384K)
[7247.288s][info][gc,metaspace   ] GC(2343) Metaspace: 29125K(29440K)->29125K(29440K) NonClass: 24240K(24384K)->24240K(24384K) Class: 4885K(5056K)->4885K(5056K)
[7247.288s][info][gc             ] GC(2343) Pause Young (Allocation Failure) 6264M->3977M(6386M) 107.585ms
[7247.288s][info][gc,cpu         ] GC(2343) User=0.61s Sys=0.03s Real=0.10s
..[7248.817s][info][gc,start       ] GC(2344) Pause Young (Allocation Failure)
[7248.919s][info][gc,heap        ] GC(2344) PSYoungGen: 2599509K(2619392K)->144800K(2619392K) Eden: 2446848K(2446848K)->0K(2446848K) From: 152661K(172544K)->144800K(172544K)
[7248.919s][info][gc,heap        ] GC(2344) ParOldGen: 3919960K(3920384K)->4011968K(4012032K)
[7248.919s][info][gc,metaspace   ] GC(2344) Metaspace: 29125K(29440K)->29125K(29440K) NonClass: 24240K(24384K)->24240K(24384K) Class: 4885K(5056K)->4885K(5056K)
[7248.919s][info][gc             ] GC(2344) Pause Young (Allocation Failure) 6366M->4059M(6476M) 102.389ms
[7248.919s][info][gc,cpu         ] GC(2344) User=0.56s Sys=0.04s Real=0.11s
.[7250.452s][info][gc,start       ] GC(2345) Pause Young (Allocation Failure)
[7250.556s][info][gc,heap        ] GC(2345) PSYoungGen: 2591648K(2619392K)->144537K(2621440K) Eden: 2446848K(2446848K)->0K(2451968K) From: 144800K(172544K)->144537K(169472K)
[7250.556s][info][gc,heap        ] GC(2345) ParOldGen: 4011968K(4012032K)->4103168K(4103680K)
[7250.556s][info][gc,metaspace   ] GC(2345) Metaspace: 29125K(29440K)->29125K(29440K) NonClass: 24240K(24384K)->24240K(24384K) Class: 4885K(5056K)->4885K(5056K)
[7250.556s][info][gc             ] GC(2345) Pause Young (Allocation Failure) 6448M->4148M(6567M) 104.005ms
[7250.556s][info][gc,cpu         ] GC(2345) User=0.59s Sys=0.03s Real=0.10s
..[7252.090s][info][gc,start       ] GC(2346) Pause Young (Allocation Failure)
[7252.201s][info][gc,heap        ] GC(2346) PSYoungGen: 2596505K(2621440K)->159211K(2621952K) Eden: 2451968K(2451968K)->0K(2451968K) From: 144537K(169472K)->159211K(169984K)
[7252.201s][info][gc,heap        ] GC(2346) ParOldGen: 4103168K(4103680K)->4194088K(4194304K)
[7252.201s][info][gc,metaspace   ] GC(2346) Metaspace: 29125K(29440K)->29125K(29440K) NonClass: 24240K(24384K)->24240K(24384K) Class: 4885K(5056K)->4885K(5056K)
[7252.201s][info][gc             ] GC(2346) Pause Young (Allocation Failure) 6542M->4251M(6656M) 111.050ms
[7252.202s][info][gc,cpu         ] GC(2346) User=0.62s Sys=0.02s Real=0.11s
.[7253.778s][info][gc,start       ] GC(2347) Pause Young (Allocation Failure)
[7253.881s][info][gc,heap        ] GC(2347) PSYoungGen: 2611179K(2621952K)->144128K(2624512K) Eden: 2451968K(2451968K)->0K(2453504K) From: 159211K(169984K)->144128K(171008K)
[7253.881s][info][gc,heap        ] GC(2347) ParOldGen: 4194088K(4194304K)->4286392K(4286464K)
[7253.881s][info][gc,metaspace   ] GC(2347) Metaspace: 29125K(29440K)->29125K(29440K) NonClass: 24240K(24384K)->24240K(24384K) Class: 4885K(5056K)->4885K(5056K)
[7253.881s][info][gc             ] GC(2347) Pause Young (Allocation Failure) 6645M->4326M(6749M) 103.012ms
[7253.881s][info][gc,cpu         ] GC(2347) User=0.57s Sys=0.03s Real=0.11s
..[7255.405s][info][gc,start       ] GC(2348) Pause Young (Allocation Failure)
[7255.514s][info][gc,heap        ] GC(2348) PSYoungGen: 2597632K(2624512K)->154137K(2624000K) Eden: 2453504K(2453504K)->0K(2453504K) From: 144128K(171008K)->154137K(170496K)
[7255.514s][info][gc,heap        ] GC(2348) ParOldGen: 4286392K(4286464K)->4377984K(4378112K)
[7255.514s][info][gc,metaspace   ] GC(2348) Metaspace: 29125K(29440K)->29125K(29440K) NonClass: 24240K(24384K)->24240K(24384K) Class: 4885K(5056K)->4885K(5056K)
[7255.514s][info][gc             ] GC(2348) Pause Young (Allocation Failure) 6722M->4425M(6838M) 108.679ms
[7255.514s][info][gc,cpu         ] GC(2348) User=0.62s Sys=0.02s Real=0.11s
..[7257.085s][info][gc,start       ] GC(2349) Pause Young (Allocation Failure)
[7257.191s][info][gc,heap        ] GC(2349) PSYoungGen: 2607641K(2624000K)->149828K(2621952K) Eden: 2453504K(2453504K)->0K(2455040K) From: 154137K(170496K)->149828K(166912K)
[7257.191s][info][gc,heap        ] GC(2349) ParOldGen: 4377984K(4378112K)->4469104K(4469248K)
[7257.191s][info][gc,metaspace   ] GC(2349) Metaspace: 29125K(29440K)->29125K(29440K) NonClass: 24240K(24384K)->24240K(24384K) Class: 4885K(5056K)->4885K(5056K)
[7257.191s][info][gc             ] GC(2349) Pause Young (Allocation Failure) 6821M->4510M(6925M) 106.280ms
[7257.191s][info][gc,cpu         ] GC(2349) User=0.59s Sys=0.03s Real=0.11s
.[7258.766s][info][gc,start       ] GC(2350) Pause Young (Allocation Failure)
[7258.868s][info][gc,heap        ] GC(2350) PSYoungGen: 2604868K(2621952K)->142624K(2623488K) Eden: 2455040K(2455040K)->0K(2455040K) From: 149828K(166912K)->142624K(168448K)
[7258.868s][info][gc,heap        ] GC(2350) ParOldGen: 4469104K(4469248K)->4563152K(4563456K)
[7258.868s][info][gc,metaspace   ] GC(2350) Metaspace: 29125K(29440K)->29125K(29440K) NonClass: 24240K(24384K)->24240K(24384K) Class: 4885K(5056K)->4885K(5056K)
[7258.868s][info][gc             ] GC(2350) Pause Young (Allocation Failure) 6908M->4595M(7018M) 102.183ms
[7258.868s][info][gc,cpu         ] GC(2350) User=0.57s Sys=0.03s Real=0.10s
..[7260.360s][info][gc,start       ] GC(2351) Pause Young (Allocation Failure)
[7260.459s][info][gc,heap        ] GC(2351) PSYoungGen: 2597664K(2623488K)->140896K(2626048K) Eden: 2455040K(2455040K)->0K(2459648K) From: 142624K(168448K)->140896K(166400K)
[7260.459s][info][gc,heap        ] GC(2351) ParOldGen: 4563152K(4563456K)->4653160K(4653568K)
[7260.459s][info][gc,metaspace   ] GC(2351) Metaspace: 29125K(29440K)->29125K(29440K) NonClass: 24240K(24384K)->24240K(24384K) Class: 4885K(5056K)->4885K(5056K)
[7260.459s][info][gc             ] GC(2351) Pause Young (Allocation Failure) 6992M->4681M(7109M) 99.797ms
[7260.460s][info][gc,cpu         ] GC(2351) User=0.56s Sys=0.02s Real=0.10s
.[7262.064s][info][gc,start       ] GC(2352) Pause Young (Allocation Failure)
[7262.173s][info][gc,heap        ] GC(2352) PSYoungGen: 2600544K(2626048K)->153125K(2627072K) Eden: 2459648K(2459648K)->0K(2459648K) From: 140896K(166400K)->153125K(167424K)
[7262.173s][info][gc,heap        ] GC(2352) ParOldGen: 4653160K(4653568K)->4747008K(4747264K)
[7262.173s][info][gc,metaspace   ] GC(2352) Metaspace: 29125K(29440K)->29125K(29440K) NonClass: 24240K(24384K)->24240K(24384K) Class: 4885K(5056K)->4885K(5056K)
[7262.173s][info][gc             ] GC(2352) Pause Young (Allocation Failure) 7083M->4785M(7201M) 108.612ms
[7262.173s][info][gc,cpu         ] GC(2352) User=0.61s Sys=0.03s Real=0.11s
..[7263.656s][info][gc,start       ] GC(2353) Pause Young (Allocation Failure)
[7263.804s][info][gc,heap        ] GC(2353) PSYoungGen: 2612773K(2627072K)->150645K(2625536K) Eden: 2459648K(2459648K)->0K(2461184K) From: 153125K(167424K)->150645K(164352K)
[7263.804s][info][gc,heap        ] GC(2353) ParOldGen: 4747008K(4747264K)->4839808K(4839936K)
[7263.804s][info][gc,metaspace   ] GC(2353) Metaspace: 29125K(29440K)->29125K(29440K) NonClass: 24240K(24384K)->24240K(24384K) Class: 4885K(5056K)->4885K(5056K)
[7263.804s][info][gc             ] GC(2353) Pause Young (Allocation Failure) 7187M->4873M(7290M) 147.890ms
[7263.804s][info][gc,cpu         ] GC(2353) User=0.59s Sys=0.03s Real=0.15s
.[7265.300s][info][gc,start       ] GC(2354) Pause Young (Allocation Failure)
[7265.405s][info][gc,heap        ] GC(2354) PSYoungGen: 2611829K(2625536K)->146958K(2627072K) Eden: 2461184K(2461184K)->0K(2461184K) From: 150645K(164352K)->146958K(165888K)
[7265.405s][info][gc,heap        ] GC(2354) ParOldGen: 4839808K(4839936K)->4932984K(4933120K)
[7265.405s][info][gc,metaspace   ] GC(2354) Metaspace: 29125K(29440K)->29125K(29440K) NonClass: 24240K(24384K)->24240K(24384K) Class: 4885K(5056K)->4885K(5056K)
[7265.405s][info][gc             ] GC(2354) Pause Young (Allocation Failure) 7276M->4960M(7383M) 105.310ms
[7265.406s][info][gc,cpu         ] GC(2354) User=0.59s Sys=0.03s Real=0.10s
..[7266.977s][info][gc,start       ] GC(2355) Pause Young (Allocation Failure)
[7267.083s][info][gc,heap        ] GC(2355) PSYoungGen: 2608142K(2627072K)->150752K(2627584K) Eden: 2461184K(2461184K)->0K(2465280K) From: 146958K(165888K)->150752K(162304K)
[7267.083s][info][gc,heap        ] GC(2355) ParOldGen: 4932984K(4933120K)->5025264K(5025280K)
[7267.083s][info][gc,metaspace   ] GC(2355) Metaspace: 29125K(29440K)->29125K(29440K) NonClass: 24240K(24384K)->24240K(24384K) Class: 4885K(5056K)->4885K(5056K)
[7267.083s][info][gc             ] GC(2355) Pause Young (Allocation Failure) 7364M->5054M(7473M) 105.805ms
[7267.083s][info][gc,cpu         ] GC(2355) User=0.59s Sys=0.03s Real=0.11s
.[7268.624s][info][gc,start       ] GC(2356) Pause Young (Allocation Failure)
[7268.777s][info][gc,heap        ] GC(2356) PSYoungGen: 2616032K(2627584K)->149008K(2629120K) Eden: 2465280K(2465280K)->0K(2465280K) From: 150752K(162304K)->149008K(163840K)
[7268.777s][info][gc,heap        ] GC(2356) ParOldGen: 5025264K(5025280K)->5117424K(5117440K)
[7268.777s][info][gc,metaspace   ] GC(2356) Metaspace: 29125K(29440K)->29125K(29440K) NonClass: 24240K(24384K)->24240K(24384K) Class: 4885K(5056K)->4885K(5056K)
[7268.777s][info][gc             ] GC(2356) Pause Young (Allocation Failure) 7462M->5143M(7565M) 153.199ms
[7268.777s][info][gc,cpu         ] GC(2356) User=0.59s Sys=0.03s Real=0.15s
..[7270.264s][info][gc,start       ] GC(2357) Pause Young (Allocation Failure)
[7270.373s][info][gc,heap        ] GC(2357) PSYoungGen: 2614288K(2629120K)->158688K(2628608K) Eden: 2465280K(2465280K)->0K(2466304K) From: 149008K(163840K)->158688K(162304K)
[7270.373s][info][gc,heap        ] GC(2357) ParOldGen: 5117424K(5117440K)->5208000K(5208064K)
[7270.373s][info][gc,metaspace   ] GC(2357) Metaspace: 29125K(29440K)->29125K(29440K) NonClass: 24240K(24384K)->24240K(24384K) Class: 4885K(5056K)->4885K(5056K)
[7270.373s][info][gc             ] GC(2357) Pause Young (Allocation Failure) 7550M->5240M(7653M) 108.766ms
[7270.373s][info][gc,cpu         ] GC(2357) User=0.61s Sys=0.04s Real=0.11s
.[7271.879s][info][gc,start       ] GC(2358) Pause Young (Allocation Failure)
[7271.985s][info][gc,heap        ] GC(2358) PSYoungGen: 2624992K(2628608K)->149120K(2631168K) Eden: 2466304K(2466304K)->0K(2466304K) From: 158688K(162304K)->149120K(164864K)
[7271.985s][info][gc,heap        ] GC(2358) ParOldGen: 5208000K(5208064K)->5303240K(5303296K)
[7271.985s][info][gc,metaspace   ] GC(2358) Metaspace: 29125K(29440K)->29125K(29440K) NonClass: 24240K(24384K)->24240K(24384K) Class: 4885K(5056K)->4885K(5056K)
[7271.985s][info][gc             ] GC(2358) Pause Young (Allocation Failure) 7649M->5324M(7748M) 105.698ms
[7271.985s][info][gc,cpu         ] GC(2358) User=0.59s Sys=0.03s Real=0.10s
..[7273.540s][info][gc,start       ] GC(2359) Pause Young (Allocation Failure)
[7273.649s][info][gc,heap        ] GC(2359) PSYoungGen: 2615424K(2631168K)->148368K(2628096K) Eden: 2466304K(2466304K)->0K(2467840K) From: 149120K(164864K)->148368K(160256K)
[7273.649s][info][gc,heap        ] GC(2359) ParOldGen: 5303240K(5303296K)->5397304K(5397504K)
[7273.649s][info][gc,metaspace   ] GC(2359) Metaspace: 29125K(29440K)->29125K(29440K) NonClass: 24240K(24384K)->24240K(24384K) Class: 4885K(5056K)->4885K(5056K)
[7273.649s][info][gc             ] GC(2359) Pause Young (Allocation Failure) 7733M->5415M(7837M) 109.018ms
[7273.649s][info][gc,cpu         ] GC(2359) User=0.61s Sys=0.04s Real=0.11s
.[7275.190s][info][gc,start       ] GC(2360) Pause Young (Allocation Failure)
[7275.297s][info][gc,heap        ] GC(2360) PSYoungGen: 2616208K(2628096K)->154720K(2630144K) Eden: 2467840K(2467840K)->0K(2467840K) From: 148368K(160256K)->154720K(162304K)
[7275.297s][info][gc,heap        ] GC(2360) ParOldGen: 5397304K(5397504K)->5486920K(5487104K)
[7275.297s][info][gc,metaspace   ] GC(2360) Metaspace: 29125K(29440K)->29125K(29440K) NonClass: 24240K(24384K)->24240K(24384K) Class: 4885K(5056K)->4885K(5056K)
[7275.297s][info][gc             ] GC(2360) Pause Young (Allocation Failure) 7825M->5509M(7927M) 107.616ms
[7275.297s][info][gc,cpu         ] GC(2360) User=0.60s Sys=0.03s Real=0.10s
..[7276.935s][info][gc,start       ] GC(2361) Pause Young (Allocation Failure)
[7277.041s][info][gc,heap        ] GC(2361) PSYoungGen: 2622560K(2630144K)->141856K(2632192K) Eden: 2467840K(2467840K)->0K(2469376K) From: 154720K(162304K)->141856K(162816K)
[7277.041s][info][gc,heap        ] GC(2361) ParOldGen: 5486920K(5487104K)->5582712K(5582848K)
[7277.041s][info][gc,metaspace   ] GC(2361) Metaspace: 29125K(29440K)->29125K(29440K) NonClass: 24240K(24384K)->24240K(24384K) Class: 4885K(5056K)->4885K(5056K)
[7277.041s][info][gc             ] GC(2361) Pause Young (Allocation Failure) 7919M->5590M(8022M) 106.227ms
[7277.041s][info][gc,cpu         ] GC(2361) User=0.59s Sys=0.03s Real=0.11s
..[7278.557s][info][gc,start       ] GC(2362) Pause Full (Allocation Failure)
[7278.557s][info][gc,phases,start] GC(2362) Marking Phase
[7278.905s][info][gc,phases      ] GC(2362) Marking Phase 347.861ms
[7278.905s][info][gc,phases,start] GC(2362) Summary Phase
[7278.905s][info][gc,phases      ] GC(2362) Summary Phase 0.095ms
[7278.905s][info][gc,phases,start] GC(2362) Forward
[7279.037s][info][gc,phases      ] GC(2362) Forward 132.160ms
[7279.037s][info][gc,phases,start] GC(2362) Adjust Pointers
[7279.238s][info][gc,phases      ] GC(2362) Adjust Pointers 200.987ms
[7279.238s][info][gc,phases,start] GC(2362) Compaction Phase
[7279.367s][info][gc,phases      ] GC(2362) Compaction Phase 128.970ms
[7279.368s][info][gc,phases,start] GC(2362) Post Compact
[7279.375s][info][gc,phases      ] GC(2362) Post Compact 6.945ms
[7279.507s][info][gc,heap        ] GC(2362) PSYoungGen: 2611232K(2632192K)->0K(2632704K) Eden: 2469376K(2469376K)->0K(2469376K) From: 141856K(162816K)->0K(163328K)
[7279.507s][info][gc,heap        ] GC(2362) ParOldGen: 5582712K(5582848K)->1437074K(1793024K)
[7279.507s][info][gc,metaspace   ] GC(2362) Metaspace: 29125K(29440K)->29125K(29440K) NonClass: 24240K(24384K)->24240K(24384K) Class: 4885K(5056K)->4885K(5056K)
[7279.507s][info][gc             ] GC(2362) Pause Full (Allocation Failure) 8001M->1403M(4322M) 949.788ms
[7279.507s][info][gc,cpu         ] GC(2362) User=4.13s Sys=0.14s Real=0.95s
..[7281.031s][info][gc,start       ] GC(2363) Pause Young (Allocation Failure)
[7281.107s][info][gc,heap        ] GC(2363) PSYoungGen: 2469376K(2632704K)->159257K(2628608K) Eden: 2469376K(2469376K)->0K(2465280K) From: 0K(163328K)->159257K(163328K)
[7281.107s][info][gc,heap        ] GC(2363) ParOldGen: 1437074K(1793024K)->1437074K(1793024K)
[7281.107s][info][gc,metaspace   ] GC(2363) Metaspace: 29125K(29440K)->29125K(29440K) NonClass: 24240K(24384K)->24240K(24384K) Class: 4885K(5056K)->4885K(5056K)
[7281.107s][info][gc             ] GC(2363) Pause Young (Allocation Failure) 3814M->1558M(4318M) 76.787ms
[7281.107s][info][gc,cpu         ] GC(2363) User=0.45s Sys=0.00s Real=0.07s
.[7282.528s][info][gc,start       ] GC(2364) Pause Young (Allocation Failure)
[7282.629s][info][gc,heap        ] GC(2364) PSYoungGen: 2624537K(2628608K)->162068K(2627584K) Eden: 2465280K(2465280K)->0K(2465280K) From: 159257K(163328K)->162068K(162304K)
[7282.629s][info][gc,heap        ] GC(2364) ParOldGen: 1437074K(1793024K)->1528266K(1793024K)
[7282.629s][info][gc,metaspace   ] GC(2364) Metaspace: 29125K(29440K)->29125K(29440K) NonClass: 24240K(24384K)->24240K(24384K) Class: 4885K(5056K)->4885K(5056K)
[7282.629s][info][gc             ] GC(2364) Pause Young (Allocation Failure) 3966M->1650M(4317M) 101.306ms
[7282.629s][info][gc,cpu         ] GC(2364) User=0.61s Sys=0.00s Real=0.11s
.[7284.234s][info][gc,start       ] GC(2365) Pause Young (Allocation Failure)
[7284.333s][info][gc,heap        ] GC(2365) PSYoungGen: 2627348K(2627584K)->145145K(2628096K) Eden: 2465280K(2465280K)->0K(2459648K) From: 162068K(162304K)->145145K(168448K)
[7284.333s][info][gc,heap        ] GC(2365) ParOldGen: 1528266K(1793024K)->1626074K(1793024K)
[7284.333s][info][gc,metaspace   ] GC(2365) Metaspace: 29125K(29440K)->29125K(29440K) NonClass: 24240K(24384K)->24240K(24384K) Class: 4885K(5056K)->4885K(5056K)
[7284.333s][info][gc             ] GC(2365) Pause Young (Allocation Failure) 4058M->1729M(4317M) 98.172ms
[7284.333s][info][gc,cpu         ] GC(2365) User=0.58s Sys=0.00s Real=0.10s
..[7285.755s][info][gc,start       ] GC(2366) Pause Young (Allocation Failure)
[7285.855s][info][gc,heap        ] GC(2366) PSYoungGen: 2604793K(2628096K)->157112K(2627584K) Eden: 2459648K(2459648K)->0K(2459648K) From: 145145K(168448K)->157112K(167936K)
[7285.855s][info][gc,heap        ] GC(2366) ParOldGen: 1626074K(1793024K)->1709746K(1793024K)
[7285.855s][info][gc,metaspace   ] GC(2366) Metaspace: 29125K(29440K)->29125K(29440K) NonClass: 24240K(24384K)->24240K(24384K) Class: 4885K(5056K)->4885K(5056K)
[7285.855s][info][gc             ] GC(2366) Pause Young (Allocation Failure) 4131M->1823M(4317M) 100.373ms
[7285.856s][info][gc,cpu         ] GC(2366) User=0.59s Sys=0.00s Real=0.10s
.[7287.351s][info][gc,start       ] GC(2367) Pause Young (Allocation Failure)
[7287.447s][info][gc,heap        ] GC(2367) PSYoungGen: 2616760K(2627584K)->140384K(2627584K) Eden: 2459648K(2459648K)->0K(2459136K) From: 157112K(167936K)->140384K(168448K)
[7287.447s][info][gc,heap        ] GC(2367) ParOldGen: 1709746K(1793024K)->1806514K(1806848K)
[7287.447s][info][gc,metaspace   ] GC(2367) Metaspace: 29125K(29440K)->29125K(29440K) NonClass: 24240K(24384K)->24240K(24384K) Class: 4885K(5056K)->4885K(5056K)
[7287.447s][info][gc             ] GC(2367) Pause Young (Allocation Failure) 4225M->1901M(4330M) 96.394ms
[7287.447s][info][gc,cpu         ] GC(2367) User=0.56s Sys=0.01s Real=0.09s
..[7289.003s][info][gc,start       ] GC(2368) Pause Young (Allocation Failure)
[7289.102s][info][gc,heap        ] GC(2368) PSYoungGen: 2599520K(2627584K)->138912K(2598400K) Eden: 2459136K(2459136K)->0K(2459136K) From: 140384K(168448K)->138912K(139264K)
[7289.102s][info][gc,heap        ] GC(2368) ParOldGen: 1806514K(1806848K)->1899098K(1899520K)
[7289.102s][info][gc,metaspace   ] GC(2368) Metaspace: 29125K(29440K)->29125K(29440K) NonClass: 24240K(24384K)->24240K(24384K) Class: 4885K(5056K)->4885K(5056K)
[7289.102s][info][gc             ] GC(2368) Pause Young (Allocation Failure) 4302M->1990M(4392M) 98.594ms
[7289.102s][info][gc,cpu         ] GC(2368) User=0.55s Sys=0.03s Real=0.10s
.[7290.555s][info][gc,start       ] GC(2369) Pause Young (Allocation Failure)
[7290.651s][info][gc,heap        ] GC(2369) PSYoungGen: 2598048K(2598400K)->139264K(2627584K) Eden: 2459136K(2459136K)->0K(2458624K) From: 138912K(139264K)->139264K(168960K)
[7290.651s][info][gc,heap        ] GC(2369) ParOldGen: 1899098K(1899520K)->1989538K(1989632K)
[7290.651s][info][gc,metaspace   ] GC(2369) Metaspace: 29125K(29440K)->29125K(29440K) NonClass: 24240K(24384K)->24240K(24384K) Class: 4885K(5056K)->4885K(5056K)
[7290.651s][info][gc             ] GC(2369) Pause Young (Allocation Failure) 4391M->2078M(4509M) 96.301ms
[7290.651s][info][gc,cpu         ] GC(2369) User=0.54s Sys=0.02s Real=0.10s
..[7292.204s][info][gc,start       ] GC(2370) Pause Young (Allocation Failure)
[7292.305s][info][gc,heap        ] GC(2370) PSYoungGen: 2597888K(2627584K)->148512K(2607616K) Eden: 2458624K(2458624K)->0K(2458624K) From: 139264K(168960K)->148512K(148992K)
[7292.305s][info][gc,heap        ] GC(2370) ParOldGen: 1989538K(1989632K)->2082906K(2083328K)
[7292.306s][info][gc,metaspace   ] GC(2370) Metaspace: 29125K(29440K)->29125K(29440K) NonClass: 24240K(24384K)->24240K(24384K) Class: 4885K(5056K)->4885K(5056K)
[7292.306s][info][gc             ] GC(2370) Pause Young (Allocation Failure) 4479M->2179M(4581M) 101.942ms
[7292.306s][info][gc,cpu         ] GC(2370) User=0.57s Sys=0.03s Real=0.10s
.[7293.867s][info][gc,start       ] GC(2371) Pause Young (Allocation Failure)
[7293.967s][info][gc,heap        ] GC(2371) PSYoungGen: 2607136K(2607616K)->143488K(2625536K) Eden: 2458624K(2458624K)->0K(2459136K) From: 148512K(148992K)->143488K(166400K)
[7293.967s][info][gc,heap        ] GC(2371) ParOldGen: 2082906K(2083328K)->2176026K(2176512K)
[7293.967s][info][gc,metaspace   ] GC(2371) Metaspace: 29125K(29440K)->29125K(29440K) NonClass: 24240K(24384K)->24240K(24384K) Class: 4885K(5056K)->4885K(5056K)
[7293.967s][info][gc             ] GC(2371) Pause Young (Allocation Failure) 4580M->2265M(4689M) 99.747ms
[7293.967s][info][gc,cpu         ] GC(2371) User=0.56s Sys=0.03s Real=0.10s
..[7295.465s][info][gc,start       ] GC(2372) Pause Young (Allocation Failure)
[7295.564s][info][gc,heap        ] GC(2372) PSYoungGen: 2602624K(2625536K)->139808K(2625024K) Eden: 2459136K(2459136K)->0K(2459136K) From: 143488K(166400K)->139808K(165888K)
[7295.564s][info][gc,heap        ] GC(2372) ParOldGen: 2176026K(2176512K)->2266730K(2267136K)
[7295.564s][info][gc,metaspace   ] GC(2372) Metaspace: 29125K(29440K)->29125K(29440K) NonClass: 24240K(24384K)->24240K(24384K) Class: 4885K(5056K)->4885K(5056K)
[7295.564s][info][gc             ] GC(2372) Pause Young (Allocation Failure) 4666M->2350M(4777M) 98.086ms
[7295.564s][info][gc,cpu         ] GC(2372) User=0.54s Sys=0.03s Real=0.10s
.[7297.074s][info][gc,start       ] GC(2373) Pause Young (Allocation Failure)
[7297.182s][info][gc,heap        ] GC(2373) PSYoungGen: 2598944K(2625024K)->162345K(2623488K) Eden: 2459136K(2459136K)->0K(2458112K) From: 139808K(165888K)->162345K(165376K)
[7297.182s][info][gc,heap        ] GC(2373) ParOldGen: 2266730K(2267136K)->2358138K(2358272K)
[7297.182s][info][gc,metaspace   ] GC(2373) Metaspace: 29125K(29440K)->29125K(29440K) NonClass: 24240K(24384K)->24240K(24384K) Class: 4885K(5056K)->4885K(5056K)
[7297.182s][info][gc             ] GC(2373) Pause Young (Allocation Failure) 4751M->2461M(4865M) 107.405ms
[7297.182s][info][gc,cpu         ] GC(2373) User=0.60s Sys=0.03s Real=0.11s
..[7298.798s][info][gc,start       ] GC(2374) Pause Young (Allocation Failure)
[7298.898s][info][gc,heap        ] GC(2374) PSYoungGen: 2620457K(2623488K)->142372K(2627072K) Eden: 2458112K(2458112K)->0K(2458112K) From: 162345K(165376K)->142372K(168960K)
[7298.898s][info][gc,heap        ] GC(2374) ParOldGen: 2358138K(2358272K)->2453922K(2454016K)
[7298.898s][info][gc,metaspace   ] GC(2374) Metaspace: 29125K(29440K)->29125K(29440K) NonClass: 24240K(24384K)->24240K(24384K) Class: 4885K(5056K)->4885K(5056K)
[7298.898s][info][gc             ] GC(2374) Pause Young (Allocation Failure) 4861M->2535M(4962M) 100.548ms
[7298.898s][info][gc,cpu         ] GC(2374) User=0.57s Sys=0.02s Real=0.10s
.[7300.312s][info][gc,start       ] GC(2375) Pause Young (Allocation Failure)
[7300.412s][info][gc,heap        ] GC(2375) PSYoungGen: 2600484K(2627072K)->145664K(2622976K) Eden: 2458112K(2458112K)->0K(2459136K) From: 142372K(168960K)->145664K(163840K)
[7300.412s][info][gc,heap        ] GC(2375) ParOldGen: 2453922K(2454016K)->2540946K(2541056K)
[7300.412s][info][gc,metaspace   ] GC(2375) Metaspace: 29125K(29440K)->29125K(29440K) NonClass: 24240K(24384K)->24240K(24384K) Class: 4885K(5056K)->4885K(5056K)
[7300.412s][info][gc             ] GC(2375) Pause Young (Allocation Failure) 4935M->2623M(5043M) 100.000ms
[7300.412s][info][gc,cpu         ] GC(2375) User=0.55s Sys=0.03s Real=0.10s
..[7302.033s][info][gc,start       ] GC(2376) Pause Young (Allocation Failure)
[7302.137s][info][gc,heap        ] GC(2376) PSYoungGen: 2604800K(2622976K)->149556K(2625536K) Eden: 2459136K(2459136K)->0K(2459136K) From: 145664K(163840K)->149556K(166400K)
[7302.137s][info][gc,heap        ] GC(2376) ParOldGen: 2540946K(2541056K)->2637194K(2637312K)
[7302.137s][info][gc,metaspace   ] GC(2376) Metaspace: 29125K(29440K)->29125K(29440K) NonClass: 24240K(24384K)->24240K(24384K) Class: 4885K(5056K)->4885K(5056K)
[7302.137s][info][gc             ] GC(2376) Pause Young (Allocation Failure) 5025M->2721M(5139M) 103.829ms
[7302.137s][info][gc,cpu         ] GC(2376) User=0.59s Sys=0.03s Real=0.10s
..[7303.726s][info][gc,start       ] GC(2377) Pause Young (Allocation Failure)
[7303.837s][info][gc,heap        ] GC(2377) PSYoungGen: 2608692K(2625536K)->162523K(2623488K) Eden: 2459136K(2459136K)->0K(2458112K) From: 149556K(166400K)->162523K(165376K)
[7303.837s][info][gc,heap        ] GC(2377) ParOldGen: 2637194K(2637312K)->2726114K(2726400K)
[7303.837s][info][gc,metaspace   ] GC(2377) Metaspace: 29125K(29440K)->29125K(29440K) NonClass: 24240K(24384K)->24240K(24384K) Class: 4885K(5056K)->4885K(5056K)
[7303.837s][info][gc             ] GC(2377) Pause Young (Allocation Failure) 5122M->2820M(5224M) 110.946ms
[7303.837s][info][gc,cpu         ] GC(2377) User=0.63s Sys=0.02s Real=0.11s
.[7305.346s][info][gc,start       ] GC(2378) Pause Young (Allocation Failure)
[7305.447s][info][gc,heap        ] GC(2378) PSYoungGen: 2620635K(2623488K)->142144K(2627072K) Eden: 2458112K(2458112K)->0K(2458112K) From: 162523K(165376K)->142144K(168960K)
[7305.447s][info][gc,heap        ] GC(2378) ParOldGen: 2726114K(2726400K)->2819362K(2819584K)
[7305.447s][info][gc,metaspace   ] GC(2378) Metaspace: 29125K(29440K)->29125K(29440K) NonClass: 24240K(24384K)->24240K(24384K) Class: 4885K(5056K)->4885K(5056K)
[7305.447s][info][gc             ] GC(2378) Pause Young (Allocation Failure) 5221M->2892M(5319M) 101.408ms
[7305.447s][info][gc,cpu         ] GC(2378) User=0.57s Sys=0.03s Real=0.10s
.. (rIR:aIR:PR = 12177:12167:12167) (tPR = 180223) [OK] 
  7306s: Performance info:
         Transaction,    Success,    Partial,     Failed,   Receipts, AvgBarcode, 
             Overall,     732689,          0,          0,     696330,      59.48, 
         Response times:
             Request,    Success,    Partial,     Failed,   SkipFail,     Probes,    Samples,      min,      p50,      p90,      p95,      p99,      max, 
       TotalPurchase,     695991,          0,          0,          0,     256449,     487909,      300,   165000,   462000,   650000,  1200000,  1600000,
     InStorePurchase,     367578,          0,          0,          0,     135245,     256127,      300,   167000,   466000,   650000,  1100000,  1600000,
      OnlinePurchase,     256082,          0,          0,          0,      93410,     179127,      300,   163000,   456000,   670000,  1200000,  1600000,
        InstPurchase,      72331,          0,          0,          0,      27794,      52655,      400,   165000,   456000,   650000,  1100000,  1500000,
          AssocOfCat,        735,          0,          0,          0,        522,        985,    29000,   211000,   491000,   579100,   990000,  1200000,
      AssocOfProduct,       7186,          0,          0,          0,       2832,       4962,     2600,   169000,   474000,   610000,   860000,   890000,
      BusinessReport,       1838,          0,          0,          0,       1313,       2399,    34000,   239000,   588000,   710000,   820000,  1300000,
          CustBuyBeh,       7451,          0,          0,          0,       2800,       4900,     1200,   168000,   441900,   565000,   870000,   890000,
       ProductReturn,      19135,          0,          0,          0,       6911,      12954,      200,   159000,   391000,   472000,   740000,  1200000,

  7306s: (89%)   IR =  12315 [7307.036s][info][gc,start       ] GC(2379) Pause Young (Allocation Failure)
[7307.143s][info][gc,heap        ] GC(2379) PSYoungGen: 2600256K(2627072K)->157961K(2624512K) Eden: 2458112K(2458112K)->0K(2456064K) From: 142144K(168960K)->157961K(168448K)
[7307.143s][info][gc,heap        ] GC(2379) ParOldGen: 2819362K(2819584K)->2910898K(2911232K)
[7307.143s][info][gc,metaspace   ] GC(2379) Metaspace: 29125K(29440K)->29125K(29440K) NonClass: 24240K(24384K)->24240K(24384K) Class: 4885K(5056K)->4885K(5056K)
[7307.143s][info][gc             ] GC(2379) Pause Young (Allocation Failure) 5292M->2996M(5406M) 106.732ms
[7307.143s][info][gc,cpu         ] GC(2379) User=0.61s Sys=0.04s Real=0.11s
..[7308.736s][info][gc,start       ] GC(2380) Pause Young (Allocation Failure)
[7308.840s][info][gc,heap        ] GC(2380) PSYoungGen: 2614025K(2624512K)->147328K(2626048K) Eden: 2456064K(2456064K)->0K(2456064K) From: 157961K(168448K)->147328K(169984K)
[7308.840s][info][gc,heap        ] GC(2380) ParOldGen: 2910898K(2911232K)->3004554K(3004928K)
[7308.840s][info][gc,metaspace   ] GC(2380) Metaspace: 29125K(29440K)->29125K(29440K) NonClass: 24240K(24384K)->24240K(24384K) Class: 4885K(5056K)->4885K(5056K)
[7308.840s][info][gc             ] GC(2380) Pause Young (Allocation Failure) 5395M->3078M(5499M) 103.383ms
[7308.840s][info][gc,cpu         ] GC(2380) User=0.58s Sys=0.03s Real=0.11s
.[7310.380s][info][gc,start       ] GC(2381) Pause Young (Allocation Failure)
[7310.485s][info][gc,heap        ] GC(2381) PSYoungGen: 2603392K(2626048K)->149396K(2621952K) Eden: 2456064K(2456064K)->0K(2457600K) From: 147328K(169984K)->149396K(164352K)
[7310.485s][info][gc,heap        ] GC(2381) ParOldGen: 3004554K(3004928K)->3094762K(3095040K)
[7310.485s][info][gc,metaspace   ] GC(2381) Metaspace: 29125K(29440K)->29125K(29440K) NonClass: 24240K(24384K)->24240K(24384K) Class: 4885K(5056K)->4885K(5056K)
[7310.485s][info][gc             ] GC(2381) Pause Young (Allocation Failure) 5476M->3168M(5583M) 104.656ms
[7310.485s][info][gc,cpu         ] GC(2381) User=0.59s Sys=0.02s Real=0.10s
..[7311.993s][info][gc,start       ] GC(2382) Pause Young (Allocation Failure)
[7312.099s][info][gc,heap        ] GC(2382) PSYoungGen: 2606996K(2621952K)->155760K(2624000K) Eden: 2457600K(2457600K)->0K(2457600K) From: 149396K(164352K)->155760K(166400K)
[7312.099s][info][gc,heap        ] GC(2382) ParOldGen: 3094762K(3095040K)->3185186K(3185664K)
[7312.099s][info][gc,metaspace   ] GC(2382) Metaspace: 29125K(29440K)->29125K(29440K) NonClass: 24240K(24384K)->24240K(24384K) Class: 4885K(5056K)->4885K(5056K)
[7312.099s][info][gc             ] GC(2382) Pause Young (Allocation Failure) 5568M->3262M(5673M) 106.338ms
[7312.099s][info][gc,cpu         ] GC(2382) User=0.59s Sys=0.03s Real=0.11s
.[7313.672s][info][gc,start       ] GC(2383) Pause Young (Allocation Failure)
[7313.815s][info][gc,heap        ] GC(2383) PSYoungGen: 2613360K(2624000K)->145136K(2629120K) Eden: 2457600K(2457600K)->0K(2462720K) From: 155760K(166400K)->145136K(166400K)
[7313.815s][info][gc,heap        ] GC(2383) ParOldGen: 3185186K(3185664K)->3281994K(3282432K)
[7313.815s][info][gc,metaspace   ] GC(2383) Metaspace: 29125K(29440K)->29125K(29440K) NonClass: 24240K(24384K)->24240K(24384K) Class: 4885K(5056K)->4885K(5056K)
[7313.815s][info][gc             ] GC(2383) Pause Young (Allocation Failure) 5662M->3346M(5773M) 142.948ms
[7313.815s][info][gc,cpu         ] GC(2383) User=0.57s Sys=0.04s Real=0.14s
..[7315.355s][info][gc,start       ] GC(2384) Pause Young (Allocation Failure)
[7315.459s][info][gc,heap        ] GC(2384) PSYoungGen: 2607856K(2629120K)->151973K(2614784K) Eden: 2462720K(2462720K)->0K(2462720K) From: 145136K(166400K)->151973K(152064K)
[7315.459s][info][gc,heap        ] GC(2384) ParOldGen: 3281994K(3282432K)->3370058K(3370496K)
[7315.459s][info][gc,metaspace   ] GC(2384) Metaspace: 29125K(29440K)->29125K(29440K) NonClass: 24240K(24384K)->24240K(24384K) Class: 4885K(5056K)->4885K(5056K)
[7315.459s][info][gc             ] GC(2384) Pause Young (Allocation Failure) 5751M->3439M(5845M) 104.273ms
[7315.459s][info][gc,cpu         ] GC(2384) User=0.59s Sys=0.03s Real=0.11s
.[7317.015s][info][gc,start       ] GC(2385) Pause Young (Allocation Failure)
[7317.120s][info][gc,heap        ] GC(2385) PSYoungGen: 2614693K(2614784K)->149844K(2630144K) Eden: 2462720K(2462720K)->0K(2464768K) From: 151973K(152064K)->149844K(165376K)
[7317.120s][info][gc,heap        ] GC(2385) ParOldGen: 3370058K(3370496K)->3464522K(3464704K)
[7317.120s][info][gc,metaspace   ] GC(2385) Metaspace: 29125K(29440K)->29125K(29440K) NonClass: 24240K(24384K)->24240K(24384K) Class: 4885K(5056K)->4885K(5056K)
[7317.120s][info][gc             ] GC(2385) Pause Young (Allocation Failure) 5844M->3529M(5952M) 105.457ms
[7317.120s][info][gc,cpu         ] GC(2385) User=0.59s Sys=0.03s Real=0.11s
..[7318.627s][info][gc,start       ] GC(2386) Pause Young (Allocation Failure)
[7318.777s][info][gc,heap        ] GC(2386) PSYoungGen: 2614612K(2630144K)->148784K(2628608K) Eden: 2464768K(2464768K)->0K(2464768K) From: 149844K(165376K)->148784K(163840K)
[7318.777s][info][gc,heap        ] GC(2386) ParOldGen: 3464522K(3464704K)->3554810K(3554816K)
[7318.777s][info][gc,metaspace   ] GC(2386) Metaspace: 29125K(29440K)->29125K(29440K) NonClass: 24240K(24384K)->24240K(24384K) Class: 4885K(5056K)->4885K(5056K)
[7318.777s][info][gc             ] GC(2386) Pause Young (Allocation Failure) 5936M->3616M(6038M) 150.050ms
[7318.777s][info][gc,cpu         ] GC(2386) User=0.58s Sys=0.02s Real=0.15s
..|[7320.280s][info][gc,start       ] GC(2387) Pause Young (Allocation Failure)
[7320.383s][info][gc,heap        ] GC(2387) PSYoungGen: 2613552K(2628608K)->151264K(2630144K) Eden: 2464768K(2464768K)->0K(2467328K) From: 148784K(163840K)->151264K(162816K)
[7320.383s][info][gc,heap        ] GC(2387) ParOldGen: 3554810K(3554816K)->3649674K(3650048K)
[7320.383s][info][gc,metaspace   ] GC(2387) Metaspace: 29125K(29440K)->29125K(29440K) NonClass: 24240K(24384K)->24240K(24384K) Class: 4885K(5056K)->4885K(5056K)
[7320.383s][info][gc             ] GC(2387) Pause Young (Allocation Failure) 6023M->3711M(6133M) 103.655ms
[7320.383s][info][gc,cpu         ] GC(2387) User=0.58s Sys=0.03s Real=0.10s
.[7321.929s][info][gc,start       ] GC(2388) Pause Young (Allocation Failure)
[7322.032s][info][gc,heap        ] GC(2388) PSYoungGen: 2618592K(2630144K)->147104K(2629632K) Eden: 2467328K(2467328K)->0K(2467328K) From: 151264K(162816K)->147104K(162304K)
[7322.032s][info][gc,heap        ] GC(2388) ParOldGen: 3649674K(3650048K)->3740634K(3740672K)
[7322.032s][info][gc,metaspace   ] GC(2388) Metaspace: 29125K(29440K)->29125K(29440K) NonClass: 24240K(24384K)->24240K(24384K) Class: 4885K(5056K)->4885K(5056K)
[7322.032s][info][gc             ] GC(2388) Pause Young (Allocation Failure) 6121M->3796M(6221M) 102.932ms
[7322.032s][info][gc,cpu         ] GC(2388) User=0.58s Sys=0.03s Real=0.10s
..[7323.557s][info][gc,start       ] GC(2389) Pause Young (Allocation Failure)
[7323.660s][info][gc,heap        ] GC(2389) PSYoungGen: 2614432K(2629632K)->147424K(2632704K) Eden: 2467328K(2467328K)->0K(2471424K) From: 147104K(162304K)->147424K(161280K)
[7323.660s][info][gc,heap        ] GC(2389) ParOldGen: 3740634K(3740672K)->3832970K(3833344K)
[7323.660s][info][gc,metaspace   ] GC(2389) Metaspace: 29125K(29440K)->29125K(29440K) NonClass: 24240K(24384K)->24240K(24384K) Class: 4885K(5056K)->4885K(5056K)
[7323.660s][info][gc             ] GC(2389) Pause Young (Allocation Failure) 6206M->3887M(6314M) 103.249ms
[7323.660s][info][gc,cpu         ] GC(2389) User=0.58s Sys=0.02s Real=0.11s
.[7325.214s][info][gc,start       ] GC(2390) Pause Young (Allocation Failure)
[7325.323s][info][gc,heap        ] GC(2390) PSYoungGen: 2618848K(2632704K)->160148K(2632192K) Eden: 2471424K(2471424K)->0K(2471424K) From: 147424K(161280K)->160148K(160768K)
[7325.323s][info][gc,heap        ] GC(2390) ParOldGen: 3832970K(3833344K)->3925162K(3925504K)
[7325.323s][info][gc,metaspace   ] GC(2390) Metaspace: 29125K(29440K)->29125K(29440K) NonClass: 24240K(24384K)->24240K(24384K) Class: 4885K(5056K)->4885K(5056K)
[7325.323s][info][gc             ] GC(2390) Pause Young (Allocation Failure) 6300M->3989M(6404M) 109.116ms
[7325.323s][info][gc,cpu         ] GC(2390) User=0.62s Sys=0.02s Real=0.11s
..[7326.919s][info][gc,start       ] GC(2391) Pause Young (Allocation Failure)
[7327.020s][info][gc,heap        ] GC(2391) PSYoungGen: 2631572K(2632192K)->144384K(2632704K) Eden: 2471424K(2471424K)->0K(2469376K) From: 160148K(160768K)->144384K(163328K)
[7327.020s][info][gc,heap        ] GC(2391) ParOldGen: 3925162K(3925504K)->4017714K(4018176K)
[7327.020s][info][gc,metaspace   ] GC(2391) Metaspace: 29125K(29440K)->29125K(29440K) NonClass: 24240K(24384K)->24240K(24384K) Class: 4885K(5056K)->4885K(5056K)
[7327.020s][info][gc             ] GC(2391) Pause Young (Allocation Failure) 6403M->4064M(6495M) 100.832ms
[7327.020s][info][gc,cpu         ] GC(2391) User=0.56s Sys=0.03s Real=0.10s
.[7328.517s][info][gc,start       ] GC(2392) Pause Young (Allocation Failure)
[7328.621s][info][gc,heap        ] GC(2392) PSYoungGen: 2613760K(2632704K)->149808K(2619392K) Eden: 2469376K(2469376K)->0K(2469376K) From: 144384K(163328K)->149808K(150016K)
[7328.621s][info][gc,heap        ] GC(2392) ParOldGen: 4017714K(4018176K)->4108874K(4109312K)
[7328.621s][info][gc,metaspace   ] GC(2392) Metaspace: 29125K(29440K)->29125K(29440K) NonClass: 24240K(24384K)->24240K(24384K) Class: 4885K(5056K)->4885K(5056K)
[7328.621s][info][gc             ] GC(2392) Pause Young (Allocation Failure) 6476M->4158M(6571M) 104.225ms
[7328.621s][info][gc,cpu         ] GC(2392) User=0.58s Sys=0.03s Real=0.11s
..[7330.183s][info][gc,start       ] GC(2393) Pause Young (Allocation Failure)
[7330.291s][info][gc,heap        ] GC(2393) PSYoungGen: 2619184K(2619392K)->155652K(2630144K) Eden: 2469376K(2469376K)->0K(2468352K) From: 149808K(150016K)->155652K(161792K)
[7330.291s][info][gc,heap        ] GC(2393) ParOldGen: 4108874K(4109312K)->4200482K(4200960K)
[7330.291s][info][gc,metaspace   ] GC(2393) Metaspace: 29125K(29440K)->29125K(29440K) NonClass: 24240K(24384K)->24240K(24384K) Class: 4885K(5056K)->4885K(5056K)
[7330.291s][info][gc             ] GC(2393) Pause Young (Allocation Failure) 6570M->4254M(6671M) 108.286ms
[7330.292s][info][gc,cpu         ] GC(2393) User=0.61s Sys=0.02s Real=0.11s
.[7331.865s][info][gc,start       ] GC(2394) Pause Young (Allocation Failure)
[7331.968s][info][gc,heap        ] GC(2394) PSYoungGen: 2624004K(2630144K)->145920K(2631168K) Eden: 2468352K(2468352K)->0K(2468352K) From: 155652K(161792K)->145920K(162816K)
[7331.968s][info][gc,heap        ] GC(2394) ParOldGen: 4200482K(4200960K)->4294170K(4294656K)
[7331.968s][info][gc,metaspace   ] GC(2394) Metaspace: 29125K(29440K)->29125K(29440K) NonClass: 24240K(24384K)->24240K(24384K) Class: 4885K(5056K)->4885K(5056K)
[7331.968s][info][gc             ] GC(2394) Pause Young (Allocation Failure) 6664M->4336M(6763M) 103.384ms
[7331.968s][info][gc,cpu         ] GC(2394) User=0.58s Sys=0.03s Real=0.10s
..[7333.469s][info][gc,start       ] GC(2395) Pause Young (Allocation Failure)
[7333.576s][info][gc,heap        ] GC(2395) PSYoungGen: 2614272K(2631168K)->152436K(2632704K) Eden: 2468352K(2468352K)->0K(2470912K) From: 145920K(162816K)->152436K(161792K)
[7333.576s][info][gc,heap        ] GC(2395) ParOldGen: 4294170K(4294656K)->4384082K(4384256K)
[7333.576s][info][gc,metaspace   ] GC(2395) Metaspace: 29125K(29440K)->29125K(29440K) NonClass: 24240K(24384K)->24240K(24384K) Class: 4885K(5056K)->4885K(5056K)
[7333.576s][info][gc             ] GC(2395) Pause Young (Allocation Failure) 6746M->4430M(6852M) 106.485ms
[7333.576s][info][gc,cpu         ] GC(2395) User=0.60s Sys=0.02s Real=0.10s
..[7335.198s][info][gc,start       ] GC(2396) Pause Young (Allocation Failure)
[7335.312s][info][gc,heap        ] GC(2396) PSYoungGen: 2623348K(2632704K)->161945K(2633216K) Eden: 2470912K(2470912K)->0K(2470912K) From: 152436K(161792K)->161945K(162304K)
[7335.312s][info][gc,heap        ] GC(2396) ParOldGen: 4384082K(4384256K)->4478522K(4478976K)
[7335.312s][info][gc,metaspace   ] GC(2396) Metaspace: 29125K(29440K)->29125K(29440K) NonClass: 24240K(24384K)->24240K(24384K) Class: 4885K(5056K)->4885K(5056K)
[7335.312s][info][gc             ] GC(2396) Pause Young (Allocation Failure) 6843M->4531M(6945M) 114.345ms
[7335.312s][info][gc,cpu         ] GC(2396) User=0.64s Sys=0.04s Real=0.12s
.[7336.882s][info][gc,start       ] GC(2397) Pause Young (Allocation Failure)
[7336.985s][info][gc,heap        ] GC(2397) PSYoungGen: 2632857K(2633216K)->145696K(2629120K) Eden: 2470912K(2470912K)->0K(2466304K) From: 161945K(162304K)->145696K(162816K)
[7336.986s][info][gc,heap        ] GC(2397) ParOldGen: 4478522K(4478976K)->4570018K(4570112K)
[7336.986s][info][gc,metaspace   ] GC(2397) Metaspace: 29125K(29440K)->29125K(29440K) NonClass: 24240K(24384K)->24240K(24384K) Class: 4885K(5056K)->4885K(5056K)
[7336.986s][info][gc             ] GC(2397) Pause Young (Allocation Failure) 6944M->4605M(7030M) 103.483ms
[7336.986s][info][gc,cpu         ] GC(2397) User=0.58s Sys=0.03s Real=0.10s
..[7338.499s][info][gc,start       ] GC(2398) Pause Young (Allocation Failure)
[7338.603s][info][gc,heap        ] GC(2398) PSYoungGen: 2612000K(2629120K)->147353K(2631168K) Eden: 2466304K(2466304K)->0K(2466304K) From: 145696K(162816K)->147353K(164864K)
[7338.603s][info][gc,heap        ] GC(2398) ParOldGen: 4570018K(4570112K)->4663770K(4663808K)
[7338.603s][info][gc,metaspace   ] GC(2398) Metaspace: 29125K(29440K)->29125K(29440K) NonClass: 24240K(24384K)->24240K(24384K) Class: 4885K(5056K)->4885K(5056K)
[7338.603s][info][gc             ] GC(2398) Pause Young (Allocation Failure) 7013M->4698M(7124M) 104.694ms
[7338.603s][info][gc,cpu         ] GC(2398) User=0.58s Sys=0.04s Real=0.10s
[7339.242s][info][gc,start       ] GC(2399) Pause Full (Diagnostic Command)
[7339.242s][info][gc,phases,start] GC(2399) Marking Phase
[7339.532s][info][gc,phases      ] GC(2399) Marking Phase 290.481ms
[7339.532s][info][gc,phases,start] GC(2399) Summary Phase
[7339.532s][info][gc,phases      ] GC(2399) Summary Phase 0.073ms
[7339.532s][info][gc,phases,start] GC(2399) Forward
[7339.780s][info][gc,phases      ] GC(2399) Forward 247.712ms
[7339.780s][info][gc,phases,start] GC(2399) Adjust Pointers
[7339.989s][info][gc,phases      ] GC(2399) Adjust Pointers 209.222ms
[7339.989s][info][gc,phases,start] GC(2399) Compaction Phase
[7340.183s][info][gc,phases      ] GC(2399) Compaction Phase 193.740ms
[7340.186s][info][gc,phases,start] GC(2399) Post Compact
[7340.191s][info][gc,phases      ] GC(2399) Post Compact 4.989ms
[7340.191s][info][gc,heap        ] GC(2399) PSYoungGen: 1188681K(2631168K)->0K(2631168K) Eden: 1041328K(2466304K)->0K(2466304K) From: 147353K(164864K)->0K(164864K)
[7340.191s][info][gc,heap        ] GC(2399) ParOldGen: 4663770K(4663808K)->1164340K(4663808K)
[7340.191s][info][gc,metaspace   ] GC(2399) Metaspace: 29125K(29440K)->29125K(29440K) NonClass: 24240K(24384K)->24240K(24384K) Class: 4885K(5056K)->4885K(5056K)
[7340.191s][info][gc             ] GC(2399) Pause Full (Diagnostic Command) 5715M->1137M(7124M) 949.128ms
[7340.191s][info][gc,cpu         ] GC(2399) User=4.66s Sys=0.01s Real=0.95s
?.[7341.734s][info][gc,start       ] GC(2400) Pause Young (Allocation Failure)
[7341.801s][info][gc,heap        ] GC(2400) PSYoungGen: 2466304K(2631168K)->150272K(2628096K) Eden: 2466304K(2466304K)->0K(2467328K) From: 0K(164864K)->150272K(160768K)
[7341.801s][info][gc,heap        ] GC(2400) ParOldGen: 1164340K(4663808K)->1164340K(4663808K)
[7341.801s][info][gc,metaspace   ] GC(2400) Metaspace: 29125K(29440K)->29125K(29440K) NonClass: 24240K(24384K)->24240K(24384K) Class: 4885K(5056K)->4885K(5056K)
[7341.801s][info][gc             ] GC(2400) Pause Young (Allocation Failure) 3545M->1283M(7121M) 67.047ms
[7341.801s][info][gc,cpu         ] GC(2400) User=0.39s Sys=0.00s Real=0.07s
.[7343.206s][info][gc,start       ] GC(2401) Pause Young (Allocation Failure)
[7343.307s][info][gc,heap        ] GC(2401) PSYoungGen: 2617600K(2628096K)->157891K(2630144K) Eden: 2467328K(2467328K)->0K(2467328K) From: 150272K(160768K)->157891K(162816K)
[7343.307s][info][gc,heap        ] GC(2401) ParOldGen: 1164340K(4663808K)->1257860K(4663808K)
[7343.307s][info][gc,metaspace   ] GC(2401) Metaspace: 29125K(29440K)->29125K(29440K) NonClass: 24240K(24384K)->24240K(24384K) Class: 4885K(5056K)->4885K(5056K)
[7343.307s][info][gc             ] GC(2401) Pause Young (Allocation Failure) 3693M->1382M(7123M) 101.305ms
[7343.307s][info][gc,cpu         ] GC(2401) User=0.61s Sys=0.00s Real=0.10s
..[7344.854s][info][gc,start       ] GC(2402) Pause Young (Allocation Failure)
[7344.950s][info][gc,heap        ] GC(2402) PSYoungGen: 2625219K(2630144K)->145440K(2632192K) Eden: 2467328K(2467328K)->0K(2467840K) From: 157891K(162816K)->145440K(164352K)
[7344.950s][info][gc,heap        ] GC(2402) ParOldGen: 1257860K(4663808K)->1351588K(4663808K)
[7344.950s][info][gc,metaspace   ] GC(2402) Metaspace: 29125K(29440K)->29125K(29440K) NonClass: 24240K(24384K)->24240K(24384K) Class: 4885K(5056K)->4885K(5056K)
[7344.950s][info][gc             ] GC(2402) Pause Young (Allocation Failure) 3792M->1461M(7125M) 96.329ms
[7344.950s][info][gc,cpu         ] GC(2402) User=0.57s Sys=0.00s Real=0.10s
.[7346.481s][info][gc,start       ] GC(2403) Pause Young (Allocation Failure)
[7346.585s][info][gc,heap        ] GC(2403) PSYoungGen: 2613280K(2632192K)->155527K(2631680K) Eden: 2467840K(2467840K)->0K(2467840K) From: 145440K(164352K)->155527K(163840K)
[7346.585s][info][gc,heap        ] GC(2403) ParOldGen: 1351588K(4663808K)->1443756K(4663808K)
[7346.585s][info][gc,metaspace   ] GC(2403) Metaspace: 29125K(29440K)->29125K(29440K) NonClass: 24240K(24384K)->24240K(24384K) Class: 4885K(5056K)->4885K(5056K)
[7346.585s][info][gc             ] GC(2403) Pause Young (Allocation Failure) 3871M->1561M(7124M) 103.752ms
[7346.585s][info][gc,cpu         ] GC(2403) User=0.62s Sys=0.00s Real=0.10s
.[7348.006s][info][gc,start       ] GC(2404) Pause Young (Allocation Failure)
[7348.104s][info][gc,heap        ] GC(2404) PSYoungGen: 2623367K(2631680K)->154528K(2631680K) Eden: 2467840K(2467840K)->0K(2467328K) From: 155527K(163840K)->154528K(164352K)
[7348.104s][info][gc,heap        ] GC(2404) ParOldGen: 1443756K(4663808K)->1534444K(4663808K)
[7348.104s][info][gc,metaspace   ] GC(2404) Metaspace: 29125K(29440K)->29125K(29440K) NonClass: 24240K(24384K)->24240K(24384K) Class: 4885K(5056K)->4885K(5056K)
[7348.104s][info][gc             ] GC(2404) Pause Young (Allocation Failure) 3971M->1649M(7124M) 98.604ms
[7348.104s][info][gc,cpu         ] GC(2404) User=0.58s Sys=0.00s Real=0.10s
..[7349.600s][info][gc,start       ] GC(2405) Pause Young (Allocation Failure)
[7349.740s][info][gc,heap        ] GC(2405) PSYoungGen: 2621856K(2631680K)->137696K(2605056K) Eden: 2467328K(2467328K)->0K(2467328K) From: 154528K(164352K)->137696K(137728K)
[7349.740s][info][gc,heap        ] GC(2405) ParOldGen: 1534444K(4663808K)->1632524K(4663808K)
[7349.740s][info][gc,metaspace   ] GC(2405) Metaspace: 29125K(29440K)->29125K(29440K) NonClass: 24240K(24384K)->24240K(24384K) Class: 4885K(5056K)->4885K(5056K)
[7349.740s][info][gc             ] GC(2405) Pause Young (Allocation Failure) 4058M->1728M(7098M) 140.038ms
[7349.740s][info][gc,cpu         ] GC(2405) User=0.55s Sys=0.01s Real=0.14s
.[7351.185s][info][gc,start       ] GC(2406) Pause Young (Allocation Failure)
[7351.287s][info][gc,heap        ] GC(2406) PSYoungGen: 2605024K(2605056K)->158516K(2627584K) Eden: 2467328K(2467328K)->0K(2462208K) From: 137696K(137728K)->158516K(165376K)
[7351.287s][info][gc,heap        ] GC(2406) ParOldGen: 1632524K(4663808K)->1720780K(4663808K)
[7351.287s][info][gc,metaspace   ] GC(2406) Metaspace: 29125K(29440K)->29125K(29440K) NonClass: 24240K(24384K)->24240K(24384K) Class: 4885K(5056K)->4885K(5056K)
[7351.287s][info][gc             ] GC(2406) Pause Young (Allocation Failure) 4138M->1835M(7120M) 101.423ms
[7351.287s][info][gc,cpu         ] GC(2406) User=0.60s Sys=0.00s Real=0.10s
..[7352.814s][info][gc,start       ] GC(2407) Pause Young (Allocation Failure)
[7352.916s][info][gc,heap        ] GC(2407) PSYoungGen: 2620724K(2627584K)->152612K(2629120K) Eden: 2462208K(2462208K)->0K(2462208K) From: 158516K(165376K)->152612K(166912K)
[7352.916s][info][gc,heap        ] GC(2407) ParOldGen: 1720780K(4663808K)->1814044K(4663808K)
[7352.916s][info][gc,metaspace   ] GC(2407) Metaspace: 29125K(29440K)->29125K(29440K) NonClass: 24240K(24384K)->24240K(24384K) Class: 4885K(5056K)->4885K(5056K)
[7352.916s][info][gc             ] GC(2407) Pause Young (Allocation Failure) 4239M->1920M(7122M) 102.283ms
[7352.916s][info][gc,cpu         ] GC(2407) User=0.61s Sys=0.00s Real=0.10s
.[7354.441s][info][gc,start       ] GC(2408) Pause Young (Allocation Failure)
[7354.541s][info][gc,heap        ] GC(2408) PSYoungGen: 2614820K(2629120K)->149725K(2625536K) Eden: 2462208K(2462208K)->0K(2462720K) From: 152612K(166912K)->149725K(162816K)
[7354.541s][info][gc,heap        ] GC(2408) ParOldGen: 1814044K(4663808K)->1904932K(4663808K)
[7354.541s][info][gc,metaspace   ] GC(2408) Metaspace: 29125K(29440K)->29125K(29440K) NonClass: 24240K(24384K)->24240K(24384K) Class: 4885K(5056K)->4885K(5056K)
[7354.541s][info][gc             ] GC(2408) Pause Young (Allocation Failure) 4325M->2006M(7118M) 99.932ms
[7354.541s][info][gc,cpu         ] GC(2408) User=0.59s Sys=0.00s Real=0.10s
..[7356.062s][info][gc,start       ] GC(2409) Pause Young (Allocation Failure)
[7356.169s][info][gc,heap        ] GC(2409) PSYoungGen: 2612445K(2625536K)->164857K(2627584K) Eden: 2462720K(2462720K)->0K(2462720K) From: 149725K(162816K)->164857K(164864K)
[7356.169s][info][gc,heap        ] GC(2409) ParOldGen: 1904932K(4663808K)->1996740K(4663808K)
[7356.169s][info][gc,metaspace   ] GC(2409) Metaspace: 29125K(29440K)->29125K(29440K) NonClass: 24240K(24384K)->24240K(24384K) Class: 4885K(5056K)->4885K(5056K)
[7356.169s][info][gc             ] GC(2409) Pause Young (Allocation Failure) 4411M->2110M(7120M) 106.876ms
[7356.169s][info][gc,cpu         ] GC(2409) User=0.63s Sys=0.00s Real=0.11s
..[7357.662s][info][gc,start       ] GC(2410) Pause Young (Allocation Failure)
[7357.804s][info][gc,heap        ] GC(2410) PSYoungGen: 2627577K(2627584K)->145344K(2562048K) Eden: 2462720K(2462720K)->0K(2393600K) From: 164857K(164864K)->145344K(168448K)
[7357.804s][info][gc,heap        ] GC(2410) ParOldGen: 1996740K(4663808K)->2088700K(4663808K)
[7357.804s][info][gc,metaspace   ] GC(2410) Metaspace: 29125K(29440K)->29125K(29440K) NonClass: 24240K(24384K)->24240K(24384K) Class: 4885K(5056K)->4885K(5056K)
[7357.804s][info][gc             ] GC(2410) Pause Young (Allocation Failure) 4515M->2181M(7056M) 142.122ms
[7357.804s][info][gc,cpu         ] GC(2410) User=0.56s Sys=0.00s Real=0.14s
.[7359.287s][info][gc,start       ] GC(2411) Pause Young (Allocation Failure)
[7359.381s][info][gc,heap        ] GC(2411) PSYoungGen: 2538944K(2562048K)->136768K(2594816K) Eden: 2393600K(2393600K)->0K(2393600K) From: 145344K(168448K)->136768K(201216K)
[7359.381s][info][gc,heap        ] GC(2411) ParOldGen: 2088700K(4663808K)->2182588K(4663808K)
[7359.381s][info][gc,metaspace   ] GC(2411) Metaspace: 29125K(29440K)->29125K(29440K) NonClass: 24240K(24384K)->24240K(24384K) Class: 4885K(5056K)->4885K(5056K)
[7359.381s][info][gc             ] GC(2411) Pause Young (Allocation Failure) 4519M->2264M(7088M) 93.564ms
[7359.381s][info][gc,cpu         ] GC(2411) User=0.55s Sys=0.00s Real=0.10s
.[7360.935s][info][gc,start       ] GC(2412) Pause Young (Allocation Failure)
[7361.036s][info][gc,heap        ] GC(2412) PSYoungGen: 2530368K(2594816K)->150356K(2588672K) Eden: 2393600K(2393600K)->0K(2393600K) From: 136768K(201216K)->150356K(195072K)
[7361.037s][info][gc,heap        ] GC(2412) ParOldGen: 2182588K(4663808K)->2273972K(4663808K)
[7361.037s][info][gc,metaspace   ] GC(2412) Metaspace: 29125K(29440K)->29125K(29440K) NonClass: 24240K(24384K)->24240K(24384K) Class: 4885K(5056K)->4885K(5056K)
[7361.037s][info][gc             ] GC(2412) Pause Young (Allocation Failure) 4602M->2367M(7082M) 101.439ms
[7361.037s][info][gc,cpu         ] GC(2412) User=0.59s Sys=0.00s Real=0.10s
..[7362.458s][info][gc,start       ] GC(2413) Pause Young (Allocation Failure)
[7362.562s][info][gc,heap        ] GC(2413) PSYoungGen: 2543956K(2588672K)->159102K(2591744K) Eden: 2393600K(2393600K)->0K(2393600K) From: 150356K(195072K)->159102K(198144K)
[7362.562s][info][gc,heap        ] GC(2413) ParOldGen: 2273972K(4663808K)->2363372K(4663808K)
[7362.562s][info][gc,metaspace   ] GC(2413) Metaspace: 29125K(29440K)->29125K(29440K) NonClass: 24240K(24384K)->24240K(24384K) Class: 4885K(5056K)->4885K(5056K)
[7362.562s][info][gc             ] GC(2413) Pause Young (Allocation Failure) 4705M->2463M(7085M) 103.678ms
[7362.562s][info][gc,cpu         ] GC(2413) User=0.61s Sys=0.00s Real=0.11s
.[7364.106s][info][gc,start       ] GC(2414) Pause Young (Allocation Failure)
[7364.208s][info][gc,heap        ] GC(2414) PSYoungGen: 2552702K(2591744K)->151796K(2593280K) Eden: 2393600K(2393600K)->0K(2403328K) From: 159102K(198144K)->151796K(189952K)
[7364.208s][info][gc,heap        ] GC(2414) ParOldGen: 2363372K(4663808K)->2457876K(4663808K)
[7364.208s][info][gc,metaspace   ] GC(2414) Metaspace: 29125K(29440K)->29125K(29440K) NonClass: 24240K(24384K)->24240K(24384K) Class: 4885K(5056K)->4885K(5056K)
[7364.208s][info][gc             ] GC(2414) Pause Young (Allocation Failure) 4800M->2548M(7087M) 101.619ms
[7364.208s][info][gc,cpu         ] GC(2414) User=0.60s Sys=0.00s Real=0.10s
..[7365.653s][info][gc,start       ] GC(2415) Pause Young (Allocation Failure)
[7365.794s][info][gc,heap        ] GC(2415) PSYoungGen: 2555124K(2593280K)->143040K(2595328K) Eden: 2403328K(2403328K)->0K(2403328K) From: 151796K(189952K)->143040K(192000K)
[7365.794s][info][gc,heap        ] GC(2415) ParOldGen: 2457876K(4663808K)->2546212K(4663808K)
[7365.794s][info][gc,metaspace   ] GC(2415) Metaspace: 29125K(29440K)->29125K(29440K) NonClass: 24240K(24384K)->24240K(24384K) Class: 4885K(5056K)->4885K(5056K)
[7365.794s][info][gc             ] GC(2415) Pause Young (Allocation Failure) 4895M->2626M(7089M) 140.652ms
[7365.794s][info][gc,cpu         ] GC(2415) User=0.55s Sys=0.00s Real=0.14s
.[7367.247s][info][gc,start       ] GC(2416) Pause Young (Allocation Failure)
[7367.350s][info][gc,heap        ] GC(2416) PSYoungGen: 2546368K(2595328K)->160144K(2600448K) Eden: 2403328K(2403328K)->0K(2413568K) From: 143040K(192000K)->160144K(186880K)
[7367.350s][info][gc,heap        ] GC(2416) ParOldGen: 2546212K(4663808K)->2637444K(4663808K)
[7367.350s][info][gc,metaspace   ] GC(2416) Metaspace: 29125K(29440K)->29125K(29440K) NonClass: 24240K(24384K)->24240K(24384K) Class: 4885K(5056K)->4885K(5056K)
[7367.350s][info][gc             ] GC(2416) Pause Young (Allocation Failure) 4973M->2732M(7094M) 102.926ms
[7367.350s][info][gc,cpu         ] GC(2416) User=0.61s Sys=0.00s Real=0.11s
..[7368.890s][info][gc,start       ] GC(2417) Pause Young (Allocation Failure)
[7368.986s][info][gc,heap        ] GC(2417) PSYoungGen: 2573712K(2600448K)->146688K(2602496K) Eden: 2413568K(2413568K)->0K(2413568K) From: 160144K(186880K)->146688K(188928K)
[7368.986s][info][gc,heap        ] GC(2417) ParOldGen: 2637444K(4663808K)->2730180K(4663808K)
[7368.986s][info][gc,metaspace   ] GC(2417) Metaspace: 29125K(29440K)->29125K(29440K) NonClass: 24240K(24384K)->24240K(24384K) Class: 4885K(5056K)->4885K(5056K)
[7368.986s][info][gc             ] GC(2417) Pause Young (Allocation Failure) 5089M->2809M(7096M) 96.943ms
[7368.987s][info][gc,cpu         ] GC(2417) User=0.57s Sys=0.00s Real=0.09s
.[7370.434s][info][gc,start       ] GC(2418) Pause Young (Allocation Failure)
[7370.532s][info][gc,heap        ] GC(2418) PSYoungGen: 2560256K(2602496K)->145856K(2602496K) Eden: 2413568K(2413568K)->0K(2419712K) From: 146688K(188928K)->145856K(182784K)
[7370.532s][info][gc,heap        ] GC(2418) ParOldGen: 2730180K(4663808K)->2820140K(4663808K)
[7370.532s][info][gc,metaspace   ] GC(2418) Metaspace: 29125K(29440K)->29125K(29440K) NonClass: 24240K(24384K)->24240K(24384K) Class: 4885K(5056K)->4885K(5056K)
[7370.532s][info][gc             ] GC(2418) Pause Young (Allocation Failure) 5166M->2896M(7096M) 97.785ms
[7370.532s][info][gc,cpu         ] GC(2418) User=0.58s Sys=0.01s Real=0.10s
..[7372.082s][info][gc,start       ] GC(2419) Pause Young (Allocation Failure)
[7372.181s][info][gc,heap        ] GC(2419) PSYoungGen: 2565568K(2602496K)->148816K(2605056K) Eden: 2419712K(2419712K)->0K(2419712K) From: 145856K(182784K)->148816K(185344K)
[7372.181s][info][gc,heap        ] GC(2419) ParOldGen: 2820140K(4663808K)->2912180K(4663808K)
[7372.181s][info][gc,metaspace   ] GC(2419) Metaspace: 29125K(29440K)->29125K(29440K) NonClass: 24240K(24384K)->24240K(24384K) Class: 4885K(5056K)->4885K(5056K)
[7372.181s][info][gc             ] GC(2419) Pause Young (Allocation Failure) 5259M->2989M(7098M) 99.271ms
[7372.181s][info][gc,cpu         ] GC(2419) User=0.59s Sys=0.00s Real=0.10s
.[7373.606s][info][gc,start       ] GC(2420) Pause Young (Allocation Failure)
[7373.755s][info][gc,heap        ] GC(2420) PSYoungGen: 2568528K(2605056K)->157656K(2607104K) Eden: 2419712K(2419712K)->0K(2427392K) From: 148816K(185344K)->157656K(179712K)
[7373.755s][info][gc,heap        ] GC(2420) ParOldGen: 2912180K(4663808K)->3001564K(4663808K)
[7373.755s][info][gc,metaspace   ] GC(2420) Metaspace: 29125K(29440K)->29125K(29440K) NonClass: 24240K(24384K)->24240K(24384K) Class: 4885K(5056K)->4885K(5056K)
[7373.755s][info][gc             ] GC(2420) Pause Young (Allocation Failure) 5352M->3085M(7100M) 149.180ms
[7373.755s][info][gc,cpu         ] GC(2420) User=0.60s Sys=0.00s Real=0.15s
..[7375.269s][info][gc,start       ] GC(2421) Pause Young (Allocation Failure)
[7375.366s][info][gc,heap        ] GC(2421) PSYoungGen: 2585048K(2607104K)->138457K(2609152K) Eden: 2427392K(2427392K)->0K(2427392K) From: 157656K(179712K)->138457K(181760K)
[7375.366s][info][gc,heap        ] GC(2421) ParOldGen: 3001564K(4663808K)->3095172K(4663808K)
[7375.366s][info][gc,metaspace   ] GC(2421) Metaspace: 29125K(29440K)->29125K(29440K) NonClass: 24240K(24384K)->24240K(24384K) Class: 4885K(5056K)->4885K(5056K)
[7375.366s][info][gc             ] GC(2421) Pause Young (Allocation Failure) 5455M->3157M(7102M) 96.596ms
[7375.366s][info][gc,cpu         ] GC(2421) User=0.57s Sys=0.00s Real=0.09s
.[7376.876s][info][gc,start       ] GC(2422) Pause Young (Allocation Failure)
[7376.973s][info][gc,heap        ] GC(2422) PSYoungGen: 2565849K(2609152K)->146656K(2610176K) Eden: 2427392K(2427392K)->0K(2432512K) From: 138457K(181760K)->146656K(177664K)
[7376.973s][info][gc,heap        ] GC(2422) ParOldGen: 3095172K(4663808K)->3184764K(4663808K)
[7376.973s][info][gc,metaspace   ] GC(2422) Metaspace: 29125K(29440K)->29125K(29440K) NonClass: 24240K(24384K)->24240K(24384K) Class: 4885K(5056K)->4885K(5056K)
[7376.973s][info][gc             ] GC(2422) Pause Young (Allocation Failure) 5528M->3253M(7103M) 97.091ms
[7376.973s][info][gc,cpu         ] GC(2422) User=0.58s Sys=0.00s Real=0.10s
..[7378.478s][info][gc,start       ] GC(2423) Pause Young (Allocation Failure)
[7378.579s][info][gc,heap        ] GC(2423) PSYoungGen: 2579168K(2610176K)->148628K(2612224K) Eden: 2432512K(2432512K)->0K(2432512K) From: 146656K(177664K)->148628K(179712K)
[7378.579s][info][gc,heap        ] GC(2423) ParOldGen: 3184764K(4663808K)->3276276K(4663808K)
[7378.579s][info][gc,metaspace   ] GC(2423) Metaspace: 29125K(29440K)->29125K(29440K) NonClass: 24240K(24384K)->24240K(24384K) Class: 4885K(5056K)->4885K(5056K)
[7378.579s][info][gc             ] GC(2423) Pause Young (Allocation Failure) 5628M->3344M(7105M) 100.495ms
[7378.579s][info][gc,cpu         ] GC(2423) User=0.59s Sys=0.00s Real=0.11s
.[7380.145s][info][gc,start       ] GC(2424) Pause Young (Allocation Failure)
[7380.244s][info][gc,heap        ] GC(2424) PSYoungGen: 2581140K(2612224K)->147625K(2612224K) Eden: 2432512K(2432512K)->0K(2438656K) From: 148628K(179712K)->147625K(173568K)
[7380.244s][info][gc,heap        ] GC(2424) ParOldGen: 3276276K(4663808K)->3370396K(4663808K)
[7380.244s][info][gc,metaspace   ] GC(2424) Metaspace: 29125K(29440K)->29125K(29440K) NonClass: 24240K(24384K)->24240K(24384K) Class: 4885K(5056K)->4885K(5056K)
[7380.244s][info][gc             ] GC(2424) Pause Young (Allocation Failure) 5720M->3435M(7105M) 98.972ms
[7380.244s][info][gc,cpu         ] GC(2424) User=0.58s Sys=0.00s Real=0.10s
. (rIR:aIR:PR = 12315:12204:12206) (tPR = 181686) [OK] 
  7380s: Performance info:
         Transaction,    Success,    Partial,     Failed,   Receipts, AvgBarcode, 
             Overall,     732954,          0,          0,     695381,      59.47, 
         Response times:
             Request,    Success,    Partial,     Failed,   SkipFail,     Probes,    Samples,      min,      p50,      p90,      p95,      p99,      max, 
       TotalPurchase,     695739,          0,          0,          0,     233753,     443370,      300,   178000,   558000,   710000,  1100000,  1600000,
     InStorePurchase,     365083,          0,          0,          0,     122490,     232577,      300,   177000,   557000,   710000,  1100000,  1600000,
      OnlinePurchase,     257268,          0,          0,          0,      86136,     163317,      400,   180000,   558000,   720000,  1000000,  1600000,
        InstPurchase,      73388,          0,          0,          0,      25127,      47476,      500,   175000,   564000,   720000,  1100000,  1200000,
          AssocOfCat,        738,          0,          0,          0,        501,        876,    38000,   230000,   660000,   750000,   904600,  1400000,
      AssocOfProduct,       7414,          0,          0,          0,       2705,       4639,     2300,   184000,   571000,   730000,   880000,  1200000,
      BusinessReport,       1848,          0,          0,          0,       1357,       2310,    40000,   242500,   564000,   750000,   898900,  1300000,
          CustBuyBeh,       7278,          0,          0,          0,       2726,       4495,     1200,   179000,   529000,   700000,   860000,  1100000,
       ProductReturn,      19618,          0,          0,          0,       7345,      12063,      300,   176000,   553000,   720000,   860000,  1200000,

  7380s: (90%)   IR =  12453 .[7381.806s][info][gc,start       ] GC(2425) Pause Young (Allocation Failure)
[7381.909s][info][gc,heap        ] GC(2425) PSYoungGen: 2586281K(2612224K)->158160K(2614272K) Eden: 2438656K(2438656K)->0K(2438656K) From: 147625K(173568K)->158160K(175616K)
[7381.909s][info][gc,heap        ] GC(2425) ParOldGen: 3370396K(4663808K)->3457292K(4663808K)
[7381.909s][info][gc,metaspace   ] GC(2425) Metaspace: 29125K(29440K)->29125K(29440K) NonClass: 24240K(24384K)->24240K(24384K) Class: 4885K(5056K)->4885K(5056K)
[7381.909s][info][gc             ] GC(2425) Pause Young (Allocation Failure) 5817M->3530M(7107M) 103.088ms
[7381.909s][info][gc,cpu         ] GC(2425) User=0.61s Sys=0.00s Real=0.11s
.[7383.374s][info][gc,start       ] GC(2426) Pause Young (Allocation Failure)
[7383.474s][info][gc,heap        ] GC(2426) PSYoungGen: 2596816K(2614272K)->145392K(2618368K) Eden: 2438656K(2438656K)->0K(2444800K) From: 158160K(175616K)->145392K(173568K)
[7383.474s][info][gc,heap        ] GC(2426) ParOldGen: 3457292K(4663808K)->3551684K(4663808K)
[7383.474s][info][gc,metaspace   ] GC(2426) Metaspace: 29125K(29440K)->29125K(29440K) NonClass: 24240K(24384K)->24240K(24384K) Class: 4885K(5056K)->4885K(5056K)
[7383.474s][info][gc             ] GC(2426) Pause Young (Allocation Failure) 5912M->3610M(7111M) 99.542ms
[7383.474s][info][gc,cpu         ] GC(2426) User=0.59s Sys=0.00s Real=0.10s
..[7384.967s][info][gc,start       ] GC(2427) Pause Young (Allocation Failure)
[7385.066s][info][gc,heap        ] GC(2427) PSYoungGen: 2590192K(2618368K)->151792K(2619392K) Eden: 2444800K(2444800K)->0K(2444800K) From: 145392K(173568K)->151792K(174592K)
[7385.066s][info][gc,heap        ] GC(2427) ParOldGen: 3551684K(4663808K)->3643308K(4663808K)
[7385.066s][info][gc,metaspace   ] GC(2427) Metaspace: 29125K(29440K)->29125K(29440K) NonClass: 24240K(24384K)->24240K(24384K) Class: 4885K(5056K)->4885K(5056K)
[7385.066s][info][gc             ] GC(2427) Pause Young (Allocation Failure) 5997M->3706M(7112M) 99.601ms
[7385.066s][info][gc,cpu         ] GC(2427) User=0.59s Sys=0.00s Real=0.10s
.[7386.568s][info][gc,start       ] GC(2428) Pause Young (Allocation Failure)
[7386.668s][info][gc,heap        ] GC(2428) PSYoungGen: 2596592K(2619392K)->147001K(2619392K) Eden: 2444800K(2444800K)->0K(2448896K) From: 151792K(174592K)->147001K(170496K)
[7386.668s][info][gc,heap        ] GC(2428) ParOldGen: 3643308K(4663808K)->3736292K(4663808K)
[7386.668s][info][gc,metaspace   ] GC(2428) Metaspace: 29125K(29440K)->29125K(29440K) NonClass: 24240K(24384K)->24240K(24384K) Class: 4885K(5056K)->4885K(5056K)
[7386.668s][info][gc             ] GC(2428) Pause Young (Allocation Failure) 6093M->3792M(7112M) 99.919ms
[7386.668s][info][gc,cpu         ] GC(2428) User=0.59s Sys=0.00s Real=0.10s
..[7388.169s][info][gc,start       ] GC(2429) Pause Young (Allocation Failure)
[7388.273s][info][gc,heap        ] GC(2429) PSYoungGen: 2595897K(2619392K)->155621K(2619904K) Eden: 2448896K(2448896K)->0K(2448896K) From: 147001K(170496K)->155621K(171008K)
[7388.273s][info][gc,heap        ] GC(2429) ParOldGen: 3736292K(4663808K)->3827876K(4663808K)
[7388.273s][info][gc,metaspace   ] GC(2429) Metaspace: 29125K(29440K)->29125K(29440K) NonClass: 24240K(24384K)->24240K(24384K) Class: 4885K(5056K)->4885K(5056K)
[7388.273s][info][gc             ] GC(2429) Pause Young (Allocation Failure) 6183M->3890M(7113M) 103.969ms
[7388.273s][info][gc,cpu         ] GC(2429) User=0.60s Sys=0.00s Real=0.10s
.[7389.805s][info][gc,start       ] GC(2430) Pause Young (Allocation Failure)
[7389.903s][info][gc,heap        ] GC(2430) PSYoungGen: 2604517K(2619904K)->145920K(2622976K) Eden: 2448896K(2448896K)->0K(2454016K) From: 155621K(171008K)->145920K(168960K)
[7389.903s][info][gc,heap        ] GC(2430) ParOldGen: 3827876K(4663808K)->3920076K(4663808K)
[7389.903s][info][gc,metaspace   ] GC(2430) Metaspace: 29125K(29440K)->29125K(29440K) NonClass: 24240K(24384K)->24240K(24384K) Class: 4885K(5056K)->4885K(5056K)
[7389.903s][info][gc             ] GC(2430) Pause Young (Allocation Failure) 6281M->3970M(7116M) 97.942ms
[7389.903s][info][gc,cpu         ] GC(2430) User=0.57s Sys=0.01s Real=0.10s
.|.[7391.385s][info][gc,start       ] GC(2431) Pause Young (Allocation Failure)
[7391.481s][info][gc,heap        ] GC(2431) PSYoungGen: 2599936K(2622976K)->140960K(2624000K) Eden: 2454016K(2454016K)->0K(2454016K) From: 145920K(168960K)->140960K(169984K)
[7391.481s][info][gc,heap        ] GC(2431) ParOldGen: 3920076K(4663808K)->4012748K(4663808K)
[7391.481s][info][gc,metaspace   ] GC(2431) Metaspace: 29125K(29440K)->29125K(29440K) NonClass: 24240K(24384K)->24240K(24384K) Class: 4885K(5056K)->4885K(5056K)
[7391.481s][info][gc             ] GC(2431) Pause Young (Allocation Failure) 6367M->4056M(7117M) 96.113ms
[7391.481s][info][gc,cpu         ] GC(2431) User=0.57s Sys=0.00s Real=0.10s
.[7393.008s][info][gc,start       ] GC(2432) Pause Young (Allocation Failure)
[7393.107s][info][gc,heap        ] GC(2432) PSYoungGen: 2594976K(2624000K)->149216K(2622464K) Eden: 2454016K(2454016K)->0K(2456576K) From: 140960K(169984K)->149216K(165888K)
[7393.107s][info][gc,heap        ] GC(2432) ParOldGen: 4012748K(4663808K)->4105228K(4663808K)
[7393.107s][info][gc,metaspace   ] GC(2432) Metaspace: 29125K(29440K)->29125K(29440K) NonClass: 24240K(24384K)->24240K(24384K) Class: 4885K(5056K)->4885K(5056K)
[7393.107s][info][gc             ] GC(2432) Pause Young (Allocation Failure) 6452M->4154M(7115M) 99.458ms
[7393.107s][info][gc,cpu         ] GC(2432) User=0.58s Sys=0.00s Real=0.10s
..[7394.645s][info][gc,start       ] GC(2433) Pause Young (Allocation Failure)
[7394.788s][info][gc,heap        ] GC(2433) PSYoungGen: 2605792K(2622464K)->140960K(2624512K) Eden: 2456576K(2456576K)->0K(2456576K) From: 149216K(165888K)->140960K(167936K)
[7394.788s][info][gc,heap        ] GC(2433) ParOldGen: 4105228K(4663808K)->4198924K(4663808K)
[7394.788s][info][gc,metaspace   ] GC(2433) Metaspace: 29125K(29440K)->29125K(29440K) NonClass: 24240K(24384K)->24240K(24384K) Class: 4885K(5056K)->4885K(5056K)
[7394.788s][info][gc             ] GC(2433) Pause Young (Allocation Failure) 6553M->4238M(7117M) 142.323ms
[7394.788s][info][gc,cpu         ] GC(2433) User=0.57s Sys=0.00s Real=0.14s
.[7396.235s][info][gc,start       ] GC(2434) Pause Young (Allocation Failure)
[7396.338s][info][gc,heap        ] GC(2434) PSYoungGen: 2597536K(2624512K)->156160K(2626560K) Eden: 2456576K(2456576K)->0K(2459136K) From: 140960K(167936K)->156160K(167424K)
[7396.338s][info][gc,heap        ] GC(2434) ParOldGen: 4198924K(4663808K)->4288108K(4663808K)
[7396.338s][info][gc,metaspace   ] GC(2434) Metaspace: 29125K(29440K)->29125K(29440K) NonClass: 24240K(24384K)->24240K(24384K) Class: 4885K(5056K)->4885K(5056K)
[7396.338s][info][gc             ] GC(2434) Pause Young (Allocation Failure) 6637M->4340M(7119M) 102.651ms
[7396.338s][info][gc,cpu         ] GC(2434) User=0.60s Sys=0.00s Real=0.10s
..[7397.842s][info][gc,start       ] GC(2435) Pause Young (Allocation Failure)
[7397.943s][info][gc,heap        ] GC(2435) PSYoungGen: 2615296K(2626560K)->147488K(2607104K) Eden: 2459136K(2459136K)->0K(2459136K) From: 156160K(167424K)->147488K(147968K)
[7397.943s][info][gc,heap        ] GC(2435) ParOldGen: 4288108K(4663808K)->4382428K(4663808K)
[7397.943s][info][gc,metaspace   ] GC(2435) Metaspace: 29125K(29440K)->29125K(29440K) NonClass: 24240K(24384K)->24240K(24384K) Class: 4885K(5056K)->4885K(5056K)
[7397.943s][info][gc             ] GC(2435) Pause Young (Allocation Failure) 6741M->4423M(7100M) 101.063ms
[7397.943s][info][gc,cpu         ] GC(2435) User=0.60s Sys=0.00s Real=0.10s
.[7399.458s][info][gc,start       ] GC(2436) Pause Young (Allocation Failure)
[7399.555s][info][gc,heap        ] GC(2436) PSYoungGen: 2606624K(2607104K)->142208K(2627584K) Eden: 2459136K(2459136K)->0K(2460672K) From: 147488K(147968K)->142208K(166912K)
[7399.556s][info][gc,heap        ] GC(2436) ParOldGen: 4382428K(4663808K)->4475780K(4663808K)
[7399.556s][info][gc,metaspace   ] GC(2436) Metaspace: 29125K(29440K)->29125K(29440K) NonClass: 24240K(24384K)->24240K(24384K) Class: 4885K(5056K)->4885K(5056K)
[7399.556s][info][gc             ] GC(2436) Pause Young (Allocation Failure) 6825M->4509M(7120M) 97.270ms
[7399.556s][info][gc,cpu         ] GC(2436) User=0.57s Sys=0.00s Real=0.10s
..[7401.069s][info][gc,start       ] GC(2437) Pause Young (Allocation Failure)
[7401.168s][info][gc,heap        ] GC(2437) PSYoungGen: 2602880K(2627584K)->146720K(2627072K) Eden: 2460672K(2460672K)->0K(2460672K) From: 142208K(166912K)->146720K(166400K)
[7401.168s][info][gc,heap        ] GC(2437) ParOldGen: 4475780K(4663808K)->4566524K(4663808K)
[7401.168s][info][gc,metaspace   ] GC(2437) Metaspace: 29125K(29440K)->29125K(29440K) NonClass: 24240K(24384K)->24240K(24384K) Class: 4885K(5056K)->4885K(5056K)
[7401.168s][info][gc             ] GC(2437) Pause Young (Allocation Failure) 6912M->4602M(7120M) 99.538ms
[7401.168s][info][gc,cpu         ] GC(2437) User=0.58s Sys=0.00s Real=0.09s
.[7402.660s][info][gc,start       ] GC(2438) Pause Young (Allocation Failure)
[7402.810s][info][gc,heap        ] GC(2438) PSYoungGen: 2607392K(2627072K)->154560K(2627072K) Eden: 2460672K(2460672K)->0K(2462208K) From: 146720K(166400K)->154560K(164864K)
[7402.810s][info][gc,heap        ] GC(2438) ParOldGen: 4566524K(4663808K)->4655868K(4663808K)
[7402.810s][info][gc,metaspace   ] GC(2438) Metaspace: 29125K(29440K)->29125K(29440K) NonClass: 24240K(24384K)->24240K(24384K) Class: 4885K(5056K)->4885K(5056K)
[7402.810s][info][gc             ] GC(2438) Pause Young (Allocation Failure) 7005M->4697M(7120M) 149.721ms
[7402.810s][info][gc,cpu         ] GC(2438) User=0.60s Sys=0.00s Real=0.15s
..[7404.274s][info][gc,start       ] GC(2439) Pause Young (Allocation Failure)
[7404.373s][info][gc,heap        ] GC(2439) PSYoungGen: 2616768K(2627072K)->138368K(2627584K) Eden: 2462208K(2462208K)->0K(2462208K) From: 154560K(164864K)->138368K(165376K)
[7404.373s][info][gc,heap        ] GC(2439) ParOldGen: 4655868K(4663808K)->4748028K(4748288K)
[7404.373s][info][gc,metaspace   ] GC(2439) Metaspace: 29125K(29440K)->29125K(29440K) NonClass: 24240K(24384K)->24240K(24384K) Class: 4885K(5056K)->4885K(5056K)
[7404.373s][info][gc             ] GC(2439) Pause Young (Allocation Failure) 7102M->4771M(7203M) 99.199ms
[7404.373s][info][gc,cpu         ] GC(2439) User=0.55s Sys=0.03s Real=0.10s
.[7405.969s][info][gc,start       ] GC(2440) Pause Young (Allocation Failure)
[7406.078s][info][gc,heap        ] GC(2440) PSYoungGen: 2600576K(2627584K)->154024K(2629120K) Eden: 2462208K(2462208K)->0K(2463232K) From: 138368K(165376K)->154024K(165888K)
[7406.078s][info][gc,heap        ] GC(2440) ParOldGen: 4748028K(4748288K)->4841132K(4841472K)
[7406.078s][info][gc,metaspace   ] GC(2440) Metaspace: 29125K(29440K)->29125K(29440K) NonClass: 24240K(24384K)->24240K(24384K) Class: 4885K(5056K)->4885K(5056K)
[7406.078s][info][gc             ] GC(2440) Pause Young (Allocation Failure) 7176M->4878M(7295M) 109.014ms
[7406.078s][info][gc,cpu         ] GC(2440) User=0.61s Sys=0.04s Real=0.10s
..[7407.596s][info][gc,start       ] GC(2441) Pause Young (Allocation Failure)
[7407.747s][info][gc,heap        ] GC(2441) PSYoungGen: 2617256K(2629120K)->145716K(2609152K) Eden: 2463232K(2463232K)->0K(2463232K) From: 154024K(165888K)->145716K(145920K)
[7407.747s][info][gc,heap        ] GC(2441) ParOldGen: 4841132K(4841472K)->4932572K(4932608K)
[7407.747s][info][gc,metaspace   ] GC(2441) Metaspace: 29125K(29440K)->29125K(29440K) NonClass: 24240K(24384K)->24240K(24384K) Class: 4885K(5056K)->4885K(5056K)
[7407.747s][info][gc             ] GC(2441) Pause Young (Allocation Failure) 7283M->4959M(7365M) 151.118ms
[7407.747s][info][gc,cpu         ] GC(2441) User=0.58s Sys=0.02s Real=0.15s
.[7409.205s][info][gc,start       ] GC(2442) Pause Young (Allocation Failure)
[7409.318s][info][gc,heap        ] GC(2442) PSYoungGen: 2608948K(2609152K)->164458K(2621952K) Eden: 2463232K(2463232K)->0K(2457088K) From: 145716K(145920K)->164458K(164864K)
[7409.318s][info][gc,heap        ] GC(2442) ParOldGen: 4932572K(4932608K)->5023260K(5023744K)
[7409.319s][info][gc,metaspace   ] GC(2442) Metaspace: 29125K(29440K)->29125K(29440K) NonClass: 24240K(24384K)->24240K(24384K) Class: 4885K(5056K)->4885K(5056K)
[7409.319s][info][gc             ] GC(2442) Pause Young (Allocation Failure) 7364M->5066M(7466M) 113.485ms
[7409.319s][info][gc,cpu         ] GC(2442) User=0.64s Sys=0.04s Real=0.12s
..[7410.879s][info][gc,start       ] GC(2443) Pause Young (Allocation Failure)
[7410.993s][info][gc,heap        ] GC(2443) PSYoungGen: 2621546K(2621952K)->158477K(2615808K) Eden: 2457088K(2457088K)->0K(2457088K) From: 164458K(164864K)->158477K(158720K)
[7410.993s][info][gc,heap        ] GC(2443) ParOldGen: 5023260K(5023744K)->5118204K(5118464K)
[7410.993s][info][gc,metaspace   ] GC(2443) Metaspace: 29125K(29440K)->29125K(29440K) NonClass: 24240K(24384K)->24240K(24384K) Class: 4885K(5056K)->4885K(5056K)
[7410.993s][info][gc             ] GC(2443) Pause Young (Allocation Failure) 7465M->5153M(7553M) 113.852ms
[7410.993s][info][gc,cpu         ] GC(2443) User=0.65s Sys=0.03s Real=0.11s
..[7412.450s][info][gc,start       ] GC(2444) Pause Young (Allocation Failure)
[7412.559s][info][gc,heap        ] GC(2444) PSYoungGen: 2615565K(2615808K)->156057K(2625536K) Eden: 2457088K(2457088K)->0K(2455040K) From: 158477K(158720K)->156057K(170496K)
[7412.559s][info][gc,heap        ] GC(2444) ParOldGen: 5118204K(5118464K)->5208244K(5208576K)
[7412.559s][info][gc,metaspace   ] GC(2444) Metaspace: 29125K(29440K)->29125K(29440K) NonClass: 24240K(24384K)->24240K(24384K) Class: 4885K(5056K)->4885K(5056K)
[7412.559s][info][gc             ] GC(2444) Pause Young (Allocation Failure) 7552M->5238M(7650M) 108.502ms
[7412.559s][info][gc,cpu         ] GC(2444) User=0.61s Sys=0.02s Real=0.11s
.[7414.093s][info][gc,start       ] GC(2445) Pause Young (Allocation Failure)
[7414.204s][info][gc,heap        ] GC(2445) PSYoungGen: 2611097K(2625536K)->155012K(2610176K) Eden: 2455040K(2455040K)->0K(2455040K) From: 156057K(170496K)->155012K(155136K)
[7414.204s][info][gc,heap        ] GC(2445) ParOldGen: 5208244K(5208576K)->5300772K(5301248K)
[7414.204s][info][gc,metaspace   ] GC(2445) Metaspace: 29125K(29440K)->29125K(29440K) NonClass: 24240K(24384K)->24240K(24384K) Class: 4885K(5056K)->4885K(5056K)
[7414.204s][info][gc             ] GC(2445) Pause Young (Allocation Failure) 7636M->5327M(7726M) 111.210ms
[7414.204s][info][gc,cpu         ] GC(2445) User=0.63s Sys=0.03s Real=0.11s
.[7415.726s][info][gc,start       ] GC(2446) Pause Young (Allocation Failure)
[7415.831s][info][gc,heap        ] GC(2446) PSYoungGen: 2610052K(2610176K)->148896K(2626560K) Eden: 2455040K(2455040K)->0K(2456576K) From: 155012K(155136K)->148896K(169984K)
[7415.831s][info][gc,heap        ] GC(2446) ParOldGen: 5300772K(5301248K)->5392484K(5392896K)
[7415.831s][info][gc,metaspace   ] GC(2446) Metaspace: 29125K(29440K)->29125K(29440K) NonClass: 24240K(24384K)->24240K(24384K) Class: 4885K(5056K)->4885K(5056K)
[7415.831s][info][gc             ] GC(2446) Pause Young (Allocation Failure) 7725M->5411M(7831M) 104.626ms
[7415.831s][info][gc,cpu         ] GC(2446) User=0.58s Sys=0.03s Real=0.11s
..[7417.267s][info][gc,start       ] GC(2447) Pause Young (Allocation Failure)
[7417.374s][info][gc,heap        ] GC(2447) PSYoungGen: 2605472K(2626560K)->154976K(2625024K) Eden: 2456576K(2456576K)->0K(2456576K) From: 148896K(169984K)->154976K(168448K)
[7417.374s][info][gc,heap        ] GC(2447) ParOldGen: 5392484K(5392896K)->5484844K(5485056K)
[7417.374s][info][gc,metaspace   ] GC(2447) Metaspace: 29125K(29440K)->29125K(29440K) NonClass: 24240K(24384K)->24240K(24384K) Class: 4885K(5056K)->4885K(5056K)
[7417.374s][info][gc             ] GC(2447) Pause Young (Allocation Failure) 7810M->5507M(7920M) 107.013ms
[7417.374s][info][gc,cpu         ] GC(2447) User=0.60s Sys=0.04s Real=0.11s
.[7418.861s][info][gc,start       ] GC(2448) Pause Young (Allocation Failure)
[7418.967s][info][gc,heap        ] GC(2448) PSYoungGen: 2611552K(2625024K)->147072K(2626560K) Eden: 2456576K(2456576K)->0K(2458624K) From: 154976K(168448K)->147072K(167936K)
[7418.967s][info][gc,heap        ] GC(2448) ParOldGen: 5484844K(5485056K)->5577476K(5577728K)
[7418.967s][info][gc,metaspace   ] GC(2448) Metaspace: 29125K(29440K)->29125K(29440K) NonClass: 24240K(24384K)->24240K(24384K) Class: 4885K(5056K)->4885K(5056K)
[7418.967s][info][gc             ] GC(2448) Pause Young (Allocation Failure) 7906M->5590M(8012M) 106.103ms
[7418.968s][info][gc,cpu         ] GC(2448) User=0.59s Sys=0.03s Real=0.10s
..[7420.470s][info][gc,start       ] GC(2449) Pause Full (Allocation Failure)
[7420.470s][info][gc,phases,start] GC(2449) Marking Phase
[7420.823s][info][gc,phases      ] GC(2449) Marking Phase 353.611ms
[7420.823s][info][gc,phases,start] GC(2449) Summary Phase
[7420.824s][info][gc,phases      ] GC(2449) Summary Phase 0.098ms
[7420.824s][info][gc,phases,start] GC(2449) Forward
[7420.964s][info][gc,phases      ] GC(2449) Forward 140.223ms
[7420.964s][info][gc,phases,start] GC(2449) Adjust Pointers
[7421.167s][info][gc,phases      ] GC(2449) Adjust Pointers 202.672ms
[7421.167s][info][gc,phases,start] GC(2449) Compaction Phase
[7421.295s][info][gc,phases      ] GC(2449) Compaction Phase 128.745ms
[7421.296s][info][gc,phases,start] GC(2449) Post Compact
[7421.303s][info][gc,phases      ] GC(2449) Post Compact 6.861ms
[7421.436s][info][gc,heap        ] GC(2449) PSYoungGen: 2605696K(2626560K)->0K(2626048K) Eden: 2458624K(2458624K)->0K(2458624K) From: 147072K(167936K)->0K(167424K)
[7421.436s][info][gc,heap        ] GC(2449) ParOldGen: 5577476K(5577728K)->1443729K(1804288K)
[7421.436s][info][gc,metaspace   ] GC(2449) Metaspace: 29125K(29440K)->29125K(29440K) NonClass: 24240K(24384K)->24240K(24384K) Class: 4885K(5056K)->4885K(5056K)
[7421.436s][info][gc             ] GC(2449) Pause Full (Allocation Failure) 7991M->1409M(4326M) 965.814ms
[7421.436s][info][gc,cpu         ] GC(2449) User=4.16s Sys=0.13s Real=0.96s
..[7422.905s][info][gc,start       ] GC(2450) Pause Young (Allocation Failure)
[7422.974s][info][gc,heap        ] GC(2450) PSYoungGen: 2458624K(2626048K)->148376K(2627072K) Eden: 2458624K(2458624K)->0K(2461184K) From: 0K(167424K)->148376K(165888K)
[7422.974s][info][gc,heap        ] GC(2450) ParOldGen: 1443729K(1804288K)->1443729K(1804288K)
[7422.974s][info][gc,metaspace   ] GC(2450) Metaspace: 29125K(29440K)->29125K(29440K) NonClass: 24240K(24384K)->24240K(24384K) Class: 4885K(5056K)->4885K(5056K)
[7422.974s][info][gc             ] GC(2450) Pause Young (Allocation Failure) 3810M->1554M(4327M) 68.839ms
[7422.974s][info][gc,cpu         ] GC(2450) User=0.41s Sys=0.00s Real=0.07s
.[7424.402s][info][gc,start       ] GC(2451) Pause Young (Allocation Failure)
[7424.507s][info][gc,heap        ] GC(2451) PSYoungGen: 2609560K(2627072K)->162224K(2623488K) Eden: 2461184K(2461184K)->0K(2461184K) From: 148376K(165888K)->162224K(162304K)
[7424.507s][info][gc,heap        ] GC(2451) ParOldGen: 1443729K(1804288K)->1537926K(1804288K)
[7424.507s][info][gc,metaspace   ] GC(2451) Metaspace: 29125K(29440K)->29125K(29440K) NonClass: 24240K(24384K)->24240K(24384K) Class: 4885K(5056K)->4885K(5056K)
[7424.507s][info][gc             ] GC(2451) Pause Young (Allocation Failure) 3958M->1660M(4324M) 104.332ms
[7424.507s][info][gc,cpu         ] GC(2451) User=0.62s Sys=0.00s Real=0.10s
.[7425.950s][info][gc,start       ] GC(2452) Pause Young (Allocation Failure)
[7426.051s][info][gc,heap        ] GC(2452) PSYoungGen: 2623408K(2623488K)->161440K(2622976K) Eden: 2461184K(2461184K)->0K(2454016K) From: 162224K(162304K)->161440K(168960K)
[7426.051s][info][gc,heap        ] GC(2452) ParOldGen: 1537926K(1804288K)->1633398K(1804288K)
[7426.051s][info][gc,metaspace   ] GC(2452) Metaspace: 29125K(29440K)->29125K(29440K) NonClass: 24240K(24384K)->24240K(24384K) Class: 4885K(5056K)->4885K(5056K)
[7426.051s][info][gc             ] GC(2452) Pause Young (Allocation Failure) 4063M->1752M(4323M) 100.983ms
[7426.051s][info][gc,cpu         ] GC(2452) User=0.60s Sys=0.00s Real=0.10s
.[7427.530s][info][gc,start       ] GC(2453) Pause Young (Allocation Failure)
[7427.633s][info][gc,heap        ] GC(2453) PSYoungGen: 2615456K(2622976K)->157984K(2625024K) Eden: 2454016K(2454016K)->0K(2454016K) From: 161440K(168960K)->157984K(171008K)
[7427.633s][info][gc,heap        ] GC(2453) ParOldGen: 1633398K(1804288K)->1729638K(1804288K)
[7427.633s][info][gc,metaspace   ] GC(2453) Metaspace: 29125K(29440K)->29125K(29440K) NonClass: 24240K(24384K)->24240K(24384K) Class: 4885K(5056K)->4885K(5056K)
[7427.633s][info][gc             ] GC(2453) Pause Young (Allocation Failure) 4149M->1843M(4325M) 103.242ms
[7427.633s][info][gc,cpu         ] GC(2453) User=0.61s Sys=0.00s Real=0.10s
..[7429.049s][info][gc,start       ] GC(2454) Pause Young (Allocation Failure)
[7429.149s][info][gc,heap        ] GC(2454) PSYoungGen: 2612000K(2625024K)->153874K(2621952K) Eden: 2454016K(2454016K)->0K(2454016K) From: 157984K(171008K)->153874K(167936K)
[7429.149s][info][gc,heap        ] GC(2454) ParOldGen: 1729638K(1804288K)->1818686K(1819136K)
[7429.149s][info][gc,metaspace   ] GC(2454) Metaspace: 29125K(29440K)->29125K(29440K) NonClass: 24240K(24384K)->24240K(24384K) Class: 4885K(5056K)->4885K(5056K)
[7429.149s][info][gc             ] GC(2454) Pause Young (Allocation Failure) 4239M->1926M(4337M) 99.632ms
[7429.149s][info][gc,cpu         ] GC(2454) User=0.58s Sys=0.01s Real=0.10s
.[7430.656s][info][gc,start       ] GC(2455) Pause Young (Allocation Failure)
[7430.810s][info][gc,heap        ] GC(2455) PSYoungGen: 2607890K(2621952K)->155924K(2623488K) Eden: 2454016K(2454016K)->0K(2454016K) From: 153874K(167936K)->155924K(169472K)
[7430.810s][info][gc,heap        ] GC(2455) ParOldGen: 1818686K(1819136K)->1918566K(1918976K)
[7430.810s][info][gc,metaspace   ] GC(2455) Metaspace: 29125K(29440K)->29125K(29440K) NonClass: 24240K(24384K)->24240K(24384K) Class: 4885K(5056K)->4885K(5056K)
[7430.810s][info][gc             ] GC(2455) Pause Young (Allocation Failure) 4322M->2025M(4436M) 153.754ms
[7430.810s][info][gc,cpu         ] GC(2455) User=0.60s Sys=0.04s Real=0.16s
.[7432.209s][info][gc,start       ] GC(2456) Pause Young (Allocation Failure)
[7432.317s][info][gc,heap        ] GC(2456) PSYoungGen: 2609940K(2623488K)->164180K(2622464K) Eden: 2454016K(2454016K)->0K(2454016K) From: 155924K(169472K)->164180K(168448K)
[7432.317s][info][gc,heap        ] GC(2456) ParOldGen: 1918566K(1918976K)->2006798K(2007040K)
[7432.317s][info][gc,metaspace   ] GC(2456) Metaspace: 29125K(29440K)->29125K(29440K) NonClass: 24240K(24384K)->24240K(24384K) Class: 4885K(5056K)->4885K(5056K)
[7432.317s][info][gc             ] GC(2456) Pause Young (Allocation Failure) 4422M->2120M(4521M) 107.339ms
[7432.317s][info][gc,cpu         ] GC(2456) User=0.61s Sys=0.02s Real=0.10s
..[7433.865s][info][gc,start       ] GC(2457) Pause Young (Allocation Failure)
[7433.974s][info][gc,heap        ] GC(2457) PSYoungGen: 2618196K(2622464K)->152522K(2625024K) Eden: 2454016K(2454016K)->0K(2454016K) From: 164180K(168448K)->152522K(171008K)
[7433.974s][info][gc,heap        ] GC(2457) ParOldGen: 2006798K(2007040K)->2100830K(2101248K)
[7433.974s][info][gc,metaspace   ] GC(2457) Metaspace: 29125K(29440K)->29125K(29440K) NonClass: 24240K(24384K)->24240K(24384K) Class: 4885K(5056K)->4885K(5056K)
[7433.974s][info][gc             ] GC(2457) Pause Young (Allocation Failure) 4516M->2200M(4615M) 109.069ms
[7433.974s][info][gc,cpu         ] GC(2457) User=0.62s Sys=0.03s Real=0.11s
.[7435.453s][info][gc,start       ] GC(2458) Pause Young (Allocation Failure)
[7435.558s][info][gc,heap        ] GC(2458) PSYoungGen: 2606538K(2625024K)->153856K(2620928K) Eden: 2454016K(2454016K)->0K(2455040K) From: 152522K(171008K)->153856K(165888K)
[7435.558s][info][gc,heap        ] GC(2458) ParOldGen: 2100830K(2101248K)->2194622K(2194944K)
[7435.558s][info][gc,metaspace   ] GC(2458) Metaspace: 29125K(29440K)->29125K(29440K) NonClass: 24240K(24384K)->24240K(24384K) Class: 4885K(5056K)->4885K(5056K)
[7435.558s][info][gc             ] GC(2458) Pause Young (Allocation Failure) 4597M->2293M(4703M) 104.529ms
[7435.558s][info][gc,cpu         ] GC(2458) User=0.59s Sys=0.03s Real=0.10s
.[7436.974s][info][gc,start       ] GC(2459) Pause Young (Allocation Failure)
[7437.076s][info][gc,heap        ] GC(2459) PSYoungGen: 2608896K(2620928K)->153824K(2623488K) Eden: 2455040K(2455040K)->0K(2455040K) From: 153856K(165888K)->153824K(168448K)
[7437.076s][info][gc,heap        ] GC(2459) ParOldGen: 2194622K(2194944K)->2286798K(2287104K)
[7437.076s][info][gc,metaspace   ] GC(2459) Metaspace: 29125K(29440K)->29125K(29440K) NonClass: 24240K(24384K)->24240K(24384K) Class: 4885K(5056K)->4885K(5056K)
[7437.076s][info][gc             ] GC(2459) Pause Young (Allocation Failure) 4690M->2383M(4795M) 102.347ms
[7437.076s][info][gc,cpu         ] GC(2459) User=0.57s Sys=0.04s Real=0.10s
..[7438.625s][info][gc,start       ] GC(2460) Pause Young (Allocation Failure)
[7438.782s][info][gc,heap        ] GC(2460) PSYoungGen: 2608864K(2623488K)->152379K(2624512K) Eden: 2455040K(2455040K)->0K(2460160K) From: 153824K(168448K)->152379K(164352K)
[7438.782s][info][gc,heap        ] GC(2460) ParOldGen: 2286798K(2287104K)->2384982K(2385408K)
[7438.782s][info][gc,metaspace   ] GC(2460) Metaspace: 29125K(29440K)->29125K(29440K) NonClass: 24240K(24384K)->24240K(24384K) Class: 4885K(5056K)->4885K(5056K)
[7438.782s][info][gc             ] GC(2460) Pause Young (Allocation Failure) 4780M->2477M(4892M) 156.578ms
[7438.782s][info][gc,cpu         ] GC(2460) User=0.62s Sys=0.04s Real=0.16s
.[7440.268s][info][gc,start       ] GC(2461) Pause Young (Allocation Failure)
[7440.369s][info][gc,heap        ] GC(2461) PSYoungGen: 2612539K(2624512K)->154080K(2626560K) Eden: 2460160K(2460160K)->0K(2460160K) From: 152379K(164352K)->154080K(166400K)
[7440.369s][info][gc,heap        ] GC(2461) ParOldGen: 2384982K(2385408K)->2470758K(2470912K)
[7440.369s][info][gc,metaspace   ] GC(2461) Metaspace: 29125K(29440K)->29125K(29440K) NonClass: 24240K(24384K)->24240K(24384K) Class: 4885K(5056K)->4885K(5056K)
[7440.369s][info][gc             ] GC(2461) Pause Young (Allocation Failure) 4880M->2563M(4978M) 101.412ms
[7440.369s][info][gc,cpu         ] GC(2461) User=0.58s Sys=0.02s Real=0.11s
..[7441.821s][info][gc,start       ] GC(2462) Pause Young (Allocation Failure)
[7441.928s][info][gc,heap        ] GC(2462) PSYoungGen: 2614240K(2626560K)->156330K(2627584K) Eden: 2460160K(2460160K)->0K(2464256K) From: 154080K(166400K)->156330K(163328K)
[7441.928s][info][gc,heap        ] GC(2462) ParOldGen: 2470758K(2470912K)->2564518K(2564608K)
[7441.928s][info][gc,metaspace   ] GC(2462) Metaspace: 29125K(29440K)->29125K(29440K) NonClass: 24240K(24384K)->24240K(24384K) Class: 4885K(5056K)->4885K(5056K)
[7441.928s][info][gc             ] GC(2462) Pause Young (Allocation Failure) 4965M->2657M(5070M) 107.514ms
[7441.928s][info][gc,cpu         ] GC(2462) User=0.60s Sys=0.03s Real=0.10s
.[7443.425s][info][gc,start       ] GC(2463) Pause Young (Allocation Failure)
[7443.532s][info][gc,heap        ] GC(2463) PSYoungGen: 2620586K(2627584K)->156464K(2629120K) Eden: 2464256K(2464256K)->0K(2464256K) From: 156330K(163328K)->156464K(164864K)
[7443.532s][info][gc,heap        ] GC(2463) ParOldGen: 2564518K(2564608K)->2659926K(2660352K)
[7443.532s][info][gc,metaspace   ] GC(2463) Metaspace: 29125K(29440K)->29125K(29440K) NonClass: 24240K(24384K)->24240K(24384K) Class: 4885K(5056K)->4885K(5056K)
[7443.532s][info][gc             ] GC(2463) Pause Young (Allocation Failure) 5063M->2750M(5165M) 106.957ms
[7443.532s][info][gc,cpu         ] GC(2463) User=0.60s Sys=0.02s Real=0.11s
..[7445.072s][info][gc,start       ] GC(2464) Pause Young (Allocation Failure)
[7445.175s][info][gc,heap        ] GC(2464) PSYoungGen: 2620720K(2629120K)->152384K(2629632K) Eden: 2464256K(2464256K)->0K(2466816K) From: 156464K(164864K)->152384K(162816K)
[7445.175s][info][gc,heap        ] GC(2464) ParOldGen: 2659926K(2660352K)->2750118K(2750464K)
[7445.175s][info][gc,metaspace   ] GC(2464) Metaspace: 29125K(29440K)->29125K(29440K) NonClass: 24240K(24384K)->24240K(24384K) Class: 4885K(5056K)->4885K(5056K)
[7445.175s][info][gc             ] GC(2464) Pause Young (Allocation Failure) 5156M->2834M(5254M) 103.148ms
[7445.175s][info][gc,cpu         ] GC(2464) User=0.58s Sys=0.03s Real=0.10s
.[7446.742s][info][gc,start       ] GC(2465) Pause Young (Allocation Failure)
[7446.848s][info][gc,heap        ] GC(2465) PSYoungGen: 2619200K(2629632K)->150405K(2630656K) Eden: 2466816K(2466816K)->0K(2466816K) From: 152384K(162816K)->150405K(163840K)
[7446.848s][info][gc,heap        ] GC(2465) ParOldGen: 2750118K(2750464K)->2842654K(2843136K)
[7446.848s][info][gc,metaspace   ] GC(2465) Metaspace: 29125K(29440K)->29125K(29440K) NonClass: 24240K(24384K)->24240K(24384K) Class: 4885K(5056K)->4885K(5056K)
[7446.848s][info][gc             ] GC(2465) Pause Young (Allocation Failure) 5243M->2922M(5345M) 105.622ms
[7446.848s][info][gc,cpu         ] GC(2465) User=0.59s Sys=0.03s Real=0.10s
..[7448.256s][info][gc,start       ] GC(2466) Pause Young (Allocation Failure)
[7448.362s][info][gc,heap        ] GC(2466) PSYoungGen: 2617221K(2630656K)->161280K(2629120K) Eden: 2466816K(2466816K)->0K(2465280K) From: 150405K(163840K)->161280K(163840K)
[7448.362s][info][gc,heap        ] GC(2466) ParOldGen: 2842654K(2843136K)->2932166K(2932224K)
[7448.362s][info][gc,metaspace   ] GC(2466) Metaspace: 29125K(29440K)->29125K(29440K) NonClass: 24240K(24384K)->24240K(24384K) Class: 4885K(5056K)->4885K(5056K)
[7448.362s][info][gc             ] GC(2466) Pause Young (Allocation Failure) 5331M->3020M(5431M) 105.852ms
[7448.362s][info][gc,cpu         ] GC(2466) User=0.59s Sys=0.03s Real=0.11s
.[7449.945s][info][gc,start       ] GC(2467) Pause Young (Allocation Failure)
[7450.049s][info][gc,heap        ] GC(2467) PSYoungGen: 2626560K(2629120K)->142336K(2608128K) Eden: 2465280K(2465280K)->0K(2465280K) From: 161280K(163840K)->142336K(142848K)
[7450.049s][info][gc,heap        ] GC(2467) ParOldGen: 2932166K(2932224K)->3030654K(3031040K)
[7450.049s][info][gc,metaspace   ] GC(2467) Metaspace: 29125K(29440K)->29125K(29440K) NonClass: 24240K(24384K)->24240K(24384K) Class: 4885K(5056K)->4885K(5056K)
[7450.049s][info][gc             ] GC(2467) Pause Young (Allocation Failure) 5428M->3098M(5507M) 104.157ms
[7450.049s][info][gc,cpu         ] GC(2467) User=0.58s Sys=0.03s Real=0.11s
. (rIR:aIR:PR = 12453:12455:12456) (tPR = 186190) [OK] 
  7450s: Performance info:
         Transaction,    Success,    Partial,     Failed,   Receipts, AvgBarcode, 
             Overall,     751721,          0,          0,     713602,      59.48, 
         Response times:
             Request,    Success,    Partial,     Failed,   SkipFail,     Probes,    Samples,      min,      p50,      p90,      p95,      p99,      max, 
       TotalPurchase,     713971,          0,          0,          0,     187163,     417321,      300,   278000,   830000,   960000,  1300000,  2000000,
     InStorePurchase,     374925,          0,          0,          0,      96825,     218746,      300,   272000,   840000,  1100000,  1400000,  2000000,
      OnlinePurchase,     265027,          0,          0,          0,      69154,     154658,      300,   284000,   800000,   920000,  1100000,  1800000,
        InstPurchase,      74019,          0,          0,          0,      21184,      43917,      500,   283000,   800000,   930000,  1300000,  1400000,
          AssocOfCat,        749,          0,          0,          0,        439,        845,    34000,   344000,   920000,  1100000,  1200000,  1400000,
      AssocOfProduct,       7423,          0,          0,          0,       2370,       4415,     1100,   271000,   760000,   960000,  1200000,  1300000,
      BusinessReport,       1872,          0,          0,          0,       1182,       2219,    39000,   350000,   880000,  1100000,  1400000,  1600000,
          CustBuyBeh,       7399,          0,          0,          0,       2280,       4513,      700,   273000,   740000,   860000,   958600,  1200000,
       ProductReturn,      20252,          0,          0,          0,       6116,      11629,      700,   277000,   730000,   870000,  1100000,  1600000,

  7450s: (91%)   IR =  12592 .[7451.608s][info][gc,start       ] GC(2468) Pause Young (Allocation Failure)
[7451.757s][info][gc,heap        ] GC(2468) PSYoungGen: 2607616K(2608128K)->147541K(2629632K) Eden: 2465280K(2465280K)->0K(2463232K) From: 142336K(142848K)->147541K(166400K)
[7451.757s][info][gc,heap        ] GC(2468) ParOldGen: 3030654K(3031040K)->3119766K(3120128K)
[7451.757s][info][gc,metaspace   ] GC(2468) Metaspace: 29125K(29440K)->29125K(29440K) NonClass: 24240K(24384K)->24240K(24384K) Class: 4885K(5056K)->4885K(5056K)
[7451.757s][info][gc             ] GC(2468) Pause Young (Allocation Failure) 5506M->3190M(5615M) 149.379ms
[7451.757s][info][gc,cpu         ] GC(2468) User=0.56s Sys=0.04s Real=0.15s
.[7453.200s][info][gc,start       ] GC(2469) Pause Young (Allocation Failure)
[7453.306s][info][gc,heap        ] GC(2469) PSYoungGen: 2610773K(2629632K)->156020K(2619392K) Eden: 2463232K(2463232K)->0K(2463232K) From: 147541K(166400K)->156020K(156160K)
[7453.306s][info][gc,heap        ] GC(2469) ParOldGen: 3119766K(3120128K)->3210518K(3210752K)
[7453.306s][info][gc,metaspace   ] GC(2469) Metaspace: 29125K(29440K)->29125K(29440K) NonClass: 24240K(24384K)->24240K(24384K) Class: 4885K(5056K)->4885K(5056K)
[7453.306s][info][gc             ] GC(2469) Pause Young (Allocation Failure) 5596M->3287M(5693M) 106.411ms
[7453.306s][info][gc,cpu         ] GC(2469) User=0.60s Sys=0.02s Real=0.10s
..[7454.830s][info][gc,start       ] GC(2470) Pause Young (Allocation Failure)
[7454.936s][info][gc,heap        ] GC(2470) PSYoungGen: 2619252K(2619392K)->152660K(2630144K) Eden: 2463232K(2463232K)->0K(2464256K) From: 156020K(156160K)->152660K(165888K)
[7454.936s][info][gc,heap        ] GC(2470) ParOldGen: 3210518K(3210752K)->3303022K(3303424K)
[7454.936s][info][gc,metaspace   ] GC(2470) Metaspace: 29125K(29440K)->29125K(29440K) NonClass: 24240K(24384K)->24240K(24384K) Class: 4885K(5056K)->4885K(5056K)
[7454.936s][info][gc             ] GC(2470) Pause Young (Allocation Failure) 5693M->3374M(5794M) 106.004ms
[7454.936s][info][gc,cpu         ] GC(2470) User=0.59s Sys=0.04s Real=0.10s
.[7456.454s][info][gc,start       ] GC(2471) Pause Young (Allocation Failure)
[7456.564s][info][gc,heap        ] GC(2471) PSYoungGen: 2616916K(2630144K)->157962K(2629120K) Eden: 2464256K(2464256K)->0K(2464256K) From: 152660K(165888K)->157962K(164864K)
[7456.564s][info][gc,heap        ] GC(2471) ParOldGen: 3303022K(3303424K)->3396326K(3396608K)
[7456.564s][info][gc,metaspace   ] GC(2471) Metaspace: 29125K(29440K)->29125K(29440K) NonClass: 24240K(24384K)->24240K(24384K) Class: 4885K(5056K)->4885K(5056K)
[7456.564s][info][gc             ] GC(2471) Pause Young (Allocation Failure) 5781M->3470M(5884M) 110.385ms
[7456.564s][info][gc,cpu         ] GC(2471) User=0.62s Sys=0.03s Real=0.11s
..[7458.123s][info][gc,start       ] GC(2472) Pause Young (Allocation Failure)
[7458.227s][info][gc,heap        ] GC(2472) PSYoungGen: 2622218K(2629120K)->154016K(2629632K) Eden: 2464256K(2464256K)->0K(2465792K) From: 157962K(164864K)->154016K(163840K)
[7458.227s][info][gc,heap        ] GC(2472) ParOldGen: 3396326K(3396608K)->3486134K(3486208K)
[7458.227s][info][gc,metaspace   ] GC(2472) Metaspace: 29125K(29440K)->29125K(29440K) NonClass: 24240K(24384K)->24240K(24384K) Class: 4885K(5056K)->4885K(5056K)
[7458.227s][info][gc             ] GC(2472) Pause Young (Allocation Failure) 5877M->3554M(5972M) 103.750ms
[7458.227s][info][gc,cpu         ] GC(2472) User=0.59s Sys=0.02s Real=0.10s
.[7459.756s][info][gc,start       ] GC(2473) Pause Young (Allocation Failure)
[7459.861s][info][gc,heap        ] GC(2473) PSYoungGen: 2619808K(2629632K)->149920K(2630144K) Eden: 2465792K(2465792K)->0K(2465792K) From: 154016K(163840K)->149920K(164352K)
[7459.861s][info][gc,heap        ] GC(2473) ParOldGen: 3486134K(3486208K)->3581230K(3581440K)
[7459.861s][info][gc,metaspace   ] GC(2473) Metaspace: 29125K(29440K)->29125K(29440K) NonClass: 24240K(24384K)->24240K(24384K) Class: 4885K(5056K)->4885K(5056K)
[7459.861s][info][gc             ] GC(2473) Pause Young (Allocation Failure) 5962M->3643M(6066M) 104.262ms
[7459.861s][info][gc,cpu         ] GC(2473) User=0.58s Sys=0.03s Real=0.11s
..[7461.304s][info][gc,start       ] GC(2474) Pause Young (Allocation Failure)
[7461.404s][info][gc,heap        ] GC(2474) PSYoungGen: 2615712K(2630144K)->145776K(2631680K) Eden: 2465792K(2465792K)->0K(2467328K) From: 149920K(164352K)->145776K(164352K)
[7461.404s][info][gc,heap        ] GC(2474) ParOldGen: 3581230K(3581440K)->3671430K(3671552K)
[7461.404s][info][gc,metaspace   ] GC(2474) Metaspace: 29125K(29440K)->29125K(29440K) NonClass: 24240K(24384K)->24240K(24384K) Class: 4885K(5056K)->4885K(5056K)
[7461.404s][info][gc             ] GC(2474) Pause Young (Allocation Failure) 6051M->3727M(6155M) 99.630ms
[7461.404s][info][gc,cpu         ] GC(2474) User=0.56s Sys=0.03s Real=0.10s
.[7462.992s][info][gc,start       ] GC(2475) Pause Young (Allocation Failure)
[7463.096s][info][gc,heap        ] GC(2475) PSYoungGen: 2613104K(2631680K)->144032K(2611712K) Eden: 2467328K(2467328K)->0K(2467328K) From: 145776K(164352K)->144032K(144384K)
[7463.096s][info][gc,heap        ] GC(2475) ParOldGen: 3671430K(3671552K)->3768030K(3768320K)
[7463.096s][info][gc,metaspace   ] GC(2475) Metaspace: 29125K(29440K)->29125K(29440K) NonClass: 24240K(24384K)->24240K(24384K) Class: 4885K(5056K)->4885K(5056K)
[7463.096s][info][gc             ] GC(2475) Pause Young (Allocation Failure) 6137M->3820M(6230M) 103.623ms
[7463.096s][info][gc,cpu         ] GC(2475) User=0.58s Sys=0.03s Real=0.10s
..|[7464.545s][info][gc,start       ] GC(2476) Pause Young (Allocation Failure)
[7464.654s][info][gc,heap        ] GC(2476) PSYoungGen: 2611360K(2611712K)->159088K(2629120K) Eden: 2467328K(2467328K)->0K(2464256K) From: 144032K(144384K)->159088K(164864K)
[7464.654s][info][gc,heap        ] GC(2476) ParOldGen: 3768030K(3768320K)->3856286K(3856384K)
[7464.654s][info][gc,metaspace   ] GC(2476) Metaspace: 29125K(29440K)->29125K(29440K) NonClass: 24240K(24384K)->24240K(24384K) Class: 4885K(5056K)->4885K(5056K)
[7464.654s][info][gc             ] GC(2476) Pause Young (Allocation Failure) 6229M->3921M(6333M) 108.595ms
[7464.654s][info][gc,cpu         ] GC(2476) User=0.62s Sys=0.03s Real=0.11s
.[7466.189s][info][gc,start       ] GC(2477) Pause Young (Allocation Failure)
[7466.297s][info][gc,heap        ] GC(2477) PSYoungGen: 2623344K(2629120K)->152416K(2630144K) Eden: 2464256K(2464256K)->0K(2464256K) From: 159088K(164864K)->152416K(165888K)
[7466.297s][info][gc,heap        ] GC(2477) ParOldGen: 3856286K(3856384K)->3953174K(3953664K)
[7466.297s][info][gc,metaspace   ] GC(2477) Metaspace: 29125K(29440K)->29125K(29440K) NonClass: 24240K(24384K)->24240K(24384K) Class: 4885K(5056K)->4885K(5056K)
[7466.297s][info][gc             ] GC(2477) Pause Young (Allocation Failure) 6327M->4009M(6429M) 108.011ms
[7466.297s][info][gc,cpu         ] GC(2477) User=0.60s Sys=0.04s Real=0.10s
..[7467.898s][info][gc,start       ] GC(2478) Pause Young (Allocation Failure)
[7467.999s][info][gc,heap        ] GC(2478) PSYoungGen: 2616672K(2630144K)->137824K(2629120K) Eden: 2464256K(2464256K)->0K(2464256K) From: 152416K(165888K)->137824K(164864K)
[7467.999s][info][gc,heap        ] GC(2478) ParOldGen: 3953174K(3953664K)->4047446K(4047872K)
[7467.999s][info][gc,metaspace   ] GC(2478) Metaspace: 29125K(29440K)->29125K(29440K) NonClass: 24240K(24384K)->24240K(24384K) Class: 4885K(5056K)->4885K(5056K)
[7467.999s][info][gc             ] GC(2478) Pause Young (Allocation Failure) 6415M->4087M(6520M) 100.756ms
[7467.999s][info][gc,cpu         ] GC(2478) User=0.57s Sys=0.02s Real=0.11s
.[7469.373s][info][gc,start       ] GC(2479) Pause Young (Allocation Failure)
[7469.475s][info][gc,heap        ] GC(2479) PSYoungGen: 2602080K(2629120K)->143744K(2630144K) Eden: 2464256K(2464256K)->0K(2464256K) From: 137824K(164864K)->143744K(165888K)
[7469.475s][info][gc,heap        ] GC(2479) ParOldGen: 4047446K(4047872K)->4136358K(4136448K)
[7469.475s][info][gc,metaspace   ] GC(2479) Metaspace: 29125K(29440K)->29125K(29440K) NonClass: 24240K(24384K)->24240K(24384K) Class: 4885K(5056K)->4885K(5056K)
[7469.475s][info][gc             ] GC(2479) Pause Young (Allocation Failure) 6493M->4179M(6608M) 101.555ms
[7469.475s][info][gc,cpu         ] GC(2479) User=0.55s Sys=0.04s Real=0.10s
.[7471.064s][info][gc,start       ] GC(2480) Pause Young (Allocation Failure)
[7471.171s][info][gc,heap        ] GC(2480) PSYoungGen: 2608000K(2630144K)->146048K(2628096K) Eden: 2464256K(2464256K)->0K(2464256K) From: 143744K(165888K)->146048K(163840K)
[7471.171s][info][gc,heap        ] GC(2480) ParOldGen: 4136358K(4136448K)->4232614K(4232704K)
[7471.171s][info][gc,metaspace   ] GC(2480) Metaspace: 29125K(29440K)->29125K(29440K) NonClass: 24240K(24384K)->24240K(24384K) Class: 4885K(5056K)->4885K(5056K)
[7471.171s][info][gc             ] GC(2480) Pause Young (Allocation Failure) 6586M->4276M(6700M) 106.638ms
[7471.171s][info][gc,cpu         ] GC(2480) User=0.60s Sys=0.03s Real=0.11s
.[7472.622s][info][gc,start       ] GC(2481) Pause Young (Allocation Failure)
[7472.786s][info][gc,heap        ] GC(2481) PSYoungGen: 2610304K(2628096K)->164840K(2629120K) Eden: 2464256K(2464256K)->0K(2464256K) From: 146048K(163840K)->164840K(164864K)
[7472.786s][info][gc,heap        ] GC(2481) ParOldGen: 4232614K(4232704K)->4326622K(4326912K)
[7472.786s][info][gc,metaspace   ] GC(2481) Metaspace: 29125K(29440K)->29125K(29440K) NonClass: 24240K(24384K)->24240K(24384K) Class: 4885K(5056K)->4885K(5056K)
[7472.786s][info][gc             ] GC(2481) Pause Young (Allocation Failure) 6682M->4386M(6793M) 163.794ms
[7472.786s][info][gc,cpu         ] GC(2481) User=0.66s Sys=0.03s Real=0.16s
..[7474.286s][info][gc,start       ] GC(2482) Pause Young (Allocation Failure)
[7474.390s][info][gc,heap        ] GC(2482) PSYoungGen: 2629096K(2629120K)->148896K(2559488K) Eden: 2464256K(2464256K)->0K(2392576K) From: 164840K(164864K)->148896K(166912K)
[7474.390s][info][gc,heap        ] GC(2482) ParOldGen: 4326622K(4326912K)->4416910K(4417024K)
[7474.390s][info][gc,metaspace   ] GC(2482) Metaspace: 29125K(29440K)->29125K(29440K) NonClass: 24240K(24384K)->24240K(24384K) Class: 4885K(5056K)->4885K(5056K)
[7474.390s][info][gc             ] GC(2482) Pause Young (Allocation Failure) 6792M->4458M(6813M) 103.418ms
[7474.390s][info][gc,cpu         ] GC(2482) User=0.59s Sys=0.03s Real=0.11s
.[7475.810s][info][gc,start       ] GC(2483) Pause Young (Allocation Failure)
[7475.916s][info][gc,heap        ] GC(2483) PSYoungGen: 2541472K(2559488K)->152192K(2594304K) Eden: 2392576K(2392576K)->0K(2392576K) From: 148896K(166912K)->152192K(201728K)
[7475.916s][info][gc,heap        ] GC(2483) ParOldGen: 4416910K(4417024K)->4510766K(4511232K)
[7475.916s][info][gc,metaspace   ] GC(2483) Metaspace: 29125K(29440K)->29125K(29440K) NonClass: 24240K(24384K)->24240K(24384K) Class: 4885K(5056K)->4885K(5056K)
[7475.916s][info][gc             ] GC(2483) Pause Young (Allocation Failure) 6795M->4553M(6939M) 105.969ms
[7475.916s][info][gc,cpu         ] GC(2483) User=0.61s Sys=0.03s Real=0.10s
.[7477.377s][info][gc,start       ] GC(2484) Pause Young (Allocation Failure)
[7477.483s][info][gc,heap        ] GC(2484) PSYoungGen: 2544768K(2594304K)->147776K(2587136K) Eden: 2392576K(2392576K)->0K(2395648K) From: 152192K(201728K)->147776K(191488K)
[7477.483s][info][gc,heap        ] GC(2484) ParOldGen: 4510766K(4511232K)->4608814K(4609024K)
[7477.483s][info][gc,metaspace   ] GC(2484) Metaspace: 29125K(29440K)->29125K(29440K) NonClass: 24240K(24384K)->24240K(24384K) Class: 4885K(5056K)->4885K(5056K)
[7477.483s][info][gc             ] GC(2484) Pause Young (Allocation Failure) 6890M->4645M(7027M) 106.147ms
[7477.483s][info][gc,cpu         ] GC(2484) User=0.60s Sys=0.03s Real=0.11s
.[7478.969s][info][gc,start       ] GC(2485) Pause Young (Allocation Failure)
[7479.070s][info][gc,heap        ] GC(2485) PSYoungGen: 2543424K(2587136K)->139744K(2592256K) Eden: 2395648K(2395648K)->0K(2395648K) From: 147776K(191488K)->139744K(196608K)
[7479.070s][info][gc,heap        ] GC(2485) ParOldGen: 4608814K(4609024K)->4700222K(4700672K)
[7479.070s][info][gc,metaspace   ] GC(2485) Metaspace: 29125K(29440K)->29125K(29440K) NonClass: 24240K(24384K)->24240K(24384K) Class: 4885K(5056K)->4885K(5056K)
[7479.070s][info][gc             ] GC(2485) Pause Young (Allocation Failure) 6984M->4726M(7122M) 100.851ms
[7479.070s][info][gc,cpu         ] GC(2485) User=0.57s Sys=0.03s Real=0.10s
..[7480.442s][info][gc,start       ] GC(2486) Pause Young (Allocation Failure)
[7480.554s][info][gc,heap        ] GC(2486) PSYoungGen: 2535392K(2592256K)->165077K(2597376K) Eden: 2395648K(2395648K)->0K(2403840K) From: 139744K(196608K)->165077K(193536K)
[7480.554s][info][gc,heap        ] GC(2486) ParOldGen: 4700222K(4700672K)->4790462K(4790784K)
[7480.554s][info][gc,metaspace   ] GC(2486) Metaspace: 29125K(29440K)->29125K(29440K) NonClass: 24240K(24384K)->24240K(24384K) Class: 4885K(5056K)->4885K(5056K)
[7480.554s][info][gc             ] GC(2486) Pause Young (Allocation Failure) 7066M->4839M(7215M) 111.193ms
[7480.554s][info][gc,cpu         ] GC(2486) User=0.64s Sys=0.03s Real=0.11s
.[7482.041s][info][gc,start       ] GC(2487) Pause Young (Allocation Failure)
[7482.148s][info][gc,heap        ] GC(2487) PSYoungGen: 2568917K(2597376K)->150688K(2598912K) Eden: 2403840K(2403840K)->0K(2403840K) From: 165077K(193536K)->150688K(195072K)
[7482.148s][info][gc,heap        ] GC(2487) ParOldGen: 4790462K(4790784K)->4886038K(4886528K)
[7482.148s][info][gc,metaspace   ] GC(2487) Metaspace: 29125K(29440K)->29125K(29440K) NonClass: 24240K(24384K)->24240K(24384K) Class: 4885K(5056K)->4885K(5056K)
[7482.148s][info][gc             ] GC(2487) Pause Young (Allocation Failure) 7186M->4918M(7310M) 107.470ms
[7482.148s][info][gc,cpu         ] GC(2487) User=0.62s Sys=0.02s Real=0.10s
.[7483.619s][info][gc,start       ] GC(2488) Pause Young (Allocation Failure)
[7483.772s][info][gc,heap        ] GC(2488) PSYoungGen: 2554528K(2598912K)->148768K(2596864K) Eden: 2403840K(2403840K)->0K(2408448K) From: 150688K(195072K)->148768K(188416K)
[7483.772s][info][gc,heap        ] GC(2488) ParOldGen: 4886038K(4886528K)->4980022K(4980224K)
[7483.772s][info][gc,metaspace   ] GC(2488) Metaspace: 29125K(29440K)->29125K(29440K) NonClass: 24240K(24384K)->24240K(24384K) Class: 4885K(5056K)->4885K(5056K)
[7483.772s][info][gc             ] GC(2488) Pause Young (Allocation Failure) 7266M->5008M(7399M) 153.138ms
[7483.772s][info][gc,cpu         ] GC(2488) User=0.59s Sys=0.03s Real=0.15s
.[7485.107s][info][gc,start       ] GC(2489) Pause Young (Allocation Failure)
[7485.215s][info][gc,heap        ] GC(2489) PSYoungGen: 2557216K(2596864K)->160896K(2598400K) Eden: 2408448K(2408448K)->0K(2408448K) From: 148768K(188416K)->160896K(189952K)
[7485.215s][info][gc,heap        ] GC(2489) ParOldGen: 4980022K(4980224K)->5068678K(5068800K)
[7485.215s][info][gc,metaspace   ] GC(2489) Metaspace: 29125K(29440K)->29125K(29440K) NonClass: 24240K(24384K)->24240K(24384K) Class: 4885K(5056K)->4885K(5056K)
[7485.215s][info][gc             ] GC(2489) Pause Young (Allocation Failure) 7360M->5107M(7487M) 107.883ms
[7485.215s][info][gc,cpu         ] GC(2489) User=0.60s Sys=0.03s Real=0.11s
..[7486.756s][info][gc,start       ] GC(2490) Pause Young (Allocation Failure)
[7486.868s][info][gc,heap        ] GC(2490) PSYoungGen: 2569344K(2598400K)->151165K(2601984K) Eden: 2408448K(2408448K)->0K(2417664K) From: 160896K(189952K)->151165K(184320K)
[7486.868s][info][gc,heap        ] GC(2490) ParOldGen: 5068678K(5068800K)->5166574K(5166592K)
[7486.868s][info][gc,metaspace   ] GC(2490) Metaspace: 29125K(29440K)->29125K(29440K) NonClass: 24240K(24384K)->24240K(24384K) Class: 4885K(5056K)->4885K(5056K)
[7486.868s][info][gc             ] GC(2490) Pause Young (Allocation Failure) 7459M->5193M(7586M) 111.248ms
[7486.868s][info][gc,cpu         ] GC(2490) User=0.63s Sys=0.03s Real=0.11s
.[7488.281s][info][gc,start       ] GC(2491) Pause Young (Allocation Failure)
[7488.384s][info][gc,heap        ] GC(2491) PSYoungGen: 2568829K(2601984K)->150592K(2604032K) Eden: 2417664K(2417664K)->0K(2417664K) From: 151165K(184320K)->150592K(186368K)
[7488.384s][info][gc,heap        ] GC(2491) ParOldGen: 5166574K(5166592K)->5253150K(5253632K)
[7488.384s][info][gc,metaspace   ] GC(2491) Metaspace: 29125K(29440K)->29125K(29440K) NonClass: 24240K(24384K)->24240K(24384K) Class: 4885K(5056K)->4885K(5056K)
[7488.384s][info][gc             ] GC(2491) Pause Young (Allocation Failure) 7554M->5277M(7673M) 103.404ms
[7488.384s][info][gc,cpu         ] GC(2491) User=0.59s Sys=0.02s Real=0.10s
.[7489.931s][info][gc,start       ] GC(2492) Pause Young (Allocation Failure)
[7490.043s][info][gc,heap        ] GC(2492) PSYoungGen: 2568256K(2604032K)->151002K(2606080K) Eden: 2417664K(2417664K)->0K(2425856K) From: 150592K(186368K)->151002K(180224K)
[7490.043s][info][gc,heap        ] GC(2492) ParOldGen: 5253150K(5253632K)->5347958K(5348352K)
[7490.043s][info][gc,metaspace   ] GC(2492) Metaspace: 29125K(29440K)->29125K(29440K) NonClass: 24240K(24384K)->24240K(24384K) Class: 4885K(5056K)->4885K(5056K)
[7490.043s][info][gc             ] GC(2492) Pause Young (Allocation Failure) 7638M->5370M(7768M) 111.478ms
[7490.043s][info][gc,cpu         ] GC(2492) User=0.62s Sys=0.03s Real=0.11s
..[7491.478s][info][gc,start       ] GC(2493) Pause Young (Allocation Failure)
[7491.587s][info][gc,heap        ] GC(2493) PSYoungGen: 2576858K(2606080K)->160452K(2607616K) Eden: 2425856K(2425856K)->0K(2425856K) From: 151002K(180224K)->160452K(181760K)
[7491.587s][info][gc,heap        ] GC(2493) ParOldGen: 5347958K(5348352K)->5435446K(5435904K)
[7491.587s][info][gc,metaspace   ] GC(2493) Metaspace: 29125K(29440K)->29125K(29440K) NonClass: 24240K(24384K)->24240K(24384K) Class: 4885K(5056K)->4885K(5056K)
[7491.587s][info][gc             ] GC(2493) Pause Young (Allocation Failure) 7739M->5464M(7855M) 109.650ms
[7491.588s][info][gc,cpu         ] GC(2493) User=0.63s Sys=0.02s Real=0.11s
.[7493.004s][info][gc,start       ] GC(2494) Pause Young (Allocation Failure)
[7493.115s][info][gc,heap        ] GC(2494) PSYoungGen: 2586308K(2607616K)->154465K(2608640K) Eden: 2425856K(2425856K)->0K(2433024K) From: 160452K(181760K)->154465K(175616K)
[7493.115s][info][gc,heap        ] GC(2494) ParOldGen: 5435446K(5435904K)->5527102K(5527552K)
[7493.115s][info][gc,metaspace   ] GC(2494) Metaspace: 29125K(29440K)->29125K(29440K) NonClass: 24240K(24384K)->24240K(24384K) Class: 4885K(5056K)->4885K(5056K)
[7493.115s][info][gc             ] GC(2494) Pause Young (Allocation Failure) 7833M->5548M(7945M) 110.773ms
[7493.115s][info][gc,cpu         ] GC(2494) User=0.63s Sys=0.02s Real=0.11s
.[7494.554s][info][gc,start       ] GC(2495) Pause Full (Allocation Failure)
[7494.554s][info][gc,phases,start] GC(2495) Marking Phase
[7494.906s][info][gc,phases      ] GC(2495) Marking Phase 352.203ms
[7494.906s][info][gc,phases,start] GC(2495) Summary Phase
[7494.906s][info][gc,phases      ] GC(2495) Summary Phase 0.094ms
[7494.906s][info][gc,phases,start] GC(2495) Forward
[7495.048s][info][gc,phases      ] GC(2495) Forward 142.001ms
[7495.048s][info][gc,phases,start] GC(2495) Adjust Pointers
[7495.252s][info][gc,phases      ] GC(2495) Adjust Pointers 203.844ms
[7495.252s][info][gc,phases,start] GC(2495) Compaction Phase
[7495.382s][info][gc,phases      ] GC(2495) Compaction Phase 130.335ms
[7495.384s][info][gc,phases,start] GC(2495) Post Compact
[7495.391s][info][gc,phases      ] GC(2495) Post Compact 6.821ms
[7495.535s][info][gc,heap        ] GC(2495) PSYoungGen: 2587489K(2608640K)->0K(2611712K) Eden: 2433024K(2433024K)->0K(2433024K) From: 154465K(175616K)->0K(178688K)
[7495.535s][info][gc,heap        ] GC(2495) ParOldGen: 5527102K(5527552K)->1445143K(1817600K)
[7495.535s][info][gc,metaspace   ] GC(2495) Metaspace: 29125K(29440K)->29125K(29440K) NonClass: 24240K(24384K)->24240K(24384K) Class: 4885K(5056K)->4885K(5056K)
[7495.535s][info][gc             ] GC(2495) Pause Full (Allocation Failure) 7924M->1411M(4325M) 980.964ms
[7495.535s][info][gc,cpu         ] GC(2495) User=4.17s Sys=0.15s Real=0.98s
?..[7497.059s][info][gc,start       ] GC(2496) Pause Young (Allocation Failure)
[7497.128s][info][gc,heap        ] GC(2496) PSYoungGen: 2433024K(2611712K)->146896K(2615296K) Eden: 2433024K(2433024K)->0K(2438656K) From: 0K(178688K)->146896K(176640K)
[7497.128s][info][gc,heap        ] GC(2496) ParOldGen: 1445143K(1817600K)->1445143K(1817600K)
[7497.128s][info][gc,metaspace   ] GC(2496) Metaspace: 29125K(29440K)->29125K(29440K) NonClass: 24240K(24384K)->24240K(24384K) Class: 4885K(5056K)->4885K(5056K)
[7497.128s][info][gc             ] GC(2496) Pause Young (Allocation Failure) 3787M->1554M(4329M) 68.730ms
[7497.128s][info][gc,cpu         ] GC(2496) User=0.41s Sys=0.00s Real=0.06s
.[7498.627s][info][gc,start       ] GC(2497) Pause Young (Allocation Failure)
[7498.778s][info][gc,heap        ] GC(2497) PSYoungGen: 2585552K(2615296K)->156613K(2616320K) Eden: 2438656K(2438656K)->0K(2438656K) From: 146896K(176640K)->156613K(177664K)
[7498.778s][info][gc,heap        ] GC(2497) ParOldGen: 1445143K(1817600K)->1543359K(1817600K)
[7498.778s][info][gc,metaspace   ] GC(2497) Metaspace: 29125K(29440K)->29125K(29440K) NonClass: 24240K(24384K)->24240K(24384K) Class: 4885K(5056K)->4885K(5056K)
[7498.778s][info][gc             ] GC(2497) Pause Young (Allocation Failure) 3936M->1660M(4330M) 150.977ms
[7498.778s][info][gc,cpu         ] GC(2497) User=0.62s Sys=0.00s Real=0.15s
.[7500.260s][info][gc,start       ] GC(2498) Pause Young (Allocation Failure)
[7500.358s][info][gc,heap        ] GC(2498) PSYoungGen: 2595269K(2616320K)->147172K(2616320K) Eden: 2438656K(2438656K)->0K(2441728K) From: 156613K(177664K)->147172K(174592K)
[7500.358s][info][gc,heap        ] GC(2498) ParOldGen: 1543359K(1817600K)->1635591K(1817600K)
[7500.358s][info][gc,metaspace   ] GC(2498) Metaspace: 29125K(29440K)->29125K(29440K) NonClass: 24240K(24384K)->24240K(24384K) Class: 4885K(5056K)->4885K(5056K)
[7500.358s][info][gc             ] GC(2498) Pause Young (Allocation Failure) 4041M->1740M(4330M) 97.742ms
[7500.358s][info][gc,cpu         ] GC(2498) User=0.58s Sys=0.00s Real=0.09s
.[7501.953s][info][gc,start       ] GC(2499) Pause Young (Allocation Failure)
[7502.046s][info][gc,heap        ] GC(2499) PSYoungGen: 2588900K(2616320K)->141920K(2617344K) Eden: 2441728K(2441728K)->0K(2441728K) From: 147172K(174592K)->141920K(175616K)
[7502.046s][info][gc,heap        ] GC(2499) ParOldGen: 1635591K(1817600K)->1725031K(1817600K)
[7502.046s][info][gc,metaspace   ] GC(2499) Metaspace: 29125K(29440K)->29125K(29440K) NonClass: 24240K(24384K)->24240K(24384K) Class: 4885K(5056K)->4885K(5056K)
[7502.046s][info][gc             ] GC(2499) Pause Young (Allocation Failure) 4125M->1823M(4331M) 92.993ms
[7502.046s][info][gc,cpu         ] GC(2499) User=0.55s Sys=0.01s Real=0.09s
.[7503.326s][info][gc,start       ] GC(2500) Pause Young (Allocation Failure)
[7503.439s][info][gc,heap        ] GC(2500) PSYoungGen: 2583648K(2617344K)->175605K(2536448K) Eden: 2441728K(2441728K)->0K(2360832K) From: 141920K(175616K)->175605K(175616K)
[7503.439s][info][gc,heap        ] GC(2500) ParOldGen: 1725031K(1817600K)->1822103K(1822208K)
[7503.439s][info][gc,metaspace   ] GC(2500) Metaspace: 29125K(29440K)->29125K(29440K) NonClass: 24240K(24384K)->24240K(24384K) Class: 4885K(5056K)->4885K(5056K)
[7503.439s][info][gc             ] GC(2500) Pause Young (Allocation Failure) 4207M->1950M(4256M) 112.338ms
[7503.439s][info][gc,cpu         ] GC(2500) User=0.65s Sys=0.01s Real=0.12s
..[7504.892s][info][gc,start       ] GC(2501) Pause Young (Allocation Failure)
[7505.008s][info][gc,heap        ] GC(2501) PSYoungGen: 2536437K(2536448K)->166507K(2578432K) Eden: 2360832K(2360832K)->0K(2360832K) From: 175605K(175616K)->166507K(217600K)
[7505.008s][info][gc,heap        ] GC(2501) ParOldGen: 1822103K(1822208K)->1923959K(1924096K)
[7505.008s][info][gc,metaspace   ] GC(2501) Metaspace: 29125K(29440K)->29125K(29440K) NonClass: 24240K(24384K)->24240K(24384K) Class: 4885K(5056K)->4885K(5056K)
[7505.008s][info][gc             ] GC(2501) Pause Young (Allocation Failure) 4256M->2041M(4397M) 116.412ms
[7505.008s][info][gc,cpu         ] GC(2501) User=0.66s Sys=0.02s Real=0.11s
.[7506.538s][info][gc,start       ] GC(2502) Pause Young (Allocation Failure)
[7506.638s][info][gc,heap        ] GC(2502) PSYoungGen: 2527339K(2578432K)->141076K(2572800K) Eden: 2360832K(2360832K)->0K(2365440K) From: 166507K(217600K)->141076K(207360K)
[7506.638s][info][gc,heap        ] GC(2502) ParOldGen: 1923959K(1924096K)->2018567K(2018816K)
[7506.638s][info][gc,metaspace   ] GC(2502) Metaspace: 29125K(29440K)->29125K(29440K) NonClass: 24240K(24384K)->24240K(24384K) Class: 4885K(5056K)->4885K(5056K)
[7506.638s][info][gc             ] GC(2502) Pause Young (Allocation Failure) 4346M->2109M(4484M) 99.526ms
[7506.638s][info][gc,cpu         ] GC(2502) User=0.56s Sys=0.03s Real=0.10s
.[7508.028s][info][gc,start       ] GC(2503) Pause Young (Allocation Failure)
[7508.129s][info][gc,heap        ] GC(2503) PSYoungGen: 2506516K(2572800K)->152224K(2577920K) Eden: 2365440K(2365440K)->0K(2365440K) From: 141076K(207360K)->152224K(212480K)
[7508.129s][info][gc,heap        ] GC(2503) ParOldGen: 2018567K(2018816K)->2100415K(2100736K)
[7508.129s][info][gc,metaspace   ] GC(2503) Metaspace: 29125K(29440K)->29125K(29440K) NonClass: 24240K(24384K)->24240K(24384K) Class: 4885K(5056K)->4885K(5056K)
[7508.129s][info][gc             ] GC(2503) Pause Young (Allocation Failure) 4419M->2199M(4569M) 100.170ms
[7508.129s][info][gc,cpu         ] GC(2503) User=0.56s Sys=0.03s Real=0.10s
.[7509.509s][info][gc,start       ] GC(2504) Pause Young (Allocation Failure)
[7509.608s][info][gc,heap        ] GC(2504) PSYoungGen: 2517664K(2577920K)->139680K(2579968K) Eden: 2365440K(2365440K)->0K(2374656K) From: 152224K(212480K)->139680K(205312K)
[7509.608s][info][gc,heap        ] GC(2504) ParOldGen: 2100415K(2100736K)->2200595K(2201088K)
[7509.608s][info][gc,metaspace   ] GC(2504) Metaspace: 29125K(29440K)->29125K(29440K) NonClass: 24240K(24384K)->24240K(24384K) Class: 4885K(5056K)->4885K(5056K)
[7509.608s][info][gc             ] GC(2504) Pause Young (Allocation Failure) 4509M->2285M(4669M) 99.382ms
[7509.608s][info][gc,cpu         ] GC(2504) User=0.55s Sys=0.04s Real=0.10s
.[7511.015s][info][gc,start       ] GC(2505) Pause Young (Allocation Failure)
[7511.115s][info][gc,heap        ] GC(2505) PSYoungGen: 2514336K(2579968K)->142897K(2582528K) Eden: 2374656K(2374656K)->0K(2374656K) From: 139680K(205312K)->142897K(207872K)
[7511.115s][info][gc,heap        ] GC(2505) ParOldGen: 2200595K(2201088K)->2290443K(2290688K)
[7511.115s][info][gc,metaspace   ] GC(2505) Metaspace: 29125K(29440K)->29125K(29440K) NonClass: 24240K(24384K)->24240K(24384K) Class: 4885K(5056K)->4885K(5056K)
[7511.115s][info][gc             ] GC(2505) Pause Young (Allocation Failure) 4604M->2376M(4759M) 99.478ms
[7511.115s][info][gc,cpu         ] GC(2505) User=0.56s Sys=0.02s Real=0.10s
.[7512.430s][info][gc,start       ] GC(2506) Pause Young (Allocation Failure)
[7512.540s][info][gc,heap        ] GC(2506) PSYoungGen: 2517553K(2582528K)->166735K(2584576K) Eden: 2374656K(2374656K)->0K(2382336K) From: 142897K(207872K)->166735K(202240K)
[7512.540s][info][gc,heap        ] GC(2506) ParOldGen: 2290443K(2290688K)->2380011K(2380288K)
[7512.540s][info][gc,metaspace   ] GC(2506) Metaspace: 29125K(29440K)->29125K(29440K) NonClass: 24240K(24384K)->24240K(24384K) Class: 4885K(5056K)->4885K(5056K)
[7512.540s][info][gc             ] GC(2506) Pause Young (Allocation Failure) 4695M->2487M(4848M) 110.150ms
[7512.540s][info][gc,cpu         ] GC(2506) User=0.64s Sys=0.03s Real=0.11s
..[7514.068s][info][gc,start       ] GC(2507) Pause Young (Allocation Failure)
[7514.173s][info][gc,heap        ] GC(2507) PSYoungGen: 2549071K(2584576K)->144326K(2586624K) Eden: 2382336K(2382336K)->0K(2382336K) From: 166735K(202240K)->144326K(204288K)
[7514.173s][info][gc,heap        ] GC(2507) ParOldGen: 2380011K(2380288K)->2474891K(2475008K)
[7514.173s][info][gc,metaspace   ] GC(2507) Metaspace: 29125K(29440K)->29125K(29440K) NonClass: 24240K(24384K)->24240K(24384K) Class: 4885K(5056K)->4885K(5056K)
[7514.173s][info][gc             ] GC(2507) Pause Young (Allocation Failure) 4813M->2557M(4943M) 104.741ms
[7514.173s][info][gc,cpu         ] GC(2507) User=0.60s Sys=0.02s Real=0.11s
.[7515.554s][info][gc,start       ] GC(2508) Pause Young (Allocation Failure)
[7515.654s][info][gc,heap        ] GC(2508) PSYoungGen: 2526662K(2586624K)->151204K(2584576K) Eden: 2382336K(2382336K)->0K(2389504K) From: 144326K(204288K)->151204K(195072K)
[7515.654s][info][gc,heap        ] GC(2508) ParOldGen: 2474891K(2475008K)->2561675K(2562048K)
[7515.654s][info][gc,metaspace   ] GC(2508) Metaspace: 29125K(29440K)->29125K(29440K) NonClass: 24240K(24384K)->24240K(24384K) Class: 4885K(5056K)->4885K(5056K)
[7515.654s][info][gc             ] GC(2508) Pause Young (Allocation Failure) 4884M->2649M(5026M) 100.378ms
[7515.654s][info][gc,cpu         ] GC(2508) User=0.57s Sys=0.02s Real=0.10s
.[7517.077s][info][gc,start       ] GC(2509) Pause Young (Allocation Failure)
[7517.191s][info][gc,heap        ] GC(2509) PSYoungGen: 2540708K(2584576K)->168320K(2588160K) Eden: 2389504K(2389504K)->0K(2389504K) From: 151204K(195072K)->168320K(198656K)
[7517.191s][info][gc,heap        ] GC(2509) ParOldGen: 2561675K(2562048K)->2653667K(2653696K)
[7517.191s][info][gc,metaspace   ] GC(2509) Metaspace: 29125K(29440K)->29125K(29440K) NonClass: 24240K(24384K)->24240K(24384K) Class: 4885K(5056K)->4885K(5056K)
[7517.191s][info][gc             ] GC(2509) Pause Young (Allocation Failure) 4982M->2755M(5119M) 113.451ms
[7517.191s][info][gc,cpu         ] GC(2509) User=0.63s Sys=0.03s Real=0.12s
.[7518.596s][info][gc,start       ] GC(2510) Pause Young (Allocation Failure)
[7518.750s][info][gc,heap        ] GC(2510) PSYoungGen: 2557824K(2588160K)->156485K(2589696K) Eden: 2389504K(2389504K)->0K(2398208K) From: 168320K(198656K)->156485K(191488K)
[7518.750s][info][gc,heap        ] GC(2510) ParOldGen: 2653667K(2653696K)->2747811K(2747904K)
[7518.750s][info][gc,metaspace   ] GC(2510) Metaspace: 29125K(29440K)->29125K(29440K) NonClass: 24240K(24384K)->24240K(24384K) Class: 4885K(5056K)->4885K(5056K)
[7518.750s][info][gc             ] GC(2510) Pause Young (Allocation Failure) 5089M->2836M(5212M) 154.181ms
[7518.750s][info][gc,cpu         ] GC(2510) User=0.60s Sys=0.03s Real=0.16s
.[7520.136s][info][gc,start       ] GC(2511) Pause Young (Allocation Failure)
[7520.243s][info][gc,heap        ] GC(2511) PSYoungGen: 2554693K(2589696K)->162483K(2593280K) Eden: 2398208K(2398208K)->0K(2398208K) From: 156485K(191488K)->162483K(195072K)
[7520.243s][info][gc,heap        ] GC(2511) ParOldGen: 2747811K(2747904K)->2840419K(2840576K)
[7520.243s][info][gc,metaspace   ] GC(2511) Metaspace: 29125K(29440K)->29125K(29440K) NonClass: 24240K(24384K)->24240K(24384K) Class: 4885K(5056K)->4885K(5056K)
[7520.243s][info][gc             ] GC(2511) Pause Young (Allocation Failure) 5178M->2932M(5306M) 106.772ms
[7520.243s][info][gc,cpu         ] GC(2511) User=0.61s Sys=0.02s Real=0.11s
..[7521.643s][info][gc,start       ] GC(2512) Pause Young (Allocation Failure)
[7521.799s][info][gc,heap        ] GC(2512) PSYoungGen: 2560691K(2593280K)->164549K(2597376K) Eden: 2398208K(2398208K)->0K(2407936K) From: 162483K(195072K)->164549K(189440K)
[7521.799s][info][gc,heap        ] GC(2512) ParOldGen: 2840419K(2840576K)->2934531K(2934784K)
[7521.799s][info][gc,metaspace   ] GC(2512) Metaspace: 29125K(29440K)->29125K(29440K) NonClass: 24240K(24384K)->24240K(24384K) Class: 4885K(5056K)->4885K(5056K)
[7521.799s][info][gc             ] GC(2512) Pause Young (Allocation Failure) 5274M->3026M(5402M) 156.046ms
[7521.799s][info][gc,cpu         ] GC(2512) User=0.62s Sys=0.04s Real=0.16s
.[7523.246s][info][gc,start       ] GC(2513) Pause Young (Allocation Failure)
[7523.347s][info][gc,heap        ] GC(2513) PSYoungGen: 2572485K(2597376K)->146048K(2599936K) Eden: 2407936K(2407936K)->0K(2407936K) From: 164549K(189440K)->146048K(192000K)
[7523.347s][info][gc,heap        ] GC(2513) ParOldGen: 2934531K(2934784K)->3028499K(3028992K)
[7523.347s][info][gc,metaspace   ] GC(2513) Metaspace: 29125K(29440K)->29125K(29440K) NonClass: 24240K(24384K)->24240K(24384K) Class: 4885K(5056K)->4885K(5056K)
[7523.347s][info][gc             ] GC(2513) Pause Young (Allocation Failure) 5377M->3100M(5497M) 101.541ms
[7523.347s][info][gc,cpu         ] GC(2513) User=0.56s Sys=0.03s Real=0.10s
.[7524.970s][info][gc,start       ] GC(2514) Pause Young (Allocation Failure)
[7525.074s][info][gc,heap        ] GC(2514) PSYoungGen: 2553984K(2599936K)->143840K(2600960K) Eden: 2407936K(2407936K)->0K(2413056K) From: 146048K(192000K)->143840K(187904K)
[7525.074s][info][gc,heap        ] GC(2514) ParOldGen: 3028499K(3028992K)->3123451K(3123712K)
[7525.074s][info][gc,metaspace   ] GC(2514) Metaspace: 29125K(29440K)->29125K(29440K) NonClass: 24240K(24384K)->24240K(24384K) Class: 4885K(5056K)->4885K(5056K)
[7525.074s][info][gc             ] GC(2514) Pause Young (Allocation Failure) 5451M->3190M(5590M) 103.351ms
[7525.074s][info][gc,cpu         ] GC(2514) User=0.58s Sys=0.03s Real=0.10s
. (rIR:aIR:PR = 12592:12658:12468) (tPR = 185630) [OK] 
  7525s: Performance info:
         Transaction,    Success,    Partial,     Failed,   Receipts, AvgBarcode, 
             Overall,     757769,          0,          0,     718191,      59.47, 
         Response times:
             Request,    Success,    Partial,     Failed,   SkipFail,     Probes,    Samples,      min,      p50,      p90,      p95,      p99,      max, 
       TotalPurchase,     731662,          0,          0,          0,      51116,     447310,      600,   670000,  1200000,  1400000,  1800000,  2800000,
     InStorePurchase,     387475,          0,          0,          0,      26104,     235073,     1000,   670000,  1200000,  1400000,  1700000,  2800000,
      OnlinePurchase,     268621,          0,          0,          0,      18448,     163907,      600,   660000,  1200000,  1400000,  2000000,  2800000,
        InstPurchase,      75566,          0,          0,          0,       6564,      48330,     1000,   680000,  1300000,  1400000,  1700000,  2100000,
          AssocOfCat,        762,          0,          0,          0,        252,        951,    69000,   620000,  1200000,  1300000,  1900000,  2200000,
      AssocOfProduct,       7462,          0,          0,          0,        757,       4733,     4600,   700000,  1200000,  1300000,  1700000,  1900000,
      BusinessReport,       1917,          0,          0,          0,        618,       2281,    79000,   680000,  1200000,  1300000,  1500000,  2800000,
          CustBuyBeh,       7647,          0,          0,          0,        620,       4851,     5300,   710000,  1400000,  1500000,  1800000,  1900000,
       ProductReturn,      20799,          0,          0,          0,       2374,      12614,     5200,   720000,  1300000,  1500000,  1700000,  2000000,

  7525s: (92%)   IR =  12730 [7526.327s][info][gc,start       ] GC(2515) Pause Young (Allocation Failure)
[7526.426s][info][gc,heap        ] GC(2515) PSYoungGen: 2556896K(2600960K)->151200K(2603008K) Eden: 2413056K(2413056K)->0K(2413056K) From: 143840K(187904K)->151200K(189952K)
[7526.426s][info][gc,heap        ] GC(2515) ParOldGen: 3123451K(3123712K)->3204907K(3205120K)
[7526.426s][info][gc,metaspace   ] GC(2515) Metaspace: 29125K(29440K)->29125K(29440K) NonClass: 24240K(24384K)->24240K(24384K) Class: 4885K(5056K)->4885K(5056K)
[7526.426s][info][gc             ] GC(2515) Pause Young (Allocation Failure) 5547M->3277M(5672M) 98.994ms
[7526.426s][info][gc,cpu         ] GC(2515) User=0.56s Sys=0.02s Real=0.10s
..[7527.939s][info][gc,start       ] GC(2516) Pause Young (Allocation Failure)
[7528.045s][info][gc,heap        ] GC(2516) PSYoungGen: 2564256K(2603008K)->143968K(2604544K) Eden: 2413056K(2413056K)->0K(2418688K) From: 151200K(189952K)->143968K(185856K)
[7528.045s][info][gc,heap        ] GC(2516) ParOldGen: 3204907K(3205120K)->3308667K(3309056K)
[7528.045s][info][gc,metaspace   ] GC(2516) Metaspace: 29125K(29440K)->29125K(29440K) NonClass: 24240K(24384K)->24240K(24384K) Class: 4885K(5056K)->4885K(5056K)
[7528.045s][info][gc             ] GC(2516) Pause Young (Allocation Failure) 5633M->3371M(5775M) 106.319ms
[7528.045s][info][gc,cpu         ] GC(2516) User=0.60s Sys=0.02s Real=0.10s
.[7529.579s][info][gc,start       ] GC(2517) Pause Young (Allocation Failure)
[7529.676s][info][gc,heap        ] GC(2517) PSYoungGen: 2562656K(2604544K)->136288K(2605056K) Eden: 2418688K(2418688K)->0K(2418688K) From: 143968K(185856K)->136288K(186368K)
[7529.676s][info][gc,heap        ] GC(2517) ParOldGen: 3308667K(3309056K)->3399035K(3399168K)
[7529.676s][info][gc,metaspace   ] GC(2517) Metaspace: 29125K(29440K)->29125K(29440K) NonClass: 24240K(24384K)->24240K(24384K) Class: 4885K(5056K)->4885K(5056K)
[7529.676s][info][gc             ] GC(2517) Pause Young (Allocation Failure) 5733M->3452M(5863M) 97.337ms
[7529.676s][info][gc,cpu         ] GC(2517) User=0.53s Sys=0.04s Real=0.09s
.[7531.135s][info][gc,start       ] GC(2518) Pause Young (Allocation Failure)
[7531.238s][info][gc,heap        ] GC(2518) PSYoungGen: 2554976K(2605056K)->150432K(2603520K) Eden: 2418688K(2418688K)->0K(2423296K) From: 136288K(186368K)->150432K(180224K)
[7531.238s][info][gc,heap        ] GC(2518) ParOldGen: 3399035K(3399168K)->3486323K(3486720K)
[7531.238s][info][gc,metaspace   ] GC(2518) Metaspace: 29125K(29440K)->29125K(29440K) NonClass: 24240K(24384K)->24240K(24384K) Class: 4885K(5056K)->4885K(5056K)
[7531.238s][info][gc             ] GC(2518) Pause Young (Allocation Failure) 5814M->3551M(5947M) 102.383ms
[7531.238s][info][gc,cpu         ] GC(2518) User=0.58s Sys=0.02s Real=0.10s
..[7532.801s][info][gc,start       ] GC(2519) Pause Young (Allocation Failure)
[7532.907s][info][gc,heap        ] GC(2519) PSYoungGen: 2573728K(2603520K)->147894K(2606592K) Eden: 2423296K(2423296K)->0K(2423296K) From: 150432K(180224K)->147894K(183296K)
[7532.907s][info][gc,heap        ] GC(2519) ParOldGen: 3486323K(3486720K)->3581395K(3581440K)
[7532.907s][info][gc,metaspace   ] GC(2519) Metaspace: 29125K(29440K)->29125K(29440K) NonClass: 24240K(24384K)->24240K(24384K) Class: 4885K(5056K)->4885K(5056K)
[7532.907s][info][gc             ] GC(2519) Pause Young (Allocation Failure) 5918M->3641M(6043M) 105.902ms
[7532.907s][info][gc,cpu         ] GC(2519) User=0.59s Sys=0.03s Real=0.10s
.[7534.243s][info][gc,start       ] GC(2520) Pause Young (Allocation Failure)
[7534.347s][info][gc,heap        ] GC(2520) PSYoungGen: 2571190K(2606592K)->159968K(2612736K) Eden: 2423296K(2423296K)->0K(2432000K) From: 147894K(183296K)->159968K(180736K)
[7534.347s][info][gc,heap        ] GC(2520) ParOldGen: 3581395K(3581440K)->3666883K(3666944K)
[7534.347s][info][gc,metaspace   ] GC(2520) Metaspace: 29125K(29440K)->29125K(29440K) NonClass: 24240K(24384K)->24240K(24384K) Class: 4885K(5056K)->4885K(5056K)
[7534.347s][info][gc             ] GC(2520) Pause Young (Allocation Failure) 6008M->3737M(6132M) 104.142ms
[7534.347s][info][gc,cpu         ] GC(2520) User=0.59s Sys=0.03s Real=0.10s
..[7535.870s][info][gc,start       ] GC(2521) Pause Young (Allocation Failure)
[7535.975s][info][gc,heap        ] GC(2521) PSYoungGen: 2591968K(2612736K)->147813K(2613248K) Eden: 2432000K(2432000K)->0K(2432000K) From: 159968K(180736K)->147813K(181248K)
[7535.975s][info][gc,heap        ] GC(2521) ParOldGen: 3666883K(3666944K)->3765155K(3765248K)
[7535.975s][info][gc,metaspace   ] GC(2521) Metaspace: 29125K(29440K)->29125K(29440K) NonClass: 24240K(24384K)->24240K(24384K) Class: 4885K(5056K)->4885K(5056K)
[7535.975s][info][gc             ] GC(2521) Pause Young (Allocation Failure) 6112M->3821M(6229M) 105.668ms
[7535.975s][info][gc,cpu         ] GC(2521) User=0.60s Sys=0.02s Real=0.10s
.[7537.380s][info][gc,start       ] GC(2522) Pause Young (Allocation Failure)
[7537.482s][info][gc,heap        ] GC(2522) PSYoungGen: 2579813K(2613248K)->144608K(2613248K) Eden: 2432000K(2432000K)->0K(2435584K) From: 147813K(181248K)->144608K(177664K)
[7537.482s][info][gc,heap        ] GC(2522) ParOldGen: 3765155K(3765248K)->3856291K(3856384K)
[7537.482s][info][gc,metaspace   ] GC(2522) Metaspace: 29125K(29440K)->29125K(29440K) NonClass: 24240K(24384K)->24240K(24384K) Class: 4885K(5056K)->4885K(5056K)
[7537.482s][info][gc             ] GC(2522) Pause Young (Allocation Failure) 6196M->3907M(6318M) 102.343ms
[7537.482s][info][gc,cpu         ] GC(2522) User=0.57s Sys=0.04s Real=0.10s
.[7539.038s][info][gc,start       ] GC(2523) Pause Young (Allocation Failure)
[7539.143s][info][gc,heap        ] GC(2523) PSYoungGen: 2580192K(2613248K)->148628K(2613248K) Eden: 2435584K(2435584K)->0K(2435584K) From: 144608K(177664K)->148628K(177664K)
[7539.143s][info][gc,heap        ] GC(2523) ParOldGen: 3856291K(3856384K)->3949739K(3950080K)
[7539.143s][info][gc,metaspace   ] GC(2523) Metaspace: 29125K(29440K)->29125K(29440K) NonClass: 24240K(24384K)->24240K(24384K) Class: 4885K(5056K)->4885K(5056K)
[7539.143s][info][gc             ] GC(2523) Pause Young (Allocation Failure) 6285M->4002M(6409M) 105.179ms
[7539.143s][info][gc,cpu         ] GC(2523) User=0.60s Sys=0.02s Real=0.11s
..[7540.636s][info][gc,start       ] GC(2524) Pause Young (Allocation Failure)
[7540.783s][info][gc,heap        ] GC(2524) PSYoungGen: 2584212K(2613248K)->142336K(2617344K) Eden: 2435584K(2435584K)->0K(2441728K) From: 148628K(177664K)->142336K(175616K)
[7540.783s][info][gc,heap        ] GC(2524) ParOldGen: 3949739K(3950080K)->4038083K(4038144K)
[7540.783s][info][gc,metaspace   ] GC(2524) Metaspace: 29125K(29440K)->29125K(29440K) NonClass: 24240K(24384K)->24240K(24384K) Class: 4885K(5056K)->4885K(5056K)
[7540.783s][info][gc             ] GC(2524) Pause Young (Allocation Failure) 6380M->4082M(6499M) 147.259ms
[7540.783s][info][gc,cpu         ] GC(2524) User=0.57s Sys=0.03s Real=0.15s
.[7542.177s][info][gc,start       ] GC(2525) Pause Young (Allocation Failure)
[7542.283s][info][gc,heap        ] GC(2525) PSYoungGen: 2584064K(2617344K)->160800K(2616320K) Eden: 2441728K(2441728K)->0K(2441728K) From: 142336K(175616K)->160800K(174592K)
[7542.283s][info][gc,heap        ] GC(2525) ParOldGen: 4038083K(4038144K)->4128939K(4129280K)
[7542.283s][info][gc,metaspace   ] GC(2525) Metaspace: 29125K(29440K)->29125K(29440K) NonClass: 24240K(24384K)->24240K(24384K) Class: 4885K(5056K)->4885K(5056K)
[7542.283s][info][gc             ] GC(2525) Pause Young (Allocation Failure) 6466M->4189M(6587M) 106.427ms
[7542.283s][info][gc,cpu         ] GC(2525) User=0.60s Sys=0.02s Real=0.11s
..[7543.835s][info][gc,start       ] GC(2526) Pause Young (Allocation Failure)
[7543.937s][info][gc,heap        ] GC(2526) PSYoungGen: 2602528K(2616320K)->140064K(2620416K) Eden: 2441728K(2441728K)->0K(2444288K) From: 160800K(174592K)->140064K(176128K)
[7543.937s][info][gc,heap        ] GC(2526) ParOldGen: 4128939K(4129280K)->4227979K(4228096K)
[7543.937s][info][gc,metaspace   ] GC(2526) Metaspace: 29125K(29440K)->29125K(29440K) NonClass: 24240K(24384K)->24240K(24384K) Class: 4885K(5056K)->4885K(5056K)
[7543.937s][info][gc             ] GC(2526) Pause Young (Allocation Failure) 6573M->4265M(6688M) 102.360ms
[7543.937s][info][gc,cpu         ] GC(2526) User=0.57s Sys=0.03s Real=0.10s
.[7545.347s][info][gc,start       ] GC(2527) Pause Young (Allocation Failure)
[7545.449s][info][gc,heap        ] GC(2527) PSYoungGen: 2584352K(2620416K)->147732K(2592256K) Eden: 2444288K(2444288K)->0K(2444288K) From: 140064K(176128K)->147732K(147968K)
[7545.449s][info][gc,heap        ] GC(2527) ParOldGen: 4227979K(4228096K)->4316019K(4316160K)
[7545.449s][info][gc,metaspace   ] GC(2527) Metaspace: 29125K(29440K)->29125K(29440K) NonClass: 24240K(24384K)->24240K(24384K) Class: 4885K(5056K)->4885K(5056K)
[7545.449s][info][gc             ] GC(2527) Pause Young (Allocation Failure) 6652M->4359M(6746M) 102.237ms
[7545.449s][info][gc,cpu         ] GC(2527) User=0.57s Sys=0.03s Real=0.11s
..[7546.978s][info][gc,start       ] GC(2528) Pause Young (Allocation Failure)
[7547.085s][info][gc,heap        ] GC(2528) PSYoungGen: 2592020K(2592256K)->152277K(2619392K) Eden: 2444288K(2444288K)->0K(2445824K) From: 147732K(147968K)->152277K(173568K)
[7547.085s][info][gc,heap        ] GC(2528) ParOldGen: 4316019K(4316160K)->4412219K(4412416K)
[7547.085s][info][gc,metaspace   ] GC(2528) Metaspace: 29125K(29440K)->29125K(29440K) NonClass: 24240K(24384K)->24240K(24384K) Class: 4885K(5056K)->4885K(5056K)
[7547.085s][info][gc             ] GC(2528) Pause Young (Allocation Failure) 6746M->4457M(6867M) 107.582ms
[7547.085s][info][gc,cpu         ] GC(2528) User=0.60s Sys=0.04s Real=0.11s
.[7548.510s][info][gc,start       ] GC(2529) Pause Young (Allocation Failure)
[7548.616s][info][gc,heap        ] GC(2529) PSYoungGen: 2598101K(2619392K)->151537K(2617856K) Eden: 2445824K(2445824K)->0K(2445824K) From: 152277K(173568K)->151537K(172032K)
[7548.616s][info][gc,heap        ] GC(2529) ParOldGen: 4412219K(4412416K)->4500907K(4500992K)
[7548.616s][info][gc,metaspace   ] GC(2529) Metaspace: 29125K(29440K)->29125K(29440K) NonClass: 24240K(24384K)->24240K(24384K) Class: 4885K(5056K)->4885K(5056K)
[7548.616s][info][gc             ] GC(2529) Pause Young (Allocation Failure) 6846M->4543M(6952M) 106.037ms
[7548.616s][info][gc,cpu         ] GC(2529) User=0.59s Sys=0.03s Real=0.10s
.[7550.073s][info][gc,start       ] GC(2530) Pause Young (Allocation Failure)
[7550.190s][info][gc,heap        ] GC(2530) PSYoungGen: 2597361K(2617856K)->169988K(2615296K) Eden: 2445824K(2445824K)->0K(2444800K) From: 151537K(172032K)->169988K(170496K)
[7550.190s][info][gc,heap        ] GC(2530) ParOldGen: 4500907K(4500992K)->4594643K(4594688K)
[7550.190s][info][gc,metaspace   ] GC(2530) Metaspace: 29125K(29440K)->29125K(29440K) NonClass: 24240K(24384K)->24240K(24384K) Class: 4885K(5056K)->4885K(5056K)
[7550.190s][info][gc             ] GC(2530) Pause Young (Allocation Failure) 6931M->4652M(7041M) 116.687ms
[7550.190s][info][gc,cpu         ] GC(2530) User=0.65s Sys=0.04s Real=0.12s
..[7551.814s][info][gc,start       ] GC(2531) Pause Young (Allocation Failure)
[7551.920s][info][gc,heap        ] GC(2531) PSYoungGen: 2614788K(2615296K)->141701K(2620416K) Eden: 2444800K(2444800K)->0K(2444800K) From: 169988K(170496K)->141701K(175616K)
[7551.920s][info][gc,heap        ] GC(2531) ParOldGen: 4594643K(4594688K)->4694379K(4694528K)
[7551.920s][info][gc,metaspace   ] GC(2531) Metaspace: 29125K(29440K)->29125K(29440K) NonClass: 24240K(24384K)->24240K(24384K) Class: 4885K(5056K)->4885K(5056K)
[7551.920s][info][gc             ] GC(2531) Pause Young (Allocation Failure) 7040M->4722M(7143M) 105.500ms
[7551.920s][info][gc,cpu         ] GC(2531) User=0.59s Sys=0.03s Real=0.11s
.[7553.345s][info][gc,start       ] GC(2532) Pause Young (Allocation Failure)
[7553.448s][info][gc,heap        ] GC(2532) PSYoungGen: 2586501K(2620416K)->154016K(2616832K) Eden: 2444800K(2444800K)->0K(2445312K) From: 141701K(175616K)->154016K(171520K)
[7553.448s][info][gc,heap        ] GC(2532) ParOldGen: 4694379K(4694528K)->4780211K(4780544K)
[7553.448s][info][gc,metaspace   ] GC(2532) Metaspace: 29125K(29440K)->29125K(29440K) NonClass: 24240K(24384K)->24240K(24384K) Class: 4885K(5056K)->4885K(5056K)
[7553.448s][info][gc             ] GC(2532) Pause Young (Allocation Failure) 7110M->4818M(7224M) 103.037ms
[7553.448s][info][gc,cpu         ] GC(2532) User=0.58s Sys=0.04s Real=0.10s
..[7555.003s][info][gc,start       ] GC(2533) Pause Young (Allocation Failure)
[7555.108s][info][gc,heap        ] GC(2533) PSYoungGen: 2599328K(2616832K)->144224K(2618880K) Eden: 2445312K(2445312K)->0K(2445312K) From: 154016K(171520K)->144224K(173568K)
[7555.108s][info][gc,heap        ] GC(2533) ParOldGen: 4780211K(4780544K)->4876411K(4876800K)
[7555.108s][info][gc,metaspace   ] GC(2533) Metaspace: 29125K(29440K)->29125K(29440K) NonClass: 24240K(24384K)->24240K(24384K) Class: 4885K(5056K)->4885K(5056K)
[7555.108s][info][gc             ] GC(2533) Pause Young (Allocation Failure) 7206M->4902M(7320M) 104.740ms
[7555.108s][info][gc,cpu         ] GC(2533) User=0.58s Sys=0.04s Real=0.10s
. (rIR:aIR:PR = 12730:12583:12666) (tPR = 187222) [IR is under limit] 
  7555s: Performance info:
         Transaction,    Success,    Partial,     Failed,   Receipts, AvgBarcode, 
             Overall,     279113,          0,          0,     264353,      59.47, 
         Response times:
             Request,    Success,    Partial,     Failed,   SkipFail,     Probes,    Samples,      min,      p50,      p90,      p95,      p99,      max, 
       TotalPurchase,     263685,          0,          0,          0,      40727,     178717,     3400,   525000,   730000,   770000,   850000,  1100000,
     InStorePurchase,     138808,          0,          0,          0,      20994,      93577,     3400,   523000,   720000,   770000,   870000,  1100000,
      OnlinePurchase,      97035,          0,          0,          0,      14732,      65944,     3400,   526000,   730000,   770000,   850000,  1100000,
        InstPurchase,      27842,          0,          0,          0,       5001,      19196,     8200,   545000,   740000,   770000,   850000,  1000000,
          AssocOfCat,        279,          0,          0,          0,        139,        393,    74000,   497000,   716000,   803000,   931200,   970000,
      AssocOfProduct,       2856,          0,          0,          0,        980,       1911,     9700,   536000,   740000,   780000,   860000,   900000,
      BusinessReport,        695,          0,          0,          0,        374,        928,    82000,   670000,   850000,   905500,  1100000,  1300000,
          CustBuyBeh,       2829,          0,          0,          0,        914,       1898,     9700,   527000,   740000,   780000,   860000,   920000,
       ProductReturn,       7478,          0,          0,          0,       2032,       5262,     7700,   538000,   740000,   800000,   890000,   980000,

  7555s: 
  7555s: Failed, 8 overall retries left, retrying 1 of 1
  7555s: (92%)   IR =  12730 [7556.565s][info][gc,start       ] GC(2534) Pause Young (Allocation Failure)
[7556.670s][info][gc,heap        ] GC(2534) PSYoungGen: 2589536K(2618880K)->151151K(2617856K) Eden: 2445312K(2445312K)->0K(2449408K) From: 144224K(173568K)->151151K(168448K)
[7556.670s][info][gc,heap        ] GC(2534) ParOldGen: 4876411K(4876800K)->4966635K(4966912K)
[7556.670s][info][gc,metaspace   ] GC(2534) Metaspace: 29125K(29440K)->29125K(29440K) NonClass: 24240K(24384K)->24240K(24384K) Class: 4885K(5056K)->4885K(5056K)
[7556.670s][info][gc             ] GC(2534) Pause Young (Allocation Failure) 7290M->4997M(7407M) 105.566ms
[7556.670s][info][gc,cpu         ] GC(2534) User=0.58s Sys=0.04s Real=0.11s
..[7558.206s][info][gc,start       ] GC(2535) Pause Young (Allocation Failure)
[7558.316s][info][gc,heap        ] GC(2535) PSYoungGen: 2600559K(2617856K)->159294K(2620416K) Eden: 2449408K(2449408K)->0K(2449408K) From: 151151K(168448K)->159294K(171008K)
[7558.316s][info][gc,heap        ] GC(2535) ParOldGen: 4966635K(4966912K)->5059763K(5060096K)
[7558.316s][info][gc,metaspace   ] GC(2535) Metaspace: 29125K(29440K)->29125K(29440K) NonClass: 24240K(24384K)->24240K(24384K) Class: 4885K(5056K)->4885K(5056K)
[7558.317s][info][gc             ] GC(2535) Pause Young (Allocation Failure) 7389M->5096M(7500M) 110.292ms
[7558.317s][info][gc,cpu         ] GC(2535) User=0.62s Sys=0.02s Real=0.11s
.[7559.873s][info][gc,start       ] GC(2536) Pause Young (Allocation Failure)
[7559.979s][info][gc,heap        ] GC(2536) PSYoungGen: 2608702K(2620416K)->144800K(2624000K) Eden: 2449408K(2449408K)->0K(2452992K) From: 159294K(171008K)->144800K(171008K)
[7559.979s][info][gc,heap        ] GC(2536) ParOldGen: 5059763K(5060096K)->5153083K(5153280K)
[7559.979s][info][gc,metaspace   ] GC(2536) Metaspace: 29125K(29440K)->29125K(29440K) NonClass: 24240K(24384K)->24240K(24384K) Class: 4885K(5056K)->4885K(5056K)
[7559.979s][info][gc             ] GC(2536) Pause Young (Allocation Failure) 7488M->5173M(7595M) 105.734ms
[7559.979s][info][gc,cpu         ] GC(2536) User=0.60s Sys=0.03s Real=0.11s
..[7561.421s][info][gc,start       ] GC(2537) Pause Young (Allocation Failure)
[7561.525s][info][gc,heap        ] GC(2537) PSYoungGen: 2597792K(2624000K)->150489K(2603520K) Eden: 2452992K(2452992K)->0K(2452992K) From: 144800K(171008K)->150489K(150528K)
[7561.525s][info][gc,heap        ] GC(2537) ParOldGen: 5153083K(5153280K)->5241051K(5241344K)
[7561.525s][info][gc,metaspace   ] GC(2537) Metaspace: 29125K(29440K)->29125K(29440K) NonClass: 24240K(24384K)->24240K(24384K) Class: 4885K(5056K)->4885K(5056K)
[7561.525s][info][gc             ] GC(2537) Pause Young (Allocation Failure) 7569M->5265M(7661M) 104.317ms
[7561.525s][info][gc,cpu         ] GC(2537) User=0.59s Sys=0.03s Real=0.10s
.[7563.119s][info][gc,start       ] GC(2538) Pause Young (Allocation Failure)
[7563.221s][info][gc,heap        ] GC(2538) PSYoungGen: 2603481K(2603520K)->145472K(2624512K) Eden: 2452992K(2452992K)->0K(2455040K) From: 150489K(150528K)->145472K(169472K)
[7563.221s][info][gc,heap        ] GC(2538) ParOldGen: 5241051K(5241344K)->5337819K(5338112K)
[7563.221s][info][gc,metaspace   ] GC(2538) Metaspace: 29125K(29440K)->29125K(29440K) NonClass: 24240K(24384K)->24240K(24384K) Class: 4885K(5056K)->4885K(5056K)
[7563.221s][info][gc             ] GC(2538) Pause Young (Allocation Failure) 7660M->5354M(7776M) 102.832ms
[7563.221s][info][gc,cpu         ] GC(2538) User=0.58s Sys=0.03s Real=0.10s
..[7564.658s][info][gc,start       ] GC(2539) Pause Young (Allocation Failure)
[7564.809s][info][gc,heap        ] GC(2539) PSYoungGen: 2600512K(2624512K)->150368K(2623488K) Eden: 2455040K(2455040K)->0K(2455040K) From: 145472K(169472K)->150368K(168448K)
[7564.809s][info][gc,heap        ] GC(2539) ParOldGen: 5337819K(5338112K)->5426387K(5426688K)
[7564.809s][info][gc,metaspace   ] GC(2539) Metaspace: 29125K(29440K)->29125K(29440K) NonClass: 24240K(24384K)->24240K(24384K) Class: 4885K(5056K)->4885K(5056K)
[7564.809s][info][gc             ] GC(2539) Pause Young (Allocation Failure) 7752M->5446M(7861M) 150.909ms
[7564.809s][info][gc,cpu         ] GC(2539) User=0.59s Sys=0.03s Real=0.15s
.[7566.302s][info][gc,start       ] GC(2540) Pause Young (Allocation Failure)
[7566.408s][info][gc,heap        ] GC(2540) PSYoungGen: 2605408K(2623488K)->149376K(2625536K) Eden: 2455040K(2455040K)->0K(2459136K) From: 150368K(168448K)->149376K(166400K)
[7566.408s][info][gc,heap        ] GC(2540) ParOldGen: 5426387K(5426688K)->5520963K(5521408K)
[7566.408s][info][gc,metaspace   ] GC(2540) Metaspace: 29125K(29440K)->29125K(29440K) NonClass: 24240K(24384K)->24240K(24384K) Class: 4885K(5056K)->4885K(5056K)
[7566.408s][info][gc             ] GC(2540) Pause Young (Allocation Failure) 7843M->5537M(7956M) 106.306ms
[7566.408s][info][gc,cpu         ] GC(2540) User=0.59s Sys=0.03s Real=0.10s
..[7567.940s][info][gc,start       ] GC(2541) Pause Full (Allocation Failure)
[7567.940s][info][gc,phases,start] GC(2541) Marking Phase
[7568.246s][info][gc,phases      ] GC(2541) Marking Phase 305.724ms
[7568.246s][info][gc,phases,start] GC(2541) Summary Phase
[7568.246s][info][gc,phases      ] GC(2541) Summary Phase 0.103ms
[7568.246s][info][gc,phases,start] GC(2541) Forward
[7568.385s][info][gc,phases      ] GC(2541) Forward 139.497ms
[7568.385s][info][gc,phases,start] GC(2541) Adjust Pointers
[7568.594s][info][gc,phases      ] GC(2541) Adjust Pointers 208.305ms
[7568.594s][info][gc,phases,start] GC(2541) Compaction Phase
[7568.728s][info][gc,phases      ] GC(2541) Compaction Phase 134.322ms
[7568.730s][info][gc,phases,start] GC(2541) Post Compact
[7568.737s][info][gc,phases      ] GC(2541) Post Compact 6.841ms
[7568.882s][info][gc,heap        ] GC(2541) PSYoungGen: 2608512K(2625536K)->0K(2624512K) Eden: 2459136K(2459136K)->0K(2459136K) From: 149376K(166400K)->0K(165376K)
[7568.882s][info][gc,heap        ] GC(2541) ParOldGen: 5520963K(5521408K)->1445919K(1827328K)
[7568.882s][info][gc,metaspace   ] GC(2541) Metaspace: 29125K(29440K)->29125K(29440K) NonClass: 24240K(24384K)->24240K(24384K) Class: 4885K(5056K)->4885K(5056K)
[7568.882s][info][gc             ] GC(2541) Pause Full (Allocation Failure) 7938M->1412M(4347M) 942.630ms
[7568.882s][info][gc,cpu         ] GC(2541) User=4.19s Sys=0.15s Real=0.94s
..[7570.252s][info][gc,start       ] GC(2542) Pause Young (Allocation Failure)
[7570.330s][info][gc,heap        ] GC(2542) PSYoungGen: 2459136K(2624512K)->162640K(2624512K) Eden: 2459136K(2459136K)->0K(2459136K) From: 0K(165376K)->162640K(165376K)
[7570.330s][info][gc,heap        ] GC(2542) ParOldGen: 1445919K(1827328K)->1445919K(1827328K)
[7570.330s][info][gc,metaspace   ] GC(2542) Metaspace: 29125K(29440K)->29125K(29440K) NonClass: 24240K(24384K)->24240K(24384K) Class: 4885K(5056K)->4885K(5056K)
[7570.330s][info][gc             ] GC(2542) Pause Young (Allocation Failure) 3813M->1570M(4347M) 78.016ms
[7570.330s][info][gc,cpu         ] GC(2542) User=0.45s Sys=0.00s Real=0.08s
.[7571.913s][info][gc,start       ] GC(2543) Pause Young (Allocation Failure)
[7572.016s][info][gc,heap        ] GC(2543) PSYoungGen: 2621776K(2624512K)->154528K(2627584K) Eden: 2459136K(2459136K)->0K(2459136K) From: 162640K(165376K)->154528K(168448K)
[7572.016s][info][gc,heap        ] GC(2543) ParOldGen: 1445919K(1827328K)->1553695K(1827328K)
[7572.016s][info][gc,metaspace   ] GC(2543) Metaspace: 29125K(29440K)->29125K(29440K) NonClass: 24240K(24384K)->24240K(24384K) Class: 4885K(5056K)->4885K(5056K)
[7572.016s][info][gc             ] GC(2543) Pause Young (Allocation Failure) 3972M->1668M(4350M) 103.374ms
[7572.016s][info][gc,cpu         ] GC(2543) User=0.62s Sys=0.00s Real=0.10s
.[7573.417s][info][gc,start       ] GC(2544) Pause Young (Allocation Failure)
[7573.517s][info][gc,heap        ] GC(2544) PSYoungGen: 2613664K(2627584K)->155685K(2626048K) Eden: 2459136K(2459136K)->0K(2459648K) From: 154528K(168448K)->155685K(166400K)
[7573.517s][info][gc,heap        ] GC(2544) ParOldGen: 1553695K(1827328K)->1641335K(1827328K)
[7573.517s][info][gc,metaspace   ] GC(2544) Metaspace: 29125K(29440K)->29125K(29440K) NonClass: 24240K(24384K)->24240K(24384K) Class: 4885K(5056K)->4885K(5056K)
[7573.517s][info][gc             ] GC(2544) Pause Young (Allocation Failure) 4069M->1754M(4349M) 100.153ms
[7573.517s][info][gc,cpu         ] GC(2544) User=0.59s Sys=0.00s Real=0.10s
..[7575.023s][info][gc,start       ] GC(2545) Pause Young (Allocation Failure)
[7575.125s][info][gc,heap        ] GC(2545) PSYoungGen: 2615333K(2626048K)->151556K(2627072K) Eden: 2459648K(2459648K)->0K(2459648K) From: 155685K(166400K)->151556K(167424K)
[7575.125s][info][gc,heap        ] GC(2545) ParOldGen: 1641335K(1827328K)->1736383K(1827328K)
[7575.125s][info][gc,metaspace   ] GC(2545) Metaspace: 29125K(29440K)->29125K(29440K) NonClass: 24240K(24384K)->24240K(24384K) Class: 4885K(5056K)->4885K(5056K)
[7575.125s][info][gc             ] GC(2545) Pause Young (Allocation Failure) 4156M->1843M(4350M) 102.030ms
[7575.125s][info][gc,cpu         ] GC(2545) User=0.60s Sys=0.00s Real=0.10s
.[7576.650s][info][gc,start       ] GC(2546) Pause Young (Allocation Failure)
[7576.791s][info][gc,heap        ] GC(2546) PSYoungGen: 2611204K(2627072K)->136704K(2627584K) Eden: 2459648K(2459648K)->0K(2461184K) From: 151556K(167424K)->136704K(166400K)
[7576.791s][info][gc,heap        ] GC(2546) ParOldGen: 1736383K(1827328K)->1829111K(1829376K)
[7576.791s][info][gc,metaspace   ] GC(2546) Metaspace: 29125K(29440K)->29125K(29440K) NonClass: 24240K(24384K)->24240K(24384K) Class: 4885K(5056K)->4885K(5056K)
[7576.791s][info][gc             ] GC(2546) Pause Young (Allocation Failure) 4245M->1919M(4352M) 141.885ms
[7576.792s][info][gc,cpu         ] GC(2546) User=0.55s Sys=0.00s Real=0.14s
.[7578.210s][info][gc,start       ] GC(2547) Pause Young (Allocation Failure)
[7578.310s][info][gc,heap        ] GC(2547) PSYoungGen: 2597888K(2627584K)->152089K(2628608K) Eden: 2461184K(2461184K)->0K(2461184K) From: 136704K(166400K)->152089K(167424K)
[7578.310s][info][gc,heap        ] GC(2547) ParOldGen: 1829111K(1829376K)->1916311K(1916416K)
[7578.310s][info][gc,metaspace   ] GC(2547) Metaspace: 29125K(29440K)->29125K(29440K) NonClass: 24240K(24384K)->24240K(24384K) Class: 4885K(5056K)->4885K(5056K)
[7578.310s][info][gc             ] GC(2547) Pause Young (Allocation Failure) 4323M->2019M(4438M) 100.554ms
[7578.310s][info][gc,cpu         ] GC(2547) User=0.57s Sys=0.03s Real=0.10s
..[7579.836s][info][gc,start       ] GC(2548) Pause Young (Allocation Failure)
[7579.944s][info][gc,heap        ] GC(2548) PSYoungGen: 2613273K(2628608K)->160996K(2625536K) Eden: 2461184K(2461184K)->0K(2459136K) From: 152089K(167424K)->160996K(166400K)
[7579.944s][info][gc,heap        ] GC(2548) ParOldGen: 1916311K(1916416K)->2011999K(2012160K)
[7579.944s][info][gc,metaspace   ] GC(2548) Metaspace: 29125K(29440K)->29125K(29440K) NonClass: 24240K(24384K)->24240K(24384K) Class: 4885K(5056K)->4885K(5056K)
[7579.944s][info][gc             ] GC(2548) Pause Young (Allocation Failure) 4423M->2122M(4529M) 108.475ms
[7579.944s][info][gc,cpu         ] GC(2548) User=0.62s Sys=0.02s Real=0.11s
.[7581.446s][info][gc,start       ] GC(2549) Pause Young (Allocation Failure)
[7581.549s][info][gc,heap        ] GC(2549) PSYoungGen: 2620132K(2625536K)->157888K(2617344K) Eden: 2459136K(2459136K)->0K(2459136K) From: 160996K(166400K)->157888K(158208K)
[7581.549s][info][gc,heap        ] GC(2549) ParOldGen: 2011999K(2012160K)->2102327K(2102784K)
[7581.549s][info][gc,metaspace   ] GC(2549) Metaspace: 29125K(29440K)->29125K(29440K) NonClass: 24240K(24384K)->24240K(24384K) Class: 4885K(5056K)->4885K(5056K)
[7581.549s][info][gc             ] GC(2549) Pause Young (Allocation Failure) 4523M->2207M(4609M) 103.305ms
[7581.549s][info][gc,cpu         ] GC(2549) User=0.59s Sys=0.02s Real=0.11s
..[7583.005s][info][gc,start       ] GC(2550) Pause Young (Allocation Failure)
[7583.114s][info][gc,heap        ] GC(2550) PSYoungGen: 2617024K(2617344K)->159541K(2625024K) Eden: 2459136K(2459136K)->0K(2456064K) From: 157888K(158208K)->159541K(168960K)
[7583.114s][info][gc,heap        ] GC(2550) ParOldGen: 2102327K(2102784K)->2193519K(2193920K)
[7583.114s][info][gc,metaspace   ] GC(2550) Metaspace: 29125K(29440K)->29125K(29440K) NonClass: 24240K(24384K)->24240K(24384K) Class: 4885K(5056K)->4885K(5056K)
[7583.114s][info][gc             ] GC(2550) Pause Young (Allocation Failure) 4608M->2297M(4706M) 108.933ms
[7583.114s][info][gc,cpu         ] GC(2550) User=0.61s Sys=0.03s Real=0.11s
.[7584.655s][info][gc,start       ] GC(2551) Pause Young (Allocation Failure)
[7584.806s][info][gc,heap        ] GC(2551) PSYoungGen: 2615605K(2625024K)->143445K(2626048K) Eden: 2456064K(2456064K)->0K(2456064K) From: 159541K(168960K)->143445K(169984K)
[7584.806s][info][gc,heap        ] GC(2551) ParOldGen: 2193519K(2193920K)->2290231K(2290688K)
[7584.806s][info][gc,metaspace   ] GC(2551) Metaspace: 29125K(29440K)->29125K(29440K) NonClass: 24240K(24384K)->24240K(24384K) Class: 4885K(5056K)->4885K(5056K)
[7584.806s][info][gc             ] GC(2551) Pause Young (Allocation Failure) 4696M->2376M(4801M) 150.193ms
[7584.806s][info][gc,cpu         ] GC(2551) User=0.57s Sys=0.03s Real=0.15s
.[7586.171s][info][gc,start       ] GC(2552) Pause Young (Allocation Failure)
[7586.277s][info][gc,heap        ] GC(2552) PSYoungGen: 2599509K(2626048K)->161844K(2621952K) Eden: 2456064K(2456064K)->0K(2451968K) From: 143445K(169984K)->161844K(169984K)
[7586.277s][info][gc,heap        ] GC(2552) ParOldGen: 2290231K(2290688K)->2378127K(2378240K)
[7586.277s][info][gc,metaspace   ] GC(2552) Metaspace: 29125K(29440K)->29125K(29440K) NonClass: 24240K(24384K)->24240K(24384K) Class: 4885K(5056K)->4885K(5056K)
[7586.277s][info][gc             ] GC(2552) Pause Young (Allocation Failure) 4775M->2480M(4883M) 106.350ms
[7586.277s][info][gc,cpu         ] GC(2552) User=0.61s Sys=0.03s Real=0.10s
.[7587.834s][info][gc,start       ] GC(2553) Pause Young (Allocation Failure)
[7587.939s][info][gc,heap        ] GC(2553) PSYoungGen: 2613812K(2621952K)->145136K(2624000K) Eden: 2451968K(2451968K)->0K(2451968K) From: 161844K(169984K)->145136K(172032K)
[7587.939s][info][gc,heap        ] GC(2553) ParOldGen: 2378127K(2378240K)->2477095K(2477568K)
[7587.939s][info][gc,metaspace   ] GC(2553) Metaspace: 29125K(29440K)->29125K(29440K) NonClass: 24240K(24384K)->24240K(24384K) Class: 4885K(5056K)->4885K(5056K)
[7587.939s][info][gc             ] GC(2553) Pause Young (Allocation Failure) 4874M->2560M(4982M) 104.828ms
[7587.939s][info][gc,cpu         ] GC(2553) User=0.60s Sys=0.03s Real=0.11s
.[7589.374s][info][gc,start       ] GC(2554) Pause Young (Allocation Failure)
[7589.483s][info][gc,heap        ] GC(2554) PSYoungGen: 2597104K(2624000K)->162216K(2621440K) Eden: 2451968K(2451968K)->0K(2449920K) From: 145136K(172032K)->162216K(171520K)
[7589.483s][info][gc,heap        ] GC(2554) ParOldGen: 2477095K(2477568K)->2566503K(2566656K)
[7589.483s][info][gc,metaspace   ] GC(2554) Metaspace: 29125K(29440K)->29125K(29440K) NonClass: 24240K(24384K)->24240K(24384K) Class: 4885K(5056K)->4885K(5056K)
[7589.483s][info][gc             ] GC(2554) Pause Young (Allocation Failure) 4955M->2664M(5066M) 108.295ms
[7589.483s][info][gc,cpu         ] GC(2554) User=0.60s Sys=0.03s Real=0.11s
..[7590.974s][info][gc,start       ] GC(2555) Pause Young (Allocation Failure)
[7591.079s][info][gc,heap        ] GC(2555) PSYoungGen: 2612136K(2621440K)->149632K(2622976K) Eden: 2449920K(2449920K)->0K(2449920K) From: 162216K(171520K)->149632K(173056K)
[7591.079s][info][gc,heap        ] GC(2555) ParOldGen: 2566503K(2566656K)->2661743K(2661888K)
[7591.079s][info][gc,metaspace   ] GC(2555) Metaspace: 29125K(29440K)->29125K(29440K) NonClass: 24240K(24384K)->24240K(24384K) Class: 4885K(5056K)->4885K(5056K)
[7591.079s][info][gc             ] GC(2555) Pause Young (Allocation Failure) 5057M->2745M(5161M) 104.667ms
[7591.079s][info][gc,cpu         ] GC(2555) User=0.60s Sys=0.02s Real=0.11s
.[7592.528s][info][gc,start       ] GC(2556) Pause Young (Allocation Failure)
[7592.637s][info][gc,heap        ] GC(2556) PSYoungGen: 2599552K(2622976K)->160533K(2621952K) Eden: 2449920K(2449920K)->0K(2449920K) From: 149632K(173056K)->160533K(172032K)
[7592.637s][info][gc,heap        ] GC(2556) ParOldGen: 2661743K(2661888K)->2753151K(2753536K)
[7592.637s][info][gc,metaspace   ] GC(2556) Metaspace: 29125K(29440K)->29125K(29440K) NonClass: 24240K(24384K)->24240K(24384K) Class: 4885K(5056K)->4885K(5056K)
[7592.637s][info][gc             ] GC(2556) Pause Young (Allocation Failure) 5137M->2845M(5249M) 108.519ms
[7592.637s][info][gc,cpu         ] GC(2556) User=0.61s Sys=0.03s Real=0.11s
.[7594.185s][info][gc,start       ] GC(2557) Pause Young (Allocation Failure)
[7594.294s][info][gc,heap        ] GC(2557) PSYoungGen: 2610453K(2621952K)->156932K(2622976K) Eden: 2449920K(2449920K)->0K(2449920K) From: 160533K(172032K)->156932K(173056K)
[7594.294s][info][gc,heap        ] GC(2557) ParOldGen: 2753151K(2753536K)->2845943K(2846208K)
[7594.294s][info][gc,metaspace   ] GC(2557) Metaspace: 29125K(29440K)->29125K(29440K) NonClass: 24240K(24384K)->24240K(24384K) Class: 4885K(5056K)->4885K(5056K)
[7594.294s][info][gc             ] GC(2557) Pause Young (Allocation Failure) 5237M->2932M(5341M) 109.259ms
[7594.294s][info][gc,cpu         ] GC(2557) User=0.62s Sys=0.02s Real=0.11s
.[7595.676s][info][gc,start       ] GC(2558) Pause Young (Allocation Failure)
[7595.829s][info][gc,heap        ] GC(2558) PSYoungGen: 2606852K(2622976K)->156688K(2621952K) Eden: 2449920K(2449920K)->0K(2450944K) From: 156932K(173056K)->156688K(171008K)
[7595.829s][info][gc,heap        ] GC(2558) ParOldGen: 2845943K(2846208K)->2937135K(2937344K)
[7595.829s][info][gc,metaspace   ] GC(2558) Metaspace: 29125K(29440K)->29125K(29440K) NonClass: 24240K(24384K)->24240K(24384K) Class: 4885K(5056K)->4885K(5056K)
[7595.829s][info][gc             ] GC(2558) Pause Young (Allocation Failure) 5324M->3021M(5429M) 153.530ms
[7595.829s][info][gc,cpu         ] GC(2558) User=0.61s Sys=0.02s Real=0.16s
..[7597.330s][info][gc,start       ] GC(2559) Pause Young (Allocation Failure)
[7597.440s][info][gc,heap        ] GC(2559) PSYoungGen: 2607632K(2621952K)->160042K(2622464K) Eden: 2450944K(2450944K)->0K(2450944K) From: 156688K(171008K)->160042K(171520K)
[7597.440s][info][gc,heap        ] GC(2559) ParOldGen: 2937135K(2937344K)->3032855K(3033088K)
[7597.440s][info][gc,metaspace   ] GC(2559) Metaspace: 29125K(29440K)->29125K(29440K) NonClass: 24240K(24384K)->24240K(24384K) Class: 4885K(5056K)->4885K(5056K)
[7597.440s][info][gc             ] GC(2559) Pause Young (Allocation Failure) 5414M->3118M(5523M) 109.271ms
[7597.440s][info][gc,cpu         ] GC(2559) User=0.61s Sys=0.03s Real=0.11s
.[7598.963s][info][gc,start       ] GC(2560) Pause Young (Allocation Failure)
[7599.066s][info][gc,heap        ] GC(2560) PSYoungGen: 2610986K(2622464K)->148173K(2624000K) Eden: 2450944K(2450944K)->0K(2452480K) From: 160042K(171520K)->148173K(171520K)
[7599.066s][info][gc,heap        ] GC(2560) ParOldGen: 3032855K(3033088K)->3121023K(3121152K)
[7599.066s][info][gc,metaspace   ] GC(2560) Metaspace: 29125K(29440K)->29125K(29440K) NonClass: 24240K(24384K)->24240K(24384K) Class: 4885K(5056K)->4885K(5056K)
