[0.002s][info][gc,init] CardTable entry size: 512
[0.002s][info][gc     ] Using G1
[0.009s][info][gc,init] Version: 24-internal-adhoc.thomas.source (release)
[0.009s][info][gc,init] CPUs: 8 total, 6 available
[0.009s][info][gc,init] Memory: 15662M
[0.009s][info][gc,init] Large Page Support: Disabled
[0.009s][info][gc,init] NUMA Support: Disabled
[0.009s][info][gc,init] Compressed Oops: Enabled (Zero based)
[0.009s][info][gc,init] Heap Region Size: 2M
[0.009s][info][gc,init] Heap Min Capacity: 4G
[0.009s][info][gc,init] Heap Initial Capacity: 4G
[0.009s][info][gc,init] Heap Max Capacity: 4G
[0.009s][info][gc,init] Pre-touch: Disabled
[0.009s][info][gc,init] Parallel Workers: 6
[0.009s][info][gc,init] Concurrent Workers: 2
[0.009s][info][gc,init] Concurrent Refinement Workers: 6
[0.009s][info][gc,init] Periodic GC: Disabled
[0.009s][info][gc,metaspace] CDS archive(s) not mapped
[0.009s][info][gc,metaspace] Compressed class space mapped at: 0x00000000ad000000-0x00000000ed000000, reserved size: 1073741824
[0.009s][info][gc,metaspace] UseCompressedClassPointers 1, UseCompactObjectHeaders 1, narrow klass pointer bits 22, max shift 10
[0.009s][info][gc,metaspace] Narrow klass base: 0x00000000ad000000, Narrow klass shift: 9, Narrow klass range: 0x40000000

SPECjbb2015 Java Business Benchmark
 (c) Standard Performance Evaluation Corporation, 2015

Preparing to launch All-in-one SPECjbb2015.

Reading property file: /shared/projects/openjdk/analysis/lilliput-benefits/specjbb/results-COH-ON-Parallel-4/./config/specjbb2015.props

     0s: Enumerating plugins...
     0s:    Connectivity:
     0s:             HTTP_Grizzly: Grizzly HTTP server, JDK HTTP client
     0s:              NIO_Grizzly: Grizzly NIO server, Grizzly NIO client
     0s:               HTTP_Jetty: Jetty HTTP server, JDK HTTP client
     0s:    Snapshot:
     0s:                 InMemory: Stores snapshots in heap memory
     0s:    Data Writers:
     0s:                     Demo: Send all frame to listener
     0s:                   InFile: Writing Data into file
     0s:                   Silent: Drop all frames
     0s: 
     0s: Kit validation is skipped.
     0s: Tests are skipped.
     0s: 
     0s: [0.845s][info][gc,start    ] GC(0) Pause Young (Normal) (G1 Evacuation Pause)
[0.845s][info][gc,task     ] GC(0) Using 6 workers of 6 for evacuation
[0.850s][info][gc,phases   ] GC(0)   Pre Evacuate Collection Set: 0.30ms
[0.850s][info][gc,phases   ] GC(0)   Merge Heap Roots: 0.08ms
[0.850s][info][gc,phases   ] GC(0)   Evacuate Collection Set: 3.99ms
[0.850s][info][gc,phases   ] GC(0)   Post Evacuate Collection Set: 0.52ms
[0.850s][info][gc,phases   ] GC(0)   Other: 0.38ms
[0.850s][info][gc,heap     ] GC(0) Eden regions: 102->0(99)
[0.850s][info][gc,heap     ] GC(0) Survivor regions: 0->3(13)
[0.850s][info][gc,heap     ] GC(0) Old regions: 0->0
[0.850s][info][gc,heap     ] GC(0) Humongous regions: 0->0
[0.850s][info][gc,metaspace] GC(0) Metaspace: 21087K(21312K)->21087K(21312K) NonClass: 17087K(17216K)->17087K(17216K) Class: 3999K(4096K)->3999K(4096K)
[0.850s][info][gc          ] GC(0) Pause Young (Normal) (G1 Evacuation Pause) 204M->4M(4096M) 5.466ms
[0.850s][info][gc,cpu      ] GC(0) User=0.02s Sys=0.01s Real=0.01s
[1.002s][info][gc,start    ] GC(1) Pause Young (Concurrent Start) (Metadata GC Threshold)
[1.002s][info][gc,task     ] GC(1) Using 6 workers of 6 for evacuation
[1.005s][info][gc,phases   ] GC(1)   Pre Evacuate Collection Set: 0.32ms
[1.005s][info][gc,phases   ] GC(1)   Merge Heap Roots: 0.03ms
[1.005s][info][gc,phases   ] GC(1)   Evacuate Collection Set: 2.54ms
[1.005s][info][gc,phases   ] GC(1)   Post Evacuate Collection Set: 0.32ms
[1.005s][info][gc,phases   ] GC(1)   Other: 0.06ms
[1.005s][info][gc,heap     ] GC(1) Eden regions: 47->0(99)
[1.005s][info][gc,heap     ] GC(1) Survivor regions: 3->3(13)
[1.005s][info][gc,heap     ] GC(1) Old regions: 0->0
[1.005s][info][gc,heap     ] GC(1) Humongous regions: 0->0
[1.005s][info][gc,metaspace] GC(1) Metaspace: 21401K(21504K)->21401K(21504K) NonClass: 17373K(17408K)->17373K(17408K) Class: 4028K(4096K)->4028K(4096K)
[1.005s][info][gc          ] GC(1) Pause Young (Concurrent Start) (Metadata GC Threshold) 98M->5M(4096M) 3.389ms
[1.005s][info][gc          ] GC(2) Concurrent Mark Cycle
[1.005s][info][gc,cpu      ] GC(1) User=0.01s Sys=0.00s Real=0.00s
[1.005s][info][gc,marking  ] GC(2) Concurrent Scan Root Regions
[1.007s][info][gc,marking  ] GC(2) Concurrent Scan Root Regions 1.955ms
[1.007s][info][gc,marking  ] GC(2) Concurrent Mark
[1.007s][info][gc,marking  ] GC(2) Concurrent Mark From Roots
[1.007s][info][gc,task     ] GC(2) Using 2 workers of 2 for marking
[1.008s][info][gc,marking  ] GC(2) Concurrent Mark From Roots 0.903ms
[1.008s][info][gc,marking  ] GC(2) Concurrent Preclean
[1.008s][info][gc,marking  ] GC(2) Concurrent Preclean 0.005ms
[1.008s][info][gc,start    ] GC(2) Pause Remark
[1.009s][info][gc          ] GC(2) Pause Remark 6M->6M(4096M) 0.826ms
[1.009s][info][gc,cpu      ] GC(2) User=0.01s Sys=0.00s Real=0.00s
[1.009s][info][gc,marking  ] GC(2) Concurrent Mark 1.985ms
[1.009s][info][gc,marking  ] GC(2) Concurrent Rebuild Remembered Sets and Scrub Regions
[1.009s][info][gc,marking  ] GC(2) Concurrent Rebuild Remembered Sets and Scrub Regions 0.068ms
[1.009s][info][gc,start    ] GC(2) Pause Cleanup
[1.009s][info][gc          ] GC(2) Pause Cleanup 6M->6M(4096M) 0.010ms
[1.009s][info][gc,cpu      ] GC(2) User=0.00s Sys=0.00s Real=0.00s
[1.009s][info][gc,marking  ] GC(2) Concurrent Clear Claimed Marks
[1.009s][info][gc,marking  ] GC(2) Concurrent Clear Claimed Marks 0.006ms
[1.009s][info][gc,marking  ] GC(2) Concurrent Cleanup for Next Mark
[1.015s][info][gc,marking  ] GC(2) Concurrent Cleanup for Next Mark 6.293ms
[1.016s][info][gc          ] GC(2) Concurrent Mark Cycle 10.510ms
Ladies and gentlemen, this is your Controller speaking.
     0s: We are delighted in having you for benchmark run today.
     0s: 
     0s: Binary log file is ./specjbb2015-C-20240908-00001.data.gz
     0s: 
     0s: Performing handshake with all agents ...
     0s: 
     0s:  Agent Group1.TxInjector.CompositeTxInjector has attached to Controller
     0s:  Agent Group1.Backend.CompositeBackend has attached to Controller
     0s: 
     0s: All agents have connected.
     0s: 
     0s: Attached agents info:

Group "Group1"
    TxInjectors:
        CompositeTxInjector, includes { Driver } @ [local in-Java link]
    Backends:
        CompositeBackend, includes { SM(2),SP(2) } @ [local in-Java link]

     0s: Initializing... (init[1.186s][info][gc,start    ] GC(3) Pause Young (Normal) (G1 Evacuation Pause)
[1.186s][info][gc,task     ] GC(3) Using 6 workers of 6 for evacuation
[1.251s][info][gc,phases   ] GC(3)   Pre Evacuate Collection Set: 0.26ms
[1.251s][info][gc,phases   ] GC(3)   Merge Heap Roots: 0.06ms
[1.251s][info][gc,phases   ] GC(3)   Evacuate Collection Set: 63.66ms
[1.251s][info][gc,phases   ] GC(3)   Post Evacuate Collection Set: 0.72ms
[1.251s][info][gc,phases   ] GC(3)   Other: 0.06ms
[1.251s][info][gc,heap     ] GC(3) Eden regions: 99->0(89)
[1.251s][info][gc,heap     ] GC(3) Survivor regions: 3->13(13)
[1.251s][info][gc,heap     ] GC(3) Old regions: 0->54
[1.251s][info][gc,heap     ] GC(3) Humongous regions: 14->14
[1.251s][info][gc,metaspace] GC(3) Metaspace: 22646K(22848K)->22646K(22848K) NonClass: 18385K(18496K)->18385K(18496K) Class: 4261K(4352K)->4261K(4352K)
[1.251s][info][gc          ] GC(3) Pause Young (Normal) (G1 Evacuation Pause) 231M->162M(4096M) 64.882ms
[1.251s][info][gc,cpu      ] GC(3) User=0.31s Sys=0.07s Real=0.07s
[1.481s][info][gc,start    ] GC(4) Pause Young (Normal) (G1 Evacuation Pause)
[1.481s][info][gc,task     ] GC(4) Using 6 workers of 6 for evacuation
[1.561s][info][gc,phases   ] GC(4)   Pre Evacuate Collection Set: 0.32ms
[1.561s][info][gc,phases   ] GC(4)   Merge Heap Roots: 0.31ms
[1.561s][info][gc,phases   ] GC(4)   Evacuate Collection Set: 78.72ms
[1.561s][info][gc,phases   ] GC(4)   Post Evacuate Collection Set: 0.55ms
[1.561s][info][gc,phases   ] GC(4)   Other: 0.07ms
[1.561s][info][gc,heap     ] GC(4) Eden regions: 89->0(89)
[1.561s][info][gc,heap     ] GC(4) Survivor regions: 13->13(13)
[1.561s][info][gc,heap     ] GC(4) Old regions: 54->115
[1.561s][info][gc,heap     ] GC(4) Humongous regions: 19->19
[1.561s][info][gc,metaspace] GC(4) Metaspace: 22682K(22848K)->22682K(22848K) NonClass: 18420K(18496K)->18420K(18496K) Class: 4261K(4352K)->4261K(4352K)
[1.561s][info][gc          ] GC(4) Pause Young (Normal) (G1 Evacuation Pause) 350M->293M(4096M) 80.108ms
[1.561s][info][gc,cpu      ] GC(4) User=0.46s Sys=0.02s Real=0.08s
[1.714s][info][gc,start    ] GC(5) Pause Young (Normal) (G1 Evacuation Pause)
[1.714s][info][gc,task     ] GC(5) Using 6 workers of 6 for evacuation
[1.786s][info][gc,phases   ] GC(5)   Pre Evacuate Collection Set: 0.29ms
[1.786s][info][gc,phases   ] GC(5)   Merge Heap Roots: 0.06ms
[1.786s][info][gc,phases   ] GC(5)   Evacuate Collection Set: 71.64ms
[1.786s][info][gc,phases   ] GC(5)   Post Evacuate Collection Set: 0.24ms
[1.786s][info][gc,phases   ] GC(5)   Other: 0.05ms
[1.786s][info][gc,heap     ] GC(5) Eden regions: 89->0(89)
[1.786s][info][gc,heap     ] GC(5) Survivor regions: 13->13(13)
[1.786s][info][gc,heap     ] GC(5) Old regions: 115->191
[1.786s][info][gc,heap     ] GC(5) Humongous regions: 19->19
[1.786s][info][gc,metaspace] GC(5) Metaspace: 22720K(22976K)->22720K(22976K) NonClass: 18456K(18560K)->18456K(18560K) Class: 4263K(4416K)->4263K(4416K)
[1.786s][info][gc          ] GC(5) Pause Young (Normal) (G1 Evacuation Pause) 471M->445M(4096M) 72.409ms
[1.786s][info][gc,cpu      ] GC(5) User=0.40s Sys=0.03s Real=0.07s
[1.914s][info][gc,start    ] GC(6) Pause Young (Normal) (G1 Evacuation Pause)
[1.914s][info][gc,task     ] GC(6) Using 6 workers of 6 for evacuation
[1.987s][info][gc,phases   ] GC(6)   Pre Evacuate Collection Set: 0.33ms
[1.987s][info][gc,phases   ] GC(6)   Merge Heap Roots: 0.05ms
[1.987s][info][gc,phases   ] GC(6)   Evacuate Collection Set: 72.45ms
[1.987s][info][gc,phases   ] GC(6)   Post Evacuate Collection Set: 0.22ms
[1.987s][info][gc,phases   ] GC(6)   Other: 0.07ms
[1.987s][info][gc,heap     ] GC(6) Eden regions: 89->0(89)
[1.987s][info][gc,heap     ] GC(6) Survivor regions: 13->13(13)
[1.987s][info][gc,heap     ] GC(6) Old regions: 191->264
[1.987s][info][gc,heap     ] GC(6) Humongous regions: 21->21
[1.987s][info][gc,metaspace] GC(6) Metaspace: 22723K(22976K)->22723K(22976K) NonClass: 18459K(18560K)->18459K(18560K) Class: 4264K(4416K)->4264K(4416K)
[1.987s][info][gc          ] GC(6) Pause Young (Normal) (G1 Evacuation Pause) 627M->595M(4096M) 73.244ms
[1.987s][info][gc,cpu      ] GC(6) User=0.40s Sys=0.04s Real=0.07s
[2.068s][info][gc,start    ] GC(7) Pause Young (Normal) (G1 Evacuation Pause)
[2.068s][info][gc,task     ] GC(7) Using 6 workers of 6 for evacuation
[2.143s][info][gc,phases   ] GC(7)   Pre Evacuate Collection Set: 0.29ms
[2.143s][info][gc,phases   ] GC(7)   Merge Heap Roots: 0.10ms
[2.143s][info][gc,phases   ] GC(7)   Evacuate Collection Set: 74.64ms
[2.143s][info][gc,phases   ] GC(7)   Post Evacuate Collection Set: 0.20ms
[2.143s][info][gc,phases   ] GC(7)   Other: 0.05ms
[2.143s][info][gc,heap     ] GC(7) Eden regions: 89->0(89)
[2.143s][info][gc,heap     ] GC(7) Survivor regions: 13->13(13)
[2.143s][info][gc,heap     ] GC(7) Old regions: 264->339
[2.143s][info][gc,heap     ] GC(7) Humongous regions: 23->23
[2.143s][info][gc,metaspace] GC(7) Metaspace: 22727K(22976K)->22727K(22976K) NonClass: 18463K(18560K)->18463K(18560K) Class: 4264K(4416K)->4264K(4416K)
[2.143s][info][gc          ] GC(7) Pause Young (Normal) (G1 Evacuation Pause) 777M->749M(4096M) 75.445ms
[2.143s][info][gc,cpu      ] GC(7) User=0.39s Sys=0.06s Real=0.07s
[2.280s][info][gc,start    ] GC(8) Pause Young (Normal) (G1 Evacuation Pause)
[2.280s][info][gc,task     ] GC(8) Using 6 workers of 6 for evacuation
[2.357s][info][gc,phases   ] GC(8)   Pre Evacuate Collection Set: 0.30ms
[2.357s][info][gc,phases   ] GC(8)   Merge Heap Roots: 0.10ms
[2.357s][info][gc,phases   ] GC(8)   Evacuate Collection Set: 76.54ms
[2.357s][info][gc,phases   ] GC(8)   Post Evacuate Collection Set: 0.20ms
[2.357s][info][gc,phases   ] GC(8)   Other: 0.05ms
[2.357s][info][gc,heap     ] GC(8) Eden regions: 89->0(89)
[2.357s][info][gc,heap     ] GC(8) Survivor regions: 13->13(13)
[2.357s][info][gc,heap     ] GC(8) Old regions: 339->404
[2.357s][info][gc,heap     ] GC(8) Humongous regions: 31->31
[2.357s][info][gc,metaspace] GC(8) Metaspace: 22751K(22976K)->22751K(22976K) NonClass: 18486K(18560K)->18486K(18560K) Class: 4264K(4416K)->4264K(4416K)
[2.357s][info][gc          ] GC(8) Pause Young (Normal) (G1 Evacuation Pause) 943M->896M(4096M) 77.349ms
[2.357s][info][gc,cpu      ] GC(8) User=0.45s Sys=0.01s Real=0.07s
[2.544s][info][gc,start    ] GC(9) Pause Young (Normal) (G1 Evacuation Pause)
[2.544s][info][gc,task     ] GC(9) Using 6 workers of 6 for evacuation
[2.611s][info][gc,phases   ] GC(9)   Pre Evacuate Collection Set: 0.28ms
[2.611s][info][gc,phases   ] GC(9)   Merge Heap Roots: 0.17ms
[2.611s][info][gc,phases   ] GC(9)   Evacuate Collection Set: 66.40ms
[2.611s][info][gc,phases   ] GC(9)   Post Evacuate Collection Set: 0.28ms
[2.611s][info][gc,phases   ] GC(9)   Other: 0.05ms
[2.611s][info][gc,heap     ] GC(9) Eden regions: 89->0(89)
[2.611s][info][gc,heap     ] GC(9) Survivor regions: 13->13(13)
[2.611s][info][gc,heap     ] GC(9) Old regions: 404->447
[2.611s][info][gc,heap     ] GC(9) Humongous regions: 40->40
[2.611s][info][gc,metaspace] GC(9) Metaspace: 22787K(22976K)->22787K(22976K) NonClass: 18520K(18560K)->18520K(18560K) Class: 4266K(4416K)->4266K(4416K)
[2.611s][info][gc          ] GC(9) Pause Young (Normal) (G1 Evacuation Pause) 1092M->1000M(4096M) 67.343ms
[2.611s][info][gc,cpu      ] GC(9) User=0.38s Sys=0.02s Real=0.07s
) OK
     2s: 
     2s: Check whether properties are compliant
     2s: (validation=PASSED) Property settings are COMPLIANT.
     2s: 
     2s: Searching for high-bound for max-jOPS possible for this system
     2s: Searching from base IR = 100
     2s:       rampup IR =      0 [reconfig (term) [2.923s][info][gc,start    ] GC(10) Pause Full (System.gc())
[2.923s][info][gc,task     ] GC(10) Using 6 workers of 6 for full compaction
[2.923s][info][gc,phases,start] GC(10) Phase 1: Mark live objects
[2.937s][info][gc,phases      ] GC(10) Phase 1: Mark live objects 13.740ms
[2.937s][info][gc,phases,start] GC(10) Phase 2: Prepare compaction
[2.944s][info][gc,phases      ] GC(10) Phase 2: Prepare compaction 7.230ms
[2.944s][info][gc,phases,start] GC(10) Phase 3: Adjust pointers
[2.952s][info][gc,phases      ] GC(10) Phase 3: Adjust pointers 7.849ms
[2.952s][info][gc,phases,start] GC(10) Phase 4: Compact heap
[2.963s][info][gc,phases      ] GC(10) Phase 4: Compact heap 10.191ms
[2.963s][info][gc,phases,start] GC(10) Phase 5: Reset Metadata
[2.964s][info][gc,phases      ] GC(10) Phase 5: Reset Metadata 1.297ms
[2.969s][info][gc,heap        ] GC(10) Eden regions: 61->0(102)
[2.969s][info][gc,heap        ] GC(10) Survivor regions: 13->0(13)
[2.969s][info][gc,heap        ] GC(10) Old regions: 447->32
[2.969s][info][gc,heap        ] GC(10) Humongous regions: 46->13
[2.969s][info][gc,metaspace   ] GC(10) Metaspace: 23046K(23232K)->23046K(23232K) NonClass: 18738K(18816K)->18738K(18816K) Class: 4307K(4416K)->4307K(4416K)
[2.969s][info][gc             ] GC(10) Pause Full (System.gc()) 1132M->86M(4096M) 45.752ms
[2.969s][info][gc,cpu         ] GC(10) User=0.24s Sys=0.00s Real=0.05s
(init[3.253s][info][gc,start       ] GC(11) Pause Young (Normal) (G1 Evacuation Pause)
[3.253s][info][gc,task        ] GC(11) Using 6 workers of 6 for evacuation
[3.308s][info][gc,phases      ] GC(11)   Pre Evacuate Collection Set: 0.33ms
[3.308s][info][gc,phases      ] GC(11)   Merge Heap Roots: 0.05ms
[3.308s][info][gc,phases      ] GC(11)   Evacuate Collection Set: 53.81ms
[3.308s][info][gc,phases      ] GC(11)   Post Evacuate Collection Set: 0.35ms
[3.308s][info][gc,phases      ] GC(11)   Other: 0.05ms
[3.308s][info][gc,heap        ] GC(11) Eden regions: 102->0(89)
[3.308s][info][gc,heap        ] GC(11) Survivor regions: 0->13(13)
[3.308s][info][gc,heap        ] GC(11) Old regions: 32->91
[3.308s][info][gc,heap        ] GC(11) Humongous regions: 15->15
[3.308s][info][gc,metaspace   ] GC(11) Metaspace: 23052K(23232K)->23052K(23232K) NonClass: 18745K(18816K)->18745K(18816K) Class: 4307K(4416K)->4307K(4416K)
[3.308s][info][gc             ] GC(11) Pause Young (Normal) (G1 Evacuation Pause) 294M->234M(4096M) 54.727ms
[3.308s][info][gc,cpu         ] GC(11) User=0.32s Sys=0.00s Real=0.06s
[3.332s][info][gc,start       ] GC(12) Pause Young (Normal) (G1 Evacuation Pause)
[3.332s][info][gc,task        ] GC(12) Using 6 workers of 6 for evacuation
[3.401s][info][gc,phases      ] GC(12)   Pre Evacuate Collection Set: 0.32ms
[3.401s][info][gc,phases      ] GC(12)   Merge Heap Roots: 0.21ms
[3.401s][info][gc,phases      ] GC(12)   Evacuate Collection Set: 67.63ms
[3.401s][info][gc,phases      ] GC(12)   Post Evacuate Collection Set: 0.21ms
[3.401s][info][gc,phases      ] GC(12)   Other: 0.05ms
[3.401s][info][gc,heap        ] GC(12) Eden regions: 89->0(89)
[3.401s][info][gc,heap        ] GC(12) Survivor regions: 13->13(13)
[3.401s][info][gc,heap        ] GC(12) Old regions: 91->167
[3.401s][info][gc,heap        ] GC(12) Humongous regions: 15->15
[3.401s][info][gc,metaspace   ] GC(12) Metaspace: 23052K(23232K)->23052K(23232K) NonClass: 18745K(18816K)->18745K(18816K) Class: 4307K(4416K)->4307K(4416K)
[3.401s][info][gc             ] GC(12) Pause Young (Normal) (G1 Evacuation Pause) 412M->385M(4096M) 68.564ms
[3.401s][info][gc,cpu         ] GC(12) User=0.40s Sys=0.00s Real=0.07s
[3.425s][info][gc,start       ] GC(13) Pause Young (Normal) (G1 Evacuation Pause)
[3.425s][info][gc,task        ] GC(13) Using 6 workers of 6 for evacuation
[3.486s][info][gc,phases      ] GC(13)   Pre Evacuate Collection Set: 0.31ms
[3.486s][info][gc,phases      ] GC(13)   Merge Heap Roots: 0.06ms
[3.486s][info][gc,phases      ] GC(13)   Evacuate Collection Set: 60.96ms
[3.486s][info][gc,phases      ] GC(13)   Post Evacuate Collection Set: 0.20ms
[3.486s][info][gc,phases      ] GC(13)   Other: 0.05ms
[3.486s][info][gc,heap        ] GC(13) Eden regions: 89->0(89)
[3.486s][info][gc,heap        ] GC(13) Survivor regions: 13->13(13)
[3.486s][info][gc,heap        ] GC(13) Old regions: 167->243
[3.486s][info][gc,heap        ] GC(13) Humongous regions: 15->15
[3.486s][info][gc,metaspace   ] GC(13) Metaspace: 23053K(23232K)->23053K(23232K) NonClass: 18745K(18816K)->18745K(18816K) Class: 4307K(4416K)->4307K(4416K)
[3.486s][info][gc             ] GC(13) Pause Young (Normal) (G1 Evacuation Pause) 563M->537M(4096M) 61.707ms
[3.487s][info][gc,cpu         ] GC(13) User=0.36s Sys=0.00s Real=0.06s
[3.510s][info][gc,start       ] GC(14) Pause Young (Normal) (G1 Evacuation Pause)
[3.510s][info][gc,task        ] GC(14) Using 6 workers of 6 for evacuation
[3.573s][info][gc,phases      ] GC(14)   Pre Evacuate Collection Set: 0.31ms
[3.573s][info][gc,phases      ] GC(14)   Merge Heap Roots: 0.07ms
[3.573s][info][gc,phases      ] GC(14)   Evacuate Collection Set: 61.38ms
[3.573s][info][gc,phases      ] GC(14)   Post Evacuate Collection Set: 0.22ms
[3.573s][info][gc,phases      ] GC(14)   Other: 0.05ms
[3.573s][info][gc,heap        ] GC(14) Eden regions: 89->0(89)
[3.573s][info][gc,heap        ] GC(14) Survivor regions: 13->13(13)
[3.573s][info][gc,heap        ] GC(14) Old regions: 243->319
[3.573s][info][gc,heap        ] GC(14) Humongous regions: 15->15
[3.573s][info][gc,metaspace   ] GC(14) Metaspace: 23053K(23232K)->23053K(23232K) NonClass: 18745K(18816K)->18745K(18816K) Class: 4307K(4416K)->4307K(4416K)
[3.573s][info][gc             ] GC(14) Pause Young (Normal) (G1 Evacuation Pause) 715M->689M(4096M) 62.172ms
[3.573s][info][gc,cpu         ] GC(14) User=0.37s Sys=0.00s Real=0.06s
[3.741s][info][gc,start       ] GC(15) Pause Young (Normal) (G1 Evacuation Pause)
[3.741s][info][gc,task        ] GC(15) Using 6 workers of 6 for evacuation
[3.809s][info][gc,phases      ] GC(15)   Pre Evacuate Collection Set: 0.39ms
[3.809s][info][gc,phases      ] GC(15)   Merge Heap Roots: 0.16ms
[3.809s][info][gc,phases      ] GC(15)   Evacuate Collection Set: 67.62ms
[3.809s][info][gc,phases      ] GC(15)   Post Evacuate Collection Set: 0.26ms
[3.809s][info][gc,phases      ] GC(15)   Other: 0.06ms
[3.809s][info][gc,heap        ] GC(15) Eden regions: 92->0(108)
[3.809s][info][gc,heap        ] GC(15) Survivor regions: 13->14(14)
[3.809s][info][gc,heap        ] GC(15) Old regions: 319->379
[3.809s][info][gc,heap        ] GC(15) Humongous regions: 21->21
[3.809s][info][gc,metaspace   ] GC(15) Metaspace: 23058K(23232K)->23058K(23232K) NonClass: 18750K(18816K)->18750K(18816K) Class: 4307K(4416K)->4307K(4416K)
[3.809s][info][gc             ] GC(15) Pause Young (Normal) (G1 Evacuation Pause) 884M->823M(4096M) 68.635ms
[3.809s][info][gc,cpu         ] GC(15) User=0.40s Sys=0.00s Real=0.07s
[3.985s][info][gc,start       ] GC(16) Pause Young (Normal) (G1 Evacuation Pause)
[3.985s][info][gc,task        ] GC(16) Using 6 workers of 6 for evacuation
[4.057s][info][gc,phases      ] GC(16)   Pre Evacuate Collection Set: 0.27ms
[4.057s][info][gc,phases      ] GC(16)   Merge Heap Roots: 0.25ms
[4.057s][info][gc,phases      ] GC(16)   Evacuate Collection Set: 71.38ms
[4.057s][info][gc,phases      ] GC(16)   Post Evacuate Collection Set: 0.31ms
[4.057s][info][gc,phases      ] GC(16)   Other: 0.06ms
[4.057s][info][gc,heap        ] GC(16) Eden regions: 88->0(117)
[4.057s][info][gc,heap        ] GC(16) Survivor regions: 14->13(13)
[4.057s][info][gc,heap        ] GC(16) Old regions: 379->432
[4.057s][info][gc,heap        ] GC(16) Humongous regions: 30->30
[4.057s][info][gc,metaspace   ] GC(16) Metaspace: 23064K(23296K)->23064K(23296K) NonClass: 18756K(18880K)->18756K(18880K) Class: 4307K(4416K)->4307K(4416K)
[4.057s][info][gc             ] GC(16) Pause Young (Normal) (G1 Evacuation Pause) 1017M->945M(4096M) 72.397ms
[4.057s][info][gc,cpu         ] GC(16) User=0.43s Sys=0.00s Real=0.07s
) ] ... (rIR:aIR:PR = 0:0:0) (tPR = 0) [OK] 
     7s:       rampup IR =     10 [7.310s][info][gc,start       ] GC(17) Pause Young (Normal) (G1 Evacuation Pause)
[7.310s][info][gc,task        ] GC(17) Using 6 workers of 6 for evacuation
[7.391s][info][gc,phases      ] GC(17)   Pre Evacuate Collection Set: 0.27ms
[7.391s][info][gc,phases      ] GC(17)   Merge Heap Roots: 0.30ms
[7.391s][info][gc,phases      ] GC(17)   Evacuate Collection Set: 80.13ms
[7.391s][info][gc,phases      ] GC(17)   Post Evacuate Collection Set: 0.27ms
[7.391s][info][gc,phases      ] GC(17)   Other: 0.06ms
[7.391s][info][gc,heap        ] GC(17) Eden regions: 103->0(120)
[7.391s][info][gc,heap        ] GC(17) Survivor regions: 13->15(15)
[7.391s][info][gc,heap        ] GC(17) Old regions: 432->474
[7.391s][info][gc,heap        ] GC(17) Humongous regions: 46->46
[7.391s][info][gc,metaspace   ] GC(17) Metaspace: 23108K(23296K)->23108K(23296K) NonClass: 18800K(18880K)->18800K(18880K) Class: 4308K(4416K)->4308K(4416K)
[7.391s][info][gc             ] GC(17) Pause Young (Normal) (G1 Evacuation Pause) 1183M->1066M(4096M) 81.135ms
[7.391s][info][gc,cpu         ] GC(17) User=0.48s Sys=0.01s Real=0.08s
... (rIR:aIR:PR = 10:7:7) (tPR = 508) [OK] 
    10s:       rampup IR =     20 ... (rIR:aIR:PR = 20:20:20) (tPR = 1417) [OK] 
    13s:       rampup IR =     30 .... (rIR:aIR:PR = 30:26:26) (tPR = 1943) [OK] 
    17s:       rampup IR =     40 .... (rIR:aIR:PR = 40:37:37) (tPR = 2487) [OK] 
    21s:       rampup IR =     50 .... (rIR:aIR:PR = 50:50:49) (tPR = 3146) [OK] 
    25s:       rampup IR =     60 .... (rIR:aIR:PR = 60:64:62) (tPR = 3782) [OK] 
    29s:       rampup IR =     70 .[30.679s][info][gc,start       ] GC(18) Pause Young (Normal) (G1 Evacuation Pause)
[30.679s][info][gc,task        ] GC(18) Using 6 workers of 6 for evacuation
[30.708s][info][gc,phases      ] GC(18)   Pre Evacuate Collection Set: 0.33ms
[30.708s][info][gc,phases      ] GC(18)   Merge Heap Roots: 0.23ms
[30.708s][info][gc,phases      ] GC(18)   Evacuate Collection Set: 28.00ms
[30.708s][info][gc,phases      ] GC(18)   Post Evacuate Collection Set: 0.32ms
[30.708s][info][gc,phases      ] GC(18)   Other: 0.07ms
[30.708s][info][gc,heap        ] GC(18) Eden regions: 130->0(195)
[30.708s][info][gc,heap        ] GC(18) Survivor regions: 15->7(19)
[30.708s][info][gc,heap        ] GC(18) Old regions: 474->491
[30.708s][info][gc,heap        ] GC(18) Humongous regions: 46->46
[30.708s][info][gc,metaspace   ] GC(18) Metaspace: 25094K(25216K)->25094K(25216K) NonClass: 20608K(20672K)->20608K(20672K) Class: 4486K(4544K)->4486K(4544K)
[30.709s][info][gc             ] GC(18) Pause Young (Normal) (G1 Evacuation Pause) 1326M->1083M(4096M) 29.098ms
[30.709s][info][gc,cpu         ] GC(18) User=0.16s Sys=0.01s Real=0.03s
... (rIR:aIR:PR = 70:67:65) (tPR = 3789) [OK] 
    33s:       rampup IR =     80 .... (rIR:aIR:PR = 80:82:80) (tPR = 4349) [OK] 
    37s:       rampup IR =     90 .... (rIR:aIR:PR = 90:92:90) (tPR = 4656) [OK] 
    41s:       rampup IR =    100 .... (rIR:aIR:PR = 100:98:95) (tPR = 4351) [OK] 
    45s:    snapshot, IR =    100 ....|.......[56.687s][info][gc,start       ] GC(19) Pause Young (Normal) (G1 Evacuation Pause)
[56.687s][info][gc,task        ] GC(19) Using 6 workers of 6 for evacuation
[56.711s][info][gc,phases      ] GC(19)   Pre Evacuate Collection Set: 0.38ms
[56.711s][info][gc,phases      ] GC(19)   Merge Heap Roots: 0.21ms
[56.711s][info][gc,phases      ] GC(19)   Evacuate Collection Set: 23.58ms
[56.711s][info][gc,phases      ] GC(19)   Post Evacuate Collection Set: 0.41ms
[56.711s][info][gc,phases      ] GC(19)   Other: 0.08ms
[56.711s][info][gc,heap        ] GC(19) Eden regions: 220->0(222)
[56.711s][info][gc,heap        ] GC(19) Survivor regions: 7->21(29)
[56.711s][info][gc,heap        ] GC(19) Old regions: 491->491
[56.711s][info][gc,heap        ] GC(19) Humongous regions: 46->46
[56.711s][info][gc,metaspace   ] GC(19) Metaspace: 27058K(27328K)->27058K(27328K) NonClass: 22248K(22400K)->22248K(22400K) Class: 4810K(4928K)->4810K(4928K)
[56.712s][info][gc             ] GC(19) Pause Young (Normal) (G1 Evacuation Pause) 1523M->1111M(4096M) 24.778ms
[56.712s][info][gc,cpu         ] GC(19) User=0.14s Sys=0.00s Real=0.03s
....................... (rIR:aIR:PR = 100:100:98) (tPR = 3240) [OK] 
    79s: Performing snapshot: (quiescence.....) (stop TxI) (stop BE) (saving... [84.566s][info][gc,start       ] GC(20) Pause Young (Normal) (G1 Evacuation Pause)
[84.566s][info][gc,task        ] GC(20) Using 6 workers of 6 for evacuation
[84.605s][info][gc,phases      ] GC(20)   Pre Evacuate Collection Set: 0.33ms
[84.605s][info][gc,phases      ] GC(20)   Merge Heap Roots: 0.21ms
[84.605s][info][gc,phases      ] GC(20)   Evacuate Collection Set: 37.88ms
[84.605s][info][gc,phases      ] GC(20)   Post Evacuate Collection Set: 0.43ms
[84.605s][info][gc,phases      ] GC(20)   Other: 0.07ms
[84.605s][info][gc,heap        ] GC(20) Eden regions: 232->0(281)
[84.605s][info][gc,heap        ] GC(20) Survivor regions: 21->29(32)
[84.605s][info][gc,heap        ] GC(20) Old regions: 491->497
[84.605s][info][gc,heap        ] GC(20) Humongous regions: 93->73
[84.605s][info][gc,metaspace   ] GC(20) Metaspace: 27348K(27584K)->27348K(27584K) NonClass: 22529K(22656K)->22529K(22656K) Class: 4819K(4928K)->4819K(4928K)
[84.605s][info][gc             ] GC(20) Pause Young (Normal) (G1 Evacuation Pause) 1669M->1194M(4096M) 39.066ms
[84.605s][info][gc,cpu         ] GC(20) User=0.21s Sys=0.02s Real=0.04s
103223 Kb) (term) [86.495s][info][gc,start       ] GC(21) Pause Full (System.gc())
[86.495s][info][gc,task        ] GC(21) Using 6 workers of 6 for full compaction
[86.495s][info][gc,phases,start] GC(21) Phase 1: Mark live objects
[86.510s][info][gc,phases      ] GC(21) Phase 1: Mark live objects 14.335ms
[86.510s][info][gc,phases,start] GC(21) Phase 2: Prepare compaction
[86.512s][info][gc,phases      ] GC(21) Phase 2: Prepare compaction 2.058ms
[86.512s][info][gc,phases,start] GC(21) Phase 3: Adjust pointers
[86.518s][info][gc,phases      ] GC(21) Phase 3: Adjust pointers 6.295ms
[86.518s][info][gc,phases,start] GC(21) Phase 4: Compact heap
[86.520s][info][gc,phases      ] GC(21) Phase 4: Compact heap 1.938ms
[86.520s][info][gc,phases,start] GC(21) Phase 5: Reset Metadata
[86.524s][info][gc,phases      ] GC(21) Phase 5: Reset Metadata 4.079ms
[86.530s][info][gc,heap        ] GC(21) Eden regions: 53->0(332)
[86.530s][info][gc,heap        ] GC(21) Survivor regions: 29->0(32)
[86.530s][info][gc,heap        ] GC(21) Old regions: 497->34
[86.530s][info][gc,heap        ] GC(21) Humongous regions: 311->66
[86.530s][info][gc,metaspace   ] GC(21) Metaspace: 27365K(27584K)->27365K(27584K) NonClass: 22545K(22656K)->22545K(22656K) Class: 4819K(4928K)->4819K(4928K)
[86.530s][info][gc             ] GC(21) Pause Full (System.gc()) 1775M->193M(4096M) 35.172ms
[86.530s][info][gc,cpu         ] GC(21) User=0.18s Sys=0.00s Real=0.04s
(init[87.219s][info][gc,start       ] GC(22) Pause Young (Normal) (G1 Evacuation Pause)
[87.219s][info][gc,task        ] GC(22) Using 6 workers of 6 for evacuation
[87.413s][info][gc,phases      ] GC(22)   Pre Evacuate Collection Set: 0.28ms
[87.413s][info][gc,phases      ] GC(22)   Merge Heap Roots: 0.38ms
[87.413s][info][gc,phases      ] GC(22)   Evacuate Collection Set: 193.34ms
[87.413s][info][gc,phases      ] GC(22)   Post Evacuate Collection Set: 0.40ms
[87.413s][info][gc,phases      ] GC(22)   Other: 0.08ms
[87.413s][info][gc,heap        ] GC(22) Eden regions: 310->0(231)
[87.413s][info][gc,heap        ] GC(22) Survivor regions: 0->39(39)
[87.413s][info][gc,heap        ] GC(22) Old regions: 34->108
[87.413s][info][gc,heap        ] GC(22) Humongous regions: 121->119
[87.414s][info][gc,metaspace   ] GC(22) Metaspace: 27450K(27712K)->27450K(27712K) NonClass: 22622K(22784K)->22622K(22784K) Class: 4828K(4928K)->4828K(4928K)
[87.414s][info][gc             ] GC(22) Pause Young (Normal) (G1 Evacuation Pause) 923M->524M(4096M) 194.633ms
[87.414s][info][gc,cpu         ] GC(22) User=1.13s Sys=0.02s Real=0.19s
[87.678s][info][gc,start       ] GC(23) Pause Young (Normal) (G1 Evacuation Pause)
[87.678s][info][gc,task        ] GC(23) Using 6 workers of 6 for evacuation
[87.823s][info][gc,phases      ] GC(23)   Pre Evacuate Collection Set: 0.35ms
[87.823s][info][gc,phases      ] GC(23)   Merge Heap Roots: 0.43ms
[87.823s][info][gc,phases      ] GC(23)   Evacuate Collection Set: 142.98ms
[87.823s][info][gc,phases      ] GC(23)   Post Evacuate Collection Set: 0.34ms
[87.823s][info][gc,phases      ] GC(23)   Other: 0.06ms
[87.823s][info][gc,heap        ] GC(23) Eden regions: 220->0(228)
[87.823s][info][gc,heap        ] GC(23) Survivor regions: 39->33(33)
[87.823s][info][gc,heap        ] GC(23) Old regions: 108->207
[87.823s][info][gc,heap        ] GC(23) Humongous regions: 122->122
[87.823s][info][gc,metaspace   ] GC(23) Metaspace: 27467K(27712K)->27467K(27712K) NonClass: 22637K(22784K)->22637K(22784K) Class: 4830K(4928K)->4830K(4928K)
[87.823s][info][gc             ] GC(23) Pause Young (Normal) (G1 Evacuation Pause) 970M->716M(4096M) 144.312ms
[87.823s][info][gc,cpu         ] GC(23) User=0.83s Sys=0.00s Real=0.14s
[88.244s][info][gc,start       ] GC(24) Pause Young (Normal) (G1 Evacuation Pause)
[88.244s][info][gc,task        ] GC(24) Using 6 workers of 6 for evacuation
[88.386s][info][gc,phases      ] GC(24)   Pre Evacuate Collection Set: 0.33ms
[88.386s][info][gc,phases      ] GC(24)   Merge Heap Roots: 0.36ms
[88.386s][info][gc,phases      ] GC(24)   Evacuate Collection Set: 140.78ms
[88.386s][info][gc,phases      ] GC(24)   Post Evacuate Collection Set: 0.42ms
[88.386s][info][gc,phases      ] GC(24)   Other: 0.06ms
[88.386s][info][gc,heap        ] GC(24) Eden regions: 222->0(220)
[88.386s][info][gc,heap        ] GC(24) Survivor regions: 33->32(32)
[88.386s][info][gc,heap        ] GC(24) Old regions: 207->327
[88.386s][info][gc,heap        ] GC(24) Humongous regions: 161->159
[88.386s][info][gc,metaspace   ] GC(24) Metaspace: 27474K(27712K)->27474K(27712K) NonClass: 22643K(22784K)->22643K(22784K) Class: 4831K(4928K)->4831K(4928K)
[88.386s][info][gc             ] GC(24) Pause Young (Normal) (G1 Evacuation Pause) 1238M->1029M(4096M) 142.082ms
[88.386s][info][gc,cpu         ] GC(24) User=0.85s Sys=0.00s Real=0.14s
) ...
    91s:       rampup IR =      0 ... (rIR:aIR:PR = 0:0:0) (tPR = 0) [OK] 
    94s:       rampup IR =     10 ... (rIR:aIR:PR = 10:11:11) (tPR = 304) [OK] 
    97s:       rampup IR =     20 ... (rIR:aIR:PR = 20:17:17) (tPR = 253) [OK] 
   100s:       rampup IR =     30 .[102.353s][info][gc,start       ] GC(25) Pause Young (Normal) (G1 Evacuation Pause)
[102.353s][info][gc,task        ] GC(25) Using 6 workers of 6 for evacuation
[102.515s][info][gc,phases      ] GC(25)   Pre Evacuate Collection Set: 0.38ms
[102.515s][info][gc,phases      ] GC(25)   Merge Heap Roots: 0.30ms
[102.515s][info][gc,phases      ] GC(25)   Evacuate Collection Set: 160.48ms
[102.515s][info][gc,phases      ] GC(25)   Post Evacuate Collection Set: 0.36ms
[102.515s][info][gc,phases      ] GC(25)   Other: 0.06ms
[102.515s][info][gc,heap        ] GC(25) Eden regions: 244->0(195)
[102.515s][info][gc,heap        ] GC(25) Survivor regions: 32->35(35)
[102.515s][info][gc,heap        ] GC(25) Old regions: 327->503
[102.515s][info][gc,heap        ] GC(25) Humongous regions: 159->159
[102.515s][info][gc,metaspace   ] GC(25) Metaspace: 27531K(27712K)->27531K(27712K) NonClass: 22699K(22784K)->22699K(22784K) Class: 4831K(4928K)->4831K(4928K)
[102.515s][info][gc             ] GC(25) Pause Young (Normal) (G1 Evacuation Pause) 1517M->1386M(4096M) 161.745ms
[102.515s][info][gc,cpu         ] GC(25) User=0.96s Sys=0.00s Real=0.16s
... (rIR:aIR:PR = 30:32:32) (tPR = 834) [OK] 
   104s:       rampup IR =     40 .... (rIR:aIR:PR = 40:39:39) (tPR = 1117) [OK] 
   108s:       rampup IR =     50 .... (rIR:aIR:PR = 50:48:47) (tPR = 819) [OK] 
   112s:       rampup IR =     60 .... (rIR:aIR:PR = 60:61:60) (tPR = 1488) [OK] 
   116s:       rampup IR =     70 .... (rIR:aIR:PR = 70:73:71) (tPR = 1473) [OK] 
   120s:       rampup IR =     80 .... (rIR:aIR:PR = 80:77:75) (tPR = 1472) [OK] 
   124s:       rampup IR =     90 .... (rIR:aIR:PR = 90:95:93) (tPR = 1938) [OK] 
   128s:       rampup IR =    100 .... (rIR:aIR:PR = 100:95:93) (tPR = 1671) [OK] 
   132s:       trying IR =    200 .... (rIR:aIR:PR = 200:202:198) (tPR = 3868) [OK] 
   136s:       trying IR =    220 ...[140.290s][info][gc,start       ] GC(26) Pause Young (Normal) (G1 Evacuation Pause)
[140.290s][info][gc,task        ] GC(26) Using 6 workers of 6 for evacuation
[140.342s][info][gc,phases      ] GC(26)   Pre Evacuate Collection Set: 0.35ms
[140.342s][info][gc,phases      ] GC(26)   Merge Heap Roots: 0.52ms
[140.342s][info][gc,phases      ] GC(26)   Evacuate Collection Set: 49.92ms
[140.342s][info][gc,phases      ] GC(26)   Post Evacuate Collection Set: 0.48ms
[140.342s][info][gc,phases      ] GC(26)   Other: 0.07ms
[140.342s][info][gc,heap        ] GC(26) Eden regions: 197->0(288)
[140.342s][info][gc,heap        ] GC(26) Survivor regions: 35->20(29)
[140.342s][info][gc,heap        ] GC(26) Old regions: 503->539
[140.342s][info][gc,heap        ] GC(26) Humongous regions: 159->159
[140.342s][info][gc,metaspace   ] GC(26) Metaspace: 27696K(27904K)->27696K(27904K) NonClass: 22857K(22976K)->22857K(22976K) Class: 4838K(4928K)->4838K(4928K)
[140.342s][info][gc             ] GC(26) Pause Young (Normal) (G1 Evacuation Pause) 1780M->1428M(4096M) 51.470ms
[140.342s][info][gc,cpu         ] GC(26) User=0.30s Sys=0.00s Real=0.05s
. (rIR:aIR:PR = 220:223:218) (tPR = 4250) [OK] 
   140s:       trying IR =    244 .... (rIR:aIR:PR = 244:244:239) (tPR = 4728) [OK] 
   144s:       trying IR =    273 ..... (rIR:aIR:PR = 273:281:275) (tPR = 4612) [OK] 
   149s:       trying IR =    307 .... (rIR:aIR:PR = 307:303:296) (tPR = 5761) [OK] 
   153s:       trying IR =    349 .[154.917s][info][gc,start       ] GC(27) Pause Young (Normal) (G1 Evacuation Pause)
[154.917s][info][gc,task        ] GC(27) Using 6 workers of 6 for evacuation
[154.958s][info][gc,phases      ] GC(27)   Pre Evacuate Collection Set: 0.33ms
[154.958s][info][gc,phases      ] GC(27)   Merge Heap Roots: 0.51ms
[154.958s][info][gc,phases      ] GC(27)   Evacuate Collection Set: 39.16ms
[154.958s][info][gc,phases      ] GC(27)   Post Evacuate Collection Set: 0.54ms
[154.958s][info][gc,phases      ] GC(27)   Other: 0.06ms
[154.958s][info][gc,heap        ] GC(27) Eden regions: 281->0(341)
[154.958s][info][gc,heap        ] GC(27) Survivor regions: 20->35(38)
[154.958s][info][gc,heap        ] GC(27) Old regions: 539->539
[154.958s][info][gc,heap        ] GC(27) Humongous regions: 159->159
[154.958s][info][gc,metaspace   ] GC(27) Metaspace: 27747K(27968K)->27747K(27968K) NonClass: 22908K(23040K)->22908K(23040K) Class: 4838K(4928K)->4838K(4928K)
[154.958s][info][gc             ] GC(27) Pause Young (Normal) (G1 Evacuation Pause) 1990M->1457M(4096M) 40.740ms
[154.958s][info][gc,cpu         ] GC(27) User=0.24s Sys=0.00s Real=0.04s
.... (rIR:aIR:PR = 349:354:347) (tPR = 7144) [OK] 
   158s:       trying IR =    399 .... (rIR:aIR:PR = 399:402:395) (tPR = 7734) [OK] 
   162s:       trying IR =    458 ..[165.017s][info][gc,start       ] GC(28) Pause Young (Normal) (G1 Evacuation Pause)
[165.017s][info][gc,task        ] GC(28) Using 6 workers of 6 for evacuation
[165.072s][info][gc,phases      ] GC(28)   Pre Evacuate Collection Set: 0.38ms
[165.072s][info][gc,phases      ] GC(28)   Merge Heap Roots: 0.50ms
[165.072s][info][gc,phases      ] GC(28)   Evacuate Collection Set: 53.53ms
[165.072s][info][gc,phases      ] GC(28)   Post Evacuate Collection Set: 0.45ms
[165.072s][info][gc,phases      ] GC(28)   Other: 0.07ms
[165.072s][info][gc,heap        ] GC(28) Eden regions: 333->0(396)
[165.072s][info][gc,heap        ] GC(28) Survivor regions: 35->36(46)
[165.072s][info][gc,heap        ] GC(28) Old regions: 539->554
[165.072s][info][gc,heap        ] GC(28) Humongous regions: 159->159
[165.072s][info][gc,metaspace   ] GC(28) Metaspace: 27815K(28032K)->27815K(28032K) NonClass: 22974K(23104K)->22974K(23104K) Class: 4841K(4928K)->4841K(4928K)
[165.072s][info][gc             ] GC(28) Pause Young (Normal) (G1 Evacuation Pause) 2123M->1491M(4096M) 55.061ms
[165.072s][info][gc,cpu         ] GC(28) User=0.31s Sys=0.01s Real=0.06s
.. (rIR:aIR:PR = 458:449:442) (tPR = 8381) [OK] 
   166s:       trying IR =    530 .... (rIR:aIR:PR = 530:536:523) (tPR = 9413) [OK] 
   170s:       trying IR =    616 ...[173.886s][info][gc,start       ] GC(29) Pause Young (Normal) (G1 Evacuation Pause)
[173.886s][info][gc,task        ] GC(29) Using 6 workers of 6 for evacuation
[173.943s][info][gc,phases      ] GC(29)   Pre Evacuate Collection Set: 0.39ms
[173.943s][info][gc,phases      ] GC(29)   Merge Heap Roots: 0.40ms
[173.943s][info][gc,phases      ] GC(29)   Evacuate Collection Set: 55.28ms
[173.943s][info][gc,phases      ] GC(29)   Post Evacuate Collection Set: 0.52ms
[173.943s][info][gc,phases      ] GC(29)   Other: 0.07ms
[173.943s][info][gc,heap        ] GC(29) Eden regions: 407->0(450)
[173.943s][info][gc,heap        ] GC(29) Survivor regions: 36->40(56)
[173.943s][info][gc,heap        ] GC(29) Old regions: 554->571
[173.943s][info][gc,heap        ] GC(29) Humongous regions: 159->159
[173.943s][info][gc,metaspace   ] GC(29) Metaspace: 27856K(28096K)->27856K(28096K) NonClass: 23014K(23168K)->23014K(23168K) Class: 4842K(4928K)->4842K(4928K)
[173.943s][info][gc             ] GC(29) Pause Young (Normal) (G1 Evacuation Pause) 2305M->1533M(4096M) 56.790ms
[173.943s][info][gc,cpu         ] GC(29) User=0.32s Sys=0.01s Real=0.06s
. (rIR:aIR:PR = 616:608:596) (tPR = 10101) [OK] 
   174s:       trying IR =    719 ..... (rIR:aIR:PR = 719:736:720) (tPR = 12489) [OK] 
   179s:       trying IR =    843 .[181.526s][info][gc,start       ] GC(30) Pause Young (Normal) (G1 Evacuation Pause)
[181.527s][info][gc,task        ] GC(30) Using 6 workers of 6 for evacuation
[181.589s][info][gc,phases      ] GC(30)   Pre Evacuate Collection Set: 0.35ms
[181.589s][info][gc,phases      ] GC(30)   Merge Heap Roots: 0.43ms
[181.589s][info][gc,phases      ] GC(30)   Evacuate Collection Set: 61.39ms
[181.589s][info][gc,phases      ] GC(30)   Post Evacuate Collection Set: 0.55ms
[181.589s][info][gc,phases      ] GC(30)   Other: 0.08ms
[181.589s][info][gc,heap        ] GC(30) Eden regions: 466->0(506)
[181.589s][info][gc,heap        ] GC(30) Survivor regions: 40->48(64)
[181.589s][info][gc,heap        ] GC(30) Old regions: 571->587
[181.589s][info][gc,heap        ] GC(30) Humongous regions: 159->159
[181.589s][info][gc,metaspace   ] GC(30) Metaspace: 27923K(28096K)->27923K(28096K) NonClass: 23079K(23168K)->23079K(23168K) Class: 4843K(4928K)->4843K(4928K)
[181.589s][info][gc             ] GC(30) Pause Young (Normal) (G1 Evacuation Pause) 2465M->1580M(4096M) 62.947ms
[181.589s][info][gc,cpu         ] GC(30) User=0.36s Sys=0.01s Real=0.07s
.... (rIR:aIR:PR = 843:853:836) (tPR = 14548) [OK] 
   184s:       trying IR =    992 ...[188.197s][info][gc,start       ] GC(31) Pause Young (Normal) (G1 Evacuation Pause)
[188.197s][info][gc,task        ] GC(31) Using 6 workers of 6 for evacuation
[188.263s][info][gc,phases      ] GC(31)   Pre Evacuate Collection Set: 0.32ms
[188.263s][info][gc,phases      ] GC(31)   Merge Heap Roots: 0.37ms
[188.263s][info][gc,phases      ] GC(31)   Evacuate Collection Set: 64.74ms
[188.263s][info][gc,phases      ] GC(31)   Post Evacuate Collection Set: 0.56ms
[188.263s][info][gc,phases      ] GC(31)   Other: 0.07ms
[188.263s][info][gc,heap        ] GC(31) Eden regions: 520->0(570)
[188.263s][info][gc,heap        ] GC(31) Survivor regions: 48->51(71)
[188.263s][info][gc,heap        ] GC(31) Old regions: 587->606
[188.263s][info][gc,heap        ] GC(31) Humongous regions: 159->159
[188.263s][info][gc,metaspace   ] GC(31) Metaspace: 27954K(28160K)->27954K(28160K) NonClass: 23110K(23232K)->23110K(23232K) Class: 4843K(4928K)->4843K(4928K)
[188.263s][info][gc             ] GC(31) Pause Young (Normal) (G1 Evacuation Pause) 2620M->1625M(4096M) 66.193ms
[188.263s][info][gc,cpu         ] GC(31) User=0.38s Sys=0.02s Real=0.07s
. (rIR:aIR:PR = 992:1004:982) (tPR = 17295) [OK] 
   188s:       trying IR =   1170 .... (rIR:aIR:PR = 1170:1182:1155) (tPR = 20961) [OK] 
   192s:       trying IR =   1384 .[194.092s][info][gc,start       ] GC(32) Pause Young (Normal) (G1 Evacuation Pause)
[194.092s][info][gc,task        ] GC(32) Using 6 workers of 6 for evacuation
[194.170s][info][gc,phases      ] GC(32)   Pre Evacuate Collection Set: 0.34ms
[194.170s][info][gc,phases      ] GC(32)   Merge Heap Roots: 0.37ms
[194.170s][info][gc,phases      ] GC(32)   Evacuate Collection Set: 75.87ms
[194.170s][info][gc,phases      ] GC(32)   Post Evacuate Collection Set: 0.61ms
[194.170s][info][gc,phases      ] GC(32)   Other: 0.07ms
[194.170s][info][gc,heap        ] GC(32) Eden regions: 583->0(608)
[194.170s][info][gc,heap        ] GC(32) Survivor regions: 51->60(80)
[194.170s][info][gc,heap        ] GC(32) Old regions: 606->627
[194.170s][info][gc,heap        ] GC(32) Humongous regions: 159->159
[194.170s][info][gc,metaspace   ] GC(32) Metaspace: 27974K(28224K)->27974K(28224K) NonClass: 23129K(23296K)->23129K(23296K) Class: 4844K(4928K)->4844K(4928K)
[194.170s][info][gc             ] GC(32) Pause Young (Normal) (G1 Evacuation Pause) 2791M->1684M(4096M) 77.383ms
[194.170s][info][gc,cpu         ] GC(32) User=0.43s Sys=0.03s Real=0.08s
... (rIR:aIR:PR = 1384:1386:1357) (tPR = 24074) [OK] 
   196s:       trying IR =   1641 ..[198.989s][info][gc,start       ] GC(33) Pause Young (Normal) (G1 Evacuation Pause)
[198.989s][info][gc,task        ] GC(33) Using 6 workers of 6 for evacuation
[199.066s][info][gc,phases      ] GC(33)   Pre Evacuate Collection Set: 0.34ms
[199.066s][info][gc,phases      ] GC(33)   Merge Heap Roots: 0.36ms
[199.066s][info][gc,phases      ] GC(33)   Evacuate Collection Set: 74.66ms
[199.066s][info][gc,phases      ] GC(33)   Post Evacuate Collection Set: 0.69ms
[199.066s][info][gc,phases      ] GC(33)   Other: 0.08ms
[199.066s][info][gc,heap        ] GC(33) Eden regions: 618->0(674)
[199.066s][info][gc,heap        ] GC(33) Survivor regions: 60->61(85)
[199.066s][info][gc,heap        ] GC(33) Old regions: 627->651
[199.066s][info][gc,heap        ] GC(33) Humongous regions: 161->161
[199.066s][info][gc,metaspace   ] GC(33) Metaspace: 28067K(28352K)->28067K(28352K) NonClass: 23208K(23360K)->23208K(23360K) Class: 4859K(4992K)->4859K(4992K)
[199.066s][info][gc             ] GC(33) Pause Young (Normal) (G1 Evacuation Pause) 2924M->1737M(4096M) 76.251ms
[199.066s][info][gc,cpu         ] GC(33) User=0.45s Sys=0.01s Real=0.07s
.. (rIR:aIR:PR = 1641:1622:1593) (tPR = 28860) [OK] 
   200s:       trying IR =   1949 ..[203.467s][info][gc,start       ] GC(34) Pause Young (Normal) (G1 Evacuation Pause)
[203.467s][info][gc,task        ] GC(34) Using 6 workers of 6 for evacuation
[203.552s][info][gc,phases      ] GC(34)   Pre Evacuate Collection Set: 0.34ms
[203.552s][info][gc,phases      ] GC(34)   Merge Heap Roots: 0.38ms
[203.552s][info][gc,phases      ] GC(34)   Evacuate Collection Set: 84.06ms
[203.552s][info][gc,phases      ] GC(34)   Post Evacuate Collection Set: 0.63ms
[203.552s][info][gc,phases      ] GC(34)   Other: 0.07ms
[203.552s][info][gc,heap        ] GC(34) Eden regions: 679->0(715)
[203.552s][info][gc,heap        ] GC(34) Survivor regions: 61->64(93)
[203.552s][info][gc,heap        ] GC(34) Old regions: 651->676
[203.552s][info][gc,heap        ] GC(34) Humongous regions: 161->161
[203.552s][info][gc,metaspace   ] GC(34) Metaspace: 28087K(28352K)->28087K(28352K) NonClass: 23228K(23360K)->23228K(23360K) Class: 4859K(4992K)->4859K(4992K)
[203.552s][info][gc             ] GC(34) Pause Young (Normal) (G1 Evacuation Pause) 3095M->1794M(4096M) 85.624ms
[203.552s][info][gc,cpu         ] GC(34) User=0.49s Sys=0.02s Real=0.09s
.. (rIR:aIR:PR = 1949:1952:1952) (tPR = 32796) [OK] 
   204s:       trying IR =   2319 ..[207.490s][info][gc,start       ] GC(35) Pause Young (Normal) (G1 Evacuation Pause)
[207.490s][info][gc,task        ] GC(35) Using 6 workers of 6 for evacuation
[207.579s][info][gc,phases      ] GC(35)   Pre Evacuate Collection Set: 0.33ms
[207.579s][info][gc,phases      ] GC(35)   Merge Heap Roots: 0.35ms
[207.579s][info][gc,phases      ] GC(35)   Evacuate Collection Set: 86.91ms
[207.579s][info][gc,phases      ] GC(35)   Post Evacuate Collection Set: 0.68ms
[207.579s][info][gc,phases      ] GC(35)   Other: 0.07ms
[207.579s][info][gc,heap        ] GC(35) Eden regions: 719->0(762)
[207.579s][info][gc,heap        ] GC(35) Survivor regions: 64->70(98)
[207.579s][info][gc,heap        ] GC(35) Old regions: 676->701
[207.579s][info][gc,heap        ] GC(35) Humongous regions: 161->161
[207.579s][info][gc,metaspace   ] GC(35) Metaspace: 28141K(28416K)->28141K(28416K) NonClass: 23281K(23424K)->23281K(23424K) Class: 4859K(4992K)->4859K(4992K)
[207.579s][info][gc             ] GC(35) Pause Young (Normal) (G1 Evacuation Pause) 3232M->1857M(4096M) 88.469ms
[207.579s][info][gc,cpu         ] GC(35) User=0.50s Sys=0.03s Real=0.09s
.. (rIR:aIR:PR = 2319:2286:2286) (tPR = 36944) [OK] 
   208s:       trying IR =   2762 ..[211.459s][info][gc,start       ] GC(36) Pause Young (Normal) (G1 Evacuation Pause)
[211.459s][info][gc,task        ] GC(36) Using 6 workers of 6 for evacuation
[211.555s][info][gc,phases      ] GC(36)   Pre Evacuate Collection Set: 0.35ms
[211.555s][info][gc,phases      ] GC(36)   Merge Heap Roots: 0.43ms
[211.555s][info][gc,phases      ] GC(36)   Evacuate Collection Set: 94.07ms
[211.555s][info][gc,phases      ] GC(36)   Post Evacuate Collection Set: 0.79ms
[211.555s][info][gc,phases      ] GC(36)   Other: 0.07ms
[211.555s][info][gc,heap        ] GC(36) Eden regions: 767->0(778)
[211.555s][info][gc,heap        ] GC(36) Survivor regions: 70->77(105)
[211.555s][info][gc,heap        ] GC(36) Old regions: 701->729
[211.555s][info][gc,heap        ] GC(36) Humongous regions: 161->161
[211.555s][info][gc,metaspace   ] GC(36) Metaspace: 28211K(28480K)->28211K(28480K) NonClass: 23345K(23488K)->23345K(23488K) Class: 4865K(4992K)->4865K(4992K)
[211.555s][info][gc             ] GC(36) Pause Young (Normal) (G1 Evacuation Pause) 3391M->1926M(4096M) 95.844ms
[211.555s][info][gc,cpu         ] GC(36) User=0.54s Sys=0.03s Real=0.09s
.. (rIR:aIR:PR = 2762:2770:2770) (tPR = 44504) [OK] 
   212s:       trying IR =   3295 ..[215.133s][info][gc,start       ] GC(37) Pause Young (Normal) (G1 Evacuation Pause)
[215.133s][info][gc,task        ] GC(37) Using 6 workers of 6 for evacuation
[215.227s][info][gc,phases      ] GC(37)   Pre Evacuate Collection Set: 0.33ms
[215.227s][info][gc,phases      ] GC(37)   Merge Heap Roots: 0.35ms
[215.227s][info][gc,phases      ] GC(37)   Evacuate Collection Set: 92.50ms
[215.227s][info][gc,phases      ] GC(37)   Post Evacuate Collection Set: 0.75ms
[215.227s][info][gc,phases      ] GC(37)   Other: 0.07ms
[215.227s][info][gc,heap        ] GC(37) Eden regions: 778->0(786)
[215.227s][info][gc,heap        ] GC(37) Survivor regions: 77->80(107)
[215.227s][info][gc,heap        ] GC(37) Old regions: 729->757
[215.227s][info][gc,heap        ] GC(37) Humongous regions: 161->161
[215.227s][info][gc,metaspace   ] GC(37) Metaspace: 28486K(28800K)->28486K(28800K) NonClass: 23604K(23744K)->23604K(23744K) Class: 4881K(5056K)->4881K(5056K)
[215.227s][info][gc             ] GC(37) Pause Young (Normal) (G1 Evacuation Pause) 3482M->1988M(4096M) 94.140ms
[215.227s][info][gc,cpu         ] GC(37) User=0.55s Sys=0.01s Real=0.09s
.. (rIR:aIR:PR = 3295:3284:3284) (tPR = 49182) [OK] 
   216s:       trying IR =   3934 .[218.545s][info][gc,start       ] GC(38) Pause Young (Normal) (G1 Evacuation Pause)
[218.546s][info][gc,task        ] GC(38) Using 6 workers of 6 for evacuation
[218.646s][info][gc,phases      ] GC(38)   Pre Evacuate Collection Set: 0.36ms
[218.646s][info][gc,phases      ] GC(38)   Merge Heap Roots: 0.48ms
[218.646s][info][gc,phases      ] GC(38)   Evacuate Collection Set: 98.36ms
[218.646s][info][gc,phases      ] GC(38)   Post Evacuate Collection Set: 0.85ms
[218.646s][info][gc,phases      ] GC(38)   Other: 0.08ms
[218.646s][info][gc,heap        ] GC(38) Eden regions: 786->0(785)
[218.646s][info][gc,heap        ] GC(38) Survivor regions: 80->86(109)
[218.646s][info][gc,heap        ] GC(38) Old regions: 757->785
[218.646s][info][gc,heap        ] GC(38) Humongous regions: 161->161
[218.646s][info][gc,metaspace   ] GC(38) Metaspace: 28603K(28928K)->28603K(28928K) NonClass: 23722K(23872K)->23722K(23872K) Class: 4881K(5056K)->4881K(5056K)
[218.646s][info][gc             ] GC(38) Pause Young (Normal) (G1 Evacuation Pause) 3560M->2056M(4096M) 100.243ms
[218.646s][info][gc,cpu         ] GC(38) User=0.58s Sys=0.01s Real=0.10s
.... (rIR:aIR:PR = 3934:3934:3934) (tPR = 58452) [OK] 
   221s:       trying IR =   4701 [221.810s][info][gc,start       ] GC(39) Pause Young (Concurrent Start) (G1 Evacuation Pause)
[221.810s][info][gc,task        ] GC(39) Using 6 workers of 6 for evacuation
[221.912s][info][gc,phases      ] GC(39)   Pre Evacuate Collection Set: 0.42ms
[221.912s][info][gc,phases      ] GC(39)   Merge Heap Roots: 0.41ms
[221.912s][info][gc,phases      ] GC(39)   Evacuate Collection Set: 100.04ms
[221.912s][info][gc,phases      ] GC(39)   Post Evacuate Collection Set: 0.87ms
[221.912s][info][gc,phases      ] GC(39)   Other: 0.09ms
[221.912s][info][gc,heap        ] GC(39) Eden regions: 785->0(782)
[221.912s][info][gc,heap        ] GC(39) Survivor regions: 86->87(109)
[221.912s][info][gc,heap        ] GC(39) Old regions: 785->816
[221.912s][info][gc,heap        ] GC(39) Humongous regions: 161->161
[221.912s][info][gc,metaspace   ] GC(39) Metaspace: 28620K(28928K)->28620K(28928K) NonClass: 23738K(23872K)->23738K(23872K) Class: 4881K(5056K)->4881K(5056K)
[221.912s][info][gc             ] GC(39) Pause Young (Concurrent Start) (G1 Evacuation Pause) 3626M->2119M(4096M) 101.948ms
[221.912s][info][gc             ] GC(40) Concurrent Mark Cycle
[221.912s][info][gc,marking     ] GC(40) Concurrent Scan Root Regions
[221.912s][info][gc,cpu         ] GC(39) User=0.60s Sys=0.02s Real=0.10s
[222.071s][info][gc,marking     ] GC(40) Concurrent Scan Root Regions 158.497ms
[222.071s][info][gc,marking     ] GC(40) Concurrent Mark
[222.071s][info][gc,marking     ] GC(40) Concurrent Mark From Roots
[222.071s][info][gc,task        ] GC(40) Using 2 workers of 2 for marking
.[223.031s][info][gc,marking     ] GC(40) Concurrent Mark From Roots 960.355ms
[223.031s][info][gc,marking     ] GC(40) Concurrent Preclean
[223.031s][info][gc,marking     ] GC(40) Concurrent Preclean 0.063ms
[223.031s][info][gc,start       ] GC(40) Pause Remark
[223.037s][info][gc             ] GC(40) Pause Remark 2832M->2540M(4096M) 5.600ms
[223.037s][info][gc,cpu         ] GC(40) User=0.02s Sys=0.00s Real=0.00s
[223.037s][info][gc,marking     ] GC(40) Concurrent Mark 966.298ms
[223.037s][info][gc,marking     ] GC(40) Concurrent Rebuild Remembered Sets and Scrub Regions
[223.422s][info][gc,marking     ] GC(40) Concurrent Rebuild Remembered Sets and Scrub Regions 384.382ms
[223.422s][info][gc,start       ] GC(40) Pause Cleanup
[223.422s][info][gc             ] GC(40) Pause Cleanup 2769M->2769M(4096M) 0.263ms
[223.422s][info][gc,cpu         ] GC(40) User=0.00s Sys=0.00s Real=0.00s
[223.422s][info][gc,marking     ] GC(40) Concurrent Clear Claimed Marks
[223.422s][info][gc,marking     ] GC(40) Concurrent Clear Claimed Marks 0.037ms
[223.422s][info][gc,marking     ] GC(40) Concurrent Cleanup for Next Mark
[223.427s][info][gc,marking     ] GC(40) Concurrent Cleanup for Next Mark 4.782ms
[223.427s][info][gc             ] GC(40) Concurrent Mark Cycle 1514.878ms
.[224.447s][info][gc,start       ] GC(41) Pause Young (Prepare Mixed) (G1 Evacuation Pause)
[224.447s][info][gc,task        ] GC(41) Using 6 workers of 6 for evacuation
[224.545s][info][gc,phases      ] GC(41)   Pre Evacuate Collection Set: 0.34ms
[224.545s][info][gc,phases      ] GC(41)   Merge Heap Roots: 0.41ms
[224.545s][info][gc,phases      ] GC(41)   Evacuate Collection Set: 95.82ms
[224.545s][info][gc,phases      ] GC(41)   Post Evacuate Collection Set: 0.86ms
[224.545s][info][gc,phases      ] GC(41)   Other: 0.10ms
[224.545s][info][gc,heap        ] GC(41) Eden regions: 782->0(867)
[224.545s][info][gc,heap        ] GC(41) Survivor regions: 87->87(109)
[224.545s][info][gc,heap        ] GC(41) Old regions: 754->785
[224.545s][info][gc,heap        ] GC(41) Humongous regions: 77->77
[224.545s][info][gc,metaspace   ] GC(41) Metaspace: 28639K(28928K)->28639K(28928K) NonClass: 23757K(23872K)->23757K(23872K) Class: 4882K(5056K)->4882K(5056K)
[224.545s][info][gc             ] GC(41) Pause Young (Prepare Mixed) (G1 Evacuation Pause) 3391M->1890M(4096M) 97.651ms
[224.545s][info][gc,cpu         ] GC(41) User=0.58s Sys=0.00s Real=0.10s
.. (rIR:aIR:PR = 4701:4696:4700) (tPR = 71761) [OK] 
   225s:       trying IR =   5621 .[227.186s][info][gc,start       ] GC(42) Pause Young (Mixed) (G1 Evacuation Pause)
[227.186s][info][gc,task        ] GC(42) Using 6 workers of 6 for evacuation
[227.299s][info][gc,phases      ] GC(42)   Pre Evacuate Collection Set: 0.34ms
[227.299s][info][gc,phases      ] GC(42)   Merge Heap Roots: 0.61ms
[227.299s][info][gc,phases      ] GC(42)   Evacuate Collection Set: 111.04ms
[227.299s][info][gc,phases      ] GC(42)   Post Evacuate Collection Set: 0.99ms
[227.300s][info][gc,phases      ] GC(42)   Other: 0.12ms
[227.300s][info][gc,heap        ] GC(42) Eden regions: 842->0(856)
[227.300s][info][gc,heap        ] GC(42) Survivor regions: 87->92(117)
[227.300s][info][gc,heap        ] GC(42) Old regions: 785->768
[227.300s][info][gc,heap        ] GC(42) Humongous regions: 77->77
[227.300s][info][gc,metaspace   ] GC(42) Metaspace: 28639K(28928K)->28639K(28928K) NonClass: 23757K(23872K)->23757K(23872K) Class: 4882K(5056K)->4882K(5056K)
[227.300s][info][gc             ] GC(42) Pause Young (Mixed) (G1 Evacuation Pause) 3574M->1868M(4096M) 113.232ms
[227.300s][info][gc,cpu         ] GC(42) User=0.66s Sys=0.01s Real=0.12s
... (rIR:aIR:PR = 5621:5620:5620) (tPR = 85741) [OK] 
   229s:       trying IR =   6725 [229.726s][info][gc,start       ] GC(43) Pause Young (Mixed) (G1 Evacuation Pause)
[229.726s][info][gc,task        ] GC(43) Using 6 workers of 6 for evacuation
[229.836s][info][gc,phases      ] GC(43)   Pre Evacuate Collection Set: 0.37ms
[229.836s][info][gc,phases      ] GC(43)   Merge Heap Roots: 0.64ms
[229.836s][info][gc,phases      ] GC(43)   Evacuate Collection Set: 107.72ms
[229.836s][info][gc,phases      ] GC(43)   Post Evacuate Collection Set: 1.08ms
[229.836s][info][gc,phases      ] GC(43)   Other: 0.10ms
[229.836s][info][gc,heap        ] GC(43) Eden regions: 843->0(881)
[229.836s][info][gc,heap        ] GC(43) Survivor regions: 92->92(117)
[229.836s][info][gc,heap        ] GC(43) Old regions: 768->750
[229.836s][info][gc,heap        ] GC(43) Humongous regions: 77->77
[229.836s][info][gc,metaspace   ] GC(43) Metaspace: 28640K(28928K)->28640K(28928K) NonClass: 23758K(23872K)->23758K(23872K) Class: 4882K(5056K)->4882K(5056K)
[229.836s][info][gc             ] GC(43) Pause Young (Mixed) (G1 Evacuation Pause) 3554M->1832M(4096M) 110.046ms
[229.836s][info][gc,cpu         ] GC(43) User=0.65s Sys=0.01s Real=0.11s
..[231.931s][info][gc,start       ] GC(44) Pause Young (Mixed) (G1 Evacuation Pause)
[231.931s][info][gc,task        ] GC(44) Using 6 workers of 6 for evacuation
[232.057s][info][gc,phases      ] GC(44)   Pre Evacuate Collection Set: 0.39ms
[232.057s][info][gc,phases      ] GC(44)   Merge Heap Roots: 0.75ms
[232.057s][info][gc,phases      ] GC(44)   Evacuate Collection Set: 121.81ms
[232.057s][info][gc,phases      ] GC(44)   Merge Optional Heap Roots: 0.06ms
[232.057s][info][gc,phases      ] GC(44)   Evacuate Optional Collection Set: 1.29ms
[232.057s][info][gc,phases      ] GC(44)   Post Evacuate Collection Set: 1.06ms
[232.057s][info][gc,phases      ] GC(44)   Other: 0.14ms
[232.057s][info][gc,heap        ] GC(44) Eden regions: 881->0(478)
[232.057s][info][gc,heap        ] GC(44) Survivor regions: 92->97(122)
[232.057s][info][gc,heap        ] GC(44) Old regions: 750->718
[232.057s][info][gc,heap        ] GC(44) Humongous regions: 77->77
[232.057s][info][gc,metaspace   ] GC(44) Metaspace: 28676K(28992K)->28676K(28992K) NonClass: 23793K(23936K)->23793K(23936K) Class: 4882K(5056K)->4882K(5056K)
[232.057s][info][gc             ] GC(44) Pause Young (Mixed) (G1 Evacuation Pause) 3594M->1778M(4096M) 125.640ms
[232.057s][info][gc,cpu         ] GC(44) User=0.73s Sys=0.01s Real=0.12s
.[233.232s][info][gc,start       ] GC(45) Pause Young (Mixed) (G1 Evacuation Pause)
[233.232s][info][gc,task        ] GC(45) Using 6 workers of 6 for evacuation
[233.337s][info][gc,phases      ] GC(45)   Pre Evacuate Collection Set: 0.36ms
[233.337s][info][gc,phases      ] GC(45)   Merge Heap Roots: 0.69ms
[233.337s][info][gc,phases      ] GC(45)   Evacuate Collection Set: 103.29ms
[233.337s][info][gc,phases      ] GC(45)   Post Evacuate Collection Set: 0.92ms
[233.337s][info][gc,phases      ] GC(45)   Other: 0.08ms
[233.337s][info][gc,heap        ] GC(45) Eden regions: 553->0(914)
[233.337s][info][gc,heap        ] GC(45) Survivor regions: 97->39(82)
[233.337s][info][gc,heap        ] GC(45) Old regions: 718->748
[233.337s][info][gc,heap        ] GC(45) Humongous regions: 77->77
[233.337s][info][gc,metaspace   ] GC(45) Metaspace: 28676K(28992K)->28676K(28992K) NonClass: 23793K(23936K)->23793K(23936K) Class: 4882K(5056K)->4882K(5056K)
[233.337s][info][gc             ] GC(45) Pause Young (Mixed) (G1 Evacuation Pause) 2884M->1723M(4096M) 105.474ms
[233.337s][info][gc,cpu         ] GC(45) User=0.63s Sys=0.00s Real=0.11s
. (rIR:aIR:PR = 6725:6735:6735) (tPR = 101229) [OK] 
   233s:       trying IR =   8050 .[235.232s][info][gc,start       ] GC(46) Pause Young (Mixed) (G1 Evacuation Pause)
[235.232s][info][gc,task        ] GC(46) Using 6 workers of 6 for evacuation
[235.327s][info][gc,phases      ] GC(46)   Pre Evacuate Collection Set: 0.37ms
[235.327s][info][gc,phases      ] GC(46)   Merge Heap Roots: 0.75ms
[235.327s][info][gc,phases      ] GC(46)   Evacuate Collection Set: 90.20ms
[235.327s][info][gc,phases      ] GC(46)   Merge Optional Heap Roots: 0.10ms
[235.327s][info][gc,phases      ] GC(46)   Evacuate Optional Collection Set: 2.47ms
[235.327s][info][gc,phases      ] GC(46)   Post Evacuate Collection Set: 1.12ms
[235.327s][info][gc,phases      ] GC(46)   Other: 0.11ms
[235.327s][info][gc,heap        ] GC(46) Eden regions: 914->0(941)
[235.327s][info][gc,heap        ] GC(46) Survivor regions: 39->83(120)
[235.327s][info][gc,heap        ] GC(46) Old regions: 748->672
[235.327s][info][gc,heap        ] GC(46) Humongous regions: 77->77
[235.327s][info][gc,metaspace   ] GC(46) Metaspace: 28686K(28992K)->28686K(28992K) NonClass: 23804K(23936K)->23804K(23936K) Class: 4882K(5056K)->4882K(5056K)
[235.327s][info][gc             ] GC(46) Pause Young (Mixed) (G1 Evacuation Pause) 3551M->1658M(4096M) 95.254ms
[235.327s][info][gc,cpu         ] GC(46) User=0.56s Sys=0.00s Real=0.10s
..[237.208s][info][gc,start       ] GC(47) Pause Young (Mixed) (G1 Evacuation Pause)
[237.208s][info][gc,task        ] GC(47) Using 6 workers of 6 for evacuation
[237.337s][info][gc,phases      ] GC(47)   Pre Evacuate Collection Set: 0.36ms
[237.337s][info][gc,phases      ] GC(47)   Merge Heap Roots: 1.16ms
[237.337s][info][gc,phases      ] GC(47)   Evacuate Collection Set: 122.91ms
[237.337s][info][gc,phases      ] GC(47)   Merge Optional Heap Roots: 0.10ms
[237.337s][info][gc,phases      ] GC(47)   Evacuate Optional Collection Set: 2.82ms
[237.337s][info][gc,phases      ] GC(47)   Post Evacuate Collection Set: 1.11ms
[237.337s][info][gc,phases      ] GC(47)   Other: 0.11ms
[237.337s][info][gc,heap        ] GC(47) Eden regions: 941->0(967)
[237.337s][info][gc,heap        ] GC(47) Survivor regions: 83->99(128)
[237.337s][info][gc,heap        ] GC(47) Old regions: 672->629
[237.337s][info][gc,heap        ] GC(47) Humongous regions: 77->77
[237.337s][info][gc,metaspace   ] GC(47) Metaspace: 28688K(28992K)->28688K(28992K) NonClass: 23806K(23936K)->23806K(23936K) Class: 4882K(5056K)->4882K(5056K)
[237.337s][info][gc             ] GC(47) Pause Young (Mixed) (G1 Evacuation Pause) 3540M->1607M(4096M) 128.726ms
[237.337s][info][gc,cpu         ] GC(47) User=0.77s Sys=0.00s Real=0.12s
. (rIR:aIR:PR = 8050:8049:8049) (tPR = 120933) [OK] 
   237s:       trying IR =   9640 .[238.900s][info][gc,start       ] GC(48) Pause Young (Mixed) (G1 Evacuation Pause)
[238.900s][info][gc,task        ] GC(48) Using 6 workers of 6 for evacuation
[239.030s][info][gc,phases      ] GC(48)   Pre Evacuate Collection Set: 0.33ms
[239.030s][info][gc,phases      ] GC(48)   Merge Heap Roots: 0.89ms
[239.030s][info][gc,phases      ] GC(48)   Evacuate Collection Set: 127.38ms
[239.030s][info][gc,phases      ] GC(48)   Post Evacuate Collection Set: 0.89ms
[239.030s][info][gc,phases      ] GC(48)   Other: 0.10ms
[239.030s][info][gc,heap        ] GC(48) Eden regions: 967->0(972)
[239.030s][info][gc,heap        ] GC(48) Survivor regions: 99->102(134)
[239.030s][info][gc,heap        ] GC(48) Old regions: 629->643
[239.030s][info][gc,heap        ] GC(48) Humongous regions: 77->77
[239.030s][info][gc,metaspace   ] GC(48) Metaspace: 28688K(28992K)->28688K(28992K) NonClass: 23806K(23936K)->23806K(23936K) Class: 4882K(5056K)->4882K(5056K)
[239.030s][info][gc             ] GC(48) Pause Young (Mixed) (G1 Evacuation Pause) 3541M->1639M(4096M) 129.734ms
[239.030s][info][gc,cpu         ] GC(48) User=0.77s Sys=0.00s Real=0.13s
.[240.586s][info][gc,start       ] GC(49) Pause Young (Normal) (G1 Evacuation Pause)
[240.586s][info][gc,task        ] GC(49) Using 6 workers of 6 for evacuation
[240.701s][info][gc,phases      ] GC(49)   Pre Evacuate Collection Set: 0.37ms
[240.701s][info][gc,phases      ] GC(49)   Merge Heap Roots: 0.52ms
[240.701s][info][gc,phases      ] GC(49)   Evacuate Collection Set: 112.90ms
[240.701s][info][gc,phases      ] GC(49)   Post Evacuate Collection Set: 0.86ms
[240.701s][info][gc,phases      ] GC(49)   Other: 0.09ms
[240.701s][info][gc,heap        ] GC(49) Eden regions: 972->0(967)
[240.701s][info][gc,heap        ] GC(49) Survivor regions: 102->104(135)
[240.701s][info][gc,heap        ] GC(49) Old regions: 643->674
[240.701s][info][gc,heap        ] GC(49) Humongous regions: 77->77
[240.701s][info][gc,metaspace   ] GC(49) Metaspace: 28688K(28992K)->28688K(28992K) NonClass: 23806K(23936K)->23806K(23936K) Class: 4882K(5056K)->4882K(5056K)
[240.701s][info][gc             ] GC(49) Pause Young (Normal) (G1 Evacuation Pause) 3583M->1705M(4096M) 114.873ms
[240.701s][info][gc,cpu         ] GC(49) User=0.68s Sys=0.00s Real=0.12s
.. (rIR:aIR:PR = 9640:9601:9602) (tPR = 147829) [OK] 
   241s:       trying IR =  11548 [242.251s][info][gc,start       ] GC(50) Pause Young (Normal) (G1 Evacuation Pause)
[242.251s][info][gc,task        ] GC(50) Using 6 workers of 6 for evacuation
[242.363s][info][gc,phases      ] GC(50)   Pre Evacuate Collection Set: 0.33ms
[242.363s][info][gc,phases      ] GC(50)   Merge Heap Roots: 0.45ms
[242.363s][info][gc,phases      ] GC(50)   Evacuate Collection Set: 109.90ms
[242.363s][info][gc,phases      ] GC(50)   Post Evacuate Collection Set: 0.88ms
[242.363s][info][gc,phases      ] GC(50)   Other: 0.08ms
[242.363s][info][gc,heap        ] GC(50) Eden regions: 967->0(954)
[242.363s][info][gc,heap        ] GC(50) Survivor regions: 104->105(134)
[242.363s][info][gc,heap        ] GC(50) Old regions: 674->704
[242.363s][info][gc,heap        ] GC(50) Humongous regions: 77->77
[242.363s][info][gc,metaspace   ] GC(50) Metaspace: 28709K(28992K)->28709K(28992K) NonClass: 23826K(23936K)->23826K(23936K) Class: 4882K(5056K)->4882K(5056K)
[242.363s][info][gc             ] GC(50) Pause Young (Normal) (G1 Evacuation Pause) 3639M->1768M(4096M) 111.769ms
[242.363s][info][gc,cpu         ] GC(50) User=0.66s Sys=0.00s Real=0.11s
.[243.640s][info][gc,start       ] GC(51) Pause Young (Normal) (G1 Evacuation Pause)
[243.640s][info][gc,task        ] GC(51) Using 6 workers of 6 for evacuation
[243.802s][info][gc,phases      ] GC(51)   Pre Evacuate Collection Set: 0.36ms
[243.802s][info][gc,phases      ] GC(51)   Merge Heap Roots: 0.50ms
[243.802s][info][gc,phases      ] GC(51)   Evacuate Collection Set: 160.19ms
[243.802s][info][gc,phases      ] GC(51)   Post Evacuate Collection Set: 0.95ms
[243.802s][info][gc,phases      ] GC(51)   Other: 0.09ms
[243.802s][info][gc,heap        ] GC(51) Eden regions: 954->0(923)
[243.803s][info][gc,heap        ] GC(51) Survivor regions: 105->104(133)
[243.803s][info][gc,heap        ] GC(51) Old regions: 704->737
[243.803s][info][gc,heap        ] GC(51) Humongous regions: 77->77
[243.803s][info][gc,metaspace   ] GC(51) Metaspace: 28721K(29056K)->28721K(29056K) NonClass: 23838K(24000K)->23838K(24000K) Class: 4882K(5056K)->4882K(5056K)
[243.803s][info][gc             ] GC(51) Pause Young (Normal) (G1 Evacuation Pause) 3676M->1832M(4096M) 162.207ms
[243.803s][info][gc,cpu         ] GC(51) User=0.69s Sys=0.00s Real=0.16s
..[245.067s][info][gc,start       ] GC(52) Pause Young (Normal) (G1 Evacuation Pause)
[245.067s][info][gc,task        ] GC(52) Using 6 workers of 6 for evacuation
[245.182s][info][gc,phases      ] GC(52)   Pre Evacuate Collection Set: 0.35ms
[245.182s][info][gc,phases      ] GC(52)   Merge Heap Roots: 0.43ms
[245.182s][info][gc,phases      ] GC(52)   Evacuate Collection Set: 112.69ms
[245.182s][info][gc,phases      ] GC(52)   Post Evacuate Collection Set: 0.79ms
[245.182s][info][gc,phases      ] GC(52)   Other: 0.07ms
[245.182s][info][gc,heap        ] GC(52) Eden regions: 923->0(894)
[245.182s][info][gc,heap        ] GC(52) Survivor regions: 104->103(129)
[245.182s][info][gc,heap        ] GC(52) Old regions: 737->768
[245.182s][info][gc,heap        ] GC(52) Humongous regions: 77->77
[245.182s][info][gc,metaspace   ] GC(52) Metaspace: 28721K(29056K)->28721K(29056K) NonClass: 23838K(24000K)->23838K(24000K) Class: 4882K(5056K)->4882K(5056K)
[245.182s][info][gc             ] GC(52) Pause Young (Normal) (G1 Evacuation Pause) 3678M->1893M(4096M) 114.472ms
[245.182s][info][gc,cpu         ] GC(52) User=0.68s Sys=0.00s Real=0.12s
.[246.364s][info][gc,start       ] GC(53) Pause Young (Normal) (G1 Evacuation Pause)
[246.364s][info][gc,task        ] GC(53) Using 6 workers of 6 for evacuation
[246.478s][info][gc,phases      ] GC(53)   Pre Evacuate Collection Set: 0.33ms
[246.478s][info][gc,phases      ] GC(53)   Merge Heap Roots: 0.46ms
[246.478s][info][gc,phases      ] GC(53)   Evacuate Collection Set: 112.50ms
[246.478s][info][gc,phases      ] GC(53)   Post Evacuate Collection Set: 0.80ms
[246.478s][info][gc,phases      ] GC(53)   Other: 0.07ms
[246.478s][info][gc,heap        ] GC(53) Eden regions: 894->0(858)
[246.478s][info][gc,heap        ] GC(53) Survivor regions: 103->105(125)
[246.478s][info][gc,heap        ] GC(53) Old regions: 768->800
[246.478s][info][gc,heap        ] GC(53) Humongous regions: 77->77
[246.478s][info][gc,metaspace   ] GC(53) Metaspace: 28726K(29056K)->28726K(29056K) NonClass: 23844K(24000K)->23844K(24000K) Class: 4882K(5056K)->4882K(5056K)
[246.479s][info][gc             ] GC(53) Pause Young (Normal) (G1 Evacuation Pause) 3681M->1960M(4096M) 114.282ms
[246.479s][info][gc,cpu         ] GC(53) User=0.68s Sys=0.00s Real=0.12s
.[247.743s][info][gc,start       ] GC(54) Pause Young (Normal) (G1 Evacuation Pause)
[247.743s][info][gc,task        ] GC(54) Using 6 workers of 6 for evacuation
[247.851s][info][gc,phases      ] GC(54)   Pre Evacuate Collection Set: 0.33ms
[247.851s][info][gc,phases      ] GC(54)   Merge Heap Roots: 0.44ms
[247.851s][info][gc,phases      ] GC(54)   Evacuate Collection Set: 106.02ms
[247.851s][info][gc,phases      ] GC(54)   Post Evacuate Collection Set: 0.74ms
[247.851s][info][gc,phases      ] GC(54)   Other: 0.08ms
[247.851s][info][gc,heap        ] GC(54) Eden regions: 858->0(882)
[247.851s][info][gc,heap        ] GC(54) Survivor regions: 105->55(121)
[247.851s][info][gc,heap        ] GC(54) Old regions: 800->873
[247.851s][info][gc,heap        ] GC(54) Humongous regions: 77->77
[247.851s][info][gc,metaspace   ] GC(54) Metaspace: 28726K(29056K)->28726K(29056K) NonClass: 23844K(24000K)->23844K(24000K) Class: 4882K(5056K)->4882K(5056K)
[247.851s][info][gc             ] GC(54) Pause Young (Normal) (G1 Evacuation Pause) 3676M->2006M(4096M) 107.727ms
[247.851s][info][gc,cpu         ] GC(54) User=0.64s Sys=0.00s Real=0.11s
.[249.059s][info][gc,start       ] GC(55) Pause Young (Concurrent Start) (G1 Evacuation Pause)
[249.059s][info][gc,task        ] GC(55) Using 6 workers of 6 for evacuation
[249.145s][info][gc,phases      ] GC(55)   Pre Evacuate Collection Set: 0.40ms
[249.145s][info][gc,phases      ] GC(55)   Merge Heap Roots: 0.40ms
[249.145s][info][gc,phases      ] GC(55)   Evacuate Collection Set: 83.51ms
[249.145s][info][gc,phases      ] GC(55)   Post Evacuate Collection Set: 0.82ms
[249.145s][info][gc,phases      ] GC(55)   Other: 0.11ms
[249.145s][info][gc,heap        ] GC(55) Eden regions: 882->0(801)
[249.145s][info][gc,heap        ] GC(55) Survivor regions: 55->97(118)
[249.145s][info][gc,heap        ] GC(55) Old regions: 873->873
[249.145s][info][gc,heap        ] GC(55) Humongous regions: 77->77
[249.145s][info][gc,metaspace   ] GC(55) Metaspace: 28728K(29056K)->28728K(29056K) NonClass: 23845K(24000K)->23845K(24000K) Class: 4882K(5056K)->4882K(5056K)
[249.145s][info][gc             ] GC(55) Pause Young (Concurrent Start) (G1 Evacuation Pause) 3770M->2091M(4096M) 85.376ms
[249.145s][info][gc             ] GC(56) Concurrent Mark Cycle
[249.145s][info][gc,marking     ] GC(56) Concurrent Scan Root Regions
[249.145s][info][gc,cpu         ] GC(55) User=0.51s Sys=0.00s Real=0.08s
[249.296s][info][gc,marking     ] GC(56) Concurrent Scan Root Regions 151.473ms
[249.296s][info][gc,marking     ] GC(56) Concurrent Mark
[249.296s][info][gc,marking     ] GC(56) Concurrent Mark From Roots
[249.296s][info][gc,task        ] GC(56) Using 2 workers of 2 for marking
.[250.511s][info][gc,marking     ] GC(56) Concurrent Mark From Roots 1214.573ms
[250.511s][info][gc,marking     ] GC(56) Concurrent Preclean
[250.511s][info][gc,marking     ] GC(56) Concurrent Preclean 0.210ms
[250.514s][info][gc,start       ] GC(56) Pause Remark
[250.521s][info][gc             ] GC(56) Pause Remark 3481M->3473M(4096M) 7.405ms
[250.521s][info][gc,cpu         ] GC(56) User=0.04s Sys=0.00s Real=0.01s
[250.522s][info][gc,marking     ] GC(56) Concurrent Mark 1225.778ms
[250.522s][info][gc,marking     ] GC(56) Concurrent Rebuild Remembered Sets and Scrub Regions
.[250.783s][info][gc,start       ] GC(57) Pause Young (Normal) (G1 Evacuation Pause)
[250.783s][info][gc,task        ] GC(57) Using 6 workers of 6 for evacuation
[250.891s][info][gc,phases      ] GC(57)   Pre Evacuate Collection Set: 0.33ms
[250.891s][info][gc,phases      ] GC(57)   Merge Heap Roots: 0.45ms
[250.891s][info][gc,phases      ] GC(57)   Evacuate Collection Set: 105.90ms
[250.891s][info][gc,phases      ] GC(57)   Post Evacuate Collection Set: 0.86ms
[250.891s][info][gc,phases      ] GC(57)   Other: 0.09ms
[250.891s][info][gc,heap        ] GC(57) Eden regions: 801->0(813)
[250.891s][info][gc,heap        ] GC(57) Survivor regions: 97->59(113)
[250.891s][info][gc,heap        ] GC(57) Old regions: 869->937
[250.891s][info][gc,heap        ] GC(57) Humongous regions: 77->77
[250.891s][info][gc,metaspace   ] GC(57) Metaspace: 28728K(29056K)->28728K(29056K) NonClass: 23845K(24000K)->23845K(24000K) Class: 4882K(5056K)->4882K(5056K)
[250.891s][info][gc             ] GC(57) Pause Young (Normal) (G1 Evacuation Pause) 3685M->2142M(4096M) 107.768ms
[250.891s][info][gc,cpu         ] GC(57) User=0.64s Sys=0.00s Real=0.11s
[251.185s][info][gc,marking     ] GC(56) Concurrent Rebuild Remembered Sets and Scrub Regions 662.984ms
[251.188s][info][gc,start       ] GC(56) Pause Cleanup
[251.189s][info][gc             ] GC(56) Pause Cleanup 2490M->2490M(4096M) 0.374ms
[251.189s][info][gc,cpu         ] GC(56) User=0.00s Sys=0.00s Real=0.00s
[251.189s][info][gc,marking     ] GC(56) Concurrent Clear Claimed Marks
[251.189s][info][gc,marking     ] GC(56) Concurrent Clear Claimed Marks 0.034ms
[251.189s][info][gc,marking     ] GC(56) Concurrent Cleanup for Next Mark
[251.195s][info][gc,marking     ] GC(56) Concurrent Cleanup for Next Mark 5.576ms
[251.195s][info][gc             ] GC(56) Concurrent Mark Cycle 2049.976ms
[252.076s][info][gc,start       ] GC(58) Pause Young (Prepare Mixed) (G1 Evacuation Pause)
[252.076s][info][gc,task        ] GC(58) Using 6 workers of 6 for evacuation
[252.166s][info][gc,phases      ] GC(58)   Pre Evacuate Collection Set: 0.35ms
[252.166s][info][gc,phases      ] GC(58)   Merge Heap Roots: 0.65ms
[252.166s][info][gc,phases      ] GC(58)   Evacuate Collection Set: 87.32ms
[252.166s][info][gc,phases      ] GC(58)   Post Evacuate Collection Set: 0.95ms
[252.166s][info][gc,phases      ] GC(58)   Other: 0.10ms
[252.166s][info][gc,heap        ] GC(58) Eden regions: 813->0(774)
[252.166s][info][gc,heap        ] GC(58) Survivor regions: 59->59(109)
[252.166s][info][gc,heap        ] GC(58) Old regions: 937->976
[252.166s][info][gc,heap        ] GC(58) Humongous regions: 77->77
[252.166s][info][gc,metaspace   ] GC(58) Metaspace: 28729K(29056K)->28729K(29056K) NonClass: 23846K(24000K)->23846K(24000K) Class: 4882K(5056K)->4882K(5056K)
[252.166s][info][gc             ] GC(58) Pause Young (Prepare Mixed) (G1 Evacuation Pause) 3768M->2221M(4096M) 89.509ms
[252.166s][info][gc,cpu         ] GC(58) User=0.53s Sys=0.01s Real=0.09s
.[253.227s][info][gc,start       ] GC(59) Pause Young (Mixed) (G1 Evacuation Pause)
[253.227s][info][gc,task        ] GC(59) Using 6 workers of 6 for evacuation
[253.322s][info][gc,phases      ] GC(59)   Pre Evacuate Collection Set: 0.42ms
[253.322s][info][gc,phases      ] GC(59)   Merge Heap Roots: 0.75ms
[253.322s][info][gc,phases      ] GC(59)   Evacuate Collection Set: 90.99ms
[253.322s][info][gc,phases      ] GC(59)   Post Evacuate Collection Set: 1.04ms
[253.322s][info][gc,phases      ] GC(59)   Other: 0.85ms
[253.322s][info][gc,heap        ] GC(59) Eden regions: 774->0(933)
[253.322s][info][gc,heap        ] GC(59) Survivor regions: 59->56(105)
[253.322s][info][gc,heap        ] GC(59) Old regions: 976->813
[253.322s][info][gc,heap        ] GC(59) Humongous regions: 77->77
[253.322s][info][gc,metaspace   ] GC(59) Metaspace: 28729K(29056K)->28729K(29056K) NonClass: 23846K(24000K)->23846K(24000K) Class: 4882K(5056K)->4882K(5056K)
[253.322s][info][gc             ] GC(59) Pause Young (Mixed) (G1 Evacuation Pause) 3769M->1889M(4096M) 94.199ms
[253.322s][info][gc,cpu         ] GC(59) User=0.55s Sys=0.00s Real=0.09s
.[254.568s][info][gc,start       ] GC(60) Pause Young (Mixed) (G1 Evacuation Pause)
[254.568s][info][gc,task        ] GC(60) Using 6 workers of 6 for evacuation
[254.734s][info][gc,phases      ] GC(60)   Pre Evacuate Collection Set: 0.42ms
[254.734s][info][gc,phases      ] GC(60)   Merge Heap Roots: 0.83ms
[254.734s][info][gc,phases      ] GC(60)   Evacuate Collection Set: 164.24ms
[254.734s][info][gc,phases      ] GC(60)   Post Evacuate Collection Set: 1.18ms
[254.734s][info][gc,phases      ] GC(60)   Other: 0.10ms
[254.734s][info][gc,heap        ] GC(60) Eden regions: 933->0(778)
[254.734s][info][gc,heap        ] GC(60) Survivor regions: 56->104(124)
[254.734s][info][gc,heap        ] GC(60) Old regions: 813->624
[254.734s][info][gc,heap        ] GC(60) Humongous regions: 77->77
[254.735s][info][gc,metaspace   ] GC(60) Metaspace: 28729K(29056K)->28729K(29056K) NonClass: 23846K(24000K)->23846K(24000K) Class: 4882K(5056K)->4882K(5056K)
[254.735s][info][gc             ] GC(60) Pause Young (Mixed) (G1 Evacuation Pause) 3755M->1605M(4096M) 166.916ms
[254.735s][info][gc,cpu         ] GC(60) User=0.71s Sys=0.00s Real=0.16s
.[255.779s][info][gc,start       ] GC(61) Pause Young (Mixed) (G1 Evacuation Pause)
[255.779s][info][gc,task        ] GC(61) Using 6 workers of 6 for evacuation
[255.910s][info][gc,phases      ] GC(61)   Pre Evacuate Collection Set: 0.33ms
[255.910s][info][gc,phases      ] GC(61)   Merge Heap Roots: 0.75ms
[255.910s][info][gc,phases      ] GC(61)   Evacuate Collection Set: 127.33ms
[255.910s][info][gc,phases      ] GC(61)   Merge Optional Heap Roots: 0.05ms
[255.910s][info][gc,phases      ] GC(61)   Evacuate Optional Collection Set: 0.70ms
[255.910s][info][gc,phases      ] GC(61)   Post Evacuate Collection Set: 1.02ms
[255.910s][info][gc,phases      ] GC(61)   Other: 0.09ms
[255.910s][info][gc,heap        ] GC(61) Eden regions: 740->0(1071)
[255.910s][info][gc,heap        ] GC(61) Survivor regions: 104->55(106)
[255.910s][info][gc,heap        ] GC(61) Old regions: 624->646
[255.910s][info][gc,heap        ] GC(61) Humongous regions: 77->77
[255.910s][info][gc,metaspace   ] GC(61) Metaspace: 28732K(29056K)->28732K(29056K) NonClass: 23849K(24000K)->23849K(24000K) Class: 4882K(5056K)->4882K(5056K)
[255.910s][info][gc             ] GC(61) Pause Young (Mixed) (G1 Evacuation Pause) 3085M->1553M(4096M) 130.439ms
[255.910s][info][gc,cpu         ] GC(61) User=0.78s Sys=0.00s Real=0.13s
..[257.268s][info][gc,start       ] GC(62) Pause Young (Mixed) (G1 Evacuation Pause)
[257.268s][info][gc,task        ] GC(62) Using 6 workers of 6 for evacuation
[257.405s][info][gc,phases      ] GC(62)   Pre Evacuate Collection Set: 0.33ms
[257.405s][info][gc,phases      ] GC(62)   Merge Heap Roots: 1.33ms
[257.405s][info][gc,phases      ] GC(62)   Evacuate Collection Set: 134.33ms
[257.405s][info][gc,phases      ] GC(62)   Post Evacuate Collection Set: 0.96ms
[257.405s][info][gc,phases      ] GC(62)   Other: 0.11ms
[257.405s][info][gc,heap        ] GC(62) Eden regions: 1071->0(1007)
[257.405s][info][gc,heap        ] GC(62) Survivor regions: 55->109(141)
[257.405s][info][gc,heap        ] GC(62) Old regions: 646->628
[257.405s][info][gc,heap        ] GC(62) Humongous regions: 77->77
[257.405s][info][gc,metaspace   ] GC(62) Metaspace: 28733K(29056K)->28733K(29056K) NonClass: 23850K(24000K)->23850K(24000K) Class: 4882K(5056K)->4882K(5056K)
[257.405s][info][gc             ] GC(62) Pause Young (Mixed) (G1 Evacuation Pause) 3695M->1626M(4096M) 137.198ms
[257.405s][info][gc,cpu         ] GC(62) User=0.82s Sys=0.00s Real=0.13s
.[258.781s][info][gc,start       ] GC(63) Pause Young (Normal) (G1 Evacuation Pause)
[258.781s][info][gc,task        ] GC(63) Using 6 workers of 6 for evacuation
[258.903s][info][gc,phases      ] GC(63)   Pre Evacuate Collection Set: 0.34ms
[258.903s][info][gc,phases      ] GC(63)   Merge Heap Roots: 0.46ms
[258.903s][info][gc,phases      ] GC(63)   Evacuate Collection Set: 120.69ms
[258.903s][info][gc,phases      ] GC(63)   Post Evacuate Collection Set: 0.82ms
[258.903s][info][gc,phases      ] GC(63)   Other: 0.08ms
[258.903s][info][gc,heap        ] GC(63) Eden regions: 1007->0(994)
[258.903s][info][gc,heap        ] GC(63) Survivor regions: 109->76(140)
[258.903s][info][gc,heap        ] GC(63) Old regions: 628->695
[258.903s][info][gc,heap        ] GC(63) Humongous regions: 77->77
[258.903s][info][gc,metaspace   ] GC(63) Metaspace: 28733K(29056K)->28733K(29056K) NonClass: 23850K(24000K)->23850K(24000K) Class: 4882K(5056K)->4882K(5056K)
[258.903s][info][gc             ] GC(63) Pause Young (Normal) (G1 Evacuation Pause) 3640M->1694M(4096M) 122.518ms
[258.903s][info][gc,cpu         ] GC(63) User=0.73s Sys=0.00s Real=0.12s
.[260.240s][info][gc,start       ] GC(64) Pause Young (Normal) (G1 Evacuation Pause)
[260.240s][info][gc,task        ] GC(64) Using 6 workers of 6 for evacuation
[260.332s][info][gc,phases      ] GC(64)   Pre Evacuate Collection Set: 0.34ms
[260.332s][info][gc,phases      ] GC(64)   Merge Heap Roots: 0.47ms
[260.332s][info][gc,phases      ] GC(64)   Evacuate Collection Set: 90.24ms
[260.332s][info][gc,phases      ] GC(64)   Post Evacuate Collection Set: 0.83ms
[260.332s][info][gc,phases      ] GC(64)   Other: 0.08ms
[260.332s][info][gc,heap        ] GC(64) Eden regions: 994->0(981)
[260.332s][info][gc,heap        ] GC(64) Survivor regions: 76->62(134)
[260.332s][info][gc,heap        ] GC(64) Old regions: 695->741
[260.332s][info][gc,heap        ] GC(64) Humongous regions: 77->77
[260.332s][info][gc,metaspace   ] GC(64) Metaspace: 28739K(29056K)->28739K(29056K) NonClass: 23856K(24000K)->23856K(24000K) Class: 4882K(5056K)->4882K(5056K)
[260.332s][info][gc             ] GC(64) Pause Young (Normal) (G1 Evacuation Pause) 3682M->1757M(4096M) 92.092ms
[260.332s][info][gc,cpu         ] GC(64) User=0.55s Sys=0.00s Real=0.09s
.[261.741s][info][gc,start       ] GC(65) Pause Young (Normal) (G1 Evacuation Pause)
[261.741s][info][gc,task        ] GC(65) Using 6 workers of 6 for evacuation
[261.829s][info][gc,phases      ] GC(65)   Pre Evacuate Collection Set: 0.35ms
[261.829s][info][gc,phases      ] GC(65)   Merge Heap Roots: 0.46ms
[261.829s][info][gc,phases      ] GC(65)   Evacuate Collection Set: 86.72ms
[261.829s][info][gc,phases      ] GC(65)   Post Evacuate Collection Set: 0.80ms
[261.829s][info][gc,phases      ] GC(65)   Other: 0.08ms
[261.829s][info][gc,heap        ] GC(65) Eden regions: 981->0(923)
[261.829s][info][gc,heap        ] GC(65) Survivor regions: 62->102(131)
[261.829s][info][gc,heap        ] GC(65) Old regions: 741->741
[261.829s][info][gc,heap        ] GC(65) Humongous regions: 77->77
[261.829s][info][gc,metaspace   ] GC(65) Metaspace: 28742K(29056K)->28742K(29056K) NonClass: 23860K(24000K)->23860K(24000K) Class: 4882K(5056K)->4882K(5056K)
[261.829s][info][gc             ] GC(65) Pause Young (Normal) (G1 Evacuation Pause) 3719M->1836M(4096M) 88.520ms
[261.829s][info][gc,cpu         ] GC(65) User=0.53s Sys=0.00s Real=0.09s
.[263.049s][info][gc,start       ] GC(66) Pause Young (Normal) (G1 Evacuation Pause)
[263.049s][info][gc,task        ] GC(66) Using 6 workers of 6 for evacuation
[263.170s][info][gc,phases      ] GC(66)   Pre Evacuate Collection Set: 0.31ms
[263.170s][info][gc,phases      ] GC(66)   Merge Heap Roots: 0.47ms
[263.170s][info][gc,phases      ] GC(66)   Evacuate Collection Set: 118.93ms
[263.170s][info][gc,phases      ] GC(66)   Post Evacuate Collection Set: 0.78ms
[263.170s][info][gc,phases      ] GC(66)   Other: 0.08ms
[263.170s][info][gc,heap        ] GC(66) Eden regions: 923->0(878)
[263.170s][info][gc,heap        ] GC(66) Survivor regions: 102->108(129)
[263.170s][info][gc,heap        ] GC(66) Old regions: 741->774
[263.170s][info][gc,heap        ] GC(66) Humongous regions: 77->77
[263.170s][info][gc,metaspace   ] GC(66) Metaspace: 28744K(29056K)->28744K(29056K) NonClass: 23862K(24000K)->23862K(24000K) Class: 4882K(5056K)->4882K(5056K)
[263.170s][info][gc             ] GC(66) Pause Young (Normal) (G1 Evacuation Pause) 3682M->1913M(4096M) 120.710ms
[263.170s][info][gc,cpu         ] GC(66) User=0.72s Sys=0.01s Real=0.12s
.[264.295s][info][gc,start       ] GC(67) Pause Young (Normal) (G1 Evacuation Pause)
[264.295s][info][gc,task        ] GC(67) Using 6 workers of 6 for evacuation
[264.408s][info][gc,phases      ] GC(67)   Pre Evacuate Collection Set: 0.37ms
[264.408s][info][gc,phases      ] GC(67)   Merge Heap Roots: 0.45ms
[264.408s][info][gc,phases      ] GC(67)   Evacuate Collection Set: 111.54ms
[264.408s][info][gc,phases      ] GC(67)   Post Evacuate Collection Set: 0.75ms
[264.408s][info][gc,phases      ] GC(67)   Other: 0.08ms
[264.408s][info][gc,heap        ] GC(67) Eden regions: 878->0(893)
[264.408s][info][gc,heap        ] GC(67) Survivor regions: 108->64(124)
[264.408s][info][gc,heap        ] GC(67) Old regions: 774->846
[264.408s][info][gc,heap        ] GC(67) Humongous regions: 77->77
[264.408s][info][gc,metaspace   ] GC(67) Metaspace: 28746K(29056K)->28746K(29056K) NonClass: 23863K(24000K)->23863K(24000K) Class: 4882K(5056K)->4882K(5056K)
[264.408s][info][gc             ] GC(67) Pause Young (Normal) (G1 Evacuation Pause) 3669M->1972M(4096M) 113.340ms
[264.408s][info][gc,cpu         ] GC(67) User=0.67s Sys=0.00s Real=0.12s
. (rIR:aIR:PR = 11548:11241:11181) (tPR = 167033) [OK] 
   264s:       trying IR =  13837 [265.607s][info][gc,start       ] GC(68) Pause Young (Concurrent Start) (G1 Evacuation Pause)
[265.607s][info][gc,task        ] GC(68) Using 6 workers of 6 for evacuation
[265.743s][info][gc,phases      ] GC(68)   Pre Evacuate Collection Set: 0.41ms
[265.743s][info][gc,phases      ] GC(68)   Merge Heap Roots: 0.40ms
[265.743s][info][gc,phases      ] GC(68)   Evacuate Collection Set: 134.11ms
[265.743s][info][gc,phases      ] GC(68)   Post Evacuate Collection Set: 0.72ms
[265.743s][info][gc,phases      ] GC(68)   Other: 0.11ms
[265.743s][info][gc,heap        ] GC(68) Eden regions: 893->0(854)
[265.743s][info][gc,heap        ] GC(68) Survivor regions: 64->63(120)
[265.743s][info][gc,heap        ] GC(68) Old regions: 846->888
[265.743s][info][gc,heap        ] GC(68) Humongous regions: 77->77
[265.743s][info][gc,metaspace   ] GC(68) Metaspace: 28746K(29056K)->28746K(29056K) NonClass: 23863K(24000K)->23863K(24000K) Class: 4882K(5056K)->4882K(5056K)
[265.743s][info][gc             ] GC(68) Pause Young (Concurrent Start) (G1 Evacuation Pause) 3758M->2054M(4096M) 135.877ms
[265.743s][info][gc             ] GC(69) Concurrent Mark Cycle
[265.743s][info][gc,marking     ] GC(69) Concurrent Scan Root Regions
[265.743s][info][gc,cpu         ] GC(68) User=0.53s Sys=0.00s Real=0.14s
[265.864s][info][gc,marking     ] GC(69) Concurrent Scan Root Regions 120.764ms
[265.864s][info][gc,marking     ] GC(69) Concurrent Mark
[265.864s][info][gc,marking     ] GC(69) Concurrent Mark From Roots
[265.864s][info][gc,task        ] GC(69) Using 2 workers of 2 for marking
.[267.334s][info][gc,marking     ] GC(69) Concurrent Mark From Roots 1470.090ms
[267.334s][info][gc,marking     ] GC(69) Concurrent Preclean
[267.334s][info][gc,marking     ] GC(69) Concurrent Preclean 0.086ms
[267.340s][info][gc,start       ] GC(69) Pause Remark
[267.344s][info][gc             ] GC(69) Pause Remark 3752M->3750M(4096M) 4.162ms
[267.344s][info][gc,cpu         ] GC(69) User=0.02s Sys=0.00s Real=0.00s
[267.344s][info][gc,marking     ] GC(69) Concurrent Mark 1480.143ms
[267.344s][info][gc,marking     ] GC(69) Concurrent Rebuild Remembered Sets and Scrub Regions
[267.367s][info][gc,start       ] GC(70) Pause Young (Normal) (G1 Evacuation Pause)
[267.368s][info][gc,task        ] GC(70) Using 6 workers of 6 for evacuation
[267.458s][info][gc,phases      ] GC(70)   Pre Evacuate Collection Set: 0.31ms
[267.458s][info][gc,phases      ] GC(70)   Merge Heap Roots: 0.52ms
[267.458s][info][gc,phases      ] GC(70)   Evacuate Collection Set: 88.24ms
[267.458s][info][gc,phases      ] GC(70)   Post Evacuate Collection Set: 0.82ms
[267.458s][info][gc,phases      ] GC(70)   Other: 0.09ms
[267.458s][info][gc,heap        ] GC(70) Eden regions: 854->0(822)
[267.458s][info][gc,heap        ] GC(70) Survivor regions: 63->59(115)
[267.458s][info][gc,heap        ] GC(70) Old regions: 887->928
[267.458s][info][gc,heap        ] GC(70) Humongous regions: 77->77
[267.458s][info][gc,metaspace   ] GC(70) Metaspace: 28746K(29056K)->28746K(29056K) NonClass: 23863K(24000K)->23863K(24000K) Class: 4882K(5056K)->4882K(5056K)
[267.458s][info][gc             ] GC(70) Pause Young (Normal) (G1 Evacuation Pause) 3760M->2126M(4096M) 90.103ms
[267.458s][info][gc,cpu         ] GC(70) User=0.53s Sys=0.00s Real=0.09s
.[268.062s][info][gc,marking     ] GC(69) Concurrent Rebuild Remembered Sets and Scrub Regions 718.506ms
[268.064s][info][gc,start       ] GC(69) Pause Cleanup
[268.065s][info][gc             ] GC(69) Pause Cleanup 2940M->2940M(4096M) 0.313ms
[268.065s][info][gc,cpu         ] GC(69) User=0.00s Sys=0.00s Real=0.00s
[268.065s][info][gc,marking     ] GC(69) Concurrent Clear Claimed Marks
[268.065s][info][gc,marking     ] GC(69) Concurrent Clear Claimed Marks 0.031ms
[268.065s][info][gc,marking     ] GC(69) Concurrent Cleanup for Next Mark
[268.070s][info][gc,marking     ] GC(69) Concurrent Cleanup for Next Mark 4.796ms
[268.070s][info][gc             ] GC(69) Concurrent Mark Cycle 2326.934ms
[268.772s][info][gc,start       ] GC(71) Pause Young (Prepare Mixed) (G1 Evacuation Pause)
[268.772s][info][gc,task        ] GC(71) Using 6 workers of 6 for evacuation
[268.858s][info][gc,phases      ] GC(71)   Pre Evacuate Collection Set: 0.34ms
[268.858s][info][gc,phases      ] GC(71)   Merge Heap Roots: 0.51ms
[268.858s][info][gc,phases      ] GC(71)   Evacuate Collection Set: 83.18ms
[268.858s][info][gc,phases      ] GC(71)   Post Evacuate Collection Set: 0.87ms
[268.858s][info][gc,phases      ] GC(71)   Other: 0.87ms
[268.858s][info][gc,heap        ] GC(71) Eden regions: 822->0(788)
[268.858s][info][gc,heap        ] GC(71) Survivor regions: 59->55(111)
[268.858s][info][gc,heap        ] GC(71) Old regions: 928->970
[268.858s][info][gc,heap        ] GC(71) Humongous regions: 77->77
[268.858s][info][gc,metaspace   ] GC(71) Metaspace: 28746K(29056K)->28746K(29056K) NonClass: 23863K(24000K)->23863K(24000K) Class: 4882K(5056K)->4882K(5056K)
[268.858s][info][gc             ] GC(71) Pause Young (Prepare Mixed) (G1 Evacuation Pause) 3770M->2201M(4096M) 85.912ms
[268.858s][info][gc,cpu         ] GC(71) User=0.51s Sys=0.00s Real=0.09s
.[269.853s][info][gc,start       ] GC(72) Pause Young (Mixed) (G1 Evacuation Pause)
[269.853s][info][gc,task        ] GC(72) Using 6 workers of 6 for evacuation
[269.940s][info][gc,phases      ] GC(72)   Pre Evacuate Collection Set: 0.40ms
[269.940s][info][gc,phases      ] GC(72)   Merge Heap Roots: 0.51ms
[269.940s][info][gc,phases      ] GC(72)   Evacuate Collection Set: 84.28ms
[269.940s][info][gc,phases      ] GC(72)   Post Evacuate Collection Set: 0.93ms
[269.940s][info][gc,phases      ] GC(72)   Other: 0.10ms
[269.940s][info][gc,heap        ] GC(72) Eden regions: 788->0(912)
[269.940s][info][gc,heap        ] GC(72) Survivor regions: 55->93(106)
[269.940s][info][gc,heap        ] GC(72) Old regions: 970->770
[269.940s][info][gc,heap        ] GC(72) Humongous regions: 77->77
[269.940s][info][gc,metaspace   ] GC(72) Metaspace: 28746K(29056K)->28746K(29056K) NonClass: 23863K(24000K)->23863K(24000K) Class: 4882K(5056K)->4882K(5056K)
[269.940s][info][gc             ] GC(72) Pause Young (Mixed) (G1 Evacuation Pause) 3777M->1878M(4096M) 86.356ms
[269.940s][info][gc,cpu         ] GC(72) User=0.51s Sys=0.00s Real=0.09s
.[271.060s][info][gc,start       ] GC(73) Pause Young (Mixed) (G1 Evacuation Pause)
[271.060s][info][gc,task        ] GC(73) Using 6 workers of 6 for evacuation
[271.185s][info][gc,phases      ] GC(73)   Pre Evacuate Collection Set: 0.38ms
[271.185s][info][gc,phases      ] GC(73)   Merge Heap Roots: 0.68ms
[271.185s][info][gc,phases      ] GC(73)   Evacuate Collection Set: 122.87ms
[271.185s][info][gc,phases      ] GC(73)   Post Evacuate Collection Set: 1.01ms
[271.185s][info][gc,phases      ] GC(73)   Other: 0.10ms
[271.185s][info][gc,heap        ] GC(73) Eden regions: 912->0(1051)
[271.185s][info][gc,heap        ] GC(73) Survivor regions: 93->106(126)
[271.185s][info][gc,heap        ] GC(73) Old regions: 770->605
[271.185s][info][gc,heap        ] GC(73) Humongous regions: 77->77
[271.185s][info][gc,metaspace   ] GC(73) Metaspace: 28746K(29056K)->28746K(29056K) NonClass: 23863K(24000K)->23863K(24000K) Class: 4882K(5056K)->4882K(5056K)
[271.185s][info][gc             ] GC(73) Pause Young (Mixed) (G1 Evacuation Pause) 3702M->1572M(4096M) 125.171ms
[271.185s][info][gc,cpu         ] GC(73) User=0.74s Sys=0.00s Real=0.12s
.[272.636s][info][gc,start       ] GC(74) Pause Young (Mixed) (G1 Evacuation Pause)
[272.636s][info][gc,task        ] GC(74) Using 6 workers of 6 for evacuation
[272.811s][info][gc,phases      ] GC(74)   Pre Evacuate Collection Set: 0.35ms
[272.811s][info][gc,phases      ] GC(74)   Merge Heap Roots: 0.89ms
[272.811s][info][gc,phases      ] GC(74)   Evacuate Collection Set: 172.79ms
[272.811s][info][gc,phases      ] GC(74)   Post Evacuate Collection Set: 0.95ms
[272.811s][info][gc,phases      ] GC(74)   Other: 0.09ms
[272.811s][info][gc,heap        ] GC(74) Eden regions: 1051->0(1071)
[272.811s][info][gc,heap        ] GC(74) Survivor regions: 106->106(145)
[272.811s][info][gc,heap        ] GC(74) Old regions: 605->585
[272.811s][info][gc,heap        ] GC(74) Humongous regions: 77->77
[272.811s][info][gc,metaspace   ] GC(74) Metaspace: 28754K(29056K)->28754K(29056K) NonClass: 23871K(24000K)->23871K(24000K) Class: 4882K(5056K)->4882K(5056K)
[272.811s][info][gc             ] GC(74) Pause Young (Mixed) (G1 Evacuation Pause) 3674M->1533M(4096M) 175.211ms
[272.811s][info][gc,cpu         ] GC(74) User=0.76s Sys=0.00s Real=0.18s
..[274.310s][info][gc,start       ] GC(75) Pause Young (Concurrent Start) (G1 Evacuation Pause)
[274.310s][info][gc,task        ] GC(75) Using 6 workers of 6 for evacuation
[274.431s][info][gc,phases      ] GC(75)   Pre Evacuate Collection Set: 0.36ms
[274.431s][info][gc,phases      ] GC(75)   Merge Heap Roots: 0.47ms
[274.431s][info][gc,phases      ] GC(75)   Evacuate Collection Set: 119.73ms
[274.431s][info][gc,phases      ] GC(75)   Post Evacuate Collection Set: 0.86ms
[274.431s][info][gc,phases      ] GC(75)   Other: 0.12ms
[274.431s][info][gc,heap        ] GC(75) Eden regions: 1071->0(1025)
[274.431s][info][gc,heap        ] GC(75) Survivor regions: 106->114(148)
[274.431s][info][gc,heap        ] GC(75) Old regions: 585->615
[274.431s][info][gc,heap        ] GC(75) Humongous regions: 77->77
[274.431s][info][gc,metaspace   ] GC(75) Metaspace: 28754K(29056K)->28754K(29056K) NonClass: 23871K(24000K)->23871K(24000K) Class: 4882K(5056K)->4882K(5056K)
[274.431s][info][gc             ] GC(75) Pause Young (Concurrent Start) (G1 Evacuation Pause) 3675M->1610M(4096M) 121.674ms
[274.431s][info][gc             ] GC(76) Concurrent Mark Cycle
[274.431s][info][gc,marking     ] GC(76) Concurrent Scan Root Regions
[274.431s][info][gc,cpu         ] GC(75) User=0.72s Sys=0.00s Real=0.12s
[274.572s][info][gc,marking     ] GC(76) Concurrent Scan Root Regions 140.803ms
[274.572s][info][gc,marking     ] GC(76) Concurrent Mark
[274.572s][info][gc,marking     ] GC(76) Concurrent Mark From Roots
[274.572s][info][gc,task        ] GC(76) Using 2 workers of 2 for marking
[275.391s][info][gc,marking     ] GC(76) Concurrent Mark From Roots 819.167ms
[275.391s][info][gc,marking     ] GC(76) Concurrent Preclean
[275.392s][info][gc,marking     ] GC(76) Concurrent Preclean 0.075ms
[275.396s][info][gc,start       ] GC(76) Pause Remark
[275.401s][info][gc             ] GC(76) Pause Remark 2482M->2482M(4096M) 4.852ms
[275.401s][info][gc,cpu         ] GC(76) User=0.03s Sys=0.00s Real=0.01s
[275.401s][info][gc,marking     ] GC(76) Concurrent Mark 828.493ms
[275.401s][info][gc,marking     ] GC(76) Concurrent Rebuild Remembered Sets and Scrub Regions
[275.864s][info][gc,marking     ] GC(76) Concurrent Rebuild Remembered Sets and Scrub Regions 463.201ms
[275.865s][info][gc,start       ] GC(76) Pause Cleanup
[275.865s][info][gc             ] GC(76) Pause Cleanup 3050M->3050M(4096M) 0.174ms
[275.865s][info][gc,cpu         ] GC(76) User=0.00s Sys=0.00s Real=0.00s
[275.865s][info][gc,marking     ] GC(76) Concurrent Clear Claimed Marks
[275.865s][info][gc,marking     ] GC(76) Concurrent Clear Claimed Marks 0.027ms
[275.865s][info][gc,marking     ] GC(76) Concurrent Cleanup for Next Mark
[275.871s][info][gc,marking     ] GC(76) Concurrent Cleanup for Next Mark 5.441ms
[275.871s][info][gc             ] GC(76) Concurrent Mark Cycle 1439.265ms
?.[276.329s][info][gc,start       ] GC(77) Pause Young (Prepare Mixed) (G1 Evacuation Pause)
[276.329s][info][gc,task        ] GC(77) Using 6 workers of 6 for evacuation
[276.449s][info][gc,phases      ] GC(77)   Pre Evacuate Collection Set: 0.31ms
[276.449s][info][gc,phases      ] GC(77)   Merge Heap Roots: 0.53ms
[276.449s][info][gc,phases      ] GC(77)   Evacuate Collection Set: 117.85ms
[276.449s][info][gc,phases      ] GC(77)   Post Evacuate Collection Set: 0.88ms
[276.449s][info][gc,phases      ] GC(77)   Other: 0.10ms
[276.449s][info][gc,heap        ] GC(77) Eden regions: 1025->0(997)
[276.449s][info][gc,heap        ] GC(77) Survivor regions: 114->112(143)
[276.449s][info][gc,heap        ] GC(77) Old regions: 615->647
[276.449s][info][gc,heap        ] GC(77) Humongous regions: 77->77
[276.449s][info][gc,metaspace   ] GC(77) Metaspace: 28755K(29056K)->28755K(29056K) NonClass: 23872K(24000K)->23872K(24000K) Class: 4882K(5056K)->4882K(5056K)
[276.449s][info][gc             ] GC(77) Pause Young (Prepare Mixed) (G1 Evacuation Pause) 3660M->1669M(4096M) 119.826ms
[276.449s][info][gc,cpu         ] GC(77) User=0.71s Sys=0.00s Real=0.12s
.[277.621s][info][gc,start       ] GC(78) Pause Young (Mixed) (G1 Evacuation Pause)
[277.621s][info][gc,task        ] GC(78) Using 6 workers of 6 for evacuation
[277.812s][info][gc,phases      ] GC(78)   Pre Evacuate Collection Set: 0.39ms
[277.812s][info][gc,phases      ] GC(78)   Merge Heap Roots: 0.55ms
[277.812s][info][gc,phases      ] GC(78)   Evacuate Collection Set: 186.52ms
[277.812s][info][gc,phases      ] GC(78)   Merge Optional Heap Roots: 0.05ms
[277.812s][info][gc,phases      ] GC(78)   Evacuate Optional Collection Set: 2.61ms
[277.812s][info][gc,phases      ] GC(78)   Post Evacuate Collection Set: 1.04ms
[277.812s][info][gc,phases      ] GC(78)   Other: 0.12ms
[277.812s][info][gc,heap        ] GC(78) Eden regions: 997->0(913)
[277.812s][info][gc,heap        ] GC(78) Survivor regions: 112->126(139)
[277.812s][info][gc,heap        ] GC(78) Old regions: 647->506
[277.812s][info][gc,heap        ] GC(78) Humongous regions: 77->77
[277.812s][info][gc,metaspace   ] GC(78) Metaspace: 28755K(29056K)->28755K(29056K) NonClass: 23872K(24000K)->23872K(24000K) Class: 4882K(5056K)->4882K(5056K)
[277.812s][info][gc             ] GC(78) Pause Young (Mixed) (G1 Evacuation Pause) 3663M->1415M(4096M) 191.406ms
[277.812s][info][gc,cpu         ] GC(78) User=0.86s Sys=0.00s Real=0.19s
.[278.918s][info][gc,start       ] GC(79) Pause Young (Mixed) (G1 Evacuation Pause)
[278.918s][info][gc,task        ] GC(79) Using 6 workers of 6 for evacuation
[279.049s][info][gc,phases      ] GC(79)   Pre Evacuate Collection Set: 0.33ms
[279.049s][info][gc,phases      ] GC(79)   Merge Heap Roots: 0.51ms
[279.049s][info][gc,phases      ] GC(79)   Evacuate Collection Set: 129.55ms
[279.049s][info][gc,phases      ] GC(79)   Post Evacuate Collection Set: 0.93ms
[279.049s][info][gc,phases      ] GC(79)   Other: 0.09ms
[279.049s][info][gc,heap        ] GC(79) Eden regions: 997->0(1124)
[279.049s][info][gc,heap        ] GC(79) Survivor regions: 126->77(141)
[279.049s][info][gc,heap        ] GC(79) Old regions: 506->559
[279.049s][info][gc,heap        ] GC(79) Humongous regions: 77->77
[279.049s][info][gc,metaspace   ] GC(79) Metaspace: 28755K(29056K)->28755K(29056K) NonClass: 23872K(24000K)->23872K(24000K) Class: 4882K(5056K)->4882K(5056K)
[279.049s][info][gc             ] GC(79) Pause Young (Mixed) (G1 Evacuation Pause) 3409M->1424M(4096M) 131.543ms
[279.049s][info][gc,cpu         ] GC(79) User=0.78s Sys=0.00s Real=0.13s
.[280.341s][info][gc,start       ] GC(80) Pause Young (Mixed) (G1 Evacuation Pause)
[280.341s][info][gc,task        ] GC(80) Using 6 workers of 6 for evacuation
[280.454s][info][gc,phases      ] GC(80)   Pre Evacuate Collection Set: 0.34ms
[280.454s][info][gc,phases      ] GC(80)   Merge Heap Roots: 0.58ms
[280.454s][info][gc,phases      ] GC(80)   Evacuate Collection Set: 111.18ms
[280.454s][info][gc,phases      ] GC(80)   Post Evacuate Collection Set: 0.90ms
[280.454s][info][gc,phases      ] GC(80)   Other: 0.11ms
[280.454s][info][gc,heap        ] GC(80) Eden regions: 1124->0(1068)
[280.454s][info][gc,heap        ] GC(80) Survivor regions: 77->124(151)
[280.454s][info][gc,heap        ] GC(80) Old regions: 559->552
[280.454s][info][gc,heap        ] GC(80) Humongous regions: 77->77
[280.454s][info][gc,metaspace   ] GC(80) Metaspace: 28756K(29056K)->28756K(29056K) NonClass: 23873K(24000K)->23873K(24000K) Class: 4882K(5056K)->4882K(5056K)
[280.454s][info][gc             ] GC(80) Pause Young (Mixed) (G1 Evacuation Pause) 3672M->1504M(4096M) 113.253ms
[280.454s][info][gc,cpu         ] GC(80) User=0.67s Sys=0.00s Real=0.11s
..[282.090s][info][gc,start       ] GC(81) Pause Young (Concurrent Start) (G1 Evacuation Pause)
[282.090s][info][gc,task        ] GC(81) Using 6 workers of 6 for evacuation
[282.222s][info][gc,phases      ] GC(81)   Pre Evacuate Collection Set: 0.44ms
[282.222s][info][gc,phases      ] GC(81)   Merge Heap Roots: 0.56ms
[282.222s][info][gc,phases      ] GC(81)   Evacuate Collection Set: 129.51ms
[282.222s][info][gc,phases      ] GC(81)   Post Evacuate Collection Set: 0.92ms
[282.222s][info][gc,phases      ] GC(81)   Other: 0.15ms
[282.222s][info][gc,heap        ] GC(81) Eden regions: 1068->0(1067)
[282.222s][info][gc,heap        ] GC(81) Survivor regions: 124->70(149)
[282.222s][info][gc,heap        ] GC(81) Old regions: 552->637
[282.222s][info][gc,heap        ] GC(81) Humongous regions: 77->77
[282.222s][info][gc,metaspace   ] GC(81) Metaspace: 28756K(29056K)->28756K(29056K) NonClass: 23873K(24000K)->23873K(24000K) Class: 4882K(5056K)->4882K(5056K)
[282.222s][info][gc             ] GC(81) Pause Young (Concurrent Start) (G1 Evacuation Pause) 3640M->1566M(4096M) 131.724ms
[282.222s][info][gc             ] GC(82) Concurrent Mark Cycle
[282.222s][info][gc,marking     ] GC(82) Concurrent Scan Root Regions
[282.222s][info][gc,cpu         ] GC(81) User=0.79s Sys=0.00s Real=0.13s
[282.489s][info][gc,marking     ] GC(82) Concurrent Scan Root Regions 267.026ms
[282.489s][info][gc,marking     ] GC(82) Concurrent Mark
[282.489s][info][gc,marking     ] GC(82) Concurrent Mark From Roots
[282.489s][info][gc,task        ] GC(82) Using 2 workers of 2 for marking
.[283.956s][info][gc,marking     ] GC(82) Concurrent Mark From Roots 1467.419ms
[283.956s][info][gc,marking     ] GC(82) Concurrent Preclean
[283.956s][info][gc,marking     ] GC(82) Concurrent Preclean 0.082ms
[283.961s][info][gc,start       ] GC(82) Pause Remark
[283.964s][info][gc             ] GC(82) Pause Remark 3208M->3208M(4096M) 3.220ms
[283.964s][info][gc,cpu         ] GC(82) User=0.01s Sys=0.01s Real=0.00s
[283.966s][info][gc,marking     ] GC(82) Concurrent Mark 1476.782ms
[283.966s][info][gc,marking     ] GC(82) Concurrent Rebuild Remembered Sets and Scrub Regions
[284.353s][info][gc,start       ] GC(83) Pause Young (Normal) (G1 Evacuation Pause)
[284.353s][info][gc,task        ] GC(83) Using 6 workers of 6 for evacuation
[284.459s][info][gc,phases      ] GC(83)   Pre Evacuate Collection Set: 0.31ms
[284.459s][info][gc,phases      ] GC(83)   Merge Heap Roots: 0.51ms
[284.459s][info][gc,phases      ] GC(83)   Evacuate Collection Set: 104.09ms
[284.459s][info][gc,phases      ] GC(83)   Post Evacuate Collection Set: 0.95ms
[284.459s][info][gc,phases      ] GC(83)   Other: 0.80ms
[284.459s][info][gc,heap        ] GC(83) Eden regions: 1067->0(993)
[284.459s][info][gc,heap        ] GC(83) Survivor regions: 70->119(143)
[284.459s][info][gc,heap        ] GC(83) Old regions: 637->637
[284.459s][info][gc,heap        ] GC(83) Humongous regions: 77->77
[284.459s][info][gc,metaspace   ] GC(83) Metaspace: 28756K(29056K)->28756K(29056K) NonClass: 23873K(24000K)->23873K(24000K) Class: 4882K(5056K)->4882K(5056K)
[284.459s][info][gc             ] GC(83) Pause Young (Normal) (G1 Evacuation Pause) 3700M->1664M(4096M) 106.793ms
[284.460s][info][gc,cpu         ] GC(83) User=0.64s Sys=0.00s Real=0.11s
.[284.855s][info][gc,marking     ] GC(82) Concurrent Rebuild Remembered Sets and Scrub Regions 889.660ms
[284.858s][info][gc,start       ] GC(82) Pause Cleanup
[284.858s][info][gc             ] GC(82) Pause Cleanup 2072M->2072M(4096M) 0.200ms
[284.858s][info][gc,cpu         ] GC(82) User=0.00s Sys=0.00s Real=0.00s
[284.859s][info][gc,marking     ] GC(82) Concurrent Clear Claimed Marks
[284.859s][info][gc,marking     ] GC(82) Concurrent Clear Claimed Marks 0.042ms
[284.859s][info][gc,marking     ] GC(82) Concurrent Cleanup for Next Mark
[284.864s][info][gc,marking     ] GC(82) Concurrent Cleanup for Next Mark 5.089ms
[284.864s][info][gc             ] GC(82) Concurrent Mark Cycle 2642.119ms
.[286.061s][info][gc,start       ] GC(84) Pause Young (Prepare Mixed) (G1 Evacuation Pause)
[286.061s][info][gc,task        ] GC(84) Using 6 workers of 6 for evacuation
[286.179s][info][gc,phases      ] GC(84)   Pre Evacuate Collection Set: 0.33ms
[286.179s][info][gc,phases      ] GC(84)   Merge Heap Roots: 0.60ms
[286.179s][info][gc,phases      ] GC(84)   Evacuate Collection Set: 115.75ms
[286.179s][info][gc,phases      ] GC(84)   Post Evacuate Collection Set: 0.93ms
[286.179s][info][gc,phases      ] GC(84)   Other: 0.09ms
[286.179s][info][gc,heap        ] GC(84) Eden regions: 993->0(1009)
[286.179s][info][gc,heap        ] GC(84) Survivor regions: 119->64(139)
[286.179s][info][gc,heap        ] GC(84) Old regions: 637->712
[286.179s][info][gc,heap        ] GC(84) Humongous regions: 77->77
[286.179s][info][gc,metaspace   ] GC(84) Metaspace: 28756K(29056K)->28756K(29056K) NonClass: 23873K(24000K)->23873K(24000K) Class: 4882K(5056K)->4882K(5056K)
[286.179s][info][gc             ] GC(84) Pause Young (Prepare Mixed) (G1 Evacuation Pause) 3650M->1702M(4096M) 117.828ms
[286.179s][info][gc,cpu         ] GC(84) User=0.70s Sys=0.00s Real=0.12s
.[287.473s][info][gc,start       ] GC(85) Pause Young (Mixed) (G1 Evacuation Pause)
[287.473s][info][gc,task        ] GC(85) Using 6 workers of 6 for evacuation
[287.597s][info][gc,phases      ] GC(85)   Pre Evacuate Collection Set: 0.41ms
[287.597s][info][gc,phases      ] GC(85)   Merge Heap Roots: 0.84ms
[287.597s][info][gc,phases      ] GC(85)   Evacuate Collection Set: 121.00ms
[287.597s][info][gc,phases      ] GC(85)   Post Evacuate Collection Set: 0.96ms
[287.597s][info][gc,phases      ] GC(85)   Other: 0.09ms
[287.597s][info][gc,heap        ] GC(85) Eden regions: 1009->0(1110)
[287.597s][info][gc,heap        ] GC(85) Survivor regions: 64->112(135)
[287.597s][info][gc,heap        ] GC(85) Old regions: 712->534
[287.597s][info][gc,heap        ] GC(85) Humongous regions: 77->77
[287.597s][info][gc,metaspace   ] GC(85) Metaspace: 28756K(29056K)->28756K(29056K) NonClass: 23873K(24000K)->23873K(24000K) Class: 4882K(5056K)->4882K(5056K)
[287.597s][info][gc             ] GC(85) Pause Young (Mixed) (G1 Evacuation Pause) 3720M->1443M(4096M) 123.419ms
[287.597s][info][gc,cpu         ] GC(85) User=0.73s Sys=0.00s Real=0.12s
..[289.555s][info][gc,start       ] GC(86) Pause Young (Mixed) (G1 Evacuation Pause)
[289.555s][info][gc,task        ] GC(86) Using 6 workers of 6 for evacuation
[289.725s][info][gc,phases      ] GC(86)   Pre Evacuate Collection Set: 0.33ms
[289.725s][info][gc,phases      ] GC(86)   Merge Heap Roots: 0.63ms
[289.725s][info][gc,phases      ] GC(86)   Evacuate Collection Set: 167.56ms
[289.725s][info][gc,phases      ] GC(86)   Post Evacuate Collection Set: 0.91ms
[289.725s][info][gc,phases      ] GC(86)   Other: 0.09ms
[289.725s][info][gc,heap        ] GC(86) Eden regions: 1110->0(1087)
[289.725s][info][gc,heap        ] GC(86) Survivor regions: 112->110(153)
[289.725s][info][gc,heap        ] GC(86) Old regions: 534->561
[289.725s][info][gc,heap        ] GC(86) Humongous regions: 77->77
[289.725s][info][gc,metaspace   ] GC(86) Metaspace: 28756K(29056K)->28756K(29056K) NonClass: 23874K(24000K)->23874K(24000K) Class: 4882K(5056K)->4882K(5056K)
[289.725s][info][gc             ] GC(86) Pause Young (Mixed) (G1 Evacuation Pause) 3663M->1493M(4096M) 169.659ms
[289.725s][info][gc,cpu         ] GC(86) User=0.73s Sys=0.00s Real=0.17s
.[290.848s][info][gc,start       ] GC(87) Pause Young (Concurrent Start) (G1 Evacuation Pause)
[290.848s][info][gc,task        ] GC(87) Using 6 workers of 6 for evacuation
[291.005s][info][gc,phases      ] GC(87)   Pre Evacuate Collection Set: 0.36ms
[291.005s][info][gc,phases      ] GC(87)   Merge Heap Roots: 0.48ms
[291.005s][info][gc,phases      ] GC(87)   Evacuate Collection Set: 154.87ms
[291.005s][info][gc,phases      ] GC(87)   Post Evacuate Collection Set: 0.88ms
[291.005s][info][gc,phases      ] GC(87)   Other: 0.13ms
[291.005s][info][gc,heap        ] GC(87) Eden regions: 1087->0(982)
[291.005s][info][gc,heap        ] GC(87) Survivor regions: 110->144(150)
[291.005s][info][gc,heap        ] GC(87) Old regions: 561->598
[291.005s][info][gc,heap        ] GC(87) Humongous regions: 77->77
[291.005s][info][gc,metaspace   ] GC(87) Metaspace: 28758K(29056K)->28758K(29056K) NonClass: 23875K(24000K)->23875K(24000K) Class: 4882K(5056K)->4882K(5056K)
[291.005s][info][gc             ] GC(87) Pause Young (Concurrent Start) (G1 Evacuation Pause) 3667M->1635M(4096M) 156.853ms
[291.005s][info][gc             ] GC(88) Concurrent Mark Cycle
[291.005s][info][gc,marking     ] GC(88) Concurrent Scan Root Regions
[291.005s][info][gc,cpu         ] GC(87) User=0.94s Sys=0.00s Real=0.15s
[291.409s][info][gc,marking     ] GC(88) Concurrent Scan Root Regions 403.922ms
[291.409s][info][gc,marking     ] GC(88) Concurrent Mark
[291.409s][info][gc,marking     ] GC(88) Concurrent Mark From Roots
[291.409s][info][gc,task        ] GC(88) Using 2 workers of 2 for marking
.[292.366s][info][gc,marking     ] GC(88) Concurrent Mark From Roots 956.305ms
[292.366s][info][gc,marking     ] GC(88) Concurrent Preclean
[292.366s][info][gc,marking     ] GC(88) Concurrent Preclean 0.071ms
[292.366s][info][gc,start       ] GC(88) Pause Remark
[292.371s][info][gc             ] GC(88) Pause Remark 2868M->2868M(4096M) 5.618ms
[292.371s][info][gc,cpu         ] GC(88) User=0.03s Sys=0.00s Real=0.01s
[292.372s][info][gc,marking     ] GC(88) Concurrent Mark 962.341ms
[292.372s][info][gc,marking     ] GC(88) Concurrent Rebuild Remembered Sets and Scrub Regions
[292.887s][info][gc,start       ] GC(89) Pause Young (Normal) (G1 Evacuation Pause)
[292.887s][info][gc,task        ] GC(89) Using 6 workers of 6 for evacuation
[293.024s][info][gc,phases      ] GC(89)   Pre Evacuate Collection Set: 0.32ms
[293.024s][info][gc,phases      ] GC(89)   Merge Heap Roots: 0.46ms
[293.024s][info][gc,phases      ] GC(89)   Evacuate Collection Set: 135.65ms
[293.024s][info][gc,phases      ] GC(89)   Post Evacuate Collection Set: 0.88ms
[293.024s][info][gc,phases      ] GC(89)   Other: 0.09ms
[293.024s][info][gc,heap        ] GC(89) Eden regions: 982->0(1008)
[293.024s][info][gc,heap        ] GC(89) Survivor regions: 144->66(141)
[293.024s][info][gc,heap        ] GC(89) Old regions: 598->697
[293.024s][info][gc,heap        ] GC(89) Humongous regions: 77->77
[293.024s][info][gc,metaspace   ] GC(89) Metaspace: 28760K(29056K)->28760K(29056K) NonClass: 23877K(24000K)->23877K(24000K) Class: 4882K(5056K)->4882K(5056K)
[293.024s][info][gc             ] GC(89) Pause Young (Normal) (G1 Evacuation Pause) 3599M->1677M(4096M) 137.532ms
[293.024s][info][gc,cpu         ] GC(89) User=0.82s Sys=0.00s Real=0.14s
.[293.544s][info][gc,marking     ] GC(88) Concurrent Rebuild Remembered Sets and Scrub Regions 1172.091ms
[293.544s][info][gc,start       ] GC(88) Pause Cleanup
[293.544s][info][gc             ] GC(88) Pause Cleanup 2364M->2364M(4096M) 0.199ms
[293.544s][info][gc,cpu         ] GC(88) User=0.00s Sys=0.00s Real=0.00s
[293.544s][info][gc,marking     ] GC(88) Concurrent Clear Claimed Marks
[293.544s][info][gc,marking     ] GC(88) Concurrent Clear Claimed Marks 0.032ms
[293.544s][info][gc,marking     ] GC(88) Concurrent Cleanup for Next Mark
[293.551s][info][gc,marking     ] GC(88) Concurrent Cleanup for Next Mark 7.197ms
[293.551s][info][gc             ] GC(88) Concurrent Mark Cycle 2546.235ms
.[294.429s][info][gc,start       ] GC(90) Pause Young (Prepare Mixed) (G1 Evacuation Pause)
[294.429s][info][gc,task        ] GC(90) Using 6 workers of 6 for evacuation
[294.525s][info][gc,phases      ] GC(90)   Pre Evacuate Collection Set: 0.32ms
[294.525s][info][gc,phases      ] GC(90)   Merge Heap Roots: 0.51ms
[294.525s][info][gc,phases      ] GC(90)   Evacuate Collection Set: 93.50ms
[294.525s][info][gc,phases      ] GC(90)   Post Evacuate Collection Set: 0.93ms
[294.525s][info][gc,phases      ] GC(90)   Other: 0.09ms
[294.525s][info][gc,heap        ] GC(90) Eden regions: 1008->0(959)
[294.525s][info][gc,heap        ] GC(90) Survivor regions: 66->106(135)
[294.525s][info][gc,heap        ] GC(90) Old regions: 697->697
[294.525s][info][gc,heap        ] GC(90) Humongous regions: 77->77
[294.525s][info][gc,metaspace   ] GC(90) Metaspace: 28760K(29056K)->28760K(29056K) NonClass: 23877K(24000K)->23877K(24000K) Class: 4882K(5056K)->4882K(5056K)
[294.525s][info][gc             ] GC(90) Pause Young (Prepare Mixed) (G1 Evacuation Pause) 3693M->1758M(4096M) 95.474ms
[294.525s][info][gc,cpu         ] GC(90) User=0.57s Sys=0.00s Real=0.09s
. (rIR:aIR:PR = 13837:13033:10969) (tPR = 162550) [IR is under limit] [PR is under limit] 
   295s: Re-initializing (term[295.891s][info][gc,start       ] GC(91) Pause Young (Mixed) (G1 Evacuation Pause)
[295.891s][info][gc,task        ] GC(91) Using 6 workers of 6 for evacuation
[296.015s][info][gc,phases      ] GC(91)   Pre Evacuate Collection Set: 0.40ms
[296.015s][info][gc,phases      ] GC(91)   Merge Heap Roots: 0.60ms
[296.015s][info][gc,phases      ] GC(91)   Evacuate Collection Set: 119.46ms
[296.015s][info][gc,phases      ] GC(91)   Merge Optional Heap Roots: 0.06ms
[296.015s][info][gc,phases      ] GC(91)   Evacuate Optional Collection Set: 1.91ms
[296.015s][info][gc,phases      ] GC(91)   Post Evacuate Collection Set: 1.04ms
[296.015s][info][gc,phases      ] GC(91)   Other: 0.11ms
[296.015s][info][gc,heap        ] GC(91) Eden regions: 959->0(1070)
[296.015s][info][gc,heap        ] GC(91) Survivor regions: 106->109(134)
[296.015s][info][gc,heap        ] GC(91) Old regions: 697->580
[296.015s][info][gc,heap        ] GC(91) Humongous regions: 77->77
[296.015s][info][gc,metaspace   ] GC(91) Metaspace: 28760K(29056K)->28760K(29056K) NonClass: 23877K(24000K)->23877K(24000K) Class: 4882K(5056K)->4882K(5056K)
[296.015s][info][gc             ] GC(91) Pause Young (Mixed) (G1 Evacuation Pause) 3676M->1528M(4096M) 123.709ms
[296.015s][info][gc,cpu         ] GC(91) User=0.74s Sys=0.00s Real=0.12s
[297.286s][info][gc,start       ] GC(92) Pause Young (Mixed) (G1 Evacuation Pause)
[297.286s][info][gc,task        ] GC(92) Using 6 workers of 6 for evacuation
[297.420s][info][gc,phases      ] GC(92)   Pre Evacuate Collection Set: 0.33ms
[297.420s][info][gc,phases      ] GC(92)   Merge Heap Roots: 0.61ms
[297.420s][info][gc,phases      ] GC(92)   Evacuate Collection Set: 132.61ms
[297.420s][info][gc,phases      ] GC(92)   Post Evacuate Collection Set: 0.94ms
[297.420s][info][gc,phases      ] GC(92)   Other: 0.09ms
[297.420s][info][gc,heap        ] GC(92) Eden regions: 1070->0(1064)
[297.420s][info][gc,heap        ] GC(92) Survivor regions: 109->120(148)
[297.420s][info][gc,heap        ] GC(92) Old regions: 580->564
[297.420s][info][gc,heap        ] GC(92) Humongous regions: 77->77
[297.420s][info][gc,metaspace   ] GC(92) Metaspace: 28760K(29056K)->28760K(29056K) NonClass: 23877K(24000K)->23877K(24000K) Class: 4882K(5056K)->4882K(5056K)
[297.420s][info][gc             ] GC(92) Pause Young (Mixed) (G1 Evacuation Pause) 3668M->1520M(4096M) 134.702ms
[297.420s][info][gc,cpu         ] GC(92) User=0.80s Sys=0.00s Real=0.14s
[298.902s][info][gc,start       ] GC(93) Pause Young (Concurrent Start) (G1 Evacuation Pause)
[298.902s][info][gc,task        ] GC(93) Using 6 workers of 6 for evacuation
[299.026s][info][gc,phases      ] GC(93)   Pre Evacuate Collection Set: 0.35ms
[299.026s][info][gc,phases      ] GC(93)   Merge Heap Roots: 0.46ms
[299.026s][info][gc,phases      ] GC(93)   Evacuate Collection Set: 122.30ms
[299.026s][info][gc,phases      ] GC(93)   Post Evacuate Collection Set: 0.83ms
[299.026s][info][gc,phases      ] GC(93)   Other: 0.10ms
[299.026s][info][gc,heap        ] GC(93) Eden regions: 1064->0(1058)
[299.026s][info][gc,heap        ] GC(93) Survivor regions: 120->73(148)
[299.026s][info][gc,heap        ] GC(93) Old regions: 564->642
[299.026s][info][gc,heap        ] GC(93) Humongous regions: 77->77
[299.026s][info][gc,metaspace   ] GC(93) Metaspace: 28760K(29056K)->28760K(29056K) NonClass: 23877K(24000K)->23877K(24000K) Class: 4882K(5056K)->4882K(5056K)
[299.026s][info][gc             ] GC(93) Pause Young (Concurrent Start) (G1 Evacuation Pause) 3648M->1582M(4096M) 124.155ms
[299.026s][info][gc             ] GC(94) Concurrent Mark Cycle
[299.026s][info][gc,marking     ] GC(94) Concurrent Scan Root Regions
[299.026s][info][gc,cpu         ] GC(93) User=0.73s Sys=0.00s Real=0.12s
[299.236s][info][gc,marking     ] GC(94) Concurrent Scan Root Regions 209.940ms
[299.236s][info][gc,marking     ] GC(94) Concurrent Mark
[299.236s][info][gc,marking     ] GC(94) Concurrent Mark From Roots
[299.236s][info][gc,task        ] GC(94) Using 2 workers of 2 for marking
[300.125s][info][gc,marking     ] GC(94) Concurrent Mark From Roots 889.180ms
[300.125s][info][gc,marking     ] GC(94) Concurrent Preclean
[300.125s][info][gc,marking     ] GC(94) Concurrent Preclean 0.084ms
[300.127s][info][gc,start       ] GC(94) Pause Remark
[300.131s][info][gc             ] GC(94) Pause Remark 2736M->2718M(4096M) 3.694ms
[300.131s][info][gc,cpu         ] GC(94) User=0.02s Sys=0.00s Real=0.00s
[300.131s][info][gc,marking     ] GC(94) Concurrent Mark 895.385ms
[300.131s][info][gc,marking     ] GC(94) Concurrent Rebuild Remembered Sets and Scrub Regions
[300.917s][info][gc,marking     ] GC(94) Concurrent Rebuild Remembered Sets and Scrub Regions 785.982ms
[300.943s][info][gc,start       ] GC(95) Pause Young (Normal) (G1 Evacuation Pause)
[300.943s][info][gc,task        ] GC(95) Using 6 workers of 6 for evacuation
[301.051s][info][gc,phases      ] GC(95)   Pre Evacuate Collection Set: 0.33ms
[301.051s][info][gc,phases      ] GC(95)   Merge Heap Roots: 0.52ms
[301.051s][info][gc,phases      ] GC(95)   Evacuate Collection Set: 105.61ms
[301.051s][info][gc,phases      ] GC(95)   Post Evacuate Collection Set: 0.87ms
[301.051s][info][gc,phases      ] GC(95)   Other: 0.10ms
[301.051s][info][gc,heap        ] GC(95) Eden regions: 1058->0(1018)
[301.051s][info][gc,heap        ] GC(95) Survivor regions: 73->76(142)
[301.051s][info][gc,heap        ] GC(95) Old regions: 633->685
[301.051s][info][gc,heap        ] GC(95) Humongous regions: 77->77
[301.051s][info][gc,metaspace   ] GC(95) Metaspace: 28760K(29056K)->28760K(29056K) NonClass: 23877K(24000K)->23877K(24000K) Class: 4882K(5056K)->4882K(5056K)
[301.051s][info][gc             ] GC(95) Pause Young (Normal) (G1 Evacuation Pause) 3680M->1672M(4096M) 107.547ms
[301.051s][info][gc,cpu         ] GC(95) User=0.64s Sys=0.00s Real=0.11s
[301.128s][info][gc,start       ] GC(94) Pause Cleanup
[301.128s][info][gc             ] GC(94) Pause Cleanup 1790M->1790M(4096M) 0.200ms
[301.128s][info][gc,cpu         ] GC(94) User=0.00s Sys=0.00s Real=0.00s
[301.128s][info][gc,marking     ] GC(94) Concurrent Clear Claimed Marks
[301.128s][info][gc,marking     ] GC(94) Concurrent Clear Claimed Marks 0.038ms
[301.128s][info][gc,marking     ] GC(94) Concurrent Cleanup for Next Mark
[301.133s][info][gc,marking     ] GC(94) Concurrent Cleanup for Next Mark 4.959ms
[301.133s][info][gc             ] GC(94) Concurrent Mark Cycle 2107.021ms
) [302.067s][info][gc,start       ] GC(96) Pause Full (System.gc())
[302.067s][info][gc,task        ] GC(96) Using 6 workers of 6 for full compaction
[302.067s][info][gc,phases,start] GC(96) Phase 1: Mark live objects
[302.082s][info][gc,phases      ] GC(96) Phase 1: Mark live objects 14.610ms
[302.082s][info][gc,phases,start] GC(96) Phase 2: Prepare compaction
[302.085s][info][gc,phases      ] GC(96) Phase 2: Prepare compaction 3.614ms
[302.085s][info][gc,phases,start] GC(96) Phase 3: Adjust pointers
[302.093s][info][gc,phases      ] GC(96) Phase 3: Adjust pointers 7.803ms
[302.093s][info][gc,phases,start] GC(96) Phase 4: Compact heap
[302.097s][info][gc,phases      ] GC(96) Phase 4: Compact heap 3.658ms
[302.097s][info][gc,phases,start] GC(96) Phase 5: Reset Metadata
[302.101s][info][gc,phases      ] GC(96) Phase 5: Reset Metadata 4.390ms
[302.107s][info][gc,heap        ] GC(96) Eden regions: 907->0(1228)
[302.107s][info][gc,heap        ] GC(96) Survivor regions: 76->0(142)
[302.107s][info][gc,heap        ] GC(96) Old regions: 685->36
[302.107s][info][gc,heap        ] GC(96) Humongous regions: 77->66
[302.107s][info][gc,metaspace   ] GC(96) Metaspace: 28761K(29056K)->28761K(29056K) NonClass: 23878K(24000K)->23878K(24000K) Class: 4882K(5056K)->4882K(5056K)
[302.107s][info][gc             ] GC(96) Pause Full (System.gc()) 3486M->194M(4096M) 40.523ms
[302.107s][info][gc,cpu         ] GC(96) User=0.22s Sys=0.00s Real=0.04s
(init[302.345s][info][gc,start       ] GC(97) Pause Young (Concurrent Start) (G1 Humongous Allocation)
[302.345s][info][gc,task        ] GC(97) Using 6 workers of 6 for evacuation
[302.359s][info][gc,phases      ] GC(97)   Pre Evacuate Collection Set: 0.34ms
[302.359s][info][gc,phases      ] GC(97)   Merge Heap Roots: 0.03ms
[302.359s][info][gc,phases      ] GC(97)   Evacuate Collection Set: 13.48ms
[302.359s][info][gc,phases      ] GC(97)   Post Evacuate Collection Set: 0.25ms
[302.359s][info][gc,phases      ] GC(97)   Other: 0.08ms
[302.359s][info][gc,heap        ] GC(97) Eden regions: 47->0(1214)
[302.359s][info][gc,heap        ] GC(97) Survivor regions: 0->14(154)
[302.359s][info][gc,heap        ] GC(97) Old regions: 36->36
[302.359s][info][gc,heap        ] GC(97) Humongous regions: 66->66
[302.359s][info][gc,metaspace   ] GC(97) Metaspace: 28768K(29056K)->28768K(29056K) NonClass: 23885K(24000K)->23885K(24000K) Class: 4882K(5056K)->4882K(5056K)
[302.359s][info][gc             ] GC(97) Pause Young (Concurrent Start) (G1 Humongous Allocation) 288M->222M(4096M) 14.317ms
[302.359s][info][gc             ] GC(98) Concurrent Mark Cycle
[302.359s][info][gc,cpu         ] GC(97) User=0.08s Sys=0.00s Real=0.02s
[302.359s][info][gc,marking     ] GC(98) Concurrent Scan Root Regions
[302.367s][info][gc,marking     ] GC(98) Concurrent Scan Root Regions 7.608ms
[302.367s][info][gc,marking     ] GC(98) Concurrent Mark
[302.367s][info][gc,marking     ] GC(98) Concurrent Mark From Roots
[302.367s][info][gc,task        ] GC(98) Using 2 workers of 2 for marking
[302.406s][info][gc,marking     ] GC(98) Concurrent Mark From Roots 38.803ms
[302.406s][info][gc,marking     ] GC(98) Concurrent Preclean
[302.406s][info][gc,marking     ] GC(98) Concurrent Preclean 0.046ms
[302.406s][info][gc,start       ] GC(98) Pause Remark
[302.407s][info][gc             ] GC(98) Pause Remark 314M->314M(4096M) 1.705ms
[302.407s][info][gc,cpu         ] GC(98) User=0.01s Sys=0.00s Real=0.01s
[302.407s][info][gc,marking     ] GC(98) Concurrent Mark 40.706ms
[302.407s][info][gc,marking     ] GC(98) Concurrent Rebuild Remembered Sets and Scrub Regions
[302.439s][info][gc,marking     ] GC(98) Concurrent Rebuild Remembered Sets and Scrub Regions 31.686ms
[302.439s][info][gc,start       ] GC(98) Pause Cleanup
[302.439s][info][gc             ] GC(98) Pause Cleanup 380M->380M(4096M) 0.086ms
[302.439s][info][gc,cpu         ] GC(98) User=0.00s Sys=0.00s Real=0.00s
[302.439s][info][gc,marking     ] GC(98) Concurrent Clear Claimed Marks
[302.439s][info][gc,marking     ] GC(98) Concurrent Clear Claimed Marks 0.038ms
[302.439s][info][gc,marking     ] GC(98) Concurrent Cleanup for Next Mark
[302.445s][info][gc,marking     ] GC(98) Concurrent Cleanup for Next Mark 5.169ms
[302.445s][info][gc             ] GC(98) Concurrent Mark Cycle 85.616ms
) ... OK
   306s: Searching from base IR = 11548
   306s:       rampup IR =      0 ... (rIR:aIR:PR = 0:0:0) (tPR = 0) [OK] 
   309s:       rampup IR =   1155 ...[313.193s][info][gc,start       ] GC(99) Pause Young (Prepare Mixed) (G1 Evacuation Pause)
[313.193s][info][gc,task        ] GC(99) Using 6 workers of 6 for evacuation
[313.669s][info][gc,mmu         ] GC(99) MMU target violated: 201.0ms (200.0ms/201.0ms)
[313.669s][info][gc,phases      ] GC(99)   Pre Evacuate Collection Set: 0.32ms
[313.669s][info][gc,phases      ] GC(99)   Merge Heap Roots: 0.64ms
[313.669s][info][gc,phases      ] GC(99)   Evacuate Collection Set: 473.82ms
[313.669s][info][gc,phases      ] GC(99)   Post Evacuate Collection Set: 1.27ms
[313.669s][info][gc,phases      ] GC(99)   Other: 0.14ms
[313.669s][info][gc,heap        ] GC(99) Eden regions: 1214->0(421)
[313.669s][info][gc,heap        ] GC(99) Survivor regions: 14->154(154)
[313.669s][info][gc,heap        ] GC(99) Old regions: 36->345
[313.669s][info][gc,heap        ] GC(99) Humongous regions: 163->155
[313.669s][info][gc,metaspace   ] GC(99) Metaspace: 28779K(29120K)->28779K(29120K) NonClass: 23895K(24064K)->23895K(24064K) Class: 4883K(5056K)->4883K(5056K)
[313.669s][info][gc             ] GC(99) Pause Young (Prepare Mixed) (G1 Evacuation Pause) 2844M->1298M(4096M) 476.319ms
[313.669s][info][gc,cpu         ] GC(99) User=2.85s Sys=0.00s Real=0.48s
. (rIR:aIR:PR = 1155:1152:1128) (tPR = 22827) [OK] 
   313s:       rampup IR =   2310 .[315.826s][info][gc,start       ] GC(100) Pause Young (Mixed) (G1 Evacuation Pause)
[315.827s][info][gc,task        ] GC(100) Using 6 workers of 6 for evacuation
[316.027s][info][gc,mmu         ] GC(100) MMU target violated: 200.8ms (200.0ms/201.0ms)
[316.027s][info][gc,phases      ] GC(100)   Pre Evacuate Collection Set: 0.34ms
[316.027s][info][gc,phases      ] GC(100)   Merge Heap Roots: 0.72ms
[316.027s][info][gc,phases      ] GC(100)   Evacuate Collection Set: 199.23ms
[316.027s][info][gc,phases      ] GC(100)   Post Evacuate Collection Set: 0.48ms
[316.027s][info][gc,phases      ] GC(100)   Other: 0.10ms
[316.027s][info][gc,heap        ] GC(100) Eden regions: 405->0(666)
[316.027s][info][gc,heap        ] GC(100) Survivor regions: 154->28(70)
[316.027s][info][gc,heap        ] GC(100) Old regions: 345->497
[316.027s][info][gc,heap        ] GC(100) Humongous regions: 155->155
[316.027s][info][gc,metaspace   ] GC(100) Metaspace: 28779K(29120K)->28779K(29120K) NonClass: 23895K(24064K)->23895K(24064K) Class: 4883K(5056K)->4883K(5056K)
[316.027s][info][gc             ] GC(100) Pause Young (Mixed) (G1 Evacuation Pause) 2108M->1351M(4096M) 200.984ms
[316.027s][info][gc,cpu         ] GC(100) User=1.20s Sys=0.00s Real=0.21s
... (rIR:aIR:PR = 2310:2286:2235) (tPR = 41127) [OK] 
   317s:       rampup IR =   3464 [318.925s][info][gc,start       ] GC(101) Pause Young (Concurrent Start) (G1 Evacuation Pause)
[318.925s][info][gc,task        ] GC(101) Using 6 workers of 6 for evacuation
[318.985s][info][gc,phases      ] GC(101)   Pre Evacuate Collection Set: 0.42ms
[318.985s][info][gc,phases      ] GC(101)   Merge Heap Roots: 0.46ms
[318.985s][info][gc,phases      ] GC(101)   Evacuate Collection Set: 58.65ms
[318.985s][info][gc,phases      ] GC(101)   Post Evacuate Collection Set: 0.73ms
[318.985s][info][gc,phases      ] GC(101)   Other: 0.09ms
[318.985s][info][gc,heap        ] GC(101) Eden regions: 699->0(696)
[318.985s][info][gc,heap        ] GC(101) Survivor regions: 28->60(91)
[318.985s][info][gc,heap        ] GC(101) Old regions: 497->497
[318.985s][info][gc,heap        ] GC(101) Humongous regions: 155->155
[318.985s][info][gc,metaspace   ] GC(101) Metaspace: 28780K(29120K)->28780K(29120K) NonClass: 23896K(24064K)->23896K(24064K) Class: 4883K(5056K)->4883K(5056K)
[318.985s][info][gc             ] GC(101) Pause Young (Concurrent Start) (G1 Evacuation Pause) 2749M->1415M(4096M) 60.490ms
[318.985s][info][gc             ] GC(102) Concurrent Mark Cycle
[318.985s][info][gc,marking     ] GC(102) Concurrent Scan Root Regions
[318.985s][info][gc,cpu         ] GC(101) User=0.36s Sys=0.00s Real=0.06s
.[319.063s][info][gc,marking     ] GC(102) Concurrent Scan Root Regions 78.179ms
[319.063s][info][gc,marking     ] GC(102) Concurrent Mark
[319.063s][info][gc,marking     ] GC(102) Concurrent Mark From Roots
[319.063s][info][gc,task        ] GC(102) Using 2 workers of 2 for marking
[320.003s][info][gc,marking     ] GC(102) Concurrent Mark From Roots 939.486ms
[320.003s][info][gc,marking     ] GC(102) Concurrent Preclean
[320.003s][info][gc,marking     ] GC(102) Concurrent Preclean 0.052ms
[320.003s][info][gc,start       ] GC(102) Pause Remark
[320.012s][info][gc             ] GC(102) Pause Remark 2065M->1847M(4096M) 8.737ms
[320.012s][info][gc,cpu         ] GC(102) User=0.05s Sys=0.00s Real=0.01s
[320.012s][info][gc,marking     ] GC(102) Concurrent Mark 948.533ms
[320.012s][info][gc,marking     ] GC(102) Concurrent Rebuild Remembered Sets and Scrub Regions
.[320.348s][info][gc,marking     ] GC(102) Concurrent Rebuild Remembered Sets and Scrub Regions 336.449ms
[320.349s][info][gc,start       ] GC(102) Pause Cleanup
[320.349s][info][gc             ] GC(102) Pause Cleanup 2030M->2030M(4096M) 0.112ms
[320.349s][info][gc,cpu         ] GC(102) User=0.00s Sys=0.00s Real=0.00s
[320.349s][info][gc,marking     ] GC(102) Concurrent Clear Claimed Marks
[320.349s][info][gc,marking     ] GC(102) Concurrent Clear Claimed Marks 0.034ms
[320.349s][info][gc,marking     ] GC(102) Concurrent Cleanup for Next Mark
[320.353s][info][gc,marking     ] GC(102) Concurrent Cleanup for Next Mark 3.771ms
[320.353s][info][gc             ] GC(102) Concurrent Mark Cycle 1367.440ms
.[321.363s][info][gc,start       ] GC(103) Pause Young (Prepare Mixed) (G1 Evacuation Pause)
[321.363s][info][gc,task        ] GC(103) Using 6 workers of 6 for evacuation
[321.443s][info][gc,phases      ] GC(103)   Pre Evacuate Collection Set: 0.33ms
[321.443s][info][gc,phases      ] GC(103)   Merge Heap Roots: 0.56ms
[321.443s][info][gc,phases      ] GC(103)   Evacuate Collection Set: 78.69ms
[321.443s][info][gc,phases      ] GC(103)   Post Evacuate Collection Set: 0.73ms
[321.443s][info][gc,phases      ] GC(103)   Other: 0.07ms
[321.443s][info][gc,heap        ] GC(103) Eden regions: 692->0(771)
[321.443s][info][gc,heap        ] GC(103) Survivor regions: 60->69(94)
[321.443s][info][gc,heap        ] GC(103) Old regions: 468->489
[321.443s][info][gc,heap        ] GC(103) Humongous regions: 75->75
[321.443s][info][gc,metaspace   ] GC(103) Metaspace: 28780K(29120K)->28780K(29120K) NonClass: 23896K(24064K)->23896K(24064K) Class: 4883K(5056K)->4883K(5056K)
[321.443s][info][gc             ] GC(103) Pause Young (Prepare Mixed) (G1 Evacuation Pause) 2581M->1256M(4096M) 80.506ms
[321.443s][info][gc,cpu         ] GC(103) User=0.48s Sys=0.00s Real=0.08s
.. (rIR:aIR:PR = 3464:3429:3358) (tPR = 58366) [OK] 
   322s:       rampup IR =   4619 [323.980s][info][gc,start       ] GC(104) Pause Young (Mixed) (G1 Evacuation Pause)
[323.980s][info][gc,task        ] GC(104) Using 6 workers of 6 for evacuation
[324.074s][info][gc,phases      ] GC(104)   Pre Evacuate Collection Set: 0.33ms
[324.074s][info][gc,phases      ] GC(104)   Merge Heap Roots: 0.45ms
[324.074s][info][gc,phases      ] GC(104)   Evacuate Collection Set: 92.30ms
[324.074s][info][gc,phases      ] GC(104)   Post Evacuate Collection Set: 0.78ms
[324.074s][info][gc,phases      ] GC(104)   Other: 0.08ms
[324.074s][info][gc,heap        ] GC(104) Eden regions: 858->0(908)
[324.074s][info][gc,heap        ] GC(104) Survivor regions: 69->80(116)
[324.074s][info][gc,heap        ] GC(104) Old regions: 489->510
[324.074s][info][gc,heap        ] GC(104) Humongous regions: 75->75
[324.074s][info][gc,metaspace   ] GC(104) Metaspace: 28781K(29120K)->28781K(29120K) NonClass: 23897K(24064K)->23897K(24064K) Class: 4883K(5056K)->4883K(5056K)
[324.074s][info][gc             ] GC(104) Pause Young (Mixed) (G1 Evacuation Pause) 2972M->1321M(4096M) 94.063ms
[324.074s][info][gc,cpu         ] GC(104) User=0.56s Sys=0.00s Real=0.09s
...[326.546s][info][gc,start       ] GC(105) Pause Young (Mixed) (G1 Evacuation Pause)
[326.546s][info][gc,task        ] GC(105) Using 6 workers of 6 for evacuation
[326.646s][info][gc,phases      ] GC(105)   Pre Evacuate Collection Set: 0.36ms
[326.646s][info][gc,phases      ] GC(105)   Merge Heap Roots: 0.42ms
[326.646s][info][gc,phases      ] GC(105)   Evacuate Collection Set: 98.10ms
[326.646s][info][gc,phases      ] GC(105)   Post Evacuate Collection Set: 0.89ms
[326.646s][info][gc,phases      ] GC(105)   Other: 0.09ms
[326.646s][info][gc,heap        ] GC(105) Eden regions: 973->0(1044)
[326.646s][info][gc,heap        ] GC(105) Survivor regions: 80->89(132)
[326.646s][info][gc,heap        ] GC(105) Old regions: 510->530
[326.646s][info][gc,heap        ] GC(105) Humongous regions: 77->77
[326.646s][info][gc,metaspace   ] GC(105) Metaspace: 28781K(29120K)->28781K(29120K) NonClass: 23897K(24064K)->23897K(24064K) Class: 4883K(5056K)->4883K(5056K)
[326.646s][info][gc             ] GC(105) Pause Young (Mixed) (G1 Evacuation Pause) 3271M->1389M(4096M) 99.994ms
[326.646s][info][gc,cpu         ] GC(105) User=0.60s Sys=0.00s Real=0.10s
.. (rIR:aIR:PR = 4619:4711:4698) (tPR = 78586) [OK] 
   327s:       rampup IR =   5774 .[329.099s][info][gc,start       ] GC(106) Pause Young (Mixed) (G1 Evacuation Pause)
[329.099s][info][gc,task        ] GC(106) Using 6 workers of 6 for evacuation
[329.212s][info][gc,phases      ] GC(106)   Pre Evacuate Collection Set: 0.33ms
[329.212s][info][gc,phases      ] GC(106)   Merge Heap Roots: 0.47ms
[329.212s][info][gc,phases      ] GC(106)   Evacuate Collection Set: 110.56ms
[329.212s][info][gc,phases      ] GC(106)   Merge Optional Heap Roots: 0.02ms
[329.212s][info][gc,phases      ] GC(106)   Evacuate Optional Collection Set: 0.25ms
[329.212s][info][gc,phases      ] GC(106)   Post Evacuate Collection Set: 1.00ms
[329.212s][info][gc,phases      ] GC(106)   Other: 0.08ms
[329.212s][info][gc,heap        ] GC(106) Eden regions: 1055->0(1060)
[329.212s][info][gc,heap        ] GC(106) Survivor regions: 89->97(143)
[329.212s][info][gc,heap        ] GC(106) Old regions: 530->549
[329.212s][info][gc,heap        ] GC(106) Humongous regions: 77->77
[329.212s][info][gc,metaspace   ] GC(106) Metaspace: 28783K(29120K)->28783K(29120K) NonClass: 23899K(24064K)->23899K(24064K) Class: 4883K(5056K)->4883K(5056K)
[329.212s][info][gc             ] GC(106) Pause Young (Mixed) (G1 Evacuation Pause) 3499M->1443M(4096M) 112.830ms
[329.212s][info][gc,cpu         ] GC(106) User=0.68s Sys=0.00s Real=0.11s
..[331.653s][info][gc,start       ] GC(107) Pause Young (Mixed) (G1 Evacuation Pause)
[331.653s][info][gc,task        ] GC(107) Using 6 workers of 6 for evacuation
[331.773s][info][gc,phases      ] GC(107)   Pre Evacuate Collection Set: 0.36ms
[331.773s][info][gc,phases      ] GC(107)   Merge Heap Roots: 0.53ms
[331.773s][info][gc,phases      ] GC(107)   Evacuate Collection Set: 118.43ms
[331.773s][info][gc,phases      ] GC(107)   Post Evacuate Collection Set: 0.87ms
[331.773s][info][gc,phases      ] GC(107)   Other: 0.08ms
[331.773s][info][gc,heap        ] GC(107) Eden regions: 1060->0(1061)
[331.773s][info][gc,heap        ] GC(107) Survivor regions: 97->103(145)
[331.773s][info][gc,heap        ] GC(107) Old regions: 549->567
[331.773s][info][gc,heap        ] GC(107) Humongous regions: 77->77
[331.773s][info][gc,metaspace   ] GC(107) Metaspace: 28786K(29120K)->28786K(29120K) NonClass: 23903K(24064K)->23903K(24064K) Class: 4883K(5056K)->4883K(5056K)
[331.773s][info][gc             ] GC(107) Pause Young (Mixed) (G1 Evacuation Pause) 3563M->1493M(4096M) 120.407ms
[331.773s][info][gc,cpu         ] GC(107) User=0.71s Sys=0.00s Real=0.12s
. (rIR:aIR:PR = 5774:5790:5790) (tPR = 95266) [OK] 
   331s:       rampup IR =   6929 ..[334.191s][info][gc,start       ] GC(108) Pause Young (Concurrent Start) (G1 Evacuation Pause)
[334.191s][info][gc,task        ] GC(108) Using 6 workers of 6 for evacuation
[334.307s][info][gc,phases      ] GC(108)   Pre Evacuate Collection Set: 0.41ms
[334.307s][info][gc,phases      ] GC(108)   Merge Heap Roots: 0.42ms
[334.307s][info][gc,phases      ] GC(108)   Evacuate Collection Set: 114.47ms
[334.307s][info][gc,phases      ] GC(108)   Post Evacuate Collection Set: 0.92ms
[334.307s][info][gc,phases      ] GC(108)   Other: 0.12ms
[334.307s][info][gc,heap        ] GC(108) Eden regions: 1061->0(1044)
[334.307s][info][gc,heap        ] GC(108) Survivor regions: 103->106(146)
[334.307s][info][gc,heap        ] GC(108) Old regions: 567->602
[334.307s][info][gc,heap        ] GC(108) Humongous regions: 77->77
[334.307s][info][gc,metaspace   ] GC(108) Metaspace: 28786K(29120K)->28786K(29120K) NonClass: 23903K(24064K)->23903K(24064K) Class: 4883K(5056K)->4883K(5056K)
[334.307s][info][gc             ] GC(108) Pause Young (Concurrent Start) (G1 Evacuation Pause) 3615M->1567M(4096M) 116.462ms
[334.307s][info][gc             ] GC(109) Concurrent Mark Cycle
[334.307s][info][gc,marking     ] GC(109) Concurrent Scan Root Regions
[334.307s][info][gc,cpu         ] GC(108) User=0.70s Sys=0.00s Real=0.11s
[334.498s][info][gc,marking     ] GC(109) Concurrent Scan Root Regions 191.199ms
[334.498s][info][gc,marking     ] GC(109) Concurrent Mark
[334.498s][info][gc,marking     ] GC(109) Concurrent Mark From Roots
[334.498s][info][gc,task        ] GC(109) Using 2 workers of 2 for marking
.[335.299s][info][gc,marking     ] GC(109) Concurrent Mark From Roots 800.598ms
[335.299s][info][gc,marking     ] GC(109) Concurrent Preclean
[335.299s][info][gc,marking     ] GC(109) Concurrent Preclean 0.089ms
[335.299s][info][gc,start       ] GC(109) Pause Remark
[335.308s][info][gc             ] GC(109) Pause Remark 2541M->2541M(4096M) 8.525ms
[335.308s][info][gc,cpu         ] GC(109) User=0.05s Sys=0.00s Real=0.01s
[335.308s][info][gc,marking     ] GC(109) Concurrent Mark 809.463ms
[335.308s][info][gc,marking     ] GC(109) Concurrent Rebuild Remembered Sets and Scrub Regions
[335.622s][info][gc,marking     ] GC(109) Concurrent Rebuild Remembered Sets and Scrub Regions 314.043ms
[335.624s][info][gc,start       ] GC(109) Pause Cleanup
[335.624s][info][gc             ] GC(109) Pause Cleanup 2765M->2765M(4096M) 0.206ms
[335.624s][info][gc,cpu         ] GC(109) User=0.00s Sys=0.00s Real=0.00s
[335.624s][info][gc,marking     ] GC(109) Concurrent Clear Claimed Marks
[335.624s][info][gc,marking     ] GC(109) Concurrent Clear Claimed Marks 0.038ms
[335.624s][info][gc,marking     ] GC(109) Concurrent Cleanup for Next Mark
[335.630s][info][gc,marking     ] GC(109) Concurrent Cleanup for Next Mark 6.121ms
[335.630s][info][gc             ] GC(109) Concurrent Mark Cycle 1323.430ms
. (rIR:aIR:PR = 6929:6928:6929) (tPR = 104911) [OK] 
   335s:       rampup IR =   8084 [336.676s][info][gc,start       ] GC(110) Pause Young (Prepare Mixed) (G1 Evacuation Pause)
[336.676s][info][gc,task        ] GC(110) Using 6 workers of 6 for evacuation
[336.799s][info][gc,phases      ] GC(110)   Pre Evacuate Collection Set: 0.40ms
[336.799s][info][gc,phases      ] GC(110)   Merge Heap Roots: 0.65ms
[336.799s][info][gc,phases      ] GC(110)   Evacuate Collection Set: 121.15ms
[336.799s][info][gc,phases      ] GC(110)   Post Evacuate Collection Set: 0.99ms
[336.799s][info][gc,phases      ] GC(110)   Other: 0.09ms
[336.799s][info][gc,heap        ] GC(110) Eden regions: 1044->0(1011)
[336.799s][info][gc,heap        ] GC(110) Survivor regions: 106->111(144)
[336.799s][info][gc,heap        ] GC(110) Old regions: 602->635
[336.799s][info][gc,heap        ] GC(110) Humongous regions: 77->77
[336.799s][info][gc,metaspace   ] GC(110) Metaspace: 28786K(29120K)->28786K(29120K) NonClass: 23903K(24064K)->23903K(24064K) Class: 4883K(5056K)->4883K(5056K)
[336.799s][info][gc             ] GC(110) Pause Young (Prepare Mixed) (G1 Evacuation Pause) 3655M->1643M(4096M) 123.414ms
[336.799s][info][gc,cpu         ] GC(110) User=0.73s Sys=0.00s Real=0.13s
..[338.716s][info][gc,start       ] GC(111) Pause Young (Mixed) (G1 Evacuation Pause)
[338.716s][info][gc,task        ] GC(111) Using 6 workers of 6 for evacuation
[338.856s][info][gc,phases      ] GC(111)   Pre Evacuate Collection Set: 0.45ms
[338.856s][info][gc,phases      ] GC(111)   Merge Heap Roots: 0.66ms
[338.856s][info][gc,phases      ] GC(111)   Evacuate Collection Set: 137.30ms
[338.856s][info][gc,phases      ] GC(111)   Merge Optional Heap Roots: 0.06ms
[338.856s][info][gc,phases      ] GC(111)   Evacuate Optional Collection Set: 1.01ms
[338.856s][info][gc,phases      ] GC(111)   Post Evacuate Collection Set: 1.00ms
[338.856s][info][gc,phases      ] GC(111)   Other: 0.12ms
[338.856s][info][gc,heap        ] GC(111) Eden regions: 1011->0(1113)
[338.856s][info][gc,heap        ] GC(111) Survivor regions: 111->115(141)
[338.856s][info][gc,heap        ] GC(111) Old regions: 635->483
[338.856s][info][gc,heap        ] GC(111) Humongous regions: 77->77
[338.856s][info][gc,metaspace   ] GC(111) Metaspace: 28787K(29120K)->28787K(29120K) NonClass: 23903K(24064K)->23903K(24064K) Class: 4883K(5056K)->4883K(5056K)
[338.856s][info][gc             ] GC(111) Pause Young (Mixed) (G1 Evacuation Pause) 3665M->1349M(4096M) 140.745ms
[338.856s][info][gc,cpu         ] GC(111) User=0.84s Sys=0.00s Real=0.14s
.. (rIR:aIR:PR = 8084:8032:8039) (tPR = 121851) [OK] 
   339s:       rampup IR =   9238 [340.908s][info][gc,start       ] GC(112) Pause Young (Mixed) (G1 Evacuation Pause)
[340.908s][info][gc,task        ] GC(112) Using 6 workers of 6 for evacuation
[341.035s][info][gc,phases      ] GC(112)   Pre Evacuate Collection Set: 0.32ms
[341.035s][info][gc,phases      ] GC(112)   Merge Heap Roots: 0.56ms
[341.035s][info][gc,phases      ] GC(112)   Evacuate Collection Set: 124.39ms
[341.035s][info][gc,phases      ] GC(112)   Post Evacuate Collection Set: 0.97ms
[341.035s][info][gc,phases      ] GC(112)   Other: 0.10ms
[341.035s][info][gc,heap        ] GC(112) Eden regions: 1113->0(1120)
[341.035s][info][gc,heap        ] GC(112) Survivor regions: 115->108(154)
[341.035s][info][gc,heap        ] GC(112) Old regions: 483->490
[341.035s][info][gc,heap        ] GC(112) Humongous regions: 77->77
[341.035s][info][gc,metaspace   ] GC(112) Metaspace: 28787K(29120K)->28787K(29120K) NonClass: 23903K(24064K)->23903K(24064K) Class: 4883K(5056K)->4883K(5056K)
[341.035s][info][gc             ] GC(112) Pause Young (Mixed) (G1 Evacuation Pause) 3575M->1348M(4096M) 126.461ms
[341.035s][info][gc,cpu         ] GC(112) User=0.75s Sys=0.00s Real=0.12s
..[342.898s][info][gc,start       ] GC(113) Pause Young (Concurrent Start) (G1 Evacuation Pause)
[342.898s][info][gc,task        ] GC(113) Using 6 workers of 6 for evacuation
[343.020s][info][gc,phases      ] GC(113)   Pre Evacuate Collection Set: 0.37ms
[343.020s][info][gc,phases      ] GC(113)   Merge Heap Roots: 0.47ms
[343.020s][info][gc,phases      ] GC(113)   Evacuate Collection Set: 119.68ms
[343.020s][info][gc,phases      ] GC(113)   Post Evacuate Collection Set: 0.95ms
[343.020s][info][gc,phases      ] GC(113)   Other: 0.10ms
[343.020s][info][gc,heap        ] GC(113) Eden regions: 1120->0(1116)
[343.020s][info][gc,heap        ] GC(113) Survivor regions: 108->112(154)
[343.020s][info][gc,heap        ] GC(113) Old regions: 490->520
[343.020s][info][gc,heap        ] GC(113) Humongous regions: 77->77
[343.020s][info][gc,metaspace   ] GC(113) Metaspace: 28789K(29120K)->28789K(29120K) NonClass: 23905K(24064K)->23905K(24064K) Class: 4883K(5056K)->4883K(5056K)
[343.020s][info][gc             ] GC(113) Pause Young (Concurrent Start) (G1 Evacuation Pause) 3588M->1416M(4096M) 121.697ms
[343.020s][info][gc             ] GC(114) Concurrent Mark Cycle
[343.020s][info][gc,marking     ] GC(114) Concurrent Scan Root Regions
[343.020s][info][gc,cpu         ] GC(113) User=0.72s Sys=0.01s Real=0.12s
[343.172s][info][gc,marking     ] GC(114) Concurrent Scan Root Regions 152.102ms
[343.172s][info][gc,marking     ] GC(114) Concurrent Mark
[343.172s][info][gc,marking     ] GC(114) Concurrent Mark From Roots
[343.172s][info][gc,task        ] GC(114) Using 2 workers of 2 for marking
.[343.851s][info][gc,marking     ] GC(114) Concurrent Mark From Roots 678.884ms
[343.851s][info][gc,marking     ] GC(114) Concurrent Preclean
[343.851s][info][gc,marking     ] GC(114) Concurrent Preclean 0.135ms
[343.854s][info][gc,start       ] GC(114) Pause Remark
[343.860s][info][gc             ] GC(114) Pause Remark 2140M->2140M(4096M) 6.309ms
[343.861s][info][gc,cpu         ] GC(114) User=0.04s Sys=0.00s Real=0.01s
[343.861s][info][gc,marking     ] GC(114) Concurrent Mark 689.012ms
[343.861s][info][gc,marking     ] GC(114) Concurrent Rebuild Remembered Sets and Scrub Regions
[344.205s][info][gc,marking     ] GC(114) Concurrent Rebuild Remembered Sets and Scrub Regions 343.633ms
[344.207s][info][gc,start       ] GC(114) Pause Cleanup
[344.207s][info][gc             ] GC(114) Pause Cleanup 2494M->2494M(4096M) 0.185ms
[344.207s][info][gc,cpu         ] GC(114) User=0.00s Sys=0.00s Real=0.00s
[344.207s][info][gc,marking     ] GC(114) Concurrent Clear Claimed Marks
[344.207s][info][gc,marking     ] GC(114) Concurrent Clear Claimed Marks 0.042ms
[344.207s][info][gc,marking     ] GC(114) Concurrent Cleanup for Next Mark
[344.213s][info][gc,marking     ] GC(114) Concurrent Cleanup for Next Mark 5.483ms
[344.213s][info][gc             ] GC(114) Concurrent Mark Cycle 1192.519ms
.[344.973s][info][gc,start       ] GC(115) Pause Young (Prepare Mixed) (G1 Evacuation Pause)
[344.973s][info][gc,task        ] GC(115) Using 6 workers of 6 for evacuation
[345.095s][info][gc,phases      ] GC(115)   Pre Evacuate Collection Set: 0.35ms
[345.095s][info][gc,phases      ] GC(115)   Merge Heap Roots: 0.54ms
[345.095s][info][gc,phases      ] GC(115)   Evacuate Collection Set: 119.48ms
[345.095s][info][gc,phases      ] GC(115)   Post Evacuate Collection Set: 0.95ms
[345.095s][info][gc,phases      ] GC(115)   Other: 0.10ms
[345.095s][info][gc,heap        ] GC(115) Eden regions: 1116->0(1090)
[345.095s][info][gc,heap        ] GC(115) Survivor regions: 112->112(154)
[345.095s][info][gc,heap        ] GC(115) Old regions: 520->554
[345.095s][info][gc,heap        ] GC(115) Humongous regions: 77->77
[345.095s][info][gc,metaspace   ] GC(115) Metaspace: 28791K(29120K)->28791K(29120K) NonClass: 23907K(24064K)->23907K(24064K) Class: 4883K(5056K)->4883K(5056K)
[345.095s][info][gc             ] GC(115) Pause Young (Prepare Mixed) (G1 Evacuation Pause) 3648M->1483M(4096M) 121.537ms
[345.095s][info][gc,cpu         ] GC(115) User=0.72s Sys=0.00s Real=0.12s
..[346.828s][info][gc,start       ] GC(116) Pause Young (Mixed) (G1 Evacuation Pause)
[346.828s][info][gc,task        ] GC(116) Using 6 workers of 6 for evacuation
[346.973s][info][gc,phases      ] GC(116)   Pre Evacuate Collection Set: 0.39ms
[346.973s][info][gc,phases      ] GC(116)   Merge Heap Roots: 0.65ms
[346.973s][info][gc,phases      ] GC(116)   Evacuate Collection Set: 143.40ms
[346.973s][info][gc,phases      ] GC(116)   Post Evacuate Collection Set: 0.97ms
[346.973s][info][gc,phases      ] GC(116)   Other: 0.09ms
[346.973s][info][gc,heap        ] GC(116) Eden regions: 1090->0(1114)
[346.973s][info][gc,heap        ] GC(116) Survivor regions: 112->114(151)
[346.973s][info][gc,heap        ] GC(116) Old regions: 554->463
[346.973s][info][gc,heap        ] GC(116) Humongous regions: 77->77
[346.973s][info][gc,metaspace   ] GC(116) Metaspace: 28792K(29120K)->28792K(29120K) NonClass: 23908K(24064K)->23908K(24064K) Class: 4883K(5056K)->4883K(5056K)
[346.973s][info][gc             ] GC(116) Pause Young (Mixed) (G1 Evacuation Pause) 3663M->1307M(4096M) 145.630ms
[346.973s][info][gc,cpu         ] GC(116) User=0.87s Sys=0.00s Real=0.14s
. (rIR:aIR:PR = 9238:9421:9443) (tPR = 142914) [OK] 
   347s:       rampup IR =  10393 .[348.784s][info][gc,start       ] GC(117) Pause Young (Concurrent Start) (G1 Evacuation Pause)
[348.784s][info][gc,task        ] GC(117) Using 6 workers of 6 for evacuation
[348.910s][info][gc,phases      ] GC(117)   Pre Evacuate Collection Set: 0.41ms
[348.910s][info][gc,phases      ] GC(117)   Merge Heap Roots: 0.50ms
[348.910s][info][gc,phases      ] GC(117)   Evacuate Collection Set: 124.24ms
[348.910s][info][gc,phases      ] GC(117)   Post Evacuate Collection Set: 0.94ms
[348.910s][info][gc,phases      ] GC(117)   Other: 0.13ms
[348.910s][info][gc,heap        ] GC(117) Eden regions: 1114->0(1112)
[348.910s][info][gc,heap        ] GC(117) Survivor regions: 114->116(154)
[348.910s][info][gc,heap        ] GC(117) Old regions: 463->496
[348.910s][info][gc,heap        ] GC(117) Humongous regions: 77->77
[348.910s][info][gc,metaspace   ] GC(117) Metaspace: 28793K(29120K)->28793K(29120K) NonClass: 23910K(24064K)->23910K(24064K) Class: 4883K(5056K)->4883K(5056K)
[348.910s][info][gc             ] GC(117) Pause Young (Concurrent Start) (G1 Evacuation Pause) 3535M->1377M(4096M) 126.337ms
[348.910s][info][gc             ] GC(118) Concurrent Mark Cycle
[348.910s][info][gc,marking     ] GC(118) Concurrent Scan Root Regions
[348.910s][info][gc,cpu         ] GC(117) User=0.75s Sys=0.00s Real=0.13s
[349.090s][info][gc,marking     ] GC(118) Concurrent Scan Root Regions 179.665ms
[349.090s][info][gc,marking     ] GC(118) Concurrent Mark
[349.090s][info][gc,marking     ] GC(118) Concurrent Mark From Roots
[349.090s][info][gc,task        ] GC(118) Using 2 workers of 2 for marking
.[350.013s][info][gc,marking     ] GC(118) Concurrent Mark From Roots 922.890ms
[350.013s][info][gc,marking     ] GC(118) Concurrent Preclean
[350.013s][info][gc,marking     ] GC(118) Concurrent Preclean 0.093ms
[350.013s][info][gc,start       ] GC(118) Pause Remark
[350.020s][info][gc             ] GC(118) Pause Remark 2384M->2384M(4096M) 7.059ms
[350.020s][info][gc,cpu         ] GC(118) User=0.04s Sys=0.00s Real=0.01s
[350.023s][info][gc,marking     ] GC(118) Concurrent Mark 932.818ms
[350.023s][info][gc,marking     ] GC(118) Concurrent Rebuild Remembered Sets and Scrub Regions
[350.339s][info][gc,marking     ] GC(118) Concurrent Rebuild Remembered Sets and Scrub Regions 316.086ms
[350.340s][info][gc,start       ] GC(118) Pause Cleanup
[350.340s][info][gc             ] GC(118) Pause Cleanup 2699M->2699M(4096M) 0.145ms
[350.340s][info][gc,cpu         ] GC(118) User=0.00s Sys=0.00s Real=0.00s
[350.341s][info][gc,marking     ] GC(118) Concurrent Clear Claimed Marks
[350.341s][info][gc,marking     ] GC(118) Concurrent Clear Claimed Marks 0.039ms
[350.341s][info][gc,marking     ] GC(118) Concurrent Cleanup for Next Mark
[350.346s][info][gc,marking     ] GC(118) Concurrent Cleanup for Next Mark 4.854ms
[350.346s][info][gc             ] GC(118) Concurrent Mark Cycle 1435.916ms
.[350.955s][info][gc,start       ] GC(119) Pause Young (Prepare Mixed) (G1 Evacuation Pause)
[350.955s][info][gc,task        ] GC(119) Using 6 workers of 6 for evacuation
[351.081s][info][gc,phases      ] GC(119)   Pre Evacuate Collection Set: 0.34ms
[351.081s][info][gc,phases      ] GC(119)   Merge Heap Roots: 0.51ms
[351.081s][info][gc,phases      ] GC(119)   Evacuate Collection Set: 124.22ms
[351.081s][info][gc,phases      ] GC(119)   Post Evacuate Collection Set: 0.90ms
[351.081s][info][gc,phases      ] GC(119)   Other: 0.08ms
[351.081s][info][gc,heap        ] GC(119) Eden regions: 1112->0(1103)
[351.081s][info][gc,heap        ] GC(119) Survivor regions: 116->118(154)
[351.081s][info][gc,heap        ] GC(119) Old regions: 496->529
[351.081s][info][gc,heap        ] GC(119) Humongous regions: 77->77
[351.081s][info][gc,metaspace   ] GC(119) Metaspace: 28797K(29120K)->28797K(29120K) NonClass: 23913K(24064K)->23913K(24064K) Class: 4883K(5056K)->4883K(5056K)
[351.081s][info][gc             ] GC(119) Pause Young (Prepare Mixed) (G1 Evacuation Pause) 3601M->1445M(4096M) 126.180ms
[351.081s][info][gc,cpu         ] GC(119) User=0.75s Sys=0.00s Real=0.13s
.[352.591s][info][gc,start       ] GC(120) Pause Young (Mixed) (G1 Evacuation Pause)
[352.591s][info][gc,task        ] GC(120) Using 6 workers of 6 for evacuation
[352.773s][info][gc,phases      ] GC(120)   Pre Evacuate Collection Set: 0.39ms
[352.773s][info][gc,phases      ] GC(120)   Merge Heap Roots: 0.57ms
[352.773s][info][gc,phases      ] GC(120)   Evacuate Collection Set: 179.09ms
[352.773s][info][gc,phases      ] GC(120)   Post Evacuate Collection Set: 0.99ms
[352.773s][info][gc,phases      ] GC(120)   Other: 0.09ms
[352.773s][info][gc,heap        ] GC(120) Eden regions: 1103->0(1112)
[352.773s][info][gc,heap        ] GC(120) Survivor regions: 118->116(153)
[352.773s][info][gc,heap        ] GC(120) Old regions: 529->466
[352.773s][info][gc,heap        ] GC(120) Humongous regions: 77->77
[352.773s][info][gc,metaspace   ] GC(120) Metaspace: 28797K(29120K)->28797K(29120K) NonClass: 23913K(24064K)->23913K(24064K) Class: 4883K(5056K)->4883K(5056K)
[352.773s][info][gc             ] GC(120) Pause Young (Mixed) (G1 Evacuation Pause) 3651M->1316M(4096M) 181.255ms
[352.773s][info][gc,cpu         ] GC(120) User=0.83s Sys=0.00s Real=0.18s
..[354.288s][info][gc,start       ] GC(121) Pause Young (Concurrent Start) (G1 Evacuation Pause)
[354.288s][info][gc,task        ] GC(121) Using 6 workers of 6 for evacuation
[354.410s][info][gc,phases      ] GC(121)   Pre Evacuate Collection Set: 0.39ms
[354.410s][info][gc,phases      ] GC(121)   Merge Heap Roots: 0.56ms
[354.410s][info][gc,phases      ] GC(121)   Evacuate Collection Set: 119.89ms
[354.410s][info][gc,phases      ] GC(121)   Post Evacuate Collection Set: 0.91ms
[354.410s][info][gc,phases      ] GC(121)   Other: 0.11ms
[354.410s][info][gc,heap        ] GC(121) Eden regions: 1112->0(1117)
[354.410s][info][gc,heap        ] GC(121) Survivor regions: 116->111(154)
[354.410s][info][gc,heap        ] GC(121) Old regions: 466->499
[354.410s][info][gc,heap        ] GC(121) Humongous regions: 77->77
[354.410s][info][gc,metaspace   ] GC(121) Metaspace: 28799K(29120K)->28799K(29120K) NonClass: 23915K(24064K)->23915K(24064K) Class: 4883K(5056K)->4883K(5056K)
[354.410s][info][gc             ] GC(121) Pause Young (Concurrent Start) (G1 Evacuation Pause) 3540M->1371M(4096M) 122.000ms
[354.410s][info][gc             ] GC(122) Concurrent Mark Cycle
[354.410s][info][gc,marking     ] GC(122) Concurrent Scan Root Regions
[354.410s][info][gc,cpu         ] GC(121) User=0.72s Sys=0.00s Real=0.12s
[354.624s][info][gc,marking     ] GC(122) Concurrent Scan Root Regions 213.371ms
[354.624s][info][gc,marking     ] GC(122) Concurrent Mark
[354.624s][info][gc,marking     ] GC(122) Concurrent Mark From Roots
[354.624s][info][gc,task        ] GC(122) Using 2 workers of 2 for marking
.[355.352s][info][gc,marking     ] GC(122) Concurrent Mark From Roots 727.885ms
[355.352s][info][gc,marking     ] GC(122) Concurrent Preclean
[355.352s][info][gc,marking     ] GC(122) Concurrent Preclean 0.046ms
[355.352s][info][gc,start       ] GC(122) Pause Remark
[355.358s][info][gc             ] GC(122) Pause Remark 2272M->2272M(4096M) 5.861ms
[355.358s][info][gc,cpu         ] GC(122) User=0.03s Sys=0.00s Real=0.01s
[355.358s][info][gc,marking     ] GC(122) Concurrent Mark 734.368ms
[355.358s][info][gc,marking     ] GC(122) Concurrent Rebuild Remembered Sets and Scrub Regions
[355.814s][info][gc,marking     ] GC(122) Concurrent Rebuild Remembered Sets and Scrub Regions 455.967ms
[355.815s][info][gc,start       ] GC(122) Pause Cleanup
[355.816s][info][gc             ] GC(122) Pause Cleanup 2749M->2749M(4096M) 0.136ms
[355.816s][info][gc,cpu         ] GC(122) User=0.00s Sys=0.00s Real=0.00s
[355.816s][info][gc,marking     ] GC(122) Concurrent Clear Claimed Marks
[355.816s][info][gc,marking     ] GC(122) Concurrent Clear Claimed Marks 0.033ms
[355.816s][info][gc,marking     ] GC(122) Concurrent Cleanup for Next Mark
[356.039s][info][gc,marking     ] GC(122) Concurrent Cleanup for Next Mark 222.862ms
[356.039s][info][gc             ] GC(122) Concurrent Mark Cycle 1628.349ms
.[356.363s][info][gc,start       ] GC(123) Pause Young (Prepare Mixed) (G1 Evacuation Pause)
[356.363s][info][gc,task        ] GC(123) Using 6 workers of 6 for evacuation
[356.488s][info][gc,phases      ] GC(123)   Pre Evacuate Collection Set: 0.32ms
[356.488s][info][gc,phases      ] GC(123)   Merge Heap Roots: 0.57ms
[356.488s][info][gc,phases      ] GC(123)   Evacuate Collection Set: 123.34ms
[356.488s][info][gc,phases      ] GC(123)   Post Evacuate Collection Set: 0.92ms
[356.488s][info][gc,phases      ] GC(123)   Other: 0.09ms
[356.488s][info][gc,heap        ] GC(123) Eden regions: 1117->0(1105)
[356.488s][info][gc,heap        ] GC(123) Survivor regions: 111->116(154)
[356.488s][info][gc,heap        ] GC(123) Old regions: 499->531
[356.488s][info][gc,heap        ] GC(123) Humongous regions: 77->77
[356.488s][info][gc,metaspace   ] GC(123) Metaspace: 28799K(29120K)->28799K(29120K) NonClass: 23915K(24064K)->23915K(24064K) Class: 4883K(5056K)->4883K(5056K)
[356.488s][info][gc             ] GC(123) Pause Young (Prepare Mixed) (G1 Evacuation Pause) 3605M->1446M(4096M) 125.385ms
[356.488s][info][gc,cpu         ] GC(123) User=0.75s Sys=0.00s Real=0.13s
.[358.002s][info][gc,start       ] GC(124) Pause Young (Mixed) (G1 Evacuation Pause)
[358.002s][info][gc,task        ] GC(124) Using 6 workers of 6 for evacuation
[358.145s][info][gc,phases      ] GC(124)   Pre Evacuate Collection Set: 0.40ms
[358.145s][info][gc,phases      ] GC(124)   Merge Heap Roots: 0.63ms
[358.145s][info][gc,phases      ] GC(124)   Evacuate Collection Set: 134.66ms
[358.145s][info][gc,phases      ] GC(124)   Merge Optional Heap Roots: 0.11ms
[358.145s][info][gc,phases      ] GC(124)   Evacuate Optional Collection Set: 5.31ms
[358.145s][info][gc,phases      ] GC(124)   Post Evacuate Collection Set: 1.04ms
[358.145s][info][gc,phases      ] GC(124)   Other: 0.83ms
[358.145s][info][gc,heap        ] GC(124) Eden regions: 1105->0(1113)
[358.145s][info][gc,heap        ] GC(124) Survivor regions: 116->115(153)
[358.145s][info][gc,heap        ] GC(124) Old regions: 531->467
[358.145s][info][gc,heap        ] GC(124) Humongous regions: 77->77
[358.145s][info][gc,metaspace   ] GC(124) Metaspace: 28800K(29120K)->28800K(29120K) NonClass: 23916K(24064K)->23916K(24064K) Class: 4883K(5056K)->4883K(5056K)
[358.145s][info][gc             ] GC(124) Pause Young (Mixed) (G1 Evacuation Pause) 3656M->1315M(4096M) 143.136ms
[358.145s][info][gc,cpu         ] GC(124) User=0.85s Sys=0.00s Real=0.14s
.. (rIR:aIR:PR = 10393:10152:10156) (tPR = 152451) [OK] 
   359s:       rampup IR =  11548 [359.782s][info][gc,start       ] GC(125) Pause Young (Concurrent Start) (G1 Evacuation Pause)
[359.782s][info][gc,task        ] GC(125) Using 6 workers of 6 for evacuation
[359.906s][info][gc,phases      ] GC(125)   Pre Evacuate Collection Set: 0.44ms
[359.906s][info][gc,phases      ] GC(125)   Merge Heap Roots: 0.54ms
[359.906s][info][gc,phases      ] GC(125)   Evacuate Collection Set: 121.92ms
[359.906s][info][gc,phases      ] GC(125)   Post Evacuate Collection Set: 0.90ms
[359.906s][info][gc,phases      ] GC(125)   Other: 0.13ms
[359.906s][info][gc,heap        ] GC(125) Eden regions: 1113->0(1116)
[359.906s][info][gc,heap        ] GC(125) Survivor regions: 115->112(154)
[359.906s][info][gc,heap        ] GC(125) Old regions: 467->500
[359.906s][info][gc,heap        ] GC(125) Humongous regions: 77->77
[359.906s][info][gc,metaspace   ] GC(125) Metaspace: 28800K(29120K)->28800K(29120K) NonClass: 23916K(24064K)->23916K(24064K) Class: 4883K(5056K)->4883K(5056K)
[359.906s][info][gc             ] GC(125) Pause Young (Concurrent Start) (G1 Evacuation Pause) 3541M->1376M(4096M) 124.066ms
[359.906s][info][gc             ] GC(126) Concurrent Mark Cycle
[359.906s][info][gc,marking     ] GC(126) Concurrent Scan Root Regions
[359.906s][info][gc,cpu         ] GC(125) User=0.74s Sys=0.00s Real=0.12s
[360.051s][info][gc,marking     ] GC(126) Concurrent Scan Root Regions 144.584ms
[360.051s][info][gc,marking     ] GC(126) Concurrent Mark
[360.051s][info][gc,marking     ] GC(126) Concurrent Mark From Roots
[360.051s][info][gc,task        ] GC(126) Using 2 workers of 2 for marking
.[360.785s][info][gc,marking     ] GC(126) Concurrent Mark From Roots 733.787ms
[360.785s][info][gc,marking     ] GC(126) Concurrent Preclean
[360.785s][info][gc,marking     ] GC(126) Concurrent Preclean 0.087ms
[360.786s][info][gc,start       ] GC(126) Pause Remark
[360.791s][info][gc             ] GC(126) Pause Remark 2162M->2162M(4096M) 5.489ms
[360.791s][info][gc,cpu         ] GC(126) User=0.03s Sys=0.00s Real=0.01s
[360.793s][info][gc,marking     ] GC(126) Concurrent Mark 741.761ms
[360.793s][info][gc,marking     ] GC(126) Concurrent Rebuild Remembered Sets and Scrub Regions
[361.046s][info][gc,marking     ] GC(126) Concurrent Rebuild Remembered Sets and Scrub Regions 253.899ms
[361.047s][info][gc,start       ] GC(126) Pause Cleanup
[361.047s][info][gc             ] GC(126) Pause Cleanup 2438M->2438M(4096M) 0.155ms
[361.047s][info][gc,cpu         ] GC(126) User=0.00s Sys=0.00s Real=0.00s
[361.047s][info][gc,marking     ] GC(126) Concurrent Clear Claimed Marks
[361.047s][info][gc,marking     ] GC(126) Concurrent Clear Claimed Marks 0.031ms
[361.047s][info][gc,marking     ] GC(126) Concurrent Cleanup for Next Mark
[361.052s][info][gc,marking     ] GC(126) Concurrent Cleanup for Next Mark 5.413ms
[361.052s][info][gc             ] GC(126) Concurrent Mark Cycle 1146.364ms
.[361.910s][info][gc,start       ] GC(127) Pause Young (Prepare Mixed) (G1 Evacuation Pause)
[361.910s][info][gc,task        ] GC(127) Using 6 workers of 6 for evacuation
[362.031s][info][gc,phases      ] GC(127)   Pre Evacuate Collection Set: 0.37ms
[362.031s][info][gc,phases      ] GC(127)   Merge Heap Roots: 0.55ms
[362.031s][info][gc,phases      ] GC(127)   Evacuate Collection Set: 119.31ms
[362.031s][info][gc,phases      ] GC(127)   Post Evacuate Collection Set: 0.95ms
[362.031s][info][gc,phases      ] GC(127)   Other: 0.08ms
[362.031s][info][gc,heap        ] GC(127) Eden regions: 1116->0(1108)
[362.031s][info][gc,heap        ] GC(127) Survivor regions: 112->114(154)
[362.031s][info][gc,heap        ] GC(127) Old regions: 500->532
[362.031s][info][gc,heap        ] GC(127) Humongous regions: 77->77
[362.031s][info][gc,metaspace   ] GC(127) Metaspace: 28800K(29120K)->28800K(29120K) NonClass: 23916K(24064K)->23916K(24064K) Class: 4883K(5056K)->4883K(5056K)
[362.031s][info][gc             ] GC(127) Pause Young (Prepare Mixed) (G1 Evacuation Pause) 3608M->1444M(4096M) 121.421ms
[362.031s][info][gc,cpu         ] GC(127) User=0.72s Sys=0.00s Real=0.12s
.[363.476s][info][gc,start       ] GC(128) Pause Young (Mixed) (G1 Evacuation Pause)
[363.476s][info][gc,task        ] GC(128) Using 6 workers of 6 for evacuation
[363.624s][info][gc,phases      ] GC(128)   Pre Evacuate Collection Set: 0.39ms
[363.624s][info][gc,phases      ] GC(128)   Merge Heap Roots: 0.65ms
[363.624s][info][gc,phases      ] GC(128)   Evacuate Collection Set: 143.64ms
[363.624s][info][gc,phases      ] GC(128)   Merge Optional Heap Roots: 0.14ms
[363.624s][info][gc,phases      ] GC(128)   Evacuate Optional Collection Set: 1.87ms
[363.624s][info][gc,phases      ] GC(128)   Post Evacuate Collection Set: 0.97ms
[363.624s][info][gc,phases      ] GC(128)   Other: 0.09ms
[363.624s][info][gc,heap        ] GC(128) Eden regions: 1108->0(1108)
[363.624s][info][gc,heap        ] GC(128) Survivor regions: 114->120(153)
[363.624s][info][gc,heap        ] GC(128) Old regions: 532->468
[363.624s][info][gc,heap        ] GC(128) Humongous regions: 77->77
[363.624s][info][gc,metaspace   ] GC(128) Metaspace: 28800K(29120K)->28800K(29120K) NonClass: 23916K(24064K)->23916K(24064K) Class: 4883K(5056K)->4883K(5056K)
[363.624s][info][gc             ] GC(128) Pause Young (Mixed) (G1 Evacuation Pause) 3660M->1327M(4096M) 147.891ms
[363.624s][info][gc,cpu         ] GC(128) User=0.88s Sys=0.00s Real=0.15s
..[365.107s][info][gc,start       ] GC(129) Pause Young (Concurrent Start) (G1 Evacuation Pause)
[365.107s][info][gc,task        ] GC(129) Using 6 workers of 6 for evacuation
[365.231s][info][gc,phases      ] GC(129)   Pre Evacuate Collection Set: 0.38ms
[365.231s][info][gc,phases      ] GC(129)   Merge Heap Roots: 0.60ms
[365.231s][info][gc,phases      ] GC(129)   Evacuate Collection Set: 121.68ms
[365.231s][info][gc,phases      ] GC(129)   Post Evacuate Collection Set: 0.92ms
[365.231s][info][gc,phases      ] GC(129)   Other: 0.11ms
[365.231s][info][gc,heap        ] GC(129) Eden regions: 1108->0(1115)
[365.231s][info][gc,heap        ] GC(129) Survivor regions: 120->113(154)
[365.231s][info][gc,heap        ] GC(129) Old regions: 468->500
[365.231s][info][gc,heap        ] GC(129) Humongous regions: 77->77
[365.231s][info][gc,metaspace   ] GC(129) Metaspace: 28800K(29120K)->28800K(29120K) NonClass: 23916K(24064K)->23916K(24064K) Class: 4883K(5056K)->4883K(5056K)
[365.231s][info][gc             ] GC(129) Pause Young (Concurrent Start) (G1 Evacuation Pause) 3543M->1378M(4096M) 123.838ms
[365.231s][info][gc             ] GC(130) Concurrent Mark Cycle
[365.231s][info][gc,marking     ] GC(130) Concurrent Scan Root Regions
[365.231s][info][gc,cpu         ] GC(129) User=0.74s Sys=0.00s Real=0.13s
[365.400s][info][gc,marking     ] GC(130) Concurrent Scan Root Regions 169.180ms
[365.400s][info][gc,marking     ] GC(130) Concurrent Mark
[365.400s][info][gc,marking     ] GC(130) Concurrent Mark From Roots
[365.400s][info][gc,task        ] GC(130) Using 2 workers of 2 for marking
.[366.303s][info][gc,marking     ] GC(130) Concurrent Mark From Roots 902.643ms
[366.303s][info][gc,marking     ] GC(130) Concurrent Preclean
[366.303s][info][gc,marking     ] GC(130) Concurrent Preclean 0.068ms
[366.306s][info][gc,start       ] GC(130) Pause Remark
[366.311s][info][gc             ] GC(130) Pause Remark 2216M->2216M(4096M) 5.081ms
[366.311s][info][gc,cpu         ] GC(130) User=0.02s Sys=0.00s Real=0.01s
[366.312s][info][gc,marking     ] GC(130) Concurrent Mark 911.158ms
[366.312s][info][gc,marking     ] GC(130) Concurrent Rebuild Remembered Sets and Scrub Regions
[366.646s][info][gc,marking     ] GC(130) Concurrent Rebuild Remembered Sets and Scrub Regions 334.889ms
[366.647s][info][gc,start       ] GC(130) Pause Cleanup
[366.647s][info][gc             ] GC(130) Pause Cleanup 2548M->2548M(4096M) 0.132ms
[366.647s][info][gc,cpu         ] GC(130) User=0.00s Sys=0.00s Real=0.00s
[366.647s][info][gc,marking     ] GC(130) Concurrent Clear Claimed Marks
[366.647s][info][gc,marking     ] GC(130) Concurrent Clear Claimed Marks 0.029ms
[366.647s][info][gc,marking     ] GC(130) Concurrent Cleanup for Next Mark
[366.652s][info][gc,marking     ] GC(130) Concurrent Cleanup for Next Mark 5.035ms
[366.652s][info][gc             ] GC(130) Concurrent Mark Cycle 1420.850ms
[367.280s][info][gc,start       ] GC(131) Pause Young (Prepare Mixed) (G1 Evacuation Pause)
[367.280s][info][gc,task        ] GC(131) Using 6 workers of 6 for evacuation
[367.409s][info][gc,phases      ] GC(131)   Pre Evacuate Collection Set: 0.33ms
[367.409s][info][gc,phases      ] GC(131)   Merge Heap Roots: 0.56ms
[367.409s][info][gc,phases      ] GC(131)   Evacuate Collection Set: 127.05ms
[367.409s][info][gc,phases      ] GC(131)   Post Evacuate Collection Set: 0.96ms
[367.409s][info][gc,phases      ] GC(131)   Other: 0.09ms
[367.409s][info][gc,heap        ] GC(131) Eden regions: 1115->0(1092)
[367.409s][info][gc,heap        ] GC(131) Survivor regions: 113->121(154)
[367.409s][info][gc,heap        ] GC(131) Old regions: 500->534
[367.409s][info][gc,heap        ] GC(131) Humongous regions: 77->77
[367.409s][info][gc,metaspace   ] GC(131) Metaspace: 28800K(29120K)->28800K(29120K) NonClass: 23916K(24064K)->23916K(24064K) Class: 4883K(5056K)->4883K(5056K)
[367.409s][info][gc             ] GC(131) Pause Young (Prepare Mixed) (G1 Evacuation Pause) 3608M->1463M(4096M) 129.114ms
[367.409s][info][gc,cpu         ] GC(131) User=0.76s Sys=0.00s Real=0.13s
..[368.977s][info][gc,start       ] GC(132) Pause Young (Mixed) (G1 Evacuation Pause)
[368.977s][info][gc,task        ] GC(132) Using 6 workers of 6 for evacuation
[369.125s][info][gc,phases      ] GC(132)   Pre Evacuate Collection Set: 0.37ms
[369.125s][info][gc,phases      ] GC(132)   Merge Heap Roots: 0.67ms
[369.125s][info][gc,phases      ] GC(132)   Evacuate Collection Set: 137.50ms
[369.125s][info][gc,phases      ] GC(132)   Merge Optional Heap Roots: 0.16ms
[369.125s][info][gc,phases      ] GC(132)   Evacuate Optional Collection Set: 7.85ms
[369.125s][info][gc,phases      ] GC(132)   Post Evacuate Collection Set: 1.15ms
[369.125s][info][gc,phases      ] GC(132)   Other: 0.09ms
[369.125s][info][gc,heap        ] GC(132) Eden regions: 1092->0(1112)
[369.125s][info][gc,heap        ] GC(132) Survivor regions: 121->116(152)
[369.125s][info][gc,heap        ] GC(132) Old regions: 534->471
[369.125s][info][gc,heap        ] GC(132) Humongous regions: 77->77
[369.125s][info][gc,metaspace   ] GC(132) Metaspace: 28800K(29120K)->28800K(29120K) NonClass: 23916K(24064K)->23916K(24064K) Class: 4883K(5056K)->4883K(5056K)
[369.125s][info][gc             ] GC(132) Pause Young (Mixed) (G1 Evacuation Pause) 3647M->1325M(4096M) 147.919ms
[369.125s][info][gc,cpu         ] GC(132) User=0.87s Sys=0.00s Real=0.15s
.[370.540s][info][gc,start       ] GC(133) Pause Young (Concurrent Start) (G1 Evacuation Pause)
[370.541s][info][gc,task        ] GC(133) Using 6 workers of 6 for evacuation
[370.713s][info][gc,phases      ] GC(133)   Pre Evacuate Collection Set: 0.41ms
[370.713s][info][gc,phases      ] GC(133)   Merge Heap Roots: 0.57ms
[370.713s][info][gc,phases      ] GC(133)   Evacuate Collection Set: 170.63ms
[370.713s][info][gc,phases      ] GC(133)   Post Evacuate Collection Set: 0.96ms
[370.713s][info][gc,phases      ] GC(133)   Other: 0.12ms
[370.713s][info][gc,heap        ] GC(133) Eden regions: 1112->0(1113)
[370.713s][info][gc,heap        ] GC(133) Survivor regions: 116->115(154)
[370.713s][info][gc,heap        ] GC(133) Old regions: 471->504
[370.713s][info][gc,heap        ] GC(133) Humongous regions: 77->77
[370.713s][info][gc,metaspace   ] GC(133) Metaspace: 28800K(29120K)->28800K(29120K) NonClass: 23916K(24064K)->23916K(24064K) Class: 4883K(5056K)->4883K(5056K)
[370.713s][info][gc             ] GC(133) Pause Young (Concurrent Start) (G1 Evacuation Pause) 3549M->1389M(4096M) 172.849ms
[370.713s][info][gc             ] GC(134) Concurrent Mark Cycle
[370.713s][info][gc,marking     ] GC(134) Concurrent Scan Root Regions
[370.713s][info][gc,cpu         ] GC(133) User=0.75s Sys=0.00s Real=0.17s
[370.902s][info][gc,marking     ] GC(134) Concurrent Scan Root Regions 188.386ms
[370.902s][info][gc,marking     ] GC(134) Concurrent Mark
[370.902s][info][gc,marking     ] GC(134) Concurrent Mark From Roots
[370.902s][info][gc,task        ] GC(134) Using 2 workers of 2 for marking
.[371.931s][info][gc,marking     ] GC(134) Concurrent Mark From Roots 1029.333ms
[371.931s][info][gc,marking     ] GC(134) Concurrent Preclean
[371.931s][info][gc,marking     ] GC(134) Concurrent Preclean 0.065ms
[371.934s][info][gc,start       ] GC(134) Pause Remark
[371.941s][info][gc             ] GC(134) Pause Remark 2423M->2423M(4096M) 7.008ms
[371.941s][info][gc,cpu         ] GC(134) User=0.04s Sys=0.00s Real=0.01s
[371.941s][info][gc,marking     ] GC(134) Concurrent Mark 1038.988ms
[371.941s][info][gc,marking     ] GC(134) Concurrent Rebuild Remembered Sets and Scrub Regions
[372.320s][info][gc,marking     ] GC(134) Concurrent Rebuild Remembered Sets and Scrub Regions 379.371ms
[372.320s][info][gc,start       ] GC(134) Pause Cleanup
[372.321s][info][gc             ] GC(134) Pause Cleanup 2919M->2919M(4096M) 0.134ms
[372.321s][info][gc,cpu         ] GC(134) User=0.00s Sys=0.00s Real=0.00s
[372.321s][info][gc,marking     ] GC(134) Concurrent Clear Claimed Marks
[372.321s][info][gc,marking     ] GC(134) Concurrent Clear Claimed Marks 0.030ms
[372.321s][info][gc,marking     ] GC(134) Concurrent Cleanup for Next Mark
[372.326s][info][gc,marking     ] GC(134) Concurrent Cleanup for Next Mark 5.112ms
[372.326s][info][gc             ] GC(134) Concurrent Mark Cycle 1612.459ms
.[372.854s][info][gc,start       ] GC(135) Pause Young (Prepare Mixed) (G1 Evacuation Pause)
[372.854s][info][gc,task        ] GC(135) Using 6 workers of 6 for evacuation
[372.981s][info][gc,phases      ] GC(135)   Pre Evacuate Collection Set: 0.32ms
[372.981s][info][gc,phases      ] GC(135)   Merge Heap Roots: 0.55ms
[372.981s][info][gc,phases      ] GC(135)   Evacuate Collection Set: 124.85ms
[372.981s][info][gc,phases      ] GC(135)   Post Evacuate Collection Set: 1.00ms
[372.981s][info][gc,phases      ] GC(135)   Other: 0.10ms
[372.981s][info][gc,heap        ] GC(135) Eden regions: 1113->0(1097)
[372.981s][info][gc,heap        ] GC(135) Survivor regions: 115->118(154)
[372.981s][info][gc,heap        ] GC(135) Old regions: 504->535
[372.981s][info][gc,heap        ] GC(135) Humongous regions: 77->77
[372.981s][info][gc,metaspace   ] GC(135) Metaspace: 28800K(29120K)->28800K(29120K) NonClass: 23916K(24064K)->23916K(24064K) Class: 4883K(5056K)->4883K(5056K)
[372.981s][info][gc             ] GC(135) Pause Young (Prepare Mixed) (G1 Evacuation Pause) 3615M->1459M(4096M) 126.958ms
[372.981s][info][gc,cpu         ] GC(135) User=0.75s Sys=0.00s Real=0.13s
.[374.411s][info][gc,start       ] GC(136) Pause Young (Mixed) (G1 Evacuation Pause)
[374.411s][info][gc,task        ] GC(136) Using 6 workers of 6 for evacuation
[374.568s][info][gc,phases      ] GC(136)   Pre Evacuate Collection Set: 0.36ms
[374.568s][info][gc,phases      ] GC(136)   Merge Heap Roots: 0.96ms
[374.568s][info][gc,phases      ] GC(136)   Evacuate Collection Set: 153.46ms
[374.568s][info][gc,phases      ] GC(136)   Post Evacuate Collection Set: 1.04ms
[374.568s][info][gc,phases      ] GC(136)   Other: 0.86ms
[374.568s][info][gc,heap        ] GC(136) Eden regions: 1097->0(1105)
[374.568s][info][gc,heap        ] GC(136) Survivor regions: 118->123(152)
[374.568s][info][gc,heap        ] GC(136) Old regions: 535->474
[374.568s][info][gc,heap        ] GC(136) Humongous regions: 77->77
[374.568s][info][gc,metaspace   ] GC(136) Metaspace: 28806K(29120K)->28806K(29120K) NonClass: 23922K(24064K)->23922K(24064K) Class: 4883K(5056K)->4883K(5056K)
[374.568s][info][gc             ] GC(136) Pause Young (Mixed) (G1 Evacuation Pause) 3653M->1346M(4096M) 156.820ms
[374.568s][info][gc,cpu         ] GC(136) User=0.93s Sys=0.00s Real=0.16s
..[376.064s][info][gc,start       ] GC(137) Pause Young (Concurrent Start) (G1 Evacuation Pause)
[376.064s][info][gc,task        ] GC(137) Using 6 workers of 6 for evacuation
[376.188s][info][gc,phases      ] GC(137)   Pre Evacuate Collection Set: 0.39ms
[376.188s][info][gc,phases      ] GC(137)   Merge Heap Roots: 0.50ms
[376.188s][info][gc,phases      ] GC(137)   Evacuate Collection Set: 122.62ms
[376.188s][info][gc,phases      ] GC(137)   Post Evacuate Collection Set: 0.91ms
[376.188s][info][gc,phases      ] GC(137)   Other: 0.11ms
[376.188s][info][gc,heap        ] GC(137) Eden regions: 1105->0(1110)
[376.188s][info][gc,heap        ] GC(137) Survivor regions: 123->118(154)
[376.188s][info][gc,heap        ] GC(137) Old regions: 474->505
[376.188s][info][gc,heap        ] GC(137) Humongous regions: 77->77
[376.188s][info][gc,metaspace   ] GC(137) Metaspace: 28806K(29120K)->28806K(29120K) NonClass: 23922K(24064K)->23922K(24064K) Class: 4883K(5056K)->4883K(5056K)
[376.188s][info][gc             ] GC(137) Pause Young (Concurrent Start) (G1 Evacuation Pause) 3556M->1398M(4096M) 124.658ms
[376.188s][info][gc             ] GC(138) Concurrent Mark Cycle
[376.188s][info][gc,marking     ] GC(138) Concurrent Scan Root Regions
[376.188s][info][gc,cpu         ] GC(137) User=0.74s Sys=0.00s Real=0.13s
[376.333s][info][gc,marking     ] GC(138) Concurrent Scan Root Regions 144.340ms
[376.333s][info][gc,marking     ] GC(138) Concurrent Mark
[376.333s][info][gc,marking     ] GC(138) Concurrent Mark From Roots
[376.333s][info][gc,task        ] GC(138) Using 2 workers of 2 for marking
.[377.127s][info][gc,marking     ] GC(138) Concurrent Mark From Roots 794.531ms
[377.127s][info][gc,marking     ] GC(138) Concurrent Preclean
[377.127s][info][gc,marking     ] GC(138) Concurrent Preclean 0.068ms
[377.128s][info][gc,start       ] GC(138) Pause Remark
[377.131s][info][gc             ] GC(138) Pause Remark 2346M->2346M(4096M) 3.012ms
[377.132s][info][gc,cpu         ] GC(138) User=0.01s Sys=0.00s Real=0.00s
[377.132s][info][gc,marking     ] GC(138) Concurrent Mark 799.288ms
[377.132s][info][gc,marking     ] GC(138) Concurrent Rebuild Remembered Sets and Scrub Regions
[377.394s][info][gc,marking     ] GC(138) Concurrent Rebuild Remembered Sets and Scrub Regions 261.772ms
[377.395s][info][gc,start       ] GC(138) Pause Cleanup
[377.395s][info][gc             ] GC(138) Pause Cleanup 2570M->2570M(4096M) 0.165ms
[377.395s][info][gc,cpu         ] GC(138) User=0.00s Sys=0.00s Real=0.00s
[377.396s][info][gc,marking     ] GC(138) Concurrent Clear Claimed Marks
[377.396s][info][gc,marking     ] GC(138) Concurrent Clear Claimed Marks 0.030ms
[377.396s][info][gc,marking     ] GC(138) Concurrent Cleanup for Next Mark
[377.404s][info][gc,marking     ] GC(138) Concurrent Cleanup for Next Mark 8.408ms
[377.404s][info][gc             ] GC(138) Concurrent Mark Cycle 1215.661ms
[378.196s][info][gc,start       ] GC(139) Pause Young (Prepare Mixed) (G1 Evacuation Pause)
[378.196s][info][gc,task        ] GC(139) Using 6 workers of 6 for evacuation
[378.323s][info][gc,phases      ] GC(139)   Pre Evacuate Collection Set: 0.37ms
[378.323s][info][gc,phases      ] GC(139)   Merge Heap Roots: 0.61ms
[378.323s][info][gc,phases      ] GC(139)   Evacuate Collection Set: 124.74ms
[378.323s][info][gc,phases      ] GC(139)   Post Evacuate Collection Set: 1.01ms
[378.323s][info][gc,phases      ] GC(139)   Other: 0.09ms
[378.323s][info][gc,heap        ] GC(139) Eden regions: 1110->0(1095)
[378.323s][info][gc,heap        ] GC(139) Survivor regions: 118->118(154)
[378.323s][info][gc,heap        ] GC(139) Old regions: 505->537
[378.323s][info][gc,heap        ] GC(139) Humongous regions: 77->77
[378.323s][info][gc,metaspace   ] GC(139) Metaspace: 28806K(29120K)->28806K(29120K) NonClass: 23922K(24064K)->23922K(24064K) Class: 4883K(5056K)->4883K(5056K)
[378.323s][info][gc             ] GC(139) Pause Young (Prepare Mixed) (G1 Evacuation Pause) 3618M->1463M(4096M) 126.976ms
[378.323s][info][gc,cpu         ] GC(139) User=0.76s Sys=0.00s Real=0.13s
.[379.652s][info][gc,start       ] GC(140) Pause Young (Mixed) (G1 Evacuation Pause)
[379.652s][info][gc,task        ] GC(140) Using 6 workers of 6 for evacuation
[379.846s][info][gc,phases      ] GC(140)   Pre Evacuate Collection Set: 0.41ms
[379.846s][info][gc,phases      ] GC(140)   Merge Heap Roots: 0.83ms
[379.846s][info][gc,phases      ] GC(140)   Evacuate Collection Set: 191.28ms
[379.846s][info][gc,phases      ] GC(140)   Post Evacuate Collection Set: 0.97ms
[379.846s][info][gc,phases      ] GC(140)   Other: 0.87ms
[379.846s][info][gc,heap        ] GC(140) Eden regions: 1095->0(1108)
[379.846s][info][gc,heap        ] GC(140) Survivor regions: 118->120(152)
[379.846s][info][gc,heap        ] GC(140) Old regions: 537->469
[379.846s][info][gc,heap        ] GC(140) Humongous regions: 77->77
[379.846s][info][gc,metaspace   ] GC(140) Metaspace: 28806K(29120K)->28806K(29120K) NonClass: 23922K(24064K)->23922K(24064K) Class: 4883K(5056K)->4883K(5056K)
[379.846s][info][gc             ] GC(140) Pause Young (Mixed) (G1 Evacuation Pause) 3653M->1329M(4096M) 194.504ms
[379.847s][info][gc,cpu         ] GC(140) User=0.88s Sys=0.00s Real=0.19s
..[381.418s][info][gc,start       ] GC(141) Pause Young (Concurrent Start) (G1 Evacuation Pause)
[381.418s][info][gc,task        ] GC(141) Using 6 workers of 6 for evacuation
[381.537s][info][gc,phases      ] GC(141)   Pre Evacuate Collection Set: 0.40ms
[381.537s][info][gc,phases      ] GC(141)   Merge Heap Roots: 0.49ms
[381.537s][info][gc,phases      ] GC(141)   Evacuate Collection Set: 117.36ms
[381.537s][info][gc,phases      ] GC(141)   Post Evacuate Collection Set: 0.90ms
[381.537s][info][gc,phases      ] GC(141)   Other: 0.13ms
[381.537s][info][gc,heap        ] GC(141) Eden regions: 1108->0(1116)
[381.537s][info][gc,heap        ] GC(141) Survivor regions: 120->112(154)
[381.537s][info][gc,heap        ] GC(141) Old regions: 469->502
[381.537s][info][gc,heap        ] GC(141) Humongous regions: 77->77
[381.537s][info][gc,metaspace   ] GC(141) Metaspace: 28806K(29120K)->28806K(29120K) NonClass: 23922K(24064K)->23922K(24064K) Class: 4883K(5056K)->4883K(5056K)
[381.537s][info][gc             ] GC(141) Pause Young (Concurrent Start) (G1 Evacuation Pause) 3545M->1380M(4096M) 119.402ms
[381.537s][info][gc             ] GC(142) Concurrent Mark Cycle
[381.537s][info][gc,marking     ] GC(142) Concurrent Scan Root Regions
[381.537s][info][gc,cpu         ] GC(141) User=0.71s Sys=0.00s Real=0.12s
[381.764s][info][gc,marking     ] GC(142) Concurrent Scan Root Regions 226.206ms
[381.764s][info][gc,marking     ] GC(142) Concurrent Mark
[381.764s][info][gc,marking     ] GC(142) Concurrent Mark From Roots
[381.764s][info][gc,task        ] GC(142) Using 2 workers of 2 for marking
.[383.225s][info][gc,marking     ] GC(142) Concurrent Mark From Roots 1461.087ms
[383.225s][info][gc,marking     ] GC(142) Concurrent Preclean
[383.225s][info][gc,marking     ] GC(142) Concurrent Preclean 0.074ms
[383.226s][info][gc,start       ] GC(142) Pause Remark
[383.236s][info][gc             ] GC(142) Pause Remark 3320M->3320M(4096M) 10.246ms
[383.236s][info][gc,cpu         ] GC(142) User=0.06s Sys=0.00s Real=0.01s
[383.237s][info][gc,marking     ] GC(142) Concurrent Mark 1473.612ms
[383.237s][info][gc,marking     ] GC(142) Concurrent Rebuild Remembered Sets and Scrub Regions
[383.468s][info][gc,start       ] GC(143) Pause Young (Normal) (G1 Evacuation Pause)
[383.468s][info][gc,task        ] GC(143) Using 6 workers of 6 for evacuation
[383.601s][info][gc,phases      ] GC(143)   Pre Evacuate Collection Set: 0.30ms
[383.601s][info][gc,phases      ] GC(143)   Merge Heap Roots: 0.54ms
[383.601s][info][gc,phases      ] GC(143)   Evacuate Collection Set: 131.12ms
[383.601s][info][gc,phases      ] GC(143)   Post Evacuate Collection Set: 0.90ms
[383.601s][info][gc,phases      ] GC(143)   Other: 0.09ms
[383.601s][info][gc,heap        ] GC(143) Eden regions: 1116->0(1084)
[383.601s][info][gc,heap        ] GC(143) Survivor regions: 112->124(154)
[383.601s][info][gc,heap        ] GC(143) Old regions: 502->536
[383.601s][info][gc,heap        ] GC(143) Humongous regions: 77->77
[383.601s][info][gc,metaspace   ] GC(143) Metaspace: 28806K(29120K)->28806K(29120K) NonClass: 23923K(24064K)->23923K(24064K) Class: 4883K(5056K)->4883K(5056K)
[383.601s][info][gc             ] GC(143) Pause Young (Normal) (G1 Evacuation Pause) 3612M->1472M(4096M) 133.098ms
[383.601s][info][gc,cpu         ] GC(143) User=0.79s Sys=0.00s Real=0.13s
[383.770s][info][gc,marking     ] GC(142) Concurrent Rebuild Remembered Sets and Scrub Regions 532.392ms
[383.770s][info][gc,start       ] GC(142) Pause Cleanup
[383.770s][info][gc             ] GC(142) Pause Cleanup 1655M->1655M(4096M) 0.140ms
[383.770s][info][gc,cpu         ] GC(142) User=0.00s Sys=0.00s Real=0.00s
[383.770s][info][gc,marking     ] GC(142) Concurrent Clear Claimed Marks
[383.770s][info][gc,marking     ] GC(142) Concurrent Clear Claimed Marks 0.034ms
[383.770s][info][gc,marking     ] GC(142) Concurrent Cleanup for Next Mark
[383.776s][info][gc,marking     ] GC(142) Concurrent Cleanup for Next Mark 5.990ms
[383.776s][info][gc             ] GC(142) Concurrent Mark Cycle 2238.832ms
.[385.063s][info][gc,start       ] GC(144) Pause Young (Prepare Mixed) (G1 Evacuation Pause)
[385.063s][info][gc,task        ] GC(144) Using 6 workers of 6 for evacuation
[385.185s][info][gc,phases      ] GC(144)   Pre Evacuate Collection Set: 0.35ms
[385.185s][info][gc,phases      ] GC(144)   Merge Heap Roots: 0.60ms
[385.185s][info][gc,phases      ] GC(144)   Evacuate Collection Set: 118.93ms
[385.185s][info][gc,phases      ] GC(144)   Post Evacuate Collection Set: 0.97ms
[385.185s][info][gc,phases      ] GC(144)   Other: 0.87ms
[385.185s][info][gc,heap        ] GC(144) Eden regions: 1084->0(1097)
[385.185s][info][gc,heap        ] GC(144) Survivor regions: 124->71(151)
[385.185s][info][gc,heap        ] GC(144) Old regions: 536->611
[385.185s][info][gc,heap        ] GC(144) Humongous regions: 77->77
[385.185s][info][gc,metaspace   ] GC(144) Metaspace: 28807K(29120K)->28807K(29120K) NonClass: 23924K(24064K)->23924K(24064K) Class: 4883K(5056K)->4883K(5056K)
[385.185s][info][gc             ] GC(144) Pause Young (Prepare Mixed) (G1 Evacuation Pause) 3640M->1516M(4096M) 121.853ms
[385.185s][info][gc,cpu         ] GC(144) User=0.72s Sys=0.00s Real=0.12s
.[386.633s][info][gc,start       ] GC(145) Pause Young (Mixed) (G1 Evacuation Pause)
[386.633s][info][gc,task        ] GC(145) Using 6 workers of 6 for evacuation
[386.798s][info][gc,phases      ] GC(145)   Pre Evacuate Collection Set: 0.38ms
[386.798s][info][gc,phases      ] GC(145)   Merge Heap Roots: 0.68ms
[386.798s][info][gc,phases      ] GC(145)   Evacuate Collection Set: 162.24ms
[386.798s][info][gc,phases      ] GC(145)   Post Evacuate Collection Set: 1.07ms
[386.798s][info][gc,phases      ] GC(145)   Other: 0.09ms
[386.798s][info][gc,heap        ] GC(145) Eden regions: 1097->0(1112)
[386.798s][info][gc,heap        ] GC(145) Survivor regions: 71->116(146)
[386.798s][info][gc,heap        ] GC(145) Old regions: 611->515
[386.798s][info][gc,heap        ] GC(145) Humongous regions: 77->77
[386.798s][info][gc,metaspace   ] GC(145) Metaspace: 28807K(29120K)->28807K(29120K) NonClass: 23924K(24064K)->23924K(24064K) Class: 4883K(5056K)->4883K(5056K)
[386.798s][info][gc             ] GC(145) Pause Young (Mixed) (G1 Evacuation Pause) 3710M->1414M(4096M) 164.591ms
[386.798s][info][gc,cpu         ] GC(145) User=0.70s Sys=0.00s Real=0.17s
..[388.230s][info][gc,start       ] GC(146) Pause Young (Concurrent Start) (G1 Evacuation Pause)
[388.230s][info][gc,task        ] GC(146) Using 6 workers of 6 for evacuation
[388.366s][info][gc,phases      ] GC(146)   Pre Evacuate Collection Set: 0.39ms
[388.366s][info][gc,phases      ] GC(146)   Merge Heap Roots: 0.51ms
[388.366s][info][gc,phases      ] GC(146)   Evacuate Collection Set: 133.66ms
[388.366s][info][gc,phases      ] GC(146)   Post Evacuate Collection Set: 0.89ms
[388.366s][info][gc,phases      ] GC(146)   Other: 0.11ms
[388.366s][info][gc,heap        ] GC(146) Eden regions: 1112->0(1070)
[388.366s][info][gc,heap        ] GC(146) Survivor regions: 116->125(154)
[388.366s][info][gc,heap        ] GC(146) Old regions: 515->548
[388.366s][info][gc,heap        ] GC(146) Humongous regions: 77->77
[388.366s][info][gc,metaspace   ] GC(146) Metaspace: 28807K(29120K)->28807K(29120K) NonClass: 23924K(24064K)->23924K(24064K) Class: 4883K(5056K)->4883K(5056K)
[388.366s][info][gc             ] GC(146) Pause Young (Concurrent Start) (G1 Evacuation Pause) 3638M->1499M(4096M) 135.695ms
[388.366s][info][gc             ] GC(147) Concurrent Mark Cycle
[388.366s][info][gc,marking     ] GC(147) Concurrent Scan Root Regions
[388.366s][info][gc,cpu         ] GC(146) User=0.81s Sys=0.00s Real=0.13s
[388.562s][info][gc,marking     ] GC(147) Concurrent Scan Root Regions 196.217ms
[388.562s][info][gc,marking     ] GC(147) Concurrent Mark
[388.562s][info][gc,marking     ] GC(147) Concurrent Mark From Roots
[388.562s][info][gc,task        ] GC(147) Using 2 workers of 2 for marking
.[390.379s][info][gc,marking     ] GC(147) Concurrent Mark From Roots 1816.876ms
[390.379s][info][gc,marking     ] GC(147) Concurrent Preclean
[390.379s][info][gc,marking     ] GC(147) Concurrent Preclean 0.075ms
[390.380s][info][gc,start       ] GC(147) Pause Remark
[390.385s][info][gc             ] GC(147) Pause Remark 3637M->3637M(4096M) 5.089ms
[390.385s][info][gc,cpu         ] GC(147) User=0.03s Sys=0.00s Real=0.00s
[390.386s][info][gc,marking     ] GC(147) Concurrent Mark 1823.984ms
[390.386s][info][gc,marking     ] GC(147) Concurrent Rebuild Remembered Sets and Scrub Regions
[390.388s][info][gc,start       ] GC(148) Pause Young (Normal) (G1 Evacuation Pause)
[390.388s][info][gc,task        ] GC(148) Using 6 workers of 6 for evacuation
[390.518s][info][gc,phases      ] GC(148)   Pre Evacuate Collection Set: 0.30ms
[390.518s][info][gc,phases      ] GC(148)   Merge Heap Roots: 0.50ms
[390.518s][info][gc,phases      ] GC(148)   Evacuate Collection Set: 127.52ms
[390.518s][info][gc,phases      ] GC(148)   Post Evacuate Collection Set: 1.01ms
[390.518s][info][gc,phases      ] GC(148)   Other: 0.09ms
[390.518s][info][gc,heap        ] GC(148) Eden regions: 1070->0(1075)
[390.518s][info][gc,heap        ] GC(148) Survivor regions: 125->75(150)
[390.518s][info][gc,heap        ] GC(148) Old regions: 548->624
[390.518s][info][gc,heap        ] GC(148) Humongous regions: 77->77
[390.518s][info][gc,metaspace   ] GC(148) Metaspace: 28807K(29120K)->28807K(29120K) NonClass: 23924K(24064K)->23924K(24064K) Class: 4883K(5056K)->4883K(5056K)
[390.518s][info][gc             ] GC(148) Pause Young (Normal) (G1 Evacuation Pause) 3639M->1550M(4096M) 129.555ms
[390.518s][info][gc,cpu         ] GC(148) User=0.77s Sys=0.00s Real=0.13s
. (rIR:aIR:PR = 11548:11163:10578) (tPR = 154722) [PR is under limit] 
   390s: Re-initializing (term[391.132s][info][gc,marking     ] GC(147) Concurrent Rebuild Remembered Sets and Scrub Regions 745.432ms
[391.132s][info][gc,start       ] GC(147) Pause Cleanup
[391.132s][info][gc             ] GC(147) Pause Cleanup 2324M->2324M(4096M) 0.169ms
[391.133s][info][gc,cpu         ] GC(147) User=0.00s Sys=0.00s Real=0.00s
[391.133s][info][gc,marking     ] GC(147) Concurrent Clear Claimed Marks
[391.133s][info][gc,marking     ] GC(147) Concurrent Clear Claimed Marks 0.038ms
[391.133s][info][gc,marking     ] GC(147) Concurrent Cleanup for Next Mark
[391.139s][info][gc,marking     ] GC(147) Concurrent Cleanup for Next Mark 6.064ms
[391.139s][info][gc             ] GC(147) Concurrent Mark Cycle 2772.872ms
[392.041s][info][gc,start       ] GC(149) Pause Young (Prepare Mixed) (G1 Evacuation Pause)
[392.041s][info][gc,task        ] GC(149) Using 6 workers of 6 for evacuation
[392.144s][info][gc,phases      ] GC(149)   Pre Evacuate Collection Set: 0.28ms
[392.144s][info][gc,phases      ] GC(149)   Merge Heap Roots: 0.58ms
[392.144s][info][gc,phases      ] GC(149)   Evacuate Collection Set: 101.00ms
[392.144s][info][gc,phases      ] GC(149)   Post Evacuate Collection Set: 1.03ms
[392.144s][info][gc,phases      ] GC(149)   Other: 0.09ms
[392.144s][info][gc,heap        ] GC(149) Eden regions: 1075->0(1042)
[392.144s][info][gc,heap        ] GC(149) Survivor regions: 75->70(144)
[392.144s][info][gc,heap        ] GC(149) Old regions: 624->669
[392.144s][info][gc,heap        ] GC(149) Humongous regions: 77->77
[392.144s][info][gc,metaspace   ] GC(149) Metaspace: 28807K(29120K)->28807K(29120K) NonClass: 23924K(24064K)->23924K(24064K) Class: 4883K(5056K)->4883K(5056K)
[392.144s][info][gc             ] GC(149) Pause Young (Prepare Mixed) (G1 Evacuation Pause) 3700M->1630M(4096M) 103.127ms
[392.144s][info][gc,cpu         ] GC(149) User=0.61s Sys=0.00s Real=0.10s
) [392.227s][info][gc,start       ] GC(150) Pause Full (System.gc())
[392.227s][info][gc,task        ] GC(150) Using 6 workers of 6 for full compaction
[392.228s][info][gc,phases,start] GC(150) Phase 1: Mark live objects
[392.242s][info][gc,phases      ] GC(150) Phase 1: Mark live objects 14.288ms
[392.242s][info][gc,phases,start] GC(150) Phase 2: Prepare compaction
[392.244s][info][gc,phases      ] GC(150) Phase 2: Prepare compaction 1.882ms
[392.244s][info][gc,phases,start] GC(150) Phase 3: Adjust pointers
[392.250s][info][gc,phases      ] GC(150) Phase 3: Adjust pointers 6.325ms
[392.250s][info][gc,phases,start] GC(150) Phase 4: Compact heap
[392.252s][info][gc,phases      ] GC(150) Phase 4: Compact heap 1.856ms
[392.252s][info][gc,phases,start] GC(150) Phase 5: Reset Metadata
[392.256s][info][gc,phases      ] GC(150) Phase 5: Reset Metadata 4.405ms
[392.263s][info][gc,heap        ] GC(150) Eden regions: 64->0(1228)
[392.263s][info][gc,heap        ] GC(150) Survivor regions: 70->0(144)
[392.263s][info][gc,heap        ] GC(150) Old regions: 669->36
[392.263s][info][gc,heap        ] GC(150) Humongous regions: 77->66
[392.263s][info][gc,metaspace   ] GC(150) Metaspace: 28807K(29120K)->28807K(29120K) NonClass: 23924K(24064K)->23924K(24064K) Class: 4883K(5056K)->4883K(5056K)
[392.263s][info][gc             ] GC(150) Pause Full (System.gc()) 1757M->194M(4096M) 35.526ms
[392.263s][info][gc,cpu         ] GC(150) User=0.19s Sys=0.00s Real=0.04s
(init[392.498s][info][gc,start       ] GC(151) Pause Young (Concurrent Start) (G1 Humongous Allocation)
[392.498s][info][gc,task        ] GC(151) Using 6 workers of 6 for evacuation
[392.512s][info][gc,phases      ] GC(151)   Pre Evacuate Collection Set: 0.34ms
[392.512s][info][gc,phases      ] GC(151)   Merge Heap Roots: 0.03ms
[392.512s][info][gc,phases      ] GC(151)   Evacuate Collection Set: 13.18ms
[392.512s][info][gc,phases      ] GC(151)   Post Evacuate Collection Set: 0.28ms
[392.512s][info][gc,phases      ] GC(151)   Other: 0.06ms
[392.512s][info][gc,heap        ] GC(151) Eden regions: 46->0(1214)
[392.512s][info][gc,heap        ] GC(151) Survivor regions: 0->14(154)
[392.512s][info][gc,heap        ] GC(151) Old regions: 36->36
[392.512s][info][gc,heap        ] GC(151) Humongous regions: 66->66
[392.512s][info][gc,metaspace   ] GC(151) Metaspace: 28807K(29120K)->28807K(29120K) NonClass: 23924K(24064K)->23924K(24064K) Class: 4883K(5056K)->4883K(5056K)
[392.512s][info][gc             ] GC(151) Pause Young (Concurrent Start) (G1 Humongous Allocation) 286M->221M(4096M) 14.024ms
[392.512s][info][gc             ] GC(152) Concurrent Mark Cycle
[392.512s][info][gc,cpu         ] GC(151) User=0.08s Sys=0.00s Real=0.01s
[392.512s][info][gc,marking     ] GC(152) Concurrent Scan Root Regions
[392.523s][info][gc,marking     ] GC(152) Concurrent Scan Root Regions 11.499ms
[392.524s][info][gc,marking     ] GC(152) Concurrent Mark
[392.524s][info][gc,marking     ] GC(152) Concurrent Mark From Roots
[392.524s][info][gc,task        ] GC(152) Using 2 workers of 2 for marking
[392.584s][info][gc,marking     ] GC(152) Concurrent Mark From Roots 60.715ms
[392.584s][info][gc,marking     ] GC(152) Concurrent Preclean
[392.584s][info][gc,marking     ] GC(152) Concurrent Preclean 0.055ms
[392.584s][info][gc,start       ] GC(152) Pause Remark
[392.586s][info][gc             ] GC(152) Pause Remark 366M->366M(4096M) 1.679ms
[392.586s][info][gc,cpu         ] GC(152) User=0.01s Sys=0.00s Real=0.00s
[392.586s][info][gc,marking     ] GC(152) Concurrent Mark 62.616ms
[392.586s][info][gc,marking     ] GC(152) Concurrent Rebuild Remembered Sets and Scrub Regions
[392.612s][info][gc,marking     ] GC(152) Concurrent Rebuild Remembered Sets and Scrub Regions 26.034ms
[392.612s][info][gc,start       ] GC(152) Pause Cleanup
[392.612s][info][gc             ] GC(152) Pause Cleanup 427M->427M(4096M) 0.071ms
[392.612s][info][gc,cpu         ] GC(152) User=0.00s Sys=0.00s Real=0.00s
[392.612s][info][gc,marking     ] GC(152) Concurrent Clear Claimed Marks
[392.612s][info][gc,marking     ] GC(152) Concurrent Clear Claimed Marks 0.035ms
[392.612s][info][gc,marking     ] GC(152) Concurrent Cleanup for Next Mark
[392.617s][info][gc,marking     ] GC(152) Concurrent Cleanup for Next Mark 4.639ms
[392.617s][info][gc             ] GC(152) Concurrent Mark Cycle 105.165ms
) ... OK
   396s: high-bound for max-jOPS is measured to be 13837
   396s: 
   396s: Restarting (term) [396.546s][info][gc,start       ] GC(153) Pause Full (System.gc())
[396.546s][info][gc,task        ] GC(153) Using 6 workers of 6 for full compaction
[396.546s][info][gc,phases,start] GC(153) Phase 1: Mark live objects
[396.560s][info][gc,phases      ] GC(153) Phase 1: Mark live objects 14.070ms
[396.560s][info][gc,phases,start] GC(153) Phase 2: Prepare compaction
[396.562s][info][gc,phases      ] GC(153) Phase 2: Prepare compaction 2.026ms
[396.562s][info][gc,phases,start] GC(153) Phase 3: Adjust pointers
[396.569s][info][gc,phases      ] GC(153) Phase 3: Adjust pointers 6.723ms
[396.569s][info][gc,phases,start] GC(153) Phase 4: Compact heap
[396.571s][info][gc,phases      ] GC(153) Phase 4: Compact heap 1.911ms
[396.571s][info][gc,phases,start] GC(153) Phase 5: Reset Metadata
[396.576s][info][gc,phases      ] GC(153) Phase 5: Reset Metadata 4.530ms
[396.582s][info][gc,heap        ] GC(153) Eden regions: 914->0(1228)
[396.582s][info][gc,heap        ] GC(153) Survivor regions: 14->0(154)
[396.582s][info][gc,heap        ] GC(153) Old regions: 36->36
[396.582s][info][gc,heap        ] GC(153) Humongous regions: 163->66
[396.582s][info][gc,metaspace   ] GC(153) Metaspace: 28812K(29120K)->28812K(29120K) NonClass: 23928K(24064K)->23928K(24064K) Class: 4883K(5056K)->4883K(5056K)
[396.582s][info][gc             ] GC(153) Pause Full (System.gc()) 2242M->194M(4096M) 35.842ms
[396.582s][info][gc,cpu         ] GC(153) User=0.19s Sys=0.01s Real=0.04s
(init[396.817s][info][gc,start       ] GC(154) Pause Young (Concurrent Start) (G1 Humongous Allocation)
[396.817s][info][gc,task        ] GC(154) Using 6 workers of 6 for evacuation
[396.830s][info][gc,phases      ] GC(154)   Pre Evacuate Collection Set: 0.34ms
[396.830s][info][gc,phases      ] GC(154)   Merge Heap Roots: 0.03ms
[396.830s][info][gc,phases      ] GC(154)   Evacuate Collection Set: 13.09ms
[396.830s][info][gc,phases      ] GC(154)   Post Evacuate Collection Set: 0.25ms
[396.830s][info][gc,phases      ] GC(154)   Other: 0.07ms
[396.830s][info][gc,heap        ] GC(154) Eden regions: 49->0(1214)
[396.830s][info][gc,heap        ] GC(154) Survivor regions: 0->14(154)
[396.830s][info][gc,heap        ] GC(154) Old regions: 36->36
[396.830s][info][gc,heap        ] GC(154) Humongous regions: 66->66
[396.830s][info][gc,metaspace   ] GC(154) Metaspace: 28812K(29120K)->28812K(29120K) NonClass: 23928K(24064K)->23928K(24064K) Class: 4883K(5056K)->4883K(5056K)
[396.831s][info][gc             ] GC(154) Pause Young (Concurrent Start) (G1 Humongous Allocation) 290M->222M(4096M) 13.906ms
[396.831s][info][gc             ] GC(155) Concurrent Mark Cycle
[396.831s][info][gc,cpu         ] GC(154) User=0.08s Sys=0.00s Real=0.02s
[396.831s][info][gc,marking     ] GC(155) Concurrent Scan Root Regions
[396.839s][info][gc,marking     ] GC(155) Concurrent Scan Root Regions 8.217ms
[396.839s][info][gc,marking     ] GC(155) Concurrent Mark
[396.839s][info][gc,marking     ] GC(155) Concurrent Mark From Roots
[396.839s][info][gc,task        ] GC(155) Using 2 workers of 2 for marking
[396.885s][info][gc,marking     ] GC(155) Concurrent Mark From Roots 45.749ms
[396.885s][info][gc,marking     ] GC(155) Concurrent Preclean
[396.885s][info][gc,marking     ] GC(155) Concurrent Preclean 0.048ms
[396.885s][info][gc,start       ] GC(155) Pause Remark
[396.886s][info][gc             ] GC(155) Pause Remark 301M->301M(4096M) 1.659ms
[396.886s][info][gc,cpu         ] GC(155) User=0.00s Sys=0.00s Real=0.00s
[396.886s][info][gc,marking     ] GC(155) Concurrent Mark 47.643ms
[396.886s][info][gc,marking     ] GC(155) Concurrent Rebuild Remembered Sets and Scrub Regions
[396.907s][info][gc,marking     ] GC(155) Concurrent Rebuild Remembered Sets and Scrub Regions 20.639ms
[396.907s][info][gc,start       ] GC(155) Pause Cleanup
[396.907s][info][gc             ] GC(155) Pause Cleanup 341M->341M(4096M) 0.066ms
[396.907s][info][gc,cpu         ] GC(155) User=0.00s Sys=0.00s Real=0.00s
[396.907s][info][gc,marking     ] GC(155) Concurrent Clear Claimed Marks
[396.907s][info][gc,marking     ] GC(155) Concurrent Clear Claimed Marks 0.038ms
[396.907s][info][gc,marking     ] GC(155) Concurrent Cleanup for Next Mark
[396.912s][info][gc,marking     ] GC(155) Concurrent Cleanup for Next Mark 4.795ms
[396.912s][info][gc             ] GC(155) Concurrent Mark Cycle 81.706ms
) ... OK
   400s: 
   400s: Warmup for building throughput-responsetime curve
   400s: (10%)   IR =   1384 ..[403.873s][info][gc,start       ] GC(156) Pause Young (Prepare Mixed) (G1 Evacuation Pause)
[403.873s][info][gc,task        ] GC(156) Using 6 workers of 6 for evacuation
[404.357s][info][gc,mmu         ] GC(156) MMU target violated: 201.0ms (200.0ms/201.0ms)
[404.357s][info][gc,phases      ] GC(156)   Pre Evacuate Collection Set: 0.37ms
[404.357s][info][gc,phases      ] GC(156)   Merge Heap Roots: 0.68ms
[404.357s][info][gc,phases      ] GC(156)   Evacuate Collection Set: 481.79ms
[404.357s][info][gc,phases      ] GC(156)   Post Evacuate Collection Set: 1.25ms
[404.357s][info][gc,phases      ] GC(156)   Other: 0.12ms
[404.357s][info][gc,heap        ] GC(156) Eden regions: 1214->0(363)
[404.357s][info][gc,heap        ] GC(156) Survivor regions: 14->154(154)
[404.357s][info][gc,heap        ] GC(156) Old regions: 36->346
[404.357s][info][gc,heap        ] GC(156) Humongous regions: 163->155
[404.357s][info][gc,metaspace   ] GC(156) Metaspace: 28829K(29120K)->28829K(29120K) NonClass: 23945K(24064K)->23945K(24064K) Class: 4883K(5056K)->4883K(5056K)
[404.357s][info][gc             ] GC(156) Pause Young (Prepare Mixed) (G1 Evacuation Pause) 2844M->1299M(4096M) 484.307ms
[404.357s][info][gc,cpu         ] GC(156) User=2.89s Sys=0.00s Real=0.48s
...[406.968s][info][gc,start       ] GC(157) Pause Young (Mixed) (G1 Evacuation Pause)
[406.968s][info][gc,task        ] GC(157) Using 6 workers of 6 for evacuation
[407.149s][info][gc,phases      ] GC(157)   Pre Evacuate Collection Set: 0.35ms
[407.149s][info][gc,phases      ] GC(157)   Merge Heap Roots: 0.57ms
[407.149s][info][gc,phases      ] GC(157)   Evacuate Collection Set: 178.68ms
[407.149s][info][gc,phases      ] GC(157)   Post Evacuate Collection Set: 0.51ms
[407.149s][info][gc,phases      ] GC(157)   Other: 0.07ms
[407.149s][info][gc,heap        ] GC(157) Eden regions: 347->0(622)
[407.149s][info][gc,heap        ] GC(157) Survivor regions: 154->20(63)
[407.149s][info][gc,heap        ] GC(157) Old regions: 346->497
[407.149s][info][gc,heap        ] GC(157) Humongous regions: 155->155
[407.149s][info][gc,metaspace   ] GC(157) Metaspace: 28830K(29120K)->28830K(29120K) NonClass: 23946K(24064K)->23946K(24064K) Class: 4883K(5056K)->4883K(5056K)
[407.149s][info][gc             ] GC(157) Pause Young (Mixed) (G1 Evacuation Pause) 1993M->1334M(4096M) 180.310ms
[407.149s][info][gc,cpu         ] GC(157) User=1.07s Sys=0.00s Real=0.18s
......[412.632s][info][gc,start       ] GC(158) Pause Young (Concurrent Start) (G1 Evacuation Pause)
[412.632s][info][gc,task        ] GC(158) Using 6 workers of 6 for evacuation
[412.686s][info][gc,phases      ] GC(158)   Pre Evacuate Collection Set: 0.41ms
[412.686s][info][gc,phases      ] GC(158)   Merge Heap Roots: 0.45ms
[412.686s][info][gc,phases      ] GC(158)   Evacuate Collection Set: 52.96ms
[412.686s][info][gc,phases      ] GC(158)   Post Evacuate Collection Set: 0.59ms
[412.687s][info][gc,phases      ] GC(158)   Other: 0.12ms
[412.687s][info][gc,heap        ] GC(158) Eden regions: 671->0(651)
[412.687s][info][gc,heap        ] GC(158) Survivor regions: 20->54(87)
[412.687s][info][gc,heap        ] GC(158) Old regions: 497->497
[412.687s][info][gc,heap        ] GC(158) Humongous regions: 155->155
[412.687s][info][gc,metaspace   ] GC(158) Metaspace: 28830K(29120K)->28830K(29120K) NonClass: 23946K(24064K)->23946K(24064K) Class: 4883K(5056K)->4883K(5056K)
[412.687s][info][gc             ] GC(158) Pause Young (Concurrent Start) (G1 Evacuation Pause) 2676M->1402M(4096M) 54.655ms
[412.687s][info][gc             ] GC(159) Concurrent Mark Cycle
[412.687s][info][gc,cpu         ] GC(158) User=0.32s Sys=0.00s Real=0.05s
[412.687s][info][gc,marking     ] GC(159) Concurrent Scan Root Regions
[412.747s][info][gc,marking     ] GC(159) Concurrent Scan Root Regions 59.989ms
[412.747s][info][gc,marking     ] GC(159) Concurrent Mark
[412.747s][info][gc,marking     ] GC(159) Concurrent Mark From Roots
[412.747s][info][gc,task        ] GC(159) Using 2 workers of 2 for marking
[413.313s][info][gc,marking     ] GC(159) Concurrent Mark From Roots 565.945ms
[413.313s][info][gc,marking     ] GC(159) Concurrent Preclean
[413.313s][info][gc,marking     ] GC(159) Concurrent Preclean 0.038ms
[413.313s][info][gc,start       ] GC(159) Pause Remark
[413.316s][info][gc             ] GC(159) Pause Remark 1571M->1373M(4096M) 3.726ms
[413.317s][info][gc,cpu         ] GC(159) User=0.02s Sys=0.00s Real=0.00s
[413.317s][info][gc,marking     ] GC(159) Concurrent Mark 569.949ms
[413.317s][info][gc,marking     ] GC(159) Concurrent Rebuild Remembered Sets and Scrub Regions
.[413.518s][info][gc,marking     ] GC(159) Concurrent Rebuild Remembered Sets and Scrub Regions 201.499ms
[413.519s][info][gc,start       ] GC(159) Pause Cleanup
[413.519s][info][gc             ] GC(159) Pause Cleanup 1414M->1414M(4096M) 0.104ms
[413.519s][info][gc,cpu         ] GC(159) User=0.00s Sys=0.00s Real=0.00s
[413.519s][info][gc,marking     ] GC(159) Concurrent Clear Claimed Marks
[413.519s][info][gc,marking     ] GC(159) Concurrent Clear Claimed Marks 0.035ms
[413.519s][info][gc,marking     ] GC(159) Concurrent Cleanup for Next Mark
[413.523s][info][gc,marking     ] GC(159) Concurrent Cleanup for Next Mark 4.103ms
[413.523s][info][gc             ] GC(159) Concurrent Mark Cycle 836.734ms
....[418.256s][info][gc,start       ] GC(160) Pause Young (Prepare Mixed) (G1 Evacuation Pause)
[418.257s][info][gc,task        ] GC(160) Using 6 workers of 6 for evacuation
[418.330s][info][gc,phases      ] GC(160)   Pre Evacuate Collection Set: 0.31ms
[418.330s][info][gc,phases      ] GC(160)   Merge Heap Roots: 0.52ms
[418.330s][info][gc,phases      ] GC(160)   Evacuate Collection Set: 71.63ms
[418.330s][info][gc,phases      ] GC(160)   Post Evacuate Collection Set: 0.68ms
[418.330s][info][gc,phases      ] GC(160)   Other: 0.06ms
[418.330s][info][gc,heap        ] GC(160) Eden regions: 659->0(720)
[418.330s][info][gc,heap        ] GC(160) Survivor regions: 54->66(90)
[418.330s][info][gc,heap        ] GC(160) Old regions: 478->493
[418.330s][info][gc,heap        ] GC(160) Humongous regions: 75->75
[418.330s][info][gc,metaspace   ] GC(160) Metaspace: 28830K(29120K)->28830K(29120K) NonClass: 23946K(24064K)->23946K(24064K) Class: 4883K(5056K)->4883K(5056K)
[418.330s][info][gc             ] GC(160) Pause Young (Prepare Mixed) (G1 Evacuation Pause) 2522M->1258M(4096M) 73.333ms
[418.330s][info][gc,cpu         ] GC(160) User=0.43s Sys=0.00s Real=0.08s
.......[425.359s][info][gc,start       ] GC(161) Pause Young (Mixed) (G1 Evacuation Pause)
[425.360s][info][gc,task        ] GC(161) Using 6 workers of 6 for evacuation
[425.445s][info][gc,phases      ] GC(161)   Pre Evacuate Collection Set: 0.35ms
[425.445s][info][gc,phases      ] GC(161)   Merge Heap Roots: 0.45ms
[425.445s][info][gc,phases      ] GC(161)   Evacuate Collection Set: 83.59ms
[425.445s][info][gc,phases      ] GC(161)   Merge Optional Heap Roots: 0.03ms
[425.445s][info][gc,phases      ] GC(161)   Evacuate Optional Collection Set: 0.15ms
[425.445s][info][gc,phases      ] GC(161)   Post Evacuate Collection Set: 0.72ms
[425.445s][info][gc,phases      ] GC(161)   Other: 0.08ms
[425.445s][info][gc,heap        ] GC(161) Eden regions: 827->0(941)
[425.445s][info][gc,heap        ] GC(161) Survivor regions: 66->72(112)
[425.445s][info][gc,heap        ] GC(161) Old regions: 493->513
[425.445s][info][gc,heap        ] GC(161) Humongous regions: 75->75
[425.445s][info][gc,metaspace   ] GC(161) Metaspace: 28834K(29120K)->28834K(29120K) NonClass: 23951K(24064K)->23951K(24064K) Class: 4883K(5056K)->4883K(5056K)
[425.445s][info][gc             ] GC(161) Pause Young (Mixed) (G1 Evacuation Pause) 2912M->1319M(4096M) 85.517ms
[425.445s][info][gc,cpu         ] GC(161) User=0.51s Sys=0.00s Real=0.08s
.........[434.041s][info][gc,start       ] GC(162) Pause Young (Mixed) (G1 Evacuation Pause)
[434.041s][info][gc,task        ] GC(162) Using 6 workers of 6 for evacuation
[434.135s][info][gc,phases      ] GC(162)   Pre Evacuate Collection Set: 0.33ms
[434.135s][info][gc,phases      ] GC(162)   Merge Heap Roots: 0.41ms
[434.135s][info][gc,phases      ] GC(162)   Evacuate Collection Set: 93.13ms
[434.135s][info][gc,phases      ] GC(162)   Post Evacuate Collection Set: 0.80ms
[434.135s][info][gc,phases      ] GC(162)   Other: 0.09ms
[434.135s][info][gc,heap        ] GC(162) Eden regions: 999->0(1032)
[434.135s][info][gc,heap        ] GC(162) Survivor regions: 72->86(134)
[434.135s][info][gc,heap        ] GC(162) Old regions: 513->532
[434.135s][info][gc,heap        ] GC(162) Humongous regions: 77->77
[434.135s][info][gc,metaspace   ] GC(162) Metaspace: 28840K(29120K)->28840K(29120K) NonClass: 23956K(24064K)->23956K(24064K) Class: 4883K(5056K)->4883K(5056K)
[434.135s][info][gc             ] GC(162) Pause Young (Mixed) (G1 Evacuation Pause) 3321M->1388M(4096M) 94.889ms
[434.135s][info][gc,cpu         ] GC(162) User=0.56s Sys=0.00s Real=0.09s
.........[443.372s][info][gc,start       ] GC(163) Pause Young (Mixed) (G1 Evacuation Pause)
[443.372s][info][gc,task        ] GC(163) Using 6 workers of 6 for evacuation
[443.479s][info][gc,phases      ] GC(163)   Pre Evacuate Collection Set: 0.35ms
[443.479s][info][gc,phases      ] GC(163)   Merge Heap Roots: 0.40ms
[443.479s][info][gc,phases      ] GC(163)   Evacuate Collection Set: 104.76ms
[443.479s][info][gc,phases      ] GC(163)   Merge Optional Heap Roots: 0.02ms
[443.479s][info][gc,phases      ] GC(163)   Evacuate Optional Collection Set: 0.33ms
[443.479s][info][gc,phases      ] GC(163)   Post Evacuate Collection Set: 0.88ms
[443.479s][info][gc,phases      ] GC(163)   Other: 0.10ms
[443.479s][info][gc,heap        ] GC(163) Eden regions: 1060->0(1064)
[443.479s][info][gc,heap        ] GC(163) Survivor regions: 86->96(144)
[443.479s][info][gc,heap        ] GC(163) Old regions: 532->550
[443.479s][info][gc,heap        ] GC(163) Humongous regions: 77->77
[443.479s][info][gc,metaspace   ] GC(163) Metaspace: 28840K(29120K)->28840K(29120K) NonClass: 23956K(24064K)->23956K(24064K) Class: 4883K(5056K)->4883K(5056K)
[443.479s][info][gc             ] GC(163) Pause Young (Mixed) (G1 Evacuation Pause) 3508M->1443M(4096M) 106.982ms
[443.479s][info][gc,cpu         ] GC(163) User=0.63s Sys=0.00s Real=0.11s
...........[454.042s][info][gc,start       ] GC(164) Pause Young (Mixed) (G1 Evacuation Pause)
[454.042s][info][gc,task        ] GC(164) Using 6 workers of 6 for evacuation
[454.156s][info][gc,phases      ] GC(164)   Pre Evacuate Collection Set: 0.35ms
[454.156s][info][gc,phases      ] GC(164)   Merge Heap Roots: 0.45ms
[454.156s][info][gc,phases      ] GC(164)   Evacuate Collection Set: 111.79ms
[454.156s][info][gc,phases      ] GC(164)   Post Evacuate Collection Set: 0.93ms
[454.156s][info][gc,phases      ] GC(164)   Other: 0.08ms
[454.156s][info][gc,heap        ] GC(164) Eden regions: 1064->0(1064)
[454.156s][info][gc,heap        ] GC(164) Survivor regions: 96->101(145)
[454.156s][info][gc,heap        ] GC(164) Old regions: 550->570
[454.156s][info][gc,heap        ] GC(164) Humongous regions: 77->77
[454.156s][info][gc,metaspace   ] GC(164) Metaspace: 28840K(29120K)->28840K(29120K) NonClass: 23956K(24064K)->23956K(24064K) Class: 4883K(5056K)->4883K(5056K)
[454.156s][info][gc             ] GC(164) Pause Young (Mixed) (G1 Evacuation Pause) 3571M->1495M(4096M) 113.741ms
[454.156s][info][gc,cpu         ] GC(164) User=0.68s Sys=0.00s Real=0.11s
............[465.678s][info][gc,start       ] GC(165) Pause Young (Concurrent Start) (G1 Evacuation Pause)
[465.678s][info][gc,task        ] GC(165) Using 6 workers of 6 for evacuation
[465.794s][info][gc,phases      ] GC(165)   Pre Evacuate Collection Set: 0.39ms
[465.794s][info][gc,phases      ] GC(165)   Merge Heap Roots: 0.45ms
[465.794s][info][gc,phases      ] GC(165)   Evacuate Collection Set: 114.22ms
[465.794s][info][gc,phases      ] GC(165)   Post Evacuate Collection Set: 0.96ms
[465.794s][info][gc,phases      ] GC(165)   Other: 0.10ms
[465.794s][info][gc,heap        ] GC(165) Eden regions: 1064->0(1045)
[465.794s][info][gc,heap        ] GC(165) Survivor regions: 101->106(146)
[465.794s][info][gc,heap        ] GC(165) Old regions: 570->605
[465.794s][info][gc,heap        ] GC(165) Humongous regions: 77->77
[465.794s][info][gc,metaspace   ] GC(165) Metaspace: 28841K(29120K)->28841K(29120K) NonClass: 23957K(24064K)->23957K(24064K) Class: 4883K(5056K)->4883K(5056K)
[465.794s][info][gc             ] GC(165) Pause Young (Concurrent Start) (G1 Evacuation Pause) 3623M->1574M(4096M) 116.259ms
[465.794s][info][gc             ] GC(166) Concurrent Mark Cycle
[465.794s][info][gc,marking     ] GC(166) Concurrent Scan Root Regions
[465.794s][info][gc,cpu         ] GC(165) User=0.69s Sys=0.00s Real=0.11s
[465.920s][info][gc,marking     ] GC(166) Concurrent Scan Root Regions 125.843ms
[465.920s][info][gc,marking     ] GC(166) Concurrent Mark
[465.920s][info][gc,marking     ] GC(166) Concurrent Mark From Roots
[465.920s][info][gc,task        ] GC(166) Using 2 workers of 2 for marking
[466.400s][info][gc,marking     ] GC(166) Concurrent Mark From Roots 480.311ms
[466.400s][info][gc,marking     ] GC(166) Concurrent Preclean
[466.400s][info][gc,marking     ] GC(166) Concurrent Preclean 0.039ms
[466.400s][info][gc,start       ] GC(166) Pause Remark
[466.404s][info][gc             ] GC(166) Pause Remark 1722M->1722M(4096M) 3.336ms
[466.404s][info][gc,cpu         ] GC(166) User=0.02s Sys=0.00s Real=0.00s
[466.404s][info][gc,marking     ] GC(166) Concurrent Mark 483.944ms
[466.404s][info][gc,marking     ] GC(166) Concurrent Rebuild Remembered Sets and Scrub Regions
.[466.602s][info][gc,marking     ] GC(166) Concurrent Rebuild Remembered Sets and Scrub Regions 198.122ms
[466.602s][info][gc,start       ] GC(166) Pause Cleanup
[466.602s][info][gc             ] GC(166) Pause Cleanup 1755M->1755M(4096M) 0.201ms
[466.602s][info][gc,cpu         ] GC(166) User=0.00s Sys=0.00s Real=0.00s
[466.602s][info][gc,marking     ] GC(166) Concurrent Clear Claimed Marks
[466.602s][info][gc,marking     ] GC(166) Concurrent Clear Claimed Marks 0.029ms
[466.602s][info][gc,marking     ] GC(166) Concurrent Cleanup for Next Mark
[466.606s][info][gc,marking     ] GC(166) Concurrent Cleanup for Next Mark 3.201ms
[466.606s][info][gc             ] GC(166) Concurrent Mark Cycle 811.679ms
...........[477.821s][info][gc,start       ] GC(167) Pause Young (Prepare Mixed) (G1 Evacuation Pause)
[477.821s][info][gc,task        ] GC(167) Using 6 workers of 6 for evacuation
[477.938s][info][gc,phases      ] GC(167)   Pre Evacuate Collection Set: 0.34ms
[477.938s][info][gc,phases      ] GC(167)   Merge Heap Roots: 0.52ms
[477.938s][info][gc,phases      ] GC(167)   Evacuate Collection Set: 114.66ms
[477.938s][info][gc,phases      ] GC(167)   Post Evacuate Collection Set: 0.95ms
[477.938s][info][gc,phases      ] GC(167)   Other: 0.09ms
[477.938s][info][gc,heap        ] GC(167) Eden regions: 1045->0(1019)
[477.938s][info][gc,heap        ] GC(167) Survivor regions: 106->105(144)
[477.938s][info][gc,heap        ] GC(167) Old regions: 605->639
[477.938s][info][gc,heap        ] GC(167) Humongous regions: 77->77
[477.938s][info][gc,metaspace   ] GC(167) Metaspace: 28844K(29184K)->28844K(29184K) NonClass: 23960K(24128K)->23960K(24128K) Class: 4883K(5056K)->4883K(5056K)
[477.938s][info][gc             ] GC(167) Pause Young (Prepare Mixed) (G1 Evacuation Pause) 3664M->1640M(4096M) 116.689ms
[477.938s][info][gc,cpu         ] GC(167) User=0.69s Sys=0.00s Real=0.12s
............[489.743s][info][gc,start       ] GC(168) Pause Young (Mixed) (G1 Evacuation Pause)
[489.743s][info][gc,task        ] GC(168) Using 6 workers of 6 for evacuation
[489.875s][info][gc,phases      ] GC(168)   Pre Evacuate Collection Set: 0.41ms
[489.875s][info][gc,phases      ] GC(168)   Merge Heap Roots: 0.63ms
[489.875s][info][gc,phases      ] GC(168)   Evacuate Collection Set: 127.84ms
[489.875s][info][gc,phases      ] GC(168)   Merge Optional Heap Roots: 0.03ms
[489.875s][info][gc,phases      ] GC(168)   Evacuate Optional Collection Set: 1.38ms
[489.875s][info][gc,phases      ] GC(168)   Post Evacuate Collection Set: 1.14ms
[489.875s][info][gc,phases      ] GC(168)   Other: 0.11ms
[489.875s][info][gc,heap        ] GC(168) Eden regions: 1019->0(1124)
[489.875s][info][gc,heap        ] GC(168) Survivor regions: 105->104(141)
[489.875s][info][gc,heap        ] GC(168) Old regions: 639->487
[489.875s][info][gc,heap        ] GC(168) Humongous regions: 77->77
[489.875s][info][gc,metaspace   ] GC(168) Metaspace: 28848K(29184K)->28848K(29184K) NonClass: 23964K(24128K)->23964K(24128K) Class: 4883K(5056K)->4883K(5056K)
[489.875s][info][gc             ] GC(168) Pause Young (Mixed) (G1 Evacuation Pause) 3678M->1335M(4096M) 131.689ms
[489.875s][info][gc,cpu         ] GC(168) User=0.78s Sys=0.01s Real=0.13s
.............[502.996s][info][gc,start       ] GC(169) Pause Young (Mixed) (G1 Evacuation Pause)
[502.996s][info][gc,task        ] GC(169) Using 6 workers of 6 for evacuation
[503.132s][info][gc,phases      ] GC(169)   Pre Evacuate Collection Set: 0.41ms
[503.132s][info][gc,phases      ] GC(169)   Merge Heap Roots: 0.79ms
[503.132s][info][gc,phases      ] GC(169)   Evacuate Collection Set: 134.00ms
[503.132s][info][gc,phases      ] GC(169)   Post Evacuate Collection Set: 0.99ms
[503.132s][info][gc,phases      ] GC(169)   Other: 0.10ms
[503.132s][info][gc,heap        ] GC(169) Eden regions: 1124->0(1121)
[503.132s][info][gc,heap        ] GC(169) Survivor regions: 104->107(154)
[503.132s][info][gc,heap        ] GC(169) Old regions: 487->489
[503.132s][info][gc,heap        ] GC(169) Humongous regions: 77->77
[503.132s][info][gc,metaspace   ] GC(169) Metaspace: 28848K(29184K)->28848K(29184K) NonClass: 23964K(24128K)->23964K(24128K) Class: 4883K(5056K)->4883K(5056K)
[503.132s][info][gc             ] GC(169) Pause Young (Mixed) (G1 Evacuation Pause) 3583M->1344M(4096M) 136.445ms
[503.132s][info][gc,cpu         ] GC(169) User=0.81s Sys=0.00s Real=0.14s
.............[516.404s][info][gc,start       ] GC(170) Pause Young (Concurrent Start) (G1 Evacuation Pause)
[516.404s][info][gc,task        ] GC(170) Using 6 workers of 6 for evacuation
[516.522s][info][gc,phases      ] GC(170)   Pre Evacuate Collection Set: 0.44ms
[516.522s][info][gc,phases      ] GC(170)   Merge Heap Roots: 0.47ms
[516.522s][info][gc,phases      ] GC(170)   Evacuate Collection Set: 115.49ms
[516.522s][info][gc,phases      ] GC(170)   Post Evacuate Collection Set: 0.88ms
[516.522s][info][gc,phases      ] GC(170)   Other: 0.10ms
[516.522s][info][gc,heap        ] GC(170) Eden regions: 1121->0(1118)
[516.522s][info][gc,heap        ] GC(170) Survivor regions: 107->110(154)
[516.522s][info][gc,heap        ] GC(170) Old regions: 489->520
[516.522s][info][gc,heap        ] GC(170) Humongous regions: 77->77
[516.522s][info][gc,metaspace   ] GC(170) Metaspace: 28848K(29184K)->28848K(29184K) NonClass: 23964K(24128K)->23964K(24128K) Class: 4883K(5056K)->4883K(5056K)
[516.522s][info][gc             ] GC(170) Pause Young (Concurrent Start) (G1 Evacuation Pause) 3586M->1413M(4096M) 117.515ms
[516.522s][info][gc             ] GC(171) Concurrent Mark Cycle
[516.522s][info][gc,marking     ] GC(171) Concurrent Scan Root Regions
[516.522s][info][gc,cpu         ] GC(170) User=0.70s Sys=0.00s Real=0.12s
.[516.642s][info][gc,marking     ] GC(171) Concurrent Scan Root Regions 120.312ms
[516.642s][info][gc,marking     ] GC(171) Concurrent Mark
[516.642s][info][gc,marking     ] GC(171) Concurrent Mark From Roots
[516.642s][info][gc,task        ] GC(171) Using 2 workers of 2 for marking
[517.123s][info][gc,marking     ] GC(171) Concurrent Mark From Roots 480.671ms
[517.123s][info][gc,marking     ] GC(171) Concurrent Preclean
[517.123s][info][gc,marking     ] GC(171) Concurrent Preclean 0.036ms
[517.123s][info][gc,start       ] GC(171) Pause Remark
[517.126s][info][gc             ] GC(171) Pause Remark 1544M->1544M(4096M) 2.733ms
[517.126s][info][gc,cpu         ] GC(171) User=0.02s Sys=0.00s Real=0.00s
[517.126s][info][gc,marking     ] GC(171) Concurrent Mark 483.697ms
[517.126s][info][gc,marking     ] GC(171) Concurrent Rebuild Remembered Sets and Scrub Regions
[517.319s][info][gc,marking     ] GC(171) Concurrent Rebuild Remembered Sets and Scrub Regions 193.026ms
[517.319s][info][gc,start       ] GC(171) Pause Cleanup
[517.319s][info][gc             ] GC(171) Pause Cleanup 1587M->1587M(4096M) 0.152ms
[517.319s][info][gc,cpu         ] GC(171) User=0.00s Sys=0.00s Real=0.00s
[517.319s][info][gc,marking     ] GC(171) Concurrent Clear Claimed Marks
[517.319s][info][gc,marking     ] GC(171) Concurrent Clear Claimed Marks 0.025ms
[517.319s][info][gc,marking     ] GC(171) Concurrent Cleanup for Next Mark
[517.323s][info][gc,marking     ] GC(171) Concurrent Cleanup for Next Mark 3.256ms
[517.323s][info][gc             ] GC(171) Concurrent Mark Cycle 800.844ms
.............[529.765s][info][gc,start       ] GC(172) Pause Young (Prepare Mixed) (G1 Evacuation Pause)
[529.765s][info][gc,task        ] GC(172) Using 6 workers of 6 for evacuation
[529.882s][info][gc,phases      ] GC(172)   Pre Evacuate Collection Set: 0.33ms
[529.882s][info][gc,phases      ] GC(172)   Merge Heap Roots: 0.51ms
[529.883s][info][gc,phases      ] GC(172)   Evacuate Collection Set: 115.87ms
[529.883s][info][gc,phases      ] GC(172)   Post Evacuate Collection Set: 0.96ms
[529.883s][info][gc,phases      ] GC(172)   Other: 0.10ms
[529.883s][info][gc,heap        ] GC(172) Eden regions: 1118->0(1095)
[529.883s][info][gc,heap        ] GC(172) Survivor regions: 110->110(154)
[529.883s][info][gc,heap        ] GC(172) Old regions: 520->553
[529.883s][info][gc,heap        ] GC(172) Humongous regions: 77->77
[529.883s][info][gc,metaspace   ] GC(172) Metaspace: 28849K(29184K)->28849K(29184K) NonClass: 23965K(24128K)->23965K(24128K) Class: 4883K(5056K)->4883K(5056K)
[529.883s][info][gc             ] GC(172) Pause Young (Prepare Mixed) (G1 Evacuation Pause) 3649M->1477M(4096M) 117.920ms
[529.883s][info][gc,cpu         ] GC(172) User=0.71s Sys=0.00s Real=0.12s
.............[542.793s][info][gc,start       ] GC(173) Pause Young (Mixed) (G1 Evacuation Pause)
[542.793s][info][gc,task        ] GC(173) Using 6 workers of 6 for evacuation
[542.929s][info][gc,phases      ] GC(173)   Pre Evacuate Collection Set: 0.45ms
[542.929s][info][gc,phases      ] GC(173)   Merge Heap Roots: 0.68ms
[542.929s][info][gc,phases      ] GC(173)   Evacuate Collection Set: 134.08ms
[542.929s][info][gc,phases      ] GC(173)   Post Evacuate Collection Set: 0.98ms
[542.929s][info][gc,phases      ] GC(173)   Other: 0.10ms
[542.929s][info][gc,heap        ] GC(173) Eden regions: 1095->0(1120)
[542.929s][info][gc,heap        ] GC(173) Survivor regions: 110->108(151)
[542.929s][info][gc,heap        ] GC(173) Old regions: 553->461
[542.929s][info][gc,heap        ] GC(173) Humongous regions: 77->77
[542.929s][info][gc,metaspace   ] GC(173) Metaspace: 28850K(29184K)->28850K(29184K) NonClass: 23966K(24128K)->23966K(24128K) Class: 4883K(5056K)->4883K(5056K)
[542.929s][info][gc             ] GC(173) Pause Young (Mixed) (G1 Evacuation Pause) 3667M->1290M(4096M) 136.439ms
[542.929s][info][gc,cpu         ] GC(173) User=0.82s Sys=0.00s Real=0.14s
.............[556.301s][info][gc,start       ] GC(174) Pause Young (Concurrent Start) (G1 Evacuation Pause)
[556.301s][info][gc,task        ] GC(174) Using 6 workers of 6 for evacuation
[556.418s][info][gc,phases      ] GC(174)   Pre Evacuate Collection Set: 0.41ms
[556.418s][info][gc,phases      ] GC(174)   Merge Heap Roots: 0.48ms
[556.418s][info][gc,phases      ] GC(174)   Evacuate Collection Set: 114.36ms
[556.418s][info][gc,phases      ] GC(174)   Post Evacuate Collection Set: 0.93ms
[556.418s][info][gc,phases      ] GC(174)   Other: 0.12ms
[556.418s][info][gc,heap        ] GC(174) Eden regions: 1120->0(1120)
[556.418s][info][gc,heap        ] GC(174) Survivor regions: 108->108(154)
[556.418s][info][gc,heap        ] GC(174) Old regions: 461->495
[556.418s][info][gc,heap        ] GC(174) Humongous regions: 77->77
[556.418s][info][gc,metaspace   ] GC(174) Metaspace: 28852K(29184K)->28852K(29184K) NonClass: 23968K(24128K)->23968K(24128K) Class: 4883K(5056K)->4883K(5056K)
[556.418s][info][gc             ] GC(174) Pause Young (Concurrent Start) (G1 Evacuation Pause) 3530M->1357M(4096M) 116.431ms
[556.418s][info][gc             ] GC(175) Concurrent Mark Cycle
[556.418s][info][gc,marking     ] GC(175) Concurrent Scan Root Regions
[556.418s][info][gc,cpu         ] GC(174) User=0.69s Sys=0.00s Real=0.12s
[556.531s][info][gc,marking     ] GC(175) Concurrent Scan Root Regions 112.957ms
[556.531s][info][gc,marking     ] GC(175) Concurrent Mark
[556.531s][info][gc,marking     ] GC(175) Concurrent Mark From Roots
[556.531s][info][gc,task        ] GC(175) Using 2 workers of 2 for marking
.[557.021s][info][gc,marking     ] GC(175) Concurrent Mark From Roots 490.856ms
[557.022s][info][gc,marking     ] GC(175) Concurrent Preclean
[557.022s][info][gc,marking     ] GC(175) Concurrent Preclean 0.040ms
[557.022s][info][gc,start       ] GC(175) Pause Remark
[557.025s][info][gc             ] GC(175) Pause Remark 1479M->1479M(4096M) 2.571ms
[557.025s][info][gc,cpu         ] GC(175) User=0.01s Sys=0.00s Real=0.00s
[557.025s][info][gc,marking     ] GC(175) Concurrent Mark 494.162ms
[557.025s][info][gc,marking     ] GC(175) Concurrent Rebuild Remembered Sets and Scrub Regions
[557.215s][info][gc,marking     ] GC(175) Concurrent Rebuild Remembered Sets and Scrub Regions 190.679ms
[557.216s][info][gc,start       ] GC(175) Pause Cleanup
[557.216s][info][gc             ] GC(175) Pause Cleanup 1523M->1523M(4096M) 0.124ms
[557.216s][info][gc,cpu         ] GC(175) User=0.00s Sys=0.00s Real=0.00s
[557.216s][info][gc,marking     ] GC(175) Concurrent Clear Claimed Marks
[557.216s][info][gc,marking     ] GC(175) Concurrent Clear Claimed Marks 0.029ms
[557.216s][info][gc,marking     ] GC(175) Concurrent Cleanup for Next Mark
[557.219s][info][gc,marking     ] GC(175) Concurrent Cleanup for Next Mark 3.130ms
[557.219s][info][gc             ] GC(175) Concurrent Mark Cycle 801.383ms
.............[569.741s][info][gc,start       ] GC(176) Pause Young (Prepare Mixed) (G1 Evacuation Pause)
[569.741s][info][gc,task        ] GC(176) Using 6 workers of 6 for evacuation
[569.865s][info][gc,phases      ] GC(176)   Pre Evacuate Collection Set: 0.34ms
[569.865s][info][gc,phases      ] GC(176)   Merge Heap Roots: 0.56ms
[569.865s][info][gc,phases      ] GC(176)   Evacuate Collection Set: 122.03ms
[569.865s][info][gc,phases      ] GC(176)   Post Evacuate Collection Set: 1.04ms
[569.865s][info][gc,phases      ] GC(176)   Other: 0.09ms
[569.865s][info][gc,heap        ] GC(176) Eden regions: 1120->0(1115)
[569.865s][info][gc,heap        ] GC(176) Survivor regions: 108->113(154)
[569.865s][info][gc,heap        ] GC(176) Old regions: 495->526
[569.865s][info][gc,heap        ] GC(176) Humongous regions: 77->77
[569.865s][info][gc,metaspace   ] GC(176) Metaspace: 28852K(29184K)->28852K(29184K) NonClass: 23968K(24128K)->23968K(24128K) Class: 4883K(5056K)->4883K(5056K)
[569.865s][info][gc             ] GC(176) Pause Young (Prepare Mixed) (G1 Evacuation Pause) 3597M->1429M(4096M) 124.197ms
[569.865s][info][gc,cpu         ] GC(176) User=0.73s Sys=0.00s Real=0.12s
............ (rIR:aIR:PR = 1384:1384:1384) (tPR = 21218) [OK] 
   581s: 
   581s: Building throughput-responsetime curve
   581s: ( 0%)   IR =      0 ...|............................................................ (rIR:aIR:PR = 0:0:0) (tPR = 0) [OK] 
   644s: Performance info:
         Transaction,    Success,    Partial,     Failed,   Receipts, AvgBarcode, 
         Response times:
             Request,    Success,    Partial,     Failed,   SkipFail,     Probes,    Samples,      min,      p50,      p90,      p95,      p99,      max, 

   644s: ( 1%)   IR =    138 ....|...........[660.241s][info][gc,start       ] GC(177) Pause Young (Mixed) (G1 Evacuation Pause)
[660.241s][info][gc,task        ] GC(177) Using 6 workers of 6 for evacuation
[660.369s][info][gc,phases      ] GC(177)   Pre Evacuate Collection Set: 0.36ms
[660.369s][info][gc,phases      ] GC(177)   Merge Heap Roots: 0.62ms
[660.369s][info][gc,phases      ] GC(177)   Evacuate Collection Set: 126.59ms
[660.369s][info][gc,phases      ] GC(177)   Post Evacuate Collection Set: 1.00ms
[660.369s][info][gc,phases      ] GC(177)   Other: 0.10ms
[660.369s][info][gc,heap        ] GC(177) Eden regions: 1115->0(1120)
[660.369s][info][gc,heap        ] GC(177) Survivor regions: 113->108(154)
[660.369s][info][gc,heap        ] GC(177) Old regions: 526->462
[660.369s][info][gc,heap        ] GC(177) Humongous regions: 77->77
[660.369s][info][gc,metaspace   ] GC(177) Metaspace: 28854K(29184K)->28854K(29184K) NonClass: 23970K(24128K)->23970K(24128K) Class: 4883K(5056K)->4883K(5056K)
[660.369s][info][gc             ] GC(177) Pause Young (Mixed) (G1 Evacuation Pause) 3659M->1293M(4096M) 128.793ms
[660.369s][info][gc,cpu         ] GC(177) User=0.77s Sys=0.00s Real=0.13s
................................................. (rIR:aIR:PR = 138:138:138) (tPR = 2097) [OK] 
   708s: Performance info:
         Transaction,    Success,    Partial,     Failed,   Receipts, AvgBarcode, 
             Overall,       8284,          0,          0,       7867,      59.49, 
         Response times:
             Request,    Success,    Partial,     Failed,   SkipFail,     Probes,    Samples,      min,      p50,      p90,      p95,      p99,      max, 
       TotalPurchase,       7867,          0,          0,          0,       7320,       8342,      300,      400,      500,      600,      800,   130000,
     InStorePurchase,       4144,          0,          0,          0,       3922,       4409,      300,      400,      500,      600,      800,   130000,
      OnlinePurchase,       2896,          0,          0,          0,       2692,       3091,      300,      400,      600,      600,      800,   130000,
        InstPurchase,        827,          0,          0,          0,        706,        842,      300,      500,      600,      700,      857,     1600,
          AssocOfCat,          8,          0,          0,          0,          8,          8,    21000,    22000,    26000,    26000,    26000,    26000,
      AssocOfProduct,         83,          0,          0,          0,         80,         88,      400,      600,      700,      700,     1500,     1500,
      BusinessReport,         22,          0,          0,          0,         19,         22,    18900,    26000,    28700,    29000,    29000,    29000,
          CustBuyBeh,         82,          0,          0,          0,         80,         87,      200,      300,      400,      400,      600,      600,
       ProductReturn,        222,          0,          0,          0,        173,        254,      200,      300,      400,      500,      745,     1400,

   708s: ( 2%)   IR =    277 ....|.......................................[751.733s][info][gc,start       ] GC(178) Pause Young (Concurrent Start) (G1 Evacuation Pause)
[751.733s][info][gc,task        ] GC(178) Using 6 workers of 6 for evacuation
[751.849s][info][gc,phases      ] GC(178)   Pre Evacuate Collection Set: 0.37ms
[751.849s][info][gc,phases      ] GC(178)   Merge Heap Roots: 0.47ms
[751.849s][info][gc,phases      ] GC(178)   Evacuate Collection Set: 113.96ms
[751.849s][info][gc,phases      ] GC(178)   Post Evacuate Collection Set: 0.93ms
[751.849s][info][gc,phases      ] GC(178)   Other: 0.11ms
[751.849s][info][gc,heap        ] GC(178) Eden regions: 1120->0(1120)
[751.849s][info][gc,heap        ] GC(178) Survivor regions: 108->108(154)
[751.849s][info][gc,heap        ] GC(178) Old regions: 462->495
[751.849s][info][gc,heap        ] GC(178) Humongous regions: 77->77
[751.849s][info][gc,metaspace   ] GC(178) Metaspace: 28860K(29184K)->28860K(29184K) NonClass: 23976K(24128K)->23976K(24128K) Class: 4883K(5056K)->4883K(5056K)
[751.849s][info][gc             ] GC(178) Pause Young (Concurrent Start) (G1 Evacuation Pause) 3533M->1359M(4096M) 115.962ms
[751.849s][info][gc             ] GC(179) Concurrent Mark Cycle
[751.849s][info][gc,marking     ] GC(179) Concurrent Scan Root Regions
[751.849s][info][gc,cpu         ] GC(178) User=0.69s Sys=0.00s Real=0.12s
[751.955s][info][gc,marking     ] GC(179) Concurrent Scan Root Regions 106.483ms
[751.955s][info][gc,marking     ] GC(179) Concurrent Mark
[751.955s][info][gc,marking     ] GC(179) Concurrent Mark From Roots
[751.955s][info][gc,task        ] GC(179) Using 2 workers of 2 for marking
[752.445s][info][gc,marking     ] GC(179) Concurrent Mark From Roots 489.931ms
[752.445s][info][gc,marking     ] GC(179) Concurrent Preclean
[752.445s][info][gc,marking     ] GC(179) Concurrent Preclean 0.036ms
[752.446s][info][gc,start       ] GC(179) Pause Remark
[752.448s][info][gc             ] GC(179) Pause Remark 1399M->1399M(4096M) 1.958ms
[752.448s][info][gc,cpu         ] GC(179) User=0.01s Sys=0.00s Real=0.01s
[752.448s][info][gc,marking     ] GC(179) Concurrent Mark 492.164ms
[752.448s][info][gc,marking     ] GC(179) Concurrent Rebuild Remembered Sets and Scrub Regions
[752.639s][info][gc,marking     ] GC(179) Concurrent Rebuild Remembered Sets and Scrub Regions 191.124ms
[752.639s][info][gc,start       ] GC(179) Pause Cleanup
[752.639s][info][gc             ] GC(179) Pause Cleanup 1403M->1403M(4096M) 0.123ms
[752.639s][info][gc,cpu         ] GC(179) User=0.01s Sys=0.00s Real=0.00s
[752.639s][info][gc,marking     ] GC(179) Concurrent Clear Claimed Marks
[752.639s][info][gc,marking     ] GC(179) Concurrent Clear Claimed Marks 0.029ms
[752.639s][info][gc,marking     ] GC(179) Concurrent Cleanup for Next Mark
[752.642s][info][gc,marking     ] GC(179) Concurrent Cleanup for Next Mark 3.113ms
[752.642s][info][gc             ] GC(179) Concurrent Mark Cycle 793.354ms
..................... (rIR:aIR:PR = 277:277:277) (tPR = 4172) [OK] 
   772s: Performance info:
         Transaction,    Success,    Partial,     Failed,   Receipts, AvgBarcode, 
             Overall,      16615,          0,          0,      15787,      59.47, 
         Response times:
             Request,    Success,    Partial,     Failed,   SkipFail,     Probes,    Samples,      min,      p50,      p90,      p95,      p99,      max, 
       TotalPurchase,      15787,          0,          0,          0,      14987,      16770,      300,      500,      800,      800,     1000,     5900,
     InStorePurchase,       8303,          0,          0,          0,       7935,       8792,      300,      500,      800,      800,     1100,     5900,
      OnlinePurchase,       5818,          0,          0,          0,       5507,       6140,      300,      500,      800,      900,     1000,     5600,
        InstPurchase,       1666,          0,          0,          0,       1545,       1838,      400,      500,      800,      900,     1100,     4900,
          AssocOfCat,         16,          0,          0,          0,         16,         16,    21000,    23000,    68600,   147000,   147000,   147000,
      AssocOfProduct,        166,          0,          0,          0,        116,        165,      300,      700,      900,     1000,     1200,     1200,
      BusinessReport,         41,          0,          0,          0,         37,         44,    18100,    27000,    29500,    38500,    55000,    55000,
          CustBuyBeh,        166,          0,          0,          0,        109,        162,      200,      300,      500,      600,      774,      900,
       ProductReturn,        439,          0,          0,          0,        367,        469,      200,      300,      600,      700,      900,     1000,

   772s: ( 3%)   IR =    415 ....|..........................[803.609s][info][gc,start       ] GC(180) Pause Young (Prepare Mixed) (G1 Evacuation Pause)
[803.609s][info][gc,task        ] GC(180) Using 6 workers of 6 for evacuation
[803.726s][info][gc,phases      ] GC(180)   Pre Evacuate Collection Set: 0.37ms
[803.726s][info][gc,phases      ] GC(180)   Merge Heap Roots: 0.55ms
[803.726s][info][gc,phases      ] GC(180)   Evacuate Collection Set: 115.31ms
[803.726s][info][gc,phases      ] GC(180)   Post Evacuate Collection Set: 0.97ms
[803.726s][info][gc,phases      ] GC(180)   Other: 0.09ms
[803.726s][info][gc,heap        ] GC(180) Eden regions: 1120->0(1119)
[803.726s][info][gc,heap        ] GC(180) Survivor regions: 108->109(154)
[803.726s][info][gc,heap        ] GC(180) Old regions: 495->528
[803.726s][info][gc,heap        ] GC(180) Humongous regions: 77->77
[803.726s][info][gc,metaspace   ] GC(180) Metaspace: 28860K(29184K)->28860K(29184K) NonClass: 23976K(24128K)->23976K(24128K) Class: 4883K(5056K)->4883K(5056K)
[803.726s][info][gc             ] GC(180) Pause Young (Prepare Mixed) (G1 Evacuation Pause) 3599M->1427M(4096M) 117.427ms
[803.726s][info][gc,cpu         ] GC(180) User=0.69s Sys=0.00s Real=0.11s
.................................. (rIR:aIR:PR = 415:415:415) (tPR = 6216) [OK] 
   836s: Performance info:
         Transaction,    Success,    Partial,     Failed,   Receipts, AvgBarcode, 
             Overall,      24917,          0,          0,      23664,      59.49, 
         Response times:
             Request,    Success,    Partial,     Failed,   SkipFail,     Probes,    Samples,      min,      p50,      p90,      p95,      p99,      max, 
       TotalPurchase,      23664,          0,          0,          0,      22731,      25038,      300,      600,      900,     1000,     1200,     3400,
     InStorePurchase,      12467,          0,          0,          0,      12025,      13184,      300,      600,      900,     1000,     1200,     3400,
      OnlinePurchase,       8717,          0,          0,          0,       8436,       9229,      300,      600,      900,     1000,     1200,     3300,
        InstPurchase,       2480,          0,          0,          0,       2270,       2625,      300,      600,      900,     1000,     1200,     3300,
          AssocOfCat,         27,          0,          0,          0,         25,         26,    19000,    23000,    25300,    28600,    30000,    30000,
      AssocOfProduct,        252,          0,          0,          0,        190,        239,      300,      900,     1200,     1300,     1400,     1600,
      BusinessReport,         63,          0,          0,          0,         61,         66,    19400,    27000,    30000,    32950,   141000,   141000,
          CustBuyBeh,        250,          0,          0,          0,        202,        285,      200,      400,      700,      800,     1000,     1100,
       ProductReturn,        661,          0,          0,          0,        577,        724,      200,      600,      900,      975,     1100,     3300,

   836s: ( 4%)   IR =    553 ....|.....[845.844s][info][gc,start       ] GC(181) Pause Young (Mixed) (G1 Evacuation Pause)
[845.844s][info][gc,task        ] GC(181) Using 6 workers of 6 for evacuation
[845.976s][info][gc,phases      ] GC(181)   Pre Evacuate Collection Set: 0.38ms
[845.976s][info][gc,phases      ] GC(181)   Merge Heap Roots: 0.72ms
[845.976s][info][gc,phases      ] GC(181)   Evacuate Collection Set: 130.27ms
[845.976s][info][gc,phases      ] GC(181)   Post Evacuate Collection Set: 1.01ms
[845.976s][info][gc,phases      ] GC(181)   Other: 0.09ms
[845.976s][info][gc,heap        ] GC(181) Eden regions: 1119->0(1121)
[845.976s][info][gc,heap        ] GC(181) Survivor regions: 109->107(154)
[845.976s][info][gc,heap        ] GC(181) Old regions: 528->463
[845.976s][info][gc,heap        ] GC(181) Humongous regions: 77->77
[845.976s][info][gc,metaspace   ] GC(181) Metaspace: 28862K(29184K)->28862K(29184K) NonClass: 23978K(24128K)->23978K(24128K) Class: 4883K(5056K)->4883K(5056K)
[845.976s][info][gc             ] GC(181) Pause Young (Mixed) (G1 Evacuation Pause) 3665M->1293M(4096M) 132.604ms
[845.976s][info][gc,cpu         ] GC(181) User=0.79s Sys=0.00s Real=0.13s
..................................[880.183s][info][gc,start       ] GC(182) Pause Young (Concurrent Start) (G1 Evacuation Pause)
[880.184s][info][gc,task        ] GC(182) Using 6 workers of 6 for evacuation
[880.300s][info][gc,phases      ] GC(182)   Pre Evacuate Collection Set: 0.42ms
[880.300s][info][gc,phases      ] GC(182)   Merge Heap Roots: 0.51ms
[880.300s][info][gc,phases      ] GC(182)   Evacuate Collection Set: 114.07ms
[880.300s][info][gc,phases      ] GC(182)   Post Evacuate Collection Set: 0.89ms
[880.300s][info][gc,phases      ] GC(182)   Other: 0.13ms
[880.300s][info][gc,heap        ] GC(182) Eden regions: 1121->0(1120)
[880.300s][info][gc,heap        ] GC(182) Survivor regions: 107->108(154)
[880.300s][info][gc,heap        ] GC(182) Old regions: 463->495
[880.300s][info][gc,heap        ] GC(182) Humongous regions: 77->77
[880.300s][info][gc,metaspace   ] GC(182) Metaspace: 28867K(29184K)->28867K(29184K) NonClass: 23984K(24128K)->23984K(24128K) Class: 4883K(5056K)->4883K(5056K)
[880.300s][info][gc             ] GC(182) Pause Young (Concurrent Start) (G1 Evacuation Pause) 3535M->1358M(4096M) 116.155ms
[880.300s][info][gc             ] GC(183) Concurrent Mark Cycle
[880.300s][info][gc,marking     ] GC(183) Concurrent Scan Root Regions
[880.300s][info][gc,cpu         ] GC(182) User=0.69s Sys=0.00s Real=0.12s
[880.408s][info][gc,marking     ] GC(183) Concurrent Scan Root Regions 108.229ms
[880.408s][info][gc,marking     ] GC(183) Concurrent Mark
[880.408s][info][gc,marking     ] GC(183) Concurrent Mark From Roots
[880.408s][info][gc,task        ] GC(183) Using 2 workers of 2 for marking
.[880.902s][info][gc,marking     ] GC(183) Concurrent Mark From Roots 493.660ms
[880.902s][info][gc,marking     ] GC(183) Concurrent Preclean
[880.902s][info][gc,marking     ] GC(183) Concurrent Preclean 0.035ms
[880.902s][info][gc,start       ] GC(183) Pause Remark
[880.904s][info][gc             ] GC(183) Pause Remark 1406M->1406M(4096M) 2.110ms
[880.904s][info][gc,cpu         ] GC(183) User=0.01s Sys=0.00s Real=0.00s
[880.904s][info][gc,marking     ] GC(183) Concurrent Mark 496.051ms
[880.904s][info][gc,marking     ] GC(183) Concurrent Rebuild Remembered Sets and Scrub Regions
[881.098s][info][gc,marking     ] GC(183) Concurrent Rebuild Remembered Sets and Scrub Regions 193.908ms
[881.098s][info][gc,start       ] GC(183) Pause Cleanup
[881.098s][info][gc             ] GC(183) Pause Cleanup 1425M->1425M(4096M) 0.124ms
[881.098s][info][gc,cpu         ] GC(183) User=0.00s Sys=0.00s Real=0.00s
[881.098s][info][gc,marking     ] GC(183) Concurrent Clear Claimed Marks
[881.098s][info][gc,marking     ] GC(183) Concurrent Clear Claimed Marks 0.037ms
[881.098s][info][gc,marking     ] GC(183) Concurrent Cleanup for Next Mark
[881.101s][info][gc,marking     ] GC(183) Concurrent Cleanup for Next Mark 3.126ms
[881.101s][info][gc             ] GC(183) Concurrent Mark Cycle 801.802ms
.................... (rIR:aIR:PR = 553:553:553) (tPR = 8262) [OK] 
   900s: Performance info:
         Transaction,    Success,    Partial,     Failed,   Receipts, AvgBarcode, 
             Overall,      33171,          0,          0,      31517,      59.47, 
         Response times:
             Request,    Success,    Partial,     Failed,   SkipFail,     Probes,    Samples,      min,      p50,      p90,      p95,      p99,      max, 
       TotalPurchase,      31517,          0,          0,          0,      30425,      33185,      300,      700,     1100,     1200,     1500,   134000,
     InStorePurchase,      16589,          0,          0,          0,      16099,      17501,      300,      700,     1100,     1200,     1500,   134000,
      OnlinePurchase,      11605,          0,          0,          0,      11222,      12207,      300,      800,     1100,     1200,     1500,   134000,
        InstPurchase,       3323,          0,          0,          0,       3104,       3477,      400,      700,     1000,     1200,     1400,     2300,
          AssocOfCat,         32,          0,          0,          0,         31,         34,    17600,    22000,    24500,    25250,    26000,    26000,
      AssocOfProduct,        334,          0,          0,          0,        267,        338,      500,      800,     1100,     1205,     1822,     2100,
      BusinessReport,         84,          0,          0,          0,         79,         87,    18500,    25000,    29000,    29000,    42000,    42000,
          CustBuyBeh,        330,          0,          0,          0,        267,        358,      200,      600,      900,     1000,     1200,     1200,
       ProductReturn,        874,          0,          0,          0,        776,        958,      200,      600,      900,     1000,     1200,     3500,

   900s: ( 5%)   IR =    692 ......|....[911.817s][info][gc,start       ] GC(184) Pause Young (Prepare Mixed) (G1 Evacuation Pause)
[911.817s][info][gc,task        ] GC(184) Using 6 workers of 6 for evacuation
[911.934s][info][gc,phases      ] GC(184)   Pre Evacuate Collection Set: 0.35ms
[911.934s][info][gc,phases      ] GC(184)   Merge Heap Roots: 0.62ms
[911.934s][info][gc,phases      ] GC(184)   Evacuate Collection Set: 115.04ms
[911.934s][info][gc,phases      ] GC(184)   Post Evacuate Collection Set: 0.96ms
[911.934s][info][gc,phases      ] GC(184)   Other: 0.10ms
[911.934s][info][gc,heap        ] GC(184) Eden regions: 1120->0(1120)
[911.934s][info][gc,heap        ] GC(184) Survivor regions: 108->108(154)
[911.934s][info][gc,heap        ] GC(184) Old regions: 495->527
[911.934s][info][gc,heap        ] GC(184) Humongous regions: 77->77
[911.934s][info][gc,metaspace   ] GC(184) Metaspace: 28869K(29184K)->28869K(29184K) NonClass: 23985K(24128K)->23985K(24128K) Class: 4883K(5056K)->4883K(5056K)
[911.934s][info][gc             ] GC(184) Pause Young (Prepare Mixed) (G1 Evacuation Pause) 3598M->1422M(4096M) 117.203ms
[911.934s][info][gc,cpu         ] GC(184) User=0.70s Sys=0.00s Real=0.12s
............................[939.256s][info][gc,start       ] GC(185) Pause Young (Mixed) (G1 Evacuation Pause)
[939.256s][info][gc,task        ] GC(185) Using 6 workers of 6 for evacuation
[939.388s][info][gc,phases      ] GC(185)   Pre Evacuate Collection Set: 0.40ms
[939.388s][info][gc,phases      ] GC(185)   Merge Heap Roots: 0.70ms
[939.388s][info][gc,phases      ] GC(185)   Evacuate Collection Set: 129.91ms
[939.388s][info][gc,phases      ] GC(185)   Post Evacuate Collection Set: 1.02ms
[939.388s][info][gc,phases      ] GC(185)   Other: 0.10ms
[939.388s][info][gc,heap        ] GC(185) Eden regions: 1120->0(1119)
[939.388s][info][gc,heap        ] GC(185) Survivor regions: 108->109(154)
[939.388s][info][gc,heap        ] GC(185) Old regions: 527->462
[939.388s][info][gc,heap        ] GC(185) Humongous regions: 77->77
[939.388s][info][gc,metaspace   ] GC(185) Metaspace: 28870K(29184K)->28870K(29184K) NonClass: 23986K(24128K)->23986K(24128K) Class: 4883K(5056K)->4883K(5056K)
[939.388s][info][gc             ] GC(185) Pause Young (Mixed) (G1 Evacuation Pause) 3662M->1293M(4096M) 132.250ms
[939.388s][info][gc,cpu         ] GC(185) User=0.79s Sys=0.00s Real=0.14s
...........................[966.752s][info][gc,start       ] GC(186) Pause Young (Concurrent Start) (G1 Evacuation Pause)
[966.752s][info][gc,task        ] GC(186) Using 6 workers of 6 for evacuation
[966.869s][info][gc,phases      ] GC(186)   Pre Evacuate Collection Set: 0.42ms
[966.869s][info][gc,phases      ] GC(186)   Merge Heap Roots: 0.54ms
[966.869s][info][gc,phases      ] GC(186)   Evacuate Collection Set: 115.18ms
[966.869s][info][gc,phases      ] GC(186)   Post Evacuate Collection Set: 0.88ms
[966.869s][info][gc,phases      ] GC(186)   Other: 0.11ms
[966.869s][info][gc,heap        ] GC(186) Eden regions: 1119->0(1119)
[966.869s][info][gc,heap        ] GC(186) Survivor regions: 109->109(154)
[966.869s][info][gc,heap        ] GC(186) Old regions: 462->494
[966.869s][info][gc,heap        ] GC(186) Humongous regions: 77->77
[966.869s][info][gc,metaspace   ] GC(186) Metaspace: 28875K(29184K)->28875K(29184K) NonClass: 23991K(24128K)->23991K(24128K) Class: 4883K(5056K)->4883K(5056K)
[966.869s][info][gc             ] GC(186) Pause Young (Concurrent Start) (G1 Evacuation Pause) 3531M->1357M(4096M) 117.276ms
[966.869s][info][gc             ] GC(187) Concurrent Mark Cycle
[966.869s][info][gc,marking     ] GC(187) Concurrent Scan Root Regions
[966.869s][info][gc,cpu         ] GC(186) User=0.70s Sys=0.00s Real=0.12s
. (rIR:aIR:PR = 692:692:692) (tPR = 10316) [OK] 
   966s: Performance info:
         Transaction,    Success,    Partial,     Failed,   Receipts, AvgBarcode, 
             Overall,      41615,          0,          0,      39534,      59.47, 
         Response times:
             Request,    Success,    Partial,     Failed,   SkipFail,     Probes,    Samples,      min,      p50,      p90,      p95,      p99,      max, 
       TotalPurchase,      39534,          0,          0,          0,      38105,      42848,      300,      900,     1200,     1400,     1700,   136000,
     InStorePurchase,      20783,          0,          0,          0,      19988,      22358,      300,      800,     1200,     1300,     1600,   135000,
      OnlinePurchase,      14591,          0,          0,          0,      14213,      15930,      300,      900,     1200,     1400,     1700,   136000,
        InstPurchase,       4160,          0,          0,          0,       3904,       4560,      400,     1000,     1390,     1500,     1800,   135000,
          AssocOfCat,         40,          0,          0,          0,         38,         44,    16900,    22000,    25500,    26750,    27000,    27000,
      AssocOfProduct,        416,          0,          0,          0,        344,        441,      400,     1000,     1300,     1500,     4090,     7200,
      BusinessReport,        103,          0,          0,          0,         99,        114,    18300,    26500,    30000,    31000,    43950,    45000,
          CustBuyBeh,        420,          0,          0,          0,        326,        433,      200,      700,     1200,     1300,     1566,     7200,
       ProductReturn,       1102,          0,          0,          0,        985,       1240,      200,      900,     1300,     1400,     1859,   135000,

   966s: ( 6%)   IR =    830 [966.982s][info][gc,marking     ] GC(187) Concurrent Scan Root Regions 112.991ms
[966.982s][info][gc,marking     ] GC(187) Concurrent Mark
[966.982s][info][gc,marking     ] GC(187) Concurrent Mark From Roots
[966.982s][info][gc,task        ] GC(187) Using 2 workers of 2 for marking
[967.480s][info][gc,marking     ] GC(187) Concurrent Mark From Roots 498.254ms
[967.480s][info][gc,marking     ] GC(187) Concurrent Preclean
[967.480s][info][gc,marking     ] GC(187) Concurrent Preclean 0.038ms
[967.480s][info][gc,start       ] GC(187) Pause Remark
[967.482s][info][gc             ] GC(187) Pause Remark 1418M->1418M(4096M) 2.079ms
[967.483s][info][gc,cpu         ] GC(187) User=0.01s Sys=0.00s Real=0.00s
[967.483s][info][gc,marking     ] GC(187) Concurrent Mark 500.618ms
[967.483s][info][gc,marking     ] GC(187) Concurrent Rebuild Remembered Sets and Scrub Regions
[967.678s][info][gc,marking     ] GC(187) Concurrent Rebuild Remembered Sets and Scrub Regions 195.844ms
[967.679s][info][gc,start       ] GC(187) Pause Cleanup
[967.679s][info][gc             ] GC(187) Pause Cleanup 1439M->1439M(4096M) 0.122ms
[967.679s][info][gc,cpu         ] GC(187) User=0.00s Sys=0.00s Real=0.00s
[967.679s][info][gc,marking     ] GC(187) Concurrent Clear Claimed Marks
[967.679s][info][gc,marking     ] GC(187) Concurrent Clear Claimed Marks 0.031ms
[967.679s][info][gc,marking     ] GC(187) Concurrent Cleanup for Next Mark
[967.682s][info][gc,marking     ] GC(187) Concurrent Cleanup for Next Mark 3.141ms
[967.682s][info][gc             ] GC(187) Concurrent Mark Cycle 813.072ms
......|................[989.795s][info][gc,start       ] GC(188) Pause Young (Prepare Mixed) (G1 Evacuation Pause)
[989.795s][info][gc,task        ] GC(188) Using 6 workers of 6 for evacuation
[989.912s][info][gc,phases      ] GC(188)   Pre Evacuate Collection Set: 0.32ms
[989.913s][info][gc,phases      ] GC(188)   Merge Heap Roots: 0.55ms
[989.913s][info][gc,phases      ] GC(188)   Evacuate Collection Set: 115.13ms
[989.913s][info][gc,phases      ] GC(188)   Post Evacuate Collection Set: 0.98ms
[989.913s][info][gc,phases      ] GC(188)   Other: 0.10ms
[989.913s][info][gc,heap        ] GC(188) Eden regions: 1119->0(1119)
[989.913s][info][gc,heap        ] GC(188) Survivor regions: 109->109(154)
[989.913s][info][gc,heap        ] GC(188) Old regions: 494->526
[989.913s][info][gc,heap        ] GC(188) Humongous regions: 77->77
[989.913s][info][gc,metaspace   ] GC(188) Metaspace: 28876K(29184K)->28876K(29184K) NonClass: 23993K(24128K)->23993K(24128K) Class: 4883K(5056K)->4883K(5056K)
[989.913s][info][gc             ] GC(188) Pause Young (Prepare Mixed) (G1 Evacuation Pause) 3595M->1421M(4096M) 117.228ms
[989.913s][info][gc,cpu         ] GC(188) User=0.70s Sys=0.00s Real=0.12s
........................[1013.021s][info][gc,start       ] GC(189) Pause Young (Mixed) (G1 Evacuation Pause)
[1013.021s][info][gc,task        ] GC(189) Using 6 workers of 6 for evacuation
[1013.152s][info][gc,phases      ] GC(189)   Pre Evacuate Collection Set: 0.40ms
[1013.152s][info][gc,phases      ] GC(189)   Merge Heap Roots: 0.69ms
[1013.152s][info][gc,phases      ] GC(189)   Evacuate Collection Set: 129.15ms
[1013.152s][info][gc,phases      ] GC(189)   Post Evacuate Collection Set: 1.00ms
[1013.152s][info][gc,phases      ] GC(189)   Other: 0.10ms
[1013.152s][info][gc,heap        ] GC(189) Eden regions: 1119->0(1119)
[1013.152s][info][gc,heap        ] GC(189) Survivor regions: 109->109(154)
[1013.152s][info][gc,heap        ] GC(189) Old regions: 526->463
[1013.152s][info][gc,heap        ] GC(189) Humongous regions: 77->77
[1013.152s][info][gc,metaspace   ] GC(189) Metaspace: 28876K(29184K)->28876K(29184K) NonClass: 23993K(24128K)->23993K(24128K) Class: 4883K(5056K)->4883K(5056K)
[1013.153s][info][gc             ] GC(189) Pause Young (Mixed) (G1 Evacuation Pause) 3659M->1296M(4096M) 131.470ms
[1013.153s][info][gc,cpu         ] GC(189) User=0.78s Sys=0.00s Real=0.13s
.................... (rIR:aIR:PR = 830:830:830) (tPR = 12414) [OK] 
  1032s: Performance info:
         Transaction,    Success,    Partial,     Failed,   Receipts, AvgBarcode, 
             Overall,      49800,          0,          0,      47307,      59.46, 
         Response times:
             Request,    Success,    Partial,     Failed,   SkipFail,     Probes,    Samples,      min,      p50,      p90,      p95,      p99,      max, 
       TotalPurchase,      47307,          0,          0,          0,      45515,      51359,      300,     1000,     1400,     1500,     1900,   134000,
     InStorePurchase,      24905,          0,          0,          0,      24035,      27050,      300,      900,     1400,     1500,     1800,   134000,
      OnlinePurchase,      17412,          0,          0,          0,      16765,      18863,      300,     1000,     1400,     1600,     1900,   134000,
        InstPurchase,       4990,          0,          0,          0,       4715,       5446,      400,      900,     1300,     1500,     1800,   134000,
          AssocOfCat,         50,          0,          0,          0,         47,         54,    17700,    23000,    26500,    27250,    34000,    34000,
      AssocOfProduct,        498,          0,          0,          0,        408,        534,      400,     1100,     1400,     1600,     1800,     4400,
      BusinessReport,        124,          0,          0,          0,         95,        148,    18500,    26500,    30100,    31000,    39020,    40000,
          CustBuyBeh,        501,          0,          0,          0,        435,        559,      200,      600,     1200,     1300,     1540,     2100,
       ProductReturn,       1320,          0,          0,          0,       1182,       1455,      200,     1000,     1400,     1500,     1900,   119000,

  1032s: ( 7%)   IR =    969 ..[1035.677s][info][gc,start       ] GC(190) Pause Young (Concurrent Start) (G1 Evacuation Pause)
[1035.677s][info][gc,task        ] GC(190) Using 6 workers of 6 for evacuation
[1035.794s][info][gc,phases      ] GC(190)   Pre Evacuate Collection Set: 0.46ms
[1035.794s][info][gc,phases      ] GC(190)   Merge Heap Roots: 0.56ms
[1035.794s][info][gc,phases      ] GC(190)   Evacuate Collection Set: 114.10ms
[1035.794s][info][gc,phases      ] GC(190)   Post Evacuate Collection Set: 0.89ms
[1035.794s][info][gc,phases      ] GC(190)   Other: 0.14ms
[1035.794s][info][gc,heap        ] GC(190) Eden regions: 1119->0(1118)
[1035.794s][info][gc,heap        ] GC(190) Survivor regions: 109->110(154)
[1035.794s][info][gc,heap        ] GC(190) Old regions: 463->494
[1035.794s][info][gc,heap        ] GC(190) Humongous regions: 77->77
[1035.794s][info][gc,metaspace   ] GC(190) Metaspace: 28878K(29184K)->28878K(29184K) NonClass: 23994K(24128K)->23994K(24128K) Class: 4883K(5056K)->4883K(5056K)
[1035.794s][info][gc             ] GC(190) Pause Young (Concurrent Start) (G1 Evacuation Pause) 3534M->1360M(4096M) 116.276ms
[1035.794s][info][gc             ] GC(191) Concurrent Mark Cycle
[1035.794s][info][gc,marking     ] GC(191) Concurrent Scan Root Regions
[1035.794s][info][gc,cpu         ] GC(190) User=0.69s Sys=0.00s Real=0.11s
[1035.905s][info][gc,marking     ] GC(191) Concurrent Scan Root Regions 110.981ms
[1035.905s][info][gc,marking     ] GC(191) Concurrent Mark
[1035.905s][info][gc,marking     ] GC(191) Concurrent Mark From Roots
[1035.905s][info][gc,task        ] GC(191) Using 2 workers of 2 for marking
.[1036.428s][info][gc,marking     ] GC(191) Concurrent Mark From Roots 523.686ms
[1036.428s][info][gc,marking     ] GC(191) Concurrent Preclean
[1036.428s][info][gc,marking     ] GC(191) Concurrent Preclean 0.036ms
[1036.429s][info][gc,start       ] GC(191) Pause Remark
[1036.431s][info][gc             ] GC(191) Pause Remark 1446M->1446M(4096M) 2.085ms
[1036.431s][info][gc,cpu         ] GC(191) User=0.01s Sys=0.00s Real=0.00s
[1036.431s][info][gc,marking     ] GC(191) Concurrent Mark 526.060ms
[1036.431s][info][gc,marking     ] GC(191) Concurrent Rebuild Remembered Sets and Scrub Regions
[1036.646s][info][gc,marking     ] GC(191) Concurrent Rebuild Remembered Sets and Scrub Regions 214.970ms
[1036.646s][info][gc,start       ] GC(191) Pause Cleanup
[1036.646s][info][gc             ] GC(191) Pause Cleanup 1493M->1493M(4096M) 0.127ms
[1036.646s][info][gc,cpu         ] GC(191) User=0.00s Sys=0.00s Real=0.00s
[1036.646s][info][gc,marking     ] GC(191) Concurrent Clear Claimed Marks
[1036.646s][info][gc,marking     ] GC(191) Concurrent Clear Claimed Marks 0.026ms
[1036.646s][info][gc,marking     ] GC(191) Concurrent Cleanup for Next Mark
[1036.650s][info][gc,marking     ] GC(191) Concurrent Cleanup for Next Mark 3.741ms
[1036.650s][info][gc             ] GC(191) Concurrent Mark Cycle 856.168ms
..|.................[1055.247s][info][gc,start       ] GC(192) Pause Young (Prepare Mixed) (G1 Evacuation Pause)
[1055.248s][info][gc,task        ] GC(192) Using 6 workers of 6 for evacuation
[1055.365s][info][gc,phases      ] GC(192)   Pre Evacuate Collection Set: 0.35ms
[1055.365s][info][gc,phases      ] GC(192)   Merge Heap Roots: 0.61ms
[1055.365s][info][gc,phases      ] GC(192)   Evacuate Collection Set: 115.33ms
[1055.365s][info][gc,phases      ] GC(192)   Post Evacuate Collection Set: 0.93ms
[1055.365s][info][gc,phases      ] GC(192)   Other: 0.08ms
[1055.365s][info][gc,heap        ] GC(192) Eden regions: 1118->0(1120)
[1055.365s][info][gc,heap        ] GC(192) Survivor regions: 110->108(154)
[1055.365s][info][gc,heap        ] GC(192) Old regions: 494->527
[1055.365s][info][gc,heap        ] GC(192) Humongous regions: 77->77
[1055.365s][info][gc,metaspace   ] GC(192) Metaspace: 28878K(29184K)->28878K(29184K) NonClass: 23994K(24128K)->23994K(24128K) Class: 4883K(5056K)->4883K(5056K)
[1055.365s][info][gc             ] GC(192) Pause Young (Prepare Mixed) (G1 Evacuation Pause) 3596M->1422M(4096M) 117.423ms
[1055.365s][info][gc,cpu         ] GC(192) User=0.70s Sys=0.01s Real=0.11s
....................[1075.080s][info][gc,start       ] GC(193) Pause Young (Mixed) (G1 Evacuation Pause)
[1075.080s][info][gc,task        ] GC(193) Using 6 workers of 6 for evacuation
[1075.210s][info][gc,phases      ] GC(193)   Pre Evacuate Collection Set: 0.37ms
[1075.210s][info][gc,phases      ] GC(193)   Merge Heap Roots: 0.69ms
[1075.210s][info][gc,phases      ] GC(193)   Evacuate Collection Set: 128.47ms
[1075.210s][info][gc,phases      ] GC(193)   Post Evacuate Collection Set: 0.82ms
[1075.210s][info][gc,phases      ] GC(193)   Other: 0.09ms
[1075.210s][info][gc,heap        ] GC(193) Eden regions: 1120->0(1119)
[1075.210s][info][gc,heap        ] GC(193) Survivor regions: 108->109(154)
[1075.210s][info][gc,heap        ] GC(193) Old regions: 527->464
[1075.210s][info][gc,heap        ] GC(193) Humongous regions: 77->77
[1075.210s][info][gc,metaspace   ] GC(193) Metaspace: 28878K(29184K)->28878K(29184K) NonClass: 23994K(24128K)->23994K(24128K) Class: 4883K(5056K)->4883K(5056K)
[1075.210s][info][gc             ] GC(193) Pause Young (Mixed) (G1 Evacuation Pause) 3662M->1298M(4096M) 130.568ms
[1075.210s][info][gc,cpu         ] GC(193) User=0.78s Sys=0.00s Real=0.13s
...................[1094.986s][info][gc,start       ] GC(194) Pause Young (Concurrent Start) (G1 Evacuation Pause)
[1094.986s][info][gc,task        ] GC(194) Using 6 workers of 6 for evacuation
[1095.103s][info][gc,phases      ] GC(194)   Pre Evacuate Collection Set: 0.40ms
[1095.103s][info][gc,phases      ] GC(194)   Merge Heap Roots: 0.50ms
[1095.103s][info][gc,phases      ] GC(194)   Evacuate Collection Set: 114.88ms
[1095.103s][info][gc,phases      ] GC(194)   Post Evacuate Collection Set: 0.89ms
[1095.103s][info][gc,phases      ] GC(194)   Other: 0.09ms
[1095.103s][info][gc,heap        ] GC(194) Eden regions: 1119->0(1119)
[1095.103s][info][gc,heap        ] GC(194) Survivor regions: 109->109(154)
[1095.103s][info][gc,heap        ] GC(194) Old regions: 464->496
[1095.103s][info][gc,heap        ] GC(194) Humongous regions: 77->77
[1095.103s][info][gc,metaspace   ] GC(194) Metaspace: 28878K(29184K)->28878K(29184K) NonClass: 23994K(24128K)->23994K(24128K) Class: 4883K(5056K)->4883K(5056K)
[1095.103s][info][gc             ] GC(194) Pause Young (Concurrent Start) (G1 Evacuation Pause) 3536M->1362M(4096M) 116.909ms
[1095.103s][info][gc             ] GC(195) Concurrent Mark Cycle
[1095.103s][info][gc,marking     ] GC(195) Concurrent Scan Root Regions
[1095.103s][info][gc,cpu         ] GC(194) User=0.69s Sys=0.00s Real=0.12s
.[1095.214s][info][gc,marking     ] GC(195) Concurrent Scan Root Regions 110.692ms
[1095.214s][info][gc,marking     ] GC(195) Concurrent Mark
[1095.214s][info][gc,marking     ] GC(195) Concurrent Mark From Roots
[1095.214s][info][gc,task        ] GC(195) Using 2 workers of 2 for marking
[1095.722s][info][gc,marking     ] GC(195) Concurrent Mark From Roots 507.856ms
[1095.722s][info][gc,marking     ] GC(195) Concurrent Preclean
[1095.722s][info][gc,marking     ] GC(195) Concurrent Preclean 0.035ms
[1095.722s][info][gc,start       ] GC(195) Pause Remark
[1095.724s][info][gc             ] GC(195) Pause Remark 1440M->1440M(4096M) 2.133ms
[1095.724s][info][gc,cpu         ] GC(195) User=0.01s Sys=0.01s Real=0.00s
[1095.724s][info][gc,marking     ] GC(195) Concurrent Mark 510.248ms
[1095.724s][info][gc,marking     ] GC(195) Concurrent Rebuild Remembered Sets and Scrub Regions
[1095.949s][info][gc,marking     ] GC(195) Concurrent Rebuild Remembered Sets and Scrub Regions 225.019ms
[1095.949s][info][gc,start       ] GC(195) Pause Cleanup
[1095.949s][info][gc             ] GC(195) Pause Cleanup 1490M->1490M(4096M) 0.125ms
[1095.949s][info][gc,cpu         ] GC(195) User=0.00s Sys=0.00s Real=0.00s
[1095.949s][info][gc,marking     ] GC(195) Concurrent Clear Claimed Marks
[1095.949s][info][gc,marking     ] GC(195) Concurrent Clear Claimed Marks 0.027ms
[1095.949s][info][gc,marking     ] GC(195) Concurrent Cleanup for Next Mark
[1095.953s][info][gc,marking     ] GC(195) Concurrent Cleanup for Next Mark 3.198ms
[1095.953s][info][gc             ] GC(195) Concurrent Mark Cycle 849.655ms
... (rIR:aIR:PR = 969:969:969) (tPR = 14493) [OK] 
  1097s: Performance info:
         Transaction,    Success,    Partial,     Failed,   Receipts, AvgBarcode, 
             Overall,      58233,          0,          0,      55325,      59.48, 
         Response times:
             Request,    Success,    Partial,     Failed,   SkipFail,     Probes,    Samples,      min,      p50,      p90,      p95,      p99,      max, 
       TotalPurchase,      55325,          0,          0,          0,      53260,      58802,      300,     1100,     1600,     1800,     2400,   135000,
     InStorePurchase,      29125,          0,          0,          0,      28257,      30998,      300,     1100,     1600,     1800,     2400,   135000,
      OnlinePurchase,      20370,          0,          0,          0,      19570,      21641,      300,     1100,     1600,     1800,     2400,   134000,
        InstPurchase,       5830,          0,          0,          0,       5433,       6163,      400,     1200,     1600,     1800,     2500,   120000,
          AssocOfCat,         58,          0,          0,          0,         57,         62,    16900,    23000,    26000,    26850,   153000,   153000,
      AssocOfProduct,        578,          0,          0,          0,        477,        600,      500,     1300,     1800,     2000,     2400,   120000,
      BusinessReport,        144,          0,          0,          0,         96,        129,    18700,    27000,    31000,    32000,    59300,    62000,
          CustBuyBeh,        583,          0,          0,          0,        465,        578,      200,      800,     1300,     1600,     1821,     7200,
       ProductReturn,       1544,          0,          0,          0,       1352,       1616,      200,      900,     1500,     1600,     2649,   120000,

  1097s: ( 8%)   IR =   1107 .....|.........[1112.618s][info][gc,start       ] GC(196) Pause Young (Prepare Mixed) (G1 Evacuation Pause)
[1112.618s][info][gc,task        ] GC(196) Using 6 workers of 6 for evacuation
[1112.738s][info][gc,phases      ] GC(196)   Pre Evacuate Collection Set: 0.33ms
[1112.738s][info][gc,phases      ] GC(196)   Merge Heap Roots: 0.61ms
[1112.738s][info][gc,phases      ] GC(196)   Evacuate Collection Set: 118.25ms
[1112.738s][info][gc,phases      ] GC(196)   Post Evacuate Collection Set: 0.94ms
[1112.738s][info][gc,phases      ] GC(196)   Other: 0.08ms
[1112.738s][info][gc,heap        ] GC(196) Eden regions: 1119->0(1117)
[1112.738s][info][gc,heap        ] GC(196) Survivor regions: 109->111(154)
[1112.738s][info][gc,heap        ] GC(196) Old regions: 496->529
[1112.738s][info][gc,heap        ] GC(196) Humongous regions: 77->77
[1112.738s][info][gc,metaspace   ] GC(196) Metaspace: 28879K(29184K)->28879K(29184K) NonClass: 23995K(24128K)->23995K(24128K) Class: 4883K(5056K)->4883K(5056K)
[1112.738s][info][gc             ] GC(196) Pause Young (Prepare Mixed) (G1 Evacuation Pause) 3600M->1431M(4096M) 120.359ms
[1112.738s][info][gc,cpu         ] GC(196) User=0.72s Sys=0.00s Real=0.12s
.................[1129.946s][info][gc,start       ] GC(197) Pause Young (Mixed) (G1 Evacuation Pause)
[1129.946s][info][gc,task        ] GC(197) Using 6 workers of 6 for evacuation
[1130.078s][info][gc,phases      ] GC(197)   Pre Evacuate Collection Set: 0.39ms
[1130.078s][info][gc,phases      ] GC(197)   Merge Heap Roots: 0.71ms
[1130.078s][info][gc,phases      ] GC(197)   Evacuate Collection Set: 129.91ms
[1130.078s][info][gc,phases      ] GC(197)   Post Evacuate Collection Set: 0.98ms
[1130.078s][info][gc,phases      ] GC(197)   Other: 0.09ms
[1130.078s][info][gc,heap        ] GC(197) Eden regions: 1117->0(1118)
[1130.078s][info][gc,heap        ] GC(197) Survivor regions: 111->110(154)
[1130.078s][info][gc,heap        ] GC(197) Old regions: 529->465
[1130.078s][info][gc,heap        ] GC(197) Humongous regions: 77->77
[1130.078s][info][gc,metaspace   ] GC(197) Metaspace: 28879K(29184K)->28879K(29184K) NonClass: 23995K(24128K)->23995K(24128K) Class: 4883K(5056K)->4883K(5056K)
[1130.078s][info][gc             ] GC(197) Pause Young (Mixed) (G1 Evacuation Pause) 3665M->1301M(4096M) 132.231ms
[1130.078s][info][gc,cpu         ] GC(197) User=0.79s Sys=0.00s Real=0.14s
.................[1147.124s][info][gc,start       ] GC(198) Pause Young (Concurrent Start) (G1 Evacuation Pause)
[1147.124s][info][gc,task        ] GC(198) Using 6 workers of 6 for evacuation
[1147.239s][info][gc,phases      ] GC(198)   Pre Evacuate Collection Set: 0.39ms
[1147.239s][info][gc,phases      ] GC(198)   Merge Heap Roots: 0.51ms
[1147.239s][info][gc,phases      ] GC(198)   Evacuate Collection Set: 113.44ms
[1147.239s][info][gc,phases      ] GC(198)   Post Evacuate Collection Set: 0.88ms
[1147.239s][info][gc,phases      ] GC(198)   Other: 0.11ms
[1147.239s][info][gc,heap        ] GC(198) Eden regions: 1118->0(1119)
[1147.239s][info][gc,heap        ] GC(198) Survivor regions: 110->109(154)
[1147.239s][info][gc,heap        ] GC(198) Old regions: 465->497
[1147.239s][info][gc,heap        ] GC(198) Humongous regions: 77->77
[1147.239s][info][gc,metaspace   ] GC(198) Metaspace: 28879K(29184K)->28879K(29184K) NonClass: 23995K(24128K)->23995K(24128K) Class: 4883K(5056K)->4883K(5056K)
[1147.239s][info][gc             ] GC(198) Pause Young (Concurrent Start) (G1 Evacuation Pause) 3537M->1363M(4096M) 115.486ms
[1147.239s][info][gc             ] GC(199) Concurrent Mark Cycle
[1147.239s][info][gc,marking     ] GC(199) Concurrent Scan Root Regions
[1147.239s][info][gc,cpu         ] GC(198) User=0.69s Sys=0.00s Real=0.12s
.[1147.353s][info][gc,marking     ] GC(199) Concurrent Scan Root Regions 113.115ms
[1147.353s][info][gc,marking     ] GC(199) Concurrent Mark
[1147.353s][info][gc,marking     ] GC(199) Concurrent Mark From Roots
[1147.353s][info][gc,task        ] GC(199) Using 2 workers of 2 for marking
[1147.877s][info][gc,marking     ] GC(199) Concurrent Mark From Roots 524.194ms
[1147.877s][info][gc,marking     ] GC(199) Concurrent Preclean
[1147.877s][info][gc,marking     ] GC(199) Concurrent Preclean 0.038ms
[1147.877s][info][gc,start       ] GC(199) Pause Remark
[1147.879s][info][gc             ] GC(199) Pause Remark 1453M->1453M(4096M) 2.183ms
[1147.879s][info][gc,cpu         ] GC(199) User=0.01s Sys=0.00s Real=0.01s
[1147.879s][info][gc,marking     ] GC(199) Concurrent Mark 526.643ms
[1147.879s][info][gc,marking     ] GC(199) Concurrent Rebuild Remembered Sets and Scrub Regions
[1148.082s][info][gc,marking     ] GC(199) Concurrent Rebuild Remembered Sets and Scrub Regions 202.636ms
[1148.082s][info][gc,start       ] GC(199) Pause Cleanup
[1148.082s][info][gc             ] GC(199) Pause Cleanup 1475M->1475M(4096M) 0.128ms
[1148.082s][info][gc,cpu         ] GC(199) User=0.00s Sys=0.00s Real=0.00s
[1148.082s][info][gc,marking     ] GC(199) Concurrent Clear Claimed Marks
[1148.082s][info][gc,marking     ] GC(199) Concurrent Clear Claimed Marks 0.031ms
[1148.082s][info][gc,marking     ] GC(199) Concurrent Cleanup for Next Mark
[1148.086s][info][gc,marking     ] GC(199) Concurrent Cleanup for Next Mark 3.646ms
[1148.086s][info][gc             ] GC(199) Concurrent Mark Cycle 846.512ms
................ (rIR:aIR:PR = 1107:1106:1106) (tPR = 16511) [OK] 
  1163s: Performance info:
         Transaction,    Success,    Partial,     Failed,   Receipts, AvgBarcode, 
             Overall,      66531,          0,          0,      63199,      59.49, 
         Response times:
             Request,    Success,    Partial,     Failed,   SkipFail,     Probes,    Samples,      min,      p50,      p90,      p95,      p99,      max, 
       TotalPurchase,      63199,          0,          0,          0,      61147,      67336,      300,     1200,     1700,     1900,     2400,    13400,
     InStorePurchase,      33248,          0,          0,          0,      32252,      35385,      300,     1200,     1700,     1900,     2400,    13400,
      OnlinePurchase,      23296,          0,          0,          0,      22594,      24839,      300,     1200,     1700,     1900,     2300,    13200,
        InstPurchase,       6655,          0,          0,          0,       6301,       7112,      400,     1300,     1800,     1900,     2500,    13100,
          AssocOfCat,         67,          0,          0,          0,         67,         71,    17100,    24000,    27000,    28000,    33000,    33000,
      AssocOfProduct,        664,          0,          0,          0,        577,        737,      500,     1400,     2000,     2200,     2500,    13000,
      BusinessReport,        168,          0,          0,          0,        107,        155,    18200,    28000,    32000,    34000,    89680,   158000,
          CustBuyBeh,        667,          0,          0,          0,        575,        732,      300,     1300,     1800,     2000,     2534,    13000,
       ProductReturn,       1766,          0,          0,          0,       1618,       1910,      200,     1400,     1800,     2000,     2889,    13000,

  1163s: ( 9%)   IR =   1245 .[1164.446s][info][gc,start       ] GC(200) Pause Young (Prepare Mixed) (G1 Evacuation Pause)
[1164.446s][info][gc,task        ] GC(200) Using 6 workers of 6 for evacuation
[1164.564s][info][gc,phases      ] GC(200)   Pre Evacuate Collection Set: 0.34ms
[1164.564s][info][gc,phases      ] GC(200)   Merge Heap Roots: 0.54ms
[1164.564s][info][gc,phases      ] GC(200)   Evacuate Collection Set: 116.04ms
[1164.564s][info][gc,phases      ] GC(200)   Post Evacuate Collection Set: 0.94ms
[1164.564s][info][gc,phases      ] GC(200)   Other: 0.08ms
[1164.564s][info][gc,heap        ] GC(200) Eden regions: 1119->0(1119)
[1164.564s][info][gc,heap        ] GC(200) Survivor regions: 109->109(154)
[1164.564s][info][gc,heap        ] GC(200) Old regions: 497->529
[1164.564s][info][gc,heap        ] GC(200) Humongous regions: 77->77
[1164.564s][info][gc,metaspace   ] GC(200) Metaspace: 28881K(29184K)->28881K(29184K) NonClass: 23998K(24128K)->23998K(24128K) Class: 4883K(5056K)->4883K(5056K)
[1164.564s][info][gc             ] GC(200) Pause Young (Prepare Mixed) (G1 Evacuation Pause) 3601M->1428M(4096M) 118.071ms
[1164.564s][info][gc,cpu         ] GC(200) User=0.71s Sys=0.00s Real=0.12s
...|............[1179.675s][info][gc,start       ] GC(201) Pause Young (Mixed) (G1 Evacuation Pause)
[1179.675s][info][gc,task        ] GC(201) Using 6 workers of 6 for evacuation
[1179.806s][info][gc,phases      ] GC(201)   Pre Evacuate Collection Set: 0.41ms
[1179.806s][info][gc,phases      ] GC(201)   Merge Heap Roots: 0.75ms
[1179.806s][info][gc,phases      ] GC(201)   Evacuate Collection Set: 129.26ms
[1179.806s][info][gc,phases      ] GC(201)   Post Evacuate Collection Set: 0.97ms
[1179.806s][info][gc,phases      ] GC(201)   Other: 0.09ms
[1179.806s][info][gc,heap        ] GC(201) Eden regions: 1119->0(1118)
[1179.806s][info][gc,heap        ] GC(201) Survivor regions: 109->110(154)
[1179.806s][info][gc,heap        ] GC(201) Old regions: 529->466
[1179.806s][info][gc,heap        ] GC(201) Humongous regions: 77->77
[1179.806s][info][gc,metaspace   ] GC(201) Metaspace: 28881K(29184K)->28881K(29184K) NonClass: 23998K(24128K)->23998K(24128K) Class: 4883K(5056K)->4883K(5056K)
[1179.806s][info][gc             ] GC(201) Pause Young (Mixed) (G1 Evacuation Pause) 3666M->1305M(4096M) 131.600ms
[1179.806s][info][gc,cpu         ] GC(201) User=0.78s Sys=0.00s Real=0.13s
...............[1194.965s][info][gc,start       ] GC(202) Pause Young (Concurrent Start) (G1 Evacuation Pause)
[1194.965s][info][gc,task        ] GC(202) Using 6 workers of 6 for evacuation
[1195.080s][info][gc,phases      ] GC(202)   Pre Evacuate Collection Set: 0.38ms
[1195.080s][info][gc,phases      ] GC(202)   Merge Heap Roots: 0.47ms
[1195.080s][info][gc,phases      ] GC(202)   Evacuate Collection Set: 113.50ms
[1195.080s][info][gc,phases      ] GC(202)   Post Evacuate Collection Set: 0.89ms
[1195.080s][info][gc,phases      ] GC(202)   Other: 0.12ms
[1195.080s][info][gc,heap        ] GC(202) Eden regions: 1118->0(1119)
[1195.080s][info][gc,heap        ] GC(202) Survivor regions: 110->109(154)
[1195.081s][info][gc,heap        ] GC(202) Old regions: 466->498
[1195.081s][info][gc,heap        ] GC(202) Humongous regions: 77->77
[1195.081s][info][gc,metaspace   ] GC(202) Metaspace: 28881K(29184K)->28881K(29184K) NonClass: 23998K(24128K)->23998K(24128K) Class: 4883K(5056K)->4883K(5056K)
[1195.081s][info][gc             ] GC(202) Pause Young (Concurrent Start) (G1 Evacuation Pause) 3541M->1365M(4096M) 115.505ms
[1195.081s][info][gc             ] GC(203) Concurrent Mark Cycle
[1195.081s][info][gc,marking     ] GC(203) Concurrent Scan Root Regions
[1195.081s][info][gc,cpu         ] GC(202) User=0.69s Sys=0.00s Real=0.12s
[1195.198s][info][gc,marking     ] GC(203) Concurrent Scan Root Regions 117.331ms
[1195.198s][info][gc,marking     ] GC(203) Concurrent Mark
[1195.198s][info][gc,marking     ] GC(203) Concurrent Mark From Roots
[1195.198s][info][gc,task        ] GC(203) Using 2 workers of 2 for marking
.[1195.731s][info][gc,marking     ] GC(203) Concurrent Mark From Roots 533.424ms
[1195.731s][info][gc,marking     ] GC(203) Concurrent Preclean
[1195.731s][info][gc,marking     ] GC(203) Concurrent Preclean 0.035ms
[1195.732s][info][gc,start       ] GC(203) Pause Remark
[1195.734s][info][gc             ] GC(203) Pause Remark 1473M->1473M(4096M) 2.128ms
[1195.734s][info][gc,cpu         ] GC(203) User=0.01s Sys=0.00s Real=0.00s
[1195.734s][info][gc,marking     ] GC(203) Concurrent Mark 535.820ms
[1195.734s][info][gc,marking     ] GC(203) Concurrent Rebuild Remembered Sets and Scrub Regions
[1196.063s][info][gc,marking     ] GC(203) Concurrent Rebuild Remembered Sets and Scrub Regions 329.246ms
[1196.063s][info][gc,start       ] GC(203) Pause Cleanup
[1196.063s][info][gc             ] GC(203) Pause Cleanup 1524M->1524M(4096M) 0.117ms
[1196.063s][info][gc,cpu         ] GC(203) User=0.01s Sys=0.00s Real=0.00s
[1196.063s][info][gc,marking     ] GC(203) Concurrent Clear Claimed Marks
[1196.063s][info][gc,marking     ] GC(203) Concurrent Clear Claimed Marks 0.032ms
[1196.063s][info][gc,marking     ] GC(203) Concurrent Cleanup for Next Mark
[1196.068s][info][gc,marking     ] GC(203) Concurrent Cleanup for Next Mark 4.253ms
[1196.068s][info][gc             ] GC(203) Concurrent Mark Cycle 987.138ms
...............[1210.299s][info][gc,start       ] GC(204) Pause Young (Prepare Mixed) (G1 Evacuation Pause)
[1210.299s][info][gc,task        ] GC(204) Using 6 workers of 6 for evacuation
[1210.415s][info][gc,phases      ] GC(204)   Pre Evacuate Collection Set: 0.37ms
[1210.415s][info][gc,phases      ] GC(204)   Merge Heap Roots: 0.64ms
[1210.415s][info][gc,phases      ] GC(204)   Evacuate Collection Set: 114.33ms
[1210.415s][info][gc,phases      ] GC(204)   Post Evacuate Collection Set: 0.92ms
[1210.415s][info][gc,phases      ] GC(204)   Other: 0.09ms
[1210.415s][info][gc,heap        ] GC(204) Eden regions: 1119->0(1120)
[1210.415s][info][gc,heap        ] GC(204) Survivor regions: 109->108(154)
[1210.415s][info][gc,heap        ] GC(204) Old regions: 498->530
[1210.415s][info][gc,heap        ] GC(204) Humongous regions: 77->77
[1210.415s][info][gc,metaspace   ] GC(204) Metaspace: 28881K(29184K)->28881K(29184K) NonClass: 23998K(24128K)->23998K(24128K) Class: 4883K(5056K)->4883K(5056K)
[1210.415s][info][gc             ] GC(204) Pause Young (Prepare Mixed) (G1 Evacuation Pause) 3603M->1428M(4096M) 116.469ms
[1210.415s][info][gc,cpu         ] GC(204) User=0.70s Sys=0.00s Real=0.11s
...............[1225.693s][info][gc,start       ] GC(205) Pause Young (Mixed) (G1 Evacuation Pause)
[1225.693s][info][gc,task        ] GC(205) Using 6 workers of 6 for evacuation
[1225.822s][info][gc,phases      ] GC(205)   Pre Evacuate Collection Set: 0.36ms
[1225.822s][info][gc,phases      ] GC(205)   Merge Heap Roots: 0.72ms
[1225.822s][info][gc,phases      ] GC(205)   Evacuate Collection Set: 126.74ms
[1225.822s][info][gc,phases      ] GC(205)   Post Evacuate Collection Set: 0.99ms
[1225.822s][info][gc,phases      ] GC(205)   Other: 0.09ms
[1225.822s][info][gc,heap        ] GC(205) Eden regions: 1120->0(1120)
[1225.822s][info][gc,heap        ] GC(205) Survivor regions: 108->108(154)
[1225.822s][info][gc,heap        ] GC(205) Old regions: 530->464
[1225.822s][info][gc,heap        ] GC(205) Humongous regions: 77->77
[1225.822s][info][gc,metaspace   ] GC(205) Metaspace: 28881K(29184K)->28881K(29184K) NonClass: 23998K(24128K)->23998K(24128K) Class: 4883K(5056K)->4883K(5056K)
[1225.822s][info][gc             ] GC(205) Pause Young (Mixed) (G1 Evacuation Pause) 3668M->1297M(4096M) 129.071ms
[1225.822s][info][gc,cpu         ] GC(205) User=0.77s Sys=0.00s Real=0.13s
.. (rIR:aIR:PR = 1245:1246:1246) (tPR = 18882) [OK] 
  1227s: Performance info:
         Transaction,    Success,    Partial,     Failed,   Receipts, AvgBarcode, 
             Overall,      74779,          0,          0,      71040,      59.48, 
         Response times:
             Request,    Success,    Partial,     Failed,   SkipFail,     Probes,    Samples,      min,      p50,      p90,      p95,      p99,      max, 
       TotalPurchase,      71040,          0,          0,          0,      68907,      74604,      300,     1300,     1900,     2100,     2900,   132000,
     InStorePurchase,      37384,          0,          0,          0,      36303,      39064,      300,     1300,     1900,     2100,     2900,   132000,
      OnlinePurchase,      26180,          0,          0,          0,      25600,      27846,      300,     1300,     1900,     2100,     2900,   132000,
        InstPurchase,       7476,          0,          0,          0,       7004,       7694,      400,     1400,     2000,     2200,     3100,   132000,
          AssocOfCat,         75,          0,          0,          0,         74,         80,    16400,    23500,    27900,    29950,    34000,    34000,
      AssocOfProduct,        750,          0,          0,          0,        640,        770,      500,     1700,     2200,     2400,    10619,   131000,
      BusinessReport,        188,          0,          0,          0,        147,        222,    18200,    28000,    33000,    36000,   141490,   166000,
          CustBuyBeh,        745,          0,          0,          0,        631,        773,      200,     1100,     1660,     1900,     2952,     6800,
       ProductReturn,       1981,          0,          0,          0,       1789,       2079,      200,     1300,     1900,     2100,     4380,    11300,

  1227s: (10%)   IR =   1384 ......|......[1239.596s][info][gc,start       ] GC(206) Pause Young (Concurrent Start) (G1 Evacuation Pause)
[1239.596s][info][gc,task        ] GC(206) Using 6 workers of 6 for evacuation
[1239.714s][info][gc,phases      ] GC(206)   Pre Evacuate Collection Set: 0.38ms
[1239.714s][info][gc,phases      ] GC(206)   Merge Heap Roots: 0.47ms
[1239.714s][info][gc,phases      ] GC(206)   Evacuate Collection Set: 116.08ms
[1239.714s][info][gc,phases      ] GC(206)   Post Evacuate Collection Set: 0.92ms
[1239.714s][info][gc,phases      ] GC(206)   Other: 0.11ms
[1239.714s][info][gc,heap        ] GC(206) Eden regions: 1120->0(1119)
[1239.714s][info][gc,heap        ] GC(206) Survivor regions: 108->109(154)
[1239.714s][info][gc,heap        ] GC(206) Old regions: 464->496
[1239.714s][info][gc,heap        ] GC(206) Humongous regions: 77->77
[1239.714s][info][gc,metaspace   ] GC(206) Metaspace: 28881K(29184K)->28881K(29184K) NonClass: 23998K(24128K)->23998K(24128K) Class: 4883K(5056K)->4883K(5056K)
[1239.714s][info][gc             ] GC(206) Pause Young (Concurrent Start) (G1 Evacuation Pause) 3537M->1362M(4096M) 118.094ms
[1239.714s][info][gc             ] GC(207) Concurrent Mark Cycle
[1239.714s][info][gc,marking     ] GC(207) Concurrent Scan Root Regions
[1239.714s][info][gc,cpu         ] GC(206) User=0.70s Sys=0.00s Real=0.12s
[1239.879s][info][gc,marking     ] GC(207) Concurrent Scan Root Regions 164.703ms
[1239.879s][info][gc,marking     ] GC(207) Concurrent Mark
[1239.879s][info][gc,marking     ] GC(207) Concurrent Mark From Roots
[1239.879s][info][gc,task        ] GC(207) Using 2 workers of 2 for marking
.[1240.816s][info][gc,marking     ] GC(207) Concurrent Mark From Roots 936.607ms
[1240.816s][info][gc,marking     ] GC(207) Concurrent Preclean
[1240.816s][info][gc,marking     ] GC(207) Concurrent Preclean 0.041ms
[1240.816s][info][gc,start       ] GC(207) Pause Remark
[1240.818s][info][gc             ] GC(207) Pause Remark 1550M->1550M(4096M) 2.464ms
[1240.818s][info][gc,cpu         ] GC(207) User=0.02s Sys=0.00s Real=0.01s
[1240.818s][info][gc,marking     ] GC(207) Concurrent Mark 939.360ms
[1240.818s][info][gc,marking     ] GC(207) Concurrent Rebuild Remembered Sets and Scrub Regions
[1241.153s][info][gc,marking     ] GC(207) Concurrent Rebuild Remembered Sets and Scrub Regions 334.657ms
[1241.153s][info][gc,start       ] GC(207) Pause Cleanup
[1241.153s][info][gc             ] GC(207) Pause Cleanup 1599M->1599M(4096M) 0.121ms
[1241.153s][info][gc,cpu         ] GC(207) User=0.00s Sys=0.00s Real=0.00s
[1241.153s][info][gc,marking     ] GC(207) Concurrent Clear Claimed Marks
[1241.153s][info][gc,marking     ] GC(207) Concurrent Clear Claimed Marks 0.027ms
[1241.153s][info][gc,marking     ] GC(207) Concurrent Cleanup for Next Mark
[1241.157s][info][gc,marking     ] GC(207) Concurrent Cleanup for Next Mark 3.223ms
[1241.157s][info][gc             ] GC(207) Concurrent Mark Cycle 1442.362ms
.............[1253.384s][info][gc,start       ] GC(208) Pause Young (Prepare Mixed) (G1 Evacuation Pause)
[1253.384s][info][gc,task        ] GC(208) Using 6 workers of 6 for evacuation
[1253.503s][info][gc,phases      ] GC(208)   Pre Evacuate Collection Set: 0.35ms
[1253.503s][info][gc,phases      ] GC(208)   Merge Heap Roots: 0.58ms
[1253.503s][info][gc,phases      ] GC(208)   Evacuate Collection Set: 117.41ms
[1253.503s][info][gc,phases      ] GC(208)   Post Evacuate Collection Set: 0.93ms
[1253.503s][info][gc,phases      ] GC(208)   Other: 0.08ms
[1253.504s][info][gc,heap        ] GC(208) Eden regions: 1119->0(1117)
[1253.504s][info][gc,heap        ] GC(208) Survivor regions: 109->111(154)
[1253.504s][info][gc,heap        ] GC(208) Old regions: 496->528
[1253.504s][info][gc,heap        ] GC(208) Humongous regions: 77->77
[1253.504s][info][gc,metaspace   ] GC(208) Metaspace: 28882K(29184K)->28882K(29184K) NonClass: 23998K(24128K)->23998K(24128K) Class: 4883K(5056K)->4883K(5056K)
[1253.504s][info][gc             ] GC(208) Pause Young (Prepare Mixed) (G1 Evacuation Pause) 3600M->1430M(4096M) 119.492ms
[1253.504s][info][gc,cpu         ] GC(208) User=0.71s Sys=0.00s Real=0.12s
.............[1267.116s][info][gc,start       ] GC(209) Pause Young (Mixed) (G1 Evacuation Pause)
[1267.116s][info][gc,task        ] GC(209) Using 6 workers of 6 for evacuation
[1267.248s][info][gc,phases      ] GC(209)   Pre Evacuate Collection Set: 0.41ms
[1267.248s][info][gc,phases      ] GC(209)   Merge Heap Roots: 0.85ms
[1267.248s][info][gc,phases      ] GC(209)   Evacuate Collection Set: 129.80ms
[1267.248s][info][gc,phases      ] GC(209)   Post Evacuate Collection Set: 0.98ms
[1267.248s][info][gc,phases      ] GC(209)   Other: 0.09ms
[1267.248s][info][gc,heap        ] GC(209) Eden regions: 1117->0(1120)
[1267.248s][info][gc,heap        ] GC(209) Survivor regions: 111->108(154)
[1267.248s][info][gc,heap        ] GC(209) Old regions: 528->466
[1267.248s][info][gc,heap        ] GC(209) Humongous regions: 77->77
[1267.248s][info][gc,metaspace   ] GC(209) Metaspace: 28884K(29184K)->28884K(29184K) NonClass: 24000K(24128K)->24000K(24128K) Class: 4883K(5056K)->4883K(5056K)
[1267.248s][info][gc             ] GC(209) Pause Young (Mixed) (G1 Evacuation Pause) 3664M->1300M(4096M) 132.284ms
[1267.248s][info][gc,cpu         ] GC(209) User=0.79s Sys=0.00s Real=0.14s
..............[1281.002s][info][gc,start       ] GC(210) Pause Young (Concurrent Start) (G1 Evacuation Pause)
[1281.002s][info][gc,task        ] GC(210) Using 6 workers of 6 for evacuation
[1281.119s][info][gc,phases      ] GC(210)   Pre Evacuate Collection Set: 0.39ms
[1281.119s][info][gc,phases      ] GC(210)   Merge Heap Roots: 0.47ms
[1281.119s][info][gc,phases      ] GC(210)   Evacuate Collection Set: 115.57ms
[1281.119s][info][gc,phases      ] GC(210)   Post Evacuate Collection Set: 0.88ms
[1281.119s][info][gc,phases      ] GC(210)   Other: 0.11ms
[1281.119s][info][gc,heap        ] GC(210) Eden regions: 1120->0(1119)
[1281.119s][info][gc,heap        ] GC(210) Survivor regions: 108->109(154)
[1281.119s][info][gc,heap        ] GC(210) Old regions: 466->497
[1281.119s][info][gc,heap        ] GC(210) Humongous regions: 77->77
[1281.119s][info][gc,metaspace   ] GC(210) Metaspace: 28884K(29184K)->28884K(29184K) NonClass: 24000K(24128K)->24000K(24128K) Class: 4883K(5056K)->4883K(5056K)
[1281.119s][info][gc             ] GC(210) Pause Young (Concurrent Start) (G1 Evacuation Pause) 3540M->1365M(4096M) 117.579ms
[1281.119s][info][gc             ] GC(211) Concurrent Mark Cycle
[1281.119s][info][gc,marking     ] GC(211) Concurrent Scan Root Regions
[1281.119s][info][gc,cpu         ] GC(210) User=0.70s Sys=0.00s Real=0.12s
[1281.285s][info][gc,marking     ] GC(211) Concurrent Scan Root Regions 165.604ms
[1281.285s][info][gc,marking     ] GC(211) Concurrent Mark
[1281.285s][info][gc,marking     ] GC(211) Concurrent Mark From Roots
[1281.285s][info][gc,task        ] GC(211) Using 2 workers of 2 for marking
.[1282.177s][info][gc,marking     ] GC(211) Concurrent Mark From Roots 892.207ms
[1282.177s][info][gc,marking     ] GC(211) Concurrent Preclean
[1282.177s][info][gc,marking     ] GC(211) Concurrent Preclean 0.035ms
[1282.177s][info][gc,start       ] GC(211) Pause Remark
[1282.180s][info][gc             ] GC(211) Pause Remark 1557M->1557M(4096M) 2.382ms
[1282.180s][info][gc,cpu         ] GC(211) User=0.01s Sys=0.01s Real=0.01s
[1282.180s][info][gc,marking     ] GC(211) Concurrent Mark 894.839ms
[1282.180s][info][gc,marking     ] GC(211) Concurrent Rebuild Remembered Sets and Scrub Regions
.[1282.514s][info][gc,marking     ] GC(211) Concurrent Rebuild Remembered Sets and Scrub Regions 334.301ms
[1282.514s][info][gc,start       ] GC(211) Pause Cleanup
[1282.514s][info][gc             ] GC(211) Pause Cleanup 1605M->1605M(4096M) 0.131ms
[1282.514s][info][gc,cpu         ] GC(211) User=0.00s Sys=0.00s Real=0.00s
[1282.514s][info][gc,marking     ] GC(211) Concurrent Clear Claimed Marks
[1282.514s][info][gc,marking     ] GC(211) Concurrent Clear Claimed Marks 0.028ms
[1282.514s][info][gc,marking     ] GC(211) Concurrent Cleanup for Next Mark
[1282.518s][info][gc,marking     ] GC(211) Concurrent Cleanup for Next Mark 3.279ms
[1282.518s][info][gc             ] GC(211) Concurrent Mark Cycle 1398.493ms
........... (rIR:aIR:PR = 1384:1384:1384) (tPR = 20493) [OK] 
  1293s: Performance info:
         Transaction,    Success,    Partial,     Failed,   Receipts, AvgBarcode, 
             Overall,      83056,          0,          0,      78899,      59.47, 
         Response times:
             Request,    Success,    Partial,     Failed,   SkipFail,     Probes,    Samples,      min,      p50,      p90,      p95,      p99,      max, 
       TotalPurchase,      78899,          0,          0,          0,      76861,      85566,      300,     1400,     2000,     2200,     3200,   145000,
     InStorePurchase,      41539,          0,          0,          0,      40512,      44994,      300,     1300,     2000,     2200,     3100,   145000,
      OnlinePurchase,      29054,          0,          0,          0,      28425,      31510,      300,     1400,     2100,     2300,     3500,   136000,
        InstPurchase,       8306,          0,          0,          0,       7924,       9062,      400,     1500,     2100,     2300,     3200,   136000,
          AssocOfCat,         81,          0,          0,          0,         76,         89,    18000,    24000,    28000,    29500,    35000,    35000,
      AssocOfProduct,        828,          0,          0,          0,        676,        846,      500,     1700,     2300,     2500,     5036,   136000,
      BusinessReport,        205,          0,          0,          0,        144,        213,    19400,    27000,    32000,    35300,   137320,   160000,
          CustBuyBeh,        833,          0,          0,          0,        717,        897,      100,      700,     1400,     1700,     2300,     3500,
       ProductReturn,       2210,          0,          0,          0,       2030,       2413,      200,     1500,     2100,     2300,     9200,   134000,

  1293s: (11%)   IR =   1522 .[1294.718s][info][gc,start       ] GC(212) Pause Young (Prepare Mixed) (G1 Evacuation Pause)
[1294.718s][info][gc,task        ] GC(212) Using 6 workers of 6 for evacuation
[1294.835s][info][gc,phases      ] GC(212)   Pre Evacuate Collection Set: 0.33ms
[1294.835s][info][gc,phases      ] GC(212)   Merge Heap Roots: 0.58ms
[1294.835s][info][gc,phases      ] GC(212)   Evacuate Collection Set: 115.15ms
[1294.835s][info][gc,phases      ] GC(212)   Post Evacuate Collection Set: 0.97ms
[1294.835s][info][gc,phases      ] GC(212)   Other: 0.09ms
[1294.835s][info][gc,heap        ] GC(212) Eden regions: 1119->0(1118)
[1294.835s][info][gc,heap        ] GC(212) Survivor regions: 109->110(154)
[1294.835s][info][gc,heap        ] GC(212) Old regions: 497->529
[1294.835s][info][gc,heap        ] GC(212) Humongous regions: 77->77
[1294.835s][info][gc,metaspace   ] GC(212) Metaspace: 28884K(29184K)->28884K(29184K) NonClass: 24000K(24128K)->24000K(24128K) Class: 4883K(5056K)->4883K(5056K)
[1294.835s][info][gc             ] GC(212) Pause Young (Prepare Mixed) (G1 Evacuation Pause) 3603M->1431M(4096M) 117.249ms
[1294.835s][info][gc,cpu         ] GC(212) User=0.70s Sys=0.00s Real=0.11s
.....|.......[1307.184s][info][gc,start       ] GC(213) Pause Young (Mixed) (G1 Evacuation Pause)
[1307.184s][info][gc,task        ] GC(213) Using 6 workers of 6 for evacuation
[1307.314s][info][gc,phases      ] GC(213)   Pre Evacuate Collection Set: 0.36ms
[1307.314s][info][gc,phases      ] GC(213)   Merge Heap Roots: 0.65ms
[1307.314s][info][gc,phases      ] GC(213)   Evacuate Collection Set: 128.23ms
[1307.314s][info][gc,phases      ] GC(213)   Post Evacuate Collection Set: 0.99ms
[1307.314s][info][gc,phases      ] GC(213)   Other: 0.09ms
[1307.314s][info][gc,heap        ] GC(213) Eden regions: 1118->0(1119)
[1307.314s][info][gc,heap        ] GC(213) Survivor regions: 110->109(154)
[1307.314s][info][gc,heap        ] GC(213) Old regions: 529->467
[1307.314s][info][gc,heap        ] GC(213) Humongous regions: 77->77
[1307.314s][info][gc,metaspace   ] GC(213) Metaspace: 28885K(29184K)->28885K(29184K) NonClass: 24001K(24128K)->24001K(24128K) Class: 4883K(5056K)->4883K(5056K)
[1307.314s][info][gc             ] GC(213) Pause Young (Mixed) (G1 Evacuation Pause) 3667M->1303M(4096M) 130.435ms
[1307.314s][info][gc,cpu         ] GC(213) User=0.77s Sys=0.00s Real=0.13s
.............[1319.747s][info][gc,start       ] GC(214) Pause Young (Concurrent Start) (G1 Evacuation Pause)
[1319.747s][info][gc,task        ] GC(214) Using 6 workers of 6 for evacuation
[1319.864s][info][gc,phases      ] GC(214)   Pre Evacuate Collection Set: 0.41ms
[1319.864s][info][gc,phases      ] GC(214)   Merge Heap Roots: 0.54ms
[1319.864s][info][gc,phases      ] GC(214)   Evacuate Collection Set: 114.81ms
[1319.864s][info][gc,phases      ] GC(214)   Post Evacuate Collection Set: 0.91ms
[1319.864s][info][gc,phases      ] GC(214)   Other: 0.12ms
[1319.864s][info][gc,heap        ] GC(214) Eden regions: 1119->0(1118)
[1319.864s][info][gc,heap        ] GC(214) Survivor regions: 109->110(154)
[1319.864s][info][gc,heap        ] GC(214) Old regions: 467->499
[1319.864s][info][gc,heap        ] GC(214) Humongous regions: 77->77
[1319.864s][info][gc,metaspace   ] GC(214) Metaspace: 28885K(29184K)->28885K(29184K) NonClass: 24001K(24128K)->24001K(24128K) Class: 4883K(5056K)->4883K(5056K)
[1319.864s][info][gc             ] GC(214) Pause Young (Concurrent Start) (G1 Evacuation Pause) 3541M->1370M(4096M) 116.944ms
[1319.864s][info][gc             ] GC(215) Concurrent Mark Cycle
[1319.864s][info][gc,marking     ] GC(215) Concurrent Scan Root Regions
[1319.864s][info][gc,cpu         ] GC(214) User=0.70s Sys=0.00s Real=0.12s
[1320.037s][info][gc,marking     ] GC(215) Concurrent Scan Root Regions 172.533ms
[1320.037s][info][gc,marking     ] GC(215) Concurrent Mark
[1320.037s][info][gc,marking     ] GC(215) Concurrent Mark From Roots
[1320.037s][info][gc,task        ] GC(215) Using 2 workers of 2 for marking
.[1320.946s][info][gc,marking     ] GC(215) Concurrent Mark From Roots 909.349ms
[1320.946s][info][gc,marking     ] GC(215) Concurrent Preclean
[1320.946s][info][gc,marking     ] GC(215) Concurrent Preclean 0.041ms
[1320.946s][info][gc,start       ] GC(215) Pause Remark
[1320.949s][info][gc             ] GC(215) Pause Remark 1593M->1593M(4096M) 2.523ms
[1320.949s][info][gc,cpu         ] GC(215) User=0.01s Sys=0.00s Real=0.01s
[1320.949s][info][gc,marking     ] GC(215) Concurrent Mark 912.162ms
[1320.949s][info][gc,marking     ] GC(215) Concurrent Rebuild Remembered Sets and Scrub Regions
[1321.159s][info][gc,marking     ] GC(215) Concurrent Rebuild Remembered Sets and Scrub Regions 210.530ms
[1321.161s][info][gc,start       ] GC(215) Pause Cleanup
[1321.161s][info][gc             ] GC(215) Pause Cleanup 1636M->1636M(4096M) 0.130ms
[1321.161s][info][gc,cpu         ] GC(215) User=0.00s Sys=0.00s Real=0.00s
[1321.161s][info][gc,marking     ] GC(215) Concurrent Clear Claimed Marks
[1321.161s][info][gc,marking     ] GC(215) Concurrent Clear Claimed Marks 0.039ms
[1321.161s][info][gc,marking     ] GC(215) Concurrent Cleanup for Next Mark
[1321.164s][info][gc,marking     ] GC(215) Concurrent Cleanup for Next Mark 3.619ms
[1321.164s][info][gc             ] GC(215) Concurrent Mark Cycle 1300.360ms
...........[1332.261s][info][gc,start       ] GC(216) Pause Young (Prepare Mixed) (G1 Evacuation Pause)
[1332.261s][info][gc,task        ] GC(216) Using 6 workers of 6 for evacuation
[1332.377s][info][gc,phases      ] GC(216)   Pre Evacuate Collection Set: 0.36ms
[1332.377s][info][gc,phases      ] GC(216)   Merge Heap Roots: 0.57ms
[1332.377s][info][gc,phases      ] GC(216)   Evacuate Collection Set: 113.91ms
[1332.377s][info][gc,phases      ] GC(216)   Post Evacuate Collection Set: 0.97ms
[1332.377s][info][gc,phases      ] GC(216)   Other: 0.09ms
[1332.377s][info][gc,heap        ] GC(216) Eden regions: 1118->0(1120)
[1332.377s][info][gc,heap        ] GC(216) Survivor regions: 110->108(154)
[1332.377s][info][gc,heap        ] GC(216) Old regions: 499->531
[1332.377s][info][gc,heap        ] GC(216) Humongous regions: 77->77
[1332.377s][info][gc,metaspace   ] GC(216) Metaspace: 28885K(29184K)->28885K(29184K) NonClass: 24001K(24128K)->24001K(24128K) Class: 4883K(5056K)->4883K(5056K)
[1332.377s][info][gc             ] GC(216) Pause Young (Prepare Mixed) (G1 Evacuation Pause) 3606M->1429M(4096M) 116.058ms
[1332.377s][info][gc,cpu         ] GC(216) User=0.69s Sys=0.00s Real=0.11s
.............[1344.758s][info][gc,start       ] GC(217) Pause Young (Mixed) (G1 Evacuation Pause)
[1344.758s][info][gc,task        ] GC(217) Using 6 workers of 6 for evacuation
[1344.891s][info][gc,phases      ] GC(217)   Pre Evacuate Collection Set: 0.40ms
[1344.891s][info][gc,phases      ] GC(217)   Merge Heap Roots: 0.71ms
[1344.891s][info][gc,phases      ] GC(217)   Evacuate Collection Set: 129.96ms
[1344.891s][info][gc,phases      ] GC(217)   Post Evacuate Collection Set: 1.02ms
[1344.891s][info][gc,phases      ] GC(217)   Other: 0.11ms
[1344.891s][info][gc,heap        ] GC(217) Eden regions: 1120->0(1118)
[1344.891s][info][gc,heap        ] GC(217) Survivor regions: 108->110(154)
[1344.891s][info][gc,heap        ] GC(217) Old regions: 531->467
[1344.891s][info][gc,heap        ] GC(217) Humongous regions: 77->77
[1344.891s][info][gc,metaspace   ] GC(217) Metaspace: 28885K(29184K)->28885K(29184K) NonClass: 24001K(24128K)->24001K(24128K) Class: 4883K(5056K)->4883K(5056K)
[1344.891s][info][gc             ] GC(217) Pause Young (Mixed) (G1 Evacuation Pause) 3669M->1306M(4096M) 132.311ms
[1344.891s][info][gc,cpu         ] GC(217) User=0.79s Sys=0.00s Real=0.13s
............[1357.359s][info][gc,start       ] GC(218) Pause Young (Concurrent Start) (G1 Evacuation Pause)
[1357.359s][info][gc,task        ] GC(218) Using 6 workers of 6 for evacuation
[1357.478s][info][gc,phases      ] GC(218)   Pre Evacuate Collection Set: 0.42ms
[1357.478s][info][gc,phases      ] GC(218)   Merge Heap Roots: 0.49ms
[1357.478s][info][gc,phases      ] GC(218)   Evacuate Collection Set: 116.83ms
[1357.478s][info][gc,phases      ] GC(218)   Post Evacuate Collection Set: 0.86ms
[1357.478s][info][gc,phases      ] GC(218)   Other: 0.09ms
[1357.478s][info][gc,heap        ] GC(218) Eden regions: 1118->0(1116)
[1357.478s][info][gc,heap        ] GC(218) Survivor regions: 110->112(154)
[1357.478s][info][gc,heap        ] GC(218) Old regions: 467->499
[1357.478s][info][gc,heap        ] GC(218) Humongous regions: 77->77
[1357.478s][info][gc,metaspace   ] GC(218) Metaspace: 28885K(29184K)->28885K(29184K) NonClass: 24001K(24128K)->24001K(24128K) Class: 4883K(5056K)->4883K(5056K)
[1357.478s][info][gc             ] GC(218) Pause Young (Concurrent Start) (G1 Evacuation Pause) 3542M->1373M(4096M) 118.848ms
[1357.478s][info][gc             ] GC(219) Concurrent Mark Cycle
[1357.478s][info][gc,marking     ] GC(219) Concurrent Scan Root Regions
[1357.478s][info][gc,cpu         ] GC(218) User=0.71s Sys=0.00s Real=0.12s
.[1357.591s][info][gc,marking     ] GC(219) Concurrent Scan Root Regions 112.741ms
[1357.591s][info][gc,marking     ] GC(219) Concurrent Mark
[1357.591s][info][gc,marking     ] GC(219) Concurrent Mark From Roots
[1357.591s][info][gc,task        ] GC(219) Using 2 workers of 2 for marking
[1358.114s][info][gc,marking     ] GC(219) Concurrent Mark From Roots 523.311ms
[1358.114s][info][gc,marking     ] GC(219) Concurrent Preclean
[1358.114s][info][gc,marking     ] GC(219) Concurrent Preclean 0.036ms
[1358.115s][info][gc,start       ] GC(219) Pause Remark
[1358.117s][info][gc             ] GC(219) Pause Remark 1500M->1500M(4096M) 2.217ms
[1358.117s][info][gc,cpu         ] GC(219) User=0.02s Sys=0.00s Real=0.00s
[1358.117s][info][gc,marking     ] GC(219) Concurrent Mark 525.811ms
[1358.117s][info][gc,marking     ] GC(219) Concurrent Rebuild Remembered Sets and Scrub Regions
[1358.325s][info][gc,marking     ] GC(219) Concurrent Rebuild Remembered Sets and Scrub Regions 208.230ms
[1358.325s][info][gc,start       ] GC(219) Pause Cleanup
[1358.325s][info][gc             ] GC(219) Pause Cleanup 1540M->1540M(4096M) 0.131ms
[1358.325s][info][gc,cpu         ] GC(219) User=0.00s Sys=0.00s Real=0.00s
[1358.325s][info][gc,marking     ] GC(219) Concurrent Clear Claimed Marks
[1358.325s][info][gc,marking     ] GC(219) Concurrent Clear Claimed Marks 0.024ms
[1358.325s][info][gc,marking     ] GC(219) Concurrent Cleanup for Next Mark
[1358.329s][info][gc,marking     ] GC(219) Concurrent Cleanup for Next Mark 3.244ms
[1358.329s][info][gc             ] GC(219) Concurrent Mark Cycle 850.480ms
.. (rIR:aIR:PR = 1522:1522:1522) (tPR = 22818) [OK] 
  1359s: Performance info:
         Transaction,    Success,    Partial,     Failed,   Receipts, AvgBarcode, 
             Overall,      91507,          0,          0,      86929,      59.48, 
         Response times:
             Request,    Success,    Partial,     Failed,   SkipFail,     Probes,    Samples,      min,      p50,      p90,      p95,      p99,      max, 
       TotalPurchase,      86929,          0,          0,          0,      84598,      94125,      300,     1500,     2200,     2500,     4800,   142000,
     InStorePurchase,      45729,          0,          0,          0,      44688,      49496,      300,     1500,     2200,     2400,     4800,   134000,
      OnlinePurchase,      32048,          0,          0,          0,      31085,      34617,      300,     1600,     2200,     2500,     5400,   142000,
        InstPurchase,       9152,          0,          0,          0,       8825,      10012,      400,     1300,     2100,     2300,     3887,   119000,
          AssocOfCat,         91,          0,          0,          0,         87,        100,    17900,    25000,    33000,    36900,    48000,    48000,
      AssocOfProduct,        914,          0,          0,          0,        796,        992,      400,     1700,     2400,     2700,     4289,    19400,
      BusinessReport,        225,          0,          0,          0,        171,        232,    18800,    28000,    35700,    40350,   149690,   158000,
          CustBuyBeh,        919,          0,          0,          0,        777,        969,      200,      800,     1500,     1700,     2930,     9700,
       ProductReturn,       2429,          0,          0,          0,       2257,       2685,      200,     1300,     2200,     2400,     3600,   133000,

  1359s: (12%)   IR =   1660 ......|...[1369.064s][info][gc,start       ] GC(220) Pause Young (Prepare Mixed) (G1 Evacuation Pause)
[1369.065s][info][gc,task        ] GC(220) Using 6 workers of 6 for evacuation
[1369.182s][info][gc,phases      ] GC(220)   Pre Evacuate Collection Set: 0.34ms
[1369.182s][info][gc,phases      ] GC(220)   Merge Heap Roots: 0.59ms
[1369.182s][info][gc,phases      ] GC(220)   Evacuate Collection Set: 115.30ms
[1369.182s][info][gc,phases      ] GC(220)   Post Evacuate Collection Set: 0.96ms
[1369.182s][info][gc,phases      ] GC(220)   Other: 0.10ms
[1369.182s][info][gc,heap        ] GC(220) Eden regions: 1116->0(1119)
[1369.182s][info][gc,heap        ] GC(220) Survivor regions: 112->109(154)
[1369.182s][info][gc,heap        ] GC(220) Old regions: 499->531
[1369.182s][info][gc,heap        ] GC(220) Humongous regions: 77->77
[1369.182s][info][gc,metaspace   ] GC(220) Metaspace: 28885K(29184K)->28885K(29184K) NonClass: 24001K(24128K)->24001K(24128K) Class: 4883K(5056K)->4883K(5056K)
[1369.182s][info][gc             ] GC(220) Pause Young (Prepare Mixed) (G1 Evacuation Pause) 3605M->1431M(4096M) 117.405ms
[1369.182s][info][gc,cpu         ] GC(220) User=0.70s Sys=0.00s Real=0.12s
............[1380.670s][info][gc,start       ] GC(221) Pause Young (Mixed) (G1 Evacuation Pause)
[1380.670s][info][gc,task        ] GC(221) Using 6 workers of 6 for evacuation
[1380.802s][info][gc,phases      ] GC(221)   Pre Evacuate Collection Set: 0.41ms
[1380.802s][info][gc,phases      ] GC(221)   Merge Heap Roots: 0.74ms
[1380.802s][info][gc,phases      ] GC(221)   Evacuate Collection Set: 129.84ms
[1380.802s][info][gc,phases      ] GC(221)   Post Evacuate Collection Set: 0.93ms
[1380.802s][info][gc,phases      ] GC(221)   Other: 0.09ms
[1380.802s][info][gc,heap        ] GC(221) Eden regions: 1119->0(1119)
[1380.802s][info][gc,heap        ] GC(221) Survivor regions: 109->109(154)
[1380.802s][info][gc,heap        ] GC(221) Old regions: 531->467
[1380.802s][info][gc,heap        ] GC(221) Humongous regions: 77->77
[1380.802s][info][gc,metaspace   ] GC(221) Metaspace: 28889K(29184K)->28889K(29184K) NonClass: 24006K(24128K)->24006K(24128K) Class: 4883K(5056K)->4883K(5056K)
[1380.802s][info][gc             ] GC(221) Pause Young (Mixed) (G1 Evacuation Pause) 3669M->1303M(4096M) 132.153ms
[1380.802s][info][gc,cpu         ] GC(221) User=0.79s Sys=0.00s Real=0.13s
...........[1392.087s][info][gc,start       ] GC(222) Pause Young (Concurrent Start) (G1 Evacuation Pause)
[1392.087s][info][gc,task        ] GC(222) Using 6 workers of 6 for evacuation
[1392.204s][info][gc,phases      ] GC(222)   Pre Evacuate Collection Set: 0.38ms
[1392.204s][info][gc,phases      ] GC(222)   Merge Heap Roots: 0.47ms
[1392.204s][info][gc,phases      ] GC(222)   Evacuate Collection Set: 115.73ms
[1392.204s][info][gc,phases      ] GC(222)   Post Evacuate Collection Set: 0.89ms
[1392.204s][info][gc,phases      ] GC(222)   Other: 0.09ms
[1392.204s][info][gc,heap        ] GC(222) Eden regions: 1119->0(1120)
[1392.204s][info][gc,heap        ] GC(222) Survivor regions: 109->108(154)
[1392.204s][info][gc,heap        ] GC(222) Old regions: 467->498
[1392.204s][info][gc,heap        ] GC(222) Humongous regions: 77->77
[1392.204s][info][gc,metaspace   ] GC(222) Metaspace: 28889K(29184K)->28889K(29184K) NonClass: 24006K(24128K)->24006K(24128K) Class: 4883K(5056K)->4883K(5056K)
[1392.204s][info][gc             ] GC(222) Pause Young (Concurrent Start) (G1 Evacuation Pause) 3541M->1365M(4096M) 117.690ms
[1392.204s][info][gc             ] GC(223) Concurrent Mark Cycle
[1392.204s][info][gc,marking     ] GC(223) Concurrent Scan Root Regions
[1392.204s][info][gc,cpu         ] GC(222) User=0.70s Sys=0.00s Real=0.12s
[1392.317s][info][gc,marking     ] GC(223) Concurrent Scan Root Regions 112.237ms
[1392.317s][info][gc,marking     ] GC(223) Concurrent Mark
[1392.317s][info][gc,marking     ] GC(223) Concurrent Mark From Roots
[1392.317s][info][gc,task        ] GC(223) Using 2 workers of 2 for marking
.[1392.843s][info][gc,marking     ] GC(223) Concurrent Mark From Roots 526.625ms
[1392.843s][info][gc,marking     ] GC(223) Concurrent Preclean
[1392.843s][info][gc,marking     ] GC(223) Concurrent Preclean 0.039ms
[1392.844s][info][gc,start       ] GC(223) Pause Remark
[1392.846s][info][gc             ] GC(223) Pause Remark 1506M->1506M(4096M) 2.328ms
[1392.846s][info][gc,cpu         ] GC(223) User=0.01s Sys=0.00s Real=0.00s
[1392.846s][info][gc,marking     ] GC(223) Concurrent Mark 529.266ms
[1392.846s][info][gc,marking     ] GC(223) Concurrent Rebuild Remembered Sets and Scrub Regions
[1393.059s][info][gc,marking     ] GC(223) Concurrent Rebuild Remembered Sets and Scrub Regions 212.583ms
[1393.059s][info][gc,start       ] GC(223) Pause Cleanup
[1393.059s][info][gc             ] GC(223) Pause Cleanup 1555M->1555M(4096M) 0.130ms
[1393.059s][info][gc,cpu         ] GC(223) User=0.00s Sys=0.00s Real=0.00s
[1393.059s][info][gc,marking     ] GC(223) Concurrent Clear Claimed Marks
[1393.059s][info][gc,marking     ] GC(223) Concurrent Clear Claimed Marks 0.034ms
[1393.059s][info][gc,marking     ] GC(223) Concurrent Cleanup for Next Mark
[1393.062s][info][gc,marking     ] GC(223) Concurrent Cleanup for Next Mark 3.189ms
[1393.062s][info][gc             ] GC(223) Concurrent Mark Cycle 857.786ms
...........[1403.669s][info][gc,start       ] GC(224) Pause Young (Prepare Mixed) (G1 Evacuation Pause)
[1403.669s][info][gc,task        ] GC(224) Using 6 workers of 6 for evacuation
[1403.786s][info][gc,phases      ] GC(224)   Pre Evacuate Collection Set: 0.35ms
[1403.786s][info][gc,phases      ] GC(224)   Merge Heap Roots: 0.50ms
[1403.786s][info][gc,phases      ] GC(224)   Evacuate Collection Set: 115.04ms
[1403.786s][info][gc,phases      ] GC(224)   Post Evacuate Collection Set: 0.94ms
[1403.786s][info][gc,phases      ] GC(224)   Other: 0.08ms
[1403.786s][info][gc,heap        ] GC(224) Eden regions: 1120->0(1119)
[1403.786s][info][gc,heap        ] GC(224) Survivor regions: 108->109(154)
[1403.786s][info][gc,heap        ] GC(224) Old regions: 498->530
[1403.786s][info][gc,heap        ] GC(224) Humongous regions: 77->77
[1403.786s][info][gc,metaspace   ] GC(224) Metaspace: 28889K(29184K)->28889K(29184K) NonClass: 24006K(24128K)->24006K(24128K) Class: 4883K(5056K)->4883K(5056K)
[1403.786s][info][gc             ] GC(224) Pause Young (Prepare Mixed) (G1 Evacuation Pause) 3605M->1430M(4096M) 117.030ms
[1403.786s][info][gc,cpu         ] GC(224) User=0.70s Sys=0.00s Real=0.11s
...........[1415.193s][info][gc,start       ] GC(225) Pause Young (Mixed) (G1 Evacuation Pause)
[1415.193s][info][gc,task        ] GC(225) Using 6 workers of 6 for evacuation
[1415.328s][info][gc,phases      ] GC(225)   Pre Evacuate Collection Set: 0.35ms
[1415.328s][info][gc,phases      ] GC(225)   Merge Heap Roots: 0.68ms
[1415.328s][info][gc,phases      ] GC(225)   Evacuate Collection Set: 132.46ms
[1415.328s][info][gc,phases      ] GC(225)   Post Evacuate Collection Set: 0.96ms
[1415.328s][info][gc,phases      ] GC(225)   Other: 0.09ms
[1415.328s][info][gc,heap        ] GC(225) Eden regions: 1119->0(1118)
[1415.328s][info][gc,heap        ] GC(225) Survivor regions: 109->110(154)
[1415.328s][info][gc,heap        ] GC(225) Old regions: 530->466
[1415.328s][info][gc,heap        ] GC(225) Humongous regions: 77->77
[1415.328s][info][gc,metaspace   ] GC(225) Metaspace: 28891K(29184K)->28891K(29184K) NonClass: 24007K(24128K)->24007K(24128K) Class: 4883K(5056K)->4883K(5056K)
[1415.328s][info][gc             ] GC(225) Pause Young (Mixed) (G1 Evacuation Pause) 3668M->1304M(4096M) 134.665ms
[1415.328s][info][gc,cpu         ] GC(225) User=0.80s Sys=0.00s Real=0.14s
........... (rIR:aIR:PR = 1660:1660:1660) (tPR = 24393) [OK] 
  1425s: Performance info:
         Transaction,    Success,    Partial,     Failed,   Receipts, AvgBarcode, 
             Overall,      99690,          0,          0,      94705,      59.48, 
         Response times:
             Request,    Success,    Partial,     Failed,   SkipFail,     Probes,    Samples,      min,      p50,      p90,      p95,      p99,      max, 
       TotalPurchase,      94705,          0,          0,          0,      92018,     102592,      300,     1600,     2400,     2600,     4200,   122000,
     InStorePurchase,      49843,          0,          0,          0,      48662,      54135,      300,     1600,     2400,     2600,     4200,   122000,
      OnlinePurchase,      34899,          0,          0,          0,      33910,      37773,      300,     1600,     2400,     2600,     4300,   122000,
        InstPurchase,       9963,          0,          0,          0,       9446,      10684,      400,     1600,     2400,     2600,     3900,   120000,
          AssocOfCat,         99,          0,          0,          0,         97,        109,    17400,    24000,    29000,    34000,   129900,   140000,
      AssocOfProduct,        997,          0,          0,          0,        874,       1064,      500,     1300,     2000,     2400,     3600,     6500,
      BusinessReport,        251,          0,          0,          0,        199,        263,    18900,    28000,    34000,    37800,    95040,   184000,
          CustBuyBeh,        988,          0,          0,          0,        876,       1088,      200,      800,     1400,     1700,     2900,     5000,
       ProductReturn,       2650,          0,          0,          0,       2432,       2866,      200,     1100,     2000,     2300,     3700,   120000,

  1425s: (13%)   IR =   1799 .[1426.692s][info][gc,start       ] GC(226) Pause Young (Concurrent Start) (G1 Evacuation Pause)
[1426.692s][info][gc,task        ] GC(226) Using 6 workers of 6 for evacuation
[1426.808s][info][gc,phases      ] GC(226)   Pre Evacuate Collection Set: 0.48ms
[1426.808s][info][gc,phases      ] GC(226)   Merge Heap Roots: 0.52ms
[1426.808s][info][gc,phases      ] GC(226)   Evacuate Collection Set: 114.12ms
[1426.808s][info][gc,phases      ] GC(226)   Post Evacuate Collection Set: 0.94ms
[1426.808s][info][gc,phases      ] GC(226)   Other: 0.13ms
[1426.808s][info][gc,heap        ] GC(226) Eden regions: 1118->0(1119)
[1426.808s][info][gc,heap        ] GC(226) Survivor regions: 110->109(154)
[1426.808s][info][gc,heap        ] GC(226) Old regions: 466->498
[1426.808s][info][gc,heap        ] GC(226) Humongous regions: 77->77
[1426.808s][info][gc,metaspace   ] GC(226) Metaspace: 28903K(29184K)->28903K(29184K) NonClass: 24020K(24128K)->24020K(24128K) Class: 4883K(5056K)->4883K(5056K)
[1426.808s][info][gc             ] GC(226) Pause Young (Concurrent Start) (G1 Evacuation Pause) 3540M->1366M(4096M) 116.308ms
[1426.808s][info][gc             ] GC(227) Concurrent Mark Cycle
[1426.808s][info][gc,marking     ] GC(227) Concurrent Scan Root Regions
[1426.808s][info][gc,cpu         ] GC(226) User=0.69s Sys=0.01s Real=0.12s
[1426.929s][info][gc,marking     ] GC(227) Concurrent Scan Root Regions 120.307ms
[1426.929s][info][gc,marking     ] GC(227) Concurrent Mark
[1426.929s][info][gc,marking     ] GC(227) Concurrent Mark From Roots
[1426.929s][info][gc,task        ] GC(227) Using 2 workers of 2 for marking
[1427.463s][info][gc,marking     ] GC(227) Concurrent Mark From Roots 534.088ms
[1427.463s][info][gc,marking     ] GC(227) Concurrent Preclean
[1427.463s][info][gc,marking     ] GC(227) Concurrent Preclean 0.039ms
[1427.463s][info][gc,start       ] GC(227) Pause Remark
[1427.465s][info][gc             ] GC(227) Pause Remark 1549M->1549M(4096M) 2.168ms
[1427.465s][info][gc,cpu         ] GC(227) User=0.01s Sys=0.00s Real=0.00s
[1427.465s][info][gc,marking     ] GC(227) Concurrent Mark 536.551ms
[1427.465s][info][gc,marking     ] GC(227) Concurrent Rebuild Remembered Sets and Scrub Regions
.[1427.715s][info][gc,marking     ] GC(227) Concurrent Rebuild Remembered Sets and Scrub Regions 249.985ms
[1427.715s][info][gc,start       ] GC(227) Pause Cleanup
[1427.716s][info][gc             ] GC(227) Pause Cleanup 1605M->1605M(4096M) 0.121ms
[1427.716s][info][gc,cpu         ] GC(227) User=0.00s Sys=0.00s Real=0.00s
[1427.716s][info][gc,marking     ] GC(227) Concurrent Clear Claimed Marks
[1427.716s][info][gc,marking     ] GC(227) Concurrent Clear Claimed Marks 0.041ms
[1427.716s][info][gc,marking     ] GC(227) Concurrent Cleanup for Next Mark
[1427.719s][info][gc,marking     ] GC(227) Concurrent Cleanup for Next Mark 3.511ms
[1427.719s][info][gc             ] GC(227) Concurrent Mark Cycle 910.882ms
..|.......[1437.124s][info][gc,start       ] GC(228) Pause Young (Prepare Mixed) (G1 Evacuation Pause)
[1437.124s][info][gc,task        ] GC(228) Using 6 workers of 6 for evacuation
[1437.240s][info][gc,phases      ] GC(228)   Pre Evacuate Collection Set: 0.35ms
[1437.240s][info][gc,phases      ] GC(228)   Merge Heap Roots: 0.50ms
[1437.240s][info][gc,phases      ] GC(228)   Evacuate Collection Set: 113.87ms
[1437.240s][info][gc,phases      ] GC(228)   Post Evacuate Collection Set: 0.93ms
[1437.240s][info][gc,phases      ] GC(228)   Other: 0.08ms
[1437.240s][info][gc,heap        ] GC(228) Eden regions: 1119->0(1120)
[1437.240s][info][gc,heap        ] GC(228) Survivor regions: 109->108(154)
[1437.240s][info][gc,heap        ] GC(228) Old regions: 498->531
[1437.240s][info][gc,heap        ] GC(228) Humongous regions: 77->77
[1437.240s][info][gc,metaspace   ] GC(228) Metaspace: 28903K(29184K)->28903K(29184K) NonClass: 24020K(24128K)->24020K(24128K) Class: 4883K(5056K)->4883K(5056K)
[1437.240s][info][gc             ] GC(228) Pause Young (Prepare Mixed) (G1 Evacuation Pause) 3604M->1430M(4096M) 115.863ms
[1437.240s][info][gc,cpu         ] GC(228) User=0.69s Sys=0.00s Real=0.12s
...........[1447.823s][info][gc,start       ] GC(229) Pause Young (Mixed) (G1 Evacuation Pause)
[1447.823s][info][gc,task        ] GC(229) Using 6 workers of 6 for evacuation
[1447.951s][info][gc,phases      ] GC(229)   Pre Evacuate Collection Set: 0.44ms
[1447.952s][info][gc,phases      ] GC(229)   Merge Heap Roots: 0.72ms
[1447.952s][info][gc,phases      ] GC(229)   Evacuate Collection Set: 126.41ms
[1447.952s][info][gc,phases      ] GC(229)   Post Evacuate Collection Set: 0.97ms
[1447.952s][info][gc,phases      ] GC(229)   Other: 0.10ms
[1447.952s][info][gc,heap        ] GC(229) Eden regions: 1120->0(1120)
[1447.952s][info][gc,heap        ] GC(229) Survivor regions: 108->108(154)
[1447.952s][info][gc,heap        ] GC(229) Old regions: 531->469
[1447.952s][info][gc,heap        ] GC(229) Humongous regions: 77->77
[1447.952s][info][gc,metaspace   ] GC(229) Metaspace: 28903K(29184K)->28903K(29184K) NonClass: 24020K(24128K)->24020K(24128K) Class: 4883K(5056K)->4883K(5056K)
[1447.952s][info][gc             ] GC(229) Pause Young (Mixed) (G1 Evacuation Pause) 3670M->1305M(4096M) 128.776ms
[1447.952s][info][gc,cpu         ] GC(229) User=0.77s Sys=0.00s Real=0.13s
..........[1458.452s][info][gc,start       ] GC(230) Pause Young (Concurrent Start) (G1 Evacuation Pause)
[1458.452s][info][gc,task        ] GC(230) Using 6 workers of 6 for evacuation
[1458.569s][info][gc,phases      ] GC(230)   Pre Evacuate Collection Set: 0.40ms
[1458.569s][info][gc,phases      ] GC(230)   Merge Heap Roots: 0.51ms
[1458.569s][info][gc,phases      ] GC(230)   Evacuate Collection Set: 114.48ms
[1458.569s][info][gc,phases      ] GC(230)   Post Evacuate Collection Set: 0.89ms
[1458.569s][info][gc,phases      ] GC(230)   Other: 0.13ms
[1458.569s][info][gc,heap        ] GC(230) Eden regions: 1120->0(1119)
[1458.569s][info][gc,heap        ] GC(230) Survivor regions: 108->109(154)
[1458.569s][info][gc,heap        ] GC(230) Old regions: 469->501
[1458.569s][info][gc,heap        ] GC(230) Humongous regions: 77->77
[1458.569s][info][gc,metaspace   ] GC(230) Metaspace: 28903K(29184K)->28903K(29184K) NonClass: 24020K(24128K)->24020K(24128K) Class: 4883K(5056K)->4883K(5056K)
[1458.569s][info][gc             ] GC(230) Pause Young (Concurrent Start) (G1 Evacuation Pause) 3545M->1372M(4096M) 116.540ms
[1458.569s][info][gc             ] GC(231) Concurrent Mark Cycle
[1458.569s][info][gc,marking     ] GC(231) Concurrent Scan Root Regions
[1458.569s][info][gc,cpu         ] GC(230) User=0.70s Sys=0.00s Real=0.12s
.[1458.679s][info][gc,marking     ] GC(231) Concurrent Scan Root Regions 110.216ms
[1458.679s][info][gc,marking     ] GC(231) Concurrent Mark
[1458.679s][info][gc,marking     ] GC(231) Concurrent Mark From Roots
[1458.679s][info][gc,task        ] GC(231) Using 2 workers of 2 for marking
[1459.220s][info][gc,marking     ] GC(231) Concurrent Mark From Roots 540.548ms
[1459.220s][info][gc,marking     ] GC(231) Concurrent Preclean
[1459.220s][info][gc,marking     ] GC(231) Concurrent Preclean 0.037ms
[1459.220s][info][gc,start       ] GC(231) Pause Remark
[1459.222s][info][gc             ] GC(231) Pause Remark 1533M->1533M(4096M) 2.239ms
[1459.222s][info][gc,cpu         ] GC(231) User=0.01s Sys=0.00s Real=0.00s
[1459.222s][info][gc,marking     ] GC(231) Concurrent Mark 543.047ms
[1459.222s][info][gc,marking     ] GC(231) Concurrent Rebuild Remembered Sets and Scrub Regions
[1459.425s][info][gc,marking     ] GC(231) Concurrent Rebuild Remembered Sets and Scrub Regions 202.177ms
[1459.425s][info][gc,start       ] GC(231) Pause Cleanup
[1459.425s][info][gc             ] GC(231) Pause Cleanup 1581M->1581M(4096M) 0.138ms
[1459.425s][info][gc,cpu         ] GC(231) User=0.00s Sys=0.00s Real=0.00s
[1459.425s][info][gc,marking     ] GC(231) Concurrent Clear Claimed Marks
[1459.425s][info][gc,marking     ] GC(231) Concurrent Clear Claimed Marks 0.035ms
[1459.425s][info][gc,marking     ] GC(231) Concurrent Cleanup for Next Mark
[1459.429s][info][gc,marking     ] GC(231) Concurrent Cleanup for Next Mark 3.549ms
[1459.429s][info][gc             ] GC(231) Concurrent Mark Cycle 859.589ms
..........[1469.107s][info][gc,start       ] GC(232) Pause Young (Prepare Mixed) (G1 Evacuation Pause)
[1469.107s][info][gc,task        ] GC(232) Using 6 workers of 6 for evacuation
[1469.226s][info][gc,phases      ] GC(232)   Pre Evacuate Collection Set: 0.34ms
[1469.226s][info][gc,phases      ] GC(232)   Merge Heap Roots: 0.58ms
[1469.226s][info][gc,phases      ] GC(232)   Evacuate Collection Set: 117.58ms
[1469.226s][info][gc,phases      ] GC(232)   Post Evacuate Collection Set: 0.94ms
[1469.226s][info][gc,phases      ] GC(232)   Other: 0.10ms
[1469.226s][info][gc,heap        ] GC(232) Eden regions: 1119->0(1112)
[1469.226s][info][gc,heap        ] GC(232) Survivor regions: 109->110(154)
[1469.227s][info][gc,heap        ] GC(232) Old regions: 501->533
[1469.227s][info][gc,heap        ] GC(232) Humongous regions: 80->80
[1469.227s][info][gc,metaspace   ] GC(232) Metaspace: 28903K(29184K)->28903K(29184K) NonClass: 24020K(24128K)->24020K(24128K) Class: 4883K(5056K)->4883K(5056K)
[1469.227s][info][gc             ] GC(232) Pause Young (Prepare Mixed) (G1 Evacuation Pause) 3615M->1443M(4096M) 119.681ms
[1469.227s][info][gc,cpu         ] GC(232) User=0.71s Sys=0.00s Real=0.12s
...........[1479.667s][info][gc,start       ] GC(233) Pause Young (Mixed) (G1 Evacuation Pause)
[1479.667s][info][gc,task        ] GC(233) Using 6 workers of 6 for evacuation
[1479.799s][info][gc,phases      ] GC(233)   Pre Evacuate Collection Set: 0.41ms
[1479.799s][info][gc,phases      ] GC(233)   Merge Heap Roots: 0.71ms
[1479.799s][info][gc,phases      ] GC(233)   Evacuate Collection Set: 129.75ms
[1479.799s][info][gc,phases      ] GC(233)   Post Evacuate Collection Set: 0.97ms
[1479.799s][info][gc,phases      ] GC(233)   Other: 0.10ms
[1479.799s][info][gc,heap        ] GC(233) Eden regions: 1112->0(1119)
[1479.799s][info][gc,heap        ] GC(233) Survivor regions: 110->109(153)
[1479.799s][info][gc,heap        ] GC(233) Old regions: 533->468
[1479.799s][info][gc,heap        ] GC(233) Humongous regions: 80->80
[1479.799s][info][gc,metaspace   ] GC(233) Metaspace: 28903K(29184K)->28903K(29184K) NonClass: 24020K(24128K)->24020K(24128K) Class: 4883K(5056K)->4883K(5056K)
[1479.799s][info][gc             ] GC(233) Pause Young (Mixed) (G1 Evacuation Pause) 3667M->1313M(4096M) 132.087ms
[1479.799s][info][gc,cpu         ] GC(233) User=0.79s Sys=0.00s Real=0.14s
.......... (rIR:aIR:PR = 1799:1799:1799) (tPR = 26620) [OK] 
  1489s: Performance info:
         Transaction,    Success,    Partial,     Failed,   Receipts, AvgBarcode, 
             Overall,     108018,          0,          0,     102613,      59.47, 
         Response times:
             Request,    Success,    Partial,     Failed,   SkipFail,     Probes,    Samples,      min,      p50,      p90,      p95,      p99,      max, 
       TotalPurchase,     102613,          0,          0,          0,      99975,     108175,      300,     1700,     2500,     2800,     7000,   153000,
     InStorePurchase,      54002,          0,          0,          0,      52717,      56806,      300,     1600,     2500,     2800,     6500,   153000,
      OnlinePurchase,      37794,          0,          0,          0,      36882,      39938,      300,     1700,     2500,     2800,     7400,   153000,
        InstPurchase,      10817,          0,          0,          0,      10376,      11431,      400,     1700,     2500,     2800,     7700,   137000,
          AssocOfCat,        108,          0,          0,          0,        104,        113,    17800,    25000,    28000,    31000,    57780,    61000,
      AssocOfProduct,       1083,          0,          0,          0,        948,       1138,      600,     2300,     3000,     3400,    10661,    35000,
      BusinessReport,        273,          0,          0,          0,        207,        276,    18500,    28000,    34300,    37150,    55000,    58000,
          CustBuyBeh,       1081,          0,          0,          0,        940,       1108,      300,     1600,     2500,     2800,     5900,    14100,
       ProductReturn,       2860,          0,          0,          0,       2651,       3001,      200,     2000,     2600,     2900,     9076,   133000,

  1489s: (14%)   IR =   1937 [1490.121s][info][gc,start       ] GC(234) Pause Young (Concurrent Start) (G1 Evacuation Pause)
[1490.121s][info][gc,task        ] GC(234) Using 6 workers of 6 for evacuation
[1490.242s][info][gc,phases      ] GC(234)   Pre Evacuate Collection Set: 0.40ms
[1490.242s][info][gc,phases      ] GC(234)   Merge Heap Roots: 0.51ms
[1490.242s][info][gc,phases      ] GC(234)   Evacuate Collection Set: 119.01ms
[1490.242s][info][gc,phases      ] GC(234)   Post Evacuate Collection Set: 0.91ms
[1490.242s][info][gc,phases      ] GC(234)   Other: 0.10ms
[1490.242s][info][gc,heap        ] GC(234) Eden regions: 1119->0(1120)
[1490.242s][info][gc,heap        ] GC(234) Survivor regions: 109->108(154)
[1490.242s][info][gc,heap        ] GC(234) Old regions: 468->501
[1490.242s][info][gc,heap        ] GC(234) Humongous regions: 80->80
[1490.242s][info][gc,metaspace   ] GC(234) Metaspace: 28903K(29184K)->28903K(29184K) NonClass: 24020K(24128K)->24020K(24128K) Class: 4883K(5056K)->4883K(5056K)
[1490.242s][info][gc             ] GC(234) Pause Young (Concurrent Start) (G1 Evacuation Pause) 3551M->1376M(4096M) 121.043ms
[1490.242s][info][gc             ] GC(235) Concurrent Mark Cycle
[1490.242s][info][gc,marking     ] GC(235) Concurrent Scan Root Regions
[1490.242s][info][gc,cpu         ] GC(234) User=0.72s Sys=0.00s Real=0.12s
[1490.360s][info][gc,marking     ] GC(235) Concurrent Scan Root Regions 117.793ms
[1490.360s][info][gc,marking     ] GC(235) Concurrent Mark
[1490.360s][info][gc,marking     ] GC(235) Concurrent Mark From Roots
[1490.360s][info][gc,task        ] GC(235) Using 2 workers of 2 for marking
.[1490.902s][info][gc,marking     ] GC(235) Concurrent Mark From Roots 541.932ms
[1490.902s][info][gc,marking     ] GC(235) Concurrent Preclean
[1490.902s][info][gc,marking     ] GC(235) Concurrent Preclean 0.042ms
[1490.902s][info][gc,start       ] GC(235) Pause Remark
[1490.904s][info][gc             ] GC(235) Pause Remark 1559M->1559M(4096M) 2.324ms
[1490.904s][info][gc,cpu         ] GC(235) User=0.01s Sys=0.00s Real=0.00s
[1490.904s][info][gc,marking     ] GC(235) Concurrent Mark 544.545ms
[1490.904s][info][gc,marking     ] GC(235) Concurrent Rebuild Remembered Sets and Scrub Regions
[1491.112s][info][gc,marking     ] GC(235) Concurrent Rebuild Remembered Sets and Scrub Regions 207.829ms
[1491.112s][info][gc,start       ] GC(235) Pause Cleanup
[1491.112s][info][gc             ] GC(235) Pause Cleanup 1603M->1603M(4096M) 0.116ms
[1491.112s][info][gc,cpu         ] GC(235) User=0.00s Sys=0.00s Real=0.00s
[1491.112s][info][gc,marking     ] GC(235) Concurrent Clear Claimed Marks
[1491.112s][info][gc,marking     ] GC(235) Concurrent Clear Claimed Marks 0.027ms
[1491.112s][info][gc,marking     ] GC(235) Concurrent Cleanup for Next Mark
[1491.115s][info][gc,marking     ] GC(235) Concurrent Cleanup for Next Mark 3.204ms
[1491.116s][info][gc             ] GC(235) Concurrent Mark Cycle 873.849ms
.....|....[1500.014s][info][gc,start       ] GC(236) Pause Young (Prepare Mixed) (G1 Evacuation Pause)
[1500.014s][info][gc,task        ] GC(236) Using 6 workers of 6 for evacuation
[1500.132s][info][gc,phases      ] GC(236)   Pre Evacuate Collection Set: 0.31ms
[1500.132s][info][gc,phases      ] GC(236)   Merge Heap Roots: 0.62ms
[1500.132s][info][gc,phases      ] GC(236)   Evacuate Collection Set: 115.84ms
[1500.132s][info][gc,phases      ] GC(236)   Post Evacuate Collection Set: 0.98ms
[1500.132s][info][gc,phases      ] GC(236)   Other: 0.10ms
[1500.132s][info][gc,heap        ] GC(236) Eden regions: 1120->0(1112)
[1500.132s][info][gc,heap        ] GC(236) Survivor regions: 108->110(154)
[1500.132s][info][gc,heap        ] GC(236) Old regions: 501->533
[1500.132s][info][gc,heap        ] GC(236) Humongous regions: 80->80
[1500.132s][info][gc,metaspace   ] GC(236) Metaspace: 28903K(29184K)->28903K(29184K) NonClass: 24020K(24128K)->24020K(24128K) Class: 4883K(5056K)->4883K(5056K)
[1500.132s][info][gc             ] GC(236) Pause Young (Prepare Mixed) (G1 Evacuation Pause) 3616M->1445M(4096M) 117.999ms
[1500.132s][info][gc,cpu         ] GC(236) User=0.70s Sys=0.00s Real=0.12s
..........[1509.736s][info][gc,start       ] GC(237) Pause Young (Mixed) (G1 Evacuation Pause)
[1509.736s][info][gc,task        ] GC(237) Using 6 workers of 6 for evacuation
[1509.871s][info][gc,phases      ] GC(237)   Pre Evacuate Collection Set: 0.40ms
[1509.871s][info][gc,phases      ] GC(237)   Merge Heap Roots: 0.82ms
[1509.871s][info][gc,phases      ] GC(237)   Evacuate Collection Set: 132.72ms
[1509.871s][info][gc,phases      ] GC(237)   Post Evacuate Collection Set: 1.01ms
[1509.871s][info][gc,phases      ] GC(237)   Other: 0.09ms
[1509.871s][info][gc,heap        ] GC(237) Eden regions: 1112->0(1119)
[1509.871s][info][gc,heap        ] GC(237) Survivor regions: 110->109(153)
[1509.871s][info][gc,heap        ] GC(237) Old regions: 533->469
[1509.871s][info][gc,heap        ] GC(237) Humongous regions: 80->80
[1509.871s][info][gc,metaspace   ] GC(237) Metaspace: 28903K(29184K)->28903K(29184K) NonClass: 24020K(24128K)->24020K(24128K) Class: 4883K(5056K)->4883K(5056K)
[1509.871s][info][gc             ] GC(237) Pause Young (Mixed) (G1 Evacuation Pause) 3669M->1313M(4096M) 135.191ms
[1509.871s][info][gc,cpu         ] GC(237) User=0.81s Sys=0.00s Real=0.14s
..........[1519.632s][info][gc,start       ] GC(238) Pause Young (Concurrent Start) (G1 Evacuation Pause)
[1519.632s][info][gc,task        ] GC(238) Using 6 workers of 6 for evacuation
[1519.751s][info][gc,phases      ] GC(238)   Pre Evacuate Collection Set: 0.40ms
[1519.751s][info][gc,phases      ] GC(238)   Merge Heap Roots: 0.46ms
[1519.751s][info][gc,phases      ] GC(238)   Evacuate Collection Set: 116.69ms
[1519.751s][info][gc,phases      ] GC(238)   Post Evacuate Collection Set: 0.92ms
[1519.751s][info][gc,phases      ] GC(238)   Other: 0.12ms
[1519.751s][info][gc,heap        ] GC(238) Eden regions: 1119->0(1117)
[1519.751s][info][gc,heap        ] GC(238) Survivor regions: 109->111(154)
[1519.751s][info][gc,heap        ] GC(238) Old regions: 469->501
[1519.751s][info][gc,heap        ] GC(238) Humongous regions: 80->80
[1519.751s][info][gc,metaspace   ] GC(238) Metaspace: 28903K(29184K)->28903K(29184K) NonClass: 24020K(24128K)->24020K(24128K) Class: 4883K(5056K)->4883K(5056K)
[1519.751s][info][gc             ] GC(238) Pause Young (Concurrent Start) (G1 Evacuation Pause) 3551M->1381M(4096M) 118.710ms
[1519.751s][info][gc             ] GC(239) Concurrent Mark Cycle
[1519.751s][info][gc,marking     ] GC(239) Concurrent Scan Root Regions
[1519.751s][info][gc,cpu         ] GC(238) User=0.71s Sys=0.00s Real=0.12s
[1519.869s][info][gc,marking     ] GC(239) Concurrent Scan Root Regions 118.436ms
[1519.869s][info][gc,marking     ] GC(239) Concurrent Mark
[1519.869s][info][gc,marking     ] GC(239) Concurrent Mark From Roots
[1519.869s][info][gc,task        ] GC(239) Using 2 workers of 2 for marking
[1520.405s][info][gc,marking     ] GC(239) Concurrent Mark From Roots 535.974ms
[1520.405s][info][gc,marking     ] GC(239) Concurrent Preclean
[1520.405s][info][gc,marking     ] GC(239) Concurrent Preclean 0.044ms
[1520.405s][info][gc,start       ] GC(239) Pause Remark
[1520.408s][info][gc             ] GC(239) Pause Remark 1572M->1572M(4096M) 2.524ms
[1520.408s][info][gc,cpu         ] GC(239) User=0.01s Sys=0.00s Real=0.01s
[1520.408s][info][gc,marking     ] GC(239) Concurrent Mark 538.800ms
[1520.408s][info][gc,marking     ] GC(239) Concurrent Rebuild Remembered Sets and Scrub Regions
[1520.615s][info][gc,marking     ] GC(239) Concurrent Rebuild Remembered Sets and Scrub Regions 206.640ms
[1520.615s][info][gc,start       ] GC(239) Pause Cleanup
[1520.615s][info][gc             ] GC(239) Pause Cleanup 1613M->1613M(4096M) 0.113ms
[1520.615s][info][gc,cpu         ] GC(239) User=0.00s Sys=0.00s Real=0.00s
[1520.616s][info][gc,marking     ] GC(239) Concurrent Clear Claimed Marks
[1520.616s][info][gc,marking     ] GC(239) Concurrent Clear Claimed Marks 0.033ms
[1520.616s][info][gc,marking     ] GC(239) Concurrent Cleanup for Next Mark
.[1520.619s][info][gc,marking     ] GC(239) Concurrent Cleanup for Next Mark 3.636ms
[1520.619s][info][gc             ] GC(239) Concurrent Mark Cycle 868.739ms
........[1529.410s][info][gc,start       ] GC(240) Pause Young (Prepare Mixed) (G1 Evacuation Pause)
[1529.410s][info][gc,task        ] GC(240) Using 6 workers of 6 for evacuation
[1529.526s][info][gc,phases      ] GC(240)   Pre Evacuate Collection Set: 0.34ms
[1529.526s][info][gc,phases      ] GC(240)   Merge Heap Roots: 0.52ms
[1529.526s][info][gc,phases      ] GC(240)   Evacuate Collection Set: 114.16ms
[1529.526s][info][gc,phases      ] GC(240)   Post Evacuate Collection Set: 0.92ms
[1529.526s][info][gc,phases      ] GC(240)   Other: 0.09ms
[1529.526s][info][gc,heap        ] GC(240) Eden regions: 1117->0(1117)
[1529.526s][info][gc,heap        ] GC(240) Survivor regions: 111->108(154)
[1529.526s][info][gc,heap        ] GC(240) Old regions: 501->532
[1529.526s][info][gc,heap        ] GC(240) Humongous regions: 80->80
[1529.526s][info][gc,metaspace   ] GC(240) Metaspace: 28903K(29184K)->28903K(29184K) NonClass: 24020K(24128K)->24020K(24128K) Class: 4883K(5056K)->4883K(5056K)
[1529.526s][info][gc             ] GC(240) Pause Young (Prepare Mixed) (G1 Evacuation Pause) 3615M->1439M(4096M) 116.159ms
[1529.526s][info][gc,cpu         ] GC(240) User=0.69s Sys=0.00s Real=0.11s
..........[1539.204s][info][gc,start       ] GC(241) Pause Young (Mixed) (G1 Evacuation Pause)
[1539.204s][info][gc,task        ] GC(241) Using 6 workers of 6 for evacuation
[1539.334s][info][gc,phases      ] GC(241)   Pre Evacuate Collection Set: 0.40ms
[1539.334s][info][gc,phases      ] GC(241)   Merge Heap Roots: 0.66ms
[1539.334s][info][gc,phases      ] GC(241)   Evacuate Collection Set: 127.67ms
[1539.334s][info][gc,phases      ] GC(241)   Post Evacuate Collection Set: 0.99ms
[1539.334s][info][gc,phases      ] GC(241)   Other: 0.09ms
[1539.334s][info][gc,heap        ] GC(241) Eden regions: 1117->0(1120)
[1539.334s][info][gc,heap        ] GC(241) Survivor regions: 108->108(154)
[1539.334s][info][gc,heap        ] GC(241) Old regions: 532->467
[1539.334s][info][gc,heap        ] GC(241) Humongous regions: 80->80
[1539.334s][info][gc,metaspace   ] GC(241) Metaspace: 28903K(29184K)->28903K(29184K) NonClass: 24020K(24128K)->24020K(24128K) Class: 4883K(5056K)->4883K(5056K)
[1539.334s][info][gc             ] GC(241) Pause Young (Mixed) (G1 Evacuation Pause) 3673M->1309M(4096M) 129.931ms
[1539.334s][info][gc,cpu         ] GC(241) User=0.77s Sys=0.00s Real=0.13s
..........[1549.073s][info][gc,start       ] GC(242) Pause Young (Concurrent Start) (G1 Evacuation Pause)
[1549.073s][info][gc,task        ] GC(242) Using 6 workers of 6 for evacuation
[1549.189s][info][gc,phases      ] GC(242)   Pre Evacuate Collection Set: 0.39ms
[1549.189s][info][gc,phases      ] GC(242)   Merge Heap Roots: 0.47ms
[1549.189s][info][gc,phases      ] GC(242)   Evacuate Collection Set: 113.97ms
[1549.189s][info][gc,phases      ] GC(242)   Post Evacuate Collection Set: 0.90ms
[1549.189s][info][gc,phases      ] GC(242)   Other: 0.11ms
[1549.189s][info][gc,heap        ] GC(242) Eden regions: 1120->0(1119)
[1549.189s][info][gc,heap        ] GC(242) Survivor regions: 108->109(154)
[1549.189s][info][gc,heap        ] GC(242) Old regions: 467->499
[1549.189s][info][gc,heap        ] GC(242) Humongous regions: 80->80
[1549.189s][info][gc,metaspace   ] GC(242) Metaspace: 28903K(29184K)->28903K(29184K) NonClass: 24020K(24128K)->24020K(24128K) Class: 4883K(5056K)->4883K(5056K)
[1549.189s][info][gc             ] GC(242) Pause Young (Concurrent Start) (G1 Evacuation Pause) 3549M->1374M(4096M) 115.970ms
[1549.189s][info][gc             ] GC(243) Concurrent Mark Cycle
[1549.189s][info][gc,marking     ] GC(243) Concurrent Scan Root Regions
[1549.189s][info][gc,cpu         ] GC(242) User=0.69s Sys=0.00s Real=0.12s
[1549.305s][info][gc,marking     ] GC(243) Concurrent Scan Root Regions 115.680ms
[1549.305s][info][gc,marking     ] GC(243) Concurrent Mark
[1549.305s][info][gc,marking     ] GC(243) Concurrent Mark From Roots
[1549.305s][info][gc,task        ] GC(243) Using 2 workers of 2 for marking
.[1549.848s][info][gc,marking     ] GC(243) Concurrent Mark From Roots 542.909ms
[1549.848s][info][gc,marking     ] GC(243) Concurrent Preclean
[1549.848s][info][gc,marking     ] GC(243) Concurrent Preclean 0.036ms
[1549.848s][info][gc,start       ] GC(243) Pause Remark
[1549.850s][info][gc             ] GC(243) Pause Remark 1547M->1547M(4096M) 2.250ms
[1549.850s][info][gc,cpu         ] GC(243) User=0.01s Sys=0.00s Real=0.00s
[1549.851s][info][gc,marking     ] GC(243) Concurrent Mark 545.445ms
[1549.851s][info][gc,marking     ] GC(243) Concurrent Rebuild Remembered Sets and Scrub Regions
[1550.061s][info][gc,marking     ] GC(243) Concurrent Rebuild Remembered Sets and Scrub Regions 210.818ms
[1550.061s][info][gc,start       ] GC(243) Pause Cleanup
[1550.062s][info][gc             ] GC(243) Pause Cleanup 1593M->1593M(4096M) 0.120ms
[1550.062s][info][gc,cpu         ] GC(243) User=0.00s Sys=0.00s Real=0.00s
[1550.062s][info][gc,marking     ] GC(243) Concurrent Clear Claimed Marks
[1550.062s][info][gc,marking     ] GC(243) Concurrent Clear Claimed Marks 0.031ms
[1550.062s][info][gc,marking     ] GC(243) Concurrent Cleanup for Next Mark
[1550.065s][info][gc,marking     ] GC(243) Concurrent Cleanup for Next Mark 3.212ms
[1550.065s][info][gc             ] GC(243) Concurrent Mark Cycle 875.663ms
...... (rIR:aIR:PR = 1937:1939:1939) (tPR = 28952) [OK] 
  1555s: Performance info:
         Transaction,    Success,    Partial,     Failed,   Receipts, AvgBarcode, 
             Overall,     116409,          0,          0,     110590,      59.47, 
         Response times:
             Request,    Success,    Partial,     Failed,   SkipFail,     Probes,    Samples,      min,      p50,      p90,      p95,      p99,      max, 
       TotalPurchase,     110590,          0,          0,          0,     107736,     119603,      300,     1800,     2700,     3000,     6600,   134000,
     InStorePurchase,      58213,          0,          0,          0,      56959,      62989,      300,     1700,     2600,     3000,     6300,   134000,
      OnlinePurchase,      40746,          0,          0,          0,      39648,      44092,      300,     1800,     2700,     3000,     6400,   134000,
        InstPurchase,      11631,          0,          0,          0,      11129,      12522,      400,     1900,     2800,     3100,     8000,   134000,
          AssocOfCat,        118,          0,          0,          0,        114,        127,    17500,    25000,    29000,    34600,   127000,   155000,
      AssocOfProduct,       1158,          0,          0,          0,       1045,       1293,      500,     1600,     2400,     2700,     5900,   124000,
      BusinessReport,        289,          0,          0,          0,        213,        295,    19700,    29000,    35000,    38000,    72960,   168000,
          CustBuyBeh,       1161,          0,          0,          0,       1053,       1304,      300,     1700,     2500,     2900,     7000,    17900,
       ProductReturn,       3093,          0,          0,          0,       2746,       3184,      200,      900,     2200,     2500,     3600,    18100,

  1555s: (15%)   IR =   2076 ...[1558.758s][info][gc,start       ] GC(244) Pause Young (Prepare Mixed) (G1 Evacuation Pause)
[1558.758s][info][gc,task        ] GC(244) Using 6 workers of 6 for evacuation
[1558.876s][info][gc,phases      ] GC(244)   Pre Evacuate Collection Set: 0.33ms
[1558.876s][info][gc,phases      ] GC(244)   Merge Heap Roots: 0.52ms
[1558.876s][info][gc,phases      ] GC(244)   Evacuate Collection Set: 116.62ms
[1558.876s][info][gc,phases      ] GC(244)   Post Evacuate Collection Set: 0.96ms
[1558.876s][info][gc,phases      ] GC(244)   Other: 0.09ms
[1558.876s][info][gc,heap        ] GC(244) Eden regions: 1119->0(1114)
[1558.876s][info][gc,heap        ] GC(244) Survivor regions: 109->110(154)
[1558.876s][info][gc,heap        ] GC(244) Old regions: 499->531
[1558.876s][info][gc,heap        ] GC(244) Humongous regions: 80->80
[1558.876s][info][gc,metaspace   ] GC(244) Metaspace: 28905K(29184K)->28905K(29184K) NonClass: 24022K(24128K)->24022K(24128K) Class: 4883K(5056K)->4883K(5056K)
[1558.876s][info][gc             ] GC(244) Pause Young (Prepare Mixed) (G1 Evacuation Pause) 3612M->1440M(4096M) 118.661ms
[1558.876s][info][gc,cpu         ] GC(244) User=0.71s Sys=0.00s Real=0.11s
..|.......[1567.835s][info][gc,start       ] GC(245) Pause Young (Mixed) (G1 Evacuation Pause)
[1567.835s][info][gc,task        ] GC(245) Using 6 workers of 6 for evacuation
[1567.970s][info][gc,phases      ] GC(245)   Pre Evacuate Collection Set: 0.35ms
[1567.970s][info][gc,phases      ] GC(245)   Merge Heap Roots: 0.79ms
[1567.970s][info][gc,phases      ] GC(245)   Evacuate Collection Set: 132.33ms
[1567.970s][info][gc,phases      ] GC(245)   Post Evacuate Collection Set: 0.99ms
[1567.970s][info][gc,phases      ] GC(245)   Other: 0.09ms
[1567.970s][info][gc,heap        ] GC(245) Eden regions: 1114->0(1118)
[1567.970s][info][gc,heap        ] GC(245) Survivor regions: 110->110(153)
[1567.970s][info][gc,heap        ] GC(245) Old regions: 531->468
[1567.970s][info][gc,heap        ] GC(245) Humongous regions: 80->80
[1567.970s][info][gc,metaspace   ] GC(245) Metaspace: 28905K(29184K)->28905K(29184K) NonClass: 24022K(24128K)->24022K(24128K) Class: 4883K(5056K)->4883K(5056K)
[1567.970s][info][gc             ] GC(245) Pause Young (Mixed) (G1 Evacuation Pause) 3668M->1313M(4096M) 134.712ms
[1567.970s][info][gc,cpu         ] GC(245) User=0.80s Sys=0.00s Real=0.14s
.........[1577.065s][info][gc,start       ] GC(246) Pause Young (Concurrent Start) (G1 Evacuation Pause)
[1577.065s][info][gc,task        ] GC(246) Using 6 workers of 6 for evacuation
[1577.182s][info][gc,phases      ] GC(246)   Pre Evacuate Collection Set: 0.42ms
[1577.182s][info][gc,phases      ] GC(246)   Merge Heap Roots: 0.46ms
[1577.182s][info][gc,phases      ] GC(246)   Evacuate Collection Set: 114.95ms
[1577.182s][info][gc,phases      ] GC(246)   Post Evacuate Collection Set: 0.89ms
[1577.182s][info][gc,phases      ] GC(246)   Other: 0.11ms
[1577.182s][info][gc,heap        ] GC(246) Eden regions: 1118->0(1120)
[1577.182s][info][gc,heap        ] GC(246) Survivor regions: 110->108(154)
[1577.182s][info][gc,heap        ] GC(246) Old regions: 468->501
[1577.182s][info][gc,heap        ] GC(246) Humongous regions: 80->80
[1577.182s][info][gc,metaspace   ] GC(246) Metaspace: 28905K(29184K)->28905K(29184K) NonClass: 24022K(24128K)->24022K(24128K) Class: 4883K(5056K)->4883K(5056K)
[1577.182s][info][gc             ] GC(246) Pause Young (Concurrent Start) (G1 Evacuation Pause) 3549M->1376M(4096M) 116.967ms
[1577.182s][info][gc             ] GC(247) Concurrent Mark Cycle
[1577.182s][info][gc,marking     ] GC(247) Concurrent Scan Root Regions
[1577.182s][info][gc,cpu         ] GC(246) User=0.69s Sys=0.00s Real=0.12s
[1577.305s][info][gc,marking     ] GC(247) Concurrent Scan Root Regions 123.624ms
[1577.305s][info][gc,marking     ] GC(247) Concurrent Mark
[1577.305s][info][gc,marking     ] GC(247) Concurrent Mark From Roots
[1577.305s][info][gc,task        ] GC(247) Using 2 workers of 2 for marking
.[1577.868s][info][gc,marking     ] GC(247) Concurrent Mark From Roots 562.695ms
[1577.868s][info][gc,marking     ] GC(247) Concurrent Preclean
[1577.868s][info][gc,marking     ] GC(247) Concurrent Preclean 0.041ms
[1577.869s][info][gc,start       ] GC(247) Pause Remark
[1577.871s][info][gc             ] GC(247) Pause Remark 1581M->1581M(4096M) 2.225ms
[1577.871s][info][gc,cpu         ] GC(247) User=0.01s Sys=0.00s Real=0.00s
[1577.872s][info][gc,marking     ] GC(247) Concurrent Mark 566.530ms
[1577.872s][info][gc,marking     ] GC(247) Concurrent Rebuild Remembered Sets and Scrub Regions
[1578.081s][info][gc,marking     ] GC(247) Concurrent Rebuild Remembered Sets and Scrub Regions 208.666ms
[1578.081s][info][gc,start       ] GC(247) Pause Cleanup
[1578.081s][info][gc             ] GC(247) Pause Cleanup 1629M->1629M(4096M) 0.123ms
[1578.081s][info][gc,cpu         ] GC(247) User=0.00s Sys=0.00s Real=0.00s
[1578.081s][info][gc,marking     ] GC(247) Concurrent Clear Claimed Marks
[1578.081s][info][gc,marking     ] GC(247) Concurrent Clear Claimed Marks 0.031ms
[1578.081s][info][gc,marking     ] GC(247) Concurrent Cleanup for Next Mark
[1578.084s][info][gc,marking     ] GC(247) Concurrent Cleanup for Next Mark 3.246ms
[1578.084s][info][gc             ] GC(247) Concurrent Mark Cycle 902.580ms
........[1586.217s][info][gc,start       ] GC(248) Pause Young (Prepare Mixed) (G1 Evacuation Pause)
[1586.217s][info][gc,task        ] GC(248) Using 6 workers of 6 for evacuation
[1586.336s][info][gc,phases      ] GC(248)   Pre Evacuate Collection Set: 0.37ms
[1586.336s][info][gc,phases      ] GC(248)   Merge Heap Roots: 0.59ms
[1586.336s][info][gc,phases      ] GC(248)   Evacuate Collection Set: 116.37ms
[1586.336s][info][gc,phases      ] GC(248)   Post Evacuate Collection Set: 0.97ms
[1586.336s][info][gc,phases      ] GC(248)   Other: 0.10ms
[1586.336s][info][gc,heap        ] GC(248) Eden regions: 1120->0(1112)
[1586.336s][info][gc,heap        ] GC(248) Survivor regions: 108->110(154)
[1586.336s][info][gc,heap        ] GC(248) Old regions: 501->533
[1586.336s][info][gc,heap        ] GC(248) Humongous regions: 80->80
[1586.336s][info][gc,metaspace   ] GC(248) Metaspace: 28905K(29184K)->28905K(29184K) NonClass: 24022K(24128K)->24022K(24128K) Class: 4883K(5056K)->4883K(5056K)
[1586.336s][info][gc             ] GC(248) Pause Young (Prepare Mixed) (G1 Evacuation Pause) 3616M->1444M(4096M) 118.546ms
[1586.336s][info][gc,cpu         ] GC(248) User=0.71s Sys=0.00s Real=0.12s
.........[1595.253s][info][gc,start       ] GC(249) Pause Young (Mixed) (G1 Evacuation Pause)
[1595.253s][info][gc,task        ] GC(249) Using 6 workers of 6 for evacuation
[1595.388s][info][gc,phases      ] GC(249)   Pre Evacuate Collection Set: 0.37ms
[1595.388s][info][gc,phases      ] GC(249)   Merge Heap Roots: 0.73ms
[1595.388s][info][gc,phases      ] GC(249)   Evacuate Collection Set: 132.41ms
[1595.388s][info][gc,phases      ] GC(249)   Post Evacuate Collection Set: 0.98ms
[1595.388s][info][gc,phases      ] GC(249)   Other: 0.09ms
[1595.388s][info][gc,heap        ] GC(249) Eden regions: 1112->0(1119)
[1595.388s][info][gc,heap        ] GC(249) Survivor regions: 110->109(153)
[1595.388s][info][gc,heap        ] GC(249) Old regions: 533->469
[1595.388s][info][gc,heap        ] GC(249) Humongous regions: 80->80
[1595.388s][info][gc,metaspace   ] GC(249) Metaspace: 28905K(29184K)->28905K(29184K) NonClass: 24022K(24128K)->24022K(24128K) Class: 4883K(5056K)->4883K(5056K)
[1595.388s][info][gc             ] GC(249) Pause Young (Mixed) (G1 Evacuation Pause) 3668M->1314M(4096M) 134.739ms
[1595.388s][info][gc,cpu         ] GC(249) User=0.80s Sys=0.00s Real=0.14s
.........[1604.526s][info][gc,start       ] GC(250) Pause Young (Concurrent Start) (G1 Evacuation Pause)
[1604.526s][info][gc,task        ] GC(250) Using 6 workers of 6 for evacuation
[1604.645s][info][gc,phases      ] GC(250)   Pre Evacuate Collection Set: 0.39ms
[1604.645s][info][gc,phases      ] GC(250)   Merge Heap Roots: 0.48ms
[1604.645s][info][gc,phases      ] GC(250)   Evacuate Collection Set: 117.25ms
[1604.645s][info][gc,phases      ] GC(250)   Post Evacuate Collection Set: 0.91ms
[1604.645s][info][gc,phases      ] GC(250)   Other: 0.10ms
[1604.645s][info][gc,heap        ] GC(250) Eden regions: 1119->0(1117)
[1604.645s][info][gc,heap        ] GC(250) Survivor regions: 109->111(154)
[1604.645s][info][gc,heap        ] GC(250) Old regions: 469->502
[1604.645s][info][gc,heap        ] GC(250) Humongous regions: 80->80
[1604.645s][info][gc,metaspace   ] GC(250) Metaspace: 28905K(29184K)->28905K(29184K) NonClass: 24022K(24128K)->24022K(24128K) Class: 4883K(5056K)->4883K(5056K)
[1604.645s][info][gc             ] GC(250) Pause Young (Concurrent Start) (G1 Evacuation Pause) 3552M->1384M(4096M) 119.262ms
[1604.645s][info][gc             ] GC(251) Concurrent Mark Cycle
[1604.645s][info][gc,marking     ] GC(251) Concurrent Scan Root Regions
[1604.645s][info][gc,cpu         ] GC(250) User=0.71s Sys=0.00s Real=0.12s
.[1604.781s][info][gc,marking     ] GC(251) Concurrent Scan Root Regions 136.014ms
[1604.781s][info][gc,marking     ] GC(251) Concurrent Mark
[1604.781s][info][gc,marking     ] GC(251) Concurrent Mark From Roots
[1604.781s][info][gc,task        ] GC(251) Using 2 workers of 2 for marking
[1605.345s][info][gc,marking     ] GC(251) Concurrent Mark From Roots 564.127ms
[1605.345s][info][gc,marking     ] GC(251) Concurrent Preclean
[1605.345s][info][gc,marking     ] GC(251) Concurrent Preclean 0.034ms
[1605.346s][info][gc,start       ] GC(251) Pause Remark
[1605.348s][info][gc             ] GC(251) Pause Remark 1575M->1575M(4096M) 2.392ms
[1605.348s][info][gc,cpu         ] GC(251) User=0.01s Sys=0.00s Real=0.01s
[1605.348s][info][gc,marking     ] GC(251) Concurrent Mark 566.782ms
[1605.348s][info][gc,marking     ] GC(251) Concurrent Rebuild Remembered Sets and Scrub Regions
[1605.579s][info][gc,marking     ] GC(251) Concurrent Rebuild Remembered Sets and Scrub Regions 231.387ms
[1605.580s][info][gc,start       ] GC(251) Pause Cleanup
[1605.580s][info][gc             ] GC(251) Pause Cleanup 1647M->1647M(4096M) 0.118ms
[1605.580s][info][gc,cpu         ] GC(251) User=0.00s Sys=0.00s Real=0.00s
[1605.580s][info][gc,marking     ] GC(251) Concurrent Clear Claimed Marks
[1605.580s][info][gc,marking     ] GC(251) Concurrent Clear Claimed Marks 0.030ms
[1605.580s][info][gc,marking     ] GC(251) Concurrent Cleanup for Next Mark
[1605.583s][info][gc,marking     ] GC(251) Concurrent Cleanup for Next Mark 3.223ms
[1605.583s][info][gc             ] GC(251) Concurrent Mark Cycle 937.892ms
.........[1613.702s][info][gc,start       ] GC(252) Pause Young (Prepare Mixed) (G1 Evacuation Pause)
[1613.702s][info][gc,task        ] GC(252) Using 6 workers of 6 for evacuation
[1613.818s][info][gc,phases      ] GC(252)   Pre Evacuate Collection Set: 0.34ms
[1613.818s][info][gc,phases      ] GC(252)   Merge Heap Roots: 0.55ms
[1613.818s][info][gc,phases      ] GC(252)   Evacuate Collection Set: 114.10ms
[1613.818s][info][gc,phases      ] GC(252)   Post Evacuate Collection Set: 0.93ms
[1613.818s][info][gc,phases      ] GC(252)   Other: 0.09ms
[1613.818s][info][gc,heap        ] GC(252) Eden regions: 1117->0(1114)
[1613.818s][info][gc,heap        ] GC(252) Survivor regions: 111->109(154)
[1613.818s][info][gc,heap        ] GC(252) Old regions: 502->533
[1613.818s][info][gc,heap        ] GC(252) Humongous regions: 80->80
[1613.818s][info][gc,metaspace   ] GC(252) Metaspace: 28905K(29184K)->28905K(29184K) NonClass: 24022K(24128K)->24022K(24128K) Class: 4883K(5056K)->4883K(5056K)
[1613.818s][info][gc             ] GC(252) Pause Young (Prepare Mixed) (G1 Evacuation Pause) 3618M->1442M(4096M) 116.116ms
[1613.818s][info][gc,cpu         ] GC(252) User=0.69s Sys=0.00s Real=0.12s
....... (rIR:aIR:PR = 2076:2076:2076) (tPR = 30919) [OK] 
  1620s: Performance info:
         Transaction,    Success,    Partial,     Failed,   Receipts, AvgBarcode, 
             Overall,     124648,          0,          0,     118414,      59.48, 
         Response times:
             Request,    Success,    Partial,     Failed,   SkipFail,     Probes,    Samples,      min,      p50,      p90,      p95,      p99,      max, 
       TotalPurchase,     118414,          0,          0,          0,     115706,     126687,      300,     1800,     2800,     3200,     8900,   140000,
     InStorePurchase,      62312,          0,          0,          0,      61148,      66879,      300,     1800,     2800,     3100,     8600,   139000,
      OnlinePurchase,      43651,          0,          0,          0,      42550,      46435,      300,     2000,     2900,     3200,     9100,   140000,
        InstPurchase,      12451,          0,          0,          0,      12008,      13373,      300,     1800,     2800,     3200,     9726,   139000,
          AssocOfCat,        125,          0,          0,          0,         92,        140,    17400,    25000,    34000,    42000,    55590,    56000,
      AssocOfProduct,       1253,          0,          0,          0,       1123,       1341,      400,     1700,     2600,     2900,     8248,   159000,
      BusinessReport,        312,          0,          0,          0,        246,        330,    19200,    29000,    36000,    41450,   154450,   186000,
          CustBuyBeh,       1237,          0,          0,          0,       1128,       1346,      200,     2100,     3000,     3300,     6118,    34000,
       ProductReturn,       3307,          0,          0,          0,       3073,       3548,      200,     2100,     2900,     3300,    15300,   122000,

  1620s: (16%)   IR =   2214 .[1622.672s][info][gc,start       ] GC(253) Pause Young (Mixed) (G1 Evacuation Pause)
[1622.672s][info][gc,task        ] GC(253) Using 6 workers of 6 for evacuation
[1622.806s][info][gc,phases      ] GC(253)   Pre Evacuate Collection Set: 0.42ms
[1622.806s][info][gc,phases      ] GC(253)   Merge Heap Roots: 0.77ms
[1622.806s][info][gc,phases      ] GC(253)   Evacuate Collection Set: 131.37ms
[1622.806s][info][gc,phases      ] GC(253)   Post Evacuate Collection Set: 1.00ms
[1622.806s][info][gc,phases      ] GC(253)   Other: 0.10ms
[1622.806s][info][gc,heap        ] GC(253) Eden regions: 1114->0(1118)
[1622.806s][info][gc,heap        ] GC(253) Survivor regions: 109->110(153)
[1622.806s][info][gc,heap        ] GC(253) Old regions: 533->468
[1622.806s][info][gc,heap        ] GC(253) Humongous regions: 80->80
[1622.806s][info][gc,metaspace   ] GC(253) Metaspace: 28908K(29184K)->28908K(29184K) NonClass: 24024K(24128K)->24024K(24128K) Class: 4883K(5056K)->4883K(5056K)
[1622.806s][info][gc             ] GC(253) Pause Young (Mixed) (G1 Evacuation Pause) 3670M->1313M(4096M) 133.800ms
[1622.806s][info][gc,cpu         ] GC(253) User=0.80s Sys=0.00s Real=0.13s
.......|..[1631.220s][info][gc,start       ] GC(254) Pause Young (Concurrent Start) (G1 Evacuation Pause)
[1631.220s][info][gc,task        ] GC(254) Using 6 workers of 6 for evacuation
[1631.335s][info][gc,phases      ] GC(254)   Pre Evacuate Collection Set: 0.40ms
[1631.335s][info][gc,phases      ] GC(254)   Merge Heap Roots: 0.49ms
[1631.335s][info][gc,phases      ] GC(254)   Evacuate Collection Set: 113.21ms
[1631.335s][info][gc,phases      ] GC(254)   Post Evacuate Collection Set: 0.90ms
[1631.335s][info][gc,phases      ] GC(254)   Other: 0.11ms
[1631.335s][info][gc,heap        ] GC(254) Eden regions: 1118->0(1120)
[1631.335s][info][gc,heap        ] GC(254) Survivor regions: 110->108(154)
[1631.335s][info][gc,heap        ] GC(254) Old regions: 468->500
[1631.335s][info][gc,heap        ] GC(254) Humongous regions: 80->80
[1631.335s][info][gc,metaspace   ] GC(254) Metaspace: 28908K(29184K)->28908K(29184K) NonClass: 24024K(24128K)->24024K(24128K) Class: 4883K(5056K)->4883K(5056K)
[1631.335s][info][gc             ] GC(254) Pause Young (Concurrent Start) (G1 Evacuation Pause) 3549M->1374M(4096M) 115.263ms
[1631.335s][info][gc             ] GC(255) Concurrent Mark Cycle
[1631.335s][info][gc,marking     ] GC(255) Concurrent Scan Root Regions
[1631.335s][info][gc,cpu         ] GC(254) User=0.69s Sys=0.00s Real=0.11s
[1631.455s][info][gc,marking     ] GC(255) Concurrent Scan Root Regions 119.701ms
[1631.455s][info][gc,marking     ] GC(255) Concurrent Mark
[1631.455s][info][gc,marking     ] GC(255) Concurrent Mark From Roots
[1631.455s][info][gc,task        ] GC(255) Using 2 workers of 2 for marking
.[1632.043s][info][gc,marking     ] GC(255) Concurrent Mark From Roots 587.957ms
[1632.043s][info][gc,marking     ] GC(255) Concurrent Preclean
[1632.043s][info][gc,marking     ] GC(255) Concurrent Preclean 0.057ms
[1632.043s][info][gc,start       ] GC(255) Pause Remark
[1632.046s][info][gc             ] GC(255) Pause Remark 1575M->1575M(4096M) 2.571ms
[1632.046s][info][gc,cpu         ] GC(255) User=0.01s Sys=0.00s Real=0.00s
[1632.046s][info][gc,marking     ] GC(255) Concurrent Mark 591.552ms
[1632.046s][info][gc,marking     ] GC(255) Concurrent Rebuild Remembered Sets and Scrub Regions
[1632.253s][info][gc,marking     ] GC(255) Concurrent Rebuild Remembered Sets and Scrub Regions 207.279ms
[1632.254s][info][gc,start       ] GC(255) Pause Cleanup
[1632.254s][info][gc             ] GC(255) Pause Cleanup 1627M->1627M(4096M) 0.115ms
[1632.254s][info][gc,cpu         ] GC(255) User=0.00s Sys=0.00s Real=0.00s
[1632.254s][info][gc,marking     ] GC(255) Concurrent Clear Claimed Marks
[1632.254s][info][gc,marking     ] GC(255) Concurrent Clear Claimed Marks 0.027ms
[1632.254s][info][gc,marking     ] GC(255) Concurrent Cleanup for Next Mark
[1632.257s][info][gc,marking     ] GC(255) Concurrent Cleanup for Next Mark 3.209ms
[1632.257s][info][gc             ] GC(255) Concurrent Mark Cycle 922.149ms
........[1639.949s][info][gc,start       ] GC(256) Pause Young (Prepare Mixed) (G1 Evacuation Pause)
[1639.949s][info][gc,task        ] GC(256) Using 6 workers of 6 for evacuation
[1640.066s][info][gc,phases      ] GC(256)   Pre Evacuate Collection Set: 0.33ms
[1640.066s][info][gc,phases      ] GC(256)   Merge Heap Roots: 0.53ms
[1640.066s][info][gc,phases      ] GC(256)   Evacuate Collection Set: 114.94ms
[1640.066s][info][gc,phases      ] GC(256)   Post Evacuate Collection Set: 0.93ms
[1640.066s][info][gc,phases      ] GC(256)   Other: 0.09ms
[1640.066s][info][gc,heap        ] GC(256) Eden regions: 1120->0(1115)
[1640.066s][info][gc,heap        ] GC(256) Survivor regions: 108->109(154)
[1640.066s][info][gc,heap        ] GC(256) Old regions: 500->532
[1640.066s][info][gc,heap        ] GC(256) Humongous regions: 80->80
[1640.066s][info][gc,metaspace   ] GC(256) Metaspace: 28908K(29184K)->28908K(29184K) NonClass: 24024K(24128K)->24024K(24128K) Class: 4883K(5056K)->4883K(5056K)
[1640.066s][info][gc             ] GC(256) Pause Young (Prepare Mixed) (G1 Evacuation Pause) 3614M->1439M(4096M) 116.968ms
[1640.066s][info][gc,cpu         ] GC(256) User=0.69s Sys=0.00s Real=0.11s
........[1648.519s][info][gc,start       ] GC(257) Pause Young (Mixed) (G1 Evacuation Pause)
[1648.519s][info][gc,task        ] GC(257) Using 6 workers of 6 for evacuation
[1648.650s][info][gc,phases      ] GC(257)   Pre Evacuate Collection Set: 0.40ms
[1648.650s][info][gc,phases      ] GC(257)   Merge Heap Roots: 0.74ms
[1648.650s][info][gc,phases      ] GC(257)   Evacuate Collection Set: 128.89ms
[1648.650s][info][gc,phases      ] GC(257)   Post Evacuate Collection Set: 0.95ms
[1648.650s][info][gc,phases      ] GC(257)   Other: 0.10ms
[1648.650s][info][gc,heap        ] GC(257) Eden regions: 1115->0(1118)
[1648.650s][info][gc,heap        ] GC(257) Survivor regions: 109->110(153)
[1648.650s][info][gc,heap        ] GC(257) Old regions: 532->469
[1648.650s][info][gc,heap        ] GC(257) Humongous regions: 80->80
[1648.650s][info][gc,metaspace   ] GC(257) Metaspace: 28908K(29184K)->28908K(29184K) NonClass: 24024K(24128K)->24024K(24128K) Class: 4883K(5056K)->4883K(5056K)
[1648.650s][info][gc             ] GC(257) Pause Young (Mixed) (G1 Evacuation Pause) 3669M->1315M(4096M) 131.219ms
[1648.650s][info][gc,cpu         ] GC(257) User=0.77s Sys=0.01s Real=0.13s
.........[1657.144s][info][gc,start       ] GC(258) Pause Young (Concurrent Start) (G1 Evacuation Pause)
[1657.144s][info][gc,task        ] GC(258) Using 6 workers of 6 for evacuation
[1657.261s][info][gc,phases      ] GC(258)   Pre Evacuate Collection Set: 0.42ms
[1657.261s][info][gc,phases      ] GC(258)   Merge Heap Roots: 0.48ms
[1657.261s][info][gc,phases      ] GC(258)   Evacuate Collection Set: 114.48ms
[1657.261s][info][gc,phases      ] GC(258)   Post Evacuate Collection Set: 0.90ms
[1657.261s][info][gc,phases      ] GC(258)   Other: 0.12ms
[1657.261s][info][gc,heap        ] GC(258) Eden regions: 1118->0(1119)
[1657.261s][info][gc,heap        ] GC(258) Survivor regions: 110->109(154)
[1657.261s][info][gc,heap        ] GC(258) Old regions: 469->500
[1657.261s][info][gc,heap        ] GC(258) Humongous regions: 80->80
[1657.261s][info][gc,metaspace   ] GC(258) Metaspace: 28908K(29184K)->28908K(29184K) NonClass: 24024K(24128K)->24024K(24128K) Class: 4883K(5056K)->4883K(5056K)
[1657.261s][info][gc             ] GC(258) Pause Young (Concurrent Start) (G1 Evacuation Pause) 3551M->1376M(4096M) 116.575ms
[1657.261s][info][gc             ] GC(259) Concurrent Mark Cycle
[1657.261s][info][gc,marking     ] GC(259) Concurrent Scan Root Regions
[1657.261s][info][gc,cpu         ] GC(258) User=0.69s Sys=0.00s Real=0.12s
[1657.388s][info][gc,marking     ] GC(259) Concurrent Scan Root Regions 127.191ms
[1657.388s][info][gc,marking     ] GC(259) Concurrent Mark
[1657.388s][info][gc,marking     ] GC(259) Concurrent Mark From Roots
[1657.388s][info][gc,task        ] GC(259) Using 2 workers of 2 for marking
.[1657.941s][info][gc,marking     ] GC(259) Concurrent Mark From Roots 552.968ms
[1657.941s][info][gc,marking     ] GC(259) Concurrent Preclean
[1657.941s][info][gc,marking     ] GC(259) Concurrent Preclean 0.054ms
[1657.941s][info][gc,start       ] GC(259) Pause Remark
[1657.944s][info][gc             ] GC(259) Pause Remark 1620M->1620M(4096M) 2.297ms
[1657.944s][info][gc,cpu         ] GC(259) User=0.01s Sys=0.00s Real=0.00s
[1657.944s][info][gc,marking     ] GC(259) Concurrent Mark 555.588ms
[1657.944s][info][gc,marking     ] GC(259) Concurrent Rebuild Remembered Sets and Scrub Regions
[1658.151s][info][gc,marking     ] GC(259) Concurrent Rebuild Remembered Sets and Scrub Regions 207.201ms
[1658.151s][info][gc,start       ] GC(259) Pause Cleanup
[1658.151s][info][gc             ] GC(259) Pause Cleanup 1674M->1674M(4096M) 0.121ms
[1658.151s][info][gc,cpu         ] GC(259) User=0.00s Sys=0.00s Real=0.00s
[1658.151s][info][gc,marking     ] GC(259) Concurrent Clear Claimed Marks
[1658.151s][info][gc,marking     ] GC(259) Concurrent Clear Claimed Marks 0.029ms
[1658.151s][info][gc,marking     ] GC(259) Concurrent Cleanup for Next Mark
[1658.155s][info][gc,marking     ] GC(259) Concurrent Cleanup for Next Mark 3.599ms
[1658.155s][info][gc             ] GC(259) Concurrent Mark Cycle 894.053ms
.......[1665.669s][info][gc,start       ] GC(260) Pause Young (Prepare Mixed) (G1 Evacuation Pause)
[1665.669s][info][gc,task        ] GC(260) Using 6 workers of 6 for evacuation
[1665.785s][info][gc,phases      ] GC(260)   Pre Evacuate Collection Set: 0.41ms
[1665.785s][info][gc,phases      ] GC(260)   Merge Heap Roots: 0.50ms
[1665.785s][info][gc,phases      ] GC(260)   Evacuate Collection Set: 113.82ms
[1665.785s][info][gc,phases      ] GC(260)   Post Evacuate Collection Set: 0.93ms
[1665.785s][info][gc,phases      ] GC(260)   Other: 0.09ms
[1665.785s][info][gc,heap        ] GC(260) Eden regions: 1119->0(1115)
[1665.785s][info][gc,heap        ] GC(260) Survivor regions: 109->109(154)
[1665.785s][info][gc,heap        ] GC(260) Old regions: 500->532
[1665.785s][info][gc,heap        ] GC(260) Humongous regions: 80->80
[1665.785s][info][gc,metaspace   ] GC(260) Metaspace: 28908K(29184K)->28908K(29184K) NonClass: 24024K(24128K)->24024K(24128K) Class: 4883K(5056K)->4883K(5056K)
[1665.785s][info][gc             ] GC(260) Pause Young (Prepare Mixed) (G1 Evacuation Pause) 3614M->1440M(4096M) 115.904ms
[1665.785s][info][gc,cpu         ] GC(260) User=0.69s Sys=0.00s Real=0.11s
.........[1674.264s][info][gc,start       ] GC(261) Pause Young (Mixed) (G1 Evacuation Pause)
[1674.264s][info][gc,task        ] GC(261) Using 6 workers of 6 for evacuation
[1674.396s][info][gc,phases      ] GC(261)   Pre Evacuate Collection Set: 0.41ms
[1674.396s][info][gc,phases      ] GC(261)   Merge Heap Roots: 0.79ms
[1674.396s][info][gc,phases      ] GC(261)   Evacuate Collection Set: 129.99ms
[1674.396s][info][gc,phases      ] GC(261)   Post Evacuate Collection Set: 0.98ms
[1674.396s][info][gc,phases      ] GC(261)   Other: 0.09ms
[1674.396s][info][gc,heap        ] GC(261) Eden regions: 1115->0(1120)
[1674.396s][info][gc,heap        ] GC(261) Survivor regions: 109->108(153)
[1674.396s][info][gc,heap        ] GC(261) Old regions: 532->468
[1674.396s][info][gc,heap        ] GC(261) Humongous regions: 80->80
[1674.396s][info][gc,metaspace   ] GC(261) Metaspace: 28908K(29184K)->28908K(29184K) NonClass: 24024K(24128K)->24024K(24128K) Class: 4883K(5056K)->4883K(5056K)
[1674.396s][info][gc             ] GC(261) Pause Young (Mixed) (G1 Evacuation Pause) 3670M->1309M(4096M) 132.379ms
[1674.396s][info][gc,cpu         ] GC(261) User=0.79s Sys=0.00s Real=0.13s
.........[1682.851s][info][gc,start       ] GC(262) Pause Young (Concurrent Start) (G1 Evacuation Pause)
[1682.851s][info][gc,task        ] GC(262) Using 6 workers of 6 for evacuation
[1682.969s][info][gc,phases      ] GC(262)   Pre Evacuate Collection Set: 0.42ms
[1682.969s][info][gc,phases      ] GC(262)   Merge Heap Roots: 0.50ms
[1682.969s][info][gc,phases      ] GC(262)   Evacuate Collection Set: 115.68ms
[1682.969s][info][gc,phases      ] GC(262)   Post Evacuate Collection Set: 0.88ms
[1682.969s][info][gc,phases      ] GC(262)   Other: 0.13ms
[1682.969s][info][gc,heap        ] GC(262) Eden regions: 1120->0(1118)
[1682.969s][info][gc,heap        ] GC(262) Survivor regions: 108->110(154)
[1682.969s][info][gc,heap        ] GC(262) Old regions: 468->499
[1682.969s][info][gc,heap        ] GC(262) Humongous regions: 80->80
[1682.969s][info][gc,metaspace   ] GC(262) Metaspace: 28908K(29184K)->28908K(29184K) NonClass: 24024K(24128K)->24024K(24128K) Class: 4883K(5056K)->4883K(5056K)
[1682.969s][info][gc             ] GC(262) Pause Young (Concurrent Start) (G1 Evacuation Pause) 3549M->1376M(4096M) 117.731ms
[1682.969s][info][gc             ] GC(263) Concurrent Mark Cycle
[1682.969s][info][gc,marking     ] GC(263) Concurrent Scan Root Regions
[1682.969s][info][gc,cpu         ] GC(262) User=0.70s Sys=0.00s Real=0.12s
[1683.142s][info][gc,marking     ] GC(263) Concurrent Scan Root Regions 172.878ms
[1683.142s][info][gc,marking     ] GC(263) Concurrent Mark
[1683.142s][info][gc,marking     ] GC(263) Concurrent Mark From Roots
[1683.142s][info][gc,task        ] GC(263) Using 2 workers of 2 for marking
.[1684.056s][info][gc,marking     ] GC(263) Concurrent Mark From Roots 914.040ms
[1684.056s][info][gc,marking     ] GC(263) Concurrent Preclean
[1684.056s][info][gc,marking     ] GC(263) Concurrent Preclean 0.040ms
[1684.056s][info][gc,start       ] GC(263) Pause Remark
[1684.059s][info][gc             ] GC(263) Pause Remark 1672M->1672M(4096M) 2.662ms
[1684.059s][info][gc,cpu         ] GC(263) User=0.02s Sys=0.00s Real=0.01s
[1684.060s][info][gc,marking     ] GC(263) Concurrent Mark 917.577ms
[1684.060s][info][gc,marking     ] GC(263) Concurrent Rebuild Remembered Sets and Scrub Regions
[1684.290s][info][gc,marking     ] GC(263) Concurrent Rebuild Remembered Sets and Scrub Regions 229.794ms
[1684.290s][info][gc,start       ] GC(263) Pause Cleanup
[1684.290s][info][gc             ] GC(263) Pause Cleanup 1744M->1744M(4096M) 0.127ms
[1684.290s][info][gc,cpu         ] GC(263) User=0.00s Sys=0.00s Real=0.00s
[1684.290s][info][gc,marking     ] GC(263) Concurrent Clear Claimed Marks
[1684.290s][info][gc,marking     ] GC(263) Concurrent Clear Claimed Marks 0.026ms
[1684.290s][info][gc,marking     ] GC(263) Concurrent Cleanup for Next Mark
[1684.293s][info][gc,marking     ] GC(263) Concurrent Cleanup for Next Mark 3.164ms
[1684.293s][info][gc             ] GC(263) Concurrent Mark Cycle 1323.935ms
..... (rIR:aIR:PR = 2214:2215:2215) (tPR = 33115) [OK] 
  1688s: Performance info:
         Transaction,    Success,    Partial,     Failed,   Receipts, AvgBarcode, 
             Overall,     133010,          0,          0,     126366,      59.48, 
         Response times:
             Request,    Success,    Partial,     Failed,   SkipFail,     Probes,    Samples,      min,      p50,      p90,      p95,      p99,      max, 
       TotalPurchase,     126351,          0,          0,          0,     123052,     141165,      300,     1900,     3000,     3400,     8100,   148000,
     InStorePurchase,      66507,          0,          0,          0,      64917,      74280,      300,     1900,     3000,     3400,     8000,   148000,
      OnlinePurchase,      46535,          0,          0,          0,      45411,      52004,      300,     2000,     3000,     3500,     8200,   148000,
        InstPurchase,      13309,          0,          0,          0,      12724,      14881,      400,     1800,     3000,     3400,     8136,   139000,
          AssocOfCat,        132,          0,          0,          0,         89,        124,    17700,    25000,    30000,    33750,   135000,   160000,
      AssocOfProduct,       1321,          0,          0,          0,       1181,       1480,      500,     2000,     2900,     3300,     8871,   137000,
      BusinessReport,        334,          0,          0,          0,        273,        405,    19400,    29000,    36400,    42000,    60000,   156000,
          CustBuyBeh,       1327,          0,          0,          0,       1197,       1521,      300,     1700,     2700,     3200,     6834,   121000,
       ProductReturn,       3531,          0,          0,          0,       3244,       3883,      200,     2300,     3200,     3800,    11300,   120000,

  1688s: (17%)   IR =   2352 ..[1691.262s][info][gc,start       ] GC(264) Pause Young (Prepare Mixed) (G1 Evacuation Pause)
[1691.262s][info][gc,task        ] GC(264) Using 6 workers of 6 for evacuation
[1691.381s][info][gc,phases      ] GC(264)   Pre Evacuate Collection Set: 0.34ms
[1691.381s][info][gc,phases      ] GC(264)   Merge Heap Roots: 0.51ms
[1691.381s][info][gc,phases      ] GC(264)   Evacuate Collection Set: 116.87ms
[1691.381s][info][gc,phases      ] GC(264)   Post Evacuate Collection Set: 0.96ms
[1691.381s][info][gc,phases      ] GC(264)   Other: 0.08ms
[1691.381s][info][gc,heap        ] GC(264) Eden regions: 1118->0(1114)
[1691.381s][info][gc,heap        ] GC(264) Survivor regions: 110->110(154)
[1691.381s][info][gc,heap        ] GC(264) Old regions: 499->531
[1691.381s][info][gc,heap        ] GC(264) Humongous regions: 80->80
[1691.381s][info][gc,metaspace   ] GC(264) Metaspace: 28908K(29184K)->28908K(29184K) NonClass: 24024K(24128K)->24024K(24128K) Class: 4883K(5056K)->4883K(5056K)
[1691.381s][info][gc             ] GC(264) Pause Young (Prepare Mixed) (G1 Evacuation Pause) 3612M->1440M(4096M) 118.893ms
[1691.381s][info][gc,cpu         ] GC(264) User=0.71s Sys=0.00s Real=0.12s
...|.....[1699.312s][info][gc,start       ] GC(265) Pause Young (Mixed) (G1 Evacuation Pause)
[1699.312s][info][gc,task        ] GC(265) Using 6 workers of 6 for evacuation
[1699.442s][info][gc,phases      ] GC(265)   Pre Evacuate Collection Set: 0.45ms
[1699.442s][info][gc,phases      ] GC(265)   Merge Heap Roots: 0.71ms
[1699.442s][info][gc,phases      ] GC(265)   Evacuate Collection Set: 127.19ms
[1699.442s][info][gc,phases      ] GC(265)   Post Evacuate Collection Set: 1.00ms
[1699.442s][info][gc,phases      ] GC(265)   Other: 0.09ms
[1699.442s][info][gc,heap        ] GC(265) Eden regions: 1114->0(1120)
[1699.442s][info][gc,heap        ] GC(265) Survivor regions: 110->108(153)
[1699.442s][info][gc,heap        ] GC(265) Old regions: 531->467
[1699.442s][info][gc,heap        ] GC(265) Humongous regions: 80->80
[1699.442s][info][gc,metaspace   ] GC(265) Metaspace: 28908K(29184K)->28908K(29184K) NonClass: 24024K(24128K)->24024K(24128K) Class: 4883K(5056K)->4883K(5056K)
[1699.442s][info][gc             ] GC(265) Pause Young (Mixed) (G1 Evacuation Pause) 3668M->1308M(4096M) 129.608ms
[1699.442s][info][gc,cpu         ] GC(265) User=0.77s Sys=0.00s Real=0.13s
........[1707.595s][info][gc,start       ] GC(266) Pause Young (Concurrent Start) (G1 Evacuation Pause)
[1707.595s][info][gc,task        ] GC(266) Using 6 workers of 6 for evacuation
[1707.711s][info][gc,phases      ] GC(266)   Pre Evacuate Collection Set: 0.40ms
[1707.712s][info][gc,phases      ] GC(266)   Merge Heap Roots: 0.48ms
[1707.712s][info][gc,phases      ] GC(266)   Evacuate Collection Set: 114.78ms
[1707.712s][info][gc,phases      ] GC(266)   Post Evacuate Collection Set: 0.89ms
[1707.712s][info][gc,phases      ] GC(266)   Other: 0.10ms
[1707.712s][info][gc,heap        ] GC(266) Eden regions: 1120->0(1118)
[1707.712s][info][gc,heap        ] GC(266) Survivor regions: 108->110(154)
[1707.712s][info][gc,heap        ] GC(266) Old regions: 467->499
[1707.712s][info][gc,heap        ] GC(266) Humongous regions: 80->80
[1707.712s][info][gc,metaspace   ] GC(266) Metaspace: 28908K(29184K)->28908K(29184K) NonClass: 24024K(24128K)->24024K(24128K) Class: 4883K(5056K)->4883K(5056K)
[1707.712s][info][gc             ] GC(266) Pause Young (Concurrent Start) (G1 Evacuation Pause) 3548M->1376M(4096M) 116.763ms
[1707.712s][info][gc             ] GC(267) Concurrent Mark Cycle
[1707.712s][info][gc,marking     ] GC(267) Concurrent Scan Root Regions
[1707.712s][info][gc,cpu         ] GC(266) User=0.70s Sys=0.00s Real=0.12s
[1707.870s][info][gc,marking     ] GC(267) Concurrent Scan Root Regions 158.490ms
[1707.870s][info][gc,marking     ] GC(267) Concurrent Mark
[1707.870s][info][gc,marking     ] GC(267) Concurrent Mark From Roots
[1707.870s][info][gc,task        ] GC(267) Using 2 workers of 2 for marking
.[1708.437s][info][gc,marking     ] GC(267) Concurrent Mark From Roots 566.594ms
[1708.437s][info][gc,marking     ] GC(267) Concurrent Preclean
[1708.437s][info][gc,marking     ] GC(267) Concurrent Preclean 0.047ms
[1708.437s][info][gc,start       ] GC(267) Pause Remark
[1708.439s][info][gc             ] GC(267) Pause Remark 1652M->1652M(4096M) 2.398ms
[1708.439s][info][gc,cpu         ] GC(267) User=0.01s Sys=0.00s Real=0.01s
[1708.439s][info][gc,marking     ] GC(267) Concurrent Mark 569.283ms
[1708.439s][info][gc,marking     ] GC(267) Concurrent Rebuild Remembered Sets and Scrub Regions
[1708.652s][info][gc,marking     ] GC(267) Concurrent Rebuild Remembered Sets and Scrub Regions 212.412ms
[1708.652s][info][gc,start       ] GC(267) Pause Cleanup
[1708.652s][info][gc             ] GC(267) Pause Cleanup 1709M->1709M(4096M) 0.129ms
[1708.652s][info][gc,cpu         ] GC(267) User=0.00s Sys=0.00s Real=0.00s
[1708.652s][info][gc,marking     ] GC(267) Concurrent Clear Claimed Marks
[1708.652s][info][gc,marking     ] GC(267) Concurrent Clear Claimed Marks 0.035ms
[1708.652s][info][gc,marking     ] GC(267) Concurrent Cleanup for Next Mark
[1708.656s][info][gc,marking     ] GC(267) Concurrent Cleanup for Next Mark 3.811ms
[1708.656s][info][gc             ] GC(267) Concurrent Mark Cycle 944.705ms
.......[1715.536s][info][gc,start       ] GC(268) Pause Young (Prepare Mixed) (G1 Evacuation Pause)
[1715.536s][info][gc,task        ] GC(268) Using 6 workers of 6 for evacuation
[1715.653s][info][gc,phases      ] GC(268)   Pre Evacuate Collection Set: 0.40ms
[1715.653s][info][gc,phases      ] GC(268)   Merge Heap Roots: 0.56ms
[1715.653s][info][gc,phases      ] GC(268)   Evacuate Collection Set: 114.76ms
[1715.653s][info][gc,phases      ] GC(268)   Post Evacuate Collection Set: 0.95ms
[1715.653s][info][gc,phases      ] GC(268)   Other: 0.09ms
[1715.653s][info][gc,heap        ] GC(268) Eden regions: 1118->0(1117)
[1715.653s][info][gc,heap        ] GC(268) Survivor regions: 110->109(154)
[1715.653s][info][gc,heap        ] GC(268) Old regions: 499->530
[1715.653s][info][gc,heap        ] GC(268) Humongous regions: 80->80
[1715.653s][info][gc,metaspace   ] GC(268) Metaspace: 28908K(29184K)->28908K(29184K) NonClass: 24024K(24128K)->24024K(24128K) Class: 4883K(5056K)->4883K(5056K)
[1715.653s][info][gc             ] GC(268) Pause Young (Prepare Mixed) (G1 Evacuation Pause) 3612M->1435M(4096M) 116.931ms
[1715.653s][info][gc,cpu         ] GC(268) User=0.70s Sys=0.00s Real=0.12s
........[1723.665s][info][gc,start       ] GC(269) Pause Young (Mixed) (G1 Evacuation Pause)
[1723.665s][info][gc,task        ] GC(269) Using 6 workers of 6 for evacuation
[1723.800s][info][gc,phases      ] GC(269)   Pre Evacuate Collection Set: 0.37ms
[1723.800s][info][gc,phases      ] GC(269)   Merge Heap Roots: 0.78ms
[1723.800s][info][gc,phases      ] GC(269)   Evacuate Collection Set: 132.79ms
[1723.800s][info][gc,phases      ] GC(269)   Post Evacuate Collection Set: 0.97ms
[1723.800s][info][gc,phases      ] GC(269)   Other: 0.09ms
[1723.800s][info][gc,heap        ] GC(269) Eden regions: 1117->0(1119)
[1723.800s][info][gc,heap        ] GC(269) Survivor regions: 109->109(154)
[1723.800s][info][gc,heap        ] GC(269) Old regions: 530->468
[1723.800s][info][gc,heap        ] GC(269) Humongous regions: 80->80
[1723.800s][info][gc,metaspace   ] GC(269) Metaspace: 28908K(29184K)->28908K(29184K) NonClass: 24024K(24128K)->24024K(24128K) Class: 4883K(5056K)->4883K(5056K)
[1723.800s][info][gc             ] GC(269) Pause Young (Mixed) (G1 Evacuation Pause) 3669M->1311M(4096M) 135.120ms
[1723.800s][info][gc,cpu         ] GC(269) User=0.80s Sys=0.00s Real=0.14s
........[1731.670s][info][gc,start       ] GC(270) Pause Young (Concurrent Start) (G1 Evacuation Pause)
[1731.670s][info][gc,task        ] GC(270) Using 6 workers of 6 for evacuation
[1731.785s][info][gc,phases      ] GC(270)   Pre Evacuate Collection Set: 0.39ms
[1731.785s][info][gc,phases      ] GC(270)   Merge Heap Roots: 0.53ms
[1731.785s][info][gc,phases      ] GC(270)   Evacuate Collection Set: 112.78ms
[1731.785s][info][gc,phases      ] GC(270)   Post Evacuate Collection Set: 0.88ms
[1731.785s][info][gc,phases      ] GC(270)   Other: 0.15ms
[1731.785s][info][gc,heap        ] GC(270) Eden regions: 1119->0(1121)
[1731.785s][info][gc,heap        ] GC(270) Survivor regions: 109->107(154)
[1731.785s][info][gc,heap        ] GC(270) Old regions: 468->499
[1731.785s][info][gc,heap        ] GC(270) Humongous regions: 80->80
[1731.785s][info][gc,metaspace   ] GC(270) Metaspace: 28908K(29184K)->28908K(29184K) NonClass: 24024K(24128K)->24024K(24128K) Class: 4883K(5056K)->4883K(5056K)
[1731.785s][info][gc             ] GC(270) Pause Young (Concurrent Start) (G1 Evacuation Pause) 3549M->1371M(4096M) 114.885ms
[1731.785s][info][gc             ] GC(271) Concurrent Mark Cycle
[1731.785s][info][gc,marking     ] GC(271) Concurrent Scan Root Regions
[1731.785s][info][gc,cpu         ] GC(270) User=0.68s Sys=0.00s Real=0.11s
.[1731.901s][info][gc,marking     ] GC(271) Concurrent Scan Root Regions 115.842ms
[1731.901s][info][gc,marking     ] GC(271) Concurrent Mark
[1731.901s][info][gc,marking     ] GC(271) Concurrent Mark From Roots
[1731.901s][info][gc,task        ] GC(271) Using 2 workers of 2 for marking
[1732.448s][info][gc,marking     ] GC(271) Concurrent Mark From Roots 547.061ms
[1732.448s][info][gc,marking     ] GC(271) Concurrent Preclean
[1732.448s][info][gc,marking     ] GC(271) Concurrent Preclean 0.037ms
[1732.448s][info][gc,start       ] GC(271) Pause Remark
[1732.451s][info][gc             ] GC(271) Pause Remark 1582M->1582M(4096M) 2.290ms
[1732.451s][info][gc,cpu         ] GC(271) User=0.01s Sys=0.00s Real=0.00s
[1732.451s][info][gc,marking     ] GC(271) Concurrent Mark 549.652ms
[1732.451s][info][gc,marking     ] GC(271) Concurrent Rebuild Remembered Sets and Scrub Regions
[1732.702s][info][gc,marking     ] GC(271) Concurrent Rebuild Remembered Sets and Scrub Regions 251.276ms
[1732.702s][info][gc,start       ] GC(271) Pause Cleanup
[1732.702s][info][gc             ] GC(271) Pause Cleanup 1657M->1657M(4096M) 0.168ms
[1732.702s][info][gc,cpu         ] GC(271) User=0.00s Sys=0.00s Real=0.00s
[1732.702s][info][gc,marking     ] GC(271) Concurrent Clear Claimed Marks
[1732.702s][info][gc,marking     ] GC(271) Concurrent Clear Claimed Marks 0.030ms
[1732.702s][info][gc,marking     ] GC(271) Concurrent Cleanup for Next Mark
[1732.706s][info][gc,marking     ] GC(271) Concurrent Cleanup for Next Mark 3.494ms
[1732.706s][info][gc             ] GC(271) Concurrent Mark Cycle 920.851ms
.......[1739.842s][info][gc,start       ] GC(272) Pause Young (Prepare Mixed) (G1 Evacuation Pause)
[1739.842s][info][gc,task        ] GC(272) Using 6 workers of 6 for evacuation
[1739.958s][info][gc,phases      ] GC(272)   Pre Evacuate Collection Set: 0.34ms
[1739.958s][info][gc,phases      ] GC(272)   Merge Heap Roots: 0.54ms
[1739.958s][info][gc,phases      ] GC(272)   Evacuate Collection Set: 113.99ms
[1739.958s][info][gc,phases      ] GC(272)   Post Evacuate Collection Set: 0.94ms
[1739.958s][info][gc,phases      ] GC(272)   Other: 0.09ms
[1739.958s][info][gc,heap        ] GC(272) Eden regions: 1121->0(1118)
[1739.958s][info][gc,heap        ] GC(272) Survivor regions: 107->108(154)
[1739.958s][info][gc,heap        ] GC(272) Old regions: 499->531
[1739.958s][info][gc,heap        ] GC(272) Humongous regions: 80->80
[1739.958s][info][gc,metaspace   ] GC(272) Metaspace: 28908K(29184K)->28908K(29184K) NonClass: 24024K(24128K)->24024K(24128K) Class: 4883K(5056K)->4883K(5056K)
[1739.958s][info][gc             ] GC(272) Pause Young (Prepare Mixed) (G1 Evacuation Pause) 3613M->1436M(4096M) 116.038ms
[1739.958s][info][gc,cpu         ] GC(272) User=0.68s Sys=0.00s Real=0.12s
.........[1748.029s][info][gc,start       ] GC(273) Pause Young (Mixed) (G1 Evacuation Pause)
[1748.029s][info][gc,task        ] GC(273) Using 6 workers of 6 for evacuation
[1748.161s][info][gc,phases      ] GC(273)   Pre Evacuate Collection Set: 0.43ms
[1748.161s][info][gc,phases      ] GC(273)   Merge Heap Roots: 0.82ms
[1748.161s][info][gc,phases      ] GC(273)   Evacuate Collection Set: 129.57ms
[1748.161s][info][gc,phases      ] GC(273)   Post Evacuate Collection Set: 0.97ms
[1748.161s][info][gc,phases      ] GC(273)   Other: 0.10ms
[1748.161s][info][gc,heap        ] GC(273) Eden regions: 1118->0(1119)
[1748.161s][info][gc,heap        ] GC(273) Survivor regions: 108->109(154)
[1748.161s][info][gc,heap        ] GC(273) Old regions: 531->468
[1748.161s][info][gc,heap        ] GC(273) Humongous regions: 80->80
[1748.161s][info][gc,metaspace   ] GC(273) Metaspace: 28909K(29184K)->28909K(29184K) NonClass: 24025K(24128K)->24025K(24128K) Class: 4883K(5056K)->4883K(5056K)
[1748.161s][info][gc             ] GC(273) Pause Young (Mixed) (G1 Evacuation Pause) 3672M->1313M(4096M) 132.022ms
[1748.161s][info][gc,cpu         ] GC(273) User=0.78s Sys=0.00s Real=0.13s
...... (rIR:aIR:PR = 2352:2352:2352) (tPR = 34927) [OK] 
  1753s: Performance info:
         Transaction,    Success,    Partial,     Failed,   Receipts, AvgBarcode, 
             Overall,     141375,          0,          0,     134286,      59.48, 
         Response times:
             Request,    Success,    Partial,     Failed,   SkipFail,     Probes,    Samples,      min,      p50,      p90,      p95,      p99,      max, 
       TotalPurchase,     134286,          0,          0,          0,     130881,     142770,      300,     2100,     3200,     3600,    11000,   149000,
     InStorePurchase,      70652,          0,          0,          0,      68972,      74978,      300,     2000,     3200,     3600,    11000,   149000,
      OnlinePurchase,      49499,          0,          0,          0,      48298,      52702,      300,     2100,     3100,     3600,    10600,   140000,
        InstPurchase,      14135,          0,          0,          0,      13611,      15090,      400,     2100,     3200,     3600,    11000,   140000,
          AssocOfCat,        146,          0,          0,          0,         96,        125,    17800,    26000,    31000,    33700,    59720,    67000,
      AssocOfProduct,       1414,          0,          0,          0,       1246,       1468,      600,     2300,     3300,     3755,    13755,   123000,
      BusinessReport,        355,          0,          0,          0,        279,        366,    19200,    29000,    37000,    41000,    59330,   149000,
          CustBuyBeh,       1415,          0,          0,          0,       1261,       1513,      400,     1800,     2800,     3330,     7900,   122000,
       ProductReturn,       3759,          0,          0,          0,       3447,       3877,      200,     1600,     2900,     3300,    10400,   140000,

  1753s: (18%)   IR =   2491 .[1755.873s][info][gc,start       ] GC(274) Pause Young (Concurrent Start) (G1 Evacuation Pause)
[1755.873s][info][gc,task        ] GC(274) Using 6 workers of 6 for evacuation
[1755.990s][info][gc,phases      ] GC(274)   Pre Evacuate Collection Set: 0.42ms
[1755.990s][info][gc,phases      ] GC(274)   Merge Heap Roots: 0.52ms
[1755.990s][info][gc,phases      ] GC(274)   Evacuate Collection Set: 114.96ms
[1755.990s][info][gc,phases      ] GC(274)   Post Evacuate Collection Set: 0.96ms
[1755.990s][info][gc,phases      ] GC(274)   Other: 0.11ms
[1755.990s][info][gc,heap        ] GC(274) Eden regions: 1119->0(1120)
[1755.990s][info][gc,heap        ] GC(274) Survivor regions: 109->108(154)
[1755.990s][info][gc,heap        ] GC(274) Old regions: 468->500
[1755.990s][info][gc,heap        ] GC(274) Humongous regions: 80->80
[1755.990s][info][gc,metaspace   ] GC(274) Metaspace: 28915K(29248K)->28915K(29248K) NonClass: 24031K(24192K)->24031K(24192K) Class: 4883K(5056K)->4883K(5056K)
[1755.990s][info][gc             ] GC(274) Pause Young (Concurrent Start) (G1 Evacuation Pause) 3551M->1375M(4096M) 117.104ms
[1755.990s][info][gc             ] GC(275) Concurrent Mark Cycle
[1755.990s][info][gc,marking     ] GC(275) Concurrent Scan Root Regions
[1755.990s][info][gc,cpu         ] GC(274) User=0.69s Sys=0.01s Real=0.12s
.[1756.107s][info][gc,marking     ] GC(275) Concurrent Scan Root Regions 116.916ms
[1756.107s][info][gc,marking     ] GC(275) Concurrent Mark
[1756.107s][info][gc,marking     ] GC(275) Concurrent Mark From Roots
[1756.107s][info][gc,task        ] GC(275) Using 2 workers of 2 for marking
[1756.661s][info][gc,marking     ] GC(275) Concurrent Mark From Roots 553.884ms
[1756.661s][info][gc,marking     ] GC(275) Concurrent Preclean
[1756.661s][info][gc,marking     ] GC(275) Concurrent Preclean 0.045ms
[1756.661s][info][gc,start       ] GC(275) Pause Remark
[1756.664s][info][gc             ] GC(275) Pause Remark 1608M->1608M(4096M) 2.564ms
[1756.664s][info][gc,cpu         ] GC(275) User=0.01s Sys=0.00s Real=0.00s
[1756.664s][info][gc,marking     ] GC(275) Concurrent Mark 556.732ms
[1756.664s][info][gc,marking     ] GC(275) Concurrent Rebuild Remembered Sets and Scrub Regions
[1756.876s][info][gc,marking     ] GC(275) Concurrent Rebuild Remembered Sets and Scrub Regions 212.010ms
[1756.877s][info][gc,start       ] GC(275) Pause Cleanup
[1756.877s][info][gc             ] GC(275) Pause Cleanup 1673M->1673M(4096M) 0.137ms
[1756.877s][info][gc,cpu         ] GC(275) User=0.00s Sys=0.00s Real=0.00s
[1756.877s][info][gc,marking     ] GC(275) Concurrent Clear Claimed Marks
[1756.877s][info][gc,marking     ] GC(275) Concurrent Clear Claimed Marks 0.036ms
[1756.877s][info][gc,marking     ] GC(275) Concurrent Cleanup for Next Mark
[1756.881s][info][gc,marking     ] GC(275) Concurrent Cleanup for Next Mark 3.487ms
[1756.881s][info][gc             ] GC(275) Concurrent Mark Cycle 890.570ms
...|....[1763.460s][info][gc,start       ] GC(276) Pause Young (Prepare Mixed) (G1 Evacuation Pause)
[1763.460s][info][gc,task        ] GC(276) Using 6 workers of 6 for evacuation
[1763.576s][info][gc,phases      ] GC(276)   Pre Evacuate Collection Set: 0.34ms
[1763.576s][info][gc,phases      ] GC(276)   Merge Heap Roots: 0.54ms
[1763.576s][info][gc,phases      ] GC(276)   Evacuate Collection Set: 114.37ms
[1763.576s][info][gc,phases      ] GC(276)   Post Evacuate Collection Set: 0.94ms
[1763.576s][info][gc,phases      ] GC(276)   Other: 0.08ms
[1763.576s][info][gc,heap        ] GC(276) Eden regions: 1120->0(1117)
[1763.576s][info][gc,heap        ] GC(276) Survivor regions: 108->108(154)
[1763.576s][info][gc,heap        ] GC(276) Old regions: 500->532
[1763.576s][info][gc,heap        ] GC(276) Humongous regions: 80->80
[1763.576s][info][gc,metaspace   ] GC(276) Metaspace: 28915K(29248K)->28915K(29248K) NonClass: 24031K(24192K)->24031K(24192K) Class: 4883K(5056K)->4883K(5056K)
[1763.576s][info][gc             ] GC(276) Pause Young (Prepare Mixed) (G1 Evacuation Pause) 3615M->1439M(4096M) 116.392ms
[1763.576s][info][gc,cpu         ] GC(276) User=0.69s Sys=0.00s Real=0.11s
........[1771.166s][info][gc,start       ] GC(277) Pause Young (Mixed) (G1 Evacuation Pause)
[1771.166s][info][gc,task        ] GC(277) Using 6 workers of 6 for evacuation
[1771.298s][info][gc,phases      ] GC(277)   Pre Evacuate Collection Set: 0.36ms
[1771.298s][info][gc,phases      ] GC(277)   Merge Heap Roots: 0.64ms
[1771.298s][info][gc,phases      ] GC(277)   Evacuate Collection Set: 129.93ms
[1771.298s][info][gc,phases      ] GC(277)   Post Evacuate Collection Set: 0.97ms
[1771.298s][info][gc,phases      ] GC(277)   Other: 0.08ms
[1771.298s][info][gc,heap        ] GC(277) Eden regions: 1117->0(1118)
[1771.298s][info][gc,heap        ] GC(277) Survivor regions: 108->110(154)
[1771.298s][info][gc,heap        ] GC(277) Old regions: 532->468
[1771.298s][info][gc,heap        ] GC(277) Humongous regions: 80->80
[1771.298s][info][gc,metaspace   ] GC(277) Metaspace: 28915K(29248K)->28915K(29248K) NonClass: 24031K(24192K)->24031K(24192K) Class: 4883K(5056K)->4883K(5056K)
[1771.298s][info][gc             ] GC(277) Pause Young (Mixed) (G1 Evacuation Pause) 3673M->1315M(4096M) 132.116ms
[1771.298s][info][gc,cpu         ] GC(277) User=0.78s Sys=0.00s Real=0.14s
.......[1778.773s][info][gc,start       ] GC(278) Pause Young (Concurrent Start) (G1 Evacuation Pause)
[1778.773s][info][gc,task        ] GC(278) Using 6 workers of 6 for evacuation
[1778.888s][info][gc,phases      ] GC(278)   Pre Evacuate Collection Set: 0.37ms
[1778.888s][info][gc,phases      ] GC(278)   Merge Heap Roots: 0.51ms
[1778.888s][info][gc,phases      ] GC(278)   Evacuate Collection Set: 113.33ms
[1778.888s][info][gc,phases      ] GC(278)   Post Evacuate Collection Set: 0.90ms
[1778.889s][info][gc,phases      ] GC(278)   Other: 0.10ms
[1778.889s][info][gc,heap        ] GC(278) Eden regions: 1118->0(1119)
[1778.889s][info][gc,heap        ] GC(278) Survivor regions: 110->109(154)
[1778.889s][info][gc,heap        ] GC(278) Old regions: 468->500
[1778.889s][info][gc,heap        ] GC(278) Humongous regions: 80->80
[1778.889s][info][gc,metaspace   ] GC(278) Metaspace: 28916K(29248K)->28916K(29248K) NonClass: 24032K(24192K)->24032K(24192K) Class: 4883K(5056K)->4883K(5056K)
[1778.889s][info][gc             ] GC(278) Pause Young (Concurrent Start) (G1 Evacuation Pause) 3551M->1375M(4096M) 115.343ms
[1778.889s][info][gc             ] GC(279) Concurrent Mark Cycle
[1778.889s][info][gc,marking     ] GC(279) Concurrent Scan Root Regions
[1778.889s][info][gc,cpu         ] GC(278) User=0.69s Sys=0.00s Real=0.12s
.[1779.028s][info][gc,marking     ] GC(279) Concurrent Scan Root Regions 139.019ms
[1779.028s][info][gc,marking     ] GC(279) Concurrent Mark
[1779.028s][info][gc,marking     ] GC(279) Concurrent Mark From Roots
[1779.028s][info][gc,task        ] GC(279) Using 2 workers of 2 for marking
[1779.601s][info][gc,marking     ] GC(279) Concurrent Mark From Roots 573.729ms
[1779.601s][info][gc,marking     ] GC(279) Concurrent Preclean
[1779.601s][info][gc,marking     ] GC(279) Concurrent Preclean 0.039ms
[1779.602s][info][gc,start       ] GC(279) Pause Remark
[1779.604s][info][gc             ] GC(279) Pause Remark 1628M->1628M(4096M) 2.182ms
[1779.604s][info][gc,cpu         ] GC(279) User=0.01s Sys=0.00s Real=0.00s
[1779.604s][info][gc,marking     ] GC(279) Concurrent Mark 576.178ms
[1779.604s][info][gc,marking     ] GC(279) Concurrent Rebuild Remembered Sets and Scrub Regions
[1779.822s][info][gc,marking     ] GC(279) Concurrent Rebuild Remembered Sets and Scrub Regions 218.257ms
[1779.822s][info][gc,start       ] GC(279) Pause Cleanup
[1779.822s][info][gc             ] GC(279) Pause Cleanup 1695M->1695M(4096M) 0.150ms
[1779.822s][info][gc,cpu         ] GC(279) User=0.00s Sys=0.00s Real=0.00s
[1779.822s][info][gc,marking     ] GC(279) Concurrent Clear Claimed Marks
[1779.822s][info][gc,marking     ] GC(279) Concurrent Clear Claimed Marks 0.032ms
[1779.822s][info][gc,marking     ] GC(279) Concurrent Cleanup for Next Mark
[1779.826s][info][gc,marking     ] GC(279) Concurrent Cleanup for Next Mark 3.191ms
[1779.826s][info][gc             ] GC(279) Concurrent Mark Cycle 937.152ms
.......[1786.333s][info][gc,start       ] GC(280) Pause Young (Prepare Mixed) (G1 Evacuation Pause)
[1786.333s][info][gc,task        ] GC(280) Using 6 workers of 6 for evacuation
[1786.453s][info][gc,phases      ] GC(280)   Pre Evacuate Collection Set: 0.35ms
[1786.453s][info][gc,phases      ] GC(280)   Merge Heap Roots: 0.69ms
[1786.453s][info][gc,phases      ] GC(280)   Evacuate Collection Set: 118.42ms
[1786.453s][info][gc,phases      ] GC(280)   Post Evacuate Collection Set: 0.94ms
[1786.453s][info][gc,phases      ] GC(280)   Other: 0.09ms
[1786.453s][info][gc,heap        ] GC(280) Eden regions: 1119->0(1114)
[1786.453s][info][gc,heap        ] GC(280) Survivor regions: 109->110(154)
[1786.453s][info][gc,heap        ] GC(280) Old regions: 500->531
[1786.453s][info][gc,heap        ] GC(280) Humongous regions: 80->80
[1786.453s][info][gc,metaspace   ] GC(280) Metaspace: 28916K(29248K)->28916K(29248K) NonClass: 24032K(24192K)->24032K(24192K) Class: 4883K(5056K)->4883K(5056K)
[1786.453s][info][gc             ] GC(280) Pause Young (Prepare Mixed) (G1 Evacuation Pause) 3613M->1440M(4096M) 120.627ms
[1786.453s][info][gc,cpu         ] GC(280) User=0.72s Sys=0.00s Real=0.12s
.......[1793.924s][info][gc,start       ] GC(281) Pause Young (Mixed) (G1 Evacuation Pause)
[1793.924s][info][gc,task        ] GC(281) Using 6 workers of 6 for evacuation
[1794.057s][info][gc,phases      ] GC(281)   Pre Evacuate Collection Set: 0.37ms
[1794.057s][info][gc,phases      ] GC(281)   Merge Heap Roots: 0.85ms
[1794.057s][info][gc,phases      ] GC(281)   Evacuate Collection Set: 131.24ms
[1794.057s][info][gc,phases      ] GC(281)   Post Evacuate Collection Set: 0.94ms
[1794.057s][info][gc,phases      ] GC(281)   Other: 0.12ms
[1794.057s][info][gc,heap        ] GC(281) Eden regions: 1114->0(1120)
[1794.057s][info][gc,heap        ] GC(281) Survivor regions: 110->108(153)
[1794.057s][info][gc,heap        ] GC(281) Old regions: 531->467
[1794.057s][info][gc,heap        ] GC(281) Humongous regions: 80->80
[1794.057s][info][gc,metaspace   ] GC(281) Metaspace: 28916K(29248K)->28916K(29248K) NonClass: 24033K(24192K)->24033K(24192K) Class: 4883K(5056K)->4883K(5056K)
[1794.057s][info][gc             ] GC(281) Pause Young (Mixed) (G1 Evacuation Pause) 3668M->1309M(4096M) 133.643ms
[1794.057s][info][gc,cpu         ] GC(281) User=0.80s Sys=0.00s Real=0.14s
........[1801.548s][info][gc,start       ] GC(282) Pause Young (Concurrent Start) (G1 Evacuation Pause)
[1801.548s][info][gc,task        ] GC(282) Using 6 workers of 6 for evacuation
[1801.665s][info][gc,phases      ] GC(282)   Pre Evacuate Collection Set: 0.42ms
[1801.665s][info][gc,phases      ] GC(282)   Merge Heap Roots: 0.48ms
[1801.665s][info][gc,phases      ] GC(282)   Evacuate Collection Set: 114.82ms
[1801.665s][info][gc,phases      ] GC(282)   Post Evacuate Collection Set: 0.90ms
[1801.665s][info][gc,phases      ] GC(282)   Other: 0.10ms
[1801.665s][info][gc,heap        ] GC(282) Eden regions: 1120->0(1118)
[1801.665s][info][gc,heap        ] GC(282) Survivor regions: 108->110(154)
[1801.665s][info][gc,heap        ] GC(282) Old regions: 467->498
[1801.665s][info][gc,heap        ] GC(282) Humongous regions: 80->80
[1801.665s][info][gc,metaspace   ] GC(282) Metaspace: 28920K(29248K)->28920K(29248K) NonClass: 24036K(24192K)->24036K(24192K) Class: 4883K(5056K)->4883K(5056K)
[1801.665s][info][gc             ] GC(282) Pause Young (Concurrent Start) (G1 Evacuation Pause) 3549M->1373M(4096M) 116.850ms
[1801.665s][info][gc             ] GC(283) Concurrent Mark Cycle
[1801.665s][info][gc,marking     ] GC(283) Concurrent Scan Root Regions
[1801.665s][info][gc,cpu         ] GC(282) User=0.69s Sys=0.00s Real=0.11s
[1801.781s][info][gc,marking     ] GC(283) Concurrent Scan Root Regions 115.975ms
[1801.781s][info][gc,marking     ] GC(283) Concurrent Mark
[1801.781s][info][gc,marking     ] GC(283) Concurrent Mark From Roots
[1801.781s][info][gc,task        ] GC(283) Using 2 workers of 2 for marking
.[1802.327s][info][gc,marking     ] GC(283) Concurrent Mark From Roots 545.818ms
[1802.327s][info][gc,marking     ] GC(283) Concurrent Preclean
[1802.327s][info][gc,marking     ] GC(283) Concurrent Preclean 0.038ms
[1802.327s][info][gc,start       ] GC(283) Pause Remark
[1802.330s][info][gc             ] GC(283) Pause Remark 1581M->1581M(4096M) 2.447ms
[1802.330s][info][gc,cpu         ] GC(283) User=0.02s Sys=0.00s Real=0.01s
[1802.330s][info][gc,marking     ] GC(283) Concurrent Mark 548.572ms
[1802.330s][info][gc,marking     ] GC(283) Concurrent Rebuild Remembered Sets and Scrub Regions
[1802.555s][info][gc,marking     ] GC(283) Concurrent Rebuild Remembered Sets and Scrub Regions 224.814ms
[1802.556s][info][gc,start       ] GC(283) Pause Cleanup
[1802.557s][info][gc             ] GC(283) Pause Cleanup 1667M->1667M(4096M) 0.151ms
[1802.557s][info][gc,cpu         ] GC(283) User=0.00s Sys=0.00s Real=0.00s
[1802.557s][info][gc,marking     ] GC(283) Concurrent Clear Claimed Marks
[1802.557s][info][gc,marking     ] GC(283) Concurrent Clear Claimed Marks 0.031ms
[1802.557s][info][gc,marking     ] GC(283) Concurrent Cleanup for Next Mark
[1802.560s][info][gc,marking     ] GC(283) Concurrent Cleanup for Next Mark 3.605ms
[1802.560s][info][gc             ] GC(283) Concurrent Mark Cycle 895.259ms
.......[1809.217s][info][gc,start       ] GC(284) Pause Young (Prepare Mixed) (G1 Evacuation Pause)
[1809.217s][info][gc,task        ] GC(284) Using 6 workers of 6 for evacuation
[1809.333s][info][gc,phases      ] GC(284)   Pre Evacuate Collection Set: 0.37ms
[1809.333s][info][gc,phases      ] GC(284)   Merge Heap Roots: 0.58ms
[1809.333s][info][gc,phases      ] GC(284)   Evacuate Collection Set: 113.79ms
[1809.333s][info][gc,phases      ] GC(284)   Post Evacuate Collection Set: 0.93ms
[1809.333s][info][gc,phases      ] GC(284)   Other: 0.09ms
[1809.333s][info][gc,heap        ] GC(284) Eden regions: 1118->0(1119)
[1809.333s][info][gc,heap        ] GC(284) Survivor regions: 110->108(154)
[1809.333s][info][gc,heap        ] GC(284) Old regions: 498->530
[1809.333s][info][gc,heap        ] GC(284) Humongous regions: 80->80
[1809.333s][info][gc,metaspace   ] GC(284) Metaspace: 28920K(29248K)->28920K(29248K) NonClass: 24036K(24192K)->24036K(24192K) Class: 4883K(5056K)->4883K(5056K)
[1809.333s][info][gc             ] GC(284) Pause Young (Prepare Mixed) (G1 Evacuation Pause) 3609M->1435M(4096M) 115.897ms
[1809.333s][info][gc,cpu         ] GC(284) User=0.69s Sys=0.00s Real=0.12s
.......[1816.824s][info][gc,start       ] GC(285) Pause Young (Mixed) (G1 Evacuation Pause)
[1816.824s][info][gc,task        ] GC(285) Using 6 workers of 6 for evacuation
[1816.955s][info][gc,phases      ] GC(285)   Pre Evacuate Collection Set: 0.38ms
[1816.955s][info][gc,phases      ] GC(285)   Merge Heap Roots: 0.61ms
[1816.955s][info][gc,phases      ] GC(285)   Evacuate Collection Set: 129.32ms
[1816.955s][info][gc,phases      ] GC(285)   Post Evacuate Collection Set: 0.95ms
[1816.955s][info][gc,phases      ] GC(285)   Other: 0.09ms
[1816.955s][info][gc,heap        ] GC(285) Eden regions: 1119->0(1120)
[1816.955s][info][gc,heap        ] GC(285) Survivor regions: 108->108(154)
[1816.955s][info][gc,heap        ] GC(285) Old regions: 530->467
[1816.955s][info][gc,heap        ] GC(285) Humongous regions: 80->80
[1816.955s][info][gc,metaspace   ] GC(285) Metaspace: 28920K(29248K)->28920K(29248K) NonClass: 24036K(24192K)->24036K(24192K) Class: 4883K(5056K)->4883K(5056K)
[1816.955s][info][gc             ] GC(285) Pause Young (Mixed) (G1 Evacuation Pause) 3673M->1309M(4096M) 131.473ms
[1816.955s][info][gc,cpu         ] GC(285) User=0.78s Sys=0.00s Real=0.13s
... (rIR:aIR:PR = 2491:2490:2490) (tPR = 36932) [OK] 
  1818s: Performance info:
         Transaction,    Success,    Partial,     Failed,   Receipts, AvgBarcode, 
             Overall,     149616,          0,          0,     142138,      59.48, 
         Response times:
             Request,    Success,    Partial,     Failed,   SkipFail,     Probes,    Samples,      min,      p50,      p90,      p95,      p99,      max, 
       TotalPurchase,     142138,          0,          0,          0,     139013,     152468,      300,     2100,     3400,     3900,    13300,   143000,
     InStorePurchase,      74801,          0,          0,          0,      73297,      80104,      300,     2100,     3400,     3900,    13100,   140000,
      OnlinePurchase,      52377,          0,          0,          0,      51202,      56218,      300,     2200,     3400,     4000,    13600,   143000,
        InstPurchase,      14960,          0,          0,          0,      14514,      16146,      400,     2000,     3300,     3900,    13100,   140000,
          AssocOfCat,        149,          0,          0,          0,        101,        169,    17800,    26000,    33000,    45000,   126400,   160000,
      AssocOfProduct,       1496,          0,          0,          0,       1353,       1634,      500,     2400,     3700,     4100,    15480,   135000,
      BusinessReport,        372,          0,          0,          0,        288,        358,    19400,    30000,    38000,    46100,   146840,   196000,
          CustBuyBeh,       1498,          0,          0,          0,       1344,       1613,      200,     1800,     2960,     3500,    14262,   137000,
       ProductReturn,       3963,          0,          0,          0,       3726,       4303,      200,     2400,     3500,     4180,    16164,   153000,

  1818s: (19%)   IR =   2629 .....[1824.185s][info][gc,start       ] GC(286) Pause Young (Concurrent Start) (G1 Evacuation Pause)
[1824.185s][info][gc,task        ] GC(286) Using 6 workers of 6 for evacuation
[1824.300s][info][gc,phases      ] GC(286)   Pre Evacuate Collection Set: 0.39ms
[1824.301s][info][gc,phases      ] GC(286)   Merge Heap Roots: 0.46ms
[1824.301s][info][gc,phases      ] GC(286)   Evacuate Collection Set: 113.86ms
[1824.301s][info][gc,phases      ] GC(286)   Post Evacuate Collection Set: 0.90ms
[1824.301s][info][gc,phases      ] GC(286)   Other: 0.10ms
[1824.301s][info][gc,heap        ] GC(286) Eden regions: 1120->0(1120)
[1824.301s][info][gc,heap        ] GC(286) Survivor regions: 108->108(154)
[1824.301s][info][gc,heap        ] GC(286) Old regions: 467->499
[1824.301s][info][gc,heap        ] GC(286) Humongous regions: 80->80
[1824.301s][info][gc,metaspace   ] GC(286) Metaspace: 28920K(29248K)->28920K(29248K) NonClass: 24036K(24192K)->24036K(24192K) Class: 4883K(5056K)->4883K(5056K)
[1824.301s][info][gc             ] GC(286) Pause Young (Concurrent Start) (G1 Evacuation Pause) 3549M->1372M(4096M) 115.842ms
[1824.301s][info][gc             ] GC(287) Concurrent Mark Cycle
[1824.301s][info][gc,marking     ] GC(287) Concurrent Scan Root Regions
[1824.301s][info][gc,cpu         ] GC(286) User=0.69s Sys=0.00s Real=0.12s
[1824.424s][info][gc,marking     ] GC(287) Concurrent Scan Root Regions 123.500ms
[1824.424s][info][gc,marking     ] GC(287) Concurrent Mark
[1824.424s][info][gc,marking     ] GC(287) Concurrent Mark From Roots
[1824.424s][info][gc,task        ] GC(287) Using 2 workers of 2 for marking
[1824.987s][info][gc,marking     ] GC(287) Concurrent Mark From Roots 562.970ms
[1824.987s][info][gc,marking     ] GC(287) Concurrent Preclean
[1824.987s][info][gc,marking     ] GC(287) Concurrent Preclean 0.046ms
[1824.987s][info][gc,start       ] GC(287) Pause Remark
[1824.990s][info][gc             ] GC(287) Pause Remark 1617M->1617M(4096M) 2.586ms
[1824.990s][info][gc,cpu         ] GC(287) User=0.02s Sys=0.00s Real=0.00s
[1824.990s][info][gc,marking     ] GC(287) Concurrent Mark 565.882ms
[1824.990s][info][gc,marking     ] GC(287) Concurrent Rebuild Remembered Sets and Scrub Regions
.[1825.205s][info][gc,marking     ] GC(287) Concurrent Rebuild Remembered Sets and Scrub Regions 215.049ms
[1825.205s][info][gc,start       ] GC(287) Pause Cleanup
[1825.206s][info][gc             ] GC(287) Pause Cleanup 1673M->1673M(4096M) 0.121ms
[1825.206s][info][gc,cpu         ] GC(287) User=0.00s Sys=0.00s Real=0.00s
[1825.206s][info][gc,marking     ] GC(287) Concurrent Clear Claimed Marks
[1825.206s][info][gc,marking     ] GC(287) Concurrent Clear Claimed Marks 0.036ms
[1825.206s][info][gc,marking     ] GC(287) Concurrent Cleanup for Next Mark
[1825.211s][info][gc,marking     ] GC(287) Concurrent Cleanup for Next Mark 5.685ms
[1825.212s][info][gc             ] GC(287) Concurrent Mark Cycle 910.953ms
..|....[1831.491s][info][gc,start       ] GC(288) Pause Young (Prepare Mixed) (G1 Evacuation Pause)
[1831.491s][info][gc,task        ] GC(288) Using 6 workers of 6 for evacuation
[1831.612s][info][gc,phases      ] GC(288)   Pre Evacuate Collection Set: 0.36ms
[1831.612s][info][gc,phases      ] GC(288)   Merge Heap Roots: 0.55ms
[1831.612s][info][gc,phases      ] GC(288)   Evacuate Collection Set: 118.82ms
[1831.612s][info][gc,phases      ] GC(288)   Post Evacuate Collection Set: 1.00ms
[1831.612s][info][gc,phases      ] GC(288)   Other: 0.08ms
[1831.612s][info][gc,heap        ] GC(288) Eden regions: 1120->0(1110)
[1831.612s][info][gc,heap        ] GC(288) Survivor regions: 108->112(154)
[1831.612s][info][gc,heap        ] GC(288) Old regions: 499->531
[1831.612s][info][gc,heap        ] GC(288) Humongous regions: 80->80
[1831.612s][info][gc,metaspace   ] GC(288) Metaspace: 28920K(29248K)->28920K(29248K) NonClass: 24036K(24192K)->24036K(24192K) Class: 4883K(5056K)->4883K(5056K)
[1831.612s][info][gc             ] GC(288) Pause Young (Prepare Mixed) (G1 Evacuation Pause) 3612M->1444M(4096M) 120.952ms
[1831.612s][info][gc,cpu         ] GC(288) User=0.72s Sys=0.00s Real=0.12s
.......[1838.636s][info][gc,start       ] GC(289) Pause Young (Mixed) (G1 Evacuation Pause)
[1838.636s][info][gc,task        ] GC(289) Using 6 workers of 6 for evacuation
[1838.772s][info][gc,phases      ] GC(289)   Pre Evacuate Collection Set: 0.40ms
[1838.772s][info][gc,phases      ] GC(289)   Merge Heap Roots: 0.83ms
[1838.772s][info][gc,phases      ] GC(289)   Evacuate Collection Set: 134.16ms
[1838.772s][info][gc,phases      ] GC(289)   Post Evacuate Collection Set: 0.97ms
[1838.772s][info][gc,phases      ] GC(289)   Other: 0.09ms
[1838.772s][info][gc,heap        ] GC(289) Eden regions: 1110->0(1116)
[1838.772s][info][gc,heap        ] GC(289) Survivor regions: 112->112(153)
[1838.772s][info][gc,heap        ] GC(289) Old regions: 531->469
[1838.772s][info][gc,heap        ] GC(289) Humongous regions: 80->80
[1838.772s][info][gc,metaspace   ] GC(289) Metaspace: 28920K(29248K)->28920K(29248K) NonClass: 24036K(24192K)->24036K(24192K) Class: 4883K(5056K)->4883K(5056K)
[1838.772s][info][gc             ] GC(289) Pause Young (Mixed) (G1 Evacuation Pause) 3664M->1320M(4096M) 136.599ms
[1838.772s][info][gc,cpu         ] GC(289) User=0.81s Sys=0.00s Real=0.14s
.......[1845.823s][info][gc,start       ] GC(290) Pause Young (Concurrent Start) (G1 Evacuation Pause)
[1845.823s][info][gc,task        ] GC(290) Using 6 workers of 6 for evacuation
[1845.940s][info][gc,phases      ] GC(290)   Pre Evacuate Collection Set: 0.42ms
[1845.940s][info][gc,phases      ] GC(290)   Merge Heap Roots: 0.53ms
[1845.940s][info][gc,phases      ] GC(290)   Evacuate Collection Set: 114.90ms
[1845.940s][info][gc,phases      ] GC(290)   Post Evacuate Collection Set: 0.88ms
[1845.940s][info][gc,phases      ] GC(290)   Other: 0.11ms
[1845.940s][info][gc,heap        ] GC(290) Eden regions: 1116->0(1120)
[1845.940s][info][gc,heap        ] GC(290) Survivor regions: 112->108(154)
[1845.940s][info][gc,heap        ] GC(290) Old regions: 469->502
[1845.940s][info][gc,heap        ] GC(290) Humongous regions: 80->80
[1845.940s][info][gc,metaspace   ] GC(290) Metaspace: 28920K(29248K)->28920K(29248K) NonClass: 24036K(24192K)->24036K(24192K) Class: 4883K(5056K)->4883K(5056K)
[1845.940s][info][gc             ] GC(290) Pause Young (Concurrent Start) (G1 Evacuation Pause) 3552M->1377M(4096M) 116.976ms
[1845.940s][info][gc             ] GC(291) Concurrent Mark Cycle
[1845.940s][info][gc,marking     ] GC(291) Concurrent Scan Root Regions
[1845.940s][info][gc,cpu         ] GC(290) User=0.70s Sys=0.00s Real=0.12s
[1846.105s][info][gc,marking     ] GC(291) Concurrent Scan Root Regions 165.230ms
[1846.105s][info][gc,marking     ] GC(291) Concurrent Mark
[1846.105s][info][gc,marking     ] GC(291) Concurrent Mark From Roots
[1846.105s][info][gc,task        ] GC(291) Using 2 workers of 2 for marking
.[1846.717s][info][gc,marking     ] GC(291) Concurrent Mark From Roots 611.482ms
[1846.717s][info][gc,marking     ] GC(291) Concurrent Preclean
[1846.717s][info][gc,marking     ] GC(291) Concurrent Preclean 0.038ms
[1846.717s][info][gc,start       ] GC(291) Pause Remark
[1846.720s][info][gc             ] GC(291) Pause Remark 1675M->1675M(4096M) 2.407ms
[1846.720s][info][gc,cpu         ] GC(291) User=0.01s Sys=0.00s Real=0.01s
[1846.720s][info][gc,marking     ] GC(291) Concurrent Mark 614.169ms
[1846.720s][info][gc,marking     ] GC(291) Concurrent Rebuild Remembered Sets and Scrub Regions
[1846.941s][info][gc,marking     ] GC(291) Concurrent Rebuild Remembered Sets and Scrub Regions 221.210ms
[1846.941s][info][gc,start       ] GC(291) Pause Cleanup
[1846.941s][info][gc             ] GC(291) Pause Cleanup 1730M->1730M(4096M) 0.131ms
[1846.941s][info][gc,cpu         ] GC(291) User=0.00s Sys=0.00s Real=0.00s
[1846.941s][info][gc,marking     ] GC(291) Concurrent Clear Claimed Marks
[1846.941s][info][gc,marking     ] GC(291) Concurrent Clear Claimed Marks 0.030ms
[1846.941s][info][gc,marking     ] GC(291) Concurrent Cleanup for Next Mark
[1846.946s][info][gc,marking     ] GC(291) Concurrent Cleanup for Next Mark 4.860ms
[1846.946s][info][gc             ] GC(291) Concurrent Mark Cycle 1005.980ms
......[1853.085s][info][gc,start       ] GC(292) Pause Young (Prepare Mixed) (G1 Evacuation Pause)
[1853.085s][info][gc,task        ] GC(292) Using 6 workers of 6 for evacuation
[1853.200s][info][gc,phases      ] GC(292)   Pre Evacuate Collection Set: 0.34ms
[1853.200s][info][gc,phases      ] GC(292)   Merge Heap Roots: 0.57ms
[1853.200s][info][gc,phases      ] GC(292)   Evacuate Collection Set: 113.18ms
[1853.200s][info][gc,phases      ] GC(292)   Post Evacuate Collection Set: 0.93ms
[1853.200s][info][gc,phases      ] GC(292)   Other: 0.10ms
[1853.200s][info][gc,heap        ] GC(292) Eden regions: 1120->0(1113)
[1853.200s][info][gc,heap        ] GC(292) Survivor regions: 108->109(154)
[1853.200s][info][gc,heap        ] GC(292) Old regions: 502->534
[1853.200s][info][gc,heap        ] GC(292) Humongous regions: 80->80
[1853.200s][info][gc,metaspace   ] GC(292) Metaspace: 28920K(29248K)->28920K(29248K) NonClass: 24036K(24192K)->24036K(24192K) Class: 4883K(5056K)->4883K(5056K)
[1853.200s][info][gc             ] GC(292) Pause Young (Prepare Mixed) (G1 Evacuation Pause) 3617M->1444M(4096M) 115.263ms
[1853.200s][info][gc,cpu         ] GC(292) User=0.68s Sys=0.00s Real=0.12s
........[1860.330s][info][gc,start       ] GC(293) Pause Young (Mixed) (G1 Evacuation Pause)
[1860.330s][info][gc,task        ] GC(293) Using 6 workers of 6 for evacuation
[1860.461s][info][gc,phases      ] GC(293)   Pre Evacuate Collection Set: 0.40ms
[1860.461s][info][gc,phases      ] GC(293)   Merge Heap Roots: 0.69ms
[1860.461s][info][gc,phases      ] GC(293)   Evacuate Collection Set: 128.84ms
[1860.461s][info][gc,phases      ] GC(293)   Post Evacuate Collection Set: 0.95ms
[1860.461s][info][gc,phases      ] GC(293)   Other: 0.09ms
[1860.461s][info][gc,heap        ] GC(293) Eden regions: 1113->0(1119)
[1860.461s][info][gc,heap        ] GC(293) Survivor regions: 109->109(153)
[1860.461s][info][gc,heap        ] GC(293) Old regions: 534->469
[1860.461s][info][gc,heap        ] GC(293) Humongous regions: 80->80
[1860.461s][info][gc,metaspace   ] GC(293) Metaspace: 28920K(29248K)->28920K(29248K) NonClass: 24036K(24192K)->24036K(24192K) Class: 4883K(5056K)->4883K(5056K)
[1860.461s][info][gc             ] GC(293) Pause Young (Mixed) (G1 Evacuation Pause) 3670M->1315M(4096M) 131.106ms
[1860.461s][info][gc,cpu         ] GC(293) User=0.78s Sys=0.00s Real=0.13s
.......[1867.508s][info][gc,start       ] GC(294) Pause Young (Concurrent Start) (G1 Evacuation Pause)
[1867.508s][info][gc,task        ] GC(294) Using 6 workers of 6 for evacuation
[1867.626s][info][gc,phases      ] GC(294)   Pre Evacuate Collection Set: 0.42ms
[1867.626s][info][gc,phases      ] GC(294)   Merge Heap Roots: 0.55ms
[1867.626s][info][gc,phases      ] GC(294)   Evacuate Collection Set: 115.84ms
[1867.626s][info][gc,phases      ] GC(294)   Post Evacuate Collection Set: 0.91ms
[1867.626s][info][gc,phases      ] GC(294)   Other: 0.12ms
[1867.626s][info][gc,heap        ] GC(294) Eden regions: 1119->0(1118)
[1867.626s][info][gc,heap        ] GC(294) Survivor regions: 109->110(154)
[1867.626s][info][gc,heap        ] GC(294) Old regions: 469->502
[1867.626s][info][gc,heap        ] GC(294) Humongous regions: 80->80
[1867.626s][info][gc,metaspace   ] GC(294) Metaspace: 28920K(29248K)->28920K(29248K) NonClass: 24036K(24192K)->24036K(24192K) Class: 4883K(5056K)->4883K(5056K)
[1867.626s][info][gc             ] GC(294) Pause Young (Concurrent Start) (G1 Evacuation Pause) 3553M->1381M(4096M) 117.983ms
[1867.626s][info][gc             ] GC(295) Concurrent Mark Cycle
[1867.626s][info][gc,marking     ] GC(295) Concurrent Scan Root Regions
[1867.626s][info][gc,cpu         ] GC(294) User=0.70s Sys=0.00s Real=0.11s
[1867.745s][info][gc,marking     ] GC(295) Concurrent Scan Root Regions 118.822ms
[1867.745s][info][gc,marking     ] GC(295) Concurrent Mark
[1867.745s][info][gc,marking     ] GC(295) Concurrent Mark From Roots
[1867.745s][info][gc,task        ] GC(295) Using 2 workers of 2 for marking
.[1868.330s][info][gc,marking     ] GC(295) Concurrent Mark From Roots 584.820ms
[1868.330s][info][gc,marking     ] GC(295) Concurrent Preclean
[1868.330s][info][gc,marking     ] GC(295) Concurrent Preclean 0.068ms
[1868.330s][info][gc,start       ] GC(295) Pause Remark
[1868.333s][info][gc             ] GC(295) Pause Remark 1661M->1661M(4096M) 2.654ms
[1868.333s][info][gc,cpu         ] GC(295) User=0.01s Sys=0.00s Real=0.00s
[1868.333s][info][gc,marking     ] GC(295) Concurrent Mark 587.806ms
[1868.333s][info][gc,marking     ] GC(295) Concurrent Rebuild Remembered Sets and Scrub Regions
[1868.546s][info][gc,marking     ] GC(295) Concurrent Rebuild Remembered Sets and Scrub Regions 213.242ms
[1868.546s][info][gc,start       ] GC(295) Pause Cleanup
[1868.546s][info][gc             ] GC(295) Pause Cleanup 1716M->1716M(4096M) 0.128ms
[1868.546s][info][gc,cpu         ] GC(295) User=0.00s Sys=0.00s Real=0.00s
[1868.546s][info][gc,marking     ] GC(295) Concurrent Clear Claimed Marks
[1868.546s][info][gc,marking     ] GC(295) Concurrent Clear Claimed Marks 0.031ms
[1868.546s][info][gc,marking     ] GC(295) Concurrent Cleanup for Next Mark
[1868.551s][info][gc,marking     ] GC(295) Concurrent Cleanup for Next Mark 4.547ms
[1868.551s][info][gc             ] GC(295) Concurrent Mark Cycle 924.903ms
......[1874.672s][info][gc,start       ] GC(296) Pause Young (Prepare Mixed) (G1 Evacuation Pause)
[1874.672s][info][gc,task        ] GC(296) Using 6 workers of 6 for evacuation
[1874.787s][info][gc,phases      ] GC(296)   Pre Evacuate Collection Set: 0.36ms
[1874.787s][info][gc,phases      ] GC(296)   Merge Heap Roots: 0.59ms
[1874.787s][info][gc,phases      ] GC(296)   Evacuate Collection Set: 113.42ms
[1874.787s][info][gc,phases      ] GC(296)   Post Evacuate Collection Set: 0.95ms
[1874.787s][info][gc,phases      ] GC(296)   Other: 0.09ms
[1874.787s][info][gc,heap        ] GC(296) Eden regions: 1118->0(1115)
[1874.787s][info][gc,heap        ] GC(296) Survivor regions: 110->108(154)
[1874.787s][info][gc,heap        ] GC(296) Old regions: 502->534
[1874.787s][info][gc,heap        ] GC(296) Humongous regions: 80->80
[1874.787s][info][gc,metaspace   ] GC(296) Metaspace: 28920K(29248K)->28920K(29248K) NonClass: 24036K(24192K)->24036K(24192K) Class: 4883K(5056K)->4883K(5056K)
[1874.787s][info][gc             ] GC(296) Pause Young (Prepare Mixed) (G1 Evacuation Pause) 3617M->1442M(4096M) 115.557ms
[1874.787s][info][gc,cpu         ] GC(296) User=0.69s Sys=0.00s Real=0.12s
.......[1881.977s][info][gc,start       ] GC(297) Pause Young (Mixed) (G1 Evacuation Pause)
[1881.978s][info][gc,task        ] GC(297) Using 6 workers of 6 for evacuation
[1882.110s][info][gc,phases      ] GC(297)   Pre Evacuate Collection Set: 0.37ms
[1882.110s][info][gc,phases      ] GC(297)   Merge Heap Roots: 0.73ms
[1882.110s][info][gc,phases      ] GC(297)   Evacuate Collection Set: 130.00ms
[1882.110s][info][gc,phases      ] GC(297)   Post Evacuate Collection Set: 0.93ms
[1882.110s][info][gc,phases      ] GC(297)   Other: 0.09ms
[1882.110s][info][gc,heap        ] GC(297) Eden regions: 1115->0(1120)
[1882.110s][info][gc,heap        ] GC(297) Survivor regions: 108->108(153)
[1882.110s][info][gc,heap        ] GC(297) Old regions: 534->469
[1882.110s][info][gc,heap        ] GC(297) Humongous regions: 80->80
[1882.110s][info][gc,metaspace   ] GC(297) Metaspace: 28920K(29248K)->28920K(29248K) NonClass: 24036K(24192K)->24036K(24192K) Class: 4883K(5056K)->4883K(5056K)
[1882.110s][info][gc             ] GC(297) Pause Young (Mixed) (G1 Evacuation Pause) 3672M->1312M(4096M) 132.241ms
[1882.110s][info][gc,cpu         ] GC(297) User=0.78s Sys=0.00s Real=0.13s
...... (rIR:aIR:PR = 2629:2629:2629) (tPR = 39255) [OK] 
  1887s: Performance info:
         Transaction,    Success,    Partial,     Failed,   Receipts, AvgBarcode, 
             Overall,     158079,          0,          0,     150177,      59.47, 
         Response times:
             Request,    Success,    Partial,     Failed,   SkipFail,     Probes,    Samples,      min,      p50,      p90,      p95,      p99,      max, 
       TotalPurchase,     150177,          0,          0,          0,     147069,     167967,      300,     2300,     3600,     4200,    17200,   161000,
     InStorePurchase,      79074,          0,          0,          0,      77669,      88576,      300,     2400,     3600,     4300,    18200,   158000,
      OnlinePurchase,      55316,          0,          0,          0,      54153,      61686,      300,     2100,     3600,     4200,    16300,   161000,
        InstPurchase,      15787,          0,          0,          0,      15247,      17705,      400,     2000,     3400,     4000,    13294,   136000,
          AssocOfCat,        158,          0,          0,          0,        122,        177,    19100,    27000,    32200,    35100,   118460,   152000,
      AssocOfProduct,       1575,          0,          0,          0,       1403,       1731,     1000,     2900,     4000,     4900,    22680,    40000,
      BusinessReport,        393,          0,          0,          0,        305,        420,    19700,    30000,    39000,    44950,    78370,   156000,
          CustBuyBeh,       1585,          0,          0,          0,       1444,       1813,      700,     2300,     3300,     3800,    17320,    60000,
       ProductReturn,       4191,          0,          0,          0,       3933,       4747,      200,     2100,     3500,     4000,    13952,   122000,

  1887s: (20%)   IR =   2767 .[1889.079s][info][gc,start       ] GC(298) Pause Young (Concurrent Start) (G1 Evacuation Pause)
[1889.079s][info][gc,task        ] GC(298) Using 6 workers of 6 for evacuation
[1889.196s][info][gc,phases      ] GC(298)   Pre Evacuate Collection Set: 0.43ms
[1889.196s][info][gc,phases      ] GC(298)   Merge Heap Roots: 0.48ms
[1889.196s][info][gc,phases      ] GC(298)   Evacuate Collection Set: 114.75ms
[1889.196s][info][gc,phases      ] GC(298)   Post Evacuate Collection Set: 0.91ms
[1889.196s][info][gc,phases      ] GC(298)   Other: 0.13ms
[1889.196s][info][gc,heap        ] GC(298) Eden regions: 1120->0(1119)
[1889.196s][info][gc,heap        ] GC(298) Survivor regions: 108->109(154)
[1889.196s][info][gc,heap        ] GC(298) Old regions: 469->501
[1889.196s][info][gc,heap        ] GC(298) Humongous regions: 80->80
[1889.196s][info][gc,metaspace   ] GC(298) Metaspace: 28920K(29248K)->28920K(29248K) NonClass: 24036K(24192K)->24036K(24192K) Class: 4883K(5056K)->4883K(5056K)
[1889.196s][info][gc             ] GC(298) Pause Young (Concurrent Start) (G1 Evacuation Pause) 3552M->1377M(4096M) 116.823ms
[1889.196s][info][gc             ] GC(299) Concurrent Mark Cycle
[1889.196s][info][gc,marking     ] GC(299) Concurrent Scan Root Regions
[1889.196s][info][gc,cpu         ] GC(298) User=0.69s Sys=0.00s Real=0.11s
.[1889.341s][info][gc,marking     ] GC(299) Concurrent Scan Root Regions 144.323ms
[1889.341s][info][gc,marking     ] GC(299) Concurrent Mark
[1889.341s][info][gc,marking     ] GC(299) Concurrent Mark From Roots
[1889.341s][info][gc,task        ] GC(299) Using 2 workers of 2 for marking
[1889.955s][info][gc,marking     ] GC(299) Concurrent Mark From Roots 613.947ms
[1889.955s][info][gc,marking     ] GC(299) Concurrent Preclean
[1889.955s][info][gc,marking     ] GC(299) Concurrent Preclean 0.040ms
[1889.955s][info][gc,start       ] GC(299) Pause Remark
[1889.957s][info][gc             ] GC(299) Pause Remark 1647M->1647M(4096M) 2.611ms
[1889.957s][info][gc,cpu         ] GC(299) User=0.02s Sys=0.00s Real=0.01s
[1889.957s][info][gc,marking     ] GC(299) Concurrent Mark 616.844ms
[1889.957s][info][gc,marking     ] GC(299) Concurrent Rebuild Remembered Sets and Scrub Regions
[1890.183s][info][gc,marking     ] GC(299) Concurrent Rebuild Remembered Sets and Scrub Regions 225.203ms
[1890.183s][info][gc,start       ] GC(299) Pause Cleanup
[1890.183s][info][gc             ] GC(299) Pause Cleanup 1714M->1714M(4096M) 0.135ms
[1890.183s][info][gc,cpu         ] GC(299) User=0.00s Sys=0.00s Real=0.00s
[1890.184s][info][gc,marking     ] GC(299) Concurrent Clear Claimed Marks
[1890.184s][info][gc,marking     ] GC(299) Concurrent Clear Claimed Marks 0.039ms
[1890.184s][info][gc,marking     ] GC(299) Concurrent Cleanup for Next Mark
[1890.188s][info][gc,marking     ] GC(299) Concurrent Cleanup for Next Mark 4.066ms
[1890.188s][info][gc             ] GC(299) Concurrent Mark Cycle 991.828ms
....|..[1895.983s][info][gc,start       ] GC(300) Pause Young (Prepare Mixed) (G1 Evacuation Pause)
[1895.983s][info][gc,task        ] GC(300) Using 6 workers of 6 for evacuation
[1896.100s][info][gc,phases      ] GC(300)   Pre Evacuate Collection Set: 0.36ms
[1896.100s][info][gc,phases      ] GC(300)   Merge Heap Roots: 0.53ms
[1896.100s][info][gc,phases      ] GC(300)   Evacuate Collection Set: 114.96ms
[1896.100s][info][gc,phases      ] GC(300)   Post Evacuate Collection Set: 0.96ms
[1896.100s][info][gc,phases      ] GC(300)   Other: 0.08ms
[1896.100s][info][gc,heap        ] GC(300) Eden regions: 1119->0(1117)
[1896.100s][info][gc,heap        ] GC(300) Survivor regions: 109->108(154)
[1896.100s][info][gc,heap        ] GC(300) Old regions: 501->532
[1896.100s][info][gc,heap        ] GC(300) Humongous regions: 80->80
[1896.100s][info][gc,metaspace   ] GC(300) Metaspace: 28920K(29248K)->28920K(29248K) NonClass: 24036K(24192K)->24036K(24192K) Class: 4883K(5056K)->4883K(5056K)
[1896.100s][info][gc             ] GC(300) Pause Young (Prepare Mixed) (G1 Evacuation Pause) 3615M->1439M(4096M) 117.025ms
[1896.100s][info][gc,cpu         ] GC(300) User=0.70s Sys=0.00s Real=0.12s
.......[1902.932s][info][gc,start       ] GC(301) Pause Young (Mixed) (G1 Evacuation Pause)
[1902.932s][info][gc,task        ] GC(301) Using 6 workers of 6 for evacuation
[1903.066s][info][gc,phases      ] GC(301)   Pre Evacuate Collection Set: 0.37ms
[1903.066s][info][gc,phases      ] GC(301)   Merge Heap Roots: 0.72ms
[1903.066s][info][gc,phases      ] GC(301)   Evacuate Collection Set: 131.30ms
[1903.066s][info][gc,phases      ] GC(301)   Post Evacuate Collection Set: 0.95ms
[1903.066s][info][gc,phases      ] GC(301)   Other: 0.09ms
[1903.066s][info][gc,heap        ] GC(301) Eden regions: 1117->0(1119)
[1903.066s][info][gc,heap        ] GC(301) Survivor regions: 108->109(154)
[1903.066s][info][gc,heap        ] GC(301) Old regions: 532->469
[1903.066s][info][gc,heap        ] GC(301) Humongous regions: 80->80
[1903.066s][info][gc,metaspace   ] GC(301) Metaspace: 28920K(29248K)->28920K(29248K) NonClass: 24036K(24192K)->24036K(24192K) Class: 4883K(5056K)->4883K(5056K)
[1903.066s][info][gc             ] GC(301) Pause Young (Mixed) (G1 Evacuation Pause) 3673M->1314M(4096M) 133.584ms
[1903.066s][info][gc,cpu         ] GC(301) User=0.80s Sys=0.00s Real=0.13s
.......[1909.736s][info][gc,start       ] GC(302) Pause Young (Concurrent Start) (G1 Evacuation Pause)
[1909.736s][info][gc,task        ] GC(302) Using 6 workers of 6 for evacuation
[1909.852s][info][gc,phases      ] GC(302)   Pre Evacuate Collection Set: 0.40ms
[1909.852s][info][gc,phases      ] GC(302)   Merge Heap Roots: 0.49ms
[1909.852s][info][gc,phases      ] GC(302)   Evacuate Collection Set: 114.21ms
[1909.852s][info][gc,phases      ] GC(302)   Post Evacuate Collection Set: 0.89ms
[1909.852s][info][gc,phases      ] GC(302)   Other: 0.10ms
[1909.852s][info][gc,heap        ] GC(302) Eden regions: 1119->0(1120)
[1909.852s][info][gc,heap        ] GC(302) Survivor regions: 109->108(154)
[1909.852s][info][gc,heap        ] GC(302) Old regions: 469->502
[1909.852s][info][gc,heap        ] GC(302) Humongous regions: 80->80
[1909.852s][info][gc,metaspace   ] GC(302) Metaspace: 28920K(29248K)->28920K(29248K) NonClass: 24036K(24192K)->24036K(24192K) Class: 4883K(5056K)->4883K(5056K)
[1909.852s][info][gc             ] GC(302) Pause Young (Concurrent Start) (G1 Evacuation Pause) 3552M->1378M(4096M) 116.227ms
[1909.852s][info][gc             ] GC(303) Concurrent Mark Cycle
[1909.852s][info][gc,marking     ] GC(303) Concurrent Scan Root Regions
[1909.852s][info][gc,cpu         ] GC(302) User=0.69s Sys=0.00s Real=0.12s
[1909.973s][info][gc,marking     ] GC(303) Concurrent Scan Root Regions 121.511ms
[1909.973s][info][gc,marking     ] GC(303) Concurrent Mark
[1909.973s][info][gc,marking     ] GC(303) Concurrent Mark From Roots
[1909.973s][info][gc,task        ] GC(303) Using 2 workers of 2 for marking
.[1910.553s][info][gc,marking     ] GC(303) Concurrent Mark From Roots 579.782ms
[1910.553s][info][gc,marking     ] GC(303) Concurrent Preclean
[1910.553s][info][gc,marking     ] GC(303) Concurrent Preclean 0.049ms
[1910.553s][info][gc,start       ] GC(303) Pause Remark
[1910.556s][info][gc             ] GC(303) Pause Remark 1668M->1668M(4096M) 2.547ms
[1910.556s][info][gc,cpu         ] GC(303) User=0.01s Sys=0.00s Real=0.00s
[1910.556s][info][gc,marking     ] GC(303) Concurrent Mark 582.675ms
[1910.556s][info][gc,marking     ] GC(303) Concurrent Rebuild Remembered Sets and Scrub Regions
[1910.779s][info][gc,marking     ] GC(303) Concurrent Rebuild Remembered Sets and Scrub Regions 222.732ms
[1910.780s][info][gc,start       ] GC(303) Pause Cleanup
[1910.780s][info][gc             ] GC(303) Pause Cleanup 1729M->1729M(4096M) 0.143ms
[1910.780s][info][gc,cpu         ] GC(303) User=0.00s Sys=0.00s Real=0.00s
[1910.781s][info][gc,marking     ] GC(303) Concurrent Clear Claimed Marks
[1910.781s][info][gc,marking     ] GC(303) Concurrent Clear Claimed Marks 0.034ms
[1910.781s][info][gc,marking     ] GC(303) Concurrent Cleanup for Next Mark
[1910.784s][info][gc,marking     ] GC(303) Concurrent Cleanup for Next Mark 3.729ms
[1910.784s][info][gc             ] GC(303) Concurrent Mark Cycle 932.485ms
......[1916.640s][info][gc,start       ] GC(304) Pause Young (Prepare Mixed) (G1 Evacuation Pause)
[1916.640s][info][gc,task        ] GC(304) Using 6 workers of 6 for evacuation
[1916.757s][info][gc,phases      ] GC(304)   Pre Evacuate Collection Set: 0.35ms
[1916.757s][info][gc,phases      ] GC(304)   Merge Heap Roots: 0.55ms
[1916.757s][info][gc,phases      ] GC(304)   Evacuate Collection Set: 114.45ms
[1916.757s][info][gc,phases      ] GC(304)   Post Evacuate Collection Set: 0.92ms
[1916.757s][info][gc,phases      ] GC(304)   Other: 0.10ms
[1916.757s][info][gc,heap        ] GC(304) Eden regions: 1120->0(1116)
[1916.757s][info][gc,heap        ] GC(304) Survivor regions: 108->108(154)
[1916.757s][info][gc,heap        ] GC(304) Old regions: 502->533
[1916.757s][info][gc,heap        ] GC(304) Humongous regions: 80->80
[1916.757s][info][gc,metaspace   ] GC(304) Metaspace: 28920K(29248K)->28920K(29248K) NonClass: 24036K(24192K)->24036K(24192K) Class: 4883K(5056K)->4883K(5056K)
[1916.757s][info][gc             ] GC(304) Pause Young (Prepare Mixed) (G1 Evacuation Pause) 3618M->1441M(4096M) 116.530ms
[1916.757s][info][gc,cpu         ] GC(304) User=0.69s Sys=0.00s Real=0.11s
.......[1923.453s][info][gc,start       ] GC(305) Pause Young (Mixed) (G1 Evacuation Pause)
[1923.453s][info][gc,task        ] GC(305) Using 6 workers of 6 for evacuation
[1923.583s][info][gc,phases      ] GC(305)   Pre Evacuate Collection Set: 0.39ms
[1923.583s][info][gc,phases      ] GC(305)   Merge Heap Roots: 0.63ms
[1923.583s][info][gc,phases      ] GC(305)   Evacuate Collection Set: 128.05ms
[1923.583s][info][gc,phases      ] GC(305)   Post Evacuate Collection Set: 0.97ms
[1923.583s][info][gc,phases      ] GC(305)   Other: 0.09ms
[1923.583s][info][gc,heap        ] GC(305) Eden regions: 1116->0(1119)
[1923.583s][info][gc,heap        ] GC(305) Survivor regions: 108->109(153)
[1923.583s][info][gc,heap        ] GC(305) Old regions: 533->468
[1923.583s][info][gc,heap        ] GC(305) Humongous regions: 80->80
[1923.583s][info][gc,metaspace   ] GC(305) Metaspace: 28920K(29248K)->28920K(29248K) NonClass: 24036K(24192K)->24036K(24192K) Class: 4883K(5056K)->4883K(5056K)
[1923.583s][info][gc             ] GC(305) Pause Young (Mixed) (G1 Evacuation Pause) 3673M->1312M(4096M) 130.270ms
[1923.583s][info][gc,cpu         ] GC(305) User=0.77s Sys=0.00s Real=0.13s
.......[1930.352s][info][gc,start       ] GC(306) Pause Young (Concurrent Start) (G1 Evacuation Pause)
[1930.352s][info][gc,task        ] GC(306) Using 6 workers of 6 for evacuation
[1930.469s][info][gc,phases      ] GC(306)   Pre Evacuate Collection Set: 0.45ms
[1930.469s][info][gc,phases      ] GC(306)   Merge Heap Roots: 0.48ms
[1930.469s][info][gc,phases      ] GC(306)   Evacuate Collection Set: 115.55ms
[1930.469s][info][gc,phases      ] GC(306)   Post Evacuate Collection Set: 0.91ms
[1930.469s][info][gc,phases      ] GC(306)   Other: 0.13ms
[1930.469s][info][gc,heap        ] GC(306) Eden regions: 1119->0(1120)
[1930.469s][info][gc,heap        ] GC(306) Survivor regions: 109->108(154)
[1930.469s][info][gc,heap        ] GC(306) Old regions: 468->501
[1930.469s][info][gc,heap        ] GC(306) Humongous regions: 80->80
[1930.469s][info][gc,metaspace   ] GC(306) Metaspace: 28920K(29248K)->28920K(29248K) NonClass: 24036K(24192K)->24036K(24192K) Class: 4883K(5056K)->4883K(5056K)
[1930.469s][info][gc             ] GC(306) Pause Young (Concurrent Start) (G1 Evacuation Pause) 3550M->1376M(4096M) 117.662ms
[1930.469s][info][gc             ] GC(307) Concurrent Mark Cycle
[1930.469s][info][gc,marking     ] GC(307) Concurrent Scan Root Regions
[1930.469s][info][gc,cpu         ] GC(306) User=0.70s Sys=0.00s Real=0.12s
[1930.603s][info][gc,marking     ] GC(307) Concurrent Scan Root Regions 133.204ms
[1930.603s][info][gc,marking     ] GC(307) Concurrent Mark
[1930.603s][info][gc,marking     ] GC(307) Concurrent Mark From Roots
[1930.603s][info][gc,task        ] GC(307) Using 2 workers of 2 for marking
[1931.158s][info][gc,marking     ] GC(307) Concurrent Mark From Roots 555.155ms
[1931.158s][info][gc,marking     ] GC(307) Concurrent Preclean
[1931.158s][info][gc,marking     ] GC(307) Concurrent Preclean 0.050ms
[1931.158s][info][gc,start       ] GC(307) Pause Remark
[1931.161s][info][gc             ] GC(307) Pause Remark 1632M->1632M(4096M) 2.488ms
[1931.161s][info][gc,cpu         ] GC(307) User=0.02s Sys=0.00s Real=0.00s
[1931.162s][info][gc,marking     ] GC(307) Concurrent Mark 559.338ms
[1931.162s][info][gc,marking     ] GC(307) Concurrent Rebuild Remembered Sets and Scrub Regions
.[1931.514s][info][gc,marking     ] GC(307) Concurrent Rebuild Remembered Sets and Scrub Regions 352.359ms
[1931.514s][info][gc,start       ] GC(307) Pause Cleanup
[1931.515s][info][gc             ] GC(307) Pause Cleanup 1774M->1774M(4096M) 0.122ms
[1931.515s][info][gc,cpu         ] GC(307) User=0.00s Sys=0.00s Real=0.00s
[1931.515s][info][gc,marking     ] GC(307) Concurrent Clear Claimed Marks
[1931.515s][info][gc,marking     ] GC(307) Concurrent Clear Claimed Marks 0.027ms
[1931.515s][info][gc,marking     ] GC(307) Concurrent Cleanup for Next Mark
[1931.519s][info][gc,marking     ] GC(307) Concurrent Cleanup for Next Mark 4.209ms
[1931.519s][info][gc             ] GC(307) Concurrent Mark Cycle 1049.564ms
.....[1937.147s][info][gc,start       ] GC(308) Pause Young (Prepare Mixed) (G1 Evacuation Pause)
[1937.147s][info][gc,task        ] GC(308) Using 6 workers of 6 for evacuation
[1937.265s][info][gc,phases      ] GC(308)   Pre Evacuate Collection Set: 0.32ms
[1937.265s][info][gc,phases      ] GC(308)   Merge Heap Roots: 0.61ms
[1937.265s][info][gc,phases      ] GC(308)   Evacuate Collection Set: 115.45ms
[1937.265s][info][gc,phases      ] GC(308)   Post Evacuate Collection Set: 1.00ms
[1937.265s][info][gc,phases      ] GC(308)   Other: 0.10ms
[1937.265s][info][gc,heap        ] GC(308) Eden regions: 1120->0(1113)
[1937.265s][info][gc,heap        ] GC(308) Survivor regions: 108->110(154)
[1937.265s][info][gc,heap        ] GC(308) Old regions: 501->532
[1937.265s][info][gc,heap        ] GC(308) Humongous regions: 80->80
[1937.265s][info][gc,metaspace   ] GC(308) Metaspace: 28920K(29248K)->28920K(29248K) NonClass: 24036K(24192K)->24036K(24192K) Class: 4883K(5056K)->4883K(5056K)
[1937.265s][info][gc             ] GC(308) Pause Young (Prepare Mixed) (G1 Evacuation Pause) 3616M->1443M(4096M) 117.615ms
[1937.265s][info][gc,cpu         ] GC(308) User=0.69s Sys=0.00s Real=0.12s
.......[1944.047s][info][gc,start       ] GC(309) Pause Young (Mixed) (G1 Evacuation Pause)
[1944.047s][info][gc,task        ] GC(309) Using 6 workers of 6 for evacuation
[1944.180s][info][gc,phases      ] GC(309)   Pre Evacuate Collection Set: 0.37ms
[1944.180s][info][gc,phases      ] GC(309)   Merge Heap Roots: 0.73ms
[1944.180s][info][gc,phases      ] GC(309)   Evacuate Collection Set: 131.00ms
[1944.180s][info][gc,phases      ] GC(309)   Post Evacuate Collection Set: 0.97ms
[1944.180s][info][gc,phases      ] GC(309)   Other: 0.09ms
[1944.180s][info][gc,heap        ] GC(309) Eden regions: 1113->0(1120)
[1944.180s][info][gc,heap        ] GC(309) Survivor regions: 110->108(153)
[1944.180s][info][gc,heap        ] GC(309) Old regions: 532->469
[1944.180s][info][gc,heap        ] GC(309) Humongous regions: 80->80
[1944.180s][info][gc,metaspace   ] GC(309) Metaspace: 28920K(29248K)->28920K(29248K) NonClass: 24036K(24192K)->24036K(24192K) Class: 4883K(5056K)->4883K(5056K)
[1944.180s][info][gc             ] GC(309) Pause Young (Mixed) (G1 Evacuation Pause) 3669M->1313M(4096M) 133.309ms
[1944.180s][info][gc,cpu         ] GC(309) User=0.79s Sys=0.00s Real=0.14s
.......[1950.889s][info][gc,start       ] GC(310) Pause Young (Concurrent Start) (G1 Evacuation Pause)
[1950.889s][info][gc,task        ] GC(310) Using 6 workers of 6 for evacuation
[1951.007s][info][gc,phases      ] GC(310)   Pre Evacuate Collection Set: 0.42ms
[1951.007s][info][gc,phases      ] GC(310)   Merge Heap Roots: 0.50ms
[1951.007s][info][gc,phases      ] GC(310)   Evacuate Collection Set: 115.91ms
[1951.007s][info][gc,phases      ] GC(310)   Post Evacuate Collection Set: 0.89ms
[1951.007s][info][gc,phases      ] GC(310)   Other: 0.11ms
[1951.007s][info][gc,heap        ] GC(310) Eden regions: 1120->0(1118)
[1951.007s][info][gc,heap        ] GC(310) Survivor regions: 108->110(154)
[1951.007s][info][gc,heap        ] GC(310) Old regions: 469->501
[1951.007s][info][gc,heap        ] GC(310) Humongous regions: 80->80
[1951.007s][info][gc,metaspace   ] GC(310) Metaspace: 28920K(29248K)->28920K(29248K) NonClass: 24036K(24192K)->24036K(24192K) Class: 4883K(5056K)->4883K(5056K)
[1951.007s][info][gc             ] GC(310) Pause Young (Concurrent Start) (G1 Evacuation Pause) 3553M->1380M(4096M) 117.954ms
[1951.007s][info][gc             ] GC(311) Concurrent Mark Cycle
[1951.007s][info][gc,marking     ] GC(311) Concurrent Scan Root Regions
[1951.007s][info][gc,cpu         ] GC(310) User=0.70s Sys=0.01s Real=0.12s
[1951.185s][info][gc,marking     ] GC(311) Concurrent Scan Root Regions 177.561ms
[1951.185s][info][gc,marking     ] GC(311) Concurrent Mark
[1951.185s][info][gc,marking     ] GC(311) Concurrent Mark From Roots
[1951.185s][info][gc,task        ] GC(311) Using 2 workers of 2 for marking
.[1952.112s][info][gc,marking     ] GC(311) Concurrent Mark From Roots 926.875ms
[1952.112s][info][gc,marking     ] GC(311) Concurrent Preclean
[1952.112s][info][gc,marking     ] GC(311) Concurrent Preclean 0.052ms
[1952.112s][info][gc,start       ] GC(311) Pause Remark
[1952.115s][info][gc             ] GC(311) Pause Remark 1793M->1793M(4096M) 2.693ms
[1952.115s][info][gc,cpu         ] GC(311) User=0.01s Sys=0.00s Real=0.00s
[1952.115s][info][gc,marking     ] GC(311) Concurrent Mark 929.931ms
[1952.115s][info][gc,marking     ] GC(311) Concurrent Rebuild Remembered Sets and Scrub Regions
.[1952.468s][info][gc,marking     ] GC(311) Concurrent Rebuild Remembered Sets and Scrub Regions 352.776ms
[1952.468s][info][gc,start       ] GC(311) Pause Cleanup
[1952.468s][info][gc             ] GC(311) Pause Cleanup 1912M->1912M(4096M) 0.127ms
[1952.468s][info][gc,cpu         ] GC(311) User=0.00s Sys=0.00s Real=0.00s
[1952.468s][info][gc,marking     ] GC(311) Concurrent Clear Claimed Marks
[1952.468s][info][gc,marking     ] GC(311) Concurrent Clear Claimed Marks 0.026ms
[1952.468s][info][gc,marking     ] GC(311) Concurrent Cleanup for Next Mark
[1952.471s][info][gc,marking     ] GC(311) Concurrent Cleanup for Next Mark 3.255ms
[1952.471s][info][gc             ] GC(311) Concurrent Mark Cycle 1463.954ms
. (rIR:aIR:PR = 2767:2768:2768) (tPR = 41436) [OK] 
  1953s: Performance info:
         Transaction,    Success,    Partial,     Failed,   Receipts, AvgBarcode, 
             Overall,     166280,          0,          0,     157965,      59.46, 
         Response times:
             Request,    Success,    Partial,     Failed,   SkipFail,     Probes,    Samples,      min,      p50,      p90,      p95,      p99,      max, 
       TotalPurchase,     157965,          0,          0,          0,     155482,     172044,      300,     2400,     3800,     4600,    22000,   199000,
     InStorePurchase,      83125,          0,          0,          0,      81882,      90472,      300,     2300,     3700,     4500,    21000,   179000,
      OnlinePurchase,      58232,          0,          0,          0,      57515,      63656,      300,     2500,     3800,     4600,    23000,   199000,
        InstPurchase,      16608,          0,          0,          0,      16085,      17916,      400,     2300,     3800,     4500,    22000,   147000,
          AssocOfCat,        167,          0,          0,          0,        123,        175,    18600,    27000,    35400,    41800,    95680,   177000,
      AssocOfProduct,       1658,          0,          0,          0,       1503,       1790,      400,     1500,     2500,     3100,     9409,    33000,
      BusinessReport,        414,          0,          0,          0,        343,        460,    19700,    31000,    42900,    48950,   108910,   183000,
          CustBuyBeh,       1665,          0,          0,          0,       1487,       1796,      300,     1800,     3300,     4300,    18042,   137000,
       ProductReturn,       4411,          0,          0,          0,       4150,       4764,      200,     1700,     3400,     4100,    13040,   138000,

  1953s: (21%)   IR =   2906 ....|[1957.593s][info][gc,start       ] GC(312) Pause Young (Prepare Mixed) (G1 Evacuation Pause)
[1957.593s][info][gc,task        ] GC(312) Using 6 workers of 6 for evacuation
[1957.710s][info][gc,phases      ] GC(312)   Pre Evacuate Collection Set: 0.32ms
[1957.710s][info][gc,phases      ] GC(312)   Merge Heap Roots: 0.60ms
[1957.710s][info][gc,phases      ] GC(312)   Evacuate Collection Set: 115.15ms
[1957.710s][info][gc,phases      ] GC(312)   Post Evacuate Collection Set: 0.96ms
[1957.710s][info][gc,phases      ] GC(312)   Other: 0.08ms
[1957.710s][info][gc,heap        ] GC(312) Eden regions: 1118->0(1113)
[1957.710s][info][gc,heap        ] GC(312) Survivor regions: 110->110(154)
[1957.710s][info][gc,heap        ] GC(312) Old regions: 501->532
[1957.710s][info][gc,heap        ] GC(312) Humongous regions: 80->80
[1957.710s][info][gc,metaspace   ] GC(312) Metaspace: 28920K(29248K)->28920K(29248K) NonClass: 24036K(24192K)->24036K(24192K) Class: 4883K(5056K)->4883K(5056K)
[1957.710s][info][gc             ] GC(312) Pause Young (Prepare Mixed) (G1 Evacuation Pause) 3616M->1443M(4096M) 117.258ms
[1957.710s][info][gc,cpu         ] GC(312) User=0.70s Sys=0.00s Real=0.12s
......[1964.038s][info][gc,start       ] GC(313) Pause Young (Mixed) (G1 Evacuation Pause)
[1964.038s][info][gc,task        ] GC(313) Using 6 workers of 6 for evacuation
[1964.173s][info][gc,phases      ] GC(313)   Pre Evacuate Collection Set: 0.38ms
[1964.173s][info][gc,phases      ] GC(313)   Merge Heap Roots: 0.75ms
[1964.173s][info][gc,phases      ] GC(313)   Evacuate Collection Set: 132.61ms
[1964.173s][info][gc,phases      ] GC(313)   Post Evacuate Collection Set: 0.98ms
[1964.173s][info][gc,phases      ] GC(313)   Other: 0.09ms
[1964.173s][info][gc,heap        ] GC(313) Eden regions: 1113->0(1117)
[1964.173s][info][gc,heap        ] GC(313) Survivor regions: 110->111(153)
[1964.173s][info][gc,heap        ] GC(313) Old regions: 532->470
[1964.173s][info][gc,heap        ] GC(313) Humongous regions: 80->80
[1964.173s][info][gc,metaspace   ] GC(313) Metaspace: 28920K(29248K)->28920K(29248K) NonClass: 24036K(24192K)->24036K(24192K) Class: 4883K(5056K)->4883K(5056K)
[1964.173s][info][gc             ] GC(313) Pause Young (Mixed) (G1 Evacuation Pause) 3669M->1321M(4096M) 134.950ms
[1964.173s][info][gc,cpu         ] GC(313) User=0.80s Sys=0.00s Real=0.13s
.......[1970.590s][info][gc,start       ] GC(314) Pause Young (Concurrent Start) (G1 Evacuation Pause)
[1970.590s][info][gc,task        ] GC(314) Using 6 workers of 6 for evacuation
[1970.707s][info][gc,phases      ] GC(314)   Pre Evacuate Collection Set: 0.38ms
[1970.707s][info][gc,phases      ] GC(314)   Merge Heap Roots: 0.49ms
[1970.707s][info][gc,phases      ] GC(314)   Evacuate Collection Set: 114.96ms
[1970.707s][info][gc,phases      ] GC(314)   Post Evacuate Collection Set: 0.91ms
[1970.707s][info][gc,phases      ] GC(314)   Other: 0.10ms
[1970.707s][info][gc,heap        ] GC(314) Eden regions: 1117->0(1119)
[1970.707s][info][gc,heap        ] GC(314) Survivor regions: 111->109(154)
[1970.707s][info][gc,heap        ] GC(314) Old regions: 470->503
[1970.707s][info][gc,heap        ] GC(314) Humongous regions: 80->80
[1970.707s][info][gc,metaspace   ] GC(314) Metaspace: 28920K(29248K)->28920K(29248K) NonClass: 24036K(24192K)->24036K(24192K) Class: 4883K(5056K)->4883K(5056K)
[1970.707s][info][gc             ] GC(314) Pause Young (Concurrent Start) (G1 Evacuation Pause) 3555M->1383M(4096M) 116.969ms
[1970.707s][info][gc             ] GC(315) Concurrent Mark Cycle
[1970.707s][info][gc,marking     ] GC(315) Concurrent Scan Root Regions
[1970.707s][info][gc,cpu         ] GC(314) User=0.70s Sys=0.00s Real=0.11s
[1970.881s][info][gc,marking     ] GC(315) Concurrent Scan Root Regions 174.348ms
[1970.881s][info][gc,marking     ] GC(315) Concurrent Mark
[1970.881s][info][gc,marking     ] GC(315) Concurrent Mark From Roots
[1970.881s][info][gc,task        ] GC(315) Using 2 workers of 2 for marking
.[1971.858s][info][gc,marking     ] GC(315) Concurrent Mark From Roots 977.159ms
[1971.858s][info][gc,marking     ] GC(315) Concurrent Preclean
[1971.858s][info][gc,marking     ] GC(315) Concurrent Preclean 0.043ms
[1971.859s][info][gc,start       ] GC(315) Pause Remark
[1971.861s][info][gc             ] GC(315) Pause Remark 1834M->1834M(4096M) 2.929ms
[1971.862s][info][gc,cpu         ] GC(315) User=0.01s Sys=0.00s Real=0.00s
[1971.862s][info][gc,marking     ] GC(315) Concurrent Mark 980.361ms
[1971.862s][info][gc,marking     ] GC(315) Concurrent Rebuild Remembered Sets and Scrub Regions
[1972.209s][info][gc,marking     ] GC(315) Concurrent Rebuild Remembered Sets and Scrub Regions 347.456ms
[1972.209s][info][gc,start       ] GC(315) Pause Cleanup
[1972.209s][info][gc             ] GC(315) Pause Cleanup 1965M->1965M(4096M) 0.124ms
[1972.209s][info][gc,cpu         ] GC(315) User=0.00s Sys=0.00s Real=0.00s
[1972.209s][info][gc,marking     ] GC(315) Concurrent Clear Claimed Marks
[1972.209s][info][gc,marking     ] GC(315) Concurrent Clear Claimed Marks 0.030ms
[1972.209s][info][gc,marking     ] GC(315) Concurrent Cleanup for Next Mark
[1972.213s][info][gc,marking     ] GC(315) Concurrent Cleanup for Next Mark 3.384ms
[1972.213s][info][gc             ] GC(315) Concurrent Mark Cycle 1506.006ms
.....[1977.054s][info][gc,start       ] GC(316) Pause Young (Prepare Mixed) (G1 Evacuation Pause)
[1977.054s][info][gc,task        ] GC(316) Using 6 workers of 6 for evacuation
[1977.171s][info][gc,phases      ] GC(316)   Pre Evacuate Collection Set: 0.36ms
[1977.171s][info][gc,phases      ] GC(316)   Merge Heap Roots: 0.53ms
[1977.171s][info][gc,phases      ] GC(316)   Evacuate Collection Set: 115.92ms
[1977.171s][info][gc,phases      ] GC(316)   Post Evacuate Collection Set: 0.82ms
[1977.171s][info][gc,phases      ] GC(316)   Other: 0.09ms
[1977.171s][info][gc,heap        ] GC(316) Eden regions: 1119->0(1108)
[1977.171s][info][gc,heap        ] GC(316) Survivor regions: 109->111(154)
[1977.171s][info][gc,heap        ] GC(316) Old regions: 503->535
[1977.171s][info][gc,heap        ] GC(316) Humongous regions: 80->80
[1977.171s][info][gc,metaspace   ] GC(316) Metaspace: 28920K(29248K)->28920K(29248K) NonClass: 24036K(24192K)->24036K(24192K) Class: 4883K(5056K)->4883K(5056K)
[1977.171s][info][gc             ] GC(316) Pause Young (Prepare Mixed) (G1 Evacuation Pause) 3621M->1449M(4096M) 117.854ms
[1977.171s][info][gc,cpu         ] GC(316) User=0.70s Sys=0.00s Real=0.12s
.......[1983.558s][info][gc,start       ] GC(317) Pause Young (Mixed) (G1 Evacuation Pause)
[1983.558s][info][gc,task        ] GC(317) Using 6 workers of 6 for evacuation
[1983.688s][info][gc,phases      ] GC(317)   Pre Evacuate Collection Set: 0.41ms
[1983.688s][info][gc,phases      ] GC(317)   Merge Heap Roots: 0.63ms
[1983.688s][info][gc,phases      ] GC(317)   Evacuate Collection Set: 128.24ms
[1983.688s][info][gc,phases      ] GC(317)   Post Evacuate Collection Set: 0.93ms
[1983.688s][info][gc,phases      ] GC(317)   Other: 0.09ms
[1983.688s][info][gc,heap        ] GC(317) Eden regions: 1108->0(1119)
[1983.688s][info][gc,heap        ] GC(317) Survivor regions: 111->109(153)
[1983.688s][info][gc,heap        ] GC(317) Old regions: 535->470
[1983.688s][info][gc,heap        ] GC(317) Humongous regions: 80->80
[1983.688s][info][gc,metaspace   ] GC(317) Metaspace: 28920K(29248K)->28920K(29248K) NonClass: 24036K(24192K)->24036K(24192K) Class: 4883K(5056K)->4883K(5056K)
[1983.688s][info][gc             ] GC(317) Pause Young (Mixed) (G1 Evacuation Pause) 3665M->1316M(4096M) 130.430ms
[1983.688s][info][gc,cpu         ] GC(317) User=0.77s Sys=0.00s Real=0.13s
......[1990.097s][info][gc,start       ] GC(318) Pause Young (Concurrent Start) (G1 Evacuation Pause)
[1990.097s][info][gc,task        ] GC(318) Using 6 workers of 6 for evacuation
[1990.212s][info][gc,phases      ] GC(318)   Pre Evacuate Collection Set: 0.40ms
[1990.212s][info][gc,phases      ] GC(318)   Merge Heap Roots: 0.52ms
[1990.212s][info][gc,phases      ] GC(318)   Evacuate Collection Set: 112.30ms
[1990.212s][info][gc,phases      ] GC(318)   Post Evacuate Collection Set: 0.89ms
[1990.212s][info][gc,phases      ] GC(318)   Other: 0.13ms
[1990.212s][info][gc,heap        ] GC(318) Eden regions: 1119->0(1120)
[1990.212s][info][gc,heap        ] GC(318) Survivor regions: 109->108(154)
[1990.212s][info][gc,heap        ] GC(318) Old regions: 470->502
[1990.212s][info][gc,heap        ] GC(318) Humongous regions: 80->80
[1990.212s][info][gc,metaspace   ] GC(318) Metaspace: 28920K(29248K)->28920K(29248K) NonClass: 24036K(24192K)->24036K(24192K) Class: 4883K(5056K)->4883K(5056K)
[1990.212s][info][gc             ] GC(318) Pause Young (Concurrent Start) (G1 Evacuation Pause) 3554M->1377M(4096M) 114.389ms
[1990.212s][info][gc             ] GC(319) Concurrent Mark Cycle
[1990.212s][info][gc,marking     ] GC(319) Concurrent Scan Root Regions
[1990.212s][info][gc,cpu         ] GC(318) User=0.68s Sys=0.00s Real=0.12s
.[1990.381s][info][gc,marking     ] GC(319) Concurrent Scan Root Regions 169.492ms
[1990.381s][info][gc,marking     ] GC(319) Concurrent Mark
[1990.381s][info][gc,marking     ] GC(319) Concurrent Mark From Roots
[1990.381s][info][gc,task        ] GC(319) Using 2 workers of 2 for marking
[1991.313s][info][gc,marking     ] GC(319) Concurrent Mark From Roots 931.591ms
[1991.313s][info][gc,marking     ] GC(319) Concurrent Preclean
[1991.313s][info][gc,marking     ] GC(319) Concurrent Preclean 0.042ms
[1991.313s][info][gc,start       ] GC(319) Pause Remark
[1991.316s][info][gc             ] GC(319) Pause Remark 1798M->1798M(4096M) 2.808ms
[1991.316s][info][gc,cpu         ] GC(319) User=0.02s Sys=0.00s Real=0.00s
[1991.316s][info][gc,marking     ] GC(319) Concurrent Mark 934.694ms
[1991.316s][info][gc,marking     ] GC(319) Concurrent Rebuild Remembered Sets and Scrub Regions
.[1991.536s][info][gc,marking     ] GC(319) Concurrent Rebuild Remembered Sets and Scrub Regions 219.738ms
[1991.536s][info][gc,start       ] GC(319) Pause Cleanup
[1991.536s][info][gc             ] GC(319) Pause Cleanup 1860M->1860M(4096M) 0.115ms
[1991.536s][info][gc,cpu         ] GC(319) User=0.00s Sys=0.00s Real=0.00s
[1991.536s][info][gc,marking     ] GC(319) Concurrent Clear Claimed Marks
[1991.536s][info][gc,marking     ] GC(319) Concurrent Clear Claimed Marks 0.031ms
[1991.536s][info][gc,marking     ] GC(319) Concurrent Cleanup for Next Mark
[1991.540s][info][gc,marking     ] GC(319) Concurrent Cleanup for Next Mark 3.581ms
[1991.540s][info][gc             ] GC(319) Concurrent Mark Cycle 1327.978ms
.....[1996.582s][info][gc,start       ] GC(320) Pause Young (Prepare Mixed) (G1 Evacuation Pause)
[1996.582s][info][gc,task        ] GC(320) Using 6 workers of 6 for evacuation
[1996.699s][info][gc,phases      ] GC(320)   Pre Evacuate Collection Set: 0.36ms
[1996.699s][info][gc,phases      ] GC(320)   Merge Heap Roots: 0.59ms
[1996.699s][info][gc,phases      ] GC(320)   Evacuate Collection Set: 114.42ms
[1996.699s][info][gc,phases      ] GC(320)   Post Evacuate Collection Set: 0.92ms
[1996.699s][info][gc,phases      ] GC(320)   Other: 0.08ms
[1996.699s][info][gc,heap        ] GC(320) Eden regions: 1120->0(1114)
[1996.699s][info][gc,heap        ] GC(320) Survivor regions: 108->109(154)
[1996.699s][info][gc,heap        ] GC(320) Old regions: 502->533
[1996.699s][info][gc,heap        ] GC(320) Humongous regions: 80->80
[1996.699s][info][gc,metaspace   ] GC(320) Metaspace: 28920K(29248K)->28920K(29248K) NonClass: 24036K(24192K)->24036K(24192K) Class: 4883K(5056K)->4883K(5056K)
[1996.699s][info][gc             ] GC(320) Pause Young (Prepare Mixed) (G1 Evacuation Pause) 3617M->1443M(4096M) 116.529ms
[1996.699s][info][gc,cpu         ] GC(320) User=0.69s Sys=0.00s Real=0.12s
......[2003.131s][info][gc,start       ] GC(321) Pause Young (Mixed) (G1 Evacuation Pause)
[2003.131s][info][gc,task        ] GC(321) Using 6 workers of 6 for evacuation
[2003.264s][info][gc,phases      ] GC(321)   Pre Evacuate Collection Set: 0.36ms
[2003.264s][info][gc,phases      ] GC(321)   Merge Heap Roots: 0.68ms
[2003.264s][info][gc,phases      ] GC(321)   Evacuate Collection Set: 131.22ms
[2003.264s][info][gc,phases      ] GC(321)   Post Evacuate Collection Set: 1.00ms
[2003.264s][info][gc,phases      ] GC(321)   Other: 0.09ms
[2003.264s][info][gc,heap        ] GC(321) Eden regions: 1114->0(1118)
[2003.264s][info][gc,heap        ] GC(321) Survivor regions: 109->110(153)
[2003.264s][info][gc,heap        ] GC(321) Old regions: 533->468
[2003.264s][info][gc,heap        ] GC(321) Humongous regions: 80->80
[2003.264s][info][gc,metaspace   ] GC(321) Metaspace: 28920K(29248K)->28920K(29248K) NonClass: 24036K(24192K)->24036K(24192K) Class: 4883K(5056K)->4883K(5056K)
[2003.264s][info][gc             ] GC(321) Pause Young (Mixed) (G1 Evacuation Pause) 3671M->1313M(4096M) 133.504ms
[2003.264s][info][gc,cpu         ] GC(321) User=0.80s Sys=0.00s Real=0.13s
.......[2009.672s][info][gc,start       ] GC(322) Pause Young (Concurrent Start) (G1 Evacuation Pause)
[2009.672s][info][gc,task        ] GC(322) Using 6 workers of 6 for evacuation
[2009.790s][info][gc,phases      ] GC(322)   Pre Evacuate Collection Set: 0.39ms
[2009.790s][info][gc,phases      ] GC(322)   Merge Heap Roots: 0.56ms
[2009.790s][info][gc,phases      ] GC(322)   Evacuate Collection Set: 115.32ms
[2009.790s][info][gc,phases      ] GC(322)   Post Evacuate Collection Set: 0.91ms
[2009.790s][info][gc,phases      ] GC(322)   Other: 0.10ms
[2009.790s][info][gc,heap        ] GC(322) Eden regions: 1118->0(1119)
[2009.790s][info][gc,heap        ] GC(322) Survivor regions: 110->109(154)
[2009.790s][info][gc,heap        ] GC(322) Old regions: 468->500
[2009.790s][info][gc,heap        ] GC(322) Humongous regions: 80->80
[2009.790s][info][gc,metaspace   ] GC(322) Metaspace: 28920K(29248K)->28920K(29248K) NonClass: 24036K(24192K)->24036K(24192K) Class: 4883K(5056K)->4883K(5056K)
[2009.790s][info][gc             ] GC(322) Pause Young (Concurrent Start) (G1 Evacuation Pause) 3549M->1376M(4096M) 117.401ms
[2009.790s][info][gc             ] GC(323) Concurrent Mark Cycle
[2009.790s][info][gc,marking     ] GC(323) Concurrent Scan Root Regions
[2009.790s][info][gc,cpu         ] GC(322) User=0.70s Sys=0.00s Real=0.12s
[2009.970s][info][gc,marking     ] GC(323) Concurrent Scan Root Regions 180.162ms
[2009.970s][info][gc,marking     ] GC(323) Concurrent Mark
[2009.970s][info][gc,marking     ] GC(323) Concurrent Mark From Roots
[2009.970s][info][gc,task        ] GC(323) Using 2 workers of 2 for marking
.[2010.944s][info][gc,marking     ] GC(323) Concurrent Mark From Roots 973.749ms
[2010.944s][info][gc,marking     ] GC(323) Concurrent Preclean
[2010.944s][info][gc,marking     ] GC(323) Concurrent Preclean 0.040ms
[2010.944s][info][gc,start       ] GC(323) Pause Remark
[2010.947s][info][gc             ] GC(323) Pause Remark 1821M->1821M(4096M) 2.615ms
[2010.947s][info][gc,cpu         ] GC(323) User=0.02s Sys=0.00s Real=0.00s
[2010.947s][info][gc,marking     ] GC(323) Concurrent Mark 976.654ms
[2010.947s][info][gc,marking     ] GC(323) Concurrent Rebuild Remembered Sets and Scrub Regions
[2011.299s][info][gc,marking     ] GC(323) Concurrent Rebuild Remembered Sets and Scrub Regions 352.233ms
[2011.300s][info][gc,start       ] GC(323) Pause Cleanup
[2011.300s][info][gc             ] GC(323) Pause Cleanup 1940M->1940M(4096M) 0.135ms
[2011.300s][info][gc,cpu         ] GC(323) User=0.00s Sys=0.00s Real=0.00s
[2011.300s][info][gc,marking     ] GC(323) Concurrent Clear Claimed Marks
[2011.300s][info][gc,marking     ] GC(323) Concurrent Clear Claimed Marks 0.030ms
[2011.300s][info][gc,marking     ] GC(323) Concurrent Cleanup for Next Mark
[2011.304s][info][gc,marking     ] GC(323) Concurrent Cleanup for Next Mark 3.882ms
[2011.304s][info][gc             ] GC(323) Concurrent Mark Cycle 1513.941ms
.....[2016.221s][info][gc,start       ] GC(324) Pause Young (Prepare Mixed) (G1 Evacuation Pause)
[2016.221s][info][gc,task        ] GC(324) Using 6 workers of 6 for evacuation
[2016.340s][info][gc,phases      ] GC(324)   Pre Evacuate Collection Set: 0.34ms
[2016.340s][info][gc,phases      ] GC(324)   Merge Heap Roots: 0.55ms
[2016.340s][info][gc,phases      ] GC(324)   Evacuate Collection Set: 117.07ms
[2016.340s][info][gc,phases      ] GC(324)   Post Evacuate Collection Set: 0.93ms
[2016.340s][info][gc,phases      ] GC(324)   Other: 0.09ms
[2016.340s][info][gc,heap        ] GC(324) Eden regions: 1119->0(1109)
[2016.340s][info][gc,heap        ] GC(324) Survivor regions: 109->112(154)
[2016.340s][info][gc,heap        ] GC(324) Old regions: 500->532
[2016.340s][info][gc,heap        ] GC(324) Humongous regions: 80->80
[2016.340s][info][gc,metaspace   ] GC(324) Metaspace: 28920K(29248K)->28920K(29248K) NonClass: 24036K(24192K)->24036K(24192K) Class: 4883K(5056K)->4883K(5056K)
[2016.340s][info][gc             ] GC(324) Pause Young (Prepare Mixed) (G1 Evacuation Pause) 3614M->1446M(4096M) 119.107ms
[2016.340s][info][gc,cpu         ] GC(324) User=0.71s Sys=0.00s Real=0.12s
.. (rIR:aIR:PR = 2906:2907:2907) (tPR = 43204) [OK] 
  2017s: Performance info:
         Transaction,    Success,    Partial,     Failed,   Receipts, AvgBarcode, 
             Overall,     174507,          0,          0,     165796,      59.48, 
         Response times:
             Request,    Success,    Partial,     Failed,   SkipFail,     Probes,    Samples,      min,      p50,      p90,      p95,      p99,      max, 
       TotalPurchase,     165796,          0,          0,          0,     163058,     175038,      300,     2500,     4000,     4700,    22000,   194000,
     InStorePurchase,      87236,          0,          0,          0,      86203,      92257,      300,     2500,     4000,     4800,    22000,   194000,
      OnlinePurchase,      61117,          0,          0,          0,      60003,      64467,      300,     2300,     3900,     4600,    21000,   142000,
        InstPurchase,      17443,          0,          0,          0,      16852,      18314,      400,     2800,     4100,     5000,    23000,   140000,
          AssocOfCat,        176,          0,          0,          0,        127,        173,    19100,    27000,    35600,    39000,    51980,    69000,
      AssocOfProduct,       1740,          0,          0,          0,       1573,       1825,      500,     1900,     3500,     4100,    10722,   137000,
      BusinessReport,        439,          0,          0,          0,        353,        435,    19500,    32000,    41000,    50000,   163560,   182000,
          CustBuyBeh,       1734,          0,          0,          0,       1572,       1854,      300,     2400,     4100,     4900,    18330,   133000,
       ProductReturn,       4623,          0,          0,          0,       4301,       4825,      200,     1800,     3700,     4400,    21000,   135000,

  2017s: (22%)   IR =   3044 ....|.[2022.542s][info][gc,start       ] GC(325) Pause Young (Mixed) (G1 Evacuation Pause)
[2022.542s][info][gc,task        ] GC(325) Using 6 workers of 6 for evacuation
[2022.678s][info][gc,phases      ] GC(325)   Pre Evacuate Collection Set: 0.39ms
[2022.678s][info][gc,phases      ] GC(325)   Merge Heap Roots: 0.85ms
[2022.678s][info][gc,phases      ] GC(325)   Evacuate Collection Set: 134.01ms
[2022.678s][info][gc,phases      ] GC(325)   Post Evacuate Collection Set: 0.96ms
[2022.678s][info][gc,phases      ] GC(325)   Other: 0.09ms
[2022.678s][info][gc,heap        ] GC(325) Eden regions: 1109->0(1118)
[2022.678s][info][gc,heap        ] GC(325) Survivor regions: 112->110(153)
[2022.678s][info][gc,heap        ] GC(325) Old regions: 532->470
[2022.678s][info][gc,heap        ] GC(325) Humongous regions: 80->80
[2022.678s][info][gc,metaspace   ] GC(325) Metaspace: 28920K(29248K)->28920K(29248K) NonClass: 24036K(24192K)->24036K(24192K) Class: 4883K(5056K)->4883K(5056K)
[2022.678s][info][gc             ] GC(325) Pause Young (Mixed) (G1 Evacuation Pause) 3664M->1318M(4096M) 136.448ms
[2022.678s][info][gc,cpu         ] GC(325) User=0.82s Sys=0.00s Real=0.14s
......[2028.705s][info][gc,start       ] GC(326) Pause Young (Concurrent Start) (G1 Evacuation Pause)
[2028.705s][info][gc,task        ] GC(326) Using 6 workers of 6 for evacuation
[2028.820s][info][gc,phases      ] GC(326)   Pre Evacuate Collection Set: 0.37ms
[2028.820s][info][gc,phases      ] GC(326)   Merge Heap Roots: 0.49ms
[2028.820s][info][gc,phases      ] GC(326)   Evacuate Collection Set: 112.83ms
[2028.820s][info][gc,phases      ] GC(326)   Post Evacuate Collection Set: 0.87ms
[2028.820s][info][gc,phases      ] GC(326)   Other: 0.10ms
[2028.820s][info][gc,heap        ] GC(326) Eden regions: 1118->0(1121)
[2028.820s][info][gc,heap        ] GC(326) Survivor regions: 110->107(154)
[2028.820s][info][gc,heap        ] GC(326) Old regions: 470->502
[2028.820s][info][gc,heap        ] GC(326) Humongous regions: 80->80
[2028.820s][info][gc,metaspace   ] GC(326) Metaspace: 28920K(29248K)->28920K(29248K) NonClass: 24036K(24192K)->24036K(24192K) Class: 4883K(5056K)->4883K(5056K)
[2028.820s][info][gc             ] GC(326) Pause Young (Concurrent Start) (G1 Evacuation Pause) 3554M->1377M(4096M) 114.797ms
[2028.820s][info][gc             ] GC(327) Concurrent Mark Cycle
[2028.820s][info][gc,marking     ] GC(327) Concurrent Scan Root Regions
[2028.820s][info][gc,cpu         ] GC(326) User=0.68s Sys=0.00s Real=0.12s
[2028.943s][info][gc,marking     ] GC(327) Concurrent Scan Root Regions 122.780ms
[2028.943s][info][gc,marking     ] GC(327) Concurrent Mark
[2028.943s][info][gc,marking     ] GC(327) Concurrent Mark From Roots
[2028.943s][info][gc,task        ] GC(327) Using 2 workers of 2 for marking
.[2029.527s][info][gc,marking     ] GC(327) Concurrent Mark From Roots 584.046ms
[2029.527s][info][gc,marking     ] GC(327) Concurrent Preclean
[2029.527s][info][gc,marking     ] GC(327) Concurrent Preclean 0.043ms
[2029.527s][info][gc,start       ] GC(327) Pause Remark
[2029.530s][info][gc             ] GC(327) Pause Remark 1686M->1686M(4096M) 2.674ms
[2029.530s][info][gc,cpu         ] GC(327) User=0.01s Sys=0.00s Real=0.00s
[2029.530s][info][gc,marking     ] GC(327) Concurrent Mark 586.988ms
[2029.530s][info][gc,marking     ] GC(327) Concurrent Rebuild Remembered Sets and Scrub Regions
[2029.803s][info][gc,marking     ] GC(327) Concurrent Rebuild Remembered Sets and Scrub Regions 272.825ms
[2029.803s][info][gc,start       ] GC(327) Pause Cleanup
[2029.803s][info][gc             ] GC(327) Pause Cleanup 1798M->1798M(4096M) 0.144ms
[2029.803s][info][gc,cpu         ] GC(327) User=0.00s Sys=0.00s Real=0.00s
[2029.803s][info][gc,marking     ] GC(327) Concurrent Clear Claimed Marks
[2029.803s][info][gc,marking     ] GC(327) Concurrent Clear Claimed Marks 0.033ms
[2029.803s][info][gc,marking     ] GC(327) Concurrent Cleanup for Next Mark
[2029.807s][info][gc,marking     ] GC(327) Concurrent Cleanup for Next Mark 3.260ms
[2029.807s][info][gc             ] GC(327) Concurrent Mark Cycle 986.321ms
.....[2034.957s][info][gc,start       ] GC(328) Pause Young (Prepare Mixed) (G1 Evacuation Pause)
[2034.957s][info][gc,task        ] GC(328) Using 6 workers of 6 for evacuation
[2035.073s][info][gc,phases      ] GC(328)   Pre Evacuate Collection Set: 0.35ms
[2035.073s][info][gc,phases      ] GC(328)   Merge Heap Roots: 0.57ms
[2035.073s][info][gc,phases      ] GC(328)   Evacuate Collection Set: 114.26ms
[2035.073s][info][gc,phases      ] GC(328)   Post Evacuate Collection Set: 0.94ms
[2035.073s][info][gc,phases      ] GC(328)   Other: 0.09ms
[2035.073s][info][gc,heap        ] GC(328) Eden regions: 1121->0(1115)
[2035.073s][info][gc,heap        ] GC(328) Survivor regions: 107->108(154)
[2035.073s][info][gc,heap        ] GC(328) Old regions: 502->534
[2035.073s][info][gc,heap        ] GC(328) Humongous regions: 80->80
[2035.073s][info][gc,metaspace   ] GC(328) Metaspace: 28920K(29248K)->28920K(29248K) NonClass: 24036K(24192K)->24036K(24192K) Class: 4883K(5056K)->4883K(5056K)
[2035.073s][info][gc             ] GC(328) Pause Young (Prepare Mixed) (G1 Evacuation Pause) 3619M->1442M(4096M) 116.345ms
[2035.073s][info][gc,cpu         ] GC(328) User=0.69s Sys=0.00s Real=0.12s
......[2041.184s][info][gc,start       ] GC(329) Pause Young (Mixed) (G1 Evacuation Pause)
[2041.185s][info][gc,task        ] GC(329) Using 6 workers of 6 for evacuation
[2041.318s][info][gc,phases      ] GC(329)   Pre Evacuate Collection Set: 0.36ms
[2041.318s][info][gc,phases      ] GC(329)   Merge Heap Roots: 0.83ms
[2041.318s][info][gc,phases      ] GC(329)   Evacuate Collection Set: 131.06ms
[2041.318s][info][gc,phases      ] GC(329)   Post Evacuate Collection Set: 0.97ms
[2041.318s][info][gc,phases      ] GC(329)   Other: 0.09ms
[2041.318s][info][gc,heap        ] GC(329) Eden regions: 1115->0(1119)
[2041.318s][info][gc,heap        ] GC(329) Survivor regions: 108->109(153)
[2041.318s][info][gc,heap        ] GC(329) Old regions: 534->470
[2041.318s][info][gc,heap        ] GC(329) Humongous regions: 80->80
[2041.318s][info][gc,metaspace   ] GC(329) Metaspace: 28920K(29248K)->28920K(29248K) NonClass: 24036K(24192K)->24036K(24192K) Class: 4883K(5056K)->4883K(5056K)
[2041.318s][info][gc             ] GC(329) Pause Young (Mixed) (G1 Evacuation Pause) 3672M->1315M(4096M) 133.439ms
[2041.318s][info][gc,cpu         ] GC(329) User=0.79s Sys=0.00s Real=0.14s
......[2047.407s][info][gc,start       ] GC(330) Pause Young (Concurrent Start) (G1 Evacuation Pause)
[2047.407s][info][gc,task        ] GC(330) Using 6 workers of 6 for evacuation
[2047.527s][info][gc,phases      ] GC(330)   Pre Evacuate Collection Set: 0.40ms
[2047.527s][info][gc,phases      ] GC(330)   Merge Heap Roots: 0.49ms
[2047.527s][info][gc,phases      ] GC(330)   Evacuate Collection Set: 118.59ms
[2047.527s][info][gc,phases      ] GC(330)   Post Evacuate Collection Set: 0.92ms
[2047.527s][info][gc,phases      ] GC(330)   Other: 0.09ms
[2047.527s][info][gc,heap        ] GC(330) Eden regions: 1119->0(1116)
[2047.527s][info][gc,heap        ] GC(330) Survivor regions: 109->112(154)
[2047.528s][info][gc,heap        ] GC(330) Old regions: 470->502
[2047.528s][info][gc,heap        ] GC(330) Humongous regions: 80->80
[2047.528s][info][gc,metaspace   ] GC(330) Metaspace: 28920K(29248K)->28920K(29248K) NonClass: 24036K(24192K)->24036K(24192K) Class: 4883K(5056K)->4883K(5056K)
[2047.528s][info][gc             ] GC(330) Pause Young (Concurrent Start) (G1 Evacuation Pause) 3553M->1386M(4096M) 120.649ms
[2047.528s][info][gc             ] GC(331) Concurrent Mark Cycle
[2047.528s][info][gc,marking     ] GC(331) Concurrent Scan Root Regions
[2047.528s][info][gc,cpu         ] GC(330) User=0.71s Sys=0.00s Real=0.13s
.[2047.646s][info][gc,marking     ] GC(331) Concurrent Scan Root Regions 118.270ms
[2047.646s][info][gc,marking     ] GC(331) Concurrent Mark
[2047.646s][info][gc,marking     ] GC(331) Concurrent Mark From Roots
[2047.646s][info][gc,task        ] GC(331) Using 2 workers of 2 for marking
[2048.224s][info][gc,marking     ] GC(331) Concurrent Mark From Roots 578.534ms
[2048.224s][info][gc,marking     ] GC(331) Concurrent Preclean
[2048.224s][info][gc,marking     ] GC(331) Concurrent Preclean 0.044ms
[2048.225s][info][gc,start       ] GC(331) Pause Remark
[2048.227s][info][gc             ] GC(331) Pause Remark 1645M->1645M(4096M) 2.514ms
[2048.227s][info][gc,cpu         ] GC(331) User=0.01s Sys=0.00s Real=0.00s
[2048.227s][info][gc,marking     ] GC(331) Concurrent Mark 581.358ms
[2048.227s][info][gc,marking     ] GC(331) Concurrent Rebuild Remembered Sets and Scrub Regions
[2048.441s][info][gc,marking     ] GC(331) Concurrent Rebuild Remembered Sets and Scrub Regions 214.172ms
[2048.442s][info][gc,start       ] GC(331) Pause Cleanup
[2048.442s][info][gc             ] GC(331) Pause Cleanup 1713M->1713M(4096M) 0.135ms
[2048.442s][info][gc,cpu         ] GC(331) User=0.00s Sys=0.00s Real=0.00s
[2048.442s][info][gc,marking     ] GC(331) Concurrent Clear Claimed Marks
[2048.442s][info][gc,marking     ] GC(331) Concurrent Clear Claimed Marks 0.031ms
[2048.442s][info][gc,marking     ] GC(331) Concurrent Cleanup for Next Mark
[2048.445s][info][gc,marking     ] GC(331) Concurrent Cleanup for Next Mark 3.235ms
[2048.445s][info][gc             ] GC(331) Concurrent Mark Cycle 917.574ms
......[2053.672s][info][gc,start       ] GC(332) Pause Young (Prepare Mixed) (G1 Evacuation Pause)
[2053.672s][info][gc,task        ] GC(332) Using 6 workers of 6 for evacuation
[2053.788s][info][gc,phases      ] GC(332)   Pre Evacuate Collection Set: 0.32ms
[2053.788s][info][gc,phases      ] GC(332)   Merge Heap Roots: 0.54ms
[2053.788s][info][gc,phases      ] GC(332)   Evacuate Collection Set: 114.17ms
[2053.788s][info][gc,phases      ] GC(332)   Post Evacuate Collection Set: 0.93ms
[2053.789s][info][gc,phases      ] GC(332)   Other: 0.09ms
[2053.789s][info][gc,heap        ] GC(332) Eden regions: 1116->0(1112)
[2053.789s][info][gc,heap        ] GC(332) Survivor regions: 112->109(154)
[2053.789s][info][gc,heap        ] GC(332) Old regions: 502->535
[2053.789s][info][gc,heap        ] GC(332) Humongous regions: 80->80
[2053.789s][info][gc,metaspace   ] GC(332) Metaspace: 28920K(29248K)->28920K(29248K) NonClass: 24036K(24192K)->24036K(24192K) Class: 4883K(5056K)->4883K(5056K)
[2053.789s][info][gc             ] GC(332) Pause Young (Prepare Mixed) (G1 Evacuation Pause) 3618M->1446M(4096M) 116.181ms
[2053.789s][info][gc,cpu         ] GC(332) User=0.69s Sys=0.00s Real=0.12s
......[2059.819s][info][gc,start       ] GC(333) Pause Young (Mixed) (G1 Evacuation Pause)
[2059.819s][info][gc,task        ] GC(333) Using 6 workers of 6 for evacuation
[2059.949s][info][gc,phases      ] GC(333)   Pre Evacuate Collection Set: 0.39ms
[2059.949s][info][gc,phases      ] GC(333)   Merge Heap Roots: 0.66ms
[2059.949s][info][gc,phases      ] GC(333)   Evacuate Collection Set: 127.59ms
[2059.949s][info][gc,phases      ] GC(333)   Post Evacuate Collection Set: 0.97ms
[2059.949s][info][gc,phases      ] GC(333)   Other: 0.09ms
[2059.949s][info][gc,heap        ] GC(333) Eden regions: 1112->0(1120)
[2059.949s][info][gc,heap        ] GC(333) Survivor regions: 109->108(153)
[2059.949s][info][gc,heap        ] GC(333) Old regions: 535->470
[2059.949s][info][gc,heap        ] GC(333) Humongous regions: 80->80
[2059.949s][info][gc,metaspace   ] GC(333) Metaspace: 28920K(29248K)->28920K(29248K) NonClass: 24036K(24192K)->24036K(24192K) Class: 4883K(5056K)->4883K(5056K)
[2059.949s][info][gc             ] GC(333) Pause Young (Mixed) (G1 Evacuation Pause) 3670M->1315M(4096M) 129.816ms
[2059.949s][info][gc,cpu         ] GC(333) User=0.77s Sys=0.00s Real=0.13s
......[2066.077s][info][gc,start       ] GC(334) Pause Young (Concurrent Start) (G1 Evacuation Pause)
[2066.077s][info][gc,task        ] GC(334) Using 6 workers of 6 for evacuation
[2066.195s][info][gc,phases      ] GC(334)   Pre Evacuate Collection Set: 0.39ms
[2066.195s][info][gc,phases      ] GC(334)   Merge Heap Roots: 0.48ms
[2066.195s][info][gc,phases      ] GC(334)   Evacuate Collection Set: 115.36ms
[2066.195s][info][gc,phases      ] GC(334)   Post Evacuate Collection Set: 0.90ms
[2066.195s][info][gc,phases      ] GC(334)   Other: 0.10ms
[2066.195s][info][gc,heap        ] GC(334) Eden regions: 1120->0(1119)
[2066.195s][info][gc,heap        ] GC(334) Survivor regions: 108->109(154)
[2066.195s][info][gc,heap        ] GC(334) Old regions: 470->502
[2066.195s][info][gc,heap        ] GC(334) Humongous regions: 80->80
[2066.195s][info][gc,metaspace   ] GC(334) Metaspace: 28920K(29248K)->28920K(29248K) NonClass: 24036K(24192K)->24036K(24192K) Class: 4883K(5056K)->4883K(5056K)
[2066.195s][info][gc             ] GC(334) Pause Young (Concurrent Start) (G1 Evacuation Pause) 3555M->1380M(4096M) 117.369ms
[2066.195s][info][gc             ] GC(335) Concurrent Mark Cycle
[2066.195s][info][gc,marking     ] GC(335) Concurrent Scan Root Regions
[2066.195s][info][gc,cpu         ] GC(334) User=0.70s Sys=0.00s Real=0.11s
[2066.332s][info][gc,marking     ] GC(335) Concurrent Scan Root Regions 137.229ms
[2066.332s][info][gc,marking     ] GC(335) Concurrent Mark
[2066.332s][info][gc,marking     ] GC(335) Concurrent Mark From Roots
[2066.332s][info][gc,task        ] GC(335) Using 2 workers of 2 for marking
.[2066.910s][info][gc,marking     ] GC(335) Concurrent Mark From Roots 578.085ms
[2066.910s][info][gc,marking     ] GC(335) Concurrent Preclean
[2066.910s][info][gc,marking     ] GC(335) Concurrent Preclean 0.048ms
[2066.910s][info][gc,start       ] GC(335) Pause Remark
[2066.913s][info][gc             ] GC(335) Pause Remark 1678M->1678M(4096M) 2.401ms
[2066.913s][info][gc,cpu         ] GC(335) User=0.02s Sys=0.00s Real=0.00s
[2066.913s][info][gc,marking     ] GC(335) Concurrent Mark 580.790ms
[2066.913s][info][gc,marking     ] GC(335) Concurrent Rebuild Remembered Sets and Scrub Regions
[2067.130s][info][gc,marking     ] GC(335) Concurrent Rebuild Remembered Sets and Scrub Regions 217.629ms
[2067.131s][info][gc,start       ] GC(335) Pause Cleanup
[2067.131s][info][gc             ] GC(335) Pause Cleanup 1743M->1743M(4096M) 0.126ms
[2067.131s][info][gc,cpu         ] GC(335) User=0.00s Sys=0.00s Real=0.00s
[2067.131s][info][gc,marking     ] GC(335) Concurrent Clear Claimed Marks
[2067.131s][info][gc,marking     ] GC(335) Concurrent Clear Claimed Marks 0.026ms
[2067.131s][info][gc,marking     ] GC(335) Concurrent Cleanup for Next Mark
[2067.134s][info][gc,marking     ] GC(335) Concurrent Cleanup for Next Mark 3.569ms
[2067.134s][info][gc             ] GC(335) Concurrent Mark Cycle 939.676ms
.....[2072.297s][info][gc,start       ] GC(336) Pause Young (Prepare Mixed) (G1 Evacuation Pause)
[2072.297s][info][gc,task        ] GC(336) Using 6 workers of 6 for evacuation
[2072.414s][info][gc,phases      ] GC(336)   Pre Evacuate Collection Set: 0.35ms
[2072.414s][info][gc,phases      ] GC(336)   Merge Heap Roots: 0.60ms
[2072.414s][info][gc,phases      ] GC(336)   Evacuate Collection Set: 115.63ms
[2072.414s][info][gc,phases      ] GC(336)   Post Evacuate Collection Set: 1.01ms
[2072.414s][info][gc,phases      ] GC(336)   Other: 0.10ms
[2072.414s][info][gc,heap        ] GC(336) Eden regions: 1119->0(1111)
[2072.414s][info][gc,heap        ] GC(336) Survivor regions: 109->110(154)
[2072.414s][info][gc,heap        ] GC(336) Old regions: 502->534
[2072.414s][info][gc,heap        ] GC(336) Humongous regions: 80->80
[2072.414s][info][gc,metaspace   ] GC(336) Metaspace: 28920K(29248K)->28920K(29248K) NonClass: 24036K(24192K)->24036K(24192K) Class: 4883K(5056K)->4883K(5056K)
[2072.414s][info][gc             ] GC(336) Pause Young (Prepare Mixed) (G1 Evacuation Pause) 3618M->1445M(4096M) 117.825ms
[2072.414s][info][gc,cpu         ] GC(336) User=0.70s Sys=0.00s Real=0.12s
......[2078.545s][info][gc,start       ] GC(337) Pause Young (Mixed) (G1 Evacuation Pause)
[2078.545s][info][gc,task        ] GC(337) Using 6 workers of 6 for evacuation
[2078.679s][info][gc,phases      ] GC(337)   Pre Evacuate Collection Set: 0.38ms
[2078.679s][info][gc,phases      ] GC(337)   Merge Heap Roots: 0.80ms
[2078.679s][info][gc,phases      ] GC(337)   Evacuate Collection Set: 132.16ms
[2078.679s][info][gc,phases      ] GC(337)   Post Evacuate Collection Set: 0.96ms
[2078.679s][info][gc,phases      ] GC(337)   Other: 0.09ms
[2078.679s][info][gc,heap        ] GC(337) Eden regions: 1111->0(1119)
[2078.679s][info][gc,heap        ] GC(337) Survivor regions: 110->109(153)
[2078.679s][info][gc,heap        ] GC(337) Old regions: 534->469
[2078.679s][info][gc,heap        ] GC(337) Humongous regions: 80->80
[2078.679s][info][gc,metaspace   ] GC(337) Metaspace: 28920K(29248K)->28920K(29248K) NonClass: 24036K(24192K)->24036K(24192K) Class: 4883K(5056K)->4883K(5056K)
[2078.679s][info][gc             ] GC(337) Pause Young (Mixed) (G1 Evacuation Pause) 3667M->1314M(4096M) 134.551ms
[2078.679s][info][gc,cpu         ] GC(337) User=0.80s Sys=0.00s Real=0.14s
.... (rIR:aIR:PR = 3044:3043:3043) (tPR = 44911) [OK] 
  2081s: Performance info:
         Transaction,    Success,    Partial,     Failed,   Receipts, AvgBarcode, 
             Overall,     183416,          0,          0,     174249,      59.47, 
         Response times:
             Request,    Success,    Partial,     Failed,   SkipFail,     Probes,    Samples,      min,      p50,      p90,      p95,      p99,      max, 
       TotalPurchase,     174252,          0,          0,          0,     170425,     183083,      300,     2500,     4100,     4900,    19800,   145000,
     InStorePurchase,      91675,          0,          0,          0,      89759,      96390,      300,     2700,     4200,     5000,    22000,   145000,
      OnlinePurchase,      64209,          0,          0,          0,      62936,      67555,      300,     2400,     4000,     4700,    18800,   145000,
        InstPurchase,      18368,          0,          0,          0,      17730,      19138,      400,     2600,     4000,     4800,    17861,   141000,
          AssocOfCat,        182,          0,          0,          0,        140,        199,    17700,    27000,    34000,    40000,    65000,    77000,
      AssocOfProduct,       1842,          0,          0,          0,       1691,       1940,      500,     2800,     4100,     5300,    16177,   139000,
      BusinessReport,        458,          0,          0,          0,        365,        477,    21000,    32000,    45000,    53000,   109420,   171000,
          CustBuyBeh,       1827,          0,          0,          0,       1649,       1899,      200,     2100,     3600,     4200,    13400,   121000,
       ProductReturn,       4858,          0,          0,          0,       4555,       5079,      200,     1800,     3800,     4600,    18200,   141000,

  2081s: (23%)   IR =   3183 ..[2084.607s][info][gc,start       ] GC(338) Pause Young (Concurrent Start) (G1 Evacuation Pause)
[2084.607s][info][gc,task        ] GC(338) Using 6 workers of 6 for evacuation
[2084.725s][info][gc,phases      ] GC(338)   Pre Evacuate Collection Set: 0.39ms
[2084.725s][info][gc,phases      ] GC(338)   Merge Heap Roots: 0.51ms
[2084.725s][info][gc,phases      ] GC(338)   Evacuate Collection Set: 116.20ms
[2084.725s][info][gc,phases      ] GC(338)   Post Evacuate Collection Set: 0.89ms
[2084.725s][info][gc,phases      ] GC(338)   Other: 0.11ms
[2084.725s][info][gc,heap        ] GC(338) Eden regions: 1119->0(1117)
[2084.725s][info][gc,heap        ] GC(338) Survivor regions: 109->111(154)
[2084.725s][info][gc,heap        ] GC(338) Old regions: 469->501
[2084.725s][info][gc,heap        ] GC(338) Humongous regions: 80->80
[2084.725s][info][gc,metaspace   ] GC(338) Metaspace: 28921K(29248K)->28921K(29248K) NonClass: 24037K(24192K)->24037K(24192K) Class: 4883K(5056K)->4883K(5056K)
[2084.725s][info][gc             ] GC(338) Pause Young (Concurrent Start) (G1 Evacuation Pause) 3552M->1382M(4096M) 118.237ms
[2084.725s][info][gc             ] GC(339) Concurrent Mark Cycle
[2084.725s][info][gc,marking     ] GC(339) Concurrent Scan Root Regions
[2084.725s][info][gc,cpu         ] GC(338) User=0.71s Sys=0.00s Real=0.12s
.[2084.851s][info][gc,marking     ] GC(339) Concurrent Scan Root Regions 125.964ms
[2084.851s][info][gc,marking     ] GC(339) Concurrent Mark
[2084.851s][info][gc,marking     ] GC(339) Concurrent Mark From Roots
[2084.851s][info][gc,task        ] GC(339) Using 2 workers of 2 for marking
[2085.419s][info][gc,marking     ] GC(339) Concurrent Mark From Roots 568.065ms
[2085.419s][info][gc,marking     ] GC(339) Concurrent Preclean
[2085.419s][info][gc,marking     ] GC(339) Concurrent Preclean 0.058ms
[2085.420s][info][gc,start       ] GC(339) Pause Remark
[2085.422s][info][gc             ] GC(339) Pause Remark 1674M->1674M(4096M) 2.545ms
[2085.422s][info][gc,cpu         ] GC(339) User=0.01s Sys=0.00s Real=0.00s
[2085.422s][info][gc,marking     ] GC(339) Concurrent Mark 571.156ms
[2085.422s][info][gc,marking     ] GC(339) Concurrent Rebuild Remembered Sets and Scrub Regions
[2085.641s][info][gc,marking     ] GC(339) Concurrent Rebuild Remembered Sets and Scrub Regions 218.565ms
[2085.641s][info][gc,start       ] GC(339) Pause Cleanup
[2085.641s][info][gc             ] GC(339) Pause Cleanup 1750M->1750M(4096M) 0.123ms
[2085.641s][info][gc,cpu         ] GC(339) User=0.00s Sys=0.00s Real=0.00s
[2085.641s][info][gc,marking     ] GC(339) Concurrent Clear Claimed Marks
[2085.641s][info][gc,marking     ] GC(339) Concurrent Clear Claimed Marks 0.025ms
[2085.641s][info][gc,marking     ] GC(339) Concurrent Cleanup for Next Mark
[2085.644s][info][gc,marking     ] GC(339) Concurrent Cleanup for Next Mark 3.198ms
[2085.644s][info][gc             ] GC(339) Concurrent Mark Cycle 919.325ms
....|.[2090.554s][info][gc,start       ] GC(340) Pause Young (Prepare Mixed) (G1 Evacuation Pause)
[2090.554s][info][gc,task        ] GC(340) Using 6 workers of 6 for evacuation
[2090.672s][info][gc,phases      ] GC(340)   Pre Evacuate Collection Set: 0.34ms
[2090.672s][info][gc,phases      ] GC(340)   Merge Heap Roots: 0.56ms
[2090.672s][info][gc,phases      ] GC(340)   Evacuate Collection Set: 115.15ms
[2090.672s][info][gc,phases      ] GC(340)   Post Evacuate Collection Set: 0.96ms
[2090.672s][info][gc,phases      ] GC(340)   Other: 0.08ms
[2090.672s][info][gc,heap        ] GC(340) Eden regions: 1117->0(1113)
[2090.672s][info][gc,heap        ] GC(340) Survivor regions: 111->109(154)
[2090.672s][info][gc,heap        ] GC(340) Old regions: 501->534
[2090.672s][info][gc,heap        ] GC(340) Humongous regions: 80->80
[2090.672s][info][gc,metaspace   ] GC(340) Metaspace: 28921K(29248K)->28921K(29248K) NonClass: 24037K(24192K)->24037K(24192K) Class: 4883K(5056K)->4883K(5056K)
[2090.672s][info][gc             ] GC(340) Pause Young (Prepare Mixed) (G1 Evacuation Pause) 3616M->1444M(4096M) 117.238ms
[2090.672s][info][gc,cpu         ] GC(340) User=0.70s Sys=0.00s Real=0.12s
......[2096.559s][info][gc,start       ] GC(341) Pause Young (Mixed) (G1 Evacuation Pause)
[2096.559s][info][gc,task        ] GC(341) Using 6 workers of 6 for evacuation
[2096.692s][info][gc,phases      ] GC(341)   Pre Evacuate Collection Set: 0.41ms
[2096.692s][info][gc,phases      ] GC(341)   Merge Heap Roots: 0.71ms
[2096.692s][info][gc,phases      ] GC(341)   Evacuate Collection Set: 131.67ms
[2096.692s][info][gc,phases      ] GC(341)   Post Evacuate Collection Set: 0.97ms
[2096.692s][info][gc,phases      ] GC(341)   Other: 0.09ms
[2096.693s][info][gc,heap        ] GC(341) Eden regions: 1113->0(1118)
[2096.693s][info][gc,heap        ] GC(341) Survivor regions: 109->110(153)
[2096.693s][info][gc,heap        ] GC(341) Old regions: 534->471
[2096.693s][info][gc,heap        ] GC(341) Humongous regions: 80->80
[2096.693s][info][gc,metaspace   ] GC(341) Metaspace: 28921K(29248K)->28921K(29248K) NonClass: 24037K(24192K)->24037K(24192K) Class: 4883K(5056K)->4883K(5056K)
[2096.693s][info][gc             ] GC(341) Pause Young (Mixed) (G1 Evacuation Pause) 3670M->1319M(4096M) 133.986ms
[2096.693s][info][gc,cpu         ] GC(341) User=0.80s Sys=0.00s Real=0.13s
......[2102.457s][info][gc,start       ] GC(342) Pause Young (Concurrent Start) (G1 Evacuation Pause)
[2102.457s][info][gc,task        ] GC(342) Using 6 workers of 6 for evacuation
[2102.573s][info][gc,phases      ] GC(342)   Pre Evacuate Collection Set: 0.40ms
[2102.573s][info][gc,phases      ] GC(342)   Merge Heap Roots: 0.53ms
[2102.573s][info][gc,phases      ] GC(342)   Evacuate Collection Set: 114.67ms
[2102.573s][info][gc,phases      ] GC(342)   Post Evacuate Collection Set: 0.89ms
[2102.573s][info][gc,phases      ] GC(342)   Other: 0.12ms
[2102.573s][info][gc,heap        ] GC(342) Eden regions: 1118->0(1119)
[2102.573s][info][gc,heap        ] GC(342) Survivor regions: 110->109(154)
[2102.573s][info][gc,heap        ] GC(342) Old regions: 471->503
[2102.573s][info][gc,heap        ] GC(342) Humongous regions: 80->80
[2102.573s][info][gc,metaspace   ] GC(342) Metaspace: 28921K(29248K)->28921K(29248K) NonClass: 24037K(24192K)->24037K(24192K) Class: 4883K(5056K)->4883K(5056K)
[2102.573s][info][gc             ] GC(342) Pause Young (Concurrent Start) (G1 Evacuation Pause) 3555M->1381M(4096M) 116.728ms
[2102.573s][info][gc             ] GC(343) Concurrent Mark Cycle
[2102.573s][info][gc,marking     ] GC(343) Concurrent Scan Root Regions
[2102.573s][info][gc,cpu         ] GC(342) User=0.70s Sys=0.00s Real=0.12s
[2102.705s][info][gc,marking     ] GC(343) Concurrent Scan Root Regions 132.038ms
[2102.705s][info][gc,marking     ] GC(343) Concurrent Mark
[2102.705s][info][gc,marking     ] GC(343) Concurrent Mark From Roots
[2102.705s][info][gc,task        ] GC(343) Using 2 workers of 2 for marking
.[2103.281s][info][gc,marking     ] GC(343) Concurrent Mark From Roots 575.771ms
[2103.281s][info][gc,marking     ] GC(343) Concurrent Preclean
[2103.281s][info][gc,marking     ] GC(343) Concurrent Preclean 0.056ms
[2103.282s][info][gc,start       ] GC(343) Pause Remark
[2103.285s][info][gc             ] GC(343) Pause Remark 1691M->1691M(4096M) 2.498ms
[2103.285s][info][gc,cpu         ] GC(343) User=0.01s Sys=0.00s Real=0.00s
[2103.285s][info][gc,marking     ] GC(343) Concurrent Mark 579.689ms
[2103.285s][info][gc,marking     ] GC(343) Concurrent Rebuild Remembered Sets and Scrub Regions
[2103.516s][info][gc,marking     ] GC(343) Concurrent Rebuild Remembered Sets and Scrub Regions 230.416ms
[2103.516s][info][gc,start       ] GC(343) Pause Cleanup
[2103.516s][info][gc             ] GC(343) Pause Cleanup 1785M->1785M(4096M) 0.123ms
[2103.516s][info][gc,cpu         ] GC(343) User=0.00s Sys=0.00s Real=0.00s
[2103.516s][info][gc,marking     ] GC(343) Concurrent Clear Claimed Marks
[2103.516s][info][gc,marking     ] GC(343) Concurrent Clear Claimed Marks 0.034ms
[2103.516s][info][gc,marking     ] GC(343) Concurrent Cleanup for Next Mark
[2103.520s][info][gc,marking     ] GC(343) Concurrent Cleanup for Next Mark 3.537ms
[2103.520s][info][gc             ] GC(343) Concurrent Mark Cycle 946.209ms
.....[2108.419s][info][gc,start       ] GC(344) Pause Young (Prepare Mixed) (G1 Evacuation Pause)
[2108.419s][info][gc,task        ] GC(344) Using 6 workers of 6 for evacuation
[2108.536s][info][gc,phases      ] GC(344)   Pre Evacuate Collection Set: 0.37ms
[2108.536s][info][gc,phases      ] GC(344)   Merge Heap Roots: 0.63ms
[2108.536s][info][gc,phases      ] GC(344)   Evacuate Collection Set: 115.37ms
[2108.536s][info][gc,phases      ] GC(344)   Post Evacuate Collection Set: 0.95ms
[2108.536s][info][gc,phases      ] GC(344)   Other: 0.09ms
[2108.536s][info][gc,heap        ] GC(344) Eden regions: 1119->0(1112)
[2108.536s][info][gc,heap        ] GC(344) Survivor regions: 109->109(154)
[2108.536s][info][gc,heap        ] GC(344) Old regions: 503->535
[2108.536s][info][gc,heap        ] GC(344) Humongous regions: 80->80
[2108.536s][info][gc,metaspace   ] GC(344) Metaspace: 28921K(29248K)->28921K(29248K) NonClass: 24037K(24192K)->24037K(24192K) Class: 4883K(5056K)->4883K(5056K)
[2108.536s][info][gc             ] GC(344) Pause Young (Prepare Mixed) (G1 Evacuation Pause) 3619M->1445M(4096M) 117.549ms
[2108.536s][info][gc,cpu         ] GC(344) User=0.70s Sys=0.00s Real=0.11s
......[2114.303s][info][gc,start       ] GC(345) Pause Young (Mixed) (G1 Evacuation Pause)
[2114.303s][info][gc,task        ] GC(345) Using 6 workers of 6 for evacuation
[2114.436s][info][gc,phases      ] GC(345)   Pre Evacuate Collection Set: 0.41ms
[2114.436s][info][gc,phases      ] GC(345)   Merge Heap Roots: 0.81ms
[2114.436s][info][gc,phases      ] GC(345)   Evacuate Collection Set: 130.77ms
[2114.436s][info][gc,phases      ] GC(345)   Post Evacuate Collection Set: 0.96ms
[2114.436s][info][gc,phases      ] GC(345)   Other: 0.09ms
[2114.436s][info][gc,heap        ] GC(345) Eden regions: 1112->0(1119)
[2114.436s][info][gc,heap        ] GC(345) Survivor regions: 109->109(153)
[2114.436s][info][gc,heap        ] GC(345) Old regions: 535->470
[2114.436s][info][gc,heap        ] GC(345) Humongous regions: 80->80
[2114.436s][info][gc,metaspace   ] GC(345) Metaspace: 28921K(29248K)->28921K(29248K) NonClass: 24037K(24192K)->24037K(24192K) Class: 4883K(5056K)->4883K(5056K)
[2114.436s][info][gc             ] GC(345) Pause Young (Mixed) (G1 Evacuation Pause) 3669M->1316M(4096M) 133.170ms
[2114.436s][info][gc,cpu         ] GC(345) User=0.80s Sys=0.00s Real=0.13s
......[2120.284s][info][gc,start       ] GC(346) Pause Young (Concurrent Start) (G1 Evacuation Pause)
[2120.284s][info][gc,task        ] GC(346) Using 6 workers of 6 for evacuation
[2120.400s][info][gc,phases      ] GC(346)   Pre Evacuate Collection Set: 0.43ms
[2120.400s][info][gc,phases      ] GC(346)   Merge Heap Roots: 0.58ms
[2120.400s][info][gc,phases      ] GC(346)   Evacuate Collection Set: 114.01ms
[2120.400s][info][gc,phases      ] GC(346)   Post Evacuate Collection Set: 0.90ms
[2120.400s][info][gc,phases      ] GC(346)   Other: 0.12ms
[2120.400s][info][gc,heap        ] GC(346) Eden regions: 1119->0(1119)
[2120.400s][info][gc,heap        ] GC(346) Survivor regions: 109->109(154)
[2120.400s][info][gc,heap        ] GC(346) Old regions: 470->502
[2120.400s][info][gc,heap        ] GC(346) Humongous regions: 80->80
[2120.400s][info][gc,metaspace   ] GC(346) Metaspace: 28921K(29248K)->28921K(29248K) NonClass: 24037K(24192K)->24037K(24192K) Class: 4883K(5056K)->4883K(5056K)
[2120.400s][info][gc             ] GC(346) Pause Young (Concurrent Start) (G1 Evacuation Pause) 3554M->1381M(4096M) 116.176ms
[2120.400s][info][gc             ] GC(347) Concurrent Mark Cycle
[2120.401s][info][gc,marking     ] GC(347) Concurrent Scan Root Regions
[2120.401s][info][gc,cpu         ] GC(346) User=0.69s Sys=0.00s Real=0.12s
[2120.531s][info][gc,marking     ] GC(347) Concurrent Scan Root Regions 130.065ms
[2120.531s][info][gc,marking     ] GC(347) Concurrent Mark
[2120.531s][info][gc,marking     ] GC(347) Concurrent Mark From Roots
[2120.531s][info][gc,task        ] GC(347) Using 2 workers of 2 for marking
.[2121.094s][info][gc,marking     ] GC(347) Concurrent Mark From Roots 563.828ms
[2121.094s][info][gc,marking     ] GC(347) Concurrent Preclean
[2121.095s][info][gc,marking     ] GC(347) Concurrent Preclean 0.034ms
[2121.095s][info][gc,start       ] GC(347) Pause Remark
[2121.097s][info][gc             ] GC(347) Pause Remark 1683M->1683M(4096M) 2.224ms
[2121.097s][info][gc,cpu         ] GC(347) User=0.01s Sys=0.00s Real=0.00s
[2121.097s][info][gc,marking     ] GC(347) Concurrent Mark 566.322ms
[2121.097s][info][gc,marking     ] GC(347) Concurrent Rebuild Remembered Sets and Scrub Regions
[2121.446s][info][gc,marking     ] GC(347) Concurrent Rebuild Remembered Sets and Scrub Regions 348.566ms
[2121.446s][info][gc,start       ] GC(347) Pause Cleanup
[2121.446s][info][gc             ] GC(347) Pause Cleanup 1795M->1795M(4096M) 0.121ms
[2121.446s][info][gc,cpu         ] GC(347) User=0.00s Sys=0.00s Real=0.00s
[2121.446s][info][gc,marking     ] GC(347) Concurrent Clear Claimed Marks
[2121.446s][info][gc,marking     ] GC(347) Concurrent Clear Claimed Marks 0.029ms
[2121.446s][info][gc,marking     ] GC(347) Concurrent Cleanup for Next Mark
[2121.450s][info][gc,marking     ] GC(347) Concurrent Cleanup for Next Mark 4.575ms
[2121.451s][info][gc             ] GC(347) Concurrent Mark Cycle 1050.013ms
.....[2126.286s][info][gc,start       ] GC(348) Pause Young (Prepare Mixed) (G1 Evacuation Pause)
[2126.286s][info][gc,task        ] GC(348) Using 6 workers of 6 for evacuation
[2126.402s][info][gc,phases      ] GC(348)   Pre Evacuate Collection Set: 0.33ms
[2126.402s][info][gc,phases      ] GC(348)   Merge Heap Roots: 0.52ms
[2126.402s][info][gc,phases      ] GC(348)   Evacuate Collection Set: 113.85ms
[2126.402s][info][gc,phases      ] GC(348)   Post Evacuate Collection Set: 0.97ms
[2126.402s][info][gc,phases      ] GC(348)   Other: 0.09ms
[2126.402s][info][gc,heap        ] GC(348) Eden regions: 1119->0(1112)
[2126.402s][info][gc,heap        ] GC(348) Survivor regions: 109->109(154)
[2126.402s][info][gc,heap        ] GC(348) Old regions: 502->535
[2126.402s][info][gc,heap        ] GC(348) Humongous regions: 80->80
[2126.402s][info][gc,metaspace   ] GC(348) Metaspace: 28921K(29248K)->28921K(29248K) NonClass: 24037K(24192K)->24037K(24192K) Class: 4883K(5056K)->4883K(5056K)
[2126.402s][info][gc             ] GC(348) Pause Young (Prepare Mixed) (G1 Evacuation Pause) 3619M->1445M(4096M) 115.893ms
[2126.402s][info][gc,cpu         ] GC(348) User=0.69s Sys=0.00s Real=0.12s
......[2132.206s][info][gc,start       ] GC(349) Pause Young (Mixed) (G1 Evacuation Pause)
[2132.206s][info][gc,task        ] GC(349) Using 6 workers of 6 for evacuation
[2132.336s][info][gc,phases      ] GC(349)   Pre Evacuate Collection Set: 0.43ms
[2132.336s][info][gc,phases      ] GC(349)   Merge Heap Roots: 0.66ms
[2132.336s][info][gc,phases      ] GC(349)   Evacuate Collection Set: 128.08ms
[2132.336s][info][gc,phases      ] GC(349)   Post Evacuate Collection Set: 1.00ms
[2132.336s][info][gc,phases      ] GC(349)   Other: 0.10ms
[2132.336s][info][gc,heap        ] GC(349) Eden regions: 1112->0(1120)
[2132.336s][info][gc,heap        ] GC(349) Survivor regions: 109->108(153)
[2132.336s][info][gc,heap        ] GC(349) Old regions: 535->470
[2132.336s][info][gc,heap        ] GC(349) Humongous regions: 80->80
[2132.336s][info][gc,metaspace   ] GC(349) Metaspace: 28921K(29248K)->28921K(29248K) NonClass: 24037K(24192K)->24037K(24192K) Class: 4883K(5056K)->4883K(5056K)
[2132.336s][info][gc             ] GC(349) Pause Young (Mixed) (G1 Evacuation Pause) 3669M->1315M(4096M) 130.406ms
[2132.336s][info][gc,cpu         ] GC(349) User=0.77s Sys=0.00s Real=0.13s
......[2138.183s][info][gc,start       ] GC(350) Pause Young (Concurrent Start) (G1 Evacuation Pause)
[2138.183s][info][gc,task        ] GC(350) Using 6 workers of 6 for evacuation
[2138.298s][info][gc,phases      ] GC(350)   Pre Evacuate Collection Set: 0.42ms
[2138.298s][info][gc,phases      ] GC(350)   Merge Heap Roots: 0.45ms
[2138.298s][info][gc,phases      ] GC(350)   Evacuate Collection Set: 113.36ms
[2138.298s][info][gc,phases      ] GC(350)   Post Evacuate Collection Set: 0.91ms
[2138.298s][info][gc,phases      ] GC(350)   Other: 0.10ms
[2138.298s][info][gc,heap        ] GC(350) Eden regions: 1120->0(1119)
[2138.298s][info][gc,heap        ] GC(350) Survivor regions: 108->109(154)
[2138.298s][info][gc,heap        ] GC(350) Old regions: 470->502
[2138.298s][info][gc,heap        ] GC(350) Humongous regions: 80->80
[2138.298s][info][gc,metaspace   ] GC(350) Metaspace: 28921K(29248K)->28921K(29248K) NonClass: 24037K(24192K)->24037K(24192K) Class: 4883K(5056K)->4883K(5056K)
[2138.298s][info][gc             ] GC(350) Pause Young (Concurrent Start) (G1 Evacuation Pause) 3555M->1381M(4096M) 115.395ms
[2138.298s][info][gc             ] GC(351) Concurrent Mark Cycle
[2138.298s][info][gc,marking     ] GC(351) Concurrent Scan Root Regions
[2138.298s][info][gc,cpu         ] GC(350) User=0.68s Sys=0.00s Real=0.12s
[2138.425s][info][gc,marking     ] GC(351) Concurrent Scan Root Regions 126.474ms
[2138.425s][info][gc,marking     ] GC(351) Concurrent Mark
[2138.425s][info][gc,marking     ] GC(351) Concurrent Mark From Roots
[2138.425s][info][gc,task        ] GC(351) Using 2 workers of 2 for marking
.[2139.009s][info][gc,marking     ] GC(351) Concurrent Mark From Roots 583.846ms
[2139.009s][info][gc,marking     ] GC(351) Concurrent Preclean
[2139.009s][info][gc,marking     ] GC(351) Concurrent Preclean 0.040ms
[2139.009s][info][gc,start       ] GC(351) Pause Remark
[2139.011s][info][gc             ] GC(351) Pause Remark 1697M->1697M(4096M) 2.418ms
[2139.011s][info][gc,cpu         ] GC(351) User=0.01s Sys=0.00s Real=0.00s
[2139.011s][info][gc,marking     ] GC(351) Concurrent Mark 586.586ms
[2139.011s][info][gc,marking     ] GC(351) Concurrent Rebuild Remembered Sets and Scrub Regions
[2139.238s][info][gc,marking     ] GC(351) Concurrent Rebuild Remembered Sets and Scrub Regions 226.699ms
[2139.238s][info][gc,start       ] GC(351) Pause Cleanup
[2139.238s][info][gc             ] GC(351) Pause Cleanup 1780M->1780M(4096M) 0.125ms
[2139.238s][info][gc,cpu         ] GC(351) User=0.00s Sys=0.00s Real=0.00s
[2139.238s][info][gc,marking     ] GC(351) Concurrent Clear Claimed Marks
[2139.239s][info][gc,marking     ] GC(351) Concurrent Clear Claimed Marks 0.026ms
[2139.239s][info][gc,marking     ] GC(351) Concurrent Cleanup for Next Mark
[2139.242s][info][gc,marking     ] GC(351) Concurrent Cleanup for Next Mark 3.161ms
[2139.242s][info][gc             ] GC(351) Concurrent Mark Cycle 943.385ms
.....[2144.129s][info][gc,start       ] GC(352) Pause Young (Prepare Mixed) (G1 Evacuation Pause)
[2144.129s][info][gc,task        ] GC(352) Using 6 workers of 6 for evacuation
[2144.248s][info][gc,phases      ] GC(352)   Pre Evacuate Collection Set: 0.34ms
[2144.248s][info][gc,phases      ] GC(352)   Merge Heap Roots: 0.61ms
[2144.248s][info][gc,phases      ] GC(352)   Evacuate Collection Set: 116.48ms
[2144.248s][info][gc,phases      ] GC(352)   Post Evacuate Collection Set: 0.96ms
[2144.248s][info][gc,phases      ] GC(352)   Other: 0.09ms
[2144.248s][info][gc,heap        ] GC(352) Eden regions: 1119->0(1109)
[2144.248s][info][gc,heap        ] GC(352) Survivor regions: 109->111(154)
[2144.248s][info][gc,heap        ] GC(352) Old regions: 502->534
[2144.248s][info][gc,heap        ] GC(352) Humongous regions: 80->80
[2144.248s][info][gc,metaspace   ] GC(352) Metaspace: 28921K(29248K)->28921K(29248K) NonClass: 24037K(24192K)->24037K(24192K) Class: 4883K(5056K)->4883K(5056K)
[2144.248s][info][gc             ] GC(352) Pause Young (Prepare Mixed) (G1 Evacuation Pause) 3619M->1449M(4096M) 118.618ms
[2144.248s][info][gc,cpu         ] GC(352) User=0.70s Sys=0.01s Real=0.12s
..... (rIR:aIR:PR = 3183:3183:3183) (tPR = 47287) [OK] 
  2148s: Performance info:
         Transaction,    Success,    Partial,     Failed,   Receipts, AvgBarcode, 
             Overall,     191108,          0,          0,     181565,      59.48, 
         Response times:
             Request,    Success,    Partial,     Failed,   SkipFail,     Probes,    Samples,      min,      p50,      p90,      p95,      p99,      max, 
       TotalPurchase,     181565,          0,          0,          0,     178316,     199752,      300,     2700,     4300,     5500,    23000,   167000,
     InStorePurchase,      95518,          0,          0,          0,      94025,     105091,      300,     2800,     4400,     5600,    23000,   167000,
      OnlinePurchase,      66943,          0,          0,          0,      65765,      73716,      300,     2400,     4200,     5300,    23000,   167000,
        InstPurchase,      19104,          0,          0,          0,      18526,      20945,      400,     2900,     4500,     5600,    23000,   140000,
          AssocOfCat,        189,          0,          0,          0,        138,        209,    18200,    28000,    38000,    42500,   147300,   165000,
      AssocOfProduct,       1904,          0,          0,          0,       1744,       2128,      600,     2400,     4000,     5155,    21000,   165000,
      BusinessReport,        482,          0,          0,          0,        388,        541,    21000,    33000,    48000,    56000,   106800,   191000,
          CustBuyBeh,       1911,          0,          0,          0,       1703,       2050,      200,     1400,     2800,     3545,     6949,   119000,
       ProductReturn,       5057,          0,          0,          0,       4783,       5586,      200,     2500,     4200,     5500,    25000,   139000,

  2148s: (24%)   IR =   3321 .[2150.048s][info][gc,start       ] GC(353) Pause Young (Mixed) (G1 Evacuation Pause)
[2150.048s][info][gc,task        ] GC(353) Using 6 workers of 6 for evacuation
[2150.183s][info][gc,phases      ] GC(353)   Pre Evacuate Collection Set: 0.37ms
[2150.183s][info][gc,phases      ] GC(353)   Merge Heap Roots: 0.79ms
[2150.183s][info][gc,phases      ] GC(353)   Evacuate Collection Set: 133.24ms
[2150.183s][info][gc,phases      ] GC(353)   Post Evacuate Collection Set: 0.96ms
[2150.183s][info][gc,phases      ] GC(353)   Other: 0.08ms
[2150.183s][info][gc,heap        ] GC(353) Eden regions: 1109->0(1119)
[2150.183s][info][gc,heap        ] GC(353) Survivor regions: 111->109(153)
[2150.183s][info][gc,heap        ] GC(353) Old regions: 534->470
[2150.183s][info][gc,heap        ] GC(353) Humongous regions: 80->80
[2150.183s][info][gc,metaspace   ] GC(353) Metaspace: 28921K(29248K)->28921K(29248K) NonClass: 24037K(24192K)->24037K(24192K) Class: 4883K(5056K)->4883K(5056K)
[2150.183s][info][gc             ] GC(353) Pause Young (Mixed) (G1 Evacuation Pause) 3667M->1316M(4096M) 135.597ms
[2150.183s][info][gc,cpu         ] GC(353) User=0.81s Sys=0.00s Real=0.13s
...|..[2155.692s][info][gc,start       ] GC(354) Pause Young (Concurrent Start) (G1 Evacuation Pause)
[2155.692s][info][gc,task        ] GC(354) Using 6 workers of 6 for evacuation
[2155.807s][info][gc,phases      ] GC(354)   Pre Evacuate Collection Set: 0.41ms
[2155.807s][info][gc,phases      ] GC(354)   Merge Heap Roots: 0.52ms
[2155.807s][info][gc,phases      ] GC(354)   Evacuate Collection Set: 113.05ms
[2155.807s][info][gc,phases      ] GC(354)   Post Evacuate Collection Set: 0.93ms
[2155.807s][info][gc,phases      ] GC(354)   Other: 0.11ms
[2155.807s][info][gc,heap        ] GC(354) Eden regions: 1119->0(1120)
[2155.807s][info][gc,heap        ] GC(354) Survivor regions: 109->108(154)
[2155.807s][info][gc,heap        ] GC(354) Old regions: 470->503
[2155.807s][info][gc,heap        ] GC(354) Humongous regions: 80->80
[2155.807s][info][gc,metaspace   ] GC(354) Metaspace: 28921K(29248K)->28921K(29248K) NonClass: 24037K(24192K)->24037K(24192K) Class: 4883K(5056K)->4883K(5056K)
[2155.807s][info][gc             ] GC(354) Pause Young (Concurrent Start) (G1 Evacuation Pause) 3554M->1380M(4096M) 115.134ms
[2155.807s][info][gc             ] GC(355) Concurrent Mark Cycle
[2155.807s][info][gc,marking     ] GC(355) Concurrent Scan Root Regions
[2155.807s][info][gc,cpu         ] GC(354) User=0.68s Sys=0.00s Real=0.11s
.[2155.959s][info][gc,marking     ] GC(355) Concurrent Scan Root Regions 152.244ms
[2155.959s][info][gc,marking     ] GC(355) Concurrent Mark
[2155.959s][info][gc,marking     ] GC(355) Concurrent Mark From Roots
[2155.959s][info][gc,task        ] GC(355) Using 2 workers of 2 for marking
[2156.637s][info][gc,marking     ] GC(355) Concurrent Mark From Roots 677.677ms
[2156.637s][info][gc,marking     ] GC(355) Concurrent Preclean
[2156.637s][info][gc,marking     ] GC(355) Concurrent Preclean 0.043ms
[2156.637s][info][gc,start       ] GC(355) Pause Remark
[2156.640s][info][gc             ] GC(355) Pause Remark 1767M->1767M(4096M) 2.641ms
[2156.640s][info][gc,cpu         ] GC(355) User=0.01s Sys=0.00s Real=0.01s
[2156.640s][info][gc,marking     ] GC(355) Concurrent Mark 680.613ms
[2156.640s][info][gc,marking     ] GC(355) Concurrent Rebuild Remembered Sets and Scrub Regions
.[2156.908s][info][gc,marking     ] GC(355) Concurrent Rebuild Remembered Sets and Scrub Regions 267.990ms
[2156.908s][info][gc,start       ] GC(355) Pause Cleanup
[2156.908s][info][gc             ] GC(355) Pause Cleanup 1875M->1875M(4096M) 0.130ms
[2156.908s][info][gc,cpu         ] GC(355) User=0.00s Sys=0.00s Real=0.00s
[2156.908s][info][gc,marking     ] GC(355) Concurrent Clear Claimed Marks
[2156.908s][info][gc,marking     ] GC(355) Concurrent Clear Claimed Marks 0.033ms
[2156.908s][info][gc,marking     ] GC(355) Concurrent Cleanup for Next Mark
[2156.911s][info][gc,marking     ] GC(355) Concurrent Cleanup for Next Mark 3.241ms
[2156.911s][info][gc             ] GC(355) Concurrent Mark Cycle 1104.585ms
....[2161.382s][info][gc,start       ] GC(356) Pause Young (Prepare Mixed) (G1 Evacuation Pause)
[2161.382s][info][gc,task        ] GC(356) Using 6 workers of 6 for evacuation
[2161.502s][info][gc,phases      ] GC(356)   Pre Evacuate Collection Set: 0.33ms
[2161.502s][info][gc,phases      ] GC(356)   Merge Heap Roots: 0.52ms
[2161.502s][info][gc,phases      ] GC(356)   Evacuate Collection Set: 117.18ms
[2161.502s][info][gc,phases      ] GC(356)   Post Evacuate Collection Set: 0.90ms
[2161.502s][info][gc,phases      ] GC(356)   Other: 0.08ms
[2161.502s][info][gc,heap        ] GC(356) Eden regions: 1120->0(1110)
[2161.502s][info][gc,heap        ] GC(356) Survivor regions: 108->110(154)
[2161.502s][info][gc,heap        ] GC(356) Old regions: 503->535
[2161.502s][info][gc,heap        ] GC(356) Humongous regions: 80->80
[2161.502s][info][gc,metaspace   ] GC(356) Metaspace: 28921K(29248K)->28921K(29248K) NonClass: 24037K(24192K)->24037K(24192K) Class: 4883K(5056K)->4883K(5056K)
[2161.502s][info][gc             ] GC(356) Pause Young (Prepare Mixed) (G1 Evacuation Pause) 3620M->1448M(4096M) 119.135ms
[2161.502s][info][gc,cpu         ] GC(356) User=0.71s Sys=0.00s Real=0.12s
......[2167.148s][info][gc,start       ] GC(357) Pause Young (Mixed) (G1 Evacuation Pause)
[2167.149s][info][gc,task        ] GC(357) Using 6 workers of 6 for evacuation
[2167.279s][info][gc,phases      ] GC(357)   Pre Evacuate Collection Set: 0.36ms
[2167.279s][info][gc,phases      ] GC(357)   Merge Heap Roots: 0.61ms
[2167.279s][info][gc,phases      ] GC(357)   Evacuate Collection Set: 128.42ms
[2167.279s][info][gc,phases      ] GC(357)   Post Evacuate Collection Set: 0.98ms
[2167.279s][info][gc,phases      ] GC(357)   Other: 0.10ms
[2167.279s][info][gc,heap        ] GC(357) Eden regions: 1110->0(1118)
[2167.279s][info][gc,heap        ] GC(357) Survivor regions: 110->110(153)
[2167.279s][info][gc,heap        ] GC(357) Old regions: 535->472
[2167.279s][info][gc,heap        ] GC(357) Humongous regions: 80->80
[2167.279s][info][gc,metaspace   ] GC(357) Metaspace: 28921K(29248K)->28921K(29248K) NonClass: 24037K(24192K)->24037K(24192K) Class: 4883K(5056K)->4883K(5056K)
[2167.279s][info][gc             ] GC(357) Pause Young (Mixed) (G1 Evacuation Pause) 3668M->1322M(4096M) 130.596ms
[2167.279s][info][gc,cpu         ] GC(357) User=0.78s Sys=0.00s Real=0.13s
.....[2172.824s][info][gc,start       ] GC(358) Pause Young (Concurrent Start) (G1 Evacuation Pause)
[2172.824s][info][gc,task        ] GC(358) Using 6 workers of 6 for evacuation
[2172.939s][info][gc,phases      ] GC(358)   Pre Evacuate Collection Set: 0.39ms
[2172.939s][info][gc,phases      ] GC(358)   Merge Heap Roots: 0.47ms
[2172.939s][info][gc,phases      ] GC(358)   Evacuate Collection Set: 113.40ms
[2172.939s][info][gc,phases      ] GC(358)   Post Evacuate Collection Set: 0.92ms
[2172.939s][info][gc,phases      ] GC(358)   Other: 0.10ms
[2172.939s][info][gc,heap        ] GC(358) Eden regions: 1118->0(1120)
[2172.939s][info][gc,heap        ] GC(358) Survivor regions: 110->108(154)
[2172.939s][info][gc,heap        ] GC(358) Old regions: 472->503
[2172.939s][info][gc,heap        ] GC(358) Humongous regions: 80->80
[2172.939s][info][gc,metaspace   ] GC(358) Metaspace: 28921K(29248K)->28921K(29248K) NonClass: 24037K(24192K)->24037K(24192K) Class: 4883K(5056K)->4883K(5056K)
[2172.939s][info][gc             ] GC(358) Pause Young (Concurrent Start) (G1 Evacuation Pause) 3558M->1381M(4096M) 115.434ms
[2172.939s][info][gc             ] GC(359) Concurrent Mark Cycle
[2172.939s][info][gc,marking     ] GC(359) Concurrent Scan Root Regions
[2172.939s][info][gc,cpu         ] GC(358) User=0.69s Sys=0.00s Real=0.12s
.[2173.076s][info][gc,marking     ] GC(359) Concurrent Scan Root Regions 136.799ms
[2173.076s][info][gc,marking     ] GC(359) Concurrent Mark
[2173.076s][info][gc,marking     ] GC(359) Concurrent Mark From Roots
[2173.076s][info][gc,task        ] GC(359) Using 2 workers of 2 for marking
[2173.670s][info][gc,marking     ] GC(359) Concurrent Mark From Roots 593.407ms
[2173.670s][info][gc,marking     ] GC(359) Concurrent Preclean
[2173.670s][info][gc,marking     ] GC(359) Concurrent Preclean 0.048ms
[2173.671s][info][gc,start       ] GC(359) Pause Remark
[2173.673s][info][gc             ] GC(359) Pause Remark 1755M->1755M(4096M) 2.608ms
[2173.673s][info][gc,cpu         ] GC(359) User=0.01s Sys=0.00s Real=0.00s
[2173.674s][info][gc,marking     ] GC(359) Concurrent Mark 597.327ms
[2173.674s][info][gc,marking     ] GC(359) Concurrent Rebuild Remembered Sets and Scrub Regions
[2173.894s][info][gc,marking     ] GC(359) Concurrent Rebuild Remembered Sets and Scrub Regions 220.858ms
[2173.896s][info][gc,start       ] GC(359) Pause Cleanup
[2173.897s][info][gc             ] GC(359) Pause Cleanup 1828M->1828M(4096M) 0.154ms
[2173.897s][info][gc,cpu         ] GC(359) User=0.00s Sys=0.00s Real=0.00s
[2173.897s][info][gc,marking     ] GC(359) Concurrent Clear Claimed Marks
[2173.897s][info][gc,marking     ] GC(359) Concurrent Clear Claimed Marks 0.039ms
[2173.897s][info][gc,marking     ] GC(359) Concurrent Cleanup for Next Mark
[2173.900s][info][gc,marking     ] GC(359) Concurrent Cleanup for Next Mark 3.781ms
[2173.901s][info][gc             ] GC(359) Concurrent Mark Cycle 961.135ms
.....[2178.530s][info][gc,start       ] GC(360) Pause Young (Prepare Mixed) (G1 Evacuation Pause)
[2178.530s][info][gc,task        ] GC(360) Using 6 workers of 6 for evacuation
[2178.647s][info][gc,phases      ] GC(360)   Pre Evacuate Collection Set: 0.34ms
[2178.647s][info][gc,phases      ] GC(360)   Merge Heap Roots: 0.50ms
[2178.647s][info][gc,phases      ] GC(360)   Evacuate Collection Set: 114.92ms
[2178.647s][info][gc,phases      ] GC(360)   Post Evacuate Collection Set: 0.93ms
[2178.647s][info][gc,phases      ] GC(360)   Other: 0.09ms
[2178.647s][info][gc,heap        ] GC(360) Eden regions: 1120->0(1110)
[2178.647s][info][gc,heap        ] GC(360) Survivor regions: 108->110(154)
[2178.647s][info][gc,heap        ] GC(360) Old regions: 503->535
[2178.647s][info][gc,heap        ] GC(360) Humongous regions: 80->80
[2178.647s][info][gc,metaspace   ] GC(360) Metaspace: 28921K(29248K)->28921K(29248K) NonClass: 24037K(24192K)->24037K(24192K) Class: 4883K(5056K)->4883K(5056K)
[2178.647s][info][gc             ] GC(360) Pause Young (Prepare Mixed) (G1 Evacuation Pause) 3621M->1449M(4096M) 116.908ms
[2178.647s][info][gc,cpu         ] GC(360) User=0.69s Sys=0.00s Real=0.11s
......[2184.193s][info][gc,start       ] GC(361) Pause Young (Mixed) (G1 Evacuation Pause)
[2184.193s][info][gc,task        ] GC(361) Using 6 workers of 6 for evacuation
[2184.328s][info][gc,phases      ] GC(361)   Pre Evacuate Collection Set: 0.38ms
[2184.328s][info][gc,phases      ] GC(361)   Merge Heap Roots: 0.76ms
[2184.328s][info][gc,phases      ] GC(361)   Evacuate Collection Set: 133.22ms
[2184.328s][info][gc,phases      ] GC(361)   Post Evacuate Collection Set: 0.96ms
[2184.328s][info][gc,phases      ] GC(361)   Other: 0.09ms
[2184.328s][info][gc,heap        ] GC(361) Eden regions: 1110->0(1119)
[2184.328s][info][gc,heap        ] GC(361) Survivor regions: 110->109(153)
[2184.328s][info][gc,heap        ] GC(361) Old regions: 535->470
[2184.328s][info][gc,heap        ] GC(361) Humongous regions: 80->80
[2184.328s][info][gc,metaspace   ] GC(361) Metaspace: 28921K(29248K)->28921K(29248K) NonClass: 24037K(24192K)->24037K(24192K) Class: 4883K(5056K)->4883K(5056K)
[2184.328s][info][gc             ] GC(361) Pause Young (Mixed) (G1 Evacuation Pause) 3669M->1316M(4096M) 135.564ms
[2184.328s][info][gc,cpu         ] GC(361) User=0.81s Sys=0.00s Real=0.14s
.....[2189.912s][info][gc,start       ] GC(362) Pause Young (Concurrent Start) (G1 Evacuation Pause)
[2189.913s][info][gc,task        ] GC(362) Using 6 workers of 6 for evacuation
[2190.030s][info][gc,phases      ] GC(362)   Pre Evacuate Collection Set: 0.39ms
[2190.030s][info][gc,phases      ] GC(362)   Merge Heap Roots: 0.49ms
[2190.030s][info][gc,phases      ] GC(362)   Evacuate Collection Set: 115.98ms
[2190.030s][info][gc,phases      ] GC(362)   Post Evacuate Collection Set: 0.89ms
[2190.030s][info][gc,phases      ] GC(362)   Other: 0.11ms
[2190.030s][info][gc,heap        ] GC(362) Eden regions: 1119->0(1119)
[2190.030s][info][gc,heap        ] GC(362) Survivor regions: 109->109(154)
[2190.030s][info][gc,heap        ] GC(362) Old regions: 470->501
[2190.030s][info][gc,heap        ] GC(362) Humongous regions: 80->80
[2190.030s][info][gc,metaspace   ] GC(362) Metaspace: 28921K(29248K)->28921K(29248K) NonClass: 24037K(24192K)->24037K(24192K) Class: 4883K(5056K)->4883K(5056K)
[2190.030s][info][gc             ] GC(362) Pause Young (Concurrent Start) (G1 Evacuation Pause) 3554M->1378M(4096M) 117.991ms
[2190.030s][info][gc             ] GC(363) Concurrent Mark Cycle
[2190.030s][info][gc,marking     ] GC(363) Concurrent Scan Root Regions
[2190.031s][info][gc,cpu         ] GC(362) User=0.70s Sys=0.01s Real=0.12s
.[2190.207s][info][gc,marking     ] GC(363) Concurrent Scan Root Regions 176.472ms
[2190.207s][info][gc,marking     ] GC(363) Concurrent Mark
[2190.207s][info][gc,marking     ] GC(363) Concurrent Mark From Roots
[2190.207s][info][gc,task        ] GC(363) Using 2 workers of 2 for marking
.[2191.149s][info][gc,marking     ] GC(363) Concurrent Mark From Roots 942.246ms
[2191.149s][info][gc,marking     ] GC(363) Concurrent Preclean
[2191.149s][info][gc,marking     ] GC(363) Concurrent Preclean 0.060ms
[2191.150s][info][gc,start       ] GC(363) Pause Remark
[2191.153s][info][gc             ] GC(363) Pause Remark 1876M->1876M(4096M) 2.999ms
[2191.153s][info][gc,cpu         ] GC(363) User=0.02s Sys=0.00s Real=0.00s
[2191.154s][info][gc,marking     ] GC(363) Concurrent Mark 946.688ms
[2191.154s][info][gc,marking     ] GC(363) Concurrent Rebuild Remembered Sets and Scrub Regions
[2191.407s][info][gc,marking     ] GC(363) Concurrent Rebuild Remembered Sets and Scrub Regions 253.509ms
[2191.408s][info][gc,start       ] GC(363) Pause Cleanup
[2191.408s][info][gc             ] GC(363) Pause Cleanup 1984M->1984M(4096M) 0.139ms
[2191.408s][info][gc,cpu         ] GC(363) User=0.00s Sys=0.00s Real=0.00s
[2191.408s][info][gc,marking     ] GC(363) Concurrent Clear Claimed Marks
[2191.408s][info][gc,marking     ] GC(363) Concurrent Clear Claimed Marks 0.030ms
[2191.408s][info][gc,marking     ] GC(363) Concurrent Cleanup for Next Mark
[2191.413s][info][gc,marking     ] GC(363) Concurrent Cleanup for Next Mark 4.960ms
[2191.413s][info][gc             ] GC(363) Concurrent Mark Cycle 1382.377ms
....[2195.681s][info][gc,start       ] GC(364) Pause Young (Prepare Mixed) (G1 Evacuation Pause)
[2195.681s][info][gc,task        ] GC(364) Using 6 workers of 6 for evacuation
[2195.798s][info][gc,phases      ] GC(364)   Pre Evacuate Collection Set: 0.33ms
[2195.798s][info][gc,phases      ] GC(364)   Merge Heap Roots: 0.58ms
[2195.798s][info][gc,phases      ] GC(364)   Evacuate Collection Set: 114.50ms
[2195.798s][info][gc,phases      ] GC(364)   Post Evacuate Collection Set: 0.94ms
[2195.798s][info][gc,phases      ] GC(364)   Other: 0.09ms
[2195.798s][info][gc,heap        ] GC(364) Eden regions: 1119->0(1116)
[2195.798s][info][gc,heap        ] GC(364) Survivor regions: 109->108(154)
[2195.798s][info][gc,heap        ] GC(364) Old regions: 501->533
[2195.798s][info][gc,heap        ] GC(364) Humongous regions: 80->80
[2195.798s][info][gc,metaspace   ] GC(364) Metaspace: 28921K(29248K)->28921K(29248K) NonClass: 24037K(24192K)->24037K(24192K) Class: 4883K(5056K)->4883K(5056K)
[2195.798s][info][gc             ] GC(364) Pause Young (Prepare Mixed) (G1 Evacuation Pause) 3616M->1440M(4096M) 116.586ms
[2195.798s][info][gc,cpu         ] GC(364) User=0.69s Sys=0.00s Real=0.12s
......[2201.323s][info][gc,start       ] GC(365) Pause Young (Mixed) (G1 Evacuation Pause)
[2201.323s][info][gc,task        ] GC(365) Using 6 workers of 6 for evacuation
[2201.459s][info][gc,phases      ] GC(365)   Pre Evacuate Collection Set: 0.40ms
[2201.459s][info][gc,phases      ] GC(365)   Merge Heap Roots: 0.77ms
[2201.459s][info][gc,phases      ] GC(365)   Evacuate Collection Set: 133.50ms
[2201.459s][info][gc,phases      ] GC(365)   Post Evacuate Collection Set: 0.96ms
[2201.459s][info][gc,phases      ] GC(365)   Other: 0.09ms
[2201.459s][info][gc,heap        ] GC(365) Eden regions: 1116->0(1119)
[2201.459s][info][gc,heap        ] GC(365) Survivor regions: 108->109(153)
[2201.459s][info][gc,heap        ] GC(365) Old regions: 533->471
[2201.459s][info][gc,heap        ] GC(365) Humongous regions: 80->80
[2201.459s][info][gc,metaspace   ] GC(365) Metaspace: 28921K(29248K)->28921K(29248K) NonClass: 24037K(24192K)->24037K(24192K) Class: 4883K(5056K)->4883K(5056K)
[2201.459s][info][gc             ] GC(365) Pause Young (Mixed) (G1 Evacuation Pause) 3672M->1317M(4096M) 135.862ms
[2201.459s][info][gc,cpu         ] GC(365) User=0.81s Sys=0.00s Real=0.14s
......[2207.081s][info][gc,start       ] GC(366) Pause Young (Concurrent Start) (G1 Evacuation Pause)
[2207.081s][info][gc,task        ] GC(366) Using 6 workers of 6 for evacuation
[2207.199s][info][gc,phases      ] GC(366)   Pre Evacuate Collection Set: 0.42ms
[2207.199s][info][gc,phases      ] GC(366)   Merge Heap Roots: 0.50ms
[2207.199s][info][gc,phases      ] GC(366)   Evacuate Collection Set: 116.21ms
[2207.199s][info][gc,phases      ] GC(366)   Post Evacuate Collection Set: 0.91ms
[2207.199s][info][gc,phases      ] GC(366)   Other: 0.11ms
[2207.200s][info][gc,heap        ] GC(366) Eden regions: 1119->0(1118)
[2207.200s][info][gc,heap        ] GC(366) Survivor regions: 109->110(154)
[2207.200s][info][gc,heap        ] GC(366) Old regions: 471->503
[2207.200s][info][gc,heap        ] GC(366) Humongous regions: 80->80
[2207.200s][info][gc,metaspace   ] GC(366) Metaspace: 28926K(29248K)->28926K(29248K) NonClass: 24042K(24192K)->24042K(24192K) Class: 4883K(5056K)->4883K(5056K)
[2207.200s][info][gc             ] GC(366) Pause Young (Concurrent Start) (G1 Evacuation Pause) 3555M->1383M(4096M) 118.295ms
[2207.200s][info][gc             ] GC(367) Concurrent Mark Cycle
[2207.200s][info][gc,marking     ] GC(367) Concurrent Scan Root Regions
[2207.200s][info][gc,cpu         ] GC(366) User=0.71s Sys=0.00s Real=0.12s
[2207.346s][info][gc,marking     ] GC(367) Concurrent Scan Root Regions 146.441ms
[2207.346s][info][gc,marking     ] GC(367) Concurrent Mark
[2207.346s][info][gc,marking     ] GC(367) Concurrent Mark From Roots
[2207.346s][info][gc,task        ] GC(367) Using 2 workers of 2 for marking
[2207.940s][info][gc,marking     ] GC(367) Concurrent Mark From Roots 594.248ms
[2207.940s][info][gc,marking     ] GC(367) Concurrent Preclean
[2207.940s][info][gc,marking     ] GC(367) Concurrent Preclean 0.040ms
[2207.941s][info][gc,start       ] GC(367) Pause Remark
[2207.944s][info][gc             ] GC(367) Pause Remark 1755M->1755M(4096M) 2.921ms
[2207.944s][info][gc,cpu         ] GC(367) User=0.01s Sys=0.00s Real=0.00s
[2207.944s][info][gc,marking     ] GC(367) Concurrent Mark 597.511ms
[2207.944s][info][gc,marking     ] GC(367) Concurrent Rebuild Remembered Sets and Scrub Regions
.[2208.161s][info][gc,marking     ] GC(367) Concurrent Rebuild Remembered Sets and Scrub Regions 217.322ms
[2208.161s][info][gc,start       ] GC(367) Pause Cleanup
[2208.161s][info][gc             ] GC(367) Pause Cleanup 1835M->1835M(4096M) 0.115ms
[2208.161s][info][gc,cpu         ] GC(367) User=0.00s Sys=0.00s Real=0.00s
[2208.161s][info][gc,marking     ] GC(367) Concurrent Clear Claimed Marks
[2208.161s][info][gc,marking     ] GC(367) Concurrent Clear Claimed Marks 0.024ms
[2208.161s][info][gc,marking     ] GC(367) Concurrent Cleanup for Next Mark
[2208.166s][info][gc,marking     ] GC(367) Concurrent Cleanup for Next Mark 4.772ms
[2208.166s][info][gc             ] GC(367) Concurrent Mark Cycle 966.514ms
....[2212.779s][info][gc,start       ] GC(368) Pause Young (Prepare Mixed) (G1 Evacuation Pause)
[2212.779s][info][gc,task        ] GC(368) Using 6 workers of 6 for evacuation
[2212.895s][info][gc,phases      ] GC(368)   Pre Evacuate Collection Set: 0.36ms
[2212.895s][info][gc,phases      ] GC(368)   Merge Heap Roots: 0.55ms
[2212.895s][info][gc,phases      ] GC(368)   Evacuate Collection Set: 113.23ms
[2212.895s][info][gc,phases      ] GC(368)   Post Evacuate Collection Set: 0.95ms
[2212.895s][info][gc,phases      ] GC(368)   Other: 0.09ms
[2212.895s][info][gc,heap        ] GC(368) Eden regions: 1118->0(1114)
[2212.895s][info][gc,heap        ] GC(368) Survivor regions: 110->108(154)
[2212.895s][info][gc,heap        ] GC(368) Old regions: 503->535
[2212.895s][info][gc,heap        ] GC(368) Humongous regions: 80->80
[2212.895s][info][gc,metaspace   ] GC(368) Metaspace: 28926K(29248K)->28926K(29248K) NonClass: 24042K(24192K)->24042K(24192K) Class: 4883K(5056K)->4883K(5056K)
[2212.895s][info][gc             ] GC(368) Pause Young (Prepare Mixed) (G1 Evacuation Pause) 3619M->1443M(4096M) 115.320ms
[2212.895s][info][gc,cpu         ] GC(368) User=0.68s Sys=0.00s Real=0.11s
. (rIR:aIR:PR = 3321:3324:3324) (tPR = 49303) [OK] 
  2212s: Performance info:
         Transaction,    Success,    Partial,     Failed,   Receipts, AvgBarcode, 
             Overall,     200234,          0,          0,     190210,      59.47, 
         Response times:
             Request,    Success,    Partial,     Failed,   SkipFail,     Probes,    Samples,      min,      p50,      p90,      p95,      p99,      max, 
       TotalPurchase,     190210,          0,          0,          0,     186530,     199623,      300,     2800,     4700,     6300,    38000,   153000,
     InStorePurchase,     100186,          0,          0,          0,      98400,     105072,      300,     2700,     4700,     6300,    37000,   153000,
      OnlinePurchase,      69984,          0,          0,          0,      68722,      73513,      300,     2900,     4800,     6400,    39000,   153000,
        InstPurchase,      20040,          0,          0,          0,      19408,      21038,      400,     2500,     4500,     6100,    37000,   153000,
          AssocOfCat,        199,          0,          0,          0,        160,        218,    18400,    28000,    46000,    73100,   136880,   151000,
      AssocOfProduct,       1999,          0,          0,          0,       1790,       2070,      900,     3300,     5390,     8000,    38000,   153000,
      BusinessReport,        502,          0,          0,          0,        417,        532,    19400,    32000,    47000,    60000,   155420,   232000,
          CustBuyBeh,       2007,          0,          0,          0,       1807,       2070,      200,     2800,     4800,     6200,    39000,   141000,
       ProductReturn,       5317,          0,          0,          0,       5027,       5568,      200,     2000,     3900,     5100,    35000,   132000,

  2212s: (25%)   IR =   3459 ....|.[2218.181s][info][gc,start       ] GC(369) Pause Young (Mixed) (G1 Evacuation Pause)
[2218.181s][info][gc,task        ] GC(369) Using 6 workers of 6 for evacuation
[2218.313s][info][gc,phases      ] GC(369)   Pre Evacuate Collection Set: 0.42ms
[2218.313s][info][gc,phases      ] GC(369)   Merge Heap Roots: 0.75ms
[2218.313s][info][gc,phases      ] GC(369)   Evacuate Collection Set: 129.84ms
[2218.313s][info][gc,phases      ] GC(369)   Post Evacuate Collection Set: 0.96ms
[2218.313s][info][gc,phases      ] GC(369)   Other: 0.09ms
[2218.313s][info][gc,heap        ] GC(369) Eden regions: 1114->0(1119)
[2218.313s][info][gc,heap        ] GC(369) Survivor regions: 108->109(153)
[2218.313s][info][gc,heap        ] GC(369) Old regions: 535->470
[2218.313s][info][gc,heap        ] GC(369) Humongous regions: 80->80
[2218.313s][info][gc,metaspace   ] GC(369) Metaspace: 28926K(29248K)->28926K(29248K) NonClass: 24042K(24192K)->24042K(24192K) Class: 4883K(5056K)->4883K(5056K)
[2218.313s][info][gc             ] GC(369) Pause Young (Mixed) (G1 Evacuation Pause) 3671M->1317M(4096M) 132.208ms
[2218.313s][info][gc,cpu         ] GC(369) User=0.79s Sys=0.00s Real=0.13s
.....[2223.695s][info][gc,start       ] GC(370) Pause Young (Concurrent Start) (G1 Evacuation Pause)
[2223.695s][info][gc,task        ] GC(370) Using 6 workers of 6 for evacuation
[2223.815s][info][gc,phases      ] GC(370)   Pre Evacuate Collection Set: 0.37ms
[2223.815s][info][gc,phases      ] GC(370)   Merge Heap Roots: 0.48ms
[2223.815s][info][gc,phases      ] GC(370)   Evacuate Collection Set: 117.96ms
[2223.815s][info][gc,phases      ] GC(370)   Post Evacuate Collection Set: 0.79ms
[2223.815s][info][gc,phases      ] GC(370)   Other: 0.11ms
[2223.815s][info][gc,heap        ] GC(370) Eden regions: 1119->0(1117)
[2223.815s][info][gc,heap        ] GC(370) Survivor regions: 109->111(154)
[2223.815s][info][gc,heap        ] GC(370) Old regions: 470->502
[2223.815s][info][gc,heap        ] GC(370) Humongous regions: 80->80
[2223.815s][info][gc,metaspace   ] GC(370) Metaspace: 28926K(29248K)->28926K(29248K) NonClass: 24042K(24192K)->24042K(24192K) Class: 4883K(5056K)->4883K(5056K)
[2223.815s][info][gc             ] GC(370) Pause Young (Concurrent Start) (G1 Evacuation Pause) 3555M->1384M(4096M) 119.843ms
[2223.815s][info][gc             ] GC(371) Concurrent Mark Cycle
[2223.815s][info][gc,marking     ] GC(371) Concurrent Scan Root Regions
[2223.815s][info][gc,cpu         ] GC(370) User=0.71s Sys=0.00s Real=0.12s
[2223.976s][info][gc,marking     ] GC(371) Concurrent Scan Root Regions 160.467ms
[2223.976s][info][gc,marking     ] GC(371) Concurrent Mark
[2223.976s][info][gc,marking     ] GC(371) Concurrent Mark From Roots
[2223.976s][info][gc,task        ] GC(371) Using 2 workers of 2 for marking
.[2224.928s][info][gc,marking     ] GC(371) Concurrent Mark From Roots 951.898ms
[2224.928s][info][gc,marking     ] GC(371) Concurrent Preclean
[2224.928s][info][gc,marking     ] GC(371) Concurrent Preclean 0.039ms
[2224.928s][info][gc,start       ] GC(371) Pause Remark
[2224.931s][info][gc             ] GC(371) Pause Remark 1894M->1894M(4096M) 2.728ms
[2224.931s][info][gc,cpu         ] GC(371) User=0.02s Sys=0.00s Real=0.00s
[2224.931s][info][gc,marking     ] GC(371) Concurrent Mark 954.903ms
[2224.931s][info][gc,marking     ] GC(371) Concurrent Rebuild Remembered Sets and Scrub Regions
.[2225.284s][info][gc,marking     ] GC(371) Concurrent Rebuild Remembered Sets and Scrub Regions 353.808ms
[2225.285s][info][gc,start       ] GC(371) Pause Cleanup
[2225.285s][info][gc             ] GC(371) Pause Cleanup 2016M->2016M(4096M) 0.117ms
[2225.285s][info][gc,cpu         ] GC(371) User=0.00s Sys=0.00s Real=0.00s
[2225.285s][info][gc,marking     ] GC(371) Concurrent Clear Claimed Marks
[2225.285s][info][gc,marking     ] GC(371) Concurrent Clear Claimed Marks 0.028ms
[2225.285s][info][gc,marking     ] GC(371) Concurrent Cleanup for Next Mark
[2225.288s][info][gc,marking     ] GC(371) Concurrent Cleanup for Next Mark 3.259ms
[2225.288s][info][gc             ] GC(371) Concurrent Mark Cycle 1472.874ms
....[2229.228s][info][gc,start       ] GC(372) Pause Young (Prepare Mixed) (G1 Evacuation Pause)
[2229.228s][info][gc,task        ] GC(372) Using 6 workers of 6 for evacuation
[2229.345s][info][gc,phases      ] GC(372)   Pre Evacuate Collection Set: 0.38ms
[2229.345s][info][gc,phases      ] GC(372)   Merge Heap Roots: 0.71ms
[2229.345s][info][gc,phases      ] GC(372)   Evacuate Collection Set: 114.76ms
[2229.345s][info][gc,phases      ] GC(372)   Post Evacuate Collection Set: 0.92ms
[2229.345s][info][gc,phases      ] GC(372)   Other: 0.11ms
[2229.345s][info][gc,heap        ] GC(372) Eden regions: 1117->0(1113)
[2229.345s][info][gc,heap        ] GC(372) Survivor regions: 111->109(154)
[2229.345s][info][gc,heap        ] GC(372) Old regions: 502->534
[2229.345s][info][gc,heap        ] GC(372) Humongous regions: 80->80
[2229.345s][info][gc,metaspace   ] GC(372) Metaspace: 28926K(29248K)->28926K(29248K) NonClass: 24042K(24192K)->24042K(24192K) Class: 4883K(5056K)->4883K(5056K)
[2229.345s][info][gc             ] GC(372) Pause Young (Prepare Mixed) (G1 Evacuation Pause) 3618M->1443M(4096M) 117.019ms
[2229.345s][info][gc,cpu         ] GC(372) User=0.69s Sys=0.00s Real=0.11s
.....[2234.659s][info][gc,start       ] GC(373) Pause Young (Mixed) (G1 Evacuation Pause)
[2234.659s][info][gc,task        ] GC(373) Using 6 workers of 6 for evacuation
[2234.793s][info][gc,phases      ] GC(373)   Pre Evacuate Collection Set: 0.37ms
[2234.793s][info][gc,phases      ] GC(373)   Merge Heap Roots: 0.74ms
[2234.793s][info][gc,phases      ] GC(373)   Evacuate Collection Set: 132.41ms
[2234.793s][info][gc,phases      ] GC(373)   Post Evacuate Collection Set: 0.97ms
[2234.793s][info][gc,phases      ] GC(373)   Other: 0.10ms
[2234.793s][info][gc,heap        ] GC(373) Eden regions: 1113->0(1119)
[2234.793s][info][gc,heap        ] GC(373) Survivor regions: 109->109(153)
[2234.793s][info][gc,heap        ] GC(373) Old regions: 534->470
[2234.793s][info][gc,heap        ] GC(373) Humongous regions: 80->80
[2234.793s][info][gc,metaspace   ] GC(373) Metaspace: 28926K(29248K)->28926K(29248K) NonClass: 24042K(24192K)->24042K(24192K) Class: 4883K(5056K)->4883K(5056K)
[2234.793s][info][gc             ] GC(373) Pause Young (Mixed) (G1 Evacuation Pause) 3669M->1317M(4096M) 134.720ms
[2234.793s][info][gc,cpu         ] GC(373) User=0.80s Sys=0.00s Real=0.13s
.....[2240.102s][info][gc,start       ] GC(374) Pause Young (Concurrent Start) (G1 Evacuation Pause)
[2240.102s][info][gc,task        ] GC(374) Using 6 workers of 6 for evacuation
[2240.221s][info][gc,phases      ] GC(374)   Pre Evacuate Collection Set: 0.39ms
[2240.221s][info][gc,phases      ] GC(374)   Merge Heap Roots: 0.49ms
[2240.221s][info][gc,phases      ] GC(374)   Evacuate Collection Set: 116.95ms
[2240.221s][info][gc,phases      ] GC(374)   Post Evacuate Collection Set: 0.90ms
[2240.221s][info][gc,phases      ] GC(374)   Other: 0.11ms
[2240.221s][info][gc,heap        ] GC(374) Eden regions: 1119->0(1118)
[2240.221s][info][gc,heap        ] GC(374) Survivor regions: 109->110(154)
[2240.221s][info][gc,heap        ] GC(374) Old regions: 470->502
[2240.221s][info][gc,heap        ] GC(374) Humongous regions: 80->80
[2240.221s][info][gc,metaspace   ] GC(374) Metaspace: 28926K(29248K)->28926K(29248K) NonClass: 24042K(24192K)->24042K(24192K) Class: 4883K(5056K)->4883K(5056K)
[2240.221s][info][gc             ] GC(374) Pause Young (Concurrent Start) (G1 Evacuation Pause) 3555M->1382M(4096M) 118.982ms
[2240.221s][info][gc             ] GC(375) Concurrent Mark Cycle
[2240.221s][info][gc,marking     ] GC(375) Concurrent Scan Root Regions
[2240.221s][info][gc,cpu         ] GC(374) User=0.70s Sys=0.00s Real=0.12s
.[2240.350s][info][gc,marking     ] GC(375) Concurrent Scan Root Regions 128.514ms
[2240.350s][info][gc,marking     ] GC(375) Concurrent Mark
[2240.350s][info][gc,marking     ] GC(375) Concurrent Mark From Roots
[2240.350s][info][gc,task        ] GC(375) Using 2 workers of 2 for marking
[2240.971s][info][gc,marking     ] GC(375) Concurrent Mark From Roots 620.887ms
[2240.971s][info][gc,marking     ] GC(375) Concurrent Preclean
[2240.971s][info][gc,marking     ] GC(375) Concurrent Preclean 0.061ms
[2240.971s][info][gc,start       ] GC(375) Pause Remark
[2240.973s][info][gc             ] GC(375) Pause Remark 1707M->1707M(4096M) 2.374ms
[2240.973s][info][gc,cpu         ] GC(375) User=0.01s Sys=0.00s Real=0.00s
[2240.974s][info][gc,marking     ] GC(375) Concurrent Mark 623.671ms
[2240.974s][info][gc,marking     ] GC(375) Concurrent Rebuild Remembered Sets and Scrub Regions
[2241.217s][info][gc,marking     ] GC(375) Concurrent Rebuild Remembered Sets and Scrub Regions 243.317ms
[2241.217s][info][gc,start       ] GC(375) Pause Cleanup
[2241.217s][info][gc             ] GC(375) Pause Cleanup 1848M->1848M(4096M) 0.138ms
[2241.217s][info][gc,cpu         ] GC(375) User=0.00s Sys=0.00s Real=0.00s
[2241.217s][info][gc,marking     ] GC(375) Concurrent Clear Claimed Marks
[2241.217s][info][gc,marking     ] GC(375) Concurrent Clear Claimed Marks 0.025ms
[2241.217s][info][gc,marking     ] GC(375) Concurrent Cleanup for Next Mark
[2241.221s][info][gc,marking     ] GC(375) Concurrent Cleanup for Next Mark 3.332ms
[2241.221s][info][gc             ] GC(375) Concurrent Mark Cycle 999.335ms
.....[2245.570s][info][gc,start       ] GC(376) Pause Young (Prepare Mixed) (G1 Evacuation Pause)
[2245.570s][info][gc,task        ] GC(376) Using 6 workers of 6 for evacuation
[2245.690s][info][gc,phases      ] GC(376)   Pre Evacuate Collection Set: 0.34ms
[2245.690s][info][gc,phases      ] GC(376)   Merge Heap Roots: 0.52ms
[2245.690s][info][gc,phases      ] GC(376)   Evacuate Collection Set: 117.86ms
[2245.690s][info][gc,phases      ] GC(376)   Post Evacuate Collection Set: 0.97ms
[2245.690s][info][gc,phases      ] GC(376)   Other: 0.09ms
[2245.690s][info][gc,heap        ] GC(376) Eden regions: 1118->0(1108)
[2245.690s][info][gc,heap        ] GC(376) Survivor regions: 110->112(154)
[2245.690s][info][gc,heap        ] GC(376) Old regions: 502->533
[2245.690s][info][gc,heap        ] GC(376) Humongous regions: 80->80
[2245.690s][info][gc,metaspace   ] GC(376) Metaspace: 28926K(29248K)->28926K(29248K) NonClass: 24042K(24192K)->24042K(24192K) Class: 4883K(5056K)->4883K(5056K)
[2245.690s][info][gc             ] GC(376) Pause Young (Prepare Mixed) (G1 Evacuation Pause) 3618M->1448M(4096M) 119.917ms
[2245.690s][info][gc,cpu         ] GC(376) User=0.71s Sys=0.00s Real=0.12s
.....[2250.935s][info][gc,start       ] GC(377) Pause Young (Mixed) (G1 Evacuation Pause)
[2250.935s][info][gc,task        ] GC(377) Using 6 workers of 6 for evacuation
[2251.068s][info][gc,phases      ] GC(377)   Pre Evacuate Collection Set: 0.41ms
[2251.068s][info][gc,phases      ] GC(377)   Merge Heap Roots: 0.67ms
[2251.068s][info][gc,phases      ] GC(377)   Evacuate Collection Set: 130.97ms
[2251.068s][info][gc,phases      ] GC(377)   Post Evacuate Collection Set: 0.96ms
[2251.068s][info][gc,phases      ] GC(377)   Other: 0.09ms
[2251.068s][info][gc,heap        ] GC(377) Eden regions: 1108->0(1118)
[2251.068s][info][gc,heap        ] GC(377) Survivor regions: 112->110(153)
[2251.068s][info][gc,heap        ] GC(377) Old regions: 533->470
[2251.068s][info][gc,heap        ] GC(377) Humongous regions: 80->80
[2251.068s][info][gc,metaspace   ] GC(377) Metaspace: 28926K(29248K)->28926K(29248K) NonClass: 24042K(24192K)->24042K(24192K) Class: 4883K(5056K)->4883K(5056K)
[2251.068s][info][gc             ] GC(377) Pause Young (Mixed) (G1 Evacuation Pause) 3664M->1318M(4096M) 133.235ms
[2251.068s][info][gc,cpu         ] GC(377) User=0.79s Sys=0.00s Real=0.14s
......[2256.412s][info][gc,start       ] GC(378) Pause Young (Concurrent Start) (G1 Evacuation Pause)
[2256.412s][info][gc,task        ] GC(378) Using 6 workers of 6 for evacuation
[2256.528s][info][gc,phases      ] GC(378)   Pre Evacuate Collection Set: 0.40ms
[2256.528s][info][gc,phases      ] GC(378)   Merge Heap Roots: 0.49ms
[2256.528s][info][gc,phases      ] GC(378)   Evacuate Collection Set: 114.26ms
[2256.528s][info][gc,phases      ] GC(378)   Post Evacuate Collection Set: 0.89ms
[2256.528s][info][gc,phases      ] GC(378)   Other: 0.11ms
[2256.528s][info][gc,heap        ] GC(378) Eden regions: 1118->0(1119)
[2256.528s][info][gc,heap        ] GC(378) Survivor regions: 110->109(154)
[2256.528s][info][gc,heap        ] GC(378) Old regions: 470->502
[2256.528s][info][gc,heap        ] GC(378) Humongous regions: 80->80
[2256.528s][info][gc,metaspace   ] GC(378) Metaspace: 28926K(29248K)->28926K(29248K) NonClass: 24042K(24192K)->24042K(24192K) Class: 4883K(5056K)->4883K(5056K)
[2256.528s][info][gc             ] GC(378) Pause Young (Concurrent Start) (G1 Evacuation Pause) 3554M->1381M(4096M) 116.284ms
[2256.528s][info][gc             ] GC(379) Concurrent Mark Cycle
[2256.528s][info][gc,marking     ] GC(379) Concurrent Scan Root Regions
[2256.528s][info][gc,cpu         ] GC(378) User=0.69s Sys=0.00s Real=0.12s
[2256.703s][info][gc,marking     ] GC(379) Concurrent Scan Root Regions 174.940ms
[2256.703s][info][gc,marking     ] GC(379) Concurrent Mark
[2256.703s][info][gc,marking     ] GC(379) Concurrent Mark From Roots
[2256.703s][info][gc,task        ] GC(379) Using 2 workers of 2 for marking
.[2257.642s][info][gc,marking     ] GC(379) Concurrent Mark From Roots 938.722ms
[2257.642s][info][gc,marking     ] GC(379) Concurrent Preclean
[2257.642s][info][gc,marking     ] GC(379) Concurrent Preclean 0.040ms
[2257.642s][info][gc,start       ] GC(379) Pause Remark
[2257.645s][info][gc             ] GC(379) Pause Remark 1872M->1872M(4096M) 2.989ms
[2257.645s][info][gc,cpu         ] GC(379) User=0.02s Sys=0.00s Real=0.00s
[2257.645s][info][gc,marking     ] GC(379) Concurrent Mark 942.019ms
[2257.645s][info][gc,marking     ] GC(379) Concurrent Rebuild Remembered Sets and Scrub Regions
[2258.042s][info][gc,marking     ] GC(379) Concurrent Rebuild Remembered Sets and Scrub Regions 396.795ms
[2258.042s][info][gc,start       ] GC(379) Pause Cleanup
[2258.042s][info][gc             ] GC(379) Pause Cleanup 2022M->2022M(4096M) 0.130ms
[2258.042s][info][gc,cpu         ] GC(379) User=0.00s Sys=0.00s Real=0.00s
[2258.042s][info][gc,marking     ] GC(379) Concurrent Clear Claimed Marks
[2258.042s][info][gc,marking     ] GC(379) Concurrent Clear Claimed Marks 0.030ms
[2258.042s][info][gc,marking     ] GC(379) Concurrent Cleanup for Next Mark
[2258.045s][info][gc,marking     ] GC(379) Concurrent Cleanup for Next Mark 3.343ms
[2258.045s][info][gc             ] GC(379) Concurrent Mark Cycle 1517.598ms
....[2261.911s][info][gc,start       ] GC(380) Pause Young (Prepare Mixed) (G1 Evacuation Pause)
[2261.911s][info][gc,task        ] GC(380) Using 6 workers of 6 for evacuation
[2262.027s][info][gc,phases      ] GC(380)   Pre Evacuate Collection Set: 0.34ms
[2262.027s][info][gc,phases      ] GC(380)   Merge Heap Roots: 0.58ms
[2262.027s][info][gc,phases      ] GC(380)   Evacuate Collection Set: 113.96ms
[2262.027s][info][gc,phases      ] GC(380)   Post Evacuate Collection Set: 0.93ms
[2262.027s][info][gc,phases      ] GC(380)   Other: 0.09ms
[2262.027s][info][gc,heap        ] GC(380) Eden regions: 1119->0(1113)
[2262.027s][info][gc,heap        ] GC(380) Survivor regions: 109->109(154)
[2262.027s][info][gc,heap        ] GC(380) Old regions: 502->534
[2262.027s][info][gc,heap        ] GC(380) Humongous regions: 80->80
[2262.027s][info][gc,metaspace   ] GC(380) Metaspace: 28926K(29248K)->28926K(29248K) NonClass: 24042K(24192K)->24042K(24192K) Class: 4883K(5056K)->4883K(5056K)
[2262.027s][info][gc             ] GC(380) Pause Young (Prepare Mixed) (G1 Evacuation Pause) 3619M->1444M(4096M) 116.025ms
[2262.027s][info][gc,cpu         ] GC(380) User=0.69s Sys=0.00s Real=0.12s
......[2267.520s][info][gc,start       ] GC(381) Pause Young (Mixed) (G1 Evacuation Pause)
[2267.520s][info][gc,task        ] GC(381) Using 6 workers of 6 for evacuation
[2267.656s][info][gc,phases      ] GC(381)   Pre Evacuate Collection Set: 0.40ms
[2267.656s][info][gc,phases      ] GC(381)   Merge Heap Roots: 0.74ms
[2267.656s][info][gc,phases      ] GC(381)   Evacuate Collection Set: 133.36ms
[2267.656s][info][gc,phases      ] GC(381)   Post Evacuate Collection Set: 0.95ms
[2267.656s][info][gc,phases      ] GC(381)   Other: 0.09ms
[2267.656s][info][gc,heap        ] GC(381) Eden regions: 1113->0(1116)
[2267.656s][info][gc,heap        ] GC(381) Survivor regions: 109->112(153)
[2267.656s][info][gc,heap        ] GC(381) Old regions: 534->471
[2267.656s][info][gc,heap        ] GC(381) Humongous regions: 80->80
[2267.656s][info][gc,metaspace   ] GC(381) Metaspace: 28926K(29248K)->28926K(29248K) NonClass: 24042K(24192K)->24042K(24192K) Class: 4883K(5056K)->4883K(5056K)
[2267.656s][info][gc             ] GC(381) Pause Young (Mixed) (G1 Evacuation Pause) 3670M->1324M(4096M) 135.679ms
[2267.656s][info][gc,cpu         ] GC(381) User=0.80s Sys=0.00s Real=0.13s
.....[2272.864s][info][gc,start       ] GC(382) Pause Young (Concurrent Start) (G1 Evacuation Pause)
[2272.864s][info][gc,task        ] GC(382) Using 6 workers of 6 for evacuation
[2272.982s][info][gc,phases      ] GC(382)   Pre Evacuate Collection Set: 0.40ms
[2272.982s][info][gc,phases      ] GC(382)   Merge Heap Roots: 0.53ms
[2272.982s][info][gc,phases      ] GC(382)   Evacuate Collection Set: 115.96ms
[2272.982s][info][gc,phases      ] GC(382)   Post Evacuate Collection Set: 0.90ms
[2272.982s][info][gc,phases      ] GC(382)   Other: 0.12ms
[2272.982s][info][gc,heap        ] GC(382) Eden regions: 1116->0(1118)
[2272.982s][info][gc,heap        ] GC(382) Survivor regions: 112->110(154)
[2272.982s][info][gc,heap        ] GC(382) Old regions: 471->503
[2272.982s][info][gc,heap        ] GC(382) Humongous regions: 80->80
[2272.982s][info][gc,metaspace   ] GC(382) Metaspace: 28926K(29248K)->28926K(29248K) NonClass: 24042K(24192K)->24042K(24192K) Class: 4883K(5056K)->4883K(5056K)
[2272.982s][info][gc             ] GC(382) Pause Young (Concurrent Start) (G1 Evacuation Pause) 3556M->1384M(4096M) 118.065ms
[2272.982s][info][gc             ] GC(383) Concurrent Mark Cycle
[2272.982s][info][gc,marking     ] GC(383) Concurrent Scan Root Regions
[2272.982s][info][gc,cpu         ] GC(382) User=0.70s Sys=0.00s Real=0.12s
[2273.126s][info][gc,marking     ] GC(383) Concurrent Scan Root Regions 143.822ms
[2273.126s][info][gc,marking     ] GC(383) Concurrent Mark
[2273.126s][info][gc,marking     ] GC(383) Concurrent Mark From Roots
[2273.126s][info][gc,task        ] GC(383) Using 2 workers of 2 for marking
.[2273.800s][info][gc,marking     ] GC(383) Concurrent Mark From Roots 674.152ms
[2273.800s][info][gc,marking     ] GC(383) Concurrent Preclean
[2273.800s][info][gc,marking     ] GC(383) Concurrent Preclean 0.034ms
[2273.801s][info][gc,start       ] GC(383) Pause Remark
[2273.803s][info][gc             ] GC(383) Pause Remark 1787M->1787M(4096M) 2.278ms
[2273.803s][info][gc,cpu         ] GC(383) User=0.01s Sys=0.00s Real=0.00s
[2273.803s][info][gc,marking     ] GC(383) Concurrent Mark 676.683ms
[2273.803s][info][gc,marking     ] GC(383) Concurrent Rebuild Remembered Sets and Scrub Regions
[2274.154s][info][gc,marking     ] GC(383) Concurrent Rebuild Remembered Sets and Scrub Regions 350.634ms
[2274.154s][info][gc,start       ] GC(383) Pause Cleanup
[2274.154s][info][gc             ] GC(383) Pause Cleanup 1918M->1918M(4096M) 0.124ms
[2274.154s][info][gc,cpu         ] GC(383) User=0.00s Sys=0.00s Real=0.00s
[2274.154s][info][gc,marking     ] GC(383) Concurrent Clear Claimed Marks
[2274.154s][info][gc,marking     ] GC(383) Concurrent Clear Claimed Marks 0.032ms
[2274.154s][info][gc,marking     ] GC(383) Concurrent Cleanup for Next Mark
[2274.158s][info][gc,marking     ] GC(383) Concurrent Cleanup for Next Mark 3.379ms
[2274.158s][info][gc             ] GC(383) Concurrent Mark Cycle 1175.422ms
.... (rIR:aIR:PR = 3459:3459:3459) (tPR = 51199) [OK] 
  2277s: Performance info:
         Transaction,    Success,    Partial,     Failed,   Receipts, AvgBarcode, 
             Overall,     208093,          0,          0,     197677,      59.48, 
         Response times:
             Request,    Success,    Partial,     Failed,   SkipFail,     Probes,    Samples,      min,      p50,      p90,      p95,      p99,      max, 
       TotalPurchase,     197677,          0,          0,          0,     192928,     206843,      300,     2800,     4700,     5900,    26000,   166000,
     InStorePurchase,     104056,          0,          0,          0,     101859,     109030,      300,     2900,     4700,     5900,    27000,   164000,
      OnlinePurchase,      72832,          0,          0,          0,      71019,      76078,      300,     2900,     4700,     5900,    26000,   164000,
        InstPurchase,      20789,          0,          0,          0,      20050,      21735,      400,     2500,     4400,     5400,    24000,   166000,
          AssocOfCat,        208,          0,          0,          0,        155,        216,    19700,    29000,    38300,    43000,   172790,   176000,
      AssocOfProduct,       2088,          0,          0,          0,       1901,       2185,      500,     2300,     4000,     5300,    22000,   126000,
      BusinessReport,        518,          0,          0,          0,        429,        544,    21000,    33000,    48000,    58000,   111850,   199000,
          CustBuyBeh,       2085,          0,          0,          0,       1901,       2188,      300,     2000,     3400,     4100,    16688,    48000,
       ProductReturn,       5517,          0,          0,          0,       5168,       5771,      200,     2300,     4200,     5400,    21000,   141000,

  2277s: (26%)   IR =   3598 .[2278.409s][info][gc,start       ] GC(384) Pause Young (Prepare Mixed) (G1 Evacuation Pause)
[2278.409s][info][gc,task        ] GC(384) Using 6 workers of 6 for evacuation
[2278.529s][info][gc,phases      ] GC(384)   Pre Evacuate Collection Set: 0.34ms
[2278.529s][info][gc,phases      ] GC(384)   Merge Heap Roots: 0.58ms
[2278.529s][info][gc,phases      ] GC(384)   Evacuate Collection Set: 117.61ms
[2278.529s][info][gc,phases      ] GC(384)   Post Evacuate Collection Set: 0.94ms
[2278.529s][info][gc,phases      ] GC(384)   Other: 0.09ms
[2278.529s][info][gc,heap        ] GC(384) Eden regions: 1118->0(1108)
[2278.529s][info][gc,heap        ] GC(384) Survivor regions: 110->111(154)
[2278.529s][info][gc,heap        ] GC(384) Old regions: 503->535
[2278.529s][info][gc,heap        ] GC(384) Humongous regions: 80->80
[2278.529s][info][gc,metaspace   ] GC(384) Metaspace: 28933K(29248K)->28933K(29248K) NonClass: 24049K(24192K)->24049K(24192K) Class: 4883K(5056K)->4883K(5056K)
[2278.529s][info][gc             ] GC(384) Pause Young (Prepare Mixed) (G1 Evacuation Pause) 3620M->1451M(4096M) 119.695ms
[2278.529s][info][gc,cpu         ] GC(384) User=0.71s Sys=0.00s Real=0.12s
...|..[2283.592s][info][gc,start       ] GC(385) Pause Young (Mixed) (G1 Evacuation Pause)
[2283.592s][info][gc,task        ] GC(385) Using 6 workers of 6 for evacuation
[2283.725s][info][gc,phases      ] GC(385)   Pre Evacuate Collection Set: 0.38ms
[2283.725s][info][gc,phases      ] GC(385)   Merge Heap Roots: 0.68ms
[2283.725s][info][gc,phases      ] GC(385)   Evacuate Collection Set: 130.44ms
[2283.725s][info][gc,phases      ] GC(385)   Post Evacuate Collection Set: 0.94ms
[2283.725s][info][gc,phases      ] GC(385)   Other: 0.10ms
[2283.725s][info][gc,heap        ] GC(385) Eden regions: 1108->0(1117)
[2283.725s][info][gc,heap        ] GC(385) Survivor regions: 111->111(153)
[2283.725s][info][gc,heap        ] GC(385) Old regions: 535->470
[2283.725s][info][gc,heap        ] GC(385) Humongous regions: 80->80
[2283.725s][info][gc,metaspace   ] GC(385) Metaspace: 28933K(29248K)->28933K(29248K) NonClass: 24049K(24192K)->24049K(24192K) Class: 4883K(5056K)->4883K(5056K)
[2283.725s][info][gc             ] GC(385) Pause Young (Mixed) (G1 Evacuation Pause) 3667M->1319M(4096M) 132.665ms
[2283.725s][info][gc,cpu         ] GC(385) User=0.79s Sys=0.00s Real=0.13s
.....[2288.839s][info][gc,start       ] GC(386) Pause Young (Concurrent Start) (G1 Evacuation Pause)
[2288.839s][info][gc,task        ] GC(386) Using 6 workers of 6 for evacuation
[2288.958s][info][gc,phases      ] GC(386)   Pre Evacuate Collection Set: 0.37ms
[2288.958s][info][gc,phases      ] GC(386)   Merge Heap Roots: 0.47ms
[2288.958s][info][gc,phases      ] GC(386)   Evacuate Collection Set: 116.29ms
[2288.958s][info][gc,phases      ] GC(386)   Post Evacuate Collection Set: 0.91ms
[2288.958s][info][gc,phases      ] GC(386)   Other: 0.12ms
[2288.958s][info][gc,heap        ] GC(386) Eden regions: 1117->0(1118)
[2288.958s][info][gc,heap        ] GC(386) Survivor regions: 111->110(154)
[2288.958s][info][gc,heap        ] GC(386) Old regions: 470->502
[2288.958s][info][gc,heap        ] GC(386) Humongous regions: 80->80
[2288.958s][info][gc,metaspace   ] GC(386) Metaspace: 28933K(29248K)->28933K(29248K) NonClass: 24049K(24192K)->24049K(24192K) Class: 4883K(5056K)->4883K(5056K)
[2288.958s][info][gc             ] GC(386) Pause Young (Concurrent Start) (G1 Evacuation Pause) 3553M->1382M(4096M) 118.301ms
[2288.958s][info][gc             ] GC(387) Concurrent Mark Cycle
[2288.958s][info][gc,marking     ] GC(387) Concurrent Scan Root Regions
[2288.958s][info][gc,cpu         ] GC(386) User=0.70s Sys=0.00s Real=0.12s
[2289.098s][info][gc,marking     ] GC(387) Concurrent Scan Root Regions 140.262ms
[2289.098s][info][gc,marking     ] GC(387) Concurrent Mark
[2289.098s][info][gc,marking     ] GC(387) Concurrent Mark From Roots
[2289.098s][info][gc,task        ] GC(387) Using 2 workers of 2 for marking
.[2289.688s][info][gc,marking     ] GC(387) Concurrent Mark From Roots 590.008ms
[2289.688s][info][gc,marking     ] GC(387) Concurrent Preclean
[2289.688s][info][gc,marking     ] GC(387) Concurrent Preclean 0.059ms
[2289.688s][info][gc,start       ] GC(387) Pause Remark
[2289.691s][info][gc             ] GC(387) Pause Remark 1753M->1753M(4096M) 2.384ms
[2289.691s][info][gc,cpu         ] GC(387) User=0.01s Sys=0.00s Real=0.00s
[2289.691s][info][gc,marking     ] GC(387) Concurrent Mark 592.790ms
[2289.691s][info][gc,marking     ] GC(387) Concurrent Rebuild Remembered Sets and Scrub Regions
[2289.914s][info][gc,marking     ] GC(387) Concurrent Rebuild Remembered Sets and Scrub Regions 223.583ms
[2289.915s][info][gc,start       ] GC(387) Pause Cleanup
[2289.915s][info][gc             ] GC(387) Pause Cleanup 1846M->1846M(4096M) 0.122ms
[2289.915s][info][gc,cpu         ] GC(387) User=0.00s Sys=0.00s Real=0.00s
[2289.915s][info][gc,marking     ] GC(387) Concurrent Clear Claimed Marks
[2289.915s][info][gc,marking     ] GC(387) Concurrent Clear Claimed Marks 0.031ms
[2289.915s][info][gc,marking     ] GC(387) Concurrent Cleanup for Next Mark
[2289.918s][info][gc,marking     ] GC(387) Concurrent Cleanup for Next Mark 3.497ms
[2289.918s][info][gc             ] GC(387) Concurrent Mark Cycle 960.631ms
....[2294.138s][info][gc,start       ] GC(388) Pause Young (Prepare Mixed) (G1 Evacuation Pause)
[2294.138s][info][gc,task        ] GC(388) Using 6 workers of 6 for evacuation
[2294.254s][info][gc,phases      ] GC(388)   Pre Evacuate Collection Set: 0.34ms
[2294.254s][info][gc,phases      ] GC(388)   Merge Heap Roots: 0.57ms
[2294.254s][info][gc,phases      ] GC(388)   Evacuate Collection Set: 114.35ms
[2294.254s][info][gc,phases      ] GC(388)   Post Evacuate Collection Set: 0.94ms
[2294.254s][info][gc,phases      ] GC(388)   Other: 0.09ms
[2294.254s][info][gc,heap        ] GC(388) Eden regions: 1118->0(1111)
[2294.254s][info][gc,heap        ] GC(388) Survivor regions: 110->110(154)
[2294.254s][info][gc,heap        ] GC(388) Old regions: 502->534
[2294.254s][info][gc,heap        ] GC(388) Humongous regions: 80->80
[2294.254s][info][gc,metaspace   ] GC(388) Metaspace: 28933K(29248K)->28933K(29248K) NonClass: 24049K(24192K)->24049K(24192K) Class: 4883K(5056K)->4883K(5056K)
[2294.254s][info][gc             ] GC(388) Pause Young (Prepare Mixed) (G1 Evacuation Pause) 3618M->1445M(4096M) 116.435ms
[2294.254s][info][gc,cpu         ] GC(388) User=0.69s Sys=0.00s Real=0.11s
......[2299.345s][info][gc,start       ] GC(389) Pause Young (Mixed) (G1 Evacuation Pause)
[2299.346s][info][gc,task        ] GC(389) Using 6 workers of 6 for evacuation
[2299.480s][info][gc,phases      ] GC(389)   Pre Evacuate Collection Set: 0.37ms
[2299.480s][info][gc,phases      ] GC(389)   Merge Heap Roots: 0.74ms
[2299.480s][info][gc,phases      ] GC(389)   Evacuate Collection Set: 132.41ms
[2299.480s][info][gc,phases      ] GC(389)   Post Evacuate Collection Set: 0.98ms
[2299.480s][info][gc,phases      ] GC(389)   Other: 0.09ms
[2299.480s][info][gc,heap        ] GC(389) Eden regions: 1111->0(1119)
[2299.480s][info][gc,heap        ] GC(389) Survivor regions: 110->109(153)
[2299.480s][info][gc,heap        ] GC(389) Old regions: 534->471
[2299.480s][info][gc,heap        ] GC(389) Humongous regions: 80->80
[2299.480s][info][gc,metaspace   ] GC(389) Metaspace: 28933K(29248K)->28933K(29248K) NonClass: 24049K(24192K)->24049K(24192K) Class: 4883K(5056K)->4883K(5056K)
[2299.480s][info][gc             ] GC(389) Pause Young (Mixed) (G1 Evacuation Pause) 3667M->1317M(4096M) 134.731ms
[2299.480s][info][gc,cpu         ] GC(389) User=0.80s Sys=0.00s Real=0.14s
.....[2304.603s][info][gc,start       ] GC(390) Pause Young (Concurrent Start) (G1 Evacuation Pause)
[2304.603s][info][gc,task        ] GC(390) Using 6 workers of 6 for evacuation
[2304.721s][info][gc,phases      ] GC(390)   Pre Evacuate Collection Set: 0.41ms
[2304.721s][info][gc,phases      ] GC(390)   Merge Heap Roots: 0.53ms
[2304.721s][info][gc,phases      ] GC(390)   Evacuate Collection Set: 115.95ms
[2304.721s][info][gc,phases      ] GC(390)   Post Evacuate Collection Set: 0.90ms
[2304.721s][info][gc,phases      ] GC(390)   Other: 0.12ms
[2304.721s][info][gc,heap        ] GC(390) Eden regions: 1119->0(1118)
[2304.721s][info][gc,heap        ] GC(390) Survivor regions: 109->110(154)
[2304.721s][info][gc,heap        ] GC(390) Old regions: 471->503
[2304.721s][info][gc,heap        ] GC(390) Humongous regions: 80->80
[2304.721s][info][gc,metaspace   ] GC(390) Metaspace: 28933K(29248K)->28933K(29248K) NonClass: 24049K(24192K)->24049K(24192K) Class: 4883K(5056K)->4883K(5056K)
[2304.721s][info][gc             ] GC(390) Pause Young (Concurrent Start) (G1 Evacuation Pause) 3555M->1383M(4096M) 118.049ms
[2304.721s][info][gc             ] GC(391) Concurrent Mark Cycle
[2304.721s][info][gc,marking     ] GC(391) Concurrent Scan Root Regions
[2304.721s][info][gc,cpu         ] GC(390) User=0.70s Sys=0.01s Real=0.12s
[2304.882s][info][gc,marking     ] GC(391) Concurrent Scan Root Regions 160.284ms
[2304.882s][info][gc,marking     ] GC(391) Concurrent Mark
[2304.882s][info][gc,marking     ] GC(391) Concurrent Mark From Roots
[2304.882s][info][gc,task        ] GC(391) Using 2 workers of 2 for marking
.[2305.464s][info][gc,marking     ] GC(391) Concurrent Mark From Roots 582.175ms
[2305.464s][info][gc,marking     ] GC(391) Concurrent Preclean
[2305.464s][info][gc,marking     ] GC(391) Concurrent Preclean 0.041ms
[2305.464s][info][gc,start       ] GC(391) Pause Remark
[2305.467s][info][gc             ] GC(391) Pause Remark 1738M->1738M(4096M) 2.731ms
[2305.467s][info][gc,cpu         ] GC(391) User=0.02s Sys=0.00s Real=0.00s
[2305.467s][info][gc,marking     ] GC(391) Concurrent Mark 585.231ms
[2305.467s][info][gc,marking     ] GC(391) Concurrent Rebuild Remembered Sets and Scrub Regions
[2305.712s][info][gc,marking     ] GC(391) Concurrent Rebuild Remembered Sets and Scrub Regions 245.423ms
[2305.712s][info][gc,start       ] GC(391) Pause Cleanup
[2305.713s][info][gc             ] GC(391) Pause Cleanup 1848M->1848M(4096M) 0.120ms
[2305.713s][info][gc,cpu         ] GC(391) User=0.00s Sys=0.00s Real=0.00s
[2305.713s][info][gc,marking     ] GC(391) Concurrent Clear Claimed Marks
[2305.713s][info][gc,marking     ] GC(391) Concurrent Clear Claimed Marks 0.030ms
[2305.713s][info][gc,marking     ] GC(391) Concurrent Cleanup for Next Mark
[2305.717s][info][gc,marking     ] GC(391) Concurrent Cleanup for Next Mark 3.919ms
[2305.717s][info][gc             ] GC(391) Concurrent Mark Cycle 995.316ms
....[2309.909s][info][gc,start       ] GC(392) Pause Young (Prepare Mixed) (G1 Evacuation Pause)
[2309.909s][info][gc,task        ] GC(392) Using 6 workers of 6 for evacuation
[2310.029s][info][gc,phases      ] GC(392)   Pre Evacuate Collection Set: 0.37ms
[2310.029s][info][gc,phases      ] GC(392)   Merge Heap Roots: 0.67ms
[2310.030s][info][gc,phases      ] GC(392)   Evacuate Collection Set: 118.02ms
[2310.030s][info][gc,phases      ] GC(392)   Post Evacuate Collection Set: 0.96ms
[2310.030s][info][gc,phases      ] GC(392)   Other: 0.08ms
[2310.030s][info][gc,heap        ] GC(392) Eden regions: 1118->0(1111)
[2310.030s][info][gc,heap        ] GC(392) Survivor regions: 110->110(154)
[2310.030s][info][gc,heap        ] GC(392) Old regions: 503->534
[2310.030s][info][gc,heap        ] GC(392) Humongous regions: 80->80
[2310.030s][info][gc,metaspace   ] GC(392) Metaspace: 28933K(29248K)->28933K(29248K) NonClass: 24049K(24192K)->24049K(24192K) Class: 4883K(5056K)->4883K(5056K)
[2310.030s][info][gc             ] GC(392) Pause Young (Prepare Mixed) (G1 Evacuation Pause) 3619M->1447M(4096M) 120.238ms
[2310.030s][info][gc,cpu         ] GC(392) User=0.71s Sys=0.00s Real=0.12s
.....[2315.115s][info][gc,start       ] GC(393) Pause Young (Mixed) (G1 Evacuation Pause)
[2315.115s][info][gc,task        ] GC(393) Using 6 workers of 6 for evacuation
[2315.246s][info][gc,phases      ] GC(393)   Pre Evacuate Collection Set: 0.44ms
[2315.246s][info][gc,phases      ] GC(393)   Merge Heap Roots: 0.72ms
[2315.246s][info][gc,phases      ] GC(393)   Evacuate Collection Set: 129.07ms
[2315.246s][info][gc,phases      ] GC(393)   Post Evacuate Collection Set: 0.93ms
[2315.246s][info][gc,phases      ] GC(393)   Other: 0.10ms
[2315.246s][info][gc,heap        ] GC(393) Eden regions: 1111->0(1119)
[2315.246s][info][gc,heap        ] GC(393) Survivor regions: 110->109(153)
[2315.246s][info][gc,heap        ] GC(393) Old regions: 534->470
[2315.246s][info][gc,heap        ] GC(393) Humongous regions: 80->80
[2315.246s][info][gc,metaspace   ] GC(393) Metaspace: 28933K(29248K)->28933K(29248K) NonClass: 24049K(24192K)->24049K(24192K) Class: 4883K(5056K)->4883K(5056K)
[2315.246s][info][gc             ] GC(393) Pause Young (Mixed) (G1 Evacuation Pause) 3669M->1316M(4096M) 131.406ms
[2315.246s][info][gc,cpu         ] GC(393) User=0.78s Sys=0.00s Real=0.13s
......[2320.471s][info][gc,start       ] GC(394) Pause Young (Concurrent Start) (G1 Evacuation Pause)
[2320.471s][info][gc,task        ] GC(394) Using 6 workers of 6 for evacuation
[2320.588s][info][gc,phases      ] GC(394)   Pre Evacuate Collection Set: 0.39ms
[2320.588s][info][gc,phases      ] GC(394)   Merge Heap Roots: 0.50ms
[2320.588s][info][gc,phases      ] GC(394)   Evacuate Collection Set: 114.39ms
[2320.588s][info][gc,phases      ] GC(394)   Post Evacuate Collection Set: 0.89ms
[2320.588s][info][gc,phases      ] GC(394)   Other: 0.11ms
[2320.588s][info][gc,heap        ] GC(394) Eden regions: 1119->0(1119)
[2320.588s][info][gc,heap        ] GC(394) Survivor regions: 109->109(154)
[2320.588s][info][gc,heap        ] GC(394) Old regions: 470->502
[2320.588s][info][gc,heap        ] GC(394) Humongous regions: 80->80
[2320.588s][info][gc,metaspace   ] GC(394) Metaspace: 28933K(29248K)->28933K(29248K) NonClass: 24049K(24192K)->24049K(24192K) Class: 4883K(5056K)->4883K(5056K)
[2320.588s][info][gc             ] GC(394) Pause Young (Concurrent Start) (G1 Evacuation Pause) 3554M->1381M(4096M) 116.395ms
[2320.588s][info][gc             ] GC(395) Concurrent Mark Cycle
[2320.588s][info][gc,marking     ] GC(395) Concurrent Scan Root Regions
[2320.588s][info][gc,cpu         ] GC(394) User=0.69s Sys=0.00s Real=0.12s
[2320.772s][info][gc,marking     ] GC(395) Concurrent Scan Root Regions 184.172ms
[2320.772s][info][gc,marking     ] GC(395) Concurrent Mark
[2320.772s][info][gc,marking     ] GC(395) Concurrent Mark From Roots
[2320.772s][info][gc,task        ] GC(395) Using 2 workers of 2 for marking
.[2321.764s][info][gc,marking     ] GC(395) Concurrent Mark From Roots 991.843ms
[2321.764s][info][gc,marking     ] GC(395) Concurrent Preclean
[2321.764s][info][gc,marking     ] GC(395) Concurrent Preclean 0.037ms
[2321.764s][info][gc,start       ] GC(395) Pause Remark
[2321.767s][info][gc             ] GC(395) Pause Remark 1971M->1971M(4096M) 3.112ms
[2321.767s][info][gc,cpu         ] GC(395) User=0.01s Sys=0.00s Real=0.00s
[2321.767s][info][gc,marking     ] GC(395) Concurrent Mark 995.239ms
[2321.767s][info][gc,marking     ] GC(395) Concurrent Rebuild Remembered Sets and Scrub Regions
[2322.123s][info][gc,marking     ] GC(395) Concurrent Rebuild Remembered Sets and Scrub Regions 355.490ms
[2322.123s][info][gc,start       ] GC(395) Pause Cleanup
[2322.123s][info][gc             ] GC(395) Pause Cleanup 2133M->2133M(4096M) 0.148ms
[2322.123s][info][gc,cpu         ] GC(395) User=0.00s Sys=0.00s Real=0.00s
[2322.123s][info][gc,marking     ] GC(395) Concurrent Clear Claimed Marks
[2322.123s][info][gc,marking     ] GC(395) Concurrent Clear Claimed Marks 0.028ms
[2322.123s][info][gc,marking     ] GC(395) Concurrent Cleanup for Next Mark
[2322.127s][info][gc,marking     ] GC(395) Concurrent Cleanup for Next Mark 3.796ms
[2322.127s][info][gc             ] GC(395) Concurrent Mark Cycle 1539.201ms
....[2325.645s][info][gc,start       ] GC(396) Pause Young (Prepare Mixed) (G1 Evacuation Pause)
[2325.646s][info][gc,task        ] GC(396) Using 6 workers of 6 for evacuation
[2325.766s][info][gc,phases      ] GC(396)   Pre Evacuate Collection Set: 0.36ms
[2325.766s][info][gc,phases      ] GC(396)   Merge Heap Roots: 0.59ms
[2325.766s][info][gc,phases      ] GC(396)   Evacuate Collection Set: 118.11ms
[2325.766s][info][gc,phases      ] GC(396)   Post Evacuate Collection Set: 0.92ms
[2325.766s][info][gc,phases      ] GC(396)   Other: 0.09ms
[2325.766s][info][gc,heap        ] GC(396) Eden regions: 1119->0(1108)
[2325.766s][info][gc,heap        ] GC(396) Survivor regions: 109->112(154)
[2325.766s][info][gc,heap        ] GC(396) Old regions: 502->533
[2325.766s][info][gc,heap        ] GC(396) Humongous regions: 80->80
[2325.766s][info][gc,metaspace   ] GC(396) Metaspace: 28933K(29248K)->28933K(29248K) NonClass: 24049K(24192K)->24049K(24192K) Class: 4883K(5056K)->4883K(5056K)
[2325.766s][info][gc             ] GC(396) Pause Young (Prepare Mixed) (G1 Evacuation Pause) 3619M->1447M(4096M) 120.205ms
[2325.766s][info][gc,cpu         ] GC(396) User=0.71s Sys=0.00s Real=0.12s
.....[2330.849s][info][gc,start       ] GC(397) Pause Young (Mixed) (G1 Evacuation Pause)
[2330.849s][info][gc,task        ] GC(397) Using 6 workers of 6 for evacuation
[2330.981s][info][gc,phases      ] GC(397)   Pre Evacuate Collection Set: 0.42ms
[2330.981s][info][gc,phases      ] GC(397)   Merge Heap Roots: 0.64ms
[2330.981s][info][gc,phases      ] GC(397)   Evacuate Collection Set: 129.91ms
[2330.981s][info][gc,phases      ] GC(397)   Post Evacuate Collection Set: 0.98ms
[2330.981s][info][gc,phases      ] GC(397)   Other: 0.09ms
[2330.981s][info][gc,heap        ] GC(397) Eden regions: 1108->0(1121)
[2330.981s][info][gc,heap        ] GC(397) Survivor regions: 112->107(153)
[2330.981s][info][gc,heap        ] GC(397) Old regions: 533->469
[2330.981s][info][gc,heap        ] GC(397) Humongous regions: 80->80
[2330.981s][info][gc,metaspace   ] GC(397) Metaspace: 28933K(29248K)->28933K(29248K) NonClass: 24049K(24192K)->24049K(24192K) Class: 4883K(5056K)->4883K(5056K)
[2330.981s][info][gc             ] GC(397) Pause Young (Mixed) (G1 Evacuation Pause) 3663M->1309M(4096M) 132.162ms
[2330.981s][info][gc,cpu         ] GC(397) User=0.78s Sys=0.00s Real=0.13s
.....[2336.147s][info][gc,start       ] GC(398) Pause Young (Concurrent Start) (G1 Evacuation Pause)
[2336.147s][info][gc,task        ] GC(398) Using 6 workers of 6 for evacuation
[2336.263s][info][gc,phases      ] GC(398)   Pre Evacuate Collection Set: 0.41ms
[2336.263s][info][gc,phases      ] GC(398)   Merge Heap Roots: 0.55ms
[2336.263s][info][gc,phases      ] GC(398)   Evacuate Collection Set: 114.76ms
[2336.263s][info][gc,phases      ] GC(398)   Post Evacuate Collection Set: 0.90ms
[2336.263s][info][gc,phases      ] GC(398)   Other: 0.12ms
[2336.263s][info][gc,heap        ] GC(398) Eden regions: 1121->0(1119)
[2336.263s][info][gc,heap        ] GC(398) Survivor regions: 107->109(154)
[2336.263s][info][gc,heap        ] GC(398) Old regions: 469->500
[2336.263s][info][gc,heap        ] GC(398) Humongous regions: 80->80
[2336.263s][info][gc,metaspace   ] GC(398) Metaspace: 28933K(29248K)->28933K(29248K) NonClass: 24049K(24192K)->24049K(24192K) Class: 4883K(5056K)->4883K(5056K)
[2336.263s][info][gc             ] GC(398) Pause Young (Concurrent Start) (G1 Evacuation Pause) 3551M->1376M(4096M) 116.893ms
[2336.263s][info][gc             ] GC(399) Concurrent Mark Cycle
[2336.264s][info][gc,marking     ] GC(399) Concurrent Scan Root Regions
[2336.264s][info][gc,cpu         ] GC(398) User=0.69s Sys=0.00s Real=0.12s
.[2336.440s][info][gc,marking     ] GC(399) Concurrent Scan Root Regions 176.717ms
[2336.440s][info][gc,marking     ] GC(399) Concurrent Mark
[2336.440s][info][gc,marking     ] GC(399) Concurrent Mark From Roots
[2336.440s][info][gc,task        ] GC(399) Using 2 workers of 2 for marking
[2337.104s][info][gc,marking     ] GC(399) Concurrent Mark From Roots 663.339ms
[2337.104s][info][gc,marking     ] GC(399) Concurrent Preclean
[2337.104s][info][gc,marking     ] GC(399) Concurrent Preclean 0.056ms
[2337.104s][info][gc,start       ] GC(399) Pause Remark
[2337.106s][info][gc             ] GC(399) Pause Remark 1779M->1779M(4096M) 2.509ms
[2337.106s][info][gc,cpu         ] GC(399) User=0.01s Sys=0.00s Real=0.00s
[2337.109s][info][gc,marking     ] GC(399) Concurrent Mark 668.351ms
[2337.109s][info][gc,marking     ] GC(399) Concurrent Rebuild Remembered Sets and Scrub Regions
.[2337.467s][info][gc,marking     ] GC(399) Concurrent Rebuild Remembered Sets and Scrub Regions 358.021ms
[2337.467s][info][gc,start       ] GC(399) Pause Cleanup
[2337.467s][info][gc             ] GC(399) Pause Cleanup 1938M->1938M(4096M) 0.126ms
[2337.467s][info][gc,cpu         ] GC(399) User=0.00s Sys=0.00s Real=0.00s
[2337.467s][info][gc,marking     ] GC(399) Concurrent Clear Claimed Marks
[2337.467s][info][gc,marking     ] GC(399) Concurrent Clear Claimed Marks 0.030ms
[2337.467s][info][gc,marking     ] GC(399) Concurrent Cleanup for Next Mark
[2337.472s][info][gc,marking     ] GC(399) Concurrent Cleanup for Next Mark 4.625ms
[2337.472s][info][gc             ] GC(399) Concurrent Mark Cycle 1208.288ms
.... (rIR:aIR:PR = 3598:3600:3600) (tPR = 53819) [OK] 
  2341s: Performance info:
         Transaction,    Success,    Partial,     Failed,   Receipts, AvgBarcode, 
             Overall,     216285,          0,          0,     205476,      59.48, 
         Response times:
             Request,    Success,    Partial,     Failed,   SkipFail,     Probes,    Samples,      min,      p50,      p90,      p95,      p99,      max, 
       TotalPurchase,     205481,          0,          0,          0,     202132,     216119,      300,     3000,     5100,     6900,    39000,   160000,
     InStorePurchase,     108118,          0,          0,          0,     106539,     113640,      300,     3100,     5200,     7000,    39000,   160000,
      OnlinePurchase,      75716,          0,          0,          0,      74555,      79697,      300,     3000,     5100,     6900,    39000,   160000,
        InstPurchase,      21647,          0,          0,          0,      21038,      22782,      400,     2700,     4900,     6500,    37000,   140000,
          AssocOfCat,        219,          0,          0,          0,        157,        214,    19000,    30000,    44500,    53250,   157950,   160000,
      AssocOfProduct,       2163,          0,          0,          0,       1975,       2293,      500,     2200,     3700,     4800,    26000,   125000,
      BusinessReport,        539,          0,          0,          0,        456,        565,    19800,    32000,    46000,    68100,   152020,   179000,
          CustBuyBeh,       2169,          0,          0,          0,       1940,       2219,      200,     3500,     5400,     7400,    45000,   140000,
       ProductReturn,       5719,          0,          0,          0,       5312,       5868,      200,     3600,     5600,     8000,    41000,   139000,

  2341s: (27%)   IR =   3736 [2341.447s][info][gc,start       ] GC(400) Pause Young (Prepare Mixed) (G1 Evacuation Pause)
[2341.447s][info][gc,task        ] GC(400) Using 6 workers of 6 for evacuation
[2341.566s][info][gc,phases      ] GC(400)   Pre Evacuate Collection Set: 0.32ms
[2341.566s][info][gc,phases      ] GC(400)   Merge Heap Roots: 0.62ms
[2341.566s][info][gc,phases      ] GC(400)   Evacuate Collection Set: 116.93ms
[2341.566s][info][gc,phases      ] GC(400)   Post Evacuate Collection Set: 0.94ms
[2341.566s][info][gc,phases      ] GC(400)   Other: 0.09ms
[2341.566s][info][gc,heap        ] GC(400) Eden regions: 1119->0(1113)
[2341.566s][info][gc,heap        ] GC(400) Survivor regions: 109->110(154)
[2341.566s][info][gc,heap        ] GC(400) Old regions: 500->532
[2341.566s][info][gc,heap        ] GC(400) Humongous regions: 80->80
[2341.566s][info][gc,metaspace   ] GC(400) Metaspace: 28933K(29248K)->28933K(29248K) NonClass: 24049K(24192K)->24049K(24192K) Class: 4883K(5056K)->4883K(5056K)
[2341.566s][info][gc             ] GC(400) Pause Young (Prepare Mixed) (G1 Evacuation Pause) 3614M->1442M(4096M) 119.031ms
[2341.566s][info][gc,cpu         ] GC(400) User=0.71s Sys=0.00s Real=0.12s
.....|[2346.491s][info][gc,start       ] GC(401) Pause Young (Mixed) (G1 Evacuation Pause)
[2346.491s][info][gc,task        ] GC(401) Using 6 workers of 6 for evacuation
[2346.627s][info][gc,phases      ] GC(401)   Pre Evacuate Collection Set: 0.36ms
[2346.627s][info][gc,phases      ] GC(401)   Merge Heap Roots: 0.73ms
[2346.627s][info][gc,phases      ] GC(401)   Evacuate Collection Set: 134.04ms
[2346.627s][info][gc,phases      ] GC(401)   Post Evacuate Collection Set: 0.96ms
[2346.627s][info][gc,phases      ] GC(401)   Other: 0.09ms
[2346.627s][info][gc,heap        ] GC(401) Eden regions: 1113->0(1119)
[2346.627s][info][gc,heap        ] GC(401) Survivor regions: 110->109(153)
[2346.627s][info][gc,heap        ] GC(401) Old regions: 532->472
[2346.627s][info][gc,heap        ] GC(401) Humongous regions: 80->80
[2346.627s][info][gc,metaspace   ] GC(401) Metaspace: 28933K(29248K)->28933K(29248K) NonClass: 24049K(24192K)->24049K(24192K) Class: 4883K(5056K)->4883K(5056K)
[2346.627s][info][gc             ] GC(401) Pause Young (Mixed) (G1 Evacuation Pause) 3668M->1320M(4096M) 136.309ms
[2346.627s][info][gc,cpu         ] GC(401) User=0.81s Sys=0.00s Real=0.13s
.....[2351.569s][info][gc,start       ] GC(402) Pause Young (Concurrent Start) (G1 Evacuation Pause)
[2351.569s][info][gc,task        ] GC(402) Using 6 workers of 6 for evacuation
[2351.689s][info][gc,phases      ] GC(402)   Pre Evacuate Collection Set: 0.41ms
[2351.689s][info][gc,phases      ] GC(402)   Merge Heap Roots: 0.47ms
[2351.689s][info][gc,phases      ] GC(402)   Evacuate Collection Set: 118.33ms
[2351.689s][info][gc,phases      ] GC(402)   Post Evacuate Collection Set: 0.90ms
[2351.689s][info][gc,phases      ] GC(402)   Other: 0.10ms
[2351.689s][info][gc,heap        ] GC(402) Eden regions: 1119->0(1116)
[2351.689s][info][gc,heap        ] GC(402) Survivor regions: 109->112(154)
[2351.689s][info][gc,heap        ] GC(402) Old regions: 472->504
[2351.689s][info][gc,heap        ] GC(402) Humongous regions: 80->80
[2351.689s][info][gc,metaspace   ] GC(402) Metaspace: 28933K(29248K)->28933K(29248K) NonClass: 24049K(24192K)->24049K(24192K) Class: 4883K(5056K)->4883K(5056K)
[2351.689s][info][gc             ] GC(402) Pause Young (Concurrent Start) (G1 Evacuation Pause) 3558M->1390M(4096M) 120.351ms
[2351.689s][info][gc             ] GC(403) Concurrent Mark Cycle
[2351.689s][info][gc,marking     ] GC(403) Concurrent Scan Root Regions
[2351.689s][info][gc,cpu         ] GC(402) User=0.71s Sys=0.00s Real=0.12s
[2351.834s][info][gc,marking     ] GC(403) Concurrent Scan Root Regions 144.737ms
[2351.834s][info][gc,marking     ] GC(403) Concurrent Mark
[2351.834s][info][gc,marking     ] GC(403) Concurrent Mark From Roots
[2351.834s][info][gc,task        ] GC(403) Using 2 workers of 2 for marking
.[2352.822s][info][gc,marking     ] GC(403) Concurrent Mark From Roots 987.759ms
[2352.822s][info][gc,marking     ] GC(403) Concurrent Preclean
[2352.822s][info][gc,marking     ] GC(403) Concurrent Preclean 0.043ms
[2352.822s][info][gc,start       ] GC(403) Pause Remark
[2352.825s][info][gc             ] GC(403) Pause Remark 1971M->1971M(4096M) 2.826ms
[2352.825s][info][gc,cpu         ] GC(403) User=0.01s Sys=0.00s Real=0.00s
[2352.825s][info][gc,marking     ] GC(403) Concurrent Mark 990.873ms
[2352.825s][info][gc,marking     ] GC(403) Concurrent Rebuild Remembered Sets and Scrub Regions
[2353.049s][info][gc,marking     ] GC(403) Concurrent Rebuild Remembered Sets and Scrub Regions 224.083ms
[2353.049s][info][gc,start       ] GC(403) Pause Cleanup
[2353.049s][info][gc             ] GC(403) Pause Cleanup 2060M->2060M(4096M) 0.126ms
[2353.049s][info][gc,cpu         ] GC(403) User=0.00s Sys=0.00s Real=0.00s
[2353.050s][info][gc,marking     ] GC(403) Concurrent Clear Claimed Marks
[2353.050s][info][gc,marking     ] GC(403) Concurrent Clear Claimed Marks 0.034ms
[2353.050s][info][gc,marking     ] GC(403) Concurrent Cleanup for Next Mark
[2353.054s][info][gc,marking     ] GC(403) Concurrent Cleanup for Next Mark 4.520ms
[2353.054s][info][gc             ] GC(403) Concurrent Mark Cycle 1365.271ms
....[2356.584s][info][gc,start       ] GC(404) Pause Young (Prepare Mixed) (G1 Evacuation Pause)
[2356.584s][info][gc,task        ] GC(404) Using 6 workers of 6 for evacuation
[2356.703s][info][gc,phases      ] GC(404)   Pre Evacuate Collection Set: 0.37ms
[2356.703s][info][gc,phases      ] GC(404)   Merge Heap Roots: 0.52ms
[2356.703s][info][gc,phases      ] GC(404)   Evacuate Collection Set: 116.47ms
[2356.703s][info][gc,phases      ] GC(404)   Post Evacuate Collection Set: 0.93ms
[2356.703s][info][gc,phases      ] GC(404)   Other: 0.09ms
[2356.703s][info][gc,heap        ] GC(404) Eden regions: 1116->0(1107)
[2356.703s][info][gc,heap        ] GC(404) Survivor regions: 112->111(154)
[2356.703s][info][gc,heap        ] GC(404) Old regions: 504->536
[2356.703s][info][gc,heap        ] GC(404) Humongous regions: 80->80
[2356.703s][info][gc,metaspace   ] GC(404) Metaspace: 28933K(29248K)->28933K(29248K) NonClass: 24049K(24192K)->24049K(24192K) Class: 4883K(5056K)->4883K(5056K)
[2356.703s][info][gc             ] GC(404) Pause Young (Prepare Mixed) (G1 Evacuation Pause) 3622M->1452M(4096M) 118.511ms
[2356.703s][info][gc,cpu         ] GC(404) User=0.71s Sys=0.00s Real=0.12s
.....[2361.628s][info][gc,start       ] GC(405) Pause Young (Mixed) (G1 Evacuation Pause)
[2361.628s][info][gc,task        ] GC(405) Using 6 workers of 6 for evacuation
[2361.764s][info][gc,phases      ] GC(405)   Pre Evacuate Collection Set: 0.41ms
[2361.764s][info][gc,phases      ] GC(405)   Merge Heap Roots: 0.80ms
[2361.764s][info][gc,phases      ] GC(405)   Evacuate Collection Set: 133.55ms
[2361.764s][info][gc,phases      ] GC(405)   Post Evacuate Collection Set: 1.01ms
[2361.764s][info][gc,phases      ] GC(405)   Other: 0.10ms
[2361.764s][info][gc,heap        ] GC(405) Eden regions: 1107->0(1118)
[2361.764s][info][gc,heap        ] GC(405) Survivor regions: 111->110(153)
[2361.764s][info][gc,heap        ] GC(405) Old regions: 536->472
[2361.764s][info][gc,heap        ] GC(405) Humongous regions: 80->80
[2361.764s][info][gc,metaspace   ] GC(405) Metaspace: 28933K(29248K)->28933K(29248K) NonClass: 24049K(24192K)->24049K(24192K) Class: 4883K(5056K)->4883K(5056K)
[2361.764s][info][gc             ] GC(405) Pause Young (Mixed) (G1 Evacuation Pause) 3666M->1321M(4096M) 136.018ms
[2361.764s][info][gc,cpu         ] GC(405) User=0.81s Sys=0.00s Real=0.13s
.....[2366.691s][info][gc,start       ] GC(406) Pause Young (Concurrent Start) (G1 Evacuation Pause)
[2366.691s][info][gc,task        ] GC(406) Using 6 workers of 6 for evacuation
[2366.805s][info][gc,phases      ] GC(406)   Pre Evacuate Collection Set: 0.40ms
[2366.805s][info][gc,phases      ] GC(406)   Merge Heap Roots: 0.49ms
[2366.805s][info][gc,phases      ] GC(406)   Evacuate Collection Set: 112.33ms
[2366.805s][info][gc,phases      ] GC(406)   Post Evacuate Collection Set: 0.89ms
[2366.805s][info][gc,phases      ] GC(406)   Other: 0.11ms
[2366.805s][info][gc,heap        ] GC(406) Eden regions: 1118->0(1121)
[2366.805s][info][gc,heap        ] GC(406) Survivor regions: 110->107(154)
[2366.805s][info][gc,heap        ] GC(406) Old regions: 472->504
[2366.805s][info][gc,heap        ] GC(406) Humongous regions: 80->80
[2366.805s][info][gc,metaspace   ] GC(406) Metaspace: 28933K(29248K)->28933K(29248K) NonClass: 24049K(24192K)->24049K(24192K) Class: 4883K(5056K)->4883K(5056K)
[2366.805s][info][gc             ] GC(406) Pause Young (Concurrent Start) (G1 Evacuation Pause) 3557M->1380M(4096M) 114.347ms
[2366.806s][info][gc             ] GC(407) Concurrent Mark Cycle
[2366.806s][info][gc,marking     ] GC(407) Concurrent Scan Root Regions
[2366.806s][info][gc,cpu         ] GC(406) User=0.68s Sys=0.00s Real=0.11s
[2366.952s][info][gc,marking     ] GC(407) Concurrent Scan Root Regions 146.606ms
[2366.952s][info][gc,marking     ] GC(407) Concurrent Mark
[2366.952s][info][gc,marking     ] GC(407) Concurrent Mark From Roots
[2366.952s][info][gc,task        ] GC(407) Using 2 workers of 2 for marking
.[2367.550s][info][gc,marking     ] GC(407) Concurrent Mark From Roots 597.524ms
[2367.550s][info][gc,marking     ] GC(407) Concurrent Preclean
[2367.550s][info][gc,marking     ] GC(407) Concurrent Preclean 0.043ms
[2367.550s][info][gc,start       ] GC(407) Pause Remark
[2367.552s][info][gc             ] GC(407) Pause Remark 1752M->1752M(4096M) 2.227ms
[2367.552s][info][gc,cpu         ] GC(407) User=0.01s Sys=0.00s Real=0.00s
[2367.552s][info][gc,marking     ] GC(407) Concurrent Mark 600.015ms
[2367.552s][info][gc,marking     ] GC(407) Concurrent Rebuild Remembered Sets and Scrub Regions
[2367.828s][info][gc,marking     ] GC(407) Concurrent Rebuild Remembered Sets and Scrub Regions 275.906ms
[2367.828s][info][gc,start       ] GC(407) Pause Cleanup
[2367.829s][info][gc             ] GC(407) Pause Cleanup 1877M->1877M(4096M) 0.125ms
[2367.829s][info][gc,cpu         ] GC(407) User=0.00s Sys=0.00s Real=0.00s
[2367.829s][info][gc,marking     ] GC(407) Concurrent Clear Claimed Marks
[2367.829s][info][gc,marking     ] GC(407) Concurrent Clear Claimed Marks 0.032ms
[2367.829s][info][gc,marking     ] GC(407) Concurrent Cleanup for Next Mark
[2367.832s][info][gc,marking     ] GC(407) Concurrent Cleanup for Next Mark 3.311ms
[2367.832s][info][gc             ] GC(407) Concurrent Mark Cycle 1026.446ms
....[2371.783s][info][gc,start       ] GC(408) Pause Young (Prepare Mixed) (G1 Evacuation Pause)
[2371.784s][info][gc,task        ] GC(408) Using 6 workers of 6 for evacuation
[2371.905s][info][gc,phases      ] GC(408)   Pre Evacuate Collection Set: 0.34ms
[2371.905s][info][gc,phases      ] GC(408)   Merge Heap Roots: 0.51ms
[2371.905s][info][gc,phases      ] GC(408)   Evacuate Collection Set: 119.85ms
[2371.905s][info][gc,phases      ] GC(408)   Post Evacuate Collection Set: 0.95ms
[2371.905s][info][gc,phases      ] GC(408)   Other: 0.09ms
[2371.905s][info][gc,heap        ] GC(408) Eden regions: 1121->0(1105)
[2371.905s][info][gc,heap        ] GC(408) Survivor regions: 107->112(154)
[2371.905s][info][gc,heap        ] GC(408) Old regions: 504->536
[2371.905s][info][gc,heap        ] GC(408) Humongous regions: 80->80
[2371.905s][info][gc,metaspace   ] GC(408) Metaspace: 28933K(29248K)->28933K(29248K) NonClass: 24049K(24192K)->24049K(24192K) Class: 4883K(5056K)->4883K(5056K)
[2371.905s][info][gc             ] GC(408) Pause Young (Prepare Mixed) (G1 Evacuation Pause) 3622M->1454M(4096M) 121.861ms
[2371.905s][info][gc,cpu         ] GC(408) User=0.72s Sys=0.00s Real=0.12s
.....[2376.772s][info][gc,start       ] GC(409) Pause Young (Mixed) (G1 Evacuation Pause)
[2376.772s][info][gc,task        ] GC(409) Using 6 workers of 6 for evacuation
[2376.906s][info][gc,phases      ] GC(409)   Pre Evacuate Collection Set: 0.40ms
[2376.906s][info][gc,phases      ] GC(409)   Merge Heap Roots: 0.71ms
[2376.906s][info][gc,phases      ] GC(409)   Evacuate Collection Set: 131.67ms
[2376.906s][info][gc,phases      ] GC(409)   Post Evacuate Collection Set: 0.97ms
[2376.906s][info][gc,phases      ] GC(409)   Other: 0.09ms
[2376.906s][info][gc,heap        ] GC(409) Eden regions: 1105->0(1119)
[2376.906s][info][gc,heap        ] GC(409) Survivor regions: 112->109(153)
[2376.906s][info][gc,heap        ] GC(409) Old regions: 536->473
[2376.906s][info][gc,heap        ] GC(409) Humongous regions: 80->80
[2376.906s][info][gc,metaspace   ] GC(409) Metaspace: 28933K(29248K)->28933K(29248K) NonClass: 24049K(24192K)->24049K(24192K) Class: 4883K(5056K)->4883K(5056K)
[2376.906s][info][gc             ] GC(409) Pause Young (Mixed) (G1 Evacuation Pause) 3664M->1323M(4096M) 133.979ms
[2376.906s][info][gc,cpu         ] GC(409) User=0.79s Sys=0.00s Real=0.13s
.....[2381.948s][info][gc,start       ] GC(410) Pause Young (Concurrent Start) (G1 Evacuation Pause)
[2381.948s][info][gc,task        ] GC(410) Using 6 workers of 6 for evacuation
[2382.063s][info][gc,phases      ] GC(410)   Pre Evacuate Collection Set: 0.41ms
[2382.063s][info][gc,phases      ] GC(410)   Merge Heap Roots: 0.53ms
[2382.063s][info][gc,phases      ] GC(410)   Evacuate Collection Set: 113.08ms
[2382.063s][info][gc,phases      ] GC(410)   Post Evacuate Collection Set: 0.90ms
[2382.063s][info][gc,phases      ] GC(410)   Other: 0.14ms
[2382.063s][info][gc,heap        ] GC(410) Eden regions: 1119->0(1120)
[2382.063s][info][gc,heap        ] GC(410) Survivor regions: 109->108(154)
[2382.063s][info][gc,heap        ] GC(410) Old regions: 473->505
[2382.063s][info][gc,heap        ] GC(410) Humongous regions: 80->80
[2382.063s][info][gc,metaspace   ] GC(410) Metaspace: 28933K(29248K)->28933K(29248K) NonClass: 24049K(24192K)->24049K(24192K) Class: 4883K(5056K)->4883K(5056K)
[2382.063s][info][gc             ] GC(410) Pause Young (Concurrent Start) (G1 Evacuation Pause) 3561M->1385M(4096M) 115.176ms
[2382.063s][info][gc             ] GC(411) Concurrent Mark Cycle
[2382.063s][info][gc,marking     ] GC(411) Concurrent Scan Root Regions
[2382.063s][info][gc,cpu         ] GC(410) User=0.68s Sys=0.00s Real=0.11s
[2382.264s][info][gc,marking     ] GC(411) Concurrent Scan Root Regions 200.340ms
[2382.264s][info][gc,marking     ] GC(411) Concurrent Mark
[2382.264s][info][gc,marking     ] GC(411) Concurrent Mark From Roots
[2382.264s][info][gc,task        ] GC(411) Using 2 workers of 2 for marking
.[2382.965s][info][gc,marking     ] GC(411) Concurrent Mark From Roots 700.909ms
[2382.965s][info][gc,marking     ] GC(411) Concurrent Preclean
[2382.965s][info][gc,marking     ] GC(411) Concurrent Preclean 0.052ms
[2382.965s][info][gc,start       ] GC(411) Pause Remark
[2382.968s][info][gc             ] GC(411) Pause Remark 1875M->1875M(4096M) 2.872ms
[2382.968s][info][gc,cpu         ] GC(411) User=0.02s Sys=0.00s Real=0.01s
[2382.968s][info][gc,marking     ] GC(411) Concurrent Mark 704.581ms
[2382.968s][info][gc,marking     ] GC(411) Concurrent Rebuild Remembered Sets and Scrub Regions
[2383.217s][info][gc,marking     ] GC(411) Concurrent Rebuild Remembered Sets and Scrub Regions 248.239ms
[2383.217s][info][gc,start       ] GC(411) Pause Cleanup
[2383.217s][info][gc             ] GC(411) Pause Cleanup 1984M->1984M(4096M) 0.126ms
[2383.217s][info][gc,cpu         ] GC(411) User=0.00s Sys=0.00s Real=0.00s
[2383.217s][info][gc,marking     ] GC(411) Concurrent Clear Claimed Marks
[2383.217s][info][gc,marking     ] GC(411) Concurrent Clear Claimed Marks 0.032ms
[2383.217s][info][gc,marking     ] GC(411) Concurrent Cleanup for Next Mark
[2383.221s][info][gc,marking     ] GC(411) Concurrent Cleanup for Next Mark 3.510ms
[2383.221s][info][gc             ] GC(411) Concurrent Mark Cycle 1157.170ms
....[2387.016s][info][gc,start       ] GC(412) Pause Young (Prepare Mixed) (G1 Evacuation Pause)
[2387.016s][info][gc,task        ] GC(412) Using 6 workers of 6 for evacuation
[2387.132s][info][gc,phases      ] GC(412)   Pre Evacuate Collection Set: 0.37ms
[2387.132s][info][gc,phases      ] GC(412)   Merge Heap Roots: 0.57ms
[2387.132s][info][gc,phases      ] GC(412)   Evacuate Collection Set: 114.55ms
[2387.132s][info][gc,phases      ] GC(412)   Post Evacuate Collection Set: 0.96ms
[2387.132s][info][gc,phases      ] GC(412)   Other: 0.09ms
[2387.132s][info][gc,heap        ] GC(412) Eden regions: 1120->0(1110)
[2387.132s][info][gc,heap        ] GC(412) Survivor regions: 108->109(154)
[2387.132s][info][gc,heap        ] GC(412) Old regions: 505->537
[2387.132s][info][gc,heap        ] GC(412) Humongous regions: 80->80
[2387.132s][info][gc,metaspace   ] GC(412) Metaspace: 28933K(29248K)->28933K(29248K) NonClass: 24049K(24192K)->24049K(24192K) Class: 4883K(5056K)->4883K(5056K)
[2387.132s][info][gc             ] GC(412) Pause Young (Prepare Mixed) (G1 Evacuation Pause) 3625M->1450M(4096M) 116.673ms
[2387.133s][info][gc,cpu         ] GC(412) User=0.70s Sys=0.00s Real=0.12s
.....[2391.953s][info][gc,start       ] GC(413) Pause Young (Mixed) (G1 Evacuation Pause)
[2391.953s][info][gc,task        ] GC(413) Using 6 workers of 6 for evacuation
[2392.085s][info][gc,phases      ] GC(413)   Pre Evacuate Collection Set: 0.36ms
[2392.085s][info][gc,phases      ] GC(413)   Merge Heap Roots: 0.70ms
[2392.085s][info][gc,phases      ] GC(413)   Evacuate Collection Set: 129.51ms
[2392.085s][info][gc,phases      ] GC(413)   Post Evacuate Collection Set: 0.99ms
[2392.085s][info][gc,phases      ] GC(413)   Other: 0.09ms
[2392.085s][info][gc,heap        ] GC(413) Eden regions: 1110->0(1118)
[2392.085s][info][gc,heap        ] GC(413) Survivor regions: 109->110(153)
[2392.085s][info][gc,heap        ] GC(413) Old regions: 537->472
[2392.085s][info][gc,heap        ] GC(413) Humongous regions: 80->80
[2392.085s][info][gc,metaspace   ] GC(413) Metaspace: 28933K(29248K)->28933K(29248K) NonClass: 24049K(24192K)->24049K(24192K) Class: 4883K(5056K)->4883K(5056K)
[2392.085s][info][gc             ] GC(413) Pause Young (Mixed) (G1 Evacuation Pause) 3670M->1322M(4096M) 131.781ms
[2392.085s][info][gc,cpu         ] GC(413) User=0.79s Sys=0.00s Real=0.13s
.....[2397.081s][info][gc,start       ] GC(414) Pause Young (Concurrent Start) (G1 Evacuation Pause)
[2397.082s][info][gc,task        ] GC(414) Using 6 workers of 6 for evacuation
[2397.202s][info][gc,phases      ] GC(414)   Pre Evacuate Collection Set: 0.41ms
[2397.202s][info][gc,phases      ] GC(414)   Merge Heap Roots: 0.53ms
[2397.202s][info][gc,phases      ] GC(414)   Evacuate Collection Set: 119.06ms
[2397.202s][info][gc,phases      ] GC(414)   Post Evacuate Collection Set: 0.82ms
[2397.202s][info][gc,phases      ] GC(414)   Other: 0.11ms
[2397.202s][info][gc,heap        ] GC(414) Eden regions: 1118->0(1116)
[2397.202s][info][gc,heap        ] GC(414) Survivor regions: 110->112(154)
[2397.202s][info][gc,heap        ] GC(414) Old regions: 472->504
[2397.202s][info][gc,heap        ] GC(414) Humongous regions: 80->80
[2397.203s][info][gc,metaspace   ] GC(414) Metaspace: 28933K(29248K)->28933K(29248K) NonClass: 24049K(24192K)->24049K(24192K) Class: 4883K(5056K)->4883K(5056K)
[2397.203s][info][gc             ] GC(414) Pause Young (Concurrent Start) (G1 Evacuation Pause) 3558M->1390M(4096M) 121.084ms
[2397.203s][info][gc             ] GC(415) Concurrent Mark Cycle
[2397.203s][info][gc,marking     ] GC(415) Concurrent Scan Root Regions
[2397.203s][info][gc,cpu         ] GC(414) User=0.72s Sys=0.00s Real=0.12s
[2397.356s][info][gc,marking     ] GC(415) Concurrent Scan Root Regions 153.687ms
[2397.356s][info][gc,marking     ] GC(415) Concurrent Mark
[2397.356s][info][gc,marking     ] GC(415) Concurrent Mark From Roots
[2397.356s][info][gc,task        ] GC(415) Using 2 workers of 2 for marking
.[2398.305s][info][gc,marking     ] GC(415) Concurrent Mark From Roots 948.699ms
[2398.305s][info][gc,marking     ] GC(415) Concurrent Preclean
[2398.305s][info][gc,marking     ] GC(415) Concurrent Preclean 0.041ms
[2398.305s][info][gc,start       ] GC(415) Pause Remark
[2398.308s][info][gc             ] GC(415) Pause Remark 1915M->1915M(4096M) 2.356ms
[2398.308s][info][gc,cpu         ] GC(415) User=0.01s Sys=0.00s Real=0.01s
[2398.308s][info][gc,marking     ] GC(415) Concurrent Mark 951.351ms
[2398.308s][info][gc,marking     ] GC(415) Concurrent Rebuild Remembered Sets and Scrub Regions
.[2398.544s][info][gc,marking     ] GC(415) Concurrent Rebuild Remembered Sets and Scrub Regions 236.764ms
[2398.545s][info][gc,start       ] GC(415) Pause Cleanup
[2398.545s][info][gc             ] GC(415) Pause Cleanup 2043M->2043M(4096M) 0.123ms
[2398.545s][info][gc,cpu         ] GC(415) User=0.00s Sys=0.00s Real=0.00s
[2398.545s][info][gc,marking     ] GC(415) Concurrent Clear Claimed Marks
[2398.545s][info][gc,marking     ] GC(415) Concurrent Clear Claimed Marks 0.029ms
[2398.545s][info][gc,marking     ] GC(415) Concurrent Cleanup for Next Mark
[2398.548s][info][gc,marking     ] GC(415) Concurrent Cleanup for Next Mark 3.418ms
[2398.548s][info][gc             ] GC(415) Concurrent Mark Cycle 1345.703ms
...[2402.062s][info][gc,start       ] GC(416) Pause Young (Prepare Mixed) (G1 Evacuation Pause)
[2402.062s][info][gc,task        ] GC(416) Using 6 workers of 6 for evacuation
[2402.179s][info][gc,phases      ] GC(416)   Pre Evacuate Collection Set: 0.33ms
[2402.179s][info][gc,phases      ] GC(416)   Merge Heap Roots: 0.54ms
[2402.179s][info][gc,phases      ] GC(416)   Evacuate Collection Set: 114.79ms
[2402.179s][info][gc,phases      ] GC(416)   Post Evacuate Collection Set: 0.93ms
[2402.179s][info][gc,phases      ] GC(416)   Other: 0.09ms
[2402.179s][info][gc,heap        ] GC(416) Eden regions: 1116->0(1114)
[2402.179s][info][gc,heap        ] GC(416) Survivor regions: 112->108(154)
[2402.179s][info][gc,heap        ] GC(416) Old regions: 504->535
[2402.179s][info][gc,heap        ] GC(416) Humongous regions: 80->80
[2402.179s][info][gc,metaspace   ] GC(416) Metaspace: 28933K(29248K)->28933K(29248K) NonClass: 24049K(24192K)->24049K(24192K) Class: 4883K(5056K)->4883K(5056K)
[2402.179s][info][gc             ] GC(416) Pause Young (Prepare Mixed) (G1 Evacuation Pause) 3622M->1444M(4096M) 116.811ms
[2402.179s][info][gc,cpu         ] GC(416) User=0.69s Sys=0.00s Real=0.12s
..... (rIR:aIR:PR = 3736:3737:3737) (tPR = 55252) [OK] 
  2406s: Performance info:
         Transaction,    Success,    Partial,     Failed,   Receipts, AvgBarcode, 
             Overall,     224398,          0,          0,     213177,      59.48, 
         Response times:
             Request,    Success,    Partial,     Failed,   SkipFail,     Probes,    Samples,      min,      p50,      p90,      p95,      p99,      max, 
       TotalPurchase,     213177,          0,          0,          0,     209684,     227065,      300,     3000,     5200,     7100,    33000,   207000,
     InStorePurchase,     112152,          0,          0,          0,     110537,     119513,      300,     3000,     5200,     7100,    33000,   207000,
      OnlinePurchase,      78559,          0,          0,          0,      77446,      83825,      300,     3100,     5300,     7200,    34000,   143000,
        InstPurchase,      22466,          0,          0,          0,      21701,      23727,      400,     3000,     5000,     6800,    30000,   185000,
          AssocOfCat,        223,          0,          0,          0,        163,        249,    18600,    28000,    38000,    46000,    88500,   151000,
      AssocOfProduct,       2247,          0,          0,          0,       2029,       2342,      700,     3500,     5600,     7900,    31000,   138000,
      BusinessReport,        564,          0,          0,          0,        472,        614,    21000,    32000,    47000,    61500,   169250,   206000,
          CustBuyBeh,       2242,          0,          0,          0,       2030,       2375,      200,     3300,     5600,     7500,    37000,   137000,
       ProductReturn,       5945,          0,          0,          0,       5640,       6386,      200,     2300,     4700,     6500,    31000,   141000,

  2406s: (28%)   IR =   3874 [2407.143s][info][gc,start       ] GC(417) Pause Young (Mixed) (G1 Evacuation Pause)
[2407.143s][info][gc,task        ] GC(417) Using 6 workers of 6 for evacuation
[2407.278s][info][gc,phases      ] GC(417)   Pre Evacuate Collection Set: 0.43ms
[2407.278s][info][gc,phases      ] GC(417)   Merge Heap Roots: 0.75ms
[2407.278s][info][gc,phases      ] GC(417)   Evacuate Collection Set: 132.46ms
[2407.278s][info][gc,phases      ] GC(417)   Post Evacuate Collection Set: 0.97ms
[2407.278s][info][gc,phases      ] GC(417)   Other: 0.09ms
[2407.278s][info][gc,heap        ] GC(417) Eden regions: 1114->0(1119)
[2407.278s][info][gc,heap        ] GC(417) Survivor regions: 108->109(153)
[2407.278s][info][gc,heap        ] GC(417) Old regions: 535->472
[2407.278s][info][gc,heap        ] GC(417) Humongous regions: 80->80
[2407.278s][info][gc,metaspace   ] GC(417) Metaspace: 28933K(29248K)->28933K(29248K) NonClass: 24049K(24192K)->24049K(24192K) Class: 4883K(5056K)->4883K(5056K)
[2407.278s][info][gc             ] GC(417) Pause Young (Mixed) (G1 Evacuation Pause) 3672M->1319M(4096M) 134.828ms
[2407.278s][info][gc,cpu         ] GC(417) User=0.80s Sys=0.00s Real=0.14s
....|.[2411.976s][info][gc,start       ] GC(418) Pause Young (Concurrent Start) (G1 Evacuation Pause)
[2411.976s][info][gc,task        ] GC(418) Using 6 workers of 6 for evacuation
[2412.095s][info][gc,phases      ] GC(418)   Pre Evacuate Collection Set: 0.41ms
[2412.095s][info][gc,phases      ] GC(418)   Merge Heap Roots: 0.55ms
[2412.095s][info][gc,phases      ] GC(418)   Evacuate Collection Set: 116.42ms
[2412.095s][info][gc,phases      ] GC(418)   Post Evacuate Collection Set: 0.89ms
[2412.095s][info][gc,phases      ] GC(418)   Other: 0.12ms
[2412.095s][info][gc,heap        ] GC(418) Eden regions: 1119->0(1118)
[2412.095s][info][gc,heap        ] GC(418) Survivor regions: 109->110(154)
[2412.095s][info][gc,heap        ] GC(418) Old regions: 472->504
[2412.095s][info][gc,heap        ] GC(418) Humongous regions: 80->80
[2412.095s][info][gc,metaspace   ] GC(418) Metaspace: 28933K(29248K)->28933K(29248K) NonClass: 24049K(24192K)->24049K(24192K) Class: 4883K(5056K)->4883K(5056K)
[2412.095s][info][gc             ] GC(418) Pause Young (Concurrent Start) (G1 Evacuation Pause) 3557M->1385M(4096M) 118.514ms
[2412.095s][info][gc             ] GC(419) Concurrent Mark Cycle
[2412.095s][info][gc,marking     ] GC(419) Concurrent Scan Root Regions
[2412.095s][info][gc,cpu         ] GC(418) User=0.70s Sys=0.00s Real=0.12s
[2412.260s][info][gc,marking     ] GC(419) Concurrent Scan Root Regions 165.633ms
[2412.260s][info][gc,marking     ] GC(419) Concurrent Mark
[2412.260s][info][gc,marking     ] GC(419) Concurrent Mark From Roots
[2412.260s][info][gc,task        ] GC(419) Using 2 workers of 2 for marking
.[2412.932s][info][gc,marking     ] GC(419) Concurrent Mark From Roots 671.155ms
[2412.932s][info][gc,marking     ] GC(419) Concurrent Preclean
[2412.932s][info][gc,marking     ] GC(419) Concurrent Preclean 0.057ms
[2412.933s][info][gc,start       ] GC(419) Pause Remark
[2412.936s][info][gc             ] GC(419) Pause Remark 1807M->1807M(4096M) 2.745ms
[2412.936s][info][gc,cpu         ] GC(419) User=0.01s Sys=0.00s Real=0.00s
[2412.936s][info][gc,marking     ] GC(419) Concurrent Mark 675.374ms
[2412.936s][info][gc,marking     ] GC(419) Concurrent Rebuild Remembered Sets and Scrub Regions
[2413.174s][info][gc,marking     ] GC(419) Concurrent Rebuild Remembered Sets and Scrub Regions 238.413ms
[2413.174s][info][gc,start       ] GC(419) Pause Cleanup
[2413.175s][info][gc             ] GC(419) Pause Cleanup 1918M->1918M(4096M) 0.139ms
[2413.175s][info][gc,cpu         ] GC(419) User=0.00s Sys=0.00s Real=0.00s
[2413.175s][info][gc,marking     ] GC(419) Concurrent Clear Claimed Marks
[2413.175s][info][gc,marking     ] GC(419) Concurrent Clear Claimed Marks 0.028ms
[2413.175s][info][gc,marking     ] GC(419) Concurrent Cleanup for Next Mark
[2413.178s][info][gc,marking     ] GC(419) Concurrent Cleanup for Next Mark 3.560ms
[2413.178s][info][gc             ] GC(419) Concurrent Mark Cycle 1083.507ms
....[2416.943s][info][gc,start       ] GC(420) Pause Young (Prepare Mixed) (G1 Evacuation Pause)
[2416.943s][info][gc,task        ] GC(420) Using 6 workers of 6 for evacuation
[2417.064s][info][gc,phases      ] GC(420)   Pre Evacuate Collection Set: 0.36ms
[2417.064s][info][gc,phases      ] GC(420)   Merge Heap Roots: 0.56ms
[2417.064s][info][gc,phases      ] GC(420)   Evacuate Collection Set: 118.86ms
[2417.064s][info][gc,phases      ] GC(420)   Post Evacuate Collection Set: 0.92ms
[2417.064s][info][gc,phases      ] GC(420)   Other: 0.09ms
[2417.064s][info][gc,heap        ] GC(420) Eden regions: 1118->0(1105)
[2417.064s][info][gc,heap        ] GC(420) Survivor regions: 110->112(154)
[2417.064s][info][gc,heap        ] GC(420) Old regions: 504->536
[2417.064s][info][gc,heap        ] GC(420) Humongous regions: 80->80
[2417.064s][info][gc,metaspace   ] GC(420) Metaspace: 28933K(29248K)->28933K(29248K) NonClass: 24049K(24192K)->24049K(24192K) Class: 4883K(5056K)->4883K(5056K)
[2417.064s][info][gc             ] GC(420) Pause Young (Prepare Mixed) (G1 Evacuation Pause) 3621M->1455M(4096M) 120.925ms
[2417.064s][info][gc,cpu         ] GC(420) User=0.72s Sys=0.00s Real=0.12s
.....[2421.776s][info][gc,start       ] GC(421) Pause Young (Mixed) (G1 Evacuation Pause)
[2421.776s][info][gc,task        ] GC(421) Using 6 workers of 6 for evacuation
[2421.912s][info][gc,phases      ] GC(421)   Pre Evacuate Collection Set: 0.40ms
[2421.912s][info][gc,phases      ] GC(421)   Merge Heap Roots: 0.80ms
[2421.912s][info][gc,phases      ] GC(421)   Evacuate Collection Set: 132.98ms
[2421.912s][info][gc,phases      ] GC(421)   Post Evacuate Collection Set: 0.98ms
[2421.912s][info][gc,phases      ] GC(421)   Other: 0.09ms
[2421.912s][info][gc,heap        ] GC(421) Eden regions: 1105->0(1117)
[2421.912s][info][gc,heap        ] GC(421) Survivor regions: 112->111(153)
[2421.912s][info][gc,heap        ] GC(421) Old regions: 536->473
[2421.912s][info][gc,heap        ] GC(421) Humongous regions: 80->80
[2421.912s][info][gc,metaspace   ] GC(421) Metaspace: 28933K(29248K)->28933K(29248K) NonClass: 24049K(24192K)->24049K(24192K) Class: 4883K(5056K)->4883K(5056K)
[2421.912s][info][gc             ] GC(421) Pause Young (Mixed) (G1 Evacuation Pause) 3665M->1325M(4096M) 135.387ms
[2421.912s][info][gc,cpu         ] GC(421) User=0.80s Sys=0.00s Real=0.14s
.....[2426.655s][info][gc,start       ] GC(422) Pause Young (Concurrent Start) (G1 Evacuation Pause)
[2426.655s][info][gc,task        ] GC(422) Using 6 workers of 6 for evacuation
[2426.773s][info][gc,phases      ] GC(422)   Pre Evacuate Collection Set: 0.41ms
[2426.773s][info][gc,phases      ] GC(422)   Merge Heap Roots: 0.49ms
[2426.773s][info][gc,phases      ] GC(422)   Evacuate Collection Set: 116.01ms
[2426.773s][info][gc,phases      ] GC(422)   Post Evacuate Collection Set: 0.88ms
[2426.773s][info][gc,phases      ] GC(422)   Other: 0.13ms
[2426.773s][info][gc,heap        ] GC(422) Eden regions: 1117->0(1118)
[2426.773s][info][gc,heap        ] GC(422) Survivor regions: 111->110(154)
[2426.773s][info][gc,heap        ] GC(422) Old regions: 473->505
[2426.773s][info][gc,heap        ] GC(422) Humongous regions: 80->80
[2426.773s][info][gc,metaspace   ] GC(422) Metaspace: 28933K(29248K)->28933K(29248K) NonClass: 24049K(24192K)->24049K(24192K) Class: 4883K(5056K)->4883K(5056K)
[2426.773s][info][gc             ] GC(422) Pause Young (Concurrent Start) (G1 Evacuation Pause) 3559M->1389M(4096M) 118.065ms
[2426.773s][info][gc             ] GC(423) Concurrent Mark Cycle
[2426.773s][info][gc,marking     ] GC(423) Concurrent Scan Root Regions
[2426.773s][info][gc,cpu         ] GC(422) User=0.70s Sys=0.00s Real=0.12s
[2426.929s][info][gc,marking     ] GC(423) Concurrent Scan Root Regions 155.624ms
[2426.929s][info][gc,marking     ] GC(423) Concurrent Mark
[2426.929s][info][gc,marking     ] GC(423) Concurrent Mark From Roots
[2426.929s][info][gc,task        ] GC(423) Using 2 workers of 2 for marking
.[2427.719s][info][gc,marking     ] GC(423) Concurrent Mark From Roots 789.634ms
[2427.719s][info][gc,marking     ] GC(423) Concurrent Preclean
[2427.719s][info][gc,marking     ] GC(423) Concurrent Preclean 0.036ms
[2427.719s][info][gc,start       ] GC(423) Pause Remark
[2427.722s][info][gc             ] GC(423) Pause Remark 1913M->1913M(4096M) 2.932ms
[2427.722s][info][gc,cpu         ] GC(423) User=0.02s Sys=0.00s Real=0.00s
[2427.722s][info][gc,marking     ] GC(423) Concurrent Mark 792.881ms
[2427.722s][info][gc,marking     ] GC(423) Concurrent Rebuild Remembered Sets and Scrub Regions
[2427.962s][info][gc,marking     ] GC(423) Concurrent Rebuild Remembered Sets and Scrub Regions 239.710ms
[2427.962s][info][gc,start       ] GC(423) Pause Cleanup
[2427.962s][info][gc             ] GC(423) Pause Cleanup 2008M->2008M(4096M) 0.120ms
[2427.962s][info][gc,cpu         ] GC(423) User=0.00s Sys=0.00s Real=0.00s
[2427.962s][info][gc,marking     ] GC(423) Concurrent Clear Claimed Marks
[2427.962s][info][gc,marking     ] GC(423) Concurrent Clear Claimed Marks 0.031ms
[2427.962s][info][gc,marking     ] GC(423) Concurrent Cleanup for Next Mark
[2427.965s][info][gc,marking     ] GC(423) Concurrent Cleanup for Next Mark 3.174ms
[2427.965s][info][gc             ] GC(423) Concurrent Mark Cycle 1191.836ms
...[2431.481s][info][gc,start       ] GC(424) Pause Young (Prepare Mixed) (G1 Evacuation Pause)
[2431.481s][info][gc,task        ] GC(424) Using 6 workers of 6 for evacuation
[2431.601s][info][gc,phases      ] GC(424)   Pre Evacuate Collection Set: 0.34ms
[2431.601s][info][gc,phases      ] GC(424)   Merge Heap Roots: 0.53ms
[2431.601s][info][gc,phases      ] GC(424)   Evacuate Collection Set: 117.81ms
[2431.601s][info][gc,phases      ] GC(424)   Post Evacuate Collection Set: 0.98ms
[2431.601s][info][gc,phases      ] GC(424)   Other: 0.10ms
[2431.601s][info][gc,heap        ] GC(424) Eden regions: 1118->0(1106)
[2431.601s][info][gc,heap        ] GC(424) Survivor regions: 110->111(154)
[2431.601s][info][gc,heap        ] GC(424) Old regions: 505->537
[2431.601s][info][gc,heap        ] GC(424) Humongous regions: 80->80
[2431.601s][info][gc,metaspace   ] GC(424) Metaspace: 28933K(29248K)->28933K(29248K) NonClass: 24049K(24192K)->24049K(24192K) Class: 4883K(5056K)->4883K(5056K)
[2431.601s][info][gc             ] GC(424) Pause Young (Prepare Mixed) (G1 Evacuation Pause) 3625M->1455M(4096M) 119.900ms
[2431.601s][info][gc,cpu         ] GC(424) User=0.71s Sys=0.00s Real=0.12s
.....[2436.402s][info][gc,start       ] GC(425) Pause Young (Mixed) (G1 Evacuation Pause)
[2436.402s][info][gc,task        ] GC(425) Using 6 workers of 6 for evacuation
[2436.535s][info][gc,phases      ] GC(425)   Pre Evacuate Collection Set: 0.39ms
[2436.535s][info][gc,phases      ] GC(425)   Merge Heap Roots: 0.76ms
[2436.535s][info][gc,phases      ] GC(425)   Evacuate Collection Set: 131.09ms
[2436.535s][info][gc,phases      ] GC(425)   Post Evacuate Collection Set: 0.97ms
[2436.535s][info][gc,phases      ] GC(425)   Other: 0.09ms
[2436.535s][info][gc,heap        ] GC(425) Eden regions: 1106->0(1119)
[2436.535s][info][gc,heap        ] GC(425) Survivor regions: 111->109(153)
[2436.535s][info][gc,heap        ] GC(425) Old regions: 537->472
[2436.535s][info][gc,heap        ] GC(425) Humongous regions: 80->80
[2436.535s][info][gc,metaspace   ] GC(425) Metaspace: 28933K(29248K)->28933K(29248K) NonClass: 24049K(24192K)->24049K(24192K) Class: 4883K(5056K)->4883K(5056K)
[2436.535s][info][gc             ] GC(425) Pause Young (Mixed) (G1 Evacuation Pause) 3667M->1320M(4096M) 133.422ms
[2436.535s][info][gc,cpu         ] GC(425) User=0.79s Sys=0.01s Real=0.13s
.....[2441.315s][info][gc,start       ] GC(426) Pause Young (Concurrent Start) (G1 Evacuation Pause)
[2441.316s][info][gc,task        ] GC(426) Using 6 workers of 6 for evacuation
[2441.432s][info][gc,phases      ] GC(426)   Pre Evacuate Collection Set: 0.43ms
[2441.432s][info][gc,phases      ] GC(426)   Merge Heap Roots: 0.53ms
[2441.432s][info][gc,phases      ] GC(426)   Evacuate Collection Set: 114.34ms
[2441.432s][info][gc,phases      ] GC(426)   Post Evacuate Collection Set: 0.92ms
[2441.432s][info][gc,phases      ] GC(426)   Other: 0.13ms
[2441.432s][info][gc,heap        ] GC(426) Eden regions: 1119->0(1118)
[2441.432s][info][gc,heap        ] GC(426) Survivor regions: 109->110(154)
[2441.432s][info][gc,heap        ] GC(426) Old regions: 472->503
[2441.432s][info][gc,heap        ] GC(426) Humongous regions: 80->80
[2441.432s][info][gc,metaspace   ] GC(426) Metaspace: 28933K(29248K)->28933K(29248K) NonClass: 24049K(24192K)->24049K(24192K) Class: 4883K(5056K)->4883K(5056K)
[2441.432s][info][gc             ] GC(426) Pause Young (Concurrent Start) (G1 Evacuation Pause) 3558M->1384M(4096M) 116.472ms
[2441.432s][info][gc             ] GC(427) Concurrent Mark Cycle
[2441.432s][info][gc,marking     ] GC(427) Concurrent Scan Root Regions
[2441.432s][info][gc,cpu         ] GC(426) User=0.69s Sys=0.00s Real=0.12s
[2441.594s][info][gc,marking     ] GC(427) Concurrent Scan Root Regions 161.777ms
[2441.594s][info][gc,marking     ] GC(427) Concurrent Mark
[2441.594s][info][gc,marking     ] GC(427) Concurrent Mark From Roots
[2441.594s][info][gc,task        ] GC(427) Using 2 workers of 2 for marking
.[2442.348s][info][gc,marking     ] GC(427) Concurrent Mark From Roots 754.171ms
[2442.348s][info][gc,marking     ] GC(427) Concurrent Preclean
[2442.348s][info][gc,marking     ] GC(427) Concurrent Preclean 0.039ms
[2442.348s][info][gc,start       ] GC(427) Pause Remark
[2442.351s][info][gc             ] GC(427) Pause Remark 1893M->1893M(4096M) 3.073ms
[2442.351s][info][gc,cpu         ] GC(427) User=0.02s Sys=0.00s Real=0.00s
[2442.351s][info][gc,marking     ] GC(427) Concurrent Mark 757.541ms
[2442.351s][info][gc,marking     ] GC(427) Concurrent Rebuild Remembered Sets and Scrub Regions
[2442.585s][info][gc,marking     ] GC(427) Concurrent Rebuild Remembered Sets and Scrub Regions 233.787ms
[2442.585s][info][gc,start       ] GC(427) Pause Cleanup
[2442.585s][info][gc             ] GC(427) Pause Cleanup 1974M->1974M(4096M) 0.129ms
[2442.585s][info][gc,cpu         ] GC(427) User=0.00s Sys=0.00s Real=0.00s
[2442.585s][info][gc,marking     ] GC(427) Concurrent Clear Claimed Marks
[2442.585s][info][gc,marking     ] GC(427) Concurrent Clear Claimed Marks 0.026ms
[2442.586s][info][gc,marking     ] GC(427) Concurrent Cleanup for Next Mark
[2442.589s][info][gc,marking     ] GC(427) Concurrent Cleanup for Next Mark 3.166ms
[2442.589s][info][gc             ] GC(427) Concurrent Mark Cycle 1156.701ms
....[2446.208s][info][gc,start       ] GC(428) Pause Young (Prepare Mixed) (G1 Evacuation Pause)
[2446.208s][info][gc,task        ] GC(428) Using 6 workers of 6 for evacuation
[2446.325s][info][gc,phases      ] GC(428)   Pre Evacuate Collection Set: 0.34ms
[2446.325s][info][gc,phases      ] GC(428)   Merge Heap Roots: 0.61ms
[2446.325s][info][gc,phases      ] GC(428)   Evacuate Collection Set: 115.40ms
[2446.325s][info][gc,phases      ] GC(428)   Post Evacuate Collection Set: 0.92ms
[2446.325s][info][gc,phases      ] GC(428)   Other: 0.08ms
[2446.325s][info][gc,heap        ] GC(428) Eden regions: 1118->0(1112)
[2446.325s][info][gc,heap        ] GC(428) Survivor regions: 110->109(154)
[2446.325s][info][gc,heap        ] GC(428) Old regions: 503->535
[2446.325s][info][gc,heap        ] GC(428) Humongous regions: 80->80
[2446.325s][info][gc,metaspace   ] GC(428) Metaspace: 28933K(29248K)->28933K(29248K) NonClass: 24049K(24192K)->24049K(24192K) Class: 4883K(5056K)->4883K(5056K)
[2446.325s][info][gc             ] GC(428) Pause Young (Prepare Mixed) (G1 Evacuation Pause) 3620M->1446M(4096M) 117.497ms
[2446.325s][info][gc,cpu         ] GC(428) User=0.70s Sys=0.01s Real=0.11s
.....[2451.060s][info][gc,start       ] GC(429) Pause Young (Mixed) (G1 Evacuation Pause)
[2451.060s][info][gc,task        ] GC(429) Using 6 workers of 6 for evacuation
[2451.200s][info][gc,phases      ] GC(429)   Pre Evacuate Collection Set: 0.36ms
[2451.200s][info][gc,phases      ] GC(429)   Merge Heap Roots: 0.66ms
[2451.200s][info][gc,phases      ] GC(429)   Evacuate Collection Set: 138.06ms
[2451.200s][info][gc,phases      ] GC(429)   Post Evacuate Collection Set: 0.98ms
[2451.200s][info][gc,phases      ] GC(429)   Other: 0.09ms
[2451.200s][info][gc,heap        ] GC(429) Eden regions: 1112->0(1113)
[2451.200s][info][gc,heap        ] GC(429) Survivor regions: 109->115(153)
[2451.200s][info][gc,heap        ] GC(429) Old regions: 535->470
[2451.200s][info][gc,heap        ] GC(429) Humongous regions: 80->80
[2451.200s][info][gc,metaspace   ] GC(429) Metaspace: 28933K(29248K)->28933K(29248K) NonClass: 24049K(24192K)->24049K(24192K) Class: 4883K(5056K)->4883K(5056K)
[2451.200s][info][gc             ] GC(429) Pause Young (Mixed) (G1 Evacuation Pause) 3670M->1329M(4096M) 140.278ms
[2451.200s][info][gc,cpu         ] GC(429) User=0.83s Sys=0.00s Real=0.14s
.....[2455.925s][info][gc,start       ] GC(430) Pause Young (Concurrent Start) (G1 Evacuation Pause)
[2455.925s][info][gc,task        ] GC(430) Using 6 workers of 6 for evacuation
[2456.040s][info][gc,phases      ] GC(430)   Pre Evacuate Collection Set: 0.39ms
[2456.040s][info][gc,phases      ] GC(430)   Merge Heap Roots: 0.52ms
[2456.040s][info][gc,phases      ] GC(430)   Evacuate Collection Set: 113.37ms
[2456.040s][info][gc,phases      ] GC(430)   Post Evacuate Collection Set: 0.90ms
[2456.040s][info][gc,phases      ] GC(430)   Other: 0.12ms
[2456.040s][info][gc,heap        ] GC(430) Eden regions: 1113->0(1121)
[2456.040s][info][gc,heap        ] GC(430) Survivor regions: 115->107(154)
[2456.040s][info][gc,heap        ] GC(430) Old regions: 470->502
[2456.040s][info][gc,heap        ] GC(430) Humongous regions: 80->80
[2456.040s][info][gc,metaspace   ] GC(430) Metaspace: 28933K(29248K)->28933K(29248K) NonClass: 24049K(24192K)->24049K(24192K) Class: 4883K(5056K)->4883K(5056K)
[2456.040s][info][gc             ] GC(430) Pause Young (Concurrent Start) (G1 Evacuation Pause) 3555M->1377M(4096M) 115.449ms
[2456.040s][info][gc             ] GC(431) Concurrent Mark Cycle
[2456.040s][info][gc,marking     ] GC(431) Concurrent Scan Root Regions
[2456.040s][info][gc,cpu         ] GC(430) User=0.68s Sys=0.00s Real=0.12s
[2456.212s][info][gc,marking     ] GC(431) Concurrent Scan Root Regions 171.023ms
[2456.212s][info][gc,marking     ] GC(431) Concurrent Mark
[2456.212s][info][gc,marking     ] GC(431) Concurrent Mark From Roots
[2456.212s][info][gc,task        ] GC(431) Using 2 workers of 2 for marking
.[2456.919s][info][gc,marking     ] GC(431) Concurrent Mark From Roots 707.256ms
[2456.919s][info][gc,marking     ] GC(431) Concurrent Preclean
[2456.919s][info][gc,marking     ] GC(431) Concurrent Preclean 0.044ms
[2456.919s][info][gc,start       ] GC(431) Pause Remark
[2456.922s][info][gc             ] GC(431) Pause Remark 1853M->1853M(4096M) 2.598ms
[2456.922s][info][gc,cpu         ] GC(431) User=0.02s Sys=0.00s Real=0.00s
[2456.922s][info][gc,marking     ] GC(431) Concurrent Mark 710.132ms
[2456.922s][info][gc,marking     ] GC(431) Concurrent Rebuild Remembered Sets and Scrub Regions
[2457.161s][info][gc,marking     ] GC(431) Concurrent Rebuild Remembered Sets and Scrub Regions 239.753ms
[2457.162s][info][gc,start       ] GC(431) Pause Cleanup
[2457.162s][info][gc             ] GC(431) Pause Cleanup 1950M->1950M(4096M) 0.127ms
[2457.162s][info][gc,cpu         ] GC(431) User=0.00s Sys=0.00s Real=0.00s
[2457.162s][info][gc,marking     ] GC(431) Concurrent Clear Claimed Marks
[2457.162s][info][gc,marking     ] GC(431) Concurrent Clear Claimed Marks 0.031ms
[2457.162s][info][gc,marking     ] GC(431) Concurrent Cleanup for Next Mark
[2457.166s][info][gc,marking     ] GC(431) Concurrent Cleanup for Next Mark 3.853ms
[2457.166s][info][gc             ] GC(431) Concurrent Mark Cycle 1125.302ms
....[2460.825s][info][gc,start       ] GC(432) Pause Young (Prepare Mixed) (G1 Evacuation Pause)
[2460.825s][info][gc,task        ] GC(432) Using 6 workers of 6 for evacuation
[2460.940s][info][gc,phases      ] GC(432)   Pre Evacuate Collection Set: 0.33ms
[2460.940s][info][gc,phases      ] GC(432)   Merge Heap Roots: 0.54ms
[2460.940s][info][gc,phases      ] GC(432)   Evacuate Collection Set: 113.19ms
[2460.940s][info][gc,phases      ] GC(432)   Post Evacuate Collection Set: 0.91ms
[2460.940s][info][gc,phases      ] GC(432)   Other: 0.09ms
[2460.940s][info][gc,heap        ] GC(432) Eden regions: 1121->0(1114)
[2460.940s][info][gc,heap        ] GC(432) Survivor regions: 107->108(154)
[2460.940s][info][gc,heap        ] GC(432) Old regions: 502->535
[2460.940s][info][gc,heap        ] GC(432) Humongous regions: 80->80
[2460.940s][info][gc,metaspace   ] GC(432) Metaspace: 28933K(29248K)->28933K(29248K) NonClass: 24049K(24192K)->24049K(24192K) Class: 4883K(5056K)->4883K(5056K)
[2460.940s][info][gc             ] GC(432) Pause Young (Prepare Mixed) (G1 Evacuation Pause) 3619M->1443M(4096M) 115.202ms
[2460.940s][info][gc,cpu         ] GC(432) User=0.68s Sys=0.00s Real=0.12s
.....[2465.706s][info][gc,start       ] GC(433) Pause Young (Mixed) (G1 Evacuation Pause)
[2465.706s][info][gc,task        ] GC(433) Using 6 workers of 6 for evacuation
[2465.837s][info][gc,phases      ] GC(433)   Pre Evacuate Collection Set: 0.42ms
[2465.837s][info][gc,phases      ] GC(433)   Merge Heap Roots: 0.71ms
[2465.837s][info][gc,phases      ] GC(433)   Evacuate Collection Set: 128.72ms
[2465.837s][info][gc,phases      ] GC(433)   Post Evacuate Collection Set: 1.01ms
[2465.837s][info][gc,phases      ] GC(433)   Other: 0.09ms
[2465.837s][info][gc,heap        ] GC(433) Eden regions: 1114->0(1120)
[2465.837s][info][gc,heap        ] GC(433) Survivor regions: 108->108(153)
[2465.837s][info][gc,heap        ] GC(433) Old regions: 535->471
[2465.837s][info][gc,heap        ] GC(433) Humongous regions: 80->80
[2465.837s][info][gc,metaspace   ] GC(433) Metaspace: 28933K(29248K)->28933K(29248K) NonClass: 24049K(24192K)->24049K(24192K) Class: 4883K(5056K)->4883K(5056K)
[2465.837s][info][gc             ] GC(433) Pause Young (Mixed) (G1 Evacuation Pause) 3671M->1316M(4096M) 131.102ms
[2465.837s][info][gc,cpu         ] GC(433) User=0.78s Sys=0.00s Real=0.14s
....[2470.561s][info][gc,start       ] GC(434) Pause Young (Concurrent Start) (G1 Evacuation Pause)
[2470.561s][info][gc,task        ] GC(434) Using 6 workers of 6 for evacuation
[2470.683s][info][gc,phases      ] GC(434)   Pre Evacuate Collection Set: 0.41ms
[2470.683s][info][gc,phases      ] GC(434)   Merge Heap Roots: 0.54ms
[2470.683s][info][gc,phases      ] GC(434)   Evacuate Collection Set: 120.47ms
[2470.683s][info][gc,phases      ] GC(434)   Post Evacuate Collection Set: 0.90ms
[2470.683s][info][gc,phases      ] GC(434)   Other: 0.13ms
[2470.683s][info][gc,heap        ] GC(434) Eden regions: 1120->0(1114)
[2470.683s][info][gc,heap        ] GC(434) Survivor regions: 108->114(154)
[2470.683s][info][gc,heap        ] GC(434) Old regions: 471->504
[2470.683s][info][gc,heap        ] GC(434) Humongous regions: 80->80
[2470.683s][info][gc,metaspace   ] GC(434) Metaspace: 28933K(29248K)->28933K(29248K) NonClass: 24049K(24192K)->24049K(24192K) Class: 4883K(5056K)->4883K(5056K)
[2470.683s][info][gc             ] GC(434) Pause Young (Concurrent Start) (G1 Evacuation Pause) 3556M->1394M(4096M) 122.578ms
[2470.683s][info][gc             ] GC(435) Concurrent Mark Cycle
[2470.683s][info][gc,marking     ] GC(435) Concurrent Scan Root Regions
[2470.683s][info][gc,cpu         ] GC(434) User=0.73s Sys=0.00s Real=0.12s
. (rIR:aIR:PR = 3874:3865:3865) (tPR = 57691) [OK] 
  2470s: Performance info:
         Transaction,    Success,    Partial,     Failed,   Receipts, AvgBarcode, 
             Overall,     232694,          0,          0,     221052,      59.47, 
         Response times:
             Request,    Success,    Partial,     Failed,   SkipFail,     Probes,    Samples,      min,      p50,      p90,      p95,      p99,      max, 
       TotalPurchase,     221048,          0,          0,          0,     216753,     232898,      300,     3100,     5400,     7300,    38000,   187000,
     InStorePurchase,     116308,          0,          0,          0,     114231,     122527,      300,     3200,     5400,     7300,    39000,   187000,
      OnlinePurchase,      81463,          0,          0,          0,      79818,      85633,      300,     3100,     5400,     7600,    38000,   187000,
        InstPurchase,      23277,          0,          0,          0,      22704,      24738,      400,     3000,     5400,     7100,    37000,   173000,
          AssocOfCat,        232,          0,          0,          0,        174,        258,    21000,    30000,    43400,    66050,   137810,   178000,
      AssocOfProduct,       2322,          0,          0,          0,       2126,       2427,      600,     3700,     5900,     9260,    46000,   137000,
      BusinessReport,        580,          0,          0,          0,        493,        645,    19800,    32000,    50000,    61700,   171720,   191000,
          CustBuyBeh,       2329,          0,          0,          0,       2124,       2458,      300,     2100,     3700,     5100,    23410,   119000,
       ProductReturn,       6178,          0,          0,          0,       5818,       6411,      200,     2000,     4400,     5700,    27000,   138000,

  2470s: (29%)   IR =   4013 [2470.834s][info][gc,marking     ] GC(435) Concurrent Scan Root Regions 151.068ms
[2470.834s][info][gc,marking     ] GC(435) Concurrent Mark
[2470.834s][info][gc,marking     ] GC(435) Concurrent Mark From Roots
[2470.834s][info][gc,task        ] GC(435) Using 2 workers of 2 for marking
[2471.438s][info][gc,marking     ] GC(435) Concurrent Mark From Roots 604.006ms
[2471.438s][info][gc,marking     ] GC(435) Concurrent Preclean
[2471.438s][info][gc,marking     ] GC(435) Concurrent Preclean 0.045ms
[2471.439s][info][gc,start       ] GC(435) Pause Remark
[2471.441s][info][gc             ] GC(435) Pause Remark 1746M->1746M(4096M) 2.673ms
[2471.441s][info][gc,cpu         ] GC(435) User=0.01s Sys=0.00s Real=0.00s
[2471.441s][info][gc,marking     ] GC(435) Concurrent Mark 607.006ms
[2471.441s][info][gc,marking     ] GC(435) Concurrent Rebuild Remembered Sets and Scrub Regions
[2471.702s][info][gc,marking     ] GC(435) Concurrent Rebuild Remembered Sets and Scrub Regions 261.002ms
[2471.703s][info][gc,start       ] GC(435) Pause Cleanup
[2471.703s][info][gc             ] GC(435) Pause Cleanup 1874M->1874M(4096M) 0.143ms
[2471.703s][info][gc,cpu         ] GC(435) User=0.00s Sys=0.00s Real=0.00s
[2471.703s][info][gc,marking     ] GC(435) Concurrent Clear Claimed Marks
[2471.703s][info][gc,marking     ] GC(435) Concurrent Clear Claimed Marks 0.028ms
[2471.703s][info][gc,marking     ] GC(435) Concurrent Cleanup for Next Mark
[2471.706s][info][gc,marking     ] GC(435) Concurrent Cleanup for Next Mark 3.252ms
[2471.706s][info][gc             ] GC(435) Concurrent Mark Cycle 1022.860ms
....[2475.364s][info][gc,start       ] GC(436) Pause Young (Prepare Mixed) (G1 Evacuation Pause)
[2475.364s][info][gc,task        ] GC(436) Using 6 workers of 6 for evacuation
[2475.486s][info][gc,phases      ] GC(436)   Pre Evacuate Collection Set: 0.35ms
[2475.486s][info][gc,phases      ] GC(436)   Merge Heap Roots: 0.55ms
[2475.486s][info][gc,phases      ] GC(436)   Evacuate Collection Set: 119.72ms
[2475.486s][info][gc,phases      ] GC(436)   Post Evacuate Collection Set: 0.92ms
[2475.486s][info][gc,phases      ] GC(436)   Other: 0.09ms
[2475.486s][info][gc,heap        ] GC(436) Eden regions: 1114->0(1109)
[2475.486s][info][gc,heap        ] GC(436) Survivor regions: 114->110(154)
[2475.486s][info][gc,heap        ] GC(436) Old regions: 504->536
[2475.486s][info][gc,heap        ] GC(436) Humongous regions: 80->80
[2475.486s][info][gc,metaspace   ] GC(436) Metaspace: 28933K(29248K)->28933K(29248K) NonClass: 24049K(24192K)->24049K(24192K) Class: 4883K(5056K)->4883K(5056K)
[2475.486s][info][gc             ] GC(436) Pause Young (Prepare Mixed) (G1 Evacuation Pause) 3622M->1450M(4096M) 121.759ms
[2475.486s][info][gc,cpu         ] GC(436) User=0.72s Sys=0.00s Real=0.12s
..|...[2480.068s][info][gc,start       ] GC(437) Pause Young (Mixed) (G1 Evacuation Pause)
[2480.069s][info][gc,task        ] GC(437) Using 6 workers of 6 for evacuation
[2480.198s][info][gc,phases      ] GC(437)   Pre Evacuate Collection Set: 0.40ms
[2480.198s][info][gc,phases      ] GC(437)   Merge Heap Roots: 0.60ms
[2480.198s][info][gc,phases      ] GC(437)   Evacuate Collection Set: 127.76ms
[2480.198s][info][gc,phases      ] GC(437)   Post Evacuate Collection Set: 0.95ms
[2480.198s][info][gc,phases      ] GC(437)   Other: 0.09ms
[2480.198s][info][gc,heap        ] GC(437) Eden regions: 1109->0(1120)
[2480.198s][info][gc,heap        ] GC(437) Survivor regions: 110->108(153)
[2480.198s][info][gc,heap        ] GC(437) Old regions: 536->470
[2480.198s][info][gc,heap        ] GC(437) Humongous regions: 80->80
[2480.198s][info][gc,metaspace   ] GC(437) Metaspace: 28933K(29248K)->28933K(29248K) NonClass: 24049K(24192K)->24049K(24192K) Class: 4883K(5056K)->4883K(5056K)
[2480.198s][info][gc             ] GC(437) Pause Young (Mixed) (G1 Evacuation Pause) 3668M->1314M(4096M) 129.942ms
[2480.198s][info][gc,cpu         ] GC(437) User=0.78s Sys=0.00s Real=0.13s
.....[2484.837s][info][gc,start       ] GC(438) Pause Young (Concurrent Start) (G1 Evacuation Pause)
[2484.837s][info][gc,task        ] GC(438) Using 6 workers of 6 for evacuation
[2484.953s][info][gc,phases      ] GC(438)   Pre Evacuate Collection Set: 0.42ms
[2484.953s][info][gc,phases      ] GC(438)   Merge Heap Roots: 0.48ms
[2484.953s][info][gc,phases      ] GC(438)   Evacuate Collection Set: 114.27ms
[2484.953s][info][gc,phases      ] GC(438)   Post Evacuate Collection Set: 0.91ms
[2484.953s][info][gc,phases      ] GC(438)   Other: 0.11ms
[2484.953s][info][gc,heap        ] GC(438) Eden regions: 1120->0(1118)
[2484.953s][info][gc,heap        ] GC(438) Survivor regions: 108->110(154)
[2484.953s][info][gc,heap        ] GC(438) Old regions: 470->502
[2484.953s][info][gc,heap        ] GC(438) Humongous regions: 80->80
[2484.953s][info][gc,metaspace   ] GC(438) Metaspace: 28933K(29248K)->28933K(29248K) NonClass: 24049K(24192K)->24049K(24192K) Class: 4883K(5056K)->4883K(5056K)
[2484.953s][info][gc             ] GC(438) Pause Young (Concurrent Start) (G1 Evacuation Pause) 3554M->1381M(4096M) 116.319ms
[2484.953s][info][gc             ] GC(439) Concurrent Mark Cycle
[2484.953s][info][gc,marking     ] GC(439) Concurrent Scan Root Regions
[2484.953s][info][gc,cpu         ] GC(438) User=0.69s Sys=0.00s Real=0.12s
[2485.096s][info][gc,marking     ] GC(439) Concurrent Scan Root Regions 142.463ms
[2485.096s][info][gc,marking     ] GC(439) Concurrent Mark
[2485.096s][info][gc,marking     ] GC(439) Concurrent Mark From Roots
[2485.096s][info][gc,task        ] GC(439) Using 2 workers of 2 for marking
[2485.713s][info][gc,marking     ] GC(439) Concurrent Mark From Roots 616.942ms
[2485.713s][info][gc,marking     ] GC(439) Concurrent Preclean
[2485.713s][info][gc,marking     ] GC(439) Concurrent Preclean 0.056ms
[2485.713s][info][gc,start       ] GC(439) Pause Remark
[2485.715s][info][gc             ] GC(439) Pause Remark 1808M->1808M(4096M) 2.405ms
[2485.715s][info][gc,cpu         ] GC(439) User=0.01s Sys=0.00s Real=0.00s
[2485.715s][info][gc,marking     ] GC(439) Concurrent Mark 619.643ms
[2485.715s][info][gc,marking     ] GC(439) Concurrent Rebuild Remembered Sets and Scrub Regions
.[2485.951s][info][gc,marking     ] GC(439) Concurrent Rebuild Remembered Sets and Scrub Regions 235.363ms
[2485.951s][info][gc,start       ] GC(439) Pause Cleanup
[2485.951s][info][gc             ] GC(439) Pause Cleanup 1935M->1935M(4096M) 0.129ms
[2485.951s][info][gc,cpu         ] GC(439) User=0.00s Sys=0.00s Real=0.00s
[2485.951s][info][gc,marking     ] GC(439) Concurrent Clear Claimed Marks
[2485.951s][info][gc,marking     ] GC(439) Concurrent Clear Claimed Marks 0.032ms
[2485.951s][info][gc,marking     ] GC(439) Concurrent Cleanup for Next Mark
[2485.955s][info][gc,marking     ] GC(439) Concurrent Cleanup for Next Mark 3.941ms
[2485.955s][info][gc             ] GC(439) Concurrent Mark Cycle 1001.946ms
...[2489.575s][info][gc,start       ] GC(440) Pause Young (Prepare Mixed) (G1 Evacuation Pause)
[2489.575s][info][gc,task        ] GC(440) Using 6 workers of 6 for evacuation
[2489.694s][info][gc,phases      ] GC(440)   Pre Evacuate Collection Set: 0.38ms
[2489.694s][info][gc,phases      ] GC(440)   Merge Heap Roots: 0.60ms
[2489.694s][info][gc,phases      ] GC(440)   Evacuate Collection Set: 116.90ms
[2489.694s][info][gc,phases      ] GC(440)   Post Evacuate Collection Set: 0.93ms
[2489.694s][info][gc,phases      ] GC(440)   Other: 0.09ms
[2489.694s][info][gc,heap        ] GC(440) Eden regions: 1118->0(1111)
[2489.694s][info][gc,heap        ] GC(440) Survivor regions: 110->110(154)
[2489.694s][info][gc,heap        ] GC(440) Old regions: 502->534
[2489.694s][info][gc,heap        ] GC(440) Humongous regions: 80->80
[2489.694s][info][gc,metaspace   ] GC(440) Metaspace: 28933K(29248K)->28933K(29248K) NonClass: 24049K(24192K)->24049K(24192K) Class: 4883K(5056K)->4883K(5056K)
[2489.694s][info][gc             ] GC(440) Pause Young (Prepare Mixed) (G1 Evacuation Pause) 3617M->1446M(4096M) 119.038ms
[2489.694s][info][gc,cpu         ] GC(440) User=0.71s Sys=0.00s Real=0.12s
.....[2494.221s][info][gc,start       ] GC(441) Pause Young (Mixed) (G1 Evacuation Pause)
[2494.221s][info][gc,task        ] GC(441) Using 6 workers of 6 for evacuation
[2494.355s][info][gc,phases      ] GC(441)   Pre Evacuate Collection Set: 0.37ms
[2494.355s][info][gc,phases      ] GC(441)   Merge Heap Roots: 0.72ms
[2494.355s][info][gc,phases      ] GC(441)   Evacuate Collection Set: 131.48ms
[2494.355s][info][gc,phases      ] GC(441)   Post Evacuate Collection Set: 0.97ms
[2494.355s][info][gc,phases      ] GC(441)   Other: 0.10ms
[2494.355s][info][gc,heap        ] GC(441) Eden regions: 1111->0(1119)
[2494.355s][info][gc,heap        ] GC(441) Survivor regions: 110->109(153)
[2494.355s][info][gc,heap        ] GC(441) Old regions: 534->470
[2494.355s][info][gc,heap        ] GC(441) Humongous regions: 80->80
[2494.355s][info][gc,metaspace   ] GC(441) Metaspace: 28933K(29248K)->28933K(29248K) NonClass: 24049K(24192K)->24049K(24192K) Class: 4883K(5056K)->4883K(5056K)
[2494.355s][info][gc             ] GC(441) Pause Young (Mixed) (G1 Evacuation Pause) 3668M->1317M(4096M) 133.769ms
[2494.355s][info][gc,cpu         ] GC(441) User=0.80s Sys=0.00s Real=0.13s
.....[2498.921s][info][gc,start       ] GC(442) Pause Young (Concurrent Start) (G1 Evacuation Pause)
[2498.921s][info][gc,task        ] GC(442) Using 6 workers of 6 for evacuation
[2499.041s][info][gc,phases      ] GC(442)   Pre Evacuate Collection Set: 0.40ms
[2499.041s][info][gc,phases      ] GC(442)   Merge Heap Roots: 0.52ms
[2499.041s][info][gc,phases      ] GC(442)   Evacuate Collection Set: 117.95ms
[2499.041s][info][gc,phases      ] GC(442)   Post Evacuate Collection Set: 0.91ms
[2499.041s][info][gc,phases      ] GC(442)   Other: 0.14ms
[2499.041s][info][gc,heap        ] GC(442) Eden regions: 1119->0(1117)
[2499.041s][info][gc,heap        ] GC(442) Survivor regions: 109->111(154)
[2499.041s][info][gc,heap        ] GC(442) Old regions: 470->503
[2499.041s][info][gc,heap        ] GC(442) Humongous regions: 80->80
[2499.041s][info][gc,metaspace   ] GC(442) Metaspace: 28933K(29248K)->28933K(29248K) NonClass: 24049K(24192K)->24049K(24192K) Class: 4883K(5056K)->4883K(5056K)
[2499.041s][info][gc             ] GC(442) Pause Young (Concurrent Start) (G1 Evacuation Pause) 3555M->1385M(4096M) 120.055ms
[2499.041s][info][gc             ] GC(443) Concurrent Mark Cycle
[2499.041s][info][gc,marking     ] GC(443) Concurrent Scan Root Regions
[2499.041s][info][gc,cpu         ] GC(442) User=0.72s Sys=0.00s Real=0.12s
[2499.197s][info][gc,marking     ] GC(443) Concurrent Scan Root Regions 155.418ms
[2499.197s][info][gc,marking     ] GC(443) Concurrent Mark
[2499.197s][info][gc,marking     ] GC(443) Concurrent Mark From Roots
[2499.197s][info][gc,task        ] GC(443) Using 2 workers of 2 for marking
.[2499.835s][info][gc,marking     ] GC(443) Concurrent Mark From Roots 638.700ms
[2499.835s][info][gc,marking     ] GC(443) Concurrent Preclean
[2499.835s][info][gc,marking     ] GC(443) Concurrent Preclean 0.044ms
[2499.836s][info][gc,start       ] GC(443) Pause Remark
[2499.838s][info][gc             ] GC(443) Pause Remark 1839M->1839M(4096M) 2.650ms
[2499.838s][info][gc,cpu         ] GC(443) User=0.02s Sys=0.00s Real=0.01s
[2499.838s][info][gc,marking     ] GC(443) Concurrent Mark 641.649ms
[2499.838s][info][gc,marking     ] GC(443) Concurrent Rebuild Remembered Sets and Scrub Regions
[2500.071s][info][gc,marking     ] GC(443) Concurrent Rebuild Remembered Sets and Scrub Regions 232.479ms
[2500.071s][info][gc,start       ] GC(443) Pause Cleanup
[2500.072s][info][gc             ] GC(443) Pause Cleanup 1947M->1947M(4096M) 0.133ms
[2500.072s][info][gc,cpu         ] GC(443) User=0.00s Sys=0.00s Real=0.00s
[2500.072s][info][gc,marking     ] GC(443) Concurrent Clear Claimed Marks
[2500.072s][info][gc,marking     ] GC(443) Concurrent Clear Claimed Marks 0.041ms
[2500.072s][info][gc,marking     ] GC(443) Concurrent Cleanup for Next Mark
[2500.076s][info][gc,marking     ] GC(443) Concurrent Cleanup for Next Mark 4.835ms
[2500.077s][info][gc             ] GC(443) Concurrent Mark Cycle 1035.331ms
...[2503.646s][info][gc,start       ] GC(444) Pause Young (Prepare Mixed) (G1 Evacuation Pause)
[2503.646s][info][gc,task        ] GC(444) Using 6 workers of 6 for evacuation
[2503.765s][info][gc,phases      ] GC(444)   Pre Evacuate Collection Set: 0.37ms
[2503.765s][info][gc,phases      ] GC(444)   Merge Heap Roots: 0.53ms
[2503.765s][info][gc,phases      ] GC(444)   Evacuate Collection Set: 117.06ms
[2503.765s][info][gc,phases      ] GC(444)   Post Evacuate Collection Set: 0.95ms
[2503.765s][info][gc,phases      ] GC(444)   Other: 0.11ms
[2503.765s][info][gc,heap        ] GC(444) Eden regions: 1117->0(1110)
[2503.765s][info][gc,heap        ] GC(444) Survivor regions: 111->111(154)
[2503.765s][info][gc,heap        ] GC(444) Old regions: 503->533
[2503.765s][info][gc,heap        ] GC(444) Humongous regions: 80->80
[2503.765s][info][gc,metaspace   ] GC(444) Metaspace: 28933K(29248K)->28933K(29248K) NonClass: 24049K(24192K)->24049K(24192K) Class: 4883K(5056K)->4883K(5056K)
[2503.765s][info][gc             ] GC(444) Pause Young (Prepare Mixed) (G1 Evacuation Pause) 3619M->1447M(4096M) 119.146ms
[2503.765s][info][gc,cpu         ] GC(444) User=0.71s Sys=0.01s Real=0.12s
.....[2508.389s][info][gc,start       ] GC(445) Pause Young (Mixed) (G1 Evacuation Pause)
[2508.389s][info][gc,task        ] GC(445) Using 6 workers of 6 for evacuation
[2508.527s][info][gc,phases      ] GC(445)   Pre Evacuate Collection Set: 0.41ms
[2508.527s][info][gc,phases      ] GC(445)   Merge Heap Roots: 0.72ms
[2508.527s][info][gc,phases      ] GC(445)   Evacuate Collection Set: 135.47ms
[2508.527s][info][gc,phases      ] GC(445)   Post Evacuate Collection Set: 0.98ms
[2508.527s][info][gc,phases      ] GC(445)   Other: 0.09ms
[2508.527s][info][gc,heap        ] GC(445) Eden regions: 1110->0(1116)
[2508.527s][info][gc,heap        ] GC(445) Survivor regions: 111->112(153)
[2508.527s][info][gc,heap        ] GC(445) Old regions: 533->470
[2508.527s][info][gc,heap        ] GC(445) Humongous regions: 80->80
[2508.527s][info][gc,metaspace   ] GC(445) Metaspace: 28933K(29248K)->28933K(29248K) NonClass: 24049K(24192K)->24049K(24192K) Class: 4883K(5056K)->4883K(5056K)
[2508.527s][info][gc             ] GC(445) Pause Young (Mixed) (G1 Evacuation Pause) 3667M->1321M(4096M) 137.788ms
[2508.527s][info][gc,cpu         ] GC(445) User=0.82s Sys=0.00s Real=0.13s
.....[2513.110s][info][gc,start       ] GC(446) Pause Young (Concurrent Start) (G1 Evacuation Pause)
[2513.110s][info][gc,task        ] GC(446) Using 6 workers of 6 for evacuation
[2513.226s][info][gc,phases      ] GC(446)   Pre Evacuate Collection Set: 0.39ms
[2513.226s][info][gc,phases      ] GC(446)   Merge Heap Roots: 0.49ms
[2513.226s][info][gc,phases      ] GC(446)   Evacuate Collection Set: 113.71ms
[2513.226s][info][gc,phases      ] GC(446)   Post Evacuate Collection Set: 0.90ms
[2513.226s][info][gc,phases      ] GC(446)   Other: 0.10ms
[2513.226s][info][gc,heap        ] GC(446) Eden regions: 1116->0(1119)
[2513.226s][info][gc,heap        ] GC(446) Survivor regions: 112->109(154)
[2513.226s][info][gc,heap        ] GC(446) Old regions: 470->502
[2513.226s][info][gc,heap        ] GC(446) Humongous regions: 80->80
[2513.226s][info][gc,metaspace   ] GC(446) Metaspace: 28933K(29248K)->28933K(29248K) NonClass: 24049K(24192K)->24049K(24192K) Class: 4883K(5056K)->4883K(5056K)
[2513.226s][info][gc             ] GC(446) Pause Young (Concurrent Start) (G1 Evacuation Pause) 3553M->1380M(4096M) 115.705ms
[2513.226s][info][gc             ] GC(447) Concurrent Mark Cycle
[2513.226s][info][gc,marking     ] GC(447) Concurrent Scan Root Regions
[2513.226s][info][gc,cpu         ] GC(446) User=0.69s Sys=0.00s Real=0.11s
[2513.363s][info][gc,marking     ] GC(447) Concurrent Scan Root Regions 136.818ms
[2513.363s][info][gc,marking     ] GC(447) Concurrent Mark
[2513.363s][info][gc,marking     ] GC(447) Concurrent Mark From Roots
[2513.363s][info][gc,task        ] GC(447) Using 2 workers of 2 for marking
.[2513.963s][info][gc,marking     ] GC(447) Concurrent Mark From Roots 599.656ms
[2513.963s][info][gc,marking     ] GC(447) Concurrent Preclean
[2513.963s][info][gc,marking     ] GC(447) Concurrent Preclean 0.035ms
[2513.963s][info][gc,start       ] GC(447) Pause Remark
[2513.966s][info][gc             ] GC(447) Pause Remark 1760M->1760M(4096M) 2.697ms
[2513.966s][info][gc,cpu         ] GC(447) User=0.01s Sys=0.00s Real=0.00s
[2513.966s][info][gc,marking     ] GC(447) Concurrent Mark 602.657ms
[2513.966s][info][gc,marking     ] GC(447) Concurrent Rebuild Remembered Sets and Scrub Regions
[2514.214s][info][gc,marking     ] GC(447) Concurrent Rebuild Remembered Sets and Scrub Regions 248.052ms
[2514.215s][info][gc,start       ] GC(447) Pause Cleanup
[2514.215s][info][gc             ] GC(447) Pause Cleanup 1921M->1921M(4096M) 0.137ms
[2514.215s][info][gc,cpu         ] GC(447) User=0.00s Sys=0.00s Real=0.00s
[2514.215s][info][gc,marking     ] GC(447) Concurrent Clear Claimed Marks
[2514.216s][info][gc,marking     ] GC(447) Concurrent Clear Claimed Marks 0.039ms
[2514.216s][info][gc,marking     ] GC(447) Concurrent Cleanup for Next Mark
[2514.221s][info][gc,marking     ] GC(447) Concurrent Cleanup for Next Mark 5.313ms
[2514.221s][info][gc             ] GC(447) Concurrent Mark Cycle 994.834ms
....[2517.825s][info][gc,start       ] GC(448) Pause Young (Prepare Mixed) (G1 Evacuation Pause)
[2517.825s][info][gc,task        ] GC(448) Using 6 workers of 6 for evacuation
[2517.942s][info][gc,phases      ] GC(448)   Pre Evacuate Collection Set: 0.33ms
[2517.943s][info][gc,phases      ] GC(448)   Merge Heap Roots: 0.52ms
[2517.943s][info][gc,phases      ] GC(448)   Evacuate Collection Set: 115.89ms
[2517.943s][info][gc,phases      ] GC(448)   Post Evacuate Collection Set: 0.94ms
[2517.943s][info][gc,phases      ] GC(448)   Other: 0.09ms
[2517.943s][info][gc,heap        ] GC(448) Eden regions: 1119->0(1111)
[2517.943s][info][gc,heap        ] GC(448) Survivor regions: 109->110(154)
[2517.943s][info][gc,heap        ] GC(448) Old regions: 502->534
[2517.943s][info][gc,heap        ] GC(448) Humongous regions: 80->80
[2517.943s][info][gc,metaspace   ] GC(448) Metaspace: 28933K(29248K)->28933K(29248K) NonClass: 24049K(24192K)->24049K(24192K) Class: 4883K(5056K)->4883K(5056K)
[2517.943s][info][gc             ] GC(448) Pause Young (Prepare Mixed) (G1 Evacuation Pause) 3618M->1447M(4096M) 117.889ms
[2517.943s][info][gc,cpu         ] GC(448) User=0.70s Sys=0.00s Real=0.12s
....[2522.565s][info][gc,start       ] GC(449) Pause Young (Mixed) (G1 Evacuation Pause)
[2522.565s][info][gc,task        ] GC(449) Using 6 workers of 6 for evacuation
[2522.704s][info][gc,phases      ] GC(449)   Pre Evacuate Collection Set: 0.41ms
[2522.704s][info][gc,phases      ] GC(449)   Merge Heap Roots: 0.77ms
[2522.704s][info][gc,phases      ] GC(449)   Evacuate Collection Set: 136.74ms
[2522.704s][info][gc,phases      ] GC(449)   Post Evacuate Collection Set: 0.98ms
[2522.704s][info][gc,phases      ] GC(449)   Other: 0.09ms
[2522.704s][info][gc,heap        ] GC(449) Eden regions: 1111->0(1114)
[2522.704s][info][gc,heap        ] GC(449) Survivor regions: 110->114(153)
[2522.705s][info][gc,heap        ] GC(449) Old regions: 534->471
[2522.705s][info][gc,heap        ] GC(449) Humongous regions: 80->80
[2522.705s][info][gc,metaspace   ] GC(449) Metaspace: 28933K(29248K)->28933K(29248K) NonClass: 24049K(24192K)->24049K(24192K) Class: 4883K(5056K)->4883K(5056K)
[2522.705s][info][gc             ] GC(449) Pause Young (Mixed) (G1 Evacuation Pause) 3669M->1328M(4096M) 139.122ms
[2522.705s][info][gc,cpu         ] GC(449) User=0.82s Sys=0.00s Real=0.14s
.....[2527.190s][info][gc,start       ] GC(450) Pause Young (Concurrent Start) (G1 Evacuation Pause)
[2527.190s][info][gc,task        ] GC(450) Using 6 workers of 6 for evacuation
[2527.305s][info][gc,phases      ] GC(450)   Pre Evacuate Collection Set: 0.41ms
[2527.305s][info][gc,phases      ] GC(450)   Merge Heap Roots: 0.54ms
[2527.305s][info][gc,phases      ] GC(450)   Evacuate Collection Set: 113.43ms
[2527.305s][info][gc,phases      ] GC(450)   Post Evacuate Collection Set: 0.91ms
[2527.305s][info][gc,phases      ] GC(450)   Other: 0.12ms
[2527.305s][info][gc,heap        ] GC(450) Eden regions: 1114->0(1119)
[2527.305s][info][gc,heap        ] GC(450) Survivor regions: 114->109(154)
[2527.305s][info][gc,heap        ] GC(450) Old regions: 471->502
[2527.305s][info][gc,heap        ] GC(450) Humongous regions: 80->80
[2527.305s][info][gc,metaspace   ] GC(450) Metaspace: 28933K(29248K)->28933K(29248K) NonClass: 24049K(24192K)->24049K(24192K) Class: 4883K(5056K)->4883K(5056K)
[2527.305s][info][gc             ] GC(450) Pause Young (Concurrent Start) (G1 Evacuation Pause) 3556M->1379M(4096M) 115.565ms
[2527.305s][info][gc             ] GC(451) Concurrent Mark Cycle
[2527.305s][info][gc,marking     ] GC(451) Concurrent Scan Root Regions
[2527.305s][info][gc,cpu         ] GC(450) User=0.69s Sys=0.00s Real=0.11s
[2527.470s][info][gc,marking     ] GC(451) Concurrent Scan Root Regions 164.394ms
[2527.470s][info][gc,marking     ] GC(451) Concurrent Mark
[2527.470s][info][gc,marking     ] GC(451) Concurrent Mark From Roots
[2527.470s][info][gc,task        ] GC(451) Using 2 workers of 2 for marking
.[2528.145s][info][gc,marking     ] GC(451) Concurrent Mark From Roots 675.490ms
[2528.145s][info][gc,marking     ] GC(451) Concurrent Preclean
[2528.145s][info][gc,marking     ] GC(451) Concurrent Preclean 0.048ms
[2528.145s][info][gc,start       ] GC(451) Pause Remark
[2528.148s][info][gc             ] GC(451) Pause Remark 1801M->1801M(4096M) 2.538ms
[2528.148s][info][gc,cpu         ] GC(451) User=0.01s Sys=0.00s Real=0.01s
[2528.148s][info][gc,marking     ] GC(451) Concurrent Mark 678.324ms
[2528.148s][info][gc,marking     ] GC(451) Concurrent Rebuild Remembered Sets and Scrub Regions
[2528.406s][info][gc,marking     ] GC(451) Concurrent Rebuild Remembered Sets and Scrub Regions 257.608ms
[2528.406s][info][gc,start       ] GC(451) Pause Cleanup
[2528.406s][info][gc             ] GC(451) Pause Cleanup 1926M->1926M(4096M) 0.124ms
[2528.406s][info][gc,cpu         ] GC(451) User=0.00s Sys=0.00s Real=0.00s
[2528.406s][info][gc,marking     ] GC(451) Concurrent Clear Claimed Marks
[2528.406s][info][gc,marking     ] GC(451) Concurrent Clear Claimed Marks 0.025ms
[2528.406s][info][gc,marking     ] GC(451) Concurrent Cleanup for Next Mark
[2528.410s][info][gc,marking     ] GC(451) Concurrent Cleanup for Next Mark 3.593ms
[2528.410s][info][gc             ] GC(451) Concurrent Mark Cycle 1104.370ms
....[2531.967s][info][gc,start       ] GC(452) Pause Young (Prepare Mixed) (G1 Evacuation Pause)
[2531.967s][info][gc,task        ] GC(452) Using 6 workers of 6 for evacuation
[2532.084s][info][gc,phases      ] GC(452)   Pre Evacuate Collection Set: 0.36ms
[2532.084s][info][gc,phases      ] GC(452)   Merge Heap Roots: 0.55ms
[2532.084s][info][gc,phases      ] GC(452)   Evacuate Collection Set: 114.68ms
[2532.084s][info][gc,phases      ] GC(452)   Post Evacuate Collection Set: 0.92ms
[2532.084s][info][gc,phases      ] GC(452)   Other: 0.09ms
[2532.084s][info][gc,heap        ] GC(452) Eden regions: 1119->0(1113)
[2532.084s][info][gc,heap        ] GC(452) Survivor regions: 109->109(154)
[2532.084s][info][gc,heap        ] GC(452) Old regions: 502->534
[2532.084s][info][gc,heap        ] GC(452) Humongous regions: 80->80
[2532.084s][info][gc,metaspace   ] GC(452) Metaspace: 28933K(29248K)->28933K(29248K) NonClass: 24049K(24192K)->24049K(24192K) Class: 4883K(5056K)->4883K(5056K)
[2532.084s][info][gc             ] GC(452) Pause Young (Prepare Mixed) (G1 Evacuation Pause) 3617M->1444M(4096M) 116.718ms
[2532.084s][info][gc,cpu         ] GC(452) User=0.69s Sys=0.00s Real=0.12s
....[2536.654s][info][gc,start       ] GC(453) Pause Young (Mixed) (G1 Evacuation Pause)
[2536.654s][info][gc,task        ] GC(453) Using 6 workers of 6 for evacuation
[2536.789s][info][gc,phases      ] GC(453)   Pre Evacuate Collection Set: 0.39ms
[2536.789s][info][gc,phases      ] GC(453)   Merge Heap Roots: 0.70ms
[2536.789s][info][gc,phases      ] GC(453)   Evacuate Collection Set: 132.28ms
[2536.789s][info][gc,phases      ] GC(453)   Post Evacuate Collection Set: 1.01ms
[2536.789s][info][gc,phases      ] GC(453)   Other: 0.09ms
[2536.789s][info][gc,heap        ] GC(453) Eden regions: 1113->0(1116)
[2536.789s][info][gc,heap        ] GC(453) Survivor regions: 109->112(153)
[2536.789s][info][gc,heap        ] GC(453) Old regions: 534->471
[2536.789s][info][gc,heap        ] GC(453) Humongous regions: 80->80
[2536.789s][info][gc,metaspace   ] GC(453) Metaspace: 28933K(29248K)->28933K(29248K) NonClass: 24049K(24192K)->24049K(24192K) Class: 4883K(5056K)->4883K(5056K)
[2536.789s][info][gc             ] GC(453) Pause Young (Mixed) (G1 Evacuation Pause) 3670M->1323M(4096M) 134.644ms
[2536.789s][info][gc,cpu         ] GC(453) User=0.80s Sys=0.00s Real=0.14s
. (rIR:aIR:PR = 4013:4010:4010) (tPR = 59719) [OK] 
  2536s: Performance info:
         Transaction,    Success,    Partial,     Failed,   Receipts, AvgBarcode, 
             Overall,     241017,          0,          0,     228978,      59.48, 
         Response times:
             Request,    Success,    Partial,     Failed,   SkipFail,     Probes,    Samples,      min,      p50,      p90,      p95,      p99,      max, 
       TotalPurchase,     228953,          0,          0,          0,     224370,     247431,      300,     3200,     5500,     7800,    37000,   186000,
     InStorePurchase,     120512,          0,          0,          0,     118256,     130176,      300,     3200,     5500,     7800,    38000,   186000,
      OnlinePurchase,      84347,          0,          0,          0,      82704,      91213,      300,     3200,     5600,     7700,    37000,   185000,
        InstPurchase,      24094,          0,          0,          0,      23410,      26042,      400,     3100,     5500,     7900,    37000,   147000,
          AssocOfCat,        241,          0,          0,          0,        177,        245,    18400,    30000,    44400,    51700,   170120,   207000,
      AssocOfProduct,       2407,          0,          0,          0,       2203,       2605,      600,     4700,     7000,    10900,    47880,   147000,
      BusinessReport,        604,          0,          0,          0,        516,        667,    21000,    33000,    48000,    60000,   139240,   187000,
          CustBuyBeh,       2409,          0,          0,          0,       2238,       2609,      300,     3200,     5900,    11800,    40000,   145000,
       ProductReturn,       6379,          0,          0,          0,       6057,       6955,      200,     3400,     5700,     9220,    41440,   147000,

  2536s: (30%)   IR =   4151 ....|[2541.154s][info][gc,start       ] GC(454) Pause Young (Concurrent Start) (G1 Evacuation Pause)
[2541.154s][info][gc,task        ] GC(454) Using 6 workers of 6 for evacuation
[2541.273s][info][gc,phases      ] GC(454)   Pre Evacuate Collection Set: 0.42ms
[2541.273s][info][gc,phases      ] GC(454)   Merge Heap Roots: 0.58ms
[2541.273s][info][gc,phases      ] GC(454)   Evacuate Collection Set: 116.74ms
[2541.273s][info][gc,phases      ] GC(454)   Post Evacuate Collection Set: 0.92ms
[2541.273s][info][gc,phases      ] GC(454)   Other: 0.13ms
[2541.273s][info][gc,heap        ] GC(454) Eden regions: 1116->0(1117)
[2541.273s][info][gc,heap        ] GC(454) Survivor regions: 112->111(154)
[2541.273s][info][gc,heap        ] GC(454) Old regions: 471->503
[2541.273s][info][gc,heap        ] GC(454) Humongous regions: 80->80
[2541.273s][info][gc,metaspace   ] GC(454) Metaspace: 28933K(29248K)->28933K(29248K) NonClass: 24049K(24192K)->24049K(24192K) Class: 4883K(5056K)->4883K(5056K)
[2541.273s][info][gc             ] GC(454) Pause Young (Concurrent Start) (G1 Evacuation Pause) 3555M->1386M(4096M) 118.945ms
[2541.273s][info][gc             ] GC(455) Concurrent Mark Cycle
[2541.273s][info][gc,marking     ] GC(455) Concurrent Scan Root Regions
[2541.273s][info][gc,cpu         ] GC(454) User=0.71s Sys=0.01s Real=0.12s
[2541.428s][info][gc,marking     ] GC(455) Concurrent Scan Root Regions 154.758ms
[2541.428s][info][gc,marking     ] GC(455) Concurrent Mark
[2541.428s][info][gc,marking     ] GC(455) Concurrent Mark From Roots
[2541.428s][info][gc,task        ] GC(455) Using 2 workers of 2 for marking
.[2542.122s][info][gc,marking     ] GC(455) Concurrent Mark From Roots 693.490ms
[2542.122s][info][gc,marking     ] GC(455) Concurrent Preclean
[2542.122s][info][gc,marking     ] GC(455) Concurrent Preclean 0.044ms
[2542.122s][info][gc,start       ] GC(455) Pause Remark
[2542.124s][info][gc             ] GC(455) Pause Remark 1838M->1838M(4096M) 2.570ms
[2542.124s][info][gc,cpu         ] GC(455) User=0.01s Sys=0.00s Real=0.00s
[2542.125s][info][gc,marking     ] GC(455) Concurrent Mark 696.381ms
[2542.125s][info][gc,marking     ] GC(455) Concurrent Rebuild Remembered Sets and Scrub Regions
[2542.391s][info][gc,marking     ] GC(455) Concurrent Rebuild Remembered Sets and Scrub Regions 266.200ms
[2542.392s][info][gc,start       ] GC(455) Pause Cleanup
[2542.392s][info][gc             ] GC(455) Pause Cleanup 1976M->1976M(4096M) 0.143ms
[2542.392s][info][gc,cpu         ] GC(455) User=0.00s Sys=0.00s Real=0.00s
[2542.393s][info][gc,marking     ] GC(455) Concurrent Clear Claimed Marks
[2542.393s][info][gc,marking     ] GC(455) Concurrent Clear Claimed Marks 0.031ms
[2542.393s][info][gc,marking     ] GC(455) Concurrent Cleanup for Next Mark
[2542.396s][info][gc,marking     ] GC(455) Concurrent Cleanup for Next Mark 3.732ms
[2542.396s][info][gc             ] GC(455) Concurrent Mark Cycle 1123.038ms
...[2545.684s][info][gc,start       ] GC(456) Pause Young (Prepare Mixed) (G1 Evacuation Pause)
[2545.684s][info][gc,task        ] GC(456) Using 6 workers of 6 for evacuation
[2545.800s][info][gc,phases      ] GC(456)   Pre Evacuate Collection Set: 0.33ms
[2545.800s][info][gc,phases      ] GC(456)   Merge Heap Roots: 0.51ms
[2545.800s][info][gc,phases      ] GC(456)   Evacuate Collection Set: 113.73ms
[2545.800s][info][gc,phases      ] GC(456)   Post Evacuate Collection Set: 0.96ms
[2545.800s][info][gc,phases      ] GC(456)   Other: 0.09ms
[2545.800s][info][gc,heap        ] GC(456) Eden regions: 1117->0(1114)
[2545.800s][info][gc,heap        ] GC(456) Survivor regions: 111->108(154)
[2545.800s][info][gc,heap        ] GC(456) Old regions: 503->535
[2545.800s][info][gc,heap        ] GC(456) Humongous regions: 80->80
[2545.800s][info][gc,metaspace   ] GC(456) Metaspace: 28933K(29248K)->28933K(29248K) NonClass: 24049K(24192K)->24049K(24192K) Class: 4883K(5056K)->4883K(5056K)
[2545.800s][info][gc             ] GC(456) Pause Young (Prepare Mixed) (G1 Evacuation Pause) 3620M->1443M(4096M) 115.740ms
[2545.800s][info][gc,cpu         ] GC(456) User=0.69s Sys=0.00s Real=0.12s
.....[2550.284s][info][gc,start       ] GC(457) Pause Young (Mixed) (G1 Evacuation Pause)
[2550.284s][info][gc,task        ] GC(457) Using 6 workers of 6 for evacuation
[2550.420s][info][gc,phases      ] GC(457)   Pre Evacuate Collection Set: 0.37ms
[2550.420s][info][gc,phases      ] GC(457)   Merge Heap Roots: 0.73ms
[2550.420s][info][gc,phases      ] GC(457)   Evacuate Collection Set: 133.38ms
[2550.420s][info][gc,phases      ] GC(457)   Post Evacuate Collection Set: 0.97ms
[2550.420s][info][gc,phases      ] GC(457)   Other: 0.09ms
[2550.420s][info][gc,heap        ] GC(457) Eden regions: 1114->0(1117)
[2550.420s][info][gc,heap        ] GC(457) Survivor regions: 108->111(153)
[2550.420s][info][gc,heap        ] GC(457) Old regions: 535->472
[2550.420s][info][gc,heap        ] GC(457) Humongous regions: 80->80
[2550.420s][info][gc,metaspace   ] GC(457) Metaspace: 28933K(29248K)->28933K(29248K) NonClass: 24049K(24192K)->24049K(24192K) Class: 4883K(5056K)->4883K(5056K)
[2550.420s][info][gc             ] GC(457) Pause Young (Mixed) (G1 Evacuation Pause) 3671M->1324M(4096M) 135.710ms
[2550.420s][info][gc,cpu         ] GC(457) User=0.80s Sys=0.00s Real=0.14s
....[2554.861s][info][gc,start       ] GC(458) Pause Young (Concurrent Start) (G1 Evacuation Pause)
[2554.861s][info][gc,task        ] GC(458) Using 6 workers of 6 for evacuation
[2554.976s][info][gc,phases      ] GC(458)   Pre Evacuate Collection Set: 0.43ms
[2554.976s][info][gc,phases      ] GC(458)   Merge Heap Roots: 0.51ms
[2554.976s][info][gc,phases      ] GC(458)   Evacuate Collection Set: 113.08ms
[2554.976s][info][gc,phases      ] GC(458)   Post Evacuate Collection Set: 0.91ms
[2554.976s][info][gc,phases      ] GC(458)   Other: 0.13ms
[2554.976s][info][gc,heap        ] GC(458) Eden regions: 1117->0(1119)
[2554.976s][info][gc,heap        ] GC(458) Survivor regions: 111->109(154)
[2554.976s][info][gc,heap        ] GC(458) Old regions: 472->504
[2554.976s][info][gc,heap        ] GC(458) Humongous regions: 80->80
[2554.976s][info][gc,metaspace   ] GC(458) Metaspace: 28933K(29248K)->28933K(29248K) NonClass: 24049K(24192K)->24049K(24192K) Class: 4883K(5056K)->4883K(5056K)
[2554.976s][info][gc             ] GC(458) Pause Young (Concurrent Start) (G1 Evacuation Pause) 3558M->1383M(4096M) 115.243ms
[2554.976s][info][gc             ] GC(459) Concurrent Mark Cycle
[2554.976s][info][gc,marking     ] GC(459) Concurrent Scan Root Regions
[2554.976s][info][gc,cpu         ] GC(458) User=0.69s Sys=0.00s Real=0.11s
.[2555.150s][info][gc,marking     ] GC(459) Concurrent Scan Root Regions 173.748ms
[2555.150s][info][gc,marking     ] GC(459) Concurrent Mark
[2555.150s][info][gc,marking     ] GC(459) Concurrent Mark From Roots
[2555.150s][info][gc,task        ] GC(459) Using 2 workers of 2 for marking
[2555.887s][info][gc,marking     ] GC(459) Concurrent Mark From Roots 736.564ms
[2555.887s][info][gc,marking     ] GC(459) Concurrent Preclean
[2555.887s][info][gc,marking     ] GC(459) Concurrent Preclean 0.063ms
[2555.887s][info][gc,start       ] GC(459) Pause Remark
[2555.890s][info][gc             ] GC(459) Pause Remark 1924M->1924M(4096M) 2.760ms
[2555.890s][info][gc,cpu         ] GC(459) User=0.02s Sys=0.00s Real=0.00s
[2555.890s][info][gc,marking     ] GC(459) Concurrent Mark 740.185ms
[2555.890s][info][gc,marking     ] GC(459) Concurrent Rebuild Remembered Sets and Scrub Regions
.[2556.135s][info][gc,marking     ] GC(459) Concurrent Rebuild Remembered Sets and Scrub Regions 244.995ms
[2556.135s][info][gc,start       ] GC(459) Pause Cleanup
[2556.136s][info][gc             ] GC(459) Pause Cleanup 2040M->2040M(4096M) 0.123ms
[2556.136s][info][gc,cpu         ] GC(459) User=0.00s Sys=0.00s Real=0.00s
[2556.136s][info][gc,marking     ] GC(459) Concurrent Clear Claimed Marks
[2556.136s][info][gc,marking     ] GC(459) Concurrent Clear Claimed Marks 0.028ms
[2556.136s][info][gc,marking     ] GC(459) Concurrent Cleanup for Next Mark
[2556.139s][info][gc,marking     ] GC(459) Concurrent Cleanup for Next Mark 3.651ms
[2556.139s][info][gc             ] GC(459) Concurrent Mark Cycle 1163.050ms
...[2559.422s][info][gc,start       ] GC(460) Pause Young (Prepare Mixed) (G1 Evacuation Pause)
[2559.422s][info][gc,task        ] GC(460) Using 6 workers of 6 for evacuation
[2559.539s][info][gc,phases      ] GC(460)   Pre Evacuate Collection Set: 0.36ms
[2559.539s][info][gc,phases      ] GC(460)   Merge Heap Roots: 0.53ms
[2559.539s][info][gc,phases      ] GC(460)   Evacuate Collection Set: 115.04ms
[2559.539s][info][gc,phases      ] GC(460)   Post Evacuate Collection Set: 0.94ms
[2559.539s][info][gc,phases      ] GC(460)   Other: 0.08ms
[2559.539s][info][gc,heap        ] GC(460) Eden regions: 1119->0(1111)
[2559.539s][info][gc,heap        ] GC(460) Survivor regions: 109->109(154)
[2559.539s][info][gc,heap        ] GC(460) Old regions: 504->536
[2559.539s][info][gc,heap        ] GC(460) Humongous regions: 80->80
[2559.539s][info][gc,metaspace   ] GC(460) Metaspace: 28933K(29248K)->28933K(29248K) NonClass: 24049K(24192K)->24049K(24192K) Class: 4883K(5056K)->4883K(5056K)
[2559.539s][info][gc             ] GC(460) Pause Young (Prepare Mixed) (G1 Evacuation Pause) 3621M->1448M(4096M) 117.071ms
[2559.539s][info][gc,cpu         ] GC(460) User=0.70s Sys=0.00s Real=0.12s
....[2563.926s][info][gc,start       ] GC(461) Pause Young (Mixed) (G1 Evacuation Pause)
[2563.926s][info][gc,task        ] GC(461) Using 6 workers of 6 for evacuation
[2564.058s][info][gc,phases      ] GC(461)   Pre Evacuate Collection Set: 0.35ms
[2564.058s][info][gc,phases      ] GC(461)   Merge Heap Roots: 0.71ms
[2564.058s][info][gc,phases      ] GC(461)   Evacuate Collection Set: 130.11ms
[2564.058s][info][gc,phases      ] GC(461)   Post Evacuate Collection Set: 0.98ms
[2564.058s][info][gc,phases      ] GC(461)   Other: 0.09ms
[2564.058s][info][gc,heap        ] GC(461) Eden regions: 1111->0(1118)
[2564.058s][info][gc,heap        ] GC(461) Survivor regions: 109->110(153)
[2564.058s][info][gc,heap        ] GC(461) Old regions: 536->471
[2564.058s][info][gc,heap        ] GC(461) Humongous regions: 80->80
[2564.058s][info][gc,metaspace   ] GC(461) Metaspace: 28933K(29248K)->28933K(29248K) NonClass: 24049K(24192K)->24049K(24192K) Class: 4883K(5056K)->4883K(5056K)
[2564.058s][info][gc             ] GC(461) Pause Young (Mixed) (G1 Evacuation Pause) 3670M->1320M(4096M) 132.370ms
[2564.058s][info][gc,cpu         ] GC(461) User=0.79s Sys=0.00s Real=0.14s
.....[2568.557s][info][gc,start       ] GC(462) Pause Young (Concurrent Start) (G1 Evacuation Pause)
[2568.557s][info][gc,task        ] GC(462) Using 6 workers of 6 for evacuation
[2568.673s][info][gc,phases      ] GC(462)   Pre Evacuate Collection Set: 0.41ms
[2568.673s][info][gc,phases      ] GC(462)   Merge Heap Roots: 0.49ms
[2568.673s][info][gc,phases      ] GC(462)   Evacuate Collection Set: 114.83ms
[2568.673s][info][gc,phases      ] GC(462)   Post Evacuate Collection Set: 0.90ms
[2568.673s][info][gc,phases      ] GC(462)   Other: 0.13ms
[2568.673s][info][gc,heap        ] GC(462) Eden regions: 1118->0(1119)
[2568.673s][info][gc,heap        ] GC(462) Survivor regions: 110->109(154)
[2568.673s][info][gc,heap        ] GC(462) Old regions: 471->503
[2568.673s][info][gc,heap        ] GC(462) Humongous regions: 80->80
[2568.673s][info][gc,metaspace   ] GC(462) Metaspace: 28933K(29248K)->28933K(29248K) NonClass: 24049K(24192K)->24049K(24192K) Class: 4883K(5056K)->4883K(5056K)
[2568.673s][info][gc             ] GC(462) Pause Young (Concurrent Start) (G1 Evacuation Pause) 3556M->1382M(4096M) 116.893ms
[2568.673s][info][gc             ] GC(463) Concurrent Mark Cycle
[2568.673s][info][gc,marking     ] GC(463) Concurrent Scan Root Regions
[2568.673s][info][gc,cpu         ] GC(462) User=0.69s Sys=0.00s Real=0.12s
[2568.844s][info][gc,marking     ] GC(463) Concurrent Scan Root Regions 170.414ms
[2568.844s][info][gc,marking     ] GC(463) Concurrent Mark
[2568.844s][info][gc,marking     ] GC(463) Concurrent Mark From Roots
[2568.844s][info][gc,task        ] GC(463) Using 2 workers of 2 for marking
.[2569.831s][info][gc,marking     ] GC(463) Concurrent Mark From Roots 987.411ms
[2569.831s][info][gc,marking     ] GC(463) Concurrent Preclean
[2569.832s][info][gc,marking     ] GC(463) Concurrent Preclean 0.060ms
[2569.832s][info][gc,start       ] GC(463) Pause Remark
[2569.835s][info][gc             ] GC(463) Pause Remark 1989M->1989M(4096M) 2.958ms
[2569.835s][info][gc,cpu         ] GC(463) User=0.01s Sys=0.00s Real=0.00s
[2569.835s][info][gc,marking     ] GC(463) Concurrent Mark 990.971ms
[2569.835s][info][gc,marking     ] GC(463) Concurrent Rebuild Remembered Sets and Scrub Regions
.[2570.100s][info][gc,marking     ] GC(463) Concurrent Rebuild Remembered Sets and Scrub Regions 265.132ms
[2570.100s][info][gc,start       ] GC(463) Pause Cleanup
[2570.100s][info][gc             ] GC(463) Pause Cleanup 2136M->2136M(4096M) 0.141ms
[2570.100s][info][gc,cpu         ] GC(463) User=0.00s Sys=0.00s Real=0.00s
[2570.100s][info][gc,marking     ] GC(463) Concurrent Clear Claimed Marks
[2570.100s][info][gc,marking     ] GC(463) Concurrent Clear Claimed Marks 0.030ms
[2570.100s][info][gc,marking     ] GC(463) Concurrent Cleanup for Next Mark
[2570.104s][info][gc,marking     ] GC(463) Concurrent Cleanup for Next Mark 3.907ms
[2570.104s][info][gc             ] GC(463) Concurrent Mark Cycle 1430.946ms
...[2573.164s][info][gc,start       ] GC(464) Pause Young (Prepare Mixed) (G1 Evacuation Pause)
[2573.164s][info][gc,task        ] GC(464) Using 6 workers of 6 for evacuation
[2573.279s][info][gc,phases      ] GC(464)   Pre Evacuate Collection Set: 0.34ms
[2573.280s][info][gc,phases      ] GC(464)   Merge Heap Roots: 0.55ms
[2573.280s][info][gc,phases      ] GC(464)   Evacuate Collection Set: 113.78ms
[2573.280s][info][gc,phases      ] GC(464)   Post Evacuate Collection Set: 0.95ms
[2573.280s][info][gc,phases      ] GC(464)   Other: 0.08ms
[2573.280s][info][gc,heap        ] GC(464) Eden regions: 1119->0(1111)
[2573.280s][info][gc,heap        ] GC(464) Survivor regions: 109->110(154)
[2573.280s][info][gc,heap        ] GC(464) Old regions: 503->534
[2573.280s][info][gc,heap        ] GC(464) Humongous regions: 80->80
[2573.280s][info][gc,metaspace   ] GC(464) Metaspace: 28933K(29248K)->28933K(29248K) NonClass: 24049K(24192K)->24049K(24192K) Class: 4883K(5056K)->4883K(5056K)
[2573.280s][info][gc             ] GC(464) Pause Young (Prepare Mixed) (G1 Evacuation Pause) 3620M->1447M(4096M) 115.883ms
[2573.280s][info][gc,cpu         ] GC(464) User=0.69s Sys=0.00s Real=0.12s
....[2577.646s][info][gc,start       ] GC(465) Pause Young (Mixed) (G1 Evacuation Pause)
[2577.646s][info][gc,task        ] GC(465) Using 6 workers of 6 for evacuation
[2577.782s][info][gc,phases      ] GC(465)   Pre Evacuate Collection Set: 0.36ms
[2577.782s][info][gc,phases      ] GC(465)   Merge Heap Roots: 0.71ms
[2577.782s][info][gc,phases      ] GC(465)   Evacuate Collection Set: 133.77ms
[2577.782s][info][gc,phases      ] GC(465)   Post Evacuate Collection Set: 0.96ms
[2577.782s][info][gc,phases      ] GC(465)   Other: 0.09ms
[2577.782s][info][gc,heap        ] GC(465) Eden regions: 1111->0(1115)
[2577.782s][info][gc,heap        ] GC(465) Survivor regions: 110->113(153)
[2577.782s][info][gc,heap        ] GC(465) Old regions: 534->472
[2577.782s][info][gc,heap        ] GC(465) Humongous regions: 80->80
[2577.782s][info][gc,metaspace   ] GC(465) Metaspace: 28937K(29248K)->28937K(29248K) NonClass: 24053K(24192K)->24053K(24192K) Class: 4883K(5056K)->4883K(5056K)
[2577.782s][info][gc             ] GC(465) Pause Young (Mixed) (G1 Evacuation Pause) 3669M->1328M(4096M) 136.025ms
[2577.782s][info][gc,cpu         ] GC(465) User=0.81s Sys=0.00s Real=0.14s
.....[2582.176s][info][gc,start       ] GC(466) Pause Young (Concurrent Start) (G1 Evacuation Pause)
[2582.176s][info][gc,task        ] GC(466) Using 6 workers of 6 for evacuation
[2582.291s][info][gc,phases      ] GC(466)   Pre Evacuate Collection Set: 0.39ms
[2582.291s][info][gc,phases      ] GC(466)   Merge Heap Roots: 0.52ms
[2582.291s][info][gc,phases      ] GC(466)   Evacuate Collection Set: 112.96ms
[2582.291s][info][gc,phases      ] GC(466)   Post Evacuate Collection Set: 0.91ms
[2582.291s][info][gc,phases      ] GC(466)   Other: 0.12ms
[2582.291s][info][gc,heap        ] GC(466) Eden regions: 1115->0(1121)
[2582.291s][info][gc,heap        ] GC(466) Survivor regions: 113->107(154)
[2582.291s][info][gc,heap        ] GC(466) Old regions: 472->504
[2582.291s][info][gc,heap        ] GC(466) Humongous regions: 80->80
[2582.291s][info][gc,metaspace   ] GC(466) Metaspace: 28937K(29248K)->28937K(29248K) NonClass: 24053K(24192K)->24053K(24192K) Class: 4883K(5056K)->4883K(5056K)
[2582.291s][info][gc             ] GC(466) Pause Young (Concurrent Start) (G1 Evacuation Pause) 3558M->1381M(4096M) 115.021ms
[2582.291s][info][gc             ] GC(467) Concurrent Mark Cycle
[2582.291s][info][gc,marking     ] GC(467) Concurrent Scan Root Regions
[2582.291s][info][gc,cpu         ] GC(466) User=0.68s Sys=0.00s Real=0.12s
[2582.468s][info][gc,marking     ] GC(467) Concurrent Scan Root Regions 176.653ms
[2582.468s][info][gc,marking     ] GC(467) Concurrent Mark
[2582.468s][info][gc,marking     ] GC(467) Concurrent Mark From Roots
[2582.468s][info][gc,task        ] GC(467) Using 2 workers of 2 for marking
.[2583.149s][info][gc,marking     ] GC(467) Concurrent Mark From Roots 681.486ms
[2583.149s][info][gc,marking     ] GC(467) Concurrent Preclean
[2583.149s][info][gc,marking     ] GC(467) Concurrent Preclean 0.058ms
[2583.149s][info][gc,start       ] GC(467) Pause Remark
[2583.152s][info][gc             ] GC(467) Pause Remark 1848M->1848M(4096M) 2.963ms
[2583.152s][info][gc,cpu         ] GC(467) User=0.01s Sys=0.00s Real=0.00s
[2583.153s][info][gc,marking     ] GC(467) Concurrent Mark 684.786ms
[2583.153s][info][gc,marking     ] GC(467) Concurrent Rebuild Remembered Sets and Scrub Regions
[2583.512s][info][gc,marking     ] GC(467) Concurrent Rebuild Remembered Sets and Scrub Regions 359.134ms
[2583.512s][info][gc,start       ] GC(467) Pause Cleanup
[2583.512s][info][gc             ] GC(467) Pause Cleanup 1998M->1998M(4096M) 0.127ms
[2583.512s][info][gc,cpu         ] GC(467) User=0.00s Sys=0.00s Real=0.00s
[2583.512s][info][gc,marking     ] GC(467) Concurrent Clear Claimed Marks
[2583.512s][info][gc,marking     ] GC(467) Concurrent Clear Claimed Marks 0.030ms
[2583.512s][info][gc,marking     ] GC(467) Concurrent Cleanup for Next Mark
[2583.515s][info][gc,marking     ] GC(467) Concurrent Cleanup for Next Mark 3.299ms
[2583.515s][info][gc             ] GC(467) Concurrent Mark Cycle 1224.408ms
...[2586.779s][info][gc,start       ] GC(468) Pause Young (Prepare Mixed) (G1 Evacuation Pause)
[2586.779s][info][gc,task        ] GC(468) Using 6 workers of 6 for evacuation
[2586.895s][info][gc,phases      ] GC(468)   Pre Evacuate Collection Set: 0.33ms
[2586.895s][info][gc,phases      ] GC(468)   Merge Heap Roots: 0.53ms
[2586.895s][info][gc,phases      ] GC(468)   Evacuate Collection Set: 113.31ms
[2586.895s][info][gc,phases      ] GC(468)   Post Evacuate Collection Set: 0.96ms
[2586.895s][info][gc,phases      ] GC(468)   Other: 0.09ms
[2586.895s][info][gc,heap        ] GC(468) Eden regions: 1121->0(1114)
[2586.895s][info][gc,heap        ] GC(468) Survivor regions: 107->108(154)
[2586.895s][info][gc,heap        ] GC(468) Old regions: 504->535
[2586.895s][info][gc,heap        ] GC(468) Humongous regions: 80->80
[2586.895s][info][gc,metaspace   ] GC(468) Metaspace: 28937K(29248K)->28937K(29248K) NonClass: 24053K(24192K)->24053K(24192K) Class: 4883K(5056K)->4883K(5056K)
[2586.895s][info][gc             ] GC(468) Pause Young (Prepare Mixed) (G1 Evacuation Pause) 3623M->1445M(4096M) 115.349ms
[2586.895s][info][gc,cpu         ] GC(468) User=0.69s Sys=0.00s Real=0.11s
.....[2591.402s][info][gc,start       ] GC(469) Pause Young (Mixed) (G1 Evacuation Pause)
[2591.402s][info][gc,task        ] GC(469) Using 6 workers of 6 for evacuation
[2591.542s][info][gc,phases      ] GC(469)   Pre Evacuate Collection Set: 0.37ms
[2591.542s][info][gc,phases      ] GC(469)   Merge Heap Roots: 0.80ms
[2591.542s][info][gc,phases      ] GC(469)   Evacuate Collection Set: 137.84ms
[2591.542s][info][gc,phases      ] GC(469)   Post Evacuate Collection Set: 0.96ms
[2591.542s][info][gc,phases      ] GC(469)   Other: 0.09ms
[2591.542s][info][gc,heap        ] GC(469) Eden regions: 1114->0(1115)
[2591.542s][info][gc,heap        ] GC(469) Survivor regions: 108->113(153)
[2591.542s][info][gc,heap        ] GC(469) Old regions: 535->472
[2591.542s][info][gc,heap        ] GC(469) Humongous regions: 80->80
[2591.542s][info][gc,metaspace   ] GC(469) Metaspace: 28937K(29248K)->28937K(29248K) NonClass: 24053K(24192K)->24053K(24192K) Class: 4883K(5056K)->4883K(5056K)
[2591.542s][info][gc             ] GC(469) Pause Young (Mixed) (G1 Evacuation Pause) 3673M->1328M(4096M) 140.183ms
[2591.542s][info][gc,cpu         ] GC(469) User=0.83s Sys=0.00s Real=0.14s
....[2595.934s][info][gc,start       ] GC(470) Pause Young (Concurrent Start) (G1 Evacuation Pause)
[2595.934s][info][gc,task        ] GC(470) Using 6 workers of 6 for evacuation
[2596.053s][info][gc,phases      ] GC(470)   Pre Evacuate Collection Set: 0.39ms
[2596.053s][info][gc,phases      ] GC(470)   Merge Heap Roots: 0.49ms
[2596.053s][info][gc,phases      ] GC(470)   Evacuate Collection Set: 117.50ms
[2596.053s][info][gc,phases      ] GC(470)   Post Evacuate Collection Set: 0.90ms
[2596.053s][info][gc,phases      ] GC(470)   Other: 0.11ms
[2596.053s][info][gc,heap        ] GC(470) Eden regions: 1115->0(1118)
[2596.053s][info][gc,heap        ] GC(470) Survivor regions: 113->110(154)
[2596.053s][info][gc,heap        ] GC(470) Old regions: 472->505
[2596.053s][info][gc,heap        ] GC(470) Humongous regions: 80->80
[2596.053s][info][gc,metaspace   ] GC(470) Metaspace: 28937K(29248K)->28937K(29248K) NonClass: 24053K(24192K)->24053K(24192K) Class: 4883K(5056K)->4883K(5056K)
[2596.053s][info][gc             ] GC(470) Pause Young (Concurrent Start) (G1 Evacuation Pause) 3558M->1388M(4096M) 119.511ms
[2596.053s][info][gc             ] GC(471) Concurrent Mark Cycle
[2596.053s][info][gc,marking     ] GC(471) Concurrent Scan Root Regions
[2596.053s][info][gc,cpu         ] GC(470) User=0.71s Sys=0.00s Real=0.12s
.[2596.231s][info][gc,marking     ] GC(471) Concurrent Scan Root Regions 177.776ms
[2596.231s][info][gc,marking     ] GC(471) Concurrent Mark
[2596.231s][info][gc,marking     ] GC(471) Concurrent Mark From Roots
[2596.231s][info][gc,task        ] GC(471) Using 2 workers of 2 for marking
.[2597.184s][info][gc,marking     ] GC(471) Concurrent Mark From Roots 953.192ms
[2597.184s][info][gc,marking     ] GC(471) Concurrent Preclean
[2597.184s][info][gc,marking     ] GC(471) Concurrent Preclean 0.052ms
[2597.185s][info][gc,start       ] GC(471) Pause Remark
[2597.188s][info][gc             ] GC(471) Pause Remark 2024M->2024M(4096M) 3.148ms
[2597.188s][info][gc,cpu         ] GC(471) User=0.01s Sys=0.00s Real=0.01s
[2597.188s][info][gc,marking     ] GC(471) Concurrent Mark 956.648ms
[2597.188s][info][gc,marking     ] GC(471) Concurrent Rebuild Remembered Sets and Scrub Regions
[2597.418s][info][gc,marking     ] GC(471) Concurrent Rebuild Remembered Sets and Scrub Regions 229.974ms
[2597.418s][info][gc,start       ] GC(471) Pause Cleanup
[2597.418s][info][gc             ] GC(471) Pause Cleanup 2131M->2131M(4096M) 0.127ms
[2597.418s][info][gc,cpu         ] GC(471) User=0.00s Sys=0.00s Real=0.00s
[2597.418s][info][gc,marking     ] GC(471) Concurrent Clear Claimed Marks
[2597.418s][info][gc,marking     ] GC(471) Concurrent Clear Claimed Marks 0.031ms
[2597.418s][info][gc,marking     ] GC(471) Concurrent Cleanup for Next Mark
[2597.422s][info][gc,marking     ] GC(471) Concurrent Cleanup for Next Mark 3.513ms
[2597.422s][info][gc             ] GC(471) Concurrent Mark Cycle 1368.404ms
...[2600.465s][info][gc,start       ] GC(472) Pause Young (Prepare Mixed) (G1 Evacuation Pause)
[2600.465s][info][gc,task        ] GC(472) Using 6 workers of 6 for evacuation
[2600.581s][info][gc,phases      ] GC(472)   Pre Evacuate Collection Set: 0.34ms
[2600.581s][info][gc,phases      ] GC(472)   Merge Heap Roots: 0.52ms
[2600.581s][info][gc,phases      ] GC(472)   Evacuate Collection Set: 114.80ms
[2600.581s][info][gc,phases      ] GC(472)   Post Evacuate Collection Set: 0.94ms
[2600.581s][info][gc,phases      ] GC(472)   Other: 0.09ms
[2600.581s][info][gc,heap        ] GC(472) Eden regions: 1118->0(1112)
[2600.581s][info][gc,heap        ] GC(472) Survivor regions: 110->108(154)
[2600.581s][info][gc,heap        ] GC(472) Old regions: 505->537
[2600.581s][info][gc,heap        ] GC(472) Humongous regions: 80->80
[2600.581s][info][gc,metaspace   ] GC(472) Metaspace: 28937K(29248K)->28937K(29248K) NonClass: 24053K(24192K)->24053K(24192K) Class: 4883K(5056K)->4883K(5056K)
[2600.581s][info][gc             ] GC(472) Pause Young (Prepare Mixed) (G1 Evacuation Pause) 3624M->1448M(4096M) 116.817ms
[2600.581s][info][gc,cpu         ] GC(472) User=0.69s Sys=0.00s Real=0.12s
. (rIR:aIR:PR = 4151:4151:4151) (tPR = 62319) [OK] 
  2600s: Performance info:
         Transaction,    Success,    Partial,     Failed,   Receipts, AvgBarcode, 
             Overall,     250213,          0,          0,     237682,      59.48, 
         Response times:
             Request,    Success,    Partial,     Failed,   SkipFail,     Probes,    Samples,      min,      p50,      p90,      p95,      p99,      max, 
       TotalPurchase,     237682,          0,          0,          0,     233557,     250170,      200,     3300,     6000,     8600,    44000,   209000,
     InStorePurchase,     125076,          0,          0,          0,     123110,     131573,      200,     3300,     5900,     8300,    42000,   150000,
      OnlinePurchase,      87580,          0,          0,          0,      86077,      92105,      300,     3400,     6000,     8900,    45000,   209000,
        InstPurchase,      25026,          0,          0,          0,      24370,      26492,      400,     3400,     6100,     9000,    50000,   189000,
          AssocOfCat,        249,          0,          0,          0,        197,        265,    19000,    29000,    45000,    53400,   166900,   209000,
      AssocOfProduct,       2516,          0,          0,          0,       2314,       2645,      400,     3100,     5900,     7900,    40000,    91000,
      BusinessReport,        627,          0,          0,          0,        526,        671,    23000,    34000,    51000,    67000,   132400,   203000,
          CustBuyBeh,       2502,          0,          0,          0,       2353,       2738,      300,     2500,     4400,     6400,    22000,   123000,
       ProductReturn,       6637,          0,          0,          0,       6266,       6964,      400,     4200,     6700,    10000,    47000,   126000,

  2600s: (31%)   IR =   4289 ...[2604.931s][info][gc,start       ] GC(473) Pause Young (Mixed) (G1 Evacuation Pause)
[2604.931s][info][gc,task        ] GC(473) Using 6 workers of 6 for evacuation
[2605.064s][info][gc,phases      ] GC(473)   Pre Evacuate Collection Set: 0.40ms
[2605.064s][info][gc,phases      ] GC(473)   Merge Heap Roots: 0.67ms
[2605.064s][info][gc,phases      ] GC(473)   Evacuate Collection Set: 130.47ms
[2605.064s][info][gc,phases      ] GC(473)   Post Evacuate Collection Set: 1.01ms
[2605.064s][info][gc,phases      ] GC(473)   Other: 0.10ms
[2605.064s][info][gc,heap        ] GC(473) Eden regions: 1112->0(1117)
[2605.064s][info][gc,heap        ] GC(473) Survivor regions: 108->111(153)
[2605.064s][info][gc,heap        ] GC(473) Old regions: 537->473
[2605.064s][info][gc,heap        ] GC(473) Humongous regions: 80->80
[2605.064s][info][gc,metaspace   ] GC(473) Metaspace: 28939K(29248K)->28939K(29248K) NonClass: 24055K(24192K)->24055K(24192K) Class: 4883K(5056K)->4883K(5056K)
[2605.064s][info][gc             ] GC(473) Pause Young (Mixed) (G1 Evacuation Pause) 3672M->1325M(4096M) 132.773ms
[2605.064s][info][gc,cpu         ] GC(473) User=0.79s Sys=0.00s Real=0.13s
.|....[2609.336s][info][gc,start       ] GC(474) Pause Young (Concurrent Start) (G1 Evacuation Pause)
[2609.336s][info][gc,task        ] GC(474) Using 6 workers of 6 for evacuation
[2609.453s][info][gc,phases      ] GC(474)   Pre Evacuate Collection Set: 0.40ms
[2609.453s][info][gc,phases      ] GC(474)   Merge Heap Roots: 0.48ms
[2609.453s][info][gc,phases      ] GC(474)   Evacuate Collection Set: 114.98ms
[2609.453s][info][gc,phases      ] GC(474)   Post Evacuate Collection Set: 0.95ms
[2609.453s][info][gc,phases      ] GC(474)   Other: 0.11ms
[2609.453s][info][gc,heap        ] GC(474) Eden regions: 1117->0(1118)
[2609.453s][info][gc,heap        ] GC(474) Survivor regions: 111->110(154)
[2609.453s][info][gc,heap        ] GC(474) Old regions: 473->504
[2609.453s][info][gc,heap        ] GC(474) Humongous regions: 80->80
[2609.453s][info][gc,metaspace   ] GC(474) Metaspace: 28939K(29248K)->28939K(29248K) NonClass: 24055K(24192K)->24055K(24192K) Class: 4883K(5056K)->4883K(5056K)
[2609.453s][info][gc             ] GC(474) Pause Young (Concurrent Start) (G1 Evacuation Pause) 3559M->1386M(4096M) 117.083ms
[2609.453s][info][gc             ] GC(475) Concurrent Mark Cycle
[2609.453s][info][gc,marking     ] GC(475) Concurrent Scan Root Regions
[2609.453s][info][gc,cpu         ] GC(474) User=0.69s Sys=0.00s Real=0.12s
[2609.640s][info][gc,marking     ] GC(475) Concurrent Scan Root Regions 186.787ms
[2609.640s][info][gc,marking     ] GC(475) Concurrent Mark
[2609.640s][info][gc,marking     ] GC(475) Concurrent Mark From Roots
[2609.640s][info][gc,task        ] GC(475) Using 2 workers of 2 for marking
.[2610.594s][info][gc,marking     ] GC(475) Concurrent Mark From Roots 953.224ms
[2610.594s][info][gc,marking     ] GC(475) Concurrent Preclean
[2610.594s][info][gc,marking     ] GC(475) Concurrent Preclean 0.068ms
[2610.594s][info][gc,start       ] GC(475) Pause Remark
[2610.597s][info][gc             ] GC(475) Pause Remark 2060M->2060M(4096M) 3.108ms
[2610.597s][info][gc,cpu         ] GC(475) User=0.02s Sys=0.00s Real=0.00s
[2610.597s][info][gc,marking     ] GC(475) Concurrent Mark 956.858ms
[2610.597s][info][gc,marking     ] GC(475) Concurrent Rebuild Remembered Sets and Scrub Regions
[2610.843s][info][gc,marking     ] GC(475) Concurrent Rebuild Remembered Sets and Scrub Regions 246.156ms
[2610.843s][info][gc,start       ] GC(475) Pause Cleanup
[2610.844s][info][gc             ] GC(475) Pause Cleanup 2161M->2161M(4096M) 0.126ms
[2610.844s][info][gc,cpu         ] GC(475) User=0.00s Sys=0.00s Real=0.00s
[2610.844s][info][gc,marking     ] GC(475) Concurrent Clear Claimed Marks
[2610.844s][info][gc,marking     ] GC(475) Concurrent Clear Claimed Marks 0.027ms
[2610.844s][info][gc,marking     ] GC(475) Concurrent Cleanup for Next Mark
[2610.847s][info][gc,marking     ] GC(475) Concurrent Cleanup for Next Mark 3.180ms
[2610.847s][info][gc             ] GC(475) Concurrent Mark Cycle 1393.480ms
...[2613.726s][info][gc,start       ] GC(476) Pause Young (Prepare Mixed) (G1 Evacuation Pause)
[2613.726s][info][gc,task        ] GC(476) Using 6 workers of 6 for evacuation
[2613.845s][info][gc,phases      ] GC(476)   Pre Evacuate Collection Set: 0.35ms
[2613.845s][info][gc,phases      ] GC(476)   Merge Heap Roots: 0.54ms
[2613.845s][info][gc,phases      ] GC(476)   Evacuate Collection Set: 116.53ms
[2613.845s][info][gc,phases      ] GC(476)   Post Evacuate Collection Set: 0.93ms
[2613.845s][info][gc,phases      ] GC(476)   Other: 0.09ms
[2613.845s][info][gc,heap        ] GC(476) Eden regions: 1118->0(1108)
[2613.845s][info][gc,heap        ] GC(476) Survivor regions: 110->110(154)
[2613.845s][info][gc,heap        ] GC(476) Old regions: 504->537
[2613.845s][info][gc,heap        ] GC(476) Humongous regions: 80->80
[2613.845s][info][gc,metaspace   ] GC(476) Metaspace: 28940K(29248K)->28940K(29248K) NonClass: 24056K(24192K)->24056K(24192K) Class: 4883K(5056K)->4883K(5056K)
[2613.845s][info][gc             ] GC(476) Pause Young (Prepare Mixed) (G1 Evacuation Pause) 3622M->1452M(4096M) 118.563ms
[2613.845s][info][gc,cpu         ] GC(476) User=0.70s Sys=0.00s Real=0.12s
....[2618.154s][info][gc,start       ] GC(477) Pause Young (Mixed) (G1 Evacuation Pause)
[2618.154s][info][gc,task        ] GC(477) Using 6 workers of 6 for evacuation
[2618.286s][info][gc,phases      ] GC(477)   Pre Evacuate Collection Set: 0.38ms
[2618.286s][info][gc,phases      ] GC(477)   Merge Heap Roots: 0.68ms
[2618.286s][info][gc,phases      ] GC(477)   Evacuate Collection Set: 130.17ms
[2618.286s][info][gc,phases      ] GC(477)   Post Evacuate Collection Set: 0.98ms
[2618.286s][info][gc,phases      ] GC(477)   Other: 0.09ms
[2618.286s][info][gc,heap        ] GC(477) Eden regions: 1108->0(1119)
[2618.286s][info][gc,heap        ] GC(477) Survivor regions: 110->109(153)
[2618.286s][info][gc,heap        ] GC(477) Old regions: 537->471
[2618.286s][info][gc,heap        ] GC(477) Humongous regions: 80->80
[2618.286s][info][gc,metaspace   ] GC(477) Metaspace: 28940K(29248K)->28940K(29248K) NonClass: 24056K(24192K)->24056K(24192K) Class: 4883K(5056K)->4883K(5056K)
[2618.286s][info][gc             ] GC(477) Pause Young (Mixed) (G1 Evacuation Pause) 3668M->1318M(4096M) 132.437ms
[2618.286s][info][gc,cpu         ] GC(477) User=0.78s Sys=0.00s Real=0.13s
.....[2622.586s][info][gc,start       ] GC(478) Pause Young (Concurrent Start) (G1 Evacuation Pause)
[2622.586s][info][gc,task        ] GC(478) Using 6 workers of 6 for evacuation
[2622.707s][info][gc,phases      ] GC(478)   Pre Evacuate Collection Set: 0.42ms
[2622.707s][info][gc,phases      ] GC(478)   Merge Heap Roots: 0.49ms
[2622.707s][info][gc,phases      ] GC(478)   Evacuate Collection Set: 118.78ms
[2622.707s][info][gc,phases      ] GC(478)   Post Evacuate Collection Set: 0.90ms
[2622.707s][info][gc,phases      ] GC(478)   Other: 0.10ms
[2622.707s][info][gc,heap        ] GC(478) Eden regions: 1119->0(1114)
[2622.707s][info][gc,heap        ] GC(478) Survivor regions: 109->114(154)
[2622.707s][info][gc,heap        ] GC(478) Old regions: 471->504
[2622.707s][info][gc,heap        ] GC(478) Humongous regions: 80->80
[2622.707s][info][gc,metaspace   ] GC(478) Metaspace: 28940K(29248K)->28940K(29248K) NonClass: 24056K(24192K)->24056K(24192K) Class: 4883K(5056K)->4883K(5056K)
[2622.707s][info][gc             ] GC(478) Pause Young (Concurrent Start) (G1 Evacuation Pause) 3556M->1393M(4096M) 120.823ms
[2622.707s][info][gc             ] GC(479) Concurrent Mark Cycle
[2622.707s][info][gc,marking     ] GC(479) Concurrent Scan Root Regions
[2622.707s][info][gc,cpu         ] GC(478) User=0.72s Sys=0.00s Real=0.12s
[2622.895s][info][gc,marking     ] GC(479) Concurrent Scan Root Regions 187.888ms
[2622.895s][info][gc,marking     ] GC(479) Concurrent Mark
[2622.895s][info][gc,marking     ] GC(479) Concurrent Mark From Roots
[2622.895s][info][gc,task        ] GC(479) Using 2 workers of 2 for marking
.[2623.903s][info][gc,marking     ] GC(479) Concurrent Mark From Roots 1007.886ms
[2623.903s][info][gc,marking     ] GC(479) Concurrent Preclean
[2623.903s][info][gc,marking     ] GC(479) Concurrent Preclean 0.054ms
[2623.903s][info][gc,start       ] GC(479) Pause Remark
[2623.905s][info][gc             ] GC(479) Pause Remark 2077M->2077M(4096M) 2.237ms
[2623.905s][info][gc,cpu         ] GC(479) User=0.01s Sys=0.00s Real=0.00s
[2623.906s][info][gc,marking     ] GC(479) Concurrent Mark 1011.462ms
[2623.906s][info][gc,marking     ] GC(479) Concurrent Rebuild Remembered Sets and Scrub Regions
[2624.151s][info][gc,marking     ] GC(479) Concurrent Rebuild Remembered Sets and Scrub Regions 244.463ms
[2624.151s][info][gc,start       ] GC(479) Pause Cleanup
[2624.151s][info][gc             ] GC(479) Pause Cleanup 2179M->2179M(4096M) 0.126ms
[2624.151s][info][gc,cpu         ] GC(479) User=0.00s Sys=0.00s Real=0.00s
[2624.151s][info][gc,marking     ] GC(479) Concurrent Clear Claimed Marks
[2624.151s][info][gc,marking     ] GC(479) Concurrent Clear Claimed Marks 0.034ms
[2624.151s][info][gc,marking     ] GC(479) Concurrent Cleanup for Next Mark
[2624.155s][info][gc,marking     ] GC(479) Concurrent Cleanup for Next Mark 3.544ms
[2624.155s][info][gc             ] GC(479) Concurrent Mark Cycle 1447.872ms
...[2626.951s][info][gc,start       ] GC(480) Pause Young (Prepare Mixed) (G1 Evacuation Pause)
[2626.951s][info][gc,task        ] GC(480) Using 6 workers of 6 for evacuation
[2627.069s][info][gc,phases      ] GC(480)   Pre Evacuate Collection Set: 0.39ms
[2627.069s][info][gc,phases      ] GC(480)   Merge Heap Roots: 0.55ms
[2627.069s][info][gc,phases      ] GC(480)   Evacuate Collection Set: 115.91ms
[2627.069s][info][gc,phases      ] GC(480)   Post Evacuate Collection Set: 0.93ms
[2627.069s][info][gc,phases      ] GC(480)   Other: 0.09ms
[2627.069s][info][gc,heap        ] GC(480) Eden regions: 1114->0(1109)
[2627.069s][info][gc,heap        ] GC(480) Survivor regions: 114->110(154)
[2627.069s][info][gc,heap        ] GC(480) Old regions: 504->536
[2627.069s][info][gc,heap        ] GC(480) Humongous regions: 80->80
[2627.069s][info][gc,metaspace   ] GC(480) Metaspace: 28940K(29248K)->28940K(29248K) NonClass: 24056K(24192K)->24056K(24192K) Class: 4883K(5056K)->4883K(5056K)
[2627.069s][info][gc             ] GC(480) Pause Young (Prepare Mixed) (G1 Evacuation Pause) 3621M->1450M(4096M) 117.998ms
[2627.069s][info][gc,cpu         ] GC(480) User=0.71s Sys=0.00s Real=0.12s
.....[2631.347s][info][gc,start       ] GC(481) Pause Young (Mixed) (G1 Evacuation Pause)
[2631.347s][info][gc,task        ] GC(481) Using 6 workers of 6 for evacuation
[2631.478s][info][gc,phases      ] GC(481)   Pre Evacuate Collection Set: 0.41ms
[2631.478s][info][gc,phases      ] GC(481)   Merge Heap Roots: 0.71ms
[2631.478s][info][gc,phases      ] GC(481)   Evacuate Collection Set: 128.82ms
[2631.478s][info][gc,phases      ] GC(481)   Post Evacuate Collection Set: 0.99ms
[2631.478s][info][gc,phases      ] GC(481)   Other: 0.09ms
[2631.478s][info][gc,heap        ] GC(481) Eden regions: 1109->0(1119)
[2631.478s][info][gc,heap        ] GC(481) Survivor regions: 110->109(153)
[2631.478s][info][gc,heap        ] GC(481) Old regions: 536->473
[2631.478s][info][gc,heap        ] GC(481) Humongous regions: 80->80
[2631.478s][info][gc,metaspace   ] GC(481) Metaspace: 28940K(29248K)->28940K(29248K) NonClass: 24056K(24192K)->24056K(24192K) Class: 4883K(5056K)->4883K(5056K)
[2631.478s][info][gc             ] GC(481) Pause Young (Mixed) (G1 Evacuation Pause) 3668M->1321M(4096M) 131.155ms
[2631.478s][info][gc,cpu         ] GC(481) User=0.78s Sys=0.00s Real=0.14s
....[2635.719s][info][gc,start       ] GC(482) Pause Young (Concurrent Start) (G1 Evacuation Pause)
[2635.719s][info][gc,task        ] GC(482) Using 6 workers of 6 for evacuation
[2635.832s][info][gc,phases      ] GC(482)   Pre Evacuate Collection Set: 0.38ms
[2635.832s][info][gc,phases      ] GC(482)   Merge Heap Roots: 0.48ms
[2635.832s][info][gc,phases      ] GC(482)   Evacuate Collection Set: 111.32ms
[2635.832s][info][gc,phases      ] GC(482)   Post Evacuate Collection Set: 0.91ms
[2635.832s][info][gc,phases      ] GC(482)   Other: 0.11ms
[2635.832s][info][gc,heap        ] GC(482) Eden regions: 1119->0(1122)
[2635.832s][info][gc,heap        ] GC(482) Survivor regions: 109->106(154)
[2635.832s][info][gc,heap        ] GC(482) Old regions: 473->504
[2635.832s][info][gc,heap        ] GC(482) Humongous regions: 80->80
[2635.832s][info][gc,metaspace   ] GC(482) Metaspace: 28940K(29248K)->28940K(29248K) NonClass: 24056K(24192K)->24056K(24192K) Class: 4883K(5056K)->4883K(5056K)
[2635.832s][info][gc             ] GC(482) Pause Young (Concurrent Start) (G1 Evacuation Pause) 3559M->1379M(4096M) 113.326ms
[2635.832s][info][gc             ] GC(483) Concurrent Mark Cycle
[2635.832s][info][gc,marking     ] GC(483) Concurrent Scan Root Regions
[2635.832s][info][gc,cpu         ] GC(482) User=0.67s Sys=0.00s Real=0.11s
[2636.005s][info][gc,marking     ] GC(483) Concurrent Scan Root Regions 173.275ms
[2636.006s][info][gc,marking     ] GC(483) Concurrent Mark
[2636.006s][info][gc,marking     ] GC(483) Concurrent Mark From Roots
[2636.006s][info][gc,task        ] GC(483) Using 2 workers of 2 for marking
.[2636.744s][info][gc,marking     ] GC(483) Concurrent Mark From Roots 738.624ms
[2636.744s][info][gc,marking     ] GC(483) Concurrent Preclean
[2636.744s][info][gc,marking     ] GC(483) Concurrent Preclean 0.037ms
[2636.744s][info][gc,start       ] GC(483) Pause Remark
[2636.747s][info][gc             ] GC(483) Pause Remark 1884M->1884M(4096M) 2.735ms
[2636.747s][info][gc,cpu         ] GC(483) User=0.01s Sys=0.00s Real=0.00s
[2636.747s][info][gc,marking     ] GC(483) Concurrent Mark 741.668ms
[2636.747s][info][gc,marking     ] GC(483) Concurrent Rebuild Remembered Sets and Scrub Regions
[2637.017s][info][gc,marking     ] GC(483) Concurrent Rebuild Remembered Sets and Scrub Regions 269.550ms
[2637.017s][info][gc,start       ] GC(483) Pause Cleanup
[2637.017s][info][gc             ] GC(483) Pause Cleanup 2018M->2018M(4096M) 0.138ms
[2637.017s][info][gc,cpu         ] GC(483) User=0.00s Sys=0.00s Real=0.00s
[2637.017s][info][gc,marking     ] GC(483) Concurrent Clear Claimed Marks
[2637.017s][info][gc,marking     ] GC(483) Concurrent Clear Claimed Marks 0.029ms
[2637.017s][info][gc,marking     ] GC(483) Concurrent Cleanup for Next Mark
[2637.020s][info][gc,marking     ] GC(483) Concurrent Cleanup for Next Mark 3.235ms
[2637.020s][info][gc             ] GC(483) Concurrent Mark Cycle 1188.222ms
...[2640.176s][info][gc,start       ] GC(484) Pause Young (Prepare Mixed) (G1 Evacuation Pause)
[2640.176s][info][gc,task        ] GC(484) Using 6 workers of 6 for evacuation
[2640.294s][info][gc,phases      ] GC(484)   Pre Evacuate Collection Set: 0.33ms
[2640.294s][info][gc,phases      ] GC(484)   Merge Heap Roots: 0.52ms
[2640.294s][info][gc,phases      ] GC(484)   Evacuate Collection Set: 116.31ms
[2640.294s][info][gc,phases      ] GC(484)   Post Evacuate Collection Set: 0.88ms
[2640.294s][info][gc,phases      ] GC(484)   Other: 0.10ms
[2640.294s][info][gc,heap        ] GC(484) Eden regions: 1122->0(1111)
[2640.294s][info][gc,heap        ] GC(484) Survivor regions: 106->109(154)
[2640.294s][info][gc,heap        ] GC(484) Old regions: 504->536
[2640.294s][info][gc,heap        ] GC(484) Humongous regions: 80->80
[2640.294s][info][gc,metaspace   ] GC(484) Metaspace: 28941K(29248K)->28941K(29248K) NonClass: 24057K(24192K)->24057K(24192K) Class: 4883K(5056K)->4883K(5056K)
[2640.294s][info][gc             ] GC(484) Pause Young (Prepare Mixed) (G1 Evacuation Pause) 3623M->1448M(4096M) 118.291ms
[2640.294s][info][gc,cpu         ] GC(484) User=0.70s Sys=0.00s Real=0.12s
.....[2644.557s][info][gc,start       ] GC(485) Pause Young (Mixed) (G1 Evacuation Pause)
[2644.557s][info][gc,task        ] GC(485) Using 6 workers of 6 for evacuation
[2644.695s][info][gc,phases      ] GC(485)   Pre Evacuate Collection Set: 0.39ms
[2644.695s][info][gc,phases      ] GC(485)   Merge Heap Roots: 0.90ms
[2644.695s][info][gc,phases      ] GC(485)   Evacuate Collection Set: 135.79ms
[2644.695s][info][gc,phases      ] GC(485)   Post Evacuate Collection Set: 1.00ms
[2644.695s][info][gc,phases      ] GC(485)   Other: 0.09ms
[2644.695s][info][gc,heap        ] GC(485) Eden regions: 1111->0(1118)
[2644.695s][info][gc,heap        ] GC(485) Survivor regions: 109->110(153)
[2644.695s][info][gc,heap        ] GC(485) Old regions: 536->471
[2644.695s][info][gc,heap        ] GC(485) Humongous regions: 80->80
[2644.695s][info][gc,metaspace   ] GC(485) Metaspace: 28941K(29248K)->28941K(29248K) NonClass: 24057K(24192K)->24057K(24192K) Class: 4883K(5056K)->4883K(5056K)
[2644.695s][info][gc             ] GC(485) Pause Young (Mixed) (G1 Evacuation Pause) 3670M->1320M(4096M) 138.300ms
[2644.695s][info][gc,cpu         ] GC(485) User=0.82s Sys=0.00s Real=0.14s
....[2648.959s][info][gc,start       ] GC(486) Pause Young (Concurrent Start) (G1 Evacuation Pause)
[2648.959s][info][gc,task        ] GC(486) Using 6 workers of 6 for evacuation
[2649.075s][info][gc,phases      ] GC(486)   Pre Evacuate Collection Set: 0.38ms
[2649.075s][info][gc,phases      ] GC(486)   Merge Heap Roots: 0.54ms
[2649.075s][info][gc,phases      ] GC(486)   Evacuate Collection Set: 114.83ms
[2649.075s][info][gc,phases      ] GC(486)   Post Evacuate Collection Set: 0.91ms
[2649.075s][info][gc,phases      ] GC(486)   Other: 0.11ms
[2649.075s][info][gc,heap        ] GC(486) Eden regions: 1118->0(1120)
[2649.075s][info][gc,heap        ] GC(486) Survivor regions: 110->108(154)
[2649.075s][info][gc,heap        ] GC(486) Old regions: 471->503
[2649.075s][info][gc,heap        ] GC(486) Humongous regions: 80->80
[2649.075s][info][gc,metaspace   ] GC(486) Metaspace: 28941K(29248K)->28941K(29248K) NonClass: 24057K(24192K)->24057K(24192K) Class: 4883K(5056K)->4883K(5056K)
[2649.075s][info][gc             ] GC(486) Pause Young (Concurrent Start) (G1 Evacuation Pause) 3556M->1380M(4096M) 116.897ms
[2649.076s][info][gc             ] GC(487) Concurrent Mark Cycle
[2649.076s][info][gc,marking     ] GC(487) Concurrent Scan Root Regions
[2649.076s][info][gc,cpu         ] GC(486) User=0.69s Sys=0.00s Real=0.11s
[2649.241s][info][gc,marking     ] GC(487) Concurrent Scan Root Regions 165.023ms
[2649.241s][info][gc,marking     ] GC(487) Concurrent Mark
[2649.241s][info][gc,marking     ] GC(487) Concurrent Mark From Roots
[2649.241s][info][gc,task        ] GC(487) Using 2 workers of 2 for marking
.[2649.966s][info][gc,marking     ] GC(487) Concurrent Mark From Roots 725.239ms
[2649.966s][info][gc,marking     ] GC(487) Concurrent Preclean
[2649.966s][info][gc,marking     ] GC(487) Concurrent Preclean 0.036ms
[2649.966s][info][gc,start       ] GC(487) Pause Remark
[2649.968s][info][gc             ] GC(487) Pause Remark 1875M->1875M(4096M) 2.429ms
[2649.969s][info][gc,cpu         ] GC(487) User=0.01s Sys=0.00s Real=0.01s
[2649.969s][info][gc,marking     ] GC(487) Concurrent Mark 727.929ms
[2649.969s][info][gc,marking     ] GC(487) Concurrent Rebuild Remembered Sets and Scrub Regions
[2650.222s][info][gc,marking     ] GC(487) Concurrent Rebuild Remembered Sets and Scrub Regions 253.458ms
[2650.222s][info][gc,start       ] GC(487) Pause Cleanup
[2650.222s][info][gc             ] GC(487) Pause Cleanup 1999M->1999M(4096M) 0.124ms
[2650.222s][info][gc,cpu         ] GC(487) User=0.00s Sys=0.00s Real=0.00s
[2650.222s][info][gc,marking     ] GC(487) Concurrent Clear Claimed Marks
[2650.222s][info][gc,marking     ] GC(487) Concurrent Clear Claimed Marks 0.041ms
[2650.222s][info][gc,marking     ] GC(487) Concurrent Cleanup for Next Mark
[2650.226s][info][gc,marking     ] GC(487) Concurrent Cleanup for Next Mark 3.185ms
[2650.226s][info][gc             ] GC(487) Concurrent Mark Cycle 1150.087ms
....[2653.442s][info][gc,start       ] GC(488) Pause Young (Prepare Mixed) (G1 Evacuation Pause)
[2653.442s][info][gc,task        ] GC(488) Using 6 workers of 6 for evacuation
[2653.558s][info][gc,phases      ] GC(488)   Pre Evacuate Collection Set: 0.36ms
[2653.558s][info][gc,phases      ] GC(488)   Merge Heap Roots: 0.53ms
[2653.558s][info][gc,phases      ] GC(488)   Evacuate Collection Set: 114.52ms
[2653.558s][info][gc,phases      ] GC(488)   Post Evacuate Collection Set: 0.98ms
[2653.558s][info][gc,phases      ] GC(488)   Other: 0.09ms
[2653.558s][info][gc,heap        ] GC(488) Eden regions: 1120->0(1112)
[2653.558s][info][gc,heap        ] GC(488) Survivor regions: 108->109(154)
[2653.558s][info][gc,heap        ] GC(488) Old regions: 503->535
[2653.558s][info][gc,heap        ] GC(488) Humongous regions: 80->80
[2653.559s][info][gc,metaspace   ] GC(488) Metaspace: 28941K(29248K)->28941K(29248K) NonClass: 24057K(24192K)->24057K(24192K) Class: 4883K(5056K)->4883K(5056K)
[2653.559s][info][gc             ] GC(488) Pause Young (Prepare Mixed) (G1 Evacuation Pause) 3620M->1446M(4096M) 116.614ms
[2653.559s][info][gc,cpu         ] GC(488) User=0.70s Sys=0.00s Real=0.12s
....[2657.796s][info][gc,start       ] GC(489) Pause Young (Mixed) (G1 Evacuation Pause)
[2657.796s][info][gc,task        ] GC(489) Using 6 workers of 6 for evacuation
[2657.927s][info][gc,phases      ] GC(489)   Pre Evacuate Collection Set: 0.35ms
[2657.927s][info][gc,phases      ] GC(489)   Merge Heap Roots: 0.67ms
[2657.927s][info][gc,phases      ] GC(489)   Evacuate Collection Set: 128.20ms
[2657.927s][info][gc,phases      ] GC(489)   Post Evacuate Collection Set: 0.96ms
[2657.927s][info][gc,phases      ] GC(489)   Other: 0.10ms
[2657.927s][info][gc,heap        ] GC(489) Eden regions: 1112->0(1121)
[2657.927s][info][gc,heap        ] GC(489) Survivor regions: 109->107(153)
[2657.927s][info][gc,heap        ] GC(489) Old regions: 535->473
[2657.927s][info][gc,heap        ] GC(489) Humongous regions: 80->80
[2657.927s][info][gc,metaspace   ] GC(489) Metaspace: 28941K(29248K)->28941K(29248K) NonClass: 24057K(24192K)->24057K(24192K) Class: 4883K(5056K)->4883K(5056K)
[2657.927s][info][gc             ] GC(489) Pause Young (Mixed) (G1 Evacuation Pause) 3670M->1319M(4096M) 130.420ms
[2657.927s][info][gc,cpu         ] GC(489) User=0.78s Sys=0.00s Real=0.13s
....[2662.287s][info][gc,start       ] GC(490) Pause Young (Concurrent Start) (G1 Evacuation Pause)
[2662.287s][info][gc,task        ] GC(490) Using 6 workers of 6 for evacuation
[2662.403s][info][gc,phases      ] GC(490)   Pre Evacuate Collection Set: 0.37ms
[2662.403s][info][gc,phases      ] GC(490)   Merge Heap Roots: 0.48ms
[2662.403s][info][gc,phases      ] GC(490)   Evacuate Collection Set: 114.45ms
[2662.403s][info][gc,phases      ] GC(490)   Post Evacuate Collection Set: 0.89ms
[2662.403s][info][gc,phases      ] GC(490)   Other: 0.10ms
[2662.403s][info][gc,heap        ] GC(490) Eden regions: 1121->0(1119)
[2662.403s][info][gc,heap        ] GC(490) Survivor regions: 107->109(154)
[2662.403s][info][gc,heap        ] GC(490) Old regions: 473->505
[2662.403s][info][gc,heap        ] GC(490) Humongous regions: 80->80
[2662.403s][info][gc,metaspace   ] GC(490) Metaspace: 28941K(29248K)->28941K(29248K) NonClass: 24057K(24192K)->24057K(24192K) Class: 4883K(5056K)->4883K(5056K)
[2662.403s][info][gc             ] GC(490) Pause Young (Concurrent Start) (G1 Evacuation Pause) 3561M->1385M(4096M) 116.427ms
[2662.403s][info][gc             ] GC(491) Concurrent Mark Cycle
[2662.403s][info][gc,marking     ] GC(491) Concurrent Scan Root Regions
[2662.403s][info][gc,cpu         ] GC(490) User=0.69s Sys=0.00s Real=0.12s
.[2662.586s][info][gc,marking     ] GC(491) Concurrent Scan Root Regions 182.573ms
[2662.586s][info][gc,marking     ] GC(491) Concurrent Mark
[2662.586s][info][gc,marking     ] GC(491) Concurrent Mark From Roots
[2662.586s][info][gc,task        ] GC(491) Using 2 workers of 2 for marking
.[2663.550s][info][gc,marking     ] GC(491) Concurrent Mark From Roots 963.957ms
[2663.550s][info][gc,marking     ] GC(491) Concurrent Preclean
[2663.550s][info][gc,marking     ] GC(491) Concurrent Preclean 0.059ms
[2663.550s][info][gc,start       ] GC(491) Pause Remark
[2663.554s][info][gc             ] GC(491) Pause Remark 2040M->2040M(4096M) 3.369ms
[2663.554s][info][gc,cpu         ] GC(491) User=0.02s Sys=0.00s Real=0.00s
[2663.555s][info][gc,marking     ] GC(491) Concurrent Mark 968.618ms
[2663.555s][info][gc,marking     ] GC(491) Concurrent Rebuild Remembered Sets and Scrub Regions
[2663.960s][info][gc,marking     ] GC(491) Concurrent Rebuild Remembered Sets and Scrub Regions 405.423ms
[2663.960s][info][gc,start       ] GC(491) Pause Cleanup
[2663.960s][info][gc             ] GC(491) Pause Cleanup 2247M->2247M(4096M) 0.135ms
[2663.960s][info][gc,cpu         ] GC(491) User=0.00s Sys=0.00s Real=0.00s
[2663.960s][info][gc,marking     ] GC(491) Concurrent Clear Claimed Marks
[2663.960s][info][gc,marking     ] GC(491) Concurrent Clear Claimed Marks 0.027ms
[2663.960s][info][gc,marking     ] GC(491) Concurrent Cleanup for Next Mark
[2663.964s][info][gc,marking     ] GC(491) Concurrent Cleanup for Next Mark 3.742ms
[2663.964s][info][gc             ] GC(491) Concurrent Mark Cycle 1560.860ms
.. (rIR:aIR:PR = 4289:4290:4290) (tPR = 63802) [OK] 
  2665s: Performance info:
         Transaction,    Success,    Partial,     Failed,   Receipts, AvgBarcode, 
             Overall,     258473,          0,          0,     245579,      59.48, 
         Response times:
             Request,    Success,    Partial,     Failed,   SkipFail,     Probes,    Samples,      min,      p50,      p90,      p95,      p99,      max, 
       TotalPurchase,     245544,          0,          0,          0,     241478,     257651,      300,     3400,     6200,     9700,    46000,   212000,
     InStorePurchase,     129255,          0,          0,          0,     127459,     135658,      300,     3400,     6200,     9600,    46000,   212000,
      OnlinePurchase,      90488,          0,          0,          0,      89004,      94922,      300,     3400,     6100,     9700,    45000,   212000,
        InstPurchase,      25801,          0,          0,          0,      25015,      27071,      400,     3800,     6600,    10100,    50000,   181000,
          AssocOfCat,        254,          0,          0,          0,        208,        276,    19900,    31000,    55000,    73150,   161690,   220000,
      AssocOfProduct,       2590,          0,          0,          0,       2388,       2724,      400,     3500,     6400,     8675,    48750,   139000,
      BusinessReport,        646,          0,          0,          0,        534,        665,    21000,    35000,    52000,    63700,   158060,   203000,
          CustBuyBeh,       2581,          0,          0,          0,       2356,       2696,      900,     4000,     6600,    14000,    50000,   137000,
       ProductReturn,       6832,          0,          0,          0,       6505,       7222,      200,     2200,     4800,     7500,    39000,   143000,

  2665s: (32%)   IR =   4428 .[2666.702s][info][gc,start       ] GC(492) Pause Young (Prepare Mixed) (G1 Evacuation Pause)
[2666.703s][info][gc,task        ] GC(492) Using 6 workers of 6 for evacuation
[2666.818s][info][gc,phases      ] GC(492)   Pre Evacuate Collection Set: 0.35ms
[2666.818s][info][gc,phases      ] GC(492)   Merge Heap Roots: 0.57ms
[2666.818s][info][gc,phases      ] GC(492)   Evacuate Collection Set: 113.68ms
[2666.818s][info][gc,phases      ] GC(492)   Post Evacuate Collection Set: 0.93ms
[2666.818s][info][gc,phases      ] GC(492)   Other: 0.09ms
[2666.818s][info][gc,heap        ] GC(492) Eden regions: 1119->0(1113)
[2666.818s][info][gc,heap        ] GC(492) Survivor regions: 109->108(154)
[2666.818s][info][gc,heap        ] GC(492) Old regions: 505->536
[2666.818s][info][gc,heap        ] GC(492) Humongous regions: 80->80
[2666.818s][info][gc,metaspace   ] GC(492) Metaspace: 28941K(29248K)->28941K(29248K) NonClass: 24057K(24192K)->24057K(24192K) Class: 4883K(5056K)->4883K(5056K)
[2666.818s][info][gc             ] GC(492) Pause Young (Prepare Mixed) (G1 Evacuation Pause) 3623M->1446M(4096M) 115.778ms
[2666.818s][info][gc,cpu         ] GC(492) User=0.69s Sys=0.00s Real=0.12s
....[2670.962s][info][gc,start       ] GC(493) Pause Young (Mixed) (G1 Evacuation Pause)
[2670.962s][info][gc,task        ] GC(493) Using 6 workers of 6 for evacuation
[2671.093s][info][gc,phases      ] GC(493)   Pre Evacuate Collection Set: 0.38ms
[2671.093s][info][gc,phases      ] GC(493)   Merge Heap Roots: 0.66ms
[2671.093s][info][gc,phases      ] GC(493)   Evacuate Collection Set: 129.06ms
[2671.093s][info][gc,phases      ] GC(493)   Post Evacuate Collection Set: 0.95ms
[2671.093s][info][gc,phases      ] GC(493)   Other: 0.09ms
[2671.093s][info][gc,heap        ] GC(493) Eden regions: 1113->0(1119)
[2671.093s][info][gc,heap        ] GC(493) Survivor regions: 108->109(153)
[2671.093s][info][gc,heap        ] GC(493) Old regions: 536->470
[2671.093s][info][gc,heap        ] GC(493) Humongous regions: 80->80
[2671.093s][info][gc,metaspace   ] GC(493) Metaspace: 28941K(29248K)->28941K(29248K) NonClass: 24057K(24192K)->24057K(24192K) Class: 4883K(5056K)->4883K(5056K)
[2671.093s][info][gc             ] GC(493) Pause Young (Mixed) (G1 Evacuation Pause) 3672M->1316M(4096M) 131.279ms
[2671.093s][info][gc,cpu         ] GC(493) User=0.78s Sys=0.00s Real=0.13s
..|..[2675.214s][info][gc,start       ] GC(494) Pause Young (Concurrent Start) (G1 Evacuation Pause)
[2675.214s][info][gc,task        ] GC(494) Using 6 workers of 6 for evacuation
[2675.330s][info][gc,phases      ] GC(494)   Pre Evacuate Collection Set: 0.41ms
[2675.330s][info][gc,phases      ] GC(494)   Merge Heap Roots: 0.47ms
[2675.330s][info][gc,phases      ] GC(494)   Evacuate Collection Set: 114.43ms
[2675.330s][info][gc,phases      ] GC(494)   Post Evacuate Collection Set: 0.90ms
[2675.330s][info][gc,phases      ] GC(494)   Other: 0.10ms
[2675.330s][info][gc,heap        ] GC(494) Eden regions: 1119->0(1119)
[2675.330s][info][gc,heap        ] GC(494) Survivor regions: 109->109(154)
[2675.330s][info][gc,heap        ] GC(494) Old regions: 470->502
[2675.330s][info][gc,heap        ] GC(494) Humongous regions: 80->80
[2675.330s][info][gc,metaspace   ] GC(494) Metaspace: 28941K(29248K)->28941K(29248K) NonClass: 24057K(24192K)->24057K(24192K) Class: 4883K(5056K)->4883K(5056K)
[2675.330s][info][gc             ] GC(494) Pause Young (Concurrent Start) (G1 Evacuation Pause) 3554M->1380M(4096M) 116.456ms
[2675.330s][info][gc             ] GC(495) Concurrent Mark Cycle
[2675.330s][info][gc,marking     ] GC(495) Concurrent Scan Root Regions
[2675.330s][info][gc,cpu         ] GC(494) User=0.70s Sys=0.00s Real=0.12s
.[2675.513s][info][gc,marking     ] GC(495) Concurrent Scan Root Regions 182.712ms
[2675.513s][info][gc,marking     ] GC(495) Concurrent Mark
[2675.513s][info][gc,marking     ] GC(495) Concurrent Mark From Roots
[2675.513s][info][gc,task        ] GC(495) Using 2 workers of 2 for marking
.[2676.463s][info][gc,marking     ] GC(495) Concurrent Mark From Roots 950.473ms
[2676.463s][info][gc,marking     ] GC(495) Concurrent Preclean
[2676.463s][info][gc,marking     ] GC(495) Concurrent Preclean 0.049ms
[2676.464s][info][gc,start       ] GC(495) Pause Remark
[2676.467s][info][gc             ] GC(495) Pause Remark 2018M->2018M(4096M) 3.306ms
[2676.467s][info][gc,cpu         ] GC(495) User=0.02s Sys=0.00s Real=0.00s
[2676.467s][info][gc,marking     ] GC(495) Concurrent Mark 954.088ms
[2676.467s][info][gc,marking     ] GC(495) Concurrent Rebuild Remembered Sets and Scrub Regions
[2676.731s][info][gc,marking     ] GC(495) Concurrent Rebuild Remembered Sets and Scrub Regions 263.703ms
[2676.731s][info][gc,start       ] GC(495) Pause Cleanup
[2676.731s][info][gc             ] GC(495) Pause Cleanup 2163M->2163M(4096M) 0.126ms
[2676.731s][info][gc,cpu         ] GC(495) User=0.00s Sys=0.00s Real=0.00s
[2676.731s][info][gc,marking     ] GC(495) Concurrent Clear Claimed Marks
[2676.731s][info][gc,marking     ] GC(495) Concurrent Clear Claimed Marks 0.032ms
[2676.731s][info][gc,marking     ] GC(495) Concurrent Cleanup for Next Mark
[2676.735s][info][gc,marking     ] GC(495) Concurrent Cleanup for Next Mark 3.741ms
[2676.735s][info][gc             ] GC(495) Concurrent Mark Cycle 1404.753ms
...[2679.521s][info][gc,start       ] GC(496) Pause Young (Prepare Mixed) (G1 Evacuation Pause)
[2679.521s][info][gc,task        ] GC(496) Using 6 workers of 6 for evacuation
[2679.640s][info][gc,phases      ] GC(496)   Pre Evacuate Collection Set: 0.34ms
[2679.640s][info][gc,phases      ] GC(496)   Merge Heap Roots: 0.57ms
[2679.640s][info][gc,phases      ] GC(496)   Evacuate Collection Set: 116.82ms
[2679.640s][info][gc,phases      ] GC(496)   Post Evacuate Collection Set: 0.95ms
[2679.640s][info][gc,phases      ] GC(496)   Other: 0.08ms
[2679.640s][info][gc,heap        ] GC(496) Eden regions: 1119->0(1111)
[2679.640s][info][gc,heap        ] GC(496) Survivor regions: 109->110(154)
[2679.640s][info][gc,heap        ] GC(496) Old regions: 502->534
[2679.640s][info][gc,heap        ] GC(496) Humongous regions: 80->80
[2679.640s][info][gc,metaspace   ] GC(496) Metaspace: 28941K(29248K)->28941K(29248K) NonClass: 24057K(24192K)->24057K(24192K) Class: 4883K(5056K)->4883K(5056K)
[2679.640s][info][gc             ] GC(496) Pause Young (Prepare Mixed) (G1 Evacuation Pause) 3618M->1446M(4096M) 118.894ms
[2679.640s][info][gc,cpu         ] GC(496) User=0.71s Sys=0.00s Real=0.12s
....[2683.801s][info][gc,start       ] GC(497) Pause Young (Mixed) (G1 Evacuation Pause)
[2683.801s][info][gc,task        ] GC(497) Using 6 workers of 6 for evacuation
[2683.932s][info][gc,phases      ] GC(497)   Pre Evacuate Collection Set: 0.39ms
[2683.932s][info][gc,phases      ] GC(497)   Merge Heap Roots: 0.70ms
[2683.932s][info][gc,phases      ] GC(497)   Evacuate Collection Set: 128.63ms
[2683.932s][info][gc,phases      ] GC(497)   Post Evacuate Collection Set: 0.96ms
[2683.932s][info][gc,phases      ] GC(497)   Other: 0.09ms
[2683.932s][info][gc,heap        ] GC(497) Eden regions: 1111->0(1120)
[2683.932s][info][gc,heap        ] GC(497) Survivor regions: 110->108(153)
[2683.932s][info][gc,heap        ] GC(497) Old regions: 534->471
[2683.932s][info][gc,heap        ] GC(497) Humongous regions: 80->80
[2683.932s][info][gc,metaspace   ] GC(497) Metaspace: 28941K(29248K)->28941K(29248K) NonClass: 24057K(24192K)->24057K(24192K) Class: 4883K(5056K)->4883K(5056K)
[2683.932s][info][gc             ] GC(497) Pause Young (Mixed) (G1 Evacuation Pause) 3668M->1316M(4096M) 130.891ms
[2683.932s][info][gc,cpu         ] GC(497) User=0.78s Sys=0.00s Real=0.13s
....[2688.063s][info][gc,start       ] GC(498) Pause Young (Concurrent Start) (G1 Evacuation Pause)
[2688.063s][info][gc,task        ] GC(498) Using 6 workers of 6 for evacuation
[2688.181s][info][gc,phases      ] GC(498)   Pre Evacuate Collection Set: 0.42ms
[2688.181s][info][gc,phases      ] GC(498)   Merge Heap Roots: 0.52ms
[2688.181s][info][gc,phases      ] GC(498)   Evacuate Collection Set: 115.98ms
[2688.181s][info][gc,phases      ] GC(498)   Post Evacuate Collection Set: 0.90ms
[2688.181s][info][gc,phases      ] GC(498)   Other: 0.14ms
[2688.181s][info][gc,heap        ] GC(498) Eden regions: 1120->0(1119)
[2688.181s][info][gc,heap        ] GC(498) Survivor regions: 108->109(154)
[2688.181s][info][gc,heap        ] GC(498) Old regions: 471->503
[2688.181s][info][gc,heap        ] GC(498) Humongous regions: 80->80
[2688.181s][info][gc,metaspace   ] GC(498) Metaspace: 28941K(29248K)->28941K(29248K) NonClass: 24057K(24192K)->24057K(24192K) Class: 4883K(5056K)->4883K(5056K)
[2688.181s][info][gc             ] GC(498) Pause Young (Concurrent Start) (G1 Evacuation Pause) 3556M->1383M(4096M) 118.078ms
[2688.181s][info][gc             ] GC(499) Concurrent Mark Cycle
[2688.181s][info][gc,marking     ] GC(499) Concurrent Scan Root Regions
[2688.181s][info][gc,cpu         ] GC(498) User=0.70s Sys=0.00s Real=0.12s
[2688.321s][info][gc,marking     ] GC(499) Concurrent Scan Root Regions 140.179ms
[2688.321s][info][gc,marking     ] GC(499) Concurrent Mark
[2688.321s][info][gc,marking     ] GC(499) Concurrent Mark From Roots
[2688.321s][info][gc,task        ] GC(499) Using 2 workers of 2 for marking
.[2688.959s][info][gc,marking     ] GC(499) Concurrent Mark From Roots 637.488ms
[2688.959s][info][gc,marking     ] GC(499) Concurrent Preclean
[2688.959s][info][gc,marking     ] GC(499) Concurrent Preclean 0.045ms
[2688.959s][info][gc,start       ] GC(499) Pause Remark
[2688.962s][info][gc             ] GC(499) Pause Remark 1867M->1867M(4096M) 2.786ms
[2688.962s][info][gc,cpu         ] GC(499) User=0.01s Sys=0.00s Real=0.00s
[2688.962s][info][gc,marking     ] GC(499) Concurrent Mark 640.562ms
[2688.962s][info][gc,marking     ] GC(499) Concurrent Rebuild Remembered Sets and Scrub Regions
[2689.196s][info][gc,marking     ] GC(499) Concurrent Rebuild Remembered Sets and Scrub Regions 234.064ms
[2689.196s][info][gc,start       ] GC(499) Pause Cleanup
[2689.197s][info][gc             ] GC(499) Pause Cleanup 1997M->1997M(4096M) 0.136ms
[2689.197s][info][gc,cpu         ] GC(499) User=0.00s Sys=0.00s Real=0.00s
[2689.197s][info][gc,marking     ] GC(499) Concurrent Clear Claimed Marks
[2689.197s][info][gc,marking     ] GC(499) Concurrent Clear Claimed Marks 0.031ms
[2689.197s][info][gc,marking     ] GC(499) Concurrent Cleanup for Next Mark
[2689.200s][info][gc,marking     ] GC(499) Concurrent Cleanup for Next Mark 3.298ms
[2689.200s][info][gc             ] GC(499) Concurrent Mark Cycle 1019.109ms
...[2692.343s][info][gc,start       ] GC(500) Pause Young (Prepare Mixed) (G1 Evacuation Pause)
[2692.343s][info][gc,task        ] GC(500) Using 6 workers of 6 for evacuation
[2692.460s][info][gc,phases      ] GC(500)   Pre Evacuate Collection Set: 0.38ms
[2692.460s][info][gc,phases      ] GC(500)   Merge Heap Roots: 0.57ms
[2692.460s][info][gc,phases      ] GC(500)   Evacuate Collection Set: 114.95ms
[2692.460s][info][gc,phases      ] GC(500)   Post Evacuate Collection Set: 0.93ms
[2692.460s][info][gc,phases      ] GC(500)   Other: 0.08ms
[2692.460s][info][gc,heap        ] GC(500) Eden regions: 1119->0(1112)
[2692.460s][info][gc,heap        ] GC(500) Survivor regions: 109->109(154)
[2692.460s][info][gc,heap        ] GC(500) Old regions: 503->535
[2692.460s][info][gc,heap        ] GC(500) Humongous regions: 80->80
[2692.460s][info][gc,metaspace   ] GC(500) Metaspace: 28941K(29248K)->28941K(29248K) NonClass: 24057K(24192K)->24057K(24192K) Class: 4883K(5056K)->4883K(5056K)
[2692.460s][info][gc             ] GC(500) Pause Young (Prepare Mixed) (G1 Evacuation Pause) 3621M->1446M(4096M) 117.065ms
[2692.460s][info][gc,cpu         ] GC(500) User=0.69s Sys=0.00s Real=0.12s
.....[2696.624s][info][gc,start       ] GC(501) Pause Young (Mixed) (G1 Evacuation Pause)
[2696.624s][info][gc,task        ] GC(501) Using 6 workers of 6 for evacuation
[2696.760s][info][gc,phases      ] GC(501)   Pre Evacuate Collection Set: 0.40ms
[2696.760s][info][gc,phases      ] GC(501)   Merge Heap Roots: 0.67ms
[2696.760s][info][gc,phases      ] GC(501)   Evacuate Collection Set: 133.50ms
[2696.760s][info][gc,phases      ] GC(501)   Post Evacuate Collection Set: 0.93ms
[2696.760s][info][gc,phases      ] GC(501)   Other: 0.09ms
[2696.760s][info][gc,heap        ] GC(501) Eden regions: 1112->0(1116)
[2696.760s][info][gc,heap        ] GC(501) Survivor regions: 109->112(153)
[2696.760s][info][gc,heap        ] GC(501) Old regions: 535->472
[2696.760s][info][gc,heap        ] GC(501) Humongous regions: 80->80
[2696.760s][info][gc,metaspace   ] GC(501) Metaspace: 28941K(29248K)->28941K(29248K) NonClass: 24057K(24192K)->24057K(24192K) Class: 4883K(5056K)->4883K(5056K)
[2696.760s][info][gc             ] GC(501) Pause Young (Mixed) (G1 Evacuation Pause) 3670M->1325M(4096M) 135.724ms
[2696.760s][info][gc,cpu         ] GC(501) User=0.81s Sys=0.00s Real=0.14s
....[2700.861s][info][gc,start       ] GC(502) Pause Young (Concurrent Start) (G1 Evacuation Pause)
[2700.861s][info][gc,task        ] GC(502) Using 6 workers of 6 for evacuation
[2700.975s][info][gc,phases      ] GC(502)   Pre Evacuate Collection Set: 0.43ms
[2700.975s][info][gc,phases      ] GC(502)   Merge Heap Roots: 0.48ms
[2700.975s][info][gc,phases      ] GC(502)   Evacuate Collection Set: 112.49ms
[2700.975s][info][gc,phases      ] GC(502)   Post Evacuate Collection Set: 0.91ms
[2700.975s][info][gc,phases      ] GC(502)   Other: 0.11ms
[2700.975s][info][gc,heap        ] GC(502) Eden regions: 1116->0(1120)
[2700.975s][info][gc,heap        ] GC(502) Survivor regions: 112->108(154)
[2700.975s][info][gc,heap        ] GC(502) Old regions: 472->504
[2700.975s][info][gc,heap        ] GC(502) Humongous regions: 80->80
[2700.975s][info][gc,metaspace   ] GC(502) Metaspace: 28941K(29248K)->28941K(29248K) NonClass: 24057K(24192K)->24057K(24192K) Class: 4883K(5056K)->4883K(5056K)
[2700.975s][info][gc             ] GC(502) Pause Young (Concurrent Start) (G1 Evacuation Pause) 3557M->1382M(4096M) 114.593ms
[2700.975s][info][gc             ] GC(503) Concurrent Mark Cycle
[2700.975s][info][gc,marking     ] GC(503) Concurrent Scan Root Regions
[2700.975s][info][gc,cpu         ] GC(502) User=0.68s Sys=0.00s Real=0.11s
[2701.111s][info][gc,marking     ] GC(503) Concurrent Scan Root Regions 135.700ms
[2701.111s][info][gc,marking     ] GC(503) Concurrent Mark
[2701.111s][info][gc,marking     ] GC(503) Concurrent Mark From Roots
[2701.111s][info][gc,task        ] GC(503) Using 2 workers of 2 for marking
.[2701.767s][info][gc,marking     ] GC(503) Concurrent Mark From Roots 656.200ms
[2701.768s][info][gc,marking     ] GC(503) Concurrent Preclean
[2701.768s][info][gc,marking     ] GC(503) Concurrent Preclean 0.054ms
[2701.768s][info][gc,start       ] GC(503) Pause Remark
[2701.771s][info][gc             ] GC(503) Pause Remark 1881M->1881M(4096M) 2.850ms
[2701.771s][info][gc,cpu         ] GC(503) User=0.01s Sys=0.00s Real=0.00s
[2701.772s][info][gc,marking     ] GC(503) Concurrent Mark 660.476ms
[2701.772s][info][gc,marking     ] GC(503) Concurrent Rebuild Remembered Sets and Scrub Regions
[2702.001s][info][gc,marking     ] GC(503) Concurrent Rebuild Remembered Sets and Scrub Regions 229.223ms
[2702.001s][info][gc,start       ] GC(503) Pause Cleanup
[2702.001s][info][gc             ] GC(503) Pause Cleanup 1988M->1988M(4096M) 0.123ms
[2702.001s][info][gc,cpu         ] GC(503) User=0.00s Sys=0.00s Real=0.00s
[2702.001s][info][gc,marking     ] GC(503) Concurrent Clear Claimed Marks
[2702.001s][info][gc,marking     ] GC(503) Concurrent Clear Claimed Marks 0.030ms
[2702.001s][info][gc,marking     ] GC(503) Concurrent Cleanup for Next Mark
[2702.004s][info][gc,marking     ] GC(503) Concurrent Cleanup for Next Mark 3.179ms
[2702.005s][info][gc             ] GC(503) Concurrent Mark Cycle 1029.060ms
...[2705.178s][info][gc,start       ] GC(504) Pause Young (Prepare Mixed) (G1 Evacuation Pause)
[2705.178s][info][gc,task        ] GC(504) Using 6 workers of 6 for evacuation
[2705.295s][info][gc,phases      ] GC(504)   Pre Evacuate Collection Set: 0.32ms
[2705.295s][info][gc,phases      ] GC(504)   Merge Heap Roots: 0.52ms
[2705.295s][info][gc,phases      ] GC(504)   Evacuate Collection Set: 114.71ms
[2705.295s][info][gc,phases      ] GC(504)   Post Evacuate Collection Set: 0.94ms
[2705.295s][info][gc,phases      ] GC(504)   Other: 0.09ms
[2705.295s][info][gc,heap        ] GC(504) Eden regions: 1120->0(1109)
[2705.295s][info][gc,heap        ] GC(504) Survivor regions: 108->110(154)
[2705.295s][info][gc,heap        ] GC(504) Old regions: 504->536
[2705.295s][info][gc,heap        ] GC(504) Humongous regions: 80->80
[2705.295s][info][gc,metaspace   ] GC(504) Metaspace: 28941K(29248K)->28941K(29248K) NonClass: 24057K(24192K)->24057K(24192K) Class: 4883K(5056K)->4883K(5056K)
[2705.295s][info][gc             ] GC(504) Pause Young (Prepare Mixed) (G1 Evacuation Pause) 3622M->1449M(4096M) 116.708ms
[2705.295s][info][gc,cpu         ] GC(504) User=0.70s Sys=0.00s Real=0.11s
....[2709.395s][info][gc,start       ] GC(505) Pause Young (Mixed) (G1 Evacuation Pause)
[2709.395s][info][gc,task        ] GC(505) Using 6 workers of 6 for evacuation
[2709.529s][info][gc,phases      ] GC(505)   Pre Evacuate Collection Set: 0.37ms
[2709.529s][info][gc,phases      ] GC(505)   Merge Heap Roots: 0.73ms
[2709.529s][info][gc,phases      ] GC(505)   Evacuate Collection Set: 131.00ms
[2709.529s][info][gc,phases      ] GC(505)   Post Evacuate Collection Set: 0.96ms
[2709.529s][info][gc,phases      ] GC(505)   Other: 0.09ms
[2709.529s][info][gc,heap        ] GC(505) Eden regions: 1109->0(1119)
[2709.529s][info][gc,heap        ] GC(505) Survivor regions: 110->109(153)
[2709.529s][info][gc,heap        ] GC(505) Old regions: 536->472
[2709.529s][info][gc,heap        ] GC(505) Humongous regions: 80->80
[2709.529s][info][gc,metaspace   ] GC(505) Metaspace: 28941K(29248K)->28941K(29248K) NonClass: 24057K(24192K)->24057K(24192K) Class: 4883K(5056K)->4883K(5056K)
[2709.529s][info][gc             ] GC(505) Pause Young (Mixed) (G1 Evacuation Pause) 3667M->1320M(4096M) 133.297ms
[2709.529s][info][gc,cpu         ] GC(505) User=0.80s Sys=0.00s Real=0.14s
.....[2713.647s][info][gc,start       ] GC(506) Pause Young (Concurrent Start) (G1 Evacuation Pause)
[2713.647s][info][gc,task        ] GC(506) Using 6 workers of 6 for evacuation
[2713.767s][info][gc,phases      ] GC(506)   Pre Evacuate Collection Set: 0.44ms
[2713.767s][info][gc,phases      ] GC(506)   Merge Heap Roots: 0.54ms
[2713.767s][info][gc,phases      ] GC(506)   Evacuate Collection Set: 117.82ms
[2713.767s][info][gc,phases      ] GC(506)   Post Evacuate Collection Set: 0.90ms
[2713.767s][info][gc,phases      ] GC(506)   Other: 0.13ms
[2713.767s][info][gc,heap        ] GC(506) Eden regions: 1119->0(1117)
[2713.767s][info][gc,heap        ] GC(506) Survivor regions: 109->111(154)
[2713.767s][info][gc,heap        ] GC(506) Old regions: 472->505
[2713.767s][info][gc,heap        ] GC(506) Humongous regions: 80->80
[2713.767s][info][gc,metaspace   ] GC(506) Metaspace: 28941K(29248K)->28941K(29248K) NonClass: 24057K(24192K)->24057K(24192K) Class: 4883K(5056K)->4883K(5056K)
[2713.767s][info][gc             ] GC(506) Pause Young (Concurrent Start) (G1 Evacuation Pause) 3558M->1389M(4096M) 119.950ms
[2713.767s][info][gc             ] GC(507) Concurrent Mark Cycle
[2713.767s][info][gc,marking     ] GC(507) Concurrent Scan Root Regions
[2713.767s][info][gc,cpu         ] GC(506) User=0.71s Sys=0.00s Real=0.12s
[2713.920s][info][gc,marking     ] GC(507) Concurrent Scan Root Regions 153.001ms
[2713.920s][info][gc,marking     ] GC(507) Concurrent Mark
[2713.920s][info][gc,marking     ] GC(507) Concurrent Mark From Roots
[2713.920s][info][gc,task        ] GC(507) Using 2 workers of 2 for marking
.[2714.554s][info][gc,marking     ] GC(507) Concurrent Mark From Roots 634.577ms
[2714.554s][info][gc,marking     ] GC(507) Concurrent Preclean
[2714.555s][info][gc,marking     ] GC(507) Concurrent Preclean 0.127ms
[2714.555s][info][gc,start       ] GC(507) Pause Remark
[2714.559s][info][gc             ] GC(507) Pause Remark 1856M->1856M(4096M) 3.815ms
[2714.559s][info][gc,cpu         ] GC(507) User=0.02s Sys=0.00s Real=0.01s
[2714.559s][info][gc,marking     ] GC(507) Concurrent Mark 638.817ms
[2714.559s][info][gc,marking     ] GC(507) Concurrent Rebuild Remembered Sets and Scrub Regions
[2714.846s][info][gc,marking     ] GC(507) Concurrent Rebuild Remembered Sets and Scrub Regions 287.557ms
[2714.846s][info][gc,start       ] GC(507) Pause Cleanup
[2714.847s][info][gc             ] GC(507) Pause Cleanup 2027M->2027M(4096M) 0.133ms
[2714.847s][info][gc,cpu         ] GC(507) User=0.01s Sys=0.00s Real=0.00s
[2714.847s][info][gc,marking     ] GC(507) Concurrent Clear Claimed Marks
[2714.847s][info][gc,marking     ] GC(507) Concurrent Clear Claimed Marks 0.030ms
[2714.847s][info][gc,marking     ] GC(507) Concurrent Cleanup for Next Mark
[2714.851s][info][gc,marking     ] GC(507) Concurrent Cleanup for Next Mark 4.486ms
[2714.851s][info][gc             ] GC(507) Concurrent Mark Cycle 1084.416ms
...[2717.921s][info][gc,start       ] GC(508) Pause Young (Prepare Mixed) (G1 Evacuation Pause)
[2717.921s][info][gc,task        ] GC(508) Using 6 workers of 6 for evacuation
[2718.036s][info][gc,phases      ] GC(508)   Pre Evacuate Collection Set: 0.37ms
[2718.036s][info][gc,phases      ] GC(508)   Merge Heap Roots: 0.54ms
[2718.036s][info][gc,phases      ] GC(508)   Evacuate Collection Set: 113.38ms
[2718.036s][info][gc,phases      ] GC(508)   Post Evacuate Collection Set: 0.94ms
[2718.036s][info][gc,phases      ] GC(508)   Other: 0.09ms
[2718.036s][info][gc,heap        ] GC(508) Eden regions: 1117->0(1111)
[2718.036s][info][gc,heap        ] GC(508) Survivor regions: 111->109(154)
[2718.036s][info][gc,heap        ] GC(508) Old regions: 505->536
[2718.036s][info][gc,heap        ] GC(508) Humongous regions: 80->80
[2718.036s][info][gc,metaspace   ] GC(508) Metaspace: 28932K(29248K)->28932K(29248K) NonClass: 24052K(24192K)->24052K(24192K) Class: 4880K(5056K)->4880K(5056K)
[2718.036s][info][gc             ] GC(508) Pause Young (Prepare Mixed) (G1 Evacuation Pause) 3623M->1448M(4096M) 115.465ms
[2718.036s][info][gc,cpu         ] GC(508) User=0.69s Sys=0.00s Real=0.11s
....[2722.134s][info][gc,start       ] GC(509) Pause Young (Mixed) (G1 Evacuation Pause)
[2722.135s][info][gc,task        ] GC(509) Using 6 workers of 6 for evacuation
[2722.266s][info][gc,phases      ] GC(509)   Pre Evacuate Collection Set: 0.38ms
[2722.266s][info][gc,phases      ] GC(509)   Merge Heap Roots: 0.75ms
[2722.266s][info][gc,phases      ] GC(509)   Evacuate Collection Set: 129.35ms
[2722.266s][info][gc,phases      ] GC(509)   Post Evacuate Collection Set: 0.96ms
[2722.266s][info][gc,phases      ] GC(509)   Other: 0.09ms
[2722.266s][info][gc,heap        ] GC(509) Eden regions: 1111->0(1119)
[2722.266s][info][gc,heap        ] GC(509) Survivor regions: 109->109(153)
[2722.266s][info][gc,heap        ] GC(509) Old regions: 536->473
[2722.266s][info][gc,heap        ] GC(509) Humongous regions: 80->80
[2722.266s][info][gc,metaspace   ] GC(509) Metaspace: 28932K(29248K)->28932K(29248K) NonClass: 24052K(24192K)->24052K(24192K) Class: 4880K(5056K)->4880K(5056K)
[2722.266s][info][gc             ] GC(509) Pause Young (Mixed) (G1 Evacuation Pause) 3670M->1323M(4096M) 131.651ms
[2722.266s][info][gc,cpu         ] GC(509) User=0.79s Sys=0.00s Real=0.13s
....[2726.435s][info][gc,start       ] GC(510) Pause Young (Concurrent Start) (G1 Evacuation Pause)
[2726.435s][info][gc,task        ] GC(510) Using 6 workers of 6 for evacuation
[2726.553s][info][gc,phases      ] GC(510)   Pre Evacuate Collection Set: 0.37ms
[2726.553s][info][gc,phases      ] GC(510)   Merge Heap Roots: 0.55ms
[2726.553s][info][gc,phases      ] GC(510)   Evacuate Collection Set: 115.82ms
[2726.553s][info][gc,phases      ] GC(510)   Post Evacuate Collection Set: 0.90ms
[2726.553s][info][gc,phases      ] GC(510)   Other: 0.11ms
[2726.553s][info][gc,heap        ] GC(510) Eden regions: 1119->0(1118)
[2726.553s][info][gc,heap        ] GC(510) Survivor regions: 109->110(154)
[2726.553s][info][gc,heap        ] GC(510) Old regions: 473->505
[2726.553s][info][gc,heap        ] GC(510) Humongous regions: 80->80
[2726.553s][info][gc,metaspace   ] GC(510) Metaspace: 28932K(29248K)->28932K(29248K) NonClass: 24052K(24192K)->24052K(24192K) Class: 4880K(5056K)->4880K(5056K)
[2726.553s][info][gc             ] GC(510) Pause Young (Concurrent Start) (G1 Evacuation Pause) 3561M->1389M(4096M) 117.871ms
[2726.553s][info][gc             ] GC(511) Concurrent Mark Cycle
[2726.553s][info][gc,marking     ] GC(511) Concurrent Scan Root Regions
[2726.553s][info][gc,cpu         ] GC(510) User=0.70s Sys=0.00s Real=0.12s
.[2726.706s][info][gc,marking     ] GC(511) Concurrent Scan Root Regions 152.838ms
[2726.706s][info][gc,marking     ] GC(511) Concurrent Mark
[2726.706s][info][gc,marking     ] GC(511) Concurrent Mark From Roots
[2726.706s][info][gc,task        ] GC(511) Using 2 workers of 2 for marking
[2727.427s][info][gc,marking     ] GC(511) Concurrent Mark From Roots 721.374ms
[2727.427s][info][gc,marking     ] GC(511) Concurrent Preclean
[2727.428s][info][gc,marking     ] GC(511) Concurrent Preclean 0.126ms
[2727.428s][info][gc,start       ] GC(511) Pause Remark
[2727.431s][info][gc             ] GC(511) Pause Remark 1853M->1853M(4096M) 3.014ms
[2727.431s][info][gc,cpu         ] GC(511) User=0.01s Sys=0.00s Real=0.00s
[2727.431s][info][gc,marking     ] GC(511) Concurrent Mark 725.341ms
[2727.431s][info][gc,marking     ] GC(511) Concurrent Rebuild Remembered Sets and Scrub Regions
.[2727.734s][info][gc,marking     ] GC(511) Concurrent Rebuild Remembered Sets and Scrub Regions 302.233ms
[2727.734s][info][gc,start       ] GC(511) Pause Cleanup
[2727.734s][info][gc             ] GC(511) Pause Cleanup 2048M->2048M(4096M) 0.137ms
[2727.734s][info][gc,cpu         ] GC(511) User=0.00s Sys=0.00s Real=0.00s
[2727.734s][info][gc,marking     ] GC(511) Concurrent Clear Claimed Marks
[2727.734s][info][gc,marking     ] GC(511) Concurrent Clear Claimed Marks 0.027ms
[2727.734s][info][gc,marking     ] GC(511) Concurrent Cleanup for Next Mark
[2727.737s][info][gc,marking     ] GC(511) Concurrent Cleanup for Next Mark 3.410ms
[2727.737s][info][gc             ] GC(511) Concurrent Mark Cycle 1184.357ms
...[2730.691s][info][gc,start       ] GC(512) Pause Young (Prepare Mixed) (G1 Evacuation Pause)
[2730.691s][info][gc,task        ] GC(512) Using 6 workers of 6 for evacuation
[2730.810s][info][gc,phases      ] GC(512)   Pre Evacuate Collection Set: 0.32ms
[2730.810s][info][gc,phases      ] GC(512)   Merge Heap Roots: 0.58ms
[2730.810s][info][gc,phases      ] GC(512)   Evacuate Collection Set: 116.51ms
[2730.810s][info][gc,phases      ] GC(512)   Post Evacuate Collection Set: 1.04ms
[2730.810s][info][gc,phases      ] GC(512)   Other: 0.09ms
[2730.810s][info][gc,heap        ] GC(512) Eden regions: 1118->0(1106)
[2730.810s][info][gc,heap        ] GC(512) Survivor regions: 110->111(154)
[2730.810s][info][gc,heap        ] GC(512) Old regions: 505->537
[2730.810s][info][gc,heap        ] GC(512) Humongous regions: 80->80
[2730.810s][info][gc,metaspace   ] GC(512) Metaspace: 28932K(29248K)->28932K(29248K) NonClass: 24052K(24192K)->24052K(24192K) Class: 4880K(5056K)->4880K(5056K)
[2730.810s][info][gc             ] GC(512) Pause Young (Prepare Mixed) (G1 Evacuation Pause) 3625M->1453M(4096M) 118.687ms
[2730.810s][info][gc,cpu         ] GC(512) User=0.70s Sys=0.00s Real=0.12s
.. (rIR:aIR:PR = 4428:4429:4429) (tPR = 65707) [OK] 
  2732s: Performance info:
         Transaction,    Success,    Partial,     Failed,   Receipts, AvgBarcode, 
             Overall,     266264,          0,          0,     252941,      59.48, 
         Response times:
             Request,    Success,    Partial,     Failed,   SkipFail,     Probes,    Samples,      min,      p50,      p90,      p95,      p99,      max, 
       TotalPurchase,     252941,          0,          0,          0,     248295,     278046,      300,     3500,     6500,    10100,    43000,   212000,
     InStorePurchase,     133060,          0,          0,          0,     130803,     146502,      300,     3500,     6500,    10200,    44000,   212000,
      OnlinePurchase,      93261,          0,          0,          0,      91408,     102260,      300,     3400,     6400,     9700,    41000,   146000,
        InstPurchase,      26620,          0,          0,          0,      26084,      29284,      400,     4100,     7000,    12000,    48000,   146000,
          AssocOfCat,        265,          0,          0,          0,        211,        302,    19400,    31000,    40000,    50700,   156920,   174000,
      AssocOfProduct,       2671,          0,          0,          0,       2436,       2913,      600,     3500,     6100,     8860,    43000,   144000,
      BusinessReport,        664,          0,          0,          0,        569,        735,    23000,    35000,    53000,    66400,   161920,   197000,
          CustBuyBeh,       2661,          0,          0,          0,       2462,       2939,      300,     2500,     6000,     9500,    35000,   145000,
       ProductReturn,       7062,          0,          0,          0,       6728,       7889,      300,     3400,     6500,    11500,    47000,   142000,

  2732s: (33%)   IR =   4566 ..[2734.892s][info][gc,start       ] GC(513) Pause Young (Mixed) (G1 Evacuation Pause)
[2734.892s][info][gc,task        ] GC(513) Using 6 workers of 6 for evacuation
[2735.030s][info][gc,phases      ] GC(513)   Pre Evacuate Collection Set: 0.39ms
[2735.030s][info][gc,phases      ] GC(513)   Merge Heap Roots: 0.76ms
[2735.030s][info][gc,phases      ] GC(513)   Evacuate Collection Set: 135.71ms
[2735.030s][info][gc,phases      ] GC(513)   Post Evacuate Collection Set: 1.03ms
[2735.030s][info][gc,phases      ] GC(513)   Other: 0.10ms
[2735.030s][info][gc,heap        ] GC(513) Eden regions: 1106->0(1119)
[2735.030s][info][gc,heap        ] GC(513) Survivor regions: 111->109(153)
[2735.030s][info][gc,heap        ] GC(513) Old regions: 537->471
[2735.030s][info][gc,heap        ] GC(513) Humongous regions: 80->80
[2735.030s][info][gc,metaspace   ] GC(513) Metaspace: 28932K(29248K)->28932K(29248K) NonClass: 24052K(24192K)->24052K(24192K) Class: 4880K(5056K)->4880K(5056K)
[2735.030s][info][gc             ] GC(513) Pause Young (Mixed) (G1 Evacuation Pause) 3665M->1318M(4096M) 138.111ms
[2735.030s][info][gc,cpu         ] GC(513) User=0.82s Sys=0.00s Real=0.14s
..|..[2739.090s][info][gc,start       ] GC(514) Pause Young (Concurrent Start) (G1 Evacuation Pause)
[2739.090s][info][gc,task        ] GC(514) Using 6 workers of 6 for evacuation
[2739.207s][info][gc,phases      ] GC(514)   Pre Evacuate Collection Set: 0.38ms
[2739.207s][info][gc,phases      ] GC(514)   Merge Heap Roots: 0.50ms
[2739.207s][info][gc,phases      ] GC(514)   Evacuate Collection Set: 115.30ms
[2739.207s][info][gc,phases      ] GC(514)   Post Evacuate Collection Set: 0.92ms
[2739.207s][info][gc,phases      ] GC(514)   Other: 0.10ms
[2739.207s][info][gc,heap        ] GC(514) Eden regions: 1119->0(1119)
[2739.207s][info][gc,heap        ] GC(514) Survivor regions: 109->109(154)
[2739.207s][info][gc,heap        ] GC(514) Old regions: 471->503
[2739.207s][info][gc,heap        ] GC(514) Humongous regions: 80->80
[2739.207s][info][gc,metaspace   ] GC(514) Metaspace: 28932K(29248K)->28932K(29248K) NonClass: 24052K(24192K)->24052K(24192K) Class: 4880K(5056K)->4880K(5056K)
[2739.207s][info][gc             ] GC(514) Pause Young (Concurrent Start) (G1 Evacuation Pause) 3556M->1382M(4096M) 117.343ms
[2739.207s][info][gc             ] GC(515) Concurrent Mark Cycle
[2739.207s][info][gc,marking     ] GC(515) Concurrent Scan Root Regions
[2739.207s][info][gc,cpu         ] GC(514) User=0.70s Sys=0.00s Real=0.12s
[2739.388s][info][gc,marking     ] GC(515) Concurrent Scan Root Regions 180.904ms
[2739.388s][info][gc,marking     ] GC(515) Concurrent Mark
[2739.388s][info][gc,marking     ] GC(515) Concurrent Mark From Roots
[2739.388s][info][gc,task        ] GC(515) Using 2 workers of 2 for marking
.[2740.127s][info][gc,marking     ] GC(515) Concurrent Mark From Roots 738.883ms
[2740.127s][info][gc,marking     ] GC(515) Concurrent Preclean
[2740.128s][info][gc,marking     ] GC(515) Concurrent Preclean 0.136ms
[2740.128s][info][gc,start       ] GC(515) Pause Remark
[2740.131s][info][gc             ] GC(515) Pause Remark 1950M->1950M(4096M) 3.106ms
[2740.131s][info][gc,cpu         ] GC(515) User=0.01s Sys=0.01s Real=0.00s
[2740.133s][info][gc,marking     ] GC(515) Concurrent Mark 744.718ms
[2740.133s][info][gc,marking     ] GC(515) Concurrent Rebuild Remembered Sets and Scrub Regions
[2740.419s][info][gc,marking     ] GC(515) Concurrent Rebuild Remembered Sets and Scrub Regions 286.031ms
[2740.419s][info][gc,start       ] GC(515) Pause Cleanup
[2740.419s][info][gc             ] GC(515) Pause Cleanup 2134M->2134M(4096M) 0.121ms
[2740.419s][info][gc,cpu         ] GC(515) User=0.00s Sys=0.00s Real=0.00s
[2740.420s][info][gc,marking     ] GC(515) Concurrent Clear Claimed Marks
[2740.420s][info][gc,marking     ] GC(515) Concurrent Clear Claimed Marks 0.024ms
[2740.420s][info][gc,marking     ] GC(515) Concurrent Cleanup for Next Mark
[2740.423s][info][gc,marking     ] GC(515) Concurrent Cleanup for Next Mark 3.197ms
[2740.423s][info][gc             ] GC(515) Concurrent Mark Cycle 1215.339ms
...[2743.259s][info][gc,start       ] GC(516) Pause Young (Prepare Mixed) (G1 Evacuation Pause)
[2743.260s][info][gc,task        ] GC(516) Using 6 workers of 6 for evacuation
[2743.376s][info][gc,phases      ] GC(516)   Pre Evacuate Collection Set: 0.37ms
[2743.376s][info][gc,phases      ] GC(516)   Merge Heap Roots: 0.58ms
[2743.376s][info][gc,phases      ] GC(516)   Evacuate Collection Set: 114.13ms
[2743.376s][info][gc,phases      ] GC(516)   Post Evacuate Collection Set: 0.92ms
[2743.376s][info][gc,phases      ] GC(516)   Other: 0.09ms
[2743.376s][info][gc,heap        ] GC(516) Eden regions: 1119->0(1113)
[2743.376s][info][gc,heap        ] GC(516) Survivor regions: 109->109(154)
[2743.376s][info][gc,heap        ] GC(516) Old regions: 503->534
[2743.376s][info][gc,heap        ] GC(516) Humongous regions: 80->80
[2743.376s][info][gc,metaspace   ] GC(516) Metaspace: 28932K(29248K)->28932K(29248K) NonClass: 24052K(24192K)->24052K(24192K) Class: 4880K(5056K)->4880K(5056K)
[2743.376s][info][gc             ] GC(516) Pause Young (Prepare Mixed) (G1 Evacuation Pause) 3620M->1445M(4096M) 116.238ms
[2743.376s][info][gc,cpu         ] GC(516) User=0.69s Sys=0.00s Real=0.11s
....[2747.344s][info][gc,start       ] GC(517) Pause Young (Mixed) (G1 Evacuation Pause)
[2747.344s][info][gc,task        ] GC(517) Using 6 workers of 6 for evacuation
[2747.476s][info][gc,phases      ] GC(517)   Pre Evacuate Collection Set: 0.39ms
[2747.476s][info][gc,phases      ] GC(517)   Merge Heap Roots: 0.71ms
[2747.476s][info][gc,phases      ] GC(517)   Evacuate Collection Set: 130.50ms
[2747.476s][info][gc,phases      ] GC(517)   Post Evacuate Collection Set: 0.95ms
[2747.476s][info][gc,phases      ] GC(517)   Other: 0.09ms
[2747.476s][info][gc,heap        ] GC(517) Eden regions: 1113->0(1119)
[2747.476s][info][gc,heap        ] GC(517) Survivor regions: 109->109(153)
[2747.476s][info][gc,heap        ] GC(517) Old regions: 534->471
[2747.476s][info][gc,heap        ] GC(517) Humongous regions: 80->80
[2747.476s][info][gc,metaspace   ] GC(517) Metaspace: 28932K(29248K)->28932K(29248K) NonClass: 24052K(24192K)->24052K(24192K) Class: 4880K(5056K)->4880K(5056K)
[2747.476s][info][gc             ] GC(517) Pause Young (Mixed) (G1 Evacuation Pause) 3671M->1317M(4096M) 132.772ms
[2747.476s][info][gc,cpu         ] GC(517) User=0.79s Sys=0.00s Real=0.13s
....[2751.516s][info][gc,start       ] GC(518) Pause Young (Concurrent Start) (G1 Evacuation Pause)
[2751.516s][info][gc,task        ] GC(518) Using 6 workers of 6 for evacuation
[2751.635s][info][gc,phases      ] GC(518)   Pre Evacuate Collection Set: 0.42ms
[2751.635s][info][gc,phases      ] GC(518)   Merge Heap Roots: 0.50ms
[2751.635s][info][gc,phases      ] GC(518)   Evacuate Collection Set: 116.77ms
[2751.635s][info][gc,phases      ] GC(518)   Post Evacuate Collection Set: 0.91ms
[2751.635s][info][gc,phases      ] GC(518)   Other: 0.11ms
[2751.635s][info][gc,heap        ] GC(518) Eden regions: 1119->0(1117)
[2751.635s][info][gc,heap        ] GC(518) Survivor regions: 109->111(154)
[2751.635s][info][gc,heap        ] GC(518) Old regions: 471->503
[2751.635s][info][gc,heap        ] GC(518) Humongous regions: 80->80
[2751.635s][info][gc,metaspace   ] GC(518) Metaspace: 28932K(29248K)->28932K(29248K) NonClass: 24052K(24192K)->24052K(24192K) Class: 4880K(5056K)->4880K(5056K)
[2751.635s][info][gc             ] GC(518) Pause Young (Concurrent Start) (G1 Evacuation Pause) 3555M->1387M(4096M) 118.836ms
[2751.635s][info][gc             ] GC(519) Concurrent Mark Cycle
[2751.635s][info][gc,marking     ] GC(519) Concurrent Scan Root Regions
[2751.635s][info][gc,cpu         ] GC(518) User=0.70s Sys=0.00s Real=0.12s
.[2751.797s][info][gc,marking     ] GC(519) Concurrent Scan Root Regions 161.655ms
[2751.797s][info][gc,marking     ] GC(519) Concurrent Mark
[2751.797s][info][gc,marking     ] GC(519) Concurrent Mark From Roots
[2751.797s][info][gc,task        ] GC(519) Using 2 workers of 2 for marking
[2752.576s][info][gc,marking     ] GC(519) Concurrent Mark From Roots 778.884ms
[2752.576s][info][gc,marking     ] GC(519) Concurrent Preclean
[2752.576s][info][gc,marking     ] GC(519) Concurrent Preclean 0.060ms
[2752.576s][info][gc,start       ] GC(519) Pause Remark
[2752.581s][info][gc             ] GC(519) Pause Remark 1952M->1952M(4096M) 4.522ms
[2752.581s][info][gc,cpu         ] GC(519) User=0.02s Sys=0.00s Real=0.01s
[2752.581s][info][gc,marking     ] GC(519) Concurrent Mark 783.763ms
[2752.581s][info][gc,marking     ] GC(519) Concurrent Rebuild Remembered Sets and Scrub Regions
.[2752.911s][info][gc,marking     ] GC(519) Concurrent Rebuild Remembered Sets and Scrub Regions 329.826ms
[2752.911s][info][gc,start       ] GC(519) Pause Cleanup
[2752.911s][info][gc             ] GC(519) Pause Cleanup 2156M->2156M(4096M) 0.132ms
[2752.911s][info][gc,cpu         ] GC(519) User=0.00s Sys=0.00s Real=0.00s
[2752.911s][info][gc,marking     ] GC(519) Concurrent Clear Claimed Marks
[2752.911s][info][gc,marking     ] GC(519) Concurrent Clear Claimed Marks 0.029ms
[2752.911s][info][gc,marking     ] GC(519) Concurrent Cleanup for Next Mark
[2752.915s][info][gc,marking     ] GC(519) Concurrent Cleanup for Next Mark 3.924ms
[2752.915s][info][gc             ] GC(519) Concurrent Mark Cycle 1279.687ms
...[2755.688s][info][gc,start       ] GC(520) Pause Young (Prepare Mixed) (G1 Evacuation Pause)
[2755.688s][info][gc,task        ] GC(520) Using 6 workers of 6 for evacuation
[2755.808s][info][gc,phases      ] GC(520)   Pre Evacuate Collection Set: 0.35ms
[2755.808s][info][gc,phases      ] GC(520)   Merge Heap Roots: 0.62ms
[2755.808s][info][gc,phases      ] GC(520)   Evacuate Collection Set: 118.31ms
[2755.808s][info][gc,phases      ] GC(520)   Post Evacuate Collection Set: 0.97ms
[2755.808s][info][gc,phases      ] GC(520)   Other: 0.09ms
[2755.808s][info][gc,heap        ] GC(520) Eden regions: 1117->0(1110)
[2755.808s][info][gc,heap        ] GC(520) Survivor regions: 111->110(154)
[2755.808s][info][gc,heap        ] GC(520) Old regions: 503->535
[2755.808s][info][gc,heap        ] GC(520) Humongous regions: 80->80
[2755.808s][info][gc,metaspace   ] GC(520) Metaspace: 28929K(29248K)->28929K(29248K) NonClass: 24049K(24192K)->24049K(24192K) Class: 4879K(5056K)->4879K(5056K)
[2755.808s][info][gc             ] GC(520) Pause Young (Prepare Mixed) (G1 Evacuation Pause) 3621M->1447M(4096M) 120.473ms
[2755.808s][info][gc,cpu         ] GC(520) User=0.72s Sys=0.00s Real=0.12s
....[2759.753s][info][gc,start       ] GC(521) Pause Young (Mixed) (G1 Evacuation Pause)
[2759.753s][info][gc,task        ] GC(521) Using 6 workers of 6 for evacuation
[2759.885s][info][gc,phases      ] GC(521)   Pre Evacuate Collection Set: 0.39ms
[2759.885s][info][gc,phases      ] GC(521)   Merge Heap Roots: 0.69ms
[2759.885s][info][gc,phases      ] GC(521)   Evacuate Collection Set: 129.05ms
[2759.885s][info][gc,phases      ] GC(521)   Post Evacuate Collection Set: 0.98ms
[2759.885s][info][gc,phases      ] GC(521)   Other: 0.09ms
[2759.885s][info][gc,heap        ] GC(521) Eden regions: 1110->0(1120)
[2759.885s][info][gc,heap        ] GC(521) Survivor regions: 110->108(153)
[2759.885s][info][gc,heap        ] GC(521) Old regions: 535->472
[2759.885s][info][gc,heap        ] GC(521) Humongous regions: 80->80
[2759.885s][info][gc,metaspace   ] GC(521) Metaspace: 28929K(29248K)->28929K(29248K) NonClass: 24049K(24192K)->24049K(24192K) Class: 4879K(5056K)->4879K(5056K)
[2759.885s][info][gc             ] GC(521) Pause Young (Mixed) (G1 Evacuation Pause) 3667M->1318M(4096M) 131.318ms
[2759.885s][info][gc,cpu         ] GC(521) User=0.78s Sys=0.00s Real=0.13s
....[2763.845s][info][gc,start       ] GC(522) Pause Young (Concurrent Start) (G1 Evacuation Pause)
[2763.845s][info][gc,task        ] GC(522) Using 6 workers of 6 for evacuation
[2763.960s][info][gc,phases      ] GC(522)   Pre Evacuate Collection Set: 0.40ms
[2763.961s][info][gc,phases      ] GC(522)   Merge Heap Roots: 0.49ms
[2763.961s][info][gc,phases      ] GC(522)   Evacuate Collection Set: 113.93ms
[2763.961s][info][gc,phases      ] GC(522)   Post Evacuate Collection Set: 0.88ms
[2763.961s][info][gc,phases      ] GC(522)   Other: 0.09ms
[2763.961s][info][gc,heap        ] GC(522) Eden regions: 1120->0(1121)
[2763.961s][info][gc,heap        ] GC(522) Survivor regions: 108->107(154)
[2763.961s][info][gc,heap        ] GC(522) Old regions: 472->505
[2763.961s][info][gc,heap        ] GC(522) Humongous regions: 80->80
[2763.961s][info][gc,metaspace   ] GC(522) Metaspace: 28929K(29248K)->28929K(29248K) NonClass: 24049K(24192K)->24049K(24192K) Class: 4879K(5056K)->4879K(5056K)
[2763.961s][info][gc             ] GC(522) Pause Young (Concurrent Start) (G1 Evacuation Pause) 3558M->1382M(4096M) 115.940ms
[2763.961s][info][gc             ] GC(523) Concurrent Mark Cycle
[2763.961s][info][gc,marking     ] GC(523) Concurrent Scan Root Regions
[2763.961s][info][gc,cpu         ] GC(522) User=0.69s Sys=0.00s Real=0.12s
[2764.097s][info][gc,marking     ] GC(523) Concurrent Scan Root Regions 136.359ms
[2764.097s][info][gc,marking     ] GC(523) Concurrent Mark
[2764.097s][info][gc,marking     ] GC(523) Concurrent Mark From Roots
[2764.097s][info][gc,task        ] GC(523) Using 2 workers of 2 for marking
.[2765.054s][info][gc,marking     ] GC(523) Concurrent Mark From Roots 956.615ms
[2765.054s][info][gc,marking     ] GC(523) Concurrent Preclean
[2765.054s][info][gc,marking     ] GC(523) Concurrent Preclean 0.126ms
[2765.054s][info][gc,start       ] GC(523) Pause Remark
[2765.058s][info][gc             ] GC(523) Pause Remark 1974M->1974M(4096M) 3.354ms
[2765.058s][info][gc,cpu         ] GC(523) User=0.02s Sys=0.00s Real=0.01s
[2765.058s][info][gc,marking     ] GC(523) Concurrent Mark 960.818ms
[2765.058s][info][gc,marking     ] GC(523) Concurrent Rebuild Remembered Sets and Scrub Regions
[2765.420s][info][gc,marking     ] GC(523) Concurrent Rebuild Remembered Sets and Scrub Regions 362.492ms
[2765.421s][info][gc,start       ] GC(523) Pause Cleanup
[2765.421s][info][gc             ] GC(523) Pause Cleanup 2181M->2181M(4096M) 0.126ms
[2765.421s][info][gc,cpu         ] GC(523) User=0.00s Sys=0.00s Real=0.00s
[2765.421s][info][gc,marking     ] GC(523) Concurrent Clear Claimed Marks
[2765.421s][info][gc,marking     ] GC(523) Concurrent Clear Claimed Marks 0.024ms
[2765.421s][info][gc,marking     ] GC(523) Concurrent Cleanup for Next Mark
[2765.424s][info][gc,marking     ] GC(523) Concurrent Cleanup for Next Mark 3.668ms
[2765.424s][info][gc             ] GC(523) Concurrent Mark Cycle 1463.795ms
...[2768.107s][info][gc,start       ] GC(524) Pause Young (Prepare Mixed) (G1 Evacuation Pause)
[2768.107s][info][gc,task        ] GC(524) Using 6 workers of 6 for evacuation
[2768.230s][info][gc,phases      ] GC(524)   Pre Evacuate Collection Set: 0.36ms
[2768.230s][info][gc,phases      ] GC(524)   Merge Heap Roots: 0.65ms
[2768.230s][info][gc,phases      ] GC(524)   Evacuate Collection Set: 121.14ms
[2768.230s][info][gc,phases      ] GC(524)   Post Evacuate Collection Set: 0.95ms
[2768.230s][info][gc,phases      ] GC(524)   Other: 0.08ms
[2768.230s][info][gc,heap        ] GC(524) Eden regions: 1121->0(1103)
[2768.230s][info][gc,heap        ] GC(524) Survivor regions: 107->113(154)
[2768.230s][info][gc,heap        ] GC(524) Old regions: 505->536
[2768.230s][info][gc,heap        ] GC(524) Humongous regions: 80->80
[2768.230s][info][gc,metaspace   ] GC(524) Metaspace: 28929K(29248K)->28929K(29248K) NonClass: 24049K(24192K)->24049K(24192K) Class: 4879K(5056K)->4879K(5056K)
[2768.230s][info][gc             ] GC(524) Pause Young (Prepare Mixed) (G1 Evacuation Pause) 3624M->1457M(4096M) 123.319ms
[2768.230s][info][gc,cpu         ] GC(524) User=0.74s Sys=0.00s Real=0.13s
....[2772.148s][info][gc,start       ] GC(525) Pause Young (Mixed) (G1 Evacuation Pause)
[2772.148s][info][gc,task        ] GC(525) Using 6 workers of 6 for evacuation
[2772.283s][info][gc,phases      ] GC(525)   Pre Evacuate Collection Set: 0.40ms
[2772.283s][info][gc,phases      ] GC(525)   Merge Heap Roots: 0.86ms
[2772.283s][info][gc,phases      ] GC(525)   Evacuate Collection Set: 132.77ms
[2772.283s][info][gc,phases      ] GC(525)   Post Evacuate Collection Set: 0.97ms
[2772.283s][info][gc,phases      ] GC(525)   Other: 0.09ms
[2772.283s][info][gc,heap        ] GC(525) Eden regions: 1103->0(1119)
[2772.283s][info][gc,heap        ] GC(525) Survivor regions: 113->109(152)
[2772.283s][info][gc,heap        ] GC(525) Old regions: 536->472
[2772.283s][info][gc,heap        ] GC(525) Humongous regions: 80->80
[2772.283s][info][gc,metaspace   ] GC(525) Metaspace: 28929K(29248K)->28929K(29248K) NonClass: 24049K(24192K)->24049K(24192K) Class: 4879K(5056K)->4879K(5056K)
[2772.283s][info][gc             ] GC(525) Pause Young (Mixed) (G1 Evacuation Pause) 3663M->1321M(4096M) 135.235ms
[2772.283s][info][gc,cpu         ] GC(525) User=0.81s Sys=0.00s Real=0.13s
....[2776.322s][info][gc,start       ] GC(526) Pause Young (Concurrent Start) (G1 Evacuation Pause)
[2776.322s][info][gc,task        ] GC(526) Using 6 workers of 6 for evacuation
[2776.443s][info][gc,phases      ] GC(526)   Pre Evacuate Collection Set: 0.41ms
[2776.443s][info][gc,phases      ] GC(526)   Merge Heap Roots: 0.55ms
[2776.443s][info][gc,phases      ] GC(526)   Evacuate Collection Set: 119.19ms
[2776.443s][info][gc,phases      ] GC(526)   Post Evacuate Collection Set: 0.89ms
[2776.443s][info][gc,phases      ] GC(526)   Other: 0.11ms
[2776.443s][info][gc,heap        ] GC(526) Eden regions: 1119->0(1115)
[2776.443s][info][gc,heap        ] GC(526) Survivor regions: 109->113(154)
[2776.443s][info][gc,heap        ] GC(526) Old regions: 472->505
[2776.443s][info][gc,heap        ] GC(526) Humongous regions: 80->80
[2776.443s][info][gc,metaspace   ] GC(526) Metaspace: 28929K(29248K)->28929K(29248K) NonClass: 24049K(24192K)->24049K(24192K) Class: 4879K(5056K)->4879K(5056K)
[2776.443s][info][gc             ] GC(526) Pause Young (Concurrent Start) (G1 Evacuation Pause) 3559M->1394M(4096M) 121.284ms
[2776.443s][info][gc             ] GC(527) Concurrent Mark Cycle
[2776.443s][info][gc,marking     ] GC(527) Concurrent Scan Root Regions
[2776.443s][info][gc,cpu         ] GC(526) User=0.72s Sys=0.00s Real=0.12s
[2776.633s][info][gc,marking     ] GC(527) Concurrent Scan Root Regions 190.200ms
[2776.633s][info][gc,marking     ] GC(527) Concurrent Mark
[2776.633s][info][gc,marking     ] GC(527) Concurrent Mark From Roots
[2776.633s][info][gc,task        ] GC(527) Using 2 workers of 2 for marking
.[2777.594s][info][gc,marking     ] GC(527) Concurrent Mark From Roots 960.876ms
[2777.594s][info][gc,marking     ] GC(527) Concurrent Preclean
[2777.594s][info][gc,marking     ] GC(527) Concurrent Preclean 0.134ms
[2777.595s][info][gc,start       ] GC(527) Pause Remark
[2777.598s][info][gc             ] GC(527) Pause Remark 2114M->2114M(4096M) 3.214ms
[2777.598s][info][gc,cpu         ] GC(527) User=0.02s Sys=0.00s Real=0.01s
[2777.598s][info][gc,marking     ] GC(527) Concurrent Mark 964.568ms
[2777.598s][info][gc,marking     ] GC(527) Concurrent Rebuild Remembered Sets and Scrub Regions
.[2777.875s][info][gc,marking     ] GC(527) Concurrent Rebuild Remembered Sets and Scrub Regions 277.162ms
[2777.875s][info][gc,start       ] GC(527) Pause Cleanup
[2777.875s][info][gc             ] GC(527) Pause Cleanup 2251M->2251M(4096M) 0.136ms
[2777.875s][info][gc,cpu         ] GC(527) User=0.00s Sys=0.00s Real=0.00s
[2777.875s][info][gc,marking     ] GC(527) Concurrent Clear Claimed Marks
[2777.875s][info][gc,marking     ] GC(527) Concurrent Clear Claimed Marks 0.029ms
[2777.875s][info][gc,marking     ] GC(527) Concurrent Cleanup for Next Mark
[2777.879s][info][gc,marking     ] GC(527) Concurrent Cleanup for Next Mark 3.193ms
[2777.879s][info][gc             ] GC(527) Concurrent Mark Cycle 1435.654ms
..[2780.473s][info][gc,start       ] GC(528) Pause Young (Prepare Mixed) (G1 Evacuation Pause)
[2780.473s][info][gc,task        ] GC(528) Using 6 workers of 6 for evacuation
[2780.589s][info][gc,phases      ] GC(528)   Pre Evacuate Collection Set: 0.37ms
[2780.589s][info][gc,phases      ] GC(528)   Merge Heap Roots: 0.57ms
[2780.589s][info][gc,phases      ] GC(528)   Evacuate Collection Set: 113.62ms
[2780.589s][info][gc,phases      ] GC(528)   Post Evacuate Collection Set: 0.93ms
[2780.589s][info][gc,phases      ] GC(528)   Other: 0.09ms
[2780.589s][info][gc,heap        ] GC(528) Eden regions: 1115->0(1111)
[2780.589s][info][gc,heap        ] GC(528) Survivor regions: 113->109(154)
[2780.589s][info][gc,heap        ] GC(528) Old regions: 505->536
[2780.589s][info][gc,heap        ] GC(528) Humongous regions: 80->80
[2780.589s][info][gc,metaspace   ] GC(528) Metaspace: 28929K(29248K)->28929K(29248K) NonClass: 24049K(24192K)->24049K(24192K) Class: 4879K(5056K)->4879K(5056K)
[2780.589s][info][gc             ] GC(528) Pause Young (Prepare Mixed) (G1 Evacuation Pause) 3624M->1449M(4096M) 115.733ms
[2780.589s][info][gc,cpu         ] GC(528) User=0.69s Sys=0.00s Real=0.12s
....[2784.588s][info][gc,start       ] GC(529) Pause Young (Mixed) (G1 Evacuation Pause)
[2784.588s][info][gc,task        ] GC(529) Using 6 workers of 6 for evacuation
[2784.721s][info][gc,phases      ] GC(529)   Pre Evacuate Collection Set: 0.38ms
[2784.721s][info][gc,phases      ] GC(529)   Merge Heap Roots: 0.70ms
[2784.721s][info][gc,phases      ] GC(529)   Evacuate Collection Set: 131.20ms
[2784.721s][info][gc,phases      ] GC(529)   Post Evacuate Collection Set: 0.96ms
[2784.721s][info][gc,phases      ] GC(529)   Other: 0.09ms
[2784.721s][info][gc,heap        ] GC(529) Eden regions: 1111->0(1118)
[2784.721s][info][gc,heap        ] GC(529) Survivor regions: 109->110(153)
[2784.721s][info][gc,heap        ] GC(529) Old regions: 536->472
[2784.721s][info][gc,heap        ] GC(529) Humongous regions: 80->80
[2784.721s][info][gc,metaspace   ] GC(529) Metaspace: 28929K(29248K)->28929K(29248K) NonClass: 24049K(24192K)->24049K(24192K) Class: 4879K(5056K)->4879K(5056K)
[2784.721s][info][gc             ] GC(529) Pause Young (Mixed) (G1 Evacuation Pause) 3671M->1322M(4096M) 133.450ms
[2784.721s][info][gc,cpu         ] GC(529) User=0.79s Sys=0.00s Real=0.13s
....[2788.682s][info][gc,start       ] GC(530) Pause Young (Concurrent Start) (G1 Evacuation Pause)
[2788.683s][info][gc,task        ] GC(530) Using 6 workers of 6 for evacuation
[2788.796s][info][gc,phases      ] GC(530)   Pre Evacuate Collection Set: 0.41ms
[2788.796s][info][gc,phases      ] GC(530)   Merge Heap Roots: 0.52ms
[2788.796s][info][gc,phases      ] GC(530)   Evacuate Collection Set: 111.24ms
[2788.796s][info][gc,phases      ] GC(530)   Post Evacuate Collection Set: 0.91ms
[2788.796s][info][gc,phases      ] GC(530)   Other: 0.13ms
[2788.796s][info][gc,heap        ] GC(530) Eden regions: 1118->0(1122)
[2788.796s][info][gc,heap        ] GC(530) Survivor regions: 110->106(154)
[2788.796s][info][gc,heap        ] GC(530) Old regions: 472->504
[2788.796s][info][gc,heap        ] GC(530) Humongous regions: 80->80
[2788.796s][info][gc,metaspace   ] GC(530) Metaspace: 28929K(29248K)->28929K(29248K) NonClass: 24049K(24192K)->24049K(24192K) Class: 4879K(5056K)->4879K(5056K)
[2788.796s][info][gc             ] GC(530) Pause Young (Concurrent Start) (G1 Evacuation Pause) 3558M->1379M(4096M) 113.356ms
[2788.796s][info][gc             ] GC(531) Concurrent Mark Cycle
[2788.796s][info][gc,marking     ] GC(531) Concurrent Scan Root Regions
[2788.796s][info][gc,cpu         ] GC(530) User=0.67s Sys=0.00s Real=0.11s
.[2788.970s][info][gc,marking     ] GC(531) Concurrent Scan Root Regions 174.285ms
[2788.970s][info][gc,marking     ] GC(531) Concurrent Mark
[2788.970s][info][gc,marking     ] GC(531) Concurrent Mark From Roots
[2788.970s][info][gc,task        ] GC(531) Using 2 workers of 2 for marking
[2789.789s][info][gc,marking     ] GC(531) Concurrent Mark From Roots 818.679ms
[2789.789s][info][gc,marking     ] GC(531) Concurrent Preclean
[2789.789s][info][gc,marking     ] GC(531) Concurrent Preclean 0.069ms
[2789.789s][info][gc,start       ] GC(531) Pause Remark
[2789.792s][info][gc             ] GC(531) Pause Remark 2005M->2005M(4096M) 3.064ms
[2789.792s][info][gc,cpu         ] GC(531) User=0.02s Sys=0.00s Real=0.00s
[2789.792s][info][gc,marking     ] GC(531) Concurrent Mark 822.060ms
[2789.792s][info][gc,marking     ] GC(531) Concurrent Rebuild Remembered Sets and Scrub Regions
.[2790.028s][info][gc,marking     ] GC(531) Concurrent Rebuild Remembered Sets and Scrub Regions 236.074ms
[2790.029s][info][gc,start       ] GC(531) Pause Cleanup
[2790.029s][info][gc             ] GC(531) Pause Cleanup 2122M->2122M(4096M) 0.120ms
[2790.029s][info][gc,cpu         ] GC(531) User=0.00s Sys=0.00s Real=0.00s
[2790.029s][info][gc,marking     ] GC(531) Concurrent Clear Claimed Marks
[2790.029s][info][gc,marking     ] GC(531) Concurrent Clear Claimed Marks 0.026ms
[2790.029s][info][gc,marking     ] GC(531) Concurrent Cleanup for Next Mark
[2790.032s][info][gc,marking     ] GC(531) Concurrent Cleanup for Next Mark 3.362ms
[2790.032s][info][gc             ] GC(531) Concurrent Mark Cycle 1236.294ms
...[2792.867s][info][gc,start       ] GC(532) Pause Young (Prepare Mixed) (G1 Evacuation Pause)
[2792.867s][info][gc,task        ] GC(532) Using 6 workers of 6 for evacuation
[2792.989s][info][gc,phases      ] GC(532)   Pre Evacuate Collection Set: 0.32ms
[2792.989s][info][gc,phases      ] GC(532)   Merge Heap Roots: 0.52ms
[2792.989s][info][gc,phases      ] GC(532)   Evacuate Collection Set: 119.79ms
[2792.989s][info][gc,phases      ] GC(532)   Post Evacuate Collection Set: 0.98ms
[2792.989s][info][gc,phases      ] GC(532)   Other: 0.08ms
[2792.989s][info][gc,heap        ] GC(532) Eden regions: 1122->0(1103)
[2792.989s][info][gc,heap        ] GC(532) Survivor regions: 106->113(154)
[2792.989s][info][gc,heap        ] GC(532) Old regions: 504->536
[2792.989s][info][gc,heap        ] GC(532) Humongous regions: 80->80
[2792.989s][info][gc,metaspace   ] GC(532) Metaspace: 28929K(29248K)->28929K(29248K) NonClass: 24049K(24192K)->24049K(24192K) Class: 4879K(5056K)->4879K(5056K)
[2792.989s][info][gc             ] GC(532) Pause Young (Prepare Mixed) (G1 Evacuation Pause) 3623M->1455M(4096M) 121.824ms
[2792.989s][info][gc,cpu         ] GC(532) User=0.73s Sys=0.00s Real=0.13s
.... (rIR:aIR:PR = 4566:4565:4565) (tPR = 67885) [OK] 
  2796s: Performance info:
         Transaction,    Success,    Partial,     Failed,   Receipts, AvgBarcode, 
             Overall,     274954,          0,          0,     261203,      59.47, 
         Response times:
             Request,    Success,    Partial,     Failed,   SkipFail,     Probes,    Samples,      min,      p50,      p90,      p95,      p99,      max, 
       TotalPurchase,     261232,          0,          0,          0,     256607,     274653,      300,     3700,     7100,    11400,    45000,   221000,
     InStorePurchase,     137533,          0,          0,          0,     135504,     144614,      300,     3900,     7200,    11600,    47000,   190000,
      OnlinePurchase,      96204,          0,          0,          0,      94343,     100946,      300,     3500,     6800,    10900,    43000,   221000,
        InstPurchase,      27495,          0,          0,          0,      26760,      29093,      400,     4000,     7500,    11900,    47000,   152000,
          AssocOfCat,        276,          0,          0,          0,        217,        298,    21000,    34000,    54000,    84250,   163030,   170000,
      AssocOfProduct,       2751,          0,          0,          0,       2556,       2978,      400,     2000,     6500,     9905,    32000,   134000,
      BusinessReport,        689,          0,          0,          0,        582,        721,    21000,    37000,    54800,    67000,   105000,   189000,
          CustBuyBeh,       2747,          0,          0,          0,       2505,       2876,      700,     4600,     8300,    16400,    53230,   146000,
       ProductReturn,       7289,          0,          0,          0,       6881,       7554,      200,     4000,     7300,    11875,    43450,   152000,

  2796s: (34%)   IR =   4705 [2796.961s][info][gc,start       ] GC(533) Pause Young (Mixed) (G1 Evacuation Pause)
[2796.962s][info][gc,task        ] GC(533) Using 6 workers of 6 for evacuation
[2797.097s][info][gc,phases      ] GC(533)   Pre Evacuate Collection Set: 0.39ms
[2797.097s][info][gc,phases      ] GC(533)   Merge Heap Roots: 0.83ms
[2797.097s][info][gc,phases      ] GC(533)   Evacuate Collection Set: 132.98ms
[2797.097s][info][gc,phases      ] GC(533)   Post Evacuate Collection Set: 0.96ms
[2797.097s][info][gc,phases      ] GC(533)   Other: 0.08ms
[2797.097s][info][gc,heap        ] GC(533) Eden regions: 1103->0(1120)
[2797.097s][info][gc,heap        ] GC(533) Survivor regions: 113->108(152)
[2797.097s][info][gc,heap        ] GC(533) Old regions: 536->473
[2797.097s][info][gc,heap        ] GC(533) Humongous regions: 80->80
[2797.097s][info][gc,metaspace   ] GC(533) Metaspace: 28931K(29248K)->28931K(29248K) NonClass: 24051K(24192K)->24051K(24192K) Class: 4879K(5056K)->4879K(5056K)
[2797.097s][info][gc             ] GC(533) Pause Young (Mixed) (G1 Evacuation Pause) 3661M->1320M(4096M) 135.383ms
[2797.097s][info][gc,cpu         ] GC(533) User=0.81s Sys=0.00s Real=0.13s
....|[2801.000s][info][gc,start       ] GC(534) Pause Young (Concurrent Start) (G1 Evacuation Pause)
[2801.000s][info][gc,task        ] GC(534) Using 6 workers of 6 for evacuation
[2801.121s][info][gc,phases      ] GC(534)   Pre Evacuate Collection Set: 0.35ms
[2801.121s][info][gc,phases      ] GC(534)   Merge Heap Roots: 0.45ms
[2801.121s][info][gc,phases      ] GC(534)   Evacuate Collection Set: 119.13ms
[2801.121s][info][gc,phases      ] GC(534)   Post Evacuate Collection Set: 0.87ms
[2801.121s][info][gc,phases      ] GC(534)   Other: 0.11ms
[2801.121s][info][gc,heap        ] GC(534) Eden regions: 1120->0(1117)
[2801.121s][info][gc,heap        ] GC(534) Survivor regions: 108->111(154)
[2801.121s][info][gc,heap        ] GC(534) Old regions: 473->505
[2801.121s][info][gc,heap        ] GC(534) Humongous regions: 80->80
[2801.121s][info][gc,metaspace   ] GC(534) Metaspace: 28931K(29248K)->28931K(29248K) NonClass: 24051K(24192K)->24051K(24192K) Class: 4879K(5056K)->4879K(5056K)
[2801.121s][info][gc             ] GC(534) Pause Young (Concurrent Start) (G1 Evacuation Pause) 3560M->1390M(4096M) 121.046ms
[2801.121s][info][gc             ] GC(535) Concurrent Mark Cycle
[2801.121s][info][gc,marking     ] GC(535) Concurrent Scan Root Regions
[2801.121s][info][gc,cpu         ] GC(534) User=0.72s Sys=0.01s Real=0.12s
[2801.269s][info][gc,marking     ] GC(535) Concurrent Scan Root Regions 148.235ms
[2801.269s][info][gc,marking     ] GC(535) Concurrent Mark
[2801.269s][info][gc,marking     ] GC(535) Concurrent Mark From Roots
[2801.269s][info][gc,task        ] GC(535) Using 2 workers of 2 for marking
[2801.820s][info][gc,marking     ] GC(535) Concurrent Mark From Roots 550.151ms
[2801.820s][info][gc,marking     ] GC(535) Concurrent Preclean
[2801.820s][info][gc,marking     ] GC(535) Concurrent Preclean 0.100ms
[2801.820s][info][gc,start       ] GC(535) Pause Remark
[2801.824s][info][gc             ] GC(535) Pause Remark 1836M->1836M(4096M) 4.044ms
[2801.824s][info][gc,cpu         ] GC(535) User=0.02s Sys=0.00s Real=0.00s
[2801.824s][info][gc,marking     ] GC(535) Concurrent Mark 554.618ms
[2801.824s][info][gc,marking     ] GC(535) Concurrent Rebuild Remembered Sets and Scrub Regions
.[2802.056s][info][gc,marking     ] GC(535) Concurrent Rebuild Remembered Sets and Scrub Regions 231.549ms
[2802.056s][info][gc,start       ] GC(535) Pause Cleanup
[2802.056s][info][gc             ] GC(535) Pause Cleanup 1952M->1952M(4096M) 0.101ms
[2802.056s][info][gc,cpu         ] GC(535) User=0.00s Sys=0.00s Real=0.00s
[2802.056s][info][gc,marking     ] GC(535) Concurrent Clear Claimed Marks
[2802.056s][info][gc,marking     ] GC(535) Concurrent Clear Claimed Marks 0.038ms
[2802.056s][info][gc,marking     ] GC(535) Concurrent Cleanup for Next Mark
[2802.061s][info][gc,marking     ] GC(535) Concurrent Cleanup for Next Mark 4.795ms
[2802.061s][info][gc             ] GC(535) Concurrent Mark Cycle 939.708ms
...[2805.066s][info][gc,start       ] GC(536) Pause Young (Prepare Mixed) (G1 Evacuation Pause)
[2805.067s][info][gc,task        ] GC(536) Using 6 workers of 6 for evacuation
[2805.182s][info][gc,phases      ] GC(536)   Pre Evacuate Collection Set: 0.34ms
[2805.182s][info][gc,phases      ] GC(536)   Merge Heap Roots: 0.51ms
[2805.182s][info][gc,phases      ] GC(536)   Evacuate Collection Set: 113.72ms
[2805.182s][info][gc,phases      ] GC(536)   Post Evacuate Collection Set: 0.93ms
[2805.182s][info][gc,phases      ] GC(536)   Other: 0.09ms
[2805.182s][info][gc,heap        ] GC(536) Eden regions: 1117->0(1108)
[2805.182s][info][gc,heap        ] GC(536) Survivor regions: 111->110(154)
[2805.182s][info][gc,heap        ] GC(536) Old regions: 505->537
[2805.182s][info][gc,heap        ] GC(536) Humongous regions: 80->80
[2805.182s][info][gc,metaspace   ] GC(536) Metaspace: 28929K(29248K)->28929K(29248K) NonClass: 24050K(24192K)->24050K(24192K) Class: 4879K(5056K)->4879K(5056K)
[2805.182s][info][gc             ] GC(536) Pause Young (Prepare Mixed) (G1 Evacuation Pause) 3624M->1451M(4096M) 115.744ms
[2805.182s][info][gc,cpu         ] GC(536) User=0.68s Sys=0.00s Real=0.12s
....[2808.986s][info][gc,start       ] GC(537) Pause Young (Mixed) (G1 Evacuation Pause)
[2808.986s][info][gc,task        ] GC(537) Using 6 workers of 6 for evacuation
[2809.120s][info][gc,phases      ] GC(537)   Pre Evacuate Collection Set: 0.37ms
[2809.120s][info][gc,phases      ] GC(537)   Merge Heap Roots: 0.69ms
[2809.120s][info][gc,phases      ] GC(537)   Evacuate Collection Set: 131.25ms
[2809.120s][info][gc,phases      ] GC(537)   Post Evacuate Collection Set: 0.88ms
[2809.120s][info][gc,phases      ] GC(537)   Other: 0.09ms
[2809.120s][info][gc,heap        ] GC(537) Eden regions: 1108->0(1119)
[2809.120s][info][gc,heap        ] GC(537) Survivor regions: 110->109(153)
[2809.120s][info][gc,heap        ] GC(537) Old regions: 537->472
[2809.120s][info][gc,heap        ] GC(537) Humongous regions: 80->80
[2809.120s][info][gc,metaspace   ] GC(537) Metaspace: 28929K(29248K)->28929K(29248K) NonClass: 24050K(24192K)->24050K(24192K) Class: 4879K(5056K)->4879K(5056K)
[2809.120s][info][gc             ] GC(537) Pause Young (Mixed) (G1 Evacuation Pause) 3667M->1320M(4096M) 133.406ms
[2809.120s][info][gc,cpu         ] GC(537) User=0.80s Sys=0.00s Real=0.14s
....[2813.004s][info][gc,start       ] GC(538) Pause Young (Concurrent Start) (G1 Evacuation Pause)
[2813.004s][info][gc,task        ] GC(538) Using 6 workers of 6 for evacuation
[2813.119s][info][gc,phases      ] GC(538)   Pre Evacuate Collection Set: 0.38ms
[2813.119s][info][gc,phases      ] GC(538)   Merge Heap Roots: 0.45ms
[2813.119s][info][gc,phases      ] GC(538)   Evacuate Collection Set: 112.47ms
[2813.119s][info][gc,phases      ] GC(538)   Post Evacuate Collection Set: 0.89ms
[2813.119s][info][gc,phases      ] GC(538)   Other: 0.12ms
[2813.119s][info][gc,heap        ] GC(538) Eden regions: 1119->0(1119)
[2813.119s][info][gc,heap        ] GC(538) Survivor regions: 109->109(154)
[2813.119s][info][gc,heap        ] GC(538) Old regions: 472->505
[2813.119s][info][gc,heap        ] GC(538) Humongous regions: 80->80
[2813.119s][info][gc,metaspace   ] GC(538) Metaspace: 28929K(29248K)->28929K(29248K) NonClass: 24050K(24192K)->24050K(24192K) Class: 4879K(5056K)->4879K(5056K)
[2813.119s][info][gc             ] GC(538) Pause Young (Concurrent Start) (G1 Evacuation Pause) 3558M->1385M(4096M) 114.441ms
[2813.119s][info][gc             ] GC(539) Concurrent Mark Cycle
[2813.119s][info][gc,marking     ] GC(539) Concurrent Scan Root Regions
[2813.119s][info][gc,cpu         ] GC(538) User=0.68s Sys=0.00s Real=0.12s
[2813.258s][info][gc,marking     ] GC(539) Concurrent Scan Root Regions 139.423ms
[2813.258s][info][gc,marking     ] GC(539) Concurrent Mark
[2813.258s][info][gc,marking     ] GC(539) Concurrent Mark From Roots
[2813.258s][info][gc,task        ] GC(539) Using 2 workers of 2 for marking
.[2814.031s][info][gc,marking     ] GC(539) Concurrent Mark From Roots 772.467ms
[2814.031s][info][gc,marking     ] GC(539) Concurrent Preclean
[2814.031s][info][gc,marking     ] GC(539) Concurrent Preclean 0.089ms
[2814.031s][info][gc,start       ] GC(539) Pause Remark
[2814.034s][info][gc             ] GC(539) Pause Remark 1956M->1956M(4096M) 3.014ms
[2814.034s][info][gc,cpu         ] GC(539) User=0.02s Sys=0.00s Real=0.00s
[2814.034s][info][gc,marking     ] GC(539) Concurrent Mark 775.791ms
[2814.034s][info][gc,marking     ] GC(539) Concurrent Rebuild Remembered Sets and Scrub Regions
[2814.299s][info][gc,marking     ] GC(539) Concurrent Rebuild Remembered Sets and Scrub Regions 264.567ms
[2814.299s][info][gc,start       ] GC(539) Pause Cleanup
[2814.299s][info][gc             ] GC(539) Pause Cleanup 2101M->2101M(4096M) 0.126ms
[2814.299s][info][gc,cpu         ] GC(539) User=0.00s Sys=0.00s Real=0.00s
[2814.299s][info][gc,marking     ] GC(539) Concurrent Clear Claimed Marks
[2814.299s][info][gc,marking     ] GC(539) Concurrent Clear Claimed Marks 0.028ms
[2814.299s][info][gc,marking     ] GC(539) Concurrent Cleanup for Next Mark
[2814.303s][info][gc,marking     ] GC(539) Concurrent Cleanup for Next Mark 4.103ms
[2814.303s][info][gc             ] GC(539) Concurrent Mark Cycle 1184.378ms
...[2817.080s][info][gc,start       ] GC(540) Pause Young (Prepare Mixed) (G1 Evacuation Pause)
[2817.080s][info][gc,task        ] GC(540) Using 6 workers of 6 for evacuation
[2817.198s][info][gc,phases      ] GC(540)   Pre Evacuate Collection Set: 0.32ms
[2817.198s][info][gc,phases      ] GC(540)   Merge Heap Roots: 0.49ms
[2817.198s][info][gc,phases      ] GC(540)   Evacuate Collection Set: 116.78ms
[2817.198s][info][gc,phases      ] GC(540)   Post Evacuate Collection Set: 0.93ms
[2817.198s][info][gc,phases      ] GC(540)   Other: 0.09ms
[2817.198s][info][gc,heap        ] GC(540) Eden regions: 1119->0(1109)
[2817.198s][info][gc,heap        ] GC(540) Survivor regions: 109->110(154)
[2817.198s][info][gc,heap        ] GC(540) Old regions: 505->536
[2817.198s][info][gc,heap        ] GC(540) Humongous regions: 80->80
[2817.198s][info][gc,metaspace   ] GC(540) Metaspace: 28929K(29248K)->28929K(29248K) NonClass: 24050K(24192K)->24050K(24192K) Class: 4879K(5056K)->4879K(5056K)
[2817.198s][info][gc             ] GC(540) Pause Young (Prepare Mixed) (G1 Evacuation Pause) 3623M->1451M(4096M) 118.734ms
[2817.199s][info][gc,cpu         ] GC(540) User=0.71s Sys=0.00s Real=0.12s
....[2821.058s][info][gc,start       ] GC(541) Pause Young (Mixed) (G1 Evacuation Pause)
[2821.058s][info][gc,task        ] GC(541) Using 6 workers of 6 for evacuation
[2821.190s][info][gc,phases      ] GC(541)   Pre Evacuate Collection Set: 0.37ms
[2821.190s][info][gc,phases      ] GC(541)   Merge Heap Roots: 0.67ms
[2821.190s][info][gc,phases      ] GC(541)   Evacuate Collection Set: 130.44ms
[2821.190s][info][gc,phases      ] GC(541)   Post Evacuate Collection Set: 0.93ms
[2821.190s][info][gc,phases      ] GC(541)   Other: 0.08ms
[2821.190s][info][gc,heap        ] GC(541) Eden regions: 1109->0(1120)
[2821.190s][info][gc,heap        ] GC(541) Survivor regions: 110->108(153)
[2821.190s][info][gc,heap        ] GC(541) Old regions: 536->472
[2821.190s][info][gc,heap        ] GC(541) Humongous regions: 80->80
[2821.190s][info][gc,metaspace   ] GC(541) Metaspace: 28929K(29248K)->28929K(29248K) NonClass: 24050K(24192K)->24050K(24192K) Class: 4879K(5056K)->4879K(5056K)
[2821.190s][info][gc             ] GC(541) Pause Young (Mixed) (G1 Evacuation Pause) 3669M->1318M(4096M) 132.624ms
[2821.190s][info][gc,cpu         ] GC(541) User=0.79s Sys=0.00s Real=0.13s
....[2825.153s][info][gc,start       ] GC(542) Pause Young (Concurrent Start) (G1 Evacuation Pause)
[2825.153s][info][gc,task        ] GC(542) Using 6 workers of 6 for evacuation
[2825.270s][info][gc,phases      ] GC(542)   Pre Evacuate Collection Set: 0.38ms
[2825.270s][info][gc,phases      ] GC(542)   Merge Heap Roots: 0.47ms
[2825.270s][info][gc,phases      ] GC(542)   Evacuate Collection Set: 114.42ms
[2825.270s][info][gc,phases      ] GC(542)   Post Evacuate Collection Set: 0.85ms
[2825.270s][info][gc,phases      ] GC(542)   Other: 0.12ms
[2825.270s][info][gc,heap        ] GC(542) Eden regions: 1120->0(1119)
[2825.270s][info][gc,heap        ] GC(542) Survivor regions: 108->109(154)
[2825.270s][info][gc,heap        ] GC(542) Old regions: 472->504
[2825.270s][info][gc,heap        ] GC(542) Humongous regions: 80->80
[2825.270s][info][gc,metaspace   ] GC(542) Metaspace: 28929K(29248K)->28929K(29248K) NonClass: 24050K(24192K)->24050K(24192K) Class: 4879K(5056K)->4879K(5056K)
[2825.270s][info][gc             ] GC(542) Pause Young (Concurrent Start) (G1 Evacuation Pause) 3558M->1383M(4096M) 116.369ms
[2825.270s][info][gc             ] GC(543) Concurrent Mark Cycle
[2825.270s][info][gc,marking     ] GC(543) Concurrent Scan Root Regions
[2825.270s][info][gc,cpu         ] GC(542) User=0.69s Sys=0.00s Real=0.12s
[2825.465s][info][gc,marking     ] GC(543) Concurrent Scan Root Regions 194.992ms
[2825.465s][info][gc,marking     ] GC(543) Concurrent Mark
[2825.465s][info][gc,marking     ] GC(543) Concurrent Mark From Roots
[2825.465s][info][gc,task        ] GC(543) Using 2 workers of 2 for marking
.[2826.103s][info][gc,marking     ] GC(543) Concurrent Mark From Roots 638.342ms
[2826.103s][info][gc,marking     ] GC(543) Concurrent Preclean
[2826.103s][info][gc,marking     ] GC(543) Concurrent Preclean 0.097ms
[2826.103s][info][gc,start       ] GC(543) Pause Remark
[2826.106s][info][gc             ] GC(543) Pause Remark 1938M->1938M(4096M) 2.336ms
[2826.106s][info][gc,cpu         ] GC(543) User=0.01s Sys=0.00s Real=0.00s
[2826.106s][info][gc,marking     ] GC(543) Concurrent Mark 641.019ms
[2826.106s][info][gc,marking     ] GC(543) Concurrent Rebuild Remembered Sets and Scrub Regions
[2826.343s][info][gc,marking     ] GC(543) Concurrent Rebuild Remembered Sets and Scrub Regions 237.149ms
[2826.343s][info][gc,start       ] GC(543) Pause Cleanup
[2826.343s][info][gc             ] GC(543) Pause Cleanup 2078M->2078M(4096M) 0.124ms
[2826.343s][info][gc,cpu         ] GC(543) User=0.00s Sys=0.00s Real=0.00s
[2826.343s][info][gc,marking     ] GC(543) Concurrent Clear Claimed Marks
[2826.343s][info][gc,marking     ] GC(543) Concurrent Clear Claimed Marks 0.033ms
[2826.343s][info][gc,marking     ] GC(543) Concurrent Cleanup for Next Mark
[2826.347s][info][gc,marking     ] GC(543) Concurrent Cleanup for Next Mark 3.785ms
[2826.347s][info][gc             ] GC(543) Concurrent Mark Cycle 1077.683ms
...[2829.086s][info][gc,start       ] GC(544) Pause Young (Prepare Mixed) (G1 Evacuation Pause)
[2829.086s][info][gc,task        ] GC(544) Using 6 workers of 6 for evacuation
[2829.203s][info][gc,phases      ] GC(544)   Pre Evacuate Collection Set: 0.31ms
[2829.203s][info][gc,phases      ] GC(544)   Merge Heap Roots: 0.48ms
[2829.203s][info][gc,phases      ] GC(544)   Evacuate Collection Set: 115.19ms
[2829.203s][info][gc,phases      ] GC(544)   Post Evacuate Collection Set: 0.96ms
[2829.203s][info][gc,phases      ] GC(544)   Other: 0.09ms
[2829.203s][info][gc,heap        ] GC(544) Eden regions: 1119->0(1112)
[2829.203s][info][gc,heap        ] GC(544) Survivor regions: 109->109(154)
[2829.203s][info][gc,heap        ] GC(544) Old regions: 504->535
[2829.203s][info][gc,heap        ] GC(544) Humongous regions: 80->80
[2829.203s][info][gc,metaspace   ] GC(544) Metaspace: 28929K(29248K)->28929K(29248K) NonClass: 24050K(24192K)->24050K(24192K) Class: 4879K(5056K)->4879K(5056K)
[2829.203s][info][gc             ] GC(544) Pause Young (Prepare Mixed) (G1 Evacuation Pause) 3621M->1447M(4096M) 117.171ms
[2829.203s][info][gc,cpu         ] GC(544) User=0.70s Sys=0.00s Real=0.12s
....[2833.226s][info][gc,start       ] GC(545) Pause Young (Mixed) (G1 Evacuation Pause)
[2833.226s][info][gc,task        ] GC(545) Using 6 workers of 6 for evacuation
[2833.360s][info][gc,phases      ] GC(545)   Pre Evacuate Collection Set: 0.35ms
[2833.360s][info][gc,phases      ] GC(545)   Merge Heap Roots: 0.71ms
[2833.360s][info][gc,phases      ] GC(545)   Evacuate Collection Set: 132.22ms
[2833.360s][info][gc,phases      ] GC(545)   Post Evacuate Collection Set: 0.92ms
[2833.360s][info][gc,phases      ] GC(545)   Other: 0.08ms
[2833.360s][info][gc,heap        ] GC(545) Eden regions: 1112->0(1119)
[2833.360s][info][gc,heap        ] GC(545) Survivor regions: 109->109(153)
[2833.360s][info][gc,heap        ] GC(545) Old regions: 535->471
[2833.360s][info][gc,heap        ] GC(545) Humongous regions: 80->80
[2833.360s][info][gc,metaspace   ] GC(545) Metaspace: 28929K(29248K)->28929K(29248K) NonClass: 24050K(24192K)->24050K(24192K) Class: 4879K(5056K)->4879K(5056K)
[2833.360s][info][gc             ] GC(545) Pause Young (Mixed) (G1 Evacuation Pause) 3671M->1319M(4096M) 134.418ms
[2833.360s][info][gc,cpu         ] GC(545) User=0.80s Sys=0.00s Real=0.14s
....[2837.156s][info][gc,start       ] GC(546) Pause Young (Concurrent Start) (G1 Evacuation Pause)
[2837.156s][info][gc,task        ] GC(546) Using 6 workers of 6 for evacuation
[2837.274s][info][gc,phases      ] GC(546)   Pre Evacuate Collection Set: 0.37ms
[2837.274s][info][gc,phases      ] GC(546)   Merge Heap Roots: 0.45ms
[2837.274s][info][gc,phases      ] GC(546)   Evacuate Collection Set: 116.12ms
[2837.274s][info][gc,phases      ] GC(546)   Post Evacuate Collection Set: 0.89ms
[2837.274s][info][gc,phases      ] GC(546)   Other: 0.11ms
[2837.274s][info][gc,heap        ] GC(546) Eden regions: 1119->0(1117)
[2837.274s][info][gc,heap        ] GC(546) Survivor regions: 109->111(154)
[2837.274s][info][gc,heap        ] GC(546) Old regions: 471->502
[2837.274s][info][gc,heap        ] GC(546) Humongous regions: 80->80
[2837.274s][info][gc,metaspace   ] GC(546) Metaspace: 28929K(29248K)->28929K(29248K) NonClass: 24050K(24192K)->24050K(24192K) Class: 4879K(5056K)->4879K(5056K)
[2837.274s][info][gc             ] GC(546) Pause Young (Concurrent Start) (G1 Evacuation Pause) 3557M->1385M(4096M) 118.065ms
[2837.274s][info][gc             ] GC(547) Concurrent Mark Cycle
[2837.274s][info][gc,marking     ] GC(547) Concurrent Scan Root Regions
[2837.274s][info][gc,cpu         ] GC(546) User=0.70s Sys=0.00s Real=0.12s
[2837.457s][info][gc,marking     ] GC(547) Concurrent Scan Root Regions 183.060ms
[2837.457s][info][gc,marking     ] GC(547) Concurrent Mark
[2837.457s][info][gc,marking     ] GC(547) Concurrent Mark From Roots
[2837.457s][info][gc,task        ] GC(547) Using 2 workers of 2 for marking
.[2838.417s][info][gc,marking     ] GC(547) Concurrent Mark From Roots 960.543ms
[2838.417s][info][gc,marking     ] GC(547) Concurrent Preclean
[2838.417s][info][gc,marking     ] GC(547) Concurrent Preclean 0.092ms
[2838.418s][info][gc,start       ] GC(547) Pause Remark
[2838.420s][info][gc             ] GC(547) Pause Remark 2097M->2097M(4096M) 2.916ms
[2838.421s][info][gc,cpu         ] GC(547) User=0.01s Sys=0.00s Real=0.00s
[2838.421s][info][gc,marking     ] GC(547) Concurrent Mark 963.760ms
[2838.421s][info][gc,marking     ] GC(547) Concurrent Rebuild Remembered Sets and Scrub Regions
[2838.819s][info][gc,marking     ] GC(547) Concurrent Rebuild Remembered Sets and Scrub Regions 398.347ms
[2838.819s][info][gc,start       ] GC(547) Pause Cleanup
[2838.819s][info][gc             ] GC(547) Pause Cleanup 2306M->2306M(4096M) 0.118ms
[2838.819s][info][gc,cpu         ] GC(547) User=0.00s Sys=0.00s Real=0.00s
[2838.819s][info][gc,marking     ] GC(547) Concurrent Clear Claimed Marks
[2838.819s][info][gc,marking     ] GC(547) Concurrent Clear Claimed Marks 0.027ms
[2838.819s][info][gc,marking     ] GC(547) Concurrent Cleanup for Next Mark
[2838.823s][info][gc,marking     ] GC(547) Concurrent Cleanup for Next Mark 3.626ms
[2838.823s][info][gc             ] GC(547) Concurrent Mark Cycle 1549.279ms
...[2841.225s][info][gc,start       ] GC(548) Pause Young (Prepare Mixed) (G1 Evacuation Pause)
[2841.225s][info][gc,task        ] GC(548) Using 6 workers of 6 for evacuation
[2841.342s][info][gc,phases      ] GC(548)   Pre Evacuate Collection Set: 0.31ms
[2841.342s][info][gc,phases      ] GC(548)   Merge Heap Roots: 0.57ms
[2841.342s][info][gc,phases      ] GC(548)   Evacuate Collection Set: 114.95ms
[2841.342s][info][gc,phases      ] GC(548)   Post Evacuate Collection Set: 0.94ms
[2841.342s][info][gc,phases      ] GC(548)   Other: 0.09ms
[2841.342s][info][gc,heap        ] GC(548) Eden regions: 1117->0(1110)
[2841.342s][info][gc,heap        ] GC(548) Survivor regions: 111->110(154)
[2841.342s][info][gc,heap        ] GC(548) Old regions: 502->535
[2841.342s][info][gc,heap        ] GC(548) Humongous regions: 80->80
[2841.342s][info][gc,metaspace   ] GC(548) Metaspace: 28929K(29248K)->28929K(29248K) NonClass: 24050K(24192K)->24050K(24192K) Class: 4879K(5056K)->4879K(5056K)
[2841.342s][info][gc             ] GC(548) Pause Young (Prepare Mixed) (G1 Evacuation Pause) 3619M->1447M(4096M) 117.009ms
[2841.342s][info][gc,cpu         ] GC(548) User=0.70s Sys=0.00s Real=0.12s
....[2845.203s][info][gc,start       ] GC(549) Pause Young (Mixed) (G1 Evacuation Pause)
[2845.203s][info][gc,task        ] GC(549) Using 6 workers of 6 for evacuation
[2845.337s][info][gc,phases      ] GC(549)   Pre Evacuate Collection Set: 0.38ms
[2845.337s][info][gc,phases      ] GC(549)   Merge Heap Roots: 0.68ms
[2845.337s][info][gc,phases      ] GC(549)   Evacuate Collection Set: 131.60ms
[2845.337s][info][gc,phases      ] GC(549)   Post Evacuate Collection Set: 0.92ms
[2845.337s][info][gc,phases      ] GC(549)   Other: 0.09ms
[2845.337s][info][gc,heap        ] GC(549) Eden regions: 1110->0(1117)
[2845.337s][info][gc,heap        ] GC(549) Survivor regions: 110->111(153)
[2845.337s][info][gc,heap        ] GC(549) Old regions: 535->471
[2845.337s][info][gc,heap        ] GC(549) Humongous regions: 80->80
[2845.337s][info][gc,metaspace   ] GC(549) Metaspace: 28929K(29248K)->28929K(29248K) NonClass: 24050K(24192K)->24050K(24192K) Class: 4879K(5056K)->4879K(5056K)
[2845.337s][info][gc             ] GC(549) Pause Young (Mixed) (G1 Evacuation Pause) 3667M->1322M(4096M) 133.798ms
[2845.337s][info][gc,cpu         ] GC(549) User=0.80s Sys=0.00s Real=0.13s
....[2849.238s][info][gc,start       ] GC(550) Pause Young (Concurrent Start) (G1 Evacuation Pause)
[2849.238s][info][gc,task        ] GC(550) Using 6 workers of 6 for evacuation
[2849.354s][info][gc,phases      ] GC(550)   Pre Evacuate Collection Set: 0.39ms
[2849.354s][info][gc,phases      ] GC(550)   Merge Heap Roots: 0.46ms
[2849.354s][info][gc,phases      ] GC(550)   Evacuate Collection Set: 114.04ms
[2849.354s][info][gc,phases      ] GC(550)   Post Evacuate Collection Set: 0.87ms
[2849.354s][info][gc,phases      ] GC(550)   Other: 0.11ms
[2849.354s][info][gc,heap        ] GC(550) Eden regions: 1117->0(1120)
[2849.354s][info][gc,heap        ] GC(550) Survivor regions: 111->108(154)
[2849.354s][info][gc,heap        ] GC(550) Old regions: 471->504
[2849.354s][info][gc,heap        ] GC(550) Humongous regions: 80->80
[2849.354s][info][gc,metaspace   ] GC(550) Metaspace: 28929K(29248K)->28929K(29248K) NonClass: 24050K(24192K)->24050K(24192K) Class: 4879K(5056K)->4879K(5056K)
[2849.354s][info][gc             ] GC(550) Pause Young (Concurrent Start) (G1 Evacuation Pause) 3556M->1382M(4096M) 116.017ms
[2849.354s][info][gc             ] GC(551) Concurrent Mark Cycle
[2849.354s][info][gc,marking     ] GC(551) Concurrent Scan Root Regions
[2849.354s][info][gc,cpu         ] GC(550) User=0.69s Sys=0.00s Real=0.11s
[2849.534s][info][gc,marking     ] GC(551) Concurrent Scan Root Regions 180.264ms
[2849.534s][info][gc,marking     ] GC(551) Concurrent Mark
[2849.534s][info][gc,marking     ] GC(551) Concurrent Mark From Roots
[2849.534s][info][gc,task        ] GC(551) Using 2 workers of 2 for marking
.[2850.492s][info][gc,marking     ] GC(551) Concurrent Mark From Roots 957.847ms
[2850.492s][info][gc,marking     ] GC(551) Concurrent Preclean
[2850.492s][info][gc,marking     ] GC(551) Concurrent Preclean 0.114ms
[2850.494s][info][gc,start       ] GC(551) Pause Remark
[2850.497s][info][gc             ] GC(551) Pause Remark 2080M->2080M(4096M) 3.046ms
[2850.497s][info][gc,cpu         ] GC(551) User=0.01s Sys=0.00s Real=0.00s
[2850.497s][info][gc,marking     ] GC(551) Concurrent Mark 962.646ms
[2850.497s][info][gc,marking     ] GC(551) Concurrent Rebuild Remembered Sets and Scrub Regions
[2850.905s][info][gc,marking     ] GC(551) Concurrent Rebuild Remembered Sets and Scrub Regions 408.218ms
[2850.905s][info][gc,start       ] GC(551) Pause Cleanup
[2850.906s][info][gc             ] GC(551) Pause Cleanup 2324M->2324M(4096M) 0.105ms
[2850.906s][info][gc,cpu         ] GC(551) User=0.00s Sys=0.00s Real=0.00s
[2850.906s][info][gc,marking     ] GC(551) Concurrent Clear Claimed Marks
[2850.906s][info][gc,marking     ] GC(551) Concurrent Clear Claimed Marks 0.027ms
[2850.906s][info][gc,marking     ] GC(551) Concurrent Cleanup for Next Mark
[2850.909s][info][gc,marking     ] GC(551) Concurrent Cleanup for Next Mark 3.817ms
[2850.910s][info][gc             ] GC(551) Concurrent Mark Cycle 1555.411ms
...[2853.204s][info][gc,start       ] GC(552) Pause Young (Prepare Mixed) (G1 Evacuation Pause)
[2853.204s][info][gc,task        ] GC(552) Using 6 workers of 6 for evacuation
[2853.327s][info][gc,phases      ] GC(552)   Pre Evacuate Collection Set: 0.32ms
[2853.327s][info][gc,phases      ] GC(552)   Merge Heap Roots: 0.58ms
[2853.327s][info][gc,phases      ] GC(552)   Evacuate Collection Set: 120.94ms
[2853.327s][info][gc,phases      ] GC(552)   Post Evacuate Collection Set: 0.91ms
[2853.327s][info][gc,phases      ] GC(552)   Other: 0.08ms
[2853.327s][info][gc,heap        ] GC(552) Eden regions: 1120->0(1103)
[2853.327s][info][gc,heap        ] GC(552) Survivor regions: 108->113(154)
[2853.327s][info][gc,heap        ] GC(552) Old regions: 504->536
[2853.327s][info][gc,heap        ] GC(552) Humongous regions: 80->80
[2853.327s][info][gc,metaspace   ] GC(552) Metaspace: 28929K(29248K)->28929K(29248K) NonClass: 24050K(24192K)->24050K(24192K) Class: 4879K(5056K)->4879K(5056K)
[2853.327s][info][gc             ] GC(552) Pause Young (Prepare Mixed) (G1 Evacuation Pause) 3622M->1455M(4096M) 122.956ms
[2853.327s][info][gc,cpu         ] GC(552) User=0.73s Sys=0.00s Real=0.12s
....[2857.211s][info][gc,start       ] GC(553) Pause Young (Mixed) (G1 Evacuation Pause)
[2857.211s][info][gc,task        ] GC(553) Using 6 workers of 6 for evacuation
[2857.352s][info][gc,phases      ] GC(553)   Pre Evacuate Collection Set: 0.37ms
[2857.352s][info][gc,phases      ] GC(553)   Merge Heap Roots: 0.79ms
[2857.352s][info][gc,phases      ] GC(553)   Evacuate Collection Set: 138.85ms
[2857.352s][info][gc,phases      ] GC(553)   Post Evacuate Collection Set: 0.97ms
[2857.352s][info][gc,phases      ] GC(553)   Other: 0.09ms
[2857.352s][info][gc,heap        ] GC(553) Eden regions: 1103->0(1117)
[2857.352s][info][gc,heap        ] GC(553) Survivor regions: 113->111(152)
[2857.352s][info][gc,heap        ] GC(553) Old regions: 536->472
[2857.352s][info][gc,heap        ] GC(553) Humongous regions: 80->80
[2857.352s][info][gc,metaspace   ] GC(553) Metaspace: 28929K(29248K)->28929K(29248K) NonClass: 24050K(24192K)->24050K(24192K) Class: 4879K(5056K)->4879K(5056K)
[2857.352s][info][gc             ] GC(553) Pause Young (Mixed) (G1 Evacuation Pause) 3661M->1324M(4096M) 141.201ms
[2857.352s][info][gc,cpu         ] GC(553) User=0.84s Sys=0.00s Real=0.14s
.... (rIR:aIR:PR = 4705:4705:4705) (tPR = 69696) [OK] 
  2860s: Performance info:
         Transaction,    Success,    Partial,     Failed,   Receipts, AvgBarcode, 
             Overall,     282609,          0,          0,     268459,      59.47, 
         Response times:
             Request,    Success,    Partial,     Failed,   SkipFail,     Probes,    Samples,      min,      p50,      p90,      p95,      p99,      max, 
       TotalPurchase,     268462,          0,          0,          0,     264475,     281665,      300,     3700,     6900,    12300,    56000,   230000,
     InStorePurchase,     141279,          0,          0,          0,     139454,     148165,      300,     3800,     7000,    12700,    57000,   175000,
      OnlinePurchase,      98937,          0,          0,          0,      97402,     103782,      300,     3500,     6800,    11900,    53000,   230000,
        InstPurchase,      28246,          0,          0,          0,      27619,      29718,      400,     4000,     7000,    12000,    59000,   230000,
          AssocOfCat,        283,          0,          0,          0,        216,        304,    19100,    30000,    47500,    60500,   161300,   186000,
      AssocOfProduct,       2832,          0,          0,          0,       2655,       3000,      500,     1900,     4200,     6195,    28000,   140000,
      BusinessReport,        706,          0,          0,          0,        599,        738,    24000,    34000,    57000,    74050,   165270,   244000,
          CustBuyBeh,       2831,          0,          0,          0,       2651,       2996,      200,     2800,     5500,    12700,    58000,   149000,
       ProductReturn,       7498,          0,          0,          0,       7129,       7939,      200,     4500,     8000,    17400,    64000,   186000,

  2860s: (35%)   IR =   4843 [2861.231s][info][gc,start       ] GC(554) Pause Young (Concurrent Start) (G1 Evacuation Pause)
[2861.231s][info][gc,task        ] GC(554) Using 6 workers of 6 for evacuation
[2861.348s][info][gc,phases      ] GC(554)   Pre Evacuate Collection Set: 0.39ms
[2861.348s][info][gc,phases      ] GC(554)   Merge Heap Roots: 0.49ms
[2861.348s][info][gc,phases      ] GC(554)   Evacuate Collection Set: 114.49ms
[2861.348s][info][gc,phases      ] GC(554)   Post Evacuate Collection Set: 0.87ms
[2861.348s][info][gc,phases      ] GC(554)   Other: 0.13ms
[2861.348s][info][gc,heap        ] GC(554) Eden regions: 1117->0(1119)
[2861.348s][info][gc,heap        ] GC(554) Survivor regions: 111->109(154)
[2861.348s][info][gc,heap        ] GC(554) Old regions: 472->504
[2861.348s][info][gc,heap        ] GC(554) Humongous regions: 80->80
[2861.348s][info][gc,metaspace   ] GC(554) Metaspace: 28929K(29248K)->28929K(29248K) NonClass: 24050K(24192K)->24050K(24192K) Class: 4879K(5056K)->4879K(5056K)
[2861.348s][info][gc             ] GC(554) Pause Young (Concurrent Start) (G1 Evacuation Pause) 3558M->1384M(4096M) 116.493ms
[2861.348s][info][gc             ] GC(555) Concurrent Mark Cycle
[2861.348s][info][gc,marking     ] GC(555) Concurrent Scan Root Regions
[2861.348s][info][gc,cpu         ] GC(554) User=0.69s Sys=0.00s Real=0.12s
[2861.512s][info][gc,marking     ] GC(555) Concurrent Scan Root Regions 163.893ms
[2861.512s][info][gc,marking     ] GC(555) Concurrent Mark
[2861.512s][info][gc,marking     ] GC(555) Concurrent Mark From Roots
[2861.512s][info][gc,task        ] GC(555) Using 2 workers of 2 for marking
.[2862.240s][info][gc,marking     ] GC(555) Concurrent Mark From Roots 728.445ms
[2862.240s][info][gc,marking     ] GC(555) Concurrent Preclean
[2862.240s][info][gc,marking     ] GC(555) Concurrent Preclean 0.117ms
[2862.240s][info][gc,start       ] GC(555) Pause Remark
[2862.243s][info][gc             ] GC(555) Pause Remark 1935M->1935M(4096M) 2.270ms
[2862.243s][info][gc,cpu         ] GC(555) User=0.01s Sys=0.00s Real=0.00s
[2862.243s][info][gc,marking     ] GC(555) Concurrent Mark 731.060ms
[2862.243s][info][gc,marking     ] GC(555) Concurrent Rebuild Remembered Sets and Scrub Regions
[2862.481s][info][gc,marking     ] GC(555) Concurrent Rebuild Remembered Sets and Scrub Regions 238.489ms
[2862.482s][info][gc,start       ] GC(555) Pause Cleanup
[2862.482s][info][gc             ] GC(555) Pause Cleanup 2087M->2087M(4096M) 0.111ms
[2862.482s][info][gc,cpu         ] GC(555) User=0.00s Sys=0.00s Real=0.00s
[2862.482s][info][gc,marking     ] GC(555) Concurrent Clear Claimed Marks
[2862.482s][info][gc,marking     ] GC(555) Concurrent Clear Claimed Marks 0.029ms
[2862.482s][info][gc,marking     ] GC(555) Concurrent Cleanup for Next Mark
[2862.485s][info][gc,marking     ] GC(555) Concurrent Cleanup for Next Mark 3.313ms
[2862.486s][info][gc             ] GC(555) Concurrent Mark Cycle 1137.740ms
...[2865.151s][info][gc,start       ] GC(556) Pause Young (Prepare Mixed) (G1 Evacuation Pause)
[2865.151s][info][gc,task        ] GC(556) Using 6 workers of 6 for evacuation
[2865.269s][info][gc,phases      ] GC(556)   Pre Evacuate Collection Set: 0.33ms
[2865.269s][info][gc,phases      ] GC(556)   Merge Heap Roots: 0.49ms
[2865.269s][info][gc,phases      ] GC(556)   Evacuate Collection Set: 115.70ms
[2865.269s][info][gc,phases      ] GC(556)   Post Evacuate Collection Set: 0.95ms
[2865.269s][info][gc,phases      ] GC(556)   Other: 0.09ms
[2865.269s][info][gc,heap        ] GC(556) Eden regions: 1119->0(1111)
[2865.269s][info][gc,heap        ] GC(556) Survivor regions: 109->109(154)
[2865.269s][info][gc,heap        ] GC(556) Old regions: 504->536
[2865.269s][info][gc,heap        ] GC(556) Humongous regions: 80->80
[2865.269s][info][gc,metaspace   ] GC(556) Metaspace: 28929K(29248K)->28929K(29248K) NonClass: 24050K(24192K)->24050K(24192K) Class: 4879K(5056K)->4879K(5056K)
[2865.269s][info][gc             ] GC(556) Pause Young (Prepare Mixed) (G1 Evacuation Pause) 3622M->1449M(4096M) 117.699ms
[2865.269s][info][gc,cpu         ] GC(556) User=0.70s Sys=0.00s Real=0.12s
.|...[2869.106s][info][gc,start       ] GC(557) Pause Young (Mixed) (G1 Evacuation Pause)
[2869.106s][info][gc,task        ] GC(557) Using 6 workers of 6 for evacuation
[2869.237s][info][gc,phases      ] GC(557)   Pre Evacuate Collection Set: 0.40ms
[2869.237s][info][gc,phases      ] GC(557)   Merge Heap Roots: 0.69ms
[2869.237s][info][gc,phases      ] GC(557)   Evacuate Collection Set: 129.37ms
[2869.237s][info][gc,phases      ] GC(557)   Post Evacuate Collection Set: 0.93ms
[2869.237s][info][gc,phases      ] GC(557)   Other: 0.11ms
[2869.237s][info][gc,heap        ] GC(557) Eden regions: 1111->0(1118)
[2869.237s][info][gc,heap        ] GC(557) Survivor regions: 109->110(153)
[2869.237s][info][gc,heap        ] GC(557) Old regions: 536->473
[2869.237s][info][gc,heap        ] GC(557) Humongous regions: 80->80
[2869.237s][info][gc,metaspace   ] GC(557) Metaspace: 28929K(29248K)->28929K(29248K) NonClass: 24050K(24192K)->24050K(24192K) Class: 4879K(5056K)->4879K(5056K)
[2869.237s][info][gc             ] GC(557) Pause Young (Mixed) (G1 Evacuation Pause) 3671M->1323M(4096M) 131.625ms
[2869.237s][info][gc,cpu         ] GC(557) User=0.79s Sys=0.00s Real=0.13s
...[2872.938s][info][gc,start       ] GC(558) Pause Young (Concurrent Start) (G1 Evacuation Pause)
[2872.938s][info][gc,task        ] GC(558) Using 6 workers of 6 for evacuation
[2873.054s][info][gc,phases      ] GC(558)   Pre Evacuate Collection Set: 0.39ms
[2873.054s][info][gc,phases      ] GC(558)   Merge Heap Roots: 0.45ms
[2873.054s][info][gc,phases      ] GC(558)   Evacuate Collection Set: 114.57ms
[2873.054s][info][gc,phases      ] GC(558)   Post Evacuate Collection Set: 0.90ms
[2873.054s][info][gc,phases      ] GC(558)   Other: 0.14ms
[2873.054s][info][gc,heap        ] GC(558) Eden regions: 1118->0(1118)
[2873.054s][info][gc,heap        ] GC(558) Survivor regions: 110->110(154)
[2873.054s][info][gc,heap        ] GC(558) Old regions: 473->505
[2873.054s][info][gc,heap        ] GC(558) Humongous regions: 80->80
[2873.054s][info][gc,metaspace   ] GC(558) Metaspace: 28929K(29248K)->28929K(29248K) NonClass: 24050K(24192K)->24050K(24192K) Class: 4879K(5056K)->4879K(5056K)
[2873.054s][info][gc             ] GC(558) Pause Young (Concurrent Start) (G1 Evacuation Pause) 3559M->1387M(4096M) 116.594ms
[2873.054s][info][gc             ] GC(559) Concurrent Mark Cycle
[2873.054s][info][gc,marking     ] GC(559) Concurrent Scan Root Regions
[2873.054s][info][gc,cpu         ] GC(558) User=0.69s Sys=0.00s Real=0.11s
.[2873.219s][info][gc,marking     ] GC(559) Concurrent Scan Root Regions 164.942ms
[2873.219s][info][gc,marking     ] GC(559) Concurrent Mark
[2873.219s][info][gc,marking     ] GC(559) Concurrent Mark From Roots
[2873.219s][info][gc,task        ] GC(559) Using 2 workers of 2 for marking
[2873.961s][info][gc,marking     ] GC(559) Concurrent Mark From Roots 741.499ms
[2873.961s][info][gc,marking     ] GC(559) Concurrent Preclean
[2873.961s][info][gc,marking     ] GC(559) Concurrent Preclean 0.083ms
[2873.961s][info][gc,start       ] GC(559) Pause Remark
[2873.963s][info][gc             ] GC(559) Pause Remark 1946M->1946M(4096M) 2.403ms
[2873.963s][info][gc,cpu         ] GC(559) User=0.01s Sys=0.00s Real=0.00s
[2873.963s][info][gc,marking     ] GC(559) Concurrent Mark 744.219ms
[2873.963s][info][gc,marking     ] GC(559) Concurrent Rebuild Remembered Sets and Scrub Regions
.[2874.321s][info][gc,marking     ] GC(559) Concurrent Rebuild Remembered Sets and Scrub Regions 358.028ms
[2874.322s][info][gc,start       ] GC(559) Pause Cleanup
[2874.322s][info][gc             ] GC(559) Pause Cleanup 2180M->2180M(4096M) 0.104ms
[2874.322s][info][gc,cpu         ] GC(559) User=0.00s Sys=0.00s Real=0.00s
[2874.322s][info][gc,marking     ] GC(559) Concurrent Clear Claimed Marks
[2874.322s][info][gc,marking     ] GC(559) Concurrent Clear Claimed Marks 0.021ms
[2874.322s][info][gc,marking     ] GC(559) Concurrent Cleanup for Next Mark
[2874.325s][info][gc,marking     ] GC(559) Concurrent Cleanup for Next Mark 3.307ms
[2874.325s][info][gc             ] GC(559) Concurrent Mark Cycle 1270.946ms
..[2876.879s][info][gc,start       ] GC(560) Pause Young (Prepare Mixed) (G1 Evacuation Pause)
[2876.880s][info][gc,task        ] GC(560) Using 6 workers of 6 for evacuation
[2876.994s][info][gc,phases      ] GC(560)   Pre Evacuate Collection Set: 0.34ms
[2876.994s][info][gc,phases      ] GC(560)   Merge Heap Roots: 0.57ms
[2876.994s][info][gc,phases      ] GC(560)   Evacuate Collection Set: 112.88ms
[2876.994s][info][gc,phases      ] GC(560)   Post Evacuate Collection Set: 0.93ms
[2876.994s][info][gc,phases      ] GC(560)   Other: 0.08ms
[2876.994s][info][gc,heap        ] GC(560) Eden regions: 1118->0(1112)
[2876.994s][info][gc,heap        ] GC(560) Survivor regions: 110->108(154)
[2876.994s][info][gc,heap        ] GC(560) Old regions: 505->537
[2876.994s][info][gc,heap        ] GC(560) Humongous regions: 80->80
[2876.994s][info][gc,metaspace   ] GC(560) Metaspace: 28929K(29248K)->28929K(29248K) NonClass: 24050K(24192K)->24050K(24192K) Class: 4879K(5056K)->4879K(5056K)
[2876.994s][info][gc             ] GC(560) Pause Young (Prepare Mixed) (G1 Evacuation Pause) 3623M->1448M(4096M) 114.953ms
[2876.994s][info][gc,cpu         ] GC(560) User=0.68s Sys=0.00s Real=0.11s
....[2880.741s][info][gc,start       ] GC(561) Pause Young (Mixed) (G1 Evacuation Pause)
[2880.741s][info][gc,task        ] GC(561) Using 6 workers of 6 for evacuation
[2880.878s][info][gc,phases      ] GC(561)   Pre Evacuate Collection Set: 0.39ms
[2880.878s][info][gc,phases      ] GC(561)   Merge Heap Roots: 0.75ms
[2880.878s][info][gc,phases      ] GC(561)   Evacuate Collection Set: 134.67ms
[2880.878s][info][gc,phases      ] GC(561)   Post Evacuate Collection Set: 0.93ms
[2880.878s][info][gc,phases      ] GC(561)   Other: 0.09ms
[2880.878s][info][gc,heap        ] GC(561) Eden regions: 1112->0(1120)
[2880.878s][info][gc,heap        ] GC(561) Survivor regions: 108->108(153)
[2880.878s][info][gc,heap        ] GC(561) Old regions: 537->472
[2880.878s][info][gc,heap        ] GC(561) Humongous regions: 80->80
[2880.878s][info][gc,metaspace   ] GC(561) Metaspace: 28929K(29248K)->28929K(29248K) NonClass: 24050K(24192K)->24050K(24192K) Class: 4879K(5056K)->4879K(5056K)
[2880.878s][info][gc             ] GC(561) Pause Young (Mixed) (G1 Evacuation Pause) 3672M->1318M(4096M) 136.972ms
[2880.878s][info][gc,cpu         ] GC(561) User=0.81s Sys=0.00s Real=0.14s
....[2884.643s][info][gc,start       ] GC(562) Pause Young (Concurrent Start) (G1 Evacuation Pause)
[2884.643s][info][gc,task        ] GC(562) Using 6 workers of 6 for evacuation
[2884.765s][info][gc,phases      ] GC(562)   Pre Evacuate Collection Set: 0.35ms
[2884.765s][info][gc,phases      ] GC(562)   Merge Heap Roots: 0.44ms
[2884.765s][info][gc,phases      ] GC(562)   Evacuate Collection Set: 119.88ms
[2884.765s][info][gc,phases      ] GC(562)   Post Evacuate Collection Set: 0.86ms
[2884.765s][info][gc,phases      ] GC(562)   Other: 0.13ms
[2884.765s][info][gc,heap        ] GC(562) Eden regions: 1120->0(1114)
[2884.765s][info][gc,heap        ] GC(562) Survivor regions: 108->114(154)
[2884.765s][info][gc,heap        ] GC(562) Old regions: 472->504
[2884.765s][info][gc,heap        ] GC(562) Humongous regions: 80->80
[2884.765s][info][gc,metaspace   ] GC(562) Metaspace: 28929K(29248K)->28929K(29248K) NonClass: 24050K(24192K)->24050K(24192K) Class: 4879K(5056K)->4879K(5056K)
[2884.765s][info][gc             ] GC(562) Pause Young (Concurrent Start) (G1 Evacuation Pause) 3558M->1394M(4096M) 121.786ms
[2884.765s][info][gc             ] GC(563) Concurrent Mark Cycle
[2884.765s][info][gc,marking     ] GC(563) Concurrent Scan Root Regions
[2884.765s][info][gc,cpu         ] GC(562) User=0.72s Sys=0.00s Real=0.12s
[2884.951s][info][gc,marking     ] GC(563) Concurrent Scan Root Regions 186.142ms
[2884.951s][info][gc,marking     ] GC(563) Concurrent Mark
[2884.951s][info][gc,marking     ] GC(563) Concurrent Mark From Roots
[2884.951s][info][gc,task        ] GC(563) Using 2 workers of 2 for marking
.[2885.773s][info][gc,marking     ] GC(563) Concurrent Mark From Roots 821.835ms
[2885.773s][info][gc,marking     ] GC(563) Concurrent Preclean
[2885.773s][info][gc,marking     ] GC(563) Concurrent Preclean 0.089ms
[2885.773s][info][gc,start       ] GC(563) Pause Remark
[2885.776s][info][gc             ] GC(563) Pause Remark 2018M->2018M(4096M) 2.712ms
[2885.776s][info][gc,cpu         ] GC(563) User=0.01s Sys=0.00s Real=0.00s
[2885.776s][info][gc,marking     ] GC(563) Concurrent Mark 825.487ms
[2885.776s][info][gc,marking     ] GC(563) Concurrent Rebuild Remembered Sets and Scrub Regions
[2886.009s][info][gc,marking     ] GC(563) Concurrent Rebuild Remembered Sets and Scrub Regions 232.138ms
[2886.009s][info][gc,start       ] GC(563) Pause Cleanup
[2886.009s][info][gc             ] GC(563) Pause Cleanup 2147M->2147M(4096M) 0.105ms
[2886.009s][info][gc,cpu         ] GC(563) User=0.00s Sys=0.00s Real=0.00s
[2886.009s][info][gc,marking     ] GC(563) Concurrent Clear Claimed Marks
[2886.009s][info][gc,marking     ] GC(563) Concurrent Clear Claimed Marks 0.024ms
[2886.009s][info][gc,marking     ] GC(563) Concurrent Cleanup for Next Mark
[2886.013s][info][gc,marking     ] GC(563) Concurrent Cleanup for Next Mark 4.099ms
[2886.013s][info][gc             ] GC(563) Concurrent Mark Cycle 1248.369ms
...[2888.547s][info][gc,start       ] GC(564) Pause Young (Prepare Mixed) (G1 Evacuation Pause)
[2888.547s][info][gc,task        ] GC(564) Using 6 workers of 6 for evacuation
[2888.664s][info][gc,phases      ] GC(564)   Pre Evacuate Collection Set: 0.32ms
[2888.664s][info][gc,phases      ] GC(564)   Merge Heap Roots: 0.46ms
[2888.664s][info][gc,phases      ] GC(564)   Evacuate Collection Set: 115.51ms
[2888.664s][info][gc,phases      ] GC(564)   Post Evacuate Collection Set: 0.92ms
[2888.664s][info][gc,phases      ] GC(564)   Other: 0.09ms
[2888.664s][info][gc,heap        ] GC(564) Eden regions: 1114->0(1109)
[2888.664s][info][gc,heap        ] GC(564) Survivor regions: 114->110(154)
[2888.664s][info][gc,heap        ] GC(564) Old regions: 504->536
[2888.664s][info][gc,heap        ] GC(564) Humongous regions: 80->80
[2888.664s][info][gc,metaspace   ] GC(564) Metaspace: 28930K(29248K)->28930K(29248K) NonClass: 24050K(24192K)->24050K(24192K) Class: 4879K(5056K)->4879K(5056K)
[2888.664s][info][gc             ] GC(564) Pause Young (Prepare Mixed) (G1 Evacuation Pause) 3622M->1450M(4096M) 117.427ms
[2888.664s][info][gc,cpu         ] GC(564) User=0.70s Sys=0.00s Real=0.12s
....[2892.446s][info][gc,start       ] GC(565) Pause Young (Mixed) (G1 Evacuation Pause)
[2892.446s][info][gc,task        ] GC(565) Using 6 workers of 6 for evacuation
[2892.582s][info][gc,phases      ] GC(565)   Pre Evacuate Collection Set: 0.35ms
[2892.582s][info][gc,phases      ] GC(565)   Merge Heap Roots: 0.66ms
[2892.582s][info][gc,phases      ] GC(565)   Evacuate Collection Set: 133.91ms
[2892.582s][info][gc,phases      ] GC(565)   Post Evacuate Collection Set: 0.91ms
[2892.582s][info][gc,phases      ] GC(565)   Other: 0.09ms
[2892.582s][info][gc,heap        ] GC(565) Eden regions: 1109->0(1116)
[2892.582s][info][gc,heap        ] GC(565) Survivor regions: 110->112(153)
[2892.582s][info][gc,heap        ] GC(565) Old regions: 536->473
[2892.582s][info][gc,heap        ] GC(565) Humongous regions: 80->80
[2892.582s][info][gc,metaspace   ] GC(565) Metaspace: 28930K(29248K)->28930K(29248K) NonClass: 24050K(24192K)->24050K(24192K) Class: 4879K(5056K)->4879K(5056K)
[2892.582s][info][gc             ] GC(565) Pause Young (Mixed) (G1 Evacuation Pause) 3668M->1328M(4096M) 136.045ms
[2892.582s][info][gc,cpu         ] GC(565) User=0.81s Sys=0.01s Real=0.14s
....[2896.345s][info][gc,start       ] GC(566) Pause Young (Concurrent Start) (G1 Evacuation Pause)
[2896.345s][info][gc,task        ] GC(566) Using 6 workers of 6 for evacuation
[2896.461s][info][gc,phases      ] GC(566)   Pre Evacuate Collection Set: 0.35ms
[2896.461s][info][gc,phases      ] GC(566)   Merge Heap Roots: 0.46ms
[2896.461s][info][gc,phases      ] GC(566)   Evacuate Collection Set: 114.10ms
[2896.461s][info][gc,phases      ] GC(566)   Post Evacuate Collection Set: 0.86ms
[2896.461s][info][gc,phases      ] GC(566)   Other: 0.11ms
[2896.461s][info][gc,heap        ] GC(566) Eden regions: 1116->0(1119)
[2896.461s][info][gc,heap        ] GC(566) Survivor regions: 112->109(154)
[2896.461s][info][gc,heap        ] GC(566) Old regions: 473->504
[2896.461s][info][gc,heap        ] GC(566) Humongous regions: 80->80
[2896.461s][info][gc,metaspace   ] GC(566) Metaspace: 28930K(29248K)->28930K(29248K) NonClass: 24050K(24192K)->24050K(24192K) Class: 4879K(5056K)->4879K(5056K)
[2896.461s][info][gc             ] GC(566) Pause Young (Concurrent Start) (G1 Evacuation Pause) 3560M->1385M(4096M) 116.020ms
[2896.461s][info][gc             ] GC(567) Concurrent Mark Cycle
[2896.461s][info][gc,marking     ] GC(567) Concurrent Scan Root Regions
[2896.461s][info][gc,cpu         ] GC(566) User=0.69s Sys=0.00s Real=0.12s
[2896.603s][info][gc,marking     ] GC(567) Concurrent Scan Root Regions 141.579ms
[2896.603s][info][gc,marking     ] GC(567) Concurrent Mark
[2896.603s][info][gc,marking     ] GC(567) Concurrent Mark From Roots
[2896.603s][info][gc,task        ] GC(567) Using 2 workers of 2 for marking
.[2897.256s][info][gc,marking     ] GC(567) Concurrent Mark From Roots 652.688ms
[2897.256s][info][gc,marking     ] GC(567) Concurrent Preclean
[2897.256s][info][gc,marking     ] GC(567) Concurrent Preclean 0.099ms
[2897.256s][info][gc,start       ] GC(567) Pause Remark
[2897.259s][info][gc             ] GC(567) Pause Remark 1910M->1910M(4096M) 2.893ms
[2897.259s][info][gc,cpu         ] GC(567) User=0.01s Sys=0.00s Real=0.01s
[2897.259s][info][gc,marking     ] GC(567) Concurrent Mark 655.957ms
[2897.259s][info][gc,marking     ] GC(567) Concurrent Rebuild Remembered Sets and Scrub Regions
[2897.503s][info][gc,marking     ] GC(567) Concurrent Rebuild Remembered Sets and Scrub Regions 244.350ms
[2897.504s][info][gc,start       ] GC(567) Pause Cleanup
[2897.504s][info][gc             ] GC(567) Pause Cleanup 2069M->2069M(4096M) 0.119ms
[2897.504s][info][gc,cpu         ] GC(567) User=0.00s Sys=0.00s Real=0.00s
[2897.504s][info][gc,marking     ] GC(567) Concurrent Clear Claimed Marks
[2897.504s][info][gc,marking     ] GC(567) Concurrent Clear Claimed Marks 0.032ms
[2897.504s][info][gc,marking     ] GC(567) Concurrent Cleanup for Next Mark
[2897.507s][info][gc,marking     ] GC(567) Concurrent Cleanup for Next Mark 3.696ms
[2897.507s][info][gc             ] GC(567) Concurrent Mark Cycle 1046.016ms
...[2900.288s][info][gc,start       ] GC(568) Pause Young (Prepare Mixed) (G1 Evacuation Pause)
[2900.288s][info][gc,task        ] GC(568) Using 6 workers of 6 for evacuation
[2900.403s][info][gc,phases      ] GC(568)   Pre Evacuate Collection Set: 0.33ms
[2900.403s][info][gc,phases      ] GC(568)   Merge Heap Roots: 0.51ms
[2900.403s][info][gc,phases      ] GC(568)   Evacuate Collection Set: 113.48ms
[2900.403s][info][gc,phases      ] GC(568)   Post Evacuate Collection Set: 0.89ms
[2900.403s][info][gc,phases      ] GC(568)   Other: 0.09ms
[2900.403s][info][gc,heap        ] GC(568) Eden regions: 1119->0(1111)
[2900.403s][info][gc,heap        ] GC(568) Survivor regions: 109->109(154)
[2900.403s][info][gc,heap        ] GC(568) Old regions: 504->536
[2900.403s][info][gc,heap        ] GC(568) Humongous regions: 80->80
[2900.403s][info][gc,metaspace   ] GC(568) Metaspace: 28930K(29248K)->28930K(29248K) NonClass: 24050K(24192K)->24050K(24192K) Class: 4879K(5056K)->4879K(5056K)
[2900.403s][info][gc             ] GC(568) Pause Young (Prepare Mixed) (G1 Evacuation Pause) 3623M->1449M(4096M) 115.406ms
[2900.403s][info][gc,cpu         ] GC(568) User=0.68s Sys=0.00s Real=0.11s
...[2904.103s][info][gc,start       ] GC(569) Pause Young (Mixed) (G1 Evacuation Pause)
[2904.103s][info][gc,task        ] GC(569) Using 6 workers of 6 for evacuation
[2904.238s][info][gc,phases      ] GC(569)   Pre Evacuate Collection Set: 0.34ms
[2904.238s][info][gc,phases      ] GC(569)   Merge Heap Roots: 0.67ms
[2904.238s][info][gc,phases      ] GC(569)   Evacuate Collection Set: 132.29ms
[2904.238s][info][gc,phases      ] GC(569)   Post Evacuate Collection Set: 0.94ms
[2904.238s][info][gc,phases      ] GC(569)   Other: 0.08ms
[2904.238s][info][gc,heap        ] GC(569) Eden regions: 1111->0(1117)
[2904.238s][info][gc,heap        ] GC(569) Survivor regions: 109->111(153)
[2904.238s][info][gc,heap        ] GC(569) Old regions: 536->472
[2904.238s][info][gc,heap        ] GC(569) Humongous regions: 80->80
[2904.238s][info][gc,metaspace   ] GC(569) Metaspace: 28930K(29248K)->28930K(29248K) NonClass: 24050K(24192K)->24050K(24192K) Class: 4879K(5056K)->4879K(5056K)
[2904.238s][info][gc             ] GC(569) Pause Young (Mixed) (G1 Evacuation Pause) 3671M->1323M(4096M) 134.492ms
[2904.238s][info][gc,cpu         ] GC(569) User=0.80s Sys=0.00s Real=0.14s
....[2907.998s][info][gc,start       ] GC(570) Pause Young (Concurrent Start) (G1 Evacuation Pause)
[2907.998s][info][gc,task        ] GC(570) Using 6 workers of 6 for evacuation
[2908.121s][info][gc,phases      ] GC(570)   Pre Evacuate Collection Set: 0.34ms
[2908.121s][info][gc,phases      ] GC(570)   Merge Heap Roots: 0.45ms
[2908.121s][info][gc,phases      ] GC(570)   Evacuate Collection Set: 121.55ms
[2908.121s][info][gc,phases      ] GC(570)   Post Evacuate Collection Set: 0.87ms
[2908.121s][info][gc,phases      ] GC(570)   Other: 0.12ms
[2908.121s][info][gc,heap        ] GC(570) Eden regions: 1117->0(1113)
[2908.121s][info][gc,heap        ] GC(570) Survivor regions: 111->115(154)
[2908.121s][info][gc,heap        ] GC(570) Old regions: 472->504
[2908.121s][info][gc,heap        ] GC(570) Humongous regions: 80->80
[2908.121s][info][gc,metaspace   ] GC(570) Metaspace: 28930K(29248K)->28930K(29248K) NonClass: 24050K(24192K)->24050K(24192K) Class: 4879K(5056K)->4879K(5056K)
[2908.121s][info][gc             ] GC(570) Pause Young (Concurrent Start) (G1 Evacuation Pause) 3557M->1395M(4096M) 123.464ms
[2908.121s][info][gc             ] GC(571) Concurrent Mark Cycle
[2908.121s][info][gc,marking     ] GC(571) Concurrent Scan Root Regions
[2908.121s][info][gc,cpu         ] GC(570) User=0.73s Sys=0.00s Real=0.12s
.[2908.271s][info][gc,marking     ] GC(571) Concurrent Scan Root Regions 149.462ms
[2908.271s][info][gc,marking     ] GC(571) Concurrent Mark
[2908.271s][info][gc,marking     ] GC(571) Concurrent Mark From Roots
[2908.271s][info][gc,task        ] GC(571) Using 2 workers of 2 for marking
[2908.907s][info][gc,marking     ] GC(571) Concurrent Mark From Roots 636.577ms
[2908.908s][info][gc,marking     ] GC(571) Concurrent Preclean
[2908.908s][info][gc,marking     ] GC(571) Concurrent Preclean 0.165ms
[2908.908s][info][gc,start       ] GC(571) Pause Remark
[2908.912s][info][gc             ] GC(571) Pause Remark 1915M->1915M(4096M) 4.009ms
[2908.912s][info][gc,cpu         ] GC(571) User=0.02s Sys=0.00s Real=0.00s
[2908.912s][info][gc,marking     ] GC(571) Concurrent Mark 641.081ms
[2908.912s][info][gc,marking     ] GC(571) Concurrent Rebuild Remembered Sets and Scrub Regions
[2909.150s][info][gc,marking     ] GC(571) Concurrent Rebuild Remembered Sets and Scrub Regions 237.667ms
[2909.150s][info][gc,start       ] GC(571) Pause Cleanup
[2909.150s][info][gc             ] GC(571) Pause Cleanup 2054M->2054M(4096M) 0.108ms
[2909.150s][info][gc,cpu         ] GC(571) User=0.00s Sys=0.00s Real=0.00s
[2909.150s][info][gc,marking     ] GC(571) Concurrent Clear Claimed Marks
[2909.150s][info][gc,marking     ] GC(571) Concurrent Clear Claimed Marks 0.040ms
[2909.150s][info][gc,marking     ] GC(571) Concurrent Cleanup for Next Mark
[2909.156s][info][gc,marking     ] GC(571) Concurrent Cleanup for Next Mark 5.256ms
[2909.156s][info][gc             ] GC(571) Concurrent Mark Cycle 1034.297ms
...[2911.898s][info][gc,start       ] GC(572) Pause Young (Prepare Mixed) (G1 Evacuation Pause)
[2911.898s][info][gc,task        ] GC(572) Using 6 workers of 6 for evacuation
[2912.013s][info][gc,phases      ] GC(572)   Pre Evacuate Collection Set: 0.29ms
[2912.013s][info][gc,phases      ] GC(572)   Merge Heap Roots: 0.50ms
[2912.013s][info][gc,phases      ] GC(572)   Evacuate Collection Set: 113.41ms
[2912.013s][info][gc,phases      ] GC(572)   Post Evacuate Collection Set: 0.92ms
[2912.013s][info][gc,phases      ] GC(572)   Other: 0.09ms
[2912.013s][info][gc,heap        ] GC(572) Eden regions: 1113->0(1114)
[2912.013s][info][gc,heap        ] GC(572) Survivor regions: 115->108(154)
[2912.013s][info][gc,heap        ] GC(572) Old regions: 504->535
[2912.013s][info][gc,heap        ] GC(572) Humongous regions: 80->80
[2912.013s][info][gc,metaspace   ] GC(572) Metaspace: 28926K(29248K)->28926K(29248K) NonClass: 24048K(24192K)->24048K(24192K) Class: 4878K(5056K)->4878K(5056K)
[2912.013s][info][gc             ] GC(572) Pause Young (Prepare Mixed) (G1 Evacuation Pause) 3621M->1444M(4096M) 115.338ms
[2912.013s][info][gc,cpu         ] GC(572) User=0.68s Sys=0.00s Real=0.11s
....[2915.716s][info][gc,start       ] GC(573) Pause Young (Mixed) (G1 Evacuation Pause)
[2915.716s][info][gc,task        ] GC(573) Using 6 workers of 6 for evacuation
[2915.847s][info][gc,phases      ] GC(573)   Pre Evacuate Collection Set: 0.36ms
[2915.847s][info][gc,phases      ] GC(573)   Merge Heap Roots: 0.72ms
[2915.847s][info][gc,phases      ] GC(573)   Evacuate Collection Set: 128.87ms
[2915.847s][info][gc,phases      ] GC(573)   Post Evacuate Collection Set: 0.91ms
[2915.847s][info][gc,phases      ] GC(573)   Other: 0.09ms
[2915.847s][info][gc,heap        ] GC(573) Eden regions: 1114->0(1122)
[2915.847s][info][gc,heap        ] GC(573) Survivor regions: 108->106(153)
[2915.847s][info][gc,heap        ] GC(573) Old regions: 535->473
[2915.847s][info][gc,heap        ] GC(573) Humongous regions: 80->80
[2915.847s][info][gc,metaspace   ] GC(573) Metaspace: 28926K(29248K)->28926K(29248K) NonClass: 24048K(24192K)->24048K(24192K) Class: 4878K(5056K)->4878K(5056K)
[2915.847s][info][gc             ] GC(573) Pause Young (Mixed) (G1 Evacuation Pause) 3672M->1316M(4096M) 131.087ms
[2915.847s][info][gc,cpu         ] GC(573) User=0.78s Sys=0.00s Real=0.13s
....[2919.731s][info][gc,start       ] GC(574) Pause Young (Concurrent Start) (G1 Evacuation Pause)
[2919.731s][info][gc,task        ] GC(574) Using 6 workers of 6 for evacuation
[2919.846s][info][gc,phases      ] GC(574)   Pre Evacuate Collection Set: 0.35ms
[2919.846s][info][gc,phases      ] GC(574)   Merge Heap Roots: 0.46ms
[2919.846s][info][gc,phases      ] GC(574)   Evacuate Collection Set: 113.20ms
[2919.846s][info][gc,phases      ] GC(574)   Post Evacuate Collection Set: 0.88ms
[2919.846s][info][gc,phases      ] GC(574)   Other: 0.11ms
[2919.846s][info][gc,heap        ] GC(574) Eden regions: 1122->0(1120)
[2919.846s][info][gc,heap        ] GC(574) Survivor regions: 106->108(154)
[2919.846s][info][gc,heap        ] GC(574) Old regions: 473->504
[2919.846s][info][gc,heap        ] GC(574) Humongous regions: 80->80
[2919.846s][info][gc,metaspace   ] GC(574) Metaspace: 28926K(29248K)->28926K(29248K) NonClass: 24048K(24192K)->24048K(24192K) Class: 4878K(5056K)->4878K(5056K)
[2919.846s][info][gc             ] GC(574) Pause Young (Concurrent Start) (G1 Evacuation Pause) 3560M->1382M(4096M) 115.112ms
[2919.846s][info][gc             ] GC(575) Concurrent Mark Cycle
[2919.846s][info][gc,marking     ] GC(575) Concurrent Scan Root Regions
[2919.846s][info][gc,cpu         ] GC(574) User=0.69s Sys=0.00s Real=0.11s
[2920.025s][info][gc,marking     ] GC(575) Concurrent Scan Root Regions 178.826ms
[2920.025s][info][gc,marking     ] GC(575) Concurrent Mark
[2920.025s][info][gc,marking     ] GC(575) Concurrent Mark From Roots
[2920.025s][info][gc,task        ] GC(575) Using 2 workers of 2 for marking
.[2920.838s][info][gc,marking     ] GC(575) Concurrent Mark From Roots 812.787ms
[2920.838s][info][gc,marking     ] GC(575) Concurrent Preclean
[2920.838s][info][gc,marking     ] GC(575) Concurrent Preclean 0.075ms
[2920.838s][info][gc,start       ] GC(575) Pause Remark
[2920.841s][info][gc             ] GC(575) Pause Remark 2049M->2049M(4096M) 3.410ms
[2920.841s][info][gc,cpu         ] GC(575) User=0.02s Sys=0.00s Real=0.00s
[2920.841s][info][gc,marking     ] GC(575) Concurrent Mark 816.511ms
[2920.841s][info][gc,marking     ] GC(575) Concurrent Rebuild Remembered Sets and Scrub Regions
[2921.081s][info][gc,marking     ] GC(575) Concurrent Rebuild Remembered Sets and Scrub Regions 239.712ms
[2921.081s][info][gc,start       ] GC(575) Pause Cleanup
[2921.081s][info][gc             ] GC(575) Pause Cleanup 2151M->2151M(4096M) 0.128ms
[2921.081s][info][gc,cpu         ] GC(575) User=0.00s Sys=0.00s Real=0.00s
[2921.081s][info][gc,marking     ] GC(575) Concurrent Clear Claimed Marks
[2921.081s][info][gc,marking     ] GC(575) Concurrent Clear Claimed Marks 0.029ms
[2921.081s][info][gc,marking     ] GC(575) Concurrent Cleanup for Next Mark
[2921.085s][info][gc,marking     ] GC(575) Concurrent Cleanup for Next Mark 3.153ms
[2921.085s][info][gc             ] GC(575) Concurrent Mark Cycle 1238.673ms
...[2923.680s][info][gc,start       ] GC(576) Pause Young (Prepare Mixed) (G1 Evacuation Pause)
[2923.680s][info][gc,task        ] GC(576) Using 6 workers of 6 for evacuation
[2923.795s][info][gc,phases      ] GC(576)   Pre Evacuate Collection Set: 0.33ms
[2923.795s][info][gc,phases      ] GC(576)   Merge Heap Roots: 0.53ms
[2923.795s][info][gc,phases      ] GC(576)   Evacuate Collection Set: 113.13ms
[2923.795s][info][gc,phases      ] GC(576)   Post Evacuate Collection Set: 0.91ms
[2923.795s][info][gc,phases      ] GC(576)   Other: 0.09ms
[2923.795s][info][gc,heap        ] GC(576) Eden regions: 1120->0(1112)
[2923.795s][info][gc,heap        ] GC(576) Survivor regions: 108->109(154)
[2923.795s][info][gc,heap        ] GC(576) Old regions: 504->535
[2923.795s][info][gc,heap        ] GC(576) Humongous regions: 80->80
[2923.795s][info][gc,metaspace   ] GC(576) Metaspace: 28926K(29248K)->28926K(29248K) NonClass: 24048K(24192K)->24048K(24192K) Class: 4878K(5056K)->4878K(5056K)
[2923.795s][info][gc             ] GC(576) Pause Young (Prepare Mixed) (G1 Evacuation Pause) 3622M->1447M(4096M) 115.123ms
[2923.795s][info][gc,cpu         ] GC(576) User=0.69s Sys=0.00s Real=0.11s
... (rIR:aIR:PR = 4843:4844:4844) (tPR = 71922) [OK] 
  2926s: Performance info:
         Transaction,    Success,    Partial,     Failed,   Receipts, AvgBarcode, 
             Overall,     292127,          0,          0,     277518,      59.47, 
         Response times:
             Request,    Success,    Partial,     Failed,   SkipFail,     Probes,    Samples,      min,      p50,      p90,      p95,      p99,      max, 
       TotalPurchase,     277500,          0,          0,          0,     272333,     296202,      300,     3800,     7300,    13200,    49000,   206000,
     InStorePurchase,     146083,          0,          0,          0,     143673,     155897,      300,     3900,     7400,    13600,    50000,   173000,
      OnlinePurchase,     102197,          0,          0,          0,     100282,     109301,      300,     3800,     7400,    13200,    48000,   206000,
        InstPurchase,      29220,          0,          0,          0,      28378,      31004,      400,     3400,     6900,    11900,    45000,   172000,
          AssocOfCat,        290,          0,          0,          0,        223,        286,    19900,    31000,    49000,    62000,   145260,   156000,
      AssocOfProduct,       2932,          0,          0,          0,       2691,       3106,      800,     4600,     8200,    15565,    62000,   142000,
      BusinessReport,        729,          0,          0,          0,        610,        726,    22000,    34000,    54000,    73300,   163650,   195000,
          CustBuyBeh,       2909,          0,          0,          0,       2704,       3157,      700,     2900,     6620,    12920,    46840,   143000,
       ProductReturn,       7745,          0,          0,          0,       7363,       8189,      300,     4100,     8300,    16100,    60000,   142000,

  2926s: (36%)   IR =   4981 .[2927.557s][info][gc,start       ] GC(577) Pause Young (Mixed) (G1 Evacuation Pause)
[2927.558s][info][gc,task        ] GC(577) Using 6 workers of 6 for evacuation
[2927.692s][info][gc,phases      ] GC(577)   Pre Evacuate Collection Set: 0.34ms
[2927.692s][info][gc,phases      ] GC(577)   Merge Heap Roots: 0.74ms
[2927.692s][info][gc,phases      ] GC(577)   Evacuate Collection Set: 132.31ms
[2927.692s][info][gc,phases      ] GC(577)   Post Evacuate Collection Set: 0.90ms
[2927.692s][info][gc,phases      ] GC(577)   Other: 0.09ms
[2927.692s][info][gc,heap        ] GC(577) Eden regions: 1112->0(1117)
[2927.692s][info][gc,heap        ] GC(577) Survivor regions: 109->111(153)
[2927.692s][info][gc,heap        ] GC(577) Old regions: 535->471
[2927.692s][info][gc,heap        ] GC(577) Humongous regions: 80->80
[2927.692s][info][gc,metaspace   ] GC(577) Metaspace: 28926K(29248K)->28926K(29248K) NonClass: 24048K(24192K)->24048K(24192K) Class: 4878K(5056K)->4878K(5056K)
[2927.692s][info][gc             ] GC(577) Pause Young (Mixed) (G1 Evacuation Pause) 3671M->1323M(4096M) 134.557ms
[2927.692s][info][gc,cpu         ] GC(577) User=0.80s Sys=0.00s Real=0.13s
....|[2931.347s][info][gc,start       ] GC(578) Pause Young (Concurrent Start) (G1 Evacuation Pause)
[2931.347s][info][gc,task        ] GC(578) Using 6 workers of 6 for evacuation
[2931.468s][info][gc,phases      ] GC(578)   Pre Evacuate Collection Set: 0.38ms
[2931.468s][info][gc,phases      ] GC(578)   Merge Heap Roots: 0.47ms
[2931.468s][info][gc,phases      ] GC(578)   Evacuate Collection Set: 119.59ms
[2931.468s][info][gc,phases      ] GC(578)   Post Evacuate Collection Set: 0.88ms
[2931.468s][info][gc,phases      ] GC(578)   Other: 0.11ms
[2931.468s][info][gc,heap        ] GC(578) Eden regions: 1117->0(1116)
[2931.468s][info][gc,heap        ] GC(578) Survivor regions: 111->112(154)
[2931.468s][info][gc,heap        ] GC(578) Old regions: 471->503
[2931.468s][info][gc,heap        ] GC(578) Humongous regions: 80->80
[2931.468s][info][gc,metaspace   ] GC(578) Metaspace: 28926K(29248K)->28926K(29248K) NonClass: 24048K(24192K)->24048K(24192K) Class: 4878K(5056K)->4878K(5056K)
[2931.468s][info][gc             ] GC(578) Pause Young (Concurrent Start) (G1 Evacuation Pause) 3557M->1388M(4096M) 121.555ms
[2931.468s][info][gc             ] GC(579) Concurrent Mark Cycle
[2931.468s][info][gc,marking     ] GC(579) Concurrent Scan Root Regions
[2931.468s][info][gc,cpu         ] GC(578) User=0.73s Sys=0.00s Real=0.13s
[2931.644s][info][gc,marking     ] GC(579) Concurrent Scan Root Regions 175.712ms
[2931.644s][info][gc,marking     ] GC(579) Concurrent Mark
[2931.644s][info][gc,marking     ] GC(579) Concurrent Mark From Roots
[2931.644s][info][gc,task        ] GC(579) Using 2 workers of 2 for marking
.[2932.402s][info][gc,marking     ] GC(579) Concurrent Mark From Roots 757.587ms
[2932.402s][info][gc,marking     ] GC(579) Concurrent Preclean
[2932.402s][info][gc,marking     ] GC(579) Concurrent Preclean 0.084ms
[2932.402s][info][gc,start       ] GC(579) Pause Remark
[2932.405s][info][gc             ] GC(579) Pause Remark 2001M->2001M(4096M) 3.178ms
[2932.405s][info][gc,cpu         ] GC(579) User=0.02s Sys=0.00s Real=0.00s
[2932.405s][info][gc,marking     ] GC(579) Concurrent Mark 761.079ms
[2932.405s][info][gc,marking     ] GC(579) Concurrent Rebuild Remembered Sets and Scrub Regions
[2932.731s][info][gc,marking     ] GC(579) Concurrent Rebuild Remembered Sets and Scrub Regions 326.156ms
[2932.732s][info][gc,start       ] GC(579) Pause Cleanup
[2932.732s][info][gc             ] GC(579) Pause Cleanup 2204M->2204M(4096M) 0.111ms
[2932.732s][info][gc,cpu         ] GC(579) User=0.00s Sys=0.00s Real=0.00s
[2932.732s][info][gc,marking     ] GC(579) Concurrent Clear Claimed Marks
[2932.732s][info][gc,marking     ] GC(579) Concurrent Clear Claimed Marks 0.030ms
[2932.732s][info][gc,marking     ] GC(579) Concurrent Cleanup for Next Mark
[2932.736s][info][gc,marking     ] GC(579) Concurrent Cleanup for Next Mark 3.927ms
[2932.736s][info][gc             ] GC(579) Concurrent Mark Cycle 1267.341ms
..[2935.107s][info][gc,start       ] GC(580) Pause Young (Prepare Mixed) (G1 Evacuation Pause)
[2935.107s][info][gc,task        ] GC(580) Using 6 workers of 6 for evacuation
[2935.225s][info][gc,phases      ] GC(580)   Pre Evacuate Collection Set: 0.31ms
[2935.225s][info][gc,phases      ] GC(580)   Merge Heap Roots: 0.49ms
[2935.225s][info][gc,phases      ] GC(580)   Evacuate Collection Set: 116.16ms
[2935.225s][info][gc,phases      ] GC(580)   Post Evacuate Collection Set: 0.93ms
[2935.225s][info][gc,phases      ] GC(580)   Other: 0.10ms
[2935.225s][info][gc,heap        ] GC(580) Eden regions: 1116->0(1110)
[2935.225s][info][gc,heap        ] GC(580) Survivor regions: 112->110(154)
[2935.225s][info][gc,heap        ] GC(580) Old regions: 503->535
[2935.225s][info][gc,heap        ] GC(580) Humongous regions: 80->80
[2935.225s][info][gc,metaspace   ] GC(580) Metaspace: 28926K(29248K)->28926K(29248K) NonClass: 24048K(24192K)->24048K(24192K) Class: 4878K(5056K)->4878K(5056K)
[2935.225s][info][gc             ] GC(580) Pause Young (Prepare Mixed) (G1 Evacuation Pause) 3620M->1449M(4096M) 118.129ms
[2935.225s][info][gc,cpu         ] GC(580) User=0.70s Sys=0.01s Real=0.12s
....[2938.905s][info][gc,start       ] GC(581) Pause Young (Mixed) (G1 Evacuation Pause)
[2938.905s][info][gc,task        ] GC(581) Using 6 workers of 6 for evacuation
[2939.040s][info][gc,phases      ] GC(581)   Pre Evacuate Collection Set: 0.37ms
[2939.040s][info][gc,phases      ] GC(581)   Merge Heap Roots: 0.73ms
[2939.040s][info][gc,phases      ] GC(581)   Evacuate Collection Set: 131.91ms
[2939.040s][info][gc,phases      ] GC(581)   Post Evacuate Collection Set: 0.93ms
[2939.040s][info][gc,phases      ] GC(581)   Other: 0.09ms
[2939.040s][info][gc,heap        ] GC(581) Eden regions: 1110->0(1120)
[2939.040s][info][gc,heap        ] GC(581) Survivor regions: 110->108(153)
[2939.040s][info][gc,heap        ] GC(581) Old regions: 535->472
[2939.040s][info][gc,heap        ] GC(581) Humongous regions: 80->80
[2939.040s][info][gc,metaspace   ] GC(581) Metaspace: 28926K(29248K)->28926K(29248K) NonClass: 24048K(24192K)->24048K(24192K) Class: 4878K(5056K)->4878K(5056K)
[2939.040s][info][gc             ] GC(581) Pause Young (Mixed) (G1 Evacuation Pause) 3669M->1319M(4096M) 134.148ms
[2939.040s][info][gc,cpu         ] GC(581) User=0.79s Sys=0.00s Real=0.14s
....[2942.620s][info][gc,start       ] GC(582) Pause Young (Concurrent Start) (G1 Evacuation Pause)
[2942.620s][info][gc,task        ] GC(582) Using 6 workers of 6 for evacuation
[2942.736s][info][gc,phases      ] GC(582)   Pre Evacuate Collection Set: 0.34ms
[2942.736s][info][gc,phases      ] GC(582)   Merge Heap Roots: 0.44ms
[2942.736s][info][gc,phases      ] GC(582)   Evacuate Collection Set: 114.43ms
[2942.736s][info][gc,phases      ] GC(582)   Post Evacuate Collection Set: 0.92ms
[2942.736s][info][gc,phases      ] GC(582)   Other: 0.10ms
[2942.736s][info][gc,heap        ] GC(582) Eden regions: 1120->0(1119)
[2942.736s][info][gc,heap        ] GC(582) Survivor regions: 108->109(154)
[2942.736s][info][gc,heap        ] GC(582) Old regions: 472->504
[2942.736s][info][gc,heap        ] GC(582) Humongous regions: 80->80
[2942.736s][info][gc,metaspace   ] GC(582) Metaspace: 28926K(29248K)->28926K(29248K) NonClass: 24048K(24192K)->24048K(24192K) Class: 4878K(5056K)->4878K(5056K)
[2942.736s][info][gc             ] GC(582) Pause Young (Concurrent Start) (G1 Evacuation Pause) 3559M->1385M(4096M) 116.385ms
[2942.736s][info][gc             ] GC(583) Concurrent Mark Cycle
[2942.736s][info][gc,marking     ] GC(583) Concurrent Scan Root Regions
[2942.736s][info][gc,cpu         ] GC(582) User=0.69s Sys=0.00s Real=0.11s
[2942.912s][info][gc,marking     ] GC(583) Concurrent Scan Root Regions 175.372ms
[2942.912s][info][gc,marking     ] GC(583) Concurrent Mark
[2942.912s][info][gc,marking     ] GC(583) Concurrent Mark From Roots
[2942.912s][info][gc,task        ] GC(583) Using 2 workers of 2 for marking
.[2943.746s][info][gc,marking     ] GC(583) Concurrent Mark From Roots 834.098ms
[2943.746s][info][gc,marking     ] GC(583) Concurrent Preclean
[2943.746s][info][gc,marking     ] GC(583) Concurrent Preclean 0.094ms
[2943.746s][info][gc,start       ] GC(583) Pause Remark
[2943.749s][info][gc             ] GC(583) Pause Remark 2046M->2046M(4096M) 3.115ms
[2943.749s][info][gc,cpu         ] GC(583) User=0.02s Sys=0.00s Real=0.01s
[2943.749s][info][gc,marking     ] GC(583) Concurrent Mark 837.579ms
[2943.749s][info][gc,marking     ] GC(583) Concurrent Rebuild Remembered Sets and Scrub Regions
[2944.005s][info][gc,marking     ] GC(583) Concurrent Rebuild Remembered Sets and Scrub Regions 255.476ms
[2944.005s][info][gc,start       ] GC(583) Pause Cleanup
[2944.005s][info][gc             ] GC(583) Pause Cleanup 2184M->2184M(4096M) 0.105ms
[2944.005s][info][gc,cpu         ] GC(583) User=0.00s Sys=0.00s Real=0.00s
[2944.005s][info][gc,marking     ] GC(583) Concurrent Clear Claimed Marks
[2944.005s][info][gc,marking     ] GC(583) Concurrent Clear Claimed Marks 0.023ms
[2944.005s][info][gc,marking     ] GC(583) Concurrent Cleanup for Next Mark
[2944.008s][info][gc,marking     ] GC(583) Concurrent Cleanup for Next Mark 3.161ms
[2944.008s][info][gc             ] GC(583) Concurrent Mark Cycle 1272.027ms
...[2946.564s][info][gc,start       ] GC(584) Pause Young (Prepare Mixed) (G1 Evacuation Pause)
[2946.564s][info][gc,task        ] GC(584) Using 6 workers of 6 for evacuation
[2946.684s][info][gc,phases      ] GC(584)   Pre Evacuate Collection Set: 0.31ms
[2946.684s][info][gc,phases      ] GC(584)   Merge Heap Roots: 0.51ms
[2946.684s][info][gc,phases      ] GC(584)   Evacuate Collection Set: 118.13ms
[2946.684s][info][gc,phases      ] GC(584)   Post Evacuate Collection Set: 0.90ms
[2946.684s][info][gc,phases      ] GC(584)   Other: 0.10ms
[2946.684s][info][gc,heap        ] GC(584) Eden regions: 1119->0(1103)
[2946.684s][info][gc,heap        ] GC(584) Survivor regions: 109->113(154)
[2946.684s][info][gc,heap        ] GC(584) Old regions: 504->536
[2946.684s][info][gc,heap        ] GC(584) Humongous regions: 80->80
[2946.684s][info][gc,metaspace   ] GC(584) Metaspace: 28926K(29248K)->28926K(29248K) NonClass: 24048K(24192K)->24048K(24192K) Class: 4878K(5056K)->4878K(5056K)
[2946.684s][info][gc             ] GC(584) Pause Young (Prepare Mixed) (G1 Evacuation Pause) 3623M->1456M(4096M) 120.064ms
[2946.685s][info][gc,cpu         ] GC(584) User=0.71s Sys=0.00s Real=0.12s
...[2950.246s][info][gc,start       ] GC(585) Pause Young (Mixed) (G1 Evacuation Pause)
[2950.246s][info][gc,task        ] GC(585) Using 6 workers of 6 for evacuation
[2950.379s][info][gc,phases      ] GC(585)   Pre Evacuate Collection Set: 0.34ms
[2950.379s][info][gc,phases      ] GC(585)   Merge Heap Roots: 0.67ms
[2950.379s][info][gc,phases      ] GC(585)   Evacuate Collection Set: 130.65ms
[2950.379s][info][gc,phases      ] GC(585)   Post Evacuate Collection Set: 0.93ms
[2950.379s][info][gc,phases      ] GC(585)   Other: 0.08ms
[2950.379s][info][gc,heap        ] GC(585) Eden regions: 1103->0(1119)
[2950.379s][info][gc,heap        ] GC(585) Survivor regions: 113->109(152)
[2950.379s][info][gc,heap        ] GC(585) Old regions: 536->473
[2950.379s][info][gc,heap        ] GC(585) Humongous regions: 80->80
[2950.379s][info][gc,metaspace   ] GC(585) Metaspace: 28926K(29248K)->28926K(29248K) NonClass: 24048K(24192K)->24048K(24192K) Class: 4878K(5056K)->4878K(5056K)
[2950.379s][info][gc             ] GC(585) Pause Young (Mixed) (G1 Evacuation Pause) 3662M->1322M(4096M) 132.784ms
[2950.379s][info][gc,cpu         ] GC(585) User=0.79s Sys=0.00s Real=0.14s
....[2954.022s][info][gc,start       ] GC(586) Pause Young (Concurrent Start) (G1 Evacuation Pause)
[2954.022s][info][gc,task        ] GC(586) Using 6 workers of 6 for evacuation
[2954.142s][info][gc,phases      ] GC(586)   Pre Evacuate Collection Set: 0.34ms
[2954.142s][info][gc,phases      ] GC(586)   Merge Heap Roots: 0.44ms
[2954.142s][info][gc,phases      ] GC(586)   Evacuate Collection Set: 118.27ms
[2954.142s][info][gc,phases      ] GC(586)   Post Evacuate Collection Set: 0.86ms
[2954.142s][info][gc,phases      ] GC(586)   Other: 0.10ms
[2954.142s][info][gc,heap        ] GC(586) Eden regions: 1119->0(1118)
[2954.142s][info][gc,heap        ] GC(586) Survivor regions: 109->110(154)
[2954.142s][info][gc,heap        ] GC(586) Old regions: 473->507
[2954.142s][info][gc,heap        ] GC(586) Humongous regions: 80->80
[2954.142s][info][gc,metaspace   ] GC(586) Metaspace: 28926K(29248K)->28926K(29248K) NonClass: 24048K(24192K)->24048K(24192K) Class: 4878K(5056K)->4878K(5056K)
[2954.142s][info][gc             ] GC(586) Pause Young (Concurrent Start) (G1 Evacuation Pause) 3560M->1391M(4096M) 120.152ms
[2954.142s][info][gc             ] GC(587) Concurrent Mark Cycle
[2954.142s][info][gc,marking     ] GC(587) Concurrent Scan Root Regions
[2954.142s][info][gc,cpu         ] GC(586) User=0.72s Sys=0.00s Real=0.12s
[2954.317s][info][gc,marking     ] GC(587) Concurrent Scan Root Regions 175.031ms
[2954.317s][info][gc,marking     ] GC(587) Concurrent Mark
[2954.317s][info][gc,marking     ] GC(587) Concurrent Mark From Roots
[2954.317s][info][gc,task        ] GC(587) Using 2 workers of 2 for marking
.[2955.073s][info][gc,marking     ] GC(587) Concurrent Mark From Roots 755.754ms
[2955.073s][info][gc,marking     ] GC(587) Concurrent Preclean
[2955.073s][info][gc,marking     ] GC(587) Concurrent Preclean 0.097ms
[2955.073s][info][gc,start       ] GC(587) Pause Remark
[2955.076s][info][gc             ] GC(587) Pause Remark 1990M->1990M(4096M) 2.714ms
[2955.076s][info][gc,cpu         ] GC(587) User=0.02s Sys=0.00s Real=0.00s
[2955.076s][info][gc,marking     ] GC(587) Concurrent Mark 758.828ms
[2955.076s][info][gc,marking     ] GC(587) Concurrent Rebuild Remembered Sets and Scrub Regions
[2955.334s][info][gc,marking     ] GC(587) Concurrent Rebuild Remembered Sets and Scrub Regions 257.792ms
[2955.334s][info][gc,start       ] GC(587) Pause Cleanup
[2955.334s][info][gc             ] GC(587) Pause Cleanup 2129M->2129M(4096M) 0.109ms
[2955.334s][info][gc,cpu         ] GC(587) User=0.00s Sys=0.00s Real=0.00s
[2955.334s][info][gc,marking     ] GC(587) Concurrent Clear Claimed Marks
[2955.334s][info][gc,marking     ] GC(587) Concurrent Clear Claimed Marks 0.028ms
[2955.334s][info][gc,marking     ] GC(587) Concurrent Cleanup for Next Mark
[2955.337s][info][gc,marking     ] GC(587) Concurrent Cleanup for Next Mark 3.410ms
[2955.337s][info][gc             ] GC(587) Concurrent Mark Cycle 1195.561ms
...[2957.860s][info][gc,start       ] GC(588) Pause Young (Prepare Mixed) (G1 Evacuation Pause)
[2957.860s][info][gc,task        ] GC(588) Using 6 workers of 6 for evacuation
[2957.978s][info][gc,phases      ] GC(588)   Pre Evacuate Collection Set: 0.37ms
[2957.978s][info][gc,phases      ] GC(588)   Merge Heap Roots: 0.52ms
[2957.978s][info][gc,phases      ] GC(588)   Evacuate Collection Set: 116.31ms
[2957.978s][info][gc,phases      ] GC(588)   Post Evacuate Collection Set: 0.91ms
[2957.978s][info][gc,phases      ] GC(588)   Other: 0.09ms
[2957.978s][info][gc,heap        ] GC(588) Eden regions: 1118->0(1105)
[2957.978s][info][gc,heap        ] GC(588) Survivor regions: 110->111(154)
[2957.978s][info][gc,heap        ] GC(588) Old regions: 507->538
[2957.978s][info][gc,heap        ] GC(588) Humongous regions: 80->80
[2957.978s][info][gc,metaspace   ] GC(588) Metaspace: 28926K(29248K)->28926K(29248K) NonClass: 24048K(24192K)->24048K(24192K) Class: 4878K(5056K)->4878K(5056K)
[2957.978s][info][gc             ] GC(588) Pause Young (Prepare Mixed) (G1 Evacuation Pause) 3627M->1456M(4096M) 118.327ms
[2957.978s][info][gc,cpu         ] GC(588) User=0.71s Sys=0.00s Real=0.12s
....[2961.622s][info][gc,start       ] GC(589) Pause Young (Mixed) (G1 Evacuation Pause)
[2961.622s][info][gc,task        ] GC(589) Using 6 workers of 6 for evacuation
[2961.757s][info][gc,phases      ] GC(589)   Pre Evacuate Collection Set: 0.39ms
[2961.757s][info][gc,phases      ] GC(589)   Merge Heap Roots: 0.64ms
[2961.757s][info][gc,phases      ] GC(589)   Evacuate Collection Set: 133.00ms
[2961.757s][info][gc,phases      ] GC(589)   Post Evacuate Collection Set: 0.95ms
[2961.757s][info][gc,phases      ] GC(589)   Other: 0.09ms
[2961.757s][info][gc,heap        ] GC(589) Eden regions: 1105->0(1115)
[2961.757s][info][gc,heap        ] GC(589) Survivor regions: 111->113(152)
[2961.757s][info][gc,heap        ] GC(589) Old regions: 538->474
[2961.757s][info][gc,heap        ] GC(589) Humongous regions: 80->80
[2961.757s][info][gc,metaspace   ] GC(589) Metaspace: 28926K(29248K)->28926K(29248K) NonClass: 24048K(24192K)->24048K(24192K) Class: 4878K(5056K)->4878K(5056K)
[2961.757s][info][gc             ] GC(589) Pause Young (Mixed) (G1 Evacuation Pause) 3666M->1331M(4096M) 135.205ms
[2961.757s][info][gc,cpu         ] GC(589) User=0.80s Sys=0.00s Real=0.14s
...[2965.381s][info][gc,start       ] GC(590) Pause Young (Concurrent Start) (G1 Evacuation Pause)
[2965.381s][info][gc,task        ] GC(590) Using 6 workers of 6 for evacuation
[2965.498s][info][gc,phases      ] GC(590)   Pre Evacuate Collection Set: 0.40ms
[2965.498s][info][gc,phases      ] GC(590)   Merge Heap Roots: 0.46ms
[2965.498s][info][gc,phases      ] GC(590)   Evacuate Collection Set: 114.61ms
[2965.498s][info][gc,phases      ] GC(590)   Post Evacuate Collection Set: 0.85ms
[2965.498s][info][gc,phases      ] GC(590)   Other: 0.13ms
[2965.498s][info][gc,heap        ] GC(590) Eden regions: 1115->0(1120)
[2965.498s][info][gc,heap        ] GC(590) Survivor regions: 113->108(154)
[2965.498s][info][gc,heap        ] GC(590) Old regions: 474->507
[2965.498s][info][gc,heap        ] GC(590) Humongous regions: 80->80
[2965.498s][info][gc,metaspace   ] GC(590) Metaspace: 28926K(29248K)->28926K(29248K) NonClass: 24048K(24192K)->24048K(24192K) Class: 4878K(5056K)->4878K(5056K)
[2965.498s][info][gc             ] GC(590) Pause Young (Concurrent Start) (G1 Evacuation Pause) 3561M->1388M(4096M) 116.574ms
[2965.498s][info][gc             ] GC(591) Concurrent Mark Cycle
[2965.498s][info][gc,marking     ] GC(591) Concurrent Scan Root Regions
[2965.498s][info][gc,cpu         ] GC(590) User=0.70s Sys=0.00s Real=0.12s
.[2965.670s][info][gc,marking     ] GC(591) Concurrent Scan Root Regions 172.514ms
[2965.670s][info][gc,marking     ] GC(591) Concurrent Mark
[2965.670s][info][gc,marking     ] GC(591) Concurrent Mark From Roots
[2965.670s][info][gc,task        ] GC(591) Using 2 workers of 2 for marking
[2966.464s][info][gc,marking     ] GC(591) Concurrent Mark From Roots 793.975ms
[2966.464s][info][gc,marking     ] GC(591) Concurrent Preclean
[2966.465s][info][gc,marking     ] GC(591) Concurrent Preclean 0.103ms
[2966.465s][info][gc,start       ] GC(591) Pause Remark
[2966.468s][info][gc             ] GC(591) Pause Remark 2041M->2041M(4096M) 3.128ms
[2966.468s][info][gc,cpu         ] GC(591) User=0.01s Sys=0.00s Real=0.01s
[2966.468s][info][gc,marking     ] GC(591) Concurrent Mark 797.468ms
[2966.468s][info][gc,marking     ] GC(591) Concurrent Rebuild Remembered Sets and Scrub Regions
.[2966.790s][info][gc,marking     ] GC(591) Concurrent Rebuild Remembered Sets and Scrub Regions 321.707ms
[2966.790s][info][gc,start       ] GC(591) Pause Cleanup
[2966.790s][info][gc             ] GC(591) Pause Cleanup 2229M->2229M(4096M) 0.120ms
[2966.790s][info][gc,cpu         ] GC(591) User=0.01s Sys=0.00s Real=0.00s
[2966.790s][info][gc,marking     ] GC(591) Concurrent Clear Claimed Marks
[2966.790s][info][gc,marking     ] GC(591) Concurrent Clear Claimed Marks 0.033ms
[2966.790s][info][gc,marking     ] GC(591) Concurrent Cleanup for Next Mark
[2966.795s][info][gc,marking     ] GC(591) Concurrent Cleanup for Next Mark 5.169ms
[2966.795s][info][gc             ] GC(591) Concurrent Mark Cycle 1297.696ms
..[2969.195s][info][gc,start       ] GC(592) Pause Young (Prepare Mixed) (G1 Evacuation Pause)
[2969.195s][info][gc,task        ] GC(592) Using 6 workers of 6 for evacuation
[2969.312s][info][gc,phases      ] GC(592)   Pre Evacuate Collection Set: 0.32ms
[2969.312s][info][gc,phases      ] GC(592)   Merge Heap Roots: 0.48ms
[2969.312s][info][gc,phases      ] GC(592)   Evacuate Collection Set: 115.53ms
[2969.312s][info][gc,phases      ] GC(592)   Post Evacuate Collection Set: 0.92ms
[2969.312s][info][gc,phases      ] GC(592)   Other: 0.08ms
[2969.312s][info][gc,heap        ] GC(592) Eden regions: 1120->0(1107)
[2969.312s][info][gc,heap        ] GC(592) Survivor regions: 108->110(154)
[2969.312s][info][gc,heap        ] GC(592) Old regions: 507->538
[2969.312s][info][gc,heap        ] GC(592) Humongous regions: 80->80
[2969.312s][info][gc,metaspace   ] GC(592) Metaspace: 28926K(29248K)->28926K(29248K) NonClass: 24048K(24192K)->24048K(24192K) Class: 4878K(5056K)->4878K(5056K)
[2969.312s][info][gc             ] GC(592) Pause Young (Prepare Mixed) (G1 Evacuation Pause) 3628M->1454M(4096M) 117.469ms
[2969.312s][info][gc,cpu         ] GC(592) User=0.69s Sys=0.00s Real=0.12s
....[2972.971s][info][gc,start       ] GC(593) Pause Young (Mixed) (G1 Evacuation Pause)
[2972.971s][info][gc,task        ] GC(593) Using 6 workers of 6 for evacuation
[2973.107s][info][gc,phases      ] GC(593)   Pre Evacuate Collection Set: 0.36ms
[2973.107s][info][gc,phases      ] GC(593)   Merge Heap Roots: 0.70ms
[2973.107s][info][gc,phases      ] GC(593)   Evacuate Collection Set: 133.84ms
[2973.107s][info][gc,phases      ] GC(593)   Post Evacuate Collection Set: 0.95ms
[2973.107s][info][gc,phases      ] GC(593)   Other: 0.08ms
[2973.107s][info][gc,heap        ] GC(593) Eden regions: 1107->0(1119)
[2973.107s][info][gc,heap        ] GC(593) Survivor regions: 110->109(153)
[2973.107s][info][gc,heap        ] GC(593) Old regions: 538->474
[2973.107s][info][gc,heap        ] GC(593) Humongous regions: 80->80
[2973.107s][info][gc,metaspace   ] GC(593) Metaspace: 28926K(29248K)->28926K(29248K) NonClass: 24048K(24192K)->24048K(24192K) Class: 4878K(5056K)->4878K(5056K)
[2973.107s][info][gc             ] GC(593) Pause Young (Mixed) (G1 Evacuation Pause) 3668M->1324M(4096M) 136.062ms
[2973.107s][info][gc,cpu         ] GC(593) User=0.81s Sys=0.00s Real=0.13s
....[2976.692s][info][gc,start       ] GC(594) Pause Young (Concurrent Start) (G1 Evacuation Pause)
[2976.692s][info][gc,task        ] GC(594) Using 6 workers of 6 for evacuation
[2976.809s][info][gc,phases      ] GC(594)   Pre Evacuate Collection Set: 0.35ms
[2976.809s][info][gc,phases      ] GC(594)   Merge Heap Roots: 0.51ms
[2976.809s][info][gc,phases      ] GC(594)   Evacuate Collection Set: 115.05ms
[2976.809s][info][gc,phases      ] GC(594)   Post Evacuate Collection Set: 0.88ms
[2976.809s][info][gc,phases      ] GC(594)   Other: 0.11ms
[2976.809s][info][gc,heap        ] GC(594) Eden regions: 1119->0(1119)
[2976.809s][info][gc,heap        ] GC(594) Survivor regions: 109->109(154)
[2976.809s][info][gc,heap        ] GC(594) Old regions: 474->507
[2976.809s][info][gc,heap        ] GC(594) Humongous regions: 80->80
[2976.809s][info][gc,metaspace   ] GC(594) Metaspace: 28926K(29248K)->28926K(29248K) NonClass: 24048K(24192K)->24048K(24192K) Class: 4878K(5056K)->4878K(5056K)
[2976.809s][info][gc             ] GC(594) Pause Young (Concurrent Start) (G1 Evacuation Pause) 3562M->1390M(4096M) 117.027ms
[2976.809s][info][gc             ] GC(595) Concurrent Mark Cycle
[2976.809s][info][gc,marking     ] GC(595) Concurrent Scan Root Regions
[2976.809s][info][gc,cpu         ] GC(594) User=0.69s Sys=0.00s Real=0.12s
[2976.975s][info][gc,marking     ] GC(595) Concurrent Scan Root Regions 166.829ms
[2976.976s][info][gc,marking     ] GC(595) Concurrent Mark
[2976.976s][info][gc,marking     ] GC(595) Concurrent Mark From Roots
[2976.976s][info][gc,task        ] GC(595) Using 2 workers of 2 for marking
.[2977.789s][info][gc,marking     ] GC(595) Concurrent Mark From Roots 813.507ms
[2977.789s][info][gc,marking     ] GC(595) Concurrent Preclean
[2977.789s][info][gc,marking     ] GC(595) Concurrent Preclean 0.124ms
[2977.791s][info][gc,start       ] GC(595) Pause Remark
[2977.795s][info][gc             ] GC(595) Pause Remark 2016M->2016M(4096M) 3.331ms
[2977.795s][info][gc,cpu         ] GC(595) User=0.02s Sys=0.00s Real=0.00s
[2977.795s][info][gc,marking     ] GC(595) Concurrent Mark 819.801ms
[2977.795s][info][gc,marking     ] GC(595) Concurrent Rebuild Remembered Sets and Scrub Regions
[2978.060s][info][gc,marking     ] GC(595) Concurrent Rebuild Remembered Sets and Scrub Regions 264.679ms
[2978.060s][info][gc,start       ] GC(595) Pause Cleanup
[2978.060s][info][gc             ] GC(595) Pause Cleanup 2164M->2164M(4096M) 0.118ms
[2978.060s][info][gc,cpu         ] GC(595) User=0.00s Sys=0.00s Real=0.00s
[2978.060s][info][gc,marking     ] GC(595) Concurrent Clear Claimed Marks
[2978.060s][info][gc,marking     ] GC(595) Concurrent Clear Claimed Marks 0.039ms
[2978.060s][info][gc,marking     ] GC(595) Concurrent Cleanup for Next Mark
[2978.064s][info][gc,marking     ] GC(595) Concurrent Cleanup for Next Mark 3.153ms
[2978.064s][info][gc             ] GC(595) Concurrent Mark Cycle 1254.940ms
...[2980.603s][info][gc,start       ] GC(596) Pause Young (Prepare Mixed) (G1 Evacuation Pause)
[2980.603s][info][gc,task        ] GC(596) Using 6 workers of 6 for evacuation
[2980.724s][info][gc,phases      ] GC(596)   Pre Evacuate Collection Set: 0.30ms
[2980.724s][info][gc,phases      ] GC(596)   Merge Heap Roots: 0.50ms
[2980.724s][info][gc,phases      ] GC(596)   Evacuate Collection Set: 119.85ms
[2980.724s][info][gc,phases      ] GC(596)   Post Evacuate Collection Set: 0.78ms
[2980.724s][info][gc,phases      ] GC(596)   Other: 0.09ms
[2980.724s][info][gc,heap        ] GC(596) Eden regions: 1119->0(1103)
[2980.724s][info][gc,heap        ] GC(596) Survivor regions: 109->112(154)
[2980.724s][info][gc,heap        ] GC(596) Old regions: 507->538
[2980.724s][info][gc,heap        ] GC(596) Humongous regions: 80->80
[2980.724s][info][gc,metaspace   ] GC(596) Metaspace: 28926K(29248K)->28926K(29248K) NonClass: 24048K(24192K)->24048K(24192K) Class: 4878K(5056K)->4878K(5056K)
[2980.724s][info][gc             ] GC(596) Pause Young (Prepare Mixed) (G1 Evacuation Pause) 3628M->1459M(4096M) 121.662ms
[2980.725s][info][gc,cpu         ] GC(596) User=0.73s Sys=0.00s Real=0.12s
...[2984.244s][info][gc,start       ] GC(597) Pause Young (Mixed) (G1 Evacuation Pause)
[2984.245s][info][gc,task        ] GC(597) Using 6 workers of 6 for evacuation
[2984.376s][info][gc,phases      ] GC(597)   Pre Evacuate Collection Set: 0.39ms
[2984.376s][info][gc,phases      ] GC(597)   Merge Heap Roots: 0.63ms
[2984.376s][info][gc,phases      ] GC(597)   Evacuate Collection Set: 128.95ms
[2984.376s][info][gc,phases      ] GC(597)   Post Evacuate Collection Set: 0.95ms
[2984.376s][info][gc,phases      ] GC(597)   Other: 0.09ms
[2984.376s][info][gc,heap        ] GC(597) Eden regions: 1103->0(1119)
[2984.376s][info][gc,heap        ] GC(597) Survivor regions: 112->109(152)
[2984.376s][info][gc,heap        ] GC(597) Old regions: 538->473
[2984.376s][info][gc,heap        ] GC(597) Humongous regions: 80->80
[2984.376s][info][gc,metaspace   ] GC(597) Metaspace: 28926K(29248K)->28926K(29248K) NonClass: 24048K(24192K)->24048K(24192K) Class: 4878K(5056K)->4878K(5056K)
[2984.376s][info][gc             ] GC(597) Pause Young (Mixed) (G1 Evacuation Pause) 3665M->1321M(4096M) 131.153ms
[2984.376s][info][gc,cpu         ] GC(597) User=0.78s Sys=0.00s Real=0.13s
....[2988.155s][info][gc,start       ] GC(598) Pause Young (Concurrent Start) (G1 Evacuation Pause)
[2988.155s][info][gc,task        ] GC(598) Using 6 workers of 6 for evacuation
[2988.272s][info][gc,phases      ] GC(598)   Pre Evacuate Collection Set: 0.36ms
[2988.272s][info][gc,phases      ] GC(598)   Merge Heap Roots: 0.44ms
[2988.272s][info][gc,phases      ] GC(598)   Evacuate Collection Set: 115.48ms
[2988.272s][info][gc,phases      ] GC(598)   Post Evacuate Collection Set: 0.87ms
[2988.272s][info][gc,phases      ] GC(598)   Other: 0.10ms
[2988.272s][info][gc,heap        ] GC(598) Eden regions: 1119->0(1119)
[2988.272s][info][gc,heap        ] GC(598) Survivor regions: 109->109(154)
[2988.272s][info][gc,heap        ] GC(598) Old regions: 473->505
[2988.272s][info][gc,heap        ] GC(598) Humongous regions: 80->80
[2988.272s][info][gc,metaspace   ] GC(598) Metaspace: 28926K(29248K)->28926K(29248K) NonClass: 24048K(24192K)->24048K(24192K) Class: 4878K(5056K)->4878K(5056K)
[2988.272s][info][gc             ] GC(598) Pause Young (Concurrent Start) (G1 Evacuation Pause) 3559M->1386M(4096M) 117.386ms
[2988.272s][info][gc             ] GC(599) Concurrent Mark Cycle
[2988.272s][info][gc,marking     ] GC(599) Concurrent Scan Root Regions
[2988.272s][info][gc,cpu         ] GC(598) User=0.70s Sys=0.00s Real=0.12s
[2988.455s][info][gc,marking     ] GC(599) Concurrent Scan Root Regions 182.131ms
[2988.455s][info][gc,marking     ] GC(599) Concurrent Mark
[2988.455s][info][gc,marking     ] GC(599) Concurrent Mark From Roots
[2988.455s][info][gc,task        ] GC(599) Using 2 workers of 2 for marking
.[2989.417s][info][gc,marking     ] GC(599) Concurrent Mark From Roots 962.312ms
[2989.417s][info][gc,marking     ] GC(599) Concurrent Preclean
[2989.417s][info][gc,marking     ] GC(599) Concurrent Preclean 0.129ms
[2989.419s][info][gc,start       ] GC(599) Pause Remark
[2989.422s][info][gc             ] GC(599) Pause Remark 2142M->2142M(4096M) 2.810ms
[2989.422s][info][gc,cpu         ] GC(599) User=0.01s Sys=0.00s Real=0.00s
[2989.422s][info][gc,marking     ] GC(599) Concurrent Mark 967.388ms
[2989.422s][info][gc,marking     ] GC(599) Concurrent Rebuild Remembered Sets and Scrub Regions
.[2989.746s][info][gc,marking     ] GC(599) Concurrent Rebuild Remembered Sets and Scrub Regions 323.498ms
[2989.746s][info][gc,start       ] GC(599) Pause Cleanup
[2989.746s][info][gc             ] GC(599) Pause Cleanup 2363M->2363M(4096M) 0.108ms
[2989.746s][info][gc,cpu         ] GC(599) User=0.00s Sys=0.00s Real=0.00s
[2989.746s][info][gc,marking     ] GC(599) Concurrent Clear Claimed Marks
[2989.746s][info][gc,marking     ] GC(599) Concurrent Clear Claimed Marks 0.024ms
[2989.746s][info][gc,marking     ] GC(599) Concurrent Cleanup for Next Mark
[2989.750s][info][gc,marking     ] GC(599) Concurrent Cleanup for Next Mark 3.840ms
[2989.750s][info][gc             ] GC(599) Concurrent Mark Cycle 1477.332ms
.. (rIR:aIR:PR = 4981:4980:4980) (tPR = 74144) [OK] 
  2991s: Performance info:
         Transaction,    Success,    Partial,     Failed,   Receipts, AvgBarcode, 
             Overall,     299864,          0,          0,     284873,      59.48, 
         Response times:
             Request,    Success,    Partial,     Failed,   SkipFail,     Probes,    Samples,      min,      p50,      p90,      p95,      p99,      max, 
       TotalPurchase,     284873,          0,          0,          0,     280088,     304456,      300,     4000,     7900,    14700,    47000,   174000,
     InStorePurchase,     149943,          0,          0,          0,     147833,     160299,      300,     3900,     7900,    14900,    47000,   146000,
      OnlinePurchase,     104966,          0,          0,          0,     103214,     112321,      300,     4100,     8000,    14600,    47000,   174000,
        InstPurchase,      29964,          0,          0,          0,      29041,      31836,      300,     3900,     7800,    13900,    48000,   174000,
          AssocOfCat,        300,          0,          0,          0,        245,        307,    22000,    32000,    53200,    62600,   107880,   161000,
      AssocOfProduct,       2999,          0,          0,          0,       2813,       3261,      300,     1800,     6000,     8590,    37000,   143000,
      BusinessReport,        747,          0,          0,          0,        621,        775,    21000,    35000,    57000,    70000,   144000,   206000,
          CustBuyBeh,       2998,          0,          0,          0,       2777,       3190,      300,     3400,     7700,    14645,    43180,   153000,
       ProductReturn,       7945,          0,          0,          0,       7543,       8448,      200,     3900,     8000,    16155,    47000,   142000,

  2991s: (37%)   IR =   5120 [2991.918s][info][gc,start       ] GC(600) Pause Young (Prepare Mixed) (G1 Evacuation Pause)
[2991.918s][info][gc,task        ] GC(600) Using 6 workers of 6 for evacuation
[2992.034s][info][gc,phases      ] GC(600)   Pre Evacuate Collection Set: 0.32ms
[2992.034s][info][gc,phases      ] GC(600)   Merge Heap Roots: 0.52ms
[2992.034s][info][gc,phases      ] GC(600)   Evacuate Collection Set: 113.45ms
[2992.034s][info][gc,phases      ] GC(600)   Post Evacuate Collection Set: 0.91ms
[2992.034s][info][gc,phases      ] GC(600)   Other: 0.08ms
[2992.034s][info][gc,heap        ] GC(600) Eden regions: 1119->0(1111)
[2992.034s][info][gc,heap        ] GC(600) Survivor regions: 109->109(154)
[2992.034s][info][gc,heap        ] GC(600) Old regions: 505->536
[2992.034s][info][gc,heap        ] GC(600) Humongous regions: 80->80
[2992.034s][info][gc,metaspace   ] GC(600) Metaspace: 28926K(29248K)->28926K(29248K) NonClass: 24048K(24192K)->24048K(24192K) Class: 4878K(5056K)->4878K(5056K)
[2992.034s][info][gc             ] GC(600) Pause Young (Prepare Mixed) (G1 Evacuation Pause) 3624M->1448M(4096M) 115.435ms
[2992.034s][info][gc,cpu         ] GC(600) User=0.68s Sys=0.00s Real=0.11s
...[2995.579s][info][gc,start       ] GC(601) Pause Young (Mixed) (G1 Evacuation Pause)
[2995.580s][info][gc,task        ] GC(601) Using 6 workers of 6 for evacuation
[2995.715s][info][gc,phases      ] GC(601)   Pre Evacuate Collection Set: 0.35ms
[2995.715s][info][gc,phases      ] GC(601)   Merge Heap Roots: 0.63ms
[2995.715s][info][gc,phases      ] GC(601)   Evacuate Collection Set: 133.06ms
[2995.715s][info][gc,phases      ] GC(601)   Post Evacuate Collection Set: 0.98ms
[2995.715s][info][gc,phases      ] GC(601)   Other: 0.09ms
[2995.715s][info][gc,heap        ] GC(601) Eden regions: 1111->0(1116)
[2995.715s][info][gc,heap        ] GC(601) Survivor regions: 109->112(153)
[2995.715s][info][gc,heap        ] GC(601) Old regions: 536->472
[2995.715s][info][gc,heap        ] GC(601) Humongous regions: 80->80
[2995.715s][info][gc,metaspace   ] GC(601) Metaspace: 28926K(29248K)->28926K(29248K) NonClass: 24048K(24192K)->24048K(24192K) Class: 4878K(5056K)->4878K(5056K)
[2995.715s][info][gc             ] GC(601) Pause Young (Mixed) (G1 Evacuation Pause) 3670M->1325M(4096M) 135.231ms
[2995.715s][info][gc,cpu         ] GC(601) User=0.80s Sys=0.00s Real=0.13s
....|[2999.352s][info][gc,start       ] GC(602) Pause Young (Concurrent Start) (G1 Evacuation Pause)
[2999.352s][info][gc,task        ] GC(602) Using 6 workers of 6 for evacuation
[2999.473s][info][gc,phases      ] GC(602)   Pre Evacuate Collection Set: 0.40ms
[2999.473s][info][gc,phases      ] GC(602)   Merge Heap Roots: 0.47ms
[2999.473s][info][gc,phases      ] GC(602)   Evacuate Collection Set: 118.76ms
[2999.473s][info][gc,phases      ] GC(602)   Post Evacuate Collection Set: 0.91ms
[2999.473s][info][gc,phases      ] GC(602)   Other: 0.12ms
[2999.473s][info][gc,heap        ] GC(602) Eden regions: 1116->0(1115)
[2999.473s][info][gc,heap        ] GC(602) Survivor regions: 112->113(154)
[2999.473s][info][gc,heap        ] GC(602) Old regions: 472->504
[2999.473s][info][gc,heap        ] GC(602) Humongous regions: 80->80
[2999.473s][info][gc,metaspace   ] GC(602) Metaspace: 28926K(29248K)->28926K(29248K) NonClass: 24048K(24192K)->24048K(24192K) Class: 4878K(5056K)->4878K(5056K)
[2999.473s][info][gc             ] GC(602) Pause Young (Concurrent Start) (G1 Evacuation Pause) 3557M->1391M(4096M) 120.804ms
[2999.473s][info][gc             ] GC(603) Concurrent Mark Cycle
[2999.473s][info][gc,marking     ] GC(603) Concurrent Scan Root Regions
[2999.473s][info][gc,cpu         ] GC(602) User=0.72s Sys=0.01s Real=0.12s
[2999.689s][info][gc,marking     ] GC(603) Concurrent Scan Root Regions 215.670ms
[2999.689s][info][gc,marking     ] GC(603) Concurrent Mark
[2999.689s][info][gc,marking     ] GC(603) Concurrent Mark From Roots
[2999.689s][info][gc,task        ] GC(603) Using 2 workers of 2 for marking
.[3000.360s][info][gc,marking     ] GC(603) Concurrent Mark From Roots 670.943ms
[3000.360s][info][gc,marking     ] GC(603) Concurrent Preclean
[3000.360s][info][gc,marking     ] GC(603) Concurrent Preclean 0.145ms
[3000.360s][info][gc,start       ] GC(603) Pause Remark
[3000.363s][info][gc             ] GC(603) Pause Remark 2032M->2032M(4096M) 3.196ms
[3000.363s][info][gc,cpu         ] GC(603) User=0.02s Sys=0.00s Real=0.00s
[3000.365s][info][gc,marking     ] GC(603) Concurrent Mark 676.536ms
[3000.365s][info][gc,marking     ] GC(603) Concurrent Rebuild Remembered Sets and Scrub Regions
[3000.615s][info][gc,marking     ] GC(603) Concurrent Rebuild Remembered Sets and Scrub Regions 249.421ms
[3000.615s][info][gc,start       ] GC(603) Pause Cleanup
[3000.615s][info][gc             ] GC(603) Pause Cleanup 2204M->2204M(4096M) 0.116ms
[3000.615s][info][gc,cpu         ] GC(603) User=0.00s Sys=0.00s Real=0.00s
[3000.615s][info][gc,marking     ] GC(603) Concurrent Clear Claimed Marks
[3000.615s][info][gc,marking     ] GC(603) Concurrent Clear Claimed Marks 0.031ms
[3000.615s][info][gc,marking     ] GC(603) Concurrent Cleanup for Next Mark
[3000.620s][info][gc,marking     ] GC(603) Concurrent Cleanup for Next Mark 5.019ms
[3000.621s][info][gc             ] GC(603) Concurrent Mark Cycle 1147.382ms
...[3002.919s][info][gc,start       ] GC(604) Pause Young (Prepare Mixed) (G1 Evacuation Pause)
[3002.919s][info][gc,task        ] GC(604) Using 6 workers of 6 for evacuation
[3003.041s][info][gc,phases      ] GC(604)   Pre Evacuate Collection Set: 0.34ms
[3003.041s][info][gc,phases      ] GC(604)   Merge Heap Roots: 0.53ms
[3003.041s][info][gc,phases      ] GC(604)   Evacuate Collection Set: 120.23ms
[3003.041s][info][gc,phases      ] GC(604)   Post Evacuate Collection Set: 0.91ms
[3003.041s][info][gc,phases      ] GC(604)   Other: 0.09ms
[3003.041s][info][gc,heap        ] GC(604) Eden regions: 1115->0(1105)
[3003.041s][info][gc,heap        ] GC(604) Survivor regions: 113->112(154)
[3003.041s][info][gc,heap        ] GC(604) Old regions: 504->536
[3003.041s][info][gc,heap        ] GC(604) Humongous regions: 80->80
[3003.041s][info][gc,metaspace   ] GC(604) Metaspace: 28926K(29248K)->28926K(29248K) NonClass: 24048K(24192K)->24048K(24192K) Class: 4878K(5056K)->4878K(5056K)
[3003.041s][info][gc             ] GC(604) Pause Young (Prepare Mixed) (G1 Evacuation Pause) 3621M->1454M(4096M) 122.228ms
[3003.041s][info][gc,cpu         ] GC(604) User=0.72s Sys=0.00s Real=0.12s
...[3006.631s][info][gc,start       ] GC(605) Pause Young (Mixed) (G1 Evacuation Pause)
[3006.631s][info][gc,task        ] GC(605) Using 6 workers of 6 for evacuation
[3006.766s][info][gc,phases      ] GC(605)   Pre Evacuate Collection Set: 0.38ms
[3006.766s][info][gc,phases      ] GC(605)   Merge Heap Roots: 0.66ms
[3006.766s][info][gc,phases      ] GC(605)   Evacuate Collection Set: 132.72ms
[3006.766s][info][gc,phases      ] GC(605)   Post Evacuate Collection Set: 0.83ms
[3006.766s][info][gc,phases      ] GC(605)   Other: 0.09ms
[3006.766s][info][gc,heap        ] GC(605) Eden regions: 1105->0(1117)
[3006.766s][info][gc,heap        ] GC(605) Survivor regions: 112->111(153)
[3006.766s][info][gc,heap        ] GC(605) Old regions: 536->472
[3006.766s][info][gc,heap        ] GC(605) Humongous regions: 80->80
[3006.766s][info][gc,metaspace   ] GC(605) Metaspace: 28926K(29248K)->28926K(29248K) NonClass: 24048K(24192K)->24048K(24192K) Class: 4878K(5056K)->4878K(5056K)
[3006.766s][info][gc             ] GC(605) Pause Young (Mixed) (G1 Evacuation Pause) 3664M->1323M(4096M) 134.805ms
[3006.766s][info][gc,cpu         ] GC(605) User=0.80s Sys=0.00s Real=0.13s
....[3010.286s][info][gc,start       ] GC(606) Pause Young (Concurrent Start) (G1 Evacuation Pause)
[3010.286s][info][gc,task        ] GC(606) Using 6 workers of 6 for evacuation
[3010.404s][info][gc,phases      ] GC(606)   Pre Evacuate Collection Set: 0.34ms
[3010.404s][info][gc,phases      ] GC(606)   Merge Heap Roots: 0.47ms
[3010.404s][info][gc,phases      ] GC(606)   Evacuate Collection Set: 116.44ms
[3010.404s][info][gc,phases      ] GC(606)   Post Evacuate Collection Set: 0.87ms
[3010.404s][info][gc,phases      ] GC(606)   Other: 0.10ms
[3010.404s][info][gc,heap        ] GC(606) Eden regions: 1117->0(1117)
[3010.404s][info][gc,heap        ] GC(606) Survivor regions: 111->111(154)
[3010.404s][info][gc,heap        ] GC(606) Old regions: 472->504
[3010.404s][info][gc,heap        ] GC(606) Humongous regions: 80->80
[3010.404s][info][gc,metaspace   ] GC(606) Metaspace: 28926K(29248K)->28926K(29248K) NonClass: 24048K(24192K)->24048K(24192K) Class: 4878K(5056K)->4878K(5056K)
[3010.404s][info][gc             ] GC(606) Pause Young (Concurrent Start) (G1 Evacuation Pause) 3557M->1388M(4096M) 118.347ms
[3010.404s][info][gc             ] GC(607) Concurrent Mark Cycle
[3010.404s][info][gc,marking     ] GC(607) Concurrent Scan Root Regions
[3010.404s][info][gc,cpu         ] GC(606) User=0.70s Sys=0.00s Real=0.12s
[3010.549s][info][gc,marking     ] GC(607) Concurrent Scan Root Regions 145.264ms
[3010.549s][info][gc,marking     ] GC(607) Concurrent Mark
[3010.549s][info][gc,marking     ] GC(607) Concurrent Mark From Roots
[3010.549s][info][gc,task        ] GC(607) Using 2 workers of 2 for marking
.[3011.208s][info][gc,marking     ] GC(607) Concurrent Mark From Roots 658.776ms
[3011.208s][info][gc,marking     ] GC(607) Concurrent Preclean
[3011.208s][info][gc,marking     ] GC(607) Concurrent Preclean 0.068ms
[3011.208s][info][gc,start       ] GC(607) Pause Remark
[3011.211s][info][gc             ] GC(607) Pause Remark 1896M->1896M(4096M) 2.391ms
[3011.211s][info][gc,cpu         ] GC(607) User=0.02s Sys=0.00s Real=0.00s
[3011.211s][info][gc,marking     ] GC(607) Concurrent Mark 661.483ms
[3011.211s][info][gc,marking     ] GC(607) Concurrent Rebuild Remembered Sets and Scrub Regions
[3011.456s][info][gc,marking     ] GC(607) Concurrent Rebuild Remembered Sets and Scrub Regions 244.841ms
[3011.456s][info][gc,start       ] GC(607) Pause Cleanup
[3011.456s][info][gc             ] GC(607) Pause Cleanup 2062M->2062M(4096M) 0.103ms
[3011.456s][info][gc,cpu         ] GC(607) User=0.00s Sys=0.00s Real=0.00s
[3011.456s][info][gc,marking     ] GC(607) Concurrent Clear Claimed Marks
[3011.456s][info][gc,marking     ] GC(607) Concurrent Clear Claimed Marks 0.029ms
[3011.456s][info][gc,marking     ] GC(607) Concurrent Cleanup for Next Mark
[3011.459s][info][gc,marking     ] GC(607) Concurrent Cleanup for Next Mark 3.135ms
[3011.459s][info][gc             ] GC(607) Concurrent Mark Cycle 1055.121ms
...[3013.903s][info][gc,start       ] GC(608) Pause Young (Prepare Mixed) (G1 Evacuation Pause)
[3013.903s][info][gc,task        ] GC(608) Using 6 workers of 6 for evacuation
[3014.020s][info][gc,phases      ] GC(608)   Pre Evacuate Collection Set: 0.30ms
[3014.020s][info][gc,phases      ] GC(608)   Merge Heap Roots: 0.48ms
[3014.020s][info][gc,phases      ] GC(608)   Evacuate Collection Set: 114.66ms
[3014.020s][info][gc,phases      ] GC(608)   Post Evacuate Collection Set: 0.92ms
[3014.020s][info][gc,phases      ] GC(608)   Other: 0.09ms
[3014.020s][info][gc,heap        ] GC(608) Eden regions: 1117->0(1113)
[3014.020s][info][gc,heap        ] GC(608) Survivor regions: 111->108(154)
[3014.020s][info][gc,heap        ] GC(608) Old regions: 504->536
[3014.020s][info][gc,heap        ] GC(608) Humongous regions: 80->80
[3014.020s][info][gc,metaspace   ] GC(608) Metaspace: 28926K(29248K)->28926K(29248K) NonClass: 24048K(24192K)->24048K(24192K) Class: 4878K(5056K)->4878K(5056K)
[3014.020s][info][gc             ] GC(608) Pause Young (Prepare Mixed) (G1 Evacuation Pause) 3622M->1447M(4096M) 116.570ms
[3014.020s][info][gc,cpu         ] GC(608) User=0.69s Sys=0.00s Real=0.12s
...[3017.647s][info][gc,start       ] GC(609) Pause Young (Mixed) (G1 Evacuation Pause)
[3017.647s][info][gc,task        ] GC(609) Using 6 workers of 6 for evacuation
[3017.782s][info][gc,phases      ] GC(609)   Pre Evacuate Collection Set: 0.36ms
[3017.782s][info][gc,phases      ] GC(609)   Merge Heap Roots: 0.74ms
[3017.782s][info][gc,phases      ] GC(609)   Evacuate Collection Set: 132.37ms
[3017.782s][info][gc,phases      ] GC(609)   Post Evacuate Collection Set: 0.96ms
[3017.782s][info][gc,phases      ] GC(609)   Other: 0.09ms
[3017.782s][info][gc,heap        ] GC(609) Eden regions: 1113->0(1118)
[3017.782s][info][gc,heap        ] GC(609) Survivor regions: 108->110(153)
[3017.782s][info][gc,heap        ] GC(609) Old regions: 536->474
[3017.782s][info][gc,heap        ] GC(609) Humongous regions: 80->80
[3017.782s][info][gc,metaspace   ] GC(609) Metaspace: 28926K(29248K)->28926K(29248K) NonClass: 24048K(24192K)->24048K(24192K) Class: 4878K(5056K)->4878K(5056K)
[3017.782s][info][gc             ] GC(609) Pause Young (Mixed) (G1 Evacuation Pause) 3673M->1325M(4096M) 134.641ms
[3017.782s][info][gc,cpu         ] GC(609) User=0.80s Sys=0.00s Real=0.13s
....[3021.351s][info][gc,start       ] GC(610) Pause Young (Concurrent Start) (G1 Evacuation Pause)
[3021.351s][info][gc,task        ] GC(610) Using 6 workers of 6 for evacuation
[3021.468s][info][gc,phases      ] GC(610)   Pre Evacuate Collection Set: 0.32ms
[3021.468s][info][gc,phases      ] GC(610)   Merge Heap Roots: 0.46ms
[3021.468s][info][gc,phases      ] GC(610)   Evacuate Collection Set: 114.91ms
[3021.468s][info][gc,phases      ] GC(610)   Post Evacuate Collection Set: 0.87ms
[3021.468s][info][gc,phases      ] GC(610)   Other: 0.11ms
[3021.468s][info][gc,heap        ] GC(610) Eden regions: 1118->0(1118)
[3021.468s][info][gc,heap        ] GC(610) Survivor regions: 110->110(154)
[3021.468s][info][gc,heap        ] GC(610) Old regions: 474->505
[3021.468s][info][gc,heap        ] GC(610) Humongous regions: 80->80
[3021.468s][info][gc,metaspace   ] GC(610) Metaspace: 28926K(29248K)->28926K(29248K) NonClass: 24048K(24192K)->24048K(24192K) Class: 4878K(5056K)->4878K(5056K)
[3021.468s][info][gc             ] GC(610) Pause Young (Concurrent Start) (G1 Evacuation Pause) 3561M->1388M(4096M) 116.813ms
[3021.468s][info][gc             ] GC(611) Concurrent Mark Cycle
[3021.468s][info][gc,marking     ] GC(611) Concurrent Scan Root Regions
[3021.468s][info][gc,cpu         ] GC(610) User=0.70s Sys=0.00s Real=0.12s
[3021.612s][info][gc,marking     ] GC(611) Concurrent Scan Root Regions 144.324ms
[3021.612s][info][gc,marking     ] GC(611) Concurrent Mark
[3021.612s][info][gc,marking     ] GC(611) Concurrent Mark From Roots
[3021.612s][info][gc,task        ] GC(611) Using 2 workers of 2 for marking
.[3022.575s][info][gc,marking     ] GC(611) Concurrent Mark From Roots 962.376ms
[3022.575s][info][gc,marking     ] GC(611) Concurrent Preclean
[3022.575s][info][gc,marking     ] GC(611) Concurrent Preclean 0.135ms
[3022.575s][info][gc,start       ] GC(611) Pause Remark
[3022.578s][info][gc             ] GC(611) Pause Remark 2125M->2125M(4096M) 2.923ms
[3022.578s][info][gc,cpu         ] GC(611) User=0.02s Sys=0.00s Real=0.01s
[3022.578s][info][gc,marking     ] GC(611) Concurrent Mark 965.759ms
[3022.578s][info][gc,marking     ] GC(611) Concurrent Rebuild Remembered Sets and Scrub Regions
.[3022.979s][info][gc,marking     ] GC(611) Concurrent Rebuild Remembered Sets and Scrub Regions 400.982ms
[3022.979s][info][gc,start       ] GC(611) Pause Cleanup
[3022.979s][info][gc             ] GC(611) Pause Cleanup 2373M->2373M(4096M) 0.120ms
[3022.979s][info][gc,cpu         ] GC(611) User=0.00s Sys=0.00s Real=0.00s
[3022.979s][info][gc,marking     ] GC(611) Concurrent Clear Claimed Marks
[3022.979s][info][gc,marking     ] GC(611) Concurrent Clear Claimed Marks 0.031ms
[3022.979s][info][gc,marking     ] GC(611) Concurrent Cleanup for Next Mark
[3022.983s][info][gc,marking     ] GC(611) Concurrent Cleanup for Next Mark 3.348ms
[3022.983s][info][gc             ] GC(611) Concurrent Mark Cycle 1515.115ms
..[3025.061s][info][gc,start       ] GC(612) Pause Young (Prepare Mixed) (G1 Evacuation Pause)
[3025.061s][info][gc,task        ] GC(612) Using 6 workers of 6 for evacuation
[3025.182s][info][gc,phases      ] GC(612)   Pre Evacuate Collection Set: 0.34ms
[3025.182s][info][gc,phases      ] GC(612)   Merge Heap Roots: 0.57ms
[3025.182s][info][gc,phases      ] GC(612)   Evacuate Collection Set: 118.72ms
[3025.182s][info][gc,phases      ] GC(612)   Post Evacuate Collection Set: 0.93ms
[3025.182s][info][gc,phases      ] GC(612)   Other: 0.10ms
[3025.182s][info][gc,heap        ] GC(612) Eden regions: 1118->0(1106)
[3025.182s][info][gc,heap        ] GC(612) Survivor regions: 110->111(154)
[3025.182s][info][gc,heap        ] GC(612) Old regions: 505->537
[3025.182s][info][gc,heap        ] GC(612) Humongous regions: 80->80
[3025.182s][info][gc,metaspace   ] GC(612) Metaspace: 28926K(29248K)->28926K(29248K) NonClass: 24048K(24192K)->24048K(24192K) Class: 4878K(5056K)->4878K(5056K)
[3025.182s][info][gc             ] GC(612) Pause Young (Prepare Mixed) (G1 Evacuation Pause) 3624M->1454M(4096M) 120.787ms
[3025.182s][info][gc,cpu         ] GC(612) User=0.72s Sys=0.00s Real=0.12s
...[3028.764s][info][gc,start       ] GC(613) Pause Young (Mixed) (G1 Evacuation Pause)
[3028.764s][info][gc,task        ] GC(613) Using 6 workers of 6 for evacuation
[3028.896s][info][gc,phases      ] GC(613)   Pre Evacuate Collection Set: 0.34ms
[3028.896s][info][gc,phases      ] GC(613)   Merge Heap Roots: 0.66ms
[3028.896s][info][gc,phases      ] GC(613)   Evacuate Collection Set: 129.98ms
[3028.896s][info][gc,phases      ] GC(613)   Post Evacuate Collection Set: 0.90ms
[3028.896s][info][gc,phases      ] GC(613)   Other: 0.10ms
[3028.896s][info][gc,heap        ] GC(613) Eden regions: 1106->0(1120)
[3028.896s][info][gc,heap        ] GC(613) Survivor regions: 111->108(153)
[3028.896s][info][gc,heap        ] GC(613) Old regions: 537->472
[3028.896s][info][gc,heap        ] GC(613) Humongous regions: 80->80
[3028.896s][info][gc,metaspace   ] GC(613) Metaspace: 28926K(29248K)->28926K(29248K) NonClass: 24048K(24192K)->24048K(24192K) Class: 4878K(5056K)->4878K(5056K)
[3028.896s][info][gc             ] GC(613) Pause Young (Mixed) (G1 Evacuation Pause) 3666M->1318M(4096M) 132.129ms
[3028.896s][info][gc,cpu         ] GC(613) User=0.78s Sys=0.00s Real=0.13s
....[3032.435s][info][gc,start       ] GC(614) Pause Young (Concurrent Start) (G1 Evacuation Pause)
[3032.435s][info][gc,task        ] GC(614) Using 6 workers of 6 for evacuation
[3032.551s][info][gc,phases      ] GC(614)   Pre Evacuate Collection Set: 0.40ms
[3032.551s][info][gc,phases      ] GC(614)   Merge Heap Roots: 0.47ms
[3032.551s][info][gc,phases      ] GC(614)   Evacuate Collection Set: 113.85ms
[3032.551s][info][gc,phases      ] GC(614)   Post Evacuate Collection Set: 0.86ms
[3032.551s][info][gc,phases      ] GC(614)   Other: 0.12ms
[3032.551s][info][gc,heap        ] GC(614) Eden regions: 1120->0(1118)
[3032.551s][info][gc,heap        ] GC(614) Survivor regions: 108->110(154)
[3032.551s][info][gc,heap        ] GC(614) Old regions: 472->504
[3032.551s][info][gc,heap        ] GC(614) Humongous regions: 80->80
[3032.551s][info][gc,metaspace   ] GC(614) Metaspace: 28926K(29248K)->28926K(29248K) NonClass: 24048K(24192K)->24048K(24192K) Class: 4878K(5056K)->4878K(5056K)
[3032.551s][info][gc             ] GC(614) Pause Young (Concurrent Start) (G1 Evacuation Pause) 3558M->1386M(4096M) 115.822ms
[3032.551s][info][gc             ] GC(615) Concurrent Mark Cycle
[3032.551s][info][gc,marking     ] GC(615) Concurrent Scan Root Regions
[3032.551s][info][gc,cpu         ] GC(614) User=0.68s Sys=0.00s Real=0.12s
[3032.762s][info][gc,marking     ] GC(615) Concurrent Scan Root Regions 211.705ms
[3032.762s][info][gc,marking     ] GC(615) Concurrent Mark
[3032.762s][info][gc,marking     ] GC(615) Concurrent Mark From Roots
[3032.762s][info][gc,task        ] GC(615) Using 2 workers of 2 for marking
.[3033.417s][info][gc,marking     ] GC(615) Concurrent Mark From Roots 655.012ms
[3033.418s][info][gc,marking     ] GC(615) Concurrent Preclean
[3033.418s][info][gc,marking     ] GC(615) Concurrent Preclean 0.098ms
[3033.418s][info][gc,start       ] GC(615) Pause Remark
[3033.420s][info][gc             ] GC(615) Pause Remark 1984M->1984M(4096M) 2.764ms
[3033.421s][info][gc,cpu         ] GC(615) User=0.02s Sys=0.00s Real=0.00s
[3033.421s][info][gc,marking     ] GC(615) Concurrent Mark 658.093ms
[3033.421s][info][gc,marking     ] GC(615) Concurrent Rebuild Remembered Sets and Scrub Regions
[3033.651s][info][gc,marking     ] GC(615) Concurrent Rebuild Remembered Sets and Scrub Regions 230.612ms
[3033.651s][info][gc,start       ] GC(615) Pause Cleanup
[3033.651s][info][gc             ] GC(615) Pause Cleanup 2109M->2109M(4096M) 0.111ms
[3033.651s][info][gc,cpu         ] GC(615) User=0.00s Sys=0.00s Real=0.00s
[3033.652s][info][gc,marking     ] GC(615) Concurrent Clear Claimed Marks
[3033.652s][info][gc,marking     ] GC(615) Concurrent Clear Claimed Marks 0.029ms
[3033.652s][info][gc,marking     ] GC(615) Concurrent Cleanup for Next Mark
[3033.701s][info][gc,marking     ] GC(615) Concurrent Cleanup for Next Mark 49.743ms
[3033.701s][info][gc             ] GC(615) Concurrent Mark Cycle 1150.747ms
...[3036.114s][info][gc,start       ] GC(616) Pause Young (Prepare Mixed) (G1 Evacuation Pause)
[3036.114s][info][gc,task        ] GC(616) Using 6 workers of 6 for evacuation
[3036.235s][info][gc,phases      ] GC(616)   Pre Evacuate Collection Set: 0.35ms
[3036.235s][info][gc,phases      ] GC(616)   Merge Heap Roots: 0.57ms
[3036.235s][info][gc,phases      ] GC(616)   Evacuate Collection Set: 119.03ms
[3036.235s][info][gc,phases      ] GC(616)   Post Evacuate Collection Set: 0.92ms
[3036.235s][info][gc,phases      ] GC(616)   Other: 0.09ms
[3036.235s][info][gc,heap        ] GC(616) Eden regions: 1118->0(1103)
[3036.235s][info][gc,heap        ] GC(616) Survivor regions: 110->113(154)
[3036.235s][info][gc,heap        ] GC(616) Old regions: 504->536
[3036.235s][info][gc,heap        ] GC(616) Humongous regions: 80->80
[3036.235s][info][gc,metaspace   ] GC(616) Metaspace: 28926K(29248K)->28926K(29248K) NonClass: 24048K(24192K)->24048K(24192K) Class: 4878K(5056K)->4878K(5056K)
[3036.235s][info][gc             ] GC(616) Pause Young (Prepare Mixed) (G1 Evacuation Pause) 3622M->1456M(4096M) 121.110ms
[3036.235s][info][gc,cpu         ] GC(616) User=0.72s Sys=0.00s Real=0.12s
...[3039.741s][info][gc,start       ] GC(617) Pause Young (Mixed) (G1 Evacuation Pause)
[3039.742s][info][gc,task        ] GC(617) Using 6 workers of 6 for evacuation
[3039.874s][info][gc,phases      ] GC(617)   Pre Evacuate Collection Set: 0.36ms
[3039.874s][info][gc,phases      ] GC(617)   Merge Heap Roots: 0.73ms
[3039.874s][info][gc,phases      ] GC(617)   Evacuate Collection Set: 130.37ms
[3039.874s][info][gc,phases      ] GC(617)   Post Evacuate Collection Set: 0.94ms
[3039.874s][info][gc,phases      ] GC(617)   Other: 0.08ms
[3039.874s][info][gc,heap        ] GC(617) Eden regions: 1103->0(1121)
[3039.874s][info][gc,heap        ] GC(617) Survivor regions: 113->107(152)
[3039.874s][info][gc,heap        ] GC(617) Old regions: 536->473
[3039.874s][info][gc,heap        ] GC(617) Humongous regions: 80->80
[3039.874s][info][gc,metaspace   ] GC(617) Metaspace: 28926K(29248K)->28926K(29248K) NonClass: 24048K(24192K)->24048K(24192K) Class: 4878K(5056K)->4878K(5056K)
[3039.874s][info][gc             ] GC(617) Pause Young (Mixed) (G1 Evacuation Pause) 3662M->1319M(4096M) 132.617ms
[3039.874s][info][gc,cpu         ] GC(617) User=0.79s Sys=0.00s Real=0.13s
....[3043.481s][info][gc,start       ] GC(618) Pause Young (Concurrent Start) (G1 Evacuation Pause)
[3043.481s][info][gc,task        ] GC(618) Using 6 workers of 6 for evacuation
[3043.597s][info][gc,phases      ] GC(618)   Pre Evacuate Collection Set: 0.37ms
[3043.597s][info][gc,phases      ] GC(618)   Merge Heap Roots: 0.47ms
[3043.597s][info][gc,phases      ] GC(618)   Evacuate Collection Set: 114.11ms
[3043.597s][info][gc,phases      ] GC(618)   Post Evacuate Collection Set: 0.87ms
[3043.597s][info][gc,phases      ] GC(618)   Other: 0.13ms
[3043.597s][info][gc,heap        ] GC(618) Eden regions: 1121->0(1119)
[3043.597s][info][gc,heap        ] GC(618) Survivor regions: 107->109(154)
[3043.597s][info][gc,heap        ] GC(618) Old regions: 473->505
[3043.597s][info][gc,heap        ] GC(618) Humongous regions: 80->80
[3043.597s][info][gc,metaspace   ] GC(618) Metaspace: 28926K(29248K)->28926K(29248K) NonClass: 24048K(24192K)->24048K(24192K) Class: 4878K(5056K)->4878K(5056K)
[3043.597s][info][gc             ] GC(618) Pause Young (Concurrent Start) (G1 Evacuation Pause) 3561M->1386M(4096M) 116.069ms
[3043.598s][info][gc             ] GC(619) Concurrent Mark Cycle
[3043.598s][info][gc,marking     ] GC(619) Concurrent Scan Root Regions
[3043.598s][info][gc,cpu         ] GC(618) User=0.69s Sys=0.00s Real=0.12s
[3043.755s][info][gc,marking     ] GC(619) Concurrent Scan Root Regions 157.278ms
[3043.755s][info][gc,marking     ] GC(619) Concurrent Mark
[3043.755s][info][gc,marking     ] GC(619) Concurrent Mark From Roots
[3043.755s][info][gc,task        ] GC(619) Using 2 workers of 2 for marking
.[3044.452s][info][gc,marking     ] GC(619) Concurrent Mark From Roots 697.146ms
[3044.452s][info][gc,marking     ] GC(619) Concurrent Preclean
[3044.452s][info][gc,marking     ] GC(619) Concurrent Preclean 0.096ms
[3044.453s][info][gc,start       ] GC(619) Pause Remark
[3044.457s][info][gc             ] GC(619) Pause Remark 2058M->2058M(4096M) 3.532ms
[3044.457s][info][gc,cpu         ] GC(619) User=0.02s Sys=0.00s Real=0.00s
[3044.457s][info][gc,marking     ] GC(619) Concurrent Mark 701.847ms
[3044.457s][info][gc,marking     ] GC(619) Concurrent Rebuild Remembered Sets and Scrub Regions
[3044.737s][info][gc,marking     ] GC(619) Concurrent Rebuild Remembered Sets and Scrub Regions 279.969ms
[3044.737s][info][gc,start       ] GC(619) Pause Cleanup
[3044.737s][info][gc             ] GC(619) Pause Cleanup 2204M->2204M(4096M) 0.106ms
[3044.737s][info][gc,cpu         ] GC(619) User=0.00s Sys=0.00s Real=0.00s
[3044.737s][info][gc,marking     ] GC(619) Concurrent Clear Claimed Marks
[3044.737s][info][gc,marking     ] GC(619) Concurrent Clear Claimed Marks 0.033ms
[3044.737s][info][gc,marking     ] GC(619) Concurrent Cleanup for Next Mark
[3044.741s][info][gc,marking     ] GC(619) Concurrent Cleanup for Next Mark 4.034ms
[3044.741s][info][gc             ] GC(619) Concurrent Mark Cycle 1143.693ms
...[3047.149s][info][gc,start       ] GC(620) Pause Young (Prepare Mixed) (G1 Evacuation Pause)
[3047.149s][info][gc,task        ] GC(620) Using 6 workers of 6 for evacuation
[3047.267s][info][gc,phases      ] GC(620)   Pre Evacuate Collection Set: 0.31ms
[3047.267s][info][gc,phases      ] GC(620)   Merge Heap Roots: 0.51ms
[3047.267s][info][gc,phases      ] GC(620)   Evacuate Collection Set: 115.21ms
[3047.267s][info][gc,phases      ] GC(620)   Post Evacuate Collection Set: 0.92ms
[3047.267s][info][gc,phases      ] GC(620)   Other: 0.10ms
[3047.267s][info][gc,heap        ] GC(620) Eden regions: 1119->0(1107)
[3047.267s][info][gc,heap        ] GC(620) Survivor regions: 109->111(154)
[3047.267s][info][gc,heap        ] GC(620) Old regions: 505->536
[3047.267s][info][gc,heap        ] GC(620) Humongous regions: 80->80
[3047.267s][info][gc,metaspace   ] GC(620) Metaspace: 28928K(29248K)->28928K(29248K) NonClass: 24050K(24192K)->24050K(24192K) Class: 4878K(5056K)->4878K(5056K)
[3047.267s][info][gc             ] GC(620) Pause Young (Prepare Mixed) (G1 Evacuation Pause) 3624M->1453M(4096M) 117.211ms
[3047.267s][info][gc,cpu         ] GC(620) User=0.70s Sys=0.00s Real=0.11s
...[3050.839s][info][gc,start       ] GC(621) Pause Young (Mixed) (G1 Evacuation Pause)
[3050.839s][info][gc,task        ] GC(621) Using 6 workers of 6 for evacuation
[3050.973s][info][gc,phases      ] GC(621)   Pre Evacuate Collection Set: 0.32ms
[3050.973s][info][gc,phases      ] GC(621)   Merge Heap Roots: 0.67ms
[3050.973s][info][gc,phases      ] GC(621)   Evacuate Collection Set: 132.34ms
[3050.973s][info][gc,phases      ] GC(621)   Post Evacuate Collection Set: 0.96ms
[3050.973s][info][gc,phases      ] GC(621)   Other: 0.09ms
[3050.973s][info][gc,heap        ] GC(621) Eden regions: 1107->0(1118)
[3050.973s][info][gc,heap        ] GC(621) Survivor regions: 111->110(153)
[3050.973s][info][gc,heap        ] GC(621) Old regions: 536->473
[3050.973s][info][gc,heap        ] GC(621) Humongous regions: 80->80
[3050.973s][info][gc,metaspace   ] GC(621) Metaspace: 28928K(29248K)->28928K(29248K) NonClass: 24050K(24192K)->24050K(24192K) Class: 4878K(5056K)->4878K(5056K)
[3050.973s][info][gc             ] GC(621) Pause Young (Mixed) (G1 Evacuation Pause) 3667M->1324M(4096M) 134.511ms
[3050.973s][info][gc,cpu         ] GC(621) User=0.80s Sys=0.00s Real=0.13s
....[3054.575s][info][gc,start       ] GC(622) Pause Young (Concurrent Start) (G1 Evacuation Pause)
[3054.575s][info][gc,task        ] GC(622) Using 6 workers of 6 for evacuation
[3054.697s][info][gc,phases      ] GC(622)   Pre Evacuate Collection Set: 0.36ms
[3054.697s][info][gc,phases      ] GC(622)   Merge Heap Roots: 0.44ms
[3054.697s][info][gc,phases      ] GC(622)   Evacuate Collection Set: 119.85ms
[3054.697s][info][gc,phases      ] GC(622)   Post Evacuate Collection Set: 0.88ms
[3054.697s][info][gc,phases      ] GC(622)   Other: 0.12ms
[3054.697s][info][gc,heap        ] GC(622) Eden regions: 1118->0(1113)
[3054.697s][info][gc,heap        ] GC(622) Survivor regions: 110->115(154)
[3054.697s][info][gc,heap        ] GC(622) Old regions: 473->505
[3054.697s][info][gc,heap        ] GC(622) Humongous regions: 80->80
[3054.697s][info][gc,metaspace   ] GC(622) Metaspace: 28928K(29248K)->28928K(29248K) NonClass: 24050K(24192K)->24050K(24192K) Class: 4878K(5056K)->4878K(5056K)
[3054.697s][info][gc             ] GC(622) Pause Young (Concurrent Start) (G1 Evacuation Pause) 3560M->1398M(4096M) 121.793ms
[3054.697s][info][gc             ] GC(623) Concurrent Mark Cycle
[3054.697s][info][gc,marking     ] GC(623) Concurrent Scan Root Regions
[3054.697s][info][gc,cpu         ] GC(622) User=0.72s Sys=0.00s Real=0.12s
[3054.884s][info][gc,marking     ] GC(623) Concurrent Scan Root Regions 187.826ms
[3054.885s][info][gc,marking     ] GC(623) Concurrent Mark
[3054.885s][info][gc,marking     ] GC(623) Concurrent Mark From Roots
[3054.885s][info][gc,task        ] GC(623) Using 2 workers of 2 for marking
.[3055.900s][info][gc,marking     ] GC(623) Concurrent Mark From Roots 1015.562ms
[3055.900s][info][gc,marking     ] GC(623) Concurrent Preclean
[3055.900s][info][gc,marking     ] GC(623) Concurrent Preclean 0.107ms
[3055.900s][info][gc,start       ] GC(623) Pause Remark
[3055.903s][info][gc             ] GC(623) Pause Remark 2234M->2234M(4096M) 3.102ms
[3055.904s][info][gc,cpu         ] GC(623) User=0.01s Sys=0.00s Real=0.00s
[3055.904s][info][gc,marking     ] GC(623) Concurrent Mark 1019.051ms
[3055.904s][info][gc,marking     ] GC(623) Concurrent Rebuild Remembered Sets and Scrub Regions
.[3056.259s][info][gc,marking     ] GC(623) Concurrent Rebuild Remembered Sets and Scrub Regions 355.054ms
[3056.259s][info][gc,start       ] GC(623) Pause Cleanup
[3056.259s][info][gc             ] GC(623) Pause Cleanup 2445M->2445M(4096M) 0.104ms
[3056.259s][info][gc,cpu         ] GC(623) User=0.00s Sys=0.00s Real=0.00s
[3056.259s][info][gc,marking     ] GC(623) Concurrent Clear Claimed Marks
[3056.259s][info][gc,marking     ] GC(623) Concurrent Clear Claimed Marks 0.026ms
[3056.259s][info][gc,marking     ] GC(623) Concurrent Cleanup for Next Mark
[3056.262s][info][gc,marking     ] GC(623) Concurrent Cleanup for Next Mark 3.292ms
[3056.262s][info][gc             ] GC(623) Concurrent Mark Cycle 1565.697ms
..[3058.171s][info][gc,start       ] GC(624) Pause Young (Prepare Mixed) (G1 Evacuation Pause)
[3058.171s][info][gc,task        ] GC(624) Using 6 workers of 6 for evacuation
[3058.286s][info][gc,phases      ] GC(624)   Pre Evacuate Collection Set: 0.31ms
[3058.286s][info][gc,phases      ] GC(624)   Merge Heap Roots: 0.52ms
[3058.286s][info][gc,phases      ] GC(624)   Evacuate Collection Set: 112.82ms
[3058.286s][info][gc,phases      ] GC(624)   Post Evacuate Collection Set: 0.96ms
[3058.286s][info][gc,phases      ] GC(624)   Other: 0.09ms
[3058.286s][info][gc,heap        ] GC(624) Eden regions: 1113->0(1112)
[3058.286s][info][gc,heap        ] GC(624) Survivor regions: 115->108(154)
[3058.286s][info][gc,heap        ] GC(624) Old regions: 505->537
[3058.286s][info][gc,heap        ] GC(624) Humongous regions: 80->80
[3058.286s][info][gc,metaspace   ] GC(624) Metaspace: 28928K(29248K)->28928K(29248K) NonClass: 24050K(24192K)->24050K(24192K) Class: 4878K(5056K)->4878K(5056K)
[3058.286s][info][gc             ] GC(624) Pause Young (Prepare Mixed) (G1 Evacuation Pause) 3624M->1448M(4096M) 114.847ms
[3058.286s][info][gc,cpu         ] GC(624) User=0.68s Sys=0.00s Real=0.11s
. (rIR:aIR:PR = 5120:5121:5121) (tPR = 76065) [OK] 
  3058s: Performance info:
         Transaction,    Success,    Partial,     Failed,   Receipts, AvgBarcode, 
             Overall,     308601,          0,          0,     293171,      59.47, 
         Response times:
             Request,    Success,    Partial,     Failed,   SkipFail,     Probes,    Samples,      min,      p50,      p90,      p95,      p99,      max, 
       TotalPurchase,     293176,          0,          0,          0,     286409,     322594,      300,     4000,     9100,    25000,    70000,   239000,
     InStorePurchase,     154279,          0,          0,          0,     151076,     169931,      300,     4200,     9300,    26000,    71000,   239000,
      OnlinePurchase,     108028,          0,          0,          0,     105415,     118781,      300,     4000,     9100,    25000,    70000,   212000,
        InstPurchase,      30869,          0,          0,          0,      29918,      33882,      400,     3600,     8500,    22000,    67000,   212000,
          AssocOfCat,        311,          0,          0,          0,        239,        338,    21000,    32000,    67000,    80000,   158930,   214000,
      AssocOfProduct,       3077,          0,          0,          0,       2932,       3548,      500,     5200,    11300,    30000,    81020,   173000,
      BusinessReport,        773,          0,          0,          0,        640,        809,    23000,    36000,    66000,   102500,   173900,   277000,
          CustBuyBeh,       3097,          0,          0,          0,       2903,       3388,      200,     4100,     9000,    24000,    71110,   150000,
       ProductReturn,       8170,          0,          0,          0,       7843,       9110,      200,     4800,    10000,    27000,    83000,   154000,

  3058s: (38%)   IR =   5258 ..[3061.842s][info][gc,start       ] GC(625) Pause Young (Mixed) (G1 Evacuation Pause)
[3061.842s][info][gc,task        ] GC(625) Using 6 workers of 6 for evacuation
[3061.981s][info][gc,phases      ] GC(625)   Pre Evacuate Collection Set: 0.36ms
[3061.981s][info][gc,phases      ] GC(625)   Merge Heap Roots: 0.77ms
[3061.981s][info][gc,phases      ] GC(625)   Evacuate Collection Set: 136.57ms
[3061.981s][info][gc,phases      ] GC(625)   Post Evacuate Collection Set: 0.94ms
[3061.981s][info][gc,phases      ] GC(625)   Other: 0.09ms
[3061.981s][info][gc,heap        ] GC(625) Eden regions: 1112->0(1118)
[3061.981s][info][gc,heap        ] GC(625) Survivor regions: 108->110(153)
[3061.981s][info][gc,heap        ] GC(625) Old regions: 537->473
[3061.981s][info][gc,heap        ] GC(625) Humongous regions: 80->80
[3061.981s][info][gc,metaspace   ] GC(625) Metaspace: 28928K(29248K)->28928K(29248K) NonClass: 24050K(24192K)->24050K(24192K) Class: 4878K(5056K)->4878K(5056K)
[3061.981s][info][gc             ] GC(625) Pause Young (Mixed) (G1 Evacuation Pause) 3672M->1324M(4096M) 138.868ms
[3061.981s][info][gc,cpu         ] GC(625) User=0.82s Sys=0.00s Real=0.14s
....|[3065.404s][info][gc,start       ] GC(626) Pause Young (Concurrent Start) (G1 Evacuation Pause)
[3065.404s][info][gc,task        ] GC(626) Using 6 workers of 6 for evacuation
[3065.522s][info][gc,phases      ] GC(626)   Pre Evacuate Collection Set: 0.37ms
[3065.522s][info][gc,phases      ] GC(626)   Merge Heap Roots: 0.45ms
[3065.522s][info][gc,phases      ] GC(626)   Evacuate Collection Set: 116.23ms
[3065.522s][info][gc,phases      ] GC(626)   Post Evacuate Collection Set: 0.87ms
[3065.522s][info][gc,phases      ] GC(626)   Other: 0.13ms
[3065.522s][info][gc,heap        ] GC(626) Eden regions: 1118->0(1117)
[3065.522s][info][gc,heap        ] GC(626) Survivor regions: 110->111(154)
[3065.522s][info][gc,heap        ] GC(626) Old regions: 473->504
[3065.522s][info][gc,heap        ] GC(626) Humongous regions: 80->80
[3065.522s][info][gc,metaspace   ] GC(626) Metaspace: 28928K(29248K)->28928K(29248K) NonClass: 24050K(24192K)->24050K(24192K) Class: 4878K(5056K)->4878K(5056K)
[3065.522s][info][gc             ] GC(626) Pause Young (Concurrent Start) (G1 Evacuation Pause) 3560M->1387M(4096M) 118.189ms
[3065.522s][info][gc             ] GC(627) Concurrent Mark Cycle
[3065.522s][info][gc,marking     ] GC(627) Concurrent Scan Root Regions
[3065.522s][info][gc,cpu         ] GC(626) User=0.70s Sys=0.00s Real=0.12s
[3065.707s][info][gc,marking     ] GC(627) Concurrent Scan Root Regions 184.955ms
[3065.707s][info][gc,marking     ] GC(627) Concurrent Mark
[3065.707s][info][gc,marking     ] GC(627) Concurrent Mark From Roots
[3065.707s][info][gc,task        ] GC(627) Using 2 workers of 2 for marking
.[3066.724s][info][gc,marking     ] GC(627) Concurrent Mark From Roots 1017.203ms
[3066.725s][info][gc,marking     ] GC(627) Concurrent Preclean
[3066.725s][info][gc,marking     ] GC(627) Concurrent Preclean 0.143ms
[3066.726s][info][gc,start       ] GC(627) Pause Remark
[3066.729s][info][gc             ] GC(627) Pause Remark 2223M->2223M(4096M) 2.782ms
[3066.729s][info][gc,cpu         ] GC(627) User=0.02s Sys=0.00s Real=0.01s
[3066.729s][info][gc,marking     ] GC(627) Concurrent Mark 1021.645ms
[3066.729s][info][gc,marking     ] GC(627) Concurrent Rebuild Remembered Sets and Scrub Regions
.[3067.082s][info][gc,marking     ] GC(627) Concurrent Rebuild Remembered Sets and Scrub Regions 353.079ms
[3067.082s][info][gc,start       ] GC(627) Pause Cleanup
[3067.082s][info][gc             ] GC(627) Pause Cleanup 2441M->2441M(4096M) 0.105ms
[3067.082s][info][gc,cpu         ] GC(627) User=0.00s Sys=0.00s Real=0.00s
[3067.082s][info][gc,marking     ] GC(627) Concurrent Clear Claimed Marks
[3067.082s][info][gc,marking     ] GC(627) Concurrent Clear Claimed Marks 0.026ms
[3067.082s][info][gc,marking     ] GC(627) Concurrent Cleanup for Next Mark
[3067.087s][info][gc,marking     ] GC(627) Concurrent Cleanup for Next Mark 4.666ms
[3067.087s][info][gc             ] GC(627) Concurrent Mark Cycle 1564.816ms
.[3068.991s][info][gc,start       ] GC(628) Pause Young (Prepare Mixed) (G1 Evacuation Pause)
[3068.991s][info][gc,task        ] GC(628) Using 6 workers of 6 for evacuation
[3069.113s][info][gc,phases      ] GC(628)   Pre Evacuate Collection Set: 0.31ms
[3069.113s][info][gc,phases      ] GC(628)   Merge Heap Roots: 0.51ms
[3069.113s][info][gc,phases      ] GC(628)   Evacuate Collection Set: 119.82ms
[3069.113s][info][gc,phases      ] GC(628)   Post Evacuate Collection Set: 0.91ms
[3069.113s][info][gc,phases      ] GC(628)   Other: 0.09ms
[3069.113s][info][gc,heap        ] GC(628) Eden regions: 1117->0(1107)
[3069.113s][info][gc,heap        ] GC(628) Survivor regions: 111->111(154)
[3069.113s][info][gc,heap        ] GC(628) Old regions: 504->536
[3069.113s][info][gc,heap        ] GC(628) Humongous regions: 80->80
[3069.113s][info][gc,metaspace   ] GC(628) Metaspace: 28928K(29248K)->28928K(29248K) NonClass: 24050K(24192K)->24050K(24192K) Class: 4878K(5056K)->4878K(5056K)
[3069.113s][info][gc             ] GC(628) Pause Young (Prepare Mixed) (G1 Evacuation Pause) 3621M->1453M(4096M) 121.765ms
[3069.113s][info][gc,cpu         ] GC(628) User=0.73s Sys=0.00s Real=0.12s
....[3072.572s][info][gc,start       ] GC(629) Pause Young (Mixed) (G1 Evacuation Pause)
[3072.572s][info][gc,task        ] GC(629) Using 6 workers of 6 for evacuation
[3072.704s][info][gc,phases      ] GC(629)   Pre Evacuate Collection Set: 0.36ms
[3072.704s][info][gc,phases      ] GC(629)   Merge Heap Roots: 0.62ms
[3072.704s][info][gc,phases      ] GC(629)   Evacuate Collection Set: 130.25ms
[3072.704s][info][gc,phases      ] GC(629)   Post Evacuate Collection Set: 0.93ms
[3072.704s][info][gc,phases      ] GC(629)   Other: 0.09ms
[3072.704s][info][gc,heap        ] GC(629) Eden regions: 1107->0(1118)
[3072.704s][info][gc,heap        ] GC(629) Survivor regions: 111->110(153)
[3072.704s][info][gc,heap        ] GC(629) Old regions: 536->472
[3072.704s][info][gc,heap        ] GC(629) Humongous regions: 80->80
[3072.704s][info][gc,metaspace   ] GC(629) Metaspace: 28928K(29248K)->28928K(29248K) NonClass: 24050K(24192K)->24050K(24192K) Class: 4878K(5056K)->4878K(5056K)
[3072.704s][info][gc             ] GC(629) Pause Young (Mixed) (G1 Evacuation Pause) 3667M->1322M(4096M) 132.369ms
[3072.704s][info][gc,cpu         ] GC(629) User=0.78s Sys=0.00s Real=0.13s
....[3076.173s][info][gc,start       ] GC(630) Pause Young (Concurrent Start) (G1 Evacuation Pause)
[3076.173s][info][gc,task        ] GC(630) Using 6 workers of 6 for evacuation
[3076.289s][info][gc,phases      ] GC(630)   Pre Evacuate Collection Set: 0.37ms
[3076.289s][info][gc,phases      ] GC(630)   Merge Heap Roots: 0.46ms
[3076.289s][info][gc,phases      ] GC(630)   Evacuate Collection Set: 113.94ms
[3076.289s][info][gc,phases      ] GC(630)   Post Evacuate Collection Set: 0.87ms
[3076.289s][info][gc,phases      ] GC(630)   Other: 0.10ms
[3076.289s][info][gc,heap        ] GC(630) Eden regions: 1118->0(1119)
[3076.289s][info][gc,heap        ] GC(630) Survivor regions: 110->109(154)
[3076.289s][info][gc,heap        ] GC(630) Old regions: 472->504
[3076.289s][info][gc,heap        ] GC(630) Humongous regions: 80->80
[3076.289s][info][gc,metaspace   ] GC(630) Metaspace: 28930K(29248K)->28930K(29248K) NonClass: 24051K(24192K)->24051K(24192K) Class: 4878K(5056K)->4878K(5056K)
[3076.289s][info][gc             ] GC(630) Pause Young (Concurrent Start) (G1 Evacuation Pause) 3558M->1383M(4096M) 115.904ms
[3076.289s][info][gc             ] GC(631) Concurrent Mark Cycle
[3076.289s][info][gc,marking     ] GC(631) Concurrent Scan Root Regions
[3076.289s][info][gc,cpu         ] GC(630) User=0.69s Sys=0.00s Real=0.12s
[3076.432s][info][gc,marking     ] GC(631) Concurrent Scan Root Regions 142.847ms
[3076.432s][info][gc,marking     ] GC(631) Concurrent Mark
[3076.432s][info][gc,marking     ] GC(631) Concurrent Mark From Roots
[3076.432s][info][gc,task        ] GC(631) Using 2 workers of 2 for marking
[3076.980s][info][gc,marking     ] GC(631) Concurrent Mark From Roots 547.757ms
[3076.980s][info][gc,marking     ] GC(631) Concurrent Preclean
[3076.980s][info][gc,marking     ] GC(631) Concurrent Preclean 0.093ms
[3076.980s][info][gc,start       ] GC(631) Pause Remark
[3076.982s][info][gc             ] GC(631) Pause Remark 1861M->1861M(4096M) 2.431ms
[3076.982s][info][gc,cpu         ] GC(631) User=0.01s Sys=0.00s Real=0.00s
[3076.982s][info][gc,marking     ] GC(631) Concurrent Mark 550.528ms
[3076.982s][info][gc,marking     ] GC(631) Concurrent Rebuild Remembered Sets and Scrub Regions
.[3077.188s][info][gc,marking     ] GC(631) Concurrent Rebuild Remembered Sets and Scrub Regions 205.724ms
[3077.189s][info][gc,start       ] GC(631) Pause Cleanup
[3077.189s][info][gc             ] GC(631) Pause Cleanup 1972M->1972M(4096M) 0.111ms
[3077.189s][info][gc,cpu         ] GC(631) User=0.00s Sys=0.00s Real=0.00s
[3077.189s][info][gc,marking     ] GC(631) Concurrent Clear Claimed Marks
[3077.189s][info][gc,marking     ] GC(631) Concurrent Clear Claimed Marks 0.040ms
[3077.189s][info][gc,marking     ] GC(631) Concurrent Cleanup for Next Mark
[3077.204s][info][gc,marking     ] GC(631) Concurrent Cleanup for Next Mark 15.346ms
[3077.204s][info][gc             ] GC(631) Concurrent Mark Cycle 915.421ms
..[3079.765s][info][gc,start       ] GC(632) Pause Young (Prepare Mixed) (G1 Evacuation Pause)
[3079.765s][info][gc,task        ] GC(632) Using 6 workers of 6 for evacuation
[3079.881s][info][gc,phases      ] GC(632)   Pre Evacuate Collection Set: 0.35ms
[3079.881s][info][gc,phases      ] GC(632)   Merge Heap Roots: 0.49ms
[3079.881s][info][gc,phases      ] GC(632)   Evacuate Collection Set: 114.17ms
[3079.881s][info][gc,phases      ] GC(632)   Post Evacuate Collection Set: 0.94ms
[3079.881s][info][gc,phases      ] GC(632)   Other: 0.08ms
[3079.881s][info][gc,heap        ] GC(632) Eden regions: 1119->0(1109)
[3079.881s][info][gc,heap        ] GC(632) Survivor regions: 109->110(154)
[3079.881s][info][gc,heap        ] GC(632) Old regions: 504->536
[3079.881s][info][gc,heap        ] GC(632) Humongous regions: 80->80
[3079.881s][info][gc,metaspace   ] GC(632) Metaspace: 28930K(29248K)->28930K(29248K) NonClass: 24051K(24192K)->24051K(24192K) Class: 4878K(5056K)->4878K(5056K)
[3079.881s][info][gc             ] GC(632) Pause Young (Prepare Mixed) (G1 Evacuation Pause) 3621M->1449M(4096M) 116.156ms
[3079.881s][info][gc,cpu         ] GC(632) User=0.69s Sys=0.00s Real=0.12s
....[3083.376s][info][gc,start       ] GC(633) Pause Young (Mixed) (G1 Evacuation Pause)
[3083.376s][info][gc,task        ] GC(633) Using 6 workers of 6 for evacuation
[3083.511s][info][gc,phases      ] GC(633)   Pre Evacuate Collection Set: 0.41ms
[3083.511s][info][gc,phases      ] GC(633)   Merge Heap Roots: 0.78ms
[3083.511s][info][gc,phases      ] GC(633)   Evacuate Collection Set: 132.72ms
[3083.511s][info][gc,phases      ] GC(633)   Post Evacuate Collection Set: 0.87ms
[3083.511s][info][gc,phases      ] GC(633)   Other: 0.10ms
[3083.511s][info][gc,heap        ] GC(633) Eden regions: 1109->0(1118)
[3083.511s][info][gc,heap        ] GC(633) Survivor regions: 110->110(153)
[3083.511s][info][gc,heap        ] GC(633) Old regions: 536->473
[3083.511s][info][gc,heap        ] GC(633) Humongous regions: 80->80
[3083.511s][info][gc,metaspace   ] GC(633) Metaspace: 28930K(29248K)->28930K(29248K) NonClass: 24051K(24192K)->24051K(24192K) Class: 4878K(5056K)->4878K(5056K)
[3083.511s][info][gc             ] GC(633) Pause Young (Mixed) (G1 Evacuation Pause) 3667M->1325M(4096M) 135.045ms
[3083.511s][info][gc,cpu         ] GC(633) User=0.80s Sys=0.00s Real=0.14s
...[3086.934s][info][gc,start       ] GC(634) Pause Young (Concurrent Start) (G1 Evacuation Pause)
[3086.934s][info][gc,task        ] GC(634) Using 6 workers of 6 for evacuation
[3087.052s][info][gc,phases      ] GC(634)   Pre Evacuate Collection Set: 0.35ms
[3087.052s][info][gc,phases      ] GC(634)   Merge Heap Roots: 0.47ms
[3087.052s][info][gc,phases      ] GC(634)   Evacuate Collection Set: 116.17ms
[3087.052s][info][gc,phases      ] GC(634)   Post Evacuate Collection Set: 0.89ms
[3087.052s][info][gc,phases      ] GC(634)   Other: 0.10ms
[3087.052s][info][gc,heap        ] GC(634) Eden regions: 1118->0(1118)
[3087.052s][info][gc,heap        ] GC(634) Survivor regions: 110->110(154)
[3087.052s][info][gc,heap        ] GC(634) Old regions: 473->506
[3087.052s][info][gc,heap        ] GC(634) Humongous regions: 80->80
[3087.052s][info][gc,metaspace   ] GC(634) Metaspace: 28930K(29248K)->28930K(29248K) NonClass: 24051K(24192K)->24051K(24192K) Class: 4878K(5056K)->4878K(5056K)
[3087.052s][info][gc             ] GC(634) Pause Young (Concurrent Start) (G1 Evacuation Pause) 3561M->1390M(4096M) 118.102ms
[3087.052s][info][gc             ] GC(635) Concurrent Mark Cycle
[3087.052s][info][gc,marking     ] GC(635) Concurrent Scan Root Regions
[3087.052s][info][gc,cpu         ] GC(634) User=0.70s Sys=0.00s Real=0.12s
.[3087.248s][info][gc,marking     ] GC(635) Concurrent Scan Root Regions 195.709ms
[3087.248s][info][gc,marking     ] GC(635) Concurrent Mark
[3087.248s][info][gc,marking     ] GC(635) Concurrent Mark From Roots
[3087.248s][info][gc,task        ] GC(635) Using 2 workers of 2 for marking
[3088.031s][info][gc,marking     ] GC(635) Concurrent Mark From Roots 783.063ms
[3088.031s][info][gc,marking     ] GC(635) Concurrent Preclean
[3088.031s][info][gc,marking     ] GC(635) Concurrent Preclean 0.071ms
[3088.031s][info][gc,start       ] GC(635) Pause Remark
[3088.033s][info][gc             ] GC(635) Pause Remark 2077M->2077M(4096M) 2.408ms
[3088.033s][info][gc,cpu         ] GC(635) User=0.01s Sys=0.00s Real=0.00s
[3088.033s][info][gc,marking     ] GC(635) Concurrent Mark 785.785ms
[3088.033s][info][gc,marking     ] GC(635) Concurrent Rebuild Remembered Sets and Scrub Regions
.[3088.316s][info][gc,marking     ] GC(635) Concurrent Rebuild Remembered Sets and Scrub Regions 283.089ms
[3088.317s][info][gc,start       ] GC(635) Pause Cleanup
[3088.317s][info][gc             ] GC(635) Pause Cleanup 2264M->2264M(4096M) 0.109ms
[3088.317s][info][gc,cpu         ] GC(635) User=0.00s Sys=0.00s Real=0.00s
[3088.317s][info][gc,marking     ] GC(635) Concurrent Clear Claimed Marks
[3088.317s][info][gc,marking     ] GC(635) Concurrent Clear Claimed Marks 0.021ms
[3088.317s][info][gc,marking     ] GC(635) Concurrent Cleanup for Next Mark
[3088.320s][info][gc,marking     ] GC(635) Concurrent Cleanup for Next Mark 3.157ms
[3088.320s][info][gc             ] GC(635) Concurrent Mark Cycle 1268.168ms
..[3090.532s][info][gc,start       ] GC(636) Pause Young (Prepare Mixed) (G1 Evacuation Pause)
[3090.532s][info][gc,task        ] GC(636) Using 6 workers of 6 for evacuation
[3090.648s][info][gc,phases      ] GC(636)   Pre Evacuate Collection Set: 0.34ms
[3090.648s][info][gc,phases      ] GC(636)   Merge Heap Roots: 0.52ms
[3090.648s][info][gc,phases      ] GC(636)   Evacuate Collection Set: 113.41ms
[3090.648s][info][gc,phases      ] GC(636)   Post Evacuate Collection Set: 0.91ms
[3090.648s][info][gc,phases      ] GC(636)   Other: 0.09ms
[3090.648s][info][gc,heap        ] GC(636) Eden regions: 1118->0(1108)
[3090.648s][info][gc,heap        ] GC(636) Survivor regions: 110->110(154)
[3090.648s][info][gc,heap        ] GC(636) Old regions: 506->537
[3090.648s][info][gc,heap        ] GC(636) Humongous regions: 80->80
[3090.648s][info][gc,metaspace   ] GC(636) Metaspace: 28930K(29248K)->28930K(29248K) NonClass: 24051K(24192K)->24051K(24192K) Class: 4878K(5056K)->4878K(5056K)
[3090.648s][info][gc             ] GC(636) Pause Young (Prepare Mixed) (G1 Evacuation Pause) 3626M->1452M(4096M) 115.406ms
[3090.648s][info][gc,cpu         ] GC(636) User=0.68s Sys=0.00s Real=0.12s
...[3094.103s][info][gc,start       ] GC(637) Pause Young (Mixed) (G1 Evacuation Pause)
[3094.103s][info][gc,task        ] GC(637) Using 6 workers of 6 for evacuation
[3094.236s][info][gc,phases      ] GC(637)   Pre Evacuate Collection Set: 0.38ms
[3094.236s][info][gc,phases      ] GC(637)   Merge Heap Roots: 0.67ms
[3094.236s][info][gc,phases      ] GC(637)   Evacuate Collection Set: 131.01ms
[3094.236s][info][gc,phases      ] GC(637)   Post Evacuate Collection Set: 0.95ms
[3094.236s][info][gc,phases      ] GC(637)   Other: 0.09ms
[3094.236s][info][gc,heap        ] GC(637) Eden regions: 1108->0(1120)
[3094.236s][info][gc,heap        ] GC(637) Survivor regions: 110->108(153)
[3094.236s][info][gc,heap        ] GC(637) Old regions: 537->473
[3094.236s][info][gc,heap        ] GC(637) Humongous regions: 80->80
[3094.236s][info][gc,metaspace   ] GC(637) Metaspace: 28930K(29248K)->28930K(29248K) NonClass: 24051K(24192K)->24051K(24192K) Class: 4878K(5056K)->4878K(5056K)
[3094.236s][info][gc             ] GC(637) Pause Young (Mixed) (G1 Evacuation Pause) 3668M->1320M(4096M) 133.260ms
[3094.236s][info][gc,cpu         ] GC(637) User=0.79s Sys=0.00s Real=0.13s
....[3097.735s][info][gc,start       ] GC(638) Pause Young (Concurrent Start) (G1 Evacuation Pause)
[3097.735s][info][gc,task        ] GC(638) Using 6 workers of 6 for evacuation
[3097.850s][info][gc,phases      ] GC(638)   Pre Evacuate Collection Set: 0.40ms
[3097.850s][info][gc,phases      ] GC(638)   Merge Heap Roots: 0.46ms
[3097.850s][info][gc,phases      ] GC(638)   Evacuate Collection Set: 113.20ms
[3097.850s][info][gc,phases      ] GC(638)   Post Evacuate Collection Set: 0.86ms
[3097.850s][info][gc,phases      ] GC(638)   Other: 0.12ms
[3097.850s][info][gc,heap        ] GC(638) Eden regions: 1120->0(1120)
[3097.850s][info][gc,heap        ] GC(638) Survivor regions: 108->108(154)
[3097.850s][info][gc,heap        ] GC(638) Old regions: 473->505
[3097.850s][info][gc,heap        ] GC(638) Humongous regions: 80->80
[3097.850s][info][gc,metaspace   ] GC(638) Metaspace: 28930K(29248K)->28930K(29248K) NonClass: 24051K(24192K)->24051K(24192K) Class: 4878K(5056K)->4878K(5056K)
[3097.850s][info][gc             ] GC(638) Pause Young (Concurrent Start) (G1 Evacuation Pause) 3560M->1384M(4096M) 115.173ms
[3097.850s][info][gc             ] GC(639) Concurrent Mark Cycle
[3097.850s][info][gc,marking     ] GC(639) Concurrent Scan Root Regions
[3097.850s][info][gc,cpu         ] GC(638) User=0.68s Sys=0.00s Real=0.12s
[3098.042s][info][gc,marking     ] GC(639) Concurrent Scan Root Regions 191.904ms
[3098.042s][info][gc,marking     ] GC(639) Concurrent Mark
[3098.042s][info][gc,marking     ] GC(639) Concurrent Mark From Roots
[3098.042s][info][gc,task        ] GC(639) Using 2 workers of 2 for marking
.[3098.879s][info][gc,marking     ] GC(639) Concurrent Mark From Roots 837.053ms
[3098.879s][info][gc,marking     ] GC(639) Concurrent Preclean
[3098.879s][info][gc,marking     ] GC(639) Concurrent Preclean 0.089ms
[3098.879s][info][gc,start       ] GC(639) Pause Remark
[3098.883s][info][gc             ] GC(639) Pause Remark 2139M->2139M(4096M) 3.439ms
[3098.883s][info][gc,cpu         ] GC(639) User=0.02s Sys=0.00s Real=0.00s
[3098.883s][info][gc,marking     ] GC(639) Concurrent Mark 840.813ms
[3098.883s][info][gc,marking     ] GC(639) Concurrent Rebuild Remembered Sets and Scrub Regions
[3099.121s][info][gc,marking     ] GC(639) Concurrent Rebuild Remembered Sets and Scrub Regions 238.648ms
[3099.121s][info][gc,start       ] GC(639) Pause Cleanup
[3099.122s][info][gc             ] GC(639) Pause Cleanup 2279M->2279M(4096M) 0.123ms
[3099.122s][info][gc,cpu         ] GC(639) User=0.00s Sys=0.00s Real=0.00s
[3099.122s][info][gc,marking     ] GC(639) Concurrent Clear Claimed Marks
[3099.122s][info][gc,marking     ] GC(639) Concurrent Clear Claimed Marks 0.030ms
[3099.122s][info][gc,marking     ] GC(639) Concurrent Cleanup for Next Mark
[3099.125s][info][gc,marking     ] GC(639) Concurrent Cleanup for Next Mark 3.225ms
[3099.125s][info][gc             ] GC(639) Concurrent Mark Cycle 1275.135ms
...[3101.302s][info][gc,start       ] GC(640) Pause Young (Prepare Mixed) (G1 Evacuation Pause)
[3101.302s][info][gc,task        ] GC(640) Using 6 workers of 6 for evacuation
[3101.420s][info][gc,phases      ] GC(640)   Pre Evacuate Collection Set: 0.32ms
[3101.420s][info][gc,phases      ] GC(640)   Merge Heap Roots: 0.49ms
[3101.420s][info][gc,phases      ] GC(640)   Evacuate Collection Set: 115.75ms
[3101.420s][info][gc,phases      ] GC(640)   Post Evacuate Collection Set: 0.91ms
[3101.420s][info][gc,phases      ] GC(640)   Other: 0.09ms
[3101.420s][info][gc,heap        ] GC(640) Eden regions: 1120->0(1109)
[3101.420s][info][gc,heap        ] GC(640) Survivor regions: 108->110(154)
[3101.420s][info][gc,heap        ] GC(640) Old regions: 505->536
[3101.420s][info][gc,heap        ] GC(640) Humongous regions: 80->80
[3101.420s][info][gc,metaspace   ] GC(640) Metaspace: 28930K(29248K)->28930K(29248K) NonClass: 24051K(24192K)->24051K(24192K) Class: 4878K(5056K)->4878K(5056K)
[3101.420s][info][gc             ] GC(640) Pause Young (Prepare Mixed) (G1 Evacuation Pause) 3624M->1451M(4096M) 117.687ms
[3101.420s][info][gc,cpu         ] GC(640) User=0.70s Sys=0.00s Real=0.12s
...[3104.896s][info][gc,start       ] GC(641) Pause Young (Mixed) (G1 Evacuation Pause)
[3104.896s][info][gc,task        ] GC(641) Using 6 workers of 6 for evacuation
[3105.032s][info][gc,phases      ] GC(641)   Pre Evacuate Collection Set: 0.39ms
[3105.032s][info][gc,phases      ] GC(641)   Merge Heap Roots: 0.67ms
[3105.032s][info][gc,phases      ] GC(641)   Evacuate Collection Set: 134.05ms
[3105.032s][info][gc,phases      ] GC(641)   Post Evacuate Collection Set: 0.95ms
[3105.032s][info][gc,phases      ] GC(641)   Other: 0.09ms
[3105.032s][info][gc,heap        ] GC(641) Eden regions: 1109->0(1115)
[3105.032s][info][gc,heap        ] GC(641) Survivor regions: 110->113(153)
[3105.032s][info][gc,heap        ] GC(641) Old regions: 536->473
[3105.032s][info][gc,heap        ] GC(641) Humongous regions: 80->80
[3105.032s][info][gc,metaspace   ] GC(641) Metaspace: 28930K(29248K)->28930K(29248K) NonClass: 24051K(24192K)->24051K(24192K) Class: 4878K(5056K)->4878K(5056K)
[3105.032s][info][gc             ] GC(641) Pause Young (Mixed) (G1 Evacuation Pause) 3669M->1329M(4096M) 136.294ms
[3105.032s][info][gc,cpu         ] GC(641) User=0.82s Sys=0.00s Real=0.14s
....[3108.483s][info][gc,start       ] GC(642) Pause Young (Concurrent Start) (G1 Evacuation Pause)
[3108.483s][info][gc,task        ] GC(642) Using 6 workers of 6 for evacuation
[3108.599s][info][gc,phases      ] GC(642)   Pre Evacuate Collection Set: 0.41ms
[3108.599s][info][gc,phases      ] GC(642)   Merge Heap Roots: 0.46ms
[3108.599s][info][gc,phases      ] GC(642)   Evacuate Collection Set: 114.39ms
[3108.599s][info][gc,phases      ] GC(642)   Post Evacuate Collection Set: 0.87ms
[3108.599s][info][gc,phases      ] GC(642)   Other: 0.12ms
[3108.599s][info][gc,heap        ] GC(642) Eden regions: 1115->0(1118)
[3108.599s][info][gc,heap        ] GC(642) Survivor regions: 113->110(154)
[3108.599s][info][gc,heap        ] GC(642) Old regions: 473->505
[3108.599s][info][gc,heap        ] GC(642) Humongous regions: 80->80
[3108.599s][info][gc,metaspace   ] GC(642) Metaspace: 28930K(29248K)->28930K(29248K) NonClass: 24051K(24192K)->24051K(24192K) Class: 4878K(5056K)->4878K(5056K)
[3108.599s][info][gc             ] GC(642) Pause Young (Concurrent Start) (G1 Evacuation Pause) 3559M->1387M(4096M) 116.377ms
[3108.599s][info][gc             ] GC(643) Concurrent Mark Cycle
[3108.599s][info][gc,marking     ] GC(643) Concurrent Scan Root Regions
[3108.599s][info][gc,cpu         ] GC(642) User=0.69s Sys=0.00s Real=0.12s
[3108.741s][info][gc,marking     ] GC(643) Concurrent Scan Root Regions 141.488ms
[3108.741s][info][gc,marking     ] GC(643) Concurrent Mark
[3108.741s][info][gc,marking     ] GC(643) Concurrent Mark From Roots
[3108.741s][info][gc,task        ] GC(643) Using 2 workers of 2 for marking
.[3109.429s][info][gc,marking     ] GC(643) Concurrent Mark From Roots 688.899ms
[3109.430s][info][gc,marking     ] GC(643) Concurrent Preclean
[3109.430s][info][gc,marking     ] GC(643) Concurrent Preclean 0.113ms
[3109.432s][info][gc,start       ] GC(643) Pause Remark
[3109.437s][info][gc             ] GC(643) Pause Remark 1977M->1977M(4096M) 4.615ms
[3109.437s][info][gc,cpu         ] GC(643) User=0.02s Sys=0.00s Real=0.00s
[3109.437s][info][gc,marking     ] GC(643) Concurrent Mark 696.173ms
[3109.437s][info][gc,marking     ] GC(643) Concurrent Rebuild Remembered Sets and Scrub Regions
[3109.713s][info][gc,marking     ] GC(643) Concurrent Rebuild Remembered Sets and Scrub Regions 276.656ms
[3109.714s][info][gc,start       ] GC(643) Pause Cleanup
[3109.714s][info][gc             ] GC(643) Pause Cleanup 2178M->2178M(4096M) 0.115ms
[3109.714s][info][gc,cpu         ] GC(643) User=0.00s Sys=0.00s Real=0.00s
[3109.715s][info][gc,marking     ] GC(643) Concurrent Clear Claimed Marks
[3109.715s][info][gc,marking     ] GC(643) Concurrent Clear Claimed Marks 0.035ms
[3109.715s][info][gc,marking     ] GC(643) Concurrent Cleanup for Next Mark
[3109.722s][info][gc,marking     ] GC(643) Concurrent Cleanup for Next Mark 6.869ms
[3109.722s][info][gc             ] GC(643) Concurrent Mark Cycle 1122.563ms
..[3112.021s][info][gc,start       ] GC(644) Pause Young (Prepare Mixed) (G1 Evacuation Pause)
[3112.021s][info][gc,task        ] GC(644) Using 6 workers of 6 for evacuation
[3112.137s][info][gc,phases      ] GC(644)   Pre Evacuate Collection Set: 0.36ms
[3112.137s][info][gc,phases      ] GC(644)   Merge Heap Roots: 0.50ms
[3112.137s][info][gc,phases      ] GC(644)   Evacuate Collection Set: 114.55ms
[3112.137s][info][gc,phases      ] GC(644)   Post Evacuate Collection Set: 0.92ms
[3112.137s][info][gc,phases      ] GC(644)   Other: 0.08ms
[3112.137s][info][gc,heap        ] GC(644) Eden regions: 1118->0(1112)
[3112.138s][info][gc,heap        ] GC(644) Survivor regions: 110->108(154)
[3112.138s][info][gc,heap        ] GC(644) Old regions: 505->537
[3112.138s][info][gc,heap        ] GC(644) Humongous regions: 80->80
[3112.138s][info][gc,metaspace   ] GC(644) Metaspace: 28873K(29248K)->28873K(29248K) NonClass: 24004K(24192K)->24004K(24192K) Class: 4868K(5056K)->4868K(5056K)
[3112.138s][info][gc             ] GC(644) Pause Young (Prepare Mixed) (G1 Evacuation Pause) 3623M->1448M(4096M) 116.554ms
[3112.138s][info][gc,cpu         ] GC(644) User=0.69s Sys=0.00s Real=0.12s
....[3115.672s][info][gc,start       ] GC(645) Pause Young (Mixed) (G1 Evacuation Pause)
[3115.672s][info][gc,task        ] GC(645) Using 6 workers of 6 for evacuation
[3115.806s][info][gc,phases      ] GC(645)   Pre Evacuate Collection Set: 0.34ms
[3115.806s][info][gc,phases      ] GC(645)   Merge Heap Roots: 0.70ms
[3115.806s][info][gc,phases      ] GC(645)   Evacuate Collection Set: 132.01ms
[3115.806s][info][gc,phases      ] GC(645)   Post Evacuate Collection Set: 0.91ms
[3115.806s][info][gc,phases      ] GC(645)   Other: 0.09ms
[3115.806s][info][gc,heap        ] GC(645) Eden regions: 1112->0(1118)
[3115.806s][info][gc,heap        ] GC(645) Survivor regions: 108->110(153)
[3115.806s][info][gc,heap        ] GC(645) Old regions: 537->473
[3115.806s][info][gc,heap        ] GC(645) Humongous regions: 80->80
[3115.806s][info][gc,metaspace   ] GC(645) Metaspace: 28873K(29248K)->28873K(29248K) NonClass: 24004K(24192K)->24004K(24192K) Class: 4868K(5056K)->4868K(5056K)
[3115.807s][info][gc             ] GC(645) Pause Young (Mixed) (G1 Evacuation Pause) 3672M->1324M(4096M) 134.151ms
[3115.807s][info][gc,cpu         ] GC(645) User=0.80s Sys=0.00s Real=0.13s
...[3119.177s][info][gc,start       ] GC(646) Pause Young (Concurrent Start) (G1 Evacuation Pause)
[3119.177s][info][gc,task        ] GC(646) Using 6 workers of 6 for evacuation
[3119.295s][info][gc,phases      ] GC(646)   Pre Evacuate Collection Set: 0.36ms
[3119.295s][info][gc,phases      ] GC(646)   Merge Heap Roots: 0.46ms
[3119.295s][info][gc,phases      ] GC(646)   Evacuate Collection Set: 115.99ms
[3119.295s][info][gc,phases      ] GC(646)   Post Evacuate Collection Set: 0.90ms
[3119.295s][info][gc,phases      ] GC(646)   Other: 0.10ms
[3119.295s][info][gc,heap        ] GC(646) Eden regions: 1118->0(1118)
[3119.295s][info][gc,heap        ] GC(646) Survivor regions: 110->110(154)
[3119.295s][info][gc,heap        ] GC(646) Old regions: 473->505
[3119.295s][info][gc,heap        ] GC(646) Humongous regions: 80->80
[3119.295s][info][gc,metaspace   ] GC(646) Metaspace: 28873K(29248K)->28873K(29248K) NonClass: 24004K(24192K)->24004K(24192K) Class: 4868K(5056K)->4868K(5056K)
[3119.295s][info][gc             ] GC(646) Pause Young (Concurrent Start) (G1 Evacuation Pause) 3560M->1388M(4096M) 117.934ms
[3119.295s][info][gc             ] GC(647) Concurrent Mark Cycle
[3119.295s][info][gc,marking     ] GC(647) Concurrent Scan Root Regions
[3119.295s][info][gc,cpu         ] GC(646) User=0.70s Sys=0.00s Real=0.12s
.[3119.434s][info][gc,marking     ] GC(647) Concurrent Scan Root Regions 138.998ms
[3119.434s][info][gc,marking     ] GC(647) Concurrent Mark
[3119.434s][info][gc,marking     ] GC(647) Concurrent Mark From Roots
[3119.434s][info][gc,task        ] GC(647) Using 2 workers of 2 for marking
[3120.053s][info][gc,marking     ] GC(647) Concurrent Mark From Roots 618.519ms
[3120.053s][info][gc,marking     ] GC(647) Concurrent Preclean
[3120.053s][info][gc,marking     ] GC(647) Concurrent Preclean 0.747ms
[3120.055s][info][gc,start       ] GC(647) Pause Remark
[3120.058s][info][gc             ] GC(647) Pause Remark 1888M->1888M(4096M) 3.358ms
[3120.058s][info][gc,cpu         ] GC(647) User=0.01s Sys=0.00s Real=0.01s
[3120.058s][info][gc,marking     ] GC(647) Concurrent Mark 624.262ms
[3120.058s][info][gc,marking     ] GC(647) Concurrent Rebuild Remembered Sets and Scrub Regions
.[3120.324s][info][gc,marking     ] GC(647) Concurrent Rebuild Remembered Sets and Scrub Regions 266.211ms
[3120.325s][info][gc,start       ] GC(647) Pause Cleanup
[3120.325s][info][gc             ] GC(647) Pause Cleanup 2050M->2050M(4096M) 0.103ms
[3120.325s][info][gc,cpu         ] GC(647) User=0.00s Sys=0.00s Real=0.00s
[3120.325s][info][gc,marking     ] GC(647) Concurrent Clear Claimed Marks
[3120.325s][info][gc,marking     ] GC(647) Concurrent Clear Claimed Marks 0.022ms
[3120.325s][info][gc,marking     ] GC(647) Concurrent Cleanup for Next Mark
[3120.329s][info][gc,marking     ] GC(647) Concurrent Cleanup for Next Mark 3.850ms
[3120.329s][info][gc             ] GC(647) Concurrent Mark Cycle 1033.804ms
..[3122.842s][info][gc,start       ] GC(648) Pause Young (Prepare Mixed) (G1 Evacuation Pause)
[3122.842s][info][gc,task        ] GC(648) Using 6 workers of 6 for evacuation
[3122.961s][info][gc,phases      ] GC(648)   Pre Evacuate Collection Set: 0.32ms
[3122.961s][info][gc,phases      ] GC(648)   Merge Heap Roots: 0.53ms
[3122.961s][info][gc,phases      ] GC(648)   Evacuate Collection Set: 117.27ms
[3122.961s][info][gc,phases      ] GC(648)   Post Evacuate Collection Set: 0.93ms
[3122.961s][info][gc,phases      ] GC(648)   Other: 0.09ms
[3122.961s][info][gc,heap        ] GC(648) Eden regions: 1118->0(1108)
[3122.961s][info][gc,heap        ] GC(648) Survivor regions: 110->110(154)
[3122.961s][info][gc,heap        ] GC(648) Old regions: 505->537
[3122.961s][info][gc,heap        ] GC(648) Humongous regions: 80->80
[3122.961s][info][gc,metaspace   ] GC(648) Metaspace: 28873K(29248K)->28873K(29248K) NonClass: 24004K(24192K)->24004K(24192K) Class: 4868K(5056K)->4868K(5056K)
[3122.961s][info][gc             ] GC(648) Pause Young (Prepare Mixed) (G1 Evacuation Pause) 3624M->1453M(4096M) 119.271ms
[3122.961s][info][gc,cpu         ] GC(648) User=0.70s Sys=0.00s Real=0.12s
... (rIR:aIR:PR = 5258:5257:5257) (tPR = 77952) [OK] 
  3125s: Performance info:
         Transaction,    Success,    Partial,     Failed,   Receipts, AvgBarcode, 
             Overall,     316859,          0,          0,     301015,      59.48, 
         Response times:
             Request,    Success,    Partial,     Failed,   SkipFail,     Probes,    Samples,      min,      p50,      p90,      p95,      p99,      max, 
       TotalPurchase,     301015,          0,          0,          0,     295215,     325703,      300,     4100,     9000,    23000,    77000,   208000,
     InStorePurchase,     158454,          0,          0,          0,     155653,     171445,      300,     4000,     8900,    22000,    75000,   205000,
      OnlinePurchase,     110880,          0,          0,          0,     108706,     119986,      300,     4300,     9300,    24000,    80000,   208000,
        InstPurchase,      31681,          0,          0,          0,      30856,      34272,      400,     4000,     8700,    21000,    77000,   182000,
          AssocOfCat,        317,          0,          0,          0,        249,        340,    21000,    33000,    49900,    65950,   169440,   194000,
      AssocOfProduct,       3173,          0,          0,          0,       2917,       3405,      600,     4800,     8800,    27700,    78940,   151000,
      BusinessReport,        791,          0,          0,          0,        687,        893,    23000,    37000,    70000,    92000,   173240,   198000,
          CustBuyBeh,       3163,          0,          0,          0,       2957,       3426,      200,     4600,     9000,    19800,    79460,   156000,
       ProductReturn,       8400,          0,          0,          0,       8033,       9201,      200,     3600,     8100,    17500,    73000,   196000,

  3125s: (39%)   IR =   5396 .[3126.440s][info][gc,start       ] GC(649) Pause Young (Mixed) (G1 Evacuation Pause)
[3126.440s][info][gc,task        ] GC(649) Using 6 workers of 6 for evacuation
[3126.584s][info][gc,phases      ] GC(649)   Pre Evacuate Collection Set: 0.33ms
[3126.584s][info][gc,phases      ] GC(649)   Merge Heap Roots: 0.82ms
[3126.584s][info][gc,phases      ] GC(649)   Evacuate Collection Set: 142.20ms
[3126.584s][info][gc,phases      ] GC(649)   Post Evacuate Collection Set: 0.94ms
[3126.584s][info][gc,phases      ] GC(649)   Other: 0.08ms
[3126.584s][info][gc,heap        ] GC(649) Eden regions: 1108->0(1113)
[3126.584s][info][gc,heap        ] GC(649) Survivor regions: 110->115(153)
[3126.584s][info][gc,heap        ] GC(649) Old regions: 537->474
[3126.584s][info][gc,heap        ] GC(649) Humongous regions: 80->80
[3126.584s][info][gc,metaspace   ] GC(649) Metaspace: 28873K(29248K)->28873K(29248K) NonClass: 24004K(24192K)->24004K(24192K) Class: 4868K(5056K)->4868K(5056K)
[3126.584s][info][gc             ] GC(649) Pause Young (Mixed) (G1 Evacuation Pause) 3669M->1335M(4096M) 144.497ms
[3126.584s][info][gc,cpu         ] GC(649) User=0.86s Sys=0.00s Real=0.14s
...[3129.923s][info][gc,start       ] GC(650) Pause Young (Concurrent Start) (G1 Evacuation Pause)
[3129.923s][info][gc,task        ] GC(650) Using 6 workers of 6 for evacuation
[3130.040s][info][gc,phases      ] GC(650)   Pre Evacuate Collection Set: 0.39ms
[3130.040s][info][gc,phases      ] GC(650)   Merge Heap Roots: 0.46ms
[3130.040s][info][gc,phases      ] GC(650)   Evacuate Collection Set: 115.08ms
[3130.040s][info][gc,phases      ] GC(650)   Post Evacuate Collection Set: 0.89ms
[3130.040s][info][gc,phases      ] GC(650)   Other: 0.12ms
[3130.040s][info][gc,heap        ] GC(650) Eden regions: 1113->0(1120)
[3130.040s][info][gc,heap        ] GC(650) Survivor regions: 115->108(154)
[3130.040s][info][gc,heap        ] GC(650) Old regions: 474->506
[3130.040s][info][gc,heap        ] GC(650) Humongous regions: 80->80
[3130.040s][info][gc,metaspace   ] GC(650) Metaspace: 28873K(29248K)->28873K(29248K) NonClass: 24004K(24192K)->24004K(24192K) Class: 4868K(5056K)->4868K(5056K)
[3130.040s][info][gc             ] GC(650) Pause Young (Concurrent Start) (G1 Evacuation Pause) 3561M->1387M(4096M) 117.067ms
[3130.040s][info][gc             ] GC(651) Concurrent Mark Cycle
[3130.040s][info][gc,marking     ] GC(651) Concurrent Scan Root Regions
[3130.040s][info][gc,cpu         ] GC(650) User=0.70s Sys=0.00s Real=0.12s
[3130.222s][info][gc,marking     ] GC(651) Concurrent Scan Root Regions 181.955ms
[3130.222s][info][gc,marking     ] GC(651) Concurrent Mark
[3130.222s][info][gc,marking     ] GC(651) Concurrent Mark From Roots
[3130.222s][info][gc,task        ] GC(651) Using 2 workers of 2 for marking
.|[3131.183s][info][gc,marking     ] GC(651) Concurrent Mark From Roots 960.316ms
[3131.183s][info][gc,marking     ] GC(651) Concurrent Preclean
[3131.184s][info][gc,marking     ] GC(651) Concurrent Preclean 0.930ms
[3131.184s][info][gc,start       ] GC(651) Pause Remark
[3131.187s][info][gc             ] GC(651) Pause Remark 2185M->2185M(4096M) 3.531ms
[3131.187s][info][gc,cpu         ] GC(651) User=0.01s Sys=0.00s Real=0.00s
[3131.187s][info][gc,marking     ] GC(651) Concurrent Mark 965.036ms
[3131.187s][info][gc,marking     ] GC(651) Concurrent Rebuild Remembered Sets and Scrub Regions
.[3131.421s][info][gc,marking     ] GC(651) Concurrent Rebuild Remembered Sets and Scrub Regions 234.072ms
[3131.421s][info][gc,start       ] GC(651) Pause Cleanup
[3131.422s][info][gc             ] GC(651) Pause Cleanup 2323M->2323M(4096M) 0.106ms
[3131.422s][info][gc,cpu         ] GC(651) User=0.00s Sys=0.00s Real=0.00s
[3131.422s][info][gc,marking     ] GC(651) Concurrent Clear Claimed Marks
[3131.422s][info][gc,marking     ] GC(651) Concurrent Clear Claimed Marks 0.026ms
[3131.422s][info][gc,marking     ] GC(651) Concurrent Cleanup for Next Mark
[3131.427s][info][gc,marking     ] GC(651) Concurrent Cleanup for Next Mark 5.219ms
[3131.427s][info][gc             ] GC(651) Concurrent Mark Cycle 1387.015ms
..[3133.403s][info][gc,start       ] GC(652) Pause Young (Prepare Mixed) (G1 Evacuation Pause)
[3133.403s][info][gc,task        ] GC(652) Using 6 workers of 6 for evacuation
[3133.522s][info][gc,phases      ] GC(652)   Pre Evacuate Collection Set: 0.36ms
[3133.522s][info][gc,phases      ] GC(652)   Merge Heap Roots: 0.55ms
[3133.522s][info][gc,phases      ] GC(652)   Evacuate Collection Set: 117.32ms
[3133.522s][info][gc,phases      ] GC(652)   Post Evacuate Collection Set: 0.89ms
[3133.522s][info][gc,phases      ] GC(652)   Other: 0.09ms
[3133.522s][info][gc,heap        ] GC(652) Eden regions: 1120->0(1102)
[3133.522s][info][gc,heap        ] GC(652) Survivor regions: 108->112(154)
[3133.522s][info][gc,heap        ] GC(652) Old regions: 506->539
[3133.522s][info][gc,heap        ] GC(652) Humongous regions: 80->80
[3133.522s][info][gc,metaspace   ] GC(652) Metaspace: 28873K(29248K)->28873K(29248K) NonClass: 24004K(24192K)->24004K(24192K) Class: 4868K(5056K)->4868K(5056K)
[3133.522s][info][gc             ] GC(652) Pause Young (Prepare Mixed) (G1 Evacuation Pause) 3627M->1459M(4096M) 119.326ms
[3133.522s][info][gc,cpu         ] GC(652) User=0.71s Sys=0.00s Real=0.12s
...[3136.857s][info][gc,start       ] GC(653) Pause Young (Mixed) (G1 Evacuation Pause)
[3136.857s][info][gc,task        ] GC(653) Using 6 workers of 6 for evacuation
[3136.989s][info][gc,phases      ] GC(653)   Pre Evacuate Collection Set: 0.40ms
[3136.989s][info][gc,phases      ] GC(653)   Merge Heap Roots: 0.69ms
[3136.989s][info][gc,phases      ] GC(653)   Evacuate Collection Set: 129.50ms
[3136.989s][info][gc,phases      ] GC(653)   Post Evacuate Collection Set: 0.94ms
[3136.989s][info][gc,phases      ] GC(653)   Other: 0.10ms
[3136.989s][info][gc,heap        ] GC(653) Eden regions: 1102->0(1119)
[3136.989s][info][gc,heap        ] GC(653) Survivor regions: 112->109(152)
[3136.989s][info][gc,heap        ] GC(653) Old regions: 539->473
[3136.989s][info][gc,heap        ] GC(653) Humongous regions: 80->80
[3136.989s][info][gc,metaspace   ] GC(653) Metaspace: 28873K(29248K)->28873K(29248K) NonClass: 24004K(24192K)->24004K(24192K) Class: 4868K(5056K)->4868K(5056K)
[3136.989s][info][gc             ] GC(653) Pause Young (Mixed) (G1 Evacuation Pause) 3663M->1323M(4096M) 131.784ms
[3136.989s][info][gc,cpu         ] GC(653) User=0.78s Sys=0.00s Real=0.14s
...[3140.369s][info][gc,start       ] GC(654) Pause Young (Concurrent Start) (G1 Evacuation Pause)
[3140.369s][info][gc,task        ] GC(654) Using 6 workers of 6 for evacuation
[3140.485s][info][gc,phases      ] GC(654)   Pre Evacuate Collection Set: 0.38ms
[3140.485s][info][gc,phases      ] GC(654)   Merge Heap Roots: 0.46ms
[3140.485s][info][gc,phases      ] GC(654)   Evacuate Collection Set: 114.12ms
[3140.485s][info][gc,phases      ] GC(654)   Post Evacuate Collection Set: 0.85ms
[3140.485s][info][gc,phases      ] GC(654)   Other: 0.12ms
[3140.485s][info][gc,heap        ] GC(654) Eden regions: 1119->0(1119)
[3140.485s][info][gc,heap        ] GC(654) Survivor regions: 109->109(154)
[3140.485s][info][gc,heap        ] GC(654) Old regions: 473->505
[3140.485s][info][gc,heap        ] GC(654) Humongous regions: 80->80
[3140.485s][info][gc,metaspace   ] GC(654) Metaspace: 28873K(29248K)->28873K(29248K) NonClass: 24004K(24192K)->24004K(24192K) Class: 4868K(5056K)->4868K(5056K)
[3140.485s][info][gc             ] GC(654) Pause Young (Concurrent Start) (G1 Evacuation Pause) 3561M->1387M(4096M) 116.060ms
[3140.485s][info][gc             ] GC(655) Concurrent Mark Cycle
[3140.485s][info][gc,marking     ] GC(655) Concurrent Scan Root Regions
[3140.485s][info][gc,cpu         ] GC(654) User=0.68s Sys=0.01s Real=0.11s
.[3140.654s][info][gc,marking     ] GC(655) Concurrent Scan Root Regions 168.916ms
[3140.654s][info][gc,marking     ] GC(655) Concurrent Mark
[3140.654s][info][gc,marking     ] GC(655) Concurrent Mark From Roots
[3140.654s][info][gc,task        ] GC(655) Using 2 workers of 2 for marking
[3141.437s][info][gc,marking     ] GC(655) Concurrent Mark From Roots 782.416ms
[3141.437s][info][gc,marking     ] GC(655) Concurrent Preclean
[3141.437s][info][gc,marking     ] GC(655) Concurrent Preclean 0.626ms
[3141.438s][info][gc,start       ] GC(655) Pause Remark
[3141.440s][info][gc             ] GC(655) Pause Remark 2047M->2047M(4096M) 2.871ms
[3141.440s][info][gc,cpu         ] GC(655) User=0.01s Sys=0.00s Real=0.00s
[3141.440s][info][gc,marking     ] GC(655) Concurrent Mark 786.181ms
[3141.441s][info][gc,marking     ] GC(655) Concurrent Rebuild Remembered Sets and Scrub Regions
.[3141.781s][info][gc,marking     ] GC(655) Concurrent Rebuild Remembered Sets and Scrub Regions 340.844ms
[3141.782s][info][gc,start       ] GC(655) Pause Cleanup
[3141.782s][info][gc             ] GC(655) Pause Cleanup 2278M->2278M(4096M) 0.116ms
[3141.782s][info][gc,cpu         ] GC(655) User=0.00s Sys=0.00s Real=0.00s
[3141.782s][info][gc,marking     ] GC(655) Concurrent Clear Claimed Marks
[3141.782s][info][gc,marking     ] GC(655) Concurrent Clear Claimed Marks 0.041ms
[3141.782s][info][gc,marking     ] GC(655) Concurrent Cleanup for Next Mark
[3141.786s][info][gc,marking     ] GC(655) Concurrent Cleanup for Next Mark 4.065ms
[3141.786s][info][gc             ] GC(655) Concurrent Mark Cycle 1300.808ms
..[3143.901s][info][gc,start       ] GC(656) Pause Young (Prepare Mixed) (G1 Evacuation Pause)
[3143.901s][info][gc,task        ] GC(656) Using 6 workers of 6 for evacuation
[3144.018s][info][gc,phases      ] GC(656)   Pre Evacuate Collection Set: 0.32ms
[3144.018s][info][gc,phases      ] GC(656)   Merge Heap Roots: 0.50ms
[3144.018s][info][gc,phases      ] GC(656)   Evacuate Collection Set: 115.81ms
[3144.018s][info][gc,phases      ] GC(656)   Post Evacuate Collection Set: 0.92ms
[3144.018s][info][gc,phases      ] GC(656)   Other: 0.09ms
[3144.018s][info][gc,heap        ] GC(656) Eden regions: 1119->0(1109)
[3144.018s][info][gc,heap        ] GC(656) Survivor regions: 109->110(154)
[3144.018s][info][gc,heap        ] GC(656) Old regions: 505->536
[3144.018s][info][gc,heap        ] GC(656) Humongous regions: 80->80
[3144.018s][info][gc,metaspace   ] GC(656) Metaspace: 28873K(29248K)->28873K(29248K) NonClass: 24004K(24192K)->24004K(24192K) Class: 4868K(5056K)->4868K(5056K)
[3144.018s][info][gc             ] GC(656) Pause Young (Prepare Mixed) (G1 Evacuation Pause) 3625M->1451M(4096M) 117.767ms
[3144.019s][info][gc,cpu         ] GC(656) User=0.70s Sys=0.01s Real=0.12s
...[3147.337s][info][gc,start       ] GC(657) Pause Young (Mixed) (G1 Evacuation Pause)
[3147.337s][info][gc,task        ] GC(657) Using 6 workers of 6 for evacuation
[3147.473s][info][gc,phases      ] GC(657)   Pre Evacuate Collection Set: 0.35ms
[3147.473s][info][gc,phases      ] GC(657)   Merge Heap Roots: 0.73ms
[3147.473s][info][gc,phases      ] GC(657)   Evacuate Collection Set: 133.67ms
[3147.473s][info][gc,phases      ] GC(657)   Post Evacuate Collection Set: 0.94ms
[3147.473s][info][gc,phases      ] GC(657)   Other: 0.10ms
[3147.473s][info][gc,heap        ] GC(657) Eden regions: 1109->0(1119)
[3147.473s][info][gc,heap        ] GC(657) Survivor regions: 110->109(153)
[3147.473s][info][gc,heap        ] GC(657) Old regions: 536->473
[3147.473s][info][gc,heap        ] GC(657) Humongous regions: 80->80
[3147.473s][info][gc,metaspace   ] GC(657) Metaspace: 28873K(29248K)->28873K(29248K) NonClass: 24004K(24192K)->24004K(24192K) Class: 4868K(5056K)->4868K(5056K)
[3147.473s][info][gc             ] GC(657) Pause Young (Mixed) (G1 Evacuation Pause) 3669M->1322M(4096M) 135.914ms
[3147.473s][info][gc,cpu         ] GC(657) User=0.81s Sys=0.00s Real=0.14s
....[3150.818s][info][gc,start       ] GC(658) Pause Young (Concurrent Start) (G1 Evacuation Pause)
[3150.818s][info][gc,task        ] GC(658) Using 6 workers of 6 for evacuation
[3150.936s][info][gc,phases      ] GC(658)   Pre Evacuate Collection Set: 0.37ms
[3150.936s][info][gc,phases      ] GC(658)   Merge Heap Roots: 0.47ms
[3150.936s][info][gc,phases      ] GC(658)   Evacuate Collection Set: 115.79ms
[3150.936s][info][gc,phases      ] GC(658)   Post Evacuate Collection Set: 0.87ms
[3150.936s][info][gc,phases      ] GC(658)   Other: 0.12ms
[3150.936s][info][gc,heap        ] GC(658) Eden regions: 1119->0(1119)
[3150.936s][info][gc,heap        ] GC(658) Survivor regions: 109->109(154)
[3150.936s][info][gc,heap        ] GC(658) Old regions: 473->506
[3150.936s][info][gc,heap        ] GC(658) Humongous regions: 80->80
[3150.936s][info][gc,metaspace   ] GC(658) Metaspace: 28873K(29248K)->28873K(29248K) NonClass: 24004K(24192K)->24004K(24192K) Class: 4868K(5056K)->4868K(5056K)
[3150.936s][info][gc             ] GC(658) Pause Young (Concurrent Start) (G1 Evacuation Pause) 3560M->1387M(4096M) 117.739ms
[3150.936s][info][gc             ] GC(659) Concurrent Mark Cycle
[3150.936s][info][gc,marking     ] GC(659) Concurrent Scan Root Regions
[3150.936s][info][gc,cpu         ] GC(658) User=0.70s Sys=0.00s Real=0.11s
[3151.118s][info][gc,marking     ] GC(659) Concurrent Scan Root Regions 181.798ms
[3151.118s][info][gc,marking     ] GC(659) Concurrent Mark
[3151.118s][info][gc,marking     ] GC(659) Concurrent Mark From Roots
[3151.118s][info][gc,task        ] GC(659) Using 2 workers of 2 for marking
.[3152.079s][info][gc,marking     ] GC(659) Concurrent Mark From Roots 961.568ms
[3152.079s][info][gc,marking     ] GC(659) Concurrent Preclean
[3152.080s][info][gc,marking     ] GC(659) Concurrent Preclean 0.815ms
[3152.080s][info][gc,start       ] GC(659) Pause Remark
[3152.083s][info][gc             ] GC(659) Pause Remark 2124M->2124M(4096M) 3.100ms
[3152.083s][info][gc,cpu         ] GC(659) User=0.02s Sys=0.00s Real=0.00s
[3152.084s][info][gc,marking     ] GC(659) Concurrent Mark 966.494ms
[3152.084s][info][gc,marking     ] GC(659) Concurrent Rebuild Remembered Sets and Scrub Regions
[3152.439s][info][gc,marking     ] GC(659) Concurrent Rebuild Remembered Sets and Scrub Regions 355.180ms
[3152.439s][info][gc,start       ] GC(659) Pause Cleanup
[3152.440s][info][gc             ] GC(659) Pause Cleanup 2346M->2346M(4096M) 0.121ms
[3152.440s][info][gc,cpu         ] GC(659) User=0.00s Sys=0.00s Real=0.00s
[3152.440s][info][gc,marking     ] GC(659) Concurrent Clear Claimed Marks
[3152.440s][info][gc,marking     ] GC(659) Concurrent Clear Claimed Marks 0.032ms
[3152.440s][info][gc,marking     ] GC(659) Concurrent Cleanup for Next Mark
[3152.444s][info][gc,marking     ] GC(659) Concurrent Cleanup for Next Mark 4.780ms
[3152.444s][info][gc             ] GC(659) Concurrent Mark Cycle 1508.796ms
..[3154.431s][info][gc,start       ] GC(660) Pause Young (Prepare Mixed) (G1 Evacuation Pause)
[3154.431s][info][gc,task        ] GC(660) Using 6 workers of 6 for evacuation
[3154.551s][info][gc,phases      ] GC(660)   Pre Evacuate Collection Set: 0.33ms
[3154.551s][info][gc,phases      ] GC(660)   Merge Heap Roots: 0.51ms
[3154.551s][info][gc,phases      ] GC(660)   Evacuate Collection Set: 118.13ms
[3154.551s][info][gc,phases      ] GC(660)   Post Evacuate Collection Set: 1.00ms
[3154.551s][info][gc,phases      ] GC(660)   Other: 0.10ms
[3154.551s][info][gc,heap        ] GC(660) Eden regions: 1119->0(1102)
[3154.551s][info][gc,heap        ] GC(660) Survivor regions: 109->113(154)
[3154.551s][info][gc,heap        ] GC(660) Old regions: 506->537
[3154.551s][info][gc,heap        ] GC(660) Humongous regions: 80->80
[3154.551s][info][gc,metaspace   ] GC(660) Metaspace: 28873K(29248K)->28873K(29248K) NonClass: 24004K(24192K)->24004K(24192K) Class: 4868K(5056K)->4868K(5056K)
[3154.552s][info][gc             ] GC(660) Pause Young (Prepare Mixed) (G1 Evacuation Pause) 3625M->1457M(4096M) 120.218ms
[3154.552s][info][gc,cpu         ] GC(660) User=0.71s Sys=0.00s Real=0.12s
....[3157.875s][info][gc,start       ] GC(661) Pause Young (Mixed) (G1 Evacuation Pause)
[3157.875s][info][gc,task        ] GC(661) Using 6 workers of 6 for evacuation
[3158.006s][info][gc,phases      ] GC(661)   Pre Evacuate Collection Set: 0.34ms
[3158.006s][info][gc,phases      ] GC(661)   Merge Heap Roots: 0.65ms
[3158.006s][info][gc,phases      ] GC(661)   Evacuate Collection Set: 128.82ms
[3158.006s][info][gc,phases      ] GC(661)   Post Evacuate Collection Set: 0.93ms
[3158.006s][info][gc,phases      ] GC(661)   Other: 0.08ms
[3158.006s][info][gc,heap        ] GC(661) Eden regions: 1102->0(1119)
[3158.006s][info][gc,heap        ] GC(661) Survivor regions: 113->109(152)
[3158.006s][info][gc,heap        ] GC(661) Old regions: 537->473
[3158.006s][info][gc,heap        ] GC(661) Humongous regions: 80->80
[3158.006s][info][gc,metaspace   ] GC(661) Metaspace: 28873K(29248K)->28873K(29248K) NonClass: 24004K(24192K)->24004K(24192K) Class: 4868K(5056K)->4868K(5056K)
[3158.006s][info][gc             ] GC(661) Pause Young (Mixed) (G1 Evacuation Pause) 3661M->1321M(4096M) 130.950ms
[3158.006s][info][gc,cpu         ] GC(661) User=0.78s Sys=0.00s Real=0.13s
...[3161.343s][info][gc,start       ] GC(662) Pause Young (Concurrent Start) (G1 Evacuation Pause)
[3161.343s][info][gc,task        ] GC(662) Using 6 workers of 6 for evacuation
[3161.462s][info][gc,phases      ] GC(662)   Pre Evacuate Collection Set: 0.34ms
[3161.462s][info][gc,phases      ] GC(662)   Merge Heap Roots: 0.46ms
[3161.462s][info][gc,phases      ] GC(662)   Evacuate Collection Set: 116.71ms
[3161.462s][info][gc,phases      ] GC(662)   Post Evacuate Collection Set: 0.87ms
[3161.462s][info][gc,phases      ] GC(662)   Other: 0.11ms
[3161.462s][info][gc,heap        ] GC(662) Eden regions: 1119->0(1118)
[3161.462s][info][gc,heap        ] GC(662) Survivor regions: 109->110(154)
[3161.462s][info][gc,heap        ] GC(662) Old regions: 473->506
[3161.462s][info][gc,heap        ] GC(662) Humongous regions: 80->80
[3161.462s][info][gc,metaspace   ] GC(662) Metaspace: 28873K(29248K)->28873K(29248K) NonClass: 24004K(24192K)->24004K(24192K) Class: 4868K(5056K)->4868K(5056K)
[3161.462s][info][gc             ] GC(662) Pause Young (Concurrent Start) (G1 Evacuation Pause) 3559M->1389M(4096M) 118.613ms
[3161.462s][info][gc             ] GC(663) Concurrent Mark Cycle
[3161.462s][info][gc,marking     ] GC(663) Concurrent Scan Root Regions
[3161.462s][info][gc,cpu         ] GC(662) User=0.71s Sys=0.00s Real=0.12s
.[3161.644s][info][gc,marking     ] GC(663) Concurrent Scan Root Regions 182.535ms
[3161.644s][info][gc,marking     ] GC(663) Concurrent Mark
[3161.644s][info][gc,marking     ] GC(663) Concurrent Mark From Roots
[3161.644s][info][gc,task        ] GC(663) Using 2 workers of 2 for marking
[3162.604s][info][gc,marking     ] GC(663) Concurrent Mark From Roots 959.849ms
[3162.604s][info][gc,marking     ] GC(663) Concurrent Preclean
[3162.605s][info][gc,marking     ] GC(663) Concurrent Preclean 0.836ms
[3162.606s][info][gc,start       ] GC(663) Pause Remark
[3162.610s][info][gc             ] GC(663) Pause Remark 2178M->2178M(4096M) 3.940ms
[3162.610s][info][gc,cpu         ] GC(663) User=0.02s Sys=0.00s Real=0.01s
[3162.612s][info][gc,marking     ] GC(663) Concurrent Mark 967.628ms
[3162.612s][info][gc,marking     ] GC(663) Concurrent Rebuild Remembered Sets and Scrub Regions
.[3162.921s][info][gc,marking     ] GC(663) Concurrent Rebuild Remembered Sets and Scrub Regions 308.650ms
[3162.921s][info][gc,start       ] GC(663) Pause Cleanup
[3162.921s][info][gc             ] GC(663) Pause Cleanup 2383M->2383M(4096M) 0.102ms
[3162.921s][info][gc,cpu         ] GC(663) User=0.00s Sys=0.00s Real=0.00s
[3162.921s][info][gc,marking     ] GC(663) Concurrent Clear Claimed Marks
[3162.921s][info][gc,marking     ] GC(663) Concurrent Clear Claimed Marks 0.025ms
[3162.921s][info][gc,marking     ] GC(663) Concurrent Cleanup for Next Mark
[3162.925s][info][gc,marking     ] GC(663) Concurrent Cleanup for Next Mark 4.094ms
[3162.925s][info][gc             ] GC(663) Concurrent Mark Cycle 1463.368ms
..[3164.910s][info][gc,start       ] GC(664) Pause Young (Prepare Mixed) (G1 Evacuation Pause)
[3164.911s][info][gc,task        ] GC(664) Using 6 workers of 6 for evacuation
[3165.026s][info][gc,phases      ] GC(664)   Pre Evacuate Collection Set: 0.30ms
[3165.026s][info][gc,phases      ] GC(664)   Merge Heap Roots: 0.56ms
[3165.026s][info][gc,phases      ] GC(664)   Evacuate Collection Set: 113.57ms
[3165.026s][info][gc,phases      ] GC(664)   Post Evacuate Collection Set: 0.92ms
[3165.026s][info][gc,phases      ] GC(664)   Other: 0.09ms
[3165.026s][info][gc,heap        ] GC(664) Eden regions: 1118->0(1112)
[3165.026s][info][gc,heap        ] GC(664) Survivor regions: 110->108(154)
[3165.026s][info][gc,heap        ] GC(664) Old regions: 506->537
[3165.026s][info][gc,heap        ] GC(664) Humongous regions: 80->80
[3165.026s][info][gc,metaspace   ] GC(664) Metaspace: 28873K(29248K)->28873K(29248K) NonClass: 24004K(24192K)->24004K(24192K) Class: 4868K(5056K)->4868K(5056K)
[3165.026s][info][gc             ] GC(664) Pause Young (Prepare Mixed) (G1 Evacuation Pause) 3625M->1448M(4096M) 115.562ms
[3165.026s][info][gc,cpu         ] GC(664) User=0.68s Sys=0.00s Real=0.11s
...[3168.326s][info][gc,start       ] GC(665) Pause Young (Mixed) (G1 Evacuation Pause)
[3168.326s][info][gc,task        ] GC(665) Using 6 workers of 6 for evacuation
[3168.459s][info][gc,phases      ] GC(665)   Pre Evacuate Collection Set: 0.38ms
[3168.459s][info][gc,phases      ] GC(665)   Merge Heap Roots: 0.66ms
[3168.459s][info][gc,phases      ] GC(665)   Evacuate Collection Set: 130.85ms
[3168.459s][info][gc,phases      ] GC(665)   Post Evacuate Collection Set: 0.93ms
[3168.459s][info][gc,phases      ] GC(665)   Other: 0.09ms
[3168.459s][info][gc,heap        ] GC(665) Eden regions: 1112->0(1118)
[3168.459s][info][gc,heap        ] GC(665) Survivor regions: 108->110(153)
[3168.459s][info][gc,heap        ] GC(665) Old regions: 537->471
[3168.459s][info][gc,heap        ] GC(665) Humongous regions: 80->80
[3168.459s][info][gc,metaspace   ] GC(665) Metaspace: 28873K(29248K)->28873K(29248K) NonClass: 24005K(24192K)->24005K(24192K) Class: 4868K(5056K)->4868K(5056K)
[3168.459s][info][gc             ] GC(665) Pause Young (Mixed) (G1 Evacuation Pause) 3672M->1320M(4096M) 133.064ms
[3168.459s][info][gc,cpu         ] GC(665) User=0.79s Sys=0.00s Real=0.14s
....[3171.825s][info][gc,start       ] GC(666) Pause Young (Concurrent Start) (G1 Evacuation Pause)
[3171.825s][info][gc,task        ] GC(666) Using 6 workers of 6 for evacuation
[3171.942s][info][gc,phases      ] GC(666)   Pre Evacuate Collection Set: 0.39ms
[3171.942s][info][gc,phases      ] GC(666)   Merge Heap Roots: 0.46ms
[3171.942s][info][gc,phases      ] GC(666)   Evacuate Collection Set: 114.47ms
[3171.942s][info][gc,phases      ] GC(666)   Post Evacuate Collection Set: 0.88ms
[3171.942s][info][gc,phases      ] GC(666)   Other: 0.12ms
[3171.942s][info][gc,heap        ] GC(666) Eden regions: 1118->0(1120)
[3171.942s][info][gc,heap        ] GC(666) Survivor regions: 110->108(154)
[3171.942s][info][gc,heap        ] GC(666) Old regions: 471->504
[3171.942s][info][gc,heap        ] GC(666) Humongous regions: 80->80
[3171.942s][info][gc,metaspace   ] GC(666) Metaspace: 28873K(29248K)->28873K(29248K) NonClass: 24005K(24192K)->24005K(24192K) Class: 4868K(5056K)->4868K(5056K)
[3171.942s][info][gc             ] GC(666) Pause Young (Concurrent Start) (G1 Evacuation Pause) 3556M->1383M(4096M) 116.456ms
[3171.942s][info][gc             ] GC(667) Concurrent Mark Cycle
[3171.942s][info][gc,marking     ] GC(667) Concurrent Scan Root Regions
[3171.942s][info][gc,cpu         ] GC(666) User=0.70s Sys=0.00s Real=0.12s
[3172.135s][info][gc,marking     ] GC(667) Concurrent Scan Root Regions 193.646ms
[3172.135s][info][gc,marking     ] GC(667) Concurrent Mark
[3172.135s][info][gc,marking     ] GC(667) Concurrent Mark From Roots
[3172.135s][info][gc,task        ] GC(667) Using 2 workers of 2 for marking
.[3172.946s][info][gc,marking     ] GC(667) Concurrent Mark From Roots 811.026ms
[3172.946s][info][gc,marking     ] GC(667) Concurrent Preclean
[3172.947s][info][gc,marking     ] GC(667) Concurrent Preclean 0.073ms
[3172.947s][info][gc,start       ] GC(667) Pause Remark
[3172.950s][info][gc             ] GC(667) Pause Remark 2109M->2109M(4096M) 3.429ms
[3172.950s][info][gc,cpu         ] GC(667) User=0.02s Sys=0.00s Real=0.01s
[3172.950s][info][gc,marking     ] GC(667) Concurrent Mark 814.738ms
[3172.950s][info][gc,marking     ] GC(667) Concurrent Rebuild Remembered Sets and Scrub Regions
[3173.217s][info][gc,marking     ] GC(667) Concurrent Rebuild Remembered Sets and Scrub Regions 266.469ms
[3173.217s][info][gc,start       ] GC(667) Pause Cleanup
[3173.217s][info][gc             ] GC(667) Pause Cleanup 2260M->2260M(4096M) 0.115ms
[3173.217s][info][gc,cpu         ] GC(667) User=0.00s Sys=0.00s Real=0.00s
[3173.218s][info][gc,marking     ] GC(667) Concurrent Clear Claimed Marks
[3173.218s][info][gc,marking     ] GC(667) Concurrent Clear Claimed Marks 0.034ms
[3173.218s][info][gc,marking     ] GC(667) Concurrent Cleanup for Next Mark
[3173.225s][info][gc,marking     ] GC(667) Concurrent Cleanup for Next Mark 6.643ms
[3173.225s][info][gc             ] GC(667) Concurrent Mark Cycle 1283.031ms
..[3175.367s][info][gc,start       ] GC(668) Pause Young (Prepare Mixed) (G1 Evacuation Pause)
[3175.367s][info][gc,task        ] GC(668) Using 6 workers of 6 for evacuation
[3175.483s][info][gc,phases      ] GC(668)   Pre Evacuate Collection Set: 0.32ms
[3175.483s][info][gc,phases      ] GC(668)   Merge Heap Roots: 0.51ms
[3175.483s][info][gc,phases      ] GC(668)   Evacuate Collection Set: 114.92ms
[3175.483s][info][gc,phases      ] GC(668)   Post Evacuate Collection Set: 0.92ms
[3175.483s][info][gc,phases      ] GC(668)   Other: 0.08ms
[3175.483s][info][gc,heap        ] GC(668) Eden regions: 1120->0(1109)
[3175.483s][info][gc,heap        ] GC(668) Survivor regions: 108->110(154)
[3175.483s][info][gc,heap        ] GC(668) Old regions: 504->536
[3175.483s][info][gc,heap        ] GC(668) Humongous regions: 80->80
[3175.483s][info][gc,metaspace   ] GC(668) Metaspace: 28873K(29248K)->28873K(29248K) NonClass: 24005K(24192K)->24005K(24192K) Class: 4868K(5056K)->4868K(5056K)
[3175.484s][info][gc             ] GC(668) Pause Young (Prepare Mixed) (G1 Evacuation Pause) 3623M->1449M(4096M) 116.873ms
[3175.484s][info][gc,cpu         ] GC(668) User=0.70s Sys=0.00s Real=0.12s
....[3178.820s][info][gc,start       ] GC(669) Pause Young (Mixed) (G1 Evacuation Pause)
[3178.820s][info][gc,task        ] GC(669) Using 6 workers of 6 for evacuation
[3178.954s][info][gc,phases      ] GC(669)   Pre Evacuate Collection Set: 0.40ms
[3178.954s][info][gc,phases      ] GC(669)   Merge Heap Roots: 0.83ms
[3178.954s][info][gc,phases      ] GC(669)   Evacuate Collection Set: 131.52ms
[3178.954s][info][gc,phases      ] GC(669)   Post Evacuate Collection Set: 0.97ms
[3178.954s][info][gc,phases      ] GC(669)   Other: 0.09ms
[3178.954s][info][gc,heap        ] GC(669) Eden regions: 1109->0(1118)
[3178.954s][info][gc,heap        ] GC(669) Survivor regions: 110->110(153)
[3178.954s][info][gc,heap        ] GC(669) Old regions: 536->471
[3178.954s][info][gc,heap        ] GC(669) Humongous regions: 80->80
[3178.954s][info][gc,metaspace   ] GC(669) Metaspace: 28873K(29248K)->28873K(29248K) NonClass: 24005K(24192K)->24005K(24192K) Class: 4868K(5056K)->4868K(5056K)
[3178.954s][info][gc             ] GC(669) Pause Young (Mixed) (G1 Evacuation Pause) 3667M->1320M(4096M) 133.935ms
[3178.954s][info][gc,cpu         ] GC(669) User=0.79s Sys=0.00s Real=0.13s
...[3182.320s][info][gc,start       ] GC(670) Pause Young (Concurrent Start) (G1 Evacuation Pause)
[3182.320s][info][gc,task        ] GC(670) Using 6 workers of 6 for evacuation
[3182.435s][info][gc,phases      ] GC(670)   Pre Evacuate Collection Set: 0.41ms
[3182.435s][info][gc,phases      ] GC(670)   Merge Heap Roots: 0.45ms
[3182.435s][info][gc,phases      ] GC(670)   Evacuate Collection Set: 113.16ms
[3182.435s][info][gc,phases      ] GC(670)   Post Evacuate Collection Set: 0.87ms
[3182.435s][info][gc,phases      ] GC(670)   Other: 0.12ms
[3182.435s][info][gc,heap        ] GC(670) Eden regions: 1118->0(1119)
[3182.435s][info][gc,heap        ] GC(670) Survivor regions: 110->109(154)
[3182.435s][info][gc,heap        ] GC(670) Old regions: 471->504
[3182.435s][info][gc,heap        ] GC(670) Humongous regions: 80->80
[3182.435s][info][gc,metaspace   ] GC(670) Metaspace: 28873K(29248K)->28873K(29248K) NonClass: 24005K(24192K)->24005K(24192K) Class: 4868K(5056K)->4868K(5056K)
[3182.435s][info][gc             ] GC(670) Pause Young (Concurrent Start) (G1 Evacuation Pause) 3556M->1383M(4096M) 115.153ms
[3182.435s][info][gc             ] GC(671) Concurrent Mark Cycle
[3182.435s][info][gc,marking     ] GC(671) Concurrent Scan Root Regions
[3182.435s][info][gc,cpu         ] GC(670) User=0.68s Sys=0.00s Real=0.11s
[3182.614s][info][gc,marking     ] GC(671) Concurrent Scan Root Regions 178.902ms
[3182.614s][info][gc,marking     ] GC(671) Concurrent Mark
[3182.614s][info][gc,marking     ] GC(671) Concurrent Mark From Roots
[3182.614s][info][gc,task        ] GC(671) Using 2 workers of 2 for marking
.[3183.574s][info][gc,marking     ] GC(671) Concurrent Mark From Roots 960.189ms
[3183.574s][info][gc,marking     ] GC(671) Concurrent Preclean
[3183.574s][info][gc,marking     ] GC(671) Concurrent Preclean 0.277ms
[3183.574s][info][gc,start       ] GC(671) Pause Remark
[3183.577s][info][gc             ] GC(671) Pause Remark 2181M->2181M(4096M) 3.035ms
[3183.577s][info][gc,cpu         ] GC(671) User=0.02s Sys=0.00s Real=0.01s
[3183.577s][info][gc,marking     ] GC(671) Concurrent Mark 963.714ms
[3183.577s][info][gc,marking     ] GC(671) Concurrent Rebuild Remembered Sets and Scrub Regions
.[3183.981s][info][gc,marking     ] GC(671) Concurrent Rebuild Remembered Sets and Scrub Regions 403.614ms
[3183.981s][info][gc,start       ] GC(671) Pause Cleanup
[3183.981s][info][gc             ] GC(671) Pause Cleanup 2453M->2453M(4096M) 0.103ms
[3183.981s][info][gc,cpu         ] GC(671) User=0.00s Sys=0.00s Real=0.00s
[3183.981s][info][gc,marking     ] GC(671) Concurrent Clear Claimed Marks
[3183.981s][info][gc,marking     ] GC(671) Concurrent Clear Claimed Marks 0.025ms
[3183.981s][info][gc,marking     ] GC(671) Concurrent Cleanup for Next Mark
[3183.985s][info][gc,marking     ] GC(671) Concurrent Cleanup for Next Mark 3.509ms
[3183.985s][info][gc             ] GC(671) Concurrent Mark Cycle 1550.189ms
..[3185.821s][info][gc,start       ] GC(672) Pause Young (Prepare Mixed) (G1 Evacuation Pause)
[3185.821s][info][gc,task        ] GC(672) Using 6 workers of 6 for evacuation
[3185.939s][info][gc,phases      ] GC(672)   Pre Evacuate Collection Set: 0.32ms
[3185.939s][info][gc,phases      ] GC(672)   Merge Heap Roots: 0.57ms
[3185.939s][info][gc,phases      ] GC(672)   Evacuate Collection Set: 115.52ms
[3185.939s][info][gc,phases      ] GC(672)   Post Evacuate Collection Set: 0.93ms
[3185.939s][info][gc,phases      ] GC(672)   Other: 0.08ms
[3185.939s][info][gc,heap        ] GC(672) Eden regions: 1119->0(1110)
[3185.939s][info][gc,heap        ] GC(672) Survivor regions: 109->110(154)
[3185.939s][info][gc,heap        ] GC(672) Old regions: 504->535
[3185.939s][info][gc,heap        ] GC(672) Humongous regions: 80->80
[3185.939s][info][gc,metaspace   ] GC(672) Metaspace: 28873K(29248K)->28873K(29248K) NonClass: 24005K(24192K)->24005K(24192K) Class: 4868K(5056K)->4868K(5056K)
[3185.939s][info][gc             ] GC(672) Pause Young (Prepare Mixed) (G1 Evacuation Pause) 3621M->1448M(4096M) 117.561ms
[3185.939s][info][gc,cpu         ] GC(672) User=0.69s Sys=0.00s Real=0.12s
...[3189.329s][info][gc,start       ] GC(673) Pause Young (Mixed) (G1 Evacuation Pause)
[3189.329s][info][gc,task        ] GC(673) Using 6 workers of 6 for evacuation
[3189.465s][info][gc,phases      ] GC(673)   Pre Evacuate Collection Set: 0.37ms
[3189.465s][info][gc,phases      ] GC(673)   Merge Heap Roots: 0.70ms
[3189.465s][info][gc,phases      ] GC(673)   Evacuate Collection Set: 133.55ms
[3189.465s][info][gc,phases      ] GC(673)   Post Evacuate Collection Set: 0.93ms
[3189.465s][info][gc,phases      ] GC(673)   Other: 0.09ms
[3189.465s][info][gc,heap        ] GC(673) Eden regions: 1110->0(1115)
[3189.465s][info][gc,heap        ] GC(673) Survivor regions: 110->113(153)
[3189.465s][info][gc,heap        ] GC(673) Old regions: 535->471
[3189.465s][info][gc,heap        ] GC(673) Humongous regions: 80->80
[3189.465s][info][gc,metaspace   ] GC(673) Metaspace: 28873K(29248K)->28873K(29248K) NonClass: 24005K(24192K)->24005K(24192K) Class: 4868K(5056K)->4868K(5056K)
[3189.465s][info][gc             ] GC(673) Pause Young (Mixed) (G1 Evacuation Pause) 3668M->1326M(4096M) 135.773ms
[3189.465s][info][gc,cpu         ] GC(673) User=0.81s Sys=0.00s Real=0.13s
.. (rIR:aIR:PR = 5396:5398:5398) (tPR = 80089) [OK] 
  3190s: Performance info:
         Transaction,    Success,    Partial,     Failed,   Receipts, AvgBarcode, 
             Overall,     325586,          0,          0,     309267,      59.48, 
         Response times:
             Request,    Success,    Partial,     Failed,   SkipFail,     Probes,    Samples,      min,      p50,      p90,      p95,      p99,      max, 
       TotalPurchase,     309271,          0,          0,          0,     303459,     330266,      300,     4300,     9600,    24000,    65000,   237000,
     InStorePurchase,     162803,          0,          0,          0,     160404,     174028,      300,     4200,     9400,    24000,    64000,   210000,
      OnlinePurchase,     113921,          0,          0,          0,     111566,     121656,      300,     4500,     9800,    26000,    67000,   212000,
        InstPurchase,      32547,          0,          0,          0,      31489,      34582,      300,     4500,     9500,    23000,    64000,   237000,
          AssocOfCat,        325,          0,          0,          0,        267,        353,    19600,    32000,    57000,    63300,   175460,   210000,
      AssocOfProduct,       3262,          0,          0,          0,       3068,       3534,     1100,     6100,    12800,    33000,    76000,   139000,
      BusinessReport,        815,          0,          0,          0,        710,        868,    24000,    36000,    59100,    75000,   167030,   193000,
          CustBuyBeh,       3261,          0,          0,          0,       2995,       3446,      800,     3400,     9500,    23000,    68000,   166000,
       ProductReturn,       8660,          0,          0,          0,       8239,       9128,      700,     4900,    10500,    29000,    70000,   227000,

  3190s: (40%)   IR =   5535 ..[3192.757s][info][gc,start       ] GC(674) Pause Young (Concurrent Start) (G1 Evacuation Pause)
[3192.757s][info][gc,task        ] GC(674) Using 6 workers of 6 for evacuation
[3192.870s][info][gc,phases      ] GC(674)   Pre Evacuate Collection Set: 0.35ms
[3192.871s][info][gc,phases      ] GC(674)   Merge Heap Roots: 0.45ms
[3192.871s][info][gc,phases      ] GC(674)   Evacuate Collection Set: 111.47ms
[3192.871s][info][gc,phases      ] GC(674)   Post Evacuate Collection Set: 0.88ms
[3192.871s][info][gc,phases      ] GC(674)   Other: 0.11ms
[3192.871s][info][gc,heap        ] GC(674) Eden regions: 1115->0(1120)
[3192.871s][info][gc,heap        ] GC(674) Survivor regions: 113->108(154)
[3192.871s][info][gc,heap        ] GC(674) Old regions: 471->504
[3192.871s][info][gc,heap        ] GC(674) Humongous regions: 80->80
[3192.871s][info][gc,metaspace   ] GC(674) Metaspace: 28873K(29248K)->28873K(29248K) NonClass: 24005K(24192K)->24005K(24192K) Class: 4868K(5056K)->4868K(5056K)
[3192.871s][info][gc             ] GC(674) Pause Young (Concurrent Start) (G1 Evacuation Pause) 3556M->1381M(4096M) 113.401ms
[3192.871s][info][gc             ] GC(675) Concurrent Mark Cycle
[3192.871s][info][gc,marking     ] GC(675) Concurrent Scan Root Regions
[3192.871s][info][gc,cpu         ] GC(674) User=0.68s Sys=0.00s Real=0.12s
[3193.046s][info][gc,marking     ] GC(675) Concurrent Scan Root Regions 175.751ms
[3193.046s][info][gc,marking     ] GC(675) Concurrent Mark
[3193.046s][info][gc,marking     ] GC(675) Concurrent Mark From Roots
[3193.046s][info][gc,task        ] GC(675) Using 2 workers of 2 for marking
.[3193.793s][info][gc,marking     ] GC(675) Concurrent Mark From Roots 746.734ms
[3193.793s][info][gc,marking     ] GC(675) Concurrent Preclean
[3193.794s][info][gc,marking     ] GC(675) Concurrent Preclean 0.376ms
[3193.795s][info][gc,start       ] GC(675) Pause Remark
[3193.798s][info][gc             ] GC(675) Pause Remark 2005M->2005M(4096M) 3.298ms
[3193.798s][info][gc,cpu         ] GC(675) User=0.02s Sys=0.00s Real=0.01s
[3193.799s][info][gc,marking     ] GC(675) Concurrent Mark 752.535ms
[3193.799s][info][gc,marking     ] GC(675) Concurrent Rebuild Remembered Sets and Scrub Regions
[3194.098s][info][gc,marking     ] GC(675) Concurrent Rebuild Remembered Sets and Scrub Regions 298.543ms
[3194.098s][info][gc,start       ] GC(675) Pause Cleanup
[3194.098s][info][gc             ] GC(675) Pause Cleanup 2219M->2219M(4096M) 0.126ms
[3194.098s][info][gc,cpu         ] GC(675) User=0.00s Sys=0.00s Real=0.00s
[3194.100s][info][gc,marking     ] GC(675) Concurrent Clear Claimed Marks
[3194.100s][info][gc,marking     ] GC(675) Concurrent Clear Claimed Marks 0.043ms
[3194.100s][info][gc,marking     ] GC(675) Concurrent Cleanup for Next Mark
[3194.104s][info][gc,marking     ] GC(675) Concurrent Cleanup for Next Mark 4.420ms
[3194.104s][info][gc             ] GC(675) Concurrent Mark Cycle 1233.765ms
..|[3196.213s][info][gc,start       ] GC(676) Pause Young (Prepare Mixed) (G1 Evacuation Pause)
[3196.213s][info][gc,task        ] GC(676) Using 6 workers of 6 for evacuation
[3196.332s][info][gc,phases      ] GC(676)   Pre Evacuate Collection Set: 0.30ms
[3196.332s][info][gc,phases      ] GC(676)   Merge Heap Roots: 0.47ms
[3196.332s][info][gc,phases      ] GC(676)   Evacuate Collection Set: 117.17ms
[3196.332s][info][gc,phases      ] GC(676)   Post Evacuate Collection Set: 1.00ms
[3196.332s][info][gc,phases      ] GC(676)   Other: 0.09ms
[3196.332s][info][gc,heap        ] GC(676) Eden regions: 1120->0(1107)
[3196.332s][info][gc,heap        ] GC(676) Survivor regions: 108->111(154)
[3196.332s][info][gc,heap        ] GC(676) Old regions: 504->536
[3196.332s][info][gc,heap        ] GC(676) Humongous regions: 80->80
[3196.332s][info][gc,metaspace   ] GC(676) Metaspace: 28873K(29248K)->28873K(29248K) NonClass: 24005K(24192K)->24005K(24192K) Class: 4868K(5056K)->4868K(5056K)
[3196.332s][info][gc             ] GC(676) Pause Young (Prepare Mixed) (G1 Evacuation Pause) 3621M->1453M(4096M) 119.183ms
[3196.332s][info][gc,cpu         ] GC(676) User=0.71s Sys=0.00s Real=0.12s
...[3199.541s][info][gc,start       ] GC(677) Pause Young (Mixed) (G1 Evacuation Pause)
[3199.541s][info][gc,task        ] GC(677) Using 6 workers of 6 for evacuation
[3199.679s][info][gc,phases      ] GC(677)   Pre Evacuate Collection Set: 0.40ms
[3199.680s][info][gc,phases      ] GC(677)   Merge Heap Roots: 0.71ms
[3199.680s][info][gc,phases      ] GC(677)   Evacuate Collection Set: 135.84ms
[3199.680s][info][gc,phases      ] GC(677)   Post Evacuate Collection Set: 0.97ms
[3199.680s][info][gc,phases      ] GC(677)   Other: 0.09ms
[3199.680s][info][gc,heap        ] GC(677) Eden regions: 1107->0(1117)
[3199.680s][info][gc,heap        ] GC(677) Survivor regions: 111->111(153)
[3199.680s][info][gc,heap        ] GC(677) Old regions: 536->474
[3199.680s][info][gc,heap        ] GC(677) Humongous regions: 80->80
[3199.680s][info][gc,metaspace   ] GC(677) Metaspace: 28873K(29248K)->28873K(29248K) NonClass: 24005K(24192K)->24005K(24192K) Class: 4868K(5056K)->4868K(5056K)
[3199.680s][info][gc             ] GC(677) Pause Young (Mixed) (G1 Evacuation Pause) 3667M->1329M(4096M) 138.170ms
[3199.680s][info][gc,cpu         ] GC(677) User=0.82s Sys=0.00s Real=0.14s
....[3203.010s][info][gc,start       ] GC(678) Pause Young (Concurrent Start) (G1 Evacuation Pause)
[3203.010s][info][gc,task        ] GC(678) Using 6 workers of 6 for evacuation
[3203.127s][info][gc,phases      ] GC(678)   Pre Evacuate Collection Set: 0.35ms
[3203.127s][info][gc,phases      ] GC(678)   Merge Heap Roots: 0.49ms
[3203.127s][info][gc,phases      ] GC(678)   Evacuate Collection Set: 115.04ms
[3203.127s][info][gc,phases      ] GC(678)   Post Evacuate Collection Set: 0.88ms
[3203.127s][info][gc,phases      ] GC(678)   Other: 0.11ms
[3203.127s][info][gc,heap        ] GC(678) Eden regions: 1117->0(1119)
[3203.127s][info][gc,heap        ] GC(678) Survivor regions: 111->109(154)
[3203.127s][info][gc,heap        ] GC(678) Old regions: 474->506
[3203.127s][info][gc,heap        ] GC(678) Humongous regions: 80->80
[3203.127s][info][gc,metaspace   ] GC(678) Metaspace: 28873K(29248K)->28873K(29248K) NonClass: 24005K(24192K)->24005K(24192K) Class: 4868K(5056K)->4868K(5056K)
[3203.127s][info][gc             ] GC(678) Pause Young (Concurrent Start) (G1 Evacuation Pause) 3563M->1388M(4096M) 116.998ms
[3203.127s][info][gc             ] GC(679) Concurrent Mark Cycle
[3203.127s][info][gc,marking     ] GC(679) Concurrent Scan Root Regions
[3203.127s][info][gc,cpu         ] GC(678) User=0.69s Sys=0.00s Real=0.11s
[3203.269s][info][gc,marking     ] GC(679) Concurrent Scan Root Regions 141.698ms
[3203.269s][info][gc,marking     ] GC(679) Concurrent Mark
[3203.269s][info][gc,marking     ] GC(679) Concurrent Mark From Roots
[3203.269s][info][gc,task        ] GC(679) Using 2 workers of 2 for marking
.[3203.934s][info][gc,marking     ] GC(679) Concurrent Mark From Roots 664.657ms
[3203.934s][info][gc,marking     ] GC(679) Concurrent Preclean
[3203.934s][info][gc,marking     ] GC(679) Concurrent Preclean 0.234ms
[3203.934s][info][gc,start       ] GC(679) Pause Remark
[3203.938s][info][gc             ] GC(679) Pause Remark 1984M->1984M(4096M) 3.466ms
[3203.938s][info][gc,cpu         ] GC(679) User=0.01s Sys=0.00s Real=0.01s
[3203.938s][info][gc,marking     ] GC(679) Concurrent Mark 668.900ms
[3203.938s][info][gc,marking     ] GC(679) Concurrent Rebuild Remembered Sets and Scrub Regions
[3204.191s][info][gc,marking     ] GC(679) Concurrent Rebuild Remembered Sets and Scrub Regions 252.971ms
[3204.191s][info][gc,start       ] GC(679) Pause Cleanup
[3204.191s][info][gc             ] GC(679) Pause Cleanup 2157M->2157M(4096M) 0.105ms
[3204.191s][info][gc,cpu         ] GC(679) User=0.00s Sys=0.00s Real=0.00s
[3204.192s][info][gc,marking     ] GC(679) Concurrent Clear Claimed Marks
[3204.192s][info][gc,marking     ] GC(679) Concurrent Clear Claimed Marks 0.032ms
[3204.192s][info][gc,marking     ] GC(679) Concurrent Cleanup for Next Mark
[3204.196s][info][gc,marking     ] GC(679) Concurrent Cleanup for Next Mark 4.683ms
[3204.196s][info][gc             ] GC(679) Concurrent Mark Cycle 1069.154ms
..[3206.426s][info][gc,start       ] GC(680) Pause Young (Prepare Mixed) (G1 Evacuation Pause)
[3206.426s][info][gc,task        ] GC(680) Using 6 workers of 6 for evacuation
[3206.546s][info][gc,phases      ] GC(680)   Pre Evacuate Collection Set: 0.30ms
[3206.546s][info][gc,phases      ] GC(680)   Merge Heap Roots: 0.49ms
[3206.546s][info][gc,phases      ] GC(680)   Evacuate Collection Set: 118.28ms
[3206.546s][info][gc,phases      ] GC(680)   Post Evacuate Collection Set: 0.90ms
[3206.546s][info][gc,phases      ] GC(680)   Other: 0.10ms
[3206.546s][info][gc,heap        ] GC(680) Eden regions: 1119->0(1102)
[3206.546s][info][gc,heap        ] GC(680) Survivor regions: 109->113(154)
[3206.546s][info][gc,heap        ] GC(680) Old regions: 506->537
[3206.546s][info][gc,heap        ] GC(680) Humongous regions: 80->80
[3206.546s][info][gc,metaspace   ] GC(680) Metaspace: 28873K(29248K)->28873K(29248K) NonClass: 24005K(24192K)->24005K(24192K) Class: 4868K(5056K)->4868K(5056K)
[3206.546s][info][gc             ] GC(680) Pause Young (Prepare Mixed) (G1 Evacuation Pause) 3626M->1458M(4096M) 120.214ms
[3206.546s][info][gc,cpu         ] GC(680) User=0.72s Sys=0.00s Real=0.12s
....[3209.813s][info][gc,start       ] GC(681) Pause Young (Mixed) (G1 Evacuation Pause)
[3209.813s][info][gc,task        ] GC(681) Using 6 workers of 6 for evacuation
[3209.944s][info][gc,phases      ] GC(681)   Pre Evacuate Collection Set: 0.36ms
[3209.945s][info][gc,phases      ] GC(681)   Merge Heap Roots: 0.70ms
[3209.945s][info][gc,phases      ] GC(681)   Evacuate Collection Set: 129.22ms
[3209.945s][info][gc,phases      ] GC(681)   Post Evacuate Collection Set: 0.93ms
[3209.945s][info][gc,phases      ] GC(681)   Other: 0.09ms
[3209.945s][info][gc,heap        ] GC(681) Eden regions: 1102->0(1121)
[3209.945s][info][gc,heap        ] GC(681) Survivor regions: 113->107(152)
[3209.945s][info][gc,heap        ] GC(681) Old regions: 537->472
[3209.945s][info][gc,heap        ] GC(681) Humongous regions: 80->80
[3209.945s][info][gc,metaspace   ] GC(681) Metaspace: 28873K(29248K)->28873K(29248K) NonClass: 24005K(24192K)->24005K(24192K) Class: 4868K(5056K)->4868K(5056K)
[3209.945s][info][gc             ] GC(681) Pause Young (Mixed) (G1 Evacuation Pause) 3662M->1315M(4096M) 131.422ms
[3209.945s][info][gc,cpu         ] GC(681) User=0.79s Sys=0.00s Real=0.13s
...[3213.199s][info][gc,start       ] GC(682) Pause Young (Concurrent Start) (G1 Evacuation Pause)
[3213.199s][info][gc,task        ] GC(682) Using 6 workers of 6 for evacuation
[3213.320s][info][gc,phases      ] GC(682)   Pre Evacuate Collection Set: 0.40ms
[3213.320s][info][gc,phases      ] GC(682)   Merge Heap Roots: 0.45ms
[3213.320s][info][gc,phases      ] GC(682)   Evacuate Collection Set: 119.36ms
[3213.320s][info][gc,phases      ] GC(682)   Post Evacuate Collection Set: 0.89ms
[3213.320s][info][gc,phases      ] GC(682)   Other: 0.10ms
[3213.320s][info][gc,heap        ] GC(682) Eden regions: 1121->0(1116)
[3213.320s][info][gc,heap        ] GC(682) Survivor regions: 107->112(154)
[3213.320s][info][gc,heap        ] GC(682) Old regions: 472->504
[3213.320s][info][gc,heap        ] GC(682) Humongous regions: 80->80
[3213.320s][info][gc,metaspace   ] GC(682) Metaspace: 28873K(29248K)->28873K(29248K) NonClass: 24005K(24192K)->24005K(24192K) Class: 4868K(5056K)->4868K(5056K)
[3213.320s][info][gc             ] GC(682) Pause Young (Concurrent Start) (G1 Evacuation Pause) 3557M->1391M(4096M) 121.326ms
[3213.320s][info][gc             ] GC(683) Concurrent Mark Cycle
[3213.320s][info][gc,marking     ] GC(683) Concurrent Scan Root Regions
[3213.320s][info][gc,cpu         ] GC(682) User=0.72s Sys=0.00s Real=0.12s
[3213.469s][info][gc,marking     ] GC(683) Concurrent Scan Root Regions 148.795ms
[3213.469s][info][gc,marking     ] GC(683) Concurrent Mark
[3213.469s][info][gc,marking     ] GC(683) Concurrent Mark From Roots
[3213.469s][info][gc,task        ] GC(683) Using 2 workers of 2 for marking
.[3214.121s][info][gc,marking     ] GC(683) Concurrent Mark From Roots 652.387ms
[3214.122s][info][gc,marking     ] GC(683) Concurrent Preclean
[3214.122s][info][gc,marking     ] GC(683) Concurrent Preclean 0.285ms
[3214.122s][info][gc,start       ] GC(683) Pause Remark
[3214.125s][info][gc             ] GC(683) Pause Remark 1955M->1955M(4096M) 2.974ms
[3214.125s][info][gc,cpu         ] GC(683) User=0.01s Sys=0.00s Real=0.00s
[3214.126s][info][gc,marking     ] GC(683) Concurrent Mark 656.479ms
[3214.126s][info][gc,marking     ] GC(683) Concurrent Rebuild Remembered Sets and Scrub Regions
[3214.369s][info][gc,marking     ] GC(683) Concurrent Rebuild Remembered Sets and Scrub Regions 243.081ms
[3214.369s][info][gc,start       ] GC(683) Pause Cleanup
[3214.369s][info][gc             ] GC(683) Pause Cleanup 2116M->2116M(4096M) 0.118ms
[3214.369s][info][gc,cpu         ] GC(683) User=0.00s Sys=0.00s Real=0.00s
[3214.369s][info][gc,marking     ] GC(683) Concurrent Clear Claimed Marks
[3214.369s][info][gc,marking     ] GC(683) Concurrent Clear Claimed Marks 0.029ms
[3214.369s][info][gc,marking     ] GC(683) Concurrent Cleanup for Next Mark
[3214.372s][info][gc,marking     ] GC(683) Concurrent Cleanup for Next Mark 3.345ms
[3214.372s][info][gc             ] GC(683) Concurrent Mark Cycle 1052.214ms
..[3216.656s][info][gc,start       ] GC(684) Pause Young (Prepare Mixed) (G1 Evacuation Pause)
[3216.656s][info][gc,task        ] GC(684) Using 6 workers of 6 for evacuation
[3216.773s][info][gc,phases      ] GC(684)   Pre Evacuate Collection Set: 0.30ms
[3216.773s][info][gc,phases      ] GC(684)   Merge Heap Roots: 0.52ms
[3216.773s][info][gc,phases      ] GC(684)   Evacuate Collection Set: 116.02ms
[3216.773s][info][gc,phases      ] GC(684)   Post Evacuate Collection Set: 0.93ms
[3216.773s][info][gc,phases      ] GC(684)   Other: 0.09ms
[3216.773s][info][gc,heap        ] GC(684) Eden regions: 1116->0(1107)
[3216.773s][info][gc,heap        ] GC(684) Survivor regions: 112->111(154)
[3216.773s][info][gc,heap        ] GC(684) Old regions: 504->536
[3216.773s][info][gc,heap        ] GC(684) Humongous regions: 80->80
[3216.773s][info][gc,metaspace   ] GC(684) Metaspace: 28873K(29248K)->28873K(29248K) NonClass: 24005K(24192K)->24005K(24192K) Class: 4868K(5056K)->4868K(5056K)
[3216.774s][info][gc             ] GC(684) Pause Young (Prepare Mixed) (G1 Evacuation Pause) 3623M->1452M(4096M) 117.985ms
[3216.774s][info][gc,cpu         ] GC(684) User=0.70s Sys=0.00s Real=0.12s
....[3220.060s][info][gc,start       ] GC(685) Pause Young (Mixed) (G1 Evacuation Pause)
[3220.060s][info][gc,task        ] GC(685) Using 6 workers of 6 for evacuation
[3220.193s][info][gc,phases      ] GC(685)   Pre Evacuate Collection Set: 0.37ms
[3220.193s][info][gc,phases      ] GC(685)   Merge Heap Roots: 0.62ms
[3220.193s][info][gc,phases      ] GC(685)   Evacuate Collection Set: 130.32ms
[3220.193s][info][gc,phases      ] GC(685)   Post Evacuate Collection Set: 0.98ms
[3220.193s][info][gc,phases      ] GC(685)   Other: 0.09ms
[3220.193s][info][gc,heap        ] GC(685) Eden regions: 1107->0(1117)
[3220.193s][info][gc,heap        ] GC(685) Survivor regions: 111->111(153)
[3220.193s][info][gc,heap        ] GC(685) Old regions: 536->474
[3220.193s][info][gc,heap        ] GC(685) Humongous regions: 80->80
[3220.193s][info][gc,metaspace   ] GC(685) Metaspace: 28873K(29248K)->28873K(29248K) NonClass: 24005K(24192K)->24005K(24192K) Class: 4868K(5056K)->4868K(5056K)
[3220.193s][info][gc             ] GC(685) Pause Young (Mixed) (G1 Evacuation Pause) 3666M->1328M(4096M) 132.514ms
[3220.193s][info][gc,cpu         ] GC(685) User=0.79s Sys=0.00s Real=0.13s
...[3223.434s][info][gc,start       ] GC(686) Pause Young (Concurrent Start) (G1 Evacuation Pause)
[3223.434s][info][gc,task        ] GC(686) Using 6 workers of 6 for evacuation
[3223.552s][info][gc,phases      ] GC(686)   Pre Evacuate Collection Set: 0.41ms
[3223.552s][info][gc,phases      ] GC(686)   Merge Heap Roots: 0.44ms
[3223.552s][info][gc,phases      ] GC(686)   Evacuate Collection Set: 116.57ms
[3223.552s][info][gc,phases      ] GC(686)   Post Evacuate Collection Set: 0.89ms
[3223.552s][info][gc,phases      ] GC(686)   Other: 0.11ms
[3223.552s][info][gc,heap        ] GC(686) Eden regions: 1117->0(1118)
[3223.552s][info][gc,heap        ] GC(686) Survivor regions: 111->110(154)
[3223.552s][info][gc,heap        ] GC(686) Old regions: 474->507
[3223.552s][info][gc,heap        ] GC(686) Humongous regions: 80->80
[3223.552s][info][gc,metaspace   ] GC(686) Metaspace: 28873K(29248K)->28873K(29248K) NonClass: 24005K(24192K)->24005K(24192K) Class: 4868K(5056K)->4868K(5056K)
[3223.552s][info][gc             ] GC(686) Pause Young (Concurrent Start) (G1 Evacuation Pause) 3562M->1391M(4096M) 118.564ms
[3223.552s][info][gc             ] GC(687) Concurrent Mark Cycle
[3223.552s][info][gc,marking     ] GC(687) Concurrent Scan Root Regions
[3223.552s][info][gc,cpu         ] GC(686) User=0.70s Sys=0.00s Real=0.12s
[3223.706s][info][gc,marking     ] GC(687) Concurrent Scan Root Regions 153.663ms
[3223.706s][info][gc,marking     ] GC(687) Concurrent Mark
[3223.706s][info][gc,marking     ] GC(687) Concurrent Mark From Roots
[3223.706s][info][gc,task        ] GC(687) Using 2 workers of 2 for marking
.[3224.356s][info][gc,marking     ] GC(687) Concurrent Mark From Roots 649.878ms
[3224.356s][info][gc,marking     ] GC(687) Concurrent Preclean
[3224.356s][info][gc,marking     ] GC(687) Concurrent Preclean 0.182ms
[3224.356s][info][gc,start       ] GC(687) Pause Remark
[3224.358s][info][gc             ] GC(687) Pause Remark 1961M->1961M(4096M) 2.187ms
[3224.358s][info][gc,cpu         ] GC(687) User=0.01s Sys=0.00s Real=0.01s
[3224.358s][info][gc,marking     ] GC(687) Concurrent Mark 652.482ms
[3224.358s][info][gc,marking     ] GC(687) Concurrent Rebuild Remembered Sets and Scrub Regions
[3224.597s][info][gc,marking     ] GC(687) Concurrent Rebuild Remembered Sets and Scrub Regions 238.595ms
[3224.597s][info][gc,start       ] GC(687) Pause Cleanup
[3224.597s][info][gc             ] GC(687) Pause Cleanup 2124M->2124M(4096M) 0.117ms
[3224.597s][info][gc,cpu         ] GC(687) User=0.00s Sys=0.00s Real=0.01s
[3224.597s][info][gc,marking     ] GC(687) Concurrent Clear Claimed Marks
[3224.597s][info][gc,marking     ] GC(687) Concurrent Clear Claimed Marks 0.026ms
[3224.597s][info][gc,marking     ] GC(687) Concurrent Cleanup for Next Mark
[3224.602s][info][gc,marking     ] GC(687) Concurrent Cleanup for Next Mark 4.169ms
[3224.602s][info][gc             ] GC(687) Concurrent Mark Cycle 1049.419ms
..[3226.893s][info][gc,start       ] GC(688) Pause Young (Prepare Mixed) (G1 Evacuation Pause)
[3226.893s][info][gc,task        ] GC(688) Using 6 workers of 6 for evacuation
[3227.009s][info][gc,phases      ] GC(688)   Pre Evacuate Collection Set: 0.33ms
[3227.009s][info][gc,phases      ] GC(688)   Merge Heap Roots: 0.52ms
[3227.009s][info][gc,phases      ] GC(688)   Evacuate Collection Set: 114.25ms
[3227.009s][info][gc,phases      ] GC(688)   Post Evacuate Collection Set: 0.92ms
[3227.009s][info][gc,phases      ] GC(688)   Other: 0.08ms
[3227.009s][info][gc,heap        ] GC(688) Eden regions: 1118->0(1110)
[3227.009s][info][gc,heap        ] GC(688) Survivor regions: 110->108(154)
[3227.009s][info][gc,heap        ] GC(688) Old regions: 507->539
[3227.009s][info][gc,heap        ] GC(688) Humongous regions: 80->80
[3227.009s][info][gc,metaspace   ] GC(688) Metaspace: 28873K(29248K)->28873K(29248K) NonClass: 24005K(24192K)->24005K(24192K) Class: 4868K(5056K)->4868K(5056K)
[3227.009s][info][gc             ] GC(688) Pause Young (Prepare Mixed) (G1 Evacuation Pause) 3627M->1452M(4096M) 116.240ms
[3227.009s][info][gc,cpu         ] GC(688) User=0.69s Sys=0.00s Real=0.12s
....[3230.231s][info][gc,start       ] GC(689) Pause Young (Mixed) (G1 Evacuation Pause)
[3230.231s][info][gc,task        ] GC(689) Using 6 workers of 6 for evacuation
[3230.362s][info][gc,phases      ] GC(689)   Pre Evacuate Collection Set: 0.35ms
[3230.362s][info][gc,phases      ] GC(689)   Merge Heap Roots: 0.63ms
[3230.362s][info][gc,phases      ] GC(689)   Evacuate Collection Set: 128.95ms
[3230.362s][info][gc,phases      ] GC(689)   Post Evacuate Collection Set: 0.94ms
[3230.362s][info][gc,phases      ] GC(689)   Other: 0.09ms
[3230.362s][info][gc,heap        ] GC(689) Eden regions: 1110->0(1118)
[3230.362s][info][gc,heap        ] GC(689) Survivor regions: 108->110(153)
[3230.362s][info][gc,heap        ] GC(689) Old regions: 539->471
[3230.362s][info][gc,heap        ] GC(689) Humongous regions: 80->80
[3230.362s][info][gc,metaspace   ] GC(689) Metaspace: 28873K(29248K)->28873K(29248K) NonClass: 24005K(24192K)->24005K(24192K) Class: 4868K(5056K)->4868K(5056K)
[3230.362s][info][gc             ] GC(689) Pause Young (Mixed) (G1 Evacuation Pause) 3672M->1320M(4096M) 131.099ms
[3230.362s][info][gc,cpu         ] GC(689) User=0.78s Sys=0.00s Real=0.13s
...[3233.707s][info][gc,start       ] GC(690) Pause Young (Concurrent Start) (G1 Evacuation Pause)
[3233.707s][info][gc,task        ] GC(690) Using 6 workers of 6 for evacuation
[3233.822s][info][gc,phases      ] GC(690)   Pre Evacuate Collection Set: 0.34ms
[3233.822s][info][gc,phases      ] GC(690)   Merge Heap Roots: 0.46ms
[3233.822s][info][gc,phases      ] GC(690)   Evacuate Collection Set: 112.49ms
[3233.822s][info][gc,phases      ] GC(690)   Post Evacuate Collection Set: 0.86ms
[3233.822s][info][gc,phases      ] GC(690)   Other: 0.11ms
[3233.822s][info][gc,heap        ] GC(690) Eden regions: 1118->0(1121)
[3233.822s][info][gc,heap        ] GC(690) Survivor regions: 110->107(154)
[3233.822s][info][gc,heap        ] GC(690) Old regions: 471->503
[3233.822s][info][gc,heap        ] GC(690) Humongous regions: 80->80
[3233.822s][info][gc,metaspace   ] GC(690) Metaspace: 28873K(29248K)->28873K(29248K) NonClass: 24005K(24192K)->24005K(24192K) Class: 4868K(5056K)->4868K(5056K)
[3233.822s][info][gc             ] GC(690) Pause Young (Concurrent Start) (G1 Evacuation Pause) 3556M->1379M(4096M) 114.394ms
[3233.822s][info][gc             ] GC(691) Concurrent Mark Cycle
[3233.822s][info][gc,marking     ] GC(691) Concurrent Scan Root Regions
[3233.822s][info][gc,cpu         ] GC(690) User=0.68s Sys=0.00s Real=0.11s
[3233.959s][info][gc,marking     ] GC(691) Concurrent Scan Root Regions 137.271ms
[3233.959s][info][gc,marking     ] GC(691) Concurrent Mark
[3233.959s][info][gc,marking     ] GC(691) Concurrent Mark From Roots
[3233.959s][info][gc,task        ] GC(691) Using 2 workers of 2 for marking
.[3234.945s][info][gc,marking     ] GC(691) Concurrent Mark From Roots 985.344ms
[3234.945s][info][gc,marking     ] GC(691) Concurrent Preclean
[3234.945s][info][gc,marking     ] GC(691) Concurrent Preclean 0.107ms
[3234.945s][info][gc,start       ] GC(691) Pause Remark
[3234.948s][info][gc             ] GC(691) Pause Remark 2176M->2176M(4096M) 2.866ms
[3234.948s][info][gc,cpu         ] GC(691) User=0.01s Sys=0.00s Real=0.01s
[3234.948s][info][gc,marking     ] GC(691) Concurrent Mark 988.764ms
[3234.948s][info][gc,marking     ] GC(691) Concurrent Rebuild Remembered Sets and Scrub Regions
.[3235.307s][info][gc,marking     ] GC(691) Concurrent Rebuild Remembered Sets and Scrub Regions 358.816ms
[3235.307s][info][gc,start       ] GC(691) Pause Cleanup
[3235.307s][info][gc             ] GC(691) Pause Cleanup 2416M->2416M(4096M) 0.104ms
[3235.307s][info][gc,cpu         ] GC(691) User=0.00s Sys=0.00s Real=0.00s
[3235.307s][info][gc,marking     ] GC(691) Concurrent Clear Claimed Marks
[3235.307s][info][gc,marking     ] GC(691) Concurrent Clear Claimed Marks 0.021ms
[3235.307s][info][gc,marking     ] GC(691) Concurrent Cleanup for Next Mark
[3235.311s][info][gc,marking     ] GC(691) Concurrent Cleanup for Next Mark 4.207ms
[3235.311s][info][gc             ] GC(691) Concurrent Mark Cycle 1489.469ms
..[3237.098s][info][gc,start       ] GC(692) Pause Young (Prepare Mixed) (G1 Evacuation Pause)
[3237.098s][info][gc,task        ] GC(692) Using 6 workers of 6 for evacuation
[3237.214s][info][gc,phases      ] GC(692)   Pre Evacuate Collection Set: 0.35ms
[3237.214s][info][gc,phases      ] GC(692)   Merge Heap Roots: 0.53ms
[3237.214s][info][gc,phases      ] GC(692)   Evacuate Collection Set: 113.69ms
[3237.214s][info][gc,phases      ] GC(692)   Post Evacuate Collection Set: 0.94ms
[3237.214s][info][gc,phases      ] GC(692)   Other: 0.09ms
[3237.214s][info][gc,heap        ] GC(692) Eden regions: 1121->0(1110)
[3237.214s][info][gc,heap        ] GC(692) Survivor regions: 107->110(154)
[3237.214s][info][gc,heap        ] GC(692) Old regions: 503->535
[3237.214s][info][gc,heap        ] GC(692) Humongous regions: 80->80
[3237.214s][info][gc,metaspace   ] GC(692) Metaspace: 28873K(29248K)->28873K(29248K) NonClass: 24005K(24192K)->24005K(24192K) Class: 4868K(5056K)->4868K(5056K)
[3237.214s][info][gc             ] GC(692) Pause Young (Prepare Mixed) (G1 Evacuation Pause) 3621M->1448M(4096M) 115.743ms
[3237.214s][info][gc,cpu         ] GC(692) User=0.69s Sys=0.00s Real=0.11s
...[3240.502s][info][gc,start       ] GC(693) Pause Young (Mixed) (G1 Evacuation Pause)
[3240.502s][info][gc,task        ] GC(693) Using 6 workers of 6 for evacuation
[3240.640s][info][gc,phases      ] GC(693)   Pre Evacuate Collection Set: 0.35ms
[3240.640s][info][gc,phases      ] GC(693)   Merge Heap Roots: 0.77ms
[3240.640s][info][gc,phases      ] GC(693)   Evacuate Collection Set: 135.48ms
[3240.640s][info][gc,phases      ] GC(693)   Post Evacuate Collection Set: 0.95ms
[3240.640s][info][gc,phases      ] GC(693)   Other: 0.09ms
[3240.640s][info][gc,heap        ] GC(693) Eden regions: 1110->0(1117)
[3240.640s][info][gc,heap        ] GC(693) Survivor regions: 110->111(153)
[3240.640s][info][gc,heap        ] GC(693) Old regions: 535->471
[3240.640s][info][gc,heap        ] GC(693) Humongous regions: 80->80
[3240.640s][info][gc,metaspace   ] GC(693) Metaspace: 28873K(29248K)->28873K(29248K) NonClass: 24005K(24192K)->24005K(24192K) Class: 4868K(5056K)->4868K(5056K)
[3240.640s][info][gc             ] GC(693) Pause Young (Mixed) (G1 Evacuation Pause) 3668M->1323M(4096M) 137.761ms
[3240.640s][info][gc,cpu         ] GC(693) User=0.83s Sys=0.00s Real=0.14s
...[3243.908s][info][gc,start       ] GC(694) Pause Young (Concurrent Start) (G1 Evacuation Pause)
[3243.908s][info][gc,task        ] GC(694) Using 6 workers of 6 for evacuation
[3244.023s][info][gc,phases      ] GC(694)   Pre Evacuate Collection Set: 0.35ms
[3244.023s][info][gc,phases      ] GC(694)   Merge Heap Roots: 0.52ms
[3244.023s][info][gc,phases      ] GC(694)   Evacuate Collection Set: 113.50ms
[3244.023s][info][gc,phases      ] GC(694)   Post Evacuate Collection Set: 0.87ms
[3244.023s][info][gc,phases      ] GC(694)   Other: 0.11ms
[3244.023s][info][gc,heap        ] GC(694) Eden regions: 1117->0(1120)
[3244.023s][info][gc,heap        ] GC(694) Survivor regions: 111->108(154)
[3244.023s][info][gc,heap        ] GC(694) Old regions: 471->504
[3244.023s][info][gc,heap        ] GC(694) Humongous regions: 80->80
[3244.023s][info][gc,metaspace   ] GC(694) Metaspace: 28873K(29248K)->28873K(29248K) NonClass: 24005K(24192K)->24005K(24192K) Class: 4868K(5056K)->4868K(5056K)
[3244.023s][info][gc             ] GC(694) Pause Young (Concurrent Start) (G1 Evacuation Pause) 3557M->1382M(4096M) 115.472ms
[3244.023s][info][gc             ] GC(695) Concurrent Mark Cycle
[3244.023s][info][gc,marking     ] GC(695) Concurrent Scan Root Regions
[3244.023s][info][gc,cpu         ] GC(694) User=0.68s Sys=0.00s Real=0.11s
.[3244.204s][info][gc,marking     ] GC(695) Concurrent Scan Root Regions 180.831ms
[3244.204s][info][gc,marking     ] GC(695) Concurrent Mark
[3244.204s][info][gc,marking     ] GC(695) Concurrent Mark From Roots
[3244.204s][info][gc,task        ] GC(695) Using 2 workers of 2 for marking
[3245.017s][info][gc,marking     ] GC(695) Concurrent Mark From Roots 813.476ms
[3245.017s][info][gc,marking     ] GC(695) Concurrent Preclean
[3245.018s][info][gc,marking     ] GC(695) Concurrent Preclean 0.190ms
[3245.018s][info][gc,start       ] GC(695) Pause Remark
[3245.021s][info][gc             ] GC(695) Pause Remark 2127M->2127M(4096M) 3.394ms
[3245.021s][info][gc,cpu         ] GC(695) User=0.02s Sys=0.00s Real=0.00s
[3245.021s][info][gc,marking     ] GC(695) Concurrent Mark 817.316ms
[3245.021s][info][gc,marking     ] GC(695) Concurrent Rebuild Remembered Sets and Scrub Regions
.[3245.303s][info][gc,marking     ] GC(695) Concurrent Rebuild Remembered Sets and Scrub Regions 281.871ms
[3245.303s][info][gc,start       ] GC(695) Pause Cleanup
[3245.303s][info][gc             ] GC(695) Pause Cleanup 2309M->2309M(4096M) 0.116ms
[3245.303s][info][gc,cpu         ] GC(695) User=0.00s Sys=0.00s Real=0.00s
[3245.303s][info][gc,marking     ] GC(695) Concurrent Clear Claimed Marks
[3245.303s][info][gc,marking     ] GC(695) Concurrent Clear Claimed Marks 0.037ms
[3245.303s][info][gc,marking     ] GC(695) Concurrent Cleanup for Next Mark
[3245.308s][info][gc,marking     ] GC(695) Concurrent Cleanup for Next Mark 4.356ms
[3245.308s][info][gc             ] GC(695) Concurrent Mark Cycle 1284.866ms
..[3247.311s][info][gc,start       ] GC(696) Pause Young (Prepare Mixed) (G1 Evacuation Pause)
[3247.311s][info][gc,task        ] GC(696) Using 6 workers of 6 for evacuation
[3247.428s][info][gc,phases      ] GC(696)   Pre Evacuate Collection Set: 0.36ms
[3247.428s][info][gc,phases      ] GC(696)   Merge Heap Roots: 0.51ms
[3247.428s][info][gc,phases      ] GC(696)   Evacuate Collection Set: 114.68ms
[3247.428s][info][gc,phases      ] GC(696)   Post Evacuate Collection Set: 0.92ms
[3247.428s][info][gc,phases      ] GC(696)   Other: 0.08ms
[3247.428s][info][gc,heap        ] GC(696) Eden regions: 1120->0(1109)
[3247.428s][info][gc,heap        ] GC(696) Survivor regions: 108->110(154)
[3247.428s][info][gc,heap        ] GC(696) Old regions: 504->536
[3247.428s][info][gc,heap        ] GC(696) Humongous regions: 80->80
[3247.428s][info][gc,metaspace   ] GC(696) Metaspace: 28873K(29248K)->28873K(29248K) NonClass: 24005K(24192K)->24005K(24192K) Class: 4868K(5056K)->4868K(5056K)
[3247.428s][info][gc             ] GC(696) Pause Young (Prepare Mixed) (G1 Evacuation Pause) 3622M->1449M(4096M) 116.679ms
[3247.428s][info][gc,cpu         ] GC(696) User=0.70s Sys=0.00s Real=0.12s
...[3250.706s][info][gc,start       ] GC(697) Pause Young (Mixed) (G1 Evacuation Pause)
[3250.706s][info][gc,task        ] GC(697) Using 6 workers of 6 for evacuation
[3250.840s][info][gc,phases      ] GC(697)   Pre Evacuate Collection Set: 0.33ms
[3250.840s][info][gc,phases      ] GC(697)   Merge Heap Roots: 0.64ms
[3250.840s][info][gc,phases      ] GC(697)   Evacuate Collection Set: 132.07ms
[3250.840s][info][gc,phases      ] GC(697)   Post Evacuate Collection Set: 0.91ms
[3250.840s][info][gc,phases      ] GC(697)   Other: 0.09ms
[3250.840s][info][gc,heap        ] GC(697) Eden regions: 1109->0(1117)
[3250.840s][info][gc,heap        ] GC(697) Survivor regions: 110->111(153)
[3250.840s][info][gc,heap        ] GC(697) Old regions: 536->473
[3250.840s][info][gc,heap        ] GC(697) Humongous regions: 80->80
[3250.840s][info][gc,metaspace   ] GC(697) Metaspace: 28873K(29248K)->28873K(29248K) NonClass: 24005K(24192K)->24005K(24192K) Class: 4868K(5056K)->4868K(5056K)
[3250.840s][info][gc             ] GC(697) Pause Young (Mixed) (G1 Evacuation Pause) 3667M->1326M(4096M) 134.185ms
[3250.840s][info][gc,cpu         ] GC(697) User=0.79s Sys=0.00s Real=0.14s
...[3254.157s][info][gc,start       ] GC(698) Pause Young (Concurrent Start) (G1 Evacuation Pause)
[3254.157s][info][gc,task        ] GC(698) Using 6 workers of 6 for evacuation
[3254.273s][info][gc,phases      ] GC(698)   Pre Evacuate Collection Set: 0.40ms
[3254.273s][info][gc,phases      ] GC(698)   Merge Heap Roots: 0.46ms
[3254.273s][info][gc,phases      ] GC(698)   Evacuate Collection Set: 114.01ms
[3254.273s][info][gc,phases      ] GC(698)   Post Evacuate Collection Set: 0.87ms
[3254.273s][info][gc,phases      ] GC(698)   Other: 0.11ms
[3254.273s][info][gc,heap        ] GC(698) Eden regions: 1117->0(1119)
[3254.273s][info][gc,heap        ] GC(698) Survivor regions: 111->109(154)
[3254.273s][info][gc,heap        ] GC(698) Old regions: 473->505
[3254.273s][info][gc,heap        ] GC(698) Humongous regions: 80->80
[3254.273s][info][gc,metaspace   ] GC(698) Metaspace: 28873K(29248K)->28873K(29248K) NonClass: 24005K(24192K)->24005K(24192K) Class: 4868K(5056K)->4868K(5056K)
[3254.273s][info][gc             ] GC(698) Pause Young (Concurrent Start) (G1 Evacuation Pause) 3560M->1387M(4096M) 115.969ms
[3254.273s][info][gc             ] GC(699) Concurrent Mark Cycle
[3254.273s][info][gc,marking     ] GC(699) Concurrent Scan Root Regions
[3254.273s][info][gc,cpu         ] GC(698) User=0.69s Sys=0.00s Real=0.12s
.[3254.450s][info][gc,marking     ] GC(699) Concurrent Scan Root Regions 177.458ms
[3254.450s][info][gc,marking     ] GC(699) Concurrent Mark
[3254.450s][info][gc,marking     ] GC(699) Concurrent Mark From Roots
[3254.450s][info][gc,task        ] GC(699) Using 2 workers of 2 for marking
.[3255.353s][info][gc,marking     ] GC(699) Concurrent Mark From Roots 903.042ms
[3255.353s][info][gc,marking     ] GC(699) Concurrent Preclean
[3255.354s][info][gc,marking     ] GC(699) Concurrent Preclean 0.212ms
[3255.354s][info][gc,start       ] GC(699) Pause Remark
[3255.356s][info][gc             ] GC(699) Pause Remark 2166M->2166M(4096M) 2.623ms
[3255.357s][info][gc,cpu         ] GC(699) User=0.01s Sys=0.00s Real=0.00s
[3255.357s][info][gc,marking     ] GC(699) Concurrent Mark 906.269ms
[3255.357s][info][gc,marking     ] GC(699) Concurrent Rebuild Remembered Sets and Scrub Regions
[3255.726s][info][gc,marking     ] GC(699) Concurrent Rebuild Remembered Sets and Scrub Regions 369.521ms
[3255.726s][info][gc,start       ] GC(699) Pause Cleanup
[3255.726s][info][gc             ] GC(699) Pause Cleanup 2443M->2443M(4096M) 0.116ms
[3255.726s][info][gc,cpu         ] GC(699) User=0.00s Sys=0.00s Real=0.00s
[3255.726s][info][gc,marking     ] GC(699) Concurrent Clear Claimed Marks
[3255.726s][info][gc,marking     ] GC(699) Concurrent Clear Claimed Marks 0.022ms
[3255.726s][info][gc,marking     ] GC(699) Concurrent Cleanup for Next Mark
[3255.730s][info][gc,marking     ] GC(699) Concurrent Cleanup for Next Mark 3.397ms
[3255.730s][info][gc             ] GC(699) Concurrent Mark Cycle 1457.132ms
. (rIR:aIR:PR = 5535:5536:5536) (tPR = 81973) [OK] 
  3256s: Performance info:
         Transaction,    Success,    Partial,     Failed,   Receipts, AvgBarcode, 
             Overall,     335339,          0,          0,     318563,      59.47, 
         Response times:
             Request,    Success,    Partial,     Failed,   SkipFail,     Probes,    Samples,      min,      p50,      p90,      p95,      p99,      max, 
       TotalPurchase,     318563,          0,          0,          0,     311794,     340245,      300,     4500,    10700,    26000,    81000,   242000,
     InStorePurchase,     167704,          0,          0,          0,     164625,     179199,      300,     4400,    10500,    25000,    80000,   242000,
      OnlinePurchase,     117306,          0,          0,          0,     114689,     125276,      300,     4700,    11000,    27000,    84000,   240000,
        InstPurchase,      33553,          0,          0,          0,      32480,      35770,      400,     4000,    10200,    23000,    74000,   242000,
          AssocOfCat,        339,          0,          0,          0,        258,        345,    18100,    33000,    60000,   111900,   238000,   280000,
      AssocOfProduct,       3349,          0,          0,          0,       3090,       3588,      700,     4900,    11910,    31000,    90000,   179000,
      BusinessReport,        839,          0,          0,          0,        719,        910,    24000,    37000,    70000,    93000,   167000,   252000,
          CustBuyBeh,       3362,          0,          0,          0,       3089,       3503,      200,     4400,    10700,    28000,    84000,   142000,
       ProductReturn,       8887,          0,          0,          0,       8536,       9559,      200,     4400,    11000,    26000,    81000,   179000,

  3256s: (41%)   IR =   5673 .[3257.487s][info][gc,start       ] GC(700) Pause Young (Prepare Mixed) (G1 Evacuation Pause)
[3257.487s][info][gc,task        ] GC(700) Using 6 workers of 6 for evacuation
[3257.604s][info][gc,phases      ] GC(700)   Pre Evacuate Collection Set: 0.31ms
[3257.604s][info][gc,phases      ] GC(700)   Merge Heap Roots: 0.57ms
[3257.604s][info][gc,phases      ] GC(700)   Evacuate Collection Set: 115.22ms
[3257.604s][info][gc,phases      ] GC(700)   Post Evacuate Collection Set: 0.92ms
[3257.604s][info][gc,phases      ] GC(700)   Other: 0.08ms
[3257.604s][info][gc,heap        ] GC(700) Eden regions: 1119->0(1104)
[3257.604s][info][gc,heap        ] GC(700) Survivor regions: 109->112(154)
[3257.604s][info][gc,heap        ] GC(700) Old regions: 505->537
[3257.604s][info][gc,heap        ] GC(700) Humongous regions: 80->80
[3257.604s][info][gc,metaspace   ] GC(700) Metaspace: 28873K(29248K)->28873K(29248K) NonClass: 24005K(24192K)->24005K(24192K) Class: 4868K(5056K)->4868K(5056K)
[3257.604s][info][gc             ] GC(700) Pause Young (Prepare Mixed) (G1 Evacuation Pause) 3625M->1455M(4096M) 117.238ms
[3257.604s][info][gc,cpu         ] GC(700) User=0.69s Sys=0.01s Real=0.12s
...[3260.821s][info][gc,start       ] GC(701) Pause Young (Mixed) (G1 Evacuation Pause)
[3260.821s][info][gc,task        ] GC(701) Using 6 workers of 6 for evacuation
[3260.954s][info][gc,phases      ] GC(701)   Pre Evacuate Collection Set: 0.40ms
[3260.954s][info][gc,phases      ] GC(701)   Merge Heap Roots: 0.67ms
[3260.954s][info][gc,phases      ] GC(701)   Evacuate Collection Set: 131.20ms
[3260.954s][info][gc,phases      ] GC(701)   Post Evacuate Collection Set: 0.92ms
[3260.954s][info][gc,phases      ] GC(701)   Other: 0.09ms
[3260.954s][info][gc,heap        ] GC(701) Eden regions: 1104->0(1118)
[3260.954s][info][gc,heap        ] GC(701) Survivor regions: 112->110(152)
[3260.954s][info][gc,heap        ] GC(701) Old regions: 537->471
[3260.954s][info][gc,heap        ] GC(701) Humongous regions: 80->80
[3260.954s][info][gc,metaspace   ] GC(701) Metaspace: 28873K(29248K)->28873K(29248K) NonClass: 24005K(24192K)->24005K(24192K) Class: 4868K(5056K)->4868K(5056K)
[3260.954s][info][gc             ] GC(701) Pause Young (Mixed) (G1 Evacuation Pause) 3663M->1320M(4096M) 133.399ms
[3260.954s][info][gc,cpu         ] GC(701) User=0.79s Sys=0.00s Real=0.13s
.|..[3264.097s][info][gc,start       ] GC(702) Pause Young (Concurrent Start) (G1 Evacuation Pause)
[3264.097s][info][gc,task        ] GC(702) Using 6 workers of 6 for evacuation
[3264.212s][info][gc,phases      ] GC(702)   Pre Evacuate Collection Set: 0.40ms
[3264.212s][info][gc,phases      ] GC(702)   Merge Heap Roots: 0.46ms
[3264.212s][info][gc,phases      ] GC(702)   Evacuate Collection Set: 112.78ms
[3264.212s][info][gc,phases      ] GC(702)   Post Evacuate Collection Set: 0.88ms
[3264.212s][info][gc,phases      ] GC(702)   Other: 0.13ms
[3264.212s][info][gc,heap        ] GC(702) Eden regions: 1118->0(1119)
[3264.212s][info][gc,heap        ] GC(702) Survivor regions: 110->109(154)
[3264.212s][info][gc,heap        ] GC(702) Old regions: 471->503
[3264.212s][info][gc,heap        ] GC(702) Humongous regions: 80->80
[3264.212s][info][gc,metaspace   ] GC(702) Metaspace: 28873K(29248K)->28873K(29248K) NonClass: 24005K(24192K)->24005K(24192K) Class: 4868K(5056K)->4868K(5056K)
[3264.212s][info][gc             ] GC(702) Pause Young (Concurrent Start) (G1 Evacuation Pause) 3556M->1381M(4096M) 114.779ms
[3264.212s][info][gc             ] GC(703) Concurrent Mark Cycle
[3264.212s][info][gc,marking     ] GC(703) Concurrent Scan Root Regions
[3264.212s][info][gc,cpu         ] GC(702) User=0.68s Sys=0.00s Real=0.12s
.[3264.391s][info][gc,marking     ] GC(703) Concurrent Scan Root Regions 178.902ms
[3264.391s][info][gc,marking     ] GC(703) Concurrent Mark
[3264.391s][info][gc,marking     ] GC(703) Concurrent Mark From Roots
[3264.391s][info][gc,task        ] GC(703) Using 2 workers of 2 for marking
[3265.345s][info][gc,marking     ] GC(703) Concurrent Mark From Roots 954.095ms
[3265.345s][info][gc,marking     ] GC(703) Concurrent Preclean
[3265.345s][info][gc,marking     ] GC(703) Concurrent Preclean 0.105ms
[3265.345s][info][gc,start       ] GC(703) Pause Remark
[3265.349s][info][gc             ] GC(703) Pause Remark 2152M->2152M(4096M) 3.664ms
[3265.349s][info][gc,cpu         ] GC(703) User=0.01s Sys=0.00s Real=0.01s
[3265.349s][info][gc,marking     ] GC(703) Concurrent Mark 958.105ms
[3265.349s][info][gc,marking     ] GC(703) Concurrent Rebuild Remembered Sets and Scrub Regions
.[3265.643s][info][gc,marking     ] GC(703) Concurrent Rebuild Remembered Sets and Scrub Regions 294.343ms
[3265.644s][info][gc,start       ] GC(703) Pause Cleanup
[3265.644s][info][gc             ] GC(703) Pause Cleanup 2373M->2373M(4096M) 0.125ms
[3265.644s][info][gc,cpu         ] GC(703) User=0.00s Sys=0.00s Real=0.00s
[3265.644s][info][gc,marking     ] GC(703) Concurrent Clear Claimed Marks
[3265.644s][info][gc,marking     ] GC(703) Concurrent Clear Claimed Marks 0.027ms
[3265.644s][info][gc,marking     ] GC(703) Concurrent Cleanup for Next Mark
[3265.650s][info][gc,marking     ] GC(703) Concurrent Cleanup for Next Mark 6.014ms
[3265.650s][info][gc             ] GC(703) Concurrent Mark Cycle 1438.386ms
..[3267.595s][info][gc,start       ] GC(704) Pause Young (Prepare Mixed) (G1 Evacuation Pause)
[3267.595s][info][gc,task        ] GC(704) Using 6 workers of 6 for evacuation
[3267.717s][info][gc,phases      ] GC(704)   Pre Evacuate Collection Set: 0.34ms
[3267.717s][info][gc,phases      ] GC(704)   Merge Heap Roots: 0.51ms
[3267.717s][info][gc,phases      ] GC(704)   Evacuate Collection Set: 120.25ms
[3267.717s][info][gc,phases      ] GC(704)   Post Evacuate Collection Set: 0.93ms
[3267.717s][info][gc,phases      ] GC(704)   Other: 0.08ms
[3267.717s][info][gc,heap        ] GC(704) Eden regions: 1119->0(1103)
[3267.717s][info][gc,heap        ] GC(704) Survivor regions: 109->114(154)
[3267.717s][info][gc,heap        ] GC(704) Old regions: 503->534
[3267.717s][info][gc,heap        ] GC(704) Humongous regions: 80->80
[3267.717s][info][gc,metaspace   ] GC(704) Metaspace: 28873K(29248K)->28873K(29248K) NonClass: 24005K(24192K)->24005K(24192K) Class: 4868K(5056K)->4868K(5056K)
[3267.717s][info][gc             ] GC(704) Pause Young (Prepare Mixed) (G1 Evacuation Pause) 3619M->1454M(4096M) 122.248ms
[3267.717s][info][gc,cpu         ] GC(704) User=0.72s Sys=0.00s Real=0.12s
...[3270.752s][info][gc,start       ] GC(705) Pause Young (Mixed) (G1 Evacuation Pause)
[3270.752s][info][gc,task        ] GC(705) Using 6 workers of 6 for evacuation
[3270.888s][info][gc,phases      ] GC(705)   Pre Evacuate Collection Set: 0.36ms
[3270.888s][info][gc,phases      ] GC(705)   Merge Heap Roots: 0.78ms
[3270.888s][info][gc,phases      ] GC(705)   Evacuate Collection Set: 134.13ms
[3270.888s][info][gc,phases      ] GC(705)   Post Evacuate Collection Set: 0.94ms
[3270.888s][info][gc,phases      ] GC(705)   Other: 0.09ms
[3270.888s][info][gc,heap        ] GC(705) Eden regions: 1103->0(1118)
[3270.888s][info][gc,heap        ] GC(705) Survivor regions: 114->110(153)
[3270.888s][info][gc,heap        ] GC(705) Old regions: 534->471
[3270.888s][info][gc,heap        ] GC(705) Humongous regions: 80->80
[3270.888s][info][gc,metaspace   ] GC(705) Metaspace: 28873K(29248K)->28873K(29248K) NonClass: 24005K(24192K)->24005K(24192K) Class: 4868K(5056K)->4868K(5056K)
[3270.888s][info][gc             ] GC(705) Pause Young (Mixed) (G1 Evacuation Pause) 3660M->1319M(4096M) 136.425ms
[3270.888s][info][gc,cpu         ] GC(705) User=0.82s Sys=0.00s Real=0.14s
...[3274.129s][info][gc,start       ] GC(706) Pause Young (Concurrent Start) (G1 Evacuation Pause)
[3274.129s][info][gc,task        ] GC(706) Using 6 workers of 6 for evacuation
[3274.246s][info][gc,phases      ] GC(706)   Pre Evacuate Collection Set: 0.38ms
[3274.246s][info][gc,phases      ] GC(706)   Merge Heap Roots: 0.45ms
[3274.246s][info][gc,phases      ] GC(706)   Evacuate Collection Set: 114.89ms
[3274.246s][info][gc,phases      ] GC(706)   Post Evacuate Collection Set: 0.88ms
[3274.246s][info][gc,phases      ] GC(706)   Other: 0.10ms
[3274.246s][info][gc,heap        ] GC(706) Eden regions: 1118->0(1119)
[3274.246s][info][gc,heap        ] GC(706) Survivor regions: 110->109(154)
[3274.246s][info][gc,heap        ] GC(706) Old regions: 471->504
[3274.246s][info][gc,heap        ] GC(706) Humongous regions: 80->80
[3274.246s][info][gc,metaspace   ] GC(706) Metaspace: 28873K(29248K)->28873K(29248K) NonClass: 24005K(24192K)->24005K(24192K) Class: 4868K(5056K)->4868K(5056K)
[3274.246s][info][gc             ] GC(706) Pause Young (Concurrent Start) (G1 Evacuation Pause) 3555M->1384M(4096M) 116.847ms
[3274.246s][info][gc             ] GC(707) Concurrent Mark Cycle
[3274.246s][info][gc,marking     ] GC(707) Concurrent Scan Root Regions
[3274.246s][info][gc,cpu         ] GC(706) User=0.70s Sys=0.00s Real=0.11s
.[3274.417s][info][gc,marking     ] GC(707) Concurrent Scan Root Regions 171.271ms
[3274.417s][info][gc,marking     ] GC(707) Concurrent Mark
[3274.417s][info][gc,marking     ] GC(707) Concurrent Mark From Roots
[3274.417s][info][gc,task        ] GC(707) Using 2 workers of 2 for marking
[3275.380s][info][gc,marking     ] GC(707) Concurrent Mark From Roots 962.430ms
[3275.380s][info][gc,marking     ] GC(707) Concurrent Preclean
[3275.380s][info][gc,marking     ] GC(707) Concurrent Preclean 0.172ms
[3275.380s][info][gc,start       ] GC(707) Pause Remark
[3275.383s][info][gc             ] GC(707) Pause Remark 2236M->2236M(4096M) 3.260ms
[3275.383s][info][gc,cpu         ] GC(707) User=0.02s Sys=0.00s Real=0.00s
[3275.383s][info][gc,marking     ] GC(707) Concurrent Mark 966.128ms
[3275.383s][info][gc,marking     ] GC(707) Concurrent Rebuild Remembered Sets and Scrub Regions
.[3275.630s][info][gc,marking     ] GC(707) Concurrent Rebuild Remembered Sets and Scrub Regions 247.022ms
[3275.631s][info][gc,start       ] GC(707) Pause Cleanup
[3275.631s][info][gc             ] GC(707) Pause Cleanup 2398M->2398M(4096M) 0.113ms
[3275.631s][info][gc,cpu         ] GC(707) User=0.00s Sys=0.00s Real=0.00s
[3275.631s][info][gc,marking     ] GC(707) Concurrent Clear Claimed Marks
[3275.631s][info][gc,marking     ] GC(707) Concurrent Clear Claimed Marks 0.025ms
[3275.631s][info][gc,marking     ] GC(707) Concurrent Cleanup for Next Mark
[3275.636s][info][gc,marking     ] GC(707) Concurrent Cleanup for Next Mark 4.714ms
[3275.636s][info][gc             ] GC(707) Concurrent Mark Cycle 1389.659ms
..[3277.459s][info][gc,start       ] GC(708) Pause Young (Prepare Mixed) (G1 Evacuation Pause)
[3277.459s][info][gc,task        ] GC(708) Using 6 workers of 6 for evacuation
[3277.578s][info][gc,phases      ] GC(708)   Pre Evacuate Collection Set: 0.32ms
[3277.578s][info][gc,phases      ] GC(708)   Merge Heap Roots: 0.49ms
[3277.578s][info][gc,phases      ] GC(708)   Evacuate Collection Set: 116.66ms
[3277.578s][info][gc,phases      ] GC(708)   Post Evacuate Collection Set: 0.92ms
[3277.578s][info][gc,phases      ] GC(708)   Other: 0.09ms
[3277.578s][info][gc,heap        ] GC(708) Eden regions: 1119->0(1106)
[3277.578s][info][gc,heap        ] GC(708) Survivor regions: 109->112(154)
[3277.578s][info][gc,heap        ] GC(708) Old regions: 504->535
[3277.578s][info][gc,heap        ] GC(708) Humongous regions: 80->80
[3277.578s][info][gc,metaspace   ] GC(708) Metaspace: 28873K(29248K)->28873K(29248K) NonClass: 24005K(24192K)->24005K(24192K) Class: 4868K(5056K)->4868K(5056K)
[3277.578s][info][gc             ] GC(708) Pause Young (Prepare Mixed) (G1 Evacuation Pause) 3622M->1452M(4096M) 118.615ms
[3277.578s][info][gc,cpu         ] GC(708) User=0.71s Sys=0.00s Real=0.12s
...[3280.777s][info][gc,start       ] GC(709) Pause Young (Mixed) (G1 Evacuation Pause)
[3280.777s][info][gc,task        ] GC(709) Using 6 workers of 6 for evacuation
[3280.909s][info][gc,phases      ] GC(709)   Pre Evacuate Collection Set: 0.38ms
[3280.909s][info][gc,phases      ] GC(709)   Merge Heap Roots: 0.73ms
[3280.909s][info][gc,phases      ] GC(709)   Evacuate Collection Set: 129.75ms
[3280.909s][info][gc,phases      ] GC(709)   Post Evacuate Collection Set: 0.93ms
[3280.909s][info][gc,phases      ] GC(709)   Other: 0.09ms
[3280.909s][info][gc,heap        ] GC(709) Eden regions: 1106->0(1120)
[3280.909s][info][gc,heap        ] GC(709) Survivor regions: 112->108(153)
[3280.909s][info][gc,heap        ] GC(709) Old regions: 535->472
[3280.909s][info][gc,heap        ] GC(709) Humongous regions: 80->80
[3280.909s][info][gc,metaspace   ] GC(709) Metaspace: 28873K(29248K)->28873K(29248K) NonClass: 24005K(24192K)->24005K(24192K) Class: 4868K(5056K)->4868K(5056K)
[3280.909s][info][gc             ] GC(709) Pause Young (Mixed) (G1 Evacuation Pause) 3664M->1319M(4096M) 132.004ms
[3280.909s][info][gc,cpu         ] GC(709) User=0.79s Sys=0.00s Real=0.14s
...[3284.103s][info][gc,start       ] GC(710) Pause Young (Concurrent Start) (G1 Evacuation Pause)
[3284.103s][info][gc,task        ] GC(710) Using 6 workers of 6 for evacuation
[3284.220s][info][gc,phases      ] GC(710)   Pre Evacuate Collection Set: 0.38ms
[3284.220s][info][gc,phases      ] GC(710)   Merge Heap Roots: 0.46ms
[3284.220s][info][gc,phases      ] GC(710)   Evacuate Collection Set: 114.58ms
[3284.220s][info][gc,phases      ] GC(710)   Post Evacuate Collection Set: 0.89ms
[3284.220s][info][gc,phases      ] GC(710)   Other: 0.12ms
[3284.220s][info][gc,heap        ] GC(710) Eden regions: 1120->0(1117)
[3284.220s][info][gc,heap        ] GC(710) Survivor regions: 108->111(154)
[3284.220s][info][gc,heap        ] GC(710) Old regions: 472->504
[3284.220s][info][gc,heap        ] GC(710) Humongous regions: 80->80
[3284.220s][info][gc,metaspace   ] GC(710) Metaspace: 28873K(29248K)->28873K(29248K) NonClass: 24005K(24192K)->24005K(24192K) Class: 4868K(5056K)->4868K(5056K)
[3284.220s][info][gc             ] GC(710) Pause Young (Concurrent Start) (G1 Evacuation Pause) 3559M->1388M(4096M) 116.546ms
[3284.220s][info][gc             ] GC(711) Concurrent Mark Cycle
[3284.220s][info][gc,marking     ] GC(711) Concurrent Scan Root Regions
[3284.220s][info][gc,cpu         ] GC(710) User=0.69s Sys=0.00s Real=0.12s
[3284.335s][info][gc,marking     ] GC(711) Concurrent Scan Root Regions 115.696ms
[3284.335s][info][gc,marking     ] GC(711) Concurrent Mark
[3284.335s][info][gc,marking     ] GC(711) Concurrent Mark From Roots
[3284.335s][info][gc,task        ] GC(711) Using 2 workers of 2 for marking
.[3284.884s][info][gc,marking     ] GC(711) Concurrent Mark From Roots 548.176ms
[3284.884s][info][gc,marking     ] GC(711) Concurrent Preclean
[3284.884s][info][gc,marking     ] GC(711) Concurrent Preclean 0.161ms
[3284.886s][info][gc,start       ] GC(711) Pause Remark
[3284.888s][info][gc             ] GC(711) Pause Remark 1904M->1904M(4096M) 2.348ms
[3284.889s][info][gc,cpu         ] GC(711) User=0.01s Sys=0.00s Real=0.01s
[3284.889s][info][gc,marking     ] GC(711) Concurrent Mark 553.121ms
[3284.889s][info][gc,marking     ] GC(711) Concurrent Rebuild Remembered Sets and Scrub Regions
[3285.101s][info][gc,marking     ] GC(711) Concurrent Rebuild Remembered Sets and Scrub Regions 212.292ms
[3285.101s][info][gc,start       ] GC(711) Pause Cleanup
[3285.101s][info][gc             ] GC(711) Pause Cleanup 2065M->2065M(4096M) 0.106ms
[3285.101s][info][gc,cpu         ] GC(711) User=0.00s Sys=0.00s Real=0.00s
[3285.101s][info][gc,marking     ] GC(711) Concurrent Clear Claimed Marks
[3285.101s][info][gc,marking     ] GC(711) Concurrent Clear Claimed Marks 0.026ms
[3285.101s][info][gc,marking     ] GC(711) Concurrent Cleanup for Next Mark
[3285.106s][info][gc,marking     ] GC(711) Concurrent Cleanup for Next Mark 5.024ms
[3285.106s][info][gc             ] GC(711) Concurrent Mark Cycle 886.704ms
..[3287.448s][info][gc,start       ] GC(712) Pause Young (Prepare Mixed) (G1 Evacuation Pause)
[3287.448s][info][gc,task        ] GC(712) Using 6 workers of 6 for evacuation
[3287.570s][info][gc,phases      ] GC(712)   Pre Evacuate Collection Set: 0.30ms
[3287.570s][info][gc,phases      ] GC(712)   Merge Heap Roots: 0.52ms
[3287.570s][info][gc,phases      ] GC(712)   Evacuate Collection Set: 119.75ms
[3287.570s][info][gc,phases      ] GC(712)   Post Evacuate Collection Set: 0.91ms
[3287.570s][info][gc,phases      ] GC(712)   Other: 0.07ms
[3287.570s][info][gc,heap        ] GC(712) Eden regions: 1117->0(1103)
[3287.570s][info][gc,heap        ] GC(712) Survivor regions: 111->113(154)
[3287.570s][info][gc,heap        ] GC(712) Old regions: 504->536
[3287.570s][info][gc,heap        ] GC(712) Humongous regions: 80->80
[3287.570s][info][gc,metaspace   ] GC(712) Metaspace: 28873K(29248K)->28873K(29248K) NonClass: 24005K(24192K)->24005K(24192K) Class: 4868K(5056K)->4868K(5056K)
[3287.570s][info][gc             ] GC(712) Pause Young (Prepare Mixed) (G1 Evacuation Pause) 3622M->1455M(4096M) 121.670ms
[3287.570s][info][gc,cpu         ] GC(712) User=0.72s Sys=0.00s Real=0.12s
....[3290.672s][info][gc,start       ] GC(713) Pause Young (Mixed) (G1 Evacuation Pause)
[3290.672s][info][gc,task        ] GC(713) Using 6 workers of 6 for evacuation
[3290.803s][info][gc,phases      ] GC(713)   Pre Evacuate Collection Set: 0.37ms
[3290.803s][info][gc,phases      ] GC(713)   Merge Heap Roots: 0.72ms
[3290.803s][info][gc,phases      ] GC(713)   Evacuate Collection Set: 129.04ms
[3290.803s][info][gc,phases      ] GC(713)   Post Evacuate Collection Set: 0.93ms
[3290.803s][info][gc,phases      ] GC(713)   Other: 0.10ms
[3290.803s][info][gc,heap        ] GC(713) Eden regions: 1103->0(1121)
[3290.803s][info][gc,heap        ] GC(713) Survivor regions: 113->107(152)
[3290.803s][info][gc,heap        ] GC(713) Old regions: 536->472
[3290.803s][info][gc,heap        ] GC(713) Humongous regions: 80->80
[3290.803s][info][gc,metaspace   ] GC(713) Metaspace: 28873K(29248K)->28873K(29248K) NonClass: 24005K(24192K)->24005K(24192K) Class: 4868K(5056K)->4868K(5056K)
[3290.803s][info][gc             ] GC(713) Pause Young (Mixed) (G1 Evacuation Pause) 3661M->1317M(4096M) 131.285ms
[3290.803s][info][gc,cpu         ] GC(713) User=0.78s Sys=0.00s Real=0.13s
...[3294.023s][info][gc,start       ] GC(714) Pause Young (Concurrent Start) (G1 Evacuation Pause)
[3294.023s][info][gc,task        ] GC(714) Using 6 workers of 6 for evacuation
[3294.138s][info][gc,phases      ] GC(714)   Pre Evacuate Collection Set: 0.34ms
[3294.138s][info][gc,phases      ] GC(714)   Merge Heap Roots: 0.45ms
[3294.138s][info][gc,phases      ] GC(714)   Evacuate Collection Set: 113.50ms
[3294.138s][info][gc,phases      ] GC(714)   Post Evacuate Collection Set: 0.84ms
[3294.138s][info][gc,phases      ] GC(714)   Other: 0.10ms
[3294.138s][info][gc,heap        ] GC(714) Eden regions: 1121->0(1120)
[3294.138s][info][gc,heap        ] GC(714) Survivor regions: 107->108(154)
[3294.138s][info][gc,heap        ] GC(714) Old regions: 472->505
[3294.138s][info][gc,heap        ] GC(714) Humongous regions: 80->80
[3294.138s][info][gc,metaspace   ] GC(714) Metaspace: 28873K(29248K)->28873K(29248K) NonClass: 24005K(24192K)->24005K(24192K) Class: 4868K(5056K)->4868K(5056K)
[3294.138s][info][gc             ] GC(714) Pause Young (Concurrent Start) (G1 Evacuation Pause) 3559M->1383M(4096M) 115.375ms
[3294.138s][info][gc             ] GC(715) Concurrent Mark Cycle
[3294.138s][info][gc,marking     ] GC(715) Concurrent Scan Root Regions
[3294.138s][info][gc,cpu         ] GC(714) User=0.68s Sys=0.00s Real=0.12s
[3294.250s][info][gc,marking     ] GC(715) Concurrent Scan Root Regions 111.590ms
[3294.250s][info][gc,marking     ] GC(715) Concurrent Mark
[3294.250s][info][gc,marking     ] GC(715) Concurrent Mark From Roots
[3294.250s][info][gc,task        ] GC(715) Using 2 workers of 2 for marking
.[3294.805s][info][gc,marking     ] GC(715) Concurrent Mark From Roots 554.902ms
[3294.805s][info][gc,marking     ] GC(715) Concurrent Preclean
[3294.805s][info][gc,marking     ] GC(715) Concurrent Preclean 0.095ms
[3294.805s][info][gc,start       ] GC(715) Pause Remark
[3294.808s][info][gc             ] GC(715) Pause Remark 1888M->1888M(4096M) 2.916ms
[3294.808s][info][gc,cpu         ] GC(715) User=0.01s Sys=0.00s Real=0.01s
[3294.809s][info][gc,marking     ] GC(715) Concurrent Mark 558.847ms
[3294.809s][info][gc,marking     ] GC(715) Concurrent Rebuild Remembered Sets and Scrub Regions
[3295.027s][info][gc,marking     ] GC(715) Concurrent Rebuild Remembered Sets and Scrub Regions 218.179ms
[3295.027s][info][gc,start       ] GC(715) Pause Cleanup
[3295.027s][info][gc             ] GC(715) Pause Cleanup 2034M->2034M(4096M) 0.110ms
[3295.027s][info][gc,cpu         ] GC(715) User=0.00s Sys=0.00s Real=0.00s
[3295.028s][info][gc,marking     ] GC(715) Concurrent Clear Claimed Marks
[3295.028s][info][gc,marking     ] GC(715) Concurrent Clear Claimed Marks 0.027ms
[3295.028s][info][gc,marking     ] GC(715) Concurrent Cleanup for Next Mark
[3295.032s][info][gc,marking     ] GC(715) Concurrent Cleanup for Next Mark 4.598ms
[3295.032s][info][gc             ] GC(715) Concurrent Mark Cycle 894.049ms
..[3297.418s][info][gc,start       ] GC(716) Pause Young (Prepare Mixed) (G1 Evacuation Pause)
[3297.418s][info][gc,task        ] GC(716) Using 6 workers of 6 for evacuation
[3297.533s][info][gc,phases      ] GC(716)   Pre Evacuate Collection Set: 0.35ms
[3297.533s][info][gc,phases      ] GC(716)   Merge Heap Roots: 0.50ms
[3297.533s][info][gc,phases      ] GC(716)   Evacuate Collection Set: 113.48ms
[3297.533s][info][gc,phases      ] GC(716)   Post Evacuate Collection Set: 0.91ms
[3297.533s][info][gc,phases      ] GC(716)   Other: 0.10ms
[3297.533s][info][gc,heap        ] GC(716) Eden regions: 1120->0(1109)
[3297.533s][info][gc,heap        ] GC(716) Survivor regions: 108->110(154)
[3297.533s][info][gc,heap        ] GC(716) Old regions: 505->536
[3297.533s][info][gc,heap        ] GC(716) Humongous regions: 80->80
[3297.533s][info][gc,metaspace   ] GC(716) Metaspace: 28873K(29248K)->28873K(29248K) NonClass: 24005K(24192K)->24005K(24192K) Class: 4868K(5056K)->4868K(5056K)
[3297.533s][info][gc             ] GC(716) Pause Young (Prepare Mixed) (G1 Evacuation Pause) 3623M->1450M(4096M) 115.464ms
[3297.533s][info][gc,cpu         ] GC(716) User=0.69s Sys=0.00s Real=0.11s
....[3300.681s][info][gc,start       ] GC(717) Pause Young (Mixed) (G1 Evacuation Pause)
[3300.681s][info][gc,task        ] GC(717) Using 6 workers of 6 for evacuation
[3300.818s][info][gc,phases      ] GC(717)   Pre Evacuate Collection Set: 0.37ms
[3300.818s][info][gc,phases      ] GC(717)   Merge Heap Roots: 0.73ms
[3300.818s][info][gc,phases      ] GC(717)   Evacuate Collection Set: 135.01ms
[3300.818s][info][gc,phases      ] GC(717)   Post Evacuate Collection Set: 0.93ms
[3300.818s][info][gc,phases      ] GC(717)   Other: 0.09ms
[3300.818s][info][gc,heap        ] GC(717) Eden regions: 1109->0(1119)
[3300.818s][info][gc,heap        ] GC(717) Survivor regions: 110->109(153)
[3300.818s][info][gc,heap        ] GC(717) Old regions: 536->473
[3300.818s][info][gc,heap        ] GC(717) Humongous regions: 80->80
[3300.818s][info][gc,metaspace   ] GC(717) Metaspace: 28873K(29248K)->28873K(29248K) NonClass: 24005K(24192K)->24005K(24192K) Class: 4868K(5056K)->4868K(5056K)
[3300.818s][info][gc             ] GC(717) Pause Young (Mixed) (G1 Evacuation Pause) 3668M->1323M(4096M) 137.245ms
[3300.819s][info][gc,cpu         ] GC(717) User=0.82s Sys=0.00s Real=0.14s
...[3304.034s][info][gc,start       ] GC(718) Pause Young (Concurrent Start) (G1 Evacuation Pause)
[3304.034s][info][gc,task        ] GC(718) Using 6 workers of 6 for evacuation
[3304.150s][info][gc,phases      ] GC(718)   Pre Evacuate Collection Set: 0.36ms
[3304.150s][info][gc,phases      ] GC(718)   Merge Heap Roots: 0.45ms
[3304.150s][info][gc,phases      ] GC(718)   Evacuate Collection Set: 114.08ms
[3304.150s][info][gc,phases      ] GC(718)   Post Evacuate Collection Set: 0.88ms
[3304.150s][info][gc,phases      ] GC(718)   Other: 0.10ms
[3304.150s][info][gc,heap        ] GC(718) Eden regions: 1119->0(1119)
[3304.150s][info][gc,heap        ] GC(718) Survivor regions: 109->109(154)
[3304.150s][info][gc,heap        ] GC(718) Old regions: 473->505
[3304.150s][info][gc,heap        ] GC(718) Humongous regions: 80->80
[3304.150s][info][gc,metaspace   ] GC(718) Metaspace: 28873K(29248K)->28873K(29248K) NonClass: 24005K(24192K)->24005K(24192K) Class: 4868K(5056K)->4868K(5056K)
[3304.150s][info][gc             ] GC(718) Pause Young (Concurrent Start) (G1 Evacuation Pause) 3561M->1387M(4096M) 115.994ms
[3304.150s][info][gc             ] GC(719) Concurrent Mark Cycle
[3304.150s][info][gc,marking     ] GC(719) Concurrent Scan Root Regions
[3304.150s][info][gc,cpu         ] GC(718) User=0.69s Sys=0.00s Real=0.12s
[3304.288s][info][gc,marking     ] GC(719) Concurrent Scan Root Regions 138.219ms
[3304.288s][info][gc,marking     ] GC(719) Concurrent Mark
[3304.288s][info][gc,marking     ] GC(719) Concurrent Mark From Roots
[3304.288s][info][gc,task        ] GC(719) Using 2 workers of 2 for marking
.[3304.937s][info][gc,marking     ] GC(719) Concurrent Mark From Roots 648.641ms
[3304.937s][info][gc,marking     ] GC(719) Concurrent Preclean
[3304.937s][info][gc,marking     ] GC(719) Concurrent Preclean 0.116ms
[3304.937s][info][gc,start       ] GC(719) Pause Remark
[3304.940s][info][gc             ] GC(719) Pause Remark 1960M->1960M(4096M) 2.966ms
[3304.940s][info][gc,cpu         ] GC(719) User=0.02s Sys=0.00s Real=0.01s
[3304.940s][info][gc,marking     ] GC(719) Concurrent Mark 652.001ms
[3304.940s][info][gc,marking     ] GC(719) Concurrent Rebuild Remembered Sets and Scrub Regions
[3305.186s][info][gc,marking     ] GC(719) Concurrent Rebuild Remembered Sets and Scrub Regions 245.995ms
[3305.187s][info][gc,start       ] GC(719) Pause Cleanup
[3305.187s][info][gc             ] GC(719) Pause Cleanup 2133M->2133M(4096M) 0.117ms
[3305.187s][info][gc,cpu         ] GC(719) User=0.00s Sys=0.00s Real=0.00s
[3305.187s][info][gc,marking     ] GC(719) Concurrent Clear Claimed Marks
[3305.187s][info][gc,marking     ] GC(719) Concurrent Clear Claimed Marks 0.027ms
[3305.187s][info][gc,marking     ] GC(719) Concurrent Cleanup for Next Mark
[3305.191s][info][gc,marking     ] GC(719) Concurrent Cleanup for Next Mark 4.650ms
[3305.191s][info][gc             ] GC(719) Concurrent Mark Cycle 1041.436ms
..[3307.388s][info][gc,start       ] GC(720) Pause Young (Prepare Mixed) (G1 Evacuation Pause)
[3307.388s][info][gc,task        ] GC(720) Using 6 workers of 6 for evacuation
[3307.507s][info][gc,phases      ] GC(720)   Pre Evacuate Collection Set: 0.34ms
[3307.507s][info][gc,phases      ] GC(720)   Merge Heap Roots: 0.49ms
[3307.507s][info][gc,phases      ] GC(720)   Evacuate Collection Set: 117.24ms
[3307.507s][info][gc,phases      ] GC(720)   Post Evacuate Collection Set: 0.92ms
[3307.507s][info][gc,phases      ] GC(720)   Other: 0.09ms
[3307.507s][info][gc,heap        ] GC(720) Eden regions: 1119->0(1102)
[3307.507s][info][gc,heap        ] GC(720) Survivor regions: 109->113(154)
[3307.507s][info][gc,heap        ] GC(720) Old regions: 505->537
[3307.507s][info][gc,heap        ] GC(720) Humongous regions: 80->80
[3307.507s][info][gc,metaspace   ] GC(720) Metaspace: 28873K(29248K)->28873K(29248K) NonClass: 24005K(24192K)->24005K(24192K) Class: 4868K(5056K)->4868K(5056K)
[3307.507s][info][gc             ] GC(720) Pause Young (Prepare Mixed) (G1 Evacuation Pause) 3625M->1457M(4096M) 119.217ms
[3307.507s][info][gc,cpu         ] GC(720) User=0.71s Sys=0.00s Real=0.12s
....[3310.628s][info][gc,start       ] GC(721) Pause Young (Mixed) (G1 Evacuation Pause)
[3310.628s][info][gc,task        ] GC(721) Using 6 workers of 6 for evacuation
[3310.762s][info][gc,phases      ] GC(721)   Pre Evacuate Collection Set: 0.38ms
[3310.762s][info][gc,phases      ] GC(721)   Merge Heap Roots: 0.64ms
[3310.762s][info][gc,phases      ] GC(721)   Evacuate Collection Set: 131.68ms
[3310.762s][info][gc,phases      ] GC(721)   Post Evacuate Collection Set: 0.93ms
[3310.762s][info][gc,phases      ] GC(721)   Other: 0.09ms
[3310.762s][info][gc,heap        ] GC(721) Eden regions: 1102->0(1116)
[3310.762s][info][gc,heap        ] GC(721) Survivor regions: 113->112(152)
[3310.762s][info][gc,heap        ] GC(721) Old regions: 537->472
[3310.762s][info][gc,heap        ] GC(721) Humongous regions: 80->80
[3310.762s][info][gc,metaspace   ] GC(721) Metaspace: 28873K(29248K)->28873K(29248K) NonClass: 24005K(24192K)->24005K(24192K) Class: 4868K(5056K)->4868K(5056K)
[3310.762s][info][gc             ] GC(721) Pause Young (Mixed) (G1 Evacuation Pause) 3661M->1325M(4096M) 133.852ms
[3310.762s][info][gc,cpu         ] GC(721) User=0.80s Sys=0.00s Real=0.13s
...[3313.962s][info][gc,start       ] GC(722) Pause Young (Concurrent Start) (G1 Evacuation Pause)
[3313.962s][info][gc,task        ] GC(722) Using 6 workers of 6 for evacuation
[3314.082s][info][gc,phases      ] GC(722)   Pre Evacuate Collection Set: 0.36ms
[3314.082s][info][gc,phases      ] GC(722)   Merge Heap Roots: 0.47ms
[3314.082s][info][gc,phases      ] GC(722)   Evacuate Collection Set: 118.13ms
[3314.082s][info][gc,phases      ] GC(722)   Post Evacuate Collection Set: 0.87ms
[3314.082s][info][gc,phases      ] GC(722)   Other: 0.11ms
[3314.082s][info][gc,heap        ] GC(722) Eden regions: 1116->0(1116)
[3314.082s][info][gc,heap        ] GC(722) Survivor regions: 112->112(154)
[3314.082s][info][gc,heap        ] GC(722) Old regions: 472->504
[3314.082s][info][gc,heap        ] GC(722) Humongous regions: 80->80
[3314.082s][info][gc,metaspace   ] GC(722) Metaspace: 28873K(29248K)->28873K(29248K) NonClass: 24005K(24192K)->24005K(24192K) Class: 4868K(5056K)->4868K(5056K)
[3314.082s][info][gc             ] GC(722) Pause Young (Concurrent Start) (G1 Evacuation Pause) 3557M->1391M(4096M) 120.089ms
[3314.082s][info][gc             ] GC(723) Concurrent Mark Cycle
[3314.082s][info][gc,marking     ] GC(723) Concurrent Scan Root Regions
[3314.082s][info][gc,cpu         ] GC(722) User=0.71s Sys=0.00s Real=0.12s
[3314.269s][info][gc,marking     ] GC(723) Concurrent Scan Root Regions 187.690ms
[3314.269s][info][gc,marking     ] GC(723) Concurrent Mark
[3314.269s][info][gc,marking     ] GC(723) Concurrent Mark From Roots
[3314.269s][info][gc,task        ] GC(723) Using 2 workers of 2 for marking
.[3315.099s][info][gc,marking     ] GC(723) Concurrent Mark From Roots 829.096ms
[3315.099s][info][gc,marking     ] GC(723) Concurrent Preclean
[3315.099s][info][gc,marking     ] GC(723) Concurrent Preclean 0.089ms
[3315.099s][info][gc,start       ] GC(723) Pause Remark
[3315.102s][info][gc             ] GC(723) Pause Remark 2135M->2135M(4096M) 2.695ms
[3315.102s][info][gc,cpu         ] GC(723) User=0.01s Sys=0.01s Real=0.00s
[3315.102s][info][gc,marking     ] GC(723) Concurrent Mark 832.689ms
[3315.102s][info][gc,marking     ] GC(723) Concurrent Rebuild Remembered Sets and Scrub Regions
[3315.355s][info][gc,marking     ] GC(723) Concurrent Rebuild Remembered Sets and Scrub Regions 252.350ms
[3315.355s][info][gc,start       ] GC(723) Pause Cleanup
[3315.355s][info][gc             ] GC(723) Pause Cleanup 2310M->2310M(4096M) 0.102ms
[3315.355s][info][gc,cpu         ] GC(723) User=0.00s Sys=0.00s Real=0.00s
[3315.355s][info][gc,marking     ] GC(723) Concurrent Clear Claimed Marks
[3315.355s][info][gc,marking     ] GC(723) Concurrent Clear Claimed Marks 0.031ms
[3315.355s][info][gc,marking     ] GC(723) Concurrent Cleanup for Next Mark
[3315.361s][info][gc,marking     ] GC(723) Concurrent Cleanup for Next Mark 6.620ms
[3315.362s][info][gc             ] GC(723) Concurrent Mark Cycle 1279.868ms
..[3317.270s][info][gc,start       ] GC(724) Pause Young (Prepare Mixed) (G1 Evacuation Pause)
[3317.270s][info][gc,task        ] GC(724) Using 6 workers of 6 for evacuation
[3317.386s][info][gc,phases      ] GC(724)   Pre Evacuate Collection Set: 0.32ms
[3317.387s][info][gc,phases      ] GC(724)   Merge Heap Roots: 0.49ms
[3317.387s][info][gc,phases      ] GC(724)   Evacuate Collection Set: 114.32ms
[3317.387s][info][gc,phases      ] GC(724)   Post Evacuate Collection Set: 0.92ms
[3317.387s][info][gc,phases      ] GC(724)   Other: 0.09ms
[3317.387s][info][gc,heap        ] GC(724) Eden regions: 1116->0(1110)
[3317.387s][info][gc,heap        ] GC(724) Survivor regions: 112->110(154)
[3317.387s][info][gc,heap        ] GC(724) Old regions: 504->535
[3317.387s][info][gc,heap        ] GC(724) Humongous regions: 80->80
[3317.387s][info][gc,metaspace   ] GC(724) Metaspace: 28873K(29248K)->28873K(29248K) NonClass: 24005K(24192K)->24005K(24192K) Class: 4868K(5056K)->4868K(5056K)
[3317.387s][info][gc             ] GC(724) Pause Young (Prepare Mixed) (G1 Evacuation Pause) 3623M->1448M(4096M) 116.280ms
[3317.387s][info][gc,cpu         ] GC(724) User=0.69s Sys=0.00s Real=0.11s
...[3320.623s][info][gc,start       ] GC(725) Pause Young (Mixed) (G1 Evacuation Pause)
[3320.623s][info][gc,task        ] GC(725) Using 6 workers of 6 for evacuation
[3320.763s][info][gc,phases      ] GC(725)   Pre Evacuate Collection Set: 0.36ms
[3320.763s][info][gc,phases      ] GC(725)   Merge Heap Roots: 0.75ms
[3320.763s][info][gc,phases      ] GC(725)   Evacuate Collection Set: 137.84ms
[3320.763s][info][gc,phases      ] GC(725)   Post Evacuate Collection Set: 0.94ms
[3320.763s][info][gc,phases      ] GC(725)   Other: 0.09ms
[3320.763s][info][gc,heap        ] GC(725) Eden regions: 1110->0(1118)
[3320.764s][info][gc,heap        ] GC(725) Survivor regions: 110->110(153)
[3320.764s][info][gc,heap        ] GC(725) Old regions: 535->472
[3320.764s][info][gc,heap        ] GC(725) Humongous regions: 80->80
[3320.764s][info][gc,metaspace   ] GC(725) Metaspace: 28873K(29248K)->28873K(29248K) NonClass: 24005K(24192K)->24005K(24192K) Class: 4868K(5056K)->4868K(5056K)
[3320.764s][info][gc             ] GC(725) Pause Young (Mixed) (G1 Evacuation Pause) 3668M->1323M(4096M) 140.116ms
[3320.764s][info][gc,cpu         ] GC(725) User=0.84s Sys=0.00s Real=0.14s
.. (rIR:aIR:PR = 5673:5674:5674) (tPR = 84589) [OK] 
  3321s: Performance info:
         Transaction,    Success,    Partial,     Failed,   Receipts, AvgBarcode, 
             Overall,     342949,          0,          0,     325781,      59.47, 
         Response times:
             Request,    Success,    Partial,     Failed,   SkipFail,     Probes,    Samples,      min,      p50,      p90,      p95,      p99,      max, 
       TotalPurchase,     325781,          0,          0,          0,     318680,     346932,      300,     4500,    12500,    33000,    97000,   256000,
     InStorePurchase,     171502,          0,          0,          0,     168295,     182568,      300,     4300,    12200,    32000,    94000,   256000,
      OnlinePurchase,     120018,          0,          0,          0,     117043,     127768,      300,     4700,    13000,    34000,    97000,   244000,
        InstPurchase,      34261,          0,          0,          0,      33342,      36596,      400,     4900,    13000,    35000,   101000,   213000,
          AssocOfCat,        340,          0,          0,          0,        279,        379,    23000,    35000,    66000,    98000,   180600,   260000,
      AssocOfProduct,       3438,          0,          0,          0,       3233,       3722,      500,     3800,     9570,    25000,    85000,   170000,
      BusinessReport,        851,          0,          0,          0,        712,        849,    25000,    38000,    78000,   117000,   180500,   210000,
          CustBuyBeh,       3435,          0,          0,          0,       3227,       3744,      500,     3900,    10500,    27000,    79000,   153000,
       ProductReturn,       9104,          0,          0,          0,       8713,       9768,      200,     5300,    13100,    36000,   108310,   244000,

  3321s: (42%)   IR =   5812 ..[3323.973s][info][gc,start       ] GC(726) Pause Young (Concurrent Start) (G1 Evacuation Pause)
[3323.973s][info][gc,task        ] GC(726) Using 6 workers of 6 for evacuation
[3324.089s][info][gc,phases      ] GC(726)   Pre Evacuate Collection Set: 0.38ms
[3324.089s][info][gc,phases      ] GC(726)   Merge Heap Roots: 0.45ms
[3324.089s][info][gc,phases      ] GC(726)   Evacuate Collection Set: 114.16ms
[3324.089s][info][gc,phases      ] GC(726)   Post Evacuate Collection Set: 0.86ms
[3324.089s][info][gc,phases      ] GC(726)   Other: 0.12ms
[3324.089s][info][gc,heap        ] GC(726) Eden regions: 1118->0(1119)
[3324.089s][info][gc,heap        ] GC(726) Survivor regions: 110->109(154)
[3324.089s][info][gc,heap        ] GC(726) Old regions: 472->504
[3324.089s][info][gc,heap        ] GC(726) Humongous regions: 80->80
[3324.089s][info][gc,metaspace   ] GC(726) Metaspace: 28873K(29248K)->28873K(29248K) NonClass: 24005K(24192K)->24005K(24192K) Class: 4868K(5056K)->4868K(5056K)
[3324.089s][info][gc             ] GC(726) Pause Young (Concurrent Start) (G1 Evacuation Pause) 3559M->1384M(4096M) 116.118ms
[3324.089s][info][gc             ] GC(727) Concurrent Mark Cycle
[3324.089s][info][gc,marking     ] GC(727) Concurrent Scan Root Regions
[3324.089s][info][gc,cpu         ] GC(726) User=0.69s Sys=0.00s Real=0.12s
[3324.234s][info][gc,marking     ] GC(727) Concurrent Scan Root Regions 145.327ms
[3324.234s][info][gc,marking     ] GC(727) Concurrent Mark
[3324.234s][info][gc,marking     ] GC(727) Concurrent Mark From Roots
[3324.234s][info][gc,task        ] GC(727) Using 2 workers of 2 for marking
.[3324.958s][info][gc,marking     ] GC(727) Concurrent Mark From Roots 723.798ms
[3324.958s][info][gc,marking     ] GC(727) Concurrent Preclean
[3324.958s][info][gc,marking     ] GC(727) Concurrent Preclean 0.130ms
[3324.961s][info][gc,start       ] GC(727) Pause Remark
[3324.965s][info][gc             ] GC(727) Pause Remark 2090M->2090M(4096M) 3.730ms
[3324.965s][info][gc,cpu         ] GC(727) User=0.02s Sys=0.00s Real=0.00s
[3324.965s][info][gc,marking     ] GC(727) Concurrent Mark 730.424ms
[3324.965s][info][gc,marking     ] GC(727) Concurrent Rebuild Remembered Sets and Scrub Regions
[3325.229s][info][gc,marking     ] GC(727) Concurrent Rebuild Remembered Sets and Scrub Regions 264.484ms
[3325.230s][info][gc,start       ] GC(727) Pause Cleanup
[3325.230s][info][gc             ] GC(727) Pause Cleanup 2292M->2292M(4096M) 0.122ms
[3325.230s][info][gc,cpu         ] GC(727) User=0.00s Sys=0.00s Real=0.00s
[3325.230s][info][gc,marking     ] GC(727) Concurrent Clear Claimed Marks
[3325.230s][info][gc,marking     ] GC(727) Concurrent Clear Claimed Marks 0.035ms
[3325.230s][info][gc,marking     ] GC(727) Concurrent Cleanup for Next Mark
[3325.236s][info][gc,marking     ] GC(727) Concurrent Cleanup for Next Mark 5.591ms
[3325.236s][info][gc             ] GC(727) Concurrent Mark Cycle 1146.804ms
..|[3327.177s][info][gc,start       ] GC(728) Pause Young (Prepare Mixed) (G1 Evacuation Pause)
[3327.177s][info][gc,task        ] GC(728) Using 6 workers of 6 for evacuation
[3327.293s][info][gc,phases      ] GC(728)   Pre Evacuate Collection Set: 0.32ms
[3327.293s][info][gc,phases      ] GC(728)   Merge Heap Roots: 0.48ms
[3327.293s][info][gc,phases      ] GC(728)   Evacuate Collection Set: 114.81ms
[3327.293s][info][gc,phases      ] GC(728)   Post Evacuate Collection Set: 0.92ms
[3327.294s][info][gc,phases      ] GC(728)   Other: 0.09ms
[3327.294s][info][gc,heap        ] GC(728) Eden regions: 1119->0(1110)
[3327.294s][info][gc,heap        ] GC(728) Survivor regions: 109->110(154)
[3327.294s][info][gc,heap        ] GC(728) Old regions: 504->535
[3327.294s][info][gc,heap        ] GC(728) Humongous regions: 80->80
[3327.294s][info][gc,metaspace   ] GC(728) Metaspace: 28873K(29248K)->28873K(29248K) NonClass: 24005K(24192K)->24005K(24192K) Class: 4868K(5056K)->4868K(5056K)
[3327.294s][info][gc             ] GC(728) Pause Young (Prepare Mixed) (G1 Evacuation Pause) 3622M->1448M(4096M) 116.741ms
[3327.294s][info][gc,cpu         ] GC(728) User=0.70s Sys=0.00s Real=0.12s
...[3330.372s][info][gc,start       ] GC(729) Pause Young (Mixed) (G1 Evacuation Pause)
[3330.372s][info][gc,task        ] GC(729) Using 6 workers of 6 for evacuation
[3330.504s][info][gc,phases      ] GC(729)   Pre Evacuate Collection Set: 0.38ms
[3330.504s][info][gc,phases      ] GC(729)   Merge Heap Roots: 0.62ms
[3330.504s][info][gc,phases      ] GC(729)   Evacuate Collection Set: 129.04ms
[3330.504s][info][gc,phases      ] GC(729)   Post Evacuate Collection Set: 0.94ms
[3330.504s][info][gc,phases      ] GC(729)   Other: 0.09ms
[3330.504s][info][gc,heap        ] GC(729) Eden regions: 1110->0(1119)
[3330.504s][info][gc,heap        ] GC(729) Survivor regions: 110->109(153)
[3330.504s][info][gc,heap        ] GC(729) Old regions: 535->472
[3330.504s][info][gc,heap        ] GC(729) Humongous regions: 80->80
[3330.504s][info][gc,metaspace   ] GC(729) Metaspace: 28873K(29248K)->28873K(29248K) NonClass: 24005K(24192K)->24005K(24192K) Class: 4868K(5056K)->4868K(5056K)
[3330.504s][info][gc             ] GC(729) Pause Young (Mixed) (G1 Evacuation Pause) 3668M->1320M(4096M) 131.215ms
[3330.504s][info][gc,cpu         ] GC(729) User=0.78s Sys=0.00s Real=0.13s
...[3333.645s][info][gc,start       ] GC(730) Pause Young (Concurrent Start) (G1 Evacuation Pause)
[3333.645s][info][gc,task        ] GC(730) Using 6 workers of 6 for evacuation
[3333.768s][info][gc,phases      ] GC(730)   Pre Evacuate Collection Set: 0.39ms
[3333.768s][info][gc,phases      ] GC(730)   Merge Heap Roots: 0.52ms
[3333.768s][info][gc,phases      ] GC(730)   Evacuate Collection Set: 120.45ms
[3333.768s][info][gc,phases      ] GC(730)   Post Evacuate Collection Set: 0.86ms
[3333.768s][info][gc,phases      ] GC(730)   Other: 0.12ms
[3333.768s][info][gc,heap        ] GC(730) Eden regions: 1119->0(1115)
[3333.768s][info][gc,heap        ] GC(730) Survivor regions: 109->113(154)
[3333.768s][info][gc,heap        ] GC(730) Old regions: 472->504
[3333.768s][info][gc,heap        ] GC(730) Humongous regions: 80->80
[3333.768s][info][gc,metaspace   ] GC(730) Metaspace: 28873K(29248K)->28873K(29248K) NonClass: 24005K(24192K)->24005K(24192K) Class: 4868K(5056K)->4868K(5056K)
[3333.768s][info][gc             ] GC(730) Pause Young (Concurrent Start) (G1 Evacuation Pause) 3558M->1393M(4096M) 122.491ms
[3333.768s][info][gc             ] GC(731) Concurrent Mark Cycle
[3333.768s][info][gc,marking     ] GC(731) Concurrent Scan Root Regions
[3333.768s][info][gc,cpu         ] GC(730) User=0.73s Sys=0.00s Real=0.13s
.[3333.962s][info][gc,marking     ] GC(731) Concurrent Scan Root Regions 194.139ms
[3333.962s][info][gc,marking     ] GC(731) Concurrent Mark
[3333.962s][info][gc,marking     ] GC(731) Concurrent Mark From Roots
[3333.962s][info][gc,task        ] GC(731) Using 2 workers of 2 for marking
[3334.790s][info][gc,marking     ] GC(731) Concurrent Mark From Roots 827.673ms
[3334.790s][info][gc,marking     ] GC(731) Concurrent Preclean
[3334.790s][info][gc,marking     ] GC(731) Concurrent Preclean 0.094ms
[3334.790s][info][gc,start       ] GC(731) Pause Remark
[3334.793s][info][gc             ] GC(731) Pause Remark 2138M->2138M(4096M) 3.190ms
[3334.793s][info][gc,cpu         ] GC(731) User=0.02s Sys=0.00s Real=0.00s
[3334.793s][info][gc,marking     ] GC(731) Concurrent Mark 831.193ms
[3334.793s][info][gc,marking     ] GC(731) Concurrent Rebuild Remembered Sets and Scrub Regions
.[3335.054s][info][gc,marking     ] GC(731) Concurrent Rebuild Remembered Sets and Scrub Regions 260.277ms
[3335.054s][info][gc,start       ] GC(731) Pause Cleanup
[3335.054s][info][gc             ] GC(731) Pause Cleanup 2284M->2284M(4096M) 0.114ms
[3335.054s][info][gc,cpu         ] GC(731) User=0.00s Sys=0.00s Real=0.00s
[3335.054s][info][gc,marking     ] GC(731) Concurrent Clear Claimed Marks
[3335.054s][info][gc,marking     ] GC(731) Concurrent Clear Claimed Marks 0.026ms
[3335.054s][info][gc,marking     ] GC(731) Concurrent Cleanup for Next Mark
[3335.059s][info][gc,marking     ] GC(731) Concurrent Cleanup for Next Mark 5.117ms
[3335.059s][info][gc             ] GC(731) Concurrent Mark Cycle 1291.212ms
..[3336.924s][info][gc,start       ] GC(732) Pause Young (Prepare Mixed) (G1 Evacuation Pause)
[3336.924s][info][gc,task        ] GC(732) Using 6 workers of 6 for evacuation
[3337.039s][info][gc,phases      ] GC(732)   Pre Evacuate Collection Set: 0.33ms
[3337.039s][info][gc,phases      ] GC(732)   Merge Heap Roots: 0.53ms
[3337.039s][info][gc,phases      ] GC(732)   Evacuate Collection Set: 113.26ms
[3337.039s][info][gc,phases      ] GC(732)   Post Evacuate Collection Set: 0.89ms
[3337.039s][info][gc,phases      ] GC(732)   Other: 0.09ms
[3337.039s][info][gc,heap        ] GC(732) Eden regions: 1115->0(1111)
[3337.039s][info][gc,heap        ] GC(732) Survivor regions: 113->109(154)
[3337.039s][info][gc,heap        ] GC(732) Old regions: 504->536
[3337.039s][info][gc,heap        ] GC(732) Humongous regions: 80->80
[3337.039s][info][gc,metaspace   ] GC(732) Metaspace: 28873K(29248K)->28873K(29248K) NonClass: 24005K(24192K)->24005K(24192K) Class: 4868K(5056K)->4868K(5056K)
[3337.039s][info][gc             ] GC(732) Pause Young (Prepare Mixed) (G1 Evacuation Pause) 3623M->1447M(4096M) 115.233ms
[3337.039s][info][gc,cpu         ] GC(732) User=0.69s Sys=0.00s Real=0.12s
...[3340.143s][info][gc,start       ] GC(733) Pause Young (Mixed) (G1 Evacuation Pause)
[3340.143s][info][gc,task        ] GC(733) Using 6 workers of 6 for evacuation
[3340.274s][info][gc,phases      ] GC(733)   Pre Evacuate Collection Set: 0.37ms
[3340.274s][info][gc,phases      ] GC(733)   Merge Heap Roots: 0.65ms
[3340.274s][info][gc,phases      ] GC(733)   Evacuate Collection Set: 129.21ms
[3340.274s][info][gc,phases      ] GC(733)   Post Evacuate Collection Set: 0.97ms
[3340.274s][info][gc,phases      ] GC(733)   Other: 0.09ms
[3340.274s][info][gc,heap        ] GC(733) Eden regions: 1111->0(1119)
[3340.274s][info][gc,heap        ] GC(733) Survivor regions: 109->109(153)
[3340.274s][info][gc,heap        ] GC(733) Old regions: 536->472
[3340.274s][info][gc,heap        ] GC(733) Humongous regions: 80->80
[3340.274s][info][gc,metaspace   ] GC(733) Metaspace: 28873K(29248K)->28873K(29248K) NonClass: 24005K(24192K)->24005K(24192K) Class: 4868K(5056K)->4868K(5056K)
[3340.274s][info][gc             ] GC(733) Pause Young (Mixed) (G1 Evacuation Pause) 3669M->1321M(4096M) 131.451ms
[3340.275s][info][gc,cpu         ] GC(733) User=0.78s Sys=0.00s Real=0.13s
...[3343.392s][info][gc,start       ] GC(734) Pause Young (Concurrent Start) (G1 Evacuation Pause)
[3343.392s][info][gc,task        ] GC(734) Using 6 workers of 6 for evacuation
[3343.511s][info][gc,phases      ] GC(734)   Pre Evacuate Collection Set: 0.37ms
[3343.511s][info][gc,phases      ] GC(734)   Merge Heap Roots: 0.45ms
[3343.511s][info][gc,phases      ] GC(734)   Evacuate Collection Set: 117.09ms
[3343.511s][info][gc,phases      ] GC(734)   Post Evacuate Collection Set: 0.86ms
[3343.511s][info][gc,phases      ] GC(734)   Other: 0.11ms
[3343.511s][info][gc,heap        ] GC(734) Eden regions: 1119->0(1116)
[3343.511s][info][gc,heap        ] GC(734) Survivor regions: 109->112(154)
[3343.511s][info][gc,heap        ] GC(734) Old regions: 472->505
[3343.511s][info][gc,heap        ] GC(734) Humongous regions: 80->80
[3343.511s][info][gc,metaspace   ] GC(734) Metaspace: 28873K(29248K)->28873K(29248K) NonClass: 24005K(24192K)->24005K(24192K) Class: 4868K(5056K)->4868K(5056K)
[3343.511s][info][gc             ] GC(734) Pause Young (Concurrent Start) (G1 Evacuation Pause) 3559M->1391M(4096M) 119.004ms
[3343.511s][info][gc             ] GC(735) Concurrent Mark Cycle
[3343.511s][info][gc,marking     ] GC(735) Concurrent Scan Root Regions
[3343.511s][info][gc,cpu         ] GC(734) User=0.71s Sys=0.00s Real=0.12s
[3343.699s][info][gc,marking     ] GC(735) Concurrent Scan Root Regions 187.528ms
[3343.699s][info][gc,marking     ] GC(735) Concurrent Mark
[3343.699s][info][gc,marking     ] GC(735) Concurrent Mark From Roots
[3343.699s][info][gc,task        ] GC(735) Using 2 workers of 2 for marking
.[3344.709s][info][gc,marking     ] GC(735) Concurrent Mark From Roots 1010.060ms
[3344.709s][info][gc,marking     ] GC(735) Concurrent Preclean
[3344.709s][info][gc,marking     ] GC(735) Concurrent Preclean 0.124ms
[3344.709s][info][gc,start       ] GC(735) Pause Remark
[3344.712s][info][gc             ] GC(735) Pause Remark 2284M->2284M(4096M) 2.942ms
[3344.712s][info][gc,cpu         ] GC(735) User=0.02s Sys=0.00s Real=0.00s
[3344.712s][info][gc,marking     ] GC(735) Concurrent Mark 1013.432ms
[3344.712s][info][gc,marking     ] GC(735) Concurrent Rebuild Remembered Sets and Scrub Regions
.[3345.071s][info][gc,marking     ] GC(735) Concurrent Rebuild Remembered Sets and Scrub Regions 359.192ms
[3345.072s][info][gc,start       ] GC(735) Pause Cleanup
[3345.072s][info][gc             ] GC(735) Pause Cleanup 2533M->2533M(4096M) 0.115ms
[3345.072s][info][gc,cpu         ] GC(735) User=0.00s Sys=0.00s Real=0.00s
[3345.072s][info][gc,marking     ] GC(735) Concurrent Clear Claimed Marks
[3345.072s][info][gc,marking     ] GC(735) Concurrent Clear Claimed Marks 0.031ms
[3345.072s][info][gc,marking     ] GC(735) Concurrent Cleanup for Next Mark
[3345.076s][info][gc,marking     ] GC(735) Concurrent Cleanup for Next Mark 4.396ms
[3345.076s][info][gc             ] GC(735) Concurrent Mark Cycle 1565.097ms
.[3346.636s][info][gc,start       ] GC(736) Pause Young (Prepare Mixed) (G1 Evacuation Pause)
[3346.636s][info][gc,task        ] GC(736) Using 6 workers of 6 for evacuation
[3346.756s][info][gc,phases      ] GC(736)   Pre Evacuate Collection Set: 0.37ms
[3346.756s][info][gc,phases      ] GC(736)   Merge Heap Roots: 0.55ms
[3346.756s][info][gc,phases      ] GC(736)   Evacuate Collection Set: 118.48ms
[3346.756s][info][gc,phases      ] GC(736)   Post Evacuate Collection Set: 0.91ms
[3346.756s][info][gc,phases      ] GC(736)   Other: 0.09ms
[3346.756s][info][gc,heap        ] GC(736) Eden regions: 1116->0(1103)
[3346.756s][info][gc,heap        ] GC(736) Survivor regions: 112->113(154)
[3346.756s][info][gc,heap        ] GC(736) Old regions: 505->536
[3346.756s][info][gc,heap        ] GC(736) Humongous regions: 80->80
[3346.756s][info][gc,metaspace   ] GC(736) Metaspace: 28873K(29248K)->28873K(29248K) NonClass: 24005K(24192K)->24005K(24192K) Class: 4868K(5056K)->4868K(5056K)
[3346.756s][info][gc             ] GC(736) Pause Young (Prepare Mixed) (G1 Evacuation Pause) 3623M->1457M(4096M) 120.539ms
[3346.756s][info][gc,cpu         ] GC(736) User=0.72s Sys=0.00s Real=0.12s
....[3349.910s][info][gc,start       ] GC(737) Pause Young (Mixed) (G1 Evacuation Pause)
[3349.910s][info][gc,task        ] GC(737) Using 6 workers of 6 for evacuation
[3350.043s][info][gc,phases      ] GC(737)   Pre Evacuate Collection Set: 0.38ms
[3350.043s][info][gc,phases      ] GC(737)   Merge Heap Roots: 0.67ms
[3350.043s][info][gc,phases      ] GC(737)   Evacuate Collection Set: 130.78ms
[3350.043s][info][gc,phases      ] GC(737)   Post Evacuate Collection Set: 0.91ms
[3350.043s][info][gc,phases      ] GC(737)   Other: 0.08ms
[3350.043s][info][gc,heap        ] GC(737) Eden regions: 1103->0(1119)
[3350.043s][info][gc,heap        ] GC(737) Survivor regions: 113->109(152)
[3350.043s][info][gc,heap        ] GC(737) Old regions: 536->472
[3350.043s][info][gc,heap        ] GC(737) Humongous regions: 80->80
[3350.043s][info][gc,metaspace   ] GC(737) Metaspace: 28873K(29248K)->28873K(29248K) NonClass: 24005K(24192K)->24005K(24192K) Class: 4868K(5056K)->4868K(5056K)
[3350.043s][info][gc             ] GC(737) Pause Young (Mixed) (G1 Evacuation Pause) 3663M->1320M(4096M) 132.952ms
[3350.043s][info][gc,cpu         ] GC(737) User=0.79s Sys=0.01s Real=0.13s
...[3353.099s][info][gc,start       ] GC(738) Pause Young (Concurrent Start) (G1 Evacuation Pause)
[3353.099s][info][gc,task        ] GC(738) Using 6 workers of 6 for evacuation
[3353.217s][info][gc,phases      ] GC(738)   Pre Evacuate Collection Set: 0.33ms
[3353.217s][info][gc,phases      ] GC(738)   Merge Heap Roots: 0.45ms
[3353.217s][info][gc,phases      ] GC(738)   Evacuate Collection Set: 115.69ms
[3353.217s][info][gc,phases      ] GC(738)   Post Evacuate Collection Set: 0.91ms
[3353.217s][info][gc,phases      ] GC(738)   Other: 0.11ms
[3353.217s][info][gc,heap        ] GC(738) Eden regions: 1119->0(1117)
[3353.217s][info][gc,heap        ] GC(738) Survivor regions: 109->111(154)
[3353.217s][info][gc,heap        ] GC(738) Old regions: 472->504
[3353.217s][info][gc,heap        ] GC(738) Humongous regions: 80->80
[3353.217s][info][gc,metaspace   ] GC(738) Metaspace: 28873K(29248K)->28873K(29248K) NonClass: 24005K(24192K)->24005K(24192K) Class: 4868K(5056K)->4868K(5056K)
[3353.217s][info][gc             ] GC(738) Pause Young (Concurrent Start) (G1 Evacuation Pause) 3558M->1388M(4096M) 117.618ms
[3353.217s][info][gc             ] GC(739) Concurrent Mark Cycle
[3353.217s][info][gc,marking     ] GC(739) Concurrent Scan Root Regions
[3353.217s][info][gc,cpu         ] GC(738) User=0.70s Sys=0.00s Real=0.11s
[3353.399s][info][gc,marking     ] GC(739) Concurrent Scan Root Regions 182.455ms
[3353.400s][info][gc,marking     ] GC(739) Concurrent Mark
[3353.400s][info][gc,marking     ] GC(739) Concurrent Mark From Roots
[3353.400s][info][gc,task        ] GC(739) Using 2 workers of 2 for marking
.[3354.362s][info][gc,marking     ] GC(739) Concurrent Mark From Roots 962.587ms
[3354.362s][info][gc,marking     ] GC(739) Concurrent Preclean
[3354.362s][info][gc,marking     ] GC(739) Concurrent Preclean 0.089ms
[3354.362s][info][gc,start       ] GC(739) Pause Remark
[3354.366s][info][gc             ] GC(739) Pause Remark 2244M->2244M(4096M) 3.153ms
[3354.366s][info][gc,cpu         ] GC(739) User=0.02s Sys=0.00s Real=0.00s
[3354.366s][info][gc,marking     ] GC(739) Concurrent Mark 966.076ms
[3354.366s][info][gc,marking     ] GC(739) Concurrent Rebuild Remembered Sets and Scrub Regions
[3354.612s][info][gc,marking     ] GC(739) Concurrent Rebuild Remembered Sets and Scrub Regions 246.424ms
[3354.614s][info][gc,start       ] GC(739) Pause Cleanup
[3354.614s][info][gc             ] GC(739) Pause Cleanup 2410M->2410M(4096M) 0.128ms
[3354.614s][info][gc,cpu         ] GC(739) User=0.00s Sys=0.00s Real=0.00s
[3354.614s][info][gc,marking     ] GC(739) Concurrent Clear Claimed Marks
[3354.614s][info][gc,marking     ] GC(739) Concurrent Clear Claimed Marks 0.032ms
[3354.614s][info][gc,marking     ] GC(739) Concurrent Cleanup for Next Mark
[3354.619s][info][gc,marking     ] GC(739) Concurrent Cleanup for Next Mark 5.061ms
[3354.619s][info][gc             ] GC(739) Concurrent Mark Cycle 1402.177ms
..[3356.334s][info][gc,start       ] GC(740) Pause Young (Prepare Mixed) (G1 Evacuation Pause)
[3356.334s][info][gc,task        ] GC(740) Using 6 workers of 6 for evacuation
[3356.457s][info][gc,phases      ] GC(740)   Pre Evacuate Collection Set: 0.30ms
[3356.457s][info][gc,phases      ] GC(740)   Merge Heap Roots: 0.52ms
[3356.457s][info][gc,phases      ] GC(740)   Evacuate Collection Set: 121.25ms
[3356.457s][info][gc,phases      ] GC(740)   Post Evacuate Collection Set: 0.92ms
[3356.457s][info][gc,phases      ] GC(740)   Other: 0.08ms
[3356.457s][info][gc,heap        ] GC(740) Eden regions: 1117->0(1105)
[3356.457s][info][gc,heap        ] GC(740) Survivor regions: 111->112(154)
[3356.457s][info][gc,heap        ] GC(740) Old regions: 504->536
[3356.457s][info][gc,heap        ] GC(740) Humongous regions: 80->80
[3356.457s][info][gc,metaspace   ] GC(740) Metaspace: 28873K(29248K)->28873K(29248K) NonClass: 24005K(24192K)->24005K(24192K) Class: 4868K(5056K)->4868K(5056K)
[3356.457s][info][gc             ] GC(740) Pause Young (Prepare Mixed) (G1 Evacuation Pause) 3622M->1455M(4096M) 123.195ms
[3356.457s][info][gc,cpu         ] GC(740) User=0.73s Sys=0.00s Real=0.13s
...[3359.576s][info][gc,start       ] GC(741) Pause Young (Mixed) (G1 Evacuation Pause)
[3359.576s][info][gc,task        ] GC(741) Using 6 workers of 6 for evacuation
[3359.708s][info][gc,phases      ] GC(741)   Pre Evacuate Collection Set: 0.35ms
[3359.708s][info][gc,phases      ] GC(741)   Merge Heap Roots: 0.68ms
[3359.708s][info][gc,phases      ] GC(741)   Evacuate Collection Set: 130.03ms
[3359.708s][info][gc,phases      ] GC(741)   Post Evacuate Collection Set: 0.91ms
[3359.708s][info][gc,phases      ] GC(741)   Other: 0.09ms
[3359.708s][info][gc,heap        ] GC(741) Eden regions: 1105->0(1118)
[3359.708s][info][gc,heap        ] GC(741) Survivor regions: 112->110(153)
[3359.708s][info][gc,heap        ] GC(741) Old regions: 536->473
[3359.708s][info][gc,heap        ] GC(741) Humongous regions: 80->80
[3359.709s][info][gc,metaspace   ] GC(741) Metaspace: 28873K(29248K)->28873K(29248K) NonClass: 24005K(24192K)->24005K(24192K) Class: 4868K(5056K)->4868K(5056K)
[3359.709s][info][gc             ] GC(741) Pause Young (Mixed) (G1 Evacuation Pause) 3665M->1324M(4096M) 132.192ms
[3359.709s][info][gc,cpu         ] GC(741) User=0.79s Sys=0.00s Real=0.14s
...[3362.801s][info][gc,start       ] GC(742) Pause Young (Concurrent Start) (G1 Evacuation Pause)
[3362.801s][info][gc,task        ] GC(742) Using 6 workers of 6 for evacuation
[3362.922s][info][gc,phases      ] GC(742)   Pre Evacuate Collection Set: 0.35ms
[3362.922s][info][gc,phases      ] GC(742)   Merge Heap Roots: 0.47ms
[3362.922s][info][gc,phases      ] GC(742)   Evacuate Collection Set: 119.09ms
[3362.922s][info][gc,phases      ] GC(742)   Post Evacuate Collection Set: 0.88ms
[3362.922s][info][gc,phases      ] GC(742)   Other: 0.11ms
[3362.922s][info][gc,heap        ] GC(742) Eden regions: 1118->0(1116)
[3362.922s][info][gc,heap        ] GC(742) Survivor regions: 110->112(154)
[3362.922s][info][gc,heap        ] GC(742) Old regions: 473->505
[3362.922s][info][gc,heap        ] GC(742) Humongous regions: 80->80
[3362.922s][info][gc,metaspace   ] GC(742) Metaspace: 28873K(29248K)->28873K(29248K) NonClass: 24005K(24192K)->24005K(24192K) Class: 4868K(5056K)->4868K(5056K)
[3362.922s][info][gc             ] GC(742) Pause Young (Concurrent Start) (G1 Evacuation Pause) 3560M->1393M(4096M) 121.029ms
[3362.922s][info][gc             ] GC(743) Concurrent Mark Cycle
[3362.922s][info][gc,marking     ] GC(743) Concurrent Scan Root Regions
[3362.922s][info][gc,cpu         ] GC(742) User=0.72s Sys=0.01s Real=0.12s
.[3363.070s][info][gc,marking     ] GC(743) Concurrent Scan Root Regions 147.372ms
[3363.070s][info][gc,marking     ] GC(743) Concurrent Mark
[3363.070s][info][gc,marking     ] GC(743) Concurrent Mark From Roots
[3363.070s][info][gc,task        ] GC(743) Using 2 workers of 2 for marking
[3363.759s][info][gc,marking     ] GC(743) Concurrent Mark From Roots 689.282ms
[3363.759s][info][gc,marking     ] GC(743) Concurrent Preclean
[3363.759s][info][gc,marking     ] GC(743) Concurrent Preclean 0.117ms
[3363.759s][info][gc,start       ] GC(743) Pause Remark
[3363.763s][info][gc             ] GC(743) Pause Remark 2054M->2054M(4096M) 3.320ms
[3363.763s][info][gc,cpu         ] GC(743) User=0.02s Sys=0.00s Real=0.00s
[3363.763s][info][gc,marking     ] GC(743) Concurrent Mark 692.964ms
[3363.763s][info][gc,marking     ] GC(743) Concurrent Rebuild Remembered Sets and Scrub Regions
.[3363.997s][info][gc,marking     ] GC(743) Concurrent Rebuild Remembered Sets and Scrub Regions 233.745ms
[3363.997s][info][gc,start       ] GC(743) Pause Cleanup
[3363.997s][info][gc             ] GC(743) Pause Cleanup 2195M->2195M(4096M) 0.116ms
[3363.997s][info][gc,cpu         ] GC(743) User=0.00s Sys=0.00s Real=0.00s
[3363.997s][info][gc,marking     ] GC(743) Concurrent Clear Claimed Marks
[3363.997s][info][gc,marking     ] GC(743) Concurrent Clear Claimed Marks 0.020ms
[3363.997s][info][gc,marking     ] GC(743) Concurrent Cleanup for Next Mark
[3364.000s][info][gc,marking     ] GC(743) Concurrent Cleanup for Next Mark 3.536ms
[3364.001s][info][gc             ] GC(743) Concurrent Mark Cycle 1078.128ms
..[3366.058s][info][gc,start       ] GC(744) Pause Young (Prepare Mixed) (G1 Evacuation Pause)
[3366.058s][info][gc,task        ] GC(744) Using 6 workers of 6 for evacuation
[3366.174s][info][gc,phases      ] GC(744)   Pre Evacuate Collection Set: 0.32ms
[3366.174s][info][gc,phases      ] GC(744)   Merge Heap Roots: 0.51ms
[3366.174s][info][gc,phases      ] GC(744)   Evacuate Collection Set: 113.80ms
[3366.174s][info][gc,phases      ] GC(744)   Post Evacuate Collection Set: 0.91ms
[3366.174s][info][gc,phases      ] GC(744)   Other: 0.08ms
[3366.174s][info][gc,heap        ] GC(744) Eden regions: 1116->0(1110)
[3366.174s][info][gc,heap        ] GC(744) Survivor regions: 112->109(154)
[3366.174s][info][gc,heap        ] GC(744) Old regions: 505->537
[3366.174s][info][gc,heap        ] GC(744) Humongous regions: 80->80
[3366.174s][info][gc,metaspace   ] GC(744) Metaspace: 28873K(29248K)->28873K(29248K) NonClass: 24005K(24192K)->24005K(24192K) Class: 4868K(5056K)->4868K(5056K)
[3366.174s][info][gc             ] GC(744) Pause Young (Prepare Mixed) (G1 Evacuation Pause) 3625M->1449M(4096M) 115.735ms
[3366.174s][info][gc,cpu         ] GC(744) User=0.69s Sys=0.00s Real=0.11s
...[3369.272s][info][gc,start       ] GC(745) Pause Young (Mixed) (G1 Evacuation Pause)
[3369.272s][info][gc,task        ] GC(745) Using 6 workers of 6 for evacuation
[3369.403s][info][gc,phases      ] GC(745)   Pre Evacuate Collection Set: 0.31ms
[3369.403s][info][gc,phases      ] GC(745)   Merge Heap Roots: 0.63ms
[3369.403s][info][gc,phases      ] GC(745)   Evacuate Collection Set: 129.14ms
[3369.403s][info][gc,phases      ] GC(745)   Post Evacuate Collection Set: 0.93ms
[3369.403s][info][gc,phases      ] GC(745)   Other: 0.08ms
[3369.403s][info][gc,heap        ] GC(745) Eden regions: 1110->0(1119)
[3369.403s][info][gc,heap        ] GC(745) Survivor regions: 109->109(153)
[3369.403s][info][gc,heap        ] GC(745) Old regions: 537->472
[3369.403s][info][gc,heap        ] GC(745) Humongous regions: 80->80
[3369.403s][info][gc,metaspace   ] GC(745) Metaspace: 28873K(29248K)->28873K(29248K) NonClass: 24005K(24192K)->24005K(24192K) Class: 4868K(5056K)->4868K(5056K)
[3369.403s][info][gc             ] GC(745) Pause Young (Mixed) (G1 Evacuation Pause) 3669M->1320M(4096M) 131.217ms
[3369.403s][info][gc,cpu         ] GC(745) User=0.78s Sys=0.00s Real=0.13s
...[3372.547s][info][gc,start       ] GC(746) Pause Young (Concurrent Start) (G1 Evacuation Pause)
[3372.547s][info][gc,task        ] GC(746) Using 6 workers of 6 for evacuation
[3372.666s][info][gc,phases      ] GC(746)   Pre Evacuate Collection Set: 0.38ms
[3372.666s][info][gc,phases      ] GC(746)   Merge Heap Roots: 0.44ms
[3372.666s][info][gc,phases      ] GC(746)   Evacuate Collection Set: 117.84ms
[3372.666s][info][gc,phases      ] GC(746)   Post Evacuate Collection Set: 0.84ms
[3372.666s][info][gc,phases      ] GC(746)   Other: 0.13ms
[3372.666s][info][gc,heap        ] GC(746) Eden regions: 1119->0(1116)
[3372.666s][info][gc,heap        ] GC(746) Survivor regions: 109->112(154)
[3372.666s][info][gc,heap        ] GC(746) Old regions: 472->504
[3372.666s][info][gc,heap        ] GC(746) Humongous regions: 80->80
[3372.666s][info][gc,metaspace   ] GC(746) Metaspace: 28873K(29248K)->28873K(29248K) NonClass: 24005K(24192K)->24005K(24192K) Class: 4868K(5056K)->4868K(5056K)
[3372.666s][info][gc             ] GC(746) Pause Young (Concurrent Start) (G1 Evacuation Pause) 3558M->1391M(4096M) 119.760ms
[3372.666s][info][gc             ] GC(747) Concurrent Mark Cycle
[3372.666s][info][gc,marking     ] GC(747) Concurrent Scan Root Regions
[3372.666s][info][gc,cpu         ] GC(746) User=0.72s Sys=0.00s Real=0.12s
[3372.813s][info][gc,marking     ] GC(747) Concurrent Scan Root Regions 146.181ms
[3372.813s][info][gc,marking     ] GC(747) Concurrent Mark
[3372.813s][info][gc,marking     ] GC(747) Concurrent Mark From Roots
[3372.813s][info][gc,task        ] GC(747) Using 2 workers of 2 for marking
.[3373.462s][info][gc,marking     ] GC(747) Concurrent Mark From Roots 649.743ms
[3373.462s][info][gc,marking     ] GC(747) Concurrent Preclean
[3373.463s][info][gc,marking     ] GC(747) Concurrent Preclean 0.090ms
[3373.463s][info][gc,start       ] GC(747) Pause Remark
[3373.465s][info][gc             ] GC(747) Pause Remark 1971M->1971M(4096M) 2.111ms
[3373.466s][info][gc,cpu         ] GC(747) User=0.01s Sys=0.00s Real=0.00s
[3373.466s][info][gc,marking     ] GC(747) Concurrent Mark 652.932ms
[3373.466s][info][gc,marking     ] GC(747) Concurrent Rebuild Remembered Sets and Scrub Regions
[3373.762s][info][gc,marking     ] GC(747) Concurrent Rebuild Remembered Sets and Scrub Regions 296.645ms
[3373.762s][info][gc,start       ] GC(747) Pause Cleanup
[3373.762s][info][gc             ] GC(747) Pause Cleanup 2196M->2196M(4096M) 0.116ms
[3373.762s][info][gc,cpu         ] GC(747) User=0.00s Sys=0.00s Real=0.00s
[3373.763s][info][gc,marking     ] GC(747) Concurrent Clear Claimed Marks
[3373.763s][info][gc,marking     ] GC(747) Concurrent Clear Claimed Marks 0.033ms
[3373.763s][info][gc,marking     ] GC(747) Concurrent Cleanup for Next Mark
[3373.777s][info][gc,marking     ] GC(747) Concurrent Cleanup for Next Mark 14.399ms
[3373.777s][info][gc             ] GC(747) Concurrent Mark Cycle 1110.658ms
..[3375.821s][info][gc,start       ] GC(748) Pause Young (Prepare Mixed) (G1 Evacuation Pause)
[3375.822s][info][gc,task        ] GC(748) Using 6 workers of 6 for evacuation
[3375.938s][info][gc,phases      ] GC(748)   Pre Evacuate Collection Set: 0.37ms
[3375.938s][info][gc,phases      ] GC(748)   Merge Heap Roots: 0.57ms
[3375.938s][info][gc,phases      ] GC(748)   Evacuate Collection Set: 114.46ms
[3375.938s][info][gc,phases      ] GC(748)   Post Evacuate Collection Set: 0.91ms
[3375.938s][info][gc,phases      ] GC(748)   Other: 0.10ms
[3375.938s][info][gc,heap        ] GC(748) Eden regions: 1116->0(1107)
[3375.938s][info][gc,heap        ] GC(748) Survivor regions: 112->111(154)
[3375.938s][info][gc,heap        ] GC(748) Old regions: 504->536
[3375.938s][info][gc,heap        ] GC(748) Humongous regions: 80->80
[3375.938s][info][gc,metaspace   ] GC(748) Metaspace: 28873K(29248K)->28873K(29248K) NonClass: 24005K(24192K)->24005K(24192K) Class: 4868K(5056K)->4868K(5056K)
[3375.938s][info][gc             ] GC(748) Pause Young (Prepare Mixed) (G1 Evacuation Pause) 3623M->1451M(4096M) 116.522ms
[3375.938s][info][gc,cpu         ] GC(748) User=0.69s Sys=0.00s Real=0.12s
....[3379.115s][info][gc,start       ] GC(749) Pause Young (Mixed) (G1 Evacuation Pause)
[3379.115s][info][gc,task        ] GC(749) Using 6 workers of 6 for evacuation
[3379.247s][info][gc,phases      ] GC(749)   Pre Evacuate Collection Set: 0.33ms
[3379.247s][info][gc,phases      ] GC(749)   Merge Heap Roots: 0.69ms
[3379.247s][info][gc,phases      ] GC(749)   Evacuate Collection Set: 130.58ms
[3379.247s][info][gc,phases      ] GC(749)   Post Evacuate Collection Set: 0.93ms
[3379.247s][info][gc,phases      ] GC(749)   Other: 0.09ms
[3379.247s][info][gc,heap        ] GC(749) Eden regions: 1107->0(1118)
[3379.247s][info][gc,heap        ] GC(749) Survivor regions: 111->110(153)
[3379.247s][info][gc,heap        ] GC(749) Old regions: 536->471
[3379.247s][info][gc,heap        ] GC(749) Humongous regions: 80->80
[3379.247s][info][gc,metaspace   ] GC(749) Metaspace: 28873K(29248K)->28873K(29248K) NonClass: 24005K(24192K)->24005K(24192K) Class: 4868K(5056K)->4868K(5056K)
[3379.247s][info][gc             ] GC(749) Pause Young (Mixed) (G1 Evacuation Pause) 3665M->1321M(4096M) 132.749ms
[3379.247s][info][gc,cpu         ] GC(749) User=0.79s Sys=0.00s Real=0.14s
...[3382.304s][info][gc,start       ] GC(750) Pause Young (Concurrent Start) (G1 Evacuation Pause)
[3382.304s][info][gc,task        ] GC(750) Using 6 workers of 6 for evacuation
[3382.420s][info][gc,phases      ] GC(750)   Pre Evacuate Collection Set: 0.37ms
[3382.420s][info][gc,phases      ] GC(750)   Merge Heap Roots: 0.46ms
[3382.420s][info][gc,phases      ] GC(750)   Evacuate Collection Set: 114.89ms
[3382.420s][info][gc,phases      ] GC(750)   Post Evacuate Collection Set: 0.89ms
[3382.420s][info][gc,phases      ] GC(750)   Other: 0.10ms
[3382.420s][info][gc,heap        ] GC(750) Eden regions: 1118->0(1119)
[3382.420s][info][gc,heap        ] GC(750) Survivor regions: 110->109(154)
[3382.420s][info][gc,heap        ] GC(750) Old regions: 471->503
[3382.420s][info][gc,heap        ] GC(750) Humongous regions: 80->80
[3382.420s][info][gc,metaspace   ] GC(750) Metaspace: 28873K(29248K)->28873K(29248K) NonClass: 24005K(24192K)->24005K(24192K) Class: 4868K(5056K)->4868K(5056K)
[3382.420s][info][gc             ] GC(750) Pause Young (Concurrent Start) (G1 Evacuation Pause) 3557M->1382M(4096M) 116.836ms
[3382.420s][info][gc             ] GC(751) Concurrent Mark Cycle
[3382.420s][info][gc,marking     ] GC(751) Concurrent Scan Root Regions
[3382.420s][info][gc,cpu         ] GC(750) User=0.70s Sys=0.00s Real=0.12s
[3382.562s][info][gc,marking     ] GC(751) Concurrent Scan Root Regions 141.806ms
[3382.562s][info][gc,marking     ] GC(751) Concurrent Mark
[3382.562s][info][gc,marking     ] GC(751) Concurrent Mark From Roots
[3382.562s][info][gc,task        ] GC(751) Using 2 workers of 2 for marking
.[3383.235s][info][gc,marking     ] GC(751) Concurrent Mark From Roots 672.433ms
[3383.235s][info][gc,marking     ] GC(751) Concurrent Preclean
[3383.235s][info][gc,marking     ] GC(751) Concurrent Preclean 0.092ms
[3383.235s][info][gc,start       ] GC(751) Pause Remark
[3383.238s][info][gc             ] GC(751) Pause Remark 2016M->2016M(4096M) 2.830ms
[3383.238s][info][gc,cpu         ] GC(751) User=0.01s Sys=0.00s Real=0.01s
[3383.238s][info][gc,marking     ] GC(751) Concurrent Mark 675.651ms
[3383.238s][info][gc,marking     ] GC(751) Concurrent Rebuild Remembered Sets and Scrub Regions
[3383.448s][info][gc,marking     ] GC(751) Concurrent Rebuild Remembered Sets and Scrub Regions 209.970ms
[3383.448s][info][gc,start       ] GC(751) Pause Cleanup
[3383.448s][info][gc             ] GC(751) Pause Cleanup 2149M->2149M(4096M) 0.107ms
[3383.448s][info][gc,cpu         ] GC(751) User=0.00s Sys=0.00s Real=0.00s
[3383.449s][info][gc,marking     ] GC(751) Concurrent Clear Claimed Marks
[3383.449s][info][gc,marking     ] GC(751) Concurrent Clear Claimed Marks 0.037ms
[3383.449s][info][gc,marking     ] GC(751) Concurrent Cleanup for Next Mark
[3383.455s][info][gc,marking     ] GC(751) Concurrent Cleanup for Next Mark 6.037ms
[3383.455s][info][gc             ] GC(751) Concurrent Mark Cycle 1034.624ms
..[3385.563s][info][gc,start       ] GC(752) Pause Young (Prepare Mixed) (G1 Evacuation Pause)
[3385.563s][info][gc,task        ] GC(752) Using 6 workers of 6 for evacuation
[3385.682s][info][gc,phases      ] GC(752)   Pre Evacuate Collection Set: 0.34ms
[3385.682s][info][gc,phases      ] GC(752)   Merge Heap Roots: 0.52ms
[3385.682s][info][gc,phases      ] GC(752)   Evacuate Collection Set: 117.20ms
[3385.682s][info][gc,phases      ] GC(752)   Post Evacuate Collection Set: 0.93ms
[3385.682s][info][gc,phases      ] GC(752)   Other: 0.10ms
[3385.682s][info][gc,heap        ] GC(752) Eden regions: 1119->0(1105)
[3385.682s][info][gc,heap        ] GC(752) Survivor regions: 109->112(154)
[3385.682s][info][gc,heap        ] GC(752) Old regions: 503->536
[3385.682s][info][gc,heap        ] GC(752) Humongous regions: 80->80
[3385.682s][info][gc,metaspace   ] GC(752) Metaspace: 28873K(29248K)->28873K(29248K) NonClass: 24005K(24192K)->24005K(24192K) Class: 4868K(5056K)->4868K(5056K)
[3385.682s][info][gc             ] GC(752) Pause Young (Prepare Mixed) (G1 Evacuation Pause) 3620M->1454M(4096M) 119.238ms
[3385.682s][info][gc,cpu         ] GC(752) User=0.71s Sys=0.00s Real=0.12s
.. (rIR:aIR:PR = 5812:5813:5813) (tPR = 86814) [OK] 
  3386s: Performance info:
         Transaction,    Success,    Partial,     Failed,   Receipts, AvgBarcode, 
             Overall,     349762,          0,          0,     332276,      59.48, 
         Response times:
             Request,    Success,    Partial,     Failed,   SkipFail,     Probes,    Samples,      min,      p50,      p90,      p95,      p99,      max, 
       TotalPurchase,     332272,          0,          0,          0,     325625,     353788,      300,     4700,    13000,    37000,    97000,   272000,
     InStorePurchase,     174896,          0,          0,          0,     171692,     186328,      300,     4700,    13000,    37000,    97000,   263000,
      OnlinePurchase,     122431,          0,          0,          0,     119804,     130030,      300,     4400,    12600,    36000,    97000,   272000,
        InstPurchase,      34945,          0,          0,          0,      34129,      37430,      400,     5100,    14400,    41000,   103690,   263000,
          AssocOfCat,        349,          0,          0,          0,        293,        419,    24000,    35000,    64000,    89000,   168000,   185000,
      AssocOfProduct,       3499,          0,          0,          0,       3285,       3750,      700,     3900,    10900,    30000,    78000,   156000,
      BusinessReport,        872,          0,          0,          0,        771,        986,    25000,    38000,    79000,   111000,   181130,   255000,
          CustBuyBeh,       3508,          0,          0,          0,       3262,       3679,      200,     4600,    12300,    31000,    85000,   228000,
       ProductReturn,       9265,          0,          0,          0,       8828,       9845,      200,     5100,    12900,    40000,    97000,   209000,

  3386s: (43%)   IR =   5950 .[3388.754s][info][gc,start       ] GC(753) Pause Young (Mixed) (G1 Evacuation Pause)
[3388.754s][info][gc,task        ] GC(753) Using 6 workers of 6 for evacuation
[3388.888s][info][gc,phases      ] GC(753)   Pre Evacuate Collection Set: 0.36ms
[3388.888s][info][gc,phases      ] GC(753)   Merge Heap Roots: 0.77ms
[3388.888s][info][gc,phases      ] GC(753)   Evacuate Collection Set: 131.85ms
[3388.888s][info][gc,phases      ] GC(753)   Post Evacuate Collection Set: 0.95ms
[3388.888s][info][gc,phases      ] GC(753)   Other: 0.09ms
[3388.888s][info][gc,heap        ] GC(753) Eden regions: 1105->0(1120)
[3388.888s][info][gc,heap        ] GC(753) Survivor regions: 112->108(153)
[3388.888s][info][gc,heap        ] GC(753) Old regions: 536->473
[3388.888s][info][gc,heap        ] GC(753) Humongous regions: 80->80
[3388.888s][info][gc,metaspace   ] GC(753) Metaspace: 28873K(29248K)->28873K(29248K) NonClass: 24005K(24192K)->24005K(24192K) Class: 4868K(5056K)->4868K(5056K)
[3388.888s][info][gc             ] GC(753) Pause Young (Mixed) (G1 Evacuation Pause) 3664M->1320M(4096M) 134.154ms
[3388.888s][info][gc,cpu         ] GC(753) User=0.80s Sys=0.00s Real=0.14s
...|[3391.869s][info][gc,start       ] GC(754) Pause Young (Concurrent Start) (G1 Evacuation Pause)
[3391.869s][info][gc,task        ] GC(754) Using 6 workers of 6 for evacuation
[3391.983s][info][gc,phases      ] GC(754)   Pre Evacuate Collection Set: 0.35ms
[3391.983s][info][gc,phases      ] GC(754)   Merge Heap Roots: 0.45ms
[3391.983s][info][gc,phases      ] GC(754)   Evacuate Collection Set: 111.95ms
[3391.983s][info][gc,phases      ] GC(754)   Post Evacuate Collection Set: 0.92ms
[3391.983s][info][gc,phases      ] GC(754)   Other: 0.11ms
[3391.983s][info][gc,heap        ] GC(754) Eden regions: 1120->0(1121)
[3391.983s][info][gc,heap        ] GC(754) Survivor regions: 108->107(154)
[3391.983s][info][gc,heap        ] GC(754) Old regions: 473->505
[3391.983s][info][gc,heap        ] GC(754) Humongous regions: 80->80
[3391.983s][info][gc,metaspace   ] GC(754) Metaspace: 28873K(29248K)->28873K(29248K) NonClass: 24005K(24192K)->24005K(24192K) Class: 4868K(5056K)->4868K(5056K)
[3391.983s][info][gc             ] GC(754) Pause Young (Concurrent Start) (G1 Evacuation Pause) 3560M->1382M(4096M) 113.903ms
[3391.983s][info][gc             ] GC(755) Concurrent Mark Cycle
[3391.983s][info][gc,marking     ] GC(755) Concurrent Scan Root Regions
[3391.983s][info][gc,cpu         ] GC(754) User=0.68s Sys=0.00s Real=0.11s
.[3392.132s][info][gc,marking     ] GC(755) Concurrent Scan Root Regions 149.156ms
[3392.132s][info][gc,marking     ] GC(755) Concurrent Mark
[3392.132s][info][gc,marking     ] GC(755) Concurrent Mark From Roots
[3392.132s][info][gc,task        ] GC(755) Using 2 workers of 2 for marking
[3392.676s][info][gc,marking     ] GC(755) Concurrent Mark From Roots 543.470ms
[3392.676s][info][gc,marking     ] GC(755) Concurrent Preclean
[3392.676s][info][gc,marking     ] GC(755) Concurrent Preclean 0.104ms
[3392.676s][info][gc,start       ] GC(755) Pause Remark
[3392.679s][info][gc             ] GC(755) Pause Remark 1852M->1852M(4096M) 2.738ms
[3392.679s][info][gc,cpu         ] GC(755) User=0.01s Sys=0.00s Real=0.01s
[3392.680s][info][gc,marking     ] GC(755) Concurrent Mark 547.348ms
[3392.680s][info][gc,marking     ] GC(755) Concurrent Rebuild Remembered Sets and Scrub Regions
[3392.892s][info][gc,marking     ] GC(755) Concurrent Rebuild Remembered Sets and Scrub Regions 212.552ms
[3392.893s][info][gc,start       ] GC(755) Pause Cleanup
[3392.893s][info][gc             ] GC(755) Pause Cleanup 2042M->2042M(4096M) 0.126ms
[3392.893s][info][gc,cpu         ] GC(755) User=0.00s Sys=0.00s Real=0.00s
[3392.893s][info][gc,marking     ] GC(755) Concurrent Clear Claimed Marks
[3392.893s][info][gc,marking     ] GC(755) Concurrent Clear Claimed Marks 0.030ms
[3392.893s][info][gc,marking     ] GC(755) Concurrent Cleanup for Next Mark
[3392.898s][info][gc,marking     ] GC(755) Concurrent Cleanup for Next Mark 4.586ms
[3392.898s][info][gc             ] GC(755) Concurrent Mark Cycle 914.653ms
...[3395.138s][info][gc,start       ] GC(756) Pause Young (Prepare Mixed) (G1 Evacuation Pause)
[3395.138s][info][gc,task        ] GC(756) Using 6 workers of 6 for evacuation
[3395.258s][info][gc,phases      ] GC(756)   Pre Evacuate Collection Set: 0.35ms
[3395.258s][info][gc,phases      ] GC(756)   Merge Heap Roots: 0.51ms
[3395.258s][info][gc,phases      ] GC(756)   Evacuate Collection Set: 118.18ms
[3395.258s][info][gc,phases      ] GC(756)   Post Evacuate Collection Set: 0.91ms
[3395.258s][info][gc,phases      ] GC(756)   Other: 0.08ms
[3395.258s][info][gc,heap        ] GC(756) Eden regions: 1121->0(1103)
[3395.258s][info][gc,heap        ] GC(756) Survivor regions: 107->113(154)
[3395.258s][info][gc,heap        ] GC(756) Old regions: 505->536
[3395.258s][info][gc,heap        ] GC(756) Humongous regions: 80->80
[3395.258s][info][gc,metaspace   ] GC(756) Metaspace: 28873K(29248K)->28873K(29248K) NonClass: 24005K(24192K)->24005K(24192K) Class: 4868K(5056K)->4868K(5056K)
[3395.258s][info][gc             ] GC(756) Pause Young (Prepare Mixed) (G1 Evacuation Pause) 3624M->1457M(4096M) 120.153ms
[3395.258s][info][gc,cpu         ] GC(756) User=0.71s Sys=0.00s Real=0.12s
...[3398.199s][info][gc,start       ] GC(757) Pause Young (Mixed) (G1 Evacuation Pause)
[3398.199s][info][gc,task        ] GC(757) Using 6 workers of 6 for evacuation
[3398.332s][info][gc,phases      ] GC(757)   Pre Evacuate Collection Set: 0.34ms
[3398.332s][info][gc,phases      ] GC(757)   Merge Heap Roots: 0.60ms
[3398.332s][info][gc,phases      ] GC(757)   Evacuate Collection Set: 130.57ms
[3398.332s][info][gc,phases      ] GC(757)   Post Evacuate Collection Set: 0.98ms
[3398.332s][info][gc,phases      ] GC(757)   Other: 0.08ms
[3398.332s][info][gc,heap        ] GC(757) Eden regions: 1103->0(1117)
[3398.332s][info][gc,heap        ] GC(757) Survivor regions: 113->111(152)
[3398.332s][info][gc,heap        ] GC(757) Old regions: 536->472
[3398.332s][info][gc,heap        ] GC(757) Humongous regions: 80->80
[3398.332s][info][gc,metaspace   ] GC(757) Metaspace: 28873K(29248K)->28873K(29248K) NonClass: 24005K(24192K)->24005K(24192K) Class: 4868K(5056K)->4868K(5056K)
[3398.332s][info][gc             ] GC(757) Pause Young (Mixed) (G1 Evacuation Pause) 3663M->1324M(4096M) 132.700ms
[3398.332s][info][gc,cpu         ] GC(757) User=0.79s Sys=0.00s Real=0.13s
...[3401.401s][info][gc,start       ] GC(758) Pause Young (Concurrent Start) (G1 Evacuation Pause)
[3401.401s][info][gc,task        ] GC(758) Using 6 workers of 6 for evacuation
[3401.520s][info][gc,phases      ] GC(758)   Pre Evacuate Collection Set: 0.36ms
[3401.520s][info][gc,phases      ] GC(758)   Merge Heap Roots: 0.44ms
[3401.520s][info][gc,phases      ] GC(758)   Evacuate Collection Set: 116.78ms
[3401.520s][info][gc,phases      ] GC(758)   Post Evacuate Collection Set: 0.79ms
[3401.520s][info][gc,phases      ] GC(758)   Other: 0.10ms
[3401.520s][info][gc,heap        ] GC(758) Eden regions: 1117->0(1117)
[3401.520s][info][gc,heap        ] GC(758) Survivor regions: 111->111(154)
[3401.520s][info][gc,heap        ] GC(758) Old regions: 472->505
[3401.520s][info][gc,heap        ] GC(758) Humongous regions: 80->80
[3401.520s][info][gc,metaspace   ] GC(758) Metaspace: 28873K(29248K)->28873K(29248K) NonClass: 24005K(24192K)->24005K(24192K) Class: 4868K(5056K)->4868K(5056K)
[3401.520s][info][gc             ] GC(758) Pause Young (Concurrent Start) (G1 Evacuation Pause) 3558M->1389M(4096M) 118.599ms
[3401.520s][info][gc             ] GC(759) Concurrent Mark Cycle
[3401.520s][info][gc,marking     ] GC(759) Concurrent Scan Root Regions
[3401.520s][info][gc,cpu         ] GC(758) User=0.71s Sys=0.00s Real=0.12s
[3401.664s][info][gc,marking     ] GC(759) Concurrent Scan Root Regions 144.057ms
[3401.664s][info][gc,marking     ] GC(759) Concurrent Mark
[3401.664s][info][gc,marking     ] GC(759) Concurrent Mark From Roots
[3401.664s][info][gc,task        ] GC(759) Using 2 workers of 2 for marking
.[3402.353s][info][gc,marking     ] GC(759) Concurrent Mark From Roots 688.905ms
[3402.353s][info][gc,marking     ] GC(759) Concurrent Preclean
[3402.353s][info][gc,marking     ] GC(759) Concurrent Preclean 0.121ms
[3402.354s][info][gc,start       ] GC(759) Pause Remark
[3402.356s][info][gc             ] GC(759) Pause Remark 2048M->2048M(4096M) 2.580ms
[3402.356s][info][gc,cpu         ] GC(759) User=0.01s Sys=0.00s Real=0.00s
[3402.357s][info][gc,marking     ] GC(759) Concurrent Mark 692.778ms
[3402.357s][info][gc,marking     ] GC(759) Concurrent Rebuild Remembered Sets and Scrub Regions
[3402.607s][info][gc,marking     ] GC(759) Concurrent Rebuild Remembered Sets and Scrub Regions 249.910ms
[3402.607s][info][gc,start       ] GC(759) Pause Cleanup
[3402.607s][info][gc             ] GC(759) Pause Cleanup 2240M->2240M(4096M) 0.118ms
[3402.607s][info][gc,cpu         ] GC(759) User=0.00s Sys=0.00s Real=0.00s
[3402.607s][info][gc,marking     ] GC(759) Concurrent Clear Claimed Marks
[3402.607s][info][gc,marking     ] GC(759) Concurrent Clear Claimed Marks 0.025ms
[3402.607s][info][gc,marking     ] GC(759) Concurrent Cleanup for Next Mark
[3402.613s][info][gc,marking     ] GC(759) Concurrent Cleanup for Next Mark 5.241ms
[3402.613s][info][gc             ] GC(759) Concurrent Mark Cycle 1092.674ms
..[3404.531s][info][gc,start       ] GC(760) Pause Young (Prepare Mixed) (G1 Evacuation Pause)
[3404.532s][info][gc,task        ] GC(760) Using 6 workers of 6 for evacuation
[3404.651s][info][gc,phases      ] GC(760)   Pre Evacuate Collection Set: 0.31ms
[3404.651s][info][gc,phases      ] GC(760)   Merge Heap Roots: 0.53ms
[3404.651s][info][gc,phases      ] GC(760)   Evacuate Collection Set: 118.03ms
[3404.651s][info][gc,phases      ] GC(760)   Post Evacuate Collection Set: 0.95ms
[3404.651s][info][gc,phases      ] GC(760)   Other: 0.09ms
[3404.651s][info][gc,heap        ] GC(760) Eden regions: 1117->0(1104)
[3404.651s][info][gc,heap        ] GC(760) Survivor regions: 111->113(154)
[3404.651s][info][gc,heap        ] GC(760) Old regions: 505->535
[3404.651s][info][gc,heap        ] GC(760) Humongous regions: 80->80
[3404.651s][info][gc,metaspace   ] GC(760) Metaspace: 28873K(29248K)->28873K(29248K) NonClass: 24005K(24192K)->24005K(24192K) Class: 4868K(5056K)->4868K(5056K)
[3404.652s][info][gc             ] GC(760) Pause Young (Prepare Mixed) (G1 Evacuation Pause) 3623M->1454M(4096M) 120.042ms
[3404.652s][info][gc,cpu         ] GC(760) User=0.71s Sys=0.00s Real=0.12s
...[3407.736s][info][gc,start       ] GC(761) Pause Young (Mixed) (G1 Evacuation Pause)
[3407.736s][info][gc,task        ] GC(761) Using 6 workers of 6 for evacuation
[3407.869s][info][gc,phases      ] GC(761)   Pre Evacuate Collection Set: 0.38ms
[3407.869s][info][gc,phases      ] GC(761)   Merge Heap Roots: 0.69ms
[3407.869s][info][gc,phases      ] GC(761)   Evacuate Collection Set: 130.77ms
[3407.869s][info][gc,phases      ] GC(761)   Post Evacuate Collection Set: 0.93ms
[3407.869s][info][gc,phases      ] GC(761)   Other: 0.08ms
[3407.869s][info][gc,heap        ] GC(761) Eden regions: 1104->0(1120)
[3407.869s][info][gc,heap        ] GC(761) Survivor regions: 113->108(153)
[3407.869s][info][gc,heap        ] GC(761) Old regions: 535->471
[3407.869s][info][gc,heap        ] GC(761) Humongous regions: 80->80
[3407.869s][info][gc,metaspace   ] GC(761) Metaspace: 28873K(29248K)->28873K(29248K) NonClass: 24005K(24192K)->24005K(24192K) Class: 4868K(5056K)->4868K(5056K)
[3407.869s][info][gc             ] GC(761) Pause Young (Mixed) (G1 Evacuation Pause) 3662M->1315M(4096M) 132.980ms
[3407.869s][info][gc,cpu         ] GC(761) User=0.80s Sys=0.00s Real=0.14s
...[3410.848s][info][gc,start       ] GC(762) Pause Young (Concurrent Start) (G1 Evacuation Pause)
[3410.848s][info][gc,task        ] GC(762) Using 6 workers of 6 for evacuation
[3410.965s][info][gc,phases      ] GC(762)   Pre Evacuate Collection Set: 0.39ms
[3410.965s][info][gc,phases      ] GC(762)   Merge Heap Roots: 0.43ms
[3410.965s][info][gc,phases      ] GC(762)   Evacuate Collection Set: 115.41ms
[3410.965s][info][gc,phases      ] GC(762)   Post Evacuate Collection Set: 0.87ms
[3410.965s][info][gc,phases      ] GC(762)   Other: 0.12ms
[3410.965s][info][gc,heap        ] GC(762) Eden regions: 1120->0(1118)
[3410.965s][info][gc,heap        ] GC(762) Survivor regions: 108->110(154)
[3410.965s][info][gc,heap        ] GC(762) Old regions: 471->503
[3410.965s][info][gc,heap        ] GC(762) Humongous regions: 80->80
[3410.965s][info][gc,metaspace   ] GC(762) Metaspace: 28873K(29248K)->28873K(29248K) NonClass: 24005K(24192K)->24005K(24192K) Class: 4868K(5056K)->4868K(5056K)
[3410.965s][info][gc             ] GC(762) Pause Young (Concurrent Start) (G1 Evacuation Pause) 3555M->1384M(4096M) 117.352ms
[3410.965s][info][gc             ] GC(763) Concurrent Mark Cycle
[3410.965s][info][gc,marking     ] GC(763) Concurrent Scan Root Regions
[3410.965s][info][gc,cpu         ] GC(762) User=0.69s Sys=0.00s Real=0.11s
.[3411.128s][info][gc,marking     ] GC(763) Concurrent Scan Root Regions 162.384ms
[3411.128s][info][gc,marking     ] GC(763) Concurrent Mark
[3411.128s][info][gc,marking     ] GC(763) Concurrent Mark From Roots
[3411.128s][info][gc,task        ] GC(763) Using 2 workers of 2 for marking
[3411.975s][info][gc,marking     ] GC(763) Concurrent Mark From Roots 847.077ms
[3411.975s][info][gc,marking     ] GC(763) Concurrent Preclean
[3411.975s][info][gc,marking     ] GC(763) Concurrent Preclean 0.124ms
[3411.975s][info][gc,start       ] GC(763) Pause Remark
[3411.979s][info][gc             ] GC(763) Pause Remark 2148M->2148M(4096M) 3.423ms
[3411.979s][info][gc,cpu         ] GC(763) User=0.02s Sys=0.00s Real=0.01s
[3411.979s][info][gc,marking     ] GC(763) Concurrent Mark 850.912ms
[3411.979s][info][gc,marking     ] GC(763) Concurrent Rebuild Remembered Sets and Scrub Regions
.[3412.338s][info][gc,marking     ] GC(763) Concurrent Rebuild Remembered Sets and Scrub Regions 359.285ms
[3412.338s][info][gc,start       ] GC(763) Pause Cleanup
[3412.338s][info][gc             ] GC(763) Pause Cleanup 2423M->2423M(4096M) 0.109ms
[3412.338s][info][gc,cpu         ] GC(763) User=0.01s Sys=0.00s Real=0.00s
[3412.338s][info][gc,marking     ] GC(763) Concurrent Clear Claimed Marks
[3412.338s][info][gc,marking     ] GC(763) Concurrent Clear Claimed Marks 0.027ms
[3412.338s][info][gc,marking     ] GC(763) Concurrent Cleanup for Next Mark
[3412.342s][info][gc,marking     ] GC(763) Concurrent Cleanup for Next Mark 3.696ms
[3412.342s][info][gc             ] GC(763) Concurrent Mark Cycle 1376.712ms
.[3414.059s][info][gc,start       ] GC(764) Pause Young (Prepare Mixed) (G1 Evacuation Pause)
[3414.059s][info][gc,task        ] GC(764) Using 6 workers of 6 for evacuation
[3414.177s][info][gc,phases      ] GC(764)   Pre Evacuate Collection Set: 0.34ms
[3414.177s][info][gc,phases      ] GC(764)   Merge Heap Roots: 0.53ms
[3414.177s][info][gc,phases      ] GC(764)   Evacuate Collection Set: 116.69ms
[3414.178s][info][gc,phases      ] GC(764)   Post Evacuate Collection Set: 0.92ms
[3414.178s][info][gc,phases      ] GC(764)   Other: 0.09ms
[3414.178s][info][gc,heap        ] GC(764) Eden regions: 1118->0(1106)
[3414.178s][info][gc,heap        ] GC(764) Survivor regions: 110->112(154)
[3414.178s][info][gc,heap        ] GC(764) Old regions: 503->535
[3414.178s][info][gc,heap        ] GC(764) Humongous regions: 80->80
[3414.178s][info][gc,metaspace   ] GC(764) Metaspace: 28873K(29248K)->28873K(29248K) NonClass: 24005K(24192K)->24005K(24192K) Class: 4868K(5056K)->4868K(5056K)
[3414.178s][info][gc             ] GC(764) Pause Young (Prepare Mixed) (G1 Evacuation Pause) 3620M->1451M(4096M) 118.728ms
[3414.178s][info][gc,cpu         ] GC(764) User=0.70s Sys=0.00s Real=0.12s
....[3417.255s][info][gc,start       ] GC(765) Pause Young (Mixed) (G1 Evacuation Pause)
[3417.255s][info][gc,task        ] GC(765) Using 6 workers of 6 for evacuation
[3417.389s][info][gc,phases      ] GC(765)   Pre Evacuate Collection Set: 0.37ms
[3417.389s][info][gc,phases      ] GC(765)   Merge Heap Roots: 0.74ms
[3417.389s][info][gc,phases      ] GC(765)   Evacuate Collection Set: 131.38ms
[3417.389s][info][gc,phases      ] GC(765)   Post Evacuate Collection Set: 0.93ms
[3417.389s][info][gc,phases      ] GC(765)   Other: 0.09ms
[3417.389s][info][gc,heap        ] GC(765) Eden regions: 1106->0(1118)
[3417.389s][info][gc,heap        ] GC(765) Survivor regions: 112->110(153)
[3417.389s][info][gc,heap        ] GC(765) Old regions: 535->472
[3417.389s][info][gc,heap        ] GC(765) Humongous regions: 80->80
[3417.389s][info][gc,metaspace   ] GC(765) Metaspace: 28873K(29248K)->28873K(29248K) NonClass: 24005K(24192K)->24005K(24192K) Class: 4868K(5056K)->4868K(5056K)
[3417.389s][info][gc             ] GC(765) Pause Young (Mixed) (G1 Evacuation Pause) 3663M->1323M(4096M) 133.633ms
[3417.389s][info][gc,cpu         ] GC(765) User=0.80s Sys=0.00s Real=0.14s
...[3420.407s][info][gc,start       ] GC(766) Pause Young (Concurrent Start) (G1 Evacuation Pause)
[3420.407s][info][gc,task        ] GC(766) Using 6 workers of 6 for evacuation
[3420.526s][info][gc,phases      ] GC(766)   Pre Evacuate Collection Set: 0.33ms
[3420.526s][info][gc,phases      ] GC(766)   Merge Heap Roots: 0.46ms
[3420.526s][info][gc,phases      ] GC(766)   Evacuate Collection Set: 116.86ms
[3420.526s][info][gc,phases      ] GC(766)   Post Evacuate Collection Set: 0.84ms
[3420.526s][info][gc,phases      ] GC(766)   Other: 0.11ms
[3420.526s][info][gc,heap        ] GC(766) Eden regions: 1118->0(1117)
[3420.526s][info][gc,heap        ] GC(766) Survivor regions: 110->111(154)
[3420.526s][info][gc,heap        ] GC(766) Old regions: 472->504
[3420.526s][info][gc,heap        ] GC(766) Humongous regions: 80->80
[3420.526s][info][gc,metaspace   ] GC(766) Metaspace: 28873K(29248K)->28873K(29248K) NonClass: 24005K(24192K)->24005K(24192K) Class: 4868K(5056K)->4868K(5056K)
[3420.526s][info][gc             ] GC(766) Pause Young (Concurrent Start) (G1 Evacuation Pause) 3559M->1388M(4096M) 118.758ms
[3420.526s][info][gc             ] GC(767) Concurrent Mark Cycle
[3420.526s][info][gc,marking     ] GC(767) Concurrent Scan Root Regions
[3420.526s][info][gc,cpu         ] GC(766) User=0.70s Sys=0.00s Real=0.12s
[3420.707s][info][gc,marking     ] GC(767) Concurrent Scan Root Regions 181.463ms
[3420.707s][info][gc,marking     ] GC(767) Concurrent Mark
[3420.707s][info][gc,marking     ] GC(767) Concurrent Mark From Roots
[3420.707s][info][gc,task        ] GC(767) Using 2 workers of 2 for marking
.[3421.719s][info][gc,marking     ] GC(767) Concurrent Mark From Roots 1011.492ms
[3421.719s][info][gc,marking     ] GC(767) Concurrent Preclean
[3421.719s][info][gc,marking     ] GC(767) Concurrent Preclean 0.118ms
[3421.720s][info][gc,start       ] GC(767) Pause Remark
[3421.723s][info][gc             ] GC(767) Pause Remark 2280M->2280M(4096M) 2.910ms
[3421.723s][info][gc,cpu         ] GC(767) User=0.01s Sys=0.00s Real=0.00s
[3421.724s][info][gc,marking     ] GC(767) Concurrent Mark 1016.251ms
[3421.724s][info][gc,marking     ] GC(767) Concurrent Rebuild Remembered Sets and Scrub Regions
[3422.084s][info][gc,marking     ] GC(767) Concurrent Rebuild Remembered Sets and Scrub Regions 360.678ms
[3422.084s][info][gc,start       ] GC(767) Pause Cleanup
[3422.085s][info][gc             ] GC(767) Pause Cleanup 2595M->2595M(4096M) 0.118ms
[3422.085s][info][gc,cpu         ] GC(767) User=0.00s Sys=0.00s Real=0.00s
[3422.085s][info][gc,marking     ] GC(767) Concurrent Clear Claimed Marks
[3422.085s][info][gc,marking     ] GC(767) Concurrent Clear Claimed Marks 0.033ms
[3422.085s][info][gc,marking     ] GC(767) Concurrent Cleanup for Next Mark
[3422.090s][info][gc,marking     ] GC(767) Concurrent Cleanup for Next Mark 5.244ms
[3422.090s][info][gc             ] GC(767) Concurrent Mark Cycle 1564.596ms
..[3423.550s][info][gc,start       ] GC(768) Pause Young (Prepare Mixed) (G1 Evacuation Pause)
[3423.550s][info][gc,task        ] GC(768) Using 6 workers of 6 for evacuation
[3423.667s][info][gc,phases      ] GC(768)   Pre Evacuate Collection Set: 0.33ms
[3423.667s][info][gc,phases      ] GC(768)   Merge Heap Roots: 0.50ms
[3423.667s][info][gc,phases      ] GC(768)   Evacuate Collection Set: 115.22ms
[3423.667s][info][gc,phases      ] GC(768)   Post Evacuate Collection Set: 0.92ms
[3423.667s][info][gc,phases      ] GC(768)   Other: 0.09ms
[3423.667s][info][gc,heap        ] GC(768) Eden regions: 1117->0(1108)
[3423.667s][info][gc,heap        ] GC(768) Survivor regions: 111->110(154)
[3423.667s][info][gc,heap        ] GC(768) Old regions: 504->537
[3423.667s][info][gc,heap        ] GC(768) Humongous regions: 80->80
[3423.667s][info][gc,metaspace   ] GC(768) Metaspace: 28873K(29248K)->28873K(29248K) NonClass: 24005K(24192K)->24005K(24192K) Class: 4868K(5056K)->4868K(5056K)
[3423.667s][info][gc             ] GC(768) Pause Young (Prepare Mixed) (G1 Evacuation Pause) 3622M->1451M(4096M) 117.187ms
[3423.667s][info][gc,cpu         ] GC(768) User=0.69s Sys=0.00s Real=0.12s
...[3426.733s][info][gc,start       ] GC(769) Pause Young (Mixed) (G1 Evacuation Pause)
[3426.733s][info][gc,task        ] GC(769) Using 6 workers of 6 for evacuation
[3426.864s][info][gc,phases      ] GC(769)   Pre Evacuate Collection Set: 0.37ms
[3426.864s][info][gc,phases      ] GC(769)   Merge Heap Roots: 0.64ms
[3426.864s][info][gc,phases      ] GC(769)   Evacuate Collection Set: 128.99ms
[3426.864s][info][gc,phases      ] GC(769)   Post Evacuate Collection Set: 0.96ms
[3426.864s][info][gc,phases      ] GC(769)   Other: 0.09ms
[3426.864s][info][gc,heap        ] GC(769) Eden regions: 1108->0(1119)
[3426.864s][info][gc,heap        ] GC(769) Survivor regions: 110->109(153)
[3426.864s][info][gc,heap        ] GC(769) Old regions: 537->473
[3426.864s][info][gc,heap        ] GC(769) Humongous regions: 80->80
[3426.864s][info][gc,metaspace   ] GC(769) Metaspace: 28873K(29248K)->28873K(29248K) NonClass: 24005K(24192K)->24005K(24192K) Class: 4868K(5056K)->4868K(5056K)
[3426.865s][info][gc             ] GC(769) Pause Young (Mixed) (G1 Evacuation Pause) 3667M->1321M(4096M) 131.201ms
[3426.865s][info][gc,cpu         ] GC(769) User=0.78s Sys=0.00s Real=0.13s
...[3429.907s][info][gc,start       ] GC(770) Pause Young (Concurrent Start) (G1 Evacuation Pause)
[3429.907s][info][gc,task        ] GC(770) Using 6 workers of 6 for evacuation
[3430.022s][info][gc,phases      ] GC(770)   Pre Evacuate Collection Set: 0.38ms
[3430.022s][info][gc,phases      ] GC(770)   Merge Heap Roots: 0.44ms
[3430.022s][info][gc,phases      ] GC(770)   Evacuate Collection Set: 113.63ms
[3430.022s][info][gc,phases      ] GC(770)   Post Evacuate Collection Set: 0.89ms
[3430.022s][info][gc,phases      ] GC(770)   Other: 0.13ms
[3430.022s][info][gc,heap        ] GC(770) Eden regions: 1119->0(1119)
[3430.022s][info][gc,heap        ] GC(770) Survivor regions: 109->109(154)
[3430.022s][info][gc,heap        ] GC(770) Old regions: 473->505
[3430.022s][info][gc,heap        ] GC(770) Humongous regions: 80->80
[3430.022s][info][gc,metaspace   ] GC(770) Metaspace: 28873K(29248K)->28873K(29248K) NonClass: 24005K(24192K)->24005K(24192K) Class: 4868K(5056K)->4868K(5056K)
[3430.022s][info][gc             ] GC(770) Pause Young (Concurrent Start) (G1 Evacuation Pause) 3559M->1385M(4096M) 115.618ms
[3430.022s][info][gc             ] GC(771) Concurrent Mark Cycle
[3430.022s][info][gc,marking     ] GC(771) Concurrent Scan Root Regions
[3430.022s][info][gc,cpu         ] GC(770) User=0.68s Sys=0.00s Real=0.12s
[3430.207s][info][gc,marking     ] GC(771) Concurrent Scan Root Regions 184.538ms
[3430.207s][info][gc,marking     ] GC(771) Concurrent Mark
[3430.207s][info][gc,marking     ] GC(771) Concurrent Mark From Roots
[3430.207s][info][gc,task        ] GC(771) Using 2 workers of 2 for marking
.[3431.003s][info][gc,marking     ] GC(771) Concurrent Mark From Roots 795.744ms
[3431.003s][info][gc,marking     ] GC(771) Concurrent Preclean
[3431.003s][info][gc,marking     ] GC(771) Concurrent Preclean 0.083ms
[3431.003s][info][gc,start       ] GC(771) Pause Remark
[3431.007s][info][gc             ] GC(771) Pause Remark 2113M->2113M(4096M) 3.566ms
[3431.007s][info][gc,cpu         ] GC(771) User=0.02s Sys=0.00s Real=0.00s
[3431.007s][info][gc,marking     ] GC(771) Concurrent Mark 799.627ms
[3431.007s][info][gc,marking     ] GC(771) Concurrent Rebuild Remembered Sets and Scrub Regions
.[3431.312s][info][gc,marking     ] GC(771) Concurrent Rebuild Remembered Sets and Scrub Regions 305.576ms
[3431.312s][info][gc,start       ] GC(771) Pause Cleanup
[3431.313s][info][gc             ] GC(771) Pause Cleanup 2354M->2354M(4096M) 0.119ms
[3431.313s][info][gc,cpu         ] GC(771) User=0.00s Sys=0.00s Real=0.00s
[3431.313s][info][gc,marking     ] GC(771) Concurrent Clear Claimed Marks
[3431.313s][info][gc,marking     ] GC(771) Concurrent Clear Claimed Marks 0.036ms
[3431.313s][info][gc,marking     ] GC(771) Concurrent Cleanup for Next Mark
[3431.316s][info][gc,marking     ] GC(771) Concurrent Cleanup for Next Mark 3.550ms
[3431.316s][info][gc             ] GC(771) Concurrent Mark Cycle 1293.819ms
.[3433.122s][info][gc,start       ] GC(772) Pause Young (Prepare Mixed) (G1 Evacuation Pause)
[3433.122s][info][gc,task        ] GC(772) Using 6 workers of 6 for evacuation
[3433.241s][info][gc,phases      ] GC(772)   Pre Evacuate Collection Set: 0.30ms
[3433.241s][info][gc,phases      ] GC(772)   Merge Heap Roots: 0.49ms
[3433.241s][info][gc,phases      ] GC(772)   Evacuate Collection Set: 116.89ms
[3433.241s][info][gc,phases      ] GC(772)   Post Evacuate Collection Set: 0.95ms
[3433.241s][info][gc,phases      ] GC(772)   Other: 0.09ms
[3433.241s][info][gc,heap        ] GC(772) Eden regions: 1119->0(1104)
[3433.241s][info][gc,heap        ] GC(772) Survivor regions: 109->112(154)
[3433.241s][info][gc,heap        ] GC(772) Old regions: 505->537
[3433.241s][info][gc,heap        ] GC(772) Humongous regions: 80->80
[3433.241s][info][gc,metaspace   ] GC(772) Metaspace: 28873K(29248K)->28873K(29248K) NonClass: 24005K(24192K)->24005K(24192K) Class: 4868K(5056K)->4868K(5056K)
[3433.241s][info][gc             ] GC(772) Pause Young (Prepare Mixed) (G1 Evacuation Pause) 3623M->1455M(4096M) 118.867ms
[3433.241s][info][gc,cpu         ] GC(772) User=0.70s Sys=0.01s Real=0.12s
...[3436.195s][info][gc,start       ] GC(773) Pause Young (Mixed) (G1 Evacuation Pause)
[3436.195s][info][gc,task        ] GC(773) Using 6 workers of 6 for evacuation
[3436.333s][info][gc,phases      ] GC(773)   Pre Evacuate Collection Set: 0.34ms
[3436.333s][info][gc,phases      ] GC(773)   Merge Heap Roots: 0.70ms
[3436.333s][info][gc,phases      ] GC(773)   Evacuate Collection Set: 135.80ms
[3436.333s][info][gc,phases      ] GC(773)   Post Evacuate Collection Set: 0.92ms
[3436.333s][info][gc,phases      ] GC(773)   Other: 0.09ms
[3436.333s][info][gc,heap        ] GC(773) Eden regions: 1104->0(1118)
[3436.333s][info][gc,heap        ] GC(773) Survivor regions: 112->110(152)
[3436.333s][info][gc,heap        ] GC(773) Old regions: 537->473
[3436.333s][info][gc,heap        ] GC(773) Humongous regions: 80->80
[3436.333s][info][gc,metaspace   ] GC(773) Metaspace: 28873K(29248K)->28873K(29248K) NonClass: 24005K(24192K)->24005K(24192K) Class: 4868K(5056K)->4868K(5056K)
[3436.333s][info][gc             ] GC(773) Pause Young (Mixed) (G1 Evacuation Pause) 3663M->1324M(4096M) 137.978ms
[3436.333s][info][gc,cpu         ] GC(773) User=0.82s Sys=0.00s Real=0.14s
....[3439.388s][info][gc,start       ] GC(774) Pause Young (Concurrent Start) (G1 Evacuation Pause)
[3439.388s][info][gc,task        ] GC(774) Using 6 workers of 6 for evacuation
[3439.508s][info][gc,phases      ] GC(774)   Pre Evacuate Collection Set: 0.34ms
[3439.508s][info][gc,phases      ] GC(774)   Merge Heap Roots: 0.45ms
[3439.508s][info][gc,phases      ] GC(774)   Evacuate Collection Set: 118.30ms
[3439.508s][info][gc,phases      ] GC(774)   Post Evacuate Collection Set: 0.89ms
[3439.508s][info][gc,phases      ] GC(774)   Other: 0.11ms
[3439.508s][info][gc,heap        ] GC(774) Eden regions: 1118->0(1116)
[3439.508s][info][gc,heap        ] GC(774) Survivor regions: 110->112(154)
[3439.508s][info][gc,heap        ] GC(774) Old regions: 473->505
[3439.508s][info][gc,heap        ] GC(774) Humongous regions: 80->80
[3439.508s][info][gc,metaspace   ] GC(774) Metaspace: 28873K(29248K)->28873K(29248K) NonClass: 24005K(24192K)->24005K(24192K) Class: 4868K(5056K)->4868K(5056K)
[3439.508s][info][gc             ] GC(774) Pause Young (Concurrent Start) (G1 Evacuation Pause) 3560M->1391M(4096M) 120.222ms
[3439.508s][info][gc             ] GC(775) Concurrent Mark Cycle
[3439.508s][info][gc,marking     ] GC(775) Concurrent Scan Root Regions
[3439.508s][info][gc,cpu         ] GC(774) User=0.72s Sys=0.00s Real=0.12s
[3439.721s][info][gc,marking     ] GC(775) Concurrent Scan Root Regions 212.997ms
[3439.721s][info][gc,marking     ] GC(775) Concurrent Mark
[3439.721s][info][gc,marking     ] GC(775) Concurrent Mark From Roots
[3439.721s][info][gc,task        ] GC(775) Using 2 workers of 2 for marking
.[3440.529s][info][gc,marking     ] GC(775) Concurrent Mark From Roots 807.886ms
[3440.529s][info][gc,marking     ] GC(775) Concurrent Preclean
[3440.529s][info][gc,marking     ] GC(775) Concurrent Preclean 0.115ms
[3440.529s][info][gc,start       ] GC(775) Pause Remark
[3440.533s][info][gc             ] GC(775) Pause Remark 2181M->2181M(4096M) 3.804ms
[3440.533s][info][gc,cpu         ] GC(775) User=0.01s Sys=0.01s Real=0.00s
[3440.533s][info][gc,marking     ] GC(775) Concurrent Mark 812.088ms
[3440.533s][info][gc,marking     ] GC(775) Concurrent Rebuild Remembered Sets and Scrub Regions
[3440.874s][info][gc,marking     ] GC(775) Concurrent Rebuild Remembered Sets and Scrub Regions 341.144ms
[3440.874s][info][gc,start       ] GC(775) Pause Cleanup
[3440.874s][info][gc             ] GC(775) Pause Cleanup 2417M->2417M(4096M) 0.116ms
[3440.875s][info][gc,cpu         ] GC(775) User=0.00s Sys=0.00s Real=0.00s
[3440.876s][info][gc,marking     ] GC(775) Concurrent Clear Claimed Marks
[3440.876s][info][gc,marking     ] GC(775) Concurrent Clear Claimed Marks 0.042ms
[3440.876s][info][gc,marking     ] GC(775) Concurrent Cleanup for Next Mark
[3440.883s][info][gc,marking     ] GC(775) Concurrent Cleanup for Next Mark 6.912ms
[3440.883s][info][gc             ] GC(775) Concurrent Mark Cycle 1374.705ms
..[3442.595s][info][gc,start       ] GC(776) Pause Young (Prepare Mixed) (G1 Evacuation Pause)
[3442.595s][info][gc,task        ] GC(776) Using 6 workers of 6 for evacuation
[3442.715s][info][gc,phases      ] GC(776)   Pre Evacuate Collection Set: 0.30ms
[3442.715s][info][gc,phases      ] GC(776)   Merge Heap Roots: 0.50ms
[3442.715s][info][gc,phases      ] GC(776)   Evacuate Collection Set: 117.66ms
[3442.715s][info][gc,phases      ] GC(776)   Post Evacuate Collection Set: 0.93ms
[3442.715s][info][gc,phases      ] GC(776)   Other: 0.09ms
[3442.715s][info][gc,heap        ] GC(776) Eden regions: 1116->0(1101)
[3442.715s][info][gc,heap        ] GC(776) Survivor regions: 112->114(154)
[3442.715s][info][gc,heap        ] GC(776) Old regions: 505->536
[3442.715s][info][gc,heap        ] GC(776) Humongous regions: 80->80
[3442.715s][info][gc,metaspace   ] GC(776) Metaspace: 28873K(29248K)->28873K(29248K) NonClass: 24005K(24192K)->24005K(24192K) Class: 4868K(5056K)->4868K(5056K)
[3442.715s][info][gc             ] GC(776) Pause Young (Prepare Mixed) (G1 Evacuation Pause) 3623M->1457M(4096M) 119.595ms
[3442.715s][info][gc,cpu         ] GC(776) User=0.72s Sys=0.00s Real=0.12s
...[3445.705s][info][gc,start       ] GC(777) Pause Young (Mixed) (G1 Evacuation Pause)
[3445.705s][info][gc,task        ] GC(777) Using 6 workers of 6 for evacuation
[3445.842s][info][gc,phases      ] GC(777)   Pre Evacuate Collection Set: 0.38ms
[3445.842s][info][gc,phases      ] GC(777)   Merge Heap Roots: 0.72ms
[3445.842s][info][gc,phases      ] GC(777)   Evacuate Collection Set: 135.11ms
[3445.842s][info][gc,phases      ] GC(777)   Post Evacuate Collection Set: 0.93ms
[3445.842s][info][gc,phases      ] GC(777)   Other: 0.09ms
[3445.842s][info][gc,heap        ] GC(777) Eden regions: 1101->0(1119)
[3445.842s][info][gc,heap        ] GC(777) Survivor regions: 114->109(152)
[3445.842s][info][gc,heap        ] GC(777) Old regions: 536->471
[3445.842s][info][gc,heap        ] GC(777) Humongous regions: 80->80
[3445.842s][info][gc,metaspace   ] GC(777) Metaspace: 28873K(29248K)->28873K(29248K) NonClass: 24005K(24192K)->24005K(24192K) Class: 4868K(5056K)->4868K(5056K)
[3445.842s][info][gc             ] GC(777) Pause Young (Mixed) (G1 Evacuation Pause) 3659M->1319M(4096M) 137.367ms
[3445.842s][info][gc,cpu         ] GC(777) User=0.82s Sys=0.00s Real=0.14s
...[3448.874s][info][gc,start       ] GC(778) Pause Young (Concurrent Start) (G1 Evacuation Pause)
[3448.874s][info][gc,task        ] GC(778) Using 6 workers of 6 for evacuation
[3448.989s][info][gc,phases      ] GC(778)   Pre Evacuate Collection Set: 0.39ms
[3448.989s][info][gc,phases      ] GC(778)   Merge Heap Roots: 0.46ms
[3448.989s][info][gc,phases      ] GC(778)   Evacuate Collection Set: 113.78ms
[3448.989s][info][gc,phases      ] GC(778)   Post Evacuate Collection Set: 0.86ms
[3448.989s][info][gc,phases      ] GC(778)   Other: 0.12ms
[3448.989s][info][gc,heap        ] GC(778) Eden regions: 1119->0(1121)
[3448.989s][info][gc,heap        ] GC(778) Survivor regions: 109->107(154)
[3448.989s][info][gc,heap        ] GC(778) Old regions: 471->503
[3448.989s][info][gc,heap        ] GC(778) Humongous regions: 80->80
[3448.989s][info][gc,metaspace   ] GC(778) Metaspace: 28873K(29248K)->28873K(29248K) NonClass: 24005K(24192K)->24005K(24192K) Class: 4868K(5056K)->4868K(5056K)
[3448.989s][info][gc             ] GC(778) Pause Young (Concurrent Start) (G1 Evacuation Pause) 3557M->1379M(4096M) 115.751ms
[3448.989s][info][gc             ] GC(779) Concurrent Mark Cycle
[3448.989s][info][gc,marking     ] GC(779) Concurrent Scan Root Regions
[3448.989s][info][gc,cpu         ] GC(778) User=0.69s Sys=0.00s Real=0.12s
[3449.182s][info][gc,marking     ] GC(779) Concurrent Scan Root Regions 193.091ms
[3449.183s][info][gc,marking     ] GC(779) Concurrent Mark
[3449.183s][info][gc,marking     ] GC(779) Concurrent Mark From Roots
[3449.183s][info][gc,task        ] GC(779) Using 2 workers of 2 for marking
.[3449.979s][info][gc,marking     ] GC(779) Concurrent Mark From Roots 796.716ms
[3449.979s][info][gc,marking     ] GC(779) Concurrent Preclean
[3449.979s][info][gc,marking     ] GC(779) Concurrent Preclean 0.110ms
[3449.980s][info][gc,start       ] GC(779) Pause Remark
[3449.982s][info][gc             ] GC(779) Pause Remark 2108M->2108M(4096M) 2.737ms
[3449.982s][info][gc,cpu         ] GC(779) User=0.01s Sys=0.00s Real=0.00s
[3449.982s][info][gc,marking     ] GC(779) Concurrent Mark 799.792ms
[3449.982s][info][gc,marking     ] GC(779) Concurrent Rebuild Remembered Sets and Scrub Regions
[3450.250s][info][gc,marking     ] GC(779) Concurrent Rebuild Remembered Sets and Scrub Regions 267.731ms
[3450.250s][info][gc,start       ] GC(779) Pause Cleanup
[3450.250s][info][gc             ] GC(779) Pause Cleanup 2277M->2277M(4096M) 0.112ms
[3450.250s][info][gc,cpu         ] GC(779) User=0.00s Sys=0.00s Real=0.00s
[3450.250s][info][gc,marking     ] GC(779) Concurrent Clear Claimed Marks
[3450.250s][info][gc,marking     ] GC(779) Concurrent Clear Claimed Marks 0.022ms
[3450.250s][info][gc,marking     ] GC(779) Concurrent Cleanup for Next Mark
[3450.255s][info][gc,marking     ] GC(779) Concurrent Cleanup for Next Mark 4.885ms
[3450.255s][info][gc             ] GC(779) Concurrent Mark Cycle 1265.974ms
.. (rIR:aIR:PR = 5950:5950:5950) (tPR = 88633) [OK] 
  3451s: Performance info:
         Transaction,    Success,    Partial,     Failed,   Receipts, AvgBarcode, 
             Overall,     358949,          0,          0,     340979,      59.48, 
         Response times:
             Request,    Success,    Partial,     Failed,   SkipFail,     Probes,    Samples,      min,      p50,      p90,      p95,      p99,      max, 
       TotalPurchase,     340979,          0,          0,          0,     334517,     357373,      300,     4900,    15000,    39000,    89000,   209000,
     InStorePurchase,     179514,          0,          0,          0,     175966,     187790,      300,     4800,    14800,    39000,    89000,   209000,
      OnlinePurchase,     125598,          0,          0,          0,     123569,     132013,      300,     5000,    15300,    40000,    88000,   188000,
        InstPurchase,      35867,          0,          0,          0,      34982,      37570,      400,     5000,    15100,    39000,    92000,   177000,
          AssocOfCat,        359,          0,          0,          0,        280,        387,    21000,    34000,    69000,    84000,   160360,   207000,
      AssocOfProduct,       3606,          0,          0,          0,       3361,       3733,      400,     3800,    11900,    28000,    81320,   168000,
      BusinessReport,        895,          0,          0,          0,        785,        941,    24000,    37000,    72800,    86800,   161160,   214000,
          CustBuyBeh,       3600,          0,          0,          0,       3301,       3691,      500,     5000,    17580,    41400,    89000,   177000,
       ProductReturn,       9510,          0,          0,          0,       9101,       9963,      200,     5200,    15600,    42000,    92000,   144000,

  3451s: (44%)   IR =   6088 [3452.103s][info][gc,start       ] GC(780) Pause Young (Prepare Mixed) (G1 Evacuation Pause)
[3452.103s][info][gc,task        ] GC(780) Using 6 workers of 6 for evacuation
[3452.220s][info][gc,phases      ] GC(780)   Pre Evacuate Collection Set: 0.32ms
[3452.220s][info][gc,phases      ] GC(780)   Merge Heap Roots: 0.49ms
[3452.220s][info][gc,phases      ] GC(780)   Evacuate Collection Set: 115.33ms
[3452.220s][info][gc,phases      ] GC(780)   Post Evacuate Collection Set: 0.93ms
[3452.220s][info][gc,phases      ] GC(780)   Other: 0.09ms
[3452.220s][info][gc,heap        ] GC(780) Eden regions: 1121->0(1109)
[3452.220s][info][gc,heap        ] GC(780) Survivor regions: 107->111(154)
[3452.220s][info][gc,heap        ] GC(780) Old regions: 503->534
[3452.220s][info][gc,heap        ] GC(780) Humongous regions: 80->80
[3452.220s][info][gc,metaspace   ] GC(780) Metaspace: 28873K(29248K)->28873K(29248K) NonClass: 24005K(24192K)->24005K(24192K) Class: 4868K(5056K)->4868K(5056K)
[3452.220s][info][gc             ] GC(780) Pause Young (Prepare Mixed) (G1 Evacuation Pause) 3621M->1447M(4096M) 117.304ms
[3452.220s][info][gc,cpu         ] GC(780) User=0.70s Sys=0.00s Real=0.12s
...[3455.109s][info][gc,start       ] GC(781) Pause Young (Mixed) (G1 Evacuation Pause)
[3455.109s][info][gc,task        ] GC(781) Using 6 workers of 6 for evacuation
[3455.246s][info][gc,phases      ] GC(781)   Pre Evacuate Collection Set: 0.37ms
[3455.246s][info][gc,phases      ] GC(781)   Merge Heap Roots: 0.88ms
[3455.246s][info][gc,phases      ] GC(781)   Evacuate Collection Set: 134.77ms
[3455.246s][info][gc,phases      ] GC(781)   Post Evacuate Collection Set: 0.99ms
[3455.246s][info][gc,phases      ] GC(781)   Other: 0.09ms
[3455.246s][info][gc,heap        ] GC(781) Eden regions: 1109->0(1117)
[3455.246s][info][gc,heap        ] GC(781) Survivor regions: 111->111(153)
[3455.246s][info][gc,heap        ] GC(781) Old regions: 534->472
[3455.246s][info][gc,heap        ] GC(781) Humongous regions: 80->80
[3455.246s][info][gc,metaspace   ] GC(781) Metaspace: 28873K(29248K)->28873K(29248K) NonClass: 24005K(24192K)->24005K(24192K) Class: 4868K(5056K)->4868K(5056K)
[3455.246s][info][gc             ] GC(781) Pause Young (Mixed) (G1 Evacuation Pause) 3665M->1324M(4096M) 137.230ms
[3455.246s][info][gc,cpu         ] GC(781) User=0.82s Sys=0.00s Real=0.13s
.|..[3458.209s][info][gc,start       ] GC(782) Pause Young (Concurrent Start) (G1 Evacuation Pause)
[3458.209s][info][gc,task        ] GC(782) Using 6 workers of 6 for evacuation
[3458.327s][info][gc,phases      ] GC(782)   Pre Evacuate Collection Set: 0.39ms
[3458.327s][info][gc,phases      ] GC(782)   Merge Heap Roots: 0.48ms
[3458.327s][info][gc,phases      ] GC(782)   Evacuate Collection Set: 115.75ms
[3458.327s][info][gc,phases      ] GC(782)   Post Evacuate Collection Set: 0.88ms
[3458.327s][info][gc,phases      ] GC(782)   Other: 0.11ms
[3458.327s][info][gc,heap        ] GC(782) Eden regions: 1117->0(1120)
[3458.327s][info][gc,heap        ] GC(782) Survivor regions: 111->108(154)
[3458.327s][info][gc,heap        ] GC(782) Old regions: 472->505
[3458.327s][info][gc,heap        ] GC(782) Humongous regions: 80->80
[3458.327s][info][gc,metaspace   ] GC(782) Metaspace: 28873K(29248K)->28873K(29248K) NonClass: 24005K(24192K)->24005K(24192K) Class: 4868K(5056K)->4868K(5056K)
[3458.327s][info][gc             ] GC(782) Pause Young (Concurrent Start) (G1 Evacuation Pause) 3558M->1384M(4096M) 117.750ms
[3458.327s][info][gc             ] GC(783) Concurrent Mark Cycle
[3458.327s][info][gc,marking     ] GC(783) Concurrent Scan Root Regions
[3458.327s][info][gc,cpu         ] GC(782) User=0.70s Sys=0.00s Real=0.11s
.[3458.516s][info][gc,marking     ] GC(783) Concurrent Scan Root Regions 189.232ms
[3458.516s][info][gc,marking     ] GC(783) Concurrent Mark
[3458.516s][info][gc,marking     ] GC(783) Concurrent Mark From Roots
[3458.516s][info][gc,task        ] GC(783) Using 2 workers of 2 for marking
[3459.296s][info][gc,marking     ] GC(783) Concurrent Mark From Roots 779.887ms
[3459.296s][info][gc,marking     ] GC(783) Concurrent Preclean
[3459.296s][info][gc,marking     ] GC(783) Concurrent Preclean 0.083ms
[3459.297s][info][gc,start       ] GC(783) Pause Remark
[3459.300s][info][gc             ] GC(783) Pause Remark 2106M->2106M(4096M) 3.377ms
[3459.300s][info][gc,cpu         ] GC(783) User=0.02s Sys=0.00s Real=0.01s
[3459.300s][info][gc,marking     ] GC(783) Concurrent Mark 783.612ms
[3459.300s][info][gc,marking     ] GC(783) Concurrent Rebuild Remembered Sets and Scrub Regions
.[3459.609s][info][gc,marking     ] GC(783) Concurrent Rebuild Remembered Sets and Scrub Regions 309.407ms
[3459.610s][info][gc,start       ] GC(783) Pause Cleanup
[3459.610s][info][gc             ] GC(783) Pause Cleanup 2326M->2326M(4096M) 0.115ms
[3459.610s][info][gc,cpu         ] GC(783) User=0.00s Sys=0.00s Real=0.00s
[3459.610s][info][gc,marking     ] GC(783) Concurrent Clear Claimed Marks
[3459.610s][info][gc,marking     ] GC(783) Concurrent Clear Claimed Marks 0.028ms
[3459.610s][info][gc,marking     ] GC(783) Concurrent Cleanup for Next Mark
[3459.614s][info][gc,marking     ] GC(783) Concurrent Cleanup for Next Mark 3.695ms
[3459.614s][info][gc             ] GC(783) Concurrent Mark Cycle 1286.535ms
.[3461.388s][info][gc,start       ] GC(784) Pause Young (Prepare Mixed) (G1 Evacuation Pause)
[3461.388s][info][gc,task        ] GC(784) Using 6 workers of 6 for evacuation
[3461.505s][info][gc,phases      ] GC(784)   Pre Evacuate Collection Set: 0.34ms
[3461.505s][info][gc,phases      ] GC(784)   Merge Heap Roots: 0.52ms
[3461.505s][info][gc,phases      ] GC(784)   Evacuate Collection Set: 115.08ms
[3461.505s][info][gc,phases      ] GC(784)   Post Evacuate Collection Set: 0.88ms
[3461.505s][info][gc,phases      ] GC(784)   Other: 0.09ms
[3461.505s][info][gc,heap        ] GC(784) Eden regions: 1120->0(1107)
[3461.505s][info][gc,heap        ] GC(784) Survivor regions: 108->111(154)
[3461.505s][info][gc,heap        ] GC(784) Old regions: 505->536
[3461.505s][info][gc,heap        ] GC(784) Humongous regions: 80->80
[3461.505s][info][gc,metaspace   ] GC(784) Metaspace: 28873K(29248K)->28873K(29248K) NonClass: 24005K(24192K)->24005K(24192K) Class: 4868K(5056K)->4868K(5056K)
[3461.505s][info][gc             ] GC(784) Pause Young (Prepare Mixed) (G1 Evacuation Pause) 3624M->1451M(4096M) 117.038ms
[3461.505s][info][gc,cpu         ] GC(784) User=0.69s Sys=0.00s Real=0.11s
...[3464.469s][info][gc,start       ] GC(785) Pause Young (Mixed) (G1 Evacuation Pause)
[3464.469s][info][gc,task        ] GC(785) Using 6 workers of 6 for evacuation
[3464.603s][info][gc,phases      ] GC(785)   Pre Evacuate Collection Set: 0.35ms
[3464.603s][info][gc,phases      ] GC(785)   Merge Heap Roots: 0.62ms
[3464.603s][info][gc,phases      ] GC(785)   Evacuate Collection Set: 131.98ms
[3464.603s][info][gc,phases      ] GC(785)   Post Evacuate Collection Set: 0.95ms
[3464.603s][info][gc,phases      ] GC(785)   Other: 0.09ms
[3464.603s][info][gc,heap        ] GC(785) Eden regions: 1107->0(1115)
[3464.603s][info][gc,heap        ] GC(785) Survivor regions: 111->113(153)
[3464.603s][info][gc,heap        ] GC(785) Old regions: 536->472
[3464.603s][info][gc,heap        ] GC(785) Humongous regions: 80->80
[3464.603s][info][gc,metaspace   ] GC(785) Metaspace: 28873K(29248K)->28873K(29248K) NonClass: 24005K(24192K)->24005K(24192K) Class: 4868K(5056K)->4868K(5056K)
[3464.603s][info][gc             ] GC(785) Pause Young (Mixed) (G1 Evacuation Pause) 3665M->1327M(4096M) 134.108ms
[3464.603s][info][gc,cpu         ] GC(785) User=0.79s Sys=0.00s Real=0.13s
...[3467.550s][info][gc,start       ] GC(786) Pause Young (Concurrent Start) (G1 Evacuation Pause)
[3467.550s][info][gc,task        ] GC(786) Using 6 workers of 6 for evacuation
[3467.668s][info][gc,phases      ] GC(786)   Pre Evacuate Collection Set: 0.34ms
[3467.668s][info][gc,phases      ] GC(786)   Merge Heap Roots: 0.43ms
[3467.668s][info][gc,phases      ] GC(786)   Evacuate Collection Set: 116.26ms
[3467.668s][info][gc,phases      ] GC(786)   Post Evacuate Collection Set: 0.89ms
[3467.668s][info][gc,phases      ] GC(786)   Other: 0.11ms
[3467.668s][info][gc,heap        ] GC(786) Eden regions: 1115->0(1117)
[3467.668s][info][gc,heap        ] GC(786) Survivor regions: 113->111(154)
[3467.668s][info][gc,heap        ] GC(786) Old regions: 472->505
[3467.668s][info][gc,heap        ] GC(786) Humongous regions: 80->80
[3467.668s][info][gc,metaspace   ] GC(786) Metaspace: 28873K(29248K)->28873K(29248K) NonClass: 24005K(24192K)->24005K(24192K) Class: 4868K(5056K)->4868K(5056K)
[3467.668s][info][gc             ] GC(786) Pause Young (Concurrent Start) (G1 Evacuation Pause) 3557M->1390M(4096M) 118.161ms
[3467.668s][info][gc             ] GC(787) Concurrent Mark Cycle
[3467.668s][info][gc,marking     ] GC(787) Concurrent Scan Root Regions
[3467.668s][info][gc,cpu         ] GC(786) User=0.70s Sys=0.00s Real=0.12s
.[3467.854s][info][gc,marking     ] GC(787) Concurrent Scan Root Regions 185.478ms
[3467.854s][info][gc,marking     ] GC(787) Concurrent Mark
[3467.854s][info][gc,marking     ] GC(787) Concurrent Mark From Roots
[3467.854s][info][gc,task        ] GC(787) Using 2 workers of 2 for marking
.[3468.865s][info][gc,marking     ] GC(787) Concurrent Mark From Roots 1011.110ms
[3468.865s][info][gc,marking     ] GC(787) Concurrent Preclean
[3468.865s][info][gc,marking     ] GC(787) Concurrent Preclean 0.124ms
[3468.865s][info][gc,start       ] GC(787) Pause Remark
[3468.869s][info][gc             ] GC(787) Pause Remark 2314M->2314M(4096M) 3.583ms
[3468.869s][info][gc,cpu         ] GC(787) User=0.02s Sys=0.00s Real=0.01s
[3468.869s][info][gc,marking     ] GC(787) Concurrent Mark 1015.072ms
[3468.869s][info][gc,marking     ] GC(787) Concurrent Rebuild Remembered Sets and Scrub Regions
[3469.222s][info][gc,marking     ] GC(787) Concurrent Rebuild Remembered Sets and Scrub Regions 353.610ms
[3469.223s][info][gc,start       ] GC(787) Pause Cleanup
[3469.223s][info][gc             ] GC(787) Pause Cleanup 2556M->2556M(4096M) 0.117ms
[3469.223s][info][gc,cpu         ] GC(787) User=0.00s Sys=0.00s Real=0.00s
[3469.223s][info][gc,marking     ] GC(787) Concurrent Clear Claimed Marks
[3469.223s][info][gc,marking     ] GC(787) Concurrent Clear Claimed Marks 0.029ms
[3469.223s][info][gc,marking     ] GC(787) Concurrent Cleanup for Next Mark
[3469.226s][info][gc,marking     ] GC(787) Concurrent Cleanup for Next Mark 3.470ms
[3469.226s][info][gc             ] GC(787) Concurrent Mark Cycle 1558.305ms
.[3470.619s][info][gc,start       ] GC(788) Pause Young (Prepare Mixed) (G1 Evacuation Pause)
[3470.619s][info][gc,task        ] GC(788) Using 6 workers of 6 for evacuation
[3470.740s][info][gc,phases      ] GC(788)   Pre Evacuate Collection Set: 0.32ms
[3470.740s][info][gc,phases      ] GC(788)   Merge Heap Roots: 0.51ms
[3470.740s][info][gc,phases      ] GC(788)   Evacuate Collection Set: 118.82ms
[3470.740s][info][gc,phases      ] GC(788)   Post Evacuate Collection Set: 1.02ms
[3470.740s][info][gc,phases      ] GC(788)   Other: 0.09ms
[3470.740s][info][gc,heap        ] GC(788) Eden regions: 1117->0(1101)
[3470.740s][info][gc,heap        ] GC(788) Survivor regions: 111->113(154)
[3470.740s][info][gc,heap        ] GC(788) Old regions: 505->538
[3470.740s][info][gc,heap        ] GC(788) Humongous regions: 80->80
[3470.740s][info][gc,metaspace   ] GC(788) Metaspace: 28873K(29248K)->28873K(29248K) NonClass: 24005K(24192K)->24005K(24192K) Class: 4868K(5056K)->4868K(5056K)
[3470.740s][info][gc             ] GC(788) Pause Young (Prepare Mixed) (G1 Evacuation Pause) 3624M->1460M(4096M) 120.885ms
[3470.740s][info][gc,cpu         ] GC(788) User=0.72s Sys=0.00s Real=0.12s
...[3473.685s][info][gc,start       ] GC(789) Pause Young (Mixed) (G1 Evacuation Pause)
[3473.685s][info][gc,task        ] GC(789) Using 6 workers of 6 for evacuation
[3473.818s][info][gc,phases      ] GC(789)   Pre Evacuate Collection Set: 0.37ms
[3473.818s][info][gc,phases      ] GC(789)   Merge Heap Roots: 0.63ms
[3473.818s][info][gc,phases      ] GC(789)   Evacuate Collection Set: 130.84ms
[3473.818s][info][gc,phases      ] GC(789)   Post Evacuate Collection Set: 0.93ms
[3473.818s][info][gc,phases      ] GC(789)   Other: 0.08ms
[3473.818s][info][gc,heap        ] GC(789) Eden regions: 1101->0(1119)
[3473.818s][info][gc,heap        ] GC(789) Survivor regions: 113->109(152)
[3473.818s][info][gc,heap        ] GC(789) Old regions: 538->473
[3473.818s][info][gc,heap        ] GC(789) Humongous regions: 80->80
[3473.818s][info][gc,metaspace   ] GC(789) Metaspace: 28873K(29248K)->28873K(29248K) NonClass: 24005K(24192K)->24005K(24192K) Class: 4868K(5056K)->4868K(5056K)
[3473.818s][info][gc             ] GC(789) Pause Young (Mixed) (G1 Evacuation Pause) 3662M->1322M(4096M) 132.993ms
[3473.818s][info][gc,cpu         ] GC(789) User=0.79s Sys=0.00s Real=0.14s
...[3476.815s][info][gc,start       ] GC(790) Pause Young (Concurrent Start) (G1 Evacuation Pause)
[3476.815s][info][gc,task        ] GC(790) Using 6 workers of 6 for evacuation
[3476.929s][info][gc,phases      ] GC(790)   Pre Evacuate Collection Set: 0.34ms
[3476.930s][info][gc,phases      ] GC(790)   Merge Heap Roots: 0.45ms
[3476.930s][info][gc,phases      ] GC(790)   Evacuate Collection Set: 112.79ms
[3476.930s][info][gc,phases      ] GC(790)   Post Evacuate Collection Set: 0.85ms
[3476.930s][info][gc,phases      ] GC(790)   Other: 0.11ms
[3476.930s][info][gc,heap        ] GC(790) Eden regions: 1119->0(1120)
[3476.930s][info][gc,heap        ] GC(790) Survivor regions: 109->108(154)
[3476.930s][info][gc,heap        ] GC(790) Old regions: 473->504
[3476.930s][info][gc,heap        ] GC(790) Humongous regions: 80->80
[3476.930s][info][gc,metaspace   ] GC(790) Metaspace: 28873K(29248K)->28873K(29248K) NonClass: 24005K(24192K)->24005K(24192K) Class: 4868K(5056K)->4868K(5056K)
[3476.930s][info][gc             ] GC(790) Pause Young (Concurrent Start) (G1 Evacuation Pause) 3560M->1383M(4096M) 114.665ms
[3476.930s][info][gc             ] GC(791) Concurrent Mark Cycle
[3476.930s][info][gc,marking     ] GC(791) Concurrent Scan Root Regions
[3476.930s][info][gc,cpu         ] GC(790) User=0.68s Sys=0.00s Real=0.12s
.[3477.068s][info][gc,marking     ] GC(791) Concurrent Scan Root Regions 138.385ms
[3477.068s][info][gc,marking     ] GC(791) Concurrent Mark
[3477.068s][info][gc,marking     ] GC(791) Concurrent Mark From Roots
[3477.068s][info][gc,task        ] GC(791) Using 2 workers of 2 for marking
[3477.760s][info][gc,marking     ] GC(791) Concurrent Mark From Roots 692.099ms
[3477.760s][info][gc,marking     ] GC(791) Concurrent Preclean
[3477.760s][info][gc,marking     ] GC(791) Concurrent Preclean 0.060ms
[3477.760s][info][gc,start       ] GC(791) Pause Remark
[3477.764s][info][gc             ] GC(791) Pause Remark 2052M->2052M(4096M) 3.516ms
[3477.764s][info][gc,cpu         ] GC(791) User=0.02s Sys=0.00s Real=0.00s
[3477.764s][info][gc,marking     ] GC(791) Concurrent Mark 695.907ms
[3477.764s][info][gc,marking     ] GC(791) Concurrent Rebuild Remembered Sets and Scrub Regions
.[3477.979s][info][gc,marking     ] GC(791) Concurrent Rebuild Remembered Sets and Scrub Regions 215.393ms
[3477.980s][info][gc,start       ] GC(791) Pause Cleanup
[3477.980s][info][gc             ] GC(791) Pause Cleanup 2224M->2224M(4096M) 0.122ms
[3477.980s][info][gc,cpu         ] GC(791) User=0.00s Sys=0.00s Real=0.00s
[3477.980s][info][gc,marking     ] GC(791) Concurrent Clear Claimed Marks
[3477.980s][info][gc,marking     ] GC(791) Concurrent Clear Claimed Marks 0.033ms
[3477.980s][info][gc,marking     ] GC(791) Concurrent Cleanup for Next Mark
[3477.985s][info][gc,marking     ] GC(791) Concurrent Cleanup for Next Mark 5.162ms
[3477.985s][info][gc             ] GC(791) Concurrent Mark Cycle 1055.657ms
.[3479.939s][info][gc,start       ] GC(792) Pause Young (Prepare Mixed) (G1 Evacuation Pause)
[3479.939s][info][gc,task        ] GC(792) Using 6 workers of 6 for evacuation
[3480.057s][info][gc,phases      ] GC(792)   Pre Evacuate Collection Set: 0.34ms
[3480.057s][info][gc,phases      ] GC(792)   Merge Heap Roots: 0.59ms
[3480.057s][info][gc,phases      ] GC(792)   Evacuate Collection Set: 115.56ms
[3480.057s][info][gc,phases      ] GC(792)   Post Evacuate Collection Set: 0.94ms
[3480.057s][info][gc,phases      ] GC(792)   Other: 0.09ms
[3480.057s][info][gc,heap        ] GC(792) Eden regions: 1120->0(1106)
[3480.057s][info][gc,heap        ] GC(792) Survivor regions: 108->112(154)
[3480.057s][info][gc,heap        ] GC(792) Old regions: 504->535
[3480.057s][info][gc,heap        ] GC(792) Humongous regions: 80->80
[3480.057s][info][gc,metaspace   ] GC(792) Metaspace: 28873K(29248K)->28873K(29248K) NonClass: 24005K(24192K)->24005K(24192K) Class: 4868K(5056K)->4868K(5056K)
[3480.057s][info][gc             ] GC(792) Pause Young (Prepare Mixed) (G1 Evacuation Pause) 3623M->1451M(4096M) 117.705ms
[3480.057s][info][gc,cpu         ] GC(792) User=0.70s Sys=0.00s Real=0.11s
...[3482.987s][info][gc,start       ] GC(793) Pause Young (Mixed) (G1 Evacuation Pause)
[3482.987s][info][gc,task        ] GC(793) Using 6 workers of 6 for evacuation
[3483.121s][info][gc,phases      ] GC(793)   Pre Evacuate Collection Set: 0.40ms
[3483.121s][info][gc,phases      ] GC(793)   Merge Heap Roots: 0.69ms
[3483.121s][info][gc,phases      ] GC(793)   Evacuate Collection Set: 131.11ms
[3483.121s][info][gc,phases      ] GC(793)   Post Evacuate Collection Set: 0.95ms
[3483.121s][info][gc,phases      ] GC(793)   Other: 0.09ms
[3483.121s][info][gc,heap        ] GC(793) Eden regions: 1106->0(1120)
[3483.121s][info][gc,heap        ] GC(793) Survivor regions: 112->108(153)
[3483.121s][info][gc,heap        ] GC(793) Old regions: 535->471
[3483.121s][info][gc,heap        ] GC(793) Humongous regions: 80->80
[3483.121s][info][gc,metaspace   ] GC(793) Metaspace: 28873K(29248K)->28873K(29248K) NonClass: 24005K(24192K)->24005K(24192K) Class: 4868K(5056K)->4868K(5056K)
[3483.121s][info][gc             ] GC(793) Pause Young (Mixed) (G1 Evacuation Pause) 3663M->1316M(4096M) 133.364ms
[3483.121s][info][gc,cpu         ] GC(793) User=0.79s Sys=0.00s Real=0.14s
...[3486.081s][info][gc,start       ] GC(794) Pause Young (Concurrent Start) (G1 Evacuation Pause)
[3486.082s][info][gc,task        ] GC(794) Using 6 workers of 6 for evacuation
[3486.198s][info][gc,phases      ] GC(794)   Pre Evacuate Collection Set: 0.37ms
[3486.198s][info][gc,phases      ] GC(794)   Merge Heap Roots: 0.48ms
[3486.198s][info][gc,phases      ] GC(794)   Evacuate Collection Set: 114.98ms
[3486.198s][info][gc,phases      ] GC(794)   Post Evacuate Collection Set: 0.92ms
[3486.198s][info][gc,phases      ] GC(794)   Other: 0.12ms
[3486.198s][info][gc,heap        ] GC(794) Eden regions: 1120->0(1120)
[3486.198s][info][gc,heap        ] GC(794) Survivor regions: 108->108(154)
[3486.198s][info][gc,heap        ] GC(794) Old regions: 471->503
[3486.198s][info][gc,heap        ] GC(794) Humongous regions: 80->80
[3486.198s][info][gc,metaspace   ] GC(794) Metaspace: 28873K(29248K)->28873K(29248K) NonClass: 24005K(24192K)->24005K(24192K) Class: 4868K(5056K)->4868K(5056K)
[3486.198s][info][gc             ] GC(794) Pause Young (Concurrent Start) (G1 Evacuation Pause) 3556M->1380M(4096M) 117.003ms
[3486.199s][info][gc             ] GC(795) Concurrent Mark Cycle
[3486.199s][info][gc,marking     ] GC(795) Concurrent Scan Root Regions
[3486.199s][info][gc,cpu         ] GC(794) User=0.70s Sys=0.00s Real=0.12s
.[3486.341s][info][gc,marking     ] GC(795) Concurrent Scan Root Regions 142.639ms
[3486.341s][info][gc,marking     ] GC(795) Concurrent Mark
[3486.341s][info][gc,marking     ] GC(795) Concurrent Mark From Roots
[3486.341s][info][gc,task        ] GC(795) Using 2 workers of 2 for marking
[3487.040s][info][gc,marking     ] GC(795) Concurrent Mark From Roots 698.317ms
[3487.040s][info][gc,marking     ] GC(795) Concurrent Preclean
[3487.040s][info][gc,marking     ] GC(795) Concurrent Preclean 0.095ms
[3487.040s][info][gc,start       ] GC(795) Pause Remark
[3487.043s][info][gc             ] GC(795) Pause Remark 2048M->2048M(4096M) 3.021ms
[3487.043s][info][gc,cpu         ] GC(795) User=0.02s Sys=0.00s Real=0.00s
[3487.044s][info][gc,marking     ] GC(795) Concurrent Mark 702.509ms
[3487.044s][info][gc,marking     ] GC(795) Concurrent Rebuild Remembered Sets and Scrub Regions
.[3487.301s][info][gc,marking     ] GC(795) Concurrent Rebuild Remembered Sets and Scrub Regions 257.409ms
[3487.302s][info][gc,start       ] GC(795) Pause Cleanup
[3487.302s][info][gc             ] GC(795) Pause Cleanup 2239M->2239M(4096M) 0.120ms
[3487.302s][info][gc,cpu         ] GC(795) User=0.00s Sys=0.00s Real=0.00s
[3487.303s][info][gc,marking     ] GC(795) Concurrent Clear Claimed Marks
[3487.303s][info][gc,marking     ] GC(795) Concurrent Clear Claimed Marks 0.044ms
[3487.303s][info][gc,marking     ] GC(795) Concurrent Cleanup for Next Mark
[3487.308s][info][gc,marking     ] GC(795) Concurrent Cleanup for Next Mark 4.970ms
[3487.308s][info][gc             ] GC(795) Concurrent Mark Cycle 1109.725ms
.[3489.170s][info][gc,start       ] GC(796) Pause Young (Prepare Mixed) (G1 Evacuation Pause)
[3489.170s][info][gc,task        ] GC(796) Using 6 workers of 6 for evacuation
[3489.287s][info][gc,phases      ] GC(796)   Pre Evacuate Collection Set: 0.33ms
[3489.287s][info][gc,phases      ] GC(796)   Merge Heap Roots: 0.51ms
[3489.287s][info][gc,phases      ] GC(796)   Evacuate Collection Set: 115.07ms
[3489.287s][info][gc,phases      ] GC(796)   Post Evacuate Collection Set: 0.93ms
[3489.287s][info][gc,phases      ] GC(796)   Other: 0.09ms
[3489.287s][info][gc,heap        ] GC(796) Eden regions: 1120->0(1111)
[3489.287s][info][gc,heap        ] GC(796) Survivor regions: 108->110(154)
[3489.287s][info][gc,heap        ] GC(796) Old regions: 503->534
[3489.287s][info][gc,heap        ] GC(796) Humongous regions: 80->80
[3489.287s][info][gc,metaspace   ] GC(796) Metaspace: 28873K(29248K)->28873K(29248K) NonClass: 24005K(24192K)->24005K(24192K) Class: 4868K(5056K)->4868K(5056K)
[3489.287s][info][gc             ] GC(796) Pause Young (Prepare Mixed) (G1 Evacuation Pause) 3620M->1445M(4096M) 117.050ms
[3489.287s][info][gc,cpu         ] GC(796) User=0.70s Sys=0.00s Real=0.11s
....[3492.362s][info][gc,start       ] GC(797) Pause Young (Mixed) (G1 Evacuation Pause)
[3492.362s][info][gc,task        ] GC(797) Using 6 workers of 6 for evacuation
[3492.496s][info][gc,phases      ] GC(797)   Pre Evacuate Collection Set: 0.38ms
[3492.496s][info][gc,phases      ] GC(797)   Merge Heap Roots: 0.71ms
[3492.496s][info][gc,phases      ] GC(797)   Evacuate Collection Set: 132.48ms
[3492.496s][info][gc,phases      ] GC(797)   Post Evacuate Collection Set: 0.91ms
[3492.496s][info][gc,phases      ] GC(797)   Other: 0.09ms
[3492.496s][info][gc,heap        ] GC(797) Eden regions: 1111->0(1118)
[3492.496s][info][gc,heap        ] GC(797) Survivor regions: 110->110(153)
[3492.496s][info][gc,heap        ] GC(797) Old regions: 534->472
[3492.497s][info][gc,heap        ] GC(797) Humongous regions: 80->80
[3492.497s][info][gc,metaspace   ] GC(797) Metaspace: 28873K(29248K)->28873K(29248K) NonClass: 24005K(24192K)->24005K(24192K) Class: 4868K(5056K)->4868K(5056K)
[3492.497s][info][gc             ] GC(797) Pause Young (Mixed) (G1 Evacuation Pause) 3667M->1322M(4096M) 134.709ms
[3492.497s][info][gc,cpu         ] GC(797) User=0.80s Sys=0.00s Real=0.13s
...[3495.384s][info][gc,start       ] GC(798) Pause Young (Concurrent Start) (G1 Evacuation Pause)
[3495.384s][info][gc,task        ] GC(798) Using 6 workers of 6 for evacuation
[3495.506s][info][gc,phases      ] GC(798)   Pre Evacuate Collection Set: 0.37ms
[3495.506s][info][gc,phases      ] GC(798)   Merge Heap Roots: 0.45ms
[3495.506s][info][gc,phases      ] GC(798)   Evacuate Collection Set: 119.71ms
[3495.506s][info][gc,phases      ] GC(798)   Post Evacuate Collection Set: 0.86ms
[3495.506s][info][gc,phases      ] GC(798)   Other: 0.12ms
[3495.506s][info][gc,heap        ] GC(798) Eden regions: 1118->0(1114)
[3495.506s][info][gc,heap        ] GC(798) Survivor regions: 110->114(154)
[3495.506s][info][gc,heap        ] GC(798) Old regions: 472->503
[3495.506s][info][gc,heap        ] GC(798) Humongous regions: 80->80
[3495.506s][info][gc,metaspace   ] GC(798) Metaspace: 28873K(29248K)->28873K(29248K) NonClass: 24005K(24192K)->24005K(24192K) Class: 4868K(5056K)->4868K(5056K)
[3495.506s][info][gc             ] GC(798) Pause Young (Concurrent Start) (G1 Evacuation Pause) 3558M->1392M(4096M) 121.635ms
[3495.506s][info][gc             ] GC(799) Concurrent Mark Cycle
[3495.506s][info][gc,marking     ] GC(799) Concurrent Scan Root Regions
[3495.506s][info][gc,cpu         ] GC(798) User=0.72s Sys=0.00s Real=0.12s
[3495.698s][info][gc,marking     ] GC(799) Concurrent Scan Root Regions 191.631ms
[3495.698s][info][gc,marking     ] GC(799) Concurrent Mark
[3495.698s][info][gc,marking     ] GC(799) Concurrent Mark From Roots
[3495.698s][info][gc,task        ] GC(799) Using 2 workers of 2 for marking
.[3496.712s][info][gc,marking     ] GC(799) Concurrent Mark From Roots 1014.475ms
[3496.712s][info][gc,marking     ] GC(799) Concurrent Preclean
[3496.712s][info][gc,marking     ] GC(799) Concurrent Preclean 0.158ms
[3496.713s][info][gc,start       ] GC(799) Pause Remark
[3496.717s][info][gc             ] GC(799) Pause Remark 2314M->2314M(4096M) 3.830ms
[3496.717s][info][gc,cpu         ] GC(799) User=0.02s Sys=0.00s Real=0.00s
[3496.717s][info][gc,marking     ] GC(799) Concurrent Mark 1019.215ms
[3496.717s][info][gc,marking     ] GC(799) Concurrent Rebuild Remembered Sets and Scrub Regions
[3497.076s][info][gc,marking     ] GC(799) Concurrent Rebuild Remembered Sets and Scrub Regions 359.359ms
[3497.076s][info][gc,start       ] GC(799) Pause Cleanup
[3497.077s][info][gc             ] GC(799) Pause Cleanup 2620M->2620M(4096M) 0.115ms
[3497.077s][info][gc,cpu         ] GC(799) User=0.00s Sys=0.00s Real=0.00s
[3497.078s][info][gc,marking     ] GC(799) Concurrent Clear Claimed Marks
[3497.078s][info][gc,marking     ] GC(799) Concurrent Clear Claimed Marks 0.046ms
[3497.078s][info][gc,marking     ] GC(799) Concurrent Cleanup for Next Mark
[3497.084s][info][gc,marking     ] GC(799) Concurrent Cleanup for Next Mark 5.774ms
[3497.084s][info][gc             ] GC(799) Concurrent Mark Cycle 1578.020ms
..[3498.504s][info][gc,start       ] GC(800) Pause Young (Prepare Mixed) (G1 Evacuation Pause)
[3498.504s][info][gc,task        ] GC(800) Using 6 workers of 6 for evacuation
[3498.624s][info][gc,phases      ] GC(800)   Pre Evacuate Collection Set: 0.35ms
[3498.624s][info][gc,phases      ] GC(800)   Merge Heap Roots: 0.49ms
[3498.624s][info][gc,phases      ] GC(800)   Evacuate Collection Set: 118.31ms
[3498.624s][info][gc,phases      ] GC(800)   Post Evacuate Collection Set: 0.92ms
[3498.624s][info][gc,phases      ] GC(800)   Other: 0.09ms
[3498.624s][info][gc,heap        ] GC(800) Eden regions: 1114->0(1105)
[3498.624s][info][gc,heap        ] GC(800) Survivor regions: 114->112(154)
[3498.624s][info][gc,heap        ] GC(800) Old regions: 503->536
[3498.624s][info][gc,heap        ] GC(800) Humongous regions: 80->80
[3498.624s][info][gc,metaspace   ] GC(800) Metaspace: 28873K(29248K)->28873K(29248K) NonClass: 24005K(24192K)->24005K(24192K) Class: 4868K(5056K)->4868K(5056K)
[3498.624s][info][gc             ] GC(800) Pause Young (Prepare Mixed) (G1 Evacuation Pause) 3620M->1453M(4096M) 120.285ms
[3498.625s][info][gc,cpu         ] GC(800) User=0.71s Sys=0.00s Real=0.12s
...[3501.542s][info][gc,start       ] GC(801) Pause Young (Mixed) (G1 Evacuation Pause)
[3501.542s][info][gc,task        ] GC(801) Using 6 workers of 6 for evacuation
[3501.679s][info][gc,phases      ] GC(801)   Pre Evacuate Collection Set: 0.38ms
[3501.679s][info][gc,phases      ] GC(801)   Merge Heap Roots: 0.69ms
[3501.679s][info][gc,phases      ] GC(801)   Evacuate Collection Set: 134.46ms
[3501.679s][info][gc,phases      ] GC(801)   Post Evacuate Collection Set: 0.96ms
[3501.679s][info][gc,phases      ] GC(801)   Other: 0.09ms
[3501.679s][info][gc,heap        ] GC(801) Eden regions: 1105->0(1116)
[3501.679s][info][gc,heap        ] GC(801) Survivor regions: 112->112(153)
[3501.679s][info][gc,heap        ] GC(801) Old regions: 536->473
[3501.679s][info][gc,heap        ] GC(801) Humongous regions: 80->80
[3501.679s][info][gc,metaspace   ] GC(801) Metaspace: 28873K(29248K)->28873K(29248K) NonClass: 24005K(24192K)->24005K(24192K) Class: 4868K(5056K)->4868K(5056K)
[3501.679s][info][gc             ] GC(801) Pause Young (Mixed) (G1 Evacuation Pause) 3663M->1328M(4096M) 136.711ms
[3501.679s][info][gc,cpu         ] GC(801) User=0.82s Sys=0.00s Real=0.14s
...[3504.613s][info][gc,start       ] GC(802) Pause Young (Concurrent Start) (G1 Evacuation Pause)
[3504.613s][info][gc,task        ] GC(802) Using 6 workers of 6 for evacuation
[3504.734s][info][gc,phases      ] GC(802)   Pre Evacuate Collection Set: 0.39ms
[3504.734s][info][gc,phases      ] GC(802)   Merge Heap Roots: 0.50ms
[3504.734s][info][gc,phases      ] GC(802)   Evacuate Collection Set: 119.34ms
[3504.734s][info][gc,phases      ] GC(802)   Post Evacuate Collection Set: 0.89ms
[3504.734s][info][gc,phases      ] GC(802)   Other: 0.12ms
[3504.734s][info][gc,heap        ] GC(802) Eden regions: 1116->0(1116)
[3504.734s][info][gc,heap        ] GC(802) Survivor regions: 112->112(154)
[3504.734s][info][gc,heap        ] GC(802) Old regions: 473->505
[3504.734s][info][gc,heap        ] GC(802) Humongous regions: 80->80
[3504.734s][info][gc,metaspace   ] GC(802) Metaspace: 28873K(29248K)->28873K(29248K) NonClass: 24005K(24192K)->24005K(24192K) Class: 4868K(5056K)->4868K(5056K)
[3504.734s][info][gc             ] GC(802) Pause Young (Concurrent Start) (G1 Evacuation Pause) 3560M->1393M(4096M) 121.396ms
[3504.734s][info][gc             ] GC(803) Concurrent Mark Cycle
[3504.734s][info][gc,marking     ] GC(803) Concurrent Scan Root Regions
[3504.734s][info][gc,cpu         ] GC(802) User=0.72s Sys=0.00s Real=0.12s
[3504.917s][info][gc,marking     ] GC(803) Concurrent Scan Root Regions 182.647ms
[3504.917s][info][gc,marking     ] GC(803) Concurrent Mark
[3504.917s][info][gc,marking     ] GC(803) Concurrent Mark From Roots
[3504.917s][info][gc,task        ] GC(803) Using 2 workers of 2 for marking
.[3505.826s][info][gc,marking     ] GC(803) Concurrent Mark From Roots 909.109ms
[3505.826s][info][gc,marking     ] GC(803) Concurrent Preclean
[3505.826s][info][gc,marking     ] GC(803) Concurrent Preclean 0.092ms
[3505.827s][info][gc,start       ] GC(803) Pause Remark
[3505.830s][info][gc             ] GC(803) Pause Remark 2238M->2238M(4096M) 3.515ms
[3505.830s][info][gc,cpu         ] GC(803) User=0.02s Sys=0.00s Real=0.01s
[3505.830s][info][gc,marking     ] GC(803) Concurrent Mark 912.994ms
[3505.830s][info][gc,marking     ] GC(803) Concurrent Rebuild Remembered Sets and Scrub Regions
[3506.115s][info][gc,marking     ] GC(803) Concurrent Rebuild Remembered Sets and Scrub Regions 284.438ms
[3506.115s][info][gc,start       ] GC(803) Pause Cleanup
[3506.115s][info][gc             ] GC(803) Pause Cleanup 2427M->2427M(4096M) 0.124ms
[3506.115s][info][gc,cpu         ] GC(803) User=0.00s Sys=0.00s Real=0.00s
[3506.115s][info][gc,marking     ] GC(803) Concurrent Clear Claimed Marks
[3506.115s][info][gc,marking     ] GC(803) Concurrent Clear Claimed Marks 0.027ms
[3506.115s][info][gc,marking     ] GC(803) Concurrent Cleanup for Next Mark
[3506.121s][info][gc,marking     ] GC(803) Concurrent Cleanup for Next Mark 5.236ms
[3506.121s][info][gc             ] GC(803) Concurrent Mark Cycle 1386.165ms
..[3507.795s][info][gc,start       ] GC(804) Pause Young (Prepare Mixed) (G1 Evacuation Pause)
[3507.795s][info][gc,task        ] GC(804) Using 6 workers of 6 for evacuation
[3507.916s][info][gc,phases      ] GC(804)   Pre Evacuate Collection Set: 0.30ms
[3507.916s][info][gc,phases      ] GC(804)   Merge Heap Roots: 0.49ms
[3507.916s][info][gc,phases      ] GC(804)   Evacuate Collection Set: 119.40ms
[3507.916s][info][gc,phases      ] GC(804)   Post Evacuate Collection Set: 0.98ms
[3507.916s][info][gc,phases      ] GC(804)   Other: 0.09ms
[3507.916s][info][gc,heap        ] GC(804) Eden regions: 1116->0(1103)
[3507.916s][info][gc,heap        ] GC(804) Survivor regions: 112->113(154)
[3507.916s][info][gc,heap        ] GC(804) Old regions: 505->536
[3507.916s][info][gc,heap        ] GC(804) Humongous regions: 80->80
[3507.916s][info][gc,metaspace   ] GC(804) Metaspace: 28873K(29248K)->28873K(29248K) NonClass: 24005K(24192K)->24005K(24192K) Class: 4868K(5056K)->4868K(5056K)
[3507.916s][info][gc             ] GC(804) Pause Young (Prepare Mixed) (G1 Evacuation Pause) 3625M->1455M(4096M) 121.393ms
[3507.917s][info][gc,cpu         ] GC(804) User=0.72s Sys=0.00s Real=0.12s
...[3510.782s][info][gc,start       ] GC(805) Pause Young (Mixed) (G1 Evacuation Pause)
[3510.782s][info][gc,task        ] GC(805) Using 6 workers of 6 for evacuation
[3510.912s][info][gc,phases      ] GC(805)   Pre Evacuate Collection Set: 0.35ms
[3510.912s][info][gc,phases      ] GC(805)   Merge Heap Roots: 0.62ms
[3510.912s][info][gc,phases      ] GC(805)   Evacuate Collection Set: 127.90ms
[3510.912s][info][gc,phases      ] GC(805)   Post Evacuate Collection Set: 0.92ms
[3510.912s][info][gc,phases      ] GC(805)   Other: 0.08ms
[3510.912s][info][gc,heap        ] GC(805) Eden regions: 1103->0(1121)
[3510.912s][info][gc,heap        ] GC(805) Survivor regions: 113->107(152)
[3510.912s][info][gc,heap        ] GC(805) Old regions: 536->470
[3510.912s][info][gc,heap        ] GC(805) Humongous regions: 80->80
[3510.912s][info][gc,metaspace   ] GC(805) Metaspace: 28873K(29248K)->28873K(29248K) NonClass: 24005K(24192K)->24005K(24192K) Class: 4868K(5056K)->4868K(5056K)
[3510.912s][info][gc             ] GC(805) Pause Young (Mixed) (G1 Evacuation Pause) 3661M->1313M(4096M) 130.019ms
[3510.912s][info][gc,cpu         ] GC(805) User=0.77s Sys=0.00s Real=0.13s
...[3513.928s][info][gc,start       ] GC(806) Pause Young (Concurrent Start) (G1 Evacuation Pause)
[3513.928s][info][gc,task        ] GC(806) Using 6 workers of 6 for evacuation
[3514.047s][info][gc,phases      ] GC(806)   Pre Evacuate Collection Set: 0.38ms
[3514.047s][info][gc,phases      ] GC(806)   Merge Heap Roots: 0.44ms
[3514.047s][info][gc,phases      ] GC(806)   Evacuate Collection Set: 117.77ms
[3514.047s][info][gc,phases      ] GC(806)   Post Evacuate Collection Set: 0.78ms
[3514.047s][info][gc,phases      ] GC(806)   Other: 0.12ms
[3514.048s][info][gc,heap        ] GC(806) Eden regions: 1121->0(1118)
[3514.048s][info][gc,heap        ] GC(806) Survivor regions: 107->110(154)
[3514.048s][info][gc,heap        ] GC(806) Old regions: 470->503
[3514.048s][info][gc,heap        ] GC(806) Humongous regions: 80->80
[3514.048s][info][gc,metaspace   ] GC(806) Metaspace: 28873K(29248K)->28873K(29248K) NonClass: 24005K(24192K)->24005K(24192K) Class: 4868K(5056K)->4868K(5056K)
[3514.048s][info][gc             ] GC(806) Pause Young (Concurrent Start) (G1 Evacuation Pause) 3555M->1385M(4096M) 119.612ms
[3514.048s][info][gc             ] GC(807) Concurrent Mark Cycle
[3514.048s][info][gc,marking     ] GC(807) Concurrent Scan Root Regions
[3514.048s][info][gc,cpu         ] GC(806) User=0.71s Sys=0.00s Real=0.12s
[3514.190s][info][gc,marking     ] GC(807) Concurrent Scan Root Regions 142.757ms
[3514.190s][info][gc,marking     ] GC(807) Concurrent Mark
[3514.190s][info][gc,marking     ] GC(807) Concurrent Mark From Roots
[3514.190s][info][gc,task        ] GC(807) Using 2 workers of 2 for marking
.[3514.874s][info][gc,marking     ] GC(807) Concurrent Mark From Roots 683.487ms
[3514.874s][info][gc,marking     ] GC(807) Concurrent Preclean
[3514.874s][info][gc,marking     ] GC(807) Concurrent Preclean 0.114ms
[3514.874s][info][gc,start       ] GC(807) Pause Remark
[3514.877s][info][gc             ] GC(807) Pause Remark 2036M->2036M(4096M) 2.755ms
[3514.877s][info][gc,cpu         ] GC(807) User=0.01s Sys=0.01s Real=0.00s
[3514.878s][info][gc,marking     ] GC(807) Concurrent Mark 687.366ms
[3514.878s][info][gc,marking     ] GC(807) Concurrent Rebuild Remembered Sets and Scrub Regions
[3515.128s][info][gc,marking     ] GC(807) Concurrent Rebuild Remembered Sets and Scrub Regions 250.180ms
[3515.131s][info][gc,start       ] GC(807) Pause Cleanup
[3515.131s][info][gc             ] GC(807) Pause Cleanup 2221M->2221M(4096M) 0.129ms
[3515.131s][info][gc,cpu         ] GC(807) User=0.00s Sys=0.00s Real=0.00s
[3515.131s][info][gc,marking     ] GC(807) Concurrent Clear Claimed Marks
[3515.131s][info][gc,marking     ] GC(807) Concurrent Clear Claimed Marks 0.039ms
[3515.131s][info][gc,marking     ] GC(807) Concurrent Cleanup for Next Mark
[3515.145s][info][gc,marking     ] GC(807) Concurrent Cleanup for Next Mark 13.228ms
[3515.145s][info][gc             ] GC(807) Concurrent Mark Cycle 1097.063ms
.. (rIR:aIR:PR = 6088:6088:6088) (tPR = 90491) [OK] 
  3516s: Performance info:
         Transaction,    Success,    Partial,     Failed,   Receipts, AvgBarcode, 
             Overall,     371154,          0,          0,     352572,      59.48, 
         Response times:
             Request,    Success,    Partial,     Failed,   SkipFail,     Probes,    Samples,      min,      p50,      p90,      p95,      p99,      max, 
       TotalPurchase,     352580,          0,          0,          0,     346356,     369901,      300,     5000,    15500,    37000,    90000,   261000,
     InStorePurchase,     185524,          0,          0,          0,     182462,     194735,      300,     5100,    15700,    38000,    90000,   261000,
      OnlinePurchase,     129901,          0,          0,          0,     127902,     136465,      300,     4800,    14700,    36000,    87000,   238000,
        InstPurchase,      37155,          0,          0,          0,      35992,      38701,      400,     5500,    16800,    39000,    95000,   220000,
          AssocOfCat,        373,          0,          0,          0,        295,        391,    21000,    34000,    62000,    83800,   160920,   206000,
      AssocOfProduct,       3703,          0,          0,          0,       3454,       3912,      800,     4800,    16870,    37000,    75870,   199000,
      BusinessReport,        926,          0,          0,          0,        805,        994,    24000,    39000,    73000,    97000,   186200,   266000,
          CustBuyBeh,       3709,          0,          0,          0,       3390,       3763,      600,     5400,    17000,    40000,   101440,   149000,
       ProductReturn,       9863,          0,          0,          0,       9328,      10195,      200,     5000,    15000,    34000,    85000,   284000,

  3516s: (45%)   IR =   6227 [3517.020s][info][gc,start       ] GC(808) Pause Young (Prepare Mixed) (G1 Evacuation Pause)
[3517.020s][info][gc,task        ] GC(808) Using 6 workers of 6 for evacuation
[3517.136s][info][gc,phases      ] GC(808)   Pre Evacuate Collection Set: 0.34ms
[3517.136s][info][gc,phases      ] GC(808)   Merge Heap Roots: 0.51ms
[3517.136s][info][gc,phases      ] GC(808)   Evacuate Collection Set: 114.72ms
[3517.136s][info][gc,phases      ] GC(808)   Post Evacuate Collection Set: 1.02ms
[3517.136s][info][gc,phases      ] GC(808)   Other: 0.09ms
[3517.136s][info][gc,heap        ] GC(808) Eden regions: 1118->0(1111)
[3517.136s][info][gc,heap        ] GC(808) Survivor regions: 110->110(154)
[3517.136s][info][gc,heap        ] GC(808) Old regions: 503->534
[3517.136s][info][gc,heap        ] GC(808) Humongous regions: 80->80
[3517.136s][info][gc,metaspace   ] GC(808) Metaspace: 28873K(29248K)->28873K(29248K) NonClass: 24005K(24192K)->24005K(24192K) Class: 4868K(5056K)->4868K(5056K)
[3517.136s][info][gc             ] GC(808) Pause Young (Prepare Mixed) (G1 Evacuation Pause) 3621M->1446M(4096M) 116.820ms
[3517.136s][info][gc,cpu         ] GC(808) User=0.70s Sys=0.00s Real=0.11s
...[3520.001s][info][gc,start       ] GC(809) Pause Young (Mixed) (G1 Evacuation Pause)
[3520.001s][info][gc,task        ] GC(809) Using 6 workers of 6 for evacuation
[3520.134s][info][gc,phases      ] GC(809)   Pre Evacuate Collection Set: 0.39ms
[3520.134s][info][gc,phases      ] GC(809)   Merge Heap Roots: 0.67ms
[3520.134s][info][gc,phases      ] GC(809)   Evacuate Collection Set: 131.00ms
[3520.134s][info][gc,phases      ] GC(809)   Post Evacuate Collection Set: 0.94ms
[3520.134s][info][gc,phases      ] GC(809)   Other: 0.08ms
[3520.134s][info][gc,heap        ] GC(809) Eden regions: 1111->0(1119)
[3520.134s][info][gc,heap        ] GC(809) Survivor regions: 110->109(153)
[3520.134s][info][gc,heap        ] GC(809) Old regions: 534->471
[3520.134s][info][gc,heap        ] GC(809) Humongous regions: 80->80
[3520.134s][info][gc,metaspace   ] GC(809) Metaspace: 28873K(29248K)->28873K(29248K) NonClass: 24005K(24192K)->24005K(24192K) Class: 4868K(5056K)->4868K(5056K)
[3520.134s][info][gc             ] GC(809) Pause Young (Mixed) (G1 Evacuation Pause) 3668M->1318M(4096M) 133.200ms
[3520.134s][info][gc,cpu         ] GC(809) User=0.79s Sys=0.00s Real=0.13s
..|.[3523.116s][info][gc,start       ] GC(810) Pause Young (Concurrent Start) (G1 Evacuation Pause)
[3523.116s][info][gc,task        ] GC(810) Using 6 workers of 6 for evacuation
[3523.241s][info][gc,phases      ] GC(810)   Pre Evacuate Collection Set: 0.35ms
[3523.241s][info][gc,phases      ] GC(810)   Merge Heap Roots: 0.48ms
[3523.241s][info][gc,phases      ] GC(810)   Evacuate Collection Set: 123.00ms
[3523.241s][info][gc,phases      ] GC(810)   Post Evacuate Collection Set: 0.88ms
[3523.241s][info][gc,phases      ] GC(810)   Other: 0.11ms
[3523.241s][info][gc,heap        ] GC(810) Eden regions: 1119->0(1113)
[3523.241s][info][gc,heap        ] GC(810) Survivor regions: 109->115(154)
[3523.241s][info][gc,heap        ] GC(810) Old regions: 471->503
[3523.241s][info][gc,heap        ] GC(810) Humongous regions: 80->80
[3523.241s][info][gc,metaspace   ] GC(810) Metaspace: 28873K(29248K)->28873K(29248K) NonClass: 24005K(24192K)->24005K(24192K) Class: 4868K(5056K)->4868K(5056K)
[3523.241s][info][gc             ] GC(810) Pause Young (Concurrent Start) (G1 Evacuation Pause) 3556M->1393M(4096M) 124.962ms
[3523.241s][info][gc             ] GC(811) Concurrent Mark Cycle
[3523.241s][info][gc,marking     ] GC(811) Concurrent Scan Root Regions
[3523.241s][info][gc,cpu         ] GC(810) User=0.75s Sys=0.00s Real=0.13s
[3523.388s][info][gc,marking     ] GC(811) Concurrent Scan Root Regions 147.795ms
[3523.389s][info][gc,marking     ] GC(811) Concurrent Mark
[3523.389s][info][gc,marking     ] GC(811) Concurrent Mark From Roots
[3523.389s][info][gc,task        ] GC(811) Using 2 workers of 2 for marking
.[3524.086s][info][gc,marking     ] GC(811) Concurrent Mark From Roots 696.982ms
[3524.086s][info][gc,marking     ] GC(811) Concurrent Preclean
[3524.086s][info][gc,marking     ] GC(811) Concurrent Preclean 0.122ms
[3524.087s][info][gc,start       ] GC(811) Pause Remark
[3524.090s][info][gc             ] GC(811) Pause Remark 2071M->2071M(4096M) 3.168ms
[3524.090s][info][gc,cpu         ] GC(811) User=0.01s Sys=0.00s Real=0.01s
[3524.091s][info][gc,marking     ] GC(811) Concurrent Mark 702.466ms
[3524.091s][info][gc,marking     ] GC(811) Concurrent Rebuild Remembered Sets and Scrub Regions
[3524.341s][info][gc,marking     ] GC(811) Concurrent Rebuild Remembered Sets and Scrub Regions 249.957ms
[3524.341s][info][gc,start       ] GC(811) Pause Cleanup
[3524.341s][info][gc             ] GC(811) Pause Cleanup 2256M->2256M(4096M) 0.114ms
[3524.341s][info][gc,cpu         ] GC(811) User=0.00s Sys=0.00s Real=0.00s
[3524.341s][info][gc,marking     ] GC(811) Concurrent Clear Claimed Marks
[3524.341s][info][gc,marking     ] GC(811) Concurrent Clear Claimed Marks 0.026ms
[3524.341s][info][gc,marking     ] GC(811) Concurrent Cleanup for Next Mark
[3524.347s][info][gc,marking     ] GC(811) Concurrent Cleanup for Next Mark 5.526ms
[3524.347s][info][gc             ] GC(811) Concurrent Mark Cycle 1106.286ms
..[3526.134s][info][gc,start       ] GC(812) Pause Young (Prepare Mixed) (G1 Evacuation Pause)
[3526.134s][info][gc,task        ] GC(812) Using 6 workers of 6 for evacuation
[3526.251s][info][gc,phases      ] GC(812)   Pre Evacuate Collection Set: 0.32ms
[3526.251s][info][gc,phases      ] GC(812)   Merge Heap Roots: 0.52ms
[3526.251s][info][gc,phases      ] GC(812)   Evacuate Collection Set: 115.13ms
[3526.251s][info][gc,phases      ] GC(812)   Post Evacuate Collection Set: 0.91ms
[3526.251s][info][gc,phases      ] GC(812)   Other: 0.09ms
[3526.251s][info][gc,heap        ] GC(812) Eden regions: 1113->0(1113)
[3526.251s][info][gc,heap        ] GC(812) Survivor regions: 115->109(154)
[3526.251s][info][gc,heap        ] GC(812) Old regions: 503->534
[3526.251s][info][gc,heap        ] GC(812) Humongous regions: 80->80
[3526.251s][info][gc,metaspace   ] GC(812) Metaspace: 28873K(29248K)->28873K(29248K) NonClass: 24005K(24192K)->24005K(24192K) Class: 4868K(5056K)->4868K(5056K)
[3526.251s][info][gc             ] GC(812) Pause Young (Prepare Mixed) (G1 Evacuation Pause) 3619M->1444M(4096M) 117.112ms
[3526.251s][info][gc,cpu         ] GC(812) User=0.70s Sys=0.00s Real=0.12s
...[3529.119s][info][gc,start       ] GC(813) Pause Young (Mixed) (G1 Evacuation Pause)
[3529.119s][info][gc,task        ] GC(813) Using 6 workers of 6 for evacuation
[3529.257s][info][gc,phases      ] GC(813)   Pre Evacuate Collection Set: 0.35ms
[3529.257s][info][gc,phases      ] GC(813)   Merge Heap Roots: 0.76ms
[3529.257s][info][gc,phases      ] GC(813)   Evacuate Collection Set: 135.12ms
[3529.257s][info][gc,phases      ] GC(813)   Post Evacuate Collection Set: 0.94ms
[3529.257s][info][gc,phases      ] GC(813)   Other: 0.10ms
[3529.257s][info][gc,heap        ] GC(813) Eden regions: 1113->0(1120)
[3529.257s][info][gc,heap        ] GC(813) Survivor regions: 109->108(153)
[3529.257s][info][gc,heap        ] GC(813) Old regions: 534->472
[3529.257s][info][gc,heap        ] GC(813) Humongous regions: 80->80
[3529.257s][info][gc,metaspace   ] GC(813) Metaspace: 28873K(29248K)->28873K(29248K) NonClass: 24005K(24192K)->24005K(24192K) Class: 4868K(5056K)->4868K(5056K)
[3529.257s][info][gc             ] GC(813) Pause Young (Mixed) (G1 Evacuation Pause) 3670M->1317M(4096M) 137.408ms
[3529.257s][info][gc,cpu         ] GC(813) User=0.81s Sys=0.00s Real=0.13s
...[3532.130s][info][gc,start       ] GC(814) Pause Young (Concurrent Start) (G1 Evacuation Pause)
[3532.130s][info][gc,task        ] GC(814) Using 6 workers of 6 for evacuation
[3532.252s][info][gc,phases      ] GC(814)   Pre Evacuate Collection Set: 0.36ms
[3532.252s][info][gc,phases      ] GC(814)   Merge Heap Roots: 0.45ms
[3532.252s][info][gc,phases      ] GC(814)   Evacuate Collection Set: 120.08ms
[3532.252s][info][gc,phases      ] GC(814)   Post Evacuate Collection Set: 0.87ms
[3532.252s][info][gc,phases      ] GC(814)   Other: 0.13ms
[3532.252s][info][gc,heap        ] GC(814) Eden regions: 1120->0(1115)
[3532.252s][info][gc,heap        ] GC(814) Survivor regions: 108->113(154)
[3532.252s][info][gc,heap        ] GC(814) Old regions: 472->504
[3532.252s][info][gc,heap        ] GC(814) Humongous regions: 80->80
[3532.252s][info][gc,metaspace   ] GC(814) Metaspace: 28873K(29248K)->28873K(29248K) NonClass: 24005K(24192K)->24005K(24192K) Class: 4868K(5056K)->4868K(5056K)
[3532.252s][info][gc             ] GC(814) Pause Young (Concurrent Start) (G1 Evacuation Pause) 3557M->1392M(4096M) 122.023ms
[3532.252s][info][gc             ] GC(815) Concurrent Mark Cycle
[3532.252s][info][gc,marking     ] GC(815) Concurrent Scan Root Regions
[3532.252s][info][gc,cpu         ] GC(814) User=0.73s Sys=0.00s Real=0.12s
[3532.395s][info][gc,marking     ] GC(815) Concurrent Scan Root Regions 142.833ms
[3532.395s][info][gc,marking     ] GC(815) Concurrent Mark
[3532.395s][info][gc,marking     ] GC(815) Concurrent Mark From Roots
[3532.395s][info][gc,task        ] GC(815) Using 2 workers of 2 for marking
.[3533.088s][info][gc,marking     ] GC(815) Concurrent Mark From Roots 693.413ms
[3533.089s][info][gc,marking     ] GC(815) Concurrent Preclean
[3533.089s][info][gc,marking     ] GC(815) Concurrent Preclean 0.092ms
[3533.090s][info][gc,start       ] GC(815) Pause Remark
[3533.092s][info][gc             ] GC(815) Pause Remark 2067M->2067M(4096M) 2.571ms
[3533.092s][info][gc,cpu         ] GC(815) User=0.02s Sys=0.00s Real=0.00s
[3533.092s][info][gc,marking     ] GC(815) Concurrent Mark 697.192ms
[3533.092s][info][gc,marking     ] GC(815) Concurrent Rebuild Remembered Sets and Scrub Regions
[3533.348s][info][gc,marking     ] GC(815) Concurrent Rebuild Remembered Sets and Scrub Regions 255.696ms
[3533.348s][info][gc,start       ] GC(815) Pause Cleanup
[3533.348s][info][gc             ] GC(815) Pause Cleanup 2269M->2269M(4096M) 0.122ms
[3533.348s][info][gc,cpu         ] GC(815) User=0.00s Sys=0.00s Real=0.00s
[3533.348s][info][gc,marking     ] GC(815) Concurrent Clear Claimed Marks
[3533.348s][info][gc,marking     ] GC(815) Concurrent Clear Claimed Marks 0.025ms
[3533.348s][info][gc,marking     ] GC(815) Concurrent Cleanup for Next Mark
[3533.353s][info][gc,marking     ] GC(815) Concurrent Cleanup for Next Mark 4.781ms
[3533.353s][info][gc             ] GC(815) Concurrent Mark Cycle 1101.119ms
..[3535.218s][info][gc,start       ] GC(816) Pause Young (Prepare Mixed) (G1 Evacuation Pause)
[3535.219s][info][gc,task        ] GC(816) Using 6 workers of 6 for evacuation
[3535.337s][info][gc,phases      ] GC(816)   Pre Evacuate Collection Set: 0.33ms
[3535.337s][info][gc,phases      ] GC(816)   Merge Heap Roots: 0.49ms
[3535.337s][info][gc,phases      ] GC(816)   Evacuate Collection Set: 116.23ms
[3535.337s][info][gc,phases      ] GC(816)   Post Evacuate Collection Set: 0.91ms
[3535.337s][info][gc,phases      ] GC(816)   Other: 0.10ms
[3535.337s][info][gc,heap        ] GC(816) Eden regions: 1115->0(1106)
[3535.337s][info][gc,heap        ] GC(816) Survivor regions: 113->112(154)
[3535.337s][info][gc,heap        ] GC(816) Old regions: 504->535
[3535.337s][info][gc,heap        ] GC(816) Humongous regions: 80->80
[3535.337s][info][gc,metaspace   ] GC(816) Metaspace: 28873K(29248K)->28873K(29248K) NonClass: 24005K(24192K)->24005K(24192K) Class: 4868K(5056K)->4868K(5056K)
[3535.337s][info][gc             ] GC(816) Pause Young (Prepare Mixed) (G1 Evacuation Pause) 3622M->1452M(4096M) 118.184ms
[3535.337s][info][gc,cpu         ] GC(816) User=0.70s Sys=0.00s Real=0.11s
...[3538.190s][info][gc,start       ] GC(817) Pause Young (Mixed) (G1 Evacuation Pause)
[3538.190s][info][gc,task        ] GC(817) Using 6 workers of 6 for evacuation
[3538.321s][info][gc,phases      ] GC(817)   Pre Evacuate Collection Set: 0.35ms
[3538.321s][info][gc,phases      ] GC(817)   Merge Heap Roots: 0.71ms
[3538.321s][info][gc,phases      ] GC(817)   Evacuate Collection Set: 129.72ms
[3538.321s][info][gc,phases      ] GC(817)   Post Evacuate Collection Set: 0.93ms
[3538.321s][info][gc,phases      ] GC(817)   Other: 0.08ms
[3538.321s][info][gc,heap        ] GC(817) Eden regions: 1106->0(1120)
[3538.321s][info][gc,heap        ] GC(817) Survivor regions: 112->108(153)
[3538.321s][info][gc,heap        ] GC(817) Old regions: 535->473
[3538.321s][info][gc,heap        ] GC(817) Humongous regions: 80->80
[3538.321s][info][gc,metaspace   ] GC(817) Metaspace: 28873K(29248K)->28873K(29248K) NonClass: 24005K(24192K)->24005K(24192K) Class: 4868K(5056K)->4868K(5056K)
[3538.321s][info][gc             ] GC(817) Pause Young (Mixed) (G1 Evacuation Pause) 3664M->1320M(4096M) 131.926ms
[3538.322s][info][gc,cpu         ] GC(817) User=0.78s Sys=0.00s Real=0.13s
...[3541.201s][info][gc,start       ] GC(818) Pause Young (Concurrent Start) (G1 Evacuation Pause)
[3541.201s][info][gc,task        ] GC(818) Using 6 workers of 6 for evacuation
[3541.317s][info][gc,phases      ] GC(818)   Pre Evacuate Collection Set: 0.38ms
[3541.317s][info][gc,phases      ] GC(818)   Merge Heap Roots: 0.46ms
[3541.317s][info][gc,phases      ] GC(818)   Evacuate Collection Set: 113.82ms
[3541.317s][info][gc,phases      ] GC(818)   Post Evacuate Collection Set: 0.88ms
[3541.317s][info][gc,phases      ] GC(818)   Other: 0.12ms
[3541.317s][info][gc,heap        ] GC(818) Eden regions: 1120->0(1119)
[3541.317s][info][gc,heap        ] GC(818) Survivor regions: 108->109(154)
[3541.317s][info][gc,heap        ] GC(818) Old regions: 473->505
[3541.317s][info][gc,heap        ] GC(818) Humongous regions: 80->80
[3541.317s][info][gc,metaspace   ] GC(818) Metaspace: 28873K(29248K)->28873K(29248K) NonClass: 24005K(24192K)->24005K(24192K) Class: 4868K(5056K)->4868K(5056K)
[3541.317s][info][gc             ] GC(818) Pause Young (Concurrent Start) (G1 Evacuation Pause) 3560M->1386M(4096M) 115.788ms
[3541.317s][info][gc             ] GC(819) Concurrent Mark Cycle
[3541.317s][info][gc,marking     ] GC(819) Concurrent Scan Root Regions
[3541.317s][info][gc,cpu         ] GC(818) User=0.69s Sys=0.00s Real=0.11s
[3541.456s][info][gc,marking     ] GC(819) Concurrent Scan Root Regions 139.622ms
[3541.457s][info][gc,marking     ] GC(819) Concurrent Mark
[3541.457s][info][gc,marking     ] GC(819) Concurrent Mark From Roots
[3541.457s][info][gc,task        ] GC(819) Using 2 workers of 2 for marking
.[3542.131s][info][gc,marking     ] GC(819) Concurrent Mark From Roots 674.876ms
[3542.131s][info][gc,marking     ] GC(819) Concurrent Preclean
[3542.132s][info][gc,marking     ] GC(819) Concurrent Preclean 0.083ms
[3542.132s][info][gc,start       ] GC(819) Pause Remark
[3542.135s][info][gc             ] GC(819) Pause Remark 2032M->2032M(4096M) 3.748ms
[3542.135s][info][gc,cpu         ] GC(819) User=0.02s Sys=0.00s Real=0.00s
[3542.135s][info][gc,marking     ] GC(819) Concurrent Mark 678.957ms
[3542.135s][info][gc,marking     ] GC(819) Concurrent Rebuild Remembered Sets and Scrub Regions
[3542.458s][info][gc,marking     ] GC(819) Concurrent Rebuild Remembered Sets and Scrub Regions 322.930ms
[3542.459s][info][gc,start       ] GC(819) Pause Cleanup
[3542.459s][info][gc             ] GC(819) Pause Cleanup 2312M->2312M(4096M) 0.101ms
[3542.459s][info][gc,cpu         ] GC(819) User=0.00s Sys=0.00s Real=0.00s
[3542.459s][info][gc,marking     ] GC(819) Concurrent Clear Claimed Marks
[3542.459s][info][gc,marking     ] GC(819) Concurrent Clear Claimed Marks 0.027ms
[3542.459s][info][gc,marking     ] GC(819) Concurrent Cleanup for Next Mark
[3542.462s][info][gc,marking     ] GC(819) Concurrent Cleanup for Next Mark 3.167ms
[3542.462s][info][gc             ] GC(819) Concurrent Mark Cycle 1145.109ms
..[3544.278s][info][gc,start       ] GC(820) Pause Young (Prepare Mixed) (G1 Evacuation Pause)
[3544.278s][info][gc,task        ] GC(820) Using 6 workers of 6 for evacuation
[3544.405s][info][gc,phases      ] GC(820)   Pre Evacuate Collection Set: 0.36ms
[3544.405s][info][gc,phases      ] GC(820)   Merge Heap Roots: 0.54ms
[3544.405s][info][gc,phases      ] GC(820)   Evacuate Collection Set: 125.07ms
[3544.405s][info][gc,phases      ] GC(820)   Post Evacuate Collection Set: 0.94ms
[3544.405s][info][gc,phases      ] GC(820)   Other: 0.09ms
[3544.405s][info][gc,heap        ] GC(820) Eden regions: 1119->0(1092)
[3544.405s][info][gc,heap        ] GC(820) Survivor regions: 109->118(154)
[3544.405s][info][gc,heap        ] GC(820) Old regions: 505->537
[3544.405s][info][gc,heap        ] GC(820) Humongous regions: 80->80
[3544.405s][info][gc,metaspace   ] GC(820) Metaspace: 28873K(29248K)->28873K(29248K) NonClass: 24005K(24192K)->24005K(24192K) Class: 4868K(5056K)->4868K(5056K)
[3544.405s][info][gc             ] GC(820) Pause Young (Prepare Mixed) (G1 Evacuation Pause) 3624M->1468M(4096M) 127.137ms
[3544.405s][info][gc,cpu         ] GC(820) User=0.76s Sys=0.00s Real=0.12s
...[3547.193s][info][gc,start       ] GC(821) Pause Young (Mixed) (G1 Evacuation Pause)
[3547.193s][info][gc,task        ] GC(821) Using 6 workers of 6 for evacuation
[3547.323s][info][gc,phases      ] GC(821)   Pre Evacuate Collection Set: 0.35ms
[3547.323s][info][gc,phases      ] GC(821)   Merge Heap Roots: 0.61ms
[3547.323s][info][gc,phases      ] GC(821)   Evacuate Collection Set: 127.71ms
[3547.323s][info][gc,phases      ] GC(821)   Post Evacuate Collection Set: 0.94ms
[3547.323s][info][gc,phases      ] GC(821)   Other: 0.09ms
[3547.323s][info][gc,heap        ] GC(821) Eden regions: 1092->0(1120)
[3547.323s][info][gc,heap        ] GC(821) Survivor regions: 118->108(152)
[3547.323s][info][gc,heap        ] GC(821) Old regions: 537->473
[3547.323s][info][gc,heap        ] GC(821) Humongous regions: 80->80
[3547.323s][info][gc,metaspace   ] GC(821) Metaspace: 28874K(29248K)->28874K(29248K) NonClass: 24005K(24192K)->24005K(24192K) Class: 4868K(5056K)->4868K(5056K)
[3547.323s][info][gc             ] GC(821) Pause Young (Mixed) (G1 Evacuation Pause) 3652M->1321M(4096M) 129.845ms
[3547.323s][info][gc,cpu         ] GC(821) User=0.77s Sys=0.00s Real=0.13s
...[3550.224s][info][gc,start       ] GC(822) Pause Young (Concurrent Start) (G1 Evacuation Pause)
[3550.224s][info][gc,task        ] GC(822) Using 6 workers of 6 for evacuation
[3550.347s][info][gc,phases      ] GC(822)   Pre Evacuate Collection Set: 0.38ms
[3550.347s][info][gc,phases      ] GC(822)   Merge Heap Roots: 0.45ms
[3550.347s][info][gc,phases      ] GC(822)   Evacuate Collection Set: 120.81ms
[3550.347s][info][gc,phases      ] GC(822)   Post Evacuate Collection Set: 0.89ms
[3550.347s][info][gc,phases      ] GC(822)   Other: 0.13ms
[3550.347s][info][gc,heap        ] GC(822) Eden regions: 1120->0(1117)
[3550.347s][info][gc,heap        ] GC(822) Survivor regions: 108->111(154)
[3550.347s][info][gc,heap        ] GC(822) Old regions: 473->506
[3550.347s][info][gc,heap        ] GC(822) Humongous regions: 80->80
[3550.347s][info][gc,metaspace   ] GC(822) Metaspace: 28874K(29248K)->28874K(29248K) NonClass: 24005K(24192K)->24005K(24192K) Class: 4868K(5056K)->4868K(5056K)
[3550.347s][info][gc             ] GC(822) Pause Young (Concurrent Start) (G1 Evacuation Pause) 3561M->1393M(4096M) 122.804ms
[3550.347s][info][gc             ] GC(823) Concurrent Mark Cycle
[3550.347s][info][gc,cpu         ] GC(822) User=0.73s Sys=0.00s Real=0.12s
[3550.347s][info][gc,marking     ] GC(823) Concurrent Scan Root Regions
[3550.531s][info][gc,marking     ] GC(823) Concurrent Scan Root Regions 183.715ms
[3550.531s][info][gc,marking     ] GC(823) Concurrent Mark
[3550.531s][info][gc,marking     ] GC(823) Concurrent Mark From Roots
[3550.531s][info][gc,task        ] GC(823) Using 2 workers of 2 for marking
.[3551.361s][info][gc,marking     ] GC(823) Concurrent Mark From Roots 830.282ms
[3551.361s][info][gc,marking     ] GC(823) Concurrent Preclean
[3551.361s][info][gc,marking     ] GC(823) Concurrent Preclean 0.123ms
[3551.361s][info][gc,start       ] GC(823) Pause Remark
[3551.365s][info][gc             ] GC(823) Pause Remark 2176M->2176M(4096M) 3.128ms
[3551.365s][info][gc,cpu         ] GC(823) User=0.02s Sys=0.00s Real=0.00s
[3551.365s][info][gc,marking     ] GC(823) Concurrent Mark 833.798ms
[3551.365s][info][gc,marking     ] GC(823) Concurrent Rebuild Remembered Sets and Scrub Regions
[3551.632s][info][gc,marking     ] GC(823) Concurrent Rebuild Remembered Sets and Scrub Regions 266.920ms
[3551.632s][info][gc,start       ] GC(823) Pause Cleanup
[3551.632s][info][gc             ] GC(823) Pause Cleanup 2399M->2399M(4096M) 0.116ms
[3551.632s][info][gc,cpu         ] GC(823) User=0.00s Sys=0.00s Real=0.00s
[3551.633s][info][gc,marking     ] GC(823) Concurrent Clear Claimed Marks
[3551.633s][info][gc,marking     ] GC(823) Concurrent Clear Claimed Marks 0.031ms
[3551.633s][info][gc,marking     ] GC(823) Concurrent Cleanup for Next Mark
[3551.638s][info][gc,marking     ] GC(823) Concurrent Cleanup for Next Mark 5.037ms
[3551.638s][info][gc             ] GC(823) Concurrent Mark Cycle 1290.563ms
..[3553.320s][info][gc,start       ] GC(824) Pause Young (Prepare Mixed) (G1 Evacuation Pause)
[3553.321s][info][gc,task        ] GC(824) Using 6 workers of 6 for evacuation
[3553.439s][info][gc,phases      ] GC(824)   Pre Evacuate Collection Set: 0.31ms
[3553.439s][info][gc,phases      ] GC(824)   Merge Heap Roots: 0.50ms
[3553.439s][info][gc,phases      ] GC(824)   Evacuate Collection Set: 116.18ms
[3553.439s][info][gc,phases      ] GC(824)   Post Evacuate Collection Set: 0.93ms
[3553.439s][info][gc,phases      ] GC(824)   Other: 0.09ms
[3553.439s][info][gc,heap        ] GC(824) Eden regions: 1117->0(1106)
[3553.439s][info][gc,heap        ] GC(824) Survivor regions: 111->111(154)
[3553.439s][info][gc,heap        ] GC(824) Old regions: 506->537
[3553.439s][info][gc,heap        ] GC(824) Humongous regions: 80->80
[3553.439s][info][gc,metaspace   ] GC(824) Metaspace: 28874K(29248K)->28874K(29248K) NonClass: 24005K(24192K)->24005K(24192K) Class: 4868K(5056K)->4868K(5056K)
[3553.439s][info][gc             ] GC(824) Pause Young (Prepare Mixed) (G1 Evacuation Pause) 3627M->1453M(4096M) 118.135ms
[3553.439s][info][gc,cpu         ] GC(824) User=0.70s Sys=0.00s Real=0.12s
...[3556.315s][info][gc,start       ] GC(825) Pause Young (Mixed) (G1 Evacuation Pause)
[3556.315s][info][gc,task        ] GC(825) Using 6 workers of 6 for evacuation
[3556.449s][info][gc,phases      ] GC(825)   Pre Evacuate Collection Set: 0.35ms
[3556.449s][info][gc,phases      ] GC(825)   Merge Heap Roots: 0.67ms
[3556.449s][info][gc,phases      ] GC(825)   Evacuate Collection Set: 131.40ms
[3556.449s][info][gc,phases      ] GC(825)   Post Evacuate Collection Set: 0.92ms
[3556.449s][info][gc,phases      ] GC(825)   Other: 0.08ms
[3556.449s][info][gc,heap        ] GC(825) Eden regions: 1106->0(1118)
[3556.449s][info][gc,heap        ] GC(825) Survivor regions: 111->110(153)
[3556.449s][info][gc,heap        ] GC(825) Old regions: 537->473
[3556.449s][info][gc,heap        ] GC(825) Humongous regions: 80->80
[3556.449s][info][gc,metaspace   ] GC(825) Metaspace: 28874K(29248K)->28874K(29248K) NonClass: 24005K(24192K)->24005K(24192K) Class: 4868K(5056K)->4868K(5056K)
[3556.449s][info][gc             ] GC(825) Pause Young (Mixed) (G1 Evacuation Pause) 3665M->1324M(4096M) 133.579ms
[3556.449s][info][gc,cpu         ] GC(825) User=0.79s Sys=0.00s Real=0.14s
...[3559.300s][info][gc,start       ] GC(826) Pause Young (Concurrent Start) (G1 Evacuation Pause)
[3559.300s][info][gc,task        ] GC(826) Using 6 workers of 6 for evacuation
[3559.417s][info][gc,phases      ] GC(826)   Pre Evacuate Collection Set: 0.36ms
[3559.417s][info][gc,phases      ] GC(826)   Merge Heap Roots: 0.47ms
[3559.417s][info][gc,phases      ] GC(826)   Evacuate Collection Set: 114.93ms
[3559.417s][info][gc,phases      ] GC(826)   Post Evacuate Collection Set: 0.88ms
[3559.417s][info][gc,phases      ] GC(826)   Other: 0.11ms
[3559.417s][info][gc,heap        ] GC(826) Eden regions: 1118->0(1118)
[3559.417s][info][gc,heap        ] GC(826) Survivor regions: 110->110(154)
[3559.417s][info][gc,heap        ] GC(826) Old regions: 473->505
[3559.417s][info][gc,heap        ] GC(826) Humongous regions: 80->80
[3559.417s][info][gc,metaspace   ] GC(826) Metaspace: 28874K(29248K)->28874K(29248K) NonClass: 24005K(24192K)->24005K(24192K) Class: 4868K(5056K)->4868K(5056K)
[3559.417s][info][gc             ] GC(826) Pause Young (Concurrent Start) (G1 Evacuation Pause) 3560M->1387M(4096M) 116.881ms
[3559.417s][info][gc             ] GC(827) Concurrent Mark Cycle
[3559.417s][info][gc,marking     ] GC(827) Concurrent Scan Root Regions
[3559.417s][info][gc,cpu         ] GC(826) User=0.70s Sys=0.00s Real=0.11s
[3559.558s][info][gc,marking     ] GC(827) Concurrent Scan Root Regions 141.058ms
[3559.558s][info][gc,marking     ] GC(827) Concurrent Mark
[3559.558s][info][gc,marking     ] GC(827) Concurrent Mark From Roots
[3559.558s][info][gc,task        ] GC(827) Using 2 workers of 2 for marking
.[3560.235s][info][gc,marking     ] GC(827) Concurrent Mark From Roots 677.078ms
[3560.235s][info][gc,marking     ] GC(827) Concurrent Preclean
[3560.235s][info][gc,marking     ] GC(827) Concurrent Preclean 0.082ms
[3560.235s][info][gc,start       ] GC(827) Pause Remark
[3560.239s][info][gc             ] GC(827) Pause Remark 2039M->2039M(4096M) 3.305ms
[3560.239s][info][gc,cpu         ] GC(827) User=0.01s Sys=0.00s Real=0.01s
[3560.239s][info][gc,marking     ] GC(827) Concurrent Mark 680.672ms
[3560.239s][info][gc,marking     ] GC(827) Concurrent Rebuild Remembered Sets and Scrub Regions
[3560.489s][info][gc,marking     ] GC(827) Concurrent Rebuild Remembered Sets and Scrub Regions 250.640ms
[3560.490s][info][gc,start       ] GC(827) Pause Cleanup
[3560.490s][info][gc             ] GC(827) Pause Cleanup 2223M->2223M(4096M) 0.122ms
[3560.490s][info][gc,cpu         ] GC(827) User=0.00s Sys=0.00s Real=0.00s
[3560.490s][info][gc,marking     ] GC(827) Concurrent Clear Claimed Marks
[3560.490s][info][gc,marking     ] GC(827) Concurrent Clear Claimed Marks 0.028ms
[3560.490s][info][gc,marking     ] GC(827) Concurrent Cleanup for Next Mark
[3560.495s][info][gc,marking     ] GC(827) Concurrent Cleanup for Next Mark 4.936ms
[3560.495s][info][gc             ] GC(827) Concurrent Mark Cycle 1078.613ms
..[3562.359s][info][gc,start       ] GC(828) Pause Young (Prepare Mixed) (G1 Evacuation Pause)
[3562.359s][info][gc,task        ] GC(828) Using 6 workers of 6 for evacuation
[3562.479s][info][gc,phases      ] GC(828)   Pre Evacuate Collection Set: 0.31ms
[3562.479s][info][gc,phases      ] GC(828)   Merge Heap Roots: 0.62ms
[3562.479s][info][gc,phases      ] GC(828)   Evacuate Collection Set: 118.20ms
[3562.479s][info][gc,phases      ] GC(828)   Post Evacuate Collection Set: 1.02ms
[3562.479s][info][gc,phases      ] GC(828)   Other: 0.09ms
[3562.479s][info][gc,heap        ] GC(828) Eden regions: 1118->0(1106)
[3562.479s][info][gc,heap        ] GC(828) Survivor regions: 110->111(154)
[3562.479s][info][gc,heap        ] GC(828) Old regions: 505->537
[3562.479s][info][gc,heap        ] GC(828) Humongous regions: 80->80
[3562.479s][info][gc,metaspace   ] GC(828) Metaspace: 28874K(29248K)->28874K(29248K) NonClass: 24005K(24192K)->24005K(24192K) Class: 4868K(5056K)->4868K(5056K)
[3562.479s][info][gc             ] GC(828) Pause Young (Prepare Mixed) (G1 Evacuation Pause) 3623M->1453M(4096M) 120.385ms
[3562.479s][info][gc,cpu         ] GC(828) User=0.72s Sys=0.00s Real=0.12s
...[3565.370s][info][gc,start       ] GC(829) Pause Young (Mixed) (G1 Evacuation Pause)
[3565.370s][info][gc,task        ] GC(829) Using 6 workers of 6 for evacuation
[3565.508s][info][gc,phases      ] GC(829)   Pre Evacuate Collection Set: 0.34ms
[3565.508s][info][gc,phases      ] GC(829)   Merge Heap Roots: 0.76ms
[3565.508s][info][gc,phases      ] GC(829)   Evacuate Collection Set: 136.07ms
[3565.508s][info][gc,phases      ] GC(829)   Post Evacuate Collection Set: 0.93ms
[3565.508s][info][gc,phases      ] GC(829)   Other: 0.08ms
[3565.508s][info][gc,heap        ] GC(829) Eden regions: 1106->0(1118)
[3565.508s][info][gc,heap        ] GC(829) Survivor regions: 111->110(153)
[3565.508s][info][gc,heap        ] GC(829) Old regions: 537->472
[3565.508s][info][gc,heap        ] GC(829) Humongous regions: 80->80
[3565.508s][info][gc,metaspace   ] GC(829) Metaspace: 28874K(29248K)->28874K(29248K) NonClass: 24005K(24192K)->24005K(24192K) Class: 4868K(5056K)->4868K(5056K)
[3565.508s][info][gc             ] GC(829) Pause Young (Mixed) (G1 Evacuation Pause) 3665M->1322M(4096M) 138.328ms
[3565.508s][info][gc,cpu         ] GC(829) User=0.83s Sys=0.00s Real=0.14s
...[3568.366s][info][gc,start       ] GC(830) Pause Young (Concurrent Start) (G1 Evacuation Pause)
[3568.366s][info][gc,task        ] GC(830) Using 6 workers of 6 for evacuation
[3568.482s][info][gc,phases      ] GC(830)   Pre Evacuate Collection Set: 0.34ms
[3568.482s][info][gc,phases      ] GC(830)   Merge Heap Roots: 0.44ms
[3568.482s][info][gc,phases      ] GC(830)   Evacuate Collection Set: 114.74ms
[3568.482s][info][gc,phases      ] GC(830)   Post Evacuate Collection Set: 0.85ms
[3568.482s][info][gc,phases      ] GC(830)   Other: 0.10ms
[3568.482s][info][gc,heap        ] GC(830) Eden regions: 1118->0(1119)
[3568.482s][info][gc,heap        ] GC(830) Survivor regions: 110->109(154)
[3568.482s][info][gc,heap        ] GC(830) Old regions: 472->504
[3568.482s][info][gc,heap        ] GC(830) Humongous regions: 80->80
[3568.482s][info][gc,metaspace   ] GC(830) Metaspace: 28874K(29248K)->28874K(29248K) NonClass: 24005K(24192K)->24005K(24192K) Class: 4868K(5056K)->4868K(5056K)
[3568.482s][info][gc             ] GC(830) Pause Young (Concurrent Start) (G1 Evacuation Pause) 3558M->1385M(4096M) 116.611ms
[3568.482s][info][gc             ] GC(831) Concurrent Mark Cycle
[3568.482s][info][gc,marking     ] GC(831) Concurrent Scan Root Regions
[3568.482s][info][gc,cpu         ] GC(830) User=0.69s Sys=0.00s Real=0.12s
[3568.625s][info][gc,marking     ] GC(831) Concurrent Scan Root Regions 142.977ms
[3568.625s][info][gc,marking     ] GC(831) Concurrent Mark
[3568.625s][info][gc,marking     ] GC(831) Concurrent Mark From Roots
[3568.625s][info][gc,task        ] GC(831) Using 2 workers of 2 for marking
.[3569.331s][info][gc,marking     ] GC(831) Concurrent Mark From Roots 705.761ms
[3569.331s][info][gc,marking     ] GC(831) Concurrent Preclean
[3569.331s][info][gc,marking     ] GC(831) Concurrent Preclean 0.096ms
[3569.334s][info][gc,start       ] GC(831) Pause Remark
[3569.337s][info][gc             ] GC(831) Pause Remark 2103M->2103M(4096M) 3.726ms
[3569.338s][info][gc,cpu         ] GC(831) User=0.02s Sys=0.00s Real=0.01s
[3569.338s][info][gc,marking     ] GC(831) Concurrent Mark 712.134ms
[3569.338s][info][gc,marking     ] GC(831) Concurrent Rebuild Remembered Sets and Scrub Regions
[3569.574s][info][gc,marking     ] GC(831) Concurrent Rebuild Remembered Sets and Scrub Regions 236.561ms
[3569.574s][info][gc,start       ] GC(831) Pause Cleanup
[3569.574s][info][gc             ] GC(831) Pause Cleanup 2245M->2245M(4096M) 0.116ms
[3569.574s][info][gc,cpu         ] GC(831) User=0.00s Sys=0.00s Real=0.00s
[3569.575s][info][gc,marking     ] GC(831) Concurrent Clear Claimed Marks
[3569.575s][info][gc,marking     ] GC(831) Concurrent Clear Claimed Marks 0.028ms
[3569.575s][info][gc,marking     ] GC(831) Concurrent Cleanup for Next Mark
[3569.578s][info][gc,marking     ] GC(831) Concurrent Cleanup for Next Mark 3.388ms
[3569.578s][info][gc             ] GC(831) Concurrent Mark Cycle 1095.714ms
..[3571.477s][info][gc,start       ] GC(832) Pause Young (Prepare Mixed) (G1 Evacuation Pause)
[3571.477s][info][gc,task        ] GC(832) Using 6 workers of 6 for evacuation
[3571.595s][info][gc,phases      ] GC(832)   Pre Evacuate Collection Set: 0.35ms
[3571.595s][info][gc,phases      ] GC(832)   Merge Heap Roots: 0.52ms
[3571.595s][info][gc,phases      ] GC(832)   Evacuate Collection Set: 115.28ms
[3571.595s][info][gc,phases      ] GC(832)   Post Evacuate Collection Set: 0.91ms
[3571.595s][info][gc,phases      ] GC(832)   Other: 0.08ms
[3571.595s][info][gc,heap        ] GC(832) Eden regions: 1119->0(1108)
[3571.595s][info][gc,heap        ] GC(832) Survivor regions: 109->111(154)
[3571.595s][info][gc,heap        ] GC(832) Old regions: 504->535
[3571.595s][info][gc,heap        ] GC(832) Humongous regions: 80->80
[3571.595s][info][gc,metaspace   ] GC(832) Metaspace: 28874K(29248K)->28874K(29248K) NonClass: 24005K(24192K)->24005K(24192K) Class: 4868K(5056K)->4868K(5056K)
[3571.595s][info][gc             ] GC(832) Pause Young (Prepare Mixed) (G1 Evacuation Pause) 3623M->1451M(4096M) 117.267ms
[3571.595s][info][gc,cpu         ] GC(832) User=0.70s Sys=0.00s Real=0.11s
...[3574.455s][info][gc,start       ] GC(833) Pause Young (Mixed) (G1 Evacuation Pause)
[3574.455s][info][gc,task        ] GC(833) Using 6 workers of 6 for evacuation
[3574.588s][info][gc,phases      ] GC(833)   Pre Evacuate Collection Set: 0.35ms
[3574.588s][info][gc,phases      ] GC(833)   Merge Heap Roots: 0.66ms
[3574.588s][info][gc,phases      ] GC(833)   Evacuate Collection Set: 131.04ms
[3574.588s][info][gc,phases      ] GC(833)   Post Evacuate Collection Set: 0.92ms
[3574.588s][info][gc,phases      ] GC(833)   Other: 0.09ms
[3574.588s][info][gc,heap        ] GC(833) Eden regions: 1108->0(1116)
[3574.588s][info][gc,heap        ] GC(833) Survivor regions: 111->112(153)
[3574.588s][info][gc,heap        ] GC(833) Old regions: 535->470
[3574.588s][info][gc,heap        ] GC(833) Humongous regions: 80->80
[3574.588s][info][gc,metaspace   ] GC(833) Metaspace: 28874K(29248K)->28874K(29248K) NonClass: 24005K(24192K)->24005K(24192K) Class: 4868K(5056K)->4868K(5056K)
[3574.588s][info][gc             ] GC(833) Pause Young (Mixed) (G1 Evacuation Pause) 3667M->1322M(4096M) 133.201ms
[3574.588s][info][gc,cpu         ] GC(833) User=0.79s Sys=0.00s Real=0.14s
...[3577.496s][info][gc,start       ] GC(834) Pause Young (Concurrent Start) (G1 Evacuation Pause)
[3577.496s][info][gc,task        ] GC(834) Using 6 workers of 6 for evacuation
[3577.613s][info][gc,phases      ] GC(834)   Pre Evacuate Collection Set: 0.33ms
[3577.613s][info][gc,phases      ] GC(834)   Merge Heap Roots: 0.45ms
[3577.613s][info][gc,phases      ] GC(834)   Evacuate Collection Set: 115.25ms
[3577.613s][info][gc,phases      ] GC(834)   Post Evacuate Collection Set: 0.90ms
[3577.613s][info][gc,phases      ] GC(834)   Other: 0.11ms
[3577.613s][info][gc,heap        ] GC(834) Eden regions: 1116->0(1118)
[3577.613s][info][gc,heap        ] GC(834) Survivor regions: 112->110(154)
[3577.613s][info][gc,heap        ] GC(834) Old regions: 470->504
[3577.613s][info][gc,heap        ] GC(834) Humongous regions: 80->80
[3577.613s][info][gc,metaspace   ] GC(834) Metaspace: 28874K(29248K)->28874K(29248K) NonClass: 24005K(24192K)->24005K(24192K) Class: 4868K(5056K)->4868K(5056K)
[3577.613s][info][gc             ] GC(834) Pause Young (Concurrent Start) (G1 Evacuation Pause) 3554M->1385M(4096M) 117.174ms
[3577.613s][info][gc             ] GC(835) Concurrent Mark Cycle
[3577.613s][info][gc,marking     ] GC(835) Concurrent Scan Root Regions
[3577.613s][info][gc,cpu         ] GC(834) User=0.69s Sys=0.00s Real=0.12s
.[3577.835s][info][gc,marking     ] GC(835) Concurrent Scan Root Regions 222.300ms
[3577.835s][info][gc,marking     ] GC(835) Concurrent Mark
[3577.835s][info][gc,marking     ] GC(835) Concurrent Mark From Roots
[3577.835s][info][gc,task        ] GC(835) Using 2 workers of 2 for marking
.[3578.738s][info][gc,marking     ] GC(835) Concurrent Mark From Roots 902.825ms
[3578.738s][info][gc,marking     ] GC(835) Concurrent Preclean
[3578.738s][info][gc,marking     ] GC(835) Concurrent Preclean 0.083ms
[3578.738s][info][gc,start       ] GC(835) Pause Remark
[3578.742s][info][gc             ] GC(835) Pause Remark 2299M->2299M(4096M) 3.393ms
[3578.742s][info][gc,cpu         ] GC(835) User=0.01s Sys=0.00s Real=0.00s
[3578.742s][info][gc,marking     ] GC(835) Concurrent Mark 906.510ms
[3578.742s][info][gc,marking     ] GC(835) Concurrent Rebuild Remembered Sets and Scrub Regions
[3579.037s][info][gc,marking     ] GC(835) Concurrent Rebuild Remembered Sets and Scrub Regions 295.462ms
[3579.037s][info][gc,start       ] GC(835) Pause Cleanup
[3579.038s][info][gc             ] GC(835) Pause Cleanup 2516M->2516M(4096M) 0.116ms
[3579.038s][info][gc,cpu         ] GC(835) User=0.00s Sys=0.00s Real=0.00s
[3579.038s][info][gc,marking     ] GC(835) Concurrent Clear Claimed Marks
[3579.038s][info][gc,marking     ] GC(835) Concurrent Clear Claimed Marks 0.026ms
[3579.038s][info][gc,marking     ] GC(835) Concurrent Cleanup for Next Mark
[3579.041s][info][gc,marking     ] GC(835) Concurrent Cleanup for Next Mark 3.520ms
[3579.041s][info][gc             ] GC(835) Concurrent Mark Cycle 1428.253ms
.[3580.515s][info][gc,start       ] GC(836) Pause Young (Prepare Mixed) (G1 Evacuation Pause)
[3580.515s][info][gc,task        ] GC(836) Using 6 workers of 6 for evacuation
[3580.634s][info][gc,phases      ] GC(836)   Pre Evacuate Collection Set: 0.31ms
[3580.634s][info][gc,phases      ] GC(836)   Merge Heap Roots: 0.51ms
[3580.634s][info][gc,phases      ] GC(836)   Evacuate Collection Set: 117.29ms
[3580.634s][info][gc,phases      ] GC(836)   Post Evacuate Collection Set: 0.95ms
[3580.634s][info][gc,phases      ] GC(836)   Other: 0.09ms
[3580.634s][info][gc,heap        ] GC(836) Eden regions: 1118->0(1104)
[3580.634s][info][gc,heap        ] GC(836) Survivor regions: 110->113(154)
[3580.634s][info][gc,heap        ] GC(836) Old regions: 504->535
[3580.635s][info][gc,heap        ] GC(836) Humongous regions: 80->80
[3580.635s][info][gc,metaspace   ] GC(836) Metaspace: 28874K(29248K)->28874K(29248K) NonClass: 24005K(24192K)->24005K(24192K) Class: 4868K(5056K)->4868K(5056K)
[3580.635s][info][gc             ] GC(836) Pause Young (Prepare Mixed) (G1 Evacuation Pause) 3621M->1455M(4096M) 119.288ms
[3580.635s][info][gc,cpu         ] GC(836) User=0.71s Sys=0.00s Real=0.12s
.. (rIR:aIR:PR = 6227:6226:6226) (tPR = 92617) [OK] 
  3581s: Performance info:
         Transaction,    Success,    Partial,     Failed,   Receipts, AvgBarcode, 
             Overall,     375309,          0,          0,     356536,      59.47, 
         Response times:
             Request,    Success,    Partial,     Failed,   SkipFail,     Probes,    Samples,      min,      p50,      p90,      p95,      p99,      max, 
       TotalPurchase,     356536,          0,          0,          0,     347538,     380167,      200,     5300,    21000,    46000,   105000,   234000,
     InStorePurchase,     187653,          0,          0,          0,     183252,     200201,      200,     5200,    21000,    46000,   106000,   234000,
      OnlinePurchase,     131367,          0,          0,          0,     127821,     139729,      300,     5200,    21000,    47000,   106000,   234000,
        InstPurchase,      37516,          0,          0,          0,      36465,      40237,      400,     5700,    22000,    46000,   103000,   232000,
          AssocOfCat,        375,          0,          0,          0,        293,        380,    23000,    35000,    75900,   100750,   186990,   267000,
      AssocOfProduct,       3750,          0,          0,          0,       3486,       4014,      700,     5700,    23000,    47250,   120000,   206000,
      BusinessReport,        939,          0,          0,          0,        821,       1007,    25000,    38000,    68000,    87000,   181840,   207000,
          CustBuyBeh,       3755,          0,          0,          0,       3504,       4038,      200,     6300,    21000,    52000,   113440,   166000,
       ProductReturn,       9954,          0,          0,          0,       9473,      10576,      200,     5300,    21000,    45150,   100230,   166000,

  3581s: (46%)   IR =   6365 .[3583.489s][info][gc,start       ] GC(837) Pause Young (Mixed) (G1 Evacuation Pause)
[3583.489s][info][gc,task        ] GC(837) Using 6 workers of 6 for evacuation
[3583.625s][info][gc,phases      ] GC(837)   Pre Evacuate Collection Set: 0.35ms
[3583.625s][info][gc,phases      ] GC(837)   Merge Heap Roots: 0.76ms
[3583.625s][info][gc,phases      ] GC(837)   Evacuate Collection Set: 133.62ms
[3583.625s][info][gc,phases      ] GC(837)   Post Evacuate Collection Set: 0.96ms
[3583.625s][info][gc,phases      ] GC(837)   Other: 0.09ms
[3583.625s][info][gc,heap        ] GC(837) Eden regions: 1104->0(1117)
[3583.625s][info][gc,heap        ] GC(837) Survivor regions: 113->111(153)
[3583.625s][info][gc,heap        ] GC(837) Old regions: 535->473
[3583.625s][info][gc,heap        ] GC(837) Humongous regions: 80->80
[3583.625s][info][gc,metaspace   ] GC(837) Metaspace: 28875K(29248K)->28875K(29248K) NonClass: 24007K(24192K)->24007K(24192K) Class: 4868K(5056K)->4868K(5056K)
[3583.625s][info][gc             ] GC(837) Pause Young (Mixed) (G1 Evacuation Pause) 3663M->1325M(4096M) 135.916ms
[3583.625s][info][gc,cpu         ] GC(837) User=0.81s Sys=0.00s Real=0.13s
...[3586.429s][info][gc,start       ] GC(838) Pause Young (Concurrent Start) (G1 Evacuation Pause)
[3586.429s][info][gc,task        ] GC(838) Using 6 workers of 6 for evacuation
[3586.549s][info][gc,phases      ] GC(838)   Pre Evacuate Collection Set: 0.35ms
[3586.549s][info][gc,phases      ] GC(838)   Merge Heap Roots: 0.47ms
[3586.549s][info][gc,phases      ] GC(838)   Evacuate Collection Set: 117.71ms
[3586.549s][info][gc,phases      ] GC(838)   Post Evacuate Collection Set: 0.93ms
[3586.549s][info][gc,phases      ] GC(838)   Other: 0.13ms
[3586.549s][info][gc,heap        ] GC(838) Eden regions: 1117->0(1117)
[3586.549s][info][gc,heap        ] GC(838) Survivor regions: 111->111(154)
[3586.549s][info][gc,heap        ] GC(838) Old regions: 473->505
[3586.549s][info][gc,heap        ] GC(838) Humongous regions: 80->80
[3586.549s][info][gc,metaspace   ] GC(838) Metaspace: 28875K(29248K)->28875K(29248K) NonClass: 24007K(24192K)->24007K(24192K) Class: 4868K(5056K)->4868K(5056K)
[3586.549s][info][gc             ] GC(838) Pause Young (Concurrent Start) (G1 Evacuation Pause) 3559M->1389M(4096M) 119.732ms
[3586.549s][info][gc             ] GC(839) Concurrent Mark Cycle
[3586.549s][info][gc,marking     ] GC(839) Concurrent Scan Root Regions
[3586.549s][info][gc,cpu         ] GC(838) User=0.71s Sys=0.00s Real=0.12s
[3586.733s][info][gc,marking     ] GC(839) Concurrent Scan Root Regions 183.631ms
[3586.733s][info][gc,marking     ] GC(839) Concurrent Mark
[3586.733s][info][gc,marking     ] GC(839) Concurrent Mark From Roots
[3586.733s][info][gc,task        ] GC(839) Using 2 workers of 2 for marking
.|[3587.439s][info][gc,marking     ] GC(839) Concurrent Mark From Roots 705.799ms
[3587.439s][info][gc,marking     ] GC(839) Concurrent Preclean
[3587.439s][info][gc,marking     ] GC(839) Concurrent Preclean 0.143ms
[3587.439s][info][gc,start       ] GC(839) Pause Remark
[3587.442s][info][gc             ] GC(839) Pause Remark 2129M->2129M(4096M) 3.064ms
[3587.442s][info][gc,cpu         ] GC(839) User=0.02s Sys=0.00s Real=0.00s
[3587.443s][info][gc,marking     ] GC(839) Concurrent Mark 710.034ms
[3587.443s][info][gc,marking     ] GC(839) Concurrent Rebuild Remembered Sets and Scrub Regions
[3587.744s][info][gc,marking     ] GC(839) Concurrent Rebuild Remembered Sets and Scrub Regions 301.133ms
[3587.744s][info][gc,start       ] GC(839) Pause Cleanup
[3587.744s][info][gc             ] GC(839) Pause Cleanup 2381M->2381M(4096M) 0.111ms
[3587.744s][info][gc,cpu         ] GC(839) User=0.00s Sys=0.00s Real=0.00s
[3587.744s][info][gc,marking     ] GC(839) Concurrent Clear Claimed Marks
[3587.744s][info][gc,marking     ] GC(839) Concurrent Clear Claimed Marks 0.026ms
[3587.744s][info][gc,marking     ] GC(839) Concurrent Cleanup for Next Mark
[3587.749s][info][gc,marking     ] GC(839) Concurrent Cleanup for Next Mark 4.257ms
[3587.749s][info][gc             ] GC(839) Concurrent Mark Cycle 1199.568ms
..[3589.393s][info][gc,start       ] GC(840) Pause Young (Prepare Mixed) (G1 Evacuation Pause)
[3589.393s][info][gc,task        ] GC(840) Using 6 workers of 6 for evacuation
[3589.522s][info][gc,phases      ] GC(840)   Pre Evacuate Collection Set: 0.31ms
[3589.522s][info][gc,phases      ] GC(840)   Merge Heap Roots: 0.52ms
[3589.522s][info][gc,phases      ] GC(840)   Evacuate Collection Set: 127.05ms
[3589.522s][info][gc,phases      ] GC(840)   Post Evacuate Collection Set: 0.94ms
[3589.522s][info][gc,phases      ] GC(840)   Other: 0.09ms
[3589.522s][info][gc,heap        ] GC(840) Eden regions: 1117->0(1094)
[3589.522s][info][gc,heap        ] GC(840) Survivor regions: 111->117(154)
[3589.522s][info][gc,heap        ] GC(840) Old regions: 505->537
[3589.522s][info][gc,heap        ] GC(840) Humongous regions: 80->80
[3589.522s][info][gc,metaspace   ] GC(840) Metaspace: 28875K(29248K)->28875K(29248K) NonClass: 24007K(24192K)->24007K(24192K) Class: 4868K(5056K)->4868K(5056K)
[3589.522s][info][gc             ] GC(840) Pause Young (Prepare Mixed) (G1 Evacuation Pause) 3623M->1466M(4096M) 129.049ms
[3589.522s][info][gc,cpu         ] GC(840) User=0.77s Sys=0.00s Real=0.13s
...[3592.302s][info][gc,start       ] GC(841) Pause Young (Mixed) (G1 Evacuation Pause)
[3592.302s][info][gc,task        ] GC(841) Using 6 workers of 6 for evacuation
[3592.436s][info][gc,phases      ] GC(841)   Pre Evacuate Collection Set: 0.36ms
[3592.436s][info][gc,phases      ] GC(841)   Merge Heap Roots: 0.73ms
[3592.436s][info][gc,phases      ] GC(841)   Evacuate Collection Set: 131.74ms
[3592.436s][info][gc,phases      ] GC(841)   Post Evacuate Collection Set: 0.94ms
[3592.436s][info][gc,phases      ] GC(841)   Other: 0.08ms
[3592.436s][info][gc,heap        ] GC(841) Eden regions: 1094->0(1119)
[3592.436s][info][gc,heap        ] GC(841) Survivor regions: 117->109(152)
[3592.436s][info][gc,heap        ] GC(841) Old regions: 537->473
[3592.436s][info][gc,heap        ] GC(841) Humongous regions: 80->80
[3592.436s][info][gc,metaspace   ] GC(841) Metaspace: 28875K(29248K)->28875K(29248K) NonClass: 24007K(24192K)->24007K(24192K) Class: 4868K(5056K)->4868K(5056K)
[3592.436s][info][gc             ] GC(841) Pause Young (Mixed) (G1 Evacuation Pause) 3654M->1322M(4096M) 133.981ms
[3592.436s][info][gc,cpu         ] GC(841) User=0.79s Sys=0.01s Real=0.13s
...[3595.285s][info][gc,start       ] GC(842) Pause Young (Concurrent Start) (G1 Evacuation Pause)
[3595.285s][info][gc,task        ] GC(842) Using 6 workers of 6 for evacuation
[3595.403s][info][gc,phases      ] GC(842)   Pre Evacuate Collection Set: 0.34ms
[3595.403s][info][gc,phases      ] GC(842)   Merge Heap Roots: 0.48ms
[3595.403s][info][gc,phases      ] GC(842)   Evacuate Collection Set: 116.32ms
[3595.403s][info][gc,phases      ] GC(842)   Post Evacuate Collection Set: 0.86ms
[3595.403s][info][gc,phases      ] GC(842)   Other: 0.10ms
[3595.403s][info][gc,heap        ] GC(842) Eden regions: 1119->0(1118)
[3595.403s][info][gc,heap        ] GC(842) Survivor regions: 109->110(154)
[3595.403s][info][gc,heap        ] GC(842) Old regions: 473->505
[3595.403s][info][gc,heap        ] GC(842) Humongous regions: 80->80
[3595.403s][info][gc,metaspace   ] GC(842) Metaspace: 28875K(29248K)->28875K(29248K) NonClass: 24007K(24192K)->24007K(24192K) Class: 4868K(5056K)->4868K(5056K)
[3595.403s][info][gc             ] GC(842) Pause Young (Concurrent Start) (G1 Evacuation Pause) 3560M->1389M(4096M) 118.242ms
[3595.403s][info][gc             ] GC(843) Concurrent Mark Cycle
[3595.403s][info][gc,marking     ] GC(843) Concurrent Scan Root Regions
[3595.403s][info][gc,cpu         ] GC(842) User=0.70s Sys=0.00s Real=0.12s
[3595.575s][info][gc,marking     ] GC(843) Concurrent Scan Root Regions 171.703ms
[3595.575s][info][gc,marking     ] GC(843) Concurrent Mark
[3595.575s][info][gc,marking     ] GC(843) Concurrent Mark From Roots
[3595.575s][info][gc,task        ] GC(843) Using 2 workers of 2 for marking
.[3596.307s][info][gc,marking     ] GC(843) Concurrent Mark From Roots 731.381ms
[3596.307s][info][gc,marking     ] GC(843) Concurrent Preclean
[3596.307s][info][gc,marking     ] GC(843) Concurrent Preclean 0.088ms
[3596.308s][info][gc,start       ] GC(843) Pause Remark
[3596.311s][info][gc             ] GC(843) Pause Remark 2130M->2130M(4096M) 3.010ms
[3596.311s][info][gc,cpu         ] GC(843) User=0.01s Sys=0.00s Real=0.00s
[3596.312s][info][gc,marking     ] GC(843) Concurrent Mark 736.472ms
[3596.312s][info][gc,marking     ] GC(843) Concurrent Rebuild Remembered Sets and Scrub Regions
[3596.553s][info][gc,marking     ] GC(843) Concurrent Rebuild Remembered Sets and Scrub Regions 241.295ms
[3596.554s][info][gc,start       ] GC(843) Pause Cleanup
[3596.554s][info][gc             ] GC(843) Pause Cleanup 2307M->2307M(4096M) 0.115ms
[3596.554s][info][gc,cpu         ] GC(843) User=0.00s Sys=0.00s Real=0.00s
[3596.554s][info][gc,marking     ] GC(843) Concurrent Clear Claimed Marks
[3596.554s][info][gc,marking     ] GC(843) Concurrent Clear Claimed Marks 0.029ms
[3596.554s][info][gc,marking     ] GC(843) Concurrent Cleanup for Next Mark
[3596.559s][info][gc,marking     ] GC(843) Concurrent Cleanup for Next Mark 5.006ms
[3596.559s][info][gc             ] GC(843) Concurrent Mark Cycle 1155.466ms
..[3598.227s][info][gc,start       ] GC(844) Pause Young (Prepare Mixed) (G1 Evacuation Pause)
[3598.227s][info][gc,task        ] GC(844) Using 6 workers of 6 for evacuation
[3598.349s][info][gc,phases      ] GC(844)   Pre Evacuate Collection Set: 0.34ms
[3598.349s][info][gc,phases      ] GC(844)   Merge Heap Roots: 0.61ms
[3598.349s][info][gc,phases      ] GC(844)   Evacuate Collection Set: 119.81ms
[3598.349s][info][gc,phases      ] GC(844)   Post Evacuate Collection Set: 0.91ms
[3598.349s][info][gc,phases      ] GC(844)   Other: 0.09ms
[3598.349s][info][gc,heap        ] GC(844) Eden regions: 1118->0(1107)
[3598.349s][info][gc,heap        ] GC(844) Survivor regions: 110->111(154)
[3598.349s][info][gc,heap        ] GC(844) Old regions: 505->536
[3598.349s][info][gc,heap        ] GC(844) Humongous regions: 80->80
[3598.349s][info][gc,metaspace   ] GC(844) Metaspace: 28875K(29248K)->28875K(29248K) NonClass: 24007K(24192K)->24007K(24192K) Class: 4868K(5056K)->4868K(5056K)
[3598.349s][info][gc             ] GC(844) Pause Young (Prepare Mixed) (G1 Evacuation Pause) 3625M->1453M(4096M) 121.901ms
[3598.349s][info][gc,cpu         ] GC(844) User=0.72s Sys=0.00s Real=0.12s
...[3601.180s][info][gc,start       ] GC(845) Pause Young (Mixed) (G1 Evacuation Pause)
[3601.180s][info][gc,task        ] GC(845) Using 6 workers of 6 for evacuation
[3601.313s][info][gc,phases      ] GC(845)   Pre Evacuate Collection Set: 0.38ms
[3601.313s][info][gc,phases      ] GC(845)   Merge Heap Roots: 0.78ms
[3601.313s][info][gc,phases      ] GC(845)   Evacuate Collection Set: 130.72ms
[3601.313s][info][gc,phases      ] GC(845)   Post Evacuate Collection Set: 0.94ms
[3601.313s][info][gc,phases      ] GC(845)   Other: 0.09ms
[3601.313s][info][gc,heap        ] GC(845) Eden regions: 1107->0(1119)
[3601.313s][info][gc,heap        ] GC(845) Survivor regions: 111->109(153)
[3601.313s][info][gc,heap        ] GC(845) Old regions: 536->473
[3601.313s][info][gc,heap        ] GC(845) Humongous regions: 80->80
[3601.313s][info][gc,metaspace   ] GC(845) Metaspace: 28875K(29248K)->28875K(29248K) NonClass: 24007K(24192K)->24007K(24192K) Class: 4868K(5056K)->4868K(5056K)
[3601.313s][info][gc             ] GC(845) Pause Young (Mixed) (G1 Evacuation Pause) 3667M->1322M(4096M) 133.044ms
[3601.313s][info][gc,cpu         ] GC(845) User=0.79s Sys=0.00s Real=0.13s
...[3604.125s][info][gc,start       ] GC(846) Pause Young (Concurrent Start) (G1 Evacuation Pause)
[3604.125s][info][gc,task        ] GC(846) Using 6 workers of 6 for evacuation
[3604.243s][info][gc,phases      ] GC(846)   Pre Evacuate Collection Set: 0.33ms
[3604.243s][info][gc,phases      ] GC(846)   Merge Heap Roots: 0.48ms
[3604.243s][info][gc,phases      ] GC(846)   Evacuate Collection Set: 116.15ms
[3604.243s][info][gc,phases      ] GC(846)   Post Evacuate Collection Set: 0.87ms
[3604.243s][info][gc,phases      ] GC(846)   Other: 0.12ms
[3604.243s][info][gc,heap        ] GC(846) Eden regions: 1119->0(1117)
[3604.243s][info][gc,heap        ] GC(846) Survivor regions: 109->111(154)
[3604.243s][info][gc,heap        ] GC(846) Old regions: 473->505
[3604.243s][info][gc,heap        ] GC(846) Humongous regions: 80->80
[3604.243s][info][gc,metaspace   ] GC(846) Metaspace: 28875K(29248K)->28875K(29248K) NonClass: 24007K(24192K)->24007K(24192K) Class: 4868K(5056K)->4868K(5056K)
[3604.243s][info][gc             ] GC(846) Pause Young (Concurrent Start) (G1 Evacuation Pause) 3560M->1389M(4096M) 118.082ms
[3604.243s][info][gc             ] GC(847) Concurrent Mark Cycle
[3604.243s][info][gc,marking     ] GC(847) Concurrent Scan Root Regions
[3604.243s][info][gc,cpu         ] GC(846) User=0.70s Sys=0.00s Real=0.12s
[3604.426s][info][gc,marking     ] GC(847) Concurrent Scan Root Regions 183.095ms
[3604.426s][info][gc,marking     ] GC(847) Concurrent Mark
[3604.426s][info][gc,marking     ] GC(847) Concurrent Mark From Roots
[3604.426s][info][gc,task        ] GC(847) Using 2 workers of 2 for marking
.[3605.397s][info][gc,marking     ] GC(847) Concurrent Mark From Roots 970.859ms
[3605.397s][info][gc,marking     ] GC(847) Concurrent Preclean
[3605.397s][info][gc,marking     ] GC(847) Concurrent Preclean 0.107ms
[3605.397s][info][gc,start       ] GC(847) Pause Remark
[3605.401s][info][gc             ] GC(847) Pause Remark 2315M->2315M(4096M) 3.397ms
[3605.401s][info][gc,cpu         ] GC(847) User=0.02s Sys=0.00s Real=0.01s
[3605.401s][info][gc,marking     ] GC(847) Concurrent Mark 974.634ms
[3605.401s][info][gc,marking     ] GC(847) Concurrent Rebuild Remembered Sets and Scrub Regions
[3605.805s][info][gc,marking     ] GC(847) Concurrent Rebuild Remembered Sets and Scrub Regions 404.170ms
[3605.805s][info][gc,start       ] GC(847) Pause Cleanup
[3605.805s][info][gc             ] GC(847) Pause Cleanup 2609M->2609M(4096M) 0.104ms
[3605.805s][info][gc,cpu         ] GC(847) User=0.00s Sys=0.00s Real=0.00s
[3605.806s][info][gc,marking     ] GC(847) Concurrent Clear Claimed Marks
[3605.806s][info][gc,marking     ] GC(847) Concurrent Clear Claimed Marks 0.037ms
[3605.806s][info][gc,marking     ] GC(847) Concurrent Cleanup for Next Mark
[3605.811s][info][gc,marking     ] GC(847) Concurrent Cleanup for Next Mark 5.024ms
[3605.811s][info][gc             ] GC(847) Concurrent Mark Cycle 1568.194ms
..[3607.108s][info][gc,start       ] GC(848) Pause Young (Prepare Mixed) (G1 Evacuation Pause)
[3607.108s][info][gc,task        ] GC(848) Using 6 workers of 6 for evacuation
[3607.224s][info][gc,phases      ] GC(848)   Pre Evacuate Collection Set: 0.34ms
[3607.224s][info][gc,phases      ] GC(848)   Merge Heap Roots: 0.55ms
[3607.224s][info][gc,phases      ] GC(848)   Evacuate Collection Set: 114.61ms
[3607.224s][info][gc,phases      ] GC(848)   Post Evacuate Collection Set: 0.94ms
[3607.224s][info][gc,phases      ] GC(848)   Other: 0.10ms
[3607.224s][info][gc,heap        ] GC(848) Eden regions: 1117->0(1111)
[3607.224s][info][gc,heap        ] GC(848) Survivor regions: 111->109(154)
[3607.224s][info][gc,heap        ] GC(848) Old regions: 505->536
[3607.224s][info][gc,heap        ] GC(848) Humongous regions: 80->80
[3607.224s][info][gc,metaspace   ] GC(848) Metaspace: 28875K(29248K)->28875K(29248K) NonClass: 24007K(24192K)->24007K(24192K) Class: 4868K(5056K)->4868K(5056K)
[3607.224s][info][gc             ] GC(848) Pause Young (Prepare Mixed) (G1 Evacuation Pause) 3623M->1448M(4096M) 116.663ms
[3607.225s][info][gc,cpu         ] GC(848) User=0.69s Sys=0.00s Real=0.11s
...[3610.071s][info][gc,start       ] GC(849) Pause Young (Mixed) (G1 Evacuation Pause)
[3610.071s][info][gc,task        ] GC(849) Using 6 workers of 6 for evacuation
[3610.204s][info][gc,phases      ] GC(849)   Pre Evacuate Collection Set: 0.35ms
[3610.204s][info][gc,phases      ] GC(849)   Merge Heap Roots: 0.62ms
[3610.204s][info][gc,phases      ] GC(849)   Evacuate Collection Set: 130.94ms
[3610.204s][info][gc,phases      ] GC(849)   Post Evacuate Collection Set: 0.93ms
[3610.204s][info][gc,phases      ] GC(849)   Other: 0.09ms
[3610.204s][info][gc,heap        ] GC(849) Eden regions: 1111->0(1118)
[3610.204s][info][gc,heap        ] GC(849) Survivor regions: 109->110(153)
[3610.204s][info][gc,heap        ] GC(849) Old regions: 536->471
[3610.204s][info][gc,heap        ] GC(849) Humongous regions: 80->80
[3610.204s][info][gc,metaspace   ] GC(849) Metaspace: 28875K(29248K)->28875K(29248K) NonClass: 24007K(24192K)->24007K(24192K) Class: 4868K(5056K)->4868K(5056K)
[3610.204s][info][gc             ] GC(849) Pause Young (Mixed) (G1 Evacuation Pause) 3670M->1320M(4096M) 133.052ms
[3610.204s][info][gc,cpu         ] GC(849) User=0.79s Sys=0.00s Real=0.13s
...[3613.039s][info][gc,start       ] GC(850) Pause Young (Concurrent Start) (G1 Evacuation Pause)
[3613.039s][info][gc,task        ] GC(850) Using 6 workers of 6 for evacuation
[3613.155s][info][gc,phases      ] GC(850)   Pre Evacuate Collection Set: 0.43ms
[3613.155s][info][gc,phases      ] GC(850)   Merge Heap Roots: 0.49ms
[3613.155s][info][gc,phases      ] GC(850)   Evacuate Collection Set: 114.09ms
[3613.155s][info][gc,phases      ] GC(850)   Post Evacuate Collection Set: 0.88ms
[3613.155s][info][gc,phases      ] GC(850)   Other: 0.12ms
[3613.155s][info][gc,heap        ] GC(850) Eden regions: 1118->0(1118)
[3613.155s][info][gc,heap        ] GC(850) Survivor regions: 110->110(154)
[3613.155s][info][gc,heap        ] GC(850) Old regions: 471->503
[3613.155s][info][gc,heap        ] GC(850) Humongous regions: 80->80
[3613.155s][info][gc,metaspace   ] GC(850) Metaspace: 28875K(29248K)->28875K(29248K) NonClass: 24007K(24192K)->24007K(24192K) Class: 4868K(5056K)->4868K(5056K)
[3613.155s][info][gc             ] GC(850) Pause Young (Concurrent Start) (G1 Evacuation Pause) 3556M->1384M(4096M) 116.144ms
[3613.155s][info][gc             ] GC(851) Concurrent Mark Cycle
[3613.155s][info][gc,marking     ] GC(851) Concurrent Scan Root Regions
[3613.155s][info][gc,cpu         ] GC(850) User=0.69s Sys=0.01s Real=0.11s
[3613.348s][info][gc,marking     ] GC(851) Concurrent Scan Root Regions 192.694ms
[3613.348s][info][gc,marking     ] GC(851) Concurrent Mark
[3613.348s][info][gc,marking     ] GC(851) Concurrent Mark From Roots
[3613.348s][info][gc,task        ] GC(851) Using 2 workers of 2 for marking
.[3614.318s][info][gc,marking     ] GC(851) Concurrent Mark From Roots 969.935ms
[3614.318s][info][gc,marking     ] GC(851) Concurrent Preclean
[3614.318s][info][gc,marking     ] GC(851) Concurrent Preclean 0.114ms
[3614.319s][info][gc,start       ] GC(851) Pause Remark
[3614.321s][info][gc             ] GC(851) Pause Remark 2310M->2310M(4096M) 2.900ms
[3614.322s][info][gc,cpu         ] GC(851) User=0.01s Sys=0.00s Real=0.00s
[3614.322s][info][gc,marking     ] GC(851) Concurrent Mark 973.715ms
[3614.322s][info][gc,marking     ] GC(851) Concurrent Rebuild Remembered Sets and Scrub Regions
[3614.704s][info][gc,marking     ] GC(851) Concurrent Rebuild Remembered Sets and Scrub Regions 382.467ms
[3614.704s][info][gc,start       ] GC(851) Pause Cleanup
[3614.705s][info][gc             ] GC(851) Pause Cleanup 2638M->2638M(4096M) 0.125ms
[3614.705s][info][gc,cpu         ] GC(851) User=0.00s Sys=0.00s Real=0.00s
[3614.705s][info][gc,marking     ] GC(851) Concurrent Clear Claimed Marks
[3614.705s][info][gc,marking     ] GC(851) Concurrent Clear Claimed Marks 0.028ms
[3614.705s][info][gc,marking     ] GC(851) Concurrent Cleanup for Next Mark
[3614.709s][info][gc,marking     ] GC(851) Concurrent Cleanup for Next Mark 4.492ms
[3614.709s][info][gc             ] GC(851) Concurrent Mark Cycle 1554.244ms
..[3616.004s][info][gc,start       ] GC(852) Pause Young (Prepare Mixed) (G1 Evacuation Pause)
[3616.004s][info][gc,task        ] GC(852) Using 6 workers of 6 for evacuation
[3616.125s][info][gc,phases      ] GC(852)   Pre Evacuate Collection Set: 0.31ms
[3616.125s][info][gc,phases      ] GC(852)   Merge Heap Roots: 0.51ms
[3616.125s][info][gc,phases      ] GC(852)   Evacuate Collection Set: 119.39ms
[3616.125s][info][gc,phases      ] GC(852)   Post Evacuate Collection Set: 0.95ms
[3616.125s][info][gc,phases      ] GC(852)   Other: 0.09ms
[3616.125s][info][gc,heap        ] GC(852) Eden regions: 1118->0(1103)
[3616.125s][info][gc,heap        ] GC(852) Survivor regions: 110->113(154)
[3616.125s][info][gc,heap        ] GC(852) Old regions: 503->536
[3616.125s][info][gc,heap        ] GC(852) Humongous regions: 80->80
[3616.125s][info][gc,metaspace   ] GC(852) Metaspace: 28875K(29248K)->28875K(29248K) NonClass: 24007K(24192K)->24007K(24192K) Class: 4868K(5056K)->4868K(5056K)
[3616.125s][info][gc             ] GC(852) Pause Young (Prepare Mixed) (G1 Evacuation Pause) 3620M->1455M(4096M) 121.384ms
[3616.125s][info][gc,cpu         ] GC(852) User=0.72s Sys=0.00s Real=0.12s
...[3618.988s][info][gc,start       ] GC(853) Pause Young (Mixed) (G1 Evacuation Pause)
[3618.988s][info][gc,task        ] GC(853) Using 6 workers of 6 for evacuation
[3619.121s][info][gc,phases      ] GC(853)   Pre Evacuate Collection Set: 0.34ms
[3619.121s][info][gc,phases      ] GC(853)   Merge Heap Roots: 0.72ms
[3619.121s][info][gc,phases      ] GC(853)   Evacuate Collection Set: 130.84ms
[3619.121s][info][gc,phases      ] GC(853)   Post Evacuate Collection Set: 0.92ms
[3619.121s][info][gc,phases      ] GC(853)   Other: 0.09ms
[3619.121s][info][gc,heap        ] GC(853) Eden regions: 1103->0(1119)
[3619.121s][info][gc,heap        ] GC(853) Survivor regions: 113->109(152)
[3619.121s][info][gc,heap        ] GC(853) Old regions: 536->472
[3619.121s][info][gc,heap        ] GC(853) Humongous regions: 80->80
[3619.121s][info][gc,metaspace   ] GC(853) Metaspace: 28875K(29248K)->28875K(29248K) NonClass: 24007K(24192K)->24007K(24192K) Class: 4868K(5056K)->4868K(5056K)
[3619.121s][info][gc             ] GC(853) Pause Young (Mixed) (G1 Evacuation Pause) 3661M->1320M(4096M) 133.038ms
[3619.121s][info][gc,cpu         ] GC(853) User=0.79s Sys=0.00s Real=0.13s
..[3621.922s][info][gc,start       ] GC(854) Pause Young (Concurrent Start) (G1 Evacuation Pause)
[3621.922s][info][gc,task        ] GC(854) Using 6 workers of 6 for evacuation
[3622.040s][info][gc,phases      ] GC(854)   Pre Evacuate Collection Set: 0.33ms
[3622.040s][info][gc,phases      ] GC(854)   Merge Heap Roots: 0.47ms
[3622.040s][info][gc,phases      ] GC(854)   Evacuate Collection Set: 115.80ms
[3622.040s][info][gc,phases      ] GC(854)   Post Evacuate Collection Set: 0.87ms
[3622.040s][info][gc,phases      ] GC(854)   Other: 0.11ms
[3622.040s][info][gc,heap        ] GC(854) Eden regions: 1119->0(1117)
[3622.040s][info][gc,heap        ] GC(854) Survivor regions: 109->111(154)
[3622.040s][info][gc,heap        ] GC(854) Old regions: 472->504
[3622.040s][info][gc,heap        ] GC(854) Humongous regions: 80->80
[3622.040s][info][gc,metaspace   ] GC(854) Metaspace: 28875K(29248K)->28875K(29248K) NonClass: 24007K(24192K)->24007K(24192K) Class: 4868K(5056K)->4868K(5056K)
[3622.040s][info][gc             ] GC(854) Pause Young (Concurrent Start) (G1 Evacuation Pause) 3558M->1387M(4096M) 117.751ms
[3622.040s][info][gc             ] GC(855) Concurrent Mark Cycle
[3622.040s][info][gc,marking     ] GC(855) Concurrent Scan Root Regions
[3622.040s][info][gc,cpu         ] GC(854) User=0.70s Sys=0.00s Real=0.12s
.[3622.225s][info][gc,marking     ] GC(855) Concurrent Scan Root Regions 185.382ms
[3622.225s][info][gc,marking     ] GC(855) Concurrent Mark
[3622.225s][info][gc,marking     ] GC(855) Concurrent Mark From Roots
[3622.225s][info][gc,task        ] GC(855) Using 2 workers of 2 for marking
.[3623.150s][info][gc,marking     ] GC(855) Concurrent Mark From Roots 924.504ms
[3623.150s][info][gc,marking     ] GC(855) Concurrent Preclean
[3623.150s][info][gc,marking     ] GC(855) Concurrent Preclean 0.110ms
[3623.150s][info][gc,start       ] GC(855) Pause Remark
[3623.153s][info][gc             ] GC(855) Pause Remark 2330M->2330M(4096M) 2.869ms
[3623.153s][info][gc,cpu         ] GC(855) User=0.01s Sys=0.00s Real=0.00s
[3623.153s][info][gc,marking     ] GC(855) Concurrent Mark 927.770ms
[3623.153s][info][gc,marking     ] GC(855) Concurrent Rebuild Remembered Sets and Scrub Regions
[3623.415s][info][gc,marking     ] GC(855) Concurrent Rebuild Remembered Sets and Scrub Regions 261.683ms
[3623.417s][info][gc,start       ] GC(855) Pause Cleanup
[3623.417s][info][gc             ] GC(855) Pause Cleanup 2549M->2549M(4096M) 0.135ms
[3623.417s][info][gc,cpu         ] GC(855) User=0.00s Sys=0.00s Real=0.00s
[3623.417s][info][gc,marking     ] GC(855) Concurrent Clear Claimed Marks
[3623.417s][info][gc,marking     ] GC(855) Concurrent Clear Claimed Marks 0.045ms
[3623.417s][info][gc,marking     ] GC(855) Concurrent Cleanup for Next Mark
[3623.424s][info][gc,marking     ] GC(855) Concurrent Cleanup for Next Mark 6.502ms
[3623.424s][info][gc             ] GC(855) Concurrent Mark Cycle 1384.005ms
.[3624.874s][info][gc,start       ] GC(856) Pause Young (Prepare Mixed) (G1 Evacuation Pause)
[3624.874s][info][gc,task        ] GC(856) Using 6 workers of 6 for evacuation
[3624.989s][info][gc,phases      ] GC(856)   Pre Evacuate Collection Set: 0.31ms
[3624.989s][info][gc,phases      ] GC(856)   Merge Heap Roots: 0.49ms
[3624.989s][info][gc,phases      ] GC(856)   Evacuate Collection Set: 112.94ms
[3624.989s][info][gc,phases      ] GC(856)   Post Evacuate Collection Set: 0.95ms
[3624.989s][info][gc,phases      ] GC(856)   Other: 0.08ms
[3624.989s][info][gc,heap        ] GC(856) Eden regions: 1117->0(1111)
[3624.989s][info][gc,heap        ] GC(856) Survivor regions: 111->109(154)
[3624.989s][info][gc,heap        ] GC(856) Old regions: 504->536
[3624.989s][info][gc,heap        ] GC(856) Humongous regions: 80->80
[3624.989s][info][gc,metaspace   ] GC(856) Metaspace: 28875K(29248K)->28875K(29248K) NonClass: 24007K(24192K)->24007K(24192K) Class: 4868K(5056K)->4868K(5056K)
[3624.989s][info][gc             ] GC(856) Pause Young (Prepare Mixed) (G1 Evacuation Pause) 3621M->1447M(4096M) 114.906ms
[3624.989s][info][gc,cpu         ] GC(856) User=0.68s Sys=0.00s Real=0.12s
...[3627.790s][info][gc,start       ] GC(857) Pause Young (Mixed) (G1 Evacuation Pause)
[3627.790s][info][gc,task        ] GC(857) Using 6 workers of 6 for evacuation
[3627.926s][info][gc,phases      ] GC(857)   Pre Evacuate Collection Set: 0.39ms
[3627.926s][info][gc,phases      ] GC(857)   Merge Heap Roots: 0.70ms
[3627.926s][info][gc,phases      ] GC(857)   Evacuate Collection Set: 133.18ms
[3627.926s][info][gc,phases      ] GC(857)   Post Evacuate Collection Set: 0.93ms
[3627.926s][info][gc,phases      ] GC(857)   Other: 0.09ms
[3627.926s][info][gc,heap        ] GC(857) Eden regions: 1111->0(1119)
[3627.926s][info][gc,heap        ] GC(857) Survivor regions: 109->109(153)
[3627.926s][info][gc,heap        ] GC(857) Old regions: 536->472
[3627.926s][info][gc,heap        ] GC(857) Humongous regions: 80->80
[3627.926s][info][gc,metaspace   ] GC(857) Metaspace: 28875K(29248K)->28875K(29248K) NonClass: 24007K(24192K)->24007K(24192K) Class: 4868K(5056K)->4868K(5056K)
[3627.926s][info][gc             ] GC(857) Pause Young (Mixed) (G1 Evacuation Pause) 3669M->1320M(4096M) 135.405ms
[3627.926s][info][gc,cpu         ] GC(857) User=0.81s Sys=0.00s Real=0.13s
...[3630.809s][info][gc,start       ] GC(858) Pause Young (Concurrent Start) (G1 Evacuation Pause)
[3630.809s][info][gc,task        ] GC(858) Using 6 workers of 6 for evacuation
[3630.924s][info][gc,phases      ] GC(858)   Pre Evacuate Collection Set: 0.35ms
[3630.924s][info][gc,phases      ] GC(858)   Merge Heap Roots: 0.45ms
[3630.924s][info][gc,phases      ] GC(858)   Evacuate Collection Set: 113.49ms
[3630.924s][info][gc,phases      ] GC(858)   Post Evacuate Collection Set: 0.86ms
[3630.924s][info][gc,phases      ] GC(858)   Other: 0.11ms
[3630.924s][info][gc,heap        ] GC(858) Eden regions: 1119->0(1119)
[3630.924s][info][gc,heap        ] GC(858) Survivor regions: 109->109(154)
[3630.924s][info][gc,heap        ] GC(858) Old regions: 472->504
[3630.924s][info][gc,heap        ] GC(858) Humongous regions: 80->80
[3630.924s][info][gc,metaspace   ] GC(858) Metaspace: 28875K(29248K)->28875K(29248K) NonClass: 24007K(24192K)->24007K(24192K) Class: 4868K(5056K)->4868K(5056K)
[3630.924s][info][gc             ] GC(858) Pause Young (Concurrent Start) (G1 Evacuation Pause) 3558M->1384M(4096M) 115.399ms
[3630.924s][info][gc             ] GC(859) Concurrent Mark Cycle
[3630.924s][info][gc,marking     ] GC(859) Concurrent Scan Root Regions
[3630.924s][info][gc,cpu         ] GC(858) User=0.69s Sys=0.00s Real=0.11s
.[3631.066s][info][gc,marking     ] GC(859) Concurrent Scan Root Regions 141.842ms
[3631.066s][info][gc,marking     ] GC(859) Concurrent Mark
[3631.066s][info][gc,marking     ] GC(859) Concurrent Mark From Roots
[3631.066s][info][gc,task        ] GC(859) Using 2 workers of 2 for marking
[3631.761s][info][gc,marking     ] GC(859) Concurrent Mark From Roots 694.436ms
[3631.761s][info][gc,marking     ] GC(859) Concurrent Preclean
[3631.761s][info][gc,marking     ] GC(859) Concurrent Preclean 0.123ms
[3631.761s][info][gc,start       ] GC(859) Pause Remark
[3631.764s][info][gc             ] GC(859) Pause Remark 2042M->2042M(4096M) 2.962ms
[3631.764s][info][gc,cpu         ] GC(859) User=0.02s Sys=0.00s Real=0.00s
[3631.764s][info][gc,marking     ] GC(859) Concurrent Mark 697.873ms
[3631.764s][info][gc,marking     ] GC(859) Concurrent Rebuild Remembered Sets and Scrub Regions
[3632.024s][info][gc,marking     ] GC(859) Concurrent Rebuild Remembered Sets and Scrub Regions 259.754ms
[3632.024s][info][gc,start       ] GC(859) Pause Cleanup
[3632.024s][info][gc             ] GC(859) Pause Cleanup 2286M->2286M(4096M) 0.112ms
[3632.024s][info][gc,cpu         ] GC(859) User=0.00s Sys=0.00s Real=0.00s
[3632.024s][info][gc,marking     ] GC(859) Concurrent Clear Claimed Marks
[3632.024s][info][gc,marking     ] GC(859) Concurrent Clear Claimed Marks 0.020ms
[3632.024s][info][gc,marking     ] GC(859) Concurrent Cleanup for Next Mark
[3632.028s][info][gc,marking     ] GC(859) Concurrent Cleanup for Next Mark 3.222ms
[3632.028s][info][gc             ] GC(859) Concurrent Mark Cycle 1103.154ms
..[3633.808s][info][gc,start       ] GC(860) Pause Young (Prepare Mixed) (G1 Evacuation Pause)
[3633.808s][info][gc,task        ] GC(860) Using 6 workers of 6 for evacuation
[3633.924s][info][gc,phases      ] GC(860)   Pre Evacuate Collection Set: 0.35ms
[3633.924s][info][gc,phases      ] GC(860)   Merge Heap Roots: 0.48ms
[3633.924s][info][gc,phases      ] GC(860)   Evacuate Collection Set: 114.10ms
[3633.924s][info][gc,phases      ] GC(860)   Post Evacuate Collection Set: 0.94ms
[3633.924s][info][gc,phases      ] GC(860)   Other: 0.08ms
[3633.924s][info][gc,heap        ] GC(860) Eden regions: 1119->0(1112)
[3633.924s][info][gc,heap        ] GC(860) Survivor regions: 109->109(154)
[3633.924s][info][gc,heap        ] GC(860) Old regions: 504->535
[3633.924s][info][gc,heap        ] GC(860) Humongous regions: 80->80
[3633.924s][info][gc,metaspace   ] GC(860) Metaspace: 28875K(29248K)->28875K(29248K) NonClass: 24007K(24192K)->24007K(24192K) Class: 4868K(5056K)->4868K(5056K)
[3633.924s][info][gc             ] GC(860) Pause Young (Prepare Mixed) (G1 Evacuation Pause) 3622M->1446M(4096M) 116.075ms
[3633.924s][info][gc,cpu         ] GC(860) User=0.69s Sys=0.00s Real=0.11s
...[3636.721s][info][gc,start       ] GC(861) Pause Young (Mixed) (G1 Evacuation Pause)
[3636.721s][info][gc,task        ] GC(861) Using 6 workers of 6 for evacuation
[3636.853s][info][gc,phases      ] GC(861)   Pre Evacuate Collection Set: 0.35ms
[3636.853s][info][gc,phases      ] GC(861)   Merge Heap Roots: 0.67ms
[3636.853s][info][gc,phases      ] GC(861)   Evacuate Collection Set: 130.12ms
[3636.853s][info][gc,phases      ] GC(861)   Post Evacuate Collection Set: 0.95ms
[3636.853s][info][gc,phases      ] GC(861)   Other: 0.08ms
[3636.853s][info][gc,heap        ] GC(861) Eden regions: 1112->0(1121)
[3636.853s][info][gc,heap        ] GC(861) Survivor regions: 109->107(153)
[3636.853s][info][gc,heap        ] GC(861) Old regions: 535->472
[3636.853s][info][gc,heap        ] GC(861) Humongous regions: 80->80
[3636.853s][info][gc,metaspace   ] GC(861) Metaspace: 28875K(29248K)->28875K(29248K) NonClass: 24007K(24192K)->24007K(24192K) Class: 4868K(5056K)->4868K(5056K)
[3636.853s][info][gc             ] GC(861) Pause Young (Mixed) (G1 Evacuation Pause) 3670M->1316M(4096M) 132.311ms
[3636.854s][info][gc,cpu         ] GC(861) User=0.79s Sys=0.00s Real=0.13s
...[3639.697s][info][gc,start       ] GC(862) Pause Young (Concurrent Start) (G1 Evacuation Pause)
[3639.697s][info][gc,task        ] GC(862) Using 6 workers of 6 for evacuation
[3639.811s][info][gc,phases      ] GC(862)   Pre Evacuate Collection Set: 0.36ms
[3639.811s][info][gc,phases      ] GC(862)   Merge Heap Roots: 0.44ms
[3639.811s][info][gc,phases      ] GC(862)   Evacuate Collection Set: 112.82ms
[3639.811s][info][gc,phases      ] GC(862)   Post Evacuate Collection Set: 0.86ms
[3639.811s][info][gc,phases      ] GC(862)   Other: 0.11ms
[3639.811s][info][gc,heap        ] GC(862) Eden regions: 1121->0(1121)
[3639.811s][info][gc,heap        ] GC(862) Survivor regions: 107->107(154)
[3639.811s][info][gc,heap        ] GC(862) Old regions: 472->504
[3639.811s][info][gc,heap        ] GC(862) Humongous regions: 80->80
[3639.811s][info][gc,metaspace   ] GC(862) Metaspace: 28875K(29248K)->28875K(29248K) NonClass: 24007K(24192K)->24007K(24192K) Class: 4868K(5056K)->4868K(5056K)
[3639.811s][info][gc             ] GC(862) Pause Young (Concurrent Start) (G1 Evacuation Pause) 3558M->1380M(4096M) 114.711ms
[3639.811s][info][gc             ] GC(863) Concurrent Mark Cycle
[3639.811s][info][gc,marking     ] GC(863) Concurrent Scan Root Regions
[3639.811s][info][gc,cpu         ] GC(862) User=0.68s Sys=0.00s Real=0.12s
[3639.949s][info][gc,marking     ] GC(863) Concurrent Scan Root Regions 137.517ms
[3639.949s][info][gc,marking     ] GC(863) Concurrent Mark
[3639.949s][info][gc,marking     ] GC(863) Concurrent Mark From Roots
[3639.949s][info][gc,task        ] GC(863) Using 2 workers of 2 for marking
.[3640.640s][info][gc,marking     ] GC(863) Concurrent Mark From Roots 691.162ms
[3640.640s][info][gc,marking     ] GC(863) Concurrent Preclean
[3640.640s][info][gc,marking     ] GC(863) Concurrent Preclean 0.074ms
[3640.640s][info][gc,start       ] GC(863) Pause Remark
[3640.643s][info][gc             ] GC(863) Pause Remark 2089M->2089M(4096M) 2.965ms
[3640.643s][info][gc,cpu         ] GC(863) User=0.02s Sys=0.00s Real=0.00s
[3640.643s][info][gc,marking     ] GC(863) Concurrent Mark 694.513ms
[3640.643s][info][gc,marking     ] GC(863) Concurrent Rebuild Remembered Sets and Scrub Regions
[3640.908s][info][gc,marking     ] GC(863) Concurrent Rebuild Remembered Sets and Scrub Regions 264.425ms
[3640.908s][info][gc,start       ] GC(863) Pause Cleanup
[3640.908s][info][gc             ] GC(863) Pause Cleanup 2233M->2233M(4096M) 0.107ms
[3640.908s][info][gc,cpu         ] GC(863) User=0.00s Sys=0.00s Real=0.00s
[3640.908s][info][gc,marking     ] GC(863) Concurrent Clear Claimed Marks
[3640.908s][info][gc,marking     ] GC(863) Concurrent Clear Claimed Marks 0.025ms
[3640.908s][info][gc,marking     ] GC(863) Concurrent Cleanup for Next Mark
[3640.911s][info][gc,marking     ] GC(863) Concurrent Cleanup for Next Mark 3.174ms
[3640.911s][info][gc             ] GC(863) Concurrent Mark Cycle 1100.112ms
..[3642.699s][info][gc,start       ] GC(864) Pause Young (Prepare Mixed) (G1 Evacuation Pause)
[3642.699s][info][gc,task        ] GC(864) Using 6 workers of 6 for evacuation
[3642.814s][info][gc,phases      ] GC(864)   Pre Evacuate Collection Set: 0.31ms
[3642.814s][info][gc,phases      ] GC(864)   Merge Heap Roots: 0.52ms
[3642.814s][info][gc,phases      ] GC(864)   Evacuate Collection Set: 112.58ms
[3642.814s][info][gc,phases      ] GC(864)   Post Evacuate Collection Set: 0.92ms
[3642.814s][info][gc,phases      ] GC(864)   Other: 0.08ms
[3642.814s][info][gc,heap        ] GC(864) Eden regions: 1121->0(1114)
[3642.814s][info][gc,heap        ] GC(864) Survivor regions: 107->108(154)
[3642.814s][info][gc,heap        ] GC(864) Old regions: 504->535
[3642.814s][info][gc,heap        ] GC(864) Humongous regions: 80->80
[3642.814s][info][gc,metaspace   ] GC(864) Metaspace: 28875K(29248K)->28875K(29248K) NonClass: 24007K(24192K)->24007K(24192K) Class: 4868K(5056K)->4868K(5056K)
[3642.814s][info][gc             ] GC(864) Pause Young (Prepare Mixed) (G1 Evacuation Pause) 3622M->1443M(4096M) 114.545ms
[3642.814s][info][gc,cpu         ] GC(864) User=0.68s Sys=0.00s Real=0.11s
...[3645.610s][info][gc,start       ] GC(865) Pause Young (Mixed) (G1 Evacuation Pause)
[3645.610s][info][gc,task        ] GC(865) Using 6 workers of 6 for evacuation
[3645.745s][info][gc,phases      ] GC(865)   Pre Evacuate Collection Set: 0.37ms
[3645.745s][info][gc,phases      ] GC(865)   Merge Heap Roots: 0.69ms
[3645.745s][info][gc,phases      ] GC(865)   Evacuate Collection Set: 132.40ms
[3645.745s][info][gc,phases      ] GC(865)   Post Evacuate Collection Set: 0.96ms
[3645.745s][info][gc,phases      ] GC(865)   Other: 0.08ms
[3645.745s][info][gc,heap        ] GC(865) Eden regions: 1114->0(1117)
[3645.745s][info][gc,heap        ] GC(865) Survivor regions: 108->111(153)
[3645.745s][info][gc,heap        ] GC(865) Old regions: 535->472
[3645.745s][info][gc,heap        ] GC(865) Humongous regions: 80->80
[3645.745s][info][gc,metaspace   ] GC(865) Metaspace: 28875K(29248K)->28875K(29248K) NonClass: 24007K(24192K)->24007K(24192K) Class: 4868K(5056K)->4868K(5056K)
[3645.745s][info][gc             ] GC(865) Pause Young (Mixed) (G1 Evacuation Pause) 3671M->1324M(4096M) 134.625ms
[3645.745s][info][gc,cpu         ] GC(865) User=0.80s Sys=0.00s Real=0.13s
.. (rIR:aIR:PR = 6365:6363:6363) (tPR = 94808) [OK] 
  3647s: Performance info:
         Transaction,    Success,    Partial,     Failed,   Receipts, AvgBarcode, 
             Overall,     384280,          0,          0,     365070,      59.48, 
         Response times:
             Request,    Success,    Partial,     Failed,   SkipFail,     Probes,    Samples,      min,      p50,      p90,      p95,      p99,      max, 
       TotalPurchase,     365070,          0,          0,          0,     357557,     390550,      300,     5300,    22000,    51000,   136000,   290000,
     InStorePurchase,     192082,          0,          0,          0,     188222,     205018,      300,     5300,    22000,    51000,   135000,   290000,
      OnlinePurchase,     134524,          0,          0,          0,     131802,     144146,      300,     5500,    23000,    52000,   138000,   290000,
        InstPurchase,      38464,          0,          0,          0,      37533,      41386,      400,     4700,    19500,    46000,   129130,   258000,
          AssocOfCat,        382,          0,          0,          0,        297,        401,    23000,    35000,    74800,   128900,   191800,   227000,
      AssocOfProduct,       3848,          0,          0,          0,       3613,       4107,      400,     5500,    25000,    53000,   140760,   290000,
      BusinessReport,        965,          0,          0,          0,        846,       1044,    23000,    39000,    91000,   127750,   217100,   255000,
          CustBuyBeh,       3846,          0,          0,          0,       3651,       4178,      800,     5400,    25000,    51050,   131210,   172000,
       ProductReturn,      10169,          0,          0,          0,       9718,      10905,      200,     5200,    23000,    52700,   136000,   290000,

  3647s: (47%)   IR =   6503 .[3648.607s][info][gc,start       ] GC(866) Pause Young (Concurrent Start) (G1 Evacuation Pause)
[3648.607s][info][gc,task        ] GC(866) Using 6 workers of 6 for evacuation
[3648.729s][info][gc,phases      ] GC(866)   Pre Evacuate Collection Set: 0.33ms
[3648.729s][info][gc,phases      ] GC(866)   Merge Heap Roots: 0.47ms
[3648.729s][info][gc,phases      ] GC(866)   Evacuate Collection Set: 120.29ms
[3648.729s][info][gc,phases      ] GC(866)   Post Evacuate Collection Set: 0.97ms
[3648.729s][info][gc,phases      ] GC(866)   Other: 0.11ms
[3648.729s][info][gc,heap        ] GC(866) Eden regions: 1117->0(1115)
[3648.729s][info][gc,heap        ] GC(866) Survivor regions: 111->113(154)
[3648.729s][info][gc,heap        ] GC(866) Old regions: 472->504
[3648.729s][info][gc,heap        ] GC(866) Humongous regions: 80->80
[3648.729s][info][gc,metaspace   ] GC(866) Metaspace: 28876K(29248K)->28876K(29248K) NonClass: 24008K(24192K)->24008K(24192K) Class: 4868K(5056K)->4868K(5056K)
[3648.729s][info][gc             ] GC(866) Pause Young (Concurrent Start) (G1 Evacuation Pause) 3558M->1393M(4096M) 122.314ms
[3648.729s][info][gc             ] GC(867) Concurrent Mark Cycle
[3648.729s][info][gc,marking     ] GC(867) Concurrent Scan Root Regions
[3648.729s][info][gc,cpu         ] GC(866) User=0.73s Sys=0.00s Real=0.13s
[3648.920s][info][gc,marking     ] GC(867) Concurrent Scan Root Regions 191.432ms
[3648.920s][info][gc,marking     ] GC(867) Concurrent Mark
[3648.920s][info][gc,marking     ] GC(867) Concurrent Mark From Roots
[3648.920s][info][gc,task        ] GC(867) Using 2 workers of 2 for marking
.[3649.813s][info][gc,marking     ] GC(867) Concurrent Mark From Roots 892.319ms
[3649.813s][info][gc,marking     ] GC(867) Concurrent Preclean
[3649.813s][info][gc,marking     ] GC(867) Concurrent Preclean 0.159ms
[3649.814s][info][gc,start       ] GC(867) Pause Remark
[3649.817s][info][gc             ] GC(867) Pause Remark 2313M->2313M(4096M) 2.495ms
[3649.817s][info][gc,cpu         ] GC(867) User=0.01s Sys=0.00s Real=0.00s
[3649.817s][info][gc,marking     ] GC(867) Concurrent Mark 897.059ms
[3649.818s][info][gc,marking     ] GC(867) Concurrent Rebuild Remembered Sets and Scrub Regions
[3650.113s][info][gc,marking     ] GC(867) Concurrent Rebuild Remembered Sets and Scrub Regions 295.095ms
[3650.113s][info][gc,start       ] GC(867) Pause Cleanup
[3650.113s][info][gc             ] GC(867) Pause Cleanup 2595M->2595M(4096M) 0.125ms
[3650.113s][info][gc,cpu         ] GC(867) User=0.00s Sys=0.00s Real=0.00s
[3650.114s][info][gc,marking     ] GC(867) Concurrent Clear Claimed Marks
[3650.114s][info][gc,marking     ] GC(867) Concurrent Clear Claimed Marks 0.047ms
[3650.114s][info][gc,marking     ] GC(867) Concurrent Cleanup for Next Mark
[3650.120s][info][gc,marking     ] GC(867) Concurrent Cleanup for Next Mark 5.588ms
[3650.120s][info][gc             ] GC(867) Concurrent Mark Cycle 1391.234ms
..[3651.480s][info][gc,start       ] GC(868) Pause Young (Prepare Mixed) (G1 Evacuation Pause)
[3651.480s][info][gc,task        ] GC(868) Using 6 workers of 6 for evacuation
[3651.597s][info][gc,phases      ] GC(868)   Pre Evacuate Collection Set: 0.34ms
[3651.597s][info][gc,phases      ] GC(868)   Merge Heap Roots: 0.53ms
[3651.597s][info][gc,phases      ] GC(868)   Evacuate Collection Set: 114.62ms
[3651.597s][info][gc,phases      ] GC(868)   Post Evacuate Collection Set: 0.94ms
[3651.597s][info][gc,phases      ] GC(868)   Other: 0.08ms
[3651.597s][info][gc,heap        ] GC(868) Eden regions: 1115->0(1110)
[3651.597s][info][gc,heap        ] GC(868) Survivor regions: 113->110(154)
[3651.597s][info][gc,heap        ] GC(868) Old regions: 504->535
[3651.597s][info][gc,heap        ] GC(868) Humongous regions: 80->80
[3651.597s][info][gc,metaspace   ] GC(868) Metaspace: 28876K(29248K)->28876K(29248K) NonClass: 24008K(24192K)->24008K(24192K) Class: 4868K(5056K)->4868K(5056K)
[3651.597s][info][gc             ] GC(868) Pause Young (Prepare Mixed) (G1 Evacuation Pause) 3623M->1449M(4096M) 116.657ms
[3651.597s][info][gc,cpu         ] GC(868) User=0.69s Sys=0.00s Real=0.11s
.|..[3654.351s][info][gc,start       ] GC(869) Pause Young (Mixed) (G1 Evacuation Pause)
[3654.351s][info][gc,task        ] GC(869) Using 6 workers of 6 for evacuation
[3654.483s][info][gc,phases      ] GC(869)   Pre Evacuate Collection Set: 0.39ms
[3654.483s][info][gc,phases      ] GC(869)   Merge Heap Roots: 0.62ms
[3654.483s][info][gc,phases      ] GC(869)   Evacuate Collection Set: 129.68ms
[3654.483s][info][gc,phases      ] GC(869)   Post Evacuate Collection Set: 0.95ms
[3654.483s][info][gc,phases      ] GC(869)   Other: 0.09ms
[3654.483s][info][gc,heap        ] GC(869) Eden regions: 1110->0(1119)
[3654.483s][info][gc,heap        ] GC(869) Survivor regions: 110->109(153)
[3654.483s][info][gc,heap        ] GC(869) Old regions: 535->473
[3654.483s][info][gc,heap        ] GC(869) Humongous regions: 80->80
[3654.483s][info][gc,metaspace   ] GC(869) Metaspace: 28876K(29248K)->28876K(29248K) NonClass: 24008K(24192K)->24008K(24192K) Class: 4868K(5056K)->4868K(5056K)
[3654.483s][info][gc             ] GC(869) Pause Young (Mixed) (G1 Evacuation Pause) 3669M->1322M(4096M) 131.872ms
[3654.483s][info][gc,cpu         ] GC(869) User=0.78s Sys=0.00s Real=0.13s
..[3657.278s][info][gc,start       ] GC(870) Pause Young (Concurrent Start) (G1 Evacuation Pause)
[3657.278s][info][gc,task        ] GC(870) Using 6 workers of 6 for evacuation
[3657.396s][info][gc,phases      ] GC(870)   Pre Evacuate Collection Set: 0.40ms
[3657.396s][info][gc,phases      ] GC(870)   Merge Heap Roots: 0.45ms
[3657.396s][info][gc,phases      ] GC(870)   Evacuate Collection Set: 116.20ms
[3657.396s][info][gc,phases      ] GC(870)   Post Evacuate Collection Set: 0.87ms
[3657.396s][info][gc,phases      ] GC(870)   Other: 0.10ms
[3657.396s][info][gc,heap        ] GC(870) Eden regions: 1119->0(1118)
[3657.396s][info][gc,heap        ] GC(870) Survivor regions: 109->110(154)
[3657.396s][info][gc,heap        ] GC(870) Old regions: 473->505
[3657.396s][info][gc,heap        ] GC(870) Humongous regions: 80->80
[3657.396s][info][gc,metaspace   ] GC(870) Metaspace: 28876K(29248K)->28876K(29248K) NonClass: 24008K(24192K)->24008K(24192K) Class: 4868K(5056K)->4868K(5056K)
[3657.396s][info][gc             ] GC(870) Pause Young (Concurrent Start) (G1 Evacuation Pause) 3560M->1387M(4096M) 118.138ms
[3657.396s][info][gc             ] GC(871) Concurrent Mark Cycle
[3657.396s][info][gc,marking     ] GC(871) Concurrent Scan Root Regions
[3657.396s][info][gc,cpu         ] GC(870) User=0.71s Sys=0.00s Real=0.11s
.[3657.578s][info][gc,marking     ] GC(871) Concurrent Scan Root Regions 182.006ms
[3657.578s][info][gc,marking     ] GC(871) Concurrent Mark
[3657.578s][info][gc,marking     ] GC(871) Concurrent Mark From Roots
[3657.578s][info][gc,task        ] GC(871) Using 2 workers of 2 for marking
.[3658.548s][info][gc,marking     ] GC(871) Concurrent Mark From Roots 970.130ms
[3658.548s][info][gc,marking     ] GC(871) Concurrent Preclean
[3658.548s][info][gc,marking     ] GC(871) Concurrent Preclean 0.126ms
[3658.549s][info][gc,start       ] GC(871) Pause Remark
[3658.553s][info][gc             ] GC(871) Pause Remark 2341M->2341M(4096M) 3.978ms
[3658.553s][info][gc,cpu         ] GC(871) User=0.02s Sys=0.00s Real=0.00s
[3658.555s][info][gc,marking     ] GC(871) Concurrent Mark 976.866ms
[3658.555s][info][gc,marking     ] GC(871) Concurrent Rebuild Remembered Sets and Scrub Regions
[3658.837s][info][gc,marking     ] GC(871) Concurrent Rebuild Remembered Sets and Scrub Regions 282.411ms
[3658.837s][info][gc,start       ] GC(871) Pause Cleanup
[3658.838s][info][gc             ] GC(871) Pause Cleanup 2570M->2570M(4096M) 0.115ms
[3658.838s][info][gc,cpu         ] GC(871) User=0.00s Sys=0.00s Real=0.00s
[3658.838s][info][gc,marking     ] GC(871) Concurrent Clear Claimed Marks
[3658.838s][info][gc,marking     ] GC(871) Concurrent Clear Claimed Marks 0.024ms
[3658.838s][info][gc,marking     ] GC(871) Concurrent Cleanup for Next Mark
[3658.842s][info][gc,marking     ] GC(871) Concurrent Cleanup for Next Mark 4.305ms
[3658.842s][info][gc             ] GC(871) Concurrent Mark Cycle 1446.126ms
.[3660.170s][info][gc,start       ] GC(872) Pause Young (Prepare Mixed) (G1 Evacuation Pause)
[3660.170s][info][gc,task        ] GC(872) Using 6 workers of 6 for evacuation
[3660.290s][info][gc,phases      ] GC(872)   Pre Evacuate Collection Set: 0.32ms
[3660.290s][info][gc,phases      ] GC(872)   Merge Heap Roots: 0.56ms
[3660.290s][info][gc,phases      ] GC(872)   Evacuate Collection Set: 118.21ms
[3660.290s][info][gc,phases      ] GC(872)   Post Evacuate Collection Set: 0.99ms
[3660.290s][info][gc,phases      ] GC(872)   Other: 0.09ms
[3660.290s][info][gc,heap        ] GC(872) Eden regions: 1118->0(1104)
[3660.290s][info][gc,heap        ] GC(872) Survivor regions: 110->112(154)
[3660.290s][info][gc,heap        ] GC(872) Old regions: 505->537
[3660.290s][info][gc,heap        ] GC(872) Humongous regions: 80->80
[3660.290s][info][gc,metaspace   ] GC(872) Metaspace: 28876K(29248K)->28876K(29248K) NonClass: 24008K(24192K)->24008K(24192K) Class: 4868K(5056K)->4868K(5056K)
[3660.290s][info][gc             ] GC(872) Pause Young (Prepare Mixed) (G1 Evacuation Pause) 3623M->1455M(4096M) 120.318ms
[3660.290s][info][gc,cpu         ] GC(872) User=0.72s Sys=0.00s Real=0.12s
...[3663.024s][info][gc,start       ] GC(873) Pause Young (Mixed) (G1 Evacuation Pause)
[3663.024s][info][gc,task        ] GC(873) Using 6 workers of 6 for evacuation
[3663.157s][info][gc,phases      ] GC(873)   Pre Evacuate Collection Set: 0.39ms
[3663.157s][info][gc,phases      ] GC(873)   Merge Heap Roots: 0.69ms
[3663.157s][info][gc,phases      ] GC(873)   Evacuate Collection Set: 129.98ms
[3663.157s][info][gc,phases      ] GC(873)   Post Evacuate Collection Set: 0.95ms
[3663.157s][info][gc,phases      ] GC(873)   Other: 0.08ms
[3663.157s][info][gc,heap        ] GC(873) Eden regions: 1104->0(1119)
[3663.157s][info][gc,heap        ] GC(873) Survivor regions: 112->109(152)
[3663.157s][info][gc,heap        ] GC(873) Old regions: 537->474
[3663.157s][info][gc,heap        ] GC(873) Humongous regions: 80->80
[3663.157s][info][gc,metaspace   ] GC(873) Metaspace: 28876K(29248K)->28876K(29248K) NonClass: 24008K(24192K)->24008K(24192K) Class: 4868K(5056K)->4868K(5056K)
[3663.157s][info][gc             ] GC(873) Pause Young (Mixed) (G1 Evacuation Pause) 3663M->1323M(4096M) 132.212ms
[3663.157s][info][gc,cpu         ] GC(873) User=0.79s Sys=0.00s Real=0.13s
...[3665.940s][info][gc,start       ] GC(874) Pause Young (Concurrent Start) (G1 Evacuation Pause)
[3665.940s][info][gc,task        ] GC(874) Using 6 workers of 6 for evacuation
[3666.055s][info][gc,phases      ] GC(874)   Pre Evacuate Collection Set: 0.39ms
[3666.055s][info][gc,phases      ] GC(874)   Merge Heap Roots: 0.46ms
[3666.055s][info][gc,phases      ] GC(874)   Evacuate Collection Set: 113.23ms
[3666.055s][info][gc,phases      ] GC(874)   Post Evacuate Collection Set: 0.85ms
[3666.055s][info][gc,phases      ] GC(874)   Other: 0.11ms
[3666.055s][info][gc,heap        ] GC(874) Eden regions: 1119->0(1119)
[3666.055s][info][gc,heap        ] GC(874) Survivor regions: 109->109(154)
[3666.055s][info][gc,heap        ] GC(874) Old regions: 474->506
[3666.055s][info][gc,heap        ] GC(874) Humongous regions: 80->80
[3666.055s][info][gc,metaspace   ] GC(874) Metaspace: 28876K(29248K)->28876K(29248K) NonClass: 24008K(24192K)->24008K(24192K) Class: 4868K(5056K)->4868K(5056K)
[3666.055s][info][gc             ] GC(874) Pause Young (Concurrent Start) (G1 Evacuation Pause) 3561M->1388M(4096M) 115.184ms
[3666.055s][info][gc             ] GC(875) Concurrent Mark Cycle
[3666.055s][info][gc,marking     ] GC(875) Concurrent Scan Root Regions
[3666.055s][info][gc,cpu         ] GC(874) User=0.68s Sys=0.00s Real=0.11s
[3666.195s][info][gc,marking     ] GC(875) Concurrent Scan Root Regions 140.196ms
[3666.195s][info][gc,marking     ] GC(875) Concurrent Mark
[3666.195s][info][gc,marking     ] GC(875) Concurrent Mark From Roots
[3666.195s][info][gc,task        ] GC(875) Using 2 workers of 2 for marking
.[3666.920s][info][gc,marking     ] GC(875) Concurrent Mark From Roots 725.033ms
[3666.920s][info][gc,marking     ] GC(875) Concurrent Preclean
[3666.920s][info][gc,marking     ] GC(875) Concurrent Preclean 0.121ms
[3666.921s][info][gc,start       ] GC(875) Pause Remark
[3666.923s][info][gc             ] GC(875) Pause Remark 2140M->2140M(4096M) 2.729ms
[3666.923s][info][gc,cpu         ] GC(875) User=0.02s Sys=0.00s Real=0.00s
[3666.923s][info][gc,marking     ] GC(875) Concurrent Mark 728.189ms
[3666.923s][info][gc,marking     ] GC(875) Concurrent Rebuild Remembered Sets and Scrub Regions
[3667.162s][info][gc,marking     ] GC(875) Concurrent Rebuild Remembered Sets and Scrub Regions 238.801ms
[3667.163s][info][gc,start       ] GC(875) Pause Cleanup
[3667.163s][info][gc             ] GC(875) Pause Cleanup 2305M->2305M(4096M) 0.110ms
[3667.163s][info][gc,cpu         ] GC(875) User=0.00s Sys=0.00s Real=0.00s
[3667.164s][info][gc,marking     ] GC(875) Concurrent Clear Claimed Marks
[3667.164s][info][gc,marking     ] GC(875) Concurrent Clear Claimed Marks 0.038ms
[3667.164s][info][gc,marking     ] GC(875) Concurrent Cleanup for Next Mark
[3667.176s][info][gc,marking     ] GC(875) Concurrent Cleanup for Next Mark 11.782ms
[3667.176s][info][gc             ] GC(875) Concurrent Mark Cycle 1120.929ms
..[3668.812s][info][gc,start       ] GC(876) Pause Young (Prepare Mixed) (G1 Evacuation Pause)
[3668.812s][info][gc,task        ] GC(876) Using 6 workers of 6 for evacuation
[3668.928s][info][gc,phases      ] GC(876)   Pre Evacuate Collection Set: 0.35ms
[3668.928s][info][gc,phases      ] GC(876)   Merge Heap Roots: 0.51ms
[3668.928s][info][gc,phases      ] GC(876)   Evacuate Collection Set: 114.37ms
[3668.928s][info][gc,phases      ] GC(876)   Post Evacuate Collection Set: 0.92ms
[3668.928s][info][gc,phases      ] GC(876)   Other: 0.10ms
[3668.928s][info][gc,heap        ] GC(876) Eden regions: 1119->0(1107)
[3668.928s][info][gc,heap        ] GC(876) Survivor regions: 109->110(154)
[3668.928s][info][gc,heap        ] GC(876) Old regions: 506->538
[3668.928s][info][gc,heap        ] GC(876) Humongous regions: 80->80
[3668.928s][info][gc,metaspace   ] GC(876) Metaspace: 28876K(29248K)->28876K(29248K) NonClass: 24008K(24192K)->24008K(24192K) Class: 4868K(5056K)->4868K(5056K)
[3668.928s][info][gc             ] GC(876) Pause Young (Prepare Mixed) (G1 Evacuation Pause) 3626M->1453M(4096M) 116.368ms
[3668.928s][info][gc,cpu         ] GC(876) User=0.70s Sys=0.00s Real=0.12s
...[3671.743s][info][gc,start       ] GC(877) Pause Young (Mixed) (G1 Evacuation Pause)
[3671.743s][info][gc,task        ] GC(877) Using 6 workers of 6 for evacuation
[3671.874s][info][gc,phases      ] GC(877)   Pre Evacuate Collection Set: 0.39ms
[3671.874s][info][gc,phases      ] GC(877)   Merge Heap Roots: 0.64ms
[3671.874s][info][gc,phases      ] GC(877)   Evacuate Collection Set: 128.77ms
[3671.874s][info][gc,phases      ] GC(877)   Post Evacuate Collection Set: 1.00ms
[3671.874s][info][gc,phases      ] GC(877)   Other: 0.09ms
[3671.874s][info][gc,heap        ] GC(877) Eden regions: 1107->0(1120)
[3671.874s][info][gc,heap        ] GC(877) Survivor regions: 110->108(153)
[3671.874s][info][gc,heap        ] GC(877) Old regions: 538->473
[3671.874s][info][gc,heap        ] GC(877) Humongous regions: 80->80
[3671.874s][info][gc,metaspace   ] GC(877) Metaspace: 28876K(29248K)->28876K(29248K) NonClass: 24008K(24192K)->24008K(24192K) Class: 4868K(5056K)->4868K(5056K)
[3671.874s][info][gc             ] GC(877) Pause Young (Mixed) (G1 Evacuation Pause) 3667M->1319M(4096M) 131.032ms
[3671.874s][info][gc,cpu         ] GC(877) User=0.78s Sys=0.00s Real=0.13s
..[3674.642s][info][gc,start       ] GC(878) Pause Young (Concurrent Start) (G1 Evacuation Pause)
[3674.642s][info][gc,task        ] GC(878) Using 6 workers of 6 for evacuation
[3674.760s][info][gc,phases      ] GC(878)   Pre Evacuate Collection Set: 0.41ms
[3674.760s][info][gc,phases      ] GC(878)   Merge Heap Roots: 0.45ms
[3674.760s][info][gc,phases      ] GC(878)   Evacuate Collection Set: 116.55ms
[3674.760s][info][gc,phases      ] GC(878)   Post Evacuate Collection Set: 0.87ms
[3674.760s][info][gc,phases      ] GC(878)   Other: 0.12ms
[3674.760s][info][gc,heap        ] GC(878) Eden regions: 1120->0(1117)
[3674.760s][info][gc,heap        ] GC(878) Survivor regions: 108->111(154)
[3674.760s][info][gc,heap        ] GC(878) Old regions: 473->505
[3674.760s][info][gc,heap        ] GC(878) Humongous regions: 80->80
[3674.760s][info][gc,metaspace   ] GC(878) Metaspace: 28876K(29248K)->28876K(29248K) NonClass: 24008K(24192K)->24008K(24192K) Class: 4868K(5056K)->4868K(5056K)
[3674.760s][info][gc             ] GC(878) Pause Young (Concurrent Start) (G1 Evacuation Pause) 3559M->1390M(4096M) 118.547ms
[3674.760s][info][gc             ] GC(879) Concurrent Mark Cycle
[3674.760s][info][gc,marking     ] GC(879) Concurrent Scan Root Regions
[3674.760s][info][gc,cpu         ] GC(878) User=0.71s Sys=0.00s Real=0.12s
.[3674.947s][info][gc,marking     ] GC(879) Concurrent Scan Root Regions 187.163ms
[3674.947s][info][gc,marking     ] GC(879) Concurrent Mark
[3674.947s][info][gc,marking     ] GC(879) Concurrent Mark From Roots
[3674.947s][info][gc,task        ] GC(879) Using 2 workers of 2 for marking
.[3675.884s][info][gc,marking     ] GC(879) Concurrent Mark From Roots 936.611ms
[3675.884s][info][gc,marking     ] GC(879) Concurrent Preclean
[3675.884s][info][gc,marking     ] GC(879) Concurrent Preclean 0.105ms
[3675.884s][info][gc,start       ] GC(879) Pause Remark
[3675.887s][info][gc             ] GC(879) Pause Remark 2329M->2329M(4096M) 2.473ms
[3675.887s][info][gc,cpu         ] GC(879) User=0.01s Sys=0.00s Real=0.00s
[3675.887s][info][gc,marking     ] GC(879) Concurrent Mark 939.420ms
[3675.887s][info][gc,marking     ] GC(879) Concurrent Rebuild Remembered Sets and Scrub Regions
[3676.175s][info][gc,marking     ] GC(879) Concurrent Rebuild Remembered Sets and Scrub Regions 287.755ms
[3676.175s][info][gc,start       ] GC(879) Pause Cleanup
[3676.175s][info][gc             ] GC(879) Pause Cleanup 2530M->2530M(4096M) 0.109ms
[3676.175s][info][gc,cpu         ] GC(879) User=0.00s Sys=0.00s Real=0.00s
[3676.175s][info][gc,marking     ] GC(879) Concurrent Clear Claimed Marks
[3676.175s][info][gc,marking     ] GC(879) Concurrent Clear Claimed Marks 0.025ms
[3676.175s][info][gc,marking     ] GC(879) Concurrent Cleanup for Next Mark
[3676.179s][info][gc,marking     ] GC(879) Concurrent Cleanup for Next Mark 4.457ms
[3676.179s][info][gc             ] GC(879) Concurrent Mark Cycle 1419.378ms
.[3677.600s][info][gc,start       ] GC(880) Pause Young (Prepare Mixed) (G1 Evacuation Pause)
[3677.600s][info][gc,task        ] GC(880) Using 6 workers of 6 for evacuation
[3677.722s][info][gc,phases      ] GC(880)   Pre Evacuate Collection Set: 0.31ms
[3677.722s][info][gc,phases      ] GC(880)   Merge Heap Roots: 0.49ms
[3677.722s][info][gc,phases      ] GC(880)   Evacuate Collection Set: 120.21ms
[3677.722s][info][gc,phases      ] GC(880)   Post Evacuate Collection Set: 0.94ms
[3677.722s][info][gc,phases      ] GC(880)   Other: 0.09ms
[3677.722s][info][gc,heap        ] GC(880) Eden regions: 1117->0(1103)
[3677.722s][info][gc,heap        ] GC(880) Survivor regions: 111->113(154)
[3677.722s][info][gc,heap        ] GC(880) Old regions: 505->536
[3677.722s][info][gc,heap        ] GC(880) Humongous regions: 80->80
[3677.722s][info][gc,metaspace   ] GC(880) Metaspace: 28876K(29248K)->28876K(29248K) NonClass: 24008K(24192K)->24008K(24192K) Class: 4868K(5056K)->4868K(5056K)
[3677.722s][info][gc             ] GC(880) Pause Young (Prepare Mixed) (G1 Evacuation Pause) 3624M->1457M(4096M) 122.162ms
[3677.722s][info][gc,cpu         ] GC(880) User=0.72s Sys=0.00s Real=0.12s
...[3680.432s][info][gc,start       ] GC(881) Pause Young (Mixed) (G1 Evacuation Pause)
[3680.432s][info][gc,task        ] GC(881) Using 6 workers of 6 for evacuation
[3680.566s][info][gc,phases      ] GC(881)   Pre Evacuate Collection Set: 0.37ms
[3680.566s][info][gc,phases      ] GC(881)   Merge Heap Roots: 0.81ms
[3680.566s][info][gc,phases      ] GC(881)   Evacuate Collection Set: 132.38ms
[3680.566s][info][gc,phases      ] GC(881)   Post Evacuate Collection Set: 0.94ms
[3680.566s][info][gc,phases      ] GC(881)   Other: 0.09ms
[3680.566s][info][gc,heap        ] GC(881) Eden regions: 1103->0(1118)
[3680.566s][info][gc,heap        ] GC(881) Survivor regions: 113->110(152)
[3680.566s][info][gc,heap        ] GC(881) Old regions: 536->472
[3680.566s][info][gc,heap        ] GC(881) Humongous regions: 80->80
[3680.566s][info][gc,metaspace   ] GC(881) Metaspace: 28876K(29248K)->28876K(29248K) NonClass: 24008K(24192K)->24008K(24192K) Class: 4868K(5056K)->4868K(5056K)
[3680.566s][info][gc             ] GC(881) Pause Young (Mixed) (G1 Evacuation Pause) 3663M->1321M(4096M) 134.751ms
[3680.566s][info][gc,cpu         ] GC(881) User=0.80s Sys=0.00s Real=0.13s
...[3683.369s][info][gc,start       ] GC(882) Pause Young (Concurrent Start) (G1 Evacuation Pause)
[3683.369s][info][gc,task        ] GC(882) Using 6 workers of 6 for evacuation
[3683.488s][info][gc,phases      ] GC(882)   Pre Evacuate Collection Set: 0.38ms
[3683.488s][info][gc,phases      ] GC(882)   Merge Heap Roots: 0.45ms
[3683.488s][info][gc,phases      ] GC(882)   Evacuate Collection Set: 117.15ms
[3683.488s][info][gc,phases      ] GC(882)   Post Evacuate Collection Set: 0.89ms
[3683.488s][info][gc,phases      ] GC(882)   Other: 0.12ms
[3683.488s][info][gc,heap        ] GC(882) Eden regions: 1118->0(1117)
[3683.488s][info][gc,heap        ] GC(882) Survivor regions: 110->111(154)
[3683.488s][info][gc,heap        ] GC(882) Old regions: 472->505
[3683.488s][info][gc,heap        ] GC(882) Humongous regions: 80->80
[3683.488s][info][gc,metaspace   ] GC(882) Metaspace: 28876K(29248K)->28876K(29248K) NonClass: 24008K(24192K)->24008K(24192K) Class: 4868K(5056K)->4868K(5056K)
[3683.488s][info][gc             ] GC(882) Pause Young (Concurrent Start) (G1 Evacuation Pause) 3557M->1390M(4096M) 119.115ms
[3683.488s][info][gc             ] GC(883) Concurrent Mark Cycle
[3683.488s][info][gc,marking     ] GC(883) Concurrent Scan Root Regions
[3683.488s][info][gc,cpu         ] GC(882) User=0.71s Sys=0.00s Real=0.12s
[3683.689s][info][gc,marking     ] GC(883) Concurrent Scan Root Regions 201.405ms
[3683.689s][info][gc,marking     ] GC(883) Concurrent Mark
[3683.689s][info][gc,marking     ] GC(883) Concurrent Mark From Roots
[3683.689s][info][gc,task        ] GC(883) Using 2 workers of 2 for marking
.[3684.590s][info][gc,marking     ] GC(883) Concurrent Mark From Roots 900.213ms
[3684.590s][info][gc,marking     ] GC(883) Concurrent Preclean
[3684.590s][info][gc,marking     ] GC(883) Concurrent Preclean 0.088ms
[3684.590s][info][gc,start       ] GC(883) Pause Remark
[3684.593s][info][gc             ] GC(883) Pause Remark 2343M->2343M(4096M) 3.521ms
[3684.593s][info][gc,cpu         ] GC(883) User=0.02s Sys=0.00s Real=0.00s
[3684.593s][info][gc,marking     ] GC(883) Concurrent Mark 904.078ms
[3684.593s][info][gc,marking     ] GC(883) Concurrent Rebuild Remembered Sets and Scrub Regions
[3684.847s][info][gc,marking     ] GC(883) Concurrent Rebuild Remembered Sets and Scrub Regions 253.253ms
[3684.848s][info][gc,start       ] GC(883) Pause Cleanup
[3684.848s][info][gc             ] GC(883) Pause Cleanup 2538M->2538M(4096M) 0.126ms
[3684.848s][info][gc,cpu         ] GC(883) User=0.00s Sys=0.00s Real=0.00s
[3684.849s][info][gc,marking     ] GC(883) Concurrent Clear Claimed Marks
[3684.849s][info][gc,marking     ] GC(883) Concurrent Clear Claimed Marks 0.037ms
[3684.849s][info][gc,marking     ] GC(883) Concurrent Cleanup for Next Mark
[3684.860s][info][gc,marking     ] GC(883) Concurrent Cleanup for Next Mark 11.260ms
[3684.860s][info][gc             ] GC(883) Concurrent Mark Cycle 1372.604ms
..[3686.214s][info][gc,start       ] GC(884) Pause Young (Prepare Mixed) (G1 Evacuation Pause)
[3686.214s][info][gc,task        ] GC(884) Using 6 workers of 6 for evacuation
[3686.329s][info][gc,phases      ] GC(884)   Pre Evacuate Collection Set: 0.32ms
[3686.329s][info][gc,phases      ] GC(884)   Merge Heap Roots: 0.50ms
[3686.329s][info][gc,phases      ] GC(884)   Evacuate Collection Set: 113.45ms
[3686.329s][info][gc,phases      ] GC(884)   Post Evacuate Collection Set: 0.89ms
[3686.329s][info][gc,phases      ] GC(884)   Other: 0.09ms
[3686.329s][info][gc,heap        ] GC(884) Eden regions: 1117->0(1111)
[3686.329s][info][gc,heap        ] GC(884) Survivor regions: 111->109(154)
[3686.329s][info][gc,heap        ] GC(884) Old regions: 505->536
[3686.329s][info][gc,heap        ] GC(884) Humongous regions: 80->80
[3686.329s][info][gc,metaspace   ] GC(884) Metaspace: 28876K(29248K)->28876K(29248K) NonClass: 24008K(24192K)->24008K(24192K) Class: 4868K(5056K)->4868K(5056K)
[3686.330s][info][gc             ] GC(884) Pause Young (Prepare Mixed) (G1 Evacuation Pause) 3624M->1447M(4096M) 115.401ms
[3686.330s][info][gc,cpu         ] GC(884) User=0.69s Sys=0.00s Real=0.12s
...[3689.124s][info][gc,start       ] GC(885) Pause Young (Mixed) (G1 Evacuation Pause)
[3689.124s][info][gc,task        ] GC(885) Using 6 workers of 6 for evacuation
[3689.258s][info][gc,phases      ] GC(885)   Pre Evacuate Collection Set: 0.38ms
[3689.258s][info][gc,phases      ] GC(885)   Merge Heap Roots: 0.69ms
[3689.258s][info][gc,phases      ] GC(885)   Evacuate Collection Set: 132.17ms
[3689.258s][info][gc,phases      ] GC(885)   Post Evacuate Collection Set: 0.94ms
[3689.258s][info][gc,phases      ] GC(885)   Other: 0.09ms
[3689.258s][info][gc,heap        ] GC(885) Eden regions: 1111->0(1118)
[3689.258s][info][gc,heap        ] GC(885) Survivor regions: 109->110(153)
[3689.258s][info][gc,heap        ] GC(885) Old regions: 536->473
[3689.258s][info][gc,heap        ] GC(885) Humongous regions: 80->80
[3689.258s][info][gc,metaspace   ] GC(885) Metaspace: 28876K(29248K)->28876K(29248K) NonClass: 24008K(24192K)->24008K(24192K) Class: 4868K(5056K)->4868K(5056K)
[3689.258s][info][gc             ] GC(885) Pause Young (Mixed) (G1 Evacuation Pause) 3669M->1325M(4096M) 134.403ms
[3689.258s][info][gc,cpu         ] GC(885) User=0.80s Sys=0.00s Real=0.14s
...[3692.070s][info][gc,start       ] GC(886) Pause Young (Concurrent Start) (G1 Evacuation Pause)
[3692.070s][info][gc,task        ] GC(886) Using 6 workers of 6 for evacuation
[3692.187s][info][gc,phases      ] GC(886)   Pre Evacuate Collection Set: 0.41ms
[3692.187s][info][gc,phases      ] GC(886)   Merge Heap Roots: 0.46ms
[3692.187s][info][gc,phases      ] GC(886)   Evacuate Collection Set: 114.95ms
[3692.187s][info][gc,phases      ] GC(886)   Post Evacuate Collection Set: 0.88ms
[3692.187s][info][gc,phases      ] GC(886)   Other: 0.12ms
[3692.187s][info][gc,heap        ] GC(886) Eden regions: 1118->0(1117)
[3692.187s][info][gc,heap        ] GC(886) Survivor regions: 110->111(154)
[3692.187s][info][gc,heap        ] GC(886) Old regions: 473->505
[3692.187s][info][gc,heap        ] GC(886) Humongous regions: 80->80
[3692.187s][info][gc,metaspace   ] GC(886) Metaspace: 28876K(29248K)->28876K(29248K) NonClass: 24008K(24192K)->24008K(24192K) Class: 4868K(5056K)->4868K(5056K)
[3692.187s][info][gc             ] GC(886) Pause Young (Concurrent Start) (G1 Evacuation Pause) 3561M->1389M(4096M) 116.971ms
[3692.187s][info][gc             ] GC(887) Concurrent Mark Cycle
[3692.187s][info][gc,marking     ] GC(887) Concurrent Scan Root Regions
[3692.187s][info][gc,cpu         ] GC(886) User=0.69s Sys=0.00s Real=0.12s
[3692.367s][info][gc,marking     ] GC(887) Concurrent Scan Root Regions 179.105ms
[3692.367s][info][gc,marking     ] GC(887) Concurrent Mark
[3692.367s][info][gc,marking     ] GC(887) Concurrent Mark From Roots
[3692.367s][info][gc,task        ] GC(887) Using 2 workers of 2 for marking
.[3693.330s][info][gc,marking     ] GC(887) Concurrent Mark From Roots 963.669ms
[3693.330s][info][gc,marking     ] GC(887) Concurrent Preclean
[3693.330s][info][gc,marking     ] GC(887) Concurrent Preclean 0.123ms
[3693.331s][info][gc,start       ] GC(887) Pause Remark
[3693.335s][info][gc             ] GC(887) Pause Remark 2376M->2376M(4096M) 4.786ms
[3693.335s][info][gc,cpu         ] GC(887) User=0.03s Sys=0.00s Real=0.00s
[3693.336s][info][gc,marking     ] GC(887) Concurrent Mark 969.151ms
[3693.336s][info][gc,marking     ] GC(887) Concurrent Rebuild Remembered Sets and Scrub Regions
[3693.578s][info][gc,marking     ] GC(887) Concurrent Rebuild Remembered Sets and Scrub Regions 242.450ms
[3693.578s][info][gc,start       ] GC(887) Pause Cleanup
[3693.578s][info][gc             ] GC(887) Pause Cleanup 2548M->2548M(4096M) 0.104ms
[3693.578s][info][gc,cpu         ] GC(887) User=0.00s Sys=0.00s Real=0.00s
[3693.578s][info][gc,marking     ] GC(887) Concurrent Clear Claimed Marks
[3693.578s][info][gc,marking     ] GC(887) Concurrent Clear Claimed Marks 0.022ms
[3693.578s][info][gc,marking     ] GC(887) Concurrent Cleanup for Next Mark
[3693.582s][info][gc,marking     ] GC(887) Concurrent Cleanup for Next Mark 3.232ms
[3693.582s][info][gc             ] GC(887) Concurrent Mark Cycle 1394.361ms
.[3694.935s][info][gc,start       ] GC(888) Pause Young (Prepare Mixed) (G1 Evacuation Pause)
[3694.935s][info][gc,task        ] GC(888) Using 6 workers of 6 for evacuation
[3695.051s][info][gc,phases      ] GC(888)   Pre Evacuate Collection Set: 0.31ms
[3695.051s][info][gc,phases      ] GC(888)   Merge Heap Roots: 0.49ms
[3695.051s][info][gc,phases      ] GC(888)   Evacuate Collection Set: 114.26ms
[3695.051s][info][gc,phases      ] GC(888)   Post Evacuate Collection Set: 0.92ms
[3695.052s][info][gc,phases      ] GC(888)   Other: 0.09ms
[3695.052s][info][gc,heap        ] GC(888) Eden regions: 1117->0(1110)
[3695.052s][info][gc,heap        ] GC(888) Survivor regions: 111->109(154)
[3695.052s][info][gc,heap        ] GC(888) Old regions: 505->537
[3695.052s][info][gc,heap        ] GC(888) Humongous regions: 80->80
[3695.052s][info][gc,metaspace   ] GC(888) Metaspace: 28876K(29248K)->28876K(29248K) NonClass: 24008K(24192K)->24008K(24192K) Class: 4868K(5056K)->4868K(5056K)
[3695.052s][info][gc             ] GC(888) Pause Young (Prepare Mixed) (G1 Evacuation Pause) 3623M->1450M(4096M) 116.200ms
[3695.052s][info][gc,cpu         ] GC(888) User=0.69s Sys=0.00s Real=0.12s
...[3697.831s][info][gc,start       ] GC(889) Pause Young (Mixed) (G1 Evacuation Pause)
[3697.831s][info][gc,task        ] GC(889) Using 6 workers of 6 for evacuation
[3697.965s][info][gc,phases      ] GC(889)   Pre Evacuate Collection Set: 0.34ms
[3697.965s][info][gc,phases      ] GC(889)   Merge Heap Roots: 0.71ms
[3697.965s][info][gc,phases      ] GC(889)   Evacuate Collection Set: 131.84ms
[3697.965s][info][gc,phases      ] GC(889)   Post Evacuate Collection Set: 0.99ms
[3697.965s][info][gc,phases      ] GC(889)   Other: 0.09ms
[3697.965s][info][gc,heap        ] GC(889) Eden regions: 1110->0(1119)
[3697.965s][info][gc,heap        ] GC(889) Survivor regions: 109->109(153)
[3697.965s][info][gc,heap        ] GC(889) Old regions: 537->472
[3697.965s][info][gc,heap        ] GC(889) Humongous regions: 80->80
[3697.965s][info][gc,metaspace   ] GC(889) Metaspace: 28876K(29248K)->28876K(29248K) NonClass: 24008K(24192K)->24008K(24192K) Class: 4868K(5056K)->4868K(5056K)
[3697.965s][info][gc             ] GC(889) Pause Young (Mixed) (G1 Evacuation Pause) 3670M->1320M(4096M) 134.092ms
[3697.965s][info][gc,cpu         ] GC(889) User=0.80s Sys=0.00s Real=0.13s
...[3700.761s][info][gc,start       ] GC(890) Pause Young (Concurrent Start) (G1 Evacuation Pause)
[3700.761s][info][gc,task        ] GC(890) Using 6 workers of 6 for evacuation
[3700.877s][info][gc,phases      ] GC(890)   Pre Evacuate Collection Set: 0.37ms
[3700.878s][info][gc,phases      ] GC(890)   Merge Heap Roots: 0.47ms
[3700.878s][info][gc,phases      ] GC(890)   Evacuate Collection Set: 114.36ms
[3700.878s][info][gc,phases      ] GC(890)   Post Evacuate Collection Set: 0.87ms
[3700.878s][info][gc,phases      ] GC(890)   Other: 0.12ms
[3700.878s][info][gc,heap        ] GC(890) Eden regions: 1119->0(1120)
[3700.878s][info][gc,heap        ] GC(890) Survivor regions: 109->108(154)
[3700.878s][info][gc,heap        ] GC(890) Old regions: 472->504
[3700.878s][info][gc,heap        ] GC(890) Humongous regions: 80->80
[3700.878s][info][gc,metaspace   ] GC(890) Metaspace: 28876K(29248K)->28876K(29248K) NonClass: 24008K(24192K)->24008K(24192K) Class: 4868K(5056K)->4868K(5056K)
[3700.878s][info][gc             ] GC(890) Pause Young (Concurrent Start) (G1 Evacuation Pause) 3558M->1382M(4096M) 116.316ms
[3700.878s][info][gc             ] GC(891) Concurrent Mark Cycle
[3700.878s][info][gc,marking     ] GC(891) Concurrent Scan Root Regions
[3700.878s][info][gc,cpu         ] GC(890) User=0.69s Sys=0.00s Real=0.12s
[3701.021s][info][gc,marking     ] GC(891) Concurrent Scan Root Regions 143.072ms
[3701.021s][info][gc,marking     ] GC(891) Concurrent Mark
[3701.021s][info][gc,marking     ] GC(891) Concurrent Mark From Roots
[3701.021s][info][gc,task        ] GC(891) Using 2 workers of 2 for marking
.[3701.735s][info][gc,marking     ] GC(891) Concurrent Mark From Roots 714.013ms
[3701.735s][info][gc,marking     ] GC(891) Concurrent Preclean
[3701.735s][info][gc,marking     ] GC(891) Concurrent Preclean 0.077ms
[3701.735s][info][gc,start       ] GC(891) Pause Remark
[3701.738s][info][gc             ] GC(891) Pause Remark 2074M->2074M(4096M) 3.163ms
[3701.738s][info][gc,cpu         ] GC(891) User=0.01s Sys=0.00s Real=0.01s
[3701.738s][info][gc,marking     ] GC(891) Concurrent Mark 717.585ms
[3701.738s][info][gc,marking     ] GC(891) Concurrent Rebuild Remembered Sets and Scrub Regions
[3702.010s][info][gc,marking     ] GC(891) Concurrent Rebuild Remembered Sets and Scrub Regions 271.532ms
[3702.011s][info][gc,start       ] GC(891) Pause Cleanup
[3702.011s][info][gc             ] GC(891) Pause Cleanup 2324M->2324M(4096M) 0.112ms
[3702.011s][info][gc,cpu         ] GC(891) User=0.00s Sys=0.00s Real=0.00s
[3702.011s][info][gc,marking     ] GC(891) Concurrent Clear Claimed Marks
[3702.011s][info][gc,marking     ] GC(891) Concurrent Clear Claimed Marks 0.019ms
[3702.011s][info][gc,marking     ] GC(891) Concurrent Cleanup for Next Mark
[3702.016s][info][gc,marking     ] GC(891) Concurrent Cleanup for Next Mark 5.163ms
[3702.016s][info][gc             ] GC(891) Concurrent Mark Cycle 1138.457ms
..[3703.679s][info][gc,start       ] GC(892) Pause Young (Prepare Mixed) (G1 Evacuation Pause)
[3703.679s][info][gc,task        ] GC(892) Using 6 workers of 6 for evacuation
[3703.796s][info][gc,phases      ] GC(892)   Pre Evacuate Collection Set: 0.31ms
[3703.796s][info][gc,phases      ] GC(892)   Merge Heap Roots: 0.49ms
[3703.796s][info][gc,phases      ] GC(892)   Evacuate Collection Set: 114.66ms
[3703.796s][info][gc,phases      ] GC(892)   Post Evacuate Collection Set: 0.92ms
[3703.796s][info][gc,phases      ] GC(892)   Other: 0.09ms
[3703.796s][info][gc,heap        ] GC(892) Eden regions: 1120->0(1110)
[3703.796s][info][gc,heap        ] GC(892) Survivor regions: 108->110(154)
[3703.796s][info][gc,heap        ] GC(892) Old regions: 504->535
[3703.796s][info][gc,heap        ] GC(892) Humongous regions: 80->80
[3703.796s][info][gc,metaspace   ] GC(892) Metaspace: 28876K(29248K)->28876K(29248K) NonClass: 24008K(24192K)->24008K(24192K) Class: 4868K(5056K)->4868K(5056K)
[3703.796s][info][gc             ] GC(892) Pause Young (Prepare Mixed) (G1 Evacuation Pause) 3622M->1448M(4096M) 116.646ms
[3703.796s][info][gc,cpu         ] GC(892) User=0.70s Sys=0.00s Real=0.11s
...[3706.570s][info][gc,start       ] GC(893) Pause Young (Mixed) (G1 Evacuation Pause)
[3706.570s][info][gc,task        ] GC(893) Using 6 workers of 6 for evacuation
[3706.710s][info][gc,phases      ] GC(893)   Pre Evacuate Collection Set: 0.34ms
[3706.710s][info][gc,phases      ] GC(893)   Merge Heap Roots: 0.73ms
[3706.710s][info][gc,phases      ] GC(893)   Evacuate Collection Set: 137.91ms
[3706.710s][info][gc,phases      ] GC(893)   Post Evacuate Collection Set: 0.94ms
[3706.710s][info][gc,phases      ] GC(893)   Other: 0.09ms
[3706.710s][info][gc,heap        ] GC(893) Eden regions: 1110->0(1115)
[3706.710s][info][gc,heap        ] GC(893) Survivor regions: 110->113(153)
[3706.710s][info][gc,heap        ] GC(893) Old regions: 535->472
[3706.710s][info][gc,heap        ] GC(893) Humongous regions: 80->80
[3706.710s][info][gc,metaspace   ] GC(893) Metaspace: 28876K(29248K)->28876K(29248K) NonClass: 24008K(24192K)->24008K(24192K) Class: 4868K(5056K)->4868K(5056K)
[3706.710s][info][gc             ] GC(893) Pause Young (Mixed) (G1 Evacuation Pause) 3668M->1328M(4096M) 140.145ms
[3706.710s][info][gc,cpu         ] GC(893) User=0.83s Sys=0.00s Real=0.14s
...[3709.408s][info][gc,start       ] GC(894) Pause Young (Concurrent Start) (G1 Evacuation Pause)
[3709.408s][info][gc,task        ] GC(894) Using 6 workers of 6 for evacuation
[3709.524s][info][gc,phases      ] GC(894)   Pre Evacuate Collection Set: 0.36ms
[3709.524s][info][gc,phases      ] GC(894)   Merge Heap Roots: 0.46ms
[3709.524s][info][gc,phases      ] GC(894)   Evacuate Collection Set: 115.04ms
[3709.524s][info][gc,phases      ] GC(894)   Post Evacuate Collection Set: 0.87ms
[3709.524s][info][gc,phases      ] GC(894)   Other: 0.10ms
[3709.524s][info][gc,heap        ] GC(894) Eden regions: 1115->0(1119)
[3709.524s][info][gc,heap        ] GC(894) Survivor regions: 113->109(154)
[3709.524s][info][gc,heap        ] GC(894) Old regions: 472->504
[3709.524s][info][gc,heap        ] GC(894) Humongous regions: 80->80
[3709.524s][info][gc,metaspace   ] GC(894) Metaspace: 28876K(29248K)->28876K(29248K) NonClass: 24008K(24192K)->24008K(24192K) Class: 4868K(5056K)->4868K(5056K)
[3709.524s][info][gc             ] GC(894) Pause Young (Concurrent Start) (G1 Evacuation Pause) 3558M->1385M(4096M) 116.971ms
[3709.525s][info][gc             ] GC(895) Concurrent Mark Cycle
[3709.525s][info][gc,marking     ] GC(895) Concurrent Scan Root Regions
[3709.525s][info][gc,cpu         ] GC(894) User=0.70s Sys=0.00s Real=0.11s
[3709.751s][info][gc,marking     ] GC(895) Concurrent Scan Root Regions 226.077ms
[3709.751s][info][gc,marking     ] GC(895) Concurrent Mark
[3709.751s][info][gc,marking     ] GC(895) Concurrent Mark From Roots
[3709.751s][info][gc,task        ] GC(895) Using 2 workers of 2 for marking
.[3710.610s][info][gc,marking     ] GC(895) Concurrent Mark From Roots 858.827ms
[3710.610s][info][gc,marking     ] GC(895) Concurrent Preclean
[3710.610s][info][gc,marking     ] GC(895) Concurrent Preclean 0.091ms
[3710.610s][info][gc,start       ] GC(895) Pause Remark
[3710.614s][info][gc             ] GC(895) Pause Remark 2289M->2289M(4096M) 3.536ms
[3710.614s][info][gc,cpu         ] GC(895) User=0.02s Sys=0.00s Real=0.00s
[3710.614s][info][gc,marking     ] GC(895) Concurrent Mark 863.395ms
[3710.614s][info][gc,marking     ] GC(895) Concurrent Rebuild Remembered Sets and Scrub Regions
[3710.969s][info][gc,marking     ] GC(895) Concurrent Rebuild Remembered Sets and Scrub Regions 354.562ms
[3710.969s][info][gc,start       ] GC(895) Pause Cleanup
[3710.969s][info][gc             ] GC(895) Pause Cleanup 2559M->2559M(4096M) 0.103ms
[3710.969s][info][gc,cpu         ] GC(895) User=0.00s Sys=0.00s Real=0.00s
[3710.969s][info][gc,marking     ] GC(895) Concurrent Clear Claimed Marks
[3710.969s][info][gc,marking     ] GC(895) Concurrent Clear Claimed Marks 0.024ms
[3710.969s][info][gc,marking     ] GC(895) Concurrent Cleanup for Next Mark
[3710.973s][info][gc,marking     ] GC(895) Concurrent Cleanup for Next Mark 4.307ms
[3710.973s][info][gc             ] GC(895) Concurrent Mark Cycle 1448.814ms
..[3712.339s][info][gc,start       ] GC(896) Pause Young (Prepare Mixed) (G1 Evacuation Pause)
[3712.339s][info][gc,task        ] GC(896) Using 6 workers of 6 for evacuation
[3712.455s][info][gc,phases      ] GC(896)   Pre Evacuate Collection Set: 0.37ms
[3712.455s][info][gc,phases      ] GC(896)   Merge Heap Roots: 0.53ms
[3712.455s][info][gc,phases      ] GC(896)   Evacuate Collection Set: 113.81ms
[3712.455s][info][gc,phases      ] GC(896)   Post Evacuate Collection Set: 0.92ms
[3712.455s][info][gc,phases      ] GC(896)   Other: 0.09ms
[3712.455s][info][gc,heap        ] GC(896) Eden regions: 1119->0(1111)
[3712.455s][info][gc,heap        ] GC(896) Survivor regions: 109->109(154)
[3712.455s][info][gc,heap        ] GC(896) Old regions: 504->536
[3712.455s][info][gc,heap        ] GC(896) Humongous regions: 80->80
[3712.455s][info][gc,metaspace   ] GC(896) Metaspace: 28876K(29248K)->28876K(29248K) NonClass: 24008K(24192K)->24008K(24192K) Class: 4868K(5056K)->4868K(5056K)
[3712.455s][info][gc             ] GC(896) Pause Young (Prepare Mixed) (G1 Evacuation Pause) 3623M->1448M(4096M) 115.837ms
[3712.455s][info][gc,cpu         ] GC(896) User=0.69s Sys=0.00s Real=0.11s
. (rIR:aIR:PR = 6503:6501:6501) (tPR = 96841) [OK] 
  3712s: Performance info:
         Transaction,    Success,    Partial,     Failed,   Receipts, AvgBarcode, 
             Overall,     395552,          0,          0,     375763,      59.47, 
         Response times:
             Request,    Success,    Partial,     Failed,   SkipFail,     Probes,    Samples,      min,      p50,      p90,      p95,      p99,      max, 
       TotalPurchase,     375767,          0,          0,          0,     364299,     396426,      300,     5500,    31000,    55000,   111000,   241000,
     InStorePurchase,     197765,          0,          0,          0,     191555,     207817,      300,     5600,    32000,    56000,   111000,   241000,
      OnlinePurchase,     138477,          0,          0,          0,     134190,     146153,      300,     5200,    30000,    54000,   110000,   222000,
        InstPurchase,      39525,          0,          0,          0,      38554,      42456,      300,     5700,    32000,    55000,   112000,   201000,
          AssocOfCat,        397,          0,          0,          0,        320,        415,    25000,    37000,    81400,    95400,   186560,   243000,
      AssocOfProduct,       3962,          0,          0,          0,       3693,       4221,      500,     4900,    26000,    52000,   104000,   193000,
      BusinessReport,        992,          0,          0,          0,        884,       1077,    26000,    43000,    93000,   119000,   191220,   249000,
          CustBuyBeh,       3956,          0,          0,          0,       3657,       4179,      300,     3800,    29000,    50000,   100000,   192000,
       ProductReturn,      10482,          0,          0,          0,      10108,      11366,      200,     4500,    29000,    51000,   101000,   201000,

  3712s: (48%)   IR =   6642 .[3715.139s][info][gc,start       ] GC(897) Pause Young (Mixed) (G1 Evacuation Pause)
[3715.139s][info][gc,task        ] GC(897) Using 6 workers of 6 for evacuation
[3715.274s][info][gc,phases      ] GC(897)   Pre Evacuate Collection Set: 0.38ms
[3715.274s][info][gc,phases      ] GC(897)   Merge Heap Roots: 0.74ms
[3715.274s][info][gc,phases      ] GC(897)   Evacuate Collection Set: 132.20ms
[3715.274s][info][gc,phases      ] GC(897)   Post Evacuate Collection Set: 0.95ms
[3715.274s][info][gc,phases      ] GC(897)   Other: 0.09ms
[3715.274s][info][gc,heap        ] GC(897) Eden regions: 1111->0(1120)
[3715.274s][info][gc,heap        ] GC(897) Survivor regions: 109->108(153)
[3715.274s][info][gc,heap        ] GC(897) Old regions: 536->475
[3715.274s][info][gc,heap        ] GC(897) Humongous regions: 80->80
[3715.274s][info][gc,metaspace   ] GC(897) Metaspace: 28876K(29248K)->28876K(29248K) NonClass: 24008K(24192K)->24008K(24192K) Class: 4868K(5056K)->4868K(5056K)
[3715.274s][info][gc             ] GC(897) Pause Young (Mixed) (G1 Evacuation Pause) 3670M->1324M(4096M) 134.482ms
[3715.274s][info][gc,cpu         ] GC(897) User=0.80s Sys=0.00s Real=0.13s
...[3717.973s][info][gc,start       ] GC(898) Pause Young (Concurrent Start) (G1 Evacuation Pause)
[3717.973s][info][gc,task        ] GC(898) Using 6 workers of 6 for evacuation
[3718.088s][info][gc,phases      ] GC(898)   Pre Evacuate Collection Set: 0.38ms
[3718.088s][info][gc,phases      ] GC(898)   Merge Heap Roots: 0.46ms
[3718.088s][info][gc,phases      ] GC(898)   Evacuate Collection Set: 113.63ms
[3718.088s][info][gc,phases      ] GC(898)   Post Evacuate Collection Set: 0.86ms
[3718.088s][info][gc,phases      ] GC(898)   Other: 0.11ms
[3718.088s][info][gc,heap        ] GC(898) Eden regions: 1120->0(1120)
[3718.088s][info][gc,heap        ] GC(898) Survivor regions: 108->108(154)
[3718.088s][info][gc,heap        ] GC(898) Old regions: 475->507
[3718.088s][info][gc,heap        ] GC(898) Humongous regions: 80->80
[3718.088s][info][gc,metaspace   ] GC(898) Metaspace: 28876K(29248K)->28876K(29248K) NonClass: 24008K(24192K)->24008K(24192K) Class: 4868K(5056K)->4868K(5056K)
[3718.088s][info][gc             ] GC(898) Pause Young (Concurrent Start) (G1 Evacuation Pause) 3564M->1388M(4096M) 115.594ms
[3718.088s][info][gc             ] GC(899) Concurrent Mark Cycle
[3718.088s][info][gc,marking     ] GC(899) Concurrent Scan Root Regions
[3718.088s][info][gc,cpu         ] GC(898) User=0.69s Sys=0.00s Real=0.12s
[3718.295s][info][gc,marking     ] GC(899) Concurrent Scan Root Regions 207.206ms
[3718.295s][info][gc,marking     ] GC(899) Concurrent Mark
[3718.296s][info][gc,marking     ] GC(899) Concurrent Mark From Roots
[3718.296s][info][gc,task        ] GC(899) Using 2 workers of 2 for marking
.[3719.268s][info][gc,marking     ] GC(899) Concurrent Mark From Roots 972.517ms
[3719.268s][info][gc,marking     ] GC(899) Concurrent Preclean
[3719.268s][info][gc,marking     ] GC(899) Concurrent Preclean 0.140ms
[3719.270s][info][gc,start       ] GC(899) Pause Remark
[3719.275s][info][gc             ] GC(899) Pause Remark 2378M->2378M(4096M) 4.253ms
[3719.275s][info][gc,cpu         ] GC(899) User=0.03s Sys=0.00s Real=0.00s
[3719.275s][info][gc,marking     ] GC(899) Concurrent Mark 979.933ms
[3719.275s][info][gc,marking     ] GC(899) Concurrent Rebuild Remembered Sets and Scrub Regions
.[3719.636s][info][gc,marking     ] GC(899) Concurrent Rebuild Remembered Sets and Scrub Regions 361.027ms
[3719.637s][info][gc,start       ] GC(899) Pause Cleanup
[3719.637s][info][gc             ] GC(899) Pause Cleanup 2666M->2666M(4096M) 0.110ms
[3719.637s][info][gc,cpu         ] GC(899) User=0.00s Sys=0.00s Real=0.00s
[3719.637s][info][gc,marking     ] GC(899) Concurrent Clear Claimed Marks
[3719.637s][info][gc,marking     ] GC(899) Concurrent Clear Claimed Marks 0.024ms
[3719.637s][info][gc,marking     ] GC(899) Concurrent Cleanup for Next Mark
[3719.640s][info][gc,marking     ] GC(899) Concurrent Cleanup for Next Mark 3.337ms
[3719.640s][info][gc             ] GC(899) Concurrent Mark Cycle 1551.971ms
.[3720.856s][info][gc,start       ] GC(900) Pause Young (Prepare Mixed) (G1 Evacuation Pause)
[3720.856s][info][gc,task        ] GC(900) Using 6 workers of 6 for evacuation
[3720.971s][info][gc,phases      ] GC(900)   Pre Evacuate Collection Set: 0.35ms
[3720.971s][info][gc,phases      ] GC(900)   Merge Heap Roots: 0.51ms
[3720.971s][info][gc,phases      ] GC(900)   Evacuate Collection Set: 113.63ms
[3720.971s][info][gc,phases      ] GC(900)   Post Evacuate Collection Set: 0.92ms
[3720.971s][info][gc,phases      ] GC(900)   Other: 0.09ms
[3720.971s][info][gc,heap        ] GC(900) Eden regions: 1120->0(1107)
[3720.971s][info][gc,heap        ] GC(900) Survivor regions: 108->110(154)
[3720.972s][info][gc,heap        ] GC(900) Old regions: 507->538
[3720.972s][info][gc,heap        ] GC(900) Humongous regions: 80->80
[3720.972s][info][gc,metaspace   ] GC(900) Metaspace: 28876K(29248K)->28876K(29248K) NonClass: 24008K(24192K)->24008K(24192K) Class: 4868K(5056K)->4868K(5056K)
[3720.972s][info][gc             ] GC(900) Pause Young (Prepare Mixed) (G1 Evacuation Pause) 3628M->1453M(4096M) 115.621ms
[3720.972s][info][gc,cpu         ] GC(900) User=0.68s Sys=0.00s Real=0.12s
.|..[3723.622s][info][gc,start       ] GC(901) Pause Young (Mixed) (G1 Evacuation Pause)
[3723.622s][info][gc,task        ] GC(901) Using 6 workers of 6 for evacuation
[3723.754s][info][gc,phases      ] GC(901)   Pre Evacuate Collection Set: 0.40ms
[3723.754s][info][gc,phases      ] GC(901)   Merge Heap Roots: 0.65ms
[3723.754s][info][gc,phases      ] GC(901)   Evacuate Collection Set: 130.06ms
[3723.754s][info][gc,phases      ] GC(901)   Post Evacuate Collection Set: 0.93ms
[3723.754s][info][gc,phases      ] GC(901)   Other: 0.09ms
[3723.754s][info][gc,heap        ] GC(901) Eden regions: 1107->0(1117)
[3723.754s][info][gc,heap        ] GC(901) Survivor regions: 110->111(153)
[3723.755s][info][gc,heap        ] GC(901) Old regions: 538->473
[3723.755s][info][gc,heap        ] GC(901) Humongous regions: 80->80
[3723.755s][info][gc,metaspace   ] GC(901) Metaspace: 28876K(29248K)->28876K(29248K) NonClass: 24008K(24192K)->24008K(24192K) Class: 4868K(5056K)->4868K(5056K)
[3723.755s][info][gc             ] GC(901) Pause Young (Mixed) (G1 Evacuation Pause) 3667M->1325M(4096M) 132.262ms
[3723.755s][info][gc,cpu         ] GC(901) User=0.79s Sys=0.00s Real=0.13s
...[3726.516s][info][gc,start       ] GC(902) Pause Young (Concurrent Start) (G1 Evacuation Pause)
[3726.516s][info][gc,task        ] GC(902) Using 6 workers of 6 for evacuation
[3726.635s][info][gc,phases      ] GC(902)   Pre Evacuate Collection Set: 0.35ms
[3726.635s][info][gc,phases      ] GC(902)   Merge Heap Roots: 0.48ms
[3726.635s][info][gc,phases      ] GC(902)   Evacuate Collection Set: 117.66ms
[3726.635s][info][gc,phases      ] GC(902)   Post Evacuate Collection Set: 0.87ms
[3726.635s][info][gc,phases      ] GC(902)   Other: 0.12ms
[3726.635s][info][gc,heap        ] GC(902) Eden regions: 1117->0(1117)
[3726.635s][info][gc,heap        ] GC(902) Survivor regions: 111->111(154)
[3726.635s][info][gc,heap        ] GC(902) Old regions: 473->505
[3726.635s][info][gc,heap        ] GC(902) Humongous regions: 80->80
[3726.635s][info][gc,metaspace   ] GC(902) Metaspace: 28876K(29248K)->28876K(29248K) NonClass: 24008K(24192K)->24008K(24192K) Class: 4868K(5056K)->4868K(5056K)
[3726.635s][info][gc             ] GC(902) Pause Young (Concurrent Start) (G1 Evacuation Pause) 3559M->1391M(4096M) 119.620ms
[3726.635s][info][gc             ] GC(903) Concurrent Mark Cycle
[3726.635s][info][gc,marking     ] GC(903) Concurrent Scan Root Regions
[3726.635s][info][gc,cpu         ] GC(902) User=0.71s Sys=0.00s Real=0.12s
[3726.823s][info][gc,marking     ] GC(903) Concurrent Scan Root Regions 187.282ms
[3726.823s][info][gc,marking     ] GC(903) Concurrent Mark
[3726.823s][info][gc,marking     ] GC(903) Concurrent Mark From Roots
[3726.823s][info][gc,task        ] GC(903) Using 2 workers of 2 for marking
.[3727.858s][info][gc,marking     ] GC(903) Concurrent Mark From Roots 1035.494ms
[3727.858s][info][gc,marking     ] GC(903) Concurrent Preclean
[3727.858s][info][gc,marking     ] GC(903) Concurrent Preclean 0.128ms
[3727.859s][info][gc,start       ] GC(903) Pause Remark
[3727.861s][info][gc             ] GC(903) Pause Remark 2426M->2426M(4096M) 2.049ms
[3727.861s][info][gc,cpu         ] GC(903) User=0.01s Sys=0.00s Real=0.00s
[3727.862s][info][gc,marking     ] GC(903) Concurrent Mark 1038.942ms
[3727.862s][info][gc,marking     ] GC(903) Concurrent Rebuild Remembered Sets and Scrub Regions
[3728.147s][info][gc,marking     ] GC(903) Concurrent Rebuild Remembered Sets and Scrub Regions 285.013ms
[3728.147s][info][gc,start       ] GC(903) Pause Cleanup
[3728.147s][info][gc             ] GC(903) Pause Cleanup 2635M->2635M(4096M) 0.122ms
[3728.147s][info][gc,cpu         ] GC(903) User=0.00s Sys=0.00s Real=0.00s
[3728.147s][info][gc,marking     ] GC(903) Concurrent Clear Claimed Marks
[3728.147s][info][gc,marking     ] GC(903) Concurrent Clear Claimed Marks 0.025ms
[3728.147s][info][gc,marking     ] GC(903) Concurrent Cleanup for Next Mark
[3728.152s][info][gc,marking     ] GC(903) Concurrent Cleanup for Next Mark 4.872ms
[3728.152s][info][gc             ] GC(903) Concurrent Mark Cycle 1516.650ms
..[3729.389s][info][gc,start       ] GC(904) Pause Young (Prepare Mixed) (G1 Evacuation Pause)
[3729.389s][info][gc,task        ] GC(904) Using 6 workers of 6 for evacuation
[3729.504s][info][gc,phases      ] GC(904)   Pre Evacuate Collection Set: 0.33ms
[3729.504s][info][gc,phases      ] GC(904)   Merge Heap Roots: 0.50ms
[3729.504s][info][gc,phases      ] GC(904)   Evacuate Collection Set: 113.66ms
[3729.504s][info][gc,phases      ] GC(904)   Post Evacuate Collection Set: 0.89ms
[3729.504s][info][gc,phases      ] GC(904)   Other: 0.09ms
[3729.504s][info][gc,heap        ] GC(904) Eden regions: 1117->0(1109)
[3729.504s][info][gc,heap        ] GC(904) Survivor regions: 111->110(154)
[3729.504s][info][gc,heap        ] GC(904) Old regions: 505->536
[3729.504s][info][gc,heap        ] GC(904) Humongous regions: 80->80
[3729.504s][info][gc,metaspace   ] GC(904) Metaspace: 28876K(29248K)->28876K(29248K) NonClass: 24008K(24192K)->24008K(24192K) Class: 4868K(5056K)->4868K(5056K)
[3729.504s][info][gc             ] GC(904) Pause Young (Prepare Mixed) (G1 Evacuation Pause) 3625M->1451M(4096M) 115.601ms
[3729.504s][info][gc,cpu         ] GC(904) User=0.69s Sys=0.00s Real=0.11s
..[3732.173s][info][gc,start       ] GC(905) Pause Young (Mixed) (G1 Evacuation Pause)
[3732.173s][info][gc,task        ] GC(905) Using 6 workers of 6 for evacuation
[3732.304s][info][gc,phases      ] GC(905)   Pre Evacuate Collection Set: 0.33ms
[3732.304s][info][gc,phases      ] GC(905)   Merge Heap Roots: 0.60ms
[3732.304s][info][gc,phases      ] GC(905)   Evacuate Collection Set: 129.71ms
[3732.304s][info][gc,phases      ] GC(905)   Post Evacuate Collection Set: 1.01ms
[3732.304s][info][gc,phases      ] GC(905)   Other: 0.08ms
[3732.304s][info][gc,heap        ] GC(905) Eden regions: 1109->0(1116)
[3732.304s][info][gc,heap        ] GC(905) Survivor regions: 110->112(153)
[3732.305s][info][gc,heap        ] GC(905) Old regions: 536->472
[3732.305s][info][gc,heap        ] GC(905) Humongous regions: 80->80
[3732.305s][info][gc,metaspace   ] GC(905) Metaspace: 28876K(29248K)->28876K(29248K) NonClass: 24008K(24192K)->24008K(24192K) Class: 4868K(5056K)->4868K(5056K)
[3732.305s][info][gc             ] GC(905) Pause Young (Mixed) (G1 Evacuation Pause) 3669M->1326M(4096M) 131.902ms
[3732.305s][info][gc,cpu         ] GC(905) User=0.79s Sys=0.00s Real=0.13s
...[3735.046s][info][gc,start       ] GC(906) Pause Young (Concurrent Start) (G1 Evacuation Pause)
[3735.046s][info][gc,task        ] GC(906) Using 6 workers of 6 for evacuation
[3735.162s][info][gc,phases      ] GC(906)   Pre Evacuate Collection Set: 0.35ms
[3735.162s][info][gc,phases      ] GC(906)   Merge Heap Roots: 0.45ms
[3735.162s][info][gc,phases      ] GC(906)   Evacuate Collection Set: 114.25ms
[3735.162s][info][gc,phases      ] GC(906)   Post Evacuate Collection Set: 0.87ms
[3735.162s][info][gc,phases      ] GC(906)   Other: 0.11ms
[3735.162s][info][gc,heap        ] GC(906) Eden regions: 1116->0(1119)
[3735.162s][info][gc,heap        ] GC(906) Survivor regions: 112->109(154)
[3735.162s][info][gc,heap        ] GC(906) Old regions: 472->505
[3735.162s][info][gc,heap        ] GC(906) Humongous regions: 80->80
[3735.162s][info][gc,metaspace   ] GC(906) Metaspace: 28876K(29248K)->28876K(29248K) NonClass: 24008K(24192K)->24008K(24192K) Class: 4868K(5056K)->4868K(5056K)
[3735.162s][info][gc             ] GC(906) Pause Young (Concurrent Start) (G1 Evacuation Pause) 3558M->1385M(4096M) 116.160ms
[3735.162s][info][gc             ] GC(907) Concurrent Mark Cycle
[3735.162s][info][gc,marking     ] GC(907) Concurrent Scan Root Regions
[3735.162s][info][gc,cpu         ] GC(906) User=0.69s Sys=0.00s Real=0.12s
[3735.302s][info][gc,marking     ] GC(907) Concurrent Scan Root Regions 139.524ms
[3735.302s][info][gc,marking     ] GC(907) Concurrent Mark
[3735.302s][info][gc,marking     ] GC(907) Concurrent Mark From Roots
[3735.302s][info][gc,task        ] GC(907) Using 2 workers of 2 for marking
.[3736.006s][info][gc,marking     ] GC(907) Concurrent Mark From Roots 704.091ms
[3736.006s][info][gc,marking     ] GC(907) Concurrent Preclean
[3736.006s][info][gc,marking     ] GC(907) Concurrent Preclean 0.066ms
[3736.006s][info][gc,start       ] GC(907) Pause Remark
[3736.009s][info][gc             ] GC(907) Pause Remark 2069M->2069M(4096M) 3.349ms
[3736.009s][info][gc,cpu         ] GC(907) User=0.01s Sys=0.00s Real=0.01s
[3736.009s][info][gc,marking     ] GC(907) Concurrent Mark 707.746ms
[3736.009s][info][gc,marking     ] GC(907) Concurrent Rebuild Remembered Sets and Scrub Regions
[3736.265s][info][gc,marking     ] GC(907) Concurrent Rebuild Remembered Sets and Scrub Regions 256.136ms
[3736.266s][info][gc,start       ] GC(907) Pause Cleanup
[3736.266s][info][gc             ] GC(907) Pause Cleanup 2287M->2287M(4096M) 0.114ms
[3736.266s][info][gc,cpu         ] GC(907) User=0.00s Sys=0.00s Real=0.00s
[3736.266s][info][gc,marking     ] GC(907) Concurrent Clear Claimed Marks
[3736.266s][info][gc,marking     ] GC(907) Concurrent Clear Claimed Marks 0.021ms
[3736.266s][info][gc,marking     ] GC(907) Concurrent Cleanup for Next Mark
[3736.271s][info][gc,marking     ] GC(907) Concurrent Cleanup for Next Mark 5.108ms
[3736.271s][info][gc             ] GC(907) Concurrent Mark Cycle 1109.049ms
..[3737.906s][info][gc,start       ] GC(908) Pause Young (Prepare Mixed) (G1 Evacuation Pause)
[3737.906s][info][gc,task        ] GC(908) Using 6 workers of 6 for evacuation
[3738.021s][info][gc,phases      ] GC(908)   Pre Evacuate Collection Set: 0.37ms
[3738.021s][info][gc,phases      ] GC(908)   Merge Heap Roots: 0.55ms
[3738.021s][info][gc,phases      ] GC(908)   Evacuate Collection Set: 113.23ms
[3738.021s][info][gc,phases      ] GC(908)   Post Evacuate Collection Set: 0.91ms
[3738.021s][info][gc,phases      ] GC(908)   Other: 0.09ms
[3738.021s][info][gc,heap        ] GC(908) Eden regions: 1119->0(1112)
[3738.021s][info][gc,heap        ] GC(908) Survivor regions: 109->108(154)
[3738.021s][info][gc,heap        ] GC(908) Old regions: 505->537
[3738.021s][info][gc,heap        ] GC(908) Humongous regions: 80->80
[3738.021s][info][gc,metaspace   ] GC(908) Metaspace: 28876K(29248K)->28876K(29248K) NonClass: 24008K(24192K)->24008K(24192K) Class: 4868K(5056K)->4868K(5056K)
[3738.022s][info][gc             ] GC(908) Pause Young (Prepare Mixed) (G1 Evacuation Pause) 3623M->1447M(4096M) 115.297ms
[3738.022s][info][gc,cpu         ] GC(908) User=0.69s Sys=0.00s Real=0.12s
...[3740.720s][info][gc,start       ] GC(909) Pause Young (Mixed) (G1 Evacuation Pause)
[3740.720s][info][gc,task        ] GC(909) Using 6 workers of 6 for evacuation
[3740.850s][info][gc,phases      ] GC(909)   Pre Evacuate Collection Set: 0.40ms
[3740.850s][info][gc,phases      ] GC(909)   Merge Heap Roots: 0.65ms
[3740.850s][info][gc,phases      ] GC(909)   Evacuate Collection Set: 128.19ms
[3740.850s][info][gc,phases      ] GC(909)   Post Evacuate Collection Set: 0.91ms
[3740.850s][info][gc,phases      ] GC(909)   Other: 0.08ms
[3740.850s][info][gc,heap        ] GC(909) Eden regions: 1112->0(1121)
[3740.850s][info][gc,heap        ] GC(909) Survivor regions: 108->107(153)
[3740.850s][info][gc,heap        ] GC(909) Old regions: 537->476
[3740.850s][info][gc,heap        ] GC(909) Humongous regions: 80->80
[3740.850s][info][gc,metaspace   ] GC(909) Metaspace: 28876K(29248K)->28876K(29248K) NonClass: 24008K(24192K)->24008K(24192K) Class: 4868K(5056K)->4868K(5056K)
[3740.850s][info][gc             ] GC(909) Pause Young (Mixed) (G1 Evacuation Pause) 3671M->1323M(4096M) 130.356ms
[3740.850s][info][gc,cpu         ] GC(909) User=0.77s Sys=0.00s Real=0.13s
...[3743.581s][info][gc,start       ] GC(910) Pause Young (Concurrent Start) (G1 Evacuation Pause)
[3743.581s][info][gc,task        ] GC(910) Using 6 workers of 6 for evacuation
[3743.699s][info][gc,phases      ] GC(910)   Pre Evacuate Collection Set: 0.35ms
[3743.699s][info][gc,phases      ] GC(910)   Merge Heap Roots: 0.47ms
[3743.699s][info][gc,phases      ] GC(910)   Evacuate Collection Set: 116.47ms
[3743.699s][info][gc,phases      ] GC(910)   Post Evacuate Collection Set: 0.90ms
[3743.699s][info][gc,phases      ] GC(910)   Other: 0.11ms
[3743.699s][info][gc,heap        ] GC(910) Eden regions: 1121->0(1117)
[3743.699s][info][gc,heap        ] GC(910) Survivor regions: 107->111(154)
[3743.699s][info][gc,heap        ] GC(910) Old regions: 476->507
[3743.699s][info][gc,heap        ] GC(910) Humongous regions: 80->80
[3743.699s][info][gc,metaspace   ] GC(910) Metaspace: 28876K(29248K)->28876K(29248K) NonClass: 24008K(24192K)->24008K(24192K) Class: 4868K(5056K)->4868K(5056K)
[3743.699s][info][gc             ] GC(910) Pause Young (Concurrent Start) (G1 Evacuation Pause) 3565M->1395M(4096M) 118.449ms
[3743.699s][info][gc             ] GC(911) Concurrent Mark Cycle
[3743.699s][info][gc,marking     ] GC(911) Concurrent Scan Root Regions
[3743.699s][info][gc,cpu         ] GC(910) User=0.70s Sys=0.00s Real=0.12s
[3743.899s][info][gc,marking     ] GC(911) Concurrent Scan Root Regions 200.059ms
[3743.899s][info][gc,marking     ] GC(911) Concurrent Mark
[3743.899s][info][gc,marking     ] GC(911) Concurrent Mark From Roots
[3743.899s][info][gc,task        ] GC(911) Using 2 workers of 2 for marking
.[3744.848s][info][gc,marking     ] GC(911) Concurrent Mark From Roots 948.572ms
[3744.848s][info][gc,marking     ] GC(911) Concurrent Preclean
[3744.848s][info][gc,marking     ] GC(911) Concurrent Preclean 0.121ms
[3744.848s][info][gc,start       ] GC(911) Pause Remark
[3744.851s][info][gc             ] GC(911) Pause Remark 2379M->2379M(4096M) 2.532ms
[3744.851s][info][gc,cpu         ] GC(911) User=0.01s Sys=0.00s Real=0.00s
[3744.851s][info][gc,marking     ] GC(911) Concurrent Mark 951.570ms
[3744.851s][info][gc,marking     ] GC(911) Concurrent Rebuild Remembered Sets and Scrub Regions
[3745.162s][info][gc,marking     ] GC(911) Concurrent Rebuild Remembered Sets and Scrub Regions 310.814ms
[3745.162s][info][gc,start       ] GC(911) Pause Cleanup
[3745.162s][info][gc             ] GC(911) Pause Cleanup 2620M->2620M(4096M) 0.108ms
[3745.162s][info][gc,cpu         ] GC(911) User=0.00s Sys=0.00s Real=0.00s
[3745.162s][info][gc,marking     ] GC(911) Concurrent Clear Claimed Marks
[3745.162s][info][gc,marking     ] GC(911) Concurrent Clear Claimed Marks 0.029ms
[3745.162s][info][gc,marking     ] GC(911) Concurrent Cleanup for Next Mark
[3745.168s][info][gc,marking     ] GC(911) Concurrent Cleanup for Next Mark 5.540ms
[3745.168s][info][gc             ] GC(911) Concurrent Mark Cycle 1468.515ms
..[3746.433s][info][gc,start       ] GC(912) Pause Young (Prepare Mixed) (G1 Evacuation Pause)
[3746.433s][info][gc,task        ] GC(912) Using 6 workers of 6 for evacuation
[3746.552s][info][gc,phases      ] GC(912)   Pre Evacuate Collection Set: 0.31ms
[3746.552s][info][gc,phases      ] GC(912)   Merge Heap Roots: 0.49ms
[3746.552s][info][gc,phases      ] GC(912)   Evacuate Collection Set: 117.47ms
[3746.552s][info][gc,phases      ] GC(912)   Post Evacuate Collection Set: 0.95ms
[3746.552s][info][gc,phases      ] GC(912)   Other: 0.08ms
[3746.552s][info][gc,heap        ] GC(912) Eden regions: 1117->0(1103)
[3746.552s][info][gc,heap        ] GC(912) Survivor regions: 111->112(154)
[3746.552s][info][gc,heap        ] GC(912) Old regions: 507->538
[3746.552s][info][gc,heap        ] GC(912) Humongous regions: 80->80
[3746.552s][info][gc,metaspace   ] GC(912) Metaspace: 28876K(29248K)->28876K(29248K) NonClass: 24008K(24192K)->24008K(24192K) Class: 4868K(5056K)->4868K(5056K)
[3746.552s][info][gc             ] GC(912) Pause Young (Prepare Mixed) (G1 Evacuation Pause) 3629M->1459M(4096M) 119.426ms
[3746.553s][info][gc,cpu         ] GC(912) User=0.71s Sys=0.00s Real=0.12s
..[3749.208s][info][gc,start       ] GC(913) Pause Young (Mixed) (G1 Evacuation Pause)
[3749.208s][info][gc,task        ] GC(913) Using 6 workers of 6 for evacuation
[3749.340s][info][gc,phases      ] GC(913)   Pre Evacuate Collection Set: 0.40ms
[3749.340s][info][gc,phases      ] GC(913)   Merge Heap Roots: 0.65ms
[3749.340s][info][gc,phases      ] GC(913)   Evacuate Collection Set: 130.18ms
[3749.340s][info][gc,phases      ] GC(913)   Post Evacuate Collection Set: 0.93ms
[3749.340s][info][gc,phases      ] GC(913)   Other: 0.09ms
[3749.340s][info][gc,heap        ] GC(913) Eden regions: 1103->0(1119)
[3749.340s][info][gc,heap        ] GC(913) Survivor regions: 112->109(152)
[3749.340s][info][gc,heap        ] GC(913) Old regions: 538->472
[3749.340s][info][gc,heap        ] GC(913) Humongous regions: 80->80
[3749.340s][info][gc,metaspace   ] GC(913) Metaspace: 28876K(29248K)->28876K(29248K) NonClass: 24008K(24192K)->24008K(24192K) Class: 4868K(5056K)->4868K(5056K)
[3749.340s][info][gc             ] GC(913) Pause Young (Mixed) (G1 Evacuation Pause) 3665M->1319M(4096M) 132.384ms
[3749.340s][info][gc,cpu         ] GC(913) User=0.79s Sys=0.00s Real=0.13s
...[3752.043s][info][gc,start       ] GC(914) Pause Young (Concurrent Start) (G1 Evacuation Pause)
[3752.043s][info][gc,task        ] GC(914) Using 6 workers of 6 for evacuation
[3752.158s][info][gc,phases      ] GC(914)   Pre Evacuate Collection Set: 0.42ms
[3752.158s][info][gc,phases      ] GC(914)   Merge Heap Roots: 0.52ms
[3752.158s][info][gc,phases      ] GC(914)   Evacuate Collection Set: 112.79ms
[3752.158s][info][gc,phases      ] GC(914)   Post Evacuate Collection Set: 0.85ms
[3752.158s][info][gc,phases      ] GC(914)   Other: 0.14ms
[3752.158s][info][gc,heap        ] GC(914) Eden regions: 1119->0(1120)
[3752.158s][info][gc,heap        ] GC(914) Survivor regions: 109->108(154)
[3752.158s][info][gc,heap        ] GC(914) Old regions: 472->504
[3752.158s][info][gc,heap        ] GC(914) Humongous regions: 80->80
[3752.158s][info][gc,metaspace   ] GC(914) Metaspace: 28876K(29248K)->28876K(29248K) NonClass: 24008K(24192K)->24008K(24192K) Class: 4868K(5056K)->4868K(5056K)
[3752.158s][info][gc             ] GC(914) Pause Young (Concurrent Start) (G1 Evacuation Pause) 3557M->1382M(4096M) 114.865ms
[3752.158s][info][gc             ] GC(915) Concurrent Mark Cycle
[3752.158s][info][gc,marking     ] GC(915) Concurrent Scan Root Regions
[3752.158s][info][gc,cpu         ] GC(914) User=0.69s Sys=0.00s Real=0.12s
[3752.338s][info][gc,marking     ] GC(915) Concurrent Scan Root Regions 180.689ms
[3752.338s][info][gc,marking     ] GC(915) Concurrent Mark
[3752.338s][info][gc,marking     ] GC(915) Concurrent Mark From Roots
[3752.338s][info][gc,task        ] GC(915) Using 2 workers of 2 for marking
.[3753.266s][info][gc,marking     ] GC(915) Concurrent Mark From Roots 927.291ms
[3753.266s][info][gc,marking     ] GC(915) Concurrent Preclean
[3753.266s][info][gc,marking     ] GC(915) Concurrent Preclean 0.123ms
[3753.266s][info][gc,start       ] GC(915) Pause Remark
[3753.269s][info][gc             ] GC(915) Pause Remark 2325M->2325M(4096M) 2.532ms
[3753.269s][info][gc,cpu         ] GC(915) User=0.01s Sys=0.00s Real=0.01s
[3753.269s][info][gc,marking     ] GC(915) Concurrent Mark 930.329ms
[3753.269s][info][gc,marking     ] GC(915) Concurrent Rebuild Remembered Sets and Scrub Regions
.[3753.631s][info][gc,marking     ] GC(915) Concurrent Rebuild Remembered Sets and Scrub Regions 362.402ms
[3753.631s][info][gc,start       ] GC(915) Pause Cleanup
[3753.631s][info][gc             ] GC(915) Pause Cleanup 2618M->2618M(4096M) 0.109ms
[3753.631s][info][gc,cpu         ] GC(915) User=0.00s Sys=0.00s Real=0.00s
[3753.632s][info][gc,marking     ] GC(915) Concurrent Clear Claimed Marks
[3753.632s][info][gc,marking     ] GC(915) Concurrent Clear Claimed Marks 0.032ms
[3753.632s][info][gc,marking     ] GC(915) Concurrent Cleanup for Next Mark
[3753.638s][info][gc,marking     ] GC(915) Concurrent Cleanup for Next Mark 5.827ms
[3753.638s][info][gc             ] GC(915) Concurrent Mark Cycle 1480.330ms
.[3754.867s][info][gc,start       ] GC(916) Pause Young (Prepare Mixed) (G1 Evacuation Pause)
[3754.867s][info][gc,task        ] GC(916) Using 6 workers of 6 for evacuation
[3754.981s][info][gc,phases      ] GC(916)   Pre Evacuate Collection Set: 0.29ms
[3754.981s][info][gc,phases      ] GC(916)   Merge Heap Roots: 0.48ms
[3754.981s][info][gc,phases      ] GC(916)   Evacuate Collection Set: 112.25ms
[3754.981s][info][gc,phases      ] GC(916)   Post Evacuate Collection Set: 0.91ms
[3754.981s][info][gc,phases      ] GC(916)   Other: 0.09ms
[3754.981s][info][gc,heap        ] GC(916) Eden regions: 1120->0(1113)
[3754.981s][info][gc,heap        ] GC(916) Survivor regions: 108->108(154)
[3754.981s][info][gc,heap        ] GC(916) Old regions: 504->536
[3754.981s][info][gc,heap        ] GC(916) Humongous regions: 80->80
[3754.981s][info][gc,metaspace   ] GC(916) Metaspace: 28876K(29248K)->28876K(29248K) NonClass: 24008K(24192K)->24008K(24192K) Class: 4868K(5056K)->4868K(5056K)
[3754.981s][info][gc             ] GC(916) Pause Young (Prepare Mixed) (G1 Evacuation Pause) 3622M->1446M(4096M) 114.151ms
[3754.981s][info][gc,cpu         ] GC(916) User=0.68s Sys=0.00s Real=0.12s
...[3757.797s][info][gc,start       ] GC(917) Pause Young (Mixed) (G1 Evacuation Pause)
[3757.797s][info][gc,task        ] GC(917) Using 6 workers of 6 for evacuation
[3757.938s][info][gc,phases      ] GC(917)   Pre Evacuate Collection Set: 0.34ms
[3757.938s][info][gc,phases      ] GC(917)   Merge Heap Roots: 0.78ms
[3757.938s][info][gc,phases      ] GC(917)   Evacuate Collection Set: 138.76ms
[3757.938s][info][gc,phases      ] GC(917)   Post Evacuate Collection Set: 0.97ms
[3757.938s][info][gc,phases      ] GC(917)   Other: 0.09ms
[3757.938s][info][gc,heap        ] GC(917) Eden regions: 1113->0(1113)
[3757.938s][info][gc,heap        ] GC(917) Survivor regions: 108->115(153)
[3757.938s][info][gc,heap        ] GC(917) Old regions: 536->473
[3757.938s][info][gc,heap        ] GC(917) Humongous regions: 80->80
[3757.938s][info][gc,metaspace   ] GC(917) Metaspace: 28876K(29248K)->28876K(29248K) NonClass: 24008K(24192K)->24008K(24192K) Class: 4868K(5056K)->4868K(5056K)
[3757.938s][info][gc             ] GC(917) Pause Young (Mixed) (G1 Evacuation Pause) 3672M->1335M(4096M) 141.097ms
[3757.939s][info][gc,cpu         ] GC(917) User=0.84s Sys=0.00s Real=0.14s
...[3760.635s][info][gc,start       ] GC(918) Pause Young (Concurrent Start) (G1 Evacuation Pause)
[3760.635s][info][gc,task        ] GC(918) Using 6 workers of 6 for evacuation
[3760.755s][info][gc,phases      ] GC(918)   Pre Evacuate Collection Set: 0.33ms
[3760.755s][info][gc,phases      ] GC(918)   Merge Heap Roots: 0.45ms
[3760.755s][info][gc,phases      ] GC(918)   Evacuate Collection Set: 118.53ms
[3760.755s][info][gc,phases      ] GC(918)   Post Evacuate Collection Set: 0.90ms
[3760.755s][info][gc,phases      ] GC(918)   Other: 0.10ms
[3760.755s][info][gc,heap        ] GC(918) Eden regions: 1113->0(1114)
[3760.755s][info][gc,heap        ] GC(918) Survivor regions: 115->114(154)
[3760.755s][info][gc,heap        ] GC(918) Old regions: 473->505
[3760.755s][info][gc,heap        ] GC(918) Humongous regions: 80->80
[3760.755s][info][gc,metaspace   ] GC(918) Metaspace: 28876K(29248K)->28876K(29248K) NonClass: 24008K(24192K)->24008K(24192K) Class: 4868K(5056K)->4868K(5056K)
[3760.755s][info][gc             ] GC(918) Pause Young (Concurrent Start) (G1 Evacuation Pause) 3561M->1396M(4096M) 120.442ms
[3760.755s][info][gc             ] GC(919) Concurrent Mark Cycle
[3760.755s][info][gc,marking     ] GC(919) Concurrent Scan Root Regions
[3760.755s][info][gc,cpu         ] GC(918) User=0.71s Sys=0.00s Real=0.12s
[3760.943s][info][gc,marking     ] GC(919) Concurrent Scan Root Regions 187.390ms
[3760.943s][info][gc,marking     ] GC(919) Concurrent Mark
[3760.943s][info][gc,marking     ] GC(919) Concurrent Mark From Roots
[3760.943s][info][gc,task        ] GC(919) Using 2 workers of 2 for marking
.[3761.906s][info][gc,marking     ] GC(919) Concurrent Mark From Roots 963.873ms
[3761.907s][info][gc,marking     ] GC(919) Concurrent Preclean
[3761.907s][info][gc,marking     ] GC(919) Concurrent Preclean 0.096ms
[3761.907s][info][gc,start       ] GC(919) Pause Remark
[3761.911s][info][gc             ] GC(919) Pause Remark 2396M->2396M(4096M) 3.925ms
[3761.911s][info][gc,cpu         ] GC(919) User=0.02s Sys=0.00s Real=0.01s
[3761.911s][info][gc,marking     ] GC(919) Concurrent Mark 968.151ms
[3761.911s][info][gc,marking     ] GC(919) Concurrent Rebuild Remembered Sets and Scrub Regions
[3762.234s][info][gc,marking     ] GC(919) Concurrent Rebuild Remembered Sets and Scrub Regions 323.723ms
[3762.235s][info][gc,start       ] GC(919) Pause Cleanup
[3762.235s][info][gc             ] GC(919) Pause Cleanup 2680M->2680M(4096M) 0.126ms
[3762.236s][info][gc,cpu         ] GC(919) User=0.00s Sys=0.00s Real=0.00s
[3762.236s][info][gc,marking     ] GC(919) Concurrent Clear Claimed Marks
[3762.236s][info][gc,marking     ] GC(919) Concurrent Clear Claimed Marks 0.027ms
[3762.236s][info][gc,marking     ] GC(919) Concurrent Cleanup for Next Mark
[3762.241s][info][gc,marking     ] GC(919) Concurrent Cleanup for Next Mark 5.211ms
[3762.241s][info][gc             ] GC(919) Concurrent Mark Cycle 1485.743ms
.[3763.429s][info][gc,start       ] GC(920) Pause Young (Prepare Mixed) (G1 Evacuation Pause)
[3763.429s][info][gc,task        ] GC(920) Using 6 workers of 6 for evacuation
[3763.548s][info][gc,phases      ] GC(920)   Pre Evacuate Collection Set: 0.31ms
[3763.548s][info][gc,phases      ] GC(920)   Merge Heap Roots: 0.51ms
[3763.548s][info][gc,phases      ] GC(920)   Evacuate Collection Set: 116.87ms
[3763.548s][info][gc,phases      ] GC(920)   Post Evacuate Collection Set: 1.00ms
[3763.548s][info][gc,phases      ] GC(920)   Other: 0.08ms
[3763.548s][info][gc,heap        ] GC(920) Eden regions: 1114->0(1103)
[3763.548s][info][gc,heap        ] GC(920) Survivor regions: 114->112(154)
[3763.548s][info][gc,heap        ] GC(920) Old regions: 505->538
[3763.548s][info][gc,heap        ] GC(920) Humongous regions: 80->80
[3763.548s][info][gc,metaspace   ] GC(920) Metaspace: 28876K(29248K)->28876K(29248K) NonClass: 24008K(24192K)->24008K(24192K) Class: 4868K(5056K)->4868K(5056K)
[3763.548s][info][gc             ] GC(920) Pause Young (Prepare Mixed) (G1 Evacuation Pause) 3624M->1458M(4096M) 118.904ms
[3763.548s][info][gc,cpu         ] GC(920) User=0.71s Sys=0.00s Real=0.12s
...[3766.246s][info][gc,start       ] GC(921) Pause Young (Mixed) (G1 Evacuation Pause)
[3766.246s][info][gc,task        ] GC(921) Using 6 workers of 6 for evacuation
[3766.378s][info][gc,phases      ] GC(921)   Pre Evacuate Collection Set: 0.34ms
[3766.378s][info][gc,phases      ] GC(921)   Merge Heap Roots: 0.64ms
[3766.378s][info][gc,phases      ] GC(921)   Evacuate Collection Set: 130.46ms
[3766.378s][info][gc,phases      ] GC(921)   Post Evacuate Collection Set: 0.93ms
[3766.378s][info][gc,phases      ] GC(921)   Other: 0.09ms
[3766.378s][info][gc,heap        ] GC(921) Eden regions: 1103->0(1118)
[3766.378s][info][gc,heap        ] GC(921) Survivor regions: 112->110(152)
[3766.378s][info][gc,heap        ] GC(921) Old regions: 538->474
[3766.378s][info][gc,heap        ] GC(921) Humongous regions: 80->80
[3766.378s][info][gc,metaspace   ] GC(921) Metaspace: 28876K(29248K)->28876K(29248K) NonClass: 24008K(24192K)->24008K(24192K) Class: 4868K(5056K)->4868K(5056K)
[3766.378s][info][gc             ] GC(921) Pause Young (Mixed) (G1 Evacuation Pause) 3664M->1327M(4096M) 132.596ms
[3766.378s][info][gc,cpu         ] GC(921) User=0.78s Sys=0.01s Real=0.14s
...[3769.024s][info][gc,start       ] GC(922) Pause Young (Concurrent Start) (G1 Evacuation Pause)
[3769.024s][info][gc,task        ] GC(922) Using 6 workers of 6 for evacuation
[3769.139s][info][gc,phases      ] GC(922)   Pre Evacuate Collection Set: 0.35ms
[3769.139s][info][gc,phases      ] GC(922)   Merge Heap Roots: 0.45ms
[3769.139s][info][gc,phases      ] GC(922)   Evacuate Collection Set: 113.79ms
[3769.139s][info][gc,phases      ] GC(922)   Post Evacuate Collection Set: 0.86ms
[3769.139s][info][gc,phases      ] GC(922)   Other: 0.13ms
[3769.139s][info][gc,heap        ] GC(922) Eden regions: 1118->0(1121)
[3769.139s][info][gc,heap        ] GC(922) Survivor regions: 110->107(154)
[3769.139s][info][gc,heap        ] GC(922) Old regions: 474->506
[3769.139s][info][gc,heap        ] GC(922) Humongous regions: 80->80
[3769.139s][info][gc,metaspace   ] GC(922) Metaspace: 28876K(29248K)->28876K(29248K) NonClass: 24008K(24192K)->24008K(24192K) Class: 4868K(5056K)->4868K(5056K)
[3769.139s][info][gc             ] GC(922) Pause Young (Concurrent Start) (G1 Evacuation Pause) 3563M->1385M(4096M) 115.704ms
[3769.139s][info][gc             ] GC(923) Concurrent Mark Cycle
[3769.139s][info][gc,marking     ] GC(923) Concurrent Scan Root Regions
[3769.139s][info][gc,cpu         ] GC(922) User=0.69s Sys=0.00s Real=0.12s
[3769.278s][info][gc,marking     ] GC(923) Concurrent Scan Root Regions 138.753ms
[3769.278s][info][gc,marking     ] GC(923) Concurrent Mark
[3769.278s][info][gc,marking     ] GC(923) Concurrent Mark From Roots
[3769.278s][info][gc,task        ] GC(923) Using 2 workers of 2 for marking
.[3769.946s][info][gc,marking     ] GC(923) Concurrent Mark From Roots 667.594ms
[3769.946s][info][gc,marking     ] GC(923) Concurrent Preclean
[3769.946s][info][gc,marking     ] GC(923) Concurrent Preclean 0.100ms
[3769.946s][info][gc,start       ] GC(923) Pause Remark
[3769.949s][info][gc             ] GC(923) Pause Remark 1983M->1983M(4096M) 2.900ms
[3769.949s][info][gc,cpu         ] GC(923) User=0.02s Sys=0.00s Real=0.01s
[3769.950s][info][gc,marking     ] GC(923) Concurrent Mark 671.904ms
[3769.950s][info][gc,marking     ] GC(923) Concurrent Rebuild Remembered Sets and Scrub Regions
[3770.191s][info][gc,marking     ] GC(923) Concurrent Rebuild Remembered Sets and Scrub Regions 240.653ms
[3770.191s][info][gc,start       ] GC(923) Pause Cleanup
[3770.191s][info][gc             ] GC(923) Pause Cleanup 2148M->2148M(4096M) 0.114ms
[3770.191s][info][gc,cpu         ] GC(923) User=0.00s Sys=0.00s Real=0.00s
[3770.191s][info][gc,marking     ] GC(923) Concurrent Clear Claimed Marks
[3770.191s][info][gc,marking     ] GC(923) Concurrent Clear Claimed Marks 0.038ms
[3770.191s][info][gc,marking     ] GC(923) Concurrent Cleanup for Next Mark
[3770.196s][info][gc,marking     ] GC(923) Concurrent Cleanup for Next Mark 4.463ms
[3770.196s][info][gc             ] GC(923) Concurrent Mark Cycle 1056.331ms
..[3771.932s][info][gc,start       ] GC(924) Pause Young (Prepare Mixed) (G1 Evacuation Pause)
[3771.932s][info][gc,task        ] GC(924) Using 6 workers of 6 for evacuation
[3772.049s][info][gc,phases      ] GC(924)   Pre Evacuate Collection Set: 0.26ms
[3772.049s][info][gc,phases      ] GC(924)   Merge Heap Roots: 0.50ms
[3772.049s][info][gc,phases      ] GC(924)   Evacuate Collection Set: 114.59ms
[3772.049s][info][gc,phases      ] GC(924)   Post Evacuate Collection Set: 0.90ms
[3772.049s][info][gc,phases      ] GC(924)   Other: 0.08ms
[3772.049s][info][gc,heap        ] GC(924) Eden regions: 1121->0(1106)
[3772.049s][info][gc,heap        ] GC(924) Survivor regions: 107->111(154)
[3772.049s][info][gc,heap        ] GC(924) Old regions: 506->537
[3772.049s][info][gc,heap        ] GC(924) Humongous regions: 80->80
[3772.049s][info][gc,metaspace   ] GC(924) Metaspace: 28876K(29248K)->28876K(29248K) NonClass: 24008K(24192K)->24008K(24192K) Class: 4868K(5056K)->4868K(5056K)
[3772.049s][info][gc             ] GC(924) Pause Young (Prepare Mixed) (G1 Evacuation Pause) 3627M->1454M(4096M) 116.483ms
[3772.049s][info][gc,cpu         ] GC(924) User=0.69s Sys=0.01s Real=0.12s
...[3774.752s][info][gc,start       ] GC(925) Pause Young (Mixed) (G1 Evacuation Pause)
[3774.752s][info][gc,task        ] GC(925) Using 6 workers of 6 for evacuation
[3774.882s][info][gc,phases      ] GC(925)   Pre Evacuate Collection Set: 0.38ms
[3774.883s][info][gc,phases      ] GC(925)   Merge Heap Roots: 0.66ms
[3774.883s][info][gc,phases      ] GC(925)   Evacuate Collection Set: 128.86ms
[3774.883s][info][gc,phases      ] GC(925)   Post Evacuate Collection Set: 0.94ms
[3774.883s][info][gc,phases      ] GC(925)   Other: 0.09ms
[3774.883s][info][gc,heap        ] GC(925) Eden regions: 1106->0(1120)
[3774.883s][info][gc,heap        ] GC(925) Survivor regions: 111->108(153)
[3774.883s][info][gc,heap        ] GC(925) Old regions: 537->473
[3774.883s][info][gc,heap        ] GC(925) Humongous regions: 80->80
[3774.883s][info][gc,metaspace   ] GC(925) Metaspace: 28876K(29248K)->28876K(29248K) NonClass: 24008K(24192K)->24008K(24192K) Class: 4868K(5056K)->4868K(5056K)
[3774.883s][info][gc             ] GC(925) Pause Young (Mixed) (G1 Evacuation Pause) 3666M->1321M(4096M) 131.055ms
[3774.883s][info][gc,cpu         ] GC(925) User=0.78s Sys=0.00s Real=0.13s
...[3777.640s][info][gc,start       ] GC(926) Pause Young (Concurrent Start) (G1 Evacuation Pause)
[3777.640s][info][gc,task        ] GC(926) Using 6 workers of 6 for evacuation
[3777.757s][info][gc,phases      ] GC(926)   Pre Evacuate Collection Set: 0.36ms
[3777.757s][info][gc,phases      ] GC(926)   Merge Heap Roots: 0.45ms
[3777.757s][info][gc,phases      ] GC(926)   Evacuate Collection Set: 115.24ms
[3777.757s][info][gc,phases      ] GC(926)   Post Evacuate Collection Set: 0.87ms
[3777.757s][info][gc,phases      ] GC(926)   Other: 0.10ms
[3777.757s][info][gc,heap        ] GC(926) Eden regions: 1120->0(1118)
[3777.757s][info][gc,heap        ] GC(926) Survivor regions: 108->110(154)
[3777.757s][info][gc,heap        ] GC(926) Old regions: 473->506
[3777.757s][info][gc,heap        ] GC(926) Humongous regions: 80->80
[3777.757s][info][gc,metaspace   ] GC(926) Metaspace: 28876K(29248K)->28876K(29248K) NonClass: 24008K(24192K)->24008K(24192K) Class: 4868K(5056K)->4868K(5056K)
[3777.757s][info][gc             ] GC(926) Pause Young (Concurrent Start) (G1 Evacuation Pause) 3561M->1390M(4096M) 117.164ms
[3777.757s][info][gc             ] GC(927) Concurrent Mark Cycle
[3777.757s][info][gc,marking     ] GC(927) Concurrent Scan Root Regions
[3777.757s][info][gc,cpu         ] GC(926) User=0.70s Sys=0.00s Real=0.11s
[3777.941s][info][gc,marking     ] GC(927) Concurrent Scan Root Regions 183.441ms
[3777.941s][info][gc,marking     ] GC(927) Concurrent Mark
[3777.941s][info][gc,marking     ] GC(927) Concurrent Mark From Roots
[3777.941s][info][gc,task        ] GC(927) Using 2 workers of 2 for marking
.[3778.634s][info][gc,marking     ] GC(927) Concurrent Mark From Roots 692.945ms
[3778.634s][info][gc,marking     ] GC(927) Concurrent Preclean
[3778.634s][info][gc,marking     ] GC(927) Concurrent Preclean 0.128ms
[3778.634s][info][gc,start       ] GC(927) Pause Remark
[3778.637s][info][gc             ] GC(927) Pause Remark 2118M->2118M(4096M) 2.851ms
[3778.637s][info][gc,cpu         ] GC(927) User=0.01s Sys=0.00s Real=0.00s
[3778.639s][info][gc,marking     ] GC(927) Concurrent Mark 698.169ms
[3778.639s][info][gc,marking     ] GC(927) Concurrent Rebuild Remembered Sets and Scrub Regions
[3778.950s][info][gc,marking     ] GC(927) Concurrent Rebuild Remembered Sets and Scrub Regions 311.186ms
[3778.950s][info][gc,start       ] GC(927) Pause Cleanup
[3778.951s][info][gc             ] GC(927) Pause Cleanup 2424M->2424M(4096M) 0.116ms
[3778.951s][info][gc,cpu         ] GC(927) User=0.00s Sys=0.00s Real=0.00s
[3778.951s][info][gc,marking     ] GC(927) Concurrent Clear Claimed Marks
[3778.951s][info][gc,marking     ] GC(927) Concurrent Clear Claimed Marks 0.034ms
[3778.951s][info][gc,marking     ] GC(927) Concurrent Cleanup for Next Mark
[3778.955s][info][gc,marking     ] GC(927) Concurrent Cleanup for Next Mark 4.432ms
[3778.955s][info][gc             ] GC(927) Concurrent Mark Cycle 1197.986ms
.[3780.479s][info][gc,start       ] GC(928) Pause Young (Prepare Mixed) (G1 Evacuation Pause)
[3780.479s][info][gc,task        ] GC(928) Using 6 workers of 6 for evacuation
[3780.602s][info][gc,phases      ] GC(928)   Pre Evacuate Collection Set: 0.29ms
[3780.602s][info][gc,phases      ] GC(928)   Merge Heap Roots: 0.51ms
[3780.602s][info][gc,phases      ] GC(928)   Evacuate Collection Set: 121.54ms
[3780.602s][info][gc,phases      ] GC(928)   Post Evacuate Collection Set: 0.93ms
[3780.602s][info][gc,phases      ] GC(928)   Other: 0.09ms
[3780.602s][info][gc,heap        ] GC(928) Eden regions: 1118->0(1098)
[3780.602s][info][gc,heap        ] GC(928) Survivor regions: 110->115(154)
[3780.602s][info][gc,heap        ] GC(928) Old regions: 506->537
[3780.602s][info][gc,heap        ] GC(928) Humongous regions: 80->80
[3780.602s][info][gc,metaspace   ] GC(928) Metaspace: 28876K(29248K)->28876K(29248K) NonClass: 24008K(24192K)->24008K(24192K) Class: 4868K(5056K)->4868K(5056K)
[3780.602s][info][gc             ] GC(928) Pause Young (Prepare Mixed) (G1 Evacuation Pause) 3626M->1462M(4096M) 123.482ms
[3780.602s][info][gc,cpu         ] GC(928) User=0.73s Sys=0.00s Real=0.12s
.. (rIR:aIR:PR = 6642:6642:6641) (tPR = 98098) [OK] 
  3781s: Performance info:
         Transaction,    Success,    Partial,     Failed,   Receipts, AvgBarcode, 
             Overall,     400205,          0,          0,     380148,      59.47, 
         Response times:
             Request,    Success,    Partial,     Failed,   SkipFail,     Probes,    Samples,      min,      p50,      p90,      p95,      p99,      max, 
       TotalPurchase,     380233,          0,          0,          0,     360149,     411538,      300,     5600,    25000,    56000,   108000,   312000,
     InStorePurchase,     200283,          0,          0,          0,     189792,     216419,      300,     5500,    25000,    55000,   107000,   312000,
      OnlinePurchase,     139942,          0,          0,          0,     132537,     151447,      300,     5700,    25000,    57000,   110000,   311000,
        InstPurchase,      40008,          0,          0,          0,      37820,      43672,      400,     5600,    25000,    56000,   108270,   305000,
          AssocOfCat,        399,          0,          0,          0,        325,        460,    22000,    38000,    76000,    95000,   185680,   335000,
      AssocOfProduct,       4013,          0,          0,          0,       3726,       4437,      400,     5200,    22000,    53000,   113000,   218000,
      BusinessReport,       1003,          0,          0,          0,        881,       1136,    24000,    40000,    74000,   105150,   165780,   204000,
          CustBuyBeh,       4010,          0,          0,          0,       3722,       4542,      500,     6000,    26000,    53000,   109570,   214000,
       ProductReturn,      10643,          0,          0,          0,      10115,      11822,      200,     5600,    26000,    56000,   109000,   296000,

  3781s: (49%)   IR =   6780 .[3783.206s][info][gc,start       ] GC(929) Pause Young (Mixed) (G1 Evacuation Pause)
[3783.206s][info][gc,task        ] GC(929) Using 6 workers of 6 for evacuation
[3783.339s][info][gc,phases      ] GC(929)   Pre Evacuate Collection Set: 0.36ms
[3783.339s][info][gc,phases      ] GC(929)   Merge Heap Roots: 0.68ms
[3783.339s][info][gc,phases      ] GC(929)   Evacuate Collection Set: 130.51ms
[3783.339s][info][gc,phases      ] GC(929)   Post Evacuate Collection Set: 1.01ms
[3783.339s][info][gc,phases      ] GC(929)   Other: 0.08ms
[3783.339s][info][gc,heap        ] GC(929) Eden regions: 1098->0(1118)
[3783.339s][info][gc,heap        ] GC(929) Survivor regions: 115->110(152)
[3783.339s][info][gc,heap        ] GC(929) Old regions: 537->473
[3783.339s][info][gc,heap        ] GC(929) Humongous regions: 80->80
[3783.339s][info][gc,metaspace   ] GC(929) Metaspace: 28876K(29248K)->28876K(29248K) NonClass: 24008K(24192K)->24008K(24192K) Class: 4868K(5056K)->4868K(5056K)
[3783.339s][info][gc             ] GC(929) Pause Young (Mixed) (G1 Evacuation Pause) 3658M->1324M(4096M) 132.788ms
[3783.339s][info][gc,cpu         ] GC(929) User=0.79s Sys=0.00s Real=0.14s
...|[3786.026s][info][gc,start       ] GC(930) Pause Young (Concurrent Start) (G1 Evacuation Pause)
[3786.026s][info][gc,task        ] GC(930) Using 6 workers of 6 for evacuation
[3786.142s][info][gc,phases      ] GC(930)   Pre Evacuate Collection Set: 0.39ms
[3786.142s][info][gc,phases      ] GC(930)   Merge Heap Roots: 0.45ms
[3786.142s][info][gc,phases      ] GC(930)   Evacuate Collection Set: 114.38ms
[3786.142s][info][gc,phases      ] GC(930)   Post Evacuate Collection Set: 0.87ms
[3786.142s][info][gc,phases      ] GC(930)   Other: 0.12ms
[3786.142s][info][gc,heap        ] GC(930) Eden regions: 1118->0(1120)
[3786.142s][info][gc,heap        ] GC(930) Survivor regions: 110->108(154)
[3786.142s][info][gc,heap        ] GC(930) Old regions: 473->505
[3786.142s][info][gc,heap        ] GC(930) Humongous regions: 80->80
[3786.142s][info][gc,metaspace   ] GC(930) Metaspace: 28876K(29248K)->28876K(29248K) NonClass: 24008K(24192K)->24008K(24192K) Class: 4868K(5056K)->4868K(5056K)
[3786.142s][info][gc             ] GC(930) Pause Young (Concurrent Start) (G1 Evacuation Pause) 3560M->1385M(4096M) 116.337ms
[3786.142s][info][gc             ] GC(931) Concurrent Mark Cycle
[3786.142s][info][gc,marking     ] GC(931) Concurrent Scan Root Regions
[3786.142s][info][gc,cpu         ] GC(930) User=0.69s Sys=0.00s Real=0.12s
[3786.331s][info][gc,marking     ] GC(931) Concurrent Scan Root Regions 188.894ms
[3786.331s][info][gc,marking     ] GC(931) Concurrent Mark
[3786.331s][info][gc,marking     ] GC(931) Concurrent Mark From Roots
[3786.331s][info][gc,task        ] GC(931) Using 2 workers of 2 for marking
.[3787.046s][info][gc,marking     ] GC(931) Concurrent Mark From Roots 715.151ms
[3787.046s][info][gc,marking     ] GC(931) Concurrent Preclean
[3787.046s][info][gc,marking     ] GC(931) Concurrent Preclean 0.084ms
[3787.046s][info][gc,start       ] GC(931) Pause Remark
[3787.049s][info][gc             ] GC(931) Pause Remark 2169M->2169M(4096M) 2.390ms
[3787.049s][info][gc,cpu         ] GC(931) User=0.01s Sys=0.00s Real=0.01s
[3787.049s][info][gc,marking     ] GC(931) Concurrent Mark 717.927ms
[3787.049s][info][gc,marking     ] GC(931) Concurrent Rebuild Remembered Sets and Scrub Regions
[3787.318s][info][gc,marking     ] GC(931) Concurrent Rebuild Remembered Sets and Scrub Regions 268.926ms
[3787.319s][info][gc,start       ] GC(931) Pause Cleanup
[3787.319s][info][gc             ] GC(931) Pause Cleanup 2403M->2403M(4096M) 0.125ms
[3787.319s][info][gc,cpu         ] GC(931) User=0.00s Sys=0.00s Real=0.00s
[3787.319s][info][gc,marking     ] GC(931) Concurrent Clear Claimed Marks
[3787.319s][info][gc,marking     ] GC(931) Concurrent Clear Claimed Marks 0.029ms
[3787.319s][info][gc,marking     ] GC(931) Concurrent Cleanup for Next Mark
[3787.324s][info][gc,marking     ] GC(931) Concurrent Cleanup for Next Mark 5.183ms
[3787.324s][info][gc             ] GC(931) Concurrent Mark Cycle 1182.278ms
..[3788.821s][info][gc,start       ] GC(932) Pause Young (Prepare Mixed) (G1 Evacuation Pause)
[3788.821s][info][gc,task        ] GC(932) Using 6 workers of 6 for evacuation
[3788.937s][info][gc,phases      ] GC(932)   Pre Evacuate Collection Set: 0.29ms
[3788.937s][info][gc,phases      ] GC(932)   Merge Heap Roots: 0.53ms
[3788.937s][info][gc,phases      ] GC(932)   Evacuate Collection Set: 114.28ms
[3788.937s][info][gc,phases      ] GC(932)   Post Evacuate Collection Set: 0.95ms
[3788.937s][info][gc,phases      ] GC(932)   Other: 0.09ms
[3788.937s][info][gc,heap        ] GC(932) Eden regions: 1120->0(1110)
[3788.937s][info][gc,heap        ] GC(932) Survivor regions: 108->109(154)
[3788.937s][info][gc,heap        ] GC(932) Old regions: 505->537
[3788.937s][info][gc,heap        ] GC(932) Humongous regions: 80->80
[3788.937s][info][gc,metaspace   ] GC(932) Metaspace: 28876K(29248K)->28876K(29248K) NonClass: 24008K(24192K)->24008K(24192K) Class: 4868K(5056K)->4868K(5056K)
[3788.937s][info][gc             ] GC(932) Pause Young (Prepare Mixed) (G1 Evacuation Pause) 3625M->1449M(4096M) 116.278ms
[3788.938s][info][gc,cpu         ] GC(932) User=0.70s Sys=0.00s Real=0.12s
..[3791.613s][info][gc,start       ] GC(933) Pause Young (Mixed) (G1 Evacuation Pause)
[3791.613s][info][gc,task        ] GC(933) Using 6 workers of 6 for evacuation
[3791.750s][info][gc,phases      ] GC(933)   Pre Evacuate Collection Set: 0.39ms
[3791.750s][info][gc,phases      ] GC(933)   Merge Heap Roots: 0.73ms
[3791.750s][info][gc,phases      ] GC(933)   Evacuate Collection Set: 134.88ms
[3791.750s][info][gc,phases      ] GC(933)   Post Evacuate Collection Set: 0.93ms
[3791.750s][info][gc,phases      ] GC(933)   Other: 0.09ms
[3791.750s][info][gc,heap        ] GC(933) Eden regions: 1110->0(1117)
[3791.750s][info][gc,heap        ] GC(933) Survivor regions: 109->111(153)
[3791.750s][info][gc,heap        ] GC(933) Old regions: 537->472
[3791.750s][info][gc,heap        ] GC(933) Humongous regions: 80->80
[3791.750s][info][gc,metaspace   ] GC(933) Metaspace: 28876K(29248K)->28876K(29248K) NonClass: 24008K(24192K)->24008K(24192K) Class: 4868K(5056K)->4868K(5056K)
[3791.750s][info][gc             ] GC(933) Pause Young (Mixed) (G1 Evacuation Pause) 3669M->1324M(4096M) 137.133ms
[3791.750s][info][gc,cpu         ] GC(933) User=0.81s Sys=0.00s Real=0.14s
...[3794.396s][info][gc,start       ] GC(934) Pause Young (Concurrent Start) (G1 Evacuation Pause)
[3794.396s][info][gc,task        ] GC(934) Using 6 workers of 6 for evacuation
[3794.519s][info][gc,phases      ] GC(934)   Pre Evacuate Collection Set: 0.39ms
[3794.519s][info][gc,phases      ] GC(934)   Merge Heap Roots: 0.50ms
[3794.519s][info][gc,phases      ] GC(934)   Evacuate Collection Set: 120.32ms
[3794.519s][info][gc,phases      ] GC(934)   Post Evacuate Collection Set: 0.89ms
[3794.519s][info][gc,phases      ] GC(934)   Other: 0.14ms
[3794.519s][info][gc,heap        ] GC(934) Eden regions: 1117->0(1115)
[3794.519s][info][gc,heap        ] GC(934) Survivor regions: 111->113(154)
[3794.519s][info][gc,heap        ] GC(934) Old regions: 472->503
[3794.519s][info][gc,heap        ] GC(934) Humongous regions: 80->80
[3794.519s][info][gc,metaspace   ] GC(934) Metaspace: 28876K(29248K)->28876K(29248K) NonClass: 24008K(24192K)->24008K(24192K) Class: 4868K(5056K)->4868K(5056K)
[3794.519s][info][gc             ] GC(934) Pause Young (Concurrent Start) (G1 Evacuation Pause) 3558M->1391M(4096M) 122.375ms
[3794.519s][info][gc             ] GC(935) Concurrent Mark Cycle
[3794.519s][info][gc,marking     ] GC(935) Concurrent Scan Root Regions
[3794.519s][info][gc,cpu         ] GC(934) User=0.73s Sys=0.00s Real=0.13s
[3794.712s][info][gc,marking     ] GC(935) Concurrent Scan Root Regions 192.656ms
[3794.712s][info][gc,marking     ] GC(935) Concurrent Mark
[3794.712s][info][gc,marking     ] GC(935) Concurrent Mark From Roots
[3794.712s][info][gc,task        ] GC(935) Using 2 workers of 2 for marking
.[3795.645s][info][gc,marking     ] GC(935) Concurrent Mark From Roots 933.007ms
[3795.645s][info][gc,marking     ] GC(935) Concurrent Preclean
[3795.645s][info][gc,marking     ] GC(935) Concurrent Preclean 0.117ms
[3795.646s][info][gc,start       ] GC(935) Pause Remark
[3795.650s][info][gc             ] GC(935) Pause Remark 2345M->2345M(4096M) 3.793ms
[3795.650s][info][gc,cpu         ] GC(935) User=0.02s Sys=0.00s Real=0.01s
[3795.650s][info][gc,marking     ] GC(935) Concurrent Mark 938.039ms
[3795.650s][info][gc,marking     ] GC(935) Concurrent Rebuild Remembered Sets and Scrub Regions
.[3796.014s][info][gc,marking     ] GC(935) Concurrent Rebuild Remembered Sets and Scrub Regions 364.819ms
[3796.015s][info][gc,start       ] GC(935) Pause Cleanup
[3796.015s][info][gc             ] GC(935) Pause Cleanup 2686M->2686M(4096M) 0.112ms
[3796.015s][info][gc,cpu         ] GC(935) User=0.00s Sys=0.00s Real=0.00s
[3796.016s][info][gc,marking     ] GC(935) Concurrent Clear Claimed Marks
[3796.016s][info][gc,marking     ] GC(935) Concurrent Clear Claimed Marks 0.039ms
[3796.016s][info][gc,marking     ] GC(935) Concurrent Cleanup for Next Mark
[3796.022s][info][gc,marking     ] GC(935) Concurrent Cleanup for Next Mark 6.148ms
[3796.022s][info][gc             ] GC(935) Concurrent Mark Cycle 1503.003ms
.[3797.154s][info][gc,start       ] GC(936) Pause Young (Prepare Mixed) (G1 Evacuation Pause)
[3797.154s][info][gc,task        ] GC(936) Using 6 workers of 6 for evacuation
[3797.271s][info][gc,phases      ] GC(936)   Pre Evacuate Collection Set: 0.31ms
[3797.271s][info][gc,phases      ] GC(936)   Merge Heap Roots: 0.53ms
[3797.271s][info][gc,phases      ] GC(936)   Evacuate Collection Set: 115.64ms
[3797.271s][info][gc,phases      ] GC(936)   Post Evacuate Collection Set: 0.93ms
[3797.271s][info][gc,phases      ] GC(936)   Other: 0.08ms
[3797.272s][info][gc,heap        ] GC(936) Eden regions: 1115->0(1108)
[3797.272s][info][gc,heap        ] GC(936) Survivor regions: 113->111(154)
[3797.272s][info][gc,heap        ] GC(936) Old regions: 503->535
[3797.272s][info][gc,heap        ] GC(936) Humongous regions: 80->80
[3797.272s][info][gc,metaspace   ] GC(936) Metaspace: 28876K(29248K)->28876K(29248K) NonClass: 24008K(24192K)->24008K(24192K) Class: 4868K(5056K)->4868K(5056K)
[3797.272s][info][gc             ] GC(936) Pause Young (Prepare Mixed) (G1 Evacuation Pause) 3621M->1450M(4096M) 117.629ms
[3797.272s][info][gc,cpu         ] GC(936) User=0.70s Sys=0.00s Real=0.12s
...[3799.911s][info][gc,start       ] GC(937) Pause Young (Mixed) (G1 Evacuation Pause)
[3799.911s][info][gc,task        ] GC(937) Using 6 workers of 6 for evacuation
[3800.044s][info][gc,phases      ] GC(937)   Pre Evacuate Collection Set: 0.37ms
[3800.044s][info][gc,phases      ] GC(937)   Merge Heap Roots: 0.81ms
[3800.044s][info][gc,phases      ] GC(937)   Evacuate Collection Set: 130.69ms
[3800.044s][info][gc,phases      ] GC(937)   Post Evacuate Collection Set: 0.96ms
[3800.044s][info][gc,phases      ] GC(937)   Other: 0.09ms
[3800.044s][info][gc,heap        ] GC(937) Eden regions: 1108->0(1121)
[3800.044s][info][gc,heap        ] GC(937) Survivor regions: 111->107(153)
[3800.044s][info][gc,heap        ] GC(937) Old regions: 535->472
[3800.044s][info][gc,heap        ] GC(937) Humongous regions: 80->80
[3800.044s][info][gc,metaspace   ] GC(937) Metaspace: 28876K(29248K)->28876K(29248K) NonClass: 24008K(24192K)->24008K(24192K) Class: 4868K(5056K)->4868K(5056K)
[3800.044s][info][gc             ] GC(937) Pause Young (Mixed) (G1 Evacuation Pause) 3666M->1317M(4096M) 133.050ms
[3800.044s][info][gc,cpu         ] GC(937) User=0.79s Sys=0.00s Real=0.13s
..[3802.713s][info][gc,start       ] GC(938) Pause Young (Concurrent Start) (G1 Evacuation Pause)
[3802.713s][info][gc,task        ] GC(938) Using 6 workers of 6 for evacuation
[3802.827s][info][gc,phases      ] GC(938)   Pre Evacuate Collection Set: 0.40ms
[3802.827s][info][gc,phases      ] GC(938)   Merge Heap Roots: 0.43ms
[3802.827s][info][gc,phases      ] GC(938)   Evacuate Collection Set: 112.15ms
[3802.827s][info][gc,phases      ] GC(938)   Post Evacuate Collection Set: 0.88ms
[3802.827s][info][gc,phases      ] GC(938)   Other: 0.10ms
[3802.827s][info][gc,heap        ] GC(938) Eden regions: 1121->0(1121)
[3802.827s][info][gc,heap        ] GC(938) Survivor regions: 107->107(154)
[3802.827s][info][gc,heap        ] GC(938) Old regions: 472->503
[3802.827s][info][gc,heap        ] GC(938) Humongous regions: 80->80
[3802.827s][info][gc,metaspace   ] GC(938) Metaspace: 28876K(29248K)->28876K(29248K) NonClass: 24008K(24192K)->24008K(24192K) Class: 4868K(5056K)->4868K(5056K)
[3802.827s][info][gc             ] GC(938) Pause Young (Concurrent Start) (G1 Evacuation Pause) 3559M->1379M(4096M) 114.115ms
[3802.827s][info][gc             ] GC(939) Concurrent Mark Cycle
[3802.827s][info][gc,marking     ] GC(939) Concurrent Scan Root Regions
[3802.827s][info][gc,cpu         ] GC(938) User=0.68s Sys=0.00s Real=0.11s
.[3802.985s][info][gc,marking     ] GC(939) Concurrent Scan Root Regions 158.240ms
[3802.985s][info][gc,marking     ] GC(939) Concurrent Mark
[3802.985s][info][gc,marking     ] GC(939) Concurrent Mark From Roots
[3802.985s][info][gc,task        ] GC(939) Using 2 workers of 2 for marking
[3803.649s][info][gc,marking     ] GC(939) Concurrent Mark From Roots 663.952ms
[3803.649s][info][gc,marking     ] GC(939) Concurrent Preclean
[3803.650s][info][gc,marking     ] GC(939) Concurrent Preclean 0.082ms
[3803.650s][info][gc,start       ] GC(939) Pause Remark
[3803.653s][info][gc             ] GC(939) Pause Remark 1988M->1988M(4096M) 3.025ms
[3803.653s][info][gc,cpu         ] GC(939) User=0.01s Sys=0.00s Real=0.00s
[3803.653s][info][gc,marking     ] GC(939) Concurrent Mark 667.292ms
[3803.653s][info][gc,marking     ] GC(939) Concurrent Rebuild Remembered Sets and Scrub Regions
.[3803.929s][info][gc,marking     ] GC(939) Concurrent Rebuild Remembered Sets and Scrub Regions 276.196ms
[3803.930s][info][gc,start       ] GC(939) Pause Cleanup
[3803.930s][info][gc             ] GC(939) Pause Cleanup 2255M->2255M(4096M) 0.117ms
[3803.930s][info][gc,cpu         ] GC(939) User=0.00s Sys=0.00s Real=0.00s
[3803.930s][info][gc,marking     ] GC(939) Concurrent Clear Claimed Marks
[3803.930s][info][gc,marking     ] GC(939) Concurrent Clear Claimed Marks 0.029ms
[3803.930s][info][gc,marking     ] GC(939) Concurrent Cleanup for Next Mark
[3803.934s][info][gc,marking     ] GC(939) Concurrent Cleanup for Next Mark 4.508ms
[3803.934s][info][gc             ] GC(939) Concurrent Mark Cycle 1107.311ms
.[3805.553s][info][gc,start       ] GC(940) Pause Young (Prepare Mixed) (G1 Evacuation Pause)
[3805.553s][info][gc,task        ] GC(940) Using 6 workers of 6 for evacuation
[3805.673s][info][gc,phases      ] GC(940)   Pre Evacuate Collection Set: 0.32ms
[3805.673s][info][gc,phases      ] GC(940)   Merge Heap Roots: 0.49ms
[3805.673s][info][gc,phases      ] GC(940)   Evacuate Collection Set: 118.76ms
[3805.673s][info][gc,phases      ] GC(940)   Post Evacuate Collection Set: 0.91ms
[3805.673s][info][gc,phases      ] GC(940)   Other: 0.09ms
[3805.673s][info][gc,heap        ] GC(940) Eden regions: 1121->0(1104)
[3805.673s][info][gc,heap        ] GC(940) Survivor regions: 107->113(154)
[3805.673s][info][gc,heap        ] GC(940) Old regions: 503->535
[3805.673s][info][gc,heap        ] GC(940) Humongous regions: 80->80
[3805.673s][info][gc,metaspace   ] GC(940) Metaspace: 28876K(29248K)->28876K(29248K) NonClass: 24008K(24192K)->24008K(24192K) Class: 4868K(5056K)->4868K(5056K)
[3805.673s][info][gc             ] GC(940) Pause Young (Prepare Mixed) (G1 Evacuation Pause) 3621M->1453M(4096M) 120.699ms
[3805.673s][info][gc,cpu         ] GC(940) User=0.72s Sys=0.00s Real=0.12s
...[3808.246s][info][gc,start       ] GC(941) Pause Young (Mixed) (G1 Evacuation Pause)
[3808.246s][info][gc,task        ] GC(941) Using 6 workers of 6 for evacuation
[3808.378s][info][gc,phases      ] GC(941)   Pre Evacuate Collection Set: 0.34ms
[3808.378s][info][gc,phases      ] GC(941)   Merge Heap Roots: 0.65ms
[3808.378s][info][gc,phases      ] GC(941)   Evacuate Collection Set: 129.71ms
[3808.378s][info][gc,phases      ] GC(941)   Post Evacuate Collection Set: 0.94ms
[3808.378s][info][gc,phases      ] GC(941)   Other: 0.08ms
[3808.378s][info][gc,heap        ] GC(941) Eden regions: 1104->0(1118)
[3808.378s][info][gc,heap        ] GC(941) Survivor regions: 113->110(153)
[3808.378s][info][gc,heap        ] GC(941) Old regions: 535->473
[3808.378s][info][gc,heap        ] GC(941) Humongous regions: 80->80
[3808.378s][info][gc,metaspace   ] GC(941) Metaspace: 28876K(29248K)->28876K(29248K) NonClass: 24008K(24192K)->24008K(24192K) Class: 4868K(5056K)->4868K(5056K)
[3808.378s][info][gc             ] GC(941) Pause Young (Mixed) (G1 Evacuation Pause) 3661M->1324M(4096M) 131.859ms
[3808.378s][info][gc,cpu         ] GC(941) User=0.79s Sys=0.00s Real=0.14s
...[3811.119s][info][gc,start       ] GC(942) Pause Young (Concurrent Start) (G1 Evacuation Pause)
[3811.119s][info][gc,task        ] GC(942) Using 6 workers of 6 for evacuation
[3811.238s][info][gc,phases      ] GC(942)   Pre Evacuate Collection Set: 0.38ms
[3811.238s][info][gc,phases      ] GC(942)   Merge Heap Roots: 0.45ms
[3811.238s][info][gc,phases      ] GC(942)   Evacuate Collection Set: 116.93ms
[3811.238s][info][gc,phases      ] GC(942)   Post Evacuate Collection Set: 0.85ms
[3811.238s][info][gc,phases      ] GC(942)   Other: 0.10ms
[3811.238s][info][gc,heap        ] GC(942) Eden regions: 1118->0(1117)
[3811.238s][info][gc,heap        ] GC(942) Survivor regions: 110->111(154)
[3811.238s][info][gc,heap        ] GC(942) Old regions: 473->505
[3811.238s][info][gc,heap        ] GC(942) Humongous regions: 80->80
[3811.238s][info][gc,metaspace   ] GC(942) Metaspace: 28876K(29248K)->28876K(29248K) NonClass: 24008K(24192K)->24008K(24192K) Class: 4868K(5056K)->4868K(5056K)
[3811.238s][info][gc             ] GC(942) Pause Young (Concurrent Start) (G1 Evacuation Pause) 3560M->1390M(4096M) 118.847ms
[3811.238s][info][gc             ] GC(943) Concurrent Mark Cycle
[3811.238s][info][gc,marking     ] GC(943) Concurrent Scan Root Regions
[3811.238s][info][gc,cpu         ] GC(942) User=0.71s Sys=0.00s Real=0.12s
[3811.419s][info][gc,marking     ] GC(943) Concurrent Scan Root Regions 181.666ms
[3811.419s][info][gc,marking     ] GC(943) Concurrent Mark
[3811.419s][info][gc,marking     ] GC(943) Concurrent Mark From Roots
[3811.419s][info][gc,task        ] GC(943) Using 2 workers of 2 for marking
.[3812.401s][info][gc,marking     ] GC(943) Concurrent Mark From Roots 981.306ms
[3812.401s][info][gc,marking     ] GC(943) Concurrent Preclean
[3812.401s][info][gc,marking     ] GC(943) Concurrent Preclean 0.110ms
[3812.401s][info][gc,start       ] GC(943) Pause Remark
[3812.403s][info][gc             ] GC(943) Pause Remark 2413M->2413M(4096M) 2.353ms
[3812.403s][info][gc,cpu         ] GC(943) User=0.01s Sys=0.00s Real=0.00s
[3812.404s][info][gc,marking     ] GC(943) Concurrent Mark 984.114ms
[3812.404s][info][gc,marking     ] GC(943) Concurrent Rebuild Remembered Sets and Scrub Regions
[3812.815s][info][gc,marking     ] GC(943) Concurrent Rebuild Remembered Sets and Scrub Regions 411.498ms
[3812.816s][info][gc,start       ] GC(943) Pause Cleanup
[3812.816s][info][gc             ] GC(943) Pause Cleanup 2758M->2758M(4096M) 0.122ms
[3812.816s][info][gc,cpu         ] GC(943) User=0.00s Sys=0.00s Real=0.00s
[3812.816s][info][gc,marking     ] GC(943) Concurrent Clear Claimed Marks
[3812.816s][info][gc,marking     ] GC(943) Concurrent Clear Claimed Marks 0.031ms
[3812.816s][info][gc,marking     ] GC(943) Concurrent Cleanup for Next Mark
[3812.822s][info][gc,marking     ] GC(943) Concurrent Cleanup for Next Mark 6.420ms
[3812.822s][info][gc             ] GC(943) Concurrent Mark Cycle 1584.728ms
.[3813.832s][info][gc,start       ] GC(944) Pause Young (Prepare Mixed) (G1 Evacuation Pause)
[3813.832s][info][gc,task        ] GC(944) Using 6 workers of 6 for evacuation
[3813.949s][info][gc,phases      ] GC(944)   Pre Evacuate Collection Set: 0.30ms
[3813.949s][info][gc,phases      ] GC(944)   Merge Heap Roots: 0.49ms
[3813.949s][info][gc,phases      ] GC(944)   Evacuate Collection Set: 115.20ms
[3813.949s][info][gc,phases      ] GC(944)   Post Evacuate Collection Set: 0.93ms
[3813.949s][info][gc,phases      ] GC(944)   Other: 0.09ms
[3813.949s][info][gc,heap        ] GC(944) Eden regions: 1117->0(1107)
[3813.949s][info][gc,heap        ] GC(944) Survivor regions: 111->111(154)
[3813.949s][info][gc,heap        ] GC(944) Old regions: 505->536
[3813.949s][info][gc,heap        ] GC(944) Humongous regions: 80->80
[3813.949s][info][gc,metaspace   ] GC(944) Metaspace: 28876K(29248K)->28876K(29248K) NonClass: 24008K(24192K)->24008K(24192K) Class: 4868K(5056K)->4868K(5056K)
[3813.949s][info][gc             ] GC(944) Pause Young (Prepare Mixed) (G1 Evacuation Pause) 3624M->1452M(4096M) 117.141ms
[3813.949s][info][gc,cpu         ] GC(944) User=0.70s Sys=0.00s Real=0.12s
...[3816.592s][info][gc,start       ] GC(945) Pause Young (Mixed) (G1 Evacuation Pause)
[3816.592s][info][gc,task        ] GC(945) Using 6 workers of 6 for evacuation
[3816.732s][info][gc,phases      ] GC(945)   Pre Evacuate Collection Set: 0.34ms
[3816.733s][info][gc,phases      ] GC(945)   Merge Heap Roots: 0.85ms
[3816.733s][info][gc,phases      ] GC(945)   Evacuate Collection Set: 137.89ms
[3816.733s][info][gc,phases      ] GC(945)   Post Evacuate Collection Set: 0.95ms
[3816.733s][info][gc,phases      ] GC(945)   Other: 0.09ms
[3816.733s][info][gc,heap        ] GC(945) Eden regions: 1107->0(1116)
[3816.733s][info][gc,heap        ] GC(945) Survivor regions: 111->112(153)
[3816.733s][info][gc,heap        ] GC(945) Old regions: 536->472
[3816.733s][info][gc,heap        ] GC(945) Humongous regions: 80->80
[3816.733s][info][gc,metaspace   ] GC(945) Metaspace: 28876K(29248K)->28876K(29248K) NonClass: 24008K(24192K)->24008K(24192K) Class: 4868K(5056K)->4868K(5056K)
[3816.733s][info][gc             ] GC(945) Pause Young (Mixed) (G1 Evacuation Pause) 3666M->1327M(4096M) 140.281ms
[3816.733s][info][gc,cpu         ] GC(945) User=0.83s Sys=0.00s Real=0.14s
...[3819.371s][info][gc,start       ] GC(946) Pause Young (Concurrent Start) (G1 Evacuation Pause)
[3819.371s][info][gc,task        ] GC(946) Using 6 workers of 6 for evacuation
[3819.496s][info][gc,phases      ] GC(946)   Pre Evacuate Collection Set: 0.34ms
[3819.496s][info][gc,phases      ] GC(946)   Merge Heap Roots: 0.46ms
[3819.496s][info][gc,phases      ] GC(946)   Evacuate Collection Set: 122.87ms
[3819.496s][info][gc,phases      ] GC(946)   Post Evacuate Collection Set: 0.90ms
[3819.496s][info][gc,phases      ] GC(946)   Other: 0.11ms
[3819.496s][info][gc,heap        ] GC(946) Eden regions: 1116->0(1112)
[3819.496s][info][gc,heap        ] GC(946) Survivor regions: 112->116(154)
[3819.496s][info][gc,heap        ] GC(946) Old regions: 472->504
[3819.496s][info][gc,heap        ] GC(946) Humongous regions: 80->80
[3819.496s][info][gc,metaspace   ] GC(946) Metaspace: 28876K(29248K)->28876K(29248K) NonClass: 24008K(24192K)->24008K(24192K) Class: 4868K(5056K)->4868K(5056K)
[3819.496s][info][gc             ] GC(946) Pause Young (Concurrent Start) (G1 Evacuation Pause) 3559M->1398M(4096M) 124.819ms
[3819.496s][info][gc             ] GC(947) Concurrent Mark Cycle
[3819.496s][info][gc,marking     ] GC(947) Concurrent Scan Root Regions
[3819.496s][info][gc,cpu         ] GC(946) User=0.74s Sys=0.00s Real=0.12s
[3819.686s][info][gc,marking     ] GC(947) Concurrent Scan Root Regions 189.620ms
[3819.686s][info][gc,marking     ] GC(947) Concurrent Mark
[3819.686s][info][gc,marking     ] GC(947) Concurrent Mark From Roots
[3819.686s][info][gc,task        ] GC(947) Using 2 workers of 2 for marking
.[3820.560s][info][gc,marking     ] GC(947) Concurrent Mark From Roots 873.825ms
[3820.560s][info][gc,marking     ] GC(947) Concurrent Preclean
[3820.560s][info][gc,marking     ] GC(947) Concurrent Preclean 0.087ms
[3820.560s][info][gc,start       ] GC(947) Pause Remark
[3820.562s][info][gc             ] GC(947) Pause Remark 2295M->2295M(4096M) 2.616ms
[3820.562s][info][gc,cpu         ] GC(947) User=0.01s Sys=0.00s Real=0.00s
[3820.563s][info][gc,marking     ] GC(947) Concurrent Mark 876.760ms
[3820.563s][info][gc,marking     ] GC(947) Concurrent Rebuild Remembered Sets and Scrub Regions
[3820.863s][info][gc,marking     ] GC(947) Concurrent Rebuild Remembered Sets and Scrub Regions 300.679ms
[3820.863s][info][gc,start       ] GC(947) Pause Cleanup
[3820.864s][info][gc             ] GC(947) Pause Cleanup 2539M->2539M(4096M) 0.130ms
[3820.864s][info][gc,cpu         ] GC(947) User=0.00s Sys=0.00s Real=0.00s
[3820.864s][info][gc,marking     ] GC(947) Concurrent Clear Claimed Marks
[3820.864s][info][gc,marking     ] GC(947) Concurrent Clear Claimed Marks 0.024ms
[3820.864s][info][gc,marking     ] GC(947) Concurrent Cleanup for Next Mark
[3820.870s][info][gc,marking     ] GC(947) Concurrent Cleanup for Next Mark 6.329ms
[3820.870s][info][gc             ] GC(947) Concurrent Mark Cycle 1373.911ms
..[3822.152s][info][gc,start       ] GC(948) Pause Young (Prepare Mixed) (G1 Evacuation Pause)
[3822.152s][info][gc,task        ] GC(948) Using 6 workers of 6 for evacuation
[3822.273s][info][gc,phases      ] GC(948)   Pre Evacuate Collection Set: 0.30ms
[3822.273s][info][gc,phases      ] GC(948)   Merge Heap Roots: 0.48ms
[3822.273s][info][gc,phases      ] GC(948)   Evacuate Collection Set: 118.69ms
[3822.273s][info][gc,phases      ] GC(948)   Post Evacuate Collection Set: 0.91ms
[3822.273s][info][gc,phases      ] GC(948)   Other: 0.09ms
[3822.273s][info][gc,heap        ] GC(948) Eden regions: 1112->0(1101)
[3822.273s][info][gc,heap        ] GC(948) Survivor regions: 116->114(154)
[3822.273s][info][gc,heap        ] GC(948) Old regions: 504->536
[3822.273s][info][gc,heap        ] GC(948) Humongous regions: 80->80
[3822.273s][info][gc,metaspace   ] GC(948) Metaspace: 28876K(29248K)->28876K(29248K) NonClass: 24008K(24192K)->24008K(24192K) Class: 4868K(5056K)->4868K(5056K)
[3822.273s][info][gc             ] GC(948) Pause Young (Prepare Mixed) (G1 Evacuation Pause) 3622M->1457M(4096M) 120.589ms
[3822.273s][info][gc,cpu         ] GC(948) User=0.72s Sys=0.00s Real=0.12s
..[3824.854s][info][gc,start       ] GC(949) Pause Young (Mixed) (G1 Evacuation Pause)
[3824.854s][info][gc,task        ] GC(949) Using 6 workers of 6 for evacuation
[3824.991s][info][gc,phases      ] GC(949)   Pre Evacuate Collection Set: 0.35ms
[3824.991s][info][gc,phases      ] GC(949)   Merge Heap Roots: 0.60ms
[3824.991s][info][gc,phases      ] GC(949)   Evacuate Collection Set: 135.20ms
[3824.991s][info][gc,phases      ] GC(949)   Post Evacuate Collection Set: 0.94ms
[3824.991s][info][gc,phases      ] GC(949)   Other: 0.09ms
[3824.991s][info][gc,heap        ] GC(949) Eden regions: 1101->0(1114)
[3824.991s][info][gc,heap        ] GC(949) Survivor regions: 114->114(152)
[3824.991s][info][gc,heap        ] GC(949) Old regions: 536->473
[3824.991s][info][gc,heap        ] GC(949) Humongous regions: 80->80
[3824.991s][info][gc,metaspace   ] GC(949) Metaspace: 28876K(29248K)->28876K(29248K) NonClass: 24008K(24192K)->24008K(24192K) Class: 4868K(5056K)->4868K(5056K)
[3824.992s][info][gc             ] GC(949) Pause Young (Mixed) (G1 Evacuation Pause) 3659M->1333M(4096M) 137.309ms
[3824.992s][info][gc,cpu         ] GC(949) User=0.81s Sys=0.00s Real=0.14s
...[3827.620s][info][gc,start       ] GC(950) Pause Young (Concurrent Start) (G1 Evacuation Pause)
[3827.620s][info][gc,task        ] GC(950) Using 6 workers of 6 for evacuation
[3827.741s][info][gc,phases      ] GC(950)   Pre Evacuate Collection Set: 0.38ms
[3827.741s][info][gc,phases      ] GC(950)   Merge Heap Roots: 0.44ms
[3827.741s][info][gc,phases      ] GC(950)   Evacuate Collection Set: 119.38ms
[3827.741s][info][gc,phases      ] GC(950)   Post Evacuate Collection Set: 0.87ms
[3827.741s][info][gc,phases      ] GC(950)   Other: 0.10ms
[3827.741s][info][gc,heap        ] GC(950) Eden regions: 1114->0(1114)
[3827.741s][info][gc,heap        ] GC(950) Survivor regions: 114->114(154)
[3827.741s][info][gc,heap        ] GC(950) Old regions: 473->506
[3827.741s][info][gc,heap        ] GC(950) Humongous regions: 80->80
[3827.741s][info][gc,metaspace   ] GC(950) Metaspace: 28876K(29248K)->28876K(29248K) NonClass: 24008K(24192K)->24008K(24192K) Class: 4868K(5056K)->4868K(5056K)
[3827.741s][info][gc             ] GC(950) Pause Young (Concurrent Start) (G1 Evacuation Pause) 3561M->1398M(4096M) 121.317ms
[3827.741s][info][gc             ] GC(951) Concurrent Mark Cycle
[3827.741s][info][gc,marking     ] GC(951) Concurrent Scan Root Regions
[3827.741s][info][gc,cpu         ] GC(950) User=0.72s Sys=0.00s Real=0.12s
[3827.903s][info][gc,marking     ] GC(951) Concurrent Scan Root Regions 162.187ms
[3827.903s][info][gc,marking     ] GC(951) Concurrent Mark
[3827.903s][info][gc,marking     ] GC(951) Concurrent Mark From Roots
[3827.903s][info][gc,task        ] GC(951) Using 2 workers of 2 for marking
.[3828.653s][info][gc,marking     ] GC(951) Concurrent Mark From Roots 749.855ms
[3828.653s][info][gc,marking     ] GC(951) Concurrent Preclean
[3828.653s][info][gc,marking     ] GC(951) Concurrent Preclean 0.101ms
[3828.701s][info][gc,start       ] GC(951) Pause Remark
[3828.705s][info][gc             ] GC(951) Pause Remark 2239M->2239M(4096M) 3.599ms
[3828.705s][info][gc,cpu         ] GC(951) User=0.02s Sys=0.00s Real=0.00s
[3828.705s][info][gc,marking     ] GC(951) Concurrent Mark 801.970ms
[3828.705s][info][gc,marking     ] GC(951) Concurrent Rebuild Remembered Sets and Scrub Regions
[3828.962s][info][gc,marking     ] GC(951) Concurrent Rebuild Remembered Sets and Scrub Regions 257.325ms
[3828.963s][info][gc,start       ] GC(951) Pause Cleanup
[3828.963s][info][gc             ] GC(951) Pause Cleanup 2425M->2425M(4096M) 0.108ms
[3828.963s][info][gc,cpu         ] GC(951) User=0.00s Sys=0.00s Real=0.00s
[3828.963s][info][gc,marking     ] GC(951) Concurrent Clear Claimed Marks
[3828.963s][info][gc,marking     ] GC(951) Concurrent Clear Claimed Marks 0.032ms
[3828.963s][info][gc,marking     ] GC(951) Concurrent Cleanup for Next Mark
[3828.968s][info][gc,marking     ] GC(951) Concurrent Cleanup for Next Mark 4.590ms
[3828.968s][info][gc             ] GC(951) Concurrent Mark Cycle 1227.169ms
..[3830.438s][info][gc,start       ] GC(952) Pause Young (Prepare Mixed) (G1 Evacuation Pause)
[3830.438s][info][gc,task        ] GC(952) Using 6 workers of 6 for evacuation
[3830.555s][info][gc,phases      ] GC(952)   Pre Evacuate Collection Set: 0.33ms
[3830.555s][info][gc,phases      ] GC(952)   Merge Heap Roots: 0.49ms
[3830.555s][info][gc,phases      ] GC(952)   Evacuate Collection Set: 115.97ms
[3830.555s][info][gc,phases      ] GC(952)   Post Evacuate Collection Set: 0.94ms
[3830.555s][info][gc,phases      ] GC(952)   Other: 0.08ms
[3830.555s][info][gc,heap        ] GC(952) Eden regions: 1114->0(1106)
[3830.555s][info][gc,heap        ] GC(952) Survivor regions: 114->111(154)
[3830.555s][info][gc,heap        ] GC(952) Old regions: 506->537
[3830.555s][info][gc,heap        ] GC(952) Humongous regions: 80->80
[3830.555s][info][gc,metaspace   ] GC(952) Metaspace: 28876K(29248K)->28876K(29248K) NonClass: 24008K(24192K)->24008K(24192K) Class: 4868K(5056K)->4868K(5056K)
[3830.555s][info][gc             ] GC(952) Pause Young (Prepare Mixed) (G1 Evacuation Pause) 3626M->1454M(4096M) 117.937ms
[3830.556s][info][gc,cpu         ] GC(952) User=0.71s Sys=0.00s Real=0.11s
..[3833.183s][info][gc,start       ] GC(953) Pause Young (Mixed) (G1 Evacuation Pause)
[3833.183s][info][gc,task        ] GC(953) Using 6 workers of 6 for evacuation
[3833.324s][info][gc,phases      ] GC(953)   Pre Evacuate Collection Set: 0.35ms
[3833.324s][info][gc,phases      ] GC(953)   Merge Heap Roots: 0.76ms
[3833.324s][info][gc,phases      ] GC(953)   Evacuate Collection Set: 138.75ms
[3833.324s][info][gc,phases      ] GC(953)   Post Evacuate Collection Set: 0.94ms
[3833.324s][info][gc,phases      ] GC(953)   Other: 0.08ms
[3833.324s][info][gc,heap        ] GC(953) Eden regions: 1106->0(1116)
[3833.324s][info][gc,heap        ] GC(953) Survivor regions: 111->112(153)
[3833.324s][info][gc,heap        ] GC(953) Old regions: 537->473
[3833.324s][info][gc,heap        ] GC(953) Humongous regions: 80->80
[3833.324s][info][gc,metaspace   ] GC(953) Metaspace: 28876K(29248K)->28876K(29248K) NonClass: 24008K(24192K)->24008K(24192K) Class: 4868K(5056K)->4868K(5056K)
[3833.324s][info][gc             ] GC(953) Pause Young (Mixed) (G1 Evacuation Pause) 3666M->1329M(4096M) 141.024ms
[3833.324s][info][gc,cpu         ] GC(953) User=0.84s Sys=0.00s Real=0.14s
...[3835.960s][info][gc,start       ] GC(954) Pause Young (Concurrent Start) (G1 Evacuation Pause)
[3835.960s][info][gc,task        ] GC(954) Using 6 workers of 6 for evacuation
[3836.084s][info][gc,phases      ] GC(954)   Pre Evacuate Collection Set: 0.34ms
[3836.084s][info][gc,phases      ] GC(954)   Merge Heap Roots: 0.50ms
[3836.084s][info][gc,phases      ] GC(954)   Evacuate Collection Set: 122.75ms
[3836.084s][info][gc,phases      ] GC(954)   Post Evacuate Collection Set: 0.94ms
[3836.084s][info][gc,phases      ] GC(954)   Other: 0.10ms
[3836.084s][info][gc,heap        ] GC(954) Eden regions: 1116->0(1113)
[3836.084s][info][gc,heap        ] GC(954) Survivor regions: 112->115(154)
[3836.084s][info][gc,heap        ] GC(954) Old regions: 473->506
[3836.084s][info][gc,heap        ] GC(954) Humongous regions: 80->80
[3836.084s][info][gc,metaspace   ] GC(954) Metaspace: 28876K(29248K)->28876K(29248K) NonClass: 24008K(24192K)->24008K(24192K) Class: 4868K(5056K)->4868K(5056K)
[3836.084s][info][gc             ] GC(954) Pause Young (Concurrent Start) (G1 Evacuation Pause) 3561M->1399M(4096M) 124.762ms
[3836.084s][info][gc             ] GC(955) Concurrent Mark Cycle
[3836.084s][info][gc,marking     ] GC(955) Concurrent Scan Root Regions
[3836.084s][info][gc,cpu         ] GC(954) User=0.74s Sys=0.00s Real=0.12s
[3836.213s][info][gc,marking     ] GC(955) Concurrent Scan Root Regions 128.434ms
[3836.213s][info][gc,marking     ] GC(955) Concurrent Mark
[3836.213s][info][gc,marking     ] GC(955) Concurrent Mark From Roots
[3836.213s][info][gc,task        ] GC(955) Using 2 workers of 2 for marking
.[3836.949s][info][gc,marking     ] GC(955) Concurrent Mark From Roots 736.058ms
[3836.949s][info][gc,marking     ] GC(955) Concurrent Preclean
[3836.949s][info][gc,marking     ] GC(955) Concurrent Preclean 0.127ms
[3836.952s][info][gc,start       ] GC(955) Pause Remark
[3836.955s][info][gc             ] GC(955) Pause Remark 2191M->2191M(4096M) 2.960ms
[3836.955s][info][gc,cpu         ] GC(955) User=0.01s Sys=0.00s Real=0.00s
[3836.956s][info][gc,marking     ] GC(955) Concurrent Mark 742.636ms
[3836.956s][info][gc,marking     ] GC(955) Concurrent Rebuild Remembered Sets and Scrub Regions
[3837.221s][info][gc,marking     ] GC(955) Concurrent Rebuild Remembered Sets and Scrub Regions 265.504ms
[3837.221s][info][gc,start       ] GC(955) Pause Cleanup
[3837.221s][info][gc             ] GC(955) Pause Cleanup 2464M->2464M(4096M) 0.117ms
[3837.221s][info][gc,cpu         ] GC(955) User=0.00s Sys=0.00s Real=0.00s
[3837.221s][info][gc,marking     ] GC(955) Concurrent Clear Claimed Marks
[3837.221s][info][gc,marking     ] GC(955) Concurrent Clear Claimed Marks 0.025ms
[3837.221s][info][gc,marking     ] GC(955) Concurrent Cleanup for Next Mark
[3837.232s][info][gc,marking     ] GC(955) Concurrent Cleanup for Next Mark 10.909ms
[3837.232s][info][gc             ] GC(955) Concurrent Mark Cycle 1148.023ms
..[3838.713s][info][gc,start       ] GC(956) Pause Young (Prepare Mixed) (G1 Evacuation Pause)
[3838.713s][info][gc,task        ] GC(956) Using 6 workers of 6 for evacuation
[3838.827s][info][gc,phases      ] GC(956)   Pre Evacuate Collection Set: 0.31ms
[3838.827s][info][gc,phases      ] GC(956)   Merge Heap Roots: 0.48ms
[3838.827s][info][gc,phases      ] GC(956)   Evacuate Collection Set: 111.90ms
[3838.827s][info][gc,phases      ] GC(956)   Post Evacuate Collection Set: 0.90ms
[3838.827s][info][gc,phases      ] GC(956)   Other: 0.08ms
[3838.827s][info][gc,heap        ] GC(956) Eden regions: 1113->0(1113)
[3838.827s][info][gc,heap        ] GC(956) Survivor regions: 115->107(154)
[3838.827s][info][gc,heap        ] GC(956) Old regions: 506->538
[3838.827s][info][gc,heap        ] GC(956) Humongous regions: 80->80
[3838.827s][info][gc,metaspace   ] GC(956) Metaspace: 28876K(29248K)->28876K(29248K) NonClass: 24008K(24192K)->24008K(24192K) Class: 4868K(5056K)->4868K(5056K)
[3838.827s][info][gc             ] GC(956) Pause Young (Prepare Mixed) (G1 Evacuation Pause) 3625M->1447M(4096M) 113.810ms
[3838.827s][info][gc,cpu         ] GC(956) User=0.68s Sys=0.00s Real=0.11s
..[3841.571s][info][gc,start       ] GC(957) Pause Young (Mixed) (G1 Evacuation Pause)
[3841.571s][info][gc,task        ] GC(957) Using 6 workers of 6 for evacuation
[3841.708s][info][gc,phases      ] GC(957)   Pre Evacuate Collection Set: 0.34ms
[3841.708s][info][gc,phases      ] GC(957)   Merge Heap Roots: 0.64ms
[3841.708s][info][gc,phases      ] GC(957)   Evacuate Collection Set: 135.75ms
[3841.708s][info][gc,phases      ] GC(957)   Post Evacuate Collection Set: 0.93ms
[3841.708s][info][gc,phases      ] GC(957)   Other: 0.08ms
[3841.708s][info][gc,heap        ] GC(957) Eden regions: 1113->0(1114)
[3841.708s][info][gc,heap        ] GC(957) Survivor regions: 107->114(153)
[3841.708s][info][gc,heap        ] GC(957) Old regions: 538->473
[3841.708s][info][gc,heap        ] GC(957) Humongous regions: 80->80
[3841.708s][info][gc,metaspace   ] GC(957) Metaspace: 28876K(29248K)->28876K(29248K) NonClass: 24008K(24192K)->24008K(24192K) Class: 4868K(5056K)->4868K(5056K)
[3841.708s][info][gc             ] GC(957) Pause Young (Mixed) (G1 Evacuation Pause) 3673M->1332M(4096M) 137.888ms
[3841.708s][info][gc,cpu         ] GC(957) User=0.82s Sys=0.00s Real=0.14s
...[3844.345s][info][gc,start       ] GC(958) Pause Young (Concurrent Start) (G1 Evacuation Pause)
[3844.345s][info][gc,task        ] GC(958) Using 6 workers of 6 for evacuation
[3844.463s][info][gc,phases      ] GC(958)   Pre Evacuate Collection Set: 0.34ms
[3844.463s][info][gc,phases      ] GC(958)   Merge Heap Roots: 0.46ms
[3844.463s][info][gc,phases      ] GC(958)   Evacuate Collection Set: 116.50ms
[3844.463s][info][gc,phases      ] GC(958)   Post Evacuate Collection Set: 0.91ms
[3844.463s][info][gc,phases      ] GC(958)   Other: 0.11ms
[3844.463s][info][gc,heap        ] GC(958) Eden regions: 1114->0(1117)
[3844.463s][info][gc,heap        ] GC(958) Survivor regions: 114->111(154)
[3844.463s][info][gc,heap        ] GC(958) Old regions: 473->505
[3844.464s][info][gc,heap        ] GC(958) Humongous regions: 80->80
[3844.464s][info][gc,metaspace   ] GC(958) Metaspace: 28876K(29248K)->28876K(29248K) NonClass: 24008K(24192K)->24008K(24192K) Class: 4868K(5056K)->4868K(5056K)
[3844.464s][info][gc             ] GC(958) Pause Young (Concurrent Start) (G1 Evacuation Pause) 3560M->1390M(4096M) 118.459ms
[3844.464s][info][gc             ] GC(959) Concurrent Mark Cycle
[3844.464s][info][gc,marking     ] GC(959) Concurrent Scan Root Regions
[3844.464s][info][gc,cpu         ] GC(958) User=0.70s Sys=0.00s Real=0.12s
[3844.610s][info][gc,marking     ] GC(959) Concurrent Scan Root Regions 146.436ms
[3844.610s][info][gc,marking     ] GC(959) Concurrent Mark
[3844.610s][info][gc,marking     ] GC(959) Concurrent Mark From Roots
[3844.610s][info][gc,task        ] GC(959) Using 2 workers of 2 for marking
.[3845.324s][info][gc,marking     ] GC(959) Concurrent Mark From Roots 713.493ms
[3845.324s][info][gc,marking     ] GC(959) Concurrent Preclean
[3845.324s][info][gc,marking     ] GC(959) Concurrent Preclean 0.108ms
[3845.324s][info][gc,start       ] GC(959) Pause Remark
[3845.329s][info][gc             ] GC(959) Pause Remark 2120M->2120M(4096M) 4.017ms
[3845.329s][info][gc,cpu         ] GC(959) User=0.02s Sys=0.00s Real=0.01s
[3845.329s][info][gc,marking     ] GC(959) Concurrent Mark 719.177ms
[3845.329s][info][gc,marking     ] GC(959) Concurrent Rebuild Remembered Sets and Scrub Regions
[3845.592s][info][gc,marking     ] GC(959) Concurrent Rebuild Remembered Sets and Scrub Regions 262.812ms
[3845.593s][info][gc,start       ] GC(959) Pause Cleanup
[3845.593s][info][gc             ] GC(959) Pause Cleanup 2344M->2344M(4096M) 0.118ms
[3845.593s][info][gc,cpu         ] GC(959) User=0.00s Sys=0.00s Real=0.00s
[3845.595s][info][gc,marking     ] GC(959) Concurrent Clear Claimed Marks
[3845.595s][info][gc,marking     ] GC(959) Concurrent Clear Claimed Marks 0.065ms
[3845.595s][info][gc,marking     ] GC(959) Concurrent Cleanup for Next Mark
[3845.599s][info][gc,marking     ] GC(959) Concurrent Cleanup for Next Mark 4.709ms
[3845.600s][info][gc             ] GC(959) Concurrent Mark Cycle 1135.985ms
. (rIR:aIR:PR = 6780:6779:6779) (tPR = 100408) [OK] 
  3845s: Performance info:
         Transaction,    Success,    Partial,     Failed,   Receipts, AvgBarcode, 
             Overall,     407512,          0,          0,     387114,      59.48, 
         Response times:
             Request,    Success,    Partial,     Failed,   SkipFail,     Probes,    Samples,      min,      p50,      p90,      p95,      p99,      max, 
       TotalPurchase,     387109,          0,          0,          0,     356269,     386049,      200,     5800,    40000,    82000,   160000,   309000,
     InStorePurchase,     203904,          0,          0,          0,     187026,     202385,      200,     5700,    40000,    81000,   161000,   309000,
      OnlinePurchase,     142432,          0,          0,          0,     131284,     142214,      300,     5700,    40000,    83000,   160000,   309000,
        InstPurchase,      40773,          0,          0,          0,      37959,      41450,      400,     5900,    42000,    83000,   160000,   309000,
          AssocOfCat,        410,          0,          0,          0,        319,        428,    22000,    36000,   106100,   158200,   239230,   295000,
      AssocOfProduct,       4070,          0,          0,          0,       3756,       4260,      300,     3800,    28000,    65000,   147000,   247000,
      BusinessReport,       1021,          0,          0,          0,        869,       1057,    26000,    45000,   127200,   181100,   224000,   350000,
          CustBuyBeh,       4087,          0,          0,          0,       3761,       4235,      200,     6700,    47400,    86200,   159000,   291000,
       ProductReturn,      10816,          0,          0,          0,      10304,      11336,      200,     4900,    40000,    77000,   154000,   309000,

  3845s: (50%)   IR =   6918 .[3847.076s][info][gc,start       ] GC(960) Pause Young (Prepare Mixed) (G1 Evacuation Pause)
[3847.076s][info][gc,task        ] GC(960) Using 6 workers of 6 for evacuation
[3847.197s][info][gc,phases      ] GC(960)   Pre Evacuate Collection Set: 0.31ms
[3847.197s][info][gc,phases      ] GC(960)   Merge Heap Roots: 0.50ms
[3847.197s][info][gc,phases      ] GC(960)   Evacuate Collection Set: 118.74ms
[3847.197s][info][gc,phases      ] GC(960)   Post Evacuate Collection Set: 0.91ms
[3847.197s][info][gc,phases      ] GC(960)   Other: 0.08ms
[3847.197s][info][gc,heap        ] GC(960) Eden regions: 1117->0(1105)
[3847.197s][info][gc,heap        ] GC(960) Survivor regions: 111->111(154)
[3847.197s][info][gc,heap        ] GC(960) Old regions: 505->538
[3847.197s][info][gc,heap        ] GC(960) Humongous regions: 80->80
[3847.197s][info][gc,metaspace   ] GC(960) Metaspace: 28876K(29248K)->28876K(29248K) NonClass: 24008K(24192K)->24008K(24192K) Class: 4868K(5056K)->4868K(5056K)
[3847.197s][info][gc             ] GC(960) Pause Young (Prepare Mixed) (G1 Evacuation Pause) 3624M->1455M(4096M) 120.683ms
[3847.197s][info][gc,cpu         ] GC(960) User=0.71s Sys=0.00s Real=0.12s
..[3849.740s][info][gc,start       ] GC(961) Pause Young (Mixed) (G1 Evacuation Pause)
[3849.740s][info][gc,task        ] GC(961) Using 6 workers of 6 for evacuation
[3849.874s][info][gc,phases      ] GC(961)   Pre Evacuate Collection Set: 0.35ms
[3849.874s][info][gc,phases      ] GC(961)   Merge Heap Roots: 0.68ms
[3849.874s][info][gc,phases      ] GC(961)   Evacuate Collection Set: 131.28ms
[3849.874s][info][gc,phases      ] GC(961)   Post Evacuate Collection Set: 0.95ms
[3849.874s][info][gc,phases      ] GC(961)   Other: 0.09ms
[3849.874s][info][gc,heap        ] GC(961) Eden regions: 1105->0(1121)
[3849.874s][info][gc,heap        ] GC(961) Survivor regions: 111->107(152)
[3849.874s][info][gc,heap        ] GC(961) Old regions: 538->473
[3849.874s][info][gc,heap        ] GC(961) Humongous regions: 80->80
[3849.874s][info][gc,metaspace   ] GC(961) Metaspace: 28876K(29248K)->28876K(29248K) NonClass: 24008K(24192K)->24008K(24192K) Class: 4868K(5056K)->4868K(5056K)
[3849.874s][info][gc             ] GC(961) Pause Young (Mixed) (G1 Evacuation Pause) 3665M->1319M(4096M) 133.495ms
[3849.874s][info][gc,cpu         ] GC(961) User=0.79s Sys=0.00s Real=0.13s
...[3852.501s][info][gc,start       ] GC(962) Pause Young (Concurrent Start) (G1 Evacuation Pause)
[3852.502s][info][gc,task        ] GC(962) Using 6 workers of 6 for evacuation
[3852.620s][info][gc,phases      ] GC(962)   Pre Evacuate Collection Set: 0.34ms
[3852.620s][info][gc,phases      ] GC(962)   Merge Heap Roots: 0.47ms
[3852.620s][info][gc,phases      ] GC(962)   Evacuate Collection Set: 116.99ms
[3852.620s][info][gc,phases      ] GC(962)   Post Evacuate Collection Set: 0.87ms
[3852.620s][info][gc,phases      ] GC(962)   Other: 0.10ms
[3852.620s][info][gc,heap        ] GC(962) Eden regions: 1121->0(1115)
[3852.620s][info][gc,heap        ] GC(962) Survivor regions: 107->113(154)
[3852.620s][info][gc,heap        ] GC(962) Old regions: 473->505
[3852.620s][info][gc,heap        ] GC(962) Humongous regions: 80->80
[3852.620s][info][gc,metaspace   ] GC(962) Metaspace: 28876K(29248K)->28876K(29248K) NonClass: 24008K(24192K)->24008K(24192K) Class: 4868K(5056K)->4868K(5056K)
[3852.620s][info][gc             ] GC(962) Pause Young (Concurrent Start) (G1 Evacuation Pause) 3561M->1393M(4096M) 118.888ms
[3852.620s][info][gc             ] GC(963) Concurrent Mark Cycle
[3852.620s][info][gc,marking     ] GC(963) Concurrent Scan Root Regions
[3852.620s][info][gc,cpu         ] GC(962) User=0.71s Sys=0.00s Real=0.12s
[3852.759s][info][gc,marking     ] GC(963) Concurrent Scan Root Regions 138.880ms
[3852.759s][info][gc,marking     ] GC(963) Concurrent Mark
[3852.759s][info][gc,marking     ] GC(963) Concurrent Mark From Roots
[3852.759s][info][gc,task        ] GC(963) Using 2 workers of 2 for marking
.[3853.478s][info][gc,marking     ] GC(963) Concurrent Mark From Roots 718.431ms
[3853.478s][info][gc,marking     ] GC(963) Concurrent Preclean
[3853.478s][info][gc,marking     ] GC(963) Concurrent Preclean 0.118ms
[3853.481s][info][gc,start       ] GC(963) Pause Remark
[3853.483s][info][gc             ] GC(963) Pause Remark 2073M->2073M(4096M) 2.643ms
[3853.483s][info][gc,cpu         ] GC(963) User=0.01s Sys=0.00s Real=0.00s
[3853.484s][info][gc,marking     ] GC(963) Concurrent Mark 724.177ms
[3853.484s][info][gc,marking     ] GC(963) Concurrent Rebuild Remembered Sets and Scrub Regions
[3853.833s][info][gc,marking     ] GC(963) Concurrent Rebuild Remembered Sets and Scrub Regions 349.867ms
[3853.837s][info][gc,start       ] GC(963) Pause Cleanup
[3853.838s][info][gc             ] GC(963) Pause Cleanup 2361M->2361M(4096M) 0.133ms
[3853.838s][info][gc,cpu         ] GC(963) User=0.00s Sys=0.00s Real=0.00s
[3853.838s][info][gc,marking     ] GC(963) Concurrent Clear Claimed Marks
[3853.838s][info][gc,marking     ] GC(963) Concurrent Clear Claimed Marks 0.028ms
[3853.838s][info][gc,marking     ] GC(963) Concurrent Cleanup for Next Mark
[3853.844s][info][gc,marking     ] GC(963) Concurrent Cleanup for Next Mark 6.426ms
[3853.844s][info][gc             ] GC(963) Concurrent Mark Cycle 1223.746ms
..[3855.249s][info][gc,start       ] GC(964) Pause Young (Prepare Mixed) (G1 Evacuation Pause)
[3855.249s][info][gc,task        ] GC(964) Using 6 workers of 6 for evacuation
[3855.365s][info][gc,phases      ] GC(964)   Pre Evacuate Collection Set: 0.35ms
[3855.365s][info][gc,phases      ] GC(964)   Merge Heap Roots: 0.51ms
[3855.365s][info][gc,phases      ] GC(964)   Evacuate Collection Set: 114.16ms
[3855.365s][info][gc,phases      ] GC(964)   Post Evacuate Collection Set: 0.93ms
[3855.365s][info][gc,phases      ] GC(964)   Other: 0.10ms
[3855.365s][info][gc,heap        ] GC(964) Eden regions: 1115->0(1109)
[3855.365s][info][gc,heap        ] GC(964) Survivor regions: 113->110(154)
[3855.365s][info][gc,heap        ] GC(964) Old regions: 505->536
[3855.365s][info][gc,heap        ] GC(964) Humongous regions: 80->80
[3855.365s][info][gc,metaspace   ] GC(964) Metaspace: 28876K(29248K)->28876K(29248K) NonClass: 24008K(24192K)->24008K(24192K) Class: 4868K(5056K)->4868K(5056K)
[3855.365s][info][gc             ] GC(964) Pause Young (Prepare Mixed) (G1 Evacuation Pause) 3623M->1450M(4096M) 116.188ms
[3855.365s][info][gc,cpu         ] GC(964) User=0.69s Sys=0.00s Real=0.11s
.|.[3857.986s][info][gc,start       ] GC(965) Pause Young (Mixed) (G1 Evacuation Pause)
[3857.986s][info][gc,task        ] GC(965) Using 6 workers of 6 for evacuation
[3858.123s][info][gc,phases      ] GC(965)   Pre Evacuate Collection Set: 0.38ms
[3858.123s][info][gc,phases      ] GC(965)   Merge Heap Roots: 0.69ms
[3858.123s][info][gc,phases      ] GC(965)   Evacuate Collection Set: 134.84ms
[3858.123s][info][gc,phases      ] GC(965)   Post Evacuate Collection Set: 0.96ms
[3858.123s][info][gc,phases      ] GC(965)   Other: 0.09ms
[3858.123s][info][gc,heap        ] GC(965) Eden regions: 1109->0(1117)
[3858.123s][info][gc,heap        ] GC(965) Survivor regions: 110->111(153)
[3858.123s][info][gc,heap        ] GC(965) Old regions: 536->473
[3858.123s][info][gc,heap        ] GC(965) Humongous regions: 80->80
[3858.123s][info][gc,metaspace   ] GC(965) Metaspace: 28876K(29248K)->28876K(29248K) NonClass: 24008K(24192K)->24008K(24192K) Class: 4868K(5056K)->4868K(5056K)
[3858.123s][info][gc             ] GC(965) Pause Young (Mixed) (G1 Evacuation Pause) 3668M->1326M(4096M) 137.091ms
[3858.123s][info][gc,cpu         ] GC(965) User=0.81s Sys=0.00s Real=0.14s
...[3860.633s][info][gc,start       ] GC(966) Pause Young (Concurrent Start) (G1 Evacuation Pause)
[3860.633s][info][gc,task        ] GC(966) Using 6 workers of 6 for evacuation
[3860.757s][info][gc,phases      ] GC(966)   Pre Evacuate Collection Set: 0.37ms
[3860.758s][info][gc,phases      ] GC(966)   Merge Heap Roots: 0.48ms
[3860.758s][info][gc,phases      ] GC(966)   Evacuate Collection Set: 122.34ms
[3860.758s][info][gc,phases      ] GC(966)   Post Evacuate Collection Set: 0.86ms
[3860.758s][info][gc,phases      ] GC(966)   Other: 0.12ms
[3860.758s][info][gc,heap        ] GC(966) Eden regions: 1117->0(1112)
[3860.758s][info][gc,heap        ] GC(966) Survivor regions: 111->116(154)
[3860.758s][info][gc,heap        ] GC(966) Old regions: 473->505
[3860.758s][info][gc,heap        ] GC(966) Humongous regions: 80->80
[3860.758s][info][gc,metaspace   ] GC(966) Metaspace: 28876K(29248K)->28876K(29248K) NonClass: 24008K(24192K)->24008K(24192K) Class: 4868K(5056K)->4868K(5056K)
[3860.758s][info][gc             ] GC(966) Pause Young (Concurrent Start) (G1 Evacuation Pause) 3560M->1401M(4096M) 124.302ms
[3860.758s][info][gc             ] GC(967) Concurrent Mark Cycle
[3860.758s][info][gc,marking     ] GC(967) Concurrent Scan Root Regions
[3860.758s][info][gc,cpu         ] GC(966) User=0.74s Sys=0.00s Real=0.13s
[3860.903s][info][gc,marking     ] GC(967) Concurrent Scan Root Regions 144.978ms
[3860.903s][info][gc,marking     ] GC(967) Concurrent Mark
[3860.903s][info][gc,marking     ] GC(967) Concurrent Mark From Roots
[3860.903s][info][gc,task        ] GC(967) Using 2 workers of 2 for marking
.[3861.619s][info][gc,marking     ] GC(967) Concurrent Mark From Roots 716.018ms
[3861.619s][info][gc,marking     ] GC(967) Concurrent Preclean
[3861.619s][info][gc,marking     ] GC(967) Concurrent Preclean 0.109ms
[3861.620s][info][gc,start       ] GC(967) Pause Remark
[3861.623s][info][gc             ] GC(967) Pause Remark 2157M->2157M(4096M) 2.754ms
[3861.623s][info][gc,cpu         ] GC(967) User=0.01s Sys=0.00s Real=0.00s
[3861.623s][info][gc,marking     ] GC(967) Concurrent Mark 720.479ms
[3861.623s][info][gc,marking     ] GC(967) Concurrent Rebuild Remembered Sets and Scrub Regions
[3861.943s][info][gc,marking     ] GC(967) Concurrent Rebuild Remembered Sets and Scrub Regions 320.271ms
[3861.944s][info][gc,start       ] GC(967) Pause Cleanup
[3861.944s][info][gc             ] GC(967) Pause Cleanup 2409M->2409M(4096M) 0.115ms
[3861.944s][info][gc,cpu         ] GC(967) User=0.00s Sys=0.00s Real=0.00s
[3861.944s][info][gc,marking     ] GC(967) Concurrent Clear Claimed Marks
[3861.944s][info][gc,marking     ] GC(967) Concurrent Clear Claimed Marks 0.024ms
[3861.944s][info][gc,marking     ] GC(967) Concurrent Cleanup for Next Mark
[3861.949s][info][gc,marking     ] GC(967) Concurrent Cleanup for Next Mark 5.251ms
[3861.949s][info][gc             ] GC(967) Concurrent Mark Cycle 1191.567ms
..[3863.402s][info][gc,start       ] GC(968) Pause Young (Prepare Mixed) (G1 Evacuation Pause)
[3863.402s][info][gc,task        ] GC(968) Using 6 workers of 6 for evacuation
[3863.524s][info][gc,phases      ] GC(968)   Pre Evacuate Collection Set: 0.30ms
[3863.524s][info][gc,phases      ] GC(968)   Merge Heap Roots: 0.49ms
[3863.524s][info][gc,phases      ] GC(968)   Evacuate Collection Set: 119.57ms
[3863.524s][info][gc,phases      ] GC(968)   Post Evacuate Collection Set: 0.92ms
[3863.524s][info][gc,phases      ] GC(968)   Other: 0.08ms
[3863.524s][info][gc,heap        ] GC(968) Eden regions: 1112->0(1103)
[3863.524s][info][gc,heap        ] GC(968) Survivor regions: 116->112(154)
[3863.524s][info][gc,heap        ] GC(968) Old regions: 505->538
[3863.524s][info][gc,heap        ] GC(968) Humongous regions: 80->80
[3863.524s][info][gc,metaspace   ] GC(968) Metaspace: 28876K(29248K)->28876K(29248K) NonClass: 24008K(24192K)->24008K(24192K) Class: 4868K(5056K)->4868K(5056K)
[3863.524s][info][gc             ] GC(968) Pause Young (Prepare Mixed) (G1 Evacuation Pause) 3625M->1459M(4096M) 121.482ms
[3863.524s][info][gc,cpu         ] GC(968) User=0.72s Sys=0.00s Real=0.12s
..[3866.133s][info][gc,start       ] GC(969) Pause Young (Mixed) (G1 Evacuation Pause)
[3866.133s][info][gc,task        ] GC(969) Using 6 workers of 6 for evacuation
[3866.265s][info][gc,phases      ] GC(969)   Pre Evacuate Collection Set: 0.35ms
[3866.265s][info][gc,phases      ] GC(969)   Merge Heap Roots: 0.69ms
[3866.265s][info][gc,phases      ] GC(969)   Evacuate Collection Set: 129.60ms
[3866.265s][info][gc,phases      ] GC(969)   Post Evacuate Collection Set: 0.89ms
[3866.265s][info][gc,phases      ] GC(969)   Other: 0.09ms
[3866.265s][info][gc,heap        ] GC(969) Eden regions: 1103->0(1118)
[3866.265s][info][gc,heap        ] GC(969) Survivor regions: 112->110(152)
[3866.265s][info][gc,heap        ] GC(969) Old regions: 538->473
[3866.265s][info][gc,heap        ] GC(969) Humongous regions: 80->80
[3866.265s][info][gc,metaspace   ] GC(969) Metaspace: 28876K(29248K)->28876K(29248K) NonClass: 24008K(24192K)->24008K(24192K) Class: 4868K(5056K)->4868K(5056K)
[3866.265s][info][gc             ] GC(969) Pause Young (Mixed) (G1 Evacuation Pause) 3665M->1324M(4096M) 131.768ms
[3866.265s][info][gc,cpu         ] GC(969) User=0.78s Sys=0.00s Real=0.13s
...[3868.842s][info][gc,start       ] GC(970) Pause Young (Concurrent Start) (G1 Evacuation Pause)
[3868.842s][info][gc,task        ] GC(970) Using 6 workers of 6 for evacuation
[3868.958s][info][gc,phases      ] GC(970)   Pre Evacuate Collection Set: 0.32ms
[3868.958s][info][gc,phases      ] GC(970)   Merge Heap Roots: 0.44ms
[3868.958s][info][gc,phases      ] GC(970)   Evacuate Collection Set: 114.10ms
[3868.958s][info][gc,phases      ] GC(970)   Post Evacuate Collection Set: 0.86ms
[3868.958s][info][gc,phases      ] GC(970)   Other: 0.10ms
[3868.958s][info][gc,heap        ] GC(970) Eden regions: 1118->0(1119)
[3868.958s][info][gc,heap        ] GC(970) Survivor regions: 110->109(154)
[3868.958s][info][gc,heap        ] GC(970) Old regions: 473->506
[3868.958s][info][gc,heap        ] GC(970) Humongous regions: 80->80
[3868.958s][info][gc,metaspace   ] GC(970) Metaspace: 28876K(29248K)->28876K(29248K) NonClass: 24008K(24192K)->24008K(24192K) Class: 4868K(5056K)->4868K(5056K)
[3868.958s][info][gc             ] GC(970) Pause Young (Concurrent Start) (G1 Evacuation Pause) 3560M->1387M(4096M) 115.977ms
[3868.958s][info][gc             ] GC(971) Concurrent Mark Cycle
[3868.958s][info][gc,marking     ] GC(971) Concurrent Scan Root Regions
[3868.958s][info][gc,cpu         ] GC(970) User=0.69s Sys=0.00s Real=0.12s
[3869.096s][info][gc,marking     ] GC(971) Concurrent Scan Root Regions 138.341ms
[3869.096s][info][gc,marking     ] GC(971) Concurrent Mark
[3869.096s][info][gc,marking     ] GC(971) Concurrent Mark From Roots
[3869.096s][info][gc,task        ] GC(971) Using 2 workers of 2 for marking
.[3869.815s][info][gc,marking     ] GC(971) Concurrent Mark From Roots 718.496ms
[3869.815s][info][gc,marking     ] GC(971) Concurrent Preclean
[3869.815s][info][gc,marking     ] GC(971) Concurrent Preclean 0.065ms
[3869.818s][info][gc,start       ] GC(971) Pause Remark
[3869.820s][info][gc             ] GC(971) Pause Remark 2153M->2153M(4096M) 2.896ms
[3869.821s][info][gc,cpu         ] GC(971) User=0.01s Sys=0.00s Real=0.00s
[3869.821s][info][gc,marking     ] GC(971) Concurrent Mark 724.315ms
[3869.821s][info][gc,marking     ] GC(971) Concurrent Rebuild Remembered Sets and Scrub Regions
[3870.085s][info][gc,marking     ] GC(971) Concurrent Rebuild Remembered Sets and Scrub Regions 264.553ms
[3870.088s][info][gc,start       ] GC(971) Pause Cleanup
[3870.088s][info][gc             ] GC(971) Pause Cleanup 2393M->2393M(4096M) 0.142ms
[3870.088s][info][gc,cpu         ] GC(971) User=0.00s Sys=0.00s Real=0.00s
[3870.089s][info][gc,marking     ] GC(971) Concurrent Clear Claimed Marks
[3870.089s][info][gc,marking     ] GC(971) Concurrent Clear Claimed Marks 0.035ms
[3870.089s][info][gc,marking     ] GC(971) Concurrent Cleanup for Next Mark
[3870.109s][info][gc,marking     ] GC(971) Concurrent Cleanup for Next Mark 20.696ms
[3870.109s][info][gc             ] GC(971) Concurrent Mark Cycle 1151.490ms
..[3871.502s][info][gc,start       ] GC(972) Pause Young (Prepare Mixed) (G1 Evacuation Pause)
[3871.502s][info][gc,task        ] GC(972) Using 6 workers of 6 for evacuation
[3871.624s][info][gc,phases      ] GC(972)   Pre Evacuate Collection Set: 0.34ms
[3871.624s][info][gc,phases      ] GC(972)   Merge Heap Roots: 0.50ms
[3871.624s][info][gc,phases      ] GC(972)   Evacuate Collection Set: 119.48ms
[3871.624s][info][gc,phases      ] GC(972)   Post Evacuate Collection Set: 0.95ms
[3871.624s][info][gc,phases      ] GC(972)   Other: 0.09ms
[3871.624s][info][gc,heap        ] GC(972) Eden regions: 1119->0(1103)
[3871.624s][info][gc,heap        ] GC(972) Survivor regions: 109->112(154)
[3871.624s][info][gc,heap        ] GC(972) Old regions: 506->538
[3871.624s][info][gc,heap        ] GC(972) Humongous regions: 80->80
[3871.624s][info][gc,metaspace   ] GC(972) Metaspace: 28876K(29248K)->28876K(29248K) NonClass: 24008K(24192K)->24008K(24192K) Class: 4868K(5056K)->4868K(5056K)
[3871.624s][info][gc             ] GC(972) Pause Young (Prepare Mixed) (G1 Evacuation Pause) 3625M->1458M(4096M) 121.490ms
[3871.624s][info][gc,cpu         ] GC(972) User=0.72s Sys=0.00s Real=0.12s
..[3874.190s][info][gc,start       ] GC(973) Pause Young (Mixed) (G1 Evacuation Pause)
[3874.190s][info][gc,task        ] GC(973) Using 6 workers of 6 for evacuation
[3874.324s][info][gc,phases      ] GC(973)   Pre Evacuate Collection Set: 0.40ms
[3874.324s][info][gc,phases      ] GC(973)   Merge Heap Roots: 0.70ms
[3874.324s][info][gc,phases      ] GC(973)   Evacuate Collection Set: 131.97ms
[3874.324s][info][gc,phases      ] GC(973)   Post Evacuate Collection Set: 0.94ms
[3874.324s][info][gc,phases      ] GC(973)   Other: 0.09ms
[3874.324s][info][gc,heap        ] GC(973) Eden regions: 1103->0(1118)
[3874.324s][info][gc,heap        ] GC(973) Survivor regions: 112->110(152)
[3874.324s][info][gc,heap        ] GC(973) Old regions: 538->475
[3874.324s][info][gc,heap        ] GC(973) Humongous regions: 80->80
[3874.324s][info][gc,metaspace   ] GC(973) Metaspace: 28876K(29248K)->28876K(29248K) NonClass: 24008K(24192K)->24008K(24192K) Class: 4868K(5056K)->4868K(5056K)
[3874.324s][info][gc             ] GC(973) Pause Young (Mixed) (G1 Evacuation Pause) 3664M->1327M(4096M) 134.225ms
[3874.324s][info][gc,cpu         ] GC(973) User=0.80s Sys=0.00s Real=0.13s
...[3877.004s][info][gc,start       ] GC(974) Pause Young (Concurrent Start) (G1 Evacuation Pause)
[3877.004s][info][gc,task        ] GC(974) Using 6 workers of 6 for evacuation
[3877.121s][info][gc,phases      ] GC(974)   Pre Evacuate Collection Set: 0.38ms
[3877.121s][info][gc,phases      ] GC(974)   Merge Heap Roots: 0.45ms
[3877.121s][info][gc,phases      ] GC(974)   Evacuate Collection Set: 114.62ms
[3877.121s][info][gc,phases      ] GC(974)   Post Evacuate Collection Set: 0.88ms
[3877.121s][info][gc,phases      ] GC(974)   Other: 0.12ms
[3877.121s][info][gc,heap        ] GC(974) Eden regions: 1118->0(1119)
[3877.121s][info][gc,heap        ] GC(974) Survivor regions: 110->109(154)
[3877.121s][info][gc,heap        ] GC(974) Old regions: 475->507
[3877.121s][info][gc,heap        ] GC(974) Humongous regions: 80->80
[3877.121s][info][gc,metaspace   ] GC(974) Metaspace: 28876K(29248K)->28876K(29248K) NonClass: 24008K(24192K)->24008K(24192K) Class: 4868K(5056K)->4868K(5056K)
[3877.121s][info][gc             ] GC(974) Pause Young (Concurrent Start) (G1 Evacuation Pause) 3563M->1390M(4096M) 116.578ms
[3877.121s][info][gc             ] GC(975) Concurrent Mark Cycle
[3877.121s][info][gc,marking     ] GC(975) Concurrent Scan Root Regions
[3877.121s][info][gc,cpu         ] GC(974) User=0.70s Sys=0.00s Real=0.12s
[3877.259s][info][gc,marking     ] GC(975) Concurrent Scan Root Regions 138.402ms
[3877.259s][info][gc,marking     ] GC(975) Concurrent Mark
[3877.259s][info][gc,marking     ] GC(975) Concurrent Mark From Roots
[3877.259s][info][gc,task        ] GC(975) Using 2 workers of 2 for marking
.[3877.870s][info][gc,marking     ] GC(975) Concurrent Mark From Roots 610.240ms
[3877.870s][info][gc,marking     ] GC(975) Concurrent Preclean
[3877.870s][info][gc,marking     ] GC(975) Concurrent Preclean 0.102ms
[3877.874s][info][gc,start       ] GC(975) Pause Remark
[3877.876s][info][gc             ] GC(975) Pause Remark 1954M->1954M(4096M) 2.600ms
[3877.876s][info][gc,cpu         ] GC(975) User=0.01s Sys=0.00s Real=0.00s
[3877.877s][info][gc,marking     ] GC(975) Concurrent Mark 617.296ms
[3877.877s][info][gc,marking     ] GC(975) Concurrent Rebuild Remembered Sets and Scrub Regions
[3878.109s][info][gc,marking     ] GC(975) Concurrent Rebuild Remembered Sets and Scrub Regions 232.594ms
[3878.110s][info][gc,start       ] GC(975) Pause Cleanup
[3878.110s][info][gc             ] GC(975) Pause Cleanup 2154M->2154M(4096M) 0.131ms
[3878.110s][info][gc,cpu         ] GC(975) User=0.00s Sys=0.00s Real=0.00s
[3878.110s][info][gc,marking     ] GC(975) Concurrent Clear Claimed Marks
[3878.110s][info][gc,marking     ] GC(975) Concurrent Clear Claimed Marks 0.022ms
[3878.110s][info][gc,marking     ] GC(975) Concurrent Cleanup for Next Mark
[3878.116s][info][gc,marking     ] GC(975) Concurrent Cleanup for Next Mark 6.496ms
[3878.116s][info][gc             ] GC(975) Concurrent Mark Cycle 995.539ms
..[3879.713s][info][gc,start       ] GC(976) Pause Young (Prepare Mixed) (G1 Evacuation Pause)
[3879.713s][info][gc,task        ] GC(976) Using 6 workers of 6 for evacuation
[3879.832s][info][gc,phases      ] GC(976)   Pre Evacuate Collection Set: 0.29ms
[3879.832s][info][gc,phases      ] GC(976)   Merge Heap Roots: 0.49ms
[3879.832s][info][gc,phases      ] GC(976)   Evacuate Collection Set: 117.91ms
[3879.832s][info][gc,phases      ] GC(976)   Post Evacuate Collection Set: 0.97ms
[3879.832s][info][gc,phases      ] GC(976)   Other: 0.09ms
[3879.832s][info][gc,heap        ] GC(976) Eden regions: 1119->0(1101)
[3879.832s][info][gc,heap        ] GC(976) Survivor regions: 109->113(154)
[3879.832s][info][gc,heap        ] GC(976) Old regions: 507->538
[3879.832s][info][gc,heap        ] GC(976) Humongous regions: 80->80
[3879.832s][info][gc,metaspace   ] GC(976) Metaspace: 28876K(29248K)->28876K(29248K) NonClass: 24008K(24192K)->24008K(24192K) Class: 4868K(5056K)->4868K(5056K)
[3879.832s][info][gc             ] GC(976) Pause Young (Prepare Mixed) (G1 Evacuation Pause) 3628M->1460M(4096M) 119.911ms
[3879.833s][info][gc,cpu         ] GC(976) User=0.71s Sys=0.00s Real=0.12s
..[3882.428s][info][gc,start       ] GC(977) Pause Young (Mixed) (G1 Evacuation Pause)
[3882.428s][info][gc,task        ] GC(977) Using 6 workers of 6 for evacuation
[3882.566s][info][gc,phases      ] GC(977)   Pre Evacuate Collection Set: 0.35ms
[3882.566s][info][gc,phases      ] GC(977)   Merge Heap Roots: 0.75ms
[3882.566s][info][gc,phases      ] GC(977)   Evacuate Collection Set: 135.15ms
[3882.566s][info][gc,phases      ] GC(977)   Post Evacuate Collection Set: 0.94ms
[3882.566s][info][gc,phases      ] GC(977)   Other: 0.09ms
[3882.566s][info][gc,heap        ] GC(977) Eden regions: 1101->0(1115)
[3882.566s][info][gc,heap        ] GC(977) Survivor regions: 113->113(152)
[3882.566s][info][gc,heap        ] GC(977) Old regions: 538->473
[3882.566s][info][gc,heap        ] GC(977) Humongous regions: 80->80
[3882.566s][info][gc,metaspace   ] GC(977) Metaspace: 28876K(29248K)->28876K(29248K) NonClass: 24008K(24192K)->24008K(24192K) Class: 4868K(5056K)->4868K(5056K)
[3882.566s][info][gc             ] GC(977) Pause Young (Mixed) (G1 Evacuation Pause) 3662M->1330M(4096M) 137.407ms
[3882.566s][info][gc,cpu         ] GC(977) User=0.82s Sys=0.00s Real=0.13s
...[3885.168s][info][gc,start       ] GC(978) Pause Young (Concurrent Start) (G1 Evacuation Pause)
[3885.168s][info][gc,task        ] GC(978) Using 6 workers of 6 for evacuation
[3885.287s][info][gc,phases      ] GC(978)   Pre Evacuate Collection Set: 0.37ms
[3885.287s][info][gc,phases      ] GC(978)   Merge Heap Roots: 0.45ms
[3885.287s][info][gc,phases      ] GC(978)   Evacuate Collection Set: 117.48ms
[3885.287s][info][gc,phases      ] GC(978)   Post Evacuate Collection Set: 0.87ms
[3885.287s][info][gc,phases      ] GC(978)   Other: 0.12ms
[3885.287s][info][gc,heap        ] GC(978) Eden regions: 1115->0(1117)
[3885.287s][info][gc,heap        ] GC(978) Survivor regions: 113->111(154)
[3885.287s][info][gc,heap        ] GC(978) Old regions: 473->505
[3885.287s][info][gc,heap        ] GC(978) Humongous regions: 80->80
[3885.287s][info][gc,metaspace   ] GC(978) Metaspace: 28876K(29248K)->28876K(29248K) NonClass: 24008K(24192K)->24008K(24192K) Class: 4868K(5056K)->4868K(5056K)
[3885.287s][info][gc             ] GC(978) Pause Young (Concurrent Start) (G1 Evacuation Pause) 3560M->1390M(4096M) 119.402ms
[3885.287s][info][gc             ] GC(979) Concurrent Mark Cycle
[3885.287s][info][gc,marking     ] GC(979) Concurrent Scan Root Regions
[3885.287s][info][gc,cpu         ] GC(978) User=0.71s Sys=0.00s Real=0.11s
[3885.427s][info][gc,marking     ] GC(979) Concurrent Scan Root Regions 140.105ms
[3885.427s][info][gc,marking     ] GC(979) Concurrent Mark
[3885.427s][info][gc,marking     ] GC(979) Concurrent Mark From Roots
[3885.427s][info][gc,task        ] GC(979) Using 2 workers of 2 for marking
.[3886.127s][info][gc,marking     ] GC(979) Concurrent Mark From Roots 700.120ms
[3886.128s][info][gc,marking     ] GC(979) Concurrent Preclean
[3886.128s][info][gc,marking     ] GC(979) Concurrent Preclean 0.119ms
[3886.132s][info][gc,start       ] GC(979) Pause Remark
[3886.134s][info][gc             ] GC(979) Pause Remark 2058M->2058M(4096M) 2.770ms
[3886.134s][info][gc,cpu         ] GC(979) User=0.01s Sys=0.00s Real=0.00s
[3886.135s][info][gc,marking     ] GC(979) Concurrent Mark 707.737ms
[3886.135s][info][gc,marking     ] GC(979) Concurrent Rebuild Remembered Sets and Scrub Regions
[3886.481s][info][gc,marking     ] GC(979) Concurrent Rebuild Remembered Sets and Scrub Regions 346.434ms
[3886.482s][info][gc,start       ] GC(979) Pause Cleanup
[3886.482s][info][gc             ] GC(979) Pause Cleanup 2464M->2464M(4096M) 0.132ms
[3886.482s][info][gc,cpu         ] GC(979) User=0.00s Sys=0.00s Real=0.00s
[3886.483s][info][gc,marking     ] GC(979) Concurrent Clear Claimed Marks
[3886.483s][info][gc,marking     ] GC(979) Concurrent Clear Claimed Marks 0.044ms
[3886.484s][info][gc,marking     ] GC(979) Concurrent Cleanup for Next Mark
[3886.489s][info][gc,marking     ] GC(979) Concurrent Cleanup for Next Mark 5.865ms
[3886.489s][info][gc             ] GC(979) Concurrent Mark Cycle 1202.358ms
..[3887.835s][info][gc,start       ] GC(980) Pause Young (Prepare Mixed) (G1 Evacuation Pause)
[3887.835s][info][gc,task        ] GC(980) Using 6 workers of 6 for evacuation
[3887.950s][info][gc,phases      ] GC(980)   Pre Evacuate Collection Set: 0.32ms
[3887.950s][info][gc,phases      ] GC(980)   Merge Heap Roots: 0.50ms
[3887.950s][info][gc,phases      ] GC(980)   Evacuate Collection Set: 113.20ms
[3887.950s][info][gc,phases      ] GC(980)   Post Evacuate Collection Set: 0.92ms
[3887.950s][info][gc,phases      ] GC(980)   Other: 0.08ms
[3887.950s][info][gc,heap        ] GC(980) Eden regions: 1117->0(1112)
[3887.950s][info][gc,heap        ] GC(980) Survivor regions: 111->108(154)
[3887.950s][info][gc,heap        ] GC(980) Old regions: 505->537
[3887.950s][info][gc,heap        ] GC(980) Humongous regions: 80->80
[3887.950s][info][gc,metaspace   ] GC(980) Metaspace: 28876K(29248K)->28876K(29248K) NonClass: 24008K(24192K)->24008K(24192K) Class: 4868K(5056K)->4868K(5056K)
[3887.950s][info][gc             ] GC(980) Pause Young (Prepare Mixed) (G1 Evacuation Pause) 3624M->1448M(4096M) 115.153ms
[3887.950s][info][gc,cpu         ] GC(980) User=0.68s Sys=0.00s Real=0.12s
..[3890.645s][info][gc,start       ] GC(981) Pause Young (Mixed) (G1 Evacuation Pause)
[3890.645s][info][gc,task        ] GC(981) Using 6 workers of 6 for evacuation
[3890.781s][info][gc,phases      ] GC(981)   Pre Evacuate Collection Set: 0.37ms
[3890.781s][info][gc,phases      ] GC(981)   Merge Heap Roots: 0.63ms
[3890.781s][info][gc,phases      ] GC(981)   Evacuate Collection Set: 134.31ms
[3890.781s][info][gc,phases      ] GC(981)   Post Evacuate Collection Set: 0.80ms
[3890.781s][info][gc,phases      ] GC(981)   Other: 0.09ms
[3890.781s][info][gc,heap        ] GC(981) Eden regions: 1112->0(1115)
[3890.781s][info][gc,heap        ] GC(981) Survivor regions: 108->113(153)
[3890.781s][info][gc,heap        ] GC(981) Old regions: 537->474
[3890.781s][info][gc,heap        ] GC(981) Humongous regions: 80->80
[3890.781s][info][gc,metaspace   ] GC(981) Metaspace: 28876K(29248K)->28876K(29248K) NonClass: 24008K(24192K)->24008K(24192K) Class: 4868K(5056K)->4868K(5056K)
[3890.781s][info][gc             ] GC(981) Pause Young (Mixed) (G1 Evacuation Pause) 3672M->1333M(4096M) 136.327ms
[3890.781s][info][gc,cpu         ] GC(981) User=0.81s Sys=0.00s Real=0.14s
...[3893.331s][info][gc,start       ] GC(982) Pause Young (Concurrent Start) (G1 Evacuation Pause)
[3893.331s][info][gc,task        ] GC(982) Using 6 workers of 6 for evacuation
[3893.446s][info][gc,phases      ] GC(982)   Pre Evacuate Collection Set: 0.39ms
[3893.446s][info][gc,phases      ] GC(982)   Merge Heap Roots: 0.45ms
[3893.446s][info][gc,phases      ] GC(982)   Evacuate Collection Set: 113.68ms
[3893.446s][info][gc,phases      ] GC(982)   Post Evacuate Collection Set: 0.87ms
[3893.446s][info][gc,phases      ] GC(982)   Other: 0.12ms
[3893.446s][info][gc,heap        ] GC(982) Eden regions: 1115->0(1118)
[3893.446s][info][gc,heap        ] GC(982) Survivor regions: 113->110(154)
[3893.446s][info][gc,heap        ] GC(982) Old regions: 474->505
[3893.446s][info][gc,heap        ] GC(982) Humongous regions: 80->80
[3893.446s][info][gc,metaspace   ] GC(982) Metaspace: 28876K(29248K)->28876K(29248K) NonClass: 24008K(24192K)->24008K(24192K) Class: 4868K(5056K)->4868K(5056K)
[3893.446s][info][gc             ] GC(982) Pause Young (Concurrent Start) (G1 Evacuation Pause) 3563M->1388M(4096M) 115.633ms
[3893.446s][info][gc             ] GC(983) Concurrent Mark Cycle
[3893.446s][info][gc,marking     ] GC(983) Concurrent Scan Root Regions
[3893.446s][info][gc,cpu         ] GC(982) User=0.69s Sys=0.00s Real=0.11s
[3893.629s][info][gc,marking     ] GC(983) Concurrent Scan Root Regions 182.681ms
[3893.629s][info][gc,marking     ] GC(983) Concurrent Mark
[3893.629s][info][gc,marking     ] GC(983) Concurrent Mark From Roots
[3893.629s][info][gc,task        ] GC(983) Using 2 workers of 2 for marking
.[3894.606s][info][gc,marking     ] GC(983) Concurrent Mark From Roots 976.889ms
[3894.606s][info][gc,marking     ] GC(983) Concurrent Preclean
[3894.606s][info][gc,marking     ] GC(983) Concurrent Preclean 0.119ms
[3894.606s][info][gc,start       ] GC(983) Pause Remark
[3894.609s][info][gc             ] GC(983) Pause Remark 2392M->2392M(4096M) 2.637ms
[3894.609s][info][gc,cpu         ] GC(983) User=0.01s Sys=0.00s Real=0.01s
[3894.609s][info][gc,marking     ] GC(983) Concurrent Mark 979.971ms
[3894.609s][info][gc,marking     ] GC(983) Concurrent Rebuild Remembered Sets and Scrub Regions
.[3895.020s][info][gc,marking     ] GC(983) Concurrent Rebuild Remembered Sets and Scrub Regions 411.286ms
[3895.020s][info][gc,start       ] GC(983) Pause Cleanup
[3895.021s][info][gc             ] GC(983) Pause Cleanup 2734M->2734M(4096M) 0.106ms
[3895.021s][info][gc,cpu         ] GC(983) User=0.00s Sys=0.00s Real=0.00s
[3895.021s][info][gc,marking     ] GC(983) Concurrent Clear Claimed Marks
[3895.021s][info][gc,marking     ] GC(983) Concurrent Clear Claimed Marks 0.023ms
[3895.021s][info][gc,marking     ] GC(983) Concurrent Cleanup for Next Mark
[3895.025s][info][gc,marking     ] GC(983) Concurrent Cleanup for Next Mark 4.054ms
[3895.025s][info][gc             ] GC(983) Concurrent Mark Cycle 1578.481ms
.[3896.119s][info][gc,start       ] GC(984) Pause Young (Prepare Mixed) (G1 Evacuation Pause)
[3896.119s][info][gc,task        ] GC(984) Using 6 workers of 6 for evacuation
[3896.245s][info][gc,phases      ] GC(984)   Pre Evacuate Collection Set: 0.31ms
[3896.245s][info][gc,phases      ] GC(984)   Merge Heap Roots: 0.58ms
[3896.245s][info][gc,phases      ] GC(984)   Evacuate Collection Set: 123.69ms
[3896.245s][info][gc,phases      ] GC(984)   Post Evacuate Collection Set: 0.92ms
[3896.245s][info][gc,phases      ] GC(984)   Other: 0.10ms
[3896.245s][info][gc,heap        ] GC(984) Eden regions: 1118->0(1098)
[3896.245s][info][gc,heap        ] GC(984) Survivor regions: 110->115(154)
[3896.245s][info][gc,heap        ] GC(984) Old regions: 505->537
[3896.245s][info][gc,heap        ] GC(984) Humongous regions: 80->80
[3896.245s][info][gc,metaspace   ] GC(984) Metaspace: 28876K(29248K)->28876K(29248K) NonClass: 24008K(24192K)->24008K(24192K) Class: 4868K(5056K)->4868K(5056K)
[3896.245s][info][gc             ] GC(984) Pause Young (Prepare Mixed) (G1 Evacuation Pause) 3624M->1462M(4096M) 125.743ms
[3896.245s][info][gc,cpu         ] GC(984) User=0.75s Sys=0.00s Real=0.12s
..[3898.770s][info][gc,start       ] GC(985) Pause Young (Mixed) (G1 Evacuation Pause)
[3898.770s][info][gc,task        ] GC(985) Using 6 workers of 6 for evacuation
[3898.904s][info][gc,phases      ] GC(985)   Pre Evacuate Collection Set: 0.36ms
[3898.904s][info][gc,phases      ] GC(985)   Merge Heap Roots: 0.75ms
[3898.904s][info][gc,phases      ] GC(985)   Evacuate Collection Set: 131.59ms
[3898.904s][info][gc,phases      ] GC(985)   Post Evacuate Collection Set: 0.94ms
[3898.904s][info][gc,phases      ] GC(985)   Other: 0.09ms
[3898.904s][info][gc,heap        ] GC(985) Eden regions: 1098->0(1121)
[3898.904s][info][gc,heap        ] GC(985) Survivor regions: 115->107(152)
[3898.904s][info][gc,heap        ] GC(985) Old regions: 537->473
[3898.904s][info][gc,heap        ] GC(985) Humongous regions: 80->80
[3898.904s][info][gc,metaspace   ] GC(985) Metaspace: 28876K(29248K)->28876K(29248K) NonClass: 24008K(24192K)->24008K(24192K) Class: 4868K(5056K)->4868K(5056K)
[3898.904s][info][gc             ] GC(985) Pause Young (Mixed) (G1 Evacuation Pause) 3658M->1319M(4096M) 133.862ms
[3898.904s][info][gc,cpu         ] GC(985) User=0.80s Sys=0.00s Real=0.13s
...[3901.551s][info][gc,start       ] GC(986) Pause Young (Concurrent Start) (G1 Evacuation Pause)
[3901.551s][info][gc,task        ] GC(986) Using 6 workers of 6 for evacuation
[3901.674s][info][gc,phases      ] GC(986)   Pre Evacuate Collection Set: 0.40ms
[3901.674s][info][gc,phases      ] GC(986)   Merge Heap Roots: 0.50ms
[3901.674s][info][gc,phases      ] GC(986)   Evacuate Collection Set: 120.78ms
[3901.674s][info][gc,phases      ] GC(986)   Post Evacuate Collection Set: 0.87ms
[3901.674s][info][gc,phases      ] GC(986)   Other: 0.13ms
[3901.674s][info][gc,heap        ] GC(986) Eden regions: 1121->0(1114)
[3901.674s][info][gc,heap        ] GC(986) Survivor regions: 107->114(154)
[3901.674s][info][gc,heap        ] GC(986) Old regions: 473->504
[3901.674s][info][gc,heap        ] GC(986) Humongous regions: 80->80
[3901.674s][info][gc,metaspace   ] GC(986) Metaspace: 28876K(29248K)->28876K(29248K) NonClass: 24008K(24192K)->24008K(24192K) Class: 4868K(5056K)->4868K(5056K)
[3901.674s][info][gc             ] GC(986) Pause Young (Concurrent Start) (G1 Evacuation Pause) 3561M->1394M(4096M) 122.824ms
[3901.674s][info][gc             ] GC(987) Concurrent Mark Cycle
[3901.674s][info][gc,marking     ] GC(987) Concurrent Scan Root Regions
[3901.674s][info][gc,cpu         ] GC(986) User=0.73s Sys=0.00s Real=0.12s
[3901.859s][info][gc,marking     ] GC(987) Concurrent Scan Root Regions 184.885ms
[3901.859s][info][gc,marking     ] GC(987) Concurrent Mark
[3901.859s][info][gc,marking     ] GC(987) Concurrent Mark From Roots
[3901.859s][info][gc,task        ] GC(987) Using 2 workers of 2 for marking
.[3902.938s][info][gc,marking     ] GC(987) Concurrent Mark From Roots 1079.593ms
[3902.938s][info][gc,marking     ] GC(987) Concurrent Preclean
[3902.939s][info][gc,marking     ] GC(987) Concurrent Preclean 0.120ms
[3902.940s][info][gc,start       ] GC(987) Pause Remark
[3902.944s][info][gc             ] GC(987) Pause Remark 2546M->2546M(4096M) 3.684ms
[3902.944s][info][gc,cpu         ] GC(987) User=0.02s Sys=0.00s Real=0.00s
[3902.944s][info][gc,marking     ] GC(987) Concurrent Mark 1085.325ms
[3902.944s][info][gc,marking     ] GC(987) Concurrent Rebuild Remembered Sets and Scrub Regions
.[3903.200s][info][gc,marking     ] GC(987) Concurrent Rebuild Remembered Sets and Scrub Regions 255.487ms
[3903.200s][info][gc,start       ] GC(987) Pause Cleanup
[3903.200s][info][gc             ] GC(987) Pause Cleanup 2750M->2750M(4096M) 0.110ms
[3903.200s][info][gc,cpu         ] GC(987) User=0.00s Sys=0.00s Real=0.00s
[3903.200s][info][gc,marking     ] GC(987) Concurrent Clear Claimed Marks
[3903.200s][info][gc,marking     ] GC(987) Concurrent Clear Claimed Marks 0.019ms
[3903.200s][info][gc,marking     ] GC(987) Concurrent Cleanup for Next Mark
[3903.204s][info][gc,marking     ] GC(987) Concurrent Cleanup for Next Mark 3.750ms
[3903.204s][info][gc             ] GC(987) Concurrent Mark Cycle 1529.909ms
.[3904.335s][info][gc,start       ] GC(988) Pause Young (Prepare Mixed) (G1 Evacuation Pause)
[3904.335s][info][gc,task        ] GC(988) Using 6 workers of 6 for evacuation
[3904.457s][info][gc,phases      ] GC(988)   Pre Evacuate Collection Set: 0.34ms
[3904.457s][info][gc,phases      ] GC(988)   Merge Heap Roots: 0.52ms
[3904.457s][info][gc,phases      ] GC(988)   Evacuate Collection Set: 119.99ms
[3904.457s][info][gc,phases      ] GC(988)   Post Evacuate Collection Set: 0.93ms
[3904.457s][info][gc,phases      ] GC(988)   Other: 0.09ms
[3904.457s][info][gc,heap        ] GC(988) Eden regions: 1114->0(1099)
[3904.457s][info][gc,heap        ] GC(988) Survivor regions: 114->115(154)
[3904.457s][info][gc,heap        ] GC(988) Old regions: 504->536
[3904.457s][info][gc,heap        ] GC(988) Humongous regions: 80->80
[3904.457s][info][gc,metaspace   ] GC(988) Metaspace: 28876K(29248K)->28876K(29248K) NonClass: 24008K(24192K)->24008K(24192K) Class: 4868K(5056K)->4868K(5056K)
[3904.457s][info][gc             ] GC(988) Pause Young (Prepare Mixed) (G1 Evacuation Pause) 3622M->1459M(4096M) 121.987ms
[3904.457s][info][gc,cpu         ] GC(988) User=0.73s Sys=0.00s Real=0.12s
..[3906.979s][info][gc,start       ] GC(989) Pause Young (Mixed) (G1 Evacuation Pause)
[3906.979s][info][gc,task        ] GC(989) Using 6 workers of 6 for evacuation
[3907.115s][info][gc,phases      ] GC(989)   Pre Evacuate Collection Set: 0.38ms
[3907.115s][info][gc,phases      ] GC(989)   Merge Heap Roots: 0.70ms
[3907.115s][info][gc,phases      ] GC(989)   Evacuate Collection Set: 133.28ms
[3907.115s][info][gc,phases      ] GC(989)   Post Evacuate Collection Set: 0.94ms
[3907.115s][info][gc,phases      ] GC(989)   Other: 0.08ms
[3907.115s][info][gc,heap        ] GC(989) Eden regions: 1099->0(1116)
[3907.115s][info][gc,heap        ] GC(989) Survivor regions: 115->112(152)
[3907.115s][info][gc,heap        ] GC(989) Old regions: 536->474
[3907.115s][info][gc,heap        ] GC(989) Humongous regions: 80->80
[3907.115s][info][gc,metaspace   ] GC(989) Metaspace: 28876K(29248K)->28876K(29248K) NonClass: 24008K(24192K)->24008K(24192K) Class: 4868K(5056K)->4868K(5056K)
[3907.115s][info][gc             ] GC(989) Pause Young (Mixed) (G1 Evacuation Pause) 3657M->1329M(4096M) 135.517ms
[3907.115s][info][gc,cpu         ] GC(989) User=0.81s Sys=0.00s Real=0.13s
...[3909.697s][info][gc,start       ] GC(990) Pause Young (Concurrent Start) (G1 Evacuation Pause)
[3909.698s][info][gc,task        ] GC(990) Using 6 workers of 6 for evacuation
[3909.814s][info][gc,phases      ] GC(990)   Pre Evacuate Collection Set: 0.39ms
[3909.814s][info][gc,phases      ] GC(990)   Merge Heap Roots: 0.46ms
[3909.814s][info][gc,phases      ] GC(990)   Evacuate Collection Set: 114.35ms
[3909.814s][info][gc,phases      ] GC(990)   Post Evacuate Collection Set: 0.88ms
[3909.814s][info][gc,phases      ] GC(990)   Other: 0.10ms
[3909.814s][info][gc,heap        ] GC(990) Eden regions: 1116->0(1119)
[3909.814s][info][gc,heap        ] GC(990) Survivor regions: 112->109(154)
[3909.814s][info][gc,heap        ] GC(990) Old regions: 474->507
[3909.814s][info][gc,heap        ] GC(990) Humongous regions: 80->80
[3909.814s][info][gc,metaspace   ] GC(990) Metaspace: 28876K(29248K)->28876K(29248K) NonClass: 24008K(24192K)->24008K(24192K) Class: 4868K(5056K)->4868K(5056K)
[3909.814s][info][gc             ] GC(990) Pause Young (Concurrent Start) (G1 Evacuation Pause) 3561M->1389M(4096M) 116.315ms
[3909.814s][info][gc             ] GC(991) Concurrent Mark Cycle
[3909.814s][info][gc,marking     ] GC(991) Concurrent Scan Root Regions
[3909.814s][info][gc,cpu         ] GC(990) User=0.70s Sys=0.00s Real=0.11s
[3909.951s][info][gc,marking     ] GC(991) Concurrent Scan Root Regions 136.672ms
[3909.951s][info][gc,marking     ] GC(991) Concurrent Mark
[3909.951s][info][gc,marking     ] GC(991) Concurrent Mark From Roots
[3909.951s][info][gc,task        ] GC(991) Using 2 workers of 2 for marking
.[3910.644s][info][gc,marking     ] GC(991) Concurrent Mark From Roots 693.140ms
[3910.644s][info][gc,marking     ] GC(991) Concurrent Preclean
[3910.644s][info][gc,marking     ] GC(991) Concurrent Preclean 0.087ms
[3910.644s][info][gc,start       ] GC(991) Pause Remark
[3910.646s][info][gc             ] GC(991) Pause Remark 2106M->2106M(4096M) 2.257ms
[3910.646s][info][gc,cpu         ] GC(991) User=0.01s Sys=0.00s Real=0.00s
[3910.646s][info][gc,marking     ] GC(991) Concurrent Mark 695.875ms
[3910.646s][info][gc,marking     ] GC(991) Concurrent Rebuild Remembered Sets and Scrub Regions
[3910.960s][info][gc,marking     ] GC(991) Concurrent Rebuild Remembered Sets and Scrub Regions 313.618ms
[3910.960s][info][gc,start       ] GC(991) Pause Cleanup
[3910.960s][info][gc             ] GC(991) Pause Cleanup 2352M->2352M(4096M) 0.135ms
[3910.960s][info][gc,cpu         ] GC(991) User=0.00s Sys=0.00s Real=0.00s
[3910.961s][info][gc,marking     ] GC(991) Concurrent Clear Claimed Marks
[3910.961s][info][gc,marking     ] GC(991) Concurrent Clear Claimed Marks 0.037ms
[3910.961s][info][gc,marking     ] GC(991) Concurrent Cleanup for Next Mark
[3910.966s][info][gc,marking     ] GC(991) Concurrent Cleanup for Next Mark 5.290ms
[3910.966s][info][gc             ] GC(991) Concurrent Mark Cycle 1152.164ms
..[3912.422s][info][gc,start       ] GC(992) Pause Young (Prepare Mixed) (G1 Evacuation Pause)
[3912.422s][info][gc,task        ] GC(992) Using 6 workers of 6 for evacuation
[3912.538s][info][gc,phases      ] GC(992)   Pre Evacuate Collection Set: 0.33ms
[3912.538s][info][gc,phases      ] GC(992)   Merge Heap Roots: 0.49ms
[3912.538s][info][gc,phases      ] GC(992)   Evacuate Collection Set: 114.73ms
[3912.538s][info][gc,phases      ] GC(992)   Post Evacuate Collection Set: 0.89ms
[3912.538s][info][gc,phases      ] GC(992)   Other: 0.09ms
[3912.538s][info][gc,heap        ] GC(992) Eden regions: 1119->0(1108)
[3912.538s][info][gc,heap        ] GC(992) Survivor regions: 109->110(154)
[3912.538s][info][gc,heap        ] GC(992) Old regions: 507->537
[3912.538s][info][gc,heap        ] GC(992) Humongous regions: 80->80
[3912.538s][info][gc,metaspace   ] GC(992) Metaspace: 28876K(29248K)->28876K(29248K) NonClass: 24008K(24192K)->24008K(24192K) Class: 4868K(5056K)->4868K(5056K)
[3912.538s][info][gc             ] GC(992) Pause Young (Prepare Mixed) (G1 Evacuation Pause) 3627M->1452M(4096M) 116.669ms
[3912.538s][info][gc,cpu         ] GC(992) User=0.69s Sys=0.00s Real=0.12s
...[3915.165s][info][gc,start       ] GC(993) Pause Young (Mixed) (G1 Evacuation Pause)
[3915.165s][info][gc,task        ] GC(993) Using 6 workers of 6 for evacuation
[3915.299s][info][gc,phases      ] GC(993)   Pre Evacuate Collection Set: 0.38ms
[3915.299s][info][gc,phases      ] GC(993)   Merge Heap Roots: 0.67ms
[3915.299s][info][gc,phases      ] GC(993)   Evacuate Collection Set: 132.28ms
[3915.299s][info][gc,phases      ] GC(993)   Post Evacuate Collection Set: 0.94ms
[3915.299s][info][gc,phases      ] GC(993)   Other: 0.09ms
[3915.299s][info][gc,heap        ] GC(993) Eden regions: 1108->0(1118)
[3915.299s][info][gc,heap        ] GC(993) Survivor regions: 110->110(153)
[3915.299s][info][gc,heap        ] GC(993) Old regions: 537->474
[3915.299s][info][gc,heap        ] GC(993) Humongous regions: 80->80
[3915.299s][info][gc,metaspace   ] GC(993) Metaspace: 28876K(29248K)->28876K(29248K) NonClass: 24008K(24192K)->24008K(24192K) Class: 4868K(5056K)->4868K(5056K)
[3915.299s][info][gc             ] GC(993) Pause Young (Mixed) (G1 Evacuation Pause) 3668M->1327M(4096M) 134.476ms
[3915.299s][info][gc,cpu         ] GC(993) User=0.80s Sys=0.00s Real=0.14s
. (rIR:aIR:PR = 6918:6903:6903) (tPR = 102364) [OK] 
  3916s: Performance info:
         Transaction,    Success,    Partial,     Failed,   Receipts, AvgBarcode, 
             Overall,     415328,          0,          0,     394559,      59.47, 
         Response times:
             Request,    Success,    Partial,     Failed,   SkipFail,     Probes,    Samples,      min,      p50,      p90,      p95,      p99,      max, 
       TotalPurchase,     394559,          0,          0,          0,     354942,     423257,      300,     5900,    63000,    98000,   173000,   486000,
     InStorePurchase,     208052,          0,          0,          0,     187154,     222936,      300,     5800,    62000,    98000,   172000,   486000,
      OnlinePurchase,     144856,          0,          0,          0,     129996,     155045,      300,     6000,    63000,    99000,   174000,   482000,
        InstPurchase,      41651,          0,          0,          0,      37792,      45276,      400,     6100,    65000,    99000,   174000,   343000,
          AssocOfCat,        418,          0,          0,          0,        343,        517,    23000,    39000,   125200,   173400,   228820,   322000,
      AssocOfProduct,       4163,          0,          0,          0,       3896,       4858,      500,     2900,    50000,    86000,   162820,   287000,
      BusinessReport,       1050,          0,          0,          0,        910,       1174,    25000,    40000,   110000,   151250,   236250,   511000,
          CustBuyBeh,       4166,          0,          0,          0,       3914,       4856,      300,     5900,    66000,    98000,   170000,   310000,
       ProductReturn,      10972,          0,          0,          0,       9283,      11209,      200,     6600,    62000,    94000,   169000,   482000,

  3916s: (51%)   IR =   7057 .[3917.862s][info][gc,start       ] GC(994) Pause Young (Concurrent Start) (G1 Evacuation Pause)
[3917.863s][info][gc,task        ] GC(994) Using 6 workers of 6 for evacuation
[3917.981s][info][gc,phases      ] GC(994)   Pre Evacuate Collection Set: 0.40ms
[3917.981s][info][gc,phases      ] GC(994)   Merge Heap Roots: 0.49ms
[3917.981s][info][gc,phases      ] GC(994)   Evacuate Collection Set: 116.90ms
[3917.981s][info][gc,phases      ] GC(994)   Post Evacuate Collection Set: 0.87ms
[3917.981s][info][gc,phases      ] GC(994)   Other: 0.12ms
[3917.981s][info][gc,heap        ] GC(994) Eden regions: 1118->0(1118)
[3917.981s][info][gc,heap        ] GC(994) Survivor regions: 110->110(154)
[3917.981s][info][gc,heap        ] GC(994) Old regions: 474->506
[3917.981s][info][gc,heap        ] GC(994) Humongous regions: 80->80
[3917.981s][info][gc,metaspace   ] GC(994) Metaspace: 28876K(29248K)->28876K(29248K) NonClass: 24008K(24192K)->24008K(24192K) Class: 4868K(5056K)->4868K(5056K)
[3917.981s][info][gc             ] GC(994) Pause Young (Concurrent Start) (G1 Evacuation Pause) 3563M->1390M(4096M) 118.919ms
[3917.981s][info][gc             ] GC(995) Concurrent Mark Cycle
[3917.981s][info][gc,marking     ] GC(995) Concurrent Scan Root Regions
[3917.981s][info][gc,cpu         ] GC(994) User=0.71s Sys=0.00s Real=0.12s
[3918.163s][info][gc,marking     ] GC(995) Concurrent Scan Root Regions 181.155ms
[3918.163s][info][gc,marking     ] GC(995) Concurrent Mark
[3918.163s][info][gc,marking     ] GC(995) Concurrent Mark From Roots
[3918.163s][info][gc,task        ] GC(995) Using 2 workers of 2 for marking
.[3919.133s][info][gc,marking     ] GC(995) Concurrent Mark From Roots 970.674ms
[3919.133s][info][gc,marking     ] GC(995) Concurrent Preclean
[3919.134s][info][gc,marking     ] GC(995) Concurrent Preclean 0.122ms
[3919.134s][info][gc,start       ] GC(995) Pause Remark
[3919.137s][info][gc             ] GC(995) Pause Remark 2435M->2435M(4096M) 3.247ms
[3919.137s][info][gc,cpu         ] GC(995) User=0.02s Sys=0.00s Real=0.00s
[3919.137s][info][gc,marking     ] GC(995) Concurrent Mark 974.304ms
[3919.137s][info][gc,marking     ] GC(995) Concurrent Rebuild Remembered Sets and Scrub Regions
.[3919.399s][info][gc,marking     ] GC(995) Concurrent Rebuild Remembered Sets and Scrub Regions 262.119ms
[3919.399s][info][gc,start       ] GC(995) Pause Cleanup
[3919.399s][info][gc             ] GC(995) Pause Cleanup 2705M->2705M(4096M) 0.107ms
[3919.399s][info][gc,cpu         ] GC(995) User=0.00s Sys=0.00s Real=0.00s
[3919.399s][info][gc,marking     ] GC(995) Concurrent Clear Claimed Marks
[3919.399s][info][gc,marking     ] GC(995) Concurrent Clear Claimed Marks 0.020ms
[3919.399s][info][gc,marking     ] GC(995) Concurrent Cleanup for Next Mark
[3919.404s][info][gc,marking     ] GC(995) Concurrent Cleanup for Next Mark 4.698ms
[3919.404s][info][gc             ] GC(995) Concurrent Mark Cycle 1422.707ms
.[3920.520s][info][gc,start       ] GC(996) Pause Young (Prepare Mixed) (G1 Evacuation Pause)
[3920.520s][info][gc,task        ] GC(996) Using 6 workers of 6 for evacuation
[3920.638s][info][gc,phases      ] GC(996)   Pre Evacuate Collection Set: 0.36ms
[3920.638s][info][gc,phases      ] GC(996)   Merge Heap Roots: 0.54ms
[3920.638s][info][gc,phases      ] GC(996)   Evacuate Collection Set: 115.98ms
[3920.638s][info][gc,phases      ] GC(996)   Post Evacuate Collection Set: 0.90ms
[3920.638s][info][gc,phases      ] GC(996)   Other: 0.09ms
[3920.638s][info][gc,heap        ] GC(996) Eden regions: 1118->0(1106)
[3920.638s][info][gc,heap        ] GC(996) Survivor regions: 110->111(154)
[3920.638s][info][gc,heap        ] GC(996) Old regions: 506->537
[3920.638s][info][gc,heap        ] GC(996) Humongous regions: 80->80
[3920.638s][info][gc,metaspace   ] GC(996) Metaspace: 28876K(29248K)->28876K(29248K) NonClass: 24008K(24192K)->24008K(24192K) Class: 4868K(5056K)->4868K(5056K)
[3920.638s][info][gc             ] GC(996) Pause Young (Prepare Mixed) (G1 Evacuation Pause) 3626M->1454M(4096M) 118.008ms
[3920.638s][info][gc,cpu         ] GC(996) User=0.70s Sys=0.00s Real=0.12s
..[3923.175s][info][gc,start       ] GC(997) Pause Young (Mixed) (G1 Evacuation Pause)
[3923.175s][info][gc,task        ] GC(997) Using 6 workers of 6 for evacuation
[3923.310s][info][gc,phases      ] GC(997)   Pre Evacuate Collection Set: 0.33ms
[3923.310s][info][gc,phases      ] GC(997)   Merge Heap Roots: 0.62ms
[3923.310s][info][gc,phases      ] GC(997)   Evacuate Collection Set: 133.16ms
[3923.310s][info][gc,phases      ] GC(997)   Post Evacuate Collection Set: 0.93ms
[3923.310s][info][gc,phases      ] GC(997)   Other: 0.09ms
[3923.310s][info][gc,heap        ] GC(997) Eden regions: 1106->0(1115)
[3923.310s][info][gc,heap        ] GC(997) Survivor regions: 111->113(153)
[3923.310s][info][gc,heap        ] GC(997) Old regions: 537->473
[3923.310s][info][gc,heap        ] GC(997) Humongous regions: 80->80
[3923.310s][info][gc,metaspace   ] GC(997) Metaspace: 28876K(29248K)->28876K(29248K) NonClass: 24008K(24192K)->24008K(24192K) Class: 4868K(5056K)->4868K(5056K)
[3923.310s][info][gc             ] GC(997) Pause Young (Mixed) (G1 Evacuation Pause) 3666M->1329M(4096M) 135.265ms
[3923.310s][info][gc,cpu         ] GC(997) User=0.81s Sys=0.00s Real=0.14s
.|..[3925.832s][info][gc,start       ] GC(998) Pause Young (Concurrent Start) (G1 Evacuation Pause)
[3925.832s][info][gc,task        ] GC(998) Using 6 workers of 6 for evacuation
[3925.948s][info][gc,phases      ] GC(998)   Pre Evacuate Collection Set: 0.35ms
[3925.948s][info][gc,phases      ] GC(998)   Merge Heap Roots: 0.45ms
[3925.948s][info][gc,phases      ] GC(998)   Evacuate Collection Set: 114.95ms
[3925.948s][info][gc,phases      ] GC(998)   Post Evacuate Collection Set: 0.88ms
[3925.948s][info][gc,phases      ] GC(998)   Other: 0.11ms
[3925.948s][info][gc,heap        ] GC(998) Eden regions: 1115->0(1117)
[3925.948s][info][gc,heap        ] GC(998) Survivor regions: 113->111(154)
[3925.948s][info][gc,heap        ] GC(998) Old regions: 473->504
[3925.948s][info][gc,heap        ] GC(998) Humongous regions: 80->80
[3925.948s][info][gc,metaspace   ] GC(998) Metaspace: 28876K(29248K)->28876K(29248K) NonClass: 24008K(24192K)->24008K(24192K) Class: 4868K(5056K)->4868K(5056K)
[3925.948s][info][gc             ] GC(998) Pause Young (Concurrent Start) (G1 Evacuation Pause) 3559M->1388M(4096M) 116.869ms
[3925.948s][info][gc             ] GC(999) Concurrent Mark Cycle
[3925.948s][info][gc,marking     ] GC(999) Concurrent Scan Root Regions
[3925.948s][info][gc,cpu         ] GC(998) User=0.69s Sys=0.00s Real=0.12s
[3926.129s][info][gc,marking     ] GC(999) Concurrent Scan Root Regions 180.885ms
[3926.129s][info][gc,marking     ] GC(999) Concurrent Mark
[3926.129s][info][gc,marking     ] GC(999) Concurrent Mark From Roots
[3926.129s][info][gc,task        ] GC(999) Using 2 workers of 2 for marking
.[3927.099s][info][gc,marking     ] GC(999) Concurrent Mark From Roots 969.175ms
[3927.099s][info][gc,marking     ] GC(999) Concurrent Preclean
[3927.099s][info][gc,marking     ] GC(999) Concurrent Preclean 0.121ms
[3927.100s][info][gc,start       ] GC(999) Pause Remark
[3927.104s][info][gc             ] GC(999) Pause Remark 2376M->2376M(4096M) 4.150ms
[3927.104s][info][gc,cpu         ] GC(999) User=0.03s Sys=0.00s Real=0.00s
[3927.104s][info][gc,marking     ] GC(999) Concurrent Mark 974.433ms
[3927.104s][info][gc,marking     ] GC(999) Concurrent Rebuild Remembered Sets and Scrub Regions
.[3927.466s][info][gc,marking     ] GC(999) Concurrent Rebuild Remembered Sets and Scrub Regions 362.445ms
[3927.466s][info][gc,start       ] GC(999) Pause Cleanup
[3927.467s][info][gc             ] GC(999) Pause Cleanup 2688M->2688M(4096M) 0.109ms
[3927.467s][info][gc,cpu         ] GC(999) User=0.00s Sys=0.00s Real=0.00s
[3927.467s][info][gc,marking     ] GC(999) Concurrent Clear Claimed Marks
[3927.467s][info][gc,marking     ] GC(999) Concurrent Clear Claimed Marks 0.033ms
[3927.467s][info][gc,marking     ] GC(999) Concurrent Cleanup for Next Mark
[3927.472s][info][gc,marking     ] GC(999) Concurrent Cleanup for Next Mark 4.976ms
[3927.472s][info][gc             ] GC(999) Concurrent Mark Cycle 1523.322ms
.[3928.534s][info][gc,start       ] GC(1000) Pause Young (Prepare Mixed) (G1 Evacuation Pause)
[3928.534s][info][gc,task        ] GC(1000) Using 6 workers of 6 for evacuation
[3928.653s][info][gc,phases      ] GC(1000)   Pre Evacuate Collection Set: 0.30ms
[3928.653s][info][gc,phases      ] GC(1000)   Merge Heap Roots: 0.50ms
[3928.653s][info][gc,phases      ] GC(1000)   Evacuate Collection Set: 117.81ms
[3928.653s][info][gc,phases      ] GC(1000)   Post Evacuate Collection Set: 0.96ms
[3928.653s][info][gc,phases      ] GC(1000)   Other: 0.09ms
[3928.653s][info][gc,heap        ] GC(1000) Eden regions: 1117->0(1107)
[3928.653s][info][gc,heap        ] GC(1000) Survivor regions: 111->111(154)
[3928.653s][info][gc,heap        ] GC(1000) Old regions: 504->536
[3928.653s][info][gc,heap        ] GC(1000) Humongous regions: 80->80
[3928.653s][info][gc,metaspace   ] GC(1000) Metaspace: 28876K(29248K)->28876K(29248K) NonClass: 24008K(24192K)->24008K(24192K) Class: 4868K(5056K)->4868K(5056K)
[3928.654s][info][gc             ] GC(1000) Pause Young (Prepare Mixed) (G1 Evacuation Pause) 3622M->1451M(4096M) 119.821ms
[3928.654s][info][gc,cpu         ] GC(1000) User=0.71s Sys=0.00s Real=0.12s
..[3931.238s][info][gc,start       ] GC(1001) Pause Young (Mixed) (G1 Evacuation Pause)
[3931.238s][info][gc,task        ] GC(1001) Using 6 workers of 6 for evacuation
[3931.374s][info][gc,phases      ] GC(1001)   Pre Evacuate Collection Set: 0.35ms
[3931.374s][info][gc,phases      ] GC(1001)   Merge Heap Roots: 0.68ms
[3931.374s][info][gc,phases      ] GC(1001)   Evacuate Collection Set: 133.30ms
[3931.374s][info][gc,phases      ] GC(1001)   Post Evacuate Collection Set: 0.94ms
[3931.374s][info][gc,phases      ] GC(1001)   Other: 0.09ms
[3931.374s][info][gc,heap        ] GC(1001) Eden regions: 1107->0(1119)
[3931.374s][info][gc,heap        ] GC(1001) Survivor regions: 111->109(153)
[3931.374s][info][gc,heap        ] GC(1001) Old regions: 536->472
[3931.374s][info][gc,heap        ] GC(1001) Humongous regions: 80->80
[3931.374s][info][gc,metaspace   ] GC(1001) Metaspace: 28876K(29248K)->28876K(29248K) NonClass: 24008K(24192K)->24008K(24192K) Class: 4868K(5056K)->4868K(5056K)
[3931.374s][info][gc             ] GC(1001) Pause Young (Mixed) (G1 Evacuation Pause) 3665M->1321M(4096M) 135.486ms
[3931.374s][info][gc,cpu         ] GC(1001) User=0.80s Sys=0.00s Real=0.13s
...[3933.874s][info][gc,start       ] GC(1002) Pause Young (Concurrent Start) (G1 Evacuation Pause)
[3933.874s][info][gc,task        ] GC(1002) Using 6 workers of 6 for evacuation
[3933.992s][info][gc,phases      ] GC(1002)   Pre Evacuate Collection Set: 0.35ms
[3933.992s][info][gc,phases      ] GC(1002)   Merge Heap Roots: 0.46ms
[3933.992s][info][gc,phases      ] GC(1002)   Evacuate Collection Set: 115.51ms
[3933.992s][info][gc,phases      ] GC(1002)   Post Evacuate Collection Set: 0.88ms
[3933.992s][info][gc,phases      ] GC(1002)   Other: 0.09ms
[3933.992s][info][gc,heap        ] GC(1002) Eden regions: 1119->0(1119)
[3933.992s][info][gc,heap        ] GC(1002) Survivor regions: 109->109(154)
[3933.992s][info][gc,heap        ] GC(1002) Old regions: 472->504
[3933.992s][info][gc,heap        ] GC(1002) Humongous regions: 80->80
[3933.992s][info][gc,metaspace   ] GC(1002) Metaspace: 28876K(29248K)->28876K(29248K) NonClass: 24008K(24192K)->24008K(24192K) Class: 4868K(5056K)->4868K(5056K)
[3933.992s][info][gc             ] GC(1002) Pause Young (Concurrent Start) (G1 Evacuation Pause) 3559M->1384M(4096M) 117.415ms
[3933.992s][info][gc             ] GC(1003) Concurrent Mark Cycle
[3933.992s][info][gc,marking     ] GC(1003) Concurrent Scan Root Regions
[3933.992s][info][gc,cpu         ] GC(1002) User=0.70s Sys=0.00s Real=0.12s
[3934.184s][info][gc,marking     ] GC(1003) Concurrent Scan Root Regions 192.463ms
[3934.184s][info][gc,marking     ] GC(1003) Concurrent Mark
[3934.184s][info][gc,marking     ] GC(1003) Concurrent Mark From Roots
[3934.184s][info][gc,task        ] GC(1003) Using 2 workers of 2 for marking
.[3935.108s][info][gc,marking     ] GC(1003) Concurrent Mark From Roots 923.550ms
[3935.108s][info][gc,marking     ] GC(1003) Concurrent Preclean
[3935.108s][info][gc,marking     ] GC(1003) Concurrent Preclean 0.081ms
[3935.108s][info][gc,start       ] GC(1003) Pause Remark
[3935.112s][info][gc             ] GC(1003) Pause Remark 2354M->2354M(4096M) 3.955ms
[3935.112s][info][gc,cpu         ] GC(1003) User=0.02s Sys=0.00s Real=0.00s
[3935.112s][info][gc,marking     ] GC(1003) Concurrent Mark 927.813ms
[3935.112s][info][gc,marking     ] GC(1003) Concurrent Rebuild Remembered Sets and Scrub Regions
[3935.379s][info][gc,marking     ] GC(1003) Concurrent Rebuild Remembered Sets and Scrub Regions 266.516ms
[3935.379s][info][gc,start       ] GC(1003) Pause Cleanup
[3935.379s][info][gc             ] GC(1003) Pause Cleanup 2602M->2602M(4096M) 0.116ms
[3935.379s][info][gc,cpu         ] GC(1003) User=0.00s Sys=0.00s Real=0.00s
[3935.381s][info][gc,marking     ] GC(1003) Concurrent Clear Claimed Marks
[3935.381s][info][gc,marking     ] GC(1003) Concurrent Clear Claimed Marks 0.055ms
[3935.381s][info][gc,marking     ] GC(1003) Concurrent Cleanup for Next Mark
[3935.387s][info][gc,marking     ] GC(1003) Concurrent Cleanup for Next Mark 6.140ms
[3935.387s][info][gc             ] GC(1003) Concurrent Mark Cycle 1395.223ms
..[3936.618s][info][gc,start       ] GC(1004) Pause Young (Prepare Mixed) (G1 Evacuation Pause)
[3936.618s][info][gc,task        ] GC(1004) Using 6 workers of 6 for evacuation
[3936.741s][info][gc,phases      ] GC(1004)   Pre Evacuate Collection Set: 0.30ms
[3936.741s][info][gc,phases      ] GC(1004)   Merge Heap Roots: 0.53ms
[3936.741s][info][gc,phases      ] GC(1004)   Evacuate Collection Set: 120.67ms
[3936.741s][info][gc,phases      ] GC(1004)   Post Evacuate Collection Set: 0.92ms
[3936.741s][info][gc,phases      ] GC(1004)   Other: 0.08ms
[3936.741s][info][gc,heap        ] GC(1004) Eden regions: 1119->0(1100)
[3936.741s][info][gc,heap        ] GC(1004) Survivor regions: 109->115(154)
[3936.741s][info][gc,heap        ] GC(1004) Old regions: 504->535
[3936.741s][info][gc,heap        ] GC(1004) Humongous regions: 80->80
[3936.741s][info][gc,metaspace   ] GC(1004) Metaspace: 28876K(29248K)->28876K(29248K) NonClass: 24008K(24192K)->24008K(24192K) Class: 4868K(5056K)->4868K(5056K)
[3936.741s][info][gc             ] GC(1004) Pause Young (Prepare Mixed) (G1 Evacuation Pause) 3622M->1458M(4096M) 122.644ms
[3936.741s][info][gc,cpu         ] GC(1004) User=0.73s Sys=0.00s Real=0.12s
..[3939.289s][info][gc,start       ] GC(1005) Pause Young (Mixed) (G1 Evacuation Pause)
[3939.289s][info][gc,task        ] GC(1005) Using 6 workers of 6 for evacuation
[3939.426s][info][gc,phases      ] GC(1005)   Pre Evacuate Collection Set: 0.35ms
[3939.426s][info][gc,phases      ] GC(1005)   Merge Heap Roots: 0.72ms
[3939.426s][info][gc,phases      ] GC(1005)   Evacuate Collection Set: 134.78ms
[3939.426s][info][gc,phases      ] GC(1005)   Post Evacuate Collection Set: 0.92ms
[3939.426s][info][gc,phases      ] GC(1005)   Other: 0.09ms
[3939.426s][info][gc,heap        ] GC(1005) Eden regions: 1100->0(1116)
[3939.426s][info][gc,heap        ] GC(1005) Survivor regions: 115->112(152)
[3939.426s][info][gc,heap        ] GC(1005) Old regions: 535->473
[3939.426s][info][gc,heap        ] GC(1005) Humongous regions: 80->80
[3939.426s][info][gc,metaspace   ] GC(1005) Metaspace: 28876K(29248K)->28876K(29248K) NonClass: 24008K(24192K)->24008K(24192K) Class: 4868K(5056K)->4868K(5056K)
[3939.426s][info][gc             ] GC(1005) Pause Young (Mixed) (G1 Evacuation Pause) 3658M->1328M(4096M) 136.983ms
[3939.426s][info][gc,cpu         ] GC(1005) User=0.82s Sys=0.00s Real=0.13s
...[3941.951s][info][gc,start       ] GC(1006) Pause Young (Concurrent Start) (G1 Evacuation Pause)
[3941.951s][info][gc,task        ] GC(1006) Using 6 workers of 6 for evacuation
[3942.074s][info][gc,phases      ] GC(1006)   Pre Evacuate Collection Set: 0.34ms
[3942.074s][info][gc,phases      ] GC(1006)   Merge Heap Roots: 0.46ms
[3942.074s][info][gc,phases      ] GC(1006)   Evacuate Collection Set: 121.80ms
[3942.074s][info][gc,phases      ] GC(1006)   Post Evacuate Collection Set: 0.89ms
[3942.074s][info][gc,phases      ] GC(1006)   Other: 0.12ms
[3942.074s][info][gc,heap        ] GC(1006) Eden regions: 1116->0(1114)
[3942.074s][info][gc,heap        ] GC(1006) Survivor regions: 112->114(154)
[3942.074s][info][gc,heap        ] GC(1006) Old regions: 473->505
[3942.074s][info][gc,heap        ] GC(1006) Humongous regions: 80->80
[3942.074s][info][gc,metaspace   ] GC(1006) Metaspace: 28876K(29248K)->28876K(29248K) NonClass: 24008K(24192K)->24008K(24192K) Class: 4868K(5056K)->4868K(5056K)
[3942.075s][info][gc             ] GC(1006) Pause Young (Concurrent Start) (G1 Evacuation Pause) 3560M->1396M(4096M) 123.743ms
[3942.075s][info][gc             ] GC(1007) Concurrent Mark Cycle
[3942.075s][info][gc,marking     ] GC(1007) Concurrent Scan Root Regions
[3942.075s][info][gc,cpu         ] GC(1006) User=0.74s Sys=0.00s Real=0.12s
[3942.259s][info][gc,marking     ] GC(1007) Concurrent Scan Root Regions 184.191ms
[3942.259s][info][gc,marking     ] GC(1007) Concurrent Mark
[3942.259s][info][gc,marking     ] GC(1007) Concurrent Mark From Roots
[3942.259s][info][gc,task        ] GC(1007) Using 2 workers of 2 for marking
.[3943.262s][info][gc,marking     ] GC(1007) Concurrent Mark From Roots 1003.509ms
[3943.262s][info][gc,marking     ] GC(1007) Concurrent Preclean
[3943.263s][info][gc,marking     ] GC(1007) Concurrent Preclean 0.124ms
[3943.263s][info][gc,start       ] GC(1007) Pause Remark
[3943.267s][info][gc             ] GC(1007) Pause Remark 2482M->2482M(4096M) 3.090ms
[3943.267s][info][gc,cpu         ] GC(1007) User=0.01s Sys=0.00s Real=0.00s
[3943.269s][info][gc,marking     ] GC(1007) Concurrent Mark 1010.514ms
[3943.269s][info][gc,marking     ] GC(1007) Concurrent Rebuild Remembered Sets and Scrub Regions
.[3943.640s][info][gc,marking     ] GC(1007) Concurrent Rebuild Remembered Sets and Scrub Regions 370.372ms
[3943.640s][info][gc,start       ] GC(1007) Pause Cleanup
[3943.640s][info][gc             ] GC(1007) Pause Cleanup 2824M->2824M(4096M) 0.119ms
[3943.640s][info][gc,cpu         ] GC(1007) User=0.00s Sys=0.00s Real=0.00s
[3943.640s][info][gc,marking     ] GC(1007) Concurrent Clear Claimed Marks
[3943.640s][info][gc,marking     ] GC(1007) Concurrent Clear Claimed Marks 0.031ms
[3943.640s][info][gc,marking     ] GC(1007) Concurrent Cleanup for Next Mark
[3943.644s][info][gc,marking     ] GC(1007) Concurrent Cleanup for Next Mark 3.400ms
[3943.644s][info][gc             ] GC(1007) Concurrent Mark Cycle 1569.002ms
.[3944.597s][info][gc,start       ] GC(1008) Pause Young (Prepare Mixed) (G1 Evacuation Pause)
[3944.597s][info][gc,task        ] GC(1008) Using 6 workers of 6 for evacuation
[3944.720s][info][gc,phases      ] GC(1008)   Pre Evacuate Collection Set: 0.29ms
[3944.720s][info][gc,phases      ] GC(1008)   Merge Heap Roots: 0.51ms
[3944.720s][info][gc,phases      ] GC(1008)   Evacuate Collection Set: 120.49ms
[3944.720s][info][gc,phases      ] GC(1008)   Post Evacuate Collection Set: 0.92ms
[3944.720s][info][gc,phases      ] GC(1008)   Other: 0.09ms
[3944.720s][info][gc,heap        ] GC(1008) Eden regions: 1114->0(1099)
[3944.720s][info][gc,heap        ] GC(1008) Survivor regions: 114->114(154)
[3944.720s][info][gc,heap        ] GC(1008) Old regions: 505->538
[3944.720s][info][gc,heap        ] GC(1008) Humongous regions: 80->80
[3944.720s][info][gc,metaspace   ] GC(1008) Metaspace: 28876K(29248K)->28876K(29248K) NonClass: 24008K(24192K)->24008K(24192K) Class: 4868K(5056K)->4868K(5056K)
[3944.720s][info][gc             ] GC(1008) Pause Young (Prepare Mixed) (G1 Evacuation Pause) 3624M->1462M(4096M) 122.425ms
[3944.720s][info][gc,cpu         ] GC(1008) User=0.73s Sys=0.00s Real=0.13s
..[3947.193s][info][gc,start       ] GC(1009) Pause Young (Mixed) (G1 Evacuation Pause)
[3947.193s][info][gc,task        ] GC(1009) Using 6 workers of 6 for evacuation
[3947.328s][info][gc,phases      ] GC(1009)   Pre Evacuate Collection Set: 0.35ms
[3947.328s][info][gc,phases      ] GC(1009)   Merge Heap Roots: 0.65ms
[3947.328s][info][gc,phases      ] GC(1009)   Evacuate Collection Set: 132.58ms
[3947.328s][info][gc,phases      ] GC(1009)   Post Evacuate Collection Set: 0.92ms
[3947.328s][info][gc,phases      ] GC(1009)   Other: 0.08ms
[3947.328s][info][gc,heap        ] GC(1009) Eden regions: 1099->0(1118)
[3947.328s][info][gc,heap        ] GC(1009) Survivor regions: 114->110(152)
[3947.328s][info][gc,heap        ] GC(1009) Old regions: 538->474
[3947.328s][info][gc,heap        ] GC(1009) Humongous regions: 80->80
[3947.328s][info][gc,metaspace   ] GC(1009) Metaspace: 28876K(29248K)->28876K(29248K) NonClass: 24008K(24192K)->24008K(24192K) Class: 4868K(5056K)->4868K(5056K)
[3947.328s][info][gc             ] GC(1009) Pause Young (Mixed) (G1 Evacuation Pause) 3660M->1327M(4096M) 134.736ms
[3947.328s][info][gc,cpu         ] GC(1009) User=0.80s Sys=0.00s Real=0.14s
...[3949.830s][info][gc,start       ] GC(1010) Pause Young (Concurrent Start) (G1 Evacuation Pause)
[3949.830s][info][gc,task        ] GC(1010) Using 6 workers of 6 for evacuation
[3949.945s][info][gc,phases      ] GC(1010)   Pre Evacuate Collection Set: 0.36ms
[3949.945s][info][gc,phases      ] GC(1010)   Merge Heap Roots: 0.45ms
[3949.945s][info][gc,phases      ] GC(1010)   Evacuate Collection Set: 112.84ms
[3949.945s][info][gc,phases      ] GC(1010)   Post Evacuate Collection Set: 0.87ms
[3949.945s][info][gc,phases      ] GC(1010)   Other: 0.11ms
[3949.945s][info][gc,heap        ] GC(1010) Eden regions: 1118->0(1120)
[3949.945s][info][gc,heap        ] GC(1010) Survivor regions: 110->108(154)
[3949.945s][info][gc,heap        ] GC(1010) Old regions: 474->506
[3949.945s][info][gc,heap        ] GC(1010) Humongous regions: 80->80
[3949.945s][info][gc,metaspace   ] GC(1010) Metaspace: 28876K(29248K)->28876K(29248K) NonClass: 24008K(24192K)->24008K(24192K) Class: 4868K(5056K)->4868K(5056K)
[3949.945s][info][gc             ] GC(1010) Pause Young (Concurrent Start) (G1 Evacuation Pause) 3563M->1386M(4096M) 114.768ms
[3949.945s][info][gc             ] GC(1011) Concurrent Mark Cycle
[3949.945s][info][gc,marking     ] GC(1011) Concurrent Scan Root Regions
[3949.945s][info][gc,cpu         ] GC(1010) User=0.68s Sys=0.00s Real=0.11s
[3950.083s][info][gc,marking     ] GC(1011) Concurrent Scan Root Regions 137.367ms
[3950.083s][info][gc,marking     ] GC(1011) Concurrent Mark
[3950.083s][info][gc,marking     ] GC(1011) Concurrent Mark From Roots
[3950.083s][info][gc,task        ] GC(1011) Using 2 workers of 2 for marking
.[3950.808s][info][gc,marking     ] GC(1011) Concurrent Mark From Roots 724.936ms
[3950.808s][info][gc,marking     ] GC(1011) Concurrent Preclean
[3950.808s][info][gc,marking     ] GC(1011) Concurrent Preclean 0.110ms
[3950.808s][info][gc,start       ] GC(1011) Pause Remark
[3950.811s][info][gc             ] GC(1011) Pause Remark 2138M->2138M(4096M) 2.863ms
[3950.811s][info][gc,cpu         ] GC(1011) User=0.01s Sys=0.00s Real=0.00s
[3950.811s][info][gc,marking     ] GC(1011) Concurrent Mark 728.851ms
[3950.811s][info][gc,marking     ] GC(1011) Concurrent Rebuild Remembered Sets and Scrub Regions
[3951.087s][info][gc,marking     ] GC(1011) Concurrent Rebuild Remembered Sets and Scrub Regions 275.671ms
[3951.088s][info][gc,start       ] GC(1011) Pause Cleanup
[3951.088s][info][gc             ] GC(1011) Pause Cleanup 2402M->2402M(4096M) 0.123ms
[3951.088s][info][gc,cpu         ] GC(1011) User=0.00s Sys=0.00s Real=0.00s
[3951.088s][info][gc,marking     ] GC(1011) Concurrent Clear Claimed Marks
[3951.088s][info][gc,marking     ] GC(1011) Concurrent Clear Claimed Marks 0.031ms
[3951.088s][info][gc,marking     ] GC(1011) Concurrent Cleanup for Next Mark
[3951.092s][info][gc,marking     ] GC(1011) Concurrent Cleanup for Next Mark 3.967ms
[3951.092s][info][gc             ] GC(1011) Concurrent Mark Cycle 1147.228ms
..[3952.593s][info][gc,start       ] GC(1012) Pause Young (Prepare Mixed) (G1 Evacuation Pause)
[3952.593s][info][gc,task        ] GC(1012) Using 6 workers of 6 for evacuation
[3952.712s][info][gc,phases      ] GC(1012)   Pre Evacuate Collection Set: 0.33ms
[3952.712s][info][gc,phases      ] GC(1012)   Merge Heap Roots: 0.55ms
[3952.712s][info][gc,phases      ] GC(1012)   Evacuate Collection Set: 116.92ms
[3952.712s][info][gc,phases      ] GC(1012)   Post Evacuate Collection Set: 0.96ms
[3952.712s][info][gc,phases      ] GC(1012)   Other: 0.09ms
[3952.712s][info][gc,heap        ] GC(1012) Eden regions: 1120->0(1102)
[3952.712s][info][gc,heap        ] GC(1012) Survivor regions: 108->112(154)
[3952.712s][info][gc,heap        ] GC(1012) Old regions: 506->539
[3952.712s][info][gc,heap        ] GC(1012) Humongous regions: 80->80
[3952.712s][info][gc,metaspace   ] GC(1012) Metaspace: 28876K(29248K)->28876K(29248K) NonClass: 24008K(24192K)->24008K(24192K) Class: 4868K(5056K)->4868K(5056K)
[3952.712s][info][gc             ] GC(1012) Pause Young (Prepare Mixed) (G1 Evacuation Pause) 3626M->1460M(4096M) 118.994ms
[3952.712s][info][gc,cpu         ] GC(1012) User=0.70s Sys=0.00s Real=0.12s
..[3955.216s][info][gc,start       ] GC(1013) Pause Young (Mixed) (G1 Evacuation Pause)
[3955.217s][info][gc,task        ] GC(1013) Using 6 workers of 6 for evacuation
[3955.352s][info][gc,phases      ] GC(1013)   Pre Evacuate Collection Set: 0.38ms
[3955.352s][info][gc,phases      ] GC(1013)   Merge Heap Roots: 0.75ms
[3955.352s][info][gc,phases      ] GC(1013)   Evacuate Collection Set: 133.66ms
[3955.352s][info][gc,phases      ] GC(1013)   Post Evacuate Collection Set: 0.94ms
[3955.352s][info][gc,phases      ] GC(1013)   Other: 0.09ms
[3955.352s][info][gc,heap        ] GC(1013) Eden regions: 1102->0(1118)
[3955.352s][info][gc,heap        ] GC(1013) Survivor regions: 112->110(152)
[3955.352s][info][gc,heap        ] GC(1013) Old regions: 539->475
[3955.352s][info][gc,heap        ] GC(1013) Humongous regions: 80->80
[3955.352s][info][gc,metaspace   ] GC(1013) Metaspace: 28876K(29248K)->28876K(29248K) NonClass: 24008K(24192K)->24008K(24192K) Class: 4868K(5056K)->4868K(5056K)
[3955.352s][info][gc             ] GC(1013) Pause Young (Mixed) (G1 Evacuation Pause) 3664M->1327M(4096M) 135.964ms
[3955.352s][info][gc,cpu         ] GC(1013) User=0.80s Sys=0.00s Real=0.14s
...[3957.919s][info][gc,start       ] GC(1014) Pause Young (Concurrent Start) (G1 Evacuation Pause)
[3957.919s][info][gc,task        ] GC(1014) Using 6 workers of 6 for evacuation
[3958.039s][info][gc,phases      ] GC(1014)   Pre Evacuate Collection Set: 0.40ms
[3958.039s][info][gc,phases      ] GC(1014)   Merge Heap Roots: 0.49ms
[3958.039s][info][gc,phases      ] GC(1014)   Evacuate Collection Set: 117.68ms
[3958.039s][info][gc,phases      ] GC(1014)   Post Evacuate Collection Set: 0.88ms
[3958.039s][info][gc,phases      ] GC(1014)   Other: 0.12ms
[3958.039s][info][gc,heap        ] GC(1014) Eden regions: 1118->0(1117)
[3958.039s][info][gc,heap        ] GC(1014) Survivor regions: 110->111(154)
[3958.039s][info][gc,heap        ] GC(1014) Old regions: 475->507
[3958.039s][info][gc,heap        ] GC(1014) Humongous regions: 80->80
[3958.039s][info][gc,metaspace   ] GC(1014) Metaspace: 28876K(29248K)->28876K(29248K) NonClass: 24008K(24192K)->24008K(24192K) Class: 4868K(5056K)->4868K(5056K)
[3958.039s][info][gc             ] GC(1014) Pause Young (Concurrent Start) (G1 Evacuation Pause) 3563M->1394M(4096M) 119.702ms
[3958.039s][info][gc             ] GC(1015) Concurrent Mark Cycle
[3958.039s][info][gc,marking     ] GC(1015) Concurrent Scan Root Regions
[3958.039s][info][gc,cpu         ] GC(1014) User=0.71s Sys=0.00s Real=0.12s
[3958.238s][info][gc,marking     ] GC(1015) Concurrent Scan Root Regions 199.067ms
[3958.238s][info][gc,marking     ] GC(1015) Concurrent Mark
[3958.238s][info][gc,marking     ] GC(1015) Concurrent Mark From Roots
[3958.238s][info][gc,task        ] GC(1015) Using 2 workers of 2 for marking
.[3959.148s][info][gc,marking     ] GC(1015) Concurrent Mark From Roots 910.158ms
[3959.148s][info][gc,marking     ] GC(1015) Concurrent Preclean
[3959.148s][info][gc,marking     ] GC(1015) Concurrent Preclean 0.135ms
[3959.150s][info][gc,start       ] GC(1015) Pause Remark
[3959.154s][info][gc             ] GC(1015) Pause Remark 2362M->2362M(4096M) 3.693ms
[3959.154s][info][gc,cpu         ] GC(1015) User=0.02s Sys=0.00s Real=0.00s
[3959.154s][info][gc,marking     ] GC(1015) Concurrent Mark 915.890ms
[3959.154s][info][gc,marking     ] GC(1015) Concurrent Rebuild Remembered Sets and Scrub Regions
[3959.495s][info][gc,marking     ] GC(1015) Concurrent Rebuild Remembered Sets and Scrub Regions 341.322ms
[3959.495s][info][gc,start       ] GC(1015) Pause Cleanup
[3959.496s][info][gc             ] GC(1015) Pause Cleanup 2687M->2687M(4096M) 0.124ms
[3959.496s][info][gc,cpu         ] GC(1015) User=0.00s Sys=0.00s Real=0.00s
[3959.496s][info][gc,marking     ] GC(1015) Concurrent Clear Claimed Marks
[3959.496s][info][gc,marking     ] GC(1015) Concurrent Clear Claimed Marks 0.020ms
[3959.496s][info][gc,marking     ] GC(1015) Concurrent Cleanup for Next Mark
[3959.501s][info][gc,marking     ] GC(1015) Concurrent Cleanup for Next Mark 5.085ms
[3959.501s][info][gc             ] GC(1015) Concurrent Mark Cycle 1461.881ms
..[3960.633s][info][gc,start       ] GC(1016) Pause Young (Prepare Mixed) (G1 Evacuation Pause)
[3960.633s][info][gc,task        ] GC(1016) Using 6 workers of 6 for evacuation
[3960.750s][info][gc,phases      ] GC(1016)   Pre Evacuate Collection Set: 0.34ms
[3960.750s][info][gc,phases      ] GC(1016)   Merge Heap Roots: 0.49ms
[3960.750s][info][gc,phases      ] GC(1016)   Evacuate Collection Set: 115.50ms
[3960.750s][info][gc,phases      ] GC(1016)   Post Evacuate Collection Set: 0.92ms
[3960.750s][info][gc,phases      ] GC(1016)   Other: 0.09ms
[3960.750s][info][gc,heap        ] GC(1016) Eden regions: 1117->0(1105)
[3960.750s][info][gc,heap        ] GC(1016) Survivor regions: 111->111(154)
[3960.750s][info][gc,heap        ] GC(1016) Old regions: 507->538
[3960.750s][info][gc,heap        ] GC(1016) Humongous regions: 80->80
[3960.750s][info][gc,metaspace   ] GC(1016) Metaspace: 28876K(29248K)->28876K(29248K) NonClass: 24008K(24192K)->24008K(24192K) Class: 4868K(5056K)->4868K(5056K)
[3960.750s][info][gc             ] GC(1016) Pause Young (Prepare Mixed) (G1 Evacuation Pause) 3628M->1456M(4096M) 117.471ms
[3960.750s][info][gc,cpu         ] GC(1016) User=0.70s Sys=0.01s Real=0.12s
..[3963.266s][info][gc,start       ] GC(1017) Pause Young (Mixed) (G1 Evacuation Pause)
[3963.266s][info][gc,task        ] GC(1017) Using 6 workers of 6 for evacuation
[3963.401s][info][gc,phases      ] GC(1017)   Pre Evacuate Collection Set: 0.39ms
[3963.401s][info][gc,phases      ] GC(1017)   Merge Heap Roots: 0.69ms
[3963.401s][info][gc,phases      ] GC(1017)   Evacuate Collection Set: 132.31ms
[3963.401s][info][gc,phases      ] GC(1017)   Post Evacuate Collection Set: 0.92ms
[3963.401s][info][gc,phases      ] GC(1017)   Other: 0.09ms
[3963.401s][info][gc,heap        ] GC(1017) Eden regions: 1105->0(1117)
[3963.401s][info][gc,heap        ] GC(1017) Survivor regions: 111->111(152)
[3963.401s][info][gc,heap        ] GC(1017) Old regions: 538->473
[3963.401s][info][gc,heap        ] GC(1017) Humongous regions: 80->80
[3963.401s][info][gc,metaspace   ] GC(1017) Metaspace: 28876K(29248K)->28876K(29248K) NonClass: 24008K(24192K)->24008K(24192K) Class: 4868K(5056K)->4868K(5056K)
[3963.401s][info][gc             ] GC(1017) Pause Young (Mixed) (G1 Evacuation Pause) 3666M->1327M(4096M) 134.544ms
[3963.401s][info][gc,cpu         ] GC(1017) User=0.80s Sys=0.00s Real=0.14s
...[3965.866s][info][gc,start       ] GC(1018) Pause Young (Concurrent Start) (G1 Evacuation Pause)
[3965.866s][info][gc,task        ] GC(1018) Using 6 workers of 6 for evacuation
[3965.980s][info][gc,phases      ] GC(1018)   Pre Evacuate Collection Set: 0.39ms
[3965.980s][info][gc,phases      ] GC(1018)   Merge Heap Roots: 0.46ms
[3965.980s][info][gc,phases      ] GC(1018)   Evacuate Collection Set: 111.58ms
[3965.980s][info][gc,phases      ] GC(1018)   Post Evacuate Collection Set: 0.88ms
[3965.980s][info][gc,phases      ] GC(1018)   Other: 0.13ms
[3965.980s][info][gc,heap        ] GC(1018) Eden regions: 1117->0(1121)
[3965.980s][info][gc,heap        ] GC(1018) Survivor regions: 111->107(154)
[3965.980s][info][gc,heap        ] GC(1018) Old regions: 473->505
[3965.980s][info][gc,heap        ] GC(1018) Humongous regions: 80->80
[3965.980s][info][gc,metaspace   ] GC(1018) Metaspace: 28876K(29248K)->28876K(29248K) NonClass: 24008K(24192K)->24008K(24192K) Class: 4868K(5056K)->4868K(5056K)
[3965.980s][info][gc             ] GC(1018) Pause Young (Concurrent Start) (G1 Evacuation Pause) 3561M->1382M(4096M) 113.586ms
[3965.980s][info][gc             ] GC(1019) Concurrent Mark Cycle
[3965.980s][info][gc,marking     ] GC(1019) Concurrent Scan Root Regions
[3965.980s][info][gc,cpu         ] GC(1018) User=0.68s Sys=0.00s Real=0.12s
[3966.118s][info][gc,marking     ] GC(1019) Concurrent Scan Root Regions 138.354ms
[3966.118s][info][gc,marking     ] GC(1019) Concurrent Mark
[3966.118s][info][gc,marking     ] GC(1019) Concurrent Mark From Roots
[3966.118s][info][gc,task        ] GC(1019) Using 2 workers of 2 for marking
.[3967.001s][info][gc,marking     ] GC(1019) Concurrent Mark From Roots 882.959ms
[3967.001s][info][gc,marking     ] GC(1019) Concurrent Preclean
[3967.002s][info][gc,marking     ] GC(1019) Concurrent Preclean 0.122ms
[3967.002s][info][gc,start       ] GC(1019) Pause Remark
[3967.004s][info][gc             ] GC(1019) Pause Remark 2266M->2266M(4096M) 2.559ms
[3967.004s][info][gc,cpu         ] GC(1019) User=0.01s Sys=0.00s Real=0.00s
[3967.005s][info][gc,marking     ] GC(1019) Concurrent Mark 886.958ms
[3967.005s][info][gc,marking     ] GC(1019) Concurrent Rebuild Remembered Sets and Scrub Regions
[3967.290s][info][gc,marking     ] GC(1019) Concurrent Rebuild Remembered Sets and Scrub Regions 284.274ms
[3967.290s][info][gc,start       ] GC(1019) Pause Cleanup
[3967.290s][info][gc             ] GC(1019) Pause Cleanup 2482M->2482M(4096M) 0.113ms
[3967.290s][info][gc,cpu         ] GC(1019) User=0.00s Sys=0.00s Real=0.00s
[3967.290s][info][gc,marking     ] GC(1019) Concurrent Clear Claimed Marks
[3967.290s][info][gc,marking     ] GC(1019) Concurrent Clear Claimed Marks 0.026ms
[3967.290s][info][gc,marking     ] GC(1019) Concurrent Cleanup for Next Mark
[3967.295s][info][gc,marking     ] GC(1019) Concurrent Cleanup for Next Mark 4.953ms
[3967.295s][info][gc             ] GC(1019) Concurrent Mark Cycle 1315.015ms
.[3968.587s][info][gc,start       ] GC(1020) Pause Young (Prepare Mixed) (G1 Evacuation Pause)
[3968.587s][info][gc,task        ] GC(1020) Using 6 workers of 6 for evacuation
[3968.709s][info][gc,phases      ] GC(1020)   Pre Evacuate Collection Set: 0.33ms
[3968.709s][info][gc,phases      ] GC(1020)   Merge Heap Roots: 0.50ms
[3968.709s][info][gc,phases      ] GC(1020)   Evacuate Collection Set: 120.10ms
[3968.709s][info][gc,phases      ] GC(1020)   Post Evacuate Collection Set: 0.97ms
[3968.709s][info][gc,phases      ] GC(1020)   Other: 0.09ms
[3968.709s][info][gc,heap        ] GC(1020) Eden regions: 1121->0(1099)
[3968.709s][info][gc,heap        ] GC(1020) Survivor regions: 107->115(154)
[3968.709s][info][gc,heap        ] GC(1020) Old regions: 505->536
[3968.709s][info][gc,heap        ] GC(1020) Humongous regions: 80->80
[3968.709s][info][gc,metaspace   ] GC(1020) Metaspace: 28876K(29248K)->28876K(29248K) NonClass: 24008K(24192K)->24008K(24192K) Class: 4868K(5056K)->4868K(5056K)
[3968.709s][info][gc             ] GC(1020) Pause Young (Prepare Mixed) (G1 Evacuation Pause) 3624M->1460M(4096M) 122.122ms
[3968.709s][info][gc,cpu         ] GC(1020) User=0.73s Sys=0.00s Real=0.13s
...[3971.274s][info][gc,start       ] GC(1021) Pause Young (Mixed) (G1 Evacuation Pause)
[3971.274s][info][gc,task        ] GC(1021) Using 6 workers of 6 for evacuation
[3971.405s][info][gc,phases      ] GC(1021)   Pre Evacuate Collection Set: 0.36ms
[3971.405s][info][gc,phases      ] GC(1021)   Merge Heap Roots: 0.61ms
[3971.405s][info][gc,phases      ] GC(1021)   Evacuate Collection Set: 129.39ms
[3971.405s][info][gc,phases      ] GC(1021)   Post Evacuate Collection Set: 0.95ms
[3971.405s][info][gc,phases      ] GC(1021)   Other: 0.08ms
[3971.405s][info][gc,heap        ] GC(1021) Eden regions: 1099->0(1116)
[3971.405s][info][gc,heap        ] GC(1021) Survivor regions: 115->112(152)
[3971.405s][info][gc,heap        ] GC(1021) Old regions: 536->472
[3971.405s][info][gc,heap        ] GC(1021) Humongous regions: 80->80
[3971.405s][info][gc,metaspace   ] GC(1021) Metaspace: 28876K(29248K)->28876K(29248K) NonClass: 24008K(24192K)->24008K(24192K) Class: 4868K(5056K)->4868K(5056K)
[3971.405s][info][gc             ] GC(1021) Pause Young (Mixed) (G1 Evacuation Pause) 3658M->1325M(4096M) 131.542ms
[3971.405s][info][gc,cpu         ] GC(1021) User=0.78s Sys=0.00s Real=0.13s
...[3973.867s][info][gc,start       ] GC(1022) Pause Young (Concurrent Start) (G1 Evacuation Pause)
[3973.868s][info][gc,task        ] GC(1022) Using 6 workers of 6 for evacuation
[3973.987s][info][gc,phases      ] GC(1022)   Pre Evacuate Collection Set: 0.35ms
[3973.987s][info][gc,phases      ] GC(1022)   Merge Heap Roots: 0.53ms
[3973.987s][info][gc,phases      ] GC(1022)   Evacuate Collection Set: 117.75ms
[3973.987s][info][gc,phases      ] GC(1022)   Post Evacuate Collection Set: 0.88ms
[3973.987s][info][gc,phases      ] GC(1022)   Other: 0.10ms
[3973.987s][info][gc,heap        ] GC(1022) Eden regions: 1116->0(1118)
[3973.987s][info][gc,heap        ] GC(1022) Survivor regions: 112->110(154)
[3973.987s][info][gc,heap        ] GC(1022) Old regions: 472->504
[3973.987s][info][gc,heap        ] GC(1022) Humongous regions: 80->80
[3973.987s][info][gc,metaspace   ] GC(1022) Metaspace: 28876K(29248K)->28876K(29248K) NonClass: 24008K(24192K)->24008K(24192K) Class: 4868K(5056K)->4868K(5056K)
[3973.987s][info][gc             ] GC(1022) Pause Young (Concurrent Start) (G1 Evacuation Pause) 3557M->1387M(4096M) 119.738ms
[3973.987s][info][gc             ] GC(1023) Concurrent Mark Cycle
[3973.987s][info][gc,marking     ] GC(1023) Concurrent Scan Root Regions
[3973.987s][info][gc,cpu         ] GC(1022) User=0.72s Sys=0.00s Real=0.11s
[3974.141s][info][gc,marking     ] GC(1023) Concurrent Scan Root Regions 153.559ms
[3974.141s][info][gc,marking     ] GC(1023) Concurrent Mark
[3974.141s][info][gc,marking     ] GC(1023) Concurrent Mark From Roots
[3974.141s][info][gc,task        ] GC(1023) Using 2 workers of 2 for marking
.[3974.908s][info][gc,marking     ] GC(1023) Concurrent Mark From Roots 766.885ms
[3974.908s][info][gc,marking     ] GC(1023) Concurrent Preclean
[3974.908s][info][gc,marking     ] GC(1023) Concurrent Preclean 0.072ms
[3974.909s][info][gc,start       ] GC(1023) Pause Remark
[3974.913s][info][gc             ] GC(1023) Pause Remark 2221M->2221M(4096M) 3.489ms
[3974.913s][info][gc,cpu         ] GC(1023) User=0.01s Sys=0.01s Real=0.00s
[3974.913s][info][gc,marking     ] GC(1023) Concurrent Mark 772.506ms
[3974.913s][info][gc,marking     ] GC(1023) Concurrent Rebuild Remembered Sets and Scrub Regions
[3975.168s][info][gc,marking     ] GC(1023) Concurrent Rebuild Remembered Sets and Scrub Regions 255.031ms
[3975.169s][info][gc,start       ] GC(1023) Pause Cleanup
[3975.169s][info][gc             ] GC(1023) Pause Cleanup 2428M->2428M(4096M) 0.120ms
[3975.169s][info][gc,cpu         ] GC(1023) User=0.00s Sys=0.00s Real=0.00s
[3975.169s][info][gc,marking     ] GC(1023) Concurrent Clear Claimed Marks
[3975.169s][info][gc,marking     ] GC(1023) Concurrent Clear Claimed Marks 0.028ms
[3975.169s][info][gc,marking     ] GC(1023) Concurrent Cleanup for Next Mark
[3975.172s][info][gc,marking     ] GC(1023) Concurrent Cleanup for Next Mark 3.665ms
[3975.173s][info][gc             ] GC(1023) Concurrent Mark Cycle 1185.294ms
.[3976.547s][info][gc,start       ] GC(1024) Pause Young (Prepare Mixed) (G1 Evacuation Pause)
[3976.547s][info][gc,task        ] GC(1024) Using 6 workers of 6 for evacuation
[3976.664s][info][gc,phases      ] GC(1024)   Pre Evacuate Collection Set: 0.30ms
[3976.664s][info][gc,phases      ] GC(1024)   Merge Heap Roots: 0.47ms
[3976.664s][info][gc,phases      ] GC(1024)   Evacuate Collection Set: 115.95ms
[3976.664s][info][gc,phases      ] GC(1024)   Post Evacuate Collection Set: 0.84ms
[3976.664s][info][gc,phases      ] GC(1024)   Other: 0.08ms
[3976.664s][info][gc,heap        ] GC(1024) Eden regions: 1118->0(1107)
[3976.664s][info][gc,heap        ] GC(1024) Survivor regions: 110->111(154)
[3976.664s][info][gc,heap        ] GC(1024) Old regions: 504->536
[3976.664s][info][gc,heap        ] GC(1024) Humongous regions: 80->80
[3976.664s][info][gc,metaspace   ] GC(1024) Metaspace: 28876K(29248K)->28876K(29248K) NonClass: 24008K(24192K)->24008K(24192K) Class: 4868K(5056K)->4868K(5056K)
[3976.665s][info][gc             ] GC(1024) Pause Young (Prepare Mixed) (G1 Evacuation Pause) 3623M->1452M(4096M) 117.760ms
[3976.665s][info][gc,cpu         ] GC(1024) User=0.70s Sys=0.00s Real=0.12s
...[3979.217s][info][gc,start       ] GC(1025) Pause Young (Mixed) (G1 Evacuation Pause)
[3979.217s][info][gc,task        ] GC(1025) Using 6 workers of 6 for evacuation
[3979.353s][info][gc,phases      ] GC(1025)   Pre Evacuate Collection Set: 0.36ms
[3979.353s][info][gc,phases      ] GC(1025)   Merge Heap Roots: 0.71ms
[3979.353s][info][gc,phases      ] GC(1025)   Evacuate Collection Set: 133.93ms
[3979.353s][info][gc,phases      ] GC(1025)   Post Evacuate Collection Set: 0.93ms
[3979.353s][info][gc,phases      ] GC(1025)   Other: 0.08ms
[3979.353s][info][gc,heap        ] GC(1025) Eden regions: 1107->0(1118)
[3979.353s][info][gc,heap        ] GC(1025) Survivor regions: 111->110(153)
[3979.353s][info][gc,heap        ] GC(1025) Old regions: 536->473
[3979.353s][info][gc,heap        ] GC(1025) Humongous regions: 80->80
[3979.353s][info][gc,metaspace   ] GC(1025) Metaspace: 28876K(29248K)->28876K(29248K) NonClass: 24008K(24192K)->24008K(24192K) Class: 4868K(5056K)->4868K(5056K)
[3979.353s][info][gc             ] GC(1025) Pause Young (Mixed) (G1 Evacuation Pause) 3666M->1323M(4096M) 136.145ms
[3979.353s][info][gc,cpu         ] GC(1025) User=0.81s Sys=0.00s Real=0.14s
...[3981.857s][info][gc,start       ] GC(1026) Pause Young (Concurrent Start) (G1 Evacuation Pause)
[3981.857s][info][gc,task        ] GC(1026) Using 6 workers of 6 for evacuation
[3981.973s][info][gc,phases      ] GC(1026)   Pre Evacuate Collection Set: 0.36ms
[3981.973s][info][gc,phases      ] GC(1026)   Merge Heap Roots: 0.47ms
[3981.973s][info][gc,phases      ] GC(1026)   Evacuate Collection Set: 114.44ms
[3981.973s][info][gc,phases      ] GC(1026)   Post Evacuate Collection Set: 0.87ms
[3981.973s][info][gc,phases      ] GC(1026)   Other: 0.11ms
[3981.973s][info][gc,heap        ] GC(1026) Eden regions: 1118->0(1118)
[3981.973s][info][gc,heap        ] GC(1026) Survivor regions: 110->110(154)
[3981.973s][info][gc,heap        ] GC(1026) Old regions: 473->505
[3981.973s][info][gc,heap        ] GC(1026) Humongous regions: 80->80
[3981.973s][info][gc,metaspace   ] GC(1026) Metaspace: 28876K(29248K)->28876K(29248K) NonClass: 24008K(24192K)->24008K(24192K) Class: 4868K(5056K)->4868K(5056K)
[3981.973s][info][gc             ] GC(1026) Pause Young (Concurrent Start) (G1 Evacuation Pause) 3559M->1388M(4096M) 116.394ms
[3981.973s][info][gc             ] GC(1027) Concurrent Mark Cycle
[3981.973s][info][gc,marking     ] GC(1027) Concurrent Scan Root Regions
[3981.973s][info][gc,cpu         ] GC(1026) User=0.69s Sys=0.00s Real=0.12s
[3982.113s][info][gc,marking     ] GC(1027) Concurrent Scan Root Regions 140.012ms
[3982.114s][info][gc,marking     ] GC(1027) Concurrent Mark
[3982.114s][info][gc,marking     ] GC(1027) Concurrent Mark From Roots
[3982.114s][info][gc,task        ] GC(1027) Using 2 workers of 2 for marking
[3982.686s][info][gc,marking     ] GC(1027) Concurrent Mark From Roots 572.316ms
[3982.686s][info][gc,marking     ] GC(1027) Concurrent Preclean
[3982.686s][info][gc,marking     ] GC(1027) Concurrent Preclean 0.097ms
[3982.688s][info][gc,start       ] GC(1027) Pause Remark
[3982.691s][info][gc             ] GC(1027) Pause Remark 1990M->1990M(4096M) 3.141ms
[3982.691s][info][gc,cpu         ] GC(1027) User=0.02s Sys=0.00s Real=0.00s
[3982.692s][info][gc,marking     ] GC(1027) Concurrent Mark 578.045ms
[3982.692s][info][gc,marking     ] GC(1027) Concurrent Rebuild Remembered Sets and Scrub Regions
.[3982.955s][info][gc,marking     ] GC(1027) Concurrent Rebuild Remembered Sets and Scrub Regions 262.971ms
[3982.955s][info][gc,start       ] GC(1027) Pause Cleanup
[3982.955s][info][gc             ] GC(1027) Pause Cleanup 2239M->2239M(4096M) 0.105ms
[3982.955s][info][gc,cpu         ] GC(1027) User=0.00s Sys=0.00s Real=0.00s
[3982.955s][info][gc,marking     ] GC(1027) Concurrent Clear Claimed Marks
[3982.955s][info][gc,marking     ] GC(1027) Concurrent Clear Claimed Marks 0.022ms
[3982.955s][info][gc,marking     ] GC(1027) Concurrent Cleanup for Next Mark
[3982.960s][info][gc,marking     ] GC(1027) Concurrent Cleanup for Next Mark 5.483ms
[3982.960s][info][gc             ] GC(1027) Concurrent Mark Cycle 986.992ms
. (rIR:aIR:PR = 7057:7048:7048) (tPR = 105154) [OK] 
  3983s: Performance info:
         Transaction,    Success,    Partial,     Failed,   Receipts, AvgBarcode, 
             Overall,     425826,          0,          0,     404465,      59.48, 
         Response times:
             Request,    Success,    Partial,     Failed,   SkipFail,     Probes,    Samples,      min,      p50,      p90,      p95,      p99,      max, 
       TotalPurchase,     404458,          0,          0,          0,     359454,     407244,      300,     5900,    42000,    74000,   132000,   302000,
     InStorePurchase,     212451,          0,          0,          0,     189212,     214113,      300,     5800,    42000,    74000,   132000,   302000,
      OnlinePurchase,     149241,          0,          0,          0,     132444,     150106,      300,     6000,    43000,    74000,   133000,   279000,
        InstPurchase,      42766,          0,          0,          0,      37798,      43025,      400,     5700,    41000,    71000,   129000,   258000,
          AssocOfCat,        424,          0,          0,          0,        329,        435,    22000,    39000,    90400,   136400,   186000,   247000,
      AssocOfProduct,       4284,          0,          0,          0,       4001,       4729,      900,     5700,    40000,    70000,   128000,   252000,
      BusinessReport,       1068,          0,          0,          0,        945,       1195,    27000,    46000,   112000,   161000,   207160,   339000,
          CustBuyBeh,       4269,          0,          0,          0,       3958,       4643,      200,     6100,    43600,    77000,   135000,   231000,
       ProductReturn,      11336,          0,          0,          0,       9546,      10950,      200,     6600,    48000,    78000,   134000,   258000,

  3983s: (52%)   IR =   7195 [3984.608s][info][gc,start       ] GC(1028) Pause Young (Prepare Mixed) (G1 Evacuation Pause)
[3984.608s][info][gc,task        ] GC(1028) Using 6 workers of 6 for evacuation
[3984.726s][info][gc,phases      ] GC(1028)   Pre Evacuate Collection Set: 0.30ms
[3984.726s][info][gc,phases      ] GC(1028)   Merge Heap Roots: 0.49ms
[3984.726s][info][gc,phases      ] GC(1028)   Evacuate Collection Set: 116.52ms
[3984.726s][info][gc,phases      ] GC(1028)   Post Evacuate Collection Set: 0.93ms
[3984.726s][info][gc,phases      ] GC(1028)   Other: 0.08ms
[3984.726s][info][gc,heap        ] GC(1028) Eden regions: 1118->0(1105)
[3984.726s][info][gc,heap        ] GC(1028) Survivor regions: 110->112(154)
[3984.726s][info][gc,heap        ] GC(1028) Old regions: 505->536
[3984.726s][info][gc,heap        ] GC(1028) Humongous regions: 80->80
[3984.726s][info][gc,metaspace   ] GC(1028) Metaspace: 28876K(29248K)->28876K(29248K) NonClass: 24008K(24192K)->24008K(24192K) Class: 4868K(5056K)->4868K(5056K)
[3984.726s][info][gc             ] GC(1028) Pause Young (Prepare Mixed) (G1 Evacuation Pause) 3624M->1454M(4096M) 118.453ms
[3984.726s][info][gc,cpu         ] GC(1028) User=0.70s Sys=0.00s Real=0.11s
...[3987.224s][info][gc,start       ] GC(1029) Pause Young (Mixed) (G1 Evacuation Pause)
[3987.224s][info][gc,task        ] GC(1029) Using 6 workers of 6 for evacuation
[3987.358s][info][gc,phases      ] GC(1029)   Pre Evacuate Collection Set: 0.38ms
[3987.358s][info][gc,phases      ] GC(1029)   Merge Heap Roots: 0.67ms
[3987.358s][info][gc,phases      ] GC(1029)   Evacuate Collection Set: 131.68ms
[3987.358s][info][gc,phases      ] GC(1029)   Post Evacuate Collection Set: 0.92ms
[3987.358s][info][gc,phases      ] GC(1029)   Other: 0.09ms
[3987.358s][info][gc,heap        ] GC(1029) Eden regions: 1105->0(1117)
[3987.358s][info][gc,heap        ] GC(1029) Survivor regions: 112->111(153)
[3987.358s][info][gc,heap        ] GC(1029) Old regions: 536->472
[3987.358s][info][gc,heap        ] GC(1029) Humongous regions: 80->80
[3987.358s][info][gc,metaspace   ] GC(1029) Metaspace: 28876K(29248K)->28876K(29248K) NonClass: 24008K(24192K)->24008K(24192K) Class: 4868K(5056K)->4868K(5056K)
[3987.358s][info][gc             ] GC(1029) Pause Young (Mixed) (G1 Evacuation Pause) 3664M->1325M(4096M) 133.873ms
[3987.358s][info][gc,cpu         ] GC(1029) User=0.80s Sys=0.00s Real=0.14s
..[3989.874s][info][gc,start       ] GC(1030) Pause Young (Concurrent Start) (G1 Evacuation Pause)
[3989.874s][info][gc,task        ] GC(1030) Using 6 workers of 6 for evacuation
[3989.992s][info][gc,phases      ] GC(1030)   Pre Evacuate Collection Set: 0.38ms
[3989.992s][info][gc,phases      ] GC(1030)   Merge Heap Roots: 0.43ms
[3989.992s][info][gc,phases      ] GC(1030)   Evacuate Collection Set: 115.49ms
[3989.992s][info][gc,phases      ] GC(1030)   Post Evacuate Collection Set: 0.88ms
[3989.992s][info][gc,phases      ] GC(1030)   Other: 0.10ms
[3989.992s][info][gc,heap        ] GC(1030) Eden regions: 1117->0(1119)
[3989.992s][info][gc,heap        ] GC(1030) Survivor regions: 111->109(154)
[3989.992s][info][gc,heap        ] GC(1030) Old regions: 472->505
[3989.992s][info][gc,heap        ] GC(1030) Humongous regions: 80->80
[3989.992s][info][gc,metaspace   ] GC(1030) Metaspace: 28876K(29248K)->28876K(29248K) NonClass: 24008K(24192K)->24008K(24192K) Class: 4868K(5056K)->4868K(5056K)
[3989.992s][info][gc             ] GC(1030) Pause Young (Concurrent Start) (G1 Evacuation Pause) 3559M->1385M(4096M) 117.410ms
[3989.992s][info][gc             ] GC(1031) Concurrent Mark Cycle
[3989.992s][info][gc,marking     ] GC(1031) Concurrent Scan Root Regions
[3989.992s][info][gc,cpu         ] GC(1030) User=0.70s Sys=0.00s Real=0.12s
.[3990.161s][info][gc,marking     ] GC(1031) Concurrent Scan Root Regions 169.013ms
[3990.161s][info][gc,marking     ] GC(1031) Concurrent Mark
[3990.161s][info][gc,marking     ] GC(1031) Concurrent Mark From Roots
[3990.161s][info][gc,task        ] GC(1031) Using 2 workers of 2 for marking
[3990.865s][info][gc,marking     ] GC(1031) Concurrent Mark From Roots 704.363ms
[3990.865s][info][gc,marking     ] GC(1031) Concurrent Preclean
[3990.865s][info][gc,marking     ] GC(1031) Concurrent Preclean 0.103ms
[3990.865s][info][gc,start       ] GC(1031) Pause Remark
[3990.869s][info][gc             ] GC(1031) Pause Remark 2115M->2115M(4096M) 3.385ms
[3990.869s][info][gc,cpu         ] GC(1031) User=0.02s Sys=0.00s Real=0.01s
[3990.870s][info][gc,marking     ] GC(1031) Concurrent Mark 709.663ms
[3990.870s][info][gc,marking     ] GC(1031) Concurrent Rebuild Remembered Sets and Scrub Regions
.[3991.138s][info][gc,marking     ] GC(1031) Concurrent Rebuild Remembered Sets and Scrub Regions 267.281ms
[3991.138s][info][gc,start       ] GC(1031) Pause Cleanup
[3991.138s][info][gc             ] GC(1031) Pause Cleanup 2404M->2404M(4096M) 0.115ms
[3991.138s][info][gc,cpu         ] GC(1031) User=0.00s Sys=0.00s Real=0.00s
[3991.138s][info][gc,marking     ] GC(1031) Concurrent Clear Claimed Marks
[3991.138s][info][gc,marking     ] GC(1031) Concurrent Clear Claimed Marks 0.025ms
[3991.138s][info][gc,marking     ] GC(1031) Concurrent Cleanup for Next Mark
[3991.143s][info][gc,marking     ] GC(1031) Concurrent Cleanup for Next Mark 4.873ms
[3991.143s][info][gc             ] GC(1031) Concurrent Mark Cycle 1151.410ms
.[3992.441s][info][gc,start       ] GC(1032) Pause Young (Prepare Mixed) (G1 Evacuation Pause)
[3992.441s][info][gc,task        ] GC(1032) Using 6 workers of 6 for evacuation
[3992.559s][info][gc,phases      ] GC(1032)   Pre Evacuate Collection Set: 0.31ms
[3992.559s][info][gc,phases      ] GC(1032)   Merge Heap Roots: 0.58ms
[3992.559s][info][gc,phases      ] GC(1032)   Evacuate Collection Set: 116.49ms
[3992.559s][info][gc,phases      ] GC(1032)   Post Evacuate Collection Set: 0.90ms
[3992.559s][info][gc,phases      ] GC(1032)   Other: 0.09ms
[3992.559s][info][gc,heap        ] GC(1032) Eden regions: 1119->0(1106)
[3992.559s][info][gc,heap        ] GC(1032) Survivor regions: 109->111(154)
[3992.559s][info][gc,heap        ] GC(1032) Old regions: 505->537
[3992.559s][info][gc,heap        ] GC(1032) Humongous regions: 80->80
[3992.559s][info][gc,metaspace   ] GC(1032) Metaspace: 28876K(29248K)->28876K(29248K) NonClass: 24008K(24192K)->24008K(24192K) Class: 4868K(5056K)->4868K(5056K)
[3992.559s][info][gc             ] GC(1032) Pause Young (Prepare Mixed) (G1 Evacuation Pause) 3623M->1453M(4096M) 118.509ms
[3992.560s][info][gc,cpu         ] GC(1032) User=0.71s Sys=0.00s Real=0.12s
..|.[3995.145s][info][gc,start       ] GC(1033) Pause Young (Mixed) (G1 Evacuation Pause)
[3995.146s][info][gc,task        ] GC(1033) Using 6 workers of 6 for evacuation
[3995.282s][info][gc,phases      ] GC(1033)   Pre Evacuate Collection Set: 0.36ms
[3995.282s][info][gc,phases      ] GC(1033)   Merge Heap Roots: 0.65ms
[3995.282s][info][gc,phases      ] GC(1033)   Evacuate Collection Set: 133.96ms
[3995.282s][info][gc,phases      ] GC(1033)   Post Evacuate Collection Set: 0.98ms
[3995.282s][info][gc,phases      ] GC(1033)   Other: 0.09ms
[3995.282s][info][gc,heap        ] GC(1033) Eden regions: 1106->0(1116)
[3995.282s][info][gc,heap        ] GC(1033) Survivor regions: 111->112(153)
[3995.282s][info][gc,heap        ] GC(1033) Old regions: 537->473
[3995.282s][info][gc,heap        ] GC(1033) Humongous regions: 80->80
[3995.282s][info][gc,metaspace   ] GC(1033) Metaspace: 28876K(29248K)->28876K(29248K) NonClass: 24008K(24192K)->24008K(24192K) Class: 4868K(5056K)->4868K(5056K)
[3995.282s][info][gc             ] GC(1033) Pause Young (Mixed) (G1 Evacuation Pause) 3665M->1328M(4096M) 136.172ms
[3995.282s][info][gc,cpu         ] GC(1033) User=0.81s Sys=0.00s Real=0.14s
..[3997.719s][info][gc,start       ] GC(1034) Pause Young (Concurrent Start) (G1 Evacuation Pause)
[3997.719s][info][gc,task        ] GC(1034) Using 6 workers of 6 for evacuation
[3997.833s][info][gc,phases      ] GC(1034)   Pre Evacuate Collection Set: 0.39ms
[3997.833s][info][gc,phases      ] GC(1034)   Merge Heap Roots: 0.48ms
[3997.833s][info][gc,phases      ] GC(1034)   Evacuate Collection Set: 112.32ms
[3997.833s][info][gc,phases      ] GC(1034)   Post Evacuate Collection Set: 0.87ms
[3997.833s][info][gc,phases      ] GC(1034)   Other: 0.11ms
[3997.833s][info][gc,heap        ] GC(1034) Eden regions: 1116->0(1121)
[3997.833s][info][gc,heap        ] GC(1034) Survivor regions: 112->107(154)
[3997.833s][info][gc,heap        ] GC(1034) Old regions: 473->504
[3997.833s][info][gc,heap        ] GC(1034) Humongous regions: 80->80
[3997.833s][info][gc,metaspace   ] GC(1034) Metaspace: 28876K(29248K)->28876K(29248K) NonClass: 24008K(24192K)->24008K(24192K) Class: 4868K(5056K)->4868K(5056K)
[3997.833s][info][gc             ] GC(1034) Pause Young (Concurrent Start) (G1 Evacuation Pause) 3560M->1380M(4096M) 114.296ms
[3997.833s][info][gc             ] GC(1035) Concurrent Mark Cycle
[3997.833s][info][gc,marking     ] GC(1035) Concurrent Scan Root Regions
[3997.833s][info][gc,cpu         ] GC(1034) User=0.68s Sys=0.00s Real=0.11s
[3997.986s][info][gc,marking     ] GC(1035) Concurrent Scan Root Regions 152.748ms
[3997.986s][info][gc,marking     ] GC(1035) Concurrent Mark
[3997.986s][info][gc,marking     ] GC(1035) Concurrent Mark From Roots
[3997.986s][info][gc,task        ] GC(1035) Using 2 workers of 2 for marking
.[3998.958s][info][gc,marking     ] GC(1035) Concurrent Mark From Roots 971.723ms
[3998.958s][info][gc,marking     ] GC(1035) Concurrent Preclean
[3998.958s][info][gc,marking     ] GC(1035) Concurrent Preclean 0.126ms
[3998.959s][info][gc,start       ] GC(1035) Pause Remark
[3998.964s][info][gc             ] GC(1035) Pause Remark 2408M->2408M(4096M) 4.357ms
[3998.964s][info][gc,cpu         ] GC(1035) User=0.02s Sys=0.00s Real=0.00s
[3998.964s][info][gc,marking     ] GC(1035) Concurrent Mark 977.406ms
[3998.964s][info][gc,marking     ] GC(1035) Concurrent Rebuild Remembered Sets and Scrub Regions
.[3999.245s][info][gc,marking     ] GC(1035) Concurrent Rebuild Remembered Sets and Scrub Regions 281.139ms
[3999.245s][info][gc,start       ] GC(1035) Pause Cleanup
[3999.245s][info][gc             ] GC(1035) Pause Cleanup 2653M->2653M(4096M) 0.103ms
[3999.245s][info][gc,cpu         ] GC(1035) User=0.00s Sys=0.00s Real=0.00s
[3999.245s][info][gc,marking     ] GC(1035) Concurrent Clear Claimed Marks
[3999.245s][info][gc,marking     ] GC(1035) Concurrent Clear Claimed Marks 0.039ms
[3999.245s][info][gc,marking     ] GC(1035) Concurrent Cleanup for Next Mark
[3999.250s][info][gc,marking     ] GC(1035) Concurrent Cleanup for Next Mark 5.194ms
[3999.250s][info][gc             ] GC(1035) Concurrent Mark Cycle 1416.989ms
.[4000.389s][info][gc,start       ] GC(1036) Pause Young (Prepare Mixed) (G1 Evacuation Pause)
[4000.389s][info][gc,task        ] GC(1036) Using 6 workers of 6 for evacuation
[4000.509s][info][gc,phases      ] GC(1036)   Pre Evacuate Collection Set: 0.32ms
[4000.509s][info][gc,phases      ] GC(1036)   Merge Heap Roots: 0.48ms
[4000.509s][info][gc,phases      ] GC(1036)   Evacuate Collection Set: 118.76ms
[4000.509s][info][gc,phases      ] GC(1036)   Post Evacuate Collection Set: 0.88ms
[4000.509s][info][gc,phases      ] GC(1036)   Other: 0.08ms
[4000.509s][info][gc,heap        ] GC(1036) Eden regions: 1121->0(1103)
[4000.509s][info][gc,heap        ] GC(1036) Survivor regions: 107->113(154)
[4000.509s][info][gc,heap        ] GC(1036) Old regions: 504->536
[4000.509s][info][gc,heap        ] GC(1036) Humongous regions: 80->80
[4000.509s][info][gc,metaspace   ] GC(1036) Metaspace: 28876K(29248K)->28876K(29248K) NonClass: 24008K(24192K)->24008K(24192K) Class: 4868K(5056K)->4868K(5056K)
[4000.510s][info][gc             ] GC(1036) Pause Young (Prepare Mixed) (G1 Evacuation Pause) 3622M->1457M(4096M) 120.660ms
[4000.510s][info][gc,cpu         ] GC(1036) User=0.72s Sys=0.00s Real=0.12s
..[4002.971s][info][gc,start       ] GC(1037) Pause Young (Mixed) (G1 Evacuation Pause)
[4002.971s][info][gc,task        ] GC(1037) Using 6 workers of 6 for evacuation
[4003.111s][info][gc,phases      ] GC(1037)   Pre Evacuate Collection Set: 0.35ms
[4003.111s][info][gc,phases      ] GC(1037)   Merge Heap Roots: 0.86ms
[4003.111s][info][gc,phases      ] GC(1037)   Evacuate Collection Set: 138.40ms
[4003.111s][info][gc,phases      ] GC(1037)   Post Evacuate Collection Set: 0.91ms
[4003.111s][info][gc,phases      ] GC(1037)   Other: 0.09ms
[4003.111s][info][gc,heap        ] GC(1037) Eden regions: 1103->0(1115)
[4003.111s][info][gc,heap        ] GC(1037) Survivor regions: 113->113(152)
[4003.111s][info][gc,heap        ] GC(1037) Old regions: 536->473
[4003.111s][info][gc,heap        ] GC(1037) Humongous regions: 80->80
[4003.112s][info][gc,metaspace   ] GC(1037) Metaspace: 28876K(29248K)->28876K(29248K) NonClass: 24008K(24192K)->24008K(24192K) Class: 4868K(5056K)->4868K(5056K)
[4003.112s][info][gc             ] GC(1037) Pause Young (Mixed) (G1 Evacuation Pause) 3663M->1330M(4096M) 140.720ms
[4003.112s][info][gc,cpu         ] GC(1037) User=0.84s Sys=0.00s Real=0.14s
...[4005.561s][info][gc,start       ] GC(1038) Pause Young (Concurrent Start) (G1 Evacuation Pause)
[4005.561s][info][gc,task        ] GC(1038) Using 6 workers of 6 for evacuation
[4005.681s][info][gc,phases      ] GC(1038)   Pre Evacuate Collection Set: 0.34ms
[4005.681s][info][gc,phases      ] GC(1038)   Merge Heap Roots: 0.45ms
[4005.681s][info][gc,phases      ] GC(1038)   Evacuate Collection Set: 117.78ms
[4005.681s][info][gc,phases      ] GC(1038)   Post Evacuate Collection Set: 0.88ms
[4005.681s][info][gc,phases      ] GC(1038)   Other: 0.12ms
[4005.681s][info][gc,heap        ] GC(1038) Eden regions: 1115->0(1115)
[4005.681s][info][gc,heap        ] GC(1038) Survivor regions: 113->113(154)
[4005.681s][info][gc,heap        ] GC(1038) Old regions: 473->507
[4005.681s][info][gc,heap        ] GC(1038) Humongous regions: 80->80
[4005.681s][info][gc,metaspace   ] GC(1038) Metaspace: 28876K(29248K)->28876K(29248K) NonClass: 24008K(24192K)->24008K(24192K) Class: 4868K(5056K)->4868K(5056K)
[4005.681s][info][gc             ] GC(1038) Pause Young (Concurrent Start) (G1 Evacuation Pause) 3560M->1397M(4096M) 119.720ms
[4005.681s][info][gc             ] GC(1039) Concurrent Mark Cycle
[4005.681s][info][gc,marking     ] GC(1039) Concurrent Scan Root Regions
[4005.681s][info][gc,cpu         ] GC(1038) User=0.72s Sys=0.00s Real=0.12s
[4005.826s][info][gc,marking     ] GC(1039) Concurrent Scan Root Regions 144.639ms
[4005.826s][info][gc,marking     ] GC(1039) Concurrent Mark
[4005.826s][info][gc,marking     ] GC(1039) Concurrent Mark From Roots
[4005.826s][info][gc,task        ] GC(1039) Using 2 workers of 2 for marking
.[4006.527s][info][gc,marking     ] GC(1039) Concurrent Mark From Roots 701.728ms
[4006.527s][info][gc,marking     ] GC(1039) Concurrent Preclean
[4006.528s][info][gc,marking     ] GC(1039) Concurrent Preclean 0.108ms
[4006.528s][info][gc,start       ] GC(1039) Pause Remark
[4006.530s][info][gc             ] GC(1039) Pause Remark 2124M->2124M(4096M) 2.490ms
[4006.530s][info][gc,cpu         ] GC(1039) User=0.01s Sys=0.00s Real=0.00s
[4006.530s][info][gc,marking     ] GC(1039) Concurrent Mark 704.610ms
[4006.530s][info][gc,marking     ] GC(1039) Concurrent Rebuild Remembered Sets and Scrub Regions
[4006.840s][info][gc,marking     ] GC(1039) Concurrent Rebuild Remembered Sets and Scrub Regions 309.683ms
[4006.840s][info][gc,start       ] GC(1039) Pause Cleanup
[4006.840s][info][gc             ] GC(1039) Pause Cleanup 2402M->2402M(4096M) 0.125ms
[4006.840s][info][gc,cpu         ] GC(1039) User=0.00s Sys=0.00s Real=0.00s
[4006.841s][info][gc,marking     ] GC(1039) Concurrent Clear Claimed Marks
[4006.841s][info][gc,marking     ] GC(1039) Concurrent Clear Claimed Marks 0.030ms
[4006.841s][info][gc,marking     ] GC(1039) Concurrent Cleanup for Next Mark
[4006.845s][info][gc,marking     ] GC(1039) Concurrent Cleanup for Next Mark 4.528ms
[4006.845s][info][gc             ] GC(1039) Concurrent Mark Cycle 1164.366ms
.[4008.153s][info][gc,start       ] GC(1040) Pause Young (Prepare Mixed) (G1 Evacuation Pause)
[4008.153s][info][gc,task        ] GC(1040) Using 6 workers of 6 for evacuation
[4008.272s][info][gc,phases      ] GC(1040)   Pre Evacuate Collection Set: 0.34ms
[4008.272s][info][gc,phases      ] GC(1040)   Merge Heap Roots: 0.53ms
[4008.272s][info][gc,phases      ] GC(1040)   Evacuate Collection Set: 116.64ms
[4008.272s][info][gc,phases      ] GC(1040)   Post Evacuate Collection Set: 0.93ms
[4008.272s][info][gc,phases      ] GC(1040)   Other: 0.08ms
[4008.272s][info][gc,heap        ] GC(1040) Eden regions: 1115->0(1104)
[4008.272s][info][gc,heap        ] GC(1040) Survivor regions: 113->111(154)
[4008.272s][info][gc,heap        ] GC(1040) Old regions: 507->539
[4008.272s][info][gc,heap        ] GC(1040) Humongous regions: 80->80
[4008.272s][info][gc,metaspace   ] GC(1040) Metaspace: 28876K(29248K)->28876K(29248K) NonClass: 24008K(24192K)->24008K(24192K) Class: 4868K(5056K)->4868K(5056K)
[4008.272s][info][gc             ] GC(1040) Pause Young (Prepare Mixed) (G1 Evacuation Pause) 3627M->1458M(4096M) 118.669ms
[4008.272s][info][gc,cpu         ] GC(1040) User=0.70s Sys=0.00s Real=0.12s
...[4010.738s][info][gc,start       ] GC(1041) Pause Young (Mixed) (G1 Evacuation Pause)
[4010.738s][info][gc,task        ] GC(1041) Using 6 workers of 6 for evacuation
[4010.874s][info][gc,phases      ] GC(1041)   Pre Evacuate Collection Set: 0.37ms
[4010.874s][info][gc,phases      ] GC(1041)   Merge Heap Roots: 0.63ms
[4010.874s][info][gc,phases      ] GC(1041)   Evacuate Collection Set: 134.10ms
[4010.874s][info][gc,phases      ] GC(1041)   Post Evacuate Collection Set: 0.93ms
[4010.874s][info][gc,phases      ] GC(1041)   Other: 0.10ms
[4010.874s][info][gc,heap        ] GC(1041) Eden regions: 1104->0(1116)
[4010.874s][info][gc,heap        ] GC(1041) Survivor regions: 111->112(152)
[4010.874s][info][gc,heap        ] GC(1041) Old regions: 539->475
[4010.874s][info][gc,heap        ] GC(1041) Humongous regions: 80->80
[4010.874s][info][gc,metaspace   ] GC(1041) Metaspace: 28876K(29248K)->28876K(29248K) NonClass: 24008K(24192K)->24008K(24192K) Class: 4868K(5056K)->4868K(5056K)
[4010.874s][info][gc             ] GC(1041) Pause Young (Mixed) (G1 Evacuation Pause) 3666M->1332M(4096M) 136.242ms
[4010.874s][info][gc,cpu         ] GC(1041) User=0.82s Sys=0.00s Real=0.13s
...[4013.355s][info][gc,start       ] GC(1042) Pause Young (Concurrent Start) (G1 Evacuation Pause)
[4013.355s][info][gc,task        ] GC(1042) Using 6 workers of 6 for evacuation
[4013.477s][info][gc,phases      ] GC(1042)   Pre Evacuate Collection Set: 0.35ms
[4013.477s][info][gc,phases      ] GC(1042)   Merge Heap Roots: 0.49ms
[4013.477s][info][gc,phases      ] GC(1042)   Evacuate Collection Set: 120.26ms
[4013.477s][info][gc,phases      ] GC(1042)   Post Evacuate Collection Set: 0.87ms
[4013.477s][info][gc,phases      ] GC(1042)   Other: 0.12ms
[4013.477s][info][gc,heap        ] GC(1042) Eden regions: 1116->0(1114)
[4013.477s][info][gc,heap        ] GC(1042) Survivor regions: 112->114(154)
[4013.477s][info][gc,heap        ] GC(1042) Old regions: 475->507
[4013.477s][info][gc,heap        ] GC(1042) Humongous regions: 80->80
[4013.477s][info][gc,metaspace   ] GC(1042) Metaspace: 28876K(29248K)->28876K(29248K) NonClass: 24008K(24192K)->24008K(24192K) Class: 4868K(5056K)->4868K(5056K)
[4013.477s][info][gc             ] GC(1042) Pause Young (Concurrent Start) (G1 Evacuation Pause) 3564M->1399M(4096M) 122.219ms
[4013.478s][info][gc             ] GC(1043) Concurrent Mark Cycle
[4013.478s][info][gc,marking     ] GC(1043) Concurrent Scan Root Regions
[4013.478s][info][gc,cpu         ] GC(1042) User=0.73s Sys=0.00s Real=0.13s
[4013.665s][info][gc,marking     ] GC(1043) Concurrent Scan Root Regions 187.191ms
[4013.665s][info][gc,marking     ] GC(1043) Concurrent Mark
[4013.665s][info][gc,marking     ] GC(1043) Concurrent Mark From Roots
[4013.665s][info][gc,task        ] GC(1043) Using 2 workers of 2 for marking
.[4014.608s][info][gc,marking     ] GC(1043) Concurrent Mark From Roots 943.282ms
[4014.608s][info][gc,marking     ] GC(1043) Concurrent Preclean
[4014.608s][info][gc,marking     ] GC(1043) Concurrent Preclean 0.105ms
[4014.608s][info][gc,start       ] GC(1043) Pause Remark
[4014.613s][info][gc             ] GC(1043) Pause Remark 2415M->2415M(4096M) 4.654ms
[4014.613s][info][gc,cpu         ] GC(1043) User=0.03s Sys=0.00s Real=0.00s
[4014.613s][info][gc,marking     ] GC(1043) Concurrent Mark 948.395ms
[4014.613s][info][gc,marking     ] GC(1043) Concurrent Rebuild Remembered Sets and Scrub Regions
[4014.972s][info][gc,marking     ] GC(1043) Concurrent Rebuild Remembered Sets and Scrub Regions 358.703ms
[4014.972s][info][gc,start       ] GC(1043) Pause Cleanup
[4014.972s][info][gc             ] GC(1043) Pause Cleanup 2737M->2737M(4096M) 0.114ms
[4014.972s][info][gc,cpu         ] GC(1043) User=0.00s Sys=0.00s Real=0.00s
[4014.972s][info][gc,marking     ] GC(1043) Concurrent Clear Claimed Marks
[4014.972s][info][gc,marking     ] GC(1043) Concurrent Clear Claimed Marks 0.038ms
[4014.972s][info][gc,marking     ] GC(1043) Concurrent Cleanup for Next Mark
[4014.976s][info][gc,marking     ] GC(1043) Concurrent Cleanup for Next Mark 3.404ms
[4014.976s][info][gc             ] GC(1043) Concurrent Mark Cycle 1498.377ms
.[4016.020s][info][gc,start       ] GC(1044) Pause Young (Prepare Mixed) (G1 Evacuation Pause)
[4016.020s][info][gc,task        ] GC(1044) Using 6 workers of 6 for evacuation
[4016.143s][info][gc,phases      ] GC(1044)   Pre Evacuate Collection Set: 0.33ms
[4016.143s][info][gc,phases      ] GC(1044)   Merge Heap Roots: 0.50ms
[4016.143s][info][gc,phases      ] GC(1044)   Evacuate Collection Set: 120.97ms
[4016.143s][info][gc,phases      ] GC(1044)   Post Evacuate Collection Set: 0.85ms
[4016.143s][info][gc,phases      ] GC(1044)   Other: 0.09ms
[4016.143s][info][gc,heap        ] GC(1044) Eden regions: 1114->0(1097)
[4016.143s][info][gc,heap        ] GC(1044) Survivor regions: 114->114(154)
[4016.143s][info][gc,heap        ] GC(1044) Old regions: 507->540
[4016.143s][info][gc,heap        ] GC(1044) Humongous regions: 80->80
[4016.143s][info][gc,metaspace   ] GC(1044) Metaspace: 28876K(29248K)->28876K(29248K) NonClass: 24008K(24192K)->24008K(24192K) Class: 4868K(5056K)->4868K(5056K)
[4016.143s][info][gc             ] GC(1044) Pause Young (Prepare Mixed) (G1 Evacuation Pause) 3627M->1466M(4096M) 122.867ms
[4016.143s][info][gc,cpu         ] GC(1044) User=0.73s Sys=0.00s Real=0.12s
...[4018.608s][info][gc,start       ] GC(1045) Pause Young (Mixed) (G1 Evacuation Pause)
[4018.608s][info][gc,task        ] GC(1045) Using 6 workers of 6 for evacuation
[4018.743s][info][gc,phases      ] GC(1045)   Pre Evacuate Collection Set: 0.36ms
[4018.743s][info][gc,phases      ] GC(1045)   Merge Heap Roots: 0.70ms
[4018.743s][info][gc,phases      ] GC(1045)   Evacuate Collection Set: 132.84ms
[4018.743s][info][gc,phases      ] GC(1045)   Post Evacuate Collection Set: 0.93ms
[4018.743s][info][gc,phases      ] GC(1045)   Other: 0.09ms
[4018.743s][info][gc,heap        ] GC(1045) Eden regions: 1097->0(1116)
[4018.743s][info][gc,heap        ] GC(1045) Survivor regions: 114->112(152)
[4018.743s][info][gc,heap        ] GC(1045) Old regions: 540->475
[4018.743s][info][gc,heap        ] GC(1045) Humongous regions: 80->80
[4018.743s][info][gc,metaspace   ] GC(1045) Metaspace: 28876K(29248K)->28876K(29248K) NonClass: 24008K(24192K)->24008K(24192K) Class: 4868K(5056K)->4868K(5056K)
[4018.743s][info][gc             ] GC(1045) Pause Young (Mixed) (G1 Evacuation Pause) 3660M->1331M(4096M) 135.051ms
[4018.743s][info][gc,cpu         ] GC(1045) User=0.80s Sys=0.00s Real=0.13s
..[4021.211s][info][gc,start       ] GC(1046) Pause Young (Concurrent Start) (G1 Evacuation Pause)
[4021.211s][info][gc,task        ] GC(1046) Using 6 workers of 6 for evacuation
[4021.328s][info][gc,phases      ] GC(1046)   Pre Evacuate Collection Set: 0.35ms
[4021.328s][info][gc,phases      ] GC(1046)   Merge Heap Roots: 0.45ms
[4021.328s][info][gc,phases      ] GC(1046)   Evacuate Collection Set: 115.18ms
[4021.328s][info][gc,phases      ] GC(1046)   Post Evacuate Collection Set: 0.76ms
[4021.328s][info][gc,phases      ] GC(1046)   Other: 0.12ms
[4021.328s][info][gc,heap        ] GC(1046) Eden regions: 1116->0(1118)
[4021.328s][info][gc,heap        ] GC(1046) Survivor regions: 112->110(154)
[4021.328s][info][gc,heap        ] GC(1046) Old regions: 475->506
[4021.328s][info][gc,heap        ] GC(1046) Humongous regions: 80->80
[4021.328s][info][gc,metaspace   ] GC(1046) Metaspace: 28876K(29248K)->28876K(29248K) NonClass: 24008K(24192K)->24008K(24192K) Class: 4868K(5056K)->4868K(5056K)
[4021.328s][info][gc             ] GC(1046) Pause Young (Concurrent Start) (G1 Evacuation Pause) 3563M->1390M(4096M) 116.988ms
[4021.328s][info][gc             ] GC(1047) Concurrent Mark Cycle
[4021.328s][info][gc,marking     ] GC(1047) Concurrent Scan Root Regions
[4021.328s][info][gc,cpu         ] GC(1046) User=0.70s Sys=0.00s Real=0.12s
.[4021.475s][info][gc,marking     ] GC(1047) Concurrent Scan Root Regions 146.640ms
[4021.475s][info][gc,marking     ] GC(1047) Concurrent Mark
[4021.475s][info][gc,marking     ] GC(1047) Concurrent Mark From Roots
[4021.475s][info][gc,task        ] GC(1047) Using 2 workers of 2 for marking
[4022.182s][info][gc,marking     ] GC(1047) Concurrent Mark From Roots 707.257ms
[4022.182s][info][gc,marking     ] GC(1047) Concurrent Preclean
[4022.182s][info][gc,marking     ] GC(1047) Concurrent Preclean 0.096ms
[4022.183s][info][gc,start       ] GC(1047) Pause Remark
[4022.186s][info][gc             ] GC(1047) Pause Remark 2131M->2131M(4096M) 3.387ms
[4022.186s][info][gc,cpu         ] GC(1047) User=0.02s Sys=0.00s Real=0.00s
[4022.186s][info][gc,marking     ] GC(1047) Concurrent Mark 711.183ms
[4022.186s][info][gc,marking     ] GC(1047) Concurrent Rebuild Remembered Sets and Scrub Regions
.[4022.456s][info][gc,marking     ] GC(1047) Concurrent Rebuild Remembered Sets and Scrub Regions 269.551ms
[4022.456s][info][gc,start       ] GC(1047) Pause Cleanup
[4022.456s][info][gc             ] GC(1047) Pause Cleanup 2396M->2396M(4096M) 0.111ms
[4022.456s][info][gc,cpu         ] GC(1047) User=0.00s Sys=0.00s Real=0.00s
[4022.457s][info][gc,marking     ] GC(1047) Concurrent Clear Claimed Marks
[4022.457s][info][gc,marking     ] GC(1047) Concurrent Clear Claimed Marks 0.035ms
[4022.457s][info][gc,marking     ] GC(1047) Concurrent Cleanup for Next Mark
[4022.464s][info][gc,marking     ] GC(1047) Concurrent Cleanup for Next Mark 6.950ms
[4022.464s][info][gc             ] GC(1047) Concurrent Mark Cycle 1135.844ms
.[4023.826s][info][gc,start       ] GC(1048) Pause Young (Prepare Mixed) (G1 Evacuation Pause)
[4023.826s][info][gc,task        ] GC(1048) Using 6 workers of 6 for evacuation
[4023.943s][info][gc,phases      ] GC(1048)   Pre Evacuate Collection Set: 0.35ms
[4023.943s][info][gc,phases      ] GC(1048)   Merge Heap Roots: 0.52ms
[4023.943s][info][gc,phases      ] GC(1048)   Evacuate Collection Set: 115.41ms
[4023.943s][info][gc,phases      ] GC(1048)   Post Evacuate Collection Set: 0.90ms
[4023.943s][info][gc,phases      ] GC(1048)   Other: 0.08ms
[4023.943s][info][gc,heap        ] GC(1048) Eden regions: 1118->0(1110)
[4023.943s][info][gc,heap        ] GC(1048) Survivor regions: 110->109(154)
[4023.943s][info][gc,heap        ] GC(1048) Old regions: 506->537
[4023.943s][info][gc,heap        ] GC(1048) Humongous regions: 80->80
[4023.943s][info][gc,metaspace   ] GC(1048) Metaspace: 28876K(29248K)->28876K(29248K) NonClass: 24008K(24192K)->24008K(24192K) Class: 4868K(5056K)->4868K(5056K)
[4023.943s][info][gc             ] GC(1048) Pause Young (Prepare Mixed) (G1 Evacuation Pause) 3626M->1450M(4096M) 117.397ms
[4023.943s][info][gc,cpu         ] GC(1048) User=0.70s Sys=0.00s Real=0.12s
...[4026.455s][info][gc,start       ] GC(1049) Pause Young (Mixed) (G1 Evacuation Pause)
[4026.455s][info][gc,task        ] GC(1049) Using 6 workers of 6 for evacuation
[4026.593s][info][gc,phases      ] GC(1049)   Pre Evacuate Collection Set: 0.34ms
[4026.593s][info][gc,phases      ] GC(1049)   Merge Heap Roots: 0.67ms
[4026.593s][info][gc,phases      ] GC(1049)   Evacuate Collection Set: 135.95ms
[4026.593s][info][gc,phases      ] GC(1049)   Post Evacuate Collection Set: 0.96ms
[4026.593s][info][gc,phases      ] GC(1049)   Other: 0.08ms
[4026.593s][info][gc,heap        ] GC(1049) Eden regions: 1110->0(1114)
[4026.593s][info][gc,heap        ] GC(1049) Survivor regions: 109->114(153)
[4026.593s][info][gc,heap        ] GC(1049) Old regions: 537->472
[4026.593s][info][gc,heap        ] GC(1049) Humongous regions: 80->80
[4026.593s][info][gc,metaspace   ] GC(1049) Metaspace: 28876K(29248K)->28876K(29248K) NonClass: 24008K(24192K)->24008K(24192K) Class: 4868K(5056K)->4868K(5056K)
[4026.594s][info][gc             ] GC(1049) Pause Young (Mixed) (G1 Evacuation Pause) 3670M->1331M(4096M) 138.150ms
[4026.594s][info][gc,cpu         ] GC(1049) User=0.82s Sys=0.00s Real=0.14s
..[4029.077s][info][gc,start       ] GC(1050) Pause Young (Concurrent Start) (G1 Evacuation Pause)
[4029.077s][info][gc,task        ] GC(1050) Using 6 workers of 6 for evacuation
[4029.196s][info][gc,phases      ] GC(1050)   Pre Evacuate Collection Set: 0.36ms
[4029.196s][info][gc,phases      ] GC(1050)   Merge Heap Roots: 0.46ms
[4029.196s][info][gc,phases      ] GC(1050)   Evacuate Collection Set: 117.77ms
[4029.196s][info][gc,phases      ] GC(1050)   Post Evacuate Collection Set: 0.86ms
[4029.196s][info][gc,phases      ] GC(1050)   Other: 0.11ms
[4029.196s][info][gc,heap        ] GC(1050) Eden regions: 1114->0(1116)
[4029.196s][info][gc,heap        ] GC(1050) Survivor regions: 114->112(154)
[4029.196s][info][gc,heap        ] GC(1050) Old regions: 472->505
[4029.196s][info][gc,heap        ] GC(1050) Humongous regions: 80->80
[4029.196s][info][gc,metaspace   ] GC(1050) Metaspace: 28876K(29248K)->28876K(29248K) NonClass: 24008K(24192K)->24008K(24192K) Class: 4868K(5056K)->4868K(5056K)
[4029.196s][info][gc             ] GC(1050) Pause Young (Concurrent Start) (G1 Evacuation Pause) 3559M->1392M(4096M) 119.691ms
[4029.196s][info][gc             ] GC(1051) Concurrent Mark Cycle
[4029.196s][info][gc,marking     ] GC(1051) Concurrent Scan Root Regions
[4029.196s][info][gc,cpu         ] GC(1050) User=0.72s Sys=0.00s Real=0.12s
[4029.384s][info][gc,marking     ] GC(1051) Concurrent Scan Root Regions 187.153ms
[4029.384s][info][gc,marking     ] GC(1051) Concurrent Mark
[4029.384s][info][gc,marking     ] GC(1051) Concurrent Mark From Roots
[4029.384s][info][gc,task        ] GC(1051) Using 2 workers of 2 for marking
.[4030.365s][info][gc,marking     ] GC(1051) Concurrent Mark From Roots 980.971ms
[4030.365s][info][gc,marking     ] GC(1051) Concurrent Preclean
[4030.365s][info][gc,marking     ] GC(1051) Concurrent Preclean 0.094ms
[4030.365s][info][gc,start       ] GC(1051) Pause Remark
[4030.368s][info][gc             ] GC(1051) Pause Remark 2464M->2464M(4096M) 3.224ms
[4030.368s][info][gc,cpu         ] GC(1051) User=0.02s Sys=0.00s Real=0.01s
[4030.368s][info][gc,marking     ] GC(1051) Concurrent Mark 984.512ms
[4030.368s][info][gc,marking     ] GC(1051) Concurrent Rebuild Remembered Sets and Scrub Regions
.[4030.619s][info][gc,marking     ] GC(1051) Concurrent Rebuild Remembered Sets and Scrub Regions 250.744ms
[4030.620s][info][gc,start       ] GC(1051) Pause Cleanup
[4030.620s][info][gc             ] GC(1051) Pause Cleanup 2668M->2668M(4096M) 0.122ms
[4030.620s][info][gc,cpu         ] GC(1051) User=0.00s Sys=0.00s Real=0.00s
[4030.620s][info][gc,marking     ] GC(1051) Concurrent Clear Claimed Marks
[4030.620s][info][gc,marking     ] GC(1051) Concurrent Clear Claimed Marks 0.029ms
[4030.620s][info][gc,marking     ] GC(1051) Concurrent Cleanup for Next Mark
[4030.624s][info][gc,marking     ] GC(1051) Concurrent Cleanup for Next Mark 3.768ms
[4030.624s][info][gc             ] GC(1051) Concurrent Mark Cycle 1427.288ms
.[4031.760s][info][gc,start       ] GC(1052) Pause Young (Prepare Mixed) (G1 Evacuation Pause)
[4031.760s][info][gc,task        ] GC(1052) Using 6 workers of 6 for evacuation
[4031.874s][info][gc,phases      ] GC(1052)   Pre Evacuate Collection Set: 0.32ms
[4031.875s][info][gc,phases      ] GC(1052)   Merge Heap Roots: 0.50ms
[4031.875s][info][gc,phases      ] GC(1052)   Evacuate Collection Set: 112.99ms
[4031.875s][info][gc,phases      ] GC(1052)   Post Evacuate Collection Set: 0.91ms
[4031.875s][info][gc,phases      ] GC(1052)   Other: 0.08ms
[4031.875s][info][gc,heap        ] GC(1052) Eden regions: 1116->0(1112)
[4031.875s][info][gc,heap        ] GC(1052) Survivor regions: 112->108(154)
[4031.875s][info][gc,heap        ] GC(1052) Old regions: 505->537
[4031.875s][info][gc,heap        ] GC(1052) Humongous regions: 80->80
[4031.875s][info][gc,metaspace   ] GC(1052) Metaspace: 28876K(29248K)->28876K(29248K) NonClass: 24008K(24192K)->24008K(24192K) Class: 4868K(5056K)->4868K(5056K)
[4031.875s][info][gc             ] GC(1052) Pause Young (Prepare Mixed) (G1 Evacuation Pause) 3624M->1449M(4096M) 114.923ms
[4031.875s][info][gc,cpu         ] GC(1052) User=0.69s Sys=0.00s Real=0.11s
..[4034.369s][info][gc,start       ] GC(1053) Pause Young (Mixed) (G1 Evacuation Pause)
[4034.369s][info][gc,task        ] GC(1053) Using 6 workers of 6 for evacuation
[4034.509s][info][gc,phases      ] GC(1053)   Pre Evacuate Collection Set: 0.34ms
[4034.509s][info][gc,phases      ] GC(1053)   Merge Heap Roots: 0.69ms
[4034.509s][info][gc,phases      ] GC(1053)   Evacuate Collection Set: 137.67ms
[4034.509s][info][gc,phases      ] GC(1053)   Post Evacuate Collection Set: 0.97ms
[4034.509s][info][gc,phases      ] GC(1053)   Other: 0.09ms
[4034.509s][info][gc,heap        ] GC(1053) Eden regions: 1112->0(1113)
[4034.509s][info][gc,heap        ] GC(1053) Survivor regions: 108->115(153)
[4034.509s][info][gc,heap        ] GC(1053) Old regions: 537->473
[4034.509s][info][gc,heap        ] GC(1053) Humongous regions: 80->80
[4034.509s][info][gc,metaspace   ] GC(1053) Metaspace: 28876K(29248K)->28876K(29248K) NonClass: 24008K(24192K)->24008K(24192K) Class: 4868K(5056K)->4868K(5056K)
[4034.509s][info][gc             ] GC(1053) Pause Young (Mixed) (G1 Evacuation Pause) 3673M->1334M(4096M) 139.878ms
[4034.509s][info][gc,cpu         ] GC(1053) User=0.83s Sys=0.00s Real=0.14s
...[4036.990s][info][gc,start       ] GC(1054) Pause Young (Concurrent Start) (G1 Evacuation Pause)
[4036.990s][info][gc,task        ] GC(1054) Using 6 workers of 6 for evacuation
[4037.105s][info][gc,phases      ] GC(1054)   Pre Evacuate Collection Set: 0.35ms
[4037.105s][info][gc,phases      ] GC(1054)   Merge Heap Roots: 0.43ms
[4037.105s][info][gc,phases      ] GC(1054)   Evacuate Collection Set: 112.71ms
[4037.105s][info][gc,phases      ] GC(1054)   Post Evacuate Collection Set: 0.85ms
[4037.105s][info][gc,phases      ] GC(1054)   Other: 0.11ms
[4037.105s][info][gc,heap        ] GC(1054) Eden regions: 1113->0(1119)
[4037.105s][info][gc,heap        ] GC(1054) Survivor regions: 115->109(154)
[4037.105s][info][gc,heap        ] GC(1054) Old regions: 473->505
[4037.105s][info][gc,heap        ] GC(1054) Humongous regions: 80->80
[4037.105s][info][gc,metaspace   ] GC(1054) Metaspace: 28876K(29248K)->28876K(29248K) NonClass: 24008K(24192K)->24008K(24192K) Class: 4868K(5056K)->4868K(5056K)
[4037.105s][info][gc             ] GC(1054) Pause Young (Concurrent Start) (G1 Evacuation Pause) 3560M->1385M(4096M) 114.574ms
[4037.105s][info][gc             ] GC(1055) Concurrent Mark Cycle
[4037.105s][info][gc,marking     ] GC(1055) Concurrent Scan Root Regions
[4037.105s][info][gc,cpu         ] GC(1054) User=0.68s Sys=0.00s Real=0.11s
[4037.242s][info][gc,marking     ] GC(1055) Concurrent Scan Root Regions 137.073ms
[4037.242s][info][gc,marking     ] GC(1055) Concurrent Mark
[4037.242s][info][gc,marking     ] GC(1055) Concurrent Mark From Roots
[4037.242s][info][gc,task        ] GC(1055) Using 2 workers of 2 for marking
.[4037.955s][info][gc,marking     ] GC(1055) Concurrent Mark From Roots 713.357ms
[4037.955s][info][gc,marking     ] GC(1055) Concurrent Preclean
[4037.955s][info][gc,marking     ] GC(1055) Concurrent Preclean 0.115ms
[4037.959s][info][gc,start       ] GC(1055) Pause Remark
[4037.961s][info][gc             ] GC(1055) Pause Remark 2091M->2091M(4096M) 2.199ms
[4037.961s][info][gc,cpu         ] GC(1055) User=0.01s Sys=0.00s Real=0.00s
[4037.961s][info][gc,marking     ] GC(1055) Concurrent Mark 719.326ms
[4037.961s][info][gc,marking     ] GC(1055) Concurrent Rebuild Remembered Sets and Scrub Regions
[4038.223s][info][gc,marking     ] GC(1055) Concurrent Rebuild Remembered Sets and Scrub Regions 261.408ms
[4038.223s][info][gc,start       ] GC(1055) Pause Cleanup
[4038.223s][info][gc             ] GC(1055) Pause Cleanup 2383M->2383M(4096M) 0.108ms
[4038.223s][info][gc,cpu         ] GC(1055) User=0.00s Sys=0.00s Real=0.00s
[4038.223s][info][gc,marking     ] GC(1055) Concurrent Clear Claimed Marks
[4038.223s][info][gc,marking     ] GC(1055) Concurrent Clear Claimed Marks 0.022ms
[4038.223s][info][gc,marking     ] GC(1055) Concurrent Cleanup for Next Mark
[4038.228s][info][gc,marking     ] GC(1055) Concurrent Cleanup for Next Mark 4.962ms
[4038.228s][info][gc             ] GC(1055) Concurrent Mark Cycle 1123.296ms
.[4039.588s][info][gc,start       ] GC(1056) Pause Young (Prepare Mixed) (G1 Evacuation Pause)
[4039.588s][info][gc,task        ] GC(1056) Using 6 workers of 6 for evacuation
[4039.705s][info][gc,phases      ] GC(1056)   Pre Evacuate Collection Set: 0.33ms
[4039.705s][info][gc,phases      ] GC(1056)   Merge Heap Roots: 0.49ms
[4039.705s][info][gc,phases      ] GC(1056)   Evacuate Collection Set: 115.45ms
[4039.705s][info][gc,phases      ] GC(1056)   Post Evacuate Collection Set: 0.88ms
[4039.705s][info][gc,phases      ] GC(1056)   Other: 0.08ms
[4039.705s][info][gc,heap        ] GC(1056) Eden regions: 1119->0(1106)
[4039.705s][info][gc,heap        ] GC(1056) Survivor regions: 109->111(154)
[4039.705s][info][gc,heap        ] GC(1056) Old regions: 505->537
[4039.705s][info][gc,heap        ] GC(1056) Humongous regions: 80->80
[4039.705s][info][gc,metaspace   ] GC(1056) Metaspace: 28876K(29248K)->28876K(29248K) NonClass: 24008K(24192K)->24008K(24192K) Class: 4868K(5056K)->4868K(5056K)
[4039.705s][info][gc             ] GC(1056) Pause Young (Prepare Mixed) (G1 Evacuation Pause) 3623M->1454M(4096M) 117.364ms
[4039.705s][info][gc,cpu         ] GC(1056) User=0.70s Sys=0.00s Real=0.11s
...[4042.172s][info][gc,start       ] GC(1057) Pause Young (Mixed) (G1 Evacuation Pause)
[4042.172s][info][gc,task        ] GC(1057) Using 6 workers of 6 for evacuation
[4042.303s][info][gc,phases      ] GC(1057)   Pre Evacuate Collection Set: 0.40ms
[4042.303s][info][gc,phases      ] GC(1057)   Merge Heap Roots: 0.64ms
[4042.303s][info][gc,phases      ] GC(1057)   Evacuate Collection Set: 128.80ms
[4042.303s][info][gc,phases      ] GC(1057)   Post Evacuate Collection Set: 0.94ms
[4042.303s][info][gc,phases      ] GC(1057)   Other: 0.09ms
[4042.303s][info][gc,heap        ] GC(1057) Eden regions: 1106->0(1119)
[4042.303s][info][gc,heap        ] GC(1057) Survivor regions: 111->109(153)
[4042.303s][info][gc,heap        ] GC(1057) Old regions: 537->473
[4042.303s][info][gc,heap        ] GC(1057) Humongous regions: 80->80
[4042.303s][info][gc,metaspace   ] GC(1057) Metaspace: 28876K(29248K)->28876K(29248K) NonClass: 24008K(24192K)->24008K(24192K) Class: 4868K(5056K)->4868K(5056K)
[4042.303s][info][gc             ] GC(1057) Pause Young (Mixed) (G1 Evacuation Pause) 3666M->1322M(4096M) 131.025ms
[4042.303s][info][gc,cpu         ] GC(1057) User=0.78s Sys=0.00s Real=0.13s
...[4044.838s][info][gc,start       ] GC(1058) Pause Young (Concurrent Start) (G1 Evacuation Pause)
[4044.838s][info][gc,task        ] GC(1058) Using 6 workers of 6 for evacuation
[4044.954s][info][gc,phases      ] GC(1058)   Pre Evacuate Collection Set: 0.35ms
[4044.954s][info][gc,phases      ] GC(1058)   Merge Heap Roots: 0.50ms
[4044.954s][info][gc,phases      ] GC(1058)   Evacuate Collection Set: 114.54ms
[4044.954s][info][gc,phases      ] GC(1058)   Post Evacuate Collection Set: 0.80ms
[4044.954s][info][gc,phases      ] GC(1058)   Other: 0.10ms
[4044.954s][info][gc,heap        ] GC(1058) Eden regions: 1119->0(1120)
[4044.954s][info][gc,heap        ] GC(1058) Survivor regions: 109->108(154)
[4044.954s][info][gc,heap        ] GC(1058) Old regions: 473->505
[4044.954s][info][gc,heap        ] GC(1058) Humongous regions: 80->80
[4044.954s][info][gc,metaspace   ] GC(1058) Metaspace: 28876K(29248K)->28876K(29248K) NonClass: 24008K(24192K)->24008K(24192K) Class: 4868K(5056K)->4868K(5056K)
[4044.954s][info][gc             ] GC(1058) Pause Young (Concurrent Start) (G1 Evacuation Pause) 3560M->1383M(4096M) 116.432ms
[4044.954s][info][gc             ] GC(1059) Concurrent Mark Cycle
[4044.954s][info][gc,marking     ] GC(1059) Concurrent Scan Root Regions
[4044.954s][info][gc,cpu         ] GC(1058) User=0.69s Sys=0.00s Real=0.11s
[4045.114s][info][gc,marking     ] GC(1059) Concurrent Scan Root Regions 159.871ms
[4045.114s][info][gc,marking     ] GC(1059) Concurrent Mark
[4045.114s][info][gc,marking     ] GC(1059) Concurrent Mark From Roots
[4045.114s][info][gc,task        ] GC(1059) Using 2 workers of 2 for marking
.[4046.065s][info][gc,marking     ] GC(1059) Concurrent Mark From Roots 950.865ms
[4046.065s][info][gc,marking     ] GC(1059) Concurrent Preclean
[4046.065s][info][gc,marking     ] GC(1059) Concurrent Preclean 0.134ms
[4046.066s][info][gc,start       ] GC(1059) Pause Remark
[4046.070s][info][gc             ] GC(1059) Pause Remark 2418M->2418M(4096M) 3.879ms
[4046.070s][info][gc,cpu         ] GC(1059) User=0.02s Sys=0.00s Real=0.01s
[4046.070s][info][gc,marking     ] GC(1059) Concurrent Mark 955.782ms
[4046.070s][info][gc,marking     ] GC(1059) Concurrent Rebuild Remembered Sets and Scrub Regions
[4046.433s][info][gc,marking     ] GC(1059) Concurrent Rebuild Remembered Sets and Scrub Regions 362.627ms
[4046.433s][info][gc,start       ] GC(1059) Pause Cleanup
[4046.433s][info][gc             ] GC(1059) Pause Cleanup 2734M->2734M(4096M) 0.115ms
[4046.433s][info][gc,cpu         ] GC(1059) User=0.00s Sys=0.00s Real=0.00s
[4046.433s][info][gc,marking     ] GC(1059) Concurrent Clear Claimed Marks
[4046.433s][info][gc,marking     ] GC(1059) Concurrent Clear Claimed Marks 0.039ms
[4046.433s][info][gc,marking     ] GC(1059) Concurrent Cleanup for Next Mark
[4046.438s][info][gc,marking     ] GC(1059) Concurrent Cleanup for Next Mark 4.617ms
[4046.438s][info][gc             ] GC(1059) Concurrent Mark Cycle 1483.689ms
.[4047.424s][info][gc,start       ] GC(1060) Pause Young (Prepare Mixed) (G1 Evacuation Pause)
[4047.424s][info][gc,task        ] GC(1060) Using 6 workers of 6 for evacuation
[4047.542s][info][gc,phases      ] GC(1060)   Pre Evacuate Collection Set: 0.34ms
[4047.542s][info][gc,phases      ] GC(1060)   Merge Heap Roots: 0.52ms
[4047.542s][info][gc,phases      ] GC(1060)   Evacuate Collection Set: 115.55ms
[4047.542s][info][gc,phases      ] GC(1060)   Post Evacuate Collection Set: 0.90ms
[4047.542s][info][gc,phases      ] GC(1060)   Other: 0.08ms
[4047.542s][info][gc,heap        ] GC(1060) Eden regions: 1120->0(1107)
[4047.542s][info][gc,heap        ] GC(1060) Survivor regions: 108->111(154)
[4047.542s][info][gc,heap        ] GC(1060) Old regions: 505->536
[4047.542s][info][gc,heap        ] GC(1060) Humongous regions: 80->80
[4047.542s][info][gc,metaspace   ] GC(1060) Metaspace: 28876K(29248K)->28876K(29248K) NonClass: 24008K(24192K)->24008K(24192K) Class: 4868K(5056K)->4868K(5056K)
[4047.542s][info][gc             ] GC(1060) Pause Young (Prepare Mixed) (G1 Evacuation Pause) 3623M->1451M(4096M) 117.537ms
[4047.542s][info][gc,cpu         ] GC(1060) User=0.70s Sys=0.00s Real=0.12s
...[4050.068s][info][gc,start       ] GC(1061) Pause Young (Mixed) (G1 Evacuation Pause)
[4050.068s][info][gc,task        ] GC(1061) Using 6 workers of 6 for evacuation
[4050.204s][info][gc,phases      ] GC(1061)   Pre Evacuate Collection Set: 0.37ms
[4050.204s][info][gc,phases      ] GC(1061)   Merge Heap Roots: 0.75ms
[4050.204s][info][gc,phases      ] GC(1061)   Evacuate Collection Set: 133.77ms
[4050.204s][info][gc,phases      ] GC(1061)   Post Evacuate Collection Set: 0.93ms
[4050.204s][info][gc,phases      ] GC(1061)   Other: 0.09ms
[4050.204s][info][gc,heap        ] GC(1061) Eden regions: 1107->0(1118)
[4050.204s][info][gc,heap        ] GC(1061) Survivor regions: 111->110(153)
[4050.204s][info][gc,heap        ] GC(1061) Old regions: 536->472
[4050.204s][info][gc,heap        ] GC(1061) Humongous regions: 80->80
[4050.204s][info][gc,metaspace   ] GC(1061) Metaspace: 28878K(29248K)->28878K(29248K) NonClass: 24010K(24192K)->24010K(24192K) Class: 4868K(5056K)->4868K(5056K)
[4050.204s][info][gc             ] GC(1061) Pause Young (Mixed) (G1 Evacuation Pause) 3665M->1321M(4096M) 136.038ms
[4050.204s][info][gc,cpu         ] GC(1061) User=0.81s Sys=0.00s Real=0.13s
..[4052.644s][info][gc,start       ] GC(1062) Pause Young (Concurrent Start) (G1 Evacuation Pause)
[4052.644s][info][gc,task        ] GC(1062) Using 6 workers of 6 for evacuation
[4052.768s][info][gc,phases      ] GC(1062)   Pre Evacuate Collection Set: 0.35ms
[4052.768s][info][gc,phases      ] GC(1062)   Merge Heap Roots: 0.48ms
[4052.768s][info][gc,phases      ] GC(1062)   Evacuate Collection Set: 122.01ms
[4052.768s][info][gc,phases      ] GC(1062)   Post Evacuate Collection Set: 0.86ms
[4052.768s][info][gc,phases      ] GC(1062)   Other: 0.12ms
[4052.768s][info][gc,heap        ] GC(1062) Eden regions: 1118->0(1113)
[4052.768s][info][gc,heap        ] GC(1062) Survivor regions: 110->115(154)
[4052.768s][info][gc,heap        ] GC(1062) Old regions: 472->504
[4052.768s][info][gc,heap        ] GC(1062) Humongous regions: 80->80
[4052.768s][info][gc,metaspace   ] GC(1062) Metaspace: 28878K(29248K)->28878K(29248K) NonClass: 24010K(24192K)->24010K(24192K) Class: 4868K(5056K)->4868K(5056K)
[4052.768s][info][gc             ] GC(1062) Pause Young (Concurrent Start) (G1 Evacuation Pause) 3557M->1396M(4096M) 123.966ms
[4052.768s][info][gc             ] GC(1063) Concurrent Mark Cycle
[4052.768s][info][gc,marking     ] GC(1063) Concurrent Scan Root Regions
[4052.768s][info][gc,cpu         ] GC(1062) User=0.74s Sys=0.00s Real=0.13s
.[4052.967s][info][gc,marking     ] GC(1063) Concurrent Scan Root Regions 199.287ms
[4052.967s][info][gc,marking     ] GC(1063) Concurrent Mark
[4052.967s][info][gc,marking     ] GC(1063) Concurrent Mark From Roots
[4052.967s][info][gc,task        ] GC(1063) Using 2 workers of 2 for marking
.[4053.976s][info][gc,marking     ] GC(1063) Concurrent Mark From Roots 1009.325ms
[4053.977s][info][gc,marking     ] GC(1063) Concurrent Preclean
[4053.977s][info][gc,marking     ] GC(1063) Concurrent Preclean 0.074ms
[4053.977s][info][gc,start       ] GC(1063) Pause Remark
[4053.979s][info][gc             ] GC(1063) Pause Remark 2496M->2496M(4096M) 2.661ms
[4053.979s][info][gc,cpu         ] GC(1063) User=0.01s Sys=0.00s Real=0.01s
[4053.979s][info][gc,marking     ] GC(1063) Concurrent Mark 1012.312ms
[4053.979s][info][gc,marking     ] GC(1063) Concurrent Rebuild Remembered Sets and Scrub Regions
[4054.317s][info][gc,marking     ] GC(1063) Concurrent Rebuild Remembered Sets and Scrub Regions 337.354ms
[4054.318s][info][gc,start       ] GC(1063) Pause Cleanup
[4054.318s][info][gc             ] GC(1063) Pause Cleanup 2820M->2820M(4096M) 0.121ms
[4054.318s][info][gc,cpu         ] GC(1063) User=0.00s Sys=0.00s Real=0.00s
[4054.318s][info][gc,marking     ] GC(1063) Concurrent Clear Claimed Marks
[4054.318s][info][gc,marking     ] GC(1063) Concurrent Clear Claimed Marks 0.026ms
[4054.318s][info][gc,marking     ] GC(1063) Concurrent Cleanup for Next Mark
[4054.322s][info][gc,marking     ] GC(1063) Concurrent Cleanup for Next Mark 3.470ms
[4054.322s][info][gc             ] GC(1063) Concurrent Mark Cycle 1553.913ms
. (rIR:aIR:PR = 7195:7203:7202) (tPR = 107046) [OK] 
  4054s: Performance info:
         Transaction,    Success,    Partial,     Failed,   Receipts, AvgBarcode, 
             Overall,     438050,          0,          0,     416178,      59.47, 
         Response times:
             Request,    Success,    Partial,     Failed,   SkipFail,     Probes,    Samples,      min,      p50,      p90,      p95,      p99,      max, 
       TotalPurchase,     416199,          0,          0,          0,     364495,     430011,      200,     6100,    49000,    77000,   175000,   336000,
     InStorePurchase,     218823,          0,          0,          0,     191077,     225749,      200,     6000,    49000,    76000,   172000,   336000,
      OnlinePurchase,     153612,          0,          0,          0,     134311,     158027,      300,     6000,    49000,    77000,   175000,   336000,
        InstPurchase,      43764,          0,          0,          0,      39107,      46235,      400,     6500,    53000,    80000,   189000,   336000,
          AssocOfCat,        437,          0,          0,          0,        348,        498,    24000,    40000,   101200,   150400,   219290,   303000,
      AssocOfProduct,       4375,          0,          0,          0,       4040,       5019,      700,     6100,    50000,    80000,   193800,   320000,
      BusinessReport,       1094,          0,          0,          0,        955,       1253,    26000,    46000,   109600,   146000,   247840,   311000,
          CustBuyBeh,       4378,          0,          0,          0,       4063,       5023,      300,     6500,    53000,    80000,   157760,   306000,
       ProductReturn,      11603,          0,          0,          0,       9864,      11883,      200,     4700,    44000,    69000,   153160,   236000,

  4054s: (53%)   IR =   7334 [4055.211s][info][gc,start       ] GC(1064) Pause Young (Prepare Mixed) (G1 Evacuation Pause)
[4055.211s][info][gc,task        ] GC(1064) Using 6 workers of 6 for evacuation
[4055.331s][info][gc,phases      ] GC(1064)   Pre Evacuate Collection Set: 0.32ms
[4055.331s][info][gc,phases      ] GC(1064)   Merge Heap Roots: 0.50ms
[4055.331s][info][gc,phases      ] GC(1064)   Evacuate Collection Set: 118.45ms
[4055.331s][info][gc,phases      ] GC(1064)   Post Evacuate Collection Set: 0.98ms
[4055.331s][info][gc,phases      ] GC(1064)   Other: 0.09ms
[4055.331s][info][gc,heap        ] GC(1064) Eden regions: 1113->0(1104)
[4055.331s][info][gc,heap        ] GC(1064) Survivor regions: 115->113(154)
[4055.331s][info][gc,heap        ] GC(1064) Old regions: 504->535
[4055.331s][info][gc,heap        ] GC(1064) Humongous regions: 80->80
[4055.331s][info][gc,metaspace   ] GC(1064) Metaspace: 28878K(29248K)->28878K(29248K) NonClass: 24010K(24192K)->24010K(24192K) Class: 4868K(5056K)->4868K(5056K)
[4055.331s][info][gc             ] GC(1064) Pause Young (Prepare Mixed) (G1 Evacuation Pause) 3622M->1454M(4096M) 120.481ms
[4055.331s][info][gc,cpu         ] GC(1064) User=0.71s Sys=0.00s Real=0.12s
..[4057.849s][info][gc,start       ] GC(1065) Pause Young (Mixed) (G1 Evacuation Pause)
[4057.850s][info][gc,task        ] GC(1065) Using 6 workers of 6 for evacuation
[4057.983s][info][gc,phases      ] GC(1065)   Pre Evacuate Collection Set: 0.35ms
[4057.983s][info][gc,phases      ] GC(1065)   Merge Heap Roots: 0.72ms
[4057.983s][info][gc,phases      ] GC(1065)   Evacuate Collection Set: 131.07ms
[4057.983s][info][gc,phases      ] GC(1065)   Post Evacuate Collection Set: 1.03ms
[4057.983s][info][gc,phases      ] GC(1065)   Other: 0.08ms
[4057.983s][info][gc,heap        ] GC(1065) Eden regions: 1104->0(1119)
[4057.983s][info][gc,heap        ] GC(1065) Survivor regions: 113->109(153)
[4057.983s][info][gc,heap        ] GC(1065) Old regions: 535->474
[4057.983s][info][gc,heap        ] GC(1065) Humongous regions: 80->80
[4057.983s][info][gc,metaspace   ] GC(1065) Metaspace: 28878K(29248K)->28878K(29248K) NonClass: 24010K(24192K)->24010K(24192K) Class: 4868K(5056K)->4868K(5056K)
[4057.983s][info][gc             ] GC(1065) Pause Young (Mixed) (G1 Evacuation Pause) 3662M->1323M(4096M) 133.417ms
[4057.983s][info][gc,cpu         ] GC(1065) User=0.79s Sys=0.00s Real=0.13s
...[4060.371s][info][gc,start       ] GC(1066) Pause Young (Concurrent Start) (G1 Evacuation Pause)
[4060.371s][info][gc,task        ] GC(1066) Using 6 workers of 6 for evacuation
[4060.487s][info][gc,phases      ] GC(1066)   Pre Evacuate Collection Set: 0.37ms
[4060.487s][info][gc,phases      ] GC(1066)   Merge Heap Roots: 0.45ms
[4060.487s][info][gc,phases      ] GC(1066)   Evacuate Collection Set: 114.76ms
[4060.487s][info][gc,phases      ] GC(1066)   Post Evacuate Collection Set: 0.86ms
[4060.487s][info][gc,phases      ] GC(1066)   Other: 0.11ms
[4060.487s][info][gc,heap        ] GC(1066) Eden regions: 1119->0(1118)
[4060.487s][info][gc,heap        ] GC(1066) Survivor regions: 109->110(154)
[4060.487s][info][gc,heap        ] GC(1066) Old regions: 474->506
[4060.487s][info][gc,heap        ] GC(1066) Humongous regions: 80->80
[4060.487s][info][gc,metaspace   ] GC(1066) Metaspace: 28878K(29248K)->28878K(29248K) NonClass: 24010K(24192K)->24010K(24192K) Class: 4868K(5056K)->4868K(5056K)
[4060.487s][info][gc             ] GC(1066) Pause Young (Concurrent Start) (G1 Evacuation Pause) 3561M->1389M(4096M) 116.674ms
[4060.487s][info][gc             ] GC(1067) Concurrent Mark Cycle
[4060.487s][info][gc,marking     ] GC(1067) Concurrent Scan Root Regions
[4060.487s][info][gc,cpu         ] GC(1066) User=0.69s Sys=0.00s Real=0.11s
[4060.669s][info][gc,marking     ] GC(1067) Concurrent Scan Root Regions 182.070ms
[4060.669s][info][gc,marking     ] GC(1067) Concurrent Mark
[4060.669s][info][gc,marking     ] GC(1067) Concurrent Mark From Roots
[4060.669s][info][gc,task        ] GC(1067) Using 2 workers of 2 for marking
.|[4061.644s][info][gc,marking     ] GC(1067) Concurrent Mark From Roots 974.466ms
[4061.644s][info][gc,marking     ] GC(1067) Concurrent Preclean
[4061.644s][info][gc,marking     ] GC(1067) Concurrent Preclean 0.136ms
[4061.645s][info][gc,start       ] GC(1067) Pause Remark
[4061.650s][info][gc             ] GC(1067) Pause Remark 2463M->2463M(4096M) 4.582ms
[4061.650s][info][gc,cpu         ] GC(1067) User=0.02s Sys=0.00s Real=0.01s
[4061.650s][info][gc,marking     ] GC(1067) Concurrent Mark 980.432ms
[4061.650s][info][gc,marking     ] GC(1067) Concurrent Rebuild Remembered Sets and Scrub Regions
[4062.058s][info][gc,marking     ] GC(1067) Concurrent Rebuild Remembered Sets and Scrub Regions 408.315ms
[4062.059s][info][gc,start       ] GC(1067) Pause Cleanup
[4062.059s][info][gc             ] GC(1067) Pause Cleanup 2816M->2816M(4096M) 0.115ms
[4062.059s][info][gc,cpu         ] GC(1067) User=0.00s Sys=0.00s Real=0.00s
[4062.059s][info][gc,marking     ] GC(1067) Concurrent Clear Claimed Marks
[4062.059s][info][gc,marking     ] GC(1067) Concurrent Clear Claimed Marks 0.040ms
[4062.059s][info][gc,marking     ] GC(1067) Concurrent Cleanup for Next Mark
[4062.064s][info][gc,marking     ] GC(1067) Concurrent Cleanup for Next Mark 4.799ms
[4062.064s][info][gc             ] GC(1067) Concurrent Mark Cycle 1576.740ms
.[4062.968s][info][gc,start       ] GC(1068) Pause Young (Prepare Mixed) (G1 Evacuation Pause)
[4062.969s][info][gc,task        ] GC(1068) Using 6 workers of 6 for evacuation
[4063.093s][info][gc,phases      ] GC(1068)   Pre Evacuate Collection Set: 0.30ms
[4063.093s][info][gc,phases      ] GC(1068)   Merge Heap Roots: 0.50ms
[4063.093s][info][gc,phases      ] GC(1068)   Evacuate Collection Set: 122.58ms
[4063.093s][info][gc,phases      ] GC(1068)   Post Evacuate Collection Set: 0.94ms
[4063.093s][info][gc,phases      ] GC(1068)   Other: 0.10ms
[4063.093s][info][gc,heap        ] GC(1068) Eden regions: 1118->0(1100)
[4063.093s][info][gc,heap        ] GC(1068) Survivor regions: 110->114(154)
[4063.093s][info][gc,heap        ] GC(1068) Old regions: 506->537
[4063.093s][info][gc,heap        ] GC(1068) Humongous regions: 80->80
[4063.093s][info][gc,metaspace   ] GC(1068) Metaspace: 28878K(29248K)->28878K(29248K) NonClass: 24010K(24192K)->24010K(24192K) Class: 4868K(5056K)->4868K(5056K)
[4063.093s][info][gc             ] GC(1068) Pause Young (Prepare Mixed) (G1 Evacuation Pause) 3625M->1461M(4096M) 124.545ms
[4063.093s][info][gc,cpu         ] GC(1068) User=0.74s Sys=0.00s Real=0.12s
...[4065.557s][info][gc,start       ] GC(1069) Pause Young (Mixed) (G1 Evacuation Pause)
[4065.557s][info][gc,task        ] GC(1069) Using 6 workers of 6 for evacuation
[4065.691s][info][gc,phases      ] GC(1069)   Pre Evacuate Collection Set: 0.33ms
[4065.691s][info][gc,phases      ] GC(1069)   Merge Heap Roots: 0.65ms
[4065.691s][info][gc,phases      ] GC(1069)   Evacuate Collection Set: 131.80ms
[4065.691s][info][gc,phases      ] GC(1069)   Post Evacuate Collection Set: 0.95ms
[4065.691s][info][gc,phases      ] GC(1069)   Other: 0.09ms
[4065.691s][info][gc,heap        ] GC(1069) Eden regions: 1100->0(1117)
[4065.691s][info][gc,heap        ] GC(1069) Survivor regions: 114->111(152)
[4065.691s][info][gc,heap        ] GC(1069) Old regions: 537->473
[4065.691s][info][gc,heap        ] GC(1069) Humongous regions: 80->80
[4065.691s][info][gc,metaspace   ] GC(1069) Metaspace: 28878K(29248K)->28878K(29248K) NonClass: 24010K(24192K)->24010K(24192K) Class: 4868K(5056K)->4868K(5056K)
[4065.691s][info][gc             ] GC(1069) Pause Young (Mixed) (G1 Evacuation Pause) 3661M->1326M(4096M) 133.939ms
[4065.691s][info][gc,cpu         ] GC(1069) User=0.80s Sys=0.01s Real=0.14s
..[4068.078s][info][gc,start       ] GC(1070) Pause Young (Concurrent Start) (G1 Evacuation Pause)
[4068.078s][info][gc,task        ] GC(1070) Using 6 workers of 6 for evacuation
[4068.193s][info][gc,phases      ] GC(1070)   Pre Evacuate Collection Set: 0.34ms
[4068.193s][info][gc,phases      ] GC(1070)   Merge Heap Roots: 0.44ms
[4068.193s][info][gc,phases      ] GC(1070)   Evacuate Collection Set: 113.62ms
[4068.193s][info][gc,phases      ] GC(1070)   Post Evacuate Collection Set: 0.87ms
[4068.193s][info][gc,phases      ] GC(1070)   Other: 0.10ms
[4068.193s][info][gc,heap        ] GC(1070) Eden regions: 1117->0(1119)
[4068.193s][info][gc,heap        ] GC(1070) Survivor regions: 111->109(154)
[4068.193s][info][gc,heap        ] GC(1070) Old regions: 473->506
[4068.193s][info][gc,heap        ] GC(1070) Humongous regions: 80->80
[4068.193s][info][gc,metaspace   ] GC(1070) Metaspace: 28878K(29248K)->28878K(29248K) NonClass: 24010K(24192K)->24010K(24192K) Class: 4868K(5056K)->4868K(5056K)
[4068.193s][info][gc             ] GC(1070) Pause Young (Concurrent Start) (G1 Evacuation Pause) 3560M->1388M(4096M) 115.479ms
[4068.193s][info][gc             ] GC(1071) Concurrent Mark Cycle
[4068.193s][info][gc,marking     ] GC(1071) Concurrent Scan Root Regions
[4068.193s][info][gc,cpu         ] GC(1070) User=0.68s Sys=0.00s Real=0.11s
.[4068.379s][info][gc,marking     ] GC(1071) Concurrent Scan Root Regions 185.142ms
[4068.379s][info][gc,marking     ] GC(1071) Concurrent Mark
[4068.379s][info][gc,marking     ] GC(1071) Concurrent Mark From Roots
[4068.379s][info][gc,task        ] GC(1071) Using 2 workers of 2 for marking
.[4069.386s][info][gc,marking     ] GC(1071) Concurrent Mark From Roots 1007.646ms
[4069.386s][info][gc,marking     ] GC(1071) Concurrent Preclean
[4069.386s][info][gc,marking     ] GC(1071) Concurrent Preclean 0.100ms
[4069.388s][info][gc,start       ] GC(1071) Pause Remark
[4069.392s][info][gc             ] GC(1071) Pause Remark 2532M->2532M(4096M) 3.662ms
[4069.392s][info][gc,cpu         ] GC(1071) User=0.01s Sys=0.00s Real=0.00s
[4069.392s][info][gc,marking     ] GC(1071) Concurrent Mark 1013.213ms
[4069.392s][info][gc,marking     ] GC(1071) Concurrent Rebuild Remembered Sets and Scrub Regions
[4069.796s][info][gc,marking     ] GC(1071) Concurrent Rebuild Remembered Sets and Scrub Regions 404.575ms
[4069.797s][info][gc,start       ] GC(1071) Pause Cleanup
[4069.797s][info][gc             ] GC(1071) Pause Cleanup 2915M->2915M(4096M) 0.102ms
[4069.797s][info][gc,cpu         ] GC(1071) User=0.00s Sys=0.00s Real=0.00s
[4069.797s][info][gc,marking     ] GC(1071) Concurrent Clear Claimed Marks
[4069.797s][info][gc,marking     ] GC(1071) Concurrent Clear Claimed Marks 0.021ms
[4069.797s][info][gc,marking     ] GC(1071) Concurrent Cleanup for Next Mark
[4069.800s][info][gc,marking     ] GC(1071) Concurrent Cleanup for Next Mark 3.214ms
[4069.800s][info][gc             ] GC(1071) Concurrent Mark Cycle 1606.546ms
.[4070.638s][info][gc,start       ] GC(1072) Pause Young (Prepare Mixed) (G1 Evacuation Pause)
[4070.638s][info][gc,task        ] GC(1072) Using 6 workers of 6 for evacuation
[4070.762s][info][gc,phases      ] GC(1072)   Pre Evacuate Collection Set: 0.33ms
[4070.762s][info][gc,phases      ] GC(1072)   Merge Heap Roots: 0.49ms
[4070.762s][info][gc,phases      ] GC(1072)   Evacuate Collection Set: 121.95ms
[4070.762s][info][gc,phases      ] GC(1072)   Post Evacuate Collection Set: 0.92ms
[4070.762s][info][gc,phases      ] GC(1072)   Other: 0.09ms
[4070.762s][info][gc,heap        ] GC(1072) Eden regions: 1119->0(1095)
[4070.762s][info][gc,heap        ] GC(1072) Survivor regions: 109->116(154)
[4070.762s][info][gc,heap        ] GC(1072) Old regions: 506->538
[4070.762s][info][gc,heap        ] GC(1072) Humongous regions: 80->80
[4070.762s][info][gc,metaspace   ] GC(1072) Metaspace: 28878K(29248K)->28878K(29248K) NonClass: 24010K(24192K)->24010K(24192K) Class: 4868K(5056K)->4868K(5056K)
[4070.762s][info][gc             ] GC(1072) Pause Young (Prepare Mixed) (G1 Evacuation Pause) 3626M->1465M(4096M) 123.926ms
[4070.762s][info][gc,cpu         ] GC(1072) User=0.74s Sys=0.00s Real=0.12s
..[4073.219s][info][gc,start       ] GC(1073) Pause Young (Mixed) (G1 Evacuation Pause)
[4073.219s][info][gc,task        ] GC(1073) Using 6 workers of 6 for evacuation
[4073.357s][info][gc,phases      ] GC(1073)   Pre Evacuate Collection Set: 0.35ms
[4073.357s][info][gc,phases      ] GC(1073)   Merge Heap Roots: 0.72ms
[4073.357s][info][gc,phases      ] GC(1073)   Evacuate Collection Set: 136.28ms
[4073.357s][info][gc,phases      ] GC(1073)   Post Evacuate Collection Set: 0.78ms
[4073.357s][info][gc,phases      ] GC(1073)   Other: 0.08ms
[4073.357s][info][gc,heap        ] GC(1073) Eden regions: 1095->0(1114)
[4073.357s][info][gc,heap        ] GC(1073) Survivor regions: 116->114(152)
[4073.357s][info][gc,heap        ] GC(1073) Old regions: 538->474
[4073.357s][info][gc,heap        ] GC(1073) Humongous regions: 80->80
[4073.357s][info][gc,metaspace   ] GC(1073) Metaspace: 28878K(29248K)->28878K(29248K) NonClass: 24010K(24192K)->24010K(24192K) Class: 4868K(5056K)->4868K(5056K)
[4073.357s][info][gc             ] GC(1073) Pause Young (Mixed) (G1 Evacuation Pause) 3655M->1334M(4096M) 138.345ms
[4073.357s][info][gc,cpu         ] GC(1073) User=0.82s Sys=0.00s Real=0.13s
...[4075.769s][info][gc,start       ] GC(1074) Pause Young (Concurrent Start) (G1 Evacuation Pause)
[4075.769s][info][gc,task        ] GC(1074) Using 6 workers of 6 for evacuation
[4075.891s][info][gc,phases      ] GC(1074)   Pre Evacuate Collection Set: 0.34ms
[4075.891s][info][gc,phases      ] GC(1074)   Merge Heap Roots: 0.48ms
[4075.891s][info][gc,phases      ] GC(1074)   Evacuate Collection Set: 119.78ms
[4075.891s][info][gc,phases      ] GC(1074)   Post Evacuate Collection Set: 0.87ms
[4075.891s][info][gc,phases      ] GC(1074)   Other: 0.10ms
[4075.891s][info][gc,heap        ] GC(1074) Eden regions: 1114->0(1116)
[4075.891s][info][gc,heap        ] GC(1074) Survivor regions: 114->112(154)
[4075.891s][info][gc,heap        ] GC(1074) Old regions: 474->507
[4075.891s][info][gc,heap        ] GC(1074) Humongous regions: 80->80
[4075.891s][info][gc,metaspace   ] GC(1074) Metaspace: 28878K(29248K)->28878K(29248K) NonClass: 24010K(24192K)->24010K(24192K) Class: 4868K(5056K)->4868K(5056K)
[4075.891s][info][gc             ] GC(1074) Pause Young (Concurrent Start) (G1 Evacuation Pause) 3562M->1395M(4096M) 121.712ms
[4075.891s][info][gc             ] GC(1075) Concurrent Mark Cycle
[4075.891s][info][gc,marking     ] GC(1075) Concurrent Scan Root Regions
[4075.891s][info][gc,cpu         ] GC(1074) User=0.73s Sys=0.00s Real=0.12s
[4076.064s][info][gc,marking     ] GC(1075) Concurrent Scan Root Regions 172.615ms
[4076.064s][info][gc,marking     ] GC(1075) Concurrent Mark
[4076.064s][info][gc,marking     ] GC(1075) Concurrent Mark From Roots
[4076.064s][info][gc,task        ] GC(1075) Using 2 workers of 2 for marking
.[4076.831s][info][gc,marking     ] GC(1075) Concurrent Mark From Roots 767.371ms
[4076.831s][info][gc,marking     ] GC(1075) Concurrent Preclean
[4076.831s][info][gc,marking     ] GC(1075) Concurrent Preclean 0.095ms
[4076.833s][info][gc,start       ] GC(1075) Pause Remark
[4076.836s][info][gc             ] GC(1075) Pause Remark 2235M->2235M(4096M) 3.069ms
[4076.836s][info][gc,cpu         ] GC(1075) User=0.02s Sys=0.00s Real=0.00s
[4076.837s][info][gc,marking     ] GC(1075) Concurrent Mark 772.912ms
[4076.837s][info][gc,marking     ] GC(1075) Concurrent Rebuild Remembered Sets and Scrub Regions
[4077.208s][info][gc,marking     ] GC(1075) Concurrent Rebuild Remembered Sets and Scrub Regions 371.633ms
[4077.209s][info][gc,start       ] GC(1075) Pause Cleanup
[4077.209s][info][gc             ] GC(1075) Pause Cleanup 2611M->2611M(4096M) 0.113ms
[4077.209s][info][gc,cpu         ] GC(1075) User=0.00s Sys=0.00s Real=0.00s
[4077.210s][info][gc,marking     ] GC(1075) Concurrent Clear Claimed Marks
[4077.210s][info][gc,marking     ] GC(1075) Concurrent Clear Claimed Marks 0.030ms
[4077.210s][info][gc,marking     ] GC(1075) Concurrent Cleanup for Next Mark
[4077.214s][info][gc,marking     ] GC(1075) Concurrent Cleanup for Next Mark 4.712ms
[4077.215s][info][gc             ] GC(1075) Concurrent Mark Cycle 1323.426ms
.[4078.345s][info][gc,start       ] GC(1076) Pause Young (Prepare Mixed) (G1 Evacuation Pause)
[4078.346s][info][gc,task        ] GC(1076) Using 6 workers of 6 for evacuation
[4078.464s][info][gc,phases      ] GC(1076)   Pre Evacuate Collection Set: 0.30ms
[4078.464s][info][gc,phases      ] GC(1076)   Merge Heap Roots: 0.54ms
[4078.464s][info][gc,phases      ] GC(1076)   Evacuate Collection Set: 116.69ms
[4078.464s][info][gc,phases      ] GC(1076)   Post Evacuate Collection Set: 0.89ms
[4078.464s][info][gc,phases      ] GC(1076)   Other: 0.09ms
[4078.464s][info][gc,heap        ] GC(1076) Eden regions: 1116->0(1103)
[4078.464s][info][gc,heap        ] GC(1076) Survivor regions: 112->111(154)
[4078.464s][info][gc,heap        ] GC(1076) Old regions: 507->540
[4078.464s][info][gc,heap        ] GC(1076) Humongous regions: 80->80
[4078.464s][info][gc,metaspace   ] GC(1076) Metaspace: 28878K(29248K)->28878K(29248K) NonClass: 24010K(24192K)->24010K(24192K) Class: 4868K(5056K)->4868K(5056K)
[4078.464s][info][gc             ] GC(1076) Pause Young (Prepare Mixed) (G1 Evacuation Pause) 3627M->1460M(4096M) 118.632ms
[4078.464s][info][gc,cpu         ] GC(1076) User=0.70s Sys=0.00s Real=0.12s
...[4080.899s][info][gc,start       ] GC(1077) Pause Young (Mixed) (G1 Evacuation Pause)
[4080.899s][info][gc,task        ] GC(1077) Using 6 workers of 6 for evacuation
[4081.033s][info][gc,phases      ] GC(1077)   Pre Evacuate Collection Set: 0.33ms
[4081.033s][info][gc,phases      ] GC(1077)   Merge Heap Roots: 0.69ms
[4081.033s][info][gc,phases      ] GC(1077)   Evacuate Collection Set: 131.50ms
[4081.033s][info][gc,phases      ] GC(1077)   Post Evacuate Collection Set: 0.96ms
[4081.033s][info][gc,phases      ] GC(1077)   Other: 0.09ms
[4081.033s][info][gc,heap        ] GC(1077) Eden regions: 1103->0(1117)
[4081.033s][info][gc,heap        ] GC(1077) Survivor regions: 111->111(152)
[4081.033s][info][gc,heap        ] GC(1077) Old regions: 540->477
[4081.033s][info][gc,heap        ] GC(1077) Humongous regions: 80->80
[4081.033s][info][gc,metaspace   ] GC(1077) Metaspace: 28878K(29248K)->28878K(29248K) NonClass: 24010K(24192K)->24010K(24192K) Class: 4868K(5056K)->4868K(5056K)
[4081.033s][info][gc             ] GC(1077) Pause Young (Mixed) (G1 Evacuation Pause) 3666M->1333M(4096M) 133.723ms
[4081.033s][info][gc,cpu         ] GC(1077) User=0.80s Sys=0.01s Real=0.13s
..[4083.504s][info][gc,start       ] GC(1078) Pause Young (Concurrent Start) (G1 Evacuation Pause)
[4083.504s][info][gc,task        ] GC(1078) Using 6 workers of 6 for evacuation
[4083.622s][info][gc,phases      ] GC(1078)   Pre Evacuate Collection Set: 0.41ms
[4083.622s][info][gc,phases      ] GC(1078)   Merge Heap Roots: 0.48ms
[4083.622s][info][gc,phases      ] GC(1078)   Evacuate Collection Set: 116.41ms
[4083.622s][info][gc,phases      ] GC(1078)   Post Evacuate Collection Set: 0.85ms
[4083.622s][info][gc,phases      ] GC(1078)   Other: 0.12ms
[4083.622s][info][gc,heap        ] GC(1078) Eden regions: 1117->0(1115)
[4083.622s][info][gc,heap        ] GC(1078) Survivor regions: 111->113(154)
[4083.622s][info][gc,heap        ] GC(1078) Old regions: 477->508
[4083.622s][info][gc,heap        ] GC(1078) Humongous regions: 80->80
[4083.622s][info][gc,metaspace   ] GC(1078) Metaspace: 28878K(29248K)->28878K(29248K) NonClass: 24010K(24192K)->24010K(24192K) Class: 4868K(5056K)->4868K(5056K)
[4083.622s][info][gc             ] GC(1078) Pause Young (Concurrent Start) (G1 Evacuation Pause) 3567M->1400M(4096M) 118.391ms
[4083.622s][info][gc             ] GC(1079) Concurrent Mark Cycle
[4083.622s][info][gc,marking     ] GC(1079) Concurrent Scan Root Regions
[4083.622s][info][gc,cpu         ] GC(1078) User=0.70s Sys=0.00s Real=0.12s
.[4083.806s][info][gc,marking     ] GC(1079) Concurrent Scan Root Regions 184.236ms
[4083.806s][info][gc,marking     ] GC(1079) Concurrent Mark
[4083.806s][info][gc,marking     ] GC(1079) Concurrent Mark From Roots
[4083.806s][info][gc,task        ] GC(1079) Using 2 workers of 2 for marking
[4084.823s][info][gc,marking     ] GC(1079) Concurrent Mark From Roots 1016.643ms
[4084.823s][info][gc,marking     ] GC(1079) Concurrent Preclean
[4084.823s][info][gc,marking     ] GC(1079) Concurrent Preclean 0.122ms
[4084.825s][info][gc,start       ] GC(1079) Pause Remark
[4084.829s][info][gc             ] GC(1079) Pause Remark 2518M->2518M(4096M) 3.839ms
[4084.829s][info][gc,cpu         ] GC(1079) User=0.02s Sys=0.00s Real=0.01s
[4084.829s][info][gc,marking     ] GC(1079) Concurrent Mark 1023.117ms
[4084.829s][info][gc,marking     ] GC(1079) Concurrent Rebuild Remembered Sets and Scrub Regions
.[4085.156s][info][gc,marking     ] GC(1079) Concurrent Rebuild Remembered Sets and Scrub Regions 326.489ms
[4085.158s][info][gc,start       ] GC(1079) Pause Cleanup
[4085.158s][info][gc             ] GC(1079) Pause Cleanup 2824M->2824M(4096M) 0.139ms
[4085.158s][info][gc,cpu         ] GC(1079) User=0.00s Sys=0.00s Real=0.00s
[4085.159s][info][gc,marking     ] GC(1079) Concurrent Clear Claimed Marks
[4085.159s][info][gc,marking     ] GC(1079) Concurrent Clear Claimed Marks 0.034ms
[4085.159s][info][gc,marking     ] GC(1079) Concurrent Cleanup for Next Mark
[4085.163s][info][gc,marking     ] GC(1079) Concurrent Cleanup for Next Mark 4.360ms
[4085.163s][info][gc             ] GC(1079) Concurrent Mark Cycle 1541.077ms
.[4086.049s][info][gc,start       ] GC(1080) Pause Young (Prepare Mixed) (G1 Evacuation Pause)
[4086.049s][info][gc,task        ] GC(1080) Using 6 workers of 6 for evacuation
[4086.165s][info][gc,phases      ] GC(1080)   Pre Evacuate Collection Set: 0.34ms
[4086.165s][info][gc,phases      ] GC(1080)   Merge Heap Roots: 0.50ms
[4086.165s][info][gc,phases      ] GC(1080)   Evacuate Collection Set: 114.08ms
[4086.165s][info][gc,phases      ] GC(1080)   Post Evacuate Collection Set: 0.93ms
[4086.165s][info][gc,phases      ] GC(1080)   Other: 0.09ms
[4086.165s][info][gc,heap        ] GC(1080) Eden regions: 1115->0(1105)
[4086.165s][info][gc,heap        ] GC(1080) Survivor regions: 113->110(154)
[4086.165s][info][gc,heap        ] GC(1080) Old regions: 508->540
[4086.165s][info][gc,heap        ] GC(1080) Humongous regions: 80->80
[4086.165s][info][gc,metaspace   ] GC(1080) Metaspace: 28878K(29248K)->28878K(29248K) NonClass: 24010K(24192K)->24010K(24192K) Class: 4868K(5056K)->4868K(5056K)
[4086.165s][info][gc             ] GC(1080) Pause Young (Prepare Mixed) (G1 Evacuation Pause) 3630M->1458M(4096M) 116.083ms
[4086.165s][info][gc,cpu         ] GC(1080) User=0.69s Sys=0.00s Real=0.11s
..[4088.584s][info][gc,start       ] GC(1081) Pause Young (Mixed) (G1 Evacuation Pause)
[4088.584s][info][gc,task        ] GC(1081) Using 6 workers of 6 for evacuation
[4088.718s][info][gc,phases      ] GC(1081)   Pre Evacuate Collection Set: 0.36ms
[4088.718s][info][gc,phases      ] GC(1081)   Merge Heap Roots: 0.66ms
[4088.718s][info][gc,phases      ] GC(1081)   Evacuate Collection Set: 132.20ms
[4088.718s][info][gc,phases      ] GC(1081)   Post Evacuate Collection Set: 1.00ms
[4088.718s][info][gc,phases      ] GC(1081)   Other: 0.08ms
[4088.718s][info][gc,heap        ] GC(1081) Eden regions: 1105->0(1116)
[4088.718s][info][gc,heap        ] GC(1081) Survivor regions: 110->112(152)
[4088.718s][info][gc,heap        ] GC(1081) Old regions: 540->471
[4088.718s][info][gc,heap        ] GC(1081) Humongous regions: 80->80
[4088.718s][info][gc,metaspace   ] GC(1081) Metaspace: 28878K(29248K)->28878K(29248K) NonClass: 24010K(24192K)->24010K(24192K) Class: 4868K(5056K)->4868K(5056K)
[4088.718s][info][gc             ] GC(1081) Pause Young (Mixed) (G1 Evacuation Pause) 3668M->1325M(4096M) 134.439ms
[4088.718s][info][gc,cpu         ] GC(1081) User=0.80s Sys=0.00s Real=0.14s
...[4091.132s][info][gc,start       ] GC(1082) Pause Young (Concurrent Start) (G1 Evacuation Pause)
[4091.132s][info][gc,task        ] GC(1082) Using 6 workers of 6 for evacuation
[4091.255s][info][gc,phases      ] GC(1082)   Pre Evacuate Collection Set: 0.37ms
[4091.255s][info][gc,phases      ] GC(1082)   Merge Heap Roots: 0.54ms
[4091.255s][info][gc,phases      ] GC(1082)   Evacuate Collection Set: 120.61ms
[4091.255s][info][gc,phases      ] GC(1082)   Post Evacuate Collection Set: 0.87ms
[4091.255s][info][gc,phases      ] GC(1082)   Other: 0.11ms
[4091.255s][info][gc,heap        ] GC(1082) Eden regions: 1116->0(1116)
[4091.255s][info][gc,heap        ] GC(1082) Survivor regions: 112->112(154)
[4091.255s][info][gc,heap        ] GC(1082) Old regions: 471->504
[4091.255s][info][gc,heap        ] GC(1082) Humongous regions: 80->80
[4091.255s][info][gc,metaspace   ] GC(1082) Metaspace: 28878K(29248K)->28878K(29248K) NonClass: 24010K(24192K)->24010K(24192K) Class: 4868K(5056K)->4868K(5056K)
[4091.255s][info][gc             ] GC(1082) Pause Young (Concurrent Start) (G1 Evacuation Pause) 3557M->1389M(4096M) 122.633ms
[4091.255s][info][gc             ] GC(1083) Concurrent Mark Cycle
[4091.255s][info][gc,marking     ] GC(1083) Concurrent Scan Root Regions
[4091.255s][info][gc,cpu         ] GC(1082) User=0.73s Sys=0.00s Real=0.12s
[4091.464s][info][gc,marking     ] GC(1083) Concurrent Scan Root Regions 209.073ms
[4091.464s][info][gc,marking     ] GC(1083) Concurrent Mark
[4091.464s][info][gc,marking     ] GC(1083) Concurrent Mark From Roots
[4091.464s][info][gc,task        ] GC(1083) Using 2 workers of 2 for marking
.[4092.536s][info][gc,marking     ] GC(1083) Concurrent Mark From Roots 1072.260ms
[4092.536s][info][gc,marking     ] GC(1083) Concurrent Preclean
[4092.536s][info][gc,marking     ] GC(1083) Concurrent Preclean 0.135ms
[4092.537s][info][gc,start       ] GC(1083) Pause Remark
[4092.539s][info][gc             ] GC(1083) Pause Remark 2593M->2593M(4096M) 2.385ms
[4092.539s][info][gc,cpu         ] GC(1083) User=0.02s Sys=0.00s Real=0.01s
[4092.540s][info][gc,marking     ] GC(1083) Concurrent Mark 1075.740ms
[4092.540s][info][gc,marking     ] GC(1083) Concurrent Rebuild Remembered Sets and Scrub Regions
.[4092.958s][info][gc,marking     ] GC(1083) Concurrent Rebuild Remembered Sets and Scrub Regions 418.177ms
[4092.958s][info][gc,start       ] GC(1083) Pause Cleanup
[4092.958s][info][gc             ] GC(1083) Pause Cleanup 2975M->2975M(4096M) 0.100ms
[4092.958s][info][gc,cpu         ] GC(1083) User=0.00s Sys=0.00s Real=0.00s
[4092.958s][info][gc,marking     ] GC(1083) Concurrent Clear Claimed Marks
[4092.958s][info][gc,marking     ] GC(1083) Concurrent Clear Claimed Marks 0.026ms
[4092.958s][info][gc,marking     ] GC(1083) Concurrent Cleanup for Next Mark
[4092.962s][info][gc,marking     ] GC(1083) Concurrent Cleanup for Next Mark 4.196ms
[4092.962s][info][gc             ] GC(1083) Concurrent Mark Cycle 1707.641ms
[4093.694s][info][gc,start       ] GC(1084) Pause Young (Prepare Mixed) (G1 Evacuation Pause)
[4093.694s][info][gc,task        ] GC(1084) Using 6 workers of 6 for evacuation
[4093.812s][info][gc,phases      ] GC(1084)   Pre Evacuate Collection Set: 0.31ms
[4093.812s][info][gc,phases      ] GC(1084)   Merge Heap Roots: 0.53ms
[4093.812s][info][gc,phases      ] GC(1084)   Evacuate Collection Set: 116.58ms
[4093.812s][info][gc,phases      ] GC(1084)   Post Evacuate Collection Set: 0.91ms
[4093.812s][info][gc,phases      ] GC(1084)   Other: 0.09ms
[4093.812s][info][gc,heap        ] GC(1084) Eden regions: 1116->0(1107)
[4093.812s][info][gc,heap        ] GC(1084) Survivor regions: 112->111(154)
[4093.812s][info][gc,heap        ] GC(1084) Old regions: 504->536
[4093.812s][info][gc,heap        ] GC(1084) Humongous regions: 80->80
[4093.812s][info][gc,metaspace   ] GC(1084) Metaspace: 28878K(29248K)->28878K(29248K) NonClass: 24010K(24192K)->24010K(24192K) Class: 4868K(5056K)->4868K(5056K)
[4093.812s][info][gc             ] GC(1084) Pause Young (Prepare Mixed) (G1 Evacuation Pause) 3621M->1451M(4096M) 118.545ms
[4093.812s][info][gc,cpu         ] GC(1084) User=0.71s Sys=0.00s Real=0.12s
...[4096.331s][info][gc,start       ] GC(1085) Pause Young (Mixed) (G1 Evacuation Pause)
[4096.331s][info][gc,task        ] GC(1085) Using 6 workers of 6 for evacuation
[4096.466s][info][gc,phases      ] GC(1085)   Pre Evacuate Collection Set: 0.37ms
[4096.466s][info][gc,phases      ] GC(1085)   Merge Heap Roots: 0.83ms
[4096.466s][info][gc,phases      ] GC(1085)   Evacuate Collection Set: 132.44ms
[4096.466s][info][gc,phases      ] GC(1085)   Post Evacuate Collection Set: 0.95ms
[4096.466s][info][gc,phases      ] GC(1085)   Other: 0.09ms
[4096.466s][info][gc,heap        ] GC(1085) Eden regions: 1107->0(1118)
[4096.466s][info][gc,heap        ] GC(1085) Survivor regions: 111->110(153)
[4096.466s][info][gc,heap        ] GC(1085) Old regions: 536->473
[4096.466s][info][gc,heap        ] GC(1085) Humongous regions: 80->80
[4096.466s][info][gc,metaspace   ] GC(1085) Metaspace: 28878K(29248K)->28878K(29248K) NonClass: 24010K(24192K)->24010K(24192K) Class: 4868K(5056K)->4868K(5056K)
[4096.466s][info][gc             ] GC(1085) Pause Young (Mixed) (G1 Evacuation Pause) 3665M->1325M(4096M) 134.823ms
[4096.466s][info][gc,cpu         ] GC(1085) User=0.80s Sys=0.00s Real=0.13s
..[4098.854s][info][gc,start       ] GC(1086) Pause Young (Concurrent Start) (G1 Evacuation Pause)
[4098.854s][info][gc,task        ] GC(1086) Using 6 workers of 6 for evacuation
[4098.971s][info][gc,phases      ] GC(1086)   Pre Evacuate Collection Set: 0.36ms
[4098.971s][info][gc,phases      ] GC(1086)   Merge Heap Roots: 0.45ms
[4098.971s][info][gc,phases      ] GC(1086)   Evacuate Collection Set: 115.28ms
[4098.971s][info][gc,phases      ] GC(1086)   Post Evacuate Collection Set: 0.87ms
[4098.971s][info][gc,phases      ] GC(1086)   Other: 0.11ms
[4098.971s][info][gc,heap        ] GC(1086) Eden regions: 1118->0(1117)
[4098.971s][info][gc,heap        ] GC(1086) Survivor regions: 110->111(154)
[4098.971s][info][gc,heap        ] GC(1086) Old regions: 473->505
[4098.971s][info][gc,heap        ] GC(1086) Humongous regions: 80->80
[4098.971s][info][gc,metaspace   ] GC(1086) Metaspace: 28878K(29248K)->28878K(29248K) NonClass: 24010K(24192K)->24010K(24192K) Class: 4868K(5056K)->4868K(5056K)
[4098.971s][info][gc             ] GC(1086) Pause Young (Concurrent Start) (G1 Evacuation Pause) 3561M->1389M(4096M) 117.216ms
[4098.972s][info][gc             ] GC(1087) Concurrent Mark Cycle
[4098.972s][info][gc,marking     ] GC(1087) Concurrent Scan Root Regions
[4098.972s][info][gc,cpu         ] GC(1086) User=0.70s Sys=0.00s Real=0.12s
.[4099.152s][info][gc,marking     ] GC(1087) Concurrent Scan Root Regions 180.254ms
[4099.152s][info][gc,marking     ] GC(1087) Concurrent Mark
[4099.152s][info][gc,marking     ] GC(1087) Concurrent Mark From Roots
[4099.152s][info][gc,task        ] GC(1087) Using 2 workers of 2 for marking
.[4100.124s][info][gc,marking     ] GC(1087) Concurrent Mark From Roots 972.232ms
[4100.124s][info][gc,marking     ] GC(1087) Concurrent Preclean
[4100.124s][info][gc,marking     ] GC(1087) Concurrent Preclean 0.119ms
[4100.126s][info][gc,start       ] GC(1087) Pause Remark
[4100.129s][info][gc             ] GC(1087) Pause Remark 2331M->2331M(4096M) 3.345ms
[4100.129s][info][gc,cpu         ] GC(1087) User=0.02s Sys=0.00s Real=0.01s
[4100.129s][info][gc,marking     ] GC(1087) Concurrent Mark 977.433ms
[4100.129s][info][gc,marking     ] GC(1087) Concurrent Rebuild Remembered Sets and Scrub Regions
[4100.412s][info][gc,marking     ] GC(1087) Concurrent Rebuild Remembered Sets and Scrub Regions 282.548ms
[4100.412s][info][gc,start       ] GC(1087) Pause Cleanup
[4100.412s][info][gc             ] GC(1087) Pause Cleanup 2634M->2634M(4096M) 0.123ms
[4100.412s][info][gc,cpu         ] GC(1087) User=0.00s Sys=0.00s Real=0.00s
[4100.412s][info][gc,marking     ] GC(1087) Concurrent Clear Claimed Marks
[4100.412s][info][gc,marking     ] GC(1087) Concurrent Clear Claimed Marks 0.028ms
[4100.412s][info][gc,marking     ] GC(1087) Concurrent Cleanup for Next Mark
[4100.418s][info][gc,marking     ] GC(1087) Concurrent Cleanup for Next Mark 5.478ms
[4100.418s][info][gc             ] GC(1087) Concurrent Mark Cycle 1446.400ms
.[4101.492s][info][gc,start       ] GC(1088) Pause Young (Prepare Mixed) (G1 Evacuation Pause)
[4101.492s][info][gc,task        ] GC(1088) Using 6 workers of 6 for evacuation
[4101.614s][info][gc,phases      ] GC(1088)   Pre Evacuate Collection Set: 0.31ms
[4101.614s][info][gc,phases      ] GC(1088)   Merge Heap Roots: 0.49ms
[4101.614s][info][gc,phases      ] GC(1088)   Evacuate Collection Set: 119.93ms
[4101.614s][info][gc,phases      ] GC(1088)   Post Evacuate Collection Set: 0.92ms
[4101.614s][info][gc,phases      ] GC(1088)   Other: 0.09ms
[4101.614s][info][gc,heap        ] GC(1088) Eden regions: 1117->0(1103)
[4101.614s][info][gc,heap        ] GC(1088) Survivor regions: 111->112(154)
[4101.614s][info][gc,heap        ] GC(1088) Old regions: 505->538
[4101.614s][info][gc,heap        ] GC(1088) Humongous regions: 80->80
[4101.614s][info][gc,metaspace   ] GC(1088) Metaspace: 28878K(29248K)->28878K(29248K) NonClass: 24010K(24192K)->24010K(24192K) Class: 4868K(5056K)->4868K(5056K)
[4101.614s][info][gc             ] GC(1088) Pause Young (Prepare Mixed) (G1 Evacuation Pause) 3623M->1458M(4096M) 121.866ms
[4101.614s][info][gc,cpu         ] GC(1088) User=0.72s Sys=0.00s Real=0.12s
..[4104.042s][info][gc,start       ] GC(1089) Pause Young (Mixed) (G1 Evacuation Pause)
[4104.042s][info][gc,task        ] GC(1089) Using 6 workers of 6 for evacuation
[4104.174s][info][gc,phases      ] GC(1089)   Pre Evacuate Collection Set: 0.36ms
[4104.174s][info][gc,phases      ] GC(1089)   Merge Heap Roots: 0.68ms
[4104.174s][info][gc,phases      ] GC(1089)   Evacuate Collection Set: 130.17ms
[4104.174s][info][gc,phases      ] GC(1089)   Post Evacuate Collection Set: 0.93ms
[4104.174s][info][gc,phases      ] GC(1089)   Other: 0.08ms
[4104.174s][info][gc,heap        ] GC(1089) Eden regions: 1103->0(1118)
[4104.174s][info][gc,heap        ] GC(1089) Survivor regions: 112->110(152)
[4104.174s][info][gc,heap        ] GC(1089) Old regions: 538->473
[4104.174s][info][gc,heap        ] GC(1089) Humongous regions: 80->80
[4104.174s][info][gc,metaspace   ] GC(1089) Metaspace: 28878K(29248K)->28878K(29248K) NonClass: 24010K(24192K)->24010K(24192K) Class: 4868K(5056K)->4868K(5056K)
[4104.174s][info][gc             ] GC(1089) Pause Young (Mixed) (G1 Evacuation Pause) 3664M->1324M(4096M) 132.364ms
[4104.175s][info][gc,cpu         ] GC(1089) User=0.79s Sys=0.00s Real=0.13s
...[4106.660s][info][gc,start       ] GC(1090) Pause Young (Concurrent Start) (G1 Evacuation Pause)
[4106.660s][info][gc,task        ] GC(1090) Using 6 workers of 6 for evacuation
[4106.783s][info][gc,phases      ] GC(1090)   Pre Evacuate Collection Set: 0.33ms
[4106.783s][info][gc,phases      ] GC(1090)   Merge Heap Roots: 0.45ms
[4106.783s][info][gc,phases      ] GC(1090)   Evacuate Collection Set: 120.55ms
[4106.783s][info][gc,phases      ] GC(1090)   Post Evacuate Collection Set: 0.94ms
[4106.783s][info][gc,phases      ] GC(1090)   Other: 0.11ms
[4106.783s][info][gc,heap        ] GC(1090) Eden regions: 1118->0(1113)
[4106.783s][info][gc,heap        ] GC(1090) Survivor regions: 110->115(154)
[4106.783s][info][gc,heap        ] GC(1090) Old regions: 473->505
[4106.783s][info][gc,heap        ] GC(1090) Humongous regions: 80->80
[4106.783s][info][gc,metaspace   ] GC(1090) Metaspace: 28878K(29248K)->28878K(29248K) NonClass: 24010K(24192K)->24010K(24192K) Class: 4868K(5056K)->4868K(5056K)
[4106.783s][info][gc             ] GC(1090) Pause Young (Concurrent Start) (G1 Evacuation Pause) 3560M->1398M(4096M) 122.498ms
[4106.783s][info][gc             ] GC(1091) Concurrent Mark Cycle
[4106.783s][info][gc,marking     ] GC(1091) Concurrent Scan Root Regions
[4106.783s][info][gc,cpu         ] GC(1090) User=0.73s Sys=0.00s Real=0.12s
[4106.925s][info][gc,marking     ] GC(1091) Concurrent Scan Root Regions 141.667ms
[4106.925s][info][gc,marking     ] GC(1091) Concurrent Mark
[4106.925s][info][gc,marking     ] GC(1091) Concurrent Mark From Roots
[4106.925s][info][gc,task        ] GC(1091) Using 2 workers of 2 for marking
.[4107.630s][info][gc,marking     ] GC(1091) Concurrent Mark From Roots 705.077ms
[4107.630s][info][gc,marking     ] GC(1091) Concurrent Preclean
[4107.630s][info][gc,marking     ] GC(1091) Concurrent Preclean 0.077ms
[4107.632s][info][gc,start       ] GC(1091) Pause Remark
[4107.635s][info][gc             ] GC(1091) Pause Remark 2128M->2128M(4096M) 3.122ms
[4107.635s][info][gc,cpu         ] GC(1091) User=0.01s Sys=0.00s Real=0.00s
[4107.636s][info][gc,marking     ] GC(1091) Concurrent Mark 710.930ms
[4107.636s][info][gc,marking     ] GC(1091) Concurrent Rebuild Remembered Sets and Scrub Regions
[4108.053s][info][gc,marking     ] GC(1091) Concurrent Rebuild Remembered Sets and Scrub Regions 417.777ms
[4108.054s][info][gc,start       ] GC(1091) Pause Cleanup
[4108.054s][info][gc             ] GC(1091) Pause Cleanup 2552M->2552M(4096M) 0.118ms
[4108.054s][info][gc,cpu         ] GC(1091) User=0.00s Sys=0.00s Real=0.00s
[4108.056s][info][gc,marking     ] GC(1091) Concurrent Clear Claimed Marks
[4108.056s][info][gc,marking     ] GC(1091) Concurrent Clear Claimed Marks 0.054ms
[4108.056s][info][gc,marking     ] GC(1091) Concurrent Cleanup for Next Mark
[4108.061s][info][gc,marking     ] GC(1091) Concurrent Cleanup for Next Mark 5.073ms
[4108.061s][info][gc             ] GC(1091) Concurrent Mark Cycle 1278.630ms
.[4109.151s][info][gc,start       ] GC(1092) Pause Young (Prepare Mixed) (G1 Evacuation Pause)
[4109.151s][info][gc,task        ] GC(1092) Using 6 workers of 6 for evacuation
[4109.270s][info][gc,phases      ] GC(1092)   Pre Evacuate Collection Set: 0.31ms
[4109.270s][info][gc,phases      ] GC(1092)   Merge Heap Roots: 0.52ms
[4109.270s][info][gc,phases      ] GC(1092)   Evacuate Collection Set: 117.67ms
[4109.270s][info][gc,phases      ] GC(1092)   Post Evacuate Collection Set: 0.97ms
[4109.270s][info][gc,phases      ] GC(1092)   Other: 0.09ms
[4109.270s][info][gc,heap        ] GC(1092) Eden regions: 1113->0(1106)
[4109.270s][info][gc,heap        ] GC(1092) Survivor regions: 115->111(154)
[4109.270s][info][gc,heap        ] GC(1092) Old regions: 505->537
[4109.270s][info][gc,heap        ] GC(1092) Humongous regions: 80->80
[4109.270s][info][gc,metaspace   ] GC(1092) Metaspace: 28878K(29248K)->28878K(29248K) NonClass: 24010K(24192K)->24010K(24192K) Class: 4868K(5056K)->4868K(5056K)
[4109.271s][info][gc             ] GC(1092) Pause Young (Prepare Mixed) (G1 Evacuation Pause) 3624M->1454M(4096M) 119.695ms
[4109.271s][info][gc,cpu         ] GC(1092) User=0.71s Sys=0.01s Real=0.12s
...[4111.760s][info][gc,start       ] GC(1093) Pause Young (Mixed) (G1 Evacuation Pause)
[4111.760s][info][gc,task        ] GC(1093) Using 6 workers of 6 for evacuation
[4111.898s][info][gc,phases      ] GC(1093)   Pre Evacuate Collection Set: 0.36ms
[4111.898s][info][gc,phases      ] GC(1093)   Merge Heap Roots: 0.82ms
[4111.898s][info][gc,phases      ] GC(1093)   Evacuate Collection Set: 136.41ms
[4111.898s][info][gc,phases      ] GC(1093)   Post Evacuate Collection Set: 0.89ms
[4111.898s][info][gc,phases      ] GC(1093)   Other: 0.10ms
[4111.898s][info][gc,heap        ] GC(1093) Eden regions: 1106->0(1121)
[4111.898s][info][gc,heap        ] GC(1093) Survivor regions: 111->107(153)
[4111.898s][info][gc,heap        ] GC(1093) Old regions: 537->474
[4111.898s][info][gc,heap        ] GC(1093) Humongous regions: 80->80
[4111.898s][info][gc,metaspace   ] GC(1093) Metaspace: 28878K(29248K)->28878K(29248K) NonClass: 24010K(24192K)->24010K(24192K) Class: 4868K(5056K)->4868K(5056K)
[4111.898s][info][gc             ] GC(1093) Pause Young (Mixed) (G1 Evacuation Pause) 3666M->1320M(4096M) 138.708ms
[4111.898s][info][gc,cpu         ] GC(1093) User=0.83s Sys=0.00s Real=0.14s
...[4114.301s][info][gc,start       ] GC(1094) Pause Young (Concurrent Start) (G1 Evacuation Pause)
[4114.301s][info][gc,task        ] GC(1094) Using 6 workers of 6 for evacuation
[4114.417s][info][gc,phases      ] GC(1094)   Pre Evacuate Collection Set: 0.40ms
[4114.417s][info][gc,phases      ] GC(1094)   Merge Heap Roots: 0.48ms
[4114.417s][info][gc,phases      ] GC(1094)   Evacuate Collection Set: 114.57ms
[4114.417s][info][gc,phases      ] GC(1094)   Post Evacuate Collection Set: 0.88ms
[4114.417s][info][gc,phases      ] GC(1094)   Other: 0.10ms
[4114.417s][info][gc,heap        ] GC(1094) Eden regions: 1121->0(1118)
[4114.417s][info][gc,heap        ] GC(1094) Survivor regions: 107->110(154)
[4114.417s][info][gc,heap        ] GC(1094) Old regions: 474->505
[4114.417s][info][gc,heap        ] GC(1094) Humongous regions: 80->80
[4114.417s][info][gc,metaspace   ] GC(1094) Metaspace: 28878K(29248K)->28878K(29248K) NonClass: 24010K(24192K)->24010K(24192K) Class: 4868K(5056K)->4868K(5056K)
[4114.417s][info][gc             ] GC(1094) Pause Young (Concurrent Start) (G1 Evacuation Pause) 3562M->1387M(4096M) 116.560ms
[4114.417s][info][gc             ] GC(1095) Concurrent Mark Cycle
[4114.417s][info][gc,marking     ] GC(1095) Concurrent Scan Root Regions
[4114.417s][info][gc,cpu         ] GC(1094) User=0.70s Sys=0.00s Real=0.11s
[4114.613s][info][gc,marking     ] GC(1095) Concurrent Scan Root Regions 195.392ms
[4114.613s][info][gc,marking     ] GC(1095) Concurrent Mark
[4114.613s][info][gc,marking     ] GC(1095) Concurrent Mark From Roots
[4114.613s][info][gc,task        ] GC(1095) Using 2 workers of 2 for marking
.[4115.542s][info][gc,marking     ] GC(1095) Concurrent Mark From Roots 929.676ms
[4115.542s][info][gc,marking     ] GC(1095) Concurrent Preclean
[4115.543s][info][gc,marking     ] GC(1095) Concurrent Preclean 0.090ms
[4115.543s][info][gc,start       ] GC(1095) Pause Remark
[4115.545s][info][gc             ] GC(1095) Pause Remark 2415M->2415M(4096M) 2.042ms
[4115.545s][info][gc,cpu         ] GC(1095) User=0.01s Sys=0.00s Real=0.00s
[4115.545s][info][gc,marking     ] GC(1095) Concurrent Mark 932.061ms
[4115.545s][info][gc,marking     ] GC(1095) Concurrent Rebuild Remembered Sets and Scrub Regions
[4115.884s][info][gc,marking     ] GC(1095) Concurrent Rebuild Remembered Sets and Scrub Regions 338.856ms
[4115.884s][info][gc,start       ] GC(1095) Pause Cleanup
[4115.884s][info][gc             ] GC(1095) Pause Cleanup 2679M->2679M(4096M) 0.113ms
[4115.884s][info][gc,cpu         ] GC(1095) User=0.00s Sys=0.00s Real=0.00s
[4115.884s][info][gc,marking     ] GC(1095) Concurrent Clear Claimed Marks
[4115.884s][info][gc,marking     ] GC(1095) Concurrent Clear Claimed Marks 0.046ms
[4115.884s][info][gc,marking     ] GC(1095) Concurrent Cleanup for Next Mark
[4115.889s][info][gc,marking     ] GC(1095) Concurrent Cleanup for Next Mark 4.211ms
[4115.889s][info][gc             ] GC(1095) Concurrent Mark Cycle 1471.452ms
.[4116.905s][info][gc,start       ] GC(1096) Pause Young (Prepare Mixed) (G1 Evacuation Pause)
[4116.905s][info][gc,task        ] GC(1096) Using 6 workers of 6 for evacuation
[4117.020s][info][gc,phases      ] GC(1096)   Pre Evacuate Collection Set: 0.35ms
[4117.020s][info][gc,phases      ] GC(1096)   Merge Heap Roots: 0.52ms
[4117.020s][info][gc,phases      ] GC(1096)   Evacuate Collection Set: 113.86ms
[4117.020s][info][gc,phases      ] GC(1096)   Post Evacuate Collection Set: 0.93ms
[4117.020s][info][gc,phases      ] GC(1096)   Other: 0.08ms
[4117.020s][info][gc,heap        ] GC(1096) Eden regions: 1118->0(1109)
[4117.020s][info][gc,heap        ] GC(1096) Survivor regions: 110->109(154)
[4117.020s][info][gc,heap        ] GC(1096) Old regions: 505->538
[4117.020s][info][gc,heap        ] GC(1096) Humongous regions: 80->80
[4117.020s][info][gc,metaspace   ] GC(1096) Metaspace: 28878K(29248K)->28878K(29248K) NonClass: 24010K(24192K)->24010K(24192K) Class: 4868K(5056K)->4868K(5056K)
[4117.020s][info][gc             ] GC(1096) Pause Young (Prepare Mixed) (G1 Evacuation Pause) 3623M->1451M(4096M) 115.869ms
[4117.021s][info][gc,cpu         ] GC(1096) User=0.69s Sys=0.00s Real=0.12s
...[4119.497s][info][gc,start       ] GC(1097) Pause Young (Mixed) (G1 Evacuation Pause)
[4119.497s][info][gc,task        ] GC(1097) Using 6 workers of 6 for evacuation
[4119.632s][info][gc,phases      ] GC(1097)   Pre Evacuate Collection Set: 0.37ms
[4119.632s][info][gc,phases      ] GC(1097)   Merge Heap Roots: 0.69ms
[4119.632s][info][gc,phases      ] GC(1097)   Evacuate Collection Set: 133.20ms
[4119.632s][info][gc,phases      ] GC(1097)   Post Evacuate Collection Set: 0.95ms
[4119.632s][info][gc,phases      ] GC(1097)   Other: 0.09ms
[4119.632s][info][gc,heap        ] GC(1097) Eden regions: 1109->0(1115)
[4119.632s][info][gc,heap        ] GC(1097) Survivor regions: 109->113(153)
[4119.632s][info][gc,heap        ] GC(1097) Old regions: 538->475
[4119.632s][info][gc,heap        ] GC(1097) Humongous regions: 80->80
[4119.632s][info][gc,metaspace   ] GC(1097) Metaspace: 28878K(29248K)->28878K(29248K) NonClass: 24010K(24192K)->24010K(24192K) Class: 4868K(5056K)->4868K(5056K)
[4119.632s][info][gc             ] GC(1097) Pause Young (Mixed) (G1 Evacuation Pause) 3669M->1333M(4096M) 135.424ms
[4119.632s][info][gc,cpu         ] GC(1097) User=0.81s Sys=0.00s Real=0.14s
.. (rIR:aIR:PR = 7334:7318:7320) (tPR = 109080) [OK] 
  4121s: Performance info:
         Transaction,    Success,    Partial,     Failed,   Receipts, AvgBarcode, 
             Overall,     440265,          0,          0,     418223,      59.47, 
         Response times:
             Request,    Success,    Partial,     Failed,   SkipFail,     Probes,    Samples,      min,      p50,      p90,      p95,      p99,      max, 
       TotalPurchase,     417883,          0,          0,          0,     357390,     399103,      300,     6200,    61000,   101000,   150000,   421000,
     InStorePurchase,     220015,          0,          0,          0,     187814,     209533,      300,     6300,    60000,   100000,   151000,   275000,
      OnlinePurchase,     153831,          0,          0,          0,     131511,     146765,      300,     6300,    62000,   101000,   149000,   421000,
        InstPurchase,      44037,          0,          0,          0,      38065,      42805,      400,     5700,    59000,   100000,   149940,   274000,
          AssocOfCat,        442,          0,          0,          0,        350,        466,    26000,    43000,   135300,   168950,   216940,   250000,
      AssocOfProduct,       4407,          0,          0,          0,       4090,       4748,      400,     6300,    58000,   101550,   143510,   211000,
      BusinessReport,       1107,          0,          0,          0,        998,       1232,    28000,    45000,   116000,   169000,   206000,   472000,
          CustBuyBeh,       4418,          0,          0,          0,       4089,       4813,      300,     7600,    70600,   109000,   155860,   210000,
       ProductReturn,      11648,          0,          0,          0,       9889,      11181,      200,     4700,    55000,    96000,   149000,   220000,

  4121s: (54%)   IR =   7472 [4122.014s][info][gc,start       ] GC(1098) Pause Young (Concurrent Start) (G1 Evacuation Pause)
[4122.014s][info][gc,task        ] GC(1098) Using 6 workers of 6 for evacuation
[4122.134s][info][gc,phases      ] GC(1098)   Pre Evacuate Collection Set: 0.37ms
[4122.134s][info][gc,phases      ] GC(1098)   Merge Heap Roots: 0.47ms
[4122.134s][info][gc,phases      ] GC(1098)   Evacuate Collection Set: 118.56ms
[4122.134s][info][gc,phases      ] GC(1098)   Post Evacuate Collection Set: 0.90ms
[4122.134s][info][gc,phases      ] GC(1098)   Other: 0.10ms
[4122.134s][info][gc,heap        ] GC(1098) Eden regions: 1115->0(1117)
[4122.134s][info][gc,heap        ] GC(1098) Survivor regions: 113->111(154)
[4122.134s][info][gc,heap        ] GC(1098) Old regions: 475->507
[4122.134s][info][gc,heap        ] GC(1098) Humongous regions: 80->80
[4122.134s][info][gc,metaspace   ] GC(1098) Metaspace: 28878K(29248K)->28878K(29248K) NonClass: 24010K(24192K)->24010K(24192K) Class: 4868K(5056K)->4868K(5056K)
[4122.134s][info][gc             ] GC(1098) Pause Young (Concurrent Start) (G1 Evacuation Pause) 3563M->1395M(4096M) 120.534ms
[4122.134s][info][gc             ] GC(1099) Concurrent Mark Cycle
[4122.134s][info][gc,marking     ] GC(1099) Concurrent Scan Root Regions
[4122.134s][info][gc,cpu         ] GC(1098) User=0.72s Sys=0.00s Real=0.12s
[4122.284s][info][gc,marking     ] GC(1099) Concurrent Scan Root Regions 149.495ms
[4122.284s][info][gc,marking     ] GC(1099) Concurrent Mark
[4122.284s][info][gc,marking     ] GC(1099) Concurrent Mark From Roots
[4122.284s][info][gc,task        ] GC(1099) Using 2 workers of 2 for marking
.[4122.995s][info][gc,marking     ] GC(1099) Concurrent Mark From Roots 711.215ms
[4122.995s][info][gc,marking     ] GC(1099) Concurrent Preclean
[4122.995s][info][gc,marking     ] GC(1099) Concurrent Preclean 0.122ms
[4122.995s][info][gc,start       ] GC(1099) Pause Remark
[4122.999s][info][gc             ] GC(1099) Pause Remark 2137M->2137M(4096M) 4.049ms
[4122.999s][info][gc,cpu         ] GC(1099) User=0.02s Sys=0.00s Real=0.01s
[4123.002s][info][gc,marking     ] GC(1099) Concurrent Mark 718.421ms
[4123.002s][info][gc,marking     ] GC(1099) Concurrent Rebuild Remembered Sets and Scrub Regions
[4123.286s][info][gc,marking     ] GC(1099) Concurrent Rebuild Remembered Sets and Scrub Regions 283.800ms
[4123.286s][info][gc,start       ] GC(1099) Pause Cleanup
[4123.286s][info][gc             ] GC(1099) Pause Cleanup 2420M->2420M(4096M) 0.139ms
[4123.286s][info][gc,cpu         ] GC(1099) User=0.00s Sys=0.00s Real=0.00s
[4123.289s][info][gc,marking     ] GC(1099) Concurrent Clear Claimed Marks
[4123.289s][info][gc,marking     ] GC(1099) Concurrent Clear Claimed Marks 0.050ms
[4123.289s][info][gc,marking     ] GC(1099) Concurrent Cleanup for Next Mark
[4123.356s][info][gc,marking     ] GC(1099) Concurrent Cleanup for Next Mark 67.731ms
[4123.357s][info][gc             ] GC(1099) Concurrent Mark Cycle 1222.316ms
..[4124.601s][info][gc,start       ] GC(1100) Pause Young (Prepare Mixed) (G1 Evacuation Pause)
[4124.601s][info][gc,task        ] GC(1100) Using 6 workers of 6 for evacuation
[4124.721s][info][gc,phases      ] GC(1100)   Pre Evacuate Collection Set: 0.32ms
[4124.721s][info][gc,phases      ] GC(1100)   Merge Heap Roots: 0.50ms
[4124.721s][info][gc,phases      ] GC(1100)   Evacuate Collection Set: 118.46ms
[4124.721s][info][gc,phases      ] GC(1100)   Post Evacuate Collection Set: 0.90ms
[4124.721s][info][gc,phases      ] GC(1100)   Other: 0.09ms
[4124.721s][info][gc,heap        ] GC(1100) Eden regions: 1117->0(1100)
[4124.721s][info][gc,heap        ] GC(1100) Survivor regions: 111->113(154)
[4124.721s][info][gc,heap        ] GC(1100) Old regions: 507->539
[4124.721s][info][gc,heap        ] GC(1100) Humongous regions: 80->80
[4124.721s][info][gc,metaspace   ] GC(1100) Metaspace: 28878K(29248K)->28878K(29248K) NonClass: 24010K(24192K)->24010K(24192K) Class: 4868K(5056K)->4868K(5056K)
[4124.721s][info][gc             ] GC(1100) Pause Young (Prepare Mixed) (G1 Evacuation Pause) 3629M->1462M(4096M) 120.422ms
[4124.721s][info][gc,cpu         ] GC(1100) User=0.72s Sys=0.00s Real=0.12s
..[4127.072s][info][gc,start       ] GC(1101) Pause Young (Mixed) (G1 Evacuation Pause)
[4127.072s][info][gc,task        ] GC(1101) Using 6 workers of 6 for evacuation
[4127.204s][info][gc,phases      ] GC(1101)   Pre Evacuate Collection Set: 0.34ms
[4127.204s][info][gc,phases      ] GC(1101)   Merge Heap Roots: 0.69ms
[4127.204s][info][gc,phases      ] GC(1101)   Evacuate Collection Set: 130.32ms
[4127.204s][info][gc,phases      ] GC(1101)   Post Evacuate Collection Set: 0.96ms
[4127.204s][info][gc,phases      ] GC(1101)   Other: 0.09ms
[4127.204s][info][gc,heap        ] GC(1101) Eden regions: 1100->0(1119)
[4127.204s][info][gc,heap        ] GC(1101) Survivor regions: 113->109(152)
[4127.204s][info][gc,heap        ] GC(1101) Old regions: 539->474
[4127.204s][info][gc,heap        ] GC(1101) Humongous regions: 80->80
[4127.204s][info][gc,metaspace   ] GC(1101) Metaspace: 28878K(29248K)->28878K(29248K) NonClass: 24010K(24192K)->24010K(24192K) Class: 4868K(5056K)->4868K(5056K)
[4127.204s][info][gc             ] GC(1101) Pause Young (Mixed) (G1 Evacuation Pause) 3662M->1324M(4096M) 132.524ms
[4127.204s][info][gc,cpu         ] GC(1101) User=0.79s Sys=0.00s Real=0.13s
...|[4129.516s][info][gc,start       ] GC(1102) Pause Young (Concurrent Start) (G1 Evacuation Pause)
[4129.516s][info][gc,task        ] GC(1102) Using 6 workers of 6 for evacuation
[4129.632s][info][gc,phases      ] GC(1102)   Pre Evacuate Collection Set: 0.38ms
[4129.632s][info][gc,phases      ] GC(1102)   Merge Heap Roots: 0.45ms
[4129.632s][info][gc,phases      ] GC(1102)   Evacuate Collection Set: 114.69ms
[4129.632s][info][gc,phases      ] GC(1102)   Post Evacuate Collection Set: 0.88ms
[4129.632s][info][gc,phases      ] GC(1102)   Other: 0.10ms
[4129.632s][info][gc,heap        ] GC(1102) Eden regions: 1119->0(1118)
[4129.632s][info][gc,heap        ] GC(1102) Survivor regions: 109->110(154)
[4129.632s][info][gc,heap        ] GC(1102) Old regions: 474->506
[4129.632s][info][gc,heap        ] GC(1102) Humongous regions: 80->80
[4129.632s][info][gc,metaspace   ] GC(1102) Metaspace: 28878K(29248K)->28878K(29248K) NonClass: 24010K(24192K)->24010K(24192K) Class: 4868K(5056K)->4868K(5056K)
[4129.632s][info][gc             ] GC(1102) Pause Young (Concurrent Start) (G1 Evacuation Pause) 3562M->1390M(4096M) 116.614ms
[4129.632s][info][gc             ] GC(1103) Concurrent Mark Cycle
[4129.632s][info][gc,marking     ] GC(1103) Concurrent Scan Root Regions
[4129.632s][info][gc,cpu         ] GC(1102) User=0.70s Sys=0.00s Real=0.12s
[4129.813s][info][gc,marking     ] GC(1103) Concurrent Scan Root Regions 180.629ms
[4129.813s][info][gc,marking     ] GC(1103) Concurrent Mark
[4129.813s][info][gc,marking     ] GC(1103) Concurrent Mark From Roots
[4129.813s][info][gc,task        ] GC(1103) Using 2 workers of 2 for marking
.[4130.503s][info][gc,marking     ] GC(1103) Concurrent Mark From Roots 689.825ms
[4130.503s][info][gc,marking     ] GC(1103) Concurrent Preclean
[4130.503s][info][gc,marking     ] GC(1103) Concurrent Preclean 0.094ms
[4130.503s][info][gc,start       ] GC(1103) Pause Remark
[4130.506s][info][gc             ] GC(1103) Pause Remark 2170M->2170M(4096M) 3.435ms
[4130.506s][info][gc,cpu         ] GC(1103) User=0.02s Sys=0.00s Real=0.00s
[4130.506s][info][gc,marking     ] GC(1103) Concurrent Mark 693.559ms
[4130.506s][info][gc,marking     ] GC(1103) Concurrent Rebuild Remembered Sets and Scrub Regions
[4130.812s][info][gc,marking     ] GC(1103) Concurrent Rebuild Remembered Sets and Scrub Regions 305.936ms
[4130.813s][info][gc,start       ] GC(1103) Pause Cleanup
[4130.813s][info][gc             ] GC(1103) Pause Cleanup 2453M->2453M(4096M) 0.139ms
[4130.813s][info][gc,cpu         ] GC(1103) User=0.00s Sys=0.00s Real=0.00s
[4130.814s][info][gc,marking     ] GC(1103) Concurrent Clear Claimed Marks
[4130.814s][info][gc,marking     ] GC(1103) Concurrent Clear Claimed Marks 0.032ms
[4130.814s][info][gc,marking     ] GC(1103) Concurrent Cleanup for Next Mark
[4130.818s][info][gc,marking     ] GC(1103) Concurrent Cleanup for Next Mark 4.766ms
[4130.819s][info][gc             ] GC(1103) Concurrent Mark Cycle 1186.345ms
.[4132.177s][info][gc,start       ] GC(1104) Pause Young (Prepare Mixed) (G1 Evacuation Pause)
[4132.177s][info][gc,task        ] GC(1104) Using 6 workers of 6 for evacuation
[4132.302s][info][gc,phases      ] GC(1104)   Pre Evacuate Collection Set: 0.32ms
[4132.302s][info][gc,phases      ] GC(1104)   Merge Heap Roots: 0.52ms
[4132.302s][info][gc,phases      ] GC(1104)   Evacuate Collection Set: 123.07ms
[4132.302s][info][gc,phases      ] GC(1104)   Post Evacuate Collection Set: 0.90ms
[4132.302s][info][gc,phases      ] GC(1104)   Other: 0.09ms
[4132.302s][info][gc,heap        ] GC(1104) Eden regions: 1118->0(1097)
[4132.302s][info][gc,heap        ] GC(1104) Survivor regions: 110->115(154)
[4132.302s][info][gc,heap        ] GC(1104) Old regions: 506->538
[4132.302s][info][gc,heap        ] GC(1104) Humongous regions: 80->80
[4132.302s][info][gc,metaspace   ] GC(1104) Metaspace: 28878K(29248K)->28878K(29248K) NonClass: 24010K(24192K)->24010K(24192K) Class: 4868K(5056K)->4868K(5056K)
[4132.302s][info][gc             ] GC(1104) Pause Young (Prepare Mixed) (G1 Evacuation Pause) 3626M->1464M(4096M) 125.018ms
[4132.302s][info][gc,cpu         ] GC(1104) User=0.75s Sys=0.00s Real=0.13s
...[4134.564s][info][gc,start       ] GC(1105) Pause Young (Mixed) (G1 Evacuation Pause)
[4134.564s][info][gc,task        ] GC(1105) Using 6 workers of 6 for evacuation
[4134.695s][info][gc,phases      ] GC(1105)   Pre Evacuate Collection Set: 0.39ms
[4134.695s][info][gc,phases      ] GC(1105)   Merge Heap Roots: 0.61ms
[4134.695s][info][gc,phases      ] GC(1105)   Evacuate Collection Set: 129.03ms
[4134.695s][info][gc,phases      ] GC(1105)   Post Evacuate Collection Set: 0.93ms
[4134.695s][info][gc,phases      ] GC(1105)   Other: 0.08ms
[4134.695s][info][gc,heap        ] GC(1105) Eden regions: 1097->0(1116)
[4134.695s][info][gc,heap        ] GC(1105) Survivor regions: 115->112(152)
[4134.695s][info][gc,heap        ] GC(1105) Old regions: 538->475
[4134.695s][info][gc,heap        ] GC(1105) Humongous regions: 80->80
[4134.695s][info][gc,metaspace   ] GC(1105) Metaspace: 28878K(29248K)->28878K(29248K) NonClass: 24010K(24192K)->24010K(24192K) Class: 4868K(5056K)->4868K(5056K)
[4134.695s][info][gc             ] GC(1105) Pause Young (Mixed) (G1 Evacuation Pause) 3658M->1333M(4096M) 131.168ms
[4134.695s][info][gc,cpu         ] GC(1105) User=0.78s Sys=0.00s Real=0.13s
..[4137.113s][info][gc,start       ] GC(1106) Pause Young (Concurrent Start) (G1 Evacuation Pause)
[4137.113s][info][gc,task        ] GC(1106) Using 6 workers of 6 for evacuation
[4137.229s][info][gc,phases      ] GC(1106)   Pre Evacuate Collection Set: 0.37ms
[4137.229s][info][gc,phases      ] GC(1106)   Merge Heap Roots: 0.45ms
[4137.229s][info][gc,phases      ] GC(1106)   Evacuate Collection Set: 114.32ms
[4137.229s][info][gc,phases      ] GC(1106)   Post Evacuate Collection Set: 0.88ms
[4137.229s][info][gc,phases      ] GC(1106)   Other: 0.12ms
[4137.229s][info][gc,heap        ] GC(1106) Eden regions: 1116->0(1119)
[4137.229s][info][gc,heap        ] GC(1106) Survivor regions: 112->109(154)
[4137.229s][info][gc,heap        ] GC(1106) Old regions: 475->509
[4137.229s][info][gc,heap        ] GC(1106) Humongous regions: 80->80
[4137.229s][info][gc,metaspace   ] GC(1106) Metaspace: 28878K(29248K)->28878K(29248K) NonClass: 24010K(24192K)->24010K(24192K) Class: 4868K(5056K)->4868K(5056K)
[4137.229s][info][gc             ] GC(1106) Pause Young (Concurrent Start) (G1 Evacuation Pause) 3565M->1394M(4096M) 116.280ms
[4137.229s][info][gc             ] GC(1107) Concurrent Mark Cycle
[4137.229s][info][gc,marking     ] GC(1107) Concurrent Scan Root Regions
[4137.229s][info][gc,cpu         ] GC(1106) User=0.70s Sys=0.00s Real=0.12s
[4137.401s][info][gc,marking     ] GC(1107) Concurrent Scan Root Regions 172.021ms
[4137.402s][info][gc,marking     ] GC(1107) Concurrent Mark
[4137.402s][info][gc,marking     ] GC(1107) Concurrent Mark From Roots
[4137.402s][info][gc,task        ] GC(1107) Using 2 workers of 2 for marking
.[4138.111s][info][gc,marking     ] GC(1107) Concurrent Mark From Roots 709.189ms
[4138.111s][info][gc,marking     ] GC(1107) Concurrent Preclean
[4138.111s][info][gc,marking     ] GC(1107) Concurrent Preclean 0.086ms
[4138.111s][info][gc,start       ] GC(1107) Pause Remark
[4138.114s][info][gc             ] GC(1107) Pause Remark 2164M->2164M(4096M) 3.163ms
[4138.114s][info][gc,cpu         ] GC(1107) User=0.02s Sys=0.00s Real=0.00s
[4138.114s][info][gc,marking     ] GC(1107) Concurrent Mark 712.716ms
[4138.114s][info][gc,marking     ] GC(1107) Concurrent Rebuild Remembered Sets and Scrub Regions
[4138.387s][info][gc,marking     ] GC(1107) Concurrent Rebuild Remembered Sets and Scrub Regions 273.130ms
[4138.389s][info][gc,start       ] GC(1107) Pause Cleanup
[4138.389s][info][gc             ] GC(1107) Pause Cleanup 2420M->2420M(4096M) 0.151ms
[4138.389s][info][gc,cpu         ] GC(1107) User=0.00s Sys=0.00s Real=0.00s
[4138.389s][info][gc,marking     ] GC(1107) Concurrent Clear Claimed Marks
[4138.389s][info][gc,marking     ] GC(1107) Concurrent Clear Claimed Marks 0.026ms
[4138.389s][info][gc,marking     ] GC(1107) Concurrent Cleanup for Next Mark
[4138.394s][info][gc,marking     ] GC(1107) Concurrent Cleanup for Next Mark 4.943ms
[4138.395s][info][gc             ] GC(1107) Concurrent Mark Cycle 1165.064ms
..[4139.672s][info][gc,start       ] GC(1108) Pause Young (Prepare Mixed) (G1 Evacuation Pause)
[4139.672s][info][gc,task        ] GC(1108) Using 6 workers of 6 for evacuation
[4139.792s][info][gc,phases      ] GC(1108)   Pre Evacuate Collection Set: 0.31ms
[4139.792s][info][gc,phases      ] GC(1108)   Merge Heap Roots: 0.58ms
[4139.792s][info][gc,phases      ] GC(1108)   Evacuate Collection Set: 118.45ms
[4139.792s][info][gc,phases      ] GC(1108)   Post Evacuate Collection Set: 0.96ms
[4139.792s][info][gc,phases      ] GC(1108)   Other: 0.09ms
[4139.792s][info][gc,heap        ] GC(1108) Eden regions: 1119->0(1101)
[4139.792s][info][gc,heap        ] GC(1108) Survivor regions: 109->112(154)
[4139.792s][info][gc,heap        ] GC(1108) Old regions: 509->540
[4139.792s][info][gc,heap        ] GC(1108) Humongous regions: 80->80
[4139.792s][info][gc,metaspace   ] GC(1108) Metaspace: 28878K(29248K)->28878K(29248K) NonClass: 24010K(24192K)->24010K(24192K) Class: 4868K(5056K)->4868K(5056K)
[4139.792s][info][gc             ] GC(1108) Pause Young (Prepare Mixed) (G1 Evacuation Pause) 3632M->1462M(4096M) 120.512ms
[4139.793s][info][gc,cpu         ] GC(1108) User=0.71s Sys=0.00s Real=0.12s
..[4142.092s][info][gc,start       ] GC(1109) Pause Young (Mixed) (G1 Evacuation Pause)
[4142.092s][info][gc,task        ] GC(1109) Using 6 workers of 6 for evacuation
[4142.232s][info][gc,phases      ] GC(1109)   Pre Evacuate Collection Set: 0.35ms
[4142.232s][info][gc,phases      ] GC(1109)   Merge Heap Roots: 0.68ms
[4142.232s][info][gc,phases      ] GC(1109)   Evacuate Collection Set: 137.09ms
[4142.232s][info][gc,phases      ] GC(1109)   Post Evacuate Collection Set: 0.98ms
[4142.232s][info][gc,phases      ] GC(1109)   Other: 0.09ms
[4142.232s][info][gc,heap        ] GC(1109) Eden regions: 1101->0(1115)
[4142.232s][info][gc,heap        ] GC(1109) Survivor regions: 112->113(152)
[4142.232s][info][gc,heap        ] GC(1109) Old regions: 540->474
[4142.232s][info][gc,heap        ] GC(1109) Humongous regions: 80->80
[4142.232s][info][gc,metaspace   ] GC(1109) Metaspace: 28878K(29248K)->28878K(29248K) NonClass: 24010K(24192K)->24010K(24192K) Class: 4868K(5056K)->4868K(5056K)
[4142.232s][info][gc             ] GC(1109) Pause Young (Mixed) (G1 Evacuation Pause) 3664M->1332M(4096M) 139.337ms
[4142.232s][info][gc,cpu         ] GC(1109) User=0.82s Sys=0.00s Real=0.14s
...[4144.645s][info][gc,start       ] GC(1110) Pause Young (Concurrent Start) (G1 Evacuation Pause)
[4144.645s][info][gc,task        ] GC(1110) Using 6 workers of 6 for evacuation
[4144.766s][info][gc,phases      ] GC(1110)   Pre Evacuate Collection Set: 0.35ms
[4144.766s][info][gc,phases      ] GC(1110)   Merge Heap Roots: 0.44ms
[4144.766s][info][gc,phases      ] GC(1110)   Evacuate Collection Set: 119.47ms
[4144.766s][info][gc,phases      ] GC(1110)   Post Evacuate Collection Set: 0.85ms
[4144.766s][info][gc,phases      ] GC(1110)   Other: 0.11ms
[4144.766s][info][gc,heap        ] GC(1110) Eden regions: 1115->0(1115)
[4144.766s][info][gc,heap        ] GC(1110) Survivor regions: 113->113(154)
[4144.766s][info][gc,heap        ] GC(1110) Old regions: 474->507
[4144.766s][info][gc,heap        ] GC(1110) Humongous regions: 80->80
[4144.766s][info][gc,metaspace   ] GC(1110) Metaspace: 28878K(29248K)->28878K(29248K) NonClass: 24010K(24192K)->24010K(24192K) Class: 4868K(5056K)->4868K(5056K)
[4144.766s][info][gc             ] GC(1110) Pause Young (Concurrent Start) (G1 Evacuation Pause) 3562M->1398M(4096M) 121.345ms
[4144.766s][info][gc             ] GC(1111) Concurrent Mark Cycle
[4144.766s][info][gc,marking     ] GC(1111) Concurrent Scan Root Regions
[4144.766s][info][gc,cpu         ] GC(1110) User=0.72s Sys=0.00s Real=0.12s
[4144.924s][info][gc,marking     ] GC(1111) Concurrent Scan Root Regions 157.780ms
[4144.924s][info][gc,marking     ] GC(1111) Concurrent Mark
[4144.924s][info][gc,marking     ] GC(1111) Concurrent Mark From Roots
[4144.924s][info][gc,task        ] GC(1111) Using 2 workers of 2 for marking
.[4145.734s][info][gc,marking     ] GC(1111) Concurrent Mark From Roots 810.466ms
[4145.734s][info][gc,marking     ] GC(1111) Concurrent Preclean
[4145.735s][info][gc,marking     ] GC(1111) Concurrent Preclean 0.096ms
[4145.738s][info][gc,start       ] GC(1111) Pause Remark
[4145.741s][info][gc             ] GC(1111) Pause Remark 2222M->2222M(4096M) 3.375ms
[4145.741s][info][gc,cpu         ] GC(1111) User=0.02s Sys=0.00s Real=0.00s
[4145.741s][info][gc,marking     ] GC(1111) Concurrent Mark 817.084ms
[4145.741s][info][gc,marking     ] GC(1111) Concurrent Rebuild Remembered Sets and Scrub Regions
[4146.110s][info][gc,marking     ] GC(1111) Concurrent Rebuild Remembered Sets and Scrub Regions 368.531ms
[4146.110s][info][gc,start       ] GC(1111) Pause Cleanup
[4146.110s][info][gc             ] GC(1111) Pause Cleanup 2650M->2650M(4096M) 0.105ms
[4146.110s][info][gc,cpu         ] GC(1111) User=0.01s Sys=0.00s Real=0.00s
[4146.110s][info][gc,marking     ] GC(1111) Concurrent Clear Claimed Marks
[4146.110s][info][gc,marking     ] GC(1111) Concurrent Clear Claimed Marks 0.023ms
[4146.110s][info][gc,marking     ] GC(1111) Concurrent Cleanup for Next Mark
[4146.115s][info][gc,marking     ] GC(1111) Concurrent Cleanup for Next Mark 5.185ms
[4146.115s][info][gc             ] GC(1111) Concurrent Mark Cycle 1349.115ms
.[4147.150s][info][gc,start       ] GC(1112) Pause Young (Prepare Mixed) (G1 Evacuation Pause)
[4147.150s][info][gc,task        ] GC(1112) Using 6 workers of 6 for evacuation
[4147.268s][info][gc,phases      ] GC(1112)   Pre Evacuate Collection Set: 0.29ms
[4147.268s][info][gc,phases      ] GC(1112)   Merge Heap Roots: 0.52ms
[4147.268s][info][gc,phases      ] GC(1112)   Evacuate Collection Set: 116.34ms
[4147.268s][info][gc,phases      ] GC(1112)   Post Evacuate Collection Set: 0.84ms
[4147.268s][info][gc,phases      ] GC(1112)   Other: 0.08ms
[4147.268s][info][gc,heap        ] GC(1112) Eden regions: 1115->0(1104)
[4147.268s][info][gc,heap        ] GC(1112) Survivor regions: 113->112(154)
[4147.268s][info][gc,heap        ] GC(1112) Old regions: 507->537
[4147.268s][info][gc,heap        ] GC(1112) Humongous regions: 80->80
[4147.268s][info][gc,metaspace   ] GC(1112) Metaspace: 28878K(29248K)->28878K(29248K) NonClass: 24010K(24192K)->24010K(24192K) Class: 4868K(5056K)->4868K(5056K)
[4147.268s][info][gc             ] GC(1112) Pause Young (Prepare Mixed) (G1 Evacuation Pause) 3628M->1457M(4096M) 118.209ms
[4147.268s][info][gc,cpu         ] GC(1112) User=0.71s Sys=0.00s Real=0.12s
...[4149.628s][info][gc,start       ] GC(1113) Pause Young (Mixed) (G1 Evacuation Pause)
[4149.628s][info][gc,task        ] GC(1113) Using 6 workers of 6 for evacuation
[4149.765s][info][gc,phases      ] GC(1113)   Pre Evacuate Collection Set: 0.36ms
[4149.765s][info][gc,phases      ] GC(1113)   Merge Heap Roots: 0.76ms
[4149.765s][info][gc,phases      ] GC(1113)   Evacuate Collection Set: 134.97ms
[4149.765s][info][gc,phases      ] GC(1113)   Post Evacuate Collection Set: 0.93ms
[4149.765s][info][gc,phases      ] GC(1113)   Other: 0.08ms
[4149.765s][info][gc,heap        ] GC(1113) Eden regions: 1104->0(1116)
[4149.765s][info][gc,heap        ] GC(1113) Survivor regions: 112->112(152)
[4149.765s][info][gc,heap        ] GC(1113) Old regions: 537->475
[4149.765s][info][gc,heap        ] GC(1113) Humongous regions: 80->80
[4149.765s][info][gc,metaspace   ] GC(1113) Metaspace: 28878K(29248K)->28878K(29248K) NonClass: 24010K(24192K)->24010K(24192K) Class: 4868K(5056K)->4868K(5056K)
[4149.765s][info][gc             ] GC(1113) Pause Young (Mixed) (G1 Evacuation Pause) 3665M->1331M(4096M) 137.236ms
[4149.765s][info][gc,cpu         ] GC(1113) User=0.81s Sys=0.00s Real=0.13s
..[4152.148s][info][gc,start       ] GC(1114) Pause Young (Concurrent Start) (G1 Evacuation Pause)
[4152.148s][info][gc,task        ] GC(1114) Using 6 workers of 6 for evacuation
[4152.264s][info][gc,phases      ] GC(1114)   Pre Evacuate Collection Set: 0.34ms
[4152.264s][info][gc,phases      ] GC(1114)   Merge Heap Roots: 0.45ms
[4152.264s][info][gc,phases      ] GC(1114)   Evacuate Collection Set: 114.71ms
[4152.264s][info][gc,phases      ] GC(1114)   Post Evacuate Collection Set: 0.89ms
[4152.264s][info][gc,phases      ] GC(1114)   Other: 0.11ms
[4152.264s][info][gc,heap        ] GC(1114) Eden regions: 1116->0(1121)
[4152.264s][info][gc,heap        ] GC(1114) Survivor regions: 112->107(154)
[4152.264s][info][gc,heap        ] GC(1114) Old regions: 475->508
[4152.264s][info][gc,heap        ] GC(1114) Humongous regions: 80->80
[4152.264s][info][gc,metaspace   ] GC(1114) Metaspace: 28878K(29248K)->28878K(29248K) NonClass: 24010K(24192K)->24010K(24192K) Class: 4868K(5056K)->4868K(5056K)
[4152.264s][info][gc             ] GC(1114) Pause Young (Concurrent Start) (G1 Evacuation Pause) 3563M->1388M(4096M) 116.632ms
[4152.264s][info][gc             ] GC(1115) Concurrent Mark Cycle
[4152.264s][info][gc,marking     ] GC(1115) Concurrent Scan Root Regions
[4152.265s][info][gc,cpu         ] GC(1114) User=0.69s Sys=0.00s Real=0.11s
[4152.427s][info][gc,marking     ] GC(1115) Concurrent Scan Root Regions 162.203ms
[4152.427s][info][gc,marking     ] GC(1115) Concurrent Mark
[4152.427s][info][gc,marking     ] GC(1115) Concurrent Mark From Roots
[4152.427s][info][gc,task        ] GC(1115) Using 2 workers of 2 for marking
.[4153.188s][info][gc,marking     ] GC(1115) Concurrent Mark From Roots 761.278ms
[4153.188s][info][gc,marking     ] GC(1115) Concurrent Preclean
[4153.188s][info][gc,marking     ] GC(1115) Concurrent Preclean 0.091ms
[4153.189s][info][gc,start       ] GC(1115) Pause Remark
[4153.192s][info][gc             ] GC(1115) Pause Remark 2253M->2253M(4096M) 3.501ms
[4153.192s][info][gc,cpu         ] GC(1115) User=0.02s Sys=0.00s Real=0.00s
[4153.193s][info][gc,marking     ] GC(1115) Concurrent Mark 766.538ms
[4153.193s][info][gc,marking     ] GC(1115) Concurrent Rebuild Remembered Sets and Scrub Regions
[4153.476s][info][gc,marking     ] GC(1115) Concurrent Rebuild Remembered Sets and Scrub Regions 282.503ms
[4153.476s][info][gc,start       ] GC(1115) Pause Cleanup
[4153.476s][info][gc             ] GC(1115) Pause Cleanup 2526M->2526M(4096M) 0.109ms
[4153.476s][info][gc,cpu         ] GC(1115) User=0.00s Sys=0.00s Real=0.00s
[4153.476s][info][gc,marking     ] GC(1115) Concurrent Clear Claimed Marks
[4153.476s][info][gc,marking     ] GC(1115) Concurrent Clear Claimed Marks 0.023ms
[4153.476s][info][gc,marking     ] GC(1115) Concurrent Cleanup for Next Mark
[4153.480s][info][gc,marking     ] GC(1115) Concurrent Cleanup for Next Mark 4.237ms
[4153.480s][info][gc             ] GC(1115) Concurrent Mark Cycle 1215.958ms
..[4154.712s][info][gc,start       ] GC(1116) Pause Young (Prepare Mixed) (G1 Evacuation Pause)
[4154.712s][info][gc,task        ] GC(1116) Using 6 workers of 6 for evacuation
[4154.830s][info][gc,phases      ] GC(1116)   Pre Evacuate Collection Set: 0.35ms
[4154.830s][info][gc,phases      ] GC(1116)   Merge Heap Roots: 0.53ms
[4154.830s][info][gc,phases      ] GC(1116)   Evacuate Collection Set: 116.32ms
[4154.830s][info][gc,phases      ] GC(1116)   Post Evacuate Collection Set: 0.94ms
[4154.830s][info][gc,phases      ] GC(1116)   Other: 0.09ms
[4154.830s][info][gc,heap        ] GC(1116) Eden regions: 1121->0(1107)
[4154.830s][info][gc,heap        ] GC(1116) Survivor regions: 107->110(154)
[4154.830s][info][gc,heap        ] GC(1116) Old regions: 508->538
[4154.830s][info][gc,heap        ] GC(1116) Humongous regions: 80->80
[4154.830s][info][gc,metaspace   ] GC(1116) Metaspace: 28878K(29248K)->28878K(29248K) NonClass: 24010K(24192K)->24010K(24192K) Class: 4868K(5056K)->4868K(5056K)
[4154.830s][info][gc             ] GC(1116) Pause Young (Prepare Mixed) (G1 Evacuation Pause) 3630M->1455M(4096M) 118.353ms
[4154.831s][info][gc,cpu         ] GC(1116) User=0.71s Sys=0.00s Real=0.12s
..[4157.191s][info][gc,start       ] GC(1117) Pause Young (Mixed) (G1 Evacuation Pause)
[4157.191s][info][gc,task        ] GC(1117) Using 6 workers of 6 for evacuation
[4157.330s][info][gc,phases      ] GC(1117)   Pre Evacuate Collection Set: 0.34ms
[4157.330s][info][gc,phases      ] GC(1117)   Merge Heap Roots: 0.70ms
[4157.330s][info][gc,phases      ] GC(1117)   Evacuate Collection Set: 136.64ms
[4157.330s][info][gc,phases      ] GC(1117)   Post Evacuate Collection Set: 0.94ms
[4157.330s][info][gc,phases      ] GC(1117)   Other: 0.09ms
[4157.330s][info][gc,heap        ] GC(1117) Eden regions: 1107->0(1115)
[4157.330s][info][gc,heap        ] GC(1117) Survivor regions: 110->113(153)
[4157.330s][info][gc,heap        ] GC(1117) Old regions: 538->474
[4157.330s][info][gc,heap        ] GC(1117) Humongous regions: 80->80
[4157.330s][info][gc,metaspace   ] GC(1117) Metaspace: 28878K(29248K)->28878K(29248K) NonClass: 24010K(24192K)->24010K(24192K) Class: 4868K(5056K)->4868K(5056K)
[4157.330s][info][gc             ] GC(1117) Pause Young (Mixed) (G1 Evacuation Pause) 3669M->1332M(4096M) 138.830ms
[4157.330s][info][gc,cpu         ] GC(1117) User=0.82s Sys=0.00s Real=0.14s
...[4159.770s][info][gc,start       ] GC(1118) Pause Young (Concurrent Start) (G1 Evacuation Pause)
[4159.770s][info][gc,task        ] GC(1118) Using 6 workers of 6 for evacuation
[4159.887s][info][gc,phases      ] GC(1118)   Pre Evacuate Collection Set: 0.38ms
[4159.887s][info][gc,phases      ] GC(1118)   Merge Heap Roots: 0.46ms
[4159.887s][info][gc,phases      ] GC(1118)   Evacuate Collection Set: 115.73ms
[4159.887s][info][gc,phases      ] GC(1118)   Post Evacuate Collection Set: 0.85ms
[4159.887s][info][gc,phases      ] GC(1118)   Other: 0.11ms
[4159.887s][info][gc,heap        ] GC(1118) Eden regions: 1115->0(1119)
[4159.887s][info][gc,heap        ] GC(1118) Survivor regions: 113->109(154)
[4159.887s][info][gc,heap        ] GC(1118) Old regions: 474->507
[4159.887s][info][gc,heap        ] GC(1118) Humongous regions: 80->80
[4159.887s][info][gc,metaspace   ] GC(1118) Metaspace: 28878K(29248K)->28878K(29248K) NonClass: 24010K(24192K)->24010K(24192K) Class: 4868K(5056K)->4868K(5056K)
[4159.887s][info][gc             ] GC(1118) Pause Young (Concurrent Start) (G1 Evacuation Pause) 3562M->1390M(4096M) 117.642ms
[4159.887s][info][gc             ] GC(1119) Concurrent Mark Cycle
[4159.887s][info][gc,marking     ] GC(1119) Concurrent Scan Root Regions
[4159.887s][info][gc,cpu         ] GC(1118) User=0.70s Sys=0.00s Real=0.12s
[4160.071s][info][gc,marking     ] GC(1119) Concurrent Scan Root Regions 183.802ms
[4160.071s][info][gc,marking     ] GC(1119) Concurrent Mark
[4160.071s][info][gc,marking     ] GC(1119) Concurrent Mark From Roots
[4160.071s][info][gc,task        ] GC(1119) Using 2 workers of 2 for marking
.[4161.023s][info][gc,marking     ] GC(1119) Concurrent Mark From Roots 951.384ms
[4161.023s][info][gc,marking     ] GC(1119) Concurrent Preclean
[4161.023s][info][gc,marking     ] GC(1119) Concurrent Preclean 0.125ms
[4161.023s][info][gc,start       ] GC(1119) Pause Remark
[4161.027s][info][gc             ] GC(1119) Pause Remark 2435M->2435M(4096M) 3.525ms
[4161.027s][info][gc,cpu         ] GC(1119) User=0.02s Sys=0.00s Real=0.00s
[4161.027s][info][gc,marking     ] GC(1119) Concurrent Mark 955.455ms
[4161.027s][info][gc,marking     ] GC(1119) Concurrent Rebuild Remembered Sets and Scrub Regions
[4161.365s][info][gc,marking     ] GC(1119) Concurrent Rebuild Remembered Sets and Scrub Regions 337.935ms
[4161.367s][info][gc,start       ] GC(1119) Pause Cleanup
[4161.368s][info][gc             ] GC(1119) Pause Cleanup 2758M->2758M(4096M) 0.159ms
[4161.368s][info][gc,cpu         ] GC(1119) User=0.00s Sys=0.00s Real=0.00s
[4161.368s][info][gc,marking     ] GC(1119) Concurrent Clear Claimed Marks
[4161.368s][info][gc,marking     ] GC(1119) Concurrent Clear Claimed Marks 0.025ms
[4161.368s][info][gc,marking     ] GC(1119) Concurrent Cleanup for Next Mark
[4161.372s][info][gc,marking     ] GC(1119) Concurrent Cleanup for Next Mark 4.592ms
[4161.372s][info][gc             ] GC(1119) Concurrent Mark Cycle 1484.849ms
.[4162.336s][info][gc,start       ] GC(1120) Pause Young (Prepare Mixed) (G1 Evacuation Pause)
[4162.336s][info][gc,task        ] GC(1120) Using 6 workers of 6 for evacuation
[4162.456s][info][gc,phases      ] GC(1120)   Pre Evacuate Collection Set: 0.29ms
[4162.456s][info][gc,phases      ] GC(1120)   Merge Heap Roots: 0.49ms
[4162.456s][info][gc,phases      ] GC(1120)   Evacuate Collection Set: 117.40ms
[4162.456s][info][gc,phases      ] GC(1120)   Post Evacuate Collection Set: 0.95ms
[4162.456s][info][gc,phases      ] GC(1120)   Other: 0.09ms
[4162.456s][info][gc,heap        ] GC(1120) Eden regions: 1119->0(1101)
[4162.456s][info][gc,heap        ] GC(1120) Survivor regions: 109->113(154)
[4162.456s][info][gc,heap        ] GC(1120) Old regions: 507->538
[4162.456s][info][gc,heap        ] GC(1120) Humongous regions: 80->80
[4162.456s][info][gc,metaspace   ] GC(1120) Metaspace: 28878K(29248K)->28878K(29248K) NonClass: 24010K(24192K)->24010K(24192K) Class: 4868K(5056K)->4868K(5056K)
[4162.456s][info][gc             ] GC(1120) Pause Young (Prepare Mixed) (G1 Evacuation Pause) 3628M->1459M(4096M) 119.350ms
[4162.456s][info][gc,cpu         ] GC(1120) User=0.71s Sys=0.00s Real=0.12s
...[4164.904s][info][gc,start       ] GC(1121) Pause Young (Mixed) (G1 Evacuation Pause)
[4164.904s][info][gc,task        ] GC(1121) Using 6 workers of 6 for evacuation
[4165.037s][info][gc,phases      ] GC(1121)   Pre Evacuate Collection Set: 0.36ms
[4165.037s][info][gc,phases      ] GC(1121)   Merge Heap Roots: 0.57ms
[4165.037s][info][gc,phases      ] GC(1121)   Evacuate Collection Set: 131.06ms
[4165.037s][info][gc,phases      ] GC(1121)   Post Evacuate Collection Set: 0.92ms
[4165.037s][info][gc,phases      ] GC(1121)   Other: 0.09ms
[4165.037s][info][gc,heap        ] GC(1121) Eden regions: 1101->0(1118)
[4165.037s][info][gc,heap        ] GC(1121) Survivor regions: 113->110(152)
[4165.037s][info][gc,heap        ] GC(1121) Old regions: 538->474
[4165.037s][info][gc,heap        ] GC(1121) Humongous regions: 80->80
[4165.037s][info][gc,metaspace   ] GC(1121) Metaspace: 28878K(29248K)->28878K(29248K) NonClass: 24010K(24192K)->24010K(24192K) Class: 4868K(5056K)->4868K(5056K)
[4165.037s][info][gc             ] GC(1121) Pause Young (Mixed) (G1 Evacuation Pause) 3661M->1326M(4096M) 133.123ms
[4165.037s][info][gc,cpu         ] GC(1121) User=0.79s Sys=0.00s Real=0.13s
..[4167.387s][info][gc,start       ] GC(1122) Pause Young (Concurrent Start) (G1 Evacuation Pause)
[4167.387s][info][gc,task        ] GC(1122) Using 6 workers of 6 for evacuation
[4167.504s][info][gc,phases      ] GC(1122)   Pre Evacuate Collection Set: 0.40ms
[4167.504s][info][gc,phases      ] GC(1122)   Merge Heap Roots: 0.45ms
[4167.504s][info][gc,phases      ] GC(1122)   Evacuate Collection Set: 114.98ms
[4167.504s][info][gc,phases      ] GC(1122)   Post Evacuate Collection Set: 0.86ms
[4167.504s][info][gc,phases      ] GC(1122)   Other: 0.09ms
[4167.504s][info][gc,heap        ] GC(1122) Eden regions: 1118->0(1117)
[4167.504s][info][gc,heap        ] GC(1122) Survivor regions: 110->111(154)
[4167.504s][info][gc,heap        ] GC(1122) Old regions: 474->506
[4167.504s][info][gc,heap        ] GC(1122) Humongous regions: 80->80
[4167.504s][info][gc,metaspace   ] GC(1122) Metaspace: 28878K(29248K)->28878K(29248K) NonClass: 24010K(24192K)->24010K(24192K) Class: 4868K(5056K)->4868K(5056K)
[4167.504s][info][gc             ] GC(1122) Pause Young (Concurrent Start) (G1 Evacuation Pause) 3562M->1391M(4096M) 116.934ms
[4167.504s][info][gc             ] GC(1123) Concurrent Mark Cycle
[4167.504s][info][gc,marking     ] GC(1123) Concurrent Scan Root Regions
[4167.504s][info][gc,cpu         ] GC(1122) User=0.70s Sys=0.00s Real=0.12s
[4167.642s][info][gc,marking     ] GC(1123) Concurrent Scan Root Regions 137.762ms
[4167.642s][info][gc,marking     ] GC(1123) Concurrent Mark
[4167.642s][info][gc,marking     ] GC(1123) Concurrent Mark From Roots
[4167.642s][info][gc,task        ] GC(1123) Using 2 workers of 2 for marking
.[4168.349s][info][gc,marking     ] GC(1123) Concurrent Mark From Roots 707.716ms
[4168.349s][info][gc,marking     ] GC(1123) Concurrent Preclean
[4168.350s][info][gc,marking     ] GC(1123) Concurrent Preclean 0.124ms
[4168.352s][info][gc,start       ] GC(1123) Pause Remark
[4168.355s][info][gc             ] GC(1123) Pause Remark 2125M->2125M(4096M) 3.225ms
[4168.355s][info][gc,cpu         ] GC(1123) User=0.02s Sys=0.00s Real=0.00s
[4168.355s][info][gc,marking     ] GC(1123) Concurrent Mark 713.768ms
[4168.355s][info][gc,marking     ] GC(1123) Concurrent Rebuild Remembered Sets and Scrub Regions
.[4168.774s][info][gc,marking     ] GC(1123) Concurrent Rebuild Remembered Sets and Scrub Regions 418.458ms
[4168.774s][info][gc,start       ] GC(1123) Pause Cleanup
[4168.774s][info][gc             ] GC(1123) Pause Cleanup 2547M->2547M(4096M) 0.102ms
[4168.774s][info][gc,cpu         ] GC(1123) User=0.00s Sys=0.00s Real=0.00s
[4168.774s][info][gc,marking     ] GC(1123) Concurrent Clear Claimed Marks
[4168.774s][info][gc,marking     ] GC(1123) Concurrent Clear Claimed Marks 0.030ms
[4168.774s][info][gc,marking     ] GC(1123) Concurrent Cleanup for Next Mark
[4168.780s][info][gc,marking     ] GC(1123) Concurrent Cleanup for Next Mark 5.476ms
[4168.780s][info][gc             ] GC(1123) Concurrent Mark Cycle 1275.925ms
.[4169.926s][info][gc,start       ] GC(1124) Pause Young (Prepare Mixed) (G1 Evacuation Pause)
[4169.926s][info][gc,task        ] GC(1124) Using 6 workers of 6 for evacuation
[4170.043s][info][gc,phases      ] GC(1124)   Pre Evacuate Collection Set: 0.32ms
[4170.043s][info][gc,phases      ] GC(1124)   Merge Heap Roots: 0.47ms
[4170.043s][info][gc,phases      ] GC(1124)   Evacuate Collection Set: 115.50ms
[4170.043s][info][gc,phases      ] GC(1124)   Post Evacuate Collection Set: 0.92ms
[4170.043s][info][gc,phases      ] GC(1124)   Other: 0.08ms
[4170.043s][info][gc,heap        ] GC(1124) Eden regions: 1117->0(1108)
[4170.043s][info][gc,heap        ] GC(1124) Survivor regions: 111->109(154)
[4170.043s][info][gc,heap        ] GC(1124) Old regions: 506->539
[4170.043s][info][gc,heap        ] GC(1124) Humongous regions: 80->80
[4170.043s][info][gc,metaspace   ] GC(1124) Metaspace: 28878K(29248K)->28878K(29248K) NonClass: 24010K(24192K)->24010K(24192K) Class: 4868K(5056K)->4868K(5056K)
[4170.043s][info][gc             ] GC(1124) Pause Young (Prepare Mixed) (G1 Evacuation Pause) 3625M->1453M(4096M) 117.418ms
[4170.043s][info][gc,cpu         ] GC(1124) User=0.70s Sys=0.00s Real=0.12s
..[4172.459s][info][gc,start       ] GC(1125) Pause Young (Mixed) (G1 Evacuation Pause)
[4172.459s][info][gc,task        ] GC(1125) Using 6 workers of 6 for evacuation
[4172.596s][info][gc,phases      ] GC(1125)   Pre Evacuate Collection Set: 0.39ms
[4172.596s][info][gc,phases      ] GC(1125)   Merge Heap Roots: 0.83ms
[4172.596s][info][gc,phases      ] GC(1125)   Evacuate Collection Set: 134.93ms
[4172.596s][info][gc,phases      ] GC(1125)   Post Evacuate Collection Set: 0.90ms
[4172.596s][info][gc,phases      ] GC(1125)   Other: 0.09ms
[4172.596s][info][gc,heap        ] GC(1125) Eden regions: 1108->0(1117)
[4172.596s][info][gc,heap        ] GC(1125) Survivor regions: 109->111(153)
[4172.596s][info][gc,heap        ] GC(1125) Old regions: 539->474
[4172.596s][info][gc,heap        ] GC(1125) Humongous regions: 80->80
[4172.596s][info][gc,metaspace   ] GC(1125) Metaspace: 28878K(29248K)->28878K(29248K) NonClass: 24010K(24192K)->24010K(24192K) Class: 4868K(5056K)->4868K(5056K)
[4172.596s][info][gc             ] GC(1125) Pause Young (Mixed) (G1 Evacuation Pause) 3669M->1328M(4096M) 137.282ms
[4172.596s][info][gc,cpu         ] GC(1125) User=0.82s Sys=0.00s Real=0.13s
...[4175.038s][info][gc,start       ] GC(1126) Pause Young (Concurrent Start) (G1 Evacuation Pause)
[4175.038s][info][gc,task        ] GC(1126) Using 6 workers of 6 for evacuation
[4175.158s][info][gc,phases      ] GC(1126)   Pre Evacuate Collection Set: 0.39ms
[4175.158s][info][gc,phases      ] GC(1126)   Merge Heap Roots: 0.49ms
[4175.158s][info][gc,phases      ] GC(1126)   Evacuate Collection Set: 118.50ms
[4175.158s][info][gc,phases      ] GC(1126)   Post Evacuate Collection Set: 0.88ms
[4175.158s][info][gc,phases      ] GC(1126)   Other: 0.09ms
[4175.158s][info][gc,heap        ] GC(1126) Eden regions: 1117->0(1115)
[4175.158s][info][gc,heap        ] GC(1126) Survivor regions: 111->113(154)
[4175.158s][info][gc,heap        ] GC(1126) Old regions: 474->506
[4175.158s][info][gc,heap        ] GC(1126) Humongous regions: 80->80
[4175.158s][info][gc,metaspace   ] GC(1126) Metaspace: 28878K(29248K)->28878K(29248K) NonClass: 24010K(24192K)->24010K(24192K) Class: 4868K(5056K)->4868K(5056K)
[4175.158s][info][gc             ] GC(1126) Pause Young (Concurrent Start) (G1 Evacuation Pause) 3562M->1395M(4096M) 120.498ms
[4175.159s][info][gc             ] GC(1127) Concurrent Mark Cycle
[4175.159s][info][gc,marking     ] GC(1127) Concurrent Scan Root Regions
[4175.159s][info][gc,cpu         ] GC(1126) User=0.72s Sys=0.00s Real=0.12s
[4175.341s][info][gc,marking     ] GC(1127) Concurrent Scan Root Regions 182.586ms
[4175.341s][info][gc,marking     ] GC(1127) Concurrent Mark
[4175.341s][info][gc,marking     ] GC(1127) Concurrent Mark From Roots
[4175.341s][info][gc,task        ] GC(1127) Using 2 workers of 2 for marking
.[4176.321s][info][gc,marking     ] GC(1127) Concurrent Mark From Roots 979.483ms
[4176.321s][info][gc,marking     ] GC(1127) Concurrent Preclean
[4176.321s][info][gc,marking     ] GC(1127) Concurrent Preclean 0.133ms
[4176.321s][info][gc,start       ] GC(1127) Pause Remark
[4176.324s][info][gc             ] GC(1127) Pause Remark 2500M->2500M(4096M) 2.767ms
[4176.324s][info][gc,cpu         ] GC(1127) User=0.02s Sys=0.00s Real=0.00s
[4176.324s][info][gc,marking     ] GC(1127) Concurrent Mark 982.748ms
[4176.324s][info][gc,marking     ] GC(1127) Concurrent Rebuild Remembered Sets and Scrub Regions
[4176.713s][info][gc,marking     ] GC(1127) Concurrent Rebuild Remembered Sets and Scrub Regions 389.310ms
[4176.713s][info][gc,start       ] GC(1127) Pause Cleanup
[4176.714s][info][gc             ] GC(1127) Pause Cleanup 2842M->2842M(4096M) 0.103ms
[4176.714s][info][gc,cpu         ] GC(1127) User=0.00s Sys=0.00s Real=0.00s
[4176.714s][info][gc,marking     ] GC(1127) Concurrent Clear Claimed Marks
[4176.714s][info][gc,marking     ] GC(1127) Concurrent Clear Claimed Marks 0.039ms
[4176.714s][info][gc,marking     ] GC(1127) Concurrent Cleanup for Next Mark
[4176.720s][info][gc,marking     ] GC(1127) Concurrent Cleanup for Next Mark 5.767ms
[4176.720s][info][gc             ] GC(1127) Concurrent Mark Cycle 1561.625ms
.[4177.546s][info][gc,start       ] GC(1128) Pause Young (Prepare Mixed) (G1 Evacuation Pause)
[4177.546s][info][gc,task        ] GC(1128) Using 6 workers of 6 for evacuation
[4177.665s][info][gc,phases      ] GC(1128)   Pre Evacuate Collection Set: 0.35ms
[4177.665s][info][gc,phases      ] GC(1128)   Merge Heap Roots: 0.51ms
[4177.665s][info][gc,phases      ] GC(1128)   Evacuate Collection Set: 117.94ms
[4177.665s][info][gc,phases      ] GC(1128)   Post Evacuate Collection Set: 0.92ms
[4177.665s][info][gc,phases      ] GC(1128)   Other: 0.10ms
[4177.665s][info][gc,heap        ] GC(1128) Eden regions: 1115->0(1101)
[4177.665s][info][gc,heap        ] GC(1128) Survivor regions: 113->113(154)
[4177.665s][info][gc,heap        ] GC(1128) Old regions: 506->538
[4177.665s][info][gc,heap        ] GC(1128) Humongous regions: 80->80
[4177.666s][info][gc,metaspace   ] GC(1128) Metaspace: 28878K(29248K)->28878K(29248K) NonClass: 24010K(24192K)->24010K(24192K) Class: 4868K(5056K)->4868K(5056K)
[4177.666s][info][gc             ] GC(1128) Pause Young (Prepare Mixed) (G1 Evacuation Pause) 3625M->1460M(4096M) 119.958ms
[4177.666s][info][gc,cpu         ] GC(1128) User=0.71s Sys=0.00s Real=0.12s
...[4180.078s][info][gc,start       ] GC(1129) Pause Young (Mixed) (G1 Evacuation Pause)
[4180.078s][info][gc,task        ] GC(1129) Using 6 workers of 6 for evacuation
[4180.210s][info][gc,phases      ] GC(1129)   Pre Evacuate Collection Set: 0.33ms
[4180.210s][info][gc,phases      ] GC(1129)   Merge Heap Roots: 0.60ms
[4180.210s][info][gc,phases      ] GC(1129)   Evacuate Collection Set: 130.57ms
[4180.210s][info][gc,phases      ] GC(1129)   Post Evacuate Collection Set: 1.00ms
[4180.210s][info][gc,phases      ] GC(1129)   Other: 0.08ms
[4180.210s][info][gc,heap        ] GC(1129) Eden regions: 1101->0(1117)
[4180.210s][info][gc,heap        ] GC(1129) Survivor regions: 113->111(152)
[4180.210s][info][gc,heap        ] GC(1129) Old regions: 538->473
[4180.210s][info][gc,heap        ] GC(1129) Humongous regions: 80->80
[4180.210s][info][gc,metaspace   ] GC(1129) Metaspace: 28878K(29248K)->28878K(29248K) NonClass: 24010K(24192K)->24010K(24192K) Class: 4868K(5056K)->4868K(5056K)
[4180.210s][info][gc             ] GC(1129) Pause Young (Mixed) (G1 Evacuation Pause) 3662M->1327M(4096M) 132.708ms
[4180.211s][info][gc,cpu         ] GC(1129) User=0.79s Sys=0.00s Real=0.13s
..[4182.601s][info][gc,start       ] GC(1130) Pause Young (Concurrent Start) (G1 Evacuation Pause)
[4182.601s][info][gc,task        ] GC(1130) Using 6 workers of 6 for evacuation
[4182.720s][info][gc,phases      ] GC(1130)   Pre Evacuate Collection Set: 0.37ms
[4182.720s][info][gc,phases      ] GC(1130)   Merge Heap Roots: 0.43ms
[4182.720s][info][gc,phases      ] GC(1130)   Evacuate Collection Set: 117.35ms
[4182.720s][info][gc,phases      ] GC(1130)   Post Evacuate Collection Set: 0.87ms
[4182.720s][info][gc,phases      ] GC(1130)   Other: 0.12ms
[4182.720s][info][gc,heap        ] GC(1130) Eden regions: 1117->0(1115)
[4182.720s][info][gc,heap        ] GC(1130) Survivor regions: 111->113(154)
[4182.720s][info][gc,heap        ] GC(1130) Old regions: 473->505
[4182.720s][info][gc,heap        ] GC(1130) Humongous regions: 80->80
[4182.720s][info][gc,metaspace   ] GC(1130) Metaspace: 28878K(29248K)->28878K(29248K) NonClass: 24010K(24192K)->24010K(24192K) Class: 4868K(5056K)->4868K(5056K)
[4182.720s][info][gc             ] GC(1130) Pause Young (Concurrent Start) (G1 Evacuation Pause) 3561M->1394M(4096M) 119.272ms
[4182.720s][info][gc             ] GC(1131) Concurrent Mark Cycle
[4182.720s][info][gc,marking     ] GC(1131) Concurrent Scan Root Regions
[4182.720s][info][gc,cpu         ] GC(1130) User=0.71s Sys=0.00s Real=0.12s
[4182.905s][info][gc,marking     ] GC(1131) Concurrent Scan Root Regions 185.093ms
[4182.906s][info][gc,marking     ] GC(1131) Concurrent Mark
[4182.906s][info][gc,marking     ] GC(1131) Concurrent Mark From Roots
[4182.906s][info][gc,task        ] GC(1131) Using 2 workers of 2 for marking
.[4183.973s][info][gc,marking     ] GC(1131) Concurrent Mark From Roots 1067.382ms
[4183.973s][info][gc,marking     ] GC(1131) Concurrent Preclean
[4183.973s][info][gc,marking     ] GC(1131) Concurrent Preclean 0.125ms
[4183.974s][info][gc,start       ] GC(1131) Pause Remark
[4183.978s][info][gc             ] GC(1131) Pause Remark 2502M->2502M(4096M) 3.440ms
[4183.978s][info][gc,cpu         ] GC(1131) User=0.02s Sys=0.00s Real=0.01s
[4183.978s][info][gc,marking     ] GC(1131) Concurrent Mark 1072.333ms
[4183.978s][info][gc,marking     ] GC(1131) Concurrent Rebuild Remembered Sets and Scrub Regions
.[4184.354s][info][gc,marking     ] GC(1131) Concurrent Rebuild Remembered Sets and Scrub Regions 376.321ms
[4184.354s][info][gc,start       ] GC(1131) Pause Cleanup
[4184.354s][info][gc             ] GC(1131) Pause Cleanup 2957M->2957M(4096M) 0.113ms
[4184.354s][info][gc,cpu         ] GC(1131) User=0.00s Sys=0.00s Real=0.00s
[4184.355s][info][gc,marking     ] GC(1131) Concurrent Clear Claimed Marks
[4184.355s][info][gc,marking     ] GC(1131) Concurrent Clear Claimed Marks 0.022ms
[4184.355s][info][gc,marking     ] GC(1131) Concurrent Cleanup for Next Mark
[4184.364s][info][gc,marking     ] GC(1131) Concurrent Cleanup for Next Mark 8.967ms
[4184.364s][info][gc             ] GC(1131) Concurrent Mark Cycle 1643.270ms
[4185.030s][info][gc,start       ] GC(1132) Pause Young (Prepare Mixed) (G1 Evacuation Pause)
[4185.030s][info][gc,task        ] GC(1132) Using 6 workers of 6 for evacuation
[4185.146s][info][gc,phases      ] GC(1132)   Pre Evacuate Collection Set: 0.33ms
[4185.146s][info][gc,phases      ] GC(1132)   Merge Heap Roots: 0.52ms
[4185.146s][info][gc,phases      ] GC(1132)   Evacuate Collection Set: 113.83ms
[4185.146s][info][gc,phases      ] GC(1132)   Post Evacuate Collection Set: 0.93ms
[4185.146s][info][gc,phases      ] GC(1132)   Other: 0.09ms
[4185.146s][info][gc,heap        ] GC(1132) Eden regions: 1115->0(1110)
[4185.146s][info][gc,heap        ] GC(1132) Survivor regions: 113->109(154)
[4185.146s][info][gc,heap        ] GC(1132) Old regions: 505->537
[4185.146s][info][gc,heap        ] GC(1132) Humongous regions: 80->80
[4185.146s][info][gc,metaspace   ] GC(1132) Metaspace: 28878K(29248K)->28878K(29248K) NonClass: 24010K(24192K)->24010K(24192K) Class: 4868K(5056K)->4868K(5056K)
[4185.146s][info][gc             ] GC(1132) Pause Young (Prepare Mixed) (G1 Evacuation Pause) 3624M->1450M(4096M) 115.850ms
[4185.146s][info][gc,cpu         ] GC(1132) User=0.69s Sys=0.00s Real=0.11s
...[4187.561s][info][gc,start       ] GC(1133) Pause Young (Mixed) (G1 Evacuation Pause)
[4187.561s][info][gc,task        ] GC(1133) Using 6 workers of 6 for evacuation
[4187.702s][info][gc,phases      ] GC(1133)   Pre Evacuate Collection Set: 0.36ms
[4187.702s][info][gc,phases      ] GC(1133)   Merge Heap Roots: 0.70ms
[4187.702s][info][gc,phases      ] GC(1133)   Evacuate Collection Set: 139.56ms
[4187.702s][info][gc,phases      ] GC(1133)   Post Evacuate Collection Set: 0.93ms
[4187.702s][info][gc,phases      ] GC(1133)   Other: 0.09ms
[4187.702s][info][gc,heap        ] GC(1133) Eden regions: 1110->0(1112)
[4187.702s][info][gc,heap        ] GC(1133) Survivor regions: 109->116(153)
[4187.702s][info][gc,heap        ] GC(1133) Old regions: 537->475
[4187.702s][info][gc,heap        ] GC(1133) Humongous regions: 80->80
[4187.702s][info][gc,metaspace   ] GC(1133) Metaspace: 28878K(29248K)->28878K(29248K) NonClass: 24010K(24192K)->24010K(24192K) Class: 4868K(5056K)->4868K(5056K)
[4187.702s][info][gc             ] GC(1133) Pause Young (Mixed) (G1 Evacuation Pause) 3670M->1339M(4096M) 141.777ms
[4187.702s][info][gc,cpu         ] GC(1133) User=0.84s Sys=0.00s Real=0.14s
..[4190.063s][info][gc,start       ] GC(1134) Pause Young (Concurrent Start) (G1 Evacuation Pause)
[4190.064s][info][gc,task        ] GC(1134) Using 6 workers of 6 for evacuation
[4190.184s][info][gc,phases      ] GC(1134)   Pre Evacuate Collection Set: 0.36ms
[4190.184s][info][gc,phases      ] GC(1134)   Merge Heap Roots: 0.47ms
[4190.184s][info][gc,phases      ] GC(1134)   Evacuate Collection Set: 118.23ms
[4190.184s][info][gc,phases      ] GC(1134)   Post Evacuate Collection Set: 0.91ms
[4190.184s][info][gc,phases      ] GC(1134)   Other: 0.13ms
[4190.184s][info][gc,heap        ] GC(1134) Eden regions: 1112->0(1115)
[4190.184s][info][gc,heap        ] GC(1134) Survivor regions: 116->113(154)
[4190.184s][info][gc,heap        ] GC(1134) Old regions: 475->505
[4190.184s][info][gc,heap        ] GC(1134) Humongous regions: 80->80
[4190.184s][info][gc,metaspace   ] GC(1134) Metaspace: 28878K(29248K)->28878K(29248K) NonClass: 24010K(24192K)->24010K(24192K) Class: 4868K(5056K)->4868K(5056K)
[4190.184s][info][gc             ] GC(1134) Pause Young (Concurrent Start) (G1 Evacuation Pause) 3563M->1395M(4096M) 120.226ms
[4190.184s][info][gc             ] GC(1135) Concurrent Mark Cycle
[4190.184s][info][gc,marking     ] GC(1135) Concurrent Scan Root Regions
[4190.184s][info][gc,cpu         ] GC(1134) User=0.71s Sys=0.00s Real=0.12s
. (rIR:aIR:PR = 7472:7446:7448) (tPR = 110152) [OK] 
  4190s: Performance info:
         Transaction,    Success,    Partial,     Failed,   Receipts, AvgBarcode, 
             Overall,     452041,          0,          0,     429408,      59.47, 
         Response times:
             Request,    Success,    Partial,     Failed,   SkipFail,     Probes,    Samples,      min,      p50,      p90,      p95,      p99,      max, 
       TotalPurchase,     429523,          0,          0,          0,     360478,     415321,      300,     6100,    74000,   119000,   195000,   577000,
     InStorePurchase,     226175,          0,          0,          0,     189480,     218443,      300,     6000,    73000,   120000,   196000,   400000,
      OnlinePurchase,     158114,          0,          0,          0,     132956,     153120,      300,     6200,    75000,   119000,   194000,   577000,
        InstPurchase,      45234,          0,          0,          0,      38042,      43758,      400,     6300,    73000,   119000,   197410,   378000,
          AssocOfCat,        452,          0,          0,          0,        373,        525,    27000,    44000,   155400,   208000,   269000,   322000,
      AssocOfProduct,       4530,          0,          0,          0,       4260,       5190,      500,     6300,    69000,   112000,   203000,   285000,
      BusinessReport,       1126,          0,          0,          0,        993,       1314,    28000,    47000,   158000,   202000,   273550,   433000,
          CustBuyBeh,       4528,          0,          0,          0,       4155,       4984,      300,     6300,    68000,   113000,   203000,   252000,
       ProductReturn,      12004,          0,          0,          0,      10224,      12020,      200,     5800,    68900,   115000,   195000,   333000,

  4190s: (55%)   IR =   7610 [4190.433s][info][gc,marking     ] GC(1135) Concurrent Scan Root Regions 248.947ms
[4190.433s][info][gc,marking     ] GC(1135) Concurrent Mark
[4190.433s][info][gc,marking     ] GC(1135) Concurrent Mark From Roots
[4190.433s][info][gc,task        ] GC(1135) Using 2 workers of 2 for marking
[4191.469s][info][gc,marking     ] GC(1135) Concurrent Mark From Roots 1036.149ms
[4191.469s][info][gc,marking     ] GC(1135) Concurrent Preclean
[4191.469s][info][gc,marking     ] GC(1135) Concurrent Preclean 0.125ms
[4191.470s][info][gc,start       ] GC(1135) Pause Remark
[4191.474s][info][gc             ] GC(1135) Pause Remark 2553M->2553M(4096M) 4.459ms
[4191.474s][info][gc,cpu         ] GC(1135) User=0.02s Sys=0.00s Real=0.00s
[4191.475s][info][gc,marking     ] GC(1135) Concurrent Mark 1042.736ms
[4191.475s][info][gc,marking     ] GC(1135) Concurrent Rebuild Remembered Sets and Scrub Regions
.[4191.886s][info][gc,marking     ] GC(1135) Concurrent Rebuild Remembered Sets and Scrub Regions 410.752ms
[4191.886s][info][gc,start       ] GC(1135) Pause Cleanup
[4191.887s][info][gc             ] GC(1135) Pause Cleanup 2927M->2927M(4096M) 0.119ms
[4191.887s][info][gc,cpu         ] GC(1135) User=0.00s Sys=0.00s Real=0.00s
[4191.887s][info][gc,marking     ] GC(1135) Concurrent Clear Claimed Marks
[4191.887s][info][gc,marking     ] GC(1135) Concurrent Clear Claimed Marks 0.037ms
[4191.887s][info][gc,marking     ] GC(1135) Concurrent Cleanup for Next Mark
[4191.894s][info][gc,marking     ] GC(1135) Concurrent Cleanup for Next Mark 7.240ms
[4191.894s][info][gc             ] GC(1135) Concurrent Mark Cycle 1710.470ms
.[4192.591s][info][gc,start       ] GC(1136) Pause Young (Prepare Mixed) (G1 Evacuation Pause)
[4192.591s][info][gc,task        ] GC(1136) Using 6 workers of 6 for evacuation
[4192.711s][info][gc,phases      ] GC(1136)   Pre Evacuate Collection Set: 0.31ms
[4192.711s][info][gc,phases      ] GC(1136)   Merge Heap Roots: 0.50ms
[4192.711s][info][gc,phases      ] GC(1136)   Evacuate Collection Set: 117.90ms
[4192.711s][info][gc,phases      ] GC(1136)   Post Evacuate Collection Set: 0.98ms
[4192.711s][info][gc,phases      ] GC(1136)   Other: 0.09ms
[4192.711s][info][gc,heap        ] GC(1136) Eden regions: 1115->0(1102)
[4192.711s][info][gc,heap        ] GC(1136) Survivor regions: 113->113(154)
[4192.711s][info][gc,heap        ] GC(1136) Old regions: 505->537
[4192.711s][info][gc,heap        ] GC(1136) Humongous regions: 80->80
[4192.711s][info][gc,metaspace   ] GC(1136) Metaspace: 28879K(29248K)->28879K(29248K) NonClass: 24010K(24192K)->24010K(24192K) Class: 4868K(5056K)->4868K(5056K)
[4192.711s][info][gc             ] GC(1136) Pause Young (Prepare Mixed) (G1 Evacuation Pause) 3625M->1458M(4096M) 119.903ms
[4192.711s][info][gc,cpu         ] GC(1136) User=0.71s Sys=0.00s Real=0.12s
..[4194.956s][info][gc,start       ] GC(1137) Pause Young (Mixed) (G1 Evacuation Pause)
[4194.956s][info][gc,task        ] GC(1137) Using 6 workers of 6 for evacuation
[4195.094s][info][gc,phases      ] GC(1137)   Pre Evacuate Collection Set: 0.33ms
[4195.094s][info][gc,phases      ] GC(1137)   Merge Heap Roots: 0.62ms
[4195.094s][info][gc,phases      ] GC(1137)   Evacuate Collection Set: 135.73ms
[4195.094s][info][gc,phases      ] GC(1137)   Post Evacuate Collection Set: 1.01ms
[4195.094s][info][gc,phases      ] GC(1137)   Other: 0.09ms
[4195.094s][info][gc,heap        ] GC(1137) Eden regions: 1102->0(1116)
[4195.094s][info][gc,heap        ] GC(1137) Survivor regions: 113->112(152)
[4195.094s][info][gc,heap        ] GC(1137) Old regions: 537->473
[4195.094s][info][gc,heap        ] GC(1137) Humongous regions: 80->80
[4195.094s][info][gc,metaspace   ] GC(1137) Metaspace: 28879K(29248K)->28879K(29248K) NonClass: 24010K(24192K)->24010K(24192K) Class: 4868K(5056K)->4868K(5056K)
[4195.094s][info][gc             ] GC(1137) Pause Young (Mixed) (G1 Evacuation Pause) 3662M->1329M(4096M) 137.921ms
[4195.094s][info][gc,cpu         ] GC(1137) User=0.82s Sys=0.00s Real=0.14s
..[4197.447s][info][gc,start       ] GC(1138) Pause Young (Concurrent Start) (G1 Evacuation Pause)
[4197.447s][info][gc,task        ] GC(1138) Using 6 workers of 6 for evacuation
[4197.565s][info][gc,phases      ] GC(1138)   Pre Evacuate Collection Set: 0.36ms
[4197.565s][info][gc,phases      ] GC(1138)   Merge Heap Roots: 0.53ms
[4197.565s][info][gc,phases      ] GC(1138)   Evacuate Collection Set: 115.66ms
[4197.565s][info][gc,phases      ] GC(1138)   Post Evacuate Collection Set: 0.89ms
[4197.565s][info][gc,phases      ] GC(1138)   Other: 0.11ms
[4197.565s][info][gc,heap        ] GC(1138) Eden regions: 1116->0(1118)
[4197.565s][info][gc,heap        ] GC(1138) Survivor regions: 112->110(154)
[4197.565s][info][gc,heap        ] GC(1138) Old regions: 473->506
[4197.565s][info][gc,heap        ] GC(1138) Humongous regions: 80->80
[4197.565s][info][gc,metaspace   ] GC(1138) Metaspace: 28879K(29248K)->28879K(29248K) NonClass: 24010K(24192K)->24010K(24192K) Class: 4868K(5056K)->4868K(5056K)
[4197.565s][info][gc             ] GC(1138) Pause Young (Concurrent Start) (G1 Evacuation Pause) 3561M->1391M(4096M) 117.685ms
[4197.565s][info][gc             ] GC(1139) Concurrent Mark Cycle
[4197.565s][info][gc,marking     ] GC(1139) Concurrent Scan Root Regions
[4197.565s][info][gc,cpu         ] GC(1138) User=0.70s Sys=0.01s Real=0.12s
.[4197.764s][info][gc,marking     ] GC(1139) Concurrent Scan Root Regions 198.903ms
[4197.764s][info][gc,marking     ] GC(1139) Concurrent Mark
[4197.764s][info][gc,marking     ] GC(1139) Concurrent Mark From Roots
[4197.764s][info][gc,task        ] GC(1139) Using 2 workers of 2 for marking
.[4198.790s][info][gc,marking     ] GC(1139) Concurrent Mark From Roots 1026.275ms
[4198.790s][info][gc,marking     ] GC(1139) Concurrent Preclean
[4198.790s][info][gc,marking     ] GC(1139) Concurrent Preclean 0.150ms
[4198.793s][info][gc,start       ] GC(1139) Pause Remark
[4198.797s][info][gc             ] GC(1139) Pause Remark 2483M->2483M(4096M) 3.746ms
[4198.797s][info][gc,cpu         ] GC(1139) User=0.02s Sys=0.00s Real=0.00s
[4198.797s][info][gc,marking     ] GC(1139) Concurrent Mark 1033.029ms
[4198.797s][info][gc,marking     ] GC(1139) Concurrent Rebuild Remembered Sets and Scrub Regions
[4199.066s][info][gc,marking     ] GC(1139) Concurrent Rebuild Remembered Sets and Scrub Regions 268.719ms
[4199.066s][info][gc,start       ] GC(1139) Pause Cleanup
[4199.066s][info][gc             ] GC(1139) Pause Cleanup 2770M->2770M(4096M) 0.122ms
[4199.066s][info][gc,cpu         ] GC(1139) User=0.00s Sys=0.00s Real=0.00s
[4199.067s][info][gc,marking     ] GC(1139) Concurrent Clear Claimed Marks
[4199.067s][info][gc,marking     ] GC(1139) Concurrent Clear Claimed Marks 0.040ms
[4199.067s][info][gc,marking     ] GC(1139) Concurrent Cleanup for Next Mark
[4199.074s][info][gc,marking     ] GC(1139) Concurrent Cleanup for Next Mark 6.374ms
[4199.074s][info][gc             ] GC(1139) Concurrent Mark Cycle 1508.804ms
.|[4200.005s][info][gc,start       ] GC(1140) Pause Young (Prepare Mixed) (G1 Evacuation Pause)
[4200.005s][info][gc,task        ] GC(1140) Using 6 workers of 6 for evacuation
[4200.127s][info][gc,phases      ] GC(1140)   Pre Evacuate Collection Set: 0.33ms
[4200.127s][info][gc,phases      ] GC(1140)   Merge Heap Roots: 0.55ms
[4200.127s][info][gc,phases      ] GC(1140)   Evacuate Collection Set: 120.21ms
[4200.127s][info][gc,phases      ] GC(1140)   Post Evacuate Collection Set: 0.99ms
[4200.127s][info][gc,phases      ] GC(1140)   Other: 0.08ms
[4200.127s][info][gc,heap        ] GC(1140) Eden regions: 1118->0(1099)
[4200.127s][info][gc,heap        ] GC(1140) Survivor regions: 110->114(154)
[4200.127s][info][gc,heap        ] GC(1140) Old regions: 506->538
[4200.127s][info][gc,heap        ] GC(1140) Humongous regions: 80->80
[4200.127s][info][gc,metaspace   ] GC(1140) Metaspace: 28879K(29248K)->28879K(29248K) NonClass: 24010K(24192K)->24010K(24192K) Class: 4868K(5056K)->4868K(5056K)
[4200.127s][info][gc             ] GC(1140) Pause Young (Prepare Mixed) (G1 Evacuation Pause) 3627M->1461M(4096M) 122.330ms
[4200.127s][info][gc,cpu         ] GC(1140) User=0.73s Sys=0.00s Real=0.13s
..[4202.397s][info][gc,start       ] GC(1141) Pause Young (Mixed) (G1 Evacuation Pause)
[4202.397s][info][gc,task        ] GC(1141) Using 6 workers of 6 for evacuation
[4202.529s][info][gc,phases      ] GC(1141)   Pre Evacuate Collection Set: 0.34ms
[4202.529s][info][gc,phases      ] GC(1141)   Merge Heap Roots: 0.63ms
[4202.529s][info][gc,phases      ] GC(1141)   Evacuate Collection Set: 130.20ms
[4202.529s][info][gc,phases      ] GC(1141)   Post Evacuate Collection Set: 0.96ms
[4202.529s][info][gc,phases      ] GC(1141)   Other: 0.09ms
[4202.529s][info][gc,heap        ] GC(1141) Eden regions: 1099->0(1118)
[4202.529s][info][gc,heap        ] GC(1141) Survivor regions: 114->110(152)
[4202.529s][info][gc,heap        ] GC(1141) Old regions: 538->474
[4202.529s][info][gc,heap        ] GC(1141) Humongous regions: 80->80
[4202.529s][info][gc,metaspace   ] GC(1141) Metaspace: 28879K(29248K)->28879K(29248K) NonClass: 24010K(24192K)->24010K(24192K) Class: 4868K(5056K)->4868K(5056K)
[4202.529s][info][gc             ] GC(1141) Pause Young (Mixed) (G1 Evacuation Pause) 3659M->1326M(4096M) 132.349ms
[4202.529s][info][gc,cpu         ] GC(1141) User=0.79s Sys=0.00s Real=0.14s
...[4204.889s][info][gc,start       ] GC(1142) Pause Young (Concurrent Start) (G1 Evacuation Pause)
[4204.890s][info][gc,task        ] GC(1142) Using 6 workers of 6 for evacuation
[4205.007s][info][gc,phases      ] GC(1142)   Pre Evacuate Collection Set: 0.38ms
[4205.007s][info][gc,phases      ] GC(1142)   Merge Heap Roots: 0.44ms
[4205.007s][info][gc,phases      ] GC(1142)   Evacuate Collection Set: 115.23ms
[4205.007s][info][gc,phases      ] GC(1142)   Post Evacuate Collection Set: 0.88ms
[4205.007s][info][gc,phases      ] GC(1142)   Other: 0.10ms
[4205.007s][info][gc,heap        ] GC(1142) Eden regions: 1118->0(1119)
[4205.007s][info][gc,heap        ] GC(1142) Survivor regions: 110->109(154)
[4205.007s][info][gc,heap        ] GC(1142) Old regions: 474->506
[4205.007s][info][gc,heap        ] GC(1142) Humongous regions: 80->80
[4205.007s][info][gc,metaspace   ] GC(1142) Metaspace: 28879K(29248K)->28879K(29248K) NonClass: 24010K(24192K)->24010K(24192K) Class: 4868K(5056K)->4868K(5056K)
[4205.007s][info][gc             ] GC(1142) Pause Young (Concurrent Start) (G1 Evacuation Pause) 3562M->1388M(4096M) 117.180ms
[4205.007s][info][gc             ] GC(1143) Concurrent Mark Cycle
[4205.007s][info][gc,marking     ] GC(1143) Concurrent Scan Root Regions
[4205.007s][info][gc,cpu         ] GC(1142) User=0.69s Sys=0.00s Real=0.11s
[4205.186s][info][gc,marking     ] GC(1143) Concurrent Scan Root Regions 179.180ms
[4205.186s][info][gc,marking     ] GC(1143) Concurrent Mark
[4205.186s][info][gc,marking     ] GC(1143) Concurrent Mark From Roots
[4205.186s][info][gc,task        ] GC(1143) Using 2 workers of 2 for marking
.[4206.172s][info][gc,marking     ] GC(1143) Concurrent Mark From Roots 985.964ms
[4206.172s][info][gc,marking     ] GC(1143) Concurrent Preclean
[4206.172s][info][gc,marking     ] GC(1143) Concurrent Preclean 0.082ms
[4206.172s][info][gc,start       ] GC(1143) Pause Remark
[4206.175s][info][gc             ] GC(1143) Pause Remark 2507M->2507M(4096M) 3.150ms
[4206.175s][info][gc,cpu         ] GC(1143) User=0.01s Sys=0.00s Real=0.00s
[4206.175s][info][gc,marking     ] GC(1143) Concurrent Mark 989.439ms
[4206.175s][info][gc,marking     ] GC(1143) Concurrent Rebuild Remembered Sets and Scrub Regions
[4206.547s][info][gc,marking     ] GC(1143) Concurrent Rebuild Remembered Sets and Scrub Regions 371.847ms
[4206.548s][info][gc,start       ] GC(1143) Pause Cleanup
[4206.548s][info][gc             ] GC(1143) Pause Cleanup 2880M->2880M(4096M) 0.121ms
[4206.548s][info][gc,cpu         ] GC(1143) User=0.00s Sys=0.00s Real=0.00s
[4206.548s][info][gc,marking     ] GC(1143) Concurrent Clear Claimed Marks
[4206.548s][info][gc,marking     ] GC(1143) Concurrent Clear Claimed Marks 0.036ms
[4206.548s][info][gc,marking     ] GC(1143) Concurrent Cleanup for Next Mark
[4206.556s][info][gc,marking     ] GC(1143) Concurrent Cleanup for Next Mark 7.828ms
[4206.556s][info][gc             ] GC(1143) Concurrent Mark Cycle 1549.624ms
.[4207.354s][info][gc,start       ] GC(1144) Pause Young (Prepare Mixed) (G1 Evacuation Pause)
[4207.354s][info][gc,task        ] GC(1144) Using 6 workers of 6 for evacuation
[4207.471s][info][gc,phases      ] GC(1144)   Pre Evacuate Collection Set: 0.33ms
[4207.471s][info][gc,phases      ] GC(1144)   Merge Heap Roots: 0.54ms
[4207.471s][info][gc,phases      ] GC(1144)   Evacuate Collection Set: 115.24ms
[4207.471s][info][gc,phases      ] GC(1144)   Post Evacuate Collection Set: 0.91ms
[4207.471s][info][gc,phases      ] GC(1144)   Other: 0.09ms
[4207.471s][info][gc,heap        ] GC(1144) Eden regions: 1119->0(1108)
[4207.471s][info][gc,heap        ] GC(1144) Survivor regions: 109->110(154)
[4207.471s][info][gc,heap        ] GC(1144) Old regions: 506->537
[4207.471s][info][gc,heap        ] GC(1144) Humongous regions: 80->80
[4207.471s][info][gc,metaspace   ] GC(1144) Metaspace: 28879K(29248K)->28879K(29248K) NonClass: 24010K(24192K)->24010K(24192K) Class: 4868K(5056K)->4868K(5056K)
[4207.471s][info][gc             ] GC(1144) Pause Young (Prepare Mixed) (G1 Evacuation Pause) 3626M->1453M(4096M) 117.237ms
[4207.471s][info][gc,cpu         ] GC(1144) User=0.70s Sys=0.00s Real=0.12s
..[4209.799s][info][gc,start       ] GC(1145) Pause Young (Mixed) (G1 Evacuation Pause)
[4209.799s][info][gc,task        ] GC(1145) Using 6 workers of 6 for evacuation
[4209.933s][info][gc,phases      ] GC(1145)   Pre Evacuate Collection Set: 0.42ms
[4209.933s][info][gc,phases      ] GC(1145)   Merge Heap Roots: 0.84ms
[4209.933s][info][gc,phases      ] GC(1145)   Evacuate Collection Set: 131.24ms
[4209.933s][info][gc,phases      ] GC(1145)   Post Evacuate Collection Set: 0.95ms
[4209.933s][info][gc,phases      ] GC(1145)   Other: 0.82ms
[4209.933s][info][gc,heap        ] GC(1145) Eden regions: 1108->0(1120)
[4209.933s][info][gc,heap        ] GC(1145) Survivor regions: 110->108(153)
[4209.933s][info][gc,heap        ] GC(1145) Old regions: 537->475
[4209.933s][info][gc,heap        ] GC(1145) Humongous regions: 80->80
[4209.933s][info][gc,metaspace   ] GC(1145) Metaspace: 28879K(29248K)->28879K(29248K) NonClass: 24010K(24192K)->24010K(24192K) Class: 4868K(5056K)->4868K(5056K)
[4209.933s][info][gc             ] GC(1145) Pause Young (Mixed) (G1 Evacuation Pause) 3669M->1325M(4096M) 134.414ms
[4209.933s][info][gc,cpu         ] GC(1145) User=0.79s Sys=0.00s Real=0.13s
...[4212.290s][info][gc,start       ] GC(1146) Pause Young (Concurrent Start) (G1 Evacuation Pause)
[4212.290s][info][gc,task        ] GC(1146) Using 6 workers of 6 for evacuation
[4212.412s][info][gc,phases      ] GC(1146)   Pre Evacuate Collection Set: 0.36ms
[4212.412s][info][gc,phases      ] GC(1146)   Merge Heap Roots: 0.49ms
[4212.412s][info][gc,phases      ] GC(1146)   Evacuate Collection Set: 120.14ms
[4212.412s][info][gc,phases      ] GC(1146)   Post Evacuate Collection Set: 0.87ms
[4212.412s][info][gc,phases      ] GC(1146)   Other: 0.11ms
[4212.412s][info][gc,heap        ] GC(1146) Eden regions: 1120->0(1115)
[4212.412s][info][gc,heap        ] GC(1146) Survivor regions: 108->113(154)
[4212.412s][info][gc,heap        ] GC(1146) Old regions: 475->508
[4212.412s][info][gc,heap        ] GC(1146) Humongous regions: 80->80
[4212.412s][info][gc,metaspace   ] GC(1146) Metaspace: 28879K(29248K)->28879K(29248K) NonClass: 24010K(24192K)->24010K(24192K) Class: 4868K(5056K)->4868K(5056K)
[4212.412s][info][gc             ] GC(1146) Pause Young (Concurrent Start) (G1 Evacuation Pause) 3565M->1399M(4096M) 122.104ms
[4212.412s][info][gc             ] GC(1147) Concurrent Mark Cycle
[4212.412s][info][gc,marking     ] GC(1147) Concurrent Scan Root Regions
[4212.412s][info][gc,cpu         ] GC(1146) User=0.73s Sys=0.00s Real=0.12s
[4212.596s][info][gc,marking     ] GC(1147) Concurrent Scan Root Regions 183.352ms
[4212.596s][info][gc,marking     ] GC(1147) Concurrent Mark
[4212.596s][info][gc,marking     ] GC(1147) Concurrent Mark From Roots
[4212.596s][info][gc,task        ] GC(1147) Using 2 workers of 2 for marking
.[4213.602s][info][gc,marking     ] GC(1147) Concurrent Mark From Roots 1006.834ms
[4213.603s][info][gc,marking     ] GC(1147) Concurrent Preclean
[4213.603s][info][gc,marking     ] GC(1147) Concurrent Preclean 0.128ms
[4213.603s][info][gc,start       ] GC(1147) Pause Remark
[4213.606s][info][gc             ] GC(1147) Pause Remark 2512M->2512M(4096M) 3.396ms
[4213.606s][info][gc,cpu         ] GC(1147) User=0.01s Sys=0.00s Real=0.00s
[4213.608s][info][gc,marking     ] GC(1147) Concurrent Mark 1012.716ms
[4213.608s][info][gc,marking     ] GC(1147) Concurrent Rebuild Remembered Sets and Scrub Regions
.[4214.021s][info][gc,marking     ] GC(1147) Concurrent Rebuild Remembered Sets and Scrub Regions 412.384ms
[4214.021s][info][gc,start       ] GC(1147) Pause Cleanup
[4214.021s][info][gc             ] GC(1147) Pause Cleanup 2913M->2913M(4096M) 0.113ms
[4214.021s][info][gc,cpu         ] GC(1147) User=0.00s Sys=0.00s Real=0.00s
[4214.021s][info][gc,marking     ] GC(1147) Concurrent Clear Claimed Marks
[4214.021s][info][gc,marking     ] GC(1147) Concurrent Clear Claimed Marks 0.031ms
[4214.021s][info][gc,marking     ] GC(1147) Concurrent Cleanup for Next Mark
[4214.026s][info][gc,marking     ] GC(1147) Concurrent Cleanup for Next Mark 5.099ms
[4214.026s][info][gc             ] GC(1147) Concurrent Mark Cycle 1614.126ms
[4214.810s][info][gc,start       ] GC(1148) Pause Young (Prepare Mixed) (G1 Evacuation Pause)
[4214.810s][info][gc,task        ] GC(1148) Using 6 workers of 6 for evacuation
[4214.925s][info][gc,phases      ] GC(1148)   Pre Evacuate Collection Set: 0.33ms
[4214.925s][info][gc,phases      ] GC(1148)   Merge Heap Roots: 0.50ms
[4214.925s][info][gc,phases      ] GC(1148)   Evacuate Collection Set: 113.55ms
[4214.925s][info][gc,phases      ] GC(1148)   Post Evacuate Collection Set: 0.91ms
[4214.925s][info][gc,phases      ] GC(1148)   Other: 0.09ms
[4214.925s][info][gc,heap        ] GC(1148) Eden regions: 1115->0(1108)
[4214.925s][info][gc,heap        ] GC(1148) Survivor regions: 113->109(154)
[4214.925s][info][gc,heap        ] GC(1148) Old regions: 508->539
[4214.925s][info][gc,heap        ] GC(1148) Humongous regions: 80->80
[4214.925s][info][gc,metaspace   ] GC(1148) Metaspace: 28879K(29248K)->28879K(29248K) NonClass: 24010K(24192K)->24010K(24192K) Class: 4868K(5056K)->4868K(5056K)
[4214.925s][info][gc             ] GC(1148) Pause Young (Prepare Mixed) (G1 Evacuation Pause) 3629M->1455M(4096M) 115.516ms
[4214.925s][info][gc,cpu         ] GC(1148) User=0.69s Sys=0.00s Real=0.11s
...[4217.232s][info][gc,start       ] GC(1149) Pause Young (Mixed) (G1 Evacuation Pause)
[4217.232s][info][gc,task        ] GC(1149) Using 6 workers of 6 for evacuation
[4217.364s][info][gc,phases      ] GC(1149)   Pre Evacuate Collection Set: 0.38ms
[4217.364s][info][gc,phases      ] GC(1149)   Merge Heap Roots: 0.68ms
[4217.364s][info][gc,phases      ] GC(1149)   Evacuate Collection Set: 129.75ms
[4217.364s][info][gc,phases      ] GC(1149)   Post Evacuate Collection Set: 0.92ms
[4217.364s][info][gc,phases      ] GC(1149)   Other: 0.09ms
[4217.364s][info][gc,heap        ] GC(1149) Eden regions: 1108->0(1118)
[4217.364s][info][gc,heap        ] GC(1149) Survivor regions: 109->110(153)
[4217.364s][info][gc,heap        ] GC(1149) Old regions: 539->475
[4217.364s][info][gc,heap        ] GC(1149) Humongous regions: 80->80
[4217.364s][info][gc,metaspace   ] GC(1149) Metaspace: 28879K(29248K)->28879K(29248K) NonClass: 24010K(24192K)->24010K(24192K) Class: 4868K(5056K)->4868K(5056K)
[4217.364s][info][gc             ] GC(1149) Pause Young (Mixed) (G1 Evacuation Pause) 3671M->1327M(4096M) 131.937ms
[4217.364s][info][gc,cpu         ] GC(1149) User=0.78s Sys=0.00s Real=0.13s
..[4219.686s][info][gc,start       ] GC(1150) Pause Young (Concurrent Start) (G1 Evacuation Pause)
[4219.686s][info][gc,task        ] GC(1150) Using 6 workers of 6 for evacuation
[4219.800s][info][gc,phases      ] GC(1150)   Pre Evacuate Collection Set: 0.36ms
[4219.800s][info][gc,phases      ] GC(1150)   Merge Heap Roots: 0.47ms
[4219.800s][info][gc,phases      ] GC(1150)   Evacuate Collection Set: 112.75ms
[4219.800s][info][gc,phases      ] GC(1150)   Post Evacuate Collection Set: 0.89ms
[4219.800s][info][gc,phases      ] GC(1150)   Other: 0.12ms
[4219.800s][info][gc,heap        ] GC(1150) Eden regions: 1118->0(1120)
[4219.800s][info][gc,heap        ] GC(1150) Survivor regions: 110->108(154)
[4219.800s][info][gc,heap        ] GC(1150) Old regions: 475->507
[4219.800s][info][gc,heap        ] GC(1150) Humongous regions: 80->80
[4219.800s][info][gc,metaspace   ] GC(1150) Metaspace: 28879K(29248K)->28879K(29248K) NonClass: 24010K(24192K)->24010K(24192K) Class: 4868K(5056K)->4868K(5056K)
[4219.800s][info][gc             ] GC(1150) Pause Young (Concurrent Start) (G1 Evacuation Pause) 3563M->1387M(4096M) 114.736ms
[4219.800s][info][gc             ] GC(1151) Concurrent Mark Cycle
[4219.800s][info][gc,marking     ] GC(1151) Concurrent Scan Root Regions
[4219.800s][info][gc,cpu         ] GC(1150) User=0.68s Sys=0.00s Real=0.12s
[4219.917s][info][gc,marking     ] GC(1151) Concurrent Scan Root Regions 116.579ms
[4219.917s][info][gc,marking     ] GC(1151) Concurrent Mark
[4219.917s][info][gc,marking     ] GC(1151) Concurrent Mark From Roots
[4219.917s][info][gc,task        ] GC(1151) Using 2 workers of 2 for marking
.[4220.471s][info][gc,marking     ] GC(1151) Concurrent Mark From Roots 554.490ms
[4220.471s][info][gc,marking     ] GC(1151) Concurrent Preclean
[4220.472s][info][gc,marking     ] GC(1151) Concurrent Preclean 0.100ms
[4220.473s][info][gc,start       ] GC(1151) Pause Remark
[4220.476s][info][gc             ] GC(1151) Pause Remark 1923M->1923M(4096M) 2.619ms
[4220.476s][info][gc,cpu         ] GC(1151) User=0.01s Sys=0.00s Real=0.00s
[4220.477s][info][gc,marking     ] GC(1151) Concurrent Mark 560.437ms
[4220.477s][info][gc,marking     ] GC(1151) Concurrent Rebuild Remembered Sets and Scrub Regions
[4220.801s][info][gc,marking     ] GC(1151) Concurrent Rebuild Remembered Sets and Scrub Regions 323.653ms
[4220.804s][info][gc,start       ] GC(1151) Pause Cleanup
[4220.804s][info][gc             ] GC(1151) Pause Cleanup 2229M->2229M(4096M) 0.137ms
[4220.804s][info][gc,cpu         ] GC(1151) User=0.00s Sys=0.00s Real=0.00s
[4220.804s][info][gc,marking     ] GC(1151) Concurrent Clear Claimed Marks
[4220.804s][info][gc,marking     ] GC(1151) Concurrent Clear Claimed Marks 0.032ms
[4220.804s][info][gc,marking     ] GC(1151) Concurrent Cleanup for Next Mark
[4220.814s][info][gc,marking     ] GC(1151) Concurrent Cleanup for Next Mark 9.792ms
[4220.814s][info][gc             ] GC(1151) Concurrent Mark Cycle 1013.977ms
..[4222.154s][info][gc,start       ] GC(1152) Pause Young (Prepare Mixed) (G1 Evacuation Pause)
[4222.154s][info][gc,task        ] GC(1152) Using 6 workers of 6 for evacuation
[4222.276s][info][gc,phases      ] GC(1152)   Pre Evacuate Collection Set: 0.30ms
[4222.276s][info][gc,phases      ] GC(1152)   Merge Heap Roots: 0.47ms
[4222.276s][info][gc,phases      ] GC(1152)   Evacuate Collection Set: 119.50ms
[4222.276s][info][gc,phases      ] GC(1152)   Post Evacuate Collection Set: 0.95ms
[4222.276s][info][gc,phases      ] GC(1152)   Other: 0.09ms
[4222.276s][info][gc,heap        ] GC(1152) Eden regions: 1120->0(1099)
[4222.276s][info][gc,heap        ] GC(1152) Survivor regions: 108->114(154)
[4222.276s][info][gc,heap        ] GC(1152) Old regions: 507->538
[4222.276s][info][gc,heap        ] GC(1152) Humongous regions: 80->80
[4222.276s][info][gc,metaspace   ] GC(1152) Metaspace: 28879K(29248K)->28879K(29248K) NonClass: 24010K(24192K)->24010K(24192K) Class: 4868K(5056K)->4868K(5056K)
[4222.276s][info][gc             ] GC(1152) Pause Young (Prepare Mixed) (G1 Evacuation Pause) 3627M->1462M(4096M) 121.443ms
[4222.276s][info][gc,cpu         ] GC(1152) User=0.72s Sys=0.00s Real=0.12s
..[4224.674s][info][gc,start       ] GC(1153) Pause Young (Mixed) (G1 Evacuation Pause)
[4224.674s][info][gc,task        ] GC(1153) Using 6 workers of 6 for evacuation
[4224.810s][info][gc,phases      ] GC(1153)   Pre Evacuate Collection Set: 0.38ms
[4224.810s][info][gc,phases      ] GC(1153)   Merge Heap Roots: 0.68ms
[4224.810s][info][gc,phases      ] GC(1153)   Evacuate Collection Set: 134.09ms
[4224.810s][info][gc,phases      ] GC(1153)   Post Evacuate Collection Set: 0.94ms
[4224.810s][info][gc,phases      ] GC(1153)   Other: 0.09ms
[4224.810s][info][gc,heap        ] GC(1153) Eden regions: 1099->0(1118)
[4224.810s][info][gc,heap        ] GC(1153) Survivor regions: 114->110(152)
[4224.810s][info][gc,heap        ] GC(1153) Old regions: 538->474
[4224.810s][info][gc,heap        ] GC(1153) Humongous regions: 80->80
[4224.810s][info][gc,metaspace   ] GC(1153) Metaspace: 28879K(29248K)->28879K(29248K) NonClass: 24010K(24192K)->24010K(24192K) Class: 4868K(5056K)->4868K(5056K)
[4224.810s][info][gc             ] GC(1153) Pause Young (Mixed) (G1 Evacuation Pause) 3660M->1327M(4096M) 136.327ms
[4224.810s][info][gc,cpu         ] GC(1153) User=0.81s Sys=0.00s Real=0.14s
...[4227.049s][info][gc,start       ] GC(1154) Pause Young (Concurrent Start) (G1 Evacuation Pause)
[4227.049s][info][gc,task        ] GC(1154) Using 6 workers of 6 for evacuation
[4227.165s][info][gc,phases      ] GC(1154)   Pre Evacuate Collection Set: 0.36ms
[4227.165s][info][gc,phases      ] GC(1154)   Merge Heap Roots: 0.48ms
[4227.165s][info][gc,phases      ] GC(1154)   Evacuate Collection Set: 114.99ms
[4227.165s][info][gc,phases      ] GC(1154)   Post Evacuate Collection Set: 0.91ms
[4227.165s][info][gc,phases      ] GC(1154)   Other: 0.12ms
[4227.165s][info][gc,heap        ] GC(1154) Eden regions: 1118->0(1119)
[4227.165s][info][gc,heap        ] GC(1154) Survivor regions: 110->109(154)
[4227.165s][info][gc,heap        ] GC(1154) Old regions: 474->506
[4227.165s][info][gc,heap        ] GC(1154) Humongous regions: 80->80
[4227.166s][info][gc,metaspace   ] GC(1154) Metaspace: 28879K(29248K)->28879K(29248K) NonClass: 24010K(24192K)->24010K(24192K) Class: 4868K(5056K)->4868K(5056K)
[4227.166s][info][gc             ] GC(1154) Pause Young (Concurrent Start) (G1 Evacuation Pause) 3563M->1389M(4096M) 117.009ms
[4227.166s][info][gc             ] GC(1155) Concurrent Mark Cycle
[4227.166s][info][gc,marking     ] GC(1155) Concurrent Scan Root Regions
[4227.166s][info][gc,cpu         ] GC(1154) User=0.70s Sys=0.00s Real=0.11s
[4227.278s][info][gc,marking     ] GC(1155) Concurrent Scan Root Regions 112.483ms
[4227.278s][info][gc,marking     ] GC(1155) Concurrent Mark
[4227.278s][info][gc,marking     ] GC(1155) Concurrent Mark From Roots
[4227.278s][info][gc,task        ] GC(1155) Using 2 workers of 2 for marking
[4227.834s][info][gc,marking     ] GC(1155) Concurrent Mark From Roots 556.268ms
[4227.834s][info][gc,marking     ] GC(1155) Concurrent Preclean
[4227.835s][info][gc,marking     ] GC(1155) Concurrent Preclean 0.097ms
[4227.836s][info][gc,start       ] GC(1155) Pause Remark
[4227.839s][info][gc             ] GC(1155) Pause Remark 1923M->1923M(4096M) 3.249ms
[4227.839s][info][gc,cpu         ] GC(1155) User=0.02s Sys=0.00s Real=0.01s
[4227.839s][info][gc,marking     ] GC(1155) Concurrent Mark 561.210ms
[4227.839s][info][gc,marking     ] GC(1155) Concurrent Rebuild Remembered Sets and Scrub Regions
[4228.053s][info][gc,marking     ] GC(1155) Concurrent Rebuild Remembered Sets and Scrub Regions 213.201ms
[4228.054s][info][gc,start       ] GC(1155) Pause Cleanup
[4228.054s][info][gc             ] GC(1155) Pause Cleanup 2143M->2143M(4096M) 0.129ms
[4228.054s][info][gc,cpu         ] GC(1155) User=0.00s Sys=0.00s Real=0.00s
[4228.054s][info][gc,marking     ] GC(1155) Concurrent Clear Claimed Marks
[4228.054s][info][gc,marking     ] GC(1155) Concurrent Clear Claimed Marks 0.022ms
[4228.054s][info][gc,marking     ] GC(1155) Concurrent Cleanup for Next Mark
[4228.059s][info][gc,marking     ] GC(1155) Concurrent Cleanup for Next Mark 4.947ms
[4228.059s][info][gc             ] GC(1155) Concurrent Mark Cycle 893.593ms
..[4229.550s][info][gc,start       ] GC(1156) Pause Young (Prepare Mixed) (G1 Evacuation Pause)
[4229.550s][info][gc,task        ] GC(1156) Using 6 workers of 6 for evacuation
[4229.671s][info][gc,phases      ] GC(1156)   Pre Evacuate Collection Set: 0.35ms
[4229.671s][info][gc,phases      ] GC(1156)   Merge Heap Roots: 0.53ms
[4229.671s][info][gc,phases      ] GC(1156)   Evacuate Collection Set: 118.88ms
[4229.671s][info][gc,phases      ] GC(1156)   Post Evacuate Collection Set: 0.89ms
[4229.671s][info][gc,phases      ] GC(1156)   Other: 0.09ms
[4229.671s][info][gc,heap        ] GC(1156) Eden regions: 1119->0(1099)
[4229.671s][info][gc,heap        ] GC(1156) Survivor regions: 109->114(154)
[4229.671s][info][gc,heap        ] GC(1156) Old regions: 506->538
[4229.671s][info][gc,heap        ] GC(1156) Humongous regions: 80->80
[4229.671s][info][gc,metaspace   ] GC(1156) Metaspace: 28879K(29248K)->28879K(29248K) NonClass: 24010K(24192K)->24010K(24192K) Class: 4868K(5056K)->4868K(5056K)
[4229.671s][info][gc             ] GC(1156) Pause Young (Prepare Mixed) (G1 Evacuation Pause) 3627M->1461M(4096M) 120.856ms
[4229.671s][info][gc,cpu         ] GC(1156) User=0.72s Sys=0.00s Real=0.12s
..[4231.899s][info][gc,start       ] GC(1157) Pause Young (Mixed) (G1 Evacuation Pause)
[4231.899s][info][gc,task        ] GC(1157) Using 6 workers of 6 for evacuation
[4232.029s][info][gc,phases      ] GC(1157)   Pre Evacuate Collection Set: 0.40ms
[4232.029s][info][gc,phases      ] GC(1157)   Merge Heap Roots: 0.72ms
[4232.029s][info][gc,phases      ] GC(1157)   Evacuate Collection Set: 128.26ms
[4232.029s][info][gc,phases      ] GC(1157)   Post Evacuate Collection Set: 0.94ms
[4232.029s][info][gc,phases      ] GC(1157)   Other: 0.09ms
[4232.029s][info][gc,heap        ] GC(1157) Eden regions: 1099->0(1120)
[4232.029s][info][gc,heap        ] GC(1157) Survivor regions: 114->108(152)
[4232.029s][info][gc,heap        ] GC(1157) Old regions: 538->474
[4232.029s][info][gc,heap        ] GC(1157) Humongous regions: 80->80
[4232.029s][info][gc,metaspace   ] GC(1157) Metaspace: 28879K(29248K)->28879K(29248K) NonClass: 24010K(24192K)->24010K(24192K) Class: 4868K(5056K)->4868K(5056K)
[4232.029s][info][gc             ] GC(1157) Pause Young (Mixed) (G1 Evacuation Pause) 3659M->1323M(4096M) 130.557ms
[4232.030s][info][gc,cpu         ] GC(1157) User=0.78s Sys=0.00s Real=0.13s
...[4234.497s][info][gc,start       ] GC(1158) Pause Young (Concurrent Start) (G1 Evacuation Pause)
[4234.497s][info][gc,task        ] GC(1158) Using 6 workers of 6 for evacuation
[4234.622s][info][gc,phases      ] GC(1158)   Pre Evacuate Collection Set: 0.40ms
[4234.622s][info][gc,phases      ] GC(1158)   Merge Heap Roots: 0.51ms
[4234.622s][info][gc,phases      ] GC(1158)   Evacuate Collection Set: 123.38ms
[4234.622s][info][gc,phases      ] GC(1158)   Post Evacuate Collection Set: 0.89ms
[4234.622s][info][gc,phases      ] GC(1158)   Other: 0.12ms
[4234.622s][info][gc,heap        ] GC(1158) Eden regions: 1120->0(1111)
[4234.622s][info][gc,heap        ] GC(1158) Survivor regions: 108->117(154)
[4234.622s][info][gc,heap        ] GC(1158) Old regions: 474->507
[4234.622s][info][gc,heap        ] GC(1158) Humongous regions: 80->80
[4234.622s][info][gc,metaspace   ] GC(1158) Metaspace: 28879K(29248K)->28879K(29248K) NonClass: 24010K(24192K)->24010K(24192K) Class: 4868K(5056K)->4868K(5056K)
[4234.622s][info][gc             ] GC(1158) Pause Young (Concurrent Start) (G1 Evacuation Pause) 3563M->1405M(4096M) 125.428ms
[4234.622s][info][gc             ] GC(1159) Concurrent Mark Cycle
[4234.622s][info][gc,marking     ] GC(1159) Concurrent Scan Root Regions
[4234.622s][info][gc,cpu         ] GC(1158) User=0.75s Sys=0.00s Real=0.13s
[4234.857s][info][gc,marking     ] GC(1159) Concurrent Scan Root Regions 234.314ms
[4234.857s][info][gc,marking     ] GC(1159) Concurrent Mark
[4234.857s][info][gc,marking     ] GC(1159) Concurrent Mark From Roots
[4234.857s][info][gc,task        ] GC(1159) Using 2 workers of 2 for marking
.[4235.888s][info][gc,marking     ] GC(1159) Concurrent Mark From Roots 1031.073ms
[4235.888s][info][gc,marking     ] GC(1159) Concurrent Preclean
[4235.888s][info][gc,marking     ] GC(1159) Concurrent Preclean 0.118ms
[4235.889s][info][gc,start       ] GC(1159) Pause Remark
[4235.892s][info][gc             ] GC(1159) Pause Remark 2587M->2587M(4096M) 3.795ms
[4235.893s][info][gc,cpu         ] GC(1159) User=0.03s Sys=0.00s Real=0.00s
[4235.893s][info][gc,marking     ] GC(1159) Concurrent Mark 1036.555ms
[4235.893s][info][gc,marking     ] GC(1159) Concurrent Rebuild Remembered Sets and Scrub Regions
.[4236.255s][info][gc,marking     ] GC(1159) Concurrent Rebuild Remembered Sets and Scrub Regions 362.306ms
[4236.256s][info][gc,start       ] GC(1159) Pause Cleanup
[4236.256s][info][gc             ] GC(1159) Pause Cleanup 2962M->2962M(4096M) 0.111ms
[4236.256s][info][gc,cpu         ] GC(1159) User=0.00s Sys=0.00s Real=0.00s
[4236.259s][info][gc,marking     ] GC(1159) Concurrent Clear Claimed Marks
[4236.259s][info][gc,marking     ] GC(1159) Concurrent Clear Claimed Marks 0.053ms
[4236.259s][info][gc,marking     ] GC(1159) Concurrent Cleanup for Next Mark
[4236.269s][info][gc,marking     ] GC(1159) Concurrent Cleanup for Next Mark 10.041ms
[4236.269s][info][gc             ] GC(1159) Concurrent Mark Cycle 1646.829ms
[4236.927s][info][gc,start       ] GC(1160) Pause Young (Prepare Mixed) (G1 Evacuation Pause)
[4236.927s][info][gc,task        ] GC(1160) Using 6 workers of 6 for evacuation
[4237.043s][info][gc,phases      ] GC(1160)   Pre Evacuate Collection Set: 0.31ms
[4237.043s][info][gc,phases      ] GC(1160)   Merge Heap Roots: 0.48ms
[4237.043s][info][gc,phases      ] GC(1160)   Evacuate Collection Set: 113.91ms
[4237.043s][info][gc,phases      ] GC(1160)   Post Evacuate Collection Set: 0.90ms
[4237.043s][info][gc,phases      ] GC(1160)   Other: 0.09ms
[4237.043s][info][gc,heap        ] GC(1160) Eden regions: 1111->0(1108)
[4237.043s][info][gc,heap        ] GC(1160) Survivor regions: 117->110(154)
[4237.043s][info][gc,heap        ] GC(1160) Old regions: 507->537
[4237.043s][info][gc,heap        ] GC(1160) Humongous regions: 80->80
[4237.043s][info][gc,metaspace   ] GC(1160) Metaspace: 28879K(29248K)->28879K(29248K) NonClass: 24010K(24192K)->24010K(24192K) Class: 4868K(5056K)->4868K(5056K)
[4237.043s][info][gc             ] GC(1160) Pause Young (Prepare Mixed) (G1 Evacuation Pause) 3627M->1453M(4096M) 115.820ms
[4237.043s][info][gc,cpu         ] GC(1160) User=0.69s Sys=0.00s Real=0.12s
...[4239.371s][info][gc,start       ] GC(1161) Pause Young (Mixed) (G1 Evacuation Pause)
[4239.371s][info][gc,task        ] GC(1161) Using 6 workers of 6 for evacuation
[4239.503s][info][gc,phases      ] GC(1161)   Pre Evacuate Collection Set: 0.37ms
[4239.503s][info][gc,phases      ] GC(1161)   Merge Heap Roots: 0.59ms
[4239.503s][info][gc,phases      ] GC(1161)   Evacuate Collection Set: 130.05ms
[4239.503s][info][gc,phases      ] GC(1161)   Post Evacuate Collection Set: 0.91ms
[4239.503s][info][gc,phases      ] GC(1161)   Other: 0.09ms
[4239.503s][info][gc,heap        ] GC(1161) Eden regions: 1108->0(1117)
[4239.503s][info][gc,heap        ] GC(1161) Survivor regions: 110->111(153)
[4239.503s][info][gc,heap        ] GC(1161) Old regions: 537->473
[4239.503s][info][gc,heap        ] GC(1161) Humongous regions: 80->80
[4239.503s][info][gc,metaspace   ] GC(1161) Metaspace: 28879K(29248K)->28879K(29248K) NonClass: 24010K(24192K)->24010K(24192K) Class: 4868K(5056K)->4868K(5056K)
[4239.503s][info][gc             ] GC(1161) Pause Young (Mixed) (G1 Evacuation Pause) 3669M->1325M(4096M) 132.149ms
[4239.503s][info][gc,cpu         ] GC(1161) User=0.79s Sys=0.01s Real=0.13s
..[4241.852s][info][gc,start       ] GC(1162) Pause Young (Concurrent Start) (G1 Evacuation Pause)
[4241.852s][info][gc,task        ] GC(1162) Using 6 workers of 6 for evacuation
[4241.969s][info][gc,phases      ] GC(1162)   Pre Evacuate Collection Set: 0.34ms
[4241.969s][info][gc,phases      ] GC(1162)   Merge Heap Roots: 0.45ms
[4241.969s][info][gc,phases      ] GC(1162)   Evacuate Collection Set: 115.15ms
[4241.969s][info][gc,phases      ] GC(1162)   Post Evacuate Collection Set: 0.86ms
[4241.969s][info][gc,phases      ] GC(1162)   Other: 0.10ms
[4241.969s][info][gc,heap        ] GC(1162) Eden regions: 1117->0(1117)
[4241.969s][info][gc,heap        ] GC(1162) Survivor regions: 111->111(154)
[4241.969s][info][gc,heap        ] GC(1162) Old regions: 473->504
[4241.969s][info][gc,heap        ] GC(1162) Humongous regions: 80->80
[4241.969s][info][gc,metaspace   ] GC(1162) Metaspace: 28879K(29248K)->28879K(29248K) NonClass: 24010K(24192K)->24010K(24192K) Class: 4868K(5056K)->4868K(5056K)
[4241.969s][info][gc             ] GC(1162) Pause Young (Concurrent Start) (G1 Evacuation Pause) 3559M->1388M(4096M) 117.038ms
[4241.970s][info][gc             ] GC(1163) Concurrent Mark Cycle
[4241.970s][info][gc,marking     ] GC(1163) Concurrent Scan Root Regions
[4241.970s][info][gc,cpu         ] GC(1162) User=0.69s Sys=0.00s Real=0.12s
[4242.150s][info][gc,marking     ] GC(1163) Concurrent Scan Root Regions 180.821ms
[4242.150s][info][gc,marking     ] GC(1163) Concurrent Mark
[4242.150s][info][gc,marking     ] GC(1163) Concurrent Mark From Roots
[4242.150s][info][gc,task        ] GC(1163) Using 2 workers of 2 for marking
.[4243.130s][info][gc,marking     ] GC(1163) Concurrent Mark From Roots 979.485ms
[4243.130s][info][gc,marking     ] GC(1163) Concurrent Preclean
[4243.130s][info][gc,marking     ] GC(1163) Concurrent Preclean 0.119ms
[4243.130s][info][gc,start       ] GC(1163) Pause Remark
[4243.135s][info][gc             ] GC(1163) Pause Remark 2421M->2421M(4096M) 4.304ms
[4243.135s][info][gc,cpu         ] GC(1163) User=0.03s Sys=0.00s Real=0.00s
[4243.135s][info][gc,marking     ] GC(1163) Concurrent Mark 984.191ms
[4243.135s][info][gc,marking     ] GC(1163) Concurrent Rebuild Remembered Sets and Scrub Regions
.[4243.499s][info][gc,marking     ] GC(1163) Concurrent Rebuild Remembered Sets and Scrub Regions 364.384ms
[4243.499s][info][gc,start       ] GC(1163) Pause Cleanup
[4243.499s][info][gc             ] GC(1163) Pause Cleanup 2809M->2809M(4096M) 0.126ms
[4243.499s][info][gc,cpu         ] GC(1163) User=0.00s Sys=0.00s Real=0.00s
[4243.499s][info][gc,marking     ] GC(1163) Concurrent Clear Claimed Marks
[4243.499s][info][gc,marking     ] GC(1163) Concurrent Clear Claimed Marks 0.026ms
[4243.499s][info][gc,marking     ] GC(1163) Concurrent Cleanup for Next Mark
[4243.505s][info][gc,marking     ] GC(1163) Concurrent Cleanup for Next Mark 5.811ms
[4243.505s][info][gc             ] GC(1163) Concurrent Mark Cycle 1535.752ms
[4244.339s][info][gc,start       ] GC(1164) Pause Young (Prepare Mixed) (G1 Evacuation Pause)
[4244.339s][info][gc,task        ] GC(1164) Using 6 workers of 6 for evacuation
[4244.460s][info][gc,phases      ] GC(1164)   Pre Evacuate Collection Set: 0.34ms
[4244.460s][info][gc,phases      ] GC(1164)   Merge Heap Roots: 0.50ms
[4244.460s][info][gc,phases      ] GC(1164)   Evacuate Collection Set: 118.39ms
[4244.460s][info][gc,phases      ] GC(1164)   Post Evacuate Collection Set: 0.93ms
[4244.460s][info][gc,phases      ] GC(1164)   Other: 0.08ms
[4244.460s][info][gc,heap        ] GC(1164) Eden regions: 1117->0(1104)
[4244.460s][info][gc,heap        ] GC(1164) Survivor regions: 111->112(154)
[4244.460s][info][gc,heap        ] GC(1164) Old regions: 504->537
[4244.460s][info][gc,heap        ] GC(1164) Humongous regions: 80->80
[4244.460s][info][gc,metaspace   ] GC(1164) Metaspace: 28879K(29248K)->28879K(29248K) NonClass: 24010K(24192K)->24010K(24192K) Class: 4868K(5056K)->4868K(5056K)
[4244.460s][info][gc             ] GC(1164) Pause Young (Prepare Mixed) (G1 Evacuation Pause) 3622M->1456M(4096M) 120.366ms
[4244.460s][info][gc,cpu         ] GC(1164) User=0.72s Sys=0.00s Real=0.12s
...[4246.811s][info][gc,start       ] GC(1165) Pause Young (Mixed) (G1 Evacuation Pause)
[4246.811s][info][gc,task        ] GC(1165) Using 6 workers of 6 for evacuation
[4246.942s][info][gc,phases      ] GC(1165)   Pre Evacuate Collection Set: 0.36ms
[4246.942s][info][gc,phases      ] GC(1165)   Merge Heap Roots: 0.65ms
[4246.942s][info][gc,phases      ] GC(1165)   Evacuate Collection Set: 129.38ms
[4246.942s][info][gc,phases      ] GC(1165)   Post Evacuate Collection Set: 0.97ms
[4246.942s][info][gc,phases      ] GC(1165)   Other: 0.09ms
[4246.942s][info][gc,heap        ] GC(1165) Eden regions: 1104->0(1120)
[4246.942s][info][gc,heap        ] GC(1165) Survivor regions: 112->108(152)
[4246.942s][info][gc,heap        ] GC(1165) Old regions: 537->474
[4246.942s][info][gc,heap        ] GC(1165) Humongous regions: 80->80
[4246.942s][info][gc,metaspace   ] GC(1165) Metaspace: 28879K(29248K)->28879K(29248K) NonClass: 24010K(24192K)->24010K(24192K) Class: 4868K(5056K)->4868K(5056K)
[4246.942s][info][gc             ] GC(1165) Pause Young (Mixed) (G1 Evacuation Pause) 3664M->1321M(4096M) 131.571ms
[4246.942s][info][gc,cpu         ] GC(1165) User=0.78s Sys=0.00s Real=0.13s
..[4249.281s][info][gc,start       ] GC(1166) Pause Young (Concurrent Start) (G1 Evacuation Pause)
[4249.281s][info][gc,task        ] GC(1166) Using 6 workers of 6 for evacuation
[4249.401s][info][gc,phases      ] GC(1166)   Pre Evacuate Collection Set: 0.38ms
[4249.402s][info][gc,phases      ] GC(1166)   Merge Heap Roots: 0.49ms
[4249.402s][info][gc,phases      ] GC(1166)   Evacuate Collection Set: 118.55ms
[4249.402s][info][gc,phases      ] GC(1166)   Post Evacuate Collection Set: 0.85ms
[4249.402s][info][gc,phases      ] GC(1166)   Other: 0.12ms
[4249.402s][info][gc,heap        ] GC(1166) Eden regions: 1120->0(1115)
[4249.402s][info][gc,heap        ] GC(1166) Survivor regions: 108->113(154)
[4249.402s][info][gc,heap        ] GC(1166) Old regions: 474->505
[4249.402s][info][gc,heap        ] GC(1166) Humongous regions: 80->80
[4249.402s][info][gc,metaspace   ] GC(1166) Metaspace: 28879K(29248K)->28879K(29248K) NonClass: 24010K(24192K)->24010K(24192K) Class: 4868K(5056K)->4868K(5056K)
[4249.402s][info][gc             ] GC(1166) Pause Young (Concurrent Start) (G1 Evacuation Pause) 3561M->1395M(4096M) 120.525ms
[4249.402s][info][gc             ] GC(1167) Concurrent Mark Cycle
[4249.402s][info][gc,marking     ] GC(1167) Concurrent Scan Root Regions
[4249.402s][info][gc,cpu         ] GC(1166) User=0.71s Sys=0.00s Real=0.12s
[4249.585s][info][gc,marking     ] GC(1167) Concurrent Scan Root Regions 183.474ms
[4249.585s][info][gc,marking     ] GC(1167) Concurrent Mark
[4249.585s][info][gc,marking     ] GC(1167) Concurrent Mark From Roots
[4249.585s][info][gc,task        ] GC(1167) Using 2 workers of 2 for marking
.[4250.565s][info][gc,marking     ] GC(1167) Concurrent Mark From Roots 980.140ms
[4250.565s][info][gc,marking     ] GC(1167) Concurrent Preclean
[4250.566s][info][gc,marking     ] GC(1167) Concurrent Preclean 0.125ms
[4250.566s][info][gc,start       ] GC(1167) Pause Remark
[4250.569s][info][gc             ] GC(1167) Pause Remark 2469M->2469M(4096M) 2.838ms
[4250.569s][info][gc,cpu         ] GC(1167) User=0.01s Sys=0.00s Real=0.01s
[4250.569s][info][gc,marking     ] GC(1167) Concurrent Mark 983.880ms
[4250.569s][info][gc,marking     ] GC(1167) Concurrent Rebuild Remembered Sets and Scrub Regions
.[4250.988s][info][gc,marking     ] GC(1167) Concurrent Rebuild Remembered Sets and Scrub Regions 418.684ms
[4250.989s][info][gc,start       ] GC(1167) Pause Cleanup
[4250.989s][info][gc             ] GC(1167) Pause Cleanup 2886M->2886M(4096M) 0.122ms
[4250.989s][info][gc,cpu         ] GC(1167) User=0.00s Sys=0.00s Real=0.00s
[4250.989s][info][gc,marking     ] GC(1167) Concurrent Clear Claimed Marks
[4250.989s][info][gc,marking     ] GC(1167) Concurrent Clear Claimed Marks 0.033ms
[4250.989s][info][gc,marking     ] GC(1167) Concurrent Cleanup for Next Mark
[4250.995s][info][gc,marking     ] GC(1167) Concurrent Cleanup for Next Mark 5.445ms
[4250.995s][info][gc             ] GC(1167) Concurrent Mark Cycle 1593.062ms
.[4251.811s][info][gc,start       ] GC(1168) Pause Young (Prepare Mixed) (G1 Evacuation Pause)
[4251.811s][info][gc,task        ] GC(1168) Using 6 workers of 6 for evacuation
[4251.926s][info][gc,phases      ] GC(1168)   Pre Evacuate Collection Set: 0.35ms
[4251.926s][info][gc,phases      ] GC(1168)   Merge Heap Roots: 0.50ms
[4251.926s][info][gc,phases      ] GC(1168)   Evacuate Collection Set: 112.96ms
[4251.926s][info][gc,phases      ] GC(1168)   Post Evacuate Collection Set: 0.89ms
[4251.926s][info][gc,phases      ] GC(1168)   Other: 0.09ms
[4251.926s][info][gc,heap        ] GC(1168) Eden regions: 1115->0(1114)
[4251.926s][info][gc,heap        ] GC(1168) Survivor regions: 113->107(154)
[4251.926s][info][gc,heap        ] GC(1168) Old regions: 505->537
[4251.926s][info][gc,heap        ] GC(1168) Humongous regions: 80->80
[4251.926s][info][gc,metaspace   ] GC(1168) Metaspace: 28879K(29248K)->28879K(29248K) NonClass: 24010K(24192K)->24010K(24192K) Class: 4868K(5056K)->4868K(5056K)
[4251.926s][info][gc             ] GC(1168) Pause Young (Prepare Mixed) (G1 Evacuation Pause) 3625M->1446M(4096M) 114.917ms
[4251.926s][info][gc,cpu         ] GC(1168) User=0.69s Sys=0.00s Real=0.11s
..[4254.299s][info][gc,start       ] GC(1169) Pause Young (Mixed) (G1 Evacuation Pause)
[4254.299s][info][gc,task        ] GC(1169) Using 6 workers of 6 for evacuation
[4254.440s][info][gc,phases      ] GC(1169)   Pre Evacuate Collection Set: 0.34ms
[4254.440s][info][gc,phases      ] GC(1169)   Merge Heap Roots: 0.73ms
[4254.440s][info][gc,phases      ] GC(1169)   Evacuate Collection Set: 139.15ms
[4254.440s][info][gc,phases      ] GC(1169)   Post Evacuate Collection Set: 0.98ms
[4254.440s][info][gc,phases      ] GC(1169)   Other: 0.09ms
[4254.440s][info][gc,heap        ] GC(1169) Eden regions: 1114->0(1114)
[4254.440s][info][gc,heap        ] GC(1169) Survivor regions: 107->114(153)
[4254.440s][info][gc,heap        ] GC(1169) Old regions: 537->473
[4254.440s][info][gc,heap        ] GC(1169) Humongous regions: 80->80
[4254.440s][info][gc,metaspace   ] GC(1169) Metaspace: 28879K(29248K)->28879K(29248K) NonClass: 24010K(24192K)->24010K(24192K) Class: 4868K(5056K)->4868K(5056K)
[4254.440s][info][gc             ] GC(1169) Pause Young (Mixed) (G1 Evacuation Pause) 3674M->1333M(4096M) 141.433ms
[4254.440s][info][gc,cpu         ] GC(1169) User=0.84s Sys=0.00s Real=0.14s
..[4256.779s][info][gc,start       ] GC(1170) Pause Young (Concurrent Start) (G1 Evacuation Pause)
[4256.779s][info][gc,task        ] GC(1170) Using 6 workers of 6 for evacuation
[4256.894s][info][gc,phases      ] GC(1170)   Pre Evacuate Collection Set: 0.34ms
[4256.894s][info][gc,phases      ] GC(1170)   Merge Heap Roots: 0.46ms
[4256.894s][info][gc,phases      ] GC(1170)   Evacuate Collection Set: 113.07ms
[4256.894s][info][gc,phases      ] GC(1170)   Post Evacuate Collection Set: 0.87ms
[4256.894s][info][gc,phases      ] GC(1170)   Other: 0.11ms
[4256.894s][info][gc,heap        ] GC(1170) Eden regions: 1114->0(1120)
[4256.894s][info][gc,heap        ] GC(1170) Survivor regions: 114->108(154)
[4256.894s][info][gc,heap        ] GC(1170) Old regions: 473->505
[4256.894s][info][gc,heap        ] GC(1170) Humongous regions: 80->80
[4256.894s][info][gc,metaspace   ] GC(1170) Metaspace: 28879K(29248K)->28879K(29248K) NonClass: 24010K(24192K)->24010K(24192K) Class: 4868K(5056K)->4868K(5056K)
[4256.894s][info][gc             ] GC(1170) Pause Young (Concurrent Start) (G1 Evacuation Pause) 3561M->1383M(4096M) 114.988ms
[4256.894s][info][gc             ] GC(1171) Concurrent Mark Cycle
[4256.894s][info][gc,marking     ] GC(1171) Concurrent Scan Root Regions
[4256.894s][info][gc,cpu         ] GC(1170) User=0.68s Sys=0.00s Real=0.11s
.[4257.070s][info][gc,marking     ] GC(1171) Concurrent Scan Root Regions 175.569ms
[4257.070s][info][gc,marking     ] GC(1171) Concurrent Mark
[4257.070s][info][gc,marking     ] GC(1171) Concurrent Mark From Roots
[4257.070s][info][gc,task        ] GC(1171) Using 2 workers of 2 for marking
.[4258.065s][info][gc,marking     ] GC(1171) Concurrent Mark From Roots 994.702ms
[4258.065s][info][gc,marking     ] GC(1171) Concurrent Preclean
[4258.065s][info][gc,marking     ] GC(1171) Concurrent Preclean 0.118ms
[4258.067s][info][gc,start       ] GC(1171) Pause Remark
[4258.071s][info][gc             ] GC(1171) Pause Remark 2501M->2501M(4096M) 3.883ms
[4258.071s][info][gc,cpu         ] GC(1171) User=0.02s Sys=0.00s Real=0.01s
[4258.071s][info][gc,marking     ] GC(1171) Concurrent Mark 1001.157ms
[4258.071s][info][gc,marking     ] GC(1171) Concurrent Rebuild Remembered Sets and Scrub Regions
[4258.331s][info][gc,marking     ] GC(1171) Concurrent Rebuild Remembered Sets and Scrub Regions 259.560ms
[4258.331s][info][gc,start       ] GC(1171) Pause Cleanup
[4258.331s][info][gc             ] GC(1171) Pause Cleanup 2743M->2743M(4096M) 0.102ms
[4258.331s][info][gc,cpu         ] GC(1171) User=0.00s Sys=0.00s Real=0.00s
[4258.331s][info][gc,marking     ] GC(1171) Concurrent Clear Claimed Marks
[4258.331s][info][gc,marking     ] GC(1171) Concurrent Clear Claimed Marks 0.024ms
[4258.331s][info][gc,marking     ] GC(1171) Concurrent Cleanup for Next Mark
[4258.335s][info][gc,marking     ] GC(1171) Concurrent Cleanup for Next Mark 3.772ms
[4258.335s][info][gc             ] GC(1171) Concurrent Mark Cycle 1440.539ms
.[4259.249s][info][gc,start       ] GC(1172) Pause Young (Prepare Mixed) (G1 Evacuation Pause)
[4259.249s][info][gc,task        ] GC(1172) Using 6 workers of 6 for evacuation
[4259.367s][info][gc,phases      ] GC(1172)   Pre Evacuate Collection Set: 0.28ms
[4259.367s][info][gc,phases      ] GC(1172)   Merge Heap Roots: 0.53ms
[4259.367s][info][gc,phases      ] GC(1172)   Evacuate Collection Set: 116.73ms
[4259.367s][info][gc,phases      ] GC(1172)   Post Evacuate Collection Set: 0.93ms
[4259.367s][info][gc,phases      ] GC(1172)   Other: 0.09ms
[4259.367s][info][gc,heap        ] GC(1172) Eden regions: 1120->0(1107)
[4259.368s][info][gc,heap        ] GC(1172) Survivor regions: 108->111(154)
[4259.368s][info][gc,heap        ] GC(1172) Old regions: 505->536
[4259.368s][info][gc,heap        ] GC(1172) Humongous regions: 80->80
[4259.368s][info][gc,metaspace   ] GC(1172) Metaspace: 28879K(29248K)->28879K(29248K) NonClass: 24010K(24192K)->24010K(24192K) Class: 4868K(5056K)->4868K(5056K)
[4259.368s][info][gc             ] GC(1172) Pause Young (Prepare Mixed) (G1 Evacuation Pause) 3623M->1453M(4096M) 118.698ms
[4259.368s][info][gc,cpu         ] GC(1172) User=0.70s Sys=0.00s Real=0.12s
. (rIR:aIR:PR = 7610:7620:7620) (tPR = 113681) [OK] 
  4259s: Performance info:
         Transaction,    Success,    Partial,     Failed,   Receipts, AvgBarcode, 
             Overall,     459685,          0,          0,     436707,      59.47, 
         Response times:
             Request,    Success,    Partial,     Failed,   SkipFail,     Probes,    Samples,      min,      p50,      p90,      p95,      p99,      max, 
       TotalPurchase,     436737,          0,          0,          0,     355063,     417733,      300,     6300,    63000,    93000,   143000,   405000,
     InStorePurchase,     229900,          0,          0,          0,     186706,     219464,      300,     6200,    62000,    93000,   145000,   358000,
      OnlinePurchase,     160838,          0,          0,          0,     130835,     153934,      300,     6500,    63000,    93000,   143000,   358000,
        InstPurchase,      45999,          0,          0,          0,      37522,      44335,      400,     6100,    62000,    92000,   142000,   405000,
          AssocOfCat,        461,          0,          0,          0,        360,        494,    23000,    41500,   122000,   149250,   193000,   241000,
      AssocOfProduct,       4599,          0,          0,          0,       4337,       5263,      600,     6600,    69000,    95000,   155000,   405000,
      BusinessReport,       1147,          0,          0,          0,        984,       1279,    27000,    51000,   140000,   171000,   241000,   406000,
          CustBuyBeh,       4600,          0,          0,          0,       4195,       5093,      200,     6600,    69000,    99000,   146000,   488000,
       ProductReturn,      12142,          0,          0,          0,       9230,      11009,      200,     6600,    64000,    96000,   141000,   493000,

  4259s: (56%)   IR =   7749 .[4261.695s][info][gc,start       ] GC(1173) Pause Young (Mixed) (G1 Evacuation Pause)
[4261.695s][info][gc,task        ] GC(1173) Using 6 workers of 6 for evacuation
[4261.829s][info][gc,phases      ] GC(1173)   Pre Evacuate Collection Set: 0.35ms
[4261.829s][info][gc,phases      ] GC(1173)   Merge Heap Roots: 0.67ms
[4261.829s][info][gc,phases      ] GC(1173)   Evacuate Collection Set: 131.64ms
[4261.829s][info][gc,phases      ] GC(1173)   Post Evacuate Collection Set: 0.94ms
[4261.829s][info][gc,phases      ] GC(1173)   Other: 0.09ms
[4261.829s][info][gc,heap        ] GC(1173) Eden regions: 1107->0(1119)
[4261.829s][info][gc,heap        ] GC(1173) Survivor regions: 111->109(153)
[4261.829s][info][gc,heap        ] GC(1173) Old regions: 536->474
[4261.829s][info][gc,heap        ] GC(1173) Humongous regions: 80->80
[4261.829s][info][gc,metaspace   ] GC(1173) Metaspace: 28879K(29248K)->28879K(29248K) NonClass: 24010K(24192K)->24010K(24192K) Class: 4868K(5056K)->4868K(5056K)
[4261.829s][info][gc             ] GC(1173) Pause Young (Mixed) (G1 Evacuation Pause) 3667M->1324M(4096M) 133.815ms
[4261.829s][info][gc,cpu         ] GC(1173) User=0.80s Sys=0.01s Real=0.14s
...[4264.174s][info][gc,start       ] GC(1174) Pause Young (Concurrent Start) (G1 Evacuation Pause)
[4264.174s][info][gc,task        ] GC(1174) Using 6 workers of 6 for evacuation
[4264.301s][info][gc,phases      ] GC(1174)   Pre Evacuate Collection Set: 0.37ms
[4264.301s][info][gc,phases      ] GC(1174)   Merge Heap Roots: 0.45ms
[4264.301s][info][gc,phases      ] GC(1174)   Evacuate Collection Set: 124.67ms
[4264.301s][info][gc,phases      ] GC(1174)   Post Evacuate Collection Set: 0.91ms
[4264.301s][info][gc,phases      ] GC(1174)   Other: 0.10ms
[4264.301s][info][gc,heap        ] GC(1174) Eden regions: 1119->0(1111)
[4264.301s][info][gc,heap        ] GC(1174) Survivor regions: 109->117(154)
[4264.301s][info][gc,heap        ] GC(1174) Old regions: 474->506
[4264.301s][info][gc,heap        ] GC(1174) Humongous regions: 80->80
[4264.301s][info][gc,metaspace   ] GC(1174) Metaspace: 28879K(29248K)->28879K(29248K) NonClass: 24010K(24192K)->24010K(24192K) Class: 4868K(5056K)->4868K(5056K)
[4264.301s][info][gc             ] GC(1174) Pause Young (Concurrent Start) (G1 Evacuation Pause) 3562M->1405M(4096M) 126.641ms
[4264.301s][info][gc             ] GC(1175) Concurrent Mark Cycle
[4264.301s][info][gc,marking     ] GC(1175) Concurrent Scan Root Regions
[4264.301s][info][gc,cpu         ] GC(1174) User=0.75s Sys=0.00s Real=0.13s
[4264.445s][info][gc,marking     ] GC(1175) Concurrent Scan Root Regions 143.614ms
[4264.445s][info][gc,marking     ] GC(1175) Concurrent Mark
[4264.445s][info][gc,marking     ] GC(1175) Concurrent Mark From Roots
[4264.445s][info][gc,task        ] GC(1175) Using 2 workers of 2 for marking
.[4265.164s][info][gc,marking     ] GC(1175) Concurrent Mark From Roots 718.959ms
[4265.164s][info][gc,marking     ] GC(1175) Concurrent Preclean
[4265.164s][info][gc,marking     ] GC(1175) Concurrent Preclean 0.164ms
[4265.164s][info][gc,start       ] GC(1175) Pause Remark
[4265.166s][info][gc             ] GC(1175) Pause Remark 2101M->2101M(4096M) 2.107ms
[4265.166s][info][gc,cpu         ] GC(1175) User=0.01s Sys=0.00s Real=0.00s
[4265.166s][info][gc,marking     ] GC(1175) Concurrent Mark 721.704ms
[4265.166s][info][gc,marking     ] GC(1175) Concurrent Rebuild Remembered Sets and Scrub Regions
[4265.497s][info][gc,marking     ] GC(1175) Concurrent Rebuild Remembered Sets and Scrub Regions 330.352ms
[4265.499s][info][gc,start       ] GC(1175) Pause Cleanup
[4265.499s][info][gc             ] GC(1175) Pause Cleanup 2487M->2487M(4096M) 0.130ms
[4265.499s][info][gc,cpu         ] GC(1175) User=0.00s Sys=0.00s Real=0.00s
[4265.499s][info][gc,marking     ] GC(1175) Concurrent Clear Claimed Marks
[4265.499s][info][gc,marking     ] GC(1175) Concurrent Clear Claimed Marks 0.025ms
[4265.499s][info][gc,marking     ] GC(1175) Concurrent Cleanup for Next Mark
[4265.525s][info][gc,marking     ] GC(1175) Concurrent Cleanup for Next Mark 26.040ms
[4265.525s][info][gc             ] GC(1175) Concurrent Mark Cycle 1223.895ms
.[4266.551s][info][gc,start       ] GC(1176) Pause Young (Prepare Mixed) (G1 Evacuation Pause)
[4266.551s][info][gc,task        ] GC(1176) Using 6 workers of 6 for evacuation
[4266.670s][info][gc,phases      ] GC(1176)   Pre Evacuate Collection Set: 0.33ms
[4266.670s][info][gc,phases      ] GC(1176)   Merge Heap Roots: 0.56ms
[4266.670s][info][gc,phases      ] GC(1176)   Evacuate Collection Set: 117.30ms
[4266.670s][info][gc,phases      ] GC(1176)   Post Evacuate Collection Set: 0.94ms
[4266.670s][info][gc,phases      ] GC(1176)   Other: 0.09ms
[4266.670s][info][gc,heap        ] GC(1176) Eden regions: 1111->0(1100)
[4266.670s][info][gc,heap        ] GC(1176) Survivor regions: 117->113(154)
[4266.670s][info][gc,heap        ] GC(1176) Old regions: 506->539
[4266.670s][info][gc,heap        ] GC(1176) Humongous regions: 80->80
[4266.670s][info][gc,metaspace   ] GC(1176) Metaspace: 28879K(29248K)->28879K(29248K) NonClass: 24010K(24192K)->24010K(24192K) Class: 4868K(5056K)->4868K(5056K)
[4266.670s][info][gc             ] GC(1176) Pause Young (Prepare Mixed) (G1 Evacuation Pause) 3627M->1461M(4096M) 119.376ms
[4266.670s][info][gc,cpu         ] GC(1176) User=0.71s Sys=0.01s Real=0.12s
..|[4268.968s][info][gc,start       ] GC(1177) Pause Young (Mixed) (G1 Evacuation Pause)
[4268.968s][info][gc,task        ] GC(1177) Using 6 workers of 6 for evacuation
[4269.109s][info][gc,phases      ] GC(1177)   Pre Evacuate Collection Set: 0.36ms
[4269.109s][info][gc,phases      ] GC(1177)   Merge Heap Roots: 0.81ms
[4269.109s][info][gc,phases      ] GC(1177)   Evacuate Collection Set: 139.06ms
[4269.109s][info][gc,phases      ] GC(1177)   Post Evacuate Collection Set: 0.92ms
[4269.109s][info][gc,phases      ] GC(1177)   Other: 0.11ms
[4269.109s][info][gc,heap        ] GC(1177) Eden regions: 1100->0(1117)
[4269.109s][info][gc,heap        ] GC(1177) Survivor regions: 113->111(152)
[4269.109s][info][gc,heap        ] GC(1177) Old regions: 539->475
[4269.109s][info][gc,heap        ] GC(1177) Humongous regions: 80->80
[4269.109s][info][gc,metaspace   ] GC(1177) Metaspace: 28879K(29248K)->28879K(29248K) NonClass: 24010K(24192K)->24010K(24192K) Class: 4868K(5056K)->4868K(5056K)
[4269.109s][info][gc             ] GC(1177) Pause Young (Mixed) (G1 Evacuation Pause) 3661M->1330M(4096M) 141.401ms
[4269.110s][info][gc,cpu         ] GC(1177) User=0.84s Sys=0.00s Real=0.14s
...[4271.397s][info][gc,start       ] GC(1178) Pause Young (Concurrent Start) (G1 Evacuation Pause)
[4271.397s][info][gc,task        ] GC(1178) Using 6 workers of 6 for evacuation
[4271.513s][info][gc,phases      ] GC(1178)   Pre Evacuate Collection Set: 0.35ms
[4271.513s][info][gc,phases      ] GC(1178)   Merge Heap Roots: 0.47ms
[4271.513s][info][gc,phases      ] GC(1178)   Evacuate Collection Set: 114.00ms
[4271.513s][info][gc,phases      ] GC(1178)   Post Evacuate Collection Set: 0.89ms
[4271.513s][info][gc,phases      ] GC(1178)   Other: 0.10ms
[4271.513s][info][gc,heap        ] GC(1178) Eden regions: 1117->0(1119)
[4271.513s][info][gc,heap        ] GC(1178) Survivor regions: 111->109(154)
[4271.513s][info][gc,heap        ] GC(1178) Old regions: 475->506
[4271.513s][info][gc,heap        ] GC(1178) Humongous regions: 80->80
[4271.513s][info][gc,metaspace   ] GC(1178) Metaspace: 28879K(29248K)->28879K(29248K) NonClass: 24010K(24192K)->24010K(24192K) Class: 4868K(5056K)->4868K(5056K)
[4271.513s][info][gc             ] GC(1178) Pause Young (Concurrent Start) (G1 Evacuation Pause) 3564M->1388M(4096M) 115.951ms
[4271.513s][info][gc             ] GC(1179) Concurrent Mark Cycle
[4271.513s][info][gc,marking     ] GC(1179) Concurrent Scan Root Regions
[4271.513s][info][gc,cpu         ] GC(1178) User=0.69s Sys=0.00s Real=0.12s
[4271.624s][info][gc,marking     ] GC(1179) Concurrent Scan Root Regions 111.136ms
[4271.624s][info][gc,marking     ] GC(1179) Concurrent Mark
[4271.624s][info][gc,marking     ] GC(1179) Concurrent Mark From Roots
[4271.624s][info][gc,task        ] GC(1179) Using 2 workers of 2 for marking
[4272.190s][info][gc,marking     ] GC(1179) Concurrent Mark From Roots 565.601ms
[4272.190s][info][gc,marking     ] GC(1179) Concurrent Preclean
[4272.190s][info][gc,marking     ] GC(1179) Concurrent Preclean 0.100ms
[4272.192s][info][gc,start       ] GC(1179) Pause Remark
[4272.195s][info][gc             ] GC(1179) Pause Remark 1900M->1900M(4096M) 2.897ms
[4272.195s][info][gc,cpu         ] GC(1179) User=0.02s Sys=0.00s Real=0.00s
[4272.195s][info][gc,marking     ] GC(1179) Concurrent Mark 570.746ms
[4272.195s][info][gc,marking     ] GC(1179) Concurrent Rebuild Remembered Sets and Scrub Regions
.[4272.565s][info][gc,marking     ] GC(1179) Concurrent Rebuild Remembered Sets and Scrub Regions 370.324ms
[4272.565s][info][gc,start       ] GC(1179) Pause Cleanup
[4272.565s][info][gc             ] GC(1179) Pause Cleanup 2319M->2319M(4096M) 0.126ms
[4272.565s][info][gc,cpu         ] GC(1179) User=0.00s Sys=0.00s Real=0.00s
[4272.565s][info][gc,marking     ] GC(1179) Concurrent Clear Claimed Marks
[4272.565s][info][gc,marking     ] GC(1179) Concurrent Clear Claimed Marks 0.026ms
[4272.565s][info][gc,marking     ] GC(1179) Concurrent Cleanup for Next Mark
[4272.571s][info][gc,marking     ] GC(1179) Concurrent Cleanup for Next Mark 5.370ms
[4272.571s][info][gc             ] GC(1179) Concurrent Mark Cycle 1058.153ms
.[4273.819s][info][gc,start       ] GC(1180) Pause Young (Prepare Mixed) (G1 Evacuation Pause)
[4273.819s][info][gc,task        ] GC(1180) Using 6 workers of 6 for evacuation
[4273.936s][info][gc,phases      ] GC(1180)   Pre Evacuate Collection Set: 0.29ms
[4273.936s][info][gc,phases      ] GC(1180)   Merge Heap Roots: 0.51ms
[4273.936s][info][gc,phases      ] GC(1180)   Evacuate Collection Set: 115.76ms
[4273.936s][info][gc,phases      ] GC(1180)   Post Evacuate Collection Set: 0.92ms
[4273.936s][info][gc,phases      ] GC(1180)   Other: 0.08ms
[4273.936s][info][gc,heap        ] GC(1180) Eden regions: 1119->0(1104)
[4273.936s][info][gc,heap        ] GC(1180) Survivor regions: 109->112(154)
[4273.936s][info][gc,heap        ] GC(1180) Old regions: 506->537
[4273.936s][info][gc,heap        ] GC(1180) Humongous regions: 80->80
[4273.936s][info][gc,metaspace   ] GC(1180) Metaspace: 28879K(29248K)->28879K(29248K) NonClass: 24010K(24192K)->24010K(24192K) Class: 4868K(5056K)->4868K(5056K)
[4273.936s][info][gc             ] GC(1180) Pause Young (Prepare Mixed) (G1 Evacuation Pause) 3626M->1455M(4096M) 117.705ms
[4273.936s][info][gc,cpu         ] GC(1180) User=0.70s Sys=0.00s Real=0.11s
...[4276.251s][info][gc,start       ] GC(1181) Pause Young (Mixed) (G1 Evacuation Pause)
[4276.251s][info][gc,task        ] GC(1181) Using 6 workers of 6 for evacuation
[4276.390s][info][gc,phases      ] GC(1181)   Pre Evacuate Collection Set: 0.39ms
[4276.390s][info][gc,phases      ] GC(1181)   Merge Heap Roots: 0.77ms
[4276.390s][info][gc,phases      ] GC(1181)   Evacuate Collection Set: 136.17ms
[4276.390s][info][gc,phases      ] GC(1181)   Post Evacuate Collection Set: 0.93ms
[4276.390s][info][gc,phases      ] GC(1181)   Other: 0.09ms
[4276.390s][info][gc,heap        ] GC(1181) Eden regions: 1104->0(1116)
[4276.390s][info][gc,heap        ] GC(1181) Survivor regions: 112->112(152)
[4276.390s][info][gc,heap        ] GC(1181) Old regions: 537->474
[4276.390s][info][gc,heap        ] GC(1181) Humongous regions: 80->80
[4276.390s][info][gc,metaspace   ] GC(1181) Metaspace: 28879K(29248K)->28879K(29248K) NonClass: 24010K(24192K)->24010K(24192K) Class: 4868K(5056K)->4868K(5056K)
[4276.390s][info][gc             ] GC(1181) Pause Young (Mixed) (G1 Evacuation Pause) 3663M->1330M(4096M) 138.480ms
[4276.390s][info][gc,cpu         ] GC(1181) User=0.83s Sys=0.00s Real=0.14s
..[4278.655s][info][gc,start       ] GC(1182) Pause Young (Concurrent Start) (G1 Evacuation Pause)
[4278.655s][info][gc,task        ] GC(1182) Using 6 workers of 6 for evacuation
[4278.777s][info][gc,phases      ] GC(1182)   Pre Evacuate Collection Set: 0.39ms
[4278.777s][info][gc,phases      ] GC(1182)   Merge Heap Roots: 0.49ms
[4278.777s][info][gc,phases      ] GC(1182)   Evacuate Collection Set: 119.73ms
[4278.777s][info][gc,phases      ] GC(1182)   Post Evacuate Collection Set: 0.87ms
[4278.777s][info][gc,phases      ] GC(1182)   Other: 0.13ms
[4278.777s][info][gc,heap        ] GC(1182) Eden regions: 1116->0(1114)
[4278.777s][info][gc,heap        ] GC(1182) Survivor regions: 112->114(154)
[4278.777s][info][gc,heap        ] GC(1182) Old regions: 474->507
[4278.777s][info][gc,heap        ] GC(1182) Humongous regions: 80->80
[4278.777s][info][gc,metaspace   ] GC(1182) Metaspace: 28879K(29248K)->28879K(29248K) NonClass: 24010K(24192K)->24010K(24192K) Class: 4868K(5056K)->4868K(5056K)
[4278.777s][info][gc             ] GC(1182) Pause Young (Concurrent Start) (G1 Evacuation Pause) 3562M->1399M(4096M) 121.738ms
[4278.777s][info][gc             ] GC(1183) Concurrent Mark Cycle
[4278.777s][info][gc,marking     ] GC(1183) Concurrent Scan Root Regions
[4278.777s][info][gc,cpu         ] GC(1182) User=0.72s Sys=0.00s Real=0.12s
[4278.960s][info][gc,marking     ] GC(1183) Concurrent Scan Root Regions 182.897ms
[4278.960s][info][gc,marking     ] GC(1183) Concurrent Mark
[4278.960s][info][gc,marking     ] GC(1183) Concurrent Mark From Roots
[4278.960s][info][gc,task        ] GC(1183) Using 2 workers of 2 for marking
.[4280.008s][info][gc,marking     ] GC(1183) Concurrent Mark From Roots 1048.379ms
[4280.008s][info][gc,marking     ] GC(1183) Concurrent Preclean
[4280.008s][info][gc,marking     ] GC(1183) Concurrent Preclean 0.122ms
[4280.010s][info][gc,start       ] GC(1183) Pause Remark
[4280.012s][info][gc             ] GC(1183) Pause Remark 2548M->2548M(4096M) 2.776ms
[4280.012s][info][gc,cpu         ] GC(1183) User=0.02s Sys=0.00s Real=0.00s
[4280.012s][info][gc,marking     ] GC(1183) Concurrent Mark 1052.627ms
[4280.013s][info][gc,marking     ] GC(1183) Concurrent Rebuild Remembered Sets and Scrub Regions
[4280.293s][info][gc,marking     ] GC(1183) Concurrent Rebuild Remembered Sets and Scrub Regions 280.057ms
[4280.293s][info][gc,start       ] GC(1183) Pause Cleanup
[4280.293s][info][gc             ] GC(1183) Pause Cleanup 2800M->2800M(4096M) 0.120ms
[4280.293s][info][gc,cpu         ] GC(1183) User=0.00s Sys=0.00s Real=0.00s
[4280.293s][info][gc,marking     ] GC(1183) Concurrent Clear Claimed Marks
[4280.293s][info][gc,marking     ] GC(1183) Concurrent Clear Claimed Marks 0.032ms
[4280.293s][info][gc,marking     ] GC(1183) Concurrent Cleanup for Next Mark
[4280.302s][info][gc,marking     ] GC(1183) Concurrent Cleanup for Next Mark 8.231ms
[4280.302s][info][gc             ] GC(1183) Concurrent Mark Cycle 1524.784ms
.[4280.952s][info][gc,start       ] GC(1184) Pause Young (Prepare Mixed) (G1 Evacuation Pause)
[4280.952s][info][gc,task        ] GC(1184) Using 6 workers of 6 for evacuation
[4281.067s][info][gc,phases      ] GC(1184)   Pre Evacuate Collection Set: 0.29ms
[4281.067s][info][gc,phases      ] GC(1184)   Merge Heap Roots: 0.49ms
[4281.067s][info][gc,phases      ] GC(1184)   Evacuate Collection Set: 113.07ms
[4281.067s][info][gc,phases      ] GC(1184)   Post Evacuate Collection Set: 0.93ms
[4281.067s][info][gc,phases      ] GC(1184)   Other: 0.09ms
[4281.067s][info][gc,heap        ] GC(1184) Eden regions: 1114->0(1108)
[4281.067s][info][gc,heap        ] GC(1184) Survivor regions: 114->109(154)
[4281.067s][info][gc,heap        ] GC(1184) Old regions: 507->539
[4281.067s][info][gc,heap        ] GC(1184) Humongous regions: 80->80
[4281.067s][info][gc,metaspace   ] GC(1184) Metaspace: 28879K(29248K)->28879K(29248K) NonClass: 24010K(24192K)->24010K(24192K) Class: 4868K(5056K)->4868K(5056K)
[4281.067s][info][gc             ] GC(1184) Pause Young (Prepare Mixed) (G1 Evacuation Pause) 3627M->1453M(4096M) 115.001ms
[4281.067s][info][gc,cpu         ] GC(1184) User=0.68s Sys=0.01s Real=0.11s
...[4283.428s][info][gc,start       ] GC(1185) Pause Young (Mixed) (G1 Evacuation Pause)
[4283.428s][info][gc,task        ] GC(1185) Using 6 workers of 6 for evacuation
[4283.560s][info][gc,phases      ] GC(1185)   Pre Evacuate Collection Set: 0.39ms
[4283.560s][info][gc,phases      ] GC(1185)   Merge Heap Roots: 0.62ms
[4283.560s][info][gc,phases      ] GC(1185)   Evacuate Collection Set: 130.47ms
[4283.560s][info][gc,phases      ] GC(1185)   Post Evacuate Collection Set: 0.92ms
[4283.560s][info][gc,phases      ] GC(1185)   Other: 0.09ms
[4283.560s][info][gc,heap        ] GC(1185) Eden regions: 1108->0(1116)
[4283.560s][info][gc,heap        ] GC(1185) Survivor regions: 109->112(153)
[4283.560s][info][gc,heap        ] GC(1185) Old regions: 539->475
[4283.560s][info][gc,heap        ] GC(1185) Humongous regions: 80->80
[4283.560s][info][gc,metaspace   ] GC(1185) Metaspace: 28879K(29248K)->28879K(29248K) NonClass: 24010K(24192K)->24010K(24192K) Class: 4868K(5056K)->4868K(5056K)
[4283.560s][info][gc             ] GC(1185) Pause Young (Mixed) (G1 Evacuation Pause) 3669M->1331M(4096M) 132.613ms
[4283.561s][info][gc,cpu         ] GC(1185) User=0.79s Sys=0.00s Real=0.13s
..[4285.823s][info][gc,start       ] GC(1186) Pause Young (Concurrent Start) (G1 Evacuation Pause)
[4285.823s][info][gc,task        ] GC(1186) Using 6 workers of 6 for evacuation
[4285.937s][info][gc,phases      ] GC(1186)   Pre Evacuate Collection Set: 0.40ms
[4285.937s][info][gc,phases      ] GC(1186)   Merge Heap Roots: 0.48ms
[4285.937s][info][gc,phases      ] GC(1186)   Evacuate Collection Set: 112.44ms
[4285.937s][info][gc,phases      ] GC(1186)   Post Evacuate Collection Set: 0.87ms
[4285.937s][info][gc,phases      ] GC(1186)   Other: 0.15ms
[4285.937s][info][gc,heap        ] GC(1186) Eden regions: 1116->0(1119)
[4285.937s][info][gc,heap        ] GC(1186) Survivor regions: 112->109(154)
[4285.937s][info][gc,heap        ] GC(1186) Old regions: 475->506
[4285.937s][info][gc,heap        ] GC(1186) Humongous regions: 80->80
[4285.937s][info][gc,metaspace   ] GC(1186) Metaspace: 28879K(29248K)->28879K(29248K) NonClass: 24010K(24192K)->24010K(24192K) Class: 4868K(5056K)->4868K(5056K)
[4285.937s][info][gc             ] GC(1186) Pause Young (Concurrent Start) (G1 Evacuation Pause) 3563M->1387M(4096M) 114.478ms
[4285.937s][info][gc             ] GC(1187) Concurrent Mark Cycle
[4285.937s][info][gc,marking     ] GC(1187) Concurrent Scan Root Regions
[4285.937s][info][gc,cpu         ] GC(1186) User=0.68s Sys=0.00s Real=0.12s
[4286.116s][info][gc,marking     ] GC(1187) Concurrent Scan Root Regions 178.464ms
[4286.116s][info][gc,marking     ] GC(1187) Concurrent Mark
[4286.116s][info][gc,marking     ] GC(1187) Concurrent Mark From Roots
[4286.116s][info][gc,task        ] GC(1187) Using 2 workers of 2 for marking
.[4287.189s][info][gc,marking     ] GC(1187) Concurrent Mark From Roots 1072.614ms
[4287.189s][info][gc,marking     ] GC(1187) Concurrent Preclean
[4287.189s][info][gc,marking     ] GC(1187) Concurrent Preclean 0.101ms
[4287.190s][info][gc,start       ] GC(1187) Pause Remark
[4287.193s][info][gc             ] GC(1187) Pause Remark 2587M->2587M(4096M) 3.490ms
[4287.193s][info][gc,cpu         ] GC(1187) User=0.01s Sys=0.01s Real=0.00s
[4287.194s][info][gc,marking     ] GC(1187) Concurrent Mark 1078.008ms
[4287.194s][info][gc,marking     ] GC(1187) Concurrent Rebuild Remembered Sets and Scrub Regions
.[4287.481s][info][gc,marking     ] GC(1187) Concurrent Rebuild Remembered Sets and Scrub Regions 287.297ms
[4287.482s][info][gc,start       ] GC(1187) Pause Cleanup
[4287.482s][info][gc             ] GC(1187) Pause Cleanup 2890M->2890M(4096M) 0.116ms
[4287.482s][info][gc,cpu         ] GC(1187) User=0.00s Sys=0.00s Real=0.00s
[4287.483s][info][gc,marking     ] GC(1187) Concurrent Clear Claimed Marks
[4287.483s][info][gc,marking     ] GC(1187) Concurrent Clear Claimed Marks 0.033ms
[4287.483s][info][gc,marking     ] GC(1187) Concurrent Cleanup for Next Mark
[4287.493s][info][gc,marking     ] GC(1187) Concurrent Cleanup for Next Mark 10.438ms
[4287.493s][info][gc             ] GC(1187) Concurrent Mark Cycle 1555.939ms
[4288.260s][info][gc,start       ] GC(1188) Pause Young (Prepare Mixed) (G1 Evacuation Pause)
[4288.260s][info][gc,task        ] GC(1188) Using 6 workers of 6 for evacuation
[4288.379s][info][gc,phases      ] GC(1188)   Pre Evacuate Collection Set: 0.33ms
[4288.379s][info][gc,phases      ] GC(1188)   Merge Heap Roots: 0.47ms
[4288.379s][info][gc,phases      ] GC(1188)   Evacuate Collection Set: 117.02ms
[4288.379s][info][gc,phases      ] GC(1188)   Post Evacuate Collection Set: 0.84ms
[4288.379s][info][gc,phases      ] GC(1188)   Other: 0.09ms
[4288.379s][info][gc,heap        ] GC(1188) Eden regions: 1119->0(1103)
[4288.379s][info][gc,heap        ] GC(1188) Survivor regions: 109->112(154)
[4288.379s][info][gc,heap        ] GC(1188) Old regions: 506->538
[4288.379s][info][gc,heap        ] GC(1188) Humongous regions: 80->80
[4288.379s][info][gc,metaspace   ] GC(1188) Metaspace: 28879K(29248K)->28879K(29248K) NonClass: 24010K(24192K)->24010K(24192K) Class: 4868K(5056K)->4868K(5056K)
[4288.379s][info][gc             ] GC(1188) Pause Young (Prepare Mixed) (G1 Evacuation Pause) 3625M->1457M(4096M) 118.869ms
[4288.379s][info][gc,cpu         ] GC(1188) User=0.70s Sys=0.00s Real=0.12s
...[4290.632s][info][gc,start       ] GC(1189) Pause Young (Mixed) (G1 Evacuation Pause)
[4290.632s][info][gc,task        ] GC(1189) Using 6 workers of 6 for evacuation
[4290.770s][info][gc,phases      ] GC(1189)   Pre Evacuate Collection Set: 0.34ms
[4290.770s][info][gc,phases      ] GC(1189)   Merge Heap Roots: 0.70ms
[4290.770s][info][gc,phases      ] GC(1189)   Evacuate Collection Set: 136.41ms
[4290.770s][info][gc,phases      ] GC(1189)   Post Evacuate Collection Set: 1.00ms
[4290.770s][info][gc,phases      ] GC(1189)   Other: 0.09ms
[4290.770s][info][gc,heap        ] GC(1189) Eden regions: 1103->0(1114)
[4290.770s][info][gc,heap        ] GC(1189) Survivor regions: 112->114(152)
[4290.770s][info][gc,heap        ] GC(1189) Old regions: 538->474
[4290.770s][info][gc,heap        ] GC(1189) Humongous regions: 80->80
[4290.770s][info][gc,metaspace   ] GC(1189) Metaspace: 28879K(29248K)->28879K(29248K) NonClass: 24010K(24192K)->24010K(24192K) Class: 4868K(5056K)->4868K(5056K)
[4290.770s][info][gc             ] GC(1189) Pause Young (Mixed) (G1 Evacuation Pause) 3663M->1333M(4096M) 138.659ms
[4290.770s][info][gc,cpu         ] GC(1189) User=0.83s Sys=0.00s Real=0.14s
..[4293.095s][info][gc,start       ] GC(1190) Pause Young (Concurrent Start) (G1 Evacuation Pause)
[4293.095s][info][gc,task        ] GC(1190) Using 6 workers of 6 for evacuation
[4293.212s][info][gc,phases      ] GC(1190)   Pre Evacuate Collection Set: 0.36ms
[4293.212s][info][gc,phases      ] GC(1190)   Merge Heap Roots: 0.47ms
[4293.212s][info][gc,phases      ] GC(1190)   Evacuate Collection Set: 115.11ms
[4293.212s][info][gc,phases      ] GC(1190)   Post Evacuate Collection Set: 0.87ms
[4293.212s][info][gc,phases      ] GC(1190)   Other: 0.11ms
[4293.212s][info][gc,heap        ] GC(1190) Eden regions: 1114->0(1119)
[4293.212s][info][gc,heap        ] GC(1190) Survivor regions: 114->109(154)
[4293.212s][info][gc,heap        ] GC(1190) Old regions: 474->506
[4293.212s][info][gc,heap        ] GC(1190) Humongous regions: 80->80
[4293.212s][info][gc,metaspace   ] GC(1190) Metaspace: 28879K(29248K)->28879K(29248K) NonClass: 24010K(24192K)->24010K(24192K) Class: 4868K(5056K)->4868K(5056K)
[4293.212s][info][gc             ] GC(1190) Pause Young (Concurrent Start) (G1 Evacuation Pause) 3561M->1387M(4096M) 117.071ms
[4293.212s][info][gc             ] GC(1191) Concurrent Mark Cycle
[4293.212s][info][gc,marking     ] GC(1191) Concurrent Scan Root Regions
[4293.212s][info][gc,cpu         ] GC(1190) User=0.69s Sys=0.00s Real=0.12s
[4293.358s][info][gc,marking     ] GC(1191) Concurrent Scan Root Regions 145.866ms
[4293.358s][info][gc,marking     ] GC(1191) Concurrent Mark
[4293.358s][info][gc,marking     ] GC(1191) Concurrent Mark From Roots
[4293.358s][info][gc,task        ] GC(1191) Using 2 workers of 2 for marking
.[4294.083s][info][gc,marking     ] GC(1191) Concurrent Mark From Roots 724.467ms
[4294.083s][info][gc,marking     ] GC(1191) Concurrent Preclean
[4294.083s][info][gc,marking     ] GC(1191) Concurrent Preclean 0.125ms
[4294.086s][info][gc,start       ] GC(1191) Pause Remark
[4294.089s][info][gc             ] GC(1191) Pause Remark 2129M->2129M(4096M) 3.013ms
[4294.089s][info][gc,cpu         ] GC(1191) User=0.02s Sys=0.00s Real=0.01s
[4294.089s][info][gc,marking     ] GC(1191) Concurrent Mark 730.521ms
[4294.089s][info][gc,marking     ] GC(1191) Concurrent Rebuild Remembered Sets and Scrub Regions
[4294.456s][info][gc,marking     ] GC(1191) Concurrent Rebuild Remembered Sets and Scrub Regions 367.455ms
[4294.456s][info][gc,start       ] GC(1191) Pause Cleanup
[4294.457s][info][gc             ] GC(1191) Pause Cleanup 2531M->2531M(4096M) 0.123ms
[4294.457s][info][gc,cpu         ] GC(1191) User=0.00s Sys=0.00s Real=0.00s
[4294.457s][info][gc,marking     ] GC(1191) Concurrent Clear Claimed Marks
[4294.457s][info][gc,marking     ] GC(1191) Concurrent Clear Claimed Marks 0.026ms
[4294.457s][info][gc,marking     ] GC(1191) Concurrent Cleanup for Next Mark
[4294.465s][info][gc,marking     ] GC(1191) Concurrent Cleanup for Next Mark 8.564ms
[4294.465s][info][gc             ] GC(1191) Concurrent Mark Cycle 1253.194ms
.[4295.511s][info][gc,start       ] GC(1192) Pause Young (Prepare Mixed) (G1 Evacuation Pause)
[4295.511s][info][gc,task        ] GC(1192) Using 6 workers of 6 for evacuation
[4295.635s][info][gc,phases      ] GC(1192)   Pre Evacuate Collection Set: 0.34ms
[4295.635s][info][gc,phases      ] GC(1192)   Merge Heap Roots: 0.54ms
[4295.635s][info][gc,phases      ] GC(1192)   Evacuate Collection Set: 121.91ms
[4295.635s][info][gc,phases      ] GC(1192)   Post Evacuate Collection Set: 0.91ms
[4295.635s][info][gc,phases      ] GC(1192)   Other: 0.08ms
[4295.635s][info][gc,heap        ] GC(1192) Eden regions: 1119->0(1096)
[4295.635s][info][gc,heap        ] GC(1192) Survivor regions: 109->116(154)
[4295.635s][info][gc,heap        ] GC(1192) Old regions: 506->537
[4295.635s][info][gc,heap        ] GC(1192) Humongous regions: 80->80
[4295.635s][info][gc,metaspace   ] GC(1192) Metaspace: 28879K(29248K)->28879K(29248K) NonClass: 24010K(24192K)->24010K(24192K) Class: 4868K(5056K)->4868K(5056K)
[4295.635s][info][gc             ] GC(1192) Pause Young (Prepare Mixed) (G1 Evacuation Pause) 3625M->1465M(4096M) 123.900ms
[4295.635s][info][gc,cpu         ] GC(1192) User=0.74s Sys=0.00s Real=0.12s
...[4297.972s][info][gc,start       ] GC(1193) Pause Young (Mixed) (G1 Evacuation Pause)
[4297.972s][info][gc,task        ] GC(1193) Using 6 workers of 6 for evacuation
[4298.107s][info][gc,phases      ] GC(1193)   Pre Evacuate Collection Set: 0.36ms
[4298.107s][info][gc,phases      ] GC(1193)   Merge Heap Roots: 0.80ms
[4298.107s][info][gc,phases      ] GC(1193)   Evacuate Collection Set: 132.63ms
[4298.107s][info][gc,phases      ] GC(1193)   Post Evacuate Collection Set: 0.94ms
[4298.107s][info][gc,phases      ] GC(1193)   Other: 0.09ms
[4298.107s][info][gc,heap        ] GC(1193) Eden regions: 1096->0(1119)
[4298.107s][info][gc,heap        ] GC(1193) Survivor regions: 116->109(152)
[4298.107s][info][gc,heap        ] GC(1193) Old regions: 537->476
[4298.107s][info][gc,heap        ] GC(1193) Humongous regions: 80->80
[4298.107s][info][gc,metaspace   ] GC(1193) Metaspace: 28879K(29248K)->28879K(29248K) NonClass: 24010K(24192K)->24010K(24192K) Class: 4868K(5056K)->4868K(5056K)
[4298.107s][info][gc             ] GC(1193) Pause Young (Mixed) (G1 Evacuation Pause) 3657M->1327M(4096M) 134.965ms
[4298.107s][info][gc,cpu         ] GC(1193) User=0.81s Sys=0.00s Real=0.13s
..[4300.403s][info][gc,start       ] GC(1194) Pause Young (Concurrent Start) (G1 Evacuation Pause)
[4300.403s][info][gc,task        ] GC(1194) Using 6 workers of 6 for evacuation
[4300.522s][info][gc,phases      ] GC(1194)   Pre Evacuate Collection Set: 0.40ms
[4300.522s][info][gc,phases      ] GC(1194)   Merge Heap Roots: 0.49ms
[4300.522s][info][gc,phases      ] GC(1194)   Evacuate Collection Set: 117.09ms
[4300.522s][info][gc,phases      ] GC(1194)   Post Evacuate Collection Set: 0.94ms
[4300.522s][info][gc,phases      ] GC(1194)   Other: 0.13ms
[4300.522s][info][gc,heap        ] GC(1194) Eden regions: 1119->0(1116)
[4300.522s][info][gc,heap        ] GC(1194) Survivor regions: 109->112(154)
[4300.522s][info][gc,heap        ] GC(1194) Old regions: 476->507
[4300.522s][info][gc,heap        ] GC(1194) Humongous regions: 80->80
[4300.522s][info][gc,metaspace   ] GC(1194) Metaspace: 28879K(29248K)->28879K(29248K) NonClass: 24010K(24192K)->24010K(24192K) Class: 4868K(5056K)->4868K(5056K)
[4300.522s][info][gc             ] GC(1194) Pause Young (Concurrent Start) (G1 Evacuation Pause) 3565M->1397M(4096M) 119.200ms
[4300.522s][info][gc             ] GC(1195) Concurrent Mark Cycle
[4300.522s][info][gc,marking     ] GC(1195) Concurrent Scan Root Regions
[4300.522s][info][gc,cpu         ] GC(1194) User=0.71s Sys=0.00s Real=0.12s
[4300.673s][info][gc,marking     ] GC(1195) Concurrent Scan Root Regions 150.308ms
[4300.673s][info][gc,marking     ] GC(1195) Concurrent Mark
[4300.673s][info][gc,marking     ] GC(1195) Concurrent Mark From Roots
[4300.673s][info][gc,task        ] GC(1195) Using 2 workers of 2 for marking
.[4301.375s][info][gc,marking     ] GC(1195) Concurrent Mark From Roots 702.901ms
[4301.375s][info][gc,marking     ] GC(1195) Concurrent Preclean
[4301.376s][info][gc,marking     ] GC(1195) Concurrent Preclean 0.096ms
[4301.379s][info][gc,start       ] GC(1195) Pause Remark
[4301.382s][info][gc             ] GC(1195) Pause Remark 2127M->2127M(4096M) 2.769ms
[4301.382s][info][gc,cpu         ] GC(1195) User=0.02s Sys=0.00s Real=0.00s
[4301.382s][info][gc,marking     ] GC(1195) Concurrent Mark 709.270ms
[4301.382s][info][gc,marking     ] GC(1195) Concurrent Rebuild Remembered Sets and Scrub Regions
[4301.794s][info][gc,marking     ] GC(1195) Concurrent Rebuild Remembered Sets and Scrub Regions 412.009ms
[4301.796s][info][gc,start       ] GC(1195) Pause Cleanup
[4301.796s][info][gc             ] GC(1195) Pause Cleanup 2521M->2521M(4096M) 0.139ms
[4301.796s][info][gc,cpu         ] GC(1195) User=0.00s Sys=0.00s Real=0.00s
[4301.796s][info][gc,marking     ] GC(1195) Concurrent Clear Claimed Marks
[4301.796s][info][gc,marking     ] GC(1195) Concurrent Clear Claimed Marks 0.035ms
[4301.796s][info][gc,marking     ] GC(1195) Concurrent Cleanup for Next Mark
[4301.806s][info][gc,marking     ] GC(1195) Concurrent Cleanup for Next Mark 9.341ms
[4301.806s][info][gc             ] GC(1195) Concurrent Mark Cycle 1283.747ms
..[4302.837s][info][gc,start       ] GC(1196) Pause Young (Prepare Mixed) (G1 Evacuation Pause)
[4302.837s][info][gc,task        ] GC(1196) Using 6 workers of 6 for evacuation
[4302.955s][info][gc,phases      ] GC(1196)   Pre Evacuate Collection Set: 0.33ms
[4302.955s][info][gc,phases      ] GC(1196)   Merge Heap Roots: 0.52ms
[4302.955s][info][gc,phases      ] GC(1196)   Evacuate Collection Set: 115.95ms
[4302.955s][info][gc,phases      ] GC(1196)   Post Evacuate Collection Set: 0.94ms
[4302.955s][info][gc,phases      ] GC(1196)   Other: 0.09ms
[4302.955s][info][gc,heap        ] GC(1196) Eden regions: 1116->0(1108)
[4302.955s][info][gc,heap        ] GC(1196) Survivor regions: 112->109(154)
[4302.955s][info][gc,heap        ] GC(1196) Old regions: 507->539
[4302.955s][info][gc,heap        ] GC(1196) Humongous regions: 80->80
[4302.955s][info][gc,metaspace   ] GC(1196) Metaspace: 28879K(29248K)->28879K(29248K) NonClass: 24010K(24192K)->24010K(24192K) Class: 4868K(5056K)->4868K(5056K)
[4302.955s][info][gc             ] GC(1196) Pause Young (Prepare Mixed) (G1 Evacuation Pause) 3629M->1454M(4096M) 117.951ms
[4302.955s][info][gc,cpu         ] GC(1196) User=0.71s Sys=0.00s Real=0.12s
..[4305.290s][info][gc,start       ] GC(1197) Pause Young (Mixed) (G1 Evacuation Pause)
[4305.290s][info][gc,task        ] GC(1197) Using 6 workers of 6 for evacuation
[4305.420s][info][gc,phases      ] GC(1197)   Pre Evacuate Collection Set: 0.36ms
[4305.420s][info][gc,phases      ] GC(1197)   Merge Heap Roots: 0.68ms
[4305.420s][info][gc,phases      ] GC(1197)   Evacuate Collection Set: 128.71ms
[4305.420s][info][gc,phases      ] GC(1197)   Post Evacuate Collection Set: 0.94ms
[4305.420s][info][gc,phases      ] GC(1197)   Other: 0.09ms
[4305.420s][info][gc,heap        ] GC(1197) Eden regions: 1108->0(1118)
[4305.420s][info][gc,heap        ] GC(1197) Survivor regions: 109->110(153)
[4305.420s][info][gc,heap        ] GC(1197) Old regions: 539->474
[4305.420s][info][gc,heap        ] GC(1197) Humongous regions: 80->80
[4305.420s][info][gc,metaspace   ] GC(1197) Metaspace: 28879K(29248K)->28879K(29248K) NonClass: 24010K(24192K)->24010K(24192K) Class: 4868K(5056K)->4868K(5056K)
[4305.420s][info][gc             ] GC(1197) Pause Young (Mixed) (G1 Evacuation Pause) 3670M->1326M(4096M) 130.902ms
[4305.420s][info][gc,cpu         ] GC(1197) User=0.78s Sys=0.00s Real=0.13s
..[4307.702s][info][gc,start       ] GC(1198) Pause Young (Concurrent Start) (G1 Evacuation Pause)
[4307.702s][info][gc,task        ] GC(1198) Using 6 workers of 6 for evacuation
[4307.816s][info][gc,phases      ] GC(1198)   Pre Evacuate Collection Set: 0.39ms
[4307.816s][info][gc,phases      ] GC(1198)   Merge Heap Roots: 0.48ms
[4307.816s][info][gc,phases      ] GC(1198)   Evacuate Collection Set: 111.62ms
[4307.816s][info][gc,phases      ] GC(1198)   Post Evacuate Collection Set: 0.88ms
[4307.816s][info][gc,phases      ] GC(1198)   Other: 0.11ms
[4307.816s][info][gc,heap        ] GC(1198) Eden regions: 1118->0(1121)
[4307.816s][info][gc,heap        ] GC(1198) Survivor regions: 110->107(154)
[4307.816s][info][gc,heap        ] GC(1198) Old regions: 474->506
[4307.816s][info][gc,heap        ] GC(1198) Humongous regions: 80->80
[4307.816s][info][gc,metaspace   ] GC(1198) Metaspace: 28879K(29248K)->28879K(29248K) NonClass: 24010K(24192K)->24010K(24192K) Class: 4868K(5056K)->4868K(5056K)
[4307.816s][info][gc             ] GC(1198) Pause Young (Concurrent Start) (G1 Evacuation Pause) 3562M->1384M(4096M) 113.604ms
[4307.816s][info][gc             ] GC(1199) Concurrent Mark Cycle
[4307.816s][info][gc,marking     ] GC(1199) Concurrent Scan Root Regions
[4307.816s][info][gc,cpu         ] GC(1198) User=0.68s Sys=0.00s Real=0.11s
[4308.008s][info][gc,marking     ] GC(1199) Concurrent Scan Root Regions 192.167ms
[4308.008s][info][gc,marking     ] GC(1199) Concurrent Mark
[4308.008s][info][gc,marking     ] GC(1199) Concurrent Mark From Roots
[4308.008s][info][gc,task        ] GC(1199) Using 2 workers of 2 for marking
.[4309.056s][info][gc,marking     ] GC(1199) Concurrent Mark From Roots 1047.505ms
[4309.056s][info][gc,marking     ] GC(1199) Concurrent Preclean
.[4309.056s][info][gc,marking     ] GC(1199) Concurrent Preclean 0.136ms
[4309.056s][info][gc,start       ] GC(1199) Pause Remark
[4309.061s][info][gc             ] GC(1199) Pause Remark 2551M->2551M(4096M) 4.133ms
[4309.061s][info][gc,cpu         ] GC(1199) User=0.02s Sys=0.00s Real=0.01s
[4309.063s][info][gc,marking     ] GC(1199) Concurrent Mark 1054.798ms
[4309.063s][info][gc,marking     ] GC(1199) Concurrent Rebuild Remembered Sets and Scrub Regions
[4309.436s][info][gc,marking     ] GC(1199) Concurrent Rebuild Remembered Sets and Scrub Regions 373.585ms
[4309.437s][info][gc,start       ] GC(1199) Pause Cleanup
[4309.437s][info][gc             ] GC(1199) Pause Cleanup 2951M->2951M(4096M) 0.117ms
[4309.437s][info][gc,cpu         ] GC(1199) User=0.00s Sys=0.00s Real=0.00s
[4309.437s][info][gc,marking     ] GC(1199) Concurrent Clear Claimed Marks
[4309.437s][info][gc,marking     ] GC(1199) Concurrent Clear Claimed Marks 0.024ms
[4309.437s][info][gc,marking     ] GC(1199) Concurrent Cleanup for Next Mark
[4309.441s][info][gc,marking     ] GC(1199) Concurrent Cleanup for Next Mark 4.444ms
[4309.441s][info][gc             ] GC(1199) Concurrent Mark Cycle 1625.628ms
.[4310.177s][info][gc,start       ] GC(1200) Pause Young (Prepare Mixed) (G1 Evacuation Pause)
[4310.177s][info][gc,task        ] GC(1200) Using 6 workers of 6 for evacuation
[4310.296s][info][gc,phases      ] GC(1200)   Pre Evacuate Collection Set: 0.32ms
[4310.296s][info][gc,phases      ] GC(1200)   Merge Heap Roots: 0.58ms
[4310.296s][info][gc,phases      ] GC(1200)   Evacuate Collection Set: 117.34ms
[4310.296s][info][gc,phases      ] GC(1200)   Post Evacuate Collection Set: 0.95ms
[4310.296s][info][gc,phases      ] GC(1200)   Other: 0.09ms
[4310.296s][info][gc,heap        ] GC(1200) Eden regions: 1121->0(1104)
[4310.296s][info][gc,heap        ] GC(1200) Survivor regions: 107->112(154)
[4310.296s][info][gc,heap        ] GC(1200) Old regions: 506->537
[4310.296s][info][gc,heap        ] GC(1200) Humongous regions: 80->80
[4310.296s][info][gc,metaspace   ] GC(1200) Metaspace: 28879K(29248K)->28879K(29248K) NonClass: 24010K(24192K)->24010K(24192K) Class: 4868K(5056K)->4868K(5056K)
[4310.296s][info][gc             ] GC(1200) Pause Young (Prepare Mixed) (G1 Evacuation Pause) 3626M->1455M(4096M) 119.439ms
[4310.296s][info][gc,cpu         ] GC(1200) User=0.71s Sys=0.00s Real=0.12s
..[4312.576s][info][gc,start       ] GC(1201) Pause Young (Mixed) (G1 Evacuation Pause)
[4312.576s][info][gc,task        ] GC(1201) Using 6 workers of 6 for evacuation
[4312.713s][info][gc,phases      ] GC(1201)   Pre Evacuate Collection Set: 0.36ms
[4312.713s][info][gc,phases      ] GC(1201)   Merge Heap Roots: 0.71ms
[4312.713s][info][gc,phases      ] GC(1201)   Evacuate Collection Set: 134.66ms
[4312.713s][info][gc,phases      ] GC(1201)   Post Evacuate Collection Set: 0.94ms
[4312.713s][info][gc,phases      ] GC(1201)   Other: 0.09ms
[4312.713s][info][gc,heap        ] GC(1201) Eden regions: 1104->0(1117)
[4312.713s][info][gc,heap        ] GC(1201) Survivor regions: 112->111(152)
[4312.713s][info][gc,heap        ] GC(1201) Old regions: 537->473
[4312.713s][info][gc,heap        ] GC(1201) Humongous regions: 80->80
[4312.713s][info][gc,metaspace   ] GC(1201) Metaspace: 28879K(29248K)->28879K(29248K) NonClass: 24010K(24192K)->24010K(24192K) Class: 4868K(5056K)->4868K(5056K)
[4312.713s][info][gc             ] GC(1201) Pause Young (Mixed) (G1 Evacuation Pause) 3663M->1326M(4096M) 136.883ms
[4312.713s][info][gc,cpu         ] GC(1201) User=0.81s Sys=0.00s Real=0.14s
..[4314.992s][info][gc,start       ] GC(1202) Pause Young (Concurrent Start) (G1 Evacuation Pause)
[4314.992s][info][gc,task        ] GC(1202) Using 6 workers of 6 for evacuation
[4315.109s][info][gc,phases      ] GC(1202)   Pre Evacuate Collection Set: 0.34ms
[4315.109s][info][gc,phases      ] GC(1202)   Merge Heap Roots: 0.44ms
[4315.109s][info][gc,phases      ] GC(1202)   Evacuate Collection Set: 115.61ms
[4315.109s][info][gc,phases      ] GC(1202)   Post Evacuate Collection Set: 0.89ms
[4315.109s][info][gc,phases      ] GC(1202)   Other: 0.11ms
[4315.109s][info][gc,heap        ] GC(1202) Eden regions: 1117->0(1118)
[4315.109s][info][gc,heap        ] GC(1202) Survivor regions: 111->110(154)
[4315.109s][info][gc,heap        ] GC(1202) Old regions: 473->505
[4315.109s][info][gc,heap        ] GC(1202) Humongous regions: 80->80
[4315.109s][info][gc,metaspace   ] GC(1202) Metaspace: 28879K(29248K)->28879K(29248K) NonClass: 24010K(24192K)->24010K(24192K) Class: 4868K(5056K)->4868K(5056K)
[4315.109s][info][gc             ] GC(1202) Pause Young (Concurrent Start) (G1 Evacuation Pause) 3560M->1388M(4096M) 117.517ms
[4315.109s][info][gc             ] GC(1203) Concurrent Mark Cycle
[4315.109s][info][gc,marking     ] GC(1203) Concurrent Scan Root Regions
[4315.109s][info][gc,cpu         ] GC(1202) User=0.70s Sys=0.00s Real=0.12s
.[4315.293s][info][gc,marking     ] GC(1203) Concurrent Scan Root Regions 183.421ms
[4315.293s][info][gc,marking     ] GC(1203) Concurrent Mark
[4315.293s][info][gc,marking     ] GC(1203) Concurrent Mark From Roots
[4315.293s][info][gc,task        ] GC(1203) Using 2 workers of 2 for marking
.[4316.304s][info][gc,marking     ] GC(1203) Concurrent Mark From Roots 1010.650ms
[4316.304s][info][gc,marking     ] GC(1203) Concurrent Preclean
[4316.304s][info][gc,marking     ] GC(1203) Concurrent Preclean 0.134ms
[4316.306s][info][gc,start       ] GC(1203) Pause Remark
[4316.311s][info][gc             ] GC(1203) Pause Remark 2548M->2548M(4096M) 4.057ms
[4316.311s][info][gc,cpu         ] GC(1203) User=0.03s Sys=0.00s Real=0.01s
[4316.311s][info][gc,marking     ] GC(1203) Concurrent Mark 1017.772ms
[4316.311s][info][gc,marking     ] GC(1203) Concurrent Rebuild Remembered Sets and Scrub Regions
[4316.576s][info][gc,marking     ] GC(1203) Concurrent Rebuild Remembered Sets and Scrub Regions 265.377ms
[4316.576s][info][gc,start       ] GC(1203) Pause Cleanup
[4316.576s][info][gc             ] GC(1203) Pause Cleanup 2806M->2806M(4096M) 0.091ms
[4316.576s][info][gc,cpu         ] GC(1203) User=0.00s Sys=0.00s Real=0.00s
[4316.576s][info][gc,marking     ] GC(1203) Concurrent Clear Claimed Marks
[4316.576s][info][gc,marking     ] GC(1203) Concurrent Clear Claimed Marks 0.035ms
[4316.576s][info][gc,marking     ] GC(1203) Concurrent Cleanup for Next Mark
[4316.582s][info][gc,marking     ] GC(1203) Concurrent Cleanup for Next Mark 5.251ms
[4316.582s][info][gc             ] GC(1203) Concurrent Mark Cycle 1472.334ms
.[4317.407s][info][gc,start       ] GC(1204) Pause Young (Prepare Mixed) (G1 Evacuation Pause)
[4317.407s][info][gc,task        ] GC(1204) Using 6 workers of 6 for evacuation
[4317.526s][info][gc,phases      ] GC(1204)   Pre Evacuate Collection Set: 0.33ms
[4317.526s][info][gc,phases      ] GC(1204)   Merge Heap Roots: 0.51ms
[4317.526s][info][gc,phases      ] GC(1204)   Evacuate Collection Set: 117.21ms
[4317.526s][info][gc,phases      ] GC(1204)   Post Evacuate Collection Set: 0.92ms
[4317.526s][info][gc,phases      ] GC(1204)   Other: 0.09ms
[4317.526s][info][gc,heap        ] GC(1204) Eden regions: 1118->0(1106)
[4317.526s][info][gc,heap        ] GC(1204) Survivor regions: 110->111(154)
[4317.526s][info][gc,heap        ] GC(1204) Old regions: 505->537
[4317.526s][info][gc,heap        ] GC(1204) Humongous regions: 80->80
[4317.526s][info][gc,metaspace   ] GC(1204) Metaspace: 28879K(29248K)->28879K(29248K) NonClass: 24010K(24192K)->24010K(24192K) Class: 4868K(5056K)->4868K(5056K)
[4317.526s][info][gc             ] GC(1204) Pause Young (Prepare Mixed) (G1 Evacuation Pause) 3624M->1454M(4096M) 119.184ms
[4317.526s][info][gc,cpu         ] GC(1204) User=0.71s Sys=0.00s Real=0.12s
..[4319.863s][info][gc,start       ] GC(1205) Pause Young (Mixed) (G1 Evacuation Pause)
[4319.863s][info][gc,task        ] GC(1205) Using 6 workers of 6 for evacuation
[4320.000s][info][gc,phases      ] GC(1205)   Pre Evacuate Collection Set: 0.34ms
[4320.000s][info][gc,phases      ] GC(1205)   Merge Heap Roots: 0.74ms
[4320.000s][info][gc,phases      ] GC(1205)   Evacuate Collection Set: 134.54ms
[4320.000s][info][gc,phases      ] GC(1205)   Post Evacuate Collection Set: 0.94ms
[4320.000s][info][gc,phases      ] GC(1205)   Other: 0.09ms
[4320.000s][info][gc,heap        ] GC(1205) Eden regions: 1106->0(1117)
[4320.000s][info][gc,heap        ] GC(1205) Survivor regions: 111->111(153)
[4320.000s][info][gc,heap        ] GC(1205) Old regions: 537->475
[4320.000s][info][gc,heap        ] GC(1205) Humongous regions: 80->80
[4320.000s][info][gc,metaspace   ] GC(1205) Metaspace: 28879K(29248K)->28879K(29248K) NonClass: 24010K(24192K)->24010K(24192K) Class: 4868K(5056K)->4868K(5056K)
[4320.000s][info][gc             ] GC(1205) Pause Young (Mixed) (G1 Evacuation Pause) 3666M->1330M(4096M) 136.799ms
[4320.000s][info][gc,cpu         ] GC(1205) User=0.81s Sys=0.00s Real=0.14s
..[4322.264s][info][gc,start       ] GC(1206) Pause Young (Concurrent Start) (G1 Evacuation Pause)
[4322.264s][info][gc,task        ] GC(1206) Using 6 workers of 6 for evacuation
[4322.384s][info][gc,phases      ] GC(1206)   Pre Evacuate Collection Set: 0.42ms
[4322.384s][info][gc,phases      ] GC(1206)   Merge Heap Roots: 0.57ms
[4322.384s][info][gc,phases      ] GC(1206)   Evacuate Collection Set: 117.56ms
[4322.384s][info][gc,phases      ] GC(1206)   Post Evacuate Collection Set: 0.89ms
[4322.384s][info][gc,phases      ] GC(1206)   Other: 0.89ms
[4322.384s][info][gc,heap        ] GC(1206) Eden regions: 1117->0(1117)
[4322.384s][info][gc,heap        ] GC(1206) Survivor regions: 111->111(154)
[4322.384s][info][gc,heap        ] GC(1206) Old regions: 475->507
[4322.384s][info][gc,heap        ] GC(1206) Humongous regions: 80->80
[4322.384s][info][gc,metaspace   ] GC(1206) Metaspace: 28879K(29248K)->28879K(29248K) NonClass: 24010K(24192K)->24010K(24192K) Class: 4868K(5056K)->4868K(5056K)
[4322.384s][info][gc             ] GC(1206) Pause Young (Concurrent Start) (G1 Evacuation Pause) 3564M->1394M(4096M) 120.464ms
[4322.384s][info][gc             ] GC(1207) Concurrent Mark Cycle
[4322.384s][info][gc,marking     ] GC(1207) Concurrent Scan Root Regions
[4322.384s][info][gc,cpu         ] GC(1206) User=0.72s Sys=0.00s Real=0.12s
.[4322.566s][info][gc,marking     ] GC(1207) Concurrent Scan Root Regions 181.771ms
[4322.566s][info][gc,marking     ] GC(1207) Concurrent Mark
[4322.566s][info][gc,marking     ] GC(1207) Concurrent Mark From Roots
[4322.566s][info][gc,task        ] GC(1207) Using 2 workers of 2 for marking
.[4323.557s][info][gc,marking     ] GC(1207) Concurrent Mark From Roots 990.422ms
[4323.557s][info][gc,marking     ] GC(1207) Concurrent Preclean
[4323.557s][info][gc,marking     ] GC(1207) Concurrent Preclean 0.116ms
[4323.557s][info][gc,start       ] GC(1207) Pause Remark
[4323.561s][info][gc             ] GC(1207) Pause Remark 2518M->2518M(4096M) 3.203ms
[4323.561s][info][gc,cpu         ] GC(1207) User=0.01s Sys=0.00s Real=0.00s
[4323.561s][info][gc,marking     ] GC(1207) Concurrent Mark 994.929ms
[4323.561s][info][gc,marking     ] GC(1207) Concurrent Rebuild Remembered Sets and Scrub Regions
[4323.975s][info][gc,marking     ] GC(1207) Concurrent Rebuild Remembered Sets and Scrub Regions 413.865ms
[4323.975s][info][gc,start       ] GC(1207) Pause Cleanup
[4323.975s][info][gc             ] GC(1207) Pause Cleanup 2927M->2927M(4096M) 0.123ms
[4323.975s][info][gc,cpu         ] GC(1207) User=0.00s Sys=0.00s Real=0.00s
[4323.976s][info][gc,marking     ] GC(1207) Concurrent Clear Claimed Marks
[4323.976s][info][gc,marking     ] GC(1207) Concurrent Clear Claimed Marks 0.037ms
[4323.976s][info][gc,marking     ] GC(1207) Concurrent Cleanup for Next Mark
[4323.982s][info][gc,marking     ] GC(1207) Concurrent Cleanup for Next Mark 6.335ms
[4323.983s][info][gc             ] GC(1207) Concurrent Mark Cycle 1598.176ms
.[4324.673s][info][gc,start       ] GC(1208) Pause Young (Prepare Mixed) (G1 Evacuation Pause)
[4324.673s][info][gc,task        ] GC(1208) Using 6 workers of 6 for evacuation
[4324.791s][info][gc,phases      ] GC(1208)   Pre Evacuate Collection Set: 0.32ms
[4324.791s][info][gc,phases      ] GC(1208)   Merge Heap Roots: 0.49ms
[4324.791s][info][gc,phases      ] GC(1208)   Evacuate Collection Set: 115.58ms
[4324.791s][info][gc,phases      ] GC(1208)   Post Evacuate Collection Set: 0.91ms
[4324.791s][info][gc,phases      ] GC(1208)   Other: 0.09ms
[4324.791s][info][gc,heap        ] GC(1208) Eden regions: 1117->0(1103)
[4324.791s][info][gc,heap        ] GC(1208) Survivor regions: 111->111(154)
[4324.791s][info][gc,heap        ] GC(1208) Old regions: 507->540
[4324.791s][info][gc,heap        ] GC(1208) Humongous regions: 80->80
[4324.791s][info][gc,metaspace   ] GC(1208) Metaspace: 28879K(29248K)->28879K(29248K) NonClass: 24010K(24192K)->24010K(24192K) Class: 4868K(5056K)->4868K(5056K)
[4324.791s][info][gc             ] GC(1208) Pause Young (Prepare Mixed) (G1 Evacuation Pause) 3628M->1461M(4096M) 117.530ms
[4324.791s][info][gc,cpu         ] GC(1208) User=0.70s Sys=0.00s Real=0.12s
..[4327.067s][info][gc,start       ] GC(1209) Pause Young (Mixed) (G1 Evacuation Pause)
[4327.067s][info][gc,task        ] GC(1209) Using 6 workers of 6 for evacuation
[4327.198s][info][gc,phases      ] GC(1209)   Pre Evacuate Collection Set: 0.36ms
[4327.198s][info][gc,phases      ] GC(1209)   Merge Heap Roots: 0.63ms
[4327.198s][info][gc,phases      ] GC(1209)   Evacuate Collection Set: 129.81ms
[4327.198s][info][gc,phases      ] GC(1209)   Post Evacuate Collection Set: 0.91ms
[4327.199s][info][gc,phases      ] GC(1209)   Other: 0.09ms
[4327.199s][info][gc,heap        ] GC(1209) Eden regions: 1103->0(1120)
[4327.199s][info][gc,heap        ] GC(1209) Survivor regions: 111->108(152)
[4327.199s][info][gc,heap        ] GC(1209) Old regions: 540->476
[4327.199s][info][gc,heap        ] GC(1209) Humongous regions: 80->80
[4327.199s][info][gc,metaspace   ] GC(1209) Metaspace: 28879K(29248K)->28879K(29248K) NonClass: 24010K(24192K)->24010K(24192K) Class: 4868K(5056K)->4868K(5056K)
[4327.199s][info][gc             ] GC(1209) Pause Young (Mixed) (G1 Evacuation Pause) 3667M->1326M(4096M) 131.926ms
[4327.199s][info][gc,cpu         ] GC(1209) User=0.78s Sys=0.00s Real=0.14s
.. (rIR:aIR:PR = 7749:7769:7769) (tPR = 115568) [OK] 
  4328s: Performance info:
         Transaction,    Success,    Partial,     Failed,   Receipts, AvgBarcode, 
             Overall,     468833,          0,          0,     445434,      59.48, 
         Response times:
             Request,    Success,    Partial,     Failed,   SkipFail,     Probes,    Samples,      min,      p50,      p90,      p95,      p99,      max, 
       TotalPurchase,     445431,          0,          0,          0,     352549,     413256,      300,     6800,   109000,   166000,   246000,   569000,
     InStorePurchase,     234176,          0,          0,          0,     184805,     216947,      300,     6800,   109000,   166000,   247000,   569000,
      OnlinePurchase,     164486,          0,          0,          0,     129983,     152102,      300,     6800,   109000,   167000,   246000,   568000,
        InstPurchase,      46769,          0,          0,          0,      37761,      44207,      400,     6900,   108000,   166000,   248000,   416000,
          AssocOfCat,        469,          0,          0,          0,        358,        482,    26000,    45000,   169000,   217100,   294870,   344000,
      AssocOfProduct,       4685,          0,          0,          0,       4348,       5247,     1000,     7600,   122000,   179600,   277560,   344000,
      BusinessReport,       1173,          0,          0,          0,       1046,       1336,    24000,    50000,   185600,   239300,   316000,   467000,
          CustBuyBeh,       4672,          0,          0,          0,       4296,       5150,      200,     6200,   101000,   165000,   243000,   409000,
       ProductReturn,      12400,          0,          0,          0,       9343,      11181,      200,     7000,   111000,   169000,   270540,   409000,

  4328s: (57%)   IR =   7887 [4329.557s][info][gc,start       ] GC(1210) Pause Young (Concurrent Start) (G1 Evacuation Pause)
[4329.557s][info][gc,task        ] GC(1210) Using 6 workers of 6 for evacuation
[4329.675s][info][gc,phases      ] GC(1210)   Pre Evacuate Collection Set: 0.35ms
[4329.675s][info][gc,phases      ] GC(1210)   Merge Heap Roots: 0.47ms
[4329.675s][info][gc,phases      ] GC(1210)   Evacuate Collection Set: 116.38ms
[4329.675s][info][gc,phases      ] GC(1210)   Post Evacuate Collection Set: 0.86ms
[4329.675s][info][gc,phases      ] GC(1210)   Other: 0.11ms
[4329.675s][info][gc,heap        ] GC(1210) Eden regions: 1120->0(1116)
[4329.675s][info][gc,heap        ] GC(1210) Survivor regions: 108->112(154)
[4329.675s][info][gc,heap        ] GC(1210) Old regions: 476->507
[4329.675s][info][gc,heap        ] GC(1210) Humongous regions: 80->80
[4329.675s][info][gc,metaspace   ] GC(1210) Metaspace: 28879K(29248K)->28879K(29248K) NonClass: 24010K(24192K)->24010K(24192K) Class: 4868K(5056K)->4868K(5056K)
[4329.675s][info][gc             ] GC(1210) Pause Young (Concurrent Start) (G1 Evacuation Pause) 3566M->1397M(4096M) 118.300ms
[4329.675s][info][gc             ] GC(1211) Concurrent Mark Cycle
[4329.675s][info][gc,marking     ] GC(1211) Concurrent Scan Root Regions
[4329.675s][info][gc,cpu         ] GC(1210) User=0.70s Sys=0.00s Real=0.12s
.[4329.814s][info][gc,marking     ] GC(1211) Concurrent Scan Root Regions 138.458ms
[4329.814s][info][gc,marking     ] GC(1211) Concurrent Mark
[4329.814s][info][gc,marking     ] GC(1211) Concurrent Mark From Roots
[4329.814s][info][gc,task        ] GC(1211) Using 2 workers of 2 for marking
[4330.520s][info][gc,marking     ] GC(1211) Concurrent Mark From Roots 706.236ms
[4330.520s][info][gc,marking     ] GC(1211) Concurrent Preclean
[4330.520s][info][gc,marking     ] GC(1211) Concurrent Preclean 0.106ms
[4330.522s][info][gc,start       ] GC(1211) Pause Remark
[4330.525s][info][gc             ] GC(1211) Pause Remark 2109M->2109M(4096M) 2.871ms
[4330.525s][info][gc,cpu         ] GC(1211) User=0.02s Sys=0.00s Real=0.00s
[4330.525s][info][gc,marking     ] GC(1211) Concurrent Mark 711.170ms
[4330.525s][info][gc,marking     ] GC(1211) Concurrent Rebuild Remembered Sets and Scrub Regions
[4330.793s][info][gc,marking     ] GC(1211) Concurrent Rebuild Remembered Sets and Scrub Regions 268.237ms
.[4330.796s][info][gc,start       ] GC(1211) Pause Cleanup
[4330.796s][info][gc             ] GC(1211) Pause Cleanup 2329M->2329M(4096M) 0.126ms
[4330.796s][info][gc,cpu         ] GC(1211) User=0.00s Sys=0.00s Real=0.00s
[4330.796s][info][gc,marking     ] GC(1211) Concurrent Clear Claimed Marks
[4330.796s][info][gc,marking     ] GC(1211) Concurrent Clear Claimed Marks 0.033ms
[4330.796s][info][gc,marking     ] GC(1211) Concurrent Cleanup for Next Mark
[4330.801s][info][gc,marking     ] GC(1211) Concurrent Cleanup for Next Mark 4.778ms
[4330.801s][info][gc             ] GC(1211) Concurrent Mark Cycle 1125.361ms
.[4331.958s][info][gc,start       ] GC(1212) Pause Young (Prepare Mixed) (G1 Evacuation Pause)
[4331.958s][info][gc,task        ] GC(1212) Using 6 workers of 6 for evacuation
[4332.074s][info][gc,phases      ] GC(1212)   Pre Evacuate Collection Set: 0.36ms
[4332.074s][info][gc,phases      ] GC(1212)   Merge Heap Roots: 0.53ms
[4332.074s][info][gc,phases      ] GC(1212)   Evacuate Collection Set: 114.46ms
[4332.074s][info][gc,phases      ] GC(1212)   Post Evacuate Collection Set: 0.95ms
[4332.074s][info][gc,phases      ] GC(1212)   Other: 0.08ms
[4332.074s][info][gc,heap        ] GC(1212) Eden regions: 1116->0(1106)
[4332.074s][info][gc,heap        ] GC(1212) Survivor regions: 112->110(154)
[4332.074s][info][gc,heap        ] GC(1212) Old regions: 507->539
[4332.074s][info][gc,heap        ] GC(1212) Humongous regions: 80->80
[4332.074s][info][gc,metaspace   ] GC(1212) Metaspace: 28879K(29248K)->28879K(29248K) NonClass: 24010K(24192K)->24010K(24192K) Class: 4868K(5056K)->4868K(5056K)
[4332.074s][info][gc             ] GC(1212) Pause Young (Prepare Mixed) (G1 Evacuation Pause) 3629M->1455M(4096M) 116.515ms
[4332.075s][info][gc,cpu         ] GC(1212) User=0.70s Sys=0.00s Real=0.11s
..[4334.305s][info][gc,start       ] GC(1213) Pause Young (Mixed) (G1 Evacuation Pause)
[4334.305s][info][gc,task        ] GC(1213) Using 6 workers of 6 for evacuation
[4334.444s][info][gc,phases      ] GC(1213)   Pre Evacuate Collection Set: 0.35ms
[4334.444s][info][gc,phases      ] GC(1213)   Merge Heap Roots: 0.82ms
[4334.444s][info][gc,phases      ] GC(1213)   Evacuate Collection Set: 136.76ms
[4334.444s][info][gc,phases      ] GC(1213)   Post Evacuate Collection Set: 0.97ms
[4334.444s][info][gc,phases      ] GC(1213)   Other: 0.09ms
[4334.444s][info][gc,heap        ] GC(1213) Eden regions: 1106->0(1119)
[4334.444s][info][gc,heap        ] GC(1213) Survivor regions: 110->109(152)
[4334.444s][info][gc,heap        ] GC(1213) Old regions: 539->473
[4334.444s][info][gc,heap        ] GC(1213) Humongous regions: 80->80
[4334.444s][info][gc,metaspace   ] GC(1213) Metaspace: 28879K(29248K)->28879K(29248K) NonClass: 24010K(24192K)->24010K(24192K) Class: 4868K(5056K)->4868K(5056K)
[4334.444s][info][gc             ] GC(1213) Pause Young (Mixed) (G1 Evacuation Pause) 3667M->1322M(4096M) 139.157ms
[4334.444s][info][gc,cpu         ] GC(1213) User=0.83s Sys=0.00s Real=0.14s
..[4336.807s][info][gc,start       ] GC(1214) Pause Young (Concurrent Start) (G1 Evacuation Pause)
[4336.807s][info][gc,task        ] GC(1214) Using 6 workers of 6 for evacuation
[4336.926s][info][gc,phases      ] GC(1214)   Pre Evacuate Collection Set: 0.39ms
[4336.926s][info][gc,phases      ] GC(1214)   Merge Heap Roots: 0.49ms
[4336.926s][info][gc,phases      ] GC(1214)   Evacuate Collection Set: 116.70ms
[4336.926s][info][gc,phases      ] GC(1214)   Post Evacuate Collection Set: 0.94ms
[4336.926s][info][gc,phases      ] GC(1214)   Other: 0.12ms
[4336.926s][info][gc,heap        ] GC(1214) Eden regions: 1119->0(1117)
[4336.926s][info][gc,heap        ] GC(1214) Survivor regions: 109->111(154)
[4336.926s][info][gc,heap        ] GC(1214) Old regions: 473->505
[4336.926s][info][gc,heap        ] GC(1214) Humongous regions: 80->80
[4336.926s][info][gc,metaspace   ] GC(1214) Metaspace: 28879K(29248K)->28879K(29248K) NonClass: 24010K(24192K)->24010K(24192K) Class: 4868K(5056K)->4868K(5056K)
[4336.926s][info][gc             ] GC(1214) Pause Young (Concurrent Start) (G1 Evacuation Pause) 3560M->1389M(4096M) 118.768ms
[4336.926s][info][gc             ] GC(1215) Concurrent Mark Cycle
[4336.926s][info][gc,marking     ] GC(1215) Concurrent Scan Root Regions
[4336.926s][info][gc,cpu         ] GC(1214) User=0.70s Sys=0.00s Real=0.11s
.[4337.113s][info][gc,marking     ] GC(1215) Concurrent Scan Root Regions 186.633ms
[4337.113s][info][gc,marking     ] GC(1215) Concurrent Mark
[4337.113s][info][gc,marking     ] GC(1215) Concurrent Mark From Roots
[4337.113s][info][gc,task        ] GC(1215) Using 2 workers of 2 for marking
.[4338.166s][info][gc,marking     ] GC(1215) Concurrent Mark From Roots 1053.026ms
[4338.166s][info][gc,marking     ] GC(1215) Concurrent Preclean
[4338.166s][info][gc,marking     ] GC(1215) Concurrent Preclean 0.070ms
[4338.166s][info][gc,start       ] GC(1215) Pause Remark
[4338.168s][info][gc             ] GC(1215) Pause Remark 2617M->2617M(4096M) 2.079ms
[4338.168s][info][gc,cpu         ] GC(1215) User=0.01s Sys=0.00s Real=0.01s
[4338.168s][info][gc,marking     ] GC(1215) Concurrent Mark 1055.446ms
[4338.168s][info][gc,marking     ] GC(1215) Concurrent Rebuild Remembered Sets and Scrub Regions
[4338.435s][info][gc,marking     ] GC(1215) Concurrent Rebuild Remembered Sets and Scrub Regions 266.734ms
[4338.436s][info][gc,start       ] GC(1215) Pause Cleanup
[4338.436s][info][gc             ] GC(1215) Pause Cleanup 2867M->2867M(4096M) 0.122ms
[4338.436s][info][gc,cpu         ] GC(1215) User=0.00s Sys=0.00s Real=0.00s
[4338.436s][info][gc,marking     ] GC(1215) Concurrent Clear Claimed Marks
[4338.437s][info][gc,marking     ] GC(1215) Concurrent Clear Claimed Marks 0.035ms
[4338.437s][info][gc,marking     ] GC(1215) Concurrent Cleanup for Next Mark
[4338.441s][info][gc,marking     ] GC(1215) Concurrent Cleanup for Next Mark 4.920ms
[4338.442s][info][gc             ] GC(1215) Concurrent Mark Cycle 1515.317ms
.[4339.216s][info][gc,start       ] GC(1216) Pause Young (Prepare Mixed) (G1 Evacuation Pause)
[4339.216s][info][gc,task        ] GC(1216) Using 6 workers of 6 for evacuation
[4339.336s][info][gc,phases      ] GC(1216)   Pre Evacuate Collection Set: 0.32ms
[4339.336s][info][gc,phases      ] GC(1216)   Merge Heap Roots: 0.49ms
[4339.336s][info][gc,phases      ] GC(1216)   Evacuate Collection Set: 117.77ms
[4339.336s][info][gc,phases      ] GC(1216)   Post Evacuate Collection Set: 0.91ms
[4339.336s][info][gc,phases      ] GC(1216)   Other: 0.08ms
[4339.336s][info][gc,heap        ] GC(1216) Eden regions: 1117->0(1101)
[4339.336s][info][gc,heap        ] GC(1216) Survivor regions: 111->114(154)
[4339.336s][info][gc,heap        ] GC(1216) Old regions: 505->536
[4339.336s][info][gc,heap        ] GC(1216) Humongous regions: 80->80
[4339.336s][info][gc,metaspace   ] GC(1216) Metaspace: 28879K(29248K)->28879K(29248K) NonClass: 24010K(24192K)->24010K(24192K) Class: 4868K(5056K)->4868K(5056K)
[4339.336s][info][gc             ] GC(1216) Pause Young (Prepare Mixed) (G1 Evacuation Pause) 3623M->1457M(4096M) 119.709ms
[4339.336s][info][gc,cpu         ] GC(1216) User=0.72s Sys=0.00s Real=0.12s
.|.[4341.506s][info][gc,start       ] GC(1217) Pause Young (Mixed) (G1 Evacuation Pause)
[4341.506s][info][gc,task        ] GC(1217) Using 6 workers of 6 for evacuation
[4341.641s][info][gc,phases      ] GC(1217)   Pre Evacuate Collection Set: 0.35ms
[4341.641s][info][gc,phases      ] GC(1217)   Merge Heap Roots: 0.71ms
[4341.641s][info][gc,phases      ] GC(1217)   Evacuate Collection Set: 133.39ms
[4341.641s][info][gc,phases      ] GC(1217)   Post Evacuate Collection Set: 0.93ms
[4341.641s][info][gc,phases      ] GC(1217)   Other: 0.09ms
[4341.641s][info][gc,heap        ] GC(1217) Eden regions: 1101->0(1117)
[4341.641s][info][gc,heap        ] GC(1217) Survivor regions: 114->111(152)
[4341.641s][info][gc,heap        ] GC(1217) Old regions: 536->475
[4341.641s][info][gc,heap        ] GC(1217) Humongous regions: 80->80
[4341.641s][info][gc,metaspace   ] GC(1217) Metaspace: 28879K(29248K)->28879K(29248K) NonClass: 24010K(24192K)->24010K(24192K) Class: 4868K(5056K)->4868K(5056K)
[4341.641s][info][gc             ] GC(1217) Pause Young (Mixed) (G1 Evacuation Pause) 3659M->1329M(4096M) 135.590ms
[4341.642s][info][gc,cpu         ] GC(1217) User=0.81s Sys=0.00s Real=0.14s
..[4343.939s][info][gc,start       ] GC(1218) Pause Young (Concurrent Start) (G1 Evacuation Pause)
[4343.939s][info][gc,task        ] GC(1218) Using 6 workers of 6 for evacuation
[4344.058s][info][gc,phases      ] GC(1218)   Pre Evacuate Collection Set: 0.37ms
[4344.058s][info][gc,phases      ] GC(1218)   Merge Heap Roots: 0.48ms
[4344.058s][info][gc,phases      ] GC(1218)   Evacuate Collection Set: 116.42ms
[4344.058s][info][gc,phases      ] GC(1218)   Post Evacuate Collection Set: 0.86ms
[4344.058s][info][gc,phases      ] GC(1218)   Other: 0.13ms
[4344.058s][info][gc,heap        ] GC(1218) Eden regions: 1117->0(1118)
[4344.058s][info][gc,heap        ] GC(1218) Survivor regions: 111->110(154)
[4344.058s][info][gc,heap        ] GC(1218) Old regions: 475->507
[4344.058s][info][gc,heap        ] GC(1218) Humongous regions: 80->80
[4344.058s][info][gc,metaspace   ] GC(1218) Metaspace: 28879K(29248K)->28879K(29248K) NonClass: 24010K(24192K)->24010K(24192K) Class: 4868K(5056K)->4868K(5056K)
[4344.058s][info][gc             ] GC(1218) Pause Young (Concurrent Start) (G1 Evacuation Pause) 3563M->1391M(4096M) 118.376ms
[4344.058s][info][gc             ] GC(1219) Concurrent Mark Cycle
[4344.058s][info][gc,marking     ] GC(1219) Concurrent Scan Root Regions
[4344.058s][info][gc,cpu         ] GC(1218) User=0.71s Sys=0.00s Real=0.12s
.[4344.197s][info][gc,marking     ] GC(1219) Concurrent Scan Root Regions 139.630ms
[4344.198s][info][gc,marking     ] GC(1219) Concurrent Mark
[4344.198s][info][gc,marking     ] GC(1219) Concurrent Mark From Roots
[4344.198s][info][gc,task        ] GC(1219) Using 2 workers of 2 for marking
[4344.913s][info][gc,marking     ] GC(1219) Concurrent Mark From Roots 714.995ms
[4344.913s][info][gc,marking     ] GC(1219) Concurrent Preclean
[4344.913s][info][gc,marking     ] GC(1219) Concurrent Preclean 0.156ms
[4344.915s][info][gc,start       ] GC(1219) Pause Remark
[4344.917s][info][gc             ] GC(1219) Pause Remark 2149M->2149M(4096M) 2.557ms
[4344.917s][info][gc,cpu         ] GC(1219) User=0.01s Sys=0.00s Real=0.01s
[4344.918s][info][gc,marking     ] GC(1219) Concurrent Mark 720.022ms
[4344.918s][info][gc,marking     ] GC(1219) Concurrent Rebuild Remembered Sets and Scrub Regions
[4345.229s][info][gc,marking     ] GC(1219) Concurrent Rebuild Remembered Sets and Scrub Regions 311.531ms
[4345.231s][info][gc,start       ] GC(1219) Pause Cleanup
[4345.231s][info][gc             ] GC(1219) Pause Cleanup 2449M->2449M(4096M) 0.127ms
[4345.231s][info][gc,cpu         ] GC(1219) User=0.01s Sys=0.00s Real=0.00s
[4345.231s][info][gc,marking     ] GC(1219) Concurrent Clear Claimed Marks
[4345.231s][info][gc,marking     ] GC(1219) Concurrent Clear Claimed Marks 0.039ms
[4345.231s][info][gc,marking     ] GC(1219) Concurrent Cleanup for Next Mark
[4345.236s][info][gc,marking     ] GC(1219) Concurrent Cleanup for Next Mark 4.985ms
[4345.236s][info][gc             ] GC(1219) Concurrent Mark Cycle 1178.286ms
..[4346.310s][info][gc,start       ] GC(1220) Pause Young (Prepare Mixed) (G1 Evacuation Pause)
[4346.310s][info][gc,task        ] GC(1220) Using 6 workers of 6 for evacuation
[4346.428s][info][gc,phases      ] GC(1220)   Pre Evacuate Collection Set: 0.29ms
[4346.428s][info][gc,phases      ] GC(1220)   Merge Heap Roots: 0.51ms
[4346.428s][info][gc,phases      ] GC(1220)   Evacuate Collection Set: 116.26ms
[4346.428s][info][gc,phases      ] GC(1220)   Post Evacuate Collection Set: 0.96ms
[4346.428s][info][gc,phases      ] GC(1220)   Other: 0.09ms
[4346.428s][info][gc,heap        ] GC(1220) Eden regions: 1118->0(1106)
[4346.428s][info][gc,heap        ] GC(1220) Survivor regions: 110->111(154)
[4346.428s][info][gc,heap        ] GC(1220) Old regions: 507->537
[4346.428s][info][gc,heap        ] GC(1220) Humongous regions: 80->80
[4346.428s][info][gc,metaspace   ] GC(1220) Metaspace: 28879K(29248K)->28879K(29248K) NonClass: 24010K(24192K)->24010K(24192K) Class: 4868K(5056K)->4868K(5056K)
[4346.428s][info][gc             ] GC(1220) Pause Young (Prepare Mixed) (G1 Evacuation Pause) 3627M->1455M(4096M) 118.252ms
[4346.429s][info][gc,cpu         ] GC(1220) User=0.71s Sys=0.00s Real=0.12s
..[4348.713s][info][gc,start       ] GC(1221) Pause Young (Mixed) (G1 Evacuation Pause)
[4348.713s][info][gc,task        ] GC(1221) Using 6 workers of 6 for evacuation
[4348.849s][info][gc,phases      ] GC(1221)   Pre Evacuate Collection Set: 0.35ms
[4348.849s][info][gc,phases      ] GC(1221)   Merge Heap Roots: 0.72ms
[4348.849s][info][gc,phases      ] GC(1221)   Evacuate Collection Set: 133.46ms
[4348.849s][info][gc,phases      ] GC(1221)   Post Evacuate Collection Set: 0.94ms
[4348.849s][info][gc,phases      ] GC(1221)   Other: 0.08ms
[4348.849s][info][gc,heap        ] GC(1221) Eden regions: 1106->0(1117)
[4348.849s][info][gc,heap        ] GC(1221) Survivor regions: 111->111(153)
[4348.849s][info][gc,heap        ] GC(1221) Old regions: 537->472
[4348.849s][info][gc,heap        ] GC(1221) Humongous regions: 80->80
[4348.849s][info][gc,metaspace   ] GC(1221) Metaspace: 28879K(29248K)->28879K(29248K) NonClass: 24010K(24192K)->24010K(24192K) Class: 4868K(5056K)->4868K(5056K)
[4348.849s][info][gc             ] GC(1221) Pause Young (Mixed) (G1 Evacuation Pause) 3667M->1324M(4096M) 135.689ms
[4348.849s][info][gc,cpu         ] GC(1221) User=0.81s Sys=0.00s Real=0.14s
..[4351.026s][info][gc,start       ] GC(1222) Pause Young (Concurrent Start) (G1 Evacuation Pause)
[4351.026s][info][gc,task        ] GC(1222) Using 6 workers of 6 for evacuation
[4351.145s][info][gc,phases      ] GC(1222)   Pre Evacuate Collection Set: 0.34ms
[4351.145s][info][gc,phases      ] GC(1222)   Merge Heap Roots: 0.48ms
[4351.145s][info][gc,phases      ] GC(1222)   Evacuate Collection Set: 117.50ms
[4351.145s][info][gc,phases      ] GC(1222)   Post Evacuate Collection Set: 0.86ms
[4351.145s][info][gc,phases      ] GC(1222)   Other: 0.11ms
[4351.145s][info][gc,heap        ] GC(1222) Eden regions: 1117->0(1116)
[4351.145s][info][gc,heap        ] GC(1222) Survivor regions: 111->112(154)
[4351.145s][info][gc,heap        ] GC(1222) Old regions: 472->504
[4351.145s][info][gc,heap        ] GC(1222) Humongous regions: 80->80
[4351.145s][info][gc,metaspace   ] GC(1222) Metaspace: 28879K(29248K)->28879K(29248K) NonClass: 24010K(24192K)->24010K(24192K) Class: 4868K(5056K)->4868K(5056K)
[4351.145s][info][gc             ] GC(1222) Pause Young (Concurrent Start) (G1 Evacuation Pause) 3558M->1390M(4096M) 119.450ms
[4351.145s][info][gc             ] GC(1223) Concurrent Mark Cycle
[4351.145s][info][gc,marking     ] GC(1223) Concurrent Scan Root Regions
[4351.145s][info][gc,cpu         ] GC(1222) User=0.71s Sys=0.00s Real=0.12s
[4351.283s][info][gc,marking     ] GC(1223) Concurrent Scan Root Regions 138.208ms
[4351.283s][info][gc,marking     ] GC(1223) Concurrent Mark
[4351.283s][info][gc,marking     ] GC(1223) Concurrent Mark From Roots
[4351.283s][info][gc,task        ] GC(1223) Using 2 workers of 2 for marking
.[4351.990s][info][gc,marking     ] GC(1223) Concurrent Mark From Roots 706.859ms
[4351.990s][info][gc,marking     ] GC(1223) Concurrent Preclean
[4351.990s][info][gc,marking     ] GC(1223) Concurrent Preclean 0.090ms
[4351.990s][info][gc,start       ] GC(1223) Pause Remark
[4351.993s][info][gc             ] GC(1223) Pause Remark 2104M->2104M(4096M) 2.842ms
[4351.993s][info][gc,cpu         ] GC(1223) User=0.02s Sys=0.00s Real=0.00s
[4351.993s][info][gc,marking     ] GC(1223) Concurrent Mark 710.056ms
[4351.993s][info][gc,marking     ] GC(1223) Concurrent Rebuild Remembered Sets and Scrub Regions
[4352.260s][info][gc,marking     ] GC(1223) Concurrent Rebuild Remembered Sets and Scrub Regions 266.163ms
[4352.260s][info][gc,start       ] GC(1223) Pause Cleanup
[4352.260s][info][gc             ] GC(1223) Pause Cleanup 2422M->2422M(4096M) 0.111ms
[4352.260s][info][gc,cpu         ] GC(1223) User=0.00s Sys=0.00s Real=0.00s
[4352.260s][info][gc,marking     ] GC(1223) Concurrent Clear Claimed Marks
[4352.260s][info][gc,marking     ] GC(1223) Concurrent Clear Claimed Marks 0.024ms
[4352.260s][info][gc,marking     ] GC(1223) Concurrent Cleanup for Next Mark
[4352.265s][info][gc,marking     ] GC(1223) Concurrent Cleanup for Next Mark 5.451ms
[4352.265s][info][gc             ] GC(1223) Concurrent Mark Cycle 1120.415ms
..[4353.431s][info][gc,start       ] GC(1224) Pause Young (Prepare Mixed) (G1 Evacuation Pause)
[4353.431s][info][gc,task        ] GC(1224) Using 6 workers of 6 for evacuation
[4353.552s][info][gc,phases      ] GC(1224)   Pre Evacuate Collection Set: 0.30ms
[4353.552s][info][gc,phases      ] GC(1224)   Merge Heap Roots: 0.53ms
[4353.552s][info][gc,phases      ] GC(1224)   Evacuate Collection Set: 119.00ms
[4353.552s][info][gc,phases      ] GC(1224)   Post Evacuate Collection Set: 0.95ms
[4353.552s][info][gc,phases      ] GC(1224)   Other: 0.09ms
[4353.552s][info][gc,heap        ] GC(1224) Eden regions: 1116->0(1103)
[4353.552s][info][gc,heap        ] GC(1224) Survivor regions: 112->113(154)
[4353.552s][info][gc,heap        ] GC(1224) Old regions: 504->536
[4353.552s][info][gc,heap        ] GC(1224) Humongous regions: 80->80
[4353.552s][info][gc,metaspace   ] GC(1224) Metaspace: 28879K(29248K)->28879K(29248K) NonClass: 24010K(24192K)->24010K(24192K) Class: 4868K(5056K)->4868K(5056K)
[4353.552s][info][gc             ] GC(1224) Pause Young (Prepare Mixed) (G1 Evacuation Pause) 3622M->1457M(4096M) 121.004ms
[4353.552s][info][gc,cpu         ] GC(1224) User=0.72s Sys=0.00s Real=0.12s
..[4355.824s][info][gc,start       ] GC(1225) Pause Young (Mixed) (G1 Evacuation Pause)
[4355.824s][info][gc,task        ] GC(1225) Using 6 workers of 6 for evacuation
[4355.953s][info][gc,phases      ] GC(1225)   Pre Evacuate Collection Set: 0.34ms
[4355.953s][info][gc,phases      ] GC(1225)   Merge Heap Roots: 0.61ms
[4355.953s][info][gc,phases      ] GC(1225)   Evacuate Collection Set: 127.62ms
[4355.953s][info][gc,phases      ] GC(1225)   Post Evacuate Collection Set: 0.92ms
[4355.953s][info][gc,phases      ] GC(1225)   Other: 0.08ms
[4355.953s][info][gc,heap        ] GC(1225) Eden regions: 1103->0(1120)
[4355.953s][info][gc,heap        ] GC(1225) Survivor regions: 113->108(152)
[4355.953s][info][gc,heap        ] GC(1225) Old regions: 536->474
[4355.953s][info][gc,heap        ] GC(1225) Humongous regions: 80->80
[4355.953s][info][gc,metaspace   ] GC(1225) Metaspace: 28879K(29248K)->28879K(29248K) NonClass: 24010K(24192K)->24010K(24192K) Class: 4868K(5056K)->4868K(5056K)
[4355.953s][info][gc             ] GC(1225) Pause Young (Mixed) (G1 Evacuation Pause) 3663M->1322M(4096M) 129.713ms
[4355.954s][info][gc,cpu         ] GC(1225) User=0.78s Sys=0.00s Real=0.13s
..[4358.223s][info][gc,start       ] GC(1226) Pause Young (Concurrent Start) (G1 Evacuation Pause)
[4358.223s][info][gc,task        ] GC(1226) Using 6 workers of 6 for evacuation
[4358.338s][info][gc,phases      ] GC(1226)   Pre Evacuate Collection Set: 0.37ms
[4358.338s][info][gc,phases      ] GC(1226)   Merge Heap Roots: 0.42ms
[4358.338s][info][gc,phases      ] GC(1226)   Evacuate Collection Set: 113.30ms
[4358.338s][info][gc,phases      ] GC(1226)   Post Evacuate Collection Set: 0.86ms
[4358.338s][info][gc,phases      ] GC(1226)   Other: 0.12ms
[4358.338s][info][gc,heap        ] GC(1226) Eden regions: 1120->0(1120)
[4358.338s][info][gc,heap        ] GC(1226) Survivor regions: 108->108(154)
[4358.338s][info][gc,heap        ] GC(1226) Old regions: 474->507
[4358.338s][info][gc,heap        ] GC(1226) Humongous regions: 80->80
[4358.338s][info][gc,metaspace   ] GC(1226) Metaspace: 28879K(29248K)->28879K(29248K) NonClass: 24010K(24192K)->24010K(24192K) Class: 4868K(5056K)->4868K(5056K)
[4358.338s][info][gc             ] GC(1226) Pause Young (Concurrent Start) (G1 Evacuation Pause) 3562M->1387M(4096M) 115.189ms
[4358.338s][info][gc             ] GC(1227) Concurrent Mark Cycle
[4358.338s][info][gc,marking     ] GC(1227) Concurrent Scan Root Regions
[4358.338s][info][gc,cpu         ] GC(1226) User=0.69s Sys=0.00s Real=0.12s
.[4358.500s][info][gc,marking     ] GC(1227) Concurrent Scan Root Regions 162.396ms
[4358.500s][info][gc,marking     ] GC(1227) Concurrent Mark
[4358.500s][info][gc,marking     ] GC(1227) Concurrent Mark From Roots
[4358.500s][info][gc,task        ] GC(1227) Using 2 workers of 2 for marking
[4359.270s][info][gc,marking     ] GC(1227) Concurrent Mark From Roots 769.251ms
[4359.270s][info][gc,marking     ] GC(1227) Concurrent Preclean
[4359.270s][info][gc,marking     ] GC(1227) Concurrent Preclean 0.096ms
[4359.270s][info][gc,start       ] GC(1227) Pause Remark
[4359.273s][info][gc             ] GC(1227) Pause Remark 2207M->2207M(4096M) 3.353ms
[4359.273s][info][gc,cpu         ] GC(1227) User=0.01s Sys=0.00s Real=0.00s
[4359.274s][info][gc,marking     ] GC(1227) Concurrent Mark 773.109ms
[4359.274s][info][gc,marking     ] GC(1227) Concurrent Rebuild Remembered Sets and Scrub Regions
.[4359.585s][info][gc,marking     ] GC(1227) Concurrent Rebuild Remembered Sets and Scrub Regions 310.977ms
[4359.586s][info][gc,start       ] GC(1227) Pause Cleanup
[4359.586s][info][gc             ] GC(1227) Pause Cleanup 2545M->2545M(4096M) 0.147ms
[4359.586s][info][gc,cpu         ] GC(1227) User=0.00s Sys=0.00s Real=0.00s
[4359.587s][info][gc,marking     ] GC(1227) Concurrent Clear Claimed Marks
[4359.587s][info][gc,marking     ] GC(1227) Concurrent Clear Claimed Marks 0.037ms
[4359.587s][info][gc,marking     ] GC(1227) Concurrent Cleanup for Next Mark
[4359.595s][info][gc,marking     ] GC(1227) Concurrent Cleanup for Next Mark 7.939ms
[4359.595s][info][gc             ] GC(1227) Concurrent Mark Cycle 1256.804ms
.[4360.647s][info][gc,start       ] GC(1228) Pause Young (Prepare Mixed) (G1 Evacuation Pause)
[4360.647s][info][gc,task        ] GC(1228) Using 6 workers of 6 for evacuation
[4360.770s][info][gc,phases      ] GC(1228)   Pre Evacuate Collection Set: 0.33ms
[4360.770s][info][gc,phases      ] GC(1228)   Merge Heap Roots: 0.50ms
[4360.770s][info][gc,phases      ] GC(1228)   Evacuate Collection Set: 121.12ms
[4360.770s][info][gc,phases      ] GC(1228)   Post Evacuate Collection Set: 0.94ms
[4360.770s][info][gc,phases      ] GC(1228)   Other: 0.09ms
[4360.770s][info][gc,heap        ] GC(1228) Eden regions: 1120->0(1099)
[4360.770s][info][gc,heap        ] GC(1228) Survivor regions: 108->114(154)
[4360.770s][info][gc,heap        ] GC(1228) Old regions: 507->538
[4360.770s][info][gc,heap        ] GC(1228) Humongous regions: 80->80
[4360.770s][info][gc,metaspace   ] GC(1228) Metaspace: 28879K(29248K)->28879K(29248K) NonClass: 24010K(24192K)->24010K(24192K) Class: 4868K(5056K)->4868K(5056K)
[4360.770s][info][gc             ] GC(1228) Pause Young (Prepare Mixed) (G1 Evacuation Pause) 3627M->1463M(4096M) 123.127ms
[4360.770s][info][gc,cpu         ] GC(1228) User=0.73s Sys=0.00s Real=0.13s
..[4362.949s][info][gc,start       ] GC(1229) Pause Young (Mixed) (G1 Evacuation Pause)
[4362.949s][info][gc,task        ] GC(1229) Using 6 workers of 6 for evacuation
[4363.087s][info][gc,phases      ] GC(1229)   Pre Evacuate Collection Set: 0.37ms
[4363.087s][info][gc,phases      ] GC(1229)   Merge Heap Roots: 0.80ms
[4363.087s][info][gc,phases      ] GC(1229)   Evacuate Collection Set: 136.35ms
[4363.087s][info][gc,phases      ] GC(1229)   Post Evacuate Collection Set: 0.92ms
[4363.087s][info][gc,phases      ] GC(1229)   Other: 0.09ms
[4363.087s][info][gc,heap        ] GC(1229) Eden regions: 1099->0(1117)
[4363.087s][info][gc,heap        ] GC(1229) Survivor regions: 114->111(152)
[4363.087s][info][gc,heap        ] GC(1229) Old regions: 538->476
[4363.087s][info][gc,heap        ] GC(1229) Humongous regions: 80->80
[4363.087s][info][gc,metaspace   ] GC(1229) Metaspace: 28879K(29248K)->28879K(29248K) NonClass: 24010K(24192K)->24010K(24192K) Class: 4868K(5056K)->4868K(5056K)
[4363.087s][info][gc             ] GC(1229) Pause Young (Mixed) (G1 Evacuation Pause) 3661M->1331M(4096M) 138.667ms
[4363.087s][info][gc,cpu         ] GC(1229) User=0.83s Sys=0.01s Real=0.14s
..[4365.324s][info][gc,start       ] GC(1230) Pause Young (Concurrent Start) (G1 Evacuation Pause)
[4365.324s][info][gc,task        ] GC(1230) Using 6 workers of 6 for evacuation
[4365.442s][info][gc,phases      ] GC(1230)   Pre Evacuate Collection Set: 0.38ms
[4365.442s][info][gc,phases      ] GC(1230)   Merge Heap Roots: 0.47ms
[4365.442s][info][gc,phases      ] GC(1230)   Evacuate Collection Set: 115.88ms
[4365.442s][info][gc,phases      ] GC(1230)   Post Evacuate Collection Set: 0.88ms
[4365.442s][info][gc,phases      ] GC(1230)   Other: 0.11ms
[4365.442s][info][gc,heap        ] GC(1230) Eden regions: 1117->0(1117)
[4365.442s][info][gc,heap        ] GC(1230) Survivor regions: 111->111(154)
[4365.442s][info][gc,heap        ] GC(1230) Old regions: 476->507
[4365.442s][info][gc,heap        ] GC(1230) Humongous regions: 80->80
[4365.442s][info][gc,metaspace   ] GC(1230) Metaspace: 28879K(29248K)->28879K(29248K) NonClass: 24010K(24192K)->24010K(24192K) Class: 4868K(5056K)->4868K(5056K)
[4365.442s][info][gc             ] GC(1230) Pause Young (Concurrent Start) (G1 Evacuation Pause) 3565M->1394M(4096M) 117.844ms
[4365.442s][info][gc             ] GC(1231) Concurrent Mark Cycle
[4365.442s][info][gc,marking     ] GC(1231) Concurrent Scan Root Regions
[4365.442s][info][gc,cpu         ] GC(1230) User=0.70s Sys=0.00s Real=0.12s
.[4365.625s][info][gc,marking     ] GC(1231) Concurrent Scan Root Regions 183.508ms
[4365.625s][info][gc,marking     ] GC(1231) Concurrent Mark
[4365.625s][info][gc,marking     ] GC(1231) Concurrent Mark From Roots
[4365.625s][info][gc,task        ] GC(1231) Using 2 workers of 2 for marking
.[4366.598s][info][gc,marking     ] GC(1231) Concurrent Mark From Roots 972.251ms
[4366.598s][info][gc,marking     ] GC(1231) Concurrent Preclean
[4366.598s][info][gc,marking     ] GC(1231) Concurrent Preclean 0.120ms
[4366.600s][info][gc,start       ] GC(1231) Pause Remark
[4366.603s][info][gc             ] GC(1231) Pause Remark 2516M->2516M(4096M) 3.465ms
[4366.603s][info][gc,cpu         ] GC(1231) User=0.02s Sys=0.00s Real=0.00s
[4366.603s][info][gc,marking     ] GC(1231) Concurrent Mark 978.187ms
[4366.604s][info][gc,marking     ] GC(1231) Concurrent Rebuild Remembered Sets and Scrub Regions
[4366.959s][info][gc,marking     ] GC(1231) Concurrent Rebuild Remembered Sets and Scrub Regions 355.508ms
[4366.959s][info][gc,start       ] GC(1231) Pause Cleanup
[4366.959s][info][gc             ] GC(1231) Pause Cleanup 2853M->2853M(4096M) 0.114ms
[4366.959s][info][gc,cpu         ] GC(1231) User=0.00s Sys=0.00s Real=0.00s
[4366.959s][info][gc,marking     ] GC(1231) Concurrent Clear Claimed Marks
[4366.959s][info][gc,marking     ] GC(1231) Concurrent Clear Claimed Marks 0.021ms
[4366.959s][info][gc,marking     ] GC(1231) Concurrent Cleanup for Next Mark
[4366.964s][info][gc,marking     ] GC(1231) Concurrent Cleanup for Next Mark 4.882ms
[4366.964s][info][gc             ] GC(1231) Concurrent Mark Cycle 1522.579ms
.[4367.752s][info][gc,start       ] GC(1232) Pause Young (Prepare Mixed) (G1 Evacuation Pause)
[4367.752s][info][gc,task        ] GC(1232) Using 6 workers of 6 for evacuation
[4367.872s][info][gc,phases      ] GC(1232)   Pre Evacuate Collection Set: 0.31ms
[4367.872s][info][gc,phases      ] GC(1232)   Merge Heap Roots: 0.49ms
[4367.872s][info][gc,phases      ] GC(1232)   Evacuate Collection Set: 117.90ms
[4367.872s][info][gc,phases      ] GC(1232)   Post Evacuate Collection Set: 0.98ms
[4367.872s][info][gc,phases      ] GC(1232)   Other: 0.09ms
[4367.872s][info][gc,heap        ] GC(1232) Eden regions: 1117->0(1102)
[4367.872s][info][gc,heap        ] GC(1232) Survivor regions: 111->112(154)
[4367.872s][info][gc,heap        ] GC(1232) Old regions: 507->539
[4367.872s][info][gc,heap        ] GC(1232) Humongous regions: 80->80
[4367.872s][info][gc,metaspace   ] GC(1232) Metaspace: 28879K(29248K)->28879K(29248K) NonClass: 24010K(24192K)->24010K(24192K) Class: 4868K(5056K)->4868K(5056K)
[4367.872s][info][gc             ] GC(1232) Pause Young (Prepare Mixed) (G1 Evacuation Pause) 3628M->1460M(4096M) 119.893ms
[4367.872s][info][gc,cpu         ] GC(1232) User=0.71s Sys=0.00s Real=0.12s
..[4370.124s][info][gc,start       ] GC(1233) Pause Young (Mixed) (G1 Evacuation Pause)
[4370.124s][info][gc,task        ] GC(1233) Using 6 workers of 6 for evacuation
[4370.259s][info][gc,phases      ] GC(1233)   Pre Evacuate Collection Set: 0.35ms
[4370.259s][info][gc,phases      ] GC(1233)   Merge Heap Roots: 0.75ms
[4370.259s][info][gc,phases      ] GC(1233)   Evacuate Collection Set: 132.45ms
[4370.259s][info][gc,phases      ] GC(1233)   Post Evacuate Collection Set: 0.94ms
[4370.259s][info][gc,phases      ] GC(1233)   Other: 0.09ms
[4370.259s][info][gc,heap        ] GC(1233) Eden regions: 1102->0(1118)
[4370.259s][info][gc,heap        ] GC(1233) Survivor regions: 112->110(152)
[4370.259s][info][gc,heap        ] GC(1233) Old regions: 539->474
[4370.259s][info][gc,heap        ] GC(1233) Humongous regions: 80->80
[4370.259s][info][gc,metaspace   ] GC(1233) Metaspace: 28879K(29248K)->28879K(29248K) NonClass: 24010K(24192K)->24010K(24192K) Class: 4868K(5056K)->4868K(5056K)
[4370.259s][info][gc             ] GC(1233) Pause Young (Mixed) (G1 Evacuation Pause) 3664M->1325M(4096M) 134.706ms
[4370.259s][info][gc,cpu         ] GC(1233) User=0.80s Sys=0.00s Real=0.14s
..[4372.433s][info][gc,start       ] GC(1234) Pause Young (Concurrent Start) (G1 Evacuation Pause)
[4372.433s][info][gc,task        ] GC(1234) Using 6 workers of 6 for evacuation
[4372.550s][info][gc,phases      ] GC(1234)   Pre Evacuate Collection Set: 0.37ms
[4372.550s][info][gc,phases      ] GC(1234)   Merge Heap Roots: 0.45ms
[4372.550s][info][gc,phases      ] GC(1234)   Evacuate Collection Set: 115.21ms
[4372.550s][info][gc,phases      ] GC(1234)   Post Evacuate Collection Set: 0.88ms
[4372.550s][info][gc,phases      ] GC(1234)   Other: 0.10ms
[4372.550s][info][gc,heap        ] GC(1234) Eden regions: 1118->0(1118)
[4372.550s][info][gc,heap        ] GC(1234) Survivor regions: 110->110(154)
[4372.550s][info][gc,heap        ] GC(1234) Old regions: 474->506
[4372.550s][info][gc,heap        ] GC(1234) Humongous regions: 80->80
[4372.550s][info][gc,metaspace   ] GC(1234) Metaspace: 28879K(29248K)->28879K(29248K) NonClass: 24010K(24192K)->24010K(24192K) Class: 4868K(5056K)->4868K(5056K)
[4372.550s][info][gc             ] GC(1234) Pause Young (Concurrent Start) (G1 Evacuation Pause) 3561M->1389M(4096M) 117.181ms
[4372.550s][info][gc             ] GC(1235) Concurrent Mark Cycle
[4372.550s][info][gc,marking     ] GC(1235) Concurrent Scan Root Regions
[4372.550s][info][gc,cpu         ] GC(1234) User=0.69s Sys=0.00s Real=0.12s
.[4372.736s][info][gc,marking     ] GC(1235) Concurrent Scan Root Regions 186.240ms
[4372.737s][info][gc,marking     ] GC(1235) Concurrent Mark
[4372.737s][info][gc,marking     ] GC(1235) Concurrent Mark From Roots
[4372.737s][info][gc,task        ] GC(1235) Using 2 workers of 2 for marking
.[4373.761s][info][gc,marking     ] GC(1235) Concurrent Mark From Roots 1024.520ms
[4373.761s][info][gc,marking     ] GC(1235) Concurrent Preclean
[4373.761s][info][gc,marking     ] GC(1235) Concurrent Preclean 0.121ms
[4373.761s][info][gc,start       ] GC(1235) Pause Remark
[4373.766s][info][gc             ] GC(1235) Pause Remark 2513M->2513M(4096M) 4.377ms
[4373.766s][info][gc,cpu         ] GC(1235) User=0.03s Sys=0.00s Real=0.00s
[4373.766s][info][gc,marking     ] GC(1235) Concurrent Mark 1029.564ms
[4373.766s][info][gc,marking     ] GC(1235) Concurrent Rebuild Remembered Sets and Scrub Regions
[4374.135s][info][gc,marking     ] GC(1235) Concurrent Rebuild Remembered Sets and Scrub Regions 369.071ms
[4374.135s][info][gc,start       ] GC(1235) Pause Cleanup
[4374.135s][info][gc             ] GC(1235) Pause Cleanup 2911M->2911M(4096M) 0.107ms
[4374.135s][info][gc,cpu         ] GC(1235) User=0.00s Sys=0.00s Real=0.00s
[4374.135s][info][gc,marking     ] GC(1235) Concurrent Clear Claimed Marks
[4374.135s][info][gc,marking     ] GC(1235) Concurrent Clear Claimed Marks 0.022ms
[4374.135s][info][gc,marking     ] GC(1235) Concurrent Cleanup for Next Mark
[4374.139s][info][gc,marking     ] GC(1235) Concurrent Cleanup for Next Mark 3.534ms
[4374.139s][info][gc             ] GC(1235) Concurrent Mark Cycle 1588.852ms
.[4374.837s][info][gc,start       ] GC(1236) Pause Young (Prepare Mixed) (G1 Evacuation Pause)
[4374.837s][info][gc,task        ] GC(1236) Using 6 workers of 6 for evacuation
[4374.954s][info][gc,phases      ] GC(1236)   Pre Evacuate Collection Set: 0.35ms
[4374.954s][info][gc,phases      ] GC(1236)   Merge Heap Roots: 0.52ms
[4374.954s][info][gc,phases      ] GC(1236)   Evacuate Collection Set: 114.68ms
[4374.954s][info][gc,phases      ] GC(1236)   Post Evacuate Collection Set: 0.92ms
[4374.954s][info][gc,phases      ] GC(1236)   Other: 0.09ms
[4374.954s][info][gc,heap        ] GC(1236) Eden regions: 1118->0(1109)
[4374.954s][info][gc,heap        ] GC(1236) Survivor regions: 110->110(154)
[4374.954s][info][gc,heap        ] GC(1236) Old regions: 506->536
[4374.954s][info][gc,heap        ] GC(1236) Humongous regions: 80->80
[4374.954s][info][gc,metaspace   ] GC(1236) Metaspace: 28879K(29248K)->28879K(29248K) NonClass: 24010K(24192K)->24010K(24192K) Class: 4868K(5056K)->4868K(5056K)
[4374.954s][info][gc             ] GC(1236) Pause Young (Prepare Mixed) (G1 Evacuation Pause) 3625M->1450M(4096M) 116.684ms
[4374.954s][info][gc,cpu         ] GC(1236) User=0.69s Sys=0.00s Real=0.12s
..[4377.298s][info][gc,start       ] GC(1237) Pause Young (Mixed) (G1 Evacuation Pause)
[4377.298s][info][gc,task        ] GC(1237) Using 6 workers of 6 for evacuation
[4377.437s][info][gc,phases      ] GC(1237)   Pre Evacuate Collection Set: 0.37ms
[4377.437s][info][gc,phases      ] GC(1237)   Merge Heap Roots: 0.71ms
[4377.437s][info][gc,phases      ] GC(1237)   Evacuate Collection Set: 136.47ms
[4377.437s][info][gc,phases      ] GC(1237)   Post Evacuate Collection Set: 0.93ms
[4377.437s][info][gc,phases      ] GC(1237)   Other: 0.08ms
[4377.437s][info][gc,heap        ] GC(1237) Eden regions: 1109->0(1115)
[4377.437s][info][gc,heap        ] GC(1237) Survivor regions: 110->113(153)
[4377.437s][info][gc,heap        ] GC(1237) Old regions: 536->474
[4377.437s][info][gc,heap        ] GC(1237) Humongous regions: 80->80
[4377.437s][info][gc,metaspace   ] GC(1237) Metaspace: 28879K(29248K)->28879K(29248K) NonClass: 24010K(24192K)->24010K(24192K) Class: 4868K(5056K)->4868K(5056K)
[4377.437s][info][gc             ] GC(1237) Pause Young (Mixed) (G1 Evacuation Pause) 3668M->1331M(4096M) 138.705ms
[4377.437s][info][gc,cpu         ] GC(1237) User=0.82s Sys=0.00s Real=0.13s
..[4379.598s][info][gc,start       ] GC(1238) Pause Young (Concurrent Start) (G1 Evacuation Pause)
[4379.598s][info][gc,task        ] GC(1238) Using 6 workers of 6 for evacuation
[4379.720s][info][gc,phases      ] GC(1238)   Pre Evacuate Collection Set: 0.33ms
[4379.720s][info][gc,phases      ] GC(1238)   Merge Heap Roots: 0.45ms
[4379.720s][info][gc,phases      ] GC(1238)   Evacuate Collection Set: 120.50ms
[4379.720s][info][gc,phases      ] GC(1238)   Post Evacuate Collection Set: 0.90ms
[4379.720s][info][gc,phases      ] GC(1238)   Other: 0.11ms
[4379.720s][info][gc,heap        ] GC(1238) Eden regions: 1115->0(1111)
[4379.720s][info][gc,heap        ] GC(1238) Survivor regions: 113->117(154)
[4379.720s][info][gc,heap        ] GC(1238) Old regions: 474->505
[4379.720s][info][gc,heap        ] GC(1238) Humongous regions: 80->80
[4379.720s][info][gc,metaspace   ] GC(1238) Metaspace: 28879K(29248K)->28879K(29248K) NonClass: 24010K(24192K)->24010K(24192K) Class: 4868K(5056K)->4868K(5056K)
[4379.720s][info][gc             ] GC(1238) Pause Young (Concurrent Start) (G1 Evacuation Pause) 3561M->1401M(4096M) 122.403ms
[4379.720s][info][gc             ] GC(1239) Concurrent Mark Cycle
[4379.720s][info][gc,marking     ] GC(1239) Concurrent Scan Root Regions
[4379.720s][info][gc,cpu         ] GC(1238) User=0.73s Sys=0.00s Real=0.12s
.[4379.909s][info][gc,marking     ] GC(1239) Concurrent Scan Root Regions 188.692ms
[4379.909s][info][gc,marking     ] GC(1239) Concurrent Mark
[4379.909s][info][gc,marking     ] GC(1239) Concurrent Mark From Roots
[4379.909s][info][gc,task        ] GC(1239) Using 2 workers of 2 for marking
.[4380.941s][info][gc,marking     ] GC(1239) Concurrent Mark From Roots 1032.139ms
[4380.941s][info][gc,marking     ] GC(1239) Concurrent Preclean
[4380.941s][info][gc,marking     ] GC(1239) Concurrent Preclean 0.130ms
[4380.942s][info][gc,start       ] GC(1239) Pause Remark
[4380.945s][info][gc             ] GC(1239) Pause Remark 2512M->2512M(4096M) 3.745ms
[4380.945s][info][gc,cpu         ] GC(1239) User=0.02s Sys=0.00s Real=0.00s
[4380.945s][info][gc,marking     ] GC(1239) Concurrent Mark 1036.331ms
[4380.945s][info][gc,marking     ] GC(1239) Concurrent Rebuild Remembered Sets and Scrub Regions
[4381.312s][info][gc,marking     ] GC(1239) Concurrent Rebuild Remembered Sets and Scrub Regions 366.930ms
[4381.313s][info][gc,start       ] GC(1239) Pause Cleanup
[4381.313s][info][gc             ] GC(1239) Pause Cleanup 2927M->2927M(4096M) 0.118ms
[4381.313s][info][gc,cpu         ] GC(1239) User=0.00s Sys=0.00s Real=0.00s
[4381.313s][info][gc,marking     ] GC(1239) Concurrent Clear Claimed Marks
[4381.313s][info][gc,marking     ] GC(1239) Concurrent Clear Claimed Marks 0.031ms
[4381.313s][info][gc,marking     ] GC(1239) Concurrent Cleanup for Next Mark
[4381.317s][info][gc,marking     ] GC(1239) Concurrent Cleanup for Next Mark 3.589ms
[4381.317s][info][gc             ] GC(1239) Concurrent Mark Cycle 1596.631ms
.[4381.967s][info][gc,start       ] GC(1240) Pause Young (Prepare Mixed) (G1 Evacuation Pause)
[4381.967s][info][gc,task        ] GC(1240) Using 6 workers of 6 for evacuation
[4382.083s][info][gc,phases      ] GC(1240)   Pre Evacuate Collection Set: 0.32ms
[4382.083s][info][gc,phases      ] GC(1240)   Merge Heap Roots: 0.53ms
[4382.083s][info][gc,phases      ] GC(1240)   Evacuate Collection Set: 114.54ms
[4382.083s][info][gc,phases      ] GC(1240)   Post Evacuate Collection Set: 0.91ms
[4382.083s][info][gc,phases      ] GC(1240)   Other: 0.08ms
[4382.083s][info][gc,heap        ] GC(1240) Eden regions: 1111->0(1109)
[4382.083s][info][gc,heap        ] GC(1240) Survivor regions: 117->109(154)
[4382.083s][info][gc,heap        ] GC(1240) Old regions: 505->538
[4382.083s][info][gc,heap        ] GC(1240) Humongous regions: 80->80
[4382.083s][info][gc,metaspace   ] GC(1240) Metaspace: 28879K(29248K)->28879K(29248K) NonClass: 24010K(24192K)->24010K(24192K) Class: 4868K(5056K)->4868K(5056K)
[4382.083s][info][gc             ] GC(1240) Pause Young (Prepare Mixed) (G1 Evacuation Pause) 3623M->1451M(4096M) 116.525ms
[4382.083s][info][gc,cpu         ] GC(1240) User=0.70s Sys=0.00s Real=0.12s
..[4384.409s][info][gc,start       ] GC(1241) Pause Young (Mixed) (G1 Evacuation Pause)
[4384.409s][info][gc,task        ] GC(1241) Using 6 workers of 6 for evacuation
[4384.547s][info][gc,phases      ] GC(1241)   Pre Evacuate Collection Set: 0.34ms
[4384.547s][info][gc,phases      ] GC(1241)   Merge Heap Roots: 0.74ms
[4384.547s][info][gc,phases      ] GC(1241)   Evacuate Collection Set: 136.16ms
[4384.547s][info][gc,phases      ] GC(1241)   Post Evacuate Collection Set: 0.84ms
[4384.547s][info][gc,phases      ] GC(1241)   Other: 0.08ms
[4384.547s][info][gc,heap        ] GC(1241) Eden regions: 1109->0(1113)
[4384.547s][info][gc,heap        ] GC(1241) Survivor regions: 109->115(153)
[4384.547s][info][gc,heap        ] GC(1241) Old regions: 538->473
[4384.547s][info][gc,heap        ] GC(1241) Humongous regions: 80->80
[4384.547s][info][gc,metaspace   ] GC(1241) Metaspace: 28879K(29248K)->28879K(29248K) NonClass: 24010K(24192K)->24010K(24192K) Class: 4868K(5056K)->4868K(5056K)
[4384.547s][info][gc             ] GC(1241) Pause Young (Mixed) (G1 Evacuation Pause) 3669M->1334M(4096M) 138.293ms
[4384.547s][info][gc,cpu         ] GC(1241) User=0.82s Sys=0.00s Real=0.13s
..[4386.771s][info][gc,start       ] GC(1242) Pause Young (Concurrent Start) (G1 Evacuation Pause)
[4386.771s][info][gc,task        ] GC(1242) Using 6 workers of 6 for evacuation
[4386.889s][info][gc,phases      ] GC(1242)   Pre Evacuate Collection Set: 0.35ms
[4386.889s][info][gc,phases      ] GC(1242)   Merge Heap Roots: 0.44ms
[4386.889s][info][gc,phases      ] GC(1242)   Evacuate Collection Set: 116.01ms
[4386.889s][info][gc,phases      ] GC(1242)   Post Evacuate Collection Set: 0.87ms
[4386.889s][info][gc,phases      ] GC(1242)   Other: 0.11ms
[4386.889s][info][gc,heap        ] GC(1242) Eden regions: 1113->0(1117)
[4386.889s][info][gc,heap        ] GC(1242) Survivor regions: 115->111(154)
[4386.889s][info][gc,heap        ] GC(1242) Old regions: 473->504
[4386.889s][info][gc,heap        ] GC(1242) Humongous regions: 80->80
[4386.889s][info][gc,metaspace   ] GC(1242) Metaspace: 28879K(29248K)->28879K(29248K) NonClass: 24010K(24192K)->24010K(24192K) Class: 4868K(5056K)->4868K(5056K)
[4386.889s][info][gc             ] GC(1242) Pause Young (Concurrent Start) (G1 Evacuation Pause) 3560M->1388M(4096M) 117.908ms
[4386.889s][info][gc             ] GC(1243) Concurrent Mark Cycle
[4386.889s][info][gc,marking     ] GC(1243) Concurrent Scan Root Regions
[4386.889s][info][gc,cpu         ] GC(1242) User=0.70s Sys=0.00s Real=0.12s
[4387.040s][info][gc,marking     ] GC(1243) Concurrent Scan Root Regions 150.878ms
[4387.040s][info][gc,marking     ] GC(1243) Concurrent Mark
[4387.040s][info][gc,marking     ] GC(1243) Concurrent Mark From Roots
[4387.040s][info][gc,task        ] GC(1243) Using 2 workers of 2 for marking
.[4387.807s][info][gc,marking     ] GC(1243) Concurrent Mark From Roots 767.391ms
[4387.807s][info][gc,marking     ] GC(1243) Concurrent Preclean
[4387.808s][info][gc,marking     ] GC(1243) Concurrent Preclean 0.095ms
[4387.811s][info][gc,start       ] GC(1243) Pause Remark
[4387.814s][info][gc             ] GC(1243) Pause Remark 2222M->2222M(4096M) 3.218ms
[4387.814s][info][gc,cpu         ] GC(1243) User=0.02s Sys=0.00s Real=0.00s
[4387.815s][info][gc,marking     ] GC(1243) Concurrent Mark 775.417ms
[4387.815s][info][gc,marking     ] GC(1243) Concurrent Rebuild Remembered Sets and Scrub Regions
[4388.051s][info][gc,marking     ] GC(1243) Concurrent Rebuild Remembered Sets and Scrub Regions 235.994ms
.[4388.053s][info][gc,start       ] GC(1243) Pause Cleanup
[4388.053s][info][gc             ] GC(1243) Pause Cleanup 2458M->2458M(4096M) 0.138ms
[4388.053s][info][gc,cpu         ] GC(1243) User=0.00s Sys=0.00s Real=0.00s
[4388.054s][info][gc,marking     ] GC(1243) Concurrent Clear Claimed Marks
[4388.054s][info][gc,marking     ] GC(1243) Concurrent Clear Claimed Marks 0.026ms
[4388.054s][info][gc,marking     ] GC(1243) Concurrent Cleanup for Next Mark
[4388.064s][info][gc,marking     ] GC(1243) Concurrent Cleanup for Next Mark 9.986ms
[4388.064s][info][gc             ] GC(1243) Concurrent Mark Cycle 1174.601ms
.[4389.107s][info][gc,start       ] GC(1244) Pause Young (Prepare Mixed) (G1 Evacuation Pause)
[4389.107s][info][gc,task        ] GC(1244) Using 6 workers of 6 for evacuation
[4389.223s][info][gc,phases      ] GC(1244)   Pre Evacuate Collection Set: 0.34ms
[4389.223s][info][gc,phases      ] GC(1244)   Merge Heap Roots: 0.50ms
[4389.223s][info][gc,phases      ] GC(1244)   Evacuate Collection Set: 114.20ms
[4389.223s][info][gc,phases      ] GC(1244)   Post Evacuate Collection Set: 0.90ms
[4389.223s][info][gc,phases      ] GC(1244)   Other: 0.09ms
[4389.224s][info][gc,heap        ] GC(1244) Eden regions: 1117->0(1110)
[4389.224s][info][gc,heap        ] GC(1244) Survivor regions: 111->109(154)
[4389.224s][info][gc,heap        ] GC(1244) Old regions: 504->537
[4389.224s][info][gc,heap        ] GC(1244) Humongous regions: 80->80
[4389.224s][info][gc,metaspace   ] GC(1244) Metaspace: 28879K(29248K)->28879K(29248K) NonClass: 24010K(24192K)->24010K(24192K) Class: 4868K(5056K)->4868K(5056K)
[4389.224s][info][gc             ] GC(1244) Pause Young (Prepare Mixed) (G1 Evacuation Pause) 3622M->1451M(4096M) 116.156ms
[4389.224s][info][gc,cpu         ] GC(1244) User=0.69s Sys=0.00s Real=0.11s
..[4391.508s][info][gc,start       ] GC(1245) Pause Young (Mixed) (G1 Evacuation Pause)
[4391.508s][info][gc,task        ] GC(1245) Using 6 workers of 6 for evacuation
[4391.643s][info][gc,phases      ] GC(1245)   Pre Evacuate Collection Set: 0.34ms
[4391.643s][info][gc,phases      ] GC(1245)   Merge Heap Roots: 0.78ms
[4391.643s][info][gc,phases      ] GC(1245)   Evacuate Collection Set: 132.98ms
[4391.643s][info][gc,phases      ] GC(1245)   Post Evacuate Collection Set: 0.91ms
[4391.643s][info][gc,phases      ] GC(1245)   Other: 0.08ms
[4391.643s][info][gc,heap        ] GC(1245) Eden regions: 1110->0(1116)
[4391.643s][info][gc,heap        ] GC(1245) Survivor regions: 109->112(153)
[4391.643s][info][gc,heap        ] GC(1245) Old regions: 537->474
[4391.643s][info][gc,heap        ] GC(1245) Humongous regions: 80->80
[4391.643s][info][gc,metaspace   ] GC(1245) Metaspace: 28879K(29248K)->28879K(29248K) NonClass: 24010K(24192K)->24010K(24192K) Class: 4868K(5056K)->4868K(5056K)
[4391.643s][info][gc             ] GC(1245) Pause Young (Mixed) (G1 Evacuation Pause) 3671M->1330M(4096M) 135.216ms
[4391.643s][info][gc,cpu         ] GC(1245) User=0.80s Sys=0.00s Real=0.13s
..[4393.892s][info][gc,start       ] GC(1246) Pause Young (Concurrent Start) (G1 Evacuation Pause)
[4393.892s][info][gc,task        ] GC(1246) Using 6 workers of 6 for evacuation
[4394.009s][info][gc,phases      ] GC(1246)   Pre Evacuate Collection Set: 0.35ms
[4394.009s][info][gc,phases      ] GC(1246)   Merge Heap Roots: 0.46ms
[4394.009s][info][gc,phases      ] GC(1246)   Evacuate Collection Set: 115.31ms
[4394.009s][info][gc,phases      ] GC(1246)   Post Evacuate Collection Set: 0.90ms
[4394.009s][info][gc,phases      ] GC(1246)   Other: 0.11ms
[4394.009s][info][gc,heap        ] GC(1246) Eden regions: 1116->0(1117)
[4394.009s][info][gc,heap        ] GC(1246) Survivor regions: 112->111(154)
[4394.009s][info][gc,heap        ] GC(1246) Old regions: 474->506
[4394.009s][info][gc,heap        ] GC(1246) Humongous regions: 80->80
[4394.009s][info][gc,metaspace   ] GC(1246) Metaspace: 28879K(29248K)->28879K(29248K) NonClass: 24010K(24192K)->24010K(24192K) Class: 4868K(5056K)->4868K(5056K)
[4394.009s][info][gc             ] GC(1246) Pause Young (Concurrent Start) (G1 Evacuation Pause) 3562M->1392M(4096M) 117.268ms
[4394.009s][info][gc             ] GC(1247) Concurrent Mark Cycle
[4394.009s][info][gc,marking     ] GC(1247) Concurrent Scan Root Regions
[4394.009s][info][gc,cpu         ] GC(1246) User=0.69s Sys=0.00s Real=0.12s
.[4394.146s][info][gc,marking     ] GC(1247) Concurrent Scan Root Regions 136.789ms
[4394.146s][info][gc,marking     ] GC(1247) Concurrent Mark
[4394.146s][info][gc,marking     ] GC(1247) Concurrent Mark From Roots
[4394.146s][info][gc,task        ] GC(1247) Using 2 workers of 2 for marking
[4394.884s][info][gc,marking     ] GC(1247) Concurrent Mark From Roots 737.673ms
[4394.884s][info][gc,marking     ] GC(1247) Concurrent Preclean
[4394.884s][info][gc,marking     ] GC(1247) Concurrent Preclean 0.121ms
[4394.889s][info][gc,start       ] GC(1247) Pause Remark
[4394.892s][info][gc             ] GC(1247) Pause Remark 2134M->2134M(4096M) 3.426ms
[4394.892s][info][gc,cpu         ] GC(1247) User=0.02s Sys=0.00s Real=0.00s
[4394.892s][info][gc,marking     ] GC(1247) Concurrent Mark 746.194ms
[4394.892s][info][gc,marking     ] GC(1247) Concurrent Rebuild Remembered Sets and Scrub Regions
.[4395.114s][info][gc,marking     ] GC(1247) Concurrent Rebuild Remembered Sets and Scrub Regions 222.305ms
[4395.116s][info][gc,start       ] GC(1247) Pause Cleanup
[4395.116s][info][gc             ] GC(1247) Pause Cleanup 2366M->2366M(4096M) 0.124ms
[4395.116s][info][gc,cpu         ] GC(1247) User=0.00s Sys=0.00s Real=0.00s
[4395.116s][info][gc,marking     ] GC(1247) Concurrent Clear Claimed Marks
[4395.116s][info][gc,marking     ] GC(1247) Concurrent Clear Claimed Marks 0.022ms
[4395.116s][info][gc,marking     ] GC(1247) Concurrent Cleanup for Next Mark
[4395.121s][info][gc,marking     ] GC(1247) Concurrent Cleanup for Next Mark 5.138ms
[4395.121s][info][gc             ] GC(1247) Concurrent Mark Cycle 1112.055ms
.[4396.308s][info][gc,start       ] GC(1248) Pause Young (Prepare Mixed) (G1 Evacuation Pause)
[4396.308s][info][gc,task        ] GC(1248) Using 6 workers of 6 for evacuation
[4396.428s][info][gc,phases      ] GC(1248)   Pre Evacuate Collection Set: 0.32ms
[4396.428s][info][gc,phases      ] GC(1248)   Merge Heap Roots: 0.50ms
[4396.428s][info][gc,phases      ] GC(1248)   Evacuate Collection Set: 117.88ms
[4396.428s][info][gc,phases      ] GC(1248)   Post Evacuate Collection Set: 0.92ms
[4396.428s][info][gc,phases      ] GC(1248)   Other: 0.09ms
[4396.428s][info][gc,heap        ] GC(1248) Eden regions: 1117->0(1103)
[4396.428s][info][gc,heap        ] GC(1248) Survivor regions: 111->112(154)
[4396.428s][info][gc,heap        ] GC(1248) Old regions: 506->538
[4396.428s][info][gc,heap        ] GC(1248) Humongous regions: 80->80
[4396.428s][info][gc,metaspace   ] GC(1248) Metaspace: 28879K(29248K)->28879K(29248K) NonClass: 24010K(24192K)->24010K(24192K) Class: 4868K(5056K)->4868K(5056K)
[4396.428s][info][gc             ] GC(1248) Pause Young (Prepare Mixed) (G1 Evacuation Pause) 3626M->1458M(4096M) 119.836ms
[4396.428s][info][gc,cpu         ] GC(1248) User=0.71s Sys=0.00s Real=0.12s
..[4398.689s][info][gc,start       ] GC(1249) Pause Young (Mixed) (G1 Evacuation Pause)
[4398.689s][info][gc,task        ] GC(1249) Using 6 workers of 6 for evacuation
[4398.831s][info][gc,phases      ] GC(1249)   Pre Evacuate Collection Set: 0.35ms
[4398.831s][info][gc,phases      ] GC(1249)   Merge Heap Roots: 0.70ms
[4398.831s][info][gc,phases      ] GC(1249)   Evacuate Collection Set: 139.98ms
[4398.831s][info][gc,phases      ] GC(1249)   Post Evacuate Collection Set: 0.90ms
[4398.831s][info][gc,phases      ] GC(1249)   Other: 0.08ms
[4398.831s][info][gc,heap        ] GC(1249) Eden regions: 1103->0(1112)
[4398.831s][info][gc,heap        ] GC(1249) Survivor regions: 112->116(152)
[4398.832s][info][gc,heap        ] GC(1249) Old regions: 538->474
[4398.832s][info][gc,heap        ] GC(1249) Humongous regions: 80->80
[4398.832s][info][gc,metaspace   ] GC(1249) Metaspace: 28879K(29248K)->28879K(29248K) NonClass: 24010K(24192K)->24010K(24192K) Class: 4868K(5056K)->4868K(5056K)
[4398.832s][info][gc             ] GC(1249) Pause Young (Mixed) (G1 Evacuation Pause) 3664M->1337M(4096M) 142.135ms
[4398.832s][info][gc,cpu         ] GC(1249) User=0.85s Sys=0.00s Real=0.14s
.. (rIR:aIR:PR = 7887:7913:7913) (tPR = 116993) [OK] 
  4400s: Performance info:
         Transaction,    Success,    Partial,     Failed,   Receipts, AvgBarcode, 
             Overall,     475496,          0,          0,     451774,      59.47, 
         Response times:
             Request,    Success,    Partial,     Failed,   SkipFail,     Probes,    Samples,      min,      p50,      p90,      p95,      p99,      max, 
       TotalPurchase,     451760,          0,          0,          0,     351044,     429630,      300,     6900,    96000,   142000,   214000,   448000,
     InStorePurchase,     238300,          0,          0,          0,     184622,     225868,      300,     7000,    96000,   142000,   214000,   365000,
      OnlinePurchase,     165905,          0,          0,          0,     129199,     158091,      300,     6700,    95000,   141000,   215000,   365000,
        InstPurchase,      47555,          0,          0,          0,      37223,      45671,      300,     6500,    94000,   140000,   212000,   448000,
          AssocOfCat,        475,          0,          0,          0,        362,        525,    26000,    50000,   184800,   245100,   289000,   316000,
      AssocOfProduct,       4743,          0,          0,          0,       4401,       5627,      500,     6300,    96200,   142600,   218000,   375000,
      BusinessReport,       1188,          0,          0,          0,       1036,       1363,    26000,    49000,   152000,   193400,   272720,   436000,
          CustBuyBeh,       4738,          0,          0,          0,       4371,       5416,      200,     6200,    92000,   141000,   214000,   346000,
       ProductReturn,      12592,          0,          0,          0,       9524,      11797,      200,     6200,    90000,   132000,   211000,   347000,

  4400s: (58%)   IR =   8025 [4400.985s][info][gc,start       ] GC(1250) Pause Young (Concurrent Start) (G1 Evacuation Pause)
[4400.985s][info][gc,task        ] GC(1250) Using 6 workers of 6 for evacuation
[4401.100s][info][gc,phases      ] GC(1250)   Pre Evacuate Collection Set: 0.36ms
[4401.100s][info][gc,phases      ] GC(1250)   Merge Heap Roots: 0.43ms
[4401.100s][info][gc,phases      ] GC(1250)   Evacuate Collection Set: 113.29ms
[4401.100s][info][gc,phases      ] GC(1250)   Post Evacuate Collection Set: 0.89ms
[4401.100s][info][gc,phases      ] GC(1250)   Other: 0.10ms
[4401.100s][info][gc,heap        ] GC(1250) Eden regions: 1112->0(1119)
[4401.100s][info][gc,heap        ] GC(1250) Survivor regions: 116->109(154)
[4401.100s][info][gc,heap        ] GC(1250) Old regions: 474->507
[4401.100s][info][gc,heap        ] GC(1250) Humongous regions: 80->80
[4401.100s][info][gc,metaspace   ] GC(1250) Metaspace: 28879K(29248K)->28879K(29248K) NonClass: 24010K(24192K)->24010K(24192K) Class: 4868K(5056K)->4868K(5056K)
[4401.100s][info][gc             ] GC(1250) Pause Young (Concurrent Start) (G1 Evacuation Pause) 3561M->1389M(4096M) 115.206ms
[4401.100s][info][gc             ] GC(1251) Concurrent Mark Cycle
[4401.100s][info][gc,cpu         ] GC(1250) User=0.69s Sys=0.01s Real=0.12s
[4401.100s][info][gc,marking     ] GC(1251) Concurrent Scan Root Regions
[4401.238s][info][gc,marking     ] GC(1251) Concurrent Scan Root Regions 137.178ms
[4401.238s][info][gc,marking     ] GC(1251) Concurrent Mark
[4401.238s][info][gc,marking     ] GC(1251) Concurrent Mark From Roots
[4401.238s][info][gc,task        ] GC(1251) Using 2 workers of 2 for marking
.[4401.958s][info][gc,marking     ] GC(1251) Concurrent Mark From Roots 720.803ms
[4401.958s][info][gc,marking     ] GC(1251) Concurrent Preclean
[4401.959s][info][gc,marking     ] GC(1251) Concurrent Preclean 0.107ms
[4401.960s][info][gc,start       ] GC(1251) Pause Remark
[4401.963s][info][gc             ] GC(1251) Pause Remark 2109M->2109M(4096M) 2.968ms
[4401.963s][info][gc,cpu         ] GC(1251) User=0.02s Sys=0.00s Real=0.00s
[4401.963s][info][gc,marking     ] GC(1251) Concurrent Mark 725.082ms
[4401.963s][info][gc,marking     ] GC(1251) Concurrent Rebuild Remembered Sets and Scrub Regions
[4402.292s][info][gc,marking     ] GC(1251) Concurrent Rebuild Remembered Sets and Scrub Regions 329.267ms
[4402.292s][info][gc,start       ] GC(1251) Pause Cleanup
[4402.292s][info][gc             ] GC(1251) Pause Cleanup 2457M->2457M(4096M) 0.129ms
[4402.292s][info][gc,cpu         ] GC(1251) User=0.00s Sys=0.00s Real=0.00s
[4402.293s][info][gc,marking     ] GC(1251) Concurrent Clear Claimed Marks
[4402.293s][info][gc,marking     ] GC(1251) Concurrent Clear Claimed Marks 0.023ms
[4402.293s][info][gc,marking     ] GC(1251) Concurrent Cleanup for Next Mark
[4402.302s][info][gc,marking     ] GC(1251) Concurrent Cleanup for Next Mark 9.643ms
[4402.302s][info][gc             ] GC(1251) Concurrent Mark Cycle 1201.905ms
..[4403.365s][info][gc,start       ] GC(1252) Pause Young (Prepare Mixed) (G1 Evacuation Pause)
[4403.365s][info][gc,task        ] GC(1252) Using 6 workers of 6 for evacuation
[4403.482s][info][gc,phases      ] GC(1252)   Pre Evacuate Collection Set: 0.32ms
[4403.482s][info][gc,phases      ] GC(1252)   Merge Heap Roots: 0.48ms
[4403.482s][info][gc,phases      ] GC(1252)   Evacuate Collection Set: 114.90ms
[4403.482s][info][gc,phases      ] GC(1252)   Post Evacuate Collection Set: 0.98ms
[4403.482s][info][gc,phases      ] GC(1252)   Other: 0.09ms
[4403.482s][info][gc,heap        ] GC(1252) Eden regions: 1119->0(1104)
[4403.482s][info][gc,heap        ] GC(1252) Survivor regions: 109->111(154)
[4403.482s][info][gc,heap        ] GC(1252) Old regions: 507->539
[4403.482s][info][gc,heap        ] GC(1252) Humongous regions: 80->80
[4403.482s][info][gc,metaspace   ] GC(1252) Metaspace: 28879K(29248K)->28879K(29248K) NonClass: 24010K(24192K)->24010K(24192K) Class: 4868K(5056K)->4868K(5056K)
[4403.482s][info][gc             ] GC(1252) Pause Young (Prepare Mixed) (G1 Evacuation Pause) 3627M->1458M(4096M) 116.908ms
[4403.482s][info][gc,cpu         ] GC(1252) User=0.69s Sys=0.00s Real=0.12s
..[4405.709s][info][gc,start       ] GC(1253) Pause Young (Mixed) (G1 Evacuation Pause)
[4405.709s][info][gc,task        ] GC(1253) Using 6 workers of 6 for evacuation
[4405.840s][info][gc,phases      ] GC(1253)   Pre Evacuate Collection Set: 0.37ms
[4405.840s][info][gc,phases      ] GC(1253)   Merge Heap Roots: 0.63ms
[4405.840s][info][gc,phases      ] GC(1253)   Evacuate Collection Set: 128.92ms
[4405.840s][info][gc,phases      ] GC(1253)   Post Evacuate Collection Set: 0.94ms
[4405.840s][info][gc,phases      ] GC(1253)   Other: 0.09ms
[4405.840s][info][gc,heap        ] GC(1253) Eden regions: 1104->0(1120)
[4405.840s][info][gc,heap        ] GC(1253) Survivor regions: 111->108(152)
[4405.840s][info][gc,heap        ] GC(1253) Old regions: 539->476
[4405.840s][info][gc,heap        ] GC(1253) Humongous regions: 80->80
[4405.840s][info][gc,metaspace   ] GC(1253) Metaspace: 28879K(29248K)->28879K(29248K) NonClass: 24010K(24192K)->24010K(24192K) Class: 4868K(5056K)->4868K(5056K)
[4405.840s][info][gc             ] GC(1253) Pause Young (Mixed) (G1 Evacuation Pause) 3666M->1326M(4096M) 131.067ms
[4405.840s][info][gc,cpu         ] GC(1253) User=0.78s Sys=0.00s Real=0.13s
..[4408.097s][info][gc,start       ] GC(1254) Pause Young (Concurrent Start) (G1 Evacuation Pause)
[4408.097s][info][gc,task        ] GC(1254) Using 6 workers of 6 for evacuation
[4408.213s][info][gc,phases      ] GC(1254)   Pre Evacuate Collection Set: 0.36ms
[4408.213s][info][gc,phases      ] GC(1254)   Merge Heap Roots: 0.51ms
[4408.213s][info][gc,phases      ] GC(1254)   Evacuate Collection Set: 114.72ms
[4408.213s][info][gc,phases      ] GC(1254)   Post Evacuate Collection Set: 0.91ms
[4408.213s][info][gc,phases      ] GC(1254)   Other: 0.12ms
[4408.213s][info][gc,heap        ] GC(1254) Eden regions: 1120->0(1118)
[4408.213s][info][gc,heap        ] GC(1254) Survivor regions: 108->110(154)
[4408.213s][info][gc,heap        ] GC(1254) Old regions: 476->508
[4408.213s][info][gc,heap        ] GC(1254) Humongous regions: 80->80
[4408.213s][info][gc,metaspace   ] GC(1254) Metaspace: 28879K(29248K)->28879K(29248K) NonClass: 24010K(24192K)->24010K(24192K) Class: 4868K(5056K)->4868K(5056K)
[4408.213s][info][gc             ] GC(1254) Pause Young (Concurrent Start) (G1 Evacuation Pause) 3566M->1394M(4096M) 116.746ms
[4408.213s][info][gc             ] GC(1255) Concurrent Mark Cycle
[4408.213s][info][gc,marking     ] GC(1255) Concurrent Scan Root Regions
[4408.214s][info][gc,cpu         ] GC(1254) User=0.70s Sys=0.00s Real=0.12s
.[4408.329s][info][gc,marking     ] GC(1255) Concurrent Scan Root Regions 115.357ms
[4408.329s][info][gc,marking     ] GC(1255) Concurrent Mark
[4408.329s][info][gc,marking     ] GC(1255) Concurrent Mark From Roots
[4408.329s][info][gc,task        ] GC(1255) Using 2 workers of 2 for marking
[4409.047s][info][gc,marking     ] GC(1255) Concurrent Mark From Roots 717.926ms
[4409.047s][info][gc,marking     ] GC(1255) Concurrent Preclean
[4409.047s][info][gc,marking     ] GC(1255) Concurrent Preclean 0.089ms
[4409.047s][info][gc,start       ] GC(1255) Pause Remark
[4409.050s][info][gc             ] GC(1255) Pause Remark 2119M->2119M(4096M) 2.813ms
[4409.050s][info][gc,cpu         ] GC(1255) User=0.02s Sys=0.00s Real=0.01s
[4409.050s][info][gc,marking     ] GC(1255) Concurrent Mark 721.179ms
[4409.050s][info][gc,marking     ] GC(1255) Concurrent Rebuild Remembered Sets and Scrub Regions
[4409.360s][info][gc,marking     ] GC(1255) Concurrent Rebuild Remembered Sets and Scrub Regions 310.197ms
[4409.361s][info][gc,start       ] GC(1255) Pause Cleanup
[4409.361s][info][gc             ] GC(1255) Pause Cleanup 2378M->2378M(4096M) 0.665ms
[4409.361s][info][gc,cpu         ] GC(1255) User=0.00s Sys=0.00s Real=0.00s
[4409.361s][info][gc,marking     ] GC(1255) Concurrent Clear Claimed Marks
[4409.361s][info][gc,marking     ] GC(1255) Concurrent Clear Claimed Marks 0.024ms
[4409.361s][info][gc,marking     ] GC(1255) Concurrent Cleanup for Next Mark
[4409.367s][info][gc,marking     ] GC(1255) Concurrent Cleanup for Next Mark 5.238ms
[4409.367s][info][gc             ] GC(1255) Concurrent Mark Cycle 1153.100ms
..[4410.482s][info][gc,start       ] GC(1256) Pause Young (Prepare Mixed) (G1 Evacuation Pause)
[4410.482s][info][gc,task        ] GC(1256) Using 6 workers of 6 for evacuation
[4410.602s][info][gc,phases      ] GC(1256)   Pre Evacuate Collection Set: 0.31ms
[4410.602s][info][gc,phases      ] GC(1256)   Merge Heap Roots: 0.50ms
[4410.602s][info][gc,phases      ] GC(1256)   Evacuate Collection Set: 118.32ms
[4410.602s][info][gc,phases      ] GC(1256)   Post Evacuate Collection Set: 0.89ms
[4410.602s][info][gc,phases      ] GC(1256)   Other: 0.08ms
[4410.602s][info][gc,heap        ] GC(1256) Eden regions: 1118->0(1103)
[4410.602s][info][gc,heap        ] GC(1256) Survivor regions: 110->111(154)
[4410.602s][info][gc,heap        ] GC(1256) Old regions: 508->540
[4410.602s][info][gc,heap        ] GC(1256) Humongous regions: 80->80
[4410.602s][info][gc,metaspace   ] GC(1256) Metaspace: 28879K(29248K)->28879K(29248K) NonClass: 24010K(24192K)->24010K(24192K) Class: 4868K(5056K)->4868K(5056K)
[4410.602s][info][gc             ] GC(1256) Pause Young (Prepare Mixed) (G1 Evacuation Pause) 3630M->1459M(4096M) 120.239ms
[4410.602s][info][gc,cpu         ] GC(1256) User=0.71s Sys=0.00s Real=0.12s
..|[4412.780s][info][gc,start       ] GC(1257) Pause Young (Mixed) (G1 Evacuation Pause)
[4412.780s][info][gc,task        ] GC(1257) Using 6 workers of 6 for evacuation
[4412.912s][info][gc,phases      ] GC(1257)   Pre Evacuate Collection Set: 0.38ms
[4412.912s][info][gc,phases      ] GC(1257)   Merge Heap Roots: 0.66ms
[4412.912s][info][gc,phases      ] GC(1257)   Evacuate Collection Set: 130.13ms
[4412.912s][info][gc,phases      ] GC(1257)   Post Evacuate Collection Set: 0.93ms
[4412.912s][info][gc,phases      ] GC(1257)   Other: 0.09ms
[4412.912s][info][gc,heap        ] GC(1257) Eden regions: 1103->0(1120)
[4412.912s][info][gc,heap        ] GC(1257) Survivor regions: 111->108(152)
[4412.912s][info][gc,heap        ] GC(1257) Old regions: 540->475
[4412.912s][info][gc,heap        ] GC(1257) Humongous regions: 80->80
[4412.912s][info][gc,metaspace   ] GC(1257) Metaspace: 28879K(29248K)->28879K(29248K) NonClass: 24010K(24192K)->24010K(24192K) Class: 4868K(5056K)->4868K(5056K)
[4412.912s][info][gc             ] GC(1257) Pause Young (Mixed) (G1 Evacuation Pause) 3665M->1324M(4096M) 132.341ms
[4412.912s][info][gc,cpu         ] GC(1257) User=0.78s Sys=0.00s Real=0.13s
..[4415.123s][info][gc,start       ] GC(1258) Pause Young (Concurrent Start) (G1 Evacuation Pause)
[4415.123s][info][gc,task        ] GC(1258) Using 6 workers of 6 for evacuation
[4415.246s][info][gc,phases      ] GC(1258)   Pre Evacuate Collection Set: 0.33ms
[4415.246s][info][gc,phases      ] GC(1258)   Merge Heap Roots: 0.46ms
[4415.246s][info][gc,phases      ] GC(1258)   Evacuate Collection Set: 120.69ms
[4415.246s][info][gc,phases      ] GC(1258)   Post Evacuate Collection Set: 0.88ms
[4415.246s][info][gc,phases      ] GC(1258)   Other: 0.10ms
[4415.246s][info][gc,heap        ] GC(1258) Eden regions: 1120->0(1113)
[4415.246s][info][gc,heap        ] GC(1258) Survivor regions: 108->115(154)
[4415.246s][info][gc,heap        ] GC(1258) Old regions: 475->506
[4415.246s][info][gc,heap        ] GC(1258) Humongous regions: 80->80
[4415.246s][info][gc,metaspace   ] GC(1258) Metaspace: 28879K(29248K)->28879K(29248K) NonClass: 24010K(24192K)->24010K(24192K) Class: 4868K(5056K)->4868K(5056K)
[4415.246s][info][gc             ] GC(1258) Pause Young (Concurrent Start) (G1 Evacuation Pause) 3564M->1400M(4096M) 122.588ms
[4415.246s][info][gc             ] GC(1259) Concurrent Mark Cycle
[4415.246s][info][gc,marking     ] GC(1259) Concurrent Scan Root Regions
[4415.246s][info][gc,cpu         ] GC(1258) User=0.73s Sys=0.00s Real=0.12s
[4415.425s][info][gc,marking     ] GC(1259) Concurrent Scan Root Regions 179.400ms
[4415.426s][info][gc,marking     ] GC(1259) Concurrent Mark
[4415.426s][info][gc,marking     ] GC(1259) Concurrent Mark From Roots
[4415.426s][info][gc,task        ] GC(1259) Using 2 workers of 2 for marking
.[4416.150s][info][gc,marking     ] GC(1259) Concurrent Mark From Roots 724.234ms
[4416.150s][info][gc,marking     ] GC(1259) Concurrent Preclean
[4416.150s][info][gc,marking     ] GC(1259) Concurrent Preclean 0.066ms
[4416.154s][info][gc,start       ] GC(1259) Pause Remark
[4416.158s][info][gc             ] GC(1259) Pause Remark 2234M->2234M(4096M) 3.966ms
[4416.158s][info][gc,cpu         ] GC(1259) User=0.03s Sys=0.00s Real=0.01s
[4416.158s][info][gc,marking     ] GC(1259) Concurrent Mark 732.299ms
[4416.158s][info][gc,marking     ] GC(1259) Concurrent Rebuild Remembered Sets and Scrub Regions
.[4416.514s][info][gc,marking     ] GC(1259) Concurrent Rebuild Remembered Sets and Scrub Regions 356.327ms
[4416.514s][info][gc,start       ] GC(1259) Pause Cleanup
[4416.514s][info][gc             ] GC(1259) Pause Cleanup 2612M->2612M(4096M) 0.106ms
[4416.514s][info][gc,cpu         ] GC(1259) User=0.00s Sys=0.00s Real=0.00s
[4416.514s][info][gc,marking     ] GC(1259) Concurrent Clear Claimed Marks
[4416.515s][info][gc,marking     ] GC(1259) Concurrent Clear Claimed Marks 0.025ms
[4416.515s][info][gc,marking     ] GC(1259) Concurrent Cleanup for Next Mark
[4416.520s][info][gc,marking     ] GC(1259) Concurrent Cleanup for Next Mark 4.973ms
[4416.520s][info][gc             ] GC(1259) Concurrent Mark Cycle 1273.507ms
.[4417.470s][info][gc,start       ] GC(1260) Pause Young (Prepare Mixed) (G1 Evacuation Pause)
[4417.470s][info][gc,task        ] GC(1260) Using 6 workers of 6 for evacuation
[4417.590s][info][gc,phases      ] GC(1260)   Pre Evacuate Collection Set: 0.32ms
[4417.590s][info][gc,phases      ] GC(1260)   Merge Heap Roots: 0.48ms
[4417.590s][info][gc,phases      ] GC(1260)   Evacuate Collection Set: 117.84ms
[4417.590s][info][gc,phases      ] GC(1260)   Post Evacuate Collection Set: 0.96ms
[4417.590s][info][gc,phases      ] GC(1260)   Other: 0.09ms
[4417.590s][info][gc,heap        ] GC(1260) Eden regions: 1113->0(1100)
[4417.590s][info][gc,heap        ] GC(1260) Survivor regions: 115->114(154)
[4417.590s][info][gc,heap        ] GC(1260) Old regions: 506->537
[4417.590s][info][gc,heap        ] GC(1260) Humongous regions: 80->80
[4417.590s][info][gc,metaspace   ] GC(1260) Metaspace: 28879K(29248K)->28879K(29248K) NonClass: 24010K(24192K)->24010K(24192K) Class: 4868K(5056K)->4868K(5056K)
[4417.590s][info][gc             ] GC(1260) Pause Young (Prepare Mixed) (G1 Evacuation Pause) 3626M->1459M(4096M) 119.838ms
[4417.590s][info][gc,cpu         ] GC(1260) User=0.71s Sys=0.00s Real=0.12s
..[4419.834s][info][gc,start       ] GC(1261) Pause Young (Mixed) (G1 Evacuation Pause)
[4419.835s][info][gc,task        ] GC(1261) Using 6 workers of 6 for evacuation
[4419.973s][info][gc,phases      ] GC(1261)   Pre Evacuate Collection Set: 0.33ms
[4419.973s][info][gc,phases      ] GC(1261)   Merge Heap Roots: 0.70ms
[4419.973s][info][gc,phases      ] GC(1261)   Evacuate Collection Set: 136.74ms
[4419.973s][info][gc,phases      ] GC(1261)   Post Evacuate Collection Set: 0.99ms
[4419.973s][info][gc,phases      ] GC(1261)   Other: 0.08ms
[4419.973s][info][gc,heap        ] GC(1261) Eden regions: 1100->0(1117)
[4419.973s][info][gc,heap        ] GC(1261) Survivor regions: 114->111(152)
[4419.973s][info][gc,heap        ] GC(1261) Old regions: 537->473
[4419.973s][info][gc,heap        ] GC(1261) Humongous regions: 80->80
[4419.973s][info][gc,metaspace   ] GC(1261) Metaspace: 28879K(29248K)->28879K(29248K) NonClass: 24010K(24192K)->24010K(24192K) Class: 4868K(5056K)->4868K(5056K)
[4419.973s][info][gc             ] GC(1261) Pause Young (Mixed) (G1 Evacuation Pause) 3659M->1327M(4096M) 138.971ms
[4419.974s][info][gc,cpu         ] GC(1261) User=0.83s Sys=0.00s Real=0.14s
..[4422.169s][info][gc,start       ] GC(1262) Pause Young (Concurrent Start) (G1 Evacuation Pause)
[4422.169s][info][gc,task        ] GC(1262) Using 6 workers of 6 for evacuation
[4422.285s][info][gc,phases      ] GC(1262)   Pre Evacuate Collection Set: 0.36ms
[4422.285s][info][gc,phases      ] GC(1262)   Merge Heap Roots: 0.45ms
[4422.285s][info][gc,phases      ] GC(1262)   Evacuate Collection Set: 114.31ms
[4422.285s][info][gc,phases      ] GC(1262)   Post Evacuate Collection Set: 0.88ms
[4422.285s][info][gc,phases      ] GC(1262)   Other: 0.11ms
[4422.285s][info][gc,heap        ] GC(1262) Eden regions: 1117->0(1119)
[4422.285s][info][gc,heap        ] GC(1262) Survivor regions: 111->109(154)
[4422.285s][info][gc,heap        ] GC(1262) Old regions: 473->504
[4422.285s][info][gc,heap        ] GC(1262) Humongous regions: 80->80
[4422.285s][info][gc,metaspace   ] GC(1262) Metaspace: 28879K(29248K)->28879K(29248K) NonClass: 24010K(24192K)->24010K(24192K) Class: 4868K(5056K)->4868K(5056K)
[4422.286s][info][gc             ] GC(1262) Pause Young (Concurrent Start) (G1 Evacuation Pause) 3561M->1385M(4096M) 116.232ms
[4422.286s][info][gc             ] GC(1263) Concurrent Mark Cycle
[4422.286s][info][gc,marking     ] GC(1263) Concurrent Scan Root Regions
[4422.286s][info][gc,cpu         ] GC(1262) User=0.69s Sys=0.00s Real=0.11s
[4422.467s][info][gc,marking     ] GC(1263) Concurrent Scan Root Regions 181.489ms
[4422.467s][info][gc,marking     ] GC(1263) Concurrent Mark
[4422.467s][info][gc,marking     ] GC(1263) Concurrent Mark From Roots
[4422.467s][info][gc,task        ] GC(1263) Using 2 workers of 2 for marking
.[4423.457s][info][gc,marking     ] GC(1263) Concurrent Mark From Roots 990.267ms
[4423.457s][info][gc,marking     ] GC(1263) Concurrent Preclean
[4423.458s][info][gc,marking     ] GC(1263) Concurrent Preclean 0.116ms
[4423.462s][info][gc,start       ] GC(1263) Pause Remark
[4423.465s][info][gc             ] GC(1263) Pause Remark 2533M->2533M(4096M) 3.377ms
[4423.465s][info][gc,cpu         ] GC(1263) User=0.01s Sys=0.00s Real=0.00s
[4423.465s][info][gc,marking     ] GC(1263) Concurrent Mark 998.256ms
[4423.465s][info][gc,marking     ] GC(1263) Concurrent Rebuild Remembered Sets and Scrub Regions
.[4423.825s][info][gc,marking     ] GC(1263) Concurrent Rebuild Remembered Sets and Scrub Regions 359.112ms
[4423.826s][info][gc,start       ] GC(1263) Pause Cleanup
[4423.826s][info][gc             ] GC(1263) Pause Cleanup 2887M->2887M(4096M) 0.125ms
[4423.826s][info][gc,cpu         ] GC(1263) User=0.00s Sys=0.00s Real=0.00s
[4423.826s][info][gc,marking     ] GC(1263) Concurrent Clear Claimed Marks
[4423.826s][info][gc,marking     ] GC(1263) Concurrent Clear Claimed Marks 0.053ms
[4423.826s][info][gc,marking     ] GC(1263) Concurrent Cleanup for Next Mark
[4423.838s][info][gc,marking     ] GC(1263) Concurrent Cleanup for Next Mark 11.968ms
[4423.838s][info][gc             ] GC(1263) Concurrent Mark Cycle 1552.556ms
[4424.512s][info][gc,start       ] GC(1264) Pause Young (Prepare Mixed) (G1 Evacuation Pause)
[4424.512s][info][gc,task        ] GC(1264) Using 6 workers of 6 for evacuation
[4424.635s][info][gc,phases      ] GC(1264)   Pre Evacuate Collection Set: 0.34ms
[4424.635s][info][gc,phases      ] GC(1264)   Merge Heap Roots: 0.57ms
[4424.635s][info][gc,phases      ] GC(1264)   Evacuate Collection Set: 120.39ms
[4424.635s][info][gc,phases      ] GC(1264)   Post Evacuate Collection Set: 0.94ms
[4424.635s][info][gc,phases      ] GC(1264)   Other: 0.09ms
[4424.635s][info][gc,heap        ] GC(1264) Eden regions: 1119->0(1101)
[4424.635s][info][gc,heap        ] GC(1264) Survivor regions: 109->114(154)
[4424.635s][info][gc,heap        ] GC(1264) Old regions: 504->536
[4424.635s][info][gc,heap        ] GC(1264) Humongous regions: 80->80
[4424.635s][info][gc,metaspace   ] GC(1264) Metaspace: 28879K(29248K)->28879K(29248K) NonClass: 24010K(24192K)->24010K(24192K) Class: 4868K(5056K)->4868K(5056K)
[4424.635s][info][gc             ] GC(1264) Pause Young (Prepare Mixed) (G1 Evacuation Pause) 3623M->1458M(4096M) 122.490ms
[4424.635s][info][gc,cpu         ] GC(1264) User=0.73s Sys=0.00s Real=0.12s
...[4426.741s][info][gc,start       ] GC(1265) Pause Young (Mixed) (G1 Evacuation Pause)
[4426.741s][info][gc,task        ] GC(1265) Using 6 workers of 6 for evacuation
[4426.875s][info][gc,phases      ] GC(1265)   Pre Evacuate Collection Set: 0.39ms
[4426.875s][info][gc,phases      ] GC(1265)   Merge Heap Roots: 0.77ms
[4426.875s][info][gc,phases      ] GC(1265)   Evacuate Collection Set: 131.77ms
[4426.875s][info][gc,phases      ] GC(1265)   Post Evacuate Collection Set: 0.92ms
[4426.875s][info][gc,phases      ] GC(1265)   Other: 0.08ms
[4426.875s][info][gc,heap        ] GC(1265) Eden regions: 1101->0(1120)
[4426.875s][info][gc,heap        ] GC(1265) Survivor regions: 114->108(152)
[4426.875s][info][gc,heap        ] GC(1265) Old regions: 536->474
[4426.875s][info][gc,heap        ] GC(1265) Humongous regions: 80->80
[4426.875s][info][gc,metaspace   ] GC(1265) Metaspace: 28879K(29248K)->28879K(29248K) NonClass: 24010K(24192K)->24010K(24192K) Class: 4868K(5056K)->4868K(5056K)
[4426.875s][info][gc             ] GC(1265) Pause Young (Mixed) (G1 Evacuation Pause) 3660M->1322M(4096M) 134.070ms
[4426.875s][info][gc,cpu         ] GC(1265) User=0.79s Sys=0.01s Real=0.13s
..[4429.157s][info][gc,start       ] GC(1266) Pause Young (Concurrent Start) (G1 Evacuation Pause)
[4429.157s][info][gc,task        ] GC(1266) Using 6 workers of 6 for evacuation
[4429.278s][info][gc,phases      ] GC(1266)   Pre Evacuate Collection Set: 0.33ms
[4429.278s][info][gc,phases      ] GC(1266)   Merge Heap Roots: 0.44ms
[4429.278s][info][gc,phases      ] GC(1266)   Evacuate Collection Set: 119.27ms
[4429.278s][info][gc,phases      ] GC(1266)   Post Evacuate Collection Set: 0.90ms
[4429.278s][info][gc,phases      ] GC(1266)   Other: 0.11ms
[4429.278s][info][gc,heap        ] GC(1266) Eden regions: 1120->0(1115)
[4429.278s][info][gc,heap        ] GC(1266) Survivor regions: 108->113(154)
[4429.278s][info][gc,heap        ] GC(1266) Old regions: 474->506
[4429.278s][info][gc,heap        ] GC(1266) Humongous regions: 80->80
[4429.278s][info][gc,metaspace   ] GC(1266) Metaspace: 28879K(29248K)->28879K(29248K) NonClass: 24010K(24192K)->24010K(24192K) Class: 4868K(5056K)->4868K(5056K)
[4429.278s][info][gc             ] GC(1266) Pause Young (Concurrent Start) (G1 Evacuation Pause) 3562M->1397M(4096M) 121.181ms
[4429.278s][info][gc             ] GC(1267) Concurrent Mark Cycle
[4429.278s][info][gc,marking     ] GC(1267) Concurrent Scan Root Regions
[4429.278s][info][gc,cpu         ] GC(1266) User=0.72s Sys=0.00s Real=0.13s
[4429.456s][info][gc,marking     ] GC(1267) Concurrent Scan Root Regions 177.260ms
[4429.456s][info][gc,marking     ] GC(1267) Concurrent Mark
[4429.456s][info][gc,marking     ] GC(1267) Concurrent Mark From Roots
[4429.456s][info][gc,task        ] GC(1267) Using 2 workers of 2 for marking
.[4430.185s][info][gc,marking     ] GC(1267) Concurrent Mark From Roots 729.689ms
[4430.186s][info][gc,marking     ] GC(1267) Concurrent Preclean
[4430.186s][info][gc,marking     ] GC(1267) Concurrent Preclean 0.126ms
[4430.187s][info][gc,start       ] GC(1267) Pause Remark
[4430.190s][info][gc             ] GC(1267) Pause Remark 2243M->2243M(4096M) 3.008ms
[4430.190s][info][gc,cpu         ] GC(1267) User=0.01s Sys=0.00s Real=0.01s
[4430.190s][info][gc,marking     ] GC(1267) Concurrent Mark 734.672ms
[4430.190s][info][gc,marking     ] GC(1267) Concurrent Rebuild Remembered Sets and Scrub Regions
[4430.559s][info][gc,marking     ] GC(1267) Concurrent Rebuild Remembered Sets and Scrub Regions 368.671ms
[4430.559s][info][gc,start       ] GC(1267) Pause Cleanup
[4430.559s][info][gc             ] GC(1267) Pause Cleanup 2669M->2669M(4096M) 0.114ms
[4430.559s][info][gc,cpu         ] GC(1267) User=0.00s Sys=0.00s Real=0.00s
[4430.560s][info][gc,marking     ] GC(1267) Concurrent Clear Claimed Marks
[4430.560s][info][gc,marking     ] GC(1267) Concurrent Clear Claimed Marks 0.032ms
[4430.560s][info][gc,marking     ] GC(1267) Concurrent Cleanup for Next Mark
[4430.564s][info][gc,marking     ] GC(1267) Concurrent Cleanup for Next Mark 4.684ms
[4430.564s][info][gc             ] GC(1267) Concurrent Mark Cycle 1285.871ms
.[4431.499s][info][gc,start       ] GC(1268) Pause Young (Prepare Mixed) (G1 Evacuation Pause)
[4431.499s][info][gc,task        ] GC(1268) Using 6 workers of 6 for evacuation
[4431.619s][info][gc,phases      ] GC(1268)   Pre Evacuate Collection Set: 0.31ms
[4431.619s][info][gc,phases      ] GC(1268)   Merge Heap Roots: 0.47ms
[4431.619s][info][gc,phases      ] GC(1268)   Evacuate Collection Set: 118.19ms
[4431.619s][info][gc,phases      ] GC(1268)   Post Evacuate Collection Set: 0.90ms
[4431.619s][info][gc,phases      ] GC(1268)   Other: 0.08ms
[4431.619s][info][gc,heap        ] GC(1268) Eden regions: 1115->0(1099)
[4431.619s][info][gc,heap        ] GC(1268) Survivor regions: 113->114(154)
[4431.619s][info][gc,heap        ] GC(1268) Old regions: 506->538
[4431.619s][info][gc,heap        ] GC(1268) Humongous regions: 80->80
[4431.619s][info][gc,metaspace   ] GC(1268) Metaspace: 28879K(29248K)->28879K(29248K) NonClass: 24010K(24192K)->24010K(24192K) Class: 4868K(5056K)->4868K(5056K)
[4431.619s][info][gc             ] GC(1268) Pause Young (Prepare Mixed) (G1 Evacuation Pause) 3627M->1461M(4096M) 120.077ms
[4431.620s][info][gc,cpu         ] GC(1268) User=0.71s Sys=0.00s Real=0.12s
..[4433.743s][info][gc,start       ] GC(1269) Pause Young (Mixed) (G1 Evacuation Pause)
[4433.743s][info][gc,task        ] GC(1269) Using 6 workers of 6 for evacuation
[4433.872s][info][gc,phases      ] GC(1269)   Pre Evacuate Collection Set: 0.36ms
[4433.872s][info][gc,phases      ] GC(1269)   Merge Heap Roots: 0.61ms
[4433.872s][info][gc,phases      ] GC(1269)   Evacuate Collection Set: 127.71ms
[4433.872s][info][gc,phases      ] GC(1269)   Post Evacuate Collection Set: 0.97ms
[4433.872s][info][gc,phases      ] GC(1269)   Other: 0.08ms
[4433.872s][info][gc,heap        ] GC(1269) Eden regions: 1099->0(1118)
[4433.872s][info][gc,heap        ] GC(1269) Survivor regions: 114->110(152)
[4433.872s][info][gc,heap        ] GC(1269) Old regions: 538->475
[4433.872s][info][gc,heap        ] GC(1269) Humongous regions: 80->80
[4433.872s][info][gc,metaspace   ] GC(1269) Metaspace: 28879K(29248K)->28879K(29248K) NonClass: 24010K(24192K)->24010K(24192K) Class: 4868K(5056K)->4868K(5056K)
[4433.873s][info][gc             ] GC(1269) Pause Young (Mixed) (G1 Evacuation Pause) 3659M->1328M(4096M) 129.881ms
[4433.873s][info][gc,cpu         ] GC(1269) User=0.78s Sys=0.00s Real=0.13s
...[4436.107s][info][gc,start       ] GC(1270) Pause Young (Concurrent Start) (G1 Evacuation Pause)
[4436.107s][info][gc,task        ] GC(1270) Using 6 workers of 6 for evacuation
[4436.229s][info][gc,phases      ] GC(1270)   Pre Evacuate Collection Set: 0.39ms
[4436.229s][info][gc,phases      ] GC(1270)   Merge Heap Roots: 0.45ms
[4436.229s][info][gc,phases      ] GC(1270)   Evacuate Collection Set: 120.41ms
[4436.229s][info][gc,phases      ] GC(1270)   Post Evacuate Collection Set: 0.90ms
[4436.229s][info][gc,phases      ] GC(1270)   Other: 0.13ms
[4436.229s][info][gc,heap        ] GC(1270) Eden regions: 1118->0(1114)
[4436.229s][info][gc,heap        ] GC(1270) Survivor regions: 110->114(154)
[4436.229s][info][gc,heap        ] GC(1270) Old regions: 475->507
[4436.229s][info][gc,heap        ] GC(1270) Humongous regions: 80->80
[4436.229s][info][gc,metaspace   ] GC(1270) Metaspace: 28879K(29248K)->28879K(29248K) NonClass: 24010K(24192K)->24010K(24192K) Class: 4868K(5056K)->4868K(5056K)
[4436.229s][info][gc             ] GC(1270) Pause Young (Concurrent Start) (G1 Evacuation Pause) 3564M->1400M(4096M) 122.406ms
[4436.229s][info][gc             ] GC(1271) Concurrent Mark Cycle
[4436.229s][info][gc,marking     ] GC(1271) Concurrent Scan Root Regions
[4436.229s][info][gc,cpu         ] GC(1270) User=0.73s Sys=0.00s Real=0.13s
[4436.418s][info][gc,marking     ] GC(1271) Concurrent Scan Root Regions 189.185ms
[4436.418s][info][gc,marking     ] GC(1271) Concurrent Mark
[4436.418s][info][gc,marking     ] GC(1271) Concurrent Mark From Roots
[4436.418s][info][gc,task        ] GC(1271) Using 2 workers of 2 for marking
.[4437.372s][info][gc,marking     ] GC(1271) Concurrent Mark From Roots 953.868ms
[4437.372s][info][gc,marking     ] GC(1271) Concurrent Preclean
[4437.372s][info][gc,marking     ] GC(1271) Concurrent Preclean 0.123ms
[4437.374s][info][gc,start       ] GC(1271) Pause Remark
[4437.378s][info][gc             ] GC(1271) Pause Remark 2452M->2452M(4096M) 3.929ms
[4437.378s][info][gc,cpu         ] GC(1271) User=0.03s Sys=0.00s Real=0.01s
[4437.378s][info][gc,marking     ] GC(1271) Concurrent Mark 960.232ms
[4437.378s][info][gc,marking     ] GC(1271) Concurrent Rebuild Remembered Sets and Scrub Regions
[4437.791s][info][gc,marking     ] GC(1271) Concurrent Rebuild Remembered Sets and Scrub Regions 412.896ms
[4437.791s][info][gc,start       ] GC(1271) Pause Cleanup
[4437.792s][info][gc             ] GC(1271) Pause Cleanup 2916M->2916M(4096M) 0.116ms
[4437.792s][info][gc,cpu         ] GC(1271) User=0.00s Sys=0.00s Real=0.00s
[4437.792s][info][gc,marking     ] GC(1271) Concurrent Clear Claimed Marks
[4437.792s][info][gc,marking     ] GC(1271) Concurrent Clear Claimed Marks 0.024ms
[4437.792s][info][gc,marking     ] GC(1271) Concurrent Cleanup for Next Mark
[4437.797s][info][gc,marking     ] GC(1271) Concurrent Cleanup for Next Mark 5.170ms
[4437.797s][info][gc             ] GC(1271) Concurrent Mark Cycle 1567.989ms
.[4438.535s][info][gc,start       ] GC(1272) Pause Young (Prepare Mixed) (G1 Evacuation Pause)
[4438.535s][info][gc,task        ] GC(1272) Using 6 workers of 6 for evacuation
[4438.657s][info][gc,phases      ] GC(1272)   Pre Evacuate Collection Set: 0.30ms
[4438.657s][info][gc,phases      ] GC(1272)   Merge Heap Roots: 0.53ms
[4438.657s][info][gc,phases      ] GC(1272)   Evacuate Collection Set: 120.14ms
[4438.657s][info][gc,phases      ] GC(1272)   Post Evacuate Collection Set: 0.99ms
[4438.657s][info][gc,phases      ] GC(1272)   Other: 0.08ms
[4438.657s][info][gc,heap        ] GC(1272) Eden regions: 1114->0(1095)
[4438.657s][info][gc,heap        ] GC(1272) Survivor regions: 114->116(154)
[4438.657s][info][gc,heap        ] GC(1272) Old regions: 507->538
[4438.657s][info][gc,heap        ] GC(1272) Humongous regions: 80->80
[4438.657s][info][gc,metaspace   ] GC(1272) Metaspace: 28879K(29248K)->28879K(29248K) NonClass: 24010K(24192K)->24010K(24192K) Class: 4868K(5056K)->4868K(5056K)
[4438.657s][info][gc             ] GC(1272) Pause Young (Prepare Mixed) (G1 Evacuation Pause) 3628M->1466M(4096M) 122.178ms
[4438.657s][info][gc,cpu         ] GC(1272) User=0.72s Sys=0.00s Real=0.12s
..[4440.817s][info][gc,start       ] GC(1273) Pause Young (Mixed) (G1 Evacuation Pause)
[4440.817s][info][gc,task        ] GC(1273) Using 6 workers of 6 for evacuation
[4440.951s][info][gc,phases      ] GC(1273)   Pre Evacuate Collection Set: 0.38ms
[4440.951s][info][gc,phases      ] GC(1273)   Merge Heap Roots: 0.72ms
[4440.951s][info][gc,phases      ] GC(1273)   Evacuate Collection Set: 131.51ms
[4440.951s][info][gc,phases      ] GC(1273)   Post Evacuate Collection Set: 0.93ms
[4440.951s][info][gc,phases      ] GC(1273)   Other: 0.08ms
[4440.951s][info][gc,heap        ] GC(1273) Eden regions: 1095->0(1119)
[4440.951s][info][gc,heap        ] GC(1273) Survivor regions: 116->109(152)
[4440.951s][info][gc,heap        ] GC(1273) Old regions: 538->473
[4440.951s][info][gc,heap        ] GC(1273) Humongous regions: 80->80
[4440.951s][info][gc,metaspace   ] GC(1273) Metaspace: 28879K(29248K)->28879K(29248K) NonClass: 24010K(24192K)->24010K(24192K) Class: 4868K(5056K)->4868K(5056K)
[4440.951s][info][gc             ] GC(1273) Pause Young (Mixed) (G1 Evacuation Pause) 3656M->1322M(4096M) 133.754ms
[4440.951s][info][gc,cpu         ] GC(1273) User=0.79s Sys=0.00s Real=0.14s
...[4443.150s][info][gc,start       ] GC(1274) Pause Young (Concurrent Start) (G1 Evacuation Pause)
[4443.150s][info][gc,task        ] GC(1274) Using 6 workers of 6 for evacuation
[4443.274s][info][gc,phases      ] GC(1274)   Pre Evacuate Collection Set: 0.35ms
[4443.274s][info][gc,phases      ] GC(1274)   Merge Heap Roots: 0.48ms
[4443.274s][info][gc,phases      ] GC(1274)   Evacuate Collection Set: 122.64ms
[4443.274s][info][gc,phases      ] GC(1274)   Post Evacuate Collection Set: 0.87ms
[4443.274s][info][gc,phases      ] GC(1274)   Other: 0.11ms
[4443.274s][info][gc,heap        ] GC(1274) Eden regions: 1119->0(1114)
[4443.274s][info][gc,heap        ] GC(1274) Survivor regions: 109->114(154)
[4443.274s][info][gc,heap        ] GC(1274) Old regions: 473->507
[4443.274s][info][gc,heap        ] GC(1274) Humongous regions: 80->80
[4443.274s][info][gc,metaspace   ] GC(1274) Metaspace: 28879K(29248K)->28879K(29248K) NonClass: 24010K(24192K)->24010K(24192K) Class: 4868K(5056K)->4868K(5056K)
[4443.274s][info][gc             ] GC(1274) Pause Young (Concurrent Start) (G1 Evacuation Pause) 3560M->1399M(4096M) 124.585ms
[4443.274s][info][gc             ] GC(1275) Concurrent Mark Cycle
[4443.274s][info][gc,marking     ] GC(1275) Concurrent Scan Root Regions
[4443.274s][info][gc,cpu         ] GC(1274) User=0.74s Sys=0.00s Real=0.12s
[4443.459s][info][gc,marking     ] GC(1275) Concurrent Scan Root Regions 184.840ms
[4443.459s][info][gc,marking     ] GC(1275) Concurrent Mark
[4443.459s][info][gc,marking     ] GC(1275) Concurrent Mark From Roots
[4443.459s][info][gc,task        ] GC(1275) Using 2 workers of 2 for marking
.[4444.453s][info][gc,marking     ] GC(1275) Concurrent Mark From Roots 994.086ms
[4444.453s][info][gc,marking     ] GC(1275) Concurrent Preclean
[4444.454s][info][gc,marking     ] GC(1275) Concurrent Preclean 0.121ms
[4444.455s][info][gc,start       ] GC(1275) Pause Remark
[4444.459s][info][gc             ] GC(1275) Pause Remark 2525M->2525M(4096M) 4.151ms
[4444.459s][info][gc,cpu         ] GC(1275) User=0.03s Sys=0.00s Real=0.01s
[4444.460s][info][gc,marking     ] GC(1275) Concurrent Mark 1000.466ms
[4444.460s][info][gc,marking     ] GC(1275) Concurrent Rebuild Remembered Sets and Scrub Regions
[4444.795s][info][gc,marking     ] GC(1275) Concurrent Rebuild Remembered Sets and Scrub Regions 335.420ms
[4444.795s][info][gc,start       ] GC(1275) Pause Cleanup
[4444.795s][info][gc             ] GC(1275) Pause Cleanup 2831M->2831M(4096M) 0.126ms
[4444.796s][info][gc,cpu         ] GC(1275) User=0.00s Sys=0.00s Real=0.00s
[4444.796s][info][gc,marking     ] GC(1275) Concurrent Clear Claimed Marks
[4444.796s][info][gc,marking     ] GC(1275) Concurrent Clear Claimed Marks 0.030ms
[4444.796s][info][gc,marking     ] GC(1275) Concurrent Cleanup for Next Mark
[4444.801s][info][gc,marking     ] GC(1275) Concurrent Cleanup for Next Mark 5.700ms
[4444.802s][info][gc             ] GC(1275) Concurrent Mark Cycle 1527.219ms
.[4445.484s][info][gc,start       ] GC(1276) Pause Young (Prepare Mixed) (G1 Evacuation Pause)
[4445.484s][info][gc,task        ] GC(1276) Using 6 workers of 6 for evacuation
[4445.611s][info][gc,phases      ] GC(1276)   Pre Evacuate Collection Set: 0.29ms
[4445.611s][info][gc,phases      ] GC(1276)   Merge Heap Roots: 0.53ms
[4445.611s][info][gc,phases      ] GC(1276)   Evacuate Collection Set: 124.76ms
[4445.611s][info][gc,phases      ] GC(1276)   Post Evacuate Collection Set: 1.00ms
[4445.611s][info][gc,phases      ] GC(1276)   Other: 0.09ms
[4445.611s][info][gc,heap        ] GC(1276) Eden regions: 1114->0(1090)
[4445.611s][info][gc,heap        ] GC(1276) Survivor regions: 114->119(154)
[4445.611s][info][gc,heap        ] GC(1276) Old regions: 507->537
[4445.611s][info][gc,heap        ] GC(1276) Humongous regions: 80->80
[4445.611s][info][gc,metaspace   ] GC(1276) Metaspace: 28879K(29248K)->28879K(29248K) NonClass: 24010K(24192K)->24010K(24192K) Class: 4868K(5056K)->4868K(5056K)
[4445.611s][info][gc             ] GC(1276) Pause Young (Prepare Mixed) (G1 Evacuation Pause) 3627M->1471M(4096M) 126.819ms
[4445.611s][info][gc,cpu         ] GC(1276) User=0.76s Sys=0.00s Real=0.13s
..[4447.798s][info][gc,start       ] GC(1277) Pause Young (Mixed) (G1 Evacuation Pause)
[4447.798s][info][gc,task        ] GC(1277) Using 6 workers of 6 for evacuation
[4447.927s][info][gc,phases      ] GC(1277)   Pre Evacuate Collection Set: 0.36ms
[4447.927s][info][gc,phases      ] GC(1277)   Merge Heap Roots: 0.61ms
[4447.927s][info][gc,phases      ] GC(1277)   Evacuate Collection Set: 126.60ms
[4447.927s][info][gc,phases      ] GC(1277)   Post Evacuate Collection Set: 0.94ms
[4447.927s][info][gc,phases      ] GC(1277)   Other: 0.09ms
[4447.927s][info][gc,heap        ] GC(1277) Eden regions: 1090->0(1121)
[4447.927s][info][gc,heap        ] GC(1277) Survivor regions: 119->107(152)
[4447.927s][info][gc,heap        ] GC(1277) Old regions: 537->476
[4447.927s][info][gc,heap        ] GC(1277) Humongous regions: 80->80
[4447.927s][info][gc,metaspace   ] GC(1277) Metaspace: 28879K(29248K)->28879K(29248K) NonClass: 24010K(24192K)->24010K(24192K) Class: 4868K(5056K)->4868K(5056K)
[4447.927s][info][gc             ] GC(1277) Pause Young (Mixed) (G1 Evacuation Pause) 3651M->1324M(4096M) 128.717ms
[4447.927s][info][gc,cpu         ] GC(1277) User=0.77s Sys=0.00s Real=0.12s
..[4450.166s][info][gc,start       ] GC(1278) Pause Young (Concurrent Start) (G1 Evacuation Pause)
[4450.166s][info][gc,task        ] GC(1278) Using 6 workers of 6 for evacuation
[4450.288s][info][gc,phases      ] GC(1278)   Pre Evacuate Collection Set: 0.36ms
[4450.288s][info][gc,phases      ] GC(1278)   Merge Heap Roots: 0.45ms
[4450.288s][info][gc,phases      ] GC(1278)   Evacuate Collection Set: 120.67ms
[4450.288s][info][gc,phases      ] GC(1278)   Post Evacuate Collection Set: 0.87ms
[4450.288s][info][gc,phases      ] GC(1278)   Other: 0.10ms
[4450.288s][info][gc,heap        ] GC(1278) Eden regions: 1121->0(1114)
[4450.288s][info][gc,heap        ] GC(1278) Survivor regions: 107->114(154)
[4450.288s][info][gc,heap        ] GC(1278) Old regions: 476->508
[4450.288s][info][gc,heap        ] GC(1278) Humongous regions: 80->80
[4450.288s][info][gc,metaspace   ] GC(1278) Metaspace: 28879K(29248K)->28879K(29248K) NonClass: 24010K(24192K)->24010K(24192K) Class: 4868K(5056K)->4868K(5056K)
[4450.288s][info][gc             ] GC(1278) Pause Young (Concurrent Start) (G1 Evacuation Pause) 3566M->1401M(4096M) 122.596ms
[4450.288s][info][gc             ] GC(1279) Concurrent Mark Cycle
[4450.288s][info][gc,marking     ] GC(1279) Concurrent Scan Root Regions
[4450.288s][info][gc,cpu         ] GC(1278) User=0.73s Sys=0.00s Real=0.13s
.[4450.466s][info][gc,marking     ] GC(1279) Concurrent Scan Root Regions 177.479ms
[4450.466s][info][gc,marking     ] GC(1279) Concurrent Mark
[4450.466s][info][gc,marking     ] GC(1279) Concurrent Mark From Roots
[4450.466s][info][gc,task        ] GC(1279) Using 2 workers of 2 for marking
.[4451.466s][info][gc,marking     ] GC(1279) Concurrent Mark From Roots 1000.480ms
[4451.466s][info][gc,marking     ] GC(1279) Concurrent Preclean
[4451.466s][info][gc,marking     ] GC(1279) Concurrent Preclean 0.143ms
[4451.471s][info][gc,start       ] GC(1279) Pause Remark
[4451.474s][info][gc             ] GC(1279) Pause Remark 2527M->2527M(4096M) 3.160ms
[4451.474s][info][gc,cpu         ] GC(1279) User=0.01s Sys=0.00s Real=0.00s
[4451.474s][info][gc,marking     ] GC(1279) Concurrent Mark 1008.573ms
[4451.474s][info][gc,marking     ] GC(1279) Concurrent Rebuild Remembered Sets and Scrub Regions
[4451.893s][info][gc,marking     ] GC(1279) Concurrent Rebuild Remembered Sets and Scrub Regions 419.083ms
[4451.895s][info][gc,start       ] GC(1279) Pause Cleanup
[4451.895s][info][gc             ] GC(1279) Pause Cleanup 2949M->2949M(4096M) 0.129ms
[4451.895s][info][gc,cpu         ] GC(1279) User=0.00s Sys=0.00s Real=0.00s
[4451.895s][info][gc,marking     ] GC(1279) Concurrent Clear Claimed Marks
[4451.895s][info][gc,marking     ] GC(1279) Concurrent Clear Claimed Marks 0.038ms
[4451.895s][info][gc,marking     ] GC(1279) Concurrent Cleanup for Next Mark
[4451.901s][info][gc,marking     ] GC(1279) Concurrent Cleanup for Next Mark 5.429ms
[4451.901s][info][gc             ] GC(1279) Concurrent Mark Cycle 1612.630ms
.[4452.559s][info][gc,start       ] GC(1280) Pause Young (Prepare Mixed) (G1 Evacuation Pause)
[4452.559s][info][gc,task        ] GC(1280) Using 6 workers of 6 for evacuation
[4452.679s][info][gc,phases      ] GC(1280)   Pre Evacuate Collection Set: 0.31ms
[4452.679s][info][gc,phases      ] GC(1280)   Merge Heap Roots: 0.55ms
[4452.679s][info][gc,phases      ] GC(1280)   Evacuate Collection Set: 118.33ms
[4452.679s][info][gc,phases      ] GC(1280)   Post Evacuate Collection Set: 0.85ms
[4452.679s][info][gc,phases      ] GC(1280)   Other: 0.08ms
[4452.679s][info][gc,heap        ] GC(1280) Eden regions: 1114->0(1100)
[4452.679s][info][gc,heap        ] GC(1280) Survivor regions: 114->113(154)
[4452.679s][info][gc,heap        ] GC(1280) Old regions: 508->539
[4452.679s][info][gc,heap        ] GC(1280) Humongous regions: 80->80
[4452.679s][info][gc,metaspace   ] GC(1280) Metaspace: 28879K(29248K)->28879K(29248K) NonClass: 24010K(24192K)->24010K(24192K) Class: 4868K(5056K)->4868K(5056K)
[4452.679s][info][gc             ] GC(1280) Pause Young (Prepare Mixed) (G1 Evacuation Pause) 3629M->1462M(4096M) 120.259ms
[4452.679s][info][gc,cpu         ] GC(1280) User=0.72s Sys=0.00s Real=0.12s
..[4454.783s][info][gc,start       ] GC(1281) Pause Young (Mixed) (G1 Evacuation Pause)
[4454.783s][info][gc,task        ] GC(1281) Using 6 workers of 6 for evacuation
[4454.915s][info][gc,phases      ] GC(1281)   Pre Evacuate Collection Set: 0.37ms
[4454.915s][info][gc,phases      ] GC(1281)   Merge Heap Roots: 0.73ms
[4454.915s][info][gc,phases      ] GC(1281)   Evacuate Collection Set: 129.74ms
[4454.915s][info][gc,phases      ] GC(1281)   Post Evacuate Collection Set: 0.94ms
[4454.915s][info][gc,phases      ] GC(1281)   Other: 0.09ms
[4454.915s][info][gc,heap        ] GC(1281) Eden regions: 1100->0(1120)
[4454.915s][info][gc,heap        ] GC(1281) Survivor regions: 113->108(152)
[4454.915s][info][gc,heap        ] GC(1281) Old regions: 539->473
[4454.915s][info][gc,heap        ] GC(1281) Humongous regions: 80->80
[4454.915s][info][gc,metaspace   ] GC(1281) Metaspace: 28879K(29248K)->28879K(29248K) NonClass: 24010K(24192K)->24010K(24192K) Class: 4868K(5056K)->4868K(5056K)
[4454.915s][info][gc             ] GC(1281) Pause Young (Mixed) (G1 Evacuation Pause) 3662M->1320M(4096M) 132.013ms
[4454.915s][info][gc,cpu         ] GC(1281) User=0.79s Sys=0.00s Real=0.13s
..[4457.176s][info][gc,start       ] GC(1282) Pause Young (Concurrent Start) (G1 Evacuation Pause)
[4457.176s][info][gc,task        ] GC(1282) Using 6 workers of 6 for evacuation
[4457.293s][info][gc,phases      ] GC(1282)   Pre Evacuate Collection Set: 0.32ms
[4457.293s][info][gc,phases      ] GC(1282)   Merge Heap Roots: 0.45ms
[4457.293s][info][gc,phases      ] GC(1282)   Evacuate Collection Set: 114.63ms
[4457.293s][info][gc,phases      ] GC(1282)   Post Evacuate Collection Set: 0.86ms
[4457.293s][info][gc,phases      ] GC(1282)   Other: 0.10ms
[4457.293s][info][gc,heap        ] GC(1282) Eden regions: 1120->0(1118)
[4457.293s][info][gc,heap        ] GC(1282) Survivor regions: 108->110(154)
[4457.293s][info][gc,heap        ] GC(1282) Old regions: 473->505
[4457.293s][info][gc,heap        ] GC(1282) Humongous regions: 80->80
[4457.293s][info][gc,metaspace   ] GC(1282) Metaspace: 28879K(29248K)->28879K(29248K) NonClass: 24010K(24192K)->24010K(24192K) Class: 4868K(5056K)->4868K(5056K)
[4457.293s][info][gc             ] GC(1282) Pause Young (Concurrent Start) (G1 Evacuation Pause) 3560M->1389M(4096M) 116.510ms
[4457.293s][info][gc             ] GC(1283) Concurrent Mark Cycle
[4457.293s][info][gc,marking     ] GC(1283) Concurrent Scan Root Regions
[4457.293s][info][gc,cpu         ] GC(1282) User=0.70s Sys=0.00s Real=0.12s
.[4457.438s][info][gc,marking     ] GC(1283) Concurrent Scan Root Regions 145.419ms
[4457.438s][info][gc,marking     ] GC(1283) Concurrent Mark
[4457.438s][info][gc,marking     ] GC(1283) Concurrent Mark From Roots
[4457.438s][info][gc,task        ] GC(1283) Using 2 workers of 2 for marking
[4458.193s][info][gc,marking     ] GC(1283) Concurrent Mark From Roots 754.821ms
[4458.193s][info][gc,marking     ] GC(1283) Concurrent Preclean
[4458.193s][info][gc,marking     ] GC(1283) Concurrent Preclean 0.107ms
[4458.195s][info][gc,start       ] GC(1283) Pause Remark
[4458.197s][info][gc             ] GC(1283) Pause Remark 2199M->2199M(4096M) 2.724ms
[4458.197s][info][gc,cpu         ] GC(1283) User=0.01s Sys=0.00s Real=0.01s
[4458.197s][info][gc,marking     ] GC(1283) Concurrent Mark 759.249ms
[4458.197s][info][gc,marking     ] GC(1283) Concurrent Rebuild Remembered Sets and Scrub Regions
[4458.475s][info][gc,marking     ] GC(1283) Concurrent Rebuild Remembered Sets and Scrub Regions 277.343ms
[4458.476s][info][gc,start       ] GC(1283) Pause Cleanup
[4458.476s][info][gc             ] GC(1283) Pause Cleanup 2475M->2475M(4096M) 0.135ms
[4458.476s][info][gc,cpu         ] GC(1283) User=0.00s Sys=0.00s Real=0.00s
[4458.477s][info][gc,marking     ] GC(1283) Concurrent Clear Claimed Marks
[4458.477s][info][gc,marking     ] GC(1283) Concurrent Clear Claimed Marks 0.025ms
[4458.477s][info][gc,marking     ] GC(1283) Concurrent Cleanup for Next Mark
[4458.482s][info][gc,marking     ] GC(1283) Concurrent Cleanup for Next Mark 5.578ms
[4458.482s][info][gc             ] GC(1283) Concurrent Mark Cycle 1189.488ms
..[4459.546s][info][gc,start       ] GC(1284) Pause Young (Prepare Mixed) (G1 Evacuation Pause)
[4459.546s][info][gc,task        ] GC(1284) Using 6 workers of 6 for evacuation
[4459.664s][info][gc,phases      ] GC(1284)   Pre Evacuate Collection Set: 0.35ms
[4459.664s][info][gc,phases      ] GC(1284)   Merge Heap Roots: 0.50ms
[4459.664s][info][gc,phases      ] GC(1284)   Evacuate Collection Set: 116.52ms
[4459.664s][info][gc,phases      ] GC(1284)   Post Evacuate Collection Set: 0.92ms
[4459.665s][info][gc,phases      ] GC(1284)   Other: 0.09ms
[4459.665s][info][gc,heap        ] GC(1284) Eden regions: 1118->0(1102)
[4459.665s][info][gc,heap        ] GC(1284) Survivor regions: 110->113(154)
[4459.665s][info][gc,heap        ] GC(1284) Old regions: 505->537
[4459.665s][info][gc,heap        ] GC(1284) Humongous regions: 80->80
[4459.665s][info][gc,metaspace   ] GC(1284) Metaspace: 28879K(29248K)->28879K(29248K) NonClass: 24010K(24192K)->24010K(24192K) Class: 4868K(5056K)->4868K(5056K)
[4459.665s][info][gc             ] GC(1284) Pause Young (Prepare Mixed) (G1 Evacuation Pause) 3625M->1457M(4096M) 118.509ms
[4459.665s][info][gc,cpu         ] GC(1284) User=0.71s Sys=0.00s Real=0.12s
..[4461.828s][info][gc,start       ] GC(1285) Pause Young (Mixed) (G1 Evacuation Pause)
[4461.828s][info][gc,task        ] GC(1285) Using 6 workers of 6 for evacuation
[4461.959s][info][gc,phases      ] GC(1285)   Pre Evacuate Collection Set: 0.40ms
[4461.959s][info][gc,phases      ] GC(1285)   Merge Heap Roots: 0.69ms
[4461.959s][info][gc,phases      ] GC(1285)   Evacuate Collection Set: 129.09ms
[4461.959s][info][gc,phases      ] GC(1285)   Post Evacuate Collection Set: 0.93ms
[4461.959s][info][gc,phases      ] GC(1285)   Other: 0.09ms
[4461.959s][info][gc,heap        ] GC(1285) Eden regions: 1102->0(1121)
[4461.959s][info][gc,heap        ] GC(1285) Survivor regions: 113->107(152)
[4461.959s][info][gc,heap        ] GC(1285) Old regions: 537->474
[4461.959s][info][gc,heap        ] GC(1285) Humongous regions: 80->80
[4461.959s][info][gc,metaspace   ] GC(1285) Metaspace: 28879K(29248K)->28879K(29248K) NonClass: 24010K(24192K)->24010K(24192K) Class: 4868K(5056K)->4868K(5056K)
[4461.959s][info][gc             ] GC(1285) Pause Young (Mixed) (G1 Evacuation Pause) 3661M->1320M(4096M) 131.365ms
[4461.959s][info][gc,cpu         ] GC(1285) User=0.78s Sys=0.00s Real=0.13s
..[4464.185s][info][gc,start       ] GC(1286) Pause Young (Concurrent Start) (G1 Evacuation Pause)
[4464.185s][info][gc,task        ] GC(1286) Using 6 workers of 6 for evacuation
[4464.305s][info][gc,phases      ] GC(1286)   Pre Evacuate Collection Set: 0.33ms
[4464.305s][info][gc,phases      ] GC(1286)   Merge Heap Roots: 0.47ms
[4464.305s][info][gc,phases      ] GC(1286)   Evacuate Collection Set: 118.18ms
[4464.305s][info][gc,phases      ] GC(1286)   Post Evacuate Collection Set: 0.85ms
[4464.305s][info][gc,phases      ] GC(1286)   Other: 0.11ms
[4464.305s][info][gc,heap        ] GC(1286) Eden regions: 1121->0(1116)
[4464.305s][info][gc,heap        ] GC(1286) Survivor regions: 107->112(154)
[4464.305s][info][gc,heap        ] GC(1286) Old regions: 474->506
[4464.305s][info][gc,heap        ] GC(1286) Humongous regions: 80->80
[4464.305s][info][gc,metaspace   ] GC(1286) Metaspace: 28879K(29248K)->28879K(29248K) NonClass: 24010K(24192K)->24010K(24192K) Class: 4868K(5056K)->4868K(5056K)
[4464.305s][info][gc             ] GC(1286) Pause Young (Concurrent Start) (G1 Evacuation Pause) 3562M->1394M(4096M) 120.071ms
[4464.305s][info][gc             ] GC(1287) Concurrent Mark Cycle
[4464.305s][info][gc,marking     ] GC(1287) Concurrent Scan Root Regions
[4464.305s][info][gc,cpu         ] GC(1286) User=0.71s Sys=0.00s Real=0.12s
[4464.487s][info][gc,marking     ] GC(1287) Concurrent Scan Root Regions 182.304ms
[4464.487s][info][gc,marking     ] GC(1287) Concurrent Mark
[4464.487s][info][gc,marking     ] GC(1287) Concurrent Mark From Roots
[4464.487s][info][gc,task        ] GC(1287) Using 2 workers of 2 for marking
.[4465.592s][info][gc,marking     ] GC(1287) Concurrent Mark From Roots 1104.227ms
[4465.592s][info][gc,marking     ] GC(1287) Concurrent Preclean
[4465.592s][info][gc,marking     ] GC(1287) Concurrent Preclean 0.134ms
[4465.594s][info][gc,start       ] GC(1287) Pause Remark
[4465.597s][info][gc             ] GC(1287) Pause Remark 2680M->2680M(4096M) 2.559ms
[4465.597s][info][gc,cpu         ] GC(1287) User=0.01s Sys=0.00s Real=0.00s
[4465.597s][info][gc,marking     ] GC(1287) Concurrent Mark 1109.179ms
[4465.597s][info][gc,marking     ] GC(1287) Concurrent Rebuild Remembered Sets and Scrub Regions
.[4466.071s][info][gc,marking     ] GC(1287) Concurrent Rebuild Remembered Sets and Scrub Regions 474.801ms
[4466.073s][info][gc,start       ] GC(1287) Pause Cleanup
[4466.073s][info][gc             ] GC(1287) Pause Cleanup 3178M->3178M(4096M) 0.135ms
[4466.073s][info][gc,cpu         ] GC(1287) User=0.00s Sys=0.00s Real=0.00s
[4466.073s][info][gc,marking     ] GC(1287) Concurrent Clear Claimed Marks
[4466.073s][info][gc,marking     ] GC(1287) Concurrent Clear Claimed Marks 0.026ms
[4466.073s][info][gc,marking     ] GC(1287) Concurrent Cleanup for Next Mark
[4466.079s][info][gc,marking     ] GC(1287) Concurrent Cleanup for Next Mark 6.161ms
[4466.079s][info][gc             ] GC(1287) Concurrent Mark Cycle 1774.141ms
[4466.530s][info][gc,start       ] GC(1288) Pause Young (Prepare Mixed) (G1 Evacuation Pause)
[4466.530s][info][gc,task        ] GC(1288) Using 6 workers of 6 for evacuation
[4466.650s][info][gc,phases      ] GC(1288)   Pre Evacuate Collection Set: 0.30ms
[4466.650s][info][gc,phases      ] GC(1288)   Merge Heap Roots: 0.51ms
[4466.650s][info][gc,phases      ] GC(1288)   Evacuate Collection Set: 118.18ms
[4466.650s][info][gc,phases      ] GC(1288)   Post Evacuate Collection Set: 0.90ms
[4466.650s][info][gc,phases      ] GC(1288)   Other: 0.10ms
[4466.650s][info][gc,heap        ] GC(1288) Eden regions: 1116->0(1102)
[4466.650s][info][gc,heap        ] GC(1288) Survivor regions: 112->113(154)
[4466.650s][info][gc,heap        ] GC(1288) Old regions: 506->537
[4466.650s][info][gc,heap        ] GC(1288) Humongous regions: 80->80
[4466.650s][info][gc,metaspace   ] GC(1288) Metaspace: 28879K(29248K)->28879K(29248K) NonClass: 24010K(24192K)->24010K(24192K) Class: 4868K(5056K)->4868K(5056K)
[4466.650s][info][gc             ] GC(1288) Pause Young (Prepare Mixed) (G1 Evacuation Pause) 3626M->1458M(4096M) 120.115ms
[4466.650s][info][gc,cpu         ] GC(1288) User=0.71s Sys=0.00s Real=0.12s
...[4468.818s][info][gc,start       ] GC(1289) Pause Young (Mixed) (G1 Evacuation Pause)
[4468.818s][info][gc,task        ] GC(1289) Using 6 workers of 6 for evacuation
[4468.952s][info][gc,phases      ] GC(1289)   Pre Evacuate Collection Set: 0.36ms
[4468.952s][info][gc,phases      ] GC(1289)   Merge Heap Roots: 0.74ms
[4468.952s][info][gc,phases      ] GC(1289)   Evacuate Collection Set: 131.27ms
[4468.952s][info][gc,phases      ] GC(1289)   Post Evacuate Collection Set: 0.92ms
[4468.952s][info][gc,phases      ] GC(1289)   Other: 0.09ms
[4468.952s][info][gc,heap        ] GC(1289) Eden regions: 1102->0(1121)
[4468.952s][info][gc,heap        ] GC(1289) Survivor regions: 113->107(152)
[4468.952s][info][gc,heap        ] GC(1289) Old regions: 537->475
[4468.952s][info][gc,heap        ] GC(1289) Humongous regions: 80->80
[4468.952s][info][gc,metaspace   ] GC(1289) Metaspace: 28879K(29248K)->28879K(29248K) NonClass: 24010K(24192K)->24010K(24192K) Class: 4868K(5056K)->4868K(5056K)
[4468.952s][info][gc             ] GC(1289) Pause Young (Mixed) (G1 Evacuation Pause) 3662M->1322M(4096M) 133.508ms
[4468.952s][info][gc,cpu         ] GC(1289) User=0.80s Sys=0.00s Real=0.13s
..[4471.108s][info][gc,start       ] GC(1290) Pause Young (Concurrent Start) (G1 Evacuation Pause)
[4471.108s][info][gc,task        ] GC(1290) Using 6 workers of 6 for evacuation
[4471.226s][info][gc,phases      ] GC(1290)   Pre Evacuate Collection Set: 0.37ms
[4471.226s][info][gc,phases      ] GC(1290)   Merge Heap Roots: 0.48ms
[4471.226s][info][gc,phases      ] GC(1290)   Evacuate Collection Set: 115.86ms
[4471.226s][info][gc,phases      ] GC(1290)   Post Evacuate Collection Set: 0.87ms
[4471.226s][info][gc,phases      ] GC(1290)   Other: 0.12ms
[4471.226s][info][gc,heap        ] GC(1290) Eden regions: 1121->0(1117)
[4471.226s][info][gc,heap        ] GC(1290) Survivor regions: 107->111(154)
[4471.226s][info][gc,heap        ] GC(1290) Old regions: 475->506
[4471.226s][info][gc,heap        ] GC(1290) Humongous regions: 80->80
[4471.226s][info][gc,metaspace   ] GC(1290) Metaspace: 28879K(29248K)->28879K(29248K) NonClass: 24010K(24192K)->24010K(24192K) Class: 4868K(5056K)->4868K(5056K)
[4471.226s][info][gc             ] GC(1290) Pause Young (Concurrent Start) (G1 Evacuation Pause) 3564M->1392M(4096M) 117.820ms
[4471.226s][info][gc             ] GC(1291) Concurrent Mark Cycle
[4471.226s][info][gc,marking     ] GC(1291) Concurrent Scan Root Regions
[4471.226s][info][gc,cpu         ] GC(1290) User=0.70s Sys=0.00s Real=0.11s
[4471.417s][info][gc,marking     ] GC(1291) Concurrent Scan Root Regions 190.863ms
[4471.417s][info][gc,marking     ] GC(1291) Concurrent Mark
[4471.417s][info][gc,marking     ] GC(1291) Concurrent Mark From Roots
[4471.417s][info][gc,task        ] GC(1291) Using 2 workers of 2 for marking
.[4472.461s][info][gc,marking     ] GC(1291) Concurrent Mark From Roots 1043.487ms
[4472.461s][info][gc,marking     ] GC(1291) Concurrent Preclean
[4472.461s][info][gc,marking     ] GC(1291) Concurrent Preclean 0.095ms
[4472.461s][info][gc,start       ] GC(1291) Pause Remark
[4472.465s][info][gc             ] GC(1291) Pause Remark 2610M->2610M(4096M) 3.796ms
[4472.465s][info][gc,cpu         ] GC(1291) User=0.02s Sys=0.00s Real=0.00s
[4472.465s][info][gc,marking     ] GC(1291) Concurrent Mark 1047.690ms
[4472.465s][info][gc,marking     ] GC(1291) Concurrent Rebuild Remembered Sets and Scrub Regions
. (rIR:aIR:PR = 8025:8048:8049) (tPR = 120147) [OK] 
  4472s: Performance info:
         Transaction,    Success,    Partial,     Failed,   Receipts, AvgBarcode, 
             Overall,     485782,          0,          0,     461674,      59.48, 
         Response times:
             Request,    Success,    Partial,     Failed,   SkipFail,     Probes,    Samples,      min,      p50,      p90,      p95,      p99,      max, 
       TotalPurchase,     461726,          0,          0,          0,     354708,     436745,      200,     7200,   104000,   153000,   248000,   576000,
     InStorePurchase,     242594,          0,          0,          0,     187231,     230072,      300,     7200,   104000,   153000,   248000,   576000,
      OnlinePurchase,     170724,          0,          0,          0,     130431,     160416,      200,     6900,   102000,   153000,   247000,   576000,
        InstPurchase,      48408,          0,          0,          0,      37046,      46257,      400,     7600,   105000,   155000,   252000,   496000,
          AssocOfCat,        481,          0,          0,          0,        392,        580,    22000,    42000,   165800,   213950,   303570,   329000,
      AssocOfProduct,       4807,          0,          0,          0,       3310,       4269,      500,     6800,    94000,   148500,   248300,   319000,
      BusinessReport,       1210,          0,          0,          0,       1037,       1391,    29000,    53000,   184800,   242000,   320000,   497000,
          CustBuyBeh,       4831,          0,          0,          0,       3369,       4296,      200,     5100,    89000,   138000,   230000,   362000,
       ProductReturn,      12780,          0,          0,          0,       9802,      12399,      300,     6300,   104000,   153000,   244000,   576000,

  4472s: (59%)   IR =   8164 [4472.861s][info][gc,marking     ] GC(1291) Concurrent Rebuild Remembered Sets and Scrub Regions 396.088ms
[4472.861s][info][gc,start       ] GC(1291) Pause Cleanup
[4472.861s][info][gc             ] GC(1291) Pause Cleanup 2958M->2958M(4096M) 0.104ms
[4472.861s][info][gc,cpu         ] GC(1291) User=0.00s Sys=0.00s Real=0.00s
[4472.861s][info][gc,marking     ] GC(1291) Concurrent Clear Claimed Marks
[4472.861s][info][gc,marking     ] GC(1291) Concurrent Clear Claimed Marks 0.022ms
[4472.861s][info][gc,marking     ] GC(1291) Concurrent Cleanup for Next Mark
[4472.866s][info][gc,marking     ] GC(1291) Concurrent Cleanup for Next Mark 4.228ms
[4472.866s][info][gc             ] GC(1291) Concurrent Mark Cycle 1639.364ms
[4473.543s][info][gc,start       ] GC(1292) Pause Young (Prepare Mixed) (G1 Evacuation Pause)
[4473.543s][info][gc,task        ] GC(1292) Using 6 workers of 6 for evacuation
[4473.663s][info][gc,phases      ] GC(1292)   Pre Evacuate Collection Set: 0.32ms
[4473.663s][info][gc,phases      ] GC(1292)   Merge Heap Roots: 0.50ms
[4473.663s][info][gc,phases      ] GC(1292)   Evacuate Collection Set: 118.42ms
[4473.663s][info][gc,phases      ] GC(1292)   Post Evacuate Collection Set: 0.93ms
[4473.663s][info][gc,phases      ] GC(1292)   Other: 0.09ms
[4473.663s][info][gc,heap        ] GC(1292) Eden regions: 1117->0(1099)
[4473.663s][info][gc,heap        ] GC(1292) Survivor regions: 111->114(154)
[4473.663s][info][gc,heap        ] GC(1292) Old regions: 506->538
[4473.663s][info][gc,heap        ] GC(1292) Humongous regions: 80->80
[4473.663s][info][gc,metaspace   ] GC(1292) Metaspace: 28880K(29248K)->28880K(29248K) NonClass: 24011K(24192K)->24011K(24192K) Class: 4868K(5056K)->4868K(5056K)
[4473.663s][info][gc             ] GC(1292) Pause Young (Prepare Mixed) (G1 Evacuation Pause) 3626M->1461M(4096M) 120.391ms
[4473.663s][info][gc,cpu         ] GC(1292) User=0.71s Sys=0.00s Real=0.12s
..[4475.783s][info][gc,start       ] GC(1293) Pause Young (Mixed) (G1 Evacuation Pause)
[4475.783s][info][gc,task        ] GC(1293) Using 6 workers of 6 for evacuation
[4475.916s][info][gc,phases      ] GC(1293)   Pre Evacuate Collection Set: 0.37ms
[4475.916s][info][gc,phases      ] GC(1293)   Merge Heap Roots: 0.76ms
[4475.916s][info][gc,phases      ] GC(1293)   Evacuate Collection Set: 130.25ms
[4475.916s][info][gc,phases      ] GC(1293)   Post Evacuate Collection Set: 0.92ms
[4475.916s][info][gc,phases      ] GC(1293)   Other: 0.83ms
[4475.916s][info][gc,heap        ] GC(1293) Eden regions: 1099->0(1120)
[4475.916s][info][gc,heap        ] GC(1293) Survivor regions: 114->108(152)
[4475.916s][info][gc,heap        ] GC(1293) Old regions: 538->474
[4475.916s][info][gc,heap        ] GC(1293) Humongous regions: 80->80
[4475.916s][info][gc,metaspace   ] GC(1293) Metaspace: 28880K(29248K)->28880K(29248K) NonClass: 24011K(24192K)->24011K(24192K) Class: 4868K(5056K)->4868K(5056K)
[4475.916s][info][gc             ] GC(1293) Pause Young (Mixed) (G1 Evacuation Pause) 3659M->1322M(4096M) 133.286ms
[4475.916s][info][gc,cpu         ] GC(1293) User=0.79s Sys=0.00s Real=0.13s
...[4478.110s][info][gc,start       ] GC(1294) Pause Young (Concurrent Start) (G1 Evacuation Pause)
[4478.110s][info][gc,task        ] GC(1294) Using 6 workers of 6 for evacuation
[4478.228s][info][gc,phases      ] GC(1294)   Pre Evacuate Collection Set: 0.37ms
[4478.228s][info][gc,phases      ] GC(1294)   Merge Heap Roots: 0.48ms
[4478.228s][info][gc,phases      ] GC(1294)   Evacuate Collection Set: 116.64ms
[4478.228s][info][gc,phases      ] GC(1294)   Post Evacuate Collection Set: 0.88ms
[4478.228s][info][gc,phases      ] GC(1294)   Other: 0.11ms
[4478.228s][info][gc,heap        ] GC(1294) Eden regions: 1120->0(1117)
[4478.228s][info][gc,heap        ] GC(1294) Survivor regions: 108->111(154)
[4478.228s][info][gc,heap        ] GC(1294) Old regions: 474->506
[4478.228s][info][gc,heap        ] GC(1294) Humongous regions: 80->80
[4478.228s][info][gc,metaspace   ] GC(1294) Metaspace: 28880K(29248K)->28880K(29248K) NonClass: 24011K(24192K)->24011K(24192K) Class: 4868K(5056K)->4868K(5056K)
[4478.228s][info][gc             ] GC(1294) Pause Young (Concurrent Start) (G1 Evacuation Pause) 3562M->1393M(4096M) 118.609ms
[4478.228s][info][gc             ] GC(1295) Concurrent Mark Cycle
[4478.228s][info][gc,marking     ] GC(1295) Concurrent Scan Root Regions
[4478.228s][info][gc,cpu         ] GC(1294) User=0.70s Sys=0.00s Real=0.12s
[4478.421s][info][gc,marking     ] GC(1295) Concurrent Scan Root Regions 192.654ms
[4478.421s][info][gc,marking     ] GC(1295) Concurrent Mark
[4478.421s][info][gc,marking     ] GC(1295) Concurrent Mark From Roots
[4478.421s][info][gc,task        ] GC(1295) Using 2 workers of 2 for marking
.[4479.502s][info][gc,marking     ] GC(1295) Concurrent Mark From Roots 1081.050ms
[4479.502s][info][gc,marking     ] GC(1295) Concurrent Preclean
[4479.502s][info][gc,marking     ] GC(1295) Concurrent Preclean 0.093ms
[4479.502s][info][gc,start       ] GC(1295) Pause Remark
[4479.505s][info][gc             ] GC(1295) Pause Remark 2695M->2695M(4096M) 2.679ms
[4479.505s][info][gc,cpu         ] GC(1295) User=0.01s Sys=0.00s Real=0.00s
[4479.505s][info][gc,marking     ] GC(1295) Concurrent Mark 1084.100ms
[4479.505s][info][gc,marking     ] GC(1295) Concurrent Rebuild Remembered Sets and Scrub Regions
[4479.911s][info][gc,marking     ] GC(1295) Concurrent Rebuild Remembered Sets and Scrub Regions 405.545ms
[4479.912s][info][gc,start       ] GC(1295) Pause Cleanup
[4479.912s][info][gc             ] GC(1295) Pause Cleanup 3067M->3067M(4096M) 0.119ms
[4479.912s][info][gc,cpu         ] GC(1295) User=0.00s Sys=0.00s Real=0.00s
[4479.912s][info][gc,marking     ] GC(1295) Concurrent Clear Claimed Marks
[4479.912s][info][gc,marking     ] GC(1295) Concurrent Clear Claimed Marks 0.037ms
[4479.912s][info][gc,marking     ] GC(1295) Concurrent Cleanup for Next Mark
[4479.918s][info][gc,marking     ] GC(1295) Concurrent Cleanup for Next Mark 5.621ms
[4479.918s][info][gc             ] GC(1295) Concurrent Mark Cycle 1689.820ms
.[4480.440s][info][gc,start       ] GC(1296) Pause Young (Prepare Mixed) (G1 Evacuation Pause)
[4480.440s][info][gc,task        ] GC(1296) Using 6 workers of 6 for evacuation
[4480.563s][info][gc,phases      ] GC(1296)   Pre Evacuate Collection Set: 0.29ms
[4480.563s][info][gc,phases      ] GC(1296)   Merge Heap Roots: 0.52ms
[4480.563s][info][gc,phases      ] GC(1296)   Evacuate Collection Set: 121.99ms
[4480.563s][info][gc,phases      ] GC(1296)   Post Evacuate Collection Set: 0.92ms
[4480.563s][info][gc,phases      ] GC(1296)   Other: 0.10ms
[4480.563s][info][gc,heap        ] GC(1296) Eden regions: 1117->0(1095)
[4480.563s][info][gc,heap        ] GC(1296) Survivor regions: 111->116(154)
[4480.563s][info][gc,heap        ] GC(1296) Old regions: 506->538
[4480.563s][info][gc,heap        ] GC(1296) Humongous regions: 80->80
[4480.563s][info][gc,metaspace   ] GC(1296) Metaspace: 28880K(29248K)->28880K(29248K) NonClass: 24011K(24192K)->24011K(24192K) Class: 4868K(5056K)->4868K(5056K)
[4480.564s][info][gc             ] GC(1296) Pause Young (Prepare Mixed) (G1 Evacuation Pause) 3627M->1465M(4096M) 123.941ms
[4480.564s][info][gc,cpu         ] GC(1296) User=0.74s Sys=0.00s Real=0.12s
..|[4482.706s][info][gc,start       ] GC(1297) Pause Young (Mixed) (G1 Evacuation Pause)
[4482.706s][info][gc,task        ] GC(1297) Using 6 workers of 6 for evacuation
[4482.839s][info][gc,phases      ] GC(1297)   Pre Evacuate Collection Set: 0.34ms
[4482.839s][info][gc,phases      ] GC(1297)   Merge Heap Roots: 0.67ms
[4482.839s][info][gc,phases      ] GC(1297)   Evacuate Collection Set: 130.75ms
[4482.839s][info][gc,phases      ] GC(1297)   Post Evacuate Collection Set: 0.92ms
[4482.839s][info][gc,phases      ] GC(1297)   Other: 0.09ms
[4482.839s][info][gc,heap        ] GC(1297) Eden regions: 1095->0(1119)
[4482.839s][info][gc,heap        ] GC(1297) Survivor regions: 116->109(152)
[4482.839s][info][gc,heap        ] GC(1297) Old regions: 538->473
[4482.839s][info][gc,heap        ] GC(1297) Humongous regions: 80->80
[4482.839s][info][gc,metaspace   ] GC(1297) Metaspace: 28880K(29248K)->28880K(29248K) NonClass: 24011K(24192K)->24011K(24192K) Class: 4868K(5056K)->4868K(5056K)
[4482.839s][info][gc             ] GC(1297) Pause Young (Mixed) (G1 Evacuation Pause) 3655M->1323M(4096M) 132.904ms
[4482.839s][info][gc,cpu         ] GC(1297) User=0.79s Sys=0.00s Real=0.14s
..[4485.018s][info][gc,start       ] GC(1298) Pause Young (Concurrent Start) (G1 Evacuation Pause)
[4485.018s][info][gc,task        ] GC(1298) Using 6 workers of 6 for evacuation
[4485.140s][info][gc,phases      ] GC(1298)   Pre Evacuate Collection Set: 0.36ms
[4485.140s][info][gc,phases      ] GC(1298)   Merge Heap Roots: 0.47ms
[4485.140s][info][gc,phases      ] GC(1298)   Evacuate Collection Set: 120.39ms
[4485.140s][info][gc,phases      ] GC(1298)   Post Evacuate Collection Set: 0.88ms
[4485.140s][info][gc,phases      ] GC(1298)   Other: 0.10ms
[4485.140s][info][gc,heap        ] GC(1298) Eden regions: 1119->0(1114)
[4485.140s][info][gc,heap        ] GC(1298) Survivor regions: 109->114(154)
[4485.140s][info][gc,heap        ] GC(1298) Old regions: 473->505
[4485.140s][info][gc,heap        ] GC(1298) Humongous regions: 80->80
[4485.140s][info][gc,metaspace   ] GC(1298) Metaspace: 28880K(29248K)->28880K(29248K) NonClass: 24011K(24192K)->24011K(24192K) Class: 4868K(5056K)->4868K(5056K)
[4485.140s][info][gc             ] GC(1298) Pause Young (Concurrent Start) (G1 Evacuation Pause) 3561M->1396M(4096M) 122.348ms
[4485.140s][info][gc             ] GC(1299) Concurrent Mark Cycle
[4485.140s][info][gc,marking     ] GC(1299) Concurrent Scan Root Regions
[4485.140s][info][gc,cpu         ] GC(1298) User=0.72s Sys=0.00s Real=0.12s
.[4485.297s][info][gc,marking     ] GC(1299) Concurrent Scan Root Regions 156.856ms
[4485.297s][info][gc,marking     ] GC(1299) Concurrent Mark
[4485.297s][info][gc,marking     ] GC(1299) Concurrent Mark From Roots
[4485.297s][info][gc,task        ] GC(1299) Using 2 workers of 2 for marking
[4486.113s][info][gc,marking     ] GC(1299) Concurrent Mark From Roots 815.786ms
[4486.113s][info][gc,marking     ] GC(1299) Concurrent Preclean
[4486.113s][info][gc,marking     ] GC(1299) Concurrent Preclean 0.108ms
[4486.114s][info][gc,start       ] GC(1299) Pause Remark
[4486.117s][info][gc             ] GC(1299) Pause Remark 2288M->2288M(4096M) 3.178ms
[4486.117s][info][gc,cpu         ] GC(1299) User=0.02s Sys=0.00s Real=0.00s
[4486.119s][info][gc,marking     ] GC(1299) Concurrent Mark 822.231ms
[4486.119s][info][gc,marking     ] GC(1299) Concurrent Rebuild Remembered Sets and Scrub Regions
.[4486.529s][info][gc,marking     ] GC(1299) Concurrent Rebuild Remembered Sets and Scrub Regions 409.982ms
[4486.529s][info][gc,start       ] GC(1299) Pause Cleanup
[4486.529s][info][gc             ] GC(1299) Pause Cleanup 2824M->2824M(4096M) 0.122ms
[4486.529s][info][gc,cpu         ] GC(1299) User=0.00s Sys=0.00s Real=0.00s
[4486.529s][info][gc,marking     ] GC(1299) Concurrent Clear Claimed Marks
[4486.529s][info][gc,marking     ] GC(1299) Concurrent Clear Claimed Marks 0.024ms
[4486.529s][info][gc,marking     ] GC(1299) Concurrent Cleanup for Next Mark
[4486.534s][info][gc,marking     ] GC(1299) Concurrent Cleanup for Next Mark 4.640ms
[4486.534s][info][gc             ] GC(1299) Concurrent Mark Cycle 1394.281ms
.[4487.335s][info][gc,start       ] GC(1300) Pause Young (Prepare Mixed) (G1 Evacuation Pause)
[4487.335s][info][gc,task        ] GC(1300) Using 6 workers of 6 for evacuation
[4487.461s][info][gc,phases      ] GC(1300)   Pre Evacuate Collection Set: 0.33ms
[4487.461s][info][gc,phases      ] GC(1300)   Merge Heap Roots: 0.50ms
[4487.461s][info][gc,phases      ] GC(1300)   Evacuate Collection Set: 123.75ms
[4487.461s][info][gc,phases      ] GC(1300)   Post Evacuate Collection Set: 0.96ms
[4487.461s][info][gc,phases      ] GC(1300)   Other: 0.09ms
[4487.461s][info][gc,heap        ] GC(1300) Eden regions: 1114->0(1094)
[4487.461s][info][gc,heap        ] GC(1300) Survivor regions: 114->117(154)
[4487.461s][info][gc,heap        ] GC(1300) Old regions: 505->537
[4487.461s][info][gc,heap        ] GC(1300) Humongous regions: 80->80
[4487.461s][info][gc,metaspace   ] GC(1300) Metaspace: 28880K(29248K)->28880K(29248K) NonClass: 24011K(24192K)->24011K(24192K) Class: 4868K(5056K)->4868K(5056K)
[4487.461s][info][gc             ] GC(1300) Pause Young (Prepare Mixed) (G1 Evacuation Pause) 3624M->1466M(4096M) 125.755ms
[4487.461s][info][gc,cpu         ] GC(1300) User=0.75s Sys=0.00s Real=0.13s
..[4489.568s][info][gc,start       ] GC(1301) Pause Young (Mixed) (G1 Evacuation Pause)
[4489.568s][info][gc,task        ] GC(1301) Using 6 workers of 6 for evacuation
[4489.706s][info][gc,phases      ] GC(1301)   Pre Evacuate Collection Set: 0.35ms
[4489.706s][info][gc,phases      ] GC(1301)   Merge Heap Roots: 0.68ms
[4489.706s][info][gc,phases      ] GC(1301)   Evacuate Collection Set: 135.95ms
[4489.706s][info][gc,phases      ] GC(1301)   Post Evacuate Collection Set: 0.95ms
[4489.706s][info][gc,phases      ] GC(1301)   Other: 0.08ms
[4489.706s][info][gc,heap        ] GC(1301) Eden regions: 1094->0(1114)
[4489.706s][info][gc,heap        ] GC(1301) Survivor regions: 117->114(152)
[4489.706s][info][gc,heap        ] GC(1301) Old regions: 537->475
[4489.706s][info][gc,heap        ] GC(1301) Humongous regions: 80->80
[4489.706s][info][gc,metaspace   ] GC(1301) Metaspace: 28880K(29248K)->28880K(29248K) NonClass: 24011K(24192K)->24011K(24192K) Class: 4868K(5056K)->4868K(5056K)
[4489.706s][info][gc             ] GC(1301) Pause Young (Mixed) (G1 Evacuation Pause) 3654M->1335M(4096M) 138.166ms
[4489.706s][info][gc,cpu         ] GC(1301) User=0.82s Sys=0.01s Real=0.13s
..[4491.870s][info][gc,start       ] GC(1302) Pause Young (Concurrent Start) (G1 Evacuation Pause)
[4491.870s][info][gc,task        ] GC(1302) Using 6 workers of 6 for evacuation
[4491.985s][info][gc,phases      ] GC(1302)   Pre Evacuate Collection Set: 0.36ms
[4491.985s][info][gc,phases      ] GC(1302)   Merge Heap Roots: 0.46ms
[4491.985s][info][gc,phases      ] GC(1302)   Evacuate Collection Set: 112.74ms
[4491.985s][info][gc,phases      ] GC(1302)   Post Evacuate Collection Set: 0.85ms
[4491.985s][info][gc,phases      ] GC(1302)   Other: 0.11ms
[4491.985s][info][gc,heap        ] GC(1302) Eden regions: 1114->0(1120)
[4491.985s][info][gc,heap        ] GC(1302) Survivor regions: 114->108(154)
[4491.985s][info][gc,heap        ] GC(1302) Old regions: 475->506
[4491.985s][info][gc,heap        ] GC(1302) Humongous regions: 80->80
[4491.985s][info][gc,metaspace   ] GC(1302) Metaspace: 28880K(29248K)->28880K(29248K) NonClass: 24011K(24192K)->24011K(24192K) Class: 4868K(5056K)->4868K(5056K)
[4491.985s][info][gc             ] GC(1302) Pause Young (Concurrent Start) (G1 Evacuation Pause) 3563M->1386M(4096M) 114.663ms
[4491.985s][info][gc             ] GC(1303) Concurrent Mark Cycle
[4491.985s][info][gc,marking     ] GC(1303) Concurrent Scan Root Regions
[4491.985s][info][gc,cpu         ] GC(1302) User=0.68s Sys=0.00s Real=0.11s
[4492.172s][info][gc,marking     ] GC(1303) Concurrent Scan Root Regions 186.452ms
[4492.172s][info][gc,marking     ] GC(1303) Concurrent Mark
[4492.172s][info][gc,marking     ] GC(1303) Concurrent Mark From Roots
[4492.172s][info][gc,task        ] GC(1303) Using 2 workers of 2 for marking
.[4493.166s][info][gc,marking     ] GC(1303) Concurrent Mark From Roots 993.955ms
[4493.166s][info][gc,marking     ] GC(1303) Concurrent Preclean
[4493.166s][info][gc,marking     ] GC(1303) Concurrent Preclean 0.118ms
[4493.168s][info][gc,start       ] GC(1303) Pause Remark
[4493.171s][info][gc             ] GC(1303) Pause Remark 2514M->2514M(4096M) 3.116ms
[4493.171s][info][gc,cpu         ] GC(1303) User=0.02s Sys=0.00s Real=0.00s
[4493.173s][info][gc,marking     ] GC(1303) Concurrent Mark 1001.059ms
[4493.173s][info][gc,marking     ] GC(1303) Concurrent Rebuild Remembered Sets and Scrub Regions
.[4493.547s][info][gc,marking     ] GC(1303) Concurrent Rebuild Remembered Sets and Scrub Regions 374.279ms
[4493.547s][info][gc,start       ] GC(1303) Pause Cleanup
[4493.547s][info][gc             ] GC(1303) Pause Cleanup 2985M->2985M(4096M) 0.116ms
[4493.547s][info][gc,cpu         ] GC(1303) User=0.00s Sys=0.00s Real=0.01s
[4493.548s][info][gc,marking     ] GC(1303) Concurrent Clear Claimed Marks
[4493.548s][info][gc,marking     ] GC(1303) Concurrent Clear Claimed Marks 0.028ms
[4493.548s][info][gc,marking     ] GC(1303) Concurrent Cleanup for Next Mark
[4493.553s][info][gc,marking     ] GC(1303) Concurrent Cleanup for Next Mark 5.176ms
[4493.553s][info][gc             ] GC(1303) Concurrent Mark Cycle 1568.007ms
[4494.166s][info][gc,start       ] GC(1304) Pause Young (Prepare Mixed) (G1 Evacuation Pause)
[4494.166s][info][gc,task        ] GC(1304) Using 6 workers of 6 for evacuation
[4494.282s][info][gc,phases      ] GC(1304)   Pre Evacuate Collection Set: 0.36ms
[4494.282s][info][gc,phases      ] GC(1304)   Merge Heap Roots: 0.50ms
[4494.282s][info][gc,phases      ] GC(1304)   Evacuate Collection Set: 114.17ms
[4494.282s][info][gc,phases      ] GC(1304)   Post Evacuate Collection Set: 0.95ms
[4494.282s][info][gc,phases      ] GC(1304)   Other: 0.09ms
[4494.282s][info][gc,heap        ] GC(1304) Eden regions: 1120->0(1107)
[4494.282s][info][gc,heap        ] GC(1304) Survivor regions: 108->110(154)
[4494.282s][info][gc,heap        ] GC(1304) Old regions: 506->538
[4494.282s][info][gc,heap        ] GC(1304) Humongous regions: 80->80
[4494.282s][info][gc,metaspace   ] GC(1304) Metaspace: 28880K(29248K)->28880K(29248K) NonClass: 24011K(24192K)->24011K(24192K) Class: 4868K(5056K)->4868K(5056K)
[4494.282s][info][gc             ] GC(1304) Pause Young (Prepare Mixed) (G1 Evacuation Pause) 3626M->1454M(4096M) 116.219ms
[4494.282s][info][gc,cpu         ] GC(1304) User=0.69s Sys=0.00s Real=0.12s
...[4496.526s][info][gc,start       ] GC(1305) Pause Young (Mixed) (G1 Evacuation Pause)
[4496.526s][info][gc,task        ] GC(1305) Using 6 workers of 6 for evacuation
[4496.668s][info][gc,phases      ] GC(1305)   Pre Evacuate Collection Set: 0.33ms
[4496.668s][info][gc,phases      ] GC(1305)   Merge Heap Roots: 0.73ms
[4496.668s][info][gc,phases      ] GC(1305)   Evacuate Collection Set: 140.22ms
[4496.668s][info][gc,phases      ] GC(1305)   Post Evacuate Collection Set: 0.93ms
[4496.668s][info][gc,phases      ] GC(1305)   Other: 0.08ms
[4496.668s][info][gc,heap        ] GC(1305) Eden regions: 1107->0(1113)
[4496.668s][info][gc,heap        ] GC(1305) Survivor regions: 110->115(153)
[4496.668s][info][gc,heap        ] GC(1305) Old regions: 538->472
[4496.668s][info][gc,heap        ] GC(1305) Humongous regions: 80->80
[4496.668s][info][gc,metaspace   ] GC(1305) Metaspace: 28880K(29248K)->28880K(29248K) NonClass: 24011K(24192K)->24011K(24192K) Class: 4868K(5056K)->4868K(5056K)
[4496.668s][info][gc             ] GC(1305) Pause Young (Mixed) (G1 Evacuation Pause) 3668M->1332M(4096M) 142.444ms
[4496.668s][info][gc,cpu         ] GC(1305) User=0.85s Sys=0.00s Real=0.15s
..[4498.798s][info][gc,start       ] GC(1306) Pause Young (Concurrent Start) (G1 Evacuation Pause)
[4498.798s][info][gc,task        ] GC(1306) Using 6 workers of 6 for evacuation
[4498.920s][info][gc,phases      ] GC(1306)   Pre Evacuate Collection Set: 0.38ms
[4498.920s][info][gc,phases      ] GC(1306)   Merge Heap Roots: 0.46ms
[4498.920s][info][gc,phases      ] GC(1306)   Evacuate Collection Set: 119.81ms
[4498.920s][info][gc,phases      ] GC(1306)   Post Evacuate Collection Set: 0.92ms
[4498.920s][info][gc,phases      ] GC(1306)   Other: 0.11ms
[4498.920s][info][gc,heap        ] GC(1306) Eden regions: 1113->0(1115)
[4498.920s][info][gc,heap        ] GC(1306) Survivor regions: 115->113(154)
[4498.920s][info][gc,heap        ] GC(1306) Old regions: 472->505
[4498.920s][info][gc,heap        ] GC(1306) Humongous regions: 80->80
[4498.920s][info][gc,metaspace   ] GC(1306) Metaspace: 28880K(29248K)->28880K(29248K) NonClass: 24011K(24192K)->24011K(24192K) Class: 4868K(5056K)->4868K(5056K)
[4498.920s][info][gc             ] GC(1306) Pause Young (Concurrent Start) (G1 Evacuation Pause) 3558M->1395M(4096M) 121.790ms
[4498.920s][info][gc             ] GC(1307) Concurrent Mark Cycle
[4498.920s][info][gc,marking     ] GC(1307) Concurrent Scan Root Regions
[4498.920s][info][gc,cpu         ] GC(1306) User=0.72s Sys=0.00s Real=0.12s
[4499.135s][info][gc,marking     ] GC(1307) Concurrent Scan Root Regions 215.090ms
[4499.135s][info][gc,marking     ] GC(1307) Concurrent Mark
[4499.135s][info][gc,marking     ] GC(1307) Concurrent Mark From Roots
[4499.135s][info][gc,task        ] GC(1307) Using 2 workers of 2 for marking
.[4500.183s][info][gc,marking     ] GC(1307) Concurrent Mark From Roots 1047.577ms
[4500.183s][info][gc,marking     ] GC(1307) Concurrent Preclean
[4500.183s][info][gc,marking     ] GC(1307) Concurrent Preclean 0.117ms
[4500.184s][info][gc,start       ] GC(1307) Pause Remark
[4500.187s][info][gc             ] GC(1307) Pause Remark 2637M->2637M(4096M) 3.012ms
[4500.187s][info][gc,cpu         ] GC(1307) User=0.02s Sys=0.00s Real=0.00s
[4500.187s][info][gc,marking     ] GC(1307) Concurrent Mark 1052.004ms
[4500.187s][info][gc,marking     ] GC(1307) Concurrent Rebuild Remembered Sets and Scrub Regions
.[4500.417s][info][gc,marking     ] GC(1307) Concurrent Rebuild Remembered Sets and Scrub Regions 230.040ms
[4500.418s][info][gc,start       ] GC(1307) Pause Cleanup
[4500.418s][info][gc             ] GC(1307) Pause Cleanup 2863M->2863M(4096M) 0.110ms
[4500.418s][info][gc,cpu         ] GC(1307) User=0.00s Sys=0.00s Real=0.00s
[4500.418s][info][gc,marking     ] GC(1307) Concurrent Clear Claimed Marks
[4500.418s][info][gc,marking     ] GC(1307) Concurrent Clear Claimed Marks 0.019ms
[4500.418s][info][gc,marking     ] GC(1307) Concurrent Cleanup for Next Mark
[4500.444s][info][gc,marking     ] GC(1307) Concurrent Cleanup for Next Mark 25.410ms
[4500.444s][info][gc             ] GC(1307) Concurrent Mark Cycle 1523.799ms
[4501.103s][info][gc,start       ] GC(1308) Pause Young (Prepare Mixed) (G1 Evacuation Pause)
[4501.103s][info][gc,task        ] GC(1308) Using 6 workers of 6 for evacuation
[4501.219s][info][gc,phases      ] GC(1308)   Pre Evacuate Collection Set: 0.34ms
[4501.219s][info][gc,phases      ] GC(1308)   Merge Heap Roots: 0.52ms
[4501.219s][info][gc,phases      ] GC(1308)   Evacuate Collection Set: 114.69ms
[4501.219s][info][gc,phases      ] GC(1308)   Post Evacuate Collection Set: 0.92ms
[4501.219s][info][gc,phases      ] GC(1308)   Other: 0.08ms
[4501.219s][info][gc,heap        ] GC(1308) Eden regions: 1115->0(1109)
[4501.219s][info][gc,heap        ] GC(1308) Survivor regions: 113->109(154)
[4501.219s][info][gc,heap        ] GC(1308) Old regions: 505->538
[4501.219s][info][gc,heap        ] GC(1308) Humongous regions: 80->80
[4501.219s][info][gc,metaspace   ] GC(1308) Metaspace: 28880K(29248K)->28880K(29248K) NonClass: 24011K(24192K)->24011K(24192K) Class: 4868K(5056K)->4868K(5056K)
[4501.219s][info][gc             ] GC(1308) Pause Young (Prepare Mixed) (G1 Evacuation Pause) 3625M->1452M(4096M) 116.712ms
[4501.219s][info][gc,cpu         ] GC(1308) User=0.70s Sys=0.00s Real=0.12s
..[4503.331s][info][gc,start       ] GC(1309) Pause Young (Mixed) (G1 Evacuation Pause)
[4503.331s][info][gc,task        ] GC(1309) Using 6 workers of 6 for evacuation
[4503.468s][info][gc,phases      ] GC(1309)   Pre Evacuate Collection Set: 0.34ms
[4503.468s][info][gc,phases      ] GC(1309)   Merge Heap Roots: 0.79ms
[4503.468s][info][gc,phases      ] GC(1309)   Evacuate Collection Set: 135.13ms
[4503.468s][info][gc,phases      ] GC(1309)   Post Evacuate Collection Set: 0.93ms
[4503.468s][info][gc,phases      ] GC(1309)   Other: 0.08ms
[4503.468s][info][gc,heap        ] GC(1309) Eden regions: 1109->0(1117)
[4503.468s][info][gc,heap        ] GC(1309) Survivor regions: 109->111(153)
[4503.468s][info][gc,heap        ] GC(1309) Old regions: 538->476
[4503.468s][info][gc,heap        ] GC(1309) Humongous regions: 80->80
[4503.468s][info][gc,metaspace   ] GC(1309) Metaspace: 28880K(29248K)->28880K(29248K) NonClass: 24011K(24192K)->24011K(24192K) Class: 4868K(5056K)->4868K(5056K)
[4503.468s][info][gc             ] GC(1309) Pause Young (Mixed) (G1 Evacuation Pause) 3670M->1332M(4096M) 137.401ms
[4503.468s][info][gc,cpu         ] GC(1309) User=0.82s Sys=0.00s Real=0.14s
...[4505.624s][info][gc,start       ] GC(1310) Pause Young (Concurrent Start) (G1 Evacuation Pause)
[4505.624s][info][gc,task        ] GC(1310) Using 6 workers of 6 for evacuation
[4505.745s][info][gc,phases      ] GC(1310)   Pre Evacuate Collection Set: 0.36ms
[4505.745s][info][gc,phases      ] GC(1310)   Merge Heap Roots: 0.47ms
[4505.745s][info][gc,phases      ] GC(1310)   Evacuate Collection Set: 119.62ms
[4505.745s][info][gc,phases      ] GC(1310)   Post Evacuate Collection Set: 0.86ms
[4505.745s][info][gc,phases      ] GC(1310)   Other: 0.13ms
[4505.745s][info][gc,heap        ] GC(1310) Eden regions: 1117->0(1114)
[4505.745s][info][gc,heap        ] GC(1310) Survivor regions: 111->114(154)
[4505.745s][info][gc,heap        ] GC(1310) Old regions: 476->508
[4505.745s][info][gc,heap        ] GC(1310) Humongous regions: 80->80
[4505.745s][info][gc,metaspace   ] GC(1310) Metaspace: 28880K(29248K)->28880K(29248K) NonClass: 24011K(24192K)->24011K(24192K) Class: 4868K(5056K)->4868K(5056K)
[4505.745s][info][gc             ] GC(1310) Pause Young (Concurrent Start) (G1 Evacuation Pause) 3566M->1402M(4096M) 121.576ms
[4505.745s][info][gc             ] GC(1311) Concurrent Mark Cycle
[4505.745s][info][gc,marking     ] GC(1311) Concurrent Scan Root Regions
[4505.745s][info][gc,cpu         ] GC(1310) User=0.73s Sys=0.00s Real=0.12s
[4505.893s][info][gc,marking     ] GC(1311) Concurrent Scan Root Regions 147.273ms
[4505.893s][info][gc,marking     ] GC(1311) Concurrent Mark
[4505.893s][info][gc,marking     ] GC(1311) Concurrent Mark From Roots
[4505.893s][info][gc,task        ] GC(1311) Using 2 workers of 2 for marking
.[4506.626s][info][gc,marking     ] GC(1311) Concurrent Mark From Roots 732.828ms
[4506.626s][info][gc,marking     ] GC(1311) Concurrent Preclean
[4506.626s][info][gc,marking     ] GC(1311) Concurrent Preclean 0.119ms
[4506.628s][info][gc,start       ] GC(1311) Pause Remark
[4506.632s][info][gc             ] GC(1311) Pause Remark 2215M->2215M(4096M) 3.119ms
[4506.632s][info][gc,cpu         ] GC(1311) User=0.02s Sys=0.00s Real=0.00s
[4506.633s][info][gc,marking     ] GC(1311) Concurrent Mark 739.904ms
[4506.633s][info][gc,marking     ] GC(1311) Concurrent Rebuild Remembered Sets and Scrub Regions
[4506.917s][info][gc,marking     ] GC(1311) Concurrent Rebuild Remembered Sets and Scrub Regions 283.928ms
[4506.919s][info][gc,start       ] GC(1311) Pause Cleanup
[4506.920s][info][gc             ] GC(1311) Pause Cleanup 2444M->2444M(4096M) 0.130ms
[4506.920s][info][gc,cpu         ] GC(1311) User=0.00s Sys=0.00s Real=0.00s
[4506.920s][info][gc,marking     ] GC(1311) Concurrent Clear Claimed Marks
[4506.920s][info][gc,marking     ] GC(1311) Concurrent Clear Claimed Marks 0.025ms
[4506.920s][info][gc,marking     ] GC(1311) Concurrent Cleanup for Next Mark
[4506.926s][info][gc,marking     ] GC(1311) Concurrent Cleanup for Next Mark 5.963ms
[4506.926s][info][gc             ] GC(1311) Concurrent Mark Cycle 1180.267ms
.[4507.910s][info][gc,start       ] GC(1312) Pause Young (Prepare Mixed) (G1 Evacuation Pause)
[4507.910s][info][gc,task        ] GC(1312) Using 6 workers of 6 for evacuation
[4508.026s][info][gc,phases      ] GC(1312)   Pre Evacuate Collection Set: 0.32ms
[4508.026s][info][gc,phases      ] GC(1312)   Merge Heap Roots: 0.49ms
[4508.026s][info][gc,phases      ] GC(1312)   Evacuate Collection Set: 113.96ms
[4508.026s][info][gc,phases      ] GC(1312)   Post Evacuate Collection Set: 0.93ms
[4508.026s][info][gc,phases      ] GC(1312)   Other: 0.09ms
[4508.026s][info][gc,heap        ] GC(1312) Eden regions: 1114->0(1107)
[4508.026s][info][gc,heap        ] GC(1312) Survivor regions: 114->109(154)
[4508.026s][info][gc,heap        ] GC(1312) Old regions: 508->540
[4508.026s][info][gc,heap        ] GC(1312) Humongous regions: 80->80
[4508.026s][info][gc,metaspace   ] GC(1312) Metaspace: 28880K(29248K)->28880K(29248K) NonClass: 24011K(24192K)->24011K(24192K) Class: 4868K(5056K)->4868K(5056K)
[4508.026s][info][gc             ] GC(1312) Pause Young (Prepare Mixed) (G1 Evacuation Pause) 3630M->1456M(4096M) 115.912ms
[4508.026s][info][gc,cpu         ] GC(1312) User=0.69s Sys=0.00s Real=0.11s
..[4510.260s][info][gc,start       ] GC(1313) Pause Young (Mixed) (G1 Evacuation Pause)
[4510.260s][info][gc,task        ] GC(1313) Using 6 workers of 6 for evacuation
[4510.394s][info][gc,phases      ] GC(1313)   Pre Evacuate Collection Set: 0.38ms
[4510.394s][info][gc,phases      ] GC(1313)   Merge Heap Roots: 0.72ms
[4510.394s][info][gc,phases      ] GC(1313)   Evacuate Collection Set: 131.79ms
[4510.394s][info][gc,phases      ] GC(1313)   Post Evacuate Collection Set: 0.91ms
[4510.394s][info][gc,phases      ] GC(1313)   Other: 0.09ms
[4510.394s][info][gc,heap        ] GC(1313) Eden regions: 1107->0(1118)
[4510.394s][info][gc,heap        ] GC(1313) Survivor regions: 109->110(152)
[4510.394s][info][gc,heap        ] GC(1313) Old regions: 540->475
[4510.394s][info][gc,heap        ] GC(1313) Humongous regions: 80->80
[4510.394s][info][gc,metaspace   ] GC(1313) Metaspace: 28880K(29248K)->28880K(29248K) NonClass: 24011K(24192K)->24011K(24192K) Class: 4868K(5056K)->4868K(5056K)
[4510.394s][info][gc             ] GC(1313) Pause Young (Mixed) (G1 Evacuation Pause) 3670M->1328M(4096M) 134.031ms
[4510.394s][info][gc,cpu         ] GC(1313) User=0.79s Sys=0.01s Real=0.13s
...[4512.661s][info][gc,start       ] GC(1314) Pause Young (Concurrent Start) (G1 Evacuation Pause)
[4512.661s][info][gc,task        ] GC(1314) Using 6 workers of 6 for evacuation
[4512.780s][info][gc,phases      ] GC(1314)   Pre Evacuate Collection Set: 0.34ms
[4512.780s][info][gc,phases      ] GC(1314)   Merge Heap Roots: 0.43ms
[4512.780s][info][gc,phases      ] GC(1314)   Evacuate Collection Set: 117.32ms
[4512.780s][info][gc,phases      ] GC(1314)   Post Evacuate Collection Set: 0.90ms
[4512.780s][info][gc,phases      ] GC(1314)   Other: 0.11ms
[4512.780s][info][gc,heap        ] GC(1314) Eden regions: 1118->0(1115)
[4512.780s][info][gc,heap        ] GC(1314) Survivor regions: 110->113(154)
[4512.780s][info][gc,heap        ] GC(1314) Old regions: 475->507
[4512.780s][info][gc,heap        ] GC(1314) Humongous regions: 80->80
[4512.780s][info][gc,metaspace   ] GC(1314) Metaspace: 28880K(29248K)->28880K(29248K) NonClass: 24011K(24192K)->24011K(24192K) Class: 4868K(5056K)->4868K(5056K)
[4512.780s][info][gc             ] GC(1314) Pause Young (Concurrent Start) (G1 Evacuation Pause) 3564M->1397M(4096M) 119.247ms
[4512.780s][info][gc             ] GC(1315) Concurrent Mark Cycle
[4512.780s][info][gc,marking     ] GC(1315) Concurrent Scan Root Regions
[4512.780s][info][gc,cpu         ] GC(1314) User=0.71s Sys=0.00s Real=0.12s
[4512.941s][info][gc,marking     ] GC(1315) Concurrent Scan Root Regions 160.968ms
[4512.941s][info][gc,marking     ] GC(1315) Concurrent Mark
[4512.941s][info][gc,marking     ] GC(1315) Concurrent Mark From Roots
[4512.941s][info][gc,task        ] GC(1315) Using 2 workers of 2 for marking
[4513.726s][info][gc,marking     ] GC(1315) Concurrent Mark From Roots 784.895ms
[4513.726s][info][gc,marking     ] GC(1315) Concurrent Preclean
[4513.726s][info][gc,marking     ] GC(1315) Concurrent Preclean 0.071ms
[4513.730s][info][gc,start       ] GC(1315) Pause Remark
[4513.733s][info][gc             ] GC(1315) Pause Remark 2203M->2203M(4096M) 3.561ms
[4513.733s][info][gc,cpu         ] GC(1315) User=0.02s Sys=0.00s Real=0.00s
[4513.733s][info][gc,marking     ] GC(1315) Concurrent Mark 792.249ms
[4513.733s][info][gc,marking     ] GC(1315) Concurrent Rebuild Remembered Sets and Scrub Regions
.[4514.009s][info][gc,marking     ] GC(1315) Concurrent Rebuild Remembered Sets and Scrub Regions 275.424ms
[4514.009s][info][gc,start       ] GC(1315) Pause Cleanup
[4514.009s][info][gc             ] GC(1315) Pause Cleanup 2512M->2512M(4096M) 0.112ms
[4514.009s][info][gc,cpu         ] GC(1315) User=0.00s Sys=0.00s Real=0.00s
[4514.010s][info][gc,marking     ] GC(1315) Concurrent Clear Claimed Marks
[4514.010s][info][gc,marking     ] GC(1315) Concurrent Clear Claimed Marks 0.028ms
[4514.010s][info][gc,marking     ] GC(1315) Concurrent Cleanup for Next Mark
[4514.100s][info][gc,marking     ] GC(1315) Concurrent Cleanup for Next Mark 90.062ms
[4514.100s][info][gc             ] GC(1315) Concurrent Mark Cycle 1320.220ms
[4514.943s][info][gc,start       ] GC(1316) Pause Young (Prepare Mixed) (G1 Evacuation Pause)
[4514.943s][info][gc,task        ] GC(1316) Using 6 workers of 6 for evacuation
[4515.068s][info][gc,phases      ] GC(1316)   Pre Evacuate Collection Set: 0.30ms
[4515.068s][info][gc,phases      ] GC(1316)   Merge Heap Roots: 0.52ms
[4515.068s][info][gc,phases      ] GC(1316)   Evacuate Collection Set: 122.85ms
[4515.068s][info][gc,phases      ] GC(1316)   Post Evacuate Collection Set: 0.90ms
[4515.068s][info][gc,phases      ] GC(1316)   Other: 0.09ms
[4515.068s][info][gc,heap        ] GC(1316) Eden regions: 1115->0(1096)
[4515.068s][info][gc,heap        ] GC(1316) Survivor regions: 113->115(154)
[4515.068s][info][gc,heap        ] GC(1316) Old regions: 507->539
[4515.068s][info][gc,heap        ] GC(1316) Humongous regions: 80->80
[4515.068s][info][gc,metaspace   ] GC(1316) Metaspace: 28880K(29248K)->28880K(29248K) NonClass: 24011K(24192K)->24011K(24192K) Class: 4868K(5056K)->4868K(5056K)
[4515.068s][info][gc             ] GC(1316) Pause Young (Prepare Mixed) (G1 Evacuation Pause) 3627M->1466M(4096M) 124.781ms
[4515.068s][info][gc,cpu         ] GC(1316) User=0.75s Sys=0.00s Real=0.13s
...[4517.195s][info][gc,start       ] GC(1317) Pause Young (Mixed) (G1 Evacuation Pause)
[4517.195s][info][gc,task        ] GC(1317) Using 6 workers of 6 for evacuation
[4517.334s][info][gc,phases      ] GC(1317)   Pre Evacuate Collection Set: 0.35ms
[4517.334s][info][gc,phases      ] GC(1317)   Merge Heap Roots: 0.59ms
[4517.334s][info][gc,phases      ] GC(1317)   Evacuate Collection Set: 136.77ms
[4517.334s][info][gc,phases      ] GC(1317)   Post Evacuate Collection Set: 0.93ms
[4517.334s][info][gc,phases      ] GC(1317)   Other: 0.09ms
[4517.334s][info][gc,heap        ] GC(1317) Eden regions: 1096->0(1114)
[4517.334s][info][gc,heap        ] GC(1317) Survivor regions: 115->114(152)
[4517.334s][info][gc,heap        ] GC(1317) Old regions: 539->475
[4517.334s][info][gc,heap        ] GC(1317) Humongous regions: 80->80
[4517.334s][info][gc,metaspace   ] GC(1317) Metaspace: 28880K(29248K)->28880K(29248K) NonClass: 24011K(24192K)->24011K(24192K) Class: 4868K(5056K)->4868K(5056K)
[4517.334s][info][gc             ] GC(1317) Pause Young (Mixed) (G1 Evacuation Pause) 3658M->1336M(4096M) 138.861ms
[4517.334s][info][gc,cpu         ] GC(1317) User=0.83s Sys=0.00s Real=0.14s
..[4519.439s][info][gc,start       ] GC(1318) Pause Young (Concurrent Start) (G1 Evacuation Pause)
[4519.439s][info][gc,task        ] GC(1318) Using 6 workers of 6 for evacuation
[4519.559s][info][gc,phases      ] GC(1318)   Pre Evacuate Collection Set: 0.35ms
[4519.559s][info][gc,phases      ] GC(1318)   Merge Heap Roots: 0.48ms
[4519.559s][info][gc,phases      ] GC(1318)   Evacuate Collection Set: 118.09ms
[4519.559s][info][gc,phases      ] GC(1318)   Post Evacuate Collection Set: 0.87ms
[4519.559s][info][gc,phases      ] GC(1318)   Other: 0.10ms
[4519.559s][info][gc,heap        ] GC(1318) Eden regions: 1114->0(1116)
[4519.559s][info][gc,heap        ] GC(1318) Survivor regions: 114->112(154)
[4519.559s][info][gc,heap        ] GC(1318) Old regions: 475->508
[4519.559s][info][gc,heap        ] GC(1318) Humongous regions: 80->80
[4519.559s][info][gc,metaspace   ] GC(1318) Metaspace: 28880K(29248K)->28880K(29248K) NonClass: 24011K(24192K)->24011K(24192K) Class: 4868K(5056K)->4868K(5056K)
[4519.559s][info][gc             ] GC(1318) Pause Young (Concurrent Start) (G1 Evacuation Pause) 3564M->1398M(4096M) 120.036ms
[4519.559s][info][gc             ] GC(1319) Concurrent Mark Cycle
[4519.559s][info][gc,marking     ] GC(1319) Concurrent Scan Root Regions
[4519.559s][info][gc,cpu         ] GC(1318) User=0.72s Sys=0.00s Real=0.12s
[4519.744s][info][gc,marking     ] GC(1319) Concurrent Scan Root Regions 185.579ms
[4519.744s][info][gc,marking     ] GC(1319) Concurrent Mark
[4519.744s][info][gc,marking     ] GC(1319) Concurrent Mark From Roots
[4519.744s][info][gc,task        ] GC(1319) Using 2 workers of 2 for marking
.[4520.497s][info][gc,marking     ] GC(1319) Concurrent Mark From Roots 752.335ms
[4520.497s][info][gc,marking     ] GC(1319) Concurrent Preclean
[4520.497s][info][gc,marking     ] GC(1319) Concurrent Preclean 0.097ms
[4520.498s][info][gc,start       ] GC(1319) Pause Remark
[4520.500s][info][gc             ] GC(1319) Pause Remark 2248M->2248M(4096M) 2.367ms
[4520.500s][info][gc,cpu         ] GC(1319) User=0.01s Sys=0.00s Real=0.00s
[4520.500s][info][gc,marking     ] GC(1319) Concurrent Mark 755.953ms
[4520.500s][info][gc,marking     ] GC(1319) Concurrent Rebuild Remembered Sets and Scrub Regions
[4520.823s][info][gc,marking     ] GC(1319) Concurrent Rebuild Remembered Sets and Scrub Regions 323.222ms
[4520.824s][info][gc,start       ] GC(1319) Pause Cleanup
[4520.824s][info][gc             ] GC(1319) Pause Cleanup 2533M->2533M(4096M) 0.115ms
[4520.824s][info][gc,cpu         ] GC(1319) User=0.00s Sys=0.00s Real=0.00s
[4520.825s][info][gc,marking     ] GC(1319) Concurrent Clear Claimed Marks
[4520.825s][info][gc,marking     ] GC(1319) Concurrent Clear Claimed Marks 0.036ms
[4520.825s][info][gc,marking     ] GC(1319) Concurrent Cleanup for Next Mark
[4520.841s][info][gc,marking     ] GC(1319) Concurrent Cleanup for Next Mark 16.321ms
[4520.841s][info][gc             ] GC(1319) Concurrent Mark Cycle 1282.503ms
.[4521.842s][info][gc,start       ] GC(1320) Pause Young (Prepare Mixed) (G1 Evacuation Pause)
[4521.842s][info][gc,task        ] GC(1320) Using 6 workers of 6 for evacuation
[4521.960s][info][gc,phases      ] GC(1320)   Pre Evacuate Collection Set: 0.36ms
[4521.960s][info][gc,phases      ] GC(1320)   Merge Heap Roots: 0.59ms
[4521.960s][info][gc,phases      ] GC(1320)   Evacuate Collection Set: 116.35ms
[4521.960s][info][gc,phases      ] GC(1320)   Post Evacuate Collection Set: 0.93ms
[4521.960s][info][gc,phases      ] GC(1320)   Other: 0.09ms
[4521.960s][info][gc,heap        ] GC(1320) Eden regions: 1116->0(1102)
[4521.960s][info][gc,heap        ] GC(1320) Survivor regions: 112->112(154)
[4521.960s][info][gc,heap        ] GC(1320) Old regions: 508->539
[4521.960s][info][gc,heap        ] GC(1320) Humongous regions: 80->80
[4521.960s][info][gc,metaspace   ] GC(1320) Metaspace: 28880K(29248K)->28880K(29248K) NonClass: 24011K(24192K)->24011K(24192K) Class: 4868K(5056K)->4868K(5056K)
[4521.960s][info][gc             ] GC(1320) Pause Young (Prepare Mixed) (G1 Evacuation Pause) 3630M->1460M(4096M) 118.480ms
[4521.960s][info][gc,cpu         ] GC(1320) User=0.71s Sys=0.00s Real=0.12s
..[4524.064s][info][gc,start       ] GC(1321) Pause Young (Mixed) (G1 Evacuation Pause)
[4524.064s][info][gc,task        ] GC(1321) Using 6 workers of 6 for evacuation
[4524.199s][info][gc,phases      ] GC(1321)   Pre Evacuate Collection Set: 0.35ms
[4524.199s][info][gc,phases      ] GC(1321)   Merge Heap Roots: 0.73ms
[4524.199s][info][gc,phases      ] GC(1321)   Evacuate Collection Set: 132.61ms
[4524.199s][info][gc,phases      ] GC(1321)   Post Evacuate Collection Set: 0.97ms
[4524.199s][info][gc,phases      ] GC(1321)   Other: 0.09ms
[4524.199s][info][gc,heap        ] GC(1321) Eden regions: 1102->0(1119)
[4524.199s][info][gc,heap        ] GC(1321) Survivor regions: 112->109(152)
[4524.199s][info][gc,heap        ] GC(1321) Old regions: 539->474
[4524.199s][info][gc,heap        ] GC(1321) Humongous regions: 80->80
[4524.199s][info][gc,metaspace   ] GC(1321) Metaspace: 28880K(29248K)->28880K(29248K) NonClass: 24011K(24192K)->24011K(24192K) Class: 4868K(5056K)->4868K(5056K)
[4524.199s][info][gc             ] GC(1321) Pause Young (Mixed) (G1 Evacuation Pause) 3664M->1325M(4096M) 134.889ms
[4524.199s][info][gc,cpu         ] GC(1321) User=0.81s Sys=0.00s Real=0.14s
...[4526.377s][info][gc,start       ] GC(1322) Pause Young (Concurrent Start) (G1 Evacuation Pause)
[4526.377s][info][gc,task        ] GC(1322) Using 6 workers of 6 for evacuation
[4526.495s][info][gc,phases      ] GC(1322)   Pre Evacuate Collection Set: 0.36ms
[4526.495s][info][gc,phases      ] GC(1322)   Merge Heap Roots: 0.51ms
[4526.495s][info][gc,phases      ] GC(1322)   Evacuate Collection Set: 115.84ms
[4526.495s][info][gc,phases      ] GC(1322)   Post Evacuate Collection Set: 0.92ms
[4526.495s][info][gc,phases      ] GC(1322)   Other: 0.11ms
[4526.495s][info][gc,heap        ] GC(1322) Eden regions: 1119->0(1118)
[4526.495s][info][gc,heap        ] GC(1322) Survivor regions: 109->110(154)
[4526.495s][info][gc,heap        ] GC(1322) Old regions: 474->506
[4526.495s][info][gc,heap        ] GC(1322) Humongous regions: 80->80
[4526.495s][info][gc,metaspace   ] GC(1322) Metaspace: 28880K(29248K)->28880K(29248K) NonClass: 24011K(24192K)->24011K(24192K) Class: 4868K(5056K)->4868K(5056K)
[4526.495s][info][gc             ] GC(1322) Pause Young (Concurrent Start) (G1 Evacuation Pause) 3563M->1391M(4096M) 117.867ms
[4526.495s][info][gc             ] GC(1323) Concurrent Mark Cycle
[4526.495s][info][gc,marking     ] GC(1323) Concurrent Scan Root Regions
[4526.495s][info][gc,cpu         ] GC(1322) User=0.70s Sys=0.00s Real=0.12s
[4526.644s][info][gc,marking     ] GC(1323) Concurrent Scan Root Regions 149.352ms
[4526.645s][info][gc,marking     ] GC(1323) Concurrent Mark
[4526.645s][info][gc,marking     ] GC(1323) Concurrent Mark From Roots
[4526.645s][info][gc,task        ] GC(1323) Using 2 workers of 2 for marking
.[4527.464s][info][gc,marking     ] GC(1323) Concurrent Mark From Roots 819.025ms
[4527.464s][info][gc,marking     ] GC(1323) Concurrent Preclean
[4527.464s][info][gc,marking     ] GC(1323) Concurrent Preclean 0.132ms
[4527.467s][info][gc,start       ] GC(1323) Pause Remark
[4527.470s][info][gc             ] GC(1323) Pause Remark 2311M->2311M(4096M) 2.666ms
[4527.470s][info][gc,cpu         ] GC(1323) User=0.01s Sys=0.00s Real=0.01s
[4527.470s][info][gc,marking     ] GC(1323) Concurrent Mark 825.342ms
[4527.470s][info][gc,marking     ] GC(1323) Concurrent Rebuild Remembered Sets and Scrub Regions
[4527.790s][info][gc,marking     ] GC(1323) Concurrent Rebuild Remembered Sets and Scrub Regions 319.951ms
[4527.790s][info][gc,start       ] GC(1323) Pause Cleanup
[4527.791s][info][gc             ] GC(1323) Pause Cleanup 2577M->2577M(4096M) 0.120ms
[4527.791s][info][gc,cpu         ] GC(1323) User=0.00s Sys=0.00s Real=0.00s
[4527.792s][info][gc,marking     ] GC(1323) Concurrent Clear Claimed Marks
[4527.792s][info][gc,marking     ] GC(1323) Concurrent Clear Claimed Marks 0.052ms
[4527.792s][info][gc,marking     ] GC(1323) Concurrent Cleanup for Next Mark
[4527.833s][info][gc,marking     ] GC(1323) Concurrent Cleanup for Next Mark 41.645ms
[4527.833s][info][gc             ] GC(1323) Concurrent Mark Cycle 1338.340ms
.[4528.758s][info][gc,start       ] GC(1324) Pause Young (Prepare Mixed) (G1 Evacuation Pause)
[4528.758s][info][gc,task        ] GC(1324) Using 6 workers of 6 for evacuation
[4528.871s][info][gc,phases      ] GC(1324)   Pre Evacuate Collection Set: 0.34ms
[4528.871s][info][gc,phases      ] GC(1324)   Merge Heap Roots: 0.49ms
[4528.871s][info][gc,phases      ] GC(1324)   Evacuate Collection Set: 111.64ms
[4528.871s][info][gc,phases      ] GC(1324)   Post Evacuate Collection Set: 0.92ms
[4528.871s][info][gc,phases      ] GC(1324)   Other: 0.09ms
[4528.871s][info][gc,heap        ] GC(1324) Eden regions: 1118->0(1112)
[4528.871s][info][gc,heap        ] GC(1324) Survivor regions: 110->107(154)
[4528.871s][info][gc,heap        ] GC(1324) Old regions: 506->539
[4528.871s][info][gc,heap        ] GC(1324) Humongous regions: 80->80
[4528.871s][info][gc,metaspace   ] GC(1324) Metaspace: 28880K(29248K)->28880K(29248K) NonClass: 24011K(24192K)->24011K(24192K) Class: 4868K(5056K)->4868K(5056K)
[4528.871s][info][gc             ] GC(1324) Pause Young (Prepare Mixed) (G1 Evacuation Pause) 3627M->1450M(4096M) 113.604ms
[4528.871s][info][gc,cpu         ] GC(1324) User=0.68s Sys=0.00s Real=0.11s
..[4531.139s][info][gc,start       ] GC(1325) Pause Young (Mixed) (G1 Evacuation Pause)
[4531.139s][info][gc,task        ] GC(1325) Using 6 workers of 6 for evacuation
[4531.277s][info][gc,phases      ] GC(1325)   Pre Evacuate Collection Set: 0.34ms
[4531.277s][info][gc,phases      ] GC(1325)   Merge Heap Roots: 0.63ms
[4531.277s][info][gc,phases      ] GC(1325)   Evacuate Collection Set: 136.07ms
[4531.277s][info][gc,phases      ] GC(1325)   Post Evacuate Collection Set: 0.94ms
[4531.277s][info][gc,phases      ] GC(1325)   Other: 0.08ms
[4531.277s][info][gc,heap        ] GC(1325) Eden regions: 1112->0(1114)
[4531.277s][info][gc,heap        ] GC(1325) Survivor regions: 107->114(153)
[4531.277s][info][gc,heap        ] GC(1325) Old regions: 539->476
[4531.277s][info][gc,heap        ] GC(1325) Humongous regions: 80->80
[4531.277s][info][gc,metaspace   ] GC(1325) Metaspace: 28880K(29248K)->28880K(29248K) NonClass: 24011K(24192K)->24011K(24192K) Class: 4868K(5056K)->4868K(5056K)
[4531.277s][info][gc             ] GC(1325) Pause Young (Mixed) (G1 Evacuation Pause) 3674M->1337M(4096M) 138.194ms
[4531.277s][info][gc,cpu         ] GC(1325) User=0.83s Sys=0.00s Real=0.13s
...[4533.423s][info][gc,start       ] GC(1326) Pause Young (Concurrent Start) (G1 Evacuation Pause)
[4533.423s][info][gc,task        ] GC(1326) Using 6 workers of 6 for evacuation
[4533.541s][info][gc,phases      ] GC(1326)   Pre Evacuate Collection Set: 0.37ms
[4533.541s][info][gc,phases      ] GC(1326)   Merge Heap Roots: 0.52ms
[4533.541s][info][gc,phases      ] GC(1326)   Evacuate Collection Set: 116.03ms
[4533.541s][info][gc,phases      ] GC(1326)   Post Evacuate Collection Set: 0.88ms
[4533.541s][info][gc,phases      ] GC(1326)   Other: 0.11ms
[4533.541s][info][gc,heap        ] GC(1326) Eden regions: 1114->0(1117)
[4533.541s][info][gc,heap        ] GC(1326) Survivor regions: 114->111(154)
[4533.541s][info][gc,heap        ] GC(1326) Old regions: 476->507
[4533.541s][info][gc,heap        ] GC(1326) Humongous regions: 80->80
[4533.541s][info][gc,metaspace   ] GC(1326) Metaspace: 28880K(29248K)->28880K(29248K) NonClass: 24011K(24192K)->24011K(24192K) Class: 4868K(5056K)->4868K(5056K)
[4533.541s][info][gc             ] GC(1326) Pause Young (Concurrent Start) (G1 Evacuation Pause) 3565M->1394M(4096M) 118.032ms
[4533.541s][info][gc             ] GC(1327) Concurrent Mark Cycle
[4533.541s][info][gc,marking     ] GC(1327) Concurrent Scan Root Regions
[4533.541s][info][gc,cpu         ] GC(1326) User=0.70s Sys=0.00s Real=0.12s
[4533.684s][info][gc,marking     ] GC(1327) Concurrent Scan Root Regions 142.639ms
[4533.684s][info][gc,marking     ] GC(1327) Concurrent Mark
[4533.684s][info][gc,marking     ] GC(1327) Concurrent Mark From Roots
[4533.684s][info][gc,task        ] GC(1327) Using 2 workers of 2 for marking
.[4534.450s][info][gc,marking     ] GC(1327) Concurrent Mark From Roots 766.228ms
[4534.450s][info][gc,marking     ] GC(1327) Concurrent Preclean
[4534.451s][info][gc,marking     ] GC(1327) Concurrent Preclean 0.117ms
[4534.453s][info][gc,start       ] GC(1327) Pause Remark
[4534.455s][info][gc             ] GC(1327) Pause Remark 2260M->2260M(4096M) 1.992ms
[4534.455s][info][gc,cpu         ] GC(1327) User=0.01s Sys=0.00s Real=0.00s
[4534.456s][info][gc,marking     ] GC(1327) Concurrent Mark 771.816ms
[4534.456s][info][gc,marking     ] GC(1327) Concurrent Rebuild Remembered Sets and Scrub Regions
[4534.805s][info][gc,marking     ] GC(1327) Concurrent Rebuild Remembered Sets and Scrub Regions 348.735ms
[4534.805s][info][gc,start       ] GC(1327) Pause Cleanup
[4534.805s][info][gc             ] GC(1327) Pause Cleanup 2534M->2534M(4096M) 0.127ms
[4534.805s][info][gc,cpu         ] GC(1327) User=0.00s Sys=0.00s Real=0.00s
[4534.805s][info][gc,marking     ] GC(1327) Concurrent Clear Claimed Marks
[4534.805s][info][gc,marking     ] GC(1327) Concurrent Clear Claimed Marks 0.027ms
[4534.805s][info][gc,marking     ] GC(1327) Concurrent Cleanup for Next Mark
[4534.811s][info][gc,marking     ] GC(1327) Concurrent Cleanup for Next Mark 5.232ms
[4534.811s][info][gc             ] GC(1327) Concurrent Mark Cycle 1269.247ms
.[4535.750s][info][gc,start       ] GC(1328) Pause Young (Prepare Mixed) (G1 Evacuation Pause)
[4535.750s][info][gc,task        ] GC(1328) Using 6 workers of 6 for evacuation
[4535.868s][info][gc,phases      ] GC(1328)   Pre Evacuate Collection Set: 0.31ms
[4535.868s][info][gc,phases      ] GC(1328)   Merge Heap Roots: 0.49ms
[4535.868s][info][gc,phases      ] GC(1328)   Evacuate Collection Set: 115.53ms
[4535.868s][info][gc,phases      ] GC(1328)   Post Evacuate Collection Set: 0.94ms
[4535.868s][info][gc,phases      ] GC(1328)   Other: 0.09ms
[4535.868s][info][gc,heap        ] GC(1328) Eden regions: 1117->0(1105)
[4535.868s][info][gc,heap        ] GC(1328) Survivor regions: 111->110(154)
[4535.868s][info][gc,heap        ] GC(1328) Old regions: 507->540
[4535.868s][info][gc,heap        ] GC(1328) Humongous regions: 80->80
[4535.868s][info][gc,metaspace   ] GC(1328) Metaspace: 28880K(29248K)->28880K(29248K) NonClass: 24011K(24192K)->24011K(24192K) Class: 4868K(5056K)->4868K(5056K)
[4535.868s][info][gc             ] GC(1328) Pause Young (Prepare Mixed) (G1 Evacuation Pause) 3628M->1457M(4096M) 117.494ms
[4535.868s][info][gc,cpu         ] GC(1328) User=0.70s Sys=0.00s Real=0.12s
..[4538.069s][info][gc,start       ] GC(1329) Pause Young (Mixed) (G1 Evacuation Pause)
[4538.069s][info][gc,task        ] GC(1329) Using 6 workers of 6 for evacuation
[4538.203s][info][gc,phases      ] GC(1329)   Pre Evacuate Collection Set: 0.35ms
[4538.203s][info][gc,phases      ] GC(1329)   Merge Heap Roots: 0.70ms
[4538.203s][info][gc,phases      ] GC(1329)   Evacuate Collection Set: 132.39ms
[4538.203s][info][gc,phases      ] GC(1329)   Post Evacuate Collection Set: 0.92ms
[4538.203s][info][gc,phases      ] GC(1329)   Other: 0.09ms
[4538.203s][info][gc,heap        ] GC(1329) Eden regions: 1105->0(1118)
[4538.203s][info][gc,heap        ] GC(1329) Survivor regions: 110->110(152)
[4538.203s][info][gc,heap        ] GC(1329) Old regions: 540->474
[4538.203s][info][gc,heap        ] GC(1329) Humongous regions: 80->80
[4538.203s][info][gc,metaspace   ] GC(1329) Metaspace: 28880K(29248K)->28880K(29248K) NonClass: 24011K(24192K)->24011K(24192K) Class: 4868K(5056K)->4868K(5056K)
[4538.203s][info][gc             ] GC(1329) Pause Young (Mixed) (G1 Evacuation Pause) 3667M->1325M(4096M) 134.585ms
[4538.203s][info][gc,cpu         ] GC(1329) User=0.81s Sys=0.00s Real=0.13s
..[4540.394s][info][gc,start       ] GC(1330) Pause Young (Concurrent Start) (G1 Evacuation Pause)
[4540.394s][info][gc,task        ] GC(1330) Using 6 workers of 6 for evacuation
[4540.511s][info][gc,phases      ] GC(1330)   Pre Evacuate Collection Set: 0.41ms
[4540.511s][info][gc,phases      ] GC(1330)   Merge Heap Roots: 0.46ms
[4540.511s][info][gc,phases      ] GC(1330)   Evacuate Collection Set: 114.79ms
[4540.511s][info][gc,phases      ] GC(1330)   Post Evacuate Collection Set: 0.86ms
[4540.511s][info][gc,phases      ] GC(1330)   Other: 0.13ms
[4540.511s][info][gc,heap        ] GC(1330) Eden regions: 1118->0(1118)
[4540.511s][info][gc,heap        ] GC(1330) Survivor regions: 110->110(154)
[4540.511s][info][gc,heap        ] GC(1330) Old regions: 474->505
[4540.511s][info][gc,heap        ] GC(1330) Humongous regions: 80->80
[4540.511s][info][gc,metaspace   ] GC(1330) Metaspace: 28880K(29248K)->28880K(29248K) NonClass: 24011K(24192K)->24011K(24192K) Class: 4868K(5056K)->4868K(5056K)
[4540.511s][info][gc             ] GC(1330) Pause Young (Concurrent Start) (G1 Evacuation Pause) 3561M->1388M(4096M) 116.791ms
[4540.511s][info][gc             ] GC(1331) Concurrent Mark Cycle
[4540.511s][info][gc,marking     ] GC(1331) Concurrent Scan Root Regions
[4540.511s][info][gc,cpu         ] GC(1330) User=0.70s Sys=0.00s Real=0.12s
.[4540.648s][info][gc,marking     ] GC(1331) Concurrent Scan Root Regions 136.722ms
[4540.648s][info][gc,marking     ] GC(1331) Concurrent Mark
[4540.648s][info][gc,marking     ] GC(1331) Concurrent Mark From Roots
[4540.648s][info][gc,task        ] GC(1331) Using 2 workers of 2 for marking
[4541.458s][info][gc,marking     ] GC(1331) Concurrent Mark From Roots 810.468ms
[4541.458s][info][gc,marking     ] GC(1331) Concurrent Preclean
[4541.459s][info][gc,marking     ] GC(1331) Concurrent Preclean 0.123ms
[4541.462s][info][gc,start       ] GC(1331) Pause Remark
[4541.465s][info][gc             ] GC(1331) Pause Remark 2298M->2298M(4096M) 3.071ms
[4541.465s][info][gc,cpu         ] GC(1331) User=0.01s Sys=0.00s Real=0.00s
[4541.466s][info][gc,marking     ] GC(1331) Concurrent Mark 817.686ms
[4541.466s][info][gc,marking     ] GC(1331) Concurrent Rebuild Remembered Sets and Scrub Regions
.[4541.780s][info][gc,marking     ] GC(1331) Concurrent Rebuild Remembered Sets and Scrub Regions 314.307ms
[4541.780s][info][gc,start       ] GC(1331) Pause Cleanup
[4541.780s][info][gc             ] GC(1331) Pause Cleanup 2559M->2559M(4096M) 0.110ms
[4541.780s][info][gc,cpu         ] GC(1331) User=0.00s Sys=0.00s Real=0.00s
[4541.783s][info][gc,marking     ] GC(1331) Concurrent Clear Claimed Marks
[4541.783s][info][gc,marking     ] GC(1331) Concurrent Clear Claimed Marks 0.067ms
[4541.783s][info][gc,marking     ] GC(1331) Concurrent Cleanup for Next Mark
[4541.805s][info][gc,marking     ] GC(1331) Concurrent Cleanup for Next Mark 22.151ms
[4541.805s][info][gc             ] GC(1331) Concurrent Mark Cycle 1294.382ms
. (rIR:aIR:PR = 8164:8137:8137) (tPR = 120507) [OK] 
  4542s: Performance info:
         Transaction,    Success,    Partial,     Failed,   Receipts, AvgBarcode, 
             Overall,     491358,          0,          0,     466633,      59.47, 
         Response times:
             Request,    Success,    Partial,     Failed,   SkipFail,     Probes,    Samples,      min,      p50,      p90,      p95,      p99,      max, 
       TotalPurchase,     466633,          0,          0,          0,     351714,     419960,      300,     7200,   111000,   150000,   214000,   533000,
     InStorePurchase,     245784,          0,          0,          0,     183564,     219865,      300,     7100,   110000,   148000,   213000,   533000,
      OnlinePurchase,     171319,          0,          0,          0,     129955,     154758,      300,     7300,   113000,   151000,   216000,   495000,
        InstPurchase,      49530,          0,          0,          0,      38195,      45337,      400,     7300,   110000,   150000,   213000,   412000,
          AssocOfCat,        494,          0,          0,          0,        405,        548,    23000,    44000,   154000,   189100,   261060,   337000,
      AssocOfProduct,       4941,          0,          0,          0,       3359,       4264,      600,     7600,   112500,   147000,   210000,   426000,
      BusinessReport,       1235,          0,          0,          0,       1076,       1401,    29000,    55000,   180800,   211000,   281980,   427000,
          CustBuyBeh,       4941,          0,          0,          0,       3397,       4230,      400,     7100,   109000,   145000,   214690,   355000,
       ProductReturn,      13114,          0,          0,          0,      10028,      12105,      200,     7000,   112000,   142000,   218000,   341000,

  4542s: (60%)   IR =   8302 [4542.761s][info][gc,start       ] GC(1332) Pause Young (Prepare Mixed) (G1 Evacuation Pause)
[4542.761s][info][gc,task        ] GC(1332) Using 6 workers of 6 for evacuation
[4542.881s][info][gc,phases      ] GC(1332)   Pre Evacuate Collection Set: 0.35ms
[4542.881s][info][gc,phases      ] GC(1332)   Merge Heap Roots: 0.53ms
[4542.881s][info][gc,phases      ] GC(1332)   Evacuate Collection Set: 117.64ms
[4542.881s][info][gc,phases      ] GC(1332)   Post Evacuate Collection Set: 0.91ms
[4542.881s][info][gc,phases      ] GC(1332)   Other: 0.08ms
[4542.881s][info][gc,heap        ] GC(1332) Eden regions: 1118->0(1106)
[4542.881s][info][gc,heap        ] GC(1332) Survivor regions: 110->111(154)
[4542.881s][info][gc,heap        ] GC(1332) Old regions: 505->537
[4542.881s][info][gc,heap        ] GC(1332) Humongous regions: 80->80
[4542.881s][info][gc,metaspace   ] GC(1332) Metaspace: 28884K(29248K)->28884K(29248K) NonClass: 24016K(24192K)->24016K(24192K) Class: 4868K(5056K)->4868K(5056K)
[4542.881s][info][gc             ] GC(1332) Pause Young (Prepare Mixed) (G1 Evacuation Pause) 3624M->1453M(4096M) 119.631ms
[4542.881s][info][gc,cpu         ] GC(1332) User=0.71s Sys=0.00s Real=0.12s
..[4545.016s][info][gc,start       ] GC(1333) Pause Young (Mixed) (G1 Evacuation Pause)
[4545.016s][info][gc,task        ] GC(1333) Using 6 workers of 6 for evacuation
[4545.151s][info][gc,phases      ] GC(1333)   Pre Evacuate Collection Set: 0.34ms
[4545.151s][info][gc,phases      ] GC(1333)   Merge Heap Roots: 0.67ms
[4545.151s][info][gc,phases      ] GC(1333)   Evacuate Collection Set: 133.35ms
[4545.151s][info][gc,phases      ] GC(1333)   Post Evacuate Collection Set: 0.95ms
[4545.151s][info][gc,phases      ] GC(1333)   Other: 0.09ms
[4545.151s][info][gc,heap        ] GC(1333) Eden regions: 1106->0(1118)
[4545.151s][info][gc,heap        ] GC(1333) Survivor regions: 111->110(153)
[4545.151s][info][gc,heap        ] GC(1333) Old regions: 537->473
[4545.151s][info][gc,heap        ] GC(1333) Humongous regions: 80->80
[4545.151s][info][gc,metaspace   ] GC(1333) Metaspace: 28884K(29248K)->28884K(29248K) NonClass: 24016K(24192K)->24016K(24192K) Class: 4868K(5056K)->4868K(5056K)
[4545.151s][info][gc             ] GC(1333) Pause Young (Mixed) (G1 Evacuation Pause) 3665M->1324M(4096M) 135.520ms
[4545.151s][info][gc,cpu         ] GC(1333) User=0.80s Sys=0.00s Real=0.14s
..[4547.275s][info][gc,start       ] GC(1334) Pause Young (Concurrent Start) (G1 Evacuation Pause)
[4547.275s][info][gc,task        ] GC(1334) Using 6 workers of 6 for evacuation
[4547.393s][info][gc,phases      ] GC(1334)   Pre Evacuate Collection Set: 0.36ms
[4547.393s][info][gc,phases      ] GC(1334)   Merge Heap Roots: 0.47ms
[4547.393s][info][gc,phases      ] GC(1334)   Evacuate Collection Set: 116.93ms
[4547.393s][info][gc,phases      ] GC(1334)   Post Evacuate Collection Set: 0.88ms
[4547.393s][info][gc,phases      ] GC(1334)   Other: 0.12ms
[4547.393s][info][gc,heap        ] GC(1334) Eden regions: 1118->0(1116)
[4547.393s][info][gc,heap        ] GC(1334) Survivor regions: 110->112(154)
[4547.393s][info][gc,heap        ] GC(1334) Old regions: 473->506
[4547.393s][info][gc,heap        ] GC(1334) Humongous regions: 80->80
[4547.393s][info][gc,metaspace   ] GC(1334) Metaspace: 28884K(29248K)->28884K(29248K) NonClass: 24016K(24192K)->24016K(24192K) Class: 4868K(5056K)->4868K(5056K)
[4547.393s][info][gc             ] GC(1334) Pause Young (Concurrent Start) (G1 Evacuation Pause) 3560M->1394M(4096M) 118.907ms
[4547.393s][info][gc             ] GC(1335) Concurrent Mark Cycle
[4547.394s][info][gc,marking     ] GC(1335) Concurrent Scan Root Regions
[4547.394s][info][gc,cpu         ] GC(1334) User=0.71s Sys=0.00s Real=0.12s
[4547.577s][info][gc,marking     ] GC(1335) Concurrent Scan Root Regions 183.929ms
[4547.578s][info][gc,marking     ] GC(1335) Concurrent Mark
[4547.578s][info][gc,marking     ] GC(1335) Concurrent Mark From Roots
[4547.578s][info][gc,task        ] GC(1335) Using 2 workers of 2 for marking
.[4548.577s][info][gc,marking     ] GC(1335) Concurrent Mark From Roots 999.834ms
[4548.577s][info][gc,marking     ] GC(1335) Concurrent Preclean
[4548.578s][info][gc,marking     ] GC(1335) Concurrent Preclean 0.145ms
[4548.579s][info][gc,start       ] GC(1335) Pause Remark
[4548.583s][info][gc             ] GC(1335) Pause Remark 2518M->2518M(4096M) 4.235ms
[4548.583s][info][gc,cpu         ] GC(1335) User=0.03s Sys=0.00s Real=0.00s
[4548.584s][info][gc,marking     ] GC(1335) Concurrent Mark 1006.591ms
[4548.584s][info][gc,marking     ] GC(1335) Concurrent Rebuild Remembered Sets and Scrub Regions
.[4548.925s][info][gc,marking     ] GC(1335) Concurrent Rebuild Remembered Sets and Scrub Regions 340.821ms
[4548.926s][info][gc,start       ] GC(1335) Pause Cleanup
[4548.926s][info][gc             ] GC(1335) Pause Cleanup 2812M->2812M(4096M) 0.121ms
[4548.926s][info][gc,cpu         ] GC(1335) User=0.00s Sys=0.00s Real=0.00s
[4548.927s][info][gc,marking     ] GC(1335) Concurrent Clear Claimed Marks
[4548.927s][info][gc,marking     ] GC(1335) Concurrent Clear Claimed Marks 0.037ms
[4548.927s][info][gc,marking     ] GC(1335) Concurrent Cleanup for Next Mark
[4548.977s][info][gc,marking     ] GC(1335) Concurrent Cleanup for Next Mark 50.630ms
[4548.978s][info][gc             ] GC(1335) Concurrent Mark Cycle 1584.042ms
[4549.613s][info][gc,start       ] GC(1336) Pause Young (Prepare Mixed) (G1 Evacuation Pause)
[4549.613s][info][gc,task        ] GC(1336) Using 6 workers of 6 for evacuation
[4549.736s][info][gc,phases      ] GC(1336)   Pre Evacuate Collection Set: 0.33ms
[4549.736s][info][gc,phases      ] GC(1336)   Merge Heap Roots: 0.52ms
[4549.736s][info][gc,phases      ] GC(1336)   Evacuate Collection Set: 121.10ms
[4549.736s][info][gc,phases      ] GC(1336)   Post Evacuate Collection Set: 0.94ms
[4549.736s][info][gc,phases      ] GC(1336)   Other: 0.08ms
[4549.736s][info][gc,heap        ] GC(1336) Eden regions: 1116->0(1097)
[4549.736s][info][gc,heap        ] GC(1336) Survivor regions: 112->115(154)
[4549.736s][info][gc,heap        ] GC(1336) Old regions: 506->538
[4549.736s][info][gc,heap        ] GC(1336) Humongous regions: 80->80
[4549.736s][info][gc,metaspace   ] GC(1336) Metaspace: 28884K(29248K)->28884K(29248K) NonClass: 24016K(24192K)->24016K(24192K) Class: 4868K(5056K)->4868K(5056K)
[4549.736s][info][gc             ] GC(1336) Pause Young (Prepare Mixed) (G1 Evacuation Pause) 3626M->1464M(4096M) 123.092ms
[4549.736s][info][gc,cpu         ] GC(1336) User=0.73s Sys=0.00s Real=0.12s
..[4551.834s][info][gc,start       ] GC(1337) Pause Young (Mixed) (G1 Evacuation Pause)
[4551.834s][info][gc,task        ] GC(1337) Using 6 workers of 6 for evacuation
[4551.968s][info][gc,phases      ] GC(1337)   Pre Evacuate Collection Set: 0.36ms
[4551.968s][info][gc,phases      ] GC(1337)   Merge Heap Roots: 0.76ms
[4551.968s][info][gc,phases      ] GC(1337)   Evacuate Collection Set: 131.75ms
[4551.968s][info][gc,phases      ] GC(1337)   Post Evacuate Collection Set: 0.93ms
[4551.968s][info][gc,phases      ] GC(1337)   Other: 0.09ms
[4551.968s][info][gc,heap        ] GC(1337) Eden regions: 1097->0(1120)
[4551.968s][info][gc,heap        ] GC(1337) Survivor regions: 115->108(152)
[4551.968s][info][gc,heap        ] GC(1337) Old regions: 538->476
[4551.968s][info][gc,heap        ] GC(1337) Humongous regions: 80->80
[4551.968s][info][gc,metaspace   ] GC(1337) Metaspace: 28884K(29248K)->28884K(29248K) NonClass: 24016K(24192K)->24016K(24192K) Class: 4868K(5056K)->4868K(5056K)
[4551.968s][info][gc             ] GC(1337) Pause Young (Mixed) (G1 Evacuation Pause) 3658M->1326M(4096M) 134.023ms
[4551.968s][info][gc,cpu         ] GC(1337) User=0.80s Sys=0.00s Real=0.14s
...[4554.150s][info][gc,start       ] GC(1338) Pause Young (Concurrent Start) (G1 Evacuation Pause)
[4554.150s][info][gc,task        ] GC(1338) Using 6 workers of 6 for evacuation
[4554.267s][info][gc,phases      ] GC(1338)   Pre Evacuate Collection Set: 0.33ms
[4554.267s][info][gc,phases      ] GC(1338)   Merge Heap Roots: 0.48ms
[4554.267s][info][gc,phases      ] GC(1338)   Evacuate Collection Set: 115.69ms
[4554.267s][info][gc,phases      ] GC(1338)   Post Evacuate Collection Set: 0.89ms
[4554.267s][info][gc,phases      ] GC(1338)   Other: 0.11ms
[4554.268s][info][gc,heap        ] GC(1338) Eden regions: 1120->0(1116)
[4554.268s][info][gc,heap        ] GC(1338) Survivor regions: 108->112(154)
[4554.268s][info][gc,heap        ] GC(1338) Old regions: 476->507
[4554.268s][info][gc,heap        ] GC(1338) Humongous regions: 80->80
[4554.268s][info][gc,metaspace   ] GC(1338) Metaspace: 28884K(29248K)->28884K(29248K) NonClass: 24016K(24192K)->24016K(24192K) Class: 4868K(5056K)->4868K(5056K)
[4554.268s][info][gc             ] GC(1338) Pause Young (Concurrent Start) (G1 Evacuation Pause) 3566M->1395M(4096M) 117.638ms
[4554.268s][info][gc             ] GC(1339) Concurrent Mark Cycle
[4554.268s][info][gc,marking     ] GC(1339) Concurrent Scan Root Regions
[4554.268s][info][gc,cpu         ] GC(1338) User=0.70s Sys=0.00s Real=0.12s
[4554.415s][info][gc,marking     ] GC(1339) Concurrent Scan Root Regions 147.245ms
[4554.415s][info][gc,marking     ] GC(1339) Concurrent Mark
[4554.415s][info][gc,marking     ] GC(1339) Concurrent Mark From Roots
[4554.415s][info][gc,task        ] GC(1339) Using 2 workers of 2 for marking
.[4555.195s][info][gc,marking     ] GC(1339) Concurrent Mark From Roots 779.719ms
[4555.195s][info][gc,marking     ] GC(1339) Concurrent Preclean
[4555.195s][info][gc,marking     ] GC(1339) Concurrent Preclean 0.105ms
[4555.198s][info][gc,start       ] GC(1339) Pause Remark
[4555.201s][info][gc             ] GC(1339) Pause Remark 2245M->2245M(4096M) 2.722ms
[4555.201s][info][gc,cpu         ] GC(1339) User=0.02s Sys=0.00s Real=0.00s
[4555.201s][info][gc,marking     ] GC(1339) Concurrent Mark 785.863ms
[4555.201s][info][gc,marking     ] GC(1339) Concurrent Rebuild Remembered Sets and Scrub Regions
[4555.497s][info][gc,marking     ] GC(1339) Concurrent Rebuild Remembered Sets and Scrub Regions 296.267ms
[4555.499s][info][gc,start       ] GC(1339) Pause Cleanup
[4555.499s][info][gc             ] GC(1339) Pause Cleanup 2561M->2561M(4096M) 0.166ms
[4555.499s][info][gc,cpu         ] GC(1339) User=0.00s Sys=0.00s Real=0.00s
[4555.499s][info][gc,marking     ] GC(1339) Concurrent Clear Claimed Marks
[4555.499s][info][gc,marking     ] GC(1339) Concurrent Clear Claimed Marks 0.027ms
[4555.499s][info][gc,marking     ] GC(1339) Concurrent Cleanup for Next Mark
[4555.504s][info][gc,marking     ] GC(1339) Concurrent Cleanup for Next Mark 5.109ms
[4555.504s][info][gc             ] GC(1339) Concurrent Mark Cycle 1236.481ms
.[4556.288s][info][gc,start       ] GC(1340) Pause Young (Prepare Mixed) (G1 Evacuation Pause)
[4556.288s][info][gc,task        ] GC(1340) Using 6 workers of 6 for evacuation
[4556.409s][info][gc,phases      ] GC(1340)   Pre Evacuate Collection Set: 0.29ms
[4556.409s][info][gc,phases      ] GC(1340)   Merge Heap Roots: 0.47ms
[4556.409s][info][gc,phases      ] GC(1340)   Evacuate Collection Set: 119.54ms
[4556.409s][info][gc,phases      ] GC(1340)   Post Evacuate Collection Set: 0.90ms
[4556.409s][info][gc,phases      ] GC(1340)   Other: 0.09ms
[4556.409s][info][gc,heap        ] GC(1340) Eden regions: 1116->0(1098)
[4556.409s][info][gc,heap        ] GC(1340) Survivor regions: 112->114(154)
[4556.409s][info][gc,heap        ] GC(1340) Old regions: 507->539
[4556.409s][info][gc,heap        ] GC(1340) Humongous regions: 80->80
[4556.409s][info][gc,metaspace   ] GC(1340) Metaspace: 28884K(29248K)->28884K(29248K) NonClass: 24016K(24192K)->24016K(24192K) Class: 4868K(5056K)->4868K(5056K)
[4556.409s][info][gc             ] GC(1340) Pause Young (Prepare Mixed) (G1 Evacuation Pause) 3627M->1464M(4096M) 121.422ms
[4556.409s][info][gc,cpu         ] GC(1340) User=0.72s Sys=0.00s Real=0.12s
..|[4558.585s][info][gc,start       ] GC(1341) Pause Young (Mixed) (G1 Evacuation Pause)
[4558.585s][info][gc,task        ] GC(1341) Using 6 workers of 6 for evacuation
[4558.723s][info][gc,phases      ] GC(1341)   Pre Evacuate Collection Set: 0.37ms
[4558.723s][info][gc,phases      ] GC(1341)   Merge Heap Roots: 0.63ms
[4558.723s][info][gc,phases      ] GC(1341)   Evacuate Collection Set: 136.27ms
[4558.723s][info][gc,phases      ] GC(1341)   Post Evacuate Collection Set: 0.93ms
[4558.723s][info][gc,phases      ] GC(1341)   Other: 0.09ms
[4558.723s][info][gc,heap        ] GC(1341) Eden regions: 1098->0(1115)
[4558.723s][info][gc,heap        ] GC(1341) Survivor regions: 114->113(152)
[4558.723s][info][gc,heap        ] GC(1341) Old regions: 539->473
[4558.723s][info][gc,heap        ] GC(1341) Humongous regions: 80->80
[4558.723s][info][gc,metaspace   ] GC(1341) Metaspace: 28884K(29248K)->28884K(29248K) NonClass: 24016K(24192K)->24016K(24192K) Class: 4868K(5056K)->4868K(5056K)
[4558.723s][info][gc             ] GC(1341) Pause Young (Mixed) (G1 Evacuation Pause) 3660M->1331M(4096M) 138.427ms
[4558.723s][info][gc,cpu         ] GC(1341) User=0.83s Sys=0.00s Real=0.14s
..[4560.795s][info][gc,start       ] GC(1342) Pause Young (Concurrent Start) (G1 Evacuation Pause)
[4560.795s][info][gc,task        ] GC(1342) Using 6 workers of 6 for evacuation
[4560.909s][info][gc,phases      ] GC(1342)   Pre Evacuate Collection Set: 0.40ms
[4560.909s][info][gc,phases      ] GC(1342)   Merge Heap Roots: 0.42ms
[4560.909s][info][gc,phases      ] GC(1342)   Evacuate Collection Set: 112.29ms
[4560.909s][info][gc,phases      ] GC(1342)   Post Evacuate Collection Set: 0.89ms
[4560.909s][info][gc,phases      ] GC(1342)   Other: 0.10ms
[4560.909s][info][gc,heap        ] GC(1342) Eden regions: 1115->0(1120)
[4560.909s][info][gc,heap        ] GC(1342) Survivor regions: 113->108(154)
[4560.909s][info][gc,heap        ] GC(1342) Old regions: 473->505
[4560.909s][info][gc,heap        ] GC(1342) Humongous regions: 80->80
[4560.909s][info][gc,metaspace   ] GC(1342) Metaspace: 28884K(29248K)->28884K(29248K) NonClass: 24016K(24192K)->24016K(24192K) Class: 4868K(5056K)->4868K(5056K)
[4560.909s][info][gc             ] GC(1342) Pause Young (Concurrent Start) (G1 Evacuation Pause) 3561M->1384M(4096M) 114.223ms
[4560.909s][info][gc             ] GC(1343) Concurrent Mark Cycle
[4560.909s][info][gc,marking     ] GC(1343) Concurrent Scan Root Regions
[4560.909s][info][gc,cpu         ] GC(1342) User=0.68s Sys=0.00s Real=0.12s
[4561.059s][info][gc,marking     ] GC(1343) Concurrent Scan Root Regions 149.293ms
[4561.059s][info][gc,marking     ] GC(1343) Concurrent Mark
[4561.059s][info][gc,marking     ] GC(1343) Concurrent Mark From Roots
[4561.059s][info][gc,task        ] GC(1343) Using 2 workers of 2 for marking
.[4561.904s][info][gc,marking     ] GC(1343) Concurrent Mark From Roots 845.239ms
[4561.904s][info][gc,marking     ] GC(1343) Concurrent Preclean
[4561.904s][info][gc,marking     ] GC(1343) Concurrent Preclean 0.117ms
[4561.904s][info][gc,start       ] GC(1343) Pause Remark
[4561.907s][info][gc             ] GC(1343) Pause Remark 2297M->2297M(4096M) 3.079ms
[4561.907s][info][gc,cpu         ] GC(1343) User=0.01s Sys=0.00s Real=0.01s
[4561.907s][info][gc,marking     ] GC(1343) Concurrent Mark 848.739ms
[4561.907s][info][gc,marking     ] GC(1343) Concurrent Rebuild Remembered Sets and Scrub Regions
.[4562.204s][info][gc,marking     ] GC(1343) Concurrent Rebuild Remembered Sets and Scrub Regions 297.074ms
[4562.205s][info][gc,start       ] GC(1343) Pause Cleanup
[4562.205s][info][gc             ] GC(1343) Pause Cleanup 2628M->2628M(4096M) 0.126ms
[4562.205s][info][gc,cpu         ] GC(1343) User=0.00s Sys=0.00s Real=0.00s
[4562.205s][info][gc,marking     ] GC(1343) Concurrent Clear Claimed Marks
[4562.205s][info][gc,marking     ] GC(1343) Concurrent Clear Claimed Marks 0.025ms
[4562.205s][info][gc,marking     ] GC(1343) Concurrent Cleanup for Next Mark
[4562.210s][info][gc,marking     ] GC(1343) Concurrent Cleanup for Next Mark 5.074ms
[4562.210s][info][gc             ] GC(1343) Concurrent Mark Cycle 1300.755ms
[4563.055s][info][gc,start       ] GC(1344) Pause Young (Prepare Mixed) (G1 Evacuation Pause)
[4563.055s][info][gc,task        ] GC(1344) Using 6 workers of 6 for evacuation
[4563.177s][info][gc,phases      ] GC(1344)   Pre Evacuate Collection Set: 0.32ms
[4563.177s][info][gc,phases      ] GC(1344)   Merge Heap Roots: 0.50ms
[4563.177s][info][gc,phases      ] GC(1344)   Evacuate Collection Set: 119.73ms
[4563.177s][info][gc,phases      ] GC(1344)   Post Evacuate Collection Set: 0.94ms
[4563.177s][info][gc,phases      ] GC(1344)   Other: 0.09ms
[4563.177s][info][gc,heap        ] GC(1344) Eden regions: 1120->0(1102)
[4563.177s][info][gc,heap        ] GC(1344) Survivor regions: 108->113(154)
[4563.177s][info][gc,heap        ] GC(1344) Old regions: 505->537
[4563.177s][info][gc,heap        ] GC(1344) Humongous regions: 80->80
[4563.177s][info][gc,metaspace   ] GC(1344) Metaspace: 28884K(29248K)->28884K(29248K) NonClass: 24016K(24192K)->24016K(24192K) Class: 4868K(5056K)->4868K(5056K)
[4563.177s][info][gc             ] GC(1344) Pause Young (Prepare Mixed) (G1 Evacuation Pause) 3624M->1459M(4096M) 121.709ms
[4563.177s][info][gc,cpu         ] GC(1344) User=0.72s Sys=0.00s Real=0.12s
..[4565.212s][info][gc,start       ] GC(1345) Pause Young (Mixed) (G1 Evacuation Pause)
[4565.212s][info][gc,task        ] GC(1345) Using 6 workers of 6 for evacuation
[4565.353s][info][gc,phases      ] GC(1345)   Pre Evacuate Collection Set: 0.33ms
[4565.353s][info][gc,phases      ] GC(1345)   Merge Heap Roots: 0.75ms
[4565.353s][info][gc,phases      ] GC(1345)   Evacuate Collection Set: 138.43ms
[4565.353s][info][gc,phases      ] GC(1345)   Post Evacuate Collection Set: 0.96ms
[4565.353s][info][gc,phases      ] GC(1345)   Other: 0.09ms
[4565.353s][info][gc,heap        ] GC(1345) Eden regions: 1102->0(1115)
[4565.353s][info][gc,heap        ] GC(1345) Survivor regions: 113->113(152)
[4565.353s][info][gc,heap        ] GC(1345) Old regions: 537->474
[4565.353s][info][gc,heap        ] GC(1345) Humongous regions: 80->80
[4565.353s][info][gc,metaspace   ] GC(1345) Metaspace: 28884K(29248K)->28884K(29248K) NonClass: 24016K(24192K)->24016K(24192K) Class: 4868K(5056K)->4868K(5056K)
[4565.353s][info][gc             ] GC(1345) Pause Young (Mixed) (G1 Evacuation Pause) 3663M->1333M(4096M) 140.693ms
[4565.353s][info][gc,cpu         ] GC(1345) User=0.83s Sys=0.00s Real=0.14s
...[4567.496s][info][gc,start       ] GC(1346) Pause Young (Concurrent Start) (G1 Evacuation Pause)
[4567.496s][info][gc,task        ] GC(1346) Using 6 workers of 6 for evacuation
[4567.620s][info][gc,phases      ] GC(1346)   Pre Evacuate Collection Set: 0.33ms
[4567.620s][info][gc,phases      ] GC(1346)   Merge Heap Roots: 0.46ms
[4567.620s][info][gc,phases      ] GC(1346)   Evacuate Collection Set: 122.04ms
[4567.620s][info][gc,phases      ] GC(1346)   Post Evacuate Collection Set: 0.95ms
[4567.620s][info][gc,phases      ] GC(1346)   Other: 0.11ms
[4567.620s][info][gc,heap        ] GC(1346) Eden regions: 1115->0(1111)
[4567.620s][info][gc,heap        ] GC(1346) Survivor regions: 113->117(154)
[4567.620s][info][gc,heap        ] GC(1346) Old regions: 474->506
[4567.620s][info][gc,heap        ] GC(1346) Humongous regions: 80->80
[4567.620s][info][gc,metaspace   ] GC(1346) Metaspace: 28884K(29248K)->28884K(29248K) NonClass: 24016K(24192K)->24016K(24192K) Class: 4868K(5056K)->4868K(5056K)
[4567.620s][info][gc             ] GC(1346) Pause Young (Concurrent Start) (G1 Evacuation Pause) 3563M->1404M(4096M) 124.021ms
[4567.620s][info][gc             ] GC(1347) Concurrent Mark Cycle
[4567.620s][info][gc,marking     ] GC(1347) Concurrent Scan Root Regions
[4567.620s][info][gc,cpu         ] GC(1346) User=0.73s Sys=0.01s Real=0.13s
[4567.758s][info][gc,marking     ] GC(1347) Concurrent Scan Root Regions 137.272ms
[4567.758s][info][gc,marking     ] GC(1347) Concurrent Mark
[4567.758s][info][gc,marking     ] GC(1347) Concurrent Mark From Roots
[4567.758s][info][gc,task        ] GC(1347) Using 2 workers of 2 for marking
.[4568.546s][info][gc,marking     ] GC(1347) Concurrent Mark From Roots 788.602ms
[4568.546s][info][gc,marking     ] GC(1347) Concurrent Preclean
[4568.547s][info][gc,marking     ] GC(1347) Concurrent Preclean 0.108ms
[4568.547s][info][gc,start       ] GC(1347) Pause Remark
[4568.552s][info][gc             ] GC(1347) Pause Remark 2346M->2346M(4096M) 4.485ms
[4568.552s][info][gc,cpu         ] GC(1347) User=0.02s Sys=0.00s Real=0.00s
[4568.552s][info][gc,marking     ] GC(1347) Concurrent Mark 794.502ms
[4568.552s][info][gc,marking     ] GC(1347) Concurrent Rebuild Remembered Sets and Scrub Regions
[4568.858s][info][gc,marking     ] GC(1347) Concurrent Rebuild Remembered Sets and Scrub Regions 305.832ms
[4568.859s][info][gc,start       ] GC(1347) Pause Cleanup
[4568.859s][info][gc             ] GC(1347) Pause Cleanup 2546M->2546M(4096M) 0.124ms
[4568.859s][info][gc,cpu         ] GC(1347) User=0.00s Sys=0.00s Real=0.00s
[4568.860s][info][gc,marking     ] GC(1347) Concurrent Clear Claimed Marks
[4568.860s][info][gc,marking     ] GC(1347) Concurrent Clear Claimed Marks 0.026ms
[4568.860s][info][gc,marking     ] GC(1347) Concurrent Cleanup for Next Mark
[4568.899s][info][gc,marking     ] GC(1347) Concurrent Cleanup for Next Mark 39.283ms
[4568.899s][info][gc             ] GC(1347) Concurrent Mark Cycle 1278.500ms
.[4569.799s][info][gc,start       ] GC(1348) Pause Young (Prepare Mixed) (G1 Evacuation Pause)
[4569.799s][info][gc,task        ] GC(1348) Using 6 workers of 6 for evacuation
[4569.919s][info][gc,phases      ] GC(1348)   Pre Evacuate Collection Set: 0.30ms
[4569.919s][info][gc,phases      ] GC(1348)   Merge Heap Roots: 0.49ms
[4569.919s][info][gc,phases      ] GC(1348)   Evacuate Collection Set: 118.99ms
[4569.919s][info][gc,phases      ] GC(1348)   Post Evacuate Collection Set: 0.92ms
[4569.919s][info][gc,phases      ] GC(1348)   Other: 0.08ms
[4569.919s][info][gc,heap        ] GC(1348) Eden regions: 1111->0(1099)
[4569.919s][info][gc,heap        ] GC(1348) Survivor regions: 117->114(154)
[4569.919s][info][gc,heap        ] GC(1348) Old regions: 506->538
[4569.920s][info][gc,heap        ] GC(1348) Humongous regions: 80->80
[4569.920s][info][gc,metaspace   ] GC(1348) Metaspace: 28884K(29248K)->28884K(29248K) NonClass: 24016K(24192K)->24016K(24192K) Class: 4868K(5056K)->4868K(5056K)
[4569.920s][info][gc             ] GC(1348) Pause Young (Prepare Mixed) (G1 Evacuation Pause) 3626M->1461M(4096M) 120.913ms
[4569.920s][info][gc,cpu         ] GC(1348) User=0.72s Sys=0.00s Real=0.12s
..[4572.021s][info][gc,start       ] GC(1349) Pause Young (Mixed) (G1 Evacuation Pause)
[4572.021s][info][gc,task        ] GC(1349) Using 6 workers of 6 for evacuation
[4572.154s][info][gc,phases      ] GC(1349)   Pre Evacuate Collection Set: 0.34ms
[4572.154s][info][gc,phases      ] GC(1349)   Merge Heap Roots: 0.71ms
[4572.154s][info][gc,phases      ] GC(1349)   Evacuate Collection Set: 130.59ms
[4572.154s][info][gc,phases      ] GC(1349)   Post Evacuate Collection Set: 0.93ms
[4572.154s][info][gc,phases      ] GC(1349)   Other: 0.09ms
[4572.154s][info][gc,heap        ] GC(1349) Eden regions: 1099->0(1120)
[4572.154s][info][gc,heap        ] GC(1349) Survivor regions: 114->108(152)
[4572.154s][info][gc,heap        ] GC(1349) Old regions: 538->475
[4572.154s][info][gc,heap        ] GC(1349) Humongous regions: 80->80
[4572.154s][info][gc,metaspace   ] GC(1349) Metaspace: 28884K(29248K)->28884K(29248K) NonClass: 24016K(24192K)->24016K(24192K) Class: 4868K(5056K)->4868K(5056K)
[4572.154s][info][gc             ] GC(1349) Pause Young (Mixed) (G1 Evacuation Pause) 3659M->1324M(4096M) 132.772ms
[4572.154s][info][gc,cpu         ] GC(1349) User=0.79s Sys=0.00s Real=0.13s
..[4574.405s][info][gc,start       ] GC(1350) Pause Young (Concurrent Start) (G1 Evacuation Pause)
[4574.405s][info][gc,task        ] GC(1350) Using 6 workers of 6 for evacuation
[4574.527s][info][gc,phases      ] GC(1350)   Pre Evacuate Collection Set: 0.34ms
[4574.527s][info][gc,phases      ] GC(1350)   Merge Heap Roots: 0.46ms
[4574.527s][info][gc,phases      ] GC(1350)   Evacuate Collection Set: 120.01ms
[4574.527s][info][gc,phases      ] GC(1350)   Post Evacuate Collection Set: 0.88ms
[4574.527s][info][gc,phases      ] GC(1350)   Other: 0.10ms
[4574.527s][info][gc,heap        ] GC(1350) Eden regions: 1120->0(1113)
[4574.527s][info][gc,heap        ] GC(1350) Survivor regions: 108->115(154)
[4574.527s][info][gc,heap        ] GC(1350) Old regions: 475->507
[4574.527s][info][gc,heap        ] GC(1350) Humongous regions: 80->80
[4574.527s][info][gc,metaspace   ] GC(1350) Metaspace: 28884K(29248K)->28884K(29248K) NonClass: 24016K(24192K)->24016K(24192K) Class: 4868K(5056K)->4868K(5056K)
[4574.527s][info][gc             ] GC(1350) Pause Young (Concurrent Start) (G1 Evacuation Pause) 3564M->1402M(4096M) 121.936ms
[4574.527s][info][gc             ] GC(1351) Concurrent Mark Cycle
[4574.527s][info][gc,marking     ] GC(1351) Concurrent Scan Root Regions
[4574.527s][info][gc,cpu         ] GC(1350) User=0.73s Sys=0.00s Real=0.12s
.[4574.669s][info][gc,marking     ] GC(1351) Concurrent Scan Root Regions 141.827ms
[4574.669s][info][gc,marking     ] GC(1351) Concurrent Mark
[4574.669s][info][gc,marking     ] GC(1351) Concurrent Mark From Roots
[4574.669s][info][gc,task        ] GC(1351) Using 2 workers of 2 for marking
[4575.382s][info][gc,marking     ] GC(1351) Concurrent Mark From Roots 713.244ms
[4575.382s][info][gc,marking     ] GC(1351) Concurrent Preclean
[4575.382s][info][gc,marking     ] GC(1351) Concurrent Preclean 0.067ms
[4575.385s][info][gc,start       ] GC(1351) Pause Remark
[4575.388s][info][gc             ] GC(1351) Pause Remark 2142M->2142M(4096M) 2.742ms
[4575.388s][info][gc,cpu         ] GC(1351) User=0.01s Sys=0.00s Real=0.01s
[4575.388s][info][gc,marking     ] GC(1351) Concurrent Mark 718.854ms
[4575.388s][info][gc,marking     ] GC(1351) Concurrent Rebuild Remembered Sets and Scrub Regions
.[4575.759s][info][gc,marking     ] GC(1351) Concurrent Rebuild Remembered Sets and Scrub Regions 371.484ms
[4575.763s][info][gc,start       ] GC(1351) Pause Cleanup
[4575.763s][info][gc             ] GC(1351) Pause Cleanup 2456M->2456M(4096M) 0.137ms
[4575.763s][info][gc,cpu         ] GC(1351) User=0.00s Sys=0.00s Real=0.00s
[4575.763s][info][gc,marking     ] GC(1351) Concurrent Clear Claimed Marks
[4575.763s][info][gc,marking     ] GC(1351) Concurrent Clear Claimed Marks 0.031ms
[4575.763s][info][gc,marking     ] GC(1351) Concurrent Cleanup for Next Mark
[4575.768s][info][gc,marking     ] GC(1351) Concurrent Cleanup for Next Mark 5.605ms
[4575.769s][info][gc             ] GC(1351) Concurrent Mark Cycle 1241.356ms
.[4576.668s][info][gc,start       ] GC(1352) Pause Young (Prepare Mixed) (G1 Evacuation Pause)
[4576.668s][info][gc,task        ] GC(1352) Using 6 workers of 6 for evacuation
[4576.794s][info][gc,phases      ] GC(1352)   Pre Evacuate Collection Set: 0.33ms
[4576.794s][info][gc,phases      ] GC(1352)   Merge Heap Roots: 0.51ms
[4576.794s][info][gc,phases      ] GC(1352)   Evacuate Collection Set: 123.58ms
[4576.794s][info][gc,phases      ] GC(1352)   Post Evacuate Collection Set: 1.01ms
[4576.794s][info][gc,phases      ] GC(1352)   Other: 0.08ms
[4576.794s][info][gc,heap        ] GC(1352) Eden regions: 1113->0(1089)
[4576.794s][info][gc,heap        ] GC(1352) Survivor regions: 115->119(154)
[4576.794s][info][gc,heap        ] GC(1352) Old regions: 507->538
[4576.794s][info][gc,heap        ] GC(1352) Humongous regions: 80->80
[4576.794s][info][gc,metaspace   ] GC(1352) Metaspace: 28884K(29248K)->28884K(29248K) NonClass: 24016K(24192K)->24016K(24192K) Class: 4868K(5056K)->4868K(5056K)
[4576.794s][info][gc             ] GC(1352) Pause Young (Prepare Mixed) (G1 Evacuation Pause) 3628M->1471M(4096M) 125.635ms
[4576.794s][info][gc,cpu         ] GC(1352) User=0.74s Sys=0.00s Real=0.12s
..[4578.857s][info][gc,start       ] GC(1353) Pause Young (Mixed) (G1 Evacuation Pause)
[4578.857s][info][gc,task        ] GC(1353) Using 6 workers of 6 for evacuation
[4578.995s][info][gc,phases      ] GC(1353)   Pre Evacuate Collection Set: 0.36ms
[4578.995s][info][gc,phases      ] GC(1353)   Merge Heap Roots: 0.68ms
[4578.995s][info][gc,phases      ] GC(1353)   Evacuate Collection Set: 136.01ms
[4578.995s][info][gc,phases      ] GC(1353)   Post Evacuate Collection Set: 0.95ms
[4578.995s][info][gc,phases      ] GC(1353)   Other: 0.08ms
[4578.995s][info][gc,heap        ] GC(1353) Eden regions: 1089->0(1118)
[4578.995s][info][gc,heap        ] GC(1353) Survivor regions: 119->110(151)
[4578.995s][info][gc,heap        ] GC(1353) Old regions: 538->474
[4578.995s][info][gc,heap        ] GC(1353) Humongous regions: 80->80
[4578.995s][info][gc,metaspace   ] GC(1353) Metaspace: 28884K(29248K)->28884K(29248K) NonClass: 24016K(24192K)->24016K(24192K) Class: 4868K(5056K)->4868K(5056K)
[4578.995s][info][gc             ] GC(1353) Pause Young (Mixed) (G1 Evacuation Pause) 3649M->1327M(4096M) 138.222ms
[4578.995s][info][gc,cpu         ] GC(1353) User=0.82s Sys=0.00s Real=0.14s
..[4581.149s][info][gc,start       ] GC(1354) Pause Young (Concurrent Start) (G1 Evacuation Pause)
[4581.149s][info][gc,task        ] GC(1354) Using 6 workers of 6 for evacuation
[4581.267s][info][gc,phases      ] GC(1354)   Pre Evacuate Collection Set: 0.40ms
[4581.267s][info][gc,phases      ] GC(1354)   Merge Heap Roots: 0.49ms
[4581.267s][info][gc,phases      ] GC(1354)   Evacuate Collection Set: 116.13ms
[4581.267s][info][gc,phases      ] GC(1354)   Post Evacuate Collection Set: 0.89ms
[4581.267s][info][gc,phases      ] GC(1354)   Other: 0.12ms
[4581.267s][info][gc,heap        ] GC(1354) Eden regions: 1118->0(1118)
[4581.267s][info][gc,heap        ] GC(1354) Survivor regions: 110->110(154)
[4581.267s][info][gc,heap        ] GC(1354) Old regions: 474->506
[4581.267s][info][gc,heap        ] GC(1354) Humongous regions: 80->80
[4581.267s][info][gc,metaspace   ] GC(1354) Metaspace: 28884K(29248K)->28884K(29248K) NonClass: 24016K(24192K)->24016K(24192K) Class: 4868K(5056K)->4868K(5056K)
[4581.267s][info][gc             ] GC(1354) Pause Young (Concurrent Start) (G1 Evacuation Pause) 3563M->1391M(4096M) 118.177ms
[4581.267s][info][gc             ] GC(1355) Concurrent Mark Cycle
[4581.267s][info][gc,marking     ] GC(1355) Concurrent Scan Root Regions
[4581.267s][info][gc,cpu         ] GC(1354) User=0.70s Sys=0.00s Real=0.11s
[4581.456s][info][gc,marking     ] GC(1355) Concurrent Scan Root Regions 188.704ms
[4581.456s][info][gc,marking     ] GC(1355) Concurrent Mark
[4581.456s][info][gc,marking     ] GC(1355) Concurrent Mark From Roots
[4581.456s][info][gc,task        ] GC(1355) Using 2 workers of 2 for marking
.[4582.481s][info][gc,marking     ] GC(1355) Concurrent Mark From Roots 1024.744ms
[4582.481s][info][gc,marking     ] GC(1355) Concurrent Preclean
[4582.481s][info][gc,marking     ] GC(1355) Concurrent Preclean 0.126ms
[4582.482s][info][gc,start       ] GC(1355) Pause Remark
[4582.485s][info][gc             ] GC(1355) Pause Remark 2625M->2625M(4096M) 2.777ms
[4582.485s][info][gc,cpu         ] GC(1355) User=0.01s Sys=0.00s Real=0.00s
[4582.485s][info][gc,marking     ] GC(1355) Concurrent Mark 1028.870ms
[4582.485s][info][gc,marking     ] GC(1355) Concurrent Rebuild Remembered Sets and Scrub Regions
.[4582.833s][info][gc,marking     ] GC(1355) Concurrent Rebuild Remembered Sets and Scrub Regions 347.997ms
[4582.836s][info][gc,start       ] GC(1355) Pause Cleanup
[4582.836s][info][gc             ] GC(1355) Pause Cleanup 2925M->2925M(4096M) 0.142ms
[4582.836s][info][gc,cpu         ] GC(1355) User=0.00s Sys=0.00s Real=0.00s
[4582.836s][info][gc,marking     ] GC(1355) Concurrent Clear Claimed Marks
[4582.836s][info][gc,marking     ] GC(1355) Concurrent Clear Claimed Marks 0.033ms
[4582.836s][info][gc,marking     ] GC(1355) Concurrent Cleanup for Next Mark
[4582.843s][info][gc,marking     ] GC(1355) Concurrent Cleanup for Next Mark 6.956ms
[4582.843s][info][gc             ] GC(1355) Concurrent Mark Cycle 1576.179ms
[4583.431s][info][gc,start       ] GC(1356) Pause Young (Prepare Mixed) (G1 Evacuation Pause)
[4583.431s][info][gc,task        ] GC(1356) Using 6 workers of 6 for evacuation
[4583.549s][info][gc,phases      ] GC(1356)   Pre Evacuate Collection Set: 0.35ms
[4583.549s][info][gc,phases      ] GC(1356)   Merge Heap Roots: 0.53ms
[4583.549s][info][gc,phases      ] GC(1356)   Evacuate Collection Set: 115.54ms
[4583.549s][info][gc,phases      ] GC(1356)   Post Evacuate Collection Set: 0.93ms
[4583.549s][info][gc,phases      ] GC(1356)   Other: 0.10ms
[4583.549s][info][gc,heap        ] GC(1356) Eden regions: 1118->0(1106)
[4583.549s][info][gc,heap        ] GC(1356) Survivor regions: 110->111(154)
[4583.549s][info][gc,heap        ] GC(1356) Old regions: 506->537
[4583.549s][info][gc,heap        ] GC(1356) Humongous regions: 80->80
[4583.549s][info][gc,metaspace   ] GC(1356) Metaspace: 28884K(29248K)->28884K(29248K) NonClass: 24016K(24192K)->24016K(24192K) Class: 4868K(5056K)->4868K(5056K)
[4583.549s][info][gc             ] GC(1356) Pause Young (Prepare Mixed) (G1 Evacuation Pause) 3627M->1454M(4096M) 117.623ms
[4583.549s][info][gc,cpu         ] GC(1356) User=0.70s Sys=0.00s Real=0.12s
..[4585.701s][info][gc,start       ] GC(1357) Pause Young (Mixed) (G1 Evacuation Pause)
[4585.701s][info][gc,task        ] GC(1357) Using 6 workers of 6 for evacuation
[4585.838s][info][gc,phases      ] GC(1357)   Pre Evacuate Collection Set: 0.38ms
[4585.838s][info][gc,phases      ] GC(1357)   Merge Heap Roots: 0.81ms
[4585.838s][info][gc,phases      ] GC(1357)   Evacuate Collection Set: 134.56ms
[4585.838s][info][gc,phases      ] GC(1357)   Post Evacuate Collection Set: 0.94ms
[4585.838s][info][gc,phases      ] GC(1357)   Other: 0.08ms
[4585.838s][info][gc,heap        ] GC(1357) Eden regions: 1106->0(1120)
[4585.838s][info][gc,heap        ] GC(1357) Survivor regions: 111->108(153)
[4585.838s][info][gc,heap        ] GC(1357) Old regions: 537->474
[4585.838s][info][gc,heap        ] GC(1357) Humongous regions: 80->80
[4585.838s][info][gc,metaspace   ] GC(1357) Metaspace: 28884K(29248K)->28884K(29248K) NonClass: 24016K(24192K)->24016K(24192K) Class: 4868K(5056K)->4868K(5056K)
[4585.838s][info][gc             ] GC(1357) Pause Young (Mixed) (G1 Evacuation Pause) 3666M->1321M(4096M) 136.896ms
[4585.838s][info][gc,cpu         ] GC(1357) User=0.81s Sys=0.00s Real=0.14s
...[4587.947s][info][gc,start       ] GC(1358) Pause Young (Concurrent Start) (G1 Evacuation Pause)
[4587.947s][info][gc,task        ] GC(1358) Using 6 workers of 6 for evacuation
[4588.061s][info][gc,phases      ] GC(1358)   Pre Evacuate Collection Set: 0.39ms
[4588.061s][info][gc,phases      ] GC(1358)   Merge Heap Roots: 0.50ms
[4588.061s][info][gc,phases      ] GC(1358)   Evacuate Collection Set: 111.54ms
[4588.061s][info][gc,phases      ] GC(1358)   Post Evacuate Collection Set: 0.90ms
[4588.061s][info][gc,phases      ] GC(1358)   Other: 0.13ms
[4588.061s][info][gc,heap        ] GC(1358) Eden regions: 1120->0(1120)
[4588.061s][info][gc,heap        ] GC(1358) Survivor regions: 108->108(154)
[4588.061s][info][gc,heap        ] GC(1358) Old regions: 474->505
[4588.061s][info][gc,heap        ] GC(1358) Humongous regions: 80->80
[4588.061s][info][gc,metaspace   ] GC(1358) Metaspace: 28884K(29248K)->28884K(29248K) NonClass: 24016K(24192K)->24016K(24192K) Class: 4868K(5056K)->4868K(5056K)
[4588.061s][info][gc             ] GC(1358) Pause Young (Concurrent Start) (G1 Evacuation Pause) 3561M->1384M(4096M) 113.574ms
[4588.061s][info][gc             ] GC(1359) Concurrent Mark Cycle
[4588.061s][info][gc,marking     ] GC(1359) Concurrent Scan Root Regions
[4588.061s][info][gc,cpu         ] GC(1358) User=0.67s Sys=0.00s Real=0.11s
[4588.235s][info][gc,marking     ] GC(1359) Concurrent Scan Root Regions 174.380ms
[4588.235s][info][gc,marking     ] GC(1359) Concurrent Mark
[4588.235s][info][gc,marking     ] GC(1359) Concurrent Mark From Roots
[4588.236s][info][gc,task        ] GC(1359) Using 2 workers of 2 for marking
.[4589.221s][info][gc,marking     ] GC(1359) Concurrent Mark From Roots 985.411ms
[4589.221s][info][gc,marking     ] GC(1359) Concurrent Preclean
[4589.221s][info][gc,marking     ] GC(1359) Concurrent Preclean 0.116ms
[4589.223s][info][gc,start       ] GC(1359) Pause Remark
[4589.227s][info][gc             ] GC(1359) Pause Remark 2566M->2566M(4096M) 4.712ms
[4589.227s][info][gc,cpu         ] GC(1359) User=0.02s Sys=0.00s Real=0.01s
[4589.228s][info][gc,marking     ] GC(1359) Concurrent Mark 992.711ms
[4589.228s][info][gc,marking     ] GC(1359) Concurrent Rebuild Remembered Sets and Scrub Regions
[4589.502s][info][gc,marking     ] GC(1359) Concurrent Rebuild Remembered Sets and Scrub Regions 273.542ms
[4589.502s][info][gc,start       ] GC(1359) Pause Cleanup
[4589.502s][info][gc             ] GC(1359) Pause Cleanup 2830M->2830M(4096M) 0.118ms
[4589.502s][info][gc,cpu         ] GC(1359) User=0.00s Sys=0.00s Real=0.00s
[4589.503s][info][gc,marking     ] GC(1359) Concurrent Clear Claimed Marks
[4589.503s][info][gc,marking     ] GC(1359) Concurrent Clear Claimed Marks 0.031ms
[4589.503s][info][gc,marking     ] GC(1359) Concurrent Cleanup for Next Mark
[4589.508s][info][gc,marking     ] GC(1359) Concurrent Cleanup for Next Mark 5.263ms
[4589.508s][info][gc             ] GC(1359) Concurrent Mark Cycle 1447.208ms
.[4590.204s][info][gc,start       ] GC(1360) Pause Young (Prepare Mixed) (G1 Evacuation Pause)
[4590.204s][info][gc,task        ] GC(1360) Using 6 workers of 6 for evacuation
[4590.327s][info][gc,phases      ] GC(1360)   Pre Evacuate Collection Set: 0.31ms
[4590.327s][info][gc,phases      ] GC(1360)   Merge Heap Roots: 0.52ms
[4590.327s][info][gc,phases      ] GC(1360)   Evacuate Collection Set: 121.27ms
[4590.327s][info][gc,phases      ] GC(1360)   Post Evacuate Collection Set: 0.93ms
[4590.327s][info][gc,phases      ] GC(1360)   Other: 0.08ms
[4590.327s][info][gc,heap        ] GC(1360) Eden regions: 1120->0(1102)
[4590.327s][info][gc,heap        ] GC(1360) Survivor regions: 108->113(154)
[4590.327s][info][gc,heap        ] GC(1360) Old regions: 505->537
[4590.327s][info][gc,heap        ] GC(1360) Humongous regions: 80->80
[4590.327s][info][gc,metaspace   ] GC(1360) Metaspace: 28884K(29248K)->28884K(29248K) NonClass: 24016K(24192K)->24016K(24192K) Class: 4868K(5056K)->4868K(5056K)
[4590.327s][info][gc             ] GC(1360) Pause Young (Prepare Mixed) (G1 Evacuation Pause) 3624M->1458M(4096M) 123.239ms
[4590.327s][info][gc,cpu         ] GC(1360) User=0.73s Sys=0.00s Real=0.12s
..[4592.448s][info][gc,start       ] GC(1361) Pause Young (Mixed) (G1 Evacuation Pause)
[4592.449s][info][gc,task        ] GC(1361) Using 6 workers of 6 for evacuation
[4592.585s][info][gc,phases      ] GC(1361)   Pre Evacuate Collection Set: 0.34ms
[4592.585s][info][gc,phases      ] GC(1361)   Merge Heap Roots: 0.65ms
[4592.585s][info][gc,phases      ] GC(1361)   Evacuate Collection Set: 133.99ms
[4592.585s][info][gc,phases      ] GC(1361)   Post Evacuate Collection Set: 0.97ms
[4592.585s][info][gc,phases      ] GC(1361)   Other: 0.09ms
[4592.585s][info][gc,heap        ] GC(1361) Eden regions: 1102->0(1114)
[4592.585s][info][gc,heap        ] GC(1361) Survivor regions: 113->114(152)
[4592.585s][info][gc,heap        ] GC(1361) Old regions: 537->474
[4592.585s][info][gc,heap        ] GC(1361) Humongous regions: 80->80
[4592.585s][info][gc,metaspace   ] GC(1361) Metaspace: 28884K(29248K)->28884K(29248K) NonClass: 24016K(24192K)->24016K(24192K) Class: 4868K(5056K)->4868K(5056K)
[4592.585s][info][gc             ] GC(1361) Pause Young (Mixed) (G1 Evacuation Pause) 3662M->1333M(4096M) 136.171ms
[4592.585s][info][gc,cpu         ] GC(1361) User=0.82s Sys=0.00s Real=0.13s
..[4594.725s][info][gc,start       ] GC(1362) Pause Young (Concurrent Start) (G1 Evacuation Pause)
[4594.725s][info][gc,task        ] GC(1362) Using 6 workers of 6 for evacuation
[4594.845s][info][gc,phases      ] GC(1362)   Pre Evacuate Collection Set: 0.34ms
[4594.845s][info][gc,phases      ] GC(1362)   Merge Heap Roots: 0.46ms
[4594.845s][info][gc,phases      ] GC(1362)   Evacuate Collection Set: 118.71ms
[4594.845s][info][gc,phases      ] GC(1362)   Post Evacuate Collection Set: 0.86ms
[4594.845s][info][gc,phases      ] GC(1362)   Other: 0.13ms
[4594.845s][info][gc,heap        ] GC(1362) Eden regions: 1114->0(1116)
[4594.845s][info][gc,heap        ] GC(1362) Survivor regions: 114->112(154)
[4594.845s][info][gc,heap        ] GC(1362) Old regions: 474->507
[4594.845s][info][gc,heap        ] GC(1362) Humongous regions: 80->80
[4594.845s][info][gc,metaspace   ] GC(1362) Metaspace: 28884K(29248K)->28884K(29248K) NonClass: 24016K(24192K)->24016K(24192K) Class: 4868K(5056K)->4868K(5056K)
[4594.845s][info][gc             ] GC(1362) Pause Young (Concurrent Start) (G1 Evacuation Pause) 3561M->1395M(4096M) 120.636ms
[4594.845s][info][gc             ] GC(1363) Concurrent Mark Cycle
[4594.845s][info][gc,marking     ] GC(1363) Concurrent Scan Root Regions
[4594.845s][info][gc,cpu         ] GC(1362) User=0.72s Sys=0.00s Real=0.12s
.[4595.035s][info][gc,marking     ] GC(1363) Concurrent Scan Root Regions 189.406ms
[4595.035s][info][gc,marking     ] GC(1363) Concurrent Mark
[4595.035s][info][gc,marking     ] GC(1363) Concurrent Mark From Roots
[4595.035s][info][gc,task        ] GC(1363) Using 2 workers of 2 for marking
.[4596.123s][info][gc,marking     ] GC(1363) Concurrent Mark From Roots 1088.574ms
[4596.123s][info][gc,marking     ] GC(1363) Concurrent Preclean
[4596.123s][info][gc,marking     ] GC(1363) Concurrent Preclean 0.096ms
[4596.124s][info][gc,start       ] GC(1363) Pause Remark
[4596.128s][info][gc             ] GC(1363) Pause Remark 2622M->2622M(4096M) 3.846ms
[4596.128s][info][gc,cpu         ] GC(1363) User=0.02s Sys=0.00s Real=0.01s
[4596.128s][info][gc,marking     ] GC(1363) Concurrent Mark 1093.024ms
[4596.128s][info][gc,marking     ] GC(1363) Concurrent Rebuild Remembered Sets and Scrub Regions
[4596.510s][info][gc,marking     ] GC(1363) Concurrent Rebuild Remembered Sets and Scrub Regions 381.769ms
[4596.510s][info][gc,start       ] GC(1363) Pause Cleanup
[4596.510s][info][gc             ] GC(1363) Pause Cleanup 3061M->3061M(4096M) 0.119ms
[4596.510s][info][gc,cpu         ] GC(1363) User=0.00s Sys=0.00s Real=0.00s
[4596.510s][info][gc,marking     ] GC(1363) Concurrent Clear Claimed Marks
[4596.510s][info][gc,marking     ] GC(1363) Concurrent Clear Claimed Marks 0.023ms
[4596.510s][info][gc,marking     ] GC(1363) Concurrent Cleanup for Next Mark
[4596.516s][info][gc,marking     ] GC(1363) Concurrent Cleanup for Next Mark 5.544ms
[4596.516s][info][gc             ] GC(1363) Concurrent Mark Cycle 1670.323ms
[4596.944s][info][gc,start       ] GC(1364) Pause Young (Prepare Mixed) (G1 Evacuation Pause)
[4596.944s][info][gc,task        ] GC(1364) Using 6 workers of 6 for evacuation
[4597.065s][info][gc,phases      ] GC(1364)   Pre Evacuate Collection Set: 0.33ms
[4597.065s][info][gc,phases      ] GC(1364)   Merge Heap Roots: 0.48ms
[4597.065s][info][gc,phases      ] GC(1364)   Evacuate Collection Set: 119.90ms
[4597.065s][info][gc,phases      ] GC(1364)   Post Evacuate Collection Set: 0.96ms
[4597.065s][info][gc,phases      ] GC(1364)   Other: 0.08ms
[4597.065s][info][gc,heap        ] GC(1364) Eden regions: 1116->0(1102)
[4597.065s][info][gc,heap        ] GC(1364) Survivor regions: 112->112(154)
[4597.065s][info][gc,heap        ] GC(1364) Old regions: 507->539
[4597.065s][info][gc,heap        ] GC(1364) Humongous regions: 80->80
[4597.065s][info][gc,metaspace   ] GC(1364) Metaspace: 28884K(29248K)->28884K(29248K) NonClass: 24016K(24192K)->24016K(24192K) Class: 4868K(5056K)->4868K(5056K)
[4597.065s][info][gc             ] GC(1364) Pause Young (Prepare Mixed) (G1 Evacuation Pause) 3627M->1460M(4096M) 121.884ms
[4597.066s][info][gc,cpu         ] GC(1364) User=0.72s Sys=0.01s Real=0.12s
...[4599.183s][info][gc,start       ] GC(1365) Pause Young (Mixed) (G1 Evacuation Pause)
[4599.183s][info][gc,task        ] GC(1365) Using 6 workers of 6 for evacuation
[4599.319s][info][gc,phases      ] GC(1365)   Pre Evacuate Collection Set: 0.36ms
[4599.319s][info][gc,phases      ] GC(1365)   Merge Heap Roots: 0.73ms
[4599.319s][info][gc,phases      ] GC(1365)   Evacuate Collection Set: 133.40ms
[4599.319s][info][gc,phases      ] GC(1365)   Post Evacuate Collection Set: 0.92ms
[4599.319s][info][gc,phases      ] GC(1365)   Other: 0.08ms
[4599.319s][info][gc,heap        ] GC(1365) Eden regions: 1102->0(1118)
[4599.319s][info][gc,heap        ] GC(1365) Survivor regions: 112->110(152)
[4599.319s][info][gc,heap        ] GC(1365) Old regions: 539->474
[4599.319s][info][gc,heap        ] GC(1365) Humongous regions: 80->80
[4599.319s][info][gc,metaspace   ] GC(1365) Metaspace: 28884K(29248K)->28884K(29248K) NonClass: 24016K(24192K)->24016K(24192K) Class: 4868K(5056K)->4868K(5056K)
[4599.319s][info][gc             ] GC(1365) Pause Young (Mixed) (G1 Evacuation Pause) 3664M->1326M(4096M) 135.622ms
[4599.319s][info][gc,cpu         ] GC(1365) User=0.80s Sys=0.00s Real=0.14s
..[4601.445s][info][gc,start       ] GC(1366) Pause Young (Concurrent Start) (G1 Evacuation Pause)
[4601.446s][info][gc,task        ] GC(1366) Using 6 workers of 6 for evacuation
[4601.565s][info][gc,phases      ] GC(1366)   Pre Evacuate Collection Set: 0.37ms
[4601.565s][info][gc,phases      ] GC(1366)   Merge Heap Roots: 0.50ms
[4601.565s][info][gc,phases      ] GC(1366)   Evacuate Collection Set: 118.04ms
[4601.565s][info][gc,phases      ] GC(1366)   Post Evacuate Collection Set: 0.87ms
[4601.565s][info][gc,phases      ] GC(1366)   Other: 0.10ms
[4601.565s][info][gc,heap        ] GC(1366) Eden regions: 1118->0(1115)
[4601.565s][info][gc,heap        ] GC(1366) Survivor regions: 110->113(154)
[4601.565s][info][gc,heap        ] GC(1366) Old regions: 474->506
[4601.565s][info][gc,heap        ] GC(1366) Humongous regions: 80->80
[4601.565s][info][gc,metaspace   ] GC(1366) Metaspace: 28884K(29248K)->28884K(29248K) NonClass: 24016K(24192K)->24016K(24192K) Class: 4868K(5056K)->4868K(5056K)
[4601.566s][info][gc             ] GC(1366) Pause Young (Concurrent Start) (G1 Evacuation Pause) 3562M->1396M(4096M) 120.035ms
[4601.566s][info][gc             ] GC(1367) Concurrent Mark Cycle
[4601.566s][info][gc,marking     ] GC(1367) Concurrent Scan Root Regions
[4601.566s][info][gc,cpu         ] GC(1366) User=0.71s Sys=0.00s Real=0.12s
[4601.761s][info][gc,marking     ] GC(1367) Concurrent Scan Root Regions 195.083ms
[4601.761s][info][gc,marking     ] GC(1367) Concurrent Mark
[4601.761s][info][gc,marking     ] GC(1367) Concurrent Mark From Roots
[4601.761s][info][gc,task        ] GC(1367) Using 2 workers of 2 for marking
.[4602.830s][info][gc,marking     ] GC(1367) Concurrent Mark From Roots 1069.080ms
[4602.830s][info][gc,marking     ] GC(1367) Concurrent Preclean
[4602.830s][info][gc,marking     ] GC(1367) Concurrent Preclean 0.112ms
[4602.833s][info][gc,start       ] GC(1367) Pause Remark
[4602.837s][info][gc             ] GC(1367) Pause Remark 2590M->2590M(4096M) 3.320ms
[4602.837s][info][gc,cpu         ] GC(1367) User=0.02s Sys=0.00s Real=0.00s
[4602.837s][info][gc,marking     ] GC(1367) Concurrent Mark 1076.205ms
[4602.837s][info][gc,marking     ] GC(1367) Concurrent Rebuild Remembered Sets and Scrub Regions
[4603.208s][info][gc,marking     ] GC(1367) Concurrent Rebuild Remembered Sets and Scrub Regions 371.031ms
[4603.208s][info][gc,start       ] GC(1367) Pause Cleanup
[4603.208s][info][gc             ] GC(1367) Pause Cleanup 2984M->2984M(4096M) 0.113ms
[4603.208s][info][gc,cpu         ] GC(1367) User=0.00s Sys=0.00s Real=0.00s
[4603.208s][info][gc,marking     ] GC(1367) Concurrent Clear Claimed Marks
[4603.208s][info][gc,marking     ] GC(1367) Concurrent Clear Claimed Marks 0.031ms
[4603.208s][info][gc,marking     ] GC(1367) Concurrent Cleanup for Next Mark
[4603.213s][info][gc,marking     ] GC(1367) Concurrent Cleanup for Next Mark 4.559ms
[4603.213s][info][gc             ] GC(1367) Concurrent Mark Cycle 1647.402ms
.[4603.757s][info][gc,start       ] GC(1368) Pause Young (Prepare Mixed) (G1 Evacuation Pause)
[4603.757s][info][gc,task        ] GC(1368) Using 6 workers of 6 for evacuation
[4603.872s][info][gc,phases      ] GC(1368)   Pre Evacuate Collection Set: 0.32ms
[4603.872s][info][gc,phases      ] GC(1368)   Merge Heap Roots: 0.49ms
[4603.872s][info][gc,phases      ] GC(1368)   Evacuate Collection Set: 113.12ms
[4603.872s][info][gc,phases      ] GC(1368)   Post Evacuate Collection Set: 0.96ms
[4603.872s][info][gc,phases      ] GC(1368)   Other: 0.09ms
[4603.872s][info][gc,heap        ] GC(1368) Eden regions: 1115->0(1112)
[4603.872s][info][gc,heap        ] GC(1368) Survivor regions: 113->108(154)
[4603.872s][info][gc,heap        ] GC(1368) Old regions: 506->537
[4603.872s][info][gc,heap        ] GC(1368) Humongous regions: 80->80
[4603.872s][info][gc,metaspace   ] GC(1368) Metaspace: 28884K(29248K)->28884K(29248K) NonClass: 24016K(24192K)->24016K(24192K) Class: 4868K(5056K)->4868K(5056K)
[4603.872s][info][gc             ] GC(1368) Pause Young (Prepare Mixed) (G1 Evacuation Pause) 3626M->1449M(4096M) 115.112ms
[4603.872s][info][gc,cpu         ] GC(1368) User=0.68s Sys=0.00s Real=0.12s
..[4605.966s][info][gc,start       ] GC(1369) Pause Young (Mixed) (G1 Evacuation Pause)
[4605.966s][info][gc,task        ] GC(1369) Using 6 workers of 6 for evacuation
[4606.098s][info][gc,phases      ] GC(1369)   Pre Evacuate Collection Set: 0.38ms
[4606.099s][info][gc,phases      ] GC(1369)   Merge Heap Roots: 0.78ms
[4606.099s][info][gc,phases      ] GC(1369)   Evacuate Collection Set: 130.40ms
[4606.099s][info][gc,phases      ] GC(1369)   Post Evacuate Collection Set: 0.94ms
[4606.099s][info][gc,phases      ] GC(1369)   Other: 0.09ms
[4606.099s][info][gc,heap        ] GC(1369) Eden regions: 1112->0(1121)
[4606.099s][info][gc,heap        ] GC(1369) Survivor regions: 108->107(153)
[4606.099s][info][gc,heap        ] GC(1369) Old regions: 537->475
[4606.099s][info][gc,heap        ] GC(1369) Humongous regions: 80->80
[4606.099s][info][gc,metaspace   ] GC(1369) Metaspace: 28884K(29248K)->28884K(29248K) NonClass: 24016K(24192K)->24016K(24192K) Class: 4868K(5056K)->4868K(5056K)
[4606.099s][info][gc             ] GC(1369) Pause Young (Mixed) (G1 Evacuation Pause) 3673M->1322M(4096M) 132.712ms
[4606.099s][info][gc,cpu         ] GC(1369) User=0.79s Sys=0.00s Real=0.14s
..[4608.184s][info][gc,start       ] GC(1370) Pause Young (Concurrent Start) (G1 Evacuation Pause)
[4608.184s][info][gc,task        ] GC(1370) Using 6 workers of 6 for evacuation
[4608.299s][info][gc,phases      ] GC(1370)   Pre Evacuate Collection Set: 0.41ms
[4608.300s][info][gc,phases      ] GC(1370)   Merge Heap Roots: 0.47ms
[4608.300s][info][gc,phases      ] GC(1370)   Evacuate Collection Set: 113.63ms
[4608.300s][info][gc,phases      ] GC(1370)   Post Evacuate Collection Set: 0.84ms
[4608.300s][info][gc,phases      ] GC(1370)   Other: 0.12ms
[4608.300s][info][gc,heap        ] GC(1370) Eden regions: 1121->0(1118)
[4608.300s][info][gc,heap        ] GC(1370) Survivor regions: 107->110(154)
[4608.300s][info][gc,heap        ] GC(1370) Old regions: 475->506
[4608.300s][info][gc,heap        ] GC(1370) Humongous regions: 80->80
[4608.300s][info][gc,metaspace   ] GC(1370) Metaspace: 28884K(29248K)->28884K(29248K) NonClass: 24016K(24192K)->24016K(24192K) Class: 4868K(5056K)->4868K(5056K)
[4608.300s][info][gc             ] GC(1370) Pause Young (Concurrent Start) (G1 Evacuation Pause) 3564M->1391M(4096M) 115.593ms
[4608.300s][info][gc             ] GC(1371) Concurrent Mark Cycle
[4608.300s][info][gc,marking     ] GC(1371) Concurrent Scan Root Regions
[4608.300s][info][gc,cpu         ] GC(1370) User=0.69s Sys=0.00s Real=0.12s
.[4608.499s][info][gc,marking     ] GC(1371) Concurrent Scan Root Regions 199.689ms
[4608.499s][info][gc,marking     ] GC(1371) Concurrent Mark
[4608.499s][info][gc,marking     ] GC(1371) Concurrent Mark From Roots
[4608.499s][info][gc,task        ] GC(1371) Using 2 workers of 2 for marking
.[4609.503s][info][gc,marking     ] GC(1371) Concurrent Mark From Roots 1003.956ms
[4609.503s][info][gc,marking     ] GC(1371) Concurrent Preclean
[4609.504s][info][gc,marking     ] GC(1371) Concurrent Preclean 0.118ms
[4609.505s][info][gc,start       ] GC(1371) Pause Remark
[4609.509s][info][gc             ] GC(1371) Pause Remark 2599M->2599M(4096M) 4.614ms
[4609.509s][info][gc,cpu         ] GC(1371) User=0.02s Sys=0.00s Real=0.01s
[4609.509s][info][gc,marking     ] GC(1371) Concurrent Mark 1010.009ms
[4609.509s][info][gc,marking     ] GC(1371) Concurrent Rebuild Remembered Sets and Scrub Regions
[4609.825s][info][gc,marking     ] GC(1371) Concurrent Rebuild Remembered Sets and Scrub Regions 315.761ms
[4609.826s][info][gc,start       ] GC(1371) Pause Cleanup
[4609.826s][info][gc             ] GC(1371) Pause Cleanup 2875M->2875M(4096M) 0.105ms
[4609.826s][info][gc,cpu         ] GC(1371) User=0.00s Sys=0.00s Real=0.00s
[4609.826s][info][gc,marking     ] GC(1371) Concurrent Clear Claimed Marks
[4609.826s][info][gc,marking     ] GC(1371) Concurrent Clear Claimed Marks 0.032ms
[4609.826s][info][gc,marking     ] GC(1371) Concurrent Cleanup for Next Mark
[4609.830s][info][gc,marking     ] GC(1371) Concurrent Cleanup for Next Mark 4.442ms
[4609.830s][info][gc             ] GC(1371) Concurrent Mark Cycle 1530.811ms
.[4610.544s][info][gc,start       ] GC(1372) Pause Young (Prepare Mixed) (G1 Evacuation Pause)
[4610.544s][info][gc,task        ] GC(1372) Using 6 workers of 6 for evacuation
[4610.662s][info][gc,phases      ] GC(1372)   Pre Evacuate Collection Set: 0.35ms
[4610.663s][info][gc,phases      ] GC(1372)   Merge Heap Roots: 0.55ms
[4610.663s][info][gc,phases      ] GC(1372)   Evacuate Collection Set: 116.88ms
[4610.663s][info][gc,phases      ] GC(1372)   Post Evacuate Collection Set: 0.89ms
[4610.663s][info][gc,phases      ] GC(1372)   Other: 0.09ms
[4610.663s][info][gc,heap        ] GC(1372) Eden regions: 1118->0(1103)
[4610.663s][info][gc,heap        ] GC(1372) Survivor regions: 110->112(154)
[4610.663s][info][gc,heap        ] GC(1372) Old regions: 506->538
[4610.663s][info][gc,heap        ] GC(1372) Humongous regions: 80->80
[4610.663s][info][gc,metaspace   ] GC(1372) Metaspace: 28884K(29248K)->28884K(29248K) NonClass: 24016K(24192K)->24016K(24192K) Class: 4868K(5056K)->4868K(5056K)
[4610.663s][info][gc             ] GC(1372) Pause Young (Prepare Mixed) (G1 Evacuation Pause) 3627M->1457M(4096M) 118.895ms
[4610.663s][info][gc,cpu         ] GC(1372) User=0.71s Sys=0.00s Real=0.12s
..[4612.753s][info][gc,start       ] GC(1373) Pause Young (Mixed) (G1 Evacuation Pause)
[4612.753s][info][gc,task        ] GC(1373) Using 6 workers of 6 for evacuation
[4612.885s][info][gc,phases      ] GC(1373)   Pre Evacuate Collection Set: 0.36ms
[4612.885s][info][gc,phases      ] GC(1373)   Merge Heap Roots: 0.65ms
[4612.885s][info][gc,phases      ] GC(1373)   Evacuate Collection Set: 130.04ms
[4612.885s][info][gc,phases      ] GC(1373)   Post Evacuate Collection Set: 0.95ms
[4612.885s][info][gc,phases      ] GC(1373)   Other: 0.09ms
[4612.885s][info][gc,heap        ] GC(1373) Eden regions: 1103->0(1119)
[4612.885s][info][gc,heap        ] GC(1373) Survivor regions: 112->109(152)
[4612.885s][info][gc,heap        ] GC(1373) Old regions: 538->474
[4612.885s][info][gc,heap        ] GC(1373) Humongous regions: 80->80
[4612.885s][info][gc,metaspace   ] GC(1373) Metaspace: 28884K(29248K)->28884K(29248K) NonClass: 24016K(24192K)->24016K(24192K) Class: 4868K(5056K)->4868K(5056K)
[4612.885s][info][gc             ] GC(1373) Pause Young (Mixed) (G1 Evacuation Pause) 3663M->1324M(4096M) 132.223ms
[4612.885s][info][gc,cpu         ] GC(1373) User=0.79s Sys=0.00s Real=0.13s
..[4615.000s][info][gc,start       ] GC(1374) Pause Young (Concurrent Start) (G1 Evacuation Pause)
[4615.000s][info][gc,task        ] GC(1374) Using 6 workers of 6 for evacuation
[4615.118s][info][gc,phases      ] GC(1374)   Pre Evacuate Collection Set: 0.36ms
[4615.118s][info][gc,phases      ] GC(1374)   Merge Heap Roots: 0.46ms
[4615.118s][info][gc,phases      ] GC(1374)   Evacuate Collection Set: 116.25ms
[4615.118s][info][gc,phases      ] GC(1374)   Post Evacuate Collection Set: 0.88ms
[4615.118s][info][gc,phases      ] GC(1374)   Other: 0.11ms
[4615.118s][info][gc,heap        ] GC(1374) Eden regions: 1119->0(1116)
[4615.118s][info][gc,heap        ] GC(1374) Survivor regions: 109->112(154)
[4615.118s][info][gc,heap        ] GC(1374) Old regions: 474->507
[4615.118s][info][gc,heap        ] GC(1374) Humongous regions: 80->80
[4615.118s][info][gc,metaspace   ] GC(1374) Metaspace: 28884K(29248K)->28884K(29248K) NonClass: 24016K(24192K)->24016K(24192K) Class: 4868K(5056K)->4868K(5056K)
[4615.118s][info][gc             ] GC(1374) Pause Young (Concurrent Start) (G1 Evacuation Pause) 3562M->1395M(4096M) 118.202ms
[4615.118s][info][gc             ] GC(1375) Concurrent Mark Cycle
[4615.118s][info][gc,marking     ] GC(1375) Concurrent Scan Root Regions
[4615.118s][info][gc,cpu         ] GC(1374) User=0.70s Sys=0.00s Real=0.12s
[4615.261s][info][gc,marking     ] GC(1375) Concurrent Scan Root Regions 142.065ms
[4615.261s][info][gc,marking     ] GC(1375) Concurrent Mark
[4615.261s][info][gc,marking     ] GC(1375) Concurrent Mark From Roots
[4615.261s][info][gc,task        ] GC(1375) Using 2 workers of 2 for marking
.[4616.104s][info][gc,marking     ] GC(1375) Concurrent Mark From Roots 843.558ms
[4616.104s][info][gc,marking     ] GC(1375) Concurrent Preclean
[4616.104s][info][gc,marking     ] GC(1375) Concurrent Preclean 0.113ms
[4616.104s][info][gc,start       ] GC(1375) Pause Remark
[4616.107s][info][gc             ] GC(1375) Pause Remark 2343M->2343M(4096M) 2.850ms
[4616.107s][info][gc,cpu         ] GC(1375) User=0.02s Sys=0.00s Real=0.01s
[4616.107s][info][gc,marking     ] GC(1375) Concurrent Mark 846.786ms
[4616.107s][info][gc,marking     ] GC(1375) Concurrent Rebuild Remembered Sets and Scrub Regions
[4616.488s][info][gc,marking     ] GC(1375) Concurrent Rebuild Remembered Sets and Scrub Regions 380.346ms
[4616.488s][info][gc,start       ] GC(1375) Pause Cleanup
[4616.488s][info][gc             ] GC(1375) Pause Cleanup 2741M->2741M(4096M) 0.116ms
[4616.488s][info][gc,cpu         ] GC(1375) User=0.00s Sys=0.00s Real=0.00s
[4616.489s][info][gc,marking     ] GC(1375) Concurrent Clear Claimed Marks
[4616.489s][info][gc,marking     ] GC(1375) Concurrent Clear Claimed Marks 0.026ms
[4616.489s][info][gc,marking     ] GC(1375) Concurrent Cleanup for Next Mark
[4616.494s][info][gc,marking     ] GC(1375) Concurrent Cleanup for Next Mark 5.389ms
[4616.494s][info][gc             ] GC(1375) Concurrent Mark Cycle 1375.523ms
.[4617.263s][info][gc,start       ] GC(1376) Pause Young (Prepare Mixed) (G1 Evacuation Pause)
[4617.263s][info][gc,task        ] GC(1376) Using 6 workers of 6 for evacuation
[4617.381s][info][gc,phases      ] GC(1376)   Pre Evacuate Collection Set: 0.31ms
[4617.381s][info][gc,phases      ] GC(1376)   Merge Heap Roots: 0.50ms
[4617.381s][info][gc,phases      ] GC(1376)   Evacuate Collection Set: 115.85ms
[4617.381s][info][gc,phases      ] GC(1376)   Post Evacuate Collection Set: 0.93ms
[4617.381s][info][gc,phases      ] GC(1376)   Other: 0.10ms
[4617.381s][info][gc,heap        ] GC(1376) Eden regions: 1116->0(1107)
[4617.381s][info][gc,heap        ] GC(1376) Survivor regions: 112->110(154)
[4617.381s][info][gc,heap        ] GC(1376) Old regions: 507->538
[4617.381s][info][gc,heap        ] GC(1376) Humongous regions: 80->80
[4617.381s][info][gc,metaspace   ] GC(1376) Metaspace: 28884K(29248K)->28884K(29248K) NonClass: 24016K(24192K)->24016K(24192K) Class: 4868K(5056K)->4868K(5056K)
[4617.381s][info][gc             ] GC(1376) Pause Young (Prepare Mixed) (G1 Evacuation Pause) 3627M->1454M(4096M) 117.830ms
[4617.381s][info][gc,cpu         ] GC(1376) User=0.70s Sys=0.00s Real=0.12s
.. (rIR:aIR:PR = 8302:8340:8340) (tPR = 123704) [OK] 
  4618s: Performance info:
         Transaction,    Success,    Partial,     Failed,   Receipts, AvgBarcode, 
             Overall,     505252,          0,          0,     480239,      59.47, 
         Response times:
             Request,    Success,    Partial,     Failed,   SkipFail,     Probes,    Samples,      min,      p50,      p90,      p95,      p99,      max, 
       TotalPurchase,     480180,          0,          0,          0,     351492,     457278,      200,     7700,   116000,   169000,   272000,   790000,
     InStorePurchase,     253266,          0,          0,          0,     184651,     240118,      200,     7700,   116000,   169000,   271000,   790000,
      OnlinePurchase,     176757,          0,          0,          0,     129335,     168437,      300,     7700,   115000,   171000,   276000,   750000,
        InstPurchase,      50157,          0,          0,          0,      37506,      48723,      400,     7900,   118000,   167000,   270000,   491000,
          AssocOfCat,        502,          0,          0,          0,        393,        584,    26000,    47000,   179000,   232750,   312000,   424000,
      AssocOfProduct,       5010,          0,          0,          0,       3411,       4592,      900,     8800,   119000,   167050,   272070,   488000,
      BusinessReport,       1263,          0,          0,          0,       1096,       1545,    26000,    51000,   168000,   206700,   301620,   446000,
          CustBuyBeh,       4980,          0,          0,          0,       3511,       4789,      200,     8600,   123000,   171000,   277000,   397000,
       ProductReturn,      13312,          0,          0,          0,       9034,      11976,      700,     8200,   122000,   176000,   286230,   532000,

  4618s: (61%)   IR =   8441 [4619.543s][info][gc,start       ] GC(1377) Pause Young (Mixed) (G1 Evacuation Pause)
[4619.543s][info][gc,task        ] GC(1377) Using 6 workers of 6 for evacuation
[4619.682s][info][gc,phases      ] GC(1377)   Pre Evacuate Collection Set: 0.44ms
[4619.682s][info][gc,phases      ] GC(1377)   Merge Heap Roots: 0.78ms
[4619.682s][info][gc,phases      ] GC(1377)   Evacuate Collection Set: 135.72ms
[4619.682s][info][gc,phases      ] GC(1377)   Post Evacuate Collection Set: 1.00ms
[4619.682s][info][gc,phases      ] GC(1377)   Other: 0.86ms
[4619.682s][info][gc,heap        ] GC(1377) Eden regions: 1107->0(1116)
[4619.682s][info][gc,heap        ] GC(1377) Survivor regions: 110->112(153)
[4619.682s][info][gc,heap        ] GC(1377) Old regions: 538->475
[4619.682s][info][gc,heap        ] GC(1377) Humongous regions: 80->80
[4619.682s][info][gc,metaspace   ] GC(1377) Metaspace: 28884K(29248K)->28884K(29248K) NonClass: 24016K(24192K)->24016K(24192K) Class: 4868K(5056K)->4868K(5056K)
[4619.682s][info][gc             ] GC(1377) Pause Young (Mixed) (G1 Evacuation Pause) 3668M->1332M(4096M) 138.946ms
[4619.682s][info][gc,cpu         ] GC(1377) User=0.82s Sys=0.00s Real=0.14s
...[4621.775s][info][gc,start       ] GC(1378) Pause Young (Concurrent Start) (G1 Evacuation Pause)
[4621.775s][info][gc,task        ] GC(1378) Using 6 workers of 6 for evacuation
[4621.890s][info][gc,phases      ] GC(1378)   Pre Evacuate Collection Set: 0.38ms
[4621.890s][info][gc,phases      ] GC(1378)   Merge Heap Roots: 0.45ms
[4621.890s][info][gc,phases      ] GC(1378)   Evacuate Collection Set: 112.79ms
[4621.890s][info][gc,phases      ] GC(1378)   Post Evacuate Collection Set: 0.86ms
[4621.890s][info][gc,phases      ] GC(1378)   Other: 0.12ms
[4621.890s][info][gc,heap        ] GC(1378) Eden regions: 1116->0(1119)
[4621.890s][info][gc,heap        ] GC(1378) Survivor regions: 112->109(154)
[4621.890s][info][gc,heap        ] GC(1378) Old regions: 475->507
[4621.890s][info][gc,heap        ] GC(1378) Humongous regions: 80->80
[4621.890s][info][gc,metaspace   ] GC(1378) Metaspace: 28884K(29248K)->28884K(29248K) NonClass: 24016K(24192K)->24016K(24192K) Class: 4868K(5056K)->4868K(5056K)
[4621.890s][info][gc             ] GC(1378) Pause Young (Concurrent Start) (G1 Evacuation Pause) 3564M->1391M(4096M) 114.745ms
[4621.890s][info][gc             ] GC(1379) Concurrent Mark Cycle
[4621.890s][info][gc,marking     ] GC(1379) Concurrent Scan Root Regions
[4621.890s][info][gc,cpu         ] GC(1378) User=0.69s Sys=0.00s Real=0.12s
[4622.093s][info][gc,marking     ] GC(1379) Concurrent Scan Root Regions 202.660ms
[4622.093s][info][gc,marking     ] GC(1379) Concurrent Mark
[4622.093s][info][gc,marking     ] GC(1379) Concurrent Mark From Roots
[4622.093s][info][gc,task        ] GC(1379) Using 2 workers of 2 for marking
.[4623.092s][info][gc,marking     ] GC(1379) Concurrent Mark From Roots 999.163ms
[4623.092s][info][gc,marking     ] GC(1379) Concurrent Preclean
[4623.092s][info][gc,marking     ] GC(1379) Concurrent Preclean 0.141ms
[4623.093s][info][gc,start       ] GC(1379) Pause Remark
[4623.098s][info][gc             ] GC(1379) Pause Remark 2550M->2550M(4096M) 4.627ms
[4623.098s][info][gc,cpu         ] GC(1379) User=0.02s Sys=0.00s Real=0.01s
[4623.099s][info][gc,marking     ] GC(1379) Concurrent Mark 1005.934ms
[4623.099s][info][gc,marking     ] GC(1379) Concurrent Rebuild Remembered Sets and Scrub Regions
[4623.473s][info][gc,marking     ] GC(1379) Concurrent Rebuild Remembered Sets and Scrub Regions 373.716ms
[4623.475s][info][gc,start       ] GC(1379) Pause Cleanup
[4623.475s][info][gc             ] GC(1379) Pause Cleanup 2973M->2973M(4096M) 0.136ms
[4623.475s][info][gc,cpu         ] GC(1379) User=0.00s Sys=0.00s Real=0.00s
[4623.475s][info][gc,marking     ] GC(1379) Concurrent Clear Claimed Marks
[4623.475s][info][gc,marking     ] GC(1379) Concurrent Clear Claimed Marks 0.031ms
[4623.475s][info][gc,marking     ] GC(1379) Concurrent Cleanup for Next Mark
[4623.515s][info][gc,marking     ] GC(1379) Concurrent Cleanup for Next Mark 39.584ms
[4623.515s][info][gc             ] GC(1379) Concurrent Mark Cycle 1624.788ms
.[4624.028s][info][gc,start       ] GC(1380) Pause Young (Prepare Mixed) (G1 Evacuation Pause)
[4624.028s][info][gc,task        ] GC(1380) Using 6 workers of 6 for evacuation
[4624.149s][info][gc,phases      ] GC(1380)   Pre Evacuate Collection Set: 0.30ms
[4624.149s][info][gc,phases      ] GC(1380)   Merge Heap Roots: 0.50ms
[4624.149s][info][gc,phases      ] GC(1380)   Evacuate Collection Set: 119.37ms
[4624.149s][info][gc,phases      ] GC(1380)   Post Evacuate Collection Set: 0.92ms
[4624.149s][info][gc,phases      ] GC(1380)   Other: 0.08ms
[4624.149s][info][gc,heap        ] GC(1380) Eden regions: 1119->0(1100)
[4624.149s][info][gc,heap        ] GC(1380) Survivor regions: 109->113(154)
[4624.149s][info][gc,heap        ] GC(1380) Old regions: 507->539
[4624.149s][info][gc,heap        ] GC(1380) Humongous regions: 80->80
[4624.149s][info][gc,metaspace   ] GC(1380) Metaspace: 28884K(29248K)->28884K(29248K) NonClass: 24016K(24192K)->24016K(24192K) Class: 4868K(5056K)->4868K(5056K)
[4624.149s][info][gc             ] GC(1380) Pause Young (Prepare Mixed) (G1 Evacuation Pause) 3629M->1461M(4096M) 121.300ms
[4624.149s][info][gc,cpu         ] GC(1380) User=0.73s Sys=0.00s Real=0.12s
..[4626.203s][info][gc,start       ] GC(1381) Pause Young (Mixed) (G1 Evacuation Pause)
[4626.203s][info][gc,task        ] GC(1381) Using 6 workers of 6 for evacuation
[4626.341s][info][gc,phases      ] GC(1381)   Pre Evacuate Collection Set: 0.38ms
[4626.341s][info][gc,phases      ] GC(1381)   Merge Heap Roots: 0.72ms
[4626.341s][info][gc,phases      ] GC(1381)   Evacuate Collection Set: 136.67ms
[4626.341s][info][gc,phases      ] GC(1381)   Post Evacuate Collection Set: 0.81ms
[4626.341s][info][gc,phases      ] GC(1381)   Other: 0.09ms
[4626.341s][info][gc,heap        ] GC(1381) Eden regions: 1100->0(1117)
[4626.341s][info][gc,heap        ] GC(1381) Survivor regions: 113->111(152)
[4626.341s][info][gc,heap        ] GC(1381) Old regions: 539->475
[4626.341s][info][gc,heap        ] GC(1381) Humongous regions: 80->80
[4626.341s][info][gc,metaspace   ] GC(1381) Metaspace: 28884K(29248K)->28884K(29248K) NonClass: 24016K(24192K)->24016K(24192K) Class: 4868K(5056K)->4868K(5056K)
[4626.341s][info][gc             ] GC(1381) Pause Young (Mixed) (G1 Evacuation Pause) 3661M->1330M(4096M) 138.804ms
[4626.341s][info][gc,cpu         ] GC(1381) User=0.83s Sys=0.00s Real=0.14s
..[4628.420s][info][gc,start       ] GC(1382) Pause Young (Concurrent Start) (G1 Evacuation Pause)
[4628.420s][info][gc,task        ] GC(1382) Using 6 workers of 6 for evacuation
[4628.541s][info][gc,phases      ] GC(1382)   Pre Evacuate Collection Set: 0.39ms
[4628.541s][info][gc,phases      ] GC(1382)   Merge Heap Roots: 0.50ms
[4628.541s][info][gc,phases      ] GC(1382)   Evacuate Collection Set: 118.76ms
[4628.541s][info][gc,phases      ] GC(1382)   Post Evacuate Collection Set: 0.92ms
[4628.541s][info][gc,phases      ] GC(1382)   Other: 0.13ms
[4628.541s][info][gc,heap        ] GC(1382) Eden regions: 1117->0(1114)
[4628.541s][info][gc,heap        ] GC(1382) Survivor regions: 111->114(154)
[4628.541s][info][gc,heap        ] GC(1382) Old regions: 475->507
[4628.541s][info][gc,heap        ] GC(1382) Humongous regions: 80->80
[4628.541s][info][gc,metaspace   ] GC(1382) Metaspace: 28884K(29248K)->28884K(29248K) NonClass: 24016K(24192K)->24016K(24192K) Class: 4868K(5056K)->4868K(5056K)
[4628.541s][info][gc             ] GC(1382) Pause Young (Concurrent Start) (G1 Evacuation Pause) 3564M->1400M(4096M) 120.849ms
[4628.541s][info][gc             ] GC(1383) Concurrent Mark Cycle
[4628.541s][info][gc,marking     ] GC(1383) Concurrent Scan Root Regions
[4628.541s][info][gc,cpu         ] GC(1382) User=0.72s Sys=0.00s Real=0.12s
[4628.737s][info][gc,marking     ] GC(1383) Concurrent Scan Root Regions 195.937ms
[4628.737s][info][gc,marking     ] GC(1383) Concurrent Mark
[4628.737s][info][gc,marking     ] GC(1383) Concurrent Mark From Roots
[4628.737s][info][gc,task        ] GC(1383) Using 2 workers of 2 for marking
.[4629.851s][info][gc,marking     ] GC(1383) Concurrent Mark From Roots 1113.450ms
[4629.851s][info][gc,marking     ] GC(1383) Concurrent Preclean
[4629.851s][info][gc,marking     ] GC(1383) Concurrent Preclean 0.130ms
[4629.853s][info][gc,start       ] GC(1383) Pause Remark
[4629.856s][info][gc             ] GC(1383) Pause Remark 2640M->2640M(4096M) 3.602ms
[4629.856s][info][gc,cpu         ] GC(1383) User=0.02s Sys=0.00s Real=0.00s
[4629.857s][info][gc,marking     ] GC(1383) Concurrent Mark 1119.599ms
[4629.857s][info][gc,marking     ] GC(1383) Concurrent Rebuild Remembered Sets and Scrub Regions
.[4630.255s][info][gc,marking     ] GC(1383) Concurrent Rebuild Remembered Sets and Scrub Regions 398.734ms
[4630.256s][info][gc,start       ] GC(1383) Pause Cleanup
[4630.256s][info][gc             ] GC(1383) Pause Cleanup 3155M->3155M(4096M) 0.124ms
[4630.256s][info][gc,cpu         ] GC(1383) User=0.00s Sys=0.00s Real=0.00s
[4630.258s][info][gc,marking     ] GC(1383) Concurrent Clear Claimed Marks
[4630.258s][info][gc,marking     ] GC(1383) Concurrent Clear Claimed Marks 0.061ms
[4630.258s][info][gc,marking     ] GC(1383) Concurrent Cleanup for Next Mark
[4630.269s][info][gc,marking     ] GC(1383) Concurrent Cleanup for Next Mark 10.547ms
[4630.269s][info][gc             ] GC(1383) Concurrent Mark Cycle 1727.589ms
[4630.628s][info][gc,start       ] GC(1384) Pause Young (Prepare Mixed) (G1 Evacuation Pause)
[4630.628s][info][gc,task        ] GC(1384) Using 6 workers of 6 for evacuation
[4630.756s][info][gc,phases      ] GC(1384)   Pre Evacuate Collection Set: 0.30ms
[4630.757s][info][gc,phases      ] GC(1384)   Merge Heap Roots: 0.51ms
[4630.757s][info][gc,phases      ] GC(1384)   Evacuate Collection Set: 127.03ms
[4630.757s][info][gc,phases      ] GC(1384)   Post Evacuate Collection Set: 0.98ms
[4630.757s][info][gc,phases      ] GC(1384)   Other: 0.09ms
[4630.757s][info][gc,heap        ] GC(1384) Eden regions: 1114->0(1089)
[4630.757s][info][gc,heap        ] GC(1384) Survivor regions: 114->119(154)
[4630.757s][info][gc,heap        ] GC(1384) Old regions: 507->538
[4630.757s][info][gc,heap        ] GC(1384) Humongous regions: 80->80
[4630.757s][info][gc,metaspace   ] GC(1384) Metaspace: 28884K(29248K)->28884K(29248K) NonClass: 24016K(24192K)->24016K(24192K) Class: 4868K(5056K)->4868K(5056K)
[4630.757s][info][gc             ] GC(1384) Pause Young (Prepare Mixed) (G1 Evacuation Pause) 3628M->1473M(4096M) 129.030ms
[4630.757s][info][gc,cpu         ] GC(1384) User=0.77s Sys=0.00s Real=0.12s
..[4632.928s][info][gc,start       ] GC(1385) Pause Young (Mixed) (G1 Evacuation Pause)
[4632.928s][info][gc,task        ] GC(1385) Using 6 workers of 6 for evacuation
[4633.062s][info][gc,phases      ] GC(1385)   Pre Evacuate Collection Set: 0.34ms
[4633.062s][info][gc,phases      ] GC(1385)   Merge Heap Roots: 0.71ms
[4633.062s][info][gc,phases      ] GC(1385)   Evacuate Collection Set: 131.66ms
[4633.062s][info][gc,phases      ] GC(1385)   Post Evacuate Collection Set: 0.92ms
[4633.062s][info][gc,phases      ] GC(1385)   Other: 0.09ms
[4633.062s][info][gc,heap        ] GC(1385) Eden regions: 1089->0(1120)
[4633.062s][info][gc,heap        ] GC(1385) Survivor regions: 119->108(151)
[4633.062s][info][gc,heap        ] GC(1385) Old regions: 538->475
[4633.062s][info][gc,heap        ] GC(1385) Humongous regions: 80->80
[4633.062s][info][gc,metaspace   ] GC(1385) Metaspace: 28884K(29248K)->28884K(29248K) NonClass: 24016K(24192K)->24016K(24192K) Class: 4868K(5056K)->4868K(5056K)
[4633.062s][info][gc             ] GC(1385) Pause Young (Mixed) (G1 Evacuation Pause) 3651M->1324M(4096M) 133.873ms
[4633.062s][info][gc,cpu         ] GC(1385) User=0.80s Sys=0.00s Real=0.13s
...[4635.122s][info][gc,start       ] GC(1386) Pause Young (Concurrent Start) (G1 Evacuation Pause)
[4635.122s][info][gc,task        ] GC(1386) Using 6 workers of 6 for evacuation
[4635.240s][info][gc,phases      ] GC(1386)   Pre Evacuate Collection Set: 0.38ms
[4635.240s][info][gc,phases      ] GC(1386)   Merge Heap Roots: 0.46ms
[4635.240s][info][gc,phases      ] GC(1386)   Evacuate Collection Set: 115.82ms
[4635.240s][info][gc,phases      ] GC(1386)   Post Evacuate Collection Set: 0.86ms
[4635.240s][info][gc,phases      ] GC(1386)   Other: 0.10ms
[4635.240s][info][gc,heap        ] GC(1386) Eden regions: 1120->0(1119)
[4635.240s][info][gc,heap        ] GC(1386) Survivor regions: 108->109(154)
[4635.240s][info][gc,heap        ] GC(1386) Old regions: 475->507
[4635.240s][info][gc,heap        ] GC(1386) Humongous regions: 80->80
[4635.240s][info][gc,metaspace   ] GC(1386) Metaspace: 28884K(29248K)->28884K(29248K) NonClass: 24016K(24192K)->24016K(24192K) Class: 4868K(5056K)->4868K(5056K)
[4635.240s][info][gc             ] GC(1386) Pause Young (Concurrent Start) (G1 Evacuation Pause) 3564M->1389M(4096M) 117.745ms
[4635.240s][info][gc             ] GC(1387) Concurrent Mark Cycle
[4635.240s][info][gc,marking     ] GC(1387) Concurrent Scan Root Regions
[4635.240s][info][gc,cpu         ] GC(1386) User=0.70s Sys=0.00s Real=0.12s
[4635.421s][info][gc,marking     ] GC(1387) Concurrent Scan Root Regions 180.927ms
[4635.421s][info][gc,marking     ] GC(1387) Concurrent Mark
[4635.421s][info][gc,marking     ] GC(1387) Concurrent Mark From Roots
[4635.421s][info][gc,task        ] GC(1387) Using 2 workers of 2 for marking
.[4636.424s][info][gc,marking     ] GC(1387) Concurrent Mark From Roots 1002.984ms
[4636.424s][info][gc,marking     ] GC(1387) Concurrent Preclean
[4636.424s][info][gc,marking     ] GC(1387) Concurrent Preclean 0.091ms
[4636.426s][info][gc,start       ] GC(1387) Pause Remark
[4636.429s][info][gc             ] GC(1387) Pause Remark 2573M->2573M(4096M) 3.125ms
[4636.429s][info][gc,cpu         ] GC(1387) User=0.01s Sys=0.00s Real=0.01s
[4636.431s][info][gc,marking     ] GC(1387) Concurrent Mark 1010.045ms
[4636.431s][info][gc,marking     ] GC(1387) Concurrent Rebuild Remembered Sets and Scrub Regions
[4636.653s][info][gc,marking     ] GC(1387) Concurrent Rebuild Remembered Sets and Scrub Regions 221.456ms
[4636.704s][info][gc,start       ] GC(1387) Pause Cleanup
[4636.704s][info][gc             ] GC(1387) Pause Cleanup 2793M->2793M(4096M) 0.132ms
[4636.704s][info][gc,cpu         ] GC(1387) User=0.00s Sys=0.00s Real=0.00s
[4636.704s][info][gc,marking     ] GC(1387) Concurrent Clear Claimed Marks
[4636.704s][info][gc,marking     ] GC(1387) Concurrent Clear Claimed Marks 0.029ms
[4636.704s][info][gc,marking     ] GC(1387) Concurrent Cleanup for Next Mark
[4636.709s][info][gc,marking     ] GC(1387) Concurrent Cleanup for Next Mark 4.678ms
[4636.709s][info][gc             ] GC(1387) Concurrent Mark Cycle 1468.443ms
.|[4637.389s][info][gc,start       ] GC(1388) Pause Young (Prepare Mixed) (G1 Evacuation Pause)
[4637.389s][info][gc,task        ] GC(1388) Using 6 workers of 6 for evacuation
[4637.508s][info][gc,phases      ] GC(1388)   Pre Evacuate Collection Set: 0.30ms
[4637.508s][info][gc,phases      ] GC(1388)   Merge Heap Roots: 0.49ms
[4637.508s][info][gc,phases      ] GC(1388)   Evacuate Collection Set: 117.22ms
[4637.508s][info][gc,phases      ] GC(1388)   Post Evacuate Collection Set: 0.91ms
[4637.508s][info][gc,phases      ] GC(1388)   Other: 0.09ms
[4637.508s][info][gc,heap        ] GC(1388) Eden regions: 1119->0(1103)
[4637.508s][info][gc,heap        ] GC(1388) Survivor regions: 109->112(154)
[4637.508s][info][gc,heap        ] GC(1388) Old regions: 507->538
[4637.508s][info][gc,heap        ] GC(1388) Humongous regions: 80->80
[4637.508s][info][gc,metaspace   ] GC(1388) Metaspace: 28884K(29248K)->28884K(29248K) NonClass: 24016K(24192K)->24016K(24192K) Class: 4868K(5056K)->4868K(5056K)
[4637.508s][info][gc             ] GC(1388) Pause Young (Prepare Mixed) (G1 Evacuation Pause) 3627M->1457M(4096M) 119.157ms
[4637.508s][info][gc,cpu         ] GC(1388) User=0.71s Sys=0.00s Real=0.12s
..[4639.541s][info][gc,start       ] GC(1389) Pause Young (Mixed) (G1 Evacuation Pause)
[4639.541s][info][gc,task        ] GC(1389) Using 6 workers of 6 for evacuation
[4639.678s][info][gc,phases      ] GC(1389)   Pre Evacuate Collection Set: 0.40ms
[4639.678s][info][gc,phases      ] GC(1389)   Merge Heap Roots: 0.76ms
[4639.678s][info][gc,phases      ] GC(1389)   Evacuate Collection Set: 134.95ms
[4639.678s][info][gc,phases      ] GC(1389)   Post Evacuate Collection Set: 0.97ms
[4639.678s][info][gc,phases      ] GC(1389)   Other: 0.10ms
[4639.678s][info][gc,heap        ] GC(1389) Eden regions: 1103->0(1117)
[4639.678s][info][gc,heap        ] GC(1389) Survivor regions: 112->111(152)
[4639.678s][info][gc,heap        ] GC(1389) Old regions: 538->475
[4639.678s][info][gc,heap        ] GC(1389) Humongous regions: 80->80
[4639.678s][info][gc,metaspace   ] GC(1389) Metaspace: 28884K(29248K)->28884K(29248K) NonClass: 24016K(24192K)->24016K(24192K) Class: 4868K(5056K)->4868K(5056K)
[4639.678s][info][gc             ] GC(1389) Pause Young (Mixed) (G1 Evacuation Pause) 3663M->1331M(4096M) 137.305ms
[4639.678s][info][gc,cpu         ] GC(1389) User=0.82s Sys=0.01s Real=0.14s
..[4641.690s][info][gc,start       ] GC(1390) Pause Young (Concurrent Start) (G1 Evacuation Pause)
[4641.690s][info][gc,task        ] GC(1390) Using 6 workers of 6 for evacuation
[4641.804s][info][gc,phases      ] GC(1390)   Pre Evacuate Collection Set: 0.35ms
[4641.804s][info][gc,phases      ] GC(1390)   Merge Heap Roots: 0.46ms
[4641.804s][info][gc,phases      ] GC(1390)   Evacuate Collection Set: 112.13ms
[4641.804s][info][gc,phases      ] GC(1390)   Post Evacuate Collection Set: 0.88ms
[4641.804s][info][gc,phases      ] GC(1390)   Other: 0.11ms
[4641.804s][info][gc,heap        ] GC(1390) Eden regions: 1117->0(1121)
[4641.804s][info][gc,heap        ] GC(1390) Survivor regions: 111->107(154)
[4641.804s][info][gc,heap        ] GC(1390) Old regions: 475->508
[4641.804s][info][gc,heap        ] GC(1390) Humongous regions: 80->80
[4641.804s][info][gc,metaspace   ] GC(1390) Metaspace: 28884K(29248K)->28884K(29248K) NonClass: 24016K(24192K)->24016K(24192K) Class: 4868K(5056K)->4868K(5056K)
[4641.804s][info][gc             ] GC(1390) Pause Young (Concurrent Start) (G1 Evacuation Pause) 3565M->1387M(4096M) 114.066ms
[4641.804s][info][gc             ] GC(1391) Concurrent Mark Cycle
[4641.804s][info][gc,marking     ] GC(1391) Concurrent Scan Root Regions
[4641.804s][info][gc,cpu         ] GC(1390) User=0.67s Sys=0.00s Real=0.11s
[4642.023s][info][gc,marking     ] GC(1391) Concurrent Scan Root Regions 218.762ms
[4642.023s][info][gc,marking     ] GC(1391) Concurrent Mark
[4642.023s][info][gc,marking     ] GC(1391) Concurrent Mark From Roots
[4642.023s][info][gc,task        ] GC(1391) Using 2 workers of 2 for marking
.[4643.082s][info][gc,marking     ] GC(1391) Concurrent Mark From Roots 1058.794ms
[4643.082s][info][gc,marking     ] GC(1391) Concurrent Preclean
[4643.082s][info][gc,marking     ] GC(1391) Concurrent Preclean 0.091ms
[4643.082s][info][gc,start       ] GC(1391) Pause Remark
[4643.087s][info][gc             ] GC(1391) Pause Remark 2635M->2635M(4096M) 4.261ms
[4643.087s][info][gc,cpu         ] GC(1391) User=0.03s Sys=0.00s Real=0.00s
[4643.087s][info][gc,marking     ] GC(1391) Concurrent Mark 1063.798ms
[4643.087s][info][gc,marking     ] GC(1391) Concurrent Rebuild Remembered Sets and Scrub Regions
.[4643.457s][info][gc,marking     ] GC(1391) Concurrent Rebuild Remembered Sets and Scrub Regions 369.654ms
[4643.457s][info][gc,start       ] GC(1391) Pause Cleanup
[4643.457s][info][gc             ] GC(1391) Pause Cleanup 3043M->3043M(4096M) 0.119ms
[4643.457s][info][gc,cpu         ] GC(1391) User=0.00s Sys=0.00s Real=0.00s
[4643.457s][info][gc,marking     ] GC(1391) Concurrent Clear Claimed Marks
[4643.457s][info][gc,marking     ] GC(1391) Concurrent Clear Claimed Marks 0.023ms
[4643.457s][info][gc,marking     ] GC(1391) Concurrent Cleanup for Next Mark
[4643.468s][info][gc,marking     ] GC(1391) Concurrent Cleanup for Next Mark 10.788ms
[4643.468s][info][gc             ] GC(1391) Concurrent Mark Cycle 1663.539ms
[4643.931s][info][gc,start       ] GC(1392) Pause Young (Prepare Mixed) (G1 Evacuation Pause)
[4643.931s][info][gc,task        ] GC(1392) Using 6 workers of 6 for evacuation
[4644.047s][info][gc,phases      ] GC(1392)   Pre Evacuate Collection Set: 0.33ms
[4644.047s][info][gc,phases      ] GC(1392)   Merge Heap Roots: 0.51ms
[4644.047s][info][gc,phases      ] GC(1392)   Evacuate Collection Set: 114.03ms
[4644.047s][info][gc,phases      ] GC(1392)   Post Evacuate Collection Set: 0.93ms
[4644.047s][info][gc,phases      ] GC(1392)   Other: 0.08ms
[4644.047s][info][gc,heap        ] GC(1392) Eden regions: 1121->0(1108)
[4644.047s][info][gc,heap        ] GC(1392) Survivor regions: 107->109(154)
[4644.047s][info][gc,heap        ] GC(1392) Old regions: 508->539
[4644.047s][info][gc,heap        ] GC(1392) Humongous regions: 80->80
[4644.047s][info][gc,metaspace   ] GC(1392) Metaspace: 28884K(29248K)->28884K(29248K) NonClass: 24016K(24192K)->24016K(24192K) Class: 4868K(5056K)->4868K(5056K)
[4644.047s][info][gc             ] GC(1392) Pause Young (Prepare Mixed) (G1 Evacuation Pause) 3629M->1455M(4096M) 116.023ms
[4644.047s][info][gc,cpu         ] GC(1392) User=0.69s Sys=0.00s Real=0.11s
..[4646.058s][info][gc,start       ] GC(1393) Pause Young (Mixed) (G1 Evacuation Pause)
[4646.058s][info][gc,task        ] GC(1393) Using 6 workers of 6 for evacuation
[4646.196s][info][gc,phases      ] GC(1393)   Pre Evacuate Collection Set: 0.33ms
[4646.196s][info][gc,phases      ] GC(1393)   Merge Heap Roots: 0.73ms
[4646.196s][info][gc,phases      ] GC(1393)   Evacuate Collection Set: 136.19ms
[4646.196s][info][gc,phases      ] GC(1393)   Post Evacuate Collection Set: 0.96ms
[4646.196s][info][gc,phases      ] GC(1393)   Other: 0.09ms
[4646.196s][info][gc,heap        ] GC(1393) Eden regions: 1108->0(1116)
[4646.196s][info][gc,heap        ] GC(1393) Survivor regions: 109->112(153)
[4646.196s][info][gc,heap        ] GC(1393) Old regions: 539->474
[4646.196s][info][gc,heap        ] GC(1393) Humongous regions: 80->80
[4646.196s][info][gc,metaspace   ] GC(1393) Metaspace: 28884K(29248K)->28884K(29248K) NonClass: 24016K(24192K)->24016K(24192K) Class: 4868K(5056K)->4868K(5056K)
[4646.196s][info][gc             ] GC(1393) Pause Young (Mixed) (G1 Evacuation Pause) 3671M->1331M(4096M) 138.447ms
[4646.196s][info][gc,cpu         ] GC(1393) User=0.83s Sys=0.00s Real=0.13s
...[4648.312s][info][gc,start       ] GC(1394) Pause Young (Concurrent Start) (G1 Evacuation Pause)
[4648.312s][info][gc,task        ] GC(1394) Using 6 workers of 6 for evacuation
[4648.429s][info][gc,phases      ] GC(1394)   Pre Evacuate Collection Set: 0.37ms
[4648.429s][info][gc,phases      ] GC(1394)   Merge Heap Roots: 0.45ms
[4648.429s][info][gc,phases      ] GC(1394)   Evacuate Collection Set: 114.85ms
[4648.429s][info][gc,phases      ] GC(1394)   Post Evacuate Collection Set: 0.86ms
[4648.429s][info][gc,phases      ] GC(1394)   Other: 0.12ms
[4648.429s][info][gc,heap        ] GC(1394) Eden regions: 1116->0(1118)
[4648.429s][info][gc,heap        ] GC(1394) Survivor regions: 112->110(154)
[4648.429s][info][gc,heap        ] GC(1394) Old regions: 474->507
[4648.429s][info][gc,heap        ] GC(1394) Humongous regions: 80->80
[4648.429s][info][gc,metaspace   ] GC(1394) Metaspace: 28884K(29248K)->28884K(29248K) NonClass: 24016K(24192K)->24016K(24192K) Class: 4868K(5056K)->4868K(5056K)
[4648.429s][info][gc             ] GC(1394) Pause Young (Concurrent Start) (G1 Evacuation Pause) 3563M->1392M(4096M) 116.780ms
[4648.429s][info][gc             ] GC(1395) Concurrent Mark Cycle
[4648.429s][info][gc,marking     ] GC(1395) Concurrent Scan Root Regions
[4648.429s][info][gc,cpu         ] GC(1394) User=0.69s Sys=0.00s Real=0.12s
[4648.613s][info][gc,marking     ] GC(1395) Concurrent Scan Root Regions 183.878ms
[4648.613s][info][gc,marking     ] GC(1395) Concurrent Mark
[4648.613s][info][gc,marking     ] GC(1395) Concurrent Mark From Roots
[4648.613s][info][gc,task        ] GC(1395) Using 2 workers of 2 for marking
.[4649.439s][info][gc,marking     ] GC(1395) Concurrent Mark From Roots 826.250ms
[4649.439s][info][gc,marking     ] GC(1395) Concurrent Preclean
[4649.440s][info][gc,marking     ] GC(1395) Concurrent Preclean 0.099ms
[4649.442s][info][gc,start       ] GC(1395) Pause Remark
[4649.444s][info][gc             ] GC(1395) Pause Remark 2332M->2332M(4096M) 2.346ms
[4649.444s][info][gc,cpu         ] GC(1395) User=0.02s Sys=0.00s Real=0.00s
[4649.445s][info][gc,marking     ] GC(1395) Concurrent Mark 831.850ms
[4649.445s][info][gc,marking     ] GC(1395) Concurrent Rebuild Remembered Sets and Scrub Regions
[4649.814s][info][gc,marking     ] GC(1395) Concurrent Rebuild Remembered Sets and Scrub Regions 368.593ms
[4649.814s][info][gc,start       ] GC(1395) Pause Cleanup
[4649.814s][info][gc             ] GC(1395) Pause Cleanup 2699M->2699M(4096M) 0.117ms
[4649.814s][info][gc,cpu         ] GC(1395) User=0.00s Sys=0.00s Real=0.00s
[4649.814s][info][gc,marking     ] GC(1395) Concurrent Clear Claimed Marks
[4649.814s][info][gc,marking     ] GC(1395) Concurrent Clear Claimed Marks 0.034ms
[4649.814s][info][gc,marking     ] GC(1395) Concurrent Cleanup for Next Mark
[4649.858s][info][gc,marking     ] GC(1395) Concurrent Cleanup for Next Mark 44.130ms
[4649.858s][info][gc             ] GC(1395) Concurrent Mark Cycle 1429.133ms
.[4650.591s][info][gc,start       ] GC(1396) Pause Young (Prepare Mixed) (G1 Evacuation Pause)
[4650.592s][info][gc,task        ] GC(1396) Using 6 workers of 6 for evacuation
[4650.710s][info][gc,phases      ] GC(1396)   Pre Evacuate Collection Set: 0.31ms
[4650.710s][info][gc,phases      ] GC(1396)   Merge Heap Roots: 0.50ms
[4650.710s][info][gc,phases      ] GC(1396)   Evacuate Collection Set: 116.31ms
[4650.710s][info][gc,phases      ] GC(1396)   Post Evacuate Collection Set: 0.92ms
[4650.710s][info][gc,phases      ] GC(1396)   Other: 0.09ms
[4650.710s][info][gc,heap        ] GC(1396) Eden regions: 1118->0(1104)
[4650.710s][info][gc,heap        ] GC(1396) Survivor regions: 110->111(154)
[4650.710s][info][gc,heap        ] GC(1396) Old regions: 507->539
[4650.710s][info][gc,heap        ] GC(1396) Humongous regions: 80->80
[4650.710s][info][gc,metaspace   ] GC(1396) Metaspace: 28884K(29248K)->28884K(29248K) NonClass: 24016K(24192K)->24016K(24192K) Class: 4868K(5056K)->4868K(5056K)
[4650.710s][info][gc             ] GC(1396) Pause Young (Prepare Mixed) (G1 Evacuation Pause) 3628M->1459M(4096M) 118.263ms
[4650.710s][info][gc,cpu         ] GC(1396) User=0.70s Sys=0.00s Real=0.12s
..[4652.769s][info][gc,start       ] GC(1397) Pause Young (Mixed) (G1 Evacuation Pause)
[4652.769s][info][gc,task        ] GC(1397) Using 6 workers of 6 for evacuation
[4652.898s][info][gc,phases      ] GC(1397)   Pre Evacuate Collection Set: 0.37ms
[4652.898s][info][gc,phases      ] GC(1397)   Merge Heap Roots: 0.62ms
[4652.898s][info][gc,phases      ] GC(1397)   Evacuate Collection Set: 126.75ms
[4652.898s][info][gc,phases      ] GC(1397)   Post Evacuate Collection Set: 0.93ms
[4652.898s][info][gc,phases      ] GC(1397)   Other: 0.09ms
[4652.898s][info][gc,heap        ] GC(1397) Eden regions: 1104->0(1121)
[4652.898s][info][gc,heap        ] GC(1397) Survivor regions: 111->107(152)
[4652.898s][info][gc,heap        ] GC(1397) Old regions: 539->477
[4652.898s][info][gc,heap        ] GC(1397) Humongous regions: 80->80
[4652.898s][info][gc,metaspace   ] GC(1397) Metaspace: 28884K(29248K)->28884K(29248K) NonClass: 24016K(24192K)->24016K(24192K) Class: 4868K(5056K)->4868K(5056K)
[4652.898s][info][gc             ] GC(1397) Pause Young (Mixed) (G1 Evacuation Pause) 3667M->1326M(4096M) 128.883ms
[4652.898s][info][gc,cpu         ] GC(1397) User=0.76s Sys=0.00s Real=0.13s
..[4655.022s][info][gc,start       ] GC(1398) Pause Young (Concurrent Start) (G1 Evacuation Pause)
[4655.023s][info][gc,task        ] GC(1398) Using 6 workers of 6 for evacuation
[4655.144s][info][gc,phases      ] GC(1398)   Pre Evacuate Collection Set: 0.33ms
[4655.144s][info][gc,phases      ] GC(1398)   Merge Heap Roots: 0.45ms
[4655.144s][info][gc,phases      ] GC(1398)   Evacuate Collection Set: 119.75ms
[4655.144s][info][gc,phases      ] GC(1398)   Post Evacuate Collection Set: 0.86ms
[4655.144s][info][gc,phases      ] GC(1398)   Other: 0.11ms
[4655.144s][info][gc,heap        ] GC(1398) Eden regions: 1121->0(1114)
[4655.144s][info][gc,heap        ] GC(1398) Survivor regions: 107->114(154)
[4655.144s][info][gc,heap        ] GC(1398) Old regions: 477->508
[4655.144s][info][gc,heap        ] GC(1398) Humongous regions: 80->80
[4655.144s][info][gc,metaspace   ] GC(1398) Metaspace: 28884K(29248K)->28884K(29248K) NonClass: 24016K(24192K)->24016K(24192K) Class: 4868K(5056K)->4868K(5056K)
[4655.144s][info][gc             ] GC(1398) Pause Young (Concurrent Start) (G1 Evacuation Pause) 3568M->1403M(4096M) 121.634ms
[4655.144s][info][gc             ] GC(1399) Concurrent Mark Cycle
[4655.144s][info][gc,marking     ] GC(1399) Concurrent Scan Root Regions
[4655.144s][info][gc,cpu         ] GC(1398) User=0.73s Sys=0.00s Real=0.12s
.[4655.324s][info][gc,marking     ] GC(1399) Concurrent Scan Root Regions 180.169ms
[4655.324s][info][gc,marking     ] GC(1399) Concurrent Mark
[4655.324s][info][gc,marking     ] GC(1399) Concurrent Mark From Roots
[4655.324s][info][gc,task        ] GC(1399) Using 2 workers of 2 for marking
[4656.050s][info][gc,marking     ] GC(1399) Concurrent Mark From Roots 725.586ms
[4656.050s][info][gc,marking     ] GC(1399) Concurrent Preclean
[4656.050s][info][gc,marking     ] GC(1399) Concurrent Preclean 0.113ms
[4656.052s][info][gc,start       ] GC(1399) Pause Remark
[4656.056s][info][gc             ] GC(1399) Pause Remark 2291M->2291M(4096M) 3.543ms
[4656.056s][info][gc,cpu         ] GC(1399) User=0.02s Sys=0.00s Real=0.00s
[4656.056s][info][gc,marking     ] GC(1399) Concurrent Mark 731.691ms
[4656.056s][info][gc,marking     ] GC(1399) Concurrent Rebuild Remembered Sets and Scrub Regions
[4656.320s][info][gc,marking     ] GC(1399) Concurrent Rebuild Remembered Sets and Scrub Regions 263.507ms
[4656.320s][info][gc,start       ] GC(1399) Pause Cleanup
[4656.320s][info][gc             ] GC(1399) Pause Cleanup 2525M->2525M(4096M) 0.102ms
[4656.320s][info][gc,cpu         ] GC(1399) User=0.00s Sys=0.00s Real=0.00s
[4656.320s][info][gc,marking     ] GC(1399) Concurrent Clear Claimed Marks
[4656.320s][info][gc,marking     ] GC(1399) Concurrent Clear Claimed Marks 0.020ms
[4656.320s][info][gc,marking     ] GC(1399) Concurrent Cleanup for Next Mark
[4656.325s][info][gc,marking     ] GC(1399) Concurrent Cleanup for Next Mark 4.805ms
[4656.325s][info][gc             ] GC(1399) Concurrent Mark Cycle 1180.607ms
.[4657.255s][info][gc,start       ] GC(1400) Pause Young (Prepare Mixed) (G1 Evacuation Pause)
[4657.255s][info][gc,task        ] GC(1400) Using 6 workers of 6 for evacuation
[4657.375s][info][gc,phases      ] GC(1400)   Pre Evacuate Collection Set: 0.32ms
[4657.375s][info][gc,phases      ] GC(1400)   Merge Heap Roots: 0.53ms
[4657.375s][info][gc,phases      ] GC(1400)   Evacuate Collection Set: 118.98ms
[4657.375s][info][gc,phases      ] GC(1400)   Post Evacuate Collection Set: 0.76ms
[4657.375s][info][gc,phases      ] GC(1400)   Other: 0.09ms
[4657.375s][info][gc,heap        ] GC(1400) Eden regions: 1114->0(1097)
[4657.375s][info][gc,heap        ] GC(1400) Survivor regions: 114->114(154)
[4657.375s][info][gc,heap        ] GC(1400) Old regions: 508->540
[4657.375s][info][gc,heap        ] GC(1400) Humongous regions: 80->80
[4657.375s][info][gc,metaspace   ] GC(1400) Metaspace: 28884K(29248K)->28884K(29248K) NonClass: 24016K(24192K)->24016K(24192K) Class: 4868K(5056K)->4868K(5056K)
[4657.375s][info][gc             ] GC(1400) Pause Young (Prepare Mixed) (G1 Evacuation Pause) 3631M->1465M(4096M) 120.813ms
[4657.375s][info][gc,cpu         ] GC(1400) User=0.72s Sys=0.00s Real=0.12s
..[4659.376s][info][gc,start       ] GC(1401) Pause Young (Mixed) (G1 Evacuation Pause)
[4659.376s][info][gc,task        ] GC(1401) Using 6 workers of 6 for evacuation
[4659.515s][info][gc,phases      ] GC(1401)   Pre Evacuate Collection Set: 0.38ms
[4659.515s][info][gc,phases      ] GC(1401)   Merge Heap Roots: 0.71ms
[4659.515s][info][gc,phases      ] GC(1401)   Evacuate Collection Set: 136.87ms
[4659.515s][info][gc,phases      ] GC(1401)   Post Evacuate Collection Set: 0.93ms
[4659.515s][info][gc,phases      ] GC(1401)   Other: 0.09ms
[4659.515s][info][gc,heap        ] GC(1401) Eden regions: 1097->0(1115)
[4659.515s][info][gc,heap        ] GC(1401) Survivor regions: 114->113(152)
[4659.515s][info][gc,heap        ] GC(1401) Old regions: 540->474
[4659.515s][info][gc,heap        ] GC(1401) Humongous regions: 80->80
[4659.515s][info][gc,metaspace   ] GC(1401) Metaspace: 28884K(29248K)->28884K(29248K) NonClass: 24016K(24192K)->24016K(24192K) Class: 4868K(5056K)->4868K(5056K)
[4659.515s][info][gc             ] GC(1401) Pause Young (Mixed) (G1 Evacuation Pause) 3659M->1331M(4096M) 139.137ms
[4659.515s][info][gc,cpu         ] GC(1401) User=0.82s Sys=0.00s Real=0.14s
..[4661.513s][info][gc,start       ] GC(1402) Pause Young (Concurrent Start) (G1 Evacuation Pause)
[4661.513s][info][gc,task        ] GC(1402) Using 6 workers of 6 for evacuation
[4661.636s][info][gc,phases      ] GC(1402)   Pre Evacuate Collection Set: 0.35ms
[4661.636s][info][gc,phases      ] GC(1402)   Merge Heap Roots: 0.47ms
[4661.636s][info][gc,phases      ] GC(1402)   Evacuate Collection Set: 120.78ms
[4661.636s][info][gc,phases      ] GC(1402)   Post Evacuate Collection Set: 0.80ms
[4661.636s][info][gc,phases      ] GC(1402)   Other: 0.11ms
[4661.636s][info][gc,heap        ] GC(1402) Eden regions: 1115->0(1114)
[4661.636s][info][gc,heap        ] GC(1402) Survivor regions: 113->114(154)
[4661.636s][info][gc,heap        ] GC(1402) Old regions: 474->506
[4661.636s][info][gc,heap        ] GC(1402) Humongous regions: 80->80
[4661.636s][info][gc,metaspace   ] GC(1402) Metaspace: 28884K(29248K)->28884K(29248K) NonClass: 24016K(24192K)->24016K(24192K) Class: 4868K(5056K)->4868K(5056K)
[4661.636s][info][gc             ] GC(1402) Pause Young (Concurrent Start) (G1 Evacuation Pause) 3561M->1398M(4096M) 122.639ms
[4661.636s][info][gc             ] GC(1403) Concurrent Mark Cycle
[4661.636s][info][gc,marking     ] GC(1403) Concurrent Scan Root Regions
[4661.636s][info][gc,cpu         ] GC(1402) User=0.73s Sys=0.00s Real=0.12s
.[4661.823s][info][gc,marking     ] GC(1403) Concurrent Scan Root Regions 186.616ms
[4661.823s][info][gc,marking     ] GC(1403) Concurrent Mark
[4661.823s][info][gc,marking     ] GC(1403) Concurrent Mark From Roots
[4661.823s][info][gc,task        ] GC(1403) Using 2 workers of 2 for marking
[4662.549s][info][gc,marking     ] GC(1403) Concurrent Mark From Roots 726.451ms
[4662.549s][info][gc,marking     ] GC(1403) Concurrent Preclean
[4662.549s][info][gc,marking     ] GC(1403) Concurrent Preclean 0.098ms
[4662.551s][info][gc,start       ] GC(1403) Pause Remark
[4662.555s][info][gc             ] GC(1403) Pause Remark 2230M->2230M(4096M) 3.613ms
[4662.555s][info][gc,cpu         ] GC(1403) User=0.02s Sys=0.00s Real=0.00s
[4662.555s][info][gc,marking     ] GC(1403) Concurrent Mark 732.659ms
[4662.555s][info][gc,marking     ] GC(1403) Concurrent Rebuild Remembered Sets and Scrub Regions
.[4662.985s][info][gc,marking     ] GC(1403) Concurrent Rebuild Remembered Sets and Scrub Regions 429.848ms
[4662.988s][info][gc,start       ] GC(1403) Pause Cleanup
[4662.988s][info][gc             ] GC(1403) Pause Cleanup 2690M->2690M(4096M) 0.147ms
[4662.988s][info][gc,cpu         ] GC(1403) User=0.00s Sys=0.00s Real=0.00s
[4662.988s][info][gc,marking     ] GC(1403) Concurrent Clear Claimed Marks
[4662.988s][info][gc,marking     ] GC(1403) Concurrent Clear Claimed Marks 0.032ms
[4662.988s][info][gc,marking     ] GC(1403) Concurrent Cleanup for Next Mark
[4663.051s][info][gc,marking     ] GC(1403) Concurrent Cleanup for Next Mark 62.948ms
[4663.051s][info][gc             ] GC(1403) Concurrent Mark Cycle 1415.027ms
[4663.792s][info][gc,start       ] GC(1404) Pause Young (Prepare Mixed) (G1 Evacuation Pause)
[4663.792s][info][gc,task        ] GC(1404) Using 6 workers of 6 for evacuation
[4663.910s][info][gc,phases      ] GC(1404)   Pre Evacuate Collection Set: 0.36ms
[4663.911s][info][gc,phases      ] GC(1404)   Merge Heap Roots: 0.52ms
[4663.911s][info][gc,phases      ] GC(1404)   Evacuate Collection Set: 116.53ms
[4663.911s][info][gc,phases      ] GC(1404)   Post Evacuate Collection Set: 0.95ms
[4663.911s][info][gc,phases      ] GC(1404)   Other: 0.08ms
[4663.911s][info][gc,heap        ] GC(1404) Eden regions: 1114->0(1107)
[4663.911s][info][gc,heap        ] GC(1404) Survivor regions: 114->110(154)
[4663.911s][info][gc,heap        ] GC(1404) Old regions: 506->538
[4663.911s][info][gc,heap        ] GC(1404) Humongous regions: 80->80
[4663.911s][info][gc,metaspace   ] GC(1404) Metaspace: 28884K(29248K)->28884K(29248K) NonClass: 24016K(24192K)->24016K(24192K) Class: 4868K(5056K)->4868K(5056K)
[4663.911s][info][gc             ] GC(1404) Pause Young (Prepare Mixed) (G1 Evacuation Pause) 3626M->1455M(4096M) 118.568ms
[4663.911s][info][gc,cpu         ] GC(1404) User=0.70s Sys=0.00s Real=0.12s
...[4665.954s][info][gc,start       ] GC(1405) Pause Young (Mixed) (G1 Evacuation Pause)
[4665.954s][info][gc,task        ] GC(1405) Using 6 workers of 6 for evacuation
[4666.086s][info][gc,phases      ] GC(1405)   Pre Evacuate Collection Set: 0.38ms
[4666.086s][info][gc,phases      ] GC(1405)   Merge Heap Roots: 0.71ms
[4666.086s][info][gc,phases      ] GC(1405)   Evacuate Collection Set: 129.29ms
[4666.086s][info][gc,phases      ] GC(1405)   Post Evacuate Collection Set: 0.93ms
[4666.086s][info][gc,phases      ] GC(1405)   Other: 0.09ms
[4666.086s][info][gc,heap        ] GC(1405) Eden regions: 1107->0(1120)
[4666.086s][info][gc,heap        ] GC(1405) Survivor regions: 110->108(153)
[4666.086s][info][gc,heap        ] GC(1405) Old regions: 538->474
[4666.086s][info][gc,heap        ] GC(1405) Humongous regions: 80->80
[4666.086s][info][gc,metaspace   ] GC(1405) Metaspace: 28884K(29248K)->28884K(29248K) NonClass: 24016K(24192K)->24016K(24192K) Class: 4868K(5056K)->4868K(5056K)
[4666.086s][info][gc             ] GC(1405) Pause Young (Mixed) (G1 Evacuation Pause) 3669M->1323M(4096M) 131.523ms
[4666.086s][info][gc,cpu         ] GC(1405) User=0.78s Sys=0.00s Real=0.13s
..[4668.098s][info][gc,start       ] GC(1406) Pause Young (Concurrent Start) (G1 Evacuation Pause)
[4668.098s][info][gc,task        ] GC(1406) Using 6 workers of 6 for evacuation
[4668.217s][info][gc,phases      ] GC(1406)   Pre Evacuate Collection Set: 0.34ms
[4668.217s][info][gc,phases      ] GC(1406)   Merge Heap Roots: 0.46ms
[4668.217s][info][gc,phases      ] GC(1406)   Evacuate Collection Set: 116.63ms
[4668.217s][info][gc,phases      ] GC(1406)   Post Evacuate Collection Set: 0.84ms
[4668.217s][info][gc,phases      ] GC(1406)   Other: 0.11ms
[4668.217s][info][gc,heap        ] GC(1406) Eden regions: 1120->0(1116)
[4668.217s][info][gc,heap        ] GC(1406) Survivor regions: 108->112(154)
[4668.217s][info][gc,heap        ] GC(1406) Old regions: 474->506
[4668.217s][info][gc,heap        ] GC(1406) Humongous regions: 80->80
[4668.217s][info][gc,metaspace   ] GC(1406) Metaspace: 28884K(29248K)->28884K(29248K) NonClass: 24016K(24192K)->24016K(24192K) Class: 4868K(5056K)->4868K(5056K)
[4668.217s][info][gc             ] GC(1406) Pause Young (Concurrent Start) (G1 Evacuation Pause) 3563M->1394M(4096M) 118.515ms
[4668.217s][info][gc             ] GC(1407) Concurrent Mark Cycle
[4668.217s][info][gc,marking     ] GC(1407) Concurrent Scan Root Regions
[4668.217s][info][gc,cpu         ] GC(1406) User=0.71s Sys=0.00s Real=0.11s
[4668.419s][info][gc,marking     ] GC(1407) Concurrent Scan Root Regions 202.422ms
[4668.419s][info][gc,marking     ] GC(1407) Concurrent Mark
[4668.419s][info][gc,marking     ] GC(1407) Concurrent Mark From Roots
[4668.419s][info][gc,task        ] GC(1407) Using 2 workers of 2 for marking
.[4669.403s][info][gc,marking     ] GC(1407) Concurrent Mark From Roots 983.833ms
[4669.403s][info][gc,marking     ] GC(1407) Concurrent Preclean
[4669.403s][info][gc,marking     ] GC(1407) Concurrent Preclean 0.135ms
[4669.404s][info][gc,start       ] GC(1407) Pause Remark
[4669.409s][info][gc             ] GC(1407) Pause Remark 2568M->2568M(4096M) 4.495ms
[4669.409s][info][gc,cpu         ] GC(1407) User=0.02s Sys=0.00s Real=0.01s
[4669.409s][info][gc,marking     ] GC(1407) Concurrent Mark 989.619ms
[4669.409s][info][gc,marking     ] GC(1407) Concurrent Rebuild Remembered Sets and Scrub Regions
[4669.844s][info][gc,marking     ] GC(1407) Concurrent Rebuild Remembered Sets and Scrub Regions 435.084ms
[4669.846s][info][gc,start       ] GC(1407) Pause Cleanup
[4669.846s][info][gc             ] GC(1407) Pause Cleanup 3026M->3026M(4096M) 0.126ms
[4669.846s][info][gc,cpu         ] GC(1407) User=0.00s Sys=0.00s Real=0.00s
[4669.846s][info][gc,marking     ] GC(1407) Concurrent Clear Claimed Marks
[4669.846s][info][gc,marking     ] GC(1407) Concurrent Clear Claimed Marks 0.025ms
[4669.846s][info][gc,marking     ] GC(1407) Concurrent Cleanup for Next Mark
[4669.853s][info][gc,marking     ] GC(1407) Concurrent Cleanup for Next Mark 6.876ms
[4669.853s][info][gc             ] GC(1407) Concurrent Mark Cycle 1636.033ms
.[4670.418s][info][gc,start       ] GC(1408) Pause Young (Prepare Mixed) (G1 Evacuation Pause)
[4670.418s][info][gc,task        ] GC(1408) Using 6 workers of 6 for evacuation
[4670.539s][info][gc,phases      ] GC(1408)   Pre Evacuate Collection Set: 0.32ms
[4670.539s][info][gc,phases      ] GC(1408)   Merge Heap Roots: 0.49ms
[4670.539s][info][gc,phases      ] GC(1408)   Evacuate Collection Set: 119.78ms
[4670.539s][info][gc,phases      ] GC(1408)   Post Evacuate Collection Set: 0.93ms
[4670.539s][info][gc,phases      ] GC(1408)   Other: 0.09ms
[4670.539s][info][gc,heap        ] GC(1408) Eden regions: 1116->0(1096)
[4670.539s][info][gc,heap        ] GC(1408) Survivor regions: 112->116(154)
[4670.539s][info][gc,heap        ] GC(1408) Old regions: 506->537
[4670.539s][info][gc,heap        ] GC(1408) Humongous regions: 80->80
[4670.539s][info][gc,metaspace   ] GC(1408) Metaspace: 28884K(29248K)->28884K(29248K) NonClass: 24016K(24192K)->24016K(24192K) Class: 4868K(5056K)->4868K(5056K)
[4670.539s][info][gc             ] GC(1408) Pause Young (Prepare Mixed) (G1 Evacuation Pause) 3626M->1464M(4096M) 121.745ms
[4670.539s][info][gc,cpu         ] GC(1408) User=0.72s Sys=0.00s Real=0.12s
..[4672.551s][info][gc,start       ] GC(1409) Pause Young (Mixed) (G1 Evacuation Pause)
[4672.551s][info][gc,task        ] GC(1409) Using 6 workers of 6 for evacuation
[4672.690s][info][gc,phases      ] GC(1409)   Pre Evacuate Collection Set: 0.37ms
[4672.690s][info][gc,phases      ] GC(1409)   Merge Heap Roots: 0.68ms
[4672.690s][info][gc,phases      ] GC(1409)   Evacuate Collection Set: 136.90ms
[4672.690s][info][gc,phases      ] GC(1409)   Post Evacuate Collection Set: 0.98ms
[4672.690s][info][gc,phases      ] GC(1409)   Other: 0.08ms
[4672.690s][info][gc,heap        ] GC(1409) Eden regions: 1096->0(1114)
[4672.690s][info][gc,heap        ] GC(1409) Survivor regions: 116->114(152)
[4672.690s][info][gc,heap        ] GC(1409) Old regions: 537->475
[4672.690s][info][gc,heap        ] GC(1409) Humongous regions: 80->80
[4672.690s][info][gc,metaspace   ] GC(1409) Metaspace: 28884K(29248K)->28884K(29248K) NonClass: 24016K(24192K)->24016K(24192K) Class: 4868K(5056K)->4868K(5056K)
[4672.690s][info][gc             ] GC(1409) Pause Young (Mixed) (G1 Evacuation Pause) 3656M->1335M(4096M) 139.162ms
[4672.690s][info][gc,cpu         ] GC(1409) User=0.83s Sys=0.00s Real=0.14s
..[4674.748s][info][gc,start       ] GC(1410) Pause Young (Concurrent Start) (G1 Evacuation Pause)
[4674.748s][info][gc,task        ] GC(1410) Using 6 workers of 6 for evacuation
[4674.867s][info][gc,phases      ] GC(1410)   Pre Evacuate Collection Set: 0.38ms
[4674.867s][info][gc,phases      ] GC(1410)   Merge Heap Roots: 0.46ms
[4674.867s][info][gc,phases      ] GC(1410)   Evacuate Collection Set: 117.45ms
[4674.867s][info][gc,phases      ] GC(1410)   Post Evacuate Collection Set: 0.87ms
[4674.867s][info][gc,phases      ] GC(1410)   Other: 0.13ms
[4674.867s][info][gc,heap        ] GC(1410) Eden regions: 1114->0(1117)
[4674.867s][info][gc,heap        ] GC(1410) Survivor regions: 114->111(154)
[4674.867s][info][gc,heap        ] GC(1410) Old regions: 475->507
[4674.867s][info][gc,heap        ] GC(1410) Humongous regions: 80->80
[4674.867s][info][gc,metaspace   ] GC(1410) Metaspace: 28884K(29248K)->28884K(29248K) NonClass: 24016K(24192K)->24016K(24192K) Class: 4868K(5056K)->4868K(5056K)
[4674.867s][info][gc             ] GC(1410) Pause Young (Concurrent Start) (G1 Evacuation Pause) 3563M->1394M(4096M) 119.420ms
[4674.867s][info][gc             ] GC(1411) Concurrent Mark Cycle
[4674.867s][info][gc,marking     ] GC(1411) Concurrent Scan Root Regions
[4674.867s][info][gc,cpu         ] GC(1410) User=0.71s Sys=0.00s Real=0.11s
[4675.064s][info][gc,marking     ] GC(1411) Concurrent Scan Root Regions 196.629ms
[4675.064s][info][gc,marking     ] GC(1411) Concurrent Mark
[4675.064s][info][gc,marking     ] GC(1411) Concurrent Mark From Roots
[4675.064s][info][gc,task        ] GC(1411) Using 2 workers of 2 for marking
.[4676.121s][info][gc,marking     ] GC(1411) Concurrent Mark From Roots 1056.795ms
[4676.121s][info][gc,marking     ] GC(1411) Concurrent Preclean
[4676.121s][info][gc,marking     ] GC(1411) Concurrent Preclean 0.138ms
[4676.124s][info][gc,start       ] GC(1411) Pause Remark
[4676.127s][info][gc             ] GC(1411) Pause Remark 2610M->2610M(4096M) 3.066ms
[4676.127s][info][gc,cpu         ] GC(1411) User=0.02s Sys=0.01s Real=0.00s
[4676.128s][info][gc,marking     ] GC(1411) Concurrent Mark 1064.368ms
[4676.128s][info][gc,marking     ] GC(1411) Concurrent Rebuild Remembered Sets and Scrub Regions
.[4676.636s][info][gc,marking     ] GC(1411) Concurrent Rebuild Remembered Sets and Scrub Regions 507.249ms
[4676.638s][info][gc,start       ] GC(1411) Pause Cleanup
[4676.638s][info][gc             ] GC(1411) Pause Cleanup 3208M->3208M(4096M) 0.132ms
[4676.638s][info][gc,cpu         ] GC(1411) User=0.00s Sys=0.00s Real=0.00s
[4676.638s][info][gc,marking     ] GC(1411) Concurrent Clear Claimed Marks
[4676.638s][info][gc,marking     ] GC(1411) Concurrent Clear Claimed Marks 0.031ms
[4676.638s][info][gc,marking     ] GC(1411) Concurrent Cleanup for Next Mark
[4676.646s][info][gc,marking     ] GC(1411) Concurrent Cleanup for Next Mark 7.985ms
[4676.646s][info][gc             ] GC(1411) Concurrent Mark Cycle 1778.726ms
[4676.985s][info][gc,start       ] GC(1412) Pause Young (Prepare Mixed) (G1 Evacuation Pause)
[4676.985s][info][gc,task        ] GC(1412) Using 6 workers of 6 for evacuation
[4677.108s][info][gc,phases      ] GC(1412)   Pre Evacuate Collection Set: 0.35ms
[4677.108s][info][gc,phases      ] GC(1412)   Merge Heap Roots: 0.52ms
[4677.108s][info][gc,phases      ] GC(1412)   Evacuate Collection Set: 121.01ms
[4677.108s][info][gc,phases      ] GC(1412)   Post Evacuate Collection Set: 0.92ms
[4677.108s][info][gc,phases      ] GC(1412)   Other: 0.09ms
[4677.108s][info][gc,heap        ] GC(1412) Eden regions: 1117->0(1102)
[4677.108s][info][gc,heap        ] GC(1412) Survivor regions: 111->112(154)
[4677.108s][info][gc,heap        ] GC(1412) Old regions: 507->539
[4677.108s][info][gc,heap        ] GC(1412) Humongous regions: 80->80
[4677.108s][info][gc,metaspace   ] GC(1412) Metaspace: 28884K(29248K)->28884K(29248K) NonClass: 24016K(24192K)->24016K(24192K) Class: 4868K(5056K)->4868K(5056K)
[4677.108s][info][gc             ] GC(1412) Pause Young (Prepare Mixed) (G1 Evacuation Pause) 3628M->1459M(4096M) 123.013ms
[4677.108s][info][gc,cpu         ] GC(1412) User=0.73s Sys=0.00s Real=0.13s
...[4679.201s][info][gc,start       ] GC(1413) Pause Young (Mixed) (G1 Evacuation Pause)
[4679.201s][info][gc,task        ] GC(1413) Using 6 workers of 6 for evacuation
[4679.337s][info][gc,phases      ] GC(1413)   Pre Evacuate Collection Set: 0.34ms
[4679.337s][info][gc,phases      ] GC(1413)   Merge Heap Roots: 0.67ms
[4679.337s][info][gc,phases      ] GC(1413)   Evacuate Collection Set: 133.86ms
[4679.337s][info][gc,phases      ] GC(1413)   Post Evacuate Collection Set: 0.94ms
[4679.337s][info][gc,phases      ] GC(1413)   Other: 0.09ms
[4679.337s][info][gc,heap        ] GC(1413) Eden regions: 1102->0(1116)
[4679.337s][info][gc,heap        ] GC(1413) Survivor regions: 112->112(152)
[4679.337s][info][gc,heap        ] GC(1413) Old regions: 539->474
[4679.337s][info][gc,heap        ] GC(1413) Humongous regions: 80->80
[4679.337s][info][gc,metaspace   ] GC(1413) Metaspace: 28884K(29248K)->28884K(29248K) NonClass: 24016K(24192K)->24016K(24192K) Class: 4868K(5056K)->4868K(5056K)
[4679.337s][info][gc             ] GC(1413) Pause Young (Mixed) (G1 Evacuation Pause) 3662M->1330M(4096M) 136.050ms
[4679.338s][info][gc,cpu         ] GC(1413) User=0.81s Sys=0.00s Real=0.14s
..[4681.363s][info][gc,start       ] GC(1414) Pause Young (Concurrent Start) (G1 Evacuation Pause)
[4681.363s][info][gc,task        ] GC(1414) Using 6 workers of 6 for evacuation
[4681.482s][info][gc,phases      ] GC(1414)   Pre Evacuate Collection Set: 0.41ms
[4681.482s][info][gc,phases      ] GC(1414)   Merge Heap Roots: 0.45ms
[4681.482s][info][gc,phases      ] GC(1414)   Evacuate Collection Set: 117.56ms
[4681.482s][info][gc,phases      ] GC(1414)   Post Evacuate Collection Set: 0.87ms
[4681.482s][info][gc,phases      ] GC(1414)   Other: 0.11ms
[4681.482s][info][gc,heap        ] GC(1414) Eden regions: 1116->0(1116)
[4681.482s][info][gc,heap        ] GC(1414) Survivor regions: 112->112(154)
[4681.482s][info][gc,heap        ] GC(1414) Old regions: 474->506
[4681.482s][info][gc,heap        ] GC(1414) Humongous regions: 80->80
[4681.482s][info][gc,metaspace   ] GC(1414) Metaspace: 28884K(29248K)->28884K(29248K) NonClass: 24016K(24192K)->24016K(24192K) Class: 4868K(5056K)->4868K(5056K)
[4681.482s][info][gc             ] GC(1414) Pause Young (Concurrent Start) (G1 Evacuation Pause) 3562M->1394M(4096M) 119.534ms
[4681.482s][info][gc             ] GC(1415) Concurrent Mark Cycle
[4681.482s][info][gc,marking     ] GC(1415) Concurrent Scan Root Regions
[4681.482s][info][gc,cpu         ] GC(1414) User=0.71s Sys=0.00s Real=0.12s
[4681.680s][info][gc,marking     ] GC(1415) Concurrent Scan Root Regions 198.146ms
[4681.680s][info][gc,marking     ] GC(1415) Concurrent Mark
[4681.680s][info][gc,marking     ] GC(1415) Concurrent Mark From Roots
[4681.680s][info][gc,task        ] GC(1415) Using 2 workers of 2 for marking
.[4682.731s][info][gc,marking     ] GC(1415) Concurrent Mark From Roots 1050.476ms
[4682.731s][info][gc,marking     ] GC(1415) Concurrent Preclean
[4682.731s][info][gc,marking     ] GC(1415) Concurrent Preclean 0.125ms
[4682.733s][info][gc,start       ] GC(1415) Pause Remark
[4682.738s][info][gc             ] GC(1415) Pause Remark 2552M->2552M(4096M) 4.463ms
[4682.738s][info][gc,cpu         ] GC(1415) User=0.02s Sys=0.00s Real=0.01s
[4682.738s][info][gc,marking     ] GC(1415) Concurrent Mark 1057.842ms
[4682.738s][info][gc,marking     ] GC(1415) Concurrent Rebuild Remembered Sets and Scrub Regions
[4683.191s][info][gc,marking     ] GC(1415) Concurrent Rebuild Remembered Sets and Scrub Regions 452.767ms
[4683.191s][info][gc,start       ] GC(1415) Pause Cleanup
[4683.191s][info][gc             ] GC(1415) Pause Cleanup 3042M->3042M(4096M) 0.121ms
[4683.191s][info][gc,cpu         ] GC(1415) User=0.00s Sys=0.00s Real=0.00s
[4683.192s][info][gc,marking     ] GC(1415) Concurrent Clear Claimed Marks
[4683.192s][info][gc,marking     ] GC(1415) Concurrent Clear Claimed Marks 0.025ms
[4683.192s][info][gc,marking     ] GC(1415) Concurrent Cleanup for Next Mark
[4683.240s][info][gc,marking     ] GC(1415) Concurrent Cleanup for Next Mark 48.496ms
[4683.240s][info][gc             ] GC(1415) Concurrent Mark Cycle 1757.917ms
.[4683.664s][info][gc,start       ] GC(1416) Pause Young (Prepare Mixed) (G1 Evacuation Pause)
[4683.664s][info][gc,task        ] GC(1416) Using 6 workers of 6 for evacuation
[4683.779s][info][gc,phases      ] GC(1416)   Pre Evacuate Collection Set: 0.34ms
[4683.779s][info][gc,phases      ] GC(1416)   Merge Heap Roots: 0.51ms
[4683.779s][info][gc,phases      ] GC(1416)   Evacuate Collection Set: 113.66ms
[4683.779s][info][gc,phases      ] GC(1416)   Post Evacuate Collection Set: 0.93ms
[4683.779s][info][gc,phases      ] GC(1416)   Other: 0.10ms
[4683.779s][info][gc,heap        ] GC(1416) Eden regions: 1116->0(1111)
[4683.779s][info][gc,heap        ] GC(1416) Survivor regions: 112->108(154)
[4683.779s][info][gc,heap        ] GC(1416) Old regions: 506->538
[4683.779s][info][gc,heap        ] GC(1416) Humongous regions: 80->80
[4683.779s][info][gc,metaspace   ] GC(1416) Metaspace: 28884K(29248K)->28884K(29248K) NonClass: 24016K(24192K)->24016K(24192K) Class: 4868K(5056K)->4868K(5056K)
[4683.779s][info][gc             ] GC(1416) Pause Young (Prepare Mixed) (G1 Evacuation Pause) 3626M->1450M(4096M) 115.661ms
[4683.779s][info][gc,cpu         ] GC(1416) User=0.69s Sys=0.00s Real=0.12s
..[4685.858s][info][gc,start       ] GC(1417) Pause Young (Mixed) (G1 Evacuation Pause)
[4685.858s][info][gc,task        ] GC(1417) Using 6 workers of 6 for evacuation
[4685.994s][info][gc,phases      ] GC(1417)   Pre Evacuate Collection Set: 0.39ms
[4685.994s][info][gc,phases      ] GC(1417)   Merge Heap Roots: 0.86ms
[4685.994s][info][gc,phases      ] GC(1417)   Evacuate Collection Set: 132.85ms
[4685.994s][info][gc,phases      ] GC(1417)   Post Evacuate Collection Set: 0.93ms
[4685.994s][info][gc,phases      ] GC(1417)   Other: 0.09ms
[4685.994s][info][gc,heap        ] GC(1417) Eden regions: 1111->0(1120)
[4685.994s][info][gc,heap        ] GC(1417) Survivor regions: 108->108(153)
[4685.994s][info][gc,heap        ] GC(1417) Old regions: 538->474
[4685.994s][info][gc,heap        ] GC(1417) Humongous regions: 80->80
[4685.994s][info][gc,metaspace   ] GC(1417) Metaspace: 28884K(29248K)->28884K(29248K) NonClass: 24016K(24192K)->24016K(24192K) Class: 4868K(5056K)->4868K(5056K)
[4685.994s][info][gc             ] GC(1417) Pause Young (Mixed) (G1 Evacuation Pause) 3672M->1321M(4096M) 135.245ms
[4685.994s][info][gc,cpu         ] GC(1417) User=0.80s Sys=0.00s Real=0.13s
..[4688.033s][info][gc,start       ] GC(1418) Pause Young (Concurrent Start) (G1 Evacuation Pause)
[4688.033s][info][gc,task        ] GC(1418) Using 6 workers of 6 for evacuation
[4688.160s][info][gc,phases      ] GC(1418)   Pre Evacuate Collection Set: 0.40ms
[4688.160s][info][gc,phases      ] GC(1418)   Merge Heap Roots: 0.52ms
[4688.160s][info][gc,phases      ] GC(1418)   Evacuate Collection Set: 124.98ms
[4688.160s][info][gc,phases      ] GC(1418)   Post Evacuate Collection Set: 0.90ms
[4688.160s][info][gc,phases      ] GC(1418)   Other: 0.12ms
[4688.160s][info][gc,heap        ] GC(1418) Eden regions: 1120->0(1112)
[4688.160s][info][gc,heap        ] GC(1418) Survivor regions: 108->116(154)
[4688.160s][info][gc,heap        ] GC(1418) Old regions: 474->506
[4688.160s][info][gc,heap        ] GC(1418) Humongous regions: 80->80
[4688.160s][info][gc,metaspace   ] GC(1418) Metaspace: 28884K(29248K)->28884K(29248K) NonClass: 24016K(24192K)->24016K(24192K) Class: 4868K(5056K)->4868K(5056K)
[4688.160s][info][gc             ] GC(1418) Pause Young (Concurrent Start) (G1 Evacuation Pause) 3561M->1402M(4096M) 127.039ms
[4688.160s][info][gc             ] GC(1419) Concurrent Mark Cycle
[4688.160s][info][gc,marking     ] GC(1419) Concurrent Scan Root Regions
[4688.160s][info][gc,cpu         ] GC(1418) User=0.76s Sys=0.00s Real=0.13s
.[4688.379s][info][gc,marking     ] GC(1419) Concurrent Scan Root Regions 218.487ms
[4688.379s][info][gc,marking     ] GC(1419) Concurrent Mark
[4688.379s][info][gc,marking     ] GC(1419) Concurrent Mark From Roots
[4688.379s][info][gc,task        ] GC(1419) Using 2 workers of 2 for marking
.[4689.406s][info][gc,marking     ] GC(1419) Concurrent Mark From Roots 1027.044ms
[4689.406s][info][gc,marking     ] GC(1419) Concurrent Preclean
[4689.406s][info][gc,marking     ] GC(1419) Concurrent Preclean 0.130ms
[4689.407s][info][gc,start       ] GC(1419) Pause Remark
[4689.411s][info][gc             ] GC(1419) Pause Remark 2662M->2662M(4096M) 3.987ms
[4689.411s][info][gc,cpu         ] GC(1419) User=0.02s Sys=0.00s Real=0.01s
[4689.411s][info][gc,marking     ] GC(1419) Concurrent Mark 1032.550ms
[4689.411s][info][gc,marking     ] GC(1419) Concurrent Rebuild Remembered Sets and Scrub Regions
[4689.885s][info][gc,marking     ] GC(1419) Concurrent Rebuild Remembered Sets and Scrub Regions 473.504ms
[4689.886s][info][gc,start       ] GC(1419) Pause Cleanup
[4689.886s][info][gc             ] GC(1419) Pause Cleanup 3193M->3193M(4096M) 0.129ms
[4689.886s][info][gc,cpu         ] GC(1419) User=0.00s Sys=0.00s Real=0.00s
[4689.888s][info][gc,marking     ] GC(1419) Concurrent Clear Claimed Marks
[4689.888s][info][gc,marking     ] GC(1419) Concurrent Clear Claimed Marks 0.042ms
[4689.888s][info][gc,marking     ] GC(1419) Concurrent Cleanup for Next Mark
[4689.893s][info][gc,marking     ] GC(1419) Concurrent Cleanup for Next Mark 4.872ms
[4689.893s][info][gc             ] GC(1419) Concurrent Mark Cycle 1732.529ms
[4690.268s][info][gc,start       ] GC(1420) Pause Young (Prepare Mixed) (G1 Evacuation Pause)
[4690.268s][info][gc,task        ] GC(1420) Using 6 workers of 6 for evacuation
[4690.387s][info][gc,phases      ] GC(1420)   Pre Evacuate Collection Set: 0.33ms
[4690.387s][info][gc,phases      ] GC(1420)   Merge Heap Roots: 0.52ms
[4690.387s][info][gc,phases      ] GC(1420)   Evacuate Collection Set: 116.86ms
[4690.387s][info][gc,phases      ] GC(1420)   Post Evacuate Collection Set: 0.91ms
[4690.387s][info][gc,phases      ] GC(1420)   Other: 0.08ms
[4690.387s][info][gc,heap        ] GC(1420) Eden regions: 1112->0(1106)
[4690.387s][info][gc,heap        ] GC(1420) Survivor regions: 116->111(154)
[4690.387s][info][gc,heap        ] GC(1420) Old regions: 506->537
[4690.387s][info][gc,heap        ] GC(1420) Humongous regions: 80->80
[4690.387s][info][gc,metaspace   ] GC(1420) Metaspace: 28884K(29248K)->28884K(29248K) NonClass: 24016K(24192K)->24016K(24192K) Class: 4868K(5056K)->4868K(5056K)
[4690.387s][info][gc             ] GC(1420) Pause Young (Prepare Mixed) (G1 Evacuation Pause) 3626M->1455M(4096M) 118.864ms
[4690.387s][info][gc,cpu         ] GC(1420) User=0.71s Sys=0.00s Real=0.11s
...[4692.469s][info][gc,start       ] GC(1421) Pause Young (Mixed) (G1 Evacuation Pause)
[4692.469s][info][gc,task        ] GC(1421) Using 6 workers of 6 for evacuation
[4692.607s][info][gc,phases      ] GC(1421)   Pre Evacuate Collection Set: 0.35ms
[4692.607s][info][gc,phases      ] GC(1421)   Merge Heap Roots: 0.67ms
[4692.607s][info][gc,phases      ] GC(1421)   Evacuate Collection Set: 135.55ms
[4692.607s][info][gc,phases      ] GC(1421)   Post Evacuate Collection Set: 0.94ms
[4692.607s][info][gc,phases      ] GC(1421)   Other: 0.10ms
[4692.607s][info][gc,heap        ] GC(1421) Eden regions: 1106->0(1114)
[4692.607s][info][gc,heap        ] GC(1421) Survivor regions: 111->114(153)
[4692.607s][info][gc,heap        ] GC(1421) Old regions: 537->473
[4692.607s][info][gc,heap        ] GC(1421) Humongous regions: 80->80
[4692.607s][info][gc,metaspace   ] GC(1421) Metaspace: 28884K(29248K)->28884K(29248K) NonClass: 24016K(24192K)->24016K(24192K) Class: 4868K(5056K)->4868K(5056K)
[4692.607s][info][gc             ] GC(1421) Pause Young (Mixed) (G1 Evacuation Pause) 3667M->1333M(4096M) 137.747ms
[4692.607s][info][gc,cpu         ] GC(1421) User=0.83s Sys=0.00s Real=0.13s
..[4694.616s][info][gc,start       ] GC(1422) Pause Young (Concurrent Start) (G1 Evacuation Pause)
[4694.616s][info][gc,task        ] GC(1422) Using 6 workers of 6 for evacuation
[4694.736s][info][gc,phases      ] GC(1422)   Pre Evacuate Collection Set: 0.37ms
[4694.737s][info][gc,phases      ] GC(1422)   Merge Heap Roots: 0.45ms
[4694.737s][info][gc,phases      ] GC(1422)   Evacuate Collection Set: 119.10ms
[4694.737s][info][gc,phases      ] GC(1422)   Post Evacuate Collection Set: 0.86ms
[4694.737s][info][gc,phases      ] GC(1422)   Other: 0.10ms
[4694.737s][info][gc,heap        ] GC(1422) Eden regions: 1114->0(1115)
[4694.737s][info][gc,heap        ] GC(1422) Survivor regions: 114->113(154)
[4694.737s][info][gc,heap        ] GC(1422) Old regions: 473->506
[4694.737s][info][gc,heap        ] GC(1422) Humongous regions: 80->80
[4694.737s][info][gc,metaspace   ] GC(1422) Metaspace: 28884K(29248K)->28884K(29248K) NonClass: 24016K(24192K)->24016K(24192K) Class: 4868K(5056K)->4868K(5056K)
[4694.737s][info][gc             ] GC(1422) Pause Young (Concurrent Start) (G1 Evacuation Pause) 3561M->1395M(4096M) 121.026ms
[4694.737s][info][gc             ] GC(1423) Concurrent Mark Cycle
[4694.737s][info][gc,marking     ] GC(1423) Concurrent Scan Root Regions
[4694.737s][info][gc,cpu         ] GC(1422) User=0.72s Sys=0.00s Real=0.12s
[4694.921s][info][gc,marking     ] GC(1423) Concurrent Scan Root Regions 183.889ms
[4694.921s][info][gc,marking     ] GC(1423) Concurrent Mark
[4694.921s][info][gc,marking     ] GC(1423) Concurrent Mark From Roots
[4694.921s][info][gc,task        ] GC(1423) Using 2 workers of 2 for marking
.[4695.956s][info][gc,marking     ] GC(1423) Concurrent Mark From Roots 1035.278ms
[4695.956s][info][gc,marking     ] GC(1423) Concurrent Preclean
[4695.956s][info][gc,marking     ] GC(1423) Concurrent Preclean 0.115ms
[4695.959s][info][gc,start       ] GC(1423) Pause Remark
[4695.963s][info][gc             ] GC(1423) Pause Remark 2549M->2549M(4096M) 4.280ms
[4695.963s][info][gc,cpu         ] GC(1423) User=0.02s Sys=0.00s Real=0.00s
[4695.963s][info][gc,marking     ] GC(1423) Concurrent Mark 1042.885ms
[4695.963s][info][gc,marking     ] GC(1423) Concurrent Rebuild Remembered Sets and Scrub Regions
[4696.337s][info][gc,marking     ] GC(1423) Concurrent Rebuild Remembered Sets and Scrub Regions 373.952ms
[4696.338s][info][gc,start       ] GC(1423) Pause Cleanup
[4696.338s][info][gc             ] GC(1423) Pause Cleanup 2946M->2946M(4096M) 0.119ms
[4696.338s][info][gc,cpu         ] GC(1423) User=0.00s Sys=0.00s Real=0.00s
[4696.338s][info][gc,marking     ] GC(1423) Concurrent Clear Claimed Marks
[4696.338s][info][gc,marking     ] GC(1423) Concurrent Clear Claimed Marks 0.027ms
[4696.338s][info][gc,marking     ] GC(1423) Concurrent Cleanup for Next Mark
[4696.343s][info][gc,marking     ] GC(1423) Concurrent Cleanup for Next Mark 5.273ms
[4696.343s][info][gc             ] GC(1423) Concurrent Mark Cycle 1606.604ms
.[4696.895s][info][gc,start       ] GC(1424) Pause Young (Prepare Mixed) (G1 Evacuation Pause)
[4696.895s][info][gc,task        ] GC(1424) Using 6 workers of 6 for evacuation
[4697.011s][info][gc,phases      ] GC(1424)   Pre Evacuate Collection Set: 0.29ms
[4697.011s][info][gc,phases      ] GC(1424)   Merge Heap Roots: 0.50ms
[4697.011s][info][gc,phases      ] GC(1424)   Evacuate Collection Set: 114.30ms
[4697.011s][info][gc,phases      ] GC(1424)   Post Evacuate Collection Set: 0.92ms
[4697.011s][info][gc,phases      ] GC(1424)   Other: 0.09ms
[4697.011s][info][gc,heap        ] GC(1424) Eden regions: 1115->0(1110)
[4697.011s][info][gc,heap        ] GC(1424) Survivor regions: 113->109(154)
[4697.011s][info][gc,heap        ] GC(1424) Old regions: 506->537
[4697.011s][info][gc,heap        ] GC(1424) Humongous regions: 80->80
[4697.011s][info][gc,metaspace   ] GC(1424) Metaspace: 28884K(29248K)->28884K(29248K) NonClass: 24016K(24192K)->24016K(24192K) Class: 4868K(5056K)->4868K(5056K)
[4697.011s][info][gc             ] GC(1424) Pause Young (Prepare Mixed) (G1 Evacuation Pause) 3625M->1450M(4096M) 116.236ms
[4697.011s][info][gc,cpu         ] GC(1424) User=0.70s Sys=0.00s Real=0.12s
..[4699.170s][info][gc,start       ] GC(1425) Pause Young (Mixed) (G1 Evacuation Pause)
[4699.170s][info][gc,task        ] GC(1425) Using 6 workers of 6 for evacuation
[4699.306s][info][gc,phases      ] GC(1425)   Pre Evacuate Collection Set: 0.35ms
[4699.306s][info][gc,phases      ] GC(1425)   Merge Heap Roots: 0.75ms
[4699.306s][info][gc,phases      ] GC(1425)   Evacuate Collection Set: 133.76ms
[4699.306s][info][gc,phases      ] GC(1425)   Post Evacuate Collection Set: 0.95ms
[4699.306s][info][gc,phases      ] GC(1425)   Other: 0.09ms
[4699.306s][info][gc,heap        ] GC(1425) Eden regions: 1110->0(1116)
[4699.306s][info][gc,heap        ] GC(1425) Survivor regions: 109->112(153)
[4699.306s][info][gc,heap        ] GC(1425) Old regions: 537->475
[4699.306s][info][gc,heap        ] GC(1425) Humongous regions: 80->80
[4699.306s][info][gc,metaspace   ] GC(1425) Metaspace: 28884K(29248K)->28884K(29248K) NonClass: 24016K(24192K)->24016K(24192K) Class: 4868K(5056K)->4868K(5056K)
[4699.306s][info][gc             ] GC(1425) Pause Young (Mixed) (G1 Evacuation Pause) 3670M->1331M(4096M) 136.067ms
[4699.306s][info][gc,cpu         ] GC(1425) User=0.81s Sys=0.00s Real=0.13s
..[4701.337s][info][gc,start       ] GC(1426) Pause Young (Concurrent Start) (G1 Evacuation Pause)
[4701.337s][info][gc,task        ] GC(1426) Using 6 workers of 6 for evacuation
[4701.459s][info][gc,phases      ] GC(1426)   Pre Evacuate Collection Set: 0.39ms
[4701.459s][info][gc,phases      ] GC(1426)   Merge Heap Roots: 0.46ms
[4701.459s][info][gc,phases      ] GC(1426)   Evacuate Collection Set: 120.37ms
[4701.459s][info][gc,phases      ] GC(1426)   Post Evacuate Collection Set: 0.74ms
[4701.459s][info][gc,phases      ] GC(1426)   Other: 0.13ms
[4701.459s][info][gc,heap        ] GC(1426) Eden regions: 1116->0(1113)
[4701.459s][info][gc,heap        ] GC(1426) Survivor regions: 112->115(154)
[4701.459s][info][gc,heap        ] GC(1426) Old regions: 475->507
[4701.459s][info][gc,heap        ] GC(1426) Humongous regions: 80->80
[4701.459s][info][gc,metaspace   ] GC(1426) Metaspace: 28884K(29248K)->28884K(29248K) NonClass: 24016K(24192K)->24016K(24192K) Class: 4868K(5056K)->4868K(5056K)
[4701.460s][info][gc             ] GC(1426) Pause Young (Concurrent Start) (G1 Evacuation Pause) 3563M->1403M(4096M) 122.211ms
[4701.460s][info][gc             ] GC(1427) Concurrent Mark Cycle
[4701.460s][info][gc,marking     ] GC(1427) Concurrent Scan Root Regions
[4701.460s][info][gc,cpu         ] GC(1426) User=0.73s Sys=0.01s Real=0.13s
.[4701.657s][info][gc,marking     ] GC(1427) Concurrent Scan Root Regions 197.532ms
[4701.657s][info][gc,marking     ] GC(1427) Concurrent Mark
[4701.657s][info][gc,marking     ] GC(1427) Concurrent Mark From Roots
[4701.657s][info][gc,task        ] GC(1427) Using 2 workers of 2 for marking
.[4702.708s][info][gc,marking     ] GC(1427) Concurrent Mark From Roots 1050.379ms
[4702.708s][info][gc,marking     ] GC(1427) Concurrent Preclean
[4702.708s][info][gc,marking     ] GC(1427) Concurrent Preclean 0.118ms
[4702.710s][info][gc,start       ] GC(1427) Pause Remark
[4702.715s][info][gc             ] GC(1427) Pause Remark 2581M->2581M(4096M) 4.444ms
[4702.715s][info][gc,cpu         ] GC(1427) User=0.02s Sys=0.00s Real=0.00s
[4702.715s][info][gc,marking     ] GC(1427) Concurrent Mark 1057.945ms
[4702.715s][info][gc,marking     ] GC(1427) Concurrent Rebuild Remembered Sets and Scrub Regions
[4702.945s][info][gc,marking     ] GC(1427) Concurrent Rebuild Remembered Sets and Scrub Regions 229.894ms
[4702.945s][info][gc,start       ] GC(1427) Pause Cleanup
[4702.945s][info][gc             ] GC(1427) Pause Cleanup 2786M->2786M(4096M) 0.116ms
[4702.945s][info][gc,cpu         ] GC(1427) User=0.00s Sys=0.00s Real=0.00s
[4702.945s][info][gc,marking     ] GC(1427) Concurrent Clear Claimed Marks
[4702.945s][info][gc,marking     ] GC(1427) Concurrent Clear Claimed Marks 0.020ms
[4702.945s][info][gc,marking     ] GC(1427) Concurrent Cleanup for Next Mark
[4702.950s][info][gc,marking     ] GC(1427) Concurrent Cleanup for Next Mark 4.556ms
[4702.950s][info][gc             ] GC(1427) Concurrent Mark Cycle 1490.444ms
.[4703.674s][info][gc,start       ] GC(1428) Pause Young (Prepare Mixed) (G1 Evacuation Pause)
[4703.674s][info][gc,task        ] GC(1428) Using 6 workers of 6 for evacuation
[4703.790s][info][gc,phases      ] GC(1428)   Pre Evacuate Collection Set: 0.31ms
[4703.790s][info][gc,phases      ] GC(1428)   Merge Heap Roots: 0.48ms
[4703.790s][info][gc,phases      ] GC(1428)   Evacuate Collection Set: 114.48ms
[4703.790s][info][gc,phases      ] GC(1428)   Post Evacuate Collection Set: 0.91ms
[4703.790s][info][gc,phases      ] GC(1428)   Other: 0.09ms
[4703.790s][info][gc,heap        ] GC(1428) Eden regions: 1113->0(1110)
[4703.790s][info][gc,heap        ] GC(1428) Survivor regions: 115->108(154)
[4703.790s][info][gc,heap        ] GC(1428) Old regions: 507->539
[4703.790s][info][gc,heap        ] GC(1428) Humongous regions: 80->80
[4703.790s][info][gc,metaspace   ] GC(1428) Metaspace: 28884K(29248K)->28884K(29248K) NonClass: 24016K(24192K)->24016K(24192K) Class: 4868K(5056K)->4868K(5056K)
[4703.790s][info][gc             ] GC(1428) Pause Young (Prepare Mixed) (G1 Evacuation Pause) 3629M->1452M(4096M) 116.405ms
[4703.791s][info][gc,cpu         ] GC(1428) User=0.69s Sys=0.00s Real=0.12s
 (rIR:aIR:PR = 8441:8524:8524) (tPR = 126823) [OK] 
  4703s: Performance info:
         Transaction,    Success,    Partial,     Failed,   Receipts, AvgBarcode, 
             Overall,     566847,          0,          0,     538645,      59.48, 
         Response times:
             Request,    Success,    Partial,     Failed,   SkipFail,     Probes,    Samples,      min,      p50,      p90,      p95,      p99,      max, 
