[0.002s][info][gc,init] CardTable entry size: 512
[0.002s][info][gc     ] Using G1
[0.009s][info][gc,init] Version: 24-internal-adhoc.thomas.source (release)
[0.009s][info][gc,init] CPUs: 8 total, 6 available
[0.009s][info][gc,init] Memory: 15662M
[0.009s][info][gc,init] Large Page Support: Disabled
[0.009s][info][gc,init] NUMA Support: Disabled
[0.009s][info][gc,init] Compressed Oops: Enabled (Zero based)
[0.009s][info][gc,init] Heap Region Size: 2M
[0.009s][info][gc,init] Heap Min Capacity: 4G
[0.009s][info][gc,init] Heap Initial Capacity: 4G
[0.009s][info][gc,init] Heap Max Capacity: 4G
[0.009s][info][gc,init] Pre-touch: Disabled
[0.009s][info][gc,init] Parallel Workers: 6
[0.009s][info][gc,init] Concurrent Workers: 2
[0.009s][info][gc,init] Concurrent Refinement Workers: 6
[0.009s][info][gc,init] Periodic GC: Disabled
[0.009s][info][gc,metaspace] CDS archive(s) not mapped
[0.009s][info][gc,metaspace] Compressed class space mapped at: 0x00000000ae000000-0x00000000ee000000, reserved size: 1073741824
[0.009s][info][gc,metaspace] UseCompressedClassPointers 1, UseCompactObjectHeaders 1, narrow klass pointer bits 22, max shift 10
[0.010s][info][gc,metaspace] Narrow klass base: 0x00000000ae000000, Narrow klass shift: 9, Narrow klass range: 0x40000000

SPECjbb2015 Java Business Benchmark
 (c) Standard Performance Evaluation Corporation, 2015

Preparing to launch All-in-one SPECjbb2015.

Reading property file: /shared/projects/openjdk/analysis/lilliput-benefits/specjbb/results-COH-ON-G1-1/./config/specjbb2015.props

     0s: Enumerating plugins...
     0s:    Connectivity:
     0s:             HTTP_Grizzly: Grizzly HTTP server, JDK HTTP client
     0s:              NIO_Grizzly: Grizzly NIO server, Grizzly NIO client
     0s:               HTTP_Jetty: Jetty HTTP server, JDK HTTP client
     0s:    Snapshot:
     0s:                 InMemory: Stores snapshots in heap memory
     0s:    Data Writers:
     0s:                     Demo: Send all frame to listener
     0s:                   InFile: Writing Data into file
     0s:                   Silent: Drop all frames
     0s: 
     0s: Kit validation is skipped.
     0s: Tests are skipped.
     0s: 
     0s: [0.851s][info][gc,start    ] GC(0) Pause Young (Normal) (G1 Evacuation Pause)
[0.852s][info][gc,task     ] GC(0) Using 6 workers of 6 for evacuation
[0.857s][info][gc,phases   ] GC(0)   Pre Evacuate Collection Set: 0.32ms
[0.857s][info][gc,phases   ] GC(0)   Merge Heap Roots: 0.09ms
[0.857s][info][gc,phases   ] GC(0)   Evacuate Collection Set: 4.10ms
[0.857s][info][gc,phases   ] GC(0)   Post Evacuate Collection Set: 0.47ms
[0.857s][info][gc,phases   ] GC(0)   Other: 0.53ms
[0.857s][info][gc,heap     ] GC(0) Eden regions: 102->0(99)
[0.857s][info][gc,heap     ] GC(0) Survivor regions: 0->3(13)
[0.857s][info][gc,heap     ] GC(0) Old regions: 0->0
[0.857s][info][gc,heap     ] GC(0) Humongous regions: 0->0
[0.857s][info][gc,metaspace] GC(0) Metaspace: 21045K(21184K)->21045K(21184K) NonClass: 17045K(17088K)->17045K(17088K) Class: 3999K(4096K)->3999K(4096K)
[0.857s][info][gc          ] GC(0) Pause Young (Normal) (G1 Evacuation Pause) 204M->4M(4096M) 5.685ms
[0.857s][info][gc,cpu      ] GC(0) User=0.02s Sys=0.01s Real=0.00s
[1.012s][info][gc,start    ] GC(1) Pause Young (Concurrent Start) (Metadata GC Threshold)
[1.012s][info][gc,task     ] GC(1) Using 6 workers of 6 for evacuation
[1.015s][info][gc,phases   ] GC(1)   Pre Evacuate Collection Set: 0.35ms
[1.015s][info][gc,phases   ] GC(1)   Merge Heap Roots: 0.04ms
[1.015s][info][gc,phases   ] GC(1)   Evacuate Collection Set: 2.27ms
[1.015s][info][gc,phases   ] GC(1)   Post Evacuate Collection Set: 0.31ms
[1.015s][info][gc,phases   ] GC(1)   Other: 0.09ms
[1.015s][info][gc,heap     ] GC(1) Eden regions: 47->0(99)
[1.015s][info][gc,heap     ] GC(1) Survivor regions: 3->3(13)
[1.015s][info][gc,heap     ] GC(1) Old regions: 0->0
[1.015s][info][gc,heap     ] GC(1) Humongous regions: 0->0
[1.015s][info][gc,metaspace] GC(1) Metaspace: 21398K(21504K)->21398K(21504K) NonClass: 17365K(17408K)->17365K(17408K) Class: 4033K(4096K)->4033K(4096K)
[1.015s][info][gc          ] GC(1) Pause Young (Concurrent Start) (Metadata GC Threshold) 98M->5M(4096M) 3.181ms
[1.015s][info][gc,cpu      ] GC(1) User=0.02s Sys=0.00s Real=0.00s
[1.015s][info][gc          ] GC(2) Concurrent Mark Cycle
[1.015s][info][gc,marking  ] GC(2) Concurrent Scan Root Regions
[1.017s][info][gc,marking  ] GC(2) Concurrent Scan Root Regions 2.084ms
[1.017s][info][gc,marking  ] GC(2) Concurrent Mark
[1.017s][info][gc,marking  ] GC(2) Concurrent Mark From Roots
[1.017s][info][gc,task     ] GC(2) Using 2 workers of 2 for marking
[1.018s][info][gc,marking  ] GC(2) Concurrent Mark From Roots 0.919ms
[1.018s][info][gc,marking  ] GC(2) Concurrent Preclean
[1.018s][info][gc,marking  ] GC(2) Concurrent Preclean 0.006ms
[1.018s][info][gc,start    ] GC(2) Pause Remark
[1.019s][info][gc          ] GC(2) Pause Remark 6M->6M(4096M) 0.784ms
[1.019s][info][gc,cpu      ] GC(2) User=0.01s Sys=0.00s Real=0.01s
[1.019s][info][gc,marking  ] GC(2) Concurrent Mark 1.832ms
[1.019s][info][gc,marking  ] GC(2) Concurrent Rebuild Remembered Sets and Scrub Regions
[1.019s][info][gc,marking  ] GC(2) Concurrent Rebuild Remembered Sets and Scrub Regions 0.080ms
[1.019s][info][gc,start    ] GC(2) Pause Cleanup
[1.019s][info][gc          ] GC(2) Pause Cleanup 6M->6M(4096M) 0.009ms
[1.019s][info][gc,cpu      ] GC(2) User=0.00s Sys=0.00s Real=0.00s
[1.019s][info][gc,marking  ] GC(2) Concurrent Clear Claimed Marks
[1.019s][info][gc,marking  ] GC(2) Concurrent Clear Claimed Marks 0.006ms
[1.019s][info][gc,marking  ] GC(2) Concurrent Cleanup for Next Mark
[1.025s][info][gc,marking  ] GC(2) Concurrent Cleanup for Next Mark 5.587ms
[1.025s][info][gc          ] GC(2) Concurrent Mark Cycle 9.769ms
Ladies and gentlemen, this is your Controller speaking.
     0s: We are delighted in having you for benchmark run today.
     0s: 
     0s: Binary log file is ./specjbb2015-C-20240905-00001.data.gz
     0s: 
     0s: Performing handshake with all agents ...
     0s: 
     0s:  Agent Group1.TxInjector.CompositeTxInjector has attached to Controller
     0s:  Agent Group1.Backend.CompositeBackend has attached to Controller
     0s: 
     0s: All agents have connected.
     0s: 
     0s: Attached agents info:

Group "Group1"
    TxInjectors:
        CompositeTxInjector, includes { Driver } @ [local in-Java link]
    Backends:
        CompositeBackend, includes { SM(2),SP(2) } @ [local in-Java link]

     0s: Initializing... (init[1.203s][info][gc,start    ] GC(3) Pause Young (Normal) (G1 Evacuation Pause)
[1.203s][info][gc,task     ] GC(3) Using 6 workers of 6 for evacuation
[1.267s][info][gc,phases   ] GC(3)   Pre Evacuate Collection Set: 0.29ms
[1.267s][info][gc,phases   ] GC(3)   Merge Heap Roots: 0.07ms
[1.267s][info][gc,phases   ] GC(3)   Evacuate Collection Set: 62.86ms
[1.267s][info][gc,phases   ] GC(3)   Post Evacuate Collection Set: 0.66ms
[1.267s][info][gc,phases   ] GC(3)   Other: 0.06ms
[1.267s][info][gc,heap     ] GC(3) Eden regions: 99->0(89)
[1.267s][info][gc,heap     ] GC(3) Survivor regions: 3->13(13)
[1.267s][info][gc,heap     ] GC(3) Old regions: 0->53
[1.267s][info][gc,heap     ] GC(3) Humongous regions: 15->15
[1.267s][info][gc,metaspace] GC(3) Metaspace: 22605K(22720K)->22605K(22720K) NonClass: 18345K(18432K)->18345K(18432K) Class: 4260K(4288K)->4260K(4288K)
[1.267s][info][gc          ] GC(3) Pause Young (Normal) (G1 Evacuation Pause) 233M->161M(4096M) 64.067ms
[1.267s][info][gc,cpu      ] GC(3) User=0.32s Sys=0.05s Real=0.06s
[1.375s][info][gc,start    ] GC(4) Pause Young (Normal) (G1 Evacuation Pause)
[1.375s][info][gc,task     ] GC(4) Using 6 workers of 6 for evacuation
[1.446s][info][gc,phases   ] GC(4)   Pre Evacuate Collection Set: 0.33ms
[1.446s][info][gc,phases   ] GC(4)   Merge Heap Roots: 0.20ms
[1.446s][info][gc,phases   ] GC(4)   Evacuate Collection Set: 69.70ms
[1.446s][info][gc,phases   ] GC(4)   Post Evacuate Collection Set: 0.47ms
[1.446s][info][gc,phases   ] GC(4)   Other: 0.05ms
[1.446s][info][gc,heap     ] GC(4) Eden regions: 89->0(89)
[1.446s][info][gc,heap     ] GC(4) Survivor regions: 13->13(13)
[1.446s][info][gc,heap     ] GC(4) Old regions: 53->119
[1.446s][info][gc,heap     ] GC(4) Humongous regions: 15->15
[1.446s][info][gc,metaspace] GC(4) Metaspace: 22649K(22784K)->22649K(22784K) NonClass: 18388K(18496K)->18388K(18496K) Class: 4260K(4288K)->4260K(4288K)
[1.446s][info][gc          ] GC(4) Pause Young (Normal) (G1 Evacuation Pause) 339M->294M(4096M) 70.912ms
[1.446s][info][gc,cpu      ] GC(4) User=0.39s Sys=0.03s Real=0.07s
[1.572s][info][gc,start    ] GC(5) Pause Young (Normal) (G1 Evacuation Pause)
[1.572s][info][gc,task     ] GC(5) Using 6 workers of 6 for evacuation
[1.655s][info][gc,phases   ] GC(5)   Pre Evacuate Collection Set: 0.38ms
[1.655s][info][gc,phases   ] GC(5)   Merge Heap Roots: 0.13ms
[1.655s][info][gc,phases   ] GC(5)   Evacuate Collection Set: 82.67ms
[1.655s][info][gc,phases   ] GC(5)   Post Evacuate Collection Set: 0.27ms
[1.655s][info][gc,phases   ] GC(5)   Other: 0.06ms
[1.655s][info][gc,heap     ] GC(5) Eden regions: 89->0(89)
[1.655s][info][gc,heap     ] GC(5) Survivor regions: 13->13(13)
[1.655s][info][gc,heap     ] GC(5) Old regions: 119->192
[1.655s][info][gc,heap     ] GC(5) Humongous regions: 19->19
[1.655s][info][gc,metaspace] GC(5) Metaspace: 22652K(22784K)->22652K(22784K) NonClass: 18392K(18496K)->18392K(18496K) Class: 4260K(4288K)->4260K(4288K)
[1.655s][info][gc          ] GC(5) Pause Young (Normal) (G1 Evacuation Pause) 480M->448M(4096M) 83.687ms
[1.656s][info][gc,cpu      ] GC(5) User=0.47s Sys=0.02s Real=0.08s
[1.819s][info][gc,start    ] GC(6) Pause Young (Normal) (G1 Evacuation Pause)
[1.819s][info][gc,task     ] GC(6) Using 6 workers of 6 for evacuation
[1.900s][info][gc,phases   ] GC(6)   Pre Evacuate Collection Set: 0.36ms
[1.900s][info][gc,phases   ] GC(6)   Merge Heap Roots: 0.13ms
[1.900s][info][gc,phases   ] GC(6)   Evacuate Collection Set: 79.69ms
[1.900s][info][gc,phases   ] GC(6)   Post Evacuate Collection Set: 0.28ms
[1.900s][info][gc,phases   ] GC(6)   Other: 0.06ms
[1.900s][info][gc,heap     ] GC(6) Eden regions: 89->0(89)
[1.900s][info][gc,heap     ] GC(6) Survivor regions: 13->13(13)
[1.900s][info][gc,heap     ] GC(6) Old regions: 192->270
[1.900s][info][gc,heap     ] GC(6) Humongous regions: 19->19
[1.900s][info][gc,metaspace] GC(6) Metaspace: 22663K(22784K)->22663K(22784K) NonClass: 18402K(18496K)->18402K(18496K) Class: 4260K(4288K)->4260K(4288K)
[1.900s][info][gc          ] GC(6) Pause Young (Normal) (G1 Evacuation Pause) 626M->604M(4096M) 80.669ms
[1.900s][info][gc,cpu      ] GC(6) User=0.46s Sys=0.02s Real=0.08s
[1.964s][info][gc,start    ] GC(7) Pause Young (Normal) (G1 Evacuation Pause)
[1.964s][info][gc,task     ] GC(7) Using 6 workers of 6 for evacuation
[2.034s][info][gc,phases   ] GC(7)   Pre Evacuate Collection Set: 0.32ms
[2.034s][info][gc,phases   ] GC(7)   Merge Heap Roots: 0.04ms
[2.034s][info][gc,phases   ] GC(7)   Evacuate Collection Set: 69.77ms
[2.034s][info][gc,phases   ] GC(7)   Post Evacuate Collection Set: 0.22ms
[2.034s][info][gc,phases   ] GC(7)   Other: 0.05ms
[2.034s][info][gc,heap     ] GC(7) Eden regions: 89->0(89)
[2.034s][info][gc,heap     ] GC(7) Survivor regions: 13->13(13)
[2.034s][info][gc,heap     ] GC(7) Old regions: 270->345
[2.034s][info][gc,heap     ] GC(7) Humongous regions: 19->19
[2.034s][info][gc,metaspace] GC(7) Metaspace: 22672K(22848K)->22672K(22848K) NonClass: 18409K(18496K)->18409K(18496K) Class: 4262K(4352K)->4262K(4352K)
[2.034s][info][gc          ] GC(7) Pause Young (Normal) (G1 Evacuation Pause) 782M->754M(4096M) 70.556ms
[2.034s][info][gc,cpu      ] GC(7) User=0.39s Sys=0.03s Real=0.07s
[2.266s][info][gc,start    ] GC(8) Pause Young (Normal) (G1 Evacuation Pause)
[2.266s][info][gc,task     ] GC(8) Using 6 workers of 6 for evacuation
[2.344s][info][gc,phases   ] GC(8)   Pre Evacuate Collection Set: 0.33ms
[2.344s][info][gc,phases   ] GC(8)   Merge Heap Roots: 0.12ms
[2.344s][info][gc,phases   ] GC(8)   Evacuate Collection Set: 76.46ms
[2.344s][info][gc,phases   ] GC(8)   Post Evacuate Collection Set: 0.26ms
[2.344s][info][gc,phases   ] GC(8)   Other: 0.05ms
[2.344s][info][gc,heap     ] GC(8) Eden regions: 89->0(89)
[2.344s][info][gc,heap     ] GC(8) Survivor regions: 13->13(13)
[2.344s][info][gc,heap     ] GC(8) Old regions: 345->402
[2.344s][info][gc,heap     ] GC(8) Humongous regions: 30->30
[2.344s][info][gc,metaspace] GC(8) Metaspace: 22704K(22848K)->22704K(22848K) NonClass: 18440K(18496K)->18440K(18496K) Class: 4263K(4352K)->4263K(4352K)
[2.344s][info][gc          ] GC(8) Pause Young (Normal) (G1 Evacuation Pause) 954M->890M(4096M) 77.351ms
[2.344s][info][gc,cpu      ] GC(8) User=0.44s Sys=0.02s Real=0.08s
[2.543s][info][gc,start    ] GC(9) Pause Young (Normal) (G1 Evacuation Pause)
[2.543s][info][gc,task     ] GC(9) Using 6 workers of 6 for evacuation
[2.620s][info][gc,phases   ] GC(9)   Pre Evacuate Collection Set: 0.33ms
[2.620s][info][gc,phases   ] GC(9)   Merge Heap Roots: 0.26ms
[2.620s][info][gc,phases   ] GC(9)   Evacuate Collection Set: 75.82ms
[2.620s][info][gc,phases   ] GC(9)   Post Evacuate Collection Set: 0.31ms
[2.620s][info][gc,phases   ] GC(9)   Other: 0.05ms
[2.620s][info][gc,heap     ] GC(9) Eden regions: 89->0(89)
[2.620s][info][gc,heap     ] GC(9) Survivor regions: 13->13(13)
[2.620s][info][gc,heap     ] GC(9) Old regions: 402->445
[2.620s][info][gc,heap     ] GC(9) Humongous regions: 39->39
[2.620s][info][gc,metaspace] GC(9) Metaspace: 22741K(22912K)->22741K(22912K) NonClass: 18476K(18560K)->18476K(18560K) Class: 4265K(4352K)->4265K(4352K)
[2.620s][info][gc          ] GC(9) Pause Young (Normal) (G1 Evacuation Pause) 1086M->994M(4096M) 76.897ms
[2.620s][info][gc,cpu      ] GC(9) User=0.43s Sys=0.02s Real=0.08s
) OK
     2s: 
     2s: Check whether properties are compliant
     2s: (validation=PASSED) Property settings are COMPLIANT.
     2s: 
     2s: Searching for high-bound for max-jOPS possible for this system
     2s: Searching from base IR = 100
     2s:       rampup IR =      0 [reconfig (term) [3.029s][info][gc,start    ] GC(10) Pause Full (System.gc())
[3.029s][info][gc,task     ] GC(10) Using 6 workers of 6 for full compaction
[3.029s][info][gc,phases,start] GC(10) Phase 1: Mark live objects
[3.044s][info][gc,phases      ] GC(10) Phase 1: Mark live objects 14.427ms
[3.044s][info][gc,phases,start] GC(10) Phase 2: Prepare compaction
[3.051s][info][gc,phases      ] GC(10) Phase 2: Prepare compaction 7.137ms
[3.051s][info][gc,phases,start] GC(10) Phase 3: Adjust pointers
[3.059s][info][gc,phases      ] GC(10) Phase 3: Adjust pointers 8.172ms
[3.059s][info][gc,phases,start] GC(10) Phase 4: Compact heap
[3.069s][info][gc,phases      ] GC(10) Phase 4: Compact heap 10.458ms
[3.069s][info][gc,phases,start] GC(10) Phase 5: Reset Metadata
[3.071s][info][gc,phases      ] GC(10) Phase 5: Reset Metadata 1.492ms
[3.076s][info][gc,heap        ] GC(10) Eden regions: 62->0(102)
[3.076s][info][gc,heap        ] GC(10) Survivor regions: 13->0(13)
[3.076s][info][gc,heap        ] GC(10) Old regions: 445->34
[3.076s][info][gc,heap        ] GC(10) Humongous regions: 46->13
[3.076s][info][gc,metaspace   ] GC(10) Metaspace: 23000K(23232K)->23000K(23232K) NonClass: 18694K(18816K)->18694K(18816K) Class: 4306K(4416K)->4306K(4416K)
[3.076s][info][gc             ] GC(10) Pause Full (System.gc()) 1131M->86M(4096M) 47.047ms
[3.076s][info][gc,cpu         ] GC(10) User=0.24s Sys=0.00s Real=0.04s
(init[3.363s][info][gc,start       ] GC(11) Pause Young (Normal) (G1 Evacuation Pause)
[3.363s][info][gc,task        ] GC(11) Using 6 workers of 6 for evacuation
[3.419s][info][gc,phases      ] GC(11)   Pre Evacuate Collection Set: 0.35ms
[3.419s][info][gc,phases      ] GC(11)   Merge Heap Roots: 0.05ms
[3.419s][info][gc,phases      ] GC(11)   Evacuate Collection Set: 54.59ms
[3.419s][info][gc,phases      ] GC(11)   Post Evacuate Collection Set: 0.39ms
[3.419s][info][gc,phases      ] GC(11)   Other: 0.06ms
[3.419s][info][gc,heap        ] GC(11) Eden regions: 102->0(89)
[3.419s][info][gc,heap        ] GC(11) Survivor regions: 0->13(13)
[3.419s][info][gc,heap        ] GC(11) Old regions: 34->93
[3.419s][info][gc,heap        ] GC(11) Humongous regions: 15->15
[3.419s][info][gc,metaspace   ] GC(11) Metaspace: 23007K(23232K)->23007K(23232K) NonClass: 18700K(18816K)->18700K(18816K) Class: 4306K(4416K)->4306K(4416K)
[3.419s][info][gc             ] GC(11) Pause Young (Normal) (G1 Evacuation Pause) 294M->234M(4096M) 55.580ms
[3.419s][info][gc,cpu         ] GC(11) User=0.32s Sys=0.00s Real=0.06s
[3.445s][info][gc,start       ] GC(12) Pause Young (Normal) (G1 Evacuation Pause)
[3.445s][info][gc,task        ] GC(12) Using 6 workers of 6 for evacuation
[3.519s][info][gc,phases      ] GC(12)   Pre Evacuate Collection Set: 0.33ms
[3.519s][info][gc,phases      ] GC(12)   Merge Heap Roots: 0.26ms
[3.519s][info][gc,phases      ] GC(12)   Evacuate Collection Set: 72.37ms
[3.519s][info][gc,phases      ] GC(12)   Post Evacuate Collection Set: 0.22ms
[3.519s][info][gc,phases      ] GC(12)   Other: 0.05ms
[3.519s][info][gc,heap        ] GC(12) Eden regions: 89->0(89)
[3.519s][info][gc,heap        ] GC(12) Survivor regions: 13->13(13)
[3.519s][info][gc,heap        ] GC(12) Old regions: 93->170
[3.519s][info][gc,heap        ] GC(12) Humongous regions: 15->15
[3.519s][info][gc,metaspace   ] GC(12) Metaspace: 23007K(23232K)->23007K(23232K) NonClass: 18700K(18816K)->18700K(18816K) Class: 4306K(4416K)->4306K(4416K)
[3.519s][info][gc             ] GC(12) Pause Young (Normal) (G1 Evacuation Pause) 412M->387M(4096M) 73.370ms
[3.519s][info][gc,cpu         ] GC(12) User=0.44s Sys=0.00s Real=0.08s
[3.542s][info][gc,start       ] GC(13) Pause Young (Normal) (G1 Evacuation Pause)
[3.542s][info][gc,task        ] GC(13) Using 6 workers of 6 for evacuation
[3.605s][info][gc,phases      ] GC(13)   Pre Evacuate Collection Set: 0.32ms
[3.605s][info][gc,phases      ] GC(13)   Merge Heap Roots: 0.07ms
[3.605s][info][gc,phases      ] GC(13)   Evacuate Collection Set: 62.15ms
[3.605s][info][gc,phases      ] GC(13)   Post Evacuate Collection Set: 0.23ms
[3.605s][info][gc,phases      ] GC(13)   Other: 0.05ms
[3.605s][info][gc,heap        ] GC(13) Eden regions: 89->0(89)
[3.605s][info][gc,heap        ] GC(13) Survivor regions: 13->13(13)
[3.605s][info][gc,heap        ] GC(13) Old regions: 170->246
[3.605s][info][gc,heap        ] GC(13) Humongous regions: 15->15
[3.605s][info][gc,metaspace   ] GC(13) Metaspace: 23007K(23232K)->23007K(23232K) NonClass: 18700K(18816K)->18700K(18816K) Class: 4306K(4416K)->4306K(4416K)
[3.605s][info][gc             ] GC(13) Pause Young (Normal) (G1 Evacuation Pause) 565M->539M(4096M) 62.949ms
[3.605s][info][gc,cpu         ] GC(13) User=0.37s Sys=0.00s Real=0.06s
[3.628s][info][gc,start       ] GC(14) Pause Young (Normal) (G1 Evacuation Pause)
[3.628s][info][gc,task        ] GC(14) Using 6 workers of 6 for evacuation
[3.691s][info][gc,phases      ] GC(14)   Pre Evacuate Collection Set: 0.33ms
[3.691s][info][gc,phases      ] GC(14)   Merge Heap Roots: 0.07ms
[3.691s][info][gc,phases      ] GC(14)   Evacuate Collection Set: 61.94ms
[3.691s][info][gc,phases      ] GC(14)   Post Evacuate Collection Set: 0.22ms
[3.691s][info][gc,phases      ] GC(14)   Other: 0.05ms
[3.691s][info][gc,heap        ] GC(14) Eden regions: 89->0(89)
[3.691s][info][gc,heap        ] GC(14) Survivor regions: 13->13(13)
[3.691s][info][gc,heap        ] GC(14) Old regions: 246->322
[3.691s][info][gc,heap        ] GC(14) Humongous regions: 15->15
[3.691s][info][gc,metaspace   ] GC(14) Metaspace: 23012K(23232K)->23012K(23232K) NonClass: 18705K(18816K)->18705K(18816K) Class: 4306K(4416K)->4306K(4416K)
[3.691s][info][gc             ] GC(14) Pause Young (Normal) (G1 Evacuation Pause) 717M->691M(4096M) 62.741ms
[3.691s][info][gc,cpu         ] GC(14) User=0.37s Sys=0.00s Real=0.06s
[3.832s][info][gc,start       ] GC(15) Pause Young (Normal) (G1 Evacuation Pause)
[3.832s][info][gc,task        ] GC(15) Using 6 workers of 6 for evacuation
[3.900s][info][gc,phases      ] GC(15)   Pre Evacuate Collection Set: 0.28ms
[3.900s][info][gc,phases      ] GC(15)   Merge Heap Roots: 0.14ms
[3.900s][info][gc,phases      ] GC(15)   Evacuate Collection Set: 66.97ms
[3.900s][info][gc,phases      ] GC(15)   Post Evacuate Collection Set: 0.36ms
[3.900s][info][gc,phases      ] GC(15)   Other: 0.06ms
[3.900s][info][gc,heap        ] GC(15) Eden regions: 89->0(104)
[3.900s][info][gc,heap        ] GC(15) Survivor regions: 13->13(13)
[3.900s][info][gc,heap        ] GC(15) Old regions: 322->380
[3.900s][info][gc,heap        ] GC(15) Humongous regions: 21->21
[3.900s][info][gc,metaspace   ] GC(15) Metaspace: 23017K(23232K)->23017K(23232K) NonClass: 18711K(18816K)->18711K(18816K) Class: 4306K(4416K)->4306K(4416K)
[3.900s][info][gc             ] GC(15) Pause Young (Normal) (G1 Evacuation Pause) 881M->819M(4096M) 67.962ms
[3.900s][info][gc,cpu         ] GC(15) User=0.40s Sys=0.00s Real=0.07s
[4.079s][info][gc,start       ] GC(16) Pause Young (Normal) (G1 Evacuation Pause)
[4.079s][info][gc,task        ] GC(16) Using 6 workers of 6 for evacuation
[4.154s][info][gc,phases      ] GC(16)   Pre Evacuate Collection Set: 0.33ms
[4.154s][info][gc,phases      ] GC(16)   Merge Heap Roots: 0.25ms
[4.154s][info][gc,phases      ] GC(16)   Evacuate Collection Set: 74.00ms
[4.154s][info][gc,phases      ] GC(16)   Post Evacuate Collection Set: 0.34ms
[4.154s][info][gc,phases      ] GC(16)   Other: 0.06ms
[4.154s][info][gc,heap        ] GC(16) Eden regions: 89->0(114)
[4.154s][info][gc,heap        ] GC(16) Survivor regions: 13->13(13)
[4.154s][info][gc,heap        ] GC(16) Old regions: 380->434
[4.154s][info][gc,heap        ] GC(16) Humongous regions: 30->30
[4.154s][info][gc,metaspace   ] GC(16) Metaspace: 23019K(23232K)->23019K(23232K) NonClass: 18712K(18816K)->18712K(18816K) Class: 4306K(4416K)->4306K(4416K)
[4.154s][info][gc             ] GC(16) Pause Young (Normal) (G1 Evacuation Pause) 1015M->945M(4096M) 75.121ms
[4.154s][info][gc,cpu         ] GC(16) User=0.44s Sys=0.01s Real=0.07s
[4.292s][info][gc,start       ] GC(17) Pause Young (Normal) (G1 Evacuation Pause)
[4.292s][info][gc,task        ] GC(17) Using 6 workers of 6 for evacuation
[4.368s][info][gc,phases      ] GC(17)   Pre Evacuate Collection Set: 0.30ms
[4.368s][info][gc,phases      ] GC(17)   Merge Heap Roots: 0.33ms
[4.368s][info][gc,phases      ] GC(17)   Evacuate Collection Set: 74.79ms
[4.368s][info][gc,phases      ] GC(17)   Post Evacuate Collection Set: 0.27ms
[4.368s][info][gc,phases      ] GC(17)   Other: 0.05ms
[4.368s][info][gc,heap        ] GC(17) Eden regions: 89->0(119)
[4.368s][info][gc,heap        ] GC(17) Survivor regions: 13->13(13)
[4.368s][info][gc,heap        ] GC(17) Old regions: 434->476
[4.368s][info][gc,heap        ] GC(17) Humongous regions: 42->42
[4.368s][info][gc,metaspace   ] GC(17) Metaspace: 23020K(23232K)->23020K(23232K) NonClass: 18713K(18816K)->18713K(18816K) Class: 4306K(4416K)->4306K(4416K)
[4.368s][info][gc             ] GC(17) Pause Young (Normal) (G1 Evacuation Pause) 1147M->1054M(4096M) 75.889ms
[4.368s][info][gc,cpu         ] GC(17) User=0.44s Sys=0.00s Real=0.08s
) ] ... (rIR:aIR:PR = 0:0:0) (tPR = 0) [OK] 
     7s:       rampup IR =     10 ... (rIR:aIR:PR = 10:8:8) (tPR = 746) [OK] 
    10s:       rampup IR =     20 ... (rIR:aIR:PR = 20:21:21) (tPR = 1869) [OK] 
    13s:       rampup IR =     30 .... (rIR:aIR:PR = 30:30:30) (tPR = 2244) [OK] 
    17s:       rampup IR =     40 .... (rIR:aIR:PR = 40:39:39) (tPR = 2590) [OK] 
    21s:       rampup IR =     50 ....[25.555s][info][gc,start       ] GC(18) Pause Young (Normal) (G1 Evacuation Pause)
[25.555s][info][gc,task        ] GC(18) Using 6 workers of 6 for evacuation
[25.593s][info][gc,phases      ] GC(18)   Pre Evacuate Collection Set: 0.35ms
[25.593s][info][gc,phases      ] GC(18)   Merge Heap Roots: 0.24ms
[25.593s][info][gc,phases      ] GC(18)   Evacuate Collection Set: 37.21ms
[25.593s][info][gc,phases      ] GC(18)   Post Evacuate Collection Set: 0.30ms
[25.593s][info][gc,phases      ] GC(18)   Other: 0.08ms
[25.593s][info][gc,heap        ] GC(18) Eden regions: 134->0(150)
[25.593s][info][gc,heap        ] GC(18) Survivor regions: 13->14(19)
[25.593s][info][gc,heap        ] GC(18) Old regions: 476->491
[25.593s][info][gc,heap        ] GC(18) Humongous regions: 46->46
[25.593s][info][gc,metaspace   ] GC(18) Metaspace: 25008K(25152K)->25008K(25152K) NonClass: 20522K(20608K)->20522K(20608K) Class: 4485K(4544K)->4485K(4544K)
[25.593s][info][gc             ] GC(18) Pause Young (Normal) (G1 Evacuation Pause) 1330M->1093M(4096M) 38.314ms
[25.593s][info][gc,cpu         ] GC(18) User=0.21s Sys=0.02s Real=0.04s
. (rIR:aIR:PR = 50:54:53) (tPR = 3998) [OK] 
    26s:       rampup IR =     60 .... (rIR:aIR:PR = 60:62:61) (tPR = 4171) [OK] 
    30s:       rampup IR =     70 .... (rIR:aIR:PR = 70:74:72) (tPR = 3904) [OK] 
    34s:       rampup IR =     80 .... (rIR:aIR:PR = 80:84:82) (tPR = 4209) [OK] 
    38s:       rampup IR =     90 .... (rIR:aIR:PR = 90:89:87) (tPR = 4515) [OK] 
    42s:       rampup IR =    100 .... (rIR:aIR:PR = 100:109:106) (tPR = 4794) [OK] 
    46s:    snapshot, IR =    100 .[47.684s][info][gc,start       ] GC(19) Pause Young (Normal) (G1 Evacuation Pause)
[47.684s][info][gc,task        ] GC(19) Using 6 workers of 6 for evacuation
[47.714s][info][gc,phases      ] GC(19)   Pre Evacuate Collection Set: 0.40ms
[47.714s][info][gc,phases      ] GC(19)   Merge Heap Roots: 0.18ms
[47.714s][info][gc,phases      ] GC(19)   Evacuate Collection Set: 29.38ms
[47.714s][info][gc,phases      ] GC(19)   Post Evacuate Collection Set: 0.32ms
[47.714s][info][gc,phases      ] GC(19)   Other: 0.07ms
[47.714s][info][gc,heap        ] GC(19) Eden regions: 174->0(223)
[47.714s][info][gc,heap        ] GC(19) Survivor regions: 14->11(24)
[47.714s][info][gc,heap        ] GC(19) Old regions: 491->504
[47.714s][info][gc,heap        ] GC(19) Humongous regions: 46->46
[47.714s][info][gc,metaspace   ] GC(19) Metaspace: 25155K(25280K)->25155K(25280K) NonClass: 20668K(20736K)->20668K(20736K) Class: 4487K(4544K)->4487K(4544K)
[47.714s][info][gc             ] GC(19) Pause Young (Normal) (G1 Evacuation Pause) 1441M->1114M(4096M) 30.475ms
[47.714s][info][gc,cpu         ] GC(19) User=0.17s Sys=0.01s Real=0.03s
...|.......................[73.780s][info][gc,start       ] GC(20) Pause Young (Normal) (G1 Evacuation Pause)
[73.780s][info][gc,task        ] GC(20) Using 6 workers of 6 for evacuation
[73.807s][info][gc,phases      ] GC(20)   Pre Evacuate Collection Set: 0.39ms
[73.807s][info][gc,phases      ] GC(20)   Merge Heap Roots: 0.17ms
[73.807s][info][gc,phases      ] GC(20)   Evacuate Collection Set: 25.78ms
[73.807s][info][gc,phases      ] GC(20)   Post Evacuate Collection Set: 0.36ms
[73.807s][info][gc,phases      ] GC(20)   Other: 0.08ms
[73.807s][info][gc,heap        ] GC(20) Eden regions: 249->0(262)
[73.807s][info][gc,heap        ] GC(20) Survivor regions: 11->25(33)
[73.807s][info][gc,heap        ] GC(20) Old regions: 504->504
[73.807s][info][gc,heap        ] GC(20) Humongous regions: 46->46
[73.807s][info][gc,metaspace   ] GC(20) Metaspace: 27164K(27392K)->27164K(27392K) NonClass: 22354K(22464K)->22354K(22464K) Class: 4810K(4928K)->4810K(4928K)
[73.807s][info][gc             ] GC(20) Pause Young (Normal) (G1 Evacuation Pause) 1612M->1141M(4096M) 26.903ms
[73.807s][info][gc,cpu         ] GC(20) User=0.14s Sys=0.01s Real=0.02s
....... (rIR:aIR:PR = 100:100:98) (tPR = 3053) [OK] 
    80s: Performing snapshot: (quiescence.....) (stop TxI) (stop BE) (saving... 103540 Kb) (term) [87.545s][info][gc,start       ] GC(21) Pause Full (System.gc())
[87.545s][info][gc,task        ] GC(21) Using 6 workers of 6 for full compaction
[87.546s][info][gc,phases,start] GC(21) Phase 1: Mark live objects
[87.560s][info][gc,phases      ] GC(21) Phase 1: Mark live objects 14.463ms
[87.560s][info][gc,phases,start] GC(21) Phase 2: Prepare compaction
[87.562s][info][gc,phases      ] GC(21) Phase 2: Prepare compaction 2.087ms
[87.562s][info][gc,phases,start] GC(21) Phase 3: Adjust pointers
[87.569s][info][gc,phases      ] GC(21) Phase 3: Adjust pointers 6.153ms
[87.569s][info][gc,phases,start] GC(21) Phase 4: Compact heap
[87.570s][info][gc,phases      ] GC(21) Phase 4: Compact heap 1.864ms
[87.570s][info][gc,phases,start] GC(21) Phase 5: Reset Metadata
[87.575s][info][gc,phases      ] GC(21) Phase 5: Reset Metadata 4.205ms
[87.581s][info][gc,heap        ] GC(21) Eden regions: 149->0(304)
[87.581s][info][gc,heap        ] GC(21) Survivor regions: 25->0(33)
[87.581s][info][gc,heap        ] GC(21) Old regions: 504->34
[87.581s][info][gc,heap        ] GC(21) Humongous regions: 331->66
[87.581s][info][gc,metaspace   ] GC(21) Metaspace: 27333K(27584K)->27333K(27584K) NonClass: 22514K(22656K)->22514K(22656K) Class: 4818K(4928K)->4818K(4928K)
[87.581s][info][gc             ] GC(21) Pause Full (System.gc()) 2009M->193M(4096M) 35.327ms
[87.581s][info][gc,cpu         ] GC(21) User=0.18s Sys=0.00s Real=0.04s
(init[88.228s][info][gc,start       ] GC(22) Pause Young (Normal) (G1 Evacuation Pause)
[88.228s][info][gc,task        ] GC(22) Using 6 workers of 6 for evacuation
[88.414s][info][gc,phases      ] GC(22)   Pre Evacuate Collection Set: 0.37ms
[88.414s][info][gc,phases      ] GC(22)   Merge Heap Roots: 0.43ms
[88.414s][info][gc,phases      ] GC(22)   Evacuate Collection Set: 184.76ms
[88.414s][info][gc,phases      ] GC(22)   Post Evacuate Collection Set: 0.39ms
[88.414s][info][gc,phases      ] GC(22)   Other: 0.08ms
[88.414s][info][gc,heap        ] GC(22) Eden regions: 283->0(213)
[88.414s][info][gc,heap        ] GC(22) Survivor regions: 0->36(36)
[88.414s][info][gc,heap        ] GC(22) Old regions: 34->97
[88.414s][info][gc,heap        ] GC(22) Humongous regions: 121->120
[88.414s][info][gc,metaspace   ] GC(22) Metaspace: 27426K(27712K)->27426K(27712K) NonClass: 22599K(22784K)->22599K(22784K) Class: 4827K(4928K)->4827K(4928K)
[88.415s][info][gc             ] GC(22) Pause Young (Normal) (G1 Evacuation Pause) 869M->499M(4096M) 186.150ms
[88.415s][info][gc,cpu         ] GC(22) User=1.07s Sys=0.02s Real=0.18s
[88.731s][info][gc,start       ] GC(23) Pause Young (Normal) (G1 Evacuation Pause)
[88.731s][info][gc,task        ] GC(23) Using 6 workers of 6 for evacuation
[88.890s][info][gc,phases      ] GC(23)   Pre Evacuate Collection Set: 0.34ms
[88.891s][info][gc,phases      ] GC(23)   Merge Heap Roots: 0.34ms
[88.891s][info][gc,phases      ] GC(23)   Evacuate Collection Set: 157.59ms
[88.891s][info][gc,phases      ] GC(23)   Post Evacuate Collection Set: 0.40ms
[88.891s][info][gc,phases      ] GC(23)   Other: 0.78ms
[88.891s][info][gc,heap        ] GC(23) Eden regions: 216->0(199)
[88.891s][info][gc,heap        ] GC(23) Survivor regions: 36->32(32)
[88.891s][info][gc,heap        ] GC(23) Old regions: 97->217
[88.891s][info][gc,heap        ] GC(23) Humongous regions: 123->123
[88.891s][info][gc,metaspace   ] GC(23) Metaspace: 27443K(27712K)->27443K(27712K) NonClass: 22614K(22784K)->22614K(22784K) Class: 4829K(4928K)->4829K(4928K)
[88.891s][info][gc             ] GC(23) Pause Young (Normal) (G1 Evacuation Pause) 937M->737M(4096M) 159.569ms
[88.891s][info][gc,cpu         ] GC(23) User=0.93s Sys=0.01s Real=0.16s
[89.444s][info][gc,start       ] GC(24) Pause Young (Normal) (G1 Evacuation Pause)
[89.444s][info][gc,task        ] GC(24) Using 6 workers of 6 for evacuation
[89.563s][info][gc,phases      ] GC(24)   Pre Evacuate Collection Set: 0.35ms
[89.563s][info][gc,phases      ] GC(24)   Merge Heap Roots: 0.34ms
[89.563s][info][gc,phases      ] GC(24)   Evacuate Collection Set: 117.35ms
[89.563s][info][gc,phases      ] GC(24)   Post Evacuate Collection Set: 0.36ms
[89.563s][info][gc,phases      ] GC(24)   Other: 0.06ms
[89.563s][info][gc,heap        ] GC(24) Eden regions: 195->0(219)
[89.563s][info][gc,heap        ] GC(24) Survivor regions: 32->29(29)
[89.563s][info][gc,heap        ] GC(24) Old regions: 217->298
[89.563s][info][gc,heap        ] GC(24) Humongous regions: 162->160
[89.563s][info][gc,metaspace   ] GC(24) Metaspace: 27454K(27712K)->27454K(27712K) NonClass: 22623K(22784K)->22623K(22784K) Class: 4830K(4928K)->4830K(4928K)
[89.563s][info][gc             ] GC(24) Pause Young (Normal) (G1 Evacuation Pause) 1205M->966M(4096M) 118.610ms
[89.563s][info][gc,cpu         ] GC(24) User=0.70s Sys=0.00s Real=0.12s
[89.635s][info][gc,start       ] GC(25) Pause Young (Normal) (G1 Evacuation Pause)
[89.635s][info][gc,task        ] GC(25) Using 6 workers of 6 for evacuation
[89.811s][info][gc,phases      ] GC(25)   Pre Evacuate Collection Set: 0.35ms
[89.811s][info][gc,phases      ] GC(25)   Merge Heap Roots: 0.21ms
[89.811s][info][gc,phases      ] GC(25)   Evacuate Collection Set: 175.21ms
[89.811s][info][gc,phases      ] GC(25)   Post Evacuate Collection Set: 0.31ms
[89.811s][info][gc,phases      ] GC(25)   Other: 0.06ms
[89.811s][info][gc,heap        ] GC(25) Eden regions: 242->0(182)
[89.811s][info][gc,heap        ] GC(25) Survivor regions: 29->34(34)
[89.811s][info][gc,heap        ] GC(25) Old regions: 298->504
[89.811s][info][gc,heap        ] GC(25) Humongous regions: 160->160
[89.811s][info][gc,metaspace   ] GC(25) Metaspace: 27458K(27712K)->27458K(27712K) NonClass: 22627K(22784K)->22627K(22784K) Class: 4830K(4928K)->4830K(4928K)
[89.811s][info][gc             ] GC(25) Pause Young (Normal) (G1 Evacuation Pause) 1450M->1388M(4096M) 176.312ms
[89.811s][info][gc,cpu         ] GC(25) User=1.05s Sys=0.00s Real=0.18s
) ...
    92s:       rampup IR =      0 ... (rIR:aIR:PR = 0:0:0) (tPR = 0) [OK] 
    95s:       rampup IR =     10 ... (rIR:aIR:PR = 10:9:9) (tPR = 199) [OK] 
    98s:       rampup IR =     20 ... (rIR:aIR:PR = 20:17:17) (tPR = 654) [OK] 
   101s:       rampup IR =     30 .... (rIR:aIR:PR = 30:29:29) (tPR = 705) [OK] 
   105s:       rampup IR =     40 .... (rIR:aIR:PR = 40:40:40) (tPR = 940) [OK] 
   109s:       rampup IR =     50 .... (rIR:aIR:PR = 50:49:49) (tPR = 1053) [OK] 
   113s:       rampup IR =     60 .... (rIR:aIR:PR = 60:63:61) (tPR = 1484) [OK] 
   117s:       rampup IR =     70 .... (rIR:aIR:PR = 70:68:66) (tPR = 1738) [OK] 
   121s:       rampup IR =     80 .... (rIR:aIR:PR = 80:77:75) (tPR = 1821) [OK] 
   125s:       rampup IR =     90 .... (rIR:aIR:PR = 90:88:87) (tPR = 1977) [OK] 
   129s:       rampup IR =    100 .... (rIR:aIR:PR = 100:103:100) (tPR = 2295) [OK] 
   133s:       trying IR =    200 ...[137.746s][info][gc,start       ] GC(26) Pause Young (Normal) (G1 Evacuation Pause)
[137.746s][info][gc,task        ] GC(26) Using 6 workers of 6 for evacuation
[137.803s][info][gc,phases      ] GC(26)   Pre Evacuate Collection Set: 0.34ms
[137.803s][info][gc,phases      ] GC(26)   Merge Heap Roots: 0.50ms
[137.803s][info][gc,phases      ] GC(26)   Evacuate Collection Set: 56.20ms
[137.803s][info][gc,phases      ] GC(26)   Post Evacuate Collection Set: 0.50ms
[137.803s][info][gc,phases      ] GC(26)   Other: 0.07ms
[137.803s][info][gc,heap        ] GC(26) Eden regions: 182->0(235)
[137.803s][info][gc,heap        ] GC(26) Survivor regions: 34->27(27)
[137.803s][info][gc,heap        ] GC(26) Old regions: 504->544
[137.803s][info][gc,heap        ] GC(26) Humongous regions: 160->160
[137.803s][info][gc,metaspace   ] GC(26) Metaspace: 27582K(27840K)->27582K(27840K) NonClass: 22752K(22912K)->22752K(22912K) Class: 4830K(4928K)->4830K(4928K)
[137.803s][info][gc             ] GC(26) Pause Young (Normal) (G1 Evacuation Pause) 1752M->1454M(4096M) 57.727ms
[137.803s][info][gc,cpu         ] GC(26) User=0.34s Sys=0.00s Real=0.06s
. (rIR:aIR:PR = 200:204:200) (tPR = 4625) [OK] 
   137s:       trying IR =    220 .... (rIR:aIR:PR = 220:226:221) (tPR = 4015) [OK] 
   141s:       trying IR =    244 ..... (rIR:aIR:PR = 244:248:242) (tPR = 4195) [OK] 
   146s:       trying IR =    273 .... (rIR:aIR:PR = 273:274:269) (tPR = 4939) [OK] 
   150s:       trying IR =    307 .[152.142s][info][gc,start       ] GC(27) Pause Young (Normal) (G1 Evacuation Pause)
[152.142s][info][gc,task        ] GC(27) Using 6 workers of 6 for evacuation
[152.187s][info][gc,phases      ] GC(27)   Pre Evacuate Collection Set: 0.37ms
[152.187s][info][gc,phases      ] GC(27)   Merge Heap Roots: 0.50ms
[152.187s][info][gc,phases      ] GC(27)   Evacuate Collection Set: 43.42ms
[152.187s][info][gc,phases      ] GC(27)   Post Evacuate Collection Set: 0.38ms
[152.187s][info][gc,phases      ] GC(27)   Other: 0.06ms
[152.187s][info][gc,heap        ] GC(27) Eden regions: 227->0(307)
[152.187s][info][gc,heap        ] GC(27) Survivor regions: 27->17(32)
[152.187s][info][gc,heap        ] GC(27) Old regions: 544->571
[152.187s][info][gc,heap        ] GC(27) Humongous regions: 160->160
[152.187s][info][gc,metaspace   ] GC(27) Metaspace: 27711K(27968K)->27711K(27968K) NonClass: 22878K(23040K)->22878K(23040K) Class: 4832K(4928K)->4832K(4928K)
[152.187s][info][gc             ] GC(27) Pause Young (Normal) (G1 Evacuation Pause) 1908M->1488M(4096M) 44.861ms
[152.187s][info][gc,cpu         ] GC(27) User=0.26s Sys=0.00s Real=0.04s
... (rIR:aIR:PR = 307:313:307) (tPR = 5811) [OK] 
   154s:       trying IR =    349 ..... (rIR:aIR:PR = 349:349:341) (tPR = 6467) [OK] 
   159s:       trying IR =    399 ..[162.269s][info][gc,start       ] GC(28) Pause Young (Normal) (G1 Evacuation Pause)
[162.269s][info][gc,task        ] GC(28) Using 6 workers of 6 for evacuation
[162.309s][info][gc,phases      ] GC(28)   Pre Evacuate Collection Set: 0.37ms
[162.309s][info][gc,phases      ] GC(28)   Merge Heap Roots: 0.44ms
[162.309s][info][gc,phases      ] GC(28)   Evacuate Collection Set: 38.27ms
[162.309s][info][gc,phases      ] GC(28)   Post Evacuate Collection Set: 0.53ms
[162.309s][info][gc,phases      ] GC(28)   Other: 0.08ms
[162.309s][info][gc,heap        ] GC(28) Eden regions: 311->0(346)
[162.309s][info][gc,heap        ] GC(28) Survivor regions: 17->32(41)
[162.309s][info][gc,heap        ] GC(28) Old regions: 571->571
[162.309s][info][gc,heap        ] GC(28) Humongous regions: 160->160
[162.309s][info][gc,metaspace   ] GC(28) Metaspace: 27765K(27968K)->27765K(27968K) NonClass: 22930K(23040K)->22930K(23040K) Class: 4835K(4928K)->4835K(4928K)
[162.309s][info][gc             ] GC(28) Pause Young (Normal) (G1 Evacuation Pause) 2110M->1518M(4096M) 39.810ms
[162.309s][info][gc,cpu         ] GC(28) User=0.22s Sys=0.01s Real=0.04s
... (rIR:aIR:PR = 399:394:387) (tPR = 6732) [OK] 
   164s:       trying IR =    458 ..... (rIR:aIR:PR = 458:462:453) (tPR = 8665) [OK] 
   169s:       trying IR =    530 .[171.528s][info][gc,start       ] GC(29) Pause Young (Normal) (G1 Evacuation Pause)
[171.528s][info][gc,task        ] GC(29) Using 6 workers of 6 for evacuation
[171.581s][info][gc,phases      ] GC(29)   Pre Evacuate Collection Set: 0.40ms
[171.581s][info][gc,phases      ] GC(29)   Merge Heap Roots: 0.43ms
[171.581s][info][gc,phases      ] GC(29)   Evacuate Collection Set: 52.23ms
[171.581s][info][gc,phases      ] GC(29)   Post Evacuate Collection Set: 0.51ms
[171.581s][info][gc,phases      ] GC(29)   Other: 0.07ms
[171.581s][info][gc,heap        ] GC(29) Eden regions: 347->0(409)
[171.581s][info][gc,heap        ] GC(29) Survivor regions: 32->36(48)
[171.581s][info][gc,heap        ] GC(29) Old regions: 571->586
[171.581s][info][gc,heap        ] GC(29) Humongous regions: 160->160
[171.581s][info][gc,metaspace   ] GC(29) Metaspace: 27777K(27968K)->27777K(27968K) NonClass: 22942K(23040K)->22942K(23040K) Class: 4835K(4928K)->4835K(4928K)
[171.581s][info][gc             ] GC(29) Pause Young (Normal) (G1 Evacuation Pause) 2212M->1556M(4096M) 53.793ms
[171.581s][info][gc,cpu         ] GC(29) User=0.31s Sys=0.01s Real=0.06s
... (rIR:aIR:PR = 530:530:518) (tPR = 8820) [OK] 
   173s:       trying IR =    616 .... (rIR:aIR:PR = 616:624:611) (tPR = 11364) [OK] 
   177s:       trying IR =    719 ..[179.936s][info][gc,start       ] GC(30) Pause Young (Normal) (G1 Evacuation Pause)
[179.937s][info][gc,task        ] GC(30) Using 6 workers of 6 for evacuation
[179.993s][info][gc,phases      ] GC(30)   Pre Evacuate Collection Set: 0.36ms
[179.993s][info][gc,phases      ] GC(30)   Merge Heap Roots: 0.40ms
[179.993s][info][gc,phases      ] GC(30)   Evacuate Collection Set: 55.14ms
[179.993s][info][gc,phases      ] GC(30)   Post Evacuate Collection Set: 0.53ms
[179.993s][info][gc,phases      ] GC(30)   Other: 0.08ms
[179.993s][info][gc,heap        ] GC(30) Eden regions: 419->0(465)
[179.993s][info][gc,heap        ] GC(30) Survivor regions: 36->41(57)
[179.993s][info][gc,heap        ] GC(30) Old regions: 586->600
[179.993s][info][gc,heap        ] GC(30) Humongous regions: 160->160
[179.993s][info][gc,metaspace   ] GC(30) Metaspace: 27815K(28032K)->27815K(28032K) NonClass: 22979K(23104K)->22979K(23104K) Class: 4836K(4928K)->4836K(4928K)
[179.993s][info][gc             ] GC(30) Pause Young (Normal) (G1 Evacuation Pause) 2394M->1595M(4096M) 56.628ms
[179.993s][info][gc,cpu         ] GC(30) User=0.31s Sys=0.02s Real=0.06s
.. (rIR:aIR:PR = 719:722:706) (tPR = 12094) [OK] 
   181s:       trying IR =    843 .... (rIR:aIR:PR = 843:841:822) (tPR = 14258) [OK] 
   185s:       trying IR =    992 [186.803s][info][gc,start       ] GC(31) Pause Young (Normal) (G1 Evacuation Pause)
[186.803s][info][gc,task        ] GC(31) Using 6 workers of 6 for evacuation
[186.865s][info][gc,phases      ] GC(31)   Pre Evacuate Collection Set: 0.37ms
[186.865s][info][gc,phases      ] GC(31)   Merge Heap Roots: 0.35ms
[186.865s][info][gc,phases      ] GC(31)   Evacuate Collection Set: 60.28ms
[186.865s][info][gc,phases      ] GC(31)   Post Evacuate Collection Set: 0.56ms
[186.865s][info][gc,phases      ] GC(31)   Other: 0.08ms
[186.865s][info][gc,heap        ] GC(31) Eden regions: 477->0(526)
[186.865s][info][gc,heap        ] GC(31) Survivor regions: 41->47(65)
[186.865s][info][gc,heap        ] GC(31) Old regions: 600->618
[186.865s][info][gc,heap        ] GC(31) Humongous regions: 160->160
[186.865s][info][gc,metaspace   ] GC(31) Metaspace: 27865K(28096K)->27865K(28096K) NonClass: 23028K(23168K)->23028K(23168K) Class: 4837K(4928K)->4837K(4928K)
[186.865s][info][gc             ] GC(31) Pause Young (Normal) (G1 Evacuation Pause) 2549M->1642M(4096M) 61.783ms
[186.865s][info][gc,cpu         ] GC(31) User=0.36s Sys=0.01s Real=0.06s
.... (rIR:aIR:PR = 992:979:959) (tPR = 16304) [OK] 
   189s:       trying IR =   1170 ..[192.771s][info][gc,start       ] GC(32) Pause Young (Normal) (G1 Evacuation Pause)
[192.771s][info][gc,task        ] GC(32) Using 6 workers of 6 for evacuation
[192.838s][info][gc,phases      ] GC(32)   Pre Evacuate Collection Set: 0.36ms
[192.838s][info][gc,phases      ] GC(32)   Merge Heap Roots: 0.34ms
[192.838s][info][gc,phases      ] GC(32)   Evacuate Collection Set: 66.01ms
[192.838s][info][gc,phases      ] GC(32)   Post Evacuate Collection Set: 0.59ms
[192.838s][info][gc,phases      ] GC(32)   Other: 0.08ms
[192.838s][info][gc,heap        ] GC(32) Eden regions: 534->0(583)
[192.838s][info][gc,heap        ] GC(32) Survivor regions: 47->52(73)
[192.838s][info][gc,heap        ] GC(32) Old regions: 618->638
[192.838s][info][gc,heap        ] GC(32) Humongous regions: 160->160
[192.838s][info][gc,metaspace   ] GC(32) Metaspace: 27900K(28096K)->27900K(28096K) NonClass: 23062K(23168K)->23062K(23168K) Class: 4837K(4928K)->4837K(4928K)
[192.838s][info][gc             ] GC(32) Pause Young (Normal) (G1 Evacuation Pause) 2710M->1693M(4096M) 67.501ms
[192.838s][info][gc,cpu         ] GC(32) User=0.38s Sys=0.01s Real=0.07s
.. (rIR:aIR:PR = 1170:1173:1148) (tPR = 18944) [OK] 
   193s:       trying IR =   1384 .... (rIR:aIR:PR = 1384:1390:1360) (tPR = 23167) [OK] 
   197s:       trying IR =   1641 [198.121s][info][gc,start       ] GC(33) Pause Young (Normal) (G1 Evacuation Pause)
[198.121s][info][gc,task        ] GC(33) Using 6 workers of 6 for evacuation
[198.193s][info][gc,phases      ] GC(33)   Pre Evacuate Collection Set: 0.39ms
[198.193s][info][gc,phases      ] GC(33)   Merge Heap Roots: 0.34ms
[198.194s][info][gc,phases      ] GC(33)   Evacuate Collection Set: 71.03ms
[198.194s][info][gc,phases      ] GC(33)   Post Evacuate Collection Set: 0.65ms
[198.194s][info][gc,phases      ] GC(33)   Other: 0.08ms
[198.194s][info][gc,heap        ] GC(33) Eden regions: 592->0(635)
[198.194s][info][gc,heap        ] GC(33) Survivor regions: 52->59(81)
[198.194s][info][gc,heap        ] GC(33) Old regions: 638->659
[198.194s][info][gc,heap        ] GC(33) Humongous regions: 160->160
[198.194s][info][gc,metaspace   ] GC(33) Metaspace: 28004K(28288K)->28004K(28288K) NonClass: 23150K(23296K)->23150K(23296K) Class: 4853K(4992K)->4853K(4992K)
[198.194s][info][gc             ] GC(33) Pause Young (Normal) (G1 Evacuation Pause) 2877M->1748M(4096M) 72.629ms
[198.194s][info][gc,cpu         ] GC(33) User=0.41s Sys=0.02s Real=0.07s
.... (rIR:aIR:PR = 1641:1627:1595) (tPR = 27048) [OK] 
   201s:       trying IR =   1949 [202.742s][info][gc,start       ] GC(34) Pause Young (Normal) (G1 Evacuation Pause)
[202.742s][info][gc,task        ] GC(34) Using 6 workers of 6 for evacuation
[202.824s][info][gc,phases      ] GC(34)   Pre Evacuate Collection Set: 0.33ms
[202.824s][info][gc,phases      ] GC(34)   Merge Heap Roots: 0.35ms
[202.824s][info][gc,phases      ] GC(34)   Evacuate Collection Set: 80.01ms
[202.824s][info][gc,phases      ] GC(34)   Post Evacuate Collection Set: 0.75ms
[202.824s][info][gc,phases      ] GC(34)   Other: 0.09ms
[202.824s][info][gc,heap        ] GC(34) Eden regions: 642->0(683)
[202.824s][info][gc,heap        ] GC(34) Survivor regions: 59->64(88)
[202.824s][info][gc,heap        ] GC(34) Old regions: 659->683
[202.824s][info][gc,heap        ] GC(34) Humongous regions: 162->162
[202.824s][info][gc,metaspace   ] GC(34) Metaspace: 28025K(28288K)->28025K(28288K) NonClass: 23172K(23296K)->23172K(23296K) Class: 4853K(4992K)->4853K(4992K)
[202.824s][info][gc             ] GC(34) Pause Young (Normal) (G1 Evacuation Pause) 3036M->1810M(4096M) 81.691ms
[202.824s][info][gc,cpu         ] GC(34) User=0.45s Sys=0.03s Real=0.08s
.... (rIR:aIR:PR = 1949:1954:1945) (tPR = 31583) [OK] 
   205s:       trying IR =   2319 [206.702s][info][gc,start       ] GC(35) Pause Young (Normal) (G1 Evacuation Pause)
[206.702s][info][gc,task        ] GC(35) Using 6 workers of 6 for evacuation
[206.787s][info][gc,phases      ] GC(35)   Pre Evacuate Collection Set: 0.37ms
[206.787s][info][gc,phases      ] GC(35)   Merge Heap Roots: 0.34ms
[206.787s][info][gc,phases      ] GC(35)   Evacuate Collection Set: 83.74ms
[206.787s][info][gc,phases      ] GC(35)   Post Evacuate Collection Set: 0.68ms
[206.787s][info][gc,phases      ] GC(35)   Other: 0.08ms
[206.787s][info][gc,heap        ] GC(35) Eden regions: 684->0(733)
[206.787s][info][gc,heap        ] GC(35) Survivor regions: 64->68(94)
[206.787s][info][gc,heap        ] GC(35) Old regions: 683->708
[206.787s][info][gc,heap        ] GC(35) Humongous regions: 162->162
[206.787s][info][gc,metaspace   ] GC(35) Metaspace: 28042K(28352K)->28042K(28352K) NonClass: 23189K(23360K)->23189K(23360K) Class: 4853K(4992K)->4853K(4992K)
[206.787s][info][gc             ] GC(35) Pause Young (Normal) (G1 Evacuation Pause) 3178M->1868M(4096M) 85.346ms
[206.787s][info][gc,cpu         ] GC(35) User=0.49s Sys=0.02s Real=0.08s
.... (rIR:aIR:PR = 2319:2323:2324) (tPR = 37608) [OK] 
   209s:       trying IR =   2762 [210.644s][info][gc,start       ] GC(36) Pause Young (Normal) (G1 Evacuation Pause)
[210.644s][info][gc,task        ] GC(36) Using 6 workers of 6 for evacuation
[210.738s][info][gc,phases      ] GC(36)   Pre Evacuate Collection Set: 0.32ms
[210.738s][info][gc,phases      ] GC(36)   Merge Heap Roots: 0.38ms
[210.738s][info][gc,phases      ] GC(36)   Evacuate Collection Set: 92.33ms
[210.738s][info][gc,phases      ] GC(36)   Post Evacuate Collection Set: 0.78ms
[210.738s][info][gc,phases      ] GC(36)   Other: 0.08ms
[210.738s][info][gc,heap        ] GC(36) Eden regions: 736->0(757)
[210.738s][info][gc,heap        ] GC(36) Survivor regions: 68->74(101)
[210.738s][info][gc,heap        ] GC(36) Old regions: 708->734
[210.738s][info][gc,heap        ] GC(36) Humongous regions: 162->162
[210.738s][info][gc,metaspace   ] GC(36) Metaspace: 28115K(28352K)->28115K(28352K) NonClass: 23251K(23360K)->23251K(23360K) Class: 4863K(4992K)->4863K(4992K)
[210.738s][info][gc             ] GC(36) Pause Young (Normal) (G1 Evacuation Pause) 3340M->1933M(4096M) 94.020ms
[210.738s][info][gc,cpu         ] GC(36) User=0.53s Sys=0.01s Real=0.10s
.... (rIR:aIR:PR = 2762:2771:2771) (tPR = 43167) [OK] 
   213s:       trying IR =   3295 [214.459s][info][gc,start       ] GC(37) Pause Young (Normal) (G1 Evacuation Pause)
[214.459s][info][gc,task        ] GC(37) Using 6 workers of 6 for evacuation
[214.552s][info][gc,phases      ] GC(37)   Pre Evacuate Collection Set: 0.35ms
[214.552s][info][gc,phases      ] GC(37)   Merge Heap Roots: 0.34ms
[214.552s][info][gc,phases      ] GC(37)   Evacuate Collection Set: 91.11ms
[214.552s][info][gc,phases      ] GC(37)   Post Evacuate Collection Set: 0.78ms
[214.552s][info][gc,phases      ] GC(37)   Other: 0.08ms
[214.552s][info][gc,heap        ] GC(37) Eden regions: 757->0(768)
[214.552s][info][gc,heap        ] GC(37) Survivor regions: 74->77(104)
[214.552s][info][gc,heap        ] GC(37) Old regions: 734->761
[214.552s][info][gc,heap        ] GC(37) Humongous regions: 162->162
[214.552s][info][gc,metaspace   ] GC(37) Metaspace: 28223K(28480K)->28223K(28480K) NonClass: 23356K(23488K)->23356K(23488K) Class: 4866K(4992K)->4866K(4992K)
[214.552s][info][gc             ] GC(37) Pause Young (Normal) (G1 Evacuation Pause) 3447M->1993M(4096M) 92.812ms
[214.552s][info][gc,cpu         ] GC(37) User=0.52s Sys=0.02s Real=0.09s
.... (rIR:aIR:PR = 3295:3274:3274) (tPR = 52235) [OK] 
   217s:       trying IR =   3934 [218.031s][info][gc,start       ] GC(38) Pause Young (Concurrent Start) (G1 Evacuation Pause)
[218.031s][info][gc,task        ] GC(38) Using 6 workers of 6 for evacuation
[218.126s][info][gc,phases      ] GC(38)   Pre Evacuate Collection Set: 0.41ms
[218.126s][info][gc,phases      ] GC(38)   Merge Heap Roots: 0.38ms
[218.126s][info][gc,phases      ] GC(38)   Evacuate Collection Set: 93.29ms
[218.126s][info][gc,phases      ] GC(38)   Post Evacuate Collection Set: 0.79ms
[218.126s][info][gc,phases      ] GC(38)   Other: 0.09ms
[218.126s][info][gc,heap        ] GC(38) Eden regions: 768->0(772)
[218.126s][info][gc,heap        ] GC(38) Survivor regions: 77->80(106)
[218.126s][info][gc,heap        ] GC(38) Old regions: 761->790
[218.126s][info][gc,heap        ] GC(38) Humongous regions: 162->162
[218.126s][info][gc,metaspace   ] GC(38) Metaspace: 28494K(28800K)->28494K(28800K) NonClass: 23614K(23744K)->23614K(23744K) Class: 4880K(5056K)->4880K(5056K)
[218.126s][info][gc             ] GC(38) Pause Young (Concurrent Start) (G1 Evacuation Pause) 3529M->2056M(4096M) 95.090ms
[218.126s][info][gc             ] GC(39) Concurrent Mark Cycle
[218.126s][info][gc,marking     ] GC(39) Concurrent Scan Root Regions
[218.126s][info][gc,cpu         ] GC(38) User=0.54s Sys=0.02s Real=0.09s
[218.260s][info][gc,marking     ] GC(39) Concurrent Scan Root Regions 133.617ms
[218.260s][info][gc,marking     ] GC(39) Concurrent Mark
[218.260s][info][gc,marking     ] GC(39) Concurrent Mark From Roots
[218.260s][info][gc,task        ] GC(39) Using 2 workers of 2 for marking
.[218.949s][info][gc,marking     ] GC(39) Concurrent Mark From Roots 689.706ms
[218.949s][info][gc,marking     ] GC(39) Concurrent Preclean
[218.949s][info][gc,marking     ] GC(39) Concurrent Preclean 0.056ms
[218.949s][info][gc,start       ] GC(39) Pause Remark
[218.955s][info][gc             ] GC(39) Pause Remark 2467M->2149M(4096M) 5.899ms
[218.955s][info][gc,cpu         ] GC(39) User=0.03s Sys=0.00s Real=0.00s
[218.955s][info][gc,marking     ] GC(39) Concurrent Mark 695.935ms
[218.955s][info][gc,marking     ] GC(39) Concurrent Rebuild Remembered Sets and Scrub Regions
[219.330s][info][gc,marking     ] GC(39) Concurrent Rebuild Remembered Sets and Scrub Regions 374.358ms
[219.330s][info][gc,start       ] GC(39) Pause Cleanup
[219.330s][info][gc             ] GC(39) Pause Cleanup 2372M->2372M(4096M) 0.234ms
[219.330s][info][gc,cpu         ] GC(39) User=0.00s Sys=0.00s Real=0.00s
[219.330s][info][gc,marking     ] GC(39) Concurrent Clear Claimed Marks
[219.330s][info][gc,marking     ] GC(39) Concurrent Clear Claimed Marks 0.027ms
[219.330s][info][gc,marking     ] GC(39) Concurrent Cleanup for Next Mark
[219.334s][info][gc,marking     ] GC(39) Concurrent Cleanup for Next Mark 3.444ms
[219.334s][info][gc             ] GC(39) Concurrent Mark Cycle 1207.913ms
..[221.131s][info][gc,start       ] GC(40) Pause Young (Prepare Mixed) (G1 Evacuation Pause)
[221.131s][info][gc,task        ] GC(40) Using 6 workers of 6 for evacuation
[221.231s][info][gc,phases      ] GC(40)   Pre Evacuate Collection Set: 0.38ms
[221.231s][info][gc,phases      ] GC(40)   Merge Heap Roots: 0.50ms
[221.231s][info][gc,phases      ] GC(40)   Evacuate Collection Set: 97.85ms
[221.231s][info][gc,phases      ] GC(40)   Post Evacuate Collection Set: 0.89ms
[221.231s][info][gc,phases      ] GC(40)   Other: 0.08ms
[221.231s][info][gc,heap        ] GC(40) Eden regions: 767->0(802)
[221.231s][info][gc,heap        ] GC(40) Survivor regions: 80->85(106)
[221.231s][info][gc,heap        ] GC(40) Old regions: 716->745
[221.231s][info][gc,heap        ] GC(40) Humongous regions: 77->77
[221.231s][info][gc,metaspace   ] GC(40) Metaspace: 28571K(28928K)->28571K(28928K) NonClass: 23691K(23872K)->23691K(23872K) Class: 4880K(5056K)->4880K(5056K)
[221.231s][info][gc             ] GC(40) Pause Young (Prepare Mixed) (G1 Evacuation Pause) 3272M->1806M(4096M) 99.868ms
[221.231s][info][gc,cpu         ] GC(40) User=0.59s Sys=0.00s Real=0.10s
. (rIR:aIR:PR = 3934:3954:3954) (tPR = 59856) [OK] 
   221s:       trying IR =   4701 .[223.932s][info][gc,start       ] GC(41) Pause Young (Mixed) (G1 Evacuation Pause)
[223.932s][info][gc,task        ] GC(41) Using 6 workers of 6 for evacuation
[224.038s][info][gc,phases      ] GC(41)   Pre Evacuate Collection Set: 0.38ms
[224.038s][info][gc,phases      ] GC(41)   Merge Heap Roots: 0.60ms
[224.038s][info][gc,phases      ] GC(41)   Evacuate Collection Set: 104.68ms
[224.038s][info][gc,phases      ] GC(41)   Post Evacuate Collection Set: 0.99ms
[224.038s][info][gc,phases      ] GC(41)   Other: 0.10ms
[224.038s][info][gc,heap        ] GC(41) Eden regions: 784->0(838)
[224.038s][info][gc,heap        ] GC(41) Survivor regions: 85->85(109)
[224.038s][info][gc,heap        ] GC(41) Old regions: 745->733
[224.038s][info][gc,heap        ] GC(41) Humongous regions: 77->77
[224.038s][info][gc,metaspace   ] GC(41) Metaspace: 28580K(28928K)->28580K(28928K) NonClass: 23700K(23872K)->23700K(23872K) Class: 4880K(5056K)->4880K(5056K)
[224.038s][info][gc             ] GC(41) Pause Young (Mixed) (G1 Evacuation Pause) 3374M->1784M(4096M) 106.872ms
[224.039s][info][gc,cpu         ] GC(41) User=0.62s Sys=0.01s Real=0.11s
...[226.851s][info][gc,start       ] GC(42) Pause Young (Mixed) (G1 Evacuation Pause)
[226.851s][info][gc,task        ] GC(42) Using 6 workers of 6 for evacuation
[226.962s][info][gc,phases      ] GC(42)   Pre Evacuate Collection Set: 0.36ms
[226.962s][info][gc,phases      ] GC(42)   Merge Heap Roots: 0.64ms
[226.962s][info][gc,phases      ] GC(42)   Evacuate Collection Set: 107.77ms
[226.962s][info][gc,phases      ] GC(42)   Merge Optional Heap Roots: 0.09ms
[226.962s][info][gc,phases      ] GC(42)   Evacuate Optional Collection Set: 1.46ms
[226.962s][info][gc,phases      ] GC(42)   Post Evacuate Collection Set: 0.83ms
[226.962s][info][gc,phases      ] GC(42)   Other: 0.12ms
[226.962s][info][gc,heap        ] GC(42) Eden regions: 817->0(877)
[226.962s][info][gc,heap        ] GC(42) Survivor regions: 85->85(113)
[226.962s][info][gc,heap        ] GC(42) Old regions: 733->718
[226.962s][info][gc,heap        ] GC(42) Humongous regions: 77->77
[226.962s][info][gc,metaspace   ] GC(42) Metaspace: 28597K(28928K)->28597K(28928K) NonClass: 23716K(23872K)->23716K(23872K) Class: 4881K(5056K)->4881K(5056K)
[226.962s][info][gc             ] GC(42) Pause Young (Mixed) (G1 Evacuation Pause) 3418M->1755M(4096M) 111.406ms
[226.962s][info][gc,cpu         ] GC(42) User=0.64s Sys=0.01s Real=0.11s
. (rIR:aIR:PR = 4701:4634:4634) (tPR = 71021) [OK] 
   226s:       trying IR =   5621 ..[229.427s][info][gc,start       ] GC(43) Pause Young (Mixed) (G1 Evacuation Pause)
[229.427s][info][gc,task        ] GC(43) Using 6 workers of 6 for evacuation
[229.543s][info][gc,phases      ] GC(43)   Pre Evacuate Collection Set: 0.37ms
[229.543s][info][gc,phases      ] GC(43)   Merge Heap Roots: 0.59ms
[229.543s][info][gc,phases      ] GC(43)   Evacuate Collection Set: 113.61ms
[229.543s][info][gc,phases      ] GC(43)   Merge Optional Heap Roots: 0.03ms
[229.543s][info][gc,phases      ] GC(43)   Evacuate Optional Collection Set: 0.42ms
[229.543s][info][gc,phases      ] GC(43)   Post Evacuate Collection Set: 1.04ms
[229.543s][info][gc,phases      ] GC(43)   Other: 0.12ms
[229.543s][info][gc,heap        ] GC(43) Eden regions: 855->0(480)
[229.543s][info][gc,heap        ] GC(43) Survivor regions: 85->95(118)
[229.543s][info][gc,heap        ] GC(43) Old regions: 718->699
[229.543s][info][gc,heap        ] GC(43) Humongous regions: 77->77
[229.543s][info][gc,metaspace   ] GC(43) Metaspace: 28597K(28928K)->28597K(28928K) NonClass: 23716K(23872K)->23716K(23872K) Class: 4881K(5056K)->4881K(5056K)
[229.543s][info][gc             ] GC(43) Pause Young (Mixed) (G1 Evacuation Pause) 3465M->1737M(4096M) 116.321ms
[229.544s][info][gc,cpu         ] GC(43) User=0.67s Sys=0.01s Real=0.12s
.[231.004s][info][gc,start       ] GC(44) Pause Young (Mixed) (G1 Evacuation Pause)
[231.004s][info][gc,task        ] GC(44) Using 6 workers of 6 for evacuation
[231.108s][info][gc,phases      ] GC(44)   Pre Evacuate Collection Set: 0.38ms
[231.108s][info][gc,phases      ] GC(44)   Merge Heap Roots: 0.59ms
[231.108s][info][gc,phases      ] GC(44)   Evacuate Collection Set: 102.18ms
[231.108s][info][gc,phases      ] GC(44)   Post Evacuate Collection Set: 0.87ms
[231.108s][info][gc,phases      ] GC(44)   Other: 0.08ms
[231.108s][info][gc,heap        ] GC(44) Eden regions: 562->0(898)
[231.108s][info][gc,heap        ] GC(44) Survivor regions: 95->38(83)
[231.108s][info][gc,heap        ] GC(44) Old regions: 699->734
[231.108s][info][gc,heap        ] GC(44) Humongous regions: 77->77
[231.108s][info][gc,metaspace   ] GC(44) Metaspace: 28597K(28928K)->28597K(28928K) NonClass: 23716K(23872K)->23716K(23872K) Class: 4881K(5056K)->4881K(5056K)
[231.108s][info][gc             ] GC(44) Pause Young (Mixed) (G1 Evacuation Pause) 2861M->1692M(4096M) 104.220ms
[231.108s][info][gc,cpu         ] GC(44) User=0.61s Sys=0.00s Real=0.10s
. (rIR:aIR:PR = 5621:5454:5457) (tPR = 84105) [OK] 
   230s:       trying IR =   6725 ..[233.337s][info][gc,start       ] GC(45) Pause Young (Mixed) (G1 Evacuation Pause)
[233.337s][info][gc,task        ] GC(45) Using 6 workers of 6 for evacuation
[233.429s][info][gc,phases      ] GC(45)   Pre Evacuate Collection Set: 0.37ms
[233.429s][info][gc,phases      ] GC(45)   Merge Heap Roots: 0.63ms
[233.429s][info][gc,phases      ] GC(45)   Evacuate Collection Set: 88.77ms
[233.429s][info][gc,phases      ] GC(45)   Merge Optional Heap Roots: 0.06ms
[233.429s][info][gc,phases      ] GC(45)   Evacuate Optional Collection Set: 0.90ms
[233.429s][info][gc,phases      ] GC(45)   Post Evacuate Collection Set: 0.99ms
[233.429s][info][gc,phases      ] GC(45)   Other: 0.12ms
[233.429s][info][gc,heap        ] GC(45) Eden regions: 904->0(919)
[233.429s][info][gc,heap        ] GC(45) Survivor regions: 38->87(118)
[233.429s][info][gc,heap        ] GC(45) Old regions: 734->679
[233.429s][info][gc,heap        ] GC(45) Humongous regions: 77->77
[233.429s][info][gc,metaspace   ] GC(45) Metaspace: 28636K(28928K)->28636K(28928K) NonClass: 23755K(23872K)->23755K(23872K) Class: 4881K(5056K)->4881K(5056K)
[233.429s][info][gc             ] GC(45) Pause Young (Mixed) (G1 Evacuation Pause) 3500M->1679M(4096M) 91.957ms
[233.429s][info][gc,cpu         ] GC(45) User=0.54s Sys=0.00s Real=0.10s
.. (rIR:aIR:PR = 6725:6773:6774) (tPR = 101619) [OK] 
   234s:       trying IR =   8050 [235.532s][info][gc,start       ] GC(46) Pause Young (Mixed) (G1 Evacuation Pause)
[235.532s][info][gc,task        ] GC(46) Using 6 workers of 6 for evacuation
[235.653s][info][gc,phases      ] GC(46)   Pre Evacuate Collection Set: 0.36ms
[235.653s][info][gc,phases      ] GC(46)   Merge Heap Roots: 0.68ms
[235.653s][info][gc,phases      ] GC(46)   Evacuate Collection Set: 114.85ms
[235.653s][info][gc,phases      ] GC(46)   Merge Optional Heap Roots: 0.13ms
[235.653s][info][gc,phases      ] GC(46)   Evacuate Optional Collection Set: 4.00ms
[235.653s][info][gc,phases      ] GC(46)   Post Evacuate Collection Set: 1.19ms
[235.653s][info][gc,phases      ] GC(46)   Other: 0.11ms
[235.653s][info][gc,heap        ] GC(46) Eden regions: 919->0(942)
[235.653s][info][gc,heap        ] GC(46) Survivor regions: 87->98(126)
[235.653s][info][gc,heap        ] GC(46) Old regions: 679->634
[235.653s][info][gc,heap        ] GC(46) Humongous regions: 77->77
[235.653s][info][gc,metaspace   ] GC(46) Metaspace: 28637K(28928K)->28637K(28928K) NonClass: 23756K(23872K)->23756K(23872K) Class: 4881K(5056K)->4881K(5056K)
[235.653s][info][gc             ] GC(46) Pause Young (Mixed) (G1 Evacuation Pause) 3517M->1615M(4096M) 121.468ms
[235.653s][info][gc,cpu         ] GC(46) User=0.70s Sys=0.02s Real=0.12s
..[237.498s][info][gc,start       ] GC(47) Pause Young (Mixed) (G1 Evacuation Pause)
[237.498s][info][gc,task        ] GC(47) Using 6 workers of 6 for evacuation
[237.630s][info][gc,phases      ] GC(47)   Pre Evacuate Collection Set: 0.42ms
[237.630s][info][gc,phases      ] GC(47)   Merge Heap Roots: 1.29ms
[237.630s][info][gc,phases      ] GC(47)   Evacuate Collection Set: 129.19ms
[237.630s][info][gc,phases      ] GC(47)   Post Evacuate Collection Set: 0.90ms
[237.630s][info][gc,phases      ] GC(47)   Other: 0.09ms
[237.630s][info][gc,heap        ] GC(47) Eden regions: 941->0(964)
[237.630s][info][gc,heap        ] GC(47) Survivor regions: 98->99(130)
[237.630s][info][gc,heap        ] GC(47) Old regions: 634->638
[237.630s][info][gc,heap        ] GC(47) Humongous regions: 77->77
[237.630s][info][gc,metaspace   ] GC(47) Metaspace: 28648K(28992K)->28648K(28992K) NonClass: 23766K(23936K)->23766K(23936K) Class: 4881K(5056K)->4881K(5056K)
[237.630s][info][gc             ] GC(47) Pause Young (Mixed) (G1 Evacuation Pause) 3497M->1624M(4096M) 132.024ms
[237.630s][info][gc,cpu         ] GC(47) User=0.78s Sys=0.00s Real=0.13s
.. (rIR:aIR:PR = 8050:8093:8081) (tPR = 122556) [OK] 
   238s:       trying IR =   9640 [239.442s][info][gc,start       ] GC(48) Pause Young (Normal) (G1 Evacuation Pause)
[239.442s][info][gc,task        ] GC(48) Using 6 workers of 6 for evacuation
[239.554s][info][gc,phases      ] GC(48)   Pre Evacuate Collection Set: 0.36ms
[239.554s][info][gc,phases      ] GC(48)   Merge Heap Roots: 0.45ms
[239.554s][info][gc,phases      ] GC(48)   Evacuate Collection Set: 109.63ms
[239.554s][info][gc,phases      ] GC(48)   Post Evacuate Collection Set: 0.89ms
[239.554s][info][gc,phases      ] GC(48)   Other: 0.08ms
[239.554s][info][gc,heap        ] GC(48) Eden regions: 964->0(959)
[239.554s][info][gc,heap        ] GC(48) Survivor regions: 99->103(133)
[239.554s][info][gc,heap        ] GC(48) Old regions: 638->668
[239.554s][info][gc,heap        ] GC(48) Humongous regions: 77->77
[239.554s][info][gc,metaspace   ] GC(48) Metaspace: 28649K(28992K)->28649K(28992K) NonClass: 23768K(23936K)->23768K(23936K) Class: 4881K(5056K)->4881K(5056K)
[239.554s][info][gc             ] GC(48) Pause Young (Normal) (G1 Evacuation Pause) 3552M->1692M(4096M) 111.532ms
[239.554s][info][gc,cpu         ] GC(48) User=0.66s Sys=0.00s Real=0.11s
.[241.127s][info][gc,start       ] GC(49) Pause Young (Normal) (G1 Evacuation Pause)
[241.127s][info][gc,task        ] GC(49) Using 6 workers of 6 for evacuation
[241.239s][info][gc,phases      ] GC(49)   Pre Evacuate Collection Set: 0.35ms
[241.239s][info][gc,phases      ] GC(49)   Merge Heap Roots: 0.44ms
[241.239s][info][gc,phases      ] GC(49)   Evacuate Collection Set: 110.04ms
[241.239s][info][gc,phases      ] GC(49)   Post Evacuate Collection Set: 0.81ms
[241.239s][info][gc,phases      ] GC(49)   Other: 0.09ms
[241.239s][info][gc,heap        ] GC(49) Eden regions: 959->0(956)
[241.239s][info][gc,heap        ] GC(49) Survivor regions: 103->101(133)
[241.239s][info][gc,heap        ] GC(49) Old regions: 668->698
[241.239s][info][gc,heap        ] GC(49) Humongous regions: 77->77
[241.239s][info][gc,metaspace   ] GC(49) Metaspace: 28649K(28992K)->28649K(28992K) NonClass: 23768K(23936K)->23768K(23936K) Class: 4881K(5056K)->4881K(5056K)
[241.239s][info][gc             ] GC(49) Pause Young (Normal) (G1 Evacuation Pause) 3610M->1750M(4096M) 111.840ms
[241.239s][info][gc,cpu         ] GC(49) User=0.66s Sys=0.00s Real=0.12s
..[242.746s][info][gc,start       ] GC(50) Pause Young (Normal) (G1 Evacuation Pause)
[242.746s][info][gc,task        ] GC(50) Using 6 workers of 6 for evacuation
[242.856s][info][gc,phases      ] GC(50)   Pre Evacuate Collection Set: 0.38ms
[242.856s][info][gc,phases      ] GC(50)   Merge Heap Roots: 0.42ms
[242.856s][info][gc,phases      ] GC(50)   Evacuate Collection Set: 108.60ms
[242.856s][info][gc,phases      ] GC(50)   Post Evacuate Collection Set: 0.80ms
[242.856s][info][gc,phases      ] GC(50)   Other: 0.08ms
[242.856s][info][gc,heap        ] GC(50) Eden regions: 956->0(934)
[242.856s][info][gc,heap        ] GC(50) Survivor regions: 101->102(133)
[242.856s][info][gc,heap        ] GC(50) Old regions: 698->730
[242.856s][info][gc,heap        ] GC(50) Humongous regions: 77->77
[242.856s][info][gc,metaspace   ] GC(50) Metaspace: 28650K(28992K)->28650K(28992K) NonClass: 23769K(23936K)->23769K(23936K) Class: 4881K(5056K)->4881K(5056K)
[242.856s][info][gc             ] GC(50) Pause Young (Normal) (G1 Evacuation Pause) 3662M->1814M(4096M) 110.427ms
[242.856s][info][gc,cpu         ] GC(50) User=0.65s Sys=0.00s Real=0.11s
.. (rIR:aIR:PR = 9640:9577:9577) (tPR = 148158) [OK] 
   244s:       trying IR =  11548 [244.410s][info][gc,start       ] GC(51) Pause Young (Normal) (G1 Evacuation Pause)
[244.410s][info][gc,task        ] GC(51) Using 6 workers of 6 for evacuation
[244.516s][info][gc,phases      ] GC(51)   Pre Evacuate Collection Set: 0.34ms
[244.516s][info][gc,phases      ] GC(51)   Merge Heap Roots: 0.40ms
[244.516s][info][gc,phases      ] GC(51)   Evacuate Collection Set: 104.62ms
[244.516s][info][gc,phases      ] GC(51)   Post Evacuate Collection Set: 0.81ms
[244.516s][info][gc,phases      ] GC(51)   Other: 0.08ms
[244.516s][info][gc,heap        ] GC(51) Eden regions: 934->0(912)
[244.516s][info][gc,heap        ] GC(51) Survivor regions: 102->97(130)
[244.516s][info][gc,heap        ] GC(51) Old regions: 730->762
[244.516s][info][gc,heap        ] GC(51) Humongous regions: 77->77
[244.516s][info][gc,metaspace   ] GC(51) Metaspace: 28677K(28992K)->28677K(28992K) NonClass: 23796K(23936K)->23796K(23936K) Class: 4881K(5056K)->4881K(5056K)
[244.516s][info][gc             ] GC(51) Pause Young (Normal) (G1 Evacuation Pause) 3682M->1868M(4096M) 106.394ms
[244.516s][info][gc,cpu         ] GC(51) User=0.63s Sys=0.00s Real=0.10s
.[245.765s][info][gc,start       ] GC(52) Pause Young (Normal) (G1 Evacuation Pause)
[245.765s][info][gc,task        ] GC(52) Using 6 workers of 6 for evacuation
[245.879s][info][gc,phases      ] GC(52)   Pre Evacuate Collection Set: 0.34ms
[245.879s][info][gc,phases      ] GC(52)   Merge Heap Roots: 0.42ms
[245.879s][info][gc,phases      ] GC(52)   Evacuate Collection Set: 112.64ms
[245.879s][info][gc,phases      ] GC(52)   Post Evacuate Collection Set: 0.91ms
[245.879s][info][gc,phases      ] GC(52)   Other: 0.09ms
[245.879s][info][gc,heap        ] GC(52) Eden regions: 912->0(866)
[245.879s][info][gc,heap        ] GC(52) Survivor regions: 97->104(127)
[245.879s][info][gc,heap        ] GC(52) Old regions: 762->794
[245.879s][info][gc,heap        ] GC(52) Humongous regions: 77->77
[245.879s][info][gc,metaspace   ] GC(52) Metaspace: 28683K(28992K)->28683K(28992K) NonClass: 23802K(23936K)->23802K(23936K) Class: 4881K(5056K)->4881K(5056K)
[245.879s][info][gc             ] GC(52) Pause Young (Normal) (G1 Evacuation Pause) 3692M->1947M(4096M) 114.533ms
[245.879s][info][gc,cpu         ] GC(52) User=0.68s Sys=0.00s Real=0.12s
.[247.042s][info][gc,start       ] GC(53) Pause Young (Normal) (G1 Evacuation Pause)
[247.042s][info][gc,task        ] GC(53) Using 6 workers of 6 for evacuation
[247.149s][info][gc,phases      ] GC(53)   Pre Evacuate Collection Set: 0.37ms
[247.149s][info][gc,phases      ] GC(53)   Merge Heap Roots: 0.41ms
[247.149s][info][gc,phases      ] GC(53)   Evacuate Collection Set: 106.05ms
[247.149s][info][gc,phases      ] GC(53)   Post Evacuate Collection Set: 0.75ms
[247.149s][info][gc,phases      ] GC(53)   Other: 0.07ms
[247.149s][info][gc,heap        ] GC(53) Eden regions: 866->0(885)
[247.149s][info][gc,heap        ] GC(53) Survivor regions: 104->59(122)
[247.149s][info][gc,heap        ] GC(53) Old regions: 794->865
[247.149s][info][gc,heap        ] GC(53) Humongous regions: 77->77
[247.149s][info][gc,metaspace   ] GC(53) Metaspace: 28683K(28992K)->28683K(28992K) NonClass: 23802K(23936K)->23802K(23936K) Class: 4881K(5056K)->4881K(5056K)
[247.149s][info][gc             ] GC(53) Pause Young (Normal) (G1 Evacuation Pause) 3679M->1998M(4096M) 107.789ms
[247.150s][info][gc,cpu         ] GC(53) User=0.63s Sys=0.00s Real=0.11s
.[248.404s][info][gc,start       ] GC(54) Pause Young (Concurrent Start) (G1 Evacuation Pause)
[248.404s][info][gc,task        ] GC(54) Using 6 workers of 6 for evacuation
[248.493s][info][gc,phases      ] GC(54)   Pre Evacuate Collection Set: 0.40ms
[248.493s][info][gc,phases      ] GC(54)   Merge Heap Roots: 0.40ms
[248.493s][info][gc,phases      ] GC(54)   Evacuate Collection Set: 88.06ms
[248.493s][info][gc,phases      ] GC(54)   Post Evacuate Collection Set: 0.76ms
[248.493s][info][gc,phases      ] GC(54)   Other: 0.11ms
[248.493s][info][gc,heap        ] GC(54) Eden regions: 885->0(805)
[248.494s][info][gc,heap        ] GC(54) Survivor regions: 59->99(118)
[248.494s][info][gc,heap        ] GC(54) Old regions: 865->865
[248.494s][info][gc,heap        ] GC(54) Humongous regions: 77->77
[248.494s][info][gc,metaspace   ] GC(54) Metaspace: 28683K(28992K)->28683K(28992K) NonClass: 23802K(23936K)->23802K(23936K) Class: 4881K(5056K)->4881K(5056K)
[248.494s][info][gc             ] GC(54) Pause Young (Concurrent Start) (G1 Evacuation Pause) 3768M->2079M(4096M) 89.854ms
[248.494s][info][gc             ] GC(55) Concurrent Mark Cycle
[248.494s][info][gc,marking     ] GC(55) Concurrent Scan Root Regions
[248.494s][info][gc,cpu         ] GC(54) User=0.53s Sys=0.00s Real=0.09s
. (rIR:aIR:PR = 11548:11379:11200) (tPR = 169918) [OK] 
   248s:       trying IR =  13837 [248.634s][info][gc,marking     ] GC(55) Concurrent Scan Root Regions 140.464ms
[248.634s][info][gc,marking     ] GC(55) Concurrent Mark
[248.634s][info][gc,marking     ] GC(55) Concurrent Mark From Roots
[248.634s][info][gc,task        ] GC(55) Using 2 workers of 2 for marking
.[249.844s][info][gc,marking     ] GC(55) Concurrent Mark From Roots 1210.240ms
[249.844s][info][gc,marking     ] GC(55) Concurrent Preclean
[249.845s][info][gc,marking     ] GC(55) Concurrent Preclean 0.224ms
[249.848s][info][gc,start       ] GC(55) Pause Remark
[249.856s][info][gc             ] GC(55) Pause Remark 3419M->3409M(4096M) 8.663ms
[249.856s][info][gc,cpu         ] GC(55) User=0.04s Sys=0.00s Real=0.01s
[249.856s][info][gc,marking     ] GC(55) Concurrent Mark 1222.297ms
[249.856s][info][gc,marking     ] GC(55) Concurrent Rebuild Remembered Sets and Scrub Regions
[250.126s][info][gc,start       ] GC(56) Pause Young (Normal) (G1 Evacuation Pause)
[250.126s][info][gc,task        ] GC(56) Using 6 workers of 6 for evacuation
[250.232s][info][gc,phases      ] GC(56)   Pre Evacuate Collection Set: 0.37ms
[250.232s][info][gc,phases      ] GC(56)   Merge Heap Roots: 0.41ms
[250.232s][info][gc,phases      ] GC(56)   Evacuate Collection Set: 104.01ms
[250.232s][info][gc,phases      ] GC(56)   Post Evacuate Collection Set: 0.95ms
[250.232s][info][gc,phases      ] GC(56)   Other: 0.10ms
[250.232s][info][gc,heap        ] GC(56) Eden regions: 805->0(823)
[250.232s][info][gc,heap        ] GC(56) Survivor regions: 99->58(113)
[250.232s][info][gc,heap        ] GC(56) Old regions: 860->929
[250.232s][info][gc,heap        ] GC(56) Humongous regions: 77->77
[250.232s][info][gc,metaspace   ] GC(56) Metaspace: 28689K(28992K)->28689K(28992K) NonClass: 23807K(23936K)->23807K(23936K) Class: 4881K(5056K)->4881K(5056K)
[250.232s][info][gc             ] GC(56) Pause Young (Normal) (G1 Evacuation Pause) 3679M->2126M(4096M) 105.967ms
[250.232s][info][gc,cpu         ] GC(56) User=0.62s Sys=0.00s Real=0.11s
[250.410s][info][gc,marking     ] GC(55) Concurrent Rebuild Remembered Sets and Scrub Regions 553.750ms
[250.410s][info][gc,start       ] GC(55) Pause Cleanup
[250.411s][info][gc             ] GC(55) Pause Cleanup 2300M->2300M(4096M) 0.352ms
[250.411s][info][gc,cpu         ] GC(55) User=0.00s Sys=0.00s Real=0.00s
[250.411s][info][gc,marking     ] GC(55) Concurrent Clear Claimed Marks
[250.411s][info][gc,marking     ] GC(55) Concurrent Clear Claimed Marks 0.037ms
[250.411s][info][gc,marking     ] GC(55) Concurrent Cleanup for Next Mark
[250.420s][info][gc,marking     ] GC(55) Concurrent Cleanup for Next Mark 9.571ms
[250.421s][info][gc             ] GC(55) Concurrent Mark Cycle 1926.960ms
.[251.341s][info][gc,start       ] GC(57) Pause Young (Prepare Mixed) (G1 Evacuation Pause)
[251.341s][info][gc,task        ] GC(57) Using 6 workers of 6 for evacuation
[251.433s][info][gc,phases      ] GC(57)   Pre Evacuate Collection Set: 0.36ms
[251.433s][info][gc,phases      ] GC(57)   Merge Heap Roots: 0.52ms
[251.433s][info][gc,phases      ] GC(57)   Evacuate Collection Set: 89.33ms
[251.433s][info][gc,phases      ] GC(57)   Post Evacuate Collection Set: 0.96ms
[251.433s][info][gc,phases      ] GC(57)   Other: 0.10ms
[251.433s][info][gc,heap        ] GC(57) Eden regions: 823->0(778)
[251.433s][info][gc,heap        ] GC(57) Survivor regions: 58->61(111)
[251.433s][info][gc,heap        ] GC(57) Old regions: 929->968
[251.433s][info][gc,heap        ] GC(57) Humongous regions: 77->77
[251.433s][info][gc,metaspace   ] GC(57) Metaspace: 28689K(28992K)->28689K(28992K) NonClass: 23807K(23936K)->23807K(23936K) Class: 4881K(5056K)->4881K(5056K)
[251.433s][info][gc             ] GC(57) Pause Young (Prepare Mixed) (G1 Evacuation Pause) 3772M->2210M(4096M) 91.394ms
[251.433s][info][gc,cpu         ] GC(57) User=0.54s Sys=0.00s Real=0.09s
.[252.468s][info][gc,start       ] GC(58) Pause Young (Mixed) (G1 Evacuation Pause)
[252.468s][info][gc,task        ] GC(58) Using 6 workers of 6 for evacuation
[252.565s][info][gc,phases      ] GC(58)   Pre Evacuate Collection Set: 0.41ms
[252.565s][info][gc,phases      ] GC(58)   Merge Heap Roots: 0.56ms
[252.565s][info][gc,phases      ] GC(58)   Evacuate Collection Set: 94.32ms
[252.565s][info][gc,phases      ] GC(58)   Post Evacuate Collection Set: 0.99ms
[252.565s][info][gc,phases      ] GC(58)   Other: 0.09ms
[252.565s][info][gc,heap        ] GC(58) Eden regions: 778->0(930)
[252.565s][info][gc,heap        ] GC(58) Survivor regions: 61->61(105)
[252.565s][info][gc,heap        ] GC(58) Old regions: 968->806
[252.565s][info][gc,heap        ] GC(58) Humongous regions: 77->77
[252.565s][info][gc,metaspace   ] GC(58) Metaspace: 28689K(28992K)->28689K(28992K) NonClass: 23807K(23936K)->23807K(23936K) Class: 4881K(5056K)->4881K(5056K)
[252.565s][info][gc             ] GC(58) Pause Young (Mixed) (G1 Evacuation Pause) 3766M->1884M(4096M) 96.495ms
[252.565s][info][gc,cpu         ] GC(58) User=0.57s Sys=0.00s Real=0.09s
.[253.835s][info][gc,start       ] GC(59) Pause Young (Mixed) (G1 Evacuation Pause)
[253.835s][info][gc,task        ] GC(59) Using 6 workers of 6 for evacuation
[253.985s][info][gc,phases      ] GC(59)   Pre Evacuate Collection Set: 0.38ms
[253.985s][info][gc,phases      ] GC(59)   Merge Heap Roots: 0.84ms
[253.985s][info][gc,phases      ] GC(59)   Evacuate Collection Set: 147.53ms
[253.985s][info][gc,phases      ] GC(59)   Post Evacuate Collection Set: 1.23ms
[253.985s][info][gc,phases      ] GC(59)   Other: 0.10ms
[253.985s][info][gc,heap        ] GC(59) Eden regions: 930->0(998)
[253.985s][info][gc,heap        ] GC(59) Survivor regions: 61->95(124)
[253.985s][info][gc,heap        ] GC(59) Old regions: 806->619
[253.985s][info][gc,heap        ] GC(59) Humongous regions: 77->77
[253.985s][info][gc,metaspace   ] GC(59) Metaspace: 28689K(28992K)->28689K(28992K) NonClass: 23808K(23936K)->23808K(23936K) Class: 4881K(5056K)->4881K(5056K)
[253.985s][info][gc             ] GC(59) Pause Young (Mixed) (G1 Evacuation Pause) 3744M->1580M(4096M) 150.211ms
[253.985s][info][gc,cpu         ] GC(59) User=0.66s Sys=0.00s Real=0.15s
.[255.314s][info][gc,start       ] GC(60) Pause Young (Mixed) (G1 Evacuation Pause)
[255.314s][info][gc,task        ] GC(60) Using 6 workers of 6 for evacuation
[255.455s][info][gc,phases      ] GC(60)   Pre Evacuate Collection Set: 0.35ms
[255.455s][info][gc,phases      ] GC(60)   Merge Heap Roots: 0.84ms
[255.455s][info][gc,phases      ] GC(60)   Evacuate Collection Set: 138.90ms
[255.455s][info][gc,phases      ] GC(60)   Post Evacuate Collection Set: 1.05ms
[255.455s][info][gc,phases      ] GC(60)   Other: 0.13ms
[255.455s][info][gc,heap        ] GC(60) Eden regions: 989->0(972)
[255.455s][info][gc,heap        ] GC(60) Survivor regions: 95->112(136)
[255.455s][info][gc,heap        ] GC(60) Old regions: 619->598
[255.455s][info][gc,heap        ] GC(60) Humongous regions: 77->77
[255.455s][info][gc,metaspace   ] GC(60) Metaspace: 28689K(28992K)->28689K(28992K) NonClass: 23808K(23936K)->23808K(23936K) Class: 4881K(5056K)->4881K(5056K)
[255.455s][info][gc             ] GC(60) Pause Young (Mixed) (G1 Evacuation Pause) 3558M->1571M(4096M) 141.408ms
[255.455s][info][gc,cpu         ] GC(60) User=0.84s Sys=0.00s Real=0.14s
.[256.792s][info][gc,start       ] GC(61) Pause Young (Mixed) (G1 Evacuation Pause)
[256.792s][info][gc,task        ] GC(61) Using 6 workers of 6 for evacuation
[256.981s][info][gc,phases      ] GC(61)   Pre Evacuate Collection Set: 0.36ms
[256.981s][info][gc,phases      ] GC(61)   Merge Heap Roots: 1.00ms
[256.981s][info][gc,phases      ] GC(61)   Evacuate Collection Set: 186.96ms
[256.981s][info][gc,phases      ] GC(61)   Post Evacuate Collection Set: 0.80ms
[256.981s][info][gc,phases      ] GC(61)   Other: 0.08ms
[256.981s][info][gc,heap        ] GC(61) Eden regions: 970->0(1015)
[256.981s][info][gc,heap        ] GC(61) Survivor regions: 112->70(136)
[256.981s][info][gc,heap        ] GC(61) Old regions: 598->651
[256.981s][info][gc,heap        ] GC(61) Humongous regions: 77->77
[256.981s][info][gc,metaspace   ] GC(61) Metaspace: 28689K(28992K)->28689K(28992K) NonClass: 23808K(23936K)->23808K(23936K) Class: 4881K(5056K)->4881K(5056K)
[256.981s][info][gc             ] GC(61) Pause Young (Mixed) (G1 Evacuation Pause) 3511M->1593M(4096M) 189.326ms
[256.981s][info][gc,cpu         ] GC(61) User=0.89s Sys=0.00s Real=0.19s
.[258.336s][info][gc,start       ] GC(62) Pause Young (Normal) (G1 Evacuation Pause)
[258.336s][info][gc,task        ] GC(62) Using 6 workers of 6 for evacuation
[258.438s][info][gc,phases      ] GC(62)   Pre Evacuate Collection Set: 0.33ms
[258.438s][info][gc,phases      ] GC(62)   Merge Heap Roots: 0.40ms
[258.438s][info][gc,phases      ] GC(62)   Evacuate Collection Set: 101.00ms
[258.438s][info][gc,phases      ] GC(62)   Post Evacuate Collection Set: 0.76ms
[258.438s][info][gc,phases      ] GC(62)   Other: 0.09ms
[258.438s][info][gc,heap        ] GC(62) Eden regions: 1015->0(997)
[258.438s][info][gc,heap        ] GC(62) Survivor regions: 70->73(136)
[258.438s][info][gc,heap        ] GC(62) Old regions: 651->693
[258.438s][info][gc,heap        ] GC(62) Humongous regions: 77->77
[258.438s][info][gc,metaspace   ] GC(62) Metaspace: 28690K(28992K)->28690K(28992K) NonClass: 23808K(23936K)->23808K(23936K) Class: 4881K(5056K)->4881K(5056K)
[258.438s][info][gc             ] GC(62) Pause Young (Normal) (G1 Evacuation Pause) 3623M->1684M(4096M) 102.713ms
[258.438s][info][gc,cpu         ] GC(62) User=0.60s Sys=0.00s Real=0.11s
.[259.703s][info][gc,start       ] GC(63) Pause Young (Normal) (G1 Evacuation Pause)
[259.703s][info][gc,task        ] GC(63) Using 6 workers of 6 for evacuation
[259.806s][info][gc,phases      ] GC(63)   Pre Evacuate Collection Set: 0.32ms
[259.806s][info][gc,phases      ] GC(63)   Merge Heap Roots: 0.46ms
[259.806s][info][gc,phases      ] GC(63)   Evacuate Collection Set: 101.32ms
[259.806s][info][gc,phases      ] GC(63)   Post Evacuate Collection Set: 0.85ms
[259.806s][info][gc,phases      ] GC(63)   Other: 0.08ms
[259.806s][info][gc,heap        ] GC(63) Eden regions: 997->0(970)
[259.806s][info][gc,heap        ] GC(63) Survivor regions: 73->77(134)
[259.806s][info][gc,heap        ] GC(63) Old regions: 693->735
[259.806s][info][gc,heap        ] GC(63) Humongous regions: 77->77
[259.806s][info][gc,metaspace   ] GC(63) Metaspace: 28691K(28992K)->28691K(28992K) NonClass: 23809K(23936K)->23809K(23936K) Class: 4881K(5056K)->4881K(5056K)
[259.806s][info][gc             ] GC(63) Pause Young (Normal) (G1 Evacuation Pause) 3678M->1775M(4096M) 103.148ms
[259.806s][info][gc,cpu         ] GC(63) User=0.61s Sys=0.00s Real=0.10s
.[260.996s][info][gc,start       ] GC(64) Pause Young (Normal) (G1 Evacuation Pause)
[260.997s][info][gc,task        ] GC(64) Using 6 workers of 6 for evacuation
[261.093s][info][gc,phases      ] GC(64)   Pre Evacuate Collection Set: 0.39ms
[261.093s][info][gc,phases      ] GC(64)   Merge Heap Roots: 0.49ms
[261.093s][info][gc,phases      ] GC(64)   Evacuate Collection Set: 93.53ms
[261.093s][info][gc,phases      ] GC(64)   Post Evacuate Collection Set: 0.80ms
[261.093s][info][gc,phases      ] GC(64)   Other: 0.82ms
[261.093s][info][gc,heap        ] GC(64) Eden regions: 970->0(947)
[261.093s][info][gc,heap        ] GC(64) Survivor regions: 77->66(131)
[261.093s][info][gc,heap        ] GC(64) Old regions: 735->780
[261.093s][info][gc,heap        ] GC(64) Humongous regions: 77->77
[261.093s][info][gc,metaspace   ] GC(64) Metaspace: 28696K(28992K)->28696K(28992K) NonClass: 23814K(23936K)->23814K(23936K) Class: 4881K(5056K)->4881K(5056K)
[261.093s][info][gc             ] GC(64) Pause Young (Normal) (G1 Evacuation Pause) 3715M->1842M(4096M) 96.149ms
[261.093s][info][gc,cpu         ] GC(64) User=0.57s Sys=0.00s Real=0.10s
..[262.491s][info][gc,start       ] GC(65) Pause Young (Normal) (G1 Evacuation Pause)
[262.491s][info][gc,task        ] GC(65) Using 6 workers of 6 for evacuation
[262.587s][info][gc,phases      ] GC(65)   Pre Evacuate Collection Set: 0.31ms
[262.587s][info][gc,phases      ] GC(65)   Merge Heap Roots: 0.43ms
[262.587s][info][gc,phases      ] GC(65)   Evacuate Collection Set: 93.73ms
[262.587s][info][gc,phases      ] GC(65)   Post Evacuate Collection Set: 0.77ms
[262.587s][info][gc,phases      ] GC(65)   Other: 0.08ms
[262.587s][info][gc,heap        ] GC(65) Eden regions: 947->0(911)
[262.587s][info][gc,heap        ] GC(65) Survivor regions: 66->62(127)
[262.587s][info][gc,heap        ] GC(65) Old regions: 780->828
[262.587s][info][gc,heap        ] GC(65) Humongous regions: 77->77
[262.587s][info][gc,metaspace   ] GC(65) Metaspace: 28696K(28992K)->28696K(28992K) NonClass: 23814K(23936K)->23814K(23936K) Class: 4881K(5056K)->4881K(5056K)
[262.587s][info][gc             ] GC(65) Pause Young (Normal) (G1 Evacuation Pause) 3736M->1931M(4096M) 95.445ms
[262.587s][info][gc,cpu         ] GC(65) User=0.57s Sys=0.00s Real=0.09s
.[263.993s][info][gc,start       ] GC(66) Pause Young (Normal) (G1 Evacuation Pause)
[263.993s][info][gc,task        ] GC(66) Using 6 workers of 6 for evacuation
[264.076s][info][gc,phases      ] GC(66)   Pre Evacuate Collection Set: 0.34ms
[264.076s][info][gc,phases      ] GC(66)   Merge Heap Roots: 0.42ms
[264.076s][info][gc,phases      ] GC(66)   Evacuate Collection Set: 81.29ms
[264.076s][info][gc,phases      ] GC(66)   Post Evacuate Collection Set: 0.77ms
[264.076s][info][gc,phases      ] GC(66)   Other: 0.08ms
[264.076s][info][gc,heap        ] GC(66) Eden regions: 911->0(852)
[264.076s][info][gc,heap        ] GC(66) Survivor regions: 62->94(122)
[264.076s][info][gc,heap        ] GC(66) Old regions: 828->828
[264.076s][info][gc,heap        ] GC(66) Humongous regions: 77->77
[264.076s][info][gc,metaspace   ] GC(66) Metaspace: 28696K(28992K)->28696K(28992K) NonClass: 23815K(23936K)->23815K(23936K) Class: 4881K(5056K)->4881K(5056K)
[264.076s][info][gc             ] GC(66) Pause Young (Normal) (G1 Evacuation Pause) 3753M->1995M(4096M) 83.023ms
[264.076s][info][gc,cpu         ] GC(66) User=0.49s Sys=0.00s Real=0.08s
.[265.206s][info][gc,start       ] GC(67) Pause Young (Normal) (G1 Evacuation Pause)
[265.206s][info][gc,task        ] GC(67) Using 6 workers of 6 for evacuation
[265.320s][info][gc,phases      ] GC(67)   Pre Evacuate Collection Set: 0.33ms
[265.320s][info][gc,phases      ] GC(67)   Merge Heap Roots: 0.43ms
[265.320s][info][gc,phases      ] GC(67)   Evacuate Collection Set: 112.77ms
[265.320s][info][gc,phases      ] GC(67)   Post Evacuate Collection Set: 0.77ms
[265.320s][info][gc,phases      ] GC(67)   Other: 0.07ms
[265.320s][info][gc,heap        ] GC(67) Eden regions: 852->0(801)
[265.320s][info][gc,heap        ] GC(67) Survivor regions: 94->104(119)
[265.320s][info][gc,heap        ] GC(67) Old regions: 828->859
[265.320s][info][gc,heap        ] GC(67) Humongous regions: 77->77
[265.320s][info][gc,metaspace   ] GC(67) Metaspace: 28696K(28992K)->28696K(28992K) NonClass: 23815K(23936K)->23815K(23936K) Class: 4881K(5056K)->4881K(5056K)
[265.320s][info][gc             ] GC(67) Pause Young (Normal) (G1 Evacuation Pause) 3699M->2077M(4096M) 114.513ms
[265.321s][info][gc,cpu         ] GC(67) User=0.68s Sys=0.00s Real=0.12s
.[266.503s][info][gc,start       ] GC(68) Pause Young (Concurrent Start) (G1 Evacuation Pause)
[266.503s][info][gc,task        ] GC(68) Using 6 workers of 6 for evacuation
[266.600s][info][gc,phases      ] GC(68)   Pre Evacuate Collection Set: 0.39ms
[266.600s][info][gc,phases      ] GC(68)   Merge Heap Roots: 0.38ms
[266.600s][info][gc,phases      ] GC(68)   Evacuate Collection Set: 96.04ms
[266.600s][info][gc,phases      ] GC(68)   Post Evacuate Collection Set: 0.72ms
[266.600s][info][gc,phases      ] GC(68)   Other: 0.10ms
[266.600s][info][gc,heap        ] GC(68) Eden regions: 801->0(841)
[266.600s][info][gc,heap        ] GC(68) Survivor regions: 104->49(114)
[266.600s][info][gc,heap        ] GC(68) Old regions: 859->929
[266.600s][info][gc,heap        ] GC(68) Humongous regions: 77->77
[266.600s][info][gc,metaspace   ] GC(68) Metaspace: 28698K(28992K)->28698K(28992K) NonClass: 23817K(23936K)->23817K(23936K) Class: 4881K(5056K)->4881K(5056K)
[266.600s][info][gc             ] GC(68) Pause Young (Concurrent Start) (G1 Evacuation Pause) 3679M->2107M(4096M) 97.751ms
[266.600s][info][gc             ] GC(69) Concurrent Mark Cycle
[266.600s][info][gc,marking     ] GC(69) Concurrent Scan Root Regions
[266.600s][info][gc,cpu         ] GC(68) User=0.57s Sys=0.00s Real=0.10s
[266.722s][info][gc,marking     ] GC(69) Concurrent Scan Root Regions 121.407ms
[266.722s][info][gc,marking     ] GC(69) Concurrent Mark
[266.722s][info][gc,marking     ] GC(69) Concurrent Mark From Roots
[266.722s][info][gc,task        ] GC(69) Using 2 workers of 2 for marking
.[267.862s][info][gc,marking     ] GC(69) Concurrent Mark From Roots 1140.299ms
[267.862s][info][gc,marking     ] GC(69) Concurrent Preclean
[267.862s][info][gc,marking     ] GC(69) Concurrent Preclean 0.108ms
[267.863s][info][gc,start       ] GC(69) Pause Remark
[267.868s][info][gc             ] GC(69) Pause Remark 3322M->3320M(4096M) 5.971ms
[267.869s][info][gc,cpu         ] GC(69) User=0.03s Sys=0.00s Real=0.01s
[267.869s][info][gc,marking     ] GC(69) Concurrent Mark 1146.842ms
[267.869s][info][gc,marking     ] GC(69) Concurrent Rebuild Remembered Sets and Scrub Regions
[268.396s][info][gc,start       ] GC(70) Pause Young (Normal) (G1 Evacuation Pause)
[268.396s][info][gc,task        ] GC(70) Using 6 workers of 6 for evacuation
[268.482s][info][gc,phases      ] GC(70)   Pre Evacuate Collection Set: 0.35ms
[268.482s][info][gc,phases      ] GC(70)   Merge Heap Roots: 0.43ms
[268.482s][info][gc,phases      ] GC(70)   Evacuate Collection Set: 84.28ms
[268.482s][info][gc,phases      ] GC(70)   Post Evacuate Collection Set: 0.84ms
[268.482s][info][gc,phases      ] GC(70)   Other: 0.10ms
[268.482s][info][gc,heap        ] GC(70) Eden regions: 841->0(742)
[268.482s][info][gc,heap        ] GC(70) Survivor regions: 49->99(112)
[268.482s][info][gc,heap        ] GC(70) Old regions: 928->928
[268.482s][info][gc,heap        ] GC(70) Humongous regions: 77->77
[268.482s][info][gc,metaspace   ] GC(70) Metaspace: 28700K(28992K)->28700K(28992K) NonClass: 23818K(23936K)->23818K(23936K) Class: 4881K(5056K)->4881K(5056K)
[268.482s][info][gc             ] GC(70) Pause Young (Normal) (G1 Evacuation Pause) 3787M->2204M(4096M) 86.118ms
[268.482s][info][gc,cpu         ] GC(70) User=0.51s Sys=0.00s Real=0.09s
[268.497s][info][gc,marking     ] GC(69) Concurrent Rebuild Remembered Sets and Scrub Regions 628.496ms
[268.497s][info][gc,start       ] GC(69) Pause Cleanup
[268.498s][info][gc             ] GC(69) Pause Cleanup 2228M->2228M(4096M) 0.321ms
[268.498s][info][gc,cpu         ] GC(69) User=0.00s Sys=0.00s Real=0.00s
[268.498s][info][gc,marking     ] GC(69) Concurrent Clear Claimed Marks
[268.498s][info][gc,marking     ] GC(69) Concurrent Clear Claimed Marks 0.030ms
[268.498s][info][gc,marking     ] GC(69) Concurrent Cleanup for Next Mark
[268.505s][info][gc,marking     ] GC(69) Concurrent Cleanup for Next Mark 7.204ms
[268.505s][info][gc             ] GC(69) Concurrent Mark Cycle 1904.761ms
.[269.346s][info][gc,start       ] GC(71) Pause Young (Prepare Mixed) (G1 Evacuation Pause)
[269.346s][info][gc,task        ] GC(71) Using 6 workers of 6 for evacuation
[269.467s][info][gc,phases      ] GC(71)   Pre Evacuate Collection Set: 0.35ms
[269.467s][info][gc,phases      ] GC(71)   Merge Heap Roots: 0.42ms
[269.467s][info][gc,phases      ] GC(71)   Evacuate Collection Set: 119.11ms
[269.467s][info][gc,phases      ] GC(71)   Post Evacuate Collection Set: 0.84ms
[269.467s][info][gc,phases      ] GC(71)   Other: 0.10ms
[269.467s][info][gc,heap        ] GC(71) Eden regions: 742->0(727)
[269.467s][info][gc,heap        ] GC(71) Survivor regions: 99->67(106)
[269.467s][info][gc,heap        ] GC(71) Old regions: 928->1007
[269.467s][info][gc,heap        ] GC(71) Humongous regions: 77->77
[269.467s][info][gc,metaspace   ] GC(71) Metaspace: 28700K(28992K)->28700K(28992K) NonClass: 23818K(23936K)->23818K(23936K) Class: 4881K(5056K)->4881K(5056K)
[269.467s][info][gc             ] GC(71) Pause Young (Prepare Mixed) (G1 Evacuation Pause) 3688M->2299M(4096M) 120.965ms
[269.467s][info][gc,cpu         ] GC(71) User=0.72s Sys=0.00s Real=0.12s
.[270.471s][info][gc,start       ] GC(72) Pause Young (Mixed) (G1 Evacuation Pause)
[270.471s][info][gc,task        ] GC(72) Using 6 workers of 6 for evacuation
[270.578s][info][gc,phases      ] GC(72)   Pre Evacuate Collection Set: 0.39ms
[270.578s][info][gc,phases      ] GC(72)   Merge Heap Roots: 0.44ms
[270.578s][info][gc,phases      ] GC(72)   Evacuate Collection Set: 105.52ms
[270.578s][info][gc,phases      ] GC(72)   Post Evacuate Collection Set: 0.89ms
[270.578s][info][gc,phases      ] GC(72)   Other: 0.10ms
[270.578s][info][gc,heap        ] GC(72) Eden regions: 727->0(872)
[270.578s][info][gc,heap        ] GC(72) Survivor regions: 67->64(100)
[270.578s][info][gc,heap        ] GC(72) Old regions: 1007->860
[270.578s][info][gc,heap        ] GC(72) Humongous regions: 77->77
[270.578s][info][gc,metaspace   ] GC(72) Metaspace: 28700K(28992K)->28700K(28992K) NonClass: 23819K(23936K)->23819K(23936K) Class: 4881K(5056K)->4881K(5056K)
[270.579s][info][gc             ] GC(72) Pause Young (Mixed) (G1 Evacuation Pause) 3753M->2000M(4096M) 107.468ms
[270.579s][info][gc,cpu         ] GC(72) User=0.63s Sys=0.00s Real=0.11s
.[271.708s][info][gc,start       ] GC(73) Pause Young (Mixed) (G1 Evacuation Pause)
[271.708s][info][gc,task        ] GC(73) Using 6 workers of 6 for evacuation
[271.804s][info][gc,phases      ] GC(73)   Pre Evacuate Collection Set: 0.39ms
[271.804s][info][gc,phases      ] GC(73)   Merge Heap Roots: 0.67ms
[271.804s][info][gc,phases      ] GC(73)   Evacuate Collection Set: 93.71ms
[271.804s][info][gc,phases      ] GC(73)   Post Evacuate Collection Set: 0.93ms
[271.804s][info][gc,phases      ] GC(73)   Other: 0.10ms
[271.804s][info][gc,heap        ] GC(73) Eden regions: 872->0(1019)
[271.804s][info][gc,heap        ] GC(73) Survivor regions: 64->58(117)
[271.804s][info][gc,heap        ] GC(73) Old regions: 860->701
[271.804s][info][gc,heap        ] GC(73) Humongous regions: 77->77
[271.804s][info][gc,metaspace   ] GC(73) Metaspace: 28712K(28992K)->28712K(28992K) NonClass: 23831K(23936K)->23831K(23936K) Class: 4881K(5056K)->4881K(5056K)
[271.804s][info][gc             ] GC(73) Pause Young (Mixed) (G1 Evacuation Pause) 3744M->1669M(4096M) 95.946ms
[271.804s][info][gc,cpu         ] GC(73) User=0.56s Sys=0.01s Real=0.09s
.[273.117s][info][gc,start       ] GC(74) Pause Young (Mixed) (G1 Evacuation Pause)
[273.117s][info][gc,task        ] GC(74) Using 6 workers of 6 for evacuation
[273.235s][info][gc,phases      ] GC(74)   Pre Evacuate Collection Set: 0.40ms
[273.235s][info][gc,phases      ] GC(74)   Merge Heap Roots: 0.83ms
[273.235s][info][gc,phases      ] GC(74)   Evacuate Collection Set: 116.18ms
[273.235s][info][gc,phases      ] GC(74)   Post Evacuate Collection Set: 0.96ms
[273.235s][info][gc,phases      ] GC(74)   Other: 0.11ms
[273.235s][info][gc,heap        ] GC(74) Eden regions: 1019->0(1034)
[273.235s][info][gc,heap        ] GC(74) Survivor regions: 58->109(135)
[273.235s][info][gc,heap        ] GC(74) Old regions: 701->615
[273.235s][info][gc,heap        ] GC(74) Humongous regions: 77->77
[273.235s][info][gc,metaspace   ] GC(74) Metaspace: 28712K(28992K)->28712K(28992K) NonClass: 23831K(23936K)->23831K(23936K) Class: 4881K(5056K)->4881K(5056K)
[273.236s][info][gc             ] GC(74) Pause Young (Mixed) (G1 Evacuation Pause) 3707M->1599M(4096M) 118.608ms
[273.236s][info][gc,cpu         ] GC(74) User=0.70s Sys=0.00s Real=0.12s
.[274.518s][info][gc,start       ] GC(75) Pause Young (Concurrent Start) (G1 Evacuation Pause)
[274.518s][info][gc,task        ] GC(75) Using 6 workers of 6 for evacuation
[274.634s][info][gc,phases      ] GC(75)   Pre Evacuate Collection Set: 0.42ms
[274.634s][info][gc,phases      ] GC(75)   Merge Heap Roots: 0.45ms
[274.634s][info][gc,phases      ] GC(75)   Evacuate Collection Set: 113.99ms
[274.634s][info][gc,phases      ] GC(75)   Post Evacuate Collection Set: 0.84ms
[274.634s][info][gc,phases      ] GC(75)   Other: 0.10ms
[274.634s][info][gc,heap        ] GC(75) Eden regions: 1034->0(1005)
[274.634s][info][gc,heap        ] GC(75) Survivor regions: 109->111(143)
[274.634s][info][gc,heap        ] GC(75) Old regions: 615->641
[274.634s][info][gc,heap        ] GC(75) Humongous regions: 77->77
[274.634s][info][gc,metaspace   ] GC(75) Metaspace: 28714K(28992K)->28714K(28992K) NonClass: 23833K(23936K)->23833K(23936K) Class: 4881K(5056K)->4881K(5056K)
[274.634s][info][gc             ] GC(75) Pause Young (Concurrent Start) (G1 Evacuation Pause) 3667M->1655M(4096M) 115.936ms
[274.634s][info][gc             ] GC(76) Concurrent Mark Cycle
[274.634s][info][gc,marking     ] GC(76) Concurrent Scan Root Regions
[274.634s][info][gc,cpu         ] GC(75) User=0.68s Sys=0.00s Real=0.12s
[274.829s][info][gc,marking     ] GC(76) Concurrent Scan Root Regions 194.820ms
[274.829s][info][gc,marking     ] GC(76) Concurrent Mark
[274.829s][info][gc,marking     ] GC(76) Concurrent Mark From Roots
[274.829s][info][gc,task        ] GC(76) Using 2 workers of 2 for marking
.[275.913s][info][gc,marking     ] GC(76) Concurrent Mark From Roots 1083.855ms
[275.913s][info][gc,marking     ] GC(76) Concurrent Preclean
[275.913s][info][gc,marking     ] GC(76) Concurrent Preclean 0.074ms
[275.916s][info][gc,start       ] GC(76) Pause Remark
[275.922s][info][gc             ] GC(76) Pause Remark 2879M->2879M(4096M) 5.579ms
[275.922s][info][gc,cpu         ] GC(76) User=0.03s Sys=0.00s Real=0.01s
[275.923s][info][gc,marking     ] GC(76) Concurrent Mark 1093.903ms
[275.923s][info][gc,marking     ] GC(76) Concurrent Rebuild Remembered Sets and Scrub Regions
.[276.422s][info][gc,marking     ] GC(76) Concurrent Rebuild Remembered Sets and Scrub Regions 499.191ms
[276.422s][info][gc,start       ] GC(76) Pause Cleanup
[276.422s][info][gc             ] GC(76) Pause Cleanup 3399M->3399M(4096M) 0.230ms
[276.422s][info][gc,cpu         ] GC(76) User=0.00s Sys=0.00s Real=0.00s
[276.423s][info][gc,marking     ] GC(76) Concurrent Clear Claimed Marks
[276.423s][info][gc,marking     ] GC(76) Concurrent Clear Claimed Marks 0.039ms
[276.423s][info][gc,marking     ] GC(76) Concurrent Cleanup for Next Mark
[276.583s][info][gc,marking     ] GC(76) Concurrent Cleanup for Next Mark 159.788ms
[276.583s][info][gc             ] GC(76) Concurrent Mark Cycle 1949.000ms
[276.584s][info][gc,start       ] GC(77) Pause Young (Prepare Mixed) (G1 Evacuation Pause)
[276.584s][info][gc,task        ] GC(77) Using 6 workers of 6 for evacuation
[276.704s][info][gc,phases      ] GC(77)   Pre Evacuate Collection Set: 0.33ms
[276.704s][info][gc,phases      ] GC(77)   Merge Heap Roots: 0.50ms
[276.704s][info][gc,phases      ] GC(77)   Evacuate Collection Set: 117.51ms
[276.704s][info][gc,phases      ] GC(77)   Post Evacuate Collection Set: 0.93ms
[276.704s][info][gc,phases      ] GC(77)   Other: 0.09ms
[276.704s][info][gc,heap        ] GC(77) Eden regions: 1005->0(972)
[276.704s][info][gc,heap        ] GC(77) Survivor regions: 111->111(140)
[276.704s][info][gc,heap        ] GC(77) Old regions: 641->674
[276.704s][info][gc,heap        ] GC(77) Humongous regions: 77->77
[276.704s][info][gc,metaspace   ] GC(77) Metaspace: 28715K(28992K)->28715K(28992K) NonClass: 23833K(23936K)->23833K(23936K) Class: 4881K(5056K)->4881K(5056K)
[276.704s][info][gc             ] GC(77) Pause Young (Prepare Mixed) (G1 Evacuation Pause) 3665M->1721M(4096M) 119.486ms
[276.704s][info][gc,cpu         ] GC(77) User=0.71s Sys=0.00s Real=0.12s
.[278.119s][info][gc,start       ] GC(78) Pause Young (Mixed) (G1 Evacuation Pause)
[278.119s][info][gc,task        ] GC(78) Using 6 workers of 6 for evacuation
[278.255s][info][gc,phases      ] GC(78)   Pre Evacuate Collection Set: 0.40ms
[278.255s][info][gc,phases      ] GC(78)   Merge Heap Roots: 0.54ms
[278.255s][info][gc,phases      ] GC(78)   Evacuate Collection Set: 133.88ms
[278.255s][info][gc,phases      ] GC(78)   Post Evacuate Collection Set: 1.01ms
[278.255s][info][gc,phases      ] GC(78)   Other: 0.10ms
[278.255s][info][gc,heap        ] GC(78) Eden regions: 972->0(1097)
[278.255s][info][gc,heap        ] GC(78) Survivor regions: 111->108(136)
[278.255s][info][gc,heap        ] GC(78) Old regions: 674->524
[278.255s][info][gc,heap        ] GC(78) Humongous regions: 77->77
[278.255s][info][gc,metaspace   ] GC(78) Metaspace: 28716K(28992K)->28716K(28992K) NonClass: 23834K(23936K)->23834K(23936K) Class: 4881K(5056K)->4881K(5056K)
[278.255s][info][gc             ] GC(78) Pause Young (Mixed) (G1 Evacuation Pause) 3665M->1416M(4096M) 136.076ms
[278.255s][info][gc,cpu         ] GC(78) User=0.80s Sys=0.00s Real=0.13s
. (rIR:aIR:PR = 13837:11243:11120) (tPR = 165719) [IR is under limit] [PR is under limit] 
   278s: Re-initializing (term[279.722s][info][gc,start       ] GC(79) Pause Young (Mixed) (G1 Evacuation Pause)
[279.722s][info][gc,task        ] GC(79) Using 6 workers of 6 for evacuation
[279.850s][info][gc,phases      ] GC(79)   Pre Evacuate Collection Set: 0.38ms
[279.850s][info][gc,phases      ] GC(79)   Merge Heap Roots: 0.59ms
[279.850s][info][gc,phases      ] GC(79)   Evacuate Collection Set: 122.30ms
[279.850s][info][gc,phases      ] GC(79)   Merge Optional Heap Roots: 0.09ms
[279.850s][info][gc,phases      ] GC(79)   Evacuate Optional Collection Set: 2.94ms
[279.850s][info][gc,phases      ] GC(79)   Post Evacuate Collection Set: 1.10ms
[279.850s][info][gc,phases      ] GC(79)   Other: 0.15ms
[279.850s][info][gc,heap        ] GC(79) Eden regions: 1097->0(1098)
[279.850s][info][gc,heap        ] GC(79) Survivor regions: 108->108(151)
[279.850s][info][gc,heap        ] GC(79) Old regions: 524->502
[279.850s][info][gc,heap        ] GC(79) Humongous regions: 77->77
[279.850s][info][gc,metaspace   ] GC(79) Metaspace: 28719K(28992K)->28719K(28992K) NonClass: 23838K(23936K)->23838K(23936K) Class: 4881K(5056K)->4881K(5056K)
[279.850s][info][gc             ] GC(79) Pause Young (Mixed) (G1 Evacuation Pause) 3610M->1371M(4096M) 127.709ms
[279.850s][info][gc,cpu         ] GC(79) User=0.75s Sys=0.00s Real=0.13s
[281.521s][info][gc,start       ] GC(80) Pause Young (Mixed) (G1 Evacuation Pause)
[281.521s][info][gc,task        ] GC(80) Using 6 workers of 6 for evacuation
[281.658s][info][gc,phases      ] GC(80)   Pre Evacuate Collection Set: 0.34ms
[281.658s][info][gc,phases      ] GC(80)   Merge Heap Roots: 0.63ms
[281.658s][info][gc,phases      ] GC(80)   Evacuate Collection Set: 133.99ms
[281.658s][info][gc,phases      ] GC(80)   Post Evacuate Collection Set: 0.93ms
[281.658s][info][gc,phases      ] GC(80)   Other: 0.87ms
[281.658s][info][gc,heap        ] GC(80) Eden regions: 1098->0(1084)
[281.658s][info][gc,heap        ] GC(80) Survivor regions: 108->129(151)
[281.658s][info][gc,heap        ] GC(80) Old regions: 502->524
[281.658s][info][gc,heap        ] GC(80) Humongous regions: 77->77
[281.658s][info][gc,metaspace   ] GC(80) Metaspace: 28719K(28992K)->28719K(28992K) NonClass: 23838K(23936K)->23838K(23936K) Class: 4881K(5056K)->4881K(5056K)
[281.658s][info][gc             ] GC(80) Pause Young (Mixed) (G1 Evacuation Pause) 3567M->1458M(4096M) 136.898ms
[281.658s][info][gc,cpu         ] GC(80) User=0.80s Sys=0.00s Real=0.13s
) [282.053s][info][gc,start       ] GC(81) Pause Full (System.gc())
[282.053s][info][gc,task        ] GC(81) Using 6 workers of 6 for full compaction
[282.053s][info][gc,phases,start] GC(81) Phase 1: Mark live objects
[282.068s][info][gc,phases      ] GC(81) Phase 1: Mark live objects 14.772ms
[282.068s][info][gc,phases,start] GC(81) Phase 2: Prepare compaction
[282.070s][info][gc,phases      ] GC(81) Phase 2: Prepare compaction 2.382ms
[282.070s][info][gc,phases,start] GC(81) Phase 3: Adjust pointers
[282.077s][info][gc,phases      ] GC(81) Phase 3: Adjust pointers 6.685ms
[282.077s][info][gc,phases,start] GC(81) Phase 4: Compact heap
[282.079s][info][gc,phases      ] GC(81) Phase 4: Compact heap 2.452ms
[282.079s][info][gc,phases,start] GC(81) Phase 5: Reset Metadata
[282.084s][info][gc,phases      ] GC(81) Phase 5: Reset Metadata 4.472ms
[282.090s][info][gc,heap        ] GC(81) Eden regions: 350->0(1228)
[282.090s][info][gc,heap        ] GC(81) Survivor regions: 129->0(151)
[282.090s][info][gc,heap        ] GC(81) Old regions: 524->35
[282.090s][info][gc,heap        ] GC(81) Humongous regions: 77->66
[282.090s][info][gc,metaspace   ] GC(81) Metaspace: 28722K(28992K)->28722K(28992K) NonClass: 23840K(23936K)->23840K(23936K) Class: 4881K(5056K)->4881K(5056K)
[282.090s][info][gc             ] GC(81) Pause Full (System.gc()) 2156M->194M(4096M) 37.626ms
[282.090s][info][gc,cpu         ] GC(81) User=0.20s Sys=0.00s Real=0.04s
(init[282.331s][info][gc,start       ] GC(82) Pause Young (Concurrent Start) (G1 Humongous Allocation)
[282.331s][info][gc,task        ] GC(82) Using 6 workers of 6 for evacuation
[282.344s][info][gc,phases      ] GC(82)   Pre Evacuate Collection Set: 0.38ms
[282.344s][info][gc,phases      ] GC(82)   Merge Heap Roots: 0.04ms
[282.344s][info][gc,phases      ] GC(82)   Evacuate Collection Set: 11.53ms
[282.344s][info][gc,phases      ] GC(82)   Post Evacuate Collection Set: 0.27ms
[282.344s][info][gc,phases      ] GC(82)   Other: 0.09ms
[282.344s][info][gc,heap        ] GC(82) Eden regions: 44->0(1216)
[282.344s][info][gc,heap        ] GC(82) Survivor regions: 0->12(154)
[282.344s][info][gc,heap        ] GC(82) Old regions: 35->35
[282.344s][info][gc,heap        ] GC(82) Humongous regions: 66->66
[282.344s][info][gc,metaspace   ] GC(82) Metaspace: 28728K(29056K)->28728K(29056K) NonClass: 23846K(24000K)->23846K(24000K) Class: 4881K(5056K)->4881K(5056K)
[282.344s][info][gc             ] GC(82) Pause Young (Concurrent Start) (G1 Humongous Allocation) 282M->218M(4096M) 12.444ms
[282.344s][info][gc             ] GC(83) Concurrent Mark Cycle
[282.344s][info][gc,marking     ] GC(83) Concurrent Scan Root Regions
[282.344s][info][gc,cpu         ] GC(82) User=0.07s Sys=0.00s Real=0.01s
[282.354s][info][gc,marking     ] GC(83) Concurrent Scan Root Regions 10.524ms
[282.354s][info][gc,marking     ] GC(83) Concurrent Mark
[282.354s][info][gc,marking     ] GC(83) Concurrent Mark From Roots
[282.354s][info][gc,task        ] GC(83) Using 2 workers of 2 for marking
[282.414s][info][gc,marking     ] GC(83) Concurrent Mark From Roots 59.752ms
[282.414s][info][gc,marking     ] GC(83) Concurrent Preclean
[282.414s][info][gc,marking     ] GC(83) Concurrent Preclean 0.052ms
[282.414s][info][gc,start       ] GC(83) Pause Remark
[282.416s][info][gc             ] GC(83) Pause Remark 346M->346M(4096M) 2.157ms
[282.416s][info][gc,cpu         ] GC(83) User=0.01s Sys=0.00s Real=0.00s
[282.416s][info][gc,marking     ] GC(83) Concurrent Mark 62.126ms
[282.416s][info][gc,marking     ] GC(83) Concurrent Rebuild Remembered Sets and Scrub Regions
[282.442s][info][gc,marking     ] GC(83) Concurrent Rebuild Remembered Sets and Scrub Regions 25.400ms
[282.442s][info][gc,start       ] GC(83) Pause Cleanup
[282.442s][info][gc             ] GC(83) Pause Cleanup 408M->408M(4096M) 0.067ms
[282.442s][info][gc,cpu         ] GC(83) User=0.00s Sys=0.00s Real=0.00s
[282.442s][info][gc,marking     ] GC(83) Concurrent Clear Claimed Marks
[282.442s][info][gc,marking     ] GC(83) Concurrent Clear Claimed Marks 0.046ms
[282.442s][info][gc,marking     ] GC(83) Concurrent Cleanup for Next Mark
[282.447s][info][gc,marking     ] GC(83) Concurrent Cleanup for Next Mark 4.524ms
[282.447s][info][gc             ] GC(83) Concurrent Mark Cycle 103.032ms
) ... OK
   286s: Searching from base IR = 11548
   286s:       rampup IR =      0 ... (rIR:aIR:PR = 0:0:0) (tPR = 0) [OK] 
   289s:       rampup IR =   1155 ...[292.789s][info][gc,start       ] GC(84) Pause Young (Prepare Mixed) (G1 Evacuation Pause)
[292.789s][info][gc,task        ] GC(84) Using 6 workers of 6 for evacuation
[293.272s][info][gc,mmu         ] GC(84) MMU target violated: 201.0ms (200.0ms/201.0ms)
[293.272s][info][gc,phases      ] GC(84)   Pre Evacuate Collection Set: 0.35ms
[293.272s][info][gc,phases      ] GC(84)   Merge Heap Roots: 0.56ms
[293.272s][info][gc,phases      ] GC(84)   Evacuate Collection Set: 480.06ms
[293.272s][info][gc,phases      ] GC(84)   Post Evacuate Collection Set: 1.25ms
[293.272s][info][gc,phases      ] GC(84)   Other: 0.17ms
[293.272s][info][gc,heap        ] GC(84) Eden regions: 1216->0(464)
[293.272s][info][gc,heap        ] GC(84) Survivor regions: 12->154(154)
[293.272s][info][gc,heap        ] GC(84) Old regions: 35->343
[293.272s][info][gc,heap        ] GC(84) Humongous regions: 163->155
[293.272s][info][gc,metaspace   ] GC(84) Metaspace: 28738K(29056K)->28738K(29056K) NonClass: 23856K(24000K)->23856K(24000K) Class: 4882K(5056K)->4882K(5056K)
[293.272s][info][gc             ] GC(84) Pause Young (Prepare Mixed) (G1 Evacuation Pause) 2844M->1295M(4096M) 482.487ms
[293.272s][info][gc,cpu         ] GC(84) User=2.85s Sys=0.01s Real=0.48s
. (rIR:aIR:PR = 1155:1148:1127) (tPR = 23264) [OK] 
   293s:       rampup IR =   2310 ..[295.689s][info][gc,start       ] GC(85) Pause Young (Mixed) (G1 Evacuation Pause)
[295.689s][info][gc,task        ] GC(85) Using 6 workers of 6 for evacuation
[295.881s][info][gc,phases      ] GC(85)   Pre Evacuate Collection Set: 0.34ms
[295.881s][info][gc,phases      ] GC(85)   Merge Heap Roots: 0.51ms
[295.881s][info][gc,phases      ] GC(85)   Evacuate Collection Set: 190.92ms
[295.881s][info][gc,phases      ] GC(85)   Post Evacuate Collection Set: 0.59ms
[295.881s][info][gc,phases      ] GC(85)   Other: 0.07ms
[295.881s][info][gc,heap        ] GC(85) Eden regions: 462->0(691)
[295.881s][info][gc,heap        ] GC(85) Survivor regions: 154->29(77)
[295.881s][info][gc,heap        ] GC(85) Old regions: 343->493
[295.881s][info][gc,heap        ] GC(85) Humongous regions: 155->155
[295.881s][info][gc,metaspace   ] GC(85) Metaspace: 28748K(29056K)->28748K(29056K) NonClass: 23866K(24000K)->23866K(24000K) Class: 4882K(5056K)->4882K(5056K)
[295.881s][info][gc             ] GC(85) Pause Young (Mixed) (G1 Evacuation Pause) 2219M->1347M(4096M) 192.562ms
[295.881s][info][gc,cpu         ] GC(85) User=1.14s Sys=0.00s Real=0.19s
.. (rIR:aIR:PR = 2310:2318:2269) (tPR = 40993) [OK] 
   297s:       rampup IR =   3464 .[298.745s][info][gc,start       ] GC(86) Pause Young (Concurrent Start) (G1 Evacuation Pause)
[298.745s][info][gc,task        ] GC(86) Using 6 workers of 6 for evacuation
[298.807s][info][gc,phases      ] GC(86)   Pre Evacuate Collection Set: 0.41ms
[298.807s][info][gc,phases      ] GC(86)   Merge Heap Roots: 0.41ms
[298.807s][info][gc,phases      ] GC(86)   Evacuate Collection Set: 60.26ms
[298.807s][info][gc,phases      ] GC(86)   Post Evacuate Collection Set: 0.70ms
[298.807s][info][gc,phases      ] GC(86)   Other: 0.10ms
[298.807s][info][gc,heap        ] GC(86) Eden regions: 718->0(711)
[298.807s][info][gc,heap        ] GC(86) Survivor regions: 29->62(94)
[298.807s][info][gc,heap        ] GC(86) Old regions: 493->493
[298.807s][info][gc,heap        ] GC(86) Humongous regions: 155->155
[298.807s][info][gc,metaspace   ] GC(86) Metaspace: 28749K(29056K)->28749K(29056K) NonClass: 23867K(24000K)->23867K(24000K) Class: 4882K(5056K)->4882K(5056K)
[298.807s][info][gc             ] GC(86) Pause Young (Concurrent Start) (G1 Evacuation Pause) 2783M->1413M(4096M) 62.005ms
[298.807s][info][gc             ] GC(87) Concurrent Mark Cycle
[298.807s][info][gc,marking     ] GC(87) Concurrent Scan Root Regions
[298.807s][info][gc,cpu         ] GC(86) User=0.36s Sys=0.00s Real=0.06s
[298.875s][info][gc,marking     ] GC(87) Concurrent Scan Root Regions 68.027ms
[298.876s][info][gc,marking     ] GC(87) Concurrent Mark
[298.876s][info][gc,marking     ] GC(87) Concurrent Mark From Roots
[298.876s][info][gc,task        ] GC(87) Using 2 workers of 2 for marking
.[299.496s][info][gc,marking     ] GC(87) Concurrent Mark From Roots 620.955ms
[299.497s][info][gc,marking     ] GC(87) Concurrent Preclean
[299.497s][info][gc,marking     ] GC(87) Concurrent Preclean 0.072ms
[299.497s][info][gc,start       ] GC(87) Pause Remark
[299.503s][info][gc             ] GC(87) Pause Remark 1850M->1648M(4096M) 6.598ms
[299.503s][info][gc,cpu         ] GC(87) User=0.04s Sys=0.00s Real=0.01s
[299.504s][info][gc,marking     ] GC(87) Concurrent Mark 628.014ms
[299.504s][info][gc,marking     ] GC(87) Concurrent Rebuild Remembered Sets and Scrub Regions
[299.719s][info][gc,marking     ] GC(87) Concurrent Rebuild Remembered Sets and Scrub Regions 215.188ms
[299.719s][info][gc,start       ] GC(87) Pause Cleanup
[299.719s][info][gc             ] GC(87) Pause Cleanup 1784M->1784M(4096M) 0.108ms
[299.719s][info][gc,cpu         ] GC(87) User=0.00s Sys=0.00s Real=0.00s
[299.720s][info][gc,marking     ] GC(87) Concurrent Clear Claimed Marks
[299.720s][info][gc,marking     ] GC(87) Concurrent Clear Claimed Marks 0.034ms
[299.720s][info][gc,marking     ] GC(87) Concurrent Cleanup for Next Mark
[299.725s][info][gc,marking     ] GC(87) Concurrent Cleanup for Next Mark 4.931ms
[299.725s][info][gc             ] GC(87) Concurrent Mark Cycle 917.194ms
.[301.146s][info][gc,start       ] GC(88) Pause Young (Prepare Mixed) (G1 Evacuation Pause)
[301.146s][info][gc,task        ] GC(88) Using 6 workers of 6 for evacuation
[301.229s][info][gc,phases      ] GC(88)   Pre Evacuate Collection Set: 0.34ms
[301.229s][info][gc,phases      ] GC(88)   Merge Heap Roots: 0.52ms
[301.229s][info][gc,phases      ] GC(88)   Evacuate Collection Set: 80.64ms
[301.229s][info][gc,phases      ] GC(88)   Post Evacuate Collection Set: 0.72ms
[301.229s][info][gc,phases      ] GC(88)   Other: 0.08ms
[301.229s][info][gc,heap        ] GC(88) Eden regions: 709->0(945)
[301.229s][info][gc,heap        ] GC(88) Survivor regions: 62->72(97)
[301.229s][info][gc,heap        ] GC(88) Old regions: 472->492
[301.229s][info][gc,heap        ] GC(88) Humongous regions: 75->75
[301.229s][info][gc,metaspace   ] GC(88) Metaspace: 28749K(29056K)->28749K(29056K) NonClass: 23867K(24000K)->23867K(24000K) Class: 4882K(5056K)->4882K(5056K)
[301.229s][info][gc             ] GC(88) Pause Young (Prepare Mixed) (G1 Evacuation Pause) 2629M->1271M(4096M) 82.431ms
[301.229s][info][gc,cpu         ] GC(88) User=0.49s Sys=0.00s Real=0.09s
. (rIR:aIR:PR = 3464:3504:3429) (tPR = 62826) [OK] 
   301s:       rampup IR =   4619 ..[303.929s][info][gc,start       ] GC(89) Pause Young (Mixed) (G1 Evacuation Pause)
[303.929s][info][gc,task        ] GC(89) Using 6 workers of 6 for evacuation
[304.027s][info][gc,phases      ] GC(89)   Pre Evacuate Collection Set: 0.36ms
[304.027s][info][gc,phases      ] GC(89)   Merge Heap Roots: 0.38ms
[304.027s][info][gc,phases      ] GC(89)   Evacuate Collection Set: 96.06ms
[304.027s][info][gc,phases      ] GC(89)   Post Evacuate Collection Set: 0.90ms
[304.027s][info][gc,phases      ] GC(89)   Other: 0.08ms
[304.027s][info][gc,heap        ] GC(89) Eden regions: 1032->0(1050)
[304.027s][info][gc,heap        ] GC(89) Survivor regions: 72->86(138)
[304.027s][info][gc,heap        ] GC(89) Old regions: 492->515
[304.027s][info][gc,heap        ] GC(89) Humongous regions: 75->75
[304.027s][info][gc,metaspace   ] GC(89) Metaspace: 28749K(29056K)->28749K(29056K) NonClass: 23867K(24000K)->23867K(24000K) Class: 4882K(5056K)->4882K(5056K)
[304.027s][info][gc             ] GC(89) Pause Young (Mixed) (G1 Evacuation Pause) 3335M->1344M(4096M) 97.904ms
[304.027s][info][gc,cpu         ] GC(89) User=0.58s Sys=0.00s Real=0.09s
.. (rIR:aIR:PR = 4619:4645:4578) (tPR = 77275) [OK] 
   305s:       rampup IR =   5774 .[306.500s][info][gc,start       ] GC(90) Pause Young (Mixed) (G1 Evacuation Pause)
[306.500s][info][gc,task        ] GC(90) Using 6 workers of 6 for evacuation
[306.614s][info][gc,phases      ] GC(90)   Pre Evacuate Collection Set: 0.40ms
[306.614s][info][gc,phases      ] GC(90)   Merge Heap Roots: 0.43ms
[306.614s][info][gc,phases      ] GC(90)   Evacuate Collection Set: 111.71ms
[306.614s][info][gc,phases      ] GC(90)   Merge Optional Heap Roots: 0.04ms
[306.614s][info][gc,phases      ] GC(90)   Evacuate Optional Collection Set: 0.71ms
[306.614s][info][gc,phases      ] GC(90)   Post Evacuate Collection Set: 0.97ms
[306.614s][info][gc,phases      ] GC(90)   Other: 0.09ms
[306.614s][info][gc,heap        ] GC(90) Eden regions: 1055->0(1029)
[306.614s][info][gc,heap        ] GC(90) Survivor regions: 86->98(143)
[306.614s][info][gc,heap        ] GC(90) Old regions: 515->511
[306.614s][info][gc,heap        ] GC(90) Humongous regions: 77->77
[306.614s][info][gc,metaspace   ] GC(90) Metaspace: 28754K(29056K)->28754K(29056K) NonClass: 23872K(24000K)->23872K(24000K) Class: 4882K(5056K)->4882K(5056K)
[306.614s][info][gc             ] GC(90) Pause Young (Mixed) (G1 Evacuation Pause) 3458M->1370M(4096M) 114.492ms
[306.614s][info][gc,cpu         ] GC(90) User=0.67s Sys=0.00s Real=0.11s
..[308.828s][info][gc,start       ] GC(91) Pause Young (Concurrent Start) (G1 Evacuation Pause)
[308.828s][info][gc,task        ] GC(91) Using 6 workers of 6 for evacuation
[308.944s][info][gc,phases      ] GC(91)   Pre Evacuate Collection Set: 0.43ms
[308.944s][info][gc,phases      ] GC(91)   Merge Heap Roots: 0.40ms
[308.944s][info][gc,phases      ] GC(91)   Evacuate Collection Set: 113.41ms
[308.944s][info][gc,phases      ] GC(91)   Post Evacuate Collection Set: 0.94ms
[308.944s][info][gc,phases      ] GC(91)   Other: 0.12ms
[308.944s][info][gc,heap        ] GC(91) Eden regions: 1074->0(1069)
[308.944s][info][gc,heap        ] GC(91) Survivor regions: 98->102(147)
[308.944s][info][gc,heap        ] GC(91) Old regions: 511->545
[308.944s][info][gc,heap        ] GC(91) Humongous regions: 77->77
[308.944s][info][gc,metaspace   ] GC(91) Metaspace: 28760K(29056K)->28760K(29056K) NonClass: 23878K(24000K)->23878K(24000K) Class: 4882K(5056K)->4882K(5056K)
[308.944s][info][gc             ] GC(91) Pause Young (Concurrent Start) (G1 Evacuation Pause) 3518M->1446M(4096M) 115.429ms
[308.944s][info][gc             ] GC(92) Concurrent Mark Cycle
[308.944s][info][gc,marking     ] GC(92) Concurrent Scan Root Regions
[308.944s][info][gc,cpu         ] GC(91) User=0.68s Sys=0.00s Real=0.11s
[309.127s][info][gc,marking     ] GC(92) Concurrent Scan Root Regions 183.227ms
[309.127s][info][gc,marking     ] GC(92) Concurrent Mark
[309.127s][info][gc,marking     ] GC(92) Concurrent Mark From Roots
[309.127s][info][gc,task        ] GC(92) Using 2 workers of 2 for marking
. (rIR:aIR:PR = 5774:5827:5805) (tPR = 92856) [OK] 
   309s:       rampup IR =   6929 [309.923s][info][gc,marking     ] GC(92) Concurrent Mark From Roots 795.839ms
[309.923s][info][gc,marking     ] GC(92) Concurrent Preclean
[309.923s][info][gc,marking     ] GC(92) Concurrent Preclean 0.073ms
[309.923s][info][gc,start       ] GC(92) Pause Remark
[309.969s][info][gc             ] GC(92) Pause Remark 2354M->2354M(4096M) 45.640ms
[309.969s][info][gc,cpu         ] GC(92) User=0.08s Sys=0.01s Real=0.05s
[309.969s][info][gc,marking     ] GC(92) Concurrent Mark 841.937ms
[309.969s][info][gc,marking     ] GC(92) Concurrent Rebuild Remembered Sets and Scrub Regions
[310.319s][info][gc,marking     ] GC(92) Concurrent Rebuild Remembered Sets and Scrub Regions 349.611ms
[310.320s][info][gc,start       ] GC(92) Pause Cleanup
[310.320s][info][gc             ] GC(92) Pause Cleanup 2748M->2748M(4096M) 0.187ms
[310.320s][info][gc,cpu         ] GC(92) User=0.00s Sys=0.00s Real=0.00s
[310.320s][info][gc,marking     ] GC(92) Concurrent Clear Claimed Marks
[310.321s][info][gc,marking     ] GC(92) Concurrent Clear Claimed Marks 0.065ms
[310.321s][info][gc,marking     ] GC(92) Concurrent Cleanup for Next Mark
[310.334s][info][gc,marking     ] GC(92) Concurrent Cleanup for Next Mark 12.923ms
[310.334s][info][gc             ] GC(92) Concurrent Mark Cycle 1389.725ms
.[311.256s][info][gc,start       ] GC(93) Pause Young (Prepare Mixed) (G1 Evacuation Pause)
[311.256s][info][gc,task        ] GC(93) Using 6 workers of 6 for evacuation
[311.384s][info][gc,phases      ] GC(93)   Pre Evacuate Collection Set: 0.35ms
[311.384s][info][gc,phases      ] GC(93)   Merge Heap Roots: 0.50ms
[311.384s][info][gc,phases      ] GC(93)   Evacuate Collection Set: 125.76ms
[311.384s][info][gc,phases      ] GC(93)   Post Evacuate Collection Set: 0.95ms
[311.384s][info][gc,phases      ] GC(93)   Other: 0.09ms
[311.384s][info][gc,heap        ] GC(93) Eden regions: 1069->0(1054)
[311.384s][info][gc,heap        ] GC(93) Survivor regions: 102->108(147)
[311.384s][info][gc,heap        ] GC(93) Old regions: 545->580
[311.384s][info][gc,heap        ] GC(93) Humongous regions: 77->77
[311.384s][info][gc,metaspace   ] GC(93) Metaspace: 28761K(29056K)->28761K(29056K) NonClass: 23879K(24000K)->23879K(24000K) Class: 4882K(5056K)->4882K(5056K)
[311.384s][info][gc             ] GC(93) Pause Young (Prepare Mixed) (G1 Evacuation Pause) 3584M->1527M(4096M) 127.784ms
[311.384s][info][gc,cpu         ] GC(93) User=0.75s Sys=0.00s Real=0.13s
...[313.605s][info][gc,start       ] GC(94) Pause Young (Mixed) (G1 Evacuation Pause)
[313.605s][info][gc,task        ] GC(94) Using 6 workers of 6 for evacuation
[313.745s][info][gc,phases      ] GC(94)   Pre Evacuate Collection Set: 0.42ms
[313.745s][info][gc,phases      ] GC(94)   Merge Heap Roots: 0.48ms
[313.745s][info][gc,phases      ] GC(94)   Evacuate Collection Set: 135.17ms
[313.745s][info][gc,phases      ] GC(94)   Merge Optional Heap Roots: 0.03ms
[313.745s][info][gc,phases      ] GC(94)   Evacuate Optional Collection Set: 2.85ms
[313.745s][info][gc,phases      ] GC(94)   Post Evacuate Collection Set: 1.19ms
[313.745s][info][gc,phases      ] GC(94)   Other: 0.12ms
[313.745s][info][gc,heap        ] GC(94) Eden regions: 1054->0(1123)
[313.745s][info][gc,heap        ] GC(94) Survivor regions: 108->105(146)
[313.745s][info][gc,heap        ] GC(94) Old regions: 580->493
[313.745s][info][gc,heap        ] GC(94) Humongous regions: 77->77
[313.745s][info][gc,metaspace   ] GC(94) Metaspace: 28761K(29056K)->28761K(29056K) NonClass: 23879K(24000K)->23879K(24000K) Class: 4882K(5056K)->4882K(5056K)
[313.745s][info][gc             ] GC(94) Pause Young (Mixed) (G1 Evacuation Pause) 3635M->1348M(4096M) 140.386ms
[313.745s][info][gc,cpu         ] GC(94) User=0.83s Sys=0.00s Real=0.14s
. (rIR:aIR:PR = 6929:6909:6909) (tPR = 107591) [OK] 
   314s:       rampup IR =   8084 .[316.022s][info][gc,start       ] GC(95) Pause Young (Mixed) (G1 Evacuation Pause)
[316.022s][info][gc,task        ] GC(95) Using 6 workers of 6 for evacuation
[316.158s][info][gc,phases      ] GC(95)   Pre Evacuate Collection Set: 0.40ms
[316.158s][info][gc,phases      ] GC(95)   Merge Heap Roots: 0.47ms
[316.158s][info][gc,phases      ] GC(95)   Evacuate Collection Set: 133.68ms
[316.158s][info][gc,phases      ] GC(95)   Post Evacuate Collection Set: 1.06ms
[316.158s][info][gc,phases      ] GC(95)   Other: 0.11ms
[316.158s][info][gc,heap        ] GC(95) Eden regions: 1123->0(1119)
[316.158s][info][gc,heap        ] GC(95) Survivor regions: 105->109(154)
[316.158s][info][gc,heap        ] GC(95) Old regions: 493->489
[316.158s][info][gc,heap        ] GC(95) Humongous regions: 77->77
[316.158s][info][gc,metaspace   ] GC(95) Metaspace: 28762K(29056K)->28762K(29056K) NonClass: 23880K(24000K)->23880K(24000K) Class: 4882K(5056K)->4882K(5056K)
[316.158s][info][gc             ] GC(95) Pause Young (Mixed) (G1 Evacuation Pause) 3594M->1348M(4096M) 135.860ms
[316.158s][info][gc,cpu         ] GC(95) User=0.80s Sys=0.00s Real=0.13s
..[318.286s][info][gc,start       ] GC(96) Pause Young (Concurrent Start) (G1 Evacuation Pause)
[318.286s][info][gc,task        ] GC(96) Using 6 workers of 6 for evacuation
[318.423s][info][gc,phases      ] GC(96)   Pre Evacuate Collection Set: 0.51ms
[318.423s][info][gc,phases      ] GC(96)   Merge Heap Roots: 0.57ms
[318.423s][info][gc,phases      ] GC(96)   Evacuate Collection Set: 134.20ms
[318.423s][info][gc,phases      ] GC(96)   Post Evacuate Collection Set: 1.23ms
[318.423s][info][gc,phases      ] GC(96)   Other: 0.17ms
[318.423s][info][gc,heap        ] GC(96) Eden regions: 1119->0(1113)
[318.423s][info][gc,heap        ] GC(96) Survivor regions: 109->115(154)
[318.423s][info][gc,heap        ] GC(96) Old regions: 489->521
[318.423s][info][gc,heap        ] GC(96) Humongous regions: 77->77
[318.423s][info][gc,metaspace   ] GC(96) Metaspace: 28762K(29056K)->28762K(29056K) NonClass: 23880K(24000K)->23880K(24000K) Class: 4882K(5056K)->4882K(5056K)
[318.423s][info][gc             ] GC(96) Pause Young (Concurrent Start) (G1 Evacuation Pause) 3586M->1423M(4096M) 136.819ms
[318.423s][info][gc             ] GC(97) Concurrent Mark Cycle
[318.423s][info][gc,marking     ] GC(97) Concurrent Scan Root Regions
[318.423s][info][gc,cpu         ] GC(96) User=0.81s Sys=0.00s Real=0.14s
[318.653s][info][gc,marking     ] GC(97) Concurrent Scan Root Regions 230.143ms
[318.653s][info][gc,marking     ] GC(97) Concurrent Mark
[318.653s][info][gc,marking     ] GC(97) Concurrent Mark From Roots
[318.653s][info][gc,task        ] GC(97) Using 2 workers of 2 for marking
.[319.782s][info][gc,marking     ] GC(97) Concurrent Mark From Roots 1128.275ms
[319.782s][info][gc,marking     ] GC(97) Concurrent Preclean
[319.782s][info][gc,marking     ] GC(97) Concurrent Preclean 0.123ms
[319.786s][info][gc,start       ] GC(97) Pause Remark
[319.794s][info][gc             ] GC(97) Pause Remark 2609M->2609M(4096M) 7.612ms
[319.794s][info][gc,cpu         ] GC(97) User=0.04s Sys=0.00s Real=0.01s
[319.795s][info][gc,marking     ] GC(97) Concurrent Mark 1141.681ms
[319.795s][info][gc,marking     ] GC(97) Concurrent Rebuild Remembered Sets and Scrub Regions
.[320.294s][info][gc,marking     ] GC(97) Concurrent Rebuild Remembered Sets and Scrub Regions 498.733ms
[320.296s][info][gc,start       ] GC(97) Pause Cleanup
[320.296s][info][gc             ] GC(97) Pause Cleanup 3133M->3133M(4096M) 0.193ms
[320.296s][info][gc,cpu         ] GC(97) User=0.00s Sys=0.00s Real=0.00s
[320.296s][info][gc,marking     ] GC(97) Concurrent Clear Claimed Marks
[320.296s][info][gc,marking     ] GC(97) Concurrent Clear Claimed Marks 0.036ms
[320.296s][info][gc,marking     ] GC(97) Concurrent Cleanup for Next Mark
[320.302s][info][gc,marking     ] GC(97) Concurrent Cleanup for Next Mark 5.542ms
[320.302s][info][gc             ] GC(97) Concurrent Mark Cycle 1878.703ms
[320.678s][info][gc,start       ] GC(98) Pause Young (Prepare Mixed) (G1 Evacuation Pause)
[320.678s][info][gc,task        ] GC(98) Using 6 workers of 6 for evacuation
[320.800s][info][gc,phases      ] GC(98)   Pre Evacuate Collection Set: 0.36ms
[320.800s][info][gc,phases      ] GC(98)   Merge Heap Roots: 0.65ms
[320.800s][info][gc,phases      ] GC(98)   Evacuate Collection Set: 119.57ms
[320.800s][info][gc,phases      ] GC(98)   Post Evacuate Collection Set: 1.01ms
[320.800s][info][gc,phases      ] GC(98)   Other: 0.09ms
[320.800s][info][gc,heap        ] GC(98) Eden regions: 1113->0(1092)
[320.800s][info][gc,heap        ] GC(98) Survivor regions: 115->110(154)
[320.800s][info][gc,heap        ] GC(98) Old regions: 521->556
[320.800s][info][gc,heap        ] GC(98) Humongous regions: 77->77
[320.800s][info][gc,metaspace   ] GC(98) Metaspace: 28762K(29056K)->28762K(29056K) NonClass: 23880K(24000K)->23880K(24000K) Class: 4882K(5056K)->4882K(5056K)
[320.800s][info][gc             ] GC(98) Pause Young (Prepare Mixed) (G1 Evacuation Pause) 3649M->1483M(4096M) 121.793ms
[320.800s][info][gc,cpu         ] GC(98) User=0.72s Sys=0.00s Real=0.13s
..[322.764s][info][gc,start       ] GC(99) Pause Young (Mixed) (G1 Evacuation Pause)
[322.764s][info][gc,task        ] GC(99) Using 6 workers of 6 for evacuation
[322.936s][info][gc,phases      ] GC(99)   Pre Evacuate Collection Set: 0.41ms
[322.937s][info][gc,phases      ] GC(99)   Merge Heap Roots: 0.73ms
[322.937s][info][gc,phases      ] GC(99)   Evacuate Collection Set: 156.40ms
[322.937s][info][gc,phases      ] GC(99)   Merge Optional Heap Roots: 0.35ms
[322.937s][info][gc,phases      ] GC(99)   Evacuate Optional Collection Set: 12.33ms
[322.937s][info][gc,phases      ] GC(99)   Post Evacuate Collection Set: 1.45ms
[322.937s][info][gc,phases      ] GC(99)   Other: 0.84ms
[322.937s][info][gc,heap        ] GC(99) Eden regions: 1092->0(1117)
[322.937s][info][gc,heap        ] GC(99) Survivor regions: 110->111(151)
[322.937s][info][gc,heap        ] GC(99) Old regions: 556->461
[322.937s][info][gc,heap        ] GC(99) Humongous regions: 77->77
[322.937s][info][gc,metaspace   ] GC(99) Metaspace: 28763K(29056K)->28763K(29056K) NonClass: 23881K(24000K)->23881K(24000K) Class: 4882K(5056K)->4882K(5056K)
[322.937s][info][gc             ] GC(99) Pause Young (Mixed) (G1 Evacuation Pause) 3667M->1295M(4096M) 172.658ms
[322.937s][info][gc,cpu         ] GC(99) User=1.01s Sys=0.00s Real=0.17s
. (rIR:aIR:PR = 8084:8135:8135) (tPR = 120490) [OK] 
   323s:       rampup IR =   9238 .[324.891s][info][gc,start       ] GC(100) Pause Young (Concurrent Start) (G1 Evacuation Pause)
[324.891s][info][gc,task        ] GC(100) Using 6 workers of 6 for evacuation
[325.017s][info][gc,phases      ] GC(100)   Pre Evacuate Collection Set: 0.41ms
[325.017s][info][gc,phases      ] GC(100)   Merge Heap Roots: 0.61ms
[325.017s][info][gc,phases      ] GC(100)   Evacuate Collection Set: 123.74ms
[325.017s][info][gc,phases      ] GC(100)   Post Evacuate Collection Set: 1.02ms
[325.017s][info][gc,phases      ] GC(100)   Other: 0.10ms
[325.017s][info][gc,heap        ] GC(100) Eden regions: 1117->0(1116)
[325.017s][info][gc,heap        ] GC(100) Survivor regions: 111->112(154)
[325.017s][info][gc,heap        ] GC(100) Old regions: 461->493
[325.017s][info][gc,heap        ] GC(100) Humongous regions: 77->77
[325.017s][info][gc,metaspace   ] GC(100) Metaspace: 28763K(29056K)->28763K(29056K) NonClass: 23881K(24000K)->23881K(24000K) Class: 4882K(5056K)->4882K(5056K)
[325.017s][info][gc             ] GC(100) Pause Young (Concurrent Start) (G1 Evacuation Pause) 3529M->1362M(4096M) 126.030ms
[325.017s][info][gc             ] GC(101) Concurrent Mark Cycle
[325.017s][info][gc,marking     ] GC(101) Concurrent Scan Root Regions
[325.017s][info][gc,cpu         ] GC(100) User=0.75s Sys=0.00s Real=0.12s
[325.192s][info][gc,marking     ] GC(101) Concurrent Scan Root Regions 175.144ms
[325.192s][info][gc,marking     ] GC(101) Concurrent Mark
[325.192s][info][gc,marking     ] GC(101) Concurrent Mark From Roots
[325.192s][info][gc,task        ] GC(101) Using 2 workers of 2 for marking
.[325.923s][info][gc,marking     ] GC(101) Concurrent Mark From Roots 730.568ms
[325.923s][info][gc,marking     ] GC(101) Concurrent Preclean
[325.923s][info][gc,marking     ] GC(101) Concurrent Preclean 0.085ms
[325.967s][info][gc,start       ] GC(101) Pause Remark
[325.973s][info][gc             ] GC(101) Pause Remark 2228M->2228M(4096M) 5.859ms
[325.973s][info][gc,cpu         ] GC(101) User=0.04s Sys=0.00s Real=0.01s
[325.973s][info][gc,marking     ] GC(101) Concurrent Mark 780.664ms
[325.973s][info][gc,marking     ] GC(101) Concurrent Rebuild Remembered Sets and Scrub Regions
[326.166s][info][gc,marking     ] GC(101) Concurrent Rebuild Remembered Sets and Scrub Regions 192.607ms
[326.166s][info][gc,start       ] GC(101) Pause Cleanup
[326.166s][info][gc             ] GC(101) Pause Cleanup 2405M->2405M(4096M) 0.129ms
[326.166s][info][gc,cpu         ] GC(101) User=0.00s Sys=0.00s Real=0.00s
[326.166s][info][gc,marking     ] GC(101) Concurrent Clear Claimed Marks
[326.166s][info][gc,marking     ] GC(101) Concurrent Clear Claimed Marks 0.027ms
[326.166s][info][gc,marking     ] GC(101) Concurrent Cleanup for Next Mark
[326.171s][info][gc,marking     ] GC(101) Concurrent Cleanup for Next Mark 4.849ms
[326.171s][info][gc             ] GC(101) Concurrent Mark Cycle 1153.799ms
.[327.037s][info][gc,start       ] GC(102) Pause Young (Prepare Mixed) (G1 Evacuation Pause)
[327.037s][info][gc,task        ] GC(102) Using 6 workers of 6 for evacuation
[327.157s][info][gc,phases      ] GC(102)   Pre Evacuate Collection Set: 0.33ms
[327.157s][info][gc,phases      ] GC(102)   Merge Heap Roots: 0.49ms
[327.157s][info][gc,phases      ] GC(102)   Evacuate Collection Set: 117.85ms
[327.157s][info][gc,phases      ] GC(102)   Post Evacuate Collection Set: 1.03ms
[327.157s][info][gc,phases      ] GC(102)   Other: 0.09ms
[327.157s][info][gc,heap        ] GC(102) Eden regions: 1116->0(1116)
[327.157s][info][gc,heap        ] GC(102) Survivor regions: 112->112(154)
[327.157s][info][gc,heap        ] GC(102) Old regions: 493->525
[327.157s][info][gc,heap        ] GC(102) Humongous regions: 77->77
[327.157s][info][gc,metaspace   ] GC(102) Metaspace: 28763K(29056K)->28763K(29056K) NonClass: 23881K(24000K)->23881K(24000K) Class: 4882K(5056K)->4882K(5056K)
[327.157s][info][gc             ] GC(102) Pause Young (Prepare Mixed) (G1 Evacuation Pause) 3594M->1426M(4096M) 119.936ms
[327.157s][info][gc,cpu         ] GC(102) User=0.71s Sys=0.01s Real=0.12s
..[328.977s][info][gc,start       ] GC(103) Pause Young (Mixed) (G1 Evacuation Pause)
[328.977s][info][gc,task        ] GC(103) Using 6 workers of 6 for evacuation
[329.119s][info][gc,phases      ] GC(103)   Pre Evacuate Collection Set: 0.39ms
[329.119s][info][gc,phases      ] GC(103)   Merge Heap Roots: 0.84ms
[329.119s][info][gc,phases      ] GC(103)   Evacuate Collection Set: 139.28ms
[329.119s][info][gc,phases      ] GC(103)   Post Evacuate Collection Set: 1.04ms
[329.119s][info][gc,phases      ] GC(103)   Other: 0.09ms
[329.119s][info][gc,heap        ] GC(103) Eden regions: 1116->0(1114)
[329.119s][info][gc,heap        ] GC(103) Survivor regions: 112->114(154)
[329.119s][info][gc,heap        ] GC(103) Old regions: 525->464
[329.119s][info][gc,heap        ] GC(103) Humongous regions: 77->77
[329.119s][info][gc,metaspace   ] GC(103) Metaspace: 28764K(29056K)->28764K(29056K) NonClass: 23882K(24000K)->23882K(24000K) Class: 4882K(5056K)->4882K(5056K)
[329.119s][info][gc             ] GC(103) Pause Young (Mixed) (G1 Evacuation Pause) 3658M->1307M(4096M) 141.764ms
[329.119s][info][gc,cpu         ] GC(103) User=0.84s Sys=0.00s Real=0.15s
.. (rIR:aIR:PR = 9238:9162:9162) (tPR = 139515) [OK] 
   330s:       rampup IR =  10393 [330.926s][info][gc,start       ] GC(104) Pause Young (Concurrent Start) (G1 Evacuation Pause)
[330.926s][info][gc,task        ] GC(104) Using 6 workers of 6 for evacuation
[331.047s][info][gc,phases      ] GC(104)   Pre Evacuate Collection Set: 0.40ms
[331.047s][info][gc,phases      ] GC(104)   Merge Heap Roots: 0.45ms
[331.047s][info][gc,phases      ] GC(104)   Evacuate Collection Set: 119.26ms
[331.047s][info][gc,phases      ] GC(104)   Post Evacuate Collection Set: 0.83ms
[331.047s][info][gc,phases      ] GC(104)   Other: 0.12ms
[331.047s][info][gc,heap        ] GC(104) Eden regions: 1114->0(1116)
[331.047s][info][gc,heap        ] GC(104) Survivor regions: 114->112(154)
[331.047s][info][gc,heap        ] GC(104) Old regions: 464->496
[331.047s][info][gc,heap        ] GC(104) Humongous regions: 77->77
[331.047s][info][gc,metaspace   ] GC(104) Metaspace: 28764K(29056K)->28764K(29056K) NonClass: 23882K(24000K)->23882K(24000K) Class: 4882K(5056K)->4882K(5056K)
[331.047s][info][gc             ] GC(104) Pause Young (Concurrent Start) (G1 Evacuation Pause) 3535M->1369M(4096M) 121.188ms
[331.047s][info][gc             ] GC(105) Concurrent Mark Cycle
[331.047s][info][gc,marking     ] GC(105) Concurrent Scan Root Regions
[331.047s][info][gc,cpu         ] GC(104) User=0.71s Sys=0.00s Real=0.12s
[331.226s][info][gc,marking     ] GC(105) Concurrent Scan Root Regions 179.609ms
[331.226s][info][gc,marking     ] GC(105) Concurrent Mark
[331.226s][info][gc,marking     ] GC(105) Concurrent Mark From Roots
[331.226s][info][gc,task        ] GC(105) Using 2 workers of 2 for marking
.[332.010s][info][gc,marking     ] GC(105) Concurrent Mark From Roots 783.441ms
[332.010s][info][gc,marking     ] GC(105) Concurrent Preclean
[332.010s][info][gc,marking     ] GC(105) Concurrent Preclean 0.118ms
[332.010s][info][gc,start       ] GC(105) Pause Remark
[332.013s][info][gc             ] GC(105) Pause Remark 2220M->2220M(4096M) 3.037ms
[332.014s][info][gc,cpu         ] GC(105) User=0.01s Sys=0.00s Real=0.00s
[332.017s][info][gc,marking     ] GC(105) Concurrent Mark 790.425ms
[332.017s][info][gc,marking     ] GC(105) Concurrent Rebuild Remembered Sets and Scrub Regions
[332.297s][info][gc,marking     ] GC(105) Concurrent Rebuild Remembered Sets and Scrub Regions 280.494ms
[332.299s][info][gc,start       ] GC(105) Pause Cleanup
[332.299s][info][gc             ] GC(105) Pause Cleanup 2533M->2533M(4096M) 0.159ms
[332.299s][info][gc,cpu         ] GC(105) User=0.00s Sys=0.00s Real=0.00s
[332.299s][info][gc,marking     ] GC(105) Concurrent Clear Claimed Marks
[332.299s][info][gc,marking     ] GC(105) Concurrent Clear Claimed Marks 0.032ms
[332.299s][info][gc,marking     ] GC(105) Concurrent Cleanup for Next Mark
[332.308s][info][gc,marking     ] GC(105) Concurrent Cleanup for Next Mark 9.136ms
[332.308s][info][gc             ] GC(105) Concurrent Mark Cycle 1261.692ms
.[333.059s][info][gc,start       ] GC(106) Pause Young (Prepare Mixed) (G1 Evacuation Pause)
[333.059s][info][gc,task        ] GC(106) Using 6 workers of 6 for evacuation
[333.181s][info][gc,phases      ] GC(106)   Pre Evacuate Collection Set: 0.38ms
[333.181s][info][gc,phases      ] GC(106)   Merge Heap Roots: 0.51ms
[333.181s][info][gc,phases      ] GC(106)   Evacuate Collection Set: 119.72ms
[333.181s][info][gc,phases      ] GC(106)   Post Evacuate Collection Set: 0.99ms
[333.181s][info][gc,phases      ] GC(106)   Other: 0.09ms
[333.181s][info][gc,heap        ] GC(106) Eden regions: 1116->0(1112)
[333.181s][info][gc,heap        ] GC(106) Survivor regions: 112->114(154)
[333.181s][info][gc,heap        ] GC(106) Old regions: 496->528
[333.181s][info][gc,heap        ] GC(106) Humongous regions: 77->77
[333.181s][info][gc,metaspace   ] GC(106) Metaspace: 28764K(29056K)->28764K(29056K) NonClass: 23882K(24000K)->23882K(24000K) Class: 4882K(5056K)->4882K(5056K)
[333.181s][info][gc             ] GC(106) Pause Young (Prepare Mixed) (G1 Evacuation Pause) 3601M->1436M(4096M) 121.841ms
[333.181s][info][gc,cpu         ] GC(106) User=0.72s Sys=0.00s Real=0.12s
..[334.719s][info][gc,start       ] GC(107) Pause Young (Mixed) (G1 Evacuation Pause)
[334.719s][info][gc,task        ] GC(107) Using 6 workers of 6 for evacuation
[334.866s][info][gc,phases      ] GC(107)   Pre Evacuate Collection Set: 0.41ms
[334.866s][info][gc,phases      ] GC(107)   Merge Heap Roots: 0.75ms
[334.866s][info][gc,phases      ] GC(107)   Evacuate Collection Set: 139.60ms
[334.866s][info][gc,phases      ] GC(107)   Merge Optional Heap Roots: 0.41ms
[334.866s][info][gc,phases      ] GC(107)   Evacuate Optional Collection Set: 4.15ms
[334.866s][info][gc,phases      ] GC(107)   Post Evacuate Collection Set: 1.12ms
[334.866s][info][gc,phases      ] GC(107)   Other: 0.10ms
[334.866s][info][gc,heap        ] GC(107) Eden regions: 1112->0(1119)
[334.866s][info][gc,heap        ] GC(107) Survivor regions: 114->109(154)
[334.866s][info][gc,heap        ] GC(107) Old regions: 528->464
[334.866s][info][gc,heap        ] GC(107) Humongous regions: 77->77
[334.866s][info][gc,metaspace   ] GC(107) Metaspace: 28764K(29056K)->28764K(29056K) NonClass: 23882K(24000K)->23882K(24000K) Class: 4882K(5056K)->4882K(5056K)
[334.866s][info][gc             ] GC(107) Pause Young (Mixed) (G1 Evacuation Pause) 3660M->1299M(4096M) 146.676ms
[334.866s][info][gc,cpu         ] GC(107) User=0.87s Sys=0.00s Real=0.14s
.[336.431s][info][gc,start       ] GC(108) Pause Young (Concurrent Start) (G1 Evacuation Pause)
[336.431s][info][gc,task        ] GC(108) Using 6 workers of 6 for evacuation
[336.557s][info][gc,phases      ] GC(108)   Pre Evacuate Collection Set: 0.40ms
[336.557s][info][gc,phases      ] GC(108)   Merge Heap Roots: 0.56ms
[336.557s][info][gc,phases      ] GC(108)   Evacuate Collection Set: 123.97ms
[336.557s][info][gc,phases      ] GC(108)   Post Evacuate Collection Set: 0.92ms
[336.557s][info][gc,phases      ] GC(108)   Other: 0.12ms
[336.557s][info][gc,heap        ] GC(108) Eden regions: 1119->0(1113)
[336.557s][info][gc,heap        ] GC(108) Survivor regions: 109->115(154)
[336.557s][info][gc,heap        ] GC(108) Old regions: 464->496
[336.557s][info][gc,heap        ] GC(108) Humongous regions: 77->77
[336.557s][info][gc,metaspace   ] GC(108) Metaspace: 28764K(29056K)->28764K(29056K) NonClass: 23882K(24000K)->23882K(24000K) Class: 4882K(5056K)->4882K(5056K)
[336.557s][info][gc             ] GC(108) Pause Young (Concurrent Start) (G1 Evacuation Pause) 3537M->1374M(4096M) 126.111ms
[336.557s][info][gc             ] GC(109) Concurrent Mark Cycle
[336.557s][info][gc,marking     ] GC(109) Concurrent Scan Root Regions
[336.557s][info][gc,cpu         ] GC(108) User=0.74s Sys=0.00s Real=0.12s
[336.814s][info][gc,marking     ] GC(109) Concurrent Scan Root Regions 256.953ms
[336.814s][info][gc,marking     ] GC(109) Concurrent Mark
[336.814s][info][gc,marking     ] GC(109) Concurrent Mark From Roots
[336.814s][info][gc,task        ] GC(109) Using 2 workers of 2 for marking
. (rIR:aIR:PR = 10393:10305:10216) (tPR = 153340) [OK] 
   336s:       rampup IR =  11548 [337.484s][info][gc,marking     ] GC(109) Concurrent Mark From Roots 669.928ms
[337.484s][info][gc,marking     ] GC(109) Concurrent Preclean
[337.484s][info][gc,marking     ] GC(109) Concurrent Preclean 0.068ms
[337.484s][info][gc,start       ] GC(109) Pause Remark
[337.487s][info][gc             ] GC(109) Pause Remark 2251M->2251M(4096M) 3.019ms
[337.487s][info][gc,cpu         ] GC(109) User=0.02s Sys=0.00s Real=0.00s
[337.488s][info][gc,marking     ] GC(109) Concurrent Mark 674.168ms
[337.488s][info][gc,marking     ] GC(109) Concurrent Rebuild Remembered Sets and Scrub Regions
[337.804s][info][gc,marking     ] GC(109) Concurrent Rebuild Remembered Sets and Scrub Regions 315.770ms
[337.804s][info][gc,start       ] GC(109) Pause Cleanup
[337.805s][info][gc             ] GC(109) Pause Cleanup 2612M->2612M(4096M) 0.181ms
[337.805s][info][gc,cpu         ] GC(109) User=0.00s Sys=0.00s Real=0.00s
[337.807s][info][gc,marking     ] GC(109) Concurrent Clear Claimed Marks
[337.807s][info][gc,marking     ] GC(109) Concurrent Clear Claimed Marks 0.057ms
[337.807s][info][gc,marking     ] GC(109) Concurrent Cleanup for Next Mark
[337.834s][info][gc,marking     ] GC(109) Concurrent Cleanup for Next Mark 27.011ms
[337.834s][info][gc             ] GC(109) Concurrent Mark Cycle 1277.021ms
.[338.534s][info][gc,start       ] GC(110) Pause Young (Prepare Mixed) (G1 Evacuation Pause)
[338.534s][info][gc,task        ] GC(110) Using 6 workers of 6 for evacuation
[338.658s][info][gc,phases      ] GC(110)   Pre Evacuate Collection Set: 0.36ms
[338.658s][info][gc,phases      ] GC(110)   Merge Heap Roots: 0.51ms
[338.658s][info][gc,phases      ] GC(110)   Evacuate Collection Set: 121.14ms
[338.658s][info][gc,phases      ] GC(110)   Post Evacuate Collection Set: 1.04ms
[338.658s][info][gc,phases      ] GC(110)   Other: 0.10ms
[338.658s][info][gc,heap        ] GC(110) Eden regions: 1113->0(1107)
[338.658s][info][gc,heap        ] GC(110) Survivor regions: 115->117(154)
[338.658s][info][gc,heap        ] GC(110) Old regions: 496->527
[338.658s][info][gc,heap        ] GC(110) Humongous regions: 77->77
[338.658s][info][gc,metaspace   ] GC(110) Metaspace: 28767K(29056K)->28767K(29056K) NonClass: 23885K(24000K)->23885K(24000K) Class: 4882K(5056K)->4882K(5056K)
[338.658s][info][gc             ] GC(110) Pause Young (Prepare Mixed) (G1 Evacuation Pause) 3600M->1440M(4096M) 123.312ms
[338.658s][info][gc,cpu         ] GC(110) User=0.73s Sys=0.00s Real=0.12s
..[340.235s][info][gc,start       ] GC(111) Pause Young (Mixed) (G1 Evacuation Pause)
[340.235s][info][gc,task        ] GC(111) Using 6 workers of 6 for evacuation
[340.384s][info][gc,phases      ] GC(111)   Pre Evacuate Collection Set: 0.39ms
[340.384s][info][gc,phases      ] GC(111)   Merge Heap Roots: 0.70ms
[340.384s][info][gc,phases      ] GC(111)   Evacuate Collection Set: 147.49ms
[340.384s][info][gc,phases      ] GC(111)   Post Evacuate Collection Set: 1.01ms
[340.384s][info][gc,phases      ] GC(111)   Other: 0.09ms
[340.384s][info][gc,heap        ] GC(111) Eden regions: 1107->0(1111)
[340.384s][info][gc,heap        ] GC(111) Survivor regions: 117->117(153)
[340.384s][info][gc,heap        ] GC(111) Old regions: 527->465
[340.384s][info][gc,heap        ] GC(111) Humongous regions: 77->77
[340.384s][info][gc,metaspace   ] GC(111) Metaspace: 28769K(29056K)->28769K(29056K) NonClass: 23886K(24000K)->23886K(24000K) Class: 4882K(5056K)->4882K(5056K)
[340.384s][info][gc             ] GC(111) Pause Young (Mixed) (G1 Evacuation Pause) 3654M->1315M(4096M) 149.826ms
[340.384s][info][gc,cpu         ] GC(111) User=0.89s Sys=0.00s Real=0.15s
.[341.838s][info][gc,start       ] GC(112) Pause Young (Concurrent Start) (G1 Evacuation Pause)
[341.838s][info][gc,task        ] GC(112) Using 6 workers of 6 for evacuation
[342.004s][info][gc,phases      ] GC(112)   Pre Evacuate Collection Set: 0.39ms
[342.004s][info][gc,phases      ] GC(112)   Merge Heap Roots: 0.46ms
[342.004s][info][gc,phases      ] GC(112)   Evacuate Collection Set: 164.07ms
[342.004s][info][gc,phases      ] GC(112)   Post Evacuate Collection Set: 0.93ms
[342.004s][info][gc,phases      ] GC(112)   Other: 0.11ms
[342.004s][info][gc,heap        ] GC(112) Eden regions: 1111->0(1112)
[342.004s][info][gc,heap        ] GC(112) Survivor regions: 117->116(154)
[342.004s][info][gc,heap        ] GC(112) Old regions: 465->498
[342.004s][info][gc,heap        ] GC(112) Humongous regions: 77->77
[342.004s][info][gc,metaspace   ] GC(112) Metaspace: 28769K(29056K)->28769K(29056K) NonClass: 23887K(24000K)->23887K(24000K) Class: 4882K(5056K)->4882K(5056K)
[342.004s][info][gc             ] GC(112) Pause Young (Concurrent Start) (G1 Evacuation Pause) 3537M->1380M(4096M) 166.073ms
[342.004s][info][gc             ] GC(113) Concurrent Mark Cycle
[342.004s][info][gc,marking     ] GC(113) Concurrent Scan Root Regions
[342.004s][info][gc,cpu         ] GC(112) User=0.75s Sys=0.00s Real=0.17s
[342.147s][info][gc,marking     ] GC(113) Concurrent Scan Root Regions 143.284ms
[342.147s][info][gc,marking     ] GC(113) Concurrent Mark
[342.147s][info][gc,marking     ] GC(113) Concurrent Mark From Roots
[342.147s][info][gc,task        ] GC(113) Using 2 workers of 2 for marking
.[342.809s][info][gc,marking     ] GC(113) Concurrent Mark From Roots 661.265ms
[342.809s][info][gc,marking     ] GC(113) Concurrent Preclean
[342.809s][info][gc,marking     ] GC(113) Concurrent Preclean 0.092ms
[342.811s][info][gc,start       ] GC(113) Pause Remark
[342.814s][info][gc             ] GC(113) Pause Remark 2062M->2062M(4096M) 2.221ms
[342.814s][info][gc,cpu         ] GC(113) User=0.01s Sys=0.00s Real=0.00s
[342.814s][info][gc,marking     ] GC(113) Concurrent Mark 666.295ms
[342.814s][info][gc,marking     ] GC(113) Concurrent Rebuild Remembered Sets and Scrub Regions
[343.242s][info][gc,marking     ] GC(113) Concurrent Rebuild Remembered Sets and Scrub Regions 428.766ms
[343.245s][info][gc,start       ] GC(113) Pause Cleanup
[343.245s][info][gc             ] GC(113) Pause Cleanup 2474M->2474M(4096M) 0.147ms
[343.245s][info][gc,cpu         ] GC(113) User=0.00s Sys=0.00s Real=0.00s
[343.245s][info][gc,marking     ] GC(113) Concurrent Clear Claimed Marks
[343.245s][info][gc,marking     ] GC(113) Concurrent Clear Claimed Marks 0.038ms
[343.245s][info][gc,marking     ] GC(113) Concurrent Cleanup for Next Mark
[343.249s][info][gc,marking     ] GC(113) Concurrent Cleanup for Next Mark 4.378ms
[343.249s][info][gc             ] GC(113) Concurrent Mark Cycle 1245.235ms
.[344.084s][info][gc,start       ] GC(114) Pause Young (Prepare Mixed) (G1 Evacuation Pause)
[344.084s][info][gc,task        ] GC(114) Using 6 workers of 6 for evacuation
[344.205s][info][gc,phases      ] GC(114)   Pre Evacuate Collection Set: 0.36ms
[344.205s][info][gc,phases      ] GC(114)   Merge Heap Roots: 0.48ms
[344.205s][info][gc,phases      ] GC(114)   Evacuate Collection Set: 119.33ms
[344.205s][info][gc,phases      ] GC(114)   Post Evacuate Collection Set: 0.95ms
[344.205s][info][gc,phases      ] GC(114)   Other: 0.10ms
[344.205s][info][gc,heap        ] GC(114) Eden regions: 1112->0(1106)
[344.205s][info][gc,heap        ] GC(114) Survivor regions: 116->116(154)
[344.205s][info][gc,heap        ] GC(114) Old regions: 498->530
[344.205s][info][gc,heap        ] GC(114) Humongous regions: 77->77
[344.205s][info][gc,metaspace   ] GC(114) Metaspace: 28772K(29056K)->28772K(29056K) NonClass: 23890K(24000K)->23890K(24000K) Class: 4882K(5056K)->4882K(5056K)
[344.205s][info][gc             ] GC(114) Pause Young (Prepare Mixed) (G1 Evacuation Pause) 3604M->1444M(4096M) 121.356ms
[344.205s][info][gc,cpu         ] GC(114) User=0.72s Sys=0.01s Real=0.12s
.[345.698s][info][gc,start       ] GC(115) Pause Young (Mixed) (G1 Evacuation Pause)
[345.698s][info][gc,task        ] GC(115) Using 6 workers of 6 for evacuation
[345.843s][info][gc,phases      ] GC(115)   Pre Evacuate Collection Set: 0.41ms
[345.843s][info][gc,phases      ] GC(115)   Merge Heap Roots: 0.67ms
[345.843s][info][gc,phases      ] GC(115)   Evacuate Collection Set: 142.61ms
[345.843s][info][gc,phases      ] GC(115)   Post Evacuate Collection Set: 0.97ms
[345.843s][info][gc,phases      ] GC(115)   Other: 0.09ms
[345.843s][info][gc,heap        ] GC(115) Eden regions: 1106->0(1113)
[345.843s][info][gc,heap        ] GC(115) Survivor regions: 116->115(153)
[345.843s][info][gc,heap        ] GC(115) Old regions: 530->470
[345.843s][info][gc,heap        ] GC(115) Humongous regions: 77->77
[345.843s][info][gc,metaspace   ] GC(115) Metaspace: 28772K(29056K)->28772K(29056K) NonClass: 23890K(24000K)->23890K(24000K) Class: 4882K(5056K)->4882K(5056K)
[345.843s][info][gc             ] GC(115) Pause Young (Mixed) (G1 Evacuation Pause) 3656M->1322M(4096M) 144.903ms
[345.843s][info][gc,cpu         ] GC(115) User=0.86s Sys=0.00s Real=0.14s
.[347.369s][info][gc,start       ] GC(116) Pause Young (Concurrent Start) (G1 Evacuation Pause)
[347.369s][info][gc,task        ] GC(116) Using 6 workers of 6 for evacuation
[347.497s][info][gc,phases      ] GC(116)   Pre Evacuate Collection Set: 0.41ms
[347.497s][info][gc,phases      ] GC(116)   Merge Heap Roots: 0.48ms
[347.497s][info][gc,phases      ] GC(116)   Evacuate Collection Set: 125.61ms
[347.497s][info][gc,phases      ] GC(116)   Post Evacuate Collection Set: 0.93ms
[347.497s][info][gc,phases      ] GC(116)   Other: 0.13ms
[347.497s][info][gc,heap        ] GC(116) Eden regions: 1113->0(1108)
[347.497s][info][gc,heap        ] GC(116) Survivor regions: 115->120(154)
[347.497s][info][gc,heap        ] GC(116) Old regions: 470->501
[347.497s][info][gc,heap        ] GC(116) Humongous regions: 77->77
[347.497s][info][gc,metaspace   ] GC(116) Metaspace: 28773K(29056K)->28773K(29056K) NonClass: 23890K(24000K)->23890K(24000K) Class: 4882K(5056K)->4882K(5056K)
[347.497s][info][gc             ] GC(116) Pause Young (Concurrent Start) (G1 Evacuation Pause) 3548M->1394M(4096M) 127.697ms
[347.497s][info][gc             ] GC(117) Concurrent Mark Cycle
[347.497s][info][gc,marking     ] GC(117) Concurrent Scan Root Regions
[347.497s][info][gc,cpu         ] GC(116) User=0.76s Sys=0.00s Real=0.12s
[347.672s][info][gc,marking     ] GC(117) Concurrent Scan Root Regions 175.078ms
[347.672s][info][gc,marking     ] GC(117) Concurrent Mark
[347.672s][info][gc,marking     ] GC(117) Concurrent Mark From Roots
[347.672s][info][gc,task        ] GC(117) Using 2 workers of 2 for marking
.[348.519s][info][gc,marking     ] GC(117) Concurrent Mark From Roots 847.064ms
[348.519s][info][gc,marking     ] GC(117) Concurrent Preclean
[348.519s][info][gc,marking     ] GC(117) Concurrent Preclean 0.048ms
[348.521s][info][gc,start       ] GC(117) Pause Remark
[348.524s][info][gc             ] GC(117) Pause Remark 2342M->2342M(4096M) 2.909ms
[348.524s][info][gc,cpu         ] GC(117) User=0.01s Sys=0.00s Real=0.00s
[348.524s][info][gc,marking     ] GC(117) Concurrent Mark 851.738ms
[348.524s][info][gc,marking     ] GC(117) Concurrent Rebuild Remembered Sets and Scrub Regions
.[348.901s][info][gc,marking     ] GC(117) Concurrent Rebuild Remembered Sets and Scrub Regions 376.827ms
[348.902s][info][gc,start       ] GC(117) Pause Cleanup
[348.902s][info][gc             ] GC(117) Pause Cleanup 2728M->2728M(4096M) 0.161ms
[348.902s][info][gc,cpu         ] GC(117) User=0.00s Sys=0.00s Real=0.00s
[348.902s][info][gc,marking     ] GC(117) Concurrent Clear Claimed Marks
[348.902s][info][gc,marking     ] GC(117) Concurrent Clear Claimed Marks 0.035ms
[348.902s][info][gc,marking     ] GC(117) Concurrent Cleanup for Next Mark
[348.910s][info][gc,marking     ] GC(117) Concurrent Cleanup for Next Mark 7.857ms
[348.910s][info][gc             ] GC(117) Concurrent Mark Cycle 1413.485ms
[349.411s][info][gc,start       ] GC(118) Pause Young (Prepare Mixed) (G1 Evacuation Pause)
[349.412s][info][gc,task        ] GC(118) Using 6 workers of 6 for evacuation
[349.540s][info][gc,phases      ] GC(118)   Pre Evacuate Collection Set: 0.37ms
[349.540s][info][gc,phases      ] GC(118)   Merge Heap Roots: 0.51ms
[349.540s][info][gc,phases      ] GC(118)   Evacuate Collection Set: 126.82ms
[349.540s][info][gc,phases      ] GC(118)   Post Evacuate Collection Set: 1.03ms
[349.540s][info][gc,phases      ] GC(118)   Other: 0.09ms
[349.540s][info][gc,heap        ] GC(118) Eden regions: 1108->0(1090)
[349.540s][info][gc,heap        ] GC(118) Survivor regions: 120->123(154)
[349.540s][info][gc,heap        ] GC(118) Old regions: 501->532
[349.540s][info][gc,heap        ] GC(118) Humongous regions: 77->77
[349.540s][info][gc,metaspace   ] GC(118) Metaspace: 28773K(29056K)->28773K(29056K) NonClass: 23891K(24000K)->23891K(24000K) Class: 4882K(5056K)->4882K(5056K)
[349.540s][info][gc             ] GC(118) Pause Young (Prepare Mixed) (G1 Evacuation Pause) 3610M->1462M(4096M) 128.938ms
[349.540s][info][gc,cpu         ] GC(118) User=0.76s Sys=0.00s Real=0.13s
.[351.099s][info][gc,start       ] GC(119) Pause Young (Mixed) (G1 Evacuation Pause)
[351.099s][info][gc,task        ] GC(119) Using 6 workers of 6 for evacuation
[351.246s][info][gc,phases      ] GC(119)   Pre Evacuate Collection Set: 0.38ms
[351.246s][info][gc,phases      ] GC(119)   Merge Heap Roots: 0.65ms
[351.246s][info][gc,phases      ] GC(119)   Evacuate Collection Set: 145.46ms
[351.246s][info][gc,phases      ] GC(119)   Post Evacuate Collection Set: 0.97ms
[351.246s][info][gc,phases      ] GC(119)   Other: 0.08ms
[351.246s][info][gc,heap        ] GC(119) Eden regions: 1090->0(1158)
[351.246s][info][gc,heap        ] GC(119) Survivor regions: 123->70(152)
[351.246s][info][gc,heap        ] GC(119) Old regions: 532->519
[351.246s][info][gc,heap        ] GC(119) Humongous regions: 77->77
[351.246s][info][gc,metaspace   ] GC(119) Metaspace: 28776K(29056K)->28776K(29056K) NonClass: 23893K(24000K)->23893K(24000K) Class: 4882K(5056K)->4882K(5056K)
[351.246s][info][gc             ] GC(119) Pause Young (Mixed) (G1 Evacuation Pause) 3642M->1329M(4096M) 147.674ms
[351.246s][info][gc,cpu         ] GC(119) User=0.88s Sys=0.00s Real=0.14s
.[352.782s][info][gc,start       ] GC(120) Pause Young (Concurrent Start) (G1 Evacuation Pause)
[352.782s][info][gc,task        ] GC(120) Using 6 workers of 6 for evacuation
[352.886s][info][gc,phases      ] GC(120)   Pre Evacuate Collection Set: 0.37ms
[352.886s][info][gc,phases      ] GC(120)   Merge Heap Roots: 0.47ms
[352.886s][info][gc,phases      ] GC(120)   Evacuate Collection Set: 101.43ms
[352.886s][info][gc,phases      ] GC(120)   Post Evacuate Collection Set: 0.91ms
[352.886s][info][gc,phases      ] GC(120)   Other: 0.12ms
[352.886s][info][gc,heap        ] GC(120) Eden regions: 1158->0(1113)
[352.886s][info][gc,heap        ] GC(120) Survivor regions: 70->115(154)
[352.886s][info][gc,heap        ] GC(120) Old regions: 519->519
[352.886s][info][gc,heap        ] GC(120) Humongous regions: 77->77
[352.886s][info][gc,metaspace   ] GC(120) Metaspace: 28776K(29056K)->28776K(29056K) NonClass: 23893K(24000K)->23893K(24000K) Class: 4882K(5056K)->4882K(5056K)
[352.886s][info][gc             ] GC(120) Pause Young (Concurrent Start) (G1 Evacuation Pause) 3645M->1420M(4096M) 103.433ms
[352.886s][info][gc             ] GC(121) Concurrent Mark Cycle
[352.886s][info][gc,marking     ] GC(121) Concurrent Scan Root Regions
[352.886s][info][gc,cpu         ] GC(120) User=0.61s Sys=0.00s Real=0.10s
.[353.224s][info][gc,marking     ] GC(121) Concurrent Scan Root Regions 338.021ms
[353.224s][info][gc,marking     ] GC(121) Concurrent Mark
[353.224s][info][gc,marking     ] GC(121) Concurrent Mark From Roots
[353.224s][info][gc,task        ] GC(121) Using 2 workers of 2 for marking
.[354.452s][info][gc,marking     ] GC(121) Concurrent Mark From Roots 1228.168ms
[354.452s][info][gc,marking     ] GC(121) Concurrent Preclean
[354.452s][info][gc,marking     ] GC(121) Concurrent Preclean 0.081ms
[354.455s][info][gc,start       ] GC(121) Pause Remark
[354.458s][info][gc             ] GC(121) Pause Remark 2826M->2826M(4096M) 2.714ms
[354.458s][info][gc,cpu         ] GC(121) User=0.01s Sys=0.00s Real=0.01s
[354.459s][info][gc,marking     ] GC(121) Concurrent Mark 1235.101ms
[354.459s][info][gc,marking     ] GC(121) Concurrent Rebuild Remembered Sets and Scrub Regions
[354.729s][info][gc,marking     ] GC(121) Concurrent Rebuild Remembered Sets and Scrub Regions 270.061ms
[354.729s][info][gc,start       ] GC(121) Pause Cleanup
[354.730s][info][gc             ] GC(121) Pause Cleanup 3061M->3061M(4096M) 0.146ms
[354.730s][info][gc,cpu         ] GC(121) User=0.00s Sys=0.00s Real=0.00s
[354.730s][info][gc,marking     ] GC(121) Concurrent Clear Claimed Marks
[354.730s][info][gc,marking     ] GC(121) Concurrent Clear Claimed Marks 0.023ms
[354.730s][info][gc,marking     ] GC(121) Concurrent Cleanup for Next Mark
[354.735s][info][gc,marking     ] GC(121) Concurrent Cleanup for Next Mark 5.338ms
[354.735s][info][gc             ] GC(121) Concurrent Mark Cycle 1849.194ms
[355.109s][info][gc,start       ] GC(122) Pause Young (Prepare Mixed) (G1 Evacuation Pause)
[355.109s][info][gc,task        ] GC(122) Using 6 workers of 6 for evacuation
[355.232s][info][gc,phases      ] GC(122)   Pre Evacuate Collection Set: 0.36ms
[355.232s][info][gc,phases      ] GC(122)   Merge Heap Roots: 0.53ms
[355.232s][info][gc,phases      ] GC(122)   Evacuate Collection Set: 120.87ms
[355.232s][info][gc,phases      ] GC(122)   Post Evacuate Collection Set: 1.04ms
[355.232s][info][gc,phases      ] GC(122)   Other: 0.09ms
[355.232s][info][gc,heap        ] GC(122) Eden regions: 1113->0(1085)
[355.232s][info][gc,heap        ] GC(122) Survivor regions: 115->117(154)
[355.232s][info][gc,heap        ] GC(122) Old regions: 519->549
[355.232s][info][gc,heap        ] GC(122) Humongous regions: 77->77
[355.232s][info][gc,metaspace   ] GC(122) Metaspace: 28777K(29056K)->28777K(29056K) NonClass: 23895K(24000K)->23895K(24000K) Class: 4882K(5056K)->4882K(5056K)
[355.232s][info][gc             ] GC(122) Pause Young (Prepare Mixed) (G1 Evacuation Pause) 3646M->1483M(4096M) 123.017ms
[355.232s][info][gc,cpu         ] GC(122) User=0.73s Sys=0.00s Real=0.12s
.[356.577s][info][gc,start       ] GC(123) Pause Young (Mixed) (G1 Evacuation Pause)
[356.577s][info][gc,task        ] GC(123) Using 6 workers of 6 for evacuation
[356.748s][info][gc,phases      ] GC(123)   Pre Evacuate Collection Set: 0.41ms
[356.748s][info][gc,phases      ] GC(123)   Merge Heap Roots: 0.68ms
[356.748s][info][gc,phases      ] GC(123)   Evacuate Collection Set: 162.84ms
[356.748s][info][gc,phases      ] GC(123)   Merge Optional Heap Roots: 0.14ms
[356.748s][info][gc,phases      ] GC(123)   Evacuate Optional Collection Set: 4.90ms
[356.748s][info][gc,phases      ] GC(123)   Post Evacuate Collection Set: 1.03ms
[356.748s][info][gc,phases      ] GC(123)   Other: 0.10ms
[356.748s][info][gc,heap        ] GC(123) Eden regions: 1085->0(1096)
[356.748s][info][gc,heap        ] GC(123) Survivor regions: 117->132(151)
[356.748s][info][gc,heap        ] GC(123) Old regions: 549->472
[356.748s][info][gc,heap        ] GC(123) Humongous regions: 77->77
[356.748s][info][gc,metaspace   ] GC(123) Metaspace: 28777K(29056K)->28777K(29056K) NonClass: 23895K(24000K)->23895K(24000K) Class: 4882K(5056K)->4882K(5056K)
[356.748s][info][gc             ] GC(123) Pause Young (Mixed) (G1 Evacuation Pause) 3653M->1359M(4096M) 170.224ms
[356.748s][info][gc,cpu         ] GC(123) User=1.01s Sys=0.01s Real=0.17s
.[358.289s][info][gc,start       ] GC(124) Pause Young (Concurrent Start) (G1 Evacuation Pause)
[358.289s][info][gc,task        ] GC(124) Using 6 workers of 6 for evacuation
[358.417s][info][gc,phases      ] GC(124)   Pre Evacuate Collection Set: 0.39ms
[358.417s][info][gc,phases      ] GC(124)   Merge Heap Roots: 0.49ms
[358.417s][info][gc,phases      ] GC(124)   Evacuate Collection Set: 126.57ms
[358.417s][info][gc,phases      ] GC(124)   Post Evacuate Collection Set: 0.91ms
[358.417s][info][gc,phases      ] GC(124)   Other: 0.11ms
[358.417s][info][gc,heap        ] GC(124) Eden regions: 1096->0(1140)
[358.417s][info][gc,heap        ] GC(124) Survivor regions: 132->74(154)
[358.417s][info][gc,heap        ] GC(124) Old regions: 472->550
[358.417s][info][gc,heap        ] GC(124) Humongous regions: 77->77
[358.417s][info][gc,metaspace   ] GC(124) Metaspace: 28778K(29056K)->28778K(29056K) NonClass: 23896K(24000K)->23896K(24000K) Class: 4882K(5056K)->4882K(5056K)
[358.417s][info][gc             ] GC(124) Pause Young (Concurrent Start) (G1 Evacuation Pause) 3551M->1400M(4096M) 128.592ms
[358.417s][info][gc             ] GC(125) Concurrent Mark Cycle
[358.417s][info][gc,marking     ] GC(125) Concurrent Scan Root Regions
[358.417s][info][gc,cpu         ] GC(124) User=0.76s Sys=0.00s Real=0.12s
[358.667s][info][gc,marking     ] GC(125) Concurrent Scan Root Regions 249.725ms
[358.667s][info][gc,marking     ] GC(125) Concurrent Mark
[358.667s][info][gc,marking     ] GC(125) Concurrent Mark From Roots
[358.667s][info][gc,task        ] GC(125) Using 2 workers of 2 for marking
??.[360.451s][info][gc,marking     ] GC(125) Concurrent Mark From Roots 1783.955ms
[360.451s][info][gc,marking     ] GC(125) Concurrent Preclean
[360.451s][info][gc,marking     ] GC(125) Concurrent Preclean 0.051ms
[360.452s][info][gc,start       ] GC(125) Pause Remark
[360.455s][info][gc             ] GC(125) Pause Remark 3556M->3556M(4096M) 2.540ms
[360.455s][info][gc,cpu         ] GC(125) User=0.01s Sys=0.00s Real=0.00s
[360.456s][info][gc,marking     ] GC(125) Concurrent Mark 1788.955ms
[360.456s][info][gc,marking     ] GC(125) Concurrent Rebuild Remembered Sets and Scrub Regions
[360.549s][info][gc,start       ] GC(126) Pause Young (Normal) (G1 Evacuation Pause)
[360.549s][info][gc,task        ] GC(126) Using 6 workers of 6 for evacuation
[360.651s][info][gc,phases      ] GC(126)   Pre Evacuate Collection Set: 0.32ms
[360.651s][info][gc,phases      ] GC(126)   Merge Heap Roots: 0.49ms
[360.651s][info][gc,phases      ] GC(126)   Evacuate Collection Set: 99.73ms
[360.651s][info][gc,phases      ] GC(126)   Post Evacuate Collection Set: 0.93ms
[360.651s][info][gc,phases      ] GC(126)   Other: 0.10ms
[360.651s][info][gc,heap        ] GC(126) Eden regions: 1140->0(1092)
[360.651s][info][gc,heap        ] GC(126) Survivor regions: 74->113(152)
[360.651s][info][gc,heap        ] GC(126) Old regions: 550->550
[360.651s][info][gc,heap        ] GC(126) Humongous regions: 77->77
[360.651s][info][gc,metaspace   ] GC(126) Metaspace: 28778K(29056K)->28778K(29056K) NonClass: 23896K(24000K)->23896K(24000K) Class: 4882K(5056K)->4882K(5056K)
[360.651s][info][gc             ] GC(126) Pause Young (Normal) (G1 Evacuation Pause) 3680M->1478M(4096M) 101.697ms
[360.651s][info][gc,cpu         ] GC(126) User=0.60s Sys=0.00s Real=0.10s
[360.984s][info][gc,marking     ] GC(125) Concurrent Rebuild Remembered Sets and Scrub Regions 527.987ms
[360.988s][info][gc,start       ] GC(125) Pause Cleanup
[360.988s][info][gc             ] GC(125) Pause Cleanup 1910M->1910M(4096M) 0.154ms
[360.988s][info][gc,cpu         ] GC(125) User=0.00s Sys=0.00s Real=0.00s
[360.988s][info][gc,marking     ] GC(125) Concurrent Clear Claimed Marks
[360.988s][info][gc,marking     ] GC(125) Concurrent Clear Claimed Marks 0.040ms
[360.988s][info][gc,marking     ] GC(125) Concurrent Cleanup for Next Mark
[360.993s][info][gc,marking     ] GC(125) Concurrent Cleanup for Next Mark 4.726ms
[360.993s][info][gc             ] GC(125) Concurrent Mark Cycle 2575.745ms
.[362.135s][info][gc,start       ] GC(127) Pause Young (Prepare Mixed) (G1 Evacuation Pause)
[362.135s][info][gc,task        ] GC(127) Using 6 workers of 6 for evacuation
[362.274s][info][gc,phases      ] GC(127)   Pre Evacuate Collection Set: 0.38ms
[362.274s][info][gc,phases      ] GC(127)   Merge Heap Roots: 0.55ms
[362.274s][info][gc,phases      ] GC(127)   Evacuate Collection Set: 137.21ms
[362.274s][info][gc,phases      ] GC(127)   Post Evacuate Collection Set: 0.83ms
[362.274s][info][gc,phases      ] GC(127)   Other: 0.10ms
[362.274s][info][gc,heap        ] GC(127) Eden regions: 1092->0(1032)
[362.274s][info][gc,heap        ] GC(127) Survivor regions: 113->128(151)
[362.274s][info][gc,heap        ] GC(127) Old regions: 550->580
[362.274s][info][gc,heap        ] GC(127) Humongous regions: 77->77
[362.274s][info][gc,metaspace   ] GC(127) Metaspace: 28778K(29056K)->28778K(29056K) NonClass: 23896K(24000K)->23896K(24000K) Class: 4882K(5056K)->4882K(5056K)
[362.274s][info][gc             ] GC(127) Pause Young (Prepare Mixed) (G1 Evacuation Pause) 3662M->1568M(4096M) 139.205ms
[362.274s][info][gc,cpu         ] GC(127) User=0.83s Sys=0.00s Real=0.14s
.[363.673s][info][gc,start       ] GC(128) Pause Young (Mixed) (G1 Evacuation Pause)
[363.673s][info][gc,task        ] GC(128) Using 6 workers of 6 for evacuation
[363.807s][info][gc,phases      ] GC(128)   Pre Evacuate Collection Set: 0.36ms
[363.807s][info][gc,phases      ] GC(128)   Merge Heap Roots: 0.54ms
[363.807s][info][gc,phases      ] GC(128)   Evacuate Collection Set: 132.30ms
[363.807s][info][gc,phases      ] GC(128)   Post Evacuate Collection Set: 0.92ms
[363.807s][info][gc,phases      ] GC(128)   Other: 0.08ms
[363.807s][info][gc,heap        ] GC(128) Eden regions: 1032->0(1131)
[363.807s][info][gc,heap        ] GC(128) Survivor regions: 128->70(145)
[363.807s][info][gc,heap        ] GC(128) Old regions: 580->565
[363.807s][info][gc,heap        ] GC(128) Humongous regions: 77->77
[363.807s][info][gc,metaspace   ] GC(128) Metaspace: 28778K(29056K)->28778K(29056K) NonClass: 23896K(24000K)->23896K(24000K) Class: 4882K(5056K)->4882K(5056K)
[363.807s][info][gc             ] GC(128) Pause Young (Mixed) (G1 Evacuation Pause) 3632M->1422M(4096M) 134.341ms
[363.807s][info][gc,cpu         ] GC(128) User=0.79s Sys=0.00s Real=0.13s
.[365.395s][info][gc,start       ] GC(129) Pause Young (Concurrent Start) (G1 Evacuation Pause)
[365.395s][info][gc,task        ] GC(129) Using 6 workers of 6 for evacuation
[365.500s][info][gc,phases      ] GC(129)   Pre Evacuate Collection Set: 0.37ms
[365.500s][info][gc,phases      ] GC(129)   Merge Heap Roots: 0.45ms
[365.500s][info][gc,phases      ] GC(129)   Evacuate Collection Set: 102.52ms
[365.500s][info][gc,phases      ] GC(129)   Post Evacuate Collection Set: 0.87ms
[365.500s][info][gc,phases      ] GC(129)   Other: 0.12ms
[365.500s][info][gc,heap        ] GC(129) Eden regions: 1131->0(1065)
[365.500s][info][gc,heap        ] GC(129) Survivor regions: 70->119(151)
[365.500s][info][gc,heap        ] GC(129) Old regions: 565->565
[365.500s][info][gc,heap        ] GC(129) Humongous regions: 77->77
[365.500s][info][gc,metaspace   ] GC(129) Metaspace: 28778K(29056K)->28778K(29056K) NonClass: 23896K(24000K)->23896K(24000K) Class: 4882K(5056K)->4882K(5056K)
[365.500s][info][gc             ] GC(129) Pause Young (Concurrent Start) (G1 Evacuation Pause) 3684M->1520M(4096M) 104.478ms
[365.500s][info][gc             ] GC(130) Concurrent Mark Cycle
[365.500s][info][gc,marking     ] GC(130) Concurrent Scan Root Regions
[365.500s][info][gc,cpu         ] GC(129) User=0.62s Sys=0.00s Real=0.11s
[365.648s][info][gc,marking     ] GC(130) Concurrent Scan Root Regions 148.266ms
[365.648s][info][gc,marking     ] GC(130) Concurrent Mark
[365.648s][info][gc,marking     ] GC(130) Concurrent Mark From Roots
[365.648s][info][gc,task        ] GC(130) Using 2 workers of 2 for marking
.[367.030s][info][gc,marking     ] GC(130) Concurrent Mark From Roots 1381.938ms
[367.030s][info][gc,marking     ] GC(130) Concurrent Preclean
[367.030s][info][gc,marking     ] GC(130) Concurrent Preclean 0.075ms
[367.033s][info][gc,start       ] GC(130) Pause Remark
[367.035s][info][gc             ] GC(130) Pause Remark 3020M->3020M(4096M) 2.075ms
[367.035s][info][gc,cpu         ] GC(130) User=0.01s Sys=0.00s Real=0.00s
[367.036s][info][gc,marking     ] GC(130) Concurrent Mark 1387.757ms
[367.036s][info][gc,marking     ] GC(130) Concurrent Rebuild Remembered Sets and Scrub Regions
. (rIR:aIR:PR = 11548:11114:10521) (tPR = 155319) [PR is under limit] 
   367s: Re-initializing (term[367.327s][info][gc,marking     ] GC(130) Concurrent Rebuild Remembered Sets and Scrub Regions 291.193ms
[367.327s][info][gc,start       ] GC(130) Pause Cleanup
[367.328s][info][gc             ] GC(130) Pause Cleanup 3298M->3298M(4096M) 0.175ms
[367.328s][info][gc,cpu         ] GC(130) User=0.00s Sys=0.00s Real=0.00s
[367.328s][info][gc,marking     ] GC(130) Concurrent Clear Claimed Marks
[367.328s][info][gc,marking     ] GC(130) Concurrent Clear Claimed Marks 0.032ms
[367.328s][info][gc,marking     ] GC(130) Concurrent Cleanup for Next Mark
[367.333s][info][gc,marking     ] GC(130) Concurrent Cleanup for Next Mark 5.131ms
[367.333s][info][gc             ] GC(130) Concurrent Mark Cycle 1833.034ms
[367.585s][info][gc,start       ] GC(131) Pause Young (Prepare Mixed) (G1 Evacuation Pause)
[367.585s][info][gc,task        ] GC(131) Using 6 workers of 6 for evacuation
[367.709s][info][gc,phases      ] GC(131)   Pre Evacuate Collection Set: 0.34ms
[367.709s][info][gc,phases      ] GC(131)   Merge Heap Roots: 0.48ms
[367.709s][info][gc,phases      ] GC(131)   Evacuate Collection Set: 121.77ms
[367.709s][info][gc,phases      ] GC(131)   Post Evacuate Collection Set: 1.02ms
[367.709s][info][gc,phases      ] GC(131)   Other: 0.10ms
[367.709s][info][gc,heap        ] GC(131) Eden regions: 1065->0(1064)
[367.709s][info][gc,heap        ] GC(131) Survivor regions: 119->72(148)
[367.709s][info][gc,heap        ] GC(131) Old regions: 565->641
[367.709s][info][gc,heap        ] GC(131) Humongous regions: 77->77
[367.709s][info][gc,metaspace   ] GC(131) Metaspace: 28778K(29056K)->28778K(29056K) NonClass: 23896K(24000K)->23896K(24000K) Class: 4882K(5056K)->4882K(5056K)
[367.709s][info][gc             ] GC(131) Pause Young (Prepare Mixed) (G1 Evacuation Pause) 3650M->1578M(4096M) 123.872ms
[367.709s][info][gc,cpu         ] GC(131) User=0.73s Sys=0.00s Real=0.13s
) [369.056s][info][gc,start       ] GC(132) Pause Full (System.gc())
[369.056s][info][gc,task        ] GC(132) Using 6 workers of 6 for full compaction
[369.057s][info][gc,phases,start] GC(132) Phase 1: Mark live objects
[369.072s][info][gc,phases      ] GC(132) Phase 1: Mark live objects 14.957ms
[369.072s][info][gc,phases,start] GC(132) Phase 2: Prepare compaction
[369.075s][info][gc,phases      ] GC(132) Phase 2: Prepare compaction 3.589ms
[369.075s][info][gc,phases,start] GC(132) Phase 3: Adjust pointers
[369.083s][info][gc,phases      ] GC(132) Phase 3: Adjust pointers 7.865ms
[369.083s][info][gc,phases,start] GC(132) Phase 4: Compact heap
[369.087s][info][gc,phases      ] GC(132) Phase 4: Compact heap 3.637ms
[369.087s][info][gc,phases,start] GC(132) Phase 5: Reset Metadata
[369.092s][info][gc,phases      ] GC(132) Phase 5: Reset Metadata 4.677ms
[369.098s][info][gc,heap        ] GC(132) Eden regions: 969->0(1228)
[369.098s][info][gc,heap        ] GC(132) Survivor regions: 72->0(148)
[369.098s][info][gc,heap        ] GC(132) Old regions: 641->35
[369.098s][info][gc,heap        ] GC(132) Humongous regions: 77->66
[369.098s][info][gc,metaspace   ] GC(132) Metaspace: 28779K(29056K)->28779K(29056K) NonClass: 23897K(24000K)->23897K(24000K) Class: 4882K(5056K)->4882K(5056K)
[369.098s][info][gc             ] GC(132) Pause Full (System.gc()) 3516M->194M(4096M) 41.425ms
[369.098s][info][gc,cpu         ] GC(132) User=0.21s Sys=0.01s Real=0.04s
(init[369.338s][info][gc,start       ] GC(133) Pause Young (Concurrent Start) (G1 Humongous Allocation)
[369.338s][info][gc,task        ] GC(133) Using 6 workers of 6 for evacuation
[369.353s][info][gc,phases      ] GC(133)   Pre Evacuate Collection Set: 0.33ms
[369.353s][info][gc,phases      ] GC(133)   Merge Heap Roots: 0.04ms
[369.353s][info][gc,phases      ] GC(133)   Evacuate Collection Set: 13.87ms
[369.353s][info][gc,phases      ] GC(133)   Post Evacuate Collection Set: 0.27ms
[369.353s][info][gc,phases      ] GC(133)   Other: 0.10ms
[369.353s][info][gc,heap        ] GC(133) Eden regions: 48->0(1213)
[369.353s][info][gc,heap        ] GC(133) Survivor regions: 0->15(154)
[369.353s][info][gc,heap        ] GC(133) Old regions: 35->35
[369.353s][info][gc,heap        ] GC(133) Humongous regions: 66->66
[369.353s][info][gc,metaspace   ] GC(133) Metaspace: 28779K(29056K)->28779K(29056K) NonClass: 23897K(24000K)->23897K(24000K) Class: 4882K(5056K)->4882K(5056K)
[369.353s][info][gc             ] GC(133) Pause Young (Concurrent Start) (G1 Humongous Allocation) 289M->223M(4096M) 14.748ms
[369.353s][info][gc             ] GC(134) Concurrent Mark Cycle
[369.353s][info][gc,marking     ] GC(134) Concurrent Scan Root Regions
[369.353s][info][gc,cpu         ] GC(133) User=0.09s Sys=0.00s Real=0.01s
[369.360s][info][gc,marking     ] GC(134) Concurrent Scan Root Regions 7.058ms
[369.360s][info][gc,marking     ] GC(134) Concurrent Mark
[369.360s][info][gc,marking     ] GC(134) Concurrent Mark From Roots
[369.360s][info][gc,task        ] GC(134) Using 2 workers of 2 for marking
[369.398s][info][gc,marking     ] GC(134) Concurrent Mark From Roots 37.691ms
[369.398s][info][gc,marking     ] GC(134) Concurrent Preclean
[369.398s][info][gc,marking     ] GC(134) Concurrent Preclean 0.048ms
[369.398s][info][gc,start       ] GC(134) Pause Remark
[369.400s][info][gc             ] GC(134) Pause Remark 309M->309M(4096M) 1.772ms
[369.400s][info][gc,cpu         ] GC(134) User=0.01s Sys=0.00s Real=0.01s
[369.400s][info][gc,marking     ] GC(134) Concurrent Mark 39.686ms
[369.400s][info][gc,marking     ] GC(134) Concurrent Rebuild Remembered Sets and Scrub Regions
[369.418s][info][gc,marking     ] GC(134) Concurrent Rebuild Remembered Sets and Scrub Regions 18.380ms
[369.418s][info][gc,start       ] GC(134) Pause Cleanup
[369.418s][info][gc             ] GC(134) Pause Cleanup 336M->336M(4096M) 0.083ms
[369.418s][info][gc,cpu         ] GC(134) User=0.00s Sys=0.00s Real=0.00s
[369.418s][info][gc,marking     ] GC(134) Concurrent Clear Claimed Marks
[369.418s][info][gc,marking     ] GC(134) Concurrent Clear Claimed Marks 0.028ms
[369.418s][info][gc,marking     ] GC(134) Concurrent Cleanup for Next Mark
[369.423s][info][gc,marking     ] GC(134) Concurrent Cleanup for Next Mark 4.291ms
[369.423s][info][gc             ] GC(134) Concurrent Mark Cycle 69.764ms
) ... OK
   373s: high-bound for max-jOPS is measured to be 13837
   373s: 
   373s: Restarting (term) [373.443s][info][gc,start       ] GC(135) Pause Full (System.gc())
[373.443s][info][gc,task        ] GC(135) Using 6 workers of 6 for full compaction
[373.444s][info][gc,phases,start] GC(135) Phase 1: Mark live objects
[373.459s][info][gc,phases      ] GC(135) Phase 1: Mark live objects 14.789ms
[373.459s][info][gc,phases,start] GC(135) Phase 2: Prepare compaction
[373.461s][info][gc,phases      ] GC(135) Phase 2: Prepare compaction 2.153ms
[373.461s][info][gc,phases,start] GC(135) Phase 3: Adjust pointers
[373.467s][info][gc,phases      ] GC(135) Phase 3: Adjust pointers 6.667ms
[373.467s][info][gc,phases,start] GC(135) Phase 4: Compact heap
[373.470s][info][gc,phases      ] GC(135) Phase 4: Compact heap 2.028ms
[373.470s][info][gc,phases,start] GC(135) Phase 5: Reset Metadata
[373.474s][info][gc,phases      ] GC(135) Phase 5: Reset Metadata 4.470ms
[373.480s][info][gc,heap        ] GC(135) Eden regions: 913->0(1228)
[373.480s][info][gc,heap        ] GC(135) Survivor regions: 15->0(154)
[373.480s][info][gc,heap        ] GC(135) Old regions: 35->35
[373.480s][info][gc,heap        ] GC(135) Humongous regions: 163->66
[373.480s][info][gc,metaspace   ] GC(135) Metaspace: 28785K(29056K)->28785K(29056K) NonClass: 23903K(24000K)->23903K(24000K) Class: 4882K(5056K)->4882K(5056K)
[373.480s][info][gc             ] GC(135) Pause Full (System.gc()) 2243M->194M(4096M) 36.926ms
[373.480s][info][gc,cpu         ] GC(135) User=0.19s Sys=0.00s Real=0.04s
(init[373.719s][info][gc,start       ] GC(136) Pause Young (Concurrent Start) (G1 Humongous Allocation)
[373.719s][info][gc,task        ] GC(136) Using 6 workers of 6 for evacuation
[373.733s][info][gc,phases      ] GC(136)   Pre Evacuate Collection Set: 0.34ms
[373.733s][info][gc,phases      ] GC(136)   Merge Heap Roots: 0.04ms
[373.733s][info][gc,phases      ] GC(136)   Evacuate Collection Set: 13.29ms
[373.733s][info][gc,phases      ] GC(136)   Post Evacuate Collection Set: 0.27ms
[373.733s][info][gc,phases      ] GC(136)   Other: 0.08ms
[373.733s][info][gc,heap        ] GC(136) Eden regions: 49->0(1214)
[373.733s][info][gc,heap        ] GC(136) Survivor regions: 0->14(154)
[373.733s][info][gc,heap        ] GC(136) Old regions: 35->35
[373.733s][info][gc,heap        ] GC(136) Humongous regions: 66->66
[373.733s][info][gc,metaspace   ] GC(136) Metaspace: 28785K(29056K)->28785K(29056K) NonClass: 23903K(24000K)->23903K(24000K) Class: 4882K(5056K)->4882K(5056K)
[373.733s][info][gc             ] GC(136) Pause Young (Concurrent Start) (G1 Humongous Allocation) 291M->222M(4096M) 14.154ms
[373.733s][info][gc             ] GC(137) Concurrent Mark Cycle
[373.733s][info][gc,marking     ] GC(137) Concurrent Scan Root Regions
[373.733s][info][gc,cpu         ] GC(136) User=0.09s Sys=0.00s Real=0.01s
[373.740s][info][gc,marking     ] GC(137) Concurrent Scan Root Regions 6.736ms
[373.740s][info][gc,marking     ] GC(137) Concurrent Mark
[373.740s][info][gc,marking     ] GC(137) Concurrent Mark From Roots
[373.740s][info][gc,task        ] GC(137) Using 2 workers of 2 for marking
[373.777s][info][gc,marking     ] GC(137) Concurrent Mark From Roots 37.146ms
[373.777s][info][gc,marking     ] GC(137) Concurrent Preclean
[373.777s][info][gc,marking     ] GC(137) Concurrent Preclean 0.068ms
[373.777s][info][gc,start       ] GC(137) Pause Remark
[373.779s][info][gc             ] GC(137) Pause Remark 307M->307M(4096M) 1.655ms
[373.779s][info][gc,cpu         ] GC(137) User=0.01s Sys=0.00s Real=0.01s
[373.779s][info][gc,marking     ] GC(137) Concurrent Mark 39.100ms
[373.779s][info][gc,marking     ] GC(137) Concurrent Rebuild Remembered Sets and Scrub Regions
[373.797s][info][gc,marking     ] GC(137) Concurrent Rebuild Remembered Sets and Scrub Regions 18.080ms
[373.797s][info][gc,start       ] GC(137) Pause Cleanup
[373.797s][info][gc             ] GC(137) Pause Cleanup 335M->335M(4096M) 0.064ms
[373.797s][info][gc,cpu         ] GC(137) User=0.00s Sys=0.00s Real=0.00s
[373.797s][info][gc,marking     ] GC(137) Concurrent Clear Claimed Marks
[373.798s][info][gc,marking     ] GC(137) Concurrent Clear Claimed Marks 0.032ms
[373.798s][info][gc,marking     ] GC(137) Concurrent Cleanup for Next Mark
[373.802s][info][gc,marking     ] GC(137) Concurrent Cleanup for Next Mark 4.255ms
[373.802s][info][gc             ] GC(137) Concurrent Mark Cycle 68.534ms
) ... OK
   377s: 
   377s: Warmup for building throughput-responsetime curve
   377s: (10%)   IR =   1384 ..[380.786s][info][gc,start       ] GC(138) Pause Young (Prepare Mixed) (G1 Evacuation Pause)
[380.786s][info][gc,task        ] GC(138) Using 6 workers of 6 for evacuation
[381.263s][info][gc,mmu         ] GC(138) MMU target violated: 201.0ms (200.0ms/201.0ms)
[381.263s][info][gc,phases      ] GC(138)   Pre Evacuate Collection Set: 0.35ms
[381.263s][info][gc,phases      ] GC(138)   Merge Heap Roots: 0.64ms
[381.263s][info][gc,phases      ] GC(138)   Evacuate Collection Set: 474.50ms
[381.263s][info][gc,phases      ] GC(138)   Post Evacuate Collection Set: 1.29ms
[381.263s][info][gc,phases      ] GC(138)   Other: 0.11ms
[381.263s][info][gc,heap        ] GC(138) Eden regions: 1214->0(493)
[381.263s][info][gc,heap        ] GC(138) Survivor regions: 14->154(154)
[381.263s][info][gc,heap        ] GC(138) Old regions: 35->343
[381.263s][info][gc,heap        ] GC(138) Humongous regions: 163->155
[381.263s][info][gc,metaspace   ] GC(138) Metaspace: 28792K(29120K)->28792K(29120K) NonClass: 23910K(24064K)->23910K(24064K) Class: 4882K(5056K)->4882K(5056K)
[381.263s][info][gc             ] GC(138) Pause Young (Prepare Mixed) (G1 Evacuation Pause) 2844M->1296M(4096M) 477.005ms
[381.263s][info][gc,cpu         ] GC(138) User=2.83s Sys=0.00s Real=0.48s
....[384.980s][info][gc,start       ] GC(139) Pause Young (Mixed) (G1 Evacuation Pause)
[384.980s][info][gc,task        ] GC(139) Using 6 workers of 6 for evacuation
[385.179s][info][gc,phases      ] GC(139)   Pre Evacuate Collection Set: 0.36ms
[385.179s][info][gc,phases      ] GC(139)   Merge Heap Roots: 0.63ms
[385.179s][info][gc,phases      ] GC(139)   Evacuate Collection Set: 197.35ms
[385.179s][info][gc,phases      ] GC(139)   Post Evacuate Collection Set: 0.66ms
[385.179s][info][gc,phases      ] GC(139)   Other: 0.07ms
[385.179s][info][gc,heap        ] GC(139) Eden regions: 469->0(668)
[385.179s][info][gc,heap        ] GC(139) Survivor regions: 154->27(78)
[385.179s][info][gc,heap        ] GC(139) Old regions: 343->495
[385.179s][info][gc,heap        ] GC(139) Humongous regions: 155->155
[385.179s][info][gc,metaspace   ] GC(139) Metaspace: 28792K(29120K)->28792K(29120K) NonClass: 23910K(24064K)->23910K(24064K) Class: 4882K(5056K)->4882K(5056K)
[385.179s][info][gc             ] GC(139) Pause Young (Mixed) (G1 Evacuation Pause) 2234M->1347M(4096M) 199.208ms
[385.179s][info][gc,cpu         ] GC(139) User=1.18s Sys=0.00s Real=0.20s
......[391.004s][info][gc,start       ] GC(140) Pause Young (Concurrent Start) (G1 Evacuation Pause)
[391.004s][info][gc,task        ] GC(140) Using 6 workers of 6 for evacuation
[391.064s][info][gc,phases      ] GC(140)   Pre Evacuate Collection Set: 0.42ms
[391.064s][info][gc,phases      ] GC(140)   Merge Heap Roots: 0.48ms
[391.064s][info][gc,phases      ] GC(140)   Evacuate Collection Set: 58.44ms
[391.064s][info][gc,phases      ] GC(140)   Post Evacuate Collection Set: 0.70ms
[391.064s][info][gc,phases      ] GC(140)   Other: 0.11ms
[391.064s][info][gc,heap        ] GC(140) Eden regions: 719->0(704)
[391.064s][info][gc,heap        ] GC(140) Survivor regions: 27->60(94)
[391.064s][info][gc,heap        ] GC(140) Old regions: 495->495
[391.064s][info][gc,heap        ] GC(140) Humongous regions: 155->155
[391.064s][info][gc,metaspace   ] GC(140) Metaspace: 28794K(29120K)->28794K(29120K) NonClass: 23912K(24064K)->23912K(24064K) Class: 4882K(5056K)->4882K(5056K)
[391.064s][info][gc             ] GC(140) Pause Young (Concurrent Start) (G1 Evacuation Pause) 2785M->1412M(4096M) 60.280ms
[391.064s][info][gc             ] GC(141) Concurrent Mark Cycle
[391.064s][info][gc,marking     ] GC(141) Concurrent Scan Root Regions
[391.064s][info][gc,cpu         ] GC(140) User=0.36s Sys=0.00s Real=0.06s
[391.117s][info][gc,marking     ] GC(141) Concurrent Scan Root Regions 52.465ms
[391.117s][info][gc,marking     ] GC(141) Concurrent Mark
[391.117s][info][gc,marking     ] GC(141) Concurrent Mark From Roots
[391.117s][info][gc,task        ] GC(141) Using 2 workers of 2 for marking
.[391.650s][info][gc,marking     ] GC(141) Concurrent Mark From Roots 533.526ms
[391.650s][info][gc,marking     ] GC(141) Concurrent Preclean
[391.650s][info][gc,marking     ] GC(141) Concurrent Preclean 0.044ms
[391.650s][info][gc,start       ] GC(141) Pause Remark
[391.654s][info][gc             ] GC(141) Pause Remark 1573M->1343M(4096M) 3.819ms
[391.654s][info][gc,cpu         ] GC(141) User=0.02s Sys=0.00s Real=0.00s
[391.654s][info][gc,marking     ] GC(141) Concurrent Mark 537.666ms
[391.654s][info][gc,marking     ] GC(141) Concurrent Rebuild Remembered Sets and Scrub Regions
[391.852s][info][gc,marking     ] GC(141) Concurrent Rebuild Remembered Sets and Scrub Regions 197.308ms
[391.852s][info][gc,start       ] GC(141) Pause Cleanup
[391.852s][info][gc             ] GC(141) Pause Cleanup 1396M->1396M(4096M) 0.089ms
[391.852s][info][gc,cpu         ] GC(141) User=0.00s Sys=0.00s Real=0.00s
[391.852s][info][gc,marking     ] GC(141) Concurrent Clear Claimed Marks
[391.852s][info][gc,marking     ] GC(141) Concurrent Clear Claimed Marks 0.024ms
[391.852s][info][gc,marking     ] GC(141) Concurrent Cleanup for Next Mark
[391.856s][info][gc,marking     ] GC(141) Concurrent Cleanup for Next Mark 3.710ms
[391.856s][info][gc             ] GC(141) Concurrent Mark Cycle 791.591ms
.....[397.090s][info][gc,start       ] GC(142) Pause Young (Prepare Mixed) (G1 Evacuation Pause)
[397.090s][info][gc,task        ] GC(142) Using 6 workers of 6 for evacuation
[397.171s][info][gc,phases      ] GC(142)   Pre Evacuate Collection Set: 0.38ms
[397.171s][info][gc,phases      ] GC(142)   Merge Heap Roots: 0.57ms
[397.171s][info][gc,phases      ] GC(142)   Evacuate Collection Set: 78.61ms
[397.171s][info][gc,phases      ] GC(142)   Post Evacuate Collection Set: 0.73ms
[397.171s][info][gc,phases      ] GC(142)   Other: 0.08ms
[397.171s][info][gc,heap        ] GC(142) Eden regions: 708->0(984)
[397.171s][info][gc,heap        ] GC(142) Survivor regions: 60->70(96)
[397.171s][info][gc,heap        ] GC(142) Old regions: 460->480
[397.171s][info][gc,heap        ] GC(142) Humongous regions: 75->75
[397.171s][info][gc,metaspace   ] GC(142) Metaspace: 28805K(29120K)->28805K(29120K) NonClass: 23923K(24064K)->23923K(24064K) Class: 4882K(5056K)->4882K(5056K)
[397.171s][info][gc             ] GC(142) Pause Young (Prepare Mixed) (G1 Evacuation Pause) 2598M->1241M(4096M) 80.510ms
[397.171s][info][gc,cpu         ] GC(142) User=0.47s Sys=0.00s Real=0.08s
.........[406.271s][info][gc,start       ] GC(143) Pause Young (Mixed) (G1 Evacuation Pause)
[406.271s][info][gc,task        ] GC(143) Using 6 workers of 6 for evacuation
[406.368s][info][gc,phases      ] GC(143)   Pre Evacuate Collection Set: 0.37ms
[406.368s][info][gc,phases      ] GC(143)   Merge Heap Roots: 0.51ms
[406.368s][info][gc,phases      ] GC(143)   Evacuate Collection Set: 95.05ms
[406.368s][info][gc,phases      ] GC(143)   Merge Optional Heap Roots: 0.03ms
[406.368s][info][gc,phases      ] GC(143)   Evacuate Optional Collection Set: 0.05ms
[406.368s][info][gc,phases      ] GC(143)   Post Evacuate Collection Set: 0.93ms
[406.368s][info][gc,phases      ] GC(143)   Other: 0.10ms
[406.368s][info][gc,heap        ] GC(143) Eden regions: 1059->0(959)
[406.368s][info][gc,heap        ] GC(143) Survivor regions: 70->109(142)
[406.368s][info][gc,heap        ] GC(143) Old regions: 480->475
[406.368s][info][gc,heap        ] GC(143) Humongous regions: 75->75
[406.368s][info][gc,metaspace   ] GC(143) Metaspace: 28805K(29120K)->28805K(29120K) NonClass: 23923K(24064K)->23923K(24064K) Class: 4882K(5056K)->4882K(5056K)
[406.368s][info][gc             ] GC(143) Pause Young (Mixed) (G1 Evacuation Pause) 3359M->1310M(4096M) 97.168ms
[406.368s][info][gc,cpu         ] GC(143) User=0.57s Sys=0.00s Real=0.10s
.........[414.987s][info][gc,start       ] GC(144) Pause Young (Mixed) (G1 Evacuation Pause)
[414.987s][info][gc,task        ] GC(144) Using 6 workers of 6 for evacuation
[415.106s][info][gc,phases      ] GC(144)   Pre Evacuate Collection Set: 0.38ms
[415.106s][info][gc,phases      ] GC(144)   Merge Heap Roots: 0.47ms
[415.106s][info][gc,phases      ] GC(144)   Evacuate Collection Set: 116.51ms
[415.106s][info][gc,phases      ] GC(144)   Merge Optional Heap Roots: 0.03ms
[415.106s][info][gc,phases      ] GC(144)   Evacuate Optional Collection Set: 0.11ms
[415.106s][info][gc,phases      ] GC(144)   Post Evacuate Collection Set: 0.97ms
[415.106s][info][gc,phases      ] GC(144)   Other: 0.10ms
[415.106s][info][gc,heap        ] GC(144) Eden regions: 1012->0(1084)
[415.106s][info][gc,heap        ] GC(144) Survivor regions: 109->94(141)
[415.106s][info][gc,heap        ] GC(144) Old regions: 475->513
[415.106s][info][gc,heap        ] GC(144) Humongous regions: 77->77
[415.106s][info][gc,metaspace   ] GC(144) Metaspace: 28805K(29120K)->28805K(29120K) NonClass: 23923K(24064K)->23923K(24064K) Class: 4882K(5056K)->4882K(5056K)
[415.106s][info][gc             ] GC(144) Pause Young (Mixed) (G1 Evacuation Pause) 3338M->1364M(4096M) 118.720ms
[415.106s][info][gc,cpu         ] GC(144) User=0.70s Sys=0.00s Real=0.12s
..........[424.930s][info][gc,start       ] GC(145) Pause Young (Mixed) (G1 Evacuation Pause)
[424.930s][info][gc,task        ] GC(145) Using 6 workers of 6 for evacuation
[425.049s][info][gc,phases      ] GC(145)   Pre Evacuate Collection Set: 0.36ms
[425.049s][info][gc,phases      ] GC(145)   Merge Heap Roots: 0.64ms
[425.049s][info][gc,phases      ] GC(145)   Evacuate Collection Set: 117.16ms
[425.049s][info][gc,phases      ] GC(145)   Post Evacuate Collection Set: 0.95ms
[425.049s][info][gc,phases      ] GC(145)   Other: 0.10ms
[425.049s][info][gc,heap        ] GC(145) Eden regions: 1084->0(1092)
[425.049s][info][gc,heap        ] GC(145) Survivor regions: 94->98(148)
[425.049s][info][gc,heap        ] GC(145) Old regions: 513->528
[425.049s][info][gc,heap        ] GC(145) Humongous regions: 77->77
[425.049s][info][gc,metaspace   ] GC(145) Metaspace: 28811K(29120K)->28811K(29120K) NonClass: 23929K(24064K)->23929K(24064K) Class: 4882K(5056K)->4882K(5056K)
[425.049s][info][gc             ] GC(145) Pause Young (Mixed) (G1 Evacuation Pause) 3532M->1405M(4096M) 119.372ms
[425.049s][info][gc,cpu         ] GC(145) User=0.70s Sys=0.00s Real=0.12s
............[436.500s][info][gc,start       ] GC(146) Pause Young (Concurrent Start) (G1 Evacuation Pause)
[436.500s][info][gc,task        ] GC(146) Using 6 workers of 6 for evacuation
[436.616s][info][gc,phases      ] GC(146)   Pre Evacuate Collection Set: 0.39ms
[436.616s][info][gc,phases      ] GC(146)   Merge Heap Roots: 0.42ms
[436.616s][info][gc,phases      ] GC(146)   Evacuate Collection Set: 114.15ms
[436.616s][info][gc,phases      ] GC(146)   Post Evacuate Collection Set: 0.89ms
[436.616s][info][gc,phases      ] GC(146)   Other: 0.10ms
[436.616s][info][gc,heap        ] GC(146) Eden regions: 1092->0(1077)
[436.616s][info][gc,heap        ] GC(146) Survivor regions: 98->105(149)
[436.616s][info][gc,heap        ] GC(146) Old regions: 528->561
[436.616s][info][gc,heap        ] GC(146) Humongous regions: 77->77
[436.616s][info][gc,metaspace   ] GC(146) Metaspace: 28813K(29120K)->28813K(29120K) NonClass: 23931K(24064K)->23931K(24064K) Class: 4882K(5056K)->4882K(5056K)
[436.616s][info][gc             ] GC(146) Pause Young (Concurrent Start) (G1 Evacuation Pause) 3589M->1484M(4096M) 116.071ms
[436.616s][info][gc             ] GC(147) Concurrent Mark Cycle
[436.616s][info][gc,marking     ] GC(147) Concurrent Scan Root Regions
[436.616s][info][gc,cpu         ] GC(146) User=0.69s Sys=0.00s Real=0.11s
[436.725s][info][gc,marking     ] GC(147) Concurrent Scan Root Regions 108.718ms
[436.725s][info][gc,marking     ] GC(147) Concurrent Mark
[436.725s][info][gc,marking     ] GC(147) Concurrent Mark From Roots
[436.725s][info][gc,task        ] GC(147) Using 2 workers of 2 for marking
[437.172s][info][gc,marking     ] GC(147) Concurrent Mark From Roots 446.452ms
[437.172s][info][gc,marking     ] GC(147) Concurrent Preclean
[437.172s][info][gc,marking     ] GC(147) Concurrent Preclean 0.054ms
[437.172s][info][gc,start       ] GC(147) Pause Remark
[437.175s][info][gc             ] GC(147) Pause Remark 1617M->1617M(4096M) 3.100ms
[437.175s][info][gc,cpu         ] GC(147) User=0.02s Sys=0.00s Real=0.00s
[437.175s][info][gc,marking     ] GC(147) Concurrent Mark 449.869ms
[437.175s][info][gc,marking     ] GC(147) Concurrent Rebuild Remembered Sets and Scrub Regions
[437.353s][info][gc,marking     ] GC(147) Concurrent Rebuild Remembered Sets and Scrub Regions 178.308ms
[437.354s][info][gc,start       ] GC(147) Pause Cleanup
[437.354s][info][gc             ] GC(147) Pause Cleanup 1646M->1646M(4096M) 0.182ms
[437.354s][info][gc,cpu         ] GC(147) User=0.01s Sys=0.00s Real=0.00s
[437.354s][info][gc,marking     ] GC(147) Concurrent Clear Claimed Marks
[437.354s][info][gc,marking     ] GC(147) Concurrent Clear Claimed Marks 0.029ms
[437.354s][info][gc,marking     ] GC(147) Concurrent Cleanup for Next Mark
[437.357s][info][gc,marking     ] GC(147) Concurrent Cleanup for Next Mark 3.281ms
[437.357s][info][gc             ] GC(147) Concurrent Mark Cycle 740.722ms
............[448.568s][info][gc,start       ] GC(148) Pause Young (Prepare Mixed) (G1 Evacuation Pause)
[448.568s][info][gc,task        ] GC(148) Using 6 workers of 6 for evacuation
[448.685s][info][gc,phases      ] GC(148)   Pre Evacuate Collection Set: 0.36ms
[448.685s][info][gc,phases      ] GC(148)   Merge Heap Roots: 0.54ms
[448.685s][info][gc,phases      ] GC(148)   Evacuate Collection Set: 115.66ms
[448.685s][info][gc,phases      ] GC(148)   Post Evacuate Collection Set: 1.01ms
[448.685s][info][gc,phases      ] GC(148)   Other: 0.10ms
[448.685s][info][gc,heap        ] GC(148) Eden regions: 1077->0(1059)
[448.685s][info][gc,heap        ] GC(148) Survivor regions: 105->106(148)
[448.685s][info][gc,heap        ] GC(148) Old regions: 561->596
[448.685s][info][gc,heap        ] GC(148) Humongous regions: 77->77
[448.685s][info][gc,metaspace   ] GC(148) Metaspace: 28817K(29120K)->28817K(29120K) NonClass: 23935K(24064K)->23935K(24064K) Class: 4882K(5056K)->4882K(5056K)
[448.685s][info][gc             ] GC(148) Pause Young (Prepare Mixed) (G1 Evacuation Pause) 3638M->1557M(4096M) 117.828ms
[448.685s][info][gc,cpu         ] GC(148) User=0.70s Sys=0.00s Real=0.12s
............[460.999s][info][gc,start       ] GC(149) Pause Young (Mixed) (G1 Evacuation Pause)
[460.999s][info][gc,task        ] GC(149) Using 6 workers of 6 for evacuation
[461.135s][info][gc,phases      ] GC(149)   Pre Evacuate Collection Set: 0.43ms
[461.135s][info][gc,phases      ] GC(149)   Merge Heap Roots: 0.57ms
[461.135s][info][gc,phases      ] GC(149)   Evacuate Collection Set: 129.10ms
[461.135s][info][gc,phases      ] GC(149)   Merge Optional Heap Roots: 0.10ms
[461.135s][info][gc,phases      ] GC(149)   Evacuate Optional Collection Set: 4.23ms
[461.135s][info][gc,phases      ] GC(149)   Post Evacuate Collection Set: 1.16ms
[461.135s][info][gc,phases      ] GC(149)   Other: 0.10ms
[461.135s][info][gc,heap        ] GC(149) Eden regions: 1059->0(1122)
[461.135s][info][gc,heap        ] GC(149) Survivor regions: 106->106(146)
[461.135s][info][gc,heap        ] GC(149) Old regions: 596->457
[461.135s][info][gc,heap        ] GC(149) Humongous regions: 77->77
[461.135s][info][gc,metaspace   ] GC(149) Metaspace: 28820K(29120K)->28820K(29120K) NonClass: 23938K(24064K)->23938K(24064K) Class: 4882K(5056K)->4882K(5056K)
[461.135s][info][gc             ] GC(149) Pause Young (Mixed) (G1 Evacuation Pause) 3675M->1278M(4096M) 135.834ms
[461.135s][info][gc,cpu         ] GC(149) User=0.80s Sys=0.00s Real=0.13s
.............[474.211s][info][gc,start       ] GC(150) Pause Young (Concurrent Start) (G1 Evacuation Pause)
[474.211s][info][gc,task        ] GC(150) Using 6 workers of 6 for evacuation
[474.329s][info][gc,phases      ] GC(150)   Pre Evacuate Collection Set: 0.45ms
[474.329s][info][gc,phases      ] GC(150)   Merge Heap Roots: 0.48ms
[474.329s][info][gc,phases      ] GC(150)   Evacuate Collection Set: 115.96ms
[474.329s][info][gc,phases      ] GC(150)   Post Evacuate Collection Set: 0.95ms
[474.329s][info][gc,phases      ] GC(150)   Other: 0.12ms
[474.329s][info][gc,heap        ] GC(150) Eden regions: 1122->0(1120)
[474.329s][info][gc,heap        ] GC(150) Survivor regions: 106->108(154)
[474.329s][info][gc,heap        ] GC(150) Old regions: 457->492
[474.329s][info][gc,heap        ] GC(150) Humongous regions: 77->77
[474.329s][info][gc,metaspace   ] GC(150) Metaspace: 28820K(29120K)->28820K(29120K) NonClass: 23938K(24064K)->23938K(24064K) Class: 4882K(5056K)->4882K(5056K)
[474.329s][info][gc             ] GC(150) Pause Young (Concurrent Start) (G1 Evacuation Pause) 3522M->1351M(4096M) 118.083ms
[474.329s][info][gc             ] GC(151) Concurrent Mark Cycle
[474.329s][info][gc,marking     ] GC(151) Concurrent Scan Root Regions
[474.329s][info][gc,cpu         ] GC(150) User=0.69s Sys=0.00s Real=0.12s
.[474.440s][info][gc,marking     ] GC(151) Concurrent Scan Root Regions 110.896ms
[474.440s][info][gc,marking     ] GC(151) Concurrent Mark
[474.440s][info][gc,marking     ] GC(151) Concurrent Mark From Roots
[474.440s][info][gc,task        ] GC(151) Using 2 workers of 2 for marking
[474.909s][info][gc,marking     ] GC(151) Concurrent Mark From Roots 468.882ms
[474.909s][info][gc,marking     ] GC(151) Concurrent Preclean
[474.909s][info][gc,marking     ] GC(151) Concurrent Preclean 0.045ms
[474.909s][info][gc,start       ] GC(151) Pause Remark
[474.911s][info][gc             ] GC(151) Pause Remark 1469M->1469M(4096M) 2.379ms
[474.911s][info][gc,cpu         ] GC(151) User=0.01s Sys=0.00s Real=0.00s
[474.911s][info][gc,marking     ] GC(151) Concurrent Mark 471.596ms
[474.911s][info][gc,marking     ] GC(151) Concurrent Rebuild Remembered Sets and Scrub Regions
[475.111s][info][gc,marking     ] GC(151) Concurrent Rebuild Remembered Sets and Scrub Regions 199.642ms
[475.111s][info][gc,start       ] GC(151) Pause Cleanup
[475.111s][info][gc             ] GC(151) Pause Cleanup 1495M->1495M(4096M) 0.128ms
[475.111s][info][gc,cpu         ] GC(151) User=0.00s Sys=0.00s Real=0.00s
[475.111s][info][gc,marking     ] GC(151) Concurrent Clear Claimed Marks
[475.111s][info][gc,marking     ] GC(151) Concurrent Clear Claimed Marks 0.030ms
[475.111s][info][gc,marking     ] GC(151) Concurrent Cleanup for Next Mark
[475.116s][info][gc,marking     ] GC(151) Concurrent Cleanup for Next Mark 4.268ms
[475.116s][info][gc             ] GC(151) Concurrent Mark Cycle 786.958ms
.............[487.645s][info][gc,start       ] GC(152) Pause Young (Prepare Mixed) (G1 Evacuation Pause)
[487.645s][info][gc,task        ] GC(152) Using 6 workers of 6 for evacuation
[487.764s][info][gc,phases      ] GC(152)   Pre Evacuate Collection Set: 0.34ms
[487.764s][info][gc,phases      ] GC(152)   Merge Heap Roots: 0.56ms
[487.764s][info][gc,phases      ] GC(152)   Evacuate Collection Set: 117.54ms
[487.764s][info][gc,phases      ] GC(152)   Post Evacuate Collection Set: 0.97ms
[487.764s][info][gc,phases      ] GC(152)   Other: 0.09ms
[487.764s][info][gc,heap        ] GC(152) Eden regions: 1120->0(1118)
[487.764s][info][gc,heap        ] GC(152) Survivor regions: 108->110(154)
[487.764s][info][gc,heap        ] GC(152) Old regions: 492->524
[487.764s][info][gc,heap        ] GC(152) Humongous regions: 77->77
[487.764s][info][gc,metaspace   ] GC(152) Metaspace: 28822K(29120K)->28822K(29120K) NonClass: 23940K(24064K)->23940K(24064K) Class: 4882K(5056K)->4882K(5056K)
[487.764s][info][gc             ] GC(152) Pause Young (Prepare Mixed) (G1 Evacuation Pause) 3591M->1419M(4096M) 119.626ms
[487.764s][info][gc,cpu         ] GC(152) User=0.70s Sys=0.00s Real=0.12s
.............[500.739s][info][gc,start       ] GC(153) Pause Young (Mixed) (G1 Evacuation Pause)
[500.739s][info][gc,task        ] GC(153) Using 6 workers of 6 for evacuation
[500.881s][info][gc,phases      ] GC(153)   Pre Evacuate Collection Set: 0.43ms
[500.881s][info][gc,phases      ] GC(153)   Merge Heap Roots: 1.01ms
[500.881s][info][gc,phases      ] GC(153)   Evacuate Collection Set: 139.69ms
[500.881s][info][gc,phases      ] GC(153)   Post Evacuate Collection Set: 0.96ms
[500.881s][info][gc,phases      ] GC(153)   Other: 0.09ms
[500.881s][info][gc,heap        ] GC(153) Eden regions: 1118->0(1119)
[500.881s][info][gc,heap        ] GC(153) Survivor regions: 110->109(154)
[500.881s][info][gc,heap        ] GC(153) Old regions: 524->464
[500.881s][info][gc,heap        ] GC(153) Humongous regions: 77->77
[500.881s][info][gc,metaspace   ] GC(153) Metaspace: 28822K(29120K)->28822K(29120K) NonClass: 23940K(24064K)->23940K(24064K) Class: 4882K(5056K)->4882K(5056K)
[500.881s][info][gc             ] GC(153) Pause Young (Mixed) (G1 Evacuation Pause) 3655M->1297M(4096M) 142.318ms
[500.881s][info][gc,cpu         ] GC(153) User=0.84s Sys=0.01s Real=0.14s
.............[514.337s][info][gc,start       ] GC(154) Pause Young (Concurrent Start) (G1 Evacuation Pause)
[514.337s][info][gc,task        ] GC(154) Using 6 workers of 6 for evacuation
[514.454s][info][gc,phases      ] GC(154)   Pre Evacuate Collection Set: 0.42ms
[514.454s][info][gc,phases      ] GC(154)   Merge Heap Roots: 0.51ms
[514.454s][info][gc,phases      ] GC(154)   Evacuate Collection Set: 115.37ms
[514.454s][info][gc,phases      ] GC(154)   Post Evacuate Collection Set: 0.95ms
[514.454s][info][gc,phases      ] GC(154)   Other: 0.13ms
[514.454s][info][gc,heap        ] GC(154) Eden regions: 1119->0(1119)
[514.454s][info][gc,heap        ] GC(154) Survivor regions: 109->109(154)
[514.454s][info][gc,heap        ] GC(154) Old regions: 464->497
[514.455s][info][gc,heap        ] GC(154) Humongous regions: 77->77
[514.455s][info][gc,metaspace   ] GC(154) Metaspace: 28823K(29120K)->28823K(29120K) NonClass: 23941K(24064K)->23941K(24064K) Class: 4882K(5056K)->4882K(5056K)
[514.455s][info][gc             ] GC(154) Pause Young (Concurrent Start) (G1 Evacuation Pause) 3535M->1364M(4096M) 117.532ms
[514.455s][info][gc             ] GC(155) Concurrent Mark Cycle
[514.455s][info][gc,marking     ] GC(155) Concurrent Scan Root Regions
[514.455s][info][gc,cpu         ] GC(154) User=0.69s Sys=0.00s Real=0.12s
.[514.573s][info][gc,marking     ] GC(155) Concurrent Scan Root Regions 118.579ms
[514.573s][info][gc,marking     ] GC(155) Concurrent Mark
[514.573s][info][gc,marking     ] GC(155) Concurrent Mark From Roots
[514.573s][info][gc,task        ] GC(155) Using 2 workers of 2 for marking
[515.056s][info][gc,marking     ] GC(155) Concurrent Mark From Roots 483.272ms
[515.057s][info][gc,marking     ] GC(155) Concurrent Preclean
[515.057s][info][gc,marking     ] GC(155) Concurrent Preclean 0.050ms
[515.057s][info][gc,start       ] GC(155) Pause Remark
[515.059s][info][gc             ] GC(155) Pause Remark 1495M->1495M(4096M) 2.500ms
[515.059s][info][gc,cpu         ] GC(155) User=0.01s Sys=0.00s Real=0.01s
[515.059s][info][gc,marking     ] GC(155) Concurrent Mark 486.074ms
[515.059s][info][gc,marking     ] GC(155) Concurrent Rebuild Remembered Sets and Scrub Regions
[515.252s][info][gc,marking     ] GC(155) Concurrent Rebuild Remembered Sets and Scrub Regions 192.527ms
[515.252s][info][gc,start       ] GC(155) Pause Cleanup
[515.252s][info][gc             ] GC(155) Pause Cleanup 1531M->1531M(4096M) 0.130ms
[515.252s][info][gc,cpu         ] GC(155) User=0.00s Sys=0.00s Real=0.00s
[515.252s][info][gc,marking     ] GC(155) Concurrent Clear Claimed Marks
[515.252s][info][gc,marking     ] GC(155) Concurrent Clear Claimed Marks 0.028ms
[515.252s][info][gc,marking     ] GC(155) Concurrent Cleanup for Next Mark
[515.255s][info][gc,marking     ] GC(155) Concurrent Cleanup for Next Mark 3.180ms
[515.255s][info][gc             ] GC(155) Concurrent Mark Cycle 800.856ms
.............[527.713s][info][gc,start       ] GC(156) Pause Young (Prepare Mixed) (G1 Evacuation Pause)
[527.713s][info][gc,task        ] GC(156) Using 6 workers of 6 for evacuation
[527.832s][info][gc,phases      ] GC(156)   Pre Evacuate Collection Set: 0.35ms
[527.832s][info][gc,phases      ] GC(156)   Merge Heap Roots: 0.54ms
[527.832s][info][gc,phases      ] GC(156)   Evacuate Collection Set: 117.15ms
[527.832s][info][gc,phases      ] GC(156)   Post Evacuate Collection Set: 0.98ms
[527.832s][info][gc,phases      ] GC(156)   Other: 0.09ms
[527.832s][info][gc,heap        ] GC(156) Eden regions: 1119->0(1119)
[527.832s][info][gc,heap        ] GC(156) Survivor regions: 109->109(154)
[527.832s][info][gc,heap        ] GC(156) Old regions: 497->530
[527.832s][info][gc,heap        ] GC(156) Humongous regions: 77->77
[527.832s][info][gc,metaspace   ] GC(156) Metaspace: 28827K(29120K)->28827K(29120K) NonClass: 23945K(24064K)->23945K(24064K) Class: 4882K(5056K)->4882K(5056K)
[527.832s][info][gc             ] GC(156) Pause Young (Prepare Mixed) (G1 Evacuation Pause) 3602M->1429M(4096M) 119.254ms
[527.832s][info][gc,cpu         ] GC(156) User=0.70s Sys=0.00s Real=0.12s
.............[541.069s][info][gc,start       ] GC(157) Pause Young (Mixed) (G1 Evacuation Pause)
[541.069s][info][gc,task        ] GC(157) Using 6 workers of 6 for evacuation
[541.201s][info][gc,phases      ] GC(157)   Pre Evacuate Collection Set: 0.39ms
[541.201s][info][gc,phases      ] GC(157)   Merge Heap Roots: 0.64ms
[541.201s][info][gc,phases      ] GC(157)   Evacuate Collection Set: 129.66ms
[541.201s][info][gc,phases      ] GC(157)   Post Evacuate Collection Set: 0.96ms
[541.201s][info][gc,phases      ] GC(157)   Other: 0.09ms
[541.201s][info][gc,heap        ] GC(157) Eden regions: 1119->0(1120)
[541.201s][info][gc,heap        ] GC(157) Survivor regions: 109->108(154)
[541.201s][info][gc,heap        ] GC(157) Old regions: 530->461
[541.201s][info][gc,heap        ] GC(157) Humongous regions: 77->77
[541.201s][info][gc,metaspace   ] GC(157) Metaspace: 28831K(29120K)->28831K(29120K) NonClass: 23949K(24064K)->23949K(24064K) Class: 4882K(5056K)->4882K(5056K)
[541.201s][info][gc             ] GC(157) Pause Young (Mixed) (G1 Evacuation Pause) 3667M->1290M(4096M) 131.874ms
[541.201s][info][gc,cpu         ] GC(157) User=0.78s Sys=0.01s Real=0.13s
..............[554.819s][info][gc,start       ] GC(158) Pause Young (Concurrent Start) (G1 Evacuation Pause)
[554.819s][info][gc,task        ] GC(158) Using 6 workers of 6 for evacuation
[554.938s][info][gc,phases      ] GC(158)   Pre Evacuate Collection Set: 0.41ms
[554.938s][info][gc,phases      ] GC(158)   Merge Heap Roots: 0.54ms
[554.938s][info][gc,phases      ] GC(158)   Evacuate Collection Set: 116.07ms
[554.938s][info][gc,phases      ] GC(158)   Post Evacuate Collection Set: 0.98ms
[554.938s][info][gc,phases      ] GC(158)   Other: 0.11ms
[554.938s][info][gc,heap        ] GC(158) Eden regions: 1120->0(1118)
[554.938s][info][gc,heap        ] GC(158) Survivor regions: 108->110(154)
[554.938s][info][gc,heap        ] GC(158) Old regions: 461->494
[554.938s][info][gc,heap        ] GC(158) Humongous regions: 77->77
[554.938s][info][gc,metaspace   ] GC(158) Metaspace: 28841K(29184K)->28841K(29184K) NonClass: 23959K(24128K)->23959K(24128K) Class: 4882K(5056K)->4882K(5056K)
[554.938s][info][gc             ] GC(158) Pause Young (Concurrent Start) (G1 Evacuation Pause) 3530M->1359M(4096M) 118.240ms
[554.938s][info][gc             ] GC(159) Concurrent Mark Cycle
[554.938s][info][gc,marking     ] GC(159) Concurrent Scan Root Regions
[554.938s][info][gc,cpu         ] GC(158) User=0.70s Sys=0.00s Real=0.11s
[555.054s][info][gc,marking     ] GC(159) Concurrent Scan Root Regions 116.668ms
[555.054s][info][gc,marking     ] GC(159) Concurrent Mark
[555.054s][info][gc,marking     ] GC(159) Concurrent Mark From Roots
[555.054s][info][gc,task        ] GC(159) Using 2 workers of 2 for marking
.[555.571s][info][gc,marking     ] GC(159) Concurrent Mark From Roots 516.115ms
[555.571s][info][gc,marking     ] GC(159) Concurrent Preclean
[555.571s][info][gc,marking     ] GC(159) Concurrent Preclean 0.046ms
[555.571s][info][gc,start       ] GC(159) Pause Remark
[555.573s][info][gc             ] GC(159) Pause Remark 1489M->1489M(4096M) 2.496ms
[555.573s][info][gc,cpu         ] GC(159) User=0.01s Sys=0.01s Real=0.00s
[555.573s][info][gc,marking     ] GC(159) Concurrent Mark 518.937ms
[555.573s][info][gc,marking     ] GC(159) Concurrent Rebuild Remembered Sets and Scrub Regions
[555.777s][info][gc,marking     ] GC(159) Concurrent Rebuild Remembered Sets and Scrub Regions 203.560ms
[555.777s][info][gc,start       ] GC(159) Pause Cleanup
[555.777s][info][gc             ] GC(159) Pause Cleanup 1520M->1520M(4096M) 0.132ms
[555.777s][info][gc,cpu         ] GC(159) User=0.00s Sys=0.00s Real=0.00s
[555.777s][info][gc,marking     ] GC(159) Concurrent Clear Claimed Marks
[555.777s][info][gc,marking     ] GC(159) Concurrent Clear Claimed Marks 0.027ms
[555.777s][info][gc,marking     ] GC(159) Concurrent Cleanup for Next Mark
[555.781s][info][gc,marking     ] GC(159) Concurrent Cleanup for Next Mark 3.177ms
[555.781s][info][gc             ] GC(159) Concurrent Mark Cycle 842.839ms
... (rIR:aIR:PR = 1384:1384:1384) (tPR = 21071) [OK] 
   558s: 
   558s: Building throughput-responsetime curve
   558s: ( 0%)   IR =      0 ...|............................................................ (rIR:aIR:PR = 0:0:0) (tPR = 0) [OK] 
   621s: Performance info:
         Transaction,    Success,    Partial,     Failed,   Receipts, AvgBarcode, 
         Response times:
             Request,    Success,    Partial,     Failed,   SkipFail,     Probes,    Samples,      min,      p50,      p90,      p95,      p99,      max, 

   621s: ( 1%)   IR =    138 ....|............................................................ (rIR:aIR:PR = 138:139:139) (tPR = 2005) [OK] 
   685s: Performance info:
         Transaction,    Success,    Partial,     Failed,   Receipts, AvgBarcode, 
             Overall,       8316,          0,          0,       7894,      59.42, 
         Response times:
             Request,    Success,    Partial,     Failed,   SkipFail,     Probes,    Samples,      min,      p50,      p90,      p95,      p99,      max, 
       TotalPurchase,       7894,          0,          0,          0,       7194,       8169,      300,      400,      600,      600,      800,     1000,
     InStorePurchase,       4151,          0,          0,          0,       3840,       4295,      300,      400,      500,      600,      800,      900,
      OnlinePurchase,       2910,          0,          0,          0,       2641,       2982,      300,      500,      600,      700,      800,     1000,
        InstPurchase,        833,          0,          0,          0,        713,        892,      400,      500,      600,      600,      900,     1000,
          AssocOfCat,          8,          0,          0,          0,          8,          8,    23000,    26000,    32000,    32000,    32000,    32000,
      AssocOfProduct,         84,          0,          0,          0,         82,         88,      400,      600,      700,      700,      800,      800,
      BusinessReport,         24,          0,          0,          0,         21,         22,    23000,    29000,    33700,    34000,    34000,    34000,
          CustBuyBeh,         83,          0,          0,          0,         80,         88,      200,      300,      410,      555,      600,      600,
       ProductReturn,        223,          0,          0,          0,        171,        241,      200,      300,      300,      390,      558,      700,

   685s: ( 2%)   IR =    277 ....|..........[700.538s][info][gc,start       ] GC(160) Pause Young (Prepare Mixed) (G1 Evacuation Pause)
[700.538s][info][gc,task        ] GC(160) Using 6 workers of 6 for evacuation
[700.656s][info][gc,phases      ] GC(160)   Pre Evacuate Collection Set: 0.36ms
[700.656s][info][gc,phases      ] GC(160)   Merge Heap Roots: 0.66ms
[700.656s][info][gc,phases      ] GC(160)   Evacuate Collection Set: 115.65ms
[700.656s][info][gc,phases      ] GC(160)   Post Evacuate Collection Set: 0.96ms
[700.656s][info][gc,phases      ] GC(160)   Other: 0.10ms
[700.656s][info][gc,heap        ] GC(160) Eden regions: 1118->0(1120)
[700.656s][info][gc,heap        ] GC(160) Survivor regions: 110->108(154)
[700.656s][info][gc,heap        ] GC(160) Old regions: 494->526
[700.656s][info][gc,heap        ] GC(160) Humongous regions: 77->77
[700.656s][info][gc,metaspace   ] GC(160) Metaspace: 28849K(29184K)->28849K(29184K) NonClass: 23967K(24128K)->23967K(24128K) Class: 4882K(5056K)->4882K(5056K)
[700.656s][info][gc             ] GC(160) Pause Young (Prepare Mixed) (G1 Evacuation Pause) 3595M->1420M(4096M) 117.872ms
[700.656s][info][gc,cpu         ] GC(160) User=0.69s Sys=0.00s Real=0.12s
.................................................. (rIR:aIR:PR = 277:277:277) (tPR = 4103) [OK] 
   749s: Performance info:
         Transaction,    Success,    Partial,     Failed,   Receipts, AvgBarcode, 
             Overall,      16648,          0,          0,      15811,      59.46, 
         Response times:
             Request,    Success,    Partial,     Failed,   SkipFail,     Probes,    Samples,      min,      p50,      p90,      p95,      p99,      max, 
       TotalPurchase,      15811,          0,          0,          0,      14799,      16438,      300,      500,      800,      900,     1100,   121000,
     InStorePurchase,       8316,          0,          0,          0,       7823,       8548,      300,      500,      800,      900,     1000,   120000,
      OnlinePurchase,       5826,          0,          0,          0,       5476,       6100,      300,      500,      800,      900,     1100,   120000,
        InstPurchase,       1669,          0,          0,          0,       1500,       1790,      400,      600,      700,      800,     1000,   121000,
          AssocOfCat,         18,          0,          0,          0,         15,         16,    19900,    25000,    26300,    27000,    27000,    27000,
      AssocOfProduct,        166,          0,          0,          0,        124,        181,      500,      700,      800,      900,     1136,     1300,
      BusinessReport,         44,          0,          0,          0,         41,         44,    22000,    28000,    31000,    32000,    37000,    37000,
          CustBuyBeh,        166,          0,          0,          0,        123,        182,      200,      300,      600,      600,      817,      900,
       ProductReturn,        443,          0,          0,          0,        340,        458,      200,      300,      610,      700,      900,     1200,

   749s: ( 3%)   IR =    415 .....|......[761.682s][info][gc,start       ] GC(161) Pause Young (Mixed) (G1 Evacuation Pause)
[761.682s][info][gc,task        ] GC(161) Using 6 workers of 6 for evacuation
[761.815s][info][gc,phases      ] GC(161)   Pre Evacuate Collection Set: 0.42ms
[761.815s][info][gc,phases      ] GC(161)   Merge Heap Roots: 0.75ms
[761.815s][info][gc,phases      ] GC(161)   Evacuate Collection Set: 130.26ms
[761.815s][info][gc,phases      ] GC(161)   Post Evacuate Collection Set: 1.00ms
[761.815s][info][gc,phases      ] GC(161)   Other: 0.09ms
[761.815s][info][gc,heap        ] GC(161) Eden regions: 1120->0(1121)
[761.815s][info][gc,heap        ] GC(161) Survivor regions: 108->107(154)
[761.815s][info][gc,heap        ] GC(161) Old regions: 526->463
[761.815s][info][gc,heap        ] GC(161) Humongous regions: 77->77
[761.815s][info][gc,metaspace   ] GC(161) Metaspace: 28854K(29184K)->28854K(29184K) NonClass: 23972K(24128K)->23972K(24128K) Class: 4882K(5056K)->4882K(5056K)
[761.815s][info][gc             ] GC(161) Pause Young (Mixed) (G1 Evacuation Pause) 3660M->1293M(4096M) 132.654ms
[761.815s][info][gc,cpu         ] GC(161) User=0.78s Sys=0.00s Real=0.13s
..............................................[806.898s][info][gc,start       ] GC(162) Pause Young (Concurrent Start) (G1 Evacuation Pause)
[806.898s][info][gc,task        ] GC(162) Using 6 workers of 6 for evacuation
[807.015s][info][gc,phases      ] GC(162)   Pre Evacuate Collection Set: 0.45ms
[807.015s][info][gc,phases      ] GC(162)   Merge Heap Roots: 0.63ms
[807.015s][info][gc,phases      ] GC(162)   Evacuate Collection Set: 114.65ms
[807.015s][info][gc,phases      ] GC(162)   Post Evacuate Collection Set: 0.92ms
[807.015s][info][gc,phases      ] GC(162)   Other: 0.15ms
[807.015s][info][gc,heap        ] GC(162) Eden regions: 1121->0(1120)
[807.015s][info][gc,heap        ] GC(162) Survivor regions: 107->108(154)
[807.015s][info][gc,heap        ] GC(162) Old regions: 463->495
[807.015s][info][gc,heap        ] GC(162) Humongous regions: 77->77
[807.015s][info][gc,metaspace   ] GC(162) Metaspace: 28854K(29184K)->28854K(29184K) NonClass: 23972K(24128K)->23972K(24128K) Class: 4882K(5056K)->4882K(5056K)
[807.015s][info][gc             ] GC(162) Pause Young (Concurrent Start) (G1 Evacuation Pause) 3535M->1359M(4096M) 116.933ms
[807.015s][info][gc             ] GC(163) Concurrent Mark Cycle
[807.015s][info][gc,marking     ] GC(163) Concurrent Scan Root Regions
[807.015s][info][gc,cpu         ] GC(162) User=0.69s Sys=0.00s Real=0.11s
[807.121s][info][gc,marking     ] GC(163) Concurrent Scan Root Regions 105.517ms
[807.121s][info][gc,marking     ] GC(163) Concurrent Mark
[807.121s][info][gc,marking     ] GC(163) Concurrent Mark From Roots
[807.121s][info][gc,task        ] GC(163) Using 2 workers of 2 for marking
[807.629s][info][gc,marking     ] GC(163) Concurrent Mark From Roots 508.330ms
[807.629s][info][gc,marking     ] GC(163) Concurrent Preclean
[807.629s][info][gc,marking     ] GC(163) Concurrent Preclean 0.050ms
[807.629s][info][gc,start       ] GC(163) Pause Remark
[807.632s][info][gc             ] GC(163) Pause Remark 1411M->1411M(4096M) 2.379ms
[807.632s][info][gc,cpu         ] GC(163) User=0.01s Sys=0.00s Real=0.00s
[807.632s][info][gc,marking     ] GC(163) Concurrent Mark 511.065ms
[807.632s][info][gc,marking     ] GC(163) Concurrent Rebuild Remembered Sets and Scrub Regions
[807.829s][info][gc,marking     ] GC(163) Concurrent Rebuild Remembered Sets and Scrub Regions 196.837ms
[807.829s][info][gc,start       ] GC(163) Pause Cleanup
[807.829s][info][gc             ] GC(163) Pause Cleanup 1420M->1420M(4096M) 0.141ms
[807.829s][info][gc,cpu         ] GC(163) User=0.00s Sys=0.00s Real=0.00s
[807.829s][info][gc,marking     ] GC(163) Concurrent Clear Claimed Marks
[807.829s][info][gc,marking     ] GC(163) Concurrent Clear Claimed Marks 0.030ms
[807.829s][info][gc,marking     ] GC(163) Concurrent Cleanup for Next Mark
[807.832s][info][gc,marking     ] GC(163) Concurrent Cleanup for Next Mark 3.194ms
[807.832s][info][gc             ] GC(163) Concurrent Mark Cycle 817.139ms
........ (rIR:aIR:PR = 415:415:415) (tPR = 6322) [OK] 
   814s: Performance info:
         Transaction,    Success,    Partial,     Failed,   Receipts, AvgBarcode, 
             Overall,      24965,          0,          0,      23719,      59.49, 
         Response times:
             Request,    Success,    Partial,     Failed,   SkipFail,     Probes,    Samples,      min,      p50,      p90,      p95,      p99,      max, 
       TotalPurchase,      23719,          0,          0,          0,      22599,      25416,      300,      600,     1000,     1100,     1400,   135000,
     InStorePurchase,      12488,          0,          0,          0,      11993,      13385,      300,      600,     1000,     1100,     1400,   135000,
      OnlinePurchase,       8727,          0,          0,          0,       8310,       9380,      300,      700,     1000,     1100,     1400,   123000,
        InstPurchase,       2504,          0,          0,          0,       2296,       2651,      400,      600,      900,     1000,     1300,     2000,
          AssocOfCat,         24,          0,          0,          0,         22,         26,    17900,    25000,    26600,    29950,    31000,    31000,
      AssocOfProduct,        249,          0,          0,          0,        175,        232,      500,      800,     1100,     1100,     1534,     1700,
      BusinessReport,         62,          0,          0,          0,         60,         67,    19900,    29000,    32000,    32600,    60000,    60000,
          CustBuyBeh,        249,          0,          0,          0,        197,        258,      200,      500,      700,      900,     1200,     1200,
       ProductReturn,        662,          0,          0,          0,        556,        687,      200,      500,      900,     1000,     1300,     1600,

   814s: ( 4%)   IR =    553 ....|........................[843.102s][info][gc,start       ] GC(164) Pause Young (Prepare Mixed) (G1 Evacuation Pause)
[843.102s][info][gc,task        ] GC(164) Using 6 workers of 6 for evacuation
[843.220s][info][gc,phases      ] GC(164)   Pre Evacuate Collection Set: 0.37ms
[843.220s][info][gc,phases      ] GC(164)   Merge Heap Roots: 0.60ms
[843.220s][info][gc,phases      ] GC(164)   Evacuate Collection Set: 116.01ms
[843.220s][info][gc,phases      ] GC(164)   Post Evacuate Collection Set: 0.99ms
[843.220s][info][gc,phases      ] GC(164)   Other: 0.10ms
[843.220s][info][gc,heap        ] GC(164) Eden regions: 1120->0(1120)
[843.220s][info][gc,heap        ] GC(164) Survivor regions: 108->108(154)
[843.220s][info][gc,heap        ] GC(164) Old regions: 495->527
[843.220s][info][gc,heap        ] GC(164) Humongous regions: 77->77
[843.220s][info][gc,metaspace   ] GC(164) Metaspace: 28855K(29184K)->28855K(29184K) NonClass: 23972K(24128K)->23972K(24128K) Class: 4882K(5056K)->4882K(5056K)
[843.220s][info][gc             ] GC(164) Pause Young (Prepare Mixed) (G1 Evacuation Pause) 3599M->1422M(4096M) 118.213ms
[843.220s][info][gc,cpu         ] GC(164) User=0.70s Sys=0.00s Real=0.12s
..................................[876.997s][info][gc,start       ] GC(165) Pause Young (Mixed) (G1 Evacuation Pause)
[876.997s][info][gc,task        ] GC(165) Using 6 workers of 6 for evacuation
[877.131s][info][gc,phases      ] GC(165)   Pre Evacuate Collection Set: 0.42ms
[877.131s][info][gc,phases      ] GC(165)   Merge Heap Roots: 0.83ms
[877.131s][info][gc,phases      ] GC(165)   Evacuate Collection Set: 132.13ms
[877.131s][info][gc,phases      ] GC(165)   Post Evacuate Collection Set: 0.99ms
[877.131s][info][gc,phases      ] GC(165)   Other: 0.10ms
[877.131s][info][gc,heap        ] GC(165) Eden regions: 1120->0(1120)
[877.131s][info][gc,heap        ] GC(165) Survivor regions: 108->108(154)
[877.131s][info][gc,heap        ] GC(165) Old regions: 527->463
[877.131s][info][gc,heap        ] GC(165) Humongous regions: 77->77
[877.131s][info][gc,metaspace   ] GC(165) Metaspace: 28858K(29184K)->28858K(29184K) NonClass: 23976K(24128K)->23976K(24128K) Class: 4882K(5056K)->4882K(5056K)
[877.131s][info][gc             ] GC(165) Pause Young (Mixed) (G1 Evacuation Pause) 3662M->1295M(4096M) 134.589ms
[877.132s][info][gc,cpu         ] GC(165) User=0.80s Sys=0.00s Real=0.14s
.. (rIR:aIR:PR = 553:553:553) (tPR = 8316) [OK] 
   878s: Performance info:
         Transaction,    Success,    Partial,     Failed,   Receipts, AvgBarcode, 
             Overall,      33216,          0,          0,      31554,      59.47, 
         Response times:
             Request,    Success,    Partial,     Failed,   SkipFail,     Probes,    Samples,      min,      p50,      p90,      p95,      p99,      max, 
       TotalPurchase,      31554,          0,          0,          0,      30124,      33030,      300,      800,     1200,     1300,     1600,   136000,
     InStorePurchase,      16603,          0,          0,          0,      16012,      17430,      300,      800,     1200,     1300,     1600,   136000,
      OnlinePurchase,      11630,          0,          0,          0,      11033,      12101,      300,      800,     1100,     1200,     1500,   120000,
        InstPurchase,       3321,          0,          0,          0,       3079,       3499,      400,      800,     1200,     1300,     1700,     5000,
          AssocOfCat,         33,          0,          0,          0,         28,         34,    18100,    25000,    28000,    35000,    38000,    38000,
      AssocOfProduct,        333,          0,          0,          0,        242,        304,      400,      900,     1300,     1500,     1795,     4600,
      BusinessReport,         83,          0,          0,          0,         80,         88,    19900,    29000,    31100,    32000,    38000,    38000,
          CustBuyBeh,        330,          0,          0,          0,        237,        318,      300,      700,     1100,     1100,     1300,     1400,
       ProductReturn,        883,          0,          0,          0,        775,        941,      200,      600,     1000,     1100,     1400,     2500,

   878s: ( 5%)   IR =    692 ....|.....................[904.899s][info][gc,start       ] GC(166) Pause Young (Concurrent Start) (G1 Evacuation Pause)
[904.899s][info][gc,task        ] GC(166) Using 6 workers of 6 for evacuation
[905.016s][info][gc,phases      ] GC(166)   Pre Evacuate Collection Set: 0.48ms
[905.016s][info][gc,phases      ] GC(166)   Merge Heap Roots: 0.57ms
[905.016s][info][gc,phases      ] GC(166)   Evacuate Collection Set: 115.08ms
[905.016s][info][gc,phases      ] GC(166)   Post Evacuate Collection Set: 0.92ms
[905.016s][info][gc,phases      ] GC(166)   Other: 0.12ms
[905.016s][info][gc,heap        ] GC(166) Eden regions: 1120->0(1120)
[905.016s][info][gc,heap        ] GC(166) Survivor regions: 108->108(154)
[905.016s][info][gc,heap        ] GC(166) Old regions: 463->495
[905.016s][info][gc,heap        ] GC(166) Humongous regions: 77->77
[905.016s][info][gc,metaspace   ] GC(166) Metaspace: 28860K(29184K)->28860K(29184K) NonClass: 23978K(24128K)->23978K(24128K) Class: 4882K(5056K)->4882K(5056K)
[905.016s][info][gc             ] GC(166) Pause Young (Concurrent Start) (G1 Evacuation Pause) 3535M->1358M(4096M) 117.321ms
[905.016s][info][gc             ] GC(167) Concurrent Mark Cycle
[905.016s][info][gc,marking     ] GC(167) Concurrent Scan Root Regions
[905.016s][info][gc,cpu         ] GC(166) User=0.69s Sys=0.00s Real=0.11s
.[905.125s][info][gc,marking     ] GC(167) Concurrent Scan Root Regions 108.637ms
[905.125s][info][gc,marking     ] GC(167) Concurrent Mark
[905.125s][info][gc,marking     ] GC(167) Concurrent Mark From Roots
[905.125s][info][gc,task        ] GC(167) Using 2 workers of 2 for marking
[905.633s][info][gc,marking     ] GC(167) Concurrent Mark From Roots 508.588ms
[905.633s][info][gc,marking     ] GC(167) Concurrent Preclean
[905.634s][info][gc,marking     ] GC(167) Concurrent Preclean 0.047ms
[905.634s][info][gc,start       ] GC(167) Pause Remark
[905.636s][info][gc             ] GC(167) Pause Remark 1427M->1427M(4096M) 2.332ms
[905.636s][info][gc,cpu         ] GC(167) User=0.01s Sys=0.00s Real=0.00s
[905.636s][info][gc,marking     ] GC(167) Concurrent Mark 511.245ms
[905.636s][info][gc,marking     ] GC(167) Concurrent Rebuild Remembered Sets and Scrub Regions
[905.833s][info][gc,marking     ] GC(167) Concurrent Rebuild Remembered Sets and Scrub Regions 197.062ms
[905.833s][info][gc,start       ] GC(167) Pause Cleanup
[905.833s][info][gc             ] GC(167) Pause Cleanup 1440M->1440M(4096M) 0.140ms
[905.833s][info][gc,cpu         ] GC(167) User=0.00s Sys=0.00s Real=0.00s
[905.833s][info][gc,marking     ] GC(167) Concurrent Clear Claimed Marks
[905.834s][info][gc,marking     ] GC(167) Concurrent Clear Claimed Marks 0.032ms
[905.834s][info][gc,marking     ] GC(167) Concurrent Cleanup for Next Mark
[905.837s][info][gc,marking     ] GC(167) Concurrent Cleanup for Next Mark 3.194ms
[905.837s][info][gc             ] GC(167) Concurrent Mark Cycle 820.631ms
...........................[932.347s][info][gc,start       ] GC(168) Pause Young (Prepare Mixed) (G1 Evacuation Pause)
[932.347s][info][gc,task        ] GC(168) Using 6 workers of 6 for evacuation
[932.466s][info][gc,phases      ] GC(168)   Pre Evacuate Collection Set: 0.38ms
[932.466s][info][gc,phases      ] GC(168)   Merge Heap Roots: 0.67ms
[932.466s][info][gc,phases      ] GC(168)   Evacuate Collection Set: 116.39ms
[932.466s][info][gc,phases      ] GC(168)   Post Evacuate Collection Set: 0.94ms
[932.466s][info][gc,phases      ] GC(168)   Other: 0.10ms
[932.466s][info][gc,heap        ] GC(168) Eden regions: 1120->0(1118)
[932.466s][info][gc,heap        ] GC(168) Survivor regions: 108->110(154)
[932.466s][info][gc,heap        ] GC(168) Old regions: 495->527
[932.466s][info][gc,heap        ] GC(168) Humongous regions: 77->77
[932.466s][info][gc,metaspace   ] GC(168) Metaspace: 28861K(29184K)->28861K(29184K) NonClass: 23979K(24128K)->23979K(24128K) Class: 4882K(5056K)->4882K(5056K)
[932.466s][info][gc             ] GC(168) Pause Young (Prepare Mixed) (G1 Evacuation Pause) 3598M->1426M(4096M) 118.625ms
[932.466s][info][gc,cpu         ] GC(168) User=0.70s Sys=0.00s Real=0.12s
........... (rIR:aIR:PR = 692:692:692) (tPR = 10315) [OK] 
   942s: Performance info:
         Transaction,    Success,    Partial,     Failed,   Receipts, AvgBarcode, 
             Overall,      41620,          0,          0,      39545,      59.48, 
         Response times:
             Request,    Success,    Partial,     Failed,   SkipFail,     Probes,    Samples,      min,      p50,      p90,      p95,      p99,      max, 
       TotalPurchase,      39545,          0,          0,          0,      38002,      41554,      300,      900,     1300,     1500,     1900,   121000,
     InStorePurchase,      20804,          0,          0,          0,      19981,      21673,      300,      900,     1300,     1500,     1900,   121000,
      OnlinePurchase,      14572,          0,          0,          0,      14116,      15451,      300,      900,     1300,     1500,     1900,   121000,
        InstPurchase,       4169,          0,          0,          0,       3905,       4430,      400,     1000,     1400,     1500,     2000,   120000,
          AssocOfCat,         41,          0,          0,          0,         40,         44,    18000,    25000,    27000,    27000,    29000,    29000,
      AssocOfProduct,        416,          0,          0,          0,        335,        440,      600,     1200,     1590,     1700,     2100,     5500,
      BusinessReport,        105,          0,          0,          0,         94,        110,    20000,    29000,    33000,    37450,    51450,    52000,
          CustBuyBeh,        412,          0,          0,          0,        336,        437,      200,      800,     1200,     1400,     1600,   120000,
       ProductReturn,       1101,          0,          0,          0,        987,       1179,      200,      500,      900,     1100,     1400,     2600,

   942s: ( 6%)   IR =    830 .......|......[956.987s][info][gc,start       ] GC(169) Pause Young (Mixed) (G1 Evacuation Pause)
[956.987s][info][gc,task        ] GC(169) Using 6 workers of 6 for evacuation
[957.119s][info][gc,phases      ] GC(169)   Pre Evacuate Collection Set: 0.39ms
[957.119s][info][gc,phases      ] GC(169)   Merge Heap Roots: 0.80ms
[957.119s][info][gc,phases      ] GC(169)   Evacuate Collection Set: 130.24ms
[957.119s][info][gc,phases      ] GC(169)   Post Evacuate Collection Set: 0.97ms
[957.119s][info][gc,phases      ] GC(169)   Other: 0.11ms
[957.119s][info][gc,heap        ] GC(169) Eden regions: 1118->0(1118)
[957.119s][info][gc,heap        ] GC(169) Survivor regions: 110->110(154)
[957.119s][info][gc,heap        ] GC(169) Old regions: 527->464
[957.119s][info][gc,heap        ] GC(169) Humongous regions: 77->77
[957.119s][info][gc,metaspace   ] GC(169) Metaspace: 28866K(29184K)->28866K(29184K) NonClass: 23984K(24128K)->23984K(24128K) Class: 4882K(5056K)->4882K(5056K)
[957.119s][info][gc             ] GC(169) Pause Young (Mixed) (G1 Evacuation Pause) 3662M->1299M(4096M) 132.646ms
[957.119s][info][gc,cpu         ] GC(169) User=0.78s Sys=0.00s Real=0.14s
.......................[979.854s][info][gc,start       ] GC(170) Pause Young (Concurrent Start) (G1 Evacuation Pause)
[979.854s][info][gc,task        ] GC(170) Using 6 workers of 6 for evacuation
[979.972s][info][gc,phases      ] GC(170)   Pre Evacuate Collection Set: 0.46ms
[979.972s][info][gc,phases      ] GC(170)   Merge Heap Roots: 0.58ms
[979.972s][info][gc,phases      ] GC(170)   Evacuate Collection Set: 116.03ms
[979.972s][info][gc,phases      ] GC(170)   Post Evacuate Collection Set: 0.91ms
[979.972s][info][gc,phases      ] GC(170)   Other: 0.12ms
[979.972s][info][gc,heap        ] GC(170) Eden regions: 1118->0(1120)
[979.972s][info][gc,heap        ] GC(170) Survivor regions: 110->108(154)
[979.972s][info][gc,heap        ] GC(170) Old regions: 464->497
[979.972s][info][gc,heap        ] GC(170) Humongous regions: 77->77
[979.972s][info][gc,metaspace   ] GC(170) Metaspace: 28869K(29184K)->28869K(29184K) NonClass: 23987K(24128K)->23987K(24128K) Class: 4882K(5056K)->4882K(5056K)
[979.972s][info][gc             ] GC(170) Pause Young (Concurrent Start) (G1 Evacuation Pause) 3535M->1362M(4096M) 118.246ms
[979.972s][info][gc             ] GC(171) Concurrent Mark Cycle
[979.972s][info][gc,marking     ] GC(171) Concurrent Scan Root Regions
[979.972s][info][gc,cpu         ] GC(170) User=0.70s Sys=0.00s Real=0.12s
[980.081s][info][gc,marking     ] GC(171) Concurrent Scan Root Regions 108.550ms
[980.081s][info][gc,marking     ] GC(171) Concurrent Mark
[980.081s][info][gc,marking     ] GC(171) Concurrent Mark From Roots
[980.081s][info][gc,task        ] GC(171) Using 2 workers of 2 for marking
.[980.578s][info][gc,marking     ] GC(171) Concurrent Mark From Roots 497.832ms
[980.578s][info][gc,marking     ] GC(171) Concurrent Preclean
[980.579s][info][gc,marking     ] GC(171) Concurrent Preclean 0.055ms
[980.579s][info][gc,start       ] GC(171) Pause Remark
[980.581s][info][gc             ] GC(171) Pause Remark 1432M->1432M(4096M) 2.342ms
[980.581s][info][gc,cpu         ] GC(171) User=0.01s Sys=0.00s Real=0.00s
[980.581s][info][gc,marking     ] GC(171) Concurrent Mark 500.462ms
[980.581s][info][gc,marking     ] GC(171) Concurrent Rebuild Remembered Sets and Scrub Regions
[980.777s][info][gc,marking     ] GC(171) Concurrent Rebuild Remembered Sets and Scrub Regions 196.420ms
[980.778s][info][gc,start       ] GC(171) Pause Cleanup
[980.778s][info][gc             ] GC(171) Pause Cleanup 1448M->1448M(4096M) 0.130ms
[980.778s][info][gc,cpu         ] GC(171) User=0.00s Sys=0.00s Real=0.00s
[980.778s][info][gc,marking     ] GC(171) Concurrent Clear Claimed Marks
[980.778s][info][gc,marking     ] GC(171) Concurrent Clear Claimed Marks 0.026ms
[980.778s][info][gc,marking     ] GC(171) Concurrent Cleanup for Next Mark
[980.781s][info][gc,marking     ] GC(171) Concurrent Cleanup for Next Mark 3.229ms
[980.781s][info][gc             ] GC(171) Concurrent Mark Cycle 809.160ms
......................[1003.066s][info][gc,start       ] GC(172) Pause Young (Prepare Mixed) (G1 Evacuation Pause)
[1003.066s][info][gc,task        ] GC(172) Using 6 workers of 6 for evacuation
[1003.187s][info][gc,phases      ] GC(172)   Pre Evacuate Collection Set: 0.35ms
[1003.187s][info][gc,phases      ] GC(172)   Merge Heap Roots: 0.58ms
[1003.187s][info][gc,phases      ] GC(172)   Evacuate Collection Set: 118.90ms
[1003.187s][info][gc,phases      ] GC(172)   Post Evacuate Collection Set: 0.96ms
[1003.187s][info][gc,phases      ] GC(172)   Other: 0.09ms
[1003.187s][info][gc,heap        ] GC(172) Eden regions: 1120->0(1118)
[1003.187s][info][gc,heap        ] GC(172) Survivor regions: 108->110(154)
[1003.187s][info][gc,heap        ] GC(172) Old regions: 497->529
[1003.187s][info][gc,heap        ] GC(172) Humongous regions: 77->77
[1003.187s][info][gc,metaspace   ] GC(172) Metaspace: 28869K(29184K)->28869K(29184K) NonClass: 23987K(24128K)->23987K(24128K) Class: 4882K(5056K)->4882K(5056K)
[1003.187s][info][gc             ] GC(172) Pause Young (Prepare Mixed) (G1 Evacuation Pause) 3602M->1430M(4096M) 121.016ms
[1003.187s][info][gc,cpu         ] GC(172) User=0.71s Sys=0.00s Real=0.12s
........ (rIR:aIR:PR = 830:829:829) (tPR = 12236) [OK] 
  1010s: Performance info:
         Transaction,    Success,    Partial,     Failed,   Receipts, AvgBarcode, 
             Overall,      49874,          0,          0,      47369,      59.46, 
         Response times:
             Request,    Success,    Partial,     Failed,   SkipFail,     Probes,    Samples,      min,      p50,      p90,      p95,      p99,      max, 
       TotalPurchase,      47369,          0,          0,          0,      45476,      51882,      300,     1000,     1500,     1600,     2100,   138000,
     InStorePurchase,      24950,          0,          0,          0,      24068,      27178,      300,     1000,     1400,     1600,     2100,   138000,
      OnlinePurchase,      17429,          0,          0,          0,      16773,      19261,      300,     1000,     1500,     1700,     2200,   124000,
        InstPurchase,       4990,          0,          0,          0,       4635,       5443,      400,      900,     1500,     1600,     2100,   134000,
          AssocOfCat,         49,          0,          0,          0,         47,         54,    18900,    26000,    28500,    30250,   149000,   149000,
      AssocOfProduct,        499,          0,          0,          0,        425,        579,      500,     1100,     1600,     1700,     2200,     8400,
      BusinessReport,        126,          0,          0,          0,         90,        130,    19800,    29000,    35000,    37000,    45690,    46000,
          CustBuyBeh,        503,          0,          0,          0,        408,        544,      200,      900,     1300,     1400,     1955,     4200,
       ProductReturn,       1328,          0,          0,          0,       1172,       1438,      200,      900,     1400,     1500,     2100,     7200,

  1010s: ( 7%)   IR =    969 ....|.........[1023.732s][info][gc,start       ] GC(173) Pause Young (Mixed) (G1 Evacuation Pause)
[1023.732s][info][gc,task        ] GC(173) Using 6 workers of 6 for evacuation
[1023.865s][info][gc,phases      ] GC(173)   Pre Evacuate Collection Set: 0.44ms
[1023.865s][info][gc,phases      ] GC(173)   Merge Heap Roots: 0.78ms
[1023.865s][info][gc,phases      ] GC(173)   Evacuate Collection Set: 130.65ms
[1023.865s][info][gc,phases      ] GC(173)   Post Evacuate Collection Set: 1.04ms
[1023.865s][info][gc,phases      ] GC(173)   Other: 0.10ms
[1023.865s][info][gc,heap        ] GC(173) Eden regions: 1118->0(1119)
[1023.865s][info][gc,heap        ] GC(173) Survivor regions: 110->109(154)
[1023.865s][info][gc,heap        ] GC(173) Old regions: 529->465
[1023.865s][info][gc,heap        ] GC(173) Humongous regions: 77->77
[1023.865s][info][gc,metaspace   ] GC(173) Metaspace: 28870K(29184K)->28870K(29184K) NonClass: 23988K(24128K)->23988K(24128K) Class: 4882K(5056K)->4882K(5056K)
[1023.865s][info][gc             ] GC(173) Pause Young (Mixed) (G1 Evacuation Pause) 3666M->1299M(4096M) 133.176ms
[1023.865s][info][gc,cpu         ] GC(173) User=0.78s Sys=0.00s Real=0.13s
....................[1043.507s][info][gc,start       ] GC(174) Pause Young (Concurrent Start) (G1 Evacuation Pause)
[1043.507s][info][gc,task        ] GC(174) Using 6 workers of 6 for evacuation
[1043.625s][info][gc,phases      ] GC(174)   Pre Evacuate Collection Set: 0.41ms
[1043.625s][info][gc,phases      ] GC(174)   Merge Heap Roots: 0.56ms
[1043.625s][info][gc,phases      ] GC(174)   Evacuate Collection Set: 115.73ms
[1043.625s][info][gc,phases      ] GC(174)   Post Evacuate Collection Set: 0.92ms
[1043.625s][info][gc,phases      ] GC(174)   Other: 0.12ms
[1043.625s][info][gc,heap        ] GC(174) Eden regions: 1119->0(1119)
[1043.625s][info][gc,heap        ] GC(174) Survivor regions: 109->109(154)
[1043.625s][info][gc,heap        ] GC(174) Old regions: 465->497
[1043.625s][info][gc,heap        ] GC(174) Humongous regions: 77->77
[1043.625s][info][gc,metaspace   ] GC(174) Metaspace: 28870K(29184K)->28870K(29184K) NonClass: 23988K(24128K)->23988K(24128K) Class: 4882K(5056K)->4882K(5056K)
[1043.625s][info][gc             ] GC(174) Pause Young (Concurrent Start) (G1 Evacuation Pause) 3537M->1364M(4096M) 117.870ms
[1043.625s][info][gc             ] GC(175) Concurrent Mark Cycle
[1043.625s][info][gc,marking     ] GC(175) Concurrent Scan Root Regions
[1043.625s][info][gc,cpu         ] GC(174) User=0.70s Sys=0.00s Real=0.12s
[1043.738s][info][gc,marking     ] GC(175) Concurrent Scan Root Regions 112.342ms
[1043.738s][info][gc,marking     ] GC(175) Concurrent Mark
[1043.738s][info][gc,marking     ] GC(175) Concurrent Mark From Roots
[1043.738s][info][gc,task        ] GC(175) Using 2 workers of 2 for marking
.[1044.241s][info][gc,marking     ] GC(175) Concurrent Mark From Roots 503.529ms
[1044.241s][info][gc,marking     ] GC(175) Concurrent Preclean
[1044.241s][info][gc,marking     ] GC(175) Concurrent Preclean 0.052ms
[1044.242s][info][gc,start       ] GC(175) Pause Remark
[1044.244s][info][gc             ] GC(175) Pause Remark 1460M->1460M(4096M) 2.430ms
[1044.244s][info][gc,cpu         ] GC(175) User=0.01s Sys=0.00s Real=0.00s
[1044.244s][info][gc,marking     ] GC(175) Concurrent Mark 506.275ms
[1044.244s][info][gc,marking     ] GC(175) Concurrent Rebuild Remembered Sets and Scrub Regions
[1044.441s][info][gc,marking     ] GC(175) Concurrent Rebuild Remembered Sets and Scrub Regions 197.207ms
[1044.441s][info][gc,start       ] GC(175) Pause Cleanup
[1044.442s][info][gc             ] GC(175) Pause Cleanup 1478M->1478M(4096M) 0.137ms
[1044.442s][info][gc,cpu         ] GC(175) User=0.00s Sys=0.00s Real=0.00s
[1044.442s][info][gc,marking     ] GC(175) Concurrent Clear Claimed Marks
[1044.442s][info][gc,marking     ] GC(175) Concurrent Clear Claimed Marks 0.034ms
[1044.442s][info][gc,marking     ] GC(175) Concurrent Cleanup for Next Mark
[1044.445s][info][gc,marking     ] GC(175) Concurrent Cleanup for Next Mark 3.203ms
[1044.445s][info][gc             ] GC(175) Concurrent Mark Cycle 819.534ms
...................[1063.286s][info][gc,start       ] GC(176) Pause Young (Prepare Mixed) (G1 Evacuation Pause)
[1063.286s][info][gc,task        ] GC(176) Using 6 workers of 6 for evacuation
[1063.403s][info][gc,phases      ] GC(176)   Pre Evacuate Collection Set: 0.37ms
[1063.403s][info][gc,phases      ] GC(176)   Merge Heap Roots: 0.60ms
[1063.403s][info][gc,phases      ] GC(176)   Evacuate Collection Set: 115.17ms
[1063.403s][info][gc,phases      ] GC(176)   Post Evacuate Collection Set: 0.97ms
[1063.403s][info][gc,phases      ] GC(176)   Other: 0.09ms
[1063.403s][info][gc,heap        ] GC(176) Eden regions: 1119->0(1118)
[1063.403s][info][gc,heap        ] GC(176) Survivor regions: 109->110(154)
[1063.403s][info][gc,heap        ] GC(176) Old regions: 497->529
[1063.403s][info][gc,heap        ] GC(176) Humongous regions: 77->77
[1063.404s][info][gc,metaspace   ] GC(176) Metaspace: 28870K(29184K)->28870K(29184K) NonClass: 23988K(24128K)->23988K(24128K) Class: 4882K(5056K)->4882K(5056K)
[1063.404s][info][gc             ] GC(176) Pause Young (Prepare Mixed) (G1 Evacuation Pause) 3602M->1429M(4096M) 117.353ms
[1063.404s][info][gc,cpu         ] GC(176) User=0.70s Sys=0.00s Real=0.12s
........... (rIR:aIR:PR = 969:969:969) (tPR = 14387) [OK] 
  1074s: Performance info:
         Transaction,    Success,    Partial,     Failed,   Receipts, AvgBarcode, 
             Overall,      58203,          0,          0,      55298,      59.48, 
         Response times:
             Request,    Success,    Partial,     Failed,   SkipFail,     Probes,    Samples,      min,      p50,      p90,      p95,      p99,      max, 
       TotalPurchase,      55298,          0,          0,          0,      53389,      58081,      300,     1200,     1700,     1800,     2400,   137000,
     InStorePurchase,      29113,          0,          0,          0,      28278,      30637,      300,     1200,     1700,     1800,     2500,   137000,
      OnlinePurchase,      20371,          0,          0,          0,      19633,      21333,      300,     1200,     1700,     1800,     2400,   137000,
        InstPurchase,       5814,          0,          0,          0,       5478,       6111,      400,      900,     1500,     1600,     2000,     6500,
          AssocOfCat,         58,          0,          0,          0,         57,         60,    19500,    26000,    30800,    34000,   156000,   156000,
      AssocOfProduct,        580,          0,          0,          0,        464,        592,      500,     1300,     1700,     1800,     2300,     7200,
      BusinessReport,        146,          0,          0,          0,        111,        159,    19500,    30000,    33000,    34000,    55600,    64000,
          CustBuyBeh,        581,          0,          0,          0,        505,        642,      200,     1200,     1600,     1800,     3128,     7200,
       ProductReturn,       1540,          0,          0,          0,       1390,       1616,      200,      800,     1500,     1600,     2083,     7600,

  1074s: ( 8%)   IR =   1107 ......|.[1081.881s][info][gc,start       ] GC(177) Pause Young (Mixed) (G1 Evacuation Pause)
[1081.881s][info][gc,task        ] GC(177) Using 6 workers of 6 for evacuation
[1082.015s][info][gc,phases      ] GC(177)   Pre Evacuate Collection Set: 0.43ms
[1082.015s][info][gc,phases      ] GC(177)   Merge Heap Roots: 0.76ms
[1082.015s][info][gc,phases      ] GC(177)   Evacuate Collection Set: 131.68ms
[1082.015s][info][gc,phases      ] GC(177)   Post Evacuate Collection Set: 0.99ms
[1082.015s][info][gc,phases      ] GC(177)   Other: 0.10ms
[1082.015s][info][gc,heap        ] GC(177) Eden regions: 1118->0(1119)
[1082.015s][info][gc,heap        ] GC(177) Survivor regions: 110->109(154)
[1082.015s][info][gc,heap        ] GC(177) Old regions: 529->465
[1082.015s][info][gc,heap        ] GC(177) Humongous regions: 77->77
[1082.015s][info][gc,metaspace   ] GC(177) Metaspace: 28871K(29184K)->28871K(29184K) NonClass: 23989K(24128K)->23989K(24128K) Class: 4882K(5056K)->4882K(5056K)
[1082.015s][info][gc             ] GC(177) Pause Young (Mixed) (G1 Evacuation Pause) 3665M->1299M(4096M) 134.123ms
[1082.015s][info][gc,cpu         ] GC(177) User=0.79s Sys=0.00s Real=0.13s
..................[1099.270s][info][gc,start       ] GC(178) Pause Young (Concurrent Start) (G1 Evacuation Pause)
[1099.270s][info][gc,task        ] GC(178) Using 6 workers of 6 for evacuation
[1099.389s][info][gc,phases      ] GC(178)   Pre Evacuate Collection Set: 0.43ms
[1099.389s][info][gc,phases      ] GC(178)   Merge Heap Roots: 0.55ms
[1099.389s][info][gc,phases      ] GC(178)   Evacuate Collection Set: 117.47ms
[1099.389s][info][gc,phases      ] GC(178)   Post Evacuate Collection Set: 0.92ms
[1099.389s][info][gc,phases      ] GC(178)   Other: 0.13ms
[1099.389s][info][gc,heap        ] GC(178) Eden regions: 1119->0(1118)
[1099.389s][info][gc,heap        ] GC(178) Survivor regions: 109->110(154)
[1099.389s][info][gc,heap        ] GC(178) Old regions: 465->497
[1099.389s][info][gc,heap        ] GC(178) Humongous regions: 77->77
[1099.389s][info][gc,metaspace   ] GC(178) Metaspace: 28871K(29184K)->28871K(29184K) NonClass: 23989K(24128K)->23989K(24128K) Class: 4882K(5056K)->4882K(5056K)
[1099.389s][info][gc             ] GC(178) Pause Young (Concurrent Start) (G1 Evacuation Pause) 3537M->1365M(4096M) 119.653ms
[1099.389s][info][gc             ] GC(179) Concurrent Mark Cycle
[1099.389s][info][gc,marking     ] GC(179) Concurrent Scan Root Regions
[1099.389s][info][gc,cpu         ] GC(178) User=0.71s Sys=0.00s Real=0.12s
[1099.499s][info][gc,marking     ] GC(179) Concurrent Scan Root Regions 110.027ms
[1099.499s][info][gc,marking     ] GC(179) Concurrent Mark
[1099.499s][info][gc,marking     ] GC(179) Concurrent Mark From Roots
[1099.499s][info][gc,task        ] GC(179) Using 2 workers of 2 for marking
[1100.009s][info][gc,marking     ] GC(179) Concurrent Mark From Roots 509.996ms
[1100.009s][info][gc,marking     ] GC(179) Concurrent Preclean
[1100.009s][info][gc,marking     ] GC(179) Concurrent Preclean 0.051ms
[1100.010s][info][gc,start       ] GC(179) Pause Remark
[1100.012s][info][gc             ] GC(179) Pause Remark 1460M->1460M(4096M) 2.513ms
[1100.012s][info][gc,cpu         ] GC(179) User=0.01s Sys=0.00s Real=0.00s
[1100.012s][info][gc,marking     ] GC(179) Concurrent Mark 512.823ms
[1100.012s][info][gc,marking     ] GC(179) Concurrent Rebuild Remembered Sets and Scrub Regions
[1100.215s][info][gc,marking     ] GC(179) Concurrent Rebuild Remembered Sets and Scrub Regions 203.252ms
[1100.216s][info][gc,start       ] GC(179) Pause Cleanup
[1100.216s][info][gc             ] GC(179) Pause Cleanup 1487M->1487M(4096M) 0.126ms
[1100.216s][info][gc,cpu         ] GC(179) User=0.00s Sys=0.00s Real=0.00s
[1100.216s][info][gc,marking     ] GC(179) Concurrent Clear Claimed Marks
[1100.216s][info][gc,marking     ] GC(179) Concurrent Clear Claimed Marks 0.027ms
[1100.216s][info][gc,marking     ] GC(179) Concurrent Cleanup for Next Mark
[1100.219s][info][gc,marking     ] GC(179) Concurrent Cleanup for Next Mark 3.574ms
[1100.219s][info][gc             ] GC(179) Concurrent Mark Cycle 830.165ms
.................[1116.521s][info][gc,start       ] GC(180) Pause Young (Prepare Mixed) (G1 Evacuation Pause)
[1116.521s][info][gc,task        ] GC(180) Using 6 workers of 6 for evacuation
[1116.638s][info][gc,phases      ] GC(180)   Pre Evacuate Collection Set: 0.39ms
[1116.638s][info][gc,phases      ] GC(180)   Merge Heap Roots: 0.63ms
[1116.638s][info][gc,phases      ] GC(180)   Evacuate Collection Set: 115.25ms
[1116.639s][info][gc,phases      ] GC(180)   Post Evacuate Collection Set: 0.98ms
[1116.639s][info][gc,phases      ] GC(180)   Other: 0.10ms
[1116.639s][info][gc,heap        ] GC(180) Eden regions: 1118->0(1119)
[1116.639s][info][gc,heap        ] GC(180) Survivor regions: 110->109(154)
[1116.639s][info][gc,heap        ] GC(180) Old regions: 497->529
[1116.639s][info][gc,heap        ] GC(180) Humongous regions: 77->77
[1116.639s][info][gc,metaspace   ] GC(180) Metaspace: 28871K(29184K)->28871K(29184K) NonClass: 23989K(24128K)->23989K(24128K) Class: 4882K(5056K)->4882K(5056K)
[1116.639s][info][gc             ] GC(180) Pause Young (Prepare Mixed) (G1 Evacuation Pause) 3601M->1427M(4096M) 117.481ms
[1116.639s][info][gc,cpu         ] GC(180) User=0.69s Sys=0.00s Real=0.12s
.................[1133.850s][info][gc,start       ] GC(181) Pause Young (Mixed) (G1 Evacuation Pause)
[1133.850s][info][gc,task        ] GC(181) Using 6 workers of 6 for evacuation
[1133.985s][info][gc,phases      ] GC(181)   Pre Evacuate Collection Set: 0.44ms
[1133.985s][info][gc,phases      ] GC(181)   Merge Heap Roots: 0.85ms
[1133.985s][info][gc,phases      ] GC(181)   Evacuate Collection Set: 133.18ms
[1133.985s][info][gc,phases      ] GC(181)   Post Evacuate Collection Set: 0.98ms
[1133.985s][info][gc,phases      ] GC(181)   Other: 0.09ms
[1133.985s][info][gc,heap        ] GC(181) Eden regions: 1119->0(1119)
[1133.985s][info][gc,heap        ] GC(181) Survivor regions: 109->109(154)
[1133.985s][info][gc,heap        ] GC(181) Old regions: 529->467
[1133.985s][info][gc,heap        ] GC(181) Humongous regions: 77->77
[1133.985s][info][gc,metaspace   ] GC(181) Metaspace: 28871K(29184K)->28871K(29184K) NonClass: 23989K(24128K)->23989K(24128K) Class: 4882K(5056K)->4882K(5056K)
[1133.985s][info][gc             ] GC(181) Pause Young (Mixed) (G1 Evacuation Pause) 3665M->1303M(4096M) 135.691ms
[1133.986s][info][gc,cpu         ] GC(181) User=0.80s Sys=0.00s Real=0.13s
....... (rIR:aIR:PR = 1107:1107:1107) (tPR = 16334) [OK] 
  1140s: Performance info:
         Transaction,    Success,    Partial,     Failed,   Receipts, AvgBarcode, 
             Overall,      66456,          0,          0,      63126,      59.49, 
         Response times:
             Request,    Success,    Partial,     Failed,   SkipFail,     Probes,    Samples,      min,      p50,      p90,      p95,      p99,      max, 
       TotalPurchase,      63126,          0,          0,          0,      61382,      68418,      300,     1300,     1800,     2000,     2900,   141000,
     InStorePurchase,      33226,          0,          0,          0,      32545,      36057,      300,     1200,     1800,     2000,     2900,   141000,
      OnlinePurchase,      23248,          0,          0,          0,      22561,      25170,      400,     1300,     1900,     2100,     3000,   138000,
        InstPurchase,       6652,          0,          0,          0,       6276,       7191,      400,     1400,     1900,     2100,     3200,   137000,
          AssocOfCat,         64,          0,          0,          0,         62,         72,    22000,    27000,    31700,    36000,    37000,    37000,
      AssocOfProduct,        666,          0,          0,          0,        569,        728,      500,     1600,     2100,     2200,     2900,    10000,
      BusinessReport,        167,          0,          0,          0,        123,        186,    20000,    31000,    35000,    39950,    67120,   175000,
          CustBuyBeh,        666,          0,          0,          0,        580,        758,      400,     1400,     1800,     1900,     2582,     6800,
       ProductReturn,       1767,          0,          0,          0,       1584,       1882,      200,      700,     1500,     1600,     2100,   138000,

  1140s: ( 9%)   IR =   1245 ......|...[1150.012s][info][gc,start       ] GC(182) Pause Young (Concurrent Start) (G1 Evacuation Pause)
[1150.012s][info][gc,task        ] GC(182) Using 6 workers of 6 for evacuation
[1150.129s][info][gc,phases      ] GC(182)   Pre Evacuate Collection Set: 0.45ms
[1150.129s][info][gc,phases      ] GC(182)   Merge Heap Roots: 0.57ms
[1150.129s][info][gc,phases      ] GC(182)   Evacuate Collection Set: 114.28ms
[1150.129s][info][gc,phases      ] GC(182)   Post Evacuate Collection Set: 0.91ms
[1150.129s][info][gc,phases      ] GC(182)   Other: 0.13ms
[1150.129s][info][gc,heap        ] GC(182) Eden regions: 1119->0(1119)
[1150.129s][info][gc,heap        ] GC(182) Survivor regions: 109->109(154)
[1150.129s][info][gc,heap        ] GC(182) Old regions: 467->498
[1150.129s][info][gc,heap        ] GC(182) Humongous regions: 77->77
[1150.129s][info][gc,metaspace   ] GC(182) Metaspace: 28873K(29184K)->28873K(29184K) NonClass: 23991K(24128K)->23991K(24128K) Class: 4882K(5056K)->4882K(5056K)
[1150.129s][info][gc             ] GC(182) Pause Young (Concurrent Start) (G1 Evacuation Pause) 3541M->1367M(4096M) 116.469ms
[1150.129s][info][gc             ] GC(183) Concurrent Mark Cycle
[1150.129s][info][gc,marking     ] GC(183) Concurrent Scan Root Regions
[1150.129s][info][gc,cpu         ] GC(182) User=0.69s Sys=0.01s Real=0.12s
[1150.237s][info][gc,marking     ] GC(183) Concurrent Scan Root Regions 108.326ms
[1150.237s][info][gc,marking     ] GC(183) Concurrent Mark
[1150.237s][info][gc,marking     ] GC(183) Concurrent Mark From Roots
[1150.237s][info][gc,task        ] GC(183) Using 2 workers of 2 for marking
.[1150.767s][info][gc,marking     ] GC(183) Concurrent Mark From Roots 529.612ms
[1150.767s][info][gc,marking     ] GC(183) Concurrent Preclean
[1150.767s][info][gc,marking     ] GC(183) Concurrent Preclean 0.053ms
[1150.767s][info][gc,start       ] GC(183) Pause Remark
[1150.770s][info][gc             ] GC(183) Pause Remark 1502M->1502M(4096M) 2.565ms
[1150.770s][info][gc,cpu         ] GC(183) User=0.01s Sys=0.00s Real=0.01s
[1150.770s][info][gc,marking     ] GC(183) Concurrent Mark 532.483ms
[1150.770s][info][gc,marking     ] GC(183) Concurrent Rebuild Remembered Sets and Scrub Regions
[1150.968s][info][gc,marking     ] GC(183) Concurrent Rebuild Remembered Sets and Scrub Regions 198.295ms
[1150.968s][info][gc,start       ] GC(183) Pause Cleanup
[1150.968s][info][gc             ] GC(183) Pause Cleanup 1533M->1533M(4096M) 0.146ms
[1150.968s][info][gc,cpu         ] GC(183) User=0.00s Sys=0.00s Real=0.00s
[1150.969s][info][gc,marking     ] GC(183) Concurrent Clear Claimed Marks
[1150.969s][info][gc,marking     ] GC(183) Concurrent Clear Claimed Marks 0.033ms
[1150.969s][info][gc,marking     ] GC(183) Concurrent Cleanup for Next Mark
[1150.972s][info][gc,marking     ] GC(183) Concurrent Cleanup for Next Mark 3.592ms
[1150.972s][info][gc             ] GC(183) Concurrent Mark Cycle 843.252ms
..............[1165.173s][info][gc,start       ] GC(184) Pause Young (Prepare Mixed) (G1 Evacuation Pause)
[1165.173s][info][gc,task        ] GC(184) Using 6 workers of 6 for evacuation
[1165.290s][info][gc,phases      ] GC(184)   Pre Evacuate Collection Set: 0.37ms
[1165.290s][info][gc,phases      ] GC(184)   Merge Heap Roots: 0.60ms
[1165.290s][info][gc,phases      ] GC(184)   Evacuate Collection Set: 115.79ms
[1165.290s][info][gc,phases      ] GC(184)   Post Evacuate Collection Set: 0.96ms
[1165.290s][info][gc,phases      ] GC(184)   Other: 0.09ms
[1165.291s][info][gc,heap        ] GC(184) Eden regions: 1119->0(1119)
[1165.291s][info][gc,heap        ] GC(184) Survivor regions: 109->109(154)
[1165.291s][info][gc,heap        ] GC(184) Old regions: 498->530
[1165.291s][info][gc,heap        ] GC(184) Humongous regions: 77->77
[1165.291s][info][gc,metaspace   ] GC(184) Metaspace: 28873K(29184K)->28873K(29184K) NonClass: 23991K(24128K)->23991K(24128K) Class: 4882K(5056K)->4882K(5056K)
[1165.291s][info][gc             ] GC(184) Pause Young (Prepare Mixed) (G1 Evacuation Pause) 3605M->1429M(4096M) 117.925ms
[1165.291s][info][gc,cpu         ] GC(184) User=0.69s Sys=0.00s Real=0.12s
................[1180.500s][info][gc,start       ] GC(185) Pause Young (Mixed) (G1 Evacuation Pause)
[1180.500s][info][gc,task        ] GC(185) Using 6 workers of 6 for evacuation
[1180.631s][info][gc,phases      ] GC(185)   Pre Evacuate Collection Set: 0.42ms
[1180.631s][info][gc,phases      ] GC(185)   Merge Heap Roots: 0.68ms
[1180.631s][info][gc,phases      ] GC(185)   Evacuate Collection Set: 128.64ms
[1180.631s][info][gc,phases      ] GC(185)   Post Evacuate Collection Set: 0.99ms
[1180.631s][info][gc,phases      ] GC(185)   Other: 0.09ms
[1180.631s][info][gc,heap        ] GC(185) Eden regions: 1119->0(1118)
[1180.631s][info][gc,heap        ] GC(185) Survivor regions: 109->110(154)
[1180.631s][info][gc,heap        ] GC(185) Old regions: 530->465
[1180.631s][info][gc,heap        ] GC(185) Humongous regions: 77->77
[1180.631s][info][gc,metaspace   ] GC(185) Metaspace: 28873K(29184K)->28873K(29184K) NonClass: 23991K(24128K)->23991K(24128K) Class: 4882K(5056K)->4882K(5056K)
[1180.631s][info][gc             ] GC(185) Pause Young (Mixed) (G1 Evacuation Pause) 3667M->1301M(4096M) 130.950ms
[1180.631s][info][gc,cpu         ] GC(185) User=0.78s Sys=0.00s Real=0.13s
...............[1195.835s][info][gc,start       ] GC(186) Pause Young (Concurrent Start) (G1 Evacuation Pause)
[1195.835s][info][gc,task        ] GC(186) Using 6 workers of 6 for evacuation
[1195.956s][info][gc,phases      ] GC(186)   Pre Evacuate Collection Set: 0.44ms
[1195.956s][info][gc,phases      ] GC(186)   Merge Heap Roots: 0.58ms
[1195.956s][info][gc,phases      ] GC(186)   Evacuate Collection Set: 119.37ms
[1195.956s][info][gc,phases      ] GC(186)   Post Evacuate Collection Set: 0.92ms
[1195.956s][info][gc,phases      ] GC(186)   Other: 0.12ms
[1195.956s][info][gc,heap        ] GC(186) Eden regions: 1118->0(1116)
[1195.956s][info][gc,heap        ] GC(186) Survivor regions: 110->112(154)
[1195.956s][info][gc,heap        ] GC(186) Old regions: 465->497
[1195.956s][info][gc,heap        ] GC(186) Humongous regions: 77->77
[1195.956s][info][gc,metaspace   ] GC(186) Metaspace: 28873K(29184K)->28873K(29184K) NonClass: 23991K(24128K)->23991K(24128K) Class: 4882K(5056K)->4882K(5056K)
[1195.956s][info][gc             ] GC(186) Pause Young (Concurrent Start) (G1 Evacuation Pause) 3537M->1370M(4096M) 121.556ms
[1195.956s][info][gc             ] GC(187) Concurrent Mark Cycle
[1195.956s][info][gc,marking     ] GC(187) Concurrent Scan Root Regions
[1195.956s][info][gc,cpu         ] GC(186) User=0.72s Sys=0.00s Real=0.12s
[1196.073s][info][gc,marking     ] GC(187) Concurrent Scan Root Regions 116.814ms
[1196.073s][info][gc,marking     ] GC(187) Concurrent Mark
[1196.073s][info][gc,marking     ] GC(187) Concurrent Mark From Roots
[1196.073s][info][gc,task        ] GC(187) Using 2 workers of 2 for marking
.[1196.599s][info][gc,marking     ] GC(187) Concurrent Mark From Roots 525.361ms
[1196.599s][info][gc,marking     ] GC(187) Concurrent Preclean
[1196.599s][info][gc,marking     ] GC(187) Concurrent Preclean 0.047ms
[1196.599s][info][gc,start       ] GC(187) Pause Remark
[1196.601s][info][gc             ] GC(187) Pause Remark 1486M->1486M(4096M) 2.404ms
[1196.601s][info][gc,cpu         ] GC(187) User=0.01s Sys=0.00s Real=0.00s
[1196.601s][info][gc,marking     ] GC(187) Concurrent Mark 528.075ms
[1196.601s][info][gc,marking     ] GC(187) Concurrent Rebuild Remembered Sets and Scrub Regions
[1196.804s][info][gc,marking     ] GC(187) Concurrent Rebuild Remembered Sets and Scrub Regions 202.375ms
[1196.804s][info][gc,start       ] GC(187) Pause Cleanup
[1196.804s][info][gc             ] GC(187) Pause Cleanup 1512M->1512M(4096M) 0.144ms
[1196.804s][info][gc,cpu         ] GC(187) User=0.00s Sys=0.00s Real=0.00s
[1196.804s][info][gc,marking     ] GC(187) Concurrent Clear Claimed Marks
[1196.804s][info][gc,marking     ] GC(187) Concurrent Clear Claimed Marks 0.029ms
[1196.804s][info][gc,marking     ] GC(187) Concurrent Cleanup for Next Mark
[1196.807s][info][gc,marking     ] GC(187) Concurrent Cleanup for Next Mark 3.252ms
[1196.807s][info][gc             ] GC(187) Concurrent Mark Cycle 851.035ms
.......... (rIR:aIR:PR = 1245:1244:1244) (tPR = 18676) [OK] 
  1206s: Performance info:
         Transaction,    Success,    Partial,     Failed,   Receipts, AvgBarcode, 
             Overall,      74688,          0,          0,      70955,      59.48, 
         Response times:
             Request,    Success,    Partial,     Failed,   SkipFail,     Probes,    Samples,      min,      p50,      p90,      p95,      p99,      max, 
       TotalPurchase,      70955,          0,          0,          0,      68790,      77073,      400,     1400,     2000,     2300,     3400,   133000,
     InStorePurchase,      37327,          0,          0,          0,      36208,      40344,      400,     1400,     2000,     2300,     3400,   130000,
      OnlinePurchase,      26152,          0,          0,          0,      25439,      28556,      400,     1400,     2100,     2300,     3600,   133000,
        InstPurchase,       7476,          0,          0,          0,       7143,       8173,      400,     1300,     2000,     2200,     3200,   130000,
          AssocOfCat,         75,          0,          0,          0,         73,         82,    19100,    26000,    29000,    33850,   161000,   161000,
      AssocOfProduct,        748,          0,          0,          0,        674,        857,      500,      900,     1500,     1700,     2100,   120000,
      BusinessReport,        187,          0,          0,          0,        129,        197,    21000,    31000,    35200,    38000,   165320,   181000,
          CustBuyBeh,        749,          0,          0,          0,        637,        799,      400,     1400,     2000,     2200,     3100,    13800,
       ProductReturn,       1974,          0,          0,          0,       1798,       2165,      200,     1300,     2000,     2200,     3200,   121000,

  1206s: (10%)   IR =   1384 ....[1210.811s][info][gc,start       ] GC(188) Pause Young (Prepare Mixed) (G1 Evacuation Pause)
[1210.811s][info][gc,task        ] GC(188) Using 6 workers of 6 for evacuation
[1210.930s][info][gc,phases      ] GC(188)   Pre Evacuate Collection Set: 0.39ms
[1210.930s][info][gc,phases      ] GC(188)   Merge Heap Roots: 0.59ms
[1210.930s][info][gc,phases      ] GC(188)   Evacuate Collection Set: 117.07ms
[1210.930s][info][gc,phases      ] GC(188)   Post Evacuate Collection Set: 1.01ms
[1210.930s][info][gc,phases      ] GC(188)   Other: 0.09ms
[1210.930s][info][gc,heap        ] GC(188) Eden regions: 1116->0(1118)
[1210.930s][info][gc,heap        ] GC(188) Survivor regions: 112->110(154)
[1210.930s][info][gc,heap        ] GC(188) Old regions: 497->529
[1210.930s][info][gc,heap        ] GC(188) Humongous regions: 77->77
[1210.930s][info][gc,metaspace   ] GC(188) Metaspace: 28873K(29184K)->28873K(29184K) NonClass: 23991K(24128K)->23991K(24128K) Class: 4882K(5056K)->4882K(5056K)
[1210.930s][info][gc             ] GC(188) Pause Young (Prepare Mixed) (G1 Evacuation Pause) 3602M->1430M(4096M) 119.285ms
[1210.930s][info][gc,cpu         ] GC(188) User=0.70s Sys=0.00s Real=0.12s
..|............[1224.628s][info][gc,start       ] GC(189) Pause Young (Mixed) (G1 Evacuation Pause)
[1224.628s][info][gc,task        ] GC(189) Using 6 workers of 6 for evacuation
[1224.761s][info][gc,phases      ] GC(189)   Pre Evacuate Collection Set: 0.45ms
[1224.761s][info][gc,phases      ] GC(189)   Merge Heap Roots: 0.79ms
[1224.761s][info][gc,phases      ] GC(189)   Evacuate Collection Set: 131.22ms
[1224.761s][info][gc,phases      ] GC(189)   Post Evacuate Collection Set: 1.01ms
[1224.761s][info][gc,phases      ] GC(189)   Other: 0.09ms
[1224.761s][info][gc,heap        ] GC(189) Eden regions: 1118->0(1120)
[1224.761s][info][gc,heap        ] GC(189) Survivor regions: 110->108(154)
[1224.761s][info][gc,heap        ] GC(189) Old regions: 529->468
[1224.761s][info][gc,heap        ] GC(189) Humongous regions: 77->77
[1224.761s][info][gc,metaspace   ] GC(189) Metaspace: 28873K(29184K)->28873K(29184K) NonClass: 23991K(24128K)->23991K(24128K) Class: 4882K(5056K)->4882K(5056K)
[1224.762s][info][gc             ] GC(189) Pause Young (Mixed) (G1 Evacuation Pause) 3666M->1304M(4096M) 133.711ms
[1224.762s][info][gc,cpu         ] GC(189) User=0.79s Sys=0.00s Real=0.14s
..............[1238.459s][info][gc,start       ] GC(190) Pause Young (Concurrent Start) (G1 Evacuation Pause)
[1238.459s][info][gc,task        ] GC(190) Using 6 workers of 6 for evacuation
[1238.576s][info][gc,phases      ] GC(190)   Pre Evacuate Collection Set: 0.45ms
[1238.576s][info][gc,phases      ] GC(190)   Merge Heap Roots: 0.62ms
[1238.576s][info][gc,phases      ] GC(190)   Evacuate Collection Set: 114.43ms
[1238.576s][info][gc,phases      ] GC(190)   Post Evacuate Collection Set: 0.89ms
[1238.576s][info][gc,phases      ] GC(190)   Other: 0.13ms
[1238.576s][info][gc,heap        ] GC(190) Eden regions: 1120->0(1119)
[1238.576s][info][gc,heap        ] GC(190) Survivor regions: 108->109(154)
[1238.576s][info][gc,heap        ] GC(190) Old regions: 468->500
[1238.576s][info][gc,heap        ] GC(190) Humongous regions: 77->77
[1238.576s][info][gc,metaspace   ] GC(190) Metaspace: 28873K(29184K)->28873K(29184K) NonClass: 23991K(24128K)->23991K(24128K) Class: 4882K(5056K)->4882K(5056K)
[1238.576s][info][gc             ] GC(190) Pause Young (Concurrent Start) (G1 Evacuation Pause) 3544M->1370M(4096M) 116.651ms
[1238.576s][info][gc             ] GC(191) Concurrent Mark Cycle
[1238.576s][info][gc,cpu         ] GC(190) User=0.69s Sys=0.00s Real=0.11s
[1238.576s][info][gc,marking     ] GC(191) Concurrent Scan Root Regions
[1238.686s][info][gc,marking     ] GC(191) Concurrent Scan Root Regions 109.790ms
[1238.686s][info][gc,marking     ] GC(191) Concurrent Mark
[1238.686s][info][gc,marking     ] GC(191) Concurrent Mark From Roots
[1238.686s][info][gc,task        ] GC(191) Using 2 workers of 2 for marking
[1239.232s][info][gc,marking     ] GC(191) Concurrent Mark From Roots 546.252ms
[1239.232s][info][gc,marking     ] GC(191) Concurrent Preclean
[1239.232s][info][gc,marking     ] GC(191) Concurrent Preclean 0.049ms
[1239.232s][info][gc,start       ] GC(191) Pause Remark
[1239.235s][info][gc             ] GC(191) Pause Remark 1512M->1512M(4096M) 2.506ms
[1239.235s][info][gc,cpu         ] GC(191) User=0.01s Sys=0.00s Real=0.00s
[1239.235s][info][gc,marking     ] GC(191) Concurrent Mark 549.089ms
[1239.235s][info][gc,marking     ] GC(191) Concurrent Rebuild Remembered Sets and Scrub Regions
.[1239.435s][info][gc,marking     ] GC(191) Concurrent Rebuild Remembered Sets and Scrub Regions 200.586ms
[1239.436s][info][gc,start       ] GC(191) Pause Cleanup
[1239.436s][info][gc             ] GC(191) Pause Cleanup 1545M->1545M(4096M) 0.125ms
[1239.436s][info][gc,cpu         ] GC(191) User=0.00s Sys=0.00s Real=0.00s
[1239.436s][info][gc,marking     ] GC(191) Concurrent Clear Claimed Marks
[1239.436s][info][gc,marking     ] GC(191) Concurrent Clear Claimed Marks 0.028ms
[1239.436s][info][gc,marking     ] GC(191) Concurrent Cleanup for Next Mark
[1239.439s][info][gc,marking     ] GC(191) Concurrent Cleanup for Next Mark 3.358ms
[1239.439s][info][gc             ] GC(191) Concurrent Mark Cycle 863.294ms
............[1252.090s][info][gc,start       ] GC(192) Pause Young (Prepare Mixed) (G1 Evacuation Pause)
[1252.090s][info][gc,task        ] GC(192) Using 6 workers of 6 for evacuation
[1252.205s][info][gc,phases      ] GC(192)   Pre Evacuate Collection Set: 0.37ms
[1252.205s][info][gc,phases      ] GC(192)   Merge Heap Roots: 0.61ms
[1252.205s][info][gc,phases      ] GC(192)   Evacuate Collection Set: 113.42ms
[1252.205s][info][gc,phases      ] GC(192)   Post Evacuate Collection Set: 0.93ms
[1252.205s][info][gc,phases      ] GC(192)   Other: 0.10ms
[1252.205s][info][gc,heap        ] GC(192) Eden regions: 1119->0(1120)
[1252.205s][info][gc,heap        ] GC(192) Survivor regions: 109->108(154)
[1252.205s][info][gc,heap        ] GC(192) Old regions: 500->531
[1252.205s][info][gc,heap        ] GC(192) Humongous regions: 77->77
[1252.205s][info][gc,metaspace   ] GC(192) Metaspace: 28874K(29184K)->28874K(29184K) NonClass: 23992K(24128K)->23992K(24128K) Class: 4882K(5056K)->4882K(5056K)
[1252.205s][info][gc             ] GC(192) Pause Young (Prepare Mixed) (G1 Evacuation Pause) 3608M->1431M(4096M) 115.588ms
[1252.205s][info][gc,cpu         ] GC(192) User=0.68s Sys=0.00s Real=0.11s
..............[1266.025s][info][gc,start       ] GC(193) Pause Young (Mixed) (G1 Evacuation Pause)
[1266.025s][info][gc,task        ] GC(193) Using 6 workers of 6 for evacuation
[1266.155s][info][gc,phases      ] GC(193)   Pre Evacuate Collection Set: 0.39ms
[1266.155s][info][gc,phases      ] GC(193)   Merge Heap Roots: 0.67ms
[1266.155s][info][gc,phases      ] GC(193)   Evacuate Collection Set: 127.62ms
[1266.155s][info][gc,phases      ] GC(193)   Post Evacuate Collection Set: 1.01ms
[1266.155s][info][gc,phases      ] GC(193)   Other: 0.09ms
[1266.155s][info][gc,heap        ] GC(193) Eden regions: 1120->0(1120)
[1266.155s][info][gc,heap        ] GC(193) Survivor regions: 108->108(154)
[1266.155s][info][gc,heap        ] GC(193) Old regions: 531->467
[1266.155s][info][gc,heap        ] GC(193) Humongous regions: 77->77
[1266.155s][info][gc,metaspace   ] GC(193) Metaspace: 28874K(29184K)->28874K(29184K) NonClass: 23992K(24128K)->23992K(24128K) Class: 4882K(5056K)->4882K(5056K)
[1266.155s][info][gc             ] GC(193) Pause Young (Mixed) (G1 Evacuation Pause) 3671M->1302M(4096M) 129.900ms
[1266.155s][info][gc,cpu         ] GC(193) User=0.76s Sys=0.00s Real=0.13s
....... (rIR:aIR:PR = 1384:1384:1384) (tPR = 20434) [OK] 
  1272s: Performance info:
         Transaction,    Success,    Partial,     Failed,   Receipts, AvgBarcode, 
             Overall,      83093,          0,          0,      78934,      59.47, 
         Response times:
             Request,    Success,    Partial,     Failed,   SkipFail,     Probes,    Samples,      min,      p50,      p90,      p95,      p99,      max, 
       TotalPurchase,      78929,          0,          0,          0,      76548,      85441,      300,     1500,     2200,     2400,     3600,   137000,
     InStorePurchase,      41536,          0,          0,          0,      40399,      44977,      400,     1400,     2100,     2400,     3700,   137000,
      OnlinePurchase,      29090,          0,          0,          0,      28279,      31475,      300,     1500,     2200,     2400,     3624,   137000,
        InstPurchase,       8303,          0,          0,          0,       7870,       8989,      400,     1600,     2200,     2500,     3600,   137000,
          AssocOfCat,         83,          0,          0,          0,         75,         90,    22000,    26500,    30000,    32000,    39000,    39000,
      AssocOfProduct,        834,          0,          0,          0,        704,        884,      800,     1900,     2500,     2775,     9190,    14200,
      BusinessReport,        208,          0,          0,          0,        148,        213,    21000,    31000,    34000,    39300,    66320,   153000,
          CustBuyBeh,        833,          0,          0,          0,        712,        885,      300,     1800,     2300,     2600,     8542,    14800,
       ProductReturn,       2201,          0,          0,          0,       2028,       2417,      200,     1100,     1900,     2100,     2882,   136000,

  1272s: (11%)   IR =   1522 ......|[1279.169s][info][gc,start       ] GC(194) Pause Young (Concurrent Start) (G1 Evacuation Pause)
[1279.169s][info][gc,task        ] GC(194) Using 6 workers of 6 for evacuation
[1279.288s][info][gc,phases      ] GC(194)   Pre Evacuate Collection Set: 0.48ms
[1279.288s][info][gc,phases      ] GC(194)   Merge Heap Roots: 0.60ms
[1279.288s][info][gc,phases      ] GC(194)   Evacuate Collection Set: 116.59ms
[1279.288s][info][gc,phases      ] GC(194)   Post Evacuate Collection Set: 0.93ms
[1279.288s][info][gc,phases      ] GC(194)   Other: 0.14ms
[1279.288s][info][gc,heap        ] GC(194) Eden regions: 1120->0(1119)
[1279.288s][info][gc,heap        ] GC(194) Survivor regions: 108->109(154)
[1279.288s][info][gc,heap        ] GC(194) Old regions: 467->499
[1279.288s][info][gc,heap        ] GC(194) Humongous regions: 77->77
[1279.288s][info][gc,metaspace   ] GC(194) Metaspace: 28874K(29184K)->28874K(29184K) NonClass: 23992K(24128K)->23992K(24128K) Class: 4882K(5056K)->4882K(5056K)
[1279.288s][info][gc             ] GC(194) Pause Young (Concurrent Start) (G1 Evacuation Pause) 3542M->1367M(4096M) 118.864ms
[1279.288s][info][gc             ] GC(195) Concurrent Mark Cycle
[1279.288s][info][gc,marking     ] GC(195) Concurrent Scan Root Regions
[1279.288s][info][gc,cpu         ] GC(194) User=0.70s Sys=0.00s Real=0.12s
.[1279.399s][info][gc,marking     ] GC(195) Concurrent Scan Root Regions 110.671ms
[1279.399s][info][gc,marking     ] GC(195) Concurrent Mark
[1279.399s][info][gc,marking     ] GC(195) Concurrent Mark From Roots
[1279.399s][info][gc,task        ] GC(195) Using 2 workers of 2 for marking
[1279.925s][info][gc,marking     ] GC(195) Concurrent Mark From Roots 525.779ms
[1279.925s][info][gc,marking     ] GC(195) Concurrent Preclean
[1279.925s][info][gc,marking     ] GC(195) Concurrent Preclean 0.047ms
[1279.925s][info][gc,start       ] GC(195) Pause Remark
[1279.928s][info][gc             ] GC(195) Pause Remark 1507M->1507M(4096M) 2.679ms
[1279.928s][info][gc,cpu         ] GC(195) User=0.01s Sys=0.00s Real=0.00s
[1279.928s][info][gc,marking     ] GC(195) Concurrent Mark 528.783ms
[1279.928s][info][gc,marking     ] GC(195) Concurrent Rebuild Remembered Sets and Scrub Regions
[1280.128s][info][gc,marking     ] GC(195) Concurrent Rebuild Remembered Sets and Scrub Regions 200.263ms
[1280.128s][info][gc,start       ] GC(195) Pause Cleanup
[1280.128s][info][gc             ] GC(195) Pause Cleanup 1547M->1547M(4096M) 0.122ms
[1280.128s][info][gc,cpu         ] GC(195) User=0.00s Sys=0.00s Real=0.00s
[1280.128s][info][gc,marking     ] GC(195) Concurrent Clear Claimed Marks
[1280.128s][info][gc,marking     ] GC(195) Concurrent Clear Claimed Marks 0.032ms
[1280.128s][info][gc,marking     ] GC(195) Concurrent Cleanup for Next Mark
[1280.132s][info][gc,marking     ] GC(195) Concurrent Cleanup for Next Mark 3.203ms
[1280.132s][info][gc             ] GC(195) Concurrent Mark Cycle 843.400ms
............[1291.641s][info][gc,start       ] GC(196) Pause Young (Prepare Mixed) (G1 Evacuation Pause)
[1291.641s][info][gc,task        ] GC(196) Using 6 workers of 6 for evacuation
[1291.757s][info][gc,phases      ] GC(196)   Pre Evacuate Collection Set: 0.36ms
[1291.757s][info][gc,phases      ] GC(196)   Merge Heap Roots: 0.60ms
[1291.757s][info][gc,phases      ] GC(196)   Evacuate Collection Set: 114.39ms
[1291.757s][info][gc,phases      ] GC(196)   Post Evacuate Collection Set: 0.95ms
[1291.757s][info][gc,phases      ] GC(196)   Other: 0.10ms
[1291.757s][info][gc,heap        ] GC(196) Eden regions: 1119->0(1120)
[1291.757s][info][gc,heap        ] GC(196) Survivor regions: 109->108(154)
[1291.757s][info][gc,heap        ] GC(196) Old regions: 499->531
[1291.757s][info][gc,heap        ] GC(196) Humongous regions: 77->77
[1291.757s][info][gc,metaspace   ] GC(196) Metaspace: 28877K(29184K)->28877K(29184K) NonClass: 23995K(24128K)->23995K(24128K) Class: 4882K(5056K)->4882K(5056K)
[1291.757s][info][gc             ] GC(196) Pause Young (Prepare Mixed) (G1 Evacuation Pause) 3605M->1430M(4096M) 116.552ms
[1291.757s][info][gc,cpu         ] GC(196) User=0.69s Sys=0.00s Real=0.11s
............[1304.252s][info][gc,start       ] GC(197) Pause Young (Mixed) (G1 Evacuation Pause)
[1304.252s][info][gc,task        ] GC(197) Using 6 workers of 6 for evacuation
[1304.387s][info][gc,phases      ] GC(197)   Pre Evacuate Collection Set: 0.41ms
[1304.387s][info][gc,phases      ] GC(197)   Merge Heap Roots: 0.68ms
[1304.387s][info][gc,phases      ] GC(197)   Evacuate Collection Set: 132.23ms
[1304.387s][info][gc,phases      ] GC(197)   Post Evacuate Collection Set: 0.99ms
[1304.387s][info][gc,phases      ] GC(197)   Other: 0.09ms
[1304.387s][info][gc,heap        ] GC(197) Eden regions: 1120->0(1117)
[1304.387s][info][gc,heap        ] GC(197) Survivor regions: 108->111(154)
[1304.387s][info][gc,heap        ] GC(197) Old regions: 531->468
[1304.387s][info][gc,heap        ] GC(197) Humongous regions: 77->77
[1304.387s][info][gc,metaspace   ] GC(197) Metaspace: 28877K(29184K)->28877K(29184K) NonClass: 23995K(24128K)->23995K(24128K) Class: 4882K(5056K)->4882K(5056K)
[1304.387s][info][gc             ] GC(197) Pause Young (Mixed) (G1 Evacuation Pause) 3670M->1310M(4096M) 134.545ms
[1304.387s][info][gc,cpu         ] GC(197) User=0.80s Sys=0.00s Real=0.13s
.............[1316.740s][info][gc,start       ] GC(198) Pause Young (Concurrent Start) (G1 Evacuation Pause)
[1316.740s][info][gc,task        ] GC(198) Using 6 workers of 6 for evacuation
[1316.858s][info][gc,phases      ] GC(198)   Pre Evacuate Collection Set: 0.43ms
[1316.858s][info][gc,phases      ] GC(198)   Merge Heap Roots: 0.55ms
[1316.858s][info][gc,phases      ] GC(198)   Evacuate Collection Set: 116.64ms
[1316.858s][info][gc,phases      ] GC(198)   Post Evacuate Collection Set: 0.91ms
[1316.858s][info][gc,phases      ] GC(198)   Other: 0.11ms
[1316.858s][info][gc,heap        ] GC(198) Eden regions: 1117->0(1118)
[1316.858s][info][gc,heap        ] GC(198) Survivor regions: 111->110(154)
[1316.858s][info][gc,heap        ] GC(198) Old regions: 468->499
[1316.858s][info][gc,heap        ] GC(198) Humongous regions: 77->77
[1316.858s][info][gc,metaspace   ] GC(198) Metaspace: 28877K(29184K)->28877K(29184K) NonClass: 23995K(24128K)->23995K(24128K) Class: 4882K(5056K)->4882K(5056K)
[1316.858s][info][gc             ] GC(198) Pause Young (Concurrent Start) (G1 Evacuation Pause) 3544M->1370M(4096M) 118.769ms
[1316.858s][info][gc             ] GC(199) Concurrent Mark Cycle
[1316.858s][info][gc,marking     ] GC(199) Concurrent Scan Root Regions
[1316.858s][info][gc,cpu         ] GC(198) User=0.70s Sys=0.00s Real=0.12s
[1316.983s][info][gc,marking     ] GC(199) Concurrent Scan Root Regions 124.921ms
[1316.983s][info][gc,marking     ] GC(199) Concurrent Mark
[1316.983s][info][gc,marking     ] GC(199) Concurrent Mark From Roots
[1316.983s][info][gc,task        ] GC(199) Using 2 workers of 2 for marking
.[1317.516s][info][gc,marking     ] GC(199) Concurrent Mark From Roots 532.949ms
[1317.516s][info][gc,marking     ] GC(199) Concurrent Preclean
[1317.516s][info][gc,marking     ] GC(199) Concurrent Preclean 0.043ms
[1317.517s][info][gc,start       ] GC(199) Pause Remark
[1317.519s][info][gc             ] GC(199) Pause Remark 1504M->1504M(4096M) 2.623ms
[1317.519s][info][gc,cpu         ] GC(199) User=0.02s Sys=0.00s Real=0.01s
[1317.519s][info][gc,marking     ] GC(199) Concurrent Mark 535.874ms
[1317.519s][info][gc,marking     ] GC(199) Concurrent Rebuild Remembered Sets and Scrub Regions
[1317.726s][info][gc,marking     ] GC(199) Concurrent Rebuild Remembered Sets and Scrub Regions 206.859ms
[1317.726s][info][gc,start       ] GC(199) Pause Cleanup
[1317.726s][info][gc             ] GC(199) Pause Cleanup 1544M->1544M(4096M) 0.142ms
[1317.726s][info][gc,cpu         ] GC(199) User=0.00s Sys=0.00s Real=0.00s
[1317.727s][info][gc,marking     ] GC(199) Concurrent Clear Claimed Marks
[1317.727s][info][gc,marking     ] GC(199) Concurrent Clear Claimed Marks 0.032ms
[1317.727s][info][gc,marking     ] GC(199) Concurrent Cleanup for Next Mark
[1317.730s][info][gc,marking     ] GC(199) Concurrent Cleanup for Next Mark 3.338ms
[1317.730s][info][gc             ] GC(199) Concurrent Mark Cycle 871.512ms
...........[1329.248s][info][gc,start       ] GC(200) Pause Young (Prepare Mixed) (G1 Evacuation Pause)
[1329.248s][info][gc,task        ] GC(200) Using 6 workers of 6 for evacuation
[1329.368s][info][gc,phases      ] GC(200)   Pre Evacuate Collection Set: 0.38ms
[1329.368s][info][gc,phases      ] GC(200)   Merge Heap Roots: 0.65ms
[1329.368s][info][gc,phases      ] GC(200)   Evacuate Collection Set: 117.95ms
[1329.368s][info][gc,phases      ] GC(200)   Post Evacuate Collection Set: 0.97ms
[1329.368s][info][gc,phases      ] GC(200)   Other: 0.10ms
[1329.368s][info][gc,heap        ] GC(200) Eden regions: 1118->0(1116)
[1329.368s][info][gc,heap        ] GC(200) Survivor regions: 110->110(154)
[1329.368s][info][gc,heap        ] GC(200) Old regions: 499->532
[1329.368s][info][gc,heap        ] GC(200) Humongous regions: 77->77
[1329.368s][info][gc,metaspace   ] GC(200) Metaspace: 28877K(29184K)->28877K(29184K) NonClass: 23995K(24128K)->23995K(24128K) Class: 4882K(5056K)->4882K(5056K)
[1329.368s][info][gc             ] GC(200) Pause Young (Prepare Mixed) (G1 Evacuation Pause) 3606M->1436M(4096M) 120.173ms
[1329.368s][info][gc,cpu         ] GC(200) User=0.71s Sys=0.00s Real=0.12s
.......... (rIR:aIR:PR = 1522:1522:1522) (tPR = 22600) [OK] 
  1338s: Performance info:
         Transaction,    Success,    Partial,     Failed,   Receipts, AvgBarcode, 
             Overall,      91394,          0,          0,      86828,      59.47, 
         Response times:
             Request,    Success,    Partial,     Failed,   SkipFail,     Probes,    Samples,      min,      p50,      p90,      p95,      p99,      max, 
       TotalPurchase,      86828,          0,          0,          0,      84499,      94361,      300,     1600,     2400,     2700,     4100,   168000,
     InStorePurchase,      45708,          0,          0,          0,      44804,      49813,      300,     1500,     2300,     2600,     3900,   139000,
      OnlinePurchase,      31981,          0,          0,          0,      30960,      34580,      400,     1700,     2500,     2800,     4900,   168000,
        InstPurchase,       9139,          0,          0,          0,       8735,       9968,      400,     1700,     2400,     2700,     4300,   139000,
          AssocOfCat,         92,          0,          0,          0,         85,         99,    18300,    27000,    31000,    34000,    48000,    48000,
      AssocOfProduct,        916,          0,          0,          0,        784,        964,      700,     1850,     2500,     2775,     4005,    18000,
      BusinessReport,        229,          0,          0,          0,        171,        249,    22000,    31000,    37000,    40000,   136500,   189000,
          CustBuyBeh,        913,          0,          0,          0,        810,       1038,      600,     2000,     2600,     3000,     5327,   168000,
       ProductReturn,       2416,          0,          0,          0,       2230,       2649,      200,     1400,     2300,     2550,     4600,   124000,

  1338s: (12%)   IR =   1660 ...[1341.500s][info][gc,start       ] GC(201) Pause Young (Mixed) (G1 Evacuation Pause)
[1341.500s][info][gc,task        ] GC(201) Using 6 workers of 6 for evacuation
[1341.633s][info][gc,phases      ] GC(201)   Pre Evacuate Collection Set: 0.42ms
[1341.633s][info][gc,phases      ] GC(201)   Merge Heap Roots: 0.76ms
[1341.633s][info][gc,phases      ] GC(201)   Evacuate Collection Set: 130.42ms
[1341.633s][info][gc,phases      ] GC(201)   Post Evacuate Collection Set: 0.98ms
[1341.633s][info][gc,phases      ] GC(201)   Other: 0.09ms
[1341.633s][info][gc,heap        ] GC(201) Eden regions: 1116->0(1120)
[1341.633s][info][gc,heap        ] GC(201) Survivor regions: 110->108(154)
[1341.633s][info][gc,heap        ] GC(201) Old regions: 532->467
[1341.633s][info][gc,heap        ] GC(201) Humongous regions: 77->77
[1341.633s][info][gc,metaspace   ] GC(201) Metaspace: 28877K(29184K)->28877K(29184K) NonClass: 23995K(24128K)->23995K(24128K) Class: 4882K(5056K)->4882K(5056K)
[1341.633s][info][gc             ] GC(201) Pause Young (Mixed) (G1 Evacuation Pause) 3668M->1303M(4096M) 132.818ms
[1341.633s][info][gc,cpu         ] GC(201) User=0.78s Sys=0.00s Real=0.13s
..|.........[1353.028s][info][gc,start       ] GC(202) Pause Young (Concurrent Start) (G1 Evacuation Pause)
[1353.028s][info][gc,task        ] GC(202) Using 6 workers of 6 for evacuation
[1353.151s][info][gc,phases      ] GC(202)   Pre Evacuate Collection Set: 0.42ms
[1353.151s][info][gc,phases      ] GC(202)   Merge Heap Roots: 0.52ms
[1353.151s][info][gc,phases      ] GC(202)   Evacuate Collection Set: 120.84ms
[1353.151s][info][gc,phases      ] GC(202)   Post Evacuate Collection Set: 0.96ms
[1353.151s][info][gc,phases      ] GC(202)   Other: 0.13ms
[1353.151s][info][gc,heap        ] GC(202) Eden regions: 1120->0(1114)
[1353.151s][info][gc,heap        ] GC(202) Survivor regions: 108->114(154)
[1353.151s][info][gc,heap        ] GC(202) Old regions: 467->499
[1353.151s][info][gc,heap        ] GC(202) Humongous regions: 77->77
[1353.151s][info][gc,metaspace   ] GC(202) Metaspace: 28877K(29184K)->28877K(29184K) NonClass: 23995K(24128K)->23995K(24128K) Class: 4882K(5056K)->4882K(5056K)
[1353.151s][info][gc             ] GC(202) Pause Young (Concurrent Start) (G1 Evacuation Pause) 3543M->1378M(4096M) 123.000ms
[1353.151s][info][gc             ] GC(203) Concurrent Mark Cycle
[1353.151s][info][gc,marking     ] GC(203) Concurrent Scan Root Regions
[1353.151s][info][gc,cpu         ] GC(202) User=0.73s Sys=0.00s Real=0.12s
[1353.276s][info][gc,marking     ] GC(203) Concurrent Scan Root Regions 124.796ms
[1353.276s][info][gc,marking     ] GC(203) Concurrent Mark
[1353.276s][info][gc,marking     ] GC(203) Concurrent Mark From Roots
[1353.276s][info][gc,task        ] GC(203) Using 2 workers of 2 for marking
.[1353.823s][info][gc,marking     ] GC(203) Concurrent Mark From Roots 546.563ms
[1353.823s][info][gc,marking     ] GC(203) Concurrent Preclean
[1353.823s][info][gc,marking     ] GC(203) Concurrent Preclean 0.047ms
[1353.823s][info][gc,start       ] GC(203) Pause Remark
[1353.826s][info][gc             ] GC(203) Pause Remark 1529M->1529M(4096M) 2.523ms
[1353.826s][info][gc,cpu         ] GC(203) User=0.00s Sys=0.01s Real=0.00s
[1353.826s][info][gc,marking     ] GC(203) Concurrent Mark 549.406ms
[1353.826s][info][gc,marking     ] GC(203) Concurrent Rebuild Remembered Sets and Scrub Regions
[1354.024s][info][gc,marking     ] GC(203) Concurrent Rebuild Remembered Sets and Scrub Regions 198.215ms
[1354.024s][info][gc,start       ] GC(203) Pause Cleanup
[1354.024s][info][gc             ] GC(203) Pause Cleanup 1569M->1569M(4096M) 0.138ms
[1354.024s][info][gc,cpu         ] GC(203) User=0.00s Sys=0.00s Real=0.00s
[1354.024s][info][gc,marking     ] GC(203) Concurrent Clear Claimed Marks
[1354.024s][info][gc,marking     ] GC(203) Concurrent Clear Claimed Marks 0.030ms
[1354.024s][info][gc,marking     ] GC(203) Concurrent Cleanup for Next Mark
[1354.027s][info][gc,marking     ] GC(203) Concurrent Cleanup for Next Mark 3.224ms
[1354.028s][info][gc             ] GC(203) Concurrent Mark Cycle 876.208ms
...........[1364.480s][info][gc,start       ] GC(204) Pause Young (Prepare Mixed) (G1 Evacuation Pause)
[1364.480s][info][gc,task        ] GC(204) Using 6 workers of 6 for evacuation
[1364.598s][info][gc,phases      ] GC(204)   Pre Evacuate Collection Set: 0.37ms
[1364.598s][info][gc,phases      ] GC(204)   Merge Heap Roots: 0.60ms
[1364.598s][info][gc,phases      ] GC(204)   Evacuate Collection Set: 115.46ms
[1364.598s][info][gc,phases      ] GC(204)   Post Evacuate Collection Set: 0.94ms
[1364.598s][info][gc,phases      ] GC(204)   Other: 0.08ms
[1364.598s][info][gc,heap        ] GC(204) Eden regions: 1114->0(1119)
[1364.598s][info][gc,heap        ] GC(204) Survivor regions: 114->109(154)
[1364.598s][info][gc,heap        ] GC(204) Old regions: 499->530
[1364.598s][info][gc,heap        ] GC(204) Humongous regions: 77->77
[1364.598s][info][gc,metaspace   ] GC(204) Metaspace: 28877K(29184K)->28877K(29184K) NonClass: 23995K(24128K)->23995K(24128K) Class: 4882K(5056K)->4882K(5056K)
[1364.598s][info][gc             ] GC(204) Pause Young (Prepare Mixed) (G1 Evacuation Pause) 3606M->1431M(4096M) 117.575ms
[1364.598s][info][gc,cpu         ] GC(204) User=0.70s Sys=0.00s Real=0.11s
...........[1376.025s][info][gc,start       ] GC(205) Pause Young (Mixed) (G1 Evacuation Pause)
[1376.025s][info][gc,task        ] GC(205) Using 6 workers of 6 for evacuation
[1376.157s][info][gc,phases      ] GC(205)   Pre Evacuate Collection Set: 0.48ms
[1376.157s][info][gc,phases      ] GC(205)   Merge Heap Roots: 0.86ms
[1376.157s][info][gc,phases      ] GC(205)   Evacuate Collection Set: 129.37ms
[1376.157s][info][gc,phases      ] GC(205)   Post Evacuate Collection Set: 0.98ms
[1376.157s][info][gc,phases      ] GC(205)   Other: 0.10ms
[1376.157s][info][gc,heap        ] GC(205) Eden regions: 1119->0(1119)
[1376.157s][info][gc,heap        ] GC(205) Survivor regions: 109->109(154)
[1376.157s][info][gc,heap        ] GC(205) Old regions: 530->468
[1376.157s][info][gc,heap        ] GC(205) Humongous regions: 77->77
[1376.157s][info][gc,metaspace   ] GC(205) Metaspace: 28877K(29184K)->28877K(29184K) NonClass: 23995K(24128K)->23995K(24128K) Class: 4882K(5056K)->4882K(5056K)
[1376.157s][info][gc             ] GC(205) Pause Young (Mixed) (G1 Evacuation Pause) 3669M->1305M(4096M) 131.938ms
[1376.157s][info][gc,cpu         ] GC(205) User=0.78s Sys=0.00s Real=0.13s
............[1387.506s][info][gc,start       ] GC(206) Pause Young (Concurrent Start) (G1 Evacuation Pause)
[1387.506s][info][gc,task        ] GC(206) Using 6 workers of 6 for evacuation
[1387.624s][info][gc,phases      ] GC(206)   Pre Evacuate Collection Set: 0.43ms
[1387.624s][info][gc,phases      ] GC(206)   Merge Heap Roots: 0.58ms
[1387.624s][info][gc,phases      ] GC(206)   Evacuate Collection Set: 115.73ms
[1387.624s][info][gc,phases      ] GC(206)   Post Evacuate Collection Set: 0.94ms
[1387.624s][info][gc,phases      ] GC(206)   Other: 0.11ms
[1387.624s][info][gc,heap        ] GC(206) Eden regions: 1119->0(1119)
[1387.624s][info][gc,heap        ] GC(206) Survivor regions: 109->109(154)
[1387.624s][info][gc,heap        ] GC(206) Old regions: 468->500
[1387.624s][info][gc,heap        ] GC(206) Humongous regions: 77->77
[1387.624s][info][gc,metaspace   ] GC(206) Metaspace: 28877K(29184K)->28877K(29184K) NonClass: 23995K(24128K)->23995K(24128K) Class: 4882K(5056K)->4882K(5056K)
[1387.624s][info][gc             ] GC(206) Pause Young (Concurrent Start) (G1 Evacuation Pause) 3543M->1370M(4096M) 117.927ms
[1387.624s][info][gc             ] GC(207) Concurrent Mark Cycle
[1387.624s][info][gc,marking     ] GC(207) Concurrent Scan Root Regions
[1387.624s][info][gc,cpu         ] GC(206) User=0.69s Sys=0.00s Real=0.12s
[1387.729s][info][gc,marking     ] GC(207) Concurrent Scan Root Regions 105.635ms
[1387.729s][info][gc,marking     ] GC(207) Concurrent Mark
[1387.730s][info][gc,marking     ] GC(207) Concurrent Mark From Roots
[1387.730s][info][gc,task        ] GC(207) Using 2 workers of 2 for marking
[1388.274s][info][gc,marking     ] GC(207) Concurrent Mark From Roots 544.924ms
[1388.274s][info][gc,marking     ] GC(207) Concurrent Preclean
[1388.275s][info][gc,marking     ] GC(207) Concurrent Preclean 0.047ms
[1388.275s][info][gc,start       ] GC(207) Pause Remark
[1388.277s][info][gc             ] GC(207) Pause Remark 1514M->1514M(4096M) 2.715ms
[1388.277s][info][gc,cpu         ] GC(207) User=0.01s Sys=0.00s Real=0.00s
[1388.277s][info][gc,marking     ] GC(207) Concurrent Mark 547.942ms
[1388.277s][info][gc,marking     ] GC(207) Concurrent Rebuild Remembered Sets and Scrub Regions
.[1388.487s][info][gc,marking     ] GC(207) Concurrent Rebuild Remembered Sets and Scrub Regions 209.384ms
[1388.487s][info][gc,start       ] GC(207) Pause Cleanup
[1388.487s][info][gc             ] GC(207) Pause Cleanup 1558M->1558M(4096M) 0.140ms
[1388.487s][info][gc,cpu         ] GC(207) User=0.00s Sys=0.00s Real=0.00s
[1388.487s][info][gc,marking     ] GC(207) Concurrent Clear Claimed Marks
[1388.487s][info][gc,marking     ] GC(207) Concurrent Clear Claimed Marks 0.030ms
[1388.487s][info][gc,marking     ] GC(207) Concurrent Cleanup for Next Mark
[1388.492s][info][gc,marking     ] GC(207) Concurrent Cleanup for Next Mark 4.378ms
[1388.492s][info][gc             ] GC(207) Concurrent Mark Cycle 867.862ms
..........[1398.946s][info][gc,start       ] GC(208) Pause Young (Prepare Mixed) (G1 Evacuation Pause)
[1398.946s][info][gc,task        ] GC(208) Using 6 workers of 6 for evacuation
[1399.066s][info][gc,phases      ] GC(208)   Pre Evacuate Collection Set: 0.37ms
[1399.066s][info][gc,phases      ] GC(208)   Merge Heap Roots: 0.70ms
[1399.066s][info][gc,phases      ] GC(208)   Evacuate Collection Set: 117.44ms
[1399.066s][info][gc,phases      ] GC(208)   Post Evacuate Collection Set: 0.98ms
[1399.066s][info][gc,phases      ] GC(208)   Other: 0.10ms
[1399.066s][info][gc,heap        ] GC(208) Eden regions: 1119->0(1118)
[1399.066s][info][gc,heap        ] GC(208) Survivor regions: 109->109(154)
[1399.066s][info][gc,heap        ] GC(208) Old regions: 500->532
[1399.066s][info][gc,heap        ] GC(208) Humongous regions: 77->77
[1399.066s][info][gc,metaspace   ] GC(208) Metaspace: 28877K(29184K)->28877K(29184K) NonClass: 23995K(24128K)->23995K(24128K) Class: 4882K(5056K)->4882K(5056K)
[1399.066s][info][gc             ] GC(208) Pause Young (Prepare Mixed) (G1 Evacuation Pause) 3608M->1434M(4096M) 119.714ms
[1399.066s][info][gc,cpu         ] GC(208) User=0.71s Sys=0.00s Real=0.12s
..... (rIR:aIR:PR = 1660:1660:1660) (tPR = 24408) [OK] 
  1403s: Performance info:
         Transaction,    Success,    Partial,     Failed,   Receipts, AvgBarcode, 
             Overall,      99688,          0,          0,      94711,      59.48, 
         Response times:
             Request,    Success,    Partial,     Failed,   SkipFail,     Probes,    Samples,      min,      p50,      p90,      p95,      p99,      max, 
       TotalPurchase,      94711,          0,          0,          0,      92181,     101300,      300,     1700,     2500,     2800,     8300,   138000,
     InStorePurchase,      49827,          0,          0,          0,      48794,      53311,      300,     1600,     2500,     2800,     6200,   138000,
      OnlinePurchase,      34908,          0,          0,          0,      33834,      37255,      300,     1800,     2600,     2900,    14700,   137000,
        InstPurchase,       9976,          0,          0,          0,       9553,      10734,      400,     1800,     2600,     2900,     8400,   137000,
          AssocOfCat,        100,          0,          0,          0,         96,        106,    18300,    27000,    33000,    38950,   142050,   148000,
      AssocOfProduct,        995,          0,          0,          0,        868,       1055,      500,     1700,     2500,     2800,    10120,    51000,
      BusinessReport,        247,          0,          0,          0,        176,        235,    21000,    31000,    37400,    40000,   142520,   186000,
          CustBuyBeh,        996,          0,          0,          0,        872,       1084,      300,     1800,     2500,     2800,    11860,   136000,
       ProductReturn,       2639,          0,          0,          0,       2439,       2856,      200,     1500,     2500,     2800,    15486,   136000,

  1403s: (13%)   IR =   1799 .....|.[1409.993s][info][gc,start       ] GC(209) Pause Young (Mixed) (G1 Evacuation Pause)
[1409.993s][info][gc,task        ] GC(209) Using 6 workers of 6 for evacuation
[1410.123s][info][gc,phases      ] GC(209)   Pre Evacuate Collection Set: 0.41ms
[1410.123s][info][gc,phases      ] GC(209)   Merge Heap Roots: 0.64ms
[1410.123s][info][gc,phases      ] GC(209)   Evacuate Collection Set: 127.87ms
[1410.123s][info][gc,phases      ] GC(209)   Post Evacuate Collection Set: 0.98ms
[1410.123s][info][gc,phases      ] GC(209)   Other: 0.09ms
[1410.123s][info][gc,heap        ] GC(209) Eden regions: 1118->0(1119)
[1410.123s][info][gc,heap        ] GC(209) Survivor regions: 109->109(154)
[1410.123s][info][gc,heap        ] GC(209) Old regions: 532->467
[1410.123s][info][gc,heap        ] GC(209) Humongous regions: 77->77
[1410.123s][info][gc,metaspace   ] GC(209) Metaspace: 28881K(29184K)->28881K(29184K) NonClass: 23999K(24128K)->23999K(24128K) Class: 4882K(5056K)->4882K(5056K)
[1410.123s][info][gc             ] GC(209) Pause Young (Mixed) (G1 Evacuation Pause) 3670M->1305M(4096M) 130.120ms
[1410.123s][info][gc,cpu         ] GC(209) User=0.77s Sys=0.00s Real=0.13s
...........[1420.588s][info][gc,start       ] GC(210) Pause Young (Concurrent Start) (G1 Evacuation Pause)
[1420.588s][info][gc,task        ] GC(210) Using 6 workers of 6 for evacuation
[1420.707s][info][gc,phases      ] GC(210)   Pre Evacuate Collection Set: 0.43ms
[1420.707s][info][gc,phases      ] GC(210)   Merge Heap Roots: 0.57ms
[1420.707s][info][gc,phases      ] GC(210)   Evacuate Collection Set: 116.59ms
[1420.707s][info][gc,phases      ] GC(210)   Post Evacuate Collection Set: 0.91ms
[1420.707s][info][gc,phases      ] GC(210)   Other: 0.14ms
[1420.707s][info][gc,heap        ] GC(210) Eden regions: 1119->0(1119)
[1420.707s][info][gc,heap        ] GC(210) Survivor regions: 109->109(154)
[1420.707s][info][gc,heap        ] GC(210) Old regions: 467->499
[1420.707s][info][gc,heap        ] GC(210) Humongous regions: 77->77
[1420.707s][info][gc,metaspace   ] GC(210) Metaspace: 28881K(29184K)->28881K(29184K) NonClass: 23999K(24128K)->23999K(24128K) Class: 4882K(5056K)->4882K(5056K)
[1420.707s][info][gc             ] GC(210) Pause Young (Concurrent Start) (G1 Evacuation Pause) 3543M->1367M(4096M) 118.752ms
[1420.707s][info][gc             ] GC(211) Concurrent Mark Cycle
[1420.707s][info][gc,marking     ] GC(211) Concurrent Scan Root Regions
[1420.707s][info][gc,cpu         ] GC(210) User=0.70s Sys=0.00s Real=0.11s
[1420.827s][info][gc,marking     ] GC(211) Concurrent Scan Root Regions 119.437ms
[1420.827s][info][gc,marking     ] GC(211) Concurrent Mark
[1420.827s][info][gc,marking     ] GC(211) Concurrent Mark From Roots
[1420.827s][info][gc,task        ] GC(211) Using 2 workers of 2 for marking
[1421.391s][info][gc,marking     ] GC(211) Concurrent Mark From Roots 563.896ms
[1421.391s][info][gc,marking     ] GC(211) Concurrent Preclean
[1421.391s][info][gc,marking     ] GC(211) Concurrent Preclean 0.052ms
[1421.391s][info][gc,start       ] GC(211) Pause Remark
[1421.394s][info][gc             ] GC(211) Pause Remark 1540M->1540M(4096M) 2.783ms
[1421.394s][info][gc,cpu         ] GC(211) User=0.02s Sys=0.00s Real=0.00s
[1421.394s][info][gc,marking     ] GC(211) Concurrent Mark 566.998ms
[1421.394s][info][gc,marking     ] GC(211) Concurrent Rebuild Remembered Sets and Scrub Regions
.[1421.603s][info][gc,marking     ] GC(211) Concurrent Rebuild Remembered Sets and Scrub Regions 209.374ms
[1421.603s][info][gc,start       ] GC(211) Pause Cleanup
[1421.603s][info][gc             ] GC(211) Pause Cleanup 1587M->1587M(4096M) 0.135ms
[1421.603s][info][gc,cpu         ] GC(211) User=0.00s Sys=0.00s Real=0.00s
[1421.603s][info][gc,marking     ] GC(211) Concurrent Clear Claimed Marks
[1421.603s][info][gc,marking     ] GC(211) Concurrent Clear Claimed Marks 0.031ms
[1421.603s][info][gc,marking     ] GC(211) Concurrent Cleanup for Next Mark
[1421.607s][info][gc,marking     ] GC(211) Concurrent Cleanup for Next Mark 3.300ms
[1421.607s][info][gc             ] GC(211) Concurrent Mark Cycle 899.595ms
.........[1431.216s][info][gc,start       ] GC(212) Pause Young (Prepare Mixed) (G1 Evacuation Pause)
[1431.216s][info][gc,task        ] GC(212) Using 6 workers of 6 for evacuation
[1431.333s][info][gc,phases      ] GC(212)   Pre Evacuate Collection Set: 0.36ms
[1431.333s][info][gc,phases      ] GC(212)   Merge Heap Roots: 0.61ms
[1431.333s][info][gc,phases      ] GC(212)   Evacuate Collection Set: 115.34ms
[1431.333s][info][gc,phases      ] GC(212)   Post Evacuate Collection Set: 0.98ms
[1431.333s][info][gc,phases      ] GC(212)   Other: 0.09ms
[1431.333s][info][gc,heap        ] GC(212) Eden regions: 1119->0(1119)
[1431.333s][info][gc,heap        ] GC(212) Survivor regions: 109->109(154)
[1431.333s][info][gc,heap        ] GC(212) Old regions: 499->531
[1431.333s][info][gc,heap        ] GC(212) Humongous regions: 77->77
[1431.333s][info][gc,metaspace   ] GC(212) Metaspace: 28881K(29184K)->28881K(29184K) NonClass: 23999K(24128K)->23999K(24128K) Class: 4882K(5056K)->4882K(5056K)
[1431.333s][info][gc             ] GC(212) Pause Young (Prepare Mixed) (G1 Evacuation Pause) 3605M->1431M(4096M) 117.537ms
[1431.333s][info][gc,cpu         ] GC(212) User=0.69s Sys=0.00s Real=0.12s
...........[1441.799s][info][gc,start       ] GC(213) Pause Young (Mixed) (G1 Evacuation Pause)
[1441.799s][info][gc,task        ] GC(213) Using 6 workers of 6 for evacuation
[1441.932s][info][gc,phases      ] GC(213)   Pre Evacuate Collection Set: 0.40ms
[1441.932s][info][gc,phases      ] GC(213)   Merge Heap Roots: 0.82ms
[1441.932s][info][gc,phases      ] GC(213)   Evacuate Collection Set: 130.69ms
[1441.932s][info][gc,phases      ] GC(213)   Post Evacuate Collection Set: 0.96ms
[1441.932s][info][gc,phases      ] GC(213)   Other: 0.10ms
[1441.932s][info][gc,heap        ] GC(213) Eden regions: 1119->0(1119)
[1441.932s][info][gc,heap        ] GC(213) Survivor regions: 109->109(154)
[1441.932s][info][gc,heap        ] GC(213) Old regions: 531->468
[1441.932s][info][gc,heap        ] GC(213) Humongous regions: 77->77
[1441.932s][info][gc,metaspace   ] GC(213) Metaspace: 28881K(29184K)->28881K(29184K) NonClass: 23999K(24128K)->23999K(24128K) Class: 4882K(5056K)->4882K(5056K)
[1441.932s][info][gc             ] GC(213) Pause Young (Mixed) (G1 Evacuation Pause) 3669M->1306M(4096M) 133.097ms
[1441.932s][info][gc,cpu         ] GC(213) User=0.79s Sys=0.00s Real=0.13s
......[1448.320s][info][gc,start       ] GC(214) Pause Young (Concurrent Start) (G1 Humongous Allocation)
[1448.320s][info][gc,task        ] GC(214) Using 6 workers of 6 for evacuation
[1448.424s][info][gc,phases      ] GC(214)   Pre Evacuate Collection Set: 0.40ms
[1448.424s][info][gc,phases      ] GC(214)   Merge Heap Roots: 0.44ms
[1448.424s][info][gc,phases      ] GC(214)   Evacuate Collection Set: 102.41ms
[1448.425s][info][gc,phases      ] GC(214)   Post Evacuate Collection Set: 0.71ms
[1448.425s][info][gc,phases      ] GC(214)   Other: 0.10ms
[1448.425s][info][gc,heap        ] GC(214) Eden regions: 692->0(1134)
[1448.425s][info][gc,heap        ] GC(214) Survivor regions: 109->94(154)
[1448.425s][info][gc,heap        ] GC(214) Old regions: 468->505
[1448.425s][info][gc,heap        ] GC(214) Humongous regions: 77->77
[1448.425s][info][gc,metaspace   ] GC(214) Metaspace: 28881K(29184K)->28881K(29184K) NonClass: 23999K(24128K)->23999K(24128K) Class: 4882K(5056K)->4882K(5056K)
[1448.425s][info][gc             ] GC(214) Pause Young (Concurrent Start) (G1 Humongous Allocation) 2690M->1350M(4096M) 104.226ms
[1448.425s][info][gc             ] GC(215) Concurrent Mark Cycle
[1448.425s][info][gc,marking     ] GC(215) Concurrent Scan Root Regions
[1448.425s][info][gc,cpu         ] GC(214) User=0.62s Sys=0.00s Real=0.10s
.[1448.531s][info][gc,marking     ] GC(215) Concurrent Scan Root Regions 106.040ms
[1448.531s][info][gc,marking     ] GC(215) Concurrent Mark
[1448.531s][info][gc,marking     ] GC(215) Concurrent Mark From Roots
[1448.531s][info][gc,task        ] GC(215) Using 2 workers of 2 for marking
[1449.112s][info][gc,marking     ] GC(215) Concurrent Mark From Roots 581.257ms
[1449.112s][info][gc,marking     ] GC(215) Concurrent Preclean
[1449.112s][info][gc,marking     ] GC(215) Concurrent Preclean 0.052ms
[1449.112s][info][gc,start       ] GC(215) Pause Remark
[1449.115s][info][gc             ] GC(215) Pause Remark 1519M->1519M(4096M) 3.026ms
[1449.115s][info][gc,cpu         ] GC(215) User=0.01s Sys=0.00s Real=0.00s
[1449.115s][info][gc,marking     ] GC(215) Concurrent Mark 584.579ms
[1449.115s][info][gc,marking     ] GC(215) Concurrent Rebuild Remembered Sets and Scrub Regions
[1449.352s][info][gc,marking     ] GC(215) Concurrent Rebuild Remembered Sets and Scrub Regions 236.273ms
[1449.352s][info][gc,start       ] GC(215) Pause Cleanup
[1449.352s][info][gc             ] GC(215) Pause Cleanup 1575M->1575M(4096M) 0.129ms
[1449.352s][info][gc,cpu         ] GC(215) User=0.00s Sys=0.00s Real=0.00s
[1449.352s][info][gc,marking     ] GC(215) Concurrent Clear Claimed Marks
[1449.352s][info][gc,marking     ] GC(215) Concurrent Clear Claimed Marks 0.029ms
[1449.352s][info][gc,marking     ] GC(215) Concurrent Cleanup for Next Mark
[1449.355s][info][gc,marking     ] GC(215) Concurrent Cleanup for Next Mark 3.326ms
[1449.355s][info][gc             ] GC(215) Concurrent Mark Cycle 930.704ms
..........[1459.069s][info][gc,start       ] GC(216) Pause Young (Prepare Mixed) (G1 Evacuation Pause)
[1459.069s][info][gc,task        ] GC(216) Using 6 workers of 6 for evacuation
[1459.182s][info][gc,phases      ] GC(216)   Pre Evacuate Collection Set: 0.37ms
[1459.182s][info][gc,phases      ] GC(216)   Merge Heap Roots: 0.66ms
[1459.182s][info][gc,phases      ] GC(216)   Evacuate Collection Set: 110.14ms
[1459.182s][info][gc,phases      ] GC(216)   Post Evacuate Collection Set: 0.95ms
[1459.182s][info][gc,phases      ] GC(216)   Other: 0.10ms
[1459.182s][info][gc,heap        ] GC(216) Eden regions: 1134->0(1133)
[1459.182s][info][gc,heap        ] GC(216) Survivor regions: 94->95(154)
[1459.182s][info][gc,heap        ] GC(216) Old regions: 505->541
[1459.182s][info][gc,heap        ] GC(216) Humongous regions: 80->80
[1459.182s][info][gc,metaspace   ] GC(216) Metaspace: 28881K(29184K)->28881K(29184K) NonClass: 23999K(24128K)->23999K(24128K) Class: 4882K(5056K)->4882K(5056K)
[1459.182s][info][gc             ] GC(216) Pause Young (Prepare Mixed) (G1 Evacuation Pause) 3624M->1429M(4096M) 112.361ms
[1459.182s][info][gc,cpu         ] GC(216) User=0.66s Sys=0.00s Real=0.11s
.......... (rIR:aIR:PR = 1799:1799:1799) (tPR = 26811) [OK] 
  1468s: Performance info:
         Transaction,    Success,    Partial,     Failed,   Receipts, AvgBarcode, 
             Overall,     108004,          0,          0,     102589,      59.47, 
         Response times:
             Request,    Success,    Partial,     Failed,   SkipFail,     Probes,    Samples,      min,      p50,      p90,      p95,      p99,      max, 
       TotalPurchase,     102589,          0,          0,          0,     100175,     109857,      300,     1800,     2700,     3000,     5442,   140000,
     InStorePurchase,      53980,          0,          0,          0,      52708,      57577,      400,     1700,     2700,     3000,     5300,   140000,
      OnlinePurchase,      37809,          0,          0,          0,      37089,      40693,      300,     1800,     2700,     3000,     5400,   140000,
        InstPurchase,      10800,          0,          0,          0,      10378,      11587,      500,     1900,     2800,     3100,     6512,   133000,
          AssocOfCat,        107,          0,          0,          0,        106,        115,    18500,    28000,    34000,    36200,    56560,    58000,
      AssocOfProduct,       1083,          0,          0,          0,        938,       1161,     1200,     2400,     3000,     3400,     9504,    19600,
      BusinessReport,        273,          0,          0,          0,        214,        282,    21000,    32000,    37000,    40850,    47680,    55000,
          CustBuyBeh,       1076,          0,          0,          0,        928,       1110,      300,     1400,     2100,     2400,     7924,   114000,
       ProductReturn,       2875,          0,          0,          0,       2578,       2972,      200,     1900,     2600,     3000,     5527,    16900,

  1468s: (14%)   IR =   1937 .[1469.687s][info][gc,start       ] GC(217) Pause Young (Mixed) (G1 Evacuation Pause)
[1469.687s][info][gc,task        ] GC(217) Using 6 workers of 6 for evacuation
[1469.813s][info][gc,phases      ] GC(217)   Pre Evacuate Collection Set: 0.40ms
[1469.813s][info][gc,phases      ] GC(217)   Merge Heap Roots: 0.76ms
[1469.813s][info][gc,phases      ] GC(217)   Evacuate Collection Set: 124.13ms
[1469.813s][info][gc,phases      ] GC(217)   Post Evacuate Collection Set: 0.96ms
[1469.813s][info][gc,phases      ] GC(217)   Other: 0.10ms
[1469.813s][info][gc,heap        ] GC(217) Eden regions: 1133->0(1118)
[1469.813s][info][gc,heap        ] GC(217) Survivor regions: 95->110(154)
[1469.813s][info][gc,heap        ] GC(217) Old regions: 541->477
[1469.813s][info][gc,heap        ] GC(217) Humongous regions: 80->80
[1469.813s][info][gc,metaspace   ] GC(217) Metaspace: 28881K(29184K)->28881K(29184K) NonClass: 23999K(24128K)->23999K(24128K) Class: 4882K(5056K)->4882K(5056K)
[1469.813s][info][gc             ] GC(217) Pause Young (Mixed) (G1 Evacuation Pause) 3695M->1332M(4096M) 126.468ms
[1469.813s][info][gc,cpu         ] GC(217) User=0.75s Sys=0.01s Real=0.13s
...|......[1479.494s][info][gc,start       ] GC(218) Pause Young (Concurrent Start) (G1 Evacuation Pause)
[1479.494s][info][gc,task        ] GC(218) Using 6 workers of 6 for evacuation
[1479.614s][info][gc,phases      ] GC(218)   Pre Evacuate Collection Set: 0.42ms
[1479.614s][info][gc,phases      ] GC(218)   Merge Heap Roots: 0.59ms
[1479.614s][info][gc,phases      ] GC(218)   Evacuate Collection Set: 117.68ms
[1479.614s][info][gc,phases      ] GC(218)   Post Evacuate Collection Set: 0.92ms
[1479.614s][info][gc,phases      ] GC(218)   Other: 0.11ms
[1479.614s][info][gc,heap        ] GC(218) Eden regions: 1118->0(1119)
[1479.614s][info][gc,heap        ] GC(218) Survivor regions: 110->109(154)
[1479.614s][info][gc,heap        ] GC(218) Old regions: 477->510
[1479.614s][info][gc,heap        ] GC(218) Humongous regions: 80->80
[1479.614s][info][gc,metaspace   ] GC(218) Metaspace: 28881K(29184K)->28881K(29184K) NonClass: 23999K(24128K)->23999K(24128K) Class: 4882K(5056K)->4882K(5056K)
[1479.614s][info][gc             ] GC(218) Pause Young (Concurrent Start) (G1 Evacuation Pause) 3568M->1397M(4096M) 119.872ms
[1479.614s][info][gc             ] GC(219) Concurrent Mark Cycle
[1479.614s][info][gc,marking     ] GC(219) Concurrent Scan Root Regions
[1479.614s][info][gc,cpu         ] GC(218) User=0.70s Sys=0.00s Real=0.12s
.[1479.739s][info][gc,marking     ] GC(219) Concurrent Scan Root Regions 125.022ms
[1479.739s][info][gc,marking     ] GC(219) Concurrent Mark
[1479.739s][info][gc,marking     ] GC(219) Concurrent Mark From Roots
[1479.739s][info][gc,task        ] GC(219) Using 2 workers of 2 for marking
[1480.363s][info][gc,marking     ] GC(219) Concurrent Mark From Roots 623.794ms
[1480.363s][info][gc,marking     ] GC(219) Concurrent Preclean
[1480.363s][info][gc,marking     ] GC(219) Concurrent Preclean 0.048ms
[1480.363s][info][gc,start       ] GC(219) Pause Remark
[1480.366s][info][gc             ] GC(219) Pause Remark 1628M->1628M(4096M) 3.165ms
[1480.366s][info][gc,cpu         ] GC(219) User=0.01s Sys=0.00s Real=0.00s
[1480.366s][info][gc,marking     ] GC(219) Concurrent Mark 627.298ms
[1480.366s][info][gc,marking     ] GC(219) Concurrent Rebuild Remembered Sets and Scrub Regions
[1480.588s][info][gc,marking     ] GC(219) Concurrent Rebuild Remembered Sets and Scrub Regions 221.281ms
[1480.588s][info][gc,start       ] GC(219) Pause Cleanup
[1480.588s][info][gc             ] GC(219) Pause Cleanup 1671M->1671M(4096M) 0.144ms
[1480.588s][info][gc,cpu         ] GC(219) User=0.00s Sys=0.00s Real=0.01s
[1480.588s][info][gc,marking     ] GC(219) Concurrent Clear Claimed Marks
[1480.588s][info][gc,marking     ] GC(219) Concurrent Clear Claimed Marks 0.030ms
[1480.588s][info][gc,marking     ] GC(219) Concurrent Cleanup for Next Mark
[1480.592s][info][gc,marking     ] GC(219) Concurrent Cleanup for Next Mark 3.561ms
[1480.592s][info][gc             ] GC(219) Concurrent Mark Cycle 977.699ms
.........[1489.275s][info][gc,start       ] GC(220) Pause Young (Prepare Mixed) (G1 Evacuation Pause)
[1489.275s][info][gc,task        ] GC(220) Using 6 workers of 6 for evacuation
[1489.394s][info][gc,phases      ] GC(220)   Pre Evacuate Collection Set: 0.38ms
[1489.394s][info][gc,phases      ] GC(220)   Merge Heap Roots: 0.63ms
[1489.394s][info][gc,phases      ] GC(220)   Evacuate Collection Set: 116.35ms
[1489.394s][info][gc,phases      ] GC(220)   Post Evacuate Collection Set: 1.02ms
[1489.394s][info][gc,phases      ] GC(220)   Other: 0.10ms
[1489.394s][info][gc,heap        ] GC(220) Eden regions: 1119->0(1105)
[1489.394s][info][gc,heap        ] GC(220) Survivor regions: 109->109(154)
[1489.394s][info][gc,heap        ] GC(220) Old regions: 510->542
[1489.394s][info][gc,heap        ] GC(220) Humongous regions: 80->80
[1489.394s][info][gc,metaspace   ] GC(220) Metaspace: 28881K(29184K)->28881K(29184K) NonClass: 23999K(24128K)->23999K(24128K) Class: 4882K(5056K)->4882K(5056K)
[1489.394s][info][gc             ] GC(220) Pause Young (Prepare Mixed) (G1 Evacuation Pause) 3635M->1459M(4096M) 118.607ms
[1489.394s][info][gc,cpu         ] GC(220) User=0.70s Sys=0.00s Real=0.12s
..........[1498.996s][info][gc,start       ] GC(221) Pause Young (Mixed) (G1 Evacuation Pause)
[1498.996s][info][gc,task        ] GC(221) Using 6 workers of 6 for evacuation
[1499.132s][info][gc,phases      ] GC(221)   Pre Evacuate Collection Set: 0.40ms
[1499.132s][info][gc,phases      ] GC(221)   Merge Heap Roots: 0.85ms
[1499.132s][info][gc,phases      ] GC(221)   Evacuate Collection Set: 133.77ms
[1499.132s][info][gc,phases      ] GC(221)   Post Evacuate Collection Set: 0.98ms
[1499.132s][info][gc,phases      ] GC(221)   Other: 0.09ms
[1499.132s][info][gc,heap        ] GC(221) Eden regions: 1105->0(1120)
[1499.132s][info][gc,heap        ] GC(221) Survivor regions: 109->108(152)
[1499.132s][info][gc,heap        ] GC(221) Old regions: 542->465
[1499.132s][info][gc,heap        ] GC(221) Humongous regions: 80->80
[1499.132s][info][gc,metaspace   ] GC(221) Metaspace: 28881K(29184K)->28881K(29184K) NonClass: 23999K(24128K)->23999K(24128K) Class: 4882K(5056K)->4882K(5056K)
[1499.132s][info][gc             ] GC(221) Pause Young (Mixed) (G1 Evacuation Pause) 3669M->1305M(4096M) 136.241ms
[1499.132s][info][gc,cpu         ] GC(221) User=0.81s Sys=0.00s Real=0.14s
..........[1508.794s][info][gc,start       ] GC(222) Pause Young (Concurrent Start) (G1 Evacuation Pause)
[1508.794s][info][gc,task        ] GC(222) Using 6 workers of 6 for evacuation
[1508.911s][info][gc,phases      ] GC(222)   Pre Evacuate Collection Set: 0.42ms
[1508.911s][info][gc,phases      ] GC(222)   Merge Heap Roots: 0.58ms
[1508.911s][info][gc,phases      ] GC(222)   Evacuate Collection Set: 114.91ms
[1508.911s][info][gc,phases      ] GC(222)   Post Evacuate Collection Set: 0.96ms
[1508.911s][info][gc,phases      ] GC(222)   Other: 0.13ms
[1508.911s][info][gc,heap        ] GC(222) Eden regions: 1120->0(1120)
[1508.911s][info][gc,heap        ] GC(222) Survivor regions: 108->108(154)
[1508.911s][info][gc,heap        ] GC(222) Old regions: 465->498
[1508.911s][info][gc,heap        ] GC(222) Humongous regions: 80->80
[1508.911s][info][gc,metaspace   ] GC(222) Metaspace: 28881K(29184K)->28881K(29184K) NonClass: 23999K(24128K)->23999K(24128K) Class: 4882K(5056K)->4882K(5056K)
[1508.911s][info][gc             ] GC(222) Pause Young (Concurrent Start) (G1 Evacuation Pause) 3545M->1369M(4096M) 117.155ms
[1508.911s][info][gc             ] GC(223) Concurrent Mark Cycle
[1508.911s][info][gc,marking     ] GC(223) Concurrent Scan Root Regions
[1508.911s][info][gc,cpu         ] GC(222) User=0.69s Sys=0.00s Real=0.12s
[1509.032s][info][gc,marking     ] GC(223) Concurrent Scan Root Regions 121.302ms
[1509.032s][info][gc,marking     ] GC(223) Concurrent Mark
[1509.032s][info][gc,marking     ] GC(223) Concurrent Mark From Roots
[1509.032s][info][gc,task        ] GC(223) Using 2 workers of 2 for marking
[1509.628s][info][gc,marking     ] GC(223) Concurrent Mark From Roots 595.732ms
[1509.628s][info][gc,marking     ] GC(223) Concurrent Preclean
[1509.628s][info][gc,marking     ] GC(223) Concurrent Preclean 0.047ms
[1509.628s][info][gc,start       ] GC(223) Pause Remark
[1509.631s][info][gc             ] GC(223) Pause Remark 1562M->1562M(4096M) 2.653ms
[1509.631s][info][gc,cpu         ] GC(223) User=0.01s Sys=0.00s Real=0.00s
[1509.631s][info][gc,marking     ] GC(223) Concurrent Mark 598.695ms
[1509.631s][info][gc,marking     ] GC(223) Concurrent Rebuild Remembered Sets and Scrub Regions
.[1509.855s][info][gc,marking     ] GC(223) Concurrent Rebuild Remembered Sets and Scrub Regions 224.037ms
[1509.855s][info][gc,start       ] GC(223) Pause Cleanup
[1509.856s][info][gc             ] GC(223) Pause Cleanup 1605M->1605M(4096M) 0.130ms
[1509.856s][info][gc,cpu         ] GC(223) User=0.00s Sys=0.00s Real=0.00s
[1509.856s][info][gc,marking     ] GC(223) Concurrent Clear Claimed Marks
[1509.856s][info][gc,marking     ] GC(223) Concurrent Clear Claimed Marks 0.038ms
[1509.856s][info][gc,marking     ] GC(223) Concurrent Cleanup for Next Mark
[1509.860s][info][gc,marking     ] GC(223) Concurrent Cleanup for Next Mark 4.479ms
[1509.860s][info][gc             ] GC(223) Concurrent Mark Cycle 949.470ms
.........[1518.657s][info][gc,start       ] GC(224) Pause Young (Prepare Mixed) (G1 Evacuation Pause)
[1518.657s][info][gc,task        ] GC(224) Using 6 workers of 6 for evacuation
[1518.773s][info][gc,phases      ] GC(224)   Pre Evacuate Collection Set: 0.36ms
[1518.773s][info][gc,phases      ] GC(224)   Merge Heap Roots: 0.59ms
[1518.773s][info][gc,phases      ] GC(224)   Evacuate Collection Set: 114.28ms
[1518.773s][info][gc,phases      ] GC(224)   Post Evacuate Collection Set: 0.98ms
[1518.773s][info][gc,phases      ] GC(224)   Other: 0.09ms
[1518.773s][info][gc,heap        ] GC(224) Eden regions: 1120->0(1120)
[1518.773s][info][gc,heap        ] GC(224) Survivor regions: 108->108(154)
[1518.773s][info][gc,heap        ] GC(224) Old regions: 498->529
[1518.773s][info][gc,heap        ] GC(224) Humongous regions: 80->80
[1518.773s][info][gc,metaspace   ] GC(224) Metaspace: 28881K(29184K)->28881K(29184K) NonClass: 23999K(24128K)->23999K(24128K) Class: 4882K(5056K)->4882K(5056K)
[1518.773s][info][gc             ] GC(224) Pause Young (Prepare Mixed) (G1 Evacuation Pause) 3609M->1433M(4096M) 116.433ms
[1518.773s][info][gc,cpu         ] GC(224) User=0.69s Sys=0.00s Real=0.12s
.........[1528.456s][info][gc,start       ] GC(225) Pause Young (Mixed) (G1 Evacuation Pause)
[1528.456s][info][gc,task        ] GC(225) Using 6 workers of 6 for evacuation
[1528.589s][info][gc,phases      ] GC(225)   Pre Evacuate Collection Set: 0.38ms
[1528.589s][info][gc,phases      ] GC(225)   Merge Heap Roots: 0.73ms
[1528.589s][info][gc,phases      ] GC(225)   Evacuate Collection Set: 130.38ms
[1528.589s][info][gc,phases      ] GC(225)   Post Evacuate Collection Set: 0.96ms
[1528.589s][info][gc,phases      ] GC(225)   Other: 0.09ms
[1528.589s][info][gc,heap        ] GC(225) Eden regions: 1120->0(1119)
[1528.589s][info][gc,heap        ] GC(225) Survivor regions: 108->109(154)
[1528.589s][info][gc,heap        ] GC(225) Old regions: 529->470
[1528.589s][info][gc,heap        ] GC(225) Humongous regions: 80->80
[1528.589s][info][gc,metaspace   ] GC(225) Metaspace: 28881K(29184K)->28881K(29184K) NonClass: 23999K(24128K)->23999K(24128K) Class: 4882K(5056K)->4882K(5056K)
[1528.589s][info][gc             ] GC(225) Pause Young (Mixed) (G1 Evacuation Pause) 3673M->1316M(4096M) 132.698ms
[1528.589s][info][gc,cpu         ] GC(225) User=0.78s Sys=0.01s Real=0.14s
..... (rIR:aIR:PR = 1937:1937:1937) (tPR = 28703) [OK] 
  1532s: Performance info:
         Transaction,    Success,    Partial,     Failed,   Receipts, AvgBarcode, 
             Overall,     116400,          0,          0,     110585,      59.48, 
         Response times:
             Request,    Success,    Partial,     Failed,   SkipFail,     Probes,    Samples,      min,      p50,      p90,      p95,      p99,      max, 
       TotalPurchase,     110585,          0,          0,          0,     107748,     116407,      400,     1900,     2800,     3200,     7500,   139000,
     InStorePurchase,      58179,          0,          0,          0,      56819,      61038,      400,     1900,     2900,     3200,     7500,   139000,
      OnlinePurchase,      40760,          0,          0,          0,      39806,      43088,      400,     1900,     2800,     3200,     7300,   139000,
        InstPurchase,      11646,          0,          0,          0,      11123,      12281,      400,     1900,     2700,     3100,     8354,   139000,
          AssocOfCat,        118,          0,          0,          0,        116,        125,    19200,    28000,    34800,    43100,   128700,   156000,
      AssocOfProduct,       1164,          0,          0,          0,       1023,       1188,      500,     1200,     1900,     2200,     3277,   122000,
      BusinessReport,        288,          0,          0,          0,        217,        288,    22000,    33000,    42000,    47000,    71770,   187000,
          CustBuyBeh,       1168,          0,          0,          0,       1044,       1254,      200,      800,     1600,     1900,     2845,   122000,
       ProductReturn,       3077,          0,          0,          0,       2853,       3290,      200,     1000,     2600,     2900,     4600,   124000,

  1532s: (15%)   IR =   2076 .....|[1538.009s][info][gc,start       ] GC(226) Pause Young (Concurrent Start) (G1 Evacuation Pause)
[1538.009s][info][gc,task        ] GC(226) Using 6 workers of 6 for evacuation
[1538.128s][info][gc,phases      ] GC(226)   Pre Evacuate Collection Set: 0.42ms
[1538.128s][info][gc,phases      ] GC(226)   Merge Heap Roots: 0.56ms
[1538.128s][info][gc,phases      ] GC(226)   Evacuate Collection Set: 117.20ms
[1538.128s][info][gc,phases      ] GC(226)   Post Evacuate Collection Set: 0.90ms
[1538.128s][info][gc,phases      ] GC(226)   Other: 0.10ms
[1538.128s][info][gc,heap        ] GC(226) Eden regions: 1119->0(1117)
[1538.128s][info][gc,heap        ] GC(226) Survivor regions: 109->111(154)
[1538.128s][info][gc,heap        ] GC(226) Old regions: 470->501
[1538.128s][info][gc,heap        ] GC(226) Humongous regions: 80->80
[1538.128s][info][gc,metaspace   ] GC(226) Metaspace: 28883K(29184K)->28883K(29184K) NonClass: 24001K(24128K)->24001K(24128K) Class: 4882K(5056K)->4882K(5056K)
[1538.128s][info][gc             ] GC(226) Pause Young (Concurrent Start) (G1 Evacuation Pause) 3554M->1383M(4096M) 119.318ms
[1538.128s][info][gc             ] GC(227) Concurrent Mark Cycle
[1538.128s][info][gc,marking     ] GC(227) Concurrent Scan Root Regions
[1538.128s][info][gc,cpu         ] GC(226) User=0.70s Sys=0.01s Real=0.12s
[1538.267s][info][gc,marking     ] GC(227) Concurrent Scan Root Regions 138.136ms
[1538.267s][info][gc,marking     ] GC(227) Concurrent Mark
[1538.267s][info][gc,marking     ] GC(227) Concurrent Mark From Roots
[1538.267s][info][gc,task        ] GC(227) Using 2 workers of 2 for marking
.[1538.860s][info][gc,marking     ] GC(227) Concurrent Mark From Roots 593.515ms
[1538.860s][info][gc,marking     ] GC(227) Concurrent Preclean
[1538.860s][info][gc,marking     ] GC(227) Concurrent Preclean 0.050ms
[1538.860s][info][gc,start       ] GC(227) Pause Remark
[1538.864s][info][gc             ] GC(227) Pause Remark 1588M->1588M(4096M) 3.210ms
[1538.864s][info][gc,cpu         ] GC(227) User=0.02s Sys=0.00s Real=0.00s
[1538.864s][info][gc,marking     ] GC(227) Concurrent Mark 597.040ms
[1538.864s][info][gc,marking     ] GC(227) Concurrent Rebuild Remembered Sets and Scrub Regions
[1539.090s][info][gc,marking     ] GC(227) Concurrent Rebuild Remembered Sets and Scrub Regions 226.558ms
[1539.090s][info][gc,start       ] GC(227) Pause Cleanup
[1539.090s][info][gc             ] GC(227) Pause Cleanup 1641M->1641M(4096M) 0.127ms
[1539.091s][info][gc,cpu         ] GC(227) User=0.00s Sys=0.00s Real=0.00s
[1539.091s][info][gc,marking     ] GC(227) Concurrent Clear Claimed Marks
[1539.091s][info][gc,marking     ] GC(227) Concurrent Clear Claimed Marks 0.029ms
[1539.091s][info][gc,marking     ] GC(227) Concurrent Cleanup for Next Mark
[1539.094s][info][gc,marking     ] GC(227) Concurrent Cleanup for Next Mark 3.747ms
[1539.094s][info][gc             ] GC(227) Concurrent Mark Cycle 965.982ms
........[1547.149s][info][gc,start       ] GC(228) Pause Young (Prepare Mixed) (G1 Evacuation Pause)
[1547.149s][info][gc,task        ] GC(228) Using 6 workers of 6 for evacuation
[1547.266s][info][gc,phases      ] GC(228)   Pre Evacuate Collection Set: 0.36ms
[1547.266s][info][gc,phases      ] GC(228)   Merge Heap Roots: 0.62ms
[1547.266s][info][gc,phases      ] GC(228)   Evacuate Collection Set: 114.81ms
[1547.266s][info][gc,phases      ] GC(228)   Post Evacuate Collection Set: 0.99ms
[1547.266s][info][gc,phases      ] GC(228)   Other: 0.09ms
[1547.266s][info][gc,heap        ] GC(228) Eden regions: 1117->0(1116)
[1547.266s][info][gc,heap        ] GC(228) Survivor regions: 111->108(154)
[1547.266s][info][gc,heap        ] GC(228) Old regions: 501->533
[1547.266s][info][gc,heap        ] GC(228) Humongous regions: 80->80
[1547.266s][info][gc,metaspace   ] GC(228) Metaspace: 28883K(29184K)->28883K(29184K) NonClass: 24001K(24128K)->24001K(24128K) Class: 4882K(5056K)->4882K(5056K)
[1547.266s][info][gc             ] GC(228) Pause Young (Prepare Mixed) (G1 Evacuation Pause) 3617M->1441M(4096M) 116.996ms
[1547.266s][info][gc,cpu         ] GC(228) User=0.69s Sys=0.01s Real=0.11s
.........[1556.317s][info][gc,start       ] GC(229) Pause Young (Mixed) (G1 Evacuation Pause)
[1556.317s][info][gc,task        ] GC(229) Using 6 workers of 6 for evacuation
[1556.454s][info][gc,phases      ] GC(229)   Pre Evacuate Collection Set: 0.44ms
[1556.454s][info][gc,phases      ] GC(229)   Merge Heap Roots: 0.85ms
[1556.454s][info][gc,phases      ] GC(229)   Evacuate Collection Set: 134.37ms
[1556.454s][info][gc,phases      ] GC(229)   Post Evacuate Collection Set: 0.99ms
[1556.454s][info][gc,phases      ] GC(229)   Other: 0.09ms
[1556.454s][info][gc,heap        ] GC(229) Eden regions: 1116->0(1117)
[1556.454s][info][gc,heap        ] GC(229) Survivor regions: 108->111(153)
[1556.454s][info][gc,heap        ] GC(229) Old regions: 533->467
[1556.454s][info][gc,heap        ] GC(229) Humongous regions: 80->80
[1556.454s][info][gc,metaspace   ] GC(229) Metaspace: 28883K(29184K)->28883K(29184K) NonClass: 24001K(24128K)->24001K(24128K) Class: 4882K(5056K)->4882K(5056K)
[1556.454s][info][gc             ] GC(229) Pause Young (Mixed) (G1 Evacuation Pause) 3673M->1314M(4096M) 136.869ms
[1556.454s][info][gc,cpu         ] GC(229) User=0.81s Sys=0.00s Real=0.14s
.........[1565.535s][info][gc,start       ] GC(230) Pause Young (Concurrent Start) (G1 Evacuation Pause)
[1565.535s][info][gc,task        ] GC(230) Using 6 workers of 6 for evacuation
[1565.654s][info][gc,phases      ] GC(230)   Pre Evacuate Collection Set: 0.41ms
[1565.654s][info][gc,phases      ] GC(230)   Merge Heap Roots: 0.58ms
[1565.654s][info][gc,phases      ] GC(230)   Evacuate Collection Set: 117.30ms
[1565.654s][info][gc,phases      ] GC(230)   Post Evacuate Collection Set: 0.92ms
[1565.654s][info][gc,phases      ] GC(230)   Other: 0.11ms
[1565.654s][info][gc,heap        ] GC(230) Eden regions: 1117->0(1118)
[1565.654s][info][gc,heap        ] GC(230) Survivor regions: 111->110(154)
[1565.654s][info][gc,heap        ] GC(230) Old regions: 467->498
[1565.654s][info][gc,heap        ] GC(230) Humongous regions: 80->80
[1565.654s][info][gc,metaspace   ] GC(230) Metaspace: 28883K(29184K)->28883K(29184K) NonClass: 24001K(24128K)->24001K(24128K) Class: 4882K(5056K)->4882K(5056K)
[1565.654s][info][gc             ] GC(230) Pause Young (Concurrent Start) (G1 Evacuation Pause) 3548M->1374M(4096M) 119.465ms
[1565.654s][info][gc             ] GC(231) Concurrent Mark Cycle
[1565.654s][info][gc,marking     ] GC(231) Concurrent Scan Root Regions
[1565.654s][info][gc,cpu         ] GC(230) User=0.71s Sys=0.00s Real=0.12s
.[1565.793s][info][gc,marking     ] GC(231) Concurrent Scan Root Regions 138.584ms
[1565.793s][info][gc,marking     ] GC(231) Concurrent Mark
[1565.793s][info][gc,marking     ] GC(231) Concurrent Mark From Roots
[1565.793s][info][gc,task        ] GC(231) Using 2 workers of 2 for marking
[1566.423s][info][gc,marking     ] GC(231) Concurrent Mark From Roots 630.587ms
[1566.423s][info][gc,marking     ] GC(231) Concurrent Preclean
[1566.424s][info][gc,marking     ] GC(231) Concurrent Preclean 0.043ms
[1566.424s][info][gc,start       ] GC(231) Pause Remark
[1566.427s][info][gc             ] GC(231) Pause Remark 1605M->1605M(4096M) 3.027ms
[1566.427s][info][gc,cpu         ] GC(231) User=0.01s Sys=0.00s Real=0.00s
[1566.427s][info][gc,marking     ] GC(231) Concurrent Mark 633.912ms
[1566.427s][info][gc,marking     ] GC(231) Concurrent Rebuild Remembered Sets and Scrub Regions
[1566.653s][info][gc,marking     ] GC(231) Concurrent Rebuild Remembered Sets and Scrub Regions 225.877ms
[1566.653s][info][gc,start       ] GC(231) Pause Cleanup
[1566.653s][info][gc             ] GC(231) Pause Cleanup 1663M->1663M(4096M) 0.134ms
[1566.653s][info][gc,cpu         ] GC(231) User=0.00s Sys=0.00s Real=0.00s
[1566.653s][info][gc,marking     ] GC(231) Concurrent Clear Claimed Marks
[1566.653s][info][gc,marking     ] GC(231) Concurrent Clear Claimed Marks 0.034ms
[1566.653s][info][gc,marking     ] GC(231) Concurrent Cleanup for Next Mark
[1566.656s][info][gc,marking     ] GC(231) Concurrent Cleanup for Next Mark 3.202ms
[1566.656s][info][gc             ] GC(231) Concurrent Mark Cycle 1002.088ms
........[1574.692s][info][gc,start       ] GC(232) Pause Young (Prepare Mixed) (G1 Evacuation Pause)
[1574.692s][info][gc,task        ] GC(232) Using 6 workers of 6 for evacuation
[1574.809s][info][gc,phases      ] GC(232)   Pre Evacuate Collection Set: 0.39ms
[1574.809s][info][gc,phases      ] GC(232)   Merge Heap Roots: 0.63ms
[1574.809s][info][gc,phases      ] GC(232)   Evacuate Collection Set: 114.44ms
[1574.809s][info][gc,phases      ] GC(232)   Post Evacuate Collection Set: 0.98ms
[1574.809s][info][gc,phases      ] GC(232)   Other: 0.10ms
[1574.809s][info][gc,heap        ] GC(232) Eden regions: 1118->0(1119)
[1574.809s][info][gc,heap        ] GC(232) Survivor regions: 110->108(154)
[1574.809s][info][gc,heap        ] GC(232) Old regions: 498->530
[1574.809s][info][gc,heap        ] GC(232) Humongous regions: 80->80
[1574.809s][info][gc,metaspace   ] GC(232) Metaspace: 28883K(29184K)->28883K(29184K) NonClass: 24001K(24128K)->24001K(24128K) Class: 4882K(5056K)->4882K(5056K)
[1574.809s][info][gc             ] GC(232) Pause Young (Prepare Mixed) (G1 Evacuation Pause) 3610M->1435M(4096M) 116.676ms
[1574.809s][info][gc,cpu         ] GC(232) User=0.69s Sys=0.00s Real=0.12s
..........[1583.867s][info][gc,start       ] GC(233) Pause Young (Mixed) (G1 Evacuation Pause)
[1583.868s][info][gc,task        ] GC(233) Using 6 workers of 6 for evacuation
[1583.999s][info][gc,phases      ] GC(233)   Pre Evacuate Collection Set: 0.42ms
[1583.999s][info][gc,phases      ] GC(233)   Merge Heap Roots: 0.73ms
[1583.999s][info][gc,phases      ] GC(233)   Evacuate Collection Set: 128.97ms
[1583.999s][info][gc,phases      ] GC(233)   Post Evacuate Collection Set: 0.97ms
[1583.999s][info][gc,phases      ] GC(233)   Other: 0.10ms
[1583.999s][info][gc,heap        ] GC(233) Eden regions: 1119->0(1120)
[1583.999s][info][gc,heap        ] GC(233) Survivor regions: 108->108(154)
[1583.999s][info][gc,heap        ] GC(233) Old regions: 530->469
[1583.999s][info][gc,heap        ] GC(233) Humongous regions: 80->80
[1583.999s][info][gc,metaspace   ] GC(233) Metaspace: 28883K(29184K)->28883K(29184K) NonClass: 24001K(24128K)->24001K(24128K) Class: 4882K(5056K)->4882K(5056K)
[1583.999s][info][gc             ] GC(233) Pause Young (Mixed) (G1 Evacuation Pause) 3673M->1311M(4096M) 131.331ms
[1583.999s][info][gc,cpu         ] GC(233) User=0.78s Sys=0.00s Real=0.14s
.........[1593.079s][info][gc,start       ] GC(234) Pause Young (Concurrent Start) (G1 Evacuation Pause)
[1593.079s][info][gc,task        ] GC(234) Using 6 workers of 6 for evacuation
[1593.196s][info][gc,phases      ] GC(234)   Pre Evacuate Collection Set: 0.42ms
[1593.196s][info][gc,phases      ] GC(234)   Merge Heap Roots: 0.55ms
[1593.196s][info][gc,phases      ] GC(234)   Evacuate Collection Set: 115.22ms
[1593.196s][info][gc,phases      ] GC(234)   Post Evacuate Collection Set: 0.94ms
[1593.196s][info][gc,phases      ] GC(234)   Other: 0.11ms
[1593.196s][info][gc,heap        ] GC(234) Eden regions: 1120->0(1119)
[1593.196s][info][gc,heap        ] GC(234) Survivor regions: 108->109(154)
[1593.196s][info][gc,heap        ] GC(234) Old regions: 469->500
[1593.196s][info][gc,heap        ] GC(234) Humongous regions: 80->80
[1593.196s][info][gc,metaspace   ] GC(234) Metaspace: 28883K(29184K)->28883K(29184K) NonClass: 24001K(24128K)->24001K(24128K) Class: 4882K(5056K)->4882K(5056K)
[1593.196s][info][gc             ] GC(234) Pause Young (Concurrent Start) (G1 Evacuation Pause) 3551M->1376M(4096M) 117.387ms
[1593.196s][info][gc             ] GC(235) Concurrent Mark Cycle
[1593.196s][info][gc,marking     ] GC(235) Concurrent Scan Root Regions
[1593.196s][info][gc,cpu         ] GC(234) User=0.70s Sys=0.00s Real=0.11s
[1593.316s][info][gc,marking     ] GC(235) Concurrent Scan Root Regions 119.162ms
[1593.316s][info][gc,marking     ] GC(235) Concurrent Mark
[1593.316s][info][gc,marking     ] GC(235) Concurrent Mark From Roots
[1593.316s][info][gc,task        ] GC(235) Using 2 workers of 2 for marking
.[1593.935s][info][gc,marking     ] GC(235) Concurrent Mark From Roots 619.065ms
[1593.935s][info][gc,marking     ] GC(235) Concurrent Preclean
[1593.935s][info][gc,marking     ] GC(235) Concurrent Preclean 0.046ms
[1593.935s][info][gc,start       ] GC(235) Pause Remark
[1593.938s][info][gc             ] GC(235) Pause Remark 1582M->1582M(4096M) 3.005ms
[1593.938s][info][gc,cpu         ] GC(235) User=0.02s Sys=0.00s Real=0.00s
[1593.938s][info][gc,marking     ] GC(235) Concurrent Mark 622.373ms
[1593.938s][info][gc,marking     ] GC(235) Concurrent Rebuild Remembered Sets and Scrub Regions
[1594.178s][info][gc,marking     ] GC(235) Concurrent Rebuild Remembered Sets and Scrub Regions 240.202ms
[1594.178s][info][gc,start       ] GC(235) Pause Cleanup
[1594.178s][info][gc             ] GC(235) Pause Cleanup 1655M->1655M(4096M) 0.136ms
[1594.179s][info][gc,cpu         ] GC(235) User=0.00s Sys=0.00s Real=0.00s
[1594.179s][info][gc,marking     ] GC(235) Concurrent Clear Claimed Marks
[1594.179s][info][gc,marking     ] GC(235) Concurrent Clear Claimed Marks 0.032ms
[1594.179s][info][gc,marking     ] GC(235) Concurrent Cleanup for Next Mark
[1594.182s][info][gc,marking     ] GC(235) Concurrent Cleanup for Next Mark 3.280ms
[1594.182s][info][gc             ] GC(235) Concurrent Mark Cycle 985.558ms
.... (rIR:aIR:PR = 2076:2077:2077) (tPR = 30749) [OK] 
  1597s: Performance info:
         Transaction,    Success,    Partial,     Failed,   Receipts, AvgBarcode, 
             Overall,     124942,          0,          0,     118685,      59.48, 
         Response times:
             Request,    Success,    Partial,     Failed,   SkipFail,     Probes,    Samples,      min,      p50,      p90,      p95,      p99,      max, 
       TotalPurchase,     118685,          0,          0,          0,     115842,     126849,      400,     2000,     3100,     3500,    10050,   138000,
     InStorePurchase,      62478,          0,          0,          0,      61328,      66970,      400,     2000,     3100,     3500,     9800,   135000,
      OnlinePurchase,      43730,          0,          0,          0,      42482,      46482,      400,     2000,     3100,     3500,     9900,   137000,
        InstPurchase,      12477,          0,          0,          0,      12032,      13397,      400,     1900,     3000,     3400,    12202,   138000,
          AssocOfCat,        125,          0,          0,          0,         88,        121,    18800,    29000,    37600,    53100,   161560,   162000,
      AssocOfProduct,       1252,          0,          0,          0,       1110,       1312,      500,     1000,     1700,     2300,     4161,   119000,
      BusinessReport,        312,          0,          0,          0,        244,        329,    23000,    33000,    40000,    47000,    94800,   167000,
          CustBuyBeh,       1250,          0,          0,          0,       1112,       1334,      200,     2000,     3200,     3600,     8815,   120000,
       ProductReturn,       3317,          0,          0,          0,       3077,       3575,      200,     1600,     2800,     3200,     7600,   133000,

  1597s: (16%)   IR =   2214 ....|[1601.926s][info][gc,start       ] GC(236) Pause Young (Prepare Mixed) (G1 Evacuation Pause)
[1601.926s][info][gc,task        ] GC(236) Using 6 workers of 6 for evacuation
[1602.043s][info][gc,phases      ] GC(236)   Pre Evacuate Collection Set: 0.37ms
[1602.043s][info][gc,phases      ] GC(236)   Merge Heap Roots: 0.66ms
[1602.043s][info][gc,phases      ] GC(236)   Evacuate Collection Set: 114.82ms
[1602.043s][info][gc,phases      ] GC(236)   Post Evacuate Collection Set: 1.00ms
[1602.043s][info][gc,phases      ] GC(236)   Other: 0.10ms
[1602.043s][info][gc,heap        ] GC(236) Eden regions: 1119->0(1116)
[1602.043s][info][gc,heap        ] GC(236) Survivor regions: 109->108(154)
[1602.043s][info][gc,heap        ] GC(236) Old regions: 500->533
[1602.043s][info][gc,heap        ] GC(236) Humongous regions: 80->80
[1602.043s][info][gc,metaspace   ] GC(236) Metaspace: 28886K(29184K)->28886K(29184K) NonClass: 24004K(24128K)->24004K(24128K) Class: 4882K(5056K)->4882K(5056K)
[1602.043s][info][gc             ] GC(236) Pause Young (Prepare Mixed) (G1 Evacuation Pause) 3614M->1439M(4096M) 117.113ms
[1602.043s][info][gc,cpu         ] GC(236) User=0.70s Sys=0.00s Real=0.12s
........[1610.480s][info][gc,start       ] GC(237) Pause Young (Mixed) (G1 Evacuation Pause)
[1610.480s][info][gc,task        ] GC(237) Using 6 workers of 6 for evacuation
[1610.615s][info][gc,phases      ] GC(237)   Pre Evacuate Collection Set: 0.44ms
[1610.615s][info][gc,phases      ] GC(237)   Merge Heap Roots: 0.81ms
[1610.615s][info][gc,phases      ] GC(237)   Evacuate Collection Set: 132.52ms
[1610.615s][info][gc,phases      ] GC(237)   Post Evacuate Collection Set: 0.97ms
[1610.615s][info][gc,phases      ] GC(237)   Other: 0.09ms
[1610.615s][info][gc,heap        ] GC(237) Eden regions: 1116->0(1119)
[1610.615s][info][gc,heap        ] GC(237) Survivor regions: 108->109(153)
[1610.615s][info][gc,heap        ] GC(237) Old regions: 533->467
[1610.615s][info][gc,heap        ] GC(237) Humongous regions: 80->80
[1610.615s][info][gc,metaspace   ] GC(237) Metaspace: 28886K(29184K)->28886K(29184K) NonClass: 24004K(24128K)->24004K(24128K) Class: 4882K(5056K)->4882K(5056K)
[1610.615s][info][gc             ] GC(237) Pause Young (Mixed) (G1 Evacuation Pause) 3671M->1310M(4096M) 134.966ms
[1610.615s][info][gc,cpu         ] GC(237) User=0.80s Sys=0.00s Real=0.13s
.........[1619.099s][info][gc,start       ] GC(238) Pause Young (Concurrent Start) (G1 Evacuation Pause)
[1619.099s][info][gc,task        ] GC(238) Using 6 workers of 6 for evacuation
[1619.217s][info][gc,phases      ] GC(238)   Pre Evacuate Collection Set: 0.42ms
[1619.217s][info][gc,phases      ] GC(238)   Merge Heap Roots: 0.59ms
[1619.217s][info][gc,phases      ] GC(238)   Evacuate Collection Set: 115.63ms
[1619.217s][info][gc,phases      ] GC(238)   Post Evacuate Collection Set: 0.93ms
[1619.217s][info][gc,phases      ] GC(238)   Other: 0.13ms
[1619.217s][info][gc,heap        ] GC(238) Eden regions: 1119->0(1119)
[1619.217s][info][gc,heap        ] GC(238) Survivor regions: 109->109(154)
[1619.217s][info][gc,heap        ] GC(238) Old regions: 467->499
[1619.217s][info][gc,heap        ] GC(238) Humongous regions: 80->80
[1619.217s][info][gc,metaspace   ] GC(238) Metaspace: 28886K(29184K)->28886K(29184K) NonClass: 24004K(24128K)->24004K(24128K) Class: 4882K(5056K)->4882K(5056K)
[1619.217s][info][gc             ] GC(238) Pause Young (Concurrent Start) (G1 Evacuation Pause) 3548M->1375M(4096M) 117.858ms
[1619.217s][info][gc             ] GC(239) Concurrent Mark Cycle
[1619.217s][info][gc,marking     ] GC(239) Concurrent Scan Root Regions
[1619.217s][info][gc,cpu         ] GC(238) User=0.70s Sys=0.00s Real=0.11s
[1619.353s][info][gc,marking     ] GC(239) Concurrent Scan Root Regions 136.057ms
[1619.353s][info][gc,marking     ] GC(239) Concurrent Mark
[1619.353s][info][gc,marking     ] GC(239) Concurrent Mark From Roots
[1619.353s][info][gc,task        ] GC(239) Using 2 workers of 2 for marking
.[1619.992s][info][gc,marking     ] GC(239) Concurrent Mark From Roots 639.719ms
[1619.993s][info][gc,marking     ] GC(239) Concurrent Preclean
[1619.993s][info][gc,marking     ] GC(239) Concurrent Preclean 0.051ms
[1619.993s][info][gc,start       ] GC(239) Pause Remark
[1619.996s][info][gc             ] GC(239) Pause Remark 1620M->1620M(4096M) 3.141ms
[1619.996s][info][gc,cpu         ] GC(239) User=0.01s Sys=0.00s Real=0.00s
[1619.996s][info][gc,marking     ] GC(239) Concurrent Mark 643.174ms
[1619.996s][info][gc,marking     ] GC(239) Concurrent Rebuild Remembered Sets and Scrub Regions
[1620.231s][info][gc,marking     ] GC(239) Concurrent Rebuild Remembered Sets and Scrub Regions 235.231ms
[1620.231s][info][gc,start       ] GC(239) Pause Cleanup
[1620.231s][info][gc             ] GC(239) Pause Cleanup 1685M->1685M(4096M) 0.138ms
[1620.232s][info][gc,cpu         ] GC(239) User=0.00s Sys=0.00s Real=0.00s
[1620.232s][info][gc,marking     ] GC(239) Concurrent Clear Claimed Marks
[1620.232s][info][gc,marking     ] GC(239) Concurrent Clear Claimed Marks 0.032ms
[1620.232s][info][gc,marking     ] GC(239) Concurrent Cleanup for Next Mark
[1620.235s][info][gc,marking     ] GC(239) Concurrent Cleanup for Next Mark 3.487ms
[1620.235s][info][gc             ] GC(239) Concurrent Mark Cycle 1018.481ms
.......[1627.671s][info][gc,start       ] GC(240) Pause Young (Prepare Mixed) (G1 Evacuation Pause)
[1627.671s][info][gc,task        ] GC(240) Using 6 workers of 6 for evacuation
[1627.789s][info][gc,phases      ] GC(240)   Pre Evacuate Collection Set: 0.41ms
[1627.789s][info][gc,phases      ] GC(240)   Merge Heap Roots: 0.70ms
[1627.789s][info][gc,phases      ] GC(240)   Evacuate Collection Set: 115.79ms
[1627.789s][info][gc,phases      ] GC(240)   Post Evacuate Collection Set: 0.99ms
[1627.789s][info][gc,phases      ] GC(240)   Other: 0.09ms
[1627.789s][info][gc,heap        ] GC(240) Eden regions: 1119->0(1117)
[1627.789s][info][gc,heap        ] GC(240) Survivor regions: 109->108(154)
[1627.789s][info][gc,heap        ] GC(240) Old regions: 499->532
[1627.789s][info][gc,heap        ] GC(240) Humongous regions: 80->80
[1627.789s][info][gc,metaspace   ] GC(240) Metaspace: 28886K(29184K)->28886K(29184K) NonClass: 24004K(24128K)->24004K(24128K) Class: 4882K(5056K)->4882K(5056K)
[1627.789s][info][gc             ] GC(240) Pause Young (Prepare Mixed) (G1 Evacuation Pause) 3613M->1438M(4096M) 118.118ms
[1627.789s][info][gc,cpu         ] GC(240) User=0.70s Sys=0.01s Real=0.12s
.........[1636.286s][info][gc,start       ] GC(241) Pause Young (Mixed) (G1 Evacuation Pause)
[1636.286s][info][gc,task        ] GC(241) Using 6 workers of 6 for evacuation
[1636.420s][info][gc,phases      ] GC(241)   Pre Evacuate Collection Set: 0.42ms
[1636.420s][info][gc,phases      ] GC(241)   Merge Heap Roots: 0.80ms
[1636.420s][info][gc,phases      ] GC(241)   Evacuate Collection Set: 131.50ms
[1636.420s][info][gc,phases      ] GC(241)   Post Evacuate Collection Set: 0.95ms
[1636.420s][info][gc,phases      ] GC(241)   Other: 0.11ms
[1636.420s][info][gc,heap        ] GC(241) Eden regions: 1117->0(1119)
[1636.420s][info][gc,heap        ] GC(241) Survivor regions: 108->109(154)
[1636.420s][info][gc,heap        ] GC(241) Old regions: 532->468
[1636.420s][info][gc,heap        ] GC(241) Humongous regions: 80->80
[1636.420s][info][gc,metaspace   ] GC(241) Metaspace: 28886K(29184K)->28886K(29184K) NonClass: 24004K(24128K)->24004K(24128K) Class: 4882K(5056K)->4882K(5056K)
[1636.420s][info][gc             ] GC(241) Pause Young (Mixed) (G1 Evacuation Pause) 3672M->1312M(4096M) 133.924ms
[1636.420s][info][gc,cpu         ] GC(241) User=0.79s Sys=0.00s Real=0.14s
........[1644.837s][info][gc,start       ] GC(242) Pause Young (Concurrent Start) (G1 Evacuation Pause)
[1644.837s][info][gc,task        ] GC(242) Using 6 workers of 6 for evacuation
[1644.954s][info][gc,phases      ] GC(242)   Pre Evacuate Collection Set: 0.42ms
[1644.954s][info][gc,phases      ] GC(242)   Merge Heap Roots: 0.47ms
[1644.954s][info][gc,phases      ] GC(242)   Evacuate Collection Set: 114.81ms
[1644.954s][info][gc,phases      ] GC(242)   Post Evacuate Collection Set: 0.91ms
[1644.954s][info][gc,phases      ] GC(242)   Other: 0.12ms
[1644.954s][info][gc,heap        ] GC(242) Eden regions: 1119->0(1120)
[1644.954s][info][gc,heap        ] GC(242) Survivor regions: 109->108(154)
[1644.954s][info][gc,heap        ] GC(242) Old regions: 468->500
[1644.954s][info][gc,heap        ] GC(242) Humongous regions: 80->80
[1644.954s][info][gc,metaspace   ] GC(242) Metaspace: 28886K(29184K)->28886K(29184K) NonClass: 24004K(24128K)->24004K(24128K) Class: 4882K(5056K)->4882K(5056K)
[1644.954s][info][gc             ] GC(242) Pause Young (Concurrent Start) (G1 Evacuation Pause) 3550M->1373M(4096M) 116.856ms
[1644.954s][info][gc             ] GC(243) Concurrent Mark Cycle
[1644.954s][info][gc,marking     ] GC(243) Concurrent Scan Root Regions
[1644.954s][info][gc,cpu         ] GC(242) User=0.69s Sys=0.00s Real=0.12s
.[1645.095s][info][gc,marking     ] GC(243) Concurrent Scan Root Regions 141.256ms
[1645.095s][info][gc,marking     ] GC(243) Concurrent Mark
[1645.095s][info][gc,marking     ] GC(243) Concurrent Mark From Roots
[1645.095s][info][gc,task        ] GC(243) Using 2 workers of 2 for marking
[1645.670s][info][gc,marking     ] GC(243) Concurrent Mark From Roots 574.852ms
[1645.670s][info][gc,marking     ] GC(243) Concurrent Preclean
[1645.670s][info][gc,marking     ] GC(243) Concurrent Preclean 0.046ms
[1645.670s][info][gc,start       ] GC(243) Pause Remark
[1645.674s][info][gc             ] GC(243) Pause Remark 1598M->1598M(4096M) 3.416ms
[1645.674s][info][gc,cpu         ] GC(243) User=0.02s Sys=0.00s Real=0.00s
[1645.674s][info][gc,marking     ] GC(243) Concurrent Mark 578.588ms
[1645.674s][info][gc,marking     ] GC(243) Concurrent Rebuild Remembered Sets and Scrub Regions
[1645.886s][info][gc,marking     ] GC(243) Concurrent Rebuild Remembered Sets and Scrub Regions 212.485ms
[1645.886s][info][gc,start       ] GC(243) Pause Cleanup
[1645.887s][info][gc             ] GC(243) Pause Cleanup 1643M->1643M(4096M) 0.194ms
[1645.887s][info][gc,cpu         ] GC(243) User=0.00s Sys=0.00s Real=0.00s
[1645.887s][info][gc,marking     ] GC(243) Concurrent Clear Claimed Marks
[1645.887s][info][gc,marking     ] GC(243) Concurrent Clear Claimed Marks 0.030ms
[1645.887s][info][gc,marking     ] GC(243) Concurrent Cleanup for Next Mark
[1645.890s][info][gc,marking     ] GC(243) Concurrent Cleanup for Next Mark 3.209ms
[1645.890s][info][gc             ] GC(243) Concurrent Mark Cycle 936.127ms
........[1653.472s][info][gc,start       ] GC(244) Pause Young (Prepare Mixed) (G1 Evacuation Pause)
[1653.472s][info][gc,task        ] GC(244) Using 6 workers of 6 for evacuation
[1653.590s][info][gc,phases      ] GC(244)   Pre Evacuate Collection Set: 0.36ms
[1653.590s][info][gc,phases      ] GC(244)   Merge Heap Roots: 0.63ms
[1653.590s][info][gc,phases      ] GC(244)   Evacuate Collection Set: 115.19ms
[1653.590s][info][gc,phases      ] GC(244)   Post Evacuate Collection Set: 0.96ms
[1653.590s][info][gc,phases      ] GC(244)   Other: 0.09ms
[1653.590s][info][gc,heap        ] GC(244) Eden regions: 1120->0(1117)
[1653.590s][info][gc,heap        ] GC(244) Survivor regions: 108->108(154)
[1653.590s][info][gc,heap        ] GC(244) Old regions: 500->532
[1653.590s][info][gc,heap        ] GC(244) Humongous regions: 80->80
[1653.590s][info][gc,metaspace   ] GC(244) Metaspace: 28886K(29184K)->28886K(29184K) NonClass: 24004K(24128K)->24004K(24128K) Class: 4882K(5056K)->4882K(5056K)
[1653.590s][info][gc             ] GC(244) Pause Young (Prepare Mixed) (G1 Evacuation Pause) 3613M->1438M(4096M) 117.378ms
[1653.590s][info][gc,cpu         ] GC(244) User=0.69s Sys=0.00s Real=0.12s
.........[1661.968s][info][gc,start       ] GC(245) Pause Young (Mixed) (G1 Evacuation Pause)
[1661.968s][info][gc,task        ] GC(245) Using 6 workers of 6 for evacuation
[1662.105s][info][gc,phases      ] GC(245)   Pre Evacuate Collection Set: 0.45ms
[1662.105s][info][gc,phases      ] GC(245)   Merge Heap Roots: 0.96ms
[1662.105s][info][gc,phases      ] GC(245)   Evacuate Collection Set: 134.48ms
[1662.105s][info][gc,phases      ] GC(245)   Post Evacuate Collection Set: 1.01ms
[1662.105s][info][gc,phases      ] GC(245)   Other: 0.10ms
[1662.105s][info][gc,heap        ] GC(245) Eden regions: 1117->0(1117)
[1662.105s][info][gc,heap        ] GC(245) Survivor regions: 108->111(154)
[1662.105s][info][gc,heap        ] GC(245) Old regions: 532->467
[1662.105s][info][gc,heap        ] GC(245) Humongous regions: 80->80
[1662.105s][info][gc,metaspace   ] GC(245) Metaspace: 28886K(29184K)->28886K(29184K) NonClass: 24004K(24128K)->24004K(24128K) Class: 4882K(5056K)->4882K(5056K)
[1662.106s][info][gc             ] GC(245) Pause Young (Mixed) (G1 Evacuation Pause) 3672M->1315M(4096M) 137.132ms
[1662.106s][info][gc,cpu         ] GC(245) User=0.80s Sys=0.00s Real=0.13s
 (rIR:aIR:PR = 2214:2214:2214) (tPR = 33144) [OK] 
  1661s: Performance info:
         Transaction,    Success,    Partial,     Failed,   Receipts, AvgBarcode, 
             Overall,     133092,          0,          0,     126448,      59.50, 
         Response times:
             Request,    Success,    Partial,     Failed,   SkipFail,     Probes,    Samples,      min,      p50,      p90,      p95,      p99,      max, 
       TotalPurchase,     126448,          0,          0,          0,     123325,     132596,      400,     2100,     3200,     3700,    10403,   141000,
     InStorePurchase,      66513,          0,          0,          0,      65019,      69645,      400,     2100,     3200,     3700,    10854,   141000,
      OnlinePurchase,      46592,          0,          0,          0,      45608,      49090,      400,     2000,     3200,     3600,    10100,   141000,
        InstPurchase,      13343,          0,          0,          0,      12698,      13861,      400,     2000,     3200,     3690,    10700,   140000,
          AssocOfCat,        134,          0,          0,          0,        105,        149,    18900,    29000,    37000,    43000,    65500,    75000,
      AssocOfProduct,       1328,          0,          0,          0,       1210,       1421,      500,     2000,     3200,     3500,    11158,   139000,
      BusinessReport,        335,          0,          0,          0,        252,        335,    26000,    33000,    42000,    48000,    89920,   164000,
          CustBuyBeh,       1330,          0,          0,          0,       1189,       1412,      300,     2400,     3200,     3600,    13000,    46000,
       ProductReturn,       3517,          0,          0,          0,       3280,       3737,      200,     2200,     3300,     3800,    11524,   129000,

  1661s: (17%)   IR =   2352 .....|...[1670.221s][info][gc,start       ] GC(246) Pause Young (Concurrent Start) (G1 Evacuation Pause)
[1670.221s][info][gc,task        ] GC(246) Using 6 workers of 6 for evacuation
[1670.339s][info][gc,phases      ] GC(246)   Pre Evacuate Collection Set: 0.43ms
[1670.339s][info][gc,phases      ] GC(246)   Merge Heap Roots: 0.61ms
[1670.339s][info][gc,phases      ] GC(246)   Evacuate Collection Set: 115.71ms
[1670.339s][info][gc,phases      ] GC(246)   Post Evacuate Collection Set: 0.97ms
[1670.339s][info][gc,phases      ] GC(246)   Other: 0.16ms
[1670.339s][info][gc,heap        ] GC(246) Eden regions: 1117->0(1119)
[1670.339s][info][gc,heap        ] GC(246) Survivor regions: 111->109(154)
[1670.339s][info][gc,heap        ] GC(246) Old regions: 467->499
[1670.339s][info][gc,heap        ] GC(246) Humongous regions: 80->80
[1670.339s][info][gc,metaspace   ] GC(246) Metaspace: 28888K(29184K)->28888K(29184K) NonClass: 24005K(24128K)->24005K(24128K) Class: 4882K(5056K)->4882K(5056K)
[1670.339s][info][gc             ] GC(246) Pause Young (Concurrent Start) (G1 Evacuation Pause) 3549M->1374M(4096M) 118.021ms
[1670.339s][info][gc             ] GC(247) Concurrent Mark Cycle
[1670.339s][info][gc,marking     ] GC(247) Concurrent Scan Root Regions
[1670.339s][info][gc,cpu         ] GC(246) User=0.69s Sys=0.00s Real=0.12s
[1670.460s][info][gc,marking     ] GC(247) Concurrent Scan Root Regions 121.067ms
[1670.461s][info][gc,marking     ] GC(247) Concurrent Mark
[1670.461s][info][gc,marking     ] GC(247) Concurrent Mark From Roots
[1670.461s][info][gc,task        ] GC(247) Using 2 workers of 2 for marking
[1671.051s][info][gc,marking     ] GC(247) Concurrent Mark From Roots 590.009ms
[1671.051s][info][gc,marking     ] GC(247) Concurrent Preclean
[1671.051s][info][gc,marking     ] GC(247) Concurrent Preclean 0.060ms
[1671.051s][info][gc,start       ] GC(247) Pause Remark
[1671.054s][info][gc             ] GC(247) Pause Remark 1630M->1630M(4096M) 3.098ms
[1671.054s][info][gc,cpu         ] GC(247) User=0.01s Sys=0.00s Real=0.00s
[1671.054s][info][gc,marking     ] GC(247) Concurrent Mark 593.418ms
[1671.054s][info][gc,marking     ] GC(247) Concurrent Rebuild Remembered Sets and Scrub Regions
.[1671.271s][info][gc,marking     ] GC(247) Concurrent Rebuild Remembered Sets and Scrub Regions 217.031ms
[1671.271s][info][gc,start       ] GC(247) Pause Cleanup
[1671.271s][info][gc             ] GC(247) Pause Cleanup 1688M->1688M(4096M) 0.130ms
[1671.271s][info][gc,cpu         ] GC(247) User=0.00s Sys=0.00s Real=0.00s
[1671.271s][info][gc,marking     ] GC(247) Concurrent Clear Claimed Marks
[1671.271s][info][gc,marking     ] GC(247) Concurrent Clear Claimed Marks 0.028ms
[1671.271s][info][gc,marking     ] GC(247) Concurrent Cleanup for Next Mark
[1671.275s][info][gc,marking     ] GC(247) Concurrent Cleanup for Next Mark 3.260ms
[1671.275s][info][gc             ] GC(247) Concurrent Mark Cycle 935.263ms
.......[1678.253s][info][gc,start       ] GC(248) Pause Young (Prepare Mixed) (G1 Evacuation Pause)
[1678.254s][info][gc,task        ] GC(248) Using 6 workers of 6 for evacuation
[1678.374s][info][gc,phases      ] GC(248)   Pre Evacuate Collection Set: 0.35ms
[1678.374s][info][gc,phases      ] GC(248)   Merge Heap Roots: 0.64ms
[1678.374s][info][gc,phases      ] GC(248)   Evacuate Collection Set: 118.03ms
[1678.374s][info][gc,phases      ] GC(248)   Post Evacuate Collection Set: 0.98ms
[1678.374s][info][gc,phases      ] GC(248)   Other: 0.10ms
[1678.374s][info][gc,heap        ] GC(248) Eden regions: 1119->0(1112)
[1678.374s][info][gc,heap        ] GC(248) Survivor regions: 109->111(154)
[1678.374s][info][gc,heap        ] GC(248) Old regions: 499->531
[1678.374s][info][gc,heap        ] GC(248) Humongous regions: 80->80
[1678.374s][info][gc,metaspace   ] GC(248) Metaspace: 28888K(29184K)->28888K(29184K) NonClass: 24005K(24128K)->24005K(24128K) Class: 4882K(5056K)->4882K(5056K)
[1678.374s][info][gc             ] GC(248) Pause Young (Prepare Mixed) (G1 Evacuation Pause) 3612M->1442M(4096M) 120.235ms
[1678.374s][info][gc,cpu         ] GC(248) User=0.71s Sys=0.00s Real=0.12s
........[1686.269s][info][gc,start       ] GC(249) Pause Young (Mixed) (G1 Evacuation Pause)
[1686.269s][info][gc,task        ] GC(249) Using 6 workers of 6 for evacuation
[1686.403s][info][gc,phases      ] GC(249)   Pre Evacuate Collection Set: 0.42ms
[1686.403s][info][gc,phases      ] GC(249)   Merge Heap Roots: 0.83ms
[1686.403s][info][gc,phases      ] GC(249)   Evacuate Collection Set: 132.12ms
[1686.403s][info][gc,phases      ] GC(249)   Post Evacuate Collection Set: 0.97ms
[1686.403s][info][gc,phases      ] GC(249)   Other: 0.10ms
[1686.403s][info][gc,heap        ] GC(249) Eden regions: 1112->0(1120)
[1686.403s][info][gc,heap        ] GC(249) Survivor regions: 111->108(153)
[1686.403s][info][gc,heap        ] GC(249) Old regions: 531->469
[1686.403s][info][gc,heap        ] GC(249) Humongous regions: 80->80
[1686.403s][info][gc,metaspace   ] GC(249) Metaspace: 28888K(29184K)->28888K(29184K) NonClass: 24005K(24128K)->24005K(24128K) Class: 4882K(5056K)->4882K(5056K)
[1686.403s][info][gc             ] GC(249) Pause Young (Mixed) (G1 Evacuation Pause) 3666M->1312M(4096M) 134.574ms
[1686.403s][info][gc,cpu         ] GC(249) User=0.80s Sys=0.00s Real=0.13s
........[1694.438s][info][gc,start       ] GC(250) Pause Young (Concurrent Start) (G1 Evacuation Pause)
[1694.438s][info][gc,task        ] GC(250) Using 6 workers of 6 for evacuation
[1694.555s][info][gc,phases      ] GC(250)   Pre Evacuate Collection Set: 0.41ms
[1694.555s][info][gc,phases      ] GC(250)   Merge Heap Roots: 0.57ms
[1694.555s][info][gc,phases      ] GC(250)   Evacuate Collection Set: 114.77ms
[1694.555s][info][gc,phases      ] GC(250)   Post Evacuate Collection Set: 0.92ms
[1694.555s][info][gc,phases      ] GC(250)   Other: 0.11ms
[1694.555s][info][gc,heap        ] GC(250) Eden regions: 1120->0(1119)
[1694.555s][info][gc,heap        ] GC(250) Survivor regions: 108->109(154)
[1694.555s][info][gc,heap        ] GC(250) Old regions: 469->501
[1694.555s][info][gc,heap        ] GC(250) Humongous regions: 80->80
[1694.555s][info][gc,metaspace   ] GC(250) Metaspace: 28888K(29184K)->28888K(29184K) NonClass: 24005K(24128K)->24005K(24128K) Class: 4882K(5056K)->4882K(5056K)
[1694.555s][info][gc             ] GC(250) Pause Young (Concurrent Start) (G1 Evacuation Pause) 3552M->1378M(4096M) 116.927ms
[1694.555s][info][gc             ] GC(251) Concurrent Mark Cycle
[1694.555s][info][gc,marking     ] GC(251) Concurrent Scan Root Regions
[1694.555s][info][gc,cpu         ] GC(250) User=0.69s Sys=0.00s Real=0.11s
[1694.677s][info][gc,marking     ] GC(251) Concurrent Scan Root Regions 121.451ms
[1694.677s][info][gc,marking     ] GC(251) Concurrent Mark
[1694.677s][info][gc,marking     ] GC(251) Concurrent Mark From Roots
[1694.677s][info][gc,task        ] GC(251) Using 2 workers of 2 for marking
.[1695.244s][info][gc,marking     ] GC(251) Concurrent Mark From Roots 567.608ms
[1695.245s][info][gc,marking     ] GC(251) Concurrent Preclean
[1695.245s][info][gc,marking     ] GC(251) Concurrent Preclean 0.043ms
[1695.245s][info][gc,start       ] GC(251) Pause Remark
[1695.248s][info][gc             ] GC(251) Pause Remark 1613M->1613M(4096M) 2.822ms
[1695.248s][info][gc,cpu         ] GC(251) User=0.02s Sys=0.00s Real=0.00s
[1695.248s][info][gc,marking     ] GC(251) Concurrent Mark 570.739ms
[1695.248s][info][gc,marking     ] GC(251) Concurrent Rebuild Remembered Sets and Scrub Regions
[1695.484s][info][gc,marking     ] GC(251) Concurrent Rebuild Remembered Sets and Scrub Regions 236.112ms
[1695.484s][info][gc,start       ] GC(251) Pause Cleanup
[1695.484s][info][gc             ] GC(251) Pause Cleanup 1689M->1689M(4096M) 0.123ms
[1695.484s][info][gc,cpu         ] GC(251) User=0.00s Sys=0.00s Real=0.00s
[1695.484s][info][gc,marking     ] GC(251) Concurrent Clear Claimed Marks
[1695.484s][info][gc,marking     ] GC(251) Concurrent Clear Claimed Marks 0.027ms
[1695.484s][info][gc,marking     ] GC(251) Concurrent Cleanup for Next Mark
[1695.488s][info][gc,marking     ] GC(251) Concurrent Cleanup for Next Mark 3.621ms
[1695.488s][info][gc             ] GC(251) Concurrent Mark Cycle 932.396ms
.......[1702.539s][info][gc,start       ] GC(252) Pause Young (Prepare Mixed) (G1 Evacuation Pause)
[1702.539s][info][gc,task        ] GC(252) Using 6 workers of 6 for evacuation
[1702.657s][info][gc,phases      ] GC(252)   Pre Evacuate Collection Set: 0.35ms
[1702.657s][info][gc,phases      ] GC(252)   Merge Heap Roots: 0.60ms
[1702.657s][info][gc,phases      ] GC(252)   Evacuate Collection Set: 115.80ms
[1702.657s][info][gc,phases      ] GC(252)   Post Evacuate Collection Set: 0.95ms
[1702.657s][info][gc,phases      ] GC(252)   Other: 0.11ms
[1702.657s][info][gc,heap        ] GC(252) Eden regions: 1119->0(1114)
[1702.657s][info][gc,heap        ] GC(252) Survivor regions: 109->109(154)
[1702.657s][info][gc,heap        ] GC(252) Old regions: 501->533
[1702.657s][info][gc,heap        ] GC(252) Humongous regions: 80->80
[1702.657s][info][gc,metaspace   ] GC(252) Metaspace: 28888K(29184K)->28888K(29184K) NonClass: 24005K(24128K)->24005K(24128K) Class: 4882K(5056K)->4882K(5056K)
[1702.657s][info][gc             ] GC(252) Pause Young (Prepare Mixed) (G1 Evacuation Pause) 3616M->1442M(4096M) 117.932ms
[1702.657s][info][gc,cpu         ] GC(252) User=0.70s Sys=0.00s Real=0.11s
........[1710.512s][info][gc,start       ] GC(253) Pause Young (Mixed) (G1 Evacuation Pause)
[1710.512s][info][gc,task        ] GC(253) Using 6 workers of 6 for evacuation
[1710.643s][info][gc,phases      ] GC(253)   Pre Evacuate Collection Set: 0.39ms
[1710.643s][info][gc,phases      ] GC(253)   Merge Heap Roots: 0.69ms
[1710.643s][info][gc,phases      ] GC(253)   Evacuate Collection Set: 129.75ms
[1710.643s][info][gc,phases      ] GC(253)   Post Evacuate Collection Set: 0.97ms
[1710.643s][info][gc,phases      ] GC(253)   Other: 0.09ms
[1710.644s][info][gc,heap        ] GC(253) Eden regions: 1114->0(1119)
[1710.644s][info][gc,heap        ] GC(253) Survivor regions: 109->109(153)
[1710.644s][info][gc,heap        ] GC(253) Old regions: 533->469
[1710.644s][info][gc,heap        ] GC(253) Humongous regions: 80->80
[1710.644s][info][gc,metaspace   ] GC(253) Metaspace: 28888K(29184K)->28888K(29184K) NonClass: 24005K(24128K)->24005K(24128K) Class: 4882K(5056K)->4882K(5056K)
[1710.644s][info][gc             ] GC(253) Pause Young (Mixed) (G1 Evacuation Pause) 3670M->1313M(4096M) 132.035ms
[1710.644s][info][gc,cpu         ] GC(253) User=0.78s Sys=0.00s Real=0.13s
........[1718.600s][info][gc,start       ] GC(254) Pause Young (Concurrent Start) (G1 Evacuation Pause)
[1718.600s][info][gc,task        ] GC(254) Using 6 workers of 6 for evacuation
[1718.719s][info][gc,phases      ] GC(254)   Pre Evacuate Collection Set: 0.42ms
[1718.719s][info][gc,phases      ] GC(254)   Merge Heap Roots: 0.59ms
[1718.719s][info][gc,phases      ] GC(254)   Evacuate Collection Set: 117.50ms
[1718.719s][info][gc,phases      ] GC(254)   Post Evacuate Collection Set: 0.90ms
[1718.719s][info][gc,phases      ] GC(254)   Other: 0.11ms
[1718.719s][info][gc,heap        ] GC(254) Eden regions: 1119->0(1119)
[1718.719s][info][gc,heap        ] GC(254) Survivor regions: 109->109(154)
[1718.719s][info][gc,heap        ] GC(254) Old regions: 469->501
[1718.719s][info][gc,heap        ] GC(254) Humongous regions: 80->80
[1718.719s][info][gc,metaspace   ] GC(254) Metaspace: 28888K(29184K)->28888K(29184K) NonClass: 24005K(24128K)->24005K(24128K) Class: 4882K(5056K)->4882K(5056K)
[1718.719s][info][gc             ] GC(254) Pause Young (Concurrent Start) (G1 Evacuation Pause) 3551M->1378M(4096M) 119.678ms
[1718.719s][info][gc             ] GC(255) Concurrent Mark Cycle
[1718.719s][info][gc,marking     ] GC(255) Concurrent Scan Root Regions
[1718.720s][info][gc,cpu         ] GC(254) User=0.70s Sys=0.00s Real=0.12s
[1718.888s][info][gc,marking     ] GC(255) Concurrent Scan Root Regions 168.834ms
[1718.888s][info][gc,marking     ] GC(255) Concurrent Mark
[1718.888s][info][gc,marking     ] GC(255) Concurrent Mark From Roots
[1718.888s][info][gc,task        ] GC(255) Using 2 workers of 2 for marking
.[1719.808s][info][gc,marking     ] GC(255) Concurrent Mark From Roots 919.712ms
[1719.808s][info][gc,marking     ] GC(255) Concurrent Preclean
[1719.808s][info][gc,marking     ] GC(255) Concurrent Preclean 0.048ms
[1719.808s][info][gc,start       ] GC(255) Pause Remark
[1719.812s][info][gc             ] GC(255) Pause Remark 1724M->1724M(4096M) 3.710ms
[1719.812s][info][gc,cpu         ] GC(255) User=0.02s Sys=0.00s Real=0.00s
[1719.812s][info][gc,marking     ] GC(255) Concurrent Mark 923.746ms
[1719.812s][info][gc,marking     ] GC(255) Concurrent Rebuild Remembered Sets and Scrub Regions
.[1720.209s][info][gc,marking     ] GC(255) Concurrent Rebuild Remembered Sets and Scrub Regions 396.751ms
[1720.209s][info][gc,start       ] GC(255) Pause Cleanup
[1720.209s][info][gc             ] GC(255) Pause Cleanup 1827M->1827M(4096M) 0.132ms
[1720.209s][info][gc,cpu         ] GC(255) User=0.00s Sys=0.00s Real=0.00s
[1720.209s][info][gc,marking     ] GC(255) Concurrent Clear Claimed Marks
[1720.209s][info][gc,marking     ] GC(255) Concurrent Clear Claimed Marks 0.036ms
[1720.209s][info][gc,marking     ] GC(255) Concurrent Cleanup for Next Mark
[1720.213s][info][gc,marking     ] GC(255) Concurrent Cleanup for Next Mark 3.259ms
[1720.213s][info][gc             ] GC(255) Concurrent Mark Cycle 1493.120ms
......[1726.721s][info][gc,start       ] GC(256) Pause Young (Prepare Mixed) (G1 Evacuation Pause)
[1726.721s][info][gc,task        ] GC(256) Using 6 workers of 6 for evacuation
[1726.838s][info][gc,phases      ] GC(256)   Pre Evacuate Collection Set: 0.38ms
[1726.838s][info][gc,phases      ] GC(256)   Merge Heap Roots: 0.69ms
[1726.838s][info][gc,phases      ] GC(256)   Evacuate Collection Set: 114.81ms
[1726.838s][info][gc,phases      ] GC(256)   Post Evacuate Collection Set: 0.97ms
[1726.838s][info][gc,phases      ] GC(256)   Other: 0.11ms
[1726.838s][info][gc,heap        ] GC(256) Eden regions: 1119->0(1116)
[1726.838s][info][gc,heap        ] GC(256) Survivor regions: 109->108(154)
[1726.838s][info][gc,heap        ] GC(256) Old regions: 501->533
[1726.838s][info][gc,heap        ] GC(256) Humongous regions: 80->80
[1726.838s][info][gc,metaspace   ] GC(256) Metaspace: 28888K(29184K)->28888K(29184K) NonClass: 24005K(24128K)->24005K(24128K) Class: 4882K(5056K)->4882K(5056K)
[1726.838s][info][gc             ] GC(256) Pause Young (Prepare Mixed) (G1 Evacuation Pause) 3616M->1440M(4096M) 117.088ms
[1726.838s][info][gc,cpu         ] GC(256) User=0.69s Sys=0.00s Real=0.12s
. (rIR:aIR:PR = 2352:2351:2351) (tPR = 34961) [OK] 
  1726s: Performance info:
         Transaction,    Success,    Partial,     Failed,   Receipts, AvgBarcode, 
             Overall,     141167,          0,          0,     134109,      59.47, 
         Response times:
             Request,    Success,    Partial,     Failed,   SkipFail,     Probes,    Samples,      min,      p50,      p90,      p95,      p99,      max, 
       TotalPurchase,     134109,          0,          0,          0,     131156,     142954,      300,     2200,     3400,     4000,    15400,   171000,
     InStorePurchase,      70585,          0,          0,          0,      69121,      75059,      300,     2000,     3400,     3900,    14100,   138000,
      OnlinePurchase,      49405,          0,          0,          0,      48398,      52692,      400,     2300,     3500,     4200,    16600,   140000,
        InstPurchase,      14119,          0,          0,          0,      13637,      15203,      400,     2200,     3600,     4200,    15600,   171000,
          AssocOfCat,        141,          0,          0,          0,        104,        156,    24000,    28500,    36300,    54050,   162310,   172000,
      AssocOfProduct,       1408,          0,          0,          0,       1285,       1546,      600,     2000,     2800,     3300,    11536,   121000,
      BusinessReport,        354,          0,          0,          0,        277,        390,    24000,    34000,    45000,    56000,    91270,   152000,
          CustBuyBeh,       1417,          0,          0,          0,       1242,       1474,      300,     1900,     2700,     3200,    11800,   120000,
       ProductReturn,       3738,          0,          0,          0,       3526,       4076,      200,     2200,     3300,     3900,    15300,   136000,

  1726s: (18%)   IR =   2491 ....|...[1734.470s][info][gc,start       ] GC(257) Pause Young (Mixed) (G1 Evacuation Pause)
[1734.470s][info][gc,task        ] GC(257) Using 6 workers of 6 for evacuation
[1734.606s][info][gc,phases      ] GC(257)   Pre Evacuate Collection Set: 0.43ms
[1734.606s][info][gc,phases      ] GC(257)   Merge Heap Roots: 0.83ms
[1734.606s][info][gc,phases      ] GC(257)   Evacuate Collection Set: 133.77ms
[1734.606s][info][gc,phases      ] GC(257)   Post Evacuate Collection Set: 0.98ms
[1734.606s][info][gc,phases      ] GC(257)   Other: 0.11ms
[1734.606s][info][gc,heap        ] GC(257) Eden regions: 1116->0(1118)
[1734.606s][info][gc,heap        ] GC(257) Survivor regions: 108->110(153)
[1734.607s][info][gc,heap        ] GC(257) Old regions: 533->471
[1734.607s][info][gc,heap        ] GC(257) Humongous regions: 80->80
[1734.607s][info][gc,metaspace   ] GC(257) Metaspace: 28888K(29184K)->28888K(29184K) NonClass: 24005K(24128K)->24005K(24128K) Class: 4882K(5056K)->4882K(5056K)
[1734.607s][info][gc             ] GC(257) Pause Young (Mixed) (G1 Evacuation Pause) 3672M->1320M(4096M) 136.301ms
[1734.607s][info][gc,cpu         ] GC(257) User=0.81s Sys=0.00s Real=0.13s
.......[1742.000s][info][gc,start       ] GC(258) Pause Young (Concurrent Start) (G1 Evacuation Pause)
[1742.000s][info][gc,task        ] GC(258) Using 6 workers of 6 for evacuation
[1742.118s][info][gc,phases      ] GC(258)   Pre Evacuate Collection Set: 0.44ms
[1742.118s][info][gc,phases      ] GC(258)   Merge Heap Roots: 0.58ms
[1742.118s][info][gc,phases      ] GC(258)   Evacuate Collection Set: 115.62ms
[1742.118s][info][gc,phases      ] GC(258)   Post Evacuate Collection Set: 0.92ms
[1742.118s][info][gc,phases      ] GC(258)   Other: 0.13ms
[1742.118s][info][gc,heap        ] GC(258) Eden regions: 1118->0(1119)
[1742.118s][info][gc,heap        ] GC(258) Survivor regions: 110->109(154)
[1742.118s][info][gc,heap        ] GC(258) Old regions: 471->503
[1742.118s][info][gc,heap        ] GC(258) Humongous regions: 80->80
[1742.118s][info][gc,metaspace   ] GC(258) Metaspace: 28888K(29184K)->28888K(29184K) NonClass: 24005K(24128K)->24005K(24128K) Class: 4882K(5056K)->4882K(5056K)
[1742.118s][info][gc             ] GC(258) Pause Young (Concurrent Start) (G1 Evacuation Pause) 3556M->1382M(4096M) 117.819ms
[1742.118s][info][gc             ] GC(259) Concurrent Mark Cycle
[1742.118s][info][gc,marking     ] GC(259) Concurrent Scan Root Regions
[1742.118s][info][gc,cpu         ] GC(258) User=0.70s Sys=0.00s Real=0.11s
.[1742.288s][info][gc,marking     ] GC(259) Concurrent Scan Root Regions 169.538ms
[1742.288s][info][gc,marking     ] GC(259) Concurrent Mark
[1742.288s][info][gc,marking     ] GC(259) Concurrent Mark From Roots
[1742.288s][info][gc,task        ] GC(259) Using 2 workers of 2 for marking
[1742.930s][info][gc,marking     ] GC(259) Concurrent Mark From Roots 642.708ms
[1742.930s][info][gc,marking     ] GC(259) Concurrent Preclean
[1742.930s][info][gc,marking     ] GC(259) Concurrent Preclean 0.093ms
[1742.931s][info][gc,start       ] GC(259) Pause Remark
[1742.934s][info][gc             ] GC(259) Pause Remark 1677M->1677M(4096M) 3.160ms
[1742.934s][info][gc,cpu         ] GC(259) User=0.02s Sys=0.00s Real=0.00s
[1742.934s][info][gc,marking     ] GC(259) Concurrent Mark 646.736ms
[1742.934s][info][gc,marking     ] GC(259) Concurrent Rebuild Remembered Sets and Scrub Regions
[1743.177s][info][gc,marking     ] GC(259) Concurrent Rebuild Remembered Sets and Scrub Regions 242.607ms
[1743.177s][info][gc,start       ] GC(259) Pause Cleanup
[1743.177s][info][gc             ] GC(259) Pause Cleanup 1754M->1754M(4096M) 0.138ms
[1743.177s][info][gc,cpu         ] GC(259) User=0.00s Sys=0.00s Real=0.00s
[1743.177s][info][gc,marking     ] GC(259) Concurrent Clear Claimed Marks
[1743.177s][info][gc,marking     ] GC(259) Concurrent Clear Claimed Marks 0.029ms
[1743.177s][info][gc,marking     ] GC(259) Concurrent Cleanup for Next Mark
[1743.181s][info][gc,marking     ] GC(259) Concurrent Cleanup for Next Mark 3.250ms
[1743.181s][info][gc             ] GC(259) Concurrent Mark Cycle 1062.679ms
.......[1749.659s][info][gc,start       ] GC(260) Pause Young (Prepare Mixed) (G1 Evacuation Pause)
[1749.660s][info][gc,task        ] GC(260) Using 6 workers of 6 for evacuation
[1749.777s][info][gc,phases      ] GC(260)   Pre Evacuate Collection Set: 0.37ms
[1749.777s][info][gc,phases      ] GC(260)   Merge Heap Roots: 0.71ms
[1749.777s][info][gc,phases      ] GC(260)   Evacuate Collection Set: 115.74ms
[1749.777s][info][gc,phases      ] GC(260)   Post Evacuate Collection Set: 0.96ms
[1749.777s][info][gc,phases      ] GC(260)   Other: 0.09ms
[1749.777s][info][gc,heap        ] GC(260) Eden regions: 1119->0(1113)
[1749.777s][info][gc,heap        ] GC(260) Survivor regions: 109->108(154)
[1749.777s][info][gc,heap        ] GC(260) Old regions: 503->536
[1749.777s][info][gc,heap        ] GC(260) Humongous regions: 80->80
[1749.777s][info][gc,metaspace   ] GC(260) Metaspace: 28888K(29184K)->28888K(29184K) NonClass: 24005K(24128K)->24005K(24128K) Class: 4882K(5056K)->4882K(5056K)
[1749.777s][info][gc             ] GC(260) Pause Young (Prepare Mixed) (G1 Evacuation Pause) 3620M->1446M(4096M) 118.020ms
[1749.778s][info][gc,cpu         ] GC(260) User=0.70s Sys=0.00s Real=0.11s
........[1757.312s][info][gc,start       ] GC(261) Pause Young (Mixed) (G1 Evacuation Pause)
[1757.313s][info][gc,task        ] GC(261) Using 6 workers of 6 for evacuation
[1757.446s][info][gc,phases      ] GC(261)   Pre Evacuate Collection Set: 0.40ms
[1757.446s][info][gc,phases      ] GC(261)   Merge Heap Roots: 0.81ms
[1757.446s][info][gc,phases      ] GC(261)   Evacuate Collection Set: 131.07ms
[1757.446s][info][gc,phases      ] GC(261)   Post Evacuate Collection Set: 0.97ms
[1757.446s][info][gc,phases      ] GC(261)   Other: 0.10ms
[1757.446s][info][gc,heap        ] GC(261) Eden regions: 1113->0(1119)
[1757.446s][info][gc,heap        ] GC(261) Survivor regions: 108->109(153)
[1757.446s][info][gc,heap        ] GC(261) Old regions: 536->470
[1757.446s][info][gc,heap        ] GC(261) Humongous regions: 80->80
[1757.446s][info][gc,metaspace   ] GC(261) Metaspace: 28889K(29184K)->28889K(29184K) NonClass: 24007K(24128K)->24007K(24128K) Class: 4882K(5056K)->4882K(5056K)
[1757.446s][info][gc             ] GC(261) Pause Young (Mixed) (G1 Evacuation Pause) 3672M->1317M(4096M) 133.472ms
[1757.446s][info][gc,cpu         ] GC(261) User=0.79s Sys=0.00s Real=0.13s
.......[1764.759s][info][gc,start       ] GC(262) Pause Young (Concurrent Start) (G1 Evacuation Pause)
[1764.759s][info][gc,task        ] GC(262) Using 6 workers of 6 for evacuation
[1764.875s][info][gc,phases      ] GC(262)   Pre Evacuate Collection Set: 0.42ms
[1764.875s][info][gc,phases      ] GC(262)   Merge Heap Roots: 0.59ms
[1764.875s][info][gc,phases      ] GC(262)   Evacuate Collection Set: 114.14ms
[1764.875s][info][gc,phases      ] GC(262)   Post Evacuate Collection Set: 0.92ms
[1764.875s][info][gc,phases      ] GC(262)   Other: 0.12ms
[1764.875s][info][gc,heap        ] GC(262) Eden regions: 1119->0(1121)
[1764.875s][info][gc,heap        ] GC(262) Survivor regions: 109->107(154)
[1764.875s][info][gc,heap        ] GC(262) Old regions: 470->503
[1764.875s][info][gc,heap        ] GC(262) Humongous regions: 80->80
[1764.875s][info][gc,metaspace   ] GC(262) Metaspace: 28889K(29184K)->28889K(29184K) NonClass: 24007K(24128K)->24007K(24128K) Class: 4882K(5056K)->4882K(5056K)
[1764.875s][info][gc             ] GC(262) Pause Young (Concurrent Start) (G1 Evacuation Pause) 3555M->1378M(4096M) 116.308ms
[1764.875s][info][gc             ] GC(263) Concurrent Mark Cycle
[1764.875s][info][gc,marking     ] GC(263) Concurrent Scan Root Regions
[1764.875s][info][gc,cpu         ] GC(262) User=0.69s Sys=0.00s Real=0.11s
[1765.010s][info][gc,marking     ] GC(263) Concurrent Scan Root Regions 135.444ms
[1765.010s][info][gc,marking     ] GC(263) Concurrent Mark
[1765.010s][info][gc,marking     ] GC(263) Concurrent Mark From Roots
[1765.010s][info][gc,task        ] GC(263) Using 2 workers of 2 for marking
.[1765.625s][info][gc,marking     ] GC(263) Concurrent Mark From Roots 614.949ms
[1765.626s][info][gc,marking     ] GC(263) Concurrent Preclean
[1765.626s][info][gc,marking     ] GC(263) Concurrent Preclean 0.089ms
[1765.626s][info][gc,start       ] GC(263) Pause Remark
[1765.629s][info][gc             ] GC(263) Pause Remark 1626M->1626M(4096M) 3.010ms
[1765.629s][info][gc,cpu         ] GC(263) User=0.02s Sys=0.00s Real=0.01s
[1765.629s][info][gc,marking     ] GC(263) Concurrent Mark 618.373ms
[1765.629s][info][gc,marking     ] GC(263) Concurrent Rebuild Remembered Sets and Scrub Regions
[1765.990s][info][gc,marking     ] GC(263) Concurrent Rebuild Remembered Sets and Scrub Regions 360.804ms
[1765.990s][info][gc,start       ] GC(263) Pause Cleanup
[1765.990s][info][gc             ] GC(263) Pause Cleanup 1742M->1742M(4096M) 0.132ms
[1765.990s][info][gc,cpu         ] GC(263) User=0.00s Sys=0.00s Real=0.00s
[1765.990s][info][gc,marking     ] GC(263) Concurrent Clear Claimed Marks
[1765.990s][info][gc,marking     ] GC(263) Concurrent Clear Claimed Marks 0.029ms
[1765.990s][info][gc,marking     ] GC(263) Concurrent Cleanup for Next Mark
[1765.993s][info][gc,marking     ] GC(263) Concurrent Cleanup for Next Mark 3.436ms
[1765.993s][info][gc             ] GC(263) Concurrent Mark Cycle 1118.506ms
.......[1772.431s][info][gc,start       ] GC(264) Pause Young (Prepare Mixed) (G1 Evacuation Pause)
[1772.431s][info][gc,task        ] GC(264) Using 6 workers of 6 for evacuation
[1772.551s][info][gc,phases      ] GC(264)   Pre Evacuate Collection Set: 0.38ms
[1772.551s][info][gc,phases      ] GC(264)   Merge Heap Roots: 0.65ms
[1772.551s][info][gc,phases      ] GC(264)   Evacuate Collection Set: 118.07ms
[1772.551s][info][gc,phases      ] GC(264)   Post Evacuate Collection Set: 0.96ms
[1772.551s][info][gc,phases      ] GC(264)   Other: 0.08ms
[1772.551s][info][gc,heap        ] GC(264) Eden regions: 1121->0(1112)
[1772.551s][info][gc,heap        ] GC(264) Survivor regions: 107->109(154)
[1772.551s][info][gc,heap        ] GC(264) Old regions: 503->535
[1772.551s][info][gc,heap        ] GC(264) Humongous regions: 80->80
[1772.551s][info][gc,metaspace   ] GC(264) Metaspace: 28891K(29184K)->28891K(29184K) NonClass: 24009K(24128K)->24009K(24128K) Class: 4882K(5056K)->4882K(5056K)
[1772.551s][info][gc             ] GC(264) Pause Young (Prepare Mixed) (G1 Evacuation Pause) 3620M->1445M(4096M) 120.274ms
[1772.551s][info][gc,cpu         ] GC(264) User=0.71s Sys=0.00s Real=0.12s
.......[1780.026s][info][gc,start       ] GC(265) Pause Young (Mixed) (G1 Evacuation Pause)
[1780.026s][info][gc,task        ] GC(265) Using 6 workers of 6 for evacuation
[1780.159s][info][gc,phases      ] GC(265)   Pre Evacuate Collection Set: 0.41ms
[1780.159s][info][gc,phases      ] GC(265)   Merge Heap Roots: 0.77ms
[1780.159s][info][gc,phases      ] GC(265)   Evacuate Collection Set: 131.38ms
[1780.159s][info][gc,phases      ] GC(265)   Post Evacuate Collection Set: 0.99ms
[1780.159s][info][gc,phases      ] GC(265)   Other: 0.10ms
[1780.159s][info][gc,heap        ] GC(265) Eden regions: 1112->0(1120)
[1780.159s][info][gc,heap        ] GC(265) Survivor regions: 109->108(153)
[1780.159s][info][gc,heap        ] GC(265) Old regions: 535->470
[1780.159s][info][gc,heap        ] GC(265) Humongous regions: 80->80
[1780.159s][info][gc,metaspace   ] GC(265) Metaspace: 28892K(29184K)->28892K(29184K) NonClass: 24010K(24128K)->24010K(24128K) Class: 4882K(5056K)->4882K(5056K)
[1780.159s][info][gc             ] GC(265) Pause Young (Mixed) (G1 Evacuation Pause) 3669M->1314M(4096M) 133.779ms
[1780.159s][info][gc,cpu         ] GC(265) User=0.79s Sys=0.00s Real=0.14s
........[1787.674s][info][gc,start       ] GC(266) Pause Young (Concurrent Start) (G1 Evacuation Pause)
[1787.674s][info][gc,task        ] GC(266) Using 6 workers of 6 for evacuation
[1787.795s][info][gc,phases      ] GC(266)   Pre Evacuate Collection Set: 0.44ms
[1787.795s][info][gc,phases      ] GC(266)   Merge Heap Roots: 0.57ms
[1787.795s][info][gc,phases      ] GC(266)   Evacuate Collection Set: 118.77ms
[1787.795s][info][gc,phases      ] GC(266)   Post Evacuate Collection Set: 0.91ms
[1787.795s][info][gc,phases      ] GC(266)   Other: 0.10ms
[1787.795s][info][gc,heap        ] GC(266) Eden regions: 1120->0(1118)
[1787.795s][info][gc,heap        ] GC(266) Survivor regions: 108->110(154)
[1787.795s][info][gc,heap        ] GC(266) Old regions: 470->502
[1787.795s][info][gc,heap        ] GC(266) Humongous regions: 80->80
[1787.795s][info][gc,metaspace   ] GC(266) Metaspace: 28892K(29184K)->28892K(29184K) NonClass: 24010K(24128K)->24010K(24128K) Class: 4882K(5056K)->4882K(5056K)
[1787.795s][info][gc             ] GC(266) Pause Young (Concurrent Start) (G1 Evacuation Pause) 3554M->1382M(4096M) 120.935ms
[1787.795s][info][gc             ] GC(267) Concurrent Mark Cycle
[1787.795s][info][gc,marking     ] GC(267) Concurrent Scan Root Regions
[1787.795s][info][gc,cpu         ] GC(266) User=0.71s Sys=0.00s Real=0.12s
[1787.928s][info][gc,marking     ] GC(267) Concurrent Scan Root Regions 133.088ms
[1787.928s][info][gc,marking     ] GC(267) Concurrent Mark
[1787.928s][info][gc,marking     ] GC(267) Concurrent Mark From Roots
[1787.928s][info][gc,task        ] GC(267) Using 2 workers of 2 for marking
.[1788.507s][info][gc,marking     ] GC(267) Concurrent Mark From Roots 579.470ms
[1788.507s][info][gc,marking     ] GC(267) Concurrent Preclean
[1788.508s][info][gc,marking     ] GC(267) Concurrent Preclean 0.041ms
[1788.508s][info][gc,start       ] GC(267) Pause Remark
[1788.511s][info][gc             ] GC(267) Pause Remark 1626M->1626M(4096M) 3.090ms
[1788.511s][info][gc,cpu         ] GC(267) User=0.01s Sys=0.00s Real=0.01s
[1788.511s][info][gc,marking     ] GC(267) Concurrent Mark 582.856ms
[1788.511s][info][gc,marking     ] GC(267) Concurrent Rebuild Remembered Sets and Scrub Regions
[1788.727s][info][gc,marking     ] GC(267) Concurrent Rebuild Remembered Sets and Scrub Regions 216.405ms
[1788.727s][info][gc,start       ] GC(267) Pause Cleanup
[1788.728s][info][gc             ] GC(267) Pause Cleanup 1677M->1677M(4096M) 0.140ms
[1788.728s][info][gc,cpu         ] GC(267) User=0.00s Sys=0.00s Real=0.00s
[1788.728s][info][gc,marking     ] GC(267) Concurrent Clear Claimed Marks
[1788.728s][info][gc,marking     ] GC(267) Concurrent Clear Claimed Marks 0.030ms
[1788.728s][info][gc,marking     ] GC(267) Concurrent Cleanup for Next Mark
[1788.731s][info][gc,marking     ] GC(267) Concurrent Cleanup for Next Mark 3.185ms
[1788.731s][info][gc             ] GC(267) Concurrent Mark Cycle 936.034ms
... (rIR:aIR:PR = 2491:2491:2491) (tPR = 36925) [OK] 
  1791s: Performance info:
         Transaction,    Success,    Partial,     Failed,   Receipts, AvgBarcode, 
             Overall,     149558,          0,          0,     142067,      59.48, 
         Response times:
             Request,    Success,    Partial,     Failed,   SkipFail,     Probes,    Samples,      min,      p50,      p90,      p95,      p99,      max, 
       TotalPurchase,     142068,          0,          0,          0,     139295,     149632,      300,     2300,     3600,     4100,    15400,   141000,
     InStorePurchase,      74799,          0,          0,          0,      73666,      78912,      400,     2300,     3600,     4200,    15587,   140000,
      OnlinePurchase,      52324,          0,          0,          0,      51127,      54781,      300,     2300,     3600,     4200,    15400,   141000,
        InstPurchase,      14945,          0,          0,          0,      14502,      15939,      400,     2200,     3500,     4000,    14600,   140000,
          AssocOfCat,        149,          0,          0,          0,        106,        155,    19500,    30000,    36000,    49200,   137480,   147000,
      AssocOfProduct,       1498,          0,          0,          0,       1323,       1532,      500,     2200,     3500,     4000,    13900,   124000,
      BusinessReport,        378,          0,          0,          0,        312,        400,    23000,    34000,    41000,    58000,   158000,   193000,
          CustBuyBeh,       1500,          0,          0,          0,       1345,       1574,      200,     1500,     2900,     3300,     6850,    46000,
       ProductReturn,       3966,          0,          0,          0,       3689,       4179,      200,     2100,     3400,     3900,    11520,   125000,

  1791s: (19%)   IR =   2629 ...[1795.103s][info][gc,start       ] GC(268) Pause Young (Prepare Mixed) (G1 Evacuation Pause)
[1795.103s][info][gc,task        ] GC(268) Using 6 workers of 6 for evacuation
[1795.221s][info][gc,phases      ] GC(268)   Pre Evacuate Collection Set: 0.36ms
[1795.221s][info][gc,phases      ] GC(268)   Merge Heap Roots: 0.66ms
[1795.221s][info][gc,phases      ] GC(268)   Evacuate Collection Set: 116.45ms
[1795.221s][info][gc,phases      ] GC(268)   Post Evacuate Collection Set: 0.98ms
[1795.221s][info][gc,phases      ] GC(268)   Other: 0.09ms
[1795.221s][info][gc,heap        ] GC(268) Eden regions: 1118->0(1115)
[1795.221s][info][gc,heap        ] GC(268) Survivor regions: 110->108(154)
[1795.221s][info][gc,heap        ] GC(268) Old regions: 502->534
[1795.221s][info][gc,heap        ] GC(268) Humongous regions: 80->80
[1795.221s][info][gc,metaspace   ] GC(268) Metaspace: 28892K(29184K)->28892K(29184K) NonClass: 24010K(24128K)->24010K(24128K) Class: 4882K(5056K)->4882K(5056K)
[1795.221s][info][gc             ] GC(268) Pause Young (Prepare Mixed) (G1 Evacuation Pause) 3618M->1442M(4096M) 118.677ms
[1795.221s][info][gc,cpu         ] GC(268) User=0.70s Sys=0.00s Real=0.12s
.|.......[1802.303s][info][gc,start       ] GC(269) Pause Young (Mixed) (G1 Evacuation Pause)
[1802.303s][info][gc,task        ] GC(269) Using 6 workers of 6 for evacuation
[1802.439s][info][gc,phases      ] GC(269)   Pre Evacuate Collection Set: 0.43ms
[1802.439s][info][gc,phases      ] GC(269)   Merge Heap Roots: 0.84ms
[1802.439s][info][gc,phases      ] GC(269)   Evacuate Collection Set: 133.86ms
[1802.439s][info][gc,phases      ] GC(269)   Post Evacuate Collection Set: 0.99ms
[1802.439s][info][gc,phases      ] GC(269)   Other: 0.09ms
[1802.439s][info][gc,heap        ] GC(269) Eden regions: 1115->0(1117)
[1802.439s][info][gc,heap        ] GC(269) Survivor regions: 108->111(153)
[1802.439s][info][gc,heap        ] GC(269) Old regions: 534->470
[1802.439s][info][gc,heap        ] GC(269) Humongous regions: 80->80
[1802.439s][info][gc,metaspace   ] GC(269) Metaspace: 28893K(29184K)->28893K(29184K) NonClass: 24011K(24128K)->24011K(24128K) Class: 4882K(5056K)->4882K(5056K)
[1802.439s][info][gc             ] GC(269) Pause Young (Mixed) (G1 Evacuation Pause) 3672M->1319M(4096M) 136.372ms
[1802.439s][info][gc,cpu         ] GC(269) User=0.80s Sys=0.00s Real=0.14s
.......[1809.610s][info][gc,start       ] GC(270) Pause Young (Concurrent Start) (G1 Evacuation Pause)
[1809.610s][info][gc,task        ] GC(270) Using 6 workers of 6 for evacuation
[1809.729s][info][gc,phases      ] GC(270)   Pre Evacuate Collection Set: 0.40ms
[1809.730s][info][gc,phases      ] GC(270)   Merge Heap Roots: 0.50ms
[1809.730s][info][gc,phases      ] GC(270)   Evacuate Collection Set: 117.67ms
[1809.730s][info][gc,phases      ] GC(270)   Post Evacuate Collection Set: 0.92ms
[1809.730s][info][gc,phases      ] GC(270)   Other: 0.10ms
[1809.730s][info][gc,heap        ] GC(270) Eden regions: 1117->0(1117)
[1809.730s][info][gc,heap        ] GC(270) Survivor regions: 111->111(154)
[1809.730s][info][gc,heap        ] GC(270) Old regions: 470->502
[1809.730s][info][gc,heap        ] GC(270) Humongous regions: 80->80
[1809.730s][info][gc,metaspace   ] GC(270) Metaspace: 28893K(29184K)->28893K(29184K) NonClass: 24011K(24128K)->24011K(24128K) Class: 4882K(5056K)->4882K(5056K)
[1809.730s][info][gc             ] GC(270) Pause Young (Concurrent Start) (G1 Evacuation Pause) 3553M->1383M(4096M) 119.719ms
[1809.730s][info][gc             ] GC(271) Concurrent Mark Cycle
[1809.730s][info][gc,marking     ] GC(271) Concurrent Scan Root Regions
[1809.730s][info][gc,cpu         ] GC(270) User=0.71s Sys=0.00s Real=0.12s
[1809.864s][info][gc,marking     ] GC(271) Concurrent Scan Root Regions 134.158ms
[1809.864s][info][gc,marking     ] GC(271) Concurrent Mark
[1809.864s][info][gc,marking     ] GC(271) Concurrent Mark From Roots
[1809.864s][info][gc,task        ] GC(271) Using 2 workers of 2 for marking
.[1810.453s][info][gc,marking     ] GC(271) Concurrent Mark From Roots 589.174ms
[1810.453s][info][gc,marking     ] GC(271) Concurrent Preclean
[1810.453s][info][gc,marking     ] GC(271) Concurrent Preclean 0.054ms
[1810.453s][info][gc,start       ] GC(271) Pause Remark
[1810.456s][info][gc             ] GC(271) Pause Remark 1682M->1682M(4096M) 3.129ms
[1810.456s][info][gc,cpu         ] GC(271) User=0.01s Sys=0.00s Real=0.00s
[1810.456s][info][gc,marking     ] GC(271) Concurrent Mark 592.621ms
[1810.456s][info][gc,marking     ] GC(271) Concurrent Rebuild Remembered Sets and Scrub Regions
[1810.674s][info][gc,marking     ] GC(271) Concurrent Rebuild Remembered Sets and Scrub Regions 217.484ms
[1810.674s][info][gc,start       ] GC(271) Pause Cleanup
[1810.674s][info][gc             ] GC(271) Pause Cleanup 1742M->1742M(4096M) 0.133ms
[1810.674s][info][gc,cpu         ] GC(271) User=0.00s Sys=0.00s Real=0.00s
[1810.674s][info][gc,marking     ] GC(271) Concurrent Clear Claimed Marks
[1810.674s][info][gc,marking     ] GC(271) Concurrent Clear Claimed Marks 0.034ms
[1810.674s][info][gc,marking     ] GC(271) Concurrent Cleanup for Next Mark
[1810.678s][info][gc,marking     ] GC(271) Concurrent Cleanup for Next Mark 3.858ms
[1810.678s][info][gc             ] GC(271) Concurrent Mark Cycle 948.648ms
......[1816.744s][info][gc,start       ] GC(272) Pause Young (Prepare Mixed) (G1 Evacuation Pause)
[1816.744s][info][gc,task        ] GC(272) Using 6 workers of 6 for evacuation
[1816.862s][info][gc,phases      ] GC(272)   Pre Evacuate Collection Set: 0.36ms
[1816.862s][info][gc,phases      ] GC(272)   Merge Heap Roots: 0.62ms
[1816.862s][info][gc,phases      ] GC(272)   Evacuate Collection Set: 115.69ms
[1816.862s][info][gc,phases      ] GC(272)   Post Evacuate Collection Set: 0.96ms
[1816.862s][info][gc,phases      ] GC(272)   Other: 0.09ms
[1816.862s][info][gc,heap        ] GC(272) Eden regions: 1117->0(1117)
[1816.862s][info][gc,heap        ] GC(272) Survivor regions: 111->107(154)
[1816.862s][info][gc,heap        ] GC(272) Old regions: 502->534
[1816.862s][info][gc,heap        ] GC(272) Humongous regions: 80->80
[1816.862s][info][gc,metaspace   ] GC(272) Metaspace: 28893K(29184K)->28893K(29184K) NonClass: 24011K(24128K)->24011K(24128K) Class: 4882K(5056K)->4882K(5056K)
[1816.862s][info][gc             ] GC(272) Pause Young (Prepare Mixed) (G1 Evacuation Pause) 3617M->1440M(4096M) 117.852ms
[1816.862s][info][gc,cpu         ] GC(272) User=0.69s Sys=0.00s Real=0.12s
.......[1823.933s][info][gc,start       ] GC(273) Pause Young (Mixed) (G1 Evacuation Pause)
[1823.933s][info][gc,task        ] GC(273) Using 6 workers of 6 for evacuation
[1824.065s][info][gc,phases      ] GC(273)   Pre Evacuate Collection Set: 0.40ms
[1824.065s][info][gc,phases      ] GC(273)   Merge Heap Roots: 0.79ms
[1824.065s][info][gc,phases      ] GC(273)   Evacuate Collection Set: 129.07ms
[1824.065s][info][gc,phases      ] GC(273)   Post Evacuate Collection Set: 0.95ms
[1824.065s][info][gc,phases      ] GC(273)   Other: 0.09ms
[1824.065s][info][gc,heap        ] GC(273) Eden regions: 1117->0(1120)
[1824.065s][info][gc,heap        ] GC(273) Survivor regions: 107->108(153)
[1824.065s][info][gc,heap        ] GC(273) Old regions: 534->467
[1824.065s][info][gc,heap        ] GC(273) Humongous regions: 80->80
[1824.065s][info][gc,metaspace   ] GC(273) Metaspace: 28893K(29184K)->28893K(29184K) NonClass: 24011K(24128K)->24011K(24128K) Class: 4882K(5056K)->4882K(5056K)
[1824.065s][info][gc             ] GC(273) Pause Young (Mixed) (G1 Evacuation Pause) 3674M->1308M(4096M) 131.420ms
[1824.065s][info][gc,cpu         ] GC(273) User=0.78s Sys=0.00s Real=0.13s
.......[1831.244s][info][gc,start       ] GC(274) Pause Young (Concurrent Start) (G1 Evacuation Pause)
[1831.244s][info][gc,task        ] GC(274) Using 6 workers of 6 for evacuation
[1831.361s][info][gc,phases      ] GC(274)   Pre Evacuate Collection Set: 0.41ms
[1831.361s][info][gc,phases      ] GC(274)   Merge Heap Roots: 0.62ms
[1831.361s][info][gc,phases      ] GC(274)   Evacuate Collection Set: 115.00ms
[1831.361s][info][gc,phases      ] GC(274)   Post Evacuate Collection Set: 0.92ms
[1831.361s][info][gc,phases      ] GC(274)   Other: 0.11ms
[1831.361s][info][gc,heap        ] GC(274) Eden regions: 1120->0(1119)
[1831.361s][info][gc,heap        ] GC(274) Survivor regions: 108->109(154)
[1831.361s][info][gc,heap        ] GC(274) Old regions: 467->499
[1831.361s][info][gc,heap        ] GC(274) Humongous regions: 80->80
[1831.361s][info][gc,metaspace   ] GC(274) Metaspace: 28893K(29184K)->28893K(29184K) NonClass: 24011K(24128K)->24011K(24128K) Class: 4882K(5056K)->4882K(5056K)
[1831.361s][info][gc             ] GC(274) Pause Young (Concurrent Start) (G1 Evacuation Pause) 3548M->1374M(4096M) 117.194ms
[1831.361s][info][gc             ] GC(275) Concurrent Mark Cycle
[1831.361s][info][gc,marking     ] GC(275) Concurrent Scan Root Regions
[1831.361s][info][gc,cpu         ] GC(274) User=0.69s Sys=0.00s Real=0.12s
.[1831.496s][info][gc,marking     ] GC(275) Concurrent Scan Root Regions 134.243ms
[1831.496s][info][gc,marking     ] GC(275) Concurrent Mark
[1831.496s][info][gc,marking     ] GC(275) Concurrent Mark From Roots
[1831.496s][info][gc,task        ] GC(275) Using 2 workers of 2 for marking
.[1832.424s][info][gc,marking     ] GC(275) Concurrent Mark From Roots 928.353ms
[1832.424s][info][gc,marking     ] GC(275) Concurrent Preclean
[1832.424s][info][gc,marking     ] GC(275) Concurrent Preclean 0.046ms
[1832.424s][info][gc,start       ] GC(275) Pause Remark
[1832.428s][info][gc             ] GC(275) Pause Remark 1770M->1770M(4096M) 3.794ms
[1832.428s][info][gc,cpu         ] GC(275) User=0.02s Sys=0.00s Real=0.01s
[1832.428s][info][gc,marking     ] GC(275) Concurrent Mark 932.430ms
[1832.428s][info][gc,marking     ] GC(275) Concurrent Rebuild Remembered Sets and Scrub Regions
[1832.652s][info][gc,marking     ] GC(275) Concurrent Rebuild Remembered Sets and Scrub Regions 223.832ms
[1832.652s][info][gc,start       ] GC(275) Pause Cleanup
[1832.652s][info][gc             ] GC(275) Pause Cleanup 1835M->1835M(4096M) 0.139ms
[1832.652s][info][gc,cpu         ] GC(275) User=0.00s Sys=0.00s Real=0.00s
[1832.654s][info][gc,marking     ] GC(275) Concurrent Clear Claimed Marks
[1832.654s][info][gc,marking     ] GC(275) Concurrent Clear Claimed Marks 0.043ms
[1832.654s][info][gc,marking     ] GC(275) Concurrent Cleanup for Next Mark
[1832.658s][info][gc,marking     ] GC(275) Concurrent Cleanup for Next Mark 3.665ms
[1832.658s][info][gc             ] GC(275) Concurrent Mark Cycle 1296.273ms
......[1838.414s][info][gc,start       ] GC(276) Pause Young (Prepare Mixed) (G1 Evacuation Pause)
[1838.414s][info][gc,task        ] GC(276) Using 6 workers of 6 for evacuation
[1838.533s][info][gc,phases      ] GC(276)   Pre Evacuate Collection Set: 0.38ms
[1838.533s][info][gc,phases      ] GC(276)   Merge Heap Roots: 0.60ms
[1838.533s][info][gc,phases      ] GC(276)   Evacuate Collection Set: 116.32ms
[1838.533s][info][gc,phases      ] GC(276)   Post Evacuate Collection Set: 0.95ms
[1838.533s][info][gc,phases      ] GC(276)   Other: 0.09ms
[1838.533s][info][gc,heap        ] GC(276) Eden regions: 1119->0(1116)
[1838.533s][info][gc,heap        ] GC(276) Survivor regions: 109->109(154)
[1838.533s][info][gc,heap        ] GC(276) Old regions: 499->531
[1838.533s][info][gc,heap        ] GC(276) Humongous regions: 80->80
[1838.533s][info][gc,metaspace   ] GC(276) Metaspace: 28893K(29184K)->28893K(29184K) NonClass: 24011K(24128K)->24011K(24128K) Class: 4882K(5056K)->4882K(5056K)
[1838.533s][info][gc             ] GC(276) Pause Young (Prepare Mixed) (G1 Evacuation Pause) 3612M->1437M(4096M) 118.465ms
[1838.533s][info][gc,cpu         ] GC(276) User=0.70s Sys=0.00s Real=0.12s
.......[1845.583s][info][gc,start       ] GC(277) Pause Young (Mixed) (G1 Evacuation Pause)
[1845.583s][info][gc,task        ] GC(277) Using 6 workers of 6 for evacuation
[1845.722s][info][gc,phases      ] GC(277)   Pre Evacuate Collection Set: 0.41ms
[1845.722s][info][gc,phases      ] GC(277)   Merge Heap Roots: 0.92ms
[1845.722s][info][gc,phases      ] GC(277)   Evacuate Collection Set: 135.81ms
[1845.722s][info][gc,phases      ] GC(277)   Post Evacuate Collection Set: 0.99ms
[1845.722s][info][gc,phases      ] GC(277)   Other: 0.09ms
[1845.722s][info][gc,heap        ] GC(277) Eden regions: 1116->0(1118)
[1845.722s][info][gc,heap        ] GC(277) Survivor regions: 109->110(154)
[1845.722s][info][gc,heap        ] GC(277) Old regions: 531->470
[1845.722s][info][gc,heap        ] GC(277) Humongous regions: 80->80
[1845.722s][info][gc,metaspace   ] GC(277) Metaspace: 28893K(29184K)->28893K(29184K) NonClass: 24011K(24128K)->24011K(24128K) Class: 4882K(5056K)->4882K(5056K)
[1845.722s][info][gc             ] GC(277) Pause Young (Mixed) (G1 Evacuation Pause) 3669M->1319M(4096M) 138.368ms
[1845.722s][info][gc,cpu         ] GC(277) User=0.81s Sys=0.01s Real=0.14s
.......[1852.786s][info][gc,start       ] GC(278) Pause Young (Concurrent Start) (G1 Evacuation Pause)
[1852.786s][info][gc,task        ] GC(278) Using 6 workers of 6 for evacuation
[1852.905s][info][gc,phases      ] GC(278)   Pre Evacuate Collection Set: 0.44ms
[1852.905s][info][gc,phases      ] GC(278)   Merge Heap Roots: 0.59ms
[1852.905s][info][gc,phases      ] GC(278)   Evacuate Collection Set: 116.81ms
[1852.905s][info][gc,phases      ] GC(278)   Post Evacuate Collection Set: 0.95ms
[1852.905s][info][gc,phases      ] GC(278)   Other: 0.14ms
[1852.905s][info][gc,heap        ] GC(278) Eden regions: 1118->0(1118)
[1852.905s][info][gc,heap        ] GC(278) Survivor regions: 110->110(154)
[1852.905s][info][gc,heap        ] GC(278) Old regions: 470->502
[1852.905s][info][gc,heap        ] GC(278) Humongous regions: 80->80
[1852.905s][info][gc,metaspace   ] GC(278) Metaspace: 28893K(29184K)->28893K(29184K) NonClass: 24011K(24128K)->24011K(24128K) Class: 4882K(5056K)->4882K(5056K)
[1852.905s][info][gc             ] GC(278) Pause Young (Concurrent Start) (G1 Evacuation Pause) 3555M->1382M(4096M) 119.047ms
[1852.905s][info][gc             ] GC(279) Concurrent Mark Cycle
[1852.905s][info][gc,marking     ] GC(279) Concurrent Scan Root Regions
[1852.905s][info][gc,cpu         ] GC(278) User=0.70s Sys=0.00s Real=0.12s
[1853.074s][info][gc,marking     ] GC(279) Concurrent Scan Root Regions 169.000ms
[1853.074s][info][gc,marking     ] GC(279) Concurrent Mark
[1853.074s][info][gc,marking     ] GC(279) Concurrent Mark From Roots
[1853.074s][info][gc,task        ] GC(279) Using 2 workers of 2 for marking
.[1853.690s][info][gc,marking     ] GC(279) Concurrent Mark From Roots 615.302ms
[1853.690s][info][gc,marking     ] GC(279) Concurrent Preclean
[1853.690s][info][gc,marking     ] GC(279) Concurrent Preclean 0.046ms
[1853.690s][info][gc,start       ] GC(279) Pause Remark
[1853.693s][info][gc             ] GC(279) Pause Remark 1641M->1641M(4096M) 3.061ms
[1853.693s][info][gc,cpu         ] GC(279) User=0.02s Sys=0.00s Real=0.00s
[1853.693s][info][gc,marking     ] GC(279) Concurrent Mark 618.667ms
[1853.693s][info][gc,marking     ] GC(279) Concurrent Rebuild Remembered Sets and Scrub Regions
[1853.925s][info][gc,marking     ] GC(279) Concurrent Rebuild Remembered Sets and Scrub Regions 231.576ms
[1853.925s][info][gc,start       ] GC(279) Pause Cleanup
[1853.925s][info][gc             ] GC(279) Pause Cleanup 1721M->1721M(4096M) 0.130ms
[1853.925s][info][gc,cpu         ] GC(279) User=0.01s Sys=0.00s Real=0.00s
[1853.925s][info][gc,marking     ] GC(279) Concurrent Clear Claimed Marks
[1853.925s][info][gc,marking     ] GC(279) Concurrent Clear Claimed Marks 0.026ms
[1853.925s][info][gc,marking     ] GC(279) Concurrent Cleanup for Next Mark
[1853.929s][info][gc,marking     ] GC(279) Concurrent Cleanup for Next Mark 3.724ms
[1853.929s][info][gc             ] GC(279) Concurrent Mark Cycle 1023.442ms
.. (rIR:aIR:PR = 2629:2629:2628) (tPR = 39181) [OK] 
  1855s: Performance info:
         Transaction,    Success,    Partial,     Failed,   Receipts, AvgBarcode, 
             Overall,     158054,          0,          0,     150152,      59.48, 
         Response times:
             Request,    Success,    Partial,     Failed,   SkipFail,     Probes,    Samples,      min,      p50,      p90,      p95,      p99,      max, 
       TotalPurchase,     150155,          0,          0,          0,     146575,     157071,      300,     2400,     3800,     4500,    19300,   230000,
     InStorePurchase,      78999,          0,          0,          0,      77511,      82980,      300,     2200,     3700,     4400,    18519,   202000,
      OnlinePurchase,      55332,          0,          0,          0,      53907,      57586,      300,     2600,     3900,     4700,    22000,   230000,
        InstPurchase,      15824,          0,          0,          0,      15157,      16505,      400,     2200,     3700,     4300,    17300,   149000,
          AssocOfCat,        158,          0,          0,          0,        120,        185,    23000,    30000,    37000,    45000,   171480,   199000,
      AssocOfProduct,       1584,          0,          0,          0,       1417,       1648,     1200,     3300,     4410,     5800,    56140,   153000,
      BusinessReport,        396,          0,          0,          0,        313,        403,    25000,    35000,    45000,    53000,   122840,   197000,
          CustBuyBeh,       1574,          0,          0,          0,       1432,       1650,      300,     2000,     3300,     4300,    17498,   177000,
       ProductReturn,       4191,          0,          0,          0,       3889,       4431,      300,     2300,     3600,     4340,    19200,   177000,

  1855s: (20%)   IR =   2767 ....[1859.778s][info][gc,start       ] GC(280) Pause Young (Prepare Mixed) (G1 Evacuation Pause)
[1859.778s][info][gc,task        ] GC(280) Using 6 workers of 6 for evacuation
[1859.898s][info][gc,phases      ] GC(280)   Pre Evacuate Collection Set: 0.35ms
[1859.898s][info][gc,phases      ] GC(280)   Merge Heap Roots: 0.66ms
[1859.898s][info][gc,phases      ] GC(280)   Evacuate Collection Set: 117.92ms
[1859.898s][info][gc,phases      ] GC(280)   Post Evacuate Collection Set: 0.98ms
[1859.898s][info][gc,phases      ] GC(280)   Other: 0.09ms
[1859.898s][info][gc,heap        ] GC(280) Eden regions: 1118->0(1111)
[1859.898s][info][gc,heap        ] GC(280) Survivor regions: 110->110(154)
[1859.898s][info][gc,heap        ] GC(280) Old regions: 502->534
[1859.898s][info][gc,heap        ] GC(280) Humongous regions: 80->80
[1859.898s][info][gc,metaspace   ] GC(280) Metaspace: 28893K(29184K)->28893K(29184K) NonClass: 24011K(24128K)->24011K(24128K) Class: 4882K(5056K)->4882K(5056K)
[1859.898s][info][gc             ] GC(280) Pause Young (Prepare Mixed) (G1 Evacuation Pause) 3618M->1446M(4096M) 120.133ms
[1859.899s][info][gc,cpu         ] GC(280) User=0.71s Sys=0.00s Real=0.12s
..|.....[1866.695s][info][gc,start       ] GC(281) Pause Young (Mixed) (G1 Evacuation Pause)
[1866.695s][info][gc,task        ] GC(281) Using 6 workers of 6 for evacuation
[1866.828s][info][gc,phases      ] GC(281)   Pre Evacuate Collection Set: 0.40ms
[1866.828s][info][gc,phases      ] GC(281)   Merge Heap Roots: 0.82ms
[1866.828s][info][gc,phases      ] GC(281)   Evacuate Collection Set: 131.12ms
[1866.828s][info][gc,phases      ] GC(281)   Post Evacuate Collection Set: 0.99ms
[1866.828s][info][gc,phases      ] GC(281)   Other: 0.10ms
[1866.828s][info][gc,heap        ] GC(281) Eden regions: 1111->0(1119)
[1866.828s][info][gc,heap        ] GC(281) Survivor regions: 110->109(153)
[1866.828s][info][gc,heap        ] GC(281) Old regions: 534->471
[1866.828s][info][gc,heap        ] GC(281) Humongous regions: 80->80
[1866.828s][info][gc,metaspace   ] GC(281) Metaspace: 28893K(29184K)->28893K(29184K) NonClass: 24011K(24128K)->24011K(24128K) Class: 4882K(5056K)->4882K(5056K)
[1866.828s][info][gc             ] GC(281) Pause Young (Mixed) (G1 Evacuation Pause) 3668M->1318M(4096M) 133.562ms
[1866.828s][info][gc,cpu         ] GC(281) User=0.78s Sys=0.01s Real=0.14s
.......[1873.438s][info][gc,start       ] GC(282) Pause Young (Concurrent Start) (G1 Evacuation Pause)
[1873.438s][info][gc,task        ] GC(282) Using 6 workers of 6 for evacuation
[1873.556s][info][gc,phases      ] GC(282)   Pre Evacuate Collection Set: 0.43ms
[1873.556s][info][gc,phases      ] GC(282)   Merge Heap Roots: 0.58ms
[1873.556s][info][gc,phases      ] GC(282)   Evacuate Collection Set: 116.52ms
[1873.556s][info][gc,phases      ] GC(282)   Post Evacuate Collection Set: 0.89ms
[1873.556s][info][gc,phases      ] GC(282)   Other: 0.13ms
[1873.556s][info][gc,heap        ] GC(282) Eden regions: 1119->0(1119)
[1873.556s][info][gc,heap        ] GC(282) Survivor regions: 109->109(154)
[1873.556s][info][gc,heap        ] GC(282) Old regions: 471->503
[1873.556s][info][gc,heap        ] GC(282) Humongous regions: 80->80
[1873.556s][info][gc,metaspace   ] GC(282) Metaspace: 28893K(29184K)->28893K(29184K) NonClass: 24011K(24128K)->24011K(24128K) Class: 4882K(5056K)->4882K(5056K)
[1873.556s][info][gc             ] GC(282) Pause Young (Concurrent Start) (G1 Evacuation Pause) 3556M->1383M(4096M) 118.696ms
[1873.556s][info][gc             ] GC(283) Concurrent Mark Cycle
[1873.556s][info][gc,marking     ] GC(283) Concurrent Scan Root Regions
[1873.556s][info][gc,cpu         ] GC(282) User=0.70s Sys=0.00s Real=0.12s
[1873.675s][info][gc,marking     ] GC(283) Concurrent Scan Root Regions 118.976ms
[1873.676s][info][gc,marking     ] GC(283) Concurrent Mark
[1873.676s][info][gc,marking     ] GC(283) Concurrent Mark From Roots
[1873.676s][info][gc,task        ] GC(283) Using 2 workers of 2 for marking
[1874.259s][info][gc,marking     ] GC(283) Concurrent Mark From Roots 583.248ms
[1874.259s][info][gc,marking     ] GC(283) Concurrent Preclean
[1874.259s][info][gc,marking     ] GC(283) Concurrent Preclean 0.064ms
[1874.259s][info][gc,start       ] GC(283) Pause Remark
[1874.262s][info][gc             ] GC(283) Pause Remark 1619M->1619M(4096M) 3.469ms
[1874.263s][info][gc,cpu         ] GC(283) User=0.01s Sys=0.00s Real=0.00s
[1874.263s][info][gc,marking     ] GC(283) Concurrent Mark 587.048ms
[1874.263s][info][gc,marking     ] GC(283) Concurrent Rebuild Remembered Sets and Scrub Regions
.[1874.483s][info][gc,marking     ] GC(283) Concurrent Rebuild Remembered Sets and Scrub Regions 220.726ms
[1874.483s][info][gc,start       ] GC(283) Pause Cleanup
[1874.484s][info][gc             ] GC(283) Pause Cleanup 1686M->1686M(4096M) 0.154ms
[1874.484s][info][gc,cpu         ] GC(283) User=0.00s Sys=0.00s Real=0.00s
[1874.484s][info][gc,marking     ] GC(283) Concurrent Clear Claimed Marks
[1874.484s][info][gc,marking     ] GC(283) Concurrent Clear Claimed Marks 0.033ms
[1874.484s][info][gc,marking     ] GC(283) Concurrent Cleanup for Next Mark
[1874.489s][info][gc,marking     ] GC(283) Concurrent Cleanup for Next Mark 4.993ms
[1874.489s][info][gc             ] GC(283) Concurrent Mark Cycle 932.353ms
.....[1880.371s][info][gc,start       ] GC(284) Pause Young (Prepare Mixed) (G1 Evacuation Pause)
[1880.371s][info][gc,task        ] GC(284) Using 6 workers of 6 for evacuation
[1880.493s][info][gc,phases      ] GC(284)   Pre Evacuate Collection Set: 0.36ms
[1880.493s][info][gc,phases      ] GC(284)   Merge Heap Roots: 0.66ms
[1880.494s][info][gc,phases      ] GC(284)   Evacuate Collection Set: 120.46ms
[1880.494s][info][gc,phases      ] GC(284)   Post Evacuate Collection Set: 0.98ms
[1880.494s][info][gc,phases      ] GC(284)   Other: 0.09ms
[1880.494s][info][gc,heap        ] GC(284) Eden regions: 1119->0(1107)
[1880.494s][info][gc,heap        ] GC(284) Survivor regions: 109->111(154)
[1880.494s][info][gc,heap        ] GC(284) Old regions: 503->536
[1880.494s][info][gc,heap        ] GC(284) Humongous regions: 80->80
[1880.494s][info][gc,metaspace   ] GC(284) Metaspace: 28893K(29184K)->28893K(29184K) NonClass: 24011K(24128K)->24011K(24128K) Class: 4882K(5056K)->4882K(5056K)
[1880.494s][info][gc             ] GC(284) Pause Young (Prepare Mixed) (G1 Evacuation Pause) 3621M->1451M(4096M) 122.683ms
[1880.494s][info][gc,cpu         ] GC(284) User=0.73s Sys=0.00s Real=0.12s
.......[1887.105s][info][gc,start       ] GC(285) Pause Young (Mixed) (G1 Evacuation Pause)
[1887.105s][info][gc,task        ] GC(285) Using 6 workers of 6 for evacuation
[1887.240s][info][gc,phases      ] GC(285)   Pre Evacuate Collection Set: 0.41ms
[1887.240s][info][gc,phases      ] GC(285)   Merge Heap Roots: 0.82ms
[1887.240s][info][gc,phases      ] GC(285)   Evacuate Collection Set: 133.38ms
[1887.240s][info][gc,phases      ] GC(285)   Post Evacuate Collection Set: 0.99ms
[1887.240s][info][gc,phases      ] GC(285)   Other: 0.09ms
[1887.240s][info][gc,heap        ] GC(285) Eden regions: 1107->0(1117)
[1887.240s][info][gc,heap        ] GC(285) Survivor regions: 111->111(153)
[1887.240s][info][gc,heap        ] GC(285) Old regions: 536->470
[1887.240s][info][gc,heap        ] GC(285) Humongous regions: 80->80
[1887.240s][info][gc,metaspace   ] GC(285) Metaspace: 28893K(29184K)->28893K(29184K) NonClass: 24011K(24128K)->24011K(24128K) Class: 4882K(5056K)->4882K(5056K)
[1887.240s][info][gc             ] GC(285) Pause Young (Mixed) (G1 Evacuation Pause) 3665M->1321M(4096M) 135.818ms
[1887.240s][info][gc,cpu         ] GC(285) User=0.81s Sys=0.00s Real=0.14s
.......[1893.992s][info][gc,start       ] GC(286) Pause Young (Concurrent Start) (G1 Evacuation Pause)
[1893.992s][info][gc,task        ] GC(286) Using 6 workers of 6 for evacuation
[1894.110s][info][gc,phases      ] GC(286)   Pre Evacuate Collection Set: 0.41ms
[1894.110s][info][gc,phases      ] GC(286)   Merge Heap Roots: 0.58ms
[1894.110s][info][gc,phases      ] GC(286)   Evacuate Collection Set: 115.65ms
[1894.110s][info][gc,phases      ] GC(286)   Post Evacuate Collection Set: 0.93ms
[1894.110s][info][gc,phases      ] GC(286)   Other: 0.14ms
[1894.110s][info][gc,heap        ] GC(286) Eden regions: 1117->0(1120)
[1894.110s][info][gc,heap        ] GC(286) Survivor regions: 111->108(154)
[1894.110s][info][gc,heap        ] GC(286) Old regions: 470->503
[1894.110s][info][gc,heap        ] GC(286) Humongous regions: 80->80
[1894.110s][info][gc,metaspace   ] GC(286) Metaspace: 28898K(29184K)->28898K(29184K) NonClass: 24016K(24128K)->24016K(24128K) Class: 4882K(5056K)->4882K(5056K)
[1894.110s][info][gc             ] GC(286) Pause Young (Concurrent Start) (G1 Evacuation Pause) 3555M->1379M(4096M) 117.847ms
[1894.110s][info][gc             ] GC(287) Concurrent Mark Cycle
[1894.110s][info][gc,marking     ] GC(287) Concurrent Scan Root Regions
[1894.110s][info][gc,cpu         ] GC(286) User=0.70s Sys=0.00s Real=0.12s
[1894.246s][info][gc,marking     ] GC(287) Concurrent Scan Root Regions 136.314ms
[1894.247s][info][gc,marking     ] GC(287) Concurrent Mark
[1894.247s][info][gc,marking     ] GC(287) Concurrent Mark From Roots
[1894.247s][info][gc,task        ] GC(287) Using 2 workers of 2 for marking
.[1894.877s][info][gc,marking     ] GC(287) Concurrent Mark From Roots 630.022ms
[1894.877s][info][gc,marking     ] GC(287) Concurrent Preclean
[1894.877s][info][gc,marking     ] GC(287) Concurrent Preclean 0.043ms
[1894.877s][info][gc,start       ] GC(287) Pause Remark
[1894.880s][info][gc             ] GC(287) Pause Remark 1649M->1649M(4096M) 3.365ms
[1894.880s][info][gc,cpu         ] GC(287) User=0.02s Sys=0.00s Real=0.01s
[1894.880s][info][gc,marking     ] GC(287) Concurrent Mark 633.708ms
[1894.880s][info][gc,marking     ] GC(287) Concurrent Rebuild Remembered Sets and Scrub Regions
[1895.157s][info][gc,marking     ] GC(287) Concurrent Rebuild Remembered Sets and Scrub Regions 276.843ms
[1895.157s][info][gc,start       ] GC(287) Pause Cleanup
[1895.157s][info][gc             ] GC(287) Pause Cleanup 1746M->1746M(4096M) 0.142ms
[1895.157s][info][gc,cpu         ] GC(287) User=0.00s Sys=0.00s Real=0.00s
[1895.157s][info][gc,marking     ] GC(287) Concurrent Clear Claimed Marks
[1895.158s][info][gc,marking     ] GC(287) Concurrent Clear Claimed Marks 0.041ms
[1895.158s][info][gc,marking     ] GC(287) Concurrent Cleanup for Next Mark
[1895.161s][info][gc,marking     ] GC(287) Concurrent Cleanup for Next Mark 3.201ms
[1895.161s][info][gc             ] GC(287) Concurrent Mark Cycle 1050.593ms
......[1900.825s][info][gc,start       ] GC(288) Pause Young (Prepare Mixed) (G1 Evacuation Pause)
[1900.825s][info][gc,task        ] GC(288) Using 6 workers of 6 for evacuation
[1900.941s][info][gc,phases      ] GC(288)   Pre Evacuate Collection Set: 0.40ms
[1900.941s][info][gc,phases      ] GC(288)   Merge Heap Roots: 0.65ms
[1900.941s][info][gc,phases      ] GC(288)   Evacuate Collection Set: 113.71ms
[1900.941s][info][gc,phases      ] GC(288)   Post Evacuate Collection Set: 0.96ms
[1900.941s][info][gc,phases      ] GC(288)   Other: 0.10ms
[1900.941s][info][gc,heap        ] GC(288) Eden regions: 1120->0(1115)
[1900.941s][info][gc,heap        ] GC(288) Survivor regions: 108->108(154)
[1900.941s][info][gc,heap        ] GC(288) Old regions: 503->534
[1900.941s][info][gc,heap        ] GC(288) Humongous regions: 80->80
[1900.941s][info][gc,metaspace   ] GC(288) Metaspace: 28898K(29184K)->28898K(29184K) NonClass: 24016K(24128K)->24016K(24128K) Class: 4882K(5056K)->4882K(5056K)
[1900.941s][info][gc             ] GC(288) Pause Young (Prepare Mixed) (G1 Evacuation Pause) 3619M->1442M(4096M) 115.986ms
[1900.941s][info][gc,cpu         ] GC(288) User=0.68s Sys=0.00s Real=0.12s
.......[1907.673s][info][gc,start       ] GC(289) Pause Young (Mixed) (G1 Evacuation Pause)
[1907.673s][info][gc,task        ] GC(289) Using 6 workers of 6 for evacuation
[1907.808s][info][gc,phases      ] GC(289)   Pre Evacuate Collection Set: 0.40ms
[1907.808s][info][gc,phases      ] GC(289)   Merge Heap Roots: 0.81ms
[1907.808s][info][gc,phases      ] GC(289)   Evacuate Collection Set: 132.23ms
[1907.808s][info][gc,phases      ] GC(289)   Post Evacuate Collection Set: 0.96ms
[1907.808s][info][gc,phases      ] GC(289)   Other: 0.09ms
[1907.808s][info][gc,heap        ] GC(289) Eden regions: 1115->0(1120)
[1907.808s][info][gc,heap        ] GC(289) Survivor regions: 108->108(153)
[1907.808s][info][gc,heap        ] GC(289) Old regions: 534->470
[1907.808s][info][gc,heap        ] GC(289) Humongous regions: 80->80
[1907.808s][info][gc,metaspace   ] GC(289) Metaspace: 28898K(29184K)->28898K(29184K) NonClass: 24016K(24128K)->24016K(24128K) Class: 4882K(5056K)->4882K(5056K)
[1907.808s][info][gc             ] GC(289) Pause Young (Mixed) (G1 Evacuation Pause) 3672M->1314M(4096M) 134.626ms
[1907.808s][info][gc,cpu         ] GC(289) User=0.80s Sys=0.00s Real=0.13s
.......[1914.618s][info][gc,start       ] GC(290) Pause Young (Concurrent Start) (G1 Evacuation Pause)
[1914.618s][info][gc,task        ] GC(290) Using 6 workers of 6 for evacuation
[1914.734s][info][gc,phases      ] GC(290)   Pre Evacuate Collection Set: 0.44ms
[1914.734s][info][gc,phases      ] GC(290)   Merge Heap Roots: 0.60ms
[1914.734s][info][gc,phases      ] GC(290)   Evacuate Collection Set: 113.64ms
[1914.734s][info][gc,phases      ] GC(290)   Post Evacuate Collection Set: 0.92ms
[1914.734s][info][gc,phases      ] GC(290)   Other: 0.12ms
[1914.734s][info][gc,heap        ] GC(290) Eden regions: 1120->0(1120)
[1914.734s][info][gc,heap        ] GC(290) Survivor regions: 108->108(154)
[1914.734s][info][gc,heap        ] GC(290) Old regions: 470->502
[1914.734s][info][gc,heap        ] GC(290) Humongous regions: 80->80
[1914.734s][info][gc,metaspace   ] GC(290) Metaspace: 28898K(29184K)->28898K(29184K) NonClass: 24016K(24128K)->24016K(24128K) Class: 4882K(5056K)->4882K(5056K)
[1914.734s][info][gc             ] GC(290) Pause Young (Concurrent Start) (G1 Evacuation Pause) 3554M->1378M(4096M) 115.846ms
[1914.734s][info][gc             ] GC(291) Concurrent Mark Cycle
[1914.734s][info][gc,marking     ] GC(291) Concurrent Scan Root Regions
[1914.734s][info][gc,cpu         ] GC(290) User=0.69s Sys=0.00s Real=0.11s
[1914.863s][info][gc,marking     ] GC(291) Concurrent Scan Root Regions 128.788ms
[1914.863s][info][gc,marking     ] GC(291) Concurrent Mark
[1914.863s][info][gc,marking     ] GC(291) Concurrent Mark From Roots
[1914.863s][info][gc,task        ] GC(291) Using 2 workers of 2 for marking
[1915.518s][info][gc,marking     ] GC(291) Concurrent Mark From Roots 655.615ms
[1915.518s][info][gc,marking     ] GC(291) Concurrent Preclean
[1915.519s][info][gc,marking     ] GC(291) Concurrent Preclean 0.057ms
[1915.519s][info][gc,start       ] GC(291) Pause Remark
[1915.522s][info][gc             ] GC(291) Pause Remark 1674M->1674M(4096M) 3.344ms
[1915.522s][info][gc,cpu         ] GC(291) User=0.02s Sys=0.00s Real=0.00s
[1915.522s][info][gc,marking     ] GC(291) Concurrent Mark 659.311ms
[1915.522s][info][gc,marking     ] GC(291) Concurrent Rebuild Remembered Sets and Scrub Regions
.[1915.780s][info][gc,marking     ] GC(291) Concurrent Rebuild Remembered Sets and Scrub Regions 258.380ms
[1915.781s][info][gc,start       ] GC(291) Pause Cleanup
[1915.781s][info][gc             ] GC(291) Pause Cleanup 1765M->1765M(4096M) 0.129ms
[1915.781s][info][gc,cpu         ] GC(291) User=0.00s Sys=0.00s Real=0.00s
[1915.781s][info][gc,marking     ] GC(291) Concurrent Clear Claimed Marks
[1915.781s][info][gc,marking     ] GC(291) Concurrent Clear Claimed Marks 0.028ms
[1915.781s][info][gc,marking     ] GC(291) Concurrent Cleanup for Next Mark
[1915.785s][info][gc,marking     ] GC(291) Concurrent Cleanup for Next Mark 3.743ms
[1915.785s][info][gc             ] GC(291) Concurrent Mark Cycle 1050.741ms
.....[1921.508s][info][gc,start       ] GC(292) Pause Young (Prepare Mixed) (G1 Evacuation Pause)
[1921.508s][info][gc,task        ] GC(292) Using 6 workers of 6 for evacuation
[1921.626s][info][gc,phases      ] GC(292)   Pre Evacuate Collection Set: 0.35ms
[1921.626s][info][gc,phases      ] GC(292)   Merge Heap Roots: 0.63ms
[1921.626s][info][gc,phases      ] GC(292)   Evacuate Collection Set: 116.42ms
[1921.626s][info][gc,phases      ] GC(292)   Post Evacuate Collection Set: 0.96ms
[1921.626s][info][gc,phases      ] GC(292)   Other: 0.09ms
[1921.626s][info][gc,heap        ] GC(292) Eden regions: 1120->0(1111)
[1921.626s][info][gc,heap        ] GC(292) Survivor regions: 108->110(154)
[1921.626s][info][gc,heap        ] GC(292) Old regions: 502->534
[1921.626s][info][gc,heap        ] GC(292) Humongous regions: 80->80
[1921.626s][info][gc,metaspace   ] GC(292) Metaspace: 28898K(29184K)->28898K(29184K) NonClass: 24016K(24128K)->24016K(24128K) Class: 4882K(5056K)->4882K(5056K)
[1921.626s][info][gc             ] GC(292) Pause Young (Prepare Mixed) (G1 Evacuation Pause) 3618M->1445M(4096M) 118.592ms
[1921.626s][info][gc,cpu         ] GC(292) User=0.70s Sys=0.00s Real=0.12s
. (rIR:aIR:PR = 2767:2762:2762) (tPR = 40940) [OK] 
  1921s: Performance info:
         Transaction,    Success,    Partial,     Failed,   Receipts, AvgBarcode, 
             Overall,     166332,          0,          0,     158021,      59.46, 
         Response times:
             Request,    Success,    Partial,     Failed,   SkipFail,     Probes,    Samples,      min,      p50,      p90,      p95,      p99,      max, 
       TotalPurchase,     158018,          0,          0,          0,     154935,     170989,      300,     2500,     3900,     4600,    13600,   151000,
     InStorePurchase,      83144,          0,          0,          0,      81829,      89960,      300,     2500,     3900,     4600,    14700,   143000,
      OnlinePurchase,      58214,          0,          0,          0,      56914,      62817,      300,     2500,     4000,     4600,    12900,   151000,
        InstPurchase,      16660,          0,          0,          0,      16192,      18212,      400,     2400,     3900,     4500,    11348,   142000,
          AssocOfCat,        168,          0,          0,          0,        125,        185,    22000,    30000,    38400,    46700,   154100,   167000,
      AssocOfProduct,       1670,          0,          0,          0,       1482,       1783,      500,     3400,     4500,     5600,    24000,   155000,
      BusinessReport,        414,          0,          0,          0,        330,        437,    24000,    35000,    47000,    51000,    70480,   168000,
          CustBuyBeh,       1655,          0,          0,          0,       1509,       1833,      200,     2700,     4100,     4800,    17666,   127000,
       ProductReturn,       4403,          0,          0,          0,       4189,       4894,      200,     2100,     4100,     4900,    14210,   143000,

  1921s: (21%)   IR =   2906 ......|[1927.998s][info][gc,start       ] GC(293) Pause Young (Mixed) (G1 Evacuation Pause)
[1927.998s][info][gc,task        ] GC(293) Using 6 workers of 6 for evacuation
[1928.132s][info][gc,phases      ] GC(293)   Pre Evacuate Collection Set: 0.43ms
[1928.132s][info][gc,phases      ] GC(293)   Merge Heap Roots: 0.88ms
[1928.132s][info][gc,phases      ] GC(293)   Evacuate Collection Set: 130.95ms
[1928.132s][info][gc,phases      ] GC(293)   Post Evacuate Collection Set: 0.99ms
[1928.132s][info][gc,phases      ] GC(293)   Other: 0.10ms
[1928.132s][info][gc,heap        ] GC(293) Eden regions: 1111->0(1119)
[1928.132s][info][gc,heap        ] GC(293) Survivor regions: 110->109(153)
[1928.132s][info][gc,heap        ] GC(293) Old regions: 534->470
[1928.132s][info][gc,heap        ] GC(293) Humongous regions: 80->80
[1928.132s][info][gc,metaspace   ] GC(293) Metaspace: 28898K(29184K)->28898K(29184K) NonClass: 24016K(24128K)->24016K(24128K) Class: 4882K(5056K)->4882K(5056K)
[1928.132s][info][gc             ] GC(293) Pause Young (Mixed) (G1 Evacuation Pause) 3667M->1317M(4096M) 133.474ms
[1928.132s][info][gc,cpu         ] GC(293) User=0.79s Sys=0.00s Real=0.13s
......[1934.564s][info][gc,start       ] GC(294) Pause Young (Concurrent Start) (G1 Evacuation Pause)
[1934.564s][info][gc,task        ] GC(294) Using 6 workers of 6 for evacuation
[1934.683s][info][gc,phases      ] GC(294)   Pre Evacuate Collection Set: 0.40ms
[1934.683s][info][gc,phases      ] GC(294)   Merge Heap Roots: 0.57ms
[1934.683s][info][gc,phases      ] GC(294)   Evacuate Collection Set: 117.09ms
[1934.683s][info][gc,phases      ] GC(294)   Post Evacuate Collection Set: 0.96ms
[1934.683s][info][gc,phases      ] GC(294)   Other: 0.11ms
[1934.683s][info][gc,heap        ] GC(294) Eden regions: 1119->0(1118)
[1934.683s][info][gc,heap        ] GC(294) Survivor regions: 109->110(154)
[1934.683s][info][gc,heap        ] GC(294) Old regions: 470->503
[1934.683s][info][gc,heap        ] GC(294) Humongous regions: 80->80
[1934.683s][info][gc,metaspace   ] GC(294) Metaspace: 28898K(29184K)->28898K(29184K) NonClass: 24016K(24128K)->24016K(24128K) Class: 4882K(5056K)->4882K(5056K)
[1934.683s][info][gc             ] GC(294) Pause Young (Concurrent Start) (G1 Evacuation Pause) 3555M->1383M(4096M) 119.272ms
[1934.683s][info][gc             ] GC(295) Concurrent Mark Cycle
[1934.683s][info][gc,marking     ] GC(295) Concurrent Scan Root Regions
[1934.683s][info][gc,cpu         ] GC(294) User=0.71s Sys=0.00s Real=0.12s
.[1934.853s][info][gc,marking     ] GC(295) Concurrent Scan Root Regions 169.806ms
[1934.853s][info][gc,marking     ] GC(295) Concurrent Mark
[1934.853s][info][gc,marking     ] GC(295) Concurrent Mark From Roots
[1934.853s][info][gc,task        ] GC(295) Using 2 workers of 2 for marking
[1935.508s][info][gc,marking     ] GC(295) Concurrent Mark From Roots 655.533ms
[1935.508s][info][gc,marking     ] GC(295) Concurrent Preclean
[1935.508s][info][gc,marking     ] GC(295) Concurrent Preclean 0.057ms
[1935.509s][info][gc,start       ] GC(295) Pause Remark
[1935.512s][info][gc             ] GC(295) Pause Remark 1761M->1761M(4096M) 3.501ms
[1935.512s][info][gc,cpu         ] GC(295) User=0.01s Sys=0.00s Real=0.00s
[1935.512s][info][gc,marking     ] GC(295) Concurrent Mark 659.332ms
[1935.512s][info][gc,marking     ] GC(295) Concurrent Rebuild Remembered Sets and Scrub Regions
.[1935.733s][info][gc,marking     ] GC(295) Concurrent Rebuild Remembered Sets and Scrub Regions 220.653ms
[1935.733s][info][gc,start       ] GC(295) Pause Cleanup
[1935.733s][info][gc             ] GC(295) Pause Cleanup 1798M->1798M(4096M) 0.139ms
[1935.733s][info][gc,cpu         ] GC(295) User=0.00s Sys=0.00s Real=0.00s
[1935.733s][info][gc,marking     ] GC(295) Concurrent Clear Claimed Marks
[1935.733s][info][gc,marking     ] GC(295) Concurrent Clear Claimed Marks 0.029ms
[1935.733s][info][gc,marking     ] GC(295) Concurrent Cleanup for Next Mark
[1935.736s][info][gc,marking     ] GC(295) Concurrent Cleanup for Next Mark 3.220ms
[1935.736s][info][gc             ] GC(295) Concurrent Mark Cycle 1053.525ms
.....[1941.047s][info][gc,start       ] GC(296) Pause Young (Prepare Mixed) (G1 Evacuation Pause)
[1941.047s][info][gc,task        ] GC(296) Using 6 workers of 6 for evacuation
[1941.164s][info][gc,phases      ] GC(296)   Pre Evacuate Collection Set: 0.37ms
[1941.164s][info][gc,phases      ] GC(296)   Merge Heap Roots: 0.57ms
[1941.164s][info][gc,phases      ] GC(296)   Evacuate Collection Set: 115.06ms
[1941.164s][info][gc,phases      ] GC(296)   Post Evacuate Collection Set: 0.96ms
[1941.164s][info][gc,phases      ] GC(296)   Other: 0.10ms
[1941.164s][info][gc,heap        ] GC(296) Eden regions: 1118->0(1112)
[1941.164s][info][gc,heap        ] GC(296) Survivor regions: 110->109(154)
[1941.164s][info][gc,heap        ] GC(296) Old regions: 503->535
[1941.164s][info][gc,heap        ] GC(296) Humongous regions: 80->80
[1941.164s][info][gc,metaspace   ] GC(296) Metaspace: 28898K(29184K)->28898K(29184K) NonClass: 24016K(24128K)->24016K(24128K) Class: 4882K(5056K)->4882K(5056K)
[1941.164s][info][gc             ] GC(296) Pause Young (Prepare Mixed) (G1 Evacuation Pause) 3619M->1445M(4096M) 117.216ms
[1941.164s][info][gc,cpu         ] GC(296) User=0.68s Sys=0.00s Real=0.12s
......[1947.634s][info][gc,start       ] GC(297) Pause Young (Mixed) (G1 Evacuation Pause)
[1947.634s][info][gc,task        ] GC(297) Using 6 workers of 6 for evacuation
[1947.767s][info][gc,phases      ] GC(297)   Pre Evacuate Collection Set: 0.43ms
[1947.767s][info][gc,phases      ] GC(297)   Merge Heap Roots: 0.87ms
[1947.767s][info][gc,phases      ] GC(297)   Evacuate Collection Set: 130.13ms
[1947.767s][info][gc,phases      ] GC(297)   Post Evacuate Collection Set: 1.00ms
[1947.767s][info][gc,phases      ] GC(297)   Other: 0.11ms
[1947.767s][info][gc,heap        ] GC(297) Eden regions: 1112->0(1120)
[1947.767s][info][gc,heap        ] GC(297) Survivor regions: 109->108(153)
[1947.767s][info][gc,heap        ] GC(297) Old regions: 535->471
[1947.767s][info][gc,heap        ] GC(297) Humongous regions: 80->80
[1947.767s][info][gc,metaspace   ] GC(297) Metaspace: 28898K(29184K)->28898K(29184K) NonClass: 24016K(24128K)->24016K(24128K) Class: 4882K(5056K)->4882K(5056K)
[1947.767s][info][gc             ] GC(297) Pause Young (Mixed) (G1 Evacuation Pause) 3669M->1316M(4096M) 132.672ms
[1947.767s][info][gc,cpu         ] GC(297) User=0.78s Sys=0.00s Real=0.13s
.......[1954.098s][info][gc,start       ] GC(298) Pause Young (Concurrent Start) (G1 Evacuation Pause)
[1954.098s][info][gc,task        ] GC(298) Using 6 workers of 6 for evacuation
[1954.216s][info][gc,phases      ] GC(298)   Pre Evacuate Collection Set: 0.44ms
[1954.216s][info][gc,phases      ] GC(298)   Merge Heap Roots: 0.58ms
[1954.216s][info][gc,phases      ] GC(298)   Evacuate Collection Set: 115.31ms
[1954.216s][info][gc,phases      ] GC(298)   Post Evacuate Collection Set: 0.91ms
[1954.216s][info][gc,phases      ] GC(298)   Other: 0.13ms
[1954.216s][info][gc,heap        ] GC(298) Eden regions: 1120->0(1120)
[1954.216s][info][gc,heap        ] GC(298) Survivor regions: 108->108(154)
[1954.216s][info][gc,heap        ] GC(298) Old regions: 471->503
[1954.216s][info][gc,heap        ] GC(298) Humongous regions: 80->80
[1954.216s][info][gc,metaspace   ] GC(298) Metaspace: 28898K(29184K)->28898K(29184K) NonClass: 24016K(24128K)->24016K(24128K) Class: 4882K(5056K)->4882K(5056K)
[1954.216s][info][gc             ] GC(298) Pause Young (Concurrent Start) (G1 Evacuation Pause) 3556M->1381M(4096M) 117.502ms
[1954.216s][info][gc             ] GC(299) Concurrent Mark Cycle
[1954.216s][info][gc,marking     ] GC(299) Concurrent Scan Root Regions
[1954.216s][info][gc,cpu         ] GC(298) User=0.69s Sys=0.00s Real=0.11s
[1954.351s][info][gc,marking     ] GC(299) Concurrent Scan Root Regions 135.698ms
[1954.352s][info][gc,marking     ] GC(299) Concurrent Mark
[1954.352s][info][gc,marking     ] GC(299) Concurrent Mark From Roots
[1954.352s][info][gc,task        ] GC(299) Using 2 workers of 2 for marking
.[1955.014s][info][gc,marking     ] GC(299) Concurrent Mark From Roots 662.188ms
[1955.014s][info][gc,marking     ] GC(299) Concurrent Preclean
[1955.014s][info][gc,marking     ] GC(299) Concurrent Preclean 0.062ms
[1955.014s][info][gc,start       ] GC(299) Pause Remark
[1955.017s][info][gc             ] GC(299) Pause Remark 1696M->1696M(4096M) 3.381ms
[1955.017s][info][gc,cpu         ] GC(299) User=0.02s Sys=0.00s Real=0.00s
[1955.017s][info][gc,marking     ] GC(299) Concurrent Mark 665.894ms
[1955.017s][info][gc,marking     ] GC(299) Concurrent Rebuild Remembered Sets and Scrub Regions
[1955.249s][info][gc,marking     ] GC(299) Concurrent Rebuild Remembered Sets and Scrub Regions 231.844ms
[1955.249s][info][gc,start       ] GC(299) Pause Cleanup
[1955.250s][info][gc             ] GC(299) Pause Cleanup 1767M->1767M(4096M) 0.129ms
[1955.250s][info][gc,cpu         ] GC(299) User=0.00s Sys=0.00s Real=0.00s
[1955.250s][info][gc,marking     ] GC(299) Concurrent Clear Claimed Marks
[1955.250s][info][gc,marking     ] GC(299) Concurrent Clear Claimed Marks 0.031ms
[1955.250s][info][gc,marking     ] GC(299) Concurrent Cleanup for Next Mark
[1955.253s][info][gc,marking     ] GC(299) Concurrent Cleanup for Next Mark 3.231ms
[1955.253s][info][gc             ] GC(299) Concurrent Mark Cycle 1037.131ms
.....[1960.565s][info][gc,start       ] GC(300) Pause Young (Prepare Mixed) (G1 Evacuation Pause)
[1960.565s][info][gc,task        ] GC(300) Using 6 workers of 6 for evacuation
[1960.684s][info][gc,phases      ] GC(300)   Pre Evacuate Collection Set: 0.37ms
[1960.684s][info][gc,phases      ] GC(300)   Merge Heap Roots: 0.82ms
[1960.684s][info][gc,phases      ] GC(300)   Evacuate Collection Set: 116.33ms
[1960.684s][info][gc,phases      ] GC(300)   Post Evacuate Collection Set: 0.95ms
[1960.684s][info][gc,phases      ] GC(300)   Other: 0.10ms
[1960.684s][info][gc,heap        ] GC(300) Eden regions: 1120->0(1111)
[1960.684s][info][gc,heap        ] GC(300) Survivor regions: 108->109(154)
[1960.684s][info][gc,heap        ] GC(300) Old regions: 503->536
[1960.684s][info][gc,heap        ] GC(300) Humongous regions: 80->80
[1960.684s][info][gc,metaspace   ] GC(300) Metaspace: 28898K(29184K)->28898K(29184K) NonClass: 24016K(24128K)->24016K(24128K) Class: 4882K(5056K)->4882K(5056K)
[1960.684s][info][gc             ] GC(300) Pause Young (Prepare Mixed) (G1 Evacuation Pause) 3621M->1448M(4096M) 118.692ms
[1960.684s][info][gc,cpu         ] GC(300) User=0.70s Sys=0.00s Real=0.12s
.......[1967.114s][info][gc,start       ] GC(301) Pause Young (Mixed) (G1 Evacuation Pause)
[1967.114s][info][gc,task        ] GC(301) Using 6 workers of 6 for evacuation
[1967.247s][info][gc,phases      ] GC(301)   Pre Evacuate Collection Set: 0.41ms
[1967.247s][info][gc,phases      ] GC(301)   Merge Heap Roots: 0.83ms
[1967.247s][info][gc,phases      ] GC(301)   Evacuate Collection Set: 130.55ms
[1967.247s][info][gc,phases      ] GC(301)   Post Evacuate Collection Set: 0.97ms
[1967.247s][info][gc,phases      ] GC(301)   Other: 0.09ms
[1967.247s][info][gc,heap        ] GC(301) Eden regions: 1111->0(1120)
[1967.247s][info][gc,heap        ] GC(301) Survivor regions: 109->108(153)
[1967.247s][info][gc,heap        ] GC(301) Old regions: 536->472
[1967.247s][info][gc,heap        ] GC(301) Humongous regions: 80->80
[1967.247s][info][gc,metaspace   ] GC(301) Metaspace: 28898K(29184K)->28898K(29184K) NonClass: 24016K(24128K)->24016K(24128K) Class: 4882K(5056K)->4882K(5056K)
[1967.247s][info][gc             ] GC(301) Pause Young (Mixed) (G1 Evacuation Pause) 3670M->1318M(4096M) 132.984ms
[1967.247s][info][gc,cpu         ] GC(301) User=0.79s Sys=0.00s Real=0.13s
......[1973.638s][info][gc,start       ] GC(302) Pause Young (Concurrent Start) (G1 Evacuation Pause)
[1973.638s][info][gc,task        ] GC(302) Using 6 workers of 6 for evacuation
[1973.753s][info][gc,phases      ] GC(302)   Pre Evacuate Collection Set: 0.40ms
[1973.753s][info][gc,phases      ] GC(302)   Merge Heap Roots: 0.54ms
[1973.753s][info][gc,phases      ] GC(302)   Evacuate Collection Set: 113.68ms
[1973.753s][info][gc,phases      ] GC(302)   Post Evacuate Collection Set: 0.91ms
[1973.753s][info][gc,phases      ] GC(302)   Other: 0.11ms
[1973.753s][info][gc,heap        ] GC(302) Eden regions: 1120->0(1120)
[1973.753s][info][gc,heap        ] GC(302) Survivor regions: 108->108(154)
[1973.753s][info][gc,heap        ] GC(302) Old regions: 472->503
[1973.753s][info][gc,heap        ] GC(302) Humongous regions: 80->80
[1973.753s][info][gc,metaspace   ] GC(302) Metaspace: 28898K(29184K)->28898K(29184K) NonClass: 24016K(24128K)->24016K(24128K) Class: 4882K(5056K)->4882K(5056K)
[1973.754s][info][gc             ] GC(302) Pause Young (Concurrent Start) (G1 Evacuation Pause) 3558M->1380M(4096M) 115.775ms
[1973.754s][info][gc             ] GC(303) Concurrent Mark Cycle
[1973.754s][info][gc,marking     ] GC(303) Concurrent Scan Root Regions
[1973.754s][info][gc,cpu         ] GC(302) User=0.69s Sys=0.00s Real=0.12s
.[1973.897s][info][gc,marking     ] GC(303) Concurrent Scan Root Regions 143.414ms
[1973.897s][info][gc,marking     ] GC(303) Concurrent Mark
[1973.897s][info][gc,marking     ] GC(303) Concurrent Mark From Roots
[1973.897s][info][gc,task        ] GC(303) Using 2 workers of 2 for marking
[1974.543s][info][gc,marking     ] GC(303) Concurrent Mark From Roots 646.097ms
[1974.543s][info][gc,marking     ] GC(303) Concurrent Preclean
[1974.543s][info][gc,marking     ] GC(303) Concurrent Preclean 0.062ms
[1974.543s][info][gc,start       ] GC(303) Pause Remark
[1974.547s][info][gc             ] GC(303) Pause Remark 1706M->1706M(4096M) 3.541ms
[1974.547s][info][gc,cpu         ] GC(303) User=0.02s Sys=0.00s Real=0.00s
[1974.547s][info][gc,marking     ] GC(303) Concurrent Mark 649.962ms
[1974.547s][info][gc,marking     ] GC(303) Concurrent Rebuild Remembered Sets and Scrub Regions
[1974.775s][info][gc,marking     ] GC(303) Concurrent Rebuild Remembered Sets and Scrub Regions 228.429ms
[1974.776s][info][gc,start       ] GC(303) Pause Cleanup
[1974.776s][info][gc             ] GC(303) Pause Cleanup 1765M->1765M(4096M) 0.133ms
[1974.776s][info][gc,cpu         ] GC(303) User=0.00s Sys=0.00s Real=0.00s
[1974.776s][info][gc,marking     ] GC(303) Concurrent Clear Claimed Marks
[1974.776s][info][gc,marking     ] GC(303) Concurrent Clear Claimed Marks 0.028ms
[1974.776s][info][gc,marking     ] GC(303) Concurrent Cleanup for Next Mark
[1974.779s][info][gc,marking     ] GC(303) Concurrent Cleanup for Next Mark 3.288ms
[1974.779s][info][gc             ] GC(303) Concurrent Mark Cycle 1025.577ms
......[1980.160s][info][gc,start       ] GC(304) Pause Young (Prepare Mixed) (G1 Evacuation Pause)
[1980.160s][info][gc,task        ] GC(304) Using 6 workers of 6 for evacuation
[1980.282s][info][gc,phases      ] GC(304)   Pre Evacuate Collection Set: 0.38ms
[1980.282s][info][gc,phases      ] GC(304)   Merge Heap Roots: 0.64ms
[1980.282s][info][gc,phases      ] GC(304)   Evacuate Collection Set: 120.22ms
[1980.282s][info][gc,phases      ] GC(304)   Post Evacuate Collection Set: 0.96ms
[1980.282s][info][gc,phases      ] GC(304)   Other: 0.09ms
[1980.282s][info][gc,heap        ] GC(304) Eden regions: 1120->0(1108)
[1980.282s][info][gc,heap        ] GC(304) Survivor regions: 108->111(154)
[1980.282s][info][gc,heap        ] GC(304) Old regions: 503->535
[1980.282s][info][gc,heap        ] GC(304) Humongous regions: 80->80
[1980.282s][info][gc,metaspace   ] GC(304) Metaspace: 28898K(29184K)->28898K(29184K) NonClass: 24016K(24128K)->24016K(24128K) Class: 4882K(5056K)->4882K(5056K)
[1980.282s][info][gc             ] GC(304) Pause Young (Prepare Mixed) (G1 Evacuation Pause) 3620M->1451M(4096M) 122.427ms
[1980.282s][info][gc,cpu         ] GC(304) User=0.72s Sys=0.01s Real=0.12s
......[1986.617s][info][gc,start       ] GC(305) Pause Young (Mixed) (G1 Evacuation Pause)
[1986.617s][info][gc,task        ] GC(305) Using 6 workers of 6 for evacuation
[1986.751s][info][gc,phases      ] GC(305)   Pre Evacuate Collection Set: 0.39ms
[1986.751s][info][gc,phases      ] GC(305)   Merge Heap Roots: 0.90ms
[1986.751s][info][gc,phases      ] GC(305)   Evacuate Collection Set: 132.22ms
[1986.751s][info][gc,phases      ] GC(305)   Post Evacuate Collection Set: 1.01ms
[1986.751s][info][gc,phases      ] GC(305)   Other: 0.09ms
[1986.751s][info][gc,heap        ] GC(305) Eden regions: 1108->0(1121)
[1986.751s][info][gc,heap        ] GC(305) Survivor regions: 111->107(153)
[1986.751s][info][gc,heap        ] GC(305) Old regions: 535->469
[1986.751s][info][gc,heap        ] GC(305) Humongous regions: 80->80
[1986.751s][info][gc,metaspace   ] GC(305) Metaspace: 28898K(29184K)->28898K(29184K) NonClass: 24016K(24128K)->24016K(24128K) Class: 4882K(5056K)->4882K(5056K)
[1986.751s][info][gc             ] GC(305) Pause Young (Mixed) (G1 Evacuation Pause) 3667M->1310M(4096M) 134.756ms
[1986.751s][info][gc,cpu         ] GC(305) User=0.79s Sys=0.00s Real=0.14s
.. (rIR:aIR:PR = 2906:2905:2905) (tPR = 43176) [OK] 
  1987s: Performance info:
         Transaction,    Success,    Partial,     Failed,   Receipts, AvgBarcode, 
             Overall,     174727,          0,          0,     165964,      59.47, 
         Response times:
             Request,    Success,    Partial,     Failed,   SkipFail,     Probes,    Samples,      min,      p50,      p90,      p95,      p99,      max, 
       TotalPurchase,     165964,          0,          0,          0,     162381,     179649,      300,     2600,     4100,     4900,    22000,   173000,
     InStorePurchase,      87320,          0,          0,          0,      85687,      94554,      300,     2500,     4100,     4900,    22000,   173000,
      OnlinePurchase,      61146,          0,          0,          0,      59758,      66137,      300,     2600,     4100,     4900,    21000,   173000,
        InstPurchase,      17498,          0,          0,          0,      16936,      18958,      400,     2700,     4200,     5000,    22000,   142000,
          AssocOfCat,        176,          0,          0,          0,        137,        213,    19700,    31000,    38000,    41300,    79000,   158000,
      AssocOfProduct,       1747,          0,          0,          0,       1593,       1910,      600,     2200,     3400,     3900,    10000,    30000,
      BusinessReport,        439,          0,          0,          0,        346,        451,    24000,    35000,    46000,    52000,    78920,   164000,
          CustBuyBeh,       1753,          0,          0,          0,       1574,       1839,      200,     3000,     4200,     4800,    21600,   138000,
       ProductReturn,       4648,          0,          0,          0,       4350,       4974,      200,     2600,     4000,     4600,    19325,   138000,

  1987s: (22%)   IR =   3044 .....|[1992.980s][info][gc,start       ] GC(306) Pause Young (Concurrent Start) (G1 Evacuation Pause)
[1992.980s][info][gc,task        ] GC(306) Using 6 workers of 6 for evacuation
[1993.097s][info][gc,phases      ] GC(306)   Pre Evacuate Collection Set: 0.44ms
[1993.097s][info][gc,phases      ] GC(306)   Merge Heap Roots: 0.57ms
[1993.097s][info][gc,phases      ] GC(306)   Evacuate Collection Set: 114.85ms
[1993.097s][info][gc,phases      ] GC(306)   Post Evacuate Collection Set: 0.91ms
[1993.097s][info][gc,phases      ] GC(306)   Other: 0.10ms
[1993.097s][info][gc,heap        ] GC(306) Eden regions: 1121->0(1119)
[1993.097s][info][gc,heap        ] GC(306) Survivor regions: 107->109(154)
[1993.097s][info][gc,heap        ] GC(306) Old regions: 469->501
[1993.097s][info][gc,heap        ] GC(306) Humongous regions: 80->80
[1993.097s][info][gc,metaspace   ] GC(306) Metaspace: 28898K(29184K)->28898K(29184K) NonClass: 24016K(24128K)->24016K(24128K) Class: 4882K(5056K)->4882K(5056K)
[1993.097s][info][gc             ] GC(306) Pause Young (Concurrent Start) (G1 Evacuation Pause) 3552M->1378M(4096M) 117.005ms
[1993.097s][info][gc             ] GC(307) Concurrent Mark Cycle
[1993.097s][info][gc,marking     ] GC(307) Concurrent Scan Root Regions
[1993.097s][info][gc,cpu         ] GC(306) User=0.69s Sys=0.00s Real=0.11s
[1993.237s][info][gc,marking     ] GC(307) Concurrent Scan Root Regions 140.583ms
[1993.238s][info][gc,marking     ] GC(307) Concurrent Mark
[1993.238s][info][gc,marking     ] GC(307) Concurrent Mark From Roots
[1993.238s][info][gc,task        ] GC(307) Using 2 workers of 2 for marking
.[1993.895s][info][gc,marking     ] GC(307) Concurrent Mark From Roots 656.960ms
[1993.895s][info][gc,marking     ] GC(307) Concurrent Preclean
[1993.895s][info][gc,marking     ] GC(307) Concurrent Preclean 0.063ms
[1993.895s][info][gc,start       ] GC(307) Pause Remark
[1993.898s][info][gc             ] GC(307) Pause Remark 1698M->1698M(4096M) 3.656ms
[1993.898s][info][gc,cpu         ] GC(307) User=0.02s Sys=0.00s Real=0.01s
[1993.899s][info][gc,marking     ] GC(307) Concurrent Mark 660.969ms
[1993.899s][info][gc,marking     ] GC(307) Concurrent Rebuild Remembered Sets and Scrub Regions
[1994.173s][info][gc,marking     ] GC(307) Concurrent Rebuild Remembered Sets and Scrub Regions 274.721ms
[1994.173s][info][gc,start       ] GC(307) Pause Cleanup
[1994.174s][info][gc             ] GC(307) Pause Cleanup 1798M->1798M(4096M) 0.136ms
[1994.174s][info][gc,cpu         ] GC(307) User=0.00s Sys=0.00s Real=0.00s
[1994.174s][info][gc,marking     ] GC(307) Concurrent Clear Claimed Marks
[1994.174s][info][gc,marking     ] GC(307) Concurrent Clear Claimed Marks 0.032ms
[1994.174s][info][gc,marking     ] GC(307) Concurrent Cleanup for Next Mark
[1994.177s][info][gc,marking     ] GC(307) Concurrent Cleanup for Next Mark 3.219ms
[1994.177s][info][gc             ] GC(307) Concurrent Mark Cycle 1080.027ms
.....[1999.244s][info][gc,start       ] GC(308) Pause Young (Prepare Mixed) (G1 Evacuation Pause)
[1999.244s][info][gc,task        ] GC(308) Using 6 workers of 6 for evacuation
[1999.361s][info][gc,phases      ] GC(308)   Pre Evacuate Collection Set: 0.37ms
[1999.361s][info][gc,phases      ] GC(308)   Merge Heap Roots: 0.51ms
[1999.361s][info][gc,phases      ] GC(308)   Evacuate Collection Set: 114.65ms
[1999.361s][info][gc,phases      ] GC(308)   Post Evacuate Collection Set: 0.95ms
[1999.361s][info][gc,phases      ] GC(308)   Other: 0.10ms
[1999.361s][info][gc,heap        ] GC(308) Eden regions: 1119->0(1115)
[1999.361s][info][gc,heap        ] GC(308) Survivor regions: 109->109(154)
[1999.361s][info][gc,heap        ] GC(308) Old regions: 501->532
[1999.361s][info][gc,heap        ] GC(308) Humongous regions: 80->80
[1999.361s][info][gc,metaspace   ] GC(308) Metaspace: 28898K(29184K)->28898K(29184K) NonClass: 24016K(24128K)->24016K(24128K) Class: 4882K(5056K)->4882K(5056K)
[1999.361s][info][gc             ] GC(308) Pause Young (Prepare Mixed) (G1 Evacuation Pause) 3616M->1439M(4096M) 116.708ms
[1999.361s][info][gc,cpu         ] GC(308) User=0.69s Sys=0.00s Real=0.12s
......[2005.372s][info][gc,start       ] GC(309) Pause Young (Mixed) (G1 Evacuation Pause)
[2005.372s][info][gc,task        ] GC(309) Using 6 workers of 6 for evacuation
[2005.514s][info][gc,phases      ] GC(309)   Pre Evacuate Collection Set: 0.43ms
[2005.514s][info][gc,phases      ] GC(309)   Merge Heap Roots: 0.74ms
[2005.514s][info][gc,phases      ] GC(309)   Evacuate Collection Set: 139.15ms
[2005.514s][info][gc,phases      ] GC(309)   Post Evacuate Collection Set: 0.99ms
[2005.514s][info][gc,phases      ] GC(309)   Other: 0.11ms
[2005.514s][info][gc,heap        ] GC(309) Eden regions: 1115->0(1114)
[2005.514s][info][gc,heap        ] GC(309) Survivor regions: 109->114(153)
[2005.514s][info][gc,heap        ] GC(309) Old regions: 532->469
[2005.514s][info][gc,heap        ] GC(309) Humongous regions: 80->80
[2005.514s][info][gc,metaspace   ] GC(309) Metaspace: 28898K(29184K)->28898K(29184K) NonClass: 24016K(24128K)->24016K(24128K) Class: 4882K(5056K)->4882K(5056K)
[2005.514s][info][gc             ] GC(309) Pause Young (Mixed) (G1 Evacuation Pause) 3669M->1324M(4096M) 141.544ms
[2005.514s][info][gc,cpu         ] GC(309) User=0.84s Sys=0.00s Real=0.14s
......[2011.653s][info][gc,start       ] GC(310) Pause Young (Concurrent Start) (G1 Evacuation Pause)
[2011.653s][info][gc,task        ] GC(310) Using 6 workers of 6 for evacuation
[2011.768s][info][gc,phases      ] GC(310)   Pre Evacuate Collection Set: 0.43ms
[2011.768s][info][gc,phases      ] GC(310)   Merge Heap Roots: 0.54ms
[2011.768s][info][gc,phases      ] GC(310)   Evacuate Collection Set: 113.25ms
[2011.768s][info][gc,phases      ] GC(310)   Post Evacuate Collection Set: 0.91ms
[2011.768s][info][gc,phases      ] GC(310)   Other: 0.12ms
[2011.768s][info][gc,heap        ] GC(310) Eden regions: 1114->0(1121)
[2011.768s][info][gc,heap        ] GC(310) Survivor regions: 114->107(154)
[2011.768s][info][gc,heap        ] GC(310) Old regions: 469->501
[2011.768s][info][gc,heap        ] GC(310) Humongous regions: 80->80
[2011.768s][info][gc,metaspace   ] GC(310) Metaspace: 28898K(29184K)->28898K(29184K) NonClass: 24016K(24128K)->24016K(24128K) Class: 4882K(5056K)->4882K(5056K)
[2011.768s][info][gc             ] GC(310) Pause Young (Concurrent Start) (G1 Evacuation Pause) 3552M->1374M(4096M) 115.386ms
[2011.768s][info][gc             ] GC(311) Concurrent Mark Cycle
[2011.768s][info][gc,marking     ] GC(311) Concurrent Scan Root Regions
[2011.768s][info][gc,cpu         ] GC(310) User=0.68s Sys=0.00s Real=0.12s
.[2011.915s][info][gc,marking     ] GC(311) Concurrent Scan Root Regions 147.054ms
[2011.915s][info][gc,marking     ] GC(311) Concurrent Mark
[2011.915s][info][gc,marking     ] GC(311) Concurrent Mark From Roots
[2011.915s][info][gc,task        ] GC(311) Using 2 workers of 2 for marking
[2012.540s][info][gc,marking     ] GC(311) Concurrent Mark From Roots 625.047ms
[2012.540s][info][gc,marking     ] GC(311) Concurrent Preclean
[2012.540s][info][gc,marking     ] GC(311) Concurrent Preclean 0.071ms
[2012.541s][info][gc,start       ] GC(311) Pause Remark
[2012.544s][info][gc             ] GC(311) Pause Remark 1678M->1678M(4096M) 3.201ms
[2012.544s][info][gc,cpu         ] GC(311) User=0.02s Sys=0.01s Real=0.00s
[2012.544s][info][gc,marking     ] GC(311) Concurrent Mark 628.629ms
[2012.544s][info][gc,marking     ] GC(311) Concurrent Rebuild Remembered Sets and Scrub Regions
[2012.771s][info][gc,marking     ] GC(311) Concurrent Rebuild Remembered Sets and Scrub Regions 227.172ms
[2012.771s][info][gc,start       ] GC(311) Pause Cleanup
[2012.771s][info][gc             ] GC(311) Pause Cleanup 1766M->1766M(4096M) 0.127ms
[2012.771s][info][gc,cpu         ] GC(311) User=0.00s Sys=0.00s Real=0.00s
[2012.771s][info][gc,marking     ] GC(311) Concurrent Clear Claimed Marks
[2012.771s][info][gc,marking     ] GC(311) Concurrent Clear Claimed Marks 0.029ms
[2012.771s][info][gc,marking     ] GC(311) Concurrent Cleanup for Next Mark
[2012.775s][info][gc,marking     ] GC(311) Concurrent Cleanup for Next Mark 3.180ms
[2012.775s][info][gc             ] GC(311) Concurrent Mark Cycle 1006.542ms
......[2017.940s][info][gc,start       ] GC(312) Pause Young (Prepare Mixed) (G1 Evacuation Pause)
[2017.940s][info][gc,task        ] GC(312) Using 6 workers of 6 for evacuation
[2018.057s][info][gc,phases      ] GC(312)   Pre Evacuate Collection Set: 0.37ms
[2018.057s][info][gc,phases      ] GC(312)   Merge Heap Roots: 0.61ms
[2018.057s][info][gc,phases      ] GC(312)   Evacuate Collection Set: 114.80ms
[2018.057s][info][gc,phases      ] GC(312)   Post Evacuate Collection Set: 0.97ms
[2018.057s][info][gc,phases      ] GC(312)   Other: 0.08ms
[2018.057s][info][gc,heap        ] GC(312) Eden regions: 1121->0(1115)
[2018.057s][info][gc,heap        ] GC(312) Survivor regions: 107->109(154)
[2018.057s][info][gc,heap        ] GC(312) Old regions: 501->532
[2018.057s][info][gc,heap        ] GC(312) Humongous regions: 80->80
[2018.057s][info][gc,metaspace   ] GC(312) Metaspace: 28898K(29184K)->28898K(29184K) NonClass: 24016K(24128K)->24016K(24128K) Class: 4882K(5056K)->4882K(5056K)
[2018.057s][info][gc             ] GC(312) Pause Young (Prepare Mixed) (G1 Evacuation Pause) 3616M->1441M(4096M) 116.961ms
[2018.057s][info][gc,cpu         ] GC(312) User=0.69s Sys=0.00s Real=0.11s
......[2024.164s][info][gc,start       ] GC(313) Pause Young (Mixed) (G1 Evacuation Pause)
[2024.164s][info][gc,task        ] GC(313) Using 6 workers of 6 for evacuation
[2024.299s][info][gc,phases      ] GC(313)   Pre Evacuate Collection Set: 0.42ms
[2024.299s][info][gc,phases      ] GC(313)   Merge Heap Roots: 0.88ms
[2024.299s][info][gc,phases      ] GC(313)   Evacuate Collection Set: 133.02ms
[2024.299s][info][gc,phases      ] GC(313)   Post Evacuate Collection Set: 0.96ms
[2024.299s][info][gc,phases      ] GC(313)   Other: 0.09ms
[2024.299s][info][gc,heap        ] GC(313) Eden regions: 1115->0(1119)
[2024.299s][info][gc,heap        ] GC(313) Survivor regions: 109->109(153)
[2024.299s][info][gc,heap        ] GC(313) Old regions: 532->470
[2024.299s][info][gc,heap        ] GC(313) Humongous regions: 80->80
[2024.299s][info][gc,metaspace   ] GC(313) Metaspace: 28898K(29184K)->28898K(29184K) NonClass: 24016K(24128K)->24016K(24128K) Class: 4882K(5056K)->4882K(5056K)
[2024.299s][info][gc             ] GC(313) Pause Young (Mixed) (G1 Evacuation Pause) 3671M->1315M(4096M) 135.499ms
[2024.299s][info][gc,cpu         ] GC(313) User=0.80s Sys=0.00s Real=0.14s
......[2030.325s][info][gc,start       ] GC(314) Pause Young (Concurrent Start) (G1 Evacuation Pause)
[2030.325s][info][gc,task        ] GC(314) Using 6 workers of 6 for evacuation
[2030.444s][info][gc,phases      ] GC(314)   Pre Evacuate Collection Set: 0.41ms
[2030.444s][info][gc,phases      ] GC(314)   Merge Heap Roots: 0.56ms
[2030.444s][info][gc,phases      ] GC(314)   Evacuate Collection Set: 117.15ms
[2030.444s][info][gc,phases      ] GC(314)   Post Evacuate Collection Set: 0.92ms
[2030.444s][info][gc,phases      ] GC(314)   Other: 0.11ms
[2030.444s][info][gc,heap        ] GC(314) Eden regions: 1119->0(1118)
[2030.444s][info][gc,heap        ] GC(314) Survivor regions: 109->110(154)
[2030.444s][info][gc,heap        ] GC(314) Old regions: 470->502
[2030.444s][info][gc,heap        ] GC(314) Humongous regions: 80->80
[2030.444s][info][gc,metaspace   ] GC(314) Metaspace: 28898K(29184K)->28898K(29184K) NonClass: 24016K(24128K)->24016K(24128K) Class: 4882K(5056K)->4882K(5056K)
[2030.444s][info][gc             ] GC(314) Pause Young (Concurrent Start) (G1 Evacuation Pause) 3553M->1382M(4096M) 119.276ms
[2030.444s][info][gc             ] GC(315) Concurrent Mark Cycle
[2030.444s][info][gc,marking     ] GC(315) Concurrent Scan Root Regions
[2030.444s][info][gc,cpu         ] GC(314) User=0.70s Sys=0.00s Real=0.12s
[2030.579s][info][gc,marking     ] GC(315) Concurrent Scan Root Regions 135.211ms
[2030.579s][info][gc,marking     ] GC(315) Concurrent Mark
[2030.579s][info][gc,marking     ] GC(315) Concurrent Mark From Roots
[2030.579s][info][gc,task        ] GC(315) Using 2 workers of 2 for marking
.[2031.165s][info][gc,marking     ] GC(315) Concurrent Mark From Roots 585.350ms
[2031.165s][info][gc,marking     ] GC(315) Concurrent Preclean
[2031.165s][info][gc,marking     ] GC(315) Concurrent Preclean 0.042ms
[2031.165s][info][gc,start       ] GC(315) Pause Remark
[2031.168s][info][gc             ] GC(315) Pause Remark 1670M->1670M(4096M) 3.368ms
[2031.168s][info][gc,cpu         ] GC(315) User=0.02s Sys=0.00s Real=0.01s
[2031.168s][info][gc,marking     ] GC(315) Concurrent Mark 589.012ms
[2031.168s][info][gc,marking     ] GC(315) Concurrent Rebuild Remembered Sets and Scrub Regions
[2031.394s][info][gc,marking     ] GC(315) Concurrent Rebuild Remembered Sets and Scrub Regions 225.351ms
[2031.394s][info][gc,start       ] GC(315) Pause Cleanup
[2031.394s][info][gc             ] GC(315) Pause Cleanup 1745M->1745M(4096M) 0.131ms
[2031.394s][info][gc,cpu         ] GC(315) User=0.00s Sys=0.00s Real=0.00s
[2031.394s][info][gc,marking     ] GC(315) Concurrent Clear Claimed Marks
[2031.394s][info][gc,marking     ] GC(315) Concurrent Clear Claimed Marks 0.027ms
[2031.394s][info][gc,marking     ] GC(315) Concurrent Cleanup for Next Mark
[2031.398s][info][gc,marking     ] GC(315) Concurrent Cleanup for Next Mark 3.916ms
[2031.398s][info][gc             ] GC(315) Concurrent Mark Cycle 954.019ms
.....[2036.559s][info][gc,start       ] GC(316) Pause Young (Prepare Mixed) (G1 Evacuation Pause)
[2036.559s][info][gc,task        ] GC(316) Using 6 workers of 6 for evacuation
[2036.678s][info][gc,phases      ] GC(316)   Pre Evacuate Collection Set: 0.35ms
[2036.678s][info][gc,phases      ] GC(316)   Merge Heap Roots: 0.64ms
[2036.678s][info][gc,phases      ] GC(316)   Evacuate Collection Set: 116.08ms
[2036.678s][info][gc,phases      ] GC(316)   Post Evacuate Collection Set: 0.99ms
[2036.678s][info][gc,phases      ] GC(316)   Other: 0.09ms
[2036.678s][info][gc,heap        ] GC(316) Eden regions: 1118->0(1114)
[2036.678s][info][gc,heap        ] GC(316) Survivor regions: 110->109(154)
[2036.678s][info][gc,heap        ] GC(316) Old regions: 502->533
[2036.678s][info][gc,heap        ] GC(316) Humongous regions: 80->80
[2036.678s][info][gc,metaspace   ] GC(316) Metaspace: 28898K(29184K)->28898K(29184K) NonClass: 24016K(24128K)->24016K(24128K) Class: 4882K(5056K)->4882K(5056K)
[2036.678s][info][gc             ] GC(316) Pause Young (Prepare Mixed) (G1 Evacuation Pause) 3618M->1443M(4096M) 118.296ms
[2036.678s][info][gc,cpu         ] GC(316) User=0.69s Sys=0.00s Real=0.11s
......[2042.772s][info][gc,start       ] GC(317) Pause Young (Mixed) (G1 Evacuation Pause)
[2042.772s][info][gc,task        ] GC(317) Using 6 workers of 6 for evacuation
[2042.908s][info][gc,phases      ] GC(317)   Pre Evacuate Collection Set: 0.43ms
[2042.908s][info][gc,phases      ] GC(317)   Merge Heap Roots: 0.84ms
[2042.908s][info][gc,phases      ] GC(317)   Evacuate Collection Set: 133.62ms
[2042.908s][info][gc,phases      ] GC(317)   Post Evacuate Collection Set: 1.02ms
[2042.908s][info][gc,phases      ] GC(317)   Other: 0.10ms
[2042.908s][info][gc,heap        ] GC(317) Eden regions: 1114->0(1118)
[2042.908s][info][gc,heap        ] GC(317) Survivor regions: 109->110(153)
[2042.908s][info][gc,heap        ] GC(317) Old regions: 533->469
[2042.908s][info][gc,heap        ] GC(317) Humongous regions: 80->80
[2042.908s][info][gc,metaspace   ] GC(317) Metaspace: 28898K(29184K)->28898K(29184K) NonClass: 24016K(24128K)->24016K(24128K) Class: 4882K(5056K)->4882K(5056K)
[2042.908s][info][gc             ] GC(317) Pause Young (Mixed) (G1 Evacuation Pause) 3671M->1317M(4096M) 136.146ms
[2042.908s][info][gc,cpu         ] GC(317) User=0.80s Sys=0.00s Real=0.14s
.......[2048.996s][info][gc,start       ] GC(318) Pause Young (Concurrent Start) (G1 Evacuation Pause)
[2048.996s][info][gc,task        ] GC(318) Using 6 workers of 6 for evacuation
[2049.113s][info][gc,phases      ] GC(318)   Pre Evacuate Collection Set: 0.40ms
[2049.113s][info][gc,phases      ] GC(318)   Merge Heap Roots: 0.53ms
[2049.113s][info][gc,phases      ] GC(318)   Evacuate Collection Set: 114.40ms
[2049.113s][info][gc,phases      ] GC(318)   Post Evacuate Collection Set: 0.91ms
[2049.113s][info][gc,phases      ] GC(318)   Other: 0.11ms
[2049.113s][info][gc,heap        ] GC(318) Eden regions: 1118->0(1120)
[2049.113s][info][gc,heap        ] GC(318) Survivor regions: 110->108(154)
[2049.113s][info][gc,heap        ] GC(318) Old regions: 469->501
[2049.113s][info][gc,heap        ] GC(318) Humongous regions: 80->80
[2049.113s][info][gc,metaspace   ] GC(318) Metaspace: 28898K(29184K)->28898K(29184K) NonClass: 24016K(24128K)->24016K(24128K) Class: 4882K(5056K)->4882K(5056K)
[2049.113s][info][gc             ] GC(318) Pause Young (Concurrent Start) (G1 Evacuation Pause) 3553M->1376M(4096M) 116.517ms
[2049.113s][info][gc             ] GC(319) Concurrent Mark Cycle
[2049.113s][info][gc,marking     ] GC(319) Concurrent Scan Root Regions
[2049.113s][info][gc,cpu         ] GC(318) User=0.69s Sys=0.00s Real=0.12s
[2049.232s][info][gc,marking     ] GC(319) Concurrent Scan Root Regions 119.543ms
[2049.232s][info][gc,marking     ] GC(319) Concurrent Mark
[2049.232s][info][gc,marking     ] GC(319) Concurrent Mark From Roots
[2049.232s][info][gc,task        ] GC(319) Using 2 workers of 2 for marking
[2049.834s][info][gc,marking     ] GC(319) Concurrent Mark From Roots 601.978ms
[2049.834s][info][gc,marking     ] GC(319) Concurrent Preclean
[2049.835s][info][gc,marking     ] GC(319) Concurrent Preclean 0.051ms
[2049.835s][info][gc,start       ] GC(319) Pause Remark
[2049.838s][info][gc             ] GC(319) Pause Remark 1663M->1663M(4096M) 3.230ms
[2049.838s][info][gc,cpu         ] GC(319) User=0.02s Sys=0.00s Real=0.00s
[2049.838s][info][gc,marking     ] GC(319) Concurrent Mark 605.526ms
[2049.838s][info][gc,marking     ] GC(319) Concurrent Rebuild Remembered Sets and Scrub Regions
.[2050.088s][info][gc,marking     ] GC(319) Concurrent Rebuild Remembered Sets and Scrub Regions 249.770ms
[2050.088s][info][gc,start       ] GC(319) Pause Cleanup
[2050.088s][info][gc             ] GC(319) Pause Cleanup 1773M->1773M(4096M) 0.134ms
[2050.088s][info][gc,cpu         ] GC(319) User=0.00s Sys=0.00s Real=0.01s
[2050.088s][info][gc,marking     ] GC(319) Concurrent Clear Claimed Marks
[2050.088s][info][gc,marking     ] GC(319) Concurrent Clear Claimed Marks 0.029ms
[2050.088s][info][gc,marking     ] GC(319) Concurrent Cleanup for Next Mark
[2050.092s][info][gc,marking     ] GC(319) Concurrent Cleanup for Next Mark 3.836ms
[2050.092s][info][gc             ] GC(319) Concurrent Mark Cycle 979.188ms
... (rIR:aIR:PR = 3044:3043:3043) (tPR = 45380) [OK] 
  2052s: Performance info:
         Transaction,    Success,    Partial,     Failed,   Receipts, AvgBarcode, 
             Overall,     182838,          0,          0,     173688,      59.47, 
         Response times:
             Request,    Success,    Partial,     Failed,   SkipFail,     Probes,    Samples,      min,      p50,      p90,      p95,      p99,      max, 
       TotalPurchase,     173688,          0,          0,          0,     170057,     185533,      300,     2700,     4500,     5500,    25000,   202000,
     InStorePurchase,      91421,          0,          0,          0,      89825,      97750,      300,     2700,     4500,     5500,    25000,   167000,
      OnlinePurchase,      63996,          0,          0,          0,      62576,      68229,      300,     2700,     4500,     5500,    24000,   202000,
        InstPurchase,      18271,          0,          0,          0,      17656,      19554,      400,     2900,     4600,     5700,    24000,   168000,
          AssocOfCat,        183,          0,          0,          0,        122,        168,    19500,    30000,    38100,    47000,   179200,   193000,
      AssocOfProduct,       1832,          0,          0,          0,       1661,       1951,      900,     3200,     4800,     6000,    28000,   139000,
      BusinessReport,        455,          0,          0,          0,        347,        458,    23000,    35000,    46000,    55000,   174050,   192000,
          CustBuyBeh,       1830,          0,          0,          0,       1632,       1907,      400,     2900,     4800,     5900,    27000,   141000,
       ProductReturn,       4850,          0,          0,          0,       4610,       5188,      300,     2300,     4200,     5200,    23110,   141000,

  2052s: (23%)   IR =   3183 ..[2055.201s][info][gc,start       ] GC(320) Pause Young (Prepare Mixed) (G1 Evacuation Pause)
[2055.201s][info][gc,task        ] GC(320) Using 6 workers of 6 for evacuation
[2055.318s][info][gc,phases      ] GC(320)   Pre Evacuate Collection Set: 0.35ms
[2055.319s][info][gc,phases      ] GC(320)   Merge Heap Roots: 0.62ms
[2055.319s][info][gc,phases      ] GC(320)   Evacuate Collection Set: 115.69ms
[2055.319s][info][gc,phases      ] GC(320)   Post Evacuate Collection Set: 0.98ms
[2055.319s][info][gc,phases      ] GC(320)   Other: 0.08ms
[2055.319s][info][gc,heap        ] GC(320) Eden regions: 1120->0(1114)
[2055.319s][info][gc,heap        ] GC(320) Survivor regions: 108->109(154)
[2055.319s][info][gc,heap        ] GC(320) Old regions: 501->533
[2055.319s][info][gc,heap        ] GC(320) Humongous regions: 80->80
[2055.319s][info][gc,metaspace   ] GC(320) Metaspace: 28898K(29184K)->28898K(29184K) NonClass: 24016K(24128K)->24016K(24128K) Class: 4882K(5056K)->4882K(5056K)
[2055.319s][info][gc             ] GC(320) Pause Young (Prepare Mixed) (G1 Evacuation Pause) 3616M->1443M(4096M) 117.851ms
[2055.319s][info][gc,cpu         ] GC(320) User=0.69s Sys=0.00s Real=0.12s
..|....[2061.114s][info][gc,start       ] GC(321) Pause Young (Mixed) (G1 Evacuation Pause)
[2061.114s][info][gc,task        ] GC(321) Using 6 workers of 6 for evacuation
[2061.247s][info][gc,phases      ] GC(321)   Pre Evacuate Collection Set: 0.39ms
[2061.247s][info][gc,phases      ] GC(321)   Merge Heap Roots: 0.76ms
[2061.247s][info][gc,phases      ] GC(321)   Evacuate Collection Set: 131.12ms
[2061.247s][info][gc,phases      ] GC(321)   Post Evacuate Collection Set: 0.99ms
[2061.247s][info][gc,phases      ] GC(321)   Other: 0.09ms
[2061.247s][info][gc,heap        ] GC(321) Eden regions: 1114->0(1119)
[2061.247s][info][gc,heap        ] GC(321) Survivor regions: 109->109(153)
[2061.247s][info][gc,heap        ] GC(321) Old regions: 533->470
[2061.247s][info][gc,heap        ] GC(321) Humongous regions: 80->80
[2061.248s][info][gc,metaspace   ] GC(321) Metaspace: 28898K(29184K)->28898K(29184K) NonClass: 24016K(24128K)->24016K(24128K) Class: 4882K(5056K)->4882K(5056K)
[2061.248s][info][gc             ] GC(321) Pause Young (Mixed) (G1 Evacuation Pause) 3671M->1315M(4096M) 133.509ms
[2061.248s][info][gc,cpu         ] GC(321) User=0.79s Sys=0.00s Real=0.13s
......[2067.081s][info][gc,start       ] GC(322) Pause Young (Concurrent Start) (G1 Evacuation Pause)
[2067.081s][info][gc,task        ] GC(322) Using 6 workers of 6 for evacuation
[2067.197s][info][gc,phases      ] GC(322)   Pre Evacuate Collection Set: 0.42ms
[2067.197s][info][gc,phases      ] GC(322)   Merge Heap Roots: 0.54ms
[2067.197s][info][gc,phases      ] GC(322)   Evacuate Collection Set: 113.78ms
[2067.197s][info][gc,phases      ] GC(322)   Post Evacuate Collection Set: 0.91ms
[2067.197s][info][gc,phases      ] GC(322)   Other: 0.13ms
[2067.197s][info][gc,heap        ] GC(322) Eden regions: 1119->0(1120)
[2067.197s][info][gc,heap        ] GC(322) Survivor regions: 109->108(154)
[2067.197s][info][gc,heap        ] GC(322) Old regions: 470->502
[2067.197s][info][gc,heap        ] GC(322) Humongous regions: 80->80
[2067.197s][info][gc,metaspace   ] GC(322) Metaspace: 28898K(29184K)->28898K(29184K) NonClass: 24016K(24128K)->24016K(24128K) Class: 4882K(5056K)->4882K(5056K)
[2067.197s][info][gc             ] GC(322) Pause Young (Concurrent Start) (G1 Evacuation Pause) 3553M->1378M(4096M) 115.915ms
[2067.197s][info][gc             ] GC(323) Concurrent Mark Cycle
[2067.197s][info][gc,marking     ] GC(323) Concurrent Scan Root Regions
[2067.197s][info][gc,cpu         ] GC(322) User=0.68s Sys=0.01s Real=0.11s
[2067.327s][info][gc,marking     ] GC(323) Concurrent Scan Root Regions 129.694ms
[2067.327s][info][gc,marking     ] GC(323) Concurrent Mark
[2067.327s][info][gc,marking     ] GC(323) Concurrent Mark From Roots
[2067.327s][info][gc,task        ] GC(323) Using 2 workers of 2 for marking
[2067.927s][info][gc,marking     ] GC(323) Concurrent Mark From Roots 600.093ms
[2067.927s][info][gc,marking     ] GC(323) Concurrent Preclean
[2067.927s][info][gc,marking     ] GC(323) Concurrent Preclean 0.057ms
[2067.927s][info][gc,start       ] GC(323) Pause Remark
[2067.931s][info][gc             ] GC(323) Pause Remark 1703M->1703M(4096M) 3.589ms
[2067.931s][info][gc,cpu         ] GC(323) User=0.01s Sys=0.00s Real=0.01s
[2067.931s][info][gc,marking     ] GC(323) Concurrent Mark 603.993ms
[2067.931s][info][gc,marking     ] GC(323) Concurrent Rebuild Remembered Sets and Scrub Regions
.[2068.148s][info][gc,marking     ] GC(323) Concurrent Rebuild Remembered Sets and Scrub Regions 217.402ms
[2068.148s][info][gc,start       ] GC(323) Pause Cleanup
[2068.149s][info][gc             ] GC(323) Pause Cleanup 1763M->1763M(4096M) 0.126ms
[2068.149s][info][gc,cpu         ] GC(323) User=0.00s Sys=0.00s Real=0.00s
[2068.149s][info][gc,marking     ] GC(323) Concurrent Clear Claimed Marks
[2068.149s][info][gc,marking     ] GC(323) Concurrent Clear Claimed Marks 0.028ms
[2068.149s][info][gc,marking     ] GC(323) Concurrent Cleanup for Next Mark
[2068.152s][info][gc,marking     ] GC(323) Concurrent Cleanup for Next Mark 3.216ms
[2068.152s][info][gc             ] GC(323) Concurrent Mark Cycle 954.777ms
.....[2073.036s][info][gc,start       ] GC(324) Pause Young (Prepare Mixed) (G1 Evacuation Pause)
[2073.036s][info][gc,task        ] GC(324) Using 6 workers of 6 for evacuation
[2073.152s][info][gc,phases      ] GC(324)   Pre Evacuate Collection Set: 0.36ms
[2073.152s][info][gc,phases      ] GC(324)   Merge Heap Roots: 0.63ms
[2073.152s][info][gc,phases      ] GC(324)   Evacuate Collection Set: 114.53ms
[2073.152s][info][gc,phases      ] GC(324)   Post Evacuate Collection Set: 0.97ms
[2073.152s][info][gc,phases      ] GC(324)   Other: 0.08ms
[2073.152s][info][gc,heap        ] GC(324) Eden regions: 1120->0(1113)
[2073.152s][info][gc,heap        ] GC(324) Survivor regions: 108->109(154)
[2073.152s][info][gc,heap        ] GC(324) Old regions: 502->534
[2073.152s][info][gc,heap        ] GC(324) Humongous regions: 80->80
[2073.152s][info][gc,metaspace   ] GC(324) Metaspace: 28899K(29184K)->28899K(29184K) NonClass: 24017K(24128K)->24017K(24128K) Class: 4882K(5056K)->4882K(5056K)
[2073.152s][info][gc             ] GC(324) Pause Young (Prepare Mixed) (G1 Evacuation Pause) 3618M->1443M(4096M) 116.709ms
[2073.152s][info][gc,cpu         ] GC(324) User=0.69s Sys=0.00s Real=0.12s
......[2079.000s][info][gc,start       ] GC(325) Pause Young (Mixed) (G1 Evacuation Pause)
[2079.000s][info][gc,task        ] GC(325) Using 6 workers of 6 for evacuation
[2079.133s][info][gc,phases      ] GC(325)   Pre Evacuate Collection Set: 0.40ms
[2079.133s][info][gc,phases      ] GC(325)   Merge Heap Roots: 0.75ms
[2079.133s][info][gc,phases      ] GC(325)   Evacuate Collection Set: 129.95ms
[2079.133s][info][gc,phases      ] GC(325)   Post Evacuate Collection Set: 0.98ms
[2079.133s][info][gc,phases      ] GC(325)   Other: 0.09ms
[2079.133s][info][gc,heap        ] GC(325) Eden regions: 1113->0(1120)
[2079.133s][info][gc,heap        ] GC(325) Survivor regions: 109->108(153)
[2079.133s][info][gc,heap        ] GC(325) Old regions: 534->471
[2079.133s][info][gc,heap        ] GC(325) Humongous regions: 80->80
[2079.133s][info][gc,metaspace   ] GC(325) Metaspace: 28899K(29184K)->28899K(29184K) NonClass: 24017K(24128K)->24017K(24128K) Class: 4882K(5056K)->4882K(5056K)
[2079.133s][info][gc             ] GC(325) Pause Young (Mixed) (G1 Evacuation Pause) 3669M->1315M(4096M) 132.297ms
[2079.133s][info][gc,cpu         ] GC(325) User=0.78s Sys=0.00s Real=0.13s
......[2085.000s][info][gc,start       ] GC(326) Pause Young (Concurrent Start) (G1 Evacuation Pause)
[2085.000s][info][gc,task        ] GC(326) Using 6 workers of 6 for evacuation
[2085.118s][info][gc,phases      ] GC(326)   Pre Evacuate Collection Set: 0.40ms
[2085.118s][info][gc,phases      ] GC(326)   Merge Heap Roots: 0.57ms
[2085.118s][info][gc,phases      ] GC(326)   Evacuate Collection Set: 115.32ms
[2085.118s][info][gc,phases      ] GC(326)   Post Evacuate Collection Set: 0.93ms
[2085.118s][info][gc,phases      ] GC(326)   Other: 0.12ms
[2085.118s][info][gc,heap        ] GC(326) Eden regions: 1120->0(1119)
[2085.118s][info][gc,heap        ] GC(326) Survivor regions: 108->109(154)
[2085.118s][info][gc,heap        ] GC(326) Old regions: 471->503
[2085.118s][info][gc,heap        ] GC(326) Humongous regions: 80->80
[2085.118s][info][gc,metaspace   ] GC(326) Metaspace: 28899K(29184K)->28899K(29184K) NonClass: 24017K(24128K)->24017K(24128K) Class: 4882K(5056K)->4882K(5056K)
[2085.118s][info][gc             ] GC(326) Pause Young (Concurrent Start) (G1 Evacuation Pause) 3555M->1381M(4096M) 117.486ms
[2085.118s][info][gc             ] GC(327) Concurrent Mark Cycle
[2085.118s][info][gc,marking     ] GC(327) Concurrent Scan Root Regions
[2085.118s][info][gc,cpu         ] GC(326) User=0.69s Sys=0.00s Real=0.11s
[2085.252s][info][gc,marking     ] GC(327) Concurrent Scan Root Regions 133.851ms
[2085.252s][info][gc,marking     ] GC(327) Concurrent Mark
[2085.252s][info][gc,marking     ] GC(327) Concurrent Mark From Roots
[2085.252s][info][gc,task        ] GC(327) Using 2 workers of 2 for marking
[2085.869s][info][gc,marking     ] GC(327) Concurrent Mark From Roots 616.898ms
[2085.869s][info][gc,marking     ] GC(327) Concurrent Preclean
[2085.869s][info][gc,marking     ] GC(327) Concurrent Preclean 0.065ms
[2085.869s][info][gc,start       ] GC(327) Pause Remark
[2085.872s][info][gc             ] GC(327) Pause Remark 1741M->1741M(4096M) 3.718ms
[2085.873s][info][gc,cpu         ] GC(327) User=0.02s Sys=0.00s Real=0.00s
[2085.873s][info][gc,marking     ] GC(327) Concurrent Mark 620.942ms
[2085.873s][info][gc,marking     ] GC(327) Concurrent Rebuild Remembered Sets and Scrub Regions
.[2086.229s][info][gc,marking     ] GC(327) Concurrent Rebuild Remembered Sets and Scrub Regions 356.616ms
[2086.229s][info][gc,start       ] GC(327) Pause Cleanup
[2086.230s][info][gc             ] GC(327) Pause Cleanup 1867M->1867M(4096M) 0.133ms
[2086.230s][info][gc,cpu         ] GC(327) User=0.00s Sys=0.00s Real=0.00s
[2086.230s][info][gc,marking     ] GC(327) Concurrent Clear Claimed Marks
[2086.230s][info][gc,marking     ] GC(327) Concurrent Clear Claimed Marks 0.033ms
[2086.230s][info][gc,marking     ] GC(327) Concurrent Cleanup for Next Mark
[2086.233s][info][gc,marking     ] GC(327) Concurrent Cleanup for Next Mark 3.649ms
[2086.233s][info][gc             ] GC(327) Concurrent Mark Cycle 1115.615ms
....[2090.916s][info][gc,start       ] GC(328) Pause Young (Prepare Mixed) (G1 Evacuation Pause)
[2090.916s][info][gc,task        ] GC(328) Using 6 workers of 6 for evacuation
[2091.035s][info][gc,phases      ] GC(328)   Pre Evacuate Collection Set: 0.36ms
[2091.035s][info][gc,phases      ] GC(328)   Merge Heap Roots: 0.62ms
[2091.035s][info][gc,phases      ] GC(328)   Evacuate Collection Set: 117.61ms
[2091.035s][info][gc,phases      ] GC(328)   Post Evacuate Collection Set: 0.96ms
[2091.035s][info][gc,phases      ] GC(328)   Other: 0.08ms
[2091.035s][info][gc,heap        ] GC(328) Eden regions: 1119->0(1109)
[2091.035s][info][gc,heap        ] GC(328) Survivor regions: 109->111(154)
[2091.035s][info][gc,heap        ] GC(328) Old regions: 503->534
[2091.035s][info][gc,heap        ] GC(328) Humongous regions: 80->80
[2091.035s][info][gc,metaspace   ] GC(328) Metaspace: 28899K(29184K)->28899K(29184K) NonClass: 24017K(24128K)->24017K(24128K) Class: 4882K(5056K)->4882K(5056K)
[2091.036s][info][gc             ] GC(328) Pause Young (Prepare Mixed) (G1 Evacuation Pause) 3619M->1448M(4096M) 119.759ms
[2091.036s][info][gc,cpu         ] GC(328) User=0.71s Sys=0.00s Real=0.12s
......[2096.844s][info][gc,start       ] GC(329) Pause Young (Mixed) (G1 Evacuation Pause)
[2096.844s][info][gc,task        ] GC(329) Using 6 workers of 6 for evacuation
[2096.977s][info][gc,phases      ] GC(329)   Pre Evacuate Collection Set: 0.42ms
[2096.977s][info][gc,phases      ] GC(329)   Merge Heap Roots: 0.77ms
[2096.977s][info][gc,phases      ] GC(329)   Evacuate Collection Set: 131.56ms
[2096.977s][info][gc,phases      ] GC(329)   Post Evacuate Collection Set: 1.03ms
[2096.977s][info][gc,phases      ] GC(329)   Other: 0.09ms
[2096.977s][info][gc,heap        ] GC(329) Eden regions: 1109->0(1120)
[2096.977s][info][gc,heap        ] GC(329) Survivor regions: 111->108(153)
[2096.977s][info][gc,heap        ] GC(329) Old regions: 534->470
[2096.977s][info][gc,heap        ] GC(329) Humongous regions: 80->80
[2096.977s][info][gc,metaspace   ] GC(329) Metaspace: 28899K(29184K)->28899K(29184K) NonClass: 24017K(24128K)->24017K(24128K) Class: 4882K(5056K)->4882K(5056K)
[2096.978s][info][gc             ] GC(329) Pause Young (Mixed) (G1 Evacuation Pause) 3666M->1313M(4096M) 133.993ms
[2096.978s][info][gc,cpu         ] GC(329) User=0.79s Sys=0.00s Real=0.13s
......[2102.745s][info][gc,start       ] GC(330) Pause Young (Concurrent Start) (G1 Evacuation Pause)
[2102.745s][info][gc,task        ] GC(330) Using 6 workers of 6 for evacuation
[2102.861s][info][gc,phases      ] GC(330)   Pre Evacuate Collection Set: 0.46ms
[2102.861s][info][gc,phases      ] GC(330)   Merge Heap Roots: 0.58ms
[2102.861s][info][gc,phases      ] GC(330)   Evacuate Collection Set: 113.77ms
[2102.861s][info][gc,phases      ] GC(330)   Post Evacuate Collection Set: 0.92ms
[2102.861s][info][gc,phases      ] GC(330)   Other: 0.10ms
[2102.861s][info][gc,heap        ] GC(330) Eden regions: 1120->0(1120)
[2102.861s][info][gc,heap        ] GC(330) Survivor regions: 108->108(154)
[2102.861s][info][gc,heap        ] GC(330) Old regions: 470->502
[2102.861s][info][gc,heap        ] GC(330) Humongous regions: 80->80
[2102.861s][info][gc,metaspace   ] GC(330) Metaspace: 28899K(29184K)->28899K(29184K) NonClass: 24017K(24128K)->24017K(24128K) Class: 4882K(5056K)->4882K(5056K)
[2102.861s][info][gc             ] GC(330) Pause Young (Concurrent Start) (G1 Evacuation Pause) 3553M->1377M(4096M) 115.965ms
[2102.861s][info][gc             ] GC(331) Concurrent Mark Cycle
[2102.861s][info][gc,marking     ] GC(331) Concurrent Scan Root Regions
[2102.861s][info][gc,cpu         ] GC(330) User=0.69s Sys=0.00s Real=0.12s
[2102.986s][info][gc,marking     ] GC(331) Concurrent Scan Root Regions 125.014ms
[2102.986s][info][gc,marking     ] GC(331) Concurrent Mark
[2102.986s][info][gc,marking     ] GC(331) Concurrent Mark From Roots
[2102.986s][info][gc,task        ] GC(331) Using 2 workers of 2 for marking
.[2103.594s][info][gc,marking     ] GC(331) Concurrent Mark From Roots 608.053ms
[2103.594s][info][gc,marking     ] GC(331) Concurrent Preclean
[2103.594s][info][gc,marking     ] GC(331) Concurrent Preclean 0.079ms
[2103.594s][info][gc,start       ] GC(331) Pause Remark
[2103.598s][info][gc             ] GC(331) Pause Remark 1702M->1702M(4096M) 3.194ms
[2103.598s][info][gc,cpu         ] GC(331) User=0.01s Sys=0.00s Real=0.00s
[2103.598s][info][gc,marking     ] GC(331) Concurrent Mark 611.670ms
[2103.598s][info][gc,marking     ] GC(331) Concurrent Rebuild Remembered Sets and Scrub Regions
[2103.829s][info][gc,marking     ] GC(331) Concurrent Rebuild Remembered Sets and Scrub Regions 230.964ms
[2103.829s][info][gc,start       ] GC(331) Pause Cleanup
[2103.829s][info][gc             ] GC(331) Pause Cleanup 1799M->1799M(4096M) 0.127ms
[2103.829s][info][gc,cpu         ] GC(331) User=0.00s Sys=0.00s Real=0.00s
[2103.829s][info][gc,marking     ] GC(331) Concurrent Clear Claimed Marks
[2103.829s][info][gc,marking     ] GC(331) Concurrent Clear Claimed Marks 0.028ms
[2103.829s][info][gc,marking     ] GC(331) Concurrent Cleanup for Next Mark
[2103.832s][info][gc,marking     ] GC(331) Concurrent Cleanup for Next Mark 3.220ms
[2103.832s][info][gc             ] GC(331) Concurrent Mark Cycle 971.371ms
.....[2108.776s][info][gc,start       ] GC(332) Pause Young (Prepare Mixed) (G1 Evacuation Pause)
[2108.776s][info][gc,task        ] GC(332) Using 6 workers of 6 for evacuation
[2108.893s][info][gc,phases      ] GC(332)   Pre Evacuate Collection Set: 0.36ms
[2108.893s][info][gc,phases      ] GC(332)   Merge Heap Roots: 0.65ms
[2108.893s][info][gc,phases      ] GC(332)   Evacuate Collection Set: 114.61ms
[2108.893s][info][gc,phases      ] GC(332)   Post Evacuate Collection Set: 0.96ms
[2108.893s][info][gc,phases      ] GC(332)   Other: 0.09ms
[2108.893s][info][gc,heap        ] GC(332) Eden regions: 1120->0(1115)
[2108.893s][info][gc,heap        ] GC(332) Survivor regions: 108->108(154)
[2108.893s][info][gc,heap        ] GC(332) Old regions: 502->534
[2108.893s][info][gc,heap        ] GC(332) Humongous regions: 80->80
[2108.893s][info][gc,metaspace   ] GC(332) Metaspace: 28899K(29184K)->28899K(29184K) NonClass: 24017K(24128K)->24017K(24128K) Class: 4882K(5056K)->4882K(5056K)
[2108.893s][info][gc             ] GC(332) Pause Young (Prepare Mixed) (G1 Evacuation Pause) 3617M->1442M(4096M) 116.820ms
[2108.893s][info][gc,cpu         ] GC(332) User=0.69s Sys=0.00s Real=0.12s
......[2114.687s][info][gc,start       ] GC(333) Pause Young (Mixed) (G1 Evacuation Pause)
[2114.687s][info][gc,task        ] GC(333) Using 6 workers of 6 for evacuation
[2114.819s][info][gc,phases      ] GC(333)   Pre Evacuate Collection Set: 0.42ms
[2114.819s][info][gc,phases      ] GC(333)   Merge Heap Roots: 0.80ms
[2114.819s][info][gc,phases      ] GC(333)   Evacuate Collection Set: 129.88ms
[2114.819s][info][gc,phases      ] GC(333)   Post Evacuate Collection Set: 0.95ms
[2114.819s][info][gc,phases      ] GC(333)   Other: 0.09ms
[2114.819s][info][gc,heap        ] GC(333) Eden regions: 1115->0(1119)
[2114.819s][info][gc,heap        ] GC(333) Survivor regions: 108->109(153)
[2114.819s][info][gc,heap        ] GC(333) Old regions: 534->471
[2114.819s][info][gc,heap        ] GC(333) Humongous regions: 80->80
[2114.819s][info][gc,metaspace   ] GC(333) Metaspace: 28899K(29184K)->28899K(29184K) NonClass: 24017K(24128K)->24017K(24128K) Class: 4882K(5056K)->4882K(5056K)
[2114.819s][info][gc             ] GC(333) Pause Young (Mixed) (G1 Evacuation Pause) 3672M->1318M(4096M) 132.299ms
[2114.819s][info][gc,cpu         ] GC(333) User=0.79s Sys=0.00s Real=0.14s
... (rIR:aIR:PR = 3183:3181:3181) (tPR = 47211) [OK] 
  2116s: Performance info:
         Transaction,    Success,    Partial,     Failed,   Receipts, AvgBarcode, 
             Overall,     191177,          0,          0,     181598,      59.47, 
         Response times:
             Request,    Success,    Partial,     Failed,   SkipFail,     Probes,    Samples,      min,      p50,      p90,      p95,      p99,      max, 
       TotalPurchase,     181598,          0,          0,          0,     177394,     190278,      300,     2800,     4600,     5600,    19800,   182000,
     InStorePurchase,      95546,          0,          0,          0,      93412,     100116,      300,     3000,     4700,     5800,    22000,   182000,
      OnlinePurchase,      66927,          0,          0,          0,      65614,      70266,      300,     2500,     4500,     5400,    18300,   149000,
        InstPurchase,      19125,          0,          0,          0,      18368,      19896,      400,     2600,     4400,     5300,    17603,   140000,
          AssocOfCat,        190,          0,          0,          0,        143,        196,    25000,    32000,    40900,    50150,    90210,    97000,
      AssocOfProduct,       1918,          0,          0,          0,       1748,       2013,      600,     2800,     4700,     5500,    19300,   138000,
      BusinessReport,        479,          0,          0,          0,        385,        492,    23000,    36000,    47000,    55000,    80330,   151000,
          CustBuyBeh,       1912,          0,          0,          0,       1726,       2029,      200,     2700,     4500,     5500,    16930,   140000,
       ProductReturn,       5080,          0,          0,          0,       4761,       5287,      200,     2400,     4400,     5400,    21000,   140000,

  2116s: (24%)   IR =   3321 ...[2120.586s][info][gc,start       ] GC(334) Pause Young (Concurrent Start) (G1 Evacuation Pause)
[2120.586s][info][gc,task        ] GC(334) Using 6 workers of 6 for evacuation
[2120.702s][info][gc,phases      ] GC(334)   Pre Evacuate Collection Set: 0.41ms
[2120.702s][info][gc,phases      ] GC(334)   Merge Heap Roots: 0.57ms
[2120.702s][info][gc,phases      ] GC(334)   Evacuate Collection Set: 114.68ms
[2120.702s][info][gc,phases      ] GC(334)   Post Evacuate Collection Set: 0.93ms
[2120.702s][info][gc,phases      ] GC(334)   Other: 0.11ms
[2120.702s][info][gc,heap        ] GC(334) Eden regions: 1119->0(1118)
[2120.702s][info][gc,heap        ] GC(334) Survivor regions: 109->110(154)
[2120.702s][info][gc,heap        ] GC(334) Old regions: 471->504
[2120.702s][info][gc,heap        ] GC(334) Humongous regions: 80->80
[2120.702s][info][gc,metaspace   ] GC(334) Metaspace: 28899K(29184K)->28899K(29184K) NonClass: 24017K(24128K)->24017K(24128K) Class: 4882K(5056K)->4882K(5056K)
[2120.702s][info][gc             ] GC(334) Pause Young (Concurrent Start) (G1 Evacuation Pause) 3556M->1385M(4096M) 116.821ms
[2120.703s][info][gc             ] GC(335) Concurrent Mark Cycle
[2120.703s][info][gc,marking     ] GC(335) Concurrent Scan Root Regions
[2120.703s][info][gc,cpu         ] GC(334) User=0.69s Sys=0.00s Real=0.12s
[2120.814s][info][gc,marking     ] GC(335) Concurrent Scan Root Regions 111.055ms
[2120.814s][info][gc,marking     ] GC(335) Concurrent Mark
[2120.814s][info][gc,marking     ] GC(335) Concurrent Mark From Roots
[2120.814s][info][gc,task        ] GC(335) Using 2 workers of 2 for marking
.|[2121.357s][info][gc,marking     ] GC(335) Concurrent Mark From Roots 543.514ms
[2121.357s][info][gc,marking     ] GC(335) Concurrent Preclean
[2121.357s][info][gc,marking     ] GC(335) Concurrent Preclean 0.063ms
[2121.357s][info][gc,start       ] GC(335) Pause Remark
[2121.360s][info][gc             ] GC(335) Pause Remark 1691M->1691M(4096M) 3.098ms
[2121.361s][info][gc,cpu         ] GC(335) User=0.01s Sys=0.00s Real=0.01s
[2121.361s][info][gc,marking     ] GC(335) Concurrent Mark 546.913ms
[2121.361s][info][gc,marking     ] GC(335) Concurrent Rebuild Remembered Sets and Scrub Regions
[2121.582s][info][gc,marking     ] GC(335) Concurrent Rebuild Remembered Sets and Scrub Regions 220.982ms
[2121.582s][info][gc,start       ] GC(335) Pause Cleanup
[2121.582s][info][gc             ] GC(335) Pause Cleanup 1782M->1782M(4096M) 0.146ms
[2121.582s][info][gc,cpu         ] GC(335) User=0.00s Sys=0.00s Real=0.00s
[2121.582s][info][gc,marking     ] GC(335) Concurrent Clear Claimed Marks
[2121.582s][info][gc,marking     ] GC(335) Concurrent Clear Claimed Marks 0.037ms
[2121.582s][info][gc,marking     ] GC(335) Concurrent Cleanup for Next Mark
[2121.587s][info][gc,marking     ] GC(335) Concurrent Cleanup for Next Mark 4.516ms
[2121.587s][info][gc             ] GC(335) Concurrent Mark Cycle 884.056ms
.....[2126.228s][info][gc,start       ] GC(336) Pause Young (Prepare Mixed) (G1 Evacuation Pause)
[2126.228s][info][gc,task        ] GC(336) Using 6 workers of 6 for evacuation
[2126.347s][info][gc,phases      ] GC(336)   Pre Evacuate Collection Set: 0.35ms
[2126.347s][info][gc,phases      ] GC(336)   Merge Heap Roots: 0.53ms
[2126.347s][info][gc,phases      ] GC(336)   Evacuate Collection Set: 117.55ms
[2126.347s][info][gc,phases      ] GC(336)   Post Evacuate Collection Set: 0.97ms
[2126.347s][info][gc,phases      ] GC(336)   Other: 0.10ms
[2126.347s][info][gc,heap        ] GC(336) Eden regions: 1118->0(1106)
[2126.347s][info][gc,heap        ] GC(336) Survivor regions: 110->112(154)
[2126.347s][info][gc,heap        ] GC(336) Old regions: 504->535
[2126.347s][info][gc,heap        ] GC(336) Humongous regions: 80->80
[2126.347s][info][gc,metaspace   ] GC(336) Metaspace: 28899K(29184K)->28899K(29184K) NonClass: 24017K(24128K)->24017K(24128K) Class: 4882K(5056K)->4882K(5056K)
[2126.347s][info][gc             ] GC(336) Pause Young (Prepare Mixed) (G1 Evacuation Pause) 3621M->1452M(4096M) 119.629ms
[2126.347s][info][gc,cpu         ] GC(336) User=0.71s Sys=0.00s Real=0.12s
.....[2131.915s][info][gc,start       ] GC(337) Pause Young (Mixed) (G1 Evacuation Pause)
[2131.915s][info][gc,task        ] GC(337) Using 6 workers of 6 for evacuation
[2132.051s][info][gc,phases      ] GC(337)   Pre Evacuate Collection Set: 0.43ms
[2132.051s][info][gc,phases      ] GC(337)   Merge Heap Roots: 0.87ms
[2132.051s][info][gc,phases      ] GC(337)   Evacuate Collection Set: 133.59ms
[2132.051s][info][gc,phases      ] GC(337)   Post Evacuate Collection Set: 1.02ms
[2132.051s][info][gc,phases      ] GC(337)   Other: 0.09ms
[2132.051s][info][gc,heap        ] GC(337) Eden regions: 1106->0(1120)
[2132.051s][info][gc,heap        ] GC(337) Survivor regions: 112->108(153)
[2132.051s][info][gc,heap        ] GC(337) Old regions: 535->471
[2132.051s][info][gc,heap        ] GC(337) Humongous regions: 80->80
[2132.051s][info][gc,metaspace   ] GC(337) Metaspace: 28899K(29184K)->28899K(29184K) NonClass: 24017K(24128K)->24017K(24128K) Class: 4882K(5056K)->4882K(5056K)
[2132.051s][info][gc             ] GC(337) Pause Young (Mixed) (G1 Evacuation Pause) 3664M->1315M(4096M) 136.111ms
[2132.051s][info][gc,cpu         ] GC(337) User=0.80s Sys=0.00s Real=0.14s
......[2137.679s][info][gc,start       ] GC(338) Pause Young (Concurrent Start) (G1 Evacuation Pause)
[2137.679s][info][gc,task        ] GC(338) Using 6 workers of 6 for evacuation
[2137.795s][info][gc,phases      ] GC(338)   Pre Evacuate Collection Set: 0.45ms
[2137.795s][info][gc,phases      ] GC(338)   Merge Heap Roots: 0.58ms
[2137.795s][info][gc,phases      ] GC(338)   Evacuate Collection Set: 114.40ms
[2137.795s][info][gc,phases      ] GC(338)   Post Evacuate Collection Set: 0.92ms
[2137.795s][info][gc,phases      ] GC(338)   Other: 0.13ms
[2137.795s][info][gc,heap        ] GC(338) Eden regions: 1120->0(1121)
[2137.795s][info][gc,heap        ] GC(338) Survivor regions: 108->107(154)
[2137.795s][info][gc,heap        ] GC(338) Old regions: 471->502
[2137.795s][info][gc,heap        ] GC(338) Humongous regions: 80->80
[2137.795s][info][gc,metaspace   ] GC(338) Metaspace: 28899K(29184K)->28899K(29184K) NonClass: 24017K(24128K)->24017K(24128K) Class: 4882K(5056K)->4882K(5056K)
[2137.795s][info][gc             ] GC(338) Pause Young (Concurrent Start) (G1 Evacuation Pause) 3555M->1377M(4096M) 116.625ms
[2137.795s][info][gc             ] GC(339) Concurrent Mark Cycle
[2137.795s][info][gc,marking     ] GC(339) Concurrent Scan Root Regions
[2137.795s][info][gc,cpu         ] GC(338) User=0.69s Sys=0.00s Real=0.11s
[2137.950s][info][gc,marking     ] GC(339) Concurrent Scan Root Regions 154.681ms
[2137.950s][info][gc,marking     ] GC(339) Concurrent Mark
[2137.950s][info][gc,marking     ] GC(339) Concurrent Mark From Roots
[2137.950s][info][gc,task        ] GC(339) Using 2 workers of 2 for marking
.[2138.641s][info][gc,marking     ] GC(339) Concurrent Mark From Roots 691.119ms
[2138.641s][info][gc,marking     ] GC(339) Concurrent Preclean
[2138.641s][info][gc,marking     ] GC(339) Concurrent Preclean 0.051ms
[2138.641s][info][gc,start       ] GC(339) Pause Remark
[2138.645s][info][gc             ] GC(339) Pause Remark 1787M->1787M(4096M) 3.631ms
[2138.645s][info][gc,cpu         ] GC(339) User=0.02s Sys=0.00s Real=0.00s
[2138.645s][info][gc,marking     ] GC(339) Concurrent Mark 695.048ms
[2138.645s][info][gc,marking     ] GC(339) Concurrent Rebuild Remembered Sets and Scrub Regions
[2138.886s][info][gc,marking     ] GC(339) Concurrent Rebuild Remembered Sets and Scrub Regions 240.778ms
[2138.886s][info][gc,start       ] GC(339) Pause Cleanup
[2138.886s][info][gc             ] GC(339) Pause Cleanup 1874M->1874M(4096M) 0.136ms
[2138.886s][info][gc,cpu         ] GC(339) User=0.00s Sys=0.00s Real=0.00s
[2138.886s][info][gc,marking     ] GC(339) Concurrent Clear Claimed Marks
[2138.886s][info][gc,marking     ] GC(339) Concurrent Clear Claimed Marks 0.030ms
[2138.886s][info][gc,marking     ] GC(339) Concurrent Cleanup for Next Mark
[2138.889s][info][gc,marking     ] GC(339) Concurrent Cleanup for Next Mark 3.181ms
[2138.889s][info][gc             ] GC(339) Concurrent Mark Cycle 1094.165ms
.....[2143.270s][info][gc,start       ] GC(340) Pause Young (Prepare Mixed) (G1 Evacuation Pause)
[2143.270s][info][gc,task        ] GC(340) Using 6 workers of 6 for evacuation
[2143.385s][info][gc,phases      ] GC(340)   Pre Evacuate Collection Set: 0.37ms
[2143.385s][info][gc,phases      ] GC(340)   Merge Heap Roots: 0.58ms
[2143.385s][info][gc,phases      ] GC(340)   Evacuate Collection Set: 113.54ms
[2143.385s][info][gc,phases      ] GC(340)   Post Evacuate Collection Set: 0.97ms
[2143.385s][info][gc,phases      ] GC(340)   Other: 0.10ms
[2143.385s][info][gc,heap        ] GC(340) Eden regions: 1121->0(1113)
[2143.385s][info][gc,heap        ] GC(340) Survivor regions: 107->109(154)
[2143.385s][info][gc,heap        ] GC(340) Old regions: 502->534
[2143.385s][info][gc,heap        ] GC(340) Humongous regions: 80->80
[2143.385s][info][gc,metaspace   ] GC(340) Metaspace: 28899K(29184K)->28899K(29184K) NonClass: 24017K(24128K)->24017K(24128K) Class: 4882K(5056K)->4882K(5056K)
[2143.385s][info][gc             ] GC(340) Pause Young (Prepare Mixed) (G1 Evacuation Pause) 3619M->1443M(4096M) 115.684ms
[2143.385s][info][gc,cpu         ] GC(340) User=0.69s Sys=0.00s Real=0.11s
.....[2148.952s][info][gc,start       ] GC(341) Pause Young (Mixed) (G1 Evacuation Pause)
[2148.953s][info][gc,task        ] GC(341) Using 6 workers of 6 for evacuation
[2149.084s][info][gc,phases      ] GC(341)   Pre Evacuate Collection Set: 0.41ms
[2149.084s][info][gc,phases      ] GC(341)   Merge Heap Roots: 0.81ms
[2149.084s][info][gc,phases      ] GC(341)   Evacuate Collection Set: 129.56ms
[2149.084s][info][gc,phases      ] GC(341)   Post Evacuate Collection Set: 0.98ms
[2149.084s][info][gc,phases      ] GC(341)   Other: 0.09ms
[2149.084s][info][gc,heap        ] GC(341) Eden regions: 1113->0(1120)
[2149.084s][info][gc,heap        ] GC(341) Survivor regions: 109->108(153)
[2149.084s][info][gc,heap        ] GC(341) Old regions: 534->471
[2149.084s][info][gc,heap        ] GC(341) Humongous regions: 80->80
[2149.084s][info][gc,metaspace   ] GC(341) Metaspace: 28899K(29184K)->28899K(29184K) NonClass: 24017K(24128K)->24017K(24128K) Class: 4882K(5056K)->4882K(5056K)
[2149.084s][info][gc             ] GC(341) Pause Young (Mixed) (G1 Evacuation Pause) 3669M->1316M(4096M) 131.987ms
[2149.085s][info][gc,cpu         ] GC(341) User=0.78s Sys=0.00s Real=0.13s
......[2154.613s][info][gc,start       ] GC(342) Pause Young (Concurrent Start) (G1 Evacuation Pause)
[2154.613s][info][gc,task        ] GC(342) Using 6 workers of 6 for evacuation
[2154.728s][info][gc,phases      ] GC(342)   Pre Evacuate Collection Set: 0.41ms
[2154.729s][info][gc,phases      ] GC(342)   Merge Heap Roots: 0.57ms
[2154.729s][info][gc,phases      ] GC(342)   Evacuate Collection Set: 113.58ms
[2154.729s][info][gc,phases      ] GC(342)   Post Evacuate Collection Set: 0.91ms
[2154.729s][info][gc,phases      ] GC(342)   Other: 0.11ms
[2154.729s][info][gc,heap        ] GC(342) Eden regions: 1120->0(1120)
[2154.729s][info][gc,heap        ] GC(342) Survivor regions: 108->108(154)
[2154.729s][info][gc,heap        ] GC(342) Old regions: 471->502
[2154.729s][info][gc,heap        ] GC(342) Humongous regions: 80->80
[2154.729s][info][gc,metaspace   ] GC(342) Metaspace: 28899K(29184K)->28899K(29184K) NonClass: 24017K(24128K)->24017K(24128K) Class: 4882K(5056K)->4882K(5056K)
[2154.729s][info][gc             ] GC(342) Pause Young (Concurrent Start) (G1 Evacuation Pause) 3556M->1378M(4096M) 115.716ms
[2154.729s][info][gc             ] GC(343) Concurrent Mark Cycle
[2154.729s][info][gc,marking     ] GC(343) Concurrent Scan Root Regions
[2154.729s][info][gc,cpu         ] GC(342) User=0.68s Sys=0.00s Real=0.12s
[2154.856s][info][gc,marking     ] GC(343) Concurrent Scan Root Regions 127.675ms
[2154.856s][info][gc,marking     ] GC(343) Concurrent Mark
[2154.856s][info][gc,marking     ] GC(343) Concurrent Mark From Roots
[2154.856s][info][gc,task        ] GC(343) Using 2 workers of 2 for marking
.[2155.438s][info][gc,marking     ] GC(343) Concurrent Mark From Roots 581.579ms
[2155.438s][info][gc,marking     ] GC(343) Concurrent Preclean
[2155.438s][info][gc,marking     ] GC(343) Concurrent Preclean 0.092ms
[2155.438s][info][gc,start       ] GC(343) Pause Remark
[2155.441s][info][gc             ] GC(343) Pause Remark 1656M->1656M(4096M) 2.875ms
[2155.441s][info][gc,cpu         ] GC(343) User=0.02s Sys=0.00s Real=0.00s
[2155.443s][info][gc,marking     ] GC(343) Concurrent Mark 586.507ms
[2155.443s][info][gc,marking     ] GC(343) Concurrent Rebuild Remembered Sets and Scrub Regions
[2155.667s][info][gc,marking     ] GC(343) Concurrent Rebuild Remembered Sets and Scrub Regions 223.753ms
[2155.667s][info][gc,start       ] GC(343) Pause Cleanup
[2155.667s][info][gc             ] GC(343) Pause Cleanup 1735M->1735M(4096M) 0.130ms
[2155.667s][info][gc,cpu         ] GC(343) User=0.00s Sys=0.00s Real=0.00s
[2155.667s][info][gc,marking     ] GC(343) Concurrent Clear Claimed Marks
[2155.667s][info][gc,marking     ] GC(343) Concurrent Clear Claimed Marks 0.033ms
[2155.667s][info][gc,marking     ] GC(343) Concurrent Cleanup for Next Mark
[2155.670s][info][gc,marking     ] GC(343) Concurrent Cleanup for Next Mark 3.204ms
[2155.670s][info][gc             ] GC(343) Concurrent Mark Cycle 941.675ms
.....[2160.419s][info][gc,start       ] GC(344) Pause Young (Prepare Mixed) (G1 Evacuation Pause)
[2160.419s][info][gc,task        ] GC(344) Using 6 workers of 6 for evacuation
[2160.537s][info][gc,phases      ] GC(344)   Pre Evacuate Collection Set: 0.37ms
[2160.537s][info][gc,phases      ] GC(344)   Merge Heap Roots: 0.64ms
[2160.537s][info][gc,phases      ] GC(344)   Evacuate Collection Set: 115.36ms
[2160.537s][info][gc,phases      ] GC(344)   Post Evacuate Collection Set: 0.98ms
[2160.537s][info][gc,phases      ] GC(344)   Other: 0.10ms
[2160.537s][info][gc,heap        ] GC(344) Eden regions: 1120->0(1112)
[2160.537s][info][gc,heap        ] GC(344) Survivor regions: 108->109(154)
[2160.537s][info][gc,heap        ] GC(344) Old regions: 502->535
[2160.537s][info][gc,heap        ] GC(344) Humongous regions: 80->80
[2160.537s][info][gc,metaspace   ] GC(344) Metaspace: 28899K(29184K)->28899K(29184K) NonClass: 24017K(24128K)->24017K(24128K) Class: 4882K(5056K)->4882K(5056K)
[2160.537s][info][gc             ] GC(344) Pause Young (Prepare Mixed) (G1 Evacuation Pause) 3618M->1446M(4096M) 117.574ms
[2160.537s][info][gc,cpu         ] GC(344) User=0.69s Sys=0.00s Real=0.11s
.....[2166.045s][info][gc,start       ] GC(345) Pause Young (Mixed) (G1 Evacuation Pause)
[2166.045s][info][gc,task        ] GC(345) Using 6 workers of 6 for evacuation
[2166.180s][info][gc,phases      ] GC(345)   Pre Evacuate Collection Set: 0.39ms
[2166.180s][info][gc,phases      ] GC(345)   Merge Heap Roots: 0.74ms
[2166.180s][info][gc,phases      ] GC(345)   Evacuate Collection Set: 133.66ms
[2166.180s][info][gc,phases      ] GC(345)   Post Evacuate Collection Set: 0.97ms
[2166.180s][info][gc,phases      ] GC(345)   Other: 0.09ms
[2166.181s][info][gc,heap        ] GC(345) Eden regions: 1112->0(1118)
[2166.181s][info][gc,heap        ] GC(345) Survivor regions: 109->110(153)
[2166.181s][info][gc,heap        ] GC(345) Old regions: 535->471
[2166.181s][info][gc,heap        ] GC(345) Humongous regions: 80->80
[2166.181s][info][gc,metaspace   ] GC(345) Metaspace: 28899K(29184K)->28899K(29184K) NonClass: 24017K(24128K)->24017K(24128K) Class: 4882K(5056K)->4882K(5056K)
[2166.181s][info][gc             ] GC(345) Pause Young (Mixed) (G1 Evacuation Pause) 3670M->1320M(4096M) 135.967ms
[2166.181s][info][gc,cpu         ] GC(345) User=0.81s Sys=0.00s Real=0.14s
......[2171.787s][info][gc,start       ] GC(346) Pause Young (Concurrent Start) (G1 Evacuation Pause)
[2171.787s][info][gc,task        ] GC(346) Using 6 workers of 6 for evacuation
[2171.904s][info][gc,phases      ] GC(346)   Pre Evacuate Collection Set: 0.42ms
[2171.904s][info][gc,phases      ] GC(346)   Merge Heap Roots: 0.57ms
[2171.904s][info][gc,phases      ] GC(346)   Evacuate Collection Set: 114.90ms
[2171.904s][info][gc,phases      ] GC(346)   Post Evacuate Collection Set: 0.90ms
[2171.904s][info][gc,phases      ] GC(346)   Other: 0.10ms
[2171.904s][info][gc,heap        ] GC(346) Eden regions: 1118->0(1120)
[2171.904s][info][gc,heap        ] GC(346) Survivor regions: 110->108(154)
[2171.904s][info][gc,heap        ] GC(346) Old regions: 471->503
[2171.904s][info][gc,heap        ] GC(346) Humongous regions: 80->80
[2171.904s][info][gc,metaspace   ] GC(346) Metaspace: 28900K(29184K)->28900K(29184K) NonClass: 24018K(24128K)->24018K(24128K) Class: 4882K(5056K)->4882K(5056K)
[2171.904s][info][gc             ] GC(346) Pause Young (Concurrent Start) (G1 Evacuation Pause) 3556M->1381M(4096M) 117.020ms
[2171.904s][info][gc             ] GC(347) Concurrent Mark Cycle
[2171.904s][info][gc,marking     ] GC(347) Concurrent Scan Root Regions
[2171.904s][info][gc,cpu         ] GC(346) User=0.69s Sys=0.00s Real=0.12s
[2172.034s][info][gc,marking     ] GC(347) Concurrent Scan Root Regions 130.038ms
[2172.034s][info][gc,marking     ] GC(347) Concurrent Mark
[2172.034s][info][gc,marking     ] GC(347) Concurrent Mark From Roots
[2172.034s][info][gc,task        ] GC(347) Using 2 workers of 2 for marking
.[2172.643s][info][gc,marking     ] GC(347) Concurrent Mark From Roots 608.338ms
[2172.643s][info][gc,marking     ] GC(347) Concurrent Preclean
[2172.643s][info][gc,marking     ] GC(347) Concurrent Preclean 0.064ms
[2172.643s][info][gc,start       ] GC(347) Pause Remark
[2172.646s][info][gc             ] GC(347) Pause Remark 1740M->1740M(4096M) 3.322ms
[2172.646s][info][gc,cpu         ] GC(347) User=0.01s Sys=0.00s Real=0.00s
[2172.646s][info][gc,marking     ] GC(347) Concurrent Mark 611.981ms
[2172.646s][info][gc,marking     ] GC(347) Concurrent Rebuild Remembered Sets and Scrub Regions
[2172.885s][info][gc,marking     ] GC(347) Concurrent Rebuild Remembered Sets and Scrub Regions 238.501ms
[2172.885s][info][gc,start       ] GC(347) Pause Cleanup
[2172.885s][info][gc             ] GC(347) Pause Cleanup 1844M->1844M(4096M) 0.133ms
[2172.885s][info][gc,cpu         ] GC(347) User=0.00s Sys=0.00s Real=0.00s
[2172.885s][info][gc,marking     ] GC(347) Concurrent Clear Claimed Marks
[2172.885s][info][gc,marking     ] GC(347) Concurrent Clear Claimed Marks 0.040ms
[2172.885s][info][gc,marking     ] GC(347) Concurrent Cleanup for Next Mark
[2172.888s][info][gc,marking     ] GC(347) Concurrent Cleanup for Next Mark 3.340ms
[2172.888s][info][gc             ] GC(347) Concurrent Mark Cycle 984.388ms
.....[2177.566s][info][gc,start       ] GC(348) Pause Young (Prepare Mixed) (G1 Evacuation Pause)
[2177.566s][info][gc,task        ] GC(348) Using 6 workers of 6 for evacuation
[2177.688s][info][gc,phases      ] GC(348)   Pre Evacuate Collection Set: 0.38ms
[2177.688s][info][gc,phases      ] GC(348)   Merge Heap Roots: 0.71ms
[2177.688s][info][gc,phases      ] GC(348)   Evacuate Collection Set: 119.69ms
[2177.688s][info][gc,phases      ] GC(348)   Post Evacuate Collection Set: 0.97ms
[2177.688s][info][gc,phases      ] GC(348)   Other: 0.11ms
[2177.688s][info][gc,heap        ] GC(348) Eden regions: 1120->0(1107)
[2177.688s][info][gc,heap        ] GC(348) Survivor regions: 108->112(154)
[2177.688s][info][gc,heap        ] GC(348) Old regions: 503->534
[2177.688s][info][gc,heap        ] GC(348) Humongous regions: 80->80
[2177.688s][info][gc,metaspace   ] GC(348) Metaspace: 28900K(29184K)->28900K(29184K) NonClass: 24018K(24128K)->24018K(24128K) Class: 4882K(5056K)->4882K(5056K)
[2177.688s][info][gc             ] GC(348) Pause Young (Prepare Mixed) (G1 Evacuation Pause) 3621M->1450M(4096M) 122.016ms
[2177.688s][info][gc,cpu         ] GC(348) User=0.72s Sys=0.00s Real=0.13s
.... (rIR:aIR:PR = 3321:3321:3321) (tPR = 49329) [OK] 
  2181s: Performance info:
         Transaction,    Success,    Partial,     Failed,   Receipts, AvgBarcode, 
             Overall,     199576,          0,          0,     189607,      59.46, 
         Response times:
             Request,    Success,    Partial,     Failed,   SkipFail,     Probes,    Samples,      min,      p50,      p90,      p95,      p99,      max, 
       TotalPurchase,     189607,          0,          0,          0,     185822,     199245,      300,     2900,     4800,     6400,    34000,   184000,
     InStorePurchase,      99802,          0,          0,          0,      98049,     104753,      300,     2900,     4800,     6300,    34000,   143000,
      OnlinePurchase,      69831,          0,          0,          0,      68474,      73608,      400,     2900,     4900,     6400,    33000,   184000,
        InstPurchase,      19974,          0,          0,          0,      19299,      20884,      400,     2900,     4800,     6300,    35000,   184000,
          AssocOfCat,        199,          0,          0,          0,        150,        227,    21000,    32000,    40200,    49600,    79480,    86000,
      AssocOfProduct,       1994,          0,          0,          0,       1757,       2016,      400,     2300,     4200,     5415,    29660,    62000,
      BusinessReport,        499,          0,          0,          0,        425,        537,    26000,    37000,    51000,    73200,   176240,   193000,
          CustBuyBeh,       1999,          0,          0,          0,       1770,       2049,      500,     2300,     4400,     5500,    24500,   143000,
       ProductReturn,       5278,          0,          0,          0,       5002,       5609,      200,     3300,     5100,     6800,    38000,   142000,

  2181s: (25%)   IR =   3459 .[2183.150s][info][gc,start       ] GC(349) Pause Young (Mixed) (G1 Evacuation Pause)
[2183.150s][info][gc,task        ] GC(349) Using 6 workers of 6 for evacuation
[2183.289s][info][gc,phases      ] GC(349)   Pre Evacuate Collection Set: 0.40ms
[2183.289s][info][gc,phases      ] GC(349)   Merge Heap Roots: 0.90ms
[2183.289s][info][gc,phases      ] GC(349)   Evacuate Collection Set: 136.88ms
[2183.289s][info][gc,phases      ] GC(349)   Post Evacuate Collection Set: 1.03ms
[2183.289s][info][gc,phases      ] GC(349)   Other: 0.09ms
[2183.289s][info][gc,heap        ] GC(349) Eden regions: 1107->0(1117)
[2183.289s][info][gc,heap        ] GC(349) Survivor regions: 112->111(153)
[2183.289s][info][gc,heap        ] GC(349) Old regions: 534->470
[2183.289s][info][gc,heap        ] GC(349) Humongous regions: 80->80
[2183.289s][info][gc,metaspace   ] GC(349) Metaspace: 28900K(29184K)->28900K(29184K) NonClass: 24018K(24128K)->24018K(24128K) Class: 4882K(5056K)->4882K(5056K)
[2183.289s][info][gc             ] GC(349) Pause Young (Mixed) (G1 Evacuation Pause) 3664M->1319M(4096M) 139.465ms
[2183.289s][info][gc,cpu         ] GC(349) User=0.82s Sys=0.00s Real=0.14s
....|..[2188.519s][info][gc,start       ] GC(350) Pause Young (Concurrent Start) (G1 Evacuation Pause)
[2188.519s][info][gc,task        ] GC(350) Using 6 workers of 6 for evacuation
[2188.636s][info][gc,phases      ] GC(350)   Pre Evacuate Collection Set: 0.41ms
[2188.636s][info][gc,phases      ] GC(350)   Merge Heap Roots: 0.58ms
[2188.636s][info][gc,phases      ] GC(350)   Evacuate Collection Set: 115.08ms
[2188.636s][info][gc,phases      ] GC(350)   Post Evacuate Collection Set: 0.94ms
[2188.636s][info][gc,phases      ] GC(350)   Other: 0.12ms
[2188.636s][info][gc,heap        ] GC(350) Eden regions: 1117->0(1120)
[2188.636s][info][gc,heap        ] GC(350) Survivor regions: 111->108(154)
[2188.636s][info][gc,heap        ] GC(350) Old regions: 470->502
[2188.636s][info][gc,heap        ] GC(350) Humongous regions: 80->80
[2188.636s][info][gc,metaspace   ] GC(350) Metaspace: 28901K(29184K)->28901K(29184K) NonClass: 24019K(24128K)->24019K(24128K) Class: 4882K(5056K)->4882K(5056K)
[2188.636s][info][gc             ] GC(350) Pause Young (Concurrent Start) (G1 Evacuation Pause) 3553M->1377M(4096M) 117.250ms
[2188.637s][info][gc             ] GC(351) Concurrent Mark Cycle
[2188.637s][info][gc,marking     ] GC(351) Concurrent Scan Root Regions
[2188.637s][info][gc,cpu         ] GC(350) User=0.69s Sys=0.00s Real=0.11s
[2188.748s][info][gc,marking     ] GC(351) Concurrent Scan Root Regions 111.527ms
[2188.748s][info][gc,marking     ] GC(351) Concurrent Mark
[2188.748s][info][gc,marking     ] GC(351) Concurrent Mark From Roots
[2188.748s][info][gc,task        ] GC(351) Using 2 workers of 2 for marking
[2189.290s][info][gc,marking     ] GC(351) Concurrent Mark From Roots 542.012ms
[2189.290s][info][gc,marking     ] GC(351) Concurrent Preclean
[2189.290s][info][gc,marking     ] GC(351) Concurrent Preclean 0.062ms
[2189.291s][info][gc,start       ] GC(351) Pause Remark
[2189.294s][info][gc             ] GC(351) Pause Remark 1671M->1671M(4096M) 3.313ms
[2189.294s][info][gc,cpu         ] GC(351) User=0.02s Sys=0.00s Real=0.00s
[2189.295s][info][gc,marking     ] GC(351) Concurrent Mark 547.005ms
[2189.295s][info][gc,marking     ] GC(351) Concurrent Rebuild Remembered Sets and Scrub Regions
.[2189.521s][info][gc,marking     ] GC(351) Concurrent Rebuild Remembered Sets and Scrub Regions 225.422ms
[2189.521s][info][gc,start       ] GC(351) Pause Cleanup
[2189.521s][info][gc             ] GC(351) Pause Cleanup 1758M->1758M(4096M) 0.136ms
[2189.521s][info][gc,cpu         ] GC(351) User=0.00s Sys=0.00s Real=0.00s
[2189.521s][info][gc,marking     ] GC(351) Concurrent Clear Claimed Marks
[2189.521s][info][gc,marking     ] GC(351) Concurrent Clear Claimed Marks 0.029ms
[2189.521s][info][gc,marking     ] GC(351) Concurrent Cleanup for Next Mark
[2189.525s][info][gc,marking     ] GC(351) Concurrent Cleanup for Next Mark 3.566ms
[2189.525s][info][gc             ] GC(351) Concurrent Mark Cycle 888.081ms
....[2194.025s][info][gc,start       ] GC(352) Pause Young (Prepare Mixed) (G1 Evacuation Pause)
[2194.025s][info][gc,task        ] GC(352) Using 6 workers of 6 for evacuation
[2194.146s][info][gc,phases      ] GC(352)   Pre Evacuate Collection Set: 0.38ms
[2194.146s][info][gc,phases      ] GC(352)   Merge Heap Roots: 0.65ms
[2194.146s][info][gc,phases      ] GC(352)   Evacuate Collection Set: 118.54ms
[2194.146s][info][gc,phases      ] GC(352)   Post Evacuate Collection Set: 0.94ms
[2194.146s][info][gc,phases      ] GC(352)   Other: 0.09ms
[2194.146s][info][gc,heap        ] GC(352) Eden regions: 1120->0(1109)
[2194.146s][info][gc,heap        ] GC(352) Survivor regions: 108->111(154)
[2194.146s][info][gc,heap        ] GC(352) Old regions: 502->534
[2194.146s][info][gc,heap        ] GC(352) Humongous regions: 80->80
[2194.146s][info][gc,metaspace   ] GC(352) Metaspace: 28901K(29184K)->28901K(29184K) NonClass: 24019K(24128K)->24019K(24128K) Class: 4882K(5056K)->4882K(5056K)
[2194.146s][info][gc             ] GC(352) Pause Young (Prepare Mixed) (G1 Evacuation Pause) 3617M->1448M(4096M) 120.759ms
[2194.146s][info][gc,cpu         ] GC(352) User=0.71s Sys=0.00s Real=0.12s
......[2199.454s][info][gc,start       ] GC(353) Pause Young (Mixed) (G1 Evacuation Pause)
[2199.455s][info][gc,task        ] GC(353) Using 6 workers of 6 for evacuation
[2199.587s][info][gc,phases      ] GC(353)   Pre Evacuate Collection Set: 0.40ms
[2199.587s][info][gc,phases      ] GC(353)   Merge Heap Roots: 0.70ms
[2199.587s][info][gc,phases      ] GC(353)   Evacuate Collection Set: 130.07ms
[2199.587s][info][gc,phases      ] GC(353)   Post Evacuate Collection Set: 0.99ms
[2199.587s][info][gc,phases      ] GC(353)   Other: 0.09ms
[2199.587s][info][gc,heap        ] GC(353) Eden regions: 1109->0(1119)
[2199.587s][info][gc,heap        ] GC(353) Survivor regions: 111->109(153)
[2199.587s][info][gc,heap        ] GC(353) Old regions: 534->471
[2199.587s][info][gc,heap        ] GC(353) Humongous regions: 80->80
[2199.587s][info][gc,metaspace   ] GC(353) Metaspace: 28901K(29184K)->28901K(29184K) NonClass: 24019K(24128K)->24019K(24128K) Class: 4882K(5056K)->4882K(5056K)
[2199.587s][info][gc             ] GC(353) Pause Young (Mixed) (G1 Evacuation Pause) 3666M->1318M(4096M) 132.376ms
[2199.587s][info][gc,cpu         ] GC(353) User=0.78s Sys=0.00s Real=0.13s
.....[2204.974s][info][gc,start       ] GC(354) Pause Young (Concurrent Start) (G1 Evacuation Pause)
[2204.974s][info][gc,task        ] GC(354) Using 6 workers of 6 for evacuation
[2205.095s][info][gc,phases      ] GC(354)   Pre Evacuate Collection Set: 0.45ms
[2205.095s][info][gc,phases      ] GC(354)   Merge Heap Roots: 0.56ms
[2205.095s][info][gc,phases      ] GC(354)   Evacuate Collection Set: 118.43ms
[2205.095s][info][gc,phases      ] GC(354)   Post Evacuate Collection Set: 0.92ms
[2205.095s][info][gc,phases      ] GC(354)   Other: 0.13ms
[2205.095s][info][gc,heap        ] GC(354) Eden regions: 1119->0(1118)
[2205.095s][info][gc,heap        ] GC(354) Survivor regions: 109->110(154)
[2205.095s][info][gc,heap        ] GC(354) Old regions: 471->503
[2205.095s][info][gc,heap        ] GC(354) Humongous regions: 80->80
[2205.095s][info][gc,metaspace   ] GC(354) Metaspace: 28905K(29184K)->28905K(29184K) NonClass: 24023K(24128K)->24023K(24128K) Class: 4882K(5056K)->4882K(5056K)
[2205.095s][info][gc             ] GC(354) Pause Young (Concurrent Start) (G1 Evacuation Pause) 3556M->1384M(4096M) 120.633ms
[2205.095s][info][gc             ] GC(355) Concurrent Mark Cycle
[2205.095s][info][gc,marking     ] GC(355) Concurrent Scan Root Regions
[2205.095s][info][gc,cpu         ] GC(354) User=0.71s Sys=0.00s Real=0.12s
[2205.231s][info][gc,marking     ] GC(355) Concurrent Scan Root Regions 136.239ms
[2205.231s][info][gc,marking     ] GC(355) Concurrent Mark
[2205.231s][info][gc,marking     ] GC(355) Concurrent Mark From Roots
[2205.231s][info][gc,task        ] GC(355) Using 2 workers of 2 for marking
.[2205.856s][info][gc,marking     ] GC(355) Concurrent Mark From Roots 625.135ms
[2205.856s][info][gc,marking     ] GC(355) Concurrent Preclean
[2205.856s][info][gc,marking     ] GC(355) Concurrent Preclean 0.071ms
[2205.857s][info][gc,start       ] GC(355) Pause Remark
[2205.860s][info][gc             ] GC(355) Pause Remark 1767M->1767M(4096M) 3.426ms
[2205.860s][info][gc,cpu         ] GC(355) User=0.02s Sys=0.00s Real=0.01s
[2205.860s][info][gc,marking     ] GC(355) Concurrent Mark 628.901ms
[2205.860s][info][gc,marking     ] GC(355) Concurrent Rebuild Remembered Sets and Scrub Regions
[2206.135s][info][gc,marking     ] GC(355) Concurrent Rebuild Remembered Sets and Scrub Regions 274.528ms
[2206.135s][info][gc,start       ] GC(355) Pause Cleanup
[2206.135s][info][gc             ] GC(355) Pause Cleanup 1895M->1895M(4096M) 0.146ms
[2206.135s][info][gc,cpu         ] GC(355) User=0.00s Sys=0.00s Real=0.00s
[2206.135s][info][gc,marking     ] GC(355) Concurrent Clear Claimed Marks
[2206.135s][info][gc,marking     ] GC(355) Concurrent Clear Claimed Marks 0.038ms
[2206.135s][info][gc,marking     ] GC(355) Concurrent Cleanup for Next Mark
[2206.139s][info][gc,marking     ] GC(355) Concurrent Cleanup for Next Mark 3.429ms
[2206.139s][info][gc             ] GC(355) Concurrent Mark Cycle 1043.853ms
.....[2210.432s][info][gc,start       ] GC(356) Pause Young (Prepare Mixed) (G1 Evacuation Pause)
[2210.432s][info][gc,task        ] GC(356) Using 6 workers of 6 for evacuation
[2210.552s][info][gc,phases      ] GC(356)   Pre Evacuate Collection Set: 0.38ms
[2210.552s][info][gc,phases      ] GC(356)   Merge Heap Roots: 0.57ms
[2210.552s][info][gc,phases      ] GC(356)   Evacuate Collection Set: 117.97ms
[2210.552s][info][gc,phases      ] GC(356)   Post Evacuate Collection Set: 0.97ms
[2210.552s][info][gc,phases      ] GC(356)   Other: 0.08ms
[2210.552s][info][gc,heap        ] GC(356) Eden regions: 1118->0(1106)
[2210.552s][info][gc,heap        ] GC(356) Survivor regions: 110->112(154)
[2210.552s][info][gc,heap        ] GC(356) Old regions: 503->535
[2210.552s][info][gc,heap        ] GC(356) Humongous regions: 80->80
[2210.552s][info][gc,metaspace   ] GC(356) Metaspace: 28905K(29184K)->28905K(29184K) NonClass: 24023K(24128K)->24023K(24128K) Class: 4882K(5056K)->4882K(5056K)
[2210.552s][info][gc             ] GC(356) Pause Young (Prepare Mixed) (G1 Evacuation Pause) 3620M->1451M(4096M) 120.085ms
[2210.552s][info][gc,cpu         ] GC(356) User=0.71s Sys=0.01s Real=0.12s
.....[2215.839s][info][gc,start       ] GC(357) Pause Young (Mixed) (G1 Evacuation Pause)
[2215.839s][info][gc,task        ] GC(357) Using 6 workers of 6 for evacuation
[2215.972s][info][gc,phases      ] GC(357)   Pre Evacuate Collection Set: 0.39ms
[2215.972s][info][gc,phases      ] GC(357)   Merge Heap Roots: 0.80ms
[2215.972s][info][gc,phases      ] GC(357)   Evacuate Collection Set: 130.56ms
[2215.972s][info][gc,phases      ] GC(357)   Post Evacuate Collection Set: 0.97ms
[2215.972s][info][gc,phases      ] GC(357)   Other: 0.09ms
[2215.972s][info][gc,heap        ] GC(357) Eden regions: 1106->0(1120)
[2215.972s][info][gc,heap        ] GC(357) Survivor regions: 112->108(153)
[2215.972s][info][gc,heap        ] GC(357) Old regions: 535->470
[2215.972s][info][gc,heap        ] GC(357) Humongous regions: 80->80
[2215.972s][info][gc,metaspace   ] GC(357) Metaspace: 28905K(29184K)->28905K(29184K) NonClass: 24023K(24128K)->24023K(24128K) Class: 4882K(5056K)->4882K(5056K)
[2215.972s][info][gc             ] GC(357) Pause Young (Mixed) (G1 Evacuation Pause) 3663M->1314M(4096M) 132.975ms
[2215.972s][info][gc,cpu         ] GC(357) User=0.79s Sys=0.00s Real=0.13s
......[2221.349s][info][gc,start       ] GC(358) Pause Young (Concurrent Start) (G1 Evacuation Pause)
[2221.349s][info][gc,task        ] GC(358) Using 6 workers of 6 for evacuation
[2221.466s][info][gc,phases      ] GC(358)   Pre Evacuate Collection Set: 0.40ms
[2221.466s][info][gc,phases      ] GC(358)   Merge Heap Roots: 0.51ms
[2221.466s][info][gc,phases      ] GC(358)   Evacuate Collection Set: 114.96ms
[2221.466s][info][gc,phases      ] GC(358)   Post Evacuate Collection Set: 0.90ms
[2221.466s][info][gc,phases      ] GC(358)   Other: 0.11ms
[2221.466s][info][gc,heap        ] GC(358) Eden regions: 1120->0(1119)
[2221.466s][info][gc,heap        ] GC(358) Survivor regions: 108->109(154)
[2221.466s][info][gc,heap        ] GC(358) Old regions: 470->501
[2221.466s][info][gc,heap        ] GC(358) Humongous regions: 80->80
[2221.466s][info][gc,metaspace   ] GC(358) Metaspace: 28905K(29184K)->28905K(29184K) NonClass: 24023K(24128K)->24023K(24128K) Class: 4882K(5056K)->4882K(5056K)
[2221.466s][info][gc             ] GC(358) Pause Young (Concurrent Start) (G1 Evacuation Pause) 3554M->1378M(4096M) 116.992ms
[2221.466s][info][gc             ] GC(359) Concurrent Mark Cycle
[2221.466s][info][gc,marking     ] GC(359) Concurrent Scan Root Regions
[2221.466s][info][gc,cpu         ] GC(358) User=0.69s Sys=0.00s Real=0.11s
[2221.605s][info][gc,marking     ] GC(359) Concurrent Scan Root Regions 139.190ms
[2221.605s][info][gc,marking     ] GC(359) Concurrent Mark
[2221.605s][info][gc,marking     ] GC(359) Concurrent Mark From Roots
[2221.605s][info][gc,task        ] GC(359) Using 2 workers of 2 for marking
[2222.303s][info][gc,marking     ] GC(359) Concurrent Mark From Roots 697.703ms
[2222.303s][info][gc,marking     ] GC(359) Concurrent Preclean
[2222.303s][info][gc,marking     ] GC(359) Concurrent Preclean 0.047ms
[2222.303s][info][gc,start       ] GC(359) Pause Remark
[2222.307s][info][gc             ] GC(359) Pause Remark 1783M->1783M(4096M) 3.690ms
[2222.307s][info][gc,cpu         ] GC(359) User=0.02s Sys=0.00s Real=0.00s
[2222.307s][info][gc,marking     ] GC(359) Concurrent Mark 701.713ms
[2222.307s][info][gc,marking     ] GC(359) Concurrent Rebuild Remembered Sets and Scrub Regions
.[2222.569s][info][gc,marking     ] GC(359) Concurrent Rebuild Remembered Sets and Scrub Regions 262.142ms
[2222.569s][info][gc,start       ] GC(359) Pause Cleanup
[2222.569s][info][gc             ] GC(359) Pause Cleanup 1902M->1902M(4096M) 0.132ms
[2222.569s][info][gc,cpu         ] GC(359) User=0.00s Sys=0.00s Real=0.00s
[2222.569s][info][gc,marking     ] GC(359) Concurrent Clear Claimed Marks
[2222.569s][info][gc,marking     ] GC(359) Concurrent Clear Claimed Marks 0.034ms
[2222.569s][info][gc,marking     ] GC(359) Concurrent Cleanup for Next Mark
[2222.574s][info][gc,marking     ] GC(359) Concurrent Cleanup for Next Mark 4.220ms
[2222.574s][info][gc             ] GC(359) Concurrent Mark Cycle 1107.806ms
....[2226.818s][info][gc,start       ] GC(360) Pause Young (Prepare Mixed) (G1 Evacuation Pause)
[2226.818s][info][gc,task        ] GC(360) Using 6 workers of 6 for evacuation
[2226.934s][info][gc,phases      ] GC(360)   Pre Evacuate Collection Set: 0.35ms
[2226.934s][info][gc,phases      ] GC(360)   Merge Heap Roots: 0.56ms
[2226.934s][info][gc,phases      ] GC(360)   Evacuate Collection Set: 114.13ms
[2226.934s][info][gc,phases      ] GC(360)   Post Evacuate Collection Set: 0.96ms
[2226.934s][info][gc,phases      ] GC(360)   Other: 0.09ms
[2226.934s][info][gc,heap        ] GC(360) Eden regions: 1119->0(1116)
[2226.934s][info][gc,heap        ] GC(360) Survivor regions: 109->108(154)
[2226.934s][info][gc,heap        ] GC(360) Old regions: 501->533
[2226.934s][info][gc,heap        ] GC(360) Humongous regions: 80->80
[2226.934s][info][gc,metaspace   ] GC(360) Metaspace: 28905K(29184K)->28905K(29184K) NonClass: 24023K(24128K)->24023K(24128K) Class: 4882K(5056K)->4882K(5056K)
[2226.934s][info][gc             ] GC(360) Pause Young (Prepare Mixed) (G1 Evacuation Pause) 3616M->1440M(4096M) 116.220ms
[2226.934s][info][gc,cpu         ] GC(360) User=0.68s Sys=0.00s Real=0.12s
.....[2232.300s][info][gc,start       ] GC(361) Pause Young (Mixed) (G1 Evacuation Pause)
[2232.300s][info][gc,task        ] GC(361) Using 6 workers of 6 for evacuation
[2232.433s][info][gc,phases      ] GC(361)   Pre Evacuate Collection Set: 0.40ms
[2232.433s][info][gc,phases      ] GC(361)   Merge Heap Roots: 0.72ms
[2232.433s][info][gc,phases      ] GC(361)   Evacuate Collection Set: 130.91ms
[2232.433s][info][gc,phases      ] GC(361)   Post Evacuate Collection Set: 0.95ms
[2232.433s][info][gc,phases      ] GC(361)   Other: 0.10ms
[2232.433s][info][gc,heap        ] GC(361) Eden regions: 1116->0(1119)
[2232.433s][info][gc,heap        ] GC(361) Survivor regions: 108->109(153)
[2232.433s][info][gc,heap        ] GC(361) Old regions: 533->471
[2232.433s][info][gc,heap        ] GC(361) Humongous regions: 80->80
[2232.433s][info][gc,metaspace   ] GC(361) Metaspace: 28905K(29184K)->28905K(29184K) NonClass: 24023K(24128K)->24023K(24128K) Class: 4882K(5056K)->4882K(5056K)
[2232.433s][info][gc             ] GC(361) Pause Young (Mixed) (G1 Evacuation Pause) 3672M->1317M(4096M) 133.208ms
[2232.433s][info][gc,cpu         ] GC(361) User=0.79s Sys=0.00s Real=0.13s
......[2237.823s][info][gc,start       ] GC(362) Pause Young (Concurrent Start) (G1 Evacuation Pause)
[2237.823s][info][gc,task        ] GC(362) Using 6 workers of 6 for evacuation
[2237.943s][info][gc,phases      ] GC(362)   Pre Evacuate Collection Set: 0.40ms
[2237.943s][info][gc,phases      ] GC(362)   Merge Heap Roots: 0.57ms
[2237.943s][info][gc,phases      ] GC(362)   Evacuate Collection Set: 117.46ms
[2237.943s][info][gc,phases      ] GC(362)   Post Evacuate Collection Set: 0.91ms
[2237.943s][info][gc,phases      ] GC(362)   Other: 0.11ms
[2237.943s][info][gc,heap        ] GC(362) Eden regions: 1119->0(1117)
[2237.943s][info][gc,heap        ] GC(362) Survivor regions: 109->111(154)
[2237.943s][info][gc,heap        ] GC(362) Old regions: 471->502
[2237.943s][info][gc,heap        ] GC(362) Humongous regions: 80->80
[2237.943s][info][gc,metaspace   ] GC(362) Metaspace: 28905K(29184K)->28905K(29184K) NonClass: 24023K(24128K)->24023K(24128K) Class: 4882K(5056K)->4882K(5056K)
[2237.943s][info][gc             ] GC(362) Pause Young (Concurrent Start) (G1 Evacuation Pause) 3555M->1384M(4096M) 119.607ms
[2237.943s][info][gc             ] GC(363) Concurrent Mark Cycle
[2237.943s][info][gc,marking     ] GC(363) Concurrent Scan Root Regions
[2237.943s][info][gc,cpu         ] GC(362) User=0.70s Sys=0.00s Real=0.12s
[2238.109s][info][gc,marking     ] GC(363) Concurrent Scan Root Regions 166.204ms
[2238.109s][info][gc,marking     ] GC(363) Concurrent Mark
[2238.109s][info][gc,marking     ] GC(363) Concurrent Mark From Roots
[2238.109s][info][gc,task        ] GC(363) Using 2 workers of 2 for marking
.[2238.771s][info][gc,marking     ] GC(363) Concurrent Mark From Roots 661.929ms
[2238.771s][info][gc,marking     ] GC(363) Concurrent Preclean
[2238.771s][info][gc,marking     ] GC(363) Concurrent Preclean 0.063ms
[2238.771s][info][gc,start       ] GC(363) Pause Remark
[2238.775s][info][gc             ] GC(363) Pause Remark 1768M->1768M(4096M) 3.516ms
[2238.775s][info][gc,cpu         ] GC(363) User=0.01s Sys=0.00s Real=0.00s
[2238.775s][info][gc,marking     ] GC(363) Concurrent Mark 665.804ms
[2238.775s][info][gc,marking     ] GC(363) Concurrent Rebuild Remembered Sets and Scrub Regions
[2239.067s][info][gc,marking     ] GC(363) Concurrent Rebuild Remembered Sets and Scrub Regions 292.315ms
[2239.068s][info][gc,start       ] GC(363) Pause Cleanup
[2239.068s][info][gc             ] GC(363) Pause Cleanup 1882M->1882M(4096M) 0.139ms
[2239.068s][info][gc,cpu         ] GC(363) User=0.00s Sys=0.00s Real=0.00s
[2239.068s][info][gc,marking     ] GC(363) Concurrent Clear Claimed Marks
[2239.068s][info][gc,marking     ] GC(363) Concurrent Clear Claimed Marks 0.033ms
[2239.068s][info][gc,marking     ] GC(363) Concurrent Cleanup for Next Mark
[2239.072s][info][gc,marking     ] GC(363) Concurrent Cleanup for Next Mark 3.877ms
[2239.072s][info][gc             ] GC(363) Concurrent Mark Cycle 1128.907ms
....[2243.140s][info][gc,start       ] GC(364) Pause Young (Prepare Mixed) (G1 Evacuation Pause)
[2243.140s][info][gc,task        ] GC(364) Using 6 workers of 6 for evacuation
[2243.257s][info][gc,phases      ] GC(364)   Pre Evacuate Collection Set: 0.37ms
[2243.257s][info][gc,phases      ] GC(364)   Merge Heap Roots: 0.62ms
[2243.257s][info][gc,phases      ] GC(364)   Evacuate Collection Set: 115.02ms
[2243.257s][info][gc,phases      ] GC(364)   Post Evacuate Collection Set: 0.97ms
[2243.257s][info][gc,phases      ] GC(364)   Other: 0.09ms
[2243.257s][info][gc,heap        ] GC(364) Eden regions: 1117->0(1114)
[2243.257s][info][gc,heap        ] GC(364) Survivor regions: 111->108(154)
[2243.257s][info][gc,heap        ] GC(364) Old regions: 502->535
[2243.257s][info][gc,heap        ] GC(364) Humongous regions: 80->80
[2243.257s][info][gc,metaspace   ] GC(364) Metaspace: 28905K(29184K)->28905K(29184K) NonClass: 24023K(24128K)->24023K(24128K) Class: 4882K(5056K)->4882K(5056K)
[2243.257s][info][gc             ] GC(364) Pause Young (Prepare Mixed) (G1 Evacuation Pause) 3618M->1445M(4096M) 117.214ms
[2243.257s][info][gc,cpu         ] GC(364) User=0.70s Sys=0.00s Real=0.11s
.... (rIR:aIR:PR = 3459:3459:3459) (tPR = 51509) [OK] 
  2246s: Performance info:
         Transaction,    Success,    Partial,     Failed,   Receipts, AvgBarcode, 
             Overall,     208096,          0,          0,     197682,      59.47, 
         Response times:
             Request,    Success,    Partial,     Failed,   SkipFail,     Probes,    Samples,      min,      p50,      p90,      p95,      p99,      max, 
       TotalPurchase,     197688,          0,          0,          0,     194240,     210657,      300,     3000,     5000,     6600,    28000,   149000,
     InStorePurchase,     104036,          0,          0,          0,     102477,     110918,      300,     2900,     5000,     6600,    29000,   149000,
      OnlinePurchase,      72857,          0,          0,          0,      71606,      77554,      300,     3100,     5100,     6700,    28000,   148000,
        InstPurchase,      20795,          0,          0,          0,      20157,      22185,      400,     3000,     5100,     6700,    27000,   145000,
          AssocOfCat,        209,          0,          0,          0,        157,        220,    18900,    32000,    43000,    52000,   165110,   181000,
      AssocOfProduct,       2081,          0,          0,          0,       1895,       2178,      500,     4000,     5700,     8000,    36000,   138000,
      BusinessReport,        521,          0,          0,          0,        417,        533,    25000,    37000,    54600,    64600,   154940,   220000,
          CustBuyBeh,       2080,          0,          0,          0,       1904,       2199,      200,     3700,     5500,     7600,    36000,   144000,
       ProductReturn,       5520,          0,          0,          0,       5240,       5912,      300,     3200,     5200,     6700,    32000,   138000,

  2246s: (26%)   IR =   3598 .[2248.460s][info][gc,start       ] GC(365) Pause Young (Mixed) (G1 Evacuation Pause)
[2248.460s][info][gc,task        ] GC(365) Using 6 workers of 6 for evacuation
[2248.593s][info][gc,phases      ] GC(365)   Pre Evacuate Collection Set: 0.39ms
[2248.593s][info][gc,phases      ] GC(365)   Merge Heap Roots: 0.81ms
[2248.593s][info][gc,phases      ] GC(365)   Evacuate Collection Set: 131.07ms
[2248.593s][info][gc,phases      ] GC(365)   Post Evacuate Collection Set: 0.99ms
[2248.593s][info][gc,phases      ] GC(365)   Other: 0.09ms
[2248.593s][info][gc,heap        ] GC(365) Eden regions: 1114->0(1121)
[2248.593s][info][gc,heap        ] GC(365) Survivor regions: 108->107(153)
[2248.593s][info][gc,heap        ] GC(365) Old regions: 535->472
[2248.593s][info][gc,heap        ] GC(365) Humongous regions: 80->80
[2248.593s][info][gc,metaspace   ] GC(365) Metaspace: 28913K(29248K)->28913K(29248K) NonClass: 24031K(24192K)->24031K(24192K) Class: 4882K(5056K)->4882K(5056K)
[2248.593s][info][gc             ] GC(365) Pause Young (Mixed) (G1 Evacuation Pause) 3673M->1317M(4096M) 133.482ms
[2248.593s][info][gc,cpu         ] GC(365) User=0.79s Sys=0.00s Real=0.13s
.....|.[2253.798s][info][gc,start       ] GC(366) Pause Young (Concurrent Start) (G1 Evacuation Pause)
[2253.798s][info][gc,task        ] GC(366) Using 6 workers of 6 for evacuation
[2253.919s][info][gc,phases      ] GC(366)   Pre Evacuate Collection Set: 0.45ms
[2253.919s][info][gc,phases      ] GC(366)   Merge Heap Roots: 0.58ms
[2253.919s][info][gc,phases      ] GC(366)   Evacuate Collection Set: 119.02ms
[2253.919s][info][gc,phases      ] GC(366)   Post Evacuate Collection Set: 0.93ms
[2253.919s][info][gc,phases      ] GC(366)   Other: 0.11ms
[2253.919s][info][gc,heap        ] GC(366) Eden regions: 1121->0(1117)
[2253.919s][info][gc,heap        ] GC(366) Survivor regions: 107->111(154)
[2253.919s][info][gc,heap        ] GC(366) Old regions: 472->503
[2253.919s][info][gc,heap        ] GC(366) Humongous regions: 80->80
[2253.919s][info][gc,metaspace   ] GC(366) Metaspace: 28913K(29248K)->28913K(29248K) NonClass: 24031K(24192K)->24031K(24192K) Class: 4882K(5056K)->4882K(5056K)
[2253.919s][info][gc             ] GC(366) Pause Young (Concurrent Start) (G1 Evacuation Pause) 3559M->1387M(4096M) 121.228ms
[2253.919s][info][gc             ] GC(367) Concurrent Mark Cycle
[2253.919s][info][gc,marking     ] GC(367) Concurrent Scan Root Regions
[2253.919s][info][gc,cpu         ] GC(366) User=0.71s Sys=0.00s Real=0.13s
[2254.091s][info][gc,marking     ] GC(367) Concurrent Scan Root Regions 171.531ms
[2254.091s][info][gc,marking     ] GC(367) Concurrent Mark
[2254.091s][info][gc,marking     ] GC(367) Concurrent Mark From Roots
[2254.091s][info][gc,task        ] GC(367) Using 2 workers of 2 for marking
.[2254.788s][info][gc,marking     ] GC(367) Concurrent Mark From Roots 697.470ms
[2254.788s][info][gc,marking     ] GC(367) Concurrent Preclean
[2254.788s][info][gc,marking     ] GC(367) Concurrent Preclean 0.073ms
[2254.788s][info][gc,start       ] GC(367) Pause Remark
[2254.792s][info][gc             ] GC(367) Pause Remark 1826M->1826M(4096M) 3.561ms
[2254.792s][info][gc,cpu         ] GC(367) User=0.02s Sys=0.00s Real=0.00s
[2254.792s][info][gc,marking     ] GC(367) Concurrent Mark 701.365ms
[2254.792s][info][gc,marking     ] GC(367) Concurrent Rebuild Remembered Sets and Scrub Regions
[2255.036s][info][gc,marking     ] GC(367) Concurrent Rebuild Remembered Sets and Scrub Regions 243.982ms
[2255.036s][info][gc,start       ] GC(367) Pause Cleanup
[2255.036s][info][gc             ] GC(367) Pause Cleanup 1916M->1916M(4096M) 0.137ms
[2255.036s][info][gc,cpu         ] GC(367) User=0.00s Sys=0.00s Real=0.00s
[2255.037s][info][gc,marking     ] GC(367) Concurrent Clear Claimed Marks
[2255.037s][info][gc,marking     ] GC(367) Concurrent Clear Claimed Marks 0.033ms
[2255.037s][info][gc,marking     ] GC(367) Concurrent Cleanup for Next Mark
[2255.040s][info][gc,marking     ] GC(367) Concurrent Cleanup for Next Mark 3.209ms
[2255.040s][info][gc             ] GC(367) Concurrent Mark Cycle 1120.620ms
....[2259.041s][info][gc,start       ] GC(368) Pause Young (Prepare Mixed) (G1 Evacuation Pause)
[2259.041s][info][gc,task        ] GC(368) Using 6 workers of 6 for evacuation
[2259.158s][info][gc,phases      ] GC(368)   Pre Evacuate Collection Set: 0.36ms
[2259.158s][info][gc,phases      ] GC(368)   Merge Heap Roots: 0.54ms
[2259.158s][info][gc,phases      ] GC(368)   Evacuate Collection Set: 115.12ms
[2259.158s][info][gc,phases      ] GC(368)   Post Evacuate Collection Set: 0.94ms
[2259.158s][info][gc,phases      ] GC(368)   Other: 0.09ms
[2259.158s][info][gc,heap        ] GC(368) Eden regions: 1117->0(1113)
[2259.158s][info][gc,heap        ] GC(368) Survivor regions: 111->109(154)
[2259.158s][info][gc,heap        ] GC(368) Old regions: 503->534
[2259.158s][info][gc,heap        ] GC(368) Humongous regions: 80->80
[2259.158s][info][gc,metaspace   ] GC(368) Metaspace: 28913K(29248K)->28913K(29248K) NonClass: 24031K(24192K)->24031K(24192K) Class: 4882K(5056K)->4882K(5056K)
[2259.158s][info][gc             ] GC(368) Pause Young (Prepare Mixed) (G1 Evacuation Pause) 3621M->1444M(4096M) 117.165ms
[2259.158s][info][gc,cpu         ] GC(368) User=0.69s Sys=0.00s Real=0.11s
.....[2264.350s][info][gc,start       ] GC(369) Pause Young (Mixed) (G1 Evacuation Pause)
[2264.350s][info][gc,task        ] GC(369) Using 6 workers of 6 for evacuation
[2264.488s][info][gc,phases      ] GC(369)   Pre Evacuate Collection Set: 0.39ms
[2264.488s][info][gc,phases      ] GC(369)   Merge Heap Roots: 0.89ms
[2264.488s][info][gc,phases      ] GC(369)   Evacuate Collection Set: 135.47ms
[2264.488s][info][gc,phases      ] GC(369)   Post Evacuate Collection Set: 0.99ms
[2264.488s][info][gc,phases      ] GC(369)   Other: 0.09ms
[2264.488s][info][gc,heap        ] GC(369) Eden regions: 1113->0(1117)
[2264.488s][info][gc,heap        ] GC(369) Survivor regions: 109->111(153)
[2264.488s][info][gc,heap        ] GC(369) Old regions: 534->469
[2264.488s][info][gc,heap        ] GC(369) Humongous regions: 80->80
[2264.488s][info][gc,metaspace   ] GC(369) Metaspace: 28913K(29248K)->28913K(29248K) NonClass: 24031K(24192K)->24031K(24192K) Class: 4882K(5056K)->4882K(5056K)
[2264.488s][info][gc             ] GC(369) Pause Young (Mixed) (G1 Evacuation Pause) 3670M->1319M(4096M) 137.977ms
[2264.488s][info][gc,cpu         ] GC(369) User=0.82s Sys=0.00s Real=0.13s
.....[2269.595s][info][gc,start       ] GC(370) Pause Young (Concurrent Start) (G1 Evacuation Pause)
[2269.595s][info][gc,task        ] GC(370) Using 6 workers of 6 for evacuation
[2269.714s][info][gc,phases      ] GC(370)   Pre Evacuate Collection Set: 0.40ms
[2269.714s][info][gc,phases      ] GC(370)   Merge Heap Roots: 0.57ms
[2269.714s][info][gc,phases      ] GC(370)   Evacuate Collection Set: 116.64ms
[2269.714s][info][gc,phases      ] GC(370)   Post Evacuate Collection Set: 0.91ms
[2269.714s][info][gc,phases      ] GC(370)   Other: 0.12ms
[2269.714s][info][gc,heap        ] GC(370) Eden regions: 1117->0(1118)
[2269.714s][info][gc,heap        ] GC(370) Survivor regions: 111->110(154)
[2269.714s][info][gc,heap        ] GC(370) Old regions: 469->501
[2269.714s][info][gc,heap        ] GC(370) Humongous regions: 80->80
[2269.714s][info][gc,metaspace   ] GC(370) Metaspace: 28913K(29248K)->28913K(29248K) NonClass: 24031K(24192K)->24031K(24192K) Class: 4882K(5056K)->4882K(5056K)
[2269.714s][info][gc             ] GC(370) Pause Young (Concurrent Start) (G1 Evacuation Pause) 3553M->1380M(4096M) 118.787ms
[2269.714s][info][gc             ] GC(371) Concurrent Mark Cycle
[2269.714s][info][gc,marking     ] GC(371) Concurrent Scan Root Regions
[2269.714s][info][gc,cpu         ] GC(370) User=0.71s Sys=0.00s Real=0.12s
.[2269.843s][info][gc,marking     ] GC(371) Concurrent Scan Root Regions 128.829ms
[2269.843s][info][gc,marking     ] GC(371) Concurrent Mark
[2269.843s][info][gc,marking     ] GC(371) Concurrent Mark From Roots
[2269.843s][info][gc,task        ] GC(371) Using 2 workers of 2 for marking
[2270.479s][info][gc,marking     ] GC(371) Concurrent Mark From Roots 635.868ms
[2270.479s][info][gc,marking     ] GC(371) Concurrent Preclean
[2270.479s][info][gc,marking     ] GC(371) Concurrent Preclean 0.086ms
[2270.480s][info][gc,start       ] GC(371) Pause Remark
[2270.483s][info][gc             ] GC(371) Pause Remark 1766M->1766M(4096M) 3.122ms
[2270.483s][info][gc,cpu         ] GC(371) User=0.01s Sys=0.00s Real=0.00s
[2270.484s][info][gc,marking     ] GC(371) Concurrent Mark 640.859ms
[2270.484s][info][gc,marking     ] GC(371) Concurrent Rebuild Remembered Sets and Scrub Regions
[2270.714s][info][gc,marking     ] GC(371) Concurrent Rebuild Remembered Sets and Scrub Regions 230.043ms
[2270.714s][info][gc,start       ] GC(371) Pause Cleanup
[2270.715s][info][gc             ] GC(371) Pause Cleanup 1864M->1864M(4096M) 0.884ms
[2270.715s][info][gc,cpu         ] GC(371) User=0.00s Sys=0.00s Real=0.00s
[2270.715s][info][gc,marking     ] GC(371) Concurrent Clear Claimed Marks
[2270.715s][info][gc,marking     ] GC(371) Concurrent Clear Claimed Marks 0.041ms
[2270.715s][info][gc,marking     ] GC(371) Concurrent Cleanup for Next Mark
[2270.719s][info][gc,marking     ] GC(371) Concurrent Cleanup for Next Mark 3.897ms
[2270.719s][info][gc             ] GC(371) Concurrent Mark Cycle 1005.014ms
.....[2274.837s][info][gc,start       ] GC(372) Pause Young (Prepare Mixed) (G1 Evacuation Pause)
[2274.837s][info][gc,task        ] GC(372) Using 6 workers of 6 for evacuation
[2274.956s][info][gc,phases      ] GC(372)   Pre Evacuate Collection Set: 0.34ms
[2274.956s][info][gc,phases      ] GC(372)   Merge Heap Roots: 0.64ms
[2274.956s][info][gc,phases      ] GC(372)   Evacuate Collection Set: 117.04ms
[2274.956s][info][gc,phases      ] GC(372)   Post Evacuate Collection Set: 0.94ms
[2274.956s][info][gc,phases      ] GC(372)   Other: 0.09ms
[2274.956s][info][gc,heap        ] GC(372) Eden regions: 1118->0(1114)
[2274.956s][info][gc,heap        ] GC(372) Survivor regions: 110->109(154)
[2274.956s][info][gc,heap        ] GC(372) Old regions: 501->533
[2274.956s][info][gc,heap        ] GC(372) Humongous regions: 80->80
[2274.956s][info][gc,metaspace   ] GC(372) Metaspace: 28913K(29248K)->28913K(29248K) NonClass: 24031K(24192K)->24031K(24192K) Class: 4882K(5056K)->4882K(5056K)
[2274.956s][info][gc             ] GC(372) Pause Young (Prepare Mixed) (G1 Evacuation Pause) 3616M->1442M(4096M) 119.181ms
[2274.956s][info][gc,cpu         ] GC(372) User=0.71s Sys=0.00s Real=0.12s
.....[2280.062s][info][gc,start       ] GC(373) Pause Young (Mixed) (G1 Evacuation Pause)
[2280.062s][info][gc,task        ] GC(373) Using 6 workers of 6 for evacuation
[2280.201s][info][gc,phases      ] GC(373)   Pre Evacuate Collection Set: 0.42ms
[2280.201s][info][gc,phases      ] GC(373)   Merge Heap Roots: 0.80ms
[2280.201s][info][gc,phases      ] GC(373)   Evacuate Collection Set: 136.77ms
[2280.201s][info][gc,phases      ] GC(373)   Post Evacuate Collection Set: 0.98ms
[2280.201s][info][gc,phases      ] GC(373)   Other: 0.10ms
[2280.201s][info][gc,heap        ] GC(373) Eden regions: 1114->0(1120)
[2280.201s][info][gc,heap        ] GC(373) Survivor regions: 109->108(153)
[2280.201s][info][gc,heap        ] GC(373) Old regions: 533->471
[2280.201s][info][gc,heap        ] GC(373) Humongous regions: 80->80
[2280.201s][info][gc,metaspace   ] GC(373) Metaspace: 28913K(29248K)->28913K(29248K) NonClass: 24031K(24192K)->24031K(24192K) Class: 4882K(5056K)->4882K(5056K)
[2280.201s][info][gc             ] GC(373) Pause Young (Mixed) (G1 Evacuation Pause) 3670M->1315M(4096M) 139.193ms
[2280.201s][info][gc,cpu         ] GC(373) User=0.82s Sys=0.00s Real=0.14s
.....[2285.366s][info][gc,start       ] GC(374) Pause Young (Concurrent Start) (G1 Evacuation Pause)
[2285.366s][info][gc,task        ] GC(374) Using 6 workers of 6 for evacuation
[2285.482s][info][gc,phases      ] GC(374)   Pre Evacuate Collection Set: 0.43ms
[2285.482s][info][gc,phases      ] GC(374)   Merge Heap Roots: 0.56ms
[2285.482s][info][gc,phases      ] GC(374)   Evacuate Collection Set: 114.60ms
[2285.482s][info][gc,phases      ] GC(374)   Post Evacuate Collection Set: 0.92ms
[2285.482s][info][gc,phases      ] GC(374)   Other: 0.13ms
[2285.482s][info][gc,heap        ] GC(374) Eden regions: 1120->0(1119)
[2285.482s][info][gc,heap        ] GC(374) Survivor regions: 108->109(154)
[2285.482s][info][gc,heap        ] GC(374) Old regions: 471->503
[2285.483s][info][gc,heap        ] GC(374) Humongous regions: 80->80
[2285.483s][info][gc,metaspace   ] GC(374) Metaspace: 28913K(29248K)->28913K(29248K) NonClass: 24031K(24192K)->24031K(24192K) Class: 4882K(5056K)->4882K(5056K)
[2285.483s][info][gc             ] GC(374) Pause Young (Concurrent Start) (G1 Evacuation Pause) 3555M->1382M(4096M) 116.778ms
[2285.483s][info][gc             ] GC(375) Concurrent Mark Cycle
[2285.483s][info][gc,marking     ] GC(375) Concurrent Scan Root Regions
[2285.483s][info][gc,cpu         ] GC(374) User=0.69s Sys=0.00s Real=0.12s
[2285.613s][info][gc,marking     ] GC(375) Concurrent Scan Root Regions 130.283ms
[2285.613s][info][gc,marking     ] GC(375) Concurrent Mark
[2285.613s][info][gc,marking     ] GC(375) Concurrent Mark From Roots
[2285.613s][info][gc,task        ] GC(375) Using 2 workers of 2 for marking
.[2286.222s][info][gc,marking     ] GC(375) Concurrent Mark From Roots 608.741ms
[2286.222s][info][gc,marking     ] GC(375) Concurrent Preclean
[2286.222s][info][gc,marking     ] GC(375) Concurrent Preclean 0.054ms
[2286.222s][info][gc,start       ] GC(375) Pause Remark
[2286.225s][info][gc             ] GC(375) Pause Remark 1730M->1730M(4096M) 2.747ms
[2286.225s][info][gc,cpu         ] GC(375) User=0.01s Sys=0.00s Real=0.00s
[2286.225s][info][gc,marking     ] GC(375) Concurrent Mark 611.786ms
[2286.225s][info][gc,marking     ] GC(375) Concurrent Rebuild Remembered Sets and Scrub Regions
[2286.455s][info][gc,marking     ] GC(375) Concurrent Rebuild Remembered Sets and Scrub Regions 230.117ms
[2286.455s][info][gc,start       ] GC(375) Pause Cleanup
[2286.455s][info][gc             ] GC(375) Pause Cleanup 1841M->1841M(4096M) 0.131ms
[2286.455s][info][gc,cpu         ] GC(375) User=0.00s Sys=0.00s Real=0.00s
[2286.455s][info][gc,marking     ] GC(375) Concurrent Clear Claimed Marks
[2286.455s][info][gc,marking     ] GC(375) Concurrent Clear Claimed Marks 0.026ms
[2286.455s][info][gc,marking     ] GC(375) Concurrent Cleanup for Next Mark
[2286.458s][info][gc,marking     ] GC(375) Concurrent Cleanup for Next Mark 3.250ms
[2286.458s][info][gc             ] GC(375) Concurrent Mark Cycle 975.924ms
....[2290.626s][info][gc,start       ] GC(376) Pause Young (Prepare Mixed) (G1 Evacuation Pause)
[2290.626s][info][gc,task        ] GC(376) Using 6 workers of 6 for evacuation
[2290.743s][info][gc,phases      ] GC(376)   Pre Evacuate Collection Set: 0.37ms
[2290.743s][info][gc,phases      ] GC(376)   Merge Heap Roots: 0.68ms
[2290.743s][info][gc,phases      ] GC(376)   Evacuate Collection Set: 115.44ms
[2290.743s][info][gc,phases      ] GC(376)   Post Evacuate Collection Set: 0.95ms
[2290.743s][info][gc,phases      ] GC(376)   Other: 0.11ms
[2290.743s][info][gc,heap        ] GC(376) Eden regions: 1119->0(1115)
[2290.743s][info][gc,heap        ] GC(376) Survivor regions: 109->108(154)
[2290.743s][info][gc,heap        ] GC(376) Old regions: 503->534
[2290.743s][info][gc,heap        ] GC(376) Humongous regions: 80->80
[2290.743s][info][gc,metaspace   ] GC(376) Metaspace: 28913K(29248K)->28913K(29248K) NonClass: 24031K(24192K)->24031K(24192K) Class: 4882K(5056K)->4882K(5056K)
[2290.743s][info][gc             ] GC(376) Pause Young (Prepare Mixed) (G1 Evacuation Pause) 3620M->1442M(4096M) 117.706ms
[2290.744s][info][gc,cpu         ] GC(376) User=0.69s Sys=0.00s Real=0.12s
......[2295.933s][info][gc,start       ] GC(377) Pause Young (Mixed) (G1 Evacuation Pause)
[2295.933s][info][gc,task        ] GC(377) Using 6 workers of 6 for evacuation
[2296.070s][info][gc,phases      ] GC(377)   Pre Evacuate Collection Set: 0.40ms
[2296.070s][info][gc,phases      ] GC(377)   Merge Heap Roots: 0.85ms
[2296.070s][info][gc,phases      ] GC(377)   Evacuate Collection Set: 134.37ms
[2296.070s][info][gc,phases      ] GC(377)   Post Evacuate Collection Set: 0.96ms
[2296.070s][info][gc,phases      ] GC(377)   Other: 0.09ms
[2296.070s][info][gc,heap        ] GC(377) Eden regions: 1115->0(1119)
[2296.070s][info][gc,heap        ] GC(377) Survivor regions: 108->109(153)
[2296.070s][info][gc,heap        ] GC(377) Old regions: 534->470
[2296.070s][info][gc,heap        ] GC(377) Humongous regions: 80->80
[2296.070s][info][gc,metaspace   ] GC(377) Metaspace: 28913K(29248K)->28913K(29248K) NonClass: 24031K(24192K)->24031K(24192K) Class: 4882K(5056K)->4882K(5056K)
[2296.070s][info][gc             ] GC(377) Pause Young (Mixed) (G1 Evacuation Pause) 3672M->1317M(4096M) 136.798ms
[2296.070s][info][gc,cpu         ] GC(377) User=0.81s Sys=0.00s Real=0.14s
.....[2301.112s][info][gc,start       ] GC(378) Pause Young (Concurrent Start) (G1 Evacuation Pause)
[2301.112s][info][gc,task        ] GC(378) Using 6 workers of 6 for evacuation
[2301.231s][info][gc,phases      ] GC(378)   Pre Evacuate Collection Set: 0.47ms
[2301.231s][info][gc,phases      ] GC(378)   Merge Heap Roots: 0.64ms
[2301.231s][info][gc,phases      ] GC(378)   Evacuate Collection Set: 116.52ms
[2301.231s][info][gc,phases      ] GC(378)   Post Evacuate Collection Set: 0.92ms
[2301.231s][info][gc,phases      ] GC(378)   Other: 0.11ms
[2301.231s][info][gc,heap        ] GC(378) Eden regions: 1119->0(1119)
[2301.231s][info][gc,heap        ] GC(378) Survivor regions: 109->109(154)
[2301.231s][info][gc,heap        ] GC(378) Old regions: 470->503
[2301.231s][info][gc,heap        ] GC(378) Humongous regions: 80->80
[2301.231s][info][gc,metaspace   ] GC(378) Metaspace: 28913K(29248K)->28913K(29248K) NonClass: 24031K(24192K)->24031K(24192K) Class: 4882K(5056K)->4882K(5056K)
[2301.231s][info][gc             ] GC(378) Pause Young (Concurrent Start) (G1 Evacuation Pause) 3555M->1383M(4096M) 118.810ms
[2301.231s][info][gc             ] GC(379) Concurrent Mark Cycle
[2301.231s][info][gc,marking     ] GC(379) Concurrent Scan Root Regions
[2301.231s][info][gc,cpu         ] GC(378) User=0.70s Sys=0.00s Real=0.12s
[2301.366s][info][gc,marking     ] GC(379) Concurrent Scan Root Regions 134.462ms
[2301.366s][info][gc,marking     ] GC(379) Concurrent Mark
[2301.366s][info][gc,marking     ] GC(379) Concurrent Mark From Roots
[2301.366s][info][gc,task        ] GC(379) Using 2 workers of 2 for marking
.[2301.992s][info][gc,marking     ] GC(379) Concurrent Mark From Roots 625.904ms
[2301.992s][info][gc,marking     ] GC(379) Concurrent Preclean
[2301.992s][info][gc,marking     ] GC(379) Concurrent Preclean 0.093ms
[2301.992s][info][gc,start       ] GC(379) Pause Remark
[2301.995s][info][gc             ] GC(379) Pause Remark 1759M->1759M(4096M) 3.386ms
[2301.995s][info][gc,cpu         ] GC(379) User=0.02s Sys=0.00s Real=0.00s
[2301.996s][info][gc,marking     ] GC(379) Concurrent Mark 630.243ms
[2301.996s][info][gc,marking     ] GC(379) Concurrent Rebuild Remembered Sets and Scrub Regions
[2302.206s][info][gc,marking     ] GC(379) Concurrent Rebuild Remembered Sets and Scrub Regions 210.600ms
[2302.207s][info][gc,start       ] GC(379) Pause Cleanup
[2302.207s][info][gc             ] GC(379) Pause Cleanup 1832M->1832M(4096M) 0.130ms
[2302.207s][info][gc,cpu         ] GC(379) User=0.00s Sys=0.00s Real=0.00s
[2302.207s][info][gc,marking     ] GC(379) Concurrent Clear Claimed Marks
[2302.207s][info][gc,marking     ] GC(379) Concurrent Clear Claimed Marks 0.030ms
[2302.207s][info][gc,marking     ] GC(379) Concurrent Cleanup for Next Mark
[2302.211s][info][gc,marking     ] GC(379) Concurrent Cleanup for Next Mark 3.850ms
[2302.211s][info][gc             ] GC(379) Concurrent Mark Cycle 979.700ms
....[2306.431s][info][gc,start       ] GC(380) Pause Young (Prepare Mixed) (G1 Evacuation Pause)
[2306.431s][info][gc,task        ] GC(380) Using 6 workers of 6 for evacuation
[2306.550s][info][gc,phases      ] GC(380)   Pre Evacuate Collection Set: 0.37ms
[2306.550s][info][gc,phases      ] GC(380)   Merge Heap Roots: 0.67ms
[2306.550s][info][gc,phases      ] GC(380)   Evacuate Collection Set: 116.57ms
[2306.550s][info][gc,phases      ] GC(380)   Post Evacuate Collection Set: 0.95ms
[2306.550s][info][gc,phases      ] GC(380)   Other: 0.10ms
[2306.550s][info][gc,heap        ] GC(380) Eden regions: 1119->0(1112)
[2306.550s][info][gc,heap        ] GC(380) Survivor regions: 109->109(154)
[2306.550s][info][gc,heap        ] GC(380) Old regions: 503->535
[2306.550s][info][gc,heap        ] GC(380) Humongous regions: 80->80
[2306.550s][info][gc,metaspace   ] GC(380) Metaspace: 28913K(29248K)->28913K(29248K) NonClass: 24031K(24192K)->24031K(24192K) Class: 4882K(5056K)->4882K(5056K)
[2306.550s][info][gc             ] GC(380) Pause Young (Prepare Mixed) (G1 Evacuation Pause) 3621M->1447M(4096M) 118.813ms
[2306.550s][info][gc,cpu         ] GC(380) User=0.70s Sys=0.00s Real=0.12s
.....[2311.654s][info][gc,start       ] GC(381) Pause Young (Mixed) (G1 Evacuation Pause)
[2311.654s][info][gc,task        ] GC(381) Using 6 workers of 6 for evacuation
[2311.787s][info][gc,phases      ] GC(381)   Pre Evacuate Collection Set: 0.39ms
[2311.787s][info][gc,phases      ] GC(381)   Merge Heap Roots: 0.81ms
[2311.787s][info][gc,phases      ] GC(381)   Evacuate Collection Set: 130.54ms
[2311.787s][info][gc,phases      ] GC(381)   Post Evacuate Collection Set: 0.98ms
[2311.787s][info][gc,phases      ] GC(381)   Other: 0.10ms
[2311.787s][info][gc,heap        ] GC(381) Eden regions: 1112->0(1120)
[2311.787s][info][gc,heap        ] GC(381) Survivor regions: 109->108(153)
[2311.787s][info][gc,heap        ] GC(381) Old regions: 535->472
[2311.787s][info][gc,heap        ] GC(381) Humongous regions: 80->80
[2311.787s][info][gc,metaspace   ] GC(381) Metaspace: 28913K(29248K)->28913K(29248K) NonClass: 24031K(24192K)->24031K(24192K) Class: 4882K(5056K)->4882K(5056K)
[2311.787s][info][gc             ] GC(381) Pause Young (Mixed) (G1 Evacuation Pause) 3671M->1318M(4096M) 132.948ms
[2311.787s][info][gc,cpu         ] GC(381) User=0.78s Sys=0.00s Real=0.13s
.. (rIR:aIR:PR = 3598:3598:3598) (tPR = 53370) [OK] 
  2312s: Performance info:
         Transaction,    Success,    Partial,     Failed,   Receipts, AvgBarcode, 
             Overall,     216565,          0,          0,     205715,      59.47, 
         Response times:
             Request,    Success,    Partial,     Failed,   SkipFail,     Probes,    Samples,      min,      p50,      p90,      p95,      p99,      max, 
       TotalPurchase,     205715,          0,          0,          0,     201655,     223096,      300,     3200,     5400,     7500,    35000,   253000,
     InStorePurchase,     108328,          0,          0,          0,     106537,     117661,      300,     3000,     5300,     7300,    32000,   212000,
      OnlinePurchase,      75714,          0,          0,          0,      74175,      82083,      300,     3400,     5500,     7980,    39000,   253000,
        InstPurchase,      21673,          0,          0,          0,      20943,      23352,      400,     2800,     5200,     7000,    32470,   156000,
          AssocOfCat,        219,          0,          0,          0,        162,        239,    24000,    34000,    49000,    65000,   184400,   224000,
      AssocOfProduct,       2165,          0,          0,          0,       1971,       2351,      600,     2900,     5300,     7040,    28000,   130000,
      BusinessReport,        545,          0,          0,          0,        443,        572,    27000,    38000,    55000,    72700,   188240,   273000,
          CustBuyBeh,       2176,          0,          0,          0,       1977,       2319,      800,     3600,     5700,     8100,    43000,   139000,
       ProductReturn,       5745,          0,          0,          0,       5448,       6247,      200,     2900,     4700,     6700,    36520,   140000,

  2312s: (27%)   IR =   3736 ...[2316.668s][info][gc,start       ] GC(382) Pause Young (Concurrent Start) (G1 Evacuation Pause)
[2316.668s][info][gc,task        ] GC(382) Using 6 workers of 6 for evacuation
[2316.789s][info][gc,phases      ] GC(382)   Pre Evacuate Collection Set: 0.43ms
[2316.789s][info][gc,phases      ] GC(382)   Merge Heap Roots: 0.58ms
[2316.789s][info][gc,phases      ] GC(382)   Evacuate Collection Set: 118.97ms
[2316.789s][info][gc,phases      ] GC(382)   Post Evacuate Collection Set: 0.90ms
[2316.789s][info][gc,phases      ] GC(382)   Other: 0.14ms
[2316.789s][info][gc,heap        ] GC(382) Eden regions: 1120->0(1118)
[2316.789s][info][gc,heap        ] GC(382) Survivor regions: 108->110(154)
[2316.789s][info][gc,heap        ] GC(382) Old regions: 472->504
[2316.789s][info][gc,heap        ] GC(382) Humongous regions: 80->80
[2316.789s][info][gc,metaspace   ] GC(382) Metaspace: 28913K(29248K)->28913K(29248K) NonClass: 24031K(24192K)->24031K(24192K) Class: 4882K(5056K)->4882K(5056K)
[2316.789s][info][gc             ] GC(382) Pause Young (Concurrent Start) (G1 Evacuation Pause) 3558M->1386M(4096M) 121.157ms
[2316.789s][info][gc             ] GC(383) Concurrent Mark Cycle
[2316.789s][info][gc,marking     ] GC(383) Concurrent Scan Root Regions
[2316.789s][info][gc,cpu         ] GC(382) User=0.72s Sys=0.00s Real=0.12s
.[2316.933s][info][gc,marking     ] GC(383) Concurrent Scan Root Regions 143.660ms
[2316.933s][info][gc,marking     ] GC(383) Concurrent Mark
[2316.933s][info][gc,marking     ] GC(383) Concurrent Mark From Roots
[2316.933s][info][gc,task        ] GC(383) Using 2 workers of 2 for marking
[2317.630s][info][gc,marking     ] GC(383) Concurrent Mark From Roots 697.418ms
[2317.631s][info][gc,marking     ] GC(383) Concurrent Preclean
[2317.631s][info][gc,marking     ] GC(383) Concurrent Preclean 0.079ms
[2317.631s][info][gc,start       ] GC(383) Pause Remark
[2317.634s][info][gc             ] GC(383) Pause Remark 1810M->1810M(4096M) 3.620ms
[2317.634s][info][gc,cpu         ] GC(383) User=0.02s Sys=0.00s Real=0.00s
[2317.635s][info][gc,marking     ] GC(383) Concurrent Mark 701.657ms
[2317.635s][info][gc,marking     ] GC(383) Concurrent Rebuild Remembered Sets and Scrub Regions
.[2317.888s][info][gc,marking     ] GC(383) Concurrent Rebuild Remembered Sets and Scrub Regions 253.532ms
[2317.888s][info][gc,start       ] GC(383) Pause Cleanup
[2317.889s][info][gc             ] GC(383) Pause Cleanup 1915M->1915M(4096M) 0.141ms
[2317.889s][info][gc,cpu         ] GC(383) User=0.00s Sys=0.00s Real=0.00s
[2317.889s][info][gc,marking     ] GC(383) Concurrent Clear Claimed Marks
[2317.889s][info][gc,marking     ] GC(383) Concurrent Clear Claimed Marks 0.029ms
[2317.889s][info][gc,marking     ] GC(383) Concurrent Cleanup for Next Mark
[2317.893s][info][gc,marking     ] GC(383) Concurrent Cleanup for Next Mark 4.754ms
[2317.893s][info][gc             ] GC(383) Concurrent Mark Cycle 1104.196ms
..|.[2321.711s][info][gc,start       ] GC(384) Pause Young (Prepare Mixed) (G1 Evacuation Pause)
[2321.711s][info][gc,task        ] GC(384) Using 6 workers of 6 for evacuation
[2321.831s][info][gc,phases      ] GC(384)   Pre Evacuate Collection Set: 0.37ms
[2321.831s][info][gc,phases      ] GC(384)   Merge Heap Roots: 0.64ms
[2321.831s][info][gc,phases      ] GC(384)   Evacuate Collection Set: 117.57ms
[2321.831s][info][gc,phases      ] GC(384)   Post Evacuate Collection Set: 1.01ms
[2321.831s][info][gc,phases      ] GC(384)   Other: 0.10ms
[2321.831s][info][gc,heap        ] GC(384) Eden regions: 1118->0(1110)
[2321.831s][info][gc,heap        ] GC(384) Survivor regions: 110->109(154)
[2321.831s][info][gc,heap        ] GC(384) Old regions: 504->537
[2321.831s][info][gc,heap        ] GC(384) Humongous regions: 80->80
[2321.831s][info][gc,metaspace   ] GC(384) Metaspace: 28913K(29248K)->28913K(29248K) NonClass: 24031K(24192K)->24031K(24192K) Class: 4882K(5056K)->4882K(5056K)
[2321.831s][info][gc             ] GC(384) Pause Young (Prepare Mixed) (G1 Evacuation Pause) 3622M->1450M(4096M) 119.815ms
[2321.831s][info][gc,cpu         ] GC(384) User=0.71s Sys=0.00s Real=0.12s
.....[2326.837s][info][gc,start       ] GC(385) Pause Young (Mixed) (G1 Evacuation Pause)
[2326.837s][info][gc,task        ] GC(385) Using 6 workers of 6 for evacuation
[2326.971s][info][gc,phases      ] GC(385)   Pre Evacuate Collection Set: 0.41ms
[2326.971s][info][gc,phases      ] GC(385)   Merge Heap Roots: 0.74ms
[2326.971s][info][gc,phases      ] GC(385)   Evacuate Collection Set: 131.73ms
[2326.971s][info][gc,phases      ] GC(385)   Post Evacuate Collection Set: 0.99ms
[2326.972s][info][gc,phases      ] GC(385)   Other: 0.09ms
[2326.972s][info][gc,heap        ] GC(385) Eden regions: 1110->0(1119)
[2326.972s][info][gc,heap        ] GC(385) Survivor regions: 109->109(153)
[2326.972s][info][gc,heap        ] GC(385) Old regions: 537->470
[2326.972s][info][gc,heap        ] GC(385) Humongous regions: 80->80
[2326.972s][info][gc,metaspace   ] GC(385) Metaspace: 28913K(29248K)->28913K(29248K) NonClass: 24031K(24192K)->24031K(24192K) Class: 4882K(5056K)->4882K(5056K)
[2326.972s][info][gc             ] GC(385) Pause Young (Mixed) (G1 Evacuation Pause) 3670M->1317M(4096M) 134.096ms
[2326.972s][info][gc,cpu         ] GC(385) User=0.80s Sys=0.00s Real=0.14s
.....[2331.874s][info][gc,start       ] GC(386) Pause Young (Concurrent Start) (G1 Evacuation Pause)
[2331.874s][info][gc,task        ] GC(386) Using 6 workers of 6 for evacuation
[2331.992s][info][gc,phases      ] GC(386)   Pre Evacuate Collection Set: 0.40ms
[2331.992s][info][gc,phases      ] GC(386)   Merge Heap Roots: 0.58ms
[2331.992s][info][gc,phases      ] GC(386)   Evacuate Collection Set: 115.29ms
[2331.992s][info][gc,phases      ] GC(386)   Post Evacuate Collection Set: 0.90ms
[2331.992s][info][gc,phases      ] GC(386)   Other: 0.12ms
[2331.992s][info][gc,heap        ] GC(386) Eden regions: 1119->0(1120)
[2331.992s][info][gc,heap        ] GC(386) Survivor regions: 109->108(154)
[2331.992s][info][gc,heap        ] GC(386) Old regions: 470->502
[2331.992s][info][gc,heap        ] GC(386) Humongous regions: 80->80
[2331.992s][info][gc,metaspace   ] GC(386) Metaspace: 28913K(29248K)->28913K(29248K) NonClass: 24031K(24192K)->24031K(24192K) Class: 4882K(5056K)->4882K(5056K)
[2331.992s][info][gc             ] GC(386) Pause Young (Concurrent Start) (G1 Evacuation Pause) 3555M->1379M(4096M) 117.426ms
[2331.992s][info][gc             ] GC(387) Concurrent Mark Cycle
[2331.992s][info][gc,marking     ] GC(387) Concurrent Scan Root Regions
[2331.992s][info][gc,cpu         ] GC(386) User=0.69s Sys=0.01s Real=0.12s
.[2332.146s][info][gc,marking     ] GC(387) Concurrent Scan Root Regions 154.075ms
[2332.146s][info][gc,marking     ] GC(387) Concurrent Mark
[2332.146s][info][gc,marking     ] GC(387) Concurrent Mark From Roots
[2332.146s][info][gc,task        ] GC(387) Using 2 workers of 2 for marking
[2332.837s][info][gc,marking     ] GC(387) Concurrent Mark From Roots 690.948ms
[2332.837s][info][gc,marking     ] GC(387) Concurrent Preclean
[2332.837s][info][gc,marking     ] GC(387) Concurrent Preclean 0.043ms
[2332.837s][info][gc,start       ] GC(387) Pause Remark
[2332.841s][info][gc             ] GC(387) Pause Remark 1797M->1797M(4096M) 3.902ms
[2332.841s][info][gc,cpu         ] GC(387) User=0.02s Sys=0.00s Real=0.01s
[2332.841s][info][gc,marking     ] GC(387) Concurrent Mark 695.152ms
[2332.841s][info][gc,marking     ] GC(387) Concurrent Rebuild Remembered Sets and Scrub Regions
.[2333.136s][info][gc,marking     ] GC(387) Concurrent Rebuild Remembered Sets and Scrub Regions 295.224ms
[2333.137s][info][gc,start       ] GC(387) Pause Cleanup
[2333.137s][info][gc             ] GC(387) Pause Cleanup 1926M->1926M(4096M) 0.146ms
[2333.137s][info][gc,cpu         ] GC(387) User=0.00s Sys=0.00s Real=0.00s
[2333.137s][info][gc,marking     ] GC(387) Concurrent Clear Claimed Marks
[2333.137s][info][gc,marking     ] GC(387) Concurrent Clear Claimed Marks 0.027ms
[2333.137s][info][gc,marking     ] GC(387) Concurrent Cleanup for Next Mark
[2333.140s][info][gc,marking     ] GC(387) Concurrent Cleanup for Next Mark 3.522ms
[2333.140s][info][gc             ] GC(387) Concurrent Mark Cycle 1148.542ms
...[2336.946s][info][gc,start       ] GC(388) Pause Young (Prepare Mixed) (G1 Evacuation Pause)
[2336.946s][info][gc,task        ] GC(388) Using 6 workers of 6 for evacuation
[2337.066s][info][gc,phases      ] GC(388)   Pre Evacuate Collection Set: 0.39ms
[2337.066s][info][gc,phases      ] GC(388)   Merge Heap Roots: 0.66ms
[2337.066s][info][gc,phases      ] GC(388)   Evacuate Collection Set: 117.61ms
[2337.066s][info][gc,phases      ] GC(388)   Post Evacuate Collection Set: 0.96ms
[2337.066s][info][gc,phases      ] GC(388)   Other: 0.08ms
[2337.066s][info][gc,heap        ] GC(388) Eden regions: 1120->0(1111)
[2337.066s][info][gc,heap        ] GC(388) Survivor regions: 108->110(154)
[2337.066s][info][gc,heap        ] GC(388) Old regions: 502->534
[2337.066s][info][gc,heap        ] GC(388) Humongous regions: 80->80
[2337.066s][info][gc,metaspace   ] GC(388) Metaspace: 28913K(29248K)->28913K(29248K) NonClass: 24031K(24192K)->24031K(24192K) Class: 4882K(5056K)->4882K(5056K)
[2337.066s][info][gc             ] GC(388) Pause Young (Prepare Mixed) (G1 Evacuation Pause) 3619M->1447M(4096M) 119.849ms
[2337.066s][info][gc,cpu         ] GC(388) User=0.71s Sys=0.00s Real=0.12s
.....[2341.958s][info][gc,start       ] GC(389) Pause Young (Mixed) (G1 Evacuation Pause)
[2341.959s][info][gc,task        ] GC(389) Using 6 workers of 6 for evacuation
[2342.094s][info][gc,phases      ] GC(389)   Pre Evacuate Collection Set: 0.43ms
[2342.094s][info][gc,phases      ] GC(389)   Merge Heap Roots: 0.87ms
[2342.094s][info][gc,phases      ] GC(389)   Evacuate Collection Set: 133.23ms
[2342.094s][info][gc,phases      ] GC(389)   Post Evacuate Collection Set: 1.01ms
[2342.094s][info][gc,phases      ] GC(389)   Other: 0.10ms
[2342.094s][info][gc,heap        ] GC(389) Eden regions: 1111->0(1120)
[2342.094s][info][gc,heap        ] GC(389) Survivor regions: 110->108(153)
[2342.094s][info][gc,heap        ] GC(389) Old regions: 534->470
[2342.094s][info][gc,heap        ] GC(389) Humongous regions: 80->80
[2342.094s][info][gc,metaspace   ] GC(389) Metaspace: 28913K(29248K)->28913K(29248K) NonClass: 24031K(24192K)->24031K(24192K) Class: 4882K(5056K)->4882K(5056K)
[2342.094s][info][gc             ] GC(389) Pause Young (Mixed) (G1 Evacuation Pause) 3669M->1314M(4096M) 135.768ms
[2342.094s][info][gc,cpu         ] GC(389) User=0.80s Sys=0.00s Real=0.13s
.....[2347.077s][info][gc,start       ] GC(390) Pause Young (Concurrent Start) (G1 Evacuation Pause)
[2347.077s][info][gc,task        ] GC(390) Using 6 workers of 6 for evacuation
[2347.195s][info][gc,phases      ] GC(390)   Pre Evacuate Collection Set: 0.44ms
[2347.195s][info][gc,phases      ] GC(390)   Merge Heap Roots: 0.56ms
[2347.195s][info][gc,phases      ] GC(390)   Evacuate Collection Set: 115.85ms
[2347.195s][info][gc,phases      ] GC(390)   Post Evacuate Collection Set: 0.91ms
[2347.195s][info][gc,phases      ] GC(390)   Other: 0.10ms
[2347.195s][info][gc,heap        ] GC(390) Eden regions: 1120->0(1120)
[2347.195s][info][gc,heap        ] GC(390) Survivor regions: 108->108(154)
[2347.195s][info][gc,heap        ] GC(390) Old regions: 470->502
[2347.195s][info][gc,heap        ] GC(390) Humongous regions: 80->80
[2347.195s][info][gc,metaspace   ] GC(390) Metaspace: 28913K(29248K)->28913K(29248K) NonClass: 24031K(24192K)->24031K(24192K) Class: 4882K(5056K)->4882K(5056K)
[2347.195s][info][gc             ] GC(390) Pause Young (Concurrent Start) (G1 Evacuation Pause) 3554M->1379M(4096M) 118.005ms
[2347.195s][info][gc             ] GC(391) Concurrent Mark Cycle
[2347.195s][info][gc,marking     ] GC(391) Concurrent Scan Root Regions
[2347.195s][info][gc,cpu         ] GC(390) User=0.69s Sys=0.00s Real=0.12s
.[2347.347s][info][gc,marking     ] GC(391) Concurrent Scan Root Regions 151.971ms
[2347.347s][info][gc,marking     ] GC(391) Concurrent Mark
[2347.347s][info][gc,marking     ] GC(391) Concurrent Mark From Roots
[2347.347s][info][gc,task        ] GC(391) Using 2 workers of 2 for marking
[2348.073s][info][gc,marking     ] GC(391) Concurrent Mark From Roots 726.430ms
[2348.073s][info][gc,marking     ] GC(391) Concurrent Preclean
[2348.073s][info][gc,marking     ] GC(391) Concurrent Preclean 0.067ms
[2348.074s][info][gc,start       ] GC(391) Pause Remark
[2348.078s][info][gc             ] GC(391) Pause Remark 1824M->1824M(4096M) 3.997ms
[2348.078s][info][gc,cpu         ] GC(391) User=0.02s Sys=0.00s Real=0.00s
[2348.079s][info][gc,marking     ] GC(391) Concurrent Mark 732.090ms
[2348.079s][info][gc,marking     ] GC(391) Concurrent Rebuild Remembered Sets and Scrub Regions
.[2348.342s][info][gc,marking     ] GC(391) Concurrent Rebuild Remembered Sets and Scrub Regions 263.243ms
[2348.342s][info][gc,start       ] GC(391) Pause Cleanup
[2348.342s][info][gc             ] GC(391) Pause Cleanup 1943M->1943M(4096M) 0.121ms
[2348.343s][info][gc,cpu         ] GC(391) User=0.00s Sys=0.00s Real=0.00s
[2348.343s][info][gc,marking     ] GC(391) Concurrent Clear Claimed Marks
[2348.343s][info][gc,marking     ] GC(391) Concurrent Clear Claimed Marks 0.031ms
[2348.343s][info][gc,marking     ] GC(391) Concurrent Cleanup for Next Mark
[2348.346s][info][gc,marking     ] GC(391) Concurrent Cleanup for Next Mark 3.233ms
[2348.346s][info][gc             ] GC(391) Concurrent Mark Cycle 1150.973ms
...[2352.191s][info][gc,start       ] GC(392) Pause Young (Prepare Mixed) (G1 Evacuation Pause)
[2352.192s][info][gc,task        ] GC(392) Using 6 workers of 6 for evacuation
[2352.310s][info][gc,phases      ] GC(392)   Pre Evacuate Collection Set: 0.35ms
[2352.310s][info][gc,phases      ] GC(392)   Merge Heap Roots: 0.63ms
[2352.310s][info][gc,phases      ] GC(392)   Evacuate Collection Set: 116.19ms
[2352.310s][info][gc,phases      ] GC(392)   Post Evacuate Collection Set: 0.94ms
[2352.310s][info][gc,phases      ] GC(392)   Other: 0.09ms
[2352.310s][info][gc,heap        ] GC(392) Eden regions: 1120->0(1113)
[2352.310s][info][gc,heap        ] GC(392) Survivor regions: 108->109(154)
[2352.310s][info][gc,heap        ] GC(392) Old regions: 502->534
[2352.310s][info][gc,heap        ] GC(392) Humongous regions: 80->80
[2352.310s][info][gc,metaspace   ] GC(392) Metaspace: 28913K(29248K)->28913K(29248K) NonClass: 24031K(24192K)->24031K(24192K) Class: 4882K(5056K)->4882K(5056K)
[2352.310s][info][gc             ] GC(392) Pause Young (Prepare Mixed) (G1 Evacuation Pause) 3619M->1444M(4096M) 118.326ms
[2352.310s][info][gc,cpu         ] GC(392) User=0.70s Sys=0.00s Real=0.12s
.....[2357.127s][info][gc,start       ] GC(393) Pause Young (Mixed) (G1 Evacuation Pause)
[2357.127s][info][gc,task        ] GC(393) Using 6 workers of 6 for evacuation
[2357.263s][info][gc,phases      ] GC(393)   Pre Evacuate Collection Set: 0.40ms
[2357.263s][info][gc,phases      ] GC(393)   Merge Heap Roots: 0.87ms
[2357.263s][info][gc,phases      ] GC(393)   Evacuate Collection Set: 134.17ms
[2357.263s][info][gc,phases      ] GC(393)   Post Evacuate Collection Set: 0.99ms
[2357.263s][info][gc,phases      ] GC(393)   Other: 0.09ms
[2357.263s][info][gc,heap        ] GC(393) Eden regions: 1113->0(1117)
[2357.264s][info][gc,heap        ] GC(393) Survivor regions: 109->111(153)
[2357.264s][info][gc,heap        ] GC(393) Old regions: 534->473
[2357.264s][info][gc,heap        ] GC(393) Humongous regions: 80->80
[2357.264s][info][gc,metaspace   ] GC(393) Metaspace: 28913K(29248K)->28913K(29248K) NonClass: 24031K(24192K)->24031K(24192K) Class: 4882K(5056K)->4882K(5056K)
[2357.264s][info][gc             ] GC(393) Pause Young (Mixed) (G1 Evacuation Pause) 3670M->1326M(4096M) 136.664ms
[2357.264s][info][gc,cpu         ] GC(393) User=0.81s Sys=0.00s Real=0.14s
.....[2362.185s][info][gc,start       ] GC(394) Pause Young (Concurrent Start) (G1 Evacuation Pause)
[2362.185s][info][gc,task        ] GC(394) Using 6 workers of 6 for evacuation
[2362.305s][info][gc,phases      ] GC(394)   Pre Evacuate Collection Set: 0.43ms
[2362.305s][info][gc,phases      ] GC(394)   Merge Heap Roots: 0.56ms
[2362.305s][info][gc,phases      ] GC(394)   Evacuate Collection Set: 117.07ms
[2362.305s][info][gc,phases      ] GC(394)   Post Evacuate Collection Set: 0.94ms
[2362.305s][info][gc,phases      ] GC(394)   Other: 0.13ms
[2362.305s][info][gc,heap        ] GC(394) Eden regions: 1117->0(1118)
[2362.305s][info][gc,heap        ] GC(394) Survivor regions: 111->110(154)
[2362.305s][info][gc,heap        ] GC(394) Old regions: 473->505
[2362.305s][info][gc,heap        ] GC(394) Humongous regions: 80->80
[2362.305s][info][gc,metaspace   ] GC(394) Metaspace: 28913K(29248K)->28913K(29248K) NonClass: 24031K(24192K)->24031K(24192K) Class: 4882K(5056K)->4882K(5056K)
[2362.305s][info][gc             ] GC(394) Pause Young (Concurrent Start) (G1 Evacuation Pause) 3560M->1389M(4096M) 119.267ms
[2362.305s][info][gc             ] GC(395) Concurrent Mark Cycle
[2362.305s][info][gc,marking     ] GC(395) Concurrent Scan Root Regions
[2362.305s][info][gc,cpu         ] GC(394) User=0.70s Sys=0.00s Real=0.12s
.[2362.454s][info][gc,marking     ] GC(395) Concurrent Scan Root Regions 149.341ms
[2362.454s][info][gc,marking     ] GC(395) Concurrent Mark
[2362.454s][info][gc,marking     ] GC(395) Concurrent Mark From Roots
[2362.454s][info][gc,task        ] GC(395) Using 2 workers of 2 for marking
[2363.151s][info][gc,marking     ] GC(395) Concurrent Mark From Roots 697.045ms
[2363.151s][info][gc,marking     ] GC(395) Concurrent Preclean
[2363.151s][info][gc,marking     ] GC(395) Concurrent Preclean 0.044ms
[2363.151s][info][gc,start       ] GC(395) Pause Remark
[2363.155s][info][gc             ] GC(395) Pause Remark 1809M->1809M(4096M) 4.020ms
[2363.155s][info][gc,cpu         ] GC(395) User=0.02s Sys=0.00s Real=0.00s
[2363.155s][info][gc,marking     ] GC(395) Concurrent Mark 701.378ms
[2363.155s][info][gc,marking     ] GC(395) Concurrent Rebuild Remembered Sets and Scrub Regions
.[2363.424s][info][gc,marking     ] GC(395) Concurrent Rebuild Remembered Sets and Scrub Regions 268.291ms
[2363.424s][info][gc,start       ] GC(395) Pause Cleanup
[2363.424s][info][gc             ] GC(395) Pause Cleanup 1936M->1936M(4096M) 0.150ms
[2363.424s][info][gc,cpu         ] GC(395) User=0.00s Sys=0.00s Real=0.00s
[2363.424s][info][gc,marking     ] GC(395) Concurrent Clear Claimed Marks
[2363.424s][info][gc,marking     ] GC(395) Concurrent Clear Claimed Marks 0.053ms
[2363.424s][info][gc,marking     ] GC(395) Concurrent Cleanup for Next Mark
[2363.429s][info][gc,marking     ] GC(395) Concurrent Cleanup for Next Mark 4.526ms
[2363.429s][info][gc             ] GC(395) Concurrent Mark Cycle 1124.138ms
...[2367.242s][info][gc,start       ] GC(396) Pause Young (Prepare Mixed) (G1 Evacuation Pause)
[2367.242s][info][gc,task        ] GC(396) Using 6 workers of 6 for evacuation
[2367.359s][info][gc,phases      ] GC(396)   Pre Evacuate Collection Set: 0.41ms
[2367.359s][info][gc,phases      ] GC(396)   Merge Heap Roots: 0.60ms
[2367.359s][info][gc,phases      ] GC(396)   Evacuate Collection Set: 115.01ms
[2367.359s][info][gc,phases      ] GC(396)   Post Evacuate Collection Set: 0.96ms
[2367.359s][info][gc,phases      ] GC(396)   Other: 0.09ms
[2367.359s][info][gc,heap        ] GC(396) Eden regions: 1118->0(1110)
[2367.359s][info][gc,heap        ] GC(396) Survivor regions: 110->109(154)
[2367.359s][info][gc,heap        ] GC(396) Old regions: 505->537
[2367.359s][info][gc,heap        ] GC(396) Humongous regions: 80->80
[2367.359s][info][gc,metaspace   ] GC(396) Metaspace: 28913K(29248K)->28913K(29248K) NonClass: 24031K(24192K)->24031K(24192K) Class: 4882K(5056K)->4882K(5056K)
[2367.359s][info][gc             ] GC(396) Pause Young (Prepare Mixed) (G1 Evacuation Pause) 3625M->1449M(4096M) 117.214ms
[2367.360s][info][gc,cpu         ] GC(396) User=0.69s Sys=0.00s Real=0.12s
.....[2372.337s][info][gc,start       ] GC(397) Pause Young (Mixed) (G1 Evacuation Pause)
[2372.337s][info][gc,task        ] GC(397) Using 6 workers of 6 for evacuation
[2372.473s][info][gc,phases      ] GC(397)   Pre Evacuate Collection Set: 0.44ms
[2372.473s][info][gc,phases      ] GC(397)   Merge Heap Roots: 0.85ms
[2372.473s][info][gc,phases      ] GC(397)   Evacuate Collection Set: 133.09ms
[2372.473s][info][gc,phases      ] GC(397)   Post Evacuate Collection Set: 0.97ms
[2372.473s][info][gc,phases      ] GC(397)   Other: 0.09ms
[2372.473s][info][gc,heap        ] GC(397) Eden regions: 1110->0(1117)
[2372.473s][info][gc,heap        ] GC(397) Survivor regions: 109->111(153)
[2372.473s][info][gc,heap        ] GC(397) Old regions: 537->472
[2372.473s][info][gc,heap        ] GC(397) Humongous regions: 80->80
[2372.473s][info][gc,metaspace   ] GC(397) Metaspace: 28913K(29248K)->28913K(29248K) NonClass: 24031K(24192K)->24031K(24192K) Class: 4882K(5056K)->4882K(5056K)
[2372.473s][info][gc             ] GC(397) Pause Young (Mixed) (G1 Evacuation Pause) 3669M->1324M(4096M) 135.567ms
[2372.473s][info][gc,cpu         ] GC(397) User=0.81s Sys=0.00s Real=0.14s
.....[2377.395s][info][gc,start       ] GC(398) Pause Young (Concurrent Start) (G1 Evacuation Pause)
[2377.395s][info][gc,task        ] GC(398) Using 6 workers of 6 for evacuation
[2377.511s][info][gc,phases      ] GC(398)   Pre Evacuate Collection Set: 0.41ms
[2377.511s][info][gc,phases      ] GC(398)   Merge Heap Roots: 0.50ms
[2377.511s][info][gc,phases      ] GC(398)   Evacuate Collection Set: 114.10ms
[2377.511s][info][gc,phases      ] GC(398)   Post Evacuate Collection Set: 0.92ms
[2377.511s][info][gc,phases      ] GC(398)   Other: 0.11ms
[2377.511s][info][gc,heap        ] GC(398) Eden regions: 1117->0(1118)
[2377.511s][info][gc,heap        ] GC(398) Survivor regions: 111->110(154)
[2377.511s][info][gc,heap        ] GC(398) Old regions: 472->504
[2377.511s][info][gc,heap        ] GC(398) Humongous regions: 80->80
[2377.511s][info][gc,metaspace   ] GC(398) Metaspace: 28913K(29248K)->28913K(29248K) NonClass: 24031K(24192K)->24031K(24192K) Class: 4882K(5056K)->4882K(5056K)
[2377.512s][info][gc             ] GC(398) Pause Young (Concurrent Start) (G1 Evacuation Pause) 3558M->1385M(4096M) 116.166ms
[2377.512s][info][gc             ] GC(399) Concurrent Mark Cycle
[2377.512s][info][gc,marking     ] GC(399) Concurrent Scan Root Regions
[2377.512s][info][gc,cpu         ] GC(398) User=0.68s Sys=0.00s Real=0.12s
.[2377.640s][info][gc,marking     ] GC(399) Concurrent Scan Root Regions 128.779ms
[2377.640s][info][gc,marking     ] GC(399) Concurrent Mark
[2377.640s][info][gc,marking     ] GC(399) Concurrent Mark From Roots
[2377.640s][info][gc,task        ] GC(399) Using 2 workers of 2 for marking
[2378.272s][info][gc,marking     ] GC(399) Concurrent Mark From Roots 631.826ms
[2378.272s][info][gc,marking     ] GC(399) Concurrent Preclean
[2378.272s][info][gc,marking     ] GC(399) Concurrent Preclean 0.073ms
[2378.273s][info][gc,start       ] GC(399) Pause Remark
[2378.277s][info][gc             ] GC(399) Pause Remark 1777M->1777M(4096M) 3.892ms
[2378.277s][info][gc,cpu         ] GC(399) User=0.02s Sys=0.00s Real=0.00s
[2378.277s][info][gc,marking     ] GC(399) Concurrent Mark 636.210ms
[2378.277s][info][gc,marking     ] GC(399) Concurrent Rebuild Remembered Sets and Scrub Regions
[2378.511s][info][gc,marking     ] GC(399) Concurrent Rebuild Remembered Sets and Scrub Regions 234.729ms
[2378.512s][info][gc,start       ] GC(399) Pause Cleanup
[2378.512s][info][gc             ] GC(399) Pause Cleanup 1886M->1886M(4096M) 0.135ms
[2378.512s][info][gc,cpu         ] GC(399) User=0.00s Sys=0.00s Real=0.00s
[2378.512s][info][gc,marking     ] GC(399) Concurrent Clear Claimed Marks
[2378.512s][info][gc,marking     ] GC(399) Concurrent Clear Claimed Marks 0.033ms
[2378.512s][info][gc,marking     ] GC(399) Concurrent Cleanup for Next Mark
[2378.516s][info][gc,marking     ] GC(399) Concurrent Cleanup for Next Mark 3.878ms
[2378.516s][info][gc             ] GC(399) Concurrent Mark Cycle 1004.147ms
... (rIR:aIR:PR = 3736:3737:3737) (tPR = 55566) [OK] 
  2380s: Performance info:
         Transaction,    Success,    Partial,     Failed,   Receipts, AvgBarcode, 
             Overall,     226977,          0,          0,     215618,      59.48, 
         Response times:
             Request,    Success,    Partial,     Failed,   SkipFail,     Probes,    Samples,      min,      p50,      p90,      p95,      p99,      max, 
       TotalPurchase,     215618,          0,          0,          0,     211816,     237514,      300,     3300,     5700,     7800,    33000,   200000,
     InStorePurchase,     113543,          0,          0,          0,     111866,     125107,      300,     3400,     5700,     7900,    35000,   200000,
      OnlinePurchase,      79387,          0,          0,          0,      77888,      87326,      300,     3200,     5600,     7800,    32000,   200000,
        InstPurchase,      22688,          0,          0,          0,      22062,      25081,      400,     3100,     5600,     7690,    32000,   176000,
          AssocOfCat,        227,          0,          0,          0,        148,        225,    23000,    34000,    46400,    59400,   164460,   187000,
      AssocOfProduct,       2278,          0,          0,          0,       2104,       2552,      600,     2200,     4100,     6200,    20000,   125000,
      BusinessReport,        567,          0,          0,          0,        449,        608,    26000,    38000,    57000,    72100,   181920,   204000,
          CustBuyBeh,       2274,          0,          0,          0,       2074,       2518,      600,     2900,     5100,     7705,    26000,   127000,
       ProductReturn,       6013,          0,          0,          0,       5660,       6683,      200,     3000,     5600,     7600,    31000,   140000,

  2380s: (28%)   IR =   3874 .[2382.402s][info][gc,start       ] GC(400) Pause Young (Prepare Mixed) (G1 Evacuation Pause)
[2382.402s][info][gc,task        ] GC(400) Using 6 workers of 6 for evacuation
[2382.520s][info][gc,phases      ] GC(400)   Pre Evacuate Collection Set: 0.39ms
[2382.520s][info][gc,phases      ] GC(400)   Merge Heap Roots: 0.68ms
[2382.520s][info][gc,phases      ] GC(400)   Evacuate Collection Set: 115.59ms
[2382.520s][info][gc,phases      ] GC(400)   Post Evacuate Collection Set: 0.98ms
[2382.520s][info][gc,phases      ] GC(400)   Other: 0.09ms
[2382.520s][info][gc,heap        ] GC(400) Eden regions: 1118->0(1109)
[2382.520s][info][gc,heap        ] GC(400) Survivor regions: 110->110(154)
[2382.520s][info][gc,heap        ] GC(400) Old regions: 504->536
[2382.520s][info][gc,heap        ] GC(400) Humongous regions: 80->80
[2382.520s][info][gc,metaspace   ] GC(400) Metaspace: 28914K(29248K)->28914K(29248K) NonClass: 24031K(24192K)->24031K(24192K) Class: 4882K(5056K)->4882K(5056K)
[2382.520s][info][gc             ] GC(400) Pause Young (Prepare Mixed) (G1 Evacuation Pause) 3621M->1450M(4096M) 117.878ms
[2382.520s][info][gc,cpu         ] GC(400) User=0.69s Sys=0.00s Real=0.12s
...|..[2387.185s][info][gc,start       ] GC(401) Pause Young (Mixed) (G1 Evacuation Pause)
[2387.185s][info][gc,task        ] GC(401) Using 6 workers of 6 for evacuation
[2387.321s][info][gc,phases      ] GC(401)   Pre Evacuate Collection Set: 0.42ms
[2387.321s][info][gc,phases      ] GC(401)   Merge Heap Roots: 0.75ms
[2387.322s][info][gc,phases      ] GC(401)   Evacuate Collection Set: 134.34ms
[2387.322s][info][gc,phases      ] GC(401)   Post Evacuate Collection Set: 0.97ms
[2387.322s][info][gc,phases      ] GC(401)   Other: 0.09ms
[2387.322s][info][gc,heap        ] GC(401) Eden regions: 1109->0(1118)
[2387.322s][info][gc,heap        ] GC(401) Survivor regions: 110->110(153)
[2387.322s][info][gc,heap        ] GC(401) Old regions: 536->470
[2387.322s][info][gc,heap        ] GC(401) Humongous regions: 80->80
[2387.322s][info][gc,metaspace   ] GC(401) Metaspace: 28914K(29248K)->28914K(29248K) NonClass: 24031K(24192K)->24031K(24192K) Class: 4882K(5056K)->4882K(5056K)
[2387.322s][info][gc             ] GC(401) Pause Young (Mixed) (G1 Evacuation Pause) 3668M->1318M(4096M) 136.710ms
[2387.322s][info][gc,cpu         ] GC(401) User=0.80s Sys=0.00s Real=0.14s
.....[2392.084s][info][gc,start       ] GC(402) Pause Young (Concurrent Start) (G1 Evacuation Pause)
[2392.084s][info][gc,task        ] GC(402) Using 6 workers of 6 for evacuation
[2392.203s][info][gc,phases      ] GC(402)   Pre Evacuate Collection Set: 0.40ms
[2392.203s][info][gc,phases      ] GC(402)   Merge Heap Roots: 0.55ms
[2392.203s][info][gc,phases      ] GC(402)   Evacuate Collection Set: 116.87ms
[2392.203s][info][gc,phases      ] GC(402)   Post Evacuate Collection Set: 0.93ms
[2392.203s][info][gc,phases      ] GC(402)   Other: 0.11ms
[2392.203s][info][gc,heap        ] GC(402) Eden regions: 1118->0(1118)
[2392.203s][info][gc,heap        ] GC(402) Survivor regions: 110->110(154)
[2392.203s][info][gc,heap        ] GC(402) Old regions: 470->502
[2392.203s][info][gc,heap        ] GC(402) Humongous regions: 80->80
[2392.203s][info][gc,metaspace   ] GC(402) Metaspace: 28914K(29248K)->28914K(29248K) NonClass: 24031K(24192K)->24031K(24192K) Class: 4882K(5056K)->4882K(5056K)
[2392.203s][info][gc             ] GC(402) Pause Young (Concurrent Start) (G1 Evacuation Pause) 3554M->1383M(4096M) 118.995ms
[2392.203s][info][gc             ] GC(403) Concurrent Mark Cycle
[2392.203s][info][gc,marking     ] GC(403) Concurrent Scan Root Regions
[2392.203s][info][gc,cpu         ] GC(402) User=0.70s Sys=0.01s Real=0.12s
[2392.338s][info][gc,marking     ] GC(403) Concurrent Scan Root Regions 135.640ms
[2392.338s][info][gc,marking     ] GC(403) Concurrent Mark
[2392.338s][info][gc,marking     ] GC(403) Concurrent Mark From Roots
[2392.338s][info][gc,task        ] GC(403) Using 2 workers of 2 for marking
.[2392.940s][info][gc,marking     ] GC(403) Concurrent Mark From Roots 602.038ms
[2392.940s][info][gc,marking     ] GC(403) Concurrent Preclean
[2392.941s][info][gc,marking     ] GC(403) Concurrent Preclean 0.072ms
[2392.941s][info][gc,start       ] GC(403) Pause Remark
[2392.944s][info][gc             ] GC(403) Pause Remark 1736M->1736M(4096M) 3.595ms
[2392.944s][info][gc,cpu         ] GC(403) User=0.02s Sys=0.00s Real=0.00s
[2392.944s][info][gc,marking     ] GC(403) Concurrent Mark 606.002ms
[2392.944s][info][gc,marking     ] GC(403) Concurrent Rebuild Remembered Sets and Scrub Regions
[2393.207s][info][gc,marking     ] GC(403) Concurrent Rebuild Remembered Sets and Scrub Regions 262.234ms
[2393.207s][info][gc,start       ] GC(403) Pause Cleanup
[2393.207s][info][gc             ] GC(403) Pause Cleanup 1899M->1899M(4096M) 0.136ms
[2393.207s][info][gc,cpu         ] GC(403) User=0.00s Sys=0.00s Real=0.00s
[2393.207s][info][gc,marking     ] GC(403) Concurrent Clear Claimed Marks
[2393.207s][info][gc,marking     ] GC(403) Concurrent Clear Claimed Marks 0.032ms
[2393.207s][info][gc,marking     ] GC(403) Concurrent Cleanup for Next Mark
[2393.211s][info][gc,marking     ] GC(403) Concurrent Cleanup for Next Mark 3.397ms
[2393.211s][info][gc             ] GC(403) Concurrent Mark Cycle 1008.197ms
....[2396.972s][info][gc,start       ] GC(404) Pause Young (Prepare Mixed) (G1 Evacuation Pause)
[2396.972s][info][gc,task        ] GC(404) Using 6 workers of 6 for evacuation
[2397.089s][info][gc,phases      ] GC(404)   Pre Evacuate Collection Set: 0.36ms
[2397.089s][info][gc,phases      ] GC(404)   Merge Heap Roots: 0.62ms
[2397.089s][info][gc,phases      ] GC(404)   Evacuate Collection Set: 115.50ms
[2397.089s][info][gc,phases      ] GC(404)   Post Evacuate Collection Set: 0.97ms
[2397.089s][info][gc,phases      ] GC(404)   Other: 0.09ms
[2397.089s][info][gc,heap        ] GC(404) Eden regions: 1118->0(1110)
[2397.089s][info][gc,heap        ] GC(404) Survivor regions: 110->111(154)
[2397.089s][info][gc,heap        ] GC(404) Old regions: 502->533
[2397.089s][info][gc,heap        ] GC(404) Humongous regions: 80->80
[2397.090s][info][gc,metaspace   ] GC(404) Metaspace: 28914K(29248K)->28914K(29248K) NonClass: 24031K(24192K)->24031K(24192K) Class: 4882K(5056K)->4882K(5056K)
[2397.090s][info][gc             ] GC(404) Pause Young (Prepare Mixed) (G1 Evacuation Pause) 3619M->1446M(4096M) 117.687ms
[2397.090s][info][gc,cpu         ] GC(404) User=0.69s Sys=0.00s Real=0.12s
.....[2401.818s][info][gc,start       ] GC(405) Pause Young (Mixed) (G1 Evacuation Pause)
[2401.818s][info][gc,task        ] GC(405) Using 6 workers of 6 for evacuation
[2401.957s][info][gc,phases      ] GC(405)   Pre Evacuate Collection Set: 0.41ms
[2401.957s][info][gc,phases      ] GC(405)   Merge Heap Roots: 0.89ms
[2401.957s][info][gc,phases      ] GC(405)   Evacuate Collection Set: 136.76ms
[2401.957s][info][gc,phases      ] GC(405)   Post Evacuate Collection Set: 0.97ms
[2401.957s][info][gc,phases      ] GC(405)   Other: 0.09ms
[2401.957s][info][gc,heap        ] GC(405) Eden regions: 1110->0(1117)
[2401.957s][info][gc,heap        ] GC(405) Survivor regions: 111->111(153)
[2401.957s][info][gc,heap        ] GC(405) Old regions: 533->472
[2401.957s][info][gc,heap        ] GC(405) Humongous regions: 80->80
[2401.957s][info][gc,metaspace   ] GC(405) Metaspace: 28914K(29248K)->28914K(29248K) NonClass: 24031K(24192K)->24031K(24192K) Class: 4882K(5056K)->4882K(5056K)
[2401.957s][info][gc             ] GC(405) Pause Young (Mixed) (G1 Evacuation Pause) 3666M->1324M(4096M) 139.242ms
[2401.957s][info][gc,cpu         ] GC(405) User=0.83s Sys=0.00s Real=0.14s
.....[2406.679s][info][gc,start       ] GC(406) Pause Young (Concurrent Start) (G1 Evacuation Pause)
[2406.679s][info][gc,task        ] GC(406) Using 6 workers of 6 for evacuation
[2406.796s][info][gc,phases      ] GC(406)   Pre Evacuate Collection Set: 0.45ms
[2406.796s][info][gc,phases      ] GC(406)   Merge Heap Roots: 0.62ms
[2406.796s][info][gc,phases      ] GC(406)   Evacuate Collection Set: 115.08ms
[2406.796s][info][gc,phases      ] GC(406)   Post Evacuate Collection Set: 0.91ms
[2406.796s][info][gc,phases      ] GC(406)   Other: 0.12ms
[2406.796s][info][gc,heap        ] GC(406) Eden regions: 1117->0(1119)
[2406.796s][info][gc,heap        ] GC(406) Survivor regions: 111->109(154)
[2406.796s][info][gc,heap        ] GC(406) Old regions: 472->504
[2406.796s][info][gc,heap        ] GC(406) Humongous regions: 80->80
[2406.796s][info][gc,metaspace   ] GC(406) Metaspace: 28914K(29248K)->28914K(29248K) NonClass: 24031K(24192K)->24031K(24192K) Class: 4882K(5056K)->4882K(5056K)
[2406.796s][info][gc             ] GC(406) Pause Young (Concurrent Start) (G1 Evacuation Pause) 3558M->1384M(4096M) 117.336ms
[2406.796s][info][gc             ] GC(407) Concurrent Mark Cycle
[2406.796s][info][gc,marking     ] GC(407) Concurrent Scan Root Regions
[2406.796s][info][gc,cpu         ] GC(406) User=0.70s Sys=0.00s Real=0.11s
[2406.969s][info][gc,marking     ] GC(407) Concurrent Scan Root Regions 172.561ms
[2406.969s][info][gc,marking     ] GC(407) Concurrent Mark
[2406.969s][info][gc,marking     ] GC(407) Concurrent Mark From Roots
[2406.969s][info][gc,task        ] GC(407) Using 2 workers of 2 for marking
.[2407.660s][info][gc,marking     ] GC(407) Concurrent Mark From Roots 691.097ms
[2407.660s][info][gc,marking     ] GC(407) Concurrent Preclean
[2407.660s][info][gc,marking     ] GC(407) Concurrent Preclean 0.043ms
[2407.660s][info][gc,start       ] GC(407) Pause Remark
[2407.664s][info][gc             ] GC(407) Pause Remark 1832M->1832M(4096M) 4.213ms
[2407.664s][info][gc,cpu         ] GC(407) User=0.02s Sys=0.00s Real=0.00s
[2407.664s][info][gc,marking     ] GC(407) Concurrent Mark 695.614ms
[2407.664s][info][gc,marking     ] GC(407) Concurrent Rebuild Remembered Sets and Scrub Regions
[2407.917s][info][gc,marking     ] GC(407) Concurrent Rebuild Remembered Sets and Scrub Regions 252.281ms
[2407.917s][info][gc,start       ] GC(407) Pause Cleanup
[2407.917s][info][gc             ] GC(407) Pause Cleanup 1941M->1941M(4096M) 0.135ms
[2407.917s][info][gc,cpu         ] GC(407) User=0.00s Sys=0.00s Real=0.00s
[2407.917s][info][gc,marking     ] GC(407) Concurrent Clear Claimed Marks
[2407.917s][info][gc,marking     ] GC(407) Concurrent Clear Claimed Marks 0.029ms
[2407.917s][info][gc,marking     ] GC(407) Concurrent Cleanup for Next Mark
[2407.922s][info][gc,marking     ] GC(407) Concurrent Cleanup for Next Mark 4.728ms
[2407.922s][info][gc             ] GC(407) Concurrent Mark Cycle 1125.776ms
....[2411.655s][info][gc,start       ] GC(408) Pause Young (Prepare Mixed) (G1 Evacuation Pause)
[2411.655s][info][gc,task        ] GC(408) Using 6 workers of 6 for evacuation
[2411.779s][info][gc,phases      ] GC(408)   Pre Evacuate Collection Set: 0.39ms
[2411.779s][info][gc,phases      ] GC(408)   Merge Heap Roots: 0.63ms
[2411.779s][info][gc,phases      ] GC(408)   Evacuate Collection Set: 121.54ms
[2411.779s][info][gc,phases      ] GC(408)   Post Evacuate Collection Set: 0.92ms
[2411.779s][info][gc,phases      ] GC(408)   Other: 0.08ms
[2411.779s][info][gc,heap        ] GC(408) Eden regions: 1119->0(1107)
[2411.779s][info][gc,heap        ] GC(408) Survivor regions: 109->111(154)
[2411.779s][info][gc,heap        ] GC(408) Old regions: 504->536
[2411.779s][info][gc,heap        ] GC(408) Humongous regions: 80->80
[2411.779s][info][gc,metaspace   ] GC(408) Metaspace: 28914K(29248K)->28914K(29248K) NonClass: 24031K(24192K)->24031K(24192K) Class: 4882K(5056K)->4882K(5056K)
[2411.779s][info][gc             ] GC(408) Pause Young (Prepare Mixed) (G1 Evacuation Pause) 3622M->1452M(4096M) 123.688ms
[2411.779s][info][gc,cpu         ] GC(408) User=0.73s Sys=0.00s Real=0.13s
....[2416.354s][info][gc,start       ] GC(409) Pause Young (Mixed) (G1 Evacuation Pause)
[2416.354s][info][gc,task        ] GC(409) Using 6 workers of 6 for evacuation
[2416.485s][info][gc,phases      ] GC(409)   Pre Evacuate Collection Set: 0.41ms
[2416.485s][info][gc,phases      ] GC(409)   Merge Heap Roots: 0.63ms
[2416.485s][info][gc,phases      ] GC(409)   Evacuate Collection Set: 128.80ms
[2416.485s][info][gc,phases      ] GC(409)   Post Evacuate Collection Set: 0.98ms
[2416.485s][info][gc,phases      ] GC(409)   Other: 0.09ms
[2416.485s][info][gc,heap        ] GC(409) Eden regions: 1107->0(1119)
[2416.485s][info][gc,heap        ] GC(409) Survivor regions: 111->109(153)
[2416.485s][info][gc,heap        ] GC(409) Old regions: 536->473
[2416.485s][info][gc,heap        ] GC(409) Humongous regions: 80->80
[2416.485s][info][gc,metaspace   ] GC(409) Metaspace: 28914K(29248K)->28914K(29248K) NonClass: 24031K(24192K)->24031K(24192K) Class: 4882K(5056K)->4882K(5056K)
[2416.485s][info][gc             ] GC(409) Pause Young (Mixed) (G1 Evacuation Pause) 3666M->1322M(4096M) 131.048ms
[2416.485s][info][gc,cpu         ] GC(409) User=0.78s Sys=0.00s Real=0.13s
.....[2421.288s][info][gc,start       ] GC(410) Pause Young (Concurrent Start) (G1 Evacuation Pause)
[2421.288s][info][gc,task        ] GC(410) Using 6 workers of 6 for evacuation
[2421.405s][info][gc,phases      ] GC(410)   Pre Evacuate Collection Set: 0.42ms
[2421.405s][info][gc,phases      ] GC(410)   Merge Heap Roots: 0.55ms
[2421.405s][info][gc,phases      ] GC(410)   Evacuate Collection Set: 114.87ms
[2421.405s][info][gc,phases      ] GC(410)   Post Evacuate Collection Set: 0.90ms
[2421.405s][info][gc,phases      ] GC(410)   Other: 0.14ms
[2421.405s][info][gc,heap        ] GC(410) Eden regions: 1119->0(1120)
[2421.405s][info][gc,heap        ] GC(410) Survivor regions: 109->108(154)
[2421.405s][info][gc,heap        ] GC(410) Old regions: 473->505
[2421.405s][info][gc,heap        ] GC(410) Humongous regions: 80->80
[2421.405s][info][gc,metaspace   ] GC(410) Metaspace: 28914K(29248K)->28914K(29248K) NonClass: 24031K(24192K)->24031K(24192K) Class: 4882K(5056K)->4882K(5056K)
[2421.405s][info][gc             ] GC(410) Pause Young (Concurrent Start) (G1 Evacuation Pause) 3560M->1384M(4096M) 117.014ms
[2421.405s][info][gc             ] GC(411) Concurrent Mark Cycle
[2421.405s][info][gc,marking     ] GC(411) Concurrent Scan Root Regions
[2421.405s][info][gc,cpu         ] GC(410) User=0.69s Sys=0.00s Real=0.11s
[2421.568s][info][gc,marking     ] GC(411) Concurrent Scan Root Regions 162.062ms
[2421.568s][info][gc,marking     ] GC(411) Concurrent Mark
[2421.568s][info][gc,marking     ] GC(411) Concurrent Mark From Roots
[2421.568s][info][gc,task        ] GC(411) Using 2 workers of 2 for marking
.[2422.295s][info][gc,marking     ] GC(411) Concurrent Mark From Roots 727.090ms
[2422.295s][info][gc,marking     ] GC(411) Concurrent Preclean
[2422.295s][info][gc,marking     ] GC(411) Concurrent Preclean 0.075ms
[2422.295s][info][gc,start       ] GC(411) Pause Remark
[2422.299s][info][gc             ] GC(411) Pause Remark 1838M->1838M(4096M) 3.858ms
[2422.299s][info][gc,cpu         ] GC(411) User=0.02s Sys=0.00s Real=0.01s
[2422.300s][info][gc,marking     ] GC(411) Concurrent Mark 732.301ms
[2422.300s][info][gc,marking     ] GC(411) Concurrent Rebuild Remembered Sets and Scrub Regions
[2422.546s][info][gc,marking     ] GC(411) Concurrent Rebuild Remembered Sets and Scrub Regions 245.966ms
[2422.546s][info][gc,start       ] GC(411) Pause Cleanup
[2422.546s][info][gc             ] GC(411) Pause Cleanup 1960M->1960M(4096M) 0.133ms
[2422.546s][info][gc,cpu         ] GC(411) User=0.00s Sys=0.00s Real=0.00s
[2422.546s][info][gc,marking     ] GC(411) Concurrent Clear Claimed Marks
[2422.546s][info][gc,marking     ] GC(411) Concurrent Clear Claimed Marks 0.026ms
[2422.546s][info][gc,marking     ] GC(411) Concurrent Cleanup for Next Mark
[2422.549s][info][gc,marking     ] GC(411) Concurrent Cleanup for Next Mark 3.210ms
[2422.549s][info][gc             ] GC(411) Concurrent Mark Cycle 1144.047ms
....[2426.173s][info][gc,start       ] GC(412) Pause Young (Prepare Mixed) (G1 Evacuation Pause)
[2426.173s][info][gc,task        ] GC(412) Using 6 workers of 6 for evacuation
[2426.296s][info][gc,phases      ] GC(412)   Pre Evacuate Collection Set: 0.36ms
[2426.296s][info][gc,phases      ] GC(412)   Merge Heap Roots: 0.60ms
[2426.296s][info][gc,phases      ] GC(412)   Evacuate Collection Set: 120.18ms
[2426.296s][info][gc,phases      ] GC(412)   Post Evacuate Collection Set: 1.00ms
[2426.296s][info][gc,phases      ] GC(412)   Other: 0.10ms
[2426.296s][info][gc,heap        ] GC(412) Eden regions: 1120->0(1101)
[2426.296s][info][gc,heap        ] GC(412) Survivor regions: 108->114(154)
[2426.296s][info][gc,heap        ] GC(412) Old regions: 505->536
[2426.296s][info][gc,heap        ] GC(412) Humongous regions: 80->80
[2426.296s][info][gc,metaspace   ] GC(412) Metaspace: 28914K(29248K)->28914K(29248K) NonClass: 24031K(24192K)->24031K(24192K) Class: 4882K(5056K)->4882K(5056K)
[2426.296s][info][gc             ] GC(412) Pause Young (Prepare Mixed) (G1 Evacuation Pause) 3624M->1458M(4096M) 122.376ms
[2426.296s][info][gc,cpu         ] GC(412) User=0.72s Sys=0.00s Real=0.12s
.....[2430.960s][info][gc,start       ] GC(413) Pause Young (Mixed) (G1 Evacuation Pause)
[2430.960s][info][gc,task        ] GC(413) Using 6 workers of 6 for evacuation
[2431.096s][info][gc,phases      ] GC(413)   Pre Evacuate Collection Set: 0.40ms
[2431.096s][info][gc,phases      ] GC(413)   Merge Heap Roots: 0.90ms
[2431.096s][info][gc,phases      ] GC(413)   Evacuate Collection Set: 133.38ms
[2431.096s][info][gc,phases      ] GC(413)   Post Evacuate Collection Set: 0.98ms
[2431.096s][info][gc,phases      ] GC(413)   Other: 0.10ms
[2431.096s][info][gc,heap        ] GC(413) Eden regions: 1101->0(1120)
[2431.096s][info][gc,heap        ] GC(413) Survivor regions: 114->108(152)
[2431.096s][info][gc,heap        ] GC(413) Old regions: 536->472
[2431.096s][info][gc,heap        ] GC(413) Humongous regions: 80->80
[2431.096s][info][gc,metaspace   ] GC(413) Metaspace: 28914K(29248K)->28914K(29248K) NonClass: 24031K(24192K)->24031K(24192K) Class: 4882K(5056K)->4882K(5056K)
[2431.096s][info][gc             ] GC(413) Pause Young (Mixed) (G1 Evacuation Pause) 3660M->1317M(4096M) 135.908ms
[2431.096s][info][gc,cpu         ] GC(413) User=0.80s Sys=0.00s Real=0.13s
.....[2435.888s][info][gc,start       ] GC(414) Pause Young (Concurrent Start) (G1 Evacuation Pause)
[2435.888s][info][gc,task        ] GC(414) Using 6 workers of 6 for evacuation
[2436.007s][info][gc,phases      ] GC(414)   Pre Evacuate Collection Set: 0.43ms
[2436.007s][info][gc,phases      ] GC(414)   Merge Heap Roots: 0.60ms
[2436.007s][info][gc,phases      ] GC(414)   Evacuate Collection Set: 116.54ms
[2436.007s][info][gc,phases      ] GC(414)   Post Evacuate Collection Set: 0.90ms
[2436.007s][info][gc,phases      ] GC(414)   Other: 0.13ms
[2436.007s][info][gc,heap        ] GC(414) Eden regions: 1120->0(1119)
[2436.007s][info][gc,heap        ] GC(414) Survivor regions: 108->109(154)
[2436.007s][info][gc,heap        ] GC(414) Old regions: 472->504
[2436.007s][info][gc,heap        ] GC(414) Humongous regions: 80->80
[2436.007s][info][gc,metaspace   ] GC(414) Metaspace: 28914K(29248K)->28914K(29248K) NonClass: 24031K(24192K)->24031K(24192K) Class: 4882K(5056K)->4882K(5056K)
[2436.007s][info][gc             ] GC(414) Pause Young (Concurrent Start) (G1 Evacuation Pause) 3557M->1384M(4096M) 118.717ms
[2436.007s][info][gc             ] GC(415) Concurrent Mark Cycle
[2436.007s][info][gc,marking     ] GC(415) Concurrent Scan Root Regions
[2436.007s][info][gc,cpu         ] GC(414) User=0.70s Sys=0.00s Real=0.11s
[2436.140s][info][gc,marking     ] GC(415) Concurrent Scan Root Regions 132.689ms
[2436.140s][info][gc,marking     ] GC(415) Concurrent Mark
[2436.140s][info][gc,marking     ] GC(415) Concurrent Mark From Roots
[2436.140s][info][gc,task        ] GC(415) Using 2 workers of 2 for marking
.[2436.781s][info][gc,marking     ] GC(415) Concurrent Mark From Roots 641.543ms
[2436.781s][info][gc,marking     ] GC(415) Concurrent Preclean
[2436.781s][info][gc,marking     ] GC(415) Concurrent Preclean 0.058ms
[2436.781s][info][gc,start       ] GC(415) Pause Remark
[2436.786s][info][gc             ] GC(415) Pause Remark 1796M->1796M(4096M) 4.643ms
[2436.786s][info][gc,cpu         ] GC(415) User=0.02s Sys=0.00s Real=0.00s
[2436.786s][info][gc,marking     ] GC(415) Concurrent Mark 646.498ms
[2436.786s][info][gc,marking     ] GC(415) Concurrent Rebuild Remembered Sets and Scrub Regions
[2437.067s][info][gc,marking     ] GC(415) Concurrent Rebuild Remembered Sets and Scrub Regions 280.435ms
[2437.067s][info][gc,start       ] GC(415) Pause Cleanup
[2437.067s][info][gc             ] GC(415) Pause Cleanup 1925M->1925M(4096M) 0.132ms
[2437.067s][info][gc,cpu         ] GC(415) User=0.00s Sys=0.00s Real=0.00s
[2437.067s][info][gc,marking     ] GC(415) Concurrent Clear Claimed Marks
[2437.067s][info][gc,marking     ] GC(415) Concurrent Clear Claimed Marks 0.028ms
[2437.067s][info][gc,marking     ] GC(415) Concurrent Cleanup for Next Mark
[2437.070s][info][gc,marking     ] GC(415) Concurrent Cleanup for Next Mark 3.479ms
[2437.070s][info][gc             ] GC(415) Concurrent Mark Cycle 1063.608ms
....[2440.772s][info][gc,start       ] GC(416) Pause Young (Prepare Mixed) (G1 Evacuation Pause)
[2440.772s][info][gc,task        ] GC(416) Using 6 workers of 6 for evacuation
[2440.889s][info][gc,phases      ] GC(416)   Pre Evacuate Collection Set: 0.35ms
[2440.889s][info][gc,phases      ] GC(416)   Merge Heap Roots: 0.62ms
[2440.889s][info][gc,phases      ] GC(416)   Evacuate Collection Set: 114.36ms
[2440.889s][info][gc,phases      ] GC(416)   Post Evacuate Collection Set: 0.96ms
[2440.889s][info][gc,phases      ] GC(416)   Other: 0.10ms
[2440.889s][info][gc,heap        ] GC(416) Eden regions: 1119->0(1112)
[2440.889s][info][gc,heap        ] GC(416) Survivor regions: 109->109(154)
[2440.889s][info][gc,heap        ] GC(416) Old regions: 504->535
[2440.889s][info][gc,heap        ] GC(416) Humongous regions: 80->80
[2440.889s][info][gc,metaspace   ] GC(416) Metaspace: 28914K(29248K)->28914K(29248K) NonClass: 24031K(24192K)->24031K(24192K) Class: 4882K(5056K)->4882K(5056K)
[2440.889s][info][gc             ] GC(416) Pause Young (Prepare Mixed) (G1 Evacuation Pause) 3622M->1446M(4096M) 116.530ms
[2440.889s][info][gc,cpu         ] GC(416) User=0.69s Sys=0.00s Real=0.12s
.... (rIR:aIR:PR = 3874:3876:3876) (tPR = 57850) [OK] 
  2444s: Performance info:
         Transaction,    Success,    Partial,     Failed,   Receipts, AvgBarcode, 
             Overall,     232812,          0,          0,     221160,      59.48, 
         Response times:
             Request,    Success,    Partial,     Failed,   SkipFail,     Probes,    Samples,      min,      p50,      p90,      p95,      p99,      max, 
       TotalPurchase,     221173,          0,          0,          0,     216982,     231965,      300,     3300,     5900,     8800,    41000,   191000,
     InStorePurchase,     116394,          0,          0,          0,     114456,     122128,      300,     3400,     5900,     8800,    41000,   191000,
      OnlinePurchase,      81512,          0,          0,          0,      79881,      85275,      300,     3300,     5800,     8700,    41000,   191000,
        InstPurchase,      23267,          0,          0,          0,      22645,      24562,      400,     3300,     5900,     8800,    42000,   150000,
          AssocOfCat,        234,          0,          0,          0,        174,        218,    23000,    33000,    47000,    69050,   192150,   200000,
      AssocOfProduct,       2320,          0,          0,          0,       2140,       2433,      600,     3600,     5800,    10200,    38000,   140000,
      BusinessReport,        582,          0,          0,          0,        510,        623,    27000,    38000,    54000,    76600,   176000,   263000,
          CustBuyBeh,       2327,          0,          0,          0,       2132,       2467,      300,     3700,     6220,     9700,    42640,   147000,
       ProductReturn,       6190,          0,          0,          0,       5819,       6395,      300,     3600,     6100,    10640,    44040,   142000,

  2444s: (29%)   IR =   4013 [2445.635s][info][gc,start       ] GC(417) Pause Young (Mixed) (G1 Evacuation Pause)
[2445.635s][info][gc,task        ] GC(417) Using 6 workers of 6 for evacuation
[2445.768s][info][gc,phases      ] GC(417)   Pre Evacuate Collection Set: 0.40ms
[2445.768s][info][gc,phases      ] GC(417)   Merge Heap Roots: 0.80ms
[2445.768s][info][gc,phases      ] GC(417)   Evacuate Collection Set: 131.15ms
[2445.768s][info][gc,phases      ] GC(417)   Post Evacuate Collection Set: 0.98ms
[2445.768s][info][gc,phases      ] GC(417)   Other: 0.09ms
[2445.768s][info][gc,heap        ] GC(417) Eden regions: 1112->0(1119)
[2445.768s][info][gc,heap        ] GC(417) Survivor regions: 109->109(153)
[2445.768s][info][gc,heap        ] GC(417) Old regions: 535->472
[2445.768s][info][gc,heap        ] GC(417) Humongous regions: 80->80
[2445.768s][info][gc,metaspace   ] GC(417) Metaspace: 28915K(29248K)->28915K(29248K) NonClass: 24033K(24192K)->24033K(24192K) Class: 4882K(5056K)->4882K(5056K)
[2445.768s][info][gc             ] GC(417) Pause Young (Mixed) (G1 Evacuation Pause) 3670M->1319M(4096M) 133.550ms
[2445.768s][info][gc,cpu         ] GC(417) User=0.79s Sys=0.00s Real=0.14s
.....[2450.348s][info][gc,start       ] GC(418) Pause Young (Concurrent Start) (G1 Evacuation Pause)
[2450.348s][info][gc,task        ] GC(418) Using 6 workers of 6 for evacuation
[2450.469s][info][gc,phases      ] GC(418)   Pre Evacuate Collection Set: 0.41ms
[2450.469s][info][gc,phases      ] GC(418)   Merge Heap Roots: 0.61ms
[2450.469s][info][gc,phases      ] GC(418)   Evacuate Collection Set: 119.10ms
[2450.469s][info][gc,phases      ] GC(418)   Post Evacuate Collection Set: 0.92ms
[2450.469s][info][gc,phases      ] GC(418)   Other: 0.13ms
[2450.469s][info][gc,heap        ] GC(418) Eden regions: 1119->0(1116)
[2450.469s][info][gc,heap        ] GC(418) Survivor regions: 109->112(154)
[2450.469s][info][gc,heap        ] GC(418) Old regions: 472->504
[2450.469s][info][gc,heap        ] GC(418) Humongous regions: 80->80
[2450.469s][info][gc,metaspace   ] GC(418) Metaspace: 28915K(29248K)->28915K(29248K) NonClass: 24033K(24192K)->24033K(24192K) Class: 4882K(5056K)->4882K(5056K)
[2450.469s][info][gc             ] GC(418) Pause Young (Concurrent Start) (G1 Evacuation Pause) 3557M->1391M(4096M) 121.322ms
[2450.469s][info][gc             ] GC(419) Concurrent Mark Cycle
[2450.469s][info][gc,marking     ] GC(419) Concurrent Scan Root Regions
[2450.469s][info][gc,cpu         ] GC(418) User=0.72s Sys=0.00s Real=0.12s
[2450.601s][info][gc,marking     ] GC(419) Concurrent Scan Root Regions 131.686ms
[2450.601s][info][gc,marking     ] GC(419) Concurrent Mark
[2450.601s][info][gc,marking     ] GC(419) Concurrent Mark From Roots
[2450.601s][info][gc,task        ] GC(419) Using 2 workers of 2 for marking
.[2451.254s][info][gc,marking     ] GC(419) Concurrent Mark From Roots 652.814ms
[2451.254s][info][gc,marking     ] GC(419) Concurrent Preclean
[2451.254s][info][gc,marking     ] GC(419) Concurrent Preclean 0.064ms
[2451.254s][info][gc,start       ] GC(419) Pause Remark
[2451.258s][info][gc             ] GC(419) Pause Remark 1828M->1828M(4096M) 3.582ms
[2451.258s][info][gc,cpu         ] GC(419) User=0.02s Sys=0.00s Real=0.00s
[2451.258s][info][gc,marking     ] GC(419) Concurrent Mark 656.739ms
[2451.258s][info][gc,marking     ] GC(419) Concurrent Rebuild Remembered Sets and Scrub Regions
[2451.468s][info][gc,marking     ] GC(419) Concurrent Rebuild Remembered Sets and Scrub Regions 209.644ms
[2451.468s][info][gc,start       ] GC(419) Pause Cleanup
[2451.468s][info][gc             ] GC(419) Pause Cleanup 1925M->1925M(4096M) 0.140ms
[2451.468s][info][gc,cpu         ] GC(419) User=0.00s Sys=0.00s Real=0.00s
[2451.468s][info][gc,marking     ] GC(419) Concurrent Clear Claimed Marks
[2451.468s][info][gc,marking     ] GC(419) Concurrent Clear Claimed Marks 0.035ms
[2451.468s][info][gc,marking     ] GC(419) Concurrent Cleanup for Next Mark
[2451.472s][info][gc,marking     ] GC(419) Concurrent Cleanup for Next Mark 3.533ms
[2451.472s][info][gc             ] GC(419) Concurrent Mark Cycle 1002.591ms
....[2455.100s][info][gc,start       ] GC(420) Pause Young (Prepare Mixed) (G1 Evacuation Pause)
[2455.100s][info][gc,task        ] GC(420) Using 6 workers of 6 for evacuation
[2455.218s][info][gc,phases      ] GC(420)   Pre Evacuate Collection Set: 0.35ms
[2455.218s][info][gc,phases      ] GC(420)   Merge Heap Roots: 0.68ms
[2455.218s][info][gc,phases      ] GC(420)   Evacuate Collection Set: 115.61ms
[2455.218s][info][gc,phases      ] GC(420)   Post Evacuate Collection Set: 0.95ms
[2455.218s][info][gc,phases      ] GC(420)   Other: 0.10ms
[2455.218s][info][gc,heap        ] GC(420) Eden regions: 1116->0(1111)
[2455.218s][info][gc,heap        ] GC(420) Survivor regions: 112->109(154)
[2455.218s][info][gc,heap        ] GC(420) Old regions: 504->536
[2455.218s][info][gc,heap        ] GC(420) Humongous regions: 80->80
[2455.218s][info][gc,metaspace   ] GC(420) Metaspace: 28915K(29248K)->28915K(29248K) NonClass: 24033K(24192K)->24033K(24192K) Class: 4882K(5056K)->4882K(5056K)
[2455.218s][info][gc             ] GC(420) Pause Young (Prepare Mixed) (G1 Evacuation Pause) 3623M->1449M(4096M) 117.810ms
[2455.218s][info][gc,cpu         ] GC(420) User=0.70s Sys=0.00s Real=0.11s
....[2459.718s][info][gc,start       ] GC(421) Pause Young (Mixed) (G1 Evacuation Pause)
[2459.718s][info][gc,task        ] GC(421) Using 6 workers of 6 for evacuation
[2459.849s][info][gc,phases      ] GC(421)   Pre Evacuate Collection Set: 0.42ms
[2459.849s][info][gc,phases      ] GC(421)   Merge Heap Roots: 0.83ms
[2459.849s][info][gc,phases      ] GC(421)   Evacuate Collection Set: 128.23ms
[2459.849s][info][gc,phases      ] GC(421)   Post Evacuate Collection Set: 0.96ms
[2459.849s][info][gc,phases      ] GC(421)   Other: 0.09ms
[2459.849s][info][gc,heap        ] GC(421) Eden regions: 1111->0(1120)
[2459.849s][info][gc,heap        ] GC(421) Survivor regions: 109->108(153)
[2459.849s][info][gc,heap        ] GC(421) Old regions: 536->471
[2459.849s][info][gc,heap        ] GC(421) Humongous regions: 80->80
[2459.849s][info][gc,metaspace   ] GC(421) Metaspace: 28915K(29248K)->28915K(29248K) NonClass: 24033K(24192K)->24033K(24192K) Class: 4882K(5056K)->4882K(5056K)
[2459.849s][info][gc             ] GC(421) Pause Young (Mixed) (G1 Evacuation Pause) 3671M->1315M(4096M) 130.684ms
[2459.849s][info][gc,cpu         ] GC(421) User=0.77s Sys=0.00s Real=0.13s
...|..[2464.515s][info][gc,start       ] GC(422) Pause Young (Concurrent Start) (G1 Evacuation Pause)
[2464.515s][info][gc,task        ] GC(422) Using 6 workers of 6 for evacuation
[2464.634s][info][gc,phases      ] GC(422)   Pre Evacuate Collection Set: 0.42ms
[2464.634s][info][gc,phases      ] GC(422)   Merge Heap Roots: 0.61ms
[2464.634s][info][gc,phases      ] GC(422)   Evacuate Collection Set: 117.46ms
[2464.634s][info][gc,phases      ] GC(422)   Post Evacuate Collection Set: 0.90ms
[2464.634s][info][gc,phases      ] GC(422)   Other: 0.12ms
[2464.634s][info][gc,heap        ] GC(422) Eden regions: 1120->0(1117)
[2464.634s][info][gc,heap        ] GC(422) Survivor regions: 108->111(154)
[2464.634s][info][gc,heap        ] GC(422) Old regions: 471->503
[2464.634s][info][gc,heap        ] GC(422) Humongous regions: 80->80
[2464.634s][info][gc,metaspace   ] GC(422) Metaspace: 28915K(29248K)->28915K(29248K) NonClass: 24033K(24192K)->24033K(24192K) Class: 4882K(5056K)->4882K(5056K)
[2464.634s][info][gc             ] GC(422) Pause Young (Concurrent Start) (G1 Evacuation Pause) 3555M->1385M(4096M) 119.656ms
[2464.634s][info][gc             ] GC(423) Concurrent Mark Cycle
[2464.634s][info][gc,marking     ] GC(423) Concurrent Scan Root Regions
[2464.634s][info][gc,cpu         ] GC(422) User=0.71s Sys=0.00s Real=0.12s
[2464.768s][info][gc,marking     ] GC(423) Concurrent Scan Root Regions 133.946ms
[2464.768s][info][gc,marking     ] GC(423) Concurrent Mark
[2464.768s][info][gc,marking     ] GC(423) Concurrent Mark From Roots
[2464.768s][info][gc,task        ] GC(423) Using 2 workers of 2 for marking
.[2465.411s][info][gc,marking     ] GC(423) Concurrent Mark From Roots 642.406ms
[2465.411s][info][gc,marking     ] GC(423) Concurrent Preclean
[2465.411s][info][gc,marking     ] GC(423) Concurrent Preclean 0.059ms
[2465.411s][info][gc,start       ] GC(423) Pause Remark
[2465.415s][info][gc             ] GC(423) Pause Remark 1841M->1841M(4096M) 4.150ms
[2465.415s][info][gc,cpu         ] GC(423) User=0.02s Sys=0.00s Real=0.00s
[2465.415s][info][gc,marking     ] GC(423) Concurrent Mark 646.883ms
[2465.415s][info][gc,marking     ] GC(423) Concurrent Rebuild Remembered Sets and Scrub Regions
[2465.647s][info][gc,marking     ] GC(423) Concurrent Rebuild Remembered Sets and Scrub Regions 231.357ms
[2465.648s][info][gc,start       ] GC(423) Pause Cleanup
[2465.648s][info][gc             ] GC(423) Pause Cleanup 1950M->1950M(4096M) 0.145ms
[2465.648s][info][gc,cpu         ] GC(423) User=0.00s Sys=0.00s Real=0.00s
[2465.648s][info][gc,marking     ] GC(423) Concurrent Clear Claimed Marks
[2465.648s][info][gc,marking     ] GC(423) Concurrent Clear Claimed Marks 0.048ms
[2465.648s][info][gc,marking     ] GC(423) Concurrent Cleanup for Next Mark
[2465.652s][info][gc,marking     ] GC(423) Concurrent Cleanup for Next Mark 3.838ms
[2465.652s][info][gc             ] GC(423) Concurrent Mark Cycle 1017.788ms
....[2469.195s][info][gc,start       ] GC(424) Pause Young (Prepare Mixed) (G1 Evacuation Pause)
[2469.195s][info][gc,task        ] GC(424) Using 6 workers of 6 for evacuation
[2469.315s][info][gc,phases      ] GC(424)   Pre Evacuate Collection Set: 0.37ms
[2469.315s][info][gc,phases      ] GC(424)   Merge Heap Roots: 0.61ms
[2469.315s][info][gc,phases      ] GC(424)   Evacuate Collection Set: 118.22ms
[2469.315s][info][gc,phases      ] GC(424)   Post Evacuate Collection Set: 0.91ms
[2469.315s][info][gc,phases      ] GC(424)   Other: 0.09ms
[2469.315s][info][gc,heap        ] GC(424) Eden regions: 1117->0(1109)
[2469.315s][info][gc,heap        ] GC(424) Survivor regions: 111->111(154)
[2469.315s][info][gc,heap        ] GC(424) Old regions: 503->534
[2469.315s][info][gc,heap        ] GC(424) Humongous regions: 80->80
[2469.315s][info][gc,metaspace   ] GC(424) Metaspace: 28915K(29248K)->28915K(29248K) NonClass: 24033K(24192K)->24033K(24192K) Class: 4882K(5056K)->4882K(5056K)
[2469.315s][info][gc             ] GC(424) Pause Young (Prepare Mixed) (G1 Evacuation Pause) 3619M->1448M(4096M) 120.340ms
[2469.315s][info][gc,cpu         ] GC(424) User=0.71s Sys=0.00s Real=0.12s
....[2473.811s][info][gc,start       ] GC(425) Pause Young (Mixed) (G1 Evacuation Pause)
[2473.811s][info][gc,task        ] GC(425) Using 6 workers of 6 for evacuation
[2473.945s][info][gc,phases      ] GC(425)   Pre Evacuate Collection Set: 0.41ms
[2473.945s][info][gc,phases      ] GC(425)   Merge Heap Roots: 0.84ms
[2473.945s][info][gc,phases      ] GC(425)   Evacuate Collection Set: 132.12ms
[2473.945s][info][gc,phases      ] GC(425)   Post Evacuate Collection Set: 0.98ms
[2473.945s][info][gc,phases      ] GC(425)   Other: 0.09ms
[2473.945s][info][gc,heap        ] GC(425) Eden regions: 1109->0(1119)
[2473.945s][info][gc,heap        ] GC(425) Survivor regions: 111->109(153)
[2473.945s][info][gc,heap        ] GC(425) Old regions: 534->473
[2473.945s][info][gc,heap        ] GC(425) Humongous regions: 80->80
[2473.945s][info][gc,metaspace   ] GC(425) Metaspace: 28915K(29248K)->28915K(29248K) NonClass: 24033K(24192K)->24033K(24192K) Class: 4882K(5056K)->4882K(5056K)
[2473.945s][info][gc             ] GC(425) Pause Young (Mixed) (G1 Evacuation Pause) 3666M->1321M(4096M) 134.570ms
[2473.945s][info][gc,cpu         ] GC(425) User=0.80s Sys=0.00s Real=0.13s
.....[2478.601s][info][gc,start       ] GC(426) Pause Young (Concurrent Start) (G1 Evacuation Pause)
[2478.602s][info][gc,task        ] GC(426) Using 6 workers of 6 for evacuation
[2478.721s][info][gc,phases      ] GC(426)   Pre Evacuate Collection Set: 0.43ms
[2478.721s][info][gc,phases      ] GC(426)   Merge Heap Roots: 0.53ms
[2478.721s][info][gc,phases      ] GC(426)   Evacuate Collection Set: 117.44ms
[2478.721s][info][gc,phases      ] GC(426)   Post Evacuate Collection Set: 0.93ms
[2478.721s][info][gc,phases      ] GC(426)   Other: 0.13ms
[2478.721s][info][gc,heap        ] GC(426) Eden regions: 1119->0(1117)
[2478.721s][info][gc,heap        ] GC(426) Survivor regions: 109->111(154)
[2478.721s][info][gc,heap        ] GC(426) Old regions: 473->505
[2478.721s][info][gc,heap        ] GC(426) Humongous regions: 80->80
[2478.721s][info][gc,metaspace   ] GC(426) Metaspace: 28915K(29248K)->28915K(29248K) NonClass: 24033K(24192K)->24033K(24192K) Class: 4882K(5056K)->4882K(5056K)
[2478.721s][info][gc             ] GC(426) Pause Young (Concurrent Start) (G1 Evacuation Pause) 3559M->1390M(4096M) 119.600ms
[2478.721s][info][gc             ] GC(427) Concurrent Mark Cycle
[2478.721s][info][gc,marking     ] GC(427) Concurrent Scan Root Regions
[2478.721s][info][gc,cpu         ] GC(426) User=0.71s Sys=0.00s Real=0.12s
[2478.851s][info][gc,marking     ] GC(427) Concurrent Scan Root Regions 129.890ms
[2478.851s][info][gc,marking     ] GC(427) Concurrent Mark
[2478.851s][info][gc,marking     ] GC(427) Concurrent Mark From Roots
[2478.851s][info][gc,task        ] GC(427) Using 2 workers of 2 for marking
.[2479.478s][info][gc,marking     ] GC(427) Concurrent Mark From Roots 626.899ms
[2479.478s][info][gc,marking     ] GC(427) Concurrent Preclean
[2479.478s][info][gc,marking     ] GC(427) Concurrent Preclean 0.069ms
[2479.478s][info][gc,start       ] GC(427) Pause Remark
[2479.482s][info][gc             ] GC(427) Pause Remark 1789M->1789M(4096M) 3.814ms
[2479.482s][info][gc,cpu         ] GC(427) User=0.02s Sys=0.00s Real=0.00s
[2479.482s][info][gc,marking     ] GC(427) Concurrent Mark 631.050ms
[2479.482s][info][gc,marking     ] GC(427) Concurrent Rebuild Remembered Sets and Scrub Regions
[2479.694s][info][gc,marking     ] GC(427) Concurrent Rebuild Remembered Sets and Scrub Regions 211.687ms
[2479.694s][info][gc,start       ] GC(427) Pause Cleanup
[2479.694s][info][gc             ] GC(427) Pause Cleanup 1922M->1922M(4096M) 0.137ms
[2479.694s][info][gc,cpu         ] GC(427) User=0.00s Sys=0.00s Real=0.00s
[2479.694s][info][gc,marking     ] GC(427) Concurrent Clear Claimed Marks
[2479.694s][info][gc,marking     ] GC(427) Concurrent Clear Claimed Marks 0.039ms
[2479.694s][info][gc,marking     ] GC(427) Concurrent Cleanup for Next Mark
[2479.699s][info][gc,marking     ] GC(427) Concurrent Cleanup for Next Mark 4.737ms
[2479.699s][info][gc             ] GC(427) Concurrent Mark Cycle 978.028ms
....[2483.247s][info][gc,start       ] GC(428) Pause Young (Prepare Mixed) (G1 Evacuation Pause)
[2483.247s][info][gc,task        ] GC(428) Using 6 workers of 6 for evacuation
[2483.365s][info][gc,phases      ] GC(428)   Pre Evacuate Collection Set: 0.35ms
[2483.365s][info][gc,phases      ] GC(428)   Merge Heap Roots: 0.66ms
[2483.365s][info][gc,phases      ] GC(428)   Evacuate Collection Set: 115.43ms
[2483.365s][info][gc,phases      ] GC(428)   Post Evacuate Collection Set: 0.95ms
[2483.365s][info][gc,phases      ] GC(428)   Other: 0.09ms
[2483.365s][info][gc,heap        ] GC(428) Eden regions: 1117->0(1111)
[2483.365s][info][gc,heap        ] GC(428) Survivor regions: 111->109(154)
[2483.365s][info][gc,heap        ] GC(428) Old regions: 505->536
[2483.365s][info][gc,heap        ] GC(428) Humongous regions: 80->80
[2483.365s][info][gc,metaspace   ] GC(428) Metaspace: 28915K(29248K)->28915K(29248K) NonClass: 24033K(24192K)->24033K(24192K) Class: 4882K(5056K)->4882K(5056K)
[2483.365s][info][gc             ] GC(428) Pause Young (Prepare Mixed) (G1 Evacuation Pause) 3624M->1448M(4096M) 117.610ms
[2483.365s][info][gc,cpu         ] GC(428) User=0.69s Sys=0.00s Real=0.12s
.....[2487.992s][info][gc,start       ] GC(429) Pause Young (Mixed) (G1 Evacuation Pause)
[2487.992s][info][gc,task        ] GC(429) Using 6 workers of 6 for evacuation
[2488.131s][info][gc,phases      ] GC(429)   Pre Evacuate Collection Set: 0.39ms
[2488.131s][info][gc,phases      ] GC(429)   Merge Heap Roots: 0.86ms
[2488.131s][info][gc,phases      ] GC(429)   Evacuate Collection Set: 136.17ms
[2488.131s][info][gc,phases      ] GC(429)   Post Evacuate Collection Set: 0.99ms
[2488.131s][info][gc,phases      ] GC(429)   Other: 0.09ms
[2488.131s][info][gc,heap        ] GC(429) Eden regions: 1111->0(1116)
[2488.131s][info][gc,heap        ] GC(429) Survivor regions: 109->112(153)
[2488.131s][info][gc,heap        ] GC(429) Old regions: 536->471
[2488.131s][info][gc,heap        ] GC(429) Humongous regions: 80->80
[2488.131s][info][gc,metaspace   ] GC(429) Metaspace: 28915K(29248K)->28915K(29248K) NonClass: 24033K(24192K)->24033K(24192K) Class: 4882K(5056K)->4882K(5056K)
[2488.131s][info][gc             ] GC(429) Pause Young (Mixed) (G1 Evacuation Pause) 3670M->1323M(4096M) 138.633ms
[2488.131s][info][gc,cpu         ] GC(429) User=0.82s Sys=0.00s Real=0.14s
....[2492.675s][info][gc,start       ] GC(430) Pause Young (Concurrent Start) (G1 Evacuation Pause)
[2492.675s][info][gc,task        ] GC(430) Using 6 workers of 6 for evacuation
[2492.791s][info][gc,phases      ] GC(430)   Pre Evacuate Collection Set: 0.43ms
[2492.791s][info][gc,phases      ] GC(430)   Merge Heap Roots: 0.54ms
[2492.791s][info][gc,phases      ] GC(430)   Evacuate Collection Set: 114.01ms
[2492.791s][info][gc,phases      ] GC(430)   Post Evacuate Collection Set: 0.91ms
[2492.791s][info][gc,phases      ] GC(430)   Other: 0.11ms
[2492.791s][info][gc,heap        ] GC(430) Eden regions: 1116->0(1120)
[2492.791s][info][gc,heap        ] GC(430) Survivor regions: 112->108(154)
[2492.791s][info][gc,heap        ] GC(430) Old regions: 471->503
[2492.791s][info][gc,heap        ] GC(430) Humongous regions: 80->80
[2492.791s][info][gc,metaspace   ] GC(430) Metaspace: 28915K(29248K)->28915K(29248K) NonClass: 24033K(24192K)->24033K(24192K) Class: 4882K(5056K)->4882K(5056K)
[2492.791s][info][gc             ] GC(430) Pause Young (Concurrent Start) (G1 Evacuation Pause) 3555M->1381M(4096M) 116.129ms
[2492.791s][info][gc             ] GC(431) Concurrent Mark Cycle
[2492.791s][info][gc,marking     ] GC(431) Concurrent Scan Root Regions
[2492.791s][info][gc,cpu         ] GC(430) User=0.69s Sys=0.00s Real=0.12s
[2492.958s][info][gc,marking     ] GC(431) Concurrent Scan Root Regions 167.469ms
[2492.958s][info][gc,marking     ] GC(431) Concurrent Mark
[2492.958s][info][gc,marking     ] GC(431) Concurrent Mark From Roots
[2492.958s][info][gc,task        ] GC(431) Using 2 workers of 2 for marking
.[2493.666s][info][gc,marking     ] GC(431) Concurrent Mark From Roots 708.008ms
[2493.666s][info][gc,marking     ] GC(431) Concurrent Preclean
[2493.666s][info][gc,marking     ] GC(431) Concurrent Preclean 0.070ms
[2493.667s][info][gc,start       ] GC(431) Pause Remark
[2493.671s][info][gc             ] GC(431) Pause Remark 1858M->1858M(4096M) 4.242ms
[2493.671s][info][gc,cpu         ] GC(431) User=0.02s Sys=0.00s Real=0.01s
[2493.671s][info][gc,marking     ] GC(431) Concurrent Mark 712.579ms
[2493.671s][info][gc,marking     ] GC(431) Concurrent Rebuild Remembered Sets and Scrub Regions
.[2494.034s][info][gc,marking     ] GC(431) Concurrent Rebuild Remembered Sets and Scrub Regions 363.376ms
[2494.034s][info][gc,start       ] GC(431) Pause Cleanup
[2494.035s][info][gc             ] GC(431) Pause Cleanup 2008M->2008M(4096M) 0.126ms
[2494.035s][info][gc,cpu         ] GC(431) User=0.00s Sys=0.00s Real=0.00s
[2494.035s][info][gc,marking     ] GC(431) Concurrent Clear Claimed Marks
[2494.035s][info][gc,marking     ] GC(431) Concurrent Clear Claimed Marks 0.030ms
[2494.035s][info][gc,marking     ] GC(431) Concurrent Cleanup for Next Mark
[2494.039s][info][gc,marking     ] GC(431) Concurrent Cleanup for Next Mark 4.401ms
[2494.039s][info][gc             ] GC(431) Concurrent Mark Cycle 1248.373ms
...[2497.474s][info][gc,start       ] GC(432) Pause Young (Prepare Mixed) (G1 Evacuation Pause)
[2497.474s][info][gc,task        ] GC(432) Using 6 workers of 6 for evacuation
[2497.593s][info][gc,phases      ] GC(432)   Pre Evacuate Collection Set: 0.38ms
[2497.593s][info][gc,phases      ] GC(432)   Merge Heap Roots: 0.64ms
[2497.593s][info][gc,phases      ] GC(432)   Evacuate Collection Set: 117.27ms
[2497.593s][info][gc,phases      ] GC(432)   Post Evacuate Collection Set: 0.98ms
[2497.593s][info][gc,phases      ] GC(432)   Other: 0.09ms
[2497.593s][info][gc,heap        ] GC(432) Eden regions: 1120->0(1110)
[2497.593s][info][gc,heap        ] GC(432) Survivor regions: 108->110(154)
[2497.593s][info][gc,heap        ] GC(432) Old regions: 503->535
[2497.593s][info][gc,heap        ] GC(432) Humongous regions: 80->80
[2497.593s][info][gc,metaspace   ] GC(432) Metaspace: 28915K(29248K)->28915K(29248K) NonClass: 24033K(24192K)->24033K(24192K) Class: 4882K(5056K)->4882K(5056K)
[2497.593s][info][gc             ] GC(432) Pause Young (Prepare Mixed) (G1 Evacuation Pause) 3621M->1449M(4096M) 119.479ms
[2497.593s][info][gc,cpu         ] GC(432) User=0.71s Sys=0.00s Real=0.12s
.....[2502.131s][info][gc,start       ] GC(433) Pause Young (Mixed) (G1 Evacuation Pause)
[2502.131s][info][gc,task        ] GC(433) Using 6 workers of 6 for evacuation
[2502.265s][info][gc,phases      ] GC(433)   Pre Evacuate Collection Set: 0.40ms
[2502.265s][info][gc,phases      ] GC(433)   Merge Heap Roots: 0.81ms
[2502.265s][info][gc,phases      ] GC(433)   Evacuate Collection Set: 131.47ms
[2502.265s][info][gc,phases      ] GC(433)   Post Evacuate Collection Set: 1.00ms
[2502.265s][info][gc,phases      ] GC(433)   Other: 0.09ms
[2502.265s][info][gc,heap        ] GC(433) Eden regions: 1110->0(1120)
[2502.265s][info][gc,heap        ] GC(433) Survivor regions: 110->108(153)
[2502.265s][info][gc,heap        ] GC(433) Old regions: 535->472
[2502.265s][info][gc,heap        ] GC(433) Humongous regions: 80->80
[2502.265s][info][gc,metaspace   ] GC(433) Metaspace: 28915K(29248K)->28915K(29248K) NonClass: 24033K(24192K)->24033K(24192K) Class: 4882K(5056K)->4882K(5056K)
[2502.265s][info][gc             ] GC(433) Pause Young (Mixed) (G1 Evacuation Pause) 3669M->1319M(4096M) 133.905ms
[2502.265s][info][gc,cpu         ] GC(433) User=0.79s Sys=0.00s Real=0.13s
....[2506.834s][info][gc,start       ] GC(434) Pause Young (Concurrent Start) (G1 Evacuation Pause)
[2506.834s][info][gc,task        ] GC(434) Using 6 workers of 6 for evacuation
[2506.952s][info][gc,phases      ] GC(434)   Pre Evacuate Collection Set: 0.42ms
[2506.952s][info][gc,phases      ] GC(434)   Merge Heap Roots: 0.58ms
[2506.953s][info][gc,phases      ] GC(434)   Evacuate Collection Set: 116.48ms
[2506.953s][info][gc,phases      ] GC(434)   Post Evacuate Collection Set: 0.91ms
[2506.953s][info][gc,phases      ] GC(434)   Other: 0.11ms
[2506.953s][info][gc,heap        ] GC(434) Eden regions: 1120->0(1120)
[2506.953s][info][gc,heap        ] GC(434) Survivor regions: 108->108(154)
[2506.953s][info][gc,heap        ] GC(434) Old regions: 472->504
[2506.953s][info][gc,heap        ] GC(434) Humongous regions: 80->80
[2506.953s][info][gc,metaspace   ] GC(434) Metaspace: 28915K(29248K)->28915K(29248K) NonClass: 24033K(24192K)->24033K(24192K) Class: 4882K(5056K)->4882K(5056K)
[2506.953s][info][gc             ] GC(434) Pause Young (Concurrent Start) (G1 Evacuation Pause) 3559M->1383M(4096M) 118.648ms
[2506.953s][info][gc             ] GC(435) Concurrent Mark Cycle
[2506.953s][info][gc,marking     ] GC(435) Concurrent Scan Root Regions
[2506.953s][info][gc,cpu         ] GC(434) User=0.71s Sys=0.00s Real=0.12s
.[2507.087s][info][gc,marking     ] GC(435) Concurrent Scan Root Regions 134.472ms
[2507.087s][info][gc,marking     ] GC(435) Concurrent Mark
[2507.087s][info][gc,marking     ] GC(435) Concurrent Mark From Roots
[2507.087s][info][gc,task        ] GC(435) Using 2 workers of 2 for marking
[2507.734s][info][gc,marking     ] GC(435) Concurrent Mark From Roots 646.859ms
[2507.734s][info][gc,marking     ] GC(435) Concurrent Preclean
[2507.734s][info][gc,marking     ] GC(435) Concurrent Preclean 0.056ms
[2507.734s][info][gc,start       ] GC(435) Pause Remark
[2507.738s][info][gc             ] GC(435) Pause Remark 1842M->1842M(4096M) 4.103ms
[2507.738s][info][gc,cpu         ] GC(435) User=0.02s Sys=0.00s Real=0.01s
[2507.738s][info][gc,marking     ] GC(435) Concurrent Mark 651.287ms
[2507.738s][info][gc,marking     ] GC(435) Concurrent Rebuild Remembered Sets and Scrub Regions
.[2507.995s][info][gc,marking     ] GC(435) Concurrent Rebuild Remembered Sets and Scrub Regions 256.756ms
[2507.995s][info][gc,start       ] GC(435) Pause Cleanup
[2507.995s][info][gc             ] GC(435) Pause Cleanup 1938M->1938M(4096M) 0.145ms
[2507.996s][info][gc,cpu         ] GC(435) User=0.00s Sys=0.00s Real=0.00s
[2507.996s][info][gc,marking     ] GC(435) Concurrent Clear Claimed Marks
[2507.996s][info][gc,marking     ] GC(435) Concurrent Clear Claimed Marks 0.034ms
[2507.996s][info][gc,marking     ] GC(435) Concurrent Cleanup for Next Mark
[2507.999s][info][gc,marking     ] GC(435) Concurrent Cleanup for Next Mark 3.201ms
[2507.999s][info][gc             ] GC(435) Concurrent Mark Cycle 1046.269ms
...[2511.535s][info][gc,start       ] GC(436) Pause Young (Prepare Mixed) (G1 Evacuation Pause)
[2511.536s][info][gc,task        ] GC(436) Using 6 workers of 6 for evacuation
[2511.653s][info][gc,phases      ] GC(436)   Pre Evacuate Collection Set: 0.34ms
[2511.653s][info][gc,phases      ] GC(436)   Merge Heap Roots: 0.56ms
[2511.653s][info][gc,phases      ] GC(436)   Evacuate Collection Set: 115.41ms
[2511.653s][info][gc,phases      ] GC(436)   Post Evacuate Collection Set: 0.94ms
[2511.653s][info][gc,phases      ] GC(436)   Other: 0.09ms
[2511.653s][info][gc,heap        ] GC(436) Eden regions: 1120->0(1109)
[2511.653s][info][gc,heap        ] GC(436) Survivor regions: 108->110(154)
[2511.653s][info][gc,heap        ] GC(436) Old regions: 504->536
[2511.653s][info][gc,heap        ] GC(436) Humongous regions: 80->80
[2511.653s][info][gc,metaspace   ] GC(436) Metaspace: 28915K(29248K)->28915K(29248K) NonClass: 24033K(24192K)->24033K(24192K) Class: 4882K(5056K)->4882K(5056K)
[2511.653s][info][gc             ] GC(436) Pause Young (Prepare Mixed) (G1 Evacuation Pause) 3623M->1450M(4096M) 117.486ms
[2511.653s][info][gc,cpu         ] GC(436) User=0.69s Sys=0.00s Real=0.12s
.....[2516.275s][info][gc,start       ] GC(437) Pause Young (Mixed) (G1 Evacuation Pause)
[2516.275s][info][gc,task        ] GC(437) Using 6 workers of 6 for evacuation
[2516.410s][info][gc,phases      ] GC(437)   Pre Evacuate Collection Set: 0.39ms
[2516.410s][info][gc,phases      ] GC(437)   Merge Heap Roots: 0.79ms
[2516.410s][info][gc,phases      ] GC(437)   Evacuate Collection Set: 132.14ms
[2516.410s][info][gc,phases      ] GC(437)   Post Evacuate Collection Set: 0.97ms
[2516.410s][info][gc,phases      ] GC(437)   Other: 0.10ms
[2516.410s][info][gc,heap        ] GC(437) Eden regions: 1109->0(1119)
[2516.410s][info][gc,heap        ] GC(437) Survivor regions: 110->109(153)
[2516.410s][info][gc,heap        ] GC(437) Old regions: 536->472
[2516.410s][info][gc,heap        ] GC(437) Humongous regions: 80->80
[2516.410s][info][gc,metaspace   ] GC(437) Metaspace: 28915K(29248K)->28915K(29248K) NonClass: 24033K(24192K)->24033K(24192K) Class: 4882K(5056K)->4882K(5056K)
[2516.410s][info][gc             ] GC(437) Pause Young (Mixed) (G1 Evacuation Pause) 3668M->1321M(4096M) 134.521ms
[2516.410s][info][gc,cpu         ] GC(437) User=0.79s Sys=0.00s Real=0.14s
....[2520.993s][info][gc,start       ] GC(438) Pause Young (Concurrent Start) (G1 Evacuation Pause)
[2520.993s][info][gc,task        ] GC(438) Using 6 workers of 6 for evacuation
[2521.110s][info][gc,phases      ] GC(438)   Pre Evacuate Collection Set: 0.42ms
[2521.110s][info][gc,phases      ] GC(438)   Merge Heap Roots: 0.59ms
[2521.110s][info][gc,phases      ] GC(438)   Evacuate Collection Set: 114.73ms
[2521.110s][info][gc,phases      ] GC(438)   Post Evacuate Collection Set: 0.92ms
[2521.110s][info][gc,phases      ] GC(438)   Other: 0.11ms
[2521.110s][info][gc,heap        ] GC(438) Eden regions: 1119->0(1120)
[2521.110s][info][gc,heap        ] GC(438) Survivor regions: 109->108(154)
[2521.110s][info][gc,heap        ] GC(438) Old regions: 472->504
[2521.110s][info][gc,heap        ] GC(438) Humongous regions: 80->80
[2521.110s][info][gc,metaspace   ] GC(438) Metaspace: 28915K(29248K)->28915K(29248K) NonClass: 24033K(24192K)->24033K(24192K) Class: 4882K(5056K)->4882K(5056K)
[2521.110s][info][gc             ] GC(438) Pause Young (Concurrent Start) (G1 Evacuation Pause) 3559M->1381M(4096M) 116.930ms
[2521.110s][info][gc             ] GC(439) Concurrent Mark Cycle
[2521.110s][info][gc,marking     ] GC(439) Concurrent Scan Root Regions
[2521.110s][info][gc,cpu         ] GC(438) User=0.69s Sys=0.00s Real=0.12s
.[2521.240s][info][gc,marking     ] GC(439) Concurrent Scan Root Regions 130.709ms
[2521.240s][info][gc,marking     ] GC(439) Concurrent Mark
[2521.240s][info][gc,marking     ] GC(439) Concurrent Mark From Roots
[2521.240s][info][gc,task        ] GC(439) Using 2 workers of 2 for marking
. (rIR:aIR:PR = 4013:4015:4015) (tPR = 59949) [OK] 
  2521s: Performance info:
         Transaction,    Success,    Partial,     Failed,   Receipts, AvgBarcode, 
             Overall,     241929,          0,          0,     229823,      59.48, 
         Response times:
             Request,    Success,    Partial,     Failed,   SkipFail,     Probes,    Samples,      min,      p50,      p90,      p95,      p99,      max, 
       TotalPurchase,     229823,          0,          0,          0,     225399,     290629,      300,     3500,     6300,     9400,    38000,   186000,
     InStorePurchase,     120910,          0,          0,          0,     118608,     152471,      300,     3400,     6300,     9400,    38000,   154000,
      OnlinePurchase,      84705,          0,          0,          0,      83247,     107551,      300,     3500,     6300,     9400,    38000,   186000,
        InstPurchase,      24208,          0,          0,          0,      23544,      30607,      400,     3800,     6500,     9700,    39000,   154000,
          AssocOfCat,        244,          0,          0,          0,        186,        294,    18800,    34000,    49000,    55000,   103150,   248000,
      AssocOfProduct,       2423,          0,          0,          0,       2224,       3027,      600,     3200,     5500,     8700,    34000,   140000,
      BusinessReport,        606,          0,          0,          0,        523,        776,    24000,    38000,    55000,    73150,   162380,   194000,
          CustBuyBeh,       2419,          0,          0,          0,       2217,       3101,      200,     1100,     5700,     7900,    32980,   147000,
       ProductReturn,       6413,          0,          0,          0,       6151,       8220,      300,     3100,     6100,     9600,    37790,   147000,

  2521s: (30%)   IR =   4151 [2522.207s][info][gc,marking     ] GC(439) Concurrent Mark From Roots 966.436ms
[2522.207s][info][gc,marking     ] GC(439) Concurrent Preclean
[2522.207s][info][gc,marking     ] GC(439) Concurrent Preclean 0.057ms
[2522.207s][info][gc,start       ] GC(439) Pause Remark
[2522.212s][info][gc             ] GC(439) Pause Remark 1959M->1959M(4096M) 4.619ms
[2522.212s][info][gc,cpu         ] GC(439) User=0.02s Sys=0.00s Real=0.01s
[2522.212s][info][gc,marking     ] GC(439) Concurrent Mark 971.393ms
[2522.212s][info][gc,marking     ] GC(439) Concurrent Rebuild Remembered Sets and Scrub Regions
[2522.569s][info][gc,marking     ] GC(439) Concurrent Rebuild Remembered Sets and Scrub Regions 356.686ms
[2522.569s][info][gc,start       ] GC(439) Pause Cleanup
[2522.569s][info][gc             ] GC(439) Pause Cleanup 2156M->2156M(4096M) 0.136ms
[2522.569s][info][gc,cpu         ] GC(439) User=0.00s Sys=0.00s Real=0.00s
[2522.569s][info][gc,marking     ] GC(439) Concurrent Clear Claimed Marks
[2522.569s][info][gc,marking     ] GC(439) Concurrent Clear Claimed Marks 0.027ms
[2522.569s][info][gc,marking     ] GC(439) Concurrent Cleanup for Next Mark
[2522.573s][info][gc,marking     ] GC(439) Concurrent Cleanup for Next Mark 4.298ms
[2522.573s][info][gc             ] GC(439) Concurrent Mark Cycle 1463.630ms
...[2525.670s][info][gc,start       ] GC(440) Pause Young (Prepare Mixed) (G1 Evacuation Pause)
[2525.670s][info][gc,task        ] GC(440) Using 6 workers of 6 for evacuation
[2525.788s][info][gc,phases      ] GC(440)   Pre Evacuate Collection Set: 0.36ms
[2525.788s][info][gc,phases      ] GC(440)   Merge Heap Roots: 0.64ms
[2525.788s][info][gc,phases      ] GC(440)   Evacuate Collection Set: 115.85ms
[2525.788s][info][gc,phases      ] GC(440)   Post Evacuate Collection Set: 0.96ms
[2525.788s][info][gc,phases      ] GC(440)   Other: 0.10ms
[2525.788s][info][gc,heap        ] GC(440) Eden regions: 1120->0(1111)
[2525.788s][info][gc,heap        ] GC(440) Survivor regions: 108->109(154)
[2525.788s][info][gc,heap        ] GC(440) Old regions: 504->536
[2525.788s][info][gc,heap        ] GC(440) Humongous regions: 80->80
[2525.788s][info][gc,metaspace   ] GC(440) Metaspace: 28915K(29248K)->28915K(29248K) NonClass: 24033K(24192K)->24033K(24192K) Class: 4882K(5056K)->4882K(5056K)
[2525.788s][info][gc             ] GC(440) Pause Young (Prepare Mixed) (G1 Evacuation Pause) 3621M->1448M(4096M) 118.038ms
[2525.788s][info][gc,cpu         ] GC(440) User=0.70s Sys=0.01s Real=0.11s
.|...[2530.151s][info][gc,start       ] GC(441) Pause Young (Mixed) (G1 Evacuation Pause)
[2530.151s][info][gc,task        ] GC(441) Using 6 workers of 6 for evacuation
[2530.282s][info][gc,phases      ] GC(441)   Pre Evacuate Collection Set: 0.39ms
[2530.282s][info][gc,phases      ] GC(441)   Merge Heap Roots: 0.74ms
[2530.282s][info][gc,phases      ] GC(441)   Evacuate Collection Set: 128.87ms
[2530.282s][info][gc,phases      ] GC(441)   Post Evacuate Collection Set: 0.97ms
[2530.282s][info][gc,phases      ] GC(441)   Other: 0.09ms
[2530.282s][info][gc,heap        ] GC(441) Eden regions: 1111->0(1118)
[2530.282s][info][gc,heap        ] GC(441) Survivor regions: 109->110(153)
[2530.282s][info][gc,heap        ] GC(441) Old regions: 536->471
[2530.282s][info][gc,heap        ] GC(441) Humongous regions: 80->80
[2530.282s][info][gc,metaspace   ] GC(441) Metaspace: 28915K(29248K)->28915K(29248K) NonClass: 24033K(24192K)->24033K(24192K) Class: 4882K(5056K)->4882K(5056K)
[2530.282s][info][gc             ] GC(441) Pause Young (Mixed) (G1 Evacuation Pause) 3670M->1319M(4096M) 131.204ms
[2530.282s][info][gc,cpu         ] GC(441) User=0.78s Sys=0.00s Real=0.13s
.....[2534.690s][info][gc,start       ] GC(442) Pause Young (Concurrent Start) (G1 Evacuation Pause)
[2534.690s][info][gc,task        ] GC(442) Using 6 workers of 6 for evacuation
[2534.808s][info][gc,phases      ] GC(442)   Pre Evacuate Collection Set: 0.40ms
[2534.808s][info][gc,phases      ] GC(442)   Merge Heap Roots: 0.60ms
[2534.808s][info][gc,phases      ] GC(442)   Evacuate Collection Set: 115.59ms
[2534.808s][info][gc,phases      ] GC(442)   Post Evacuate Collection Set: 0.93ms
[2534.808s][info][gc,phases      ] GC(442)   Other: 0.12ms
[2534.808s][info][gc,heap        ] GC(442) Eden regions: 1118->0(1120)
[2534.808s][info][gc,heap        ] GC(442) Survivor regions: 110->108(154)
[2534.808s][info][gc,heap        ] GC(442) Old regions: 471->503
[2534.808s][info][gc,heap        ] GC(442) Humongous regions: 80->80
[2534.808s][info][gc,metaspace   ] GC(442) Metaspace: 28915K(29248K)->28915K(29248K) NonClass: 24033K(24192K)->24033K(24192K) Class: 4882K(5056K)->4882K(5056K)
[2534.808s][info][gc             ] GC(442) Pause Young (Concurrent Start) (G1 Evacuation Pause) 3555M->1381M(4096M) 117.763ms
[2534.808s][info][gc             ] GC(443) Concurrent Mark Cycle
[2534.808s][info][gc,marking     ] GC(443) Concurrent Scan Root Regions
[2534.808s][info][gc,cpu         ] GC(442) User=0.70s Sys=0.00s Real=0.12s
[2534.977s][info][gc,marking     ] GC(443) Concurrent Scan Root Regions 169.147ms
[2534.977s][info][gc,marking     ] GC(443) Concurrent Mark
[2534.977s][info][gc,marking     ] GC(443) Concurrent Mark From Roots
[2534.977s][info][gc,task        ] GC(443) Using 2 workers of 2 for marking
.[2535.976s][info][gc,marking     ] GC(443) Concurrent Mark From Roots 998.304ms
[2535.976s][info][gc,marking     ] GC(443) Concurrent Preclean
[2535.976s][info][gc,marking     ] GC(443) Concurrent Preclean 0.070ms
[2535.976s][info][gc,start       ] GC(443) Pause Remark
[2535.980s][info][gc             ] GC(443) Pause Remark 1990M->1990M(4096M) 3.762ms
[2535.980s][info][gc,cpu         ] GC(443) User=0.02s Sys=0.01s Real=0.01s
[2535.980s][info][gc,marking     ] GC(443) Concurrent Mark 1002.404ms
[2535.980s][info][gc,marking     ] GC(443) Concurrent Rebuild Remembered Sets and Scrub Regions
.[2536.343s][info][gc,marking     ] GC(443) Concurrent Rebuild Remembered Sets and Scrub Regions 362.964ms
[2536.343s][info][gc,start       ] GC(443) Pause Cleanup
[2536.343s][info][gc             ] GC(443) Pause Cleanup 2174M->2174M(4096M) 0.129ms
[2536.343s][info][gc,cpu         ] GC(443) User=0.00s Sys=0.00s Real=0.00s
[2536.343s][info][gc,marking     ] GC(443) Concurrent Clear Claimed Marks
[2536.343s][info][gc,marking     ] GC(443) Concurrent Clear Claimed Marks 0.027ms
[2536.343s][info][gc,marking     ] GC(443) Concurrent Cleanup for Next Mark
[2536.347s][info][gc,marking     ] GC(443) Concurrent Cleanup for Next Mark 3.927ms
[2536.347s][info][gc             ] GC(443) Concurrent Mark Cycle 1538.908ms
..[2539.284s][info][gc,start       ] GC(444) Pause Young (Prepare Mixed) (G1 Evacuation Pause)
[2539.284s][info][gc,task        ] GC(444) Using 6 workers of 6 for evacuation
[2539.405s][info][gc,phases      ] GC(444)   Pre Evacuate Collection Set: 0.38ms
[2539.405s][info][gc,phases      ] GC(444)   Merge Heap Roots: 0.61ms
[2539.405s][info][gc,phases      ] GC(444)   Evacuate Collection Set: 119.04ms
[2539.405s][info][gc,phases      ] GC(444)   Post Evacuate Collection Set: 0.96ms
[2539.405s][info][gc,phases      ] GC(444)   Other: 0.09ms
[2539.405s][info][gc,heap        ] GC(444) Eden regions: 1120->0(1106)
[2539.405s][info][gc,heap        ] GC(444) Survivor regions: 108->112(154)
[2539.405s][info][gc,heap        ] GC(444) Old regions: 503->535
[2539.405s][info][gc,heap        ] GC(444) Humongous regions: 80->80
[2539.405s][info][gc,metaspace   ] GC(444) Metaspace: 28915K(29248K)->28915K(29248K) NonClass: 24033K(24192K)->24033K(24192K) Class: 4882K(5056K)->4882K(5056K)
[2539.405s][info][gc             ] GC(444) Pause Young (Prepare Mixed) (G1 Evacuation Pause) 3621M->1452M(4096M) 121.222ms
[2539.405s][info][gc,cpu         ] GC(444) User=0.72s Sys=0.00s Real=0.12s
.....[2543.779s][info][gc,start       ] GC(445) Pause Young (Mixed) (G1 Evacuation Pause)
[2543.779s][info][gc,task        ] GC(445) Using 6 workers of 6 for evacuation
[2543.914s][info][gc,phases      ] GC(445)   Pre Evacuate Collection Set: 0.40ms
[2543.914s][info][gc,phases      ] GC(445)   Merge Heap Roots: 0.83ms
[2543.914s][info][gc,phases      ] GC(445)   Evacuate Collection Set: 132.42ms
[2543.914s][info][gc,phases      ] GC(445)   Post Evacuate Collection Set: 0.99ms
[2543.914s][info][gc,phases      ] GC(445)   Other: 0.09ms
[2543.914s][info][gc,heap        ] GC(445) Eden regions: 1106->0(1120)
[2543.914s][info][gc,heap        ] GC(445) Survivor regions: 112->108(153)
[2543.914s][info][gc,heap        ] GC(445) Old regions: 535->473
[2543.914s][info][gc,heap        ] GC(445) Humongous regions: 80->80
[2543.914s][info][gc,metaspace   ] GC(445) Metaspace: 28915K(29248K)->28915K(29248K) NonClass: 24033K(24192K)->24033K(24192K) Class: 4882K(5056K)->4882K(5056K)
[2543.914s][info][gc             ] GC(445) Pause Young (Mixed) (G1 Evacuation Pause) 3664M->1319M(4096M) 134.863ms
[2543.914s][info][gc,cpu         ] GC(445) User=0.80s Sys=0.00s Real=0.13s
....[2548.348s][info][gc,start       ] GC(446) Pause Young (Concurrent Start) (G1 Evacuation Pause)
[2548.348s][info][gc,task        ] GC(446) Using 6 workers of 6 for evacuation
[2548.466s][info][gc,phases      ] GC(446)   Pre Evacuate Collection Set: 0.42ms
[2548.466s][info][gc,phases      ] GC(446)   Merge Heap Roots: 0.59ms
[2548.466s][info][gc,phases      ] GC(446)   Evacuate Collection Set: 115.81ms
[2548.466s][info][gc,phases      ] GC(446)   Post Evacuate Collection Set: 0.89ms
[2548.466s][info][gc,phases      ] GC(446)   Other: 0.11ms
[2548.466s][info][gc,heap        ] GC(446) Eden regions: 1120->0(1119)
[2548.466s][info][gc,heap        ] GC(446) Survivor regions: 108->109(154)
[2548.466s][info][gc,heap        ] GC(446) Old regions: 473->505
[2548.466s][info][gc,heap        ] GC(446) Humongous regions: 80->80
[2548.466s][info][gc,metaspace   ] GC(446) Metaspace: 28915K(29248K)->28915K(29248K) NonClass: 24033K(24192K)->24033K(24192K) Class: 4882K(5056K)->4882K(5056K)
[2548.466s][info][gc             ] GC(446) Pause Young (Concurrent Start) (G1 Evacuation Pause) 3559M->1387M(4096M) 117.964ms
[2548.466s][info][gc             ] GC(447) Concurrent Mark Cycle
[2548.466s][info][gc,marking     ] GC(447) Concurrent Scan Root Regions
[2548.466s][info][gc,cpu         ] GC(446) User=0.70s Sys=0.00s Real=0.12s
.[2548.637s][info][gc,marking     ] GC(447) Concurrent Scan Root Regions 171.430ms
[2548.637s][info][gc,marking     ] GC(447) Concurrent Mark
[2548.637s][info][gc,marking     ] GC(447) Concurrent Mark From Roots
[2548.637s][info][gc,task        ] GC(447) Using 2 workers of 2 for marking
[2549.341s][info][gc,marking     ] GC(447) Concurrent Mark From Roots 703.948ms
[2549.341s][info][gc,marking     ] GC(447) Concurrent Preclean
[2549.341s][info][gc,marking     ] GC(447) Concurrent Preclean 0.063ms
[2549.341s][info][gc,start       ] GC(447) Pause Remark
[2549.345s][info][gc             ] GC(447) Pause Remark 1852M->1852M(4096M) 3.867ms
[2549.345s][info][gc,cpu         ] GC(447) User=0.02s Sys=0.00s Real=0.00s
[2549.345s][info][gc,marking     ] GC(447) Concurrent Mark 708.128ms
[2549.345s][info][gc,marking     ] GC(447) Concurrent Rebuild Remembered Sets and Scrub Regions
.[2549.621s][info][gc,marking     ] GC(447) Concurrent Rebuild Remembered Sets and Scrub Regions 275.842ms
[2549.622s][info][gc,start       ] GC(447) Pause Cleanup
[2549.622s][info][gc             ] GC(447) Pause Cleanup 1998M->1998M(4096M) 0.148ms
[2549.622s][info][gc,cpu         ] GC(447) User=0.00s Sys=0.00s Real=0.00s
[2549.622s][info][gc,marking     ] GC(447) Concurrent Clear Claimed Marks
[2549.622s][info][gc,marking     ] GC(447) Concurrent Clear Claimed Marks 0.037ms
[2549.622s][info][gc,marking     ] GC(447) Concurrent Cleanup for Next Mark
[2549.626s][info][gc,marking     ] GC(447) Concurrent Cleanup for Next Mark 3.956ms
[2549.626s][info][gc             ] GC(447) Concurrent Mark Cycle 1160.388ms
...[2552.924s][info][gc,start       ] GC(448) Pause Young (Prepare Mixed) (G1 Evacuation Pause)
[2552.924s][info][gc,task        ] GC(448) Using 6 workers of 6 for evacuation
[2553.044s][info][gc,phases      ] GC(448)   Pre Evacuate Collection Set: 0.38ms
[2553.044s][info][gc,phases      ] GC(448)   Merge Heap Roots: 0.65ms
[2553.044s][info][gc,phases      ] GC(448)   Evacuate Collection Set: 117.69ms
[2553.044s][info][gc,phases      ] GC(448)   Post Evacuate Collection Set: 1.00ms
[2553.044s][info][gc,phases      ] GC(448)   Other: 0.09ms
[2553.044s][info][gc,heap        ] GC(448) Eden regions: 1119->0(1108)
[2553.044s][info][gc,heap        ] GC(448) Survivor regions: 109->110(154)
[2553.044s][info][gc,heap        ] GC(448) Old regions: 505->537
[2553.044s][info][gc,heap        ] GC(448) Humongous regions: 80->80
[2553.044s][info][gc,metaspace   ] GC(448) Metaspace: 28915K(29248K)->28915K(29248K) NonClass: 24033K(24192K)->24033K(24192K) Class: 4882K(5056K)->4882K(5056K)
[2553.044s][info][gc             ] GC(448) Pause Young (Prepare Mixed) (G1 Evacuation Pause) 3625M->1452M(4096M) 119.933ms
[2553.044s][info][gc,cpu         ] GC(448) User=0.71s Sys=0.00s Real=0.12s
....[2557.524s][info][gc,start       ] GC(449) Pause Young (Mixed) (G1 Evacuation Pause)
[2557.524s][info][gc,task        ] GC(449) Using 6 workers of 6 for evacuation
[2557.663s][info][gc,phases      ] GC(449)   Pre Evacuate Collection Set: 0.40ms
[2557.663s][info][gc,phases      ] GC(449)   Merge Heap Roots: 0.83ms
[2557.663s][info][gc,phases      ] GC(449)   Evacuate Collection Set: 136.26ms
[2557.663s][info][gc,phases      ] GC(449)   Post Evacuate Collection Set: 0.98ms
[2557.663s][info][gc,phases      ] GC(449)   Other: 0.10ms
[2557.663s][info][gc,heap        ] GC(449) Eden regions: 1108->0(1116)
[2557.663s][info][gc,heap        ] GC(449) Survivor regions: 110->112(153)
[2557.663s][info][gc,heap        ] GC(449) Old regions: 537->471
[2557.663s][info][gc,heap        ] GC(449) Humongous regions: 80->80
[2557.663s][info][gc,metaspace   ] GC(449) Metaspace: 28915K(29248K)->28915K(29248K) NonClass: 24033K(24192K)->24033K(24192K) Class: 4882K(5056K)->4882K(5056K)
[2557.663s][info][gc             ] GC(449) Pause Young (Mixed) (G1 Evacuation Pause) 3668M->1325M(4096M) 138.733ms
[2557.663s][info][gc,cpu         ] GC(449) User=0.81s Sys=0.00s Real=0.14s
.....[2562.071s][info][gc,start       ] GC(450) Pause Young (Concurrent Start) (G1 Evacuation Pause)
[2562.071s][info][gc,task        ] GC(450) Using 6 workers of 6 for evacuation
[2562.189s][info][gc,phases      ] GC(450)   Pre Evacuate Collection Set: 0.40ms
[2562.189s][info][gc,phases      ] GC(450)   Merge Heap Roots: 0.55ms
[2562.189s][info][gc,phases      ] GC(450)   Evacuate Collection Set: 115.89ms
[2562.189s][info][gc,phases      ] GC(450)   Post Evacuate Collection Set: 0.89ms
[2562.189s][info][gc,phases      ] GC(450)   Other: 0.10ms
[2562.189s][info][gc,heap        ] GC(450) Eden regions: 1116->0(1119)
[2562.189s][info][gc,heap        ] GC(450) Survivor regions: 112->109(154)
[2562.189s][info][gc,heap        ] GC(450) Old regions: 471->503
[2562.189s][info][gc,heap        ] GC(450) Humongous regions: 80->80
[2562.189s][info][gc,metaspace   ] GC(450) Metaspace: 28915K(29248K)->28915K(29248K) NonClass: 24033K(24192K)->24033K(24192K) Class: 4882K(5056K)->4882K(5056K)
[2562.189s][info][gc             ] GC(450) Pause Young (Concurrent Start) (G1 Evacuation Pause) 3557M->1383M(4096M) 117.969ms
[2562.189s][info][gc             ] GC(451) Concurrent Mark Cycle
[2562.189s][info][gc,marking     ] GC(451) Concurrent Scan Root Regions
[2562.189s][info][gc,cpu         ] GC(450) User=0.69s Sys=0.00s Real=0.12s
[2562.369s][info][gc,marking     ] GC(451) Concurrent Scan Root Regions 180.398ms
[2562.370s][info][gc,marking     ] GC(451) Concurrent Mark
[2562.370s][info][gc,marking     ] GC(451) Concurrent Mark From Roots
[2562.370s][info][gc,task        ] GC(451) Using 2 workers of 2 for marking
.[2563.325s][info][gc,marking     ] GC(451) Concurrent Mark From Roots 955.342ms
[2563.325s][info][gc,marking     ] GC(451) Concurrent Preclean
[2563.325s][info][gc,marking     ] GC(451) Concurrent Preclean 0.056ms
[2563.325s][info][gc,start       ] GC(451) Pause Remark
[2563.330s][info][gc             ] GC(451) Pause Remark 1995M->1995M(4096M) 4.637ms
[2563.330s][info][gc,cpu         ] GC(451) User=0.03s Sys=0.01s Real=0.01s
[2563.330s][info][gc,marking     ] GC(451) Concurrent Mark 960.284ms
[2563.330s][info][gc,marking     ] GC(451) Concurrent Rebuild Remembered Sets and Scrub Regions
.[2563.690s][info][gc,marking     ] GC(451) Concurrent Rebuild Remembered Sets and Scrub Regions 360.075ms
[2563.690s][info][gc,start       ] GC(451) Pause Cleanup
[2563.690s][info][gc             ] GC(451) Pause Cleanup 2173M->2173M(4096M) 0.131ms
[2563.690s][info][gc,cpu         ] GC(451) User=0.00s Sys=0.00s Real=0.00s
[2563.690s][info][gc,marking     ] GC(451) Concurrent Clear Claimed Marks
[2563.690s][info][gc,marking     ] GC(451) Concurrent Clear Claimed Marks 0.028ms
[2563.690s][info][gc,marking     ] GC(451) Concurrent Cleanup for Next Mark
[2563.695s][info][gc,marking     ] GC(451) Concurrent Cleanup for Next Mark 4.571ms
[2563.695s][info][gc             ] GC(451) Concurrent Mark Cycle 1505.856ms
..[2566.588s][info][gc,start       ] GC(452) Pause Young (Prepare Mixed) (G1 Evacuation Pause)
[2566.588s][info][gc,task        ] GC(452) Using 6 workers of 6 for evacuation
[2566.708s][info][gc,phases      ] GC(452)   Pre Evacuate Collection Set: 0.35ms
[2566.708s][info][gc,phases      ] GC(452)   Merge Heap Roots: 0.62ms
[2566.708s][info][gc,phases      ] GC(452)   Evacuate Collection Set: 117.77ms
[2566.708s][info][gc,phases      ] GC(452)   Post Evacuate Collection Set: 0.97ms
[2566.708s][info][gc,phases      ] GC(452)   Other: 0.10ms
[2566.708s][info][gc,heap        ] GC(452) Eden regions: 1119->0(1110)
[2566.708s][info][gc,heap        ] GC(452) Survivor regions: 109->110(154)
[2566.708s][info][gc,heap        ] GC(452) Old regions: 503->535
[2566.708s][info][gc,heap        ] GC(452) Humongous regions: 80->80
[2566.708s][info][gc,metaspace   ] GC(452) Metaspace: 28915K(29248K)->28915K(29248K) NonClass: 24033K(24192K)->24033K(24192K) Class: 4882K(5056K)->4882K(5056K)
[2566.708s][info][gc             ] GC(452) Pause Young (Prepare Mixed) (G1 Evacuation Pause) 3621M->1449M(4096M) 119.952ms
[2566.708s][info][gc,cpu         ] GC(452) User=0.71s Sys=0.00s Real=0.12s
.....[2571.060s][info][gc,start       ] GC(453) Pause Young (Mixed) (G1 Evacuation Pause)
[2571.060s][info][gc,task        ] GC(453) Using 6 workers of 6 for evacuation
[2571.196s][info][gc,phases      ] GC(453)   Pre Evacuate Collection Set: 0.38ms
[2571.196s][info][gc,phases      ] GC(453)   Merge Heap Roots: 0.79ms
[2571.196s][info][gc,phases      ] GC(453)   Evacuate Collection Set: 133.34ms
[2571.196s][info][gc,phases      ] GC(453)   Post Evacuate Collection Set: 0.97ms
[2571.196s][info][gc,phases      ] GC(453)   Other: 0.09ms
[2571.196s][info][gc,heap        ] GC(453) Eden regions: 1110->0(1117)
[2571.196s][info][gc,heap        ] GC(453) Survivor regions: 110->111(153)
[2571.196s][info][gc,heap        ] GC(453) Old regions: 535->473
[2571.196s][info][gc,heap        ] GC(453) Humongous regions: 80->80
[2571.196s][info][gc,metaspace   ] GC(453) Metaspace: 28917K(29248K)->28917K(29248K) NonClass: 24035K(24192K)->24035K(24192K) Class: 4882K(5056K)->4882K(5056K)
[2571.196s][info][gc             ] GC(453) Pause Young (Mixed) (G1 Evacuation Pause) 3669M->1326M(4096M) 135.704ms
[2571.196s][info][gc,cpu         ] GC(453) User=0.80s Sys=0.00s Real=0.13s
....[2575.676s][info][gc,start       ] GC(454) Pause Young (Concurrent Start) (G1 Evacuation Pause)
[2575.676s][info][gc,task        ] GC(454) Using 6 workers of 6 for evacuation
[2575.799s][info][gc,phases      ] GC(454)   Pre Evacuate Collection Set: 0.41ms
[2575.799s][info][gc,phases      ] GC(454)   Merge Heap Roots: 0.58ms
[2575.799s][info][gc,phases      ] GC(454)   Evacuate Collection Set: 120.44ms
[2575.799s][info][gc,phases      ] GC(454)   Post Evacuate Collection Set: 0.90ms
[2575.799s][info][gc,phases      ] GC(454)   Other: 0.16ms
[2575.799s][info][gc,heap        ] GC(454) Eden regions: 1117->0(1117)
[2575.799s][info][gc,heap        ] GC(454) Survivor regions: 111->111(154)
[2575.799s][info][gc,heap        ] GC(454) Old regions: 473->505
[2575.799s][info][gc,heap        ] GC(454) Humongous regions: 80->80
[2575.799s][info][gc,metaspace   ] GC(454) Metaspace: 28917K(29248K)->28917K(29248K) NonClass: 24035K(24192K)->24035K(24192K) Class: 4882K(5056K)->4882K(5056K)
[2575.799s][info][gc             ] GC(454) Pause Young (Concurrent Start) (G1 Evacuation Pause) 3560M->1390M(4096M) 122.629ms
[2575.799s][info][gc             ] GC(455) Concurrent Mark Cycle
[2575.799s][info][gc,marking     ] GC(455) Concurrent Scan Root Regions
[2575.799s][info][gc,cpu         ] GC(454) User=0.72s Sys=0.00s Real=0.13s
.[2575.933s][info][gc,marking     ] GC(455) Concurrent Scan Root Regions 133.976ms
[2575.933s][info][gc,marking     ] GC(455) Concurrent Mark
[2575.933s][info][gc,marking     ] GC(455) Concurrent Mark From Roots
[2575.933s][info][gc,task        ] GC(455) Using 2 workers of 2 for marking
[2576.554s][info][gc,marking     ] GC(455) Concurrent Mark From Roots 621.332ms
[2576.554s][info][gc,marking     ] GC(455) Concurrent Preclean
[2576.554s][info][gc,marking     ] GC(455) Concurrent Preclean 0.057ms
[2576.554s][info][gc,start       ] GC(455) Pause Remark
[2576.558s][info][gc             ] GC(455) Pause Remark 1789M->1789M(4096M) 3.868ms
[2576.558s][info][gc,cpu         ] GC(455) User=0.02s Sys=0.00s Real=0.01s
[2576.558s][info][gc,marking     ] GC(455) Concurrent Mark 625.531ms
[2576.558s][info][gc,marking     ] GC(455) Concurrent Rebuild Remembered Sets and Scrub Regions
[2576.791s][info][gc,marking     ] GC(455) Concurrent Rebuild Remembered Sets and Scrub Regions 232.742ms
[2576.791s][info][gc,start       ] GC(455) Pause Cleanup
[2576.791s][info][gc             ] GC(455) Pause Cleanup 1900M->1900M(4096M) 0.139ms
[2576.792s][info][gc,cpu         ] GC(455) User=0.00s Sys=0.00s Real=0.00s
[2576.793s][info][gc,marking     ] GC(455) Concurrent Clear Claimed Marks
[2576.793s][info][gc,marking     ] GC(455) Concurrent Clear Claimed Marks 0.040ms
[2576.793s][info][gc,marking     ] GC(455) Concurrent Cleanup for Next Mark
[2576.797s][info][gc,marking     ] GC(455) Concurrent Cleanup for Next Mark 3.814ms
[2576.797s][info][gc             ] GC(455) Concurrent Mark Cycle 998.019ms
....[2580.222s][info][gc,start       ] GC(456) Pause Young (Prepare Mixed) (G1 Evacuation Pause)
[2580.222s][info][gc,task        ] GC(456) Using 6 workers of 6 for evacuation
[2580.339s][info][gc,phases      ] GC(456)   Pre Evacuate Collection Set: 0.35ms
[2580.339s][info][gc,phases      ] GC(456)   Merge Heap Roots: 0.58ms
[2580.339s][info][gc,phases      ] GC(456)   Evacuate Collection Set: 114.83ms
[2580.339s][info][gc,phases      ] GC(456)   Post Evacuate Collection Set: 0.96ms
[2580.339s][info][gc,phases      ] GC(456)   Other: 0.09ms
[2580.339s][info][gc,heap        ] GC(456) Eden regions: 1117->0(1109)
[2580.339s][info][gc,heap        ] GC(456) Survivor regions: 111->110(154)
[2580.339s][info][gc,heap        ] GC(456) Old regions: 505->536
[2580.339s][info][gc,heap        ] GC(456) Humongous regions: 80->80
[2580.339s][info][gc,metaspace   ] GC(456) Metaspace: 28921K(29248K)->28921K(29248K) NonClass: 24039K(24192K)->24039K(24192K) Class: 4882K(5056K)->4882K(5056K)
[2580.339s][info][gc             ] GC(456) Pause Young (Prepare Mixed) (G1 Evacuation Pause) 3624M->1450M(4096M) 116.957ms
[2580.339s][info][gc,cpu         ] GC(456) User=0.69s Sys=0.00s Real=0.12s
....[2584.754s][info][gc,start       ] GC(457) Pause Young (Mixed) (G1 Evacuation Pause)
[2584.754s][info][gc,task        ] GC(457) Using 6 workers of 6 for evacuation
[2584.893s][info][gc,phases      ] GC(457)   Pre Evacuate Collection Set: 0.43ms
[2584.893s][info][gc,phases      ] GC(457)   Merge Heap Roots: 0.78ms
[2584.893s][info][gc,phases      ] GC(457)   Evacuate Collection Set: 136.56ms
[2584.893s][info][gc,phases      ] GC(457)   Post Evacuate Collection Set: 0.99ms
[2584.893s][info][gc,phases      ] GC(457)   Other: 0.10ms
[2584.893s][info][gc,heap        ] GC(457) Eden regions: 1109->0(1114)
[2584.893s][info][gc,heap        ] GC(457) Survivor regions: 110->114(153)
[2584.893s][info][gc,heap        ] GC(457) Old regions: 536->472
[2584.893s][info][gc,heap        ] GC(457) Humongous regions: 80->80
[2584.893s][info][gc,metaspace   ] GC(457) Metaspace: 28921K(29248K)->28921K(29248K) NonClass: 24039K(24192K)->24039K(24192K) Class: 4882K(5056K)->4882K(5056K)
[2584.893s][info][gc             ] GC(457) Pause Young (Mixed) (G1 Evacuation Pause) 3668M->1330M(4096M) 139.002ms
[2584.893s][info][gc,cpu         ] GC(457) User=0.82s Sys=0.00s Real=0.14s
... (rIR:aIR:PR = 4151:4154:4154) (tPR = 61821) [OK] 
  2586s: Performance info:
         Transaction,    Success,    Partial,     Failed,   Receipts, AvgBarcode, 
             Overall,     252325,          0,          0,     239726,      59.47, 
         Response times:
             Request,    Success,    Partial,     Failed,   SkipFail,     Probes,    Samples,      min,      p50,      p90,      p95,      p99,      max, 
       TotalPurchase,     239729,          0,          0,          0,     235695,     252303,      300,     3600,     6600,     9300,    46000,   269000,
     InStorePurchase,     126133,          0,          0,          0,     124186,     132662,      300,     3400,     6300,     8800,    43000,   235000,
      OnlinePurchase,      88368,          0,          0,          0,      86895,      92915,      300,     3800,     6800,     9900,    49000,   269000,
        InstPurchase,      25228,          0,          0,          0,      24614,      26726,      400,     4200,     7100,    10200,    49000,   217000,
          AssocOfCat,        250,          0,          0,          0,        205,        284,    18600,    34000,    47500,    52750,    78450,   153000,
      AssocOfProduct,       2520,          0,          0,          0,       2285,       2625,      600,     3300,     6400,     9300,    40740,   209000,
      BusinessReport,        632,          0,          0,          0,        533,        634,    25000,    39000,    56500,    67250,   176650,   218000,
          CustBuyBeh,       2524,          0,          0,          0,       2281,       2628,      300,     3800,     6500,     9755,    40710,   172000,
       ProductReturn,       6673,          0,          0,          0,       6362,       7035,      200,     3300,     6300,     9100,    39000,   148000,

  2586s: (31%)   IR =   4289 ..[2589.335s][info][gc,start       ] GC(458) Pause Young (Concurrent Start) (G1 Evacuation Pause)
[2589.335s][info][gc,task        ] GC(458) Using 6 workers of 6 for evacuation
[2589.458s][info][gc,phases      ] GC(458)   Pre Evacuate Collection Set: 0.44ms
[2589.458s][info][gc,phases      ] GC(458)   Merge Heap Roots: 0.60ms
[2589.458s][info][gc,phases      ] GC(458)   Evacuate Collection Set: 120.48ms
[2589.458s][info][gc,phases      ] GC(458)   Post Evacuate Collection Set: 1.00ms
[2589.458s][info][gc,phases      ] GC(458)   Other: 0.10ms
[2589.458s][info][gc,heap        ] GC(458) Eden regions: 1114->0(1116)
[2589.458s][info][gc,heap        ] GC(458) Survivor regions: 114->112(154)
[2589.458s][info][gc,heap        ] GC(458) Old regions: 472->504
[2589.458s][info][gc,heap        ] GC(458) Humongous regions: 80->80
[2589.458s][info][gc,metaspace   ] GC(458) Metaspace: 28922K(29248K)->28922K(29248K) NonClass: 24040K(24192K)->24040K(24192K) Class: 4882K(5056K)->4882K(5056K)
[2589.458s][info][gc             ] GC(458) Pause Young (Concurrent Start) (G1 Evacuation Pause) 3558M->1391M(4096M) 122.751ms
[2589.458s][info][gc             ] GC(459) Concurrent Mark Cycle
[2589.458s][info][gc,marking     ] GC(459) Concurrent Scan Root Regions
[2589.458s][info][gc,cpu         ] GC(458) User=0.72s Sys=0.00s Real=0.12s
[2589.627s][info][gc,marking     ] GC(459) Concurrent Scan Root Regions 169.230ms
[2589.627s][info][gc,marking     ] GC(459) Concurrent Mark
[2589.627s][info][gc,marking     ] GC(459) Concurrent Mark From Roots
[2589.627s][info][gc,task        ] GC(459) Using 2 workers of 2 for marking
.[2590.394s][info][gc,marking     ] GC(459) Concurrent Mark From Roots 767.091ms
[2590.394s][info][gc,marking     ] GC(459) Concurrent Preclean
[2590.394s][info][gc,marking     ] GC(459) Concurrent Preclean 0.062ms
[2590.394s][info][gc,start       ] GC(459) Pause Remark
[2590.397s][info][gc             ] GC(459) Pause Remark 1955M->1955M(4096M) 2.998ms
[2590.398s][info][gc,cpu         ] GC(459) User=0.01s Sys=0.00s Real=0.00s
[2590.398s][info][gc,marking     ] GC(459) Concurrent Mark 770.398ms
[2590.398s][info][gc,marking     ] GC(459) Concurrent Rebuild Remembered Sets and Scrub Regions
[2590.757s][info][gc,marking     ] GC(459) Concurrent Rebuild Remembered Sets and Scrub Regions 359.854ms
[2590.758s][info][gc,start       ] GC(459) Pause Cleanup
[2590.758s][info][gc             ] GC(459) Pause Cleanup 2166M->2166M(4096M) 0.127ms
[2590.758s][info][gc,cpu         ] GC(459) User=0.00s Sys=0.00s Real=0.00s
[2590.758s][info][gc,marking     ] GC(459) Concurrent Clear Claimed Marks
[2590.758s][info][gc,marking     ] GC(459) Concurrent Clear Claimed Marks 0.033ms
[2590.758s][info][gc,marking     ] GC(459) Concurrent Cleanup for Next Mark
[2590.762s][info][gc,marking     ] GC(459) Concurrent Cleanup for Next Mark 4.191ms
[2590.762s][info][gc             ] GC(459) Concurrent Mark Cycle 1304.204ms
...|[2593.673s][info][gc,start       ] GC(460) Pause Young (Prepare Mixed) (G1 Evacuation Pause)
[2593.674s][info][gc,task        ] GC(460) Using 6 workers of 6 for evacuation
[2593.790s][info][gc,phases      ] GC(460)   Pre Evacuate Collection Set: 0.35ms
[2593.791s][info][gc,phases      ] GC(460)   Merge Heap Roots: 0.64ms
[2593.791s][info][gc,phases      ] GC(460)   Evacuate Collection Set: 114.82ms
[2593.791s][info][gc,phases      ] GC(460)   Post Evacuate Collection Set: 1.03ms
[2593.791s][info][gc,phases      ] GC(460)   Other: 0.09ms
[2593.791s][info][gc,heap        ] GC(460) Eden regions: 1116->0(1111)
[2593.791s][info][gc,heap        ] GC(460) Survivor regions: 112->109(154)
[2593.791s][info][gc,heap        ] GC(460) Old regions: 504->536
[2593.791s][info][gc,heap        ] GC(460) Humongous regions: 80->80
[2593.791s][info][gc,metaspace   ] GC(460) Metaspace: 28922K(29248K)->28922K(29248K) NonClass: 24040K(24192K)->24040K(24192K) Class: 4882K(5056K)->4882K(5056K)
[2593.791s][info][gc             ] GC(460) Pause Young (Prepare Mixed) (G1 Evacuation Pause) 3623M->1447M(4096M) 117.067ms
[2593.791s][info][gc,cpu         ] GC(460) User=0.69s Sys=0.00s Real=0.12s
.....[2598.117s][info][gc,start       ] GC(461) Pause Young (Mixed) (G1 Evacuation Pause)
[2598.117s][info][gc,task        ] GC(461) Using 6 workers of 6 for evacuation
[2598.250s][info][gc,phases      ] GC(461)   Pre Evacuate Collection Set: 0.41ms
[2598.250s][info][gc,phases      ] GC(461)   Merge Heap Roots: 0.82ms
[2598.250s][info][gc,phases      ] GC(461)   Evacuate Collection Set: 130.53ms
[2598.250s][info][gc,phases      ] GC(461)   Post Evacuate Collection Set: 1.01ms
[2598.250s][info][gc,phases      ] GC(461)   Other: 0.10ms
[2598.250s][info][gc,heap        ] GC(461) Eden regions: 1111->0(1119)
[2598.250s][info][gc,heap        ] GC(461) Survivor regions: 109->109(153)
[2598.250s][info][gc,heap        ] GC(461) Old regions: 536->472
[2598.250s][info][gc,heap        ] GC(461) Humongous regions: 80->80
[2598.250s][info][gc,metaspace   ] GC(461) Metaspace: 28922K(29248K)->28922K(29248K) NonClass: 24040K(24192K)->24040K(24192K) Class: 4882K(5056K)->4882K(5056K)
[2598.250s][info][gc             ] GC(461) Pause Young (Mixed) (G1 Evacuation Pause) 3669M->1320M(4096M) 133.031ms
[2598.250s][info][gc,cpu         ] GC(461) User=0.78s Sys=0.01s Real=0.14s
....[2602.504s][info][gc,start       ] GC(462) Pause Young (Concurrent Start) (G1 Evacuation Pause)
[2602.504s][info][gc,task        ] GC(462) Using 6 workers of 6 for evacuation
[2602.623s][info][gc,phases      ] GC(462)   Pre Evacuate Collection Set: 0.41ms
[2602.623s][info][gc,phases      ] GC(462)   Merge Heap Roots: 0.57ms
[2602.623s][info][gc,phases      ] GC(462)   Evacuate Collection Set: 117.11ms
[2602.624s][info][gc,phases      ] GC(462)   Post Evacuate Collection Set: 0.92ms
[2602.624s][info][gc,phases      ] GC(462)   Other: 0.11ms
[2602.624s][info][gc,heap        ] GC(462) Eden regions: 1119->0(1117)
[2602.624s][info][gc,heap        ] GC(462) Survivor regions: 109->111(154)
[2602.624s][info][gc,heap        ] GC(462) Old regions: 472->503
[2602.624s][info][gc,heap        ] GC(462) Humongous regions: 80->80
[2602.624s][info][gc,metaspace   ] GC(462) Metaspace: 28925K(29248K)->28925K(29248K) NonClass: 24043K(24192K)->24043K(24192K) Class: 4882K(5056K)->4882K(5056K)
[2602.624s][info][gc             ] GC(462) Pause Young (Concurrent Start) (G1 Evacuation Pause) 3558M->1385M(4096M) 119.296ms
[2602.624s][info][gc             ] GC(463) Concurrent Mark Cycle
[2602.624s][info][gc,marking     ] GC(463) Concurrent Scan Root Regions
[2602.624s][info][gc,cpu         ] GC(462) User=0.70s Sys=0.00s Real=0.12s
[2602.795s][info][gc,marking     ] GC(463) Concurrent Scan Root Regions 171.802ms
[2602.795s][info][gc,marking     ] GC(463) Concurrent Mark
[2602.795s][info][gc,marking     ] GC(463) Concurrent Mark From Roots
[2602.795s][info][gc,task        ] GC(463) Using 2 workers of 2 for marking
.[2603.753s][info][gc,marking     ] GC(463) Concurrent Mark From Roots 957.933ms
[2603.753s][info][gc,marking     ] GC(463) Concurrent Preclean
[2603.754s][info][gc,marking     ] GC(463) Concurrent Preclean 0.089ms
[2603.754s][info][gc,start       ] GC(463) Pause Remark
[2603.758s][info][gc             ] GC(463) Pause Remark 2014M->2014M(4096M) 4.216ms
[2603.758s][info][gc,cpu         ] GC(463) User=0.02s Sys=0.00s Real=0.00s
[2603.759s][info][gc,marking     ] GC(463) Concurrent Mark 963.115ms
[2603.759s][info][gc,marking     ] GC(463) Concurrent Rebuild Remembered Sets and Scrub Regions
.[2604.030s][info][gc,marking     ] GC(463) Concurrent Rebuild Remembered Sets and Scrub Regions 271.111ms
[2604.030s][info][gc,start       ] GC(463) Pause Cleanup
[2604.030s][info][gc             ] GC(463) Pause Cleanup 2170M->2170M(4096M) 0.145ms
[2604.030s][info][gc,cpu         ] GC(463) User=0.00s Sys=0.00s Real=0.00s
[2604.031s][info][gc,marking     ] GC(463) Concurrent Clear Claimed Marks
[2604.031s][info][gc,marking     ] GC(463) Concurrent Clear Claimed Marks 0.043ms
[2604.031s][info][gc,marking     ] GC(463) Concurrent Cleanup for Next Mark
[2604.036s][info][gc,marking     ] GC(463) Concurrent Cleanup for Next Mark 5.062ms
[2604.036s][info][gc             ] GC(463) Concurrent Mark Cycle 1412.620ms
..[2606.888s][info][gc,start       ] GC(464) Pause Young (Prepare Mixed) (G1 Evacuation Pause)
[2606.888s][info][gc,task        ] GC(464) Using 6 workers of 6 for evacuation
[2607.007s][info][gc,phases      ] GC(464)   Pre Evacuate Collection Set: 0.38ms
[2607.007s][info][gc,phases      ] GC(464)   Merge Heap Roots: 0.64ms
[2607.007s][info][gc,phases      ] GC(464)   Evacuate Collection Set: 116.41ms
[2607.007s][info][gc,phases      ] GC(464)   Post Evacuate Collection Set: 0.97ms
[2607.007s][info][gc,phases      ] GC(464)   Other: 0.09ms
[2607.007s][info][gc,heap        ] GC(464) Eden regions: 1117->0(1110)
[2607.007s][info][gc,heap        ] GC(464) Survivor regions: 111->110(154)
[2607.007s][info][gc,heap        ] GC(464) Old regions: 503->535
[2607.007s][info][gc,heap        ] GC(464) Humongous regions: 80->80
[2607.007s][info][gc,metaspace   ] GC(464) Metaspace: 28925K(29248K)->28925K(29248K) NonClass: 24043K(24192K)->24043K(24192K) Class: 4882K(5056K)->4882K(5056K)
[2607.007s][info][gc             ] GC(464) Pause Young (Prepare Mixed) (G1 Evacuation Pause) 3619M->1449M(4096M) 118.624ms
[2607.007s][info][gc,cpu         ] GC(464) User=0.70s Sys=0.00s Real=0.11s
.....[2611.284s][info][gc,start       ] GC(465) Pause Young (Mixed) (G1 Evacuation Pause)
[2611.284s][info][gc,task        ] GC(465) Using 6 workers of 6 for evacuation
[2611.422s][info][gc,phases      ] GC(465)   Pre Evacuate Collection Set: 0.39ms
[2611.422s][info][gc,phases      ] GC(465)   Merge Heap Roots: 0.88ms
[2611.422s][info][gc,phases      ] GC(465)   Evacuate Collection Set: 135.52ms
[2611.422s][info][gc,phases      ] GC(465)   Post Evacuate Collection Set: 0.87ms
[2611.422s][info][gc,phases      ] GC(465)   Other: 0.09ms
[2611.422s][info][gc,heap        ] GC(465) Eden regions: 1110->0(1118)
[2611.422s][info][gc,heap        ] GC(465) Survivor regions: 110->110(153)
[2611.422s][info][gc,heap        ] GC(465) Old regions: 535->472
[2611.422s][info][gc,heap        ] GC(465) Humongous regions: 80->80
[2611.422s][info][gc,metaspace   ] GC(465) Metaspace: 28925K(29248K)->28925K(29248K) NonClass: 24043K(24192K)->24043K(24192K) Class: 4882K(5056K)->4882K(5056K)
[2611.422s][info][gc             ] GC(465) Pause Young (Mixed) (G1 Evacuation Pause) 3669M->1322M(4096M) 137.894ms
[2611.422s][info][gc,cpu         ] GC(465) User=0.82s Sys=0.00s Real=0.14s
....[2615.680s][info][gc,start       ] GC(466) Pause Young (Concurrent Start) (G1 Evacuation Pause)
[2615.680s][info][gc,task        ] GC(466) Using 6 workers of 6 for evacuation
[2615.795s][info][gc,phases      ] GC(466)   Pre Evacuate Collection Set: 0.41ms
[2615.795s][info][gc,phases      ] GC(466)   Merge Heap Roots: 0.58ms
[2615.795s][info][gc,phases      ] GC(466)   Evacuate Collection Set: 112.85ms
[2615.795s][info][gc,phases      ] GC(466)   Post Evacuate Collection Set: 0.91ms
[2615.795s][info][gc,phases      ] GC(466)   Other: 0.11ms
[2615.795s][info][gc,heap        ] GC(466) Eden regions: 1118->0(1120)
[2615.795s][info][gc,heap        ] GC(466) Survivor regions: 110->108(154)
[2615.795s][info][gc,heap        ] GC(466) Old regions: 472->503
[2615.795s][info][gc,heap        ] GC(466) Humongous regions: 80->80
[2615.795s][info][gc,metaspace   ] GC(466) Metaspace: 28925K(29248K)->28925K(29248K) NonClass: 24043K(24192K)->24043K(24192K) Class: 4882K(5056K)->4882K(5056K)
[2615.795s][info][gc             ] GC(466) Pause Young (Concurrent Start) (G1 Evacuation Pause) 3558M->1379M(4096M) 115.017ms
[2615.795s][info][gc             ] GC(467) Concurrent Mark Cycle
[2615.795s][info][gc,marking     ] GC(467) Concurrent Scan Root Regions
[2615.795s][info][gc,cpu         ] GC(466) User=0.68s Sys=0.00s Real=0.11s
[2615.961s][info][gc,marking     ] GC(467) Concurrent Scan Root Regions 165.251ms
[2615.961s][info][gc,marking     ] GC(467) Concurrent Mark
[2615.961s][info][gc,marking     ] GC(467) Concurrent Mark From Roots
[2615.961s][info][gc,task        ] GC(467) Using 2 workers of 2 for marking
.[2616.601s][info][gc,marking     ] GC(467) Concurrent Mark From Roots 639.933ms
[2616.601s][info][gc,marking     ] GC(467) Concurrent Preclean
[2616.601s][info][gc,marking     ] GC(467) Concurrent Preclean 0.044ms
[2616.601s][info][gc,start       ] GC(467) Pause Remark
[2616.605s][info][gc             ] GC(467) Pause Remark 1826M->1826M(4096M) 3.809ms
[2616.605s][info][gc,cpu         ] GC(467) User=0.02s Sys=0.00s Real=0.00s
[2616.605s][info][gc,marking     ] GC(467) Concurrent Mark 644.041ms
[2616.605s][info][gc,marking     ] GC(467) Concurrent Rebuild Remembered Sets and Scrub Regions
[2616.862s][info][gc,marking     ] GC(467) Concurrent Rebuild Remembered Sets and Scrub Regions 257.061ms
[2616.862s][info][gc,start       ] GC(467) Pause Cleanup
[2616.862s][info][gc             ] GC(467) Pause Cleanup 1977M->1977M(4096M) 0.141ms
[2616.862s][info][gc,cpu         ] GC(467) User=0.00s Sys=0.00s Real=0.00s
[2616.862s][info][gc,marking     ] GC(467) Concurrent Clear Claimed Marks
[2616.862s][info][gc,marking     ] GC(467) Concurrent Clear Claimed Marks 0.029ms
[2616.862s][info][gc,marking     ] GC(467) Concurrent Cleanup for Next Mark
[2616.867s][info][gc,marking     ] GC(467) Concurrent Cleanup for Next Mark 4.556ms
[2616.867s][info][gc             ] GC(467) Concurrent Mark Cycle 1071.505ms
....[2620.102s][info][gc,start       ] GC(468) Pause Young (Prepare Mixed) (G1 Evacuation Pause)
[2620.102s][info][gc,task        ] GC(468) Using 6 workers of 6 for evacuation
[2620.220s][info][gc,phases      ] GC(468)   Pre Evacuate Collection Set: 0.34ms
[2620.220s][info][gc,phases      ] GC(468)   Merge Heap Roots: 0.66ms
[2620.220s][info][gc,phases      ] GC(468)   Evacuate Collection Set: 116.12ms
[2620.220s][info][gc,phases      ] GC(468)   Post Evacuate Collection Set: 0.98ms
[2620.220s][info][gc,phases      ] GC(468)   Other: 0.10ms
[2620.220s][info][gc,heap        ] GC(468) Eden regions: 1120->0(1112)
[2620.220s][info][gc,heap        ] GC(468) Survivor regions: 108->109(154)
[2620.220s][info][gc,heap        ] GC(468) Old regions: 503->535
[2620.220s][info][gc,heap        ] GC(468) Humongous regions: 80->80
[2620.220s][info][gc,metaspace   ] GC(468) Metaspace: 28925K(29248K)->28925K(29248K) NonClass: 24043K(24192K)->24043K(24192K) Class: 4882K(5056K)->4882K(5056K)
[2620.220s][info][gc             ] GC(468) Pause Young (Prepare Mixed) (G1 Evacuation Pause) 3619M->1445M(4096M) 118.323ms
[2620.220s][info][gc,cpu         ] GC(468) User=0.70s Sys=0.01s Real=0.12s
....[2624.440s][info][gc,start       ] GC(469) Pause Young (Mixed) (G1 Evacuation Pause)
[2624.440s][info][gc,task        ] GC(469) Using 6 workers of 6 for evacuation
[2624.574s][info][gc,phases      ] GC(469)   Pre Evacuate Collection Set: 0.39ms
[2624.574s][info][gc,phases      ] GC(469)   Merge Heap Roots: 0.81ms
[2624.574s][info][gc,phases      ] GC(469)   Evacuate Collection Set: 132.13ms
[2624.574s][info][gc,phases      ] GC(469)   Post Evacuate Collection Set: 0.97ms
[2624.574s][info][gc,phases      ] GC(469)   Other: 0.10ms
[2624.574s][info][gc,heap        ] GC(469) Eden regions: 1112->0(1118)
[2624.574s][info][gc,heap        ] GC(469) Survivor regions: 109->110(153)
[2624.574s][info][gc,heap        ] GC(469) Old regions: 535->472
[2624.574s][info][gc,heap        ] GC(469) Humongous regions: 80->80
[2624.574s][info][gc,metaspace   ] GC(469) Metaspace: 28925K(29248K)->28925K(29248K) NonClass: 24043K(24192K)->24043K(24192K) Class: 4882K(5056K)->4882K(5056K)
[2624.575s][info][gc             ] GC(469) Pause Young (Mixed) (G1 Evacuation Pause) 3669M->1321M(4096M) 134.544ms
[2624.575s][info][gc,cpu         ] GC(469) User=0.80s Sys=0.00s Real=0.13s
....[2628.838s][info][gc,start       ] GC(470) Pause Young (Concurrent Start) (G1 Evacuation Pause)
[2628.838s][info][gc,task        ] GC(470) Using 6 workers of 6 for evacuation
[2628.953s][info][gc,phases      ] GC(470)   Pre Evacuate Collection Set: 0.42ms
[2628.953s][info][gc,phases      ] GC(470)   Merge Heap Roots: 0.55ms
[2628.953s][info][gc,phases      ] GC(470)   Evacuate Collection Set: 113.20ms
[2628.953s][info][gc,phases      ] GC(470)   Post Evacuate Collection Set: 0.93ms
[2628.953s][info][gc,phases      ] GC(470)   Other: 0.10ms
[2628.953s][info][gc,heap        ] GC(470) Eden regions: 1118->0(1121)
[2628.953s][info][gc,heap        ] GC(470) Survivor regions: 110->107(154)
[2628.953s][info][gc,heap        ] GC(470) Old regions: 472->504
[2628.953s][info][gc,heap        ] GC(470) Humongous regions: 80->80
[2628.953s][info][gc,metaspace   ] GC(470) Metaspace: 28925K(29248K)->28925K(29248K) NonClass: 24043K(24192K)->24043K(24192K) Class: 4882K(5056K)->4882K(5056K)
[2628.953s][info][gc             ] GC(470) Pause Young (Concurrent Start) (G1 Evacuation Pause) 3557M->1380M(4096M) 115.339ms
[2628.953s][info][gc             ] GC(471) Concurrent Mark Cycle
[2628.953s][info][gc,marking     ] GC(471) Concurrent Scan Root Regions
[2628.953s][info][gc,cpu         ] GC(470) User=0.68s Sys=0.00s Real=0.12s
.[2629.123s][info][gc,marking     ] GC(471) Concurrent Scan Root Regions 169.315ms
[2629.123s][info][gc,marking     ] GC(471) Concurrent Mark
[2629.123s][info][gc,marking     ] GC(471) Concurrent Mark From Roots
[2629.123s][info][gc,task        ] GC(471) Using 2 workers of 2 for marking
.[2630.114s][info][gc,marking     ] GC(471) Concurrent Mark From Roots 991.228ms
[2630.114s][info][gc,marking     ] GC(471) Concurrent Preclean
[2630.114s][info][gc,marking     ] GC(471) Concurrent Preclean 0.066ms
[2630.115s][info][gc,start       ] GC(471) Pause Remark
[2630.118s][info][gc             ] GC(471) Pause Remark 2009M->2009M(4096M) 3.895ms
[2630.118s][info][gc,cpu         ] GC(471) User=0.02s Sys=0.00s Real=0.01s
[2630.119s][info][gc,marking     ] GC(471) Concurrent Mark 995.881ms
[2630.119s][info][gc,marking     ] GC(471) Concurrent Rebuild Remembered Sets and Scrub Regions
[2630.480s][info][gc,marking     ] GC(471) Concurrent Rebuild Remembered Sets and Scrub Regions 361.190ms
[2630.480s][info][gc,start       ] GC(471) Pause Cleanup
[2630.480s][info][gc             ] GC(471) Pause Cleanup 2188M->2188M(4096M) 0.125ms
[2630.480s][info][gc,cpu         ] GC(471) User=0.00s Sys=0.00s Real=0.00s
[2630.480s][info][gc,marking     ] GC(471) Concurrent Clear Claimed Marks
[2630.480s][info][gc,marking     ] GC(471) Concurrent Clear Claimed Marks 0.029ms
[2630.480s][info][gc,marking     ] GC(471) Concurrent Cleanup for Next Mark
[2630.483s][info][gc,marking     ] GC(471) Concurrent Cleanup for Next Mark 3.256ms
[2630.483s][info][gc             ] GC(471) Concurrent Mark Cycle 1530.094ms
...[2633.339s][info][gc,start       ] GC(472) Pause Young (Prepare Mixed) (G1 Evacuation Pause)
[2633.339s][info][gc,task        ] GC(472) Using 6 workers of 6 for evacuation
[2633.456s][info][gc,phases      ] GC(472)   Pre Evacuate Collection Set: 0.38ms
[2633.457s][info][gc,phases      ] GC(472)   Merge Heap Roots: 0.66ms
[2633.457s][info][gc,phases      ] GC(472)   Evacuate Collection Set: 115.72ms
[2633.457s][info][gc,phases      ] GC(472)   Post Evacuate Collection Set: 1.00ms
[2633.457s][info][gc,phases      ] GC(472)   Other: 0.09ms
[2633.457s][info][gc,heap        ] GC(472) Eden regions: 1121->0(1110)
[2633.457s][info][gc,heap        ] GC(472) Survivor regions: 107->110(154)
[2633.457s][info][gc,heap        ] GC(472) Old regions: 504->535
[2633.457s][info][gc,heap        ] GC(472) Humongous regions: 80->80
[2633.457s][info][gc,metaspace   ] GC(472) Metaspace: 28925K(29248K)->28925K(29248K) NonClass: 24043K(24192K)->24043K(24192K) Class: 4882K(5056K)->4882K(5056K)
[2633.457s][info][gc             ] GC(472) Pause Young (Prepare Mixed) (G1 Evacuation Pause) 3622M->1449M(4096M) 117.973ms
[2633.457s][info][gc,cpu         ] GC(472) User=0.70s Sys=0.00s Real=0.11s
....[2637.720s][info][gc,start       ] GC(473) Pause Young (Mixed) (G1 Evacuation Pause)
[2637.720s][info][gc,task        ] GC(473) Using 6 workers of 6 for evacuation
[2637.853s][info][gc,phases      ] GC(473)   Pre Evacuate Collection Set: 0.39ms
[2637.853s][info][gc,phases      ] GC(473)   Merge Heap Roots: 0.77ms
[2637.853s][info][gc,phases      ] GC(473)   Evacuate Collection Set: 130.76ms
[2637.853s][info][gc,phases      ] GC(473)   Post Evacuate Collection Set: 0.97ms
[2637.853s][info][gc,phases      ] GC(473)   Other: 0.09ms
[2637.853s][info][gc,heap        ] GC(473) Eden regions: 1110->0(1119)
[2637.853s][info][gc,heap        ] GC(473) Survivor regions: 110->109(153)
[2637.853s][info][gc,heap        ] GC(473) Old regions: 535->471
[2637.853s][info][gc,heap        ] GC(473) Humongous regions: 80->80
[2637.853s][info][gc,metaspace   ] GC(473) Metaspace: 28925K(29248K)->28925K(29248K) NonClass: 24043K(24192K)->24043K(24192K) Class: 4882K(5056K)->4882K(5056K)
[2637.853s][info][gc             ] GC(473) Pause Young (Mixed) (G1 Evacuation Pause) 3669M->1317M(4096M) 133.125ms
[2637.853s][info][gc,cpu         ] GC(473) User=0.78s Sys=0.00s Real=0.13s
....[2642.082s][info][gc,start       ] GC(474) Pause Young (Concurrent Start) (G1 Evacuation Pause)
[2642.082s][info][gc,task        ] GC(474) Using 6 workers of 6 for evacuation
[2642.200s][info][gc,phases      ] GC(474)   Pre Evacuate Collection Set: 0.44ms
[2642.200s][info][gc,phases      ] GC(474)   Merge Heap Roots: 0.52ms
[2642.200s][info][gc,phases      ] GC(474)   Evacuate Collection Set: 115.34ms
[2642.200s][info][gc,phases      ] GC(474)   Post Evacuate Collection Set: 0.92ms
[2642.200s][info][gc,phases      ] GC(474)   Other: 0.12ms
[2642.200s][info][gc,heap        ] GC(474) Eden regions: 1119->0(1119)
[2642.200s][info][gc,heap        ] GC(474) Survivor regions: 109->109(154)
[2642.200s][info][gc,heap        ] GC(474) Old regions: 471->503
[2642.200s][info][gc,heap        ] GC(474) Humongous regions: 80->80
[2642.200s][info][gc,metaspace   ] GC(474) Metaspace: 28925K(29248K)->28925K(29248K) NonClass: 24043K(24192K)->24043K(24192K) Class: 4882K(5056K)->4882K(5056K)
[2642.200s][info][gc             ] GC(474) Pause Young (Concurrent Start) (G1 Evacuation Pause) 3555M->1382M(4096M) 117.488ms
[2642.200s][info][gc             ] GC(475) Concurrent Mark Cycle
[2642.200s][info][gc,marking     ] GC(475) Concurrent Scan Root Regions
[2642.200s][info][gc,cpu         ] GC(474) User=0.69s Sys=0.00s Real=0.12s
.[2642.374s][info][gc,marking     ] GC(475) Concurrent Scan Root Regions 174.072ms
[2642.374s][info][gc,marking     ] GC(475) Concurrent Mark
[2642.374s][info][gc,marking     ] GC(475) Concurrent Mark From Roots
[2642.374s][info][gc,task        ] GC(475) Using 2 workers of 2 for marking
.[2643.330s][info][gc,marking     ] GC(475) Concurrent Mark From Roots 956.200ms
[2643.330s][info][gc,marking     ] GC(475) Concurrent Preclean
[2643.330s][info][gc,marking     ] GC(475) Concurrent Preclean 0.067ms
[2643.330s][info][gc,start       ] GC(475) Pause Remark
[2643.335s][info][gc             ] GC(475) Pause Remark 2006M->2006M(4096M) 4.715ms
[2643.335s][info][gc,cpu         ] GC(475) User=0.03s Sys=0.00s Real=0.00s
[2643.335s][info][gc,marking     ] GC(475) Concurrent Mark 961.256ms
[2643.335s][info][gc,marking     ] GC(475) Concurrent Rebuild Remembered Sets and Scrub Regions
[2643.576s][info][gc,marking     ] GC(475) Concurrent Rebuild Remembered Sets and Scrub Regions 240.775ms
[2643.576s][info][gc,start       ] GC(475) Pause Cleanup
[2643.576s][info][gc             ] GC(475) Pause Cleanup 2130M->2130M(4096M) 0.137ms
[2643.576s][info][gc,cpu         ] GC(475) User=0.00s Sys=0.00s Real=0.00s
[2643.576s][info][gc,marking     ] GC(475) Concurrent Clear Claimed Marks
[2643.576s][info][gc,marking     ] GC(475) Concurrent Clear Claimed Marks 0.037ms
[2643.576s][info][gc,marking     ] GC(475) Concurrent Cleanup for Next Mark
[2643.581s][info][gc,marking     ] GC(475) Concurrent Cleanup for Next Mark 4.406ms
[2643.581s][info][gc             ] GC(475) Concurrent Mark Cycle 1381.048ms
...[2646.593s][info][gc,start       ] GC(476) Pause Young (Prepare Mixed) (G1 Evacuation Pause)
[2646.593s][info][gc,task        ] GC(476) Using 6 workers of 6 for evacuation
[2646.716s][info][gc,phases      ] GC(476)   Pre Evacuate Collection Set: 0.35ms
[2646.716s][info][gc,phases      ] GC(476)   Merge Heap Roots: 0.68ms
[2646.716s][info][gc,phases      ] GC(476)   Evacuate Collection Set: 120.58ms
[2646.716s][info][gc,phases      ] GC(476)   Post Evacuate Collection Set: 1.01ms
[2646.716s][info][gc,phases      ] GC(476)   Other: 0.10ms
[2646.716s][info][gc,heap        ] GC(476) Eden regions: 1119->0(1103)
[2646.716s][info][gc,heap        ] GC(476) Survivor regions: 109->113(154)
[2646.716s][info][gc,heap        ] GC(476) Old regions: 503->536
[2646.716s][info][gc,heap        ] GC(476) Humongous regions: 80->80
[2646.716s][info][gc,metaspace   ] GC(476) Metaspace: 28925K(29248K)->28925K(29248K) NonClass: 24043K(24192K)->24043K(24192K) Class: 4882K(5056K)->4882K(5056K)
[2646.716s][info][gc             ] GC(476) Pause Young (Prepare Mixed) (G1 Evacuation Pause) 3620M->1455M(4096M) 122.853ms
[2646.716s][info][gc,cpu         ] GC(476) User=0.73s Sys=0.00s Real=0.12s
....[2650.921s][info][gc,start       ] GC(477) Pause Young (Mixed) (G1 Evacuation Pause)
[2650.921s][info][gc,task        ] GC(477) Using 6 workers of 6 for evacuation
[2651.055s][info][gc,phases      ] GC(477)   Pre Evacuate Collection Set: 0.38ms
[2651.055s][info][gc,phases      ] GC(477)   Merge Heap Roots: 0.84ms
[2651.055s][info][gc,phases      ] GC(477)   Evacuate Collection Set: 131.18ms
[2651.055s][info][gc,phases      ] GC(477)   Post Evacuate Collection Set: 0.98ms
[2651.055s][info][gc,phases      ] GC(477)   Other: 0.10ms
[2651.055s][info][gc,heap        ] GC(477) Eden regions: 1103->0(1119)
[2651.055s][info][gc,heap        ] GC(477) Survivor regions: 113->109(152)
[2651.055s][info][gc,heap        ] GC(477) Old regions: 536->472
[2651.055s][info][gc,heap        ] GC(477) Humongous regions: 80->80
[2651.055s][info][gc,metaspace   ] GC(477) Metaspace: 28925K(29248K)->28925K(29248K) NonClass: 24043K(24192K)->24043K(24192K) Class: 4882K(5056K)->4882K(5056K)
[2651.055s][info][gc             ] GC(477) Pause Young (Mixed) (G1 Evacuation Pause) 3661M->1321M(4096M) 133.612ms
[2651.055s][info][gc,cpu         ] GC(477) User=0.79s Sys=0.00s Real=0.13s
... (rIR:aIR:PR = 4289:4287:4287) (tPR = 63586) [OK] 
  2653s: Performance info:
         Transaction,    Success,    Partial,     Failed,   Receipts, AvgBarcode, 
             Overall,     258434,          0,          0,     245507,      59.48, 
         Response times:
             Request,    Success,    Partial,     Failed,   SkipFail,     Probes,    Samples,      min,      p50,      p90,      p95,      p99,      max, 
       TotalPurchase,     245510,          0,          0,          0,     241415,     266643,      300,     3700,     6900,    11700,    58560,   185000,
     InStorePurchase,     129280,          0,          0,          0,     127549,     140751,      300,     3600,     6900,    11500,    60000,   185000,
      OnlinePurchase,      90389,          0,          0,          0,      88829,      98134,      400,     3800,     7000,    11900,    58000,   185000,
        InstPurchase,      25841,          0,          0,          0,      25037,      27758,      400,     3700,     6900,    11300,    51000,   165000,
          AssocOfCat,        256,          0,          0,          0,        193,        269,    19200,    34000,    48000,    65500,   174600,   189000,
      AssocOfProduct,       2585,          0,          0,          0,       2430,       2906,      500,     4200,     7200,    10600,    59000,   184000,
      BusinessReport,        646,          0,          0,          0,        552,        718,    25000,    40000,    60000,    76050,   158000,   206000,
          CustBuyBeh,       2592,          0,          0,          0,       2400,       2785,      700,     4600,     7940,    17070,    86420,   177000,
       ProductReturn,       6846,          0,          0,          0,       6486,       7402,      300,     4000,     7300,    14000,    59000,   165000,

  2653s: (32%)   IR =   4428 ..[2655.286s][info][gc,start       ] GC(478) Pause Young (Concurrent Start) (G1 Evacuation Pause)
[2655.286s][info][gc,task        ] GC(478) Using 6 workers of 6 for evacuation
[2655.404s][info][gc,phases      ] GC(478)   Pre Evacuate Collection Set: 0.42ms
[2655.404s][info][gc,phases      ] GC(478)   Merge Heap Roots: 0.58ms
[2655.404s][info][gc,phases      ] GC(478)   Evacuate Collection Set: 115.71ms
[2655.404s][info][gc,phases      ] GC(478)   Post Evacuate Collection Set: 0.91ms
[2655.404s][info][gc,phases      ] GC(478)   Other: 0.12ms
[2655.404s][info][gc,heap        ] GC(478) Eden regions: 1119->0(1119)
[2655.404s][info][gc,heap        ] GC(478) Survivor regions: 109->109(154)
[2655.404s][info][gc,heap        ] GC(478) Old regions: 472->505
[2655.404s][info][gc,heap        ] GC(478) Humongous regions: 80->80
[2655.404s][info][gc,metaspace   ] GC(478) Metaspace: 28925K(29248K)->28925K(29248K) NonClass: 24043K(24192K)->24043K(24192K) Class: 4882K(5056K)->4882K(5056K)
[2655.404s][info][gc             ] GC(478) Pause Young (Concurrent Start) (G1 Evacuation Pause) 3559M->1385M(4096M) 117.878ms
[2655.404s][info][gc             ] GC(479) Concurrent Mark Cycle
[2655.404s][info][gc,marking     ] GC(479) Concurrent Scan Root Regions
[2655.404s][info][gc,cpu         ] GC(478) User=0.70s Sys=0.00s Real=0.12s
[2655.531s][info][gc,marking     ] GC(479) Concurrent Scan Root Regions 127.044ms
[2655.531s][info][gc,marking     ] GC(479) Concurrent Mark
[2655.531s][info][gc,marking     ] GC(479) Concurrent Mark From Roots
[2655.531s][info][gc,task        ] GC(479) Using 2 workers of 2 for marking
[2656.221s][info][gc,marking     ] GC(479) Concurrent Mark From Roots 690.139ms
[2656.221s][info][gc,marking     ] GC(479) Concurrent Preclean
[2656.221s][info][gc,marking     ] GC(479) Concurrent Preclean 0.085ms
[2656.222s][info][gc,start       ] GC(479) Pause Remark
[2656.226s][info][gc             ] GC(479) Pause Remark 1916M->1916M(4096M) 4.052ms
[2656.226s][info][gc,cpu         ] GC(479) User=0.02s Sys=0.00s Real=0.00s
[2656.226s][info][gc,marking     ] GC(479) Concurrent Mark 694.574ms
[2656.226s][info][gc,marking     ] GC(479) Concurrent Rebuild Remembered Sets and Scrub Regions
.[2656.460s][info][gc,marking     ] GC(479) Concurrent Rebuild Remembered Sets and Scrub Regions 234.469ms
[2656.461s][info][gc,start       ] GC(479) Pause Cleanup
[2656.461s][info][gc             ] GC(479) Pause Cleanup 2009M->2009M(4096M) 0.209ms
[2656.461s][info][gc,cpu         ] GC(479) User=0.00s Sys=0.00s Real=0.00s
[2656.461s][info][gc,marking     ] GC(479) Concurrent Clear Claimed Marks
[2656.461s][info][gc,marking     ] GC(479) Concurrent Clear Claimed Marks 0.079ms
[2656.461s][info][gc,marking     ] GC(479) Concurrent Cleanup for Next Mark
[2656.466s][info][gc,marking     ] GC(479) Concurrent Cleanup for Next Mark 4.650ms
[2656.466s][info][gc             ] GC(479) Concurrent Mark Cycle 1061.810ms
.|..[2659.598s][info][gc,start       ] GC(480) Pause Young (Prepare Mixed) (G1 Evacuation Pause)
[2659.598s][info][gc,task        ] GC(480) Using 6 workers of 6 for evacuation
[2659.714s][info][gc,phases      ] GC(480)   Pre Evacuate Collection Set: 0.34ms
[2659.714s][info][gc,phases      ] GC(480)   Merge Heap Roots: 0.71ms
[2659.714s][info][gc,phases      ] GC(480)   Evacuate Collection Set: 114.23ms
[2659.714s][info][gc,phases      ] GC(480)   Post Evacuate Collection Set: 1.01ms
[2659.714s][info][gc,phases      ] GC(480)   Other: 0.09ms
[2659.714s][info][gc,heap        ] GC(480) Eden regions: 1119->0(1112)
[2659.714s][info][gc,heap        ] GC(480) Survivor regions: 109->108(154)
[2659.714s][info][gc,heap        ] GC(480) Old regions: 505->537
[2659.714s][info][gc,heap        ] GC(480) Humongous regions: 80->80
[2659.714s][info][gc,metaspace   ] GC(480) Metaspace: 28925K(29248K)->28925K(29248K) NonClass: 24043K(24192K)->24043K(24192K) Class: 4882K(5056K)->4882K(5056K)
[2659.715s][info][gc             ] GC(480) Pause Young (Prepare Mixed) (G1 Evacuation Pause) 3623M->1447M(4096M) 116.546ms
[2659.715s][info][gc,cpu         ] GC(480) User=0.69s Sys=0.00s Real=0.12s
....[2663.838s][info][gc,start       ] GC(481) Pause Young (Mixed) (G1 Evacuation Pause)
[2663.838s][info][gc,task        ] GC(481) Using 6 workers of 6 for evacuation
[2663.972s][info][gc,phases      ] GC(481)   Pre Evacuate Collection Set: 0.42ms
[2663.972s][info][gc,phases      ] GC(481)   Merge Heap Roots: 0.81ms
[2663.972s][info][gc,phases      ] GC(481)   Evacuate Collection Set: 131.65ms
[2663.972s][info][gc,phases      ] GC(481)   Post Evacuate Collection Set: 0.95ms
[2663.972s][info][gc,phases      ] GC(481)   Other: 0.09ms
[2663.972s][info][gc,heap        ] GC(481) Eden regions: 1112->0(1121)
[2663.972s][info][gc,heap        ] GC(481) Survivor regions: 108->107(153)
[2663.972s][info][gc,heap        ] GC(481) Old regions: 537->473
[2663.972s][info][gc,heap        ] GC(481) Humongous regions: 80->80
[2663.972s][info][gc,metaspace   ] GC(481) Metaspace: 28925K(29248K)->28925K(29248K) NonClass: 24043K(24192K)->24043K(24192K) Class: 4882K(5056K)->4882K(5056K)
[2663.972s][info][gc             ] GC(481) Pause Young (Mixed) (G1 Evacuation Pause) 3671M->1319M(4096M) 134.058ms
[2663.972s][info][gc,cpu         ] GC(481) User=0.79s Sys=0.00s Real=0.14s
....[2668.055s][info][gc,start       ] GC(482) Pause Young (Concurrent Start) (G1 Evacuation Pause)
[2668.055s][info][gc,task        ] GC(482) Using 6 workers of 6 for evacuation
[2668.172s][info][gc,phases      ] GC(482)   Pre Evacuate Collection Set: 0.42ms
[2668.172s][info][gc,phases      ] GC(482)   Merge Heap Roots: 0.57ms
[2668.172s][info][gc,phases      ] GC(482)   Evacuate Collection Set: 114.66ms
[2668.172s][info][gc,phases      ] GC(482)   Post Evacuate Collection Set: 0.93ms
[2668.172s][info][gc,phases      ] GC(482)   Other: 0.14ms
[2668.172s][info][gc,heap        ] GC(482) Eden regions: 1121->0(1120)
[2668.172s][info][gc,heap        ] GC(482) Survivor regions: 107->108(154)
[2668.172s][info][gc,heap        ] GC(482) Old regions: 473->505
[2668.172s][info][gc,heap        ] GC(482) Humongous regions: 80->80
[2668.172s][info][gc,metaspace   ] GC(482) Metaspace: 28925K(29248K)->28925K(29248K) NonClass: 24043K(24192K)->24043K(24192K) Class: 4882K(5056K)->4882K(5056K)
[2668.172s][info][gc             ] GC(482) Pause Young (Concurrent Start) (G1 Evacuation Pause) 3561M->1385M(4096M) 116.879ms
[2668.172s][info][gc             ] GC(483) Concurrent Mark Cycle
[2668.172s][info][gc,marking     ] GC(483) Concurrent Scan Root Regions
[2668.172s][info][gc,cpu         ] GC(482) User=0.69s Sys=0.00s Real=0.12s
.[2668.335s][info][gc,marking     ] GC(483) Concurrent Scan Root Regions 162.547ms
[2668.335s][info][gc,marking     ] GC(483) Concurrent Mark
[2668.335s][info][gc,marking     ] GC(483) Concurrent Mark From Roots
[2668.335s][info][gc,task        ] GC(483) Using 2 workers of 2 for marking
[2669.085s][info][gc,marking     ] GC(483) Concurrent Mark From Roots 750.423ms
[2669.085s][info][gc,marking     ] GC(483) Concurrent Preclean
[2669.085s][info][gc,marking     ] GC(483) Concurrent Preclean 0.062ms
[2669.087s][info][gc,start       ] GC(483) Pause Remark
[2669.090s][info][gc             ] GC(483) Pause Remark 1923M->1923M(4096M) 3.716ms
[2669.090s][info][gc,cpu         ] GC(483) User=0.02s Sys=0.00s Real=0.01s
[2669.091s][info][gc,marking     ] GC(483) Concurrent Mark 756.743ms
[2669.091s][info][gc,marking     ] GC(483) Concurrent Rebuild Remembered Sets and Scrub Regions
.[2669.364s][info][gc,marking     ] GC(483) Concurrent Rebuild Remembered Sets and Scrub Regions 272.735ms
[2669.365s][info][gc,start       ] GC(483) Pause Cleanup
[2669.365s][info][gc             ] GC(483) Pause Cleanup 2074M->2074M(4096M) 0.144ms
[2669.365s][info][gc,cpu         ] GC(483) User=0.00s Sys=0.00s Real=0.00s
[2669.366s][info][gc,marking     ] GC(483) Concurrent Clear Claimed Marks
[2669.366s][info][gc,marking     ] GC(483) Concurrent Clear Claimed Marks 0.041ms
[2669.366s][info][gc,marking     ] GC(483) Concurrent Cleanup for Next Mark
[2669.372s][info][gc,marking     ] GC(483) Concurrent Cleanup for Next Mark 5.994ms
[2669.372s][info][gc             ] GC(483) Concurrent Mark Cycle 1199.996ms
...[2672.395s][info][gc,start       ] GC(484) Pause Young (Prepare Mixed) (G1 Evacuation Pause)
[2672.395s][info][gc,task        ] GC(484) Using 6 workers of 6 for evacuation
[2672.514s][info][gc,phases      ] GC(484)   Pre Evacuate Collection Set: 0.39ms
[2672.514s][info][gc,phases      ] GC(484)   Merge Heap Roots: 0.63ms
[2672.514s][info][gc,phases      ] GC(484)   Evacuate Collection Set: 116.14ms
[2672.514s][info][gc,phases      ] GC(484)   Post Evacuate Collection Set: 0.96ms
[2672.514s][info][gc,phases      ] GC(484)   Other: 0.09ms
[2672.514s][info][gc,heap        ] GC(484) Eden regions: 1120->0(1108)
[2672.514s][info][gc,heap        ] GC(484) Survivor regions: 108->110(154)
[2672.514s][info][gc,heap        ] GC(484) Old regions: 505->537
[2672.514s][info][gc,heap        ] GC(484) Humongous regions: 80->80
[2672.514s][info][gc,metaspace   ] GC(484) Metaspace: 28925K(29248K)->28925K(29248K) NonClass: 24043K(24192K)->24043K(24192K) Class: 4882K(5056K)->4882K(5056K)
[2672.514s][info][gc             ] GC(484) Pause Young (Prepare Mixed) (G1 Evacuation Pause) 3625M->1451M(4096M) 118.353ms
[2672.514s][info][gc,cpu         ] GC(484) User=0.70s Sys=0.00s Real=0.12s
....[2676.586s][info][gc,start       ] GC(485) Pause Young (Mixed) (G1 Evacuation Pause)
[2676.586s][info][gc,task        ] GC(485) Using 6 workers of 6 for evacuation
[2676.723s][info][gc,phases      ] GC(485)   Pre Evacuate Collection Set: 0.38ms
[2676.723s][info][gc,phases      ] GC(485)   Merge Heap Roots: 0.77ms
[2676.723s][info][gc,phases      ] GC(485)   Evacuate Collection Set: 134.91ms
[2676.723s][info][gc,phases      ] GC(485)   Post Evacuate Collection Set: 1.00ms
[2676.723s][info][gc,phases      ] GC(485)   Other: 0.09ms
[2676.723s][info][gc,heap        ] GC(485) Eden regions: 1108->0(1116)
[2676.723s][info][gc,heap        ] GC(485) Survivor regions: 110->112(153)
[2676.723s][info][gc,heap        ] GC(485) Old regions: 537->472
[2676.723s][info][gc,heap        ] GC(485) Humongous regions: 80->80
[2676.723s][info][gc,metaspace   ] GC(485) Metaspace: 28925K(29248K)->28925K(29248K) NonClass: 24043K(24192K)->24043K(24192K) Class: 4882K(5056K)->4882K(5056K)
[2676.723s][info][gc             ] GC(485) Pause Young (Mixed) (G1 Evacuation Pause) 3667M->1325M(4096M) 137.296ms
[2676.723s][info][gc,cpu         ] GC(485) User=0.81s Sys=0.00s Real=0.14s
....[2680.870s][info][gc,start       ] GC(486) Pause Young (Concurrent Start) (G1 Evacuation Pause)
[2680.870s][info][gc,task        ] GC(486) Using 6 workers of 6 for evacuation
[2680.988s][info][gc,phases      ] GC(486)   Pre Evacuate Collection Set: 0.43ms
[2680.988s][info][gc,phases      ] GC(486)   Merge Heap Roots: 0.55ms
[2680.988s][info][gc,phases      ] GC(486)   Evacuate Collection Set: 115.81ms
[2680.988s][info][gc,phases      ] GC(486)   Post Evacuate Collection Set: 0.92ms
[2680.988s][info][gc,phases      ] GC(486)   Other: 0.11ms
[2680.988s][info][gc,heap        ] GC(486) Eden regions: 1116->0(1120)
[2680.988s][info][gc,heap        ] GC(486) Survivor regions: 112->108(154)
[2680.988s][info][gc,heap        ] GC(486) Old regions: 472->504
[2680.988s][info][gc,heap        ] GC(486) Humongous regions: 80->80
[2680.988s][info][gc,metaspace   ] GC(486) Metaspace: 28925K(29248K)->28925K(29248K) NonClass: 24043K(24192K)->24043K(24192K) Class: 4882K(5056K)->4882K(5056K)
[2680.988s][info][gc             ] GC(486) Pause Young (Concurrent Start) (G1 Evacuation Pause) 3557M->1382M(4096M) 117.957ms
[2680.988s][info][gc             ] GC(487) Concurrent Mark Cycle
[2680.988s][info][gc,marking     ] GC(487) Concurrent Scan Root Regions
[2680.988s][info][gc,cpu         ] GC(486) User=0.70s Sys=0.00s Real=0.12s
[2681.157s][info][gc,marking     ] GC(487) Concurrent Scan Root Regions 168.420ms
[2681.157s][info][gc,marking     ] GC(487) Concurrent Mark
[2681.157s][info][gc,marking     ] GC(487) Concurrent Mark From Roots
[2681.157s][info][gc,task        ] GC(487) Using 2 workers of 2 for marking
.[2681.974s][info][gc,marking     ] GC(487) Concurrent Mark From Roots 817.117ms
[2681.974s][info][gc,marking     ] GC(487) Concurrent Preclean
[2681.974s][info][gc,marking     ] GC(487) Concurrent Preclean 0.051ms
[2681.974s][info][gc,start       ] GC(487) Pause Remark
[2681.979s][info][gc             ] GC(487) Pause Remark 1965M->1965M(4096M) 4.328ms
[2681.979s][info][gc,cpu         ] GC(487) User=0.03s Sys=0.00s Real=0.01s
[2681.979s][info][gc,marking     ] GC(487) Concurrent Mark 821.776ms
[2681.979s][info][gc,marking     ] GC(487) Concurrent Rebuild Remembered Sets and Scrub Regions
[2682.256s][info][gc,marking     ] GC(487) Concurrent Rebuild Remembered Sets and Scrub Regions 277.620ms
[2682.256s][info][gc,start       ] GC(487) Pause Cleanup
[2682.257s][info][gc             ] GC(487) Pause Cleanup 2120M->2120M(4096M) 0.131ms
[2682.257s][info][gc,cpu         ] GC(487) User=0.00s Sys=0.00s Real=0.00s
[2682.257s][info][gc,marking     ] GC(487) Concurrent Clear Claimed Marks
[2682.257s][info][gc,marking     ] GC(487) Concurrent Clear Claimed Marks 0.026ms
[2682.257s][info][gc,marking     ] GC(487) Concurrent Cleanup for Next Mark
[2682.260s][info][gc,marking     ] GC(487) Concurrent Cleanup for Next Mark 3.341ms
[2682.260s][info][gc             ] GC(487) Concurrent Mark Cycle 1271.699ms
...[2685.116s][info][gc,start       ] GC(488) Pause Young (Prepare Mixed) (G1 Evacuation Pause)
[2685.116s][info][gc,task        ] GC(488) Using 6 workers of 6 for evacuation
[2685.237s][info][gc,phases      ] GC(488)   Pre Evacuate Collection Set: 0.38ms
[2685.237s][info][gc,phases      ] GC(488)   Merge Heap Roots: 0.62ms
[2685.237s][info][gc,phases      ] GC(488)   Evacuate Collection Set: 117.97ms
[2685.237s][info][gc,phases      ] GC(488)   Post Evacuate Collection Set: 0.96ms
[2685.237s][info][gc,phases      ] GC(488)   Other: 0.09ms
[2685.237s][info][gc,heap        ] GC(488) Eden regions: 1120->0(1108)
[2685.237s][info][gc,heap        ] GC(488) Survivor regions: 108->111(154)
[2685.237s][info][gc,heap        ] GC(488) Old regions: 504->535
[2685.237s][info][gc,heap        ] GC(488) Humongous regions: 80->80
[2685.237s][info][gc,metaspace   ] GC(488) Metaspace: 28925K(29248K)->28925K(29248K) NonClass: 24043K(24192K)->24043K(24192K) Class: 4882K(5056K)->4882K(5056K)
[2685.237s][info][gc             ] GC(488) Pause Young (Prepare Mixed) (G1 Evacuation Pause) 3622M->1451M(4096M) 120.165ms
[2685.237s][info][gc,cpu         ] GC(488) User=0.71s Sys=0.00s Real=0.12s
....[2689.330s][info][gc,start       ] GC(489) Pause Young (Mixed) (G1 Evacuation Pause)
[2689.330s][info][gc,task        ] GC(489) Using 6 workers of 6 for evacuation
[2689.468s][info][gc,phases      ] GC(489)   Pre Evacuate Collection Set: 0.42ms
[2689.468s][info][gc,phases      ] GC(489)   Merge Heap Roots: 0.85ms
[2689.468s][info][gc,phases      ] GC(489)   Evacuate Collection Set: 135.13ms
[2689.468s][info][gc,phases      ] GC(489)   Post Evacuate Collection Set: 0.99ms
[2689.468s][info][gc,phases      ] GC(489)   Other: 0.09ms
[2689.468s][info][gc,heap        ] GC(489) Eden regions: 1108->0(1117)
[2689.468s][info][gc,heap        ] GC(489) Survivor regions: 111->111(153)
[2689.468s][info][gc,heap        ] GC(489) Old regions: 535->472
[2689.468s][info][gc,heap        ] GC(489) Humongous regions: 80->80
[2689.468s][info][gc,metaspace   ] GC(489) Metaspace: 28925K(29248K)->28925K(29248K) NonClass: 24043K(24192K)->24043K(24192K) Class: 4882K(5056K)->4882K(5056K)
[2689.468s][info][gc             ] GC(489) Pause Young (Mixed) (G1 Evacuation Pause) 3667M->1325M(4096M) 137.634ms
[2689.468s][info][gc,cpu         ] GC(489) User=0.81s Sys=0.01s Real=0.14s
.....[2693.627s][info][gc,start       ] GC(490) Pause Young (Concurrent Start) (G1 Evacuation Pause)
[2693.627s][info][gc,task        ] GC(490) Using 6 workers of 6 for evacuation
[2693.743s][info][gc,phases      ] GC(490)   Pre Evacuate Collection Set: 0.43ms
[2693.743s][info][gc,phases      ] GC(490)   Merge Heap Roots: 0.51ms
[2693.743s][info][gc,phases      ] GC(490)   Evacuate Collection Set: 113.28ms
[2693.743s][info][gc,phases      ] GC(490)   Post Evacuate Collection Set: 0.92ms
[2693.743s][info][gc,phases      ] GC(490)   Other: 0.12ms
[2693.743s][info][gc,heap        ] GC(490) Eden regions: 1117->0(1121)
[2693.743s][info][gc,heap        ] GC(490) Survivor regions: 111->107(154)
[2693.743s][info][gc,heap        ] GC(490) Old regions: 472->504
[2693.743s][info][gc,heap        ] GC(490) Humongous regions: 80->80
[2693.743s][info][gc,metaspace   ] GC(490) Metaspace: 28925K(29248K)->28925K(29248K) NonClass: 24043K(24192K)->24043K(24192K) Class: 4882K(5056K)->4882K(5056K)
[2693.743s][info][gc             ] GC(490) Pause Young (Concurrent Start) (G1 Evacuation Pause) 3559M->1379M(4096M) 115.396ms
[2693.743s][info][gc             ] GC(491) Concurrent Mark Cycle
[2693.743s][info][gc,marking     ] GC(491) Concurrent Scan Root Regions
[2693.743s][info][gc,cpu         ] GC(490) User=0.68s Sys=0.01s Real=0.12s
[2693.907s][info][gc,marking     ] GC(491) Concurrent Scan Root Regions 163.900ms
[2693.907s][info][gc,marking     ] GC(491) Concurrent Mark
[2693.907s][info][gc,marking     ] GC(491) Concurrent Mark From Roots
[2693.907s][info][gc,task        ] GC(491) Using 2 workers of 2 for marking
.[2694.554s][info][gc,marking     ] GC(491) Concurrent Mark From Roots 647.023ms
[2694.554s][info][gc,marking     ] GC(491) Concurrent Preclean
[2694.554s][info][gc,marking     ] GC(491) Concurrent Preclean 0.089ms
[2694.556s][info][gc,start       ] GC(491) Pause Remark
[2694.560s][info][gc             ] GC(491) Pause Remark 1863M->1863M(4096M) 4.104ms
[2694.560s][info][gc,cpu         ] GC(491) User=0.02s Sys=0.00s Real=0.01s
[2694.560s][info][gc,marking     ] GC(491) Concurrent Mark 653.220ms
[2694.560s][info][gc,marking     ] GC(491) Concurrent Rebuild Remembered Sets and Scrub Regions
[2694.804s][info][gc,marking     ] GC(491) Concurrent Rebuild Remembered Sets and Scrub Regions 244.048ms
[2694.804s][info][gc,start       ] GC(491) Pause Cleanup
[2694.804s][info][gc             ] GC(491) Pause Cleanup 2018M->2018M(4096M) 0.134ms
[2694.804s][info][gc,cpu         ] GC(491) User=0.00s Sys=0.00s Real=0.00s
[2694.804s][info][gc,marking     ] GC(491) Concurrent Clear Claimed Marks
[2694.804s][info][gc,marking     ] GC(491) Concurrent Clear Claimed Marks 0.044ms
[2694.804s][info][gc,marking     ] GC(491) Concurrent Cleanup for Next Mark
[2694.809s][info][gc,marking     ] GC(491) Concurrent Cleanup for Next Mark 5.031ms
[2694.809s][info][gc             ] GC(491) Concurrent Mark Cycle 1066.785ms
...[2697.939s][info][gc,start       ] GC(492) Pause Young (Prepare Mixed) (G1 Evacuation Pause)
[2697.939s][info][gc,task        ] GC(492) Using 6 workers of 6 for evacuation
[2698.056s][info][gc,phases      ] GC(492)   Pre Evacuate Collection Set: 0.35ms
[2698.056s][info][gc,phases      ] GC(492)   Merge Heap Roots: 0.64ms
[2698.056s][info][gc,phases      ] GC(492)   Evacuate Collection Set: 115.15ms
[2698.056s][info][gc,phases      ] GC(492)   Post Evacuate Collection Set: 0.93ms
[2698.056s][info][gc,phases      ] GC(492)   Other: 0.09ms
[2698.056s][info][gc,heap        ] GC(492) Eden regions: 1121->0(1113)
[2698.056s][info][gc,heap        ] GC(492) Survivor regions: 107->109(154)
[2698.056s][info][gc,heap        ] GC(492) Old regions: 504->534
[2698.056s][info][gc,heap        ] GC(492) Humongous regions: 80->80
[2698.056s][info][gc,metaspace   ] GC(492) Metaspace: 28925K(29248K)->28925K(29248K) NonClass: 24043K(24192K)->24043K(24192K) Class: 4882K(5056K)->4882K(5056K)
[2698.056s][info][gc             ] GC(492) Pause Young (Prepare Mixed) (G1 Evacuation Pause) 3621M->1444M(4096M) 117.301ms
[2698.056s][info][gc,cpu         ] GC(492) User=0.69s Sys=0.01s Real=0.11s
....[2702.162s][info][gc,start       ] GC(493) Pause Young (Mixed) (G1 Evacuation Pause)
[2702.162s][info][gc,task        ] GC(493) Using 6 workers of 6 for evacuation
[2702.295s][info][gc,phases      ] GC(493)   Pre Evacuate Collection Set: 0.43ms
[2702.295s][info][gc,phases      ] GC(493)   Merge Heap Roots: 0.85ms
[2702.295s][info][gc,phases      ] GC(493)   Evacuate Collection Set: 130.89ms
[2702.295s][info][gc,phases      ] GC(493)   Post Evacuate Collection Set: 1.00ms
[2702.295s][info][gc,phases      ] GC(493)   Other: 0.09ms
[2702.295s][info][gc,heap        ] GC(493) Eden regions: 1113->0(1119)
[2702.295s][info][gc,heap        ] GC(493) Survivor regions: 109->109(153)
[2702.295s][info][gc,heap        ] GC(493) Old regions: 534->471
[2702.295s][info][gc,heap        ] GC(493) Humongous regions: 80->80
[2702.295s][info][gc,metaspace   ] GC(493) Metaspace: 28925K(29248K)->28925K(29248K) NonClass: 24043K(24192K)->24043K(24192K) Class: 4882K(5056K)->4882K(5056K)
[2702.295s][info][gc             ] GC(493) Pause Young (Mixed) (G1 Evacuation Pause) 3670M->1319M(4096M) 133.401ms
[2702.295s][info][gc,cpu         ] GC(493) User=0.79s Sys=0.00s Real=0.13s
....[2706.476s][info][gc,start       ] GC(494) Pause Young (Concurrent Start) (G1 Evacuation Pause)
[2706.476s][info][gc,task        ] GC(494) Using 6 workers of 6 for evacuation
[2706.594s][info][gc,phases      ] GC(494)   Pre Evacuate Collection Set: 0.44ms
[2706.594s][info][gc,phases      ] GC(494)   Merge Heap Roots: 0.59ms
[2706.594s][info][gc,phases      ] GC(494)   Evacuate Collection Set: 116.14ms
[2706.594s][info][gc,phases      ] GC(494)   Post Evacuate Collection Set: 0.92ms
[2706.594s][info][gc,phases      ] GC(494)   Other: 0.14ms
[2706.594s][info][gc,heap        ] GC(494) Eden regions: 1119->0(1118)
[2706.594s][info][gc,heap        ] GC(494) Survivor regions: 109->110(154)
[2706.594s][info][gc,heap        ] GC(494) Old regions: 471->504
[2706.594s][info][gc,heap        ] GC(494) Humongous regions: 80->80
[2706.594s][info][gc,metaspace   ] GC(494) Metaspace: 28925K(29248K)->28925K(29248K) NonClass: 24043K(24192K)->24043K(24192K) Class: 4882K(5056K)->4882K(5056K)
[2706.594s][info][gc             ] GC(494) Pause Young (Concurrent Start) (G1 Evacuation Pause) 3557M->1385M(4096M) 118.352ms
[2706.594s][info][gc             ] GC(495) Concurrent Mark Cycle
[2706.594s][info][gc,marking     ] GC(495) Concurrent Scan Root Regions
[2706.594s][info][gc,cpu         ] GC(494) User=0.70s Sys=0.00s Real=0.12s
.[2706.764s][info][gc,marking     ] GC(495) Concurrent Scan Root Regions 169.645ms
[2706.764s][info][gc,marking     ] GC(495) Concurrent Mark
[2706.764s][info][gc,marking     ] GC(495) Concurrent Mark From Roots
[2706.764s][info][gc,task        ] GC(495) Using 2 workers of 2 for marking
[2707.496s][info][gc,marking     ] GC(495) Concurrent Mark From Roots 732.278ms
[2707.496s][info][gc,marking     ] GC(495) Concurrent Preclean
[2707.496s][info][gc,marking     ] GC(495) Concurrent Preclean 0.044ms
[2707.496s][info][gc,start       ] GC(495) Pause Remark
[2707.501s][info][gc             ] GC(495) Pause Remark 1919M->1919M(4096M) 4.421ms
[2707.501s][info][gc,cpu         ] GC(495) User=0.03s Sys=0.00s Real=0.01s
[2707.501s][info][gc,marking     ] GC(495) Concurrent Mark 736.987ms
[2707.501s][info][gc,marking     ] GC(495) Concurrent Rebuild Remembered Sets and Scrub Regions
.[2707.797s][info][gc,marking     ] GC(495) Concurrent Rebuild Remembered Sets and Scrub Regions 295.976ms
[2707.797s][info][gc,start       ] GC(495) Pause Cleanup
[2707.797s][info][gc             ] GC(495) Pause Cleanup 2101M->2101M(4096M) 0.225ms
[2707.797s][info][gc,cpu         ] GC(495) User=0.00s Sys=0.00s Real=0.00s
[2707.797s][info][gc,marking     ] GC(495) Concurrent Clear Claimed Marks
[2707.798s][info][gc,marking     ] GC(495) Concurrent Clear Claimed Marks 0.043ms
[2707.798s][info][gc,marking     ] GC(495) Concurrent Cleanup for Next Mark
[2707.802s][info][gc,marking     ] GC(495) Concurrent Cleanup for Next Mark 4.133ms
[2707.802s][info][gc             ] GC(495) Concurrent Mark Cycle 1207.619ms
...[2710.821s][info][gc,start       ] GC(496) Pause Young (Prepare Mixed) (G1 Evacuation Pause)
[2710.821s][info][gc,task        ] GC(496) Using 6 workers of 6 for evacuation
[2710.944s][info][gc,phases      ] GC(496)   Pre Evacuate Collection Set: 0.34ms
[2710.944s][info][gc,phases      ] GC(496)   Merge Heap Roots: 0.59ms
[2710.944s][info][gc,phases      ] GC(496)   Evacuate Collection Set: 120.68ms
[2710.944s][info][gc,phases      ] GC(496)   Post Evacuate Collection Set: 0.93ms
[2710.944s][info][gc,phases      ] GC(496)   Other: 0.10ms
[2710.944s][info][gc,heap        ] GC(496) Eden regions: 1118->0(1101)
[2710.944s][info][gc,heap        ] GC(496) Survivor regions: 110->114(154)
[2710.944s][info][gc,heap        ] GC(496) Old regions: 504->536
[2710.944s][info][gc,heap        ] GC(496) Humongous regions: 80->80
[2710.944s][info][gc,metaspace   ] GC(496) Metaspace: 28925K(29248K)->28925K(29248K) NonClass: 24043K(24192K)->24043K(24192K) Class: 4882K(5056K)->4882K(5056K)
[2710.944s][info][gc             ] GC(496) Pause Young (Prepare Mixed) (G1 Evacuation Pause) 3621M->1457M(4096M) 122.767ms
[2710.944s][info][gc,cpu         ] GC(496) User=0.72s Sys=0.00s Real=0.12s
....[2714.993s][info][gc,start       ] GC(497) Pause Young (Mixed) (G1 Evacuation Pause)
[2714.993s][info][gc,task        ] GC(497) Using 6 workers of 6 for evacuation
[2715.128s][info][gc,phases      ] GC(497)   Pre Evacuate Collection Set: 0.40ms
[2715.128s][info][gc,phases      ] GC(497)   Merge Heap Roots: 0.83ms
[2715.128s][info][gc,phases      ] GC(497)   Evacuate Collection Set: 132.28ms
[2715.128s][info][gc,phases      ] GC(497)   Post Evacuate Collection Set: 0.97ms
[2715.128s][info][gc,phases      ] GC(497)   Other: 0.09ms
[2715.128s][info][gc,heap        ] GC(497) Eden regions: 1101->0(1119)
[2715.128s][info][gc,heap        ] GC(497) Survivor regions: 114->109(152)
[2715.128s][info][gc,heap        ] GC(497) Old regions: 536->473
[2715.128s][info][gc,heap        ] GC(497) Humongous regions: 80->80
[2715.128s][info][gc,metaspace   ] GC(497) Metaspace: 28925K(29248K)->28925K(29248K) NonClass: 24043K(24192K)->24043K(24192K) Class: 4882K(5056K)->4882K(5056K)
[2715.128s][info][gc             ] GC(497) Pause Young (Mixed) (G1 Evacuation Pause) 3659M->1321M(4096M) 134.711ms
[2715.128s][info][gc,cpu         ] GC(497) User=0.80s Sys=0.00s Real=0.13s
... (rIR:aIR:PR = 4428:4428:4428) (tPR = 65991) [OK] 
  2717s: Performance info:
         Transaction,    Success,    Partial,     Failed,   Receipts, AvgBarcode, 
             Overall,     267475,          0,          0,     254098,      59.47, 
         Response times:
             Request,    Success,    Partial,     Failed,   SkipFail,     Probes,    Samples,      min,      p50,      p90,      p95,      p99,      max, 
       TotalPurchase,     254098,          0,          0,          0,     249468,     266964,      300,     3800,     7400,    13500,    43000,   195000,
     InStorePurchase,     133738,          0,          0,          0,     131511,     140598,      300,     3700,     7300,    13305,    43000,   195000,
      OnlinePurchase,      93615,          0,          0,          0,      91937,      98311,      300,     3900,     7400,    13800,    43000,   176000,
        InstPurchase,      26745,          0,          0,          0,      26020,      28055,      400,     3700,     7400,    13020,    45000,   177000,
          AssocOfCat,        269,          0,          0,          0,        216,        303,    25000,    34000,    50000,    67600,   173600,   192000,
      AssocOfProduct,       2669,          0,          0,          0,       2463,       2825,      500,     4100,     6900,    11070,    37480,   175000,
      BusinessReport,        668,          0,          0,          0,        561,        691,    28000,    40000,    59000,    73400,   124280,   195000,
          CustBuyBeh,       2679,          0,          0,          0,       2471,       2861,      200,     2500,     6000,    11590,    36380,   122000,
       ProductReturn,       7092,          0,          0,          0,       6723,       7468,      200,     3900,     7300,    12200,    43000,   147000,

  2717s: (33%)   IR =   4566 .[2719.208s][info][gc,start       ] GC(498) Pause Young (Concurrent Start) (G1 Evacuation Pause)
[2719.208s][info][gc,task        ] GC(498) Using 6 workers of 6 for evacuation
[2719.326s][info][gc,phases      ] GC(498)   Pre Evacuate Collection Set: 0.43ms
[2719.326s][info][gc,phases      ] GC(498)   Merge Heap Roots: 0.52ms
[2719.326s][info][gc,phases      ] GC(498)   Evacuate Collection Set: 115.80ms
[2719.326s][info][gc,phases      ] GC(498)   Post Evacuate Collection Set: 0.94ms
[2719.326s][info][gc,phases      ] GC(498)   Other: 0.09ms
[2719.326s][info][gc,heap        ] GC(498) Eden regions: 1119->0(1118)
[2719.326s][info][gc,heap        ] GC(498) Survivor regions: 109->110(154)
[2719.326s][info][gc,heap        ] GC(498) Old regions: 473->505
[2719.326s][info][gc,heap        ] GC(498) Humongous regions: 80->80
[2719.326s][info][gc,metaspace   ] GC(498) Metaspace: 28925K(29248K)->28925K(29248K) NonClass: 24043K(24192K)->24043K(24192K) Class: 4882K(5056K)->4882K(5056K)
[2719.326s][info][gc             ] GC(498) Pause Young (Concurrent Start) (G1 Evacuation Pause) 3559M->1387M(4096M) 117.909ms
[2719.326s][info][gc             ] GC(499) Concurrent Mark Cycle
[2719.326s][info][gc,marking     ] GC(499) Concurrent Scan Root Regions
[2719.326s][info][gc,cpu         ] GC(498) User=0.70s Sys=0.00s Real=0.12s
[2719.495s][info][gc,marking     ] GC(499) Concurrent Scan Root Regions 169.202ms
[2719.495s][info][gc,marking     ] GC(499) Concurrent Mark
[2719.495s][info][gc,marking     ] GC(499) Concurrent Mark From Roots
[2719.495s][info][gc,task        ] GC(499) Using 2 workers of 2 for marking
.[2720.229s][info][gc,marking     ] GC(499) Concurrent Mark From Roots 733.519ms
[2720.229s][info][gc,marking     ] GC(499) Concurrent Preclean
[2720.229s][info][gc,marking     ] GC(499) Concurrent Preclean 0.183ms
[2720.229s][info][gc,start       ] GC(499) Pause Remark
[2720.234s][info][gc             ] GC(499) Pause Remark 1931M->1931M(4096M) 5.167ms
[2720.234s][info][gc,cpu         ] GC(499) User=0.03s Sys=0.00s Real=0.00s
[2720.234s][info][gc,marking     ] GC(499) Concurrent Mark 739.363ms
[2720.234s][info][gc,marking     ] GC(499) Concurrent Rebuild Remembered Sets and Scrub Regions
[2720.498s][info][gc,marking     ] GC(499) Concurrent Rebuild Remembered Sets and Scrub Regions 263.712ms
[2720.498s][info][gc,start       ] GC(499) Pause Cleanup
[2720.498s][info][gc             ] GC(499) Pause Cleanup 2085M->2085M(4096M) 0.130ms
[2720.499s][info][gc,cpu         ] GC(499) User=0.00s Sys=0.00s Real=0.00s
[2720.499s][info][gc,marking     ] GC(499) Concurrent Clear Claimed Marks
[2720.499s][info][gc,marking     ] GC(499) Concurrent Clear Claimed Marks 0.027ms
[2720.499s][info][gc,marking     ] GC(499) Concurrent Cleanup for Next Mark
[2720.503s][info][gc,marking     ] GC(499) Concurrent Cleanup for Next Mark 4.198ms
[2720.503s][info][gc             ] GC(499) Concurrent Mark Cycle 1177.050ms
..|.[2723.356s][info][gc,start       ] GC(500) Pause Young (Prepare Mixed) (G1 Evacuation Pause)
[2723.356s][info][gc,task        ] GC(500) Using 6 workers of 6 for evacuation
[2723.474s][info][gc,phases      ] GC(500)   Pre Evacuate Collection Set: 0.38ms
[2723.474s][info][gc,phases      ] GC(500)   Merge Heap Roots: 0.59ms
[2723.474s][info][gc,phases      ] GC(500)   Evacuate Collection Set: 115.54ms
[2723.474s][info][gc,phases      ] GC(500)   Post Evacuate Collection Set: 0.98ms
[2723.474s][info][gc,phases      ] GC(500)   Other: 0.09ms
[2723.474s][info][gc,heap        ] GC(500) Eden regions: 1118->0(1109)
[2723.474s][info][gc,heap        ] GC(500) Survivor regions: 110->110(154)
[2723.474s][info][gc,heap        ] GC(500) Old regions: 505->536
[2723.474s][info][gc,heap        ] GC(500) Humongous regions: 80->80
[2723.474s][info][gc,metaspace   ] GC(500) Metaspace: 28918K(29248K)->28918K(29248K) NonClass: 24039K(24192K)->24039K(24192K) Class: 4879K(5056K)->4879K(5056K)
[2723.474s][info][gc             ] GC(500) Pause Young (Prepare Mixed) (G1 Evacuation Pause) 3623M->1450M(4096M) 117.725ms
[2723.474s][info][gc,cpu         ] GC(500) User=0.69s Sys=0.00s Real=0.12s
....[2727.477s][info][gc,start       ] GC(501) Pause Young (Mixed) (G1 Evacuation Pause)
[2727.477s][info][gc,task        ] GC(501) Using 6 workers of 6 for evacuation
[2727.614s][info][gc,phases      ] GC(501)   Pre Evacuate Collection Set: 0.42ms
[2727.614s][info][gc,phases      ] GC(501)   Merge Heap Roots: 0.78ms
[2727.614s][info][gc,phases      ] GC(501)   Evacuate Collection Set: 135.18ms
[2727.614s][info][gc,phases      ] GC(501)   Post Evacuate Collection Set: 0.97ms
[2727.614s][info][gc,phases      ] GC(501)   Other: 0.09ms
[2727.614s][info][gc,heap        ] GC(501) Eden regions: 1109->0(1118)
[2727.614s][info][gc,heap        ] GC(501) Survivor regions: 110->110(153)
[2727.614s][info][gc,heap        ] GC(501) Old regions: 536->472
[2727.614s][info][gc,heap        ] GC(501) Humongous regions: 80->80
[2727.614s][info][gc,metaspace   ] GC(501) Metaspace: 28918K(29248K)->28918K(29248K) NonClass: 24039K(24192K)->24039K(24192K) Class: 4879K(5056K)->4879K(5056K)
[2727.614s][info][gc             ] GC(501) Pause Young (Mixed) (G1 Evacuation Pause) 3668M->1322M(4096M) 137.564ms
[2727.614s][info][gc,cpu         ] GC(501) User=0.82s Sys=0.00s Real=0.14s
.....[2731.734s][info][gc,start       ] GC(502) Pause Young (Concurrent Start) (G1 Evacuation Pause)
[2731.734s][info][gc,task        ] GC(502) Using 6 workers of 6 for evacuation
[2731.852s][info][gc,phases      ] GC(502)   Pre Evacuate Collection Set: 0.41ms
[2731.852s][info][gc,phases      ] GC(502)   Merge Heap Roots: 0.59ms
[2731.852s][info][gc,phases      ] GC(502)   Evacuate Collection Set: 115.79ms
[2731.852s][info][gc,phases      ] GC(502)   Post Evacuate Collection Set: 0.92ms
[2731.852s][info][gc,phases      ] GC(502)   Other: 0.10ms
[2731.852s][info][gc,heap        ] GC(502) Eden regions: 1118->0(1120)
[2731.852s][info][gc,heap        ] GC(502) Survivor regions: 110->108(154)
[2731.852s][info][gc,heap        ] GC(502) Old regions: 472->505
[2731.852s][info][gc,heap        ] GC(502) Humongous regions: 80->80
[2731.852s][info][gc,metaspace   ] GC(502) Metaspace: 28918K(29248K)->28918K(29248K) NonClass: 24039K(24192K)->24039K(24192K) Class: 4879K(5056K)->4879K(5056K)
[2731.852s][info][gc             ] GC(502) Pause Young (Concurrent Start) (G1 Evacuation Pause) 3558M->1384M(4096M) 117.940ms
[2731.852s][info][gc             ] GC(503) Concurrent Mark Cycle
[2731.852s][info][gc,marking     ] GC(503) Concurrent Scan Root Regions
[2731.852s][info][gc,cpu         ] GC(502) User=0.70s Sys=0.01s Real=0.12s
[2732.010s][info][gc,marking     ] GC(503) Concurrent Scan Root Regions 158.396ms
[2732.010s][info][gc,marking     ] GC(503) Concurrent Mark
[2732.010s][info][gc,marking     ] GC(503) Concurrent Mark From Roots
[2732.010s][info][gc,task        ] GC(503) Using 2 workers of 2 for marking
[2732.660s][info][gc,marking     ] GC(503) Concurrent Mark From Roots 649.867ms
[2732.660s][info][gc,marking     ] GC(503) Concurrent Preclean
[2732.661s][info][gc,marking     ] GC(503) Concurrent Preclean 0.106ms
[2732.661s][info][gc,start       ] GC(503) Pause Remark
[2732.665s][info][gc             ] GC(503) Pause Remark 1902M->1902M(4096M) 4.279ms
[2732.665s][info][gc,cpu         ] GC(503) User=0.03s Sys=0.00s Real=0.00s
[2732.665s][info][gc,marking     ] GC(503) Concurrent Mark 654.555ms
[2732.665s][info][gc,marking     ] GC(503) Concurrent Rebuild Remembered Sets and Scrub Regions
.[2732.912s][info][gc,marking     ] GC(503) Concurrent Rebuild Remembered Sets and Scrub Regions 246.794ms
[2732.912s][info][gc,start       ] GC(503) Pause Cleanup
[2732.912s][info][gc             ] GC(503) Pause Cleanup 2061M->2061M(4096M) 0.138ms
[2732.912s][info][gc,cpu         ] GC(503) User=0.00s Sys=0.00s Real=0.00s
[2732.912s][info][gc,marking     ] GC(503) Concurrent Clear Claimed Marks
[2732.912s][info][gc,marking     ] GC(503) Concurrent Clear Claimed Marks 0.029ms
[2732.912s][info][gc,marking     ] GC(503) Concurrent Cleanup for Next Mark
[2732.917s][info][gc,marking     ] GC(503) Concurrent Cleanup for Next Mark 4.464ms
[2732.917s][info][gc             ] GC(503) Concurrent Mark Cycle 1064.770ms
...[2735.814s][info][gc,start       ] GC(504) Pause Young (Prepare Mixed) (G1 Evacuation Pause)
[2735.814s][info][gc,task        ] GC(504) Using 6 workers of 6 for evacuation
[2735.942s][info][gc,phases      ] GC(504)   Pre Evacuate Collection Set: 0.38ms
[2735.942s][info][gc,phases      ] GC(504)   Merge Heap Roots: 0.66ms
[2735.942s][info][gc,phases      ] GC(504)   Evacuate Collection Set: 125.87ms
[2735.942s][info][gc,phases      ] GC(504)   Post Evacuate Collection Set: 0.94ms
[2735.942s][info][gc,phases      ] GC(504)   Other: 0.09ms
[2735.942s][info][gc,heap        ] GC(504) Eden regions: 1120->0(1092)
[2735.942s][info][gc,heap        ] GC(504) Survivor regions: 108->118(154)
[2735.942s][info][gc,heap        ] GC(504) Old regions: 505->537
[2735.942s][info][gc,heap        ] GC(504) Humongous regions: 80->80
[2735.942s][info][gc,metaspace   ] GC(504) Metaspace: 28918K(29248K)->28918K(29248K) NonClass: 24039K(24192K)->24039K(24192K) Class: 4879K(5056K)->4879K(5056K)
[2735.942s][info][gc             ] GC(504) Pause Young (Prepare Mixed) (G1 Evacuation Pause) 3624M->1467M(4096M) 128.070ms
[2735.942s][info][gc,cpu         ] GC(504) User=0.76s Sys=0.00s Real=0.13s
....[2739.901s][info][gc,start       ] GC(505) Pause Young (Mixed) (G1 Evacuation Pause)
[2739.901s][info][gc,task        ] GC(505) Using 6 workers of 6 for evacuation
[2740.031s][info][gc,phases      ] GC(505)   Pre Evacuate Collection Set: 0.36ms
[2740.031s][info][gc,phases      ] GC(505)   Merge Heap Roots: 0.66ms
[2740.031s][info][gc,phases      ] GC(505)   Evacuate Collection Set: 127.33ms
[2740.031s][info][gc,phases      ] GC(505)   Post Evacuate Collection Set: 0.97ms
[2740.031s][info][gc,phases      ] GC(505)   Other: 0.09ms
[2740.031s][info][gc,heap        ] GC(505) Eden regions: 1092->0(1121)
[2740.031s][info][gc,heap        ] GC(505) Survivor regions: 118->107(152)
[2740.031s][info][gc,heap        ] GC(505) Old regions: 537->476
[2740.031s][info][gc,heap        ] GC(505) Humongous regions: 80->80
[2740.031s][info][gc,metaspace   ] GC(505) Metaspace: 28918K(29248K)->28918K(29248K) NonClass: 24039K(24192K)->24039K(24192K) Class: 4879K(5056K)->4879K(5056K)
[2740.031s][info][gc             ] GC(505) Pause Young (Mixed) (G1 Evacuation Pause) 3651M->1324M(4096M) 129.531ms
[2740.031s][info][gc,cpu         ] GC(505) User=0.77s Sys=0.00s Real=0.13s
....[2744.096s][info][gc,start       ] GC(506) Pause Young (Concurrent Start) (G1 Evacuation Pause)
[2744.096s][info][gc,task        ] GC(506) Using 6 workers of 6 for evacuation
[2744.216s][info][gc,phases      ] GC(506)   Pre Evacuate Collection Set: 0.39ms
[2744.216s][info][gc,phases      ] GC(506)   Merge Heap Roots: 0.57ms
[2744.216s][info][gc,phases      ] GC(506)   Evacuate Collection Set: 117.98ms
[2744.216s][info][gc,phases      ] GC(506)   Post Evacuate Collection Set: 0.91ms
[2744.216s][info][gc,phases      ] GC(506)   Other: 0.13ms
[2744.216s][info][gc,heap        ] GC(506) Eden regions: 1121->0(1117)
[2744.216s][info][gc,heap        ] GC(506) Survivor regions: 107->111(154)
[2744.216s][info][gc,heap        ] GC(506) Old regions: 476->508
[2744.216s][info][gc,heap        ] GC(506) Humongous regions: 80->80
[2744.216s][info][gc,metaspace   ] GC(506) Metaspace: 28918K(29248K)->28918K(29248K) NonClass: 24039K(24192K)->24039K(24192K) Class: 4879K(5056K)->4879K(5056K)
[2744.216s][info][gc             ] GC(506) Pause Young (Concurrent Start) (G1 Evacuation Pause) 3566M->1396M(4096M) 120.117ms
[2744.216s][info][gc             ] GC(507) Concurrent Mark Cycle
[2744.216s][info][gc,marking     ] GC(507) Concurrent Scan Root Regions
[2744.216s][info][gc,cpu         ] GC(506) User=0.71s Sys=0.00s Real=0.12s
[2744.387s][info][gc,marking     ] GC(507) Concurrent Scan Root Regions 170.853ms
[2744.387s][info][gc,marking     ] GC(507) Concurrent Mark
[2744.387s][info][gc,marking     ] GC(507) Concurrent Mark From Roots
[2744.387s][info][gc,task        ] GC(507) Using 2 workers of 2 for marking
.[2745.032s][info][gc,marking     ] GC(507) Concurrent Mark From Roots 644.728ms
[2745.032s][info][gc,marking     ] GC(507) Concurrent Preclean
[2745.032s][info][gc,marking     ] GC(507) Concurrent Preclean 0.142ms
[2745.032s][info][gc,start       ] GC(507) Pause Remark
[2745.036s][info][gc             ] GC(507) Pause Remark 1895M->1895M(4096M) 4.142ms
[2745.036s][info][gc,cpu         ] GC(507) User=0.03s Sys=0.00s Real=0.00s
[2745.036s][info][gc,marking     ] GC(507) Concurrent Mark 649.266ms
[2745.037s][info][gc,marking     ] GC(507) Concurrent Rebuild Remembered Sets and Scrub Regions
[2745.282s][info][gc,marking     ] GC(507) Concurrent Rebuild Remembered Sets and Scrub Regions 245.066ms
[2745.282s][info][gc,start       ] GC(507) Pause Cleanup
[2745.282s][info][gc             ] GC(507) Pause Cleanup 2057M->2057M(4096M) 0.126ms
[2745.282s][info][gc,cpu         ] GC(507) User=0.00s Sys=0.00s Real=0.00s
[2745.282s][info][gc,marking     ] GC(507) Concurrent Clear Claimed Marks
[2745.282s][info][gc,marking     ] GC(507) Concurrent Clear Claimed Marks 0.024ms
[2745.282s][info][gc,marking     ] GC(507) Concurrent Cleanup for Next Mark
[2745.286s][info][gc,marking     ] GC(507) Concurrent Cleanup for Next Mark 4.176ms
[2745.286s][info][gc             ] GC(507) Concurrent Mark Cycle 1069.889ms
...[2748.136s][info][gc,start       ] GC(508) Pause Young (Prepare Mixed) (G1 Evacuation Pause)
[2748.136s][info][gc,task        ] GC(508) Using 6 workers of 6 for evacuation
[2748.254s][info][gc,phases      ] GC(508)   Pre Evacuate Collection Set: 0.35ms
[2748.254s][info][gc,phases      ] GC(508)   Merge Heap Roots: 0.60ms
[2748.254s][info][gc,phases      ] GC(508)   Evacuate Collection Set: 116.66ms
[2748.254s][info][gc,phases      ] GC(508)   Post Evacuate Collection Set: 0.90ms
[2748.254s][info][gc,phases      ] GC(508)   Other: 0.09ms
[2748.254s][info][gc,heap        ] GC(508) Eden regions: 1117->0(1105)
[2748.254s][info][gc,heap        ] GC(508) Survivor regions: 111->110(154)
[2748.254s][info][gc,heap        ] GC(508) Old regions: 508->540
[2748.254s][info][gc,heap        ] GC(508) Humongous regions: 80->80
[2748.254s][info][gc,metaspace   ] GC(508) Metaspace: 28918K(29248K)->28918K(29248K) NonClass: 24039K(24192K)->24039K(24192K) Class: 4879K(5056K)->4879K(5056K)
[2748.255s][info][gc             ] GC(508) Pause Young (Prepare Mixed) (G1 Evacuation Pause) 3630M->1458M(4096M) 118.729ms
[2748.255s][info][gc,cpu         ] GC(508) User=0.70s Sys=0.00s Real=0.12s
....[2752.232s][info][gc,start       ] GC(509) Pause Young (Mixed) (G1 Evacuation Pause)
[2752.233s][info][gc,task        ] GC(509) Using 6 workers of 6 for evacuation
[2752.366s][info][gc,phases      ] GC(509)   Pre Evacuate Collection Set: 0.41ms
[2752.366s][info][gc,phases      ] GC(509)   Merge Heap Roots: 0.83ms
[2752.366s][info][gc,phases      ] GC(509)   Evacuate Collection Set: 130.89ms
[2752.366s][info][gc,phases      ] GC(509)   Post Evacuate Collection Set: 0.97ms
[2752.366s][info][gc,phases      ] GC(509)   Other: 0.09ms
[2752.366s][info][gc,heap        ] GC(509) Eden regions: 1105->0(1119)
[2752.366s][info][gc,heap        ] GC(509) Survivor regions: 110->109(152)
[2752.366s][info][gc,heap        ] GC(509) Old regions: 540->474
[2752.366s][info][gc,heap        ] GC(509) Humongous regions: 80->80
[2752.366s][info][gc,metaspace   ] GC(509) Metaspace: 28918K(29248K)->28918K(29248K) NonClass: 24039K(24192K)->24039K(24192K) Class: 4879K(5056K)->4879K(5056K)
[2752.366s][info][gc             ] GC(509) Pause Young (Mixed) (G1 Evacuation Pause) 3668M->1323M(4096M) 133.351ms
[2752.366s][info][gc,cpu         ] GC(509) User=0.79s Sys=0.00s Real=0.13s
....[2756.332s][info][gc,start       ] GC(510) Pause Young (Concurrent Start) (G1 Evacuation Pause)
[2756.332s][info][gc,task        ] GC(510) Using 6 workers of 6 for evacuation
[2756.448s][info][gc,phases      ] GC(510)   Pre Evacuate Collection Set: 0.41ms
[2756.448s][info][gc,phases      ] GC(510)   Merge Heap Roots: 0.50ms
[2756.448s][info][gc,phases      ] GC(510)   Evacuate Collection Set: 113.46ms
[2756.448s][info][gc,phases      ] GC(510)   Post Evacuate Collection Set: 0.91ms
[2756.448s][info][gc,phases      ] GC(510)   Other: 0.12ms
[2756.448s][info][gc,heap        ] GC(510) Eden regions: 1119->0(1119)
[2756.448s][info][gc,heap        ] GC(510) Survivor regions: 109->109(154)
[2756.448s][info][gc,heap        ] GC(510) Old regions: 474->505
[2756.448s][info][gc,heap        ] GC(510) Humongous regions: 80->80
[2756.448s][info][gc,metaspace   ] GC(510) Metaspace: 28918K(29248K)->28918K(29248K) NonClass: 24039K(24192K)->24039K(24192K) Class: 4879K(5056K)->4879K(5056K)
[2756.448s][info][gc             ] GC(510) Pause Young (Concurrent Start) (G1 Evacuation Pause) 3561M->1385M(4096M) 115.530ms
[2756.448s][info][gc             ] GC(511) Concurrent Mark Cycle
[2756.448s][info][gc,marking     ] GC(511) Concurrent Scan Root Regions
[2756.448s][info][gc,cpu         ] GC(510) User=0.68s Sys=0.00s Real=0.12s
[2756.575s][info][gc,marking     ] GC(511) Concurrent Scan Root Regions 127.205ms
[2756.575s][info][gc,marking     ] GC(511) Concurrent Mark
[2756.575s][info][gc,marking     ] GC(511) Concurrent Mark From Roots
[2756.575s][info][gc,task        ] GC(511) Using 2 workers of 2 for marking
.[2757.541s][info][gc,marking     ] GC(511) Concurrent Mark From Roots 965.937ms
[2757.541s][info][gc,marking     ] GC(511) Concurrent Preclean
[2757.541s][info][gc,marking     ] GC(511) Concurrent Preclean 0.166ms
[2757.543s][info][gc,start       ] GC(511) Pause Remark
[2757.547s][info][gc             ] GC(511) Pause Remark 2005M->2005M(4096M) 3.936ms
[2757.547s][info][gc,cpu         ] GC(511) User=0.01s Sys=0.01s Real=0.00s
[2757.547s][info][gc,marking     ] GC(511) Concurrent Mark 971.980ms
[2757.547s][info][gc,marking     ] GC(511) Concurrent Rebuild Remembered Sets and Scrub Regions
.[2757.907s][info][gc,marking     ] GC(511) Concurrent Rebuild Remembered Sets and Scrub Regions 359.468ms
[2757.907s][info][gc,start       ] GC(511) Pause Cleanup
[2757.907s][info][gc             ] GC(511) Pause Cleanup 2174M->2174M(4096M) 0.147ms
[2757.907s][info][gc,cpu         ] GC(511) User=0.00s Sys=0.00s Real=0.00s
[2757.908s][info][gc,marking     ] GC(511) Concurrent Clear Claimed Marks
[2757.908s][info][gc,marking     ] GC(511) Concurrent Clear Claimed Marks 0.037ms
[2757.908s][info][gc,marking     ] GC(511) Concurrent Cleanup for Next Mark
[2757.912s][info][gc,marking     ] GC(511) Concurrent Cleanup for Next Mark 4.472ms
[2757.912s][info][gc             ] GC(511) Concurrent Mark Cycle 1464.084ms
..[2760.570s][info][gc,start       ] GC(512) Pause Young (Prepare Mixed) (G1 Evacuation Pause)
[2760.570s][info][gc,task        ] GC(512) Using 6 workers of 6 for evacuation
[2760.693s][info][gc,phases      ] GC(512)   Pre Evacuate Collection Set: 0.38ms
[2760.693s][info][gc,phases      ] GC(512)   Merge Heap Roots: 0.62ms
[2760.693s][info][gc,phases      ] GC(512)   Evacuate Collection Set: 120.72ms
[2760.693s][info][gc,phases      ] GC(512)   Post Evacuate Collection Set: 0.94ms
[2760.693s][info][gc,phases      ] GC(512)   Other: 0.09ms
[2760.693s][info][gc,heap        ] GC(512) Eden regions: 1119->0(1101)
[2760.693s][info][gc,heap        ] GC(512) Survivor regions: 109->114(154)
[2760.693s][info][gc,heap        ] GC(512) Old regions: 505->536
[2760.693s][info][gc,heap        ] GC(512) Humongous regions: 80->80
[2760.693s][info][gc,metaspace   ] GC(512) Metaspace: 28918K(29248K)->28918K(29248K) NonClass: 24039K(24192K)->24039K(24192K) Class: 4879K(5056K)->4879K(5056K)
[2760.693s][info][gc             ] GC(512) Pause Young (Prepare Mixed) (G1 Evacuation Pause) 3623M->1459M(4096M) 122.927ms
[2760.693s][info][gc,cpu         ] GC(512) User=0.72s Sys=0.01s Real=0.12s
....[2764.638s][info][gc,start       ] GC(513) Pause Young (Mixed) (G1 Evacuation Pause)
[2764.638s][info][gc,task        ] GC(513) Using 6 workers of 6 for evacuation
[2764.770s][info][gc,phases      ] GC(513)   Pre Evacuate Collection Set: 0.40ms
[2764.770s][info][gc,phases      ] GC(513)   Merge Heap Roots: 0.80ms
[2764.770s][info][gc,phases      ] GC(513)   Evacuate Collection Set: 129.51ms
[2764.770s][info][gc,phases      ] GC(513)   Post Evacuate Collection Set: 0.95ms
[2764.770s][info][gc,phases      ] GC(513)   Other: 0.10ms
[2764.770s][info][gc,heap        ] GC(513) Eden regions: 1101->0(1120)
[2764.770s][info][gc,heap        ] GC(513) Survivor regions: 114->108(152)
[2764.770s][info][gc,heap        ] GC(513) Old regions: 536->471
[2764.770s][info][gc,heap        ] GC(513) Humongous regions: 80->80
[2764.770s][info][gc,metaspace   ] GC(513) Metaspace: 28918K(29248K)->28918K(29248K) NonClass: 24039K(24192K)->24039K(24192K) Class: 4879K(5056K)->4879K(5056K)
[2764.770s][info][gc             ] GC(513) Pause Young (Mixed) (G1 Evacuation Pause) 3661M->1315M(4096M) 131.914ms
[2764.770s][info][gc,cpu         ] GC(513) User=0.78s Sys=0.00s Real=0.14s
.....[2768.791s][info][gc,start       ] GC(514) Pause Young (Concurrent Start) (G1 Evacuation Pause)
[2768.792s][info][gc,task        ] GC(514) Using 6 workers of 6 for evacuation
[2768.908s][info][gc,phases      ] GC(514)   Pre Evacuate Collection Set: 0.42ms
[2768.908s][info][gc,phases      ] GC(514)   Merge Heap Roots: 0.53ms
[2768.908s][info][gc,phases      ] GC(514)   Evacuate Collection Set: 114.49ms
[2768.908s][info][gc,phases      ] GC(514)   Post Evacuate Collection Set: 0.90ms
[2768.908s][info][gc,phases      ] GC(514)   Other: 0.12ms
[2768.908s][info][gc,heap        ] GC(514) Eden regions: 1120->0(1121)
[2768.908s][info][gc,heap        ] GC(514) Survivor regions: 108->107(154)
[2768.908s][info][gc,heap        ] GC(514) Old regions: 471->504
[2768.908s][info][gc,heap        ] GC(514) Humongous regions: 80->80
[2768.908s][info][gc,metaspace   ] GC(514) Metaspace: 28918K(29248K)->28918K(29248K) NonClass: 24039K(24192K)->24039K(24192K) Class: 4879K(5056K)->4879K(5056K)
[2768.908s][info][gc             ] GC(514) Pause Young (Concurrent Start) (G1 Evacuation Pause) 3555M->1380M(4096M) 116.590ms
[2768.908s][info][gc             ] GC(515) Concurrent Mark Cycle
[2768.908s][info][gc,marking     ] GC(515) Concurrent Scan Root Regions
[2768.908s][info][gc,cpu         ] GC(514) User=0.69s Sys=0.00s Real=0.12s
[2769.070s][info][gc,marking     ] GC(515) Concurrent Scan Root Regions 162.378ms
[2769.071s][info][gc,marking     ] GC(515) Concurrent Mark
[2769.071s][info][gc,marking     ] GC(515) Concurrent Mark From Roots
[2769.071s][info][gc,task        ] GC(515) Using 2 workers of 2 for marking
[2769.713s][info][gc,marking     ] GC(515) Concurrent Mark From Roots 642.051ms
[2769.713s][info][gc,marking     ] GC(515) Concurrent Preclean
[2769.713s][info][gc,marking     ] GC(515) Concurrent Preclean 0.166ms
[2769.713s][info][gc,start       ] GC(515) Pause Remark
[2769.718s][info][gc             ] GC(515) Pause Remark 1870M->1870M(4096M) 5.216ms
[2769.719s][info][gc,cpu         ] GC(515) User=0.02s Sys=0.00s Real=0.01s
[2769.719s][info][gc,marking     ] GC(515) Concurrent Mark 648.682ms
[2769.719s][info][gc,marking     ] GC(515) Concurrent Rebuild Remembered Sets and Scrub Regions
.[2770.001s][info][gc,marking     ] GC(515) Concurrent Rebuild Remembered Sets and Scrub Regions 281.344ms
[2770.001s][info][gc,start       ] GC(515) Pause Cleanup
[2770.001s][info][gc             ] GC(515) Pause Cleanup 2033M->2033M(4096M) 0.139ms
[2770.001s][info][gc,cpu         ] GC(515) User=0.00s Sys=0.00s Real=0.00s
[2770.001s][info][gc,marking     ] GC(515) Concurrent Clear Claimed Marks
[2770.001s][info][gc,marking     ] GC(515) Concurrent Clear Claimed Marks 0.024ms
[2770.001s][info][gc,marking     ] GC(515) Concurrent Cleanup for Next Mark
[2770.004s][info][gc,marking     ] GC(515) Concurrent Cleanup for Next Mark 3.338ms
[2770.004s][info][gc             ] GC(515) Concurrent Mark Cycle 1096.239ms
...[2772.968s][info][gc,start       ] GC(516) Pause Young (Prepare Mixed) (G1 Evacuation Pause)
[2772.968s][info][gc,task        ] GC(516) Using 6 workers of 6 for evacuation
[2773.084s][info][gc,phases      ] GC(516)   Pre Evacuate Collection Set: 0.37ms
[2773.084s][info][gc,phases      ] GC(516)   Merge Heap Roots: 0.58ms
[2773.084s][info][gc,phases      ] GC(516)   Evacuate Collection Set: 114.63ms
[2773.084s][info][gc,phases      ] GC(516)   Post Evacuate Collection Set: 0.97ms
[2773.085s][info][gc,phases      ] GC(516)   Other: 0.09ms
[2773.085s][info][gc,heap        ] GC(516) Eden regions: 1121->0(1112)
[2773.085s][info][gc,heap        ] GC(516) Survivor regions: 107->109(154)
[2773.085s][info][gc,heap        ] GC(516) Old regions: 504->535
[2773.085s][info][gc,heap        ] GC(516) Humongous regions: 80->80
[2773.085s][info][gc,metaspace   ] GC(516) Metaspace: 28915K(29248K)->28915K(29248K) NonClass: 24037K(24192K)->24037K(24192K) Class: 4877K(5056K)->4877K(5056K)
[2773.085s][info][gc             ] GC(516) Pause Young (Prepare Mixed) (G1 Evacuation Pause) 3622M->1446M(4096M) 116.763ms
[2773.085s][info][gc,cpu         ] GC(516) User=0.69s Sys=0.00s Real=0.12s
....[2777.027s][info][gc,start       ] GC(517) Pause Young (Mixed) (G1 Evacuation Pause)
[2777.027s][info][gc,task        ] GC(517) Using 6 workers of 6 for evacuation
[2777.161s][info][gc,phases      ] GC(517)   Pre Evacuate Collection Set: 0.41ms
[2777.161s][info][gc,phases      ] GC(517)   Merge Heap Roots: 0.89ms
[2777.161s][info][gc,phases      ] GC(517)   Evacuate Collection Set: 131.39ms
[2777.161s][info][gc,phases      ] GC(517)   Post Evacuate Collection Set: 0.97ms
[2777.161s][info][gc,phases      ] GC(517)   Other: 0.10ms
[2777.161s][info][gc,heap        ] GC(517) Eden regions: 1112->0(1120)
[2777.161s][info][gc,heap        ] GC(517) Survivor regions: 109->108(153)
[2777.161s][info][gc,heap        ] GC(517) Old regions: 535->473
[2777.161s][info][gc,heap        ] GC(517) Humongous regions: 80->80
[2777.161s][info][gc,metaspace   ] GC(517) Metaspace: 28915K(29248K)->28915K(29248K) NonClass: 24037K(24192K)->24037K(24192K) Class: 4877K(5056K)->4877K(5056K)
[2777.161s][info][gc             ] GC(517) Pause Young (Mixed) (G1 Evacuation Pause) 3670M->1321M(4096M) 133.901ms
[2777.161s][info][gc,cpu         ] GC(517) User=0.79s Sys=0.00s Real=0.14s
....[2781.302s][info][gc,start       ] GC(518) Pause Young (Concurrent Start) (G1 Evacuation Pause)
[2781.302s][info][gc,task        ] GC(518) Using 6 workers of 6 for evacuation
[2781.422s][info][gc,phases      ] GC(518)   Pre Evacuate Collection Set: 0.43ms
[2781.422s][info][gc,phases      ] GC(518)   Merge Heap Roots: 0.58ms
[2781.422s][info][gc,phases      ] GC(518)   Evacuate Collection Set: 118.00ms
[2781.422s][info][gc,phases      ] GC(518)   Post Evacuate Collection Set: 0.86ms
[2781.422s][info][gc,phases      ] GC(518)   Other: 0.12ms
[2781.422s][info][gc,heap        ] GC(518) Eden regions: 1120->0(1118)
[2781.422s][info][gc,heap        ] GC(518) Survivor regions: 108->110(154)
[2781.422s][info][gc,heap        ] GC(518) Old regions: 473->506
[2781.422s][info][gc,heap        ] GC(518) Humongous regions: 80->80
[2781.422s][info][gc,metaspace   ] GC(518) Metaspace: 28915K(29248K)->28915K(29248K) NonClass: 24037K(24192K)->24037K(24192K) Class: 4877K(5056K)->4877K(5056K)
[2781.422s][info][gc             ] GC(518) Pause Young (Concurrent Start) (G1 Evacuation Pause) 3561M->1389M(4096M) 120.147ms
[2781.422s][info][gc             ] GC(519) Concurrent Mark Cycle
[2781.422s][info][gc,marking     ] GC(519) Concurrent Scan Root Regions
[2781.423s][info][gc,cpu         ] GC(518) User=0.71s Sys=0.00s Real=0.12s
[2781.560s][info][gc,marking     ] GC(519) Concurrent Scan Root Regions 137.302ms
[2781.560s][info][gc,marking     ] GC(519) Concurrent Mark
[2781.560s][info][gc,marking     ] GC(519) Concurrent Mark From Roots
[2781.560s][info][gc,task        ] GC(519) Using 2 workers of 2 for marking
. (rIR:aIR:PR = 4566:4566:4566) (tPR = 67101) [OK] 
  2781s: Performance info:
         Transaction,    Success,    Partial,     Failed,   Receipts, AvgBarcode, 
             Overall,     274407,          0,          0,     260667,      59.48, 
         Response times:
             Request,    Success,    Partial,     Failed,   SkipFail,     Probes,    Samples,      min,      p50,      p90,      p95,      p99,      max, 
       TotalPurchase,     260667,          0,          0,          0,     256032,     272971,      300,     4000,     7900,    15400,    72280,   211000,
     InStorePurchase,     137201,          0,          0,          0,     135167,     143789,      300,     3900,     7800,    15100,    70000,   211000,
      OnlinePurchase,      96025,          0,          0,          0,      94416,     100726,      300,     4100,     8000,    15900,    75000,   189000,
        InstPurchase,      27441,          0,          0,          0,      26449,      28456,      400,     4000,     7900,    14800,    78000,   211000,
          AssocOfCat,        274,          0,          0,          0,        214,        287,    19700,    35000,    48200,    60200,   151600,   167000,
      AssocOfProduct,       2743,          0,          0,          0,       2545,       2926,      800,     4900,     9430,    17000,    91000,   175000,
      BusinessReport,        687,          0,          0,          0,        538,        684,    25000,    40000,    59000,    74000,   166200,   200000,
          CustBuyBeh,       2747,          0,          0,          0,       2504,       2824,      300,     4600,     8500,    17200,    73750,   141000,
       ProductReturn,       7289,          0,          0,          0,       6949,       7642,      200,     2700,     7100,    12100,    75000,   152000,

  2781s: (34%)   IR =   4705 [2782.515s][info][gc,marking     ] GC(519) Concurrent Mark From Roots 955.449ms
[2782.515s][info][gc,marking     ] GC(519) Concurrent Preclean
[2782.516s][info][gc,marking     ] GC(519) Concurrent Preclean 0.169ms
[2782.516s][info][gc,start       ] GC(519) Pause Remark
[2782.523s][info][gc             ] GC(519) Pause Remark 2081M->2081M(4096M) 6.352ms
[2782.523s][info][gc,cpu         ] GC(519) User=0.03s Sys=0.00s Real=0.01s
[2782.523s][info][gc,marking     ] GC(519) Concurrent Mark 962.921ms
[2782.523s][info][gc,marking     ] GC(519) Concurrent Rebuild Remembered Sets and Scrub Regions
.[2782.882s][info][gc,marking     ] GC(519) Concurrent Rebuild Remembered Sets and Scrub Regions 359.360ms
[2782.882s][info][gc,start       ] GC(519) Pause Cleanup
[2782.882s][info][gc             ] GC(519) Pause Cleanup 2267M->2267M(4096M) 0.131ms
[2782.882s][info][gc,cpu         ] GC(519) User=0.00s Sys=0.00s Real=0.00s
[2782.883s][info][gc,marking     ] GC(519) Concurrent Clear Claimed Marks
[2782.883s][info][gc,marking     ] GC(519) Concurrent Clear Claimed Marks 0.029ms
[2782.883s][info][gc,marking     ] GC(519) Concurrent Cleanup for Next Mark
[2782.886s][info][gc,marking     ] GC(519) Concurrent Cleanup for Next Mark 3.280ms
[2782.886s][info][gc             ] GC(519) Concurrent Mark Cycle 1463.367ms
..[2785.309s][info][gc,start       ] GC(520) Pause Young (Prepare Mixed) (G1 Evacuation Pause)
[2785.309s][info][gc,task        ] GC(520) Using 6 workers of 6 for evacuation
[2785.426s][info][gc,phases      ] GC(520)   Pre Evacuate Collection Set: 0.35ms
[2785.426s][info][gc,phases      ] GC(520)   Merge Heap Roots: 0.66ms
[2785.426s][info][gc,phases      ] GC(520)   Evacuate Collection Set: 115.13ms
[2785.426s][info][gc,phases      ] GC(520)   Post Evacuate Collection Set: 0.97ms
[2785.426s][info][gc,phases      ] GC(520)   Other: 0.10ms
[2785.426s][info][gc,heap        ] GC(520) Eden regions: 1118->0(1109)
[2785.426s][info][gc,heap        ] GC(520) Survivor regions: 110->110(154)
[2785.426s][info][gc,heap        ] GC(520) Old regions: 506->536
[2785.426s][info][gc,heap        ] GC(520) Humongous regions: 80->80
[2785.426s][info][gc,metaspace   ] GC(520) Metaspace: 28913K(29248K)->28913K(29248K) NonClass: 24036K(24192K)->24036K(24192K) Class: 4877K(5056K)->4877K(5056K)
[2785.426s][info][gc             ] GC(520) Pause Young (Prepare Mixed) (G1 Evacuation Pause) 3625M->1451M(4096M) 117.367ms
[2785.426s][info][gc,cpu         ] GC(520) User=0.70s Sys=0.00s Real=0.11s
.|...[2789.304s][info][gc,start       ] GC(521) Pause Young (Mixed) (G1 Evacuation Pause)
[2789.304s][info][gc,task        ] GC(521) Using 6 workers of 6 for evacuation
[2789.439s][info][gc,phases      ] GC(521)   Pre Evacuate Collection Set: 0.43ms
[2789.439s][info][gc,phases      ] GC(521)   Merge Heap Roots: 0.84ms
[2789.439s][info][gc,phases      ] GC(521)   Evacuate Collection Set: 132.12ms
[2789.439s][info][gc,phases      ] GC(521)   Post Evacuate Collection Set: 0.97ms
[2789.439s][info][gc,phases      ] GC(521)   Other: 0.09ms
[2789.439s][info][gc,heap        ] GC(521) Eden regions: 1109->0(1118)
[2789.439s][info][gc,heap        ] GC(521) Survivor regions: 110->110(153)
[2789.439s][info][gc,heap        ] GC(521) Old regions: 536->472
[2789.439s][info][gc,heap        ] GC(521) Humongous regions: 80->80
[2789.439s][info][gc,metaspace   ] GC(521) Metaspace: 28913K(29248K)->28913K(29248K) NonClass: 24036K(24192K)->24036K(24192K) Class: 4877K(5056K)->4877K(5056K)
[2789.439s][info][gc             ] GC(521) Pause Young (Mixed) (G1 Evacuation Pause) 3669M->1322M(4096M) 134.597ms
[2789.439s][info][gc,cpu         ] GC(521) User=0.79s Sys=0.00s Real=0.14s
....[2793.281s][info][gc,start       ] GC(522) Pause Young (Concurrent Start) (G1 Evacuation Pause)
[2793.281s][info][gc,task        ] GC(522) Using 6 workers of 6 for evacuation
[2793.400s][info][gc,phases      ] GC(522)   Pre Evacuate Collection Set: 0.40ms
[2793.400s][info][gc,phases      ] GC(522)   Merge Heap Roots: 0.48ms
[2793.400s][info][gc,phases      ] GC(522)   Evacuate Collection Set: 116.89ms
[2793.400s][info][gc,phases      ] GC(522)   Post Evacuate Collection Set: 0.87ms
[2793.400s][info][gc,phases      ] GC(522)   Other: 0.12ms
[2793.400s][info][gc,heap        ] GC(522) Eden regions: 1118->0(1117)
[2793.400s][info][gc,heap        ] GC(522) Survivor regions: 110->111(154)
[2793.400s][info][gc,heap        ] GC(522) Old regions: 472->504
[2793.400s][info][gc,heap        ] GC(522) Humongous regions: 80->80
[2793.400s][info][gc,metaspace   ] GC(522) Metaspace: 28913K(29248K)->28913K(29248K) NonClass: 24036K(24192K)->24036K(24192K) Class: 4877K(5056K)->4877K(5056K)
[2793.400s][info][gc             ] GC(522) Pause Young (Concurrent Start) (G1 Evacuation Pause) 3558M->1389M(4096M) 118.891ms
[2793.400s][info][gc             ] GC(523) Concurrent Mark Cycle
[2793.400s][info][gc,marking     ] GC(523) Concurrent Scan Root Regions
[2793.400s][info][gc,cpu         ] GC(522) User=0.70s Sys=0.00s Real=0.12s
[2793.531s][info][gc,marking     ] GC(523) Concurrent Scan Root Regions 130.647ms
[2793.531s][info][gc,marking     ] GC(523) Concurrent Mark
[2793.531s][info][gc,marking     ] GC(523) Concurrent Mark From Roots
[2793.531s][info][gc,task        ] GC(523) Using 2 workers of 2 for marking
.[2794.189s][info][gc,marking     ] GC(523) Concurrent Mark From Roots 658.118ms
[2794.189s][info][gc,marking     ] GC(523) Concurrent Preclean
[2794.189s][info][gc,marking     ] GC(523) Concurrent Preclean 0.144ms
[2794.190s][info][gc,start       ] GC(523) Pause Remark
[2794.194s][info][gc             ] GC(523) Pause Remark 1899M->1899M(4096M) 3.957ms
[2794.194s][info][gc,cpu         ] GC(523) User=0.02s Sys=0.00s Real=0.00s
[2794.194s][info][gc,marking     ] GC(523) Concurrent Mark 663.517ms
[2794.194s][info][gc,marking     ] GC(523) Concurrent Rebuild Remembered Sets and Scrub Regions
[2794.434s][info][gc,marking     ] GC(523) Concurrent Rebuild Remembered Sets and Scrub Regions 239.559ms
[2794.434s][info][gc,start       ] GC(523) Pause Cleanup
[2794.434s][info][gc             ] GC(523) Pause Cleanup 2040M->2040M(4096M) 0.112ms
[2794.434s][info][gc,cpu         ] GC(523) User=0.00s Sys=0.00s Real=0.00s
[2794.434s][info][gc,marking     ] GC(523) Concurrent Clear Claimed Marks
[2794.434s][info][gc,marking     ] GC(523) Concurrent Clear Claimed Marks 0.029ms
[2794.434s][info][gc,marking     ] GC(523) Concurrent Cleanup for Next Mark
[2794.439s][info][gc,marking     ] GC(523) Concurrent Cleanup for Next Mark 4.556ms
[2794.439s][info][gc             ] GC(523) Concurrent Mark Cycle 1038.840ms
...[2797.304s][info][gc,start       ] GC(524) Pause Young (Prepare Mixed) (G1 Evacuation Pause)
[2797.304s][info][gc,task        ] GC(524) Using 6 workers of 6 for evacuation
[2797.423s][info][gc,phases      ] GC(524)   Pre Evacuate Collection Set: 0.32ms
[2797.423s][info][gc,phases      ] GC(524)   Merge Heap Roots: 0.51ms
[2797.423s][info][gc,phases      ] GC(524)   Evacuate Collection Set: 117.68ms
[2797.423s][info][gc,phases      ] GC(524)   Post Evacuate Collection Set: 0.92ms
[2797.423s][info][gc,phases      ] GC(524)   Other: 0.08ms
[2797.423s][info][gc,heap        ] GC(524) Eden regions: 1117->0(1107)
[2797.423s][info][gc,heap        ] GC(524) Survivor regions: 111->111(154)
[2797.423s][info][gc,heap        ] GC(524) Old regions: 504->536
[2797.423s][info][gc,heap        ] GC(524) Humongous regions: 80->80
[2797.423s][info][gc,metaspace   ] GC(524) Metaspace: 28913K(29248K)->28913K(29248K) NonClass: 24036K(24192K)->24036K(24192K) Class: 4877K(5056K)->4877K(5056K)
[2797.423s][info][gc             ] GC(524) Pause Young (Prepare Mixed) (G1 Evacuation Pause) 3623M->1451M(4096M) 119.621ms
[2797.424s][info][gc,cpu         ] GC(524) User=0.71s Sys=0.00s Real=0.12s
....[2801.303s][info][gc,start       ] GC(525) Pause Young (Mixed) (G1 Evacuation Pause)
[2801.303s][info][gc,task        ] GC(525) Using 6 workers of 6 for evacuation
[2801.441s][info][gc,phases      ] GC(525)   Pre Evacuate Collection Set: 0.36ms
[2801.441s][info][gc,phases      ] GC(525)   Merge Heap Roots: 0.75ms
[2801.441s][info][gc,phases      ] GC(525)   Evacuate Collection Set: 135.06ms
[2801.441s][info][gc,phases      ] GC(525)   Post Evacuate Collection Set: 0.96ms
[2801.441s][info][gc,phases      ] GC(525)   Other: 0.09ms
[2801.441s][info][gc,heap        ] GC(525) Eden regions: 1107->0(1117)
[2801.441s][info][gc,heap        ] GC(525) Survivor regions: 111->111(153)
[2801.441s][info][gc,heap        ] GC(525) Old regions: 536->473
[2801.441s][info][gc,heap        ] GC(525) Humongous regions: 80->80
[2801.441s][info][gc,metaspace   ] GC(525) Metaspace: 28914K(29248K)->28914K(29248K) NonClass: 24036K(24192K)->24036K(24192K) Class: 4877K(5056K)->4877K(5056K)
[2801.441s][info][gc             ] GC(525) Pause Young (Mixed) (G1 Evacuation Pause) 3665M->1325M(4096M) 137.357ms
[2801.441s][info][gc,cpu         ] GC(525) User=0.82s Sys=0.00s Real=0.14s
....[2805.312s][info][gc,start       ] GC(526) Pause Young (Concurrent Start) (G1 Evacuation Pause)
[2805.312s][info][gc,task        ] GC(526) Using 6 workers of 6 for evacuation
[2805.430s][info][gc,phases      ] GC(526)   Pre Evacuate Collection Set: 0.38ms
[2805.430s][info][gc,phases      ] GC(526)   Merge Heap Roots: 0.53ms
[2805.430s][info][gc,phases      ] GC(526)   Evacuate Collection Set: 115.92ms
[2805.430s][info][gc,phases      ] GC(526)   Post Evacuate Collection Set: 0.87ms
[2805.430s][info][gc,phases      ] GC(526)   Other: 0.12ms
[2805.430s][info][gc,heap        ] GC(526) Eden regions: 1117->0(1119)
[2805.430s][info][gc,heap        ] GC(526) Survivor regions: 111->109(154)
[2805.430s][info][gc,heap        ] GC(526) Old regions: 473->504
[2805.430s][info][gc,heap        ] GC(526) Humongous regions: 80->80
[2805.430s][info][gc,metaspace   ] GC(526) Metaspace: 28914K(29248K)->28914K(29248K) NonClass: 24036K(24192K)->24036K(24192K) Class: 4877K(5056K)->4877K(5056K)
[2805.430s][info][gc             ] GC(526) Pause Young (Concurrent Start) (G1 Evacuation Pause) 3559M->1385M(4096M) 117.936ms
[2805.430s][info][gc             ] GC(527) Concurrent Mark Cycle
[2805.430s][info][gc,marking     ] GC(527) Concurrent Scan Root Regions
[2805.430s][info][gc,cpu         ] GC(526) User=0.70s Sys=0.00s Real=0.12s
[2805.561s][info][gc,marking     ] GC(527) Concurrent Scan Root Regions 131.549ms
[2805.561s][info][gc,marking     ] GC(527) Concurrent Mark
[2805.561s][info][gc,marking     ] GC(527) Concurrent Mark From Roots
[2805.561s][info][gc,task        ] GC(527) Using 2 workers of 2 for marking
.[2806.307s][info][gc,marking     ] GC(527) Concurrent Mark From Roots 745.601ms
[2806.307s][info][gc,marking     ] GC(527) Concurrent Preclean
[2806.307s][info][gc,marking     ] GC(527) Concurrent Preclean 0.163ms
[2806.307s][info][gc,start       ] GC(527) Pause Remark
[2806.312s][info][gc             ] GC(527) Pause Remark 1898M->1898M(4096M) 4.476ms
[2806.312s][info][gc,cpu         ] GC(527) User=0.02s Sys=0.00s Real=0.01s
[2806.312s][info][gc,marking     ] GC(527) Concurrent Mark 750.553ms
[2806.312s][info][gc,marking     ] GC(527) Concurrent Rebuild Remembered Sets and Scrub Regions
[2806.632s][info][gc,marking     ] GC(527) Concurrent Rebuild Remembered Sets and Scrub Regions 319.852ms
[2806.632s][info][gc,start       ] GC(527) Pause Cleanup
[2806.632s][info][gc             ] GC(527) Pause Cleanup 2140M->2140M(4096M) 0.103ms
[2806.632s][info][gc,cpu         ] GC(527) User=0.00s Sys=0.00s Real=0.00s
[2806.632s][info][gc,marking     ] GC(527) Concurrent Clear Claimed Marks
[2806.632s][info][gc,marking     ] GC(527) Concurrent Clear Claimed Marks 0.025ms
[2806.632s][info][gc,marking     ] GC(527) Concurrent Cleanup for Next Mark
[2806.636s][info][gc,marking     ] GC(527) Concurrent Cleanup for Next Mark 4.027ms
[2806.636s][info][gc             ] GC(527) Concurrent Mark Cycle 1206.460ms
...[2809.325s][info][gc,start       ] GC(528) Pause Young (Prepare Mixed) (G1 Evacuation Pause)
[2809.325s][info][gc,task        ] GC(528) Using 6 workers of 6 for evacuation
[2809.443s][info][gc,phases      ] GC(528)   Pre Evacuate Collection Set: 0.35ms
[2809.443s][info][gc,phases      ] GC(528)   Merge Heap Roots: 0.59ms
[2809.443s][info][gc,phases      ] GC(528)   Evacuate Collection Set: 115.52ms
[2809.443s][info][gc,phases      ] GC(528)   Post Evacuate Collection Set: 0.92ms
[2809.443s][info][gc,phases      ] GC(528)   Other: 0.09ms
[2809.443s][info][gc,heap        ] GC(528) Eden regions: 1119->0(1111)
[2809.443s][info][gc,heap        ] GC(528) Survivor regions: 109->109(154)
[2809.443s][info][gc,heap        ] GC(528) Old regions: 504->536
[2809.443s][info][gc,heap        ] GC(528) Humongous regions: 80->80
[2809.443s][info][gc,metaspace   ] GC(528) Metaspace: 28914K(29248K)->28914K(29248K) NonClass: 24036K(24192K)->24036K(24192K) Class: 4877K(5056K)->4877K(5056K)
[2809.443s][info][gc             ] GC(528) Pause Young (Prepare Mixed) (G1 Evacuation Pause) 3623M->1448M(4096M) 117.604ms
[2809.443s][info][gc,cpu         ] GC(528) User=0.70s Sys=0.00s Real=0.12s
....[2813.390s][info][gc,start       ] GC(529) Pause Young (Mixed) (G1 Evacuation Pause)
[2813.390s][info][gc,task        ] GC(529) Using 6 workers of 6 for evacuation
[2813.527s][info][gc,phases      ] GC(529)   Pre Evacuate Collection Set: 0.38ms
[2813.527s][info][gc,phases      ] GC(529)   Merge Heap Roots: 0.78ms
[2813.527s][info][gc,phases      ] GC(529)   Evacuate Collection Set: 134.32ms
[2813.527s][info][gc,phases      ] GC(529)   Post Evacuate Collection Set: 1.00ms
[2813.527s][info][gc,phases      ] GC(529)   Other: 0.09ms
[2813.527s][info][gc,heap        ] GC(529) Eden regions: 1111->0(1117)
[2813.527s][info][gc,heap        ] GC(529) Survivor regions: 109->111(153)
[2813.527s][info][gc,heap        ] GC(529) Old regions: 536->472
[2813.527s][info][gc,heap        ] GC(529) Humongous regions: 80->80
[2813.527s][info][gc,metaspace   ] GC(529) Metaspace: 28914K(29248K)->28914K(29248K) NonClass: 24036K(24192K)->24036K(24192K) Class: 4877K(5056K)->4877K(5056K)
[2813.527s][info][gc             ] GC(529) Pause Young (Mixed) (G1 Evacuation Pause) 3670M->1323M(4096M) 136.733ms
[2813.527s][info][gc,cpu         ] GC(529) User=0.81s Sys=0.00s Real=0.13s
....[2817.414s][info][gc,start       ] GC(530) Pause Young (Concurrent Start) (G1 Evacuation Pause)
[2817.414s][info][gc,task        ] GC(530) Using 6 workers of 6 for evacuation
[2817.534s][info][gc,phases      ] GC(530)   Pre Evacuate Collection Set: 0.39ms
[2817.534s][info][gc,phases      ] GC(530)   Merge Heap Roots: 0.55ms
[2817.534s][info][gc,phases      ] GC(530)   Evacuate Collection Set: 117.73ms
[2817.534s][info][gc,phases      ] GC(530)   Post Evacuate Collection Set: 0.88ms
[2817.534s][info][gc,phases      ] GC(530)   Other: 0.12ms
[2817.534s][info][gc,heap        ] GC(530) Eden regions: 1117->0(1117)
[2817.534s][info][gc,heap        ] GC(530) Survivor regions: 111->111(154)
[2817.534s][info][gc,heap        ] GC(530) Old regions: 472->503
[2817.534s][info][gc,heap        ] GC(530) Humongous regions: 80->80
[2817.534s][info][gc,metaspace   ] GC(530) Metaspace: 28914K(29248K)->28914K(29248K) NonClass: 24036K(24192K)->24036K(24192K) Class: 4877K(5056K)->4877K(5056K)
[2817.534s][info][gc             ] GC(530) Pause Young (Concurrent Start) (G1 Evacuation Pause) 3557M->1386M(4096M) 119.790ms
[2817.534s][info][gc             ] GC(531) Concurrent Mark Cycle
[2817.534s][info][gc,marking     ] GC(531) Concurrent Scan Root Regions
[2817.534s][info][gc,cpu         ] GC(530) User=0.70s Sys=0.00s Real=0.12s
[2817.709s][info][gc,marking     ] GC(531) Concurrent Scan Root Regions 175.358ms
[2817.709s][info][gc,marking     ] GC(531) Concurrent Mark
[2817.709s][info][gc,marking     ] GC(531) Concurrent Mark From Roots
[2817.709s][info][gc,task        ] GC(531) Using 2 workers of 2 for marking
.[2818.489s][info][gc,marking     ] GC(531) Concurrent Mark From Roots 779.874ms
[2818.489s][info][gc,marking     ] GC(531) Concurrent Preclean
[2818.490s][info][gc,marking     ] GC(531) Concurrent Preclean 0.164ms
[2818.490s][info][gc,start       ] GC(531) Pause Remark
[2818.494s][info][gc             ] GC(531) Pause Remark 2011M->2011M(4096M) 4.455ms
[2818.494s][info][gc,cpu         ] GC(531) User=0.03s Sys=0.00s Real=0.00s
[2818.495s][info][gc,marking     ] GC(531) Concurrent Mark 785.157ms
[2818.495s][info][gc,marking     ] GC(531) Concurrent Rebuild Remembered Sets and Scrub Regions
[2818.766s][info][gc,marking     ] GC(531) Concurrent Rebuild Remembered Sets and Scrub Regions 271.288ms
[2818.766s][info][gc,start       ] GC(531) Pause Cleanup
[2818.767s][info][gc             ] GC(531) Pause Cleanup 2171M->2171M(4096M) 0.124ms
[2818.767s][info][gc,cpu         ] GC(531) User=0.00s Sys=0.00s Real=0.00s
[2818.767s][info][gc,marking     ] GC(531) Concurrent Clear Claimed Marks
[2818.767s][info][gc,marking     ] GC(531) Concurrent Clear Claimed Marks 0.036ms
[2818.767s][info][gc,marking     ] GC(531) Concurrent Cleanup for Next Mark
[2818.771s][info][gc,marking     ] GC(531) Concurrent Cleanup for Next Mark 4.187ms
[2818.771s][info][gc             ] GC(531) Concurrent Mark Cycle 1236.913ms
...[2821.404s][info][gc,start       ] GC(532) Pause Young (Prepare Mixed) (G1 Evacuation Pause)
[2821.404s][info][gc,task        ] GC(532) Using 6 workers of 6 for evacuation
[2821.524s][info][gc,phases      ] GC(532)   Pre Evacuate Collection Set: 0.33ms
[2821.524s][info][gc,phases      ] GC(532)   Merge Heap Roots: 0.49ms
[2821.524s][info][gc,phases      ] GC(532)   Evacuate Collection Set: 118.20ms
[2821.524s][info][gc,phases      ] GC(532)   Post Evacuate Collection Set: 0.92ms
[2821.524s][info][gc,phases      ] GC(532)   Other: 0.09ms
[2821.524s][info][gc,heap        ] GC(532) Eden regions: 1117->0(1107)
[2821.524s][info][gc,heap        ] GC(532) Survivor regions: 111->112(154)
[2821.524s][info][gc,heap        ] GC(532) Old regions: 503->534
[2821.524s][info][gc,heap        ] GC(532) Humongous regions: 80->80
[2821.524s][info][gc,metaspace   ] GC(532) Metaspace: 28914K(29248K)->28914K(29248K) NonClass: 24036K(24192K)->24036K(24192K) Class: 4877K(5056K)->4877K(5056K)
[2821.524s][info][gc             ] GC(532) Pause Young (Prepare Mixed) (G1 Evacuation Pause) 3620M->1450M(4096M) 120.179ms
[2821.524s][info][gc,cpu         ] GC(532) User=0.71s Sys=0.00s Real=0.12s
....[2825.438s][info][gc,start       ] GC(533) Pause Young (Mixed) (G1 Evacuation Pause)
[2825.438s][info][gc,task        ] GC(533) Using 6 workers of 6 for evacuation
[2825.571s][info][gc,phases      ] GC(533)   Pre Evacuate Collection Set: 0.37ms
[2825.571s][info][gc,phases      ] GC(533)   Merge Heap Roots: 0.68ms
[2825.571s][info][gc,phases      ] GC(533)   Evacuate Collection Set: 130.79ms
[2825.571s][info][gc,phases      ] GC(533)   Post Evacuate Collection Set: 0.96ms
[2825.571s][info][gc,phases      ] GC(533)   Other: 0.08ms
[2825.571s][info][gc,heap        ] GC(533) Eden regions: 1107->0(1119)
[2825.571s][info][gc,heap        ] GC(533) Survivor regions: 112->109(153)
[2825.571s][info][gc,heap        ] GC(533) Old regions: 534->471
[2825.571s][info][gc,heap        ] GC(533) Humongous regions: 80->80
[2825.571s][info][gc,metaspace   ] GC(533) Metaspace: 28914K(29248K)->28914K(29248K) NonClass: 24036K(24192K)->24036K(24192K) Class: 4877K(5056K)->4877K(5056K)
[2825.571s][info][gc             ] GC(533) Pause Young (Mixed) (G1 Evacuation Pause) 3664M->1319M(4096M) 133.017ms
[2825.571s][info][gc,cpu         ] GC(533) User=0.79s Sys=0.00s Real=0.14s
....[2829.432s][info][gc,start       ] GC(534) Pause Young (Concurrent Start) (G1 Evacuation Pause)
[2829.432s][info][gc,task        ] GC(534) Using 6 workers of 6 for evacuation
[2829.551s][info][gc,phases      ] GC(534)   Pre Evacuate Collection Set: 0.36ms
[2829.552s][info][gc,phases      ] GC(534)   Merge Heap Roots: 0.52ms
[2829.552s][info][gc,phases      ] GC(534)   Evacuate Collection Set: 117.82ms
[2829.552s][info][gc,phases      ] GC(534)   Post Evacuate Collection Set: 0.91ms
[2829.552s][info][gc,phases      ] GC(534)   Other: 0.11ms
[2829.552s][info][gc,heap        ] GC(534) Eden regions: 1119->0(1118)
[2829.552s][info][gc,heap        ] GC(534) Survivor regions: 109->110(154)
[2829.552s][info][gc,heap        ] GC(534) Old regions: 471->504
[2829.552s][info][gc,heap        ] GC(534) Humongous regions: 80->80
[2829.552s][info][gc,metaspace   ] GC(534) Metaspace: 28914K(29248K)->28914K(29248K) NonClass: 24036K(24192K)->24036K(24192K) Class: 4877K(5056K)->4877K(5056K)
[2829.552s][info][gc             ] GC(534) Pause Young (Concurrent Start) (G1 Evacuation Pause) 3557M->1385M(4096M) 119.858ms
[2829.552s][info][gc             ] GC(535) Concurrent Mark Cycle
[2829.552s][info][gc,marking     ] GC(535) Concurrent Scan Root Regions
[2829.552s][info][gc,cpu         ] GC(534) User=0.71s Sys=0.00s Real=0.12s
[2829.688s][info][gc,marking     ] GC(535) Concurrent Scan Root Regions 136.258ms
[2829.688s][info][gc,marking     ] GC(535) Concurrent Mark
[2829.688s][info][gc,marking     ] GC(535) Concurrent Mark From Roots
[2829.688s][info][gc,task        ] GC(535) Using 2 workers of 2 for marking
.[2830.334s][info][gc,marking     ] GC(535) Concurrent Mark From Roots 646.170ms
[2830.334s][info][gc,marking     ] GC(535) Concurrent Preclean
[2830.334s][info][gc,marking     ] GC(535) Concurrent Preclean 0.180ms
[2830.335s][info][gc,start       ] GC(535) Pause Remark
[2830.339s][info][gc             ] GC(535) Pause Remark 1878M->1878M(4096M) 4.203ms
[2830.339s][info][gc,cpu         ] GC(535) User=0.02s Sys=0.01s Real=0.01s
[2830.340s][info][gc,marking     ] GC(535) Concurrent Mark 651.785ms
[2830.340s][info][gc,marking     ] GC(535) Concurrent Rebuild Remembered Sets and Scrub Regions
[2830.582s][info][gc,marking     ] GC(535) Concurrent Rebuild Remembered Sets and Scrub Regions 242.321ms
[2830.582s][info][gc,start       ] GC(535) Pause Cleanup
[2830.582s][info][gc             ] GC(535) Pause Cleanup 2021M->2021M(4096M) 0.120ms
[2830.582s][info][gc,cpu         ] GC(535) User=0.00s Sys=0.00s Real=0.00s
[2830.582s][info][gc,marking     ] GC(535) Concurrent Clear Claimed Marks
[2830.582s][info][gc,marking     ] GC(535) Concurrent Clear Claimed Marks 0.029ms
[2830.582s][info][gc,marking     ] GC(535) Concurrent Cleanup for Next Mark
[2830.587s][info][gc,marking     ] GC(535) Concurrent Cleanup for Next Mark 4.962ms
[2830.587s][info][gc             ] GC(535) Concurrent Mark Cycle 1035.854ms
...[2833.400s][info][gc,start       ] GC(536) Pause Young (Prepare Mixed) (G1 Evacuation Pause)
[2833.400s][info][gc,task        ] GC(536) Using 6 workers of 6 for evacuation
[2833.517s][info][gc,phases      ] GC(536)   Pre Evacuate Collection Set: 0.33ms
[2833.517s][info][gc,phases      ] GC(536)   Merge Heap Roots: 0.51ms
[2833.517s][info][gc,phases      ] GC(536)   Evacuate Collection Set: 114.79ms
[2833.517s][info][gc,phases      ] GC(536)   Post Evacuate Collection Set: 0.91ms
[2833.517s][info][gc,phases      ] GC(536)   Other: 0.10ms
[2833.517s][info][gc,heap        ] GC(536) Eden regions: 1118->0(1111)
[2833.517s][info][gc,heap        ] GC(536) Survivor regions: 110->109(154)
[2833.517s][info][gc,heap        ] GC(536) Old regions: 504->536
[2833.517s][info][gc,heap        ] GC(536) Humongous regions: 80->80
[2833.517s][info][gc,metaspace   ] GC(536) Metaspace: 28914K(29248K)->28914K(29248K) NonClass: 24036K(24192K)->24036K(24192K) Class: 4877K(5056K)->4877K(5056K)
[2833.517s][info][gc             ] GC(536) Pause Young (Prepare Mixed) (G1 Evacuation Pause) 3621M->1449M(4096M) 116.775ms
[2833.517s][info][gc,cpu         ] GC(536) User=0.69s Sys=0.00s Real=0.11s
....[2837.458s][info][gc,start       ] GC(537) Pause Young (Mixed) (G1 Evacuation Pause)
[2837.458s][info][gc,task        ] GC(537) Using 6 workers of 6 for evacuation
[2837.590s][info][gc,phases      ] GC(537)   Pre Evacuate Collection Set: 0.36ms
[2837.590s][info][gc,phases      ] GC(537)   Merge Heap Roots: 0.67ms
[2837.590s][info][gc,phases      ] GC(537)   Evacuate Collection Set: 130.21ms
[2837.590s][info][gc,phases      ] GC(537)   Post Evacuate Collection Set: 0.96ms
[2837.590s][info][gc,phases      ] GC(537)   Other: 0.09ms
[2837.590s][info][gc,heap        ] GC(537) Eden regions: 1111->0(1118)
[2837.590s][info][gc,heap        ] GC(537) Survivor regions: 109->110(153)
[2837.590s][info][gc,heap        ] GC(537) Old regions: 536->472
[2837.590s][info][gc,heap        ] GC(537) Humongous regions: 80->80
[2837.590s][info][gc,metaspace   ] GC(537) Metaspace: 28914K(29248K)->28914K(29248K) NonClass: 24036K(24192K)->24036K(24192K) Class: 4877K(5056K)->4877K(5056K)
[2837.590s][info][gc             ] GC(537) Pause Young (Mixed) (G1 Evacuation Pause) 3671M->1323M(4096M) 132.427ms
[2837.590s][info][gc,cpu         ] GC(537) User=0.79s Sys=0.00s Real=0.14s
....[2841.469s][info][gc,start       ] GC(538) Pause Young (Concurrent Start) (G1 Evacuation Pause)
[2841.469s][info][gc,task        ] GC(538) Using 6 workers of 6 for evacuation
[2841.588s][info][gc,phases      ] GC(538)   Pre Evacuate Collection Set: 0.37ms
[2841.588s][info][gc,phases      ] GC(538)   Merge Heap Roots: 0.57ms
[2841.588s][info][gc,phases      ] GC(538)   Evacuate Collection Set: 117.55ms
[2841.589s][info][gc,phases      ] GC(538)   Post Evacuate Collection Set: 0.90ms
[2841.589s][info][gc,phases      ] GC(538)   Other: 0.10ms
[2841.589s][info][gc,heap        ] GC(538) Eden regions: 1118->0(1116)
[2841.589s][info][gc,heap        ] GC(538) Survivor regions: 110->112(154)
[2841.589s][info][gc,heap        ] GC(538) Old regions: 472->504
[2841.589s][info][gc,heap        ] GC(538) Humongous regions: 80->80
[2841.589s][info][gc,metaspace   ] GC(538) Metaspace: 28914K(29248K)->28914K(29248K) NonClass: 24036K(24192K)->24036K(24192K) Class: 4877K(5056K)->4877K(5056K)
[2841.589s][info][gc             ] GC(538) Pause Young (Concurrent Start) (G1 Evacuation Pause) 3559M->1389M(4096M) 119.628ms
[2841.589s][info][gc             ] GC(539) Concurrent Mark Cycle
[2841.589s][info][gc,marking     ] GC(539) Concurrent Scan Root Regions
[2841.589s][info][gc,cpu         ] GC(538) User=0.71s Sys=0.00s Real=0.12s
[2841.727s][info][gc,marking     ] GC(539) Concurrent Scan Root Regions 137.909ms
[2841.727s][info][gc,marking     ] GC(539) Concurrent Mark
[2841.727s][info][gc,marking     ] GC(539) Concurrent Mark From Roots
[2841.727s][info][gc,task        ] GC(539) Using 2 workers of 2 for marking
.[2842.378s][info][gc,marking     ] GC(539) Concurrent Mark From Roots 651.487ms
[2842.378s][info][gc,marking     ] GC(539) Concurrent Preclean
[2842.378s][info][gc,marking     ] GC(539) Concurrent Preclean 0.109ms
[2842.378s][info][gc,start       ] GC(539) Pause Remark
[2842.383s][info][gc             ] GC(539) Pause Remark 1915M->1915M(4096M) 4.254ms
[2842.383s][info][gc,cpu         ] GC(539) User=0.02s Sys=0.00s Real=0.00s
[2842.383s][info][gc,marking     ] GC(539) Concurrent Mark 656.103ms
[2842.383s][info][gc,marking     ] GC(539) Concurrent Rebuild Remembered Sets and Scrub Regions
[2842.593s][info][gc,marking     ] GC(539) Concurrent Rebuild Remembered Sets and Scrub Regions 210.564ms
[2842.593s][info][gc,start       ] GC(539) Pause Cleanup
[2842.594s][info][gc             ] GC(539) Pause Cleanup 2035M->2035M(4096M) 0.109ms
[2842.594s][info][gc,cpu         ] GC(539) User=0.00s Sys=0.00s Real=0.00s
[2842.594s][info][gc,marking     ] GC(539) Concurrent Clear Claimed Marks
[2842.594s][info][gc,marking     ] GC(539) Concurrent Clear Claimed Marks 0.032ms
[2842.594s][info][gc,marking     ] GC(539) Concurrent Cleanup for Next Mark
[2842.598s][info][gc,marking     ] GC(539) Concurrent Cleanup for Next Mark 3.951ms
[2842.598s][info][gc             ] GC(539) Concurrent Mark Cycle 1009.102ms
...[2845.437s][info][gc,start       ] GC(540) Pause Young (Prepare Mixed) (G1 Evacuation Pause)
[2845.437s][info][gc,task        ] GC(540) Using 6 workers of 6 for evacuation
[2845.555s][info][gc,phases      ] GC(540)   Pre Evacuate Collection Set: 0.32ms
[2845.555s][info][gc,phases      ] GC(540)   Merge Heap Roots: 0.49ms
[2845.555s][info][gc,phases      ] GC(540)   Evacuate Collection Set: 116.11ms
[2845.555s][info][gc,phases      ] GC(540)   Post Evacuate Collection Set: 0.95ms
[2845.555s][info][gc,phases      ] GC(540)   Other: 0.09ms
[2845.555s][info][gc,heap        ] GC(540) Eden regions: 1116->0(1109)
[2845.555s][info][gc,heap        ] GC(540) Survivor regions: 112->110(154)
[2845.555s][info][gc,heap        ] GC(540) Old regions: 504->536
[2845.555s][info][gc,heap        ] GC(540) Humongous regions: 80->80
[2845.555s][info][gc,metaspace   ] GC(540) Metaspace: 28914K(29248K)->28914K(29248K) NonClass: 24036K(24192K)->24036K(24192K) Class: 4877K(5056K)->4877K(5056K)
[2845.555s][info][gc             ] GC(540) Pause Young (Prepare Mixed) (G1 Evacuation Pause) 3621M->1449M(4096M) 118.094ms
[2845.555s][info][gc,cpu         ] GC(540) User=0.70s Sys=0.00s Real=0.12s
. (rIR:aIR:PR = 4705:4705:4705) (tPR = 69473) [OK] 
  2845s: Performance info:
         Transaction,    Success,    Partial,     Failed,   Receipts, AvgBarcode, 
             Overall,     282739,          0,          0,     268613,      59.48, 
         Response times:
             Request,    Success,    Partial,     Failed,   SkipFail,     Probes,    Samples,      min,      p50,      p90,      p95,      p99,      max, 
       TotalPurchase,     268615,          0,          0,          0,     264513,     281638,      300,     3900,     7700,    14700,    49000,   206000,
     InStorePurchase,     141383,          0,          0,          0,     139634,     148430,      300,     3900,     7800,    14600,    50000,   206000,
      OnlinePurchase,      98938,          0,          0,          0,      97436,     103629,      300,     3700,     7600,    14450,    48000,   177000,
        InstPurchase,      28294,          0,          0,          0,      27443,      29579,      500,     4000,     7800,    15300,    49000,   177000,
          AssocOfCat,        282,          0,          0,          0,        220,        307,    23000,    35000,    51000,    62800,   164920,   174000,
      AssocOfProduct,       2820,          0,          0,          0,       2623,       2989,      400,     5300,     8900,    16500,    74100,   167000,
      BusinessReport,        704,          0,          0,          0,        594,        754,    27000,    40000,    59500,    78000,   119500,   197000,
          CustBuyBeh,       2828,          0,          0,          0,       2613,       2993,      900,     5100,     9900,    26000,    56180,   140000,
       ProductReturn,       7491,          0,          0,          0,       7165,       7888,      200,     4000,     8100,    16400,    51000,   140000,

  2845s: (35%)   IR =   4843 ...[2849.453s][info][gc,start       ] GC(541) Pause Young (Mixed) (G1 Evacuation Pause)
[2849.453s][info][gc,task        ] GC(541) Using 6 workers of 6 for evacuation
[2849.590s][info][gc,phases      ] GC(541)   Pre Evacuate Collection Set: 0.36ms
[2849.591s][info][gc,phases      ] GC(541)   Merge Heap Roots: 0.81ms
[2849.591s][info][gc,phases      ] GC(541)   Evacuate Collection Set: 135.72ms
[2849.591s][info][gc,phases      ] GC(541)   Post Evacuate Collection Set: 0.94ms
[2849.591s][info][gc,phases      ] GC(541)   Other: 0.09ms
[2849.591s][info][gc,heap        ] GC(541) Eden regions: 1109->0(1118)
[2849.591s][info][gc,heap        ] GC(541) Survivor regions: 110->110(153)
[2849.591s][info][gc,heap        ] GC(541) Old regions: 536->473
[2849.591s][info][gc,heap        ] GC(541) Humongous regions: 80->80
[2849.591s][info][gc,metaspace   ] GC(541) Metaspace: 28914K(29248K)->28914K(29248K) NonClass: 24036K(24192K)->24036K(24192K) Class: 4877K(5056K)->4877K(5056K)
[2849.591s][info][gc             ] GC(541) Pause Young (Mixed) (G1 Evacuation Pause) 3667M->1325M(4096M) 138.064ms
[2849.591s][info][gc,cpu         ] GC(541) User=0.81s Sys=0.00s Real=0.14s
...|.[2853.272s][info][gc,start       ] GC(542) Pause Young (Concurrent Start) (G1 Evacuation Pause)
[2853.272s][info][gc,task        ] GC(542) Using 6 workers of 6 for evacuation
[2853.393s][info][gc,phases      ] GC(542)   Pre Evacuate Collection Set: 0.39ms
[2853.393s][info][gc,phases      ] GC(542)   Merge Heap Roots: 0.57ms
[2853.393s][info][gc,phases      ] GC(542)   Evacuate Collection Set: 118.79ms
[2853.393s][info][gc,phases      ] GC(542)   Post Evacuate Collection Set: 0.89ms
[2853.393s][info][gc,phases      ] GC(542)   Other: 0.11ms
[2853.393s][info][gc,heap        ] GC(542) Eden regions: 1118->0(1117)
[2853.393s][info][gc,heap        ] GC(542) Survivor regions: 110->111(154)
[2853.393s][info][gc,heap        ] GC(542) Old regions: 473->506
[2853.393s][info][gc,heap        ] GC(542) Humongous regions: 80->80
[2853.393s][info][gc,metaspace   ] GC(542) Metaspace: 28914K(29248K)->28914K(29248K) NonClass: 24036K(24192K)->24036K(24192K) Class: 4877K(5056K)->4877K(5056K)
[2853.393s][info][gc             ] GC(542) Pause Young (Concurrent Start) (G1 Evacuation Pause) 3561M->1392M(4096M) 120.910ms
[2853.393s][info][gc             ] GC(543) Concurrent Mark Cycle
[2853.393s][info][gc,marking     ] GC(543) Concurrent Scan Root Regions
[2853.393s][info][gc,cpu         ] GC(542) User=0.72s Sys=0.00s Real=0.12s
[2853.523s][info][gc,marking     ] GC(543) Concurrent Scan Root Regions 129.829ms
[2853.523s][info][gc,marking     ] GC(543) Concurrent Mark
[2853.523s][info][gc,marking     ] GC(543) Concurrent Mark From Roots
[2853.523s][info][gc,task        ] GC(543) Using 2 workers of 2 for marking
.[2854.168s][info][gc,marking     ] GC(543) Concurrent Mark From Roots 645.189ms
[2854.168s][info][gc,marking     ] GC(543) Concurrent Preclean
[2854.168s][info][gc,marking     ] GC(543) Concurrent Preclean 0.136ms
[2854.168s][info][gc,start       ] GC(543) Pause Remark
[2854.172s][info][gc             ] GC(543) Pause Remark 1888M->1888M(4096M) 3.905ms
[2854.172s][info][gc,cpu         ] GC(543) User=0.02s Sys=0.00s Real=0.00s
[2854.172s][info][gc,marking     ] GC(543) Concurrent Mark 649.645ms
[2854.172s][info][gc,marking     ] GC(543) Concurrent Rebuild Remembered Sets and Scrub Regions
[2854.411s][info][gc,marking     ] GC(543) Concurrent Rebuild Remembered Sets and Scrub Regions 238.886ms
[2854.411s][info][gc,start       ] GC(543) Pause Cleanup
[2854.411s][info][gc             ] GC(543) Pause Cleanup 2022M->2022M(4096M) 0.122ms
[2854.411s][info][gc,cpu         ] GC(543) User=0.00s Sys=0.00s Real=0.00s
[2854.411s][info][gc,marking     ] GC(543) Concurrent Clear Claimed Marks
[2854.412s][info][gc,marking     ] GC(543) Concurrent Clear Claimed Marks 0.027ms
[2854.412s][info][gc,marking     ] GC(543) Concurrent Cleanup for Next Mark
[2854.415s][info][gc,marking     ] GC(543) Concurrent Cleanup for Next Mark 3.724ms
[2854.415s][info][gc             ] GC(543) Concurrent Mark Cycle 1022.559ms
...[2857.207s][info][gc,start       ] GC(544) Pause Young (Prepare Mixed) (G1 Evacuation Pause)
[2857.207s][info][gc,task        ] GC(544) Using 6 workers of 6 for evacuation
[2857.324s][info][gc,phases      ] GC(544)   Pre Evacuate Collection Set: 0.33ms
[2857.324s][info][gc,phases      ] GC(544)   Merge Heap Roots: 0.53ms
[2857.324s][info][gc,phases      ] GC(544)   Evacuate Collection Set: 115.19ms
[2857.324s][info][gc,phases      ] GC(544)   Post Evacuate Collection Set: 0.94ms
[2857.324s][info][gc,phases      ] GC(544)   Other: 0.09ms
[2857.324s][info][gc,heap        ] GC(544) Eden regions: 1117->0(1108)
[2857.324s][info][gc,heap        ] GC(544) Survivor regions: 111->109(154)
[2857.324s][info][gc,heap        ] GC(544) Old regions: 506->539
[2857.324s][info][gc,heap        ] GC(544) Humongous regions: 80->80
[2857.324s][info][gc,metaspace   ] GC(544) Metaspace: 28914K(29248K)->28914K(29248K) NonClass: 24036K(24192K)->24036K(24192K) Class: 4877K(5056K)->4877K(5056K)
[2857.324s][info][gc             ] GC(544) Pause Young (Prepare Mixed) (G1 Evacuation Pause) 3626M->1453M(4096M) 117.239ms
[2857.324s][info][gc,cpu         ] GC(544) User=0.69s Sys=0.00s Real=0.12s
....[2861.093s][info][gc,start       ] GC(545) Pause Young (Mixed) (G1 Evacuation Pause)
[2861.093s][info][gc,task        ] GC(545) Using 6 workers of 6 for evacuation
[2861.226s][info][gc,phases      ] GC(545)   Pre Evacuate Collection Set: 0.41ms
[2861.226s][info][gc,phases      ] GC(545)   Merge Heap Roots: 0.75ms
[2861.226s][info][gc,phases      ] GC(545)   Evacuate Collection Set: 131.09ms
[2861.226s][info][gc,phases      ] GC(545)   Post Evacuate Collection Set: 0.97ms
[2861.226s][info][gc,phases      ] GC(545)   Other: 0.09ms
[2861.226s][info][gc,heap        ] GC(545) Eden regions: 1108->0(1119)
[2861.226s][info][gc,heap        ] GC(545) Survivor regions: 109->109(153)
[2861.226s][info][gc,heap        ] GC(545) Old regions: 539->474
[2861.226s][info][gc,heap        ] GC(545) Humongous regions: 80->80
[2861.226s][info][gc,metaspace   ] GC(545) Metaspace: 28914K(29248K)->28914K(29248K) NonClass: 24036K(24192K)->24036K(24192K) Class: 4877K(5056K)->4877K(5056K)
[2861.226s][info][gc             ] GC(545) Pause Young (Mixed) (G1 Evacuation Pause) 3669M->1325M(4096M) 133.446ms
[2861.226s][info][gc,cpu         ] GC(545) User=0.79s Sys=0.01s Real=0.13s
....[2865.005s][info][gc,start       ] GC(546) Pause Young (Concurrent Start) (G1 Evacuation Pause)
[2865.005s][info][gc,task        ] GC(546) Using 6 workers of 6 for evacuation
[2865.121s][info][gc,phases      ] GC(546)   Pre Evacuate Collection Set: 0.38ms
[2865.121s][info][gc,phases      ] GC(546)   Merge Heap Roots: 0.50ms
[2865.121s][info][gc,phases      ] GC(546)   Evacuate Collection Set: 114.66ms
[2865.121s][info][gc,phases      ] GC(546)   Post Evacuate Collection Set: 0.90ms
[2865.121s][info][gc,phases      ] GC(546)   Other: 0.13ms
[2865.121s][info][gc,heap        ] GC(546) Eden regions: 1119->0(1119)
[2865.121s][info][gc,heap        ] GC(546) Survivor regions: 109->109(154)
[2865.121s][info][gc,heap        ] GC(546) Old regions: 474->506
[2865.121s][info][gc,heap        ] GC(546) Humongous regions: 80->80
[2865.121s][info][gc,metaspace   ] GC(546) Metaspace: 28914K(29248K)->28914K(29248K) NonClass: 24036K(24192K)->24036K(24192K) Class: 4877K(5056K)->4877K(5056K)
[2865.121s][info][gc             ] GC(546) Pause Young (Concurrent Start) (G1 Evacuation Pause) 3563M->1387M(4096M) 116.708ms
[2865.122s][info][gc             ] GC(547) Concurrent Mark Cycle
[2865.122s][info][gc,marking     ] GC(547) Concurrent Scan Root Regions
[2865.122s][info][gc,cpu         ] GC(546) User=0.69s Sys=0.00s Real=0.12s
[2865.293s][info][gc,marking     ] GC(547) Concurrent Scan Root Regions 171.146ms
[2865.293s][info][gc,marking     ] GC(547) Concurrent Mark
[2865.293s][info][gc,marking     ] GC(547) Concurrent Mark From Roots
[2865.293s][info][gc,task        ] GC(547) Using 2 workers of 2 for marking
.[2866.270s][info][gc,marking     ] GC(547) Concurrent Mark From Roots 977.542ms
[2866.270s][info][gc,marking     ] GC(547) Concurrent Preclean
[2866.270s][info][gc,marking     ] GC(547) Concurrent Preclean 0.148ms
[2866.273s][info][gc,start       ] GC(547) Pause Remark
[2866.277s][info][gc             ] GC(547) Pause Remark 2131M->2131M(4096M) 4.373ms
[2866.277s][info][gc,cpu         ] GC(547) User=0.02s Sys=0.00s Real=0.00s
[2866.277s][info][gc,marking     ] GC(547) Concurrent Mark 984.358ms
[2866.277s][info][gc,marking     ] GC(547) Concurrent Rebuild Remembered Sets and Scrub Regions
[2866.633s][info][gc,marking     ] GC(547) Concurrent Rebuild Remembered Sets and Scrub Regions 355.447ms
[2866.633s][info][gc,start       ] GC(547) Pause Cleanup
[2866.634s][info][gc             ] GC(547) Pause Cleanup 2347M->2347M(4096M) 0.123ms
[2866.634s][info][gc,cpu         ] GC(547) User=0.00s Sys=0.00s Real=0.00s
[2866.634s][info][gc,marking     ] GC(547) Concurrent Clear Claimed Marks
[2866.634s][info][gc,marking     ] GC(547) Concurrent Clear Claimed Marks 0.036ms
[2866.634s][info][gc,marking     ] GC(547) Concurrent Cleanup for Next Mark
[2866.638s][info][gc,marking     ] GC(547) Concurrent Cleanup for Next Mark 3.681ms
[2866.638s][info][gc             ] GC(547) Concurrent Mark Cycle 1516.260ms
..[2868.900s][info][gc,start       ] GC(548) Pause Young (Prepare Mixed) (G1 Evacuation Pause)
[2868.900s][info][gc,task        ] GC(548) Using 6 workers of 6 for evacuation
[2869.020s][info][gc,phases      ] GC(548)   Pre Evacuate Collection Set: 0.35ms
[2869.020s][info][gc,phases      ] GC(548)   Merge Heap Roots: 0.51ms
[2869.020s][info][gc,phases      ] GC(548)   Evacuate Collection Set: 117.45ms
[2869.020s][info][gc,phases      ] GC(548)   Post Evacuate Collection Set: 0.92ms
[2869.020s][info][gc,phases      ] GC(548)   Other: 0.09ms
[2869.020s][info][gc,heap        ] GC(548) Eden regions: 1119->0(1107)
[2869.020s][info][gc,heap        ] GC(548) Survivor regions: 109->110(154)
[2869.020s][info][gc,heap        ] GC(548) Old regions: 506->538
[2869.020s][info][gc,heap        ] GC(548) Humongous regions: 80->80
[2869.020s][info][gc,metaspace   ] GC(548) Metaspace: 28914K(29248K)->28914K(29248K) NonClass: 24036K(24192K)->24036K(24192K) Class: 4877K(5056K)->4877K(5056K)
[2869.020s][info][gc             ] GC(548) Pause Young (Prepare Mixed) (G1 Evacuation Pause) 3625M->1454M(4096M) 119.460ms
[2869.020s][info][gc,cpu         ] GC(548) User=0.70s Sys=0.01s Real=0.12s
....[2872.762s][info][gc,start       ] GC(549) Pause Young (Mixed) (G1 Evacuation Pause)
[2872.762s][info][gc,task        ] GC(549) Using 6 workers of 6 for evacuation
[2872.901s][info][gc,phases      ] GC(549)   Pre Evacuate Collection Set: 0.37ms
[2872.901s][info][gc,phases      ] GC(549)   Merge Heap Roots: 0.77ms
[2872.901s][info][gc,phases      ] GC(549)   Evacuate Collection Set: 136.97ms
[2872.901s][info][gc,phases      ] GC(549)   Post Evacuate Collection Set: 0.94ms
[2872.901s][info][gc,phases      ] GC(549)   Other: 0.09ms
[2872.901s][info][gc,heap        ] GC(549) Eden regions: 1107->0(1115)
[2872.901s][info][gc,heap        ] GC(549) Survivor regions: 110->113(153)
[2872.901s][info][gc,heap        ] GC(549) Old regions: 538->473
[2872.901s][info][gc,heap        ] GC(549) Humongous regions: 80->80
[2872.901s][info][gc,metaspace   ] GC(549) Metaspace: 28914K(29248K)->28914K(29248K) NonClass: 24036K(24192K)->24036K(24192K) Class: 4877K(5056K)->4877K(5056K)
[2872.901s][info][gc             ] GC(549) Pause Young (Mixed) (G1 Evacuation Pause) 3668M->1330M(4096M) 139.291ms
[2872.901s][info][gc,cpu         ] GC(549) User=0.83s Sys=0.00s Real=0.14s
....[2876.620s][info][gc,start       ] GC(550) Pause Young (Concurrent Start) (G1 Evacuation Pause)
[2876.620s][info][gc,task        ] GC(550) Using 6 workers of 6 for evacuation
[2876.734s][info][gc,phases      ] GC(550)   Pre Evacuate Collection Set: 0.39ms
[2876.734s][info][gc,phases      ] GC(550)   Merge Heap Roots: 0.45ms
[2876.734s][info][gc,phases      ] GC(550)   Evacuate Collection Set: 112.03ms
[2876.734s][info][gc,phases      ] GC(550)   Post Evacuate Collection Set: 0.88ms
[2876.734s][info][gc,phases      ] GC(550)   Other: 0.09ms
[2876.734s][info][gc,heap        ] GC(550) Eden regions: 1115->0(1121)
[2876.734s][info][gc,heap        ] GC(550) Survivor regions: 113->107(154)
[2876.734s][info][gc,heap        ] GC(550) Old regions: 473->505
[2876.734s][info][gc,heap        ] GC(550) Humongous regions: 80->80
[2876.734s][info][gc,metaspace   ] GC(550) Metaspace: 28914K(29248K)->28914K(29248K) NonClass: 24036K(24192K)->24036K(24192K) Class: 4877K(5056K)->4877K(5056K)
[2876.734s][info][gc             ] GC(550) Pause Young (Concurrent Start) (G1 Evacuation Pause) 3560M->1382M(4096M) 113.982ms
[2876.734s][info][gc             ] GC(551) Concurrent Mark Cycle
[2876.734s][info][gc,marking     ] GC(551) Concurrent Scan Root Regions
[2876.734s][info][gc,cpu         ] GC(550) User=0.67s Sys=0.00s Real=0.11s
[2876.903s][info][gc,marking     ] GC(551) Concurrent Scan Root Regions 168.443ms
[2876.903s][info][gc,marking     ] GC(551) Concurrent Mark
[2876.903s][info][gc,marking     ] GC(551) Concurrent Mark From Roots
[2876.903s][info][gc,task        ] GC(551) Using 2 workers of 2 for marking
.[2877.553s][info][gc,marking     ] GC(551) Concurrent Mark From Roots 649.979ms
[2877.553s][info][gc,marking     ] GC(551) Concurrent Preclean
[2877.553s][info][gc,marking     ] GC(551) Concurrent Preclean 0.136ms
[2877.554s][info][gc,start       ] GC(551) Pause Remark
[2877.558s][info][gc             ] GC(551) Pause Remark 1882M->1882M(4096M) 4.026ms
[2877.558s][info][gc,cpu         ] GC(551) User=0.02s Sys=0.00s Real=0.00s
[2877.558s][info][gc,marking     ] GC(551) Concurrent Mark 655.288ms
[2877.558s][info][gc,marking     ] GC(551) Concurrent Rebuild Remembered Sets and Scrub Regions
[2877.768s][info][gc,marking     ] GC(551) Concurrent Rebuild Remembered Sets and Scrub Regions 210.346ms
[2877.769s][info][gc,start       ] GC(551) Pause Cleanup
[2877.769s][info][gc             ] GC(551) Pause Cleanup 2002M->2002M(4096M) 0.119ms
[2877.769s][info][gc,cpu         ] GC(551) User=0.00s Sys=0.00s Real=0.00s
[2877.769s][info][gc,marking     ] GC(551) Concurrent Clear Claimed Marks
[2877.769s][info][gc,marking     ] GC(551) Concurrent Clear Claimed Marks 0.034ms
[2877.769s][info][gc,marking     ] GC(551) Concurrent Cleanup for Next Mark
[2877.773s][info][gc,marking     ] GC(551) Concurrent Cleanup for Next Mark 4.093ms
[2877.773s][info][gc             ] GC(551) Concurrent Mark Cycle 1038.801ms
...[2880.557s][info][gc,start       ] GC(552) Pause Young (Prepare Mixed) (G1 Evacuation Pause)
[2880.557s][info][gc,task        ] GC(552) Using 6 workers of 6 for evacuation
[2880.678s][info][gc,phases      ] GC(552)   Pre Evacuate Collection Set: 0.32ms
[2880.678s][info][gc,phases      ] GC(552)   Merge Heap Roots: 0.51ms
[2880.678s][info][gc,phases      ] GC(552)   Evacuate Collection Set: 118.74ms
[2880.678s][info][gc,phases      ] GC(552)   Post Evacuate Collection Set: 0.97ms
[2880.678s][info][gc,phases      ] GC(552)   Other: 0.09ms
[2880.678s][info][gc,heap        ] GC(552) Eden regions: 1121->0(1102)
[2880.678s][info][gc,heap        ] GC(552) Survivor regions: 107->113(154)
[2880.678s][info][gc,heap        ] GC(552) Old regions: 505->537
[2880.678s][info][gc,heap        ] GC(552) Humongous regions: 80->80
[2880.678s][info][gc,metaspace   ] GC(552) Metaspace: 28914K(29248K)->28914K(29248K) NonClass: 24036K(24192K)->24036K(24192K) Class: 4877K(5056K)->4877K(5056K)
[2880.678s][info][gc             ] GC(552) Pause Young (Prepare Mixed) (G1 Evacuation Pause) 3624M->1457M(4096M) 120.774ms
[2880.678s][info][gc,cpu         ] GC(552) User=0.72s Sys=0.00s Real=0.12s
....[2884.441s][info][gc,start       ] GC(553) Pause Young (Mixed) (G1 Evacuation Pause)
[2884.441s][info][gc,task        ] GC(553) Using 6 workers of 6 for evacuation
[2884.573s][info][gc,phases      ] GC(553)   Pre Evacuate Collection Set: 0.40ms
[2884.574s][info][gc,phases      ] GC(553)   Merge Heap Roots: 0.74ms
[2884.574s][info][gc,phases      ] GC(553)   Evacuate Collection Set: 129.97ms
[2884.574s][info][gc,phases      ] GC(553)   Post Evacuate Collection Set: 0.96ms
[2884.574s][info][gc,phases      ] GC(553)   Other: 0.10ms
[2884.574s][info][gc,heap        ] GC(553) Eden regions: 1102->0(1119)
[2884.574s][info][gc,heap        ] GC(553) Survivor regions: 113->109(152)
[2884.574s][info][gc,heap        ] GC(553) Old regions: 537->474
[2884.574s][info][gc,heap        ] GC(553) Humongous regions: 80->80
[2884.574s][info][gc,metaspace   ] GC(553) Metaspace: 28914K(29248K)->28914K(29248K) NonClass: 24036K(24192K)->24036K(24192K) Class: 4877K(5056K)->4877K(5056K)
[2884.574s][info][gc             ] GC(553) Pause Young (Mixed) (G1 Evacuation Pause) 3661M->1325M(4096M) 132.320ms
[2884.574s][info][gc,cpu         ] GC(553) User=0.78s Sys=0.00s Real=0.13s
....[2888.315s][info][gc,start       ] GC(554) Pause Young (Concurrent Start) (G1 Evacuation Pause)
[2888.315s][info][gc,task        ] GC(554) Using 6 workers of 6 for evacuation
[2888.435s][info][gc,phases      ] GC(554)   Pre Evacuate Collection Set: 0.38ms
[2888.435s][info][gc,phases      ] GC(554)   Merge Heap Roots: 0.44ms
[2888.435s][info][gc,phases      ] GC(554)   Evacuate Collection Set: 118.86ms
[2888.435s][info][gc,phases      ] GC(554)   Post Evacuate Collection Set: 0.89ms
[2888.435s][info][gc,phases      ] GC(554)   Other: 0.10ms
[2888.435s][info][gc,heap        ] GC(554) Eden regions: 1119->0(1115)
[2888.435s][info][gc,heap        ] GC(554) Survivor regions: 109->113(154)
[2888.435s][info][gc,heap        ] GC(554) Old regions: 474->507
[2888.435s][info][gc,heap        ] GC(554) Humongous regions: 80->80
[2888.435s][info][gc,metaspace   ] GC(554) Metaspace: 28914K(29248K)->28914K(29248K) NonClass: 24036K(24192K)->24036K(24192K) Class: 4877K(5056K)->4877K(5056K)
[2888.435s][info][gc             ] GC(554) Pause Young (Concurrent Start) (G1 Evacuation Pause) 3563M->1397M(4096M) 120.789ms
[2888.436s][info][gc             ] GC(555) Concurrent Mark Cycle
[2888.436s][info][gc,marking     ] GC(555) Concurrent Scan Root Regions
[2888.436s][info][gc,cpu         ] GC(554) User=0.72s Sys=0.00s Real=0.12s
[2888.546s][info][gc,marking     ] GC(555) Concurrent Scan Root Regions 110.430ms
[2888.546s][info][gc,marking     ] GC(555) Concurrent Mark
[2888.546s][info][gc,marking     ] GC(555) Concurrent Mark From Roots
[2888.546s][info][gc,task        ] GC(555) Using 2 workers of 2 for marking
[2889.101s][info][gc,marking     ] GC(555) Concurrent Mark From Roots 554.775ms
[2889.101s][info][gc,marking     ] GC(555) Concurrent Preclean
[2889.102s][info][gc,marking     ] GC(555) Concurrent Preclean 1.352ms
[2889.104s][info][gc,start       ] GC(555) Pause Remark
[2889.108s][info][gc             ] GC(555) Pause Remark 1849M->1849M(4096M) 3.511ms
[2889.108s][info][gc,cpu         ] GC(555) User=0.01s Sys=0.00s Real=0.00s
[2889.108s][info][gc,marking     ] GC(555) Concurrent Mark 561.825ms
[2889.108s][info][gc,marking     ] GC(555) Concurrent Rebuild Remembered Sets and Scrub Regions
.[2889.314s][info][gc,marking     ] GC(555) Concurrent Rebuild Remembered Sets and Scrub Regions 206.036ms
[2889.314s][info][gc,start       ] GC(555) Pause Cleanup
[2889.314s][info][gc             ] GC(555) Pause Cleanup 1976M->1976M(4096M) 0.097ms
[2889.314s][info][gc,cpu         ] GC(555) User=0.00s Sys=0.00s Real=0.00s
[2889.314s][info][gc,marking     ] GC(555) Concurrent Clear Claimed Marks
[2889.314s][info][gc,marking     ] GC(555) Concurrent Clear Claimed Marks 0.034ms
[2889.314s][info][gc,marking     ] GC(555) Concurrent Cleanup for Next Mark
[2889.318s][info][gc,marking     ] GC(555) Concurrent Cleanup for Next Mark 3.374ms
[2889.318s][info][gc             ] GC(555) Concurrent Mark Cycle 882.144ms
...[2892.236s][info][gc,start       ] GC(556) Pause Young (Prepare Mixed) (G1 Evacuation Pause)
[2892.236s][info][gc,task        ] GC(556) Using 6 workers of 6 for evacuation
[2892.355s][info][gc,phases      ] GC(556)   Pre Evacuate Collection Set: 0.34ms
[2892.355s][info][gc,phases      ] GC(556)   Merge Heap Roots: 0.62ms
[2892.355s][info][gc,phases      ] GC(556)   Evacuate Collection Set: 116.85ms
[2892.355s][info][gc,phases      ] GC(556)   Post Evacuate Collection Set: 0.91ms
[2892.355s][info][gc,phases      ] GC(556)   Other: 0.08ms
[2892.355s][info][gc,heap        ] GC(556) Eden regions: 1115->0(1105)
[2892.355s][info][gc,heap        ] GC(556) Survivor regions: 113->111(154)
[2892.355s][info][gc,heap        ] GC(556) Old regions: 507->538
[2892.355s][info][gc,heap        ] GC(556) Humongous regions: 80->80
[2892.355s][info][gc,metaspace   ] GC(556) Metaspace: 28914K(29248K)->28914K(29248K) NonClass: 24036K(24192K)->24036K(24192K) Class: 4877K(5056K)->4877K(5056K)
[2892.355s][info][gc             ] GC(556) Pause Young (Prepare Mixed) (G1 Evacuation Pause) 3627M->1456M(4096M) 118.931ms
[2892.355s][info][gc,cpu         ] GC(556) User=0.70s Sys=0.00s Real=0.12s
...[2896.080s][info][gc,start       ] GC(557) Pause Young (Mixed) (G1 Evacuation Pause)
[2896.080s][info][gc,task        ] GC(557) Using 6 workers of 6 for evacuation
[2896.212s][info][gc,phases      ] GC(557)   Pre Evacuate Collection Set: 0.40ms
[2896.212s][info][gc,phases      ] GC(557)   Merge Heap Roots: 0.66ms
[2896.212s][info][gc,phases      ] GC(557)   Evacuate Collection Set: 130.05ms
[2896.212s][info][gc,phases      ] GC(557)   Post Evacuate Collection Set: 0.97ms
[2896.212s][info][gc,phases      ] GC(557)   Other: 0.09ms
[2896.212s][info][gc,heap        ] GC(557) Eden regions: 1105->0(1117)
[2896.212s][info][gc,heap        ] GC(557) Survivor regions: 111->111(152)
[2896.212s][info][gc,heap        ] GC(557) Old regions: 538->473
[2896.212s][info][gc,heap        ] GC(557) Humongous regions: 80->80
[2896.212s][info][gc,metaspace   ] GC(557) Metaspace: 28914K(29248K)->28914K(29248K) NonClass: 24037K(24192K)->24037K(24192K) Class: 4877K(5056K)->4877K(5056K)
[2896.212s][info][gc             ] GC(557) Pause Young (Mixed) (G1 Evacuation Pause) 3666M->1326M(4096M) 132.291ms
[2896.213s][info][gc,cpu         ] GC(557) User=0.79s Sys=0.00s Real=0.13s
....[2900.032s][info][gc,start       ] GC(558) Pause Young (Concurrent Start) (G1 Evacuation Pause)
[2900.032s][info][gc,task        ] GC(558) Using 6 workers of 6 for evacuation
[2900.154s][info][gc,phases      ] GC(558)   Pre Evacuate Collection Set: 0.42ms
[2900.154s][info][gc,phases      ] GC(558)   Merge Heap Roots: 0.58ms
[2900.154s][info][gc,phases      ] GC(558)   Evacuate Collection Set: 119.50ms
[2900.154s][info][gc,phases      ] GC(558)   Post Evacuate Collection Set: 0.89ms
[2900.154s][info][gc,phases      ] GC(558)   Other: 0.13ms
[2900.154s][info][gc,heap        ] GC(558) Eden regions: 1117->0(1116)
[2900.154s][info][gc,heap        ] GC(558) Survivor regions: 111->112(154)
[2900.154s][info][gc,heap        ] GC(558) Old regions: 473->505
[2900.154s][info][gc,heap        ] GC(558) Humongous regions: 80->80
[2900.154s][info][gc,metaspace   ] GC(558) Metaspace: 28914K(29248K)->28914K(29248K) NonClass: 24037K(24192K)->24037K(24192K) Class: 4877K(5056K)->4877K(5056K)
[2900.154s][info][gc             ] GC(558) Pause Young (Concurrent Start) (G1 Evacuation Pause) 3560M->1392M(4096M) 121.657ms
[2900.154s][info][gc             ] GC(559) Concurrent Mark Cycle
[2900.154s][info][gc,marking     ] GC(559) Concurrent Scan Root Regions
[2900.154s][info][gc,cpu         ] GC(558) User=0.72s Sys=0.00s Real=0.12s
.[2900.290s][info][gc,marking     ] GC(559) Concurrent Scan Root Regions 136.431ms
[2900.290s][info][gc,marking     ] GC(559) Concurrent Mark
[2900.290s][info][gc,marking     ] GC(559) Concurrent Mark From Roots
[2900.290s][info][gc,task        ] GC(559) Using 2 workers of 2 for marking
[2900.983s][info][gc,marking     ] GC(559) Concurrent Mark From Roots 692.580ms
[2900.983s][info][gc,marking     ] GC(559) Concurrent Preclean
[2900.983s][info][gc,marking     ] GC(559) Concurrent Preclean 0.098ms
[2900.983s][info][gc,start       ] GC(559) Pause Remark
[2900.988s][info][gc             ] GC(559) Pause Remark 1960M->1960M(4096M) 4.734ms
[2900.988s][info][gc,cpu         ] GC(559) User=0.03s Sys=0.00s Real=0.00s
[2900.988s][info][gc,marking     ] GC(559) Concurrent Mark 697.664ms
[2900.988s][info][gc,marking     ] GC(559) Concurrent Rebuild Remembered Sets and Scrub Regions
[2901.224s][info][gc,marking     ] GC(559) Concurrent Rebuild Remembered Sets and Scrub Regions 235.830ms
[2901.226s][info][gc,start       ] GC(559) Pause Cleanup
[2901.227s][info][gc             ] GC(559) Pause Cleanup 2090M->2090M(4096M) 0.139ms
[2901.227s][info][gc,cpu         ] GC(559) User=0.00s Sys=0.00s Real=0.00s
[2901.227s][info][gc,marking     ] GC(559) Concurrent Clear Claimed Marks
[2901.227s][info][gc,marking     ] GC(559) Concurrent Clear Claimed Marks 0.035ms
[2901.227s][info][gc,marking     ] GC(559) Concurrent Cleanup for Next Mark
.[2901.231s][info][gc,marking     ] GC(559) Concurrent Cleanup for Next Mark 4.491ms
[2901.231s][info][gc             ] GC(559) Concurrent Mark Cycle 1077.379ms
..[2903.843s][info][gc,start       ] GC(560) Pause Young (Prepare Mixed) (G1 Evacuation Pause)
[2903.843s][info][gc,task        ] GC(560) Using 6 workers of 6 for evacuation
[2903.962s][info][gc,phases      ] GC(560)   Pre Evacuate Collection Set: 0.32ms
[2903.962s][info][gc,phases      ] GC(560)   Merge Heap Roots: 0.60ms
[2903.962s][info][gc,phases      ] GC(560)   Evacuate Collection Set: 116.81ms
[2903.962s][info][gc,phases      ] GC(560)   Post Evacuate Collection Set: 0.94ms
[2903.962s][info][gc,phases      ] GC(560)   Other: 0.08ms
[2903.962s][info][gc,heap        ] GC(560) Eden regions: 1116->0(1109)
[2903.962s][info][gc,heap        ] GC(560) Survivor regions: 112->110(154)
[2903.962s][info][gc,heap        ] GC(560) Old regions: 505->536
[2903.962s][info][gc,heap        ] GC(560) Humongous regions: 80->80
[2903.962s][info][gc,metaspace   ] GC(560) Metaspace: 28914K(29248K)->28914K(29248K) NonClass: 24037K(24192K)->24037K(24192K) Class: 4877K(5056K)->4877K(5056K)
[2903.962s][info][gc             ] GC(560) Pause Young (Prepare Mixed) (G1 Evacuation Pause) 3624M->1451M(4096M) 118.876ms
[2903.962s][info][gc,cpu         ] GC(560) User=0.70s Sys=0.00s Real=0.12s
....[2907.743s][info][gc,start       ] GC(561) Pause Young (Mixed) (G1 Evacuation Pause)
[2907.743s][info][gc,task        ] GC(561) Using 6 workers of 6 for evacuation
[2907.876s][info][gc,phases      ] GC(561)   Pre Evacuate Collection Set: 0.37ms
[2907.876s][info][gc,phases      ] GC(561)   Merge Heap Roots: 0.79ms
[2907.876s][info][gc,phases      ] GC(561)   Evacuate Collection Set: 130.94ms
[2907.876s][info][gc,phases      ] GC(561)   Post Evacuate Collection Set: 0.94ms
[2907.876s][info][gc,phases      ] GC(561)   Other: 0.09ms
[2907.876s][info][gc,heap        ] GC(561) Eden regions: 1109->0(1121)
[2907.876s][info][gc,heap        ] GC(561) Survivor regions: 110->107(153)
[2907.876s][info][gc,heap        ] GC(561) Old regions: 536->472
[2907.876s][info][gc,heap        ] GC(561) Humongous regions: 80->80
[2907.876s][info][gc,metaspace   ] GC(561) Metaspace: 28914K(29248K)->28914K(29248K) NonClass: 24037K(24192K)->24037K(24192K) Class: 4877K(5056K)->4877K(5056K)
[2907.876s][info][gc             ] GC(561) Pause Young (Mixed) (G1 Evacuation Pause) 3669M->1317M(4096M) 133.260ms
[2907.876s][info][gc,cpu         ] GC(561) User=0.78s Sys=0.00s Real=0.13s
....[2911.696s][info][gc,start       ] GC(562) Pause Young (Concurrent Start) (G1 Evacuation Pause)
[2911.697s][info][gc,task        ] GC(562) Using 6 workers of 6 for evacuation
[2911.813s][info][gc,phases      ] GC(562)   Pre Evacuate Collection Set: 0.39ms
[2911.814s][info][gc,phases      ] GC(562)   Merge Heap Roots: 0.53ms
[2911.814s][info][gc,phases      ] GC(562)   Evacuate Collection Set: 115.03ms
[2911.814s][info][gc,phases      ] GC(562)   Post Evacuate Collection Set: 0.90ms
[2911.814s][info][gc,phases      ] GC(562)   Other: 0.12ms
[2911.814s][info][gc,heap        ] GC(562) Eden regions: 1121->0(1120)
[2911.814s][info][gc,heap        ] GC(562) Survivor regions: 107->108(154)
[2911.814s][info][gc,heap        ] GC(562) Old regions: 472->504
[2911.814s][info][gc,heap        ] GC(562) Humongous regions: 80->80
[2911.814s][info][gc,metaspace   ] GC(562) Metaspace: 28914K(29248K)->28914K(29248K) NonClass: 24037K(24192K)->24037K(24192K) Class: 4877K(5056K)->4877K(5056K)
[2911.814s][info][gc             ] GC(562) Pause Young (Concurrent Start) (G1 Evacuation Pause) 3559M->1382M(4096M) 117.115ms
[2911.814s][info][gc             ] GC(563) Concurrent Mark Cycle
[2911.814s][info][gc,marking     ] GC(563) Concurrent Scan Root Regions
[2911.814s][info][gc,cpu         ] GC(562) User=0.69s Sys=0.00s Real=0.12s
[2911.985s][info][gc,marking     ] GC(563) Concurrent Scan Root Regions 171.356ms
[2911.985s][info][gc,marking     ] GC(563) Concurrent Mark
[2911.985s][info][gc,marking     ] GC(563) Concurrent Mark From Roots
[2911.985s][info][gc,task        ] GC(563) Using 2 workers of 2 for marking
. (rIR:aIR:PR = 4843:4843:4843) (tPR = 72039) [OK] 
  2912s: Performance info:
         Transaction,    Success,    Partial,     Failed,   Receipts, AvgBarcode, 
             Overall,     291846,          0,          0,     277266,      59.47, 
         Response times:
             Request,    Success,    Partial,     Failed,   SkipFail,     Probes,    Samples,      min,      p50,      p90,      p95,      p99,      max, 
       TotalPurchase,     277268,          0,          0,          0,     272343,     299745,      300,     4000,     8500,    22000,    72000,   193000,
     InStorePurchase,     145918,          0,          0,          0,     143783,     157954,      300,     3900,     8400,    22000,    71000,   193000,
      OnlinePurchase,     102173,          0,          0,          0,     100272,     110219,      300,     4200,     8700,    23000,    73000,   170000,
        InstPurchase,      29177,          0,          0,          0,      28288,      31572,      400,     4300,     8700,    23000,    73000,   193000,
          AssocOfCat,        291,          0,          0,          0,        223,        302,    24000,    36000,    59000,   103500,   183460,   200000,
      AssocOfProduct,       2913,          0,          0,          0,       2684,       3151,      700,     3700,     8480,    19200,    71480,   168000,
      BusinessReport,        729,          0,          0,          0,        644,        813,    24000,    39000,    64600,    86600,   169000,   229000,
          CustBuyBeh,       2921,          0,          0,          0,       2692,       3140,      300,     2900,     7000,    18400,    57000,   169000,
       ProductReturn,       7725,          0,          0,          0,       7348,       8505,      300,     4200,     8900,    23700,    68000,   151000,

  2912s: (36%)   IR =   4981 [2912.727s][info][gc,marking     ] GC(563) Concurrent Mark From Roots 742.075ms
[2912.727s][info][gc,marking     ] GC(563) Concurrent Preclean
[2912.727s][info][gc,marking     ] GC(563) Concurrent Preclean 0.095ms
[2912.727s][info][gc,start       ] GC(563) Pause Remark
[2912.732s][info][gc             ] GC(563) Pause Remark 1951M->1951M(4096M) 4.307ms
[2912.732s][info][gc,cpu         ] GC(563) User=0.02s Sys=0.00s Real=0.01s
[2912.732s][info][gc,marking     ] GC(563) Concurrent Mark 746.708ms
[2912.732s][info][gc,marking     ] GC(563) Concurrent Rebuild Remembered Sets and Scrub Regions
[2913.048s][info][gc,marking     ] GC(563) Concurrent Rebuild Remembered Sets and Scrub Regions 315.931ms
[2913.048s][info][gc,start       ] GC(563) Pause Cleanup
[2913.048s][info][gc             ] GC(563) Pause Cleanup 2139M->2139M(4096M) 0.115ms
[2913.048s][info][gc,cpu         ] GC(563) User=0.00s Sys=0.00s Real=0.00s
[2913.048s][info][gc,marking     ] GC(563) Concurrent Clear Claimed Marks
[2913.048s][info][gc,marking     ] GC(563) Concurrent Clear Claimed Marks 0.038ms
[2913.048s][info][gc,marking     ] GC(563) Concurrent Cleanup for Next Mark
[2913.052s][info][gc,marking     ] GC(563) Concurrent Cleanup for Next Mark 3.590ms
[2913.052s][info][gc             ] GC(563) Concurrent Mark Cycle 1238.101ms
...[2915.528s][info][gc,start       ] GC(564) Pause Young (Prepare Mixed) (G1 Evacuation Pause)
[2915.529s][info][gc,task        ] GC(564) Using 6 workers of 6 for evacuation
[2915.651s][info][gc,phases      ] GC(564)   Pre Evacuate Collection Set: 0.35ms
[2915.651s][info][gc,phases      ] GC(564)   Merge Heap Roots: 0.53ms
[2915.651s][info][gc,phases      ] GC(564)   Evacuate Collection Set: 120.14ms
[2915.651s][info][gc,phases      ] GC(564)   Post Evacuate Collection Set: 0.95ms
[2915.651s][info][gc,phases      ] GC(564)   Other: 0.09ms
[2915.651s][info][gc,heap        ] GC(564) Eden regions: 1120->0(1103)
[2915.651s][info][gc,heap        ] GC(564) Survivor regions: 108->113(154)
[2915.651s][info][gc,heap        ] GC(564) Old regions: 504->536
[2915.651s][info][gc,heap        ] GC(564) Humongous regions: 80->80
[2915.651s][info][gc,metaspace   ] GC(564) Metaspace: 28914K(29248K)->28914K(29248K) NonClass: 24037K(24192K)->24037K(24192K) Class: 4877K(5056K)->4877K(5056K)
[2915.651s][info][gc             ] GC(564) Pause Young (Prepare Mixed) (G1 Evacuation Pause) 3622M->1456M(4096M) 122.192ms
[2915.651s][info][gc,cpu         ] GC(564) User=0.72s Sys=0.00s Real=0.12s
..|.[2919.258s][info][gc,start       ] GC(565) Pause Young (Mixed) (G1 Evacuation Pause)
[2919.258s][info][gc,task        ] GC(565) Using 6 workers of 6 for evacuation
[2919.390s][info][gc,phases      ] GC(565)   Pre Evacuate Collection Set: 0.39ms
[2919.390s][info][gc,phases      ] GC(565)   Merge Heap Roots: 0.71ms
[2919.390s][info][gc,phases      ] GC(565)   Evacuate Collection Set: 129.59ms
[2919.390s][info][gc,phases      ] GC(565)   Post Evacuate Collection Set: 0.97ms
[2919.390s][info][gc,phases      ] GC(565)   Other: 0.09ms
[2919.390s][info][gc,heap        ] GC(565) Eden regions: 1103->0(1120)
[2919.390s][info][gc,heap        ] GC(565) Survivor regions: 113->108(152)
[2919.390s][info][gc,heap        ] GC(565) Old regions: 536->473
[2919.390s][info][gc,heap        ] GC(565) Humongous regions: 80->80
[2919.390s][info][gc,metaspace   ] GC(565) Metaspace: 28914K(29248K)->28914K(29248K) NonClass: 24037K(24192K)->24037K(24192K) Class: 4877K(5056K)->4877K(5056K)
[2919.390s][info][gc             ] GC(565) Pause Young (Mixed) (G1 Evacuation Pause) 3662M->1320M(4096M) 131.889ms
[2919.390s][info][gc,cpu         ] GC(565) User=0.78s Sys=0.00s Real=0.13s
....[2923.091s][info][gc,start       ] GC(566) Pause Young (Concurrent Start) (G1 Evacuation Pause)
[2923.091s][info][gc,task        ] GC(566) Using 6 workers of 6 for evacuation
[2923.211s][info][gc,phases      ] GC(566)   Pre Evacuate Collection Set: 0.42ms
[2923.211s][info][gc,phases      ] GC(566)   Merge Heap Roots: 0.52ms
[2923.211s][info][gc,phases      ] GC(566)   Evacuate Collection Set: 117.51ms
[2923.211s][info][gc,phases      ] GC(566)   Post Evacuate Collection Set: 0.90ms
[2923.211s][info][gc,phases      ] GC(566)   Other: 0.12ms
[2923.211s][info][gc,heap        ] GC(566) Eden regions: 1120->0(1117)
[2923.211s][info][gc,heap        ] GC(566) Survivor regions: 108->111(154)
[2923.211s][info][gc,heap        ] GC(566) Old regions: 473->505
[2923.211s][info][gc,heap        ] GC(566) Humongous regions: 80->80
[2923.211s][info][gc,metaspace   ] GC(566) Metaspace: 28914K(29248K)->28914K(29248K) NonClass: 24037K(24192K)->24037K(24192K) Class: 4877K(5056K)->4877K(5056K)
[2923.211s][info][gc             ] GC(566) Pause Young (Concurrent Start) (G1 Evacuation Pause) 3560M->1390M(4096M) 119.597ms
[2923.211s][info][gc             ] GC(567) Concurrent Mark Cycle
[2923.211s][info][gc,marking     ] GC(567) Concurrent Scan Root Regions
[2923.211s][info][gc,cpu         ] GC(566) User=0.71s Sys=0.00s Real=0.12s
[2923.389s][info][gc,marking     ] GC(567) Concurrent Scan Root Regions 178.097ms
[2923.389s][info][gc,marking     ] GC(567) Concurrent Mark
[2923.389s][info][gc,marking     ] GC(567) Concurrent Mark From Roots
[2923.389s][info][gc,task        ] GC(567) Using 2 workers of 2 for marking
.[2924.360s][info][gc,marking     ] GC(567) Concurrent Mark From Roots 971.192ms
[2924.360s][info][gc,marking     ] GC(567) Concurrent Preclean
[2924.360s][info][gc,marking     ] GC(567) Concurrent Preclean 0.130ms
[2924.361s][info][gc,start       ] GC(567) Pause Remark
[2924.367s][info][gc             ] GC(567) Pause Remark 2162M->2162M(4096M) 6.241ms
[2924.367s][info][gc,cpu         ] GC(567) User=0.03s Sys=0.00s Real=0.00s
[2924.367s][info][gc,marking     ] GC(567) Concurrent Mark 977.893ms
[2924.367s][info][gc,marking     ] GC(567) Concurrent Rebuild Remembered Sets and Scrub Regions
.[2924.723s][info][gc,marking     ] GC(567) Concurrent Rebuild Remembered Sets and Scrub Regions 356.093ms
[2924.723s][info][gc,start       ] GC(567) Pause Cleanup
[2924.723s][info][gc             ] GC(567) Pause Cleanup 2378M->2378M(4096M) 0.107ms
[2924.723s][info][gc,cpu         ] GC(567) User=0.00s Sys=0.00s Real=0.00s
[2924.723s][info][gc,marking     ] GC(567) Concurrent Clear Claimed Marks
[2924.723s][info][gc,marking     ] GC(567) Concurrent Clear Claimed Marks 0.024ms
[2924.723s][info][gc,marking     ] GC(567) Concurrent Cleanup for Next Mark
[2924.727s][info][gc,marking     ] GC(567) Concurrent Cleanup for Next Mark 3.998ms
[2924.727s][info][gc             ] GC(567) Concurrent Mark Cycle 1516.565ms
..[2926.826s][info][gc,start       ] GC(568) Pause Young (Prepare Mixed) (G1 Evacuation Pause)
[2926.826s][info][gc,task        ] GC(568) Using 6 workers of 6 for evacuation
[2926.945s][info][gc,phases      ] GC(568)   Pre Evacuate Collection Set: 0.33ms
[2926.945s][info][gc,phases      ] GC(568)   Merge Heap Roots: 0.60ms
[2926.945s][info][gc,phases      ] GC(568)   Evacuate Collection Set: 117.15ms
[2926.945s][info][gc,phases      ] GC(568)   Post Evacuate Collection Set: 0.94ms
[2926.945s][info][gc,phases      ] GC(568)   Other: 0.08ms
[2926.945s][info][gc,heap        ] GC(568) Eden regions: 1117->0(1110)
[2926.945s][info][gc,heap        ] GC(568) Survivor regions: 111->109(154)
[2926.945s][info][gc,heap        ] GC(568) Old regions: 505->537
[2926.945s][info][gc,heap        ] GC(568) Humongous regions: 80->80
[2926.945s][info][gc,metaspace   ] GC(568) Metaspace: 28911K(29248K)->28911K(29248K) NonClass: 24035K(24192K)->24035K(24192K) Class: 4876K(5056K)->4876K(5056K)
[2926.945s][info][gc             ] GC(568) Pause Young (Prepare Mixed) (G1 Evacuation Pause) 3624M->1449M(4096M) 119.243ms
[2926.945s][info][gc,cpu         ] GC(568) User=0.70s Sys=0.00s Real=0.12s
....[2930.612s][info][gc,start       ] GC(569) Pause Young (Mixed) (G1 Evacuation Pause)
[2930.612s][info][gc,task        ] GC(569) Using 6 workers of 6 for evacuation
[2930.745s][info][gc,phases      ] GC(569)   Pre Evacuate Collection Set: 0.37ms
[2930.745s][info][gc,phases      ] GC(569)   Merge Heap Roots: 0.76ms
[2930.745s][info][gc,phases      ] GC(569)   Evacuate Collection Set: 130.03ms
[2930.745s][info][gc,phases      ] GC(569)   Post Evacuate Collection Set: 0.94ms
[2930.745s][info][gc,phases      ] GC(569)   Other: 0.09ms
[2930.745s][info][gc,heap        ] GC(569) Eden regions: 1110->0(1121)
[2930.745s][info][gc,heap        ] GC(569) Survivor regions: 109->107(153)
[2930.745s][info][gc,heap        ] GC(569) Old regions: 537->473
[2930.745s][info][gc,heap        ] GC(569) Humongous regions: 80->80
[2930.745s][info][gc,metaspace   ] GC(569) Metaspace: 28911K(29248K)->28911K(29248K) NonClass: 24035K(24192K)->24035K(24192K) Class: 4876K(5056K)->4876K(5056K)
[2930.745s][info][gc             ] GC(569) Pause Young (Mixed) (G1 Evacuation Pause) 3669M->1318M(4096M) 132.316ms
[2930.745s][info][gc,cpu         ] GC(569) User=0.79s Sys=0.01s Real=0.13s
....[2934.515s][info][gc,start       ] GC(570) Pause Young (Concurrent Start) (G1 Evacuation Pause)
[2934.515s][info][gc,task        ] GC(570) Using 6 workers of 6 for evacuation
[2934.636s][info][gc,phases      ] GC(570)   Pre Evacuate Collection Set: 0.38ms
[2934.636s][info][gc,phases      ] GC(570)   Merge Heap Roots: 0.47ms
[2934.636s][info][gc,phases      ] GC(570)   Evacuate Collection Set: 118.98ms
[2934.636s][info][gc,phases      ] GC(570)   Post Evacuate Collection Set: 0.88ms
[2934.636s][info][gc,phases      ] GC(570)   Other: 0.11ms
[2934.636s][info][gc,heap        ] GC(570) Eden regions: 1121->0(1116)
[2934.636s][info][gc,heap        ] GC(570) Survivor regions: 107->112(154)
[2934.636s][info][gc,heap        ] GC(570) Old regions: 473->505
[2934.636s][info][gc,heap        ] GC(570) Humongous regions: 80->80
[2934.636s][info][gc,metaspace   ] GC(570) Metaspace: 28911K(29248K)->28911K(29248K) NonClass: 24035K(24192K)->24035K(24192K) Class: 4876K(5056K)->4876K(5056K)
[2934.636s][info][gc             ] GC(570) Pause Young (Concurrent Start) (G1 Evacuation Pause) 3560M->1392M(4096M) 120.990ms
[2934.636s][info][gc             ] GC(571) Concurrent Mark Cycle
[2934.636s][info][gc,marking     ] GC(571) Concurrent Scan Root Regions
[2934.636s][info][gc,cpu         ] GC(570) User=0.72s Sys=0.00s Real=0.12s
[2934.810s][info][gc,marking     ] GC(571) Concurrent Scan Root Regions 174.353ms
[2934.810s][info][gc,marking     ] GC(571) Concurrent Mark
[2934.810s][info][gc,marking     ] GC(571) Concurrent Mark From Roots
[2934.810s][info][gc,task        ] GC(571) Using 2 workers of 2 for marking
.[2935.624s][info][gc,marking     ] GC(571) Concurrent Mark From Roots 813.575ms
[2935.624s][info][gc,marking     ] GC(571) Concurrent Preclean
[2935.624s][info][gc,marking     ] GC(571) Concurrent Preclean 0.102ms
[2935.624s][info][gc,start       ] GC(571) Pause Remark
[2935.628s][info][gc             ] GC(571) Pause Remark 2073M->2073M(4096M) 3.790ms
[2935.628s][info][gc,cpu         ] GC(571) User=0.02s Sys=0.00s Real=0.01s
[2935.628s][info][gc,marking     ] GC(571) Concurrent Mark 817.734ms
[2935.628s][info][gc,marking     ] GC(571) Concurrent Rebuild Remembered Sets and Scrub Regions
[2935.910s][info][gc,marking     ] GC(571) Concurrent Rebuild Remembered Sets and Scrub Regions 281.355ms
[2935.910s][info][gc,start       ] GC(571) Pause Cleanup
[2935.910s][info][gc             ] GC(571) Pause Cleanup 2250M->2250M(4096M) 0.103ms
[2935.910s][info][gc,cpu         ] GC(571) User=0.00s Sys=0.00s Real=0.00s
[2935.910s][info][gc,marking     ] GC(571) Concurrent Clear Claimed Marks
[2935.910s][info][gc,marking     ] GC(571) Concurrent Clear Claimed Marks 0.023ms
[2935.910s][info][gc,marking     ] GC(571) Concurrent Cleanup for Next Mark
[2935.913s][info][gc,marking     ] GC(571) Concurrent Cleanup for Next Mark 3.239ms
[2935.913s][info][gc             ] GC(571) Concurrent Mark Cycle 1277.163ms
..[2938.231s][info][gc,start       ] GC(572) Pause Young (Prepare Mixed) (G1 Evacuation Pause)
[2938.231s][info][gc,task        ] GC(572) Using 6 workers of 6 for evacuation
[2938.352s][info][gc,phases      ] GC(572)   Pre Evacuate Collection Set: 0.32ms
[2938.352s][info][gc,phases      ] GC(572)   Merge Heap Roots: 0.61ms
[2938.352s][info][gc,phases      ] GC(572)   Evacuate Collection Set: 118.51ms
[2938.352s][info][gc,phases      ] GC(572)   Post Evacuate Collection Set: 0.94ms
[2938.352s][info][gc,phases      ] GC(572)   Other: 0.09ms
[2938.352s][info][gc,heap        ] GC(572) Eden regions: 1116->0(1111)
[2938.352s][info][gc,heap        ] GC(572) Survivor regions: 112->109(154)
[2938.352s][info][gc,heap        ] GC(572) Old regions: 505->536
[2938.352s][info][gc,heap        ] GC(572) Humongous regions: 80->80
[2938.352s][info][gc,metaspace   ] GC(572) Metaspace: 28911K(29248K)->28911K(29248K) NonClass: 24035K(24192K)->24035K(24192K) Class: 4876K(5056K)->4876K(5056K)
[2938.352s][info][gc             ] GC(572) Pause Young (Prepare Mixed) (G1 Evacuation Pause) 3624M->1449M(4096M) 120.604ms
[2938.352s][info][gc,cpu         ] GC(572) User=0.72s Sys=0.00s Real=0.12s
....[2941.990s][info][gc,start       ] GC(573) Pause Young (Mixed) (G1 Evacuation Pause)
[2941.990s][info][gc,task        ] GC(573) Using 6 workers of 6 for evacuation
[2942.125s][info][gc,phases      ] GC(573)   Pre Evacuate Collection Set: 0.37ms
[2942.125s][info][gc,phases      ] GC(573)   Merge Heap Roots: 0.81ms
[2942.125s][info][gc,phases      ] GC(573)   Evacuate Collection Set: 133.22ms
[2942.125s][info][gc,phases      ] GC(573)   Post Evacuate Collection Set: 0.96ms
[2942.125s][info][gc,phases      ] GC(573)   Other: 0.09ms
[2942.125s][info][gc,heap        ] GC(573) Eden regions: 1111->0(1119)
[2942.125s][info][gc,heap        ] GC(573) Survivor regions: 109->109(153)
[2942.125s][info][gc,heap        ] GC(573) Old regions: 536->473
[2942.125s][info][gc,heap        ] GC(573) Humongous regions: 80->80
[2942.125s][info][gc,metaspace   ] GC(573) Metaspace: 28911K(29248K)->28911K(29248K) NonClass: 24035K(24192K)->24035K(24192K) Class: 4876K(5056K)->4876K(5056K)
[2942.125s][info][gc             ] GC(573) Pause Young (Mixed) (G1 Evacuation Pause) 3671M->1323M(4096M) 135.591ms
[2942.125s][info][gc,cpu         ] GC(573) User=0.80s Sys=0.00s Real=0.13s
....[2945.765s][info][gc,start       ] GC(574) Pause Young (Concurrent Start) (G1 Evacuation Pause)
[2945.766s][info][gc,task        ] GC(574) Using 6 workers of 6 for evacuation
[2945.881s][info][gc,phases      ] GC(574)   Pre Evacuate Collection Set: 0.39ms
[2945.881s][info][gc,phases      ] GC(574)   Merge Heap Roots: 0.48ms
[2945.881s][info][gc,phases      ] GC(574)   Evacuate Collection Set: 113.85ms
[2945.881s][info][gc,phases      ] GC(574)   Post Evacuate Collection Set: 0.89ms
[2945.881s][info][gc,phases      ] GC(574)   Other: 0.12ms
[2945.881s][info][gc,heap        ] GC(574) Eden regions: 1119->0(1119)
[2945.881s][info][gc,heap        ] GC(574) Survivor regions: 109->109(154)
[2945.881s][info][gc,heap        ] GC(574) Old regions: 473->505
[2945.881s][info][gc,heap        ] GC(574) Humongous regions: 80->80
[2945.881s][info][gc,metaspace   ] GC(574) Metaspace: 28911K(29248K)->28911K(29248K) NonClass: 24035K(24192K)->24035K(24192K) Class: 4876K(5056K)->4876K(5056K)
[2945.881s][info][gc             ] GC(574) Pause Young (Concurrent Start) (G1 Evacuation Pause) 3561M->1385M(4096M) 115.858ms
[2945.881s][info][gc             ] GC(575) Concurrent Mark Cycle
[2945.881s][info][gc,marking     ] GC(575) Concurrent Scan Root Regions
[2945.881s][info][gc,cpu         ] GC(574) User=0.69s Sys=0.00s Real=0.12s
[2946.025s][info][gc,marking     ] GC(575) Concurrent Scan Root Regions 143.907ms
[2946.025s][info][gc,marking     ] GC(575) Concurrent Mark
[2946.025s][info][gc,marking     ] GC(575) Concurrent Mark From Roots
[2946.025s][info][gc,task        ] GC(575) Using 2 workers of 2 for marking
.[2946.795s][info][gc,marking     ] GC(575) Concurrent Mark From Roots 769.618ms
[2946.795s][info][gc,marking     ] GC(575) Concurrent Preclean
[2946.795s][info][gc,marking     ] GC(575) Concurrent Preclean 0.095ms
[2946.795s][info][gc,start       ] GC(575) Pause Remark
[2946.800s][info][gc             ] GC(575) Pause Remark 1953M->1953M(4096M) 4.329ms
[2946.800s][info][gc,cpu         ] GC(575) User=0.03s Sys=0.00s Real=0.01s
[2946.800s][info][gc,marking     ] GC(575) Concurrent Mark 774.294ms
[2946.800s][info][gc,marking     ] GC(575) Concurrent Rebuild Remembered Sets and Scrub Regions
[2947.044s][info][gc,marking     ] GC(575) Concurrent Rebuild Remembered Sets and Scrub Regions 244.567ms
[2947.046s][info][gc,start       ] GC(575) Pause Cleanup
[2947.046s][info][gc             ] GC(575) Pause Cleanup 2101M->2101M(4096M) 0.130ms
[2947.046s][info][gc,cpu         ] GC(575) User=0.00s Sys=0.00s Real=0.00s
[2947.046s][info][gc,marking     ] GC(575) Concurrent Clear Claimed Marks
[2947.046s][info][gc,marking     ] GC(575) Concurrent Clear Claimed Marks 0.030ms
[2947.046s][info][gc,marking     ] GC(575) Concurrent Cleanup for Next Mark
[2947.055s][info][gc,marking     ] GC(575) Concurrent Cleanup for Next Mark 9.085ms
[2947.055s][info][gc             ] GC(575) Concurrent Mark Cycle 1173.799ms
...[2949.597s][info][gc,start       ] GC(576) Pause Young (Prepare Mixed) (G1 Evacuation Pause)
[2949.597s][info][gc,task        ] GC(576) Using 6 workers of 6 for evacuation
[2949.718s][info][gc,phases      ] GC(576)   Pre Evacuate Collection Set: 0.35ms
[2949.718s][info][gc,phases      ] GC(576)   Merge Heap Roots: 0.53ms
[2949.718s][info][gc,phases      ] GC(576)   Evacuate Collection Set: 119.53ms
[2949.718s][info][gc,phases      ] GC(576)   Post Evacuate Collection Set: 0.92ms
[2949.718s][info][gc,phases      ] GC(576)   Other: 0.09ms
[2949.718s][info][gc,heap        ] GC(576) Eden regions: 1119->0(1106)
[2949.718s][info][gc,heap        ] GC(576) Survivor regions: 109->111(154)
[2949.718s][info][gc,heap        ] GC(576) Old regions: 505->537
[2949.718s][info][gc,heap        ] GC(576) Humongous regions: 80->80
[2949.718s][info][gc,metaspace   ] GC(576) Metaspace: 28911K(29248K)->28911K(29248K) NonClass: 24035K(24192K)->24035K(24192K) Class: 4876K(5056K)->4876K(5056K)
[2949.718s][info][gc             ] GC(576) Pause Young (Prepare Mixed) (G1 Evacuation Pause) 3623M->1453M(4096M) 121.591ms
[2949.718s][info][gc,cpu         ] GC(576) User=0.72s Sys=0.00s Real=0.13s
...[2953.368s][info][gc,start       ] GC(577) Pause Young (Mixed) (G1 Evacuation Pause)
[2953.368s][info][gc,task        ] GC(577) Using 6 workers of 6 for evacuation
[2953.511s][info][gc,phases      ] GC(577)   Pre Evacuate Collection Set: 0.35ms
[2953.511s][info][gc,phases      ] GC(577)   Merge Heap Roots: 0.69ms
[2953.511s][info][gc,phases      ] GC(577)   Evacuate Collection Set: 140.59ms
[2953.511s][info][gc,phases      ] GC(577)   Post Evacuate Collection Set: 0.94ms
[2953.511s][info][gc,phases      ] GC(577)   Other: 0.10ms
[2953.511s][info][gc,heap        ] GC(577) Eden regions: 1106->0(1113)
[2953.511s][info][gc,heap        ] GC(577) Survivor regions: 111->115(153)
[2953.511s][info][gc,heap        ] GC(577) Old regions: 537->472
[2953.511s][info][gc,heap        ] GC(577) Humongous regions: 80->80
[2953.511s][info][gc,metaspace   ] GC(577) Metaspace: 28911K(29248K)->28911K(29248K) NonClass: 24035K(24192K)->24035K(24192K) Class: 4876K(5056K)->4876K(5056K)
[2953.511s][info][gc             ] GC(577) Pause Young (Mixed) (G1 Evacuation Pause) 3665M->1332M(4096M) 142.807ms
[2953.511s][info][gc,cpu         ] GC(577) User=0.84s Sys=0.00s Real=0.14s
....[2957.170s][info][gc,start       ] GC(578) Pause Young (Concurrent Start) (G1 Evacuation Pause)
[2957.171s][info][gc,task        ] GC(578) Using 6 workers of 6 for evacuation
[2957.290s][info][gc,phases      ] GC(578)   Pre Evacuate Collection Set: 0.38ms
[2957.290s][info][gc,phases      ] GC(578)   Merge Heap Roots: 0.45ms
[2957.290s][info][gc,phases      ] GC(578)   Evacuate Collection Set: 117.92ms
[2957.290s][info][gc,phases      ] GC(578)   Post Evacuate Collection Set: 0.90ms
[2957.290s][info][gc,phases      ] GC(578)   Other: 0.12ms
[2957.290s][info][gc,heap        ] GC(578) Eden regions: 1113->0(1117)
[2957.290s][info][gc,heap        ] GC(578) Survivor regions: 115->111(154)
[2957.290s][info][gc,heap        ] GC(578) Old regions: 472->504
[2957.290s][info][gc,heap        ] GC(578) Humongous regions: 80->80
[2957.290s][info][gc,metaspace   ] GC(578) Metaspace: 28911K(29248K)->28911K(29248K) NonClass: 24035K(24192K)->24035K(24192K) Class: 4876K(5056K)->4876K(5056K)
[2957.290s][info][gc             ] GC(578) Pause Young (Concurrent Start) (G1 Evacuation Pause) 3558M->1387M(4096M) 119.904ms
[2957.290s][info][gc             ] GC(579) Concurrent Mark Cycle
[2957.290s][info][gc,marking     ] GC(579) Concurrent Scan Root Regions
[2957.290s][info][gc,cpu         ] GC(578) User=0.71s Sys=0.00s Real=0.12s
[2957.425s][info][gc,marking     ] GC(579) Concurrent Scan Root Regions 134.829ms
[2957.425s][info][gc,marking     ] GC(579) Concurrent Mark
[2957.425s][info][gc,marking     ] GC(579) Concurrent Mark From Roots
[2957.425s][info][gc,task        ] GC(579) Using 2 workers of 2 for marking
.[2957.988s][info][gc,marking     ] GC(579) Concurrent Mark From Roots 562.995ms
[2957.988s][info][gc,marking     ] GC(579) Concurrent Preclean
[2957.989s][info][gc,marking     ] GC(579) Concurrent Preclean 0.117ms
[2957.989s][info][gc,start       ] GC(579) Pause Remark
[2957.992s][info][gc             ] GC(579) Pause Remark 1869M->1869M(4096M) 2.918ms
[2957.992s][info][gc,cpu         ] GC(579) User=0.01s Sys=0.00s Real=0.00s
[2957.992s][info][gc,marking     ] GC(579) Concurrent Mark 566.328ms
[2957.992s][info][gc,marking     ] GC(579) Concurrent Rebuild Remembered Sets and Scrub Regions
[2958.200s][info][gc,marking     ] GC(579) Concurrent Rebuild Remembered Sets and Scrub Regions 207.976ms
[2958.200s][info][gc,start       ] GC(579) Pause Cleanup
[2958.200s][info][gc             ] GC(579) Pause Cleanup 1998M->1998M(4096M) 0.109ms
[2958.200s][info][gc,cpu         ] GC(579) User=0.00s Sys=0.00s Real=0.00s
[2958.200s][info][gc,marking     ] GC(579) Concurrent Clear Claimed Marks
[2958.200s][info][gc,marking     ] GC(579) Concurrent Clear Claimed Marks 0.021ms
[2958.200s][info][gc,marking     ] GC(579) Concurrent Cleanup for Next Mark
[2958.204s][info][gc,marking     ] GC(579) Concurrent Cleanup for Next Mark 3.656ms
[2958.204s][info][gc             ] GC(579) Concurrent Mark Cycle 913.243ms
...[2960.984s][info][gc,start       ] GC(580) Pause Young (Prepare Mixed) (G1 Evacuation Pause)
[2960.984s][info][gc,task        ] GC(580) Using 6 workers of 6 for evacuation
[2961.105s][info][gc,phases      ] GC(580)   Pre Evacuate Collection Set: 0.32ms
[2961.105s][info][gc,phases      ] GC(580)   Merge Heap Roots: 0.61ms
[2961.105s][info][gc,phases      ] GC(580)   Evacuate Collection Set: 118.61ms
[2961.105s][info][gc,phases      ] GC(580)   Post Evacuate Collection Set: 0.96ms
[2961.105s][info][gc,phases      ] GC(580)   Other: 0.09ms
[2961.105s][info][gc,heap        ] GC(580) Eden regions: 1117->0(1109)
[2961.105s][info][gc,heap        ] GC(580) Survivor regions: 111->111(154)
[2961.105s][info][gc,heap        ] GC(580) Old regions: 504->534
[2961.105s][info][gc,heap        ] GC(580) Humongous regions: 80->80
[2961.105s][info][gc,metaspace   ] GC(580) Metaspace: 28911K(29248K)->28911K(29248K) NonClass: 24035K(24192K)->24035K(24192K) Class: 4876K(5056K)->4876K(5056K)
[2961.105s][info][gc             ] GC(580) Pause Young (Prepare Mixed) (G1 Evacuation Pause) 3621M->1449M(4096M) 120.722ms
[2961.105s][info][gc,cpu         ] GC(580) User=0.71s Sys=0.00s Real=0.12s
....[2964.682s][info][gc,start       ] GC(581) Pause Young (Mixed) (G1 Evacuation Pause)
[2964.683s][info][gc,task        ] GC(581) Using 6 workers of 6 for evacuation
[2964.812s][info][gc,phases      ] GC(581)   Pre Evacuate Collection Set: 0.37ms
[2964.813s][info][gc,phases      ] GC(581)   Merge Heap Roots: 0.63ms
[2964.813s][info][gc,phases      ] GC(581)   Evacuate Collection Set: 127.93ms
[2964.813s][info][gc,phases      ] GC(581)   Post Evacuate Collection Set: 0.96ms
[2964.813s][info][gc,phases      ] GC(581)   Other: 0.09ms
[2964.813s][info][gc,heap        ] GC(581) Eden regions: 1109->0(1121)
[2964.813s][info][gc,heap        ] GC(581) Survivor regions: 111->107(153)
[2964.813s][info][gc,heap        ] GC(581) Old regions: 534->473
[2964.813s][info][gc,heap        ] GC(581) Humongous regions: 80->80
[2964.813s][info][gc,metaspace   ] GC(581) Metaspace: 28911K(29248K)->28911K(29248K) NonClass: 24035K(24192K)->24035K(24192K) Class: 4876K(5056K)->4876K(5056K)
[2964.813s][info][gc             ] GC(581) Pause Young (Mixed) (G1 Evacuation Pause) 3667M->1319M(4096M) 130.100ms
[2964.813s][info][gc,cpu         ] GC(581) User=0.77s Sys=0.00s Real=0.13s
...[2968.518s][info][gc,start       ] GC(582) Pause Young (Concurrent Start) (G1 Evacuation Pause)
[2968.518s][info][gc,task        ] GC(582) Using 6 workers of 6 for evacuation
[2968.634s][info][gc,phases      ] GC(582)   Pre Evacuate Collection Set: 0.39ms
[2968.634s][info][gc,phases      ] GC(582)   Merge Heap Roots: 0.45ms
[2968.634s][info][gc,phases      ] GC(582)   Evacuate Collection Set: 114.43ms
[2968.634s][info][gc,phases      ] GC(582)   Post Evacuate Collection Set: 0.87ms
[2968.634s][info][gc,phases      ] GC(582)   Other: 0.13ms
[2968.634s][info][gc,heap        ] GC(582) Eden regions: 1121->0(1119)
[2968.634s][info][gc,heap        ] GC(582) Survivor regions: 107->109(154)
[2968.634s][info][gc,heap        ] GC(582) Old regions: 473->506
[2968.634s][info][gc,heap        ] GC(582) Humongous regions: 80->80
[2968.634s][info][gc,metaspace   ] GC(582) Metaspace: 28911K(29248K)->28911K(29248K) NonClass: 24035K(24192K)->24035K(24192K) Class: 4876K(5056K)->4876K(5056K)
[2968.634s][info][gc             ] GC(582) Pause Young (Concurrent Start) (G1 Evacuation Pause) 3561M->1387M(4096M) 116.412ms
[2968.634s][info][gc             ] GC(583) Concurrent Mark Cycle
[2968.634s][info][gc,marking     ] GC(583) Concurrent Scan Root Regions
[2968.634s][info][gc,cpu         ] GC(582) User=0.69s Sys=0.00s Real=0.12s
.[2968.767s][info][gc,marking     ] GC(583) Concurrent Scan Root Regions 132.828ms
[2968.767s][info][gc,marking     ] GC(583) Concurrent Mark
[2968.767s][info][gc,marking     ] GC(583) Concurrent Mark From Roots
[2968.767s][info][gc,task        ] GC(583) Using 2 workers of 2 for marking
[2969.434s][info][gc,marking     ] GC(583) Concurrent Mark From Roots 667.177ms
[2969.434s][info][gc,marking     ] GC(583) Concurrent Preclean
[2969.434s][info][gc,marking     ] GC(583) Concurrent Preclean 0.137ms
[2969.434s][info][gc,start       ] GC(583) Pause Remark
[2969.439s][info][gc             ] GC(583) Pause Remark 1928M->1928M(4096M) 4.043ms
[2969.439s][info][gc,cpu         ] GC(583) User=0.02s Sys=0.00s Real=0.01s
[2969.439s][info][gc,marking     ] GC(583) Concurrent Mark 671.645ms
[2969.439s][info][gc,marking     ] GC(583) Concurrent Rebuild Remembered Sets and Scrub Regions
[2969.682s][info][gc,marking     ] GC(583) Concurrent Rebuild Remembered Sets and Scrub Regions 243.072ms
[2969.682s][info][gc,start       ] GC(583) Pause Cleanup
[2969.682s][info][gc             ] GC(583) Pause Cleanup 2076M->2076M(4096M) 0.108ms
[2969.682s][info][gc,cpu         ] GC(583) User=0.00s Sys=0.00s Real=0.00s
[2969.682s][info][gc,marking     ] GC(583) Concurrent Clear Claimed Marks
[2969.682s][info][gc,marking     ] GC(583) Concurrent Clear Claimed Marks 0.023ms
[2969.682s][info][gc,marking     ] GC(583) Concurrent Cleanup for Next Mark
[2969.686s][info][gc,marking     ] GC(583) Concurrent Cleanup for Next Mark 3.621ms
[2969.686s][info][gc             ] GC(583) Concurrent Mark Cycle 1051.627ms
...[2972.320s][info][gc,start       ] GC(584) Pause Young (Prepare Mixed) (G1 Evacuation Pause)
[2972.320s][info][gc,task        ] GC(584) Using 6 workers of 6 for evacuation
[2972.436s][info][gc,phases      ] GC(584)   Pre Evacuate Collection Set: 0.34ms
[2972.436s][info][gc,phases      ] GC(584)   Merge Heap Roots: 0.51ms
[2972.436s][info][gc,phases      ] GC(584)   Evacuate Collection Set: 114.24ms
[2972.436s][info][gc,phases      ] GC(584)   Post Evacuate Collection Set: 0.92ms
[2972.436s][info][gc,phases      ] GC(584)   Other: 0.10ms
[2972.436s][info][gc,heap        ] GC(584) Eden regions: 1119->0(1109)
[2972.436s][info][gc,heap        ] GC(584) Survivor regions: 109->110(154)
[2972.436s][info][gc,heap        ] GC(584) Old regions: 506->536
[2972.436s][info][gc,heap        ] GC(584) Humongous regions: 80->80
[2972.436s][info][gc,metaspace   ] GC(584) Metaspace: 28911K(29248K)->28911K(29248K) NonClass: 24035K(24192K)->24035K(24192K) Class: 4876K(5056K)->4876K(5056K)
[2972.436s][info][gc             ] GC(584) Pause Young (Prepare Mixed) (G1 Evacuation Pause) 3625M->1450M(4096M) 116.223ms
[2972.436s][info][gc,cpu         ] GC(584) User=0.69s Sys=0.00s Real=0.11s
....[2976.075s][info][gc,start       ] GC(585) Pause Young (Mixed) (G1 Evacuation Pause)
[2976.076s][info][gc,task        ] GC(585) Using 6 workers of 6 for evacuation
[2976.207s][info][gc,phases      ] GC(585)   Pre Evacuate Collection Set: 0.37ms
[2976.207s][info][gc,phases      ] GC(585)   Merge Heap Roots: 0.63ms
[2976.207s][info][gc,phases      ] GC(585)   Evacuate Collection Set: 129.50ms
[2976.207s][info][gc,phases      ] GC(585)   Post Evacuate Collection Set: 0.97ms
[2976.207s][info][gc,phases      ] GC(585)   Other: 0.09ms
[2976.207s][info][gc,heap        ] GC(585) Eden regions: 1109->0(1120)
[2976.207s][info][gc,heap        ] GC(585) Survivor regions: 110->108(153)
[2976.207s][info][gc,heap        ] GC(585) Old regions: 536->472
[2976.207s][info][gc,heap        ] GC(585) Humongous regions: 80->80
[2976.207s][info][gc,metaspace   ] GC(585) Metaspace: 28911K(29248K)->28911K(29248K) NonClass: 24035K(24192K)->24035K(24192K) Class: 4876K(5056K)->4876K(5056K)
[2976.207s][info][gc             ] GC(585) Pause Young (Mixed) (G1 Evacuation Pause) 3668M->1319M(4096M) 131.706ms
[2976.207s][info][gc,cpu         ] GC(585) User=0.77s Sys=0.01s Real=0.13s
.. (rIR:aIR:PR = 4981:4979:4979) (tPR = 73938) [OK] 
  2977s: Performance info:
         Transaction,    Success,    Partial,     Failed,   Receipts, AvgBarcode, 
             Overall,     301084,          0,          0,     286008,      59.47, 
         Response times:
             Request,    Success,    Partial,     Failed,   SkipFail,     Probes,    Samples,      min,      p50,      p90,      p95,      p99,      max, 
       TotalPurchase,     286008,          0,          0,          0,     280571,     305460,      300,     4200,     8700,    17500,    53000,   225000,
     InStorePurchase,     150531,          0,          0,          0,     148058,     160782,      300,     4200,     8700,    17400,    53000,   221000,
      OnlinePurchase,     105410,          0,          0,          0,     103218,     112330,      300,     4100,     8600,    17400,    53000,   225000,
        InstPurchase,      30067,          0,          0,          0,      29295,      32348,      400,     4600,     9200,    19100,    60000,   196000,
          AssocOfCat,        301,          0,          0,          0,        223,        311,    23000,    36000,    56800,    77000,   151720,   199000,
      AssocOfProduct,       3009,          0,          0,          0,       2716,       3169,     1000,     4500,     8500,    21000,    48300,   157000,
      BusinessReport,        750,          0,          0,          0,        647,        830,    25000,    41000,    62000,    78000,   163380,   242000,
          CustBuyBeh,       3024,          0,          0,          0,       2800,       3249,      400,     2800,     6400,    12550,    46500,   157000,
       ProductReturn,       7992,          0,          0,          0,       7623,       8548,      200,     3700,     8300,    16800,    55000,   157000,

  2977s: (37%)   IR =   5120 ..[2979.849s][info][gc,start       ] GC(586) Pause Young (Concurrent Start) (G1 Evacuation Pause)
[2979.849s][info][gc,task        ] GC(586) Using 6 workers of 6 for evacuation
[2979.965s][info][gc,phases      ] GC(586)   Pre Evacuate Collection Set: 0.40ms
[2979.965s][info][gc,phases      ] GC(586)   Merge Heap Roots: 0.47ms
[2979.965s][info][gc,phases      ] GC(586)   Evacuate Collection Set: 114.27ms
[2979.965s][info][gc,phases      ] GC(586)   Post Evacuate Collection Set: 0.91ms
[2979.965s][info][gc,phases      ] GC(586)   Other: 0.14ms
[2979.965s][info][gc,heap        ] GC(586) Eden regions: 1120->0(1120)
[2979.965s][info][gc,heap        ] GC(586) Survivor regions: 108->108(154)
[2979.965s][info][gc,heap        ] GC(586) Old regions: 472->504
[2979.965s][info][gc,heap        ] GC(586) Humongous regions: 80->80
[2979.965s][info][gc,metaspace   ] GC(586) Metaspace: 28911K(29248K)->28911K(29248K) NonClass: 24035K(24192K)->24035K(24192K) Class: 4876K(5056K)->4876K(5056K)
[2979.965s][info][gc             ] GC(586) Pause Young (Concurrent Start) (G1 Evacuation Pause) 3559M->1383M(4096M) 116.315ms
[2979.965s][info][gc             ] GC(587) Concurrent Mark Cycle
[2979.965s][info][gc,marking     ] GC(587) Concurrent Scan Root Regions
[2979.966s][info][gc,cpu         ] GC(586) User=0.68s Sys=0.00s Real=0.11s
[2980.144s][info][gc,marking     ] GC(587) Concurrent Scan Root Regions 178.133ms
[2980.144s][info][gc,marking     ] GC(587) Concurrent Mark
[2980.144s][info][gc,marking     ] GC(587) Concurrent Mark From Roots
[2980.144s][info][gc,task        ] GC(587) Using 2 workers of 2 for marking
.[2980.993s][info][gc,marking     ] GC(587) Concurrent Mark From Roots 849.226ms
[2980.993s][info][gc,marking     ] GC(587) Concurrent Preclean
[2980.993s][info][gc,marking     ] GC(587) Concurrent Preclean 0.141ms
[2980.993s][info][gc,start       ] GC(587) Pause Remark
[2980.998s][info][gc             ] GC(587) Pause Remark 2091M->2091M(4096M) 4.730ms
[2980.998s][info][gc,cpu         ] GC(587) User=0.02s Sys=0.00s Real=0.00s
[2980.998s][info][gc,marking     ] GC(587) Concurrent Mark 854.355ms
[2980.998s][info][gc,marking     ] GC(587) Concurrent Rebuild Remembered Sets and Scrub Regions
[2981.231s][info][gc,marking     ] GC(587) Concurrent Rebuild Remembered Sets and Scrub Regions 232.842ms
[2981.231s][info][gc,start       ] GC(587) Pause Cleanup
[2981.231s][info][gc             ] GC(587) Pause Cleanup 2216M->2216M(4096M) 0.113ms
[2981.231s][info][gc,cpu         ] GC(587) User=0.00s Sys=0.00s Real=0.00s
[2981.231s][info][gc,marking     ] GC(587) Concurrent Clear Claimed Marks
[2981.231s][info][gc,marking     ] GC(587) Concurrent Clear Claimed Marks 0.025ms
[2981.231s][info][gc,marking     ] GC(587) Concurrent Cleanup for Next Mark
[2981.234s][info][gc,marking     ] GC(587) Concurrent Cleanup for Next Mark 3.251ms
[2981.235s][info][gc             ] GC(587) Concurrent Mark Cycle 1269.043ms
.|.[2983.556s][info][gc,start       ] GC(588) Pause Young (Prepare Mixed) (G1 Evacuation Pause)
[2983.556s][info][gc,task        ] GC(588) Using 6 workers of 6 for evacuation
[2983.678s][info][gc,phases      ] GC(588)   Pre Evacuate Collection Set: 0.33ms
[2983.678s][info][gc,phases      ] GC(588)   Merge Heap Roots: 0.61ms
[2983.678s][info][gc,phases      ] GC(588)   Evacuate Collection Set: 119.90ms
[2983.678s][info][gc,phases      ] GC(588)   Post Evacuate Collection Set: 0.96ms
[2983.678s][info][gc,phases      ] GC(588)   Other: 0.09ms
[2983.678s][info][gc,heap        ] GC(588) Eden regions: 1120->0(1101)
[2983.678s][info][gc,heap        ] GC(588) Survivor regions: 108->114(154)
[2983.678s][info][gc,heap        ] GC(588) Old regions: 504->536
[2983.678s][info][gc,heap        ] GC(588) Humongous regions: 80->80
[2983.678s][info][gc,metaspace   ] GC(588) Metaspace: 28911K(29248K)->28911K(29248K) NonClass: 24035K(24192K)->24035K(24192K) Class: 4876K(5056K)->4876K(5056K)
[2983.678s][info][gc             ] GC(588) Pause Young (Prepare Mixed) (G1 Evacuation Pause) 3623M->1457M(4096M) 122.016ms
[2983.679s][info][gc,cpu         ] GC(588) User=0.72s Sys=0.00s Real=0.13s
....[2987.237s][info][gc,start       ] GC(589) Pause Young (Mixed) (G1 Evacuation Pause)
[2987.237s][info][gc,task        ] GC(589) Using 6 workers of 6 for evacuation
[2987.371s][info][gc,phases      ] GC(589)   Pre Evacuate Collection Set: 0.36ms
[2987.371s][info][gc,phases      ] GC(589)   Merge Heap Roots: 0.66ms
[2987.371s][info][gc,phases      ] GC(589)   Evacuate Collection Set: 131.13ms
[2987.371s][info][gc,phases      ] GC(589)   Post Evacuate Collection Set: 0.94ms
[2987.371s][info][gc,phases      ] GC(589)   Other: 0.09ms
[2987.371s][info][gc,heap        ] GC(589) Eden regions: 1101->0(1119)
[2987.371s][info][gc,heap        ] GC(589) Survivor regions: 114->109(152)
[2987.371s][info][gc,heap        ] GC(589) Old regions: 536->473
[2987.371s][info][gc,heap        ] GC(589) Humongous regions: 80->80
[2987.371s][info][gc,metaspace   ] GC(589) Metaspace: 28911K(29248K)->28911K(29248K) NonClass: 24035K(24192K)->24035K(24192K) Class: 4876K(5056K)->4876K(5056K)
[2987.371s][info][gc             ] GC(589) Pause Young (Mixed) (G1 Evacuation Pause) 3659M->1323M(4096M) 133.294ms
[2987.371s][info][gc,cpu         ] GC(589) User=0.79s Sys=0.00s Real=0.14s
....[2990.899s][info][gc,start       ] GC(590) Pause Young (Concurrent Start) (G1 Evacuation Pause)
[2990.899s][info][gc,task        ] GC(590) Using 6 workers of 6 for evacuation
[2991.016s][info][gc,phases      ] GC(590)   Pre Evacuate Collection Set: 0.38ms
[2991.016s][info][gc,phases      ] GC(590)   Merge Heap Roots: 0.45ms
[2991.016s][info][gc,phases      ] GC(590)   Evacuate Collection Set: 115.59ms
[2991.016s][info][gc,phases      ] GC(590)   Post Evacuate Collection Set: 0.90ms
[2991.016s][info][gc,phases      ] GC(590)   Other: 0.11ms
[2991.016s][info][gc,heap        ] GC(590) Eden regions: 1119->0(1118)
[2991.016s][info][gc,heap        ] GC(590) Survivor regions: 109->110(154)
[2991.016s][info][gc,heap        ] GC(590) Old regions: 473->505
[2991.016s][info][gc,heap        ] GC(590) Humongous regions: 80->80
[2991.016s][info][gc,metaspace   ] GC(590) Metaspace: 28911K(29248K)->28911K(29248K) NonClass: 24035K(24192K)->24035K(24192K) Class: 4876K(5056K)->4876K(5056K)
[2991.016s][info][gc             ] GC(590) Pause Young (Concurrent Start) (G1 Evacuation Pause) 3561M->1388M(4096M) 117.582ms
[2991.017s][info][gc             ] GC(591) Concurrent Mark Cycle
[2991.017s][info][gc,marking     ] GC(591) Concurrent Scan Root Regions
[2991.017s][info][gc,cpu         ] GC(590) User=0.70s Sys=0.00s Real=0.11s
[2991.152s][info][gc,marking     ] GC(591) Concurrent Scan Root Regions 135.640ms
[2991.152s][info][gc,marking     ] GC(591) Concurrent Mark
[2991.152s][info][gc,marking     ] GC(591) Concurrent Mark From Roots
[2991.152s][info][gc,task        ] GC(591) Using 2 workers of 2 for marking
[2991.816s][info][gc,marking     ] GC(591) Concurrent Mark From Roots 663.688ms
[2991.816s][info][gc,marking     ] GC(591) Concurrent Preclean
[2991.816s][info][gc,marking     ] GC(591) Concurrent Preclean 0.116ms
[2991.816s][info][gc,start       ] GC(591) Pause Remark
[2991.821s][info][gc             ] GC(591) Pause Remark 1945M->1945M(4096M) 4.724ms
[2991.821s][info][gc,cpu         ] GC(591) User=0.03s Sys=0.00s Real=0.01s
[2991.821s][info][gc,marking     ] GC(591) Concurrent Mark 668.796ms
[2991.821s][info][gc,marking     ] GC(591) Concurrent Rebuild Remembered Sets and Scrub Regions
.[2992.109s][info][gc,marking     ] GC(591) Concurrent Rebuild Remembered Sets and Scrub Regions 287.630ms
[2992.109s][info][gc,start       ] GC(591) Pause Cleanup
[2992.109s][info][gc             ] GC(591) Pause Cleanup 2119M->2119M(4096M) 0.110ms
[2992.109s][info][gc,cpu         ] GC(591) User=0.00s Sys=0.00s Real=0.00s
[2992.109s][info][gc,marking     ] GC(591) Concurrent Clear Claimed Marks
[2992.109s][info][gc,marking     ] GC(591) Concurrent Clear Claimed Marks 0.022ms
[2992.109s][info][gc,marking     ] GC(591) Concurrent Cleanup for Next Mark
[2992.114s][info][gc,marking     ] GC(591) Concurrent Cleanup for Next Mark 4.464ms
[2992.114s][info][gc             ] GC(591) Concurrent Mark Cycle 1097.025ms
..[2994.592s][info][gc,start       ] GC(592) Pause Young (Prepare Mixed) (G1 Evacuation Pause)
[2994.592s][info][gc,task        ] GC(592) Using 6 workers of 6 for evacuation
[2994.710s][info][gc,phases      ] GC(592)   Pre Evacuate Collection Set: 0.35ms
[2994.710s][info][gc,phases      ] GC(592)   Merge Heap Roots: 0.57ms
[2994.710s][info][gc,phases      ] GC(592)   Evacuate Collection Set: 116.95ms
[2994.710s][info][gc,phases      ] GC(592)   Post Evacuate Collection Set: 0.91ms
[2994.710s][info][gc,phases      ] GC(592)   Other: 0.08ms
[2994.710s][info][gc,heap        ] GC(592) Eden regions: 1118->0(1107)
[2994.710s][info][gc,heap        ] GC(592) Survivor regions: 110->110(154)
[2994.710s][info][gc,heap        ] GC(592) Old regions: 505->538
[2994.710s][info][gc,heap        ] GC(592) Humongous regions: 80->80
[2994.710s][info][gc,metaspace   ] GC(592) Metaspace: 28911K(29248K)->28911K(29248K) NonClass: 24035K(24192K)->24035K(24192K) Class: 4876K(5056K)->4876K(5056K)
[2994.711s][info][gc             ] GC(592) Pause Young (Prepare Mixed) (G1 Evacuation Pause) 3624M->1453M(4096M) 119.001ms
[2994.711s][info][gc,cpu         ] GC(592) User=0.71s Sys=0.00s Real=0.12s
....[2998.264s][info][gc,start       ] GC(593) Pause Young (Mixed) (G1 Evacuation Pause)
[2998.264s][info][gc,task        ] GC(593) Using 6 workers of 6 for evacuation
[2998.397s][info][gc,phases      ] GC(593)   Pre Evacuate Collection Set: 0.37ms
[2998.397s][info][gc,phases      ] GC(593)   Merge Heap Roots: 0.65ms
[2998.397s][info][gc,phases      ] GC(593)   Evacuate Collection Set: 131.59ms
[2998.397s][info][gc,phases      ] GC(593)   Post Evacuate Collection Set: 0.95ms
[2998.397s][info][gc,phases      ] GC(593)   Other: 0.09ms
[2998.397s][info][gc,heap        ] GC(593) Eden regions: 1107->0(1119)
[2998.397s][info][gc,heap        ] GC(593) Survivor regions: 110->109(153)
[2998.398s][info][gc,heap        ] GC(593) Old regions: 538->473
[2998.398s][info][gc,heap        ] GC(593) Humongous regions: 80->80
[2998.398s][info][gc,metaspace   ] GC(593) Metaspace: 28911K(29248K)->28911K(29248K) NonClass: 24035K(24192K)->24035K(24192K) Class: 4876K(5056K)->4876K(5056K)
[2998.398s][info][gc             ] GC(593) Pause Young (Mixed) (G1 Evacuation Pause) 3667M->1322M(4096M) 133.797ms
[2998.398s][info][gc,cpu         ] GC(593) User=0.79s Sys=0.00s Real=0.13s
....[3001.968s][info][gc,start       ] GC(594) Pause Young (Concurrent Start) (G1 Evacuation Pause)
[3001.968s][info][gc,task        ] GC(594) Using 6 workers of 6 for evacuation
[3002.093s][info][gc,phases      ] GC(594)   Pre Evacuate Collection Set: 0.36ms
[3002.093s][info][gc,phases      ] GC(594)   Merge Heap Roots: 0.44ms
[3002.093s][info][gc,phases      ] GC(594)   Evacuate Collection Set: 123.17ms
[3002.093s][info][gc,phases      ] GC(594)   Post Evacuate Collection Set: 0.88ms
[3002.093s][info][gc,phases      ] GC(594)   Other: 0.11ms
[3002.093s][info][gc,heap        ] GC(594) Eden regions: 1119->0(1111)
[3002.093s][info][gc,heap        ] GC(594) Survivor regions: 109->117(154)
[3002.093s][info][gc,heap        ] GC(594) Old regions: 473->504
[3002.093s][info][gc,heap        ] GC(594) Humongous regions: 80->80
[3002.093s][info][gc,metaspace   ] GC(594) Metaspace: 28911K(29248K)->28911K(29248K) NonClass: 24035K(24192K)->24035K(24192K) Class: 4876K(5056K)->4876K(5056K)
[3002.093s][info][gc             ] GC(594) Pause Young (Concurrent Start) (G1 Evacuation Pause) 3560M->1400M(4096M) 125.076ms
[3002.094s][info][gc             ] GC(595) Concurrent Mark Cycle
[3002.094s][info][gc,marking     ] GC(595) Concurrent Scan Root Regions
[3002.094s][info][gc,cpu         ] GC(594) User=0.74s Sys=0.00s Real=0.12s
[3002.284s][info][gc,marking     ] GC(595) Concurrent Scan Root Regions 190.207ms
[3002.284s][info][gc,marking     ] GC(595) Concurrent Mark
[3002.284s][info][gc,marking     ] GC(595) Concurrent Mark From Roots
[3002.284s][info][gc,task        ] GC(595) Using 2 workers of 2 for marking
.[3003.189s][info][gc,marking     ] GC(595) Concurrent Mark From Roots 905.522ms
[3003.189s][info][gc,marking     ] GC(595) Concurrent Preclean
[3003.189s][info][gc,marking     ] GC(595) Concurrent Preclean 0.105ms
[3003.191s][info][gc,start       ] GC(595) Pause Remark
[3003.196s][info][gc             ] GC(595) Pause Remark 2184M->2184M(4096M) 5.493ms
[3003.196s][info][gc,cpu         ] GC(595) User=0.03s Sys=0.00s Real=0.00s
[3003.196s][info][gc,marking     ] GC(595) Concurrent Mark 912.431ms
[3003.196s][info][gc,marking     ] GC(595) Concurrent Rebuild Remembered Sets and Scrub Regions
[3003.449s][info][gc,marking     ] GC(595) Concurrent Rebuild Remembered Sets and Scrub Regions 252.833ms
[3003.449s][info][gc,start       ] GC(595) Pause Cleanup
[3003.449s][info][gc             ] GC(595) Pause Cleanup 2358M->2358M(4096M) 0.130ms
[3003.449s][info][gc,cpu         ] GC(595) User=0.00s Sys=0.00s Real=0.00s
[3003.450s][info][gc,marking     ] GC(595) Concurrent Clear Claimed Marks
[3003.450s][info][gc,marking     ] GC(595) Concurrent Clear Claimed Marks 0.043ms
[3003.450s][info][gc,marking     ] GC(595) Concurrent Cleanup for Next Mark
[3003.456s][info][gc,marking     ] GC(595) Concurrent Cleanup for Next Mark 5.174ms
[3003.456s][info][gc             ] GC(595) Concurrent Mark Cycle 1362.076ms
..[3005.543s][info][gc,start       ] GC(596) Pause Young (Prepare Mixed) (G1 Evacuation Pause)
[3005.543s][info][gc,task        ] GC(596) Using 6 workers of 6 for evacuation
[3005.661s][info][gc,phases      ] GC(596)   Pre Evacuate Collection Set: 0.34ms
[3005.661s][info][gc,phases      ] GC(596)   Merge Heap Roots: 0.53ms
[3005.661s][info][gc,phases      ] GC(596)   Evacuate Collection Set: 116.46ms
[3005.661s][info][gc,phases      ] GC(596)   Post Evacuate Collection Set: 0.94ms
[3005.661s][info][gc,phases      ] GC(596)   Other: 0.10ms
[3005.661s][info][gc,heap        ] GC(596) Eden regions: 1111->0(1109)
[3005.661s][info][gc,heap        ] GC(596) Survivor regions: 117->110(154)
[3005.661s][info][gc,heap        ] GC(596) Old regions: 504->536
[3005.661s][info][gc,heap        ] GC(596) Humongous regions: 80->80
[3005.661s][info][gc,metaspace   ] GC(596) Metaspace: 28911K(29248K)->28911K(29248K) NonClass: 24035K(24192K)->24035K(24192K) Class: 4876K(5056K)->4876K(5056K)
[3005.661s][info][gc             ] GC(596) Pause Young (Prepare Mixed) (G1 Evacuation Pause) 3622M->1451M(4096M) 118.542ms
[3005.661s][info][gc,cpu         ] GC(596) User=0.70s Sys=0.00s Real=0.12s
....[3009.326s][info][gc,start       ] GC(597) Pause Young (Mixed) (G1 Evacuation Pause)
[3009.326s][info][gc,task        ] GC(597) Using 6 workers of 6 for evacuation
[3009.465s][info][gc,phases      ] GC(597)   Pre Evacuate Collection Set: 0.39ms
[3009.465s][info][gc,phases      ] GC(597)   Merge Heap Roots: 0.70ms
[3009.465s][info][gc,phases      ] GC(597)   Evacuate Collection Set: 137.09ms
[3009.465s][info][gc,phases      ] GC(597)   Post Evacuate Collection Set: 0.96ms
[3009.465s][info][gc,phases      ] GC(597)   Other: 0.09ms
[3009.465s][info][gc,heap        ] GC(597) Eden regions: 1109->0(1116)
[3009.465s][info][gc,heap        ] GC(597) Survivor regions: 110->112(153)
[3009.465s][info][gc,heap        ] GC(597) Old regions: 536->473
[3009.465s][info][gc,heap        ] GC(597) Humongous regions: 80->80
[3009.465s][info][gc,metaspace   ] GC(597) Metaspace: 28911K(29248K)->28911K(29248K) NonClass: 24035K(24192K)->24035K(24192K) Class: 4876K(5056K)->4876K(5056K)
[3009.465s][info][gc             ] GC(597) Pause Young (Mixed) (G1 Evacuation Pause) 3669M->1329M(4096M) 139.373ms
[3009.465s][info][gc,cpu         ] GC(597) User=0.82s Sys=0.01s Real=0.14s
....[3012.954s][info][gc,start       ] GC(598) Pause Young (Concurrent Start) (G1 Evacuation Pause)
[3012.954s][info][gc,task        ] GC(598) Using 6 workers of 6 for evacuation
[3013.074s][info][gc,phases      ] GC(598)   Pre Evacuate Collection Set: 0.37ms
[3013.074s][info][gc,phases      ] GC(598)   Merge Heap Roots: 0.46ms
[3013.074s][info][gc,phases      ] GC(598)   Evacuate Collection Set: 117.95ms
[3013.074s][info][gc,phases      ] GC(598)   Post Evacuate Collection Set: 0.90ms
[3013.074s][info][gc,phases      ] GC(598)   Other: 0.11ms
[3013.074s][info][gc,heap        ] GC(598) Eden regions: 1116->0(1116)
[3013.074s][info][gc,heap        ] GC(598) Survivor regions: 112->112(154)
[3013.074s][info][gc,heap        ] GC(598) Old regions: 473->504
[3013.074s][info][gc,heap        ] GC(598) Humongous regions: 80->80
[3013.074s][info][gc,metaspace   ] GC(598) Metaspace: 28911K(29248K)->28911K(29248K) NonClass: 24035K(24192K)->24035K(24192K) Class: 4876K(5056K)->4876K(5056K)
[3013.074s][info][gc             ] GC(598) Pause Young (Concurrent Start) (G1 Evacuation Pause) 3561M->1389M(4096M) 119.906ms
[3013.074s][info][gc             ] GC(599) Concurrent Mark Cycle
[3013.074s][info][gc,marking     ] GC(599) Concurrent Scan Root Regions
[3013.074s][info][gc,cpu         ] GC(598) User=0.71s Sys=0.00s Real=0.12s
[3013.207s][info][gc,marking     ] GC(599) Concurrent Scan Root Regions 133.098ms
[3013.207s][info][gc,marking     ] GC(599) Concurrent Mark
[3013.207s][info][gc,marking     ] GC(599) Concurrent Mark From Roots
[3013.207s][info][gc,task        ] GC(599) Using 2 workers of 2 for marking
[3013.858s][info][gc,marking     ] GC(599) Concurrent Mark From Roots 651.043ms
[3013.858s][info][gc,marking     ] GC(599) Concurrent Preclean
[3013.858s][info][gc,marking     ] GC(599) Concurrent Preclean 0.127ms
[3013.859s][info][gc,start       ] GC(599) Pause Remark
[3013.864s][info][gc             ] GC(599) Pause Remark 1944M->1944M(4096M) 5.230ms
[3013.864s][info][gc,cpu         ] GC(599) User=0.03s Sys=0.01s Real=0.00s
[3013.864s][info][gc,marking     ] GC(599) Concurrent Mark 657.411ms
[3013.864s][info][gc,marking     ] GC(599) Concurrent Rebuild Remembered Sets and Scrub Regions
.[3014.148s][info][gc,marking     ] GC(599) Concurrent Rebuild Remembered Sets and Scrub Regions 283.426ms
[3014.148s][info][gc,start       ] GC(599) Pause Cleanup
[3014.148s][info][gc             ] GC(599) Pause Cleanup 2099M->2099M(4096M) 0.112ms
[3014.148s][info][gc,cpu         ] GC(599) User=0.00s Sys=0.00s Real=0.01s
[3014.148s][info][gc,marking     ] GC(599) Concurrent Clear Claimed Marks
[3014.148s][info][gc,marking     ] GC(599) Concurrent Clear Claimed Marks 0.026ms
[3014.148s][info][gc,marking     ] GC(599) Concurrent Cleanup for Next Mark
[3014.151s][info][gc,marking     ] GC(599) Concurrent Cleanup for Next Mark 3.263ms
[3014.152s][info][gc             ] GC(599) Concurrent Mark Cycle 1077.735ms
..[3016.586s][info][gc,start       ] GC(600) Pause Young (Prepare Mixed) (G1 Evacuation Pause)
[3016.586s][info][gc,task        ] GC(600) Using 6 workers of 6 for evacuation
[3016.709s][info][gc,phases      ] GC(600)   Pre Evacuate Collection Set: 0.33ms
[3016.709s][info][gc,phases      ] GC(600)   Merge Heap Roots: 0.51ms
[3016.709s][info][gc,phases      ] GC(600)   Evacuate Collection Set: 120.60ms
[3016.709s][info][gc,phases      ] GC(600)   Post Evacuate Collection Set: 0.88ms
[3016.709s][info][gc,phases      ] GC(600)   Other: 0.09ms
[3016.709s][info][gc,heap        ] GC(600) Eden regions: 1116->0(1104)
[3016.709s][info][gc,heap        ] GC(600) Survivor regions: 112->112(154)
[3016.709s][info][gc,heap        ] GC(600) Old regions: 504->537
[3016.709s][info][gc,heap        ] GC(600) Humongous regions: 80->80
[3016.709s][info][gc,metaspace   ] GC(600) Metaspace: 28911K(29248K)->28911K(29248K) NonClass: 24035K(24192K)->24035K(24192K) Class: 4876K(5056K)->4876K(5056K)
[3016.709s][info][gc             ] GC(600) Pause Young (Prepare Mixed) (G1 Evacuation Pause) 3621M->1456M(4096M) 122.537ms
[3016.709s][info][gc,cpu         ] GC(600) User=0.73s Sys=0.00s Real=0.13s
....[3020.299s][info][gc,start       ] GC(601) Pause Young (Mixed) (G1 Evacuation Pause)
[3020.299s][info][gc,task        ] GC(601) Using 6 workers of 6 for evacuation
[3020.431s][info][gc,phases      ] GC(601)   Pre Evacuate Collection Set: 0.37ms
[3020.431s][info][gc,phases      ] GC(601)   Merge Heap Roots: 0.67ms
[3020.431s][info][gc,phases      ] GC(601)   Evacuate Collection Set: 130.27ms
[3020.431s][info][gc,phases      ] GC(601)   Post Evacuate Collection Set: 0.94ms
[3020.431s][info][gc,phases      ] GC(601)   Other: 0.09ms
[3020.431s][info][gc,heap        ] GC(601) Eden regions: 1104->0(1119)
[3020.431s][info][gc,heap        ] GC(601) Survivor regions: 112->109(152)
[3020.431s][info][gc,heap        ] GC(601) Old regions: 537->472
[3020.431s][info][gc,heap        ] GC(601) Humongous regions: 80->80
[3020.431s][info][gc,metaspace   ] GC(601) Metaspace: 28911K(29248K)->28911K(29248K) NonClass: 24035K(24192K)->24035K(24192K) Class: 4876K(5056K)->4876K(5056K)
[3020.431s][info][gc             ] GC(601) Pause Young (Mixed) (G1 Evacuation Pause) 3664M->1320M(4096M) 132.467ms
[3020.431s][info][gc,cpu         ] GC(601) User=0.79s Sys=0.01s Real=0.13s
....[3023.986s][info][gc,start       ] GC(602) Pause Young (Concurrent Start) (G1 Evacuation Pause)
[3023.986s][info][gc,task        ] GC(602) Using 6 workers of 6 for evacuation
[3024.103s][info][gc,phases      ] GC(602)   Pre Evacuate Collection Set: 0.37ms
[3024.103s][info][gc,phases      ] GC(602)   Merge Heap Roots: 0.47ms
[3024.103s][info][gc,phases      ] GC(602)   Evacuate Collection Set: 115.84ms
[3024.103s][info][gc,phases      ] GC(602)   Post Evacuate Collection Set: 0.88ms
[3024.103s][info][gc,phases      ] GC(602)   Other: 0.12ms
[3024.103s][info][gc,heap        ] GC(602) Eden regions: 1119->0(1118)
[3024.103s][info][gc,heap        ] GC(602) Survivor regions: 109->110(154)
[3024.103s][info][gc,heap        ] GC(602) Old regions: 472->503
[3024.103s][info][gc,heap        ] GC(602) Humongous regions: 80->80
[3024.103s][info][gc,metaspace   ] GC(602) Metaspace: 28911K(29248K)->28911K(29248K) NonClass: 24035K(24192K)->24035K(24192K) Class: 4876K(5056K)->4876K(5056K)
[3024.104s][info][gc             ] GC(602) Pause Young (Concurrent Start) (G1 Evacuation Pause) 3558M->1384M(4096M) 117.809ms
[3024.104s][info][gc             ] GC(603) Concurrent Mark Cycle
[3024.104s][info][gc,marking     ] GC(603) Concurrent Scan Root Regions
[3024.104s][info][gc,cpu         ] GC(602) User=0.70s Sys=0.00s Real=0.12s
[3024.273s][info][gc,marking     ] GC(603) Concurrent Scan Root Regions 169.671ms
[3024.273s][info][gc,marking     ] GC(603) Concurrent Mark
[3024.273s][info][gc,marking     ] GC(603) Concurrent Mark From Roots
[3024.273s][info][gc,task        ] GC(603) Using 2 workers of 2 for marking
.[3025.112s][info][gc,marking     ] GC(603) Concurrent Mark From Roots 839.185ms
[3025.113s][info][gc,marking     ] GC(603) Concurrent Preclean
[3025.113s][info][gc,marking     ] GC(603) Concurrent Preclean 0.168ms
[3025.114s][info][gc,start       ] GC(603) Pause Remark
[3025.119s][info][gc             ] GC(603) Pause Remark 2085M->2085M(4096M) 4.790ms
[3025.119s][info][gc,cpu         ] GC(603) User=0.03s Sys=0.00s Real=0.01s
[3025.119s][info][gc,marking     ] GC(603) Concurrent Mark 845.510ms
[3025.119s][info][gc,marking     ] GC(603) Concurrent Rebuild Remembered Sets and Scrub Regions
[3025.416s][info][gc,marking     ] GC(603) Concurrent Rebuild Remembered Sets and Scrub Regions 296.727ms
[3025.416s][info][gc,start       ] GC(603) Pause Cleanup
[3025.416s][info][gc             ] GC(603) Pause Cleanup 2301M->2301M(4096M) 0.113ms
[3025.416s][info][gc,cpu         ] GC(603) User=0.00s Sys=0.00s Real=0.00s
[3025.416s][info][gc,marking     ] GC(603) Concurrent Clear Claimed Marks
[3025.416s][info][gc,marking     ] GC(603) Concurrent Clear Claimed Marks 0.026ms
[3025.416s][info][gc,marking     ] GC(603) Concurrent Cleanup for Next Mark
[3025.420s][info][gc,marking     ] GC(603) Concurrent Cleanup for Next Mark 4.288ms
[3025.420s][info][gc             ] GC(603) Concurrent Mark Cycle 1316.703ms
..[3027.667s][info][gc,start       ] GC(604) Pause Young (Prepare Mixed) (G1 Evacuation Pause)
[3027.667s][info][gc,task        ] GC(604) Using 6 workers of 6 for evacuation
[3027.782s][info][gc,phases      ] GC(604)   Pre Evacuate Collection Set: 0.32ms
[3027.782s][info][gc,phases      ] GC(604)   Merge Heap Roots: 0.49ms
[3027.782s][info][gc,phases      ] GC(604)   Evacuate Collection Set: 112.97ms
[3027.782s][info][gc,phases      ] GC(604)   Post Evacuate Collection Set: 0.91ms
[3027.782s][info][gc,phases      ] GC(604)   Other: 0.09ms
[3027.782s][info][gc,heap        ] GC(604) Eden regions: 1118->0(1114)
[3027.782s][info][gc,heap        ] GC(604) Survivor regions: 110->108(154)
[3027.782s][info][gc,heap        ] GC(604) Old regions: 503->535
[3027.782s][info][gc,heap        ] GC(604) Humongous regions: 80->80
[3027.782s][info][gc,metaspace   ] GC(604) Metaspace: 28911K(29248K)->28911K(29248K) NonClass: 24035K(24192K)->24035K(24192K) Class: 4876K(5056K)->4876K(5056K)
[3027.782s][info][gc             ] GC(604) Pause Young (Prepare Mixed) (G1 Evacuation Pause) 3620M->1444M(4096M) 114.911ms
[3027.782s][info][gc,cpu         ] GC(604) User=0.68s Sys=0.01s Real=0.12s
....[3031.325s][info][gc,start       ] GC(605) Pause Young (Mixed) (G1 Evacuation Pause)
[3031.325s][info][gc,task        ] GC(605) Using 6 workers of 6 for evacuation
[3031.457s][info][gc,phases      ] GC(605)   Pre Evacuate Collection Set: 0.39ms
[3031.457s][info][gc,phases      ] GC(605)   Merge Heap Roots: 0.67ms
[3031.457s][info][gc,phases      ] GC(605)   Evacuate Collection Set: 130.27ms
[3031.457s][info][gc,phases      ] GC(605)   Post Evacuate Collection Set: 0.95ms
[3031.457s][info][gc,phases      ] GC(605)   Other: 0.09ms
[3031.457s][info][gc,heap        ] GC(605) Eden regions: 1114->0(1119)
[3031.457s][info][gc,heap        ] GC(605) Survivor regions: 108->109(153)
[3031.457s][info][gc,heap        ] GC(605) Old regions: 535->473
[3031.457s][info][gc,heap        ] GC(605) Humongous regions: 80->80
[3031.457s][info][gc,metaspace   ] GC(605) Metaspace: 28911K(29248K)->28911K(29248K) NonClass: 24035K(24192K)->24035K(24192K) Class: 4876K(5056K)->4876K(5056K)
[3031.457s][info][gc             ] GC(605) Pause Young (Mixed) (G1 Evacuation Pause) 3672M->1323M(4096M) 132.496ms
[3031.457s][info][gc,cpu         ] GC(605) User=0.78s Sys=0.00s Real=0.13s
....[3035.063s][info][gc,start       ] GC(606) Pause Young (Concurrent Start) (G1 Evacuation Pause)
[3035.063s][info][gc,task        ] GC(606) Using 6 workers of 6 for evacuation
[3035.179s][info][gc,phases      ] GC(606)   Pre Evacuate Collection Set: 0.42ms
[3035.179s][info][gc,phases      ] GC(606)   Merge Heap Roots: 0.47ms
[3035.179s][info][gc,phases      ] GC(606)   Evacuate Collection Set: 114.37ms
[3035.179s][info][gc,phases      ] GC(606)   Post Evacuate Collection Set: 0.92ms
[3035.179s][info][gc,phases      ] GC(606)   Other: 0.10ms
[3035.179s][info][gc,heap        ] GC(606) Eden regions: 1119->0(1119)
[3035.179s][info][gc,heap        ] GC(606) Survivor regions: 109->109(154)
[3035.179s][info][gc,heap        ] GC(606) Old regions: 473->505
[3035.179s][info][gc,heap        ] GC(606) Humongous regions: 80->80
[3035.179s][info][gc,metaspace   ] GC(606) Metaspace: 28911K(29248K)->28911K(29248K) NonClass: 24035K(24192K)->24035K(24192K) Class: 4876K(5056K)->4876K(5056K)
[3035.179s][info][gc             ] GC(606) Pause Young (Concurrent Start) (G1 Evacuation Pause) 3561M->1385M(4096M) 116.411ms
[3035.179s][info][gc             ] GC(607) Concurrent Mark Cycle
[3035.179s][info][gc,marking     ] GC(607) Concurrent Scan Root Regions
[3035.179s][info][gc,cpu         ] GC(606) User=0.69s Sys=0.00s Real=0.12s
[3035.357s][info][gc,marking     ] GC(607) Concurrent Scan Root Regions 177.328ms
[3035.357s][info][gc,marking     ] GC(607) Concurrent Mark
[3035.357s][info][gc,marking     ] GC(607) Concurrent Mark From Roots
[3035.357s][info][gc,task        ] GC(607) Using 2 workers of 2 for marking
.[3036.036s][info][gc,marking     ] GC(607) Concurrent Mark From Roots 678.851ms
[3036.036s][info][gc,marking     ] GC(607) Concurrent Preclean
[3036.036s][info][gc,marking     ] GC(607) Concurrent Preclean 0.106ms
[3036.036s][info][gc,start       ] GC(607) Pause Remark
[3036.041s][info][gc             ] GC(607) Pause Remark 1955M->1955M(4096M) 4.689ms
[3036.041s][info][gc,cpu         ] GC(607) User=0.03s Sys=0.00s Real=0.01s
[3036.041s][info][gc,marking     ] GC(607) Concurrent Mark 683.896ms
[3036.041s][info][gc,marking     ] GC(607) Concurrent Rebuild Remembered Sets and Scrub Regions
[3036.286s][info][gc,marking     ] GC(607) Concurrent Rebuild Remembered Sets and Scrub Regions 245.466ms
[3036.286s][info][gc,start       ] GC(607) Pause Cleanup
[3036.287s][info][gc             ] GC(607) Pause Cleanup 2101M->2101M(4096M) 0.114ms
[3036.287s][info][gc,cpu         ] GC(607) User=0.00s Sys=0.00s Real=0.00s
[3036.287s][info][gc,marking     ] GC(607) Concurrent Clear Claimed Marks
[3036.287s][info][gc,marking     ] GC(607) Concurrent Clear Claimed Marks 0.027ms
[3036.287s][info][gc,marking     ] GC(607) Concurrent Cleanup for Next Mark
[3036.292s][info][gc,marking     ] GC(607) Concurrent Cleanup for Next Mark 5.243ms
[3036.292s][info][gc             ] GC(607) Concurrent Mark Cycle 1112.629ms
..[3038.815s][info][gc,start       ] GC(608) Pause Young (Prepare Mixed) (G1 Evacuation Pause)
[3038.815s][info][gc,task        ] GC(608) Using 6 workers of 6 for evacuation
[3038.932s][info][gc,phases      ] GC(608)   Pre Evacuate Collection Set: 0.32ms
[3038.932s][info][gc,phases      ] GC(608)   Merge Heap Roots: 0.50ms
[3038.932s][info][gc,phases      ] GC(608)   Evacuate Collection Set: 114.83ms
[3038.932s][info][gc,phases      ] GC(608)   Post Evacuate Collection Set: 0.94ms
[3038.932s][info][gc,phases      ] GC(608)   Other: 0.09ms
[3038.932s][info][gc,heap        ] GC(608) Eden regions: 1119->0(1111)
[3038.932s][info][gc,heap        ] GC(608) Survivor regions: 109->109(154)
[3038.932s][info][gc,heap        ] GC(608) Old regions: 505->536
[3038.932s][info][gc,heap        ] GC(608) Humongous regions: 80->80
[3038.932s][info][gc,metaspace   ] GC(608) Metaspace: 28911K(29248K)->28911K(29248K) NonClass: 24035K(24192K)->24035K(24192K) Class: 4876K(5056K)->4876K(5056K)
[3038.932s][info][gc             ] GC(608) Pause Young (Prepare Mixed) (G1 Evacuation Pause) 3623M->1447M(4096M) 116.807ms
[3038.932s][info][gc,cpu         ] GC(608) User=0.69s Sys=0.00s Real=0.12s
.... (rIR:aIR:PR = 5120:5120:5120) (tPR = 75506) [OK] 
  3041s: Performance info:
         Transaction,    Success,    Partial,     Failed,   Receipts, AvgBarcode, 
             Overall,     307857,          0,          0,     292453,      59.47, 
         Response times:
             Request,    Success,    Partial,     Failed,   SkipFail,     Probes,    Samples,      min,      p50,      p90,      p95,      p99,      max, 
       TotalPurchase,     292454,          0,          0,          0,     288174,     307733,      300,     4200,     9800,    28000,    98000,   255000,
     InStorePurchase,     153928,          0,          0,          0,     151845,     161765,      300,     4300,     9800,    28000,    99000,   255000,
      OnlinePurchase,     107755,          0,          0,          0,     106281,     113503,      300,     4000,     9500,    27000,    95000,   247000,
        InstPurchase,      30771,          0,          0,          0,      30048,      32465,      400,     4600,    10400,    32000,   102000,   230000,
          AssocOfCat,        306,          0,          0,          0,        239,        333,    24000,    36000,    57000,    90300,   174880,   192000,
      AssocOfProduct,       3081,          0,          0,          0,       2822,       3173,      400,     5100,    10660,    26000,    81000,   160000,
      BusinessReport,        776,          0,          0,          0,        663,        817,    25000,    39000,    73000,    98100,   177820,   252000,
          CustBuyBeh,       3081,          0,          0,          0,       2897,       3309,      200,     4900,    10300,    32000,   103000,   188000,
       ProductReturn,       8159,          0,          0,          0,       7762,       8484,      300,     4900,    10900,    35000,   107000,   154000,

  3041s: (38%)   IR =   5258 [3042.429s][info][gc,start       ] GC(609) Pause Young (Mixed) (G1 Evacuation Pause)
[3042.429s][info][gc,task        ] GC(609) Using 6 workers of 6 for evacuation
[3042.571s][info][gc,phases      ] GC(609)   Pre Evacuate Collection Set: 0.41ms
[3042.571s][info][gc,phases      ] GC(609)   Merge Heap Roots: 0.73ms
[3042.571s][info][gc,phases      ] GC(609)   Evacuate Collection Set: 139.50ms
[3042.571s][info][gc,phases      ] GC(609)   Post Evacuate Collection Set: 0.94ms
[3042.571s][info][gc,phases      ] GC(609)   Other: 0.10ms
[3042.571s][info][gc,heap        ] GC(609) Eden regions: 1111->0(1114)
[3042.571s][info][gc,heap        ] GC(609) Survivor regions: 109->114(153)
[3042.571s][info][gc,heap        ] GC(609) Old regions: 536->473
[3042.571s][info][gc,heap        ] GC(609) Humongous regions: 80->80
[3042.571s][info][gc,metaspace   ] GC(609) Metaspace: 28911K(29248K)->28911K(29248K) NonClass: 24035K(24192K)->24035K(24192K) Class: 4876K(5056K)->4876K(5056K)
[3042.571s][info][gc             ] GC(609) Pause Young (Mixed) (G1 Evacuation Pause) 3669M->1331M(4096M) 141.801ms
[3042.571s][info][gc,cpu         ] GC(609) User=0.84s Sys=0.00s Real=0.14s
....[3046.091s][info][gc,start       ] GC(610) Pause Young (Concurrent Start) (G1 Evacuation Pause)
[3046.091s][info][gc,task        ] GC(610) Using 6 workers of 6 for evacuation
[3046.213s][info][gc,phases      ] GC(610)   Pre Evacuate Collection Set: 0.35ms
[3046.213s][info][gc,phases      ] GC(610)   Merge Heap Roots: 0.48ms
[3046.213s][info][gc,phases      ] GC(610)   Evacuate Collection Set: 119.85ms
[3046.213s][info][gc,phases      ] GC(610)   Post Evacuate Collection Set: 0.92ms
[3046.213s][info][gc,phases      ] GC(610)   Other: 0.13ms
[3046.213s][info][gc,heap        ] GC(610) Eden regions: 1114->0(1116)
[3046.213s][info][gc,heap        ] GC(610) Survivor regions: 114->112(154)
[3046.213s][info][gc,heap        ] GC(610) Old regions: 473->505
[3046.213s][info][gc,heap        ] GC(610) Humongous regions: 80->80
[3046.213s][info][gc,metaspace   ] GC(610) Metaspace: 28911K(29248K)->28911K(29248K) NonClass: 24035K(24192K)->24035K(24192K) Class: 4876K(5056K)->4876K(5056K)
[3046.213s][info][gc             ] GC(610) Pause Young (Concurrent Start) (G1 Evacuation Pause) 3559M->1392M(4096M) 121.875ms
[3046.213s][info][gc             ] GC(611) Concurrent Mark Cycle
[3046.213s][info][gc,marking     ] GC(611) Concurrent Scan Root Regions
[3046.213s][info][gc,cpu         ] GC(610) User=0.72s Sys=0.00s Real=0.12s
[3046.372s][info][gc,marking     ] GC(611) Concurrent Scan Root Regions 159.254ms
[3046.372s][info][gc,marking     ] GC(611) Concurrent Mark
[3046.372s][info][gc,marking     ] GC(611) Concurrent Mark From Roots
[3046.372s][info][gc,task        ] GC(611) Using 2 workers of 2 for marking
.[3047.093s][info][gc,marking     ] GC(611) Concurrent Mark From Roots 720.170ms
[3047.093s][info][gc,marking     ] GC(611) Concurrent Preclean
[3047.093s][info][gc,marking     ] GC(611) Concurrent Preclean 0.103ms
[3047.093s][info][gc,start       ] GC(611) Pause Remark
[3047.098s][info][gc             ] GC(611) Pause Remark 2080M->2080M(4096M) 5.335ms
[3047.098s][info][gc,cpu         ] GC(611) User=0.02s Sys=0.00s Real=0.01s
[3047.098s][info][gc,marking     ] GC(611) Concurrent Mark 725.865ms
[3047.098s][info][gc,marking     ] GC(611) Concurrent Rebuild Remembered Sets and Scrub Regions
[3047.337s][info][gc,marking     ] GC(611) Concurrent Rebuild Remembered Sets and Scrub Regions 238.976ms
[3047.337s][info][gc,start       ] GC(611) Pause Cleanup
[3047.338s][info][gc             ] GC(611) Pause Cleanup 2211M->2211M(4096M) 0.112ms
[3047.338s][info][gc,cpu         ] GC(611) User=0.00s Sys=0.00s Real=0.00s
[3047.338s][info][gc,marking     ] GC(611) Concurrent Clear Claimed Marks
[3047.338s][info][gc,marking     ] GC(611) Concurrent Clear Claimed Marks 0.028ms
[3047.338s][info][gc,marking     ] GC(611) Concurrent Cleanup for Next Mark
[3047.341s][info][gc,marking     ] GC(611) Concurrent Cleanup for Next Mark 3.204ms
[3047.341s][info][gc             ] GC(611) Concurrent Mark Cycle 1127.794ms
.|.[3049.619s][info][gc,start       ] GC(612) Pause Young (Prepare Mixed) (G1 Evacuation Pause)
[3049.619s][info][gc,task        ] GC(612) Using 6 workers of 6 for evacuation
[3049.736s][info][gc,phases      ] GC(612)   Pre Evacuate Collection Set: 0.33ms
[3049.736s][info][gc,phases      ] GC(612)   Merge Heap Roots: 0.54ms
[3049.736s][info][gc,phases      ] GC(612)   Evacuate Collection Set: 114.70ms
[3049.736s][info][gc,phases      ] GC(612)   Post Evacuate Collection Set: 0.92ms
[3049.736s][info][gc,phases      ] GC(612)   Other: 0.10ms
[3049.736s][info][gc,heap        ] GC(612) Eden regions: 1116->0(1112)
[3049.736s][info][gc,heap        ] GC(612) Survivor regions: 112->108(154)
[3049.736s][info][gc,heap        ] GC(612) Old regions: 505->537
[3049.736s][info][gc,heap        ] GC(612) Humongous regions: 80->80
[3049.736s][info][gc,metaspace   ] GC(612) Metaspace: 28911K(29248K)->28911K(29248K) NonClass: 24035K(24192K)->24035K(24192K) Class: 4876K(5056K)->4876K(5056K)
[3049.736s][info][gc             ] GC(612) Pause Young (Prepare Mixed) (G1 Evacuation Pause) 3624M->1448M(4096M) 116.710ms
[3049.736s][info][gc,cpu         ] GC(612) User=0.69s Sys=0.00s Real=0.11s
....[3053.235s][info][gc,start       ] GC(613) Pause Young (Mixed) (G1 Evacuation Pause)
[3053.235s][info][gc,task        ] GC(613) Using 6 workers of 6 for evacuation
[3053.370s][info][gc,phases      ] GC(613)   Pre Evacuate Collection Set: 0.37ms
[3053.370s][info][gc,phases      ] GC(613)   Merge Heap Roots: 0.63ms
[3053.370s][info][gc,phases      ] GC(613)   Evacuate Collection Set: 133.14ms
[3053.370s][info][gc,phases      ] GC(613)   Post Evacuate Collection Set: 0.94ms
[3053.370s][info][gc,phases      ] GC(613)   Other: 0.09ms
[3053.370s][info][gc,heap        ] GC(613) Eden regions: 1112->0(1119)
[3053.370s][info][gc,heap        ] GC(613) Survivor regions: 108->109(153)
[3053.370s][info][gc,heap        ] GC(613) Old regions: 537->473
[3053.370s][info][gc,heap        ] GC(613) Humongous regions: 80->80
[3053.370s][info][gc,metaspace   ] GC(613) Metaspace: 28911K(29248K)->28911K(29248K) NonClass: 24035K(24192K)->24035K(24192K) Class: 4876K(5056K)->4876K(5056K)
[3053.370s][info][gc             ] GC(613) Pause Young (Mixed) (G1 Evacuation Pause) 3672M->1322M(4096M) 135.305ms
[3053.370s][info][gc,cpu         ] GC(613) User=0.80s Sys=0.00s Real=0.14s
...[3056.888s][info][gc,start       ] GC(614) Pause Young (Concurrent Start) (G1 Evacuation Pause)
[3056.888s][info][gc,task        ] GC(614) Using 6 workers of 6 for evacuation
[3057.006s][info][gc,phases      ] GC(614)   Pre Evacuate Collection Set: 0.38ms
[3057.006s][info][gc,phases      ] GC(614)   Merge Heap Roots: 0.46ms
[3057.006s][info][gc,phases      ] GC(614)   Evacuate Collection Set: 115.28ms
[3057.006s][info][gc,phases      ] GC(614)   Post Evacuate Collection Set: 0.89ms
[3057.006s][info][gc,phases      ] GC(614)   Other: 0.12ms
[3057.006s][info][gc,heap        ] GC(614) Eden regions: 1119->0(1119)
[3057.006s][info][gc,heap        ] GC(614) Survivor regions: 109->109(154)
[3057.006s][info][gc,heap        ] GC(614) Old regions: 473->504
[3057.006s][info][gc,heap        ] GC(614) Humongous regions: 80->80
[3057.006s][info][gc,metaspace   ] GC(614) Metaspace: 28911K(29248K)->28911K(29248K) NonClass: 24035K(24192K)->24035K(24192K) Class: 4876K(5056K)->4876K(5056K)
[3057.006s][info][gc             ] GC(614) Pause Young (Concurrent Start) (G1 Evacuation Pause) 3560M->1385M(4096M) 117.265ms
[3057.006s][info][gc             ] GC(615) Concurrent Mark Cycle
[3057.006s][info][gc,marking     ] GC(615) Concurrent Scan Root Regions
[3057.006s][info][gc,cpu         ] GC(614) User=0.70s Sys=0.00s Real=0.11s
.[3057.174s][info][gc,marking     ] GC(615) Concurrent Scan Root Regions 167.803ms
[3057.174s][info][gc,marking     ] GC(615) Concurrent Mark
[3057.174s][info][gc,marking     ] GC(615) Concurrent Mark From Roots
[3057.174s][info][gc,task        ] GC(615) Using 2 workers of 2 for marking
[3057.851s][info][gc,marking     ] GC(615) Concurrent Mark From Roots 676.960ms
[3057.851s][info][gc,marking     ] GC(615) Concurrent Preclean
[3057.851s][info][gc,marking     ] GC(615) Concurrent Preclean 0.121ms
[3057.851s][info][gc,start       ] GC(615) Pause Remark
[3057.856s][info][gc             ] GC(615) Pause Remark 2007M->2007M(4096M) 4.645ms
[3057.856s][info][gc,cpu         ] GC(615) User=0.02s Sys=0.00s Real=0.00s
[3057.856s][info][gc,marking     ] GC(615) Concurrent Mark 682.196ms
[3057.856s][info][gc,marking     ] GC(615) Concurrent Rebuild Remembered Sets and Scrub Regions
.[3058.148s][info][gc,marking     ] GC(615) Concurrent Rebuild Remembered Sets and Scrub Regions 291.941ms
[3058.149s][info][gc,start       ] GC(615) Pause Cleanup
[3058.150s][info][gc             ] GC(615) Pause Cleanup 2195M->2195M(4096M) 0.120ms
[3058.150s][info][gc,cpu         ] GC(615) User=0.00s Sys=0.00s Real=0.00s
[3058.150s][info][gc,marking     ] GC(615) Concurrent Clear Claimed Marks
[3058.150s][info][gc,marking     ] GC(615) Concurrent Clear Claimed Marks 0.029ms
[3058.150s][info][gc,marking     ] GC(615) Concurrent Cleanup for Next Mark
[3058.155s][info][gc,marking     ] GC(615) Concurrent Cleanup for Next Mark 4.739ms
[3058.155s][info][gc             ] GC(615) Concurrent Mark Cycle 1149.011ms
..[3060.338s][info][gc,start       ] GC(616) Pause Young (Prepare Mixed) (G1 Evacuation Pause)
[3060.338s][info][gc,task        ] GC(616) Using 6 workers of 6 for evacuation
[3060.462s][info][gc,phases      ] GC(616)   Pre Evacuate Collection Set: 0.32ms
[3060.462s][info][gc,phases      ] GC(616)   Merge Heap Roots: 0.52ms
[3060.462s][info][gc,phases      ] GC(616)   Evacuate Collection Set: 121.89ms
[3060.462s][info][gc,phases      ] GC(616)   Post Evacuate Collection Set: 0.92ms
[3060.462s][info][gc,phases      ] GC(616)   Other: 0.09ms
[3060.462s][info][gc,heap        ] GC(616) Eden regions: 1119->0(1101)
[3060.462s][info][gc,heap        ] GC(616) Survivor regions: 109->114(154)
[3060.462s][info][gc,heap        ] GC(616) Old regions: 504->536
[3060.462s][info][gc,heap        ] GC(616) Humongous regions: 80->80
[3060.462s][info][gc,metaspace   ] GC(616) Metaspace: 28911K(29248K)->28911K(29248K) NonClass: 24035K(24192K)->24035K(24192K) Class: 4876K(5056K)->4876K(5056K)
[3060.462s][info][gc             ] GC(616) Pause Young (Prepare Mixed) (G1 Evacuation Pause) 3623M->1458M(4096M) 123.857ms
[3060.462s][info][gc,cpu         ] GC(616) User=0.73s Sys=0.00s Real=0.13s
...[3063.864s][info][gc,start       ] GC(617) Pause Young (Mixed) (G1 Evacuation Pause)
[3063.864s][info][gc,task        ] GC(617) Using 6 workers of 6 for evacuation
[3063.995s][info][gc,phases      ] GC(617)   Pre Evacuate Collection Set: 0.38ms
[3063.995s][info][gc,phases      ] GC(617)   Merge Heap Roots: 0.65ms
[3063.995s][info][gc,phases      ] GC(617)   Evacuate Collection Set: 128.72ms
[3063.995s][info][gc,phases      ] GC(617)   Post Evacuate Collection Set: 0.95ms
[3063.995s][info][gc,phases      ] GC(617)   Other: 0.09ms
[3063.995s][info][gc,heap        ] GC(617) Eden regions: 1101->0(1121)
[3063.995s][info][gc,heap        ] GC(617) Survivor regions: 114->107(152)
[3063.995s][info][gc,heap        ] GC(617) Old regions: 536->474
[3063.995s][info][gc,heap        ] GC(617) Humongous regions: 80->80
[3063.995s][info][gc,metaspace   ] GC(617) Metaspace: 28911K(29248K)->28911K(29248K) NonClass: 24035K(24192K)->24035K(24192K) Class: 4876K(5056K)->4876K(5056K)
[3063.995s][info][gc             ] GC(617) Pause Young (Mixed) (G1 Evacuation Pause) 3660M->1320M(4096M) 130.955ms
[3063.995s][info][gc,cpu         ] GC(617) User=0.77s Sys=0.00s Real=0.13s
....[3067.550s][info][gc,start       ] GC(618) Pause Young (Concurrent Start) (G1 Evacuation Pause)
[3067.550s][info][gc,task        ] GC(618) Using 6 workers of 6 for evacuation
[3067.668s][info][gc,phases      ] GC(618)   Pre Evacuate Collection Set: 0.44ms
[3067.669s][info][gc,phases      ] GC(618)   Merge Heap Roots: 0.50ms
[3067.669s][info][gc,phases      ] GC(618)   Evacuate Collection Set: 116.78ms
[3067.669s][info][gc,phases      ] GC(618)   Post Evacuate Collection Set: 0.88ms
[3067.669s][info][gc,phases      ] GC(618)   Other: 0.12ms
[3067.669s][info][gc,heap        ] GC(618) Eden regions: 1121->0(1117)
[3067.669s][info][gc,heap        ] GC(618) Survivor regions: 107->111(154)
[3067.669s][info][gc,heap        ] GC(618) Old regions: 474->505
[3067.669s][info][gc,heap        ] GC(618) Humongous regions: 80->80
[3067.669s][info][gc,metaspace   ] GC(618) Metaspace: 28911K(29248K)->28911K(29248K) NonClass: 24035K(24192K)->24035K(24192K) Class: 4876K(5056K)->4876K(5056K)
[3067.669s][info][gc             ] GC(618) Pause Young (Concurrent Start) (G1 Evacuation Pause) 3562M->1390M(4096M) 118.853ms
[3067.669s][info][gc             ] GC(619) Concurrent Mark Cycle
[3067.669s][info][gc,marking     ] GC(619) Concurrent Scan Root Regions
[3067.669s][info][gc,cpu         ] GC(618) User=0.71s Sys=0.00s Real=0.12s
[3067.835s][info][gc,marking     ] GC(619) Concurrent Scan Root Regions 166.013ms
[3067.835s][info][gc,marking     ] GC(619) Concurrent Mark
[3067.835s][info][gc,marking     ] GC(619) Concurrent Mark From Roots
[3067.835s][info][gc,task        ] GC(619) Using 2 workers of 2 for marking
.[3068.520s][info][gc,marking     ] GC(619) Concurrent Mark From Roots 685.266ms
[3068.520s][info][gc,marking     ] GC(619) Concurrent Preclean
[3068.520s][info][gc,marking     ] GC(619) Concurrent Preclean 0.135ms
[3068.520s][info][gc,start       ] GC(619) Pause Remark
[3068.524s][info][gc             ] GC(619) Pause Remark 1985M->1985M(4096M) 3.803ms
[3068.524s][info][gc,cpu         ] GC(619) User=0.02s Sys=0.00s Real=0.00s
[3068.524s][info][gc,marking     ] GC(619) Concurrent Mark 689.461ms
[3068.524s][info][gc,marking     ] GC(619) Concurrent Rebuild Remembered Sets and Scrub Regions
[3068.782s][info][gc,marking     ] GC(619) Concurrent Rebuild Remembered Sets and Scrub Regions 258.310ms
[3068.783s][info][gc,start       ] GC(619) Pause Cleanup
[3068.783s][info][gc             ] GC(619) Pause Cleanup 2164M->2164M(4096M) 0.119ms
[3068.783s][info][gc,cpu         ] GC(619) User=0.00s Sys=0.00s Real=0.00s
[3068.783s][info][gc,marking     ] GC(619) Concurrent Clear Claimed Marks
[3068.783s][info][gc,marking     ] GC(619) Concurrent Clear Claimed Marks 0.031ms
[3068.783s][info][gc,marking     ] GC(619) Concurrent Cleanup for Next Mark
[3068.788s][info][gc,marking     ] GC(619) Concurrent Cleanup for Next Mark 4.987ms
[3068.788s][info][gc             ] GC(619) Concurrent Mark Cycle 1119.888ms
...[3071.114s][info][gc,start       ] GC(620) Pause Young (Prepare Mixed) (G1 Evacuation Pause)
[3071.114s][info][gc,task        ] GC(620) Using 6 workers of 6 for evacuation
[3071.231s][info][gc,phases      ] GC(620)   Pre Evacuate Collection Set: 0.37ms
[3071.231s][info][gc,phases      ] GC(620)   Merge Heap Roots: 0.51ms
[3071.231s][info][gc,phases      ] GC(620)   Evacuate Collection Set: 115.05ms
[3071.231s][info][gc,phases      ] GC(620)   Post Evacuate Collection Set: 0.97ms
[3071.231s][info][gc,phases      ] GC(620)   Other: 0.09ms
[3071.231s][info][gc,heap        ] GC(620) Eden regions: 1117->0(1109)
[3071.231s][info][gc,heap        ] GC(620) Survivor regions: 111->110(154)
[3071.231s][info][gc,heap        ] GC(620) Old regions: 505->536
[3071.231s][info][gc,heap        ] GC(620) Humongous regions: 80->80
[3071.231s][info][gc,metaspace   ] GC(620) Metaspace: 28911K(29248K)->28911K(29248K) NonClass: 24035K(24192K)->24035K(24192K) Class: 4876K(5056K)->4876K(5056K)
[3071.231s][info][gc             ] GC(620) Pause Young (Prepare Mixed) (G1 Evacuation Pause) 3624M->1450M(4096M) 117.120ms
[3071.231s][info][gc,cpu         ] GC(620) User=0.70s Sys=0.00s Real=0.12s
...[3074.676s][info][gc,start       ] GC(621) Pause Young (Mixed) (G1 Evacuation Pause)
[3074.676s][info][gc,task        ] GC(621) Using 6 workers of 6 for evacuation
[3074.808s][info][gc,phases      ] GC(621)   Pre Evacuate Collection Set: 0.36ms
[3074.808s][info][gc,phases      ] GC(621)   Merge Heap Roots: 0.69ms
[3074.808s][info][gc,phases      ] GC(621)   Evacuate Collection Set: 129.41ms
[3074.808s][info][gc,phases      ] GC(621)   Post Evacuate Collection Set: 0.95ms
[3074.808s][info][gc,phases      ] GC(621)   Other: 0.08ms
[3074.808s][info][gc,heap        ] GC(621) Eden regions: 1109->0(1120)
[3074.808s][info][gc,heap        ] GC(621) Survivor regions: 110->108(153)
[3074.808s][info][gc,heap        ] GC(621) Old regions: 536->474
[3074.808s][info][gc,heap        ] GC(621) Humongous regions: 80->80
[3074.808s][info][gc,metaspace   ] GC(621) Metaspace: 28911K(29248K)->28911K(29248K) NonClass: 24035K(24192K)->24035K(24192K) Class: 4876K(5056K)->4876K(5056K)
[3074.808s][info][gc             ] GC(621) Pause Young (Mixed) (G1 Evacuation Pause) 3668M->1322M(4096M) 131.629ms
[3074.808s][info][gc,cpu         ] GC(621) User=0.78s Sys=0.00s Real=0.13s
....[3078.312s][info][gc,start       ] GC(622) Pause Young (Concurrent Start) (G1 Evacuation Pause)
[3078.312s][info][gc,task        ] GC(622) Using 6 workers of 6 for evacuation
[3078.430s][info][gc,phases      ] GC(622)   Pre Evacuate Collection Set: 0.40ms
[3078.430s][info][gc,phases      ] GC(622)   Merge Heap Roots: 0.45ms
[3078.430s][info][gc,phases      ] GC(622)   Evacuate Collection Set: 116.81ms
[3078.430s][info][gc,phases      ] GC(622)   Post Evacuate Collection Set: 0.87ms
[3078.430s][info][gc,phases      ] GC(622)   Other: 0.10ms
[3078.430s][info][gc,heap        ] GC(622) Eden regions: 1120->0(1116)
[3078.430s][info][gc,heap        ] GC(622) Survivor regions: 108->112(154)
[3078.430s][info][gc,heap        ] GC(622) Old regions: 474->505
[3078.430s][info][gc,heap        ] GC(622) Humongous regions: 80->80
[3078.430s][info][gc,metaspace   ] GC(622) Metaspace: 28911K(29248K)->28911K(29248K) NonClass: 24035K(24192K)->24035K(24192K) Class: 4876K(5056K)->4876K(5056K)
[3078.430s][info][gc             ] GC(622) Pause Young (Concurrent Start) (G1 Evacuation Pause) 3562M->1393M(4096M) 118.772ms
[3078.430s][info][gc             ] GC(623) Concurrent Mark Cycle
[3078.430s][info][gc,marking     ] GC(623) Concurrent Scan Root Regions
[3078.430s][info][gc,cpu         ] GC(622) User=0.70s Sys=0.00s Real=0.12s
[3078.610s][info][gc,marking     ] GC(623) Concurrent Scan Root Regions 179.899ms
[3078.610s][info][gc,marking     ] GC(623) Concurrent Mark
[3078.610s][info][gc,marking     ] GC(623) Concurrent Mark From Roots
[3078.610s][info][gc,task        ] GC(623) Using 2 workers of 2 for marking
.[3079.385s][info][gc,marking     ] GC(623) Concurrent Mark From Roots 774.226ms
[3079.385s][info][gc,marking     ] GC(623) Concurrent Preclean
[3079.385s][info][gc,marking     ] GC(623) Concurrent Preclean 0.118ms
[3079.385s][info][gc,start       ] GC(623) Pause Remark
[3079.391s][info][gc             ] GC(623) Pause Remark 2060M->2060M(4096M) 5.861ms
[3079.391s][info][gc,cpu         ] GC(623) User=0.03s Sys=0.01s Real=0.01s
[3079.391s][info][gc,marking     ] GC(623) Concurrent Mark 780.535ms
[3079.391s][info][gc,marking     ] GC(623) Concurrent Rebuild Remembered Sets and Scrub Regions
[3079.677s][info][gc,marking     ] GC(623) Concurrent Rebuild Remembered Sets and Scrub Regions 286.417ms
[3079.678s][info][gc,start       ] GC(623) Pause Cleanup
[3079.678s][info][gc             ] GC(623) Pause Cleanup 2246M->2246M(4096M) 0.124ms
[3079.678s][info][gc,cpu         ] GC(623) User=0.00s Sys=0.00s Real=0.00s
[3079.678s][info][gc,marking     ] GC(623) Concurrent Clear Claimed Marks
[3079.678s][info][gc,marking     ] GC(623) Concurrent Clear Claimed Marks 0.040ms
[3079.678s][info][gc,marking     ] GC(623) Concurrent Cleanup for Next Mark
[3079.684s][info][gc,marking     ] GC(623) Concurrent Cleanup for Next Mark 5.509ms
[3079.684s][info][gc             ] GC(623) Concurrent Mark Cycle 1253.606ms
..[3081.844s][info][gc,start       ] GC(624) Pause Young (Prepare Mixed) (G1 Evacuation Pause)
[3081.844s][info][gc,task        ] GC(624) Using 6 workers of 6 for evacuation
[3081.960s][info][gc,phases      ] GC(624)   Pre Evacuate Collection Set: 0.33ms
[3081.960s][info][gc,phases      ] GC(624)   Merge Heap Roots: 0.50ms
[3081.960s][info][gc,phases      ] GC(624)   Evacuate Collection Set: 114.50ms
[3081.960s][info][gc,phases      ] GC(624)   Post Evacuate Collection Set: 0.93ms
[3081.960s][info][gc,phases      ] GC(624)   Other: 0.09ms
[3081.960s][info][gc,heap        ] GC(624) Eden regions: 1116->0(1111)
[3081.960s][info][gc,heap        ] GC(624) Survivor regions: 112->108(154)
[3081.960s][info][gc,heap        ] GC(624) Old regions: 505->538
[3081.960s][info][gc,heap        ] GC(624) Humongous regions: 80->80
[3081.960s][info][gc,metaspace   ] GC(624) Metaspace: 28856K(29248K)->28856K(29248K) NonClass: 23989K(24192K)->23989K(24192K) Class: 4867K(5056K)->4867K(5056K)
[3081.960s][info][gc             ] GC(624) Pause Young (Prepare Mixed) (G1 Evacuation Pause) 3625M->1449M(4096M) 116.482ms
[3081.960s][info][gc,cpu         ] GC(624) User=0.69s Sys=0.00s Real=0.12s
....[3085.480s][info][gc,start       ] GC(625) Pause Young (Mixed) (G1 Evacuation Pause)
[3085.480s][info][gc,task        ] GC(625) Using 6 workers of 6 for evacuation
[3085.615s][info][gc,phases      ] GC(625)   Pre Evacuate Collection Set: 0.36ms
[3085.615s][info][gc,phases      ] GC(625)   Merge Heap Roots: 0.66ms
[3085.615s][info][gc,phases      ] GC(625)   Evacuate Collection Set: 132.51ms
[3085.615s][info][gc,phases      ] GC(625)   Post Evacuate Collection Set: 0.98ms
[3085.615s][info][gc,phases      ] GC(625)   Other: 0.09ms
[3085.615s][info][gc,heap        ] GC(625) Eden regions: 1111->0(1118)
[3085.615s][info][gc,heap        ] GC(625) Survivor regions: 108->110(153)
[3085.615s][info][gc,heap        ] GC(625) Old regions: 538->473
[3085.615s][info][gc,heap        ] GC(625) Humongous regions: 80->80
[3085.615s][info][gc,metaspace   ] GC(625) Metaspace: 28856K(29248K)->28856K(29248K) NonClass: 23989K(24192K)->23989K(24192K) Class: 4867K(5056K)->4867K(5056K)
[3085.615s][info][gc             ] GC(625) Pause Young (Mixed) (G1 Evacuation Pause) 3671M->1323M(4096M) 134.744ms
[3085.615s][info][gc,cpu         ] GC(625) User=0.80s Sys=0.00s Real=0.13s
...[3089.012s][info][gc,start       ] GC(626) Pause Young (Concurrent Start) (G1 Evacuation Pause)
[3089.012s][info][gc,task        ] GC(626) Using 6 workers of 6 for evacuation
[3089.133s][info][gc,phases      ] GC(626)   Pre Evacuate Collection Set: 0.37ms
[3089.133s][info][gc,phases      ] GC(626)   Merge Heap Roots: 0.49ms
[3089.133s][info][gc,phases      ] GC(626)   Evacuate Collection Set: 119.14ms
[3089.133s][info][gc,phases      ] GC(626)   Post Evacuate Collection Set: 0.89ms
[3089.133s][info][gc,phases      ] GC(626)   Other: 0.13ms
[3089.133s][info][gc,heap        ] GC(626) Eden regions: 1118->0(1116)
[3089.133s][info][gc,heap        ] GC(626) Survivor regions: 110->112(154)
[3089.133s][info][gc,heap        ] GC(626) Old regions: 473->505
[3089.133s][info][gc,heap        ] GC(626) Humongous regions: 80->80
[3089.133s][info][gc,metaspace   ] GC(626) Metaspace: 28856K(29248K)->28856K(29248K) NonClass: 23989K(24192K)->23989K(24192K) Class: 4867K(5056K)->4867K(5056K)
[3089.133s][info][gc             ] GC(626) Pause Young (Concurrent Start) (G1 Evacuation Pause) 3559M->1392M(4096M) 121.150ms
[3089.133s][info][gc             ] GC(627) Concurrent Mark Cycle
[3089.133s][info][gc,marking     ] GC(627) Concurrent Scan Root Regions
[3089.133s][info][gc,cpu         ] GC(626) User=0.71s Sys=0.00s Real=0.12s
.[3089.319s][info][gc,marking     ] GC(627) Concurrent Scan Root Regions 185.730ms
[3089.319s][info][gc,marking     ] GC(627) Concurrent Mark
[3089.319s][info][gc,marking     ] GC(627) Concurrent Mark From Roots
[3089.319s][info][gc,task        ] GC(627) Using 2 workers of 2 for marking
.[3090.331s][info][gc,marking     ] GC(627) Concurrent Mark From Roots 1011.873ms
[3090.331s][info][gc,marking     ] GC(627) Concurrent Preclean
[3090.332s][info][gc,marking     ] GC(627) Concurrent Preclean 1.051ms
[3090.332s][info][gc,start       ] GC(627) Pause Remark
[3090.335s][info][gc             ] GC(627) Pause Remark 2188M->2188M(4096M) 2.999ms
[3090.336s][info][gc,cpu         ] GC(627) User=0.02s Sys=0.00s Real=0.00s
[3090.336s][info][gc,marking     ] GC(627) Concurrent Mark 1016.529ms
[3090.336s][info][gc,marking     ] GC(627) Concurrent Rebuild Remembered Sets and Scrub Regions
[3090.641s][info][gc,marking     ] GC(627) Concurrent Rebuild Remembered Sets and Scrub Regions 305.688ms
[3090.641s][info][gc,start       ] GC(627) Pause Cleanup
[3090.642s][info][gc             ] GC(627) Pause Cleanup 2409M->2409M(4096M) 0.099ms
[3090.642s][info][gc,cpu         ] GC(627) User=0.00s Sys=0.00s Real=0.00s
[3090.642s][info][gc,marking     ] GC(627) Concurrent Clear Claimed Marks
[3090.642s][info][gc,marking     ] GC(627) Concurrent Clear Claimed Marks 0.022ms
[3090.642s][info][gc,marking     ] GC(627) Concurrent Cleanup for Next Mark
[3090.645s][info][gc,marking     ] GC(627) Concurrent Cleanup for Next Mark 3.176ms
[3090.645s][info][gc             ] GC(627) Concurrent Mark Cycle 1511.565ms
..[3092.675s][info][gc,start       ] GC(628) Pause Young (Prepare Mixed) (G1 Evacuation Pause)
[3092.675s][info][gc,task        ] GC(628) Using 6 workers of 6 for evacuation
[3092.793s][info][gc,phases      ] GC(628)   Pre Evacuate Collection Set: 0.35ms
[3092.793s][info][gc,phases      ] GC(628)   Merge Heap Roots: 0.52ms
[3092.793s][info][gc,phases      ] GC(628)   Evacuate Collection Set: 116.08ms
[3092.793s][info][gc,phases      ] GC(628)   Post Evacuate Collection Set: 0.92ms
[3092.793s][info][gc,phases      ] GC(628)   Other: 0.09ms
[3092.793s][info][gc,heap        ] GC(628) Eden regions: 1116->0(1113)
[3092.793s][info][gc,heap        ] GC(628) Survivor regions: 112->108(154)
[3092.793s][info][gc,heap        ] GC(628) Old regions: 505->536
[3092.793s][info][gc,heap        ] GC(628) Humongous regions: 80->80
[3092.793s][info][gc,metaspace   ] GC(628) Metaspace: 28856K(29248K)->28856K(29248K) NonClass: 23989K(24192K)->23989K(24192K) Class: 4867K(5056K)->4867K(5056K)
[3092.793s][info][gc             ] GC(628) Pause Young (Prepare Mixed) (G1 Evacuation Pause) 3624M->1447M(4096M) 118.092ms
[3092.793s][info][gc,cpu         ] GC(628) User=0.70s Sys=0.00s Real=0.12s
...[3096.200s][info][gc,start       ] GC(629) Pause Young (Mixed) (G1 Evacuation Pause)
[3096.200s][info][gc,task        ] GC(629) Using 6 workers of 6 for evacuation
[3096.337s][info][gc,phases      ] GC(629)   Pre Evacuate Collection Set: 0.37ms
[3096.337s][info][gc,phases      ] GC(629)   Merge Heap Roots: 0.75ms
[3096.337s][info][gc,phases      ] GC(629)   Evacuate Collection Set: 134.93ms
[3096.337s][info][gc,phases      ] GC(629)   Post Evacuate Collection Set: 0.95ms
[3096.337s][info][gc,phases      ] GC(629)   Other: 0.09ms
[3096.337s][info][gc,heap        ] GC(629) Eden regions: 1113->0(1117)
[3096.337s][info][gc,heap        ] GC(629) Survivor regions: 108->111(153)
[3096.337s][info][gc,heap        ] GC(629) Old regions: 536->473
[3096.337s][info][gc,heap        ] GC(629) Humongous regions: 80->80
[3096.337s][info][gc,metaspace   ] GC(629) Metaspace: 28856K(29248K)->28856K(29248K) NonClass: 23989K(24192K)->23989K(24192K) Class: 4867K(5056K)->4867K(5056K)
[3096.337s][info][gc             ] GC(629) Pause Young (Mixed) (G1 Evacuation Pause) 3673M->1325M(4096M) 137.241ms
[3096.337s][info][gc,cpu         ] GC(629) User=0.81s Sys=0.00s Real=0.13s
....[3099.782s][info][gc,start       ] GC(630) Pause Young (Concurrent Start) (G1 Evacuation Pause)
[3099.782s][info][gc,task        ] GC(630) Using 6 workers of 6 for evacuation
[3099.900s][info][gc,phases      ] GC(630)   Pre Evacuate Collection Set: 0.42ms
[3099.900s][info][gc,phases      ] GC(630)   Merge Heap Roots: 0.55ms
[3099.900s][info][gc,phases      ] GC(630)   Evacuate Collection Set: 115.84ms
[3099.900s][info][gc,phases      ] GC(630)   Post Evacuate Collection Set: 0.86ms
[3099.900s][info][gc,phases      ] GC(630)   Other: 0.13ms
[3099.900s][info][gc,heap        ] GC(630) Eden regions: 1117->0(1118)
[3099.900s][info][gc,heap        ] GC(630) Survivor regions: 111->110(154)
[3099.900s][info][gc,heap        ] GC(630) Old regions: 473->506
[3099.900s][info][gc,heap        ] GC(630) Humongous regions: 80->80
[3099.900s][info][gc,metaspace   ] GC(630) Metaspace: 28856K(29248K)->28856K(29248K) NonClass: 23989K(24192K)->23989K(24192K) Class: 4867K(5056K)->4867K(5056K)
[3099.900s][info][gc             ] GC(630) Pause Young (Concurrent Start) (G1 Evacuation Pause) 3559M->1389M(4096M) 117.962ms
[3099.900s][info][gc             ] GC(631) Concurrent Mark Cycle
[3099.900s][info][gc,marking     ] GC(631) Concurrent Scan Root Regions
[3099.900s][info][gc,cpu         ] GC(630) User=0.69s Sys=0.01s Real=0.12s
[3100.064s][info][gc,marking     ] GC(631) Concurrent Scan Root Regions 163.646ms
[3100.064s][info][gc,marking     ] GC(631) Concurrent Mark
[3100.064s][info][gc,marking     ] GC(631) Concurrent Mark From Roots
[3100.064s][info][gc,task        ] GC(631) Using 2 workers of 2 for marking
.[3100.833s][info][gc,marking     ] GC(631) Concurrent Mark From Roots 768.766ms
[3100.833s][info][gc,marking     ] GC(631) Concurrent Preclean
[3100.833s][info][gc,marking     ] GC(631) Concurrent Preclean 0.447ms
[3100.833s][info][gc,start       ] GC(631) Pause Remark
[3100.838s][info][gc             ] GC(631) Pause Remark 2003M->2003M(4096M) 4.886ms
[3100.838s][info][gc,cpu         ] GC(631) User=0.03s Sys=0.00s Real=0.01s
[3100.838s][info][gc,marking     ] GC(631) Concurrent Mark 774.374ms
[3100.838s][info][gc,marking     ] GC(631) Concurrent Rebuild Remembered Sets and Scrub Regions
[3101.083s][info][gc,marking     ] GC(631) Concurrent Rebuild Remembered Sets and Scrub Regions 244.459ms
[3101.084s][info][gc,start       ] GC(631) Pause Cleanup
[3101.085s][info][gc             ] GC(631) Pause Cleanup 2149M->2149M(4096M) 0.128ms
[3101.085s][info][gc,cpu         ] GC(631) User=0.00s Sys=0.00s Real=0.00s
[3101.085s][info][gc,marking     ] GC(631) Concurrent Clear Claimed Marks
[3101.085s][info][gc,marking     ] GC(631) Concurrent Clear Claimed Marks 0.034ms
[3101.085s][info][gc,marking     ] GC(631) Concurrent Cleanup for Next Mark
[3101.090s][info][gc,marking     ] GC(631) Concurrent Cleanup for Next Mark 5.404ms
[3101.090s][info][gc             ] GC(631) Concurrent Mark Cycle 1190.078ms
...[3103.371s][info][gc,start       ] GC(632) Pause Young (Prepare Mixed) (G1 Evacuation Pause)
[3103.371s][info][gc,task        ] GC(632) Using 6 workers of 6 for evacuation
[3103.489s][info][gc,phases      ] GC(632)   Pre Evacuate Collection Set: 0.32ms
[3103.489s][info][gc,phases      ] GC(632)   Merge Heap Roots: 0.57ms
[3103.489s][info][gc,phases      ] GC(632)   Evacuate Collection Set: 115.64ms
[3103.489s][info][gc,phases      ] GC(632)   Post Evacuate Collection Set: 0.91ms
[3103.489s][info][gc,phases      ] GC(632)   Other: 0.09ms
[3103.489s][info][gc,heap        ] GC(632) Eden regions: 1118->0(1106)
[3103.489s][info][gc,heap        ] GC(632) Survivor regions: 110->110(154)
[3103.489s][info][gc,heap        ] GC(632) Old regions: 506->539
[3103.489s][info][gc,heap        ] GC(632) Humongous regions: 80->80
[3103.489s][info][gc,metaspace   ] GC(632) Metaspace: 28856K(29248K)->28856K(29248K) NonClass: 23989K(24192K)->23989K(24192K) Class: 4867K(5056K)->4867K(5056K)
[3103.489s][info][gc             ] GC(632) Pause Young (Prepare Mixed) (G1 Evacuation Pause) 3625M->1455M(4096M) 117.673ms
[3103.489s][info][gc,cpu         ] GC(632) User=0.70s Sys=0.00s Real=0.12s
...[3106.989s][info][gc,start       ] GC(633) Pause Young (Mixed) (G1 Evacuation Pause)
[3106.989s][info][gc,task        ] GC(633) Using 6 workers of 6 for evacuation
[3107.127s][info][gc,phases      ] GC(633)   Pre Evacuate Collection Set: 0.36ms
[3107.127s][info][gc,phases      ] GC(633)   Merge Heap Roots: 0.81ms
[3107.127s][info][gc,phases      ] GC(633)   Evacuate Collection Set: 136.13ms
[3107.127s][info][gc,phases      ] GC(633)   Post Evacuate Collection Set: 0.95ms
[3107.127s][info][gc,phases      ] GC(633)   Other: 0.09ms
[3107.127s][info][gc,heap        ] GC(633) Eden regions: 1106->0(1116)
[3107.127s][info][gc,heap        ] GC(633) Survivor regions: 110->112(152)
[3107.127s][info][gc,heap        ] GC(633) Old regions: 539->474
[3107.127s][info][gc,heap        ] GC(633) Humongous regions: 80->80
[3107.127s][info][gc,metaspace   ] GC(633) Metaspace: 28856K(29248K)->28856K(29248K) NonClass: 23989K(24192K)->23989K(24192K) Class: 4867K(5056K)->4867K(5056K)
[3107.127s][info][gc             ] GC(633) Pause Young (Mixed) (G1 Evacuation Pause) 3667M->1329M(4096M) 138.491ms
[3107.127s][info][gc,cpu         ] GC(633) User=0.82s Sys=0.01s Real=0.13s
.. (rIR:aIR:PR = 5258:5257:5257) (tPR = 78243) [OK] 
  3108s: Performance info:
         Transaction,    Success,    Partial,     Failed,   Receipts, AvgBarcode, 
             Overall,     317340,          0,          0,     301479,      59.48, 
         Response times:
             Request,    Success,    Partial,     Failed,   SkipFail,     Probes,    Samples,      min,      p50,      p90,      p95,      p99,      max, 
       TotalPurchase,     301479,          0,          0,          0,     294790,     326542,      300,     4400,    10200,    27000,    90000,   236000,
     InStorePurchase,     158693,          0,          0,          0,     155226,     171972,      300,     4500,    10300,    27000,    88000,   236000,
      OnlinePurchase,     111067,          0,          0,          0,     108967,     120455,      300,     4200,    10100,    26000,    91000,   226000,
        InstPurchase,      31719,          0,          0,          0,      30597,      34115,      400,     4800,    11000,    29000,    95840,   201000,
          AssocOfCat,        318,          0,          0,          0,        252,        372,    24000,    36000,    63000,    83700,   151130,   174000,
      AssocOfProduct,       3173,          0,          0,          0,       2956,       3451,      600,     4200,     9780,    25000,    76000,   140000,
      BusinessReport,        792,          0,          0,          0,        673,        857,    27000,    40000,    74200,   108000,   193880,   353000,
          CustBuyBeh,       3168,          0,          0,          0,       2938,       3397,      300,     4200,    10300,    30000,    86040,   163000,
       ProductReturn,       8411,          0,          0,          0,       7913,       9001,      200,     3900,     9300,    21000,    95000,   213000,

  3108s: (39%)   IR =   5396 ..[3110.570s][info][gc,start       ] GC(634) Pause Young (Concurrent Start) (G1 Evacuation Pause)
[3110.570s][info][gc,task        ] GC(634) Using 6 workers of 6 for evacuation
[3110.691s][info][gc,phases      ] GC(634)   Pre Evacuate Collection Set: 0.41ms
[3110.691s][info][gc,phases      ] GC(634)   Merge Heap Roots: 0.64ms
[3110.691s][info][gc,phases      ] GC(634)   Evacuate Collection Set: 118.98ms
[3110.691s][info][gc,phases      ] GC(634)   Post Evacuate Collection Set: 0.87ms
[3110.691s][info][gc,phases      ] GC(634)   Other: 0.14ms
[3110.691s][info][gc,heap        ] GC(634) Eden regions: 1116->0(1115)
[3110.691s][info][gc,heap        ] GC(634) Survivor regions: 112->113(154)
[3110.691s][info][gc,heap        ] GC(634) Old regions: 474->506
[3110.691s][info][gc,heap        ] GC(634) Humongous regions: 80->80
[3110.691s][info][gc,metaspace   ] GC(634) Metaspace: 28856K(29248K)->28856K(29248K) NonClass: 23989K(24192K)->23989K(24192K) Class: 4867K(5056K)->4867K(5056K)
[3110.691s][info][gc             ] GC(634) Pause Young (Concurrent Start) (G1 Evacuation Pause) 3561M->1397M(4096M) 121.182ms
[3110.691s][info][gc             ] GC(635) Concurrent Mark Cycle
[3110.692s][info][gc,marking     ] GC(635) Concurrent Scan Root Regions
[3110.692s][info][gc,cpu         ] GC(634) User=0.72s Sys=0.00s Real=0.12s
[3110.869s][info][gc,marking     ] GC(635) Concurrent Scan Root Regions 177.267ms
[3110.869s][info][gc,marking     ] GC(635) Concurrent Mark
[3110.869s][info][gc,marking     ] GC(635) Concurrent Mark From Roots
[3110.869s][info][gc,task        ] GC(635) Using 2 workers of 2 for marking
.[3111.836s][info][gc,marking     ] GC(635) Concurrent Mark From Roots 967.179ms
[3111.836s][info][gc,marking     ] GC(635) Concurrent Preclean
[3111.838s][info][gc,marking     ] GC(635) Concurrent Preclean 2.015ms
[3111.839s][info][gc,start       ] GC(635) Pause Remark
[3111.845s][info][gc             ] GC(635) Pause Remark 2221M->2221M(4096M) 6.480ms
[3111.845s][info][gc,cpu         ] GC(635) User=0.04s Sys=0.00s Real=0.00s
[3111.846s][info][gc,marking     ] GC(635) Concurrent Mark 976.882ms
[3111.846s][info][gc,marking     ] GC(635) Concurrent Rebuild Remembered Sets and Scrub Regions
[3112.247s][info][gc,marking     ] GC(635) Concurrent Rebuild Remembered Sets and Scrub Regions 400.811ms
[3112.247s][info][gc,start       ] GC(635) Pause Cleanup
[3112.247s][info][gc             ] GC(635) Pause Cleanup 2496M->2496M(4096M) 0.116ms
[3112.247s][info][gc,cpu         ] GC(635) User=0.00s Sys=0.00s Real=0.00s
[3112.247s][info][gc,marking     ] GC(635) Concurrent Clear Claimed Marks
[3112.247s][info][gc,marking     ] GC(635) Concurrent Clear Claimed Marks 0.025ms
[3112.247s][info][gc,marking     ] GC(635) Concurrent Cleanup for Next Mark
[3112.251s][info][gc,marking     ] GC(635) Concurrent Cleanup for Next Mark 4.388ms
[3112.251s][info][gc             ] GC(635) Concurrent Mark Cycle 1559.885ms
..[3114.022s][info][gc,start       ] GC(636) Pause Young (Prepare Mixed) (G1 Evacuation Pause)
[3114.022s][info][gc,task        ] GC(636) Using 6 workers of 6 for evacuation
[3114.143s][info][gc,phases      ] GC(636)   Pre Evacuate Collection Set: 0.35ms
[3114.143s][info][gc,phases      ] GC(636)   Merge Heap Roots: 0.57ms
[3114.143s][info][gc,phases      ] GC(636)   Evacuate Collection Set: 119.08ms
[3114.143s][info][gc,phases      ] GC(636)   Post Evacuate Collection Set: 0.95ms
[3114.143s][info][gc,phases      ] GC(636)   Other: 0.09ms
[3114.143s][info][gc,heap        ] GC(636) Eden regions: 1115->0(1103)
[3114.143s][info][gc,heap        ] GC(636) Survivor regions: 113->112(154)
[3114.143s][info][gc,heap        ] GC(636) Old regions: 506->538
[3114.143s][info][gc,heap        ] GC(636) Humongous regions: 80->80
[3114.143s][info][gc,metaspace   ] GC(636) Metaspace: 28856K(29248K)->28856K(29248K) NonClass: 23989K(24192K)->23989K(24192K) Class: 4867K(5056K)->4867K(5056K)
[3114.143s][info][gc             ] GC(636) Pause Young (Prepare Mixed) (G1 Evacuation Pause) 3627M->1458M(4096M) 121.184ms
[3114.143s][info][gc,cpu         ] GC(636) User=0.72s Sys=0.00s Real=0.12s
.|...[3117.486s][info][gc,start       ] GC(637) Pause Young (Mixed) (G1 Evacuation Pause)
[3117.487s][info][gc,task        ] GC(637) Using 6 workers of 6 for evacuation
[3117.630s][info][gc,phases      ] GC(637)   Pre Evacuate Collection Set: 0.39ms
[3117.630s][info][gc,phases      ] GC(637)   Merge Heap Roots: 0.68ms
[3117.630s][info][gc,phases      ] GC(637)   Evacuate Collection Set: 141.36ms
[3117.630s][info][gc,phases      ] GC(637)   Post Evacuate Collection Set: 0.92ms
[3117.630s][info][gc,phases      ] GC(637)   Other: 0.09ms
[3117.630s][info][gc,heap        ] GC(637) Eden regions: 1103->0(1113)
[3117.630s][info][gc,heap        ] GC(637) Survivor regions: 112->115(152)
[3117.630s][info][gc,heap        ] GC(637) Old regions: 538->473
[3117.630s][info][gc,heap        ] GC(637) Humongous regions: 80->80
[3117.630s][info][gc,metaspace   ] GC(637) Metaspace: 28856K(29248K)->28856K(29248K) NonClass: 23989K(24192K)->23989K(24192K) Class: 4867K(5056K)->4867K(5056K)
[3117.630s][info][gc             ] GC(637) Pause Young (Mixed) (G1 Evacuation Pause) 3664M->1335M(4096M) 143.592ms
[3117.630s][info][gc,cpu         ] GC(637) User=0.85s Sys=0.00s Real=0.15s
...[3120.988s][info][gc,start       ] GC(638) Pause Young (Concurrent Start) (G1 Evacuation Pause)
[3120.988s][info][gc,task        ] GC(638) Using 6 workers of 6 for evacuation
[3121.105s][info][gc,phases      ] GC(638)   Pre Evacuate Collection Set: 0.36ms
[3121.105s][info][gc,phases      ] GC(638)   Merge Heap Roots: 0.45ms
[3121.105s][info][gc,phases      ] GC(638)   Evacuate Collection Set: 115.23ms
[3121.105s][info][gc,phases      ] GC(638)   Post Evacuate Collection Set: 0.88ms
[3121.105s][info][gc,phases      ] GC(638)   Other: 0.11ms
[3121.105s][info][gc,heap        ] GC(638) Eden regions: 1113->0(1120)
[3121.105s][info][gc,heap        ] GC(638) Survivor regions: 115->108(154)
[3121.105s][info][gc,heap        ] GC(638) Old regions: 473->505
[3121.105s][info][gc,heap        ] GC(638) Humongous regions: 80->80
[3121.105s][info][gc,metaspace   ] GC(638) Metaspace: 28856K(29248K)->28856K(29248K) NonClass: 23989K(24192K)->23989K(24192K) Class: 4867K(5056K)->4867K(5056K)
[3121.105s][info][gc             ] GC(638) Pause Young (Concurrent Start) (G1 Evacuation Pause) 3561M->1384M(4096M) 117.154ms
[3121.105s][info][gc             ] GC(639) Concurrent Mark Cycle
[3121.105s][info][gc,marking     ] GC(639) Concurrent Scan Root Regions
[3121.105s][info][gc,cpu         ] GC(638) User=0.69s Sys=0.00s Real=0.12s
[3121.233s][info][gc,marking     ] GC(639) Concurrent Scan Root Regions 128.452ms
[3121.233s][info][gc,marking     ] GC(639) Concurrent Mark
[3121.233s][info][gc,marking     ] GC(639) Concurrent Mark From Roots
[3121.233s][info][gc,task        ] GC(639) Using 2 workers of 2 for marking
.[3121.794s][info][gc,marking     ] GC(639) Concurrent Mark From Roots 560.494ms
[3121.794s][info][gc,marking     ] GC(639) Concurrent Preclean
[3121.794s][info][gc,marking     ] GC(639) Concurrent Preclean 0.102ms
[3121.795s][info][gc,start       ] GC(639) Pause Remark
[3121.798s][info][gc             ] GC(639) Pause Remark 1852M->1852M(4096M) 3.438ms
[3121.798s][info][gc,cpu         ] GC(639) User=0.02s Sys=0.00s Real=0.00s
[3121.798s][info][gc,marking     ] GC(639) Concurrent Mark 564.766ms
[3121.798s][info][gc,marking     ] GC(639) Concurrent Rebuild Remembered Sets and Scrub Regions
[3122.043s][info][gc,marking     ] GC(639) Concurrent Rebuild Remembered Sets and Scrub Regions 245.076ms
[3122.043s][info][gc,start       ] GC(639) Pause Cleanup
[3122.043s][info][gc             ] GC(639) Pause Cleanup 1999M->1999M(4096M) 0.123ms
[3122.043s][info][gc,cpu         ] GC(639) User=0.00s Sys=0.00s Real=0.00s
[3122.043s][info][gc,marking     ] GC(639) Concurrent Clear Claimed Marks
[3122.044s][info][gc,marking     ] GC(639) Concurrent Clear Claimed Marks 0.025ms
[3122.044s][info][gc,marking     ] GC(639) Concurrent Cleanup for Next Mark
[3122.047s][info][gc,marking     ] GC(639) Concurrent Cleanup for Next Mark 3.225ms
[3122.047s][info][gc             ] GC(639) Concurrent Mark Cycle 942.017ms
..[3124.466s][info][gc,start       ] GC(640) Pause Young (Prepare Mixed) (G1 Evacuation Pause)
[3124.466s][info][gc,task        ] GC(640) Using 6 workers of 6 for evacuation
[3124.585s][info][gc,phases      ] GC(640)   Pre Evacuate Collection Set: 0.34ms
[3124.585s][info][gc,phases      ] GC(640)   Merge Heap Roots: 0.48ms
[3124.585s][info][gc,phases      ] GC(640)   Evacuate Collection Set: 116.53ms
[3124.585s][info][gc,phases      ] GC(640)   Post Evacuate Collection Set: 0.93ms
[3124.585s][info][gc,phases      ] GC(640)   Other: 0.08ms
[3124.585s][info][gc,heap        ] GC(640) Eden regions: 1120->0(1109)
[3124.585s][info][gc,heap        ] GC(640) Survivor regions: 108->110(154)
[3124.585s][info][gc,heap        ] GC(640) Old regions: 505->536
[3124.585s][info][gc,heap        ] GC(640) Humongous regions: 80->80
[3124.585s][info][gc,metaspace   ] GC(640) Metaspace: 28856K(29248K)->28856K(29248K) NonClass: 23989K(24192K)->23989K(24192K) Class: 4867K(5056K)->4867K(5056K)
[3124.585s][info][gc             ] GC(640) Pause Young (Prepare Mixed) (G1 Evacuation Pause) 3624M->1451M(4096M) 118.502ms
[3124.585s][info][gc,cpu         ] GC(640) User=0.70s Sys=0.00s Real=0.12s
....[3127.919s][info][gc,start       ] GC(641) Pause Young (Mixed) (G1 Evacuation Pause)
[3127.919s][info][gc,task        ] GC(641) Using 6 workers of 6 for evacuation
[3128.051s][info][gc,phases      ] GC(641)   Pre Evacuate Collection Set: 0.36ms
[3128.051s][info][gc,phases      ] GC(641)   Merge Heap Roots: 0.66ms
[3128.051s][info][gc,phases      ] GC(641)   Evacuate Collection Set: 129.54ms
[3128.051s][info][gc,phases      ] GC(641)   Post Evacuate Collection Set: 0.95ms
[3128.051s][info][gc,phases      ] GC(641)   Other: 0.10ms
[3128.051s][info][gc,heap        ] GC(641) Eden regions: 1109->0(1120)
[3128.051s][info][gc,heap        ] GC(641) Survivor regions: 110->108(153)
[3128.051s][info][gc,heap        ] GC(641) Old regions: 536->471
[3128.051s][info][gc,heap        ] GC(641) Humongous regions: 80->80
[3128.051s][info][gc,metaspace   ] GC(641) Metaspace: 28856K(29248K)->28856K(29248K) NonClass: 23989K(24192K)->23989K(24192K) Class: 4867K(5056K)->4867K(5056K)
[3128.051s][info][gc             ] GC(641) Pause Young (Mixed) (G1 Evacuation Pause) 3669M->1317M(4096M) 131.746ms
[3128.051s][info][gc,cpu         ] GC(641) User=0.78s Sys=0.00s Real=0.13s
...[3131.453s][info][gc,start       ] GC(642) Pause Young (Concurrent Start) (G1 Evacuation Pause)
[3131.453s][info][gc,task        ] GC(642) Using 6 workers of 6 for evacuation
[3131.572s][info][gc,phases      ] GC(642)   Pre Evacuate Collection Set: 0.39ms
[3131.572s][info][gc,phases      ] GC(642)   Merge Heap Roots: 0.52ms
[3131.572s][info][gc,phases      ] GC(642)   Evacuate Collection Set: 117.35ms
[3131.572s][info][gc,phases      ] GC(642)   Post Evacuate Collection Set: 0.89ms
[3131.572s][info][gc,phases      ] GC(642)   Other: 0.12ms
[3131.572s][info][gc,heap        ] GC(642) Eden regions: 1120->0(1118)
[3131.572s][info][gc,heap        ] GC(642) Survivor regions: 108->110(154)
[3131.572s][info][gc,heap        ] GC(642) Old regions: 471->502
[3131.572s][info][gc,heap        ] GC(642) Humongous regions: 80->80
[3131.572s][info][gc,metaspace   ] GC(642) Metaspace: 28856K(29248K)->28856K(29248K) NonClass: 23989K(24192K)->23989K(24192K) Class: 4867K(5056K)->4867K(5056K)
[3131.572s][info][gc             ] GC(642) Pause Young (Concurrent Start) (G1 Evacuation Pause) 3557M->1383M(4096M) 119.395ms
[3131.572s][info][gc             ] GC(643) Concurrent Mark Cycle
[3131.572s][info][gc,marking     ] GC(643) Concurrent Scan Root Regions
[3131.572s][info][gc,cpu         ] GC(642) User=0.71s Sys=0.00s Real=0.12s
.[3131.707s][info][gc,marking     ] GC(643) Concurrent Scan Root Regions 134.646ms
[3131.707s][info][gc,marking     ] GC(643) Concurrent Mark
[3131.707s][info][gc,marking     ] GC(643) Concurrent Mark From Roots
[3131.707s][info][gc,task        ] GC(643) Using 2 workers of 2 for marking
[3132.374s][info][gc,marking     ] GC(643) Concurrent Mark From Roots 666.464ms
[3132.374s][info][gc,marking     ] GC(643) Concurrent Preclean
[3132.374s][info][gc,marking     ] GC(643) Concurrent Preclean 0.467ms
[3132.374s][info][gc,start       ] GC(643) Pause Remark
[3132.380s][info][gc             ] GC(643) Pause Remark 1974M->1974M(4096M) 5.761ms
[3132.380s][info][gc,cpu         ] GC(643) User=0.03s Sys=0.01s Real=0.01s
[3132.380s][info][gc,marking     ] GC(643) Concurrent Mark 672.958ms
[3132.380s][info][gc,marking     ] GC(643) Concurrent Rebuild Remembered Sets and Scrub Regions
[3132.629s][info][gc,marking     ] GC(643) Concurrent Rebuild Remembered Sets and Scrub Regions 249.286ms
[3132.630s][info][gc,start       ] GC(643) Pause Cleanup
[3132.630s][info][gc             ] GC(643) Pause Cleanup 2118M->2118M(4096M) 0.125ms
[3132.630s][info][gc,cpu         ] GC(643) User=0.00s Sys=0.00s Real=0.00s
[3132.630s][info][gc,marking     ] GC(643) Concurrent Clear Claimed Marks
[3132.630s][info][gc,marking     ] GC(643) Concurrent Clear Claimed Marks 0.035ms
[3132.630s][info][gc,marking     ] GC(643) Concurrent Cleanup for Next Mark
[3132.634s][info][gc,marking     ] GC(643) Concurrent Cleanup for Next Mark 3.414ms
[3132.634s][info][gc             ] GC(643) Concurrent Mark Cycle 1061.180ms
...[3134.974s][info][gc,start       ] GC(644) Pause Young (Prepare Mixed) (G1 Evacuation Pause)
[3134.974s][info][gc,task        ] GC(644) Using 6 workers of 6 for evacuation
[3135.091s][info][gc,phases      ] GC(644)   Pre Evacuate Collection Set: 0.34ms
[3135.091s][info][gc,phases      ] GC(644)   Merge Heap Roots: 0.54ms
[3135.091s][info][gc,phases      ] GC(644)   Evacuate Collection Set: 114.72ms
[3135.091s][info][gc,phases      ] GC(644)   Post Evacuate Collection Set: 0.95ms
[3135.091s][info][gc,phases      ] GC(644)   Other: 0.09ms
[3135.091s][info][gc,heap        ] GC(644) Eden regions: 1118->0(1111)
[3135.091s][info][gc,heap        ] GC(644) Survivor regions: 110->110(154)
[3135.091s][info][gc,heap        ] GC(644) Old regions: 502->534
[3135.091s][info][gc,heap        ] GC(644) Humongous regions: 80->80
[3135.091s][info][gc,metaspace   ] GC(644) Metaspace: 28856K(29248K)->28856K(29248K) NonClass: 23989K(24192K)->23989K(24192K) Class: 4867K(5056K)->4867K(5056K)
[3135.091s][info][gc             ] GC(644) Pause Young (Prepare Mixed) (G1 Evacuation Pause) 3619M->1445M(4096M) 116.782ms
[3135.091s][info][gc,cpu         ] GC(644) User=0.69s Sys=0.00s Real=0.12s
...[3138.465s][info][gc,start       ] GC(645) Pause Young (Mixed) (G1 Evacuation Pause)
[3138.465s][info][gc,task        ] GC(645) Using 6 workers of 6 for evacuation
[3138.602s][info][gc,phases      ] GC(645)   Pre Evacuate Collection Set: 0.36ms
[3138.602s][info][gc,phases      ] GC(645)   Merge Heap Roots: 0.73ms
[3138.602s][info][gc,phases      ] GC(645)   Evacuate Collection Set: 134.23ms
[3138.602s][info][gc,phases      ] GC(645)   Post Evacuate Collection Set: 0.95ms
[3138.602s][info][gc,phases      ] GC(645)   Other: 0.10ms
[3138.602s][info][gc,heap        ] GC(645) Eden regions: 1111->0(1118)
[3138.602s][info][gc,heap        ] GC(645) Survivor regions: 110->110(153)
[3138.602s][info][gc,heap        ] GC(645) Old regions: 534->472
[3138.602s][info][gc,heap        ] GC(645) Humongous regions: 80->80
[3138.602s][info][gc,metaspace   ] GC(645) Metaspace: 28856K(29248K)->28856K(29248K) NonClass: 23989K(24192K)->23989K(24192K) Class: 4867K(5056K)->4867K(5056K)
[3138.602s][info][gc             ] GC(645) Pause Young (Mixed) (G1 Evacuation Pause) 3667M->1322M(4096M) 136.503ms
[3138.602s][info][gc,cpu         ] GC(645) User=0.81s Sys=0.00s Real=0.14s
....[3141.940s][info][gc,start       ] GC(646) Pause Young (Concurrent Start) (G1 Evacuation Pause)
[3141.940s][info][gc,task        ] GC(646) Using 6 workers of 6 for evacuation
[3142.055s][info][gc,phases      ] GC(646)   Pre Evacuate Collection Set: 0.37ms
[3142.056s][info][gc,phases      ] GC(646)   Merge Heap Roots: 0.44ms
[3142.056s][info][gc,phases      ] GC(646)   Evacuate Collection Set: 113.65ms
[3142.056s][info][gc,phases      ] GC(646)   Post Evacuate Collection Set: 0.88ms
[3142.056s][info][gc,phases      ] GC(646)   Other: 0.11ms
[3142.056s][info][gc,heap        ] GC(646) Eden regions: 1118->0(1119)
[3142.056s][info][gc,heap        ] GC(646) Survivor regions: 110->109(154)
[3142.056s][info][gc,heap        ] GC(646) Old regions: 472->504
[3142.056s][info][gc,heap        ] GC(646) Humongous regions: 80->80
[3142.056s][info][gc,metaspace   ] GC(646) Metaspace: 28856K(29248K)->28856K(29248K) NonClass: 23989K(24192K)->23989K(24192K) Class: 4867K(5056K)->4867K(5056K)
[3142.056s][info][gc             ] GC(646) Pause Young (Concurrent Start) (G1 Evacuation Pause) 3558M->1384M(4096M) 115.603ms
[3142.056s][info][gc             ] GC(647) Concurrent Mark Cycle
[3142.056s][info][gc,marking     ] GC(647) Concurrent Scan Root Regions
[3142.056s][info][gc,cpu         ] GC(646) User=0.68s Sys=0.00s Real=0.11s
[3142.208s][info][gc,marking     ] GC(647) Concurrent Scan Root Regions 151.858ms
[3142.208s][info][gc,marking     ] GC(647) Concurrent Mark
[3142.208s][info][gc,marking     ] GC(647) Concurrent Mark From Roots
[3142.208s][info][gc,task        ] GC(647) Using 2 workers of 2 for marking
.[3142.874s][info][gc,marking     ] GC(647) Concurrent Mark From Roots 666.615ms
[3142.874s][info][gc,marking     ] GC(647) Concurrent Preclean
[3142.875s][info][gc,marking     ] GC(647) Concurrent Preclean 0.348ms
[3142.875s][info][gc,start       ] GC(647) Pause Remark
[3142.880s][info][gc             ] GC(647) Pause Remark 1947M->1947M(4096M) 5.392ms
[3142.880s][info][gc,cpu         ] GC(647) User=0.03s Sys=0.00s Real=0.01s
[3142.880s][info][gc,marking     ] GC(647) Concurrent Mark 672.627ms
[3142.880s][info][gc,marking     ] GC(647) Concurrent Rebuild Remembered Sets and Scrub Regions
[3143.170s][info][gc,marking     ] GC(647) Concurrent Rebuild Remembered Sets and Scrub Regions 290.141ms
[3143.171s][info][gc,start       ] GC(647) Pause Cleanup
[3143.171s][info][gc             ] GC(647) Pause Cleanup 2170M->2170M(4096M) 0.123ms
[3143.171s][info][gc,cpu         ] GC(647) User=0.00s Sys=0.00s Real=0.00s
[3143.171s][info][gc,marking     ] GC(647) Concurrent Clear Claimed Marks
[3143.171s][info][gc,marking     ] GC(647) Concurrent Clear Claimed Marks 0.039ms
[3143.171s][info][gc,marking     ] GC(647) Concurrent Cleanup for Next Mark
[3143.175s][info][gc,marking     ] GC(647) Concurrent Cleanup for Next Mark 3.745ms
[3143.175s][info][gc             ] GC(647) Concurrent Mark Cycle 1118.994ms
..[3145.495s][info][gc,start       ] GC(648) Pause Young (Prepare Mixed) (G1 Evacuation Pause)
[3145.495s][info][gc,task        ] GC(648) Using 6 workers of 6 for evacuation
[3145.614s][info][gc,phases      ] GC(648)   Pre Evacuate Collection Set: 0.34ms
[3145.614s][info][gc,phases      ] GC(648)   Merge Heap Roots: 0.50ms
[3145.614s][info][gc,phases      ] GC(648)   Evacuate Collection Set: 116.44ms
[3145.614s][info][gc,phases      ] GC(648)   Post Evacuate Collection Set: 0.91ms
[3145.614s][info][gc,phases      ] GC(648)   Other: 0.10ms
[3145.614s][info][gc,heap        ] GC(648) Eden regions: 1119->0(1109)
[3145.614s][info][gc,heap        ] GC(648) Survivor regions: 109->110(154)
[3145.614s][info][gc,heap        ] GC(648) Old regions: 504->536
[3145.614s][info][gc,heap        ] GC(648) Humongous regions: 80->80
[3145.614s][info][gc,metaspace   ] GC(648) Metaspace: 28856K(29248K)->28856K(29248K) NonClass: 23989K(24192K)->23989K(24192K) Class: 4867K(5056K)->4867K(5056K)
[3145.614s][info][gc             ] GC(648) Pause Young (Prepare Mixed) (G1 Evacuation Pause) 3622M->1450M(4096M) 118.418ms
[3145.614s][info][gc,cpu         ] GC(648) User=0.70s Sys=0.00s Real=0.12s
....[3148.934s][info][gc,start       ] GC(649) Pause Young (Mixed) (G1 Evacuation Pause)
[3148.934s][info][gc,task        ] GC(649) Using 6 workers of 6 for evacuation
[3149.065s][info][gc,phases      ] GC(649)   Pre Evacuate Collection Set: 0.39ms
[3149.065s][info][gc,phases      ] GC(649)   Merge Heap Roots: 0.72ms
[3149.065s][info][gc,phases      ] GC(649)   Evacuate Collection Set: 129.52ms
[3149.065s][info][gc,phases      ] GC(649)   Post Evacuate Collection Set: 0.96ms
[3149.065s][info][gc,phases      ] GC(649)   Other: 0.09ms
[3149.065s][info][gc,heap        ] GC(649) Eden regions: 1109->0(1119)
[3149.065s][info][gc,heap        ] GC(649) Survivor regions: 110->109(153)
[3149.065s][info][gc,heap        ] GC(649) Old regions: 536->472
[3149.065s][info][gc,heap        ] GC(649) Humongous regions: 80->80
[3149.065s][info][gc,metaspace   ] GC(649) Metaspace: 28856K(29248K)->28856K(29248K) NonClass: 23989K(24192K)->23989K(24192K) Class: 4867K(5056K)->4867K(5056K)
[3149.065s][info][gc             ] GC(649) Pause Young (Mixed) (G1 Evacuation Pause) 3668M->1320M(4096M) 131.814ms
[3149.065s][info][gc,cpu         ] GC(649) User=0.78s Sys=0.00s Real=0.13s
...[3152.449s][info][gc,start       ] GC(650) Pause Young (Concurrent Start) (G1 Evacuation Pause)
[3152.449s][info][gc,task        ] GC(650) Using 6 workers of 6 for evacuation
[3152.567s][info][gc,phases      ] GC(650)   Pre Evacuate Collection Set: 0.41ms
[3152.567s][info][gc,phases      ] GC(650)   Merge Heap Roots: 0.49ms
[3152.567s][info][gc,phases      ] GC(650)   Evacuate Collection Set: 116.10ms
[3152.567s][info][gc,phases      ] GC(650)   Post Evacuate Collection Set: 0.87ms
[3152.567s][info][gc,phases      ] GC(650)   Other: 0.11ms
[3152.567s][info][gc,heap        ] GC(650) Eden regions: 1119->0(1118)
[3152.567s][info][gc,heap        ] GC(650) Survivor regions: 109->110(154)
[3152.567s][info][gc,heap        ] GC(650) Old regions: 472->504
[3152.568s][info][gc,heap        ] GC(650) Humongous regions: 80->80
[3152.568s][info][gc,metaspace   ] GC(650) Metaspace: 28856K(29248K)->28856K(29248K) NonClass: 23989K(24192K)->23989K(24192K) Class: 4867K(5056K)->4867K(5056K)
[3152.568s][info][gc             ] GC(650) Pause Young (Concurrent Start) (G1 Evacuation Pause) 3558M->1385M(4096M) 118.117ms
[3152.568s][info][gc             ] GC(651) Concurrent Mark Cycle
[3152.568s][info][gc,marking     ] GC(651) Concurrent Scan Root Regions
[3152.568s][info][gc,cpu         ] GC(650) User=0.70s Sys=0.00s Real=0.11s
.[3152.704s][info][gc,marking     ] GC(651) Concurrent Scan Root Regions 136.784ms
[3152.704s][info][gc,marking     ] GC(651) Concurrent Mark
[3152.704s][info][gc,marking     ] GC(651) Concurrent Mark From Roots
[3152.704s][info][gc,task        ] GC(651) Using 2 workers of 2 for marking
[3153.377s][info][gc,marking     ] GC(651) Concurrent Mark From Roots 672.691ms
[3153.377s][info][gc,marking     ] GC(651) Concurrent Preclean
[3153.378s][info][gc,marking     ] GC(651) Concurrent Preclean 0.356ms
[3153.378s][info][gc,start       ] GC(651) Pause Remark
[3153.382s][info][gc             ] GC(651) Pause Remark 1997M->1997M(4096M) 4.735ms
[3153.382s][info][gc,cpu         ] GC(651) User=0.02s Sys=0.00s Real=0.01s
[3153.382s][info][gc,marking     ] GC(651) Concurrent Mark 678.102ms
[3153.383s][info][gc,marking     ] GC(651) Concurrent Rebuild Remembered Sets and Scrub Regions
[3153.628s][info][gc,marking     ] GC(651) Concurrent Rebuild Remembered Sets and Scrub Regions 245.052ms
[3153.628s][info][gc,start       ] GC(651) Pause Cleanup
[3153.628s][info][gc             ] GC(651) Pause Cleanup 2157M->2157M(4096M) 0.109ms
[3153.628s][info][gc,cpu         ] GC(651) User=0.00s Sys=0.00s Real=0.00s
[3153.628s][info][gc,marking     ] GC(651) Concurrent Clear Claimed Marks
[3153.628s][info][gc,marking     ] GC(651) Concurrent Clear Claimed Marks 0.021ms
[3153.628s][info][gc,marking     ] GC(651) Concurrent Cleanup for Next Mark
[3153.632s][info][gc,marking     ] GC(651) Concurrent Cleanup for Next Mark 4.029ms
[3153.632s][info][gc             ] GC(651) Concurrent Mark Cycle 1064.410ms
...[3155.921s][info][gc,start       ] GC(652) Pause Young (Prepare Mixed) (G1 Evacuation Pause)
[3155.921s][info][gc,task        ] GC(652) Using 6 workers of 6 for evacuation
[3156.039s][info][gc,phases      ] GC(652)   Pre Evacuate Collection Set: 0.32ms
[3156.040s][info][gc,phases      ] GC(652)   Merge Heap Roots: 0.49ms
[3156.040s][info][gc,phases      ] GC(652)   Evacuate Collection Set: 116.62ms
[3156.040s][info][gc,phases      ] GC(652)   Post Evacuate Collection Set: 0.90ms
[3156.040s][info][gc,phases      ] GC(652)   Other: 0.09ms
[3156.040s][info][gc,heap        ] GC(652) Eden regions: 1118->0(1110)
[3156.040s][info][gc,heap        ] GC(652) Survivor regions: 110->110(154)
[3156.040s][info][gc,heap        ] GC(652) Old regions: 504->535
[3156.040s][info][gc,heap        ] GC(652) Humongous regions: 80->80
[3156.040s][info][gc,metaspace   ] GC(652) Metaspace: 28856K(29248K)->28856K(29248K) NonClass: 23989K(24192K)->23989K(24192K) Class: 4867K(5056K)->4867K(5056K)
[3156.040s][info][gc             ] GC(652) Pause Young (Prepare Mixed) (G1 Evacuation Pause) 3621M->1449M(4096M) 118.544ms
[3156.040s][info][gc,cpu         ] GC(652) User=0.70s Sys=0.00s Real=0.12s
...[3159.459s][info][gc,start       ] GC(653) Pause Young (Mixed) (G1 Evacuation Pause)
[3159.459s][info][gc,task        ] GC(653) Using 6 workers of 6 for evacuation
[3159.595s][info][gc,phases      ] GC(653)   Pre Evacuate Collection Set: 0.40ms
[3159.595s][info][gc,phases      ] GC(653)   Merge Heap Roots: 0.72ms
[3159.595s][info][gc,phases      ] GC(653)   Evacuate Collection Set: 133.57ms
[3159.595s][info][gc,phases      ] GC(653)   Post Evacuate Collection Set: 0.94ms
[3159.595s][info][gc,phases      ] GC(653)   Other: 0.09ms
[3159.595s][info][gc,heap        ] GC(653) Eden regions: 1110->0(1116)
[3159.595s][info][gc,heap        ] GC(653) Survivor regions: 110->112(153)
[3159.595s][info][gc,heap        ] GC(653) Old regions: 535->471
[3159.595s][info][gc,heap        ] GC(653) Humongous regions: 80->80
[3159.595s][info][gc,metaspace   ] GC(653) Metaspace: 28856K(29248K)->28856K(29248K) NonClass: 23989K(24192K)->23989K(24192K) Class: 4867K(5056K)->4867K(5056K)
[3159.595s][info][gc             ] GC(653) Pause Young (Mixed) (G1 Evacuation Pause) 3669M->1323M(4096M) 135.876ms
[3159.595s][info][gc,cpu         ] GC(653) User=0.80s Sys=0.00s Real=0.13s
....[3162.912s][info][gc,start       ] GC(654) Pause Young (Concurrent Start) (G1 Evacuation Pause)
[3162.912s][info][gc,task        ] GC(654) Using 6 workers of 6 for evacuation
[3163.030s][info][gc,phases      ] GC(654)   Pre Evacuate Collection Set: 0.40ms
[3163.030s][info][gc,phases      ] GC(654)   Merge Heap Roots: 0.49ms
[3163.030s][info][gc,phases      ] GC(654)   Evacuate Collection Set: 115.38ms
[3163.030s][info][gc,phases      ] GC(654)   Post Evacuate Collection Set: 0.87ms
[3163.030s][info][gc,phases      ] GC(654)   Other: 0.13ms
[3163.030s][info][gc,heap        ] GC(654) Eden regions: 1116->0(1119)
[3163.030s][info][gc,heap        ] GC(654) Survivor regions: 112->109(154)
[3163.030s][info][gc,heap        ] GC(654) Old regions: 471->503
[3163.030s][info][gc,heap        ] GC(654) Humongous regions: 80->80
[3163.030s][info][gc,metaspace   ] GC(654) Metaspace: 28856K(29248K)->28856K(29248K) NonClass: 23989K(24192K)->23989K(24192K) Class: 4867K(5056K)->4867K(5056K)
[3163.030s][info][gc             ] GC(654) Pause Young (Concurrent Start) (G1 Evacuation Pause) 3555M->1382M(4096M) 117.403ms
[3163.030s][info][gc             ] GC(655) Concurrent Mark Cycle
[3163.030s][info][gc,marking     ] GC(655) Concurrent Scan Root Regions
[3163.030s][info][gc,cpu         ] GC(654) User=0.69s Sys=0.00s Real=0.12s
[3163.224s][info][gc,marking     ] GC(655) Concurrent Scan Root Regions 193.697ms
[3163.224s][info][gc,marking     ] GC(655) Concurrent Mark
[3163.224s][info][gc,marking     ] GC(655) Concurrent Mark From Roots
[3163.224s][info][gc,task        ] GC(655) Using 2 workers of 2 for marking
.[3163.887s][info][gc,marking     ] GC(655) Concurrent Mark From Roots 663.880ms
[3163.888s][info][gc,marking     ] GC(655) Concurrent Preclean
[3163.888s][info][gc,marking     ] GC(655) Concurrent Preclean 0.439ms
[3163.889s][info][gc,start       ] GC(655) Pause Remark
[3163.894s][info][gc             ] GC(655) Pause Remark 1987M->1987M(4096M) 4.873ms
[3163.894s][info][gc,cpu         ] GC(655) User=0.02s Sys=0.00s Real=0.00s
[3163.894s][info][gc,marking     ] GC(655) Concurrent Mark 670.768ms
[3163.894s][info][gc,marking     ] GC(655) Concurrent Rebuild Remembered Sets and Scrub Regions
[3164.185s][info][gc,marking     ] GC(655) Concurrent Rebuild Remembered Sets and Scrub Regions 290.685ms
[3164.185s][info][gc,start       ] GC(655) Pause Cleanup
[3164.185s][info][gc             ] GC(655) Pause Cleanup 2194M->2194M(4096M) 0.103ms
[3164.185s][info][gc,cpu         ] GC(655) User=0.00s Sys=0.00s Real=0.00s
[3164.185s][info][gc,marking     ] GC(655) Concurrent Clear Claimed Marks
[3164.185s][info][gc,marking     ] GC(655) Concurrent Clear Claimed Marks 0.030ms
[3164.185s][info][gc,marking     ] GC(655) Concurrent Cleanup for Next Mark
[3164.190s][info][gc,marking     ] GC(655) Concurrent Cleanup for Next Mark 4.245ms
[3164.190s][info][gc             ] GC(655) Concurrent Mark Cycle 1159.863ms
..[3166.451s][info][gc,start       ] GC(656) Pause Young (Prepare Mixed) (G1 Evacuation Pause)
[3166.451s][info][gc,task        ] GC(656) Using 6 workers of 6 for evacuation
[3166.571s][info][gc,phases      ] GC(656)   Pre Evacuate Collection Set: 0.33ms
[3166.571s][info][gc,phases      ] GC(656)   Merge Heap Roots: 0.54ms
[3166.571s][info][gc,phases      ] GC(656)   Evacuate Collection Set: 117.63ms
[3166.571s][info][gc,phases      ] GC(656)   Post Evacuate Collection Set: 0.90ms
[3166.571s][info][gc,phases      ] GC(656)   Other: 0.09ms
[3166.571s][info][gc,heap        ] GC(656) Eden regions: 1119->0(1108)
[3166.571s][info][gc,heap        ] GC(656) Survivor regions: 109->111(154)
[3166.571s][info][gc,heap        ] GC(656) Old regions: 503->535
[3166.571s][info][gc,heap        ] GC(656) Humongous regions: 80->80
[3166.571s][info][gc,metaspace   ] GC(656) Metaspace: 28856K(29248K)->28856K(29248K) NonClass: 23989K(24192K)->23989K(24192K) Class: 4867K(5056K)->4867K(5056K)
[3166.571s][info][gc             ] GC(656) Pause Young (Prepare Mixed) (G1 Evacuation Pause) 3620M->1451M(4096M) 119.623ms
[3166.571s][info][gc,cpu         ] GC(656) User=0.70s Sys=0.01s Real=0.12s
....[3169.919s][info][gc,start       ] GC(657) Pause Young (Mixed) (G1 Evacuation Pause)
[3169.919s][info][gc,task        ] GC(657) Using 6 workers of 6 for evacuation
[3170.053s][info][gc,phases      ] GC(657)   Pre Evacuate Collection Set: 0.37ms
[3170.053s][info][gc,phases      ] GC(657)   Merge Heap Roots: 0.64ms
[3170.053s][info][gc,phases      ] GC(657)   Evacuate Collection Set: 131.83ms
[3170.053s][info][gc,phases      ] GC(657)   Post Evacuate Collection Set: 0.95ms
[3170.053s][info][gc,phases      ] GC(657)   Other: 0.09ms
[3170.053s][info][gc,heap        ] GC(657) Eden regions: 1108->0(1119)
[3170.053s][info][gc,heap        ] GC(657) Survivor regions: 111->109(153)
[3170.053s][info][gc,heap        ] GC(657) Old regions: 535->472
[3170.053s][info][gc,heap        ] GC(657) Humongous regions: 80->80
[3170.053s][info][gc,metaspace   ] GC(657) Metaspace: 28856K(29248K)->28856K(29248K) NonClass: 23989K(24192K)->23989K(24192K) Class: 4867K(5056K)->4867K(5056K)
[3170.053s][info][gc             ] GC(657) Pause Young (Mixed) (G1 Evacuation Pause) 3667M->1319M(4096M) 134.012ms
[3170.053s][info][gc,cpu         ] GC(657) User=0.79s Sys=0.00s Real=0.13s
...[3173.409s][info][gc,start       ] GC(658) Pause Young (Concurrent Start) (G1 Evacuation Pause)
[3173.409s][info][gc,task        ] GC(658) Using 6 workers of 6 for evacuation
[3173.529s][info][gc,phases      ] GC(658)   Pre Evacuate Collection Set: 0.38ms
[3173.529s][info][gc,phases      ] GC(658)   Merge Heap Roots: 0.50ms
[3173.529s][info][gc,phases      ] GC(658)   Evacuate Collection Set: 118.39ms
[3173.529s][info][gc,phases      ] GC(658)   Post Evacuate Collection Set: 0.90ms
[3173.529s][info][gc,phases      ] GC(658)   Other: 0.11ms
[3173.529s][info][gc,heap        ] GC(658) Eden regions: 1119->0(1118)
[3173.529s][info][gc,heap        ] GC(658) Survivor regions: 109->110(154)
[3173.529s][info][gc,heap        ] GC(658) Old regions: 472->503
[3173.529s][info][gc,heap        ] GC(658) Humongous regions: 80->80
[3173.529s][info][gc,metaspace   ] GC(658) Metaspace: 28858K(29248K)->28858K(29248K) NonClass: 23990K(24192K)->23990K(24192K) Class: 4867K(5056K)->4867K(5056K)
[3173.529s][info][gc             ] GC(658) Pause Young (Concurrent Start) (G1 Evacuation Pause) 3557M->1385M(4096M) 120.406ms
[3173.529s][info][gc             ] GC(659) Concurrent Mark Cycle
[3173.529s][info][gc,marking     ] GC(659) Concurrent Scan Root Regions
[3173.529s][info][gc,cpu         ] GC(658) User=0.72s Sys=0.00s Real=0.12s
[3173.665s][info][gc,marking     ] GC(659) Concurrent Scan Root Regions 135.690ms
[3173.665s][info][gc,marking     ] GC(659) Concurrent Mark
[3173.665s][info][gc,marking     ] GC(659) Concurrent Mark From Roots
[3173.665s][info][gc,task        ] GC(659) Using 2 workers of 2 for marking
.[3174.324s][info][gc,marking     ] GC(659) Concurrent Mark From Roots 659.284ms
[3174.324s][info][gc,marking     ] GC(659) Concurrent Preclean
[3174.325s][info][gc,marking     ] GC(659) Concurrent Preclean 0.302ms
[3174.325s][info][gc,start       ] GC(659) Pause Remark
[3174.330s][info][gc             ] GC(659) Pause Remark 1919M->1919M(4096M) 4.924ms
[3174.330s][info][gc,cpu         ] GC(659) User=0.03s Sys=0.00s Real=0.01s
[3174.330s][info][gc,marking     ] GC(659) Concurrent Mark 664.785ms
[3174.330s][info][gc,marking     ] GC(659) Concurrent Rebuild Remembered Sets and Scrub Regions
[3174.692s][info][gc,marking     ] GC(659) Concurrent Rebuild Remembered Sets and Scrub Regions 362.035ms
[3174.692s][info][gc,start       ] GC(659) Pause Cleanup
[3174.692s][info][gc             ] GC(659) Pause Cleanup 2174M->2174M(4096M) 0.125ms
[3174.692s][info][gc,cpu         ] GC(659) User=0.00s Sys=0.00s Real=0.00s
[3174.692s][info][gc,marking     ] GC(659) Concurrent Clear Claimed Marks
[3174.692s][info][gc,marking     ] GC(659) Concurrent Clear Claimed Marks 0.024ms
[3174.692s][info][gc,marking     ] GC(659) Concurrent Cleanup for Next Mark
[3174.697s][info][gc,marking     ] GC(659) Concurrent Cleanup for Next Mark 4.774ms
[3174.697s][info][gc             ] GC(659) Concurrent Mark Cycle 1167.805ms
. (rIR:aIR:PR = 5396:5397:5397) (tPR = 80162) [OK] 
  3174s: Performance info:
         Transaction,    Success,    Partial,     Failed,   Receipts, AvgBarcode, 
             Overall,     325661,          0,          0,     309386,      59.48, 
         Response times:
             Request,    Success,    Partial,     Failed,   SkipFail,     Probes,    Samples,      min,      p50,      p90,      p95,      p99,      max, 
       TotalPurchase,     309386,          0,          0,          0,     303288,     334327,      300,     4600,    11900,    31000,    85000,   229000,
     InStorePurchase,     162820,          0,          0,          0,     159854,     175987,      300,     4300,    11300,    30000,    84000,   229000,
      OnlinePurchase,     114016,          0,          0,          0,     111822,     123154,      300,     4800,    12400,    32000,    86000,   219000,
        InstPurchase,      32550,          0,          0,          0,      31612,      35186,      400,     5000,    13200,    35000,    87000,   214000,
          AssocOfCat,        325,          0,          0,          0,        242,        323,    22000,    37000,    65000,    89000,   162560,   181000,
      AssocOfProduct,       3268,          0,          0,          0,       3026,       3512,      800,     5600,    12870,    35350,    89000,   166000,
      BusinessReport,        810,          0,          0,          0,        718,        912,    25000,    41000,    71000,   100000,   161740,   207000,
          CustBuyBeh,       3250,          0,          0,          0,       2977,       3490,      300,     3900,    10600,    27450,    73270,   150000,
       ProductReturn,       8622,          0,          0,          0,       8301,       9455,      300,     4300,    11800,    31000,    88000,   159000,

  3174s: (40%)   IR =   5535 ..[3176.949s][info][gc,start       ] GC(660) Pause Young (Prepare Mixed) (G1 Evacuation Pause)
[3176.949s][info][gc,task        ] GC(660) Using 6 workers of 6 for evacuation
[3177.066s][info][gc,phases      ] GC(660)   Pre Evacuate Collection Set: 0.33ms
[3177.066s][info][gc,phases      ] GC(660)   Merge Heap Roots: 0.52ms
[3177.066s][info][gc,phases      ] GC(660)   Evacuate Collection Set: 115.57ms
[3177.066s][info][gc,phases      ] GC(660)   Post Evacuate Collection Set: 0.92ms
[3177.066s][info][gc,phases      ] GC(660)   Other: 0.10ms
[3177.066s][info][gc,heap        ] GC(660) Eden regions: 1118->0(1112)
[3177.066s][info][gc,heap        ] GC(660) Survivor regions: 110->109(154)
[3177.066s][info][gc,heap        ] GC(660) Old regions: 503->535
[3177.066s][info][gc,heap        ] GC(660) Humongous regions: 80->80
[3177.066s][info][gc,metaspace   ] GC(660) Metaspace: 28858K(29248K)->28858K(29248K) NonClass: 23990K(24192K)->23990K(24192K) Class: 4867K(5056K)->4867K(5056K)
[3177.066s][info][gc             ] GC(660) Pause Young (Prepare Mixed) (G1 Evacuation Pause) 3621M->1446M(4096M) 117.585ms
[3177.066s][info][gc,cpu         ] GC(660) User=0.70s Sys=0.00s Real=0.11s
..|.[3180.328s][info][gc,start       ] GC(661) Pause Young (Mixed) (G1 Evacuation Pause)
[3180.328s][info][gc,task        ] GC(661) Using 6 workers of 6 for evacuation
[3180.466s][info][gc,phases      ] GC(661)   Pre Evacuate Collection Set: 0.36ms
[3180.467s][info][gc,phases      ] GC(661)   Merge Heap Roots: 0.75ms
[3180.467s][info][gc,phases      ] GC(661)   Evacuate Collection Set: 136.08ms
[3180.467s][info][gc,phases      ] GC(661)   Post Evacuate Collection Set: 0.95ms
[3180.467s][info][gc,phases      ] GC(661)   Other: 0.09ms
[3180.467s][info][gc,heap        ] GC(661) Eden regions: 1112->0(1115)
[3180.467s][info][gc,heap        ] GC(661) Survivor regions: 109->113(153)
[3180.467s][info][gc,heap        ] GC(661) Old regions: 535->471
[3180.467s][info][gc,heap        ] GC(661) Humongous regions: 80->80
[3180.467s][info][gc,metaspace   ] GC(661) Metaspace: 28858K(29248K)->28858K(29248K) NonClass: 23990K(24192K)->23990K(24192K) Class: 4867K(5056K)->4867K(5056K)
[3180.467s][info][gc             ] GC(661) Pause Young (Mixed) (G1 Evacuation Pause) 3670M->1327M(4096M) 138.361ms
[3180.467s][info][gc,cpu         ] GC(661) User=0.82s Sys=0.00s Real=0.13s
...[3183.783s][info][gc,start       ] GC(662) Pause Young (Concurrent Start) (G1 Evacuation Pause)
[3183.783s][info][gc,task        ] GC(662) Using 6 workers of 6 for evacuation
[3183.900s][info][gc,phases      ] GC(662)   Pre Evacuate Collection Set: 0.43ms
[3183.900s][info][gc,phases      ] GC(662)   Merge Heap Roots: 0.52ms
[3183.900s][info][gc,phases      ] GC(662)   Evacuate Collection Set: 115.08ms
[3183.900s][info][gc,phases      ] GC(662)   Post Evacuate Collection Set: 0.89ms
[3183.900s][info][gc,phases      ] GC(662)   Other: 0.14ms
[3183.901s][info][gc,heap        ] GC(662) Eden regions: 1115->0(1121)
[3183.901s][info][gc,heap        ] GC(662) Survivor regions: 113->107(154)
[3183.901s][info][gc,heap        ] GC(662) Old regions: 471->504
[3183.901s][info][gc,heap        ] GC(662) Humongous regions: 80->80
[3183.901s][info][gc,metaspace   ] GC(662) Metaspace: 28858K(29248K)->28858K(29248K) NonClass: 23990K(24192K)->23990K(24192K) Class: 4867K(5056K)->4867K(5056K)
[3183.901s][info][gc             ] GC(662) Pause Young (Concurrent Start) (G1 Evacuation Pause) 3557M->1381M(4096M) 117.187ms
[3183.901s][info][gc             ] GC(663) Concurrent Mark Cycle
[3183.901s][info][gc,marking     ] GC(663) Concurrent Scan Root Regions
[3183.901s][info][gc,cpu         ] GC(662) User=0.69s Sys=0.00s Real=0.12s
.[3184.071s][info][gc,marking     ] GC(663) Concurrent Scan Root Regions 170.318ms
[3184.071s][info][gc,marking     ] GC(663) Concurrent Mark
[3184.071s][info][gc,marking     ] GC(663) Concurrent Mark From Roots
[3184.071s][info][gc,task        ] GC(663) Using 2 workers of 2 for marking
.[3185.070s][info][gc,marking     ] GC(663) Concurrent Mark From Roots 998.818ms
[3185.070s][info][gc,marking     ] GC(663) Concurrent Preclean
[3185.070s][info][gc,marking     ] GC(663) Concurrent Preclean 0.160ms
[3185.071s][info][gc,start       ] GC(663) Pause Remark
[3185.077s][info][gc             ] GC(663) Pause Remark 2251M->2251M(4096M) 6.122ms
[3185.077s][info][gc,cpu         ] GC(663) User=0.04s Sys=0.00s Real=0.00s
[3185.077s][info][gc,marking     ] GC(663) Concurrent Mark 1006.186ms
[3185.077s][info][gc,marking     ] GC(663) Concurrent Rebuild Remembered Sets and Scrub Regions
[3185.434s][info][gc,marking     ] GC(663) Concurrent Rebuild Remembered Sets and Scrub Regions 356.582ms
[3185.434s][info][gc,start       ] GC(663) Pause Cleanup
[3185.434s][info][gc             ] GC(663) Pause Cleanup 2479M->2479M(4096M) 0.122ms
[3185.434s][info][gc,cpu         ] GC(663) User=0.00s Sys=0.00s Real=0.00s
[3185.434s][info][gc,marking     ] GC(663) Concurrent Clear Claimed Marks
[3185.434s][info][gc,marking     ] GC(663) Concurrent Clear Claimed Marks 0.037ms
[3185.434s][info][gc,marking     ] GC(663) Concurrent Cleanup for Next Mark
[3185.438s][info][gc,marking     ] GC(663) Concurrent Cleanup for Next Mark 4.313ms
[3185.439s][info][gc             ] GC(663) Concurrent Mark Cycle 1537.954ms
..[3187.129s][info][gc,start       ] GC(664) Pause Young (Prepare Mixed) (G1 Evacuation Pause)
[3187.129s][info][gc,task        ] GC(664) Using 6 workers of 6 for evacuation
[3187.248s][info][gc,phases      ] GC(664)   Pre Evacuate Collection Set: 0.34ms
[3187.248s][info][gc,phases      ] GC(664)   Merge Heap Roots: 0.56ms
[3187.248s][info][gc,phases      ] GC(664)   Evacuate Collection Set: 116.68ms
[3187.248s][info][gc,phases      ] GC(664)   Post Evacuate Collection Set: 0.91ms
[3187.248s][info][gc,phases      ] GC(664)   Other: 0.08ms
[3187.248s][info][gc,heap        ] GC(664) Eden regions: 1121->0(1110)
[3187.248s][info][gc,heap        ] GC(664) Survivor regions: 107->110(154)
[3187.248s][info][gc,heap        ] GC(664) Old regions: 504->535
[3187.248s][info][gc,heap        ] GC(664) Humongous regions: 80->80
[3187.248s][info][gc,metaspace   ] GC(664) Metaspace: 28858K(29248K)->28858K(29248K) NonClass: 23990K(24192K)->23990K(24192K) Class: 4867K(5056K)->4867K(5056K)
[3187.248s][info][gc             ] GC(664) Pause Young (Prepare Mixed) (G1 Evacuation Pause) 3623M->1449M(4096M) 118.713ms
[3187.248s][info][gc,cpu         ] GC(664) User=0.70s Sys=0.00s Real=0.12s
...[3190.615s][info][gc,start       ] GC(665) Pause Young (Mixed) (G1 Evacuation Pause)
[3190.615s][info][gc,task        ] GC(665) Using 6 workers of 6 for evacuation
[3190.746s][info][gc,phases      ] GC(665)   Pre Evacuate Collection Set: 0.38ms
[3190.746s][info][gc,phases      ] GC(665)   Merge Heap Roots: 0.61ms
[3190.746s][info][gc,phases      ] GC(665)   Evacuate Collection Set: 128.95ms
[3190.746s][info][gc,phases      ] GC(665)   Post Evacuate Collection Set: 0.95ms
[3190.746s][info][gc,phases      ] GC(665)   Other: 0.09ms
[3190.746s][info][gc,heap        ] GC(665) Eden regions: 1110->0(1121)
[3190.746s][info][gc,heap        ] GC(665) Survivor regions: 110->107(153)
[3190.746s][info][gc,heap        ] GC(665) Old regions: 535->473
[3190.746s][info][gc,heap        ] GC(665) Humongous regions: 80->80
[3190.746s][info][gc,metaspace   ] GC(665) Metaspace: 28858K(29248K)->28858K(29248K) NonClass: 23990K(24192K)->23990K(24192K) Class: 4867K(5056K)->4867K(5056K)
[3190.746s][info][gc             ] GC(665) Pause Young (Mixed) (G1 Evacuation Pause) 3669M->1319M(4096M) 131.105ms
[3190.746s][info][gc,cpu         ] GC(665) User=0.78s Sys=0.00s Real=0.13s
....[3194.000s][info][gc,start       ] GC(666) Pause Young (Concurrent Start) (G1 Evacuation Pause)
[3194.000s][info][gc,task        ] GC(666) Using 6 workers of 6 for evacuation
[3194.117s][info][gc,phases      ] GC(666)   Pre Evacuate Collection Set: 0.36ms
[3194.117s][info][gc,phases      ] GC(666)   Merge Heap Roots: 0.43ms
[3194.117s][info][gc,phases      ] GC(666)   Evacuate Collection Set: 114.30ms
[3194.117s][info][gc,phases      ] GC(666)   Post Evacuate Collection Set: 0.90ms
[3194.117s][info][gc,phases      ] GC(666)   Other: 0.11ms
[3194.117s][info][gc,heap        ] GC(666) Eden regions: 1121->0(1118)
[3194.117s][info][gc,heap        ] GC(666) Survivor regions: 107->110(154)
[3194.117s][info][gc,heap        ] GC(666) Old regions: 473->504
[3194.117s][info][gc,heap        ] GC(666) Humongous regions: 80->80
[3194.117s][info][gc,metaspace   ] GC(666) Metaspace: 28858K(29248K)->28858K(29248K) NonClass: 23990K(24192K)->23990K(24192K) Class: 4867K(5056K)->4867K(5056K)
[3194.117s][info][gc             ] GC(666) Pause Young (Concurrent Start) (G1 Evacuation Pause) 3561M->1385M(4096M) 116.230ms
[3194.117s][info][gc             ] GC(667) Concurrent Mark Cycle
[3194.117s][info][gc,marking     ] GC(667) Concurrent Scan Root Regions
[3194.117s][info][gc,cpu         ] GC(666) User=0.68s Sys=0.00s Real=0.11s
[3194.286s][info][gc,marking     ] GC(667) Concurrent Scan Root Regions 169.502ms
[3194.286s][info][gc,marking     ] GC(667) Concurrent Mark
[3194.286s][info][gc,marking     ] GC(667) Concurrent Mark From Roots
[3194.286s][info][gc,task        ] GC(667) Using 2 workers of 2 for marking
.[3195.281s][info][gc,marking     ] GC(667) Concurrent Mark From Roots 995.225ms
[3195.282s][info][gc,marking     ] GC(667) Concurrent Preclean
[3195.282s][info][gc,marking     ] GC(667) Concurrent Preclean 0.253ms
[3195.282s][info][gc,start       ] GC(667) Pause Remark
[3195.287s][info][gc             ] GC(667) Pause Remark 2214M->2214M(4096M) 4.775ms
[3195.287s][info][gc,cpu         ] GC(667) User=0.02s Sys=0.00s Real=0.00s
[3195.287s][info][gc,marking     ] GC(667) Concurrent Mark 1000.520ms
[3195.287s][info][gc,marking     ] GC(667) Concurrent Rebuild Remembered Sets and Scrub Regions
[3195.531s][info][gc,marking     ] GC(667) Concurrent Rebuild Remembered Sets and Scrub Regions 244.605ms
[3195.532s][info][gc,start       ] GC(667) Pause Cleanup
[3195.532s][info][gc             ] GC(667) Pause Cleanup 2379M->2379M(4096M) 0.128ms
[3195.532s][info][gc,cpu         ] GC(667) User=0.00s Sys=0.00s Real=0.00s
[3195.532s][info][gc,marking     ] GC(667) Concurrent Clear Claimed Marks
[3195.532s][info][gc,marking     ] GC(667) Concurrent Clear Claimed Marks 0.046ms
[3195.532s][info][gc,marking     ] GC(667) Concurrent Cleanup for Next Mark
[3195.538s][info][gc,marking     ] GC(667) Concurrent Cleanup for Next Mark 5.663ms
[3195.538s][info][gc             ] GC(667) Concurrent Mark Cycle 1421.564ms
..[3197.417s][info][gc,start       ] GC(668) Pause Young (Prepare Mixed) (G1 Evacuation Pause)
[3197.417s][info][gc,task        ] GC(668) Using 6 workers of 6 for evacuation
[3197.536s][info][gc,phases      ] GC(668)   Pre Evacuate Collection Set: 0.32ms
[3197.536s][info][gc,phases      ] GC(668)   Merge Heap Roots: 0.57ms
[3197.536s][info][gc,phases      ] GC(668)   Evacuate Collection Set: 116.87ms
[3197.536s][info][gc,phases      ] GC(668)   Post Evacuate Collection Set: 0.93ms
[3197.536s][info][gc,phases      ] GC(668)   Other: 0.09ms
[3197.536s][info][gc,heap        ] GC(668) Eden regions: 1118->0(1111)
[3197.536s][info][gc,heap        ] GC(668) Survivor regions: 110->109(154)
[3197.536s][info][gc,heap        ] GC(668) Old regions: 504->536
[3197.536s][info][gc,heap        ] GC(668) Humongous regions: 80->80
[3197.536s][info][gc,metaspace   ] GC(668) Metaspace: 28858K(29248K)->28858K(29248K) NonClass: 23991K(24192K)->23991K(24192K) Class: 4867K(5056K)->4867K(5056K)
[3197.536s][info][gc             ] GC(668) Pause Young (Prepare Mixed) (G1 Evacuation Pause) 3621M->1448M(4096M) 118.909ms
[3197.536s][info][gc,cpu         ] GC(668) User=0.71s Sys=0.00s Real=0.12s
...[3200.803s][info][gc,start       ] GC(669) Pause Young (Mixed) (G1 Evacuation Pause)
[3200.803s][info][gc,task        ] GC(669) Using 6 workers of 6 for evacuation
[3200.940s][info][gc,phases      ] GC(669)   Pre Evacuate Collection Set: 0.35ms
[3200.940s][info][gc,phases      ] GC(669)   Merge Heap Roots: 0.73ms
[3200.940s][info][gc,phases      ] GC(669)   Evacuate Collection Set: 134.41ms
[3200.940s][info][gc,phases      ] GC(669)   Post Evacuate Collection Set: 0.96ms
[3200.940s][info][gc,phases      ] GC(669)   Other: 0.09ms
[3200.940s][info][gc,heap        ] GC(669) Eden regions: 1111->0(1118)
[3200.940s][info][gc,heap        ] GC(669) Survivor regions: 109->110(153)
[3200.940s][info][gc,heap        ] GC(669) Old regions: 536->471
[3200.940s][info][gc,heap        ] GC(669) Humongous regions: 80->80
[3200.940s][info][gc,metaspace   ] GC(669) Metaspace: 28858K(29248K)->28858K(29248K) NonClass: 23991K(24192K)->23991K(24192K) Class: 4867K(5056K)->4867K(5056K)
[3200.940s][info][gc             ] GC(669) Pause Young (Mixed) (G1 Evacuation Pause) 3670M->1320M(4096M) 136.664ms
[3200.940s][info][gc,cpu         ] GC(669) User=0.81s Sys=0.00s Real=0.14s
....[3204.199s][info][gc,start       ] GC(670) Pause Young (Concurrent Start) (G1 Evacuation Pause)
[3204.199s][info][gc,task        ] GC(670) Using 6 workers of 6 for evacuation
[3204.316s][info][gc,phases      ] GC(670)   Pre Evacuate Collection Set: 0.38ms
[3204.316s][info][gc,phases      ] GC(670)   Merge Heap Roots: 0.47ms
[3204.316s][info][gc,phases      ] GC(670)   Evacuate Collection Set: 114.48ms
[3204.316s][info][gc,phases      ] GC(670)   Post Evacuate Collection Set: 0.89ms
[3204.316s][info][gc,phases      ] GC(670)   Other: 0.11ms
[3204.316s][info][gc,heap        ] GC(670) Eden regions: 1118->0(1118)
[3204.316s][info][gc,heap        ] GC(670) Survivor regions: 110->110(154)
[3204.316s][info][gc,heap        ] GC(670) Old regions: 471->502
[3204.316s][info][gc,heap        ] GC(670) Humongous regions: 80->80
[3204.316s][info][gc,metaspace   ] GC(670) Metaspace: 28858K(29248K)->28858K(29248K) NonClass: 23991K(24192K)->23991K(24192K) Class: 4867K(5056K)->4867K(5056K)
[3204.316s][info][gc             ] GC(670) Pause Young (Concurrent Start) (G1 Evacuation Pause) 3556M->1383M(4096M) 116.477ms
[3204.316s][info][gc             ] GC(671) Concurrent Mark Cycle
[3204.316s][info][gc,marking     ] GC(671) Concurrent Scan Root Regions
[3204.316s][info][gc,cpu         ] GC(670) User=0.69s Sys=0.00s Real=0.11s
[3204.449s][info][gc,marking     ] GC(671) Concurrent Scan Root Regions 133.016ms
[3204.449s][info][gc,marking     ] GC(671) Concurrent Mark
[3204.449s][info][gc,marking     ] GC(671) Concurrent Mark From Roots
[3204.449s][info][gc,task        ] GC(671) Using 2 workers of 2 for marking
.[3205.134s][info][gc,marking     ] GC(671) Concurrent Mark From Roots 684.826ms
[3205.134s][info][gc,marking     ] GC(671) Concurrent Preclean
[3205.134s][info][gc,marking     ] GC(671) Concurrent Preclean 0.265ms
[3205.135s][info][gc,start       ] GC(671) Pause Remark
[3205.137s][info][gc             ] GC(671) Pause Remark 1983M->1983M(4096M) 2.474ms
[3205.137s][info][gc,cpu         ] GC(671) User=0.01s Sys=0.00s Real=0.00s
[3205.138s][info][gc,marking     ] GC(671) Concurrent Mark 689.306ms
[3205.138s][info][gc,marking     ] GC(671) Concurrent Rebuild Remembered Sets and Scrub Regions
[3205.372s][info][gc,marking     ] GC(671) Concurrent Rebuild Remembered Sets and Scrub Regions 233.693ms
[3205.373s][info][gc,start       ] GC(671) Pause Cleanup
[3205.373s][info][gc             ] GC(671) Pause Cleanup 2110M->2110M(4096M) 0.109ms
[3205.373s][info][gc,cpu         ] GC(671) User=0.00s Sys=0.00s Real=0.00s
[3205.373s][info][gc,marking     ] GC(671) Concurrent Clear Claimed Marks
[3205.373s][info][gc,marking     ] GC(671) Concurrent Clear Claimed Marks 0.027ms
[3205.373s][info][gc,marking     ] GC(671) Concurrent Cleanup for Next Mark
[3205.379s][info][gc,marking     ] GC(671) Concurrent Cleanup for Next Mark 5.615ms
[3205.379s][info][gc             ] GC(671) Concurrent Mark Cycle 1062.939ms
..[3207.619s][info][gc,start       ] GC(672) Pause Young (Prepare Mixed) (G1 Evacuation Pause)
[3207.619s][info][gc,task        ] GC(672) Using 6 workers of 6 for evacuation
[3207.739s][info][gc,phases      ] GC(672)   Pre Evacuate Collection Set: 0.34ms
[3207.739s][info][gc,phases      ] GC(672)   Merge Heap Roots: 0.55ms
[3207.739s][info][gc,phases      ] GC(672)   Evacuate Collection Set: 117.80ms
[3207.739s][info][gc,phases      ] GC(672)   Post Evacuate Collection Set: 0.95ms
[3207.739s][info][gc,phases      ] GC(672)   Other: 0.09ms
[3207.739s][info][gc,heap        ] GC(672) Eden regions: 1118->0(1109)
[3207.739s][info][gc,heap        ] GC(672) Survivor regions: 110->111(154)
[3207.739s][info][gc,heap        ] GC(672) Old regions: 502->534
[3207.739s][info][gc,heap        ] GC(672) Humongous regions: 80->80
[3207.739s][info][gc,metaspace   ] GC(672) Metaspace: 28858K(29248K)->28858K(29248K) NonClass: 23991K(24192K)->23991K(24192K) Class: 4867K(5056K)->4867K(5056K)
[3207.739s][info][gc             ] GC(672) Pause Young (Prepare Mixed) (G1 Evacuation Pause) 3619M->1448M(4096M) 119.869ms
[3207.739s][info][gc,cpu         ] GC(672) User=0.71s Sys=0.00s Real=0.12s
....[3211.062s][info][gc,start       ] GC(673) Pause Young (Mixed) (G1 Evacuation Pause)
[3211.062s][info][gc,task        ] GC(673) Using 6 workers of 6 for evacuation
[3211.194s][info][gc,phases      ] GC(673)   Pre Evacuate Collection Set: 0.37ms
[3211.194s][info][gc,phases      ] GC(673)   Merge Heap Roots: 0.67ms
[3211.194s][info][gc,phases      ] GC(673)   Evacuate Collection Set: 130.39ms
[3211.194s][info][gc,phases      ] GC(673)   Post Evacuate Collection Set: 0.96ms
[3211.194s][info][gc,phases      ] GC(673)   Other: 0.09ms
[3211.194s][info][gc,heap        ] GC(673) Eden regions: 1109->0(1119)
[3211.194s][info][gc,heap        ] GC(673) Survivor regions: 111->109(153)
[3211.194s][info][gc,heap        ] GC(673) Old regions: 534->471
[3211.194s][info][gc,heap        ] GC(673) Humongous regions: 80->80
[3211.194s][info][gc,metaspace   ] GC(673) Metaspace: 28858K(29248K)->28858K(29248K) NonClass: 23991K(24192K)->23991K(24192K) Class: 4867K(5056K)->4867K(5056K)
[3211.194s][info][gc             ] GC(673) Pause Young (Mixed) (G1 Evacuation Pause) 3666M->1319M(4096M) 132.629ms
[3211.194s][info][gc,cpu         ] GC(673) User=0.78s Sys=0.00s Real=0.13s
...[3214.465s][info][gc,start       ] GC(674) Pause Young (Concurrent Start) (G1 Evacuation Pause)
[3214.465s][info][gc,task        ] GC(674) Using 6 workers of 6 for evacuation
[3214.585s][info][gc,phases      ] GC(674)   Pre Evacuate Collection Set: 0.37ms
[3214.585s][info][gc,phases      ] GC(674)   Merge Heap Roots: 0.44ms
[3214.585s][info][gc,phases      ] GC(674)   Evacuate Collection Set: 118.76ms
[3214.585s][info][gc,phases      ] GC(674)   Post Evacuate Collection Set: 0.89ms
[3214.585s][info][gc,phases      ] GC(674)   Other: 0.11ms
[3214.585s][info][gc,heap        ] GC(674) Eden regions: 1119->0(1115)
[3214.585s][info][gc,heap        ] GC(674) Survivor regions: 109->113(154)
[3214.585s][info][gc,heap        ] GC(674) Old regions: 471->503
[3214.585s][info][gc,heap        ] GC(674) Humongous regions: 80->80
[3214.585s][info][gc,metaspace   ] GC(674) Metaspace: 28858K(29248K)->28858K(29248K) NonClass: 23991K(24192K)->23991K(24192K) Class: 4867K(5056K)->4867K(5056K)
[3214.585s][info][gc             ] GC(674) Pause Young (Concurrent Start) (G1 Evacuation Pause) 3557M->1390M(4096M) 120.692ms
[3214.585s][info][gc             ] GC(675) Concurrent Mark Cycle
[3214.585s][info][gc,marking     ] GC(675) Concurrent Scan Root Regions
[3214.585s][info][gc,cpu         ] GC(674) User=0.72s Sys=0.00s Real=0.12s
[3214.756s][info][gc,marking     ] GC(675) Concurrent Scan Root Regions 170.567ms
[3214.756s][info][gc,marking     ] GC(675) Concurrent Mark
[3214.756s][info][gc,marking     ] GC(675) Concurrent Mark From Roots
[3214.756s][info][gc,task        ] GC(675) Using 2 workers of 2 for marking
.[3215.532s][info][gc,marking     ] GC(675) Concurrent Mark From Roots 775.421ms
[3215.532s][info][gc,marking     ] GC(675) Concurrent Preclean
[3215.532s][info][gc,marking     ] GC(675) Concurrent Preclean 0.191ms
[3215.532s][info][gc,start       ] GC(675) Pause Remark
[3215.537s][info][gc             ] GC(675) Pause Remark 2064M->2064M(4096M) 4.897ms
[3215.537s][info][gc,cpu         ] GC(675) User=0.02s Sys=0.01s Real=0.00s
[3215.537s][info][gc,marking     ] GC(675) Concurrent Mark 780.783ms
[3215.537s][info][gc,marking     ] GC(675) Concurrent Rebuild Remembered Sets and Scrub Regions
[3215.894s][info][gc,marking     ] GC(675) Concurrent Rebuild Remembered Sets and Scrub Regions 356.912ms
[3215.894s][info][gc,start       ] GC(675) Pause Cleanup
[3215.894s][info][gc             ] GC(675) Pause Cleanup 2295M->2295M(4096M) 0.117ms
[3215.894s][info][gc,cpu         ] GC(675) User=0.00s Sys=0.00s Real=0.00s
[3215.894s][info][gc,marking     ] GC(675) Concurrent Clear Claimed Marks
[3215.894s][info][gc,marking     ] GC(675) Concurrent Clear Claimed Marks 0.022ms
[3215.894s][info][gc,marking     ] GC(675) Concurrent Cleanup for Next Mark
[3215.897s][info][gc,marking     ] GC(675) Concurrent Cleanup for Next Mark 3.378ms
[3215.898s][info][gc             ] GC(675) Concurrent Mark Cycle 1312.119ms
..[3217.839s][info][gc,start       ] GC(676) Pause Young (Prepare Mixed) (G1 Evacuation Pause)
[3217.839s][info][gc,task        ] GC(676) Using 6 workers of 6 for evacuation
[3217.959s][info][gc,phases      ] GC(676)   Pre Evacuate Collection Set: 0.34ms
[3217.959s][info][gc,phases      ] GC(676)   Merge Heap Roots: 0.52ms
[3217.959s][info][gc,phases      ] GC(676)   Evacuate Collection Set: 118.85ms
[3217.959s][info][gc,phases      ] GC(676)   Post Evacuate Collection Set: 0.94ms
[3217.959s][info][gc,phases      ] GC(676)   Other: 0.10ms
[3217.959s][info][gc,heap        ] GC(676) Eden regions: 1115->0(1106)
[3217.959s][info][gc,heap        ] GC(676) Survivor regions: 113->112(154)
[3217.959s][info][gc,heap        ] GC(676) Old regions: 503->535
[3217.959s][info][gc,heap        ] GC(676) Humongous regions: 80->80
[3217.959s][info][gc,metaspace   ] GC(676) Metaspace: 28858K(29248K)->28858K(29248K) NonClass: 23991K(24192K)->23991K(24192K) Class: 4867K(5056K)->4867K(5056K)
[3217.959s][info][gc             ] GC(676) Pause Young (Prepare Mixed) (G1 Evacuation Pause) 3620M->1452M(4096M) 120.894ms
[3217.959s][info][gc,cpu         ] GC(676) User=0.71s Sys=0.00s Real=0.12s
....[3221.229s][info][gc,start       ] GC(677) Pause Young (Mixed) (G1 Evacuation Pause)
[3221.229s][info][gc,task        ] GC(677) Using 6 workers of 6 for evacuation
[3221.364s][info][gc,phases      ] GC(677)   Pre Evacuate Collection Set: 0.37ms
[3221.364s][info][gc,phases      ] GC(677)   Merge Heap Roots: 0.65ms
[3221.364s][info][gc,phases      ] GC(677)   Evacuate Collection Set: 132.74ms
[3221.364s][info][gc,phases      ] GC(677)   Post Evacuate Collection Set: 0.95ms
[3221.364s][info][gc,phases      ] GC(677)   Other: 0.09ms
[3221.364s][info][gc,heap        ] GC(677) Eden regions: 1106->0(1117)
[3221.364s][info][gc,heap        ] GC(677) Survivor regions: 112->111(153)
[3221.364s][info][gc,heap        ] GC(677) Old regions: 535->472
[3221.364s][info][gc,heap        ] GC(677) Humongous regions: 80->80
[3221.364s][info][gc,metaspace   ] GC(677) Metaspace: 28858K(29248K)->28858K(29248K) NonClass: 23991K(24192K)->23991K(24192K) Class: 4867K(5056K)->4867K(5056K)
[3221.364s][info][gc             ] GC(677) Pause Young (Mixed) (G1 Evacuation Pause) 3664M->1323M(4096M) 134.924ms
[3221.364s][info][gc,cpu         ] GC(677) User=0.80s Sys=0.00s Real=0.13s
...[3224.664s][info][gc,start       ] GC(678) Pause Young (Concurrent Start) (G1 Evacuation Pause)
[3224.665s][info][gc,task        ] GC(678) Using 6 workers of 6 for evacuation
[3224.780s][info][gc,phases      ] GC(678)   Pre Evacuate Collection Set: 0.37ms
[3224.780s][info][gc,phases      ] GC(678)   Merge Heap Roots: 0.48ms
[3224.780s][info][gc,phases      ] GC(678)   Evacuate Collection Set: 113.60ms
[3224.780s][info][gc,phases      ] GC(678)   Post Evacuate Collection Set: 0.86ms
[3224.780s][info][gc,phases      ] GC(678)   Other: 0.11ms
[3224.780s][info][gc,heap        ] GC(678) Eden regions: 1117->0(1120)
[3224.780s][info][gc,heap        ] GC(678) Survivor regions: 111->108(154)
[3224.780s][info][gc,heap        ] GC(678) Old regions: 472->503
[3224.780s][info][gc,heap        ] GC(678) Humongous regions: 80->80
[3224.780s][info][gc,metaspace   ] GC(678) Metaspace: 28858K(29248K)->28858K(29248K) NonClass: 23991K(24192K)->23991K(24192K) Class: 4867K(5056K)->4867K(5056K)
[3224.780s][info][gc             ] GC(678) Pause Young (Concurrent Start) (G1 Evacuation Pause) 3557M->1379M(4096M) 115.562ms
[3224.780s][info][gc             ] GC(679) Concurrent Mark Cycle
[3224.780s][info][gc,marking     ] GC(679) Concurrent Scan Root Regions
[3224.780s][info][gc,cpu         ] GC(678) User=0.68s Sys=0.01s Real=0.12s
[3224.951s][info][gc,marking     ] GC(679) Concurrent Scan Root Regions 171.039ms
[3224.951s][info][gc,marking     ] GC(679) Concurrent Mark
[3224.951s][info][gc,marking     ] GC(679) Concurrent Mark From Roots
[3224.951s][info][gc,task        ] GC(679) Using 2 workers of 2 for marking
.[3225.967s][info][gc,marking     ] GC(679) Concurrent Mark From Roots 1015.750ms
[3225.967s][info][gc,marking     ] GC(679) Concurrent Preclean
[3225.967s][info][gc,marking     ] GC(679) Concurrent Preclean 0.152ms
[3225.968s][info][gc,start       ] GC(679) Pause Remark
[3225.973s][info][gc             ] GC(679) Pause Remark 2239M->2239M(4096M) 5.047ms
[3225.973s][info][gc,cpu         ] GC(679) User=0.03s Sys=0.00s Real=0.01s
[3225.974s][info][gc,marking     ] GC(679) Concurrent Mark 1022.426ms
[3225.974s][info][gc,marking     ] GC(679) Concurrent Rebuild Remembered Sets and Scrub Regions
.[3226.278s][info][gc,marking     ] GC(679) Concurrent Rebuild Remembered Sets and Scrub Regions 304.335ms
[3226.279s][info][gc,start       ] GC(679) Pause Cleanup
[3226.279s][info][gc             ] GC(679) Pause Cleanup 2461M->2461M(4096M) 0.129ms
[3226.279s][info][gc,cpu         ] GC(679) User=0.00s Sys=0.00s Real=0.00s
[3226.280s][info][gc,marking     ] GC(679) Concurrent Clear Claimed Marks
[3226.280s][info][gc,marking     ] GC(679) Concurrent Clear Claimed Marks 0.039ms
[3226.280s][info][gc,marking     ] GC(679) Concurrent Cleanup for Next Mark
[3226.285s][info][gc,marking     ] GC(679) Concurrent Cleanup for Next Mark 4.984ms
[3226.285s][info][gc             ] GC(679) Concurrent Mark Cycle 1504.663ms
..[3228.081s][info][gc,start       ] GC(680) Pause Young (Prepare Mixed) (G1 Evacuation Pause)
[3228.081s][info][gc,task        ] GC(680) Using 6 workers of 6 for evacuation
[3228.199s][info][gc,phases      ] GC(680)   Pre Evacuate Collection Set: 0.32ms
[3228.199s][info][gc,phases      ] GC(680)   Merge Heap Roots: 0.49ms
[3228.199s][info][gc,phases      ] GC(680)   Evacuate Collection Set: 116.12ms
[3228.199s][info][gc,phases      ] GC(680)   Post Evacuate Collection Set: 0.92ms
[3228.199s][info][gc,phases      ] GC(680)   Other: 0.08ms
[3228.199s][info][gc,heap        ] GC(680) Eden regions: 1120->0(1107)
[3228.199s][info][gc,heap        ] GC(680) Survivor regions: 108->112(154)
[3228.199s][info][gc,heap        ] GC(680) Old regions: 503->534
[3228.199s][info][gc,heap        ] GC(680) Humongous regions: 80->80
[3228.199s][info][gc,metaspace   ] GC(680) Metaspace: 28859K(29248K)->28859K(29248K) NonClass: 23992K(24192K)->23992K(24192K) Class: 4867K(5056K)->4867K(5056K)
[3228.199s][info][gc             ] GC(680) Pause Young (Prepare Mixed) (G1 Evacuation Pause) 3619M->1450M(4096M) 118.080ms
[3228.199s][info][gc,cpu         ] GC(680) User=0.70s Sys=0.00s Real=0.12s
...[3231.450s][info][gc,start       ] GC(681) Pause Young (Mixed) (G1 Evacuation Pause)
[3231.450s][info][gc,task        ] GC(681) Using 6 workers of 6 for evacuation
[3231.584s][info][gc,phases      ] GC(681)   Pre Evacuate Collection Set: 0.37ms
[3231.584s][info][gc,phases      ] GC(681)   Merge Heap Roots: 0.68ms
[3231.584s][info][gc,phases      ] GC(681)   Evacuate Collection Set: 131.48ms
[3231.584s][info][gc,phases      ] GC(681)   Post Evacuate Collection Set: 0.95ms
[3231.584s][info][gc,phases      ] GC(681)   Other: 0.08ms
[3231.584s][info][gc,heap        ] GC(681) Eden regions: 1107->0(1118)
[3231.584s][info][gc,heap        ] GC(681) Survivor regions: 112->110(153)
[3231.584s][info][gc,heap        ] GC(681) Old regions: 534->471
[3231.584s][info][gc,heap        ] GC(681) Humongous regions: 80->80
[3231.584s][info][gc,metaspace   ] GC(681) Metaspace: 28859K(29248K)->28859K(29248K) NonClass: 23992K(24192K)->23992K(24192K) Class: 4867K(5056K)->4867K(5056K)
[3231.584s][info][gc             ] GC(681) Pause Young (Mixed) (G1 Evacuation Pause) 3664M->1319M(4096M) 133.686ms
[3231.584s][info][gc,cpu         ] GC(681) User=0.78s Sys=0.00s Real=0.13s
...[3234.820s][info][gc,start       ] GC(682) Pause Young (Concurrent Start) (G1 Evacuation Pause)
[3234.821s][info][gc,task        ] GC(682) Using 6 workers of 6 for evacuation
[3234.936s][info][gc,phases      ] GC(682)   Pre Evacuate Collection Set: 0.37ms
[3234.936s][info][gc,phases      ] GC(682)   Merge Heap Roots: 0.52ms
[3234.936s][info][gc,phases      ] GC(682)   Evacuate Collection Set: 113.51ms
[3234.936s][info][gc,phases      ] GC(682)   Post Evacuate Collection Set: 0.88ms
[3234.936s][info][gc,phases      ] GC(682)   Other: 0.13ms
[3234.936s][info][gc,heap        ] GC(682) Eden regions: 1118->0(1120)
[3234.936s][info][gc,heap        ] GC(682) Survivor regions: 110->108(154)
[3234.936s][info][gc,heap        ] GC(682) Old regions: 471->502
[3234.936s][info][gc,heap        ] GC(682) Humongous regions: 80->80
[3234.936s][info][gc,metaspace   ] GC(682) Metaspace: 28859K(29248K)->28859K(29248K) NonClass: 23992K(24192K)->23992K(24192K) Class: 4867K(5056K)->4867K(5056K)
[3234.936s][info][gc             ] GC(682) Pause Young (Concurrent Start) (G1 Evacuation Pause) 3555M->1378M(4096M) 115.547ms
[3234.936s][info][gc             ] GC(683) Concurrent Mark Cycle
[3234.936s][info][gc,marking     ] GC(683) Concurrent Scan Root Regions
[3234.936s][info][gc,cpu         ] GC(682) User=0.68s Sys=0.00s Real=0.11s
.[3235.092s][info][gc,marking     ] GC(683) Concurrent Scan Root Regions 156.150ms
[3235.092s][info][gc,marking     ] GC(683) Concurrent Mark
[3235.092s][info][gc,marking     ] GC(683) Concurrent Mark From Roots
[3235.092s][info][gc,task        ] GC(683) Using 2 workers of 2 for marking
[3235.899s][info][gc,marking     ] GC(683) Concurrent Mark From Roots 807.188ms
[3235.900s][info][gc,marking     ] GC(683) Concurrent Preclean
[3235.900s][info][gc,marking     ] GC(683) Concurrent Preclean 0.270ms
[3235.901s][info][gc,start       ] GC(683) Pause Remark
[3235.905s][info][gc             ] GC(683) Pause Remark 2060M->2060M(4096M) 4.653ms
[3235.905s][info][gc,cpu         ] GC(683) User=0.02s Sys=0.00s Real=0.00s
[3235.906s][info][gc,marking     ] GC(683) Concurrent Mark 813.696ms
[3235.906s][info][gc,marking     ] GC(683) Concurrent Rebuild Remembered Sets and Scrub Regions
.[3236.232s][info][gc,marking     ] GC(683) Concurrent Rebuild Remembered Sets and Scrub Regions 325.580ms
[3236.232s][info][gc,start       ] GC(683) Pause Cleanup
[3236.232s][info][gc             ] GC(683) Pause Cleanup 2276M->2276M(4096M) 0.111ms
[3236.232s][info][gc,cpu         ] GC(683) User=0.00s Sys=0.00s Real=0.00s
[3236.232s][info][gc,marking     ] GC(683) Concurrent Clear Claimed Marks
[3236.232s][info][gc,marking     ] GC(683) Concurrent Clear Claimed Marks 0.022ms
[3236.232s][info][gc,marking     ] GC(683) Concurrent Cleanup for Next Mark
[3236.236s][info][gc,marking     ] GC(683) Concurrent Cleanup for Next Mark 3.934ms
[3236.236s][info][gc             ] GC(683) Concurrent Mark Cycle 1299.834ms
..[3238.287s][info][gc,start       ] GC(684) Pause Young (Prepare Mixed) (G1 Evacuation Pause)
[3238.287s][info][gc,task        ] GC(684) Using 6 workers of 6 for evacuation
[3238.406s][info][gc,phases      ] GC(684)   Pre Evacuate Collection Set: 0.32ms
[3238.406s][info][gc,phases      ] GC(684)   Merge Heap Roots: 0.50ms
[3238.406s][info][gc,phases      ] GC(684)   Evacuate Collection Set: 117.01ms
[3238.406s][info][gc,phases      ] GC(684)   Post Evacuate Collection Set: 0.98ms
[3238.406s][info][gc,phases      ] GC(684)   Other: 0.10ms
[3238.406s][info][gc,heap        ] GC(684) Eden regions: 1120->0(1107)
[3238.406s][info][gc,heap        ] GC(684) Survivor regions: 108->112(154)
[3238.406s][info][gc,heap        ] GC(684) Old regions: 502->534
[3238.406s][info][gc,heap        ] GC(684) Humongous regions: 80->80
[3238.406s][info][gc,metaspace   ] GC(684) Metaspace: 28859K(29248K)->28859K(29248K) NonClass: 23992K(24192K)->23992K(24192K) Class: 4867K(5056K)->4867K(5056K)
[3238.406s][info][gc             ] GC(684) Pause Young (Prepare Mixed) (G1 Evacuation Pause) 3618M->1450M(4096M) 119.034ms
[3238.406s][info][gc,cpu         ] GC(684) User=0.71s Sys=0.00s Real=0.12s
. (rIR:aIR:PR = 5535:5535:5535) (tPR = 82274) [OK] 
  3238s: Performance info:
         Transaction,    Success,    Partial,     Failed,   Receipts, AvgBarcode, 
             Overall,     333505,          0,          0,     316822,      59.47, 
         Response times:
             Request,    Success,    Partial,     Failed,   SkipFail,     Probes,    Samples,      min,      p50,      p90,      p95,      p99,      max, 
       TotalPurchase,     316822,          0,          0,          0,     311085,     333038,      300,     4600,    11300,    26000,    66000,   211000,
     InStorePurchase,     166783,          0,          0,          0,     164090,     174943,      300,     4500,    11200,    25000,    66000,   211000,
      OnlinePurchase,     116683,          0,          0,          0,     114480,     123037,      300,     4900,    11500,    26000,    67000,   211000,
        InstPurchase,      33356,          0,          0,          0,      32515,      35058,      400,     4100,    10900,    25000,    65000,   196000,
          AssocOfCat,        338,          0,          0,          0,        243,        310,    24000,    37000,    71900,   101000,   177670,   185000,
      AssocOfProduct,       3346,          0,          0,          0,       3068,       3451,      600,     5200,    11000,    26000,    66000,   196000,
      BusinessReport,        836,          0,          0,          0,        709,        836,    27000,    42000,    70000,   100300,   175630,   218000,
          CustBuyBeh,       3330,          0,          0,          0,       3096,       3522,      300,     4800,    13700,    28000,    68000,   196000,
       ProductReturn,       8833,          0,          0,          0,       8407,       9296,      200,     3500,    10200,    24000,    68030,   179000,

  3238s: (41%)   IR =   5673 ..[3241.647s][info][gc,start       ] GC(685) Pause Young (Mixed) (G1 Evacuation Pause)
[3241.647s][info][gc,task        ] GC(685) Using 6 workers of 6 for evacuation
[3241.779s][info][gc,phases      ] GC(685)   Pre Evacuate Collection Set: 0.36ms
[3241.779s][info][gc,phases      ] GC(685)   Merge Heap Roots: 0.71ms
[3241.779s][info][gc,phases      ] GC(685)   Evacuate Collection Set: 129.97ms
[3241.779s][info][gc,phases      ] GC(685)   Post Evacuate Collection Set: 0.95ms
[3241.779s][info][gc,phases      ] GC(685)   Other: 0.09ms
[3241.779s][info][gc,heap        ] GC(685) Eden regions: 1107->0(1120)
[3241.779s][info][gc,heap        ] GC(685) Survivor regions: 112->108(153)
[3241.779s][info][gc,heap        ] GC(685) Old regions: 534->471
[3241.779s][info][gc,heap        ] GC(685) Humongous regions: 80->80
[3241.779s][info][gc,metaspace   ] GC(685) Metaspace: 28859K(29248K)->28859K(29248K) NonClass: 23992K(24192K)->23992K(24192K) Class: 4867K(5056K)->4867K(5056K)
[3241.779s][info][gc             ] GC(685) Pause Young (Mixed) (G1 Evacuation Pause) 3664M->1317M(4096M) 132.222ms
[3241.779s][info][gc,cpu         ] GC(685) User=0.78s Sys=0.00s Real=0.14s
..|.[3244.937s][info][gc,start       ] GC(686) Pause Young (Concurrent Start) (G1 Evacuation Pause)
[3244.937s][info][gc,task        ] GC(686) Using 6 workers of 6 for evacuation
[3245.054s][info][gc,phases      ] GC(686)   Pre Evacuate Collection Set: 0.36ms
[3245.054s][info][gc,phases      ] GC(686)   Merge Heap Roots: 0.44ms
[3245.054s][info][gc,phases      ] GC(686)   Evacuate Collection Set: 115.40ms
[3245.054s][info][gc,phases      ] GC(686)   Post Evacuate Collection Set: 0.90ms
[3245.054s][info][gc,phases      ] GC(686)   Other: 0.11ms
[3245.054s][info][gc,heap        ] GC(686) Eden regions: 1120->0(1118)
[3245.054s][info][gc,heap        ] GC(686) Survivor regions: 108->110(154)
[3245.054s][info][gc,heap        ] GC(686) Old regions: 471->504
[3245.054s][info][gc,heap        ] GC(686) Humongous regions: 80->80
[3245.054s][info][gc,metaspace   ] GC(686) Metaspace: 28859K(29248K)->28859K(29248K) NonClass: 23992K(24192K)->23992K(24192K) Class: 4867K(5056K)->4867K(5056K)
[3245.054s][info][gc             ] GC(686) Pause Young (Concurrent Start) (G1 Evacuation Pause) 3557M->1385M(4096M) 117.332ms
[3245.054s][info][gc             ] GC(687) Concurrent Mark Cycle
[3245.054s][info][gc,marking     ] GC(687) Concurrent Scan Root Regions
[3245.054s][info][gc,cpu         ] GC(686) User=0.69s Sys=0.00s Real=0.12s
.[3245.184s][info][gc,marking     ] GC(687) Concurrent Scan Root Regions 129.477ms
[3245.184s][info][gc,marking     ] GC(687) Concurrent Mark
[3245.184s][info][gc,marking     ] GC(687) Concurrent Mark From Roots
[3245.184s][info][gc,task        ] GC(687) Using 2 workers of 2 for marking
[3245.832s][info][gc,marking     ] GC(687) Concurrent Mark From Roots 648.456ms
[3245.832s][info][gc,marking     ] GC(687) Concurrent Preclean
[3245.832s][info][gc,marking     ] GC(687) Concurrent Preclean 0.168ms
[3245.832s][info][gc,start       ] GC(687) Pause Remark
[3245.838s][info][gc             ] GC(687) Pause Remark 1931M->1931M(4096M) 5.446ms
[3245.838s][info][gc,cpu         ] GC(687) User=0.03s Sys=0.00s Real=0.00s
[3245.838s][info][gc,marking     ] GC(687) Concurrent Mark 654.345ms
[3245.838s][info][gc,marking     ] GC(687) Concurrent Rebuild Remembered Sets and Scrub Regions
[3246.125s][info][gc,marking     ] GC(687) Concurrent Rebuild Remembered Sets and Scrub Regions 287.153ms
[3246.127s][info][gc,start       ] GC(687) Pause Cleanup
[3246.127s][info][gc             ] GC(687) Pause Cleanup 2143M->2143M(4096M) 0.129ms
[3246.127s][info][gc,cpu         ] GC(687) User=0.00s Sys=0.00s Real=0.00s
[3246.127s][info][gc,marking     ] GC(687) Concurrent Clear Claimed Marks
[3246.127s][info][gc,marking     ] GC(687) Concurrent Clear Claimed Marks 0.039ms
[3246.127s][info][gc,marking     ] GC(687) Concurrent Cleanup for Next Mark
[3246.134s][info][gc,marking     ] GC(687) Concurrent Cleanup for Next Mark 6.696ms
[3246.134s][info][gc             ] GC(687) Concurrent Mark Cycle 1079.980ms
...[3248.313s][info][gc,start       ] GC(688) Pause Young (Prepare Mixed) (G1 Evacuation Pause)
[3248.313s][info][gc,task        ] GC(688) Using 6 workers of 6 for evacuation
[3248.437s][info][gc,phases      ] GC(688)   Pre Evacuate Collection Set: 0.35ms
[3248.437s][info][gc,phases      ] GC(688)   Merge Heap Roots: 0.58ms
[3248.437s][info][gc,phases      ] GC(688)   Evacuate Collection Set: 121.82ms
[3248.437s][info][gc,phases      ] GC(688)   Post Evacuate Collection Set: 0.92ms
[3248.437s][info][gc,phases      ] GC(688)   Other: 0.09ms
[3248.437s][info][gc,heap        ] GC(688) Eden regions: 1118->0(1099)
[3248.437s][info][gc,heap        ] GC(688) Survivor regions: 110->115(154)
[3248.437s][info][gc,heap        ] GC(688) Old regions: 504->536
[3248.437s][info][gc,heap        ] GC(688) Humongous regions: 80->80
[3248.437s][info][gc,metaspace   ] GC(688) Metaspace: 28859K(29248K)->28859K(29248K) NonClass: 23992K(24192K)->23992K(24192K) Class: 4867K(5056K)->4867K(5056K)
[3248.437s][info][gc             ] GC(688) Pause Young (Prepare Mixed) (G1 Evacuation Pause) 3621M->1460M(4096M) 123.881ms
[3248.437s][info][gc,cpu         ] GC(688) User=0.73s Sys=0.01s Real=0.12s
...[3251.598s][info][gc,start       ] GC(689) Pause Young (Mixed) (G1 Evacuation Pause)
[3251.598s][info][gc,task        ] GC(689) Using 6 workers of 6 for evacuation
[3251.729s][info][gc,phases      ] GC(689)   Pre Evacuate Collection Set: 0.36ms
[3251.729s][info][gc,phases      ] GC(689)   Merge Heap Roots: 0.64ms
[3251.729s][info][gc,phases      ] GC(689)   Evacuate Collection Set: 129.18ms
[3251.729s][info][gc,phases      ] GC(689)   Post Evacuate Collection Set: 0.95ms
[3251.729s][info][gc,phases      ] GC(689)   Other: 0.08ms
[3251.729s][info][gc,heap        ] GC(689) Eden regions: 1099->0(1118)
[3251.729s][info][gc,heap        ] GC(689) Survivor regions: 115->110(152)
[3251.729s][info][gc,heap        ] GC(689) Old regions: 536->474
[3251.729s][info][gc,heap        ] GC(689) Humongous regions: 80->80
[3251.729s][info][gc,metaspace   ] GC(689) Metaspace: 28859K(29248K)->28859K(29248K) NonClass: 23992K(24192K)->23992K(24192K) Class: 4867K(5056K)->4867K(5056K)
[3251.729s][info][gc             ] GC(689) Pause Young (Mixed) (G1 Evacuation Pause) 3658M->1326M(4096M) 131.336ms
[3251.729s][info][gc,cpu         ] GC(689) User=0.78s Sys=0.00s Real=0.14s
...[3254.872s][info][gc,start       ] GC(690) Pause Young (Concurrent Start) (G1 Evacuation Pause)
[3254.872s][info][gc,task        ] GC(690) Using 6 workers of 6 for evacuation
[3254.986s][info][gc,phases      ] GC(690)   Pre Evacuate Collection Set: 0.39ms
[3254.986s][info][gc,phases      ] GC(690)   Merge Heap Roots: 0.46ms
[3254.986s][info][gc,phases      ] GC(690)   Evacuate Collection Set: 112.50ms
[3254.986s][info][gc,phases      ] GC(690)   Post Evacuate Collection Set: 0.87ms
[3254.986s][info][gc,phases      ] GC(690)   Other: 0.14ms
[3254.986s][info][gc,heap        ] GC(690) Eden regions: 1118->0(1121)
[3254.986s][info][gc,heap        ] GC(690) Survivor regions: 110->107(154)
[3254.986s][info][gc,heap        ] GC(690) Old regions: 474->507
[3254.986s][info][gc,heap        ] GC(690) Humongous regions: 80->80
[3254.986s][info][gc,metaspace   ] GC(690) Metaspace: 28859K(29248K)->28859K(29248K) NonClass: 23992K(24192K)->23992K(24192K) Class: 4867K(5056K)->4867K(5056K)
[3254.986s][info][gc             ] GC(690) Pause Young (Concurrent Start) (G1 Evacuation Pause) 3562M->1386M(4096M) 114.524ms
[3254.986s][info][gc             ] GC(691) Concurrent Mark Cycle
[3254.986s][info][gc,marking     ] GC(691) Concurrent Scan Root Regions
[3254.986s][info][gc,cpu         ] GC(690) User=0.68s Sys=0.00s Real=0.11s
[3255.167s][info][gc,marking     ] GC(691) Concurrent Scan Root Regions 180.824ms
[3255.167s][info][gc,marking     ] GC(691) Concurrent Mark
[3255.167s][info][gc,marking     ] GC(691) Concurrent Mark From Roots
[3255.167s][info][gc,task        ] GC(691) Using 2 workers of 2 for marking
.[3255.739s][info][gc,marking     ] GC(691) Concurrent Mark From Roots 572.260ms
[3255.739s][info][gc,marking     ] GC(691) Concurrent Preclean
[3255.740s][info][gc,marking     ] GC(691) Concurrent Preclean 0.221ms
[3255.740s][info][gc,start       ] GC(691) Pause Remark
[3255.744s][info][gc             ] GC(691) Pause Remark 1949M->1949M(4096M) 3.995ms
[3255.744s][info][gc,cpu         ] GC(691) User=0.02s Sys=0.00s Real=0.00s
[3255.745s][info][gc,marking     ] GC(691) Concurrent Mark 578.444ms
[3255.745s][info][gc,marking     ] GC(691) Concurrent Rebuild Remembered Sets and Scrub Regions
[3256.004s][info][gc,marking     ] GC(691) Concurrent Rebuild Remembered Sets and Scrub Regions 258.456ms
[3256.004s][info][gc,start       ] GC(691) Pause Cleanup
[3256.004s][info][gc             ] GC(691) Pause Cleanup 2138M->2138M(4096M) 0.109ms
[3256.004s][info][gc,cpu         ] GC(691) User=0.00s Sys=0.00s Real=0.00s
[3256.004s][info][gc,marking     ] GC(691) Concurrent Clear Claimed Marks
[3256.004s][info][gc,marking     ] GC(691) Concurrent Clear Claimed Marks 0.023ms
[3256.004s][info][gc,marking     ] GC(691) Concurrent Cleanup for Next Mark
[3256.013s][info][gc,marking     ] GC(691) Concurrent Cleanup for Next Mark 8.209ms
[3256.013s][info][gc             ] GC(691) Concurrent Mark Cycle 1026.448ms
...[3258.211s][info][gc,start       ] GC(692) Pause Young (Prepare Mixed) (G1 Evacuation Pause)
[3258.211s][info][gc,task        ] GC(692) Using 6 workers of 6 for evacuation
[3258.329s][info][gc,phases      ] GC(692)   Pre Evacuate Collection Set: 0.34ms
[3258.329s][info][gc,phases      ] GC(692)   Merge Heap Roots: 0.50ms
[3258.329s][info][gc,phases      ] GC(692)   Evacuate Collection Set: 115.47ms
[3258.329s][info][gc,phases      ] GC(692)   Post Evacuate Collection Set: 0.98ms
[3258.329s][info][gc,phases      ] GC(692)   Other: 0.09ms
[3258.329s][info][gc,heap        ] GC(692) Eden regions: 1121->0(1107)
[3258.329s][info][gc,heap        ] GC(692) Survivor regions: 107->110(154)
[3258.329s][info][gc,heap        ] GC(692) Old regions: 507->538
[3258.329s][info][gc,heap        ] GC(692) Humongous regions: 80->80
[3258.329s][info][gc,metaspace   ] GC(692) Metaspace: 28859K(29248K)->28859K(29248K) NonClass: 23992K(24192K)->23992K(24192K) Class: 4867K(5056K)->4867K(5056K)
[3258.329s][info][gc             ] GC(692) Pause Young (Prepare Mixed) (G1 Evacuation Pause) 3628M->1454M(4096M) 117.522ms
[3258.329s][info][gc,cpu         ] GC(692) User=0.70s Sys=0.00s Real=0.12s
...[3261.510s][info][gc,start       ] GC(693) Pause Young (Mixed) (G1 Evacuation Pause)
[3261.510s][info][gc,task        ] GC(693) Using 6 workers of 6 for evacuation
[3261.644s][info][gc,phases      ] GC(693)   Pre Evacuate Collection Set: 0.37ms
[3261.644s][info][gc,phases      ] GC(693)   Merge Heap Roots: 0.71ms
[3261.644s][info][gc,phases      ] GC(693)   Evacuate Collection Set: 131.63ms
[3261.644s][info][gc,phases      ] GC(693)   Post Evacuate Collection Set: 0.99ms
[3261.644s][info][gc,phases      ] GC(693)   Other: 0.09ms
[3261.644s][info][gc,heap        ] GC(693) Eden regions: 1107->0(1117)
[3261.644s][info][gc,heap        ] GC(693) Survivor regions: 110->111(153)
[3261.644s][info][gc,heap        ] GC(693) Old regions: 538->471
[3261.644s][info][gc,heap        ] GC(693) Humongous regions: 80->80
[3261.644s][info][gc,metaspace   ] GC(693) Metaspace: 28859K(29248K)->28859K(29248K) NonClass: 23992K(24192K)->23992K(24192K) Class: 4867K(5056K)->4867K(5056K)
[3261.644s][info][gc             ] GC(693) Pause Young (Mixed) (G1 Evacuation Pause) 3668M->1323M(4096M) 133.933ms
[3261.644s][info][gc,cpu         ] GC(693) User=0.79s Sys=0.00s Real=0.13s
...[3264.814s][info][gc,start       ] GC(694) Pause Young (Concurrent Start) (G1 Evacuation Pause)
[3264.814s][info][gc,task        ] GC(694) Using 6 workers of 6 for evacuation
[3264.929s][info][gc,phases      ] GC(694)   Pre Evacuate Collection Set: 0.39ms
[3264.929s][info][gc,phases      ] GC(694)   Merge Heap Roots: 0.53ms
[3264.929s][info][gc,phases      ] GC(694)   Evacuate Collection Set: 112.88ms
[3264.929s][info][gc,phases      ] GC(694)   Post Evacuate Collection Set: 0.90ms
[3264.929s][info][gc,phases      ] GC(694)   Other: 0.11ms
[3264.929s][info][gc,heap        ] GC(694) Eden regions: 1117->0(1120)
[3264.929s][info][gc,heap        ] GC(694) Survivor regions: 111->108(154)
[3264.929s][info][gc,heap        ] GC(694) Old regions: 471->504
[3264.929s][info][gc,heap        ] GC(694) Humongous regions: 80->80
[3264.929s][info][gc,metaspace   ] GC(694) Metaspace: 28859K(29248K)->28859K(29248K) NonClass: 23992K(24192K)->23992K(24192K) Class: 4867K(5056K)->4867K(5056K)
[3264.929s][info][gc             ] GC(694) Pause Young (Concurrent Start) (G1 Evacuation Pause) 3557M->1382M(4096M) 114.947ms
[3264.929s][info][gc             ] GC(695) Concurrent Mark Cycle
[3264.929s][info][gc,marking     ] GC(695) Concurrent Scan Root Regions
[3264.929s][info][gc,cpu         ] GC(694) User=0.68s Sys=0.00s Real=0.12s
[3265.059s][info][gc,marking     ] GC(695) Concurrent Scan Root Regions 130.298ms
[3265.059s][info][gc,marking     ] GC(695) Concurrent Mark
[3265.059s][info][gc,marking     ] GC(695) Concurrent Mark From Roots
[3265.059s][info][gc,task        ] GC(695) Using 2 workers of 2 for marking
.[3265.750s][info][gc,marking     ] GC(695) Concurrent Mark From Roots 690.778ms
[3265.750s][info][gc,marking     ] GC(695) Concurrent Preclean
[3265.750s][info][gc,marking     ] GC(695) Concurrent Preclean 0.157ms
[3265.752s][info][gc,start       ] GC(695) Pause Remark
[3265.757s][info][gc             ] GC(695) Pause Remark 1984M->1984M(4096M) 4.546ms
[3265.757s][info][gc,cpu         ] GC(695) User=0.02s Sys=0.00s Real=0.00s
[3265.757s][info][gc,marking     ] GC(695) Concurrent Mark 697.304ms
[3265.757s][info][gc,marking     ] GC(695) Concurrent Rebuild Remembered Sets and Scrub Regions
[3266.027s][info][gc,marking     ] GC(695) Concurrent Rebuild Remembered Sets and Scrub Regions 270.621ms
[3266.027s][info][gc,start       ] GC(695) Pause Cleanup
[3266.028s][info][gc             ] GC(695) Pause Cleanup 2197M->2197M(4096M) 0.094ms
[3266.028s][info][gc,cpu         ] GC(695) User=0.00s Sys=0.00s Real=0.00s
[3266.028s][info][gc,marking     ] GC(695) Concurrent Clear Claimed Marks
[3266.028s][info][gc,marking     ] GC(695) Concurrent Clear Claimed Marks 0.024ms
[3266.028s][info][gc,marking     ] GC(695) Concurrent Cleanup for Next Mark
[3266.033s][info][gc,marking     ] GC(695) Concurrent Cleanup for Next Mark 5.276ms
[3266.033s][info][gc             ] GC(695) Concurrent Mark Cycle 1103.997ms
..[3268.184s][info][gc,start       ] GC(696) Pause Young (Prepare Mixed) (G1 Evacuation Pause)
[3268.184s][info][gc,task        ] GC(696) Using 6 workers of 6 for evacuation
[3268.302s][info][gc,phases      ] GC(696)   Pre Evacuate Collection Set: 0.31ms
[3268.302s][info][gc,phases      ] GC(696)   Merge Heap Roots: 0.49ms
[3268.302s][info][gc,phases      ] GC(696)   Evacuate Collection Set: 116.81ms
[3268.302s][info][gc,phases      ] GC(696)   Post Evacuate Collection Set: 0.94ms
[3268.302s][info][gc,phases      ] GC(696)   Other: 0.09ms
[3268.302s][info][gc,heap        ] GC(696) Eden regions: 1120->0(1109)
[3268.302s][info][gc,heap        ] GC(696) Survivor regions: 108->110(154)
[3268.303s][info][gc,heap        ] GC(696) Old regions: 504->536
[3268.303s][info][gc,heap        ] GC(696) Humongous regions: 80->80
[3268.303s][info][gc,metaspace   ] GC(696) Metaspace: 28859K(29248K)->28859K(29248K) NonClass: 23992K(24192K)->23992K(24192K) Class: 4867K(5056K)->4867K(5056K)
[3268.303s][info][gc             ] GC(696) Pause Young (Prepare Mixed) (G1 Evacuation Pause) 3622M->1449M(4096M) 118.774ms
[3268.303s][info][gc,cpu         ] GC(696) User=0.70s Sys=0.00s Real=0.12s
....[3271.502s][info][gc,start       ] GC(697) Pause Young (Mixed) (G1 Evacuation Pause)
[3271.502s][info][gc,task        ] GC(697) Using 6 workers of 6 for evacuation
[3271.636s][info][gc,phases      ] GC(697)   Pre Evacuate Collection Set: 0.36ms
[3271.636s][info][gc,phases      ] GC(697)   Merge Heap Roots: 0.68ms
[3271.636s][info][gc,phases      ] GC(697)   Evacuate Collection Set: 131.69ms
[3271.636s][info][gc,phases      ] GC(697)   Post Evacuate Collection Set: 0.96ms
[3271.636s][info][gc,phases      ] GC(697)   Other: 0.09ms
[3271.636s][info][gc,heap        ] GC(697) Eden regions: 1109->0(1118)
[3271.636s][info][gc,heap        ] GC(697) Survivor regions: 110->110(153)
[3271.636s][info][gc,heap        ] GC(697) Old regions: 536->473
[3271.636s][info][gc,heap        ] GC(697) Humongous regions: 80->80
[3271.636s][info][gc,metaspace   ] GC(697) Metaspace: 28859K(29248K)->28859K(29248K) NonClass: 23992K(24192K)->23992K(24192K) Class: 4867K(5056K)->4867K(5056K)
[3271.636s][info][gc             ] GC(697) Pause Young (Mixed) (G1 Evacuation Pause) 3667M->1325M(4096M) 133.907ms
[3271.636s][info][gc,cpu         ] GC(697) User=0.79s Sys=0.00s Real=0.13s
...[3274.833s][info][gc,start       ] GC(698) Pause Young (Concurrent Start) (G1 Evacuation Pause)
[3274.833s][info][gc,task        ] GC(698) Using 6 workers of 6 for evacuation
[3274.949s][info][gc,phases      ] GC(698)   Pre Evacuate Collection Set: 0.38ms
[3274.949s][info][gc,phases      ] GC(698)   Merge Heap Roots: 0.55ms
[3274.949s][info][gc,phases      ] GC(698)   Evacuate Collection Set: 113.73ms
[3274.949s][info][gc,phases      ] GC(698)   Post Evacuate Collection Set: 0.88ms
[3274.949s][info][gc,phases      ] GC(698)   Other: 0.09ms
[3274.949s][info][gc,heap        ] GC(698) Eden regions: 1118->0(1120)
[3274.949s][info][gc,heap        ] GC(698) Survivor regions: 110->108(154)
[3274.949s][info][gc,heap        ] GC(698) Old regions: 473->505
[3274.949s][info][gc,heap        ] GC(698) Humongous regions: 80->80
[3274.949s][info][gc,metaspace   ] GC(698) Metaspace: 28859K(29248K)->28859K(29248K) NonClass: 23992K(24192K)->23992K(24192K) Class: 4867K(5056K)->4867K(5056K)
[3274.949s][info][gc             ] GC(698) Pause Young (Concurrent Start) (G1 Evacuation Pause) 3561M->1384M(4096M) 115.761ms
[3274.949s][info][gc             ] GC(699) Concurrent Mark Cycle
[3274.949s][info][gc,marking     ] GC(699) Concurrent Scan Root Regions
[3274.949s][info][gc,cpu         ] GC(698) User=0.69s Sys=0.00s Real=0.12s
[3275.081s][info][gc,marking     ] GC(699) Concurrent Scan Root Regions 132.587ms
[3275.081s][info][gc,marking     ] GC(699) Concurrent Mark
[3275.081s][info][gc,marking     ] GC(699) Concurrent Mark From Roots
[3275.081s][info][gc,task        ] GC(699) Using 2 workers of 2 for marking
.[3275.767s][info][gc,marking     ] GC(699) Concurrent Mark From Roots 685.851ms
[3275.767s][info][gc,marking     ] GC(699) Concurrent Preclean
[3275.767s][info][gc,marking     ] GC(699) Concurrent Preclean 0.154ms
[3275.768s][info][gc,start       ] GC(699) Pause Remark
[3275.773s][info][gc             ] GC(699) Pause Remark 2016M->2016M(4096M) 4.454ms
[3275.773s][info][gc,cpu         ] GC(699) User=0.02s Sys=0.00s Real=0.00s
[3275.773s][info][gc,marking     ] GC(699) Concurrent Mark 691.561ms
[3275.773s][info][gc,marking     ] GC(699) Concurrent Rebuild Remembered Sets and Scrub Regions
[3276.049s][info][gc,marking     ] GC(699) Concurrent Rebuild Remembered Sets and Scrub Regions 276.338ms
[3276.049s][info][gc,start       ] GC(699) Pause Cleanup
[3276.049s][info][gc             ] GC(699) Pause Cleanup 2221M->2221M(4096M) 0.106ms
[3276.049s][info][gc,cpu         ] GC(699) User=0.00s Sys=0.00s Real=0.00s
[3276.050s][info][gc,marking     ] GC(699) Concurrent Clear Claimed Marks
[3276.050s][info][gc,marking     ] GC(699) Concurrent Clear Claimed Marks 0.026ms
[3276.050s][info][gc,marking     ] GC(699) Concurrent Cleanup for Next Mark
[3276.053s][info][gc,marking     ] GC(699) Concurrent Cleanup for Next Mark 3.923ms
[3276.054s][info][gc             ] GC(699) Concurrent Mark Cycle 1104.901ms
..[3278.206s][info][gc,start       ] GC(700) Pause Young (Prepare Mixed) (G1 Evacuation Pause)
[3278.206s][info][gc,task        ] GC(700) Using 6 workers of 6 for evacuation
[3278.329s][info][gc,phases      ] GC(700)   Pre Evacuate Collection Set: 0.32ms
[3278.329s][info][gc,phases      ] GC(700)   Merge Heap Roots: 0.56ms
[3278.329s][info][gc,phases      ] GC(700)   Evacuate Collection Set: 121.38ms
[3278.329s][info][gc,phases      ] GC(700)   Post Evacuate Collection Set: 0.92ms
[3278.330s][info][gc,phases      ] GC(700)   Other: 0.08ms
[3278.330s][info][gc,heap        ] GC(700) Eden regions: 1120->0(1098)
[3278.330s][info][gc,heap        ] GC(700) Survivor regions: 108->115(154)
[3278.330s][info][gc,heap        ] GC(700) Old regions: 505->537
[3278.330s][info][gc,heap        ] GC(700) Humongous regions: 80->80
[3278.330s][info][gc,metaspace   ] GC(700) Metaspace: 28859K(29248K)->28859K(29248K) NonClass: 23992K(24192K)->23992K(24192K) Class: 4867K(5056K)->4867K(5056K)
[3278.330s][info][gc             ] GC(700) Pause Young (Prepare Mixed) (G1 Evacuation Pause) 3624M->1461M(4096M) 123.396ms
[3278.330s][info][gc,cpu         ] GC(700) User=0.73s Sys=0.00s Real=0.13s
....[3281.390s][info][gc,start       ] GC(701) Pause Young (Mixed) (G1 Evacuation Pause)
[3281.390s][info][gc,task        ] GC(701) Using 6 workers of 6 for evacuation
[3281.529s][info][gc,phases      ] GC(701)   Pre Evacuate Collection Set: 0.38ms
[3281.529s][info][gc,phases      ] GC(701)   Merge Heap Roots: 0.68ms
[3281.530s][info][gc,phases      ] GC(701)   Evacuate Collection Set: 137.37ms
[3281.530s][info][gc,phases      ] GC(701)   Post Evacuate Collection Set: 0.95ms
[3281.530s][info][gc,phases      ] GC(701)   Other: 0.09ms
[3281.530s][info][gc,heap        ] GC(701) Eden regions: 1098->0(1117)
[3281.530s][info][gc,heap        ] GC(701) Survivor regions: 115->111(152)
[3281.530s][info][gc,heap        ] GC(701) Old regions: 537->471
[3281.530s][info][gc,heap        ] GC(701) Humongous regions: 80->80
[3281.530s][info][gc,metaspace   ] GC(701) Metaspace: 28859K(29248K)->28859K(29248K) NonClass: 23992K(24192K)->23992K(24192K) Class: 4867K(5056K)->4867K(5056K)
[3281.530s][info][gc             ] GC(701) Pause Young (Mixed) (G1 Evacuation Pause) 3657M->1323M(4096M) 139.612ms
[3281.530s][info][gc,cpu         ] GC(701) User=0.83s Sys=0.00s Real=0.14s
...[3284.739s][info][gc,start       ] GC(702) Pause Young (Concurrent Start) (G1 Evacuation Pause)
[3284.739s][info][gc,task        ] GC(702) Using 6 workers of 6 for evacuation
[3284.857s][info][gc,phases      ] GC(702)   Pre Evacuate Collection Set: 0.40ms
[3284.857s][info][gc,phases      ] GC(702)   Merge Heap Roots: 0.44ms
[3284.857s][info][gc,phases      ] GC(702)   Evacuate Collection Set: 116.11ms
[3284.857s][info][gc,phases      ] GC(702)   Post Evacuate Collection Set: 0.88ms
[3284.857s][info][gc,phases      ] GC(702)   Other: 0.12ms
[3284.857s][info][gc,heap        ] GC(702) Eden regions: 1117->0(1119)
[3284.857s][info][gc,heap        ] GC(702) Survivor regions: 111->109(154)
[3284.857s][info][gc,heap        ] GC(702) Old regions: 471->503
[3284.857s][info][gc,heap        ] GC(702) Humongous regions: 80->80
[3284.857s][info][gc,metaspace   ] GC(702) Metaspace: 28859K(29248K)->28859K(29248K) NonClass: 23992K(24192K)->23992K(24192K) Class: 4867K(5056K)->4867K(5056K)
[3284.857s][info][gc             ] GC(702) Pause Young (Concurrent Start) (G1 Evacuation Pause) 3557M->1382M(4096M) 118.078ms
[3284.857s][info][gc             ] GC(703) Concurrent Mark Cycle
[3284.857s][info][gc,marking     ] GC(703) Concurrent Scan Root Regions
[3284.857s][info][gc,cpu         ] GC(702) User=0.70s Sys=0.00s Real=0.11s
[3285.027s][info][gc,marking     ] GC(703) Concurrent Scan Root Regions 170.239ms
[3285.027s][info][gc,marking     ] GC(703) Concurrent Mark
[3285.027s][info][gc,marking     ] GC(703) Concurrent Mark From Roots
[3285.027s][info][gc,task        ] GC(703) Using 2 workers of 2 for marking
.[3286.044s][info][gc,marking     ] GC(703) Concurrent Mark From Roots 1016.531ms
[3286.044s][info][gc,marking     ] GC(703) Concurrent Preclean
[3286.044s][info][gc,marking     ] GC(703) Concurrent Preclean 0.158ms
[3286.044s][info][gc,start       ] GC(703) Pause Remark
[3286.049s][info][gc             ] GC(703) Pause Remark 2212M->2212M(4096M) 4.363ms
[3286.049s][info][gc,cpu         ] GC(703) User=0.02s Sys=0.00s Real=0.01s
[3286.049s][info][gc,marking     ] GC(703) Concurrent Mark 1022.271ms
[3286.049s][info][gc,marking     ] GC(703) Concurrent Rebuild Remembered Sets and Scrub Regions
.[3286.411s][info][gc,marking     ] GC(703) Concurrent Rebuild Remembered Sets and Scrub Regions 361.801ms
[3286.412s][info][gc,start       ] GC(703) Pause Cleanup
[3286.412s][info][gc             ] GC(703) Pause Cleanup 2467M->2467M(4096M) 0.120ms
[3286.412s][info][gc,cpu         ] GC(703) User=0.00s Sys=0.00s Real=0.00s
[3286.413s][info][gc,marking     ] GC(703) Concurrent Clear Claimed Marks
[3286.413s][info][gc,marking     ] GC(703) Concurrent Clear Claimed Marks 0.032ms
[3286.413s][info][gc,marking     ] GC(703) Concurrent Cleanup for Next Mark
[3286.418s][info][gc,marking     ] GC(703) Concurrent Cleanup for Next Mark 5.738ms
[3286.418s][info][gc             ] GC(703) Concurrent Mark Cycle 1561.571ms
.[3288.090s][info][gc,start       ] GC(704) Pause Young (Prepare Mixed) (G1 Evacuation Pause)
[3288.090s][info][gc,task        ] GC(704) Using 6 workers of 6 for evacuation
[3288.213s][info][gc,phases      ] GC(704)   Pre Evacuate Collection Set: 0.33ms
[3288.213s][info][gc,phases      ] GC(704)   Merge Heap Roots: 0.56ms
[3288.213s][info][gc,phases      ] GC(704)   Evacuate Collection Set: 120.76ms
[3288.213s][info][gc,phases      ] GC(704)   Post Evacuate Collection Set: 0.92ms
[3288.213s][info][gc,phases      ] GC(704)   Other: 0.09ms
[3288.213s][info][gc,heap        ] GC(704) Eden regions: 1119->0(1101)
[3288.213s][info][gc,heap        ] GC(704) Survivor regions: 109->115(154)
[3288.213s][info][gc,heap        ] GC(704) Old regions: 503->534
[3288.213s][info][gc,heap        ] GC(704) Humongous regions: 80->80
[3288.213s][info][gc,metaspace   ] GC(704) Metaspace: 28859K(29248K)->28859K(29248K) NonClass: 23992K(24192K)->23992K(24192K) Class: 4867K(5056K)->4867K(5056K)
[3288.213s][info][gc             ] GC(704) Pause Young (Prepare Mixed) (G1 Evacuation Pause) 3620M->1455M(4096M) 122.791ms
[3288.213s][info][gc,cpu         ] GC(704) User=0.72s Sys=0.00s Real=0.12s
....[3291.360s][info][gc,start       ] GC(705) Pause Young (Mixed) (G1 Evacuation Pause)
[3291.360s][info][gc,task        ] GC(705) Using 6 workers of 6 for evacuation
[3291.494s][info][gc,phases      ] GC(705)   Pre Evacuate Collection Set: 0.37ms
[3291.494s][info][gc,phases      ] GC(705)   Merge Heap Roots: 0.63ms
[3291.494s][info][gc,phases      ] GC(705)   Evacuate Collection Set: 131.95ms
[3291.494s][info][gc,phases      ] GC(705)   Post Evacuate Collection Set: 0.95ms
[3291.494s][info][gc,phases      ] GC(705)   Other: 0.08ms
[3291.494s][info][gc,heap        ] GC(705) Eden regions: 1101->0(1117)
[3291.494s][info][gc,heap        ] GC(705) Survivor regions: 115->111(152)
[3291.494s][info][gc,heap        ] GC(705) Old regions: 534->471
[3291.494s][info][gc,heap        ] GC(705) Humongous regions: 80->80
[3291.494s][info][gc,metaspace   ] GC(705) Metaspace: 28859K(29248K)->28859K(29248K) NonClass: 23992K(24192K)->23992K(24192K) Class: 4867K(5056K)->4867K(5056K)
[3291.494s][info][gc             ] GC(705) Pause Young (Mixed) (G1 Evacuation Pause) 3657M->1322M(4096M) 134.108ms
[3291.495s][info][gc,cpu         ] GC(705) User=0.79s Sys=0.00s Real=0.13s
...[3294.674s][info][gc,start       ] GC(706) Pause Young (Concurrent Start) (G1 Evacuation Pause)
[3294.674s][info][gc,task        ] GC(706) Using 6 workers of 6 for evacuation
[3294.792s][info][gc,phases      ] GC(706)   Pre Evacuate Collection Set: 0.36ms
[3294.792s][info][gc,phases      ] GC(706)   Merge Heap Roots: 0.47ms
[3294.792s][info][gc,phases      ] GC(706)   Evacuate Collection Set: 116.08ms
[3294.792s][info][gc,phases      ] GC(706)   Post Evacuate Collection Set: 0.87ms
[3294.792s][info][gc,phases      ] GC(706)   Other: 0.12ms
[3294.792s][info][gc,heap        ] GC(706) Eden regions: 1117->0(1120)
[3294.792s][info][gc,heap        ] GC(706) Survivor regions: 111->108(154)
[3294.792s][info][gc,heap        ] GC(706) Old regions: 471->503
[3294.792s][info][gc,heap        ] GC(706) Humongous regions: 80->80
[3294.792s][info][gc,metaspace   ] GC(706) Metaspace: 28859K(29248K)->28859K(29248K) NonClass: 23992K(24192K)->23992K(24192K) Class: 4867K(5056K)->4867K(5056K)
[3294.792s][info][gc             ] GC(706) Pause Young (Concurrent Start) (G1 Evacuation Pause) 3556M->1381M(4096M) 118.044ms
[3294.792s][info][gc             ] GC(707) Concurrent Mark Cycle
[3294.792s][info][gc,marking     ] GC(707) Concurrent Scan Root Regions
[3294.792s][info][gc,cpu         ] GC(706) User=0.70s Sys=0.00s Real=0.12s
[3294.964s][info][gc,marking     ] GC(707) Concurrent Scan Root Regions 172.338ms
[3294.964s][info][gc,marking     ] GC(707) Concurrent Mark
[3294.964s][info][gc,marking     ] GC(707) Concurrent Mark From Roots
[3294.964s][info][gc,task        ] GC(707) Using 2 workers of 2 for marking
.[3295.968s][info][gc,marking     ] GC(707) Concurrent Mark From Roots 1003.974ms
[3295.968s][info][gc,marking     ] GC(707) Concurrent Preclean
[3295.969s][info][gc,marking     ] GC(707) Concurrent Preclean 0.157ms
[3295.969s][info][gc,start       ] GC(707) Pause Remark
[3295.974s][info][gc             ] GC(707) Pause Remark 2248M->2248M(4096M) 5.295ms
[3295.974s][info][gc,cpu         ] GC(707) User=0.03s Sys=0.00s Real=0.00s
[3295.974s][info][gc,marking     ] GC(707) Concurrent Mark 1010.134ms
[3295.974s][info][gc,marking     ] GC(707) Concurrent Rebuild Remembered Sets and Scrub Regions
[3296.236s][info][gc,marking     ] GC(707) Concurrent Rebuild Remembered Sets and Scrub Regions 261.040ms
[3296.236s][info][gc,start       ] GC(707) Pause Cleanup
[3296.236s][info][gc             ] GC(707) Pause Cleanup 2453M->2453M(4096M) 0.109ms
[3296.236s][info][gc,cpu         ] GC(707) User=0.00s Sys=0.00s Real=0.00s
[3296.236s][info][gc,marking     ] GC(707) Concurrent Clear Claimed Marks
[3296.236s][info][gc,marking     ] GC(707) Concurrent Clear Claimed Marks 0.019ms
[3296.236s][info][gc,marking     ] GC(707) Concurrent Cleanup for Next Mark
[3296.239s][info][gc,marking     ] GC(707) Concurrent Cleanup for Next Mark 3.261ms
[3296.239s][info][gc             ] GC(707) Concurrent Mark Cycle 1447.217ms
..[3298.012s][info][gc,start       ] GC(708) Pause Young (Prepare Mixed) (G1 Evacuation Pause)
[3298.012s][info][gc,task        ] GC(708) Using 6 workers of 6 for evacuation
[3298.129s][info][gc,phases      ] GC(708)   Pre Evacuate Collection Set: 0.34ms
[3298.129s][info][gc,phases      ] GC(708)   Merge Heap Roots: 0.51ms
[3298.129s][info][gc,phases      ] GC(708)   Evacuate Collection Set: 115.03ms
[3298.129s][info][gc,phases      ] GC(708)   Post Evacuate Collection Set: 0.93ms
[3298.129s][info][gc,phases      ] GC(708)   Other: 0.09ms
[3298.129s][info][gc,heap        ] GC(708) Eden regions: 1120->0(1113)
[3298.129s][info][gc,heap        ] GC(708) Survivor regions: 108->109(154)
[3298.129s][info][gc,heap        ] GC(708) Old regions: 503->534
[3298.129s][info][gc,heap        ] GC(708) Humongous regions: 80->80
[3298.129s][info][gc,metaspace   ] GC(708) Metaspace: 28859K(29248K)->28859K(29248K) NonClass: 23992K(24192K)->23992K(24192K) Class: 4867K(5056K)->4867K(5056K)
[3298.129s][info][gc             ] GC(708) Pause Young (Prepare Mixed) (G1 Evacuation Pause) 3621M->1444M(4096M) 117.031ms
[3298.129s][info][gc,cpu         ] GC(708) User=0.69s Sys=0.01s Real=0.12s
...[3301.343s][info][gc,start       ] GC(709) Pause Young (Mixed) (G1 Evacuation Pause)
[3301.343s][info][gc,task        ] GC(709) Using 6 workers of 6 for evacuation
[3301.486s][info][gc,phases      ] GC(709)   Pre Evacuate Collection Set: 0.37ms
[3301.486s][info][gc,phases      ] GC(709)   Merge Heap Roots: 0.70ms
[3301.487s][info][gc,phases      ] GC(709)   Evacuate Collection Set: 141.54ms
[3301.487s][info][gc,phases      ] GC(709)   Post Evacuate Collection Set: 0.96ms
[3301.487s][info][gc,phases      ] GC(709)   Other: 0.09ms
[3301.487s][info][gc,heap        ] GC(709) Eden regions: 1113->0(1112)
[3301.487s][info][gc,heap        ] GC(709) Survivor regions: 109->116(153)
[3301.487s][info][gc,heap        ] GC(709) Old regions: 534->472
[3301.487s][info][gc,heap        ] GC(709) Humongous regions: 80->80
[3301.487s][info][gc,metaspace   ] GC(709) Metaspace: 28859K(29248K)->28859K(29248K) NonClass: 23992K(24192K)->23992K(24192K) Class: 4867K(5056K)->4867K(5056K)
[3301.487s][info][gc             ] GC(709) Pause Young (Mixed) (G1 Evacuation Pause) 3670M->1334M(4096M) 143.813ms
[3301.487s][info][gc,cpu         ] GC(709) User=0.85s Sys=0.00s Real=0.14s
... (rIR:aIR:PR = 5673:5673:5673) (tPR = 84540) [OK] 
  3303s: Performance info:
         Transaction,    Success,    Partial,     Failed,   Receipts, AvgBarcode, 
             Overall,     342666,          0,          0,     325521,      59.48, 
         Response times:
             Request,    Success,    Partial,     Failed,   SkipFail,     Probes,    Samples,      min,      p50,      p90,      p95,      p99,      max, 
       TotalPurchase,     325521,          0,          0,          0,     319681,     342188,      200,     4800,    13100,    32000,    69000,   195000,
     InStorePurchase,     171308,          0,          0,          0,     168350,     179993,      200,     4800,    13200,    32000,    69000,   195000,
      OnlinePurchase,     119926,          0,          0,          0,     117847,     126092,      300,     4800,    13200,    33000,    69000,   182000,
        InstPurchase,      34287,          0,          0,          0,      33484,      36103,      400,     4500,    12600,    31000,    67000,   182000,
          AssocOfCat,        345,          0,          0,          0,        270,        353,    25000,    37000,    65600,    82600,   173220,   194000,
      AssocOfProduct,       3422,          0,          0,          0,       3172,       3572,      400,     5700,    12500,    31000,    65000,   147000,
      BusinessReport,        859,          0,          0,          0,        748,        896,    27000,    43000,    72000,    90000,   186120,   255000,
          CustBuyBeh,       3431,          0,          0,          0,       3163,       3589,      200,     5300,    16900,    35000,    63100,   147000,
       ProductReturn,       9088,          0,          0,          0,       8657,       9514,      300,     4900,    14500,    32000,    75000,   146000,

  3303s: (42%)   IR =   5812 .[3304.701s][info][gc,start       ] GC(710) Pause Young (Concurrent Start) (G1 Evacuation Pause)
[3304.702s][info][gc,task        ] GC(710) Using 6 workers of 6 for evacuation
[3304.818s][info][gc,phases      ] GC(710)   Pre Evacuate Collection Set: 0.38ms
[3304.818s][info][gc,phases      ] GC(710)   Merge Heap Roots: 0.49ms
[3304.818s][info][gc,phases      ] GC(710)   Evacuate Collection Set: 115.02ms
[3304.818s][info][gc,phases      ] GC(710)   Post Evacuate Collection Set: 0.87ms
[3304.818s][info][gc,phases      ] GC(710)   Other: 0.11ms
[3304.818s][info][gc,heap        ] GC(710) Eden regions: 1112->0(1119)
[3304.818s][info][gc,heap        ] GC(710) Survivor regions: 116->109(154)
[3304.818s][info][gc,heap        ] GC(710) Old regions: 472->504
[3304.818s][info][gc,heap        ] GC(710) Humongous regions: 80->80
[3304.818s][info][gc,metaspace   ] GC(710) Metaspace: 28859K(29248K)->28859K(29248K) NonClass: 23992K(24192K)->23992K(24192K) Class: 4867K(5056K)->4867K(5056K)
[3304.818s][info][gc             ] GC(710) Pause Young (Concurrent Start) (G1 Evacuation Pause) 3558M->1385M(4096M) 117.022ms
[3304.819s][info][gc             ] GC(711) Concurrent Mark Cycle
[3304.819s][info][gc,marking     ] GC(711) Concurrent Scan Root Regions
[3304.819s][info][gc,cpu         ] GC(710) User=0.69s Sys=0.00s Real=0.12s
[3304.949s][info][gc,marking     ] GC(711) Concurrent Scan Root Regions 130.459ms
[3304.949s][info][gc,marking     ] GC(711) Concurrent Mark
[3304.949s][info][gc,marking     ] GC(711) Concurrent Mark From Roots
[3304.949s][info][gc,task        ] GC(711) Using 2 workers of 2 for marking
.[3305.665s][info][gc,marking     ] GC(711) Concurrent Mark From Roots 716.303ms
[3305.665s][info][gc,marking     ] GC(711) Concurrent Preclean
[3305.666s][info][gc,marking     ] GC(711) Concurrent Preclean 0.155ms
[3305.666s][info][gc,start       ] GC(711) Pause Remark
[3305.671s][info][gc             ] GC(711) Pause Remark 2050M->2050M(4096M) 5.208ms
[3305.671s][info][gc,cpu         ] GC(711) User=0.03s Sys=0.00s Real=0.01s
[3305.672s][info][gc,marking     ] GC(711) Concurrent Mark 723.327ms
[3305.672s][info][gc,marking     ] GC(711) Concurrent Rebuild Remembered Sets and Scrub Regions
[3305.910s][info][gc,marking     ] GC(711) Concurrent Rebuild Remembered Sets and Scrub Regions 237.313ms
[3305.910s][info][gc,start       ] GC(711) Pause Cleanup
[3305.910s][info][gc             ] GC(711) Pause Cleanup 2206M->2206M(4096M) 0.107ms
[3305.910s][info][gc,cpu         ] GC(711) User=0.00s Sys=0.00s Real=0.00s
[3305.910s][info][gc,marking     ] GC(711) Concurrent Clear Claimed Marks
[3305.910s][info][gc,marking     ] GC(711) Concurrent Clear Claimed Marks 0.026ms
[3305.910s][info][gc,marking     ] GC(711) Concurrent Cleanup for Next Mark
[3305.913s][info][gc,marking     ] GC(711) Concurrent Cleanup for Next Mark 3.266ms
[3305.913s][info][gc             ] GC(711) Concurrent Mark Cycle 1094.844ms
..[3307.928s][info][gc,start       ] GC(712) Pause Young (Prepare Mixed) (G1 Evacuation Pause)
[3307.928s][info][gc,task        ] GC(712) Using 6 workers of 6 for evacuation
[3308.048s][info][gc,phases      ] GC(712)   Pre Evacuate Collection Set: 0.35ms
[3308.048s][info][gc,phases      ] GC(712)   Merge Heap Roots: 0.49ms
[3308.048s][info][gc,phases      ] GC(712)   Evacuate Collection Set: 118.25ms
[3308.048s][info][gc,phases      ] GC(712)   Post Evacuate Collection Set: 0.93ms
[3308.048s][info][gc,phases      ] GC(712)   Other: 0.09ms
[3308.048s][info][gc,heap        ] GC(712) Eden regions: 1119->0(1103)
[3308.048s][info][gc,heap        ] GC(712) Survivor regions: 109->113(154)
[3308.048s][info][gc,heap        ] GC(712) Old regions: 504->536
[3308.048s][info][gc,heap        ] GC(712) Humongous regions: 80->80
[3308.048s][info][gc,metaspace   ] GC(712) Metaspace: 28859K(29248K)->28859K(29248K) NonClass: 23992K(24192K)->23992K(24192K) Class: 4867K(5056K)->4867K(5056K)
[3308.048s][info][gc             ] GC(712) Pause Young (Prepare Mixed) (G1 Evacuation Pause) 3623M->1456M(4096M) 120.235ms
[3308.048s][info][gc,cpu         ] GC(712) User=0.71s Sys=0.00s Real=0.13s
.|..[3311.182s][info][gc,start       ] GC(713) Pause Young (Mixed) (G1 Evacuation Pause)
[3311.182s][info][gc,task        ] GC(713) Using 6 workers of 6 for evacuation
[3311.313s][info][gc,phases      ] GC(713)   Pre Evacuate Collection Set: 0.36ms
[3311.313s][info][gc,phases      ] GC(713)   Merge Heap Roots: 0.59ms
[3311.313s][info][gc,phases      ] GC(713)   Evacuate Collection Set: 129.22ms
[3311.313s][info][gc,phases      ] GC(713)   Post Evacuate Collection Set: 0.93ms
[3311.313s][info][gc,phases      ] GC(713)   Other: 0.09ms
[3311.313s][info][gc,heap        ] GC(713) Eden regions: 1103->0(1119)
[3311.313s][info][gc,heap        ] GC(713) Survivor regions: 113->109(152)
[3311.313s][info][gc,heap        ] GC(713) Old regions: 536->473
[3311.313s][info][gc,heap        ] GC(713) Humongous regions: 80->80
[3311.313s][info][gc,metaspace   ] GC(713) Metaspace: 28859K(29248K)->28859K(29248K) NonClass: 23992K(24192K)->23992K(24192K) Class: 4867K(5056K)->4867K(5056K)
[3311.313s][info][gc             ] GC(713) Pause Young (Mixed) (G1 Evacuation Pause) 3662M->1322M(4096M) 131.316ms
[3311.313s][info][gc,cpu         ] GC(713) User=0.77s Sys=0.00s Real=0.13s
...[3314.388s][info][gc,start       ] GC(714) Pause Young (Concurrent Start) (G1 Evacuation Pause)
[3314.388s][info][gc,task        ] GC(714) Using 6 workers of 6 for evacuation
[3314.504s][info][gc,phases      ] GC(714)   Pre Evacuate Collection Set: 0.38ms
[3314.504s][info][gc,phases      ] GC(714)   Merge Heap Roots: 0.48ms
[3314.504s][info][gc,phases      ] GC(714)   Evacuate Collection Set: 114.16ms
[3314.504s][info][gc,phases      ] GC(714)   Post Evacuate Collection Set: 0.87ms
[3314.504s][info][gc,phases      ] GC(714)   Other: 0.11ms
[3314.504s][info][gc,heap        ] GC(714) Eden regions: 1119->0(1118)
[3314.504s][info][gc,heap        ] GC(714) Survivor regions: 109->110(154)
[3314.504s][info][gc,heap        ] GC(714) Old regions: 473->504
[3314.504s][info][gc,heap        ] GC(714) Humongous regions: 80->80
[3314.504s][info][gc,metaspace   ] GC(714) Metaspace: 28859K(29248K)->28859K(29248K) NonClass: 23992K(24192K)->23992K(24192K) Class: 4867K(5056K)->4867K(5056K)
[3314.504s][info][gc             ] GC(714) Pause Young (Concurrent Start) (G1 Evacuation Pause) 3560M->1386M(4096M) 116.136ms
[3314.504s][info][gc             ] GC(715) Concurrent Mark Cycle
[3314.504s][info][gc,marking     ] GC(715) Concurrent Scan Root Regions
[3314.504s][info][gc,cpu         ] GC(714) User=0.69s Sys=0.00s Real=0.12s
.[3314.670s][info][gc,marking     ] GC(715) Concurrent Scan Root Regions 166.262ms
[3314.670s][info][gc,marking     ] GC(715) Concurrent Mark
[3314.670s][info][gc,marking     ] GC(715) Concurrent Mark From Roots
[3314.670s][info][gc,task        ] GC(715) Using 2 workers of 2 for marking
[3315.516s][info][gc,marking     ] GC(715) Concurrent Mark From Roots 845.944ms
[3315.516s][info][gc,marking     ] GC(715) Concurrent Preclean
[3315.516s][info][gc,marking     ] GC(715) Concurrent Preclean 0.103ms
[3315.517s][info][gc,start       ] GC(715) Pause Remark
[3315.521s][info][gc             ] GC(715) Pause Remark 2151M->2151M(4096M) 4.097ms
[3315.521s][info][gc,cpu         ] GC(715) User=0.02s Sys=0.00s Real=0.01s
[3315.521s][info][gc,marking     ] GC(715) Concurrent Mark 850.414ms
[3315.521s][info][gc,marking     ] GC(715) Concurrent Rebuild Remembered Sets and Scrub Regions
.[3315.887s][info][gc,marking     ] GC(715) Concurrent Rebuild Remembered Sets and Scrub Regions 365.781ms
[3315.887s][info][gc,start       ] GC(715) Pause Cleanup
[3315.887s][info][gc             ] GC(715) Pause Cleanup 2396M->2396M(4096M) 0.117ms
[3315.887s][info][gc,cpu         ] GC(715) User=0.00s Sys=0.00s Real=0.00s
[3315.887s][info][gc,marking     ] GC(715) Concurrent Clear Claimed Marks
[3315.887s][info][gc,marking     ] GC(715) Concurrent Clear Claimed Marks 0.026ms
[3315.887s][info][gc,marking     ] GC(715) Concurrent Cleanup for Next Mark
[3315.892s][info][gc,marking     ] GC(715) Concurrent Cleanup for Next Mark 4.845ms
[3315.892s][info][gc             ] GC(715) Concurrent Mark Cycle 1387.869ms
.[3317.639s][info][gc,start       ] GC(716) Pause Young (Prepare Mixed) (G1 Evacuation Pause)
[3317.640s][info][gc,task        ] GC(716) Using 6 workers of 6 for evacuation
[3317.758s][info][gc,phases      ] GC(716)   Pre Evacuate Collection Set: 0.33ms
[3317.758s][info][gc,phases      ] GC(716)   Merge Heap Roots: 0.49ms
[3317.758s][info][gc,phases      ] GC(716)   Evacuate Collection Set: 116.74ms
[3317.758s][info][gc,phases      ] GC(716)   Post Evacuate Collection Set: 0.91ms
[3317.758s][info][gc,phases      ] GC(716)   Other: 0.09ms
[3317.758s][info][gc,heap        ] GC(716) Eden regions: 1118->0(1111)
[3317.758s][info][gc,heap        ] GC(716) Survivor regions: 110->109(154)
[3317.758s][info][gc,heap        ] GC(716) Old regions: 504->536
[3317.758s][info][gc,heap        ] GC(716) Humongous regions: 80->80
[3317.758s][info][gc,metaspace   ] GC(716) Metaspace: 28859K(29248K)->28859K(29248K) NonClass: 23992K(24192K)->23992K(24192K) Class: 4867K(5056K)->4867K(5056K)
[3317.758s][info][gc             ] GC(716) Pause Young (Prepare Mixed) (G1 Evacuation Pause) 3622M->1449M(4096M) 118.703ms
[3317.758s][info][gc,cpu         ] GC(716) User=0.71s Sys=0.00s Real=0.12s
....[3320.892s][info][gc,start       ] GC(717) Pause Young (Mixed) (G1 Evacuation Pause)
[3320.892s][info][gc,task        ] GC(717) Using 6 workers of 6 for evacuation
[3321.026s][info][gc,phases      ] GC(717)   Pre Evacuate Collection Set: 0.37ms
[3321.026s][info][gc,phases      ] GC(717)   Merge Heap Roots: 0.81ms
[3321.026s][info][gc,phases      ] GC(717)   Evacuate Collection Set: 131.60ms
[3321.026s][info][gc,phases      ] GC(717)   Post Evacuate Collection Set: 0.94ms
[3321.026s][info][gc,phases      ] GC(717)   Other: 0.09ms
[3321.026s][info][gc,heap        ] GC(717) Eden regions: 1111->0(1120)
[3321.026s][info][gc,heap        ] GC(717) Survivor regions: 109->108(153)
[3321.026s][info][gc,heap        ] GC(717) Old regions: 536->472
[3321.026s][info][gc,heap        ] GC(717) Humongous regions: 80->80
[3321.026s][info][gc,metaspace   ] GC(717) Metaspace: 28859K(29248K)->28859K(29248K) NonClass: 23992K(24192K)->23992K(24192K) Class: 4867K(5056K)->4867K(5056K)
[3321.026s][info][gc             ] GC(717) Pause Young (Mixed) (G1 Evacuation Pause) 3671M->1319M(4096M) 133.962ms
[3321.026s][info][gc,cpu         ] GC(717) User=0.79s Sys=0.01s Real=0.13s
...[3324.191s][info][gc,start       ] GC(718) Pause Young (Concurrent Start) (G1 Evacuation Pause)
[3324.191s][info][gc,task        ] GC(718) Using 6 workers of 6 for evacuation
[3324.311s][info][gc,phases      ] GC(718)   Pre Evacuate Collection Set: 0.39ms
[3324.311s][info][gc,phases      ] GC(718)   Merge Heap Roots: 0.46ms
[3324.311s][info][gc,phases      ] GC(718)   Evacuate Collection Set: 117.57ms
[3324.311s][info][gc,phases      ] GC(718)   Post Evacuate Collection Set: 0.88ms
[3324.311s][info][gc,phases      ] GC(718)   Other: 0.11ms
[3324.311s][info][gc,heap        ] GC(718) Eden regions: 1120->0(1117)
[3324.311s][info][gc,heap        ] GC(718) Survivor regions: 108->111(154)
[3324.311s][info][gc,heap        ] GC(718) Old regions: 472->504
[3324.311s][info][gc,heap        ] GC(718) Humongous regions: 80->80
[3324.311s][info][gc,metaspace   ] GC(718) Metaspace: 28859K(29248K)->28859K(29248K) NonClass: 23992K(24192K)->23992K(24192K) Class: 4867K(5056K)->4867K(5056K)
[3324.311s][info][gc             ] GC(718) Pause Young (Concurrent Start) (G1 Evacuation Pause) 3559M->1388M(4096M) 119.528ms
[3324.311s][info][gc             ] GC(719) Concurrent Mark Cycle
[3324.311s][info][gc,marking     ] GC(719) Concurrent Scan Root Regions
[3324.311s][info][gc,cpu         ] GC(718) User=0.70s Sys=0.01s Real=0.12s
[3324.484s][info][gc,marking     ] GC(719) Concurrent Scan Root Regions 172.959ms
[3324.484s][info][gc,marking     ] GC(719) Concurrent Mark
[3324.484s][info][gc,marking     ] GC(719) Concurrent Mark From Roots
[3324.484s][info][gc,task        ] GC(719) Using 2 workers of 2 for marking
.[3325.445s][info][gc,marking     ] GC(719) Concurrent Mark From Roots 961.517ms
[3325.445s][info][gc,marking     ] GC(719) Concurrent Preclean
[3325.445s][info][gc,marking     ] GC(719) Concurrent Preclean 0.130ms
[3325.446s][info][gc,start       ] GC(719) Pause Remark
[3325.452s][info][gc             ] GC(719) Pause Remark 2269M->2269M(4096M) 6.193ms
[3325.452s][info][gc,cpu         ] GC(719) User=0.04s Sys=0.00s Real=0.01s
[3325.452s][info][gc,marking     ] GC(719) Concurrent Mark 968.160ms
[3325.452s][info][gc,marking     ] GC(719) Concurrent Rebuild Remembered Sets and Scrub Regions
[3325.699s][info][gc,marking     ] GC(719) Concurrent Rebuild Remembered Sets and Scrub Regions 247.116ms
[3325.700s][info][gc,start       ] GC(719) Pause Cleanup
[3325.700s][info][gc             ] GC(719) Pause Cleanup 2432M->2432M(4096M) 0.110ms
[3325.700s][info][gc,cpu         ] GC(719) User=0.00s Sys=0.00s Real=0.00s
[3325.700s][info][gc,marking     ] GC(719) Concurrent Clear Claimed Marks
[3325.700s][info][gc,marking     ] GC(719) Concurrent Clear Claimed Marks 0.026ms
[3325.700s][info][gc,marking     ] GC(719) Concurrent Cleanup for Next Mark
[3325.705s][info][gc,marking     ] GC(719) Concurrent Cleanup for Next Mark 5.105ms
[3325.705s][info][gc             ] GC(719) Concurrent Mark Cycle 1394.453ms
..[3327.407s][info][gc,start       ] GC(720) Pause Young (Prepare Mixed) (G1 Evacuation Pause)
[3327.407s][info][gc,task        ] GC(720) Using 6 workers of 6 for evacuation
[3327.527s][info][gc,phases      ] GC(720)   Pre Evacuate Collection Set: 0.34ms
[3327.527s][info][gc,phases      ] GC(720)   Merge Heap Roots: 0.49ms
[3327.527s][info][gc,phases      ] GC(720)   Evacuate Collection Set: 118.32ms
[3327.527s][info][gc,phases      ] GC(720)   Post Evacuate Collection Set: 0.94ms
[3327.527s][info][gc,phases      ] GC(720)   Other: 0.09ms
[3327.527s][info][gc,heap        ] GC(720) Eden regions: 1117->0(1104)
[3327.527s][info][gc,heap        ] GC(720) Survivor regions: 111->113(154)
[3327.527s][info][gc,heap        ] GC(720) Old regions: 504->535
[3327.527s][info][gc,heap        ] GC(720) Humongous regions: 80->80
[3327.527s][info][gc,metaspace   ] GC(720) Metaspace: 28859K(29248K)->28859K(29248K) NonClass: 23992K(24192K)->23992K(24192K) Class: 4867K(5056K)->4867K(5056K)
[3327.527s][info][gc             ] GC(720) Pause Young (Prepare Mixed) (G1 Evacuation Pause) 3622M->1454M(4096M) 120.301ms
[3327.527s][info][gc,cpu         ] GC(720) User=0.71s Sys=0.00s Real=0.12s
...[3330.594s][info][gc,start       ] GC(721) Pause Young (Mixed) (G1 Evacuation Pause)
[3330.594s][info][gc,task        ] GC(721) Using 6 workers of 6 for evacuation
[3330.731s][info][gc,phases      ] GC(721)   Pre Evacuate Collection Set: 0.36ms
[3330.731s][info][gc,phases      ] GC(721)   Merge Heap Roots: 0.61ms
[3330.731s][info][gc,phases      ] GC(721)   Evacuate Collection Set: 134.92ms
[3330.731s][info][gc,phases      ] GC(721)   Post Evacuate Collection Set: 1.00ms
[3330.731s][info][gc,phases      ] GC(721)   Other: 0.08ms
[3330.731s][info][gc,heap        ] GC(721) Eden regions: 1104->0(1116)
[3330.731s][info][gc,heap        ] GC(721) Survivor regions: 113->112(153)
[3330.731s][info][gc,heap        ] GC(721) Old regions: 535->472
[3330.731s][info][gc,heap        ] GC(721) Humongous regions: 80->80
[3330.731s][info][gc,metaspace   ] GC(721) Metaspace: 28859K(29248K)->28859K(29248K) NonClass: 23992K(24192K)->23992K(24192K) Class: 4867K(5056K)->4867K(5056K)
[3330.731s][info][gc             ] GC(721) Pause Young (Mixed) (G1 Evacuation Pause) 3662M->1327M(4096M) 137.105ms
[3330.731s][info][gc,cpu         ] GC(721) User=0.81s Sys=0.00s Real=0.14s
....[3333.894s][info][gc,start       ] GC(722) Pause Young (Concurrent Start) (G1 Evacuation Pause)
[3333.894s][info][gc,task        ] GC(722) Using 6 workers of 6 for evacuation
[3334.011s][info][gc,phases      ] GC(722)   Pre Evacuate Collection Set: 0.39ms
[3334.011s][info][gc,phases      ] GC(722)   Merge Heap Roots: 0.46ms
[3334.011s][info][gc,phases      ] GC(722)   Evacuate Collection Set: 115.01ms
[3334.011s][info][gc,phases      ] GC(722)   Post Evacuate Collection Set: 0.87ms
[3334.011s][info][gc,phases      ] GC(722)   Other: 0.13ms
[3334.011s][info][gc,heap        ] GC(722) Eden regions: 1116->0(1119)
[3334.011s][info][gc,heap        ] GC(722) Survivor regions: 112->109(154)
[3334.011s][info][gc,heap        ] GC(722) Old regions: 472->505
[3334.011s][info][gc,heap        ] GC(722) Humongous regions: 80->80
[3334.011s][info][gc,metaspace   ] GC(722) Metaspace: 28859K(29248K)->28859K(29248K) NonClass: 23992K(24192K)->23992K(24192K) Class: 4867K(5056K)->4867K(5056K)
[3334.011s][info][gc             ] GC(722) Pause Young (Concurrent Start) (G1 Evacuation Pause) 3559M->1385M(4096M) 117.003ms
[3334.011s][info][gc             ] GC(723) Concurrent Mark Cycle
[3334.011s][info][gc,marking     ] GC(723) Concurrent Scan Root Regions
[3334.011s][info][gc,cpu         ] GC(722) User=0.69s Sys=0.00s Real=0.12s
[3334.186s][info][gc,marking     ] GC(723) Concurrent Scan Root Regions 175.154ms
[3334.186s][info][gc,marking     ] GC(723) Concurrent Mark
[3334.186s][info][gc,marking     ] GC(723) Concurrent Mark From Roots
[3334.186s][info][gc,task        ] GC(723) Using 2 workers of 2 for marking
.[3335.071s][info][gc,marking     ] GC(723) Concurrent Mark From Roots 884.699ms
[3335.071s][info][gc,marking     ] GC(723) Concurrent Preclean
[3335.071s][info][gc,marking     ] GC(723) Concurrent Preclean 0.129ms
[3335.073s][info][gc,start       ] GC(723) Pause Remark
[3335.079s][info][gc             ] GC(723) Pause Remark 2193M->2193M(4096M) 5.783ms
[3335.079s][info][gc,cpu         ] GC(723) User=0.03s Sys=0.00s Real=0.01s
[3335.080s][info][gc,marking     ] GC(723) Concurrent Mark 893.834ms
[3335.080s][info][gc,marking     ] GC(723) Concurrent Rebuild Remembered Sets and Scrub Regions
[3335.377s][info][gc,marking     ] GC(723) Concurrent Rebuild Remembered Sets and Scrub Regions 296.740ms
[3335.377s][info][gc,start       ] GC(723) Pause Cleanup
[3335.377s][info][gc             ] GC(723) Pause Cleanup 2399M->2399M(4096M) 0.121ms
[3335.377s][info][gc,cpu         ] GC(723) User=0.00s Sys=0.00s Real=0.00s
[3335.378s][info][gc,marking     ] GC(723) Concurrent Clear Claimed Marks
[3335.378s][info][gc,marking     ] GC(723) Concurrent Clear Claimed Marks 0.035ms
[3335.378s][info][gc,marking     ] GC(723) Concurrent Cleanup for Next Mark
[3335.383s][info][gc,marking     ] GC(723) Concurrent Cleanup for Next Mark 4.901ms
[3335.383s][info][gc             ] GC(723) Concurrent Mark Cycle 1371.740ms
..[3337.128s][info][gc,start       ] GC(724) Pause Young (Prepare Mixed) (G1 Evacuation Pause)
[3337.128s][info][gc,task        ] GC(724) Using 6 workers of 6 for evacuation
[3337.249s][info][gc,phases      ] GC(724)   Pre Evacuate Collection Set: 0.36ms
[3337.249s][info][gc,phases      ] GC(724)   Merge Heap Roots: 0.50ms
[3337.249s][info][gc,phases      ] GC(724)   Evacuate Collection Set: 119.23ms
[3337.249s][info][gc,phases      ] GC(724)   Post Evacuate Collection Set: 0.92ms
[3337.249s][info][gc,phases      ] GC(724)   Other: 0.09ms
[3337.249s][info][gc,heap        ] GC(724) Eden regions: 1119->0(1105)
[3337.249s][info][gc,heap        ] GC(724) Survivor regions: 109->112(154)
[3337.249s][info][gc,heap        ] GC(724) Old regions: 505->536
[3337.249s][info][gc,heap        ] GC(724) Humongous regions: 80->80
[3337.249s][info][gc,metaspace   ] GC(724) Metaspace: 28859K(29248K)->28859K(29248K) NonClass: 23992K(24192K)->23992K(24192K) Class: 4867K(5056K)->4867K(5056K)
[3337.249s][info][gc             ] GC(724) Pause Young (Prepare Mixed) (G1 Evacuation Pause) 3623M->1454M(4096M) 121.224ms
[3337.249s][info][gc,cpu         ] GC(724) User=0.71s Sys=0.00s Real=0.13s
...[3340.328s][info][gc,start       ] GC(725) Pause Young (Mixed) (G1 Evacuation Pause)
[3340.328s][info][gc,task        ] GC(725) Using 6 workers of 6 for evacuation
[3340.463s][info][gc,phases      ] GC(725)   Pre Evacuate Collection Set: 0.40ms
[3340.463s][info][gc,phases      ] GC(725)   Merge Heap Roots: 0.74ms
[3340.463s][info][gc,phases      ] GC(725)   Evacuate Collection Set: 132.20ms
[3340.463s][info][gc,phases      ] GC(725)   Post Evacuate Collection Set: 0.96ms
[3340.463s][info][gc,phases      ] GC(725)   Other: 0.09ms
[3340.463s][info][gc,heap        ] GC(725) Eden regions: 1105->0(1119)
[3340.463s][info][gc,heap        ] GC(725) Survivor regions: 112->109(153)
[3340.463s][info][gc,heap        ] GC(725) Old regions: 536->473
[3340.463s][info][gc,heap        ] GC(725) Humongous regions: 80->80
[3340.463s][info][gc,metaspace   ] GC(725) Metaspace: 28859K(29248K)->28859K(29248K) NonClass: 23992K(24192K)->23992K(24192K) Class: 4867K(5056K)->4867K(5056K)
[3340.463s][info][gc             ] GC(725) Pause Young (Mixed) (G1 Evacuation Pause) 3664M->1322M(4096M) 134.531ms
[3340.463s][info][gc,cpu         ] GC(725) User=0.80s Sys=0.00s Real=0.13s
...[3343.580s][info][gc,start       ] GC(726) Pause Young (Concurrent Start) (G1 Evacuation Pause)
[3343.580s][info][gc,task        ] GC(726) Using 6 workers of 6 for evacuation
[3343.698s][info][gc,phases      ] GC(726)   Pre Evacuate Collection Set: 0.37ms
[3343.698s][info][gc,phases      ] GC(726)   Merge Heap Roots: 0.46ms
[3343.698s][info][gc,phases      ] GC(726)   Evacuate Collection Set: 115.42ms
[3343.698s][info][gc,phases      ] GC(726)   Post Evacuate Collection Set: 0.90ms
[3343.698s][info][gc,phases      ] GC(726)   Other: 0.11ms
[3343.698s][info][gc,heap        ] GC(726) Eden regions: 1119->0(1117)
[3343.698s][info][gc,heap        ] GC(726) Survivor regions: 109->111(154)
[3343.698s][info][gc,heap        ] GC(726) Old regions: 473->505
[3343.698s][info][gc,heap        ] GC(726) Humongous regions: 80->80
[3343.698s][info][gc,metaspace   ] GC(726) Metaspace: 28859K(29248K)->28859K(29248K) NonClass: 23992K(24192K)->23992K(24192K) Class: 4867K(5056K)->4867K(5056K)
[3343.698s][info][gc             ] GC(726) Pause Young (Concurrent Start) (G1 Evacuation Pause) 3560M->1389M(4096M) 117.398ms
[3343.698s][info][gc             ] GC(727) Concurrent Mark Cycle
[3343.698s][info][gc,marking     ] GC(727) Concurrent Scan Root Regions
[3343.698s][info][gc,cpu         ] GC(726) User=0.69s Sys=0.00s Real=0.11s
.[3343.875s][info][gc,marking     ] GC(727) Concurrent Scan Root Regions 177.134ms
[3343.875s][info][gc,marking     ] GC(727) Concurrent Mark
[3343.875s][info][gc,marking     ] GC(727) Concurrent Mark From Roots
[3343.875s][info][gc,task        ] GC(727) Using 2 workers of 2 for marking
[3344.708s][info][gc,marking     ] GC(727) Concurrent Mark From Roots 832.638ms
[3344.708s][info][gc,marking     ] GC(727) Concurrent Preclean
[3344.708s][info][gc,marking     ] GC(727) Concurrent Preclean 0.133ms
[3344.708s][info][gc,start       ] GC(727) Pause Remark
[3344.714s][info][gc             ] GC(727) Pause Remark 2161M->2161M(4096M) 5.560ms
[3344.714s][info][gc,cpu         ] GC(727) User=0.03s Sys=0.00s Real=0.00s
[3344.714s][info][gc,marking     ] GC(727) Concurrent Mark 838.784ms
[3344.714s][info][gc,marking     ] GC(727) Concurrent Rebuild Remembered Sets and Scrub Regions
.[3345.079s][info][gc,marking     ] GC(727) Concurrent Rebuild Remembered Sets and Scrub Regions 365.425ms
[3345.079s][info][gc,start       ] GC(727) Pause Cleanup
[3345.079s][info][gc             ] GC(727) Pause Cleanup 2404M->2404M(4096M) 0.106ms
[3345.079s][info][gc,cpu         ] GC(727) User=0.00s Sys=0.00s Real=0.00s
[3345.080s][info][gc,marking     ] GC(727) Concurrent Clear Claimed Marks
[3345.080s][info][gc,marking     ] GC(727) Concurrent Clear Claimed Marks 0.029ms
[3345.080s][info][gc,marking     ] GC(727) Concurrent Cleanup for Next Mark
[3345.090s][info][gc,marking     ] GC(727) Concurrent Cleanup for Next Mark 9.585ms
[3345.090s][info][gc             ] GC(727) Concurrent Mark Cycle 1392.022ms
.[3346.795s][info][gc,start       ] GC(728) Pause Young (Prepare Mixed) (G1 Evacuation Pause)
[3346.795s][info][gc,task        ] GC(728) Using 6 workers of 6 for evacuation
[3346.918s][info][gc,phases      ] GC(728)   Pre Evacuate Collection Set: 0.32ms
[3346.918s][info][gc,phases      ] GC(728)   Merge Heap Roots: 0.49ms
[3346.918s][info][gc,phases      ] GC(728)   Evacuate Collection Set: 121.56ms
[3346.918s][info][gc,phases      ] GC(728)   Post Evacuate Collection Set: 0.97ms
[3346.918s][info][gc,phases      ] GC(728)   Other: 0.09ms
[3346.918s][info][gc,heap        ] GC(728) Eden regions: 1117->0(1103)
[3346.918s][info][gc,heap        ] GC(728) Survivor regions: 111->113(154)
[3346.918s][info][gc,heap        ] GC(728) Old regions: 505->536
[3346.918s][info][gc,heap        ] GC(728) Humongous regions: 80->80
[3346.918s][info][gc,metaspace   ] GC(728) Metaspace: 28859K(29248K)->28859K(29248K) NonClass: 23992K(24192K)->23992K(24192K) Class: 4867K(5056K)->4867K(5056K)
[3346.918s][info][gc             ] GC(728) Pause Young (Prepare Mixed) (G1 Evacuation Pause) 3623M->1457M(4096M) 123.586ms
[3346.918s][info][gc,cpu         ] GC(728) User=0.74s Sys=0.00s Real=0.13s
....[3350.077s][info][gc,start       ] GC(729) Pause Young (Mixed) (G1 Evacuation Pause)
[3350.077s][info][gc,task        ] GC(729) Using 6 workers of 6 for evacuation
[3350.214s][info][gc,phases      ] GC(729)   Pre Evacuate Collection Set: 0.39ms
[3350.214s][info][gc,phases      ] GC(729)   Merge Heap Roots: 0.68ms
[3350.214s][info][gc,phases      ] GC(729)   Evacuate Collection Set: 135.12ms
[3350.214s][info][gc,phases      ] GC(729)   Post Evacuate Collection Set: 0.96ms
[3350.214s][info][gc,phases      ] GC(729)   Other: 0.09ms
[3350.214s][info][gc,heap        ] GC(729) Eden regions: 1103->0(1117)
[3350.214s][info][gc,heap        ] GC(729) Survivor regions: 113->111(152)
[3350.214s][info][gc,heap        ] GC(729) Old regions: 536->472
[3350.214s][info][gc,heap        ] GC(729) Humongous regions: 80->80
[3350.214s][info][gc,metaspace   ] GC(729) Metaspace: 28859K(29248K)->28859K(29248K) NonClass: 23992K(24192K)->23992K(24192K) Class: 4867K(5056K)->4867K(5056K)
[3350.214s][info][gc             ] GC(729) Pause Young (Mixed) (G1 Evacuation Pause) 3663M->1324M(4096M) 137.398ms
[3350.214s][info][gc,cpu         ] GC(729) User=0.82s Sys=0.00s Real=0.14s
...[3353.281s][info][gc,start       ] GC(730) Pause Young (Concurrent Start) (G1 Evacuation Pause)
[3353.281s][info][gc,task        ] GC(730) Using 6 workers of 6 for evacuation
[3353.398s][info][gc,phases      ] GC(730)   Pre Evacuate Collection Set: 0.36ms
[3353.399s][info][gc,phases      ] GC(730)   Merge Heap Roots: 0.48ms
[3353.399s][info][gc,phases      ] GC(730)   Evacuate Collection Set: 115.33ms
[3353.399s][info][gc,phases      ] GC(730)   Post Evacuate Collection Set: 0.89ms
[3353.399s][info][gc,phases      ] GC(730)   Other: 0.13ms
[3353.399s][info][gc,heap        ] GC(730) Eden regions: 1117->0(1118)
[3353.399s][info][gc,heap        ] GC(730) Survivor regions: 111->110(154)
[3353.399s][info][gc,heap        ] GC(730) Old regions: 472->504
[3353.399s][info][gc,heap        ] GC(730) Humongous regions: 80->80
[3353.399s][info][gc,metaspace   ] GC(730) Metaspace: 28859K(29248K)->28859K(29248K) NonClass: 23992K(24192K)->23992K(24192K) Class: 4867K(5056K)->4867K(5056K)
[3353.399s][info][gc             ] GC(730) Pause Young (Concurrent Start) (G1 Evacuation Pause) 3558M->1386M(4096M) 117.309ms
[3353.399s][info][gc             ] GC(731) Concurrent Mark Cycle
[3353.399s][info][gc,marking     ] GC(731) Concurrent Scan Root Regions
[3353.399s][info][gc,cpu         ] GC(730) User=0.69s Sys=0.00s Real=0.12s
[3353.542s][info][gc,marking     ] GC(731) Concurrent Scan Root Regions 143.260ms
[3353.542s][info][gc,marking     ] GC(731) Concurrent Mark
[3353.542s][info][gc,marking     ] GC(731) Concurrent Mark From Roots
[3353.542s][info][gc,task        ] GC(731) Using 2 workers of 2 for marking
.[3354.512s][info][gc,marking     ] GC(731) Concurrent Mark From Roots 969.637ms
[3354.512s][info][gc,marking     ] GC(731) Concurrent Preclean
[3354.512s][info][gc,marking     ] GC(731) Concurrent Preclean 0.131ms
[3354.512s][info][gc,start       ] GC(731) Pause Remark
[3354.517s][info][gc             ] GC(731) Pause Remark 2214M->2214M(4096M) 4.709ms
[3354.517s][info][gc,cpu         ] GC(731) User=0.02s Sys=0.01s Real=0.00s
[3354.517s][info][gc,marking     ] GC(731) Concurrent Mark 974.988ms
[3354.517s][info][gc,marking     ] GC(731) Concurrent Rebuild Remembered Sets and Scrub Regions
[3354.878s][info][gc,marking     ] GC(731) Concurrent Rebuild Remembered Sets and Scrub Regions 361.520ms
[3354.879s][info][gc,start       ] GC(731) Pause Cleanup
[3354.879s][info][gc             ] GC(731) Pause Cleanup 2466M->2466M(4096M) 0.103ms
[3354.879s][info][gc,cpu         ] GC(731) User=0.00s Sys=0.00s Real=0.00s
[3354.879s][info][gc,marking     ] GC(731) Concurrent Clear Claimed Marks
[3354.879s][info][gc,marking     ] GC(731) Concurrent Clear Claimed Marks 0.029ms
[3354.879s][info][gc,marking     ] GC(731) Concurrent Cleanup for Next Mark
[3354.884s][info][gc,marking     ] GC(731) Concurrent Cleanup for Next Mark 5.125ms
[3354.884s][info][gc             ] GC(731) Concurrent Mark Cycle 1485.758ms
..[3356.568s][info][gc,start       ] GC(732) Pause Young (Prepare Mixed) (G1 Evacuation Pause)
[3356.568s][info][gc,task        ] GC(732) Using 6 workers of 6 for evacuation
[3356.690s][info][gc,phases      ] GC(732)   Pre Evacuate Collection Set: 0.32ms
[3356.690s][info][gc,phases      ] GC(732)   Merge Heap Roots: 0.49ms
[3356.690s][info][gc,phases      ] GC(732)   Evacuate Collection Set: 119.46ms
[3356.690s][info][gc,phases      ] GC(732)   Post Evacuate Collection Set: 0.94ms
[3356.690s][info][gc,phases      ] GC(732)   Other: 0.08ms
[3356.690s][info][gc,heap        ] GC(732) Eden regions: 1118->0(1101)
[3356.690s][info][gc,heap        ] GC(732) Survivor regions: 110->114(154)
[3356.690s][info][gc,heap        ] GC(732) Old regions: 504->536
[3356.690s][info][gc,heap        ] GC(732) Humongous regions: 80->80
[3356.690s][info][gc,metaspace   ] GC(732) Metaspace: 28859K(29248K)->28859K(29248K) NonClass: 23992K(24192K)->23992K(24192K) Class: 4867K(5056K)->4867K(5056K)
[3356.690s][info][gc             ] GC(732) Pause Young (Prepare Mixed) (G1 Evacuation Pause) 3622M->1458M(4096M) 121.441ms
[3356.690s][info][gc,cpu         ] GC(732) User=0.72s Sys=0.00s Real=0.12s
...[3359.713s][info][gc,start       ] GC(733) Pause Young (Mixed) (G1 Evacuation Pause)
[3359.713s][info][gc,task        ] GC(733) Using 6 workers of 6 for evacuation
[3359.848s][info][gc,phases      ] GC(733)   Pre Evacuate Collection Set: 0.37ms
[3359.849s][info][gc,phases      ] GC(733)   Merge Heap Roots: 0.70ms
[3359.849s][info][gc,phases      ] GC(733)   Evacuate Collection Set: 133.48ms
[3359.849s][info][gc,phases      ] GC(733)   Post Evacuate Collection Set: 0.94ms
[3359.849s][info][gc,phases      ] GC(733)   Other: 0.09ms
[3359.849s][info][gc,heap        ] GC(733) Eden regions: 1101->0(1120)
[3359.849s][info][gc,heap        ] GC(733) Survivor regions: 114->108(152)
[3359.849s][info][gc,heap        ] GC(733) Old regions: 536->475
[3359.849s][info][gc,heap        ] GC(733) Humongous regions: 80->80
[3359.849s][info][gc,metaspace   ] GC(733) Metaspace: 28859K(29248K)->28859K(29248K) NonClass: 23992K(24192K)->23992K(24192K) Class: 4867K(5056K)->4867K(5056K)
[3359.849s][info][gc             ] GC(733) Pause Young (Mixed) (G1 Evacuation Pause) 3660M->1324M(4096M) 135.716ms
[3359.849s][info][gc,cpu         ] GC(733) User=0.80s Sys=0.00s Real=0.14s
....[3363.003s][info][gc,start       ] GC(734) Pause Young (Concurrent Start) (G1 Evacuation Pause)
[3363.003s][info][gc,task        ] GC(734) Using 6 workers of 6 for evacuation
[3363.120s][info][gc,phases      ] GC(734)   Pre Evacuate Collection Set: 0.39ms
[3363.120s][info][gc,phases      ] GC(734)   Merge Heap Roots: 0.49ms
[3363.120s][info][gc,phases      ] GC(734)   Evacuate Collection Set: 114.71ms
[3363.120s][info][gc,phases      ] GC(734)   Post Evacuate Collection Set: 0.87ms
[3363.120s][info][gc,phases      ] GC(734)   Other: 0.12ms
[3363.120s][info][gc,heap        ] GC(734) Eden regions: 1120->0(1119)
[3363.120s][info][gc,heap        ] GC(734) Survivor regions: 108->109(154)
[3363.120s][info][gc,heap        ] GC(734) Old regions: 475->506
[3363.120s][info][gc,heap        ] GC(734) Humongous regions: 80->80
[3363.120s][info][gc,metaspace   ] GC(734) Metaspace: 28859K(29248K)->28859K(29248K) NonClass: 23992K(24192K)->23992K(24192K) Class: 4867K(5056K)->4867K(5056K)
[3363.120s][info][gc             ] GC(734) Pause Young (Concurrent Start) (G1 Evacuation Pause) 3564M->1388M(4096M) 116.707ms
[3363.120s][info][gc             ] GC(735) Concurrent Mark Cycle
[3363.120s][info][gc,marking     ] GC(735) Concurrent Scan Root Regions
[3363.120s][info][gc,cpu         ] GC(734) User=0.68s Sys=0.00s Real=0.12s
[3363.252s][info][gc,marking     ] GC(735) Concurrent Scan Root Regions 131.525ms
[3363.252s][info][gc,marking     ] GC(735) Concurrent Mark
[3363.252s][info][gc,marking     ] GC(735) Concurrent Mark From Roots
[3363.252s][info][gc,task        ] GC(735) Using 2 workers of 2 for marking
[3363.938s][info][gc,marking     ] GC(735) Concurrent Mark From Roots 686.284ms
[3363.938s][info][gc,marking     ] GC(735) Concurrent Preclean
[3363.938s][info][gc,marking     ] GC(735) Concurrent Preclean 0.091ms
[3363.938s][info][gc,start       ] GC(735) Pause Remark
[3363.944s][info][gc             ] GC(735) Pause Remark 2028M->2028M(4096M) 5.401ms
[3363.944s][info][gc,cpu         ] GC(735) User=0.03s Sys=0.00s Real=0.00s
[3363.944s][info][gc,marking     ] GC(735) Concurrent Mark 692.037ms
[3363.944s][info][gc,marking     ] GC(735) Concurrent Rebuild Remembered Sets and Scrub Regions
.[3364.211s][info][gc,marking     ] GC(735) Concurrent Rebuild Remembered Sets and Scrub Regions 267.568ms
[3364.212s][info][gc,start       ] GC(735) Pause Cleanup
[3364.212s][info][gc             ] GC(735) Pause Cleanup 2223M->2223M(4096M) 0.119ms
[3364.212s][info][gc,cpu         ] GC(735) User=0.00s Sys=0.00s Real=0.00s
[3364.212s][info][gc,marking     ] GC(735) Concurrent Clear Claimed Marks
[3364.212s][info][gc,marking     ] GC(735) Concurrent Clear Claimed Marks 0.028ms
[3364.212s][info][gc,marking     ] GC(735) Concurrent Cleanup for Next Mark
[3364.216s][info][gc,marking     ] GC(735) Concurrent Cleanup for Next Mark 4.126ms
[3364.216s][info][gc             ] GC(735) Concurrent Mark Cycle 1095.814ms
..[3366.285s][info][gc,start       ] GC(736) Pause Young (Prepare Mixed) (G1 Evacuation Pause)
[3366.285s][info][gc,task        ] GC(736) Using 6 workers of 6 for evacuation
[3366.403s][info][gc,phases      ] GC(736)   Pre Evacuate Collection Set: 0.35ms
[3366.403s][info][gc,phases      ] GC(736)   Merge Heap Roots: 0.57ms
[3366.403s][info][gc,phases      ] GC(736)   Evacuate Collection Set: 115.90ms
[3366.403s][info][gc,phases      ] GC(736)   Post Evacuate Collection Set: 0.93ms
[3366.403s][info][gc,phases      ] GC(736)   Other: 0.08ms
[3366.403s][info][gc,heap        ] GC(736) Eden regions: 1119->0(1108)
[3366.403s][info][gc,heap        ] GC(736) Survivor regions: 109->110(154)
[3366.403s][info][gc,heap        ] GC(736) Old regions: 506->537
[3366.403s][info][gc,heap        ] GC(736) Humongous regions: 80->80
[3366.403s][info][gc,metaspace   ] GC(736) Metaspace: 28859K(29248K)->28859K(29248K) NonClass: 23992K(24192K)->23992K(24192K) Class: 4867K(5056K)->4867K(5056K)
[3366.403s][info][gc             ] GC(736) Pause Young (Prepare Mixed) (G1 Evacuation Pause) 3626M->1453M(4096M) 117.956ms
[3366.403s][info][gc,cpu         ] GC(736) User=0.70s Sys=0.00s Real=0.12s
... (rIR:aIR:PR = 5812:5813:5814) (tPR = 86201) [OK] 
  3368s: Performance info:
         Transaction,    Success,    Partial,     Failed,   Receipts, AvgBarcode, 
             Overall,     350968,          0,          0,     333400,      59.48, 
         Response times:
             Request,    Success,    Partial,     Failed,   SkipFail,     Probes,    Samples,      min,      p50,      p90,      p95,      p99,      max, 
       TotalPurchase,     333397,          0,          0,          0,     328125,     356609,      300,     5000,    16700,    44000,   101000,   228000,
     InStorePurchase,     175490,          0,          0,          0,     172573,     187535,      300,     5100,    16700,    43000,   101000,   228000,
      OnlinePurchase,     122861,          0,          0,          0,     121273,     131424,      300,     4900,    16400,    43000,   100000,   211000,
        InstPurchase,      35046,          0,          0,          0,      34279,      37650,      500,     5300,    18300,    46000,   106000,   228000,
          AssocOfCat,        351,          0,          0,          0,        287,        398,    22000,    36000,    60000,   100050,   172000,   179000,
      AssocOfProduct,       3511,          0,          0,          0,       3265,       3777,     1600,     6700,    23000,    49000,   103000,   160000,
      BusinessReport,        876,          0,          0,          0,        769,        962,    25000,    42000,    80700,   125550,   182000,   258000,
          CustBuyBeh,       3519,          0,          0,          0,       3301,       3793,      200,     4000,    14860,    40300,    93060,   161000,
       ProductReturn,       9295,          0,          0,          0,       8923,       9994,      200,     4200,    14000,    39000,    94000,   153000,

  3368s: (43%)   IR =   5950 [3369.581s][info][gc,start       ] GC(737) Pause Young (Mixed) (G1 Evacuation Pause)
[3369.581s][info][gc,task        ] GC(737) Using 6 workers of 6 for evacuation
[3369.720s][info][gc,phases      ] GC(737)   Pre Evacuate Collection Set: 0.37ms
[3369.720s][info][gc,phases      ] GC(737)   Merge Heap Roots: 0.69ms
[3369.720s][info][gc,phases      ] GC(737)   Evacuate Collection Set: 136.83ms
[3369.720s][info][gc,phases      ] GC(737)   Post Evacuate Collection Set: 0.99ms
[3369.720s][info][gc,phases      ] GC(737)   Other: 0.09ms
[3369.720s][info][gc,heap        ] GC(737) Eden regions: 1108->0(1115)
[3369.720s][info][gc,heap        ] GC(737) Survivor regions: 110->113(153)
[3369.720s][info][gc,heap        ] GC(737) Old regions: 537->471
[3369.720s][info][gc,heap        ] GC(737) Humongous regions: 80->80
[3369.720s][info][gc,metaspace   ] GC(737) Metaspace: 28859K(29248K)->28859K(29248K) NonClass: 23992K(24192K)->23992K(24192K) Class: 4867K(5056K)->4867K(5056K)
[3369.720s][info][gc             ] GC(737) Pause Young (Mixed) (G1 Evacuation Pause) 3669M->1327M(4096M) 139.130ms
[3369.720s][info][gc,cpu         ] GC(737) User=0.82s Sys=0.00s Real=0.14s
...[3372.694s][info][gc,start       ] GC(738) Pause Young (Concurrent Start) (G1 Evacuation Pause)
[3372.694s][info][gc,task        ] GC(738) Using 6 workers of 6 for evacuation
[3372.812s][info][gc,phases      ] GC(738)   Pre Evacuate Collection Set: 0.37ms
[3372.812s][info][gc,phases      ] GC(738)   Merge Heap Roots: 0.45ms
[3372.812s][info][gc,phases      ] GC(738)   Evacuate Collection Set: 115.80ms
[3372.812s][info][gc,phases      ] GC(738)   Post Evacuate Collection Set: 0.94ms
[3372.812s][info][gc,phases      ] GC(738)   Other: 0.11ms
[3372.812s][info][gc,heap        ] GC(738) Eden regions: 1115->0(1118)
[3372.812s][info][gc,heap        ] GC(738) Survivor regions: 113->110(154)
[3372.812s][info][gc,heap        ] GC(738) Old regions: 471->504
[3372.812s][info][gc,heap        ] GC(738) Humongous regions: 80->80
[3372.812s][info][gc,metaspace   ] GC(738) Metaspace: 28859K(29248K)->28859K(29248K) NonClass: 23992K(24192K)->23992K(24192K) Class: 4867K(5056K)->4867K(5056K)
[3372.812s][info][gc             ] GC(738) Pause Young (Concurrent Start) (G1 Evacuation Pause) 3557M->1386M(4096M) 117.798ms
[3372.812s][info][gc             ] GC(739) Concurrent Mark Cycle
[3372.812s][info][gc,marking     ] GC(739) Concurrent Scan Root Regions
[3372.812s][info][gc,cpu         ] GC(738) User=0.69s Sys=0.00s Real=0.12s
[3372.947s][info][gc,marking     ] GC(739) Concurrent Scan Root Regions 135.182ms
[3372.947s][info][gc,marking     ] GC(739) Concurrent Mark
[3372.947s][info][gc,marking     ] GC(739) Concurrent Mark From Roots
[3372.947s][info][gc,task        ] GC(739) Using 2 workers of 2 for marking
.[3373.619s][info][gc,marking     ] GC(739) Concurrent Mark From Roots 672.240ms
[3373.620s][info][gc,marking     ] GC(739) Concurrent Preclean
[3373.620s][info][gc,marking     ] GC(739) Concurrent Preclean 0.111ms
[3373.620s][info][gc,start       ] GC(739) Pause Remark
[3373.626s][info][gc             ] GC(739) Pause Remark 2007M->2007M(4096M) 5.447ms
[3373.626s][info][gc,cpu         ] GC(739) User=0.03s Sys=0.00s Real=0.00s
[3373.626s][info][gc,marking     ] GC(739) Concurrent Mark 678.780ms
[3373.626s][info][gc,marking     ] GC(739) Concurrent Rebuild Remembered Sets and Scrub Regions
[3373.875s][info][gc,marking     ] GC(739) Concurrent Rebuild Remembered Sets and Scrub Regions 248.747ms
[3373.875s][info][gc,start       ] GC(739) Pause Cleanup
[3373.875s][info][gc             ] GC(739) Pause Cleanup 2200M->2200M(4096M) 0.123ms
[3373.875s][info][gc,cpu         ] GC(739) User=0.00s Sys=0.00s Real=0.00s
[3373.875s][info][gc,marking     ] GC(739) Concurrent Clear Claimed Marks
[3373.875s][info][gc,marking     ] GC(739) Concurrent Clear Claimed Marks 0.024ms
[3373.875s][info][gc,marking     ] GC(739) Concurrent Cleanup for Next Mark
[3373.881s][info][gc,marking     ] GC(739) Concurrent Cleanup for Next Mark 6.012ms
[3373.881s][info][gc             ] GC(739) Concurrent Mark Cycle 1069.202ms
..[3375.833s][info][gc,start       ] GC(740) Pause Young (Prepare Mixed) (G1 Evacuation Pause)
[3375.833s][info][gc,task        ] GC(740) Using 6 workers of 6 for evacuation
[3375.951s][info][gc,phases      ] GC(740)   Pre Evacuate Collection Set: 0.32ms
[3375.951s][info][gc,phases      ] GC(740)   Merge Heap Roots: 0.48ms
[3375.951s][info][gc,phases      ] GC(740)   Evacuate Collection Set: 116.44ms
[3375.951s][info][gc,phases      ] GC(740)   Post Evacuate Collection Set: 0.93ms
[3375.951s][info][gc,phases      ] GC(740)   Other: 0.09ms
[3375.951s][info][gc,heap        ] GC(740) Eden regions: 1118->0(1109)
[3375.951s][info][gc,heap        ] GC(740) Survivor regions: 110->110(154)
[3375.951s][info][gc,heap        ] GC(740) Old regions: 504->536
[3375.951s][info][gc,heap        ] GC(740) Humongous regions: 80->80
[3375.951s][info][gc,metaspace   ] GC(740) Metaspace: 28859K(29248K)->28859K(29248K) NonClass: 23992K(24192K)->23992K(24192K) Class: 4867K(5056K)->4867K(5056K)
[3375.951s][info][gc             ] GC(740) Pause Young (Prepare Mixed) (G1 Evacuation Pause) 3622M->1450M(4096M) 118.405ms
[3375.951s][info][gc,cpu         ] GC(740) User=0.70s Sys=0.00s Real=0.12s
.|..[3378.992s][info][gc,start       ] GC(741) Pause Young (Mixed) (G1 Evacuation Pause)
[3378.992s][info][gc,task        ] GC(741) Using 6 workers of 6 for evacuation
[3379.129s][info][gc,phases      ] GC(741)   Pre Evacuate Collection Set: 0.36ms
[3379.129s][info][gc,phases      ] GC(741)   Merge Heap Roots: 0.66ms
[3379.129s][info][gc,phases      ] GC(741)   Evacuate Collection Set: 134.99ms
[3379.129s][info][gc,phases      ] GC(741)   Post Evacuate Collection Set: 0.96ms
[3379.129s][info][gc,phases      ] GC(741)   Other: 0.09ms
[3379.129s][info][gc,heap        ] GC(741) Eden regions: 1109->0(1114)
[3379.129s][info][gc,heap        ] GC(741) Survivor regions: 110->114(153)
[3379.129s][info][gc,heap        ] GC(741) Old regions: 536->472
[3379.129s][info][gc,heap        ] GC(741) Humongous regions: 80->80
[3379.129s][info][gc,metaspace   ] GC(741) Metaspace: 28859K(29248K)->28859K(29248K) NonClass: 23992K(24192K)->23992K(24192K) Class: 4867K(5056K)->4867K(5056K)
[3379.129s][info][gc             ] GC(741) Pause Young (Mixed) (G1 Evacuation Pause) 3668M->1330M(4096M) 137.180ms
[3379.129s][info][gc,cpu         ] GC(741) User=0.82s Sys=0.00s Real=0.14s
....[3382.155s][info][gc,start       ] GC(742) Pause Young (Concurrent Start) (G1 Evacuation Pause)
[3382.155s][info][gc,task        ] GC(742) Using 6 workers of 6 for evacuation
[3382.277s][info][gc,phases      ] GC(742)   Pre Evacuate Collection Set: 0.34ms
[3382.277s][info][gc,phases      ] GC(742)   Merge Heap Roots: 0.42ms
[3382.277s][info][gc,phases      ] GC(742)   Evacuate Collection Set: 120.24ms
[3382.277s][info][gc,phases      ] GC(742)   Post Evacuate Collection Set: 0.87ms
[3382.277s][info][gc,phases      ] GC(742)   Other: 0.11ms
[3382.277s][info][gc,heap        ] GC(742) Eden regions: 1114->0(1115)
[3382.277s][info][gc,heap        ] GC(742) Survivor regions: 114->113(154)
[3382.277s][info][gc,heap        ] GC(742) Old regions: 472->505
[3382.277s][info][gc,heap        ] GC(742) Humongous regions: 80->80
[3382.277s][info][gc,metaspace   ] GC(742) Metaspace: 28859K(29248K)->28859K(29248K) NonClass: 23992K(24192K)->23992K(24192K) Class: 4867K(5056K)->4867K(5056K)
[3382.277s][info][gc             ] GC(742) Pause Young (Concurrent Start) (G1 Evacuation Pause) 3558M->1393M(4096M) 122.117ms
[3382.277s][info][gc             ] GC(743) Concurrent Mark Cycle
[3382.277s][info][gc,marking     ] GC(743) Concurrent Scan Root Regions
[3382.277s][info][gc,cpu         ] GC(742) User=0.73s Sys=0.00s Real=0.12s
[3382.444s][info][gc,marking     ] GC(743) Concurrent Scan Root Regions 166.926ms
[3382.444s][info][gc,marking     ] GC(743) Concurrent Mark
[3382.444s][info][gc,marking     ] GC(743) Concurrent Mark From Roots
[3382.444s][info][gc,task        ] GC(743) Using 2 workers of 2 for marking
.[3383.284s][info][gc,marking     ] GC(743) Concurrent Mark From Roots 840.344ms
[3383.284s][info][gc,marking     ] GC(743) Concurrent Preclean
[3383.284s][info][gc,marking     ] GC(743) Concurrent Preclean 0.162ms
[3383.287s][info][gc,start       ] GC(743) Pause Remark
[3383.291s][info][gc             ] GC(743) Pause Remark 2167M->2167M(4096M) 4.531ms
[3383.291s][info][gc,cpu         ] GC(743) User=0.03s Sys=0.00s Real=0.01s
[3383.292s][info][gc,marking     ] GC(743) Concurrent Mark 847.690ms
[3383.292s][info][gc,marking     ] GC(743) Concurrent Rebuild Remembered Sets and Scrub Regions
[3383.546s][info][gc,marking     ] GC(743) Concurrent Rebuild Remembered Sets and Scrub Regions 254.827ms
[3383.547s][info][gc,start       ] GC(743) Pause Cleanup
[3383.547s][info][gc             ] GC(743) Pause Cleanup 2366M->2366M(4096M) 0.104ms
[3383.547s][info][gc,cpu         ] GC(743) User=0.00s Sys=0.00s Real=0.00s
[3383.547s][info][gc,marking     ] GC(743) Concurrent Clear Claimed Marks
[3383.547s][info][gc,marking     ] GC(743) Concurrent Clear Claimed Marks 0.035ms
[3383.547s][info][gc,marking     ] GC(743) Concurrent Cleanup for Next Mark
[3383.552s][info][gc,marking     ] GC(743) Concurrent Cleanup for Next Mark 4.503ms
[3383.552s][info][gc             ] GC(743) Concurrent Mark Cycle 1274.946ms
..[3385.424s][info][gc,start       ] GC(744) Pause Young (Prepare Mixed) (G1 Evacuation Pause)
[3385.424s][info][gc,task        ] GC(744) Using 6 workers of 6 for evacuation
[3385.552s][info][gc,phases      ] GC(744)   Pre Evacuate Collection Set: 0.31ms
[3385.552s][info][gc,phases      ] GC(744)   Merge Heap Roots: 0.50ms
[3385.552s][info][gc,phases      ] GC(744)   Evacuate Collection Set: 126.21ms
[3385.552s][info][gc,phases      ] GC(744)   Post Evacuate Collection Set: 0.90ms
[3385.552s][info][gc,phases      ] GC(744)   Other: 0.10ms
[3385.552s][info][gc,heap        ] GC(744) Eden regions: 1115->0(1091)
[3385.552s][info][gc,heap        ] GC(744) Survivor regions: 113->119(154)
[3385.552s][info][gc,heap        ] GC(744) Old regions: 505->536
[3385.552s][info][gc,heap        ] GC(744) Humongous regions: 80->80
[3385.552s][info][gc,metaspace   ] GC(744) Metaspace: 28859K(29248K)->28859K(29248K) NonClass: 23992K(24192K)->23992K(24192K) Class: 4867K(5056K)->4867K(5056K)
[3385.552s][info][gc             ] GC(744) Pause Young (Prepare Mixed) (G1 Evacuation Pause) 3623M->1468M(4096M) 128.139ms
[3385.552s][info][gc,cpu         ] GC(744) User=0.75s Sys=0.00s Real=0.13s
...[3388.501s][info][gc,start       ] GC(745) Pause Young (Mixed) (G1 Evacuation Pause)
[3388.501s][info][gc,task        ] GC(745) Using 6 workers of 6 for evacuation
[3388.637s][info][gc,phases      ] GC(745)   Pre Evacuate Collection Set: 0.36ms
[3388.637s][info][gc,phases      ] GC(745)   Merge Heap Roots: 0.63ms
[3388.637s][info][gc,phases      ] GC(745)   Evacuate Collection Set: 133.14ms
[3388.637s][info][gc,phases      ] GC(745)   Post Evacuate Collection Set: 0.95ms
[3388.637s][info][gc,phases      ] GC(745)   Other: 0.08ms
[3388.637s][info][gc,heap        ] GC(745) Eden regions: 1091->0(1117)
[3388.637s][info][gc,heap        ] GC(745) Survivor regions: 119->111(152)
[3388.637s][info][gc,heap        ] GC(745) Old regions: 536->471
[3388.637s][info][gc,heap        ] GC(745) Humongous regions: 80->80
[3388.637s][info][gc,metaspace   ] GC(745) Metaspace: 28859K(29248K)->28859K(29248K) NonClass: 23992K(24192K)->23992K(24192K) Class: 4867K(5056K)->4867K(5056K)
[3388.637s][info][gc             ] GC(745) Pause Young (Mixed) (G1 Evacuation Pause) 3650M->1323M(4096M) 135.300ms
[3388.637s][info][gc,cpu         ] GC(745) User=0.80s Sys=0.00s Real=0.13s
...[3391.663s][info][gc,start       ] GC(746) Pause Young (Concurrent Start) (G1 Evacuation Pause)
[3391.663s][info][gc,task        ] GC(746) Using 6 workers of 6 for evacuation
[3391.779s][info][gc,phases      ] GC(746)   Pre Evacuate Collection Set: 0.42ms
[3391.779s][info][gc,phases      ] GC(746)   Merge Heap Roots: 0.55ms
[3391.779s][info][gc,phases      ] GC(746)   Evacuate Collection Set: 114.45ms
[3391.779s][info][gc,phases      ] GC(746)   Post Evacuate Collection Set: 0.90ms
[3391.779s][info][gc,phases      ] GC(746)   Other: 0.13ms
[3391.779s][info][gc,heap        ] GC(746) Eden regions: 1117->0(1120)
[3391.779s][info][gc,heap        ] GC(746) Survivor regions: 111->108(154)
[3391.779s][info][gc,heap        ] GC(746) Old regions: 471->504
[3391.779s][info][gc,heap        ] GC(746) Humongous regions: 80->80
[3391.779s][info][gc,metaspace   ] GC(746) Metaspace: 28859K(29248K)->28859K(29248K) NonClass: 23992K(24192K)->23992K(24192K) Class: 4867K(5056K)->4867K(5056K)
[3391.779s][info][gc             ] GC(746) Pause Young (Concurrent Start) (G1 Evacuation Pause) 3557M->1382M(4096M) 116.613ms
[3391.779s][info][gc             ] GC(747) Concurrent Mark Cycle
[3391.779s][info][gc,marking     ] GC(747) Concurrent Scan Root Regions
[3391.779s][info][gc,cpu         ] GC(746) User=0.69s Sys=0.00s Real=0.12s
[3391.927s][info][gc,marking     ] GC(747) Concurrent Scan Root Regions 147.534ms
[3391.927s][info][gc,marking     ] GC(747) Concurrent Mark
[3391.927s][info][gc,marking     ] GC(747) Concurrent Mark From Roots
[3391.927s][info][gc,task        ] GC(747) Using 2 workers of 2 for marking
.[3392.603s][info][gc,marking     ] GC(747) Concurrent Mark From Roots 676.397ms
[3392.603s][info][gc,marking     ] GC(747) Concurrent Preclean
[3392.604s][info][gc,marking     ] GC(747) Concurrent Preclean 0.098ms
[3392.606s][info][gc,start       ] GC(747) Pause Remark
[3392.609s][info][gc             ] GC(747) Pause Remark 2018M->2018M(4096M) 3.317ms
[3392.609s][info][gc,cpu         ] GC(747) User=0.02s Sys=0.00s Real=0.01s
[3392.610s][info][gc,marking     ] GC(747) Concurrent Mark 682.532ms
[3392.610s][info][gc,marking     ] GC(747) Concurrent Rebuild Remembered Sets and Scrub Regions
[3392.861s][info][gc,marking     ] GC(747) Concurrent Rebuild Remembered Sets and Scrub Regions 251.847ms
[3392.862s][info][gc,start       ] GC(747) Pause Cleanup
[3392.862s][info][gc             ] GC(747) Pause Cleanup 2191M->2191M(4096M) 0.096ms
[3392.862s][info][gc,cpu         ] GC(747) User=0.00s Sys=0.00s Real=0.00s
[3392.862s][info][gc,marking     ] GC(747) Concurrent Clear Claimed Marks
[3392.862s][info][gc,marking     ] GC(747) Concurrent Clear Claimed Marks 0.021ms
[3392.862s][info][gc,marking     ] GC(747) Concurrent Cleanup for Next Mark
[3392.866s][info][gc,marking     ] GC(747) Concurrent Cleanup for Next Mark 4.189ms
[3392.866s][info][gc             ] GC(747) Concurrent Mark Cycle 1086.572ms
..[3394.840s][info][gc,start       ] GC(748) Pause Young (Prepare Mixed) (G1 Evacuation Pause)
[3394.840s][info][gc,task        ] GC(748) Using 6 workers of 6 for evacuation
[3394.961s][info][gc,phases      ] GC(748)   Pre Evacuate Collection Set: 0.34ms
[3394.961s][info][gc,phases      ] GC(748)   Merge Heap Roots: 0.51ms
[3394.961s][info][gc,phases      ] GC(748)   Evacuate Collection Set: 118.58ms
[3394.961s][info][gc,phases      ] GC(748)   Post Evacuate Collection Set: 0.92ms
[3394.961s][info][gc,phases      ] GC(748)   Other: 0.09ms
[3394.961s][info][gc,heap        ] GC(748) Eden regions: 1120->0(1106)
[3394.961s][info][gc,heap        ] GC(748) Survivor regions: 108->112(154)
[3394.961s][info][gc,heap        ] GC(748) Old regions: 504->535
[3394.961s][info][gc,heap        ] GC(748) Humongous regions: 80->80
[3394.961s][info][gc,metaspace   ] GC(748) Metaspace: 28859K(29248K)->28859K(29248K) NonClass: 23992K(24192K)->23992K(24192K) Class: 4867K(5056K)->4867K(5056K)
[3394.961s][info][gc             ] GC(748) Pause Young (Prepare Mixed) (G1 Evacuation Pause) 3622M->1452M(4096M) 120.560ms
[3394.961s][info][gc,cpu         ] GC(748) User=0.71s Sys=0.00s Real=0.12s
...[3398.012s][info][gc,start       ] GC(749) Pause Young (Mixed) (G1 Evacuation Pause)
[3398.012s][info][gc,task        ] GC(749) Using 6 workers of 6 for evacuation
[3398.145s][info][gc,phases      ] GC(749)   Pre Evacuate Collection Set: 0.38ms
[3398.145s][info][gc,phases      ] GC(749)   Merge Heap Roots: 0.75ms
[3398.145s][info][gc,phases      ] GC(749)   Evacuate Collection Set: 130.49ms
[3398.145s][info][gc,phases      ] GC(749)   Post Evacuate Collection Set: 0.93ms
[3398.145s][info][gc,phases      ] GC(749)   Other: 0.09ms
[3398.145s][info][gc,heap        ] GC(749) Eden regions: 1106->0(1119)
[3398.145s][info][gc,heap        ] GC(749) Survivor regions: 112->109(153)
[3398.145s][info][gc,heap        ] GC(749) Old regions: 535->472
[3398.145s][info][gc,heap        ] GC(749) Humongous regions: 80->80
[3398.145s][info][gc,metaspace   ] GC(749) Metaspace: 28859K(29248K)->28859K(29248K) NonClass: 23992K(24192K)->23992K(24192K) Class: 4867K(5056K)->4867K(5056K)
[3398.145s][info][gc             ] GC(749) Pause Young (Mixed) (G1 Evacuation Pause) 3664M->1320M(4096M) 132.804ms
[3398.145s][info][gc,cpu         ] GC(749) User=0.78s Sys=0.00s Real=0.13s
....[3401.200s][info][gc,start       ] GC(750) Pause Young (Concurrent Start) (G1 Evacuation Pause)
[3401.200s][info][gc,task        ] GC(750) Using 6 workers of 6 for evacuation
[3401.319s][info][gc,phases      ] GC(750)   Pre Evacuate Collection Set: 0.40ms
[3401.319s][info][gc,phases      ] GC(750)   Merge Heap Roots: 0.57ms
[3401.319s][info][gc,phases      ] GC(750)   Evacuate Collection Set: 116.78ms
[3401.319s][info][gc,phases      ] GC(750)   Post Evacuate Collection Set: 0.90ms
[3401.319s][info][gc,phases      ] GC(750)   Other: 0.13ms
[3401.319s][info][gc,heap        ] GC(750) Eden regions: 1119->0(1117)
[3401.319s][info][gc,heap        ] GC(750) Survivor regions: 109->111(154)
[3401.319s][info][gc,heap        ] GC(750) Old regions: 472->504
[3401.319s][info][gc,heap        ] GC(750) Humongous regions: 80->80
[3401.319s][info][gc,metaspace   ] GC(750) Metaspace: 28859K(29248K)->28859K(29248K) NonClass: 23992K(24192K)->23992K(24192K) Class: 4867K(5056K)->4867K(5056K)
[3401.319s][info][gc             ] GC(750) Pause Young (Concurrent Start) (G1 Evacuation Pause) 3558M->1388M(4096M) 118.932ms
[3401.319s][info][gc             ] GC(751) Concurrent Mark Cycle
[3401.319s][info][gc,marking     ] GC(751) Concurrent Scan Root Regions
[3401.319s][info][gc,cpu         ] GC(750) User=0.70s Sys=0.00s Real=0.12s
[3401.452s][info][gc,marking     ] GC(751) Concurrent Scan Root Regions 133.459ms
[3401.452s][info][gc,marking     ] GC(751) Concurrent Mark
[3401.452s][info][gc,marking     ] GC(751) Concurrent Mark From Roots
[3401.452s][info][gc,task        ] GC(751) Using 2 workers of 2 for marking
[3402.169s][info][gc,marking     ] GC(751) Concurrent Mark From Roots 716.429ms
[3402.170s][info][gc,marking     ] GC(751) Concurrent Preclean
[3402.171s][info][gc,marking     ] GC(751) Concurrent Preclean 0.133ms
.[3402.172s][info][gc,start       ] GC(751) Pause Remark
[3402.175s][info][gc             ] GC(751) Pause Remark 2082M->2082M(4096M) 3.715ms
[3402.175s][info][gc,cpu         ] GC(751) User=0.02s Sys=0.00s Real=0.00s
[3402.176s][info][gc,marking     ] GC(751) Concurrent Mark 723.460ms
[3402.176s][info][gc,marking     ] GC(751) Concurrent Rebuild Remembered Sets and Scrub Regions
[3402.432s][info][gc,marking     ] GC(751) Concurrent Rebuild Remembered Sets and Scrub Regions 255.940ms
[3402.432s][info][gc,start       ] GC(751) Pause Cleanup
[3402.432s][info][gc             ] GC(751) Pause Cleanup 2256M->2256M(4096M) 0.106ms
[3402.432s][info][gc,cpu         ] GC(751) User=0.00s Sys=0.00s Real=0.00s
[3402.432s][info][gc,marking     ] GC(751) Concurrent Clear Claimed Marks
[3402.432s][info][gc,marking     ] GC(751) Concurrent Clear Claimed Marks 0.031ms
[3402.432s][info][gc,marking     ] GC(751) Concurrent Cleanup for Next Mark
[3402.437s][info][gc,marking     ] GC(751) Concurrent Cleanup for Next Mark 4.873ms
[3402.437s][info][gc             ] GC(751) Concurrent Mark Cycle 1118.223ms
..[3404.408s][info][gc,start       ] GC(752) Pause Young (Prepare Mixed) (G1 Evacuation Pause)
[3404.408s][info][gc,task        ] GC(752) Using 6 workers of 6 for evacuation
[3404.528s][info][gc,phases      ] GC(752)   Pre Evacuate Collection Set: 0.33ms
[3404.528s][info][gc,phases      ] GC(752)   Merge Heap Roots: 0.53ms
[3404.528s][info][gc,phases      ] GC(752)   Evacuate Collection Set: 118.29ms
[3404.528s][info][gc,phases      ] GC(752)   Post Evacuate Collection Set: 0.92ms
[3404.528s][info][gc,phases      ] GC(752)   Other: 0.08ms
[3404.528s][info][gc,heap        ] GC(752) Eden regions: 1117->0(1108)
[3404.528s][info][gc,heap        ] GC(752) Survivor regions: 111->111(154)
[3404.528s][info][gc,heap        ] GC(752) Old regions: 504->535
[3404.528s][info][gc,heap        ] GC(752) Humongous regions: 80->80
[3404.528s][info][gc,metaspace   ] GC(752) Metaspace: 28859K(29248K)->28859K(29248K) NonClass: 23992K(24192K)->23992K(24192K) Class: 4867K(5056K)->4867K(5056K)
[3404.528s][info][gc             ] GC(752) Pause Young (Prepare Mixed) (G1 Evacuation Pause) 3622M->1450M(4096M) 120.319ms
[3404.528s][info][gc,cpu         ] GC(752) User=0.71s Sys=0.01s Real=0.13s
...[3407.397s][info][gc,start       ] GC(753) Pause Young (Mixed) (G1 Evacuation Pause)
[3407.397s][info][gc,task        ] GC(753) Using 6 workers of 6 for evacuation
[3407.530s][info][gc,phases      ] GC(753)   Pre Evacuate Collection Set: 0.39ms
[3407.530s][info][gc,phases      ] GC(753)   Merge Heap Roots: 0.67ms
[3407.530s][info][gc,phases      ] GC(753)   Evacuate Collection Set: 130.92ms
[3407.530s][info][gc,phases      ] GC(753)   Post Evacuate Collection Set: 0.97ms
[3407.530s][info][gc,phases      ] GC(753)   Other: 0.09ms
[3407.530s][info][gc,heap        ] GC(753) Eden regions: 1108->0(1119)
[3407.530s][info][gc,heap        ] GC(753) Survivor regions: 111->109(153)
[3407.530s][info][gc,heap        ] GC(753) Old regions: 535->474
[3407.530s][info][gc,heap        ] GC(753) Humongous regions: 80->80
[3407.530s][info][gc,metaspace   ] GC(753) Metaspace: 28859K(29248K)->28859K(29248K) NonClass: 23992K(24192K)->23992K(24192K) Class: 4867K(5056K)->4867K(5056K)
[3407.530s][info][gc             ] GC(753) Pause Young (Mixed) (G1 Evacuation Pause) 3666M->1325M(4096M) 133.172ms
[3407.530s][info][gc,cpu         ] GC(753) User=0.79s Sys=0.00s Real=0.14s
...[3410.647s][info][gc,start       ] GC(754) Pause Young (Concurrent Start) (G1 Evacuation Pause)
[3410.647s][info][gc,task        ] GC(754) Using 6 workers of 6 for evacuation
[3410.763s][info][gc,phases      ] GC(754)   Pre Evacuate Collection Set: 0.40ms
[3410.763s][info][gc,phases      ] GC(754)   Merge Heap Roots: 0.55ms
[3410.763s][info][gc,phases      ] GC(754)   Evacuate Collection Set: 114.32ms
[3410.763s][info][gc,phases      ] GC(754)   Post Evacuate Collection Set: 0.87ms
[3410.763s][info][gc,phases      ] GC(754)   Other: 0.10ms
[3410.763s][info][gc,heap        ] GC(754) Eden regions: 1119->0(1121)
[3410.763s][info][gc,heap        ] GC(754) Survivor regions: 109->107(154)
[3410.763s][info][gc,heap        ] GC(754) Old regions: 474->506
[3410.763s][info][gc,heap        ] GC(754) Humongous regions: 80->80
[3410.763s][info][gc,metaspace   ] GC(754) Metaspace: 28859K(29248K)->28859K(29248K) NonClass: 23992K(24192K)->23992K(24192K) Class: 4867K(5056K)->4867K(5056K)
[3410.763s][info][gc             ] GC(754) Pause Young (Concurrent Start) (G1 Evacuation Pause) 3563M->1384M(4096M) 116.383ms
[3410.763s][info][gc             ] GC(755) Concurrent Mark Cycle
[3410.763s][info][gc,marking     ] GC(755) Concurrent Scan Root Regions
[3410.763s][info][gc,cpu         ] GC(754) User=0.68s Sys=0.00s Real=0.12s
[3410.931s][info][gc,marking     ] GC(755) Concurrent Scan Root Regions 168.049ms
[3410.932s][info][gc,marking     ] GC(755) Concurrent Mark
[3410.932s][info][gc,marking     ] GC(755) Concurrent Mark From Roots
[3410.932s][info][gc,task        ] GC(755) Using 2 workers of 2 for marking
.[3411.612s][info][gc,marking     ] GC(755) Concurrent Mark From Roots 680.444ms
[3411.612s][info][gc,marking     ] GC(755) Concurrent Preclean
[3411.612s][info][gc,marking     ] GC(755) Concurrent Preclean 0.125ms
[3411.612s][info][gc,start       ] GC(755) Pause Remark
[3411.617s][info][gc             ] GC(755) Pause Remark 2044M->2044M(4096M) 4.292ms
[3411.617s][info][gc,cpu         ] GC(755) User=0.03s Sys=0.00s Real=0.00s
[3411.617s][info][gc,marking     ] GC(755) Concurrent Mark 685.154ms
[3411.617s][info][gc,marking     ] GC(755) Concurrent Rebuild Remembered Sets and Scrub Regions
[3411.864s][info][gc,marking     ] GC(755) Concurrent Rebuild Remembered Sets and Scrub Regions 247.573ms
[3411.864s][info][gc,start       ] GC(755) Pause Cleanup
[3411.865s][info][gc             ] GC(755) Pause Cleanup 2213M->2213M(4096M) 0.113ms
[3411.865s][info][gc,cpu         ] GC(755) User=0.00s Sys=0.00s Real=0.00s
[3411.865s][info][gc,marking     ] GC(755) Concurrent Clear Claimed Marks
[3411.865s][info][gc,marking     ] GC(755) Concurrent Clear Claimed Marks 0.023ms
[3411.865s][info][gc,marking     ] GC(755) Concurrent Cleanup for Next Mark
[3411.868s][info][gc,marking     ] GC(755) Concurrent Cleanup for Next Mark 3.592ms
[3411.868s][info][gc             ] GC(755) Concurrent Mark Cycle 1104.856ms
..[3413.816s][info][gc,start       ] GC(756) Pause Young (Prepare Mixed) (G1 Evacuation Pause)
[3413.816s][info][gc,task        ] GC(756) Using 6 workers of 6 for evacuation
[3413.938s][info][gc,phases      ] GC(756)   Pre Evacuate Collection Set: 0.32ms
[3413.938s][info][gc,phases      ] GC(756)   Merge Heap Roots: 0.48ms
[3413.938s][info][gc,phases      ] GC(756)   Evacuate Collection Set: 120.98ms
[3413.938s][info][gc,phases      ] GC(756)   Post Evacuate Collection Set: 0.93ms
[3413.938s][info][gc,phases      ] GC(756)   Other: 0.09ms
[3413.938s][info][gc,heap        ] GC(756) Eden regions: 1121->0(1101)
[3413.938s][info][gc,heap        ] GC(756) Survivor regions: 107->114(154)
[3413.938s][info][gc,heap        ] GC(756) Old regions: 506->536
[3413.938s][info][gc,heap        ] GC(756) Humongous regions: 80->80
[3413.938s][info][gc,metaspace   ] GC(756) Metaspace: 28859K(29248K)->28859K(29248K) NonClass: 23992K(24192K)->23992K(24192K) Class: 4867K(5056K)->4867K(5056K)
[3413.938s][info][gc             ] GC(756) Pause Young (Prepare Mixed) (G1 Evacuation Pause) 3626M->1459M(4096M) 122.925ms
[3413.939s][info][gc,cpu         ] GC(756) User=0.73s Sys=0.00s Real=0.13s
...[3416.917s][info][gc,start       ] GC(757) Pause Young (Mixed) (G1 Evacuation Pause)
[3416.917s][info][gc,task        ] GC(757) Using 6 workers of 6 for evacuation
[3417.061s][info][gc,phases      ] GC(757)   Pre Evacuate Collection Set: 0.39ms
[3417.061s][info][gc,phases      ] GC(757)   Merge Heap Roots: 0.72ms
[3417.061s][info][gc,phases      ] GC(757)   Evacuate Collection Set: 141.37ms
[3417.061s][info][gc,phases      ] GC(757)   Post Evacuate Collection Set: 0.94ms
[3417.061s][info][gc,phases      ] GC(757)   Other: 0.11ms
[3417.061s][info][gc,heap        ] GC(757) Eden regions: 1101->0(1111)
[3417.061s][info][gc,heap        ] GC(757) Survivor regions: 114->117(152)
[3417.061s][info][gc,heap        ] GC(757) Old regions: 536->472
[3417.061s][info][gc,heap        ] GC(757) Humongous regions: 80->80
[3417.061s][info][gc,metaspace   ] GC(757) Metaspace: 28860K(29248K)->28860K(29248K) NonClass: 23993K(24192K)->23993K(24192K) Class: 4867K(5056K)->4867K(5056K)
[3417.061s][info][gc             ] GC(757) Pause Young (Mixed) (G1 Evacuation Pause) 3661M->1336M(4096M) 143.657ms
[3417.061s][info][gc,cpu         ] GC(757) User=0.86s Sys=0.00s Real=0.15s
...[3420.125s][info][gc,start       ] GC(758) Pause Young (Concurrent Start) (G1 Evacuation Pause)
[3420.125s][info][gc,task        ] GC(758) Using 6 workers of 6 for evacuation
[3420.242s][info][gc,phases      ] GC(758)   Pre Evacuate Collection Set: 0.40ms
[3420.242s][info][gc,phases      ] GC(758)   Merge Heap Roots: 0.56ms
[3420.242s][info][gc,phases      ] GC(758)   Evacuate Collection Set: 114.42ms
[3420.242s][info][gc,phases      ] GC(758)   Post Evacuate Collection Set: 0.88ms
[3420.242s][info][gc,phases      ] GC(758)   Other: 0.13ms
[3420.242s][info][gc,heap        ] GC(758) Eden regions: 1111->0(1119)
[3420.242s][info][gc,heap        ] GC(758) Survivor regions: 117->109(154)
[3420.242s][info][gc,heap        ] GC(758) Old regions: 472->504
[3420.242s][info][gc,heap        ] GC(758) Humongous regions: 80->80
[3420.242s][info][gc,metaspace   ] GC(758) Metaspace: 28860K(29248K)->28860K(29248K) NonClass: 23993K(24192K)->23993K(24192K) Class: 4867K(5056K)->4867K(5056K)
[3420.242s][info][gc             ] GC(758) Pause Young (Concurrent Start) (G1 Evacuation Pause) 3558M->1384M(4096M) 116.532ms
[3420.242s][info][gc             ] GC(759) Concurrent Mark Cycle
[3420.242s][info][gc,marking     ] GC(759) Concurrent Scan Root Regions
[3420.242s][info][gc,cpu         ] GC(758) User=0.69s Sys=0.00s Real=0.12s
.[3420.413s][info][gc,marking     ] GC(759) Concurrent Scan Root Regions 171.502ms
[3420.413s][info][gc,marking     ] GC(759) Concurrent Mark
[3420.413s][info][gc,marking     ] GC(759) Concurrent Mark From Roots
[3420.413s][info][gc,task        ] GC(759) Using 2 workers of 2 for marking
.[3421.379s][info][gc,marking     ] GC(759) Concurrent Mark From Roots 965.302ms
[3421.379s][info][gc,marking     ] GC(759) Concurrent Preclean
[3421.379s][info][gc,marking     ] GC(759) Concurrent Preclean 0.198ms
[3421.380s][info][gc,start       ] GC(759) Pause Remark
[3421.386s][info][gc             ] GC(759) Pause Remark 2286M->2286M(4096M) 5.754ms
[3421.386s][info][gc,cpu         ] GC(759) User=0.03s Sys=0.00s Real=0.00s
[3421.386s][info][gc,marking     ] GC(759) Concurrent Mark 972.483ms
[3421.386s][info][gc,marking     ] GC(759) Concurrent Rebuild Remembered Sets and Scrub Regions
[3421.710s][info][gc,marking     ] GC(759) Concurrent Rebuild Remembered Sets and Scrub Regions 324.127ms
[3421.710s][info][gc,start       ] GC(759) Pause Cleanup
[3421.710s][info][gc             ] GC(759) Pause Cleanup 2541M->2541M(4096M) 0.111ms
[3421.710s][info][gc,cpu         ] GC(759) User=0.00s Sys=0.00s Real=0.00s
[3421.710s][info][gc,marking     ] GC(759) Concurrent Clear Claimed Marks
[3421.710s][info][gc,marking     ] GC(759) Concurrent Clear Claimed Marks 0.022ms
[3421.710s][info][gc,marking     ] GC(759) Concurrent Cleanup for Next Mark
[3421.714s][info][gc,marking     ] GC(759) Concurrent Cleanup for Next Mark 3.257ms
[3421.714s][info][gc             ] GC(759) Concurrent Mark Cycle 1471.841ms
..[3423.289s][info][gc,start       ] GC(760) Pause Young (Prepare Mixed) (G1 Evacuation Pause)
[3423.289s][info][gc,task        ] GC(760) Using 6 workers of 6 for evacuation
[3423.409s][info][gc,phases      ] GC(760)   Pre Evacuate Collection Set: 0.35ms
[3423.409s][info][gc,phases      ] GC(760)   Merge Heap Roots: 0.56ms
[3423.409s][info][gc,phases      ] GC(760)   Evacuate Collection Set: 118.05ms
[3423.409s][info][gc,phases      ] GC(760)   Post Evacuate Collection Set: 0.93ms
[3423.409s][info][gc,phases      ] GC(760)   Other: 0.09ms
[3423.409s][info][gc,heap        ] GC(760) Eden regions: 1119->0(1106)
[3423.409s][info][gc,heap        ] GC(760) Survivor regions: 109->112(154)
[3423.409s][info][gc,heap        ] GC(760) Old regions: 504->535
[3423.409s][info][gc,heap        ] GC(760) Humongous regions: 80->80
[3423.409s][info][gc,metaspace   ] GC(760) Metaspace: 28860K(29248K)->28860K(29248K) NonClass: 23993K(24192K)->23993K(24192K) Class: 4867K(5056K)->4867K(5056K)
[3423.409s][info][gc             ] GC(760) Pause Young (Prepare Mixed) (G1 Evacuation Pause) 3622M->1453M(4096M) 120.123ms
[3423.409s][info][gc,cpu         ] GC(760) User=0.71s Sys=0.00s Real=0.12s
...[3426.471s][info][gc,start       ] GC(761) Pause Young (Mixed) (G1 Evacuation Pause)
[3426.471s][info][gc,task        ] GC(761) Using 6 workers of 6 for evacuation
[3426.604s][info][gc,phases      ] GC(761)   Pre Evacuate Collection Set: 0.38ms
[3426.604s][info][gc,phases      ] GC(761)   Merge Heap Roots: 0.63ms
[3426.604s][info][gc,phases      ] GC(761)   Evacuate Collection Set: 130.94ms
[3426.604s][info][gc,phases      ] GC(761)   Post Evacuate Collection Set: 0.94ms
[3426.604s][info][gc,phases      ] GC(761)   Other: 0.09ms
[3426.604s][info][gc,heap        ] GC(761) Eden regions: 1106->0(1117)
[3426.604s][info][gc,heap        ] GC(761) Survivor regions: 112->111(153)
[3426.604s][info][gc,heap        ] GC(761) Old regions: 535->472
[3426.604s][info][gc,heap        ] GC(761) Humongous regions: 80->80
[3426.604s][info][gc,metaspace   ] GC(761) Metaspace: 28860K(29248K)->28860K(29248K) NonClass: 23993K(24192K)->23993K(24192K) Class: 4867K(5056K)->4867K(5056K)
[3426.604s][info][gc             ] GC(761) Pause Young (Mixed) (G1 Evacuation Pause) 3665M->1324M(4096M) 133.114ms
[3426.604s][info][gc,cpu         ] GC(761) User=0.79s Sys=0.00s Real=0.13s
...[3429.565s][info][gc,start       ] GC(762) Pause Young (Concurrent Start) (G1 Evacuation Pause)
[3429.565s][info][gc,task        ] GC(762) Using 6 workers of 6 for evacuation
[3429.684s][info][gc,phases      ] GC(762)   Pre Evacuate Collection Set: 0.37ms
[3429.684s][info][gc,phases      ] GC(762)   Merge Heap Roots: 0.45ms
[3429.684s][info][gc,phases      ] GC(762)   Evacuate Collection Set: 116.79ms
[3429.684s][info][gc,phases      ] GC(762)   Post Evacuate Collection Set: 0.90ms
[3429.684s][info][gc,phases      ] GC(762)   Other: 0.11ms
[3429.684s][info][gc,heap        ] GC(762) Eden regions: 1117->0(1117)
[3429.684s][info][gc,heap        ] GC(762) Survivor regions: 111->111(154)
[3429.684s][info][gc,heap        ] GC(762) Old regions: 472->504
[3429.684s][info][gc,heap        ] GC(762) Humongous regions: 80->80
[3429.684s][info][gc,metaspace   ] GC(762) Metaspace: 28860K(29248K)->28860K(29248K) NonClass: 23993K(24192K)->23993K(24192K) Class: 4867K(5056K)->4867K(5056K)
[3429.684s][info][gc             ] GC(762) Pause Young (Concurrent Start) (G1 Evacuation Pause) 3558M->1389M(4096M) 118.779ms
[3429.684s][info][gc             ] GC(763) Concurrent Mark Cycle
[3429.684s][info][gc,marking     ] GC(763) Concurrent Scan Root Regions
[3429.684s][info][gc,cpu         ] GC(762) User=0.69s Sys=0.00s Real=0.12s
[3429.869s][info][gc,marking     ] GC(763) Concurrent Scan Root Regions 185.030ms
[3429.869s][info][gc,marking     ] GC(763) Concurrent Mark
[3429.869s][info][gc,marking     ] GC(763) Concurrent Mark From Roots
[3429.869s][info][gc,task        ] GC(763) Using 2 workers of 2 for marking
.[3430.727s][info][gc,marking     ] GC(763) Concurrent Mark From Roots 857.810ms
[3430.727s][info][gc,marking     ] GC(763) Concurrent Preclean
[3430.727s][info][gc,marking     ] GC(763) Concurrent Preclean 0.104ms
[3430.727s][info][gc,start       ] GC(763) Pause Remark
[3430.733s][info][gc             ] GC(763) Pause Remark 2162M->2162M(4096M) 5.304ms
[3430.733s][info][gc,cpu         ] GC(763) User=0.02s Sys=0.00s Real=0.01s
[3430.733s][info][gc,marking     ] GC(763) Concurrent Mark 863.465ms
[3430.733s][info][gc,marking     ] GC(763) Concurrent Rebuild Remembered Sets and Scrub Regions
[3430.997s][info][gc,marking     ] GC(763) Concurrent Rebuild Remembered Sets and Scrub Regions 263.898ms
[3430.997s][info][gc,start       ] GC(763) Pause Cleanup
[3430.997s][info][gc             ] GC(763) Pause Cleanup 2334M->2334M(4096M) 0.108ms
[3430.997s][info][gc,cpu         ] GC(763) User=0.00s Sys=0.00s Real=0.00s
[3430.997s][info][gc,marking     ] GC(763) Concurrent Clear Claimed Marks
[3430.997s][info][gc,marking     ] GC(763) Concurrent Clear Claimed Marks 0.031ms
[3430.997s][info][gc,marking     ] GC(763) Concurrent Cleanup for Next Mark
[3431.002s][info][gc,marking     ] GC(763) Concurrent Cleanup for Next Mark 5.127ms
[3431.002s][info][gc             ] GC(763) Concurrent Mark Cycle 1318.136ms
..[3432.747s][info][gc,start       ] GC(764) Pause Young (Prepare Mixed) (G1 Evacuation Pause)
[3432.747s][info][gc,task        ] GC(764) Using 6 workers of 6 for evacuation
[3432.863s][info][gc,phases      ] GC(764)   Pre Evacuate Collection Set: 0.35ms
[3432.863s][info][gc,phases      ] GC(764)   Merge Heap Roots: 0.54ms
[3432.863s][info][gc,phases      ] GC(764)   Evacuate Collection Set: 114.43ms
[3432.863s][info][gc,phases      ] GC(764)   Post Evacuate Collection Set: 0.94ms
[3432.863s][info][gc,phases      ] GC(764)   Other: 0.09ms
[3432.863s][info][gc,heap        ] GC(764) Eden regions: 1117->0(1112)
[3432.863s][info][gc,heap        ] GC(764) Survivor regions: 111->108(154)
[3432.863s][info][gc,heap        ] GC(764) Old regions: 504->537
[3432.863s][info][gc,heap        ] GC(764) Humongous regions: 80->80
[3432.863s][info][gc,metaspace   ] GC(764) Metaspace: 28860K(29248K)->28860K(29248K) NonClass: 23993K(24192K)->23993K(24192K) Class: 4867K(5056K)->4867K(5056K)
[3432.863s][info][gc             ] GC(764) Pause Young (Prepare Mixed) (G1 Evacuation Pause) 3623M->1447M(4096M) 116.472ms
[3432.863s][info][gc,cpu         ] GC(764) User=0.68s Sys=0.00s Real=0.12s
...[3435.949s][info][gc,start       ] GC(765) Pause Young (Mixed) (G1 Evacuation Pause)
[3435.949s][info][gc,task        ] GC(765) Using 6 workers of 6 for evacuation
[3436.083s][info][gc,phases      ] GC(765)   Pre Evacuate Collection Set: 0.38ms
[3436.083s][info][gc,phases      ] GC(765)   Merge Heap Roots: 0.73ms
[3436.083s][info][gc,phases      ] GC(765)   Evacuate Collection Set: 131.30ms
[3436.083s][info][gc,phases      ] GC(765)   Post Evacuate Collection Set: 0.94ms
[3436.083s][info][gc,phases      ] GC(765)   Other: 0.10ms
[3436.083s][info][gc,heap        ] GC(765) Eden regions: 1112->0(1118)
[3436.083s][info][gc,heap        ] GC(765) Survivor regions: 108->110(153)
[3436.083s][info][gc,heap        ] GC(765) Old regions: 537->472
[3436.083s][info][gc,heap        ] GC(765) Humongous regions: 80->80
[3436.083s][info][gc,metaspace   ] GC(765) Metaspace: 28860K(29248K)->28860K(29248K) NonClass: 23993K(24192K)->23993K(24192K) Class: 4867K(5056K)->4867K(5056K)
[3436.083s][info][gc             ] GC(765) Pause Young (Mixed) (G1 Evacuation Pause) 3671M->1321M(4096M) 133.605ms
[3436.083s][info][gc,cpu         ] GC(765) User=0.79s Sys=0.00s Real=0.13s
. (rIR:aIR:PR = 5950:5953:5953) (tPR = 87780) [OK] 
  3436s: Performance info:
         Transaction,    Success,    Partial,     Failed,   Receipts, AvgBarcode, 
             Overall,     358228,          0,          0,     340331,      59.48, 
         Response times:
             Request,    Success,    Partial,     Failed,   SkipFail,     Probes,    Samples,      min,      p50,      p90,      p95,      p99,      max, 
       TotalPurchase,     340333,          0,          0,          0,     332889,     374954,      300,     5200,    18900,    50000,   111000,   224000,
     InStorePurchase,     179379,          0,          0,          0,     175836,     197934,      300,     5100,    18700,    49000,   111000,   224000,
      OnlinePurchase,     125177,          0,          0,          0,     122318,     137608,      300,     5300,    19100,    51000,   111000,   224000,
        InstPurchase,      35777,          0,          0,          0,      34735,      39412,      400,     5000,    19000,    52000,   110000,   224000,
          AssocOfCat,        359,          0,          0,          0,        282,        431,    23000,    39000,    93000,   144800,   199160,   216000,
      AssocOfProduct,       3572,          0,          0,          0,       3325,       3984,      800,     6400,    25000,    60000,   114000,   189000,
      BusinessReport,        891,          0,          0,          0,        750,        991,    28000,    44000,    88000,   127400,   207720,   266000,
          CustBuyBeh,       3584,          0,          0,          0,       3281,       3933,      200,     5500,    19760,    51300,   116300,   205000,
       ProductReturn,       9491,          0,          0,          0,       8936,      10304,      200,     4700,    17800,    49000,   105950,   205000,

  3436s: (44%)   IR =   6088 ..[3439.002s][info][gc,start       ] GC(766) Pause Young (Concurrent Start) (G1 Evacuation Pause)
[3439.002s][info][gc,task        ] GC(766) Using 6 workers of 6 for evacuation
[3439.124s][info][gc,phases      ] GC(766)   Pre Evacuate Collection Set: 0.43ms
[3439.124s][info][gc,phases      ] GC(766)   Merge Heap Roots: 0.54ms
[3439.124s][info][gc,phases      ] GC(766)   Evacuate Collection Set: 119.39ms
[3439.124s][info][gc,phases      ] GC(766)   Post Evacuate Collection Set: 0.91ms
[3439.124s][info][gc,phases      ] GC(766)   Other: 0.11ms
[3439.124s][info][gc,heap        ] GC(766) Eden regions: 1118->0(1117)
[3439.124s][info][gc,heap        ] GC(766) Survivor regions: 110->111(154)
[3439.124s][info][gc,heap        ] GC(766) Old regions: 472->503
[3439.124s][info][gc,heap        ] GC(766) Humongous regions: 80->80
[3439.124s][info][gc,metaspace   ] GC(766) Metaspace: 28860K(29248K)->28860K(29248K) NonClass: 23993K(24192K)->23993K(24192K) Class: 4867K(5056K)->4867K(5056K)
[3439.124s][info][gc             ] GC(766) Pause Young (Concurrent Start) (G1 Evacuation Pause) 3557M->1387M(4096M) 121.510ms
[3439.124s][info][gc             ] GC(767) Concurrent Mark Cycle
[3439.124s][info][gc,marking     ] GC(767) Concurrent Scan Root Regions
[3439.124s][info][gc,cpu         ] GC(766) User=0.72s Sys=0.00s Real=0.12s
[3439.257s][info][gc,marking     ] GC(767) Concurrent Scan Root Regions 133.462ms
[3439.258s][info][gc,marking     ] GC(767) Concurrent Mark
[3439.258s][info][gc,marking     ] GC(767) Concurrent Mark From Roots
[3439.258s][info][gc,task        ] GC(767) Using 2 workers of 2 for marking
.[3440.240s][info][gc,marking     ] GC(767) Concurrent Mark From Roots 982.381ms
[3440.240s][info][gc,marking     ] GC(767) Concurrent Preclean
[3440.240s][info][gc,marking     ] GC(767) Concurrent Preclean 0.155ms
[3440.242s][info][gc,start       ] GC(767) Pause Remark
[3440.248s][info][gc             ] GC(767) Pause Remark 2231M->2231M(4096M) 5.996ms
[3440.248s][info][gc,cpu         ] GC(767) User=0.03s Sys=0.00s Real=0.00s
[3440.248s][info][gc,marking     ] GC(767) Concurrent Mark 990.315ms
[3440.248s][info][gc,marking     ] GC(767) Concurrent Rebuild Remembered Sets and Scrub Regions
.[3440.554s][info][gc,marking     ] GC(767) Concurrent Rebuild Remembered Sets and Scrub Regions 306.019ms
[3440.554s][info][gc,start       ] GC(767) Pause Cleanup
[3440.555s][info][gc             ] GC(767) Pause Cleanup 2463M->2463M(4096M) 0.112ms
[3440.555s][info][gc,cpu         ] GC(767) User=0.00s Sys=0.00s Real=0.00s
[3440.555s][info][gc,marking     ] GC(767) Concurrent Clear Claimed Marks
[3440.556s][info][gc,marking     ] GC(767) Concurrent Clear Claimed Marks 0.032ms
[3440.556s][info][gc,marking     ] GC(767) Concurrent Cleanup for Next Mark
[3440.562s][info][gc,marking     ] GC(767) Concurrent Cleanup for Next Mark 6.213ms
[3440.562s][info][gc             ] GC(767) Concurrent Mark Cycle 1437.778ms
.[3442.117s][info][gc,start       ] GC(768) Pause Young (Prepare Mixed) (G1 Evacuation Pause)
[3442.117s][info][gc,task        ] GC(768) Using 6 workers of 6 for evacuation
[3442.235s][info][gc,phases      ] GC(768)   Pre Evacuate Collection Set: 0.34ms
[3442.235s][info][gc,phases      ] GC(768)   Merge Heap Roots: 0.49ms
[3442.235s][info][gc,phases      ] GC(768)   Evacuate Collection Set: 116.49ms
[3442.235s][info][gc,phases      ] GC(768)   Post Evacuate Collection Set: 0.93ms
[3442.235s][info][gc,phases      ] GC(768)   Other: 0.09ms
[3442.235s][info][gc,heap        ] GC(768) Eden regions: 1117->0(1108)
[3442.235s][info][gc,heap        ] GC(768) Survivor regions: 111->111(154)
[3442.235s][info][gc,heap        ] GC(768) Old regions: 503->535
[3442.235s][info][gc,heap        ] GC(768) Humongous regions: 80->80
[3442.235s][info][gc,metaspace   ] GC(768) Metaspace: 28860K(29248K)->28860K(29248K) NonClass: 23993K(24192K)->23993K(24192K) Class: 4867K(5056K)->4867K(5056K)
[3442.235s][info][gc             ] GC(768) Pause Young (Prepare Mixed) (G1 Evacuation Pause) 3621M->1449M(4096M) 118.483ms
[3442.235s][info][gc,cpu         ] GC(768) User=0.70s Sys=0.00s Real=0.12s
.|..[3445.218s][info][gc,start       ] GC(769) Pause Young (Mixed) (G1 Evacuation Pause)
[3445.218s][info][gc,task        ] GC(769) Using 6 workers of 6 for evacuation
[3445.356s][info][gc,phases      ] GC(769)   Pre Evacuate Collection Set: 0.32ms
[3445.356s][info][gc,phases      ] GC(769)   Merge Heap Roots: 0.76ms
[3445.356s][info][gc,phases      ] GC(769)   Evacuate Collection Set: 135.94ms
[3445.356s][info][gc,phases      ] GC(769)   Post Evacuate Collection Set: 0.96ms
[3445.356s][info][gc,phases      ] GC(769)   Other: 0.09ms
[3445.356s][info][gc,heap        ] GC(769) Eden regions: 1108->0(1116)
[3445.356s][info][gc,heap        ] GC(769) Survivor regions: 111->112(153)
[3445.356s][info][gc,heap        ] GC(769) Old regions: 535->472
[3445.356s][info][gc,heap        ] GC(769) Humongous regions: 80->80
[3445.356s][info][gc,metaspace   ] GC(769) Metaspace: 28860K(29248K)->28860K(29248K) NonClass: 23993K(24192K)->23993K(24192K) Class: 4867K(5056K)->4867K(5056K)
[3445.356s][info][gc             ] GC(769) Pause Young (Mixed) (G1 Evacuation Pause) 3665M->1325M(4096M) 138.212ms
[3445.356s][info][gc,cpu         ] GC(769) User=0.82s Sys=0.00s Real=0.13s
...[3448.341s][info][gc,start       ] GC(770) Pause Young (Concurrent Start) (G1 Evacuation Pause)
[3448.342s][info][gc,task        ] GC(770) Using 6 workers of 6 for evacuation
[3448.463s][info][gc,phases      ] GC(770)   Pre Evacuate Collection Set: 0.40ms
[3448.463s][info][gc,phases      ] GC(770)   Merge Heap Roots: 0.46ms
[3448.463s][info][gc,phases      ] GC(770)   Evacuate Collection Set: 119.79ms
[3448.463s][info][gc,phases      ] GC(770)   Post Evacuate Collection Set: 0.89ms
[3448.463s][info][gc,phases      ] GC(770)   Other: 0.12ms
[3448.463s][info][gc,heap        ] GC(770) Eden regions: 1116->0(1115)
[3448.463s][info][gc,heap        ] GC(770) Survivor regions: 112->113(154)
[3448.463s][info][gc,heap        ] GC(770) Old regions: 472->504
[3448.463s][info][gc,heap        ] GC(770) Humongous regions: 80->80
[3448.463s][info][gc,metaspace   ] GC(770) Metaspace: 28860K(29248K)->28860K(29248K) NonClass: 23993K(24192K)->23993K(24192K) Class: 4867K(5056K)->4867K(5056K)
[3448.463s][info][gc             ] GC(770) Pause Young (Concurrent Start) (G1 Evacuation Pause) 3557M->1392M(4096M) 121.800ms
[3448.463s][info][gc             ] GC(771) Concurrent Mark Cycle
[3448.463s][info][gc,marking     ] GC(771) Concurrent Scan Root Regions
[3448.463s][info][gc,cpu         ] GC(770) User=0.72s Sys=0.00s Real=0.12s
.[3448.659s][info][gc,marking     ] GC(771) Concurrent Scan Root Regions 195.991ms
[3448.659s][info][gc,marking     ] GC(771) Concurrent Mark
[3448.659s][info][gc,marking     ] GC(771) Concurrent Mark From Roots
[3448.659s][info][gc,task        ] GC(771) Using 2 workers of 2 for marking
[3449.338s][info][gc,marking     ] GC(771) Concurrent Mark From Roots 678.263ms
[3449.338s][info][gc,marking     ] GC(771) Concurrent Preclean
[3449.338s][info][gc,marking     ] GC(771) Concurrent Preclean 0.095ms
[3449.339s][info][gc,start       ] GC(771) Pause Remark
[3449.344s][info][gc             ] GC(771) Pause Remark 2026M->2026M(4096M) 4.734ms
[3449.344s][info][gc,cpu         ] GC(771) User=0.03s Sys=0.00s Real=0.00s
[3449.345s][info][gc,marking     ] GC(771) Concurrent Mark 685.746ms
[3449.345s][info][gc,marking     ] GC(771) Concurrent Rebuild Remembered Sets and Scrub Regions
.[3449.671s][info][gc,marking     ] GC(771) Concurrent Rebuild Remembered Sets and Scrub Regions 325.707ms
[3449.672s][info][gc,start       ] GC(771) Pause Cleanup
[3449.672s][info][gc             ] GC(771) Pause Cleanup 2360M->2360M(4096M) 0.130ms
[3449.672s][info][gc,cpu         ] GC(771) User=0.00s Sys=0.00s Real=0.00s
[3449.672s][info][gc,marking     ] GC(771) Concurrent Clear Claimed Marks
[3449.672s][info][gc,marking     ] GC(771) Concurrent Clear Claimed Marks 0.023ms
[3449.672s][info][gc,marking     ] GC(771) Concurrent Cleanup for Next Mark
[3449.677s][info][gc,marking     ] GC(771) Concurrent Cleanup for Next Mark 5.217ms
[3449.677s][info][gc             ] GC(771) Concurrent Mark Cycle 1214.124ms
.[3451.447s][info][gc,start       ] GC(772) Pause Young (Prepare Mixed) (G1 Evacuation Pause)
[3451.447s][info][gc,task        ] GC(772) Using 6 workers of 6 for evacuation
[3451.566s][info][gc,phases      ] GC(772)   Pre Evacuate Collection Set: 0.35ms
[3451.566s][info][gc,phases      ] GC(772)   Merge Heap Roots: 0.48ms
[3451.566s][info][gc,phases      ] GC(772)   Evacuate Collection Set: 117.55ms
[3451.566s][info][gc,phases      ] GC(772)   Post Evacuate Collection Set: 0.94ms
[3451.566s][info][gc,phases      ] GC(772)   Other: 0.10ms
[3451.566s][info][gc,heap        ] GC(772) Eden regions: 1115->0(1107)
[3451.566s][info][gc,heap        ] GC(772) Survivor regions: 113->111(154)
[3451.566s][info][gc,heap        ] GC(772) Old regions: 504->536
[3451.566s][info][gc,heap        ] GC(772) Humongous regions: 80->80
[3451.566s][info][gc,metaspace   ] GC(772) Metaspace: 28860K(29248K)->28860K(29248K) NonClass: 23993K(24192K)->23993K(24192K) Class: 4867K(5056K)->4867K(5056K)
[3451.566s][info][gc             ] GC(772) Pause Young (Prepare Mixed) (G1 Evacuation Pause) 3622M->1452M(4096M) 119.544ms
[3451.566s][info][gc,cpu         ] GC(772) User=0.70s Sys=0.00s Real=0.12s
...[3454.501s][info][gc,start       ] GC(773) Pause Young (Mixed) (G1 Evacuation Pause)
[3454.501s][info][gc,task        ] GC(773) Using 6 workers of 6 for evacuation
[3454.634s][info][gc,phases      ] GC(773)   Pre Evacuate Collection Set: 0.37ms
[3454.634s][info][gc,phases      ] GC(773)   Merge Heap Roots: 0.58ms
[3454.634s][info][gc,phases      ] GC(773)   Evacuate Collection Set: 130.67ms
[3454.634s][info][gc,phases      ] GC(773)   Post Evacuate Collection Set: 0.99ms
[3454.634s][info][gc,phases      ] GC(773)   Other: 0.09ms
[3454.634s][info][gc,heap        ] GC(773) Eden regions: 1107->0(1117)
[3454.634s][info][gc,heap        ] GC(773) Survivor regions: 111->111(153)
[3454.634s][info][gc,heap        ] GC(773) Old regions: 536->473
[3454.634s][info][gc,heap        ] GC(773) Humongous regions: 80->80
[3454.634s][info][gc,metaspace   ] GC(773) Metaspace: 28860K(29248K)->28860K(29248K) NonClass: 23993K(24192K)->23993K(24192K) Class: 4867K(5056K)->4867K(5056K)
[3454.634s][info][gc             ] GC(773) Pause Young (Mixed) (G1 Evacuation Pause) 3666M->1325M(4096M) 132.856ms
[3454.634s][info][gc,cpu         ] GC(773) User=0.79s Sys=0.00s Real=0.13s
...[3457.596s][info][gc,start       ] GC(774) Pause Young (Concurrent Start) (G1 Evacuation Pause)
[3457.596s][info][gc,task        ] GC(774) Using 6 workers of 6 for evacuation
[3457.714s][info][gc,phases      ] GC(774)   Pre Evacuate Collection Set: 0.45ms
[3457.715s][info][gc,phases      ] GC(774)   Merge Heap Roots: 0.51ms
[3457.715s][info][gc,phases      ] GC(774)   Evacuate Collection Set: 116.09ms
[3457.715s][info][gc,phases      ] GC(774)   Post Evacuate Collection Set: 0.90ms
[3457.715s][info][gc,phases      ] GC(774)   Other: 0.90ms
[3457.715s][info][gc,heap        ] GC(774) Eden regions: 1117->0(1118)
[3457.715s][info][gc,heap        ] GC(774) Survivor regions: 111->110(154)
[3457.715s][info][gc,heap        ] GC(774) Old regions: 473->506
[3457.715s][info][gc,heap        ] GC(774) Humongous regions: 80->80
[3457.715s][info][gc,metaspace   ] GC(774) Metaspace: 28860K(29248K)->28860K(29248K) NonClass: 23993K(24192K)->23993K(24192K) Class: 4867K(5056K)->4867K(5056K)
[3457.715s][info][gc             ] GC(774) Pause Young (Concurrent Start) (G1 Evacuation Pause) 3559M->1390M(4096M) 118.994ms
[3457.715s][info][gc             ] GC(775) Concurrent Mark Cycle
[3457.715s][info][gc,marking     ] GC(775) Concurrent Scan Root Regions
[3457.715s][info][gc,cpu         ] GC(774) User=0.70s Sys=0.00s Real=0.12s
.[3457.892s][info][gc,marking     ] GC(775) Concurrent Scan Root Regions 177.337ms
[3457.892s][info][gc,marking     ] GC(775) Concurrent Mark
[3457.892s][info][gc,marking     ] GC(775) Concurrent Mark From Roots
[3457.892s][info][gc,task        ] GC(775) Using 2 workers of 2 for marking
.[3458.867s][info][gc,marking     ] GC(775) Concurrent Mark From Roots 975.003ms
[3458.867s][info][gc,marking     ] GC(775) Concurrent Preclean
[3458.867s][info][gc,marking     ] GC(775) Concurrent Preclean 0.130ms
[3458.868s][info][gc,start       ] GC(775) Pause Remark
[3458.873s][info][gc             ] GC(775) Pause Remark 2291M->2291M(4096M) 5.598ms
[3458.873s][info][gc,cpu         ] GC(775) User=0.03s Sys=0.00s Real=0.01s
[3458.875s][info][gc,marking     ] GC(775) Concurrent Mark 982.733ms
[3458.875s][info][gc,marking     ] GC(775) Concurrent Rebuild Remembered Sets and Scrub Regions
[3459.160s][info][gc,marking     ] GC(775) Concurrent Rebuild Remembered Sets and Scrub Regions 285.132ms
[3459.160s][info][gc,start       ] GC(775) Pause Cleanup
[3459.160s][info][gc             ] GC(775) Pause Cleanup 2529M->2529M(4096M) 0.114ms
[3459.160s][info][gc,cpu         ] GC(775) User=0.00s Sys=0.00s Real=0.00s
[3459.161s][info][gc,marking     ] GC(775) Concurrent Clear Claimed Marks
[3459.161s][info][gc,marking     ] GC(775) Concurrent Clear Claimed Marks 0.031ms
[3459.161s][info][gc,marking     ] GC(775) Concurrent Cleanup for Next Mark
[3459.168s][info][gc,marking     ] GC(775) Concurrent Cleanup for Next Mark 7.096ms
[3459.168s][info][gc             ] GC(775) Concurrent Mark Cycle 1453.118ms
.[3460.672s][info][gc,start       ] GC(776) Pause Young (Prepare Mixed) (G1 Evacuation Pause)
[3460.672s][info][gc,task        ] GC(776) Using 6 workers of 6 for evacuation
[3460.797s][info][gc,phases      ] GC(776)   Pre Evacuate Collection Set: 0.32ms
[3460.797s][info][gc,phases      ] GC(776)   Merge Heap Roots: 0.60ms
[3460.797s][info][gc,phases      ] GC(776)   Evacuate Collection Set: 123.79ms
[3460.797s][info][gc,phases      ] GC(776)   Post Evacuate Collection Set: 0.99ms
[3460.797s][info][gc,phases      ] GC(776)   Other: 0.08ms
[3460.797s][info][gc,heap        ] GC(776) Eden regions: 1118->0(1098)
[3460.797s][info][gc,heap        ] GC(776) Survivor regions: 110->115(154)
[3460.797s][info][gc,heap        ] GC(776) Old regions: 506->537
[3460.797s][info][gc,heap        ] GC(776) Humongous regions: 80->80
[3460.797s][info][gc,metaspace   ] GC(776) Metaspace: 28860K(29248K)->28860K(29248K) NonClass: 23993K(24192K)->23993K(24192K) Class: 4867K(5056K)->4867K(5056K)
[3460.797s][info][gc             ] GC(776) Pause Young (Prepare Mixed) (G1 Evacuation Pause) 3626M->1462M(4096M) 125.922ms
[3460.798s][info][gc,cpu         ] GC(776) User=0.74s Sys=0.00s Real=0.12s
...[3463.712s][info][gc,start       ] GC(777) Pause Young (Mixed) (G1 Evacuation Pause)
[3463.712s][info][gc,task        ] GC(777) Using 6 workers of 6 for evacuation
[3463.846s][info][gc,phases      ] GC(777)   Pre Evacuate Collection Set: 0.37ms
[3463.846s][info][gc,phases      ] GC(777)   Merge Heap Roots: 0.68ms
[3463.846s][info][gc,phases      ] GC(777)   Evacuate Collection Set: 131.70ms
[3463.846s][info][gc,phases      ] GC(777)   Post Evacuate Collection Set: 0.97ms
[3463.846s][info][gc,phases      ] GC(777)   Other: 0.09ms
[3463.846s][info][gc,heap        ] GC(777) Eden regions: 1098->0(1121)
[3463.846s][info][gc,heap        ] GC(777) Survivor regions: 115->107(152)
[3463.846s][info][gc,heap        ] GC(777) Old regions: 537->472
[3463.846s][info][gc,heap        ] GC(777) Humongous regions: 80->80
[3463.846s][info][gc,metaspace   ] GC(777) Metaspace: 28860K(29248K)->28860K(29248K) NonClass: 23993K(24192K)->23993K(24192K) Class: 4867K(5056K)->4867K(5056K)
[3463.846s][info][gc             ] GC(777) Pause Young (Mixed) (G1 Evacuation Pause) 3658M->1317M(4096M) 133.955ms
[3463.846s][info][gc,cpu         ] GC(777) User=0.79s Sys=0.00s Real=0.13s
...[3466.803s][info][gc,start       ] GC(778) Pause Young (Concurrent Start) (G1 Evacuation Pause)
[3466.803s][info][gc,task        ] GC(778) Using 6 workers of 6 for evacuation
[3466.919s][info][gc,phases      ] GC(778)   Pre Evacuate Collection Set: 0.37ms
[3466.919s][info][gc,phases      ] GC(778)   Merge Heap Roots: 0.54ms
[3466.919s][info][gc,phases      ] GC(778)   Evacuate Collection Set: 113.65ms
[3466.919s][info][gc,phases      ] GC(778)   Post Evacuate Collection Set: 0.89ms
[3466.919s][info][gc,phases      ] GC(778)   Other: 0.12ms
[3466.919s][info][gc,heap        ] GC(778) Eden regions: 1121->0(1121)
[3466.919s][info][gc,heap        ] GC(778) Survivor regions: 107->107(154)
[3466.919s][info][gc,heap        ] GC(778) Old regions: 472->504
[3466.919s][info][gc,heap        ] GC(778) Humongous regions: 80->80
[3466.919s][info][gc,metaspace   ] GC(778) Metaspace: 28860K(29248K)->28860K(29248K) NonClass: 23993K(24192K)->23993K(24192K) Class: 4867K(5056K)->4867K(5056K)
[3466.919s][info][gc             ] GC(778) Pause Young (Concurrent Start) (G1 Evacuation Pause) 3559M->1380M(4096M) 115.706ms
[3466.919s][info][gc             ] GC(779) Concurrent Mark Cycle
[3466.919s][info][gc,marking     ] GC(779) Concurrent Scan Root Regions
[3466.919s][info][gc,cpu         ] GC(778) User=0.69s Sys=0.00s Real=0.12s
.[3467.024s][info][gc,marking     ] GC(779) Concurrent Scan Root Regions 105.178ms
[3467.024s][info][gc,marking     ] GC(779) Concurrent Mark
[3467.024s][info][gc,marking     ] GC(779) Concurrent Mark From Roots
[3467.024s][info][gc,task        ] GC(779) Using 2 workers of 2 for marking
[3467.703s][info][gc,marking     ] GC(779) Concurrent Mark From Roots 678.109ms
[3467.703s][info][gc,marking     ] GC(779) Concurrent Preclean
[3467.703s][info][gc,marking     ] GC(779) Concurrent Preclean 0.105ms
[3467.703s][info][gc,start       ] GC(779) Pause Remark
[3467.708s][info][gc             ] GC(779) Pause Remark 1986M->1986M(4096M) 5.484ms
[3467.708s][info][gc,cpu         ] GC(779) User=0.03s Sys=0.00s Real=0.01s
[3467.708s][info][gc,marking     ] GC(779) Concurrent Mark 684.043ms
[3467.708s][info][gc,marking     ] GC(779) Concurrent Rebuild Remembered Sets and Scrub Regions
.[3468.002s][info][gc,marking     ] GC(779) Concurrent Rebuild Remembered Sets and Scrub Regions 293.766ms
[3468.002s][info][gc,start       ] GC(779) Pause Cleanup
[3468.002s][info][gc             ] GC(779) Pause Cleanup 2192M->2192M(4096M) 0.114ms
[3468.003s][info][gc,cpu         ] GC(779) User=0.00s Sys=0.00s Real=0.00s
[3468.003s][info][gc,marking     ] GC(779) Concurrent Clear Claimed Marks
[3468.003s][info][gc,marking     ] GC(779) Concurrent Clear Claimed Marks 0.025ms
[3468.003s][info][gc,marking     ] GC(779) Concurrent Cleanup for Next Mark
[3468.008s][info][gc,marking     ] GC(779) Concurrent Cleanup for Next Mark 5.035ms
[3468.008s][info][gc             ] GC(779) Concurrent Mark Cycle 1088.535ms
.[3469.921s][info][gc,start       ] GC(780) Pause Young (Prepare Mixed) (G1 Evacuation Pause)
[3469.921s][info][gc,task        ] GC(780) Using 6 workers of 6 for evacuation
[3470.038s][info][gc,phases      ] GC(780)   Pre Evacuate Collection Set: 0.34ms
[3470.038s][info][gc,phases      ] GC(780)   Merge Heap Roots: 0.52ms
[3470.038s][info][gc,phases      ] GC(780)   Evacuate Collection Set: 115.61ms
[3470.039s][info][gc,phases      ] GC(780)   Post Evacuate Collection Set: 0.95ms
[3470.039s][info][gc,phases      ] GC(780)   Other: 0.09ms
[3470.039s][info][gc,heap        ] GC(780) Eden regions: 1121->0(1112)
[3470.039s][info][gc,heap        ] GC(780) Survivor regions: 107->109(154)
[3470.039s][info][gc,heap        ] GC(780) Old regions: 504->535
[3470.039s][info][gc,heap        ] GC(780) Humongous regions: 80->80
[3470.039s][info][gc,metaspace   ] GC(780) Metaspace: 28860K(29248K)->28860K(29248K) NonClass: 23993K(24192K)->23993K(24192K) Class: 4867K(5056K)->4867K(5056K)
[3470.039s][info][gc             ] GC(780) Pause Young (Prepare Mixed) (G1 Evacuation Pause) 3622M->1447M(4096M) 117.645ms
[3470.039s][info][gc,cpu         ] GC(780) User=0.70s Sys=0.00s Real=0.12s
....[3473.115s][info][gc,start       ] GC(781) Pause Young (Mixed) (G1 Evacuation Pause)
[3473.115s][info][gc,task        ] GC(781) Using 6 workers of 6 for evacuation
[3473.251s][info][gc,phases      ] GC(781)   Pre Evacuate Collection Set: 0.35ms
[3473.251s][info][gc,phases      ] GC(781)   Merge Heap Roots: 0.84ms
[3473.251s][info][gc,phases      ] GC(781)   Evacuate Collection Set: 133.59ms
[3473.251s][info][gc,phases      ] GC(781)   Post Evacuate Collection Set: 0.97ms
[3473.251s][info][gc,phases      ] GC(781)   Other: 0.09ms
[3473.251s][info][gc,heap        ] GC(781) Eden regions: 1112->0(1117)
[3473.251s][info][gc,heap        ] GC(781) Survivor regions: 109->111(153)
[3473.251s][info][gc,heap        ] GC(781) Old regions: 535->471
[3473.251s][info][gc,heap        ] GC(781) Humongous regions: 80->80
[3473.251s][info][gc,metaspace   ] GC(781) Metaspace: 28860K(29248K)->28860K(29248K) NonClass: 23993K(24192K)->23993K(24192K) Class: 4867K(5056K)->4867K(5056K)
[3473.251s][info][gc             ] GC(781) Pause Young (Mixed) (G1 Evacuation Pause) 3671M->1322M(4096M) 135.995ms
[3473.251s][info][gc,cpu         ] GC(781) User=0.81s Sys=0.00s Real=0.14s
...[3476.108s][info][gc,start       ] GC(782) Pause Young (Concurrent Start) (G1 Evacuation Pause)
[3476.108s][info][gc,task        ] GC(782) Using 6 workers of 6 for evacuation
[3476.225s][info][gc,phases      ] GC(782)   Pre Evacuate Collection Set: 0.36ms
[3476.225s][info][gc,phases      ] GC(782)   Merge Heap Roots: 0.47ms
[3476.225s][info][gc,phases      ] GC(782)   Evacuate Collection Set: 114.90ms
[3476.225s][info][gc,phases      ] GC(782)   Post Evacuate Collection Set: 0.90ms
[3476.225s][info][gc,phases      ] GC(782)   Other: 0.12ms
[3476.225s][info][gc,heap        ] GC(782) Eden regions: 1117->0(1119)
[3476.225s][info][gc,heap        ] GC(782) Survivor regions: 111->109(154)
[3476.225s][info][gc,heap        ] GC(782) Old regions: 471->503
[3476.225s][info][gc,heap        ] GC(782) Humongous regions: 80->80
[3476.225s][info][gc,metaspace   ] GC(782) Metaspace: 28860K(29248K)->28860K(29248K) NonClass: 23993K(24192K)->23993K(24192K) Class: 4867K(5056K)->4867K(5056K)
[3476.225s][info][gc             ] GC(782) Pause Young (Concurrent Start) (G1 Evacuation Pause) 3556M->1383M(4096M) 116.901ms
[3476.225s][info][gc             ] GC(783) Concurrent Mark Cycle
[3476.225s][info][gc,marking     ] GC(783) Concurrent Scan Root Regions
[3476.225s][info][gc,cpu         ] GC(782) User=0.69s Sys=0.00s Real=0.11s
[3476.359s][info][gc,marking     ] GC(783) Concurrent Scan Root Regions 133.893ms
[3476.359s][info][gc,marking     ] GC(783) Concurrent Mark
[3476.359s][info][gc,marking     ] GC(783) Concurrent Mark From Roots
[3476.359s][info][gc,task        ] GC(783) Using 2 workers of 2 for marking
.[3477.221s][info][gc,marking     ] GC(783) Concurrent Mark From Roots 861.766ms
[3477.221s][info][gc,marking     ] GC(783) Concurrent Preclean
[3477.221s][info][gc,marking     ] GC(783) Concurrent Preclean 0.154ms
[3477.223s][info][gc,start       ] GC(783) Pause Remark
[3477.228s][info][gc             ] GC(783) Pause Remark 2157M->2157M(4096M) 5.310ms
[3477.228s][info][gc,cpu         ] GC(783) User=0.03s Sys=0.00s Real=0.01s
[3477.228s][info][gc,marking     ] GC(783) Concurrent Mark 868.837ms
[3477.228s][info][gc,marking     ] GC(783) Concurrent Rebuild Remembered Sets and Scrub Regions
[3477.519s][info][gc,marking     ] GC(783) Concurrent Rebuild Remembered Sets and Scrub Regions 290.798ms
[3477.519s][info][gc,start       ] GC(783) Pause Cleanup
[3477.519s][info][gc             ] GC(783) Pause Cleanup 2370M->2370M(4096M) 0.104ms
[3477.519s][info][gc,cpu         ] GC(783) User=0.00s Sys=0.00s Real=0.00s
[3477.519s][info][gc,marking     ] GC(783) Concurrent Clear Claimed Marks
[3477.519s][info][gc,marking     ] GC(783) Concurrent Clear Claimed Marks 0.022ms
[3477.519s][info][gc,marking     ] GC(783) Concurrent Cleanup for Next Mark
[3477.524s][info][gc,marking     ] GC(783) Concurrent Cleanup for Next Mark 4.794ms
[3477.524s][info][gc             ] GC(783) Concurrent Mark Cycle 1298.823ms
..[3479.247s][info][gc,start       ] GC(784) Pause Young (Prepare Mixed) (G1 Evacuation Pause)
[3479.247s][info][gc,task        ] GC(784) Using 6 workers of 6 for evacuation
[3479.367s][info][gc,phases      ] GC(784)   Pre Evacuate Collection Set: 0.33ms
[3479.367s][info][gc,phases      ] GC(784)   Merge Heap Roots: 0.58ms
[3479.367s][info][gc,phases      ] GC(784)   Evacuate Collection Set: 118.58ms
[3479.367s][info][gc,phases      ] GC(784)   Post Evacuate Collection Set: 0.90ms
[3479.367s][info][gc,phases      ] GC(784)   Other: 0.09ms
[3479.367s][info][gc,heap        ] GC(784) Eden regions: 1119->0(1107)
[3479.367s][info][gc,heap        ] GC(784) Survivor regions: 109->111(154)
[3479.367s][info][gc,heap        ] GC(784) Old regions: 503->536
[3479.367s][info][gc,heap        ] GC(784) Humongous regions: 80->80
[3479.367s][info][gc,metaspace   ] GC(784) Metaspace: 28860K(29248K)->28860K(29248K) NonClass: 23993K(24192K)->23993K(24192K) Class: 4867K(5056K)->4867K(5056K)
[3479.367s][info][gc             ] GC(784) Pause Young (Prepare Mixed) (G1 Evacuation Pause) 3621M->1452M(4096M) 120.621ms
[3479.367s][info][gc,cpu         ] GC(784) User=0.71s Sys=0.00s Real=0.12s
...[3482.309s][info][gc,start       ] GC(785) Pause Young (Mixed) (G1 Evacuation Pause)
[3482.309s][info][gc,task        ] GC(785) Using 6 workers of 6 for evacuation
[3482.439s][info][gc,phases      ] GC(785)   Pre Evacuate Collection Set: 0.36ms
[3482.439s][info][gc,phases      ] GC(785)   Merge Heap Roots: 0.63ms
[3482.439s][info][gc,phases      ] GC(785)   Evacuate Collection Set: 128.03ms
[3482.439s][info][gc,phases      ] GC(785)   Post Evacuate Collection Set: 0.93ms
[3482.439s][info][gc,phases      ] GC(785)   Other: 0.09ms
[3482.439s][info][gc,heap        ] GC(785) Eden regions: 1107->0(1118)
[3482.439s][info][gc,heap        ] GC(785) Survivor regions: 111->110(153)
[3482.439s][info][gc,heap        ] GC(785) Old regions: 536->472
[3482.439s][info][gc,heap        ] GC(785) Humongous regions: 80->80
[3482.439s][info][gc,metaspace   ] GC(785) Metaspace: 28860K(29248K)->28860K(29248K) NonClass: 23993K(24192K)->23993K(24192K) Class: 4867K(5056K)->4867K(5056K)
[3482.439s][info][gc             ] GC(785) Pause Young (Mixed) (G1 Evacuation Pause) 3666M->1322M(4096M) 130.183ms
[3482.439s][info][gc,cpu         ] GC(785) User=0.77s Sys=0.00s Real=0.13s
...[3485.467s][info][gc,start       ] GC(786) Pause Young (Concurrent Start) (G1 Evacuation Pause)
[3485.467s][info][gc,task        ] GC(786) Using 6 workers of 6 for evacuation
[3485.585s][info][gc,phases      ] GC(786)   Pre Evacuate Collection Set: 0.41ms
[3485.585s][info][gc,phases      ] GC(786)   Merge Heap Roots: 0.43ms
[3485.585s][info][gc,phases      ] GC(786)   Evacuate Collection Set: 116.33ms
[3485.585s][info][gc,phases      ] GC(786)   Post Evacuate Collection Set: 0.89ms
[3485.585s][info][gc,phases      ] GC(786)   Other: 0.11ms
[3485.585s][info][gc,heap        ] GC(786) Eden regions: 1118->0(1118)
[3485.585s][info][gc,heap        ] GC(786) Survivor regions: 110->110(154)
[3485.585s][info][gc,heap        ] GC(786) Old regions: 472->504
[3485.585s][info][gc,heap        ] GC(786) Humongous regions: 80->80
[3485.585s][info][gc,metaspace   ] GC(786) Metaspace: 28860K(29248K)->28860K(29248K) NonClass: 23993K(24192K)->23993K(24192K) Class: 4867K(5056K)->4867K(5056K)
[3485.585s][info][gc             ] GC(786) Pause Young (Concurrent Start) (G1 Evacuation Pause) 3558M->1386M(4096M) 118.297ms
[3485.585s][info][gc             ] GC(787) Concurrent Mark Cycle
[3485.585s][info][gc,marking     ] GC(787) Concurrent Scan Root Regions
[3485.585s][info][gc,cpu         ] GC(786) User=0.70s Sys=0.00s Real=0.12s
[3485.760s][info][gc,marking     ] GC(787) Concurrent Scan Root Regions 175.278ms
[3485.760s][info][gc,marking     ] GC(787) Concurrent Mark
[3485.760s][info][gc,marking     ] GC(787) Concurrent Mark From Roots
[3485.760s][info][gc,task        ] GC(787) Using 2 workers of 2 for marking
.[3486.649s][info][gc,marking     ] GC(787) Concurrent Mark From Roots 888.996ms
[3486.649s][info][gc,marking     ] GC(787) Concurrent Preclean
[3486.650s][info][gc,marking     ] GC(787) Concurrent Preclean 0.128ms
[3486.650s][info][gc,start       ] GC(787) Pause Remark
[3486.654s][info][gc             ] GC(787) Pause Remark 2242M->2242M(4096M) 4.263ms
[3486.654s][info][gc,cpu         ] GC(787) User=0.02s Sys=0.00s Real=0.00s
[3486.655s][info][gc,marking     ] GC(787) Concurrent Mark 894.375ms
[3486.655s][info][gc,marking     ] GC(787) Concurrent Rebuild Remembered Sets and Scrub Regions
[3487.031s][info][gc,marking     ] GC(787) Concurrent Rebuild Remembered Sets and Scrub Regions 376.370ms
[3487.031s][info][gc,start       ] GC(787) Pause Cleanup
[3487.032s][info][gc             ] GC(787) Pause Cleanup 2549M->2549M(4096M) 0.122ms
[3487.032s][info][gc,cpu         ] GC(787) User=0.00s Sys=0.00s Real=0.00s
[3487.032s][info][gc,marking     ] GC(787) Concurrent Clear Claimed Marks
[3487.032s][info][gc,marking     ] GC(787) Concurrent Clear Claimed Marks 0.032ms
[3487.032s][info][gc,marking     ] GC(787) Concurrent Cleanup for Next Mark
[3487.037s][info][gc,marking     ] GC(787) Concurrent Cleanup for Next Mark 4.682ms
[3487.037s][info][gc             ] GC(787) Concurrent Mark Cycle 1451.691ms
..[3488.541s][info][gc,start       ] GC(788) Pause Young (Prepare Mixed) (G1 Evacuation Pause)
[3488.541s][info][gc,task        ] GC(788) Using 6 workers of 6 for evacuation
[3488.663s][info][gc,phases      ] GC(788)   Pre Evacuate Collection Set: 0.32ms
[3488.663s][info][gc,phases      ] GC(788)   Merge Heap Roots: 0.50ms
[3488.663s][info][gc,phases      ] GC(788)   Evacuate Collection Set: 119.77ms
[3488.663s][info][gc,phases      ] GC(788)   Post Evacuate Collection Set: 0.94ms
[3488.663s][info][gc,phases      ] GC(788)   Other: 0.09ms
[3488.663s][info][gc,heap        ] GC(788) Eden regions: 1118->0(1101)
[3488.663s][info][gc,heap        ] GC(788) Survivor regions: 110->114(154)
[3488.663s][info][gc,heap        ] GC(788) Old regions: 504->536
[3488.663s][info][gc,heap        ] GC(788) Humongous regions: 80->80
[3488.663s][info][gc,metaspace   ] GC(788) Metaspace: 28860K(29248K)->28860K(29248K) NonClass: 23993K(24192K)->23993K(24192K) Class: 4867K(5056K)->4867K(5056K)
[3488.663s][info][gc             ] GC(788) Pause Young (Prepare Mixed) (G1 Evacuation Pause) 3622M->1457M(4096M) 121.780ms
[3488.663s][info][gc,cpu         ] GC(788) User=0.72s Sys=0.00s Real=0.12s
...[3491.579s][info][gc,start       ] GC(789) Pause Young (Mixed) (G1 Evacuation Pause)
[3491.579s][info][gc,task        ] GC(789) Using 6 workers of 6 for evacuation
[3491.715s][info][gc,phases      ] GC(789)   Pre Evacuate Collection Set: 0.36ms
[3491.715s][info][gc,phases      ] GC(789)   Merge Heap Roots: 0.73ms
[3491.715s][info][gc,phases      ] GC(789)   Evacuate Collection Set: 133.77ms
[3491.715s][info][gc,phases      ] GC(789)   Post Evacuate Collection Set: 0.93ms
[3491.715s][info][gc,phases      ] GC(789)   Other: 0.09ms
[3491.715s][info][gc,heap        ] GC(789) Eden regions: 1101->0(1118)
[3491.715s][info][gc,heap        ] GC(789) Survivor regions: 114->110(152)
[3491.715s][info][gc,heap        ] GC(789) Old regions: 536->472
[3491.715s][info][gc,heap        ] GC(789) Humongous regions: 80->80
[3491.715s][info][gc,metaspace   ] GC(789) Metaspace: 28860K(29248K)->28860K(29248K) NonClass: 23993K(24192K)->23993K(24192K) Class: 4867K(5056K)->4867K(5056K)
[3491.715s][info][gc             ] GC(789) Pause Young (Mixed) (G1 Evacuation Pause) 3659M->1322M(4096M) 136.017ms
[3491.715s][info][gc,cpu         ] GC(789) User=0.81s Sys=0.00s Real=0.13s
...[3494.702s][info][gc,start       ] GC(790) Pause Young (Concurrent Start) (G1 Evacuation Pause)
[3494.702s][info][gc,task        ] GC(790) Using 6 workers of 6 for evacuation
[3494.817s][info][gc,phases      ] GC(790)   Pre Evacuate Collection Set: 0.37ms
[3494.817s][info][gc,phases      ] GC(790)   Merge Heap Roots: 0.53ms
[3494.817s][info][gc,phases      ] GC(790)   Evacuate Collection Set: 113.11ms
[3494.817s][info][gc,phases      ] GC(790)   Post Evacuate Collection Set: 0.90ms
[3494.817s][info][gc,phases      ] GC(790)   Other: 0.11ms
[3494.817s][info][gc,heap        ] GC(790) Eden regions: 1118->0(1121)
[3494.817s][info][gc,heap        ] GC(790) Survivor regions: 110->107(154)
[3494.817s][info][gc,heap        ] GC(790) Old regions: 472->504
[3494.817s][info][gc,heap        ] GC(790) Humongous regions: 80->80
[3494.817s][info][gc,metaspace   ] GC(790) Metaspace: 28860K(29248K)->28860K(29248K) NonClass: 23993K(24192K)->23993K(24192K) Class: 4867K(5056K)->4867K(5056K)
[3494.817s][info][gc             ] GC(790) Pause Young (Concurrent Start) (G1 Evacuation Pause) 3558M->1380M(4096M) 115.153ms
[3494.817s][info][gc             ] GC(791) Concurrent Mark Cycle
[3494.817s][info][gc,marking     ] GC(791) Concurrent Scan Root Regions
[3494.817s][info][gc,cpu         ] GC(790) User=0.67s Sys=0.01s Real=0.11s
[3494.996s][info][gc,marking     ] GC(791) Concurrent Scan Root Regions 178.892ms
[3494.996s][info][gc,marking     ] GC(791) Concurrent Mark
[3494.996s][info][gc,marking     ] GC(791) Concurrent Mark From Roots
[3494.996s][info][gc,task        ] GC(791) Using 2 workers of 2 for marking
.[3495.861s][info][gc,marking     ] GC(791) Concurrent Mark From Roots 865.015ms
[3495.861s][info][gc,marking     ] GC(791) Concurrent Preclean
[3495.861s][info][gc,marking     ] GC(791) Concurrent Preclean 0.129ms
[3495.862s][info][gc,start       ] GC(791) Pause Remark
[3495.867s][info][gc             ] GC(791) Pause Remark 2190M->2190M(4096M) 5.393ms
[3495.867s][info][gc,cpu         ] GC(791) User=0.03s Sys=0.00s Real=0.00s
[3495.868s][info][gc,marking     ] GC(791) Concurrent Mark 871.783ms
[3495.868s][info][gc,marking     ] GC(791) Concurrent Rebuild Remembered Sets and Scrub Regions
.[3496.203s][info][gc,marking     ] GC(791) Concurrent Rebuild Remembered Sets and Scrub Regions 335.438ms
[3496.204s][info][gc,start       ] GC(791) Pause Cleanup
[3496.204s][info][gc             ] GC(791) Pause Cleanup 2450M->2450M(4096M) 0.112ms
[3496.204s][info][gc,cpu         ] GC(791) User=0.00s Sys=0.00s Real=0.00s
[3496.204s][info][gc,marking     ] GC(791) Concurrent Clear Claimed Marks
[3496.204s][info][gc,marking     ] GC(791) Concurrent Clear Claimed Marks 0.021ms
[3496.204s][info][gc,marking     ] GC(791) Concurrent Cleanup for Next Mark
[3496.207s][info][gc,marking     ] GC(791) Concurrent Cleanup for Next Mark 3.517ms
[3496.207s][info][gc             ] GC(791) Concurrent Mark Cycle 1390.088ms
.[3497.884s][info][gc,start       ] GC(792) Pause Young (Prepare Mixed) (G1 Evacuation Pause)
[3497.884s][info][gc,task        ] GC(792) Using 6 workers of 6 for evacuation
[3498.001s][info][gc,phases      ] GC(792)   Pre Evacuate Collection Set: 0.34ms
[3498.001s][info][gc,phases      ] GC(792)   Merge Heap Roots: 0.51ms
[3498.001s][info][gc,phases      ] GC(792)   Evacuate Collection Set: 115.26ms
[3498.001s][info][gc,phases      ] GC(792)   Post Evacuate Collection Set: 0.94ms
[3498.001s][info][gc,phases      ] GC(792)   Other: 0.08ms
[3498.001s][info][gc,heap        ] GC(792) Eden regions: 1121->0(1110)
[3498.001s][info][gc,heap        ] GC(792) Survivor regions: 107->110(154)
[3498.001s][info][gc,heap        ] GC(792) Old regions: 504->535
[3498.001s][info][gc,heap        ] GC(792) Humongous regions: 80->80
[3498.001s][info][gc,metaspace   ] GC(792) Metaspace: 28860K(29248K)->28860K(29248K) NonClass: 23993K(24192K)->23993K(24192K) Class: 4867K(5056K)->4867K(5056K)
[3498.001s][info][gc             ] GC(792) Pause Young (Prepare Mixed) (G1 Evacuation Pause) 3622M->1447M(4096M) 117.259ms
[3498.001s][info][gc,cpu         ] GC(792) User=0.70s Sys=0.00s Real=0.12s
...[3500.922s][info][gc,start       ] GC(793) Pause Young (Mixed) (G1 Evacuation Pause)
[3500.922s][info][gc,task        ] GC(793) Using 6 workers of 6 for evacuation
[3501.058s][info][gc,phases      ] GC(793)   Pre Evacuate Collection Set: 0.37ms
[3501.058s][info][gc,phases      ] GC(793)   Merge Heap Roots: 0.70ms
[3501.058s][info][gc,phases      ] GC(793)   Evacuate Collection Set: 133.83ms
[3501.058s][info][gc,phases      ] GC(793)   Post Evacuate Collection Set: 0.96ms
[3501.058s][info][gc,phases      ] GC(793)   Other: 0.09ms
[3501.058s][info][gc,heap        ] GC(793) Eden regions: 1110->0(1118)
[3501.058s][info][gc,heap        ] GC(793) Survivor regions: 110->110(153)
[3501.058s][info][gc,heap        ] GC(793) Old regions: 535->472
[3501.058s][info][gc,heap        ] GC(793) Humongous regions: 80->80
[3501.059s][info][gc,metaspace   ] GC(793) Metaspace: 28860K(29248K)->28860K(29248K) NonClass: 23993K(24192K)->23993K(24192K) Class: 4867K(5056K)->4867K(5056K)
[3501.059s][info][gc             ] GC(793) Pause Young (Mixed) (G1 Evacuation Pause) 3667M->1321M(4096M) 136.081ms
[3501.059s][info][gc,cpu         ] GC(793) User=0.80s Sys=0.00s Real=0.14s
... (rIR:aIR:PR = 6088:6088:6088) (tPR = 90358) [OK] 
  3503s: Performance info:
         Transaction,    Success,    Partial,     Failed,   Receipts, AvgBarcode, 
             Overall,     369445,          0,          0,     350944,      59.47, 
         Response times:
             Request,    Success,    Partial,     Failed,   SkipFail,     Probes,    Samples,      min,      p50,      p90,      p95,      p99,      max, 
       TotalPurchase,     350944,          0,          0,          0,     343050,     380898,      300,     5300,    18500,    42000,    92000,   248000,
     InStorePurchase,     184624,          0,          0,          0,     180793,     200714,      300,     5100,    18200,    41000,    92000,   204000,
      OnlinePurchase,     129343,          0,          0,          0,     126534,     140513,      300,     5500,    18700,    42000,    93000,   248000,
        InstPurchase,      36977,          0,          0,          0,      35723,      39671,      400,     5300,    19000,    41400,    90000,   193000,
          AssocOfCat,        368,          0,          0,          0,        292,        396,    22000,    37000,    68600,   103150,   160420,   233000,
      AssocOfProduct,       3703,          0,          0,          0,       3508,       4109,      500,     4900,    17400,    42500,    95000,   160000,
      BusinessReport,        924,          0,          0,          0,        786,        999,    28000,    47000,    84000,   109000,   192000,   265000,
          CustBuyBeh,       3697,          0,          0,          0,       3420,       3936,      300,     4200,    17030,    39000,    94630,   156000,
       ProductReturn,       9809,          0,          0,          0,       9352,      10593,      200,     5300,    18960,    44300,    93060,   194000,

  3503s: (45%)   IR =   6227 [3503.988s][info][gc,start       ] GC(794) Pause Young (Concurrent Start) (G1 Evacuation Pause)
[3503.988s][info][gc,task        ] GC(794) Using 6 workers of 6 for evacuation
[3504.113s][info][gc,phases      ] GC(794)   Pre Evacuate Collection Set: 0.39ms
[3504.113s][info][gc,phases      ] GC(794)   Merge Heap Roots: 0.54ms
[3504.113s][info][gc,phases      ] GC(794)   Evacuate Collection Set: 123.04ms
[3504.113s][info][gc,phases      ] GC(794)   Post Evacuate Collection Set: 0.91ms
[3504.113s][info][gc,phases      ] GC(794)   Other: 0.12ms
[3504.113s][info][gc,heap        ] GC(794) Eden regions: 1118->0(1117)
[3504.113s][info][gc,heap        ] GC(794) Survivor regions: 110->111(154)
[3504.113s][info][gc,heap        ] GC(794) Old regions: 472->505
[3504.113s][info][gc,heap        ] GC(794) Humongous regions: 80->80
[3504.113s][info][gc,metaspace   ] GC(794) Metaspace: 28860K(29248K)->28860K(29248K) NonClass: 23993K(24192K)->23993K(24192K) Class: 4867K(5056K)->4867K(5056K)
[3504.113s][info][gc             ] GC(794) Pause Young (Concurrent Start) (G1 Evacuation Pause) 3557M->1391M(4096M) 125.123ms
[3504.113s][info][gc             ] GC(795) Concurrent Mark Cycle
[3504.113s][info][gc,marking     ] GC(795) Concurrent Scan Root Regions
[3504.113s][info][gc,cpu         ] GC(794) User=0.74s Sys=0.00s Real=0.13s
.[3504.287s][info][gc,marking     ] GC(795) Concurrent Scan Root Regions 174.433ms
[3504.287s][info][gc,marking     ] GC(795) Concurrent Mark
[3504.287s][info][gc,marking     ] GC(795) Concurrent Mark From Roots
[3504.287s][info][gc,task        ] GC(795) Using 2 workers of 2 for marking
[3505.163s][info][gc,marking     ] GC(795) Concurrent Mark From Roots 876.156ms
[3505.163s][info][gc,marking     ] GC(795) Concurrent Preclean
[3505.164s][info][gc,marking     ] GC(795) Concurrent Preclean 0.165ms
[3505.165s][info][gc,start       ] GC(795) Pause Remark
[3505.170s][info][gc             ] GC(795) Pause Remark 2201M->2201M(4096M) 5.115ms
[3505.170s][info][gc,cpu         ] GC(795) User=0.03s Sys=0.00s Real=0.01s
[3505.170s][info][gc,marking     ] GC(795) Concurrent Mark 883.135ms
[3505.170s][info][gc,marking     ] GC(795) Concurrent Rebuild Remembered Sets and Scrub Regions
.[3505.485s][info][gc,marking     ] GC(795) Concurrent Rebuild Remembered Sets and Scrub Regions 314.611ms
[3505.486s][info][gc,start       ] GC(795) Pause Cleanup
[3505.487s][info][gc             ] GC(795) Pause Cleanup 2469M->2469M(4096M) 0.129ms
[3505.487s][info][gc,cpu         ] GC(795) User=0.00s Sys=0.00s Real=0.00s
[3505.487s][info][gc,marking     ] GC(795) Concurrent Clear Claimed Marks
[3505.487s][info][gc,marking     ] GC(795) Concurrent Clear Claimed Marks 0.029ms
[3505.487s][info][gc,marking     ] GC(795) Concurrent Cleanup for Next Mark
[3505.492s][info][gc,marking     ] GC(795) Concurrent Cleanup for Next Mark 4.848ms
[3505.492s][info][gc             ] GC(795) Concurrent Mark Cycle 1379.028ms
.[3507.103s][info][gc,start       ] GC(796) Pause Young (Prepare Mixed) (G1 Evacuation Pause)
[3507.103s][info][gc,task        ] GC(796) Using 6 workers of 6 for evacuation
[3507.221s][info][gc,phases      ] GC(796)   Pre Evacuate Collection Set: 0.35ms
[3507.221s][info][gc,phases      ] GC(796)   Merge Heap Roots: 0.63ms
[3507.221s][info][gc,phases      ] GC(796)   Evacuate Collection Set: 116.10ms
[3507.221s][info][gc,phases      ] GC(796)   Post Evacuate Collection Set: 0.92ms
[3507.221s][info][gc,phases      ] GC(796)   Other: 0.11ms
[3507.221s][info][gc,heap        ] GC(796) Eden regions: 1117->0(1111)
[3507.221s][info][gc,heap        ] GC(796) Survivor regions: 111->109(154)
[3507.221s][info][gc,heap        ] GC(796) Old regions: 505->536
[3507.221s][info][gc,heap        ] GC(796) Humongous regions: 80->80
[3507.221s][info][gc,metaspace   ] GC(796) Metaspace: 28860K(29248K)->28860K(29248K) NonClass: 23993K(24192K)->23993K(24192K) Class: 4867K(5056K)->4867K(5056K)
[3507.221s][info][gc             ] GC(796) Pause Young (Prepare Mixed) (G1 Evacuation Pause) 3625M->1449M(4096M) 118.275ms
[3507.221s][info][gc,cpu         ] GC(796) User=0.70s Sys=0.00s Real=0.12s
...[3510.097s][info][gc,start       ] GC(797) Pause Young (Mixed) (G1 Evacuation Pause)
[3510.097s][info][gc,task        ] GC(797) Using 6 workers of 6 for evacuation
[3510.229s][info][gc,phases      ] GC(797)   Pre Evacuate Collection Set: 0.38ms
[3510.229s][info][gc,phases      ] GC(797)   Merge Heap Roots: 0.63ms
[3510.229s][info][gc,phases      ] GC(797)   Evacuate Collection Set: 130.04ms
[3510.229s][info][gc,phases      ] GC(797)   Post Evacuate Collection Set: 0.95ms
[3510.229s][info][gc,phases      ] GC(797)   Other: 0.09ms
[3510.229s][info][gc,heap        ] GC(797) Eden regions: 1111->0(1119)
[3510.229s][info][gc,heap        ] GC(797) Survivor regions: 109->109(153)
[3510.229s][info][gc,heap        ] GC(797) Old regions: 536->472
[3510.229s][info][gc,heap        ] GC(797) Humongous regions: 80->80
[3510.229s][info][gc,metaspace   ] GC(797) Metaspace: 28860K(29248K)->28860K(29248K) NonClass: 23993K(24192K)->23993K(24192K) Class: 4867K(5056K)->4867K(5056K)
[3510.229s][info][gc             ] GC(797) Pause Young (Mixed) (G1 Evacuation Pause) 3671M->1321M(4096M) 132.217ms
[3510.229s][info][gc,cpu         ] GC(797) User=0.78s Sys=0.00s Real=0.14s
...[3513.101s][info][gc,start       ] GC(798) Pause Young (Concurrent Start) (G1 Evacuation Pause)
[3513.101s][info][gc,task        ] GC(798) Using 6 workers of 6 for evacuation
[3513.221s][info][gc,phases      ] GC(798)   Pre Evacuate Collection Set: 0.36ms
[3513.221s][info][gc,phases      ] GC(798)   Merge Heap Roots: 0.47ms
[3513.221s][info][gc,phases      ] GC(798)   Evacuate Collection Set: 117.91ms
[3513.221s][info][gc,phases      ] GC(798)   Post Evacuate Collection Set: 0.91ms
[3513.221s][info][gc,phases      ] GC(798)   Other: 0.12ms
[3513.221s][info][gc,heap        ] GC(798) Eden regions: 1119->0(1116)
[3513.221s][info][gc,heap        ] GC(798) Survivor regions: 109->112(154)
[3513.221s][info][gc,heap        ] GC(798) Old regions: 472->505
[3513.221s][info][gc,heap        ] GC(798) Humongous regions: 80->80
[3513.221s][info][gc,metaspace   ] GC(798) Metaspace: 28860K(29248K)->28860K(29248K) NonClass: 23993K(24192K)->23993K(24192K) Class: 4867K(5056K)->4867K(5056K)
[3513.221s][info][gc             ] GC(798) Pause Young (Concurrent Start) (G1 Evacuation Pause) 3559M->1391M(4096M) 119.890ms
[3513.221s][info][gc             ] GC(799) Concurrent Mark Cycle
[3513.221s][info][gc,marking     ] GC(799) Concurrent Scan Root Regions
[3513.221s][info][gc,cpu         ] GC(798) User=0.70s Sys=0.00s Real=0.12s
.[3513.394s][info][gc,marking     ] GC(799) Concurrent Scan Root Regions 173.340ms
[3513.395s][info][gc,marking     ] GC(799) Concurrent Mark
[3513.395s][info][gc,marking     ] GC(799) Concurrent Mark From Roots
[3513.395s][info][gc,task        ] GC(799) Using 2 workers of 2 for marking
[3514.091s][info][gc,marking     ] GC(799) Concurrent Mark From Roots 696.236ms
[3514.091s][info][gc,marking     ] GC(799) Concurrent Preclean
[3514.091s][info][gc,marking     ] GC(799) Concurrent Preclean 0.135ms
[3514.091s][info][gc,start       ] GC(799) Pause Remark
[3514.096s][info][gc             ] GC(799) Pause Remark 2101M->2101M(4096M) 4.294ms
[3514.096s][info][gc,cpu         ] GC(799) User=0.02s Sys=0.00s Real=0.00s
[3514.096s][info][gc,marking     ] GC(799) Concurrent Mark 701.247ms
[3514.096s][info][gc,marking     ] GC(799) Concurrent Rebuild Remembered Sets and Scrub Regions
[3514.354s][info][gc,marking     ] GC(799) Concurrent Rebuild Remembered Sets and Scrub Regions 258.584ms
[3514.355s][info][gc,start       ] GC(799) Pause Cleanup
[3514.355s][info][gc             ] GC(799) Pause Cleanup 2311M->2311M(4096M) 0.111ms
[3514.355s][info][gc,cpu         ] GC(799) User=0.00s Sys=0.00s Real=0.00s
[3514.355s][info][gc,marking     ] GC(799) Concurrent Clear Claimed Marks
[3514.355s][info][gc,marking     ] GC(799) Concurrent Clear Claimed Marks 0.035ms
[3514.355s][info][gc,marking     ] GC(799) Concurrent Cleanup for Next Mark
.[3514.360s][info][gc,marking     ] GC(799) Concurrent Cleanup for Next Mark 4.822ms
[3514.360s][info][gc             ] GC(799) Concurrent Mark Cycle 1138.931ms
.|[3516.122s][info][gc,start       ] GC(800) Pause Young (Prepare Mixed) (G1 Evacuation Pause)
[3516.122s][info][gc,task        ] GC(800) Using 6 workers of 6 for evacuation
[3516.245s][info][gc,phases      ] GC(800)   Pre Evacuate Collection Set: 0.33ms
[3516.245s][info][gc,phases      ] GC(800)   Merge Heap Roots: 0.52ms
[3516.245s][info][gc,phases      ] GC(800)   Evacuate Collection Set: 120.96ms
[3516.245s][info][gc,phases      ] GC(800)   Post Evacuate Collection Set: 0.95ms
[3516.245s][info][gc,phases      ] GC(800)   Other: 0.08ms
[3516.245s][info][gc,heap        ] GC(800) Eden regions: 1116->0(1102)
[3516.245s][info][gc,heap        ] GC(800) Survivor regions: 112->113(154)
[3516.245s][info][gc,heap        ] GC(800) Old regions: 505->537
[3516.245s][info][gc,heap        ] GC(800) Humongous regions: 80->80
[3516.245s][info][gc,metaspace   ] GC(800) Metaspace: 28860K(29248K)->28860K(29248K) NonClass: 23993K(24192K)->23993K(24192K) Class: 4867K(5056K)->4867K(5056K)
[3516.245s][info][gc             ] GC(800) Pause Young (Prepare Mixed) (G1 Evacuation Pause) 3623M->1458M(4096M) 122.975ms
[3516.245s][info][gc,cpu         ] GC(800) User=0.73s Sys=0.00s Real=0.12s
...[3519.126s][info][gc,start       ] GC(801) Pause Young (Mixed) (G1 Evacuation Pause)
[3519.126s][info][gc,task        ] GC(801) Using 6 workers of 6 for evacuation
[3519.263s][info][gc,phases      ] GC(801)   Pre Evacuate Collection Set: 0.37ms
[3519.263s][info][gc,phases      ] GC(801)   Merge Heap Roots: 0.69ms
[3519.263s][info][gc,phases      ] GC(801)   Evacuate Collection Set: 134.56ms
[3519.263s][info][gc,phases      ] GC(801)   Post Evacuate Collection Set: 0.98ms
[3519.263s][info][gc,phases      ] GC(801)   Other: 0.09ms
[3519.263s][info][gc,heap        ] GC(801) Eden regions: 1102->0(1118)
[3519.263s][info][gc,heap        ] GC(801) Survivor regions: 113->110(152)
[3519.263s][info][gc,heap        ] GC(801) Old regions: 537->472
[3519.263s][info][gc,heap        ] GC(801) Humongous regions: 80->80
[3519.263s][info][gc,metaspace   ] GC(801) Metaspace: 28860K(29248K)->28860K(29248K) NonClass: 23993K(24192K)->23993K(24192K) Class: 4867K(5056K)->4867K(5056K)
[3519.263s][info][gc             ] GC(801) Pause Young (Mixed) (G1 Evacuation Pause) 3662M->1323M(4096M) 136.814ms
[3519.263s][info][gc,cpu         ] GC(801) User=0.81s Sys=0.00s Real=0.14s
...[3522.128s][info][gc,start       ] GC(802) Pause Young (Concurrent Start) (G1 Evacuation Pause)
[3522.128s][info][gc,task        ] GC(802) Using 6 workers of 6 for evacuation
[3522.246s][info][gc,phases      ] GC(802)   Pre Evacuate Collection Set: 0.38ms
[3522.246s][info][gc,phases      ] GC(802)   Merge Heap Roots: 0.45ms
[3522.246s][info][gc,phases      ] GC(802)   Evacuate Collection Set: 115.99ms
[3522.246s][info][gc,phases      ] GC(802)   Post Evacuate Collection Set: 0.91ms
[3522.246s][info][gc,phases      ] GC(802)   Other: 0.09ms
[3522.246s][info][gc,heap        ] GC(802) Eden regions: 1118->0(1118)
[3522.246s][info][gc,heap        ] GC(802) Survivor regions: 110->110(154)
[3522.246s][info][gc,heap        ] GC(802) Old regions: 472->504
[3522.246s][info][gc,heap        ] GC(802) Humongous regions: 80->80
[3522.246s][info][gc,metaspace   ] GC(802) Metaspace: 28860K(29248K)->28860K(29248K) NonClass: 23993K(24192K)->23993K(24192K) Class: 4867K(5056K)->4867K(5056K)
[3522.246s][info][gc             ] GC(802) Pause Young (Concurrent Start) (G1 Evacuation Pause) 3559M->1386M(4096M) 117.956ms
[3522.246s][info][gc             ] GC(803) Concurrent Mark Cycle
[3522.246s][info][gc,marking     ] GC(803) Concurrent Scan Root Regions
[3522.246s][info][gc,cpu         ] GC(802) User=0.70s Sys=0.00s Real=0.12s
.[3522.377s][info][gc,marking     ] GC(803) Concurrent Scan Root Regions 131.131ms
[3522.377s][info][gc,marking     ] GC(803) Concurrent Mark
[3522.377s][info][gc,marking     ] GC(803) Concurrent Mark From Roots
[3522.377s][info][gc,task        ] GC(803) Using 2 workers of 2 for marking
[3523.071s][info][gc,marking     ] GC(803) Concurrent Mark From Roots 693.830ms
[3523.071s][info][gc,marking     ] GC(803) Concurrent Preclean
[3523.071s][info][gc,marking     ] GC(803) Concurrent Preclean 0.106ms
[3523.074s][info][gc,start       ] GC(803) Pause Remark
[3523.079s][info][gc             ] GC(803) Pause Remark 2032M->2032M(4096M) 5.243ms
[3523.079s][info][gc,cpu         ] GC(803) User=0.03s Sys=0.00s Real=0.01s
[3523.079s][info][gc,marking     ] GC(803) Concurrent Mark 702.063ms
[3523.079s][info][gc,marking     ] GC(803) Concurrent Rebuild Remembered Sets and Scrub Regions
[3523.319s][info][gc,marking     ] GC(803) Concurrent Rebuild Remembered Sets and Scrub Regions 239.736ms
[3523.319s][info][gc,start       ] GC(803) Pause Cleanup
[3523.320s][info][gc             ] GC(803) Pause Cleanup 2230M->2230M(4096M) 0.111ms
[3523.320s][info][gc,cpu         ] GC(803) User=0.00s Sys=0.00s Real=0.00s
[3523.320s][info][gc,marking     ] GC(803) Concurrent Clear Claimed Marks
[3523.320s][info][gc,marking     ] GC(803) Concurrent Clear Claimed Marks 0.028ms
[3523.320s][info][gc,marking     ] GC(803) Concurrent Cleanup for Next Mark
[3523.326s][info][gc,marking     ] GC(803) Concurrent Cleanup for Next Mark 5.938ms
[3523.326s][info][gc             ] GC(803) Concurrent Mark Cycle 1079.646ms
..[3525.151s][info][gc,start       ] GC(804) Pause Young (Prepare Mixed) (G1 Evacuation Pause)
[3525.151s][info][gc,task        ] GC(804) Using 6 workers of 6 for evacuation
[3525.270s][info][gc,phases      ] GC(804)   Pre Evacuate Collection Set: 0.34ms
[3525.270s][info][gc,phases      ] GC(804)   Merge Heap Roots: 0.53ms
[3525.270s][info][gc,phases      ] GC(804)   Evacuate Collection Set: 116.99ms
[3525.270s][info][gc,phases      ] GC(804)   Post Evacuate Collection Set: 0.94ms
[3525.270s][info][gc,phases      ] GC(804)   Other: 0.09ms
[3525.270s][info][gc,heap        ] GC(804) Eden regions: 1118->0(1109)
[3525.270s][info][gc,heap        ] GC(804) Survivor regions: 110->110(154)
[3525.270s][info][gc,heap        ] GC(804) Old regions: 504->536
[3525.270s][info][gc,heap        ] GC(804) Humongous regions: 80->80
[3525.270s][info][gc,metaspace   ] GC(804) Metaspace: 28860K(29248K)->28860K(29248K) NonClass: 23993K(24192K)->23993K(24192K) Class: 4867K(5056K)->4867K(5056K)
[3525.270s][info][gc             ] GC(804) Pause Young (Prepare Mixed) (G1 Evacuation Pause) 3622M->1451M(4096M) 119.024ms
[3525.270s][info][gc,cpu         ] GC(804) User=0.71s Sys=0.00s Real=0.12s
...[3528.216s][info][gc,start       ] GC(805) Pause Young (Mixed) (G1 Evacuation Pause)
[3528.216s][info][gc,task        ] GC(805) Using 6 workers of 6 for evacuation
[3528.350s][info][gc,phases      ] GC(805)   Pre Evacuate Collection Set: 0.39ms
[3528.350s][info][gc,phases      ] GC(805)   Merge Heap Roots: 0.68ms
[3528.350s][info][gc,phases      ] GC(805)   Evacuate Collection Set: 131.40ms
[3528.350s][info][gc,phases      ] GC(805)   Post Evacuate Collection Set: 0.95ms
[3528.350s][info][gc,phases      ] GC(805)   Other: 0.09ms
[3528.350s][info][gc,heap        ] GC(805) Eden regions: 1109->0(1119)
[3528.350s][info][gc,heap        ] GC(805) Survivor regions: 110->109(153)
[3528.350s][info][gc,heap        ] GC(805) Old regions: 536->473
[3528.350s][info][gc,heap        ] GC(805) Humongous regions: 80->80
[3528.350s][info][gc,metaspace   ] GC(805) Metaspace: 28860K(29248K)->28860K(29248K) NonClass: 23993K(24192K)->23993K(24192K) Class: 4867K(5056K)->4867K(5056K)
[3528.350s][info][gc             ] GC(805) Pause Young (Mixed) (G1 Evacuation Pause) 3669M->1323M(4096M) 133.646ms
[3528.350s][info][gc,cpu         ] GC(805) User=0.79s Sys=0.00s Real=0.14s
...[3531.269s][info][gc,start       ] GC(806) Pause Young (Concurrent Start) (G1 Evacuation Pause)
[3531.269s][info][gc,task        ] GC(806) Using 6 workers of 6 for evacuation
[3531.386s][info][gc,phases      ] GC(806)   Pre Evacuate Collection Set: 0.36ms
[3531.386s][info][gc,phases      ] GC(806)   Merge Heap Roots: 0.45ms
[3531.386s][info][gc,phases      ] GC(806)   Evacuate Collection Set: 115.66ms
[3531.386s][info][gc,phases      ] GC(806)   Post Evacuate Collection Set: 0.88ms
[3531.386s][info][gc,phases      ] GC(806)   Other: 0.11ms
[3531.386s][info][gc,heap        ] GC(806) Eden regions: 1119->0(1116)
[3531.386s][info][gc,heap        ] GC(806) Survivor regions: 109->112(154)
[3531.386s][info][gc,heap        ] GC(806) Old regions: 473->504
[3531.386s][info][gc,heap        ] GC(806) Humongous regions: 80->80
[3531.386s][info][gc,metaspace   ] GC(806) Metaspace: 28860K(29248K)->28860K(29248K) NonClass: 23993K(24192K)->23993K(24192K) Class: 4867K(5056K)->4867K(5056K)
[3531.386s][info][gc             ] GC(806) Pause Young (Concurrent Start) (G1 Evacuation Pause) 3561M->1390M(4096M) 117.597ms
[3531.386s][info][gc             ] GC(807) Concurrent Mark Cycle
[3531.386s][info][gc,marking     ] GC(807) Concurrent Scan Root Regions
[3531.386s][info][gc,cpu         ] GC(806) User=0.69s Sys=0.00s Real=0.11s
.[3531.519s][info][gc,marking     ] GC(807) Concurrent Scan Root Regions 132.702ms
[3531.519s][info][gc,marking     ] GC(807) Concurrent Mark
[3531.519s][info][gc,marking     ] GC(807) Concurrent Mark From Roots
[3531.519s][info][gc,task        ] GC(807) Using 2 workers of 2 for marking
[3532.234s][info][gc,marking     ] GC(807) Concurrent Mark From Roots 714.500ms
[3532.234s][info][gc,marking     ] GC(807) Concurrent Preclean
[3532.234s][info][gc,marking     ] GC(807) Concurrent Preclean 0.094ms
[3532.234s][info][gc,start       ] GC(807) Pause Remark
[3532.240s][info][gc             ] GC(807) Pause Remark 2098M->2098M(4096M) 6.282ms
[3532.240s][info][gc,cpu         ] GC(807) User=0.04s Sys=0.00s Real=0.01s
[3532.240s][info][gc,marking     ] GC(807) Concurrent Mark 721.435ms
[3532.240s][info][gc,marking     ] GC(807) Concurrent Rebuild Remembered Sets and Scrub Regions
.[3532.489s][info][gc,marking     ] GC(807) Concurrent Rebuild Remembered Sets and Scrub Regions 248.713ms
[3532.489s][info][gc,start       ] GC(807) Pause Cleanup
[3532.489s][info][gc             ] GC(807) Pause Cleanup 2296M->2296M(4096M) 0.102ms
[3532.489s][info][gc,cpu         ] GC(807) User=0.00s Sys=0.00s Real=0.00s
[3532.491s][info][gc,marking     ] GC(807) Concurrent Clear Claimed Marks
[3532.491s][info][gc,marking     ] GC(807) Concurrent Clear Claimed Marks 0.042ms
[3532.491s][info][gc,marking     ] GC(807) Concurrent Cleanup for Next Mark
[3532.496s][info][gc,marking     ] GC(807) Concurrent Cleanup for Next Mark 5.677ms
[3532.496s][info][gc             ] GC(807) Concurrent Mark Cycle 1110.068ms
.[3534.241s][info][gc,start       ] GC(808) Pause Young (Prepare Mixed) (G1 Evacuation Pause)
[3534.241s][info][gc,task        ] GC(808) Using 6 workers of 6 for evacuation
[3534.361s][info][gc,phases      ] GC(808)   Pre Evacuate Collection Set: 0.33ms
[3534.361s][info][gc,phases      ] GC(808)   Merge Heap Roots: 0.61ms
[3534.361s][info][gc,phases      ] GC(808)   Evacuate Collection Set: 118.31ms
[3534.361s][info][gc,phases      ] GC(808)   Post Evacuate Collection Set: 0.93ms
[3534.361s][info][gc,phases      ] GC(808)   Other: 0.10ms
[3534.361s][info][gc,heap        ] GC(808) Eden regions: 1116->0(1106)
[3534.361s][info][gc,heap        ] GC(808) Survivor regions: 112->111(154)
[3534.361s][info][gc,heap        ] GC(808) Old regions: 504->537
[3534.361s][info][gc,heap        ] GC(808) Humongous regions: 80->80
[3534.361s][info][gc,metaspace   ] GC(808) Metaspace: 28860K(29248K)->28860K(29248K) NonClass: 23993K(24192K)->23993K(24192K) Class: 4867K(5056K)->4867K(5056K)
[3534.361s][info][gc             ] GC(808) Pause Young (Prepare Mixed) (G1 Evacuation Pause) 3622M->1454M(4096M) 120.397ms
[3534.361s][info][gc,cpu         ] GC(808) User=0.71s Sys=0.00s Real=0.12s
...[3537.273s][info][gc,start       ] GC(809) Pause Young (Mixed) (G1 Evacuation Pause)
[3537.273s][info][gc,task        ] GC(809) Using 6 workers of 6 for evacuation
[3537.409s][info][gc,phases      ] GC(809)   Pre Evacuate Collection Set: 0.36ms
[3537.409s][info][gc,phases      ] GC(809)   Merge Heap Roots: 0.62ms
[3537.409s][info][gc,phases      ] GC(809)   Evacuate Collection Set: 134.16ms
[3537.409s][info][gc,phases      ] GC(809)   Post Evacuate Collection Set: 0.91ms
[3537.409s][info][gc,phases      ] GC(809)   Other: 0.08ms
[3537.409s][info][gc,heap        ] GC(809) Eden regions: 1106->0(1117)
[3537.409s][info][gc,heap        ] GC(809) Survivor regions: 111->111(153)
[3537.409s][info][gc,heap        ] GC(809) Old regions: 537->474
[3537.409s][info][gc,heap        ] GC(809) Humongous regions: 80->80
[3537.409s][info][gc,metaspace   ] GC(809) Metaspace: 28860K(29248K)->28860K(29248K) NonClass: 23993K(24192K)->23993K(24192K) Class: 4867K(5056K)->4867K(5056K)
[3537.409s][info][gc             ] GC(809) Pause Young (Mixed) (G1 Evacuation Pause) 3666M->1328M(4096M) 136.285ms
[3537.409s][info][gc,cpu         ] GC(809) User=0.80s Sys=0.00s Real=0.14s
...[3540.279s][info][gc,start       ] GC(810) Pause Young (Concurrent Start) (G1 Evacuation Pause)
[3540.279s][info][gc,task        ] GC(810) Using 6 workers of 6 for evacuation
[3540.399s][info][gc,phases      ] GC(810)   Pre Evacuate Collection Set: 0.35ms
[3540.399s][info][gc,phases      ] GC(810)   Merge Heap Roots: 0.49ms
[3540.399s][info][gc,phases      ] GC(810)   Evacuate Collection Set: 118.30ms
[3540.399s][info][gc,phases      ] GC(810)   Post Evacuate Collection Set: 0.94ms
[3540.399s][info][gc,phases      ] GC(810)   Other: 0.11ms
[3540.399s][info][gc,heap        ] GC(810) Eden regions: 1117->0(1115)
[3540.399s][info][gc,heap        ] GC(810) Survivor regions: 111->113(154)
[3540.399s][info][gc,heap        ] GC(810) Old regions: 474->505
[3540.399s][info][gc,heap        ] GC(810) Humongous regions: 80->80
[3540.399s][info][gc,metaspace   ] GC(810) Metaspace: 28860K(29248K)->28860K(29248K) NonClass: 23993K(24192K)->23993K(24192K) Class: 4867K(5056K)->4867K(5056K)
[3540.399s][info][gc             ] GC(810) Pause Young (Concurrent Start) (G1 Evacuation Pause) 3562M->1394M(4096M) 120.312ms
[3540.399s][info][gc             ] GC(811) Concurrent Mark Cycle
[3540.399s][info][gc,marking     ] GC(811) Concurrent Scan Root Regions
[3540.399s][info][gc,cpu         ] GC(810) User=0.71s Sys=0.00s Real=0.12s
.[3540.539s][info][gc,marking     ] GC(811) Concurrent Scan Root Regions 139.769ms
[3540.539s][info][gc,marking     ] GC(811) Concurrent Mark
[3540.539s][info][gc,marking     ] GC(811) Concurrent Mark From Roots
[3540.539s][info][gc,task        ] GC(811) Using 2 workers of 2 for marking
[3541.228s][info][gc,marking     ] GC(811) Concurrent Mark From Roots 689.466ms
[3541.228s][info][gc,marking     ] GC(811) Concurrent Preclean
[3541.229s][info][gc,marking     ] GC(811) Concurrent Preclean 0.134ms
[3541.229s][info][gc,start       ] GC(811) Pause Remark
[3541.235s][info][gc             ] GC(811) Pause Remark 2064M->2064M(4096M) 5.611ms
[3541.235s][info][gc,cpu         ] GC(811) User=0.03s Sys=0.00s Real=0.00s
[3541.235s][info][gc,marking     ] GC(811) Concurrent Mark 696.248ms
[3541.235s][info][gc,marking     ] GC(811) Concurrent Rebuild Remembered Sets and Scrub Regions
[3541.487s][info][gc,marking     ] GC(811) Concurrent Rebuild Remembered Sets and Scrub Regions 252.126ms
[3541.487s][info][gc,start       ] GC(811) Pause Cleanup
[3541.488s][info][gc             ] GC(811) Pause Cleanup 2240M->2240M(4096M) 0.113ms
[3541.488s][info][gc,cpu         ] GC(811) User=0.00s Sys=0.00s Real=0.00s
[3541.488s][info][gc,marking     ] GC(811) Concurrent Clear Claimed Marks
[3541.488s][info][gc,marking     ] GC(811) Concurrent Clear Claimed Marks 0.028ms
[3541.488s][info][gc,marking     ] GC(811) Concurrent Cleanup for Next Mark
[3541.493s][info][gc,marking     ] GC(811) Concurrent Cleanup for Next Mark 5.127ms
[3541.493s][info][gc             ] GC(811) Concurrent Mark Cycle 1093.861ms
..[3543.370s][info][gc,start       ] GC(812) Pause Young (Prepare Mixed) (G1 Evacuation Pause)
[3543.370s][info][gc,task        ] GC(812) Using 6 workers of 6 for evacuation
[3543.491s][info][gc,phases      ] GC(812)   Pre Evacuate Collection Set: 0.34ms
[3543.491s][info][gc,phases      ] GC(812)   Merge Heap Roots: 0.51ms
[3543.491s][info][gc,phases      ] GC(812)   Evacuate Collection Set: 118.81ms
[3543.491s][info][gc,phases      ] GC(812)   Post Evacuate Collection Set: 0.94ms
[3543.491s][info][gc,phases      ] GC(812)   Other: 0.09ms
[3543.491s][info][gc,heap        ] GC(812) Eden regions: 1115->0(1103)
[3543.491s][info][gc,heap        ] GC(812) Survivor regions: 113->113(154)
[3543.491s][info][gc,heap        ] GC(812) Old regions: 505->536
[3543.491s][info][gc,heap        ] GC(812) Humongous regions: 80->80
[3543.491s][info][gc,metaspace   ] GC(812) Metaspace: 28860K(29248K)->28860K(29248K) NonClass: 23993K(24192K)->23993K(24192K) Class: 4867K(5056K)->4867K(5056K)
[3543.491s][info][gc             ] GC(812) Pause Young (Prepare Mixed) (G1 Evacuation Pause) 3624M->1456M(4096M) 120.846ms
[3543.491s][info][gc,cpu         ] GC(812) User=0.71s Sys=0.00s Real=0.12s
...[3546.244s][info][gc,start       ] GC(813) Pause Young (Mixed) (G1 Evacuation Pause)
[3546.244s][info][gc,task        ] GC(813) Using 6 workers of 6 for evacuation
[3546.379s][info][gc,phases      ] GC(813)   Pre Evacuate Collection Set: 0.39ms
[3546.379s][info][gc,phases      ] GC(813)   Merge Heap Roots: 0.76ms
[3546.379s][info][gc,phases      ] GC(813)   Evacuate Collection Set: 132.73ms
[3546.379s][info][gc,phases      ] GC(813)   Post Evacuate Collection Set: 0.97ms
[3546.379s][info][gc,phases      ] GC(813)   Other: 0.09ms
[3546.379s][info][gc,heap        ] GC(813) Eden regions: 1103->0(1119)
[3546.379s][info][gc,heap        ] GC(813) Survivor regions: 113->109(152)
[3546.379s][info][gc,heap        ] GC(813) Old regions: 536->473
[3546.379s][info][gc,heap        ] GC(813) Humongous regions: 80->80
[3546.379s][info][gc,metaspace   ] GC(813) Metaspace: 28860K(29248K)->28860K(29248K) NonClass: 23993K(24192K)->23993K(24192K) Class: 4867K(5056K)->4867K(5056K)
[3546.379s][info][gc             ] GC(813) Pause Young (Mixed) (G1 Evacuation Pause) 3662M->1321M(4096M) 135.074ms
[3546.379s][info][gc,cpu         ] GC(813) User=0.80s Sys=0.00s Real=0.14s
...[3549.434s][info][gc,start       ] GC(814) Pause Young (Concurrent Start) (G1 Evacuation Pause)
[3549.434s][info][gc,task        ] GC(814) Using 6 workers of 6 for evacuation
[3549.555s][info][gc,phases      ] GC(814)   Pre Evacuate Collection Set: 0.38ms
[3549.555s][info][gc,phases      ] GC(814)   Merge Heap Roots: 0.46ms
[3549.555s][info][gc,phases      ] GC(814)   Evacuate Collection Set: 118.60ms
[3549.555s][info][gc,phases      ] GC(814)   Post Evacuate Collection Set: 0.89ms
[3549.555s][info][gc,phases      ] GC(814)   Other: 0.12ms
[3549.555s][info][gc,heap        ] GC(814) Eden regions: 1119->0(1116)
[3549.555s][info][gc,heap        ] GC(814) Survivor regions: 109->112(154)
[3549.555s][info][gc,heap        ] GC(814) Old regions: 473->505
[3549.555s][info][gc,heap        ] GC(814) Humongous regions: 80->80
[3549.555s][info][gc,metaspace   ] GC(814) Metaspace: 28860K(29248K)->28860K(29248K) NonClass: 23993K(24192K)->23993K(24192K) Class: 4867K(5056K)->4867K(5056K)
[3549.555s][info][gc             ] GC(814) Pause Young (Concurrent Start) (G1 Evacuation Pause) 3559M->1392M(4096M) 120.593ms
[3549.555s][info][gc             ] GC(815) Concurrent Mark Cycle
[3549.555s][info][gc,marking     ] GC(815) Concurrent Scan Root Regions
[3549.555s][info][gc,cpu         ] GC(814) User=0.72s Sys=0.00s Real=0.12s
.[3549.734s][info][gc,marking     ] GC(815) Concurrent Scan Root Regions 179.663ms
[3549.734s][info][gc,marking     ] GC(815) Concurrent Mark
[3549.734s][info][gc,marking     ] GC(815) Concurrent Mark From Roots
[3549.734s][info][gc,task        ] GC(815) Using 2 workers of 2 for marking
.[3550.682s][info][gc,marking     ] GC(815) Concurrent Mark From Roots 947.937ms
[3550.682s][info][gc,marking     ] GC(815) Concurrent Preclean
[3550.683s][info][gc,marking     ] GC(815) Concurrent Preclean 0.137ms
[3550.683s][info][gc,start       ] GC(815) Pause Remark
[3550.689s][info][gc             ] GC(815) Pause Remark 2356M->2356M(4096M) 5.838ms
[3550.689s][info][gc,cpu         ] GC(815) User=0.03s Sys=0.01s Real=0.01s
[3550.690s][info][gc,marking     ] GC(815) Concurrent Mark 955.538ms
[3550.690s][info][gc,marking     ] GC(815) Concurrent Rebuild Remembered Sets and Scrub Regions
[3550.970s][info][gc,marking     ] GC(815) Concurrent Rebuild Remembered Sets and Scrub Regions 279.802ms
[3550.970s][info][gc,start       ] GC(815) Pause Cleanup
[3550.970s][info][gc             ] GC(815) Pause Cleanup 2559M->2559M(4096M) 0.128ms
[3550.970s][info][gc,cpu         ] GC(815) User=0.00s Sys=0.00s Real=0.00s
[3550.971s][info][gc,marking     ] GC(815) Concurrent Clear Claimed Marks
[3550.971s][info][gc,marking     ] GC(815) Concurrent Clear Claimed Marks 0.031ms
[3550.971s][info][gc,marking     ] GC(815) Concurrent Cleanup for Next Mark
[3550.977s][info][gc,marking     ] GC(815) Concurrent Cleanup for Next Mark 5.551ms
[3550.977s][info][gc             ] GC(815) Concurrent Mark Cycle 1422.099ms
.[3552.340s][info][gc,start       ] GC(816) Pause Young (Prepare Mixed) (G1 Evacuation Pause)
[3552.340s][info][gc,task        ] GC(816) Using 6 workers of 6 for evacuation
[3552.457s][info][gc,phases      ] GC(816)   Pre Evacuate Collection Set: 0.35ms
[3552.457s][info][gc,phases      ] GC(816)   Merge Heap Roots: 0.48ms
[3552.457s][info][gc,phases      ] GC(816)   Evacuate Collection Set: 115.50ms
[3552.457s][info][gc,phases      ] GC(816)   Post Evacuate Collection Set: 0.96ms
[3552.457s][info][gc,phases      ] GC(816)   Other: 0.09ms
[3552.457s][info][gc,heap        ] GC(816) Eden regions: 1116->0(1107)
[3552.457s][info][gc,heap        ] GC(816) Survivor regions: 112->111(154)
[3552.457s][info][gc,heap        ] GC(816) Old regions: 505->536
[3552.457s][info][gc,heap        ] GC(816) Humongous regions: 80->80
[3552.457s][info][gc,metaspace   ] GC(816) Metaspace: 28860K(29248K)->28860K(29248K) NonClass: 23993K(24192K)->23993K(24192K) Class: 4867K(5056K)->4867K(5056K)
[3552.457s][info][gc             ] GC(816) Pause Young (Prepare Mixed) (G1 Evacuation Pause) 3624M->1451M(4096M) 117.516ms
[3552.457s][info][gc,cpu         ] GC(816) User=0.69s Sys=0.00s Real=0.11s
...[3555.341s][info][gc,start       ] GC(817) Pause Young (Mixed) (G1 Evacuation Pause)
[3555.341s][info][gc,task        ] GC(817) Using 6 workers of 6 for evacuation
[3555.482s][info][gc,phases      ] GC(817)   Pre Evacuate Collection Set: 0.39ms
[3555.482s][info][gc,phases      ] GC(817)   Merge Heap Roots: 0.83ms
[3555.482s][info][gc,phases      ] GC(817)   Evacuate Collection Set: 138.23ms
[3555.482s][info][gc,phases      ] GC(817)   Post Evacuate Collection Set: 0.95ms
[3555.482s][info][gc,phases      ] GC(817)   Other: 0.09ms
[3555.482s][info][gc,heap        ] GC(817) Eden regions: 1107->0(1118)
[3555.482s][info][gc,heap        ] GC(817) Survivor regions: 111->110(153)
[3555.482s][info][gc,heap        ] GC(817) Old regions: 536->473
[3555.482s][info][gc,heap        ] GC(817) Humongous regions: 80->80
[3555.482s][info][gc,metaspace   ] GC(817) Metaspace: 28860K(29248K)->28860K(29248K) NonClass: 23993K(24192K)->23993K(24192K) Class: 4867K(5056K)->4867K(5056K)
[3555.482s][info][gc             ] GC(817) Pause Young (Mixed) (G1 Evacuation Pause) 3665M->1324M(4096M) 140.649ms
[3555.482s][info][gc,cpu         ] GC(817) User=0.83s Sys=0.00s Real=0.14s
...[3558.405s][info][gc,start       ] GC(818) Pause Young (Concurrent Start) (G1 Evacuation Pause)
[3558.405s][info][gc,task        ] GC(818) Using 6 workers of 6 for evacuation
[3558.523s][info][gc,phases      ] GC(818)   Pre Evacuate Collection Set: 0.40ms
[3558.523s][info][gc,phases      ] GC(818)   Merge Heap Roots: 0.43ms
[3558.523s][info][gc,phases      ] GC(818)   Evacuate Collection Set: 116.58ms
[3558.523s][info][gc,phases      ] GC(818)   Post Evacuate Collection Set: 0.90ms
[3558.523s][info][gc,phases      ] GC(818)   Other: 0.12ms
[3558.523s][info][gc,heap        ] GC(818) Eden regions: 1118->0(1117)
[3558.523s][info][gc,heap        ] GC(818) Survivor regions: 110->111(154)
[3558.523s][info][gc,heap        ] GC(818) Old regions: 473->503
[3558.523s][info][gc,heap        ] GC(818) Humongous regions: 80->80
[3558.523s][info][gc,metaspace   ] GC(818) Metaspace: 28860K(29248K)->28860K(29248K) NonClass: 23993K(24192K)->23993K(24192K) Class: 4867K(5056K)->4867K(5056K)
[3558.523s][info][gc             ] GC(818) Pause Young (Concurrent Start) (G1 Evacuation Pause) 3560M->1387M(4096M) 118.578ms
[3558.523s][info][gc             ] GC(819) Concurrent Mark Cycle
[3558.523s][info][gc,marking     ] GC(819) Concurrent Scan Root Regions
[3558.523s][info][gc,cpu         ] GC(818) User=0.70s Sys=0.00s Real=0.12s
[3558.705s][info][gc,marking     ] GC(819) Concurrent Scan Root Regions 181.779ms
[3558.705s][info][gc,marking     ] GC(819) Concurrent Mark
[3558.705s][info][gc,marking     ] GC(819) Concurrent Mark From Roots
[3558.705s][info][gc,task        ] GC(819) Using 2 workers of 2 for marking
.[3559.598s][info][gc,marking     ] GC(819) Concurrent Mark From Roots 892.783ms
[3559.598s][info][gc,marking     ] GC(819) Concurrent Preclean
[3559.598s][info][gc,marking     ] GC(819) Concurrent Preclean 0.103ms
[3559.598s][info][gc,start       ] GC(819) Pause Remark
[3559.602s][info][gc             ] GC(819) Pause Remark 2268M->2268M(4096M) 4.404ms
[3559.603s][info][gc,cpu         ] GC(819) User=0.02s Sys=0.01s Real=0.00s
[3559.603s][info][gc,marking     ] GC(819) Concurrent Mark 897.590ms
[3559.603s][info][gc,marking     ] GC(819) Concurrent Rebuild Remembered Sets and Scrub Regions
.[3559.849s][info][gc,marking     ] GC(819) Concurrent Rebuild Remembered Sets and Scrub Regions 246.729ms
[3559.850s][info][gc,start       ] GC(819) Pause Cleanup
[3559.850s][info][gc             ] GC(819) Pause Cleanup 2441M->2441M(4096M) 0.111ms
[3559.850s][info][gc,cpu         ] GC(819) User=0.00s Sys=0.00s Real=0.00s
[3559.850s][info][gc,marking     ] GC(819) Concurrent Clear Claimed Marks
[3559.850s][info][gc,marking     ] GC(819) Concurrent Clear Claimed Marks 0.032ms
[3559.850s][info][gc,marking     ] GC(819) Concurrent Cleanup for Next Mark
[3559.861s][info][gc,marking     ] GC(819) Concurrent Cleanup for Next Mark 10.837ms
[3559.861s][info][gc             ] GC(819) Concurrent Mark Cycle 1337.989ms
.[3561.381s][info][gc,start       ] GC(820) Pause Young (Prepare Mixed) (G1 Evacuation Pause)
[3561.381s][info][gc,task        ] GC(820) Using 6 workers of 6 for evacuation
[3561.502s][info][gc,phases      ] GC(820)   Pre Evacuate Collection Set: 0.33ms
[3561.502s][info][gc,phases      ] GC(820)   Merge Heap Roots: 0.54ms
[3561.502s][info][gc,phases      ] GC(820)   Evacuate Collection Set: 119.17ms
[3561.502s][info][gc,phases      ] GC(820)   Post Evacuate Collection Set: 0.94ms
[3561.502s][info][gc,phases      ] GC(820)   Other: 0.08ms
[3561.502s][info][gc,heap        ] GC(820) Eden regions: 1117->0(1108)
[3561.502s][info][gc,heap        ] GC(820) Survivor regions: 111->111(154)
[3561.502s][info][gc,heap        ] GC(820) Old regions: 503->535
[3561.502s][info][gc,heap        ] GC(820) Humongous regions: 80->80
[3561.502s][info][gc,metaspace   ] GC(820) Metaspace: 28860K(29248K)->28860K(29248K) NonClass: 23993K(24192K)->23993K(24192K) Class: 4867K(5056K)->4867K(5056K)
[3561.502s][info][gc             ] GC(820) Pause Young (Prepare Mixed) (G1 Evacuation Pause) 3621M->1450M(4096M) 121.197ms
[3561.502s][info][gc,cpu         ] GC(820) User=0.72s Sys=0.00s Real=0.12s
...[3564.427s][info][gc,start       ] GC(821) Pause Young (Mixed) (G1 Evacuation Pause)
[3564.427s][info][gc,task        ] GC(821) Using 6 workers of 6 for evacuation
[3564.560s][info][gc,phases      ] GC(821)   Pre Evacuate Collection Set: 0.38ms
[3564.560s][info][gc,phases      ] GC(821)   Merge Heap Roots: 0.64ms
[3564.560s][info][gc,phases      ] GC(821)   Evacuate Collection Set: 131.22ms
[3564.560s][info][gc,phases      ] GC(821)   Post Evacuate Collection Set: 0.93ms
[3564.560s][info][gc,phases      ] GC(821)   Other: 0.09ms
[3564.560s][info][gc,heap        ] GC(821) Eden regions: 1108->0(1119)
[3564.560s][info][gc,heap        ] GC(821) Survivor regions: 111->109(153)
[3564.560s][info][gc,heap        ] GC(821) Old regions: 535->474
[3564.560s][info][gc,heap        ] GC(821) Humongous regions: 80->80
[3564.560s][info][gc,metaspace   ] GC(821) Metaspace: 28860K(29248K)->28860K(29248K) NonClass: 23993K(24192K)->23993K(24192K) Class: 4867K(5056K)->4867K(5056K)
[3564.560s][info][gc             ] GC(821) Pause Young (Mixed) (G1 Evacuation Pause) 3666M->1324M(4096M) 133.425ms
[3564.560s][info][gc,cpu         ] GC(821) User=0.79s Sys=0.01s Real=0.14s
...[3567.471s][info][gc,start       ] GC(822) Pause Young (Concurrent Start) (G1 Evacuation Pause)
[3567.471s][info][gc,task        ] GC(822) Using 6 workers of 6 for evacuation
[3567.593s][info][gc,phases      ] GC(822)   Pre Evacuate Collection Set: 0.37ms
[3567.593s][info][gc,phases      ] GC(822)   Merge Heap Roots: 0.45ms
[3567.593s][info][gc,phases      ] GC(822)   Evacuate Collection Set: 120.15ms
[3567.593s][info][gc,phases      ] GC(822)   Post Evacuate Collection Set: 0.87ms
[3567.593s][info][gc,phases      ] GC(822)   Other: 0.13ms
[3567.593s][info][gc,heap        ] GC(822) Eden regions: 1119->0(1113)
[3567.593s][info][gc,heap        ] GC(822) Survivor regions: 109->115(154)
[3567.593s][info][gc,heap        ] GC(822) Old regions: 474->504
[3567.593s][info][gc,heap        ] GC(822) Humongous regions: 80->80
[3567.593s][info][gc,metaspace   ] GC(822) Metaspace: 28860K(29248K)->28860K(29248K) NonClass: 23993K(24192K)->23993K(24192K) Class: 4867K(5056K)->4867K(5056K)
[3567.593s][info][gc             ] GC(822) Pause Young (Concurrent Start) (G1 Evacuation Pause) 3562M->1397M(4096M) 122.107ms
[3567.594s][info][gc             ] GC(823) Concurrent Mark Cycle
[3567.594s][info][gc,marking     ] GC(823) Concurrent Scan Root Regions
[3567.594s][info][gc,cpu         ] GC(822) User=0.72s Sys=0.00s Real=0.12s
[3567.773s][info][gc,marking     ] GC(823) Concurrent Scan Root Regions 179.450ms
[3567.773s][info][gc,marking     ] GC(823) Concurrent Mark
[3567.773s][info][gc,marking     ] GC(823) Concurrent Mark From Roots
[3567.773s][info][gc,task        ] GC(823) Using 2 workers of 2 for marking
.[3568.652s][info][gc,marking     ] GC(823) Concurrent Mark From Roots 879.415ms
[3568.653s][info][gc,marking     ] GC(823) Concurrent Preclean
[3568.653s][info][gc,marking     ] GC(823) Concurrent Preclean 0.126ms
[3568.655s][info][gc,start       ] GC(823) Pause Remark
[3568.660s][info][gc             ] GC(823) Pause Remark 2241M->2241M(4096M) 5.066ms
[3568.660s][info][gc,cpu         ] GC(823) User=0.03s Sys=0.00s Real=0.01s
[3568.660s][info][gc,marking     ] GC(823) Concurrent Mark 887.433ms
[3568.660s][info][gc,marking     ] GC(823) Concurrent Rebuild Remembered Sets and Scrub Regions
.[3569.020s][info][gc,marking     ] GC(823) Concurrent Rebuild Remembered Sets and Scrub Regions 359.188ms
[3569.020s][info][gc,start       ] GC(823) Pause Cleanup
[3569.020s][info][gc             ] GC(823) Pause Cleanup 2512M->2512M(4096M) 0.108ms
[3569.020s][info][gc,cpu         ] GC(823) User=0.00s Sys=0.00s Real=0.00s
[3569.020s][info][gc,marking     ] GC(823) Concurrent Clear Claimed Marks
[3569.020s][info][gc,marking     ] GC(823) Concurrent Clear Claimed Marks 0.019ms
[3569.020s][info][gc,marking     ] GC(823) Concurrent Cleanup for Next Mark
[3569.024s][info][gc,marking     ] GC(823) Concurrent Cleanup for Next Mark 4.428ms
[3569.024s][info][gc             ] GC(823) Concurrent Mark Cycle 1430.990ms
.[3570.471s][info][gc,start       ] GC(824) Pause Young (Prepare Mixed) (G1 Evacuation Pause)
[3570.471s][info][gc,task        ] GC(824) Using 6 workers of 6 for evacuation
[3570.590s][info][gc,phases      ] GC(824)   Pre Evacuate Collection Set: 0.32ms
[3570.590s][info][gc,phases      ] GC(824)   Merge Heap Roots: 0.62ms
[3570.590s][info][gc,phases      ] GC(824)   Evacuate Collection Set: 117.78ms
[3570.590s][info][gc,phases      ] GC(824)   Post Evacuate Collection Set: 0.93ms
[3570.590s][info][gc,phases      ] GC(824)   Other: 0.09ms
[3570.590s][info][gc,heap        ] GC(824) Eden regions: 1113->0(1103)
[3570.590s][info][gc,heap        ] GC(824) Survivor regions: 115->113(154)
[3570.590s][info][gc,heap        ] GC(824) Old regions: 504->536
[3570.590s][info][gc,heap        ] GC(824) Humongous regions: 80->80
[3570.590s][info][gc,metaspace   ] GC(824) Metaspace: 28860K(29248K)->28860K(29248K) NonClass: 23993K(24192K)->23993K(24192K) Class: 4867K(5056K)->4867K(5056K)
[3570.590s][info][gc             ] GC(824) Pause Young (Prepare Mixed) (G1 Evacuation Pause) 3623M->1456M(4096M) 119.883ms
[3570.590s][info][gc,cpu         ] GC(824) User=0.71s Sys=0.00s Real=0.12s
...[3573.519s][info][gc,start       ] GC(825) Pause Young (Mixed) (G1 Evacuation Pause)
[3573.519s][info][gc,task        ] GC(825) Using 6 workers of 6 for evacuation
[3573.655s][info][gc,phases      ] GC(825)   Pre Evacuate Collection Set: 0.37ms
[3573.655s][info][gc,phases      ] GC(825)   Merge Heap Roots: 0.81ms
[3573.655s][info][gc,phases      ] GC(825)   Evacuate Collection Set: 134.31ms
[3573.655s][info][gc,phases      ] GC(825)   Post Evacuate Collection Set: 0.97ms
[3573.655s][info][gc,phases      ] GC(825)   Other: 0.09ms
[3573.655s][info][gc,heap        ] GC(825) Eden regions: 1103->0(1118)
[3573.655s][info][gc,heap        ] GC(825) Survivor regions: 113->110(152)
[3573.655s][info][gc,heap        ] GC(825) Old regions: 536->472
[3573.655s][info][gc,heap        ] GC(825) Humongous regions: 80->80
[3573.655s][info][gc,metaspace   ] GC(825) Metaspace: 28860K(29248K)->28860K(29248K) NonClass: 23993K(24192K)->23993K(24192K) Class: 4867K(5056K)->4867K(5056K)
[3573.655s][info][gc             ] GC(825) Pause Young (Mixed) (G1 Evacuation Pause) 3662M->1323M(4096M) 136.691ms
[3573.655s][info][gc,cpu         ] GC(825) User=0.81s Sys=0.00s Real=0.13s
... (rIR:aIR:PR = 6227:6229:6229) (tPR = 92829) [OK] 
  3575s: Performance info:
         Transaction,    Success,    Partial,     Failed,   Receipts, AvgBarcode, 
             Overall,     376505,          0,          0,     357657,      59.47, 
         Response times:
             Request,    Success,    Partial,     Failed,   SkipFail,     Probes,    Samples,      min,      p50,      p90,      p95,      p99,      max, 
       TotalPurchase,     357659,          0,          0,          0,     349683,     423752,      300,     5500,    23000,    49000,   105000,   265000,
     InStorePurchase,     188297,          0,          0,          0,     184655,     223700,      300,     5600,    23000,    49000,   105000,   265000,
      OnlinePurchase,     131704,          0,          0,          0,     128705,     155354,      300,     5400,    23000,    49000,   106000,   234000,
        InstPurchase,      37658,          0,          0,          0,      36323,      44698,      400,     5500,    23000,    49000,   100000,   224000,
          AssocOfCat,        378,          0,          0,          0,        328,        494,    22000,    39000,    75000,   104500,   203200,   253000,
      AssocOfProduct,       3776,          0,          0,          0,       3512,       4448,      400,     6200,    22000,    50550,   105020,   240000,
      BusinessReport,        931,          0,          0,          0,        790,       1069,    28000,    47000,    88000,   113000,   193300,   234000,
          CustBuyBeh,       3779,          0,          0,          0,       3509,       4438,      200,     6700,    25000,    59000,   115610,   183000,
       ProductReturn,       9982,          0,          0,          0,       9483,      11970,      200,     6200,    24000,    52000,   111000,   167000,

  3575s: (46%)   IR =   6365 [3576.609s][info][gc,start       ] GC(826) Pause Young (Concurrent Start) (G1 Evacuation Pause)
[3576.609s][info][gc,task        ] GC(826) Using 6 workers of 6 for evacuation
[3576.728s][info][gc,phases      ] GC(826)   Pre Evacuate Collection Set: 0.36ms
[3576.728s][info][gc,phases      ] GC(826)   Merge Heap Roots: 0.49ms
[3576.728s][info][gc,phases      ] GC(826)   Evacuate Collection Set: 116.13ms
[3576.728s][info][gc,phases      ] GC(826)   Post Evacuate Collection Set: 0.94ms
[3576.728s][info][gc,phases      ] GC(826)   Other: 0.12ms
[3576.728s][info][gc,heap        ] GC(826) Eden regions: 1118->0(1119)
[3576.728s][info][gc,heap        ] GC(826) Survivor regions: 110->109(154)
[3576.728s][info][gc,heap        ] GC(826) Old regions: 472->504
[3576.728s][info][gc,heap        ] GC(826) Humongous regions: 80->80
[3576.728s][info][gc,metaspace   ] GC(826) Metaspace: 28862K(29248K)->28862K(29248K) NonClass: 23994K(24192K)->23994K(24192K) Class: 4867K(5056K)->4867K(5056K)
[3576.728s][info][gc             ] GC(826) Pause Young (Concurrent Start) (G1 Evacuation Pause) 3559M->1384M(4096M) 118.188ms
[3576.728s][info][gc             ] GC(827) Concurrent Mark Cycle
[3576.728s][info][gc,marking     ] GC(827) Concurrent Scan Root Regions
[3576.728s][info][gc,cpu         ] GC(826) User=0.70s Sys=0.00s Real=0.11s
[3576.865s][info][gc,marking     ] GC(827) Concurrent Scan Root Regions 137.684ms
[3576.865s][info][gc,marking     ] GC(827) Concurrent Mark
[3576.865s][info][gc,marking     ] GC(827) Concurrent Mark From Roots
[3576.865s][info][gc,task        ] GC(827) Using 2 workers of 2 for marking
.[3577.561s][info][gc,marking     ] GC(827) Concurrent Mark From Roots 695.562ms
[3577.561s][info][gc,marking     ] GC(827) Concurrent Preclean
[3577.561s][info][gc,marking     ] GC(827) Concurrent Preclean 0.125ms
[3577.564s][info][gc,start       ] GC(827) Pause Remark
[3577.569s][info][gc             ] GC(827) Pause Remark 2046M->2046M(4096M) 5.401ms
[3577.569s][info][gc,cpu         ] GC(827) User=0.03s Sys=0.00s Real=0.01s
[3577.569s][info][gc,marking     ] GC(827) Concurrent Mark 703.772ms
[3577.569s][info][gc,marking     ] GC(827) Concurrent Rebuild Remembered Sets and Scrub Regions
[3577.836s][info][gc,marking     ] GC(827) Concurrent Rebuild Remembered Sets and Scrub Regions 266.257ms
[3577.836s][info][gc,start       ] GC(827) Pause Cleanup
[3577.836s][info][gc             ] GC(827) Pause Cleanup 2270M->2270M(4096M) 0.129ms
[3577.836s][info][gc,cpu         ] GC(827) User=0.00s Sys=0.00s Real=0.00s
[3577.836s][info][gc,marking     ] GC(827) Concurrent Clear Claimed Marks
[3577.836s][info][gc,marking     ] GC(827) Concurrent Clear Claimed Marks 0.025ms
[3577.836s][info][gc,marking     ] GC(827) Concurrent Cleanup for Next Mark
[3577.842s][info][gc,marking     ] GC(827) Concurrent Cleanup for Next Mark 6.046ms
[3577.842s][info][gc             ] GC(827) Concurrent Mark Cycle 1114.592ms
..[3579.596s][info][gc,start       ] GC(828) Pause Young (Prepare Mixed) (G1 Evacuation Pause)
[3579.596s][info][gc,task        ] GC(828) Using 6 workers of 6 for evacuation
[3579.713s][info][gc,phases      ] GC(828)   Pre Evacuate Collection Set: 0.33ms
[3579.713s][info][gc,phases      ] GC(828)   Merge Heap Roots: 0.51ms
[3579.713s][info][gc,phases      ] GC(828)   Evacuate Collection Set: 115.38ms
[3579.713s][info][gc,phases      ] GC(828)   Post Evacuate Collection Set: 0.92ms
[3579.713s][info][gc,phases      ] GC(828)   Other: 0.09ms
[3579.713s][info][gc,heap        ] GC(828) Eden regions: 1119->0(1111)
[3579.713s][info][gc,heap        ] GC(828) Survivor regions: 109->109(154)
[3579.713s][info][gc,heap        ] GC(828) Old regions: 504->536
[3579.713s][info][gc,heap        ] GC(828) Humongous regions: 80->80
[3579.713s][info][gc,metaspace   ] GC(828) Metaspace: 28862K(29248K)->28862K(29248K) NonClass: 23994K(24192K)->23994K(24192K) Class: 4867K(5056K)->4867K(5056K)
[3579.713s][info][gc             ] GC(828) Pause Young (Prepare Mixed) (G1 Evacuation Pause) 3622M->1448M(4096M) 117.360ms
[3579.713s][info][gc,cpu         ] GC(828) User=0.69s Sys=0.00s Real=0.12s
...[3582.514s][info][gc,start       ] GC(829) Pause Young (Mixed) (G1 Evacuation Pause)
[3582.514s][info][gc,task        ] GC(829) Using 6 workers of 6 for evacuation
[3582.648s][info][gc,phases      ] GC(829)   Pre Evacuate Collection Set: 0.38ms
[3582.648s][info][gc,phases      ] GC(829)   Merge Heap Roots: 0.69ms
[3582.648s][info][gc,phases      ] GC(829)   Evacuate Collection Set: 131.54ms
[3582.648s][info][gc,phases      ] GC(829)   Post Evacuate Collection Set: 0.95ms
[3582.648s][info][gc,phases      ] GC(829)   Other: 0.09ms
[3582.648s][info][gc,heap        ] GC(829) Eden regions: 1111->0(1117)
[3582.648s][info][gc,heap        ] GC(829) Survivor regions: 109->111(153)
[3582.648s][info][gc,heap        ] GC(829) Old regions: 536->472
[3582.648s][info][gc,heap        ] GC(829) Humongous regions: 80->80
[3582.648s][info][gc,metaspace   ] GC(829) Metaspace: 28862K(29248K)->28862K(29248K) NonClass: 23994K(24192K)->23994K(24192K) Class: 4867K(5056K)->4867K(5056K)
[3582.648s][info][gc             ] GC(829) Pause Young (Mixed) (G1 Evacuation Pause) 3670M->1325M(4096M) 133.796ms
[3582.648s][info][gc,cpu         ] GC(829) User=0.79s Sys=0.00s Real=0.13s
...|[3585.436s][info][gc,start       ] GC(830) Pause Young (Concurrent Start) (G1 Evacuation Pause)
[3585.436s][info][gc,task        ] GC(830) Using 6 workers of 6 for evacuation
[3585.556s][info][gc,phases      ] GC(830)   Pre Evacuate Collection Set: 0.37ms
[3585.556s][info][gc,phases      ] GC(830)   Merge Heap Roots: 0.51ms
[3585.556s][info][gc,phases      ] GC(830)   Evacuate Collection Set: 118.72ms
[3585.556s][info][gc,phases      ] GC(830)   Post Evacuate Collection Set: 0.88ms
[3585.556s][info][gc,phases      ] GC(830)   Other: 0.10ms
[3585.556s][info][gc,heap        ] GC(830) Eden regions: 1117->0(1116)
[3585.556s][info][gc,heap        ] GC(830) Survivor regions: 111->112(154)
[3585.556s][info][gc,heap        ] GC(830) Old regions: 472->504
[3585.556s][info][gc,heap        ] GC(830) Humongous regions: 80->80
[3585.556s][info][gc,metaspace   ] GC(830) Metaspace: 28862K(29248K)->28862K(29248K) NonClass: 23994K(24192K)->23994K(24192K) Class: 4867K(5056K)->4867K(5056K)
[3585.556s][info][gc             ] GC(830) Pause Young (Concurrent Start) (G1 Evacuation Pause) 3559M->1391M(4096M) 120.708ms
[3585.556s][info][gc             ] GC(831) Concurrent Mark Cycle
[3585.556s][info][gc,marking     ] GC(831) Concurrent Scan Root Regions
[3585.556s][info][gc,cpu         ] GC(830) User=0.72s Sys=0.00s Real=0.12s
[3585.730s][info][gc,marking     ] GC(831) Concurrent Scan Root Regions 173.428ms
[3585.730s][info][gc,marking     ] GC(831) Concurrent Mark
[3585.730s][info][gc,marking     ] GC(831) Concurrent Mark From Roots
[3585.730s][info][gc,task        ] GC(831) Using 2 workers of 2 for marking
.[3586.694s][info][gc,marking     ] GC(831) Concurrent Mark From Roots 964.506ms
[3586.695s][info][gc,marking     ] GC(831) Concurrent Preclean
[3586.695s][info][gc,marking     ] GC(831) Concurrent Preclean 0.153ms
[3586.695s][info][gc,start       ] GC(831) Pause Remark
[3586.701s][info][gc             ] GC(831) Pause Remark 2319M->2319M(4096M) 5.900ms
[3586.701s][info][gc,cpu         ] GC(831) User=0.04s Sys=0.00s Real=0.01s
[3586.701s][info][gc,marking     ] GC(831) Concurrent Mark 970.921ms
[3586.701s][info][gc,marking     ] GC(831) Concurrent Rebuild Remembered Sets and Scrub Regions
.[3587.107s][info][gc,marking     ] GC(831) Concurrent Rebuild Remembered Sets and Scrub Regions 406.259ms
[3587.107s][info][gc,start       ] GC(831) Pause Cleanup
[3587.107s][info][gc             ] GC(831) Pause Cleanup 2650M->2650M(4096M) 0.126ms
[3587.107s][info][gc,cpu         ] GC(831) User=0.00s Sys=0.00s Real=0.00s
[3587.107s][info][gc,marking     ] GC(831) Concurrent Clear Claimed Marks
[3587.107s][info][gc,marking     ] GC(831) Concurrent Clear Claimed Marks 0.024ms
[3587.107s][info][gc,marking     ] GC(831) Concurrent Cleanup for Next Mark
[3587.112s][info][gc,marking     ] GC(831) Concurrent Cleanup for Next Mark 4.565ms
[3587.112s][info][gc             ] GC(831) Concurrent Mark Cycle 1555.672ms
.[3588.397s][info][gc,start       ] GC(832) Pause Young (Prepare Mixed) (G1 Evacuation Pause)
[3588.397s][info][gc,task        ] GC(832) Using 6 workers of 6 for evacuation
[3588.521s][info][gc,phases      ] GC(832)   Pre Evacuate Collection Set: 0.35ms
[3588.521s][info][gc,phases      ] GC(832)   Merge Heap Roots: 0.62ms
[3588.521s][info][gc,phases      ] GC(832)   Evacuate Collection Set: 121.76ms
[3588.521s][info][gc,phases      ] GC(832)   Post Evacuate Collection Set: 0.93ms
[3588.521s][info][gc,phases      ] GC(832)   Other: 0.09ms
[3588.521s][info][gc,heap        ] GC(832) Eden regions: 1116->0(1104)
[3588.521s][info][gc,heap        ] GC(832) Survivor regions: 112->113(154)
[3588.521s][info][gc,heap        ] GC(832) Old regions: 504->535
[3588.521s][info][gc,heap        ] GC(832) Humongous regions: 80->80
[3588.521s][info][gc,metaspace   ] GC(832) Metaspace: 28862K(29248K)->28862K(29248K) NonClass: 23994K(24192K)->23994K(24192K) Class: 4867K(5056K)->4867K(5056K)
[3588.521s][info][gc             ] GC(832) Pause Young (Prepare Mixed) (G1 Evacuation Pause) 3623M->1455M(4096M) 123.903ms
[3588.521s][info][gc,cpu         ] GC(832) User=0.74s Sys=0.00s Real=0.13s
...[3591.332s][info][gc,start       ] GC(833) Pause Young (Mixed) (G1 Evacuation Pause)
[3591.332s][info][gc,task        ] GC(833) Using 6 workers of 6 for evacuation
[3591.470s][info][gc,phases      ] GC(833)   Pre Evacuate Collection Set: 0.35ms
[3591.470s][info][gc,phases      ] GC(833)   Merge Heap Roots: 0.64ms
[3591.470s][info][gc,phases      ] GC(833)   Evacuate Collection Set: 135.58ms
[3591.470s][info][gc,phases      ] GC(833)   Post Evacuate Collection Set: 1.00ms
[3591.470s][info][gc,phases      ] GC(833)   Other: 0.08ms
[3591.470s][info][gc,heap        ] GC(833) Eden regions: 1104->0(1115)
[3591.470s][info][gc,heap        ] GC(833) Survivor regions: 113->113(153)
[3591.470s][info][gc,heap        ] GC(833) Old regions: 535->473
[3591.470s][info][gc,heap        ] GC(833) Humongous regions: 80->80
[3591.470s][info][gc,metaspace   ] GC(833) Metaspace: 28862K(29248K)->28862K(29248K) NonClass: 23994K(24192K)->23994K(24192K) Class: 4867K(5056K)->4867K(5056K)
[3591.470s][info][gc             ] GC(833) Pause Young (Mixed) (G1 Evacuation Pause) 3663M->1330M(4096M) 137.777ms
[3591.470s][info][gc,cpu         ] GC(833) User=0.82s Sys=0.00s Real=0.14s
...[3594.312s][info][gc,start       ] GC(834) Pause Young (Concurrent Start) (G1 Evacuation Pause)
[3594.312s][info][gc,task        ] GC(834) Using 6 workers of 6 for evacuation
[3594.429s][info][gc,phases      ] GC(834)   Pre Evacuate Collection Set: 0.39ms
[3594.429s][info][gc,phases      ] GC(834)   Merge Heap Roots: 0.47ms
[3594.429s][info][gc,phases      ] GC(834)   Evacuate Collection Set: 115.31ms
[3594.429s][info][gc,phases      ] GC(834)   Post Evacuate Collection Set: 0.88ms
[3594.429s][info][gc,phases      ] GC(834)   Other: 0.11ms
[3594.429s][info][gc,heap        ] GC(834) Eden regions: 1115->0(1119)
[3594.429s][info][gc,heap        ] GC(834) Survivor regions: 113->109(154)
[3594.429s][info][gc,heap        ] GC(834) Old regions: 473->506
[3594.429s][info][gc,heap        ] GC(834) Humongous regions: 80->80
[3594.429s][info][gc,metaspace   ] GC(834) Metaspace: 28862K(29248K)->28862K(29248K) NonClass: 23994K(24192K)->23994K(24192K) Class: 4867K(5056K)->4867K(5056K)
[3594.429s][info][gc             ] GC(834) Pause Young (Concurrent Start) (G1 Evacuation Pause) 3560M->1388M(4096M) 117.301ms
[3594.429s][info][gc             ] GC(835) Concurrent Mark Cycle
[3594.429s][info][gc,marking     ] GC(835) Concurrent Scan Root Regions
[3594.429s][info][gc,cpu         ] GC(834) User=0.69s Sys=0.00s Real=0.12s
[3594.562s][info][gc,marking     ] GC(835) Concurrent Scan Root Regions 133.094ms
[3594.562s][info][gc,marking     ] GC(835) Concurrent Mark
[3594.562s][info][gc,marking     ] GC(835) Concurrent Mark From Roots
[3594.562s][info][gc,task        ] GC(835) Using 2 workers of 2 for marking
.[3595.254s][info][gc,marking     ] GC(835) Concurrent Mark From Roots 691.702ms
[3595.254s][info][gc,marking     ] GC(835) Concurrent Preclean
[3595.254s][info][gc,marking     ] GC(835) Concurrent Preclean 0.112ms
[3595.256s][info][gc,start       ] GC(835) Pause Remark
[3595.261s][info][gc             ] GC(835) Pause Remark 2060M->2060M(4096M) 5.449ms
[3595.261s][info][gc,cpu         ] GC(835) User=0.03s Sys=0.00s Real=0.01s
[3595.261s][info][gc,marking     ] GC(835) Concurrent Mark 698.994ms
[3595.261s][info][gc,marking     ] GC(835) Concurrent Rebuild Remembered Sets and Scrub Regions
[3595.615s][info][gc,marking     ] GC(835) Concurrent Rebuild Remembered Sets and Scrub Regions 353.502ms
[3595.615s][info][gc,start       ] GC(835) Pause Cleanup
[3595.615s][info][gc             ] GC(835) Pause Cleanup 2337M->2337M(4096M) 0.115ms
[3595.615s][info][gc,cpu         ] GC(835) User=0.00s Sys=0.00s Real=0.00s
[3595.617s][info][gc,marking     ] GC(835) Concurrent Clear Claimed Marks
[3595.617s][info][gc,marking     ] GC(835) Concurrent Clear Claimed Marks 0.038ms
[3595.617s][info][gc,marking     ] GC(835) Concurrent Cleanup for Next Mark
[3595.625s][info][gc,marking     ] GC(835) Concurrent Cleanup for Next Mark 7.275ms
[3595.625s][info][gc             ] GC(835) Concurrent Mark Cycle 1195.546ms
..[3597.283s][info][gc,start       ] GC(836) Pause Young (Prepare Mixed) (G1 Evacuation Pause)
[3597.283s][info][gc,task        ] GC(836) Using 6 workers of 6 for evacuation
[3597.400s][info][gc,phases      ] GC(836)   Pre Evacuate Collection Set: 0.32ms
[3597.400s][info][gc,phases      ] GC(836)   Merge Heap Roots: 0.50ms
[3597.400s][info][gc,phases      ] GC(836)   Evacuate Collection Set: 114.65ms
[3597.400s][info][gc,phases      ] GC(836)   Post Evacuate Collection Set: 0.89ms
[3597.400s][info][gc,phases      ] GC(836)   Other: 0.09ms
[3597.400s][info][gc,heap        ] GC(836) Eden regions: 1119->0(1106)
[3597.400s][info][gc,heap        ] GC(836) Survivor regions: 109->111(154)
[3597.400s][info][gc,heap        ] GC(836) Old regions: 506->537
[3597.400s][info][gc,heap        ] GC(836) Humongous regions: 80->80
[3597.400s][info][gc,metaspace   ] GC(836) Metaspace: 28862K(29248K)->28862K(29248K) NonClass: 23994K(24192K)->23994K(24192K) Class: 4867K(5056K)->4867K(5056K)
[3597.400s][info][gc             ] GC(836) Pause Young (Prepare Mixed) (G1 Evacuation Pause) 3626M->1455M(4096M) 116.600ms
[3597.400s][info][gc,cpu         ] GC(836) User=0.69s Sys=0.00s Real=0.12s
...[3600.218s][info][gc,start       ] GC(837) Pause Young (Mixed) (G1 Evacuation Pause)
[3600.218s][info][gc,task        ] GC(837) Using 6 workers of 6 for evacuation
[3600.352s][info][gc,phases      ] GC(837)   Pre Evacuate Collection Set: 0.38ms
[3600.352s][info][gc,phases      ] GC(837)   Merge Heap Roots: 0.74ms
[3600.352s][info][gc,phases      ] GC(837)   Evacuate Collection Set: 131.64ms
[3600.352s][info][gc,phases      ] GC(837)   Post Evacuate Collection Set: 0.93ms
[3600.352s][info][gc,phases      ] GC(837)   Other: 0.09ms
[3600.352s][info][gc,heap        ] GC(837) Eden regions: 1106->0(1119)
[3600.352s][info][gc,heap        ] GC(837) Survivor regions: 111->109(153)
[3600.352s][info][gc,heap        ] GC(837) Old regions: 537->474
[3600.352s][info][gc,heap        ] GC(837) Humongous regions: 80->80
[3600.352s][info][gc,metaspace   ] GC(837) Metaspace: 28862K(29248K)->28862K(29248K) NonClass: 23994K(24192K)->23994K(24192K) Class: 4867K(5056K)->4867K(5056K)
[3600.352s][info][gc             ] GC(837) Pause Young (Mixed) (G1 Evacuation Pause) 3667M->1325M(4096M) 133.922ms
[3600.352s][info][gc,cpu         ] GC(837) User=0.80s Sys=0.00s Real=0.13s
...[3603.243s][info][gc,start       ] GC(838) Pause Young (Concurrent Start) (G1 Evacuation Pause)
[3603.243s][info][gc,task        ] GC(838) Using 6 workers of 6 for evacuation
[3603.361s][info][gc,phases      ] GC(838)   Pre Evacuate Collection Set: 0.41ms
[3603.361s][info][gc,phases      ] GC(838)   Merge Heap Roots: 0.56ms
[3603.361s][info][gc,phases      ] GC(838)   Evacuate Collection Set: 116.69ms
[3603.361s][info][gc,phases      ] GC(838)   Post Evacuate Collection Set: 0.87ms
[3603.361s][info][gc,phases      ] GC(838)   Other: 0.13ms
[3603.361s][info][gc,heap        ] GC(838) Eden regions: 1119->0(1118)
[3603.361s][info][gc,heap        ] GC(838) Survivor regions: 109->110(154)
[3603.361s][info][gc,heap        ] GC(838) Old regions: 474->506
[3603.361s][info][gc,heap        ] GC(838) Humongous regions: 80->80
[3603.361s][info][gc,metaspace   ] GC(838) Metaspace: 28862K(29248K)->28862K(29248K) NonClass: 23994K(24192K)->23994K(24192K) Class: 4867K(5056K)->4867K(5056K)
[3603.361s][info][gc             ] GC(838) Pause Young (Concurrent Start) (G1 Evacuation Pause) 3563M->1390M(4096M) 118.796ms
[3603.361s][info][gc             ] GC(839) Concurrent Mark Cycle
[3603.361s][info][gc,marking     ] GC(839) Concurrent Scan Root Regions
[3603.361s][info][gc,cpu         ] GC(838) User=0.70s Sys=0.00s Real=0.12s
[3603.538s][info][gc,marking     ] GC(839) Concurrent Scan Root Regions 176.851ms
[3603.538s][info][gc,marking     ] GC(839) Concurrent Mark
[3603.538s][info][gc,marking     ] GC(839) Concurrent Mark From Roots
[3603.538s][info][gc,task        ] GC(839) Using 2 workers of 2 for marking
.[3604.462s][info][gc,marking     ] GC(839) Concurrent Mark From Roots 923.737ms
[3604.462s][info][gc,marking     ] GC(839) Concurrent Preclean
[3604.462s][info][gc,marking     ] GC(839) Concurrent Preclean 0.130ms
[3604.464s][info][gc,start       ] GC(839) Pause Remark
[3604.470s][info][gc             ] GC(839) Pause Remark 2306M->2306M(4096M) 5.230ms
[3604.470s][info][gc,cpu         ] GC(839) User=0.03s Sys=0.00s Real=0.01s
[3604.470s][info][gc,marking     ] GC(839) Concurrent Mark 931.598ms
[3604.470s][info][gc,marking     ] GC(839) Concurrent Rebuild Remembered Sets and Scrub Regions
[3604.783s][info][gc,marking     ] GC(839) Concurrent Rebuild Remembered Sets and Scrub Regions 313.559ms
[3604.784s][info][gc,start       ] GC(839) Pause Cleanup
[3604.784s][info][gc             ] GC(839) Pause Cleanup 2557M->2557M(4096M) 0.108ms
[3604.784s][info][gc,cpu         ] GC(839) User=0.00s Sys=0.00s Real=0.00s
[3604.784s][info][gc,marking     ] GC(839) Concurrent Clear Claimed Marks
[3604.784s][info][gc,marking     ] GC(839) Concurrent Clear Claimed Marks 0.022ms
[3604.784s][info][gc,marking     ] GC(839) Concurrent Cleanup for Next Mark
[3604.788s][info][gc,marking     ] GC(839) Concurrent Cleanup for Next Mark 3.967ms
[3604.788s][info][gc             ] GC(839) Concurrent Mark Cycle 1426.439ms
..[3606.186s][info][gc,start       ] GC(840) Pause Young (Prepare Mixed) (G1 Evacuation Pause)
[3606.186s][info][gc,task        ] GC(840) Using 6 workers of 6 for evacuation
[3606.308s][info][gc,phases      ] GC(840)   Pre Evacuate Collection Set: 0.35ms
[3606.308s][info][gc,phases      ] GC(840)   Merge Heap Roots: 0.60ms
[3606.308s][info][gc,phases      ] GC(840)   Evacuate Collection Set: 119.48ms
[3606.308s][info][gc,phases      ] GC(840)   Post Evacuate Collection Set: 0.95ms
[3606.308s][info][gc,phases      ] GC(840)   Other: 0.09ms
[3606.308s][info][gc,heap        ] GC(840) Eden regions: 1118->0(1101)
[3606.308s][info][gc,heap        ] GC(840) Survivor regions: 110->113(154)
[3606.308s][info][gc,heap        ] GC(840) Old regions: 506->538
[3606.308s][info][gc,heap        ] GC(840) Humongous regions: 80->80
[3606.308s][info][gc,metaspace   ] GC(840) Metaspace: 28862K(29248K)->28862K(29248K) NonClass: 23994K(24192K)->23994K(24192K) Class: 4867K(5056K)->4867K(5056K)
[3606.308s][info][gc             ] GC(840) Pause Young (Prepare Mixed) (G1 Evacuation Pause) 3626M->1459M(4096M) 121.601ms
[3606.308s][info][gc,cpu         ] GC(840) User=0.72s Sys=0.00s Real=0.12s
...[3609.068s][info][gc,start       ] GC(841) Pause Young (Mixed) (G1 Evacuation Pause)
[3609.068s][info][gc,task        ] GC(841) Using 6 workers of 6 for evacuation
[3609.209s][info][gc,phases      ] GC(841)   Pre Evacuate Collection Set: 0.36ms
[3609.209s][info][gc,phases      ] GC(841)   Merge Heap Roots: 0.89ms
[3609.209s][info][gc,phases      ] GC(841)   Evacuate Collection Set: 138.86ms
[3609.209s][info][gc,phases      ] GC(841)   Post Evacuate Collection Set: 0.95ms
[3609.209s][info][gc,phases      ] GC(841)   Other: 0.09ms
[3609.209s][info][gc,heap        ] GC(841) Eden regions: 1101->0(1116)
[3609.209s][info][gc,heap        ] GC(841) Survivor regions: 113->112(152)
[3609.209s][info][gc,heap        ] GC(841) Old regions: 538->473
[3609.209s][info][gc,heap        ] GC(841) Humongous regions: 80->80
[3609.209s][info][gc,metaspace   ] GC(841) Metaspace: 28862K(29248K)->28862K(29248K) NonClass: 23994K(24192K)->23994K(24192K) Class: 4867K(5056K)->4867K(5056K)
[3609.209s][info][gc             ] GC(841) Pause Young (Mixed) (G1 Evacuation Pause) 3661M->1328M(4096M) 141.282ms
[3609.209s][info][gc,cpu         ] GC(841) User=0.84s Sys=0.00s Real=0.14s
..[3612.031s][info][gc,start       ] GC(842) Pause Young (Concurrent Start) (G1 Evacuation Pause)
[3612.031s][info][gc,task        ] GC(842) Using 6 workers of 6 for evacuation
[3612.146s][info][gc,phases      ] GC(842)   Pre Evacuate Collection Set: 0.42ms
[3612.146s][info][gc,phases      ] GC(842)   Merge Heap Roots: 0.46ms
[3612.146s][info][gc,phases      ] GC(842)   Evacuate Collection Set: 113.18ms
[3612.146s][info][gc,phases      ] GC(842)   Post Evacuate Collection Set: 0.88ms
[3612.146s][info][gc,phases      ] GC(842)   Other: 0.11ms
[3612.146s][info][gc,heap        ] GC(842) Eden regions: 1116->0(1120)
[3612.146s][info][gc,heap        ] GC(842) Survivor regions: 112->108(154)
[3612.146s][info][gc,heap        ] GC(842) Old regions: 473->506
[3612.146s][info][gc,heap        ] GC(842) Humongous regions: 80->80
[3612.146s][info][gc,metaspace   ] GC(842) Metaspace: 28862K(29248K)->28862K(29248K) NonClass: 23994K(24192K)->23994K(24192K) Class: 4867K(5056K)->4867K(5056K)
[3612.146s][info][gc             ] GC(842) Pause Young (Concurrent Start) (G1 Evacuation Pause) 3560M->1386M(4096M) 115.185ms
[3612.146s][info][gc             ] GC(843) Concurrent Mark Cycle
[3612.146s][info][gc,marking     ] GC(843) Concurrent Scan Root Regions
[3612.146s][info][gc,cpu         ] GC(842) User=0.68s Sys=0.00s Real=0.11s
.[3612.315s][info][gc,marking     ] GC(843) Concurrent Scan Root Regions 169.192ms
[3612.315s][info][gc,marking     ] GC(843) Concurrent Mark
[3612.315s][info][gc,marking     ] GC(843) Concurrent Mark From Roots
[3612.315s][info][gc,task        ] GC(843) Using 2 workers of 2 for marking
[3613.188s][info][gc,marking     ] GC(843) Concurrent Mark From Roots 872.518ms
[3613.188s][info][gc,marking     ] GC(843) Concurrent Preclean
[3613.188s][info][gc,marking     ] GC(843) Concurrent Preclean 0.123ms
[3613.188s][info][gc,start       ] GC(843) Pause Remark
[3613.193s][info][gc             ] GC(843) Pause Remark 2218M->2218M(4096M) 4.856ms
[3613.193s][info][gc,cpu         ] GC(843) User=0.02s Sys=0.00s Real=0.00s
[3613.193s][info][gc,marking     ] GC(843) Concurrent Mark 878.091ms
[3613.193s][info][gc,marking     ] GC(843) Concurrent Rebuild Remembered Sets and Scrub Regions
.[3613.538s][info][gc,marking     ] GC(843) Concurrent Rebuild Remembered Sets and Scrub Regions 344.806ms
[3613.538s][info][gc,start       ] GC(843) Pause Cleanup
[3613.538s][info][gc             ] GC(843) Pause Cleanup 2525M->2525M(4096M) 0.125ms
[3613.538s][info][gc,cpu         ] GC(843) User=0.00s Sys=0.00s Real=0.00s
[3613.538s][info][gc,marking     ] GC(843) Concurrent Clear Claimed Marks
[3613.538s][info][gc,marking     ] GC(843) Concurrent Clear Claimed Marks 0.028ms
[3613.538s][info][gc,marking     ] GC(843) Concurrent Cleanup for Next Mark
[3613.543s][info][gc,marking     ] GC(843) Concurrent Cleanup for Next Mark 4.759ms
[3613.543s][info][gc             ] GC(843) Concurrent Mark Cycle 1397.385ms
.[3615.032s][info][gc,start       ] GC(844) Pause Young (Prepare Mixed) (G1 Evacuation Pause)
[3615.032s][info][gc,task        ] GC(844) Using 6 workers of 6 for evacuation
[3615.148s][info][gc,phases      ] GC(844)   Pre Evacuate Collection Set: 0.33ms
[3615.148s][info][gc,phases      ] GC(844)   Merge Heap Roots: 0.58ms
[3615.148s][info][gc,phases      ] GC(844)   Evacuate Collection Set: 113.29ms
[3615.148s][info][gc,phases      ] GC(844)   Post Evacuate Collection Set: 0.96ms
[3615.148s][info][gc,phases      ] GC(844)   Other: 0.09ms
[3615.148s][info][gc,heap        ] GC(844) Eden regions: 1120->0(1112)
[3615.148s][info][gc,heap        ] GC(844) Survivor regions: 108->108(154)
[3615.148s][info][gc,heap        ] GC(844) Old regions: 506->537
[3615.148s][info][gc,heap        ] GC(844) Humongous regions: 80->80
[3615.148s][info][gc,metaspace   ] GC(844) Metaspace: 28862K(29248K)->28862K(29248K) NonClass: 23994K(24192K)->23994K(24192K) Class: 4867K(5056K)->4867K(5056K)
[3615.148s][info][gc             ] GC(844) Pause Young (Prepare Mixed) (G1 Evacuation Pause) 3626M->1449M(4096M) 115.372ms
[3615.148s][info][gc,cpu         ] GC(844) User=0.68s Sys=0.00s Real=0.11s
...[3617.985s][info][gc,start       ] GC(845) Pause Young (Mixed) (G1 Evacuation Pause)
[3617.985s][info][gc,task        ] GC(845) Using 6 workers of 6 for evacuation
[3618.122s][info][gc,phases      ] GC(845)   Pre Evacuate Collection Set: 0.39ms
[3618.122s][info][gc,phases      ] GC(845)   Merge Heap Roots: 0.67ms
[3618.122s][info][gc,phases      ] GC(845)   Evacuate Collection Set: 134.81ms
[3618.122s][info][gc,phases      ] GC(845)   Post Evacuate Collection Set: 0.94ms
[3618.122s][info][gc,phases      ] GC(845)   Other: 0.10ms
[3618.122s][info][gc,heap        ] GC(845) Eden regions: 1112->0(1116)
[3618.122s][info][gc,heap        ] GC(845) Survivor regions: 108->112(153)
[3618.122s][info][gc,heap        ] GC(845) Old regions: 537->475
[3618.122s][info][gc,heap        ] GC(845) Humongous regions: 80->80
[3618.122s][info][gc,metaspace   ] GC(845) Metaspace: 28862K(29248K)->28862K(29248K) NonClass: 23994K(24192K)->23994K(24192K) Class: 4867K(5056K)->4867K(5056K)
[3618.122s][info][gc             ] GC(845) Pause Young (Mixed) (G1 Evacuation Pause) 3673M->1331M(4096M) 137.045ms
[3618.122s][info][gc,cpu         ] GC(845) User=0.81s Sys=0.00s Real=0.14s
...[3620.931s][info][gc,start       ] GC(846) Pause Young (Concurrent Start) (G1 Evacuation Pause)
[3620.931s][info][gc,task        ] GC(846) Using 6 workers of 6 for evacuation
[3621.051s][info][gc,phases      ] GC(846)   Pre Evacuate Collection Set: 0.37ms
[3621.051s][info][gc,phases      ] GC(846)   Merge Heap Roots: 0.52ms
[3621.051s][info][gc,phases      ] GC(846)   Evacuate Collection Set: 118.57ms
[3621.051s][info][gc,phases      ] GC(846)   Post Evacuate Collection Set: 0.90ms
[3621.051s][info][gc,phases      ] GC(846)   Other: 0.11ms
[3621.051s][info][gc,heap        ] GC(846) Eden regions: 1116->0(1117)
[3621.051s][info][gc,heap        ] GC(846) Survivor regions: 112->111(154)
[3621.051s][info][gc,heap        ] GC(846) Old regions: 475->507
[3621.051s][info][gc,heap        ] GC(846) Humongous regions: 80->80
[3621.051s][info][gc,metaspace   ] GC(846) Metaspace: 28862K(29248K)->28862K(29248K) NonClass: 23994K(24192K)->23994K(24192K) Class: 4867K(5056K)->4867K(5056K)
[3621.051s][info][gc             ] GC(846) Pause Young (Concurrent Start) (G1 Evacuation Pause) 3563M->1393M(4096M) 120.612ms
[3621.051s][info][gc             ] GC(847) Concurrent Mark Cycle
[3621.051s][info][gc,marking     ] GC(847) Concurrent Scan Root Regions
[3621.051s][info][gc,cpu         ] GC(846) User=0.72s Sys=0.00s Real=0.12s
[3621.223s][info][gc,marking     ] GC(847) Concurrent Scan Root Regions 172.157ms
[3621.224s][info][gc,marking     ] GC(847) Concurrent Mark
[3621.224s][info][gc,marking     ] GC(847) Concurrent Mark From Roots
[3621.224s][info][gc,task        ] GC(847) Using 2 workers of 2 for marking
.[3622.170s][info][gc,marking     ] GC(847) Concurrent Mark From Roots 946.861ms
[3622.170s][info][gc,marking     ] GC(847) Concurrent Preclean
[3622.171s][info][gc,marking     ] GC(847) Concurrent Preclean 0.118ms
[3622.171s][info][gc,start       ] GC(847) Pause Remark
[3622.176s][info][gc             ] GC(847) Pause Remark 2330M->2330M(4096M) 5.712ms
[3622.176s][info][gc,cpu         ] GC(847) User=0.03s Sys=0.00s Real=0.00s
[3622.176s][info][gc,marking     ] GC(847) Concurrent Mark 952.934ms
[3622.176s][info][gc,marking     ] GC(847) Concurrent Rebuild Remembered Sets and Scrub Regions
.[3622.540s][info][gc,marking     ] GC(847) Concurrent Rebuild Remembered Sets and Scrub Regions 363.874ms
[3622.541s][info][gc,start       ] GC(847) Pause Cleanup
[3622.541s][info][gc             ] GC(847) Pause Cleanup 2633M->2633M(4096M) 0.130ms
[3622.541s][info][gc,cpu         ] GC(847) User=0.00s Sys=0.00s Real=0.00s
[3622.542s][info][gc,marking     ] GC(847) Concurrent Clear Claimed Marks
[3622.542s][info][gc,marking     ] GC(847) Concurrent Clear Claimed Marks 0.032ms
[3622.542s][info][gc,marking     ] GC(847) Concurrent Cleanup for Next Mark
[3622.548s][info][gc,marking     ] GC(847) Concurrent Cleanup for Next Mark 5.145ms
[3622.548s][info][gc             ] GC(847) Concurrent Mark Cycle 1496.441ms
.[3623.884s][info][gc,start       ] GC(848) Pause Young (Prepare Mixed) (G1 Evacuation Pause)
[3623.884s][info][gc,task        ] GC(848) Using 6 workers of 6 for evacuation
[3624.002s][info][gc,phases      ] GC(848)   Pre Evacuate Collection Set: 0.33ms
[3624.002s][info][gc,phases      ] GC(848)   Merge Heap Roots: 0.51ms
[3624.002s][info][gc,phases      ] GC(848)   Evacuate Collection Set: 116.08ms
[3624.002s][info][gc,phases      ] GC(848)   Post Evacuate Collection Set: 0.93ms
[3624.002s][info][gc,phases      ] GC(848)   Other: 0.10ms
[3624.002s][info][gc,heap        ] GC(848) Eden regions: 1117->0(1110)
[3624.002s][info][gc,heap        ] GC(848) Survivor regions: 111->108(154)
[3624.002s][info][gc,heap        ] GC(848) Old regions: 507->539
[3624.002s][info][gc,heap        ] GC(848) Humongous regions: 80->80
[3624.002s][info][gc,metaspace   ] GC(848) Metaspace: 28862K(29248K)->28862K(29248K) NonClass: 23994K(24192K)->23994K(24192K) Class: 4867K(5056K)->4867K(5056K)
[3624.002s][info][gc             ] GC(848) Pause Young (Prepare Mixed) (G1 Evacuation Pause) 3627M->1451M(4096M) 118.072ms
[3624.002s][info][gc,cpu         ] GC(848) User=0.70s Sys=0.00s Real=0.12s
...[3626.885s][info][gc,start       ] GC(849) Pause Young (Mixed) (G1 Evacuation Pause)
[3626.885s][info][gc,task        ] GC(849) Using 6 workers of 6 for evacuation
[3627.019s][info][gc,phases      ] GC(849)   Pre Evacuate Collection Set: 0.39ms
[3627.019s][info][gc,phases      ] GC(849)   Merge Heap Roots: 0.66ms
[3627.019s][info][gc,phases      ] GC(849)   Evacuate Collection Set: 132.27ms
[3627.019s][info][gc,phases      ] GC(849)   Post Evacuate Collection Set: 0.95ms
[3627.019s][info][gc,phases      ] GC(849)   Other: 0.09ms
[3627.019s][info][gc,heap        ] GC(849) Eden regions: 1110->0(1117)
[3627.019s][info][gc,heap        ] GC(849) Survivor regions: 108->111(153)
[3627.019s][info][gc,heap        ] GC(849) Old regions: 539->473
[3627.019s][info][gc,heap        ] GC(849) Humongous regions: 80->80
[3627.019s][info][gc,metaspace   ] GC(849) Metaspace: 28862K(29248K)->28862K(29248K) NonClass: 23994K(24192K)->23994K(24192K) Class: 4867K(5056K)->4867K(5056K)
[3627.019s][info][gc             ] GC(849) Pause Young (Mixed) (G1 Evacuation Pause) 3671M->1326M(4096M) 134.503ms
[3627.019s][info][gc,cpu         ] GC(849) User=0.79s Sys=0.00s Real=0.14s
...[3629.815s][info][gc,start       ] GC(850) Pause Young (Concurrent Start) (G1 Evacuation Pause)
[3629.815s][info][gc,task        ] GC(850) Using 6 workers of 6 for evacuation
[3629.931s][info][gc,phases      ] GC(850)   Pre Evacuate Collection Set: 0.44ms
[3629.931s][info][gc,phases      ] GC(850)   Merge Heap Roots: 0.51ms
[3629.931s][info][gc,phases      ] GC(850)   Evacuate Collection Set: 114.16ms
[3629.931s][info][gc,phases      ] GC(850)   Post Evacuate Collection Set: 0.87ms
[3629.931s][info][gc,phases      ] GC(850)   Other: 0.15ms
[3629.931s][info][gc,heap        ] GC(850) Eden regions: 1117->0(1120)
[3629.931s][info][gc,heap        ] GC(850) Survivor regions: 111->108(154)
[3629.931s][info][gc,heap        ] GC(850) Old regions: 473->505
[3629.931s][info][gc,heap        ] GC(850) Humongous regions: 80->80
[3629.931s][info][gc,metaspace   ] GC(850) Metaspace: 28862K(29248K)->28862K(29248K) NonClass: 23994K(24192K)->23994K(24192K) Class: 4867K(5056K)->4867K(5056K)
[3629.931s][info][gc             ] GC(850) Pause Young (Concurrent Start) (G1 Evacuation Pause) 3560M->1384M(4096M) 116.263ms
[3629.931s][info][gc             ] GC(851) Concurrent Mark Cycle
[3629.931s][info][gc,marking     ] GC(851) Concurrent Scan Root Regions
[3629.931s][info][gc,cpu         ] GC(850) User=0.69s Sys=0.00s Real=0.12s
[3630.105s][info][gc,marking     ] GC(851) Concurrent Scan Root Regions 174.046ms
[3630.105s][info][gc,marking     ] GC(851) Concurrent Mark
[3630.105s][info][gc,marking     ] GC(851) Concurrent Mark From Roots
[3630.105s][info][gc,task        ] GC(851) Using 2 workers of 2 for marking
.[3631.029s][info][gc,marking     ] GC(851) Concurrent Mark From Roots 924.247ms
[3631.029s][info][gc,marking     ] GC(851) Concurrent Preclean
[3631.030s][info][gc,marking     ] GC(851) Concurrent Preclean 0.101ms
[3631.030s][info][gc,start       ] GC(851) Pause Remark
[3631.035s][info][gc             ] GC(851) Pause Remark 2281M->2281M(4096M) 5.208ms
[3631.035s][info][gc,cpu         ] GC(851) User=0.03s Sys=0.00s Real=0.00s
[3631.035s][info][gc,marking     ] GC(851) Concurrent Mark 929.828ms
[3631.035s][info][gc,marking     ] GC(851) Concurrent Rebuild Remembered Sets and Scrub Regions
.[3631.328s][info][gc,marking     ] GC(851) Concurrent Rebuild Remembered Sets and Scrub Regions 292.800ms
[3631.328s][info][gc,start       ] GC(851) Pause Cleanup
[3631.329s][info][gc             ] GC(851) Pause Cleanup 2492M->2492M(4096M) 0.128ms
[3631.329s][info][gc,cpu         ] GC(851) User=0.00s Sys=0.00s Real=0.00s
[3631.329s][info][gc,marking     ] GC(851) Concurrent Clear Claimed Marks
[3631.329s][info][gc,marking     ] GC(851) Concurrent Clear Claimed Marks 0.036ms
[3631.329s][info][gc,marking     ] GC(851) Concurrent Cleanup for Next Mark
[3631.334s][info][gc,marking     ] GC(851) Concurrent Cleanup for Next Mark 4.628ms
[3631.334s][info][gc             ] GC(851) Concurrent Mark Cycle 1403.133ms
.[3632.792s][info][gc,start       ] GC(852) Pause Young (Prepare Mixed) (G1 Evacuation Pause)
[3632.792s][info][gc,task        ] GC(852) Using 6 workers of 6 for evacuation
[3632.909s][info][gc,phases      ] GC(852)   Pre Evacuate Collection Set: 0.33ms
[3632.909s][info][gc,phases      ] GC(852)   Merge Heap Roots: 0.64ms
[3632.909s][info][gc,phases      ] GC(852)   Evacuate Collection Set: 114.85ms
[3632.909s][info][gc,phases      ] GC(852)   Post Evacuate Collection Set: 0.90ms
[3632.909s][info][gc,phases      ] GC(852)   Other: 0.09ms
[3632.909s][info][gc,heap        ] GC(852) Eden regions: 1120->0(1112)
[3632.909s][info][gc,heap        ] GC(852) Survivor regions: 108->108(154)
[3632.909s][info][gc,heap        ] GC(852) Old regions: 505->537
[3632.909s][info][gc,heap        ] GC(852) Humongous regions: 80->80
[3632.909s][info][gc,metaspace   ] GC(852) Metaspace: 28862K(29248K)->28862K(29248K) NonClass: 23994K(24192K)->23994K(24192K) Class: 4867K(5056K)->4867K(5056K)
[3632.909s][info][gc             ] GC(852) Pause Young (Prepare Mixed) (G1 Evacuation Pause) 3624M->1447M(4096M) 116.930ms
[3632.909s][info][gc,cpu         ] GC(852) User=0.69s Sys=0.00s Real=0.12s
...[3635.739s][info][gc,start       ] GC(853) Pause Young (Mixed) (G1 Evacuation Pause)
[3635.739s][info][gc,task        ] GC(853) Using 6 workers of 6 for evacuation
[3635.873s][info][gc,phases      ] GC(853)   Pre Evacuate Collection Set: 0.38ms
[3635.873s][info][gc,phases      ] GC(853)   Merge Heap Roots: 0.67ms
[3635.873s][info][gc,phases      ] GC(853)   Evacuate Collection Set: 132.17ms
[3635.873s][info][gc,phases      ] GC(853)   Post Evacuate Collection Set: 0.96ms
[3635.873s][info][gc,phases      ] GC(853)   Other: 0.09ms
[3635.873s][info][gc,heap        ] GC(853) Eden regions: 1112->0(1117)
[3635.873s][info][gc,heap        ] GC(853) Survivor regions: 108->111(153)
[3635.873s][info][gc,heap        ] GC(853) Old regions: 537->475
[3635.873s][info][gc,heap        ] GC(853) Humongous regions: 80->80
[3635.873s][info][gc,metaspace   ] GC(853) Metaspace: 28862K(29248K)->28862K(29248K) NonClass: 23994K(24192K)->23994K(24192K) Class: 4867K(5056K)->4867K(5056K)
[3635.873s][info][gc             ] GC(853) Pause Young (Mixed) (G1 Evacuation Pause) 3671M->1330M(4096M) 134.406ms
[3635.873s][info][gc,cpu         ] GC(853) User=0.79s Sys=0.00s Real=0.13s
...[3638.707s][info][gc,start       ] GC(854) Pause Young (Concurrent Start) (G1 Evacuation Pause)
[3638.707s][info][gc,task        ] GC(854) Using 6 workers of 6 for evacuation
[3638.822s][info][gc,phases      ] GC(854)   Pre Evacuate Collection Set: 0.40ms
[3638.822s][info][gc,phases      ] GC(854)   Merge Heap Roots: 0.45ms
[3638.822s][info][gc,phases      ] GC(854)   Evacuate Collection Set: 113.35ms
[3638.822s][info][gc,phases      ] GC(854)   Post Evacuate Collection Set: 0.89ms
[3638.822s][info][gc,phases      ] GC(854)   Other: 0.12ms
[3638.822s][info][gc,heap        ] GC(854) Eden regions: 1117->0(1121)
[3638.822s][info][gc,heap        ] GC(854) Survivor regions: 111->107(154)
[3638.822s][info][gc,heap        ] GC(854) Old regions: 475->506
[3638.822s][info][gc,heap        ] GC(854) Humongous regions: 80->80
[3638.822s][info][gc,metaspace   ] GC(854) Metaspace: 28862K(29248K)->28862K(29248K) NonClass: 23994K(24192K)->23994K(24192K) Class: 4867K(5056K)->4867K(5056K)
[3638.822s][info][gc             ] GC(854) Pause Young (Concurrent Start) (G1 Evacuation Pause) 3564M->1385M(4096M) 115.362ms
[3638.822s][info][gc             ] GC(855) Concurrent Mark Cycle
[3638.822s][info][gc,marking     ] GC(855) Concurrent Scan Root Regions
[3638.822s][info][gc,cpu         ] GC(854) User=0.68s Sys=0.00s Real=0.12s
[3638.955s][info][gc,marking     ] GC(855) Concurrent Scan Root Regions 133.033ms
[3638.955s][info][gc,marking     ] GC(855) Concurrent Mark
[3638.955s][info][gc,marking     ] GC(855) Concurrent Mark From Roots
[3638.955s][info][gc,task        ] GC(855) Using 2 workers of 2 for marking
.[3639.873s][info][gc,marking     ] GC(855) Concurrent Mark From Roots 917.571ms
[3639.873s][info][gc,marking     ] GC(855) Concurrent Preclean
[3639.873s][info][gc,marking     ] GC(855) Concurrent Preclean 0.148ms
[3639.874s][info][gc,start       ] GC(855) Pause Remark
[3639.879s][info][gc             ] GC(855) Pause Remark 2265M->2265M(4096M) 5.527ms
[3639.879s][info][gc,cpu         ] GC(855) User=0.03s Sys=0.00s Real=0.01s
[3639.879s][info][gc,marking     ] GC(855) Concurrent Mark 924.123ms
[3639.879s][info][gc,marking     ] GC(855) Concurrent Rebuild Remembered Sets and Scrub Regions
[3640.222s][info][gc,marking     ] GC(855) Concurrent Rebuild Remembered Sets and Scrub Regions 343.071ms
[3640.222s][info][gc,start       ] GC(855) Pause Cleanup
[3640.223s][info][gc             ] GC(855) Pause Cleanup 2527M->2527M(4096M) 0.119ms
[3640.223s][info][gc,cpu         ] GC(855) User=0.00s Sys=0.00s Real=0.00s
[3640.223s][info][gc,marking     ] GC(855) Concurrent Clear Claimed Marks
[3640.223s][info][gc,marking     ] GC(855) Concurrent Clear Claimed Marks 0.024ms
[3640.223s][info][gc,marking     ] GC(855) Concurrent Cleanup for Next Mark
[3640.226s][info][gc,marking     ] GC(855) Concurrent Cleanup for Next Mark 3.398ms
[3640.226s][info][gc             ] GC(855) Concurrent Mark Cycle 1404.117ms
..[3641.674s][info][gc,start       ] GC(856) Pause Young (Prepare Mixed) (G1 Evacuation Pause)
[3641.674s][info][gc,task        ] GC(856) Using 6 workers of 6 for evacuation
[3641.791s][info][gc,phases      ] GC(856)   Pre Evacuate Collection Set: 0.32ms
[3641.791s][info][gc,phases      ] GC(856)   Merge Heap Roots: 0.53ms
[3641.791s][info][gc,phases      ] GC(856)   Evacuate Collection Set: 115.25ms
[3641.791s][info][gc,phases      ] GC(856)   Post Evacuate Collection Set: 0.92ms
[3641.791s][info][gc,phases      ] GC(856)   Other: 0.10ms
[3641.791s][info][gc,heap        ] GC(856) Eden regions: 1121->0(1107)
[3641.791s][info][gc,heap        ] GC(856) Survivor regions: 107->110(154)
[3641.791s][info][gc,heap        ] GC(856) Old regions: 506->538
[3641.791s][info][gc,heap        ] GC(856) Humongous regions: 80->80
[3641.791s][info][gc,metaspace   ] GC(856) Metaspace: 28862K(29248K)->28862K(29248K) NonClass: 23994K(24192K)->23994K(24192K) Class: 4867K(5056K)->4867K(5056K)
[3641.791s][info][gc             ] GC(856) Pause Young (Prepare Mixed) (G1 Evacuation Pause) 3627M->1455M(4096M) 117.263ms
[3641.791s][info][gc,cpu         ] GC(856) User=0.69s Sys=0.00s Real=0.12s
...[3644.620s][info][gc,start       ] GC(857) Pause Young (Mixed) (G1 Evacuation Pause)
[3644.620s][info][gc,task        ] GC(857) Using 6 workers of 6 for evacuation
[3644.753s][info][gc,phases      ] GC(857)   Pre Evacuate Collection Set: 0.38ms
[3644.753s][info][gc,phases      ] GC(857)   Merge Heap Roots: 0.65ms
[3644.753s][info][gc,phases      ] GC(857)   Evacuate Collection Set: 131.01ms
[3644.753s][info][gc,phases      ] GC(857)   Post Evacuate Collection Set: 0.98ms
[3644.753s][info][gc,phases      ] GC(857)   Other: 0.10ms
[3644.753s][info][gc,heap        ] GC(857) Eden regions: 1107->0(1121)
[3644.753s][info][gc,heap        ] GC(857) Survivor regions: 110->107(153)
[3644.753s][info][gc,heap        ] GC(857) Old regions: 538->472
[3644.753s][info][gc,heap        ] GC(857) Humongous regions: 80->80
[3644.753s][info][gc,metaspace   ] GC(857) Metaspace: 28862K(29248K)->28862K(29248K) NonClass: 23994K(24192K)->23994K(24192K) Class: 4867K(5056K)->4867K(5056K)
[3644.753s][info][gc             ] GC(857) Pause Young (Mixed) (G1 Evacuation Pause) 3669M->1317M(4096M) 133.261ms
[3644.753s][info][gc,cpu         ] GC(857) User=0.79s Sys=0.00s Real=0.13s
. (rIR:aIR:PR = 6365:6364:6364) (tPR = 94037) [OK] 
  3645s: Performance info:
         Transaction,    Success,    Partial,     Failed,   Receipts, AvgBarcode, 
             Overall,     383549,          0,          0,     364376,      59.48, 
         Response times:
             Request,    Success,    Partial,     Failed,   SkipFail,     Probes,    Samples,      min,      p50,      p90,      p95,      p99,      max, 
       TotalPurchase,     364375,          0,          0,          0,     356196,     413705,      300,     5700,    23000,    47000,    90000,   256000,
     InStorePurchase,     191814,          0,          0,          0,     187886,     217551,      300,     5700,    23000,    48000,    90000,   205000,
      OnlinePurchase,     134246,          0,          0,          0,     131014,     152297,      300,     5800,    23000,    47000,    90000,   205000,
        InstPurchase,      38315,          0,          0,          0,      37296,      43857,      300,     5500,    23000,    46000,    88000,   256000,
          AssocOfCat,        381,          0,          0,          0,        288,        394,    23000,    39000,    79500,   106500,   190200,   202000,
      AssocOfProduct,       3834,          0,          0,          0,       3513,       4239,      400,     4200,    18800,    44000,    87000,   175000,
      BusinessReport,        960,          0,          0,          0,        855,       1117,    27000,    49000,   100000,   119200,   194000,   226000,
          CustBuyBeh,       3839,          0,          0,          0,       3604,       4407,      200,     5900,    23000,    48600,    85000,   191000,
       ProductReturn,      10159,          0,          0,          0,       9663,      11336,      300,     4100,    17700,    39150,    81000,   255000,

  3645s: (47%)   IR =   6503 ..[3647.615s][info][gc,start       ] GC(858) Pause Young (Concurrent Start) (G1 Evacuation Pause)
[3647.615s][info][gc,task        ] GC(858) Using 6 workers of 6 for evacuation
[3647.737s][info][gc,phases      ] GC(858)   Pre Evacuate Collection Set: 0.39ms
[3647.737s][info][gc,phases      ] GC(858)   Merge Heap Roots: 0.49ms
[3647.737s][info][gc,phases      ] GC(858)   Evacuate Collection Set: 120.52ms
[3647.737s][info][gc,phases      ] GC(858)   Post Evacuate Collection Set: 0.89ms
[3647.737s][info][gc,phases      ] GC(858)   Other: 0.10ms
[3647.737s][info][gc,heap        ] GC(858) Eden regions: 1121->0(1115)
[3647.737s][info][gc,heap        ] GC(858) Survivor regions: 107->113(154)
[3647.737s][info][gc,heap        ] GC(858) Old regions: 472->504
[3647.737s][info][gc,heap        ] GC(858) Humongous regions: 80->80
[3647.737s][info][gc,metaspace   ] GC(858) Metaspace: 28862K(29248K)->28862K(29248K) NonClass: 23995K(24192K)->23995K(24192K) Class: 4867K(5056K)->4867K(5056K)
[3647.737s][info][gc             ] GC(858) Pause Young (Concurrent Start) (G1 Evacuation Pause) 3559M->1392M(4096M) 122.538ms
[3647.737s][info][gc             ] GC(859) Concurrent Mark Cycle
[3647.737s][info][gc,marking     ] GC(859) Concurrent Scan Root Regions
[3647.737s][info][gc,cpu         ] GC(858) User=0.72s Sys=0.00s Real=0.12s
[3647.911s][info][gc,marking     ] GC(859) Concurrent Scan Root Regions 173.347ms
[3647.911s][info][gc,marking     ] GC(859) Concurrent Mark
[3647.911s][info][gc,marking     ] GC(859) Concurrent Mark From Roots
[3647.911s][info][gc,task        ] GC(859) Using 2 workers of 2 for marking
.[3648.847s][info][gc,marking     ] GC(859) Concurrent Mark From Roots 936.109ms
[3648.847s][info][gc,marking     ] GC(859) Concurrent Preclean
[3648.847s][info][gc,marking     ] GC(859) Concurrent Preclean 0.158ms
[3648.849s][info][gc,start       ] GC(859) Pause Remark
[3648.855s][info][gc             ] GC(859) Pause Remark 2358M->2358M(4096M) 6.235ms
[3648.855s][info][gc,cpu         ] GC(859) User=0.04s Sys=0.00s Real=0.00s
[3648.857s][info][gc,marking     ] GC(859) Concurrent Mark 946.070ms
[3648.857s][info][gc,marking     ] GC(859) Concurrent Rebuild Remembered Sets and Scrub Regions
[3649.149s][info][gc,marking     ] GC(859) Concurrent Rebuild Remembered Sets and Scrub Regions 291.632ms
[3649.149s][info][gc,start       ] GC(859) Pause Cleanup
[3649.149s][info][gc             ] GC(859) Pause Cleanup 2602M->2602M(4096M) 0.110ms
[3649.149s][info][gc,cpu         ] GC(859) User=0.00s Sys=0.00s Real=0.00s
[3649.149s][info][gc,marking     ] GC(859) Concurrent Clear Claimed Marks
[3649.149s][info][gc,marking     ] GC(859) Concurrent Clear Claimed Marks 0.025ms
[3649.149s][info][gc,marking     ] GC(859) Concurrent Cleanup for Next Mark
[3649.154s][info][gc,marking     ] GC(859) Concurrent Cleanup for Next Mark 4.880ms
[3649.154s][info][gc             ] GC(859) Concurrent Mark Cycle 1416.542ms
..[3650.430s][info][gc,start       ] GC(860) Pause Young (Prepare Mixed) (G1 Evacuation Pause)
[3650.430s][info][gc,task        ] GC(860) Using 6 workers of 6 for evacuation
[3650.554s][info][gc,phases      ] GC(860)   Pre Evacuate Collection Set: 0.36ms
[3650.554s][info][gc,phases      ] GC(860)   Merge Heap Roots: 0.48ms
[3650.554s][info][gc,phases      ] GC(860)   Evacuate Collection Set: 122.02ms
[3650.554s][info][gc,phases      ] GC(860)   Post Evacuate Collection Set: 0.95ms
[3650.554s][info][gc,phases      ] GC(860)   Other: 0.09ms
[3650.554s][info][gc,heap        ] GC(860) Eden regions: 1115->0(1099)
[3650.554s][info][gc,heap        ] GC(860) Survivor regions: 113->115(154)
[3650.554s][info][gc,heap        ] GC(860) Old regions: 504->536
[3650.554s][info][gc,heap        ] GC(860) Humongous regions: 80->80
[3650.554s][info][gc,metaspace   ] GC(860) Metaspace: 28862K(29248K)->28862K(29248K) NonClass: 23995K(24192K)->23995K(24192K) Class: 4867K(5056K)->4867K(5056K)
[3650.554s][info][gc             ] GC(860) Pause Young (Prepare Mixed) (G1 Evacuation Pause) 3622M->1460M(4096M) 124.017ms
[3650.554s][info][gc,cpu         ] GC(860) User=0.73s Sys=0.01s Real=0.12s
.|.[3653.293s][info][gc,start       ] GC(861) Pause Young (Mixed) (G1 Evacuation Pause)
[3653.293s][info][gc,task        ] GC(861) Using 6 workers of 6 for evacuation
[3653.436s][info][gc,phases      ] GC(861)   Pre Evacuate Collection Set: 0.35ms
[3653.436s][info][gc,phases      ] GC(861)   Merge Heap Roots: 0.66ms
[3653.436s][info][gc,phases      ] GC(861)   Evacuate Collection Set: 140.85ms
[3653.436s][info][gc,phases      ] GC(861)   Post Evacuate Collection Set: 0.92ms
[3653.436s][info][gc,phases      ] GC(861)   Other: 0.09ms
[3653.436s][info][gc,heap        ] GC(861) Eden regions: 1099->0(1112)
[3653.436s][info][gc,heap        ] GC(861) Survivor regions: 115->116(152)
[3653.436s][info][gc,heap        ] GC(861) Old regions: 536->473
[3653.436s][info][gc,heap        ] GC(861) Humongous regions: 80->80
[3653.436s][info][gc,metaspace   ] GC(861) Metaspace: 28862K(29248K)->28862K(29248K) NonClass: 23995K(24192K)->23995K(24192K) Class: 4867K(5056K)->4867K(5056K)
[3653.436s][info][gc             ] GC(861) Pause Young (Mixed) (G1 Evacuation Pause) 3658M->1336M(4096M) 142.993ms
[3653.436s][info][gc,cpu         ] GC(861) User=0.84s Sys=0.00s Real=0.14s
...[3656.233s][info][gc,start       ] GC(862) Pause Young (Concurrent Start) (G1 Evacuation Pause)
[3656.233s][info][gc,task        ] GC(862) Using 6 workers of 6 for evacuation
[3656.348s][info][gc,phases      ] GC(862)   Pre Evacuate Collection Set: 0.34ms
[3656.348s][info][gc,phases      ] GC(862)   Merge Heap Roots: 0.46ms
[3656.348s][info][gc,phases      ] GC(862)   Evacuate Collection Set: 113.54ms
[3656.348s][info][gc,phases      ] GC(862)   Post Evacuate Collection Set: 0.87ms
[3656.348s][info][gc,phases      ] GC(862)   Other: 0.12ms
[3656.348s][info][gc,heap        ] GC(862) Eden regions: 1112->0(1118)
[3656.348s][info][gc,heap        ] GC(862) Survivor regions: 116->110(154)
[3656.348s][info][gc,heap        ] GC(862) Old regions: 473->504
[3656.348s][info][gc,heap        ] GC(862) Humongous regions: 80->80
[3656.348s][info][gc,metaspace   ] GC(862) Metaspace: 28862K(29248K)->28862K(29248K) NonClass: 23995K(24192K)->23995K(24192K) Class: 4867K(5056K)->4867K(5056K)
[3656.348s][info][gc             ] GC(862) Pause Young (Concurrent Start) (G1 Evacuation Pause) 3560M->1386M(4096M) 115.467ms
[3656.348s][info][gc             ] GC(863) Concurrent Mark Cycle
[3656.348s][info][gc,marking     ] GC(863) Concurrent Scan Root Regions
[3656.348s][info][gc,cpu         ] GC(862) User=0.69s Sys=0.00s Real=0.12s
.[3656.513s][info][gc,marking     ] GC(863) Concurrent Scan Root Regions 165.162ms
[3656.513s][info][gc,marking     ] GC(863) Concurrent Mark
[3656.513s][info][gc,marking     ] GC(863) Concurrent Mark From Roots
[3656.513s][info][gc,task        ] GC(863) Using 2 workers of 2 for marking
[3657.443s][info][gc,marking     ] GC(863) Concurrent Mark From Roots 929.552ms
[3657.443s][info][gc,marking     ] GC(863) Concurrent Preclean
[3657.443s][info][gc,marking     ] GC(863) Concurrent Preclean 0.130ms
[3657.444s][info][gc,start       ] GC(863) Pause Remark
[3657.447s][info][gc             ] GC(863) Pause Remark 2316M->2316M(4096M) 3.624ms
[3657.447s][info][gc,cpu         ] GC(863) User=0.02s Sys=0.00s Real=0.00s
[3657.447s][info][gc,marking     ] GC(863) Concurrent Mark 933.868ms
[3657.447s][info][gc,marking     ] GC(863) Concurrent Rebuild Remembered Sets and Scrub Regions
.[3657.767s][info][gc,marking     ] GC(863) Concurrent Rebuild Remembered Sets and Scrub Regions 319.612ms
[3657.767s][info][gc,start       ] GC(863) Pause Cleanup
[3657.767s][info][gc             ] GC(863) Pause Cleanup 2575M->2575M(4096M) 0.121ms
[3657.767s][info][gc,cpu         ] GC(863) User=0.00s Sys=0.00s Real=0.00s
[3657.767s][info][gc,marking     ] GC(863) Concurrent Clear Claimed Marks
[3657.767s][info][gc,marking     ] GC(863) Concurrent Clear Claimed Marks 0.024ms
[3657.767s][info][gc,marking     ] GC(863) Concurrent Cleanup for Next Mark
[3657.771s][info][gc,marking     ] GC(863) Concurrent Cleanup for Next Mark 3.518ms
[3657.771s][info][gc             ] GC(863) Concurrent Mark Cycle 1422.655ms
.[3659.066s][info][gc,start       ] GC(864) Pause Young (Prepare Mixed) (G1 Evacuation Pause)
[3659.067s][info][gc,task        ] GC(864) Using 6 workers of 6 for evacuation
[3659.183s][info][gc,phases      ] GC(864)   Pre Evacuate Collection Set: 0.33ms
[3659.183s][info][gc,phases      ] GC(864)   Merge Heap Roots: 0.47ms
[3659.183s][info][gc,phases      ] GC(864)   Evacuate Collection Set: 114.80ms
[3659.183s][info][gc,phases      ] GC(864)   Post Evacuate Collection Set: 0.93ms
[3659.183s][info][gc,phases      ] GC(864)   Other: 0.09ms
[3659.183s][info][gc,heap        ] GC(864) Eden regions: 1118->0(1108)
[3659.183s][info][gc,heap        ] GC(864) Survivor regions: 110->110(154)
[3659.183s][info][gc,heap        ] GC(864) Old regions: 504->537
[3659.183s][info][gc,heap        ] GC(864) Humongous regions: 80->80
[3659.183s][info][gc,metaspace   ] GC(864) Metaspace: 28863K(29248K)->28863K(29248K) NonClass: 23996K(24192K)->23996K(24192K) Class: 4867K(5056K)->4867K(5056K)
[3659.183s][info][gc             ] GC(864) Pause Young (Prepare Mixed) (G1 Evacuation Pause) 3622M->1451M(4096M) 116.763ms
[3659.183s][info][gc,cpu         ] GC(864) User=0.69s Sys=0.00s Real=0.12s
...[3662.012s][info][gc,start       ] GC(865) Pause Young (Mixed) (G1 Evacuation Pause)
[3662.012s][info][gc,task        ] GC(865) Using 6 workers of 6 for evacuation
[3662.147s][info][gc,phases      ] GC(865)   Pre Evacuate Collection Set: 0.37ms
[3662.147s][info][gc,phases      ] GC(865)   Merge Heap Roots: 0.79ms
[3662.147s][info][gc,phases      ] GC(865)   Evacuate Collection Set: 132.38ms
[3662.147s][info][gc,phases      ] GC(865)   Post Evacuate Collection Set: 0.98ms
[3662.147s][info][gc,phases      ] GC(865)   Other: 0.10ms
[3662.147s][info][gc,heap        ] GC(865) Eden regions: 1108->0(1119)
[3662.147s][info][gc,heap        ] GC(865) Survivor regions: 110->109(153)
[3662.147s][info][gc,heap        ] GC(865) Old regions: 537->473
[3662.147s][info][gc,heap        ] GC(865) Humongous regions: 80->80
[3662.147s][info][gc,metaspace   ] GC(865) Metaspace: 28863K(29248K)->28863K(29248K) NonClass: 23996K(24192K)->23996K(24192K) Class: 4867K(5056K)->4867K(5056K)
[3662.147s][info][gc             ] GC(865) Pause Young (Mixed) (G1 Evacuation Pause) 3667M->1322M(4096M) 134.757ms
[3662.147s][info][gc,cpu         ] GC(865) User=0.79s Sys=0.00s Real=0.13s
...[3664.889s][info][gc,start       ] GC(866) Pause Young (Concurrent Start) (G1 Evacuation Pause)
[3664.889s][info][gc,task        ] GC(866) Using 6 workers of 6 for evacuation
[3665.005s][info][gc,phases      ] GC(866)   Pre Evacuate Collection Set: 0.37ms
[3665.005s][info][gc,phases      ] GC(866)   Merge Heap Roots: 0.53ms
[3665.005s][info][gc,phases      ] GC(866)   Evacuate Collection Set: 113.99ms
[3665.005s][info][gc,phases      ] GC(866)   Post Evacuate Collection Set: 0.89ms
[3665.005s][info][gc,phases      ] GC(866)   Other: 0.12ms
[3665.005s][info][gc,heap        ] GC(866) Eden regions: 1119->0(1120)
[3665.005s][info][gc,heap        ] GC(866) Survivor regions: 109->108(154)
[3665.005s][info][gc,heap        ] GC(866) Old regions: 473->504
[3665.005s][info][gc,heap        ] GC(866) Humongous regions: 80->80
[3665.005s][info][gc,metaspace   ] GC(866) Metaspace: 28863K(29248K)->28863K(29248K) NonClass: 23996K(24192K)->23996K(24192K) Class: 4867K(5056K)->4867K(5056K)
[3665.005s][info][gc             ] GC(866) Pause Young (Concurrent Start) (G1 Evacuation Pause) 3560M->1382M(4096M) 116.042ms
[3665.005s][info][gc             ] GC(867) Concurrent Mark Cycle
[3665.005s][info][gc,marking     ] GC(867) Concurrent Scan Root Regions
[3665.005s][info][gc,cpu         ] GC(866) User=0.69s Sys=0.00s Real=0.11s
[3665.153s][info][gc,marking     ] GC(867) Concurrent Scan Root Regions 147.700ms
[3665.153s][info][gc,marking     ] GC(867) Concurrent Mark
[3665.153s][info][gc,marking     ] GC(867) Concurrent Mark From Roots
[3665.153s][info][gc,task        ] GC(867) Using 2 workers of 2 for marking
.[3665.874s][info][gc,marking     ] GC(867) Concurrent Mark From Roots 720.589ms
[3665.874s][info][gc,marking     ] GC(867) Concurrent Preclean
[3665.874s][info][gc,marking     ] GC(867) Concurrent Preclean 0.098ms
[3665.875s][info][gc,start       ] GC(867) Pause Remark
[3665.880s][info][gc             ] GC(867) Pause Remark 2128M->2128M(4096M) 5.608ms
[3665.880s][info][gc,cpu         ] GC(867) User=0.03s Sys=0.00s Real=0.01s
[3665.881s][info][gc,marking     ] GC(867) Concurrent Mark 727.329ms
[3665.881s][info][gc,marking     ] GC(867) Concurrent Rebuild Remembered Sets and Scrub Regions
[3666.185s][info][gc,marking     ] GC(867) Concurrent Rebuild Remembered Sets and Scrub Regions 304.450ms
[3666.185s][info][gc,start       ] GC(867) Pause Cleanup
[3666.185s][info][gc             ] GC(867) Pause Cleanup 2350M->2350M(4096M) 0.100ms
[3666.185s][info][gc,cpu         ] GC(867) User=0.00s Sys=0.00s Real=0.00s
[3666.185s][info][gc,marking     ] GC(867) Concurrent Clear Claimed Marks
[3666.185s][info][gc,marking     ] GC(867) Concurrent Clear Claimed Marks 0.020ms
[3666.185s][info][gc,marking     ] GC(867) Concurrent Cleanup for Next Mark
[3666.190s][info][gc,marking     ] GC(867) Concurrent Cleanup for Next Mark 4.875ms
[3666.190s][info][gc             ] GC(867) Concurrent Mark Cycle 1184.801ms
..[3667.809s][info][gc,start       ] GC(868) Pause Young (Prepare Mixed) (G1 Evacuation Pause)
[3667.809s][info][gc,task        ] GC(868) Using 6 workers of 6 for evacuation
[3667.925s][info][gc,phases      ] GC(868)   Pre Evacuate Collection Set: 0.35ms
[3667.925s][info][gc,phases      ] GC(868)   Merge Heap Roots: 0.58ms
[3667.925s][info][gc,phases      ] GC(868)   Evacuate Collection Set: 114.30ms
[3667.925s][info][gc,phases      ] GC(868)   Post Evacuate Collection Set: 0.94ms
[3667.925s][info][gc,phases      ] GC(868)   Other: 0.10ms
[3667.925s][info][gc,heap        ] GC(868) Eden regions: 1120->0(1113)
[3667.925s][info][gc,heap        ] GC(868) Survivor regions: 108->108(154)
[3667.925s][info][gc,heap        ] GC(868) Old regions: 504->536
[3667.925s][info][gc,heap        ] GC(868) Humongous regions: 80->80
[3667.925s][info][gc,metaspace   ] GC(868) Metaspace: 28863K(29248K)->28863K(29248K) NonClass: 23996K(24192K)->23996K(24192K) Class: 4867K(5056K)->4867K(5056K)
[3667.925s][info][gc             ] GC(868) Pause Young (Prepare Mixed) (G1 Evacuation Pause) 3622M->1445M(4096M) 116.437ms
[3667.925s][info][gc,cpu         ] GC(868) User=0.68s Sys=0.00s Real=0.11s
...[3670.705s][info][gc,start       ] GC(869) Pause Young (Mixed) (G1 Evacuation Pause)
[3670.705s][info][gc,task        ] GC(869) Using 6 workers of 6 for evacuation
[3670.838s][info][gc,phases      ] GC(869)   Pre Evacuate Collection Set: 0.41ms
[3670.838s][info][gc,phases      ] GC(869)   Merge Heap Roots: 0.78ms
[3670.838s][info][gc,phases      ] GC(869)   Evacuate Collection Set: 130.03ms
[3670.838s][info][gc,phases      ] GC(869)   Post Evacuate Collection Set: 0.94ms
[3670.838s][info][gc,phases      ] GC(869)   Other: 0.10ms
[3670.838s][info][gc,heap        ] GC(869) Eden regions: 1113->0(1120)
[3670.838s][info][gc,heap        ] GC(869) Survivor regions: 108->108(153)
[3670.838s][info][gc,heap        ] GC(869) Old regions: 536->471
[3670.838s][info][gc,heap        ] GC(869) Humongous regions: 80->80
[3670.838s][info][gc,metaspace   ] GC(869) Metaspace: 28863K(29248K)->28863K(29248K) NonClass: 23996K(24192K)->23996K(24192K) Class: 4867K(5056K)->4867K(5056K)
[3670.838s][info][gc             ] GC(869) Pause Young (Mixed) (G1 Evacuation Pause) 3671M->1316M(4096M) 132.387ms
[3670.838s][info][gc,cpu         ] GC(869) User=0.78s Sys=0.00s Real=0.13s
...[3673.606s][info][gc,start       ] GC(870) Pause Young (Concurrent Start) (G1 Evacuation Pause)
[3673.606s][info][gc,task        ] GC(870) Using 6 workers of 6 for evacuation
[3673.722s][info][gc,phases      ] GC(870)   Pre Evacuate Collection Set: 0.39ms
[3673.722s][info][gc,phases      ] GC(870)   Merge Heap Roots: 0.52ms
[3673.722s][info][gc,phases      ] GC(870)   Evacuate Collection Set: 113.90ms
[3673.722s][info][gc,phases      ] GC(870)   Post Evacuate Collection Set: 0.90ms
[3673.722s][info][gc,phases      ] GC(870)   Other: 0.13ms
[3673.722s][info][gc,heap        ] GC(870) Eden regions: 1120->0(1119)
[3673.722s][info][gc,heap        ] GC(870) Survivor regions: 108->109(154)
[3673.722s][info][gc,heap        ] GC(870) Old regions: 471->503
[3673.722s][info][gc,heap        ] GC(870) Humongous regions: 80->80
[3673.722s][info][gc,metaspace   ] GC(870) Metaspace: 28863K(29248K)->28863K(29248K) NonClass: 23996K(24192K)->23996K(24192K) Class: 4867K(5056K)->4867K(5056K)
[3673.722s][info][gc             ] GC(870) Pause Young (Concurrent Start) (G1 Evacuation Pause) 3556M->1382M(4096M) 115.962ms
[3673.722s][info][gc             ] GC(871) Concurrent Mark Cycle
[3673.722s][info][gc,marking     ] GC(871) Concurrent Scan Root Regions
[3673.722s][info][gc,cpu         ] GC(870) User=0.69s Sys=0.00s Real=0.12s
[3673.862s][info][gc,marking     ] GC(871) Concurrent Scan Root Regions 139.475ms
[3673.862s][info][gc,marking     ] GC(871) Concurrent Mark
[3673.862s][info][gc,marking     ] GC(871) Concurrent Mark From Roots
[3673.862s][info][gc,task        ] GC(871) Using 2 workers of 2 for marking
[3674.599s][info][gc,marking     ] GC(871) Concurrent Mark From Roots 737.109ms
[3674.599s][info][gc,marking     ] GC(871) Concurrent Preclean
[3674.599s][info][gc,marking     ] GC(871) Concurrent Preclean 0.169ms
[3674.599s][info][gc,start       ] GC(871) Pause Remark
[3674.604s][info][gc             ] GC(871) Pause Remark 2124M->2124M(4096M) 4.624ms
[3674.604s][info][gc,cpu         ] GC(871) User=0.03s Sys=0.00s Real=0.00s
[3674.604s][info][gc,marking     ] GC(871) Concurrent Mark 742.443ms
[3674.604s][info][gc,marking     ] GC(871) Concurrent Rebuild Remembered Sets and Scrub Regions
.[3674.875s][info][gc,marking     ] GC(871) Concurrent Rebuild Remembered Sets and Scrub Regions 271.177ms
[3674.875s][info][gc,start       ] GC(871) Pause Cleanup
[3674.876s][info][gc             ] GC(871) Pause Cleanup 2367M->2367M(4096M) 0.117ms
[3674.876s][info][gc,cpu         ] GC(871) User=0.00s Sys=0.00s Real=0.00s
[3674.876s][info][gc,marking     ] GC(871) Concurrent Clear Claimed Marks
[3674.876s][info][gc,marking     ] GC(871) Concurrent Clear Claimed Marks 0.022ms
[3674.876s][info][gc,marking     ] GC(871) Concurrent Cleanup for Next Mark
[3674.879s][info][gc,marking     ] GC(871) Concurrent Cleanup for Next Mark 3.279ms
[3674.879s][info][gc             ] GC(871) Concurrent Mark Cycle 1156.916ms
.[3676.492s][info][gc,start       ] GC(872) Pause Young (Prepare Mixed) (G1 Evacuation Pause)
[3676.492s][info][gc,task        ] GC(872) Using 6 workers of 6 for evacuation
[3676.613s][info][gc,phases      ] GC(872)   Pre Evacuate Collection Set: 0.32ms
[3676.613s][info][gc,phases      ] GC(872)   Merge Heap Roots: 0.53ms
[3676.613s][info][gc,phases      ] GC(872)   Evacuate Collection Set: 119.13ms
[3676.613s][info][gc,phases      ] GC(872)   Post Evacuate Collection Set: 0.96ms
[3676.613s][info][gc,phases      ] GC(872)   Other: 0.09ms
[3676.613s][info][gc,heap        ] GC(872) Eden regions: 1119->0(1103)
[3676.613s][info][gc,heap        ] GC(872) Survivor regions: 109->113(154)
[3676.613s][info][gc,heap        ] GC(872) Old regions: 503->536
[3676.613s][info][gc,heap        ] GC(872) Humongous regions: 80->80
[3676.613s][info][gc,metaspace   ] GC(872) Metaspace: 28863K(29248K)->28863K(29248K) NonClass: 23996K(24192K)->23996K(24192K) Class: 4867K(5056K)->4867K(5056K)
[3676.613s][info][gc             ] GC(872) Pause Young (Prepare Mixed) (G1 Evacuation Pause) 3620M->1455M(4096M) 121.160ms
[3676.613s][info][gc,cpu         ] GC(872) User=0.71s Sys=0.00s Real=0.12s
...[3679.314s][info][gc,start       ] GC(873) Pause Young (Mixed) (G1 Evacuation Pause)
[3679.315s][info][gc,task        ] GC(873) Using 6 workers of 6 for evacuation
[3679.450s][info][gc,phases      ] GC(873)   Pre Evacuate Collection Set: 0.37ms
[3679.450s][info][gc,phases      ] GC(873)   Merge Heap Roots: 0.62ms
[3679.451s][info][gc,phases      ] GC(873)   Evacuate Collection Set: 133.92ms
[3679.451s][info][gc,phases      ] GC(873)   Post Evacuate Collection Set: 0.97ms
[3679.451s][info][gc,phases      ] GC(873)   Other: 0.08ms
[3679.451s][info][gc,heap        ] GC(873) Eden regions: 1103->0(1115)
[3679.451s][info][gc,heap        ] GC(873) Survivor regions: 113->113(152)
[3679.451s][info][gc,heap        ] GC(873) Old regions: 536->474
[3679.451s][info][gc,heap        ] GC(873) Humongous regions: 80->80
[3679.451s][info][gc,metaspace   ] GC(873) Metaspace: 28863K(29248K)->28863K(29248K) NonClass: 23996K(24192K)->23996K(24192K) Class: 4867K(5056K)->4867K(5056K)
[3679.451s][info][gc             ] GC(873) Pause Young (Mixed) (G1 Evacuation Pause) 3661M->1333M(4096M) 136.085ms
[3679.451s][info][gc,cpu         ] GC(873) User=0.81s Sys=0.00s Real=0.14s
...[3682.252s][info][gc,start       ] GC(874) Pause Young (Concurrent Start) (G1 Evacuation Pause)
[3682.253s][info][gc,task        ] GC(874) Using 6 workers of 6 for evacuation
[3682.369s][info][gc,phases      ] GC(874)   Pre Evacuate Collection Set: 0.42ms
[3682.369s][info][gc,phases      ] GC(874)   Merge Heap Roots: 0.51ms
[3682.369s][info][gc,phases      ] GC(874)   Evacuate Collection Set: 114.84ms
[3682.369s][info][gc,phases      ] GC(874)   Post Evacuate Collection Set: 0.91ms
[3682.369s][info][gc,phases      ] GC(874)   Other: 0.13ms
[3682.369s][info][gc,heap        ] GC(874) Eden regions: 1115->0(1119)
[3682.369s][info][gc,heap        ] GC(874) Survivor regions: 113->109(154)
[3682.369s][info][gc,heap        ] GC(874) Old regions: 474->506
[3682.369s][info][gc,heap        ] GC(874) Humongous regions: 80->80
[3682.369s][info][gc,metaspace   ] GC(874) Metaspace: 28863K(29248K)->28863K(29248K) NonClass: 23996K(24192K)->23996K(24192K) Class: 4867K(5056K)->4867K(5056K)
[3682.369s][info][gc             ] GC(874) Pause Young (Concurrent Start) (G1 Evacuation Pause) 3563M->1389M(4096M) 116.958ms
[3682.369s][info][gc             ] GC(875) Concurrent Mark Cycle
[3682.369s][info][gc,marking     ] GC(875) Concurrent Scan Root Regions
[3682.369s][info][gc,cpu         ] GC(874) User=0.69s Sys=0.00s Real=0.12s
[3682.505s][info][gc,marking     ] GC(875) Concurrent Scan Root Regions 135.753ms
[3682.505s][info][gc,marking     ] GC(875) Concurrent Mark
[3682.505s][info][gc,marking     ] GC(875) Concurrent Mark From Roots
[3682.505s][info][gc,task        ] GC(875) Using 2 workers of 2 for marking
.[3683.214s][info][gc,marking     ] GC(875) Concurrent Mark From Roots 708.429ms
[3683.214s][info][gc,marking     ] GC(875) Concurrent Preclean
[3683.214s][info][gc,marking     ] GC(875) Concurrent Preclean 0.233ms
[3683.214s][info][gc,start       ] GC(875) Pause Remark
[3683.220s][info][gc             ] GC(875) Pause Remark 2072M->2072M(4096M) 5.456ms
[3683.220s][info][gc,cpu         ] GC(875) User=0.03s Sys=0.00s Real=0.01s
[3683.220s][info][gc,marking     ] GC(875) Concurrent Mark 714.593ms
[3683.220s][info][gc,marking     ] GC(875) Concurrent Rebuild Remembered Sets and Scrub Regions
[3683.497s][info][gc,marking     ] GC(875) Concurrent Rebuild Remembered Sets and Scrub Regions 276.911ms
[3683.497s][info][gc,start       ] GC(875) Pause Cleanup
[3683.497s][info][gc             ] GC(875) Pause Cleanup 2301M->2301M(4096M) 0.123ms
[3683.497s][info][gc,cpu         ] GC(875) User=0.00s Sys=0.00s Real=0.00s
[3683.497s][info][gc,marking     ] GC(875) Concurrent Clear Claimed Marks
[3683.497s][info][gc,marking     ] GC(875) Concurrent Clear Claimed Marks 0.022ms
[3683.497s][info][gc,marking     ] GC(875) Concurrent Cleanup for Next Mark
[3683.502s][info][gc,marking     ] GC(875) Concurrent Cleanup for Next Mark 4.766ms
[3683.502s][info][gc             ] GC(875) Concurrent Mark Cycle 1132.575ms
..[3685.160s][info][gc,start       ] GC(876) Pause Young (Prepare Mixed) (G1 Evacuation Pause)
[3685.160s][info][gc,task        ] GC(876) Using 6 workers of 6 for evacuation
[3685.280s][info][gc,phases      ] GC(876)   Pre Evacuate Collection Set: 0.33ms
[3685.280s][info][gc,phases      ] GC(876)   Merge Heap Roots: 0.57ms
[3685.280s][info][gc,phases      ] GC(876)   Evacuate Collection Set: 118.64ms
[3685.280s][info][gc,phases      ] GC(876)   Post Evacuate Collection Set: 0.98ms
[3685.280s][info][gc,phases      ] GC(876)   Other: 0.09ms
[3685.280s][info][gc,heap        ] GC(876) Eden regions: 1119->0(1106)
[3685.280s][info][gc,heap        ] GC(876) Survivor regions: 109->111(154)
[3685.280s][info][gc,heap        ] GC(876) Old regions: 506->537
[3685.280s][info][gc,heap        ] GC(876) Humongous regions: 80->80
[3685.280s][info][gc,metaspace   ] GC(876) Metaspace: 28863K(29248K)->28863K(29248K) NonClass: 23996K(24192K)->23996K(24192K) Class: 4867K(5056K)->4867K(5056K)
[3685.280s][info][gc             ] GC(876) Pause Young (Prepare Mixed) (G1 Evacuation Pause) 3627M->1454M(4096M) 120.750ms
[3685.280s][info][gc,cpu         ] GC(876) User=0.71s Sys=0.00s Real=0.12s
...[3688.035s][info][gc,start       ] GC(877) Pause Young (Mixed) (G1 Evacuation Pause)
[3688.035s][info][gc,task        ] GC(877) Using 6 workers of 6 for evacuation
[3688.172s][info][gc,phases      ] GC(877)   Pre Evacuate Collection Set: 0.38ms
[3688.172s][info][gc,phases      ] GC(877)   Merge Heap Roots: 0.72ms
[3688.172s][info][gc,phases      ] GC(877)   Evacuate Collection Set: 133.91ms
[3688.172s][info][gc,phases      ] GC(877)   Post Evacuate Collection Set: 0.97ms
[3688.172s][info][gc,phases      ] GC(877)   Other: 0.09ms
[3688.172s][info][gc,heap        ] GC(877) Eden regions: 1106->0(1119)
[3688.172s][info][gc,heap        ] GC(877) Survivor regions: 111->109(153)
[3688.172s][info][gc,heap        ] GC(877) Old regions: 537->474
[3688.172s][info][gc,heap        ] GC(877) Humongous regions: 80->80
[3688.172s][info][gc,metaspace   ] GC(877) Metaspace: 28863K(29248K)->28863K(29248K) NonClass: 23996K(24192K)->23996K(24192K) Class: 4867K(5056K)->4867K(5056K)
[3688.172s][info][gc             ] GC(877) Pause Young (Mixed) (G1 Evacuation Pause) 3666M->1323M(4096M) 136.222ms
[3688.172s][info][gc,cpu         ] GC(877) User=0.80s Sys=0.00s Real=0.14s
...[3690.977s][info][gc,start       ] GC(878) Pause Young (Concurrent Start) (G1 Evacuation Pause)
[3690.977s][info][gc,task        ] GC(878) Using 6 workers of 6 for evacuation
[3691.098s][info][gc,phases      ] GC(878)   Pre Evacuate Collection Set: 0.38ms
[3691.098s][info][gc,phases      ] GC(878)   Merge Heap Roots: 0.55ms
[3691.098s][info][gc,phases      ] GC(878)   Evacuate Collection Set: 118.86ms
[3691.098s][info][gc,phases      ] GC(878)   Post Evacuate Collection Set: 0.94ms
[3691.098s][info][gc,phases      ] GC(878)   Other: 0.12ms
[3691.098s][info][gc,heap        ] GC(878) Eden regions: 1119->0(1116)
[3691.098s][info][gc,heap        ] GC(878) Survivor regions: 109->112(154)
[3691.098s][info][gc,heap        ] GC(878) Old regions: 474->506
[3691.098s][info][gc,heap        ] GC(878) Humongous regions: 80->80
[3691.098s][info][gc,metaspace   ] GC(878) Metaspace: 28863K(29248K)->28863K(29248K) NonClass: 23996K(24192K)->23996K(24192K) Class: 4867K(5056K)->4867K(5056K)
[3691.098s][info][gc             ] GC(878) Pause Young (Concurrent Start) (G1 Evacuation Pause) 3561M->1393M(4096M) 120.987ms
[3691.098s][info][gc             ] GC(879) Concurrent Mark Cycle
[3691.098s][info][gc,marking     ] GC(879) Concurrent Scan Root Regions
[3691.098s][info][gc,cpu         ] GC(878) User=0.72s Sys=0.00s Real=0.12s
[3691.271s][info][gc,marking     ] GC(879) Concurrent Scan Root Regions 172.761ms
[3691.271s][info][gc,marking     ] GC(879) Concurrent Mark
[3691.271s][info][gc,marking     ] GC(879) Concurrent Mark From Roots
[3691.271s][info][gc,task        ] GC(879) Using 2 workers of 2 for marking
.[3692.292s][info][gc,marking     ] GC(879) Concurrent Mark From Roots 1021.821ms
[3692.292s][info][gc,marking     ] GC(879) Concurrent Preclean
[3692.293s][info][gc,marking     ] GC(879) Concurrent Preclean 0.136ms
[3692.293s][info][gc,start       ] GC(879) Pause Remark
[3692.297s][info][gc             ] GC(879) Pause Remark 2391M->2391M(4096M) 4.169ms
[3692.297s][info][gc,cpu         ] GC(879) User=0.03s Sys=0.00s Real=0.00s
[3692.297s][info][gc,marking     ] GC(879) Concurrent Mark 1026.488ms
[3692.297s][info][gc,marking     ] GC(879) Concurrent Rebuild Remembered Sets and Scrub Regions
[3692.553s][info][gc,marking     ] GC(879) Concurrent Rebuild Remembered Sets and Scrub Regions 255.680ms
[3692.554s][info][gc,start       ] GC(879) Pause Cleanup
[3692.554s][info][gc             ] GC(879) Pause Cleanup 2585M->2585M(4096M) 0.126ms
[3692.554s][info][gc,cpu         ] GC(879) User=0.00s Sys=0.00s Real=0.00s
[3692.554s][info][gc,marking     ] GC(879) Concurrent Clear Claimed Marks
[3692.554s][info][gc,marking     ] GC(879) Concurrent Clear Claimed Marks 0.029ms
[3692.554s][info][gc,marking     ] GC(879) Concurrent Cleanup for Next Mark
[3692.560s][info][gc,marking     ] GC(879) Concurrent Cleanup for Next Mark 6.040ms
[3692.560s][info][gc             ] GC(879) Concurrent Mark Cycle 1462.739ms
..[3693.815s][info][gc,start       ] GC(880) Pause Young (Prepare Mixed) (G1 Evacuation Pause)
[3693.815s][info][gc,task        ] GC(880) Using 6 workers of 6 for evacuation
[3693.933s][info][gc,phases      ] GC(880)   Pre Evacuate Collection Set: 0.34ms
[3693.933s][info][gc,phases      ] GC(880)   Merge Heap Roots: 0.58ms
[3693.933s][info][gc,phases      ] GC(880)   Evacuate Collection Set: 116.73ms
[3693.933s][info][gc,phases      ] GC(880)   Post Evacuate Collection Set: 0.95ms
[3693.933s][info][gc,phases      ] GC(880)   Other: 0.10ms
[3693.933s][info][gc,heap        ] GC(880) Eden regions: 1116->0(1108)
[3693.933s][info][gc,heap        ] GC(880) Survivor regions: 112->110(154)
[3693.933s][info][gc,heap        ] GC(880) Old regions: 506->537
[3693.933s][info][gc,heap        ] GC(880) Humongous regions: 80->80
[3693.933s][info][gc,metaspace   ] GC(880) Metaspace: 28863K(29248K)->28863K(29248K) NonClass: 23996K(24192K)->23996K(24192K) Class: 4867K(5056K)->4867K(5056K)
[3693.933s][info][gc             ] GC(880) Pause Young (Prepare Mixed) (G1 Evacuation Pause) 3625M->1452M(4096M) 118.822ms
[3693.933s][info][gc,cpu         ] GC(880) User=0.70s Sys=0.00s Real=0.12s
..[3696.713s][info][gc,start       ] GC(881) Pause Young (Mixed) (G1 Evacuation Pause)
[3696.713s][info][gc,task        ] GC(881) Using 6 workers of 6 for evacuation
[3696.844s][info][gc,phases      ] GC(881)   Pre Evacuate Collection Set: 0.38ms
[3696.844s][info][gc,phases      ] GC(881)   Merge Heap Roots: 0.71ms
[3696.844s][info][gc,phases      ] GC(881)   Evacuate Collection Set: 128.72ms
[3696.844s][info][gc,phases      ] GC(881)   Post Evacuate Collection Set: 0.97ms
[3696.844s][info][gc,phases      ] GC(881)   Other: 0.09ms
[3696.844s][info][gc,heap        ] GC(881) Eden regions: 1108->0(1121)
[3696.844s][info][gc,heap        ] GC(881) Survivor regions: 110->107(153)
[3696.844s][info][gc,heap        ] GC(881) Old regions: 537->473
[3696.844s][info][gc,heap        ] GC(881) Humongous regions: 80->80
[3696.844s][info][gc,metaspace   ] GC(881) Metaspace: 28863K(29248K)->28863K(29248K) NonClass: 23996K(24192K)->23996K(24192K) Class: 4867K(5056K)->4867K(5056K)
[3696.844s][info][gc             ] GC(881) Pause Young (Mixed) (G1 Evacuation Pause) 3668M->1319M(4096M) 131.000ms
[3696.844s][info][gc,cpu         ] GC(881) User=0.77s Sys=0.01s Real=0.13s
...[3699.664s][info][gc,start       ] GC(882) Pause Young (Concurrent Start) (G1 Evacuation Pause)
[3699.664s][info][gc,task        ] GC(882) Using 6 workers of 6 for evacuation
[3699.784s][info][gc,phases      ] GC(882)   Pre Evacuate Collection Set: 0.41ms
[3699.784s][info][gc,phases      ] GC(882)   Merge Heap Roots: 0.46ms
[3699.784s][info][gc,phases      ] GC(882)   Evacuate Collection Set: 117.82ms
[3699.784s][info][gc,phases      ] GC(882)   Post Evacuate Collection Set: 0.88ms
[3699.784s][info][gc,phases      ] GC(882)   Other: 0.09ms
[3699.784s][info][gc,heap        ] GC(882) Eden regions: 1121->0(1117)
[3699.784s][info][gc,heap        ] GC(882) Survivor regions: 107->111(154)
[3699.784s][info][gc,heap        ] GC(882) Old regions: 473->505
[3699.784s][info][gc,heap        ] GC(882) Humongous regions: 80->80
[3699.784s][info][gc,metaspace   ] GC(882) Metaspace: 28863K(29248K)->28863K(29248K) NonClass: 23996K(24192K)->23996K(24192K) Class: 4867K(5056K)->4867K(5056K)
[3699.784s][info][gc             ] GC(882) Pause Young (Concurrent Start) (G1 Evacuation Pause) 3561M->1390M(4096M) 119.820ms
[3699.784s][info][gc             ] GC(883) Concurrent Mark Cycle
[3699.784s][info][gc,marking     ] GC(883) Concurrent Scan Root Regions
[3699.784s][info][gc,cpu         ] GC(882) User=0.71s Sys=0.00s Real=0.12s
.[3699.959s][info][gc,marking     ] GC(883) Concurrent Scan Root Regions 175.037ms
[3699.959s][info][gc,marking     ] GC(883) Concurrent Mark
[3699.959s][info][gc,marking     ] GC(883) Concurrent Mark From Roots
[3699.959s][info][gc,task        ] GC(883) Using 2 workers of 2 for marking
[3700.978s][info][gc,marking     ] GC(883) Concurrent Mark From Roots 1018.602ms
[3700.978s][info][gc,marking     ] GC(883) Concurrent Preclean
[3700.978s][info][gc,marking     ] GC(883) Concurrent Preclean 0.135ms
[3700.978s][info][gc,start       ] GC(883) Pause Remark
[3700.984s][info][gc             ] GC(883) Pause Remark 2332M->2332M(4096M) 5.792ms
[3700.984s][info][gc,cpu         ] GC(883) User=0.03s Sys=0.00s Real=0.00s
[3700.985s][info][gc,marking     ] GC(883) Concurrent Mark 1026.262ms
[3700.985s][info][gc,marking     ] GC(883) Concurrent Rebuild Remembered Sets and Scrub Regions
.[3701.350s][info][gc,marking     ] GC(883) Concurrent Rebuild Remembered Sets and Scrub Regions 365.052ms
[3701.350s][info][gc,start       ] GC(883) Pause Cleanup
[3701.351s][info][gc             ] GC(883) Pause Cleanup 2682M->2682M(4096M) 0.127ms
[3701.351s][info][gc,cpu         ] GC(883) User=0.00s Sys=0.00s Real=0.00s
[3701.351s][info][gc,marking     ] GC(883) Concurrent Clear Claimed Marks
[3701.351s][info][gc,marking     ] GC(883) Concurrent Clear Claimed Marks 0.031ms
[3701.351s][info][gc,marking     ] GC(883) Concurrent Cleanup for Next Mark
[3701.357s][info][gc,marking     ] GC(883) Concurrent Cleanup for Next Mark 5.610ms
[3701.357s][info][gc             ] GC(883) Concurrent Mark Cycle 1572.779ms
.[3702.556s][info][gc,start       ] GC(884) Pause Young (Prepare Mixed) (G1 Evacuation Pause)
[3702.556s][info][gc,task        ] GC(884) Using 6 workers of 6 for evacuation
[3702.674s][info][gc,phases      ] GC(884)   Pre Evacuate Collection Set: 0.32ms
[3702.675s][info][gc,phases      ] GC(884)   Merge Heap Roots: 0.53ms
[3702.675s][info][gc,phases      ] GC(884)   Evacuate Collection Set: 116.59ms
[3702.675s][info][gc,phases      ] GC(884)   Post Evacuate Collection Set: 0.95ms
[3702.675s][info][gc,phases      ] GC(884)   Other: 0.09ms
[3702.675s][info][gc,heap        ] GC(884) Eden regions: 1117->0(1105)
[3702.675s][info][gc,heap        ] GC(884) Survivor regions: 111->112(154)
[3702.675s][info][gc,heap        ] GC(884) Old regions: 505->536
[3702.675s][info][gc,heap        ] GC(884) Humongous regions: 80->80
[3702.675s][info][gc,metaspace   ] GC(884) Metaspace: 28863K(29248K)->28863K(29248K) NonClass: 23996K(24192K)->23996K(24192K) Class: 4867K(5056K)->4867K(5056K)
[3702.675s][info][gc             ] GC(884) Pause Young (Prepare Mixed) (G1 Evacuation Pause) 3624M->1454M(4096M) 118.601ms
[3702.675s][info][gc,cpu         ] GC(884) User=0.70s Sys=0.00s Real=0.12s
...[3705.368s][info][gc,start       ] GC(885) Pause Young (Mixed) (G1 Evacuation Pause)
[3705.368s][info][gc,task        ] GC(885) Using 6 workers of 6 for evacuation
[3705.509s][info][gc,phases      ] GC(885)   Pre Evacuate Collection Set: 0.38ms
[3705.509s][info][gc,phases      ] GC(885)   Merge Heap Roots: 0.75ms
[3705.509s][info][gc,phases      ] GC(885)   Evacuate Collection Set: 138.52ms
[3705.509s][info][gc,phases      ] GC(885)   Post Evacuate Collection Set: 0.96ms
[3705.509s][info][gc,phases      ] GC(885)   Other: 0.10ms
[3705.509s][info][gc,heap        ] GC(885) Eden regions: 1105->0(1114)
[3705.509s][info][gc,heap        ] GC(885) Survivor regions: 112->114(153)
[3705.509s][info][gc,heap        ] GC(885) Old regions: 536->472
[3705.509s][info][gc,heap        ] GC(885) Humongous regions: 80->80
[3705.509s][info][gc,metaspace   ] GC(885) Metaspace: 28863K(29248K)->28863K(29248K) NonClass: 23996K(24192K)->23996K(24192K) Class: 4867K(5056K)->4867K(5056K)
[3705.509s][info][gc             ] GC(885) Pause Young (Mixed) (G1 Evacuation Pause) 3664M->1330M(4096M) 140.852ms
[3705.509s][info][gc,cpu         ] GC(885) User=0.83s Sys=0.00s Real=0.14s
...[3708.343s][info][gc,start       ] GC(886) Pause Young (Concurrent Start) (G1 Evacuation Pause)
[3708.343s][info][gc,task        ] GC(886) Using 6 workers of 6 for evacuation
[3708.463s][info][gc,phases      ] GC(886)   Pre Evacuate Collection Set: 0.37ms
[3708.463s][info][gc,phases      ] GC(886)   Merge Heap Roots: 0.51ms
[3708.463s][info][gc,phases      ] GC(886)   Evacuate Collection Set: 118.18ms
[3708.463s][info][gc,phases      ] GC(886)   Post Evacuate Collection Set: 0.89ms
[3708.463s][info][gc,phases      ] GC(886)   Other: 0.11ms
[3708.463s][info][gc,heap        ] GC(886) Eden regions: 1114->0(1117)
[3708.463s][info][gc,heap        ] GC(886) Survivor regions: 114->111(154)
[3708.463s][info][gc,heap        ] GC(886) Old regions: 472->505
[3708.463s][info][gc,heap        ] GC(886) Humongous regions: 80->80
[3708.463s][info][gc,metaspace   ] GC(886) Metaspace: 28863K(29248K)->28863K(29248K) NonClass: 23996K(24192K)->23996K(24192K) Class: 4867K(5056K)->4867K(5056K)
[3708.463s][info][gc             ] GC(886) Pause Young (Concurrent Start) (G1 Evacuation Pause) 3558M->1390M(4096M) 120.206ms
[3708.463s][info][gc             ] GC(887) Concurrent Mark Cycle
[3708.463s][info][gc,marking     ] GC(887) Concurrent Scan Root Regions
[3708.463s][info][gc,cpu         ] GC(886) User=0.71s Sys=0.00s Real=0.12s
[3708.644s][info][gc,marking     ] GC(887) Concurrent Scan Root Regions 180.667ms
[3708.644s][info][gc,marking     ] GC(887) Concurrent Mark
[3708.644s][info][gc,marking     ] GC(887) Concurrent Mark From Roots
[3708.644s][info][gc,task        ] GC(887) Using 2 workers of 2 for marking
.[3709.633s][info][gc,marking     ] GC(887) Concurrent Mark From Roots 989.508ms
[3709.633s][info][gc,marking     ] GC(887) Concurrent Preclean
[3709.633s][info][gc,marking     ] GC(887) Concurrent Preclean 0.162ms
[3709.634s][info][gc,start       ] GC(887) Pause Remark
[3709.641s][info][gc             ] GC(887) Pause Remark 2378M->2378M(4096M) 6.817ms
[3709.641s][info][gc,cpu         ] GC(887) User=0.04s Sys=0.01s Real=0.01s
[3709.642s][info][gc,marking     ] GC(887) Concurrent Mark 997.971ms
[3709.642s][info][gc,marking     ] GC(887) Concurrent Rebuild Remembered Sets and Scrub Regions
[3710.051s][info][gc,marking     ] GC(887) Concurrent Rebuild Remembered Sets and Scrub Regions 409.718ms
[3710.055s][info][gc,start       ] GC(887) Pause Cleanup
[3710.055s][info][gc             ] GC(887) Pause Cleanup 2732M->2732M(4096M) 0.132ms
[3710.055s][info][gc,cpu         ] GC(887) User=0.00s Sys=0.00s Real=0.00s
[3710.055s][info][gc,marking     ] GC(887) Concurrent Clear Claimed Marks
[3710.055s][info][gc,marking     ] GC(887) Concurrent Clear Claimed Marks 0.032ms
[3710.055s][info][gc,marking     ] GC(887) Concurrent Cleanup for Next Mark
[3710.060s][info][gc,marking     ] GC(887) Concurrent Cleanup for Next Mark 5.542ms
[3710.060s][info][gc             ] GC(887) Concurrent Mark Cycle 1597.594ms
..[3711.233s][info][gc,start       ] GC(888) Pause Young (Prepare Mixed) (G1 Evacuation Pause)
[3711.233s][info][gc,task        ] GC(888) Using 6 workers of 6 for evacuation
[3711.353s][info][gc,phases      ] GC(888)   Pre Evacuate Collection Set: 0.34ms
[3711.353s][info][gc,phases      ] GC(888)   Merge Heap Roots: 0.63ms
[3711.353s][info][gc,phases      ] GC(888)   Evacuate Collection Set: 117.22ms
[3711.353s][info][gc,phases      ] GC(888)   Post Evacuate Collection Set: 0.95ms
[3711.353s][info][gc,phases      ] GC(888)   Other: 0.09ms
[3711.353s][info][gc,heap        ] GC(888) Eden regions: 1117->0(1109)
[3711.353s][info][gc,heap        ] GC(888) Survivor regions: 111->110(154)
[3711.353s][info][gc,heap        ] GC(888) Old regions: 505->536
[3711.353s][info][gc,heap        ] GC(888) Humongous regions: 80->80
[3711.353s][info][gc,metaspace   ] GC(888) Metaspace: 28863K(29248K)->28863K(29248K) NonClass: 23996K(24192K)->23996K(24192K) Class: 4867K(5056K)->4867K(5056K)
[3711.353s][info][gc             ] GC(888) Pause Young (Prepare Mixed) (G1 Evacuation Pause) 3624M->1450M(4096M) 119.346ms
[3711.353s][info][gc,cpu         ] GC(888) User=0.71s Sys=0.00s Real=0.12s
. (rIR:aIR:PR = 6503:6509:6510) (tPR = 96954) [OK] 
  3712s: Performance info:
         Transaction,    Success,    Partial,     Failed,   Receipts, AvgBarcode, 
             Overall,     395287,          0,          0,     375523,      59.48, 
         Response times:
             Request,    Success,    Partial,     Failed,   SkipFail,     Probes,    Samples,      min,      p50,      p90,      p95,      p99,      max, 
       TotalPurchase,     375478,          0,          0,          0,     363243,     403081,      300,     5900,    37000,    62000,   121000,   442000,
     InStorePurchase,     197788,          0,          0,          0,     191652,     212353,      300,     6000,    38000,    62000,   125000,   442000,
      OnlinePurchase,     138193,          0,          0,          0,     133475,     148010,      300,     5800,    37000,    61000,   115000,   267000,
        InstPurchase,      39497,          0,          0,          0,      38116,      42718,      300,     6000,    37000,    62000,   118000,   230000,
          AssocOfCat,        395,          0,          0,          0,        317,        434,    24000,    42000,    85000,   112250,   178200,   186000,
      AssocOfProduct,       3964,          0,          0,          0,       3667,       4303,      900,     5100,    36000,    63000,   117960,   233000,
      BusinessReport,        987,          0,          0,          0,        877,       1080,    30000,    50000,   114900,   158900,   206000,   250000,
          CustBuyBeh,       3950,          0,          0,          0,       3575,       4175,      400,     5900,    40000,    62000,   110480,   199000,
       ProductReturn,      10467,          0,          0,          0,       9940,      11312,      300,     6400,    43000,    68000,   120000,   233000,

  3712s: (48%)   IR =   6642 .[3713.981s][info][gc,start       ] GC(889) Pause Young (Mixed) (G1 Evacuation Pause)
[3713.981s][info][gc,task        ] GC(889) Using 6 workers of 6 for evacuation
[3714.117s][info][gc,phases      ] GC(889)   Pre Evacuate Collection Set: 0.37ms
[3714.117s][info][gc,phases      ] GC(889)   Merge Heap Roots: 0.80ms
[3714.117s][info][gc,phases      ] GC(889)   Evacuate Collection Set: 134.27ms
[3714.117s][info][gc,phases      ] GC(889)   Post Evacuate Collection Set: 1.03ms
[3714.117s][info][gc,phases      ] GC(889)   Other: 0.09ms
[3714.117s][info][gc,heap        ] GC(889) Eden regions: 1109->0(1118)
[3714.117s][info][gc,heap        ] GC(889) Survivor regions: 110->110(153)
[3714.117s][info][gc,heap        ] GC(889) Old regions: 536->472
[3714.117s][info][gc,heap        ] GC(889) Humongous regions: 80->80
[3714.117s][info][gc,metaspace   ] GC(889) Metaspace: 28863K(29248K)->28863K(29248K) NonClass: 23996K(24192K)->23996K(24192K) Class: 4867K(5056K)->4867K(5056K)
[3714.117s][info][gc             ] GC(889) Pause Young (Mixed) (G1 Evacuation Pause) 3668M->1323M(4096M) 136.694ms
[3714.117s][info][gc,cpu         ] GC(889) User=0.81s Sys=0.00s Real=0.13s
...[3716.872s][info][gc,start       ] GC(890) Pause Young (Concurrent Start) (G1 Evacuation Pause)
[3716.872s][info][gc,task        ] GC(890) Using 6 workers of 6 for evacuation
[3716.990s][info][gc,phases      ] GC(890)   Pre Evacuate Collection Set: 0.39ms
[3716.990s][info][gc,phases      ] GC(890)   Merge Heap Roots: 0.52ms
[3716.990s][info][gc,phases      ] GC(890)   Evacuate Collection Set: 115.97ms
[3716.990s][info][gc,phases      ] GC(890)   Post Evacuate Collection Set: 0.87ms
[3716.990s][info][gc,phases      ] GC(890)   Other: 0.13ms
[3716.990s][info][gc,heap        ] GC(890) Eden regions: 1118->0(1118)
[3716.990s][info][gc,heap        ] GC(890) Survivor regions: 110->110(154)
[3716.990s][info][gc,heap        ] GC(890) Old regions: 472->504
[3716.990s][info][gc,heap        ] GC(890) Humongous regions: 80->80
[3716.990s][info][gc,metaspace   ] GC(890) Metaspace: 28863K(29248K)->28863K(29248K) NonClass: 23996K(24192K)->23996K(24192K) Class: 4867K(5056K)->4867K(5056K)
[3716.990s][info][gc             ] GC(890) Pause Young (Concurrent Start) (G1 Evacuation Pause) 3559M->1386M(4096M) 118.005ms
[3716.990s][info][gc             ] GC(891) Concurrent Mark Cycle
[3716.990s][info][gc,marking     ] GC(891) Concurrent Scan Root Regions
[3716.990s][info][gc,cpu         ] GC(890) User=0.70s Sys=0.00s Real=0.12s
[3717.161s][info][gc,marking     ] GC(891) Concurrent Scan Root Regions 171.695ms
[3717.161s][info][gc,marking     ] GC(891) Concurrent Mark
[3717.161s][info][gc,marking     ] GC(891) Concurrent Mark From Roots
[3717.161s][info][gc,task        ] GC(891) Using 2 workers of 2 for marking
.[3718.170s][info][gc,marking     ] GC(891) Concurrent Mark From Roots 1008.136ms
[3718.170s][info][gc,marking     ] GC(891) Concurrent Preclean
[3718.170s][info][gc,marking     ] GC(891) Concurrent Preclean 0.150ms
[3718.173s][info][gc,start       ] GC(891) Pause Remark
[3718.180s][info][gc             ] GC(891) Pause Remark 2376M->2376M(4096M) 7.032ms
[3718.180s][info][gc,cpu         ] GC(891) User=0.04s Sys=0.00s Real=0.01s
[3718.180s][info][gc,marking     ] GC(891) Concurrent Mark 1018.930ms
[3718.180s][info][gc,marking     ] GC(891) Concurrent Rebuild Remembered Sets and Scrub Regions
.[3718.538s][info][gc,marking     ] GC(891) Concurrent Rebuild Remembered Sets and Scrub Regions 357.726ms
[3718.538s][info][gc,start       ] GC(891) Pause Cleanup
[3718.538s][info][gc             ] GC(891) Pause Cleanup 2706M->2706M(4096M) 0.111ms
[3718.538s][info][gc,cpu         ] GC(891) User=0.00s Sys=0.00s Real=0.00s
[3718.538s][info][gc,marking     ] GC(891) Concurrent Clear Claimed Marks
[3718.538s][info][gc,marking     ] GC(891) Concurrent Clear Claimed Marks 0.032ms
[3718.538s][info][gc,marking     ] GC(891) Concurrent Cleanup for Next Mark
[3718.543s][info][gc,marking     ] GC(891) Concurrent Cleanup for Next Mark 4.167ms
[3718.543s][info][gc             ] GC(891) Concurrent Mark Cycle 1552.980ms
.[3719.694s][info][gc,start       ] GC(892) Pause Young (Prepare Mixed) (G1 Evacuation Pause)
[3719.694s][info][gc,task        ] GC(892) Using 6 workers of 6 for evacuation
[3719.811s][info][gc,phases      ] GC(892)   Pre Evacuate Collection Set: 0.33ms
[3719.811s][info][gc,phases      ] GC(892)   Merge Heap Roots: 0.60ms
[3719.811s][info][gc,phases      ] GC(892)   Evacuate Collection Set: 115.25ms
[3719.811s][info][gc,phases      ] GC(892)   Post Evacuate Collection Set: 0.96ms
[3719.811s][info][gc,phases      ] GC(892)   Other: 0.08ms
[3719.811s][info][gc,heap        ] GC(892) Eden regions: 1118->0(1113)
[3719.811s][info][gc,heap        ] GC(892) Survivor regions: 110->108(154)
[3719.811s][info][gc,heap        ] GC(892) Old regions: 504->536
[3719.811s][info][gc,heap        ] GC(892) Humongous regions: 80->80
[3719.811s][info][gc,metaspace   ] GC(892) Metaspace: 28863K(29248K)->28863K(29248K) NonClass: 23996K(24192K)->23996K(24192K) Class: 4867K(5056K)->4867K(5056K)
[3719.811s][info][gc             ] GC(892) Pause Young (Prepare Mixed) (G1 Evacuation Pause) 3622M->1446M(4096M) 117.357ms
[3719.811s][info][gc,cpu         ] GC(892) User=0.70s Sys=0.00s Real=0.12s
..|.[3722.461s][info][gc,start       ] GC(893) Pause Young (Mixed) (G1 Evacuation Pause)
[3722.461s][info][gc,task        ] GC(893) Using 6 workers of 6 for evacuation
[3722.600s][info][gc,phases      ] GC(893)   Pre Evacuate Collection Set: 0.39ms
[3722.600s][info][gc,phases      ] GC(893)   Merge Heap Roots: 0.73ms
[3722.600s][info][gc,phases      ] GC(893)   Evacuate Collection Set: 135.86ms
[3722.600s][info][gc,phases      ] GC(893)   Post Evacuate Collection Set: 0.99ms
[3722.600s][info][gc,phases      ] GC(893)   Other: 0.10ms
[3722.600s][info][gc,heap        ] GC(893) Eden regions: 1113->0(1117)
[3722.600s][info][gc,heap        ] GC(893) Survivor regions: 108->111(153)
[3722.600s][info][gc,heap        ] GC(893) Old regions: 536->474
[3722.600s][info][gc,heap        ] GC(893) Humongous regions: 80->80
[3722.600s][info][gc,metaspace   ] GC(893) Metaspace: 28863K(29248K)->28863K(29248K) NonClass: 23996K(24192K)->23996K(24192K) Class: 4867K(5056K)->4867K(5056K)
[3722.600s][info][gc             ] GC(893) Pause Young (Mixed) (G1 Evacuation Pause) 3672M->1329M(4096M) 138.202ms
[3722.600s][info][gc,cpu         ] GC(893) User=0.81s Sys=0.00s Real=0.14s
...[3725.396s][info][gc,start       ] GC(894) Pause Young (Concurrent Start) (G1 Evacuation Pause)
[3725.396s][info][gc,task        ] GC(894) Using 6 workers of 6 for evacuation
[3725.517s][info][gc,phases      ] GC(894)   Pre Evacuate Collection Set: 0.39ms
[3725.517s][info][gc,phases      ] GC(894)   Merge Heap Roots: 0.49ms
[3725.517s][info][gc,phases      ] GC(894)   Evacuate Collection Set: 118.37ms
[3725.517s][info][gc,phases      ] GC(894)   Post Evacuate Collection Set: 0.89ms
[3725.517s][info][gc,phases      ] GC(894)   Other: 0.13ms
[3725.517s][info][gc,heap        ] GC(894) Eden regions: 1117->0(1116)
[3725.517s][info][gc,heap        ] GC(894) Survivor regions: 111->112(154)
[3725.517s][info][gc,heap        ] GC(894) Old regions: 474->504
[3725.517s][info][gc,heap        ] GC(894) Humongous regions: 80->80
[3725.517s][info][gc,metaspace   ] GC(894) Metaspace: 28863K(29248K)->28863K(29248K) NonClass: 23996K(24192K)->23996K(24192K) Class: 4867K(5056K)->4867K(5056K)
[3725.517s][info][gc             ] GC(894) Pause Young (Concurrent Start) (G1 Evacuation Pause) 3563M->1391M(4096M) 120.387ms
[3725.517s][info][gc             ] GC(895) Concurrent Mark Cycle
[3725.517s][info][gc,marking     ] GC(895) Concurrent Scan Root Regions
[3725.517s][info][gc,cpu         ] GC(894) User=0.71s Sys=0.00s Real=0.12s
[3725.684s][info][gc,marking     ] GC(895) Concurrent Scan Root Regions 167.042ms
[3725.684s][info][gc,marking     ] GC(895) Concurrent Mark
[3725.684s][info][gc,marking     ] GC(895) Concurrent Mark From Roots
[3725.684s][info][gc,task        ] GC(895) Using 2 workers of 2 for marking
.[3726.654s][info][gc,marking     ] GC(895) Concurrent Mark From Roots 970.499ms
[3726.654s][info][gc,marking     ] GC(895) Concurrent Preclean
[3726.655s][info][gc,marking     ] GC(895) Concurrent Preclean 0.166ms
[3726.655s][info][gc,start       ] GC(895) Pause Remark
[3726.661s][info][gc             ] GC(895) Pause Remark 2385M->2385M(4096M) 6.404ms
[3726.661s][info][gc,cpu         ] GC(895) User=0.04s Sys=0.00s Real=0.01s
[3726.663s][info][gc,marking     ] GC(895) Concurrent Mark 978.910ms
[3726.663s][info][gc,marking     ] GC(895) Concurrent Rebuild Remembered Sets and Scrub Regions
[3726.971s][info][gc,marking     ] GC(895) Concurrent Rebuild Remembered Sets and Scrub Regions 308.482ms
[3726.971s][info][gc,start       ] GC(895) Pause Cleanup
[3726.972s][info][gc             ] GC(895) Pause Cleanup 2613M->2613M(4096M) 0.118ms
[3726.972s][info][gc,cpu         ] GC(895) User=0.00s Sys=0.00s Real=0.00s
[3726.972s][info][gc,marking     ] GC(895) Concurrent Clear Claimed Marks
[3726.972s][info][gc,marking     ] GC(895) Concurrent Clear Claimed Marks 0.024ms
[3726.972s][info][gc,marking     ] GC(895) Concurrent Cleanup for Next Mark
[3726.978s][info][gc,marking     ] GC(895) Concurrent Cleanup for Next Mark 6.253ms
[3726.978s][info][gc             ] GC(895) Concurrent Mark Cycle 1461.263ms
.[3728.188s][info][gc,start       ] GC(896) Pause Young (Prepare Mixed) (G1 Evacuation Pause)
[3728.188s][info][gc,task        ] GC(896) Using 6 workers of 6 for evacuation
[3728.312s][info][gc,phases      ] GC(896)   Pre Evacuate Collection Set: 0.32ms
[3728.312s][info][gc,phases      ] GC(896)   Merge Heap Roots: 0.60ms
[3728.312s][info][gc,phases      ] GC(896)   Evacuate Collection Set: 121.86ms
[3728.312s][info][gc,phases      ] GC(896)   Post Evacuate Collection Set: 1.01ms
[3728.312s][info][gc,phases      ] GC(896)   Other: 0.09ms
[3728.312s][info][gc,heap        ] GC(896) Eden regions: 1116->0(1101)
[3728.312s][info][gc,heap        ] GC(896) Survivor regions: 112->114(154)
[3728.312s][info][gc,heap        ] GC(896) Old regions: 504->536
[3728.312s][info][gc,heap        ] GC(896) Humongous regions: 80->80
[3728.312s][info][gc,metaspace   ] GC(896) Metaspace: 28863K(29248K)->28863K(29248K) NonClass: 23996K(24192K)->23996K(24192K) Class: 4867K(5056K)->4867K(5056K)
[3728.312s][info][gc             ] GC(896) Pause Young (Prepare Mixed) (G1 Evacuation Pause) 3623M->1457M(4096M) 124.035ms
[3728.312s][info][gc,cpu         ] GC(896) User=0.73s Sys=0.00s Real=0.12s
...[3730.981s][info][gc,start       ] GC(897) Pause Young (Mixed) (G1 Evacuation Pause)
[3730.981s][info][gc,task        ] GC(897) Using 6 workers of 6 for evacuation
[3731.116s][info][gc,phases      ] GC(897)   Pre Evacuate Collection Set: 0.38ms
[3731.116s][info][gc,phases      ] GC(897)   Merge Heap Roots: 0.84ms
[3731.116s][info][gc,phases      ] GC(897)   Evacuate Collection Set: 132.53ms
[3731.116s][info][gc,phases      ] GC(897)   Post Evacuate Collection Set: 0.97ms
[3731.116s][info][gc,phases      ] GC(897)   Other: 0.09ms
[3731.116s][info][gc,heap        ] GC(897) Eden regions: 1101->0(1120)
[3731.116s][info][gc,heap        ] GC(897) Survivor regions: 114->108(152)
[3731.116s][info][gc,heap        ] GC(897) Old regions: 536->473
[3731.116s][info][gc,heap        ] GC(897) Humongous regions: 80->80
[3731.116s][info][gc,metaspace   ] GC(897) Metaspace: 28863K(29248K)->28863K(29248K) NonClass: 23996K(24192K)->23996K(24192K) Class: 4867K(5056K)->4867K(5056K)
[3731.116s][info][gc             ] GC(897) Pause Young (Mixed) (G1 Evacuation Pause) 3659M->1320M(4096M) 134.945ms
[3731.116s][info][gc,cpu         ] GC(897) User=0.79s Sys=0.00s Real=0.13s
...[3733.839s][info][gc,start       ] GC(898) Pause Young (Concurrent Start) (G1 Evacuation Pause)
[3733.839s][info][gc,task        ] GC(898) Using 6 workers of 6 for evacuation
[3733.956s][info][gc,phases      ] GC(898)   Pre Evacuate Collection Set: 0.39ms
[3733.956s][info][gc,phases      ] GC(898)   Merge Heap Roots: 0.57ms
[3733.956s][info][gc,phases      ] GC(898)   Evacuate Collection Set: 115.07ms
[3733.956s][info][gc,phases      ] GC(898)   Post Evacuate Collection Set: 0.89ms
[3733.956s][info][gc,phases      ] GC(898)   Other: 0.12ms
[3733.956s][info][gc,heap        ] GC(898) Eden regions: 1120->0(1120)
[3733.956s][info][gc,heap        ] GC(898) Survivor regions: 108->108(154)
[3733.956s][info][gc,heap        ] GC(898) Old regions: 473->505
[3733.956s][info][gc,heap        ] GC(898) Humongous regions: 80->80
[3733.956s][info][gc,metaspace   ] GC(898) Metaspace: 28863K(29248K)->28863K(29248K) NonClass: 23996K(24192K)->23996K(24192K) Class: 4867K(5056K)->4867K(5056K)
[3733.956s][info][gc             ] GC(898) Pause Young (Concurrent Start) (G1 Evacuation Pause) 3560M->1384M(4096M) 117.182ms
[3733.956s][info][gc             ] GC(899) Concurrent Mark Cycle
[3733.956s][info][gc,marking     ] GC(899) Concurrent Scan Root Regions
[3733.956s][info][gc,cpu         ] GC(898) User=0.69s Sys=0.00s Real=0.11s
[3734.090s][info][gc,marking     ] GC(899) Concurrent Scan Root Regions 133.119ms
[3734.090s][info][gc,marking     ] GC(899) Concurrent Mark
[3734.090s][info][gc,marking     ] GC(899) Concurrent Mark From Roots
[3734.090s][info][gc,task        ] GC(899) Using 2 workers of 2 for marking
.[3734.789s][info][gc,marking     ] GC(899) Concurrent Mark From Roots 699.131ms
[3734.789s][info][gc,marking     ] GC(899) Concurrent Preclean
[3734.789s][info][gc,marking     ] GC(899) Concurrent Preclean 0.098ms
[3734.791s][info][gc,start       ] GC(899) Pause Remark
[3734.796s][info][gc             ] GC(899) Pause Remark 2056M->2056M(4096M) 5.132ms
[3734.796s][info][gc,cpu         ] GC(899) User=0.03s Sys=0.00s Real=0.00s
[3734.796s][info][gc,marking     ] GC(899) Concurrent Mark 706.640ms
[3734.796s][info][gc,marking     ] GC(899) Concurrent Rebuild Remembered Sets and Scrub Regions
[3735.112s][info][gc,marking     ] GC(899) Concurrent Rebuild Remembered Sets and Scrub Regions 315.252ms
[3735.113s][info][gc,start       ] GC(899) Pause Cleanup
[3735.113s][info][gc             ] GC(899) Pause Cleanup 2338M->2338M(4096M) 0.128ms
[3735.113s][info][gc,cpu         ] GC(899) User=0.00s Sys=0.00s Real=0.00s
[3735.114s][info][gc,marking     ] GC(899) Concurrent Clear Claimed Marks
[3735.114s][info][gc,marking     ] GC(899) Concurrent Clear Claimed Marks 0.035ms
[3735.114s][info][gc,marking     ] GC(899) Concurrent Cleanup for Next Mark
[3735.129s][info][gc,marking     ] GC(899) Concurrent Cleanup for Next Mark 15.193ms
[3735.129s][info][gc             ] GC(899) Concurrent Mark Cycle 1172.750ms
..[3736.641s][info][gc,start       ] GC(900) Pause Young (Prepare Mixed) (G1 Evacuation Pause)
[3736.641s][info][gc,task        ] GC(900) Using 6 workers of 6 for evacuation
[3736.758s][info][gc,phases      ] GC(900)   Pre Evacuate Collection Set: 0.34ms
[3736.758s][info][gc,phases      ] GC(900)   Merge Heap Roots: 0.56ms
[3736.758s][info][gc,phases      ] GC(900)   Evacuate Collection Set: 115.18ms
[3736.758s][info][gc,phases      ] GC(900)   Post Evacuate Collection Set: 0.96ms
[3736.758s][info][gc,phases      ] GC(900)   Other: 0.09ms
[3736.758s][info][gc,heap        ] GC(900) Eden regions: 1120->0(1113)
[3736.758s][info][gc,heap        ] GC(900) Survivor regions: 108->108(154)
[3736.758s][info][gc,heap        ] GC(900) Old regions: 505->536
[3736.758s][info][gc,heap        ] GC(900) Humongous regions: 80->80
[3736.758s][info][gc,metaspace   ] GC(900) Metaspace: 28863K(29248K)->28863K(29248K) NonClass: 23996K(24192K)->23996K(24192K) Class: 4867K(5056K)->4867K(5056K)
[3736.758s][info][gc             ] GC(900) Pause Young (Prepare Mixed) (G1 Evacuation Pause) 3624M->1445M(4096M) 117.268ms
[3736.758s][info][gc,cpu         ] GC(900) User=0.70s Sys=0.00s Real=0.12s
...[3739.541s][info][gc,start       ] GC(901) Pause Young (Mixed) (G1 Evacuation Pause)
[3739.541s][info][gc,task        ] GC(901) Using 6 workers of 6 for evacuation
[3739.677s][info][gc,phases      ] GC(901)   Pre Evacuate Collection Set: 0.41ms
[3739.677s][info][gc,phases      ] GC(901)   Merge Heap Roots: 0.76ms
[3739.677s][info][gc,phases      ] GC(901)   Evacuate Collection Set: 133.54ms
[3739.677s][info][gc,phases      ] GC(901)   Post Evacuate Collection Set: 0.94ms
[3739.677s][info][gc,phases      ] GC(901)   Other: 0.10ms
[3739.677s][info][gc,heap        ] GC(901) Eden regions: 1113->0(1116)
[3739.677s][info][gc,heap        ] GC(901) Survivor regions: 108->112(153)
[3739.677s][info][gc,heap        ] GC(901) Old regions: 536->474
[3739.677s][info][gc,heap        ] GC(901) Humongous regions: 80->80
[3739.677s][info][gc,metaspace   ] GC(901) Metaspace: 28863K(29248K)->28863K(29248K) NonClass: 23996K(24192K)->23996K(24192K) Class: 4867K(5056K)->4867K(5056K)
[3739.677s][info][gc             ] GC(901) Pause Young (Mixed) (G1 Evacuation Pause) 3671M->1329M(4096M) 135.909ms
[3739.677s][info][gc,cpu         ] GC(901) User=0.80s Sys=0.00s Real=0.13s
..[3742.329s][info][gc,start       ] GC(902) Pause Young (Concurrent Start) (G1 Evacuation Pause)
[3742.329s][info][gc,task        ] GC(902) Using 6 workers of 6 for evacuation
[3742.446s][info][gc,phases      ] GC(902)   Pre Evacuate Collection Set: 0.43ms
[3742.446s][info][gc,phases      ] GC(902)   Merge Heap Roots: 0.52ms
[3742.446s][info][gc,phases      ] GC(902)   Evacuate Collection Set: 115.43ms
[3742.446s][info][gc,phases      ] GC(902)   Post Evacuate Collection Set: 0.88ms
[3742.446s][info][gc,phases      ] GC(902)   Other: 0.12ms
[3742.446s][info][gc,heap        ] GC(902) Eden regions: 1116->0(1118)
[3742.446s][info][gc,heap        ] GC(902) Survivor regions: 112->110(154)
[3742.446s][info][gc,heap        ] GC(902) Old regions: 474->505
[3742.446s][info][gc,heap        ] GC(902) Humongous regions: 80->80
[3742.446s][info][gc,metaspace   ] GC(902) Metaspace: 28863K(29248K)->28863K(29248K) NonClass: 23996K(24192K)->23996K(24192K) Class: 4867K(5056K)->4867K(5056K)
[3742.446s][info][gc             ] GC(902) Pause Young (Concurrent Start) (G1 Evacuation Pause) 3561M->1388M(4096M) 117.542ms
[3742.446s][info][gc             ] GC(903) Concurrent Mark Cycle
[3742.446s][info][gc,marking     ] GC(903) Concurrent Scan Root Regions
[3742.446s][info][gc,cpu         ] GC(902) User=0.69s Sys=0.00s Real=0.11s
.[3742.600s][info][gc,marking     ] GC(903) Concurrent Scan Root Regions 153.073ms
[3742.600s][info][gc,marking     ] GC(903) Concurrent Mark
[3742.600s][info][gc,marking     ] GC(903) Concurrent Mark From Roots
[3742.600s][info][gc,task        ] GC(903) Using 2 workers of 2 for marking
[3743.294s][info][gc,marking     ] GC(903) Concurrent Mark From Roots 694.501ms
[3743.294s][info][gc,marking     ] GC(903) Concurrent Preclean
[3743.294s][info][gc,marking     ] GC(903) Concurrent Preclean 0.117ms
[3743.295s][info][gc,start       ] GC(903) Pause Remark
[3743.301s][info][gc             ] GC(903) Pause Remark 2079M->2079M(4096M) 5.607ms
[3743.301s][info][gc,cpu         ] GC(903) User=0.02s Sys=0.00s Real=0.01s
[3743.301s][info][gc,marking     ] GC(903) Concurrent Mark 701.870ms
[3743.301s][info][gc,marking     ] GC(903) Concurrent Rebuild Remembered Sets and Scrub Regions
[3743.566s][info][gc,marking     ] GC(903) Concurrent Rebuild Remembered Sets and Scrub Regions 264.077ms
[3743.566s][info][gc,start       ] GC(903) Pause Cleanup
[3743.566s][info][gc             ] GC(903) Pause Cleanup 2314M->2314M(4096M) 0.103ms
[3743.566s][info][gc,cpu         ] GC(903) User=0.00s Sys=0.00s Real=0.00s
[3743.566s][info][gc,marking     ] GC(903) Concurrent Clear Claimed Marks
[3743.566s][info][gc,marking     ] GC(903) Concurrent Clear Claimed Marks 0.023ms
[3743.566s][info][gc,marking     ] GC(903) Concurrent Cleanup for Next Mark
[3743.570s][info][gc,marking     ] GC(903) Concurrent Cleanup for Next Mark 4.387ms
[3743.570s][info][gc             ] GC(903) Concurrent Mark Cycle 1124.026ms
..[3745.158s][info][gc,start       ] GC(904) Pause Young (Prepare Mixed) (G1 Evacuation Pause)
[3745.158s][info][gc,task        ] GC(904) Using 6 workers of 6 for evacuation
[3745.278s][info][gc,phases      ] GC(904)   Pre Evacuate Collection Set: 0.33ms
[3745.278s][info][gc,phases      ] GC(904)   Merge Heap Roots: 0.50ms
[3745.278s][info][gc,phases      ] GC(904)   Evacuate Collection Set: 117.81ms
[3745.278s][info][gc,phases      ] GC(904)   Post Evacuate Collection Set: 0.92ms
[3745.278s][info][gc,phases      ] GC(904)   Other: 0.09ms
[3745.278s][info][gc,heap        ] GC(904) Eden regions: 1118->0(1108)
[3745.278s][info][gc,heap        ] GC(904) Survivor regions: 110->110(154)
[3745.278s][info][gc,heap        ] GC(904) Old regions: 505->537
[3745.278s][info][gc,heap        ] GC(904) Humongous regions: 80->80
[3745.278s][info][gc,metaspace   ] GC(904) Metaspace: 28863K(29248K)->28863K(29248K) NonClass: 23996K(24192K)->23996K(24192K) Class: 4867K(5056K)->4867K(5056K)
[3745.278s][info][gc             ] GC(904) Pause Young (Prepare Mixed) (G1 Evacuation Pause) 3624M->1453M(4096M) 119.781ms
[3745.278s][info][gc,cpu         ] GC(904) User=0.71s Sys=0.00s Real=0.11s
...[3747.987s][info][gc,start       ] GC(905) Pause Young (Mixed) (G1 Evacuation Pause)
[3747.987s][info][gc,task        ] GC(905) Using 6 workers of 6 for evacuation
[3748.119s][info][gc,phases      ] GC(905)   Pre Evacuate Collection Set: 0.37ms
[3748.119s][info][gc,phases      ] GC(905)   Merge Heap Roots: 0.77ms
[3748.119s][info][gc,phases      ] GC(905)   Evacuate Collection Set: 129.51ms
[3748.119s][info][gc,phases      ] GC(905)   Post Evacuate Collection Set: 0.95ms
[3748.119s][info][gc,phases      ] GC(905)   Other: 0.10ms
[3748.119s][info][gc,heap        ] GC(905) Eden regions: 1108->0(1120)
[3748.119s][info][gc,heap        ] GC(905) Survivor regions: 110->108(153)
[3748.119s][info][gc,heap        ] GC(905) Old regions: 537->473
[3748.119s][info][gc,heap        ] GC(905) Humongous regions: 80->80
[3748.119s][info][gc,metaspace   ] GC(905) Metaspace: 28863K(29248K)->28863K(29248K) NonClass: 23996K(24192K)->23996K(24192K) Class: 4867K(5056K)->4867K(5056K)
[3748.119s][info][gc             ] GC(905) Pause Young (Mixed) (G1 Evacuation Pause) 3669M->1320M(4096M) 131.838ms
[3748.119s][info][gc,cpu         ] GC(905) User=0.78s Sys=0.00s Real=0.14s
...[3750.872s][info][gc,start       ] GC(906) Pause Young (Concurrent Start) (G1 Evacuation Pause)
[3750.872s][info][gc,task        ] GC(906) Using 6 workers of 6 for evacuation
[3750.992s][info][gc,phases      ] GC(906)   Pre Evacuate Collection Set: 0.39ms
[3750.992s][info][gc,phases      ] GC(906)   Merge Heap Roots: 0.42ms
[3750.992s][info][gc,phases      ] GC(906)   Evacuate Collection Set: 118.40ms
[3750.992s][info][gc,phases      ] GC(906)   Post Evacuate Collection Set: 0.89ms
[3750.992s][info][gc,phases      ] GC(906)   Other: 0.11ms
[3750.992s][info][gc,heap        ] GC(906) Eden regions: 1120->0(1117)
[3750.992s][info][gc,heap        ] GC(906) Survivor regions: 108->111(154)
[3750.992s][info][gc,heap        ] GC(906) Old regions: 473->504
[3750.992s][info][gc,heap        ] GC(906) Humongous regions: 80->80
[3750.992s][info][gc,metaspace   ] GC(906) Metaspace: 28863K(29248K)->28863K(29248K) NonClass: 23996K(24192K)->23996K(24192K) Class: 4867K(5056K)->4867K(5056K)
[3750.992s][info][gc             ] GC(906) Pause Young (Concurrent Start) (G1 Evacuation Pause) 3560M->1389M(4096M) 120.345ms
[3750.992s][info][gc             ] GC(907) Concurrent Mark Cycle
[3750.992s][info][gc,marking     ] GC(907) Concurrent Scan Root Regions
[3750.992s][info][gc,cpu         ] GC(906) User=0.71s Sys=0.00s Real=0.12s
[3751.167s][info][gc,marking     ] GC(907) Concurrent Scan Root Regions 174.407ms
[3751.167s][info][gc,marking     ] GC(907) Concurrent Mark
[3751.167s][info][gc,marking     ] GC(907) Concurrent Mark From Roots
[3751.167s][info][gc,task        ] GC(907) Using 2 workers of 2 for marking
.[3752.207s][info][gc,marking     ] GC(907) Concurrent Mark From Roots 1040.657ms
[3752.207s][info][gc,marking     ] GC(907) Concurrent Preclean
[3752.207s][info][gc,marking     ] GC(907) Concurrent Preclean 0.131ms
[3752.209s][info][gc,start       ] GC(907) Pause Remark
[3752.215s][info][gc             ] GC(907) Pause Remark 2465M->2465M(4096M) 6.463ms
[3752.215s][info][gc,cpu         ] GC(907) User=0.03s Sys=0.00s Real=0.00s
[3752.216s][info][gc,marking     ] GC(907) Concurrent Mark 1048.971ms
[3752.216s][info][gc,marking     ] GC(907) Concurrent Rebuild Remembered Sets and Scrub Regions
[3752.579s][info][gc,marking     ] GC(907) Concurrent Rebuild Remembered Sets and Scrub Regions 363.299ms
[3752.579s][info][gc,start       ] GC(907) Pause Cleanup
[3752.579s][info][gc             ] GC(907) Pause Cleanup 2736M->2736M(4096M) 0.108ms
[3752.579s][info][gc,cpu         ] GC(907) User=0.00s Sys=0.00s Real=0.00s
[3752.579s][info][gc,marking     ] GC(907) Concurrent Clear Claimed Marks
[3752.579s][info][gc,marking     ] GC(907) Concurrent Clear Claimed Marks 0.024ms
[3752.579s][info][gc,marking     ] GC(907) Concurrent Cleanup for Next Mark
[3752.584s][info][gc,marking     ] GC(907) Concurrent Cleanup for Next Mark 4.977ms
[3752.584s][info][gc             ] GC(907) Concurrent Mark Cycle 1592.213ms
.[3753.685s][info][gc,start       ] GC(908) Pause Young (Prepare Mixed) (G1 Evacuation Pause)
[3753.685s][info][gc,task        ] GC(908) Using 6 workers of 6 for evacuation
[3753.803s][info][gc,phases      ] GC(908)   Pre Evacuate Collection Set: 0.32ms
[3753.803s][info][gc,phases      ] GC(908)   Merge Heap Roots: 0.51ms
[3753.803s][info][gc,phases      ] GC(908)   Evacuate Collection Set: 116.01ms
[3753.803s][info][gc,phases      ] GC(908)   Post Evacuate Collection Set: 0.96ms
[3753.803s][info][gc,phases      ] GC(908)   Other: 0.09ms
[3753.803s][info][gc,heap        ] GC(908) Eden regions: 1117->0(1109)
[3753.803s][info][gc,heap        ] GC(908) Survivor regions: 111->110(154)
[3753.803s][info][gc,heap        ] GC(908) Old regions: 504->536
[3753.803s][info][gc,heap        ] GC(908) Humongous regions: 80->80
[3753.803s][info][gc,metaspace   ] GC(908) Metaspace: 28863K(29248K)->28863K(29248K) NonClass: 23996K(24192K)->23996K(24192K) Class: 4867K(5056K)->4867K(5056K)
[3753.803s][info][gc             ] GC(908) Pause Young (Prepare Mixed) (G1 Evacuation Pause) 3623M->1451M(4096M) 118.032ms
[3753.803s][info][gc,cpu         ] GC(908) User=0.70s Sys=0.00s Real=0.12s
...[3756.482s][info][gc,start       ] GC(909) Pause Young (Mixed) (G1 Evacuation Pause)
[3756.483s][info][gc,task        ] GC(909) Using 6 workers of 6 for evacuation
[3756.615s][info][gc,phases      ] GC(909)   Pre Evacuate Collection Set: 0.40ms
[3756.615s][info][gc,phases      ] GC(909)   Merge Heap Roots: 0.62ms
[3756.615s][info][gc,phases      ] GC(909)   Evacuate Collection Set: 130.19ms
[3756.615s][info][gc,phases      ] GC(909)   Post Evacuate Collection Set: 0.95ms
[3756.615s][info][gc,phases      ] GC(909)   Other: 0.09ms
[3756.615s][info][gc,heap        ] GC(909) Eden regions: 1109->0(1118)
[3756.615s][info][gc,heap        ] GC(909) Survivor regions: 110->110(153)
[3756.615s][info][gc,heap        ] GC(909) Old regions: 536->473
[3756.615s][info][gc,heap        ] GC(909) Humongous regions: 80->80
[3756.615s][info][gc,metaspace   ] GC(909) Metaspace: 28863K(29248K)->28863K(29248K) NonClass: 23996K(24192K)->23996K(24192K) Class: 4867K(5056K)->4867K(5056K)
[3756.615s][info][gc             ] GC(909) Pause Young (Mixed) (G1 Evacuation Pause) 3669M->1324M(4096M) 132.380ms
[3756.615s][info][gc,cpu         ] GC(909) User=0.78s Sys=0.00s Real=0.13s
...[3759.359s][info][gc,start       ] GC(910) Pause Young (Concurrent Start) (G1 Evacuation Pause)
[3759.359s][info][gc,task        ] GC(910) Using 6 workers of 6 for evacuation
[3759.476s][info][gc,phases      ] GC(910)   Pre Evacuate Collection Set: 0.37ms
[3759.476s][info][gc,phases      ] GC(910)   Merge Heap Roots: 0.43ms
[3759.476s][info][gc,phases      ] GC(910)   Evacuate Collection Set: 115.46ms
[3759.476s][info][gc,phases      ] GC(910)   Post Evacuate Collection Set: 0.90ms
[3759.476s][info][gc,phases      ] GC(910)   Other: 0.12ms
[3759.476s][info][gc,heap        ] GC(910) Eden regions: 1118->0(1119)
[3759.476s][info][gc,heap        ] GC(910) Survivor regions: 110->109(154)
[3759.476s][info][gc,heap        ] GC(910) Old regions: 473->505
[3759.476s][info][gc,heap        ] GC(910) Humongous regions: 80->80
[3759.476s][info][gc,metaspace   ] GC(910) Metaspace: 28863K(29248K)->28863K(29248K) NonClass: 23996K(24192K)->23996K(24192K) Class: 4867K(5056K)->4867K(5056K)
[3759.476s][info][gc             ] GC(910) Pause Young (Concurrent Start) (G1 Evacuation Pause) 3560M->1387M(4096M) 117.431ms
[3759.476s][info][gc             ] GC(911) Concurrent Mark Cycle
[3759.476s][info][gc,marking     ] GC(911) Concurrent Scan Root Regions
[3759.476s][info][gc,cpu         ] GC(910) User=0.69s Sys=0.00s Real=0.11s
[3759.650s][info][gc,marking     ] GC(911) Concurrent Scan Root Regions 174.057ms
[3759.650s][info][gc,marking     ] GC(911) Concurrent Mark
[3759.650s][info][gc,marking     ] GC(911) Concurrent Mark From Roots
[3759.650s][info][gc,task        ] GC(911) Using 2 workers of 2 for marking
.[3760.383s][info][gc,marking     ] GC(911) Concurrent Mark From Roots 733.194ms
[3760.383s][info][gc,marking     ] GC(911) Concurrent Preclean
[3760.384s][info][gc,marking     ] GC(911) Concurrent Preclean 0.136ms
[3760.385s][info][gc,start       ] GC(911) Pause Remark
[3760.390s][info][gc             ] GC(911) Pause Remark 2145M->2145M(4096M) 4.749ms
[3760.390s][info][gc,cpu         ] GC(911) User=0.02s Sys=0.00s Real=0.01s
[3760.390s][info][gc,marking     ] GC(911) Concurrent Mark 739.928ms
[3760.390s][info][gc,marking     ] GC(911) Concurrent Rebuild Remembered Sets and Scrub Regions
[3760.659s][info][gc,marking     ] GC(911) Concurrent Rebuild Remembered Sets and Scrub Regions 268.586ms
[3760.659s][info][gc,start       ] GC(911) Pause Cleanup
[3760.659s][info][gc             ] GC(911) Pause Cleanup 2367M->2367M(4096M) 0.107ms
[3760.659s][info][gc,cpu         ] GC(911) User=0.00s Sys=0.00s Real=0.00s
[3760.659s][info][gc,marking     ] GC(911) Concurrent Clear Claimed Marks
[3760.659s][info][gc,marking     ] GC(911) Concurrent Clear Claimed Marks 0.018ms
[3760.659s][info][gc,marking     ] GC(911) Concurrent Cleanup for Next Mark
[3760.665s][info][gc,marking     ] GC(911) Concurrent Cleanup for Next Mark 6.246ms
[3760.666s][info][gc             ] GC(911) Concurrent Mark Cycle 1189.459ms
..[3762.181s][info][gc,start       ] GC(912) Pause Young (Prepare Mixed) (G1 Evacuation Pause)
[3762.181s][info][gc,task        ] GC(912) Using 6 workers of 6 for evacuation
[3762.297s][info][gc,phases      ] GC(912)   Pre Evacuate Collection Set: 0.32ms
[3762.297s][info][gc,phases      ] GC(912)   Merge Heap Roots: 0.56ms
[3762.297s][info][gc,phases      ] GC(912)   Evacuate Collection Set: 114.36ms
[3762.297s][info][gc,phases      ] GC(912)   Post Evacuate Collection Set: 0.92ms
[3762.297s][info][gc,phases      ] GC(912)   Other: 0.09ms
[3762.297s][info][gc,heap        ] GC(912) Eden regions: 1119->0(1110)
[3762.297s][info][gc,heap        ] GC(912) Survivor regions: 109->109(154)
[3762.297s][info][gc,heap        ] GC(912) Old regions: 505->537
[3762.297s][info][gc,heap        ] GC(912) Humongous regions: 80->80
[3762.297s][info][gc,metaspace   ] GC(912) Metaspace: 28863K(29248K)->28863K(29248K) NonClass: 23996K(24192K)->23996K(24192K) Class: 4867K(5056K)->4867K(5056K)
[3762.298s][info][gc             ] GC(912) Pause Young (Prepare Mixed) (G1 Evacuation Pause) 3625M->1449M(4096M) 116.389ms
[3762.298s][info][gc,cpu         ] GC(912) User=0.69s Sys=0.00s Real=0.11s
...[3765.070s][info][gc,start       ] GC(913) Pause Young (Mixed) (G1 Evacuation Pause)
[3765.070s][info][gc,task        ] GC(913) Using 6 workers of 6 for evacuation
[3765.206s][info][gc,phases      ] GC(913)   Pre Evacuate Collection Set: 0.36ms
[3765.206s][info][gc,phases      ] GC(913)   Merge Heap Roots: 0.71ms
[3765.206s][info][gc,phases      ] GC(913)   Evacuate Collection Set: 133.70ms
[3765.206s][info][gc,phases      ] GC(913)   Post Evacuate Collection Set: 0.97ms
[3765.206s][info][gc,phases      ] GC(913)   Other: 0.10ms
[3765.206s][info][gc,heap        ] GC(913) Eden regions: 1110->0(1116)
[3765.206s][info][gc,heap        ] GC(913) Survivor regions: 109->112(153)
[3765.206s][info][gc,heap        ] GC(913) Old regions: 537->474
[3765.206s][info][gc,heap        ] GC(913) Humongous regions: 80->80
[3765.206s][info][gc,metaspace   ] GC(913) Metaspace: 28863K(29248K)->28863K(29248K) NonClass: 23996K(24192K)->23996K(24192K) Class: 4867K(5056K)->4867K(5056K)
[3765.206s][info][gc             ] GC(913) Pause Young (Mixed) (G1 Evacuation Pause) 3669M->1330M(4096M) 136.018ms
[3765.206s][info][gc,cpu         ] GC(913) User=0.80s Sys=0.00s Real=0.13s
...[3767.846s][info][gc,start       ] GC(914) Pause Young (Concurrent Start) (G1 Evacuation Pause)
[3767.847s][info][gc,task        ] GC(914) Using 6 workers of 6 for evacuation
[3767.966s][info][gc,phases      ] GC(914)   Pre Evacuate Collection Set: 0.40ms
[3767.966s][info][gc,phases      ] GC(914)   Merge Heap Roots: 0.47ms
[3767.966s][info][gc,phases      ] GC(914)   Evacuate Collection Set: 117.41ms
[3767.966s][info][gc,phases      ] GC(914)   Post Evacuate Collection Set: 0.89ms
[3767.966s][info][gc,phases      ] GC(914)   Other: 0.12ms
[3767.966s][info][gc,heap        ] GC(914) Eden regions: 1116->0(1118)
[3767.966s][info][gc,heap        ] GC(914) Survivor regions: 112->110(154)
[3767.966s][info][gc,heap        ] GC(914) Old regions: 474->506
[3767.966s][info][gc,heap        ] GC(914) Humongous regions: 80->80
[3767.966s][info][gc,metaspace   ] GC(914) Metaspace: 28863K(29248K)->28863K(29248K) NonClass: 23996K(24192K)->23996K(24192K) Class: 4867K(5056K)->4867K(5056K)
[3767.966s][info][gc             ] GC(914) Pause Young (Concurrent Start) (G1 Evacuation Pause) 3562M->1390M(4096M) 119.423ms
[3767.966s][info][gc             ] GC(915) Concurrent Mark Cycle
[3767.966s][info][gc,marking     ] GC(915) Concurrent Scan Root Regions
[3767.966s][info][gc,cpu         ] GC(914) User=0.70s Sys=0.01s Real=0.12s
[3768.135s][info][gc,marking     ] GC(915) Concurrent Scan Root Regions 168.798ms
[3768.135s][info][gc,marking     ] GC(915) Concurrent Mark
[3768.135s][info][gc,marking     ] GC(915) Concurrent Mark From Roots
[3768.135s][info][gc,task        ] GC(915) Using 2 workers of 2 for marking
.[3769.105s][info][gc,marking     ] GC(915) Concurrent Mark From Roots 970.339ms
[3769.105s][info][gc,marking     ] GC(915) Concurrent Preclean
[3769.105s][info][gc,marking     ] GC(915) Concurrent Preclean 0.116ms
[3769.105s][info][gc,start       ] GC(915) Pause Remark
[3769.111s][info][gc             ] GC(915) Pause Remark 2311M->2311M(4096M) 5.802ms
[3769.111s][info][gc,cpu         ] GC(915) User=0.03s Sys=0.00s Real=0.01s
[3769.112s][info][gc,marking     ] GC(915) Concurrent Mark 976.694ms
[3769.112s][info][gc,marking     ] GC(915) Concurrent Rebuild Remembered Sets and Scrub Regions
[3769.378s][info][gc,marking     ] GC(915) Concurrent Rebuild Remembered Sets and Scrub Regions 266.265ms
[3769.378s][info][gc,start       ] GC(915) Pause Cleanup
[3769.378s][info][gc             ] GC(915) Pause Cleanup 2553M->2553M(4096M) 0.118ms
[3769.378s][info][gc,cpu         ] GC(915) User=0.00s Sys=0.00s Real=0.01s
[3769.378s][info][gc,marking     ] GC(915) Concurrent Clear Claimed Marks
[3769.378s][info][gc,marking     ] GC(915) Concurrent Clear Claimed Marks 0.021ms
[3769.378s][info][gc,marking     ] GC(915) Concurrent Cleanup for Next Mark
[3769.383s][info][gc,marking     ] GC(915) Concurrent Cleanup for Next Mark 4.667ms
[3769.383s][info][gc             ] GC(915) Concurrent Mark Cycle 1416.952ms
.[3770.715s][info][gc,start       ] GC(916) Pause Young (Prepare Mixed) (G1 Evacuation Pause)
[3770.715s][info][gc,task        ] GC(916) Using 6 workers of 6 for evacuation
[3770.832s][info][gc,phases      ] GC(916)   Pre Evacuate Collection Set: 0.35ms
[3770.832s][info][gc,phases      ] GC(916)   Merge Heap Roots: 0.62ms
[3770.832s][info][gc,phases      ] GC(916)   Evacuate Collection Set: 114.13ms
[3770.832s][info][gc,phases      ] GC(916)   Post Evacuate Collection Set: 0.93ms
[3770.832s][info][gc,phases      ] GC(916)   Other: 0.08ms
[3770.832s][info][gc,heap        ] GC(916) Eden regions: 1118->0(1113)
[3770.832s][info][gc,heap        ] GC(916) Survivor regions: 110->107(154)
[3770.832s][info][gc,heap        ] GC(916) Old regions: 506->538
[3770.832s][info][gc,heap        ] GC(916) Humongous regions: 80->80
[3770.832s][info][gc,metaspace   ] GC(916) Metaspace: 28863K(29248K)->28863K(29248K) NonClass: 23996K(24192K)->23996K(24192K) Class: 4867K(5056K)->4867K(5056K)
[3770.832s][info][gc             ] GC(916) Pause Young (Prepare Mixed) (G1 Evacuation Pause) 3626M->1448M(4096M) 116.241ms
[3770.832s][info][gc,cpu         ] GC(916) User=0.68s Sys=0.00s Real=0.12s
...[3773.598s][info][gc,start       ] GC(917) Pause Young (Mixed) (G1 Evacuation Pause)
[3773.598s][info][gc,task        ] GC(917) Using 6 workers of 6 for evacuation
[3773.732s][info][gc,phases      ] GC(917)   Pre Evacuate Collection Set: 0.38ms
[3773.732s][info][gc,phases      ] GC(917)   Merge Heap Roots: 0.78ms
[3773.732s][info][gc,phases      ] GC(917)   Evacuate Collection Set: 131.74ms
[3773.732s][info][gc,phases      ] GC(917)   Post Evacuate Collection Set: 0.97ms
[3773.732s][info][gc,phases      ] GC(917)   Other: 0.09ms
[3773.732s][info][gc,heap        ] GC(917) Eden regions: 1113->0(1120)
[3773.732s][info][gc,heap        ] GC(917) Survivor regions: 107->108(153)
[3773.732s][info][gc,heap        ] GC(917) Old regions: 538->472
[3773.732s][info][gc,heap        ] GC(917) Humongous regions: 80->80
[3773.732s][info][gc,metaspace   ] GC(917) Metaspace: 28863K(29248K)->28863K(29248K) NonClass: 23996K(24192K)->23996K(24192K) Class: 4867K(5056K)->4867K(5056K)
[3773.732s][info][gc             ] GC(917) Pause Young (Mixed) (G1 Evacuation Pause) 3674M->1318M(4096M) 134.122ms
[3773.732s][info][gc,cpu         ] GC(917) User=0.79s Sys=0.00s Real=0.13s
...[3776.433s][info][gc,start       ] GC(918) Pause Young (Concurrent Start) (G1 Evacuation Pause)
[3776.433s][info][gc,task        ] GC(918) Using 6 workers of 6 for evacuation
[3776.550s][info][gc,phases      ] GC(918)   Pre Evacuate Collection Set: 0.38ms
[3776.550s][info][gc,phases      ] GC(918)   Merge Heap Roots: 0.45ms
[3776.550s][info][gc,phases      ] GC(918)   Evacuate Collection Set: 115.17ms
[3776.550s][info][gc,phases      ] GC(918)   Post Evacuate Collection Set: 0.90ms
[3776.550s][info][gc,phases      ] GC(918)   Other: 0.11ms
[3776.550s][info][gc,heap        ] GC(918) Eden regions: 1120->0(1116)
[3776.550s][info][gc,heap        ] GC(918) Survivor regions: 108->112(154)
[3776.550s][info][gc,heap        ] GC(918) Old regions: 472->504
[3776.550s][info][gc,heap        ] GC(918) Humongous regions: 80->80
[3776.550s][info][gc,metaspace   ] GC(918) Metaspace: 28863K(29248K)->28863K(29248K) NonClass: 23996K(24192K)->23996K(24192K) Class: 4867K(5056K)->4867K(5056K)
[3776.550s][info][gc             ] GC(918) Pause Young (Concurrent Start) (G1 Evacuation Pause) 3558M->1389M(4096M) 117.134ms
[3776.550s][info][gc             ] GC(919) Concurrent Mark Cycle
[3776.550s][info][gc,marking     ] GC(919) Concurrent Scan Root Regions
[3776.550s][info][gc,cpu         ] GC(918) User=0.69s Sys=0.00s Real=0.12s
[3776.752s][info][gc,marking     ] GC(919) Concurrent Scan Root Regions 202.307ms
[3776.752s][info][gc,marking     ] GC(919) Concurrent Mark
[3776.752s][info][gc,marking     ] GC(919) Concurrent Mark From Roots
[3776.752s][info][gc,task        ] GC(919) Using 2 workers of 2 for marking
.[3777.778s][info][gc,marking     ] GC(919) Concurrent Mark From Roots 1026.012ms
[3777.778s][info][gc,marking     ] GC(919) Concurrent Preclean
[3777.778s][info][gc,marking     ] GC(919) Concurrent Preclean 0.106ms
[3777.779s][info][gc,start       ] GC(919) Pause Remark
[3777.785s][info][gc             ] GC(919) Pause Remark 2473M->2473M(4096M) 6.330ms
[3777.785s][info][gc,cpu         ] GC(919) User=0.03s Sys=0.00s Real=0.00s
[3777.785s][info][gc,marking     ] GC(919) Concurrent Mark 1033.056ms
[3777.785s][info][gc,marking     ] GC(919) Concurrent Rebuild Remembered Sets and Scrub Regions
.[3778.195s][info][gc,marking     ] GC(919) Concurrent Rebuild Remembered Sets and Scrub Regions 409.621ms
[3778.195s][info][gc,start       ] GC(919) Pause Cleanup
[3778.195s][info][gc             ] GC(919) Pause Cleanup 2808M->2808M(4096M) 0.107ms
[3778.195s][info][gc,cpu         ] GC(919) User=0.00s Sys=0.00s Real=0.00s
[3778.195s][info][gc,marking     ] GC(919) Concurrent Clear Claimed Marks
[3778.195s][info][gc,marking     ] GC(919) Concurrent Clear Claimed Marks 0.022ms
[3778.195s][info][gc,marking     ] GC(919) Concurrent Cleanup for Next Mark
[3778.201s][info][gc,marking     ] GC(919) Concurrent Cleanup for Next Mark 5.265ms
[3778.201s][info][gc             ] GC(919) Concurrent Mark Cycle 1650.781ms
.[3779.219s][info][gc,start       ] GC(920) Pause Young (Prepare Mixed) (G1 Evacuation Pause)
[3779.219s][info][gc,task        ] GC(920) Using 6 workers of 6 for evacuation
[3779.337s][info][gc,phases      ] GC(920)   Pre Evacuate Collection Set: 0.36ms
[3779.337s][info][gc,phases      ] GC(920)   Merge Heap Roots: 0.53ms
[3779.337s][info][gc,phases      ] GC(920)   Evacuate Collection Set: 115.66ms
[3779.337s][info][gc,phases      ] GC(920)   Post Evacuate Collection Set: 0.96ms
[3779.337s][info][gc,phases      ] GC(920)   Other: 0.09ms
[3779.337s][info][gc,heap        ] GC(920) Eden regions: 1116->0(1111)
[3779.337s][info][gc,heap        ] GC(920) Survivor regions: 112->109(154)
[3779.337s][info][gc,heap        ] GC(920) Old regions: 504->536
[3779.337s][info][gc,heap        ] GC(920) Humongous regions: 80->80
[3779.337s][info][gc,metaspace   ] GC(920) Metaspace: 28863K(29248K)->28863K(29248K) NonClass: 23996K(24192K)->23996K(24192K) Class: 4867K(5056K)->4867K(5056K)
[3779.337s][info][gc             ] GC(920) Pause Young (Prepare Mixed) (G1 Evacuation Pause) 3621M->1448M(4096M) 117.746ms
[3779.337s][info][gc,cpu         ] GC(920) User=0.70s Sys=0.00s Real=0.11s
... (rIR:aIR:PR = 6642:6646:6646) (tPR = 98992) [OK] 
  3781s: Performance info:
         Transaction,    Success,    Partial,     Failed,   Receipts, AvgBarcode, 
             Overall,     402771,          0,          0,     382647,      59.48, 
         Response times:
             Request,    Success,    Partial,     Failed,   SkipFail,     Probes,    Samples,      min,      p50,      p90,      p95,      p99,      max, 
       TotalPurchase,     382647,          0,          0,          0,     359461,     418349,      300,     6100,    45000,    82000,   139000,   384000,
     InStorePurchase,     201424,          0,          0,          0,     188973,     219899,      300,     6000,    45000,    81000,   138000,   384000,
      OnlinePurchase,     140934,          0,          0,          0,     132310,     153863,      300,     6000,    46000,    82000,   140000,   303000,
        InstPurchase,      40289,          0,          0,          0,      38178,      44587,      400,     6400,    46000,    83000,   138000,   384000,
          AssocOfCat,        404,          0,          0,          0,        316,        438,    24000,    42000,    99100,   137200,   218640,   304000,
      AssocOfProduct,       4021,          0,          0,          0,       3750,       4569,      600,     5300,    45000,    75000,   139000,   201000,
      BusinessReport,       1007,          0,          0,          0,        882,       1154,    29000,    50000,   123000,   168250,   212900,   276000,
          CustBuyBeh,       4029,          0,          0,          0,       3748,       4605,      200,     4800,    36000,    70000,   131000,   303000,
       ProductReturn,      10663,          0,          0,          0,      10175,      12084,      200,     5900,    45000,    81000,   137000,   220000,

  3781s: (49%)   IR =   6780 [3782.076s][info][gc,start       ] GC(921) Pause Young (Mixed) (G1 Evacuation Pause)
[3782.076s][info][gc,task        ] GC(921) Using 6 workers of 6 for evacuation
[3782.212s][info][gc,phases      ] GC(921)   Pre Evacuate Collection Set: 0.40ms
[3782.212s][info][gc,phases      ] GC(921)   Merge Heap Roots: 0.78ms
[3782.212s][info][gc,phases      ] GC(921)   Evacuate Collection Set: 133.84ms
[3782.212s][info][gc,phases      ] GC(921)   Post Evacuate Collection Set: 0.98ms
[3782.212s][info][gc,phases      ] GC(921)   Other: 0.09ms
[3782.212s][info][gc,heap        ] GC(921) Eden regions: 1111->0(1117)
[3782.212s][info][gc,heap        ] GC(921) Survivor regions: 109->111(153)
[3782.212s][info][gc,heap        ] GC(921) Old regions: 536->474
[3782.212s][info][gc,heap        ] GC(921) Humongous regions: 80->80
[3782.212s][info][gc,metaspace   ] GC(921) Metaspace: 28863K(29248K)->28863K(29248K) NonClass: 23996K(24192K)->23996K(24192K) Class: 4867K(5056K)->4867K(5056K)
[3782.212s][info][gc             ] GC(921) Pause Young (Mixed) (G1 Evacuation Pause) 3670M->1328M(4096M) 136.235ms
[3782.212s][info][gc,cpu         ] GC(921) User=0.81s Sys=0.00s Real=0.14s
..[3784.849s][info][gc,start       ] GC(922) Pause Young (Concurrent Start) (G1 Evacuation Pause)
[3784.849s][info][gc,task        ] GC(922) Using 6 workers of 6 for evacuation
[3784.970s][info][gc,phases      ] GC(922)   Pre Evacuate Collection Set: 0.36ms
[3784.970s][info][gc,phases      ] GC(922)   Merge Heap Roots: 0.46ms
[3784.970s][info][gc,phases      ] GC(922)   Evacuate Collection Set: 118.81ms
[3784.970s][info][gc,phases      ] GC(922)   Post Evacuate Collection Set: 0.88ms
[3784.970s][info][gc,phases      ] GC(922)   Other: 0.11ms
[3784.970s][info][gc,heap        ] GC(922) Eden regions: 1117->0(1115)
[3784.970s][info][gc,heap        ] GC(922) Survivor regions: 111->113(154)
[3784.970s][info][gc,heap        ] GC(922) Old regions: 474->506
[3784.970s][info][gc,heap        ] GC(922) Humongous regions: 80->80
[3784.970s][info][gc,metaspace   ] GC(922) Metaspace: 28863K(29248K)->28863K(29248K) NonClass: 23996K(24192K)->23996K(24192K) Class: 4867K(5056K)->4867K(5056K)
[3784.970s][info][gc             ] GC(922) Pause Young (Concurrent Start) (G1 Evacuation Pause) 3562M->1396M(4096M) 120.733ms
[3784.970s][info][gc             ] GC(923) Concurrent Mark Cycle
[3784.970s][info][gc,marking     ] GC(923) Concurrent Scan Root Regions
[3784.970s][info][gc,cpu         ] GC(922) User=0.71s Sys=0.00s Real=0.12s
.[3785.121s][info][gc,marking     ] GC(923) Concurrent Scan Root Regions 151.054ms
[3785.121s][info][gc,marking     ] GC(923) Concurrent Mark
[3785.121s][info][gc,marking     ] GC(923) Concurrent Mark From Roots
[3785.121s][info][gc,task        ] GC(923) Using 2 workers of 2 for marking
[3785.722s][info][gc,marking     ] GC(923) Concurrent Mark From Roots 600.282ms
[3785.722s][info][gc,marking     ] GC(923) Concurrent Preclean
[3785.722s][info][gc,marking     ] GC(923) Concurrent Preclean 0.159ms
[3785.722s][info][gc,start       ] GC(923) Pause Remark
[3785.727s][info][gc             ] GC(923) Pause Remark 1958M->1958M(4096M) 4.338ms
[3785.727s][info][gc,cpu         ] GC(923) User=0.03s Sys=0.00s Real=0.00s
[3785.728s][info][gc,marking     ] GC(923) Concurrent Mark 607.107ms
[3785.728s][info][gc,marking     ] GC(923) Concurrent Rebuild Remembered Sets and Scrub Regions
[3785.990s][info][gc,marking     ] GC(923) Concurrent Rebuild Remembered Sets and Scrub Regions 261.748ms
[3785.991s][info][gc,start       ] GC(923) Pause Cleanup
[3785.991s][info][gc             ] GC(923) Pause Cleanup 2152M->2152M(4096M) 0.511ms
[3785.991s][info][gc,cpu         ] GC(923) User=0.00s Sys=0.00s Real=0.00s
[3785.992s][info][gc,marking     ] GC(923) Concurrent Clear Claimed Marks
[3785.992s][info][gc,marking     ] GC(923) Concurrent Clear Claimed Marks 0.034ms
[3785.992s][info][gc,marking     ] GC(923) Concurrent Cleanup for Next Mark
[3785.997s][info][gc,marking     ] GC(923) Concurrent Cleanup for Next Mark 5.606ms
[3785.997s][info][gc             ] GC(923) Concurrent Mark Cycle 1027.240ms
..[3787.640s][info][gc,start       ] GC(924) Pause Young (Prepare Mixed) (G1 Evacuation Pause)
[3787.640s][info][gc,task        ] GC(924) Using 6 workers of 6 for evacuation
[3787.756s][info][gc,phases      ] GC(924)   Pre Evacuate Collection Set: 0.35ms
[3787.756s][info][gc,phases      ] GC(924)   Merge Heap Roots: 0.47ms
[3787.756s][info][gc,phases      ] GC(924)   Evacuate Collection Set: 113.81ms
[3787.756s][info][gc,phases      ] GC(924)   Post Evacuate Collection Set: 0.92ms
[3787.756s][info][gc,phases      ] GC(924)   Other: 0.08ms
[3787.756s][info][gc,heap        ] GC(924) Eden regions: 1115->0(1111)
[3787.756s][info][gc,heap        ] GC(924) Survivor regions: 113->108(154)
[3787.756s][info][gc,heap        ] GC(924) Old regions: 506->538
[3787.756s][info][gc,heap        ] GC(924) Humongous regions: 80->80
[3787.756s][info][gc,metaspace   ] GC(924) Metaspace: 28863K(29248K)->28863K(29248K) NonClass: 23996K(24192K)->23996K(24192K) Class: 4867K(5056K)->4867K(5056K)
[3787.756s][info][gc             ] GC(924) Pause Young (Prepare Mixed) (G1 Evacuation Pause) 3626M->1451M(4096M) 115.771ms
[3787.756s][info][gc,cpu         ] GC(924) User=0.68s Sys=0.00s Real=0.11s
..|.[3790.444s][info][gc,start       ] GC(925) Pause Young (Mixed) (G1 Evacuation Pause)
[3790.444s][info][gc,task        ] GC(925) Using 6 workers of 6 for evacuation
[3790.579s][info][gc,phases      ] GC(925)   Pre Evacuate Collection Set: 0.36ms
[3790.579s][info][gc,phases      ] GC(925)   Merge Heap Roots: 0.79ms
[3790.579s][info][gc,phases      ] GC(925)   Evacuate Collection Set: 132.14ms
[3790.579s][info][gc,phases      ] GC(925)   Post Evacuate Collection Set: 0.95ms
[3790.579s][info][gc,phases      ] GC(925)   Other: 0.09ms
[3790.579s][info][gc,heap        ] GC(925) Eden regions: 1111->0(1118)
[3790.579s][info][gc,heap        ] GC(925) Survivor regions: 108->110(153)
[3790.579s][info][gc,heap        ] GC(925) Old regions: 538->473
[3790.579s][info][gc,heap        ] GC(925) Humongous regions: 80->80
[3790.579s][info][gc,metaspace   ] GC(925) Metaspace: 28863K(29248K)->28863K(29248K) NonClass: 23996K(24192K)->23996K(24192K) Class: 4867K(5056K)->4867K(5056K)
[3790.579s][info][gc             ] GC(925) Pause Young (Mixed) (G1 Evacuation Pause) 3673M->1325M(4096M) 134.463ms
[3790.579s][info][gc,cpu         ] GC(925) User=0.80s Sys=0.00s Real=0.14s
...[3793.144s][info][gc,start       ] GC(926) Pause Young (Concurrent Start) (G1 Evacuation Pause)
[3793.144s][info][gc,task        ] GC(926) Using 6 workers of 6 for evacuation
[3793.260s][info][gc,phases      ] GC(926)   Pre Evacuate Collection Set: 0.35ms
[3793.260s][info][gc,phases      ] GC(926)   Merge Heap Roots: 0.46ms
[3793.260s][info][gc,phases      ] GC(926)   Evacuate Collection Set: 114.21ms
[3793.260s][info][gc,phases      ] GC(926)   Post Evacuate Collection Set: 0.89ms
[3793.260s][info][gc,phases      ] GC(926)   Other: 0.11ms
[3793.260s][info][gc,heap        ] GC(926) Eden regions: 1118->0(1120)
[3793.260s][info][gc,heap        ] GC(926) Survivor regions: 110->108(154)
[3793.260s][info][gc,heap        ] GC(926) Old regions: 473->505
[3793.260s][info][gc,heap        ] GC(926) Humongous regions: 80->80
[3793.260s][info][gc,metaspace   ] GC(926) Metaspace: 28863K(29248K)->28863K(29248K) NonClass: 23996K(24192K)->23996K(24192K) Class: 4867K(5056K)->4867K(5056K)
[3793.260s][info][gc             ] GC(926) Pause Young (Concurrent Start) (G1 Evacuation Pause) 3561M->1384M(4096M) 116.154ms
[3793.260s][info][gc             ] GC(927) Concurrent Mark Cycle
[3793.260s][info][gc,marking     ] GC(927) Concurrent Scan Root Regions
[3793.260s][info][gc,cpu         ] GC(926) User=0.69s Sys=0.00s Real=0.12s
[3793.394s][info][gc,marking     ] GC(927) Concurrent Scan Root Regions 133.942ms
[3793.394s][info][gc,marking     ] GC(927) Concurrent Mark
[3793.394s][info][gc,marking     ] GC(927) Concurrent Mark From Roots
[3793.394s][info][gc,task        ] GC(927) Using 2 workers of 2 for marking
[3794.092s][info][gc,marking     ] GC(927) Concurrent Mark From Roots 698.031ms
[3794.092s][info][gc,marking     ] GC(927) Concurrent Preclean
[3794.092s][info][gc,marking     ] GC(927) Concurrent Preclean 0.117ms
[3794.093s][info][gc,start       ] GC(927) Pause Remark
[3794.099s][info][gc             ] GC(927) Pause Remark 2092M->2092M(4096M) 6.246ms
[3794.099s][info][gc,cpu         ] GC(927) User=0.03s Sys=0.00s Real=0.01s
[3794.099s][info][gc,marking     ] GC(927) Concurrent Mark 705.007ms
[3794.099s][info][gc,marking     ] GC(927) Concurrent Rebuild Remembered Sets and Scrub Regions
.[3794.369s][info][gc,marking     ] GC(927) Concurrent Rebuild Remembered Sets and Scrub Regions 269.501ms
[3794.369s][info][gc,start       ] GC(927) Pause Cleanup
[3794.369s][info][gc             ] GC(927) Pause Cleanup 2336M->2336M(4096M) 0.119ms
[3794.369s][info][gc,cpu         ] GC(927) User=0.00s Sys=0.00s Real=0.00s
[3794.369s][info][gc,marking     ] GC(927) Concurrent Clear Claimed Marks
[3794.370s][info][gc,marking     ] GC(927) Concurrent Clear Claimed Marks 0.029ms
[3794.370s][info][gc,marking     ] GC(927) Concurrent Cleanup for Next Mark
[3794.375s][info][gc,marking     ] GC(927) Concurrent Cleanup for Next Mark 5.863ms
[3794.375s][info][gc             ] GC(927) Concurrent Mark Cycle 1115.208ms
.[3795.959s][info][gc,start       ] GC(928) Pause Young (Prepare Mixed) (G1 Evacuation Pause)
[3795.959s][info][gc,task        ] GC(928) Using 6 workers of 6 for evacuation
[3796.079s][info][gc,phases      ] GC(928)   Pre Evacuate Collection Set: 0.34ms
[3796.079s][info][gc,phases      ] GC(928)   Merge Heap Roots: 0.56ms
[3796.079s][info][gc,phases      ] GC(928)   Evacuate Collection Set: 118.03ms
[3796.079s][info][gc,phases      ] GC(928)   Post Evacuate Collection Set: 0.95ms
[3796.079s][info][gc,phases      ] GC(928)   Other: 0.09ms
[3796.079s][info][gc,heap        ] GC(928) Eden regions: 1120->0(1106)
[3796.079s][info][gc,heap        ] GC(928) Survivor regions: 108->111(154)
[3796.079s][info][gc,heap        ] GC(928) Old regions: 505->537
[3796.079s][info][gc,heap        ] GC(928) Humongous regions: 80->80
[3796.079s][info][gc,metaspace   ] GC(928) Metaspace: 28863K(29248K)->28863K(29248K) NonClass: 23996K(24192K)->23996K(24192K) Class: 4867K(5056K)->4867K(5056K)
[3796.079s][info][gc             ] GC(928) Pause Young (Prepare Mixed) (G1 Evacuation Pause) 3624M->1453M(4096M) 120.133ms
[3796.079s][info][gc,cpu         ] GC(928) User=0.71s Sys=0.00s Real=0.12s
...[3798.693s][info][gc,start       ] GC(929) Pause Young (Mixed) (G1 Evacuation Pause)
[3798.693s][info][gc,task        ] GC(929) Using 6 workers of 6 for evacuation
[3798.828s][info][gc,phases      ] GC(929)   Pre Evacuate Collection Set: 0.37ms
[3798.828s][info][gc,phases      ] GC(929)   Merge Heap Roots: 0.75ms
[3798.828s][info][gc,phases      ] GC(929)   Evacuate Collection Set: 133.01ms
[3798.828s][info][gc,phases      ] GC(929)   Post Evacuate Collection Set: 0.95ms
[3798.828s][info][gc,phases      ] GC(929)   Other: 0.09ms
[3798.828s][info][gc,heap        ] GC(929) Eden regions: 1106->0(1117)
[3798.828s][info][gc,heap        ] GC(929) Survivor regions: 111->111(153)
[3798.828s][info][gc,heap        ] GC(929) Old regions: 537->473
[3798.828s][info][gc,heap        ] GC(929) Humongous regions: 80->80
[3798.828s][info][gc,metaspace   ] GC(929) Metaspace: 28863K(29248K)->28863K(29248K) NonClass: 23996K(24192K)->23996K(24192K) Class: 4867K(5056K)->4867K(5056K)
[3798.828s][info][gc             ] GC(929) Pause Young (Mixed) (G1 Evacuation Pause) 3665M->1325M(4096M) 135.303ms
[3798.828s][info][gc,cpu         ] GC(929) User=0.80s Sys=0.00s Real=0.13s
...[3801.499s][info][gc,start       ] GC(930) Pause Young (Concurrent Start) (G1 Evacuation Pause)
[3801.499s][info][gc,task        ] GC(930) Using 6 workers of 6 for evacuation
[3801.619s][info][gc,phases      ] GC(930)   Pre Evacuate Collection Set: 0.35ms
[3801.619s][info][gc,phases      ] GC(930)   Merge Heap Roots: 0.48ms
[3801.619s][info][gc,phases      ] GC(930)   Evacuate Collection Set: 118.09ms
[3801.619s][info][gc,phases      ] GC(930)   Post Evacuate Collection Set: 0.91ms
[3801.619s][info][gc,phases      ] GC(930)   Other: 0.10ms
[3801.619s][info][gc,heap        ] GC(930) Eden regions: 1117->0(1116)
[3801.619s][info][gc,heap        ] GC(930) Survivor regions: 111->112(154)
[3801.619s][info][gc,heap        ] GC(930) Old regions: 473->505
[3801.619s][info][gc,heap        ] GC(930) Humongous regions: 80->80
[3801.619s][info][gc,metaspace   ] GC(930) Metaspace: 28863K(29248K)->28863K(29248K) NonClass: 23996K(24192K)->23996K(24192K) Class: 4867K(5056K)->4867K(5056K)
[3801.619s][info][gc             ] GC(930) Pause Young (Concurrent Start) (G1 Evacuation Pause) 3559M->1393M(4096M) 120.053ms
[3801.619s][info][gc             ] GC(931) Concurrent Mark Cycle
[3801.619s][info][gc,marking     ] GC(931) Concurrent Scan Root Regions
[3801.619s][info][gc,cpu         ] GC(930) User=0.71s Sys=0.00s Real=0.12s
[3801.755s][info][gc,marking     ] GC(931) Concurrent Scan Root Regions 136.543ms
[3801.755s][info][gc,marking     ] GC(931) Concurrent Mark
[3801.755s][info][gc,marking     ] GC(931) Concurrent Mark From Roots
[3801.755s][info][gc,task        ] GC(931) Using 2 workers of 2 for marking
.[3802.461s][info][gc,marking     ] GC(931) Concurrent Mark From Roots 705.958ms
[3802.461s][info][gc,marking     ] GC(931) Concurrent Preclean
[3802.462s][info][gc,marking     ] GC(931) Concurrent Preclean 0.114ms
[3802.462s][info][gc,start       ] GC(931) Pause Remark
[3802.467s][info][gc             ] GC(931) Pause Remark 2103M->2103M(4096M) 5.693ms
[3802.467s][info][gc,cpu         ] GC(931) User=0.03s Sys=0.00s Real=0.00s
[3802.468s][info][gc,marking     ] GC(931) Concurrent Mark 712.213ms
[3802.468s][info][gc,marking     ] GC(931) Concurrent Rebuild Remembered Sets and Scrub Regions
[3802.738s][info][gc,marking     ] GC(931) Concurrent Rebuild Remembered Sets and Scrub Regions 270.189ms
[3802.738s][info][gc,start       ] GC(931) Pause Cleanup
[3802.738s][info][gc             ] GC(931) Pause Cleanup 2357M->2357M(4096M) 0.112ms
[3802.738s][info][gc,cpu         ] GC(931) User=0.00s Sys=0.00s Real=0.01s
[3802.738s][info][gc,marking     ] GC(931) Concurrent Clear Claimed Marks
[3802.738s][info][gc,marking     ] GC(931) Concurrent Clear Claimed Marks 0.022ms
[3802.738s][info][gc,marking     ] GC(931) Concurrent Cleanup for Next Mark
[3802.742s][info][gc,marking     ] GC(931) Concurrent Cleanup for Next Mark 3.757ms
[3802.742s][info][gc             ] GC(931) Concurrent Mark Cycle 1123.176ms
..[3804.313s][info][gc,start       ] GC(932) Pause Young (Prepare Mixed) (G1 Evacuation Pause)
[3804.313s][info][gc,task        ] GC(932) Using 6 workers of 6 for evacuation
[3804.429s][info][gc,phases      ] GC(932)   Pre Evacuate Collection Set: 0.35ms
[3804.429s][info][gc,phases      ] GC(932)   Merge Heap Roots: 0.48ms
[3804.429s][info][gc,phases      ] GC(932)   Evacuate Collection Set: 114.07ms
[3804.429s][info][gc,phases      ] GC(932)   Post Evacuate Collection Set: 0.92ms
[3804.429s][info][gc,phases      ] GC(932)   Other: 0.09ms
[3804.429s][info][gc,heap        ] GC(932) Eden regions: 1116->0(1109)
[3804.429s][info][gc,heap        ] GC(932) Survivor regions: 112->110(154)
[3804.429s][info][gc,heap        ] GC(932) Old regions: 505->536
[3804.429s][info][gc,heap        ] GC(932) Humongous regions: 80->80
[3804.429s][info][gc,metaspace   ] GC(932) Metaspace: 28863K(29248K)->28863K(29248K) NonClass: 23996K(24192K)->23996K(24192K) Class: 4867K(5056K)->4867K(5056K)
[3804.429s][info][gc             ] GC(932) Pause Young (Prepare Mixed) (G1 Evacuation Pause) 3625M->1451M(4096M) 116.036ms
[3804.429s][info][gc,cpu         ] GC(932) User=0.69s Sys=0.00s Real=0.12s
..[3807.045s][info][gc,start       ] GC(933) Pause Young (Mixed) (G1 Evacuation Pause)
[3807.045s][info][gc,task        ] GC(933) Using 6 workers of 6 for evacuation
[3807.178s][info][gc,phases      ] GC(933)   Pre Evacuate Collection Set: 0.37ms
[3807.178s][info][gc,phases      ] GC(933)   Merge Heap Roots: 0.71ms
[3807.178s][info][gc,phases      ] GC(933)   Evacuate Collection Set: 131.46ms
[3807.178s][info][gc,phases      ] GC(933)   Post Evacuate Collection Set: 0.96ms
[3807.178s][info][gc,phases      ] GC(933)   Other: 0.09ms
[3807.178s][info][gc,heap        ] GC(933) Eden regions: 1109->0(1119)
[3807.178s][info][gc,heap        ] GC(933) Survivor regions: 110->109(153)
[3807.178s][info][gc,heap        ] GC(933) Old regions: 536->473
[3807.178s][info][gc,heap        ] GC(933) Humongous regions: 80->80
[3807.178s][info][gc,metaspace   ] GC(933) Metaspace: 28863K(29248K)->28863K(29248K) NonClass: 23996K(24192K)->23996K(24192K) Class: 4867K(5056K)->4867K(5056K)
[3807.178s][info][gc             ] GC(933) Pause Young (Mixed) (G1 Evacuation Pause) 3669M->1323M(4096M) 133.722ms
[3807.178s][info][gc,cpu         ] GC(933) User=0.79s Sys=0.00s Real=0.14s
...[3809.876s][info][gc,start       ] GC(934) Pause Young (Concurrent Start) (G1 Evacuation Pause)
[3809.876s][info][gc,task        ] GC(934) Using 6 workers of 6 for evacuation
[3809.992s][info][gc,phases      ] GC(934)   Pre Evacuate Collection Set: 0.36ms
[3809.992s][info][gc,phases      ] GC(934)   Merge Heap Roots: 0.44ms
[3809.992s][info][gc,phases      ] GC(934)   Evacuate Collection Set: 114.08ms
[3809.992s][info][gc,phases      ] GC(934)   Post Evacuate Collection Set: 0.87ms
[3809.992s][info][gc,phases      ] GC(934)   Other: 0.11ms
[3809.992s][info][gc,heap        ] GC(934) Eden regions: 1119->0(1120)
[3809.992s][info][gc,heap        ] GC(934) Survivor regions: 109->108(154)
[3809.992s][info][gc,heap        ] GC(934) Old regions: 473->505
[3809.992s][info][gc,heap        ] GC(934) Humongous regions: 80->80
[3809.992s][info][gc,metaspace   ] GC(934) Metaspace: 28863K(29248K)->28863K(29248K) NonClass: 23996K(24192K)->23996K(24192K) Class: 4867K(5056K)->4867K(5056K)
[3809.992s][info][gc             ] GC(934) Pause Young (Concurrent Start) (G1 Evacuation Pause) 3561M->1384M(4096M) 116.028ms
[3809.992s][info][gc             ] GC(935) Concurrent Mark Cycle
[3809.992s][info][gc,marking     ] GC(935) Concurrent Scan Root Regions
[3809.992s][info][gc,cpu         ] GC(934) User=0.69s Sys=0.00s Real=0.12s
[3810.171s][info][gc,marking     ] GC(935) Concurrent Scan Root Regions 179.290ms
[3810.171s][info][gc,marking     ] GC(935) Concurrent Mark
[3810.172s][info][gc,marking     ] GC(935) Concurrent Mark From Roots
[3810.172s][info][gc,task        ] GC(935) Using 2 workers of 2 for marking
.[3811.187s][info][gc,marking     ] GC(935) Concurrent Mark From Roots 1015.516ms
[3811.187s][info][gc,marking     ] GC(935) Concurrent Preclean
[3811.187s][info][gc,marking     ] GC(935) Concurrent Preclean 0.109ms
[3811.187s][info][gc,start       ] GC(935) Pause Remark
[3811.193s][info][gc             ] GC(935) Pause Remark 2439M->2439M(4096M) 6.021ms
[3811.193s][info][gc,cpu         ] GC(935) User=0.04s Sys=0.00s Real=0.01s
[3811.193s][info][gc,marking     ] GC(935) Concurrent Mark 1021.927ms
[3811.193s][info][gc,marking     ] GC(935) Concurrent Rebuild Remembered Sets and Scrub Regions
.[3811.488s][info][gc,marking     ] GC(935) Concurrent Rebuild Remembered Sets and Scrub Regions 294.800ms
[3811.488s][info][gc,start       ] GC(935) Pause Cleanup
[3811.488s][info][gc             ] GC(935) Pause Cleanup 2661M->2661M(4096M) 0.103ms
[3811.489s][info][gc,cpu         ] GC(935) User=0.00s Sys=0.00s Real=0.00s
[3811.489s][info][gc,marking     ] GC(935) Concurrent Clear Claimed Marks
[3811.489s][info][gc,marking     ] GC(935) Concurrent Clear Claimed Marks 0.022ms
[3811.489s][info][gc,marking     ] GC(935) Concurrent Cleanup for Next Mark
[3811.492s][info][gc,marking     ] GC(935) Concurrent Cleanup for Next Mark 3.488ms
[3811.492s][info][gc             ] GC(935) Concurrent Mark Cycle 1499.985ms
.[3812.657s][info][gc,start       ] GC(936) Pause Young (Prepare Mixed) (G1 Evacuation Pause)
[3812.657s][info][gc,task        ] GC(936) Using 6 workers of 6 for evacuation
[3812.774s][info][gc,phases      ] GC(936)   Pre Evacuate Collection Set: 0.35ms
[3812.774s][info][gc,phases      ] GC(936)   Merge Heap Roots: 0.54ms
[3812.774s][info][gc,phases      ] GC(936)   Evacuate Collection Set: 114.94ms
[3812.774s][info][gc,phases      ] GC(936)   Post Evacuate Collection Set: 0.91ms
[3812.774s][info][gc,phases      ] GC(936)   Other: 0.08ms
[3812.774s][info][gc,heap        ] GC(936) Eden regions: 1120->0(1109)
[3812.774s][info][gc,heap        ] GC(936) Survivor regions: 108->110(154)
[3812.774s][info][gc,heap        ] GC(936) Old regions: 505->536
[3812.774s][info][gc,heap        ] GC(936) Humongous regions: 80->80
[3812.774s][info][gc,metaspace   ] GC(936) Metaspace: 28863K(29248K)->28863K(29248K) NonClass: 23996K(24192K)->23996K(24192K) Class: 4867K(5056K)->4867K(5056K)
[3812.774s][info][gc             ] GC(936) Pause Young (Prepare Mixed) (G1 Evacuation Pause) 3624M->1449M(4096M) 116.963ms
[3812.774s][info][gc,cpu         ] GC(936) User=0.69s Sys=0.00s Real=0.12s
...[3815.414s][info][gc,start       ] GC(937) Pause Young (Mixed) (G1 Evacuation Pause)
[3815.415s][info][gc,task        ] GC(937) Using 6 workers of 6 for evacuation
[3815.550s][info][gc,phases      ] GC(937)   Pre Evacuate Collection Set: 0.38ms
[3815.550s][info][gc,phases      ] GC(937)   Merge Heap Roots: 0.66ms
[3815.550s][info][gc,phases      ] GC(937)   Evacuate Collection Set: 133.78ms
[3815.550s][info][gc,phases      ] GC(937)   Post Evacuate Collection Set: 0.93ms
[3815.550s][info][gc,phases      ] GC(937)   Other: 0.10ms
[3815.550s][info][gc,heap        ] GC(937) Eden regions: 1109->0(1115)
[3815.550s][info][gc,heap        ] GC(937) Survivor regions: 110->113(153)
[3815.550s][info][gc,heap        ] GC(937) Old regions: 536->473
[3815.550s][info][gc,heap        ] GC(937) Humongous regions: 80->80
[3815.550s][info][gc,metaspace   ] GC(937) Metaspace: 28863K(29248K)->28863K(29248K) NonClass: 23996K(24192K)->23996K(24192K) Class: 4867K(5056K)->4867K(5056K)
[3815.550s][info][gc             ] GC(937) Pause Young (Mixed) (G1 Evacuation Pause) 3667M->1331M(4096M) 135.996ms
[3815.551s][info][gc,cpu         ] GC(937) User=0.80s Sys=0.00s Real=0.14s
..[3818.213s][info][gc,start       ] GC(938) Pause Young (Concurrent Start) (G1 Evacuation Pause)
[3818.213s][info][gc,task        ] GC(938) Using 6 workers of 6 for evacuation
[3818.332s][info][gc,phases      ] GC(938)   Pre Evacuate Collection Set: 0.37ms
[3818.332s][info][gc,phases      ] GC(938)   Merge Heap Roots: 0.47ms
[3818.332s][info][gc,phases      ] GC(938)   Evacuate Collection Set: 117.26ms
[3818.332s][info][gc,phases      ] GC(938)   Post Evacuate Collection Set: 0.85ms
[3818.332s][info][gc,phases      ] GC(938)   Other: 0.11ms
[3818.332s][info][gc,heap        ] GC(938) Eden regions: 1115->0(1118)
[3818.332s][info][gc,heap        ] GC(938) Survivor regions: 113->110(154)
[3818.332s][info][gc,heap        ] GC(938) Old regions: 473->505
[3818.332s][info][gc,heap        ] GC(938) Humongous regions: 80->80
[3818.332s][info][gc,metaspace   ] GC(938) Metaspace: 28863K(29248K)->28863K(29248K) NonClass: 23996K(24192K)->23996K(24192K) Class: 4867K(5056K)->4867K(5056K)
[3818.332s][info][gc             ] GC(938) Pause Young (Concurrent Start) (G1 Evacuation Pause) 3561M->1389M(4096M) 119.186ms
[3818.332s][info][gc             ] GC(939) Concurrent Mark Cycle
[3818.332s][info][gc,marking     ] GC(939) Concurrent Scan Root Regions
[3818.332s][info][gc,cpu         ] GC(938) User=0.70s Sys=0.00s Real=0.12s
.[3818.504s][info][gc,marking     ] GC(939) Concurrent Scan Root Regions 171.824ms
[3818.504s][info][gc,marking     ] GC(939) Concurrent Mark
[3818.504s][info][gc,marking     ] GC(939) Concurrent Mark From Roots
[3818.504s][info][gc,task        ] GC(939) Using 2 workers of 2 for marking
.[3819.468s][info][gc,marking     ] GC(939) Concurrent Mark From Roots 963.941ms
[3819.468s][info][gc,marking     ] GC(939) Concurrent Preclean
[3819.468s][info][gc,marking     ] GC(939) Concurrent Preclean 0.120ms
[3819.470s][info][gc,start       ] GC(939) Pause Remark
[3819.475s][info][gc             ] GC(939) Pause Remark 2395M->2395M(4096M) 5.826ms
[3819.475s][info][gc,cpu         ] GC(939) User=0.03s Sys=0.00s Real=0.00s
[3819.476s][info][gc,marking     ] GC(939) Concurrent Mark 971.477ms
[3819.476s][info][gc,marking     ] GC(939) Concurrent Rebuild Remembered Sets and Scrub Regions
[3819.785s][info][gc,marking     ] GC(939) Concurrent Rebuild Remembered Sets and Scrub Regions 309.789ms
[3819.786s][info][gc,start       ] GC(939) Pause Cleanup
[3819.786s][info][gc             ] GC(939) Pause Cleanup 2653M->2653M(4096M) 0.120ms
[3819.786s][info][gc,cpu         ] GC(939) User=0.00s Sys=0.00s Real=0.00s
[3819.786s][info][gc,marking     ] GC(939) Concurrent Clear Claimed Marks
[3819.786s][info][gc,marking     ] GC(939) Concurrent Clear Claimed Marks 0.032ms
[3819.786s][info][gc,marking     ] GC(939) Concurrent Cleanup for Next Mark
[3819.791s][info][gc,marking     ] GC(939) Concurrent Cleanup for Next Mark 4.764ms
[3819.791s][info][gc             ] GC(939) Concurrent Mark Cycle 1458.846ms
.[3820.979s][info][gc,start       ] GC(940) Pause Young (Prepare Mixed) (G1 Evacuation Pause)
[3820.979s][info][gc,task        ] GC(940) Using 6 workers of 6 for evacuation
[3821.101s][info][gc,phases      ] GC(940)   Pre Evacuate Collection Set: 0.32ms
[3821.101s][info][gc,phases      ] GC(940)   Merge Heap Roots: 0.49ms
[3821.101s][info][gc,phases      ] GC(940)   Evacuate Collection Set: 120.06ms
[3821.101s][info][gc,phases      ] GC(940)   Post Evacuate Collection Set: 0.85ms
[3821.101s][info][gc,phases      ] GC(940)   Other: 0.10ms
[3821.101s][info][gc,heap        ] GC(940) Eden regions: 1118->0(1102)
[3821.101s][info][gc,heap        ] GC(940) Survivor regions: 110->113(154)
[3821.101s][info][gc,heap        ] GC(940) Old regions: 505->537
[3821.101s][info][gc,heap        ] GC(940) Humongous regions: 80->80
[3821.101s][info][gc,metaspace   ] GC(940) Metaspace: 28863K(29248K)->28863K(29248K) NonClass: 23996K(24192K)->23996K(24192K) Class: 4867K(5056K)->4867K(5056K)
[3821.101s][info][gc             ] GC(940) Pause Young (Prepare Mixed) (G1 Evacuation Pause) 3625M->1458M(4096M) 121.974ms
[3821.101s][info][gc,cpu         ] GC(940) User=0.72s Sys=0.00s Real=0.12s
...[3823.733s][info][gc,start       ] GC(941) Pause Young (Mixed) (G1 Evacuation Pause)
[3823.733s][info][gc,task        ] GC(941) Using 6 workers of 6 for evacuation
[3823.866s][info][gc,phases      ] GC(941)   Pre Evacuate Collection Set: 0.36ms
[3823.866s][info][gc,phases      ] GC(941)   Merge Heap Roots: 0.78ms
[3823.866s][info][gc,phases      ] GC(941)   Evacuate Collection Set: 131.29ms
[3823.866s][info][gc,phases      ] GC(941)   Post Evacuate Collection Set: 0.93ms
[3823.866s][info][gc,phases      ] GC(941)   Other: 0.09ms
[3823.866s][info][gc,heap        ] GC(941) Eden regions: 1102->0(1120)
[3823.866s][info][gc,heap        ] GC(941) Survivor regions: 113->108(152)
[3823.866s][info][gc,heap        ] GC(941) Old regions: 537->474
[3823.866s][info][gc,heap        ] GC(941) Humongous regions: 80->80
[3823.866s][info][gc,metaspace   ] GC(941) Metaspace: 28863K(29248K)->28863K(29248K) NonClass: 23996K(24192K)->23996K(24192K) Class: 4867K(5056K)->4867K(5056K)
[3823.866s][info][gc             ] GC(941) Pause Young (Mixed) (G1 Evacuation Pause) 3662M->1323M(4096M) 133.593ms
[3823.866s][info][gc,cpu         ] GC(941) User=0.79s Sys=0.00s Real=0.13s
...[3826.516s][info][gc,start       ] GC(942) Pause Young (Concurrent Start) (G1 Evacuation Pause)
[3826.516s][info][gc,task        ] GC(942) Using 6 workers of 6 for evacuation
[3826.635s][info][gc,phases      ] GC(942)   Pre Evacuate Collection Set: 0.39ms
[3826.635s][info][gc,phases      ] GC(942)   Merge Heap Roots: 0.53ms
[3826.635s][info][gc,phases      ] GC(942)   Evacuate Collection Set: 116.35ms
[3826.635s][info][gc,phases      ] GC(942)   Post Evacuate Collection Set: 0.89ms
[3826.635s][info][gc,phases      ] GC(942)   Other: 0.12ms
[3826.635s][info][gc,heap        ] GC(942) Eden regions: 1120->0(1117)
[3826.635s][info][gc,heap        ] GC(942) Survivor regions: 108->111(154)
[3826.635s][info][gc,heap        ] GC(942) Old regions: 474->506
[3826.635s][info][gc,heap        ] GC(942) Humongous regions: 80->80
[3826.635s][info][gc,metaspace   ] GC(942) Metaspace: 28863K(29248K)->28863K(29248K) NonClass: 23996K(24192K)->23996K(24192K) Class: 4867K(5056K)->4867K(5056K)
[3826.635s][info][gc             ] GC(942) Pause Young (Concurrent Start) (G1 Evacuation Pause) 3563M->1392M(4096M) 118.405ms
[3826.635s][info][gc             ] GC(943) Concurrent Mark Cycle
[3826.635s][info][gc,marking     ] GC(943) Concurrent Scan Root Regions
[3826.635s][info][gc,cpu         ] GC(942) User=0.70s Sys=0.00s Real=0.12s
[3826.814s][info][gc,marking     ] GC(943) Concurrent Scan Root Regions 179.232ms
[3826.814s][info][gc,marking     ] GC(943) Concurrent Mark
[3826.814s][info][gc,marking     ] GC(943) Concurrent Mark From Roots
[3826.814s][info][gc,task        ] GC(943) Using 2 workers of 2 for marking
.[3827.530s][info][gc,marking     ] GC(943) Concurrent Mark From Roots 715.504ms
[3827.530s][info][gc,marking     ] GC(943) Concurrent Preclean
[3827.530s][info][gc,marking     ] GC(943) Concurrent Preclean 0.136ms
[3827.533s][info][gc,start       ] GC(943) Pause Remark
[3827.539s][info][gc             ] GC(943) Pause Remark 2166M->2166M(4096M) 5.789ms
[3827.539s][info][gc,cpu         ] GC(943) User=0.03s Sys=0.00s Real=0.01s
[3827.540s][info][gc,marking     ] GC(943) Concurrent Mark 725.548ms
[3827.540s][info][gc,marking     ] GC(943) Concurrent Rebuild Remembered Sets and Scrub Regions
[3827.807s][info][gc,marking     ] GC(943) Concurrent Rebuild Remembered Sets and Scrub Regions 266.950ms
[3827.809s][info][gc,start       ] GC(943) Pause Cleanup
[3827.809s][info][gc             ] GC(943) Pause Cleanup 2428M->2428M(4096M) 0.128ms
[3827.809s][info][gc,cpu         ] GC(943) User=0.00s Sys=0.00s Real=0.00s
[3827.809s][info][gc,marking     ] GC(943) Concurrent Clear Claimed Marks
[3827.809s][info][gc,marking     ] GC(943) Concurrent Clear Claimed Marks 0.023ms
[3827.809s][info][gc,marking     ] GC(943) Concurrent Cleanup for Next Mark
[3827.814s][info][gc,marking     ] GC(943) Concurrent Cleanup for Next Mark 5.230ms
[3827.814s][info][gc             ] GC(943) Concurrent Mark Cycle 1179.404ms
.[3829.284s][info][gc,start       ] GC(944) Pause Young (Prepare Mixed) (G1 Evacuation Pause)
[3829.284s][info][gc,task        ] GC(944) Using 6 workers of 6 for evacuation
[3829.407s][info][gc,phases      ] GC(944)   Pre Evacuate Collection Set: 0.36ms
[3829.407s][info][gc,phases      ] GC(944)   Merge Heap Roots: 0.57ms
[3829.407s][info][gc,phases      ] GC(944)   Evacuate Collection Set: 121.08ms
[3829.407s][info][gc,phases      ] GC(944)   Post Evacuate Collection Set: 0.94ms
[3829.407s][info][gc,phases      ] GC(944)   Other: 0.09ms
[3829.407s][info][gc,heap        ] GC(944) Eden regions: 1117->0(1097)
[3829.407s][info][gc,heap        ] GC(944) Survivor regions: 111->115(154)
[3829.407s][info][gc,heap        ] GC(944) Old regions: 506->538
[3829.407s][info][gc,heap        ] GC(944) Humongous regions: 80->80
[3829.407s][info][gc,metaspace   ] GC(944) Metaspace: 28863K(29248K)->28863K(29248K) NonClass: 23996K(24192K)->23996K(24192K) Class: 4867K(5056K)->4867K(5056K)
[3829.407s][info][gc             ] GC(944) Pause Young (Prepare Mixed) (G1 Evacuation Pause) 3626M->1464M(4096M) 123.162ms
[3829.407s][info][gc,cpu         ] GC(944) User=0.73s Sys=0.00s Real=0.12s
...[3832.044s][info][gc,start       ] GC(945) Pause Young (Mixed) (G1 Evacuation Pause)
[3832.044s][info][gc,task        ] GC(945) Using 6 workers of 6 for evacuation
[3832.179s][info][gc,phases      ] GC(945)   Pre Evacuate Collection Set: 0.36ms
[3832.179s][info][gc,phases      ] GC(945)   Merge Heap Roots: 0.72ms
[3832.179s][info][gc,phases      ] GC(945)   Evacuate Collection Set: 132.76ms
[3832.179s][info][gc,phases      ] GC(945)   Post Evacuate Collection Set: 0.97ms
[3832.179s][info][gc,phases      ] GC(945)   Other: 0.09ms
[3832.179s][info][gc,heap        ] GC(945) Eden regions: 1097->0(1117)
[3832.179s][info][gc,heap        ] GC(945) Survivor regions: 115->111(152)
[3832.179s][info][gc,heap        ] GC(945) Old regions: 538->474
[3832.179s][info][gc,heap        ] GC(945) Humongous regions: 80->80
[3832.179s][info][gc,metaspace   ] GC(945) Metaspace: 28863K(29248K)->28863K(29248K) NonClass: 23996K(24192K)->23996K(24192K) Class: 4867K(5056K)->4867K(5056K)
[3832.179s][info][gc             ] GC(945) Pause Young (Mixed) (G1 Evacuation Pause) 3658M->1327M(4096M) 135.039ms
[3832.179s][info][gc,cpu         ] GC(945) User=0.80s Sys=0.00s Real=0.14s
...[3834.835s][info][gc,start       ] GC(946) Pause Young (Concurrent Start) (G1 Evacuation Pause)
[3834.835s][info][gc,task        ] GC(946) Using 6 workers of 6 for evacuation
[3834.954s][info][gc,phases      ] GC(946)   Pre Evacuate Collection Set: 0.36ms
[3834.954s][info][gc,phases      ] GC(946)   Merge Heap Roots: 0.45ms
[3834.954s][info][gc,phases      ] GC(946)   Evacuate Collection Set: 117.36ms
[3834.954s][info][gc,phases      ] GC(946)   Post Evacuate Collection Set: 0.89ms
[3834.954s][info][gc,phases      ] GC(946)   Other: 0.13ms
[3834.954s][info][gc,heap        ] GC(946) Eden regions: 1117->0(1117)
[3834.954s][info][gc,heap        ] GC(946) Survivor regions: 111->111(154)
[3834.954s][info][gc,heap        ] GC(946) Old regions: 474->506
[3834.954s][info][gc,heap        ] GC(946) Humongous regions: 80->80
[3834.954s][info][gc,metaspace   ] GC(946) Metaspace: 28863K(29248K)->28863K(29248K) NonClass: 23996K(24192K)->23996K(24192K) Class: 4867K(5056K)->4867K(5056K)
[3834.954s][info][gc             ] GC(946) Pause Young (Concurrent Start) (G1 Evacuation Pause) 3561M->1393M(4096M) 119.344ms
[3834.955s][info][gc             ] GC(947) Concurrent Mark Cycle
[3834.955s][info][gc,marking     ] GC(947) Concurrent Scan Root Regions
[3834.955s][info][gc,cpu         ] GC(946) User=0.71s Sys=0.00s Real=0.12s
[3835.089s][info][gc,marking     ] GC(947) Concurrent Scan Root Regions 134.291ms
[3835.089s][info][gc,marking     ] GC(947) Concurrent Mark
[3835.089s][info][gc,marking     ] GC(947) Concurrent Mark From Roots
[3835.089s][info][gc,task        ] GC(947) Using 2 workers of 2 for marking
.[3835.795s][info][gc,marking     ] GC(947) Concurrent Mark From Roots 705.782ms
[3835.795s][info][gc,marking     ] GC(947) Concurrent Preclean
[3835.795s][info][gc,marking     ] GC(947) Concurrent Preclean 0.100ms
[3835.795s][info][gc,start       ] GC(947) Pause Remark
[3835.799s][info][gc             ] GC(947) Pause Remark 2127M->2127M(4096M) 4.358ms
[3835.799s][info][gc,cpu         ] GC(947) User=0.03s Sys=0.00s Real=0.01s
[3835.800s][info][gc,marking     ] GC(947) Concurrent Mark 711.506ms
[3835.800s][info][gc,marking     ] GC(947) Concurrent Rebuild Remembered Sets and Scrub Regions
[3836.192s][info][gc,marking     ] GC(947) Concurrent Rebuild Remembered Sets and Scrub Regions 391.862ms
[3836.192s][info][gc,start       ] GC(947) Pause Cleanup
[3836.193s][info][gc             ] GC(947) Pause Cleanup 2453M->2453M(4096M) 0.104ms
[3836.193s][info][gc,cpu         ] GC(947) User=0.00s Sys=0.00s Real=0.00s
[3836.193s][info][gc,marking     ] GC(947) Concurrent Clear Claimed Marks
[3836.193s][info][gc,marking     ] GC(947) Concurrent Clear Claimed Marks 0.032ms
[3836.193s][info][gc,marking     ] GC(947) Concurrent Cleanup for Next Mark
[3836.198s][info][gc,marking     ] GC(947) Concurrent Cleanup for Next Mark 5.071ms
[3836.198s][info][gc             ] GC(947) Concurrent Mark Cycle 1243.298ms
..[3837.632s][info][gc,start       ] GC(948) Pause Young (Prepare Mixed) (G1 Evacuation Pause)
[3837.632s][info][gc,task        ] GC(948) Using 6 workers of 6 for evacuation
[3837.751s][info][gc,phases      ] GC(948)   Pre Evacuate Collection Set: 0.34ms
[3837.751s][info][gc,phases      ] GC(948)   Merge Heap Roots: 0.59ms
[3837.751s][info][gc,phases      ] GC(948)   Evacuate Collection Set: 117.51ms
[3837.751s][info][gc,phases      ] GC(948)   Post Evacuate Collection Set: 0.94ms
[3837.751s][info][gc,phases      ] GC(948)   Other: 0.09ms
[3837.751s][info][gc,heap        ] GC(948) Eden regions: 1117->0(1107)
[3837.751s][info][gc,heap        ] GC(948) Survivor regions: 111->110(154)
[3837.751s][info][gc,heap        ] GC(948) Old regions: 506->538
[3837.751s][info][gc,heap        ] GC(948) Humongous regions: 80->80
[3837.751s][info][gc,metaspace   ] GC(948) Metaspace: 28863K(29248K)->28863K(29248K) NonClass: 23996K(24192K)->23996K(24192K) Class: 4867K(5056K)->4867K(5056K)
[3837.751s][info][gc             ] GC(948) Pause Young (Prepare Mixed) (G1 Evacuation Pause) 3627M->1453M(4096M) 119.609ms
[3837.751s][info][gc,cpu         ] GC(948) User=0.71s Sys=0.00s Real=0.12s
..[3840.332s][info][gc,start       ] GC(949) Pause Young (Mixed) (G1 Evacuation Pause)
[3840.332s][info][gc,task        ] GC(949) Using 6 workers of 6 for evacuation
[3840.469s][info][gc,phases      ] GC(949)   Pre Evacuate Collection Set: 0.36ms
[3840.469s][info][gc,phases      ] GC(949)   Merge Heap Roots: 0.76ms
[3840.469s][info][gc,phases      ] GC(949)   Evacuate Collection Set: 134.43ms
[3840.469s][info][gc,phases      ] GC(949)   Post Evacuate Collection Set: 0.96ms
[3840.469s][info][gc,phases      ] GC(949)   Other: 0.09ms
[3840.469s][info][gc,heap        ] GC(949) Eden regions: 1107->0(1117)
[3840.469s][info][gc,heap        ] GC(949) Survivor regions: 110->111(153)
[3840.469s][info][gc,heap        ] GC(949) Old regions: 538->474
[3840.469s][info][gc,heap        ] GC(949) Humongous regions: 80->80
[3840.469s][info][gc,metaspace   ] GC(949) Metaspace: 28863K(29248K)->28863K(29248K) NonClass: 23996K(24192K)->23996K(24192K) Class: 4867K(5056K)->4867K(5056K)
[3840.469s][info][gc             ] GC(949) Pause Young (Mixed) (G1 Evacuation Pause) 3667M->1327M(4096M) 136.747ms
[3840.469s][info][gc,cpu         ] GC(949) User=0.81s Sys=0.01s Real=0.14s
...[3843.071s][info][gc,start       ] GC(950) Pause Young (Concurrent Start) (G1 Evacuation Pause)
[3843.071s][info][gc,task        ] GC(950) Using 6 workers of 6 for evacuation
[3843.189s][info][gc,phases      ] GC(950)   Pre Evacuate Collection Set: 0.38ms
[3843.189s][info][gc,phases      ] GC(950)   Merge Heap Roots: 0.47ms
[3843.189s][info][gc,phases      ] GC(950)   Evacuate Collection Set: 115.42ms
[3843.189s][info][gc,phases      ] GC(950)   Post Evacuate Collection Set: 0.90ms
[3843.189s][info][gc,phases      ] GC(950)   Other: 0.11ms
[3843.189s][info][gc,heap        ] GC(950) Eden regions: 1117->0(1119)
[3843.189s][info][gc,heap        ] GC(950) Survivor regions: 111->109(154)
[3843.189s][info][gc,heap        ] GC(950) Old regions: 474->506
[3843.189s][info][gc,heap        ] GC(950) Humongous regions: 80->80
[3843.189s][info][gc,metaspace   ] GC(950) Metaspace: 28863K(29248K)->28863K(29248K) NonClass: 23996K(24192K)->23996K(24192K) Class: 4867K(5056K)->4867K(5056K)
[3843.189s][info][gc             ] GC(950) Pause Young (Concurrent Start) (G1 Evacuation Pause) 3561M->1388M(4096M) 117.417ms
[3843.189s][info][gc             ] GC(951) Concurrent Mark Cycle
[3843.189s][info][gc,marking     ] GC(951) Concurrent Scan Root Regions
[3843.189s][info][gc,cpu         ] GC(950) User=0.69s Sys=0.00s Real=0.12s
[3843.359s][info][gc,marking     ] GC(951) Concurrent Scan Root Regions 170.560ms
[3843.359s][info][gc,marking     ] GC(951) Concurrent Mark
[3843.359s][info][gc,marking     ] GC(951) Concurrent Mark From Roots
[3843.359s][info][gc,task        ] GC(951) Using 2 workers of 2 for marking
.[3844.333s][info][gc,marking     ] GC(951) Concurrent Mark From Roots 973.970ms
[3844.333s][info][gc,marking     ] GC(951) Concurrent Preclean
[3844.334s][info][gc,marking     ] GC(951) Concurrent Preclean 0.131ms
[3844.338s][info][gc,start       ] GC(951) Pause Remark
[3844.344s][info][gc             ] GC(951) Pause Remark 2368M->2368M(4096M) 6.723ms
[3844.344s][info][gc,cpu         ] GC(951) User=0.04s Sys=0.00s Real=0.01s
[3844.344s][info][gc,marking     ] GC(951) Concurrent Mark 984.916ms
[3844.344s][info][gc,marking     ] GC(951) Concurrent Rebuild Remembered Sets and Scrub Regions
.[3844.605s][info][gc,marking     ] GC(951) Concurrent Rebuild Remembered Sets and Scrub Regions 260.511ms
[3844.607s][info][gc,start       ] GC(951) Pause Cleanup
[3844.607s][info][gc             ] GC(951) Pause Cleanup 2580M->2580M(4096M) 0.129ms
[3844.607s][info][gc,cpu         ] GC(951) User=0.00s Sys=0.00s Real=0.00s
[3844.607s][info][gc,marking     ] GC(951) Concurrent Clear Claimed Marks
[3844.607s][info][gc,marking     ] GC(951) Concurrent Clear Claimed Marks 0.035ms
[3844.607s][info][gc,marking     ] GC(951) Concurrent Cleanup for Next Mark
[3844.616s][info][gc,marking     ] GC(951) Concurrent Cleanup for Next Mark 8.711ms
[3844.616s][info][gc             ] GC(951) Concurrent Mark Cycle 1427.356ms
.[3845.920s][info][gc,start       ] GC(952) Pause Young (Prepare Mixed) (G1 Evacuation Pause)
[3845.920s][info][gc,task        ] GC(952) Using 6 workers of 6 for evacuation
[3846.041s][info][gc,phases      ] GC(952)   Pre Evacuate Collection Set: 0.34ms
[3846.041s][info][gc,phases      ] GC(952)   Merge Heap Roots: 0.61ms
[3846.041s][info][gc,phases      ] GC(952)   Evacuate Collection Set: 119.11ms
[3846.041s][info][gc,phases      ] GC(952)   Post Evacuate Collection Set: 0.95ms
[3846.041s][info][gc,phases      ] GC(952)   Other: 0.09ms
[3846.041s][info][gc,heap        ] GC(952) Eden regions: 1119->0(1102)
[3846.041s][info][gc,heap        ] GC(952) Survivor regions: 109->112(154)
[3846.041s][info][gc,heap        ] GC(952) Old regions: 506->539
[3846.041s][info][gc,heap        ] GC(952) Humongous regions: 80->80
[3846.041s][info][gc,metaspace   ] GC(952) Metaspace: 28863K(29248K)->28863K(29248K) NonClass: 23996K(24192K)->23996K(24192K) Class: 4867K(5056K)->4867K(5056K)
[3846.041s][info][gc             ] GC(952) Pause Young (Prepare Mixed) (G1 Evacuation Pause) 3626M->1459M(4096M) 121.258ms
[3846.041s][info][gc,cpu         ] GC(952) User=0.71s Sys=0.01s Real=0.12s
...[3848.694s][info][gc,start       ] GC(953) Pause Young (Mixed) (G1 Evacuation Pause)
[3848.694s][info][gc,task        ] GC(953) Using 6 workers of 6 for evacuation
[3848.825s][info][gc,phases      ] GC(953)   Pre Evacuate Collection Set: 0.38ms
[3848.825s][info][gc,phases      ] GC(953)   Merge Heap Roots: 0.68ms
[3848.825s][info][gc,phases      ] GC(953)   Evacuate Collection Set: 129.07ms
[3848.825s][info][gc,phases      ] GC(953)   Post Evacuate Collection Set: 0.96ms
[3848.825s][info][gc,phases      ] GC(953)   Other: 0.10ms
[3848.825s][info][gc,heap        ] GC(953) Eden regions: 1102->0(1120)
[3848.825s][info][gc,heap        ] GC(953) Survivor regions: 112->108(152)
[3848.825s][info][gc,heap        ] GC(953) Old regions: 539->474
[3848.825s][info][gc,heap        ] GC(953) Humongous regions: 80->80
[3848.825s][info][gc,metaspace   ] GC(953) Metaspace: 28863K(29248K)->28863K(29248K) NonClass: 23996K(24192K)->23996K(24192K) Class: 4867K(5056K)->4867K(5056K)
[3848.825s][info][gc             ] GC(953) Pause Young (Mixed) (G1 Evacuation Pause) 3663M->1322M(4096M) 131.317ms
[3848.825s][info][gc,cpu         ] GC(953) User=0.78s Sys=0.00s Real=0.13s
. (rIR:aIR:PR = 6780:6781:6781) (tPR = 100777) [OK] 
  3849s: Performance info:
         Transaction,    Success,    Partial,     Failed,   Receipts, AvgBarcode, 
             Overall,     409938,          0,          0,     389420,      59.47, 
         Response times:
             Request,    Success,    Partial,     Failed,   SkipFail,     Probes,    Samples,      min,      p50,      p90,      p95,      p99,      max, 
       TotalPurchase,     389423,          0,          0,          0,     362821,     407888,      300,     6100,    39000,    69000,   143000,   443000,
     InStorePurchase,     205074,          0,          0,          0,     190729,     214176,      300,     6000,    39000,    68000,   143000,   443000,
      OnlinePurchase,     143424,          0,          0,          0,     133510,     149917,      300,     6100,    40000,    71000,   143000,   303000,
        InstPurchase,      40925,          0,          0,          0,      38582,      43795,      400,     5800,    38000,    66000,   135000,   281000,
          AssocOfCat,        408,          0,          0,          0,        326,        446,    23000,    39000,    73300,    98600,   194830,   223000,
      AssocOfProduct,       4102,          0,          0,          0,       3800,       4434,      500,     5600,    35000,    62000,   138600,   303000,
      BusinessReport,       1026,          0,          0,          0,        899,       1127,    29000,    50000,   106000,   149200,   220440,   284000,
          CustBuyBeh,       4111,          0,          0,          0,       3892,       4617,      300,     7100,    41000,    73000,   143000,   223000,
       ProductReturn,      10872,          0,          0,          0,      10409,      11916,      200,     6400,    40000,    70000,   142000,   265000,

  3849s: (50%)   IR =   6918 .[3851.398s][info][gc,start       ] GC(954) Pause Young (Concurrent Start) (G1 Evacuation Pause)
[3851.398s][info][gc,task        ] GC(954) Using 6 workers of 6 for evacuation
[3851.517s][info][gc,phases      ] GC(954)   Pre Evacuate Collection Set: 0.39ms
[3851.517s][info][gc,phases      ] GC(954)   Merge Heap Roots: 0.50ms
[3851.517s][info][gc,phases      ] GC(954)   Evacuate Collection Set: 116.95ms
[3851.517s][info][gc,phases      ] GC(954)   Post Evacuate Collection Set: 0.93ms
[3851.517s][info][gc,phases      ] GC(954)   Other: 0.10ms
[3851.517s][info][gc,heap        ] GC(954) Eden regions: 1120->0(1118)
[3851.517s][info][gc,heap        ] GC(954) Survivor regions: 108->110(154)
[3851.517s][info][gc,heap        ] GC(954) Old regions: 474->506
[3851.517s][info][gc,heap        ] GC(954) Humongous regions: 80->80
[3851.517s][info][gc,metaspace   ] GC(954) Metaspace: 28863K(29248K)->28863K(29248K) NonClass: 23996K(24192K)->23996K(24192K) Class: 4867K(5056K)->4867K(5056K)
[3851.517s][info][gc             ] GC(954) Pause Young (Concurrent Start) (G1 Evacuation Pause) 3562M->1391M(4096M) 119.049ms
[3851.517s][info][gc             ] GC(955) Concurrent Mark Cycle
[3851.517s][info][gc,marking     ] GC(955) Concurrent Scan Root Regions
[3851.517s][info][gc,cpu         ] GC(954) User=0.70s Sys=0.00s Real=0.12s
.[3851.689s][info][gc,marking     ] GC(955) Concurrent Scan Root Regions 171.819ms
[3851.689s][info][gc,marking     ] GC(955) Concurrent Mark
[3851.689s][info][gc,marking     ] GC(955) Concurrent Mark From Roots
[3851.689s][info][gc,task        ] GC(955) Using 2 workers of 2 for marking
[3852.600s][info][gc,marking     ] GC(955) Concurrent Mark From Roots 911.096ms
[3852.600s][info][gc,marking     ] GC(955) Concurrent Preclean
[3852.600s][info][gc,marking     ] GC(955) Concurrent Preclean 0.162ms
[3852.601s][info][gc,start       ] GC(955) Pause Remark
[3852.606s][info][gc             ] GC(955) Pause Remark 2316M->2316M(4096M) 5.310ms
[3852.606s][info][gc,cpu         ] GC(955) User=0.03s Sys=0.00s Real=0.00s
[3852.606s][info][gc,marking     ] GC(955) Concurrent Mark 917.247ms
[3852.606s][info][gc,marking     ] GC(955) Concurrent Rebuild Remembered Sets and Scrub Regions
.[3852.994s][info][gc,marking     ] GC(955) Concurrent Rebuild Remembered Sets and Scrub Regions 387.568ms
[3852.994s][info][gc,start       ] GC(955) Pause Cleanup
[3852.994s][info][gc             ] GC(955) Pause Cleanup 2674M->2674M(4096M) 0.105ms
[3852.994s][info][gc,cpu         ] GC(955) User=0.00s Sys=0.00s Real=0.00s
[3852.996s][info][gc,marking     ] GC(955) Concurrent Clear Claimed Marks
[3852.996s][info][gc,marking     ] GC(955) Concurrent Clear Claimed Marks 0.053ms
[3852.996s][info][gc,marking     ] GC(955) Concurrent Cleanup for Next Mark
[3853.006s][info][gc,marking     ] GC(955) Concurrent Cleanup for Next Mark 10.260ms
[3853.006s][info][gc             ] GC(955) Concurrent Mark Cycle 1489.081ms
.[3854.165s][info][gc,start       ] GC(956) Pause Young (Prepare Mixed) (G1 Evacuation Pause)
[3854.165s][info][gc,task        ] GC(956) Using 6 workers of 6 for evacuation
[3854.288s][info][gc,phases      ] GC(956)   Pre Evacuate Collection Set: 0.33ms
[3854.288s][info][gc,phases      ] GC(956)   Merge Heap Roots: 0.53ms
[3854.288s][info][gc,phases      ] GC(956)   Evacuate Collection Set: 120.92ms
[3854.288s][info][gc,phases      ] GC(956)   Post Evacuate Collection Set: 0.95ms
[3854.288s][info][gc,phases      ] GC(956)   Other: 0.09ms
[3854.288s][info][gc,heap        ] GC(956) Eden regions: 1118->0(1099)
[3854.288s][info][gc,heap        ] GC(956) Survivor regions: 110->114(154)
[3854.288s][info][gc,heap        ] GC(956) Old regions: 506->538
[3854.288s][info][gc,heap        ] GC(956) Humongous regions: 80->80
[3854.288s][info][gc,metaspace   ] GC(956) Metaspace: 28863K(29248K)->28863K(29248K) NonClass: 23996K(24192K)->23996K(24192K) Class: 4867K(5056K)->4867K(5056K)
[3854.288s][info][gc             ] GC(956) Pause Young (Prepare Mixed) (G1 Evacuation Pause) 3627M->1461M(4096M) 122.948ms
[3854.288s][info][gc,cpu         ] GC(956) User=0.73s Sys=0.00s Real=0.13s
..|.[3856.895s][info][gc,start       ] GC(957) Pause Young (Mixed) (G1 Evacuation Pause)
[3856.895s][info][gc,task        ] GC(957) Using 6 workers of 6 for evacuation
[3857.029s][info][gc,phases      ] GC(957)   Pre Evacuate Collection Set: 0.37ms
[3857.029s][info][gc,phases      ] GC(957)   Merge Heap Roots: 0.63ms
[3857.029s][info][gc,phases      ] GC(957)   Evacuate Collection Set: 131.58ms
[3857.029s][info][gc,phases      ] GC(957)   Post Evacuate Collection Set: 0.94ms
[3857.029s][info][gc,phases      ] GC(957)   Other: 0.09ms
[3857.029s][info][gc,heap        ] GC(957) Eden regions: 1099->0(1118)
[3857.029s][info][gc,heap        ] GC(957) Survivor regions: 114->110(152)
[3857.029s][info][gc,heap        ] GC(957) Old regions: 538->474
[3857.029s][info][gc,heap        ] GC(957) Humongous regions: 80->80
[3857.029s][info][gc,metaspace   ] GC(957) Metaspace: 28863K(29248K)->28863K(29248K) NonClass: 23996K(24192K)->23996K(24192K) Class: 4867K(5056K)->4867K(5056K)
[3857.029s][info][gc             ] GC(957) Pause Young (Mixed) (G1 Evacuation Pause) 3659M->1325M(4096M) 133.754ms
[3857.029s][info][gc,cpu         ] GC(957) User=0.79s Sys=0.01s Real=0.14s
..[3859.595s][info][gc,start       ] GC(958) Pause Young (Concurrent Start) (G1 Evacuation Pause)
[3859.595s][info][gc,task        ] GC(958) Using 6 workers of 6 for evacuation
[3859.716s][info][gc,phases      ] GC(958)   Pre Evacuate Collection Set: 0.36ms
[3859.716s][info][gc,phases      ] GC(958)   Merge Heap Roots: 0.48ms
[3859.716s][info][gc,phases      ] GC(958)   Evacuate Collection Set: 119.06ms
[3859.716s][info][gc,phases      ] GC(958)   Post Evacuate Collection Set: 0.88ms
[3859.716s][info][gc,phases      ] GC(958)   Other: 0.11ms
[3859.716s][info][gc,heap        ] GC(958) Eden regions: 1118->0(1115)
[3859.716s][info][gc,heap        ] GC(958) Survivor regions: 110->113(154)
[3859.716s][info][gc,heap        ] GC(958) Old regions: 474->505
[3859.716s][info][gc,heap        ] GC(958) Humongous regions: 80->80
[3859.716s][info][gc,metaspace   ] GC(958) Metaspace: 28863K(29248K)->28863K(29248K) NonClass: 23996K(24192K)->23996K(24192K) Class: 4867K(5056K)->4867K(5056K)
[3859.716s][info][gc             ] GC(958) Pause Young (Concurrent Start) (G1 Evacuation Pause) 3561M->1395M(4096M) 121.022ms
[3859.716s][info][gc             ] GC(959) Concurrent Mark Cycle
[3859.716s][info][gc,marking     ] GC(959) Concurrent Scan Root Regions
[3859.716s][info][gc,cpu         ] GC(958) User=0.72s Sys=0.00s Real=0.12s
.[3859.890s][info][gc,marking     ] GC(959) Concurrent Scan Root Regions 173.716ms
[3859.890s][info][gc,marking     ] GC(959) Concurrent Mark
[3859.890s][info][gc,marking     ] GC(959) Concurrent Mark From Roots
[3859.890s][info][gc,task        ] GC(959) Using 2 workers of 2 for marking
.[3860.836s][info][gc,marking     ] GC(959) Concurrent Mark From Roots 946.699ms
[3860.836s][info][gc,marking     ] GC(959) Concurrent Preclean
[3860.837s][info][gc,marking     ] GC(959) Concurrent Preclean 0.137ms
[3860.837s][info][gc,start       ] GC(959) Pause Remark
[3860.844s][info][gc             ] GC(959) Pause Remark 2420M->2420M(4096M) 7.104ms
[3860.844s][info][gc,cpu         ] GC(959) User=0.04s Sys=0.00s Real=0.01s
[3860.844s][info][gc,marking     ] GC(959) Concurrent Mark 954.282ms
[3860.844s][info][gc,marking     ] GC(959) Concurrent Rebuild Remembered Sets and Scrub Regions
[3861.117s][info][gc,marking     ] GC(959) Concurrent Rebuild Remembered Sets and Scrub Regions 273.206ms
[3861.117s][info][gc,start       ] GC(959) Pause Cleanup
[3861.117s][info][gc             ] GC(959) Pause Cleanup 2631M->2631M(4096M) 0.108ms
[3861.117s][info][gc,cpu         ] GC(959) User=0.00s Sys=0.00s Real=0.00s
[3861.117s][info][gc,marking     ] GC(959) Concurrent Clear Claimed Marks
[3861.117s][info][gc,marking     ] GC(959) Concurrent Clear Claimed Marks 0.029ms
[3861.117s][info][gc,marking     ] GC(959) Concurrent Cleanup for Next Mark
[3861.122s][info][gc,marking     ] GC(959) Concurrent Cleanup for Next Mark 4.453ms
[3861.122s][info][gc             ] GC(959) Concurrent Mark Cycle 1406.191ms
.[3862.334s][info][gc,start       ] GC(960) Pause Young (Prepare Mixed) (G1 Evacuation Pause)
[3862.334s][info][gc,task        ] GC(960) Using 6 workers of 6 for evacuation
[3862.457s][info][gc,phases      ] GC(960)   Pre Evacuate Collection Set: 0.34ms
[3862.457s][info][gc,phases      ] GC(960)   Merge Heap Roots: 0.48ms
[3862.457s][info][gc,phases      ] GC(960)   Evacuate Collection Set: 121.10ms
[3862.457s][info][gc,phases      ] GC(960)   Post Evacuate Collection Set: 0.94ms
[3862.457s][info][gc,phases      ] GC(960)   Other: 0.09ms
[3862.457s][info][gc,heap        ] GC(960) Eden regions: 1115->0(1100)
[3862.457s][info][gc,heap        ] GC(960) Survivor regions: 113->114(154)
[3862.457s][info][gc,heap        ] GC(960) Old regions: 505->537
[3862.457s][info][gc,heap        ] GC(960) Humongous regions: 80->80
[3862.457s][info][gc,metaspace   ] GC(960) Metaspace: 28863K(29248K)->28863K(29248K) NonClass: 23996K(24192K)->23996K(24192K) Class: 4867K(5056K)->4867K(5056K)
[3862.457s][info][gc             ] GC(960) Pause Young (Prepare Mixed) (G1 Evacuation Pause) 3625M->1460M(4096M) 123.085ms
[3862.457s][info][gc,cpu         ] GC(960) User=0.73s Sys=0.00s Real=0.12s
...[3864.976s][info][gc,start       ] GC(961) Pause Young (Mixed) (G1 Evacuation Pause)
[3864.976s][info][gc,task        ] GC(961) Using 6 workers of 6 for evacuation
[3865.109s][info][gc,phases      ] GC(961)   Pre Evacuate Collection Set: 0.39ms
[3865.109s][info][gc,phases      ] GC(961)   Merge Heap Roots: 0.66ms
[3865.109s][info][gc,phases      ] GC(961)   Evacuate Collection Set: 130.15ms
[3865.109s][info][gc,phases      ] GC(961)   Post Evacuate Collection Set: 0.95ms
[3865.109s][info][gc,phases      ] GC(961)   Other: 0.10ms
[3865.109s][info][gc,heap        ] GC(961) Eden regions: 1100->0(1120)
[3865.109s][info][gc,heap        ] GC(961) Survivor regions: 114->108(152)
[3865.109s][info][gc,heap        ] GC(961) Old regions: 537->472
[3865.109s][info][gc,heap        ] GC(961) Humongous regions: 80->80
[3865.109s][info][gc,metaspace   ] GC(961) Metaspace: 28863K(29248K)->28863K(29248K) NonClass: 23996K(24192K)->23996K(24192K) Class: 4867K(5056K)->4867K(5056K)
[3865.109s][info][gc             ] GC(961) Pause Young (Mixed) (G1 Evacuation Pause) 3660M->1319M(4096M) 132.405ms
[3865.109s][info][gc,cpu         ] GC(961) User=0.78s Sys=0.00s Real=0.14s
..[3867.713s][info][gc,start       ] GC(962) Pause Young (Concurrent Start) (G1 Evacuation Pause)
[3867.713s][info][gc,task        ] GC(962) Using 6 workers of 6 for evacuation
[3867.829s][info][gc,phases      ] GC(962)   Pre Evacuate Collection Set: 0.37ms
[3867.829s][info][gc,phases      ] GC(962)   Merge Heap Roots: 0.53ms
[3867.829s][info][gc,phases      ] GC(962)   Evacuate Collection Set: 113.40ms
[3867.829s][info][gc,phases      ] GC(962)   Post Evacuate Collection Set: 0.91ms
[3867.829s][info][gc,phases      ] GC(962)   Other: 0.12ms
[3867.829s][info][gc,heap        ] GC(962) Eden regions: 1120->0(1121)
[3867.829s][info][gc,heap        ] GC(962) Survivor regions: 108->107(154)
[3867.829s][info][gc,heap        ] GC(962) Old regions: 472->505
[3867.829s][info][gc,heap        ] GC(962) Humongous regions: 80->80
[3867.829s][info][gc,metaspace   ] GC(962) Metaspace: 28863K(29248K)->28863K(29248K) NonClass: 23996K(24192K)->23996K(24192K) Class: 4867K(5056K)->4867K(5056K)
[3867.829s][info][gc             ] GC(962) Pause Young (Concurrent Start) (G1 Evacuation Pause) 3559M->1381M(4096M) 115.459ms
[3867.829s][info][gc             ] GC(963) Concurrent Mark Cycle
[3867.829s][info][gc,marking     ] GC(963) Concurrent Scan Root Regions
[3867.829s][info][gc,cpu         ] GC(962) User=0.68s Sys=0.00s Real=0.12s
.[3867.966s][info][gc,marking     ] GC(963) Concurrent Scan Root Regions 136.808ms
[3867.966s][info][gc,marking     ] GC(963) Concurrent Mark
[3867.966s][info][gc,marking     ] GC(963) Concurrent Mark From Roots
[3867.966s][info][gc,task        ] GC(963) Using 2 workers of 2 for marking
[3868.676s][info][gc,marking     ] GC(963) Concurrent Mark From Roots 710.729ms
[3868.676s][info][gc,marking     ] GC(963) Concurrent Preclean
[3868.677s][info][gc,marking     ] GC(963) Concurrent Preclean 0.129ms
[3868.677s][info][gc,start       ] GC(963) Pause Remark
[3868.681s][info][gc             ] GC(963) Pause Remark 2119M->2119M(4096M) 4.287ms
[3868.681s][info][gc,cpu         ] GC(963) User=0.02s Sys=0.00s Real=0.01s
[3868.682s][info][gc,marking     ] GC(963) Concurrent Mark 715.890ms
[3868.682s][info][gc,marking     ] GC(963) Concurrent Rebuild Remembered Sets and Scrub Regions
.[3868.986s][info][gc,marking     ] GC(963) Concurrent Rebuild Remembered Sets and Scrub Regions 304.124ms
[3868.986s][info][gc,start       ] GC(963) Pause Cleanup
[3868.987s][info][gc             ] GC(963) Pause Cleanup 2362M->2362M(4096M) 0.120ms
[3868.987s][info][gc,cpu         ] GC(963) User=0.00s Sys=0.00s Real=0.00s
[3868.988s][info][gc,marking     ] GC(963) Concurrent Clear Claimed Marks
[3868.988s][info][gc,marking     ] GC(963) Concurrent Clear Claimed Marks 0.036ms
[3868.988s][info][gc,marking     ] GC(963) Concurrent Cleanup for Next Mark
[3868.991s][info][gc,marking     ] GC(963) Concurrent Cleanup for Next Mark 3.828ms
[3868.991s][info][gc             ] GC(963) Concurrent Mark Cycle 1162.737ms
.[3870.499s][info][gc,start       ] GC(964) Pause Young (Prepare Mixed) (G1 Evacuation Pause)
[3870.499s][info][gc,task        ] GC(964) Using 6 workers of 6 for evacuation
[3870.620s][info][gc,phases      ] GC(964)   Pre Evacuate Collection Set: 0.30ms
[3870.620s][info][gc,phases      ] GC(964)   Merge Heap Roots: 0.55ms
[3870.620s][info][gc,phases      ] GC(964)   Evacuate Collection Set: 118.51ms
[3870.620s][info][gc,phases      ] GC(964)   Post Evacuate Collection Set: 0.91ms
[3870.620s][info][gc,phases      ] GC(964)   Other: 0.09ms
[3870.620s][info][gc,heap        ] GC(964) Eden regions: 1121->0(1106)
[3870.620s][info][gc,heap        ] GC(964) Survivor regions: 107->112(154)
[3870.620s][info][gc,heap        ] GC(964) Old regions: 505->535
[3870.620s][info][gc,heap        ] GC(964) Humongous regions: 80->80
[3870.620s][info][gc,metaspace   ] GC(964) Metaspace: 28863K(29248K)->28863K(29248K) NonClass: 23996K(24192K)->23996K(24192K) Class: 4867K(5056K)->4867K(5056K)
[3870.620s][info][gc             ] GC(964) Pause Young (Prepare Mixed) (G1 Evacuation Pause) 3623M->1452M(4096M) 120.497ms
[3870.620s][info][gc,cpu         ] GC(964) User=0.71s Sys=0.00s Real=0.12s
...[3873.161s][info][gc,start       ] GC(965) Pause Young (Mixed) (G1 Evacuation Pause)
[3873.161s][info][gc,task        ] GC(965) Using 6 workers of 6 for evacuation
[3873.295s][info][gc,phases      ] GC(965)   Pre Evacuate Collection Set: 0.40ms
[3873.295s][info][gc,phases      ] GC(965)   Merge Heap Roots: 0.68ms
[3873.295s][info][gc,phases      ] GC(965)   Evacuate Collection Set: 131.86ms
[3873.295s][info][gc,phases      ] GC(965)   Post Evacuate Collection Set: 0.95ms
[3873.295s][info][gc,phases      ] GC(965)   Other: 0.09ms
[3873.295s][info][gc,heap        ] GC(965) Eden regions: 1106->0(1119)
[3873.295s][info][gc,heap        ] GC(965) Survivor regions: 112->109(153)
[3873.295s][info][gc,heap        ] GC(965) Old regions: 535->473
[3873.295s][info][gc,heap        ] GC(965) Humongous regions: 80->80
[3873.295s][info][gc,metaspace   ] GC(965) Metaspace: 28863K(29248K)->28863K(29248K) NonClass: 23996K(24192K)->23996K(24192K) Class: 4867K(5056K)->4867K(5056K)
[3873.295s][info][gc             ] GC(965) Pause Young (Mixed) (G1 Evacuation Pause) 3664M->1321M(4096M) 134.106ms
[3873.295s][info][gc,cpu         ] GC(965) User=0.79s Sys=0.00s Real=0.13s
...[3875.913s][info][gc,start       ] GC(966) Pause Young (Concurrent Start) (G1 Evacuation Pause)
[3875.913s][info][gc,task        ] GC(966) Using 6 workers of 6 for evacuation
[3876.030s][info][gc,phases      ] GC(966)   Pre Evacuate Collection Set: 0.36ms
[3876.030s][info][gc,phases      ] GC(966)   Merge Heap Roots: 0.50ms
[3876.030s][info][gc,phases      ] GC(966)   Evacuate Collection Set: 115.30ms
[3876.030s][info][gc,phases      ] GC(966)   Post Evacuate Collection Set: 0.89ms
[3876.030s][info][gc,phases      ] GC(966)   Other: 0.13ms
[3876.030s][info][gc,heap        ] GC(966) Eden regions: 1119->0(1118)
[3876.030s][info][gc,heap        ] GC(966) Survivor regions: 109->110(154)
[3876.030s][info][gc,heap        ] GC(966) Old regions: 473->505
[3876.030s][info][gc,heap        ] GC(966) Humongous regions: 80->80
[3876.030s][info][gc,metaspace   ] GC(966) Metaspace: 28863K(29248K)->28863K(29248K) NonClass: 23996K(24192K)->23996K(24192K) Class: 4867K(5056K)->4867K(5056K)
[3876.030s][info][gc             ] GC(966) Pause Young (Concurrent Start) (G1 Evacuation Pause) 3559M->1387M(4096M) 117.313ms
[3876.030s][info][gc             ] GC(967) Concurrent Mark Cycle
[3876.030s][info][gc,marking     ] GC(967) Concurrent Scan Root Regions
[3876.030s][info][gc,cpu         ] GC(966) User=0.69s Sys=0.00s Real=0.12s
[3876.160s][info][gc,marking     ] GC(967) Concurrent Scan Root Regions 129.508ms
[3876.160s][info][gc,marking     ] GC(967) Concurrent Mark
[3876.160s][info][gc,marking     ] GC(967) Concurrent Mark From Roots
[3876.160s][info][gc,task        ] GC(967) Using 2 workers of 2 for marking
.[3876.899s][info][gc,marking     ] GC(967) Concurrent Mark From Roots 738.618ms
[3876.899s][info][gc,marking     ] GC(967) Concurrent Preclean
[3876.899s][info][gc,marking     ] GC(967) Concurrent Preclean 0.096ms
[3876.899s][info][gc,start       ] GC(967) Pause Remark
[3876.904s][info][gc             ] GC(967) Pause Remark 2113M->2113M(4096M) 4.844ms
[3876.904s][info][gc,cpu         ] GC(967) User=0.03s Sys=0.00s Real=0.00s
[3876.904s][info][gc,marking     ] GC(967) Concurrent Mark 744.435ms
[3876.904s][info][gc,marking     ] GC(967) Concurrent Rebuild Remembered Sets and Scrub Regions
[3877.230s][info][gc,marking     ] GC(967) Concurrent Rebuild Remembered Sets and Scrub Regions 325.404ms
[3877.230s][info][gc,start       ] GC(967) Pause Cleanup
[3877.230s][info][gc             ] GC(967) Pause Cleanup 2399M->2399M(4096M) 0.114ms
[3877.230s][info][gc,cpu         ] GC(967) User=0.00s Sys=0.00s Real=0.00s
[3877.232s][info][gc,marking     ] GC(967) Concurrent Clear Claimed Marks
[3877.232s][info][gc,marking     ] GC(967) Concurrent Clear Claimed Marks 0.056ms
[3877.232s][info][gc,marking     ] GC(967) Concurrent Cleanup for Next Mark
[3877.238s][info][gc,marking     ] GC(967) Concurrent Cleanup for Next Mark 5.393ms
[3877.238s][info][gc             ] GC(967) Concurrent Mark Cycle 1207.340ms
.[3878.611s][info][gc,start       ] GC(968) Pause Young (Prepare Mixed) (G1 Evacuation Pause)
[3878.611s][info][gc,task        ] GC(968) Using 6 workers of 6 for evacuation
[3878.726s][info][gc,phases      ] GC(968)   Pre Evacuate Collection Set: 0.35ms
[3878.726s][info][gc,phases      ] GC(968)   Merge Heap Roots: 0.51ms
[3878.726s][info][gc,phases      ] GC(968)   Evacuate Collection Set: 113.53ms
[3878.726s][info][gc,phases      ] GC(968)   Post Evacuate Collection Set: 0.93ms
[3878.726s][info][gc,phases      ] GC(968)   Other: 0.09ms
[3878.726s][info][gc,heap        ] GC(968) Eden regions: 1118->0(1114)
[3878.726s][info][gc,heap        ] GC(968) Survivor regions: 110->107(154)
[3878.726s][info][gc,heap        ] GC(968) Old regions: 505->537
[3878.726s][info][gc,heap        ] GC(968) Humongous regions: 80->80
[3878.726s][info][gc,metaspace   ] GC(968) Metaspace: 28863K(29248K)->28863K(29248K) NonClass: 23996K(24192K)->23996K(24192K) Class: 4867K(5056K)->4867K(5056K)
[3878.726s][info][gc             ] GC(968) Pause Young (Prepare Mixed) (G1 Evacuation Pause) 3623M->1446M(4096M) 115.546ms
[3878.726s][info][gc,cpu         ] GC(968) User=0.68s Sys=0.00s Real=0.11s
...[3881.356s][info][gc,start       ] GC(969) Pause Young (Mixed) (G1 Evacuation Pause)
[3881.356s][info][gc,task        ] GC(969) Using 6 workers of 6 for evacuation
[3881.491s][info][gc,phases      ] GC(969)   Pre Evacuate Collection Set: 0.38ms
[3881.491s][info][gc,phases      ] GC(969)   Merge Heap Roots: 0.64ms
[3881.491s][info][gc,phases      ] GC(969)   Evacuate Collection Set: 132.73ms
[3881.491s][info][gc,phases      ] GC(969)   Post Evacuate Collection Set: 0.94ms
[3881.491s][info][gc,phases      ] GC(969)   Other: 0.09ms
[3881.491s][info][gc,heap        ] GC(969) Eden regions: 1114->0(1117)
[3881.491s][info][gc,heap        ] GC(969) Survivor regions: 107->111(153)
[3881.491s][info][gc,heap        ] GC(969) Old regions: 537->473
[3881.491s][info][gc,heap        ] GC(969) Humongous regions: 80->80
[3881.491s][info][gc,metaspace   ] GC(969) Metaspace: 28863K(29248K)->28863K(29248K) NonClass: 23996K(24192K)->23996K(24192K) Class: 4867K(5056K)->4867K(5056K)
[3881.491s][info][gc             ] GC(969) Pause Young (Mixed) (G1 Evacuation Pause) 3674M->1327M(4096M) 134.909ms
[3881.491s][info][gc,cpu         ] GC(969) User=0.79s Sys=0.00s Real=0.14s
...[3884.132s][info][gc,start       ] GC(970) Pause Young (Concurrent Start) (G1 Evacuation Pause)
[3884.132s][info][gc,task        ] GC(970) Using 6 workers of 6 for evacuation
[3884.251s][info][gc,phases      ] GC(970)   Pre Evacuate Collection Set: 0.38ms
[3884.251s][info][gc,phases      ] GC(970)   Merge Heap Roots: 0.55ms
[3884.251s][info][gc,phases      ] GC(970)   Evacuate Collection Set: 117.06ms
[3884.251s][info][gc,phases      ] GC(970)   Post Evacuate Collection Set: 0.88ms
[3884.251s][info][gc,phases      ] GC(970)   Other: 0.10ms
[3884.251s][info][gc,heap        ] GC(970) Eden regions: 1117->0(1116)
[3884.251s][info][gc,heap        ] GC(970) Survivor regions: 111->112(154)
[3884.251s][info][gc,heap        ] GC(970) Old regions: 473->505
[3884.251s][info][gc,heap        ] GC(970) Humongous regions: 80->80
[3884.251s][info][gc,metaspace   ] GC(970) Metaspace: 28863K(29248K)->28863K(29248K) NonClass: 23996K(24192K)->23996K(24192K) Class: 4867K(5056K)->4867K(5056K)
[3884.251s][info][gc             ] GC(970) Pause Young (Concurrent Start) (G1 Evacuation Pause) 3561M->1391M(4096M) 119.114ms
[3884.251s][info][gc             ] GC(971) Concurrent Mark Cycle
[3884.251s][info][gc,marking     ] GC(971) Concurrent Scan Root Regions
[3884.251s][info][gc,cpu         ] GC(970) User=0.70s Sys=0.01s Real=0.12s
[3884.386s][info][gc,marking     ] GC(971) Concurrent Scan Root Regions 135.053ms
[3884.386s][info][gc,marking     ] GC(971) Concurrent Mark
[3884.386s][info][gc,marking     ] GC(971) Concurrent Mark From Roots
[3884.386s][info][gc,task        ] GC(971) Using 2 workers of 2 for marking
.[3885.105s][info][gc,marking     ] GC(971) Concurrent Mark From Roots 718.782ms
[3885.105s][info][gc,marking     ] GC(971) Concurrent Preclean
[3885.105s][info][gc,marking     ] GC(971) Concurrent Preclean 0.096ms
[3885.105s][info][gc,start       ] GC(971) Pause Remark
[3885.110s][info][gc             ] GC(971) Pause Remark 2065M->2065M(4096M) 4.417ms
[3885.110s][info][gc,cpu         ] GC(971) User=0.02s Sys=0.00s Real=0.01s
[3885.110s][info][gc,marking     ] GC(971) Concurrent Mark 723.598ms
[3885.110s][info][gc,marking     ] GC(971) Concurrent Rebuild Remembered Sets and Scrub Regions
[3885.401s][info][gc,marking     ] GC(971) Concurrent Rebuild Remembered Sets and Scrub Regions 291.078ms
[3885.401s][info][gc,start       ] GC(971) Pause Cleanup
[3885.401s][info][gc             ] GC(971) Pause Cleanup 2377M->2377M(4096M) 0.122ms
[3885.401s][info][gc,cpu         ] GC(971) User=0.00s Sys=0.00s Real=0.00s
[3885.401s][info][gc,marking     ] GC(971) Concurrent Clear Claimed Marks
[3885.401s][info][gc,marking     ] GC(971) Concurrent Clear Claimed Marks 0.023ms
[3885.401s][info][gc,marking     ] GC(971) Concurrent Cleanup for Next Mark
[3885.405s][info][gc,marking     ] GC(971) Concurrent Cleanup for Next Mark 4.167ms
[3885.405s][info][gc             ] GC(971) Concurrent Mark Cycle 1154.498ms
.[3886.821s][info][gc,start       ] GC(972) Pause Young (Prepare Mixed) (G1 Evacuation Pause)
[3886.821s][info][gc,task        ] GC(972) Using 6 workers of 6 for evacuation
[3886.939s][info][gc,phases      ] GC(972)   Pre Evacuate Collection Set: 0.37ms
[3886.939s][info][gc,phases      ] GC(972)   Merge Heap Roots: 0.50ms
[3886.939s][info][gc,phases      ] GC(972)   Evacuate Collection Set: 115.67ms
[3886.939s][info][gc,phases      ] GC(972)   Post Evacuate Collection Set: 0.95ms
[3886.939s][info][gc,phases      ] GC(972)   Other: 0.09ms
[3886.939s][info][gc,heap        ] GC(972) Eden regions: 1116->0(1108)
[3886.939s][info][gc,heap        ] GC(972) Survivor regions: 112->110(154)
[3886.939s][info][gc,heap        ] GC(972) Old regions: 505->537
[3886.939s][info][gc,heap        ] GC(972) Humongous regions: 80->80
[3886.939s][info][gc,metaspace   ] GC(972) Metaspace: 28863K(29248K)->28863K(29248K) NonClass: 23996K(24192K)->23996K(24192K) Class: 4867K(5056K)->4867K(5056K)
[3886.939s][info][gc             ] GC(972) Pause Young (Prepare Mixed) (G1 Evacuation Pause) 3623M->1451M(4096M) 117.725ms
[3886.939s][info][gc,cpu         ] GC(972) User=0.70s Sys=0.01s Real=0.12s
...[3889.538s][info][gc,start       ] GC(973) Pause Young (Mixed) (G1 Evacuation Pause)
[3889.538s][info][gc,task        ] GC(973) Using 6 workers of 6 for evacuation
[3889.677s][info][gc,phases      ] GC(973)   Pre Evacuate Collection Set: 0.38ms
[3889.677s][info][gc,phases      ] GC(973)   Merge Heap Roots: 0.78ms
[3889.677s][info][gc,phases      ] GC(973)   Evacuate Collection Set: 136.50ms
[3889.677s][info][gc,phases      ] GC(973)   Post Evacuate Collection Set: 0.98ms
[3889.677s][info][gc,phases      ] GC(973)   Other: 0.10ms
[3889.677s][info][gc,heap        ] GC(973) Eden regions: 1108->0(1115)
[3889.677s][info][gc,heap        ] GC(973) Survivor regions: 110->113(153)
[3889.677s][info][gc,heap        ] GC(973) Old regions: 537->473
[3889.677s][info][gc,heap        ] GC(973) Humongous regions: 80->80
[3889.677s][info][gc,metaspace   ] GC(973) Metaspace: 28863K(29248K)->28863K(29248K) NonClass: 23996K(24192K)->23996K(24192K) Class: 4867K(5056K)->4867K(5056K)
[3889.677s][info][gc             ] GC(973) Pause Young (Mixed) (G1 Evacuation Pause) 3667M->1329M(4096M) 138.864ms
[3889.677s][info][gc,cpu         ] GC(973) User=0.82s Sys=0.00s Real=0.13s
...[3892.285s][info][gc,start       ] GC(974) Pause Young (Concurrent Start) (G1 Evacuation Pause)
[3892.285s][info][gc,task        ] GC(974) Using 6 workers of 6 for evacuation
[3892.402s][info][gc,phases      ] GC(974)   Pre Evacuate Collection Set: 0.38ms
[3892.402s][info][gc,phases      ] GC(974)   Merge Heap Roots: 0.54ms
[3892.402s][info][gc,phases      ] GC(974)   Evacuate Collection Set: 115.39ms
[3892.402s][info][gc,phases      ] GC(974)   Post Evacuate Collection Set: 0.88ms
[3892.402s][info][gc,phases      ] GC(974)   Other: 0.11ms
[3892.402s][info][gc,heap        ] GC(974) Eden regions: 1115->0(1117)
[3892.402s][info][gc,heap        ] GC(974) Survivor regions: 113->111(154)
[3892.402s][info][gc,heap        ] GC(974) Old regions: 473->504
[3892.402s][info][gc,heap        ] GC(974) Humongous regions: 80->80
[3892.402s][info][gc,metaspace   ] GC(974) Metaspace: 28863K(29248K)->28863K(29248K) NonClass: 23996K(24192K)->23996K(24192K) Class: 4867K(5056K)->4867K(5056K)
[3892.402s][info][gc             ] GC(974) Pause Young (Concurrent Start) (G1 Evacuation Pause) 3559M->1388M(4096M) 117.428ms
[3892.402s][info][gc             ] GC(975) Concurrent Mark Cycle
[3892.402s][info][gc,marking     ] GC(975) Concurrent Scan Root Regions
[3892.402s][info][gc,cpu         ] GC(974) User=0.69s Sys=0.00s Real=0.12s
[3892.666s][info][gc,marking     ] GC(975) Concurrent Scan Root Regions 263.591ms
[3892.666s][info][gc,marking     ] GC(975) Concurrent Mark
[3892.666s][info][gc,marking     ] GC(975) Concurrent Mark From Roots
[3892.666s][info][gc,task        ] GC(975) Using 2 workers of 2 for marking
.[3893.356s][info][gc,marking     ] GC(975) Concurrent Mark From Roots 689.956ms
[3893.356s][info][gc,marking     ] GC(975) Concurrent Preclean
[3893.356s][info][gc,marking     ] GC(975) Concurrent Preclean 0.106ms
[3893.356s][info][gc,start       ] GC(975) Pause Remark
[3893.361s][info][gc             ] GC(975) Pause Remark 2223M->2223M(4096M) 5.071ms
[3893.361s][info][gc,cpu         ] GC(975) User=0.03s Sys=0.00s Real=0.01s
[3893.361s][info][gc,marking     ] GC(975) Concurrent Mark 695.435ms
[3893.361s][info][gc,marking     ] GC(975) Concurrent Rebuild Remembered Sets and Scrub Regions
[3893.621s][info][gc,marking     ] GC(975) Concurrent Rebuild Remembered Sets and Scrub Regions 259.598ms
[3893.621s][info][gc,start       ] GC(975) Pause Cleanup
[3893.621s][info][gc             ] GC(975) Pause Cleanup 2437M->2437M(4096M) 0.124ms
[3893.621s][info][gc,cpu         ] GC(975) User=0.00s Sys=0.00s Real=0.00s
[3893.621s][info][gc,marking     ] GC(975) Concurrent Clear Claimed Marks
[3893.622s][info][gc,marking     ] GC(975) Concurrent Clear Claimed Marks 0.023ms
[3893.622s][info][gc,marking     ] GC(975) Concurrent Cleanup for Next Mark
[3893.627s][info][gc,marking     ] GC(975) Concurrent Cleanup for Next Mark 5.617ms
[3893.627s][info][gc             ] GC(975) Concurrent Mark Cycle 1224.907ms
.[3894.992s][info][gc,start       ] GC(976) Pause Young (Prepare Mixed) (G1 Evacuation Pause)
[3894.992s][info][gc,task        ] GC(976) Using 6 workers of 6 for evacuation
[3895.109s][info][gc,phases      ] GC(976)   Pre Evacuate Collection Set: 0.34ms
[3895.109s][info][gc,phases      ] GC(976)   Merge Heap Roots: 0.54ms
[3895.109s][info][gc,phases      ] GC(976)   Evacuate Collection Set: 115.20ms
[3895.109s][info][gc,phases      ] GC(976)   Post Evacuate Collection Set: 0.92ms
[3895.109s][info][gc,phases      ] GC(976)   Other: 0.09ms
[3895.109s][info][gc,heap        ] GC(976) Eden regions: 1117->0(1111)
[3895.109s][info][gc,heap        ] GC(976) Survivor regions: 111->109(154)
[3895.109s][info][gc,heap        ] GC(976) Old regions: 504->536
[3895.109s][info][gc,heap        ] GC(976) Humongous regions: 80->80
[3895.109s][info][gc,metaspace   ] GC(976) Metaspace: 28863K(29248K)->28863K(29248K) NonClass: 23996K(24192K)->23996K(24192K) Class: 4867K(5056K)->4867K(5056K)
[3895.109s][info][gc             ] GC(976) Pause Young (Prepare Mixed) (G1 Evacuation Pause) 3622M->1449M(4096M) 117.214ms
[3895.109s][info][gc,cpu         ] GC(976) User=0.70s Sys=0.00s Real=0.12s
...[3897.662s][info][gc,start       ] GC(977) Pause Young (Mixed) (G1 Evacuation Pause)
[3897.662s][info][gc,task        ] GC(977) Using 6 workers of 6 for evacuation
[3897.792s][info][gc,phases      ] GC(977)   Pre Evacuate Collection Set: 0.37ms
[3897.792s][info][gc,phases      ] GC(977)   Merge Heap Roots: 0.62ms
[3897.792s][info][gc,phases      ] GC(977)   Evacuate Collection Set: 127.92ms
[3897.792s][info][gc,phases      ] GC(977)   Post Evacuate Collection Set: 0.93ms
[3897.792s][info][gc,phases      ] GC(977)   Other: 0.09ms
[3897.792s][info][gc,heap        ] GC(977) Eden regions: 1111->0(1120)
[3897.792s][info][gc,heap        ] GC(977) Survivor regions: 109->108(153)
[3897.792s][info][gc,heap        ] GC(977) Old regions: 536->473
[3897.792s][info][gc,heap        ] GC(977) Humongous regions: 80->80
[3897.792s][info][gc,metaspace   ] GC(977) Metaspace: 28863K(29248K)->28863K(29248K) NonClass: 23996K(24192K)->23996K(24192K) Class: 4867K(5056K)->4867K(5056K)
[3897.792s][info][gc             ] GC(977) Pause Young (Mixed) (G1 Evacuation Pause) 3671M->1319M(4096M) 130.053ms
[3897.792s][info][gc,cpu         ] GC(977) User=0.76s Sys=0.01s Real=0.13s
...[3900.492s][info][gc,start       ] GC(978) Pause Young (Concurrent Start) (G1 Evacuation Pause)
[3900.492s][info][gc,task        ] GC(978) Using 6 workers of 6 for evacuation
[3900.613s][info][gc,phases      ] GC(978)   Pre Evacuate Collection Set: 0.40ms
[3900.613s][info][gc,phases      ] GC(978)   Merge Heap Roots: 0.55ms
[3900.613s][info][gc,phases      ] GC(978)   Evacuate Collection Set: 118.24ms
[3900.613s][info][gc,phases      ] GC(978)   Post Evacuate Collection Set: 0.90ms
[3900.613s][info][gc,phases      ] GC(978)   Other: 0.14ms
[3900.613s][info][gc,heap        ] GC(978) Eden regions: 1120->0(1117)
[3900.613s][info][gc,heap        ] GC(978) Survivor regions: 108->111(154)
[3900.613s][info][gc,heap        ] GC(978) Old regions: 473->505
[3900.613s][info][gc,heap        ] GC(978) Humongous regions: 80->80
[3900.613s][info][gc,metaspace   ] GC(978) Metaspace: 28863K(29248K)->28863K(29248K) NonClass: 23996K(24192K)->23996K(24192K) Class: 4867K(5056K)->4867K(5056K)
[3900.613s][info][gc             ] GC(978) Pause Young (Concurrent Start) (G1 Evacuation Pause) 3559M->1390M(4096M) 120.363ms
[3900.613s][info][gc             ] GC(979) Concurrent Mark Cycle
[3900.613s][info][gc,marking     ] GC(979) Concurrent Scan Root Regions
[3900.613s][info][gc,cpu         ] GC(978) User=0.71s Sys=0.00s Real=0.12s
[3900.787s][info][gc,marking     ] GC(979) Concurrent Scan Root Regions 174.377ms
[3900.787s][info][gc,marking     ] GC(979) Concurrent Mark
[3900.787s][info][gc,marking     ] GC(979) Concurrent Mark From Roots
[3900.787s][info][gc,task        ] GC(979) Using 2 workers of 2 for marking
.[3901.783s][info][gc,marking     ] GC(979) Concurrent Mark From Roots 996.119ms
[3901.783s][info][gc,marking     ] GC(979) Concurrent Preclean
[3901.783s][info][gc,marking     ] GC(979) Concurrent Preclean 0.155ms
[3901.785s][info][gc,start       ] GC(979) Pause Remark
[3901.791s][info][gc             ] GC(979) Pause Remark 2440M->2440M(4096M) 5.768ms
[3901.791s][info][gc,cpu         ] GC(979) User=0.04s Sys=0.00s Real=0.01s
[3901.791s][info][gc,marking     ] GC(979) Concurrent Mark 1004.115ms
[3901.791s][info][gc,marking     ] GC(979) Concurrent Rebuild Remembered Sets and Scrub Regions
[3902.081s][info][gc,marking     ] GC(979) Concurrent Rebuild Remembered Sets and Scrub Regions 289.351ms
[3902.082s][info][gc,start       ] GC(979) Pause Cleanup
[3902.082s][info][gc             ] GC(979) Pause Cleanup 2662M->2662M(4096M) 0.129ms
[3902.082s][info][gc,cpu         ] GC(979) User=0.00s Sys=0.00s Real=0.00s
[3902.082s][info][gc,marking     ] GC(979) Concurrent Clear Claimed Marks
[3902.082s][info][gc,marking     ] GC(979) Concurrent Clear Claimed Marks 0.036ms
[3902.082s][info][gc,marking     ] GC(979) Concurrent Cleanup for Next Mark
[3902.087s][info][gc,marking     ] GC(979) Concurrent Cleanup for Next Mark 5.178ms
[3902.087s][info][gc             ] GC(979) Concurrent Mark Cycle 1474.626ms
.[3903.157s][info][gc,start       ] GC(980) Pause Young (Prepare Mixed) (G1 Evacuation Pause)
[3903.157s][info][gc,task        ] GC(980) Using 6 workers of 6 for evacuation
[3903.277s][info][gc,phases      ] GC(980)   Pre Evacuate Collection Set: 0.33ms
[3903.277s][info][gc,phases      ] GC(980)   Merge Heap Roots: 0.60ms
[3903.277s][info][gc,phases      ] GC(980)   Evacuate Collection Set: 118.00ms
[3903.277s][info][gc,phases      ] GC(980)   Post Evacuate Collection Set: 0.93ms
[3903.277s][info][gc,phases      ] GC(980)   Other: 0.08ms
[3903.277s][info][gc,heap        ] GC(980) Eden regions: 1117->0(1107)
[3903.277s][info][gc,heap        ] GC(980) Survivor regions: 111->111(154)
[3903.277s][info][gc,heap        ] GC(980) Old regions: 505->536
[3903.277s][info][gc,heap        ] GC(980) Humongous regions: 80->80
[3903.277s][info][gc,metaspace   ] GC(980) Metaspace: 28863K(29248K)->28863K(29248K) NonClass: 23996K(24192K)->23996K(24192K) Class: 4867K(5056K)->4867K(5056K)
[3903.277s][info][gc             ] GC(980) Pause Young (Prepare Mixed) (G1 Evacuation Pause) 3624M->1452M(4096M) 120.072ms
[3903.277s][info][gc,cpu         ] GC(980) User=0.71s Sys=0.00s Real=0.12s
...[3905.859s][info][gc,start       ] GC(981) Pause Young (Mixed) (G1 Evacuation Pause)
[3905.859s][info][gc,task        ] GC(981) Using 6 workers of 6 for evacuation
[3905.999s][info][gc,phases      ] GC(981)   Pre Evacuate Collection Set: 0.39ms
[3905.999s][info][gc,phases      ] GC(981)   Merge Heap Roots: 0.74ms
[3905.999s][info][gc,phases      ] GC(981)   Evacuate Collection Set: 137.55ms
[3905.999s][info][gc,phases      ] GC(981)   Post Evacuate Collection Set: 0.94ms
[3905.999s][info][gc,phases      ] GC(981)   Other: 0.09ms
[3905.999s][info][gc,heap        ] GC(981) Eden regions: 1107->0(1116)
[3905.999s][info][gc,heap        ] GC(981) Survivor regions: 111->112(153)
[3905.999s][info][gc,heap        ] GC(981) Old regions: 536->473
[3905.999s][info][gc,heap        ] GC(981) Humongous regions: 80->80
[3905.999s][info][gc,metaspace   ] GC(981) Metaspace: 28863K(29248K)->28863K(29248K) NonClass: 23996K(24192K)->23996K(24192K) Class: 4867K(5056K)->4867K(5056K)
[3905.999s][info][gc             ] GC(981) Pause Young (Mixed) (G1 Evacuation Pause) 3666M->1328M(4096M) 139.859ms
[3905.999s][info][gc,cpu         ] GC(981) User=0.82s Sys=0.00s Real=0.14s
...[3908.622s][info][gc,start       ] GC(982) Pause Young (Concurrent Start) (G1 Evacuation Pause)
[3908.622s][info][gc,task        ] GC(982) Using 6 workers of 6 for evacuation
[3908.738s][info][gc,phases      ] GC(982)   Pre Evacuate Collection Set: 0.36ms
[3908.738s][info][gc,phases      ] GC(982)   Merge Heap Roots: 0.47ms
[3908.738s][info][gc,phases      ] GC(982)   Evacuate Collection Set: 114.04ms
[3908.738s][info][gc,phases      ] GC(982)   Post Evacuate Collection Set: 0.90ms
[3908.738s][info][gc,phases      ] GC(982)   Other: 0.12ms
[3908.738s][info][gc,heap        ] GC(982) Eden regions: 1116->0(1120)
[3908.738s][info][gc,heap        ] GC(982) Survivor regions: 112->108(154)
[3908.738s][info][gc,heap        ] GC(982) Old regions: 473->504
[3908.738s][info][gc,heap        ] GC(982) Humongous regions: 80->80
[3908.738s][info][gc,metaspace   ] GC(982) Metaspace: 28863K(29248K)->28863K(29248K) NonClass: 23996K(24192K)->23996K(24192K) Class: 4867K(5056K)->4867K(5056K)
[3908.738s][info][gc             ] GC(982) Pause Young (Concurrent Start) (G1 Evacuation Pause) 3560M->1382M(4096M) 116.033ms
[3908.738s][info][gc             ] GC(983) Concurrent Mark Cycle
[3908.738s][info][gc,marking     ] GC(983) Concurrent Scan Root Regions
[3908.738s][info][gc,cpu         ] GC(982) User=0.68s Sys=0.00s Real=0.11s
[3908.916s][info][gc,marking     ] GC(983) Concurrent Scan Root Regions 177.830ms
[3908.916s][info][gc,marking     ] GC(983) Concurrent Mark
[3908.916s][info][gc,marking     ] GC(983) Concurrent Mark From Roots
[3908.916s][info][gc,task        ] GC(983) Using 2 workers of 2 for marking
.[3909.967s][info][gc,marking     ] GC(983) Concurrent Mark From Roots 1051.639ms
[3909.967s][info][gc,marking     ] GC(983) Concurrent Preclean
[3909.967s][info][gc,marking     ] GC(983) Concurrent Preclean 0.202ms
[3909.968s][info][gc,start       ] GC(983) Pause Remark
[3909.972s][info][gc             ] GC(983) Pause Remark 2473M->2473M(4096M) 4.287ms
[3909.972s][info][gc,cpu         ] GC(983) User=0.02s Sys=0.00s Real=0.01s
[3909.972s][info][gc,marking     ] GC(983) Concurrent Mark 1056.493ms
[3909.972s][info][gc,marking     ] GC(983) Concurrent Rebuild Remembered Sets and Scrub Regions
.[3910.328s][info][gc,marking     ] GC(983) Concurrent Rebuild Remembered Sets and Scrub Regions 355.992ms
[3910.328s][info][gc,start       ] GC(983) Pause Cleanup
[3910.328s][info][gc             ] GC(983) Pause Cleanup 2821M->2821M(4096M) 0.117ms
[3910.328s][info][gc,cpu         ] GC(983) User=0.00s Sys=0.00s Real=0.00s
[3910.329s][info][gc,marking     ] GC(983) Concurrent Clear Claimed Marks
[3910.329s][info][gc,marking     ] GC(983) Concurrent Clear Claimed Marks 0.029ms
[3910.329s][info][gc,marking     ] GC(983) Concurrent Cleanup for Next Mark
[3910.334s][info][gc,marking     ] GC(983) Concurrent Cleanup for Next Mark 5.251ms
[3910.334s][info][gc             ] GC(983) Concurrent Mark Cycle 1596.743ms
[3911.312s][info][gc,start       ] GC(984) Pause Young (Prepare Mixed) (G1 Evacuation Pause)
[3911.312s][info][gc,task        ] GC(984) Using 6 workers of 6 for evacuation
[3911.435s][info][gc,phases      ] GC(984)   Pre Evacuate Collection Set: 0.33ms
[3911.435s][info][gc,phases      ] GC(984)   Merge Heap Roots: 0.57ms
[3911.435s][info][gc,phases      ] GC(984)   Evacuate Collection Set: 121.19ms
[3911.435s][info][gc,phases      ] GC(984)   Post Evacuate Collection Set: 0.95ms
[3911.435s][info][gc,phases      ] GC(984)   Other: 0.09ms
[3911.435s][info][gc,heap        ] GC(984) Eden regions: 1120->0(1099)
[3911.435s][info][gc,heap        ] GC(984) Survivor regions: 108->115(154)
[3911.435s][info][gc,heap        ] GC(984) Old regions: 504->536
[3911.435s][info][gc,heap        ] GC(984) Humongous regions: 80->80
[3911.435s][info][gc,metaspace   ] GC(984) Metaspace: 28863K(29248K)->28863K(29248K) NonClass: 23996K(24192K)->23996K(24192K) Class: 4867K(5056K)->4867K(5056K)
[3911.435s][info][gc             ] GC(984) Pause Young (Prepare Mixed) (G1 Evacuation Pause) 3622M->1460M(4096M) 123.249ms
[3911.435s][info][gc,cpu         ] GC(984) User=0.72s Sys=0.00s Real=0.12s
...[3914.033s][info][gc,start       ] GC(985) Pause Young (Mixed) (G1 Evacuation Pause)
[3914.033s][info][gc,task        ] GC(985) Using 6 workers of 6 for evacuation
[3914.167s][info][gc,phases      ] GC(985)   Pre Evacuate Collection Set: 0.40ms
[3914.167s][info][gc,phases      ] GC(985)   Merge Heap Roots: 0.72ms
[3914.167s][info][gc,phases      ] GC(985)   Evacuate Collection Set: 131.46ms
[3914.167s][info][gc,phases      ] GC(985)   Post Evacuate Collection Set: 0.98ms
[3914.167s][info][gc,phases      ] GC(985)   Other: 0.09ms
[3914.167s][info][gc,heap        ] GC(985) Eden regions: 1099->0(1120)
[3914.167s][info][gc,heap        ] GC(985) Survivor regions: 115->108(152)
[3914.167s][info][gc,heap        ] GC(985) Old regions: 536->473
[3914.167s][info][gc,heap        ] GC(985) Humongous regions: 80->80
[3914.167s][info][gc,metaspace   ] GC(985) Metaspace: 28863K(29248K)->28863K(29248K) NonClass: 23996K(24192K)->23996K(24192K) Class: 4867K(5056K)->4867K(5056K)
[3914.167s][info][gc             ] GC(985) Pause Young (Mixed) (G1 Evacuation Pause) 3658M->1320M(4096M) 133.778ms
[3914.167s][info][gc,cpu         ] GC(985) User=0.79s Sys=0.00s Real=0.13s
... (rIR:aIR:PR = 6918:6911:6910) (tPR = 102834) [OK] 
  3916s: Performance info:
         Transaction,    Success,    Partial,     Failed,   Receipts, AvgBarcode, 
             Overall,     420174,          0,          0,     399126,      59.48, 
         Response times:
             Request,    Success,    Partial,     Failed,   SkipFail,     Probes,    Samples,      min,      p50,      p90,      p95,      p99,      max, 
       TotalPurchase,     399135,          0,          0,          0,     362622,     402515,      300,     6300,    50000,    90000,   154000,   378000,
     InStorePurchase,     210281,          0,          0,          0,     191118,     211979,      300,     6300,    50000,    90000,   154000,   303000,
      OnlinePurchase,     146857,          0,          0,          0,     133183,     147691,      300,     6200,    50000,    89000,   154000,   378000,
        InstPurchase,      41997,          0,          0,          0,      38321,      42845,      400,     6300,    52000,    95000,   156000,   300000,
          AssocOfCat,        421,          0,          0,          0,        342,        466,    24000,    45000,   107600,   161000,   226620,   309000,
      AssocOfProduct,       4210,          0,          0,          0,       3884,       4526,      600,     7400,    59000,    94650,   162000,   327000,
      BusinessReport,       1052,          0,          0,          0,        915,       1158,    29000,    51000,   107000,   168000,   228410,   348000,
          CustBuyBeh,       4204,          0,          0,          0,       3916,       4637,      300,     7300,    56000,    93000,   158620,   283000,
       ProductReturn,      11162,          0,          0,          0,       9368,      10663,      200,     5900,    50000,    89000,   155000,   329000,

  3916s: (51%)   IR =   7057 [3916.731s][info][gc,start       ] GC(986) Pause Young (Concurrent Start) (G1 Evacuation Pause)
[3916.731s][info][gc,task        ] GC(986) Using 6 workers of 6 for evacuation
[3916.851s][info][gc,phases      ] GC(986)   Pre Evacuate Collection Set: 0.41ms
[3916.851s][info][gc,phases      ] GC(986)   Merge Heap Roots: 0.49ms
[3916.851s][info][gc,phases      ] GC(986)   Evacuate Collection Set: 117.80ms
[3916.851s][info][gc,phases      ] GC(986)   Post Evacuate Collection Set: 0.95ms
[3916.851s][info][gc,phases      ] GC(986)   Other: 0.09ms
[3916.851s][info][gc,heap        ] GC(986) Eden regions: 1120->0(1117)
[3916.851s][info][gc,heap        ] GC(986) Survivor regions: 108->111(154)
[3916.851s][info][gc,heap        ] GC(986) Old regions: 473->504
[3916.851s][info][gc,heap        ] GC(986) Humongous regions: 80->80
[3916.851s][info][gc,metaspace   ] GC(986) Metaspace: 28863K(29248K)->28863K(29248K) NonClass: 23996K(24192K)->23996K(24192K) Class: 4867K(5056K)->4867K(5056K)
[3916.851s][info][gc             ] GC(986) Pause Young (Concurrent Start) (G1 Evacuation Pause) 3560M->1388M(4096M) 119.869ms
[3916.851s][info][gc             ] GC(987) Concurrent Mark Cycle
[3916.851s][info][gc,marking     ] GC(987) Concurrent Scan Root Regions
[3916.851s][info][gc,cpu         ] GC(986) User=0.71s Sys=0.00s Real=0.12s
[3917.023s][info][gc,marking     ] GC(987) Concurrent Scan Root Regions 171.750ms
[3917.023s][info][gc,marking     ] GC(987) Concurrent Mark
[3917.023s][info][gc,marking     ] GC(987) Concurrent Mark From Roots
[3917.023s][info][gc,task        ] GC(987) Using 2 workers of 2 for marking
.[3917.976s][info][gc,marking     ] GC(987) Concurrent Mark From Roots 952.930ms
[3917.976s][info][gc,marking     ] GC(987) Concurrent Preclean
[3917.976s][info][gc,marking     ] GC(987) Concurrent Preclean 0.156ms
[3917.977s][info][gc,start       ] GC(987) Pause Remark
[3917.983s][info][gc             ] GC(987) Pause Remark 2356M->2356M(4096M) 6.451ms
[3917.983s][info][gc,cpu         ] GC(987) User=0.03s Sys=0.00s Real=0.01s
[3917.983s][info][gc,marking     ] GC(987) Concurrent Mark 960.608ms
[3917.983s][info][gc,marking     ] GC(987) Concurrent Rebuild Remembered Sets and Scrub Regions
[3918.306s][info][gc,marking     ] GC(987) Concurrent Rebuild Remembered Sets and Scrub Regions 322.304ms
[3918.306s][info][gc,start       ] GC(987) Pause Cleanup
[3918.306s][info][gc             ] GC(987) Pause Cleanup 2636M->2636M(4096M) 0.117ms
[3918.306s][info][gc,cpu         ] GC(987) User=0.00s Sys=0.00s Real=0.00s
[3918.306s][info][gc,marking     ] GC(987) Concurrent Clear Claimed Marks
[3918.306s][info][gc,marking     ] GC(987) Concurrent Clear Claimed Marks 0.025ms
[3918.306s][info][gc,marking     ] GC(987) Concurrent Cleanup for Next Mark
[3918.311s][info][gc,marking     ] GC(987) Concurrent Cleanup for Next Mark 4.715ms
[3918.311s][info][gc             ] GC(987) Concurrent Mark Cycle 1459.947ms
.[3919.435s][info][gc,start       ] GC(988) Pause Young (Prepare Mixed) (G1 Evacuation Pause)
[3919.435s][info][gc,task        ] GC(988) Using 6 workers of 6 for evacuation
[3919.554s][info][gc,phases      ] GC(988)   Pre Evacuate Collection Set: 0.33ms
[3919.554s][info][gc,phases      ] GC(988)   Merge Heap Roots: 0.53ms
[3919.554s][info][gc,phases      ] GC(988)   Evacuate Collection Set: 117.84ms
[3919.554s][info][gc,phases      ] GC(988)   Post Evacuate Collection Set: 0.94ms
[3919.554s][info][gc,phases      ] GC(988)   Other: 0.09ms
[3919.554s][info][gc,heap        ] GC(988) Eden regions: 1117->0(1104)
[3919.554s][info][gc,heap        ] GC(988) Survivor regions: 111->113(154)
[3919.554s][info][gc,heap        ] GC(988) Old regions: 504->535
[3919.554s][info][gc,heap        ] GC(988) Humongous regions: 80->80
[3919.554s][info][gc,metaspace   ] GC(988) Metaspace: 28863K(29248K)->28863K(29248K) NonClass: 23996K(24192K)->23996K(24192K) Class: 4867K(5056K)->4867K(5056K)
[3919.554s][info][gc             ] GC(988) Pause Young (Prepare Mixed) (G1 Evacuation Pause) 3622M->1455M(4096M) 119.872ms
[3919.554s][info][gc,cpu         ] GC(988) User=0.71s Sys=0.00s Real=0.12s
...[3922.049s][info][gc,start       ] GC(989) Pause Young (Mixed) (G1 Evacuation Pause)
[3922.049s][info][gc,task        ] GC(989) Using 6 workers of 6 for evacuation
[3922.189s][info][gc,phases      ] GC(989)   Pre Evacuate Collection Set: 0.37ms
[3922.190s][info][gc,phases      ] GC(989)   Merge Heap Roots: 0.66ms
[3922.190s][info][gc,phases      ] GC(989)   Evacuate Collection Set: 138.28ms
[3922.190s][info][gc,phases      ] GC(989)   Post Evacuate Collection Set: 1.00ms
[3922.190s][info][gc,phases      ] GC(989)   Other: 0.09ms
[3922.190s][info][gc,heap        ] GC(989) Eden regions: 1104->0(1114)
[3922.190s][info][gc,heap        ] GC(989) Survivor regions: 113->114(153)
[3922.190s][info][gc,heap        ] GC(989) Old regions: 535->473
[3922.190s][info][gc,heap        ] GC(989) Humongous regions: 80->80
[3922.190s][info][gc,metaspace   ] GC(989) Metaspace: 28863K(29248K)->28863K(29248K) NonClass: 23996K(24192K)->23996K(24192K) Class: 4867K(5056K)->4867K(5056K)
[3922.190s][info][gc             ] GC(989) Pause Young (Mixed) (G1 Evacuation Pause) 3663M->1331M(4096M) 140.534ms
[3922.190s][info][gc,cpu         ] GC(989) User=0.83s Sys=0.00s Real=0.14s
...[3924.750s][info][gc,start       ] GC(990) Pause Young (Concurrent Start) (G1 Evacuation Pause)
[3924.750s][info][gc,task        ] GC(990) Using 6 workers of 6 for evacuation
[3924.875s][info][gc,phases      ] GC(990)   Pre Evacuate Collection Set: 0.38ms
[3924.875s][info][gc,phases      ] GC(990)   Merge Heap Roots: 0.51ms
[3924.875s][info][gc,phases      ] GC(990)   Evacuate Collection Set: 122.96ms
[3924.875s][info][gc,phases      ] GC(990)   Post Evacuate Collection Set: 0.96ms
[3924.875s][info][gc,phases      ] GC(990)   Other: 0.11ms
[3924.875s][info][gc,heap        ] GC(990) Eden regions: 1114->0(1113)
[3924.875s][info][gc,heap        ] GC(990) Survivor regions: 114->115(154)
[3924.875s][info][gc,heap        ] GC(990) Old regions: 473->504
[3924.875s][info][gc,heap        ] GC(990) Humongous regions: 80->80
[3924.875s][info][gc,metaspace   ] GC(990) Metaspace: 28863K(29248K)->28863K(29248K) NonClass: 23996K(24192K)->23996K(24192K) Class: 4867K(5056K)->4867K(5056K)
[3924.875s][info][gc             ] GC(990) Pause Young (Concurrent Start) (G1 Evacuation Pause) 3559M->1396M(4096M) 125.062ms
[3924.875s][info][gc             ] GC(991) Concurrent Mark Cycle
[3924.875s][info][gc,marking     ] GC(991) Concurrent Scan Root Regions
[3924.875s][info][gc,cpu         ] GC(990) User=0.74s Sys=0.00s Real=0.12s
[3925.047s][info][gc,marking     ] GC(991) Concurrent Scan Root Regions 172.324ms
[3925.047s][info][gc,marking     ] GC(991) Concurrent Mark
[3925.047s][info][gc,marking     ] GC(991) Concurrent Mark From Roots
[3925.047s][info][gc,task        ] GC(991) Using 2 workers of 2 for marking
.[3926.027s][info][gc,marking     ] GC(991) Concurrent Mark From Roots 979.378ms
[3926.027s][info][gc,marking     ] GC(991) Concurrent Preclean
[3926.027s][info][gc,marking     ] GC(991) Concurrent Preclean 0.112ms
[3926.030s][info][gc,start       ] GC(991) Pause Remark
[3926.038s][info][gc             ] GC(991) Pause Remark 2402M->2402M(4096M) 7.279ms
[3926.038s][info][gc,cpu         ] GC(991) User=0.04s Sys=0.00s Real=0.00s
[3926.038s][info][gc,marking     ] GC(991) Concurrent Mark 990.320ms
[3926.038s][info][gc,marking     ] GC(991) Concurrent Rebuild Remembered Sets and Scrub Regions
[3926.321s][info][gc,marking     ] GC(991) Concurrent Rebuild Remembered Sets and Scrub Regions 283.619ms
[3926.323s][info][gc,start       ] GC(991) Pause Cleanup
[3926.323s][info][gc             ] GC(991) Pause Cleanup 2674M->2674M(4096M) 0.133ms
[3926.323s][info][gc,cpu         ] GC(991) User=0.00s Sys=0.00s Real=0.00s
[3926.324s][info][gc,marking     ] GC(991) Concurrent Clear Claimed Marks
[3926.324s][info][gc,marking     ] GC(991) Concurrent Clear Claimed Marks 0.036ms
[3926.324s][info][gc,marking     ] GC(991) Concurrent Cleanup for Next Mark
[3926.329s][info][gc,marking     ] GC(991) Concurrent Cleanup for Next Mark 5.601ms
[3926.329s][info][gc             ] GC(991) Concurrent Mark Cycle 1454.264ms
.[3927.346s][info][gc,start       ] GC(992) Pause Young (Prepare Mixed) (G1 Evacuation Pause)
[3927.346s][info][gc,task        ] GC(992) Using 6 workers of 6 for evacuation
[3927.468s][info][gc,phases      ] GC(992)   Pre Evacuate Collection Set: 0.33ms
[3927.468s][info][gc,phases      ] GC(992)   Merge Heap Roots: 0.48ms
[3927.468s][info][gc,phases      ] GC(992)   Evacuate Collection Set: 120.17ms
[3927.468s][info][gc,phases      ] GC(992)   Post Evacuate Collection Set: 0.93ms
[3927.468s][info][gc,phases      ] GC(992)   Other: 0.09ms
[3927.468s][info][gc,heap        ] GC(992) Eden regions: 1113->0(1103)
[3927.468s][info][gc,heap        ] GC(992) Survivor regions: 115->113(154)
[3927.468s][info][gc,heap        ] GC(992) Old regions: 504->536
[3927.468s][info][gc,heap        ] GC(992) Humongous regions: 80->80
[3927.468s][info][gc,metaspace   ] GC(992) Metaspace: 28863K(29248K)->28863K(29248K) NonClass: 23996K(24192K)->23996K(24192K) Class: 4867K(5056K)->4867K(5056K)
[3927.468s][info][gc             ] GC(992) Pause Young (Prepare Mixed) (G1 Evacuation Pause) 3622M->1456M(4096M) 122.121ms
[3927.468s][info][gc,cpu         ] GC(992) User=0.73s Sys=0.00s Real=0.13s
.|..[3929.943s][info][gc,start       ] GC(993) Pause Young (Mixed) (G1 Evacuation Pause)
[3929.943s][info][gc,task        ] GC(993) Using 6 workers of 6 for evacuation
[3930.082s][info][gc,phases      ] GC(993)   Pre Evacuate Collection Set: 0.35ms
[3930.082s][info][gc,phases      ] GC(993)   Merge Heap Roots: 0.70ms
[3930.082s][info][gc,phases      ] GC(993)   Evacuate Collection Set: 136.30ms
[3930.082s][info][gc,phases      ] GC(993)   Post Evacuate Collection Set: 1.00ms
[3930.082s][info][gc,phases      ] GC(993)   Other: 0.09ms
[3930.082s][info][gc,heap        ] GC(993) Eden regions: 1103->0(1116)
[3930.082s][info][gc,heap        ] GC(993) Survivor regions: 113->112(152)
[3930.082s][info][gc,heap        ] GC(993) Old regions: 536->472
[3930.082s][info][gc,heap        ] GC(993) Humongous regions: 80->80
[3930.082s][info][gc,metaspace   ] GC(993) Metaspace: 28863K(29248K)->28863K(29248K) NonClass: 23996K(24192K)->23996K(24192K) Class: 4867K(5056K)->4867K(5056K)
[3930.082s][info][gc             ] GC(993) Pause Young (Mixed) (G1 Evacuation Pause) 3662M->1326M(4096M) 138.594ms
[3930.082s][info][gc,cpu         ] GC(993) User=0.82s Sys=0.00s Real=0.14s
...[3932.633s][info][gc,start       ] GC(994) Pause Young (Concurrent Start) (G1 Evacuation Pause)
[3932.633s][info][gc,task        ] GC(994) Using 6 workers of 6 for evacuation
[3932.753s][info][gc,phases      ] GC(994)   Pre Evacuate Collection Set: 0.40ms
[3932.753s][info][gc,phases      ] GC(994)   Merge Heap Roots: 0.47ms
[3932.753s][info][gc,phases      ] GC(994)   Evacuate Collection Set: 117.81ms
[3932.753s][info][gc,phases      ] GC(994)   Post Evacuate Collection Set: 0.89ms
[3932.753s][info][gc,phases      ] GC(994)   Other: 0.11ms
[3932.753s][info][gc,heap        ] GC(994) Eden regions: 1116->0(1116)
[3932.753s][info][gc,heap        ] GC(994) Survivor regions: 112->112(154)
[3932.753s][info][gc,heap        ] GC(994) Old regions: 472->504
[3932.753s][info][gc,heap        ] GC(994) Humongous regions: 80->80
[3932.753s][info][gc,metaspace   ] GC(994) Metaspace: 28863K(29248K)->28863K(29248K) NonClass: 23996K(24192K)->23996K(24192K) Class: 4867K(5056K)->4867K(5056K)
[3932.753s][info][gc             ] GC(994) Pause Young (Concurrent Start) (G1 Evacuation Pause) 3558M->1389M(4096M) 119.813ms
[3932.753s][info][gc             ] GC(995) Concurrent Mark Cycle
[3932.753s][info][gc,marking     ] GC(995) Concurrent Scan Root Regions
[3932.753s][info][gc,cpu         ] GC(994) User=0.71s Sys=0.00s Real=0.12s
[3932.888s][info][gc,marking     ] GC(995) Concurrent Scan Root Regions 134.543ms
[3932.888s][info][gc,marking     ] GC(995) Concurrent Mark
[3932.888s][info][gc,marking     ] GC(995) Concurrent Mark From Roots
[3932.888s][info][gc,task        ] GC(995) Using 2 workers of 2 for marking
.[3933.594s][info][gc,marking     ] GC(995) Concurrent Mark From Roots 705.847ms
[3933.594s][info][gc,marking     ] GC(995) Concurrent Preclean
[3933.594s][info][gc,marking     ] GC(995) Concurrent Preclean 0.125ms
[3933.594s][info][gc,start       ] GC(995) Pause Remark
[3933.600s][info][gc             ] GC(995) Pause Remark 2103M->2103M(4096M) 6.129ms
[3933.600s][info][gc,cpu         ] GC(995) User=0.03s Sys=0.00s Real=0.01s
[3933.603s][info][gc,marking     ] GC(995) Concurrent Mark 714.921ms
[3933.603s][info][gc,marking     ] GC(995) Concurrent Rebuild Remembered Sets and Scrub Regions
[3933.881s][info][gc,marking     ] GC(995) Concurrent Rebuild Remembered Sets and Scrub Regions 278.839ms
[3933.886s][info][gc,start       ] GC(995) Pause Cleanup
[3933.886s][info][gc             ] GC(995) Pause Cleanup 2367M->2367M(4096M) 0.144ms
[3933.886s][info][gc,cpu         ] GC(995) User=0.00s Sys=0.00s Real=0.00s
[3933.886s][info][gc,marking     ] GC(995) Concurrent Clear Claimed Marks
[3933.886s][info][gc,marking     ] GC(995) Concurrent Clear Claimed Marks 0.034ms
[3933.886s][info][gc,marking     ] GC(995) Concurrent Cleanup for Next Mark
[3933.891s][info][gc,marking     ] GC(995) Concurrent Cleanup for Next Mark 5.605ms
[3933.891s][info][gc             ] GC(995) Concurrent Mark Cycle 1138.476ms
.[3935.240s][info][gc,start       ] GC(996) Pause Young (Prepare Mixed) (G1 Evacuation Pause)
[3935.240s][info][gc,task        ] GC(996) Using 6 workers of 6 for evacuation
[3935.358s][info][gc,phases      ] GC(996)   Pre Evacuate Collection Set: 0.34ms
[3935.358s][info][gc,phases      ] GC(996)   Merge Heap Roots: 0.50ms
[3935.358s][info][gc,phases      ] GC(996)   Evacuate Collection Set: 116.16ms
[3935.358s][info][gc,phases      ] GC(996)   Post Evacuate Collection Set: 0.93ms
[3935.358s][info][gc,phases      ] GC(996)   Other: 0.09ms
[3935.358s][info][gc,heap        ] GC(996) Eden regions: 1116->0(1111)
[3935.358s][info][gc,heap        ] GC(996) Survivor regions: 112->109(154)
[3935.358s][info][gc,heap        ] GC(996) Old regions: 504->536
[3935.358s][info][gc,heap        ] GC(996) Humongous regions: 80->80
[3935.358s][info][gc,metaspace   ] GC(996) Metaspace: 28863K(29248K)->28863K(29248K) NonClass: 23996K(24192K)->23996K(24192K) Class: 4867K(5056K)->4867K(5056K)
[3935.358s][info][gc             ] GC(996) Pause Young (Prepare Mixed) (G1 Evacuation Pause) 3621M->1448M(4096M) 118.154ms
[3935.358s][info][gc,cpu         ] GC(996) User=0.70s Sys=0.00s Real=0.12s
...[3937.934s][info][gc,start       ] GC(997) Pause Young (Mixed) (G1 Evacuation Pause)
[3937.934s][info][gc,task        ] GC(997) Using 6 workers of 6 for evacuation
[3938.071s][info][gc,phases      ] GC(997)   Pre Evacuate Collection Set: 0.41ms
[3938.071s][info][gc,phases      ] GC(997)   Merge Heap Roots: 0.68ms
[3938.071s][info][gc,phases      ] GC(997)   Evacuate Collection Set: 135.10ms
[3938.071s][info][gc,phases      ] GC(997)   Post Evacuate Collection Set: 0.96ms
[3938.071s][info][gc,phases      ] GC(997)   Other: 0.10ms
[3938.071s][info][gc,heap        ] GC(997) Eden regions: 1111->0(1117)
[3938.071s][info][gc,heap        ] GC(997) Survivor regions: 109->111(153)
[3938.071s][info][gc,heap        ] GC(997) Old regions: 536->474
[3938.071s][info][gc,heap        ] GC(997) Humongous regions: 80->80
[3938.071s][info][gc,metaspace   ] GC(997) Metaspace: 28863K(29248K)->28863K(29248K) NonClass: 23996K(24192K)->23996K(24192K) Class: 4867K(5056K)->4867K(5056K)
[3938.071s][info][gc             ] GC(997) Pause Young (Mixed) (G1 Evacuation Pause) 3670M->1328M(4096M) 137.380ms
[3938.071s][info][gc,cpu         ] GC(997) User=0.82s Sys=0.00s Real=0.14s
..[3940.549s][info][gc,start       ] GC(998) Pause Young (Concurrent Start) (G1 Evacuation Pause)
[3940.549s][info][gc,task        ] GC(998) Using 6 workers of 6 for evacuation
[3940.670s][info][gc,phases      ] GC(998)   Pre Evacuate Collection Set: 0.39ms
[3940.670s][info][gc,phases      ] GC(998)   Merge Heap Roots: 0.48ms
[3940.670s][info][gc,phases      ] GC(998)   Evacuate Collection Set: 118.73ms
[3940.670s][info][gc,phases      ] GC(998)   Post Evacuate Collection Set: 0.90ms
[3940.670s][info][gc,phases      ] GC(998)   Other: 0.13ms
[3940.670s][info][gc,heap        ] GC(998) Eden regions: 1117->0(1116)
[3940.670s][info][gc,heap        ] GC(998) Survivor regions: 111->112(154)
[3940.670s][info][gc,heap        ] GC(998) Old regions: 474->506
[3940.670s][info][gc,heap        ] GC(998) Humongous regions: 80->80
[3940.670s][info][gc,metaspace   ] GC(998) Metaspace: 28863K(29248K)->28863K(29248K) NonClass: 23996K(24192K)->23996K(24192K) Class: 4867K(5056K)->4867K(5056K)
[3940.670s][info][gc             ] GC(998) Pause Young (Concurrent Start) (G1 Evacuation Pause) 3562M->1394M(4096M) 120.752ms
[3940.670s][info][gc             ] GC(999) Concurrent Mark Cycle
[3940.670s][info][gc,marking     ] GC(999) Concurrent Scan Root Regions
[3940.670s][info][gc,cpu         ] GC(998) User=0.71s Sys=0.00s Real=0.12s
.[3940.808s][info][gc,marking     ] GC(999) Concurrent Scan Root Regions 137.764ms
[3940.808s][info][gc,marking     ] GC(999) Concurrent Mark
[3940.808s][info][gc,marking     ] GC(999) Concurrent Mark From Roots
[3940.808s][info][gc,task        ] GC(999) Using 2 workers of 2 for marking
[3941.589s][info][gc,marking     ] GC(999) Concurrent Mark From Roots 781.312ms
[3941.589s][info][gc,marking     ] GC(999) Concurrent Preclean
[3941.589s][info][gc,marking     ] GC(999) Concurrent Preclean 0.119ms
[3941.590s][info][gc,start       ] GC(999) Pause Remark
[3941.596s][info][gc             ] GC(999) Pause Remark 2202M->2202M(4096M) 5.934ms
[3941.596s][info][gc,cpu         ] GC(999) User=0.03s Sys=0.00s Real=0.00s
[3941.597s][info][gc,marking     ] GC(999) Concurrent Mark 789.335ms
[3941.597s][info][gc,marking     ] GC(999) Concurrent Rebuild Remembered Sets and Scrub Regions
.[3941.867s][info][gc,marking     ] GC(999) Concurrent Rebuild Remembered Sets and Scrub Regions 269.839ms
[3941.867s][info][gc,start       ] GC(999) Pause Cleanup
[3941.867s][info][gc             ] GC(999) Pause Cleanup 2453M->2453M(4096M) 0.117ms
[3941.867s][info][gc,cpu         ] GC(999) User=0.00s Sys=0.00s Real=0.00s
[3941.868s][info][gc,marking     ] GC(999) Concurrent Clear Claimed Marks
[3941.868s][info][gc,marking     ] GC(999) Concurrent Clear Claimed Marks 0.027ms
[3941.868s][info][gc,marking     ] GC(999) Concurrent Cleanup for Next Mark
[3941.872s][info][gc,marking     ] GC(999) Concurrent Cleanup for Next Mark 3.756ms
[3941.872s][info][gc             ] GC(999) Concurrent Mark Cycle 1201.725ms
.[3943.216s][info][gc,start       ] GC(1000) Pause Young (Prepare Mixed) (G1 Evacuation Pause)
[3943.216s][info][gc,task        ] GC(1000) Using 6 workers of 6 for evacuation
[3943.336s][info][gc,phases      ] GC(1000)   Pre Evacuate Collection Set: 0.32ms
[3943.336s][info][gc,phases      ] GC(1000)   Merge Heap Roots: 0.51ms
[3943.336s][info][gc,phases      ] GC(1000)   Evacuate Collection Set: 117.89ms
[3943.336s][info][gc,phases      ] GC(1000)   Post Evacuate Collection Set: 0.92ms
[3943.336s][info][gc,phases      ] GC(1000)   Other: 0.09ms
[3943.336s][info][gc,heap        ] GC(1000) Eden regions: 1116->0(1107)
[3943.336s][info][gc,heap        ] GC(1000) Survivor regions: 112->110(154)
[3943.336s][info][gc,heap        ] GC(1000) Old regions: 506->538
[3943.336s][info][gc,heap        ] GC(1000) Humongous regions: 80->80
[3943.336s][info][gc,metaspace   ] GC(1000) Metaspace: 28863K(29248K)->28863K(29248K) NonClass: 23996K(24192K)->23996K(24192K) Class: 4867K(5056K)->4867K(5056K)
[3943.336s][info][gc             ] GC(1000) Pause Young (Prepare Mixed) (G1 Evacuation Pause) 3626M->1454M(4096M) 119.860ms
[3943.336s][info][gc,cpu         ] GC(1000) User=0.71s Sys=0.00s Real=0.12s
...[3945.918s][info][gc,start       ] GC(1001) Pause Young (Mixed) (G1 Evacuation Pause)
[3945.918s][info][gc,task        ] GC(1001) Using 6 workers of 6 for evacuation
[3946.059s][info][gc,phases      ] GC(1001)   Pre Evacuate Collection Set: 0.39ms
[3946.059s][info][gc,phases      ] GC(1001)   Merge Heap Roots: 0.85ms
[3946.059s][info][gc,phases      ] GC(1001)   Evacuate Collection Set: 138.38ms
[3946.059s][info][gc,phases      ] GC(1001)   Post Evacuate Collection Set: 0.96ms
[3946.059s][info][gc,phases      ] GC(1001)   Other: 0.09ms
[3946.059s][info][gc,heap        ] GC(1001) Eden regions: 1107->0(1116)
[3946.059s][info][gc,heap        ] GC(1001) Survivor regions: 110->112(153)
[3946.059s][info][gc,heap        ] GC(1001) Old regions: 538->473
[3946.059s][info][gc,heap        ] GC(1001) Humongous regions: 80->80
[3946.059s][info][gc,metaspace   ] GC(1001) Metaspace: 28863K(29248K)->28863K(29248K) NonClass: 23996K(24192K)->23996K(24192K) Class: 4867K(5056K)->4867K(5056K)
[3946.059s][info][gc             ] GC(1001) Pause Young (Mixed) (G1 Evacuation Pause) 3668M->1329M(4096M) 140.789ms
[3946.059s][info][gc,cpu         ] GC(1001) User=0.84s Sys=0.00s Real=0.14s
..[3948.565s][info][gc,start       ] GC(1002) Pause Young (Concurrent Start) (G1 Evacuation Pause)
[3948.565s][info][gc,task        ] GC(1002) Using 6 workers of 6 for evacuation
[3948.684s][info][gc,phases      ] GC(1002)   Pre Evacuate Collection Set: 0.37ms
[3948.684s][info][gc,phases      ] GC(1002)   Merge Heap Roots: 0.46ms
[3948.684s][info][gc,phases      ] GC(1002)   Evacuate Collection Set: 116.56ms
[3948.684s][info][gc,phases      ] GC(1002)   Post Evacuate Collection Set: 0.88ms
[3948.684s][info][gc,phases      ] GC(1002)   Other: 0.13ms
[3948.684s][info][gc,heap        ] GC(1002) Eden regions: 1116->0(1116)
[3948.684s][info][gc,heap        ] GC(1002) Survivor regions: 112->112(154)
[3948.684s][info][gc,heap        ] GC(1002) Old regions: 473->505
[3948.684s][info][gc,heap        ] GC(1002) Humongous regions: 80->80
[3948.684s][info][gc,metaspace   ] GC(1002) Metaspace: 28863K(29248K)->28863K(29248K) NonClass: 23996K(24192K)->23996K(24192K) Class: 4867K(5056K)->4867K(5056K)
[3948.684s][info][gc             ] GC(1002) Pause Young (Concurrent Start) (G1 Evacuation Pause) 3561M->1393M(4096M) 118.532ms
[3948.684s][info][gc             ] GC(1003) Concurrent Mark Cycle
[3948.684s][info][gc,marking     ] GC(1003) Concurrent Scan Root Regions
[3948.684s][info][gc,cpu         ] GC(1002) User=0.69s Sys=0.00s Real=0.12s
.[3948.886s][info][gc,marking     ] GC(1003) Concurrent Scan Root Regions 202.045ms
[3948.886s][info][gc,marking     ] GC(1003) Concurrent Mark
[3948.886s][info][gc,marking     ] GC(1003) Concurrent Mark From Roots
[3948.886s][info][gc,task        ] GC(1003) Using 2 workers of 2 for marking
.[3949.870s][info][gc,marking     ] GC(1003) Concurrent Mark From Roots 984.466ms
[3949.870s][info][gc,marking     ] GC(1003) Concurrent Preclean
[3949.870s][info][gc,marking     ] GC(1003) Concurrent Preclean 0.148ms
[3949.871s][info][gc,start       ] GC(1003) Pause Remark
[3949.878s][info][gc             ] GC(1003) Pause Remark 2469M->2469M(4096M) 7.323ms
[3949.878s][info][gc,cpu         ] GC(1003) User=0.04s Sys=0.01s Real=0.01s
[3949.878s][info][gc,marking     ] GC(1003) Concurrent Mark 992.673ms
[3949.878s][info][gc,marking     ] GC(1003) Concurrent Rebuild Remembered Sets and Scrub Regions
[3950.243s][info][gc,marking     ] GC(1003) Concurrent Rebuild Remembered Sets and Scrub Regions 364.374ms
[3950.245s][info][gc,start       ] GC(1003) Pause Cleanup
[3950.246s][info][gc             ] GC(1003) Pause Cleanup 2775M->2775M(4096M) 0.134ms
[3950.246s][info][gc,cpu         ] GC(1003) User=0.01s Sys=0.00s Real=0.00s
[3950.246s][info][gc,marking     ] GC(1003) Concurrent Clear Claimed Marks
[3950.246s][info][gc,marking     ] GC(1003) Concurrent Clear Claimed Marks 0.022ms
[3950.246s][info][gc,marking     ] GC(1003) Concurrent Cleanup for Next Mark
[3950.252s][info][gc,marking     ] GC(1003) Concurrent Cleanup for Next Mark 5.933ms
[3950.252s][info][gc             ] GC(1003) Concurrent Mark Cycle 1567.923ms
.[3951.277s][info][gc,start       ] GC(1004) Pause Young (Prepare Mixed) (G1 Evacuation Pause)
[3951.277s][info][gc,task        ] GC(1004) Using 6 workers of 6 for evacuation
[3951.398s][info][gc,phases      ] GC(1004)   Pre Evacuate Collection Set: 0.33ms
[3951.398s][info][gc,phases      ] GC(1004)   Merge Heap Roots: 0.49ms
[3951.398s][info][gc,phases      ] GC(1004)   Evacuate Collection Set: 119.16ms
[3951.398s][info][gc,phases      ] GC(1004)   Post Evacuate Collection Set: 0.96ms
[3951.398s][info][gc,phases      ] GC(1004)   Other: 0.09ms
[3951.399s][info][gc,heap        ] GC(1004) Eden regions: 1116->0(1103)
[3951.399s][info][gc,heap        ] GC(1004) Survivor regions: 112->112(154)
[3951.399s][info][gc,heap        ] GC(1004) Old regions: 505->538
[3951.399s][info][gc,heap        ] GC(1004) Humongous regions: 80->80
[3951.399s][info][gc,metaspace   ] GC(1004) Metaspace: 28863K(29248K)->28863K(29248K) NonClass: 23996K(24192K)->23996K(24192K) Class: 4867K(5056K)->4867K(5056K)
[3951.399s][info][gc             ] GC(1004) Pause Young (Prepare Mixed) (G1 Evacuation Pause) 3625M->1458M(4096M) 121.163ms
[3951.399s][info][gc,cpu         ] GC(1004) User=0.72s Sys=0.00s Real=0.13s
...[3953.883s][info][gc,start       ] GC(1005) Pause Young (Mixed) (G1 Evacuation Pause)
[3953.883s][info][gc,task        ] GC(1005) Using 6 workers of 6 for evacuation
[3954.020s][info][gc,phases      ] GC(1005)   Pre Evacuate Collection Set: 0.38ms
[3954.020s][info][gc,phases      ] GC(1005)   Merge Heap Roots: 0.73ms
[3954.020s][info][gc,phases      ] GC(1005)   Evacuate Collection Set: 134.10ms
[3954.020s][info][gc,phases      ] GC(1005)   Post Evacuate Collection Set: 0.99ms
[3954.020s][info][gc,phases      ] GC(1005)   Other: 0.09ms
[3954.020s][info][gc,heap        ] GC(1005) Eden regions: 1103->0(1119)
[3954.020s][info][gc,heap        ] GC(1005) Survivor regions: 112->109(152)
[3954.020s][info][gc,heap        ] GC(1005) Old regions: 538->474
[3954.020s][info][gc,heap        ] GC(1005) Humongous regions: 80->80
[3954.020s][info][gc,metaspace   ] GC(1005) Metaspace: 28863K(29248K)->28863K(29248K) NonClass: 23996K(24192K)->23996K(24192K) Class: 4867K(5056K)->4867K(5056K)
[3954.020s][info][gc             ] GC(1005) Pause Young (Mixed) (G1 Evacuation Pause) 3664M->1325M(4096M) 136.435ms
[3954.020s][info][gc,cpu         ] GC(1005) User=0.80s Sys=0.00s Real=0.14s
..[3956.560s][info][gc,start       ] GC(1006) Pause Young (Concurrent Start) (G1 Evacuation Pause)
[3956.560s][info][gc,task        ] GC(1006) Using 6 workers of 6 for evacuation
[3956.684s][info][gc,phases      ] GC(1006)   Pre Evacuate Collection Set: 0.37ms
[3956.685s][info][gc,phases      ] GC(1006)   Merge Heap Roots: 0.48ms
[3956.685s][info][gc,phases      ] GC(1006)   Evacuate Collection Set: 123.05ms
[3956.685s][info][gc,phases      ] GC(1006)   Post Evacuate Collection Set: 0.76ms
[3956.685s][info][gc,phases      ] GC(1006)   Other: 0.13ms
[3956.685s][info][gc,heap        ] GC(1006) Eden regions: 1119->0(1113)
[3956.685s][info][gc,heap        ] GC(1006) Survivor regions: 109->115(154)
[3956.685s][info][gc,heap        ] GC(1006) Old regions: 474->506
[3956.685s][info][gc,heap        ] GC(1006) Humongous regions: 80->80
[3956.685s][info][gc,metaspace   ] GC(1006) Metaspace: 28863K(29248K)->28863K(29248K) NonClass: 23996K(24192K)->23996K(24192K) Class: 4867K(5056K)->4867K(5056K)
[3956.685s][info][gc             ] GC(1006) Pause Young (Concurrent Start) (G1 Evacuation Pause) 3563M->1399M(4096M) 124.960ms
[3956.685s][info][gc             ] GC(1007) Concurrent Mark Cycle
[3956.685s][info][gc,marking     ] GC(1007) Concurrent Scan Root Regions
[3956.685s][info][gc,cpu         ] GC(1006) User=0.74s Sys=0.00s Real=0.12s
.[3956.865s][info][gc,marking     ] GC(1007) Concurrent Scan Root Regions 180.702ms
[3956.865s][info][gc,marking     ] GC(1007) Concurrent Mark
[3956.865s][info][gc,marking     ] GC(1007) Concurrent Mark From Roots
[3956.865s][info][gc,task        ] GC(1007) Using 2 workers of 2 for marking
.[3957.864s][info][gc,marking     ] GC(1007) Concurrent Mark From Roots 998.349ms
[3957.864s][info][gc,marking     ] GC(1007) Concurrent Preclean
[3957.864s][info][gc,marking     ] GC(1007) Concurrent Preclean 0.109ms
[3957.865s][info][gc,start       ] GC(1007) Pause Remark
[3957.871s][info][gc             ] GC(1007) Pause Remark 2495M->2495M(4096M) 5.123ms
[3957.871s][info][gc,cpu         ] GC(1007) User=0.03s Sys=0.00s Real=0.01s
[3957.871s][info][gc,marking     ] GC(1007) Concurrent Mark 1005.456ms
[3957.871s][info][gc,marking     ] GC(1007) Concurrent Rebuild Remembered Sets and Scrub Regions
[3958.133s][info][gc,marking     ] GC(1007) Concurrent Rebuild Remembered Sets and Scrub Regions 261.616ms
[3958.133s][info][gc,start       ] GC(1007) Pause Cleanup
[3958.133s][info][gc             ] GC(1007) Pause Cleanup 2688M->2688M(4096M) 0.108ms
[3958.133s][info][gc,cpu         ] GC(1007) User=0.00s Sys=0.00s Real=0.00s
[3958.133s][info][gc,marking     ] GC(1007) Concurrent Clear Claimed Marks
[3958.133s][info][gc,marking     ] GC(1007) Concurrent Clear Claimed Marks 0.021ms
[3958.133s][info][gc,marking     ] GC(1007) Concurrent Cleanup for Next Mark
[3958.139s][info][gc,marking     ] GC(1007) Concurrent Cleanup for Next Mark 6.468ms
[3958.139s][info][gc             ] GC(1007) Concurrent Mark Cycle 1454.728ms
.[3959.193s][info][gc,start       ] GC(1008) Pause Young (Prepare Mixed) (G1 Evacuation Pause)
[3959.193s][info][gc,task        ] GC(1008) Using 6 workers of 6 for evacuation
[3959.315s][info][gc,phases      ] GC(1008)   Pre Evacuate Collection Set: 0.34ms
[3959.315s][info][gc,phases      ] GC(1008)   Merge Heap Roots: 0.53ms
[3959.315s][info][gc,phases      ] GC(1008)   Evacuate Collection Set: 120.17ms
[3959.315s][info][gc,phases      ] GC(1008)   Post Evacuate Collection Set: 0.96ms
[3959.315s][info][gc,phases      ] GC(1008)   Other: 0.09ms
[3959.315s][info][gc,heap        ] GC(1008) Eden regions: 1113->0(1100)
[3959.315s][info][gc,heap        ] GC(1008) Survivor regions: 115->114(154)
[3959.315s][info][gc,heap        ] GC(1008) Old regions: 506->537
[3959.315s][info][gc,heap        ] GC(1008) Humongous regions: 80->80
[3959.315s][info][gc,metaspace   ] GC(1008) Metaspace: 28863K(29248K)->28863K(29248K) NonClass: 23996K(24192K)->23996K(24192K) Class: 4867K(5056K)->4867K(5056K)
[3959.315s][info][gc             ] GC(1008) Pause Young (Prepare Mixed) (G1 Evacuation Pause) 3625M->1461M(4096M) 122.234ms
[3959.315s][info][gc,cpu         ] GC(1008) User=0.72s Sys=0.00s Real=0.12s
..[3961.828s][info][gc,start       ] GC(1009) Pause Young (Mixed) (G1 Evacuation Pause)
[3961.828s][info][gc,task        ] GC(1009) Using 6 workers of 6 for evacuation
[3961.961s][info][gc,phases      ] GC(1009)   Pre Evacuate Collection Set: 0.36ms
[3961.961s][info][gc,phases      ] GC(1009)   Merge Heap Roots: 0.76ms
[3961.961s][info][gc,phases      ] GC(1009)   Evacuate Collection Set: 130.79ms
[3961.961s][info][gc,phases      ] GC(1009)   Post Evacuate Collection Set: 0.95ms
[3961.961s][info][gc,phases      ] GC(1009)   Other: 0.09ms
[3961.961s][info][gc,heap        ] GC(1009) Eden regions: 1100->0(1120)
[3961.961s][info][gc,heap        ] GC(1009) Survivor regions: 114->108(152)
[3961.961s][info][gc,heap        ] GC(1009) Old regions: 537->473
[3961.961s][info][gc,heap        ] GC(1009) Humongous regions: 80->80
[3961.961s][info][gc,metaspace   ] GC(1009) Metaspace: 28863K(29248K)->28863K(29248K) NonClass: 23996K(24192K)->23996K(24192K) Class: 4867K(5056K)->4867K(5056K)
[3961.961s][info][gc             ] GC(1009) Pause Young (Mixed) (G1 Evacuation Pause) 3661M->1320M(4096M) 133.078ms
[3961.961s][info][gc,cpu         ] GC(1009) User=0.79s Sys=0.00s Real=0.13s
...[3964.522s][info][gc,start       ] GC(1010) Pause Young (Concurrent Start) (G1 Evacuation Pause)
[3964.522s][info][gc,task        ] GC(1010) Using 6 workers of 6 for evacuation
[3964.640s][info][gc,phases      ] GC(1010)   Pre Evacuate Collection Set: 0.39ms
[3964.640s][info][gc,phases      ] GC(1010)   Merge Heap Roots: 0.45ms
[3964.640s][info][gc,phases      ] GC(1010)   Evacuate Collection Set: 116.08ms
[3964.640s][info][gc,phases      ] GC(1010)   Post Evacuate Collection Set: 0.89ms
[3964.640s][info][gc,phases      ] GC(1010)   Other: 0.11ms
[3964.640s][info][gc,heap        ] GC(1010) Eden regions: 1120->0(1117)
[3964.640s][info][gc,heap        ] GC(1010) Survivor regions: 108->111(154)
[3964.640s][info][gc,heap        ] GC(1010) Old regions: 473->505
[3964.640s][info][gc,heap        ] GC(1010) Humongous regions: 80->80
[3964.640s][info][gc,metaspace   ] GC(1010) Metaspace: 28863K(29248K)->28863K(29248K) NonClass: 23996K(24192K)->23996K(24192K) Class: 4867K(5056K)->4867K(5056K)
[3964.640s][info][gc             ] GC(1010) Pause Young (Concurrent Start) (G1 Evacuation Pause) 3560M->1389M(4096M) 118.045ms
[3964.640s][info][gc             ] GC(1011) Concurrent Mark Cycle
[3964.640s][info][gc,marking     ] GC(1011) Concurrent Scan Root Regions
[3964.640s][info][gc,cpu         ] GC(1010) User=0.70s Sys=0.00s Real=0.12s
[3964.817s][info][gc,marking     ] GC(1011) Concurrent Scan Root Regions 177.183ms
[3964.817s][info][gc,marking     ] GC(1011) Concurrent Mark
[3964.817s][info][gc,marking     ] GC(1011) Concurrent Mark From Roots
[3964.817s][info][gc,task        ] GC(1011) Using 2 workers of 2 for marking
.[3965.788s][info][gc,marking     ] GC(1011) Concurrent Mark From Roots 970.819ms
[3965.788s][info][gc,marking     ] GC(1011) Concurrent Preclean
[3965.788s][info][gc,marking     ] GC(1011) Concurrent Preclean 0.138ms
[3965.791s][info][gc,start       ] GC(1011) Pause Remark
[3965.796s][info][gc             ] GC(1011) Pause Remark 2369M->2369M(4096M) 5.824ms
[3965.796s][info][gc,cpu         ] GC(1011) User=0.04s Sys=0.00s Real=0.00s
[3965.797s][info][gc,marking     ] GC(1011) Concurrent Mark 979.412ms
[3965.797s][info][gc,marking     ] GC(1011) Concurrent Rebuild Remembered Sets and Scrub Regions
.[3966.077s][info][gc,marking     ] GC(1011) Concurrent Rebuild Remembered Sets and Scrub Regions 280.389ms
[3966.077s][info][gc,start       ] GC(1011) Pause Cleanup
[3966.077s][info][gc             ] GC(1011) Pause Cleanup 2629M->2629M(4096M) 0.103ms
[3966.077s][info][gc,cpu         ] GC(1011) User=0.00s Sys=0.00s Real=0.00s
[3966.077s][info][gc,marking     ] GC(1011) Concurrent Clear Claimed Marks
[3966.077s][info][gc,marking     ] GC(1011) Concurrent Clear Claimed Marks 0.020ms
[3966.077s][info][gc,marking     ] GC(1011) Concurrent Cleanup for Next Mark
[3966.083s][info][gc,marking     ] GC(1011) Concurrent Cleanup for Next Mark 5.685ms
[3966.083s][info][gc             ] GC(1011) Concurrent Mark Cycle 1443.138ms
.[3967.194s][info][gc,start       ] GC(1012) Pause Young (Prepare Mixed) (G1 Evacuation Pause)
[3967.195s][info][gc,task        ] GC(1012) Using 6 workers of 6 for evacuation
[3967.318s][info][gc,phases      ] GC(1012)   Pre Evacuate Collection Set: 0.30ms
[3967.318s][info][gc,phases      ] GC(1012)   Merge Heap Roots: 0.53ms
[3967.318s][info][gc,phases      ] GC(1012)   Evacuate Collection Set: 121.30ms
[3967.318s][info][gc,phases      ] GC(1012)   Post Evacuate Collection Set: 0.92ms
[3967.318s][info][gc,phases      ] GC(1012)   Other: 0.09ms
[3967.318s][info][gc,heap        ] GC(1012) Eden regions: 1117->0(1103)
[3967.318s][info][gc,heap        ] GC(1012) Survivor regions: 111->113(154)
[3967.318s][info][gc,heap        ] GC(1012) Old regions: 505->536
[3967.318s][info][gc,heap        ] GC(1012) Humongous regions: 80->80
[3967.318s][info][gc,metaspace   ] GC(1012) Metaspace: 28863K(29248K)->28863K(29248K) NonClass: 23996K(24192K)->23996K(24192K) Class: 4867K(5056K)->4867K(5056K)
[3967.318s][info][gc             ] GC(1012) Pause Young (Prepare Mixed) (G1 Evacuation Pause) 3623M->1456M(4096M) 123.262ms
[3967.318s][info][gc,cpu         ] GC(1012) User=0.73s Sys=0.00s Real=0.12s
..[3969.783s][info][gc,start       ] GC(1013) Pause Young (Mixed) (G1 Evacuation Pause)
[3969.783s][info][gc,task        ] GC(1013) Using 6 workers of 6 for evacuation
[3969.921s][info][gc,phases      ] GC(1013)   Pre Evacuate Collection Set: 0.39ms
[3969.921s][info][gc,phases      ] GC(1013)   Merge Heap Roots: 0.70ms
[3969.921s][info][gc,phases      ] GC(1013)   Evacuate Collection Set: 135.31ms
[3969.921s][info][gc,phases      ] GC(1013)   Post Evacuate Collection Set: 0.95ms
[3969.921s][info][gc,phases      ] GC(1013)   Other: 0.10ms
[3969.921s][info][gc,heap        ] GC(1013) Eden regions: 1103->0(1115)
[3969.921s][info][gc,heap        ] GC(1013) Survivor regions: 113->113(152)
[3969.921s][info][gc,heap        ] GC(1013) Old regions: 536->472
[3969.921s][info][gc,heap        ] GC(1013) Humongous regions: 80->80
[3969.921s][info][gc,metaspace   ] GC(1013) Metaspace: 28863K(29248K)->28863K(29248K) NonClass: 23996K(24192K)->23996K(24192K) Class: 4867K(5056K)->4867K(5056K)
[3969.921s][info][gc             ] GC(1013) Pause Young (Mixed) (G1 Evacuation Pause) 3662M->1327M(4096M) 137.568ms
[3969.921s][info][gc,cpu         ] GC(1013) User=0.82s Sys=0.00s Real=0.14s
...[3972.492s][info][gc,start       ] GC(1014) Pause Young (Concurrent Start) (G1 Evacuation Pause)
[3972.492s][info][gc,task        ] GC(1014) Using 6 workers of 6 for evacuation
[3972.611s][info][gc,phases      ] GC(1014)   Pre Evacuate Collection Set: 0.44ms
[3972.611s][info][gc,phases      ] GC(1014)   Merge Heap Roots: 0.47ms
[3972.611s][info][gc,phases      ] GC(1014)   Evacuate Collection Set: 116.78ms
[3972.611s][info][gc,phases      ] GC(1014)   Post Evacuate Collection Set: 0.86ms
[3972.611s][info][gc,phases      ] GC(1014)   Other: 0.11ms
[3972.611s][info][gc,heap        ] GC(1014) Eden regions: 1115->0(1118)
[3972.611s][info][gc,heap        ] GC(1014) Survivor regions: 113->110(154)
[3972.611s][info][gc,heap        ] GC(1014) Old regions: 472->504
[3972.611s][info][gc,heap        ] GC(1014) Humongous regions: 80->80
[3972.611s][info][gc,metaspace   ] GC(1014) Metaspace: 28863K(29248K)->28863K(29248K) NonClass: 23996K(24192K)->23996K(24192K) Class: 4867K(5056K)->4867K(5056K)
[3972.611s][info][gc             ] GC(1014) Pause Young (Concurrent Start) (G1 Evacuation Pause) 3557M->1386M(4096M) 118.800ms
[3972.611s][info][gc             ] GC(1015) Concurrent Mark Cycle
[3972.611s][info][gc,marking     ] GC(1015) Concurrent Scan Root Regions
[3972.611s][info][gc,cpu         ] GC(1014) User=0.70s Sys=0.00s Real=0.12s
[3972.746s][info][gc,marking     ] GC(1015) Concurrent Scan Root Regions 135.117ms
[3972.746s][info][gc,marking     ] GC(1015) Concurrent Mark
[3972.746s][info][gc,marking     ] GC(1015) Concurrent Mark From Roots
[3972.746s][info][gc,task        ] GC(1015) Using 2 workers of 2 for marking
.[3973.476s][info][gc,marking     ] GC(1015) Concurrent Mark From Roots 729.896ms
[3973.476s][info][gc,marking     ] GC(1015) Concurrent Preclean
[3973.476s][info][gc,marking     ] GC(1015) Concurrent Preclean 0.129ms
[3973.477s][info][gc,start       ] GC(1015) Pause Remark
[3973.483s][info][gc             ] GC(1015) Pause Remark 2116M->2116M(4096M) 5.815ms
[3973.483s][info][gc,cpu         ] GC(1015) User=0.03s Sys=0.00s Real=0.01s
[3973.483s][info][gc,marking     ] GC(1015) Concurrent Mark 737.409ms
[3973.483s][info][gc,marking     ] GC(1015) Concurrent Rebuild Remembered Sets and Scrub Regions
[3973.750s][info][gc,marking     ] GC(1015) Concurrent Rebuild Remembered Sets and Scrub Regions 266.570ms
[3973.752s][info][gc,start       ] GC(1015) Pause Cleanup
[3973.752s][info][gc             ] GC(1015) Pause Cleanup 2382M->2382M(4096M) 0.137ms
[3973.752s][info][gc,cpu         ] GC(1015) User=0.00s Sys=0.00s Real=0.00s
[3973.752s][info][gc,marking     ] GC(1015) Concurrent Clear Claimed Marks
[3973.752s][info][gc,marking     ] GC(1015) Concurrent Clear Claimed Marks 0.026ms
[3973.752s][info][gc,marking     ] GC(1015) Concurrent Cleanup for Next Mark
[3973.757s][info][gc,marking     ] GC(1015) Concurrent Cleanup for Next Mark 5.360ms
[3973.758s][info][gc             ] GC(1015) Concurrent Mark Cycle 1146.913ms
..[3975.130s][info][gc,start       ] GC(1016) Pause Young (Prepare Mixed) (G1 Evacuation Pause)
[3975.131s][info][gc,task        ] GC(1016) Using 6 workers of 6 for evacuation
[3975.248s][info][gc,phases      ] GC(1016)   Pre Evacuate Collection Set: 0.33ms
[3975.248s][info][gc,phases      ] GC(1016)   Merge Heap Roots: 0.50ms
[3975.248s][info][gc,phases      ] GC(1016)   Evacuate Collection Set: 115.35ms
[3975.248s][info][gc,phases      ] GC(1016)   Post Evacuate Collection Set: 0.93ms
[3975.248s][info][gc,phases      ] GC(1016)   Other: 0.09ms
[3975.248s][info][gc,heap        ] GC(1016) Eden regions: 1118->0(1110)
[3975.248s][info][gc,heap        ] GC(1016) Survivor regions: 110->110(154)
[3975.248s][info][gc,heap        ] GC(1016) Old regions: 504->535
[3975.248s][info][gc,heap        ] GC(1016) Humongous regions: 80->80
[3975.248s][info][gc,metaspace   ] GC(1016) Metaspace: 28863K(29248K)->28863K(29248K) NonClass: 23996K(24192K)->23996K(24192K) Class: 4867K(5056K)->4867K(5056K)
[3975.248s][info][gc             ] GC(1016) Pause Young (Prepare Mixed) (G1 Evacuation Pause) 3622M->1447M(4096M) 117.327ms
[3975.248s][info][gc,cpu         ] GC(1016) User=0.70s Sys=0.00s Real=0.11s
..[3977.800s][info][gc,start       ] GC(1017) Pause Young (Mixed) (G1 Evacuation Pause)
[3977.800s][info][gc,task        ] GC(1017) Using 6 workers of 6 for evacuation
[3977.935s][info][gc,phases      ] GC(1017)   Pre Evacuate Collection Set: 0.37ms
[3977.935s][info][gc,phases      ] GC(1017)   Merge Heap Roots: 0.64ms
[3977.935s][info][gc,phases      ] GC(1017)   Evacuate Collection Set: 132.41ms
[3977.935s][info][gc,phases      ] GC(1017)   Post Evacuate Collection Set: 0.95ms
[3977.935s][info][gc,phases      ] GC(1017)   Other: 0.09ms
[3977.935s][info][gc,heap        ] GC(1017) Eden regions: 1110->0(1118)
[3977.935s][info][gc,heap        ] GC(1017) Survivor regions: 110->110(153)
[3977.935s][info][gc,heap        ] GC(1017) Old regions: 535->473
[3977.935s][info][gc,heap        ] GC(1017) Humongous regions: 80->80
[3977.935s][info][gc,metaspace   ] GC(1017) Metaspace: 28863K(29248K)->28863K(29248K) NonClass: 23996K(24192K)->23996K(24192K) Class: 4867K(5056K)->4867K(5056K)
[3977.935s][info][gc             ] GC(1017) Pause Young (Mixed) (G1 Evacuation Pause) 3667M->1325M(4096M) 134.586ms
[3977.935s][info][gc,cpu         ] GC(1017) User=0.80s Sys=0.00s Real=0.13s
...[3980.456s][info][gc,start       ] GC(1018) Pause Young (Concurrent Start) (G1 Evacuation Pause)
[3980.456s][info][gc,task        ] GC(1018) Using 6 workers of 6 for evacuation
[3980.574s][info][gc,phases      ] GC(1018)   Pre Evacuate Collection Set: 0.39ms
[3980.574s][info][gc,phases      ] GC(1018)   Merge Heap Roots: 0.46ms
[3980.574s][info][gc,phases      ] GC(1018)   Evacuate Collection Set: 116.70ms
[3980.574s][info][gc,phases      ] GC(1018)   Post Evacuate Collection Set: 0.90ms
[3980.574s][info][gc,phases      ] GC(1018)   Other: 0.10ms
[3980.574s][info][gc,heap        ] GC(1018) Eden regions: 1118->0(1117)
[3980.574s][info][gc,heap        ] GC(1018) Survivor regions: 110->111(154)
[3980.574s][info][gc,heap        ] GC(1018) Old regions: 473->505
[3980.574s][info][gc,heap        ] GC(1018) Humongous regions: 80->80
[3980.574s][info][gc,metaspace   ] GC(1018) Metaspace: 28863K(29248K)->28863K(29248K) NonClass: 23996K(24192K)->23996K(24192K) Class: 4867K(5056K)->4867K(5056K)
[3980.575s][info][gc             ] GC(1018) Pause Young (Concurrent Start) (G1 Evacuation Pause) 3561M->1389M(4096M) 118.694ms
[3980.575s][info][gc             ] GC(1019) Concurrent Mark Cycle
[3980.575s][info][gc,marking     ] GC(1019) Concurrent Scan Root Regions
[3980.575s][info][gc,cpu         ] GC(1018) User=0.70s Sys=0.00s Real=0.12s
[3980.707s][info][gc,marking     ] GC(1019) Concurrent Scan Root Regions 132.053ms
[3980.707s][info][gc,marking     ] GC(1019) Concurrent Mark
[3980.707s][info][gc,marking     ] GC(1019) Concurrent Mark From Roots
[3980.707s][info][gc,task        ] GC(1019) Using 2 workers of 2 for marking
.[3981.402s][info][gc,marking     ] GC(1019) Concurrent Mark From Roots 695.584ms
[3981.402s][info][gc,marking     ] GC(1019) Concurrent Preclean
[3981.402s][info][gc,marking     ] GC(1019) Concurrent Preclean 0.112ms
[3981.405s][info][gc,start       ] GC(1019) Pause Remark
[3981.411s][info][gc             ] GC(1019) Pause Remark 2027M->2027M(4096M) 5.104ms
[3981.411s][info][gc,cpu         ] GC(1019) User=0.02s Sys=0.00s Real=0.01s
[3981.411s][info][gc,marking     ] GC(1019) Concurrent Mark 704.009ms
[3981.411s][info][gc,marking     ] GC(1019) Concurrent Rebuild Remembered Sets and Scrub Regions
[3981.776s][info][gc,marking     ] GC(1019) Concurrent Rebuild Remembered Sets and Scrub Regions 365.233ms
[3981.776s][info][gc,start       ] GC(1019) Pause Cleanup
[3981.776s][info][gc             ] GC(1019) Pause Cleanup 2448M->2448M(4096M) 0.107ms
[3981.776s][info][gc,cpu         ] GC(1019) User=0.00s Sys=0.00s Real=0.00s
[3981.776s][info][gc,marking     ] GC(1019) Concurrent Clear Claimed Marks
[3981.776s][info][gc,marking     ] GC(1019) Concurrent Clear Claimed Marks 0.021ms
[3981.776s][info][gc,marking     ] GC(1019) Concurrent Cleanup for Next Mark
[3981.780s][info][gc,marking     ] GC(1019) Concurrent Cleanup for Next Mark 3.348ms
[3981.780s][info][gc             ] GC(1019) Concurrent Mark Cycle 1205.074ms
.[3983.153s][info][gc,start       ] GC(1020) Pause Young (Prepare Mixed) (G1 Evacuation Pause)
[3983.153s][info][gc,task        ] GC(1020) Using 6 workers of 6 for evacuation
[3983.274s][info][gc,phases      ] GC(1020)   Pre Evacuate Collection Set: 0.36ms
[3983.274s][info][gc,phases      ] GC(1020)   Merge Heap Roots: 0.58ms
[3983.274s][info][gc,phases      ] GC(1020)   Evacuate Collection Set: 117.68ms
[3983.274s][info][gc,phases      ] GC(1020)   Post Evacuate Collection Set: 0.91ms
[3983.274s][info][gc,phases      ] GC(1020)   Other: 0.83ms
[3983.274s][info][gc,heap        ] GC(1020) Eden regions: 1117->0(1107)
[3983.274s][info][gc,heap        ] GC(1020) Survivor regions: 111->111(154)
[3983.274s][info][gc,heap        ] GC(1020) Old regions: 505->536
[3983.274s][info][gc,heap        ] GC(1020) Humongous regions: 80->80
[3983.274s][info][gc,metaspace   ] GC(1020) Metaspace: 28863K(29248K)->28863K(29248K) NonClass: 23996K(24192K)->23996K(24192K) Class: 4867K(5056K)->4867K(5056K)
[3983.274s][info][gc             ] GC(1020) Pause Young (Prepare Mixed) (G1 Evacuation Pause) 3623M->1452M(4096M) 120.502ms
[3983.274s][info][gc,cpu         ] GC(1020) User=0.71s Sys=0.00s Real=0.12s
...[3985.749s][info][gc,start       ] GC(1021) Pause Young (Mixed) (G1 Evacuation Pause)
[3985.749s][info][gc,task        ] GC(1021) Using 6 workers of 6 for evacuation
[3985.883s][info][gc,phases      ] GC(1021)   Pre Evacuate Collection Set: 0.37ms
[3985.883s][info][gc,phases      ] GC(1021)   Merge Heap Roots: 0.63ms
[3985.883s][info][gc,phases      ] GC(1021)   Evacuate Collection Set: 131.39ms
[3985.883s][info][gc,phases      ] GC(1021)   Post Evacuate Collection Set: 0.98ms
[3985.883s][info][gc,phases      ] GC(1021)   Other: 0.09ms
[3985.883s][info][gc,heap        ] GC(1021) Eden regions: 1107->0(1119)
[3985.883s][info][gc,heap        ] GC(1021) Survivor regions: 111->109(153)
[3985.883s][info][gc,heap        ] GC(1021) Old regions: 536->472
[3985.883s][info][gc,heap        ] GC(1021) Humongous regions: 80->80
[3985.883s][info][gc,metaspace   ] GC(1021) Metaspace: 28863K(29248K)->28863K(29248K) NonClass: 23996K(24192K)->23996K(24192K) Class: 4867K(5056K)->4867K(5056K)
[3985.883s][info][gc             ] GC(1021) Pause Young (Mixed) (G1 Evacuation Pause) 3666M->1321M(4096M) 133.600ms
[3985.883s][info][gc,cpu         ] GC(1021) User=0.79s Sys=0.00s Real=0.13s
... (rIR:aIR:PR = 7057:7085:7085) (tPR = 105136) [OK] 
  3988s: Performance info:
         Transaction,    Success,    Partial,     Failed,   Receipts, AvgBarcode, 
             Overall,     430197,          0,          0,     408768,      59.48, 
         Response times:
             Request,    Success,    Partial,     Failed,   SkipFail,     Probes,    Samples,      min,      p50,      p90,      p95,      p99,      max, 
       TotalPurchase,     408790,          0,          0,          0,     363206,     432375,      300,     6400,    48000,    81000,   135000,   375000,
     InStorePurchase,     215308,          0,          0,          0,     191252,     227336,      300,     6300,    48000,    81000,   135000,   367000,
      OnlinePurchase,     150724,          0,          0,          0,     134067,     159629,      300,     6400,    48000,    81000,   135000,   375000,
        InstPurchase,      42758,          0,          0,          0,      37887,      45410,      400,     6600,    49000,    83000,   136000,   363000,
          AssocOfCat,        427,          0,          0,          0,        348,        484,    25000,    40000,    90500,   125500,   179600,   240000,
      AssocOfProduct,       4270,          0,          0,          0,       3982,       5093,      600,     8000,    61000,    99000,   154060,   235000,
      BusinessReport,       1072,          0,          0,          0,        987,       1324,    29000,    53000,   124000,   166750,   228750,   321000,
          CustBuyBeh,       4296,          0,          0,          0,       3982,       5062,      200,     5200,    44000,    82000,   132000,   215000,
       ProductReturn,      11359,          0,          0,          0,       9653,      11828,      200,     6100,    49100,    78000,   129000,   270000,

  3988s: (52%)   IR =   7195 [3988.508s][info][gc,start       ] GC(1022) Pause Young (Concurrent Start) (G1 Evacuation Pause)
[3988.508s][info][gc,task        ] GC(1022) Using 6 workers of 6 for evacuation
[3988.629s][info][gc,phases      ] GC(1022)   Pre Evacuate Collection Set: 0.40ms
[3988.629s][info][gc,phases      ] GC(1022)   Merge Heap Roots: 0.52ms
[3988.629s][info][gc,phases      ] GC(1022)   Evacuate Collection Set: 118.84ms
[3988.629s][info][gc,phases      ] GC(1022)   Post Evacuate Collection Set: 0.90ms
[3988.629s][info][gc,phases      ] GC(1022)   Other: 0.12ms
[3988.629s][info][gc,heap        ] GC(1022) Eden regions: 1119->0(1116)
[3988.629s][info][gc,heap        ] GC(1022) Survivor regions: 109->112(154)
[3988.629s][info][gc,heap        ] GC(1022) Old regions: 472->504
[3988.629s][info][gc,heap        ] GC(1022) Humongous regions: 80->80
[3988.629s][info][gc,metaspace   ] GC(1022) Metaspace: 28863K(29248K)->28863K(29248K) NonClass: 23996K(24192K)->23996K(24192K) Class: 4867K(5056K)->4867K(5056K)
[3988.629s][info][gc             ] GC(1022) Pause Young (Concurrent Start) (G1 Evacuation Pause) 3559M->1389M(4096M) 120.939ms
[3988.629s][info][gc             ] GC(1023) Concurrent Mark Cycle
[3988.629s][info][gc,marking     ] GC(1023) Concurrent Scan Root Regions
[3988.629s][info][gc,cpu         ] GC(1022) User=0.71s Sys=0.00s Real=0.12s
[3988.780s][info][gc,marking     ] GC(1023) Concurrent Scan Root Regions 151.110ms
[3988.781s][info][gc,marking     ] GC(1023) Concurrent Mark
[3988.781s][info][gc,marking     ] GC(1023) Concurrent Mark From Roots
[3988.781s][info][gc,task        ] GC(1023) Using 2 workers of 2 for marking
[3989.350s][info][gc,marking     ] GC(1023) Concurrent Mark From Roots 569.620ms
[3989.350s][info][gc,marking     ] GC(1023) Concurrent Preclean
[3989.350s][info][gc,marking     ] GC(1023) Concurrent Preclean 0.167ms
[3989.353s][info][gc,start       ] GC(1023) Pause Remark
[3989.357s][info][gc             ] GC(1023) Pause Remark 1939M->1939M(4096M) 4.291ms
[3989.358s][info][gc,cpu         ] GC(1023) User=0.02s Sys=0.00s Real=0.00s
[3989.358s][info][gc,marking     ] GC(1023) Concurrent Mark 577.406ms
[3989.358s][info][gc,marking     ] GC(1023) Concurrent Rebuild Remembered Sets and Scrub Regions
.[3989.651s][info][gc,marking     ] GC(1023) Concurrent Rebuild Remembered Sets and Scrub Regions 293.270ms
[3989.652s][info][gc,start       ] GC(1023) Pause Cleanup
[3989.652s][info][gc             ] GC(1023) Pause Cleanup 2255M->2255M(4096M) 0.123ms
[3989.652s][info][gc,cpu         ] GC(1023) User=0.00s Sys=0.00s Real=0.00s
[3989.652s][info][gc,marking     ] GC(1023) Concurrent Clear Claimed Marks
[3989.652s][info][gc,marking     ] GC(1023) Concurrent Clear Claimed Marks 0.025ms
[3989.652s][info][gc,marking     ] GC(1023) Concurrent Cleanup for Next Mark
[3989.671s][info][gc,marking     ] GC(1023) Concurrent Cleanup for Next Mark 18.544ms
[3989.671s][info][gc             ] GC(1023) Concurrent Mark Cycle 1041.398ms
.[3991.130s][info][gc,start       ] GC(1024) Pause Young (Prepare Mixed) (G1 Evacuation Pause)
[3991.130s][info][gc,task        ] GC(1024) Using 6 workers of 6 for evacuation
[3991.252s][info][gc,phases      ] GC(1024)   Pre Evacuate Collection Set: 0.33ms
[3991.252s][info][gc,phases      ] GC(1024)   Merge Heap Roots: 0.52ms
[3991.252s][info][gc,phases      ] GC(1024)   Evacuate Collection Set: 119.89ms
[3991.252s][info][gc,phases      ] GC(1024)   Post Evacuate Collection Set: 0.96ms
[3991.252s][info][gc,phases      ] GC(1024)   Other: 0.09ms
[3991.252s][info][gc,heap        ] GC(1024) Eden regions: 1116->0(1107)
[3991.252s][info][gc,heap        ] GC(1024) Survivor regions: 112->111(154)
[3991.252s][info][gc,heap        ] GC(1024) Old regions: 504->536
[3991.252s][info][gc,heap        ] GC(1024) Humongous regions: 80->80
[3991.252s][info][gc,metaspace   ] GC(1024) Metaspace: 28863K(29248K)->28863K(29248K) NonClass: 23996K(24192K)->23996K(24192K) Class: 4867K(5056K)->4867K(5056K)
[3991.252s][info][gc             ] GC(1024) Pause Young (Prepare Mixed) (G1 Evacuation Pause) 3621M->1452M(4096M) 121.917ms
[3991.252s][info][gc,cpu         ] GC(1024) User=0.72s Sys=0.01s Real=0.12s
...[3993.696s][info][gc,start       ] GC(1025) Pause Young (Mixed) (G1 Evacuation Pause)
[3993.696s][info][gc,task        ] GC(1025) Using 6 workers of 6 for evacuation
[3993.834s][info][gc,phases      ] GC(1025)   Pre Evacuate Collection Set: 0.36ms
[3993.834s][info][gc,phases      ] GC(1025)   Merge Heap Roots: 0.81ms
[3993.834s][info][gc,phases      ] GC(1025)   Evacuate Collection Set: 135.55ms
[3993.834s][info][gc,phases      ] GC(1025)   Post Evacuate Collection Set: 0.94ms
[3993.834s][info][gc,phases      ] GC(1025)   Other: 0.09ms
[3993.834s][info][gc,heap        ] GC(1025) Eden regions: 1107->0(1119)
[3993.834s][info][gc,heap        ] GC(1025) Survivor regions: 111->109(153)
[3993.834s][info][gc,heap        ] GC(1025) Old regions: 536->474
[3993.834s][info][gc,heap        ] GC(1025) Humongous regions: 80->80
[3993.834s][info][gc,metaspace   ] GC(1025) Metaspace: 28863K(29248K)->28863K(29248K) NonClass: 23996K(24192K)->23996K(24192K) Class: 4867K(5056K)->4867K(5056K)
[3993.834s][info][gc             ] GC(1025) Pause Young (Mixed) (G1 Evacuation Pause) 3666M->1323M(4096M) 137.930ms
[3993.834s][info][gc,cpu         ] GC(1025) User=0.82s Sys=0.00s Real=0.14s
..[3996.309s][info][gc,start       ] GC(1026) Pause Young (Concurrent Start) (G1 Evacuation Pause)
[3996.309s][info][gc,task        ] GC(1026) Using 6 workers of 6 for evacuation
[3996.427s][info][gc,phases      ] GC(1026)   Pre Evacuate Collection Set: 0.38ms
[3996.427s][info][gc,phases      ] GC(1026)   Merge Heap Roots: 0.54ms
[3996.427s][info][gc,phases      ] GC(1026)   Evacuate Collection Set: 115.77ms
[3996.427s][info][gc,phases      ] GC(1026)   Post Evacuate Collection Set: 0.88ms
[3996.427s][info][gc,phases      ] GC(1026)   Other: 0.12ms
[3996.427s][info][gc,heap        ] GC(1026) Eden regions: 1119->0(1117)
[3996.427s][info][gc,heap        ] GC(1026) Survivor regions: 109->111(154)
[3996.427s][info][gc,heap        ] GC(1026) Old regions: 474->506
[3996.427s][info][gc,heap        ] GC(1026) Humongous regions: 80->80
[3996.427s][info][gc,metaspace   ] GC(1026) Metaspace: 28863K(29248K)->28863K(29248K) NonClass: 23996K(24192K)->23996K(24192K) Class: 4867K(5056K)->4867K(5056K)
[3996.427s][info][gc             ] GC(1026) Pause Young (Concurrent Start) (G1 Evacuation Pause) 3561M->1392M(4096M) 117.836ms
[3996.427s][info][gc             ] GC(1027) Concurrent Mark Cycle
[3996.427s][info][gc,marking     ] GC(1027) Concurrent Scan Root Regions
[3996.427s][info][gc,cpu         ] GC(1026) User=0.69s Sys=0.00s Real=0.11s
.[3996.559s][info][gc,marking     ] GC(1027) Concurrent Scan Root Regions 132.110ms
[3996.559s][info][gc,marking     ] GC(1027) Concurrent Mark
[3996.559s][info][gc,marking     ] GC(1027) Concurrent Mark From Roots
[3996.559s][info][gc,task        ] GC(1027) Using 2 workers of 2 for marking
[3997.252s][info][gc,marking     ] GC(1027) Concurrent Mark From Roots 692.726ms
[3997.252s][info][gc,marking     ] GC(1027) Concurrent Preclean
[3997.252s][info][gc,marking     ] GC(1027) Concurrent Preclean 0.099ms
[3997.254s][info][gc,start       ] GC(1027) Pause Remark
[3997.260s][info][gc             ] GC(1027) Pause Remark 2086M->2086M(4096M) 5.227ms
[3997.260s][info][gc,cpu         ] GC(1027) User=0.03s Sys=0.00s Real=0.01s
[3997.260s][info][gc,marking     ] GC(1027) Concurrent Mark 700.561ms
[3997.260s][info][gc,marking     ] GC(1027) Concurrent Rebuild Remembered Sets and Scrub Regions
.[3997.533s][info][gc,marking     ] GC(1027) Concurrent Rebuild Remembered Sets and Scrub Regions 273.131ms
[3997.533s][info][gc,start       ] GC(1027) Pause Cleanup
[3997.533s][info][gc             ] GC(1027) Pause Cleanup 2360M->2360M(4096M) 0.107ms
[3997.533s][info][gc,cpu         ] GC(1027) User=0.00s Sys=0.00s Real=0.00s
[3997.533s][info][gc,marking     ] GC(1027) Concurrent Clear Claimed Marks
[3997.533s][info][gc,marking     ] GC(1027) Concurrent Clear Claimed Marks 0.018ms
[3997.533s][info][gc,marking     ] GC(1027) Concurrent Cleanup for Next Mark
[3997.538s][info][gc,marking     ] GC(1027) Concurrent Cleanup for Next Mark 4.418ms
[3997.538s][info][gc             ] GC(1027) Concurrent Mark Cycle 1110.621ms
.[3998.908s][info][gc,start       ] GC(1028) Pause Young (Prepare Mixed) (G1 Evacuation Pause)
[3998.908s][info][gc,task        ] GC(1028) Using 6 workers of 6 for evacuation
[3999.027s][info][gc,phases      ] GC(1028)   Pre Evacuate Collection Set: 0.33ms
[3999.027s][info][gc,phases      ] GC(1028)   Merge Heap Roots: 0.54ms
[3999.027s][info][gc,phases      ] GC(1028)   Evacuate Collection Set: 117.45ms
[3999.027s][info][gc,phases      ] GC(1028)   Post Evacuate Collection Set: 0.93ms
[3999.027s][info][gc,phases      ] GC(1028)   Other: 0.09ms
[3999.027s][info][gc,heap        ] GC(1028) Eden regions: 1117->0(1111)
[3999.027s][info][gc,heap        ] GC(1028) Survivor regions: 111->108(154)
[3999.027s][info][gc,heap        ] GC(1028) Old regions: 506->538
[3999.027s][info][gc,heap        ] GC(1028) Humongous regions: 80->80
[3999.027s][info][gc,metaspace   ] GC(1028) Metaspace: 28863K(29248K)->28863K(29248K) NonClass: 23996K(24192K)->23996K(24192K) Class: 4867K(5056K)->4867K(5056K)
[3999.027s][info][gc             ] GC(1028) Pause Young (Prepare Mixed) (G1 Evacuation Pause) 3626M->1450M(4096M) 119.498ms
[3999.027s][info][gc,cpu         ] GC(1028) User=0.71s Sys=0.00s Real=0.12s
...[4001.561s][info][gc,start       ] GC(1029) Pause Young (Mixed) (G1 Evacuation Pause)
[4001.562s][info][gc,task        ] GC(1029) Using 6 workers of 6 for evacuation
[4001.701s][info][gc,phases      ] GC(1029)   Pre Evacuate Collection Set: 0.38ms
[4001.701s][info][gc,phases      ] GC(1029)   Merge Heap Roots: 0.63ms
[4001.701s][info][gc,phases      ] GC(1029)   Evacuate Collection Set: 137.07ms
[4001.701s][info][gc,phases      ] GC(1029)   Post Evacuate Collection Set: 0.96ms
[4001.701s][info][gc,phases      ] GC(1029)   Other: 0.09ms
[4001.701s][info][gc,heap        ] GC(1029) Eden regions: 1111->0(1114)
[4001.701s][info][gc,heap        ] GC(1029) Survivor regions: 108->114(153)
[4001.701s][info][gc,heap        ] GC(1029) Old regions: 538->475
[4001.701s][info][gc,heap        ] GC(1029) Humongous regions: 80->80
[4001.701s][info][gc,metaspace   ] GC(1029) Metaspace: 28863K(29248K)->28863K(29248K) NonClass: 23996K(24192K)->23996K(24192K) Class: 4867K(5056K)->4867K(5056K)
[4001.701s][info][gc             ] GC(1029) Pause Young (Mixed) (G1 Evacuation Pause) 3672M->1336M(4096M) 139.248ms
[4001.701s][info][gc,cpu         ] GC(1029) User=0.82s Sys=0.00s Real=0.14s
..[4004.209s][info][gc,start       ] GC(1030) Pause Young (Concurrent Start) (G1 Evacuation Pause)
[4004.209s][info][gc,task        ] GC(1030) Using 6 workers of 6 for evacuation
[4004.336s][info][gc,phases      ] GC(1030)   Pre Evacuate Collection Set: 0.38ms
[4004.336s][info][gc,phases      ] GC(1030)   Merge Heap Roots: 0.48ms
[4004.336s][info][gc,phases      ] GC(1030)   Evacuate Collection Set: 124.34ms
[4004.336s][info][gc,phases      ] GC(1030)   Post Evacuate Collection Set: 0.90ms
[4004.336s][info][gc,phases      ] GC(1030)   Other: 0.11ms
[4004.336s][info][gc,heap        ] GC(1030) Eden regions: 1114->0(1110)
[4004.336s][info][gc,heap        ] GC(1030) Survivor regions: 114->118(154)
[4004.336s][info][gc,heap        ] GC(1030) Old regions: 475->505
[4004.336s][info][gc,heap        ] GC(1030) Humongous regions: 80->80
[4004.336s][info][gc,metaspace   ] GC(1030) Metaspace: 28863K(29248K)->28863K(29248K) NonClass: 23996K(24192K)->23996K(24192K) Class: 4867K(5056K)->4867K(5056K)
[4004.336s][info][gc             ] GC(1030) Pause Young (Concurrent Start) (G1 Evacuation Pause) 3564M->1404M(4096M) 126.359ms
[4004.336s][info][gc             ] GC(1031) Concurrent Mark Cycle
[4004.336s][info][gc,marking     ] GC(1031) Concurrent Scan Root Regions
[4004.336s][info][gc,cpu         ] GC(1030) User=0.75s Sys=0.00s Real=0.12s
[4004.517s][info][gc,marking     ] GC(1031) Concurrent Scan Root Regions 181.606ms
[4004.517s][info][gc,marking     ] GC(1031) Concurrent Mark
[4004.517s][info][gc,marking     ] GC(1031) Concurrent Mark From Roots
[4004.517s][info][gc,task        ] GC(1031) Using 2 workers of 2 for marking
.[4005.497s][info][gc,marking     ] GC(1031) Concurrent Mark From Roots 979.937ms
[4005.497s][info][gc,marking     ] GC(1031) Concurrent Preclean
[4005.497s][info][gc,marking     ] GC(1031) Concurrent Preclean 0.099ms
[4005.498s][info][gc,start       ] GC(1031) Pause Remark
[4005.504s][info][gc             ] GC(1031) Pause Remark 2459M->2459M(4096M) 6.563ms
[4005.504s][info][gc,cpu         ] GC(1031) User=0.03s Sys=0.00s Real=0.01s
[4005.505s][info][gc,marking     ] GC(1031) Concurrent Mark 987.636ms
[4005.505s][info][gc,marking     ] GC(1031) Concurrent Rebuild Remembered Sets and Scrub Regions
.[4005.869s][info][gc,marking     ] GC(1031) Concurrent Rebuild Remembered Sets and Scrub Regions 364.409ms
[4005.871s][info][gc,start       ] GC(1031) Pause Cleanup
[4005.871s][info][gc             ] GC(1031) Pause Cleanup 2808M->2808M(4096M) 0.126ms
[4005.871s][info][gc,cpu         ] GC(1031) User=0.00s Sys=0.00s Real=0.00s
[4005.871s][info][gc,marking     ] GC(1031) Concurrent Clear Claimed Marks
[4005.871s][info][gc,marking     ] GC(1031) Concurrent Clear Claimed Marks 0.048ms
[4005.871s][info][gc,marking     ] GC(1031) Concurrent Cleanup for Next Mark
[4005.876s][info][gc,marking     ] GC(1031) Concurrent Cleanup for Next Mark 5.006ms
[4005.877s][info][gc             ] GC(1031) Concurrent Mark Cycle 1540.862ms
.[4006.759s][info][gc,start       ] GC(1032) Pause Young (Prepare Mixed) (G1 Evacuation Pause)
[4006.759s][info][gc,task        ] GC(1032) Using 6 workers of 6 for evacuation
[4006.878s][info][gc,phases      ] GC(1032)   Pre Evacuate Collection Set: 0.32ms
[4006.878s][info][gc,phases      ] GC(1032)   Merge Heap Roots: 0.58ms
[4006.878s][info][gc,phases      ] GC(1032)   Evacuate Collection Set: 116.98ms
[4006.878s][info][gc,phases      ] GC(1032)   Post Evacuate Collection Set: 0.91ms
[4006.878s][info][gc,phases      ] GC(1032)   Other: 0.09ms
[4006.878s][info][gc,heap        ] GC(1032) Eden regions: 1110->0(1111)
[4006.878s][info][gc,heap        ] GC(1032) Survivor regions: 118->108(154)
[4006.878s][info][gc,heap        ] GC(1032) Old regions: 505->538
[4006.878s][info][gc,heap        ] GC(1032) Humongous regions: 80->80
[4006.878s][info][gc,metaspace   ] GC(1032) Metaspace: 28863K(29248K)->28863K(29248K) NonClass: 23996K(24192K)->23996K(24192K) Class: 4867K(5056K)->4867K(5056K)
[4006.878s][info][gc             ] GC(1032) Pause Young (Prepare Mixed) (G1 Evacuation Pause) 3624M->1450M(4096M) 119.018ms
[4006.878s][info][gc,cpu         ] GC(1032) User=0.70s Sys=0.00s Real=0.12s
..[4009.467s][info][gc,start       ] GC(1033) Pause Young (Mixed) (G1 Evacuation Pause)
[4009.468s][info][gc,task        ] GC(1033) Using 6 workers of 6 for evacuation
[4009.605s][info][gc,phases      ] GC(1033)   Pre Evacuate Collection Set: 0.37ms
[4009.605s][info][gc,phases      ] GC(1033)   Merge Heap Roots: 0.68ms
[4009.605s][info][gc,phases      ] GC(1033)   Evacuate Collection Set: 135.33ms
[4009.605s][info][gc,phases      ] GC(1033)   Post Evacuate Collection Set: 0.95ms
[4009.605s][info][gc,phases      ] GC(1033)   Other: 0.09ms
[4009.605s][info][gc,heap        ] GC(1033) Eden regions: 1111->0(1114)
[4009.605s][info][gc,heap        ] GC(1033) Survivor regions: 108->114(153)
[4009.605s][info][gc,heap        ] GC(1033) Old regions: 538->473
[4009.605s][info][gc,heap        ] GC(1033) Humongous regions: 80->80
[4009.605s][info][gc,metaspace   ] GC(1033) Metaspace: 28863K(29248K)->28863K(29248K) NonClass: 23996K(24192K)->23996K(24192K) Class: 4867K(5056K)->4867K(5056K)
[4009.605s][info][gc             ] GC(1033) Pause Young (Mixed) (G1 Evacuation Pause) 3672M->1333M(4096M) 137.579ms
[4009.605s][info][gc,cpu         ] GC(1033) User=0.81s Sys=0.00s Real=0.14s
...|[4012.077s][info][gc,start       ] GC(1034) Pause Young (Concurrent Start) (G1 Evacuation Pause)
[4012.077s][info][gc,task        ] GC(1034) Using 6 workers of 6 for evacuation
[4012.196s][info][gc,phases      ] GC(1034)   Pre Evacuate Collection Set: 0.41ms
[4012.196s][info][gc,phases      ] GC(1034)   Merge Heap Roots: 0.55ms
[4012.196s][info][gc,phases      ] GC(1034)   Evacuate Collection Set: 117.09ms
[4012.196s][info][gc,phases      ] GC(1034)   Post Evacuate Collection Set: 0.89ms
[4012.196s][info][gc,phases      ] GC(1034)   Other: 0.11ms
[4012.196s][info][gc,heap        ] GC(1034) Eden regions: 1114->0(1116)
[4012.196s][info][gc,heap        ] GC(1034) Survivor regions: 114->112(154)
[4012.196s][info][gc,heap        ] GC(1034) Old regions: 473->504
[4012.196s][info][gc,heap        ] GC(1034) Humongous regions: 80->80
[4012.196s][info][gc,metaspace   ] GC(1034) Metaspace: 28863K(29248K)->28863K(29248K) NonClass: 23996K(24192K)->23996K(24192K) Class: 4867K(5056K)->4867K(5056K)
[4012.196s][info][gc             ] GC(1034) Pause Young (Concurrent Start) (G1 Evacuation Pause) 3561M->1389M(4096M) 119.173ms
[4012.196s][info][gc             ] GC(1035) Concurrent Mark Cycle
[4012.196s][info][gc,marking     ] GC(1035) Concurrent Scan Root Regions
[4012.196s][info][gc,cpu         ] GC(1034) User=0.71s Sys=0.01s Real=0.12s
[4012.377s][info][gc,marking     ] GC(1035) Concurrent Scan Root Regions 181.377ms
[4012.378s][info][gc,marking     ] GC(1035) Concurrent Mark
[4012.378s][info][gc,marking     ] GC(1035) Concurrent Mark From Roots
[4012.378s][info][gc,task        ] GC(1035) Using 2 workers of 2 for marking
.[4013.367s][info][gc,marking     ] GC(1035) Concurrent Mark From Roots 989.143ms
[4013.367s][info][gc,marking     ] GC(1035) Concurrent Preclean
[4013.367s][info][gc,marking     ] GC(1035) Concurrent Preclean 0.125ms
[4013.368s][info][gc,start       ] GC(1035) Pause Remark
[4013.374s][info][gc             ] GC(1035) Pause Remark 2481M->2481M(4096M) 5.901ms
[4013.374s][info][gc,cpu         ] GC(1035) User=0.03s Sys=0.00s Real=0.00s
[4013.374s][info][gc,marking     ] GC(1035) Concurrent Mark 996.786ms
[4013.374s][info][gc,marking     ] GC(1035) Concurrent Rebuild Remembered Sets and Scrub Regions
[4013.741s][info][gc,marking     ] GC(1035) Concurrent Rebuild Remembered Sets and Scrub Regions 367.002ms
[4013.741s][info][gc,start       ] GC(1035) Pause Cleanup
[4013.742s][info][gc             ] GC(1035) Pause Cleanup 2810M->2810M(4096M) 0.780ms
[4013.742s][info][gc,cpu         ] GC(1035) User=0.00s Sys=0.00s Real=0.00s
[4013.742s][info][gc,marking     ] GC(1035) Concurrent Clear Claimed Marks
[4013.742s][info][gc,marking     ] GC(1035) Concurrent Clear Claimed Marks 0.030ms
[4013.742s][info][gc,marking     ] GC(1035) Concurrent Cleanup for Next Mark
[4013.746s][info][gc,marking     ] GC(1035) Concurrent Cleanup for Next Mark 3.816ms
[4013.746s][info][gc             ] GC(1035) Concurrent Mark Cycle 1550.160ms
.[4014.672s][info][gc,start       ] GC(1036) Pause Young (Prepare Mixed) (G1 Evacuation Pause)
[4014.672s][info][gc,task        ] GC(1036) Using 6 workers of 6 for evacuation
[4014.790s][info][gc,phases      ] GC(1036)   Pre Evacuate Collection Set: 0.32ms
[4014.790s][info][gc,phases      ] GC(1036)   Merge Heap Roots: 0.61ms
[4014.790s][info][gc,phases      ] GC(1036)   Evacuate Collection Set: 115.61ms
[4014.790s][info][gc,phases      ] GC(1036)   Post Evacuate Collection Set: 0.94ms
[4014.790s][info][gc,phases      ] GC(1036)   Other: 0.09ms
[4014.790s][info][gc,heap        ] GC(1036) Eden regions: 1116->0(1113)
[4014.790s][info][gc,heap        ] GC(1036) Survivor regions: 112->108(154)
[4014.790s][info][gc,heap        ] GC(1036) Old regions: 504->536
[4014.790s][info][gc,heap        ] GC(1036) Humongous regions: 80->80
[4014.790s][info][gc,metaspace   ] GC(1036) Metaspace: 28863K(29248K)->28863K(29248K) NonClass: 23996K(24192K)->23996K(24192K) Class: 4867K(5056K)->4867K(5056K)
[4014.790s][info][gc             ] GC(1036) Pause Young (Prepare Mixed) (G1 Evacuation Pause) 3621M->1446M(4096M) 117.702ms
[4014.790s][info][gc,cpu         ] GC(1036) User=0.70s Sys=0.00s Real=0.12s
...[4017.259s][info][gc,start       ] GC(1037) Pause Young (Mixed) (G1 Evacuation Pause)
[4017.259s][info][gc,task        ] GC(1037) Using 6 workers of 6 for evacuation
[4017.395s][info][gc,phases      ] GC(1037)   Pre Evacuate Collection Set: 0.37ms
[4017.395s][info][gc,phases      ] GC(1037)   Merge Heap Roots: 0.80ms
[4017.395s][info][gc,phases      ] GC(1037)   Evacuate Collection Set: 133.58ms
[4017.395s][info][gc,phases      ] GC(1037)   Post Evacuate Collection Set: 0.97ms
[4017.395s][info][gc,phases      ] GC(1037)   Other: 0.09ms
[4017.395s][info][gc,heap        ] GC(1037) Eden regions: 1113->0(1119)
[4017.395s][info][gc,heap        ] GC(1037) Survivor regions: 108->109(153)
[4017.395s][info][gc,heap        ] GC(1037) Old regions: 536->473
[4017.395s][info][gc,heap        ] GC(1037) Humongous regions: 80->80
[4017.395s][info][gc,metaspace   ] GC(1037) Metaspace: 28863K(29248K)->28863K(29248K) NonClass: 23996K(24192K)->23996K(24192K) Class: 4867K(5056K)->4867K(5056K)
[4017.395s][info][gc             ] GC(1037) Pause Young (Mixed) (G1 Evacuation Pause) 3672M->1323M(4096M) 135.936ms
[4017.395s][info][gc,cpu         ] GC(1037) User=0.80s Sys=0.00s Real=0.13s
...[4019.985s][info][gc,start       ] GC(1038) Pause Young (Concurrent Start) (G1 Evacuation Pause)
[4019.985s][info][gc,task        ] GC(1038) Using 6 workers of 6 for evacuation
[4020.102s][info][gc,phases      ] GC(1038)   Pre Evacuate Collection Set: 0.38ms
[4020.102s][info][gc,phases      ] GC(1038)   Merge Heap Roots: 0.48ms
[4020.102s][info][gc,phases      ] GC(1038)   Evacuate Collection Set: 115.66ms
[4020.102s][info][gc,phases      ] GC(1038)   Post Evacuate Collection Set: 0.89ms
[4020.102s][info][gc,phases      ] GC(1038)   Other: 0.13ms
[4020.102s][info][gc,heap        ] GC(1038) Eden regions: 1119->0(1119)
[4020.102s][info][gc,heap        ] GC(1038) Survivor regions: 109->109(154)
[4020.102s][info][gc,heap        ] GC(1038) Old regions: 473->505
[4020.103s][info][gc,heap        ] GC(1038) Humongous regions: 80->80
[4020.103s][info][gc,metaspace   ] GC(1038) Metaspace: 28863K(29248K)->28863K(29248K) NonClass: 23996K(24192K)->23996K(24192K) Class: 4867K(5056K)->4867K(5056K)
[4020.103s][info][gc             ] GC(1038) Pause Young (Concurrent Start) (G1 Evacuation Pause) 3561M->1385M(4096M) 117.664ms
[4020.103s][info][gc             ] GC(1039) Concurrent Mark Cycle
[4020.103s][info][gc,marking     ] GC(1039) Concurrent Scan Root Regions
[4020.103s][info][gc,cpu         ] GC(1038) User=0.70s Sys=0.00s Real=0.12s
[4020.231s][info][gc,marking     ] GC(1039) Concurrent Scan Root Regions 128.702ms
[4020.231s][info][gc,marking     ] GC(1039) Concurrent Mark
[4020.231s][info][gc,marking     ] GC(1039) Concurrent Mark From Roots
[4020.231s][info][gc,task        ] GC(1039) Using 2 workers of 2 for marking
[4020.923s][info][gc,marking     ] GC(1039) Concurrent Mark From Roots 691.279ms
[4020.923s][info][gc,marking     ] GC(1039) Concurrent Preclean
[4020.923s][info][gc,marking     ] GC(1039) Concurrent Preclean 0.118ms
[4020.924s][info][gc,start       ] GC(1039) Pause Remark
[4020.930s][info][gc             ] GC(1039) Pause Remark 2055M->2055M(4096M) 5.291ms
[4020.930s][info][gc,cpu         ] GC(1039) User=0.03s Sys=0.00s Real=0.01s
[4020.930s][info][gc,marking     ] GC(1039) Concurrent Mark 698.410ms
[4020.930s][info][gc,marking     ] GC(1039) Concurrent Rebuild Remembered Sets and Scrub Regions
.[4021.234s][info][gc,marking     ] GC(1039) Concurrent Rebuild Remembered Sets and Scrub Regions 304.727ms
[4021.235s][info][gc,start       ] GC(1039) Pause Cleanup
[4021.235s][info][gc             ] GC(1039) Pause Cleanup 2317M->2317M(4096M) 0.114ms
[4021.235s][info][gc,cpu         ] GC(1039) User=0.00s Sys=0.00s Real=0.00s
[4021.237s][info][gc,marking     ] GC(1039) Concurrent Clear Claimed Marks
[4021.237s][info][gc,marking     ] GC(1039) Concurrent Clear Claimed Marks 0.066ms
[4021.237s][info][gc,marking     ] GC(1039) Concurrent Cleanup for Next Mark
[4021.244s][info][gc,marking     ] GC(1039) Concurrent Cleanup for Next Mark 6.992ms
[4021.244s][info][gc             ] GC(1039) Concurrent Mark Cycle 1141.779ms
.[4022.567s][info][gc,start       ] GC(1040) Pause Young (Prepare Mixed) (G1 Evacuation Pause)
[4022.567s][info][gc,task        ] GC(1040) Using 6 workers of 6 for evacuation
[4022.689s][info][gc,phases      ] GC(1040)   Pre Evacuate Collection Set: 0.34ms
[4022.689s][info][gc,phases      ] GC(1040)   Merge Heap Roots: 0.50ms
[4022.689s][info][gc,phases      ] GC(1040)   Evacuate Collection Set: 119.53ms
[4022.689s][info][gc,phases      ] GC(1040)   Post Evacuate Collection Set: 0.92ms
[4022.689s][info][gc,phases      ] GC(1040)   Other: 0.10ms
[4022.689s][info][gc,heap        ] GC(1040) Eden regions: 1119->0(1101)
[4022.689s][info][gc,heap        ] GC(1040) Survivor regions: 109->114(154)
[4022.689s][info][gc,heap        ] GC(1040) Old regions: 505->536
[4022.689s][info][gc,heap        ] GC(1040) Humongous regions: 80->80
[4022.689s][info][gc,metaspace   ] GC(1040) Metaspace: 28863K(29248K)->28863K(29248K) NonClass: 23996K(24192K)->23996K(24192K) Class: 4867K(5056K)->4867K(5056K)
[4022.689s][info][gc             ] GC(1040) Pause Young (Prepare Mixed) (G1 Evacuation Pause) 3623M->1459M(4096M) 121.510ms
[4022.689s][info][gc,cpu         ] GC(1040) User=0.72s Sys=0.00s Real=0.13s
...[4025.197s][info][gc,start       ] GC(1041) Pause Young (Mixed) (G1 Evacuation Pause)
[4025.197s][info][gc,task        ] GC(1041) Using 6 workers of 6 for evacuation
[4025.329s][info][gc,phases      ] GC(1041)   Pre Evacuate Collection Set: 0.38ms
[4025.329s][info][gc,phases      ] GC(1041)   Merge Heap Roots: 0.63ms
[4025.329s][info][gc,phases      ] GC(1041)   Evacuate Collection Set: 129.90ms
[4025.329s][info][gc,phases      ] GC(1041)   Post Evacuate Collection Set: 0.93ms
[4025.329s][info][gc,phases      ] GC(1041)   Other: 0.09ms
[4025.329s][info][gc,heap        ] GC(1041) Eden regions: 1101->0(1118)
[4025.329s][info][gc,heap        ] GC(1041) Survivor regions: 114->110(152)
[4025.329s][info][gc,heap        ] GC(1041) Old regions: 536->473
[4025.329s][info][gc,heap        ] GC(1041) Humongous regions: 80->80
[4025.329s][info][gc,metaspace   ] GC(1041) Metaspace: 28863K(29248K)->28863K(29248K) NonClass: 23996K(24192K)->23996K(24192K) Class: 4867K(5056K)->4867K(5056K)
[4025.329s][info][gc             ] GC(1041) Pause Young (Mixed) (G1 Evacuation Pause) 3661M->1324M(4096M) 132.063ms
[4025.329s][info][gc,cpu         ] GC(1041) User=0.78s Sys=0.00s Real=0.14s
..[4027.805s][info][gc,start       ] GC(1042) Pause Young (Concurrent Start) (G1 Evacuation Pause)
[4027.805s][info][gc,task        ] GC(1042) Using 6 workers of 6 for evacuation
[4027.920s][info][gc,phases      ] GC(1042)   Pre Evacuate Collection Set: 0.41ms
[4027.920s][info][gc,phases      ] GC(1042)   Merge Heap Roots: 0.48ms
[4027.920s][info][gc,phases      ] GC(1042)   Evacuate Collection Set: 112.77ms
[4027.920s][info][gc,phases      ] GC(1042)   Post Evacuate Collection Set: 0.89ms
[4027.920s][info][gc,phases      ] GC(1042)   Other: 0.09ms
[4027.920s][info][gc,heap        ] GC(1042) Eden regions: 1118->0(1120)
[4027.920s][info][gc,heap        ] GC(1042) Survivor regions: 110->108(154)
[4027.920s][info][gc,heap        ] GC(1042) Old regions: 473->505
[4027.920s][info][gc,heap        ] GC(1042) Humongous regions: 80->80
[4027.920s][info][gc,metaspace   ] GC(1042) Metaspace: 28863K(29248K)->28863K(29248K) NonClass: 23996K(24192K)->23996K(24192K) Class: 4867K(5056K)->4867K(5056K)
[4027.920s][info][gc             ] GC(1042) Pause Young (Concurrent Start) (G1 Evacuation Pause) 3560M->1383M(4096M) 114.759ms
[4027.920s][info][gc             ] GC(1043) Concurrent Mark Cycle
[4027.920s][info][gc,marking     ] GC(1043) Concurrent Scan Root Regions
[4027.920s][info][gc,cpu         ] GC(1042) User=0.68s Sys=0.00s Real=0.12s
[4028.055s][info][gc,marking     ] GC(1043) Concurrent Scan Root Regions 135.208ms
[4028.055s][info][gc,marking     ] GC(1043) Concurrent Mark
[4028.055s][info][gc,marking     ] GC(1043) Concurrent Mark From Roots
[4028.055s][info][gc,task        ] GC(1043) Using 2 workers of 2 for marking
.[4028.753s][info][gc,marking     ] GC(1043) Concurrent Mark From Roots 697.816ms
[4028.753s][info][gc,marking     ] GC(1043) Concurrent Preclean
[4028.753s][info][gc,marking     ] GC(1043) Concurrent Preclean 0.129ms
[4028.754s][info][gc,start       ] GC(1043) Pause Remark
[4028.760s][info][gc             ] GC(1043) Pause Remark 2099M->2099M(4096M) 6.098ms
[4028.760s][info][gc,cpu         ] GC(1043) User=0.03s Sys=0.00s Real=0.01s
[4028.760s][info][gc,marking     ] GC(1043) Concurrent Mark 704.782ms
[4028.760s][info][gc,marking     ] GC(1043) Concurrent Rebuild Remembered Sets and Scrub Regions
[4029.092s][info][gc,marking     ] GC(1043) Concurrent Rebuild Remembered Sets and Scrub Regions 332.250ms
[4029.092s][info][gc,start       ] GC(1043) Pause Cleanup
[4029.092s][info][gc             ] GC(1043) Pause Cleanup 2397M->2397M(4096M) 0.124ms
[4029.092s][info][gc,cpu         ] GC(1043) User=0.00s Sys=0.00s Real=0.00s
[4029.093s][info][gc,marking     ] GC(1043) Concurrent Clear Claimed Marks
[4029.093s][info][gc,marking     ] GC(1043) Concurrent Clear Claimed Marks 0.034ms
[4029.093s][info][gc,marking     ] GC(1043) Concurrent Cleanup for Next Mark
[4029.143s][info][gc,marking     ] GC(1043) Concurrent Cleanup for Next Mark 50.539ms
[4029.143s][info][gc             ] GC(1043) Concurrent Mark Cycle 1223.515ms
..[4030.477s][info][gc,start       ] GC(1044) Pause Young (Prepare Mixed) (G1 Evacuation Pause)
[4030.477s][info][gc,task        ] GC(1044) Using 6 workers of 6 for evacuation
[4030.598s][info][gc,phases      ] GC(1044)   Pre Evacuate Collection Set: 0.34ms
[4030.598s][info][gc,phases      ] GC(1044)   Merge Heap Roots: 0.48ms
[4030.598s][info][gc,phases      ] GC(1044)   Evacuate Collection Set: 119.14ms
[4030.598s][info][gc,phases      ] GC(1044)   Post Evacuate Collection Set: 0.92ms
[4030.598s][info][gc,phases      ] GC(1044)   Other: 0.10ms
[4030.598s][info][gc,heap        ] GC(1044) Eden regions: 1120->0(1104)
[4030.598s][info][gc,heap        ] GC(1044) Survivor regions: 108->112(154)
[4030.598s][info][gc,heap        ] GC(1044) Old regions: 505->537
[4030.598s][info][gc,heap        ] GC(1044) Humongous regions: 80->80
[4030.598s][info][gc,metaspace   ] GC(1044) Metaspace: 28863K(29248K)->28863K(29248K) NonClass: 23996K(24192K)->23996K(24192K) Class: 4867K(5056K)->4867K(5056K)
[4030.598s][info][gc             ] GC(1044) Pause Young (Prepare Mixed) (G1 Evacuation Pause) 3623M->1456M(4096M) 121.114ms
[4030.598s][info][gc,cpu         ] GC(1044) User=0.71s Sys=0.00s Real=0.12s
..[4033.049s][info][gc,start       ] GC(1045) Pause Young (Mixed) (G1 Evacuation Pause)
[4033.049s][info][gc,task        ] GC(1045) Using 6 workers of 6 for evacuation
[4033.183s][info][gc,phases      ] GC(1045)   Pre Evacuate Collection Set: 0.35ms
[4033.183s][info][gc,phases      ] GC(1045)   Merge Heap Roots: 0.66ms
[4033.183s][info][gc,phases      ] GC(1045)   Evacuate Collection Set: 131.60ms
[4033.183s][info][gc,phases      ] GC(1045)   Post Evacuate Collection Set: 0.94ms
[4033.183s][info][gc,phases      ] GC(1045)   Other: 0.09ms
[4033.183s][info][gc,heap        ] GC(1045) Eden regions: 1104->0(1117)
[4033.183s][info][gc,heap        ] GC(1045) Survivor regions: 112->111(152)
[4033.183s][info][gc,heap        ] GC(1045) Old regions: 537->473
[4033.183s][info][gc,heap        ] GC(1045) Humongous regions: 80->80
[4033.183s][info][gc,metaspace   ] GC(1045) Metaspace: 28863K(29248K)->28863K(29248K) NonClass: 23996K(24192K)->23996K(24192K) Class: 4867K(5056K)->4867K(5056K)
[4033.183s][info][gc             ] GC(1045) Pause Young (Mixed) (G1 Evacuation Pause) 3664M->1326M(4096M) 133.761ms
[4033.183s][info][gc,cpu         ] GC(1045) User=0.79s Sys=0.00s Real=0.13s
...[4035.686s][info][gc,start       ] GC(1046) Pause Young (Concurrent Start) (G1 Evacuation Pause)
[4035.686s][info][gc,task        ] GC(1046) Using 6 workers of 6 for evacuation
[4035.804s][info][gc,phases      ] GC(1046)   Pre Evacuate Collection Set: 0.39ms
[4035.804s][info][gc,phases      ] GC(1046)   Merge Heap Roots: 0.49ms
[4035.804s][info][gc,phases      ] GC(1046)   Evacuate Collection Set: 115.62ms
[4035.804s][info][gc,phases      ] GC(1046)   Post Evacuate Collection Set: 0.87ms
[4035.804s][info][gc,phases      ] GC(1046)   Other: 0.12ms
[4035.804s][info][gc,heap        ] GC(1046) Eden regions: 1117->0(1119)
[4035.804s][info][gc,heap        ] GC(1046) Survivor regions: 111->109(154)
[4035.804s][info][gc,heap        ] GC(1046) Old regions: 473->506
[4035.804s][info][gc,heap        ] GC(1046) Humongous regions: 80->80
[4035.804s][info][gc,metaspace   ] GC(1046) Metaspace: 28863K(29248K)->28863K(29248K) NonClass: 23996K(24192K)->23996K(24192K) Class: 4867K(5056K)->4867K(5056K)
[4035.804s][info][gc             ] GC(1046) Pause Young (Concurrent Start) (G1 Evacuation Pause) 3560M->1388M(4096M) 117.624ms
[4035.804s][info][gc             ] GC(1047) Concurrent Mark Cycle
[4035.804s][info][gc,marking     ] GC(1047) Concurrent Scan Root Regions
[4035.804s][info][gc,cpu         ] GC(1046) User=0.69s Sys=0.00s Real=0.12s
[4035.982s][info][gc,marking     ] GC(1047) Concurrent Scan Root Regions 178.142ms
[4035.982s][info][gc,marking     ] GC(1047) Concurrent Mark
[4035.982s][info][gc,marking     ] GC(1047) Concurrent Mark From Roots
[4035.982s][info][gc,task        ] GC(1047) Using 2 workers of 2 for marking
.[4037.012s][info][gc,marking     ] GC(1047) Concurrent Mark From Roots 1030.392ms
[4037.013s][info][gc,marking     ] GC(1047) Concurrent Preclean
[4037.013s][info][gc,marking     ] GC(1047) Concurrent Preclean 0.179ms
[4037.014s][info][gc,start       ] GC(1047) Pause Remark
[4037.019s][info][gc             ] GC(1047) Pause Remark 2414M->2414M(4096M) 5.729ms
[4037.019s][info][gc,cpu         ] GC(1047) User=0.03s Sys=0.00s Real=0.01s
[4037.020s][info][gc,marking     ] GC(1047) Concurrent Mark 1037.568ms
[4037.020s][info][gc,marking     ] GC(1047) Concurrent Rebuild Remembered Sets and Scrub Regions
.[4037.421s][info][gc,marking     ] GC(1047) Concurrent Rebuild Remembered Sets and Scrub Regions 401.158ms
[4037.422s][info][gc,start       ] GC(1047) Pause Cleanup
[4037.422s][info][gc             ] GC(1047) Pause Cleanup 2860M->2860M(4096M) 0.126ms
[4037.422s][info][gc,cpu         ] GC(1047) User=0.00s Sys=0.00s Real=0.00s
[4037.422s][info][gc,marking     ] GC(1047) Concurrent Clear Claimed Marks
[4037.422s][info][gc,marking     ] GC(1047) Concurrent Clear Claimed Marks 0.028ms
[4037.422s][info][gc,marking     ] GC(1047) Concurrent Cleanup for Next Mark
[4037.432s][info][gc,marking     ] GC(1047) Concurrent Cleanup for Next Mark 9.742ms
[4037.432s][info][gc             ] GC(1047) Concurrent Mark Cycle 1627.828ms
[4038.300s][info][gc,start       ] GC(1048) Pause Young (Prepare Mixed) (G1 Evacuation Pause)
[4038.300s][info][gc,task        ] GC(1048) Using 6 workers of 6 for evacuation
[4038.421s][info][gc,phases      ] GC(1048)   Pre Evacuate Collection Set: 0.32ms
[4038.421s][info][gc,phases      ] GC(1048)   Merge Heap Roots: 0.54ms
[4038.421s][info][gc,phases      ] GC(1048)   Evacuate Collection Set: 118.74ms
[4038.421s][info][gc,phases      ] GC(1048)   Post Evacuate Collection Set: 0.93ms
[4038.421s][info][gc,phases      ] GC(1048)   Other: 0.10ms
[4038.421s][info][gc,heap        ] GC(1048) Eden regions: 1119->0(1103)
[4038.421s][info][gc,heap        ] GC(1048) Survivor regions: 109->112(154)
[4038.421s][info][gc,heap        ] GC(1048) Old regions: 506->538
[4038.421s][info][gc,heap        ] GC(1048) Humongous regions: 80->80
[4038.421s][info][gc,metaspace   ] GC(1048) Metaspace: 28863K(29248K)->28863K(29248K) NonClass: 23996K(24192K)->23996K(24192K) Class: 4867K(5056K)->4867K(5056K)
[4038.421s][info][gc             ] GC(1048) Pause Young (Prepare Mixed) (G1 Evacuation Pause) 3626M->1458M(4096M) 120.775ms
[4038.421s][info][gc,cpu         ] GC(1048) User=0.72s Sys=0.00s Real=0.12s
...[4040.951s][info][gc,start       ] GC(1049) Pause Young (Mixed) (G1 Evacuation Pause)
[4040.951s][info][gc,task        ] GC(1049) Using 6 workers of 6 for evacuation
[4041.085s][info][gc,phases      ] GC(1049)   Pre Evacuate Collection Set: 0.41ms
[4041.085s][info][gc,phases      ] GC(1049)   Merge Heap Roots: 0.75ms
[4041.085s][info][gc,phases      ] GC(1049)   Evacuate Collection Set: 131.68ms
[4041.085s][info][gc,phases      ] GC(1049)   Post Evacuate Collection Set: 0.94ms
[4041.085s][info][gc,phases      ] GC(1049)   Other: 0.10ms
[4041.085s][info][gc,heap        ] GC(1049) Eden regions: 1103->0(1119)
[4041.085s][info][gc,heap        ] GC(1049) Survivor regions: 112->109(152)
[4041.085s][info][gc,heap        ] GC(1049) Old regions: 538->474
[4041.085s][info][gc,heap        ] GC(1049) Humongous regions: 80->80
[4041.085s][info][gc,metaspace   ] GC(1049) Metaspace: 28863K(29248K)->28863K(29248K) NonClass: 23996K(24192K)->23996K(24192K) Class: 4867K(5056K)->4867K(5056K)
[4041.085s][info][gc             ] GC(1049) Pause Young (Mixed) (G1 Evacuation Pause) 3664M->1324M(4096M) 134.019ms
[4041.085s][info][gc,cpu         ] GC(1049) User=0.79s Sys=0.00s Real=0.13s
...[4043.585s][info][gc,start       ] GC(1050) Pause Young (Concurrent Start) (G1 Evacuation Pause)
[4043.585s][info][gc,task        ] GC(1050) Using 6 workers of 6 for evacuation
[4043.705s][info][gc,phases      ] GC(1050)   Pre Evacuate Collection Set: 0.36ms
[4043.705s][info][gc,phases      ] GC(1050)   Merge Heap Roots: 0.47ms
[4043.705s][info][gc,phases      ] GC(1050)   Evacuate Collection Set: 118.37ms
[4043.705s][info][gc,phases      ] GC(1050)   Post Evacuate Collection Set: 0.89ms
[4043.705s][info][gc,phases      ] GC(1050)   Other: 0.12ms
[4043.705s][info][gc,heap        ] GC(1050) Eden regions: 1119->0(1115)
[4043.705s][info][gc,heap        ] GC(1050) Survivor regions: 109->113(154)
[4043.705s][info][gc,heap        ] GC(1050) Old regions: 474->506
[4043.705s][info][gc,heap        ] GC(1050) Humongous regions: 80->80
[4043.705s][info][gc,metaspace   ] GC(1050) Metaspace: 28863K(29248K)->28863K(29248K) NonClass: 23996K(24192K)->23996K(24192K) Class: 4867K(5056K)->4867K(5056K)
[4043.705s][info][gc             ] GC(1050) Pause Young (Concurrent Start) (G1 Evacuation Pause) 3562M->1395M(4096M) 120.354ms
[4043.706s][info][gc             ] GC(1051) Concurrent Mark Cycle
[4043.706s][info][gc,marking     ] GC(1051) Concurrent Scan Root Regions
[4043.706s][info][gc,cpu         ] GC(1050) User=0.71s Sys=0.00s Real=0.12s
[4043.890s][info][gc,marking     ] GC(1051) Concurrent Scan Root Regions 184.486ms
[4043.890s][info][gc,marking     ] GC(1051) Concurrent Mark
[4043.890s][info][gc,marking     ] GC(1051) Concurrent Mark From Roots
[4043.890s][info][gc,task        ] GC(1051) Using 2 workers of 2 for marking
.[4044.870s][info][gc,marking     ] GC(1051) Concurrent Mark From Roots 979.637ms
[4044.870s][info][gc,marking     ] GC(1051) Concurrent Preclean
[4044.870s][info][gc,marking     ] GC(1051) Concurrent Preclean 0.117ms
[4044.870s][info][gc,start       ] GC(1051) Pause Remark
[4044.874s][info][gc             ] GC(1051) Pause Remark 2478M->2478M(4096M) 3.718ms
[4044.874s][info][gc,cpu         ] GC(1051) User=0.02s Sys=0.01s Real=0.00s
[4044.874s][info][gc,marking     ] GC(1051) Concurrent Mark 983.722ms
[4044.874s][info][gc,marking     ] GC(1051) Concurrent Rebuild Remembered Sets and Scrub Regions
[4045.254s][info][gc,marking     ] GC(1051) Concurrent Rebuild Remembered Sets and Scrub Regions 380.663ms
[4045.257s][info][gc,start       ] GC(1051) Pause Cleanup
[4045.257s][info][gc             ] GC(1051) Pause Cleanup 2815M->2815M(4096M) 0.141ms
[4045.257s][info][gc,cpu         ] GC(1051) User=0.00s Sys=0.00s Real=0.00s
[4045.257s][info][gc,marking     ] GC(1051) Concurrent Clear Claimed Marks
[4045.257s][info][gc,marking     ] GC(1051) Concurrent Clear Claimed Marks 0.031ms
[4045.257s][info][gc,marking     ] GC(1051) Concurrent Cleanup for Next Mark
[4045.267s][info][gc,marking     ] GC(1051) Concurrent Cleanup for Next Mark 9.930ms
[4045.267s][info][gc             ] GC(1051) Concurrent Mark Cycle 1561.884ms
.[4046.198s][info][gc,start       ] GC(1052) Pause Young (Prepare Mixed) (G1 Evacuation Pause)
[4046.198s][info][gc,task        ] GC(1052) Using 6 workers of 6 for evacuation
[4046.316s][info][gc,phases      ] GC(1052)   Pre Evacuate Collection Set: 0.33ms
[4046.316s][info][gc,phases      ] GC(1052)   Merge Heap Roots: 0.61ms
[4046.316s][info][gc,phases      ] GC(1052)   Evacuate Collection Set: 116.04ms
[4046.316s][info][gc,phases      ] GC(1052)   Post Evacuate Collection Set: 0.95ms
[4046.316s][info][gc,phases      ] GC(1052)   Other: 0.09ms
[4046.316s][info][gc,heap        ] GC(1052) Eden regions: 1115->0(1108)
[4046.316s][info][gc,heap        ] GC(1052) Survivor regions: 113->110(154)
[4046.316s][info][gc,heap        ] GC(1052) Old regions: 506->537
[4046.316s][info][gc,heap        ] GC(1052) Humongous regions: 80->80
[4046.316s][info][gc,metaspace   ] GC(1052) Metaspace: 28863K(29248K)->28863K(29248K) NonClass: 23996K(24192K)->23996K(24192K) Class: 4867K(5056K)->4867K(5056K)
[4046.316s][info][gc             ] GC(1052) Pause Young (Prepare Mixed) (G1 Evacuation Pause) 3625M->1453M(4096M) 118.164ms
[4046.316s][info][gc,cpu         ] GC(1052) User=0.70s Sys=0.00s Real=0.12s
...[4048.766s][info][gc,start       ] GC(1053) Pause Young (Mixed) (G1 Evacuation Pause)
[4048.766s][info][gc,task        ] GC(1053) Using 6 workers of 6 for evacuation
[4048.899s][info][gc,phases      ] GC(1053)   Pre Evacuate Collection Set: 0.37ms
[4048.899s][info][gc,phases      ] GC(1053)   Merge Heap Roots: 0.75ms
[4048.899s][info][gc,phases      ] GC(1053)   Evacuate Collection Set: 130.95ms
[4048.899s][info][gc,phases      ] GC(1053)   Post Evacuate Collection Set: 0.96ms
[4048.899s][info][gc,phases      ] GC(1053)   Other: 0.09ms
[4048.899s][info][gc,heap        ] GC(1053) Eden regions: 1108->0(1121)
[4048.899s][info][gc,heap        ] GC(1053) Survivor regions: 110->107(153)
[4048.899s][info][gc,heap        ] GC(1053) Old regions: 537->473
[4048.899s][info][gc,heap        ] GC(1053) Humongous regions: 80->80
[4048.899s][info][gc,metaspace   ] GC(1053) Metaspace: 28863K(29248K)->28863K(29248K) NonClass: 23996K(24192K)->23996K(24192K) Class: 4867K(5056K)->4867K(5056K)
[4048.899s][info][gc             ] GC(1053) Pause Young (Mixed) (G1 Evacuation Pause) 3669M->1318M(4096M) 133.261ms
[4048.899s][info][gc,cpu         ] GC(1053) User=0.79s Sys=0.00s Real=0.14s
..[4051.433s][info][gc,start       ] GC(1054) Pause Young (Concurrent Start) (G1 Evacuation Pause)
[4051.433s][info][gc,task        ] GC(1054) Using 6 workers of 6 for evacuation
[4051.555s][info][gc,phases      ] GC(1054)   Pre Evacuate Collection Set: 0.39ms
[4051.555s][info][gc,phases      ] GC(1054)   Merge Heap Roots: 0.47ms
[4051.555s][info][gc,phases      ] GC(1054)   Evacuate Collection Set: 120.40ms
[4051.555s][info][gc,phases      ] GC(1054)   Post Evacuate Collection Set: 0.91ms
[4051.555s][info][gc,phases      ] GC(1054)   Other: 0.10ms
[4051.555s][info][gc,heap        ] GC(1054) Eden regions: 1121->0(1114)
[4051.555s][info][gc,heap        ] GC(1054) Survivor regions: 107->114(154)
[4051.555s][info][gc,heap        ] GC(1054) Old regions: 473->505
[4051.555s][info][gc,heap        ] GC(1054) Humongous regions: 80->80
[4051.555s][info][gc,metaspace   ] GC(1054) Metaspace: 28863K(29248K)->28863K(29248K) NonClass: 23996K(24192K)->23996K(24192K) Class: 4867K(5056K)->4867K(5056K)
[4051.555s][info][gc             ] GC(1054) Pause Young (Concurrent Start) (G1 Evacuation Pause) 3560M->1396M(4096M) 122.389ms
[4051.555s][info][gc             ] GC(1055) Concurrent Mark Cycle
[4051.555s][info][gc,marking     ] GC(1055) Concurrent Scan Root Regions
[4051.555s][info][gc,cpu         ] GC(1054) User=0.72s Sys=0.00s Real=0.12s
.[4051.732s][info][gc,marking     ] GC(1055) Concurrent Scan Root Regions 176.322ms
[4051.732s][info][gc,marking     ] GC(1055) Concurrent Mark
[4051.732s][info][gc,marking     ] GC(1055) Concurrent Mark From Roots
[4051.732s][info][gc,task        ] GC(1055) Using 2 workers of 2 for marking
.[4052.699s][info][gc,marking     ] GC(1055) Concurrent Mark From Roots 967.145ms
[4052.699s][info][gc,marking     ] GC(1055) Concurrent Preclean
[4052.699s][info][gc,marking     ] GC(1055) Concurrent Preclean 0.174ms
[4052.701s][info][gc,start       ] GC(1055) Pause Remark
[4052.707s][info][gc             ] GC(1055) Pause Remark 2426M->2426M(4096M) 6.518ms
[4052.707s][info][gc,cpu         ] GC(1055) User=0.03s Sys=0.00s Real=0.00s
[4052.709s][info][gc,marking     ] GC(1055) Concurrent Mark 976.921ms
[4052.709s][info][gc,marking     ] GC(1055) Concurrent Rebuild Remembered Sets and Scrub Regions
[4053.015s][info][gc,marking     ] GC(1055) Concurrent Rebuild Remembered Sets and Scrub Regions 306.554ms
[4053.015s][info][gc,start       ] GC(1055) Pause Cleanup
[4053.015s][info][gc             ] GC(1055) Pause Cleanup 2672M->2672M(4096M) 0.113ms
[4053.015s][info][gc,cpu         ] GC(1055) User=0.00s Sys=0.00s Real=0.00s
[4053.018s][info][gc,marking     ] GC(1055) Concurrent Clear Claimed Marks
[4053.018s][info][gc,marking     ] GC(1055) Concurrent Clear Claimed Marks 0.044ms
[4053.018s][info][gc,marking     ] GC(1055) Concurrent Cleanup for Next Mark
[4053.025s][info][gc,marking     ] GC(1055) Concurrent Cleanup for Next Mark 6.195ms
[4053.025s][info][gc             ] GC(1055) Concurrent Mark Cycle 1469.368ms
.[4054.008s][info][gc,start       ] GC(1056) Pause Young (Prepare Mixed) (G1 Evacuation Pause)
[4054.008s][info][gc,task        ] GC(1056) Using 6 workers of 6 for evacuation
[4054.126s][info][gc,phases      ] GC(1056)   Pre Evacuate Collection Set: 0.32ms
[4054.126s][info][gc,phases      ] GC(1056)   Merge Heap Roots: 0.62ms
[4054.126s][info][gc,phases      ] GC(1056)   Evacuate Collection Set: 115.74ms
[4054.126s][info][gc,phases      ] GC(1056)   Post Evacuate Collection Set: 0.91ms
[4054.126s][info][gc,phases      ] GC(1056)   Other: 0.09ms
[4054.126s][info][gc,heap        ] GC(1056) Eden regions: 1114->0(1109)
[4054.126s][info][gc,heap        ] GC(1056) Survivor regions: 114->110(154)
[4054.126s][info][gc,heap        ] GC(1056) Old regions: 505->536
[4054.126s][info][gc,heap        ] GC(1056) Humongous regions: 80->80
[4054.126s][info][gc,metaspace   ] GC(1056) Metaspace: 28863K(29248K)->28863K(29248K) NonClass: 23996K(24192K)->23996K(24192K) Class: 4867K(5056K)->4867K(5056K)
[4054.126s][info][gc             ] GC(1056) Pause Young (Prepare Mixed) (G1 Evacuation Pause) 3624M->1450M(4096M) 117.821ms
[4054.126s][info][gc,cpu         ] GC(1056) User=0.70s Sys=0.00s Real=0.11s
..[4056.600s][info][gc,start       ] GC(1057) Pause Young (Mixed) (G1 Evacuation Pause)
[4056.600s][info][gc,task        ] GC(1057) Using 6 workers of 6 for evacuation
[4056.736s][info][gc,phases      ] GC(1057)   Pre Evacuate Collection Set: 0.40ms
[4056.736s][info][gc,phases      ] GC(1057)   Merge Heap Roots: 0.75ms
[4056.736s][info][gc,phases      ] GC(1057)   Evacuate Collection Set: 132.83ms
[4056.736s][info][gc,phases      ] GC(1057)   Post Evacuate Collection Set: 1.00ms
[4056.736s][info][gc,phases      ] GC(1057)   Other: 0.09ms
[4056.736s][info][gc,heap        ] GC(1057) Eden regions: 1109->0(1119)
[4056.736s][info][gc,heap        ] GC(1057) Survivor regions: 110->109(153)
[4056.736s][info][gc,heap        ] GC(1057) Old regions: 536->474
[4056.736s][info][gc,heap        ] GC(1057) Humongous regions: 80->80
[4056.736s][info][gc,metaspace   ] GC(1057) Metaspace: 28863K(29248K)->28863K(29248K) NonClass: 23996K(24192K)->23996K(24192K) Class: 4867K(5056K)->4867K(5056K)
[4056.736s][info][gc             ] GC(1057) Pause Young (Mixed) (G1 Evacuation Pause) 3668M->1325M(4096M) 135.185ms
[4056.736s][info][gc,cpu         ] GC(1057) User=0.80s Sys=0.00s Real=0.13s
...[4059.214s][info][gc,start       ] GC(1058) Pause Young (Concurrent Start) (G1 Evacuation Pause)
[4059.214s][info][gc,task        ] GC(1058) Using 6 workers of 6 for evacuation
[4059.332s][info][gc,phases      ] GC(1058)   Pre Evacuate Collection Set: 0.40ms
[4059.332s][info][gc,phases      ] GC(1058)   Merge Heap Roots: 0.50ms
[4059.332s][info][gc,phases      ] GC(1058)   Evacuate Collection Set: 115.79ms
[4059.332s][info][gc,phases      ] GC(1058)   Post Evacuate Collection Set: 0.88ms
[4059.332s][info][gc,phases      ] GC(1058)   Other: 0.11ms
[4059.332s][info][gc,heap        ] GC(1058) Eden regions: 1119->0(1119)
[4059.332s][info][gc,heap        ] GC(1058) Survivor regions: 109->109(154)
[4059.332s][info][gc,heap        ] GC(1058) Old regions: 474->506
[4059.332s][info][gc,heap        ] GC(1058) Humongous regions: 80->80
[4059.332s][info][gc,metaspace   ] GC(1058) Metaspace: 28863K(29248K)->28863K(29248K) NonClass: 23996K(24192K)->23996K(24192K) Class: 4867K(5056K)->4867K(5056K)
[4059.332s][info][gc             ] GC(1058) Pause Young (Concurrent Start) (G1 Evacuation Pause) 3563M->1389M(4096M) 117.836ms
[4059.332s][info][gc             ] GC(1059) Concurrent Mark Cycle
[4059.332s][info][gc,marking     ] GC(1059) Concurrent Scan Root Regions
[4059.332s][info][gc,cpu         ] GC(1058) User=0.69s Sys=0.00s Real=0.12s
[4059.466s][info][gc,marking     ] GC(1059) Concurrent Scan Root Regions 134.020ms
[4059.466s][info][gc,marking     ] GC(1059) Concurrent Mark
[4059.466s][info][gc,marking     ] GC(1059) Concurrent Mark From Roots
[4059.466s][info][gc,task        ] GC(1059) Using 2 workers of 2 for marking
.[4060.256s][info][gc,marking     ] GC(1059) Concurrent Mark From Roots 789.802ms
[4060.256s][info][gc,marking     ] GC(1059) Concurrent Preclean
[4060.256s][info][gc,marking     ] GC(1059) Concurrent Preclean 0.164ms
[4060.257s][info][gc,start       ] GC(1059) Pause Remark
[4060.260s][info][gc             ] GC(1059) Pause Remark 2197M->2197M(4096M) 3.510ms
[4060.261s][info][gc,cpu         ] GC(1059) User=0.02s Sys=0.00s Real=0.01s
[4060.261s][info][gc,marking     ] GC(1059) Concurrent Mark 794.509ms
[4060.261s][info][gc,marking     ] GC(1059) Concurrent Rebuild Remembered Sets and Scrub Regions
[4060.522s][info][gc,marking     ] GC(1059) Concurrent Rebuild Remembered Sets and Scrub Regions 261.064ms
[4060.523s][info][gc,start       ] GC(1059) Pause Cleanup
[4060.523s][info][gc             ] GC(1059) Pause Cleanup 2441M->2441M(4096M) 0.120ms
[4060.523s][info][gc,cpu         ] GC(1059) User=0.00s Sys=0.00s Real=0.00s
[4060.523s][info][gc,marking     ] GC(1059) Concurrent Clear Claimed Marks
[4060.523s][info][gc,marking     ] GC(1059) Concurrent Clear Claimed Marks 0.033ms
[4060.523s][info][gc,marking     ] GC(1059) Concurrent Cleanup for Next Mark
[4060.528s][info][gc,marking     ] GC(1059) Concurrent Cleanup for Next Mark 5.281ms
[4060.528s][info][gc             ] GC(1059) Concurrent Mark Cycle 1196.422ms
.[4061.824s][info][gc,start       ] GC(1060) Pause Young (Prepare Mixed) (G1 Evacuation Pause)
[4061.825s][info][gc,task        ] GC(1060) Using 6 workers of 6 for evacuation
[4061.940s][info][gc,phases      ] GC(1060)   Pre Evacuate Collection Set: 0.34ms
[4061.940s][info][gc,phases      ] GC(1060)   Merge Heap Roots: 0.77ms
[4061.940s][info][gc,phases      ] GC(1060)   Evacuate Collection Set: 113.77ms
[4061.940s][info][gc,phases      ] GC(1060)   Post Evacuate Collection Set: 0.95ms
[4061.940s][info][gc,phases      ] GC(1060)   Other: 0.10ms
[4061.940s][info][gc,heap        ] GC(1060) Eden regions: 1119->0(1111)
[4061.940s][info][gc,heap        ] GC(1060) Survivor regions: 109->108(154)
[4061.940s][info][gc,heap        ] GC(1060) Old regions: 506->538
[4061.940s][info][gc,heap        ] GC(1060) Humongous regions: 80->80
[4061.941s][info][gc,metaspace   ] GC(1060) Metaspace: 28863K(29248K)->28863K(29248K) NonClass: 23996K(24192K)->23996K(24192K) Class: 4867K(5056K)->4867K(5056K)
[4061.941s][info][gc             ] GC(1060) Pause Young (Prepare Mixed) (G1 Evacuation Pause) 3627M->1450M(4096M) 116.057ms
[4061.941s][info][gc,cpu         ] GC(1060) User=0.69s Sys=0.00s Real=0.12s
...[4064.490s][info][gc,start       ] GC(1061) Pause Young (Mixed) (G1 Evacuation Pause)
[4064.490s][info][gc,task        ] GC(1061) Using 6 workers of 6 for evacuation
[4064.630s][info][gc,phases      ] GC(1061)   Pre Evacuate Collection Set: 0.40ms
[4064.630s][info][gc,phases      ] GC(1061)   Merge Heap Roots: 0.80ms
[4064.630s][info][gc,phases      ] GC(1061)   Evacuate Collection Set: 137.24ms
[4064.630s][info][gc,phases      ] GC(1061)   Post Evacuate Collection Set: 0.79ms
[4064.630s][info][gc,phases      ] GC(1061)   Other: 0.09ms
[4064.630s][info][gc,heap        ] GC(1061) Eden regions: 1111->0(1113)
[4064.630s][info][gc,heap        ] GC(1061) Survivor regions: 108->115(153)
[4064.630s][info][gc,heap        ] GC(1061) Old regions: 538->474
[4064.630s][info][gc,heap        ] GC(1061) Humongous regions: 80->80
[4064.630s][info][gc,metaspace   ] GC(1061) Metaspace: 28863K(29248K)->28863K(29248K) NonClass: 23996K(24192K)->23996K(24192K) Class: 4867K(5056K)->4867K(5056K)
[4064.630s][info][gc             ] GC(1061) Pause Young (Mixed) (G1 Evacuation Pause) 3672M->1336M(4096M) 139.459ms
[4064.630s][info][gc,cpu         ] GC(1061) User=0.82s Sys=0.00s Real=0.14s
...[4067.130s][info][gc,start       ] GC(1062) Pause Young (Concurrent Start) (G1 Evacuation Pause)
[4067.130s][info][gc,task        ] GC(1062) Using 6 workers of 6 for evacuation
[4067.249s][info][gc,phases      ] GC(1062)   Pre Evacuate Collection Set: 0.39ms
[4067.250s][info][gc,phases      ] GC(1062)   Merge Heap Roots: 0.54ms
[4067.250s][info][gc,phases      ] GC(1062)   Evacuate Collection Set: 117.43ms
[4067.250s][info][gc,phases      ] GC(1062)   Post Evacuate Collection Set: 0.90ms
[4067.250s][info][gc,phases      ] GC(1062)   Other: 0.10ms
[4067.250s][info][gc,heap        ] GC(1062) Eden regions: 1113->0(1118)
[4067.250s][info][gc,heap        ] GC(1062) Survivor regions: 115->110(154)
[4067.250s][info][gc,heap        ] GC(1062) Old regions: 474->505
[4067.250s][info][gc,heap        ] GC(1062) Humongous regions: 80->80
[4067.250s][info][gc,metaspace   ] GC(1062) Metaspace: 28863K(29248K)->28863K(29248K) NonClass: 23996K(24192K)->23996K(24192K) Class: 4867K(5056K)->4867K(5056K)
[4067.250s][info][gc             ] GC(1062) Pause Young (Concurrent Start) (G1 Evacuation Pause) 3562M->1388M(4096M) 119.515ms
[4067.250s][info][gc             ] GC(1063) Concurrent Mark Cycle
[4067.250s][info][gc,marking     ] GC(1063) Concurrent Scan Root Regions
[4067.250s][info][gc,cpu         ] GC(1062) User=0.71s Sys=0.01s Real=0.12s
[4067.406s][info][gc,marking     ] GC(1063) Concurrent Scan Root Regions 156.268ms
[4067.406s][info][gc,marking     ] GC(1063) Concurrent Mark
[4067.406s][info][gc,marking     ] GC(1063) Concurrent Mark From Roots
[4067.406s][info][gc,task        ] GC(1063) Using 2 workers of 2 for marking
.[4068.210s][info][gc,marking     ] GC(1063) Concurrent Mark From Roots 803.706ms
[4068.210s][info][gc,marking     ] GC(1063) Concurrent Preclean
[4068.210s][info][gc,marking     ] GC(1063) Concurrent Preclean 0.128ms
[4068.213s][info][gc,start       ] GC(1063) Pause Remark
[4068.218s][info][gc             ] GC(1063) Pause Remark 2210M->2210M(4096M) 5.124ms
[4068.218s][info][gc,cpu         ] GC(1063) User=0.02s Sys=0.00s Real=0.01s
[4068.219s][info][gc,marking     ] GC(1063) Concurrent Mark 812.685ms
[4068.219s][info][gc,marking     ] GC(1063) Concurrent Rebuild Remembered Sets and Scrub Regions
[4068.485s][info][gc,marking     ] GC(1063) Concurrent Rebuild Remembered Sets and Scrub Regions 266.315ms
[4068.487s][info][gc,start       ] GC(1063) Pause Cleanup
[4068.487s][info][gc             ] GC(1063) Pause Cleanup 2486M->2486M(4096M) 0.137ms
[4068.487s][info][gc,cpu         ] GC(1063) User=0.00s Sys=0.00s Real=0.00s
[4068.487s][info][gc,marking     ] GC(1063) Concurrent Clear Claimed Marks
[4068.487s][info][gc,marking     ] GC(1063) Concurrent Clear Claimed Marks 0.021ms
[4068.487s][info][gc,marking     ] GC(1063) Concurrent Cleanup for Next Mark
[4068.492s][info][gc,marking     ] GC(1063) Concurrent Cleanup for Next Mark 4.622ms
[4068.492s][info][gc             ] GC(1063) Concurrent Mark Cycle 1242.558ms
.[4069.730s][info][gc,start       ] GC(1064) Pause Young (Prepare Mixed) (G1 Evacuation Pause)
[4069.730s][info][gc,task        ] GC(1064) Using 6 workers of 6 for evacuation
[4069.856s][info][gc,phases      ] GC(1064)   Pre Evacuate Collection Set: 0.31ms
[4069.856s][info][gc,phases      ] GC(1064)   Merge Heap Roots: 0.49ms
[4069.856s][info][gc,phases      ] GC(1064)   Evacuate Collection Set: 124.04ms
[4069.856s][info][gc,phases      ] GC(1064)   Post Evacuate Collection Set: 0.88ms
[4069.856s][info][gc,phases      ] GC(1064)   Other: 0.09ms
[4069.856s][info][gc,heap        ] GC(1064) Eden regions: 1118->0(1092)
[4069.856s][info][gc,heap        ] GC(1064) Survivor regions: 110->118(154)
[4069.856s][info][gc,heap        ] GC(1064) Old regions: 505->537
[4069.856s][info][gc,heap        ] GC(1064) Humongous regions: 80->80
[4069.856s][info][gc,metaspace   ] GC(1064) Metaspace: 28863K(29248K)->28863K(29248K) NonClass: 23996K(24192K)->23996K(24192K) Class: 4867K(5056K)->4867K(5056K)
[4069.856s][info][gc             ] GC(1064) Pause Young (Prepare Mixed) (G1 Evacuation Pause) 3624M->1469M(4096M) 125.948ms
[4069.856s][info][gc,cpu         ] GC(1064) User=0.74s Sys=0.00s Real=0.12s
... (rIR:aIR:PR = 7195:7183:7183) (tPR = 107044) [OK] 
  4072s: Performance info:
         Transaction,    Success,    Partial,     Failed,   Receipts, AvgBarcode, 
             Overall,     433900,          0,          0,     412111,      59.48, 
         Response times:
             Request,    Success,    Partial,     Failed,   SkipFail,     Probes,    Samples,      min,      p50,      p90,      p95,      p99,      max, 
       TotalPurchase,     412108,          0,          0,          0,     360610,     508481,      300,     6800,    70000,   108000,   168000,   449000,
     InStorePurchase,     216244,          0,          0,          0,     189040,     267091,      300,     6900,    71000,   109000,   168000,   442000,
      OnlinePurchase,     152473,          0,          0,          0,     132967,     186726,      300,     6900,    70000,   109000,   169000,   449000,
        InstPurchase,      43391,          0,          0,          0,      38603,      54664,      400,     6100,    64000,   104000,   167000,   310000,
          AssocOfCat,        433,          0,          0,          0,        325,        562,    28000,    47000,   126000,   171700,   240850,   299000,
      AssocOfProduct,       4340,          0,          0,          0,       4037,       5925,      500,     7700,    73000,   111000,   168000,   264000,
      BusinessReport,       1094,          0,          0,          0,        934,       1495,    30000,    53000,   132000,   175000,   224120,   413000,
          CustBuyBeh,       4350,          0,          0,          0,       4027,       5964,      200,     6200,    64000,   103000,   165350,   289000,
       ProductReturn,      11576,          0,          0,          0,       9596,      14011,      200,     7600,    74000,   113000,   168000,   277000,

  4072s: (53%)   IR =   7334 [4072.314s][info][gc,start       ] GC(1065) Pause Young (Mixed) (G1 Evacuation Pause)
[4072.314s][info][gc,task        ] GC(1065) Using 6 workers of 6 for evacuation
[4072.452s][info][gc,phases      ] GC(1065)   Pre Evacuate Collection Set: 0.38ms
[4072.452s][info][gc,phases      ] GC(1065)   Merge Heap Roots: 0.73ms
[4072.452s][info][gc,phases      ] GC(1065)   Evacuate Collection Set: 135.21ms
[4072.452s][info][gc,phases      ] GC(1065)   Post Evacuate Collection Set: 0.97ms
[4072.452s][info][gc,phases      ] GC(1065)   Other: 0.09ms
[4072.452s][info][gc,heap        ] GC(1065) Eden regions: 1092->0(1118)
[4072.452s][info][gc,heap        ] GC(1065) Survivor regions: 118->110(152)
[4072.452s][info][gc,heap        ] GC(1065) Old regions: 537->474
[4072.452s][info][gc,heap        ] GC(1065) Humongous regions: 80->80
[4072.452s][info][gc,metaspace   ] GC(1065) Metaspace: 28863K(29248K)->28863K(29248K) NonClass: 23996K(24192K)->23996K(24192K) Class: 4867K(5056K)->4867K(5056K)
[4072.452s][info][gc             ] GC(1065) Pause Young (Mixed) (G1 Evacuation Pause) 3653M->1326M(4096M) 137.513ms
[4072.452s][info][gc,cpu         ] GC(1065) User=0.81s Sys=0.00s Real=0.14s
..[4074.902s][info][gc,start       ] GC(1066) Pause Young (Concurrent Start) (G1 Evacuation Pause)
[4074.902s][info][gc,task        ] GC(1066) Using 6 workers of 6 for evacuation
[4075.020s][info][gc,phases      ] GC(1066)   Pre Evacuate Collection Set: 0.39ms
[4075.020s][info][gc,phases      ] GC(1066)   Merge Heap Roots: 0.48ms
[4075.020s][info][gc,phases      ] GC(1066)   Evacuate Collection Set: 115.93ms
[4075.020s][info][gc,phases      ] GC(1066)   Post Evacuate Collection Set: 0.89ms
[4075.020s][info][gc,phases      ] GC(1066)   Other: 0.10ms
[4075.020s][info][gc,heap        ] GC(1066) Eden regions: 1118->0(1119)
[4075.020s][info][gc,heap        ] GC(1066) Survivor regions: 110->109(154)
[4075.020s][info][gc,heap        ] GC(1066) Old regions: 474->505
[4075.020s][info][gc,heap        ] GC(1066) Humongous regions: 80->80
[4075.020s][info][gc,metaspace   ] GC(1066) Metaspace: 28863K(29248K)->28863K(29248K) NonClass: 23996K(24192K)->23996K(24192K) Class: 4867K(5056K)->4867K(5056K)
[4075.020s][info][gc             ] GC(1066) Pause Young (Concurrent Start) (G1 Evacuation Pause) 3562M->1385M(4096M) 117.921ms
[4075.020s][info][gc             ] GC(1067) Concurrent Mark Cycle
[4075.020s][info][gc,marking     ] GC(1067) Concurrent Scan Root Regions
[4075.020s][info][gc,cpu         ] GC(1066) User=0.70s Sys=0.00s Real=0.12s
[4075.161s][info][gc,marking     ] GC(1067) Concurrent Scan Root Regions 141.366ms
[4075.161s][info][gc,marking     ] GC(1067) Concurrent Mark
[4075.161s][info][gc,marking     ] GC(1067) Concurrent Mark From Roots
[4075.161s][info][gc,task        ] GC(1067) Using 2 workers of 2 for marking
.[4076.002s][info][gc,marking     ] GC(1067) Concurrent Mark From Roots 840.145ms
[4076.002s][info][gc,marking     ] GC(1067) Concurrent Preclean
[4076.002s][info][gc,marking     ] GC(1067) Concurrent Preclean 0.147ms
[4076.007s][info][gc,start       ] GC(1067) Pause Remark
[4076.013s][info][gc             ] GC(1067) Pause Remark 2203M->2203M(4096M) 6.280ms
[4076.013s][info][gc,cpu         ] GC(1067) User=0.04s Sys=0.00s Real=0.01s
[4076.013s][info][gc,marking     ] GC(1067) Concurrent Mark 852.031ms
[4076.013s][info][gc,marking     ] GC(1067) Concurrent Rebuild Remembered Sets and Scrub Regions
.[4076.401s][info][gc,marking     ] GC(1067) Concurrent Rebuild Remembered Sets and Scrub Regions 387.655ms
[4076.401s][info][gc,start       ] GC(1067) Pause Cleanup
[4076.402s][info][gc             ] GC(1067) Pause Cleanup 2619M->2619M(4096M) 0.136ms
[4076.402s][info][gc,cpu         ] GC(1067) User=0.00s Sys=0.00s Real=0.00s
[4076.403s][info][gc,marking     ] GC(1067) Concurrent Clear Claimed Marks
[4076.403s][info][gc,marking     ] GC(1067) Concurrent Clear Claimed Marks 0.045ms
[4076.403s][info][gc,marking     ] GC(1067) Concurrent Cleanup for Next Mark
[4076.453s][info][gc,marking     ] GC(1067) Concurrent Cleanup for Next Mark 49.233ms
[4076.453s][info][gc             ] GC(1067) Concurrent Mark Cycle 1432.670ms
.[4077.465s][info][gc,start       ] GC(1068) Pause Young (Prepare Mixed) (G1 Evacuation Pause)
[4077.465s][info][gc,task        ] GC(1068) Using 6 workers of 6 for evacuation
[4077.585s][info][gc,phases      ] GC(1068)   Pre Evacuate Collection Set: 0.33ms
[4077.585s][info][gc,phases      ] GC(1068)   Merge Heap Roots: 0.56ms
[4077.585s][info][gc,phases      ] GC(1068)   Evacuate Collection Set: 118.50ms
[4077.585s][info][gc,phases      ] GC(1068)   Post Evacuate Collection Set: 0.93ms
[4077.585s][info][gc,phases      ] GC(1068)   Other: 0.09ms
[4077.585s][info][gc,heap        ] GC(1068) Eden regions: 1119->0(1107)
[4077.585s][info][gc,heap        ] GC(1068) Survivor regions: 109->111(154)
[4077.585s][info][gc,heap        ] GC(1068) Old regions: 505->536
[4077.585s][info][gc,heap        ] GC(1068) Humongous regions: 80->80
[4077.585s][info][gc,metaspace   ] GC(1068) Metaspace: 28863K(29248K)->28863K(29248K) NonClass: 23996K(24192K)->23996K(24192K) Class: 4867K(5056K)->4867K(5056K)
[4077.585s][info][gc             ] GC(1068) Pause Young (Prepare Mixed) (G1 Evacuation Pause) 3623M->1452M(4096M) 120.534ms
[4077.586s][info][gc,cpu         ] GC(1068) User=0.71s Sys=0.00s Real=0.12s
..[4080.031s][info][gc,start       ] GC(1069) Pause Young (Mixed) (G1 Evacuation Pause)
[4080.031s][info][gc,task        ] GC(1069) Using 6 workers of 6 for evacuation
[4080.171s][info][gc,phases      ] GC(1069)   Pre Evacuate Collection Set: 0.38ms
[4080.171s][info][gc,phases      ] GC(1069)   Merge Heap Roots: 0.73ms
[4080.171s][info][gc,phases      ] GC(1069)   Evacuate Collection Set: 137.78ms
[4080.171s][info][gc,phases      ] GC(1069)   Post Evacuate Collection Set: 0.95ms
[4080.171s][info][gc,phases      ] GC(1069)   Other: 0.09ms
[4080.171s][info][gc,heap        ] GC(1069) Eden regions: 1107->0(1115)
[4080.171s][info][gc,heap        ] GC(1069) Survivor regions: 111->113(153)
[4080.171s][info][gc,heap        ] GC(1069) Old regions: 536->472
[4080.171s][info][gc,heap        ] GC(1069) Humongous regions: 80->80
[4080.171s][info][gc,metaspace   ] GC(1069) Metaspace: 28863K(29248K)->28863K(29248K) NonClass: 23996K(24192K)->23996K(24192K) Class: 4867K(5056K)->4867K(5056K)
[4080.171s][info][gc             ] GC(1069) Pause Young (Mixed) (G1 Evacuation Pause) 3666M->1329M(4096M) 140.050ms
[4080.171s][info][gc,cpu         ] GC(1069) User=0.83s Sys=0.00s Real=0.14s
..|.[4082.517s][info][gc,start       ] GC(1070) Pause Young (Concurrent Start) (G1 Evacuation Pause)
[4082.517s][info][gc,task        ] GC(1070) Using 6 workers of 6 for evacuation
[4082.640s][info][gc,phases      ] GC(1070)   Pre Evacuate Collection Set: 0.35ms
[4082.640s][info][gc,phases      ] GC(1070)   Merge Heap Roots: 0.41ms
[4082.640s][info][gc,phases      ] GC(1070)   Evacuate Collection Set: 121.55ms
[4082.640s][info][gc,phases      ] GC(1070)   Post Evacuate Collection Set: 0.88ms
[4082.640s][info][gc,phases      ] GC(1070)   Other: 0.11ms
[4082.640s][info][gc,heap        ] GC(1070) Eden regions: 1115->0(1113)
[4082.640s][info][gc,heap        ] GC(1070) Survivor regions: 113->115(154)
[4082.640s][info][gc,heap        ] GC(1070) Old regions: 472->504
[4082.640s][info][gc,heap        ] GC(1070) Humongous regions: 80->80
[4082.640s][info][gc,metaspace   ] GC(1070) Metaspace: 28863K(29248K)->28863K(29248K) NonClass: 23996K(24192K)->23996K(24192K) Class: 4867K(5056K)->4867K(5056K)
[4082.640s][info][gc             ] GC(1070) Pause Young (Concurrent Start) (G1 Evacuation Pause) 3559M->1396M(4096M) 123.439ms
[4082.640s][info][gc             ] GC(1071) Concurrent Mark Cycle
[4082.640s][info][gc,marking     ] GC(1071) Concurrent Scan Root Regions
[4082.640s][info][gc,cpu         ] GC(1070) User=0.73s Sys=0.00s Real=0.13s
[4082.837s][info][gc,marking     ] GC(1071) Concurrent Scan Root Regions 197.091ms
[4082.837s][info][gc,marking     ] GC(1071) Concurrent Mark
[4082.837s][info][gc,marking     ] GC(1071) Concurrent Mark From Roots
[4082.837s][info][gc,task        ] GC(1071) Using 2 workers of 2 for marking
.[4083.802s][info][gc,marking     ] GC(1071) Concurrent Mark From Roots 964.688ms
[4083.802s][info][gc,marking     ] GC(1071) Concurrent Preclean
[4083.802s][info][gc,marking     ] GC(1071) Concurrent Preclean 0.143ms
[4083.804s][info][gc,start       ] GC(1071) Pause Remark
[4083.811s][info][gc             ] GC(1071) Pause Remark 2484M->2484M(4096M) 7.167ms
[4083.811s][info][gc,cpu         ] GC(1071) User=0.04s Sys=0.00s Real=0.01s
[4083.812s][info][gc,marking     ] GC(1071) Concurrent Mark 974.812ms
[4083.812s][info][gc,marking     ] GC(1071) Concurrent Rebuild Remembered Sets and Scrub Regions
[4084.193s][info][gc,marking     ] GC(1071) Concurrent Rebuild Remembered Sets and Scrub Regions 381.018ms
[4084.194s][info][gc,start       ] GC(1071) Pause Cleanup
[4084.194s][info][gc             ] GC(1071) Pause Cleanup 2830M->2830M(4096M) 0.120ms
[4084.194s][info][gc,cpu         ] GC(1071) User=0.00s Sys=0.00s Real=0.00s
[4084.194s][info][gc,marking     ] GC(1071) Concurrent Clear Claimed Marks
[4084.194s][info][gc,marking     ] GC(1071) Concurrent Clear Claimed Marks 0.025ms
[4084.194s][info][gc,marking     ] GC(1071) Concurrent Cleanup for Next Mark
[4084.197s][info][gc,marking     ] GC(1071) Concurrent Cleanup for Next Mark 3.310ms
[4084.197s][info][gc             ] GC(1071) Concurrent Mark Cycle 1557.388ms
.[4085.061s][info][gc,start       ] GC(1072) Pause Young (Prepare Mixed) (G1 Evacuation Pause)
[4085.061s][info][gc,task        ] GC(1072) Using 6 workers of 6 for evacuation
[4085.182s][info][gc,phases      ] GC(1072)   Pre Evacuate Collection Set: 0.32ms
[4085.182s][info][gc,phases      ] GC(1072)   Merge Heap Roots: 0.50ms
[4085.182s][info][gc,phases      ] GC(1072)   Evacuate Collection Set: 118.54ms
[4085.182s][info][gc,phases      ] GC(1072)   Post Evacuate Collection Set: 0.92ms
[4085.182s][info][gc,phases      ] GC(1072)   Other: 0.09ms
[4085.182s][info][gc,heap        ] GC(1072) Eden regions: 1113->0(1105)
[4085.182s][info][gc,heap        ] GC(1072) Survivor regions: 115->112(154)
[4085.182s][info][gc,heap        ] GC(1072) Old regions: 504->536
[4085.182s][info][gc,heap        ] GC(1072) Humongous regions: 80->80
[4085.182s][info][gc,metaspace   ] GC(1072) Metaspace: 28863K(29248K)->28863K(29248K) NonClass: 23996K(24192K)->23996K(24192K) Class: 4867K(5056K)->4867K(5056K)
[4085.182s][info][gc             ] GC(1072) Pause Young (Prepare Mixed) (G1 Evacuation Pause) 3622M->1454M(4096M) 120.502ms
[4085.182s][info][gc,cpu         ] GC(1072) User=0.71s Sys=0.00s Real=0.12s
...[4087.606s][info][gc,start       ] GC(1073) Pause Young (Mixed) (G1 Evacuation Pause)
[4087.606s][info][gc,task        ] GC(1073) Using 6 workers of 6 for evacuation
[4087.742s][info][gc,phases      ] GC(1073)   Pre Evacuate Collection Set: 0.37ms
[4087.742s][info][gc,phases      ] GC(1073)   Merge Heap Roots: 0.72ms
[4087.742s][info][gc,phases      ] GC(1073)   Evacuate Collection Set: 134.18ms
[4087.742s][info][gc,phases      ] GC(1073)   Post Evacuate Collection Set: 0.95ms
[4087.742s][info][gc,phases      ] GC(1073)   Other: 0.09ms
[4087.742s][info][gc,heap        ] GC(1073) Eden regions: 1105->0(1117)
[4087.742s][info][gc,heap        ] GC(1073) Survivor regions: 112->111(153)
[4087.742s][info][gc,heap        ] GC(1073) Old regions: 536->474
[4087.742s][info][gc,heap        ] GC(1073) Humongous regions: 80->80
[4087.742s][info][gc,metaspace   ] GC(1073) Metaspace: 28863K(29248K)->28863K(29248K) NonClass: 23996K(24192K)->23996K(24192K) Class: 4867K(5056K)->4867K(5056K)
[4087.742s][info][gc             ] GC(1073) Pause Young (Mixed) (G1 Evacuation Pause) 3664M->1328M(4096M) 136.458ms
[4087.742s][info][gc,cpu         ] GC(1073) User=0.81s Sys=0.00s Real=0.14s
..[4090.213s][info][gc,start       ] GC(1074) Pause Young (Concurrent Start) (G1 Evacuation Pause)
[4090.213s][info][gc,task        ] GC(1074) Using 6 workers of 6 for evacuation
[4090.331s][info][gc,phases      ] GC(1074)   Pre Evacuate Collection Set: 0.39ms
[4090.331s][info][gc,phases      ] GC(1074)   Merge Heap Roots: 0.49ms
[4090.331s][info][gc,phases      ] GC(1074)   Evacuate Collection Set: 116.06ms
[4090.331s][info][gc,phases      ] GC(1074)   Post Evacuate Collection Set: 0.91ms
[4090.331s][info][gc,phases      ] GC(1074)   Other: 0.14ms
[4090.331s][info][gc,heap        ] GC(1074) Eden regions: 1117->0(1118)
[4090.331s][info][gc,heap        ] GC(1074) Survivor regions: 111->110(154)
[4090.331s][info][gc,heap        ] GC(1074) Old regions: 474->506
[4090.331s][info][gc,heap        ] GC(1074) Humongous regions: 80->80
[4090.331s][info][gc,metaspace   ] GC(1074) Metaspace: 28863K(29248K)->28863K(29248K) NonClass: 23996K(24192K)->23996K(24192K) Class: 4867K(5056K)->4867K(5056K)
[4090.331s][info][gc             ] GC(1074) Pause Young (Concurrent Start) (G1 Evacuation Pause) 3562M->1389M(4096M) 118.151ms
[4090.331s][info][gc             ] GC(1075) Concurrent Mark Cycle
[4090.331s][info][gc,marking     ] GC(1075) Concurrent Scan Root Regions
[4090.331s][info][gc,cpu         ] GC(1074) User=0.70s Sys=0.00s Real=0.12s
.[4090.466s][info][gc,marking     ] GC(1075) Concurrent Scan Root Regions 134.100ms
[4090.466s][info][gc,marking     ] GC(1075) Concurrent Mark
[4090.466s][info][gc,marking     ] GC(1075) Concurrent Mark From Roots
[4090.466s][info][gc,task        ] GC(1075) Using 2 workers of 2 for marking
[4091.195s][info][gc,marking     ] GC(1075) Concurrent Mark From Roots 729.407ms
[4091.195s][info][gc,marking     ] GC(1075) Concurrent Preclean
[4091.195s][info][gc,marking     ] GC(1075) Concurrent Preclean 0.141ms
[4091.196s][info][gc,start       ] GC(1075) Pause Remark
[4091.202s][info][gc             ] GC(1075) Pause Remark 2159M->2159M(4096M) 5.426ms
[4091.202s][info][gc,cpu         ] GC(1075) User=0.03s Sys=0.00s Real=0.01s
[4091.203s][info][gc,marking     ] GC(1075) Concurrent Mark 737.649ms
[4091.203s][info][gc,marking     ] GC(1075) Concurrent Rebuild Remembered Sets and Scrub Regions
.[4091.531s][info][gc,marking     ] GC(1075) Concurrent Rebuild Remembered Sets and Scrub Regions 327.942ms
[4091.532s][info][gc,start       ] GC(1075) Pause Cleanup
[4091.532s][info][gc             ] GC(1075) Pause Cleanup 2475M->2475M(4096M) 0.127ms
[4091.532s][info][gc,cpu         ] GC(1075) User=0.00s Sys=0.00s Real=0.00s
[4091.533s][info][gc,marking     ] GC(1075) Concurrent Clear Claimed Marks
[4091.533s][info][gc,marking     ] GC(1075) Concurrent Clear Claimed Marks 0.032ms
[4091.533s][info][gc,marking     ] GC(1075) Concurrent Cleanup for Next Mark
[4091.539s][info][gc,marking     ] GC(1075) Concurrent Cleanup for Next Mark 6.440ms
[4091.540s][info][gc             ] GC(1075) Concurrent Mark Cycle 1208.070ms
.[4092.738s][info][gc,start       ] GC(1076) Pause Young (Prepare Mixed) (G1 Evacuation Pause)
[4092.738s][info][gc,task        ] GC(1076) Using 6 workers of 6 for evacuation
[4092.858s][info][gc,phases      ] GC(1076)   Pre Evacuate Collection Set: 0.36ms
[4092.858s][info][gc,phases      ] GC(1076)   Merge Heap Roots: 0.51ms
[4092.858s][info][gc,phases      ] GC(1076)   Evacuate Collection Set: 118.10ms
[4092.858s][info][gc,phases      ] GC(1076)   Post Evacuate Collection Set: 0.92ms
[4092.858s][info][gc,phases      ] GC(1076)   Other: 0.09ms
[4092.858s][info][gc,heap        ] GC(1076) Eden regions: 1118->0(1104)
[4092.858s][info][gc,heap        ] GC(1076) Survivor regions: 110->111(154)
[4092.858s][info][gc,heap        ] GC(1076) Old regions: 506->539
[4092.858s][info][gc,heap        ] GC(1076) Humongous regions: 80->80
[4092.858s][info][gc,metaspace   ] GC(1076) Metaspace: 28863K(29248K)->28863K(29248K) NonClass: 23996K(24192K)->23996K(24192K) Class: 4867K(5056K)->4867K(5056K)
[4092.858s][info][gc             ] GC(1076) Pause Young (Prepare Mixed) (G1 Evacuation Pause) 3625M->1458M(4096M) 120.120ms
[4092.858s][info][gc,cpu         ] GC(1076) User=0.71s Sys=0.00s Real=0.12s
..[4095.288s][info][gc,start       ] GC(1077) Pause Young (Mixed) (G1 Evacuation Pause)
[4095.288s][info][gc,task        ] GC(1077) Using 6 workers of 6 for evacuation
[4095.422s][info][gc,phases      ] GC(1077)   Pre Evacuate Collection Set: 0.34ms
[4095.422s][info][gc,phases      ] GC(1077)   Merge Heap Roots: 0.65ms
[4095.422s][info][gc,phases      ] GC(1077)   Evacuate Collection Set: 131.57ms
[4095.422s][info][gc,phases      ] GC(1077)   Post Evacuate Collection Set: 0.94ms
[4095.422s][info][gc,phases      ] GC(1077)   Other: 0.09ms
[4095.422s][info][gc,heap        ] GC(1077) Eden regions: 1104->0(1117)
[4095.422s][info][gc,heap        ] GC(1077) Survivor regions: 111->111(152)
[4095.422s][info][gc,heap        ] GC(1077) Old regions: 539->473
[4095.422s][info][gc,heap        ] GC(1077) Humongous regions: 80->80
[4095.422s][info][gc,metaspace   ] GC(1077) Metaspace: 28863K(29248K)->28863K(29248K) NonClass: 23996K(24192K)->23996K(24192K) Class: 4867K(5056K)->4867K(5056K)
[4095.422s][info][gc             ] GC(1077) Pause Young (Mixed) (G1 Evacuation Pause) 3666M->1326M(4096M) 133.737ms
[4095.422s][info][gc,cpu         ] GC(1077) User=0.79s Sys=0.00s Real=0.13s
...[4097.895s][info][gc,start       ] GC(1078) Pause Young (Concurrent Start) (G1 Evacuation Pause)
[4097.895s][info][gc,task        ] GC(1078) Using 6 workers of 6 for evacuation
[4098.010s][info][gc,phases      ] GC(1078)   Pre Evacuate Collection Set: 0.43ms
[4098.010s][info][gc,phases      ] GC(1078)   Merge Heap Roots: 0.51ms
[4098.010s][info][gc,phases      ] GC(1078)   Evacuate Collection Set: 112.96ms
[4098.010s][info][gc,phases      ] GC(1078)   Post Evacuate Collection Set: 0.88ms
[4098.010s][info][gc,phases      ] GC(1078)   Other: 0.13ms
[4098.010s][info][gc,heap        ] GC(1078) Eden regions: 1117->0(1120)
[4098.010s][info][gc,heap        ] GC(1078) Survivor regions: 111->108(154)
[4098.010s][info][gc,heap        ] GC(1078) Old regions: 473->505
[4098.010s][info][gc,heap        ] GC(1078) Humongous regions: 80->80
[4098.010s][info][gc,metaspace   ] GC(1078) Metaspace: 28863K(29248K)->28863K(29248K) NonClass: 23996K(24192K)->23996K(24192K) Class: 4867K(5056K)->4867K(5056K)
[4098.010s][info][gc             ] GC(1078) Pause Young (Concurrent Start) (G1 Evacuation Pause) 3560M->1385M(4096M) 115.046ms
[4098.010s][info][gc             ] GC(1079) Concurrent Mark Cycle
[4098.010s][info][gc,marking     ] GC(1079) Concurrent Scan Root Regions
[4098.010s][info][gc,cpu         ] GC(1078) User=0.68s Sys=0.00s Real=0.12s
[4098.143s][info][gc,marking     ] GC(1079) Concurrent Scan Root Regions 132.822ms
[4098.143s][info][gc,marking     ] GC(1079) Concurrent Mark
[4098.143s][info][gc,marking     ] GC(1079) Concurrent Mark From Roots
[4098.143s][info][gc,task        ] GC(1079) Using 2 workers of 2 for marking
.[4098.883s][info][gc,marking     ] GC(1079) Concurrent Mark From Roots 739.976ms
[4098.883s][info][gc,marking     ] GC(1079) Concurrent Preclean
[4098.883s][info][gc,marking     ] GC(1079) Concurrent Preclean 0.115ms
[4098.886s][info][gc,start       ] GC(1079) Pause Remark
[4098.890s][info][gc             ] GC(1079) Pause Remark 2123M->2123M(4096M) 4.594ms
[4098.890s][info][gc,cpu         ] GC(1079) User=0.03s Sys=0.00s Real=0.01s
[4098.890s][info][gc,marking     ] GC(1079) Concurrent Mark 747.621ms
[4098.890s][info][gc,marking     ] GC(1079) Concurrent Rebuild Remembered Sets and Scrub Regions
[4099.245s][info][gc,marking     ] GC(1079) Concurrent Rebuild Remembered Sets and Scrub Regions 354.612ms
[4099.247s][info][gc,start       ] GC(1079) Pause Cleanup
[4099.247s][info][gc             ] GC(1079) Pause Cleanup 2471M->2471M(4096M) 0.133ms
[4099.247s][info][gc,cpu         ] GC(1079) User=0.00s Sys=0.00s Real=0.00s
[4099.247s][info][gc,marking     ] GC(1079) Concurrent Clear Claimed Marks
[4099.247s][info][gc,marking     ] GC(1079) Concurrent Clear Claimed Marks 0.034ms
[4099.247s][info][gc,marking     ] GC(1079) Concurrent Cleanup for Next Mark
[4099.258s][info][gc,marking     ] GC(1079) Concurrent Cleanup for Next Mark 10.933ms
[4099.258s][info][gc             ] GC(1079) Concurrent Mark Cycle 1248.533ms
.[4100.469s][info][gc,start       ] GC(1080) Pause Young (Prepare Mixed) (G1 Evacuation Pause)
[4100.469s][info][gc,task        ] GC(1080) Using 6 workers of 6 for evacuation
[4100.588s][info][gc,phases      ] GC(1080)   Pre Evacuate Collection Set: 0.38ms
[4100.588s][info][gc,phases      ] GC(1080)   Merge Heap Roots: 0.51ms
[4100.588s][info][gc,phases      ] GC(1080)   Evacuate Collection Set: 116.30ms
[4100.588s][info][gc,phases      ] GC(1080)   Post Evacuate Collection Set: 0.92ms
[4100.588s][info][gc,phases      ] GC(1080)   Other: 0.84ms
[4100.588s][info][gc,heap        ] GC(1080) Eden regions: 1120->0(1106)
[4100.588s][info][gc,heap        ] GC(1080) Survivor regions: 108->111(154)
[4100.588s][info][gc,heap        ] GC(1080) Old regions: 505->537
[4100.588s][info][gc,heap        ] GC(1080) Humongous regions: 80->80
[4100.588s][info][gc,metaspace   ] GC(1080) Metaspace: 28863K(29248K)->28863K(29248K) NonClass: 23996K(24192K)->23996K(24192K) Class: 4867K(5056K)->4867K(5056K)
[4100.588s][info][gc             ] GC(1080) Pause Young (Prepare Mixed) (G1 Evacuation Pause) 3625M->1454M(4096M) 119.092ms
[4100.588s][info][gc,cpu         ] GC(1080) User=0.69s Sys=0.01s Real=0.12s
...[4103.056s][info][gc,start       ] GC(1081) Pause Young (Mixed) (G1 Evacuation Pause)
[4103.056s][info][gc,task        ] GC(1081) Using 6 workers of 6 for evacuation
[4103.194s][info][gc,phases      ] GC(1081)   Pre Evacuate Collection Set: 0.37ms
[4103.194s][info][gc,phases      ] GC(1081)   Merge Heap Roots: 0.81ms
[4103.194s][info][gc,phases      ] GC(1081)   Evacuate Collection Set: 135.41ms
[4103.194s][info][gc,phases      ] GC(1081)   Post Evacuate Collection Set: 0.97ms
[4103.194s][info][gc,phases      ] GC(1081)   Other: 0.09ms
[4103.194s][info][gc,heap        ] GC(1081) Eden regions: 1106->0(1117)
[4103.194s][info][gc,heap        ] GC(1081) Survivor regions: 111->111(153)
[4103.194s][info][gc,heap        ] GC(1081) Old regions: 537->474
[4103.194s][info][gc,heap        ] GC(1081) Humongous regions: 80->80
[4103.194s][info][gc,metaspace   ] GC(1081) Metaspace: 28863K(29248K)->28863K(29248K) NonClass: 23996K(24192K)->23996K(24192K) Class: 4867K(5056K)->4867K(5056K)
[4103.194s][info][gc             ] GC(1081) Pause Young (Mixed) (G1 Evacuation Pause) 3666M->1329M(4096M) 137.789ms
[4103.194s][info][gc,cpu         ] GC(1081) User=0.82s Sys=0.00s Real=0.14s
..[4105.641s][info][gc,start       ] GC(1082) Pause Young (Concurrent Start) (G1 Evacuation Pause)
[4105.641s][info][gc,task        ] GC(1082) Using 6 workers of 6 for evacuation
[4105.760s][info][gc,phases      ] GC(1082)   Pre Evacuate Collection Set: 0.42ms
[4105.761s][info][gc,phases      ] GC(1082)   Merge Heap Roots: 0.54ms
[4105.761s][info][gc,phases      ] GC(1082)   Evacuate Collection Set: 117.13ms
[4105.761s][info][gc,phases      ] GC(1082)   Post Evacuate Collection Set: 0.89ms
[4105.761s][info][gc,phases      ] GC(1082)   Other: 0.94ms
[4105.761s][info][gc,heap        ] GC(1082) Eden regions: 1117->0(1117)
[4105.761s][info][gc,heap        ] GC(1082) Survivor regions: 111->111(154)
[4105.761s][info][gc,heap        ] GC(1082) Old regions: 474->506
[4105.761s][info][gc,heap        ] GC(1082) Humongous regions: 80->80
[4105.761s][info][gc,metaspace   ] GC(1082) Metaspace: 28863K(29248K)->28863K(29248K) NonClass: 23996K(24192K)->23996K(24192K) Class: 4867K(5056K)->4867K(5056K)
[4105.761s][info][gc             ] GC(1082) Pause Young (Concurrent Start) (G1 Evacuation Pause) 3563M->1392M(4096M) 120.049ms
[4105.761s][info][gc             ] GC(1083) Concurrent Mark Cycle
[4105.761s][info][gc,marking     ] GC(1083) Concurrent Scan Root Regions
[4105.761s][info][gc,cpu         ] GC(1082) User=0.71s Sys=0.00s Real=0.12s
.[4105.942s][info][gc,marking     ] GC(1083) Concurrent Scan Root Regions 181.777ms
[4105.942s][info][gc,marking     ] GC(1083) Concurrent Mark
[4105.942s][info][gc,marking     ] GC(1083) Concurrent Mark From Roots
[4105.942s][info][gc,task        ] GC(1083) Using 2 workers of 2 for marking
.[4106.970s][info][gc,marking     ] GC(1083) Concurrent Mark From Roots 1027.379ms
[4106.970s][info][gc,marking     ] GC(1083) Concurrent Preclean
[4106.970s][info][gc,marking     ] GC(1083) Concurrent Preclean 0.123ms
[4106.973s][info][gc,start       ] GC(1083) Pause Remark
[4106.980s][info][gc             ] GC(1083) Pause Remark 2432M->2432M(4096M) 6.912ms
[4106.980s][info][gc,cpu         ] GC(1083) User=0.04s Sys=0.00s Real=0.01s
[4106.980s][info][gc,marking     ] GC(1083) Concurrent Mark 1037.208ms
[4106.980s][info][gc,marking     ] GC(1083) Concurrent Rebuild Remembered Sets and Scrub Regions
[4107.204s][info][gc,marking     ] GC(1083) Concurrent Rebuild Remembered Sets and Scrub Regions 224.707ms
[4107.206s][info][gc,start       ] GC(1083) Pause Cleanup
[4107.206s][info][gc             ] GC(1083) Pause Cleanup 2666M->2666M(4096M) 0.130ms
[4107.207s][info][gc,cpu         ] GC(1083) User=0.00s Sys=0.00s Real=0.00s
[4107.207s][info][gc,marking     ] GC(1083) Concurrent Clear Claimed Marks
[4107.207s][info][gc,marking     ] GC(1083) Concurrent Clear Claimed Marks 0.021ms
[4107.207s][info][gc,marking     ] GC(1083) Concurrent Cleanup for Next Mark
[4107.215s][info][gc,marking     ] GC(1083) Concurrent Cleanup for Next Mark 8.023ms
[4107.215s][info][gc             ] GC(1083) Concurrent Mark Cycle 1454.037ms
.[4108.215s][info][gc,start       ] GC(1084) Pause Young (Prepare Mixed) (G1 Evacuation Pause)
[4108.215s][info][gc,task        ] GC(1084) Using 6 workers of 6 for evacuation
[4108.333s][info][gc,phases      ] GC(1084)   Pre Evacuate Collection Set: 0.35ms
[4108.333s][info][gc,phases      ] GC(1084)   Merge Heap Roots: 0.51ms
[4108.333s][info][gc,phases      ] GC(1084)   Evacuate Collection Set: 116.16ms
[4108.333s][info][gc,phases      ] GC(1084)   Post Evacuate Collection Set: 0.91ms
[4108.333s][info][gc,phases      ] GC(1084)   Other: 0.09ms
[4108.333s][info][gc,heap        ] GC(1084) Eden regions: 1117->0(1110)
[4108.333s][info][gc,heap        ] GC(1084) Survivor regions: 111->109(154)
[4108.333s][info][gc,heap        ] GC(1084) Old regions: 506->537
[4108.333s][info][gc,heap        ] GC(1084) Humongous regions: 80->80
[4108.333s][info][gc,metaspace   ] GC(1084) Metaspace: 28863K(29248K)->28863K(29248K) NonClass: 23996K(24192K)->23996K(24192K) Class: 4867K(5056K)->4867K(5056K)
[4108.333s][info][gc             ] GC(1084) Pause Young (Prepare Mixed) (G1 Evacuation Pause) 3626M->1450M(4096M) 118.149ms
[4108.333s][info][gc,cpu         ] GC(1084) User=0.70s Sys=0.01s Real=0.12s
..[4110.742s][info][gc,start       ] GC(1085) Pause Young (Mixed) (G1 Evacuation Pause)
[4110.742s][info][gc,task        ] GC(1085) Using 6 workers of 6 for evacuation
[4110.874s][info][gc,phases      ] GC(1085)   Pre Evacuate Collection Set: 0.41ms
[4110.874s][info][gc,phases      ] GC(1085)   Merge Heap Roots: 0.72ms
[4110.874s][info][gc,phases      ] GC(1085)   Evacuate Collection Set: 128.79ms
[4110.874s][info][gc,phases      ] GC(1085)   Post Evacuate Collection Set: 0.96ms
[4110.874s][info][gc,phases      ] GC(1085)   Other: 0.84ms
[4110.874s][info][gc,heap        ] GC(1085) Eden regions: 1110->0(1121)
[4110.874s][info][gc,heap        ] GC(1085) Survivor regions: 109->107(153)
[4110.874s][info][gc,heap        ] GC(1085) Old regions: 537->474
[4110.874s][info][gc,heap        ] GC(1085) Humongous regions: 80->80
[4110.874s][info][gc,metaspace   ] GC(1085) Metaspace: 28863K(29248K)->28863K(29248K) NonClass: 23996K(24192K)->23996K(24192K) Class: 4867K(5056K)->4867K(5056K)
[4110.874s][info][gc             ] GC(1085) Pause Young (Mixed) (G1 Evacuation Pause) 3670M->1321M(4096M) 131.878ms
[4110.874s][info][gc,cpu         ] GC(1085) User=0.77s Sys=0.00s Real=0.13s
...[4113.371s][info][gc,start       ] GC(1086) Pause Young (Concurrent Start) (G1 Evacuation Pause)
[4113.371s][info][gc,task        ] GC(1086) Using 6 workers of 6 for evacuation
[4113.492s][info][gc,phases      ] GC(1086)   Pre Evacuate Collection Set: 0.41ms
[4113.492s][info][gc,phases      ] GC(1086)   Merge Heap Roots: 0.45ms
[4113.492s][info][gc,phases      ] GC(1086)   Evacuate Collection Set: 119.61ms
[4113.492s][info][gc,phases      ] GC(1086)   Post Evacuate Collection Set: 0.87ms
[4113.492s][info][gc,phases      ] GC(1086)   Other: 0.11ms
[4113.492s][info][gc,heap        ] GC(1086) Eden regions: 1121->0(1114)
[4113.492s][info][gc,heap        ] GC(1086) Survivor regions: 107->114(154)
[4113.492s][info][gc,heap        ] GC(1086) Old regions: 474->506
[4113.492s][info][gc,heap        ] GC(1086) Humongous regions: 80->80
[4113.492s][info][gc,metaspace   ] GC(1086) Metaspace: 28863K(29248K)->28863K(29248K) NonClass: 23996K(24192K)->23996K(24192K) Class: 4867K(5056K)->4867K(5056K)
[4113.492s][info][gc             ] GC(1086) Pause Young (Concurrent Start) (G1 Evacuation Pause) 3563M->1397M(4096M) 121.576ms
[4113.492s][info][gc             ] GC(1087) Concurrent Mark Cycle
[4113.492s][info][gc,marking     ] GC(1087) Concurrent Scan Root Regions
[4113.492s][info][gc,cpu         ] GC(1086) User=0.72s Sys=0.00s Real=0.12s
[4113.635s][info][gc,marking     ] GC(1087) Concurrent Scan Root Regions 142.664ms
[4113.635s][info][gc,marking     ] GC(1087) Concurrent Mark
[4113.635s][info][gc,marking     ] GC(1087) Concurrent Mark From Roots
[4113.635s][info][gc,task        ] GC(1087) Using 2 workers of 2 for marking
.[4114.396s][info][gc,marking     ] GC(1087) Concurrent Mark From Roots 760.936ms
[4114.396s][info][gc,marking     ] GC(1087) Concurrent Preclean
[4114.396s][info][gc,marking     ] GC(1087) Concurrent Preclean 0.123ms
[4114.399s][info][gc,start       ] GC(1087) Pause Remark
[4114.403s][info][gc             ] GC(1087) Pause Remark 2171M->2171M(4096M) 4.550ms
[4114.403s][info][gc,cpu         ] GC(1087) User=0.02s Sys=0.00s Real=0.00s
[4114.404s][info][gc,marking     ] GC(1087) Concurrent Mark 768.399ms
[4114.404s][info][gc,marking     ] GC(1087) Concurrent Rebuild Remembered Sets and Scrub Regions
[4114.677s][info][gc,marking     ] GC(1087) Concurrent Rebuild Remembered Sets and Scrub Regions 273.246ms
[4114.677s][info][gc,start       ] GC(1087) Pause Cleanup
[4114.677s][info][gc             ] GC(1087) Pause Cleanup 2437M->2437M(4096M) 0.116ms
[4114.677s][info][gc,cpu         ] GC(1087) User=0.00s Sys=0.00s Real=0.00s
[4114.678s][info][gc,marking     ] GC(1087) Concurrent Clear Claimed Marks
[4114.678s][info][gc,marking     ] GC(1087) Concurrent Clear Claimed Marks 0.018ms
[4114.678s][info][gc,marking     ] GC(1087) Concurrent Cleanup for Next Mark
[4114.684s][info][gc,marking     ] GC(1087) Concurrent Cleanup for Next Mark 6.734ms
[4114.684s][info][gc             ] GC(1087) Concurrent Mark Cycle 1191.890ms
..[4115.942s][info][gc,start       ] GC(1088) Pause Young (Prepare Mixed) (G1 Evacuation Pause)
[4115.942s][info][gc,task        ] GC(1088) Using 6 workers of 6 for evacuation
[4116.068s][info][gc,phases      ] GC(1088)   Pre Evacuate Collection Set: 0.33ms
[4116.068s][info][gc,phases      ] GC(1088)   Merge Heap Roots: 0.63ms
[4116.068s][info][gc,phases      ] GC(1088)   Evacuate Collection Set: 123.18ms
[4116.068s][info][gc,phases      ] GC(1088)   Post Evacuate Collection Set: 0.90ms
[4116.068s][info][gc,phases      ] GC(1088)   Other: 0.09ms
[4116.068s][info][gc,heap        ] GC(1088) Eden regions: 1114->0(1101)
[4116.068s][info][gc,heap        ] GC(1088) Survivor regions: 114->113(154)
[4116.068s][info][gc,heap        ] GC(1088) Old regions: 506->538
[4116.068s][info][gc,heap        ] GC(1088) Humongous regions: 80->80
[4116.068s][info][gc,metaspace   ] GC(1088) Metaspace: 28863K(29248K)->28863K(29248K) NonClass: 23996K(24192K)->23996K(24192K) Class: 4867K(5056K)->4867K(5056K)
[4116.068s][info][gc             ] GC(1088) Pause Young (Prepare Mixed) (G1 Evacuation Pause) 3625M->1460M(4096M) 125.289ms
[4116.068s][info][gc,cpu         ] GC(1088) User=0.74s Sys=0.00s Real=0.12s
..[4118.482s][info][gc,start       ] GC(1089) Pause Young (Mixed) (G1 Evacuation Pause)
[4118.482s][info][gc,task        ] GC(1089) Using 6 workers of 6 for evacuation
[4118.620s][info][gc,phases      ] GC(1089)   Pre Evacuate Collection Set: 0.38ms
[4118.620s][info][gc,phases      ] GC(1089)   Merge Heap Roots: 0.61ms
[4118.620s][info][gc,phases      ] GC(1089)   Evacuate Collection Set: 135.54ms
[4118.620s][info][gc,phases      ] GC(1089)   Post Evacuate Collection Set: 0.87ms
[4118.620s][info][gc,phases      ] GC(1089)   Other: 0.09ms
[4118.620s][info][gc,heap        ] GC(1089) Eden regions: 1101->0(1114)
[4118.620s][info][gc,heap        ] GC(1089) Survivor regions: 113->114(152)
[4118.620s][info][gc,heap        ] GC(1089) Old regions: 538->474
[4118.620s][info][gc,heap        ] GC(1089) Humongous regions: 80->80
[4118.620s][info][gc,metaspace   ] GC(1089) Metaspace: 28863K(29248K)->28863K(29248K) NonClass: 23996K(24192K)->23996K(24192K) Class: 4867K(5056K)->4867K(5056K)
[4118.620s][info][gc             ] GC(1089) Pause Young (Mixed) (G1 Evacuation Pause) 3662M->1334M(4096M) 137.626ms
[4118.620s][info][gc,cpu         ] GC(1089) User=0.81s Sys=0.00s Real=0.14s
...[4121.031s][info][gc,start       ] GC(1090) Pause Young (Concurrent Start) (G1 Evacuation Pause)
[4121.031s][info][gc,task        ] GC(1090) Using 6 workers of 6 for evacuation
[4121.153s][info][gc,phases      ] GC(1090)   Pre Evacuate Collection Set: 0.39ms
[4121.153s][info][gc,phases      ] GC(1090)   Merge Heap Roots: 0.46ms
[4121.153s][info][gc,phases      ] GC(1090)   Evacuate Collection Set: 120.29ms
[4121.153s][info][gc,phases      ] GC(1090)   Post Evacuate Collection Set: 0.75ms
[4121.153s][info][gc,phases      ] GC(1090)   Other: 0.11ms
[4121.153s][info][gc,heap        ] GC(1090) Eden regions: 1114->0(1115)
[4121.153s][info][gc,heap        ] GC(1090) Survivor regions: 114->113(154)
[4121.153s][info][gc,heap        ] GC(1090) Old regions: 474->506
[4121.153s][info][gc,heap        ] GC(1090) Humongous regions: 80->80
[4121.153s][info][gc,metaspace   ] GC(1090) Metaspace: 28863K(29248K)->28863K(29248K) NonClass: 23996K(24192K)->23996K(24192K) Class: 4867K(5056K)->4867K(5056K)
[4121.153s][info][gc             ] GC(1090) Pause Young (Concurrent Start) (G1 Evacuation Pause) 3562M->1396M(4096M) 122.132ms
[4121.153s][info][gc             ] GC(1091) Concurrent Mark Cycle
[4121.153s][info][gc,marking     ] GC(1091) Concurrent Scan Root Regions
[4121.153s][info][gc,cpu         ] GC(1090) User=0.72s Sys=0.01s Real=0.12s
[4121.368s][info][gc,marking     ] GC(1091) Concurrent Scan Root Regions 214.772ms
[4121.368s][info][gc,marking     ] GC(1091) Concurrent Mark
[4121.368s][info][gc,marking     ] GC(1091) Concurrent Mark From Roots
[4121.368s][info][gc,task        ] GC(1091) Using 2 workers of 2 for marking
.[4122.404s][info][gc,marking     ] GC(1091) Concurrent Mark From Roots 1036.204ms
[4122.404s][info][gc,marking     ] GC(1091) Concurrent Preclean
[4122.404s][info][gc,marking     ] GC(1091) Concurrent Preclean 0.152ms
[4122.405s][info][gc,start       ] GC(1091) Pause Remark
[4122.411s][info][gc             ] GC(1091) Pause Remark 2588M->2588M(4096M) 6.511ms
[4122.411s][info][gc,cpu         ] GC(1091) User=0.04s Sys=0.00s Real=0.01s
[4122.411s][info][gc,marking     ] GC(1091) Concurrent Mark 1043.157ms
[4122.411s][info][gc,marking     ] GC(1091) Concurrent Rebuild Remembered Sets and Scrub Regions
[4122.759s][info][gc,marking     ] GC(1091) Concurrent Rebuild Remembered Sets and Scrub Regions 347.955ms
[4122.759s][info][gc,start       ] GC(1091) Pause Cleanup
[4122.760s][info][gc             ] GC(1091) Pause Cleanup 2919M->2919M(4096M) 0.123ms
[4122.760s][info][gc,cpu         ] GC(1091) User=0.00s Sys=0.00s Real=0.00s
[4122.760s][info][gc,marking     ] GC(1091) Concurrent Clear Claimed Marks
[4122.760s][info][gc,marking     ] GC(1091) Concurrent Clear Claimed Marks 0.052ms
[4122.760s][info][gc,marking     ] GC(1091) Concurrent Cleanup for Next Mark
[4122.766s][info][gc,marking     ] GC(1091) Concurrent Cleanup for Next Mark 6.111ms
[4122.766s][info][gc             ] GC(1091) Concurrent Mark Cycle 1612.917ms
.[4123.565s][info][gc,start       ] GC(1092) Pause Young (Prepare Mixed) (G1 Evacuation Pause)
[4123.565s][info][gc,task        ] GC(1092) Using 6 workers of 6 for evacuation
[4123.685s][info][gc,phases      ] GC(1092)   Pre Evacuate Collection Set: 0.34ms
[4123.685s][info][gc,phases      ] GC(1092)   Merge Heap Roots: 0.56ms
[4123.685s][info][gc,phases      ] GC(1092)   Evacuate Collection Set: 117.43ms
[4123.685s][info][gc,phases      ] GC(1092)   Post Evacuate Collection Set: 0.98ms
[4123.685s][info][gc,phases      ] GC(1092)   Other: 0.10ms
[4123.685s][info][gc,heap        ] GC(1092) Eden regions: 1115->0(1101)
[4123.685s][info][gc,heap        ] GC(1092) Survivor regions: 113->113(154)
[4123.685s][info][gc,heap        ] GC(1092) Old regions: 506->538
[4123.685s][info][gc,heap        ] GC(1092) Humongous regions: 80->80
[4123.685s][info][gc,metaspace   ] GC(1092) Metaspace: 28863K(29248K)->28863K(29248K) NonClass: 23996K(24192K)->23996K(24192K) Class: 4867K(5056K)->4867K(5056K)
[4123.685s][info][gc             ] GC(1092) Pause Young (Prepare Mixed) (G1 Evacuation Pause) 3626M->1460M(4096M) 119.547ms
[4123.685s][info][gc,cpu         ] GC(1092) User=0.71s Sys=0.00s Real=0.12s
...[4126.103s][info][gc,start       ] GC(1093) Pause Young (Mixed) (G1 Evacuation Pause)
[4126.103s][info][gc,task        ] GC(1093) Using 6 workers of 6 for evacuation
[4126.239s][info][gc,phases      ] GC(1093)   Pre Evacuate Collection Set: 0.36ms
[4126.239s][info][gc,phases      ] GC(1093)   Merge Heap Roots: 0.76ms
[4126.239s][info][gc,phases      ] GC(1093)   Evacuate Collection Set: 134.42ms
[4126.239s][info][gc,phases      ] GC(1093)   Post Evacuate Collection Set: 0.96ms
[4126.239s][info][gc,phases      ] GC(1093)   Other: 0.09ms
[4126.239s][info][gc,heap        ] GC(1093) Eden regions: 1101->0(1117)
[4126.239s][info][gc,heap        ] GC(1093) Survivor regions: 113->111(152)
[4126.239s][info][gc,heap        ] GC(1093) Old regions: 538->473
[4126.239s][info][gc,heap        ] GC(1093) Humongous regions: 80->80
[4126.239s][info][gc,metaspace   ] GC(1093) Metaspace: 28863K(29248K)->28863K(29248K) NonClass: 23996K(24192K)->23996K(24192K) Class: 4867K(5056K)->4867K(5056K)
[4126.239s][info][gc             ] GC(1093) Pause Young (Mixed) (G1 Evacuation Pause) 3662M->1327M(4096M) 136.746ms
[4126.239s][info][gc,cpu         ] GC(1093) User=0.81s Sys=0.00s Real=0.14s
..[4128.710s][info][gc,start       ] GC(1094) Pause Young (Concurrent Start) (G1 Evacuation Pause)
[4128.710s][info][gc,task        ] GC(1094) Using 6 workers of 6 for evacuation
[4128.826s][info][gc,phases      ] GC(1094)   Pre Evacuate Collection Set: 0.39ms
[4128.826s][info][gc,phases      ] GC(1094)   Merge Heap Roots: 0.50ms
[4128.826s][info][gc,phases      ] GC(1094)   Evacuate Collection Set: 113.72ms
[4128.826s][info][gc,phases      ] GC(1094)   Post Evacuate Collection Set: 0.87ms
[4128.826s][info][gc,phases      ] GC(1094)   Other: 0.14ms
[4128.826s][info][gc,heap        ] GC(1094) Eden regions: 1117->0(1121)
[4128.826s][info][gc,heap        ] GC(1094) Survivor regions: 111->107(154)
[4128.826s][info][gc,heap        ] GC(1094) Old regions: 473->505
[4128.826s][info][gc,heap        ] GC(1094) Humongous regions: 80->80
[4128.826s][info][gc,metaspace   ] GC(1094) Metaspace: 28863K(29248K)->28863K(29248K) NonClass: 23996K(24192K)->23996K(24192K) Class: 4867K(5056K)->4867K(5056K)
[4128.826s][info][gc             ] GC(1094) Pause Young (Concurrent Start) (G1 Evacuation Pause) 3561M->1383M(4096M) 115.763ms
[4128.826s][info][gc             ] GC(1095) Concurrent Mark Cycle
[4128.826s][info][gc,marking     ] GC(1095) Concurrent Scan Root Regions
[4128.826s][info][gc,cpu         ] GC(1094) User=0.69s Sys=0.00s Real=0.11s
[4129.007s][info][gc,marking     ] GC(1095) Concurrent Scan Root Regions 180.626ms
[4129.007s][info][gc,marking     ] GC(1095) Concurrent Mark
[4129.007s][info][gc,marking     ] GC(1095) Concurrent Mark From Roots
[4129.007s][info][gc,task        ] GC(1095) Using 2 workers of 2 for marking
.[4129.975s][info][gc,marking     ] GC(1095) Concurrent Mark From Roots 968.548ms
[4129.975s][info][gc,marking     ] GC(1095) Concurrent Preclean
[4129.975s][info][gc,marking     ] GC(1095) Concurrent Preclean 0.171ms
[4129.976s][info][gc,start       ] GC(1095) Pause Remark
[4129.982s][info][gc             ] GC(1095) Pause Remark 2389M->2389M(4096M) 6.042ms
[4129.982s][info][gc,cpu         ] GC(1095) User=0.03s Sys=0.00s Real=0.01s
[4129.982s][info][gc,marking     ] GC(1095) Concurrent Mark 975.601ms
[4129.982s][info][gc,marking     ] GC(1095) Concurrent Rebuild Remembered Sets and Scrub Regions
.[4130.213s][info][gc,marking     ] GC(1095) Concurrent Rebuild Remembered Sets and Scrub Regions 230.670ms
[4130.213s][info][gc,start       ] GC(1095) Pause Cleanup
[4130.213s][info][gc             ] GC(1095) Pause Cleanup 2575M->2575M(4096M) 0.116ms
[4130.213s][info][gc,cpu         ] GC(1095) User=0.00s Sys=0.00s Real=0.00s
[4130.214s][info][gc,marking     ] GC(1095) Concurrent Clear Claimed Marks
[4130.214s][info][gc,marking     ] GC(1095) Concurrent Clear Claimed Marks 0.031ms
[4130.214s][info][gc,marking     ] GC(1095) Concurrent Cleanup for Next Mark
[4130.220s][info][gc,marking     ] GC(1095) Concurrent Cleanup for Next Mark 6.305ms
[4130.220s][info][gc             ] GC(1095) Concurrent Mark Cycle 1394.129ms
.[4131.290s][info][gc,start       ] GC(1096) Pause Young (Prepare Mixed) (G1 Evacuation Pause)
[4131.290s][info][gc,task        ] GC(1096) Using 6 workers of 6 for evacuation
[4131.411s][info][gc,phases      ] GC(1096)   Pre Evacuate Collection Set: 0.34ms
[4131.411s][info][gc,phases      ] GC(1096)   Merge Heap Roots: 0.49ms
[4131.411s][info][gc,phases      ] GC(1096)   Evacuate Collection Set: 119.22ms
[4131.411s][info][gc,phases      ] GC(1096)   Post Evacuate Collection Set: 0.96ms
[4131.411s][info][gc,phases      ] GC(1096)   Other: 0.08ms
[4131.411s][info][gc,heap        ] GC(1096) Eden regions: 1121->0(1100)
[4131.411s][info][gc,heap        ] GC(1096) Survivor regions: 107->114(154)
[4131.411s][info][gc,heap        ] GC(1096) Old regions: 505->537
[4131.411s][info][gc,heap        ] GC(1096) Humongous regions: 80->80
[4131.411s][info][gc,metaspace   ] GC(1096) Metaspace: 28863K(29248K)->28863K(29248K) NonClass: 23996K(24192K)->23996K(24192K) Class: 4867K(5056K)->4867K(5056K)
[4131.411s][info][gc             ] GC(1096) Pause Young (Prepare Mixed) (G1 Evacuation Pause) 3625M->1460M(4096M) 121.232ms
[4131.411s][info][gc,cpu         ] GC(1096) User=0.72s Sys=0.01s Real=0.12s
..[4133.747s][info][gc,start       ] GC(1097) Pause Young (Mixed) (G1 Evacuation Pause)
[4133.747s][info][gc,task        ] GC(1097) Using 6 workers of 6 for evacuation
[4133.886s][info][gc,phases      ] GC(1097)   Pre Evacuate Collection Set: 0.36ms
[4133.886s][info][gc,phases      ] GC(1097)   Merge Heap Roots: 0.76ms
[4133.886s][info][gc,phases      ] GC(1097)   Evacuate Collection Set: 136.52ms
[4133.886s][info][gc,phases      ] GC(1097)   Post Evacuate Collection Set: 0.94ms
[4133.886s][info][gc,phases      ] GC(1097)   Other: 0.10ms
[4133.886s][info][gc,heap        ] GC(1097) Eden regions: 1100->0(1117)
[4133.886s][info][gc,heap        ] GC(1097) Survivor regions: 114->111(152)
[4133.886s][info][gc,heap        ] GC(1097) Old regions: 537->475
[4133.886s][info][gc,heap        ] GC(1097) Humongous regions: 80->80
[4133.886s][info][gc,metaspace   ] GC(1097) Metaspace: 28863K(29248K)->28863K(29248K) NonClass: 23996K(24192K)->23996K(24192K) Class: 4867K(5056K)->4867K(5056K)
[4133.886s][info][gc             ] GC(1097) Pause Young (Mixed) (G1 Evacuation Pause) 3660M->1330M(4096M) 138.832ms
[4133.886s][info][gc,cpu         ] GC(1097) User=0.82s Sys=0.00s Real=0.14s
...[4136.358s][info][gc,start       ] GC(1098) Pause Young (Concurrent Start) (G1 Evacuation Pause)
[4136.358s][info][gc,task        ] GC(1098) Using 6 workers of 6 for evacuation
[4136.476s][info][gc,phases      ] GC(1098)   Pre Evacuate Collection Set: 0.42ms
[4136.476s][info][gc,phases      ] GC(1098)   Merge Heap Roots: 0.50ms
[4136.476s][info][gc,phases      ] GC(1098)   Evacuate Collection Set: 116.51ms
[4136.476s][info][gc,phases      ] GC(1098)   Post Evacuate Collection Set: 0.89ms
[4136.476s][info][gc,phases      ] GC(1098)   Other: 0.12ms
[4136.476s][info][gc,heap        ] GC(1098) Eden regions: 1117->0(1119)
[4136.476s][info][gc,heap        ] GC(1098) Survivor regions: 111->109(154)
[4136.476s][info][gc,heap        ] GC(1098) Old regions: 475->507
[4136.476s][info][gc,heap        ] GC(1098) Humongous regions: 80->80
[4136.476s][info][gc,metaspace   ] GC(1098) Metaspace: 28863K(29248K)->28863K(29248K) NonClass: 23996K(24192K)->23996K(24192K) Class: 4867K(5056K)->4867K(5056K)
[4136.476s][info][gc             ] GC(1098) Pause Young (Concurrent Start) (G1 Evacuation Pause) 3564M->1390M(4096M) 118.561ms
[4136.476s][info][gc             ] GC(1099) Concurrent Mark Cycle
[4136.476s][info][gc,marking     ] GC(1099) Concurrent Scan Root Regions
[4136.476s][info][gc,cpu         ] GC(1098) User=0.70s Sys=0.00s Real=0.12s
[4136.659s][info][gc,marking     ] GC(1099) Concurrent Scan Root Regions 182.496ms
[4136.659s][info][gc,marking     ] GC(1099) Concurrent Mark
[4136.659s][info][gc,marking     ] GC(1099) Concurrent Mark From Roots
[4136.659s][info][gc,task        ] GC(1099) Using 2 workers of 2 for marking
.[4137.646s][info][gc,marking     ] GC(1099) Concurrent Mark From Roots 986.901ms
[4137.646s][info][gc,marking     ] GC(1099) Concurrent Preclean
[4137.646s][info][gc,marking     ] GC(1099) Concurrent Preclean 0.177ms
[4137.647s][info][gc,start       ] GC(1099) Pause Remark
[4137.653s][info][gc             ] GC(1099) Pause Remark 2482M->2482M(4096M) 5.823ms
[4137.653s][info][gc,cpu         ] GC(1099) User=0.03s Sys=0.01s Real=0.01s
[4137.653s][info][gc,marking     ] GC(1099) Concurrent Mark 994.277ms
[4137.653s][info][gc,marking     ] GC(1099) Concurrent Rebuild Remembered Sets and Scrub Regions
[4138.005s][info][gc,marking     ] GC(1099) Concurrent Rebuild Remembered Sets and Scrub Regions 351.851ms
[4138.005s][info][gc,start       ] GC(1099) Pause Cleanup
[4138.005s][info][gc             ] GC(1099) Pause Cleanup 2778M->2778M(4096M) 0.117ms
[4138.005s][info][gc,cpu         ] GC(1099) User=0.00s Sys=0.00s Real=0.00s
[4138.005s][info][gc,marking     ] GC(1099) Concurrent Clear Claimed Marks
[4138.005s][info][gc,marking     ] GC(1099) Concurrent Clear Claimed Marks 0.022ms
[4138.005s][info][gc,marking     ] GC(1099) Concurrent Cleanup for Next Mark
[4138.009s][info][gc,marking     ] GC(1099) Concurrent Cleanup for Next Mark 3.986ms
[4138.010s][info][gc             ] GC(1099) Concurrent Mark Cycle 1533.101ms
.[4138.904s][info][gc,start       ] GC(1100) Pause Young (Prepare Mixed) (G1 Evacuation Pause)
[4138.904s][info][gc,task        ] GC(1100) Using 6 workers of 6 for evacuation
[4139.026s][info][gc,phases      ] GC(1100)   Pre Evacuate Collection Set: 0.36ms
[4139.026s][info][gc,phases      ] GC(1100)   Merge Heap Roots: 0.52ms
[4139.026s][info][gc,phases      ] GC(1100)   Evacuate Collection Set: 119.62ms
[4139.026s][info][gc,phases      ] GC(1100)   Post Evacuate Collection Set: 0.92ms
[4139.026s][info][gc,phases      ] GC(1100)   Other: 0.09ms
[4139.026s][info][gc,heap        ] GC(1100) Eden regions: 1119->0(1104)
[4139.026s][info][gc,heap        ] GC(1100) Survivor regions: 109->112(154)
[4139.026s][info][gc,heap        ] GC(1100) Old regions: 507->537
[4139.026s][info][gc,heap        ] GC(1100) Humongous regions: 80->80
[4139.026s][info][gc,metaspace   ] GC(1100) Metaspace: 28863K(29248K)->28863K(29248K) NonClass: 23996K(24192K)->23996K(24192K) Class: 4867K(5056K)->4867K(5056K)
[4139.026s][info][gc             ] GC(1100) Pause Young (Prepare Mixed) (G1 Evacuation Pause) 3628M->1456M(4096M) 121.647ms
[4139.026s][info][gc,cpu         ] GC(1100) User=0.72s Sys=0.00s Real=0.12s
...[4141.451s][info][gc,start       ] GC(1101) Pause Young (Mixed) (G1 Evacuation Pause)
[4141.451s][info][gc,task        ] GC(1101) Using 6 workers of 6 for evacuation
[4141.586s][info][gc,phases      ] GC(1101)   Pre Evacuate Collection Set: 0.36ms
[4141.586s][info][gc,phases      ] GC(1101)   Merge Heap Roots: 0.75ms
[4141.586s][info][gc,phases      ] GC(1101)   Evacuate Collection Set: 132.73ms
[4141.586s][info][gc,phases      ] GC(1101)   Post Evacuate Collection Set: 0.96ms
[4141.586s][info][gc,phases      ] GC(1101)   Other: 0.09ms
[4141.586s][info][gc,heap        ] GC(1101) Eden regions: 1104->0(1117)
[4141.586s][info][gc,heap        ] GC(1101) Survivor regions: 112->111(152)
[4141.586s][info][gc,heap        ] GC(1101) Old regions: 537->474
[4141.586s][info][gc,heap        ] GC(1101) Humongous regions: 80->80
[4141.586s][info][gc,metaspace   ] GC(1101) Metaspace: 28863K(29248K)->28863K(29248K) NonClass: 23996K(24192K)->23996K(24192K) Class: 4867K(5056K)->4867K(5056K)
[4141.586s][info][gc             ] GC(1101) Pause Young (Mixed) (G1 Evacuation Pause) 3664M->1327M(4096M) 135.054ms
[4141.586s][info][gc,cpu         ] GC(1101) User=0.80s Sys=0.00s Real=0.13s
. (rIR:aIR:PR = 7334:7340:7340) (tPR = 109890) [OK] 
  4142s: Performance info:
         Transaction,    Success,    Partial,     Failed,   Receipts, AvgBarcode, 
             Overall,     447211,          0,          0,     424927,      59.48, 
         Response times:
             Request,    Success,    Partial,     Failed,   SkipFail,     Probes,    Samples,      min,      p50,      p90,      p95,      p99,      max, 
       TotalPurchase,     424929,          0,          0,          0,     361082,     422555,      300,     6800,    82000,   120000,   169000,   341000,
     InStorePurchase,     222776,          0,          0,          0,     189354,     221723,      300,     6700,    82000,   120000,   169000,   341000,
      OnlinePurchase,     157567,          0,          0,          0,     133204,     155628,      300,     7100,    83000,   122000,   170000,   341000,
        InstPurchase,      44586,          0,          0,          0,      38524,      45204,      300,     6400,    80000,   118000,   168000,   341000,
          AssocOfCat,        444,          0,          0,          0,        369,        536,    25000,    46000,   151300,   182000,   231630,   295000,
      AssocOfProduct,       4465,          0,          0,          0,       4078,       5034,      900,     6450,    77000,   120000,   171000,   269000,
      BusinessReport,       1118,          0,          0,          0,        982,       1258,    30000,    53000,   150000,   181050,   250690,   338000,
          CustBuyBeh,       4473,          0,          0,          0,       4091,       5003,      500,     7500,    82000,   123800,   174960,   341000,
       ProductReturn,      11785,          0,          0,          0,      10102,      11995,      300,     5100,    76000,   111000,   168040,   294000,

  4142s: (54%)   IR =   7472 .[4143.928s][info][gc,start       ] GC(1102) Pause Young (Concurrent Start) (G1 Evacuation Pause)
[4143.928s][info][gc,task        ] GC(1102) Using 6 workers of 6 for evacuation
[4144.044s][info][gc,phases      ] GC(1102)   Pre Evacuate Collection Set: 0.39ms
[4144.044s][info][gc,phases      ] GC(1102)   Merge Heap Roots: 0.48ms
[4144.044s][info][gc,phases      ] GC(1102)   Evacuate Collection Set: 113.92ms
[4144.044s][info][gc,phases      ] GC(1102)   Post Evacuate Collection Set: 0.88ms
[4144.044s][info][gc,phases      ] GC(1102)   Other: 0.12ms
[4144.044s][info][gc,heap        ] GC(1102) Eden regions: 1117->0(1120)
[4144.044s][info][gc,heap        ] GC(1102) Survivor regions: 111->108(154)
[4144.044s][info][gc,heap        ] GC(1102) Old regions: 474->505
[4144.044s][info][gc,heap        ] GC(1102) Humongous regions: 80->80
[4144.044s][info][gc,metaspace   ] GC(1102) Metaspace: 28863K(29248K)->28863K(29248K) NonClass: 23996K(24192K)->23996K(24192K) Class: 4867K(5056K)->4867K(5056K)
[4144.044s][info][gc             ] GC(1102) Pause Young (Concurrent Start) (G1 Evacuation Pause) 3561M->1384M(4096M) 115.932ms
[4144.044s][info][gc             ] GC(1103) Concurrent Mark Cycle
[4144.044s][info][gc,marking     ] GC(1103) Concurrent Scan Root Regions
[4144.044s][info][gc,cpu         ] GC(1102) User=0.69s Sys=0.00s Real=0.11s
[4144.260s][info][gc,marking     ] GC(1103) Concurrent Scan Root Regions 215.735ms
[4144.260s][info][gc,marking     ] GC(1103) Concurrent Mark
[4144.260s][info][gc,marking     ] GC(1103) Concurrent Mark From Roots
[4144.260s][info][gc,task        ] GC(1103) Using 2 workers of 2 for marking
.[4145.009s][info][gc,marking     ] GC(1103) Concurrent Mark From Roots 749.023ms
[4145.009s][info][gc,marking     ] GC(1103) Concurrent Preclean
[4145.009s][info][gc,marking     ] GC(1103) Concurrent Preclean 0.130ms
[4145.009s][info][gc,start       ] GC(1103) Pause Remark
[4145.015s][info][gc             ] GC(1103) Pause Remark 2243M->2243M(4096M) 5.946ms
[4145.015s][info][gc,cpu         ] GC(1103) User=0.03s Sys=0.00s Real=0.00s
[4145.015s][info][gc,marking     ] GC(1103) Concurrent Mark 755.393ms
[4145.015s][info][gc,marking     ] GC(1103) Concurrent Rebuild Remembered Sets and Scrub Regions
[4145.295s][info][gc,marking     ] GC(1103) Concurrent Rebuild Remembered Sets and Scrub Regions 279.484ms
[4145.299s][info][gc,start       ] GC(1103) Pause Cleanup
[4145.299s][info][gc             ] GC(1103) Pause Cleanup 2520M->2520M(4096M) 0.135ms
[4145.299s][info][gc,cpu         ] GC(1103) User=0.00s Sys=0.00s Real=0.00s
[4145.299s][info][gc,marking     ] GC(1103) Concurrent Clear Claimed Marks
[4145.299s][info][gc,marking     ] GC(1103) Concurrent Clear Claimed Marks 0.030ms
[4145.299s][info][gc,marking     ] GC(1103) Concurrent Cleanup for Next Mark
[4145.310s][info][gc,marking     ] GC(1103) Concurrent Cleanup for Next Mark 10.672ms
[4145.310s][info][gc             ] GC(1103) Concurrent Mark Cycle 1266.146ms
..[4146.471s][info][gc,start       ] GC(1104) Pause Young (Prepare Mixed) (G1 Evacuation Pause)
[4146.471s][info][gc,task        ] GC(1104) Using 6 workers of 6 for evacuation
[4146.592s][info][gc,phases      ] GC(1104)   Pre Evacuate Collection Set: 0.34ms
[4146.592s][info][gc,phases      ] GC(1104)   Merge Heap Roots: 0.51ms
[4146.592s][info][gc,phases      ] GC(1104)   Evacuate Collection Set: 118.83ms
[4146.592s][info][gc,phases      ] GC(1104)   Post Evacuate Collection Set: 0.92ms
[4146.592s][info][gc,phases      ] GC(1104)   Other: 0.09ms
[4146.592s][info][gc,heap        ] GC(1104) Eden regions: 1120->0(1106)
[4146.592s][info][gc,heap        ] GC(1104) Survivor regions: 108->111(154)
[4146.592s][info][gc,heap        ] GC(1104) Old regions: 505->537
[4146.592s][info][gc,heap        ] GC(1104) Humongous regions: 80->80
[4146.592s][info][gc,metaspace   ] GC(1104) Metaspace: 28863K(29248K)->28863K(29248K) NonClass: 23996K(24192K)->23996K(24192K) Class: 4867K(5056K)->4867K(5056K)
[4146.592s][info][gc             ] GC(1104) Pause Young (Prepare Mixed) (G1 Evacuation Pause) 3624M->1454M(4096M) 120.828ms
[4146.592s][info][gc,cpu         ] GC(1104) User=0.72s Sys=0.00s Real=0.12s
..|[4148.994s][info][gc,start       ] GC(1105) Pause Young (Mixed) (G1 Evacuation Pause)
[4148.994s][info][gc,task        ] GC(1105) Using 6 workers of 6 for evacuation
[4149.129s][info][gc,phases      ] GC(1105)   Pre Evacuate Collection Set: 0.36ms
[4149.129s][info][gc,phases      ] GC(1105)   Merge Heap Roots: 0.72ms
[4149.129s][info][gc,phases      ] GC(1105)   Evacuate Collection Set: 133.71ms
[4149.129s][info][gc,phases      ] GC(1105)   Post Evacuate Collection Set: 0.95ms
[4149.129s][info][gc,phases      ] GC(1105)   Other: 0.09ms
[4149.129s][info][gc,heap        ] GC(1105) Eden regions: 1106->0(1117)
[4149.129s][info][gc,heap        ] GC(1105) Survivor regions: 111->111(153)
[4149.129s][info][gc,heap        ] GC(1105) Old regions: 537->473
[4149.129s][info][gc,heap        ] GC(1105) Humongous regions: 80->80
[4149.129s][info][gc,metaspace   ] GC(1105) Metaspace: 28863K(29248K)->28863K(29248K) NonClass: 23996K(24192K)->23996K(24192K) Class: 4867K(5056K)->4867K(5056K)
[4149.129s][info][gc             ] GC(1105) Pause Young (Mixed) (G1 Evacuation Pause) 3666M->1325M(4096M) 135.961ms
[4149.130s][info][gc,cpu         ] GC(1105) User=0.81s Sys=0.00s Real=0.14s
...[4151.518s][info][gc,start       ] GC(1106) Pause Young (Concurrent Start) (G1 Evacuation Pause)
[4151.518s][info][gc,task        ] GC(1106) Using 6 workers of 6 for evacuation
[4151.638s][info][gc,phases      ] GC(1106)   Pre Evacuate Collection Set: 0.39ms
[4151.638s][info][gc,phases      ] GC(1106)   Merge Heap Roots: 0.44ms
[4151.638s][info][gc,phases      ] GC(1106)   Evacuate Collection Set: 118.51ms
[4151.638s][info][gc,phases      ] GC(1106)   Post Evacuate Collection Set: 0.89ms
[4151.638s][info][gc,phases      ] GC(1106)   Other: 0.12ms
[4151.638s][info][gc,heap        ] GC(1106) Eden regions: 1117->0(1117)
[4151.638s][info][gc,heap        ] GC(1106) Survivor regions: 111->111(154)
[4151.638s][info][gc,heap        ] GC(1106) Old regions: 473->505
[4151.638s][info][gc,heap        ] GC(1106) Humongous regions: 80->80
[4151.638s][info][gc,metaspace   ] GC(1106) Metaspace: 28863K(29248K)->28863K(29248K) NonClass: 23996K(24192K)->23996K(24192K) Class: 4867K(5056K)->4867K(5056K)
[4151.638s][info][gc             ] GC(1106) Pause Young (Concurrent Start) (G1 Evacuation Pause) 3559M->1391M(4096M) 120.472ms
[4151.638s][info][gc             ] GC(1107) Concurrent Mark Cycle
[4151.638s][info][gc,marking     ] GC(1107) Concurrent Scan Root Regions
[4151.638s][info][gc,cpu         ] GC(1106) User=0.71s Sys=0.01s Real=0.13s
[4151.773s][info][gc,marking     ] GC(1107) Concurrent Scan Root Regions 135.256ms
[4151.774s][info][gc,marking     ] GC(1107) Concurrent Mark
[4151.774s][info][gc,marking     ] GC(1107) Concurrent Mark From Roots
[4151.774s][info][gc,task        ] GC(1107) Using 2 workers of 2 for marking
[4152.488s][info][gc,marking     ] GC(1107) Concurrent Mark From Roots 714.602ms
[4152.488s][info][gc,marking     ] GC(1107) Concurrent Preclean
[4152.488s][info][gc,marking     ] GC(1107) Concurrent Preclean 0.147ms
[4152.490s][info][gc,start       ] GC(1107) Pause Remark
[4152.496s][info][gc             ] GC(1107) Pause Remark 2123M->2123M(4096M) 5.654ms
[4152.496s][info][gc,cpu         ] GC(1107) User=0.03s Sys=0.00s Real=0.00s
[4152.496s][info][gc,marking     ] GC(1107) Concurrent Mark 722.604ms
[4152.496s][info][gc,marking     ] GC(1107) Concurrent Rebuild Remembered Sets and Scrub Regions
.[4152.796s][info][gc,marking     ] GC(1107) Concurrent Rebuild Remembered Sets and Scrub Regions 299.469ms
[4152.797s][info][gc,start       ] GC(1107) Pause Cleanup
[4152.797s][info][gc             ] GC(1107) Pause Cleanup 2415M->2415M(4096M) 0.135ms
[4152.797s][info][gc,cpu         ] GC(1107) User=0.00s Sys=0.00s Real=0.00s
[4152.797s][info][gc,marking     ] GC(1107) Concurrent Clear Claimed Marks
[4152.797s][info][gc,marking     ] GC(1107) Concurrent Clear Claimed Marks 0.029ms
[4152.797s][info][gc,marking     ] GC(1107) Concurrent Cleanup for Next Mark
[4152.804s][info][gc,marking     ] GC(1107) Concurrent Cleanup for Next Mark 7.051ms
[4152.804s][info][gc             ] GC(1107) Concurrent Mark Cycle 1166.293ms
.[4153.984s][info][gc,start       ] GC(1108) Pause Young (Prepare Mixed) (G1 Evacuation Pause)
[4153.984s][info][gc,task        ] GC(1108) Using 6 workers of 6 for evacuation
[4154.106s][info][gc,phases      ] GC(1108)   Pre Evacuate Collection Set: 0.33ms
[4154.106s][info][gc,phases      ] GC(1108)   Merge Heap Roots: 0.63ms
[4154.106s][info][gc,phases      ] GC(1108)   Evacuate Collection Set: 120.07ms
[4154.106s][info][gc,phases      ] GC(1108)   Post Evacuate Collection Set: 0.94ms
[4154.106s][info][gc,phases      ] GC(1108)   Other: 0.09ms
[4154.106s][info][gc,heap        ] GC(1108) Eden regions: 1117->0(1108)
[4154.106s][info][gc,heap        ] GC(1108) Survivor regions: 111->110(154)
[4154.106s][info][gc,heap        ] GC(1108) Old regions: 505->537
[4154.106s][info][gc,heap        ] GC(1108) Humongous regions: 80->80
[4154.106s][info][gc,metaspace   ] GC(1108) Metaspace: 28863K(29248K)->28863K(29248K) NonClass: 23996K(24192K)->23996K(24192K) Class: 4867K(5056K)->4867K(5056K)
[4154.106s][info][gc             ] GC(1108) Pause Young (Prepare Mixed) (G1 Evacuation Pause) 3625M->1453M(4096M) 122.184ms
[4154.106s][info][gc,cpu         ] GC(1108) User=0.72s Sys=0.01s Real=0.12s
..[4156.511s][info][gc,start       ] GC(1109) Pause Young (Mixed) (G1 Evacuation Pause)
[4156.511s][info][gc,task        ] GC(1109) Using 6 workers of 6 for evacuation
[4156.651s][info][gc,phases      ] GC(1109)   Pre Evacuate Collection Set: 0.43ms
[4156.651s][info][gc,phases      ] GC(1109)   Merge Heap Roots: 0.90ms
[4156.651s][info][gc,phases      ] GC(1109)   Evacuate Collection Set: 137.27ms
[4156.651s][info][gc,phases      ] GC(1109)   Post Evacuate Collection Set: 0.95ms
[4156.651s][info][gc,phases      ] GC(1109)   Other: 0.91ms
[4156.651s][info][gc,heap        ] GC(1109) Eden regions: 1108->0(1115)
[4156.651s][info][gc,heap        ] GC(1109) Survivor regions: 110->113(153)
[4156.651s][info][gc,heap        ] GC(1109) Old regions: 537->474
[4156.651s][info][gc,heap        ] GC(1109) Humongous regions: 80->80
[4156.651s][info][gc,metaspace   ] GC(1109) Metaspace: 28863K(29248K)->28863K(29248K) NonClass: 23996K(24192K)->23996K(24192K) Class: 4867K(5056K)->4867K(5056K)
[4156.652s][info][gc             ] GC(1109) Pause Young (Mixed) (G1 Evacuation Pause) 3669M->1331M(4096M) 140.593ms
[4156.652s][info][gc,cpu         ] GC(1109) User=0.82s Sys=0.00s Real=0.14s
...[4158.992s][info][gc,start       ] GC(1110) Pause Young (Concurrent Start) (G1 Evacuation Pause)
[4158.992s][info][gc,task        ] GC(1110) Using 6 workers of 6 for evacuation
[4159.112s][info][gc,phases      ] GC(1110)   Pre Evacuate Collection Set: 0.39ms
[4159.112s][info][gc,phases      ] GC(1110)   Merge Heap Roots: 0.46ms
[4159.112s][info][gc,phases      ] GC(1110)   Evacuate Collection Set: 118.32ms
[4159.112s][info][gc,phases      ] GC(1110)   Post Evacuate Collection Set: 0.86ms
[4159.112s][info][gc,phases      ] GC(1110)   Other: 0.10ms
[4159.112s][info][gc,heap        ] GC(1110) Eden regions: 1115->0(1117)
[4159.112s][info][gc,heap        ] GC(1110) Survivor regions: 113->111(154)
[4159.112s][info][gc,heap        ] GC(1110) Old regions: 474->505
[4159.112s][info][gc,heap        ] GC(1110) Humongous regions: 80->80
[4159.112s][info][gc,metaspace   ] GC(1110) Metaspace: 28863K(29248K)->28863K(29248K) NonClass: 23996K(24192K)->23996K(24192K) Class: 4867K(5056K)->4867K(5056K)
[4159.112s][info][gc             ] GC(1110) Pause Young (Concurrent Start) (G1 Evacuation Pause) 3561M->1390M(4096M) 120.259ms
[4159.112s][info][gc             ] GC(1111) Concurrent Mark Cycle
[4159.112s][info][gc,marking     ] GC(1111) Concurrent Scan Root Regions
[4159.112s][info][gc,cpu         ] GC(1110) User=0.71s Sys=0.01s Real=0.12s
[4159.286s][info][gc,marking     ] GC(1111) Concurrent Scan Root Regions 173.669ms
[4159.286s][info][gc,marking     ] GC(1111) Concurrent Mark
[4159.286s][info][gc,marking     ] GC(1111) Concurrent Mark From Roots
[4159.286s][info][gc,task        ] GC(1111) Using 2 workers of 2 for marking
.[4160.274s][info][gc,marking     ] GC(1111) Concurrent Mark From Roots 988.328ms
[4160.274s][info][gc,marking     ] GC(1111) Concurrent Preclean
[4160.275s][info][gc,marking     ] GC(1111) Concurrent Preclean 0.130ms
[4160.277s][info][gc,start       ] GC(1111) Pause Remark
[4160.284s][info][gc             ] GC(1111) Pause Remark 2466M->2466M(4096M) 6.021ms
[4160.284s][info][gc,cpu         ] GC(1111) User=0.03s Sys=0.01s Real=0.01s
[4160.284s][info][gc,marking     ] GC(1111) Concurrent Mark 997.653ms
[4160.284s][info][gc,marking     ] GC(1111) Concurrent Rebuild Remembered Sets and Scrub Regions
[4160.649s][info][gc,marking     ] GC(1111) Concurrent Rebuild Remembered Sets and Scrub Regions 365.106ms
[4160.650s][info][gc,start       ] GC(1111) Pause Cleanup
[4160.650s][info][gc             ] GC(1111) Pause Cleanup 2784M->2784M(4096M) 0.129ms
[4160.650s][info][gc,cpu         ] GC(1111) User=0.00s Sys=0.00s Real=0.00s
[4160.650s][info][gc,marking     ] GC(1111) Concurrent Clear Claimed Marks
[4160.650s][info][gc,marking     ] GC(1111) Concurrent Clear Claimed Marks 0.037ms
[4160.650s][info][gc,marking     ] GC(1111) Concurrent Cleanup for Next Mark
[4160.691s][info][gc,marking     ] GC(1111) Concurrent Cleanup for Next Mark 40.902ms
[4160.691s][info][gc             ] GC(1111) Concurrent Mark Cycle 1579.190ms
.[4161.532s][info][gc,start       ] GC(1112) Pause Young (Prepare Mixed) (G1 Evacuation Pause)
[4161.532s][info][gc,task        ] GC(1112) Using 6 workers of 6 for evacuation
[4161.651s][info][gc,phases      ] GC(1112)   Pre Evacuate Collection Set: 0.35ms
[4161.651s][info][gc,phases      ] GC(1112)   Merge Heap Roots: 0.64ms
[4161.651s][info][gc,phases      ] GC(1112)   Evacuate Collection Set: 117.07ms
[4161.651s][info][gc,phases      ] GC(1112)   Post Evacuate Collection Set: 0.94ms
[4161.651s][info][gc,phases      ] GC(1112)   Other: 0.81ms
[4161.651s][info][gc,heap        ] GC(1112) Eden regions: 1117->0(1105)
[4161.651s][info][gc,heap        ] GC(1112) Survivor regions: 111->111(154)
[4161.651s][info][gc,heap        ] GC(1112) Old regions: 505->538
[4161.651s][info][gc,heap        ] GC(1112) Humongous regions: 80->80
[4161.651s][info][gc,metaspace   ] GC(1112) Metaspace: 28863K(29248K)->28863K(29248K) NonClass: 23996K(24192K)->23996K(24192K) Class: 4867K(5056K)->4867K(5056K)
[4161.651s][info][gc             ] GC(1112) Pause Young (Prepare Mixed) (G1 Evacuation Pause) 3624M->1456M(4096M) 119.936ms
[4161.652s][info][gc,cpu         ] GC(1112) User=0.71s Sys=0.00s Real=0.12s
...[4164.037s][info][gc,start       ] GC(1113) Pause Young (Mixed) (G1 Evacuation Pause)
[4164.037s][info][gc,task        ] GC(1113) Using 6 workers of 6 for evacuation
[4164.170s][info][gc,phases      ] GC(1113)   Pre Evacuate Collection Set: 0.38ms
[4164.170s][info][gc,phases      ] GC(1113)   Merge Heap Roots: 0.71ms
[4164.170s][info][gc,phases      ] GC(1113)   Evacuate Collection Set: 131.11ms
[4164.170s][info][gc,phases      ] GC(1113)   Post Evacuate Collection Set: 0.93ms
[4164.170s][info][gc,phases      ] GC(1113)   Other: 0.09ms
[4164.170s][info][gc,heap        ] GC(1113) Eden regions: 1105->0(1119)
[4164.170s][info][gc,heap        ] GC(1113) Survivor regions: 111->109(152)
[4164.170s][info][gc,heap        ] GC(1113) Old regions: 538->475
[4164.170s][info][gc,heap        ] GC(1113) Humongous regions: 80->80
[4164.170s][info][gc,metaspace   ] GC(1113) Metaspace: 28863K(29248K)->28863K(29248K) NonClass: 23996K(24192K)->23996K(24192K) Class: 4867K(5056K)->4867K(5056K)
[4164.170s][info][gc             ] GC(1113) Pause Young (Mixed) (G1 Evacuation Pause) 3666M->1326M(4096M) 133.356ms
[4164.170s][info][gc,cpu         ] GC(1113) User=0.79s Sys=0.01s Real=0.14s
..[4166.536s][info][gc,start       ] GC(1114) Pause Young (Concurrent Start) (G1 Evacuation Pause)
[4166.536s][info][gc,task        ] GC(1114) Using 6 workers of 6 for evacuation
[4166.654s][info][gc,phases      ] GC(1114)   Pre Evacuate Collection Set: 0.45ms
[4166.654s][info][gc,phases      ] GC(1114)   Merge Heap Roots: 0.56ms
[4166.654s][info][gc,phases      ] GC(1114)   Evacuate Collection Set: 115.51ms
[4166.654s][info][gc,phases      ] GC(1114)   Post Evacuate Collection Set: 0.89ms
[4166.654s][info][gc,phases      ] GC(1114)   Other: 0.93ms
[4166.654s][info][gc,heap        ] GC(1114) Eden regions: 1119->0(1118)
[4166.654s][info][gc,heap        ] GC(1114) Survivor regions: 109->110(154)
[4166.654s][info][gc,heap        ] GC(1114) Old regions: 475->507
[4166.654s][info][gc,heap        ] GC(1114) Humongous regions: 80->80
[4166.654s][info][gc,metaspace   ] GC(1114) Metaspace: 28863K(29248K)->28863K(29248K) NonClass: 23996K(24192K)->23996K(24192K) Class: 4867K(5056K)->4867K(5056K)
[4166.654s][info][gc             ] GC(1114) Pause Young (Concurrent Start) (G1 Evacuation Pause) 3564M->1391M(4096M) 118.474ms
[4166.654s][info][gc             ] GC(1115) Concurrent Mark Cycle
[4166.654s][info][gc,marking     ] GC(1115) Concurrent Scan Root Regions
[4166.654s][info][gc,cpu         ] GC(1114) User=0.69s Sys=0.00s Real=0.12s
.[4166.838s][info][gc,marking     ] GC(1115) Concurrent Scan Root Regions 183.656ms
[4166.838s][info][gc,marking     ] GC(1115) Concurrent Mark
[4166.838s][info][gc,marking     ] GC(1115) Concurrent Mark From Roots
[4166.838s][info][gc,task        ] GC(1115) Using 2 workers of 2 for marking
.[4167.858s][info][gc,marking     ] GC(1115) Concurrent Mark From Roots 1020.195ms
[4167.858s][info][gc,marking     ] GC(1115) Concurrent Preclean
[4167.859s][info][gc,marking     ] GC(1115) Concurrent Preclean 0.123ms
[4167.860s][info][gc,start       ] GC(1115) Pause Remark
[4167.867s][info][gc             ] GC(1115) Pause Remark 2465M->2465M(4096M) 6.691ms
[4167.867s][info][gc,cpu         ] GC(1115) User=0.04s Sys=0.00s Real=0.00s
[4167.867s][info][gc,marking     ] GC(1115) Concurrent Mark 1028.543ms
[4167.867s][info][gc,marking     ] GC(1115) Concurrent Rebuild Remembered Sets and Scrub Regions
[4168.182s][info][gc,marking     ] GC(1115) Concurrent Rebuild Remembered Sets and Scrub Regions 315.651ms
[4168.185s][info][gc,start       ] GC(1115) Pause Cleanup
[4168.185s][info][gc             ] GC(1115) Pause Cleanup 2769M->2769M(4096M) 0.150ms
[4168.185s][info][gc,cpu         ] GC(1115) User=0.00s Sys=0.00s Real=0.00s
[4168.185s][info][gc,marking     ] GC(1115) Concurrent Clear Claimed Marks
[4168.186s][info][gc,marking     ] GC(1115) Concurrent Clear Claimed Marks 0.035ms
[4168.186s][info][gc,marking     ] GC(1115) Concurrent Cleanup for Next Mark
[4168.191s][info][gc,marking     ] GC(1115) Concurrent Cleanup for Next Mark 5.694ms
[4168.191s][info][gc             ] GC(1115) Concurrent Mark Cycle 1536.876ms
.[4169.151s][info][gc,start       ] GC(1116) Pause Young (Prepare Mixed) (G1 Evacuation Pause)
[4169.151s][info][gc,task        ] GC(1116) Using 6 workers of 6 for evacuation
[4169.275s][info][gc,phases      ] GC(1116)   Pre Evacuate Collection Set: 0.35ms
[4169.275s][info][gc,phases      ] GC(1116)   Merge Heap Roots: 0.57ms
[4169.275s][info][gc,phases      ] GC(1116)   Evacuate Collection Set: 121.75ms
[4169.275s][info][gc,phases      ] GC(1116)   Post Evacuate Collection Set: 0.98ms
[4169.275s][info][gc,phases      ] GC(1116)   Other: 0.08ms
[4169.275s][info][gc,heap        ] GC(1116) Eden regions: 1118->0(1099)
[4169.275s][info][gc,heap        ] GC(1116) Survivor regions: 110->114(154)
[4169.275s][info][gc,heap        ] GC(1116) Old regions: 507->538
[4169.275s][info][gc,heap        ] GC(1116) Humongous regions: 80->80
[4169.275s][info][gc,metaspace   ] GC(1116) Metaspace: 28863K(29248K)->28863K(29248K) NonClass: 23996K(24192K)->23996K(24192K) Class: 4867K(5056K)->4867K(5056K)
[4169.275s][info][gc             ] GC(1116) Pause Young (Prepare Mixed) (G1 Evacuation Pause) 3627M->1462M(4096M) 123.851ms
[4169.275s][info][gc,cpu         ] GC(1116) User=0.73s Sys=0.00s Real=0.12s
..[4171.612s][info][gc,start       ] GC(1117) Pause Young (Mixed) (G1 Evacuation Pause)
[4171.612s][info][gc,task        ] GC(1117) Using 6 workers of 6 for evacuation
[4171.753s][info][gc,phases      ] GC(1117)   Pre Evacuate Collection Set: 0.41ms
[4171.753s][info][gc,phases      ] GC(1117)   Merge Heap Roots: 0.90ms
[4171.753s][info][gc,phases      ] GC(1117)   Evacuate Collection Set: 137.91ms
[4171.753s][info][gc,phases      ] GC(1117)   Post Evacuate Collection Set: 0.97ms
[4171.753s][info][gc,phases      ] GC(1117)   Other: 0.85ms
[4171.753s][info][gc,heap        ] GC(1117) Eden regions: 1099->0(1117)
[4171.753s][info][gc,heap        ] GC(1117) Survivor regions: 114->111(152)
[4171.753s][info][gc,heap        ] GC(1117) Old regions: 538->475
[4171.753s][info][gc,heap        ] GC(1117) Humongous regions: 80->80
[4171.753s][info][gc,metaspace   ] GC(1117) Metaspace: 28863K(29248K)->28863K(29248K) NonClass: 23996K(24192K)->23996K(24192K) Class: 4867K(5056K)->4867K(5056K)
[4171.753s][info][gc             ] GC(1117) Pause Young (Mixed) (G1 Evacuation Pause) 3660M->1330M(4096M) 141.161ms
[4171.753s][info][gc,cpu         ] GC(1117) User=0.83s Sys=0.00s Real=0.14s
...[4174.188s][info][gc,start       ] GC(1118) Pause Young (Concurrent Start) (G1 Evacuation Pause)
[4174.188s][info][gc,task        ] GC(1118) Using 6 workers of 6 for evacuation
[4174.309s][info][gc,phases      ] GC(1118)   Pre Evacuate Collection Set: 0.37ms
[4174.309s][info][gc,phases      ] GC(1118)   Merge Heap Roots: 0.53ms
[4174.309s][info][gc,phases      ] GC(1118)   Evacuate Collection Set: 119.05ms
[4174.309s][info][gc,phases      ] GC(1118)   Post Evacuate Collection Set: 0.88ms
[4174.309s][info][gc,phases      ] GC(1118)   Other: 0.11ms
[4174.309s][info][gc,heap        ] GC(1118) Eden regions: 1117->0(1117)
[4174.309s][info][gc,heap        ] GC(1118) Survivor regions: 111->111(154)
[4174.309s][info][gc,heap        ] GC(1118) Old regions: 475->507
[4174.309s][info][gc,heap        ] GC(1118) Humongous regions: 80->80
[4174.309s][info][gc,metaspace   ] GC(1118) Metaspace: 28863K(29248K)->28863K(29248K) NonClass: 23996K(24192K)->23996K(24192K) Class: 4867K(5056K)->4867K(5056K)
[4174.309s][info][gc             ] GC(1118) Pause Young (Concurrent Start) (G1 Evacuation Pause) 3564M->1393M(4096M) 121.117ms
[4174.309s][info][gc             ] GC(1119) Concurrent Mark Cycle
[4174.309s][info][gc,marking     ] GC(1119) Concurrent Scan Root Regions
[4174.309s][info][gc,cpu         ] GC(1118) User=0.72s Sys=0.00s Real=0.13s
[4174.482s][info][gc,marking     ] GC(1119) Concurrent Scan Root Regions 173.308ms
[4174.482s][info][gc,marking     ] GC(1119) Concurrent Mark
[4174.482s][info][gc,marking     ] GC(1119) Concurrent Mark From Roots
[4174.482s][info][gc,task        ] GC(1119) Using 2 workers of 2 for marking
.[4175.491s][info][gc,marking     ] GC(1119) Concurrent Mark From Roots 1008.595ms
[4175.491s][info][gc,marking     ] GC(1119) Concurrent Preclean
[4175.491s][info][gc,marking     ] GC(1119) Concurrent Preclean 0.117ms
[4175.494s][info][gc,start       ] GC(1119) Pause Remark
[4175.498s][info][gc             ] GC(1119) Pause Remark 2511M->2511M(4096M) 4.373ms
[4175.498s][info][gc,cpu         ] GC(1119) User=0.02s Sys=0.00s Real=0.01s
[4175.498s][info][gc,marking     ] GC(1119) Concurrent Mark 1016.029ms
[4175.498s][info][gc,marking     ] GC(1119) Concurrent Rebuild Remembered Sets and Scrub Regions
[4175.866s][info][gc,marking     ] GC(1119) Concurrent Rebuild Remembered Sets and Scrub Regions 367.354ms
[4175.867s][info][gc,start       ] GC(1119) Pause Cleanup
[4175.867s][info][gc             ] GC(1119) Pause Cleanup 2849M->2849M(4096M) 0.124ms
[4175.867s][info][gc,cpu         ] GC(1119) User=0.00s Sys=0.00s Real=0.00s
[4175.867s][info][gc,marking     ] GC(1119) Concurrent Clear Claimed Marks
[4175.867s][info][gc,marking     ] GC(1119) Concurrent Clear Claimed Marks 0.035ms
[4175.867s][info][gc,marking     ] GC(1119) Concurrent Cleanup for Next Mark
[4175.872s][info][gc,marking     ] GC(1119) Concurrent Cleanup for Next Mark 4.933ms
[4175.872s][info][gc             ] GC(1119) Concurrent Mark Cycle 1563.226ms
.[4176.668s][info][gc,start       ] GC(1120) Pause Young (Prepare Mixed) (G1 Evacuation Pause)
[4176.668s][info][gc,task        ] GC(1120) Using 6 workers of 6 for evacuation
[4176.788s][info][gc,phases      ] GC(1120)   Pre Evacuate Collection Set: 0.37ms
[4176.788s][info][gc,phases      ] GC(1120)   Merge Heap Roots: 0.55ms
[4176.788s][info][gc,phases      ] GC(1120)   Evacuate Collection Set: 117.06ms
[4176.788s][info][gc,phases      ] GC(1120)   Post Evacuate Collection Set: 0.93ms
[4176.788s][info][gc,phases      ] GC(1120)   Other: 0.82ms
[4176.788s][info][gc,heap        ] GC(1120) Eden regions: 1117->0(1107)
[4176.788s][info][gc,heap        ] GC(1120) Survivor regions: 111->110(154)
[4176.788s][info][gc,heap        ] GC(1120) Old regions: 507->538
[4176.788s][info][gc,heap        ] GC(1120) Humongous regions: 80->80
[4176.788s][info][gc,metaspace   ] GC(1120) Metaspace: 28863K(29248K)->28863K(29248K) NonClass: 23996K(24192K)->23996K(24192K) Class: 4867K(5056K)->4867K(5056K)
[4176.788s][info][gc             ] GC(1120) Pause Young (Prepare Mixed) (G1 Evacuation Pause) 3627M->1455M(4096M) 119.859ms
[4176.788s][info][gc,cpu         ] GC(1120) User=0.70s Sys=0.00s Real=0.12s
...[4179.213s][info][gc,start       ] GC(1121) Pause Young (Mixed) (G1 Evacuation Pause)
[4179.213s][info][gc,task        ] GC(1121) Using 6 workers of 6 for evacuation
[4179.349s][info][gc,phases      ] GC(1121)   Pre Evacuate Collection Set: 0.35ms
[4179.349s][info][gc,phases      ] GC(1121)   Merge Heap Roots: 0.68ms
[4179.349s][info][gc,phases      ] GC(1121)   Evacuate Collection Set: 134.00ms
[4179.349s][info][gc,phases      ] GC(1121)   Post Evacuate Collection Set: 0.97ms
[4179.349s][info][gc,phases      ] GC(1121)   Other: 0.09ms
[4179.350s][info][gc,heap        ] GC(1121) Eden regions: 1107->0(1116)
[4179.350s][info][gc,heap        ] GC(1121) Survivor regions: 110->112(153)
[4179.350s][info][gc,heap        ] GC(1121) Old regions: 538->474
[4179.350s][info][gc,heap        ] GC(1121) Humongous regions: 80->80
[4179.350s][info][gc,metaspace   ] GC(1121) Metaspace: 28863K(29248K)->28863K(29248K) NonClass: 23996K(24192K)->23996K(24192K) Class: 4867K(5056K)->4867K(5056K)
[4179.350s][info][gc             ] GC(1121) Pause Young (Mixed) (G1 Evacuation Pause) 3669M->1330M(4096M) 136.248ms
[4179.350s][info][gc,cpu         ] GC(1121) User=0.80s Sys=0.00s Real=0.14s
..[4181.660s][info][gc,start       ] GC(1122) Pause Young (Concurrent Start) (G1 Evacuation Pause)
[4181.660s][info][gc,task        ] GC(1122) Using 6 workers of 6 for evacuation
[4181.779s][info][gc,phases      ] GC(1122)   Pre Evacuate Collection Set: 0.39ms
[4181.779s][info][gc,phases      ] GC(1122)   Merge Heap Roots: 0.52ms
[4181.779s][info][gc,phases      ] GC(1122)   Evacuate Collection Set: 116.50ms
[4181.779s][info][gc,phases      ] GC(1122)   Post Evacuate Collection Set: 0.89ms
[4181.779s][info][gc,phases      ] GC(1122)   Other: 0.13ms
[4181.779s][info][gc,heap        ] GC(1122) Eden regions: 1116->0(1118)
[4181.779s][info][gc,heap        ] GC(1122) Survivor regions: 112->110(154)
[4181.779s][info][gc,heap        ] GC(1122) Old regions: 474->506
[4181.779s][info][gc,heap        ] GC(1122) Humongous regions: 80->80
[4181.779s][info][gc,metaspace   ] GC(1122) Metaspace: 28863K(29248K)->28863K(29248K) NonClass: 23996K(24192K)->23996K(24192K) Class: 4867K(5056K)->4867K(5056K)
[4181.779s][info][gc             ] GC(1122) Pause Young (Concurrent Start) (G1 Evacuation Pause) 3562M->1390M(4096M) 118.591ms
[4181.779s][info][gc             ] GC(1123) Concurrent Mark Cycle
[4181.779s][info][gc,marking     ] GC(1123) Concurrent Scan Root Regions
[4181.779s][info][gc,cpu         ] GC(1122) User=0.71s Sys=0.00s Real=0.12s
[4181.913s][info][gc,marking     ] GC(1123) Concurrent Scan Root Regions 133.698ms
[4181.913s][info][gc,marking     ] GC(1123) Concurrent Mark
[4181.913s][info][gc,marking     ] GC(1123) Concurrent Mark From Roots
[4181.913s][info][gc,task        ] GC(1123) Using 2 workers of 2 for marking
.[4182.859s][info][gc,marking     ] GC(1123) Concurrent Mark From Roots 945.950ms
[4182.859s][info][gc,marking     ] GC(1123) Concurrent Preclean
[4182.859s][info][gc,marking     ] GC(1123) Concurrent Preclean 0.130ms
[4182.859s][info][gc,start       ] GC(1123) Pause Remark
[4182.865s][info][gc             ] GC(1123) Pause Remark 2365M->2365M(4096M) 6.334ms
[4182.865s][info][gc,cpu         ] GC(1123) User=0.03s Sys=0.00s Real=0.00s
[4182.866s][info][gc,marking     ] GC(1123) Concurrent Mark 952.825ms
[4182.866s][info][gc,marking     ] GC(1123) Concurrent Rebuild Remembered Sets and Scrub Regions
.[4183.234s][info][gc,marking     ] GC(1123) Concurrent Rebuild Remembered Sets and Scrub Regions 368.445ms
[4183.234s][info][gc,start       ] GC(1123) Pause Cleanup
[4183.234s][info][gc             ] GC(1123) Pause Cleanup 2659M->2659M(4096M) 0.119ms
[4183.234s][info][gc,cpu         ] GC(1123) User=0.00s Sys=0.00s Real=0.00s
[4183.234s][info][gc,marking     ] GC(1123) Concurrent Clear Claimed Marks
[4183.234s][info][gc,marking     ] GC(1123) Concurrent Clear Claimed Marks 0.031ms
[4183.234s][info][gc,marking     ] GC(1123) Concurrent Cleanup for Next Mark
[4183.240s][info][gc,marking     ] GC(1123) Concurrent Cleanup for Next Mark 5.684ms
[4183.240s][info][gc             ] GC(1123) Concurrent Mark Cycle 1461.274ms
.[4184.224s][info][gc,start       ] GC(1124) Pause Young (Prepare Mixed) (G1 Evacuation Pause)
[4184.224s][info][gc,task        ] GC(1124) Using 6 workers of 6 for evacuation
[4184.342s][info][gc,phases      ] GC(1124)   Pre Evacuate Collection Set: 0.31ms
[4184.342s][info][gc,phases      ] GC(1124)   Merge Heap Roots: 0.51ms
[4184.342s][info][gc,phases      ] GC(1124)   Evacuate Collection Set: 115.84ms
[4184.342s][info][gc,phases      ] GC(1124)   Post Evacuate Collection Set: 0.92ms
[4184.342s][info][gc,phases      ] GC(1124)   Other: 0.10ms
[4184.342s][info][gc,heap        ] GC(1124) Eden regions: 1118->0(1108)
[4184.342s][info][gc,heap        ] GC(1124) Survivor regions: 110->109(154)
[4184.342s][info][gc,heap        ] GC(1124) Old regions: 506->539
[4184.342s][info][gc,heap        ] GC(1124) Humongous regions: 80->80
[4184.342s][info][gc,metaspace   ] GC(1124) Metaspace: 28863K(29248K)->28863K(29248K) NonClass: 23996K(24192K)->23996K(24192K) Class: 4867K(5056K)->4867K(5056K)
[4184.342s][info][gc             ] GC(1124) Pause Young (Prepare Mixed) (G1 Evacuation Pause) 3626M->1454M(4096M) 117.796ms
[4184.342s][info][gc,cpu         ] GC(1124) User=0.69s Sys=0.00s Real=0.12s
..[4186.677s][info][gc,start       ] GC(1125) Pause Young (Mixed) (G1 Evacuation Pause)
[4186.677s][info][gc,task        ] GC(1125) Using 6 workers of 6 for evacuation
[4186.812s][info][gc,phases      ] GC(1125)   Pre Evacuate Collection Set: 0.38ms
[4186.812s][info][gc,phases      ] GC(1125)   Merge Heap Roots: 0.78ms
[4186.812s][info][gc,phases      ] GC(1125)   Evacuate Collection Set: 132.83ms
[4186.812s][info][gc,phases      ] GC(1125)   Post Evacuate Collection Set: 0.97ms
[4186.812s][info][gc,phases      ] GC(1125)   Other: 0.09ms
[4186.812s][info][gc,heap        ] GC(1125) Eden regions: 1108->0(1119)
[4186.812s][info][gc,heap        ] GC(1125) Survivor regions: 109->109(153)
[4186.812s][info][gc,heap        ] GC(1125) Old regions: 539->474
[4186.812s][info][gc,heap        ] GC(1125) Humongous regions: 80->80
[4186.812s][info][gc,metaspace   ] GC(1125) Metaspace: 28863K(29248K)->28863K(29248K) NonClass: 23996K(24192K)->23996K(24192K) Class: 4867K(5056K)->4867K(5056K)
[4186.812s][info][gc             ] GC(1125) Pause Young (Mixed) (G1 Evacuation Pause) 3670M->1324M(4096M) 135.189ms
[4186.812s][info][gc,cpu         ] GC(1125) User=0.80s Sys=0.00s Real=0.14s
...[4189.239s][info][gc,start       ] GC(1126) Pause Young (Concurrent Start) (G1 Evacuation Pause)
[4189.239s][info][gc,task        ] GC(1126) Using 6 workers of 6 for evacuation
[4189.357s][info][gc,phases      ] GC(1126)   Pre Evacuate Collection Set: 0.41ms
[4189.357s][info][gc,phases      ] GC(1126)   Merge Heap Roots: 0.44ms
[4189.357s][info][gc,phases      ] GC(1126)   Evacuate Collection Set: 115.49ms
[4189.357s][info][gc,phases      ] GC(1126)   Post Evacuate Collection Set: 0.88ms
[4189.357s][info][gc,phases      ] GC(1126)   Other: 0.11ms
[4189.357s][info][gc,heap        ] GC(1126) Eden regions: 1119->0(1120)
[4189.357s][info][gc,heap        ] GC(1126) Survivor regions: 109->108(154)
[4189.357s][info][gc,heap        ] GC(1126) Old regions: 474->506
[4189.357s][info][gc,heap        ] GC(1126) Humongous regions: 80->80
[4189.357s][info][gc,metaspace   ] GC(1126) Metaspace: 28863K(29248K)->28863K(29248K) NonClass: 23996K(24192K)->23996K(24192K) Class: 4867K(5056K)->4867K(5056K)
[4189.357s][info][gc             ] GC(1126) Pause Young (Concurrent Start) (G1 Evacuation Pause) 3562M->1387M(4096M) 117.470ms
[4189.357s][info][gc             ] GC(1127) Concurrent Mark Cycle
[4189.357s][info][gc,marking     ] GC(1127) Concurrent Scan Root Regions
[4189.357s][info][gc,cpu         ] GC(1126) User=0.69s Sys=0.00s Real=0.11s
[4189.533s][info][gc,marking     ] GC(1127) Concurrent Scan Root Regions 176.489ms
[4189.533s][info][gc,marking     ] GC(1127) Concurrent Mark
[4189.534s][info][gc,marking     ] GC(1127) Concurrent Mark From Roots
[4189.534s][info][gc,task        ] GC(1127) Using 2 workers of 2 for marking
.[4190.498s][info][gc,marking     ] GC(1127) Concurrent Mark From Roots 964.819ms
[4190.498s][info][gc,marking     ] GC(1127) Concurrent Preclean
[4190.499s][info][gc,marking     ] GC(1127) Concurrent Preclean 0.121ms
[4190.499s][info][gc,start       ] GC(1127) Pause Remark
[4190.504s][info][gc             ] GC(1127) Pause Remark 2446M->2446M(4096M) 5.253ms
[4190.504s][info][gc,cpu         ] GC(1127) User=0.03s Sys=0.00s Real=0.00s
[4190.505s][info][gc,marking     ] GC(1127) Concurrent Mark 971.910ms
[4190.505s][info][gc,marking     ] GC(1127) Concurrent Rebuild Remembered Sets and Scrub Regions
[4190.778s][info][gc,marking     ] GC(1127) Concurrent Rebuild Remembered Sets and Scrub Regions 272.167ms
[4190.779s][info][gc,start       ] GC(1127) Pause Cleanup
[4190.779s][info][gc             ] GC(1127) Pause Cleanup 2691M->2691M(4096M) 0.128ms
[4190.779s][info][gc,cpu         ] GC(1127) User=0.00s Sys=0.00s Real=0.00s
[4190.779s][info][gc,marking     ] GC(1127) Concurrent Clear Claimed Marks
[4190.779s][info][gc,marking     ] GC(1127) Concurrent Clear Claimed Marks 0.033ms
[4190.779s][info][gc,marking     ] GC(1127) Concurrent Cleanup for Next Mark
[4190.784s][info][gc,marking     ] GC(1127) Concurrent Cleanup for Next Mark 5.212ms
[4190.784s][info][gc             ] GC(1127) Concurrent Mark Cycle 1427.332ms
.[4191.815s][info][gc,start       ] GC(1128) Pause Young (Prepare Mixed) (G1 Evacuation Pause)
[4191.815s][info][gc,task        ] GC(1128) Using 6 workers of 6 for evacuation
[4191.940s][info][gc,phases      ] GC(1128)   Pre Evacuate Collection Set: 0.36ms
[4191.940s][info][gc,phases      ] GC(1128)   Merge Heap Roots: 0.57ms
[4191.940s][info][gc,phases      ] GC(1128)   Evacuate Collection Set: 121.58ms
[4191.940s][info][gc,phases      ] GC(1128)   Post Evacuate Collection Set: 0.93ms
[4191.940s][info][gc,phases      ] GC(1128)   Other: 0.82ms
[4191.940s][info][gc,heap        ] GC(1128) Eden regions: 1120->0(1098)
[4191.940s][info][gc,heap        ] GC(1128) Survivor regions: 108->115(154)
[4191.940s][info][gc,heap        ] GC(1128) Old regions: 506->537
[4191.940s][info][gc,heap        ] GC(1128) Humongous regions: 80->80
[4191.940s][info][gc,metaspace   ] GC(1128) Metaspace: 28863K(29248K)->28863K(29248K) NonClass: 23996K(24192K)->23996K(24192K) Class: 4867K(5056K)->4867K(5056K)
[4191.940s][info][gc             ] GC(1128) Pause Young (Prepare Mixed) (G1 Evacuation Pause) 3627M->1462M(4096M) 124.420ms
[4191.940s][info][gc,cpu         ] GC(1128) User=0.74s Sys=0.00s Real=0.13s
..[4194.299s][info][gc,start       ] GC(1129) Pause Young (Mixed) (G1 Evacuation Pause)
[4194.299s][info][gc,task        ] GC(1129) Using 6 workers of 6 for evacuation
[4194.436s][info][gc,phases      ] GC(1129)   Pre Evacuate Collection Set: 0.38ms
[4194.436s][info][gc,phases      ] GC(1129)   Merge Heap Roots: 0.85ms
[4194.436s][info][gc,phases      ] GC(1129)   Evacuate Collection Set: 134.63ms
[4194.436s][info][gc,phases      ] GC(1129)   Post Evacuate Collection Set: 0.94ms
[4194.436s][info][gc,phases      ] GC(1129)   Other: 0.09ms
[4194.436s][info][gc,heap        ] GC(1129) Eden regions: 1098->0(1117)
[4194.436s][info][gc,heap        ] GC(1129) Survivor regions: 115->111(152)
[4194.436s][info][gc,heap        ] GC(1129) Old regions: 537->473
[4194.436s][info][gc,heap        ] GC(1129) Humongous regions: 80->80
[4194.436s][info][gc,metaspace   ] GC(1129) Metaspace: 28863K(29248K)->28863K(29248K) NonClass: 23996K(24192K)->23996K(24192K) Class: 4867K(5056K)->4867K(5056K)
[4194.436s][info][gc             ] GC(1129) Pause Young (Mixed) (G1 Evacuation Pause) 3658M->1326M(4096M) 137.029ms
[4194.436s][info][gc,cpu         ] GC(1129) User=0.81s Sys=0.00s Real=0.13s
...[4196.861s][info][gc,start       ] GC(1130) Pause Young (Concurrent Start) (G1 Evacuation Pause)
[4196.861s][info][gc,task        ] GC(1130) Using 6 workers of 6 for evacuation
[4196.980s][info][gc,phases      ] GC(1130)   Pre Evacuate Collection Set: 0.42ms
[4196.980s][info][gc,phases      ] GC(1130)   Merge Heap Roots: 0.58ms
[4196.980s][info][gc,phases      ] GC(1130)   Evacuate Collection Set: 115.89ms
[4196.980s][info][gc,phases      ] GC(1130)   Post Evacuate Collection Set: 0.88ms
[4196.980s][info][gc,phases      ] GC(1130)   Other: 0.89ms
[4196.980s][info][gc,heap        ] GC(1130) Eden regions: 1117->0(1120)
[4196.980s][info][gc,heap        ] GC(1130) Survivor regions: 111->108(154)
[4196.980s][info][gc,heap        ] GC(1130) Old regions: 473->506
[4196.980s][info][gc,heap        ] GC(1130) Humongous regions: 80->80
[4196.980s][info][gc,metaspace   ] GC(1130) Metaspace: 28863K(29248K)->28863K(29248K) NonClass: 23996K(24192K)->23996K(24192K) Class: 4867K(5056K)->4867K(5056K)
[4196.980s][info][gc             ] GC(1130) Pause Young (Concurrent Start) (G1 Evacuation Pause) 3560M->1386M(4096M) 118.815ms
[4196.980s][info][gc             ] GC(1131) Concurrent Mark Cycle
[4196.980s][info][gc,marking     ] GC(1131) Concurrent Scan Root Regions
[4196.980s][info][gc,cpu         ] GC(1130) User=0.70s Sys=0.00s Real=0.12s
[4197.157s][info][gc,marking     ] GC(1131) Concurrent Scan Root Regions 176.852ms
[4197.157s][info][gc,marking     ] GC(1131) Concurrent Mark
[4197.157s][info][gc,marking     ] GC(1131) Concurrent Mark From Roots
[4197.157s][info][gc,task        ] GC(1131) Using 2 workers of 2 for marking
.[4198.196s][info][gc,marking     ] GC(1131) Concurrent Mark From Roots 1039.910ms
[4198.197s][info][gc,marking     ] GC(1131) Concurrent Preclean
[4198.197s][info][gc,marking     ] GC(1131) Concurrent Preclean 0.141ms
[4198.199s][info][gc,start       ] GC(1131) Pause Remark
[4198.206s][info][gc             ] GC(1131) Pause Remark 2500M->2500M(4096M) 7.185ms
[4198.207s][info][gc,cpu         ] GC(1131) User=0.04s Sys=0.00s Real=0.00s
[4198.207s][info][gc,marking     ] GC(1131) Concurrent Mark 1050.014ms
[4198.207s][info][gc,marking     ] GC(1131) Concurrent Rebuild Remembered Sets and Scrub Regions
[4198.614s][info][gc,marking     ] GC(1131) Concurrent Rebuild Remembered Sets and Scrub Regions 407.195ms
[4198.614s][info][gc,start       ] GC(1131) Pause Cleanup
[4198.614s][info][gc             ] GC(1131) Pause Cleanup 2921M->2921M(4096M) 0.119ms
[4198.614s][info][gc,cpu         ] GC(1131) User=0.00s Sys=0.00s Real=0.00s
[4198.614s][info][gc,marking     ] GC(1131) Concurrent Clear Claimed Marks
[4198.614s][info][gc,marking     ] GC(1131) Concurrent Clear Claimed Marks 0.026ms
[4198.614s][info][gc,marking     ] GC(1131) Concurrent Cleanup for Next Mark
[4198.620s][info][gc,marking     ] GC(1131) Concurrent Cleanup for Next Mark 5.453ms
[4198.620s][info][gc             ] GC(1131) Concurrent Mark Cycle 1640.072ms
.[4199.338s][info][gc,start       ] GC(1132) Pause Young (Prepare Mixed) (G1 Evacuation Pause)
[4199.338s][info][gc,task        ] GC(1132) Using 6 workers of 6 for evacuation
[4199.460s][info][gc,phases      ] GC(1132)   Pre Evacuate Collection Set: 0.32ms
[4199.460s][info][gc,phases      ] GC(1132)   Merge Heap Roots: 0.64ms
[4199.460s][info][gc,phases      ] GC(1132)   Evacuate Collection Set: 120.34ms
[4199.460s][info][gc,phases      ] GC(1132)   Post Evacuate Collection Set: 0.91ms
[4199.460s][info][gc,phases      ] GC(1132)   Other: 0.09ms
[4199.460s][info][gc,heap        ] GC(1132) Eden regions: 1120->0(1102)
[4199.460s][info][gc,heap        ] GC(1132) Survivor regions: 108->113(154)
[4199.460s][info][gc,heap        ] GC(1132) Old regions: 506->537
[4199.460s][info][gc,heap        ] GC(1132) Humongous regions: 80->80
[4199.460s][info][gc,metaspace   ] GC(1132) Metaspace: 28863K(29248K)->28863K(29248K) NonClass: 23996K(24192K)->23996K(24192K) Class: 4867K(5056K)->4867K(5056K)
[4199.460s][info][gc             ] GC(1132) Pause Young (Prepare Mixed) (G1 Evacuation Pause) 3626M->1457M(4096M) 122.435ms
[4199.460s][info][gc,cpu         ] GC(1132) User=0.72s Sys=0.00s Real=0.13s
...[4201.775s][info][gc,start       ] GC(1133) Pause Young (Mixed) (G1 Evacuation Pause)
[4201.776s][info][gc,task        ] GC(1133) Using 6 workers of 6 for evacuation
[4201.913s][info][gc,phases      ] GC(1133)   Pre Evacuate Collection Set: 0.37ms
[4201.913s][info][gc,phases      ] GC(1133)   Merge Heap Roots: 0.74ms
[4201.913s][info][gc,phases      ] GC(1133)   Evacuate Collection Set: 135.09ms
[4201.913s][info][gc,phases      ] GC(1133)   Post Evacuate Collection Set: 0.94ms
[4201.913s][info][gc,phases      ] GC(1133)   Other: 0.09ms
[4201.913s][info][gc,heap        ] GC(1133) Eden regions: 1102->0(1118)
[4201.913s][info][gc,heap        ] GC(1133) Survivor regions: 113->110(152)
[4201.913s][info][gc,heap        ] GC(1133) Old regions: 537->472
[4201.913s][info][gc,heap        ] GC(1133) Humongous regions: 80->80
[4201.913s][info][gc,metaspace   ] GC(1133) Metaspace: 28863K(29248K)->28863K(29248K) NonClass: 23996K(24192K)->23996K(24192K) Class: 4867K(5056K)->4867K(5056K)
[4201.913s][info][gc             ] GC(1133) Pause Young (Mixed) (G1 Evacuation Pause) 3661M->1322M(4096M) 137.399ms
[4201.913s][info][gc,cpu         ] GC(1133) User=0.81s Sys=0.00s Real=0.14s
..[4204.372s][info][gc,start       ] GC(1134) Pause Young (Concurrent Start) (G1 Evacuation Pause)
[4204.372s][info][gc,task        ] GC(1134) Using 6 workers of 6 for evacuation
[4204.494s][info][gc,phases      ] GC(1134)   Pre Evacuate Collection Set: 0.36ms
[4204.494s][info][gc,phases      ] GC(1134)   Merge Heap Roots: 0.57ms
[4204.494s][info][gc,phases      ] GC(1134)   Evacuate Collection Set: 120.36ms
[4204.494s][info][gc,phases      ] GC(1134)   Post Evacuate Collection Set: 0.88ms
[4204.495s][info][gc,phases      ] GC(1134)   Other: 0.11ms
[4204.495s][info][gc,heap        ] GC(1134) Eden regions: 1118->0(1116)
[4204.495s][info][gc,heap        ] GC(1134) Survivor regions: 110->112(154)
[4204.495s][info][gc,heap        ] GC(1134) Old regions: 472->505
[4204.495s][info][gc,heap        ] GC(1134) Humongous regions: 80->80
[4204.495s][info][gc,metaspace   ] GC(1134) Metaspace: 28863K(29248K)->28863K(29248K) NonClass: 23996K(24192K)->23996K(24192K) Class: 4867K(5056K)->4867K(5056K)
[4204.495s][info][gc             ] GC(1134) Pause Young (Concurrent Start) (G1 Evacuation Pause) 3558M->1392M(4096M) 122.413ms
[4204.495s][info][gc             ] GC(1135) Concurrent Mark Cycle
[4204.495s][info][gc,marking     ] GC(1135) Concurrent Scan Root Regions
[4204.495s][info][gc,cpu         ] GC(1134) User=0.73s Sys=0.00s Real=0.12s
.[4204.673s][info][gc,marking     ] GC(1135) Concurrent Scan Root Regions 178.848ms
[4204.673s][info][gc,marking     ] GC(1135) Concurrent Mark
[4204.673s][info][gc,marking     ] GC(1135) Concurrent Mark From Roots
[4204.673s][info][gc,task        ] GC(1135) Using 2 workers of 2 for marking
[4205.388s][info][gc,marking     ] GC(1135) Concurrent Mark From Roots 714.489ms
[4205.388s][info][gc,marking     ] GC(1135) Concurrent Preclean
[4205.388s][info][gc,marking     ] GC(1135) Concurrent Preclean 0.151ms
[4205.389s][info][gc,start       ] GC(1135) Pause Remark
[4205.395s][info][gc             ] GC(1135) Pause Remark 2144M->2144M(4096M) 5.393ms
[4205.395s][info][gc,cpu         ] GC(1135) User=0.03s Sys=0.01s Real=0.00s
[4205.396s][info][gc,marking     ] GC(1135) Concurrent Mark 722.911ms
[4205.396s][info][gc,marking     ] GC(1135) Concurrent Rebuild Remembered Sets and Scrub Regions
.[4205.792s][info][gc,marking     ] GC(1135) Concurrent Rebuild Remembered Sets and Scrub Regions 395.650ms
[4205.794s][info][gc,start       ] GC(1135) Pause Cleanup
[4205.794s][info][gc             ] GC(1135) Pause Cleanup 2604M->2604M(4096M) 0.201ms
[4205.794s][info][gc,cpu         ] GC(1135) User=0.00s Sys=0.00s Real=0.00s
[4205.794s][info][gc,marking     ] GC(1135) Concurrent Clear Claimed Marks
[4205.794s][info][gc,marking     ] GC(1135) Concurrent Clear Claimed Marks 0.030ms
[4205.794s][info][gc,marking     ] GC(1135) Concurrent Cleanup for Next Mark
[4205.800s][info][gc,marking     ] GC(1135) Concurrent Cleanup for Next Mark 5.196ms
[4205.800s][info][gc             ] GC(1135) Concurrent Mark Cycle 1304.994ms
.[4206.961s][info][gc,start       ] GC(1136) Pause Young (Prepare Mixed) (G1 Evacuation Pause)
[4206.961s][info][gc,task        ] GC(1136) Using 6 workers of 6 for evacuation
[4207.081s][info][gc,phases      ] GC(1136)   Pre Evacuate Collection Set: 0.34ms
[4207.081s][info][gc,phases      ] GC(1136)   Merge Heap Roots: 0.63ms
[4207.081s][info][gc,phases      ] GC(1136)   Evacuate Collection Set: 117.48ms
[4207.081s][info][gc,phases      ] GC(1136)   Post Evacuate Collection Set: 0.96ms
[4207.081s][info][gc,phases      ] GC(1136)   Other: 0.85ms
[4207.081s][info][gc,heap        ] GC(1136) Eden regions: 1116->0(1105)
[4207.081s][info][gc,heap        ] GC(1136) Survivor regions: 112->112(154)
[4207.081s][info][gc,heap        ] GC(1136) Old regions: 505->536
[4207.081s][info][gc,heap        ] GC(1136) Humongous regions: 80->80
[4207.081s][info][gc,metaspace   ] GC(1136) Metaspace: 28863K(29248K)->28863K(29248K) NonClass: 23996K(24192K)->23996K(24192K) Class: 4867K(5056K)->4867K(5056K)
[4207.081s][info][gc             ] GC(1136) Pause Young (Prepare Mixed) (G1 Evacuation Pause) 3624M->1454M(4096M) 120.411ms
[4207.081s][info][gc,cpu         ] GC(1136) User=0.71s Sys=0.00s Real=0.12s
.. (rIR:aIR:PR = 7472:7474:7474) (tPR = 111180) [OK] 
  4208s: Performance info:
         Transaction,    Success,    Partial,     Failed,   Receipts, AvgBarcode, 
             Overall,     450748,          0,          0,     428218,      59.47, 
         Response times:
             Request,    Success,    Partial,     Failed,   SkipFail,     Probes,    Samples,      min,      p50,      p90,      p95,      p99,      max, 
       TotalPurchase,     428218,          0,          0,          0,     355805,     399881,      300,     7200,    78000,   114000,   168000,   448000,
     InStorePurchase,     225593,          0,          0,          0,     187246,     210416,      300,     7300,    79000,   115000,   168000,   294000,
      OnlinePurchase,     157808,          0,          0,          0,     131170,     147325,      300,     7200,    78000,   113000,   168000,   299000,
        InstPurchase,      44817,          0,          0,          0,      37389,      42140,      400,     7300,    78000,   116000,   168000,   448000,
          AssocOfCat,        448,          0,          0,          0,        366,        510,    24000,    45000,   133800,   170450,   205120,   235000,
      AssocOfProduct,       4503,          0,          0,          0,       4199,       4938,      500,     7400,    84000,   122050,   174000,   273000,
      BusinessReport,       1118,          0,          0,          0,        937,       1161,    29000,    55000,   146000,   181800,   249760,   308000,
          CustBuyBeh,       4510,          0,          0,          0,       4132,       4886,      500,     7800,    81000,   115000,   172130,   274000,
       ProductReturn,      11951,          0,          0,          0,      10189,      11769,      200,     7600,    81000,   117000,   168000,   274000,

  4208s: (55%)   IR =   7610 [4209.380s][info][gc,start       ] GC(1137) Pause Young (Mixed) (G1 Evacuation Pause)
[4209.380s][info][gc,task        ] GC(1137) Using 6 workers of 6 for evacuation
[4209.517s][info][gc,phases      ] GC(1137)   Pre Evacuate Collection Set: 0.35ms
[4209.517s][info][gc,phases      ] GC(1137)   Merge Heap Roots: 0.62ms
[4209.517s][info][gc,phases      ] GC(1137)   Evacuate Collection Set: 134.78ms
[4209.517s][info][gc,phases      ] GC(1137)   Post Evacuate Collection Set: 0.94ms
[4209.517s][info][gc,phases      ] GC(1137)   Other: 0.09ms
[4209.517s][info][gc,heap        ] GC(1137) Eden regions: 1105->0(1116)
[4209.517s][info][gc,heap        ] GC(1137) Survivor regions: 112->112(153)
[4209.517s][info][gc,heap        ] GC(1137) Old regions: 536->475
[4209.517s][info][gc,heap        ] GC(1137) Humongous regions: 80->80
[4209.517s][info][gc,metaspace   ] GC(1137) Metaspace: 28863K(29248K)->28863K(29248K) NonClass: 23996K(24192K)->23996K(24192K) Class: 4867K(5056K)->4867K(5056K)
[4209.517s][info][gc             ] GC(1137) Pause Young (Mixed) (G1 Evacuation Pause) 3664M->1332M(4096M) 136.905ms
[4209.517s][info][gc,cpu         ] GC(1137) User=0.81s Sys=0.00s Real=0.13s
..[4211.777s][info][gc,start       ] GC(1138) Pause Young (Concurrent Start) (G1 Evacuation Pause)
[4211.777s][info][gc,task        ] GC(1138) Using 6 workers of 6 for evacuation
[4211.895s][info][gc,phases      ] GC(1138)   Pre Evacuate Collection Set: 0.42ms
[4211.895s][info][gc,phases      ] GC(1138)   Merge Heap Roots: 0.44ms
[4211.895s][info][gc,phases      ] GC(1138)   Evacuate Collection Set: 116.23ms
[4211.895s][info][gc,phases      ] GC(1138)   Post Evacuate Collection Set: 0.89ms
[4211.895s][info][gc,phases      ] GC(1138)   Other: 0.10ms
[4211.895s][info][gc,heap        ] GC(1138) Eden regions: 1116->0(1119)
[4211.895s][info][gc,heap        ] GC(1138) Survivor regions: 112->109(154)
[4211.895s][info][gc,heap        ] GC(1138) Old regions: 475->508
[4211.895s][info][gc,heap        ] GC(1138) Humongous regions: 80->80
[4211.895s][info][gc,metaspace   ] GC(1138) Metaspace: 28863K(29248K)->28863K(29248K) NonClass: 23996K(24192K)->23996K(24192K) Class: 4867K(5056K)->4867K(5056K)
[4211.895s][info][gc             ] GC(1138) Pause Young (Concurrent Start) (G1 Evacuation Pause) 3564M->1391M(4096M) 118.224ms
[4211.895s][info][gc             ] GC(1139) Concurrent Mark Cycle
[4211.895s][info][gc,marking     ] GC(1139) Concurrent Scan Root Regions
[4211.895s][info][gc,cpu         ] GC(1138) User=0.70s Sys=0.00s Real=0.12s
.[4212.047s][info][gc,marking     ] GC(1139) Concurrent Scan Root Regions 151.595ms
[4212.047s][info][gc,marking     ] GC(1139) Concurrent Mark
[4212.047s][info][gc,marking     ] GC(1139) Concurrent Mark From Roots
[4212.047s][info][gc,task        ] GC(1139) Using 2 workers of 2 for marking
.[4213.039s][info][gc,marking     ] GC(1139) Concurrent Mark From Roots 991.990ms
[4213.039s][info][gc,marking     ] GC(1139) Concurrent Preclean
[4213.039s][info][gc,marking     ] GC(1139) Concurrent Preclean 0.175ms
[4213.042s][info][gc,start       ] GC(1139) Pause Remark
[4213.047s][info][gc             ] GC(1139) Pause Remark 2415M->2415M(4096M) 5.605ms
[4213.047s][info][gc,cpu         ] GC(1139) User=0.03s Sys=0.00s Real=0.00s
[4213.047s][info][gc,marking     ] GC(1139) Concurrent Mark 1000.443ms
[4213.047s][info][gc,marking     ] GC(1139) Concurrent Rebuild Remembered Sets and Scrub Regions
[4213.328s][info][gc,marking     ] GC(1139) Concurrent Rebuild Remembered Sets and Scrub Regions 280.309ms
[4213.328s][info][gc,start       ] GC(1139) Pause Cleanup
[4213.328s][info][gc             ] GC(1139) Pause Cleanup 2692M->2692M(4096M) 0.124ms
[4213.328s][info][gc,cpu         ] GC(1139) User=0.00s Sys=0.00s Real=0.00s
[4213.328s][info][gc,marking     ] GC(1139) Concurrent Clear Claimed Marks
[4213.328s][info][gc,marking     ] GC(1139) Concurrent Clear Claimed Marks 0.027ms
[4213.328s][info][gc,marking     ] GC(1139) Concurrent Cleanup for Next Mark
[4213.335s][info][gc,marking     ] GC(1139) Concurrent Cleanup for Next Mark 6.935ms
[4213.335s][info][gc             ] GC(1139) Concurrent Mark Cycle 1439.881ms
.[4214.280s][info][gc,start       ] GC(1140) Pause Young (Prepare Mixed) (G1 Evacuation Pause)
[4214.280s][info][gc,task        ] GC(1140) Using 6 workers of 6 for evacuation
[4214.398s][info][gc,phases      ] GC(1140)   Pre Evacuate Collection Set: 0.33ms
[4214.398s][info][gc,phases      ] GC(1140)   Merge Heap Roots: 0.48ms
[4214.398s][info][gc,phases      ] GC(1140)   Evacuate Collection Set: 116.60ms
[4214.398s][info][gc,phases      ] GC(1140)   Post Evacuate Collection Set: 0.92ms
[4214.398s][info][gc,phases      ] GC(1140)   Other: 0.10ms
[4214.398s][info][gc,heap        ] GC(1140) Eden regions: 1119->0(1104)
[4214.398s][info][gc,heap        ] GC(1140) Survivor regions: 109->111(154)
[4214.398s][info][gc,heap        ] GC(1140) Old regions: 508->539
[4214.398s][info][gc,heap        ] GC(1140) Humongous regions: 80->80
[4214.398s][info][gc,metaspace   ] GC(1140) Metaspace: 28863K(29248K)->28863K(29248K) NonClass: 23996K(24192K)->23996K(24192K) Class: 4867K(5056K)->4867K(5056K)
[4214.399s][info][gc             ] GC(1140) Pause Young (Prepare Mixed) (G1 Evacuation Pause) 3629M->1458M(4096M) 118.562ms
[4214.399s][info][gc,cpu         ] GC(1140) User=0.70s Sys=0.00s Real=0.12s
..[4216.786s][info][gc,start       ] GC(1141) Pause Young (Mixed) (G1 Evacuation Pause)
[4216.786s][info][gc,task        ] GC(1141) Using 6 workers of 6 for evacuation
[4216.919s][info][gc,phases      ] GC(1141)   Pre Evacuate Collection Set: 0.42ms
[4216.919s][info][gc,phases      ] GC(1141)   Merge Heap Roots: 0.71ms
[4216.919s][info][gc,phases      ] GC(1141)   Evacuate Collection Set: 131.01ms
[4216.919s][info][gc,phases      ] GC(1141)   Post Evacuate Collection Set: 0.91ms
[4216.919s][info][gc,phases      ] GC(1141)   Other: 0.09ms
[4216.919s][info][gc,heap        ] GC(1141) Eden regions: 1104->0(1119)
[4216.919s][info][gc,heap        ] GC(1141) Survivor regions: 111->109(152)
[4216.919s][info][gc,heap        ] GC(1141) Old regions: 539->475
[4216.919s][info][gc,heap        ] GC(1141) Humongous regions: 80->80
[4216.919s][info][gc,metaspace   ] GC(1141) Metaspace: 28863K(29248K)->28863K(29248K) NonClass: 23996K(24192K)->23996K(24192K) Class: 4867K(5056K)->4867K(5056K)
[4216.919s][info][gc             ] GC(1141) Pause Young (Mixed) (G1 Evacuation Pause) 3666M->1326M(4096M) 133.290ms
[4216.919s][info][gc,cpu         ] GC(1141) User=0.79s Sys=0.00s Real=0.14s
...|[4219.257s][info][gc,start       ] GC(1142) Pause Young (Concurrent Start) (G1 Evacuation Pause)
[4219.257s][info][gc,task        ] GC(1142) Using 6 workers of 6 for evacuation
[4219.372s][info][gc,phases      ] GC(1142)   Pre Evacuate Collection Set: 0.38ms
[4219.372s][info][gc,phases      ] GC(1142)   Merge Heap Roots: 0.45ms
[4219.372s][info][gc,phases      ] GC(1142)   Evacuate Collection Set: 113.26ms
[4219.372s][info][gc,phases      ] GC(1142)   Post Evacuate Collection Set: 0.86ms
[4219.372s][info][gc,phases      ] GC(1142)   Other: 0.09ms
[4219.372s][info][gc,heap        ] GC(1142) Eden regions: 1119->0(1119)
[4219.372s][info][gc,heap        ] GC(1142) Survivor regions: 109->109(154)
[4219.372s][info][gc,heap        ] GC(1142) Old regions: 475->507
[4219.372s][info][gc,heap        ] GC(1142) Humongous regions: 80->80
[4219.372s][info][gc,metaspace   ] GC(1142) Metaspace: 28863K(29248K)->28863K(29248K) NonClass: 23996K(24192K)->23996K(24192K) Class: 4867K(5056K)->4867K(5056K)
[4219.372s][info][gc             ] GC(1142) Pause Young (Concurrent Start) (G1 Evacuation Pause) 3564M->1391M(4096M) 115.169ms
[4219.372s][info][gc             ] GC(1143) Concurrent Mark Cycle
[4219.372s][info][gc,marking     ] GC(1143) Concurrent Scan Root Regions
[4219.372s][info][gc,cpu         ] GC(1142) User=0.69s Sys=0.00s Real=0.12s
[4219.546s][info][gc,marking     ] GC(1143) Concurrent Scan Root Regions 174.027ms
[4219.546s][info][gc,marking     ] GC(1143) Concurrent Mark
[4219.546s][info][gc,marking     ] GC(1143) Concurrent Mark From Roots
[4219.546s][info][gc,task        ] GC(1143) Using 2 workers of 2 for marking
.[4220.261s][info][gc,marking     ] GC(1143) Concurrent Mark From Roots 714.858ms
[4220.261s][info][gc,marking     ] GC(1143) Concurrent Preclean
[4220.261s][info][gc,marking     ] GC(1143) Concurrent Preclean 0.120ms
[4220.263s][info][gc,start       ] GC(1143) Pause Remark
[4220.268s][info][gc             ] GC(1143) Pause Remark 2155M->2155M(4096M) 4.966ms
[4220.268s][info][gc,cpu         ] GC(1143) User=0.02s Sys=0.00s Real=0.01s
[4220.269s][info][gc,marking     ] GC(1143) Concurrent Mark 722.297ms
[4220.269s][info][gc,marking     ] GC(1143) Concurrent Rebuild Remembered Sets and Scrub Regions
[4220.536s][info][gc,marking     ] GC(1143) Concurrent Rebuild Remembered Sets and Scrub Regions 267.302ms
[4220.536s][info][gc,start       ] GC(1143) Pause Cleanup
[4220.536s][info][gc             ] GC(1143) Pause Cleanup 2459M->2459M(4096M) 0.110ms
[4220.536s][info][gc,cpu         ] GC(1143) User=0.00s Sys=0.00s Real=0.00s
[4220.536s][info][gc,marking     ] GC(1143) Concurrent Clear Claimed Marks
[4220.536s][info][gc,marking     ] GC(1143) Concurrent Clear Claimed Marks 0.028ms
[4220.536s][info][gc,marking     ] GC(1143) Concurrent Cleanup for Next Mark
[4220.542s][info][gc,marking     ] GC(1143) Concurrent Cleanup for Next Mark 5.425ms
[4220.542s][info][gc             ] GC(1143) Concurrent Mark Cycle 1169.544ms
.[4221.695s][info][gc,start       ] GC(1144) Pause Young (Prepare Mixed) (G1 Evacuation Pause)
[4221.695s][info][gc,task        ] GC(1144) Using 6 workers of 6 for evacuation
[4221.810s][info][gc,phases      ] GC(1144)   Pre Evacuate Collection Set: 0.36ms
[4221.810s][info][gc,phases      ] GC(1144)   Merge Heap Roots: 0.52ms
[4221.810s][info][gc,phases      ] GC(1144)   Evacuate Collection Set: 113.60ms
[4221.810s][info][gc,phases      ] GC(1144)   Post Evacuate Collection Set: 0.93ms
[4221.810s][info][gc,phases      ] GC(1144)   Other: 0.11ms
[4221.810s][info][gc,heap        ] GC(1144) Eden regions: 1119->0(1111)
[4221.810s][info][gc,heap        ] GC(1144) Survivor regions: 109->107(154)
[4221.810s][info][gc,heap        ] GC(1144) Old regions: 507->540
[4221.810s][info][gc,heap        ] GC(1144) Humongous regions: 80->80
[4221.810s][info][gc,metaspace   ] GC(1144) Metaspace: 28863K(29248K)->28863K(29248K) NonClass: 23996K(24192K)->23996K(24192K) Class: 4867K(5056K)->4867K(5056K)
[4221.810s][info][gc             ] GC(1144) Pause Young (Prepare Mixed) (G1 Evacuation Pause) 3629M->1452M(4096M) 115.669ms
[4221.810s][info][gc,cpu         ] GC(1144) User=0.68s Sys=0.01s Real=0.12s
...[4224.132s][info][gc,start       ] GC(1145) Pause Young (Mixed) (G1 Evacuation Pause)
[4224.132s][info][gc,task        ] GC(1145) Using 6 workers of 6 for evacuation
[4224.265s][info][gc,phases      ] GC(1145)   Pre Evacuate Collection Set: 0.42ms
[4224.265s][info][gc,phases      ] GC(1145)   Merge Heap Roots: 0.66ms
[4224.265s][info][gc,phases      ] GC(1145)   Evacuate Collection Set: 130.81ms
[4224.265s][info][gc,phases      ] GC(1145)   Post Evacuate Collection Set: 0.99ms
[4224.265s][info][gc,phases      ] GC(1145)   Other: 0.10ms
[4224.265s][info][gc,heap        ] GC(1145) Eden regions: 1111->0(1117)
[4224.265s][info][gc,heap        ] GC(1145) Survivor regions: 107->111(153)
[4224.265s][info][gc,heap        ] GC(1145) Old regions: 540->476
[4224.265s][info][gc,heap        ] GC(1145) Humongous regions: 80->80
[4224.265s][info][gc,metaspace   ] GC(1145) Metaspace: 28863K(29248K)->28863K(29248K) NonClass: 23996K(24192K)->23996K(24192K) Class: 4867K(5056K)->4867K(5056K)
[4224.265s][info][gc             ] GC(1145) Pause Young (Mixed) (G1 Evacuation Pause) 3674M->1331M(4096M) 133.107ms
[4224.265s][info][gc,cpu         ] GC(1145) User=0.79s Sys=0.00s Real=0.13s
..[4226.744s][info][gc,start       ] GC(1146) Pause Young (Concurrent Start) (G1 Evacuation Pause)
[4226.745s][info][gc,task        ] GC(1146) Using 6 workers of 6 for evacuation
[4226.865s][info][gc,phases      ] GC(1146)   Pre Evacuate Collection Set: 0.37ms
[4226.865s][info][gc,phases      ] GC(1146)   Merge Heap Roots: 0.53ms
[4226.865s][info][gc,phases      ] GC(1146)   Evacuate Collection Set: 119.03ms
[4226.865s][info][gc,phases      ] GC(1146)   Post Evacuate Collection Set: 0.89ms
[4226.865s][info][gc,phases      ] GC(1146)   Other: 0.10ms
[4226.866s][info][gc,heap        ] GC(1146) Eden regions: 1117->0(1116)
[4226.866s][info][gc,heap        ] GC(1146) Survivor regions: 111->112(154)
[4226.866s][info][gc,heap        ] GC(1146) Old regions: 476->507
[4226.866s][info][gc,heap        ] GC(1146) Humongous regions: 80->80
[4226.866s][info][gc,metaspace   ] GC(1146) Metaspace: 28863K(29248K)->28863K(29248K) NonClass: 23996K(24192K)->23996K(24192K) Class: 4867K(5056K)->4867K(5056K)
[4226.866s][info][gc             ] GC(1146) Pause Young (Concurrent Start) (G1 Evacuation Pause) 3565M->1397M(4096M) 121.055ms
[4226.866s][info][gc             ] GC(1147) Concurrent Mark Cycle
[4226.866s][info][gc,marking     ] GC(1147) Concurrent Scan Root Regions
[4226.866s][info][gc,cpu         ] GC(1146) User=0.72s Sys=0.00s Real=0.12s
[4227.048s][info][gc,marking     ] GC(1147) Concurrent Scan Root Regions 182.602ms
[4227.048s][info][gc,marking     ] GC(1147) Concurrent Mark
[4227.048s][info][gc,marking     ] GC(1147) Concurrent Mark From Roots
[4227.048s][info][gc,task        ] GC(1147) Using 2 workers of 2 for marking
..[4228.128s][info][gc,marking     ] GC(1147) Concurrent Mark From Roots 1079.310ms
[4228.128s][info][gc,marking     ] GC(1147) Concurrent Preclean
[4228.128s][info][gc,marking     ] GC(1147) Concurrent Preclean 0.123ms
[4228.128s][info][gc,start       ] GC(1147) Pause Remark
[4228.135s][info][gc             ] GC(1147) Pause Remark 2521M->2521M(4096M) 6.887ms
[4228.135s][info][gc,cpu         ] GC(1147) User=0.03s Sys=0.00s Real=0.00s
[4228.135s][info][gc,marking     ] GC(1147) Concurrent Mark 1087.003ms
[4228.135s][info][gc,marking     ] GC(1147) Concurrent Rebuild Remembered Sets and Scrub Regions
[4228.489s][info][gc,marking     ] GC(1147) Concurrent Rebuild Remembered Sets and Scrub Regions 353.519ms
[4228.489s][info][gc,start       ] GC(1147) Pause Cleanup
[4228.489s][info][gc             ] GC(1147) Pause Cleanup 2865M->2865M(4096M) 0.128ms
[4228.489s][info][gc,cpu         ] GC(1147) User=0.00s Sys=0.00s Real=0.00s
[4228.489s][info][gc,marking     ] GC(1147) Concurrent Clear Claimed Marks
[4228.489s][info][gc,marking     ] GC(1147) Concurrent Clear Claimed Marks 0.030ms
[4228.489s][info][gc,marking     ] GC(1147) Concurrent Cleanup for Next Mark
[4228.495s][info][gc,marking     ] GC(1147) Concurrent Cleanup for Next Mark 5.508ms
[4228.495s][info][gc             ] GC(1147) Concurrent Mark Cycle 1629.268ms
.[4229.133s][info][gc,start       ] GC(1148) Pause Young (Prepare Mixed) (G1 Evacuation Pause)
[4229.133s][info][gc,task        ] GC(1148) Using 6 workers of 6 for evacuation
[4229.253s][info][gc,phases      ] GC(1148)   Pre Evacuate Collection Set: 0.32ms
[4229.254s][info][gc,phases      ] GC(1148)   Merge Heap Roots: 0.58ms
[4229.254s][info][gc,phases      ] GC(1148)   Evacuate Collection Set: 118.21ms
[4229.254s][info][gc,phases      ] GC(1148)   Post Evacuate Collection Set: 0.95ms
[4229.254s][info][gc,phases      ] GC(1148)   Other: 0.09ms
[4229.254s][info][gc,heap        ] GC(1148) Eden regions: 1116->0(1104)
[4229.254s][info][gc,heap        ] GC(1148) Survivor regions: 112->111(154)
[4229.254s][info][gc,heap        ] GC(1148) Old regions: 507->539
[4229.254s][info][gc,heap        ] GC(1148) Humongous regions: 80->80
[4229.254s][info][gc,metaspace   ] GC(1148) Metaspace: 28863K(29248K)->28863K(29248K) NonClass: 23996K(24192K)->23996K(24192K) Class: 4867K(5056K)->4867K(5056K)
[4229.254s][info][gc             ] GC(1148) Pause Young (Prepare Mixed) (G1 Evacuation Pause) 3629M->1459M(4096M) 120.295ms
[4229.254s][info][gc,cpu         ] GC(1148) User=0.71s Sys=0.00s Real=0.12s
..[4231.592s][info][gc,start       ] GC(1149) Pause Young (Mixed) (G1 Evacuation Pause)
[4231.593s][info][gc,task        ] GC(1149) Using 6 workers of 6 for evacuation
[4231.730s][info][gc,phases      ] GC(1149)   Pre Evacuate Collection Set: 0.38ms
[4231.730s][info][gc,phases      ] GC(1149)   Merge Heap Roots: 0.68ms
[4231.730s][info][gc,phases      ] GC(1149)   Evacuate Collection Set: 135.25ms
[4231.730s][info][gc,phases      ] GC(1149)   Post Evacuate Collection Set: 0.94ms
[4231.730s][info][gc,phases      ] GC(1149)   Other: 0.09ms
[4231.730s][info][gc,heap        ] GC(1149) Eden regions: 1104->0(1117)
[4231.730s][info][gc,heap        ] GC(1149) Survivor regions: 111->111(152)
[4231.730s][info][gc,heap        ] GC(1149) Old regions: 539->476
[4231.730s][info][gc,heap        ] GC(1149) Humongous regions: 80->80
[4231.730s][info][gc,metaspace   ] GC(1149) Metaspace: 28863K(29248K)->28863K(29248K) NonClass: 23996K(24192K)->23996K(24192K) Class: 4867K(5056K)->4867K(5056K)
[4231.730s][info][gc             ] GC(1149) Pause Young (Mixed) (G1 Evacuation Pause) 3667M->1331M(4096M) 137.487ms
[4231.730s][info][gc,cpu         ] GC(1149) User=0.82s Sys=0.00s Real=0.14s
...[4234.143s][info][gc,start       ] GC(1150) Pause Young (Concurrent Start) (G1 Evacuation Pause)
[4234.143s][info][gc,task        ] GC(1150) Using 6 workers of 6 for evacuation
[4234.268s][info][gc,phases      ] GC(1150)   Pre Evacuate Collection Set: 0.38ms
[4234.268s][info][gc,phases      ] GC(1150)   Merge Heap Roots: 0.55ms
[4234.268s][info][gc,phases      ] GC(1150)   Evacuate Collection Set: 122.72ms
[4234.268s][info][gc,phases      ] GC(1150)   Post Evacuate Collection Set: 0.90ms
[4234.268s][info][gc,phases      ] GC(1150)   Other: 0.12ms
[4234.268s][info][gc,heap        ] GC(1150) Eden regions: 1117->0(1114)
[4234.268s][info][gc,heap        ] GC(1150) Survivor regions: 111->114(154)
[4234.268s][info][gc,heap        ] GC(1150) Old regions: 476->507
[4234.268s][info][gc,heap        ] GC(1150) Humongous regions: 80->80
[4234.268s][info][gc,metaspace   ] GC(1150) Metaspace: 28863K(29248K)->28863K(29248K) NonClass: 23996K(24192K)->23996K(24192K) Class: 4867K(5056K)->4867K(5056K)
[4234.268s][info][gc             ] GC(1150) Pause Young (Concurrent Start) (G1 Evacuation Pause) 3565M->1400M(4096M) 124.817ms
[4234.268s][info][gc             ] GC(1151) Concurrent Mark Cycle
[4234.268s][info][gc,marking     ] GC(1151) Concurrent Scan Root Regions
[4234.268s][info][gc,cpu         ] GC(1150) User=0.74s Sys=0.00s Real=0.12s
[4234.464s][info][gc,marking     ] GC(1151) Concurrent Scan Root Regions 196.288ms
[4234.464s][info][gc,marking     ] GC(1151) Concurrent Mark
[4234.464s][info][gc,marking     ] GC(1151) Concurrent Mark From Roots
[4234.464s][info][gc,task        ] GC(1151) Using 2 workers of 2 for marking
.[4235.470s][info][gc,marking     ] GC(1151) Concurrent Mark From Roots 1005.551ms
[4235.470s][info][gc,marking     ] GC(1151) Concurrent Preclean
[4235.470s][info][gc,marking     ] GC(1151) Concurrent Preclean 0.135ms
[4235.474s][info][gc,start       ] GC(1151) Pause Remark
[4235.478s][info][gc             ] GC(1151) Pause Remark 2498M->2498M(4096M) 4.337ms
[4235.478s][info][gc,cpu         ] GC(1151) User=0.03s Sys=0.00s Real=0.00s
[4235.478s][info][gc,marking     ] GC(1151) Concurrent Mark 1013.733ms
[4235.478s][info][gc,marking     ] GC(1151) Concurrent Rebuild Remembered Sets and Scrub Regions
[4235.813s][info][gc,marking     ] GC(1151) Concurrent Rebuild Remembered Sets and Scrub Regions 334.675ms
[4235.813s][info][gc,start       ] GC(1151) Pause Cleanup
[4235.813s][info][gc             ] GC(1151) Pause Cleanup 2828M->2828M(4096M) 0.117ms
[4235.813s][info][gc,cpu         ] GC(1151) User=0.00s Sys=0.00s Real=0.00s
[4235.813s][info][gc,marking     ] GC(1151) Concurrent Clear Claimed Marks
[4235.813s][info][gc,marking     ] GC(1151) Concurrent Clear Claimed Marks 0.024ms
[4235.813s][info][gc,marking     ] GC(1151) Concurrent Cleanup for Next Mark
[4235.818s][info][gc,marking     ] GC(1151) Concurrent Cleanup for Next Mark 5.038ms
[4235.818s][info][gc             ] GC(1151) Concurrent Mark Cycle 1550.266ms
.[4236.557s][info][gc,start       ] GC(1152) Pause Young (Prepare Mixed) (G1 Evacuation Pause)
[4236.557s][info][gc,task        ] GC(1152) Using 6 workers of 6 for evacuation
[4236.677s][info][gc,phases      ] GC(1152)   Pre Evacuate Collection Set: 0.33ms
[4236.677s][info][gc,phases      ] GC(1152)   Merge Heap Roots: 0.50ms
[4236.677s][info][gc,phases      ] GC(1152)   Evacuate Collection Set: 118.42ms
[4236.677s][info][gc,phases      ] GC(1152)   Post Evacuate Collection Set: 0.91ms
[4236.678s][info][gc,phases      ] GC(1152)   Other: 0.09ms
[4236.678s][info][gc,heap        ] GC(1152) Eden regions: 1114->0(1104)
[4236.678s][info][gc,heap        ] GC(1152) Survivor regions: 114->111(154)
[4236.678s][info][gc,heap        ] GC(1152) Old regions: 507->539
[4236.678s][info][gc,heap        ] GC(1152) Humongous regions: 80->80
[4236.678s][info][gc,metaspace   ] GC(1152) Metaspace: 28863K(29248K)->28863K(29248K) NonClass: 23996K(24192K)->23996K(24192K) Class: 4867K(5056K)->4867K(5056K)
[4236.678s][info][gc             ] GC(1152) Pause Young (Prepare Mixed) (G1 Evacuation Pause) 3628M->1458M(4096M) 120.375ms
[4236.678s][info][gc,cpu         ] GC(1152) User=0.71s Sys=0.00s Real=0.12s
..[4239.067s][info][gc,start       ] GC(1153) Pause Young (Mixed) (G1 Evacuation Pause)
[4239.067s][info][gc,task        ] GC(1153) Using 6 workers of 6 for evacuation
[4239.196s][info][gc,phases      ] GC(1153)   Pre Evacuate Collection Set: 0.36ms
[4239.196s][info][gc,phases      ] GC(1153)   Merge Heap Roots: 0.59ms
[4239.196s][info][gc,phases      ] GC(1153)   Evacuate Collection Set: 127.56ms
[4239.197s][info][gc,phases      ] GC(1153)   Post Evacuate Collection Set: 0.94ms
[4239.197s][info][gc,phases      ] GC(1153)   Other: 0.09ms
[4239.197s][info][gc,heap        ] GC(1153) Eden regions: 1104->0(1120)
[4239.197s][info][gc,heap        ] GC(1153) Survivor regions: 111->108(152)
[4239.197s][info][gc,heap        ] GC(1153) Old regions: 539->475
[4239.197s][info][gc,heap        ] GC(1153) Humongous regions: 80->80
[4239.197s][info][gc,metaspace   ] GC(1153) Metaspace: 28863K(29248K)->28863K(29248K) NonClass: 23996K(24192K)->23996K(24192K) Class: 4867K(5056K)->4867K(5056K)
[4239.197s][info][gc             ] GC(1153) Pause Young (Mixed) (G1 Evacuation Pause) 3666M->1324M(4096M) 129.677ms
[4239.197s][info][gc,cpu         ] GC(1153) User=0.77s Sys=0.00s Real=0.13s
...[4241.614s][info][gc,start       ] GC(1154) Pause Young (Concurrent Start) (G1 Evacuation Pause)
[4241.614s][info][gc,task        ] GC(1154) Using 6 workers of 6 for evacuation
[4241.729s][info][gc,phases      ] GC(1154)   Pre Evacuate Collection Set: 0.37ms
[4241.729s][info][gc,phases      ] GC(1154)   Merge Heap Roots: 0.46ms
[4241.729s][info][gc,phases      ] GC(1154)   Evacuate Collection Set: 113.69ms
[4241.729s][info][gc,phases      ] GC(1154)   Post Evacuate Collection Set: 0.89ms
[4241.729s][info][gc,phases      ] GC(1154)   Other: 0.12ms
[4241.729s][info][gc,heap        ] GC(1154) Eden regions: 1120->0(1121)
[4241.729s][info][gc,heap        ] GC(1154) Survivor regions: 108->107(154)
[4241.729s][info][gc,heap        ] GC(1154) Old regions: 475->506
[4241.729s][info][gc,heap        ] GC(1154) Humongous regions: 80->80
[4241.729s][info][gc,metaspace   ] GC(1154) Metaspace: 28863K(29248K)->28863K(29248K) NonClass: 23996K(24192K)->23996K(24192K) Class: 4867K(5056K)->4867K(5056K)
[4241.729s][info][gc             ] GC(1154) Pause Young (Concurrent Start) (G1 Evacuation Pause) 3564M->1385M(4096M) 115.645ms
[4241.729s][info][gc             ] GC(1155) Concurrent Mark Cycle
[4241.729s][info][gc,marking     ] GC(1155) Concurrent Scan Root Regions
[4241.729s][info][gc,cpu         ] GC(1154) User=0.68s Sys=0.00s Real=0.12s
[4241.919s][info][gc,marking     ] GC(1155) Concurrent Scan Root Regions 189.391ms
[4241.919s][info][gc,marking     ] GC(1155) Concurrent Mark
[4241.919s][info][gc,marking     ] GC(1155) Concurrent Mark From Roots
[4241.919s][info][gc,task        ] GC(1155) Using 2 workers of 2 for marking
.[4242.984s][info][gc,marking     ] GC(1155) Concurrent Mark From Roots 1065.392ms
[4242.984s][info][gc,marking     ] GC(1155) Concurrent Preclean
[4242.984s][info][gc,marking     ] GC(1155) Concurrent Preclean 0.131ms
[4242.985s][info][gc,start       ] GC(1155) Pause Remark
[4242.993s][info][gc             ] GC(1155) Pause Remark 2501M->2501M(4096M) 7.590ms
[4242.993s][info][gc,cpu         ] GC(1155) User=0.04s Sys=0.00s Real=0.01s
[4242.993s][info][gc,marking     ] GC(1155) Concurrent Mark 1074.274ms
[4242.993s][info][gc,marking     ] GC(1155) Concurrent Rebuild Remembered Sets and Scrub Regions
.[4243.388s][info][gc,marking     ] GC(1155) Concurrent Rebuild Remembered Sets and Scrub Regions 394.764ms
[4243.390s][info][gc,start       ] GC(1155) Pause Cleanup
[4243.390s][info][gc             ] GC(1155) Pause Cleanup 2949M->2949M(4096M) 0.134ms
[4243.390s][info][gc,cpu         ] GC(1155) User=0.00s Sys=0.00s Real=0.00s
[4243.390s][info][gc,marking     ] GC(1155) Concurrent Clear Claimed Marks
[4243.390s][info][gc,marking     ] GC(1155) Concurrent Clear Claimed Marks 0.036ms
[4243.390s][info][gc,marking     ] GC(1155) Concurrent Cleanup for Next Mark
[4243.395s][info][gc,marking     ] GC(1155) Concurrent Cleanup for Next Mark 4.819ms
[4243.395s][info][gc             ] GC(1155) Concurrent Mark Cycle 1665.965ms
[4244.151s][info][gc,start       ] GC(1156) Pause Young (Prepare Mixed) (G1 Evacuation Pause)
[4244.151s][info][gc,task        ] GC(1156) Using 6 workers of 6 for evacuation
[4244.270s][info][gc,phases      ] GC(1156)   Pre Evacuate Collection Set: 0.38ms
[4244.270s][info][gc,phases      ] GC(1156)   Merge Heap Roots: 0.58ms
[4244.270s][info][gc,phases      ] GC(1156)   Evacuate Collection Set: 116.50ms
[4244.270s][info][gc,phases      ] GC(1156)   Post Evacuate Collection Set: 0.94ms
[4244.270s][info][gc,phases      ] GC(1156)   Other: 0.10ms
[4244.270s][info][gc,heap        ] GC(1156) Eden regions: 1121->0(1108)
[4244.270s][info][gc,heap        ] GC(1156) Survivor regions: 107->110(154)
[4244.270s][info][gc,heap        ] GC(1156) Old regions: 506->537
[4244.270s][info][gc,heap        ] GC(1156) Humongous regions: 80->80
[4244.270s][info][gc,metaspace   ] GC(1156) Metaspace: 28863K(29248K)->28863K(29248K) NonClass: 23996K(24192K)->23996K(24192K) Class: 4867K(5056K)->4867K(5056K)
[4244.270s][info][gc             ] GC(1156) Pause Young (Prepare Mixed) (G1 Evacuation Pause) 3627M->1451M(4096M) 118.627ms
[4244.270s][info][gc,cpu         ] GC(1156) User=0.71s Sys=0.00s Real=0.12s
...[4246.573s][info][gc,start       ] GC(1157) Pause Young (Mixed) (G1 Evacuation Pause)
[4246.573s][info][gc,task        ] GC(1157) Using 6 workers of 6 for evacuation
[4246.713s][info][gc,phases      ] GC(1157)   Pre Evacuate Collection Set: 0.38ms
[4246.713s][info][gc,phases      ] GC(1157)   Merge Heap Roots: 0.85ms
[4246.713s][info][gc,phases      ] GC(1157)   Evacuate Collection Set: 137.86ms
[4246.713s][info][gc,phases      ] GC(1157)   Post Evacuate Collection Set: 0.93ms
[4246.713s][info][gc,phases      ] GC(1157)   Other: 0.10ms
[4246.713s][info][gc,heap        ] GC(1157) Eden regions: 1108->0(1115)
[4246.713s][info][gc,heap        ] GC(1157) Survivor regions: 110->113(153)
[4246.713s][info][gc,heap        ] GC(1157) Old regions: 537->472
[4246.713s][info][gc,heap        ] GC(1157) Humongous regions: 80->80
[4246.713s][info][gc,metaspace   ] GC(1157) Metaspace: 28863K(29248K)->28863K(29248K) NonClass: 23996K(24192K)->23996K(24192K) Class: 4867K(5056K)->4867K(5056K)
[4246.713s][info][gc             ] GC(1157) Pause Young (Mixed) (G1 Evacuation Pause) 3667M->1329M(4096M) 140.242ms
[4246.713s][info][gc,cpu         ] GC(1157) User=0.82s Sys=0.00s Real=0.14s
..[4249.034s][info][gc,start       ] GC(1158) Pause Young (Concurrent Start) (G1 Evacuation Pause)
[4249.034s][info][gc,task        ] GC(1158) Using 6 workers of 6 for evacuation
[4249.152s][info][gc,phases      ] GC(1158)   Pre Evacuate Collection Set: 0.37ms
[4249.152s][info][gc,phases      ] GC(1158)   Merge Heap Roots: 0.42ms
[4249.152s][info][gc,phases      ] GC(1158)   Evacuate Collection Set: 116.37ms
[4249.152s][info][gc,phases      ] GC(1158)   Post Evacuate Collection Set: 0.92ms
[4249.152s][info][gc,phases      ] GC(1158)   Other: 0.11ms
[4249.152s][info][gc,heap        ] GC(1158) Eden regions: 1115->0(1117)
[4249.152s][info][gc,heap        ] GC(1158) Survivor regions: 113->111(154)
[4249.152s][info][gc,heap        ] GC(1158) Old regions: 472->505
[4249.152s][info][gc,heap        ] GC(1158) Humongous regions: 80->80
[4249.152s][info][gc,metaspace   ] GC(1158) Metaspace: 28863K(29248K)->28863K(29248K) NonClass: 23996K(24192K)->23996K(24192K) Class: 4867K(5056K)->4867K(5056K)
[4249.152s][info][gc             ] GC(1158) Pause Young (Concurrent Start) (G1 Evacuation Pause) 3559M->1390M(4096M) 118.326ms
[4249.152s][info][gc             ] GC(1159) Concurrent Mark Cycle
[4249.152s][info][gc,marking     ] GC(1159) Concurrent Scan Root Regions
[4249.152s][info][gc,cpu         ] GC(1158) User=0.70s Sys=0.00s Real=0.12s
[4249.326s][info][gc,marking     ] GC(1159) Concurrent Scan Root Regions 173.699ms
[4249.326s][info][gc,marking     ] GC(1159) Concurrent Mark
[4249.326s][info][gc,marking     ] GC(1159) Concurrent Mark From Roots
[4249.326s][info][gc,task        ] GC(1159) Using 2 workers of 2 for marking
.[4250.375s][info][gc,marking     ] GC(1159) Concurrent Mark From Roots 1049.282ms
[4250.375s][info][gc,marking     ] GC(1159) Concurrent Preclean
[4250.375s][info][gc,marking     ] GC(1159) Concurrent Preclean 0.117ms
[4250.376s][info][gc,start       ] GC(1159) Pause Remark
[4250.381s][info][gc             ] GC(1159) Pause Remark 2546M->2546M(4096M) 5.171ms
[4250.381s][info][gc,cpu         ] GC(1159) User=0.03s Sys=0.00s Real=0.01s
[4250.381s][info][gc,marking     ] GC(1159) Concurrent Mark 1055.771ms
[4250.381s][info][gc,marking     ] GC(1159) Concurrent Rebuild Remembered Sets and Scrub Regions
.[4250.773s][info][gc,marking     ] GC(1159) Concurrent Rebuild Remembered Sets and Scrub Regions 391.228ms
[4250.774s][info][gc,start       ] GC(1159) Pause Cleanup
[4250.774s][info][gc             ] GC(1159) Pause Cleanup 2974M->2974M(4096M) 0.131ms
[4250.774s][info][gc,cpu         ] GC(1159) User=0.00s Sys=0.00s Real=0.00s
[4250.774s][info][gc,marking     ] GC(1159) Concurrent Clear Claimed Marks
[4250.774s][info][gc,marking     ] GC(1159) Concurrent Clear Claimed Marks 0.033ms
[4250.774s][info][gc,marking     ] GC(1159) Concurrent Cleanup for Next Mark
[4250.781s][info][gc,marking     ] GC(1159) Concurrent Cleanup for Next Mark 6.820ms
[4250.781s][info][gc             ] GC(1159) Concurrent Mark Cycle 1629.120ms
[4251.424s][info][gc,start       ] GC(1160) Pause Young (Prepare Mixed) (G1 Evacuation Pause)
[4251.424s][info][gc,task        ] GC(1160) Using 6 workers of 6 for evacuation
[4251.544s][info][gc,phases      ] GC(1160)   Pre Evacuate Collection Set: 0.33ms
[4251.544s][info][gc,phases      ] GC(1160)   Merge Heap Roots: 0.56ms
[4251.544s][info][gc,phases      ] GC(1160)   Evacuate Collection Set: 118.78ms
[4251.544s][info][gc,phases      ] GC(1160)   Post Evacuate Collection Set: 0.96ms
[4251.544s][info][gc,phases      ] GC(1160)   Other: 0.09ms
[4251.544s][info][gc,heap        ] GC(1160) Eden regions: 1117->0(1102)
[4251.544s][info][gc,heap        ] GC(1160) Survivor regions: 111->113(154)
[4251.544s][info][gc,heap        ] GC(1160) Old regions: 505->537
[4251.544s][info][gc,heap        ] GC(1160) Humongous regions: 80->80
[4251.544s][info][gc,metaspace   ] GC(1160) Metaspace: 28863K(29248K)->28863K(29248K) NonClass: 23996K(24192K)->23996K(24192K) Class: 4867K(5056K)->4867K(5056K)
[4251.544s][info][gc             ] GC(1160) Pause Young (Prepare Mixed) (G1 Evacuation Pause) 3624M->1458M(4096M) 120.857ms
[4251.544s][info][gc,cpu         ] GC(1160) User=0.72s Sys=0.00s Real=0.12s
...[4253.885s][info][gc,start       ] GC(1161) Pause Young (Mixed) (G1 Evacuation Pause)
[4253.886s][info][gc,task        ] GC(1161) Using 6 workers of 6 for evacuation
[4254.021s][info][gc,phases      ] GC(1161)   Pre Evacuate Collection Set: 0.40ms
[4254.021s][info][gc,phases      ] GC(1161)   Merge Heap Roots: 0.79ms
[4254.021s][info][gc,phases      ] GC(1161)   Evacuate Collection Set: 133.21ms
[4254.021s][info][gc,phases      ] GC(1161)   Post Evacuate Collection Set: 0.93ms
[4254.021s][info][gc,phases      ] GC(1161)   Other: 0.09ms
[4254.021s][info][gc,heap        ] GC(1161) Eden regions: 1102->0(1117)
[4254.021s][info][gc,heap        ] GC(1161) Survivor regions: 113->111(152)
[4254.021s][info][gc,heap        ] GC(1161) Old regions: 537->474
[4254.021s][info][gc,heap        ] GC(1161) Humongous regions: 80->80
[4254.021s][info][gc,metaspace   ] GC(1161) Metaspace: 28863K(29248K)->28863K(29248K) NonClass: 23996K(24192K)->23996K(24192K) Class: 4867K(5056K)->4867K(5056K)
[4254.021s][info][gc             ] GC(1161) Pause Young (Mixed) (G1 Evacuation Pause) 3662M->1328M(4096M) 135.574ms
[4254.021s][info][gc,cpu         ] GC(1161) User=0.79s Sys=0.00s Real=0.14s
..[4256.424s][info][gc,start       ] GC(1162) Pause Young (Concurrent Start) (G1 Evacuation Pause)
[4256.424s][info][gc,task        ] GC(1162) Using 6 workers of 6 for evacuation
[4256.550s][info][gc,phases      ] GC(1162)   Pre Evacuate Collection Set: 0.40ms
[4256.550s][info][gc,phases      ] GC(1162)   Merge Heap Roots: 0.46ms
[4256.550s][info][gc,phases      ] GC(1162)   Evacuate Collection Set: 123.95ms
[4256.550s][info][gc,phases      ] GC(1162)   Post Evacuate Collection Set: 0.92ms
[4256.550s][info][gc,phases      ] GC(1162)   Other: 0.12ms
[4256.550s][info][gc,heap        ] GC(1162) Eden regions: 1117->0(1111)
[4256.550s][info][gc,heap        ] GC(1162) Survivor regions: 111->117(154)
[4256.550s][info][gc,heap        ] GC(1162) Old regions: 474->507
[4256.550s][info][gc,heap        ] GC(1162) Humongous regions: 80->80
[4256.550s][info][gc,metaspace   ] GC(1162) Metaspace: 28863K(29248K)->28863K(29248K) NonClass: 23996K(24192K)->23996K(24192K) Class: 4867K(5056K)->4867K(5056K)
[4256.550s][info][gc             ] GC(1162) Pause Young (Concurrent Start) (G1 Evacuation Pause) 3562M->1406M(4096M) 125.988ms
[4256.550s][info][gc             ] GC(1163) Concurrent Mark Cycle
[4256.550s][info][gc,marking     ] GC(1163) Concurrent Scan Root Regions
[4256.550s][info][gc,cpu         ] GC(1162) User=0.74s Sys=0.00s Real=0.13s
.[4256.697s][info][gc,marking     ] GC(1163) Concurrent Scan Root Regions 146.523ms
[4256.697s][info][gc,marking     ] GC(1163) Concurrent Mark
[4256.697s][info][gc,marking     ] GC(1163) Concurrent Mark From Roots
[4256.697s][info][gc,task        ] GC(1163) Using 2 workers of 2 for marking
[4257.378s][info][gc,marking     ] GC(1163) Concurrent Mark From Roots 680.652ms
[4257.378s][info][gc,marking     ] GC(1163) Concurrent Preclean
[4257.378s][info][gc,marking     ] GC(1163) Concurrent Preclean 0.116ms
[4257.379s][info][gc,start       ] GC(1163) Pause Remark
[4257.385s][info][gc             ] GC(1163) Pause Remark 2124M->2124M(4096M) 6.231ms
[4257.385s][info][gc,cpu         ] GC(1163) User=0.04s Sys=0.00s Real=0.00s
[4257.386s][info][gc,marking     ] GC(1163) Concurrent Mark 688.683ms
[4257.386s][info][gc,marking     ] GC(1163) Concurrent Rebuild Remembered Sets and Scrub Regions
[4257.661s][info][gc,marking     ] GC(1163) Concurrent Rebuild Remembered Sets and Scrub Regions 274.977ms
[4257.663s][info][gc,start       ] GC(1163) Pause Cleanup
[4257.663s][info][gc             ] GC(1163) Pause Cleanup 2400M->2400M(4096M) 0.148ms
[4257.663s][info][gc,cpu         ] GC(1163) User=0.00s Sys=0.00s Real=0.00s
[4257.663s][info][gc,marking     ] GC(1163) Concurrent Clear Claimed Marks
[4257.663s][info][gc,marking     ] GC(1163) Concurrent Clear Claimed Marks 0.026ms
[4257.663s][info][gc,marking     ] GC(1163) Concurrent Cleanup for Next Mark
[4257.669s][info][gc,marking     ] GC(1163) Concurrent Cleanup for Next Mark 5.287ms
[4257.669s][info][gc             ] GC(1163) Concurrent Mark Cycle 1118.253ms
..[4258.788s][info][gc,start       ] GC(1164) Pause Young (Prepare Mixed) (G1 Evacuation Pause)
[4258.788s][info][gc,task        ] GC(1164) Using 6 workers of 6 for evacuation
[4258.909s][info][gc,phases      ] GC(1164)   Pre Evacuate Collection Set: 0.34ms
[4258.909s][info][gc,phases      ] GC(1164)   Merge Heap Roots: 0.52ms
[4258.909s][info][gc,phases      ] GC(1164)   Evacuate Collection Set: 118.73ms
[4258.909s][info][gc,phases      ] GC(1164)   Post Evacuate Collection Set: 0.90ms
[4258.909s][info][gc,phases      ] GC(1164)   Other: 0.08ms
[4258.909s][info][gc,heap        ] GC(1164) Eden regions: 1111->0(1104)
[4258.909s][info][gc,heap        ] GC(1164) Survivor regions: 117->111(154)
[4258.909s][info][gc,heap        ] GC(1164) Old regions: 507->539
[4258.909s][info][gc,heap        ] GC(1164) Humongous regions: 80->80
[4258.909s][info][gc,metaspace   ] GC(1164) Metaspace: 28863K(29248K)->28863K(29248K) NonClass: 23996K(24192K)->23996K(24192K) Class: 4867K(5056K)->4867K(5056K)
[4258.909s][info][gc             ] GC(1164) Pause Young (Prepare Mixed) (G1 Evacuation Pause) 3628M->1458M(4096M) 120.701ms
[4258.909s][info][gc,cpu         ] GC(1164) User=0.71s Sys=0.00s Real=0.12s
..[4261.300s][info][gc,start       ] GC(1165) Pause Young (Mixed) (G1 Evacuation Pause)
[4261.300s][info][gc,task        ] GC(1165) Using 6 workers of 6 for evacuation
[4261.435s][info][gc,phases      ] GC(1165)   Pre Evacuate Collection Set: 0.40ms
[4261.435s][info][gc,phases      ] GC(1165)   Merge Heap Roots: 0.64ms
[4261.435s][info][gc,phases      ] GC(1165)   Evacuate Collection Set: 132.01ms
[4261.435s][info][gc,phases      ] GC(1165)   Post Evacuate Collection Set: 0.93ms
[4261.435s][info][gc,phases      ] GC(1165)   Other: 0.09ms
[4261.435s][info][gc,heap        ] GC(1165) Eden regions: 1104->0(1118)
[4261.435s][info][gc,heap        ] GC(1165) Survivor regions: 111->110(152)
[4261.435s][info][gc,heap        ] GC(1165) Old regions: 539->474
[4261.435s][info][gc,heap        ] GC(1165) Humongous regions: 80->80
[4261.435s][info][gc,metaspace   ] GC(1165) Metaspace: 28863K(29248K)->28863K(29248K) NonClass: 23996K(24192K)->23996K(24192K) Class: 4867K(5056K)->4867K(5056K)
[4261.435s][info][gc             ] GC(1165) Pause Young (Mixed) (G1 Evacuation Pause) 3666M->1326M(4096M) 134.193ms
[4261.435s][info][gc,cpu         ] GC(1165) User=0.79s Sys=0.00s Real=0.13s
...[4263.729s][info][gc,start       ] GC(1166) Pause Young (Concurrent Start) (G1 Evacuation Pause)
[4263.729s][info][gc,task        ] GC(1166) Using 6 workers of 6 for evacuation
[4263.849s][info][gc,phases      ] GC(1166)   Pre Evacuate Collection Set: 0.37ms
[4263.849s][info][gc,phases      ] GC(1166)   Merge Heap Roots: 0.46ms
[4263.849s][info][gc,phases      ] GC(1166)   Evacuate Collection Set: 118.28ms
[4263.849s][info][gc,phases      ] GC(1166)   Post Evacuate Collection Set: 0.91ms
[4263.850s][info][gc,phases      ] GC(1166)   Other: 0.12ms
[4263.850s][info][gc,heap        ] GC(1166) Eden regions: 1118->0(1117)
[4263.850s][info][gc,heap        ] GC(1166) Survivor regions: 110->111(154)
[4263.850s][info][gc,heap        ] GC(1166) Old regions: 474->505
[4263.850s][info][gc,heap        ] GC(1166) Humongous regions: 80->80
[4263.850s][info][gc,metaspace   ] GC(1166) Metaspace: 28863K(29248K)->28863K(29248K) NonClass: 23996K(24192K)->23996K(24192K) Class: 4867K(5056K)->4867K(5056K)
[4263.850s][info][gc             ] GC(1166) Pause Young (Concurrent Start) (G1 Evacuation Pause) 3562M->1391M(4096M) 120.275ms
[4263.850s][info][gc             ] GC(1167) Concurrent Mark Cycle
[4263.850s][info][gc,marking     ] GC(1167) Concurrent Scan Root Regions
[4263.850s][info][gc,cpu         ] GC(1166) User=0.71s Sys=0.00s Real=0.12s
[4264.022s][info][gc,marking     ] GC(1167) Concurrent Scan Root Regions 172.760ms
[4264.022s][info][gc,marking     ] GC(1167) Concurrent Mark
[4264.022s][info][gc,marking     ] GC(1167) Concurrent Mark From Roots
[4264.022s][info][gc,task        ] GC(1167) Using 2 workers of 2 for marking
.[4265.040s][info][gc,marking     ] GC(1167) Concurrent Mark From Roots 1018.040ms
[4265.041s][info][gc,marking     ] GC(1167) Concurrent Preclean
[4265.041s][info][gc,marking     ] GC(1167) Concurrent Preclean 0.129ms
[4265.043s][info][gc,start       ] GC(1167) Pause Remark
[4265.049s][info][gc             ] GC(1167) Pause Remark 2403M->2403M(4096M) 6.569ms
[4265.049s][info][gc,cpu         ] GC(1167) User=0.04s Sys=0.00s Real=0.01s
[4265.050s][info][gc,marking     ] GC(1167) Concurrent Mark 1027.451ms
[4265.050s][info][gc,marking     ] GC(1167) Concurrent Rebuild Remembered Sets and Scrub Regions
[4265.459s][info][gc,marking     ] GC(1167) Concurrent Rebuild Remembered Sets and Scrub Regions 409.008ms
[4265.460s][info][gc,start       ] GC(1167) Pause Cleanup
[4265.461s][info][gc             ] GC(1167) Pause Cleanup 2935M->2935M(4096M) 0.140ms
[4265.461s][info][gc,cpu         ] GC(1167) User=0.00s Sys=0.00s Real=0.00s
[4265.462s][info][gc,marking     ] GC(1167) Concurrent Clear Claimed Marks
[4265.462s][info][gc,marking     ] GC(1167) Concurrent Clear Claimed Marks 0.046ms
[4265.462s][info][gc,marking     ] GC(1167) Concurrent Cleanup for Next Mark
[4265.469s][info][gc,marking     ] GC(1167) Concurrent Cleanup for Next Mark 7.655ms
[4265.469s][info][gc             ] GC(1167) Concurrent Mark Cycle 1619.826ms
.[4266.173s][info][gc,start       ] GC(1168) Pause Young (Prepare Mixed) (G1 Evacuation Pause)
[4266.173s][info][gc,task        ] GC(1168) Using 6 workers of 6 for evacuation
[4266.292s][info][gc,phases      ] GC(1168)   Pre Evacuate Collection Set: 0.33ms
[4266.292s][info][gc,phases      ] GC(1168)   Merge Heap Roots: 0.48ms
[4266.292s][info][gc,phases      ] GC(1168)   Evacuate Collection Set: 117.72ms
[4266.292s][info][gc,phases      ] GC(1168)   Post Evacuate Collection Set: 0.97ms
[4266.292s][info][gc,phases      ] GC(1168)   Other: 0.09ms
[4266.292s][info][gc,heap        ] GC(1168) Eden regions: 1117->0(1105)
[4266.292s][info][gc,heap        ] GC(1168) Survivor regions: 111->111(154)
[4266.292s][info][gc,heap        ] GC(1168) Old regions: 505->538
[4266.292s][info][gc,heap        ] GC(1168) Humongous regions: 80->80
[4266.292s][info][gc,metaspace   ] GC(1168) Metaspace: 28863K(29248K)->28863K(29248K) NonClass: 23996K(24192K)->23996K(24192K) Class: 4867K(5056K)->4867K(5056K)
[4266.293s][info][gc             ] GC(1168) Pause Young (Prepare Mixed) (G1 Evacuation Pause) 3625M->1455M(4096M) 119.744ms
[4266.293s][info][gc,cpu         ] GC(1168) User=0.71s Sys=0.00s Real=0.12s
..[4268.666s][info][gc,start       ] GC(1169) Pause Young (Mixed) (G1 Evacuation Pause)
[4268.666s][info][gc,task        ] GC(1169) Using 6 workers of 6 for evacuation
[4268.798s][info][gc,phases      ] GC(1169)   Pre Evacuate Collection Set: 0.38ms
[4268.798s][info][gc,phases      ] GC(1169)   Merge Heap Roots: 0.70ms
[4268.798s][info][gc,phases      ] GC(1169)   Evacuate Collection Set: 130.02ms
[4268.798s][info][gc,phases      ] GC(1169)   Post Evacuate Collection Set: 0.92ms
[4268.798s][info][gc,phases      ] GC(1169)   Other: 0.09ms
[4268.798s][info][gc,heap        ] GC(1169) Eden regions: 1105->0(1121)
[4268.798s][info][gc,heap        ] GC(1169) Survivor regions: 111->107(152)
[4268.798s][info][gc,heap        ] GC(1169) Old regions: 538->474
[4268.798s][info][gc,heap        ] GC(1169) Humongous regions: 80->80
[4268.798s][info][gc,metaspace   ] GC(1169) Metaspace: 28863K(29248K)->28863K(29248K) NonClass: 23996K(24192K)->23996K(24192K) Class: 4867K(5056K)->4867K(5056K)
[4268.798s][info][gc             ] GC(1169) Pause Young (Mixed) (G1 Evacuation Pause) 3665M->1320M(4096M) 132.258ms
[4268.798s][info][gc,cpu         ] GC(1169) User=0.78s Sys=0.00s Real=0.14s
...[4271.110s][info][gc,start       ] GC(1170) Pause Young (Concurrent Start) (G1 Evacuation Pause)
[4271.110s][info][gc,task        ] GC(1170) Using 6 workers of 6 for evacuation
[4271.227s][info][gc,phases      ] GC(1170)   Pre Evacuate Collection Set: 0.41ms
[4271.227s][info][gc,phases      ] GC(1170)   Merge Heap Roots: 0.44ms
[4271.227s][info][gc,phases      ] GC(1170)   Evacuate Collection Set: 115.06ms
[4271.227s][info][gc,phases      ] GC(1170)   Post Evacuate Collection Set: 0.87ms
[4271.227s][info][gc,phases      ] GC(1170)   Other: 0.10ms
[4271.227s][info][gc,heap        ] GC(1170) Eden regions: 1121->0(1118)
[4271.227s][info][gc,heap        ] GC(1170) Survivor regions: 107->110(154)
[4271.227s][info][gc,heap        ] GC(1170) Old regions: 474->505
[4271.227s][info][gc,heap        ] GC(1170) Humongous regions: 80->80
[4271.227s][info][gc,metaspace   ] GC(1170) Metaspace: 28863K(29248K)->28863K(29248K) NonClass: 23996K(24192K)->23996K(24192K) Class: 4867K(5056K)->4867K(5056K)
[4271.227s][info][gc             ] GC(1170) Pause Young (Concurrent Start) (G1 Evacuation Pause) 3562M->1388M(4096M) 117.002ms
[4271.227s][info][gc             ] GC(1171) Concurrent Mark Cycle
[4271.227s][info][gc,marking     ] GC(1171) Concurrent Scan Root Regions
[4271.227s][info][gc,cpu         ] GC(1170) User=0.69s Sys=0.00s Real=0.11s
[4271.403s][info][gc,marking     ] GC(1171) Concurrent Scan Root Regions 175.764ms
[4271.403s][info][gc,marking     ] GC(1171) Concurrent Mark
[4271.403s][info][gc,marking     ] GC(1171) Concurrent Mark From Roots
[4271.403s][info][gc,task        ] GC(1171) Using 2 workers of 2 for marking
.[4272.423s][info][gc,marking     ] GC(1171) Concurrent Mark From Roots 1019.715ms
[4272.423s][info][gc,marking     ] GC(1171) Concurrent Preclean
[4272.423s][info][gc,marking     ] GC(1171) Concurrent Preclean 0.131ms
[4272.424s][info][gc,start       ] GC(1171) Pause Remark
[4272.429s][info][gc             ] GC(1171) Pause Remark 2536M->2536M(4096M) 5.047ms
[4272.429s][info][gc,cpu         ] GC(1171) User=0.02s Sys=0.00s Real=0.01s
[4272.429s][info][gc,marking     ] GC(1171) Concurrent Mark 1026.092ms
[4272.429s][info][gc,marking     ] GC(1171) Concurrent Rebuild Remembered Sets and Scrub Regions
[4272.798s][info][gc,marking     ] GC(1171) Concurrent Rebuild Remembered Sets and Scrub Regions 369.003ms
[4272.798s][info][gc,start       ] GC(1171) Pause Cleanup
[4272.798s][info][gc             ] GC(1171) Pause Cleanup 2909M->2909M(4096M) 0.111ms
[4272.798s][info][gc,cpu         ] GC(1171) User=0.00s Sys=0.00s Real=0.00s
[4272.798s][info][gc,marking     ] GC(1171) Concurrent Clear Claimed Marks
[4272.798s][info][gc,marking     ] GC(1171) Concurrent Clear Claimed Marks 0.021ms
[4272.798s][info][gc,marking     ] GC(1171) Concurrent Cleanup for Next Mark
[4272.801s][info][gc,marking     ] GC(1171) Concurrent Cleanup for Next Mark 3.216ms
[4272.801s][info][gc             ] GC(1171) Concurrent Mark Cycle 1574.530ms
.[4273.574s][info][gc,start       ] GC(1172) Pause Young (Prepare Mixed) (G1 Evacuation Pause)
[4273.574s][info][gc,task        ] GC(1172) Using 6 workers of 6 for evacuation
[4273.697s][info][gc,phases      ] GC(1172)   Pre Evacuate Collection Set: 0.33ms
[4273.697s][info][gc,phases      ] GC(1172)   Merge Heap Roots: 0.50ms
[4273.697s][info][gc,phases      ] GC(1172)   Evacuate Collection Set: 120.96ms
[4273.697s][info][gc,phases      ] GC(1172)   Post Evacuate Collection Set: 0.90ms
[4273.697s][info][gc,phases      ] GC(1172)   Other: 0.09ms
[4273.697s][info][gc,heap        ] GC(1172) Eden regions: 1118->0(1099)
[4273.697s][info][gc,heap        ] GC(1172) Survivor regions: 110->115(154)
[4273.697s][info][gc,heap        ] GC(1172) Old regions: 505->536
[4273.697s][info][gc,heap        ] GC(1172) Humongous regions: 80->80
[4273.697s][info][gc,metaspace   ] GC(1172) Metaspace: 28863K(29248K)->28863K(29248K) NonClass: 23996K(24192K)->23996K(24192K) Class: 4867K(5056K)->4867K(5056K)
[4273.697s][info][gc             ] GC(1172) Pause Young (Prepare Mixed) (G1 Evacuation Pause) 3624M->1460M(4096M) 122.899ms
[4273.697s][info][gc,cpu         ] GC(1172) User=0.73s Sys=0.00s Real=0.12s
...[4276.042s][info][gc,start       ] GC(1173) Pause Young (Mixed) (G1 Evacuation Pause)
[4276.042s][info][gc,task        ] GC(1173) Using 6 workers of 6 for evacuation
[4276.177s][info][gc,phases      ] GC(1173)   Pre Evacuate Collection Set: 0.37ms
[4276.177s][info][gc,phases      ] GC(1173)   Merge Heap Roots: 0.70ms
[4276.177s][info][gc,phases      ] GC(1173)   Evacuate Collection Set: 132.78ms
[4276.177s][info][gc,phases      ] GC(1173)   Post Evacuate Collection Set: 0.95ms
[4276.177s][info][gc,phases      ] GC(1173)   Other: 0.09ms
[4276.177s][info][gc,heap        ] GC(1173) Eden regions: 1099->0(1118)
[4276.177s][info][gc,heap        ] GC(1173) Survivor regions: 115->110(152)
[4276.177s][info][gc,heap        ] GC(1173) Old regions: 536->473
[4276.177s][info][gc,heap        ] GC(1173) Humongous regions: 80->80
[4276.177s][info][gc,metaspace   ] GC(1173) Metaspace: 28863K(29248K)->28863K(29248K) NonClass: 23996K(24192K)->23996K(24192K) Class: 4867K(5056K)->4867K(5056K)
[4276.177s][info][gc             ] GC(1173) Pause Young (Mixed) (G1 Evacuation Pause) 3658M->1323M(4096M) 135.035ms
[4276.177s][info][gc,cpu         ] GC(1173) User=0.80s Sys=0.00s Real=0.13s
..[4278.518s][info][gc,start       ] GC(1174) Pause Young (Concurrent Start) (G1 Evacuation Pause)
[4278.518s][info][gc,task        ] GC(1174) Using 6 workers of 6 for evacuation
[4278.637s][info][gc,phases      ] GC(1174)   Pre Evacuate Collection Set: 0.40ms
[4278.637s][info][gc,phases      ] GC(1174)   Merge Heap Roots: 0.52ms
[4278.637s][info][gc,phases      ] GC(1174)   Evacuate Collection Set: 116.99ms
[4278.637s][info][gc,phases      ] GC(1174)   Post Evacuate Collection Set: 0.90ms
[4278.637s][info][gc,phases      ] GC(1174)   Other: 0.11ms
[4278.637s][info][gc,heap        ] GC(1174) Eden regions: 1118->0(1117)
[4278.637s][info][gc,heap        ] GC(1174) Survivor regions: 110->111(154)
[4278.637s][info][gc,heap        ] GC(1174) Old regions: 473->505
[4278.637s][info][gc,heap        ] GC(1174) Humongous regions: 80->80
[4278.637s][info][gc,metaspace   ] GC(1174) Metaspace: 28863K(29248K)->28863K(29248K) NonClass: 23996K(24192K)->23996K(24192K) Class: 4867K(5056K)->4867K(5056K)
[4278.637s][info][gc             ] GC(1174) Pause Young (Concurrent Start) (G1 Evacuation Pause) 3559M->1390M(4096M) 119.046ms
[4278.637s][info][gc             ] GC(1175) Concurrent Mark Cycle
[4278.637s][info][gc,marking     ] GC(1175) Concurrent Scan Root Regions
[4278.637s][info][gc,cpu         ] GC(1174) User=0.70s Sys=0.00s Real=0.11s
[4278.824s][info][gc,marking     ] GC(1175) Concurrent Scan Root Regions 186.534ms
[4278.824s][info][gc,marking     ] GC(1175) Concurrent Mark
[4278.824s][info][gc,marking     ] GC(1175) Concurrent Mark From Roots
[4278.824s][info][gc,task        ] GC(1175) Using 2 workers of 2 for marking
.[4279.887s][info][gc,marking     ] GC(1175) Concurrent Mark From Roots 1063.269ms
[4279.887s][info][gc,marking     ] GC(1175) Concurrent Preclean
[4279.887s][info][gc,marking     ] GC(1175) Concurrent Preclean 0.134ms
[4279.888s][info][gc,start       ] GC(1175) Pause Remark
[4279.892s][info][gc             ] GC(1175) Pause Remark 2571M->2571M(4096M) 4.422ms
[4279.892s][info][gc,cpu         ] GC(1175) User=0.02s Sys=0.00s Real=0.01s
[4279.892s][info][gc,marking     ] GC(1175) Concurrent Mark 1068.253ms
[4279.892s][info][gc,marking     ] GC(1175) Concurrent Rebuild Remembered Sets and Scrub Regions
. (rIR:aIR:PR = 7610:7613:7614) (tPR = 113780) [OK] 
  4279s: Performance info:
         Transaction,    Success,    Partial,     Failed,   Receipts, AvgBarcode, 
             Overall,     463752,          0,          0,     440531,      59.47, 
         Response times:
             Request,    Success,    Partial,     Failed,   SkipFail,     Probes,    Samples,      min,      p50,      p90,      p95,      p99,      max, 
       TotalPurchase,     440522,          0,          0,          0,     357088,     426609,      300,     6900,    88000,   130000,   183000,   562000,
     InStorePurchase,     231696,          0,          0,          0,     188330,     224802,      300,     6900,    88000,   130000,   181000,   562000,
      OnlinePurchase,     162302,          0,          0,          0,     131207,     156714,      300,     7000,    89000,   130000,   184000,   482000,
        InstPurchase,      46524,          0,          0,          0,      37551,      45093,      300,     6700,    89000,   132000,   190000,   380000,
          AssocOfCat,        463,          0,          0,          0,        365,        507,    25000,    49000,   154200,   200000,   246920,   640000,
      AssocOfProduct,       4627,          0,          0,          0,       4262,       5326,      400,     5300,    78000,   109000,   158000,   246000,
      BusinessReport,       1151,          0,          0,          0,        998,       1336,    30000,    57000,   175000,   210600,   262780,   386000,
          CustBuyBeh,       4631,          0,          0,          0,       4222,       5271,      200,     6600,    85000,   123000,   179000,   284000,
       ProductReturn,      12326,          0,          0,          0,       9393,      11453,      300,     6600,    87000,   129000,   183000,   300000,

  4279s: (56%)   IR =   7749 [4280.245s][info][gc,marking     ] GC(1175) Concurrent Rebuild Remembered Sets and Scrub Regions 353.191ms
[4280.246s][info][gc,start       ] GC(1175) Pause Cleanup
[4280.246s][info][gc             ] GC(1175) Pause Cleanup 2832M->2832M(4096M) 0.115ms
[4280.246s][info][gc,cpu         ] GC(1175) User=0.00s Sys=0.00s Real=0.00s
[4280.246s][info][gc,marking     ] GC(1175) Concurrent Clear Claimed Marks
[4280.246s][info][gc,marking     ] GC(1175) Concurrent Clear Claimed Marks 0.036ms
[4280.246s][info][gc,marking     ] GC(1175) Concurrent Cleanup for Next Mark
[4280.251s][info][gc,marking     ] GC(1175) Concurrent Cleanup for Next Mark 5.518ms
[4280.251s][info][gc             ] GC(1175) Concurrent Mark Cycle 1614.206ms
.[4281.127s][info][gc,start       ] GC(1176) Pause Young (Prepare Mixed) (G1 Evacuation Pause)
[4281.127s][info][gc,task        ] GC(1176) Using 6 workers of 6 for evacuation
[4281.244s][info][gc,phases      ] GC(1176)   Pre Evacuate Collection Set: 0.34ms
[4281.244s][info][gc,phases      ] GC(1176)   Merge Heap Roots: 0.56ms
[4281.244s][info][gc,phases      ] GC(1176)   Evacuate Collection Set: 115.56ms
[4281.244s][info][gc,phases      ] GC(1176)   Post Evacuate Collection Set: 0.93ms
[4281.244s][info][gc,phases      ] GC(1176)   Other: 0.10ms
[4281.244s][info][gc,heap        ] GC(1176) Eden regions: 1117->0(1108)
[4281.244s][info][gc,heap        ] GC(1176) Survivor regions: 111->110(154)
[4281.244s][info][gc,heap        ] GC(1176) Old regions: 505->537
[4281.244s][info][gc,heap        ] GC(1176) Humongous regions: 80->80
[4281.244s][info][gc,metaspace   ] GC(1176) Metaspace: 28863K(29248K)->28863K(29248K) NonClass: 23996K(24192K)->23996K(24192K) Class: 4867K(5056K)->4867K(5056K)
[4281.244s][info][gc             ] GC(1176) Pause Young (Prepare Mixed) (G1 Evacuation Pause) 3624M->1451M(4096M) 117.625ms
[4281.244s][info][gc,cpu         ] GC(1176) User=0.70s Sys=0.00s Real=0.12s
..[4283.538s][info][gc,start       ] GC(1177) Pause Young (Mixed) (G1 Evacuation Pause)
[4283.538s][info][gc,task        ] GC(1177) Using 6 workers of 6 for evacuation
[4283.679s][info][gc,phases      ] GC(1177)   Pre Evacuate Collection Set: 0.38ms
[4283.679s][info][gc,phases      ] GC(1177)   Merge Heap Roots: 0.69ms
[4283.679s][info][gc,phases      ] GC(1177)   Evacuate Collection Set: 139.39ms
[4283.679s][info][gc,phases      ] GC(1177)   Post Evacuate Collection Set: 0.98ms
[4283.679s][info][gc,phases      ] GC(1177)   Other: 0.10ms
[4283.679s][info][gc,heap        ] GC(1177) Eden regions: 1108->0(1113)
[4283.679s][info][gc,heap        ] GC(1177) Survivor regions: 110->115(153)
[4283.679s][info][gc,heap        ] GC(1177) Old regions: 537->474
[4283.679s][info][gc,heap        ] GC(1177) Humongous regions: 80->80
[4283.679s][info][gc,metaspace   ] GC(1177) Metaspace: 28863K(29248K)->28863K(29248K) NonClass: 23996K(24192K)->23996K(24192K) Class: 4867K(5056K)->4867K(5056K)
[4283.679s][info][gc             ] GC(1177) Pause Young (Mixed) (G1 Evacuation Pause) 3667M->1337M(4096M) 141.670ms
[4283.679s][info][gc,cpu         ] GC(1177) User=0.84s Sys=0.00s Real=0.15s
...[4286.016s][info][gc,start       ] GC(1178) Pause Young (Concurrent Start) (G1 Evacuation Pause)
[4286.016s][info][gc,task        ] GC(1178) Using 6 workers of 6 for evacuation
[4286.136s][info][gc,phases      ] GC(1178)   Pre Evacuate Collection Set: 0.39ms
[4286.136s][info][gc,phases      ] GC(1178)   Merge Heap Roots: 0.55ms
[4286.136s][info][gc,phases      ] GC(1178)   Evacuate Collection Set: 118.09ms
[4286.136s][info][gc,phases      ] GC(1178)   Post Evacuate Collection Set: 0.89ms
[4286.136s][info][gc,phases      ] GC(1178)   Other: 0.10ms
[4286.136s][info][gc,heap        ] GC(1178) Eden regions: 1113->0(1118)
[4286.136s][info][gc,heap        ] GC(1178) Survivor regions: 115->110(154)
[4286.136s][info][gc,heap        ] GC(1178) Old regions: 474->507
[4286.136s][info][gc,heap        ] GC(1178) Humongous regions: 80->80
[4286.136s][info][gc,metaspace   ] GC(1178) Metaspace: 28863K(29248K)->28863K(29248K) NonClass: 23996K(24192K)->23996K(24192K) Class: 4867K(5056K)->4867K(5056K)
[4286.136s][info][gc             ] GC(1178) Pause Young (Concurrent Start) (G1 Evacuation Pause) 3563M->1392M(4096M) 120.166ms
[4286.136s][info][gc             ] GC(1179) Concurrent Mark Cycle
[4286.136s][info][gc,marking     ] GC(1179) Concurrent Scan Root Regions
[4286.136s][info][gc,cpu         ] GC(1178) User=0.71s Sys=0.01s Real=0.12s
[4286.355s][info][gc,marking     ] GC(1179) Concurrent Scan Root Regions 218.788ms
[4286.355s][info][gc,marking     ] GC(1179) Concurrent Mark
[4286.355s][info][gc,marking     ] GC(1179) Concurrent Mark From Roots
[4286.355s][info][gc,task        ] GC(1179) Using 2 workers of 2 for marking
.[4287.261s][info][gc,marking     ] GC(1179) Concurrent Mark From Roots 905.749ms
[4287.261s][info][gc,marking     ] GC(1179) Concurrent Preclean
[4287.261s][info][gc,marking     ] GC(1179) Concurrent Preclean 0.150ms
[4287.264s][info][gc,start       ] GC(1179) Pause Remark
[4287.269s][info][gc             ] GC(1179) Pause Remark 2398M->2398M(4096M) 4.972ms
[4287.269s][info][gc,cpu         ] GC(1179) User=0.03s Sys=0.00s Real=0.01s
[4287.269s][info][gc,marking     ] GC(1179) Concurrent Mark 914.115ms
[4287.269s][info][gc,marking     ] GC(1179) Concurrent Rebuild Remembered Sets and Scrub Regions
[4287.564s][info][gc,marking     ] GC(1179) Concurrent Rebuild Remembered Sets and Scrub Regions 294.518ms
[4287.564s][info][gc,start       ] GC(1179) Pause Cleanup
[4287.564s][info][gc             ] GC(1179) Pause Cleanup 2711M->2711M(4096M) 0.118ms
[4287.564s][info][gc,cpu         ] GC(1179) User=0.00s Sys=0.00s Real=0.00s
[4287.564s][info][gc,marking     ] GC(1179) Concurrent Clear Claimed Marks
[4287.564s][info][gc,marking     ] GC(1179) Concurrent Clear Claimed Marks 0.019ms
[4287.564s][info][gc,marking     ] GC(1179) Concurrent Cleanup for Next Mark
[4287.569s][info][gc,marking     ] GC(1179) Concurrent Cleanup for Next Mark 5.140ms
[4287.569s][info][gc             ] GC(1179) Concurrent Mark Cycle 1433.073ms
.[4288.443s][info][gc,start       ] GC(1180) Pause Young (Prepare Mixed) (G1 Evacuation Pause)
[4288.443s][info][gc,task        ] GC(1180) Using 6 workers of 6 for evacuation
[4288.565s][info][gc,phases      ] GC(1180)   Pre Evacuate Collection Set: 0.36ms
[4288.565s][info][gc,phases      ] GC(1180)   Merge Heap Roots: 0.52ms
[4288.565s][info][gc,phases      ] GC(1180)   Evacuate Collection Set: 119.69ms
[4288.565s][info][gc,phases      ] GC(1180)   Post Evacuate Collection Set: 0.93ms
[4288.565s][info][gc,phases      ] GC(1180)   Other: 0.09ms
[4288.565s][info][gc,heap        ] GC(1180) Eden regions: 1118->0(1103)
[4288.565s][info][gc,heap        ] GC(1180) Survivor regions: 110->112(154)
[4288.565s][info][gc,heap        ] GC(1180) Old regions: 507->538
[4288.565s][info][gc,heap        ] GC(1180) Humongous regions: 80->80
[4288.565s][info][gc,metaspace   ] GC(1180) Metaspace: 28863K(29248K)->28863K(29248K) NonClass: 23996K(24192K)->23996K(24192K) Class: 4867K(5056K)->4867K(5056K)
[4288.565s][info][gc             ] GC(1180) Pause Young (Prepare Mixed) (G1 Evacuation Pause) 3628M->1458M(4096M) 121.716ms
[4288.565s][info][gc,cpu         ] GC(1180) User=0.72s Sys=0.00s Real=0.12s
..[4290.823s][info][gc,start       ] GC(1181) Pause Young (Mixed) (G1 Evacuation Pause)
[4290.823s][info][gc,task        ] GC(1181) Using 6 workers of 6 for evacuation
[4290.961s][info][gc,phases      ] GC(1181)   Pre Evacuate Collection Set: 0.38ms
[4290.961s][info][gc,phases      ] GC(1181)   Merge Heap Roots: 0.65ms
[4290.961s][info][gc,phases      ] GC(1181)   Evacuate Collection Set: 136.32ms
[4290.961s][info][gc,phases      ] GC(1181)   Post Evacuate Collection Set: 0.96ms
[4290.961s][info][gc,phases      ] GC(1181)   Other: 0.09ms
[4290.961s][info][gc,heap        ] GC(1181) Eden regions: 1103->0(1114)
[4290.961s][info][gc,heap        ] GC(1181) Survivor regions: 112->114(152)
[4290.961s][info][gc,heap        ] GC(1181) Old regions: 538->473
[4290.961s][info][gc,heap        ] GC(1181) Humongous regions: 80->80
[4290.961s][info][gc,metaspace   ] GC(1181) Metaspace: 28863K(29248K)->28863K(29248K) NonClass: 23996K(24192K)->23996K(24192K) Class: 4867K(5056K)->4867K(5056K)
[4290.961s][info][gc             ] GC(1181) Pause Young (Mixed) (G1 Evacuation Pause) 3664M->1331M(4096M) 138.541ms
[4290.961s][info][gc,cpu         ] GC(1181) User=0.82s Sys=0.00s Real=0.14s
.|..[4293.288s][info][gc,start       ] GC(1182) Pause Young (Concurrent Start) (G1 Evacuation Pause)
[4293.288s][info][gc,task        ] GC(1182) Using 6 workers of 6 for evacuation
[4293.409s][info][gc,phases      ] GC(1182)   Pre Evacuate Collection Set: 0.40ms
[4293.409s][info][gc,phases      ] GC(1182)   Merge Heap Roots: 0.47ms
[4293.409s][info][gc,phases      ] GC(1182)   Evacuate Collection Set: 119.02ms
[4293.409s][info][gc,phases      ] GC(1182)   Post Evacuate Collection Set: 0.82ms
[4293.409s][info][gc,phases      ] GC(1182)   Other: 0.13ms
[4293.409s][info][gc,heap        ] GC(1182) Eden regions: 1114->0(1116)
[4293.409s][info][gc,heap        ] GC(1182) Survivor regions: 114->112(154)
[4293.409s][info][gc,heap        ] GC(1182) Old regions: 473->504
[4293.409s][info][gc,heap        ] GC(1182) Humongous regions: 80->80
[4293.409s][info][gc,metaspace   ] GC(1182) Metaspace: 28863K(29248K)->28863K(29248K) NonClass: 23996K(24192K)->23996K(24192K) Class: 4867K(5056K)->4867K(5056K)
[4293.409s][info][gc             ] GC(1182) Pause Young (Concurrent Start) (G1 Evacuation Pause) 3559M->1391M(4096M) 120.963ms
[4293.409s][info][gc             ] GC(1183) Concurrent Mark Cycle
[4293.409s][info][gc,marking     ] GC(1183) Concurrent Scan Root Regions
[4293.409s][info][gc,cpu         ] GC(1182) User=0.72s Sys=0.00s Real=0.12s
[4293.606s][info][gc,marking     ] GC(1183) Concurrent Scan Root Regions 196.959ms
[4293.606s][info][gc,marking     ] GC(1183) Concurrent Mark
[4293.606s][info][gc,marking     ] GC(1183) Concurrent Mark From Roots
[4293.606s][info][gc,task        ] GC(1183) Using 2 workers of 2 for marking
.[4294.700s][info][gc,marking     ] GC(1183) Concurrent Mark From Roots 1093.533ms
[4294.700s][info][gc,marking     ] GC(1183) Concurrent Preclean
[4294.700s][info][gc,marking     ] GC(1183) Concurrent Preclean 0.127ms
[4294.700s][info][gc,start       ] GC(1183) Pause Remark
[4294.705s][info][gc             ] GC(1183) Pause Remark 2633M->2633M(4096M) 4.656ms
[4294.705s][info][gc,cpu         ] GC(1183) User=0.02s Sys=0.00s Real=0.00s
[4294.705s][info][gc,marking     ] GC(1183) Concurrent Mark 1099.189ms
[4294.705s][info][gc,marking     ] GC(1183) Concurrent Rebuild Remembered Sets and Scrub Regions
[4295.126s][info][gc,marking     ] GC(1183) Concurrent Rebuild Remembered Sets and Scrub Regions 420.321ms
[4295.126s][info][gc,start       ] GC(1183) Pause Cleanup
[4295.127s][info][gc             ] GC(1183) Pause Cleanup 3027M->3027M(4096M) 0.120ms
[4295.127s][info][gc,cpu         ] GC(1183) User=0.00s Sys=0.00s Real=0.00s
[4295.127s][info][gc,marking     ] GC(1183) Concurrent Clear Claimed Marks
[4295.127s][info][gc,marking     ] GC(1183) Concurrent Clear Claimed Marks 0.031ms
[4295.127s][info][gc,marking     ] GC(1183) Concurrent Cleanup for Next Mark
[4295.165s][info][gc,marking     ] GC(1183) Concurrent Cleanup for Next Mark 38.670ms
[4295.166s][info][gc             ] GC(1183) Concurrent Mark Cycle 1756.262ms
.[4295.775s][info][gc,start       ] GC(1184) Pause Young (Prepare Mixed) (G1 Evacuation Pause)
[4295.775s][info][gc,task        ] GC(1184) Using 6 workers of 6 for evacuation
[4295.900s][info][gc,phases      ] GC(1184)   Pre Evacuate Collection Set: 0.32ms
[4295.900s][info][gc,phases      ] GC(1184)   Merge Heap Roots: 0.48ms
[4295.900s][info][gc,phases      ] GC(1184)   Evacuate Collection Set: 123.10ms
[4295.900s][info][gc,phases      ] GC(1184)   Post Evacuate Collection Set: 0.95ms
[4295.900s][info][gc,phases      ] GC(1184)   Other: 0.09ms
[4295.900s][info][gc,heap        ] GC(1184) Eden regions: 1116->0(1097)
[4295.900s][info][gc,heap        ] GC(1184) Survivor regions: 112->116(154)
[4295.900s][info][gc,heap        ] GC(1184) Old regions: 504->536
[4295.900s][info][gc,heap        ] GC(1184) Humongous regions: 80->80
[4295.900s][info][gc,metaspace   ] GC(1184) Metaspace: 28863K(29248K)->28863K(29248K) NonClass: 23996K(24192K)->23996K(24192K) Class: 4867K(5056K)->4867K(5056K)
[4295.900s][info][gc             ] GC(1184) Pause Young (Prepare Mixed) (G1 Evacuation Pause) 3623M->1461M(4096M) 125.073ms
[4295.900s][info][gc,cpu         ] GC(1184) User=0.74s Sys=0.00s Real=0.13s
..[4298.119s][info][gc,start       ] GC(1185) Pause Young (Mixed) (G1 Evacuation Pause)
[4298.119s][info][gc,task        ] GC(1185) Using 6 workers of 6 for evacuation
[4298.261s][info][gc,phases      ] GC(1185)   Pre Evacuate Collection Set: 0.37ms
[4298.261s][info][gc,phases      ] GC(1185)   Merge Heap Roots: 0.77ms
[4298.261s][info][gc,phases      ] GC(1185)   Evacuate Collection Set: 139.80ms
[4298.261s][info][gc,phases      ] GC(1185)   Post Evacuate Collection Set: 0.94ms
[4298.261s][info][gc,phases      ] GC(1185)   Other: 0.09ms
[4298.261s][info][gc,heap        ] GC(1185) Eden regions: 1097->0(1113)
[4298.261s][info][gc,heap        ] GC(1185) Survivor regions: 116->115(152)
[4298.261s][info][gc,heap        ] GC(1185) Old regions: 536->473
[4298.261s][info][gc,heap        ] GC(1185) Humongous regions: 80->80
[4298.261s][info][gc,metaspace   ] GC(1185) Metaspace: 28863K(29248K)->28863K(29248K) NonClass: 23996K(24192K)->23996K(24192K) Class: 4867K(5056K)->4867K(5056K)
[4298.261s][info][gc             ] GC(1185) Pause Young (Mixed) (G1 Evacuation Pause) 3655M->1333M(4096M) 142.104ms
[4298.261s][info][gc,cpu         ] GC(1185) User=0.84s Sys=0.00s Real=0.14s
...[4300.593s][info][gc,start       ] GC(1186) Pause Young (Concurrent Start) (G1 Evacuation Pause)
[4300.593s][info][gc,task        ] GC(1186) Using 6 workers of 6 for evacuation
[4300.723s][info][gc,phases      ] GC(1186)   Pre Evacuate Collection Set: 0.38ms
[4300.723s][info][gc,phases      ] GC(1186)   Merge Heap Roots: 0.56ms
[4300.723s][info][gc,phases      ] GC(1186)   Evacuate Collection Set: 128.65ms
[4300.723s][info][gc,phases      ] GC(1186)   Post Evacuate Collection Set: 0.88ms
[4300.723s][info][gc,phases      ] GC(1186)   Other: 0.13ms
[4300.723s][info][gc,heap        ] GC(1186) Eden regions: 1113->0(1110)
[4300.723s][info][gc,heap        ] GC(1186) Survivor regions: 115->118(154)
[4300.723s][info][gc,heap        ] GC(1186) Old regions: 473->505
[4300.723s][info][gc,heap        ] GC(1186) Humongous regions: 80->80
[4300.723s][info][gc,metaspace   ] GC(1186) Metaspace: 28863K(29248K)->28863K(29248K) NonClass: 23996K(24192K)->23996K(24192K) Class: 4867K(5056K)->4867K(5056K)
[4300.723s][info][gc             ] GC(1186) Pause Young (Concurrent Start) (G1 Evacuation Pause) 3559M->1404M(4096M) 130.728ms
[4300.723s][info][gc             ] GC(1187) Concurrent Mark Cycle
[4300.723s][info][gc,marking     ] GC(1187) Concurrent Scan Root Regions
[4300.724s][info][gc,cpu         ] GC(1186) User=0.78s Sys=0.00s Real=0.13s
[4300.914s][info][gc,marking     ] GC(1187) Concurrent Scan Root Regions 190.147ms
[4300.914s][info][gc,marking     ] GC(1187) Concurrent Mark
[4300.914s][info][gc,marking     ] GC(1187) Concurrent Mark From Roots
[4300.914s][info][gc,task        ] GC(1187) Using 2 workers of 2 for marking
.[4302.020s][info][gc,marking     ] GC(1187) Concurrent Mark From Roots 1106.144ms
[4302.020s][info][gc,marking     ] GC(1187) Concurrent Preclean
[4302.020s][info][gc,marking     ] GC(1187) Concurrent Preclean 0.116ms
[4302.023s][info][gc,start       ] GC(1187) Pause Remark
[4302.029s][info][gc             ] GC(1187) Pause Remark 2636M->2636M(4096M) 6.113ms
[4302.029s][info][gc,cpu         ] GC(1187) User=0.03s Sys=0.00s Real=0.01s
[4302.029s][info][gc,marking     ] GC(1187) Concurrent Mark 1115.588ms
[4302.029s][info][gc,marking     ] GC(1187) Concurrent Rebuild Remembered Sets and Scrub Regions
[4302.421s][info][gc,marking     ] GC(1187) Concurrent Rebuild Remembered Sets and Scrub Regions 391.755ms
[4302.421s][info][gc,start       ] GC(1187) Pause Cleanup
[4302.421s][info][gc             ] GC(1187) Pause Cleanup 3037M->3037M(4096M) 0.123ms
[4302.421s][info][gc,cpu         ] GC(1187) User=0.00s Sys=0.00s Real=0.00s
[4302.421s][info][gc,marking     ] GC(1187) Concurrent Clear Claimed Marks
[4302.421s][info][gc,marking     ] GC(1187) Concurrent Clear Claimed Marks 0.023ms
[4302.421s][info][gc,marking     ] GC(1187) Concurrent Cleanup for Next Mark
[4302.426s][info][gc,marking     ] GC(1187) Concurrent Cleanup for Next Mark 5.008ms
[4302.427s][info][gc             ] GC(1187) Concurrent Mark Cycle 1703.078ms
.[4303.044s][info][gc,start       ] GC(1188) Pause Young (Prepare Mixed) (G1 Evacuation Pause)
[4303.044s][info][gc,task        ] GC(1188) Using 6 workers of 6 for evacuation
[4303.162s][info][gc,phases      ] GC(1188)   Pre Evacuate Collection Set: 0.32ms
[4303.162s][info][gc,phases      ] GC(1188)   Merge Heap Roots: 0.50ms
[4303.162s][info][gc,phases      ] GC(1188)   Evacuate Collection Set: 116.05ms
[4303.162s][info][gc,phases      ] GC(1188)   Post Evacuate Collection Set: 0.94ms
[4303.162s][info][gc,phases      ] GC(1188)   Other: 0.09ms
[4303.162s][info][gc,heap        ] GC(1188) Eden regions: 1110->0(1108)
[4303.162s][info][gc,heap        ] GC(1188) Survivor regions: 118->110(154)
[4303.162s][info][gc,heap        ] GC(1188) Old regions: 505->537
[4303.162s][info][gc,heap        ] GC(1188) Humongous regions: 80->80
[4303.162s][info][gc,metaspace   ] GC(1188) Metaspace: 28863K(29248K)->28863K(29248K) NonClass: 23996K(24192K)->23996K(24192K) Class: 4867K(5056K)->4867K(5056K)
[4303.162s][info][gc             ] GC(1188) Pause Young (Prepare Mixed) (G1 Evacuation Pause) 3624M->1451M(4096M) 118.026ms
[4303.162s][info][gc,cpu         ] GC(1188) User=0.70s Sys=0.00s Real=0.12s
...[4305.515s][info][gc,start       ] GC(1189) Pause Young (Mixed) (G1 Evacuation Pause)
[4305.515s][info][gc,task        ] GC(1189) Using 6 workers of 6 for evacuation
[4305.652s][info][gc,phases      ] GC(1189)   Pre Evacuate Collection Set: 0.40ms
[4305.652s][info][gc,phases      ] GC(1189)   Merge Heap Roots: 0.78ms
[4305.652s][info][gc,phases      ] GC(1189)   Evacuate Collection Set: 134.87ms
[4305.652s][info][gc,phases      ] GC(1189)   Post Evacuate Collection Set: 0.95ms
[4305.652s][info][gc,phases      ] GC(1189)   Other: 0.10ms
[4305.652s][info][gc,heap        ] GC(1189) Eden regions: 1108->0(1117)
[4305.652s][info][gc,heap        ] GC(1189) Survivor regions: 110->111(153)
[4305.652s][info][gc,heap        ] GC(1189) Old regions: 537->475
[4305.652s][info][gc,heap        ] GC(1189) Humongous regions: 80->80
[4305.652s][info][gc,metaspace   ] GC(1189) Metaspace: 28863K(29248K)->28863K(29248K) NonClass: 23996K(24192K)->23996K(24192K) Class: 4867K(5056K)->4867K(5056K)
[4305.652s][info][gc             ] GC(1189) Pause Young (Mixed) (G1 Evacuation Pause) 3667M->1330M(4096M) 137.246ms
[4305.652s][info][gc,cpu         ] GC(1189) User=0.81s Sys=0.00s Real=0.14s
..[4307.958s][info][gc,start       ] GC(1190) Pause Young (Concurrent Start) (G1 Evacuation Pause)
[4307.958s][info][gc,task        ] GC(1190) Using 6 workers of 6 for evacuation
[4308.081s][info][gc,phases      ] GC(1190)   Pre Evacuate Collection Set: 0.38ms
[4308.081s][info][gc,phases      ] GC(1190)   Merge Heap Roots: 0.46ms
[4308.081s][info][gc,phases      ] GC(1190)   Evacuate Collection Set: 121.03ms
[4308.081s][info][gc,phases      ] GC(1190)   Post Evacuate Collection Set: 0.88ms
[4308.081s][info][gc,phases      ] GC(1190)   Other: 0.12ms
[4308.081s][info][gc,heap        ] GC(1190) Eden regions: 1117->0(1115)
[4308.081s][info][gc,heap        ] GC(1190) Survivor regions: 111->113(154)
[4308.081s][info][gc,heap        ] GC(1190) Old regions: 475->507
[4308.081s][info][gc,heap        ] GC(1190) Humongous regions: 80->80
[4308.081s][info][gc,metaspace   ] GC(1190) Metaspace: 28863K(29248K)->28863K(29248K) NonClass: 23996K(24192K)->23996K(24192K) Class: 4867K(5056K)->4867K(5056K)
[4308.081s][info][gc             ] GC(1190) Pause Young (Concurrent Start) (G1 Evacuation Pause) 3564M->1398M(4096M) 122.998ms
[4308.081s][info][gc             ] GC(1191) Concurrent Mark Cycle
[4308.081s][info][gc,marking     ] GC(1191) Concurrent Scan Root Regions
[4308.081s][info][gc,cpu         ] GC(1190) User=0.72s Sys=0.00s Real=0.13s
[4308.252s][info][gc,marking     ] GC(1191) Concurrent Scan Root Regions 171.105ms
[4308.252s][info][gc,marking     ] GC(1191) Concurrent Mark
[4308.252s][info][gc,marking     ] GC(1191) Concurrent Mark From Roots
[4308.252s][info][gc,task        ] GC(1191) Using 2 workers of 2 for marking
.[4309.283s][info][gc,marking     ] GC(1191) Concurrent Mark From Roots 1030.611ms
[4309.283s][info][gc,marking     ] GC(1191) Concurrent Preclean
[4309.283s][info][gc,marking     ] GC(1191) Concurrent Preclean 0.163ms
[4309.285s][info][gc,start       ] GC(1191) Pause Remark
[4309.291s][info][gc             ] GC(1191) Pause Remark 2474M->2474M(4096M) 5.443ms
[4309.291s][info][gc,cpu         ] GC(1191) User=0.03s Sys=0.00s Real=0.01s
[4309.293s][info][gc,marking     ] GC(1191) Concurrent Mark 1040.600ms
[4309.293s][info][gc,marking     ] GC(1191) Concurrent Rebuild Remembered Sets and Scrub Regions
.[4309.665s][info][gc,marking     ] GC(1191) Concurrent Rebuild Remembered Sets and Scrub Regions 372.232ms
[4309.665s][info][gc,start       ] GC(1191) Pause Cleanup
[4309.665s][info][gc             ] GC(1191) Pause Cleanup 2907M->2907M(4096M) 0.127ms
[4309.665s][info][gc,cpu         ] GC(1191) User=0.00s Sys=0.00s Real=0.00s
[4309.665s][info][gc,marking     ] GC(1191) Concurrent Clear Claimed Marks
[4309.665s][info][gc,marking     ] GC(1191) Concurrent Clear Claimed Marks 0.024ms
[4309.665s][info][gc,marking     ] GC(1191) Concurrent Cleanup for Next Mark
[4309.670s][info][gc,marking     ] GC(1191) Concurrent Cleanup for Next Mark 4.669ms
[4309.670s][info][gc             ] GC(1191) Concurrent Mark Cycle 1589.264ms
[4310.409s][info][gc,start       ] GC(1192) Pause Young (Prepare Mixed) (G1 Evacuation Pause)
[4310.409s][info][gc,task        ] GC(1192) Using 6 workers of 6 for evacuation
[4310.528s][info][gc,phases      ] GC(1192)   Pre Evacuate Collection Set: 0.36ms
[4310.528s][info][gc,phases      ] GC(1192)   Merge Heap Roots: 0.49ms
[4310.528s][info][gc,phases      ] GC(1192)   Evacuate Collection Set: 117.48ms
[4310.528s][info][gc,phases      ] GC(1192)   Post Evacuate Collection Set: 0.92ms
[4310.528s][info][gc,phases      ] GC(1192)   Other: 0.09ms
[4310.528s][info][gc,heap        ] GC(1192) Eden regions: 1115->0(1103)
[4310.528s][info][gc,heap        ] GC(1192) Survivor regions: 113->112(154)
[4310.528s][info][gc,heap        ] GC(1192) Old regions: 507->538
[4310.528s][info][gc,heap        ] GC(1192) Humongous regions: 80->80
[4310.528s][info][gc,metaspace   ] GC(1192) Metaspace: 28863K(29248K)->28863K(29248K) NonClass: 23996K(24192K)->23996K(24192K) Class: 4867K(5056K)->4867K(5056K)
[4310.528s][info][gc             ] GC(1192) Pause Young (Prepare Mixed) (G1 Evacuation Pause) 3628M->1459M(4096M) 119.455ms
[4310.528s][info][gc,cpu         ] GC(1192) User=0.70s Sys=0.00s Real=0.12s
...[4312.761s][info][gc,start       ] GC(1193) Pause Young (Mixed) (G1 Evacuation Pause)
[4312.762s][info][gc,task        ] GC(1193) Using 6 workers of 6 for evacuation
[4312.894s][info][gc,phases      ] GC(1193)   Pre Evacuate Collection Set: 0.40ms
[4312.894s][info][gc,phases      ] GC(1193)   Merge Heap Roots: 0.63ms
[4312.894s][info][gc,phases      ] GC(1193)   Evacuate Collection Set: 130.16ms
[4312.894s][info][gc,phases      ] GC(1193)   Post Evacuate Collection Set: 0.96ms
[4312.894s][info][gc,phases      ] GC(1193)   Other: 0.09ms
[4312.894s][info][gc,heap        ] GC(1193) Eden regions: 1103->0(1119)
[4312.894s][info][gc,heap        ] GC(1193) Survivor regions: 112->109(152)
[4312.894s][info][gc,heap        ] GC(1193) Old regions: 538->473
[4312.894s][info][gc,heap        ] GC(1193) Humongous regions: 80->80
[4312.894s][info][gc,metaspace   ] GC(1193) Metaspace: 28863K(29248K)->28863K(29248K) NonClass: 23996K(24192K)->23996K(24192K) Class: 4867K(5056K)->4867K(5056K)
[4312.894s][info][gc             ] GC(1193) Pause Young (Mixed) (G1 Evacuation Pause) 3665M->1322M(4096M) 132.382ms
[4312.894s][info][gc,cpu         ] GC(1193) User=0.79s Sys=0.00s Real=0.13s
..[4315.151s][info][gc,start       ] GC(1194) Pause Young (Concurrent Start) (G1 Evacuation Pause)
[4315.151s][info][gc,task        ] GC(1194) Using 6 workers of 6 for evacuation
[4315.269s][info][gc,phases      ] GC(1194)   Pre Evacuate Collection Set: 0.38ms
[4315.270s][info][gc,phases      ] GC(1194)   Merge Heap Roots: 0.44ms
[4315.270s][info][gc,phases      ] GC(1194)   Evacuate Collection Set: 116.74ms
[4315.270s][info][gc,phases      ] GC(1194)   Post Evacuate Collection Set: 0.89ms
[4315.270s][info][gc,phases      ] GC(1194)   Other: 0.10ms
[4315.270s][info][gc,heap        ] GC(1194) Eden regions: 1119->0(1119)
[4315.270s][info][gc,heap        ] GC(1194) Survivor regions: 109->109(154)
[4315.270s][info][gc,heap        ] GC(1194) Old regions: 473->505
[4315.270s][info][gc,heap        ] GC(1194) Humongous regions: 80->80
[4315.270s][info][gc,metaspace   ] GC(1194) Metaspace: 28863K(29248K)->28863K(29248K) NonClass: 23996K(24192K)->23996K(24192K) Class: 4867K(5056K)->4867K(5056K)
[4315.270s][info][gc             ] GC(1194) Pause Young (Concurrent Start) (G1 Evacuation Pause) 3560M->1387M(4096M) 118.683ms
[4315.270s][info][gc             ] GC(1195) Concurrent Mark Cycle
[4315.270s][info][gc,marking     ] GC(1195) Concurrent Scan Root Regions
[4315.270s][info][gc,cpu         ] GC(1194) User=0.70s Sys=0.00s Real=0.12s
[4315.475s][info][gc,marking     ] GC(1195) Concurrent Scan Root Regions 205.765ms
[4315.475s][info][gc,marking     ] GC(1195) Concurrent Mark
[4315.475s][info][gc,marking     ] GC(1195) Concurrent Mark From Roots
[4315.475s][info][gc,task        ] GC(1195) Using 2 workers of 2 for marking
.[4316.513s][info][gc,marking     ] GC(1195) Concurrent Mark From Roots 1037.176ms
[4316.513s][info][gc,marking     ] GC(1195) Concurrent Preclean
[4316.513s][info][gc,marking     ] GC(1195) Concurrent Preclean 0.145ms
[4316.516s][info][gc,start       ] GC(1195) Pause Remark
[4316.519s][info][gc             ] GC(1195) Pause Remark 2541M->2541M(4096M) 3.038ms
[4316.519s][info][gc,cpu         ] GC(1195) User=0.01s Sys=0.00s Real=0.01s
[4316.519s][info][gc,marking     ] GC(1195) Concurrent Mark 1043.477ms
[4316.519s][info][gc,marking     ] GC(1195) Concurrent Rebuild Remembered Sets and Scrub Regions
.[4316.899s][info][gc,marking     ] GC(1195) Concurrent Rebuild Remembered Sets and Scrub Regions 380.025ms
[4316.899s][info][gc,start       ] GC(1195) Pause Cleanup
[4316.899s][info][gc             ] GC(1195) Pause Cleanup 2970M->2970M(4096M) 0.133ms
[4316.899s][info][gc,cpu         ] GC(1195) User=0.00s Sys=0.00s Real=0.00s
[4316.899s][info][gc,marking     ] GC(1195) Concurrent Clear Claimed Marks
[4316.900s][info][gc,marking     ] GC(1195) Concurrent Clear Claimed Marks 0.034ms
[4316.900s][info][gc,marking     ] GC(1195) Concurrent Cleanup for Next Mark
[4316.906s][info][gc,marking     ] GC(1195) Concurrent Cleanup for Next Mark 6.314ms
[4316.906s][info][gc             ] GC(1195) Concurrent Mark Cycle 1636.305ms
[4317.574s][info][gc,start       ] GC(1196) Pause Young (Prepare Mixed) (G1 Evacuation Pause)
[4317.574s][info][gc,task        ] GC(1196) Using 6 workers of 6 for evacuation
[4317.700s][info][gc,phases      ] GC(1196)   Pre Evacuate Collection Set: 0.35ms
[4317.700s][info][gc,phases      ] GC(1196)   Merge Heap Roots: 0.58ms
[4317.700s][info][gc,phases      ] GC(1196)   Evacuate Collection Set: 124.01ms
[4317.700s][info][gc,phases      ] GC(1196)   Post Evacuate Collection Set: 0.94ms
[4317.700s][info][gc,phases      ] GC(1196)   Other: 0.09ms
[4317.700s][info][gc,heap        ] GC(1196) Eden regions: 1119->0(1096)
[4317.700s][info][gc,heap        ] GC(1196) Survivor regions: 109->116(154)
[4317.700s][info][gc,heap        ] GC(1196) Old regions: 505->537
[4317.700s][info][gc,heap        ] GC(1196) Humongous regions: 80->80
[4317.700s][info][gc,metaspace   ] GC(1196) Metaspace: 28863K(29248K)->28863K(29248K) NonClass: 23996K(24192K)->23996K(24192K) Class: 4867K(5056K)->4867K(5056K)
[4317.700s][info][gc             ] GC(1196) Pause Young (Prepare Mixed) (G1 Evacuation Pause) 3625M->1463M(4096M) 126.121ms
[4317.700s][info][gc,cpu         ] GC(1196) User=0.74s Sys=0.00s Real=0.13s
...[4319.961s][info][gc,start       ] GC(1197) Pause Young (Mixed) (G1 Evacuation Pause)
[4319.961s][info][gc,task        ] GC(1197) Using 6 workers of 6 for evacuation
[4320.097s][info][gc,phases      ] GC(1197)   Pre Evacuate Collection Set: 0.39ms
[4320.097s][info][gc,phases      ] GC(1197)   Merge Heap Roots: 0.77ms
[4320.097s][info][gc,phases      ] GC(1197)   Evacuate Collection Set: 134.05ms
[4320.097s][info][gc,phases      ] GC(1197)   Post Evacuate Collection Set: 0.95ms
[4320.097s][info][gc,phases      ] GC(1197)   Other: 0.09ms
[4320.098s][info][gc,heap        ] GC(1197) Eden regions: 1096->0(1118)
[4320.098s][info][gc,heap        ] GC(1197) Survivor regions: 116->110(152)
[4320.098s][info][gc,heap        ] GC(1197) Old regions: 537->474
[4320.098s][info][gc,heap        ] GC(1197) Humongous regions: 80->80
[4320.098s][info][gc,metaspace   ] GC(1197) Metaspace: 28863K(29248K)->28863K(29248K) NonClass: 23996K(24192K)->23996K(24192K) Class: 4867K(5056K)->4867K(5056K)
[4320.098s][info][gc             ] GC(1197) Pause Young (Mixed) (G1 Evacuation Pause) 3655M->1325M(4096M) 136.385ms
[4320.098s][info][gc,cpu         ] GC(1197) User=0.81s Sys=0.00s Real=0.13s
..[4322.399s][info][gc,start       ] GC(1198) Pause Young (Concurrent Start) (G1 Evacuation Pause)
[4322.399s][info][gc,task        ] GC(1198) Using 6 workers of 6 for evacuation
[4322.519s][info][gc,phases      ] GC(1198)   Pre Evacuate Collection Set: 0.37ms
[4322.519s][info][gc,phases      ] GC(1198)   Merge Heap Roots: 0.50ms
[4322.519s][info][gc,phases      ] GC(1198)   Evacuate Collection Set: 118.57ms
[4322.519s][info][gc,phases      ] GC(1198)   Post Evacuate Collection Set: 0.89ms
[4322.519s][info][gc,phases      ] GC(1198)   Other: 0.12ms
[4322.519s][info][gc,heap        ] GC(1198) Eden regions: 1118->0(1115)
[4322.519s][info][gc,heap        ] GC(1198) Survivor regions: 110->113(154)
[4322.519s][info][gc,heap        ] GC(1198) Old regions: 474->505
[4322.519s][info][gc,heap        ] GC(1198) Humongous regions: 80->80
[4322.519s][info][gc,metaspace   ] GC(1198) Metaspace: 28863K(29248K)->28863K(29248K) NonClass: 23996K(24192K)->23996K(24192K) Class: 4867K(5056K)->4867K(5056K)
[4322.519s][info][gc             ] GC(1198) Pause Young (Concurrent Start) (G1 Evacuation Pause) 3561M->1395M(4096M) 120.599ms
[4322.519s][info][gc             ] GC(1199) Concurrent Mark Cycle
[4322.519s][info][gc,marking     ] GC(1199) Concurrent Scan Root Regions
[4322.519s][info][gc,cpu         ] GC(1198) User=0.72s Sys=0.00s Real=0.12s
[4322.749s][info][gc,marking     ] GC(1199) Concurrent Scan Root Regions 229.755ms
[4322.749s][info][gc,marking     ] GC(1199) Concurrent Mark
[4322.749s][info][gc,marking     ] GC(1199) Concurrent Mark From Roots
[4322.749s][info][gc,task        ] GC(1199) Using 2 workers of 2 for marking
.[4323.527s][info][gc,marking     ] GC(1199) Concurrent Mark From Roots 778.241ms
[4323.527s][info][gc,marking     ] GC(1199) Concurrent Preclean
[4323.528s][info][gc,marking     ] GC(1199) Concurrent Preclean 0.161ms
[4323.528s][info][gc,start       ] GC(1199) Pause Remark
[4323.535s][info][gc             ] GC(1199) Pause Remark 2335M->2335M(4096M) 6.237ms
[4323.535s][info][gc,cpu         ] GC(1199) User=0.03s Sys=0.00s Real=0.00s
[4323.535s][info][gc,marking     ] GC(1199) Concurrent Mark 786.218ms
[4323.535s][info][gc,marking     ] GC(1199) Concurrent Rebuild Remembered Sets and Scrub Regions
[4323.871s][info][gc,marking     ] GC(1199) Concurrent Rebuild Remembered Sets and Scrub Regions 336.047ms
.[4323.873s][info][gc,start       ] GC(1199) Pause Cleanup
[4323.873s][info][gc             ] GC(1199) Pause Cleanup 2635M->2635M(4096M) 0.126ms
[4323.873s][info][gc,cpu         ] GC(1199) User=0.00s Sys=0.00s Real=0.00s
[4323.873s][info][gc,marking     ] GC(1199) Concurrent Clear Claimed Marks
[4323.873s][info][gc,marking     ] GC(1199) Concurrent Clear Claimed Marks 0.022ms
[4323.873s][info][gc,marking     ] GC(1199) Concurrent Cleanup for Next Mark
[4323.883s][info][gc,marking     ] GC(1199) Concurrent Cleanup for Next Mark 10.298ms
[4323.884s][info][gc             ] GC(1199) Concurrent Mark Cycle 1364.220ms
[4324.737s][info][gc,start       ] GC(1200) Pause Young (Prepare Mixed) (G1 Evacuation Pause)
[4324.737s][info][gc,task        ] GC(1200) Using 6 workers of 6 for evacuation
[4324.857s][info][gc,phases      ] GC(1200)   Pre Evacuate Collection Set: 0.36ms
[4324.857s][info][gc,phases      ] GC(1200)   Merge Heap Roots: 0.60ms
[4324.857s][info][gc,phases      ] GC(1200)   Evacuate Collection Set: 117.97ms
[4324.857s][info][gc,phases      ] GC(1200)   Post Evacuate Collection Set: 0.94ms
[4324.857s][info][gc,phases      ] GC(1200)   Other: 0.09ms
[4324.857s][info][gc,heap        ] GC(1200) Eden regions: 1115->0(1104)
[4324.857s][info][gc,heap        ] GC(1200) Survivor regions: 113->112(154)
[4324.857s][info][gc,heap        ] GC(1200) Old regions: 505->537
[4324.857s][info][gc,heap        ] GC(1200) Humongous regions: 80->80
[4324.857s][info][gc,metaspace   ] GC(1200) Metaspace: 28863K(29248K)->28863K(29248K) NonClass: 23996K(24192K)->23996K(24192K) Class: 4867K(5056K)->4867K(5056K)
[4324.857s][info][gc             ] GC(1200) Pause Young (Prepare Mixed) (G1 Evacuation Pause) 3625M->1456M(4096M) 120.116ms
[4324.857s][info][gc,cpu         ] GC(1200) User=0.71s Sys=0.00s Real=0.12s
...[4327.191s][info][gc,start       ] GC(1201) Pause Young (Mixed) (G1 Evacuation Pause)
[4327.191s][info][gc,task        ] GC(1201) Using 6 workers of 6 for evacuation
[4327.328s][info][gc,phases      ] GC(1201)   Pre Evacuate Collection Set: 0.37ms
[4327.328s][info][gc,phases      ] GC(1201)   Merge Heap Roots: 0.69ms
[4327.328s][info][gc,phases      ] GC(1201)   Evacuate Collection Set: 134.43ms
[4327.328s][info][gc,phases      ] GC(1201)   Post Evacuate Collection Set: 0.96ms
[4327.328s][info][gc,phases      ] GC(1201)   Other: 0.10ms
[4327.328s][info][gc,heap        ] GC(1201) Eden regions: 1104->0(1116)
[4327.328s][info][gc,heap        ] GC(1201) Survivor regions: 112->112(152)
[4327.328s][info][gc,heap        ] GC(1201) Old regions: 537->473
[4327.328s][info][gc,heap        ] GC(1201) Humongous regions: 80->80
[4327.328s][info][gc,metaspace   ] GC(1201) Metaspace: 28863K(29248K)->28863K(29248K) NonClass: 23996K(24192K)->23996K(24192K) Class: 4867K(5056K)->4867K(5056K)
[4327.328s][info][gc             ] GC(1201) Pause Young (Mixed) (G1 Evacuation Pause) 3664M->1327M(4096M) 136.685ms
[4327.328s][info][gc,cpu         ] GC(1201) User=0.81s Sys=0.00s Real=0.13s
..[4329.659s][info][gc,start       ] GC(1202) Pause Young (Concurrent Start) (G1 Evacuation Pause)
[4329.660s][info][gc,task        ] GC(1202) Using 6 workers of 6 for evacuation
[4329.778s][info][gc,phases      ] GC(1202)   Pre Evacuate Collection Set: 0.41ms
[4329.778s][info][gc,phases      ] GC(1202)   Merge Heap Roots: 0.47ms
[4329.778s][info][gc,phases      ] GC(1202)   Evacuate Collection Set: 116.73ms
[4329.778s][info][gc,phases      ] GC(1202)   Post Evacuate Collection Set: 0.89ms
[4329.778s][info][gc,phases      ] GC(1202)   Other: 0.13ms
[4329.778s][info][gc,heap        ] GC(1202) Eden regions: 1116->0(1119)
[4329.778s][info][gc,heap        ] GC(1202) Survivor regions: 112->109(154)
[4329.778s][info][gc,heap        ] GC(1202) Old regions: 473->505
[4329.778s][info][gc,heap        ] GC(1202) Humongous regions: 80->80
[4329.778s][info][gc,metaspace   ] GC(1202) Metaspace: 28863K(29248K)->28863K(29248K) NonClass: 23996K(24192K)->23996K(24192K) Class: 4867K(5056K)->4867K(5056K)
[4329.778s][info][gc             ] GC(1202) Pause Young (Concurrent Start) (G1 Evacuation Pause) 3559M->1386M(4096M) 118.750ms
[4329.778s][info][gc             ] GC(1203) Concurrent Mark Cycle
[4329.778s][info][gc,marking     ] GC(1203) Concurrent Scan Root Regions
[4329.778s][info][gc,cpu         ] GC(1202) User=0.71s Sys=0.00s Real=0.12s
[4329.932s][info][gc,marking     ] GC(1203) Concurrent Scan Root Regions 153.627ms
[4329.932s][info][gc,marking     ] GC(1203) Concurrent Mark
[4329.932s][info][gc,marking     ] GC(1203) Concurrent Mark From Roots
[4329.932s][info][gc,task        ] GC(1203) Using 2 workers of 2 for marking
.[4330.700s][info][gc,marking     ] GC(1203) Concurrent Mark From Roots 767.743ms
[4330.700s][info][gc,marking     ] GC(1203) Concurrent Preclean
[4330.700s][info][gc,marking     ] GC(1203) Concurrent Preclean 0.173ms
[4330.702s][info][gc,start       ] GC(1203) Pause Remark
[4330.708s][info][gc             ] GC(1203) Pause Remark 2184M->2184M(4096M) 5.584ms
[4330.708s][info][gc,cpu         ] GC(1203) User=0.03s Sys=0.00s Real=0.00s
[4330.709s][info][gc,marking     ] GC(1203) Concurrent Mark 776.616ms
[4330.709s][info][gc,marking     ] GC(1203) Concurrent Rebuild Remembered Sets and Scrub Regions
.[4331.038s][info][gc,marking     ] GC(1203) Concurrent Rebuild Remembered Sets and Scrub Regions 329.396ms
[4331.040s][info][gc,start       ] GC(1203) Pause Cleanup
[4331.040s][info][gc             ] GC(1203) Pause Cleanup 2494M->2494M(4096M) 0.138ms
[4331.040s][info][gc,cpu         ] GC(1203) User=0.00s Sys=0.00s Real=0.00s
[4331.041s][info][gc,marking     ] GC(1203) Concurrent Clear Claimed Marks
[4331.041s][info][gc,marking     ] GC(1203) Concurrent Clear Claimed Marks 0.035ms
[4331.041s][info][gc,marking     ] GC(1203) Concurrent Cleanup for Next Mark
[4331.048s][info][gc,marking     ] GC(1203) Concurrent Cleanup for Next Mark 6.700ms
[4331.048s][info][gc             ] GC(1203) Concurrent Mark Cycle 1269.313ms
.[4332.126s][info][gc,start       ] GC(1204) Pause Young (Prepare Mixed) (G1 Evacuation Pause)
[4332.126s][info][gc,task        ] GC(1204) Using 6 workers of 6 for evacuation
[4332.245s][info][gc,phases      ] GC(1204)   Pre Evacuate Collection Set: 0.33ms
[4332.245s][info][gc,phases      ] GC(1204)   Merge Heap Roots: 0.50ms
[4332.245s][info][gc,phases      ] GC(1204)   Evacuate Collection Set: 117.05ms
[4332.245s][info][gc,phases      ] GC(1204)   Post Evacuate Collection Set: 0.95ms
[4332.245s][info][gc,phases      ] GC(1204)   Other: 0.08ms
[4332.245s][info][gc,heap        ] GC(1204) Eden regions: 1119->0(1107)
[4332.245s][info][gc,heap        ] GC(1204) Survivor regions: 109->111(154)
[4332.245s][info][gc,heap        ] GC(1204) Old regions: 505->536
[4332.245s][info][gc,heap        ] GC(1204) Humongous regions: 80->80
[4332.245s][info][gc,metaspace   ] GC(1204) Metaspace: 28863K(29248K)->28863K(29248K) NonClass: 23996K(24192K)->23996K(24192K) Class: 4867K(5056K)->4867K(5056K)
[4332.245s][info][gc             ] GC(1204) Pause Young (Prepare Mixed) (G1 Evacuation Pause) 3624M->1453M(4096M) 119.043ms
[4332.245s][info][gc,cpu         ] GC(1204) User=0.71s Sys=0.00s Real=0.12s
..[4334.562s][info][gc,start       ] GC(1205) Pause Young (Mixed) (G1 Evacuation Pause)
[4334.562s][info][gc,task        ] GC(1205) Using 6 workers of 6 for evacuation
[4334.704s][info][gc,phases      ] GC(1205)   Pre Evacuate Collection Set: 0.40ms
[4334.704s][info][gc,phases      ] GC(1205)   Merge Heap Roots: 0.73ms
[4334.704s][info][gc,phases      ] GC(1205)   Evacuate Collection Set: 139.60ms
[4334.704s][info][gc,phases      ] GC(1205)   Post Evacuate Collection Set: 0.89ms
[4334.704s][info][gc,phases      ] GC(1205)   Other: 0.09ms
[4334.704s][info][gc,heap        ] GC(1205) Eden regions: 1107->0(1112)
[4334.704s][info][gc,heap        ] GC(1205) Survivor regions: 111->116(153)
[4334.704s][info][gc,heap        ] GC(1205) Old regions: 536->473
[4334.704s][info][gc,heap        ] GC(1205) Humongous regions: 80->80
[4334.704s][info][gc,metaspace   ] GC(1205) Metaspace: 28863K(29248K)->28863K(29248K) NonClass: 23996K(24192K)->23996K(24192K) Class: 4867K(5056K)->4867K(5056K)
[4334.704s][info][gc             ] GC(1205) Pause Young (Mixed) (G1 Evacuation Pause) 3667M->1335M(4096M) 141.839ms
[4334.704s][info][gc,cpu         ] GC(1205) User=0.84s Sys=0.00s Real=0.14s
..[4336.988s][info][gc,start       ] GC(1206) Pause Young (Concurrent Start) (G1 Evacuation Pause)
[4336.988s][info][gc,task        ] GC(1206) Using 6 workers of 6 for evacuation
[4337.105s][info][gc,phases      ] GC(1206)   Pre Evacuate Collection Set: 0.38ms
[4337.106s][info][gc,phases      ] GC(1206)   Merge Heap Roots: 0.44ms
[4337.106s][info][gc,phases      ] GC(1206)   Evacuate Collection Set: 116.00ms
[4337.106s][info][gc,phases      ] GC(1206)   Post Evacuate Collection Set: 0.88ms
[4337.106s][info][gc,phases      ] GC(1206)   Other: 0.12ms
[4337.106s][info][gc,heap        ] GC(1206) Eden regions: 1112->0(1117)
[4337.106s][info][gc,heap        ] GC(1206) Survivor regions: 116->111(154)
[4337.106s][info][gc,heap        ] GC(1206) Old regions: 473->505
[4337.106s][info][gc,heap        ] GC(1206) Humongous regions: 80->80
[4337.106s][info][gc,metaspace   ] GC(1206) Metaspace: 28863K(29248K)->28863K(29248K) NonClass: 23996K(24192K)->23996K(24192K) Class: 4867K(5056K)->4867K(5056K)
[4337.106s][info][gc             ] GC(1206) Pause Young (Concurrent Start) (G1 Evacuation Pause) 3559M->1390M(4096M) 117.954ms
[4337.106s][info][gc             ] GC(1207) Concurrent Mark Cycle
[4337.106s][info][gc,marking     ] GC(1207) Concurrent Scan Root Regions
[4337.106s][info][gc,cpu         ] GC(1206) User=0.70s Sys=0.00s Real=0.12s
.[4337.284s][info][gc,marking     ] GC(1207) Concurrent Scan Root Regions 178.489ms
[4337.284s][info][gc,marking     ] GC(1207) Concurrent Mark
[4337.284s][info][gc,marking     ] GC(1207) Concurrent Mark From Roots
[4337.284s][info][gc,task        ] GC(1207) Using 2 workers of 2 for marking
.[4338.313s][info][gc,marking     ] GC(1207) Concurrent Mark From Roots 1029.014ms
[4338.313s][info][gc,marking     ] GC(1207) Concurrent Preclean
[4338.313s][info][gc,marking     ] GC(1207) Concurrent Preclean 0.168ms
[4338.317s][info][gc,start       ] GC(1207) Pause Remark
[4338.321s][info][gc             ] GC(1207) Pause Remark 2438M->2438M(4096M) 4.250ms
[4338.321s][info][gc,cpu         ] GC(1207) User=0.02s Sys=0.00s Real=0.01s
[4338.321s][info][gc,marking     ] GC(1207) Concurrent Mark 1037.091ms
[4338.321s][info][gc,marking     ] GC(1207) Concurrent Rebuild Remembered Sets and Scrub Regions
[4338.602s][info][gc,marking     ] GC(1207) Concurrent Rebuild Remembered Sets and Scrub Regions 280.275ms
[4338.603s][info][gc,start       ] GC(1207) Pause Cleanup
[4338.603s][info][gc             ] GC(1207) Pause Cleanup 2726M->2726M(4096M) 0.128ms
[4338.603s][info][gc,cpu         ] GC(1207) User=0.00s Sys=0.00s Real=0.00s
[4338.603s][info][gc,marking     ] GC(1207) Concurrent Clear Claimed Marks
[4338.603s][info][gc,marking     ] GC(1207) Concurrent Clear Claimed Marks 0.022ms
[4338.603s][info][gc,marking     ] GC(1207) Concurrent Cleanup for Next Mark
[4338.608s][info][gc,marking     ] GC(1207) Concurrent Cleanup for Next Mark 4.575ms
[4338.608s][info][gc             ] GC(1207) Concurrent Mark Cycle 1502.409ms
.[4339.399s][info][gc,start       ] GC(1208) Pause Young (Prepare Mixed) (G1 Evacuation Pause)
[4339.399s][info][gc,task        ] GC(1208) Using 6 workers of 6 for evacuation
[4339.524s][info][gc,phases      ] GC(1208)   Pre Evacuate Collection Set: 0.31ms
[4339.524s][info][gc,phases      ] GC(1208)   Merge Heap Roots: 0.49ms
[4339.524s][info][gc,phases      ] GC(1208)   Evacuate Collection Set: 122.86ms
[4339.524s][info][gc,phases      ] GC(1208)   Post Evacuate Collection Set: 0.98ms
[4339.524s][info][gc,phases      ] GC(1208)   Other: 0.09ms
[4339.524s][info][gc,heap        ] GC(1208) Eden regions: 1117->0(1096)
[4339.524s][info][gc,heap        ] GC(1208) Survivor regions: 111->116(154)
[4339.524s][info][gc,heap        ] GC(1208) Old regions: 505->537
[4339.524s][info][gc,heap        ] GC(1208) Humongous regions: 80->80
[4339.524s][info][gc,metaspace   ] GC(1208) Metaspace: 28863K(29248K)->28863K(29248K) NonClass: 23996K(24192K)->23996K(24192K) Class: 4867K(5056K)->4867K(5056K)
[4339.524s][info][gc             ] GC(1208) Pause Young (Prepare Mixed) (G1 Evacuation Pause) 3624M->1464M(4096M) 124.877ms
[4339.524s][info][gc,cpu         ] GC(1208) User=0.73s Sys=0.00s Real=0.12s
..[4341.839s][info][gc,start       ] GC(1209) Pause Young (Mixed) (G1 Evacuation Pause)
[4341.839s][info][gc,task        ] GC(1209) Using 6 workers of 6 for evacuation
[4341.973s][info][gc,phases      ] GC(1209)   Pre Evacuate Collection Set: 0.41ms
[4341.973s][info][gc,phases      ] GC(1209)   Merge Heap Roots: 0.80ms
[4341.973s][info][gc,phases      ] GC(1209)   Evacuate Collection Set: 131.53ms
[4341.973s][info][gc,phases      ] GC(1209)   Post Evacuate Collection Set: 0.94ms
[4341.973s][info][gc,phases      ] GC(1209)   Other: 0.10ms
[4341.973s][info][gc,heap        ] GC(1209) Eden regions: 1096->0(1119)
[4341.973s][info][gc,heap        ] GC(1209) Survivor regions: 116->109(152)
[4341.973s][info][gc,heap        ] GC(1209) Old regions: 537->475
[4341.973s][info][gc,heap        ] GC(1209) Humongous regions: 80->80
[4341.973s][info][gc,metaspace   ] GC(1209) Metaspace: 28863K(29248K)->28863K(29248K) NonClass: 23996K(24192K)->23996K(24192K) Class: 4867K(5056K)->4867K(5056K)
[4341.973s][info][gc             ] GC(1209) Pause Young (Mixed) (G1 Evacuation Pause) 3656M->1326M(4096M) 133.925ms
[4341.973s][info][gc,cpu         ] GC(1209) User=0.79s Sys=0.00s Real=0.13s
..[4344.254s][info][gc,start       ] GC(1210) Pause Young (Concurrent Start) (G1 Evacuation Pause)
[4344.254s][info][gc,task        ] GC(1210) Using 6 workers of 6 for evacuation
[4344.373s][info][gc,phases      ] GC(1210)   Pre Evacuate Collection Set: 0.36ms
[4344.373s][info][gc,phases      ] GC(1210)   Merge Heap Roots: 0.44ms
[4344.373s][info][gc,phases      ] GC(1210)   Evacuate Collection Set: 117.17ms
[4344.373s][info][gc,phases      ] GC(1210)   Post Evacuate Collection Set: 0.86ms
[4344.373s][info][gc,phases      ] GC(1210)   Other: 0.10ms
[4344.373s][info][gc,heap        ] GC(1210) Eden regions: 1119->0(1116)
[4344.373s][info][gc,heap        ] GC(1210) Survivor regions: 109->112(154)
[4344.373s][info][gc,heap        ] GC(1210) Old regions: 475->507
[4344.373s][info][gc,heap        ] GC(1210) Humongous regions: 80->80
[4344.373s][info][gc,metaspace   ] GC(1210) Metaspace: 28863K(29248K)->28863K(29248K) NonClass: 23996K(24192K)->23996K(24192K) Class: 4867K(5056K)->4867K(5056K)
[4344.373s][info][gc             ] GC(1210) Pause Young (Concurrent Start) (G1 Evacuation Pause) 3564M->1397M(4096M) 119.071ms
[4344.373s][info][gc             ] GC(1211) Concurrent Mark Cycle
[4344.373s][info][gc,marking     ] GC(1211) Concurrent Scan Root Regions
[4344.373s][info][gc,cpu         ] GC(1210) User=0.71s Sys=0.00s Real=0.12s
.[4344.551s][info][gc,marking     ] GC(1211) Concurrent Scan Root Regions 177.863ms
[4344.551s][info][gc,marking     ] GC(1211) Concurrent Mark
[4344.551s][info][gc,marking     ] GC(1211) Concurrent Mark From Roots
[4344.551s][info][gc,task        ] GC(1211) Using 2 workers of 2 for marking
.[4345.571s][info][gc,marking     ] GC(1211) Concurrent Mark From Roots 1019.920ms
[4345.571s][info][gc,marking     ] GC(1211) Concurrent Preclean
[4345.571s][info][gc,marking     ] GC(1211) Concurrent Preclean 0.123ms
[4345.572s][info][gc,start       ] GC(1211) Pause Remark
[4345.577s][info][gc             ] GC(1211) Pause Remark 2525M->2525M(4096M) 4.931ms
[4345.577s][info][gc,cpu         ] GC(1211) User=0.03s Sys=0.00s Real=0.00s
[4345.578s][info][gc,marking     ] GC(1211) Concurrent Mark 1027.300ms
[4345.578s][info][gc,marking     ] GC(1211) Concurrent Rebuild Remembered Sets and Scrub Regions
[4346.019s][info][gc,marking     ] GC(1211) Concurrent Rebuild Remembered Sets and Scrub Regions 440.742ms
[4346.020s][info][gc,start       ] GC(1211) Pause Cleanup
[4346.020s][info][gc             ] GC(1211) Pause Cleanup 2973M->2973M(4096M) 0.126ms
[4346.020s][info][gc,cpu         ] GC(1211) User=0.00s Sys=0.00s Real=0.00s
[4346.021s][info][gc,marking     ] GC(1211) Concurrent Clear Claimed Marks
[4346.021s][info][gc,marking     ] GC(1211) Concurrent Clear Claimed Marks 0.045ms
[4346.021s][info][gc,marking     ] GC(1211) Concurrent Cleanup for Next Mark
[4346.032s][info][gc,marking     ] GC(1211) Concurrent Cleanup for Next Mark 11.062ms
[4346.032s][info][gc             ] GC(1211) Concurrent Mark Cycle 1659.370ms
.[4346.635s][info][gc,start       ] GC(1212) Pause Young (Prepare Mixed) (G1 Evacuation Pause)
[4346.635s][info][gc,task        ] GC(1212) Using 6 workers of 6 for evacuation
[4346.754s][info][gc,phases      ] GC(1212)   Pre Evacuate Collection Set: 0.33ms
[4346.755s][info][gc,phases      ] GC(1212)   Merge Heap Roots: 0.58ms
[4346.755s][info][gc,phases      ] GC(1212)   Evacuate Collection Set: 117.96ms
[4346.755s][info][gc,phases      ] GC(1212)   Post Evacuate Collection Set: 0.93ms
[4346.755s][info][gc,phases      ] GC(1212)   Other: 0.09ms
[4346.755s][info][gc,heap        ] GC(1212) Eden regions: 1116->0(1107)
[4346.755s][info][gc,heap        ] GC(1212) Survivor regions: 112->109(154)
[4346.755s][info][gc,heap        ] GC(1212) Old regions: 507->540
[4346.755s][info][gc,heap        ] GC(1212) Humongous regions: 80->80
[4346.755s][info][gc,metaspace   ] GC(1212) Metaspace: 28863K(29248K)->28863K(29248K) NonClass: 23996K(24192K)->23996K(24192K) Class: 4867K(5056K)->4867K(5056K)
[4346.755s][info][gc             ] GC(1212) Pause Young (Prepare Mixed) (G1 Evacuation Pause) 3629M->1455M(4096M) 120.013ms
[4346.755s][info][gc,cpu         ] GC(1212) User=0.71s Sys=0.00s Real=0.12s
..[4349.031s][info][gc,start       ] GC(1213) Pause Young (Mixed) (G1 Evacuation Pause)
[4349.031s][info][gc,task        ] GC(1213) Using 6 workers of 6 for evacuation
[4349.169s][info][gc,phases      ] GC(1213)   Pre Evacuate Collection Set: 0.38ms
[4349.169s][info][gc,phases      ] GC(1213)   Merge Heap Roots: 0.72ms
[4349.169s][info][gc,phases      ] GC(1213)   Evacuate Collection Set: 135.87ms
[4349.169s][info][gc,phases      ] GC(1213)   Post Evacuate Collection Set: 0.96ms
[4349.169s][info][gc,phases      ] GC(1213)   Other: 0.09ms
[4349.169s][info][gc,heap        ] GC(1213) Eden regions: 1107->0(1118)
[4349.169s][info][gc,heap        ] GC(1213) Survivor regions: 109->110(152)
[4349.169s][info][gc,heap        ] GC(1213) Old regions: 540->475
[4349.169s][info][gc,heap        ] GC(1213) Humongous regions: 80->80
[4349.169s][info][gc,metaspace   ] GC(1213) Metaspace: 28863K(29248K)->28863K(29248K) NonClass: 23996K(24192K)->23996K(24192K) Class: 4867K(5056K)->4867K(5056K)
[4349.169s][info][gc             ] GC(1213) Pause Young (Mixed) (G1 Evacuation Pause) 3669M->1327M(4096M) 138.167ms
[4349.169s][info][gc,cpu         ] GC(1213) User=0.82s Sys=0.00s Real=0.14s
... (rIR:aIR:PR = 7749:7746:7746) (tPR = 114910) [OK] 
  4351s: Performance info:
         Transaction,    Success,    Partial,     Failed,   Receipts, AvgBarcode, 
             Overall,     466752,          0,          0,     443284,      59.47, 
         Response times:
             Request,    Success,    Partial,     Failed,   SkipFail,     Probes,    Samples,      min,      p50,      p90,      p95,      p99,      max, 
       TotalPurchase,     443224,          0,          0,          0,     352444,     431064,      300,     7300,   101000,   145000,   205000,   405000,
     InStorePurchase,     233179,          0,          0,          0,     185433,     226804,      300,     7400,   100000,   145000,   206000,   369000,
      OnlinePurchase,     163276,          0,          0,          0,     129396,     158056,      300,     7400,   101000,   146000,   205000,   355000,
        InstPurchase,      46769,          0,          0,          0,      37615,      46204,      300,     6800,    99000,   146000,   203000,   405000,
          AssocOfCat,        469,          0,          0,          0,        371,        541,    24000,    50000,   155000,   190900,   250760,   402000,
      AssocOfProduct,       4670,          0,          0,          0,       4315,       5396,      500,     7900,   104000,   149000,   221060,   316000,
      BusinessReport,       1162,          0,          0,          0,       1020,       1367,    31000,    58000,   192000,   230600,   299600,   368000,
          CustBuyBeh,       4682,          0,          0,          0,       4262,       5394,      200,     7800,    97000,   148250,   207050,   369000,
       ProductReturn,      12561,          0,          0,          0,       9325,      11543,      200,     7800,   103000,   151000,   214560,   316000,

  4351s: (57%)   IR =   7887 [4351.551s][info][gc,start       ] GC(1214) Pause Young (Concurrent Start) (G1 Evacuation Pause)
[4351.551s][info][gc,task        ] GC(1214) Using 6 workers of 6 for evacuation
[4351.676s][info][gc,phases      ] GC(1214)   Pre Evacuate Collection Set: 0.39ms
[4351.676s][info][gc,phases      ] GC(1214)   Merge Heap Roots: 0.57ms
[4351.676s][info][gc,phases      ] GC(1214)   Evacuate Collection Set: 122.29ms
[4351.676s][info][gc,phases      ] GC(1214)   Post Evacuate Collection Set: 0.88ms
[4351.676s][info][gc,phases      ] GC(1214)   Other: 0.12ms
[4351.676s][info][gc,heap        ] GC(1214) Eden regions: 1118->0(1112)
[4351.676s][info][gc,heap        ] GC(1214) Survivor regions: 110->116(154)
[4351.676s][info][gc,heap        ] GC(1214) Old regions: 475->506
[4351.676s][info][gc,heap        ] GC(1214) Humongous regions: 80->80
[4351.676s][info][gc,metaspace   ] GC(1214) Metaspace: 28863K(29248K)->28863K(29248K) NonClass: 23996K(24192K)->23996K(24192K) Class: 4867K(5056K)->4867K(5056K)
[4351.676s][info][gc             ] GC(1214) Pause Young (Concurrent Start) (G1 Evacuation Pause) 3563M->1403M(4096M) 124.384ms
[4351.676s][info][gc             ] GC(1215) Concurrent Mark Cycle
[4351.676s][info][gc,marking     ] GC(1215) Concurrent Scan Root Regions
[4351.676s][info][gc,cpu         ] GC(1214) User=0.73s Sys=0.00s Real=0.12s
[4351.855s][info][gc,marking     ] GC(1215) Concurrent Scan Root Regions 179.634ms
[4351.855s][info][gc,marking     ] GC(1215) Concurrent Mark
[4351.855s][info][gc,marking     ] GC(1215) Concurrent Mark From Roots
[4351.855s][info][gc,task        ] GC(1215) Using 2 workers of 2 for marking
.[4352.858s][info][gc,marking     ] GC(1215) Concurrent Mark From Roots 1002.520ms
[4352.858s][info][gc,marking     ] GC(1215) Concurrent Preclean
[4352.858s][info][gc,marking     ] GC(1215) Concurrent Preclean 0.175ms
[4352.859s][info][gc,start       ] GC(1215) Pause Remark
[4352.863s][info][gc             ] GC(1215) Pause Remark 2511M->2511M(4096M) 3.987ms
[4352.863s][info][gc,cpu         ] GC(1215) User=0.02s Sys=0.01s Real=0.00s
[4352.864s][info][gc,marking     ] GC(1215) Concurrent Mark 1009.071ms
[4352.864s][info][gc,marking     ] GC(1215) Concurrent Rebuild Remembered Sets and Scrub Regions
[4353.281s][info][gc,marking     ] GC(1215) Concurrent Rebuild Remembered Sets and Scrub Regions 416.394ms
[4353.282s][info][gc,start       ] GC(1215) Pause Cleanup
[4353.282s][info][gc             ] GC(1215) Pause Cleanup 2933M->2933M(4096M) 0.123ms
[4353.282s][info][gc,cpu         ] GC(1215) User=0.00s Sys=0.00s Real=0.00s
[4353.283s][info][gc,marking     ] GC(1215) Concurrent Clear Claimed Marks
[4353.283s][info][gc,marking     ] GC(1215) Concurrent Clear Claimed Marks 0.039ms
[4353.283s][info][gc,marking     ] GC(1215) Concurrent Cleanup for Next Mark
[4353.287s][info][gc,marking     ] GC(1215) Concurrent Cleanup for Next Mark 4.515ms
[4353.287s][info][gc             ] GC(1215) Concurrent Mark Cycle 1611.718ms
.[4353.874s][info][gc,start       ] GC(1216) Pause Young (Prepare Mixed) (G1 Evacuation Pause)
[4353.874s][info][gc,task        ] GC(1216) Using 6 workers of 6 for evacuation
[4353.995s][info][gc,phases      ] GC(1216)   Pre Evacuate Collection Set: 0.32ms
[4353.995s][info][gc,phases      ] GC(1216)   Merge Heap Roots: 0.52ms
[4353.995s][info][gc,phases      ] GC(1216)   Evacuate Collection Set: 119.25ms
[4353.995s][info][gc,phases      ] GC(1216)   Post Evacuate Collection Set: 1.02ms
[4353.995s][info][gc,phases      ] GC(1216)   Other: 0.10ms
[4353.995s][info][gc,heap        ] GC(1216) Eden regions: 1112->0(1104)
[4353.995s][info][gc,heap        ] GC(1216) Survivor regions: 116->112(154)
[4353.995s][info][gc,heap        ] GC(1216) Old regions: 506->537
[4353.995s][info][gc,heap        ] GC(1216) Humongous regions: 80->80
[4353.995s][info][gc,metaspace   ] GC(1216) Metaspace: 28863K(29248K)->28863K(29248K) NonClass: 23996K(24192K)->23996K(24192K) Class: 4867K(5056K)->4867K(5056K)
[4353.995s][info][gc             ] GC(1216) Pause Young (Prepare Mixed) (G1 Evacuation Pause) 3627M->1456M(4096M) 121.340ms
[4353.995s][info][gc,cpu         ] GC(1216) User=0.72s Sys=0.00s Real=0.12s
..[4356.244s][info][gc,start       ] GC(1217) Pause Young (Mixed) (G1 Evacuation Pause)
[4356.244s][info][gc,task        ] GC(1217) Using 6 workers of 6 for evacuation
[4356.382s][info][gc,phases      ] GC(1217)   Pre Evacuate Collection Set: 0.36ms
[4356.382s][info][gc,phases      ] GC(1217)   Merge Heap Roots: 0.74ms
[4356.382s][info][gc,phases      ] GC(1217)   Evacuate Collection Set: 135.82ms
[4356.382s][info][gc,phases      ] GC(1217)   Post Evacuate Collection Set: 0.94ms
[4356.382s][info][gc,phases      ] GC(1217)   Other: 0.10ms
[4356.382s][info][gc,heap        ] GC(1217) Eden regions: 1104->0(1116)
[4356.382s][info][gc,heap        ] GC(1217) Survivor regions: 112->112(152)
[4356.382s][info][gc,heap        ] GC(1217) Old regions: 537->472
[4356.382s][info][gc,heap        ] GC(1217) Humongous regions: 80->80
[4356.382s][info][gc,metaspace   ] GC(1217) Metaspace: 28863K(29248K)->28863K(29248K) NonClass: 23996K(24192K)->23996K(24192K) Class: 4867K(5056K)->4867K(5056K)
[4356.382s][info][gc             ] GC(1217) Pause Young (Mixed) (G1 Evacuation Pause) 3664M->1326M(4096M) 138.087ms
[4356.382s][info][gc,cpu         ] GC(1217) User=0.82s Sys=0.00s Real=0.14s
...[4358.672s][info][gc,start       ] GC(1218) Pause Young (Concurrent Start) (G1 Evacuation Pause)
[4358.672s][info][gc,task        ] GC(1218) Using 6 workers of 6 for evacuation
[4358.789s][info][gc,phases      ] GC(1218)   Pre Evacuate Collection Set: 0.42ms
[4358.789s][info][gc,phases      ] GC(1218)   Merge Heap Roots: 0.47ms
[4358.789s][info][gc,phases      ] GC(1218)   Evacuate Collection Set: 114.72ms
[4358.789s][info][gc,phases      ] GC(1218)   Post Evacuate Collection Set: 0.89ms
[4358.789s][info][gc,phases      ] GC(1218)   Other: 0.10ms
[4358.789s][info][gc,heap        ] GC(1218) Eden regions: 1116->0(1119)
[4358.789s][info][gc,heap        ] GC(1218) Survivor regions: 112->109(154)
[4358.789s][info][gc,heap        ] GC(1218) Old regions: 472->504
[4358.789s][info][gc,heap        ] GC(1218) Humongous regions: 80->80
[4358.789s][info][gc,metaspace   ] GC(1218) Metaspace: 28863K(29248K)->28863K(29248K) NonClass: 23996K(24192K)->23996K(24192K) Class: 4867K(5056K)->4867K(5056K)
[4358.789s][info][gc             ] GC(1218) Pause Young (Concurrent Start) (G1 Evacuation Pause) 3558M->1383M(4096M) 116.755ms
[4358.789s][info][gc             ] GC(1219) Concurrent Mark Cycle
[4358.789s][info][gc,marking     ] GC(1219) Concurrent Scan Root Regions
[4358.789s][info][gc,cpu         ] GC(1218) User=0.69s Sys=0.00s Real=0.12s
[4358.972s][info][gc,marking     ] GC(1219) Concurrent Scan Root Regions 183.576ms
[4358.972s][info][gc,marking     ] GC(1219) Concurrent Mark
[4358.972s][info][gc,marking     ] GC(1219) Concurrent Mark From Roots
[4358.972s][info][gc,task        ] GC(1219) Using 2 workers of 2 for marking
.[4360.144s][info][gc,marking     ] GC(1219) Concurrent Mark From Roots 1171.480ms
[4360.144s][info][gc,marking     ] GC(1219) Concurrent Preclean
[4360.144s][info][gc,marking     ] GC(1219) Concurrent Preclean 0.173ms
[4360.145s][info][gc,start       ] GC(1219) Pause Remark
[4360.152s][info][gc             ] GC(1219) Pause Remark 2639M->2639M(4096M) 6.234ms
[4360.152s][info][gc,cpu         ] GC(1219) User=0.04s Sys=0.00s Real=0.01s
[4360.152s][info][gc,marking     ] GC(1219) Concurrent Mark 1179.613ms
[4360.152s][info][gc,marking     ] GC(1219) Concurrent Rebuild Remembered Sets and Scrub Regions
[4360.421s][info][gc,marking     ] GC(1219) Concurrent Rebuild Remembered Sets and Scrub Regions 268.658ms
[4360.421s][info][gc,start       ] GC(1219) Pause Cleanup
[4360.422s][info][gc             ] GC(1219) Pause Cleanup 2898M->2898M(4096M) 0.116ms
[4360.422s][info][gc,cpu         ] GC(1219) User=0.00s Sys=0.00s Real=0.00s
[4360.422s][info][gc,marking     ] GC(1219) Concurrent Clear Claimed Marks
[4360.422s][info][gc,marking     ] GC(1219) Concurrent Clear Claimed Marks 0.033ms
[4360.422s][info][gc,marking     ] GC(1219) Concurrent Cleanup for Next Mark
[4360.427s][info][gc,marking     ] GC(1219) Concurrent Cleanup for Next Mark 4.979ms
[4360.427s][info][gc             ] GC(1219) Concurrent Mark Cycle 1638.456ms
.[4361.087s][info][gc,start       ] GC(1220) Pause Young (Prepare Mixed) (G1 Evacuation Pause)
[4361.087s][info][gc,task        ] GC(1220) Using 6 workers of 6 for evacuation
[4361.207s][info][gc,phases      ] GC(1220)   Pre Evacuate Collection Set: 0.33ms
[4361.207s][info][gc,phases      ] GC(1220)   Merge Heap Roots: 0.60ms
[4361.207s][info][gc,phases      ] GC(1220)   Evacuate Collection Set: 117.88ms
[4361.207s][info][gc,phases      ] GC(1220)   Post Evacuate Collection Set: 0.93ms
[4361.207s][info][gc,phases      ] GC(1220)   Other: 0.09ms
[4361.207s][info][gc,heap        ] GC(1220) Eden regions: 1119->0(1109)
[4361.207s][info][gc,heap        ] GC(1220) Survivor regions: 109->110(154)
[4361.207s][info][gc,heap        ] GC(1220) Old regions: 504->536
[4361.207s][info][gc,heap        ] GC(1220) Humongous regions: 80->80
[4361.207s][info][gc,metaspace   ] GC(1220) Metaspace: 28863K(29248K)->28863K(29248K) NonClass: 23996K(24192K)->23996K(24192K) Class: 4867K(5056K)->4867K(5056K)
[4361.207s][info][gc             ] GC(1220) Pause Young (Prepare Mixed) (G1 Evacuation Pause) 3621M->1450M(4096M) 119.976ms
[4361.207s][info][gc,cpu         ] GC(1220) User=0.71s Sys=0.00s Real=0.12s
..|[4363.400s][info][gc,start       ] GC(1221) Pause Young (Mixed) (G1 Evacuation Pause)
[4363.400s][info][gc,task        ] GC(1221) Using 6 workers of 6 for evacuation
[4363.540s][info][gc,phases      ] GC(1221)   Pre Evacuate Collection Set: 0.36ms
[4363.540s][info][gc,phases      ] GC(1221)   Merge Heap Roots: 0.63ms
[4363.540s][info][gc,phases      ] GC(1221)   Evacuate Collection Set: 137.90ms
[4363.540s][info][gc,phases      ] GC(1221)   Post Evacuate Collection Set: 0.82ms
[4363.540s][info][gc,phases      ] GC(1221)   Other: 0.09ms
[4363.540s][info][gc,heap        ] GC(1221) Eden regions: 1109->0(1114)
[4363.540s][info][gc,heap        ] GC(1221) Survivor regions: 110->114(153)
[4363.540s][info][gc,heap        ] GC(1221) Old regions: 536->475
[4363.540s][info][gc,heap        ] GC(1221) Humongous regions: 80->80
[4363.540s][info][gc,metaspace   ] GC(1221) Metaspace: 28863K(29248K)->28863K(29248K) NonClass: 23996K(24192K)->23996K(24192K) Class: 4867K(5056K)->4867K(5056K)
[4363.540s][info][gc             ] GC(1221) Pause Young (Mixed) (G1 Evacuation Pause) 3668M->1336M(4096M) 139.946ms
[4363.540s][info][gc,cpu         ] GC(1221) User=0.83s Sys=0.00s Real=0.14s
...[4365.802s][info][gc,start       ] GC(1222) Pause Young (Concurrent Start) (G1 Evacuation Pause)
[4365.802s][info][gc,task        ] GC(1222) Using 6 workers of 6 for evacuation
[4365.918s][info][gc,phases      ] GC(1222)   Pre Evacuate Collection Set: 0.38ms
[4365.919s][info][gc,phases      ] GC(1222)   Merge Heap Roots: 0.46ms
[4365.919s][info][gc,phases      ] GC(1222)   Evacuate Collection Set: 114.20ms
[4365.919s][info][gc,phases      ] GC(1222)   Post Evacuate Collection Set: 0.89ms
[4365.919s][info][gc,phases      ] GC(1222)   Other: 0.12ms
[4365.919s][info][gc,heap        ] GC(1222) Eden regions: 1114->0(1119)
[4365.919s][info][gc,heap        ] GC(1222) Survivor regions: 114->109(154)
[4365.919s][info][gc,heap        ] GC(1222) Old regions: 475->506
[4365.919s][info][gc,heap        ] GC(1222) Humongous regions: 80->80
[4365.919s][info][gc,metaspace   ] GC(1222) Metaspace: 28863K(29248K)->28863K(29248K) NonClass: 23996K(24192K)->23996K(24192K) Class: 4867K(5056K)->4867K(5056K)
[4365.919s][info][gc             ] GC(1222) Pause Young (Concurrent Start) (G1 Evacuation Pause) 3564M->1388M(4096M) 116.184ms
[4365.919s][info][gc             ] GC(1223) Concurrent Mark Cycle
[4365.919s][info][gc,marking     ] GC(1223) Concurrent Scan Root Regions
[4365.919s][info][gc,cpu         ] GC(1222) User=0.69s Sys=0.00s Real=0.12s
[4366.101s][info][gc,marking     ] GC(1223) Concurrent Scan Root Regions 182.536ms
[4366.101s][info][gc,marking     ] GC(1223) Concurrent Mark
[4366.101s][info][gc,marking     ] GC(1223) Concurrent Mark From Roots
[4366.101s][info][gc,task        ] GC(1223) Using 2 workers of 2 for marking
.[4366.899s][info][gc,marking     ] GC(1223) Concurrent Mark From Roots 797.802ms
[4366.899s][info][gc,marking     ] GC(1223) Concurrent Preclean
[4366.899s][info][gc,marking     ] GC(1223) Concurrent Preclean 0.164ms
[4366.901s][info][gc,start       ] GC(1223) Pause Remark
[4366.907s][info][gc             ] GC(1223) Pause Remark 2308M->2308M(4096M) 6.160ms
[4366.907s][info][gc,cpu         ] GC(1223) User=0.04s Sys=0.00s Real=0.00s
[4366.907s][info][gc,marking     ] GC(1223) Concurrent Mark 806.183ms
[4366.907s][info][gc,marking     ] GC(1223) Concurrent Rebuild Remembered Sets and Scrub Regions
[4367.177s][info][gc,marking     ] GC(1223) Concurrent Rebuild Remembered Sets and Scrub Regions 269.595ms
[4367.177s][info][gc,start       ] GC(1223) Pause Cleanup
[4367.177s][info][gc             ] GC(1223) Pause Cleanup 2505M->2505M(4096M) 0.128ms
[4367.177s][info][gc,cpu         ] GC(1223) User=0.00s Sys=0.00s Real=0.00s
[4367.178s][info][gc,marking     ] GC(1223) Concurrent Clear Claimed Marks
[4367.178s][info][gc,marking     ] GC(1223) Concurrent Clear Claimed Marks 0.031ms
[4367.178s][info][gc,marking     ] GC(1223) Concurrent Cleanup for Next Mark
[4367.196s][info][gc,marking     ] GC(1223) Concurrent Cleanup for Next Mark 17.631ms
[4367.196s][info][gc             ] GC(1223) Concurrent Mark Cycle 1277.013ms
.[4368.110s][info][gc,start       ] GC(1224) Pause Young (Prepare Mixed) (G1 Evacuation Pause)
[4368.110s][info][gc,task        ] GC(1224) Using 6 workers of 6 for evacuation
[4368.229s][info][gc,phases      ] GC(1224)   Pre Evacuate Collection Set: 0.36ms
[4368.229s][info][gc,phases      ] GC(1224)   Merge Heap Roots: 0.50ms
[4368.229s][info][gc,phases      ] GC(1224)   Evacuate Collection Set: 116.86ms
[4368.229s][info][gc,phases      ] GC(1224)   Post Evacuate Collection Set: 0.92ms
[4368.229s][info][gc,phases      ] GC(1224)   Other: 0.09ms
[4368.229s][info][gc,heap        ] GC(1224) Eden regions: 1119->0(1107)
[4368.229s][info][gc,heap        ] GC(1224) Survivor regions: 109->110(154)
[4368.229s][info][gc,heap        ] GC(1224) Old regions: 506->538
[4368.229s][info][gc,heap        ] GC(1224) Humongous regions: 80->80
[4368.229s][info][gc,metaspace   ] GC(1224) Metaspace: 28863K(29248K)->28863K(29248K) NonClass: 23996K(24192K)->23996K(24192K) Class: 4867K(5056K)->4867K(5056K)
[4368.229s][info][gc             ] GC(1224) Pause Young (Prepare Mixed) (G1 Evacuation Pause) 3626M->1454M(4096M) 118.869ms
[4368.229s][info][gc,cpu         ] GC(1224) User=0.71s Sys=0.00s Real=0.12s
..[4370.479s][info][gc,start       ] GC(1225) Pause Young (Mixed) (G1 Evacuation Pause)
[4370.479s][info][gc,task        ] GC(1225) Using 6 workers of 6 for evacuation
[4370.615s][info][gc,phases      ] GC(1225)   Pre Evacuate Collection Set: 0.36ms
[4370.615s][info][gc,phases      ] GC(1225)   Merge Heap Roots: 0.65ms
[4370.615s][info][gc,phases      ] GC(1225)   Evacuate Collection Set: 134.13ms
[4370.615s][info][gc,phases      ] GC(1225)   Post Evacuate Collection Set: 0.94ms
[4370.615s][info][gc,phases      ] GC(1225)   Other: 0.10ms
[4370.615s][info][gc,heap        ] GC(1225) Eden regions: 1107->0(1114)
[4370.615s][info][gc,heap        ] GC(1225) Survivor regions: 110->114(153)
[4370.615s][info][gc,heap        ] GC(1225) Old regions: 538->474
[4370.615s][info][gc,heap        ] GC(1225) Humongous regions: 80->80
[4370.615s][info][gc,metaspace   ] GC(1225) Metaspace: 28863K(29248K)->28863K(29248K) NonClass: 23996K(24192K)->23996K(24192K) Class: 4867K(5056K)->4867K(5056K)
[4370.615s][info][gc             ] GC(1225) Pause Young (Mixed) (G1 Evacuation Pause) 3668M->1333M(4096M) 136.329ms
[4370.615s][info][gc,cpu         ] GC(1225) User=0.81s Sys=0.00s Real=0.13s
...[4372.857s][info][gc,start       ] GC(1226) Pause Young (Concurrent Start) (G1 Evacuation Pause)
[4372.857s][info][gc,task        ] GC(1226) Using 6 workers of 6 for evacuation
[4372.979s][info][gc,phases      ] GC(1226)   Pre Evacuate Collection Set: 0.37ms
[4372.979s][info][gc,phases      ] GC(1226)   Merge Heap Roots: 0.45ms
[4372.979s][info][gc,phases      ] GC(1226)   Evacuate Collection Set: 120.10ms
[4372.979s][info][gc,phases      ] GC(1226)   Post Evacuate Collection Set: 0.89ms
[4372.979s][info][gc,phases      ] GC(1226)   Other: 0.12ms
[4372.979s][info][gc,heap        ] GC(1226) Eden regions: 1114->0(1116)
[4372.979s][info][gc,heap        ] GC(1226) Survivor regions: 114->112(154)
[4372.979s][info][gc,heap        ] GC(1226) Old regions: 474->506
[4372.979s][info][gc,heap        ] GC(1226) Humongous regions: 80->80
[4372.979s][info][gc,metaspace   ] GC(1226) Metaspace: 28863K(29248K)->28863K(29248K) NonClass: 23996K(24192K)->23996K(24192K) Class: 4867K(5056K)->4867K(5056K)
[4372.979s][info][gc             ] GC(1226) Pause Young (Concurrent Start) (G1 Evacuation Pause) 3561M->1394M(4096M) 122.056ms
[4372.979s][info][gc             ] GC(1227) Concurrent Mark Cycle
[4372.979s][info][gc,marking     ] GC(1227) Concurrent Scan Root Regions
[4372.979s][info][gc,cpu         ] GC(1226) User=0.72s Sys=0.00s Real=0.13s
[4373.118s][info][gc,marking     ] GC(1227) Concurrent Scan Root Regions 138.738ms
[4373.118s][info][gc,marking     ] GC(1227) Concurrent Mark
[4373.118s][info][gc,marking     ] GC(1227) Concurrent Mark From Roots
[4373.118s][info][gc,task        ] GC(1227) Using 2 workers of 2 for marking
.[4373.906s][info][gc,marking     ] GC(1227) Concurrent Mark From Roots 788.141ms
[4373.906s][info][gc,marking     ] GC(1227) Concurrent Preclean
[4373.906s][info][gc,marking     ] GC(1227) Concurrent Preclean 0.179ms
[4373.908s][info][gc,start       ] GC(1227) Pause Remark
[4373.914s][info][gc             ] GC(1227) Pause Remark 2204M->2204M(4096M) 5.406ms
[4373.914s][info][gc,cpu         ] GC(1227) User=0.03s Sys=0.00s Real=0.00s
[4373.915s][info][gc,marking     ] GC(1227) Concurrent Mark 796.615ms
[4373.915s][info][gc,marking     ] GC(1227) Concurrent Rebuild Remembered Sets and Scrub Regions
[4374.329s][info][gc,marking     ] GC(1227) Concurrent Rebuild Remembered Sets and Scrub Regions 414.286ms
[4374.330s][info][gc,start       ] GC(1227) Pause Cleanup
[4374.330s][info][gc             ] GC(1227) Pause Cleanup 2660M->2660M(4096M) 0.121ms
[4374.330s][info][gc,cpu         ] GC(1227) User=0.00s Sys=0.00s Real=0.00s
[4374.330s][info][gc,marking     ] GC(1227) Concurrent Clear Claimed Marks
[4374.330s][info][gc,marking     ] GC(1227) Concurrent Clear Claimed Marks 0.030ms
[4374.330s][info][gc,marking     ] GC(1227) Concurrent Cleanup for Next Mark
[4374.336s][info][gc,marking     ] GC(1227) Concurrent Cleanup for Next Mark 5.454ms
[4374.336s][info][gc             ] GC(1227) Concurrent Mark Cycle 1356.596ms
.[4375.295s][info][gc,start       ] GC(1228) Pause Young (Prepare Mixed) (G1 Evacuation Pause)
[4375.295s][info][gc,task        ] GC(1228) Using 6 workers of 6 for evacuation
[4375.417s][info][gc,phases      ] GC(1228)   Pre Evacuate Collection Set: 0.34ms
[4375.417s][info][gc,phases      ] GC(1228)   Merge Heap Roots: 0.58ms
[4375.417s][info][gc,phases      ] GC(1228)   Evacuate Collection Set: 120.50ms
[4375.417s][info][gc,phases      ] GC(1228)   Post Evacuate Collection Set: 0.92ms
[4375.417s][info][gc,phases      ] GC(1228)   Other: 0.09ms
[4375.417s][info][gc,heap        ] GC(1228) Eden regions: 1116->0(1101)
[4375.417s][info][gc,heap        ] GC(1228) Survivor regions: 112->113(154)
[4375.417s][info][gc,heap        ] GC(1228) Old regions: 506->538
[4375.417s][info][gc,heap        ] GC(1228) Humongous regions: 80->80
[4375.417s][info][gc,metaspace   ] GC(1228) Metaspace: 28863K(29248K)->28863K(29248K) NonClass: 23996K(24192K)->23996K(24192K) Class: 4867K(5056K)->4867K(5056K)
[4375.417s][info][gc             ] GC(1228) Pause Young (Prepare Mixed) (G1 Evacuation Pause) 3626M->1459M(4096M) 122.568ms
[4375.418s][info][gc,cpu         ] GC(1228) User=0.73s Sys=0.00s Real=0.12s
..[4377.663s][info][gc,start       ] GC(1229) Pause Young (Mixed) (G1 Evacuation Pause)
[4377.663s][info][gc,task        ] GC(1229) Using 6 workers of 6 for evacuation
[4377.799s][info][gc,phases      ] GC(1229)   Pre Evacuate Collection Set: 0.36ms
[4377.799s][info][gc,phases      ] GC(1229)   Merge Heap Roots: 0.63ms
[4377.799s][info][gc,phases      ] GC(1229)   Evacuate Collection Set: 133.96ms
[4377.799s][info][gc,phases      ] GC(1229)   Post Evacuate Collection Set: 0.95ms
[4377.799s][info][gc,phases      ] GC(1229)   Other: 0.09ms
[4377.799s][info][gc,heap        ] GC(1229) Eden regions: 1101->0(1116)
[4377.799s][info][gc,heap        ] GC(1229) Survivor regions: 113->112(152)
[4377.799s][info][gc,heap        ] GC(1229) Old regions: 538->473
[4377.799s][info][gc,heap        ] GC(1229) Humongous regions: 80->80
[4377.799s][info][gc,metaspace   ] GC(1229) Metaspace: 28863K(29248K)->28863K(29248K) NonClass: 23996K(24192K)->23996K(24192K) Class: 4867K(5056K)->4867K(5056K)
[4377.799s][info][gc             ] GC(1229) Pause Young (Mixed) (G1 Evacuation Pause) 3661M->1329M(4096M) 136.107ms
[4377.799s][info][gc,cpu         ] GC(1229) User=0.80s Sys=0.00s Real=0.14s
...[4380.053s][info][gc,start       ] GC(1230) Pause Young (Concurrent Start) (G1 Evacuation Pause)
[4380.053s][info][gc,task        ] GC(1230) Using 6 workers of 6 for evacuation
[4380.170s][info][gc,phases      ] GC(1230)   Pre Evacuate Collection Set: 0.37ms
[4380.170s][info][gc,phases      ] GC(1230)   Merge Heap Roots: 0.47ms
[4380.170s][info][gc,phases      ] GC(1230)   Evacuate Collection Set: 115.10ms
[4380.170s][info][gc,phases      ] GC(1230)   Post Evacuate Collection Set: 0.88ms
[4380.170s][info][gc,phases      ] GC(1230)   Other: 0.11ms
[4380.170s][info][gc,heap        ] GC(1230) Eden regions: 1116->0(1118)
[4380.170s][info][gc,heap        ] GC(1230) Survivor regions: 112->110(154)
[4380.170s][info][gc,heap        ] GC(1230) Old regions: 473->506
[4380.170s][info][gc,heap        ] GC(1230) Humongous regions: 80->80
[4380.170s][info][gc,metaspace   ] GC(1230) Metaspace: 28863K(29248K)->28863K(29248K) NonClass: 23996K(24192K)->23996K(24192K) Class: 4867K(5056K)->4867K(5056K)
[4380.170s][info][gc             ] GC(1230) Pause Young (Concurrent Start) (G1 Evacuation Pause) 3561M->1389M(4096M) 117.075ms
[4380.170s][info][gc             ] GC(1231) Concurrent Mark Cycle
[4380.170s][info][gc,marking     ] GC(1231) Concurrent Scan Root Regions
[4380.170s][info][gc,cpu         ] GC(1230) User=0.69s Sys=0.00s Real=0.12s
[4380.314s][info][gc,marking     ] GC(1231) Concurrent Scan Root Regions 143.821ms
[4380.314s][info][gc,marking     ] GC(1231) Concurrent Mark
[4380.314s][info][gc,marking     ] GC(1231) Concurrent Mark From Roots
[4380.314s][info][gc,task        ] GC(1231) Using 2 workers of 2 for marking
.[4381.143s][info][gc,marking     ] GC(1231) Concurrent Mark From Roots 829.178ms
[4381.143s][info][gc,marking     ] GC(1231) Concurrent Preclean
[4381.143s][info][gc,marking     ] GC(1231) Concurrent Preclean 0.165ms
[4381.145s][info][gc,start       ] GC(1231) Pause Remark
[4381.150s][info][gc             ] GC(1231) Pause Remark 2241M->2241M(4096M) 5.232ms
[4381.150s][info][gc,cpu         ] GC(1231) User=0.03s Sys=0.00s Real=0.01s
[4381.151s][info][gc,marking     ] GC(1231) Concurrent Mark 836.966ms
[4381.151s][info][gc,marking     ] GC(1231) Concurrent Rebuild Remembered Sets and Scrub Regions
[4381.372s][info][gc,marking     ] GC(1231) Concurrent Rebuild Remembered Sets and Scrub Regions 221.057ms
[4381.372s][info][gc,start       ] GC(1231) Pause Cleanup
[4381.372s][info][gc             ] GC(1231) Pause Cleanup 2437M->2437M(4096M) 0.104ms
[4381.372s][info][gc,cpu         ] GC(1231) User=0.00s Sys=0.00s Real=0.00s
[4381.372s][info][gc,marking     ] GC(1231) Concurrent Clear Claimed Marks
[4381.372s][info][gc,marking     ] GC(1231) Concurrent Clear Claimed Marks 0.019ms
[4381.372s][info][gc,marking     ] GC(1231) Concurrent Cleanup for Next Mark
[4381.378s][info][gc,marking     ] GC(1231) Concurrent Cleanup for Next Mark 5.671ms
[4381.378s][info][gc             ] GC(1231) Concurrent Mark Cycle 1208.171ms
.[4382.453s][info][gc,start       ] GC(1232) Pause Young (Prepare Mixed) (G1 Evacuation Pause)
[4382.453s][info][gc,task        ] GC(1232) Using 6 workers of 6 for evacuation
[4382.575s][info][gc,phases      ] GC(1232)   Pre Evacuate Collection Set: 0.34ms
[4382.575s][info][gc,phases      ] GC(1232)   Merge Heap Roots: 0.51ms
[4382.575s][info][gc,phases      ] GC(1232)   Evacuate Collection Set: 120.54ms
[4382.575s][info][gc,phases      ] GC(1232)   Post Evacuate Collection Set: 0.82ms
[4382.575s][info][gc,phases      ] GC(1232)   Other: 0.09ms
[4382.575s][info][gc,heap        ] GC(1232) Eden regions: 1118->0(1101)
[4382.575s][info][gc,heap        ] GC(1232) Survivor regions: 110->113(154)
[4382.575s][info][gc,heap        ] GC(1232) Old regions: 506->538
[4382.575s][info][gc,heap        ] GC(1232) Humongous regions: 80->80
[4382.575s][info][gc,metaspace   ] GC(1232) Metaspace: 28863K(29248K)->28863K(29248K) NonClass: 23996K(24192K)->23996K(24192K) Class: 4867K(5056K)->4867K(5056K)
[4382.575s][info][gc             ] GC(1232) Pause Young (Prepare Mixed) (G1 Evacuation Pause) 3625M->1460M(4096M) 122.438ms
[4382.575s][info][gc,cpu         ] GC(1232) User=0.73s Sys=0.00s Real=0.12s
..[4384.799s][info][gc,start       ] GC(1233) Pause Young (Mixed) (G1 Evacuation Pause)
[4384.799s][info][gc,task        ] GC(1233) Using 6 workers of 6 for evacuation
[4384.938s][info][gc,phases      ] GC(1233)   Pre Evacuate Collection Set: 0.35ms
[4384.938s][info][gc,phases      ] GC(1233)   Merge Heap Roots: 0.64ms
[4384.938s][info][gc,phases      ] GC(1233)   Evacuate Collection Set: 136.75ms
[4384.938s][info][gc,phases      ] GC(1233)   Post Evacuate Collection Set: 0.97ms
[4384.938s][info][gc,phases      ] GC(1233)   Other: 0.09ms
[4384.938s][info][gc,heap        ] GC(1233) Eden regions: 1101->0(1116)
[4384.938s][info][gc,heap        ] GC(1233) Survivor regions: 113->112(152)
[4384.938s][info][gc,heap        ] GC(1233) Old regions: 538->474
[4384.938s][info][gc,heap        ] GC(1233) Humongous regions: 80->80
[4384.938s][info][gc,metaspace   ] GC(1233) Metaspace: 28863K(29248K)->28863K(29248K) NonClass: 23996K(24192K)->23996K(24192K) Class: 4867K(5056K)->4867K(5056K)
[4384.938s][info][gc             ] GC(1233) Pause Young (Mixed) (G1 Evacuation Pause) 3662M->1330M(4096M) 138.948ms
[4384.938s][info][gc,cpu         ] GC(1233) User=0.82s Sys=0.00s Real=0.14s
...[4387.137s][info][gc,start       ] GC(1234) Pause Young (Concurrent Start) (G1 Evacuation Pause)
[4387.137s][info][gc,task        ] GC(1234) Using 6 workers of 6 for evacuation
[4387.259s][info][gc,phases      ] GC(1234)   Pre Evacuate Collection Set: 0.36ms
[4387.259s][info][gc,phases      ] GC(1234)   Merge Heap Roots: 0.50ms
[4387.259s][info][gc,phases      ] GC(1234)   Evacuate Collection Set: 120.25ms
[4387.259s][info][gc,phases      ] GC(1234)   Post Evacuate Collection Set: 0.91ms
[4387.259s][info][gc,phases      ] GC(1234)   Other: 0.11ms
[4387.259s][info][gc,heap        ] GC(1234) Eden regions: 1116->0(1115)
[4387.259s][info][gc,heap        ] GC(1234) Survivor regions: 112->113(154)
[4387.259s][info][gc,heap        ] GC(1234) Old regions: 474->505
[4387.259s][info][gc,heap        ] GC(1234) Humongous regions: 80->80
[4387.259s][info][gc,metaspace   ] GC(1234) Metaspace: 28863K(29248K)->28863K(29248K) NonClass: 23996K(24192K)->23996K(24192K) Class: 4867K(5056K)->4867K(5056K)
[4387.259s][info][gc             ] GC(1234) Pause Young (Concurrent Start) (G1 Evacuation Pause) 3562M->1394M(4096M) 122.277ms
[4387.259s][info][gc             ] GC(1235) Concurrent Mark Cycle
[4387.259s][info][gc,marking     ] GC(1235) Concurrent Scan Root Regions
[4387.259s][info][gc,cpu         ] GC(1234) User=0.73s Sys=0.00s Real=0.13s
[4387.396s][info][gc,marking     ] GC(1235) Concurrent Scan Root Regions 137.075ms
[4387.396s][info][gc,marking     ] GC(1235) Concurrent Mark
[4387.396s][info][gc,marking     ] GC(1235) Concurrent Mark From Roots
[4387.396s][info][gc,task        ] GC(1235) Using 2 workers of 2 for marking
.[4388.112s][info][gc,marking     ] GC(1235) Concurrent Mark From Roots 715.168ms
[4388.112s][info][gc,marking     ] GC(1235) Concurrent Preclean
[4388.112s][info][gc,marking     ] GC(1235) Concurrent Preclean 0.139ms
[4388.112s][info][gc,start       ] GC(1235) Pause Remark
[4388.116s][info][gc             ] GC(1235) Pause Remark 2130M->2130M(4096M) 3.452ms
[4388.116s][info][gc,cpu         ] GC(1235) User=0.02s Sys=0.00s Real=0.00s
[4388.116s][info][gc,marking     ] GC(1235) Concurrent Mark 719.997ms
[4388.116s][info][gc,marking     ] GC(1235) Concurrent Rebuild Remembered Sets and Scrub Regions
[4388.534s][info][gc,marking     ] GC(1235) Concurrent Rebuild Remembered Sets and Scrub Regions 418.004ms
[4388.536s][info][gc,start       ] GC(1235) Pause Cleanup
[4388.536s][info][gc             ] GC(1235) Pause Cleanup 2606M->2606M(4096M) 0.137ms
[4388.536s][info][gc,cpu         ] GC(1235) User=0.00s Sys=0.00s Real=0.00s
[4388.537s][info][gc,marking     ] GC(1235) Concurrent Clear Claimed Marks
[4388.537s][info][gc,marking     ] GC(1235) Concurrent Clear Claimed Marks 0.037ms
[4388.537s][info][gc,marking     ] GC(1235) Concurrent Cleanup for Next Mark
[4388.547s][info][gc,marking     ] GC(1235) Concurrent Cleanup for Next Mark 10.294ms
[4388.547s][info][gc             ] GC(1235) Concurrent Mark Cycle 1287.928ms
.[4389.531s][info][gc,start       ] GC(1236) Pause Young (Prepare Mixed) (G1 Evacuation Pause)
[4389.532s][info][gc,task        ] GC(1236) Using 6 workers of 6 for evacuation
[4389.654s][info][gc,phases      ] GC(1236)   Pre Evacuate Collection Set: 0.31ms
[4389.654s][info][gc,phases      ] GC(1236)   Merge Heap Roots: 0.49ms
[4389.654s][info][gc,phases      ] GC(1236)   Evacuate Collection Set: 120.49ms
[4389.654s][info][gc,phases      ] GC(1236)   Post Evacuate Collection Set: 0.88ms
[4389.654s][info][gc,phases      ] GC(1236)   Other: 0.10ms
[4389.654s][info][gc,heap        ] GC(1236) Eden regions: 1115->0(1102)
[4389.654s][info][gc,heap        ] GC(1236) Survivor regions: 113->113(154)
[4389.654s][info][gc,heap        ] GC(1236) Old regions: 505->537
[4389.654s][info][gc,heap        ] GC(1236) Humongous regions: 80->80
[4389.654s][info][gc,metaspace   ] GC(1236) Metaspace: 28863K(29248K)->28863K(29248K) NonClass: 23996K(24192K)->23996K(24192K) Class: 4867K(5056K)->4867K(5056K)
[4389.654s][info][gc             ] GC(1236) Pause Young (Prepare Mixed) (G1 Evacuation Pause) 3624M->1457M(4096M) 122.436ms
[4389.654s][info][gc,cpu         ] GC(1236) User=0.72s Sys=0.00s Real=0.12s
..[4391.920s][info][gc,start       ] GC(1237) Pause Young (Mixed) (G1 Evacuation Pause)
[4391.920s][info][gc,task        ] GC(1237) Using 6 workers of 6 for evacuation
[4392.053s][info][gc,phases      ] GC(1237)   Pre Evacuate Collection Set: 0.36ms
[4392.053s][info][gc,phases      ] GC(1237)   Merge Heap Roots: 0.64ms
[4392.053s][info][gc,phases      ] GC(1237)   Evacuate Collection Set: 130.61ms
[4392.053s][info][gc,phases      ] GC(1237)   Post Evacuate Collection Set: 0.93ms
[4392.053s][info][gc,phases      ] GC(1237)   Other: 0.09ms
[4392.053s][info][gc,heap        ] GC(1237) Eden regions: 1102->0(1120)
[4392.053s][info][gc,heap        ] GC(1237) Survivor regions: 113->108(152)
[4392.053s][info][gc,heap        ] GC(1237) Old regions: 537->472
[4392.053s][info][gc,heap        ] GC(1237) Humongous regions: 80->80
[4392.053s][info][gc,metaspace   ] GC(1237) Metaspace: 28863K(29248K)->28863K(29248K) NonClass: 23996K(24192K)->23996K(24192K) Class: 4867K(5056K)->4867K(5056K)
[4392.053s][info][gc             ] GC(1237) Pause Young (Mixed) (G1 Evacuation Pause) 3661M->1318M(4096M) 132.772ms
[4392.053s][info][gc,cpu         ] GC(1237) User=0.79s Sys=0.00s Real=0.13s
...[4394.310s][info][gc,start       ] GC(1238) Pause Young (Concurrent Start) (G1 Evacuation Pause)
[4394.310s][info][gc,task        ] GC(1238) Using 6 workers of 6 for evacuation
[4394.432s][info][gc,phases      ] GC(1238)   Pre Evacuate Collection Set: 0.39ms
[4394.432s][info][gc,phases      ] GC(1238)   Merge Heap Roots: 0.52ms
[4394.432s][info][gc,phases      ] GC(1238)   Evacuate Collection Set: 119.35ms
[4394.432s][info][gc,phases      ] GC(1238)   Post Evacuate Collection Set: 0.89ms
[4394.432s][info][gc,phases      ] GC(1238)   Other: 0.12ms
[4394.432s][info][gc,heap        ] GC(1238) Eden regions: 1120->0(1116)
[4394.432s][info][gc,heap        ] GC(1238) Survivor regions: 108->112(154)
[4394.432s][info][gc,heap        ] GC(1238) Old regions: 472->504
[4394.432s][info][gc,heap        ] GC(1238) Humongous regions: 80->80
[4394.432s][info][gc,metaspace   ] GC(1238) Metaspace: 28863K(29248K)->28863K(29248K) NonClass: 23996K(24192K)->23996K(24192K) Class: 4867K(5056K)->4867K(5056K)
[4394.432s][info][gc             ] GC(1238) Pause Young (Concurrent Start) (G1 Evacuation Pause) 3558M->1390M(4096M) 121.396ms
[4394.432s][info][gc             ] GC(1239) Concurrent Mark Cycle
[4394.432s][info][gc,marking     ] GC(1239) Concurrent Scan Root Regions
[4394.432s][info][gc,cpu         ] GC(1238) User=0.71s Sys=0.00s Real=0.12s
[4394.584s][info][gc,marking     ] GC(1239) Concurrent Scan Root Regions 152.568ms
[4394.584s][info][gc,marking     ] GC(1239) Concurrent Mark
[4394.585s][info][gc,marking     ] GC(1239) Concurrent Mark From Roots
[4394.585s][info][gc,task        ] GC(1239) Using 2 workers of 2 for marking
.[4395.302s][info][gc,marking     ] GC(1239) Concurrent Mark From Roots 717.541ms
[4395.302s][info][gc,marking     ] GC(1239) Concurrent Preclean
[4395.302s][info][gc,marking     ] GC(1239) Concurrent Preclean 0.129ms
[4395.305s][info][gc,start       ] GC(1239) Pause Remark
[4395.311s][info][gc             ] GC(1239) Pause Remark 2190M->2190M(4096M) 6.053ms
[4395.311s][info][gc,cpu         ] GC(1239) User=0.04s Sys=0.00s Real=0.01s
[4395.311s][info][gc,marking     ] GC(1239) Concurrent Mark 726.241ms
[4395.311s][info][gc,marking     ] GC(1239) Concurrent Rebuild Remembered Sets and Scrub Regions
[4395.590s][info][gc,marking     ] GC(1239) Concurrent Rebuild Remembered Sets and Scrub Regions 278.994ms
[4395.592s][info][gc,start       ] GC(1239) Pause Cleanup
[4395.593s][info][gc             ] GC(1239) Pause Cleanup 2450M->2450M(4096M) 0.152ms
[4395.593s][info][gc,cpu         ] GC(1239) User=0.00s Sys=0.00s Real=0.00s
[4395.593s][info][gc,marking     ] GC(1239) Concurrent Clear Claimed Marks
[4395.593s][info][gc,marking     ] GC(1239) Concurrent Clear Claimed Marks 0.032ms
[4395.593s][info][gc,marking     ] GC(1239) Concurrent Cleanup for Next Mark
[4395.598s][info][gc,marking     ] GC(1239) Concurrent Cleanup for Next Mark 4.848ms
[4395.598s][info][gc             ] GC(1239) Concurrent Mark Cycle 1165.735ms
.[4396.676s][info][gc,start       ] GC(1240) Pause Young (Prepare Mixed) (G1 Evacuation Pause)
[4396.676s][info][gc,task        ] GC(1240) Using 6 workers of 6 for evacuation
[4396.791s][info][gc,phases      ] GC(1240)   Pre Evacuate Collection Set: 0.33ms
[4396.791s][info][gc,phases      ] GC(1240)   Merge Heap Roots: 0.48ms
[4396.791s][info][gc,phases      ] GC(1240)   Evacuate Collection Set: 113.20ms
[4396.791s][info][gc,phases      ] GC(1240)   Post Evacuate Collection Set: 0.94ms
[4396.791s][info][gc,phases      ] GC(1240)   Other: 0.09ms
[4396.791s][info][gc,heap        ] GC(1240) Eden regions: 1116->0(1112)
[4396.791s][info][gc,heap        ] GC(1240) Survivor regions: 112->109(154)
[4396.791s][info][gc,heap        ] GC(1240) Old regions: 504->535
[4396.791s][info][gc,heap        ] GC(1240) Humongous regions: 80->80
[4396.791s][info][gc,metaspace   ] GC(1240) Metaspace: 28863K(29248K)->28863K(29248K) NonClass: 23996K(24192K)->23996K(24192K) Class: 4867K(5056K)->4867K(5056K)
[4396.791s][info][gc             ] GC(1240) Pause Young (Prepare Mixed) (G1 Evacuation Pause) 3622M->1446M(4096M) 115.174ms
[4396.791s][info][gc,cpu         ] GC(1240) User=0.68s Sys=0.00s Real=0.12s
..[4399.104s][info][gc,start       ] GC(1241) Pause Young (Mixed) (G1 Evacuation Pause)
[4399.104s][info][gc,task        ] GC(1241) Using 6 workers of 6 for evacuation
[4399.245s][info][gc,phases      ] GC(1241)   Pre Evacuate Collection Set: 0.36ms
[4399.245s][info][gc,phases      ] GC(1241)   Merge Heap Roots: 0.83ms
[4399.245s][info][gc,phases      ] GC(1241)   Evacuate Collection Set: 138.46ms
[4399.245s][info][gc,phases      ] GC(1241)   Post Evacuate Collection Set: 0.95ms
[4399.245s][info][gc,phases      ] GC(1241)   Other: 0.11ms
[4399.245s][info][gc,heap        ] GC(1241) Eden regions: 1112->0(1116)
[4399.245s][info][gc,heap        ] GC(1241) Survivor regions: 109->112(153)
[4399.245s][info][gc,heap        ] GC(1241) Old regions: 535->473
[4399.245s][info][gc,heap        ] GC(1241) Humongous regions: 80->80
[4399.245s][info][gc,metaspace   ] GC(1241) Metaspace: 28863K(29248K)->28863K(29248K) NonClass: 23996K(24192K)->23996K(24192K) Class: 4867K(5056K)->4867K(5056K)
[4399.245s][info][gc             ] GC(1241) Pause Young (Mixed) (G1 Evacuation Pause) 3670M->1328M(4096M) 140.832ms
[4399.245s][info][gc,cpu         ] GC(1241) User=0.83s Sys=0.00s Real=0.14s
...[4401.515s][info][gc,start       ] GC(1242) Pause Young (Concurrent Start) (G1 Evacuation Pause)
[4401.515s][info][gc,task        ] GC(1242) Using 6 workers of 6 for evacuation
[4401.640s][info][gc,phases      ] GC(1242)   Pre Evacuate Collection Set: 0.37ms
[4401.640s][info][gc,phases      ] GC(1242)   Merge Heap Roots: 0.46ms
[4401.640s][info][gc,phases      ] GC(1242)   Evacuate Collection Set: 122.70ms
[4401.640s][info][gc,phases      ] GC(1242)   Post Evacuate Collection Set: 0.87ms
[4401.640s][info][gc,phases      ] GC(1242)   Other: 0.12ms
[4401.640s][info][gc,heap        ] GC(1242) Eden regions: 1116->0(1112)
[4401.640s][info][gc,heap        ] GC(1242) Survivor regions: 112->116(154)
[4401.640s][info][gc,heap        ] GC(1242) Old regions: 473->504
[4401.640s][info][gc,heap        ] GC(1242) Humongous regions: 80->80
[4401.640s][info][gc,metaspace   ] GC(1242) Metaspace: 28863K(29248K)->28863K(29248K) NonClass: 23996K(24192K)->23996K(24192K) Class: 4867K(5056K)->4867K(5056K)
[4401.640s][info][gc             ] GC(1242) Pause Young (Concurrent Start) (G1 Evacuation Pause) 3560M->1398M(4096M) 124.667ms
[4401.640s][info][gc             ] GC(1243) Concurrent Mark Cycle
[4401.640s][info][gc,marking     ] GC(1243) Concurrent Scan Root Regions
[4401.640s][info][gc,cpu         ] GC(1242) User=0.73s Sys=0.00s Real=0.13s
[4401.774s][info][gc,marking     ] GC(1243) Concurrent Scan Root Regions 134.030ms
[4401.774s][info][gc,marking     ] GC(1243) Concurrent Mark
[4401.774s][info][gc,marking     ] GC(1243) Concurrent Mark From Roots
[4401.774s][info][gc,task        ] GC(1243) Using 2 workers of 2 for marking
.[4402.489s][info][gc,marking     ] GC(1243) Concurrent Mark From Roots 715.303ms
[4402.489s][info][gc,marking     ] GC(1243) Concurrent Preclean
[4402.490s][info][gc,marking     ] GC(1243) Concurrent Preclean 0.106ms
[4402.492s][info][gc,start       ] GC(1243) Pause Remark
[4402.498s][info][gc             ] GC(1243) Pause Remark 2138M->2138M(4096M) 5.548ms
[4402.498s][info][gc,cpu         ] GC(1243) User=0.03s Sys=0.00s Real=0.00s
[4402.498s][info][gc,marking     ] GC(1243) Concurrent Mark 723.733ms
[4402.498s][info][gc,marking     ] GC(1243) Concurrent Rebuild Remembered Sets and Scrub Regions
[4402.771s][info][gc,marking     ] GC(1243) Concurrent Rebuild Remembered Sets and Scrub Regions 273.619ms
[4402.772s][info][gc,start       ] GC(1243) Pause Cleanup
[4402.772s][info][gc             ] GC(1243) Pause Cleanup 2402M->2402M(4096M) 0.102ms
[4402.772s][info][gc,cpu         ] GC(1243) User=0.00s Sys=0.00s Real=0.00s
[4402.772s][info][gc,marking     ] GC(1243) Concurrent Clear Claimed Marks
[4402.772s][info][gc,marking     ] GC(1243) Concurrent Clear Claimed Marks 0.022ms
[4402.772s][info][gc,marking     ] GC(1243) Concurrent Cleanup for Next Mark
[4402.777s][info][gc,marking     ] GC(1243) Concurrent Cleanup for Next Mark 5.263ms
[4402.777s][info][gc             ] GC(1243) Concurrent Mark Cycle 1137.162ms
.[4403.900s][info][gc,start       ] GC(1244) Pause Young (Prepare Mixed) (G1 Evacuation Pause)
[4403.900s][info][gc,task        ] GC(1244) Using 6 workers of 6 for evacuation
[4404.020s][info][gc,phases      ] GC(1244)   Pre Evacuate Collection Set: 0.36ms
[4404.020s][info][gc,phases      ] GC(1244)   Merge Heap Roots: 0.53ms
[4404.020s][info][gc,phases      ] GC(1244)   Evacuate Collection Set: 117.91ms
[4404.020s][info][gc,phases      ] GC(1244)   Post Evacuate Collection Set: 0.93ms
[4404.020s][info][gc,phases      ] GC(1244)   Other: 0.09ms
[4404.020s][info][gc,heap        ] GC(1244) Eden regions: 1112->0(1108)
[4404.020s][info][gc,heap        ] GC(1244) Survivor regions: 116->110(154)
[4404.020s][info][gc,heap        ] GC(1244) Old regions: 504->537
[4404.020s][info][gc,heap        ] GC(1244) Humongous regions: 80->80
[4404.020s][info][gc,metaspace   ] GC(1244) Metaspace: 28863K(29248K)->28863K(29248K) NonClass: 23996K(24192K)->23996K(24192K) Class: 4867K(5056K)->4867K(5056K)
[4404.020s][info][gc             ] GC(1244) Pause Young (Prepare Mixed) (G1 Evacuation Pause) 3622M->1452M(4096M) 119.957ms
[4404.020s][info][gc,cpu         ] GC(1244) User=0.71s Sys=0.00s Real=0.12s
..[4406.254s][info][gc,start       ] GC(1245) Pause Young (Mixed) (G1 Evacuation Pause)
[4406.254s][info][gc,task        ] GC(1245) Using 6 workers of 6 for evacuation
[4406.391s][info][gc,phases      ] GC(1245)   Pre Evacuate Collection Set: 0.41ms
[4406.391s][info][gc,phases      ] GC(1245)   Merge Heap Roots: 0.73ms
[4406.391s][info][gc,phases      ] GC(1245)   Evacuate Collection Set: 134.27ms
[4406.391s][info][gc,phases      ] GC(1245)   Post Evacuate Collection Set: 0.99ms
[4406.391s][info][gc,phases      ] GC(1245)   Other: 0.88ms
[4406.391s][info][gc,heap        ] GC(1245) Eden regions: 1108->0(1116)
[4406.391s][info][gc,heap        ] GC(1245) Survivor regions: 110->112(153)
[4406.391s][info][gc,heap        ] GC(1245) Old regions: 537->473
[4406.391s][info][gc,heap        ] GC(1245) Humongous regions: 80->80
[4406.391s][info][gc,metaspace   ] GC(1245) Metaspace: 28863K(29248K)->28863K(29248K) NonClass: 23996K(24192K)->23996K(24192K) Class: 4867K(5056K)->4867K(5056K)
[4406.391s][info][gc             ] GC(1245) Pause Young (Mixed) (G1 Evacuation Pause) 3668M->1328M(4096M) 137.412ms
[4406.391s][info][gc,cpu         ] GC(1245) User=0.81s Sys=0.00s Real=0.14s
...[4408.613s][info][gc,start       ] GC(1246) Pause Young (Concurrent Start) (G1 Evacuation Pause)
[4408.613s][info][gc,task        ] GC(1246) Using 6 workers of 6 for evacuation
[4408.730s][info][gc,phases      ] GC(1246)   Pre Evacuate Collection Set: 0.38ms
[4408.730s][info][gc,phases      ] GC(1246)   Merge Heap Roots: 0.44ms
[4408.730s][info][gc,phases      ] GC(1246)   Evacuate Collection Set: 115.50ms
[4408.730s][info][gc,phases      ] GC(1246)   Post Evacuate Collection Set: 0.91ms
[4408.730s][info][gc,phases      ] GC(1246)   Other: 0.12ms
[4408.730s][info][gc,heap        ] GC(1246) Eden regions: 1116->0(1120)
[4408.730s][info][gc,heap        ] GC(1246) Survivor regions: 112->108(154)
[4408.730s][info][gc,heap        ] GC(1246) Old regions: 473->505
[4408.730s][info][gc,heap        ] GC(1246) Humongous regions: 80->80
[4408.730s][info][gc,metaspace   ] GC(1246) Metaspace: 28863K(29248K)->28863K(29248K) NonClass: 23996K(24192K)->23996K(24192K) Class: 4867K(5056K)->4867K(5056K)
[4408.730s][info][gc             ] GC(1246) Pause Young (Concurrent Start) (G1 Evacuation Pause) 3560M->1383M(4096M) 117.512ms
[4408.730s][info][gc             ] GC(1247) Concurrent Mark Cycle
[4408.730s][info][gc,marking     ] GC(1247) Concurrent Scan Root Regions
[4408.730s][info][gc,cpu         ] GC(1246) User=0.70s Sys=0.00s Real=0.12s
[4408.903s][info][gc,marking     ] GC(1247) Concurrent Scan Root Regions 172.231ms
[4408.903s][info][gc,marking     ] GC(1247) Concurrent Mark
[4408.903s][info][gc,marking     ] GC(1247) Concurrent Mark From Roots
[4408.903s][info][gc,task        ] GC(1247) Using 2 workers of 2 for marking
.[4409.890s][info][gc,marking     ] GC(1247) Concurrent Mark From Roots 987.348ms
[4409.890s][info][gc,marking     ] GC(1247) Concurrent Preclean
[4409.890s][info][gc,marking     ] GC(1247) Concurrent Preclean 0.125ms
[4409.892s][info][gc,start       ] GC(1247) Pause Remark
[4409.899s][info][gc             ] GC(1247) Pause Remark 2481M->2481M(4096M) 6.974ms
[4409.900s][info][gc,cpu         ] GC(1247) User=0.04s Sys=0.00s Real=0.01s
[4409.900s][info][gc,marking     ] GC(1247) Concurrent Mark 996.973ms
[4409.900s][info][gc,marking     ] GC(1247) Concurrent Rebuild Remembered Sets and Scrub Regions
[4410.322s][info][gc,marking     ] GC(1247) Concurrent Rebuild Remembered Sets and Scrub Regions 422.659ms
[4410.324s][info][gc,start       ] GC(1247) Pause Cleanup
[4410.324s][info][gc             ] GC(1247) Pause Cleanup 2923M->2923M(4096M) 0.132ms
[4410.324s][info][gc,cpu         ] GC(1247) User=0.00s Sys=0.00s Real=0.00s
[4410.325s][info][gc,marking     ] GC(1247) Concurrent Clear Claimed Marks
[4410.325s][info][gc,marking     ] GC(1247) Concurrent Clear Claimed Marks 0.038ms
[4410.325s][info][gc,marking     ] GC(1247) Concurrent Cleanup for Next Mark
[4410.329s][info][gc,marking     ] GC(1247) Concurrent Cleanup for Next Mark 4.489ms
[4410.329s][info][gc             ] GC(1247) Concurrent Mark Cycle 1599.096ms
.[4411.000s][info][gc,start       ] GC(1248) Pause Young (Prepare Mixed) (G1 Evacuation Pause)
[4411.000s][info][gc,task        ] GC(1248) Using 6 workers of 6 for evacuation
[4411.123s][info][gc,phases      ] GC(1248)   Pre Evacuate Collection Set: 0.34ms
[4411.123s][info][gc,phases      ] GC(1248)   Merge Heap Roots: 0.53ms
[4411.123s][info][gc,phases      ] GC(1248)   Evacuate Collection Set: 121.63ms
[4411.123s][info][gc,phases      ] GC(1248)   Post Evacuate Collection Set: 0.93ms
[4411.123s][info][gc,phases      ] GC(1248)   Other: 0.08ms
[4411.123s][info][gc,heap        ] GC(1248) Eden regions: 1120->0(1103)
[4411.123s][info][gc,heap        ] GC(1248) Survivor regions: 108->113(154)
[4411.123s][info][gc,heap        ] GC(1248) Old regions: 505->536
[4411.123s][info][gc,heap        ] GC(1248) Humongous regions: 80->80
[4411.123s][info][gc,metaspace   ] GC(1248) Metaspace: 28863K(29248K)->28863K(29248K) NonClass: 23996K(24192K)->23996K(24192K) Class: 4867K(5056K)->4867K(5056K)
[4411.123s][info][gc             ] GC(1248) Pause Young (Prepare Mixed) (G1 Evacuation Pause) 3623M->1456M(4096M) 123.647ms
[4411.123s][info][gc,cpu         ] GC(1248) User=0.73s Sys=0.00s Real=0.12s
..[4413.406s][info][gc,start       ] GC(1249) Pause Young (Mixed) (G1 Evacuation Pause)
[4413.406s][info][gc,task        ] GC(1249) Using 6 workers of 6 for evacuation
[4413.552s][info][gc,phases      ] GC(1249)   Pre Evacuate Collection Set: 0.36ms
[4413.552s][info][gc,phases      ] GC(1249)   Merge Heap Roots: 0.76ms
[4413.552s][info][gc,phases      ] GC(1249)   Evacuate Collection Set: 144.30ms
[4413.552s][info][gc,phases      ] GC(1249)   Post Evacuate Collection Set: 0.99ms
[4413.552s][info][gc,phases      ] GC(1249)   Other: 0.09ms
[4413.552s][info][gc,heap        ] GC(1249) Eden regions: 1103->0(1111)
[4413.552s][info][gc,heap        ] GC(1249) Survivor regions: 113->117(152)
[4413.552s][info][gc,heap        ] GC(1249) Old regions: 536->473
[4413.552s][info][gc,heap        ] GC(1249) Humongous regions: 80->80
[4413.552s][info][gc,metaspace   ] GC(1249) Metaspace: 28863K(29248K)->28863K(29248K) NonClass: 23996K(24192K)->23996K(24192K) Class: 4867K(5056K)->4867K(5056K)
[4413.552s][info][gc             ] GC(1249) Pause Young (Mixed) (G1 Evacuation Pause) 3662M->1339M(4096M) 146.643ms
[4413.552s][info][gc,cpu         ] GC(1249) User=0.87s Sys=0.00s Real=0.15s
...[4415.752s][info][gc,start       ] GC(1250) Pause Young (Concurrent Start) (G1 Evacuation Pause)
[4415.752s][info][gc,task        ] GC(1250) Using 6 workers of 6 for evacuation
[4415.872s][info][gc,phases      ] GC(1250)   Pre Evacuate Collection Set: 0.40ms
[4415.872s][info][gc,phases      ] GC(1250)   Merge Heap Roots: 0.51ms
[4415.872s][info][gc,phases      ] GC(1250)   Evacuate Collection Set: 117.79ms
[4415.872s][info][gc,phases      ] GC(1250)   Post Evacuate Collection Set: 0.90ms
[4415.872s][info][gc,phases      ] GC(1250)   Other: 0.12ms
[4415.872s][info][gc,heap        ] GC(1250) Eden regions: 1111->0(1119)
[4415.872s][info][gc,heap        ] GC(1250) Survivor regions: 117->109(154)
[4415.872s][info][gc,heap        ] GC(1250) Old regions: 473->506
[4415.872s][info][gc,heap        ] GC(1250) Humongous regions: 80->80
[4415.872s][info][gc,metaspace   ] GC(1250) Metaspace: 28863K(29248K)->28863K(29248K) NonClass: 23996K(24192K)->23996K(24192K) Class: 4867K(5056K)->4867K(5056K)
[4415.872s][info][gc             ] GC(1250) Pause Young (Concurrent Start) (G1 Evacuation Pause) 3561M->1388M(4096M) 119.850ms
[4415.872s][info][gc             ] GC(1251) Concurrent Mark Cycle
[4415.872s][info][gc,marking     ] GC(1251) Concurrent Scan Root Regions
[4415.872s][info][gc,cpu         ] GC(1250) User=0.70s Sys=0.00s Real=0.12s
[4416.005s][info][gc,marking     ] GC(1251) Concurrent Scan Root Regions 132.435ms
[4416.005s][info][gc,marking     ] GC(1251) Concurrent Mark
[4416.005s][info][gc,marking     ] GC(1251) Concurrent Mark From Roots
[4416.005s][info][gc,task        ] GC(1251) Using 2 workers of 2 for marking
.[4417.014s][info][gc,marking     ] GC(1251) Concurrent Mark From Roots 1009.283ms
[4417.014s][info][gc,marking     ] GC(1251) Concurrent Preclean
[4417.014s][info][gc,marking     ] GC(1251) Concurrent Preclean 0.120ms
[4417.018s][info][gc,start       ] GC(1251) Pause Remark
[4417.026s][info][gc             ] GC(1251) Pause Remark 2426M->2426M(4096M) 7.167ms
[4417.026s][info][gc,cpu         ] GC(1251) User=0.04s Sys=0.00s Real=0.00s
[4417.026s][info][gc,marking     ] GC(1251) Concurrent Mark 1021.089ms
[4417.026s][info][gc,marking     ] GC(1251) Concurrent Rebuild Remembered Sets and Scrub Regions
[4417.397s][info][gc,marking     ] GC(1251) Concurrent Rebuild Remembered Sets and Scrub Regions 370.730ms
[4417.399s][info][gc,start       ] GC(1251) Pause Cleanup
[4417.399s][info][gc             ] GC(1251) Pause Cleanup 2808M->2808M(4096M) 0.130ms
[4417.399s][info][gc,cpu         ] GC(1251) User=0.00s Sys=0.00s Real=0.00s
[4417.399s][info][gc,marking     ] GC(1251) Concurrent Clear Claimed Marks
[4417.399s][info][gc,marking     ] GC(1251) Concurrent Clear Claimed Marks 0.027ms
[4417.399s][info][gc,marking     ] GC(1251) Concurrent Cleanup for Next Mark
[4417.408s][info][gc,marking     ] GC(1251) Concurrent Cleanup for Next Mark 9.371ms
[4417.408s][info][gc             ] GC(1251) Concurrent Mark Cycle 1536.123ms
.[4418.262s][info][gc,start       ] GC(1252) Pause Young (Prepare Mixed) (G1 Evacuation Pause)
[4418.262s][info][gc,task        ] GC(1252) Using 6 workers of 6 for evacuation
[4418.381s][info][gc,phases      ] GC(1252)   Pre Evacuate Collection Set: 0.32ms
[4418.381s][info][gc,phases      ] GC(1252)   Merge Heap Roots: 0.62ms
[4418.381s][info][gc,phases      ] GC(1252)   Evacuate Collection Set: 117.11ms
[4418.381s][info][gc,phases      ] GC(1252)   Post Evacuate Collection Set: 0.93ms
[4418.381s][info][gc,phases      ] GC(1252)   Other: 0.08ms
[4418.381s][info][gc,heap        ] GC(1252) Eden regions: 1119->0(1106)
[4418.381s][info][gc,heap        ] GC(1252) Survivor regions: 109->111(154)
[4418.381s][info][gc,heap        ] GC(1252) Old regions: 506->537
[4418.381s][info][gc,heap        ] GC(1252) Humongous regions: 80->80
[4418.381s][info][gc,metaspace   ] GC(1252) Metaspace: 28863K(29248K)->28863K(29248K) NonClass: 23996K(24192K)->23996K(24192K) Class: 4867K(5056K)->4867K(5056K)
[4418.381s][info][gc             ] GC(1252) Pause Young (Prepare Mixed) (G1 Evacuation Pause) 3626M->1454M(4096M) 119.186ms
[4418.381s][info][gc,cpu         ] GC(1252) User=0.71s Sys=0.01s Real=0.12s
..[4420.566s][info][gc,start       ] GC(1253) Pause Young (Mixed) (G1 Evacuation Pause)
[4420.566s][info][gc,task        ] GC(1253) Using 6 workers of 6 for evacuation
[4420.710s][info][gc,phases      ] GC(1253)   Pre Evacuate Collection Set: 0.37ms
[4420.710s][info][gc,phases      ] GC(1253)   Merge Heap Roots: 0.71ms
[4420.710s][info][gc,phases      ] GC(1253)   Evacuate Collection Set: 141.86ms
[4420.710s][info][gc,phases      ] GC(1253)   Post Evacuate Collection Set: 0.96ms
[4420.710s][info][gc,phases      ] GC(1253)   Other: 0.09ms
[4420.710s][info][gc,heap        ] GC(1253) Eden regions: 1106->0(1110)
[4420.710s][info][gc,heap        ] GC(1253) Survivor regions: 111->118(153)
[4420.710s][info][gc,heap        ] GC(1253) Old regions: 537->475
[4420.710s][info][gc,heap        ] GC(1253) Humongous regions: 80->80
[4420.710s][info][gc,metaspace   ] GC(1253) Metaspace: 28863K(29248K)->28863K(29248K) NonClass: 23996K(24192K)->23996K(24192K) Class: 4867K(5056K)->4867K(5056K)
[4420.710s][info][gc             ] GC(1253) Pause Young (Mixed) (G1 Evacuation Pause) 3666M->1345M(4096M) 144.132ms
[4420.710s][info][gc,cpu         ] GC(1253) User=0.86s Sys=0.00s Real=0.15s
... (rIR:aIR:PR = 7887:7901:7902) (tPR = 117097) [OK] 
  4422s: Performance info:
         Transaction,    Success,    Partial,     Failed,   Receipts, AvgBarcode, 
             Overall,     475007,          0,          0,     451294,      59.47, 
         Response times:
             Request,    Success,    Partial,     Failed,   SkipFail,     Probes,    Samples,      min,      p50,      p90,      p95,      p99,      max, 
       TotalPurchase,     451275,          0,          0,          0,     352007,     428398,      300,     7400,   126000,   171000,   256000,   491000,
     InStorePurchase,     237455,          0,          0,          0,     185136,     224867,      300,     7500,   127000,   171000,   257000,   485000,
      OnlinePurchase,     166238,          0,          0,          0,     129654,     157674,      300,     7500,   127000,   170000,   256000,   491000,
        InstPurchase,      47582,          0,          0,          0,      37217,      45857,      400,     7000,   122000,   167000,   255000,   475000,
          AssocOfCat,        475,          0,          0,          0,        354,        511,    25000,    51000,   187800,   247200,   303640,   347000,
      AssocOfProduct,       4741,          0,          0,          0,       4313,       5505,      600,     8600,   134000,   184000,   259000,   349000,
      BusinessReport,       1187,          0,          0,          0,       1017,       1386,    29000,    59000,   191000,   231000,   325000,   509000,
          CustBuyBeh,       4735,          0,          0,          0,       4379,       5616,      200,     6400,   117000,   163000,   258000,   398000,
       ProductReturn,      12574,          0,          0,          0,       9511,      11836,      300,     7100,   123300,   167000,   258630,   475000,

  4422s: (58%)   IR =   8025 [4422.897s][info][gc,start       ] GC(1254) Pause Young (Concurrent Start) (G1 Evacuation Pause)
[4422.897s][info][gc,task        ] GC(1254) Using 6 workers of 6 for evacuation
[4423.015s][info][gc,phases      ] GC(1254)   Pre Evacuate Collection Set: 0.39ms
[4423.015s][info][gc,phases      ] GC(1254)   Merge Heap Roots: 0.57ms
[4423.015s][info][gc,phases      ] GC(1254)   Evacuate Collection Set: 115.38ms
[4423.015s][info][gc,phases      ] GC(1254)   Post Evacuate Collection Set: 0.91ms
[4423.015s][info][gc,phases      ] GC(1254)   Other: 0.12ms
[4423.015s][info][gc,heap        ] GC(1254) Eden regions: 1110->0(1121)
[4423.015s][info][gc,heap        ] GC(1254) Survivor regions: 118->107(154)
[4423.015s][info][gc,heap        ] GC(1254) Old regions: 475->509
[4423.015s][info][gc,heap        ] GC(1254) Humongous regions: 80->80
[4423.015s][info][gc,metaspace   ] GC(1254) Metaspace: 28863K(29248K)->28863K(29248K) NonClass: 23996K(24192K)->23996K(24192K) Class: 4867K(5056K)->4867K(5056K)
[4423.015s][info][gc             ] GC(1254) Pause Young (Concurrent Start) (G1 Evacuation Pause) 3565M->1390M(4096M) 117.498ms
[4423.015s][info][gc             ] GC(1255) Concurrent Mark Cycle
[4423.015s][info][gc,marking     ] GC(1255) Concurrent Scan Root Regions
[4423.015s][info][gc,cpu         ] GC(1254) User=0.70s Sys=0.00s Real=0.12s
[4423.146s][info][gc,marking     ] GC(1255) Concurrent Scan Root Regions 131.368ms
[4423.146s][info][gc,marking     ] GC(1255) Concurrent Mark
[4423.146s][info][gc,marking     ] GC(1255) Concurrent Mark From Roots
[4423.146s][info][gc,task        ] GC(1255) Using 2 workers of 2 for marking
[4423.849s][info][gc,marking     ] GC(1255) Concurrent Mark From Roots 702.416ms
[4423.849s][info][gc,marking     ] GC(1255) Concurrent Preclean
[4423.849s][info][gc,marking     ] GC(1255) Concurrent Preclean 0.165ms
[4423.854s][info][gc,start       ] GC(1255) Pause Remark
[4423.859s][info][gc             ] GC(1255) Pause Remark 2038M->2038M(4096M) 5.165ms
[4423.859s][info][gc,cpu         ] GC(1255) User=0.03s Sys=0.00s Real=0.01s
[4423.859s][info][gc,marking     ] GC(1255) Concurrent Mark 713.198ms
[4423.859s][info][gc,marking     ] GC(1255) Concurrent Rebuild Remembered Sets and Scrub Regions
.[4424.200s][info][gc,marking     ] GC(1255) Concurrent Rebuild Remembered Sets and Scrub Regions 340.629ms
[4424.201s][info][gc,start       ] GC(1255) Pause Cleanup
[4424.201s][info][gc             ] GC(1255) Pause Cleanup 2330M->2330M(4096M) 0.115ms
[4424.201s][info][gc,cpu         ] GC(1255) User=0.00s Sys=0.00s Real=0.00s
[4424.201s][info][gc,marking     ] GC(1255) Concurrent Clear Claimed Marks
[4424.201s][info][gc,marking     ] GC(1255) Concurrent Clear Claimed Marks 0.020ms
[4424.201s][info][gc,marking     ] GC(1255) Concurrent Cleanup for Next Mark
[4424.246s][info][gc,marking     ] GC(1255) Concurrent Cleanup for Next Mark 44.417ms
[4424.246s][info][gc             ] GC(1255) Concurrent Mark Cycle 1231.053ms
.[4425.268s][info][gc,start       ] GC(1256) Pause Young (Prepare Mixed) (G1 Evacuation Pause)
[4425.268s][info][gc,task        ] GC(1256) Using 6 workers of 6 for evacuation
[4425.390s][info][gc,phases      ] GC(1256)   Pre Evacuate Collection Set: 0.33ms
[4425.390s][info][gc,phases      ] GC(1256)   Merge Heap Roots: 0.50ms
[4425.390s][info][gc,phases      ] GC(1256)   Evacuate Collection Set: 120.14ms
[4425.390s][info][gc,phases      ] GC(1256)   Post Evacuate Collection Set: 0.90ms
[4425.390s][info][gc,phases      ] GC(1256)   Other: 0.09ms
[4425.390s][info][gc,heap        ] GC(1256) Eden regions: 1121->0(1101)
[4425.390s][info][gc,heap        ] GC(1256) Survivor regions: 107->112(154)
[4425.390s][info][gc,heap        ] GC(1256) Old regions: 509->540
[4425.390s][info][gc,heap        ] GC(1256) Humongous regions: 80->80
[4425.390s][info][gc,metaspace   ] GC(1256) Metaspace: 28863K(29248K)->28863K(29248K) NonClass: 23996K(24192K)->23996K(24192K) Class: 4867K(5056K)->4867K(5056K)
[4425.390s][info][gc             ] GC(1256) Pause Young (Prepare Mixed) (G1 Evacuation Pause) 3632M->1461M(4096M) 122.114ms
[4425.390s][info][gc,cpu         ] GC(1256) User=0.72s Sys=0.00s Real=0.12s
..[4427.623s][info][gc,start       ] GC(1257) Pause Young (Mixed) (G1 Evacuation Pause)
[4427.623s][info][gc,task        ] GC(1257) Using 6 workers of 6 for evacuation
[4427.756s][info][gc,phases      ] GC(1257)   Pre Evacuate Collection Set: 0.37ms
[4427.756s][info][gc,phases      ] GC(1257)   Merge Heap Roots: 0.73ms
[4427.756s][info][gc,phases      ] GC(1257)   Evacuate Collection Set: 131.03ms
[4427.756s][info][gc,phases      ] GC(1257)   Post Evacuate Collection Set: 0.95ms
[4427.756s][info][gc,phases      ] GC(1257)   Other: 0.09ms
[4427.756s][info][gc,heap        ] GC(1257) Eden regions: 1101->0(1118)
[4427.756s][info][gc,heap        ] GC(1257) Survivor regions: 112->110(152)
[4427.756s][info][gc,heap        ] GC(1257) Old regions: 540->475
[4427.756s][info][gc,heap        ] GC(1257) Humongous regions: 80->80
[4427.756s][info][gc,metaspace   ] GC(1257) Metaspace: 28863K(29248K)->28863K(29248K) NonClass: 23996K(24192K)->23996K(24192K) Class: 4867K(5056K)->4867K(5056K)
[4427.756s][info][gc             ] GC(1257) Pause Young (Mixed) (G1 Evacuation Pause) 3663M->1327M(4096M) 133.331ms
[4427.756s][info][gc,cpu         ] GC(1257) User=0.78s Sys=0.00s Real=0.13s
...[4429.994s][info][gc,start       ] GC(1258) Pause Young (Concurrent Start) (G1 Evacuation Pause)
[4429.994s][info][gc,task        ] GC(1258) Using 6 workers of 6 for evacuation
[4430.115s][info][gc,phases      ] GC(1258)   Pre Evacuate Collection Set: 0.40ms
[4430.115s][info][gc,phases      ] GC(1258)   Merge Heap Roots: 0.53ms
[4430.115s][info][gc,phases      ] GC(1258)   Evacuate Collection Set: 119.09ms
[4430.115s][info][gc,phases      ] GC(1258)   Post Evacuate Collection Set: 0.89ms
[4430.115s][info][gc,phases      ] GC(1258)   Other: 0.13ms
[4430.115s][info][gc,heap        ] GC(1258) Eden regions: 1118->0(1118)
[4430.115s][info][gc,heap        ] GC(1258) Survivor regions: 110->110(154)
[4430.115s][info][gc,heap        ] GC(1258) Old regions: 475->507
[4430.115s][info][gc,heap        ] GC(1258) Humongous regions: 80->80
[4430.115s][info][gc,metaspace   ] GC(1258) Metaspace: 28863K(29248K)->28863K(29248K) NonClass: 23996K(24192K)->23996K(24192K) Class: 4867K(5056K)->4867K(5056K)
[4430.115s][info][gc             ] GC(1258) Pause Young (Concurrent Start) (G1 Evacuation Pause) 3563M->1393M(4096M) 121.175ms
[4430.115s][info][gc             ] GC(1259) Concurrent Mark Cycle
[4430.115s][info][gc,marking     ] GC(1259) Concurrent Scan Root Regions
[4430.115s][info][gc,cpu         ] GC(1258) User=0.72s Sys=0.00s Real=0.12s
[4430.289s][info][gc,marking     ] GC(1259) Concurrent Scan Root Regions 174.045ms
[4430.289s][info][gc,marking     ] GC(1259) Concurrent Mark
[4430.289s][info][gc,marking     ] GC(1259) Concurrent Mark From Roots
[4430.290s][info][gc,task        ] GC(1259) Using 2 workers of 2 for marking
.[4431.365s][info][gc,marking     ] GC(1259) Concurrent Mark From Roots 1075.870ms
[4431.365s][info][gc,marking     ] GC(1259) Concurrent Preclean
[4431.366s][info][gc,marking     ] GC(1259) Concurrent Preclean 0.127ms
[4431.366s][info][gc,start       ] GC(1259) Pause Remark
[4431.372s][info][gc             ] GC(1259) Pause Remark 2529M->2529M(4096M) 6.078ms
[4431.372s][info][gc,cpu         ] GC(1259) User=0.03s Sys=0.00s Real=0.01s
[4431.372s][info][gc,marking     ] GC(1259) Concurrent Mark 1082.572ms
[4431.372s][info][gc,marking     ] GC(1259) Concurrent Rebuild Remembered Sets and Scrub Regions
[4431.751s][info][gc,marking     ] GC(1259) Concurrent Rebuild Remembered Sets and Scrub Regions 378.744ms
[4431.751s][info][gc,start       ] GC(1259) Pause Cleanup
[4431.751s][info][gc             ] GC(1259) Pause Cleanup 2964M->2964M(4096M) 0.114ms
[4431.751s][info][gc,cpu         ] GC(1259) User=0.00s Sys=0.00s Real=0.00s
[4431.751s][info][gc,marking     ] GC(1259) Concurrent Clear Claimed Marks
[4431.751s][info][gc,marking     ] GC(1259) Concurrent Clear Claimed Marks 0.037ms
[4431.751s][info][gc,marking     ] GC(1259) Concurrent Cleanup for Next Mark
[4431.757s][info][gc,marking     ] GC(1259) Concurrent Cleanup for Next Mark 5.376ms
[4431.757s][info][gc             ] GC(1259) Concurrent Mark Cycle 1641.278ms
.[4432.307s][info][gc,start       ] GC(1260) Pause Young (Prepare Mixed) (G1 Evacuation Pause)
[4432.307s][info][gc,task        ] GC(1260) Using 6 workers of 6 for evacuation
[4432.426s][info][gc,phases      ] GC(1260)   Pre Evacuate Collection Set: 0.35ms
[4432.426s][info][gc,phases      ] GC(1260)   Merge Heap Roots: 0.50ms
[4432.426s][info][gc,phases      ] GC(1260)   Evacuate Collection Set: 117.61ms
[4432.426s][info][gc,phases      ] GC(1260)   Post Evacuate Collection Set: 0.91ms
[4432.426s][info][gc,phases      ] GC(1260)   Other: 0.09ms
[4432.426s][info][gc,heap        ] GC(1260) Eden regions: 1118->0(1104)
[4432.426s][info][gc,heap        ] GC(1260) Survivor regions: 110->111(154)
[4432.426s][info][gc,heap        ] GC(1260) Old regions: 507->539
[4432.426s][info][gc,heap        ] GC(1260) Humongous regions: 80->80
[4432.426s][info][gc,metaspace   ] GC(1260) Metaspace: 28863K(29248K)->28863K(29248K) NonClass: 23996K(24192K)->23996K(24192K) Class: 4867K(5056K)->4867K(5056K)
[4432.426s][info][gc             ] GC(1260) Pause Young (Prepare Mixed) (G1 Evacuation Pause) 3629M->1459M(4096M) 119.607ms
[4432.426s][info][gc,cpu         ] GC(1260) User=0.71s Sys=0.00s Real=0.12s
..[4434.571s][info][gc,start       ] GC(1261) Pause Young (Mixed) (G1 Evacuation Pause)
[4434.571s][info][gc,task        ] GC(1261) Using 6 workers of 6 for evacuation
[4434.712s][info][gc,phases      ] GC(1261)   Pre Evacuate Collection Set: 0.41ms
[4434.712s][info][gc,phases      ] GC(1261)   Merge Heap Roots: 0.80ms
[4434.712s][info][gc,phases      ] GC(1261)   Evacuate Collection Set: 138.76ms
[4434.712s][info][gc,phases      ] GC(1261)   Post Evacuate Collection Set: 0.95ms
[4434.712s][info][gc,phases      ] GC(1261)   Other: 0.10ms
[4434.712s][info][gc,heap        ] GC(1261) Eden regions: 1104->0(1114)
[4434.712s][info][gc,heap        ] GC(1261) Survivor regions: 111->114(152)
[4434.712s][info][gc,heap        ] GC(1261) Old regions: 539->474
[4434.712s][info][gc,heap        ] GC(1261) Humongous regions: 80->80
[4434.712s][info][gc,metaspace   ] GC(1261) Metaspace: 28863K(29248K)->28863K(29248K) NonClass: 23996K(24192K)->23996K(24192K) Class: 4867K(5056K)->4867K(5056K)
[4434.712s][info][gc             ] GC(1261) Pause Young (Mixed) (G1 Evacuation Pause) 3667M->1334M(4096M) 141.154ms
[4434.712s][info][gc,cpu         ] GC(1261) User=0.84s Sys=0.00s Real=0.14s
..[4436.920s][info][gc,start       ] GC(1262) Pause Young (Concurrent Start) (G1 Evacuation Pause)
[4436.920s][info][gc,task        ] GC(1262) Using 6 workers of 6 for evacuation
[4437.038s][info][gc,phases      ] GC(1262)   Pre Evacuate Collection Set: 0.39ms
[4437.038s][info][gc,phases      ] GC(1262)   Merge Heap Roots: 0.49ms
[4437.038s][info][gc,phases      ] GC(1262)   Evacuate Collection Set: 116.10ms
[4437.038s][info][gc,phases      ] GC(1262)   Post Evacuate Collection Set: 0.88ms
[4437.038s][info][gc,phases      ] GC(1262)   Other: 0.10ms
[4437.038s][info][gc,heap        ] GC(1262) Eden regions: 1114->0(1119)
[4437.038s][info][gc,heap        ] GC(1262) Survivor regions: 114->109(154)
[4437.038s][info][gc,heap        ] GC(1262) Old regions: 474->505
[4437.038s][info][gc,heap        ] GC(1262) Humongous regions: 80->80
[4437.038s][info][gc,metaspace   ] GC(1262) Metaspace: 28863K(29248K)->28863K(29248K) NonClass: 23996K(24192K)->23996K(24192K) Class: 4867K(5056K)->4867K(5056K)
[4437.038s][info][gc             ] GC(1262) Pause Young (Concurrent Start) (G1 Evacuation Pause) 3562M->1387M(4096M) 118.110ms
[4437.038s][info][gc             ] GC(1263) Concurrent Mark Cycle
[4437.038s][info][gc,marking     ] GC(1263) Concurrent Scan Root Regions
[4437.038s][info][gc,cpu         ] GC(1262) User=0.70s Sys=0.00s Real=0.11s
.[4437.227s][info][gc,marking     ] GC(1263) Concurrent Scan Root Regions 188.888ms
[4437.227s][info][gc,marking     ] GC(1263) Concurrent Mark
[4437.227s][info][gc,marking     ] GC(1263) Concurrent Mark From Roots
[4437.227s][info][gc,task        ] GC(1263) Using 2 workers of 2 for marking
.[4438.270s][info][gc,marking     ] GC(1263) Concurrent Mark From Roots 1043.523ms
[4438.270s][info][gc,marking     ] GC(1263) Concurrent Preclean
[4438.271s][info][gc,marking     ] GC(1263) Concurrent Preclean 0.126ms
[4438.272s][info][gc,start       ] GC(1263) Pause Remark
[4438.278s][info][gc             ] GC(1263) Pause Remark 2531M->2531M(4096M) 6.739ms
[4438.278s][info][gc,cpu         ] GC(1263) User=0.04s Sys=0.00s Real=0.01s
[4438.279s][info][gc,marking     ] GC(1263) Concurrent Mark 1051.706ms
[4438.279s][info][gc,marking     ] GC(1263) Concurrent Rebuild Remembered Sets and Scrub Regions
[4438.698s][info][gc,marking     ] GC(1263) Concurrent Rebuild Remembered Sets and Scrub Regions 419.595ms
[4438.701s][info][gc,start       ] GC(1263) Pause Cleanup
[4438.701s][info][gc             ] GC(1263) Pause Cleanup 2939M->2939M(4096M) 0.139ms
[4438.701s][info][gc,cpu         ] GC(1263) User=0.00s Sys=0.00s Real=0.00s
[4438.702s][info][gc,marking     ] GC(1263) Concurrent Clear Claimed Marks
[4438.702s][info][gc,marking     ] GC(1263) Concurrent Clear Claimed Marks 0.045ms
[4438.702s][info][gc,marking     ] GC(1263) Concurrent Cleanup for Next Mark
[4438.707s][info][gc,marking     ] GC(1263) Concurrent Cleanup for Next Mark 4.976ms
[4438.707s][info][gc             ] GC(1263) Concurrent Mark Cycle 1669.049ms
.[4439.257s][info][gc,start       ] GC(1264) Pause Young (Prepare Mixed) (G1 Evacuation Pause)
[4439.257s][info][gc,task        ] GC(1264) Using 6 workers of 6 for evacuation
[4439.379s][info][gc,phases      ] GC(1264)   Pre Evacuate Collection Set: 0.32ms
[4439.379s][info][gc,phases      ] GC(1264)   Merge Heap Roots: 0.54ms
[4439.379s][info][gc,phases      ] GC(1264)   Evacuate Collection Set: 120.53ms
[4439.379s][info][gc,phases      ] GC(1264)   Post Evacuate Collection Set: 0.93ms
[4439.379s][info][gc,phases      ] GC(1264)   Other: 0.10ms
[4439.379s][info][gc,heap        ] GC(1264) Eden regions: 1119->0(1101)
[4439.379s][info][gc,heap        ] GC(1264) Survivor regions: 109->113(154)
[4439.379s][info][gc,heap        ] GC(1264) Old regions: 505->538
[4439.379s][info][gc,heap        ] GC(1264) Humongous regions: 80->80
[4439.379s][info][gc,metaspace   ] GC(1264) Metaspace: 28863K(29248K)->28863K(29248K) NonClass: 23996K(24192K)->23996K(24192K) Class: 4867K(5056K)->4867K(5056K)
[4439.379s][info][gc             ] GC(1264) Pause Young (Prepare Mixed) (G1 Evacuation Pause) 3625M->1459M(4096M) 122.556ms
[4439.379s][info][gc,cpu         ] GC(1264) User=0.72s Sys=0.00s Real=0.13s
..[4441.614s][info][gc,start       ] GC(1265) Pause Young (Mixed) (G1 Evacuation Pause)
[4441.614s][info][gc,task        ] GC(1265) Using 6 workers of 6 for evacuation
[4441.754s][info][gc,phases      ] GC(1265)   Pre Evacuate Collection Set: 0.40ms
[4441.754s][info][gc,phases      ] GC(1265)   Merge Heap Roots: 0.72ms
[4441.754s][info][gc,phases      ] GC(1265)   Evacuate Collection Set: 137.09ms
[4441.754s][info][gc,phases      ] GC(1265)   Post Evacuate Collection Set: 0.94ms
[4441.754s][info][gc,phases      ] GC(1265)   Other: 0.09ms
[4441.754s][info][gc,heap        ] GC(1265) Eden regions: 1101->0(1115)
[4441.754s][info][gc,heap        ] GC(1265) Survivor regions: 113->113(152)
[4441.754s][info][gc,heap        ] GC(1265) Old regions: 538->474
[4441.754s][info][gc,heap        ] GC(1265) Humongous regions: 80->80
[4441.754s][info][gc,metaspace   ] GC(1265) Metaspace: 28863K(29248K)->28863K(29248K) NonClass: 23996K(24192K)->23996K(24192K) Class: 4867K(5056K)->4867K(5056K)
[4441.754s][info][gc             ] GC(1265) Pause Young (Mixed) (G1 Evacuation Pause) 3661M->1332M(4096M) 139.372ms
[4441.754s][info][gc,cpu         ] GC(1265) User=0.82s Sys=0.00s Real=0.14s
..[4443.926s][info][gc,start       ] GC(1266) Pause Young (Concurrent Start) (G1 Evacuation Pause)
[4443.926s][info][gc,task        ] GC(1266) Using 6 workers of 6 for evacuation
[4444.041s][info][gc,phases      ] GC(1266)   Pre Evacuate Collection Set: 0.39ms
[4444.041s][info][gc,phases      ] GC(1266)   Merge Heap Roots: 0.45ms
[4444.041s][info][gc,phases      ] GC(1266)   Evacuate Collection Set: 113.23ms
[4444.041s][info][gc,phases      ] GC(1266)   Post Evacuate Collection Set: 0.88ms
[4444.041s][info][gc,phases      ] GC(1266)   Other: 0.12ms
[4444.041s][info][gc,heap        ] GC(1266) Eden regions: 1115->0(1120)
[4444.041s][info][gc,heap        ] GC(1266) Survivor regions: 113->108(154)
[4444.041s][info][gc,heap        ] GC(1266) Old regions: 474->507
[4444.041s][info][gc,heap        ] GC(1266) Humongous regions: 80->80
[4444.041s][info][gc,metaspace   ] GC(1266) Metaspace: 28863K(29248K)->28863K(29248K) NonClass: 23996K(24192K)->23996K(24192K) Class: 4867K(5056K)->4867K(5056K)
[4444.041s][info][gc             ] GC(1266) Pause Young (Concurrent Start) (G1 Evacuation Pause) 3562M->1387M(4096M) 115.201ms
[4444.041s][info][gc             ] GC(1267) Concurrent Mark Cycle
[4444.041s][info][gc,marking     ] GC(1267) Concurrent Scan Root Regions
[4444.041s][info][gc,cpu         ] GC(1266) User=0.68s Sys=0.00s Real=0.12s
[4444.214s][info][gc,marking     ] GC(1267) Concurrent Scan Root Regions 172.888ms
[4444.214s][info][gc,marking     ] GC(1267) Concurrent Mark
[4444.214s][info][gc,marking     ] GC(1267) Concurrent Mark From Roots
[4444.214s][info][gc,task        ] GC(1267) Using 2 workers of 2 for marking
.[4445.258s][info][gc,marking     ] GC(1267) Concurrent Mark From Roots 1043.718ms
[4445.258s][info][gc,marking     ] GC(1267) Concurrent Preclean
[4445.258s][info][gc,marking     ] GC(1267) Concurrent Preclean 0.121ms
.[4445.263s][info][gc,start       ] GC(1267) Pause Remark
[4445.269s][info][gc             ] GC(1267) Pause Remark 2537M->2537M(4096M) 6.201ms
[4445.269s][info][gc,cpu         ] GC(1267) User=0.04s Sys=0.00s Real=0.01s
[4445.269s][info][gc,marking     ] GC(1267) Concurrent Mark 1055.656ms
[4445.270s][info][gc,marking     ] GC(1267) Concurrent Rebuild Remembered Sets and Scrub Regions
[4445.487s][info][gc,marking     ] GC(1267) Concurrent Rebuild Remembered Sets and Scrub Regions 217.405ms
[4445.490s][info][gc,start       ] GC(1267) Pause Cleanup
[4445.490s][info][gc             ] GC(1267) Pause Cleanup 2727M->2727M(4096M) 0.150ms
[4445.490s][info][gc,cpu         ] GC(1267) User=0.00s Sys=0.00s Real=0.00s
[4445.490s][info][gc,marking     ] GC(1267) Concurrent Clear Claimed Marks
[4445.491s][info][gc,marking     ] GC(1267) Concurrent Clear Claimed Marks 0.032ms
[4445.491s][info][gc,marking     ] GC(1267) Concurrent Cleanup for Next Mark
[4445.507s][info][gc,marking     ] GC(1267) Concurrent Cleanup for Next Mark 16.852ms
[4445.507s][info][gc             ] GC(1267) Concurrent Mark Cycle 1466.563ms
.[4446.321s][info][gc,start       ] GC(1268) Pause Young (Prepare Mixed) (G1 Evacuation Pause)
[4446.321s][info][gc,task        ] GC(1268) Using 6 workers of 6 for evacuation
[4446.442s][info][gc,phases      ] GC(1268)   Pre Evacuate Collection Set: 0.33ms
[4446.442s][info][gc,phases      ] GC(1268)   Merge Heap Roots: 0.51ms
[4446.442s][info][gc,phases      ] GC(1268)   Evacuate Collection Set: 118.94ms
[4446.442s][info][gc,phases      ] GC(1268)   Post Evacuate Collection Set: 0.91ms
[4446.442s][info][gc,phases      ] GC(1268)   Other: 0.09ms
[4446.442s][info][gc,heap        ] GC(1268) Eden regions: 1120->0(1100)
[4446.442s][info][gc,heap        ] GC(1268) Survivor regions: 108->113(154)
[4446.442s][info][gc,heap        ] GC(1268) Old regions: 507->539
[4446.442s][info][gc,heap        ] GC(1268) Humongous regions: 80->80
[4446.442s][info][gc,metaspace   ] GC(1268) Metaspace: 28863K(29248K)->28863K(29248K) NonClass: 23996K(24192K)->23996K(24192K) Class: 4867K(5056K)->4867K(5056K)
[4446.442s][info][gc             ] GC(1268) Pause Young (Prepare Mixed) (G1 Evacuation Pause) 3627M->1462M(4096M) 120.931ms
[4446.442s][info][gc,cpu         ] GC(1268) User=0.72s Sys=0.01s Real=0.12s
.|.[4448.595s][info][gc,start       ] GC(1269) Pause Young (Mixed) (G1 Evacuation Pause)
[4448.595s][info][gc,task        ] GC(1269) Using 6 workers of 6 for evacuation
[4448.725s][info][gc,phases      ] GC(1269)   Pre Evacuate Collection Set: 0.37ms
[4448.725s][info][gc,phases      ] GC(1269)   Merge Heap Roots: 0.70ms
[4448.725s][info][gc,phases      ] GC(1269)   Evacuate Collection Set: 128.28ms
[4448.725s][info][gc,phases      ] GC(1269)   Post Evacuate Collection Set: 0.93ms
[4448.725s][info][gc,phases      ] GC(1269)   Other: 0.09ms
[4448.725s][info][gc,heap        ] GC(1269) Eden regions: 1100->0(1120)
[4448.725s][info][gc,heap        ] GC(1269) Survivor regions: 113->108(152)
[4448.725s][info][gc,heap        ] GC(1269) Old regions: 539->476
[4448.725s][info][gc,heap        ] GC(1269) Humongous regions: 80->80
[4448.725s][info][gc,metaspace   ] GC(1269) Metaspace: 28863K(29248K)->28863K(29248K) NonClass: 23996K(24192K)->23996K(24192K) Class: 4867K(5056K)->4867K(5056K)
[4448.725s][info][gc             ] GC(1269) Pause Young (Mixed) (G1 Evacuation Pause) 3662M->1327M(4096M) 130.514ms
[4448.725s][info][gc,cpu         ] GC(1269) User=0.77s Sys=0.00s Real=0.13s
..[4450.874s][info][gc,start       ] GC(1270) Pause Young (Concurrent Start) (G1 Evacuation Pause)
[4450.874s][info][gc,task        ] GC(1270) Using 6 workers of 6 for evacuation
[4450.989s][info][gc,phases      ] GC(1270)   Pre Evacuate Collection Set: 0.40ms
[4450.989s][info][gc,phases      ] GC(1270)   Merge Heap Roots: 0.44ms
[4450.989s][info][gc,phases      ] GC(1270)   Evacuate Collection Set: 112.73ms
[4450.989s][info][gc,phases      ] GC(1270)   Post Evacuate Collection Set: 0.88ms
[4450.989s][info][gc,phases      ] GC(1270)   Other: 0.12ms
[4450.989s][info][gc,heap        ] GC(1270) Eden regions: 1120->0(1120)
[4450.989s][info][gc,heap        ] GC(1270) Survivor regions: 108->108(154)
[4450.989s][info][gc,heap        ] GC(1270) Old regions: 476->508
[4450.989s][info][gc,heap        ] GC(1270) Humongous regions: 80->80
[4450.989s][info][gc,metaspace   ] GC(1270) Metaspace: 28863K(29248K)->28863K(29248K) NonClass: 23996K(24192K)->23996K(24192K) Class: 4867K(5056K)->4867K(5056K)
[4450.989s][info][gc             ] GC(1270) Pause Young (Concurrent Start) (G1 Evacuation Pause) 3567M->1389M(4096M) 114.695ms
[4450.989s][info][gc             ] GC(1271) Concurrent Mark Cycle
[4450.989s][info][gc,marking     ] GC(1271) Concurrent Scan Root Regions
[4450.989s][info][gc,cpu         ] GC(1270) User=0.68s Sys=0.00s Real=0.12s
[4451.141s][info][gc,marking     ] GC(1271) Concurrent Scan Root Regions 152.070ms
[4451.141s][info][gc,marking     ] GC(1271) Concurrent Mark
[4451.141s][info][gc,marking     ] GC(1271) Concurrent Mark From Roots
[4451.141s][info][gc,task        ] GC(1271) Using 2 workers of 2 for marking
.[4451.971s][info][gc,marking     ] GC(1271) Concurrent Mark From Roots 830.140ms
[4451.971s][info][gc,marking     ] GC(1271) Concurrent Preclean
[4451.971s][info][gc,marking     ] GC(1271) Concurrent Preclean 0.128ms
[4451.974s][info][gc,start       ] GC(1271) Pause Remark
[4451.979s][info][gc             ] GC(1271) Pause Remark 2281M->2281M(4096M) 5.206ms
[4451.979s][info][gc,cpu         ] GC(1271) User=0.03s Sys=0.00s Real=0.01s
[4451.979s][info][gc,marking     ] GC(1271) Concurrent Mark 838.170ms
[4451.979s][info][gc,marking     ] GC(1271) Concurrent Rebuild Remembered Sets and Scrub Regions
[4452.278s][info][gc,marking     ] GC(1271) Concurrent Rebuild Remembered Sets and Scrub Regions 298.655ms
[4452.280s][info][gc,start       ] GC(1271) Pause Cleanup
[4452.280s][info][gc             ] GC(1271) Pause Cleanup 2609M->2609M(4096M) 0.134ms
[4452.280s][info][gc,cpu         ] GC(1271) User=0.00s Sys=0.00s Real=0.00s
[4452.281s][info][gc,marking     ] GC(1271) Concurrent Clear Claimed Marks
[4452.281s][info][gc,marking     ] GC(1271) Concurrent Clear Claimed Marks 0.028ms
[4452.281s][info][gc,marking     ] GC(1271) Concurrent Cleanup for Next Mark
[4452.287s][info][gc,marking     ] GC(1271) Concurrent Cleanup for Next Mark 6.374ms
[4452.287s][info][gc             ] GC(1271) Concurrent Mark Cycle 1298.049ms
.[4453.298s][info][gc,start       ] GC(1272) Pause Young (Prepare Mixed) (G1 Evacuation Pause)
[4453.298s][info][gc,task        ] GC(1272) Using 6 workers of 6 for evacuation
[4453.419s][info][gc,phases      ] GC(1272)   Pre Evacuate Collection Set: 0.34ms
[4453.419s][info][gc,phases      ] GC(1272)   Merge Heap Roots: 0.46ms
[4453.419s][info][gc,phases      ] GC(1272)   Evacuate Collection Set: 118.88ms
[4453.419s][info][gc,phases      ] GC(1272)   Post Evacuate Collection Set: 0.95ms
[4453.419s][info][gc,phases      ] GC(1272)   Other: 0.09ms
[4453.419s][info][gc,heap        ] GC(1272) Eden regions: 1120->0(1100)
[4453.419s][info][gc,heap        ] GC(1272) Survivor regions: 108->113(154)
[4453.419s][info][gc,heap        ] GC(1272) Old regions: 508->539
[4453.419s][info][gc,heap        ] GC(1272) Humongous regions: 80->80
[4453.419s][info][gc,metaspace   ] GC(1272) Metaspace: 28863K(29248K)->28863K(29248K) NonClass: 23996K(24192K)->23996K(24192K) Class: 4867K(5056K)->4867K(5056K)
[4453.419s][info][gc             ] GC(1272) Pause Young (Prepare Mixed) (G1 Evacuation Pause) 3629M->1463M(4096M) 120.879ms
[4453.419s][info][gc,cpu         ] GC(1272) User=0.71s Sys=0.00s Real=0.13s
...[4455.562s][info][gc,start       ] GC(1273) Pause Young (Mixed) (G1 Evacuation Pause)
[4455.563s][info][gc,task        ] GC(1273) Using 6 workers of 6 for evacuation
[4455.702s][info][gc,phases      ] GC(1273)   Pre Evacuate Collection Set: 0.36ms
[4455.702s][info][gc,phases      ] GC(1273)   Merge Heap Roots: 0.71ms
[4455.702s][info][gc,phases      ] GC(1273)   Evacuate Collection Set: 137.34ms
[4455.702s][info][gc,phases      ] GC(1273)   Post Evacuate Collection Set: 0.95ms
[4455.702s][info][gc,phases      ] GC(1273)   Other: 0.09ms
[4455.702s][info][gc,heap        ] GC(1273) Eden regions: 1100->0(1116)
[4455.702s][info][gc,heap        ] GC(1273) Survivor regions: 113->112(152)
[4455.702s][info][gc,heap        ] GC(1273) Old regions: 539->474
[4455.702s][info][gc,heap        ] GC(1273) Humongous regions: 80->80
[4455.702s][info][gc,metaspace   ] GC(1273) Metaspace: 28863K(29248K)->28863K(29248K) NonClass: 23996K(24192K)->23996K(24192K) Class: 4867K(5056K)->4867K(5056K)
[4455.702s][info][gc             ] GC(1273) Pause Young (Mixed) (G1 Evacuation Pause) 3663M->1331M(4096M) 139.592ms
[4455.702s][info][gc,cpu         ] GC(1273) User=0.82s Sys=0.00s Real=0.14s
..[4457.820s][info][gc,start       ] GC(1274) Pause Young (Concurrent Start) (G1 Evacuation Pause)
[4457.820s][info][gc,task        ] GC(1274) Using 6 workers of 6 for evacuation
[4457.936s][info][gc,phases      ] GC(1274)   Pre Evacuate Collection Set: 0.40ms
[4457.937s][info][gc,phases      ] GC(1274)   Merge Heap Roots: 0.47ms
[4457.937s][info][gc,phases      ] GC(1274)   Evacuate Collection Set: 114.66ms
[4457.937s][info][gc,phases      ] GC(1274)   Post Evacuate Collection Set: 0.88ms
[4457.937s][info][gc,phases      ] GC(1274)   Other: 0.09ms
[4457.937s][info][gc,heap        ] GC(1274) Eden regions: 1116->0(1121)
[4457.937s][info][gc,heap        ] GC(1274) Survivor regions: 112->107(154)
[4457.937s][info][gc,heap        ] GC(1274) Old regions: 474->508
[4457.937s][info][gc,heap        ] GC(1274) Humongous regions: 80->80
[4457.937s][info][gc,metaspace   ] GC(1274) Metaspace: 28863K(29248K)->28863K(29248K) NonClass: 23996K(24192K)->23996K(24192K) Class: 4867K(5056K)->4867K(5056K)
[4457.937s][info][gc             ] GC(1274) Pause Young (Concurrent Start) (G1 Evacuation Pause) 3563M->1388M(4096M) 116.633ms
[4457.937s][info][gc             ] GC(1275) Concurrent Mark Cycle
[4457.937s][info][gc,marking     ] GC(1275) Concurrent Scan Root Regions
[4457.937s][info][gc,cpu         ] GC(1274) User=0.69s Sys=0.00s Real=0.11s
[4458.122s][info][gc,marking     ] GC(1275) Concurrent Scan Root Regions 185.676ms
[4458.122s][info][gc,marking     ] GC(1275) Concurrent Mark
[4458.122s][info][gc,marking     ] GC(1275) Concurrent Mark From Roots
[4458.122s][info][gc,task        ] GC(1275) Using 2 workers of 2 for marking
.[4459.147s][info][gc,marking     ] GC(1275) Concurrent Mark From Roots 1025.142ms
[4459.148s][info][gc,marking     ] GC(1275) Concurrent Preclean
[4459.148s][info][gc,marking     ] GC(1275) Concurrent Preclean 0.155ms
[4459.148s][info][gc,start       ] GC(1275) Pause Remark
[4459.154s][info][gc             ] GC(1275) Pause Remark 2532M->2532M(4096M) 6.418ms
[4459.154s][info][gc,cpu         ] GC(1275) User=0.03s Sys=0.01s Real=0.01s
[4459.155s][info][gc,marking     ] GC(1275) Concurrent Mark 1032.174ms
[4459.155s][info][gc,marking     ] GC(1275) Concurrent Rebuild Remembered Sets and Scrub Regions
[4459.526s][info][gc,marking     ] GC(1275) Concurrent Rebuild Remembered Sets and Scrub Regions 371.858ms
[4459.529s][info][gc,start       ] GC(1275) Pause Cleanup
[4459.529s][info][gc             ] GC(1275) Pause Cleanup 2946M->2946M(4096M) 0.137ms
[4459.529s][info][gc,cpu         ] GC(1275) User=0.00s Sys=0.00s Real=0.00s
[4459.529s][info][gc,marking     ] GC(1275) Concurrent Clear Claimed Marks
[4459.529s][info][gc,marking     ] GC(1275) Concurrent Clear Claimed Marks 0.042ms
[4459.529s][info][gc,marking     ] GC(1275) Concurrent Cleanup for Next Mark
[4459.534s][info][gc,marking     ] GC(1275) Concurrent Cleanup for Next Mark 5.179ms
[4459.534s][info][gc             ] GC(1275) Concurrent Mark Cycle 1597.872ms
.[4460.225s][info][gc,start       ] GC(1276) Pause Young (Prepare Mixed) (G1 Evacuation Pause)
[4460.225s][info][gc,task        ] GC(1276) Using 6 workers of 6 for evacuation
[4460.353s][info][gc,phases      ] GC(1276)   Pre Evacuate Collection Set: 0.33ms
[4460.353s][info][gc,phases      ] GC(1276)   Merge Heap Roots: 0.62ms
[4460.353s][info][gc,phases      ] GC(1276)   Evacuate Collection Set: 126.15ms
[4460.353s][info][gc,phases      ] GC(1276)   Post Evacuate Collection Set: 0.94ms
[4460.353s][info][gc,phases      ] GC(1276)   Other: 0.09ms
[4460.353s][info][gc,heap        ] GC(1276) Eden regions: 1121->0(1095)
[4460.353s][info][gc,heap        ] GC(1276) Survivor regions: 107->116(154)
[4460.353s][info][gc,heap        ] GC(1276) Old regions: 508->538
[4460.353s][info][gc,heap        ] GC(1276) Humongous regions: 80->80
[4460.353s][info][gc,metaspace   ] GC(1276) Metaspace: 28863K(29248K)->28863K(29248K) NonClass: 23996K(24192K)->23996K(24192K) Class: 4867K(5056K)->4867K(5056K)
[4460.353s][info][gc             ] GC(1276) Pause Young (Prepare Mixed) (G1 Evacuation Pause) 3630M->1466M(4096M) 128.263ms
[4460.354s][info][gc,cpu         ] GC(1276) User=0.76s Sys=0.00s Real=0.13s
..[4462.495s][info][gc,start       ] GC(1277) Pause Young (Mixed) (G1 Evacuation Pause)
[4462.495s][info][gc,task        ] GC(1277) Using 6 workers of 6 for evacuation
[4462.630s][info][gc,phases      ] GC(1277)   Pre Evacuate Collection Set: 0.39ms
[4462.630s][info][gc,phases      ] GC(1277)   Merge Heap Roots: 0.75ms
[4462.630s][info][gc,phases      ] GC(1277)   Evacuate Collection Set: 132.57ms
[4462.630s][info][gc,phases      ] GC(1277)   Post Evacuate Collection Set: 0.97ms
[4462.630s][info][gc,phases      ] GC(1277)   Other: 0.83ms
[4462.630s][info][gc,heap        ] GC(1277) Eden regions: 1095->0(1117)
[4462.630s][info][gc,heap        ] GC(1277) Survivor regions: 116->111(152)
[4462.630s][info][gc,heap        ] GC(1277) Old regions: 538->477
[4462.630s][info][gc,heap        ] GC(1277) Humongous regions: 80->80
[4462.630s][info][gc,metaspace   ] GC(1277) Metaspace: 28863K(29248K)->28863K(29248K) NonClass: 23996K(24192K)->23996K(24192K) Class: 4867K(5056K)->4867K(5056K)
[4462.630s][info][gc             ] GC(1277) Pause Young (Mixed) (G1 Evacuation Pause) 3656M->1333M(4096M) 135.662ms
[4462.630s][info][gc,cpu         ] GC(1277) User=0.80s Sys=0.00s Real=0.14s
...[4464.852s][info][gc,start       ] GC(1278) Pause Young (Concurrent Start) (G1 Evacuation Pause)
[4464.852s][info][gc,task        ] GC(1278) Using 6 workers of 6 for evacuation
[4464.967s][info][gc,phases      ] GC(1278)   Pre Evacuate Collection Set: 0.37ms
[4464.967s][info][gc,phases      ] GC(1278)   Merge Heap Roots: 0.43ms
[4464.967s][info][gc,phases      ] GC(1278)   Evacuate Collection Set: 113.58ms
[4464.967s][info][gc,phases      ] GC(1278)   Post Evacuate Collection Set: 0.90ms
[4464.967s][info][gc,phases      ] GC(1278)   Other: 0.12ms
[4464.967s][info][gc,heap        ] GC(1278) Eden regions: 1117->0(1121)
[4464.967s][info][gc,heap        ] GC(1278) Survivor regions: 111->107(154)
[4464.967s][info][gc,heap        ] GC(1278) Old regions: 477->509
[4464.967s][info][gc,heap        ] GC(1278) Humongous regions: 80->80
[4464.967s][info][gc,metaspace   ] GC(1278) Metaspace: 28863K(29248K)->28863K(29248K) NonClass: 23996K(24192K)->23996K(24192K) Class: 4867K(5056K)->4867K(5056K)
[4464.967s][info][gc             ] GC(1278) Pause Young (Concurrent Start) (G1 Evacuation Pause) 3567M->1389M(4096M) 115.553ms
[4464.967s][info][gc             ] GC(1279) Concurrent Mark Cycle
[4464.967s][info][gc,marking     ] GC(1279) Concurrent Scan Root Regions
[4464.967s][info][gc,cpu         ] GC(1278) User=0.68s Sys=0.01s Real=0.11s
[4465.138s][info][gc,marking     ] GC(1279) Concurrent Scan Root Regions 170.392ms
[4465.138s][info][gc,marking     ] GC(1279) Concurrent Mark
[4465.138s][info][gc,marking     ] GC(1279) Concurrent Mark From Roots
[4465.138s][info][gc,task        ] GC(1279) Using 2 workers of 2 for marking
.[4466.183s][info][gc,marking     ] GC(1279) Concurrent Mark From Roots 1045.618ms
[4466.183s][info][gc,marking     ] GC(1279) Concurrent Preclean
[4466.183s][info][gc,marking     ] GC(1279) Concurrent Preclean 0.173ms
[4466.187s][info][gc,start       ] GC(1279) Pause Remark
[4466.192s][info][gc             ] GC(1279) Pause Remark 2495M->2495M(4096M) 5.182ms
[4466.192s][info][gc,cpu         ] GC(1279) User=0.03s Sys=0.00s Real=0.01s
[4466.192s][info][gc,marking     ] GC(1279) Concurrent Mark 1054.769ms
[4466.192s][info][gc,marking     ] GC(1279) Concurrent Rebuild Remembered Sets and Scrub Regions
[4466.590s][info][gc,marking     ] GC(1279) Concurrent Rebuild Remembered Sets and Scrub Regions 397.844ms
[4466.591s][info][gc,start       ] GC(1279) Pause Cleanup
[4466.591s][info][gc             ] GC(1279) Pause Cleanup 2953M->2953M(4096M) 0.126ms
[4466.591s][info][gc,cpu         ] GC(1279) User=0.00s Sys=0.00s Real=0.00s
[4466.591s][info][gc,marking     ] GC(1279) Concurrent Clear Claimed Marks
[4466.591s][info][gc,marking     ] GC(1279) Concurrent Clear Claimed Marks 0.024ms
[4466.591s][info][gc,marking     ] GC(1279) Concurrent Cleanup for Next Mark
[4466.598s][info][gc,marking     ] GC(1279) Concurrent Cleanup for Next Mark 6.914ms
[4466.598s][info][gc             ] GC(1279) Concurrent Mark Cycle 1630.851ms
.[4467.169s][info][gc,start       ] GC(1280) Pause Young (Prepare Mixed) (G1 Evacuation Pause)
[4467.169s][info][gc,task        ] GC(1280) Using 6 workers of 6 for evacuation
[4467.287s][info][gc,phases      ] GC(1280)   Pre Evacuate Collection Set: 0.32ms
[4467.287s][info][gc,phases      ] GC(1280)   Merge Heap Roots: 0.57ms
[4467.287s][info][gc,phases      ] GC(1280)   Evacuate Collection Set: 115.88ms
[4467.287s][info][gc,phases      ] GC(1280)   Post Evacuate Collection Set: 0.92ms
[4467.287s][info][gc,phases      ] GC(1280)   Other: 0.08ms
[4467.287s][info][gc,heap        ] GC(1280) Eden regions: 1121->0(1107)
[4467.287s][info][gc,heap        ] GC(1280) Survivor regions: 107->109(154)
[4467.287s][info][gc,heap        ] GC(1280) Old regions: 509->540
[4467.287s][info][gc,heap        ] GC(1280) Humongous regions: 80->80
[4467.287s][info][gc,metaspace   ] GC(1280) Metaspace: 28863K(29248K)->28863K(29248K) NonClass: 23996K(24192K)->23996K(24192K) Class: 4867K(5056K)->4867K(5056K)
[4467.287s][info][gc             ] GC(1280) Pause Young (Prepare Mixed) (G1 Evacuation Pause) 3631M->1456M(4096M) 117.903ms
[4467.287s][info][gc,cpu         ] GC(1280) User=0.70s Sys=0.00s Real=0.11s
..[4469.522s][info][gc,start       ] GC(1281) Pause Young (Mixed) (G1 Evacuation Pause)
[4469.522s][info][gc,task        ] GC(1281) Using 6 workers of 6 for evacuation
[4469.663s][info][gc,phases      ] GC(1281)   Pre Evacuate Collection Set: 0.35ms
[4469.663s][info][gc,phases      ] GC(1281)   Merge Heap Roots: 0.66ms
[4469.663s][info][gc,phases      ] GC(1281)   Evacuate Collection Set: 138.93ms
[4469.663s][info][gc,phases      ] GC(1281)   Post Evacuate Collection Set: 0.96ms
[4469.663s][info][gc,phases      ] GC(1281)   Other: 0.09ms
[4469.663s][info][gc,heap        ] GC(1281) Eden regions: 1107->0(1113)
[4469.663s][info][gc,heap        ] GC(1281) Survivor regions: 109->115(152)
[4469.663s][info][gc,heap        ] GC(1281) Old regions: 540->476
[4469.663s][info][gc,heap        ] GC(1281) Humongous regions: 80->80
[4469.663s][info][gc,metaspace   ] GC(1281) Metaspace: 28863K(29248K)->28863K(29248K) NonClass: 23996K(24192K)->23996K(24192K) Class: 4867K(5056K)->4867K(5056K)
[4469.663s][info][gc             ] GC(1281) Pause Young (Mixed) (G1 Evacuation Pause) 3670M->1340M(4096M) 141.143ms
[4469.663s][info][gc,cpu         ] GC(1281) User=0.83s Sys=0.01s Real=0.14s
..[4471.893s][info][gc,start       ] GC(1282) Pause Young (Concurrent Start) (G1 Evacuation Pause)
[4471.893s][info][gc,task        ] GC(1282) Using 6 workers of 6 for evacuation
[4472.009s][info][gc,phases      ] GC(1282)   Pre Evacuate Collection Set: 0.39ms
[4472.009s][info][gc,phases      ] GC(1282)   Merge Heap Roots: 0.43ms
[4472.009s][info][gc,phases      ] GC(1282)   Evacuate Collection Set: 114.56ms
[4472.009s][info][gc,phases      ] GC(1282)   Post Evacuate Collection Set: 0.90ms
[4472.009s][info][gc,phases      ] GC(1282)   Other: 0.11ms
[4472.009s][info][gc,heap        ] GC(1282) Eden regions: 1113->0(1119)
[4472.009s][info][gc,heap        ] GC(1282) Survivor regions: 115->109(154)
[4472.009s][info][gc,heap        ] GC(1282) Old regions: 476->507
[4472.009s][info][gc,heap        ] GC(1282) Humongous regions: 80->80
[4472.009s][info][gc,metaspace   ] GC(1282) Metaspace: 28863K(29248K)->28863K(29248K) NonClass: 23996K(24192K)->23996K(24192K) Class: 4867K(5056K)->4867K(5056K)
[4472.009s][info][gc             ] GC(1282) Pause Young (Concurrent Start) (G1 Evacuation Pause) 3566M->1390M(4096M) 116.538ms
[4472.009s][info][gc             ] GC(1283) Concurrent Mark Cycle
[4472.009s][info][gc,marking     ] GC(1283) Concurrent Scan Root Regions
[4472.009s][info][gc,cpu         ] GC(1282) User=0.69s Sys=0.00s Real=0.12s
.[4472.184s][info][gc,marking     ] GC(1283) Concurrent Scan Root Regions 174.536ms
[4472.184s][info][gc,marking     ] GC(1283) Concurrent Mark
[4472.184s][info][gc,marking     ] GC(1283) Concurrent Mark From Roots
[4472.184s][info][gc,task        ] GC(1283) Using 2 workers of 2 for marking
.[4473.268s][info][gc,marking     ] GC(1283) Concurrent Mark From Roots 1084.339ms
[4473.268s][info][gc,marking     ] GC(1283) Concurrent Preclean
[4473.269s][info][gc,marking     ] GC(1283) Concurrent Preclean 0.167ms
[4473.271s][info][gc,start       ] GC(1283) Pause Remark
[4473.278s][info][gc             ] GC(1283) Pause Remark 2556M->2556M(4096M) 7.256ms
[4473.278s][info][gc,cpu         ] GC(1283) User=0.04s Sys=0.00s Real=0.01s
[4473.278s][info][gc,marking     ] GC(1283) Concurrent Mark 1094.299ms
[4473.278s][info][gc,marking     ] GC(1283) Concurrent Rebuild Remembered Sets and Scrub Regions
[4473.648s][info][gc,marking     ] GC(1283) Concurrent Rebuild Remembered Sets and Scrub Regions 369.966ms
[4473.650s][info][gc,start       ] GC(1283) Pause Cleanup
[4473.650s][info][gc             ] GC(1283) Pause Cleanup 2944M->2944M(4096M) 0.133ms
[4473.650s][info][gc,cpu         ] GC(1283) User=0.00s Sys=0.00s Real=0.00s
[4473.650s][info][gc,marking     ] GC(1283) Concurrent Clear Claimed Marks
[4473.650s][info][gc,marking     ] GC(1283) Concurrent Clear Claimed Marks 0.028ms
[4473.650s][info][gc,marking     ] GC(1283) Concurrent Cleanup for Next Mark
[4473.656s][info][gc,marking     ] GC(1283) Concurrent Cleanup for Next Mark 5.847ms
[4473.656s][info][gc             ] GC(1283) Concurrent Mark Cycle 1646.863ms
.[4474.279s][info][gc,start       ] GC(1284) Pause Young (Prepare Mixed) (G1 Evacuation Pause)
[4474.279s][info][gc,task        ] GC(1284) Using 6 workers of 6 for evacuation
[4474.397s][info][gc,phases      ] GC(1284)   Pre Evacuate Collection Set: 0.33ms
[4474.397s][info][gc,phases      ] GC(1284)   Merge Heap Roots: 0.59ms
[4474.397s][info][gc,phases      ] GC(1284)   Evacuate Collection Set: 116.56ms
[4474.397s][info][gc,phases      ] GC(1284)   Post Evacuate Collection Set: 0.94ms
[4474.397s][info][gc,phases      ] GC(1284)   Other: 0.10ms
[4474.397s][info][gc,heap        ] GC(1284) Eden regions: 1119->0(1107)
[4474.397s][info][gc,heap        ] GC(1284) Survivor regions: 109->109(154)
[4474.398s][info][gc,heap        ] GC(1284) Old regions: 507->540
[4474.398s][info][gc,heap        ] GC(1284) Humongous regions: 80->80
[4474.398s][info][gc,metaspace   ] GC(1284) Metaspace: 28863K(29248K)->28863K(29248K) NonClass: 23996K(24192K)->23996K(24192K) Class: 4867K(5056K)->4867K(5056K)
[4474.398s][info][gc             ] GC(1284) Pause Young (Prepare Mixed) (G1 Evacuation Pause) 3628M->1455M(4096M) 118.674ms
[4474.398s][info][gc,cpu         ] GC(1284) User=0.70s Sys=0.00s Real=0.11s
..[4476.626s][info][gc,start       ] GC(1285) Pause Young (Mixed) (G1 Evacuation Pause)
[4476.626s][info][gc,task        ] GC(1285) Using 6 workers of 6 for evacuation
[4476.766s][info][gc,phases      ] GC(1285)   Pre Evacuate Collection Set: 0.35ms
[4476.766s][info][gc,phases      ] GC(1285)   Merge Heap Roots: 0.68ms
[4476.766s][info][gc,phases      ] GC(1285)   Evacuate Collection Set: 137.55ms
[4476.766s][info][gc,phases      ] GC(1285)   Post Evacuate Collection Set: 0.95ms
[4476.766s][info][gc,phases      ] GC(1285)   Other: 0.09ms
[4476.766s][info][gc,heap        ] GC(1285) Eden regions: 1107->0(1115)
[4476.766s][info][gc,heap        ] GC(1285) Survivor regions: 109->113(152)
[4476.766s][info][gc,heap        ] GC(1285) Old regions: 540->475
[4476.766s][info][gc,heap        ] GC(1285) Humongous regions: 80->80
[4476.766s][info][gc,metaspace   ] GC(1285) Metaspace: 28863K(29248K)->28863K(29248K) NonClass: 23996K(24192K)->23996K(24192K) Class: 4867K(5056K)->4867K(5056K)
[4476.766s][info][gc             ] GC(1285) Pause Young (Mixed) (G1 Evacuation Pause) 3669M->1334M(4096M) 139.762ms
[4476.766s][info][gc,cpu         ] GC(1285) User=0.82s Sys=0.00s Real=0.14s
..[4478.961s][info][gc,start       ] GC(1286) Pause Young (Concurrent Start) (G1 Evacuation Pause)
[4478.961s][info][gc,task        ] GC(1286) Using 6 workers of 6 for evacuation
[4479.079s][info][gc,phases      ] GC(1286)   Pre Evacuate Collection Set: 0.37ms
[4479.079s][info][gc,phases      ] GC(1286)   Merge Heap Roots: 0.48ms
[4479.079s][info][gc,phases      ] GC(1286)   Evacuate Collection Set: 116.22ms
[4479.079s][info][gc,phases      ] GC(1286)   Post Evacuate Collection Set: 0.90ms
[4479.079s][info][gc,phases      ] GC(1286)   Other: 0.09ms
[4479.079s][info][gc,heap        ] GC(1286) Eden regions: 1115->0(1118)
[4479.079s][info][gc,heap        ] GC(1286) Survivor regions: 113->110(154)
[4479.079s][info][gc,heap        ] GC(1286) Old regions: 475->507
[4479.079s][info][gc,heap        ] GC(1286) Humongous regions: 80->80
[4479.079s][info][gc,metaspace   ] GC(1286) Metaspace: 28863K(29248K)->28863K(29248K) NonClass: 23996K(24192K)->23996K(24192K) Class: 4867K(5056K)->4867K(5056K)
[4479.079s][info][gc             ] GC(1286) Pause Young (Concurrent Start) (G1 Evacuation Pause) 3564M->1392M(4096M) 118.193ms
[4479.079s][info][gc             ] GC(1287) Concurrent Mark Cycle
[4479.079s][info][gc,marking     ] GC(1287) Concurrent Scan Root Regions
[4479.079s][info][gc,cpu         ] GC(1286) User=0.70s Sys=0.00s Real=0.12s
[4479.253s][info][gc,marking     ] GC(1287) Concurrent Scan Root Regions 173.348ms
[4479.253s][info][gc,marking     ] GC(1287) Concurrent Mark
[4479.253s][info][gc,marking     ] GC(1287) Concurrent Mark From Roots
[4479.253s][info][gc,task        ] GC(1287) Using 2 workers of 2 for marking
.[4480.306s][info][gc,marking     ] GC(1287) Concurrent Mark From Roots 1052.796ms
[4480.306s][info][gc,marking     ] GC(1287) Concurrent Preclean
[4480.306s][info][gc,marking     ] GC(1287) Concurrent Preclean 0.153ms
[4480.308s][info][gc,start       ] GC(1287) Pause Remark
[4480.314s][info][gc             ] GC(1287) Pause Remark 2590M->2590M(4096M) 5.293ms
[4480.314s][info][gc,cpu         ] GC(1287) User=0.02s Sys=0.01s Real=0.00s
[4480.314s][info][gc,marking     ] GC(1287) Concurrent Mark 1061.129ms
[4480.314s][info][gc,marking     ] GC(1287) Concurrent Rebuild Remembered Sets and Scrub Regions
.[4480.697s][info][gc,marking     ] GC(1287) Concurrent Rebuild Remembered Sets and Scrub Regions 383.110ms
[4480.698s][info][gc,start       ] GC(1287) Pause Cleanup
[4480.698s][info][gc             ] GC(1287) Pause Cleanup 3019M->3019M(4096M) 0.133ms
[4480.698s][info][gc,cpu         ] GC(1287) User=0.00s Sys=0.00s Real=0.00s
[4480.698s][info][gc,marking     ] GC(1287) Concurrent Clear Claimed Marks
[4480.698s][info][gc,marking     ] GC(1287) Concurrent Clear Claimed Marks 0.027ms
[4480.698s][info][gc,marking     ] GC(1287) Concurrent Cleanup for Next Mark
[4480.704s][info][gc,marking     ] GC(1287) Concurrent Cleanup for Next Mark 5.492ms
[4480.704s][info][gc             ] GC(1287) Concurrent Mark Cycle 1624.650ms
[4481.315s][info][gc,start       ] GC(1288) Pause Young (Prepare Mixed) (G1 Evacuation Pause)
[4481.315s][info][gc,task        ] GC(1288) Using 6 workers of 6 for evacuation
[4481.433s][info][gc,phases      ] GC(1288)   Pre Evacuate Collection Set: 0.35ms
[4481.433s][info][gc,phases      ] GC(1288)   Merge Heap Roots: 0.47ms
[4481.433s][info][gc,phases      ] GC(1288)   Evacuate Collection Set: 116.11ms
[4481.433s][info][gc,phases      ] GC(1288)   Post Evacuate Collection Set: 0.97ms
[4481.433s][info][gc,phases      ] GC(1288)   Other: 0.09ms
[4481.433s][info][gc,heap        ] GC(1288) Eden regions: 1118->0(1104)
[4481.433s][info][gc,heap        ] GC(1288) Survivor regions: 110->111(154)
[4481.433s][info][gc,heap        ] GC(1288) Old regions: 507->539
[4481.433s][info][gc,heap        ] GC(1288) Humongous regions: 80->80
[4481.433s][info][gc,metaspace   ] GC(1288) Metaspace: 28863K(29248K)->28863K(29248K) NonClass: 23996K(24192K)->23996K(24192K) Class: 4867K(5056K)->4867K(5056K)
[4481.433s][info][gc             ] GC(1288) Pause Young (Prepare Mixed) (G1 Evacuation Pause) 3628M->1458M(4096M) 118.129ms
[4481.433s][info][gc,cpu         ] GC(1288) User=0.70s Sys=0.00s Real=0.12s
...[4483.578s][info][gc,start       ] GC(1289) Pause Young (Mixed) (G1 Evacuation Pause)
[4483.578s][info][gc,task        ] GC(1289) Using 6 workers of 6 for evacuation
[4483.716s][info][gc,phases      ] GC(1289)   Pre Evacuate Collection Set: 0.36ms
[4483.716s][info][gc,phases      ] GC(1289)   Merge Heap Roots: 0.70ms
[4483.716s][info][gc,phases      ] GC(1289)   Evacuate Collection Set: 135.93ms
[4483.716s][info][gc,phases      ] GC(1289)   Post Evacuate Collection Set: 0.97ms
[4483.716s][info][gc,phases      ] GC(1289)   Other: 0.09ms
[4483.716s][info][gc,heap        ] GC(1289) Eden regions: 1104->0(1115)
[4483.716s][info][gc,heap        ] GC(1289) Survivor regions: 111->113(152)
[4483.716s][info][gc,heap        ] GC(1289) Old regions: 539->475
[4483.716s][info][gc,heap        ] GC(1289) Humongous regions: 80->80
[4483.716s][info][gc,metaspace   ] GC(1289) Metaspace: 28863K(29248K)->28863K(29248K) NonClass: 23996K(24192K)->23996K(24192K) Class: 4867K(5056K)->4867K(5056K)
[4483.716s][info][gc             ] GC(1289) Pause Young (Mixed) (G1 Evacuation Pause) 3666M->1334M(4096M) 138.185ms
[4483.716s][info][gc,cpu         ] GC(1289) User=0.82s Sys=0.00s Real=0.14s
..[4485.918s][info][gc,start       ] GC(1290) Pause Young (Concurrent Start) (G1 Evacuation Pause)
[4485.918s][info][gc,task        ] GC(1290) Using 6 workers of 6 for evacuation
[4486.033s][info][gc,phases      ] GC(1290)   Pre Evacuate Collection Set: 0.39ms
[4486.033s][info][gc,phases      ] GC(1290)   Merge Heap Roots: 0.46ms
[4486.033s][info][gc,phases      ] GC(1290)   Evacuate Collection Set: 113.49ms
[4486.033s][info][gc,phases      ] GC(1290)   Post Evacuate Collection Set: 0.89ms
[4486.033s][info][gc,phases      ] GC(1290)   Other: 0.11ms
[4486.033s][info][gc,heap        ] GC(1290) Eden regions: 1115->0(1121)
[4486.033s][info][gc,heap        ] GC(1290) Survivor regions: 113->107(154)
[4486.033s][info][gc,heap        ] GC(1290) Old regions: 475->509
[4486.033s][info][gc,heap        ] GC(1290) Humongous regions: 80->80
[4486.033s][info][gc,metaspace   ] GC(1290) Metaspace: 28863K(29248K)->28863K(29248K) NonClass: 23996K(24192K)->23996K(24192K) Class: 4867K(5056K)->4867K(5056K)
[4486.033s][info][gc             ] GC(1290) Pause Young (Concurrent Start) (G1 Evacuation Pause) 3564M->1389M(4096M) 115.476ms
[4486.033s][info][gc             ] GC(1291) Concurrent Mark Cycle
[4486.033s][info][gc,marking     ] GC(1291) Concurrent Scan Root Regions
[4486.033s][info][gc,cpu         ] GC(1290) User=0.68s Sys=0.00s Real=0.12s
[4486.208s][info][gc,marking     ] GC(1291) Concurrent Scan Root Regions 174.678ms
[4486.208s][info][gc,marking     ] GC(1291) Concurrent Mark
[4486.208s][info][gc,marking     ] GC(1291) Concurrent Mark From Roots
[4486.208s][info][gc,task        ] GC(1291) Using 2 workers of 2 for marking
.[4487.313s][info][gc,marking     ] GC(1291) Concurrent Mark From Roots 1105.110ms
[4487.313s][info][gc,marking     ] GC(1291) Concurrent Preclean
[4487.313s][info][gc,marking     ] GC(1291) Concurrent Preclean 0.175ms
[4487.316s][info][gc,start       ] GC(1291) Pause Remark
[4487.322s][info][gc             ] GC(1291) Pause Remark 2571M->2571M(4096M) 6.609ms
[4487.322s][info][gc,cpu         ] GC(1291) User=0.04s Sys=0.00s Real=0.01s
[4487.323s][info][gc,marking     ] GC(1291) Concurrent Mark 1114.553ms
[4487.323s][info][gc,marking     ] GC(1291) Concurrent Rebuild Remembered Sets and Scrub Regions
.[4487.722s][info][gc,marking     ] GC(1291) Concurrent Rebuild Remembered Sets and Scrub Regions 399.598ms
[4487.725s][info][gc,start       ] GC(1291) Pause Cleanup
[4487.725s][info][gc             ] GC(1291) Pause Cleanup 3073M->3073M(4096M) 0.133ms
[4487.725s][info][gc,cpu         ] GC(1291) User=0.00s Sys=0.00s Real=0.00s
[4487.725s][info][gc,marking     ] GC(1291) Concurrent Clear Claimed Marks
[4487.725s][info][gc,marking     ] GC(1291) Concurrent Clear Claimed Marks 0.021ms
[4487.725s][info][gc,marking     ] GC(1291) Concurrent Cleanup for Next Mark
[4487.730s][info][gc,marking     ] GC(1291) Concurrent Cleanup for Next Mark 4.804ms
[4487.730s][info][gc             ] GC(1291) Concurrent Mark Cycle 1696.599ms
[4488.274s][info][gc,start       ] GC(1292) Pause Young (Prepare Mixed) (G1 Evacuation Pause)
[4488.274s][info][gc,task        ] GC(1292) Using 6 workers of 6 for evacuation
[4488.397s][info][gc,phases      ] GC(1292)   Pre Evacuate Collection Set: 0.35ms
[4488.397s][info][gc,phases      ] GC(1292)   Merge Heap Roots: 0.56ms
[4488.397s][info][gc,phases      ] GC(1292)   Evacuate Collection Set: 120.92ms
[4488.397s][info][gc,phases      ] GC(1292)   Post Evacuate Collection Set: 0.93ms
[4488.397s][info][gc,phases      ] GC(1292)   Other: 0.09ms
[4488.397s][info][gc,heap        ] GC(1292) Eden regions: 1121->0(1097)
[4488.397s][info][gc,heap        ] GC(1292) Survivor regions: 107->114(154)
[4488.397s][info][gc,heap        ] GC(1292) Old regions: 509->540
[4488.397s][info][gc,heap        ] GC(1292) Humongous regions: 80->80
[4488.397s][info][gc,metaspace   ] GC(1292) Metaspace: 28863K(29248K)->28863K(29248K) NonClass: 23996K(24192K)->23996K(24192K) Class: 4867K(5056K)->4867K(5056K)
[4488.397s][info][gc             ] GC(1292) Pause Young (Prepare Mixed) (G1 Evacuation Pause) 3631M->1467M(4096M) 122.967ms
[4488.397s][info][gc,cpu         ] GC(1292) User=0.73s Sys=0.00s Real=0.12s
...[4490.575s][info][gc,start       ] GC(1293) Pause Young (Mixed) (G1 Evacuation Pause)
[4490.575s][info][gc,task        ] GC(1293) Using 6 workers of 6 for evacuation
[4490.708s][info][gc,phases      ] GC(1293)   Pre Evacuate Collection Set: 0.37ms
[4490.708s][info][gc,phases      ] GC(1293)   Merge Heap Roots: 0.65ms
[4490.708s][info][gc,phases      ] GC(1293)   Evacuate Collection Set: 131.45ms
[4490.708s][info][gc,phases      ] GC(1293)   Post Evacuate Collection Set: 0.95ms
[4490.708s][info][gc,phases      ] GC(1293)   Other: 0.09ms
[4490.708s][info][gc,heap        ] GC(1293) Eden regions: 1097->0(1116)
[4490.708s][info][gc,heap        ] GC(1293) Survivor regions: 114->112(152)
[4490.708s][info][gc,heap        ] GC(1293) Old regions: 540->475
[4490.708s][info][gc,heap        ] GC(1293) Humongous regions: 80->80
[4490.708s][info][gc,metaspace   ] GC(1293) Metaspace: 28863K(29248K)->28863K(29248K) NonClass: 23996K(24192K)->23996K(24192K) Class: 4867K(5056K)->4867K(5056K)
[4490.708s][info][gc             ] GC(1293) Pause Young (Mixed) (G1 Evacuation Pause) 3661M->1333M(4096M) 133.666ms
[4490.708s][info][gc,cpu         ] GC(1293) User=0.79s Sys=0.00s Real=0.14s
..[4492.951s][info][gc,start       ] GC(1294) Pause Young (Concurrent Start) (G1 Evacuation Pause)
[4492.951s][info][gc,task        ] GC(1294) Using 6 workers of 6 for evacuation
[4493.073s][info][gc,phases      ] GC(1294)   Pre Evacuate Collection Set: 0.39ms
[4493.073s][info][gc,phases      ] GC(1294)   Merge Heap Roots: 0.48ms
[4493.073s][info][gc,phases      ] GC(1294)   Evacuate Collection Set: 119.61ms
[4493.073s][info][gc,phases      ] GC(1294)   Post Evacuate Collection Set: 0.86ms
[4493.073s][info][gc,phases      ] GC(1294)   Other: 0.12ms
[4493.073s][info][gc,heap        ] GC(1294) Eden regions: 1116->0(1115)
[4493.073s][info][gc,heap        ] GC(1294) Survivor regions: 112->113(154)
[4493.073s][info][gc,heap        ] GC(1294) Old regions: 475->507
[4493.073s][info][gc,heap        ] GC(1294) Humongous regions: 80->80
[4493.073s][info][gc,metaspace   ] GC(1294) Metaspace: 28863K(29248K)->28863K(29248K) NonClass: 23996K(24192K)->23996K(24192K) Class: 4867K(5056K)->4867K(5056K)
[4493.073s][info][gc             ] GC(1294) Pause Young (Concurrent Start) (G1 Evacuation Pause) 3565M->1399M(4096M) 121.597ms
[4493.073s][info][gc             ] GC(1295) Concurrent Mark Cycle
[4493.073s][info][gc,marking     ] GC(1295) Concurrent Scan Root Regions
[4493.073s][info][gc,cpu         ] GC(1294) User=0.72s Sys=0.00s Real=0.12s
[4493.211s][info][gc,marking     ] GC(1295) Concurrent Scan Root Regions 138.338ms
[4493.211s][info][gc,marking     ] GC(1295) Concurrent Mark
[4493.211s][info][gc,marking     ] GC(1295) Concurrent Mark From Roots
[4493.211s][info][gc,task        ] GC(1295) Using 2 workers of 2 for marking
.[4493.910s][info][gc,marking     ] GC(1295) Concurrent Mark From Roots 698.075ms
[4493.910s][info][gc,marking     ] GC(1295) Concurrent Preclean
[4493.910s][info][gc,marking     ] GC(1295) Concurrent Preclean 0.181ms
[4493.912s][info][gc,start       ] GC(1295) Pause Remark
[4493.917s][info][gc             ] GC(1295) Pause Remark 2087M->2087M(4096M) 5.410ms
[4493.917s][info][gc,cpu         ] GC(1295) User=0.03s Sys=0.00s Real=0.00s
[4493.918s][info][gc,marking     ] GC(1295) Concurrent Mark 706.020ms
[4493.918s][info][gc,marking     ] GC(1295) Concurrent Rebuild Remembered Sets and Scrub Regions
[4494.261s][info][gc,marking     ] GC(1295) Concurrent Rebuild Remembered Sets and Scrub Regions 343.305ms
[4494.263s][info][gc,start       ] GC(1295) Pause Cleanup
[4494.263s][info][gc             ] GC(1295) Pause Cleanup 2411M->2411M(4096M) 0.134ms
[4494.263s][info][gc,cpu         ] GC(1295) User=0.00s Sys=0.00s Real=0.00s
[4494.263s][info][gc,marking     ] GC(1295) Concurrent Clear Claimed Marks
[4494.263s][info][gc,marking     ] GC(1295) Concurrent Clear Claimed Marks 0.032ms
[4494.263s][info][gc,marking     ] GC(1295) Concurrent Cleanup for Next Mark
[4494.268s][info][gc,marking     ] GC(1295) Concurrent Cleanup for Next Mark 5.208ms
[4494.268s][info][gc             ] GC(1295) Concurrent Mark Cycle 1195.179ms
.[4495.261s][info][gc,start       ] GC(1296) Pause Young (Prepare Mixed) (G1 Evacuation Pause)
[4495.261s][info][gc,task        ] GC(1296) Using 6 workers of 6 for evacuation
[4495.383s][info][gc,phases      ] GC(1296)   Pre Evacuate Collection Set: 0.30ms
[4495.383s][info][gc,phases      ] GC(1296)   Merge Heap Roots: 0.49ms
[4495.383s][info][gc,phases      ] GC(1296)   Evacuate Collection Set: 120.60ms
[4495.383s][info][gc,phases      ] GC(1296)   Post Evacuate Collection Set: 0.90ms
[4495.383s][info][gc,phases      ] GC(1296)   Other: 0.09ms
[4495.383s][info][gc,heap        ] GC(1296) Eden regions: 1115->0(1100)
[4495.383s][info][gc,heap        ] GC(1296) Survivor regions: 113->113(154)
[4495.383s][info][gc,heap        ] GC(1296) Old regions: 507->539
[4495.383s][info][gc,heap        ] GC(1296) Humongous regions: 80->80
[4495.383s][info][gc,metaspace   ] GC(1296) Metaspace: 28863K(29248K)->28863K(29248K) NonClass: 23996K(24192K)->23996K(24192K) Class: 4867K(5056K)->4867K(5056K)
[4495.383s][info][gc             ] GC(1296) Pause Young (Prepare Mixed) (G1 Evacuation Pause) 3629M->1462M(4096M) 122.514ms
[4495.383s][info][gc,cpu         ] GC(1296) User=0.73s Sys=0.00s Real=0.12s
..[4497.612s][info][gc,start       ] GC(1297) Pause Young (Mixed) (G1 Evacuation Pause)
[4497.612s][info][gc,task        ] GC(1297) Using 6 workers of 6 for evacuation
[4497.750s][info][gc,phases      ] GC(1297)   Pre Evacuate Collection Set: 0.38ms
[4497.750s][info][gc,phases      ] GC(1297)   Merge Heap Roots: 0.72ms
[4497.750s][info][gc,phases      ] GC(1297)   Evacuate Collection Set: 135.90ms
[4497.750s][info][gc,phases      ] GC(1297)   Post Evacuate Collection Set: 0.94ms
[4497.750s][info][gc,phases      ] GC(1297)   Other: 0.09ms
[4497.750s][info][gc,heap        ] GC(1297) Eden regions: 1100->0(1116)
[4497.750s][info][gc,heap        ] GC(1297) Survivor regions: 113->112(152)
[4497.750s][info][gc,heap        ] GC(1297) Old regions: 539->474
[4497.750s][info][gc,heap        ] GC(1297) Humongous regions: 80->80
[4497.750s][info][gc,metaspace   ] GC(1297) Metaspace: 28863K(29248K)->28863K(29248K) NonClass: 23996K(24192K)->23996K(24192K) Class: 4867K(5056K)->4867K(5056K)
[4497.750s][info][gc             ] GC(1297) Pause Young (Mixed) (G1 Evacuation Pause) 3662M->1330M(4096M) 138.148ms
[4497.750s][info][gc,cpu         ] GC(1297) User=0.82s Sys=0.01s Real=0.14s
...[4499.956s][info][gc,start       ] GC(1298) Pause Young (Concurrent Start) (G1 Evacuation Pause)
[4499.956s][info][gc,task        ] GC(1298) Using 6 workers of 6 for evacuation
[4500.075s][info][gc,phases      ] GC(1298)   Pre Evacuate Collection Set: 0.37ms
[4500.075s][info][gc,phases      ] GC(1298)   Merge Heap Roots: 0.49ms
[4500.075s][info][gc,phases      ] GC(1298)   Evacuate Collection Set: 117.38ms
[4500.075s][info][gc,phases      ] GC(1298)   Post Evacuate Collection Set: 0.89ms
[4500.075s][info][gc,phases      ] GC(1298)   Other: 0.11ms
[4500.075s][info][gc,heap        ] GC(1298) Eden regions: 1116->0(1118)
[4500.075s][info][gc,heap        ] GC(1298) Survivor regions: 112->110(154)
[4500.075s][info][gc,heap        ] GC(1298) Old regions: 474->506
[4500.075s][info][gc,heap        ] GC(1298) Humongous regions: 80->80
[4500.075s][info][gc,metaspace   ] GC(1298) Metaspace: 28863K(29248K)->28863K(29248K) NonClass: 23996K(24192K)->23996K(24192K) Class: 4867K(5056K)->4867K(5056K)
[4500.075s][info][gc             ] GC(1298) Pause Young (Concurrent Start) (G1 Evacuation Pause) 3562M->1391M(4096M) 119.363ms
[4500.075s][info][gc             ] GC(1299) Concurrent Mark Cycle
[4500.075s][info][gc,marking     ] GC(1299) Concurrent Scan Root Regions
[4500.075s][info][gc,cpu         ] GC(1298) User=0.71s Sys=0.01s Real=0.12s
[4500.275s][info][gc,marking     ] GC(1299) Concurrent Scan Root Regions 199.995ms
[4500.275s][info][gc,marking     ] GC(1299) Concurrent Mark
[4500.275s][info][gc,marking     ] GC(1299) Concurrent Mark From Roots
[4500.275s][info][gc,task        ] GC(1299) Using 2 workers of 2 for marking
.[4501.304s][info][gc,marking     ] GC(1299) Concurrent Mark From Roots 1028.482ms
[4501.304s][info][gc,marking     ] GC(1299) Concurrent Preclean
[4501.304s][info][gc,marking     ] GC(1299) Concurrent Preclean 0.133ms
[4501.304s][info][gc,start       ] GC(1299) Pause Remark
[4501.311s][info][gc             ] GC(1299) Pause Remark 2537M->2537M(4096M) 7.048ms
[4501.311s][info][gc,cpu         ] GC(1299) User=0.04s Sys=0.00s Real=0.01s
[4501.311s][info][gc,marking     ] GC(1299) Concurrent Mark 1036.055ms
[4501.311s][info][gc,marking     ] GC(1299) Concurrent Rebuild Remembered Sets and Scrub Regions
[4501.591s][info][gc,marking     ] GC(1299) Concurrent Rebuild Remembered Sets and Scrub Regions 279.438ms
[4501.591s][info][gc,start       ] GC(1299) Pause Cleanup
[4501.591s][info][gc             ] GC(1299) Pause Cleanup 2789M->2789M(4096M) 0.118ms
[4501.591s][info][gc,cpu         ] GC(1299) User=0.00s Sys=0.00s Real=0.00s
[4501.591s][info][gc,marking     ] GC(1299) Concurrent Clear Claimed Marks
[4501.591s][info][gc,marking     ] GC(1299) Concurrent Clear Claimed Marks 0.023ms
[4501.591s][info][gc,marking     ] GC(1299) Concurrent Cleanup for Next Mark
[4501.596s][info][gc,marking     ] GC(1299) Concurrent Cleanup for Next Mark 4.855ms
[4501.596s][info][gc             ] GC(1299) Concurrent Mark Cycle 1520.922ms
.[4502.250s][info][gc,start       ] GC(1300) Pause Young (Prepare Mixed) (G1 Evacuation Pause)
[4502.250s][info][gc,task        ] GC(1300) Using 6 workers of 6 for evacuation
[4502.368s][info][gc,phases      ] GC(1300)   Pre Evacuate Collection Set: 0.36ms
[4502.368s][info][gc,phases      ] GC(1300)   Merge Heap Roots: 0.50ms
[4502.368s][info][gc,phases      ] GC(1300)   Evacuate Collection Set: 116.44ms
[4502.368s][info][gc,phases      ] GC(1300)   Post Evacuate Collection Set: 0.94ms
[4502.368s][info][gc,phases      ] GC(1300)   Other: 0.09ms
[4502.368s][info][gc,heap        ] GC(1300) Eden regions: 1118->0(1105)
[4502.368s][info][gc,heap        ] GC(1300) Survivor regions: 110->111(154)
[4502.368s][info][gc,heap        ] GC(1300) Old regions: 506->538
[4502.368s][info][gc,heap        ] GC(1300) Humongous regions: 80->80
[4502.368s][info][gc,metaspace   ] GC(1300) Metaspace: 28863K(29248K)->28863K(29248K) NonClass: 23996K(24192K)->23996K(24192K) Class: 4867K(5056K)->4867K(5056K)
[4502.368s][info][gc             ] GC(1300) Pause Young (Prepare Mixed) (G1 Evacuation Pause) 3627M->1456M(4096M) 118.463ms
[4502.368s][info][gc,cpu         ] GC(1300) User=0.70s Sys=0.00s Real=0.12s
..[4504.616s][info][gc,start       ] GC(1301) Pause Young (Mixed) (G1 Evacuation Pause)
[4504.616s][info][gc,task        ] GC(1301) Using 6 workers of 6 for evacuation
[4504.751s][info][gc,phases      ] GC(1301)   Pre Evacuate Collection Set: 0.37ms
[4504.751s][info][gc,phases      ] GC(1301)   Merge Heap Roots: 0.71ms
[4504.751s][info][gc,phases      ] GC(1301)   Evacuate Collection Set: 132.78ms
[4504.751s][info][gc,phases      ] GC(1301)   Post Evacuate Collection Set: 0.97ms
[4504.751s][info][gc,phases      ] GC(1301)   Other: 0.10ms
[4504.751s][info][gc,heap        ] GC(1301) Eden regions: 1105->0(1119)
[4504.751s][info][gc,heap        ] GC(1301) Survivor regions: 111->109(152)
[4504.751s][info][gc,heap        ] GC(1301) Old regions: 538->474
[4504.751s][info][gc,heap        ] GC(1301) Humongous regions: 80->80
[4504.751s][info][gc,metaspace   ] GC(1301) Metaspace: 28863K(29248K)->28863K(29248K) NonClass: 23996K(24192K)->23996K(24192K) Class: 4867K(5056K)->4867K(5056K)
[4504.751s][info][gc             ] GC(1301) Pause Young (Mixed) (G1 Evacuation Pause) 3666M->1325M(4096M) 135.063ms
[4504.751s][info][gc,cpu         ] GC(1301) User=0.79s Sys=0.00s Real=0.14s
...[4506.892s][info][gc,start       ] GC(1302) Pause Young (Concurrent Start) (G1 Evacuation Pause)
[4506.892s][info][gc,task        ] GC(1302) Using 6 workers of 6 for evacuation
[4507.014s][info][gc,phases      ] GC(1302)   Pre Evacuate Collection Set: 0.40ms
[4507.014s][info][gc,phases      ] GC(1302)   Merge Heap Roots: 0.44ms
[4507.014s][info][gc,phases      ] GC(1302)   Evacuate Collection Set: 120.11ms
[4507.014s][info][gc,phases      ] GC(1302)   Post Evacuate Collection Set: 0.89ms
[4507.014s][info][gc,phases      ] GC(1302)   Other: 0.13ms
[4507.014s][info][gc,heap        ] GC(1302) Eden regions: 1119->0(1114)
[4507.014s][info][gc,heap        ] GC(1302) Survivor regions: 109->114(154)
[4507.014s][info][gc,heap        ] GC(1302) Old regions: 474->504
[4507.014s][info][gc,heap        ] GC(1302) Humongous regions: 80->80
[4507.014s][info][gc,metaspace   ] GC(1302) Metaspace: 28863K(29248K)->28863K(29248K) NonClass: 23996K(24192K)->23996K(24192K) Class: 4867K(5056K)->4867K(5056K)
[4507.014s][info][gc             ] GC(1302) Pause Young (Concurrent Start) (G1 Evacuation Pause) 3563M->1395M(4096M) 122.113ms
[4507.014s][info][gc             ] GC(1303) Concurrent Mark Cycle
[4507.014s][info][gc,marking     ] GC(1303) Concurrent Scan Root Regions
[4507.014s][info][gc,cpu         ] GC(1302) User=0.72s Sys=0.00s Real=0.12s
[4507.252s][info][gc,marking     ] GC(1303) Concurrent Scan Root Regions 237.392ms
[4507.252s][info][gc,marking     ] GC(1303) Concurrent Mark
[4507.252s][info][gc,marking     ] GC(1303) Concurrent Mark From Roots
[4507.252s][info][gc,task        ] GC(1303) Using 2 workers of 2 for marking
. (rIR:aIR:PR = 8025:8011:8011) (tPR = 118546) [OK] 
  4507s: Performance info:
         Transaction,    Success,    Partial,     Failed,   Receipts, AvgBarcode, 
             Overall,     485512,          0,          0,     461228,      59.48, 
         Response times:
             Request,    Success,    Partial,     Failed,   SkipFail,     Probes,    Samples,      min,      p50,      p90,      p95,      p99,      max, 
       TotalPurchase,     461228,          0,          0,          0,     356275,     514732,      200,     7900,   117000,   167000,   273000,   660000,
     InStorePurchase,     242598,          0,          0,          0,     188236,     271188,      200,     7700,   116000,   163000,   269000,   640000,
      OnlinePurchase,     169860,          0,          0,          0,     131017,     189317,      300,     8000,   118000,   169000,   275000,   640000,
        InstPurchase,      48770,          0,          0,          0,      37022,      54227,      400,     8500,   119000,   174000,   305000,   660000,
          AssocOfCat,        485,          0,          0,          0,        386,        679,    26000,    52000,   184000,   242000,   351800,   461000,
      AssocOfProduct,       4896,          0,          0,          0,       3292,       5028,      600,     8000,   120000,   168000,   270000,   441000,
      BusinessReport,       1213,          0,          0,          0,       1086,       1709,    26000,    55000,   170000,   227500,   355900,   670000,
          CustBuyBeh,       4836,          0,          0,          0,       3333,       5113,      900,     9500,   127000,   184000,   303000,   401000,
       ProductReturn,      12854,          0,          0,          0,       9860,      14626,      200,     6500,   107300,   165000,   270000,   660000,

  4507s: (59%)   IR =   8164 [4508.269s][info][gc,marking     ] GC(1303) Concurrent Mark From Roots 1017.463ms
[4508.269s][info][gc,marking     ] GC(1303) Concurrent Preclean
[4508.270s][info][gc,marking     ] GC(1303) Concurrent Preclean 0.118ms
[4508.270s][info][gc,start       ] GC(1303) Pause Remark
[4508.277s][info][gc             ] GC(1303) Pause Remark 2547M->2547M(4096M) 6.594ms
[4508.277s][info][gc,cpu         ] GC(1303) User=0.04s Sys=0.00s Real=0.00s
[4508.278s][info][gc,marking     ] GC(1303) Concurrent Mark 1025.652ms
[4508.278s][info][gc,marking     ] GC(1303) Concurrent Rebuild Remembered Sets and Scrub Regions
[4508.624s][info][gc,marking     ] GC(1303) Concurrent Rebuild Remembered Sets and Scrub Regions 346.208ms
[4508.625s][info][gc,start       ] GC(1303) Pause Cleanup
[4508.625s][info][gc             ] GC(1303) Pause Cleanup 2895M->2895M(4096M) 0.129ms
[4508.625s][info][gc,cpu         ] GC(1303) User=0.00s Sys=0.00s Real=0.00s
[4508.625s][info][gc,marking     ] GC(1303) Concurrent Clear Claimed Marks
[4508.625s][info][gc,marking     ] GC(1303) Concurrent Clear Claimed Marks 0.031ms
[4508.625s][info][gc,marking     ] GC(1303) Concurrent Cleanup for Next Mark
[4508.630s][info][gc,marking     ] GC(1303) Concurrent Cleanup for Next Mark 4.933ms
[4508.630s][info][gc             ] GC(1303) Concurrent Mark Cycle 1615.758ms
.[4509.350s][info][gc,start       ] GC(1304) Pause Young (Prepare Mixed) (G1 Evacuation Pause)
[4509.350s][info][gc,task        ] GC(1304) Using 6 workers of 6 for evacuation
[4509.473s][info][gc,phases      ] GC(1304)   Pre Evacuate Collection Set: 0.34ms
[4509.473s][info][gc,phases      ] GC(1304)   Merge Heap Roots: 0.59ms
[4509.473s][info][gc,phases      ] GC(1304)   Evacuate Collection Set: 120.72ms
[4509.473s][info][gc,phases      ] GC(1304)   Post Evacuate Collection Set: 0.93ms
[4509.473s][info][gc,phases      ] GC(1304)   Other: 0.08ms
[4509.473s][info][gc,heap        ] GC(1304) Eden regions: 1114->0(1104)
[4509.473s][info][gc,heap        ] GC(1304) Survivor regions: 114->112(154)
[4509.473s][info][gc,heap        ] GC(1304) Old regions: 504->537
[4509.473s][info][gc,heap        ] GC(1304) Humongous regions: 80->80
[4509.473s][info][gc,metaspace   ] GC(1304) Metaspace: 28865K(29248K)->28865K(29248K) NonClass: 23998K(24192K)->23998K(24192K) Class: 4867K(5056K)->4867K(5056K)
[4509.473s][info][gc             ] GC(1304) Pause Young (Prepare Mixed) (G1 Evacuation Pause) 3623M->1456M(4096M) 122.797ms
[4509.473s][info][gc,cpu         ] GC(1304) User=0.72s Sys=0.00s Real=0.12s
..[4511.632s][info][gc,start       ] GC(1305) Pause Young (Mixed) (G1 Evacuation Pause)
[4511.632s][info][gc,task        ] GC(1305) Using 6 workers of 6 for evacuation
[4511.766s][info][gc,phases      ] GC(1305)   Pre Evacuate Collection Set: 0.37ms
[4511.766s][info][gc,phases      ] GC(1305)   Merge Heap Roots: 0.77ms
[4511.766s][info][gc,phases      ] GC(1305)   Evacuate Collection Set: 132.10ms
[4511.766s][info][gc,phases      ] GC(1305)   Post Evacuate Collection Set: 0.99ms
[4511.766s][info][gc,phases      ] GC(1305)   Other: 0.09ms
[4511.766s][info][gc,heap        ] GC(1305) Eden regions: 1104->0(1118)
[4511.766s][info][gc,heap        ] GC(1305) Survivor regions: 112->110(152)
[4511.766s][info][gc,heap        ] GC(1305) Old regions: 537->472
[4511.766s][info][gc,heap        ] GC(1305) Humongous regions: 80->80
[4511.766s][info][gc,metaspace   ] GC(1305) Metaspace: 28865K(29248K)->28865K(29248K) NonClass: 23998K(24192K)->23998K(24192K) Class: 4867K(5056K)->4867K(5056K)
[4511.766s][info][gc             ] GC(1305) Pause Young (Mixed) (G1 Evacuation Pause) 3664M->1322M(4096M) 134.454ms
[4511.766s][info][gc,cpu         ] GC(1305) User=0.80s Sys=0.00s Real=0.13s
.|.[4514.014s][info][gc,start       ] GC(1306) Pause Young (Concurrent Start) (G1 Evacuation Pause)
[4514.014s][info][gc,task        ] GC(1306) Using 6 workers of 6 for evacuation
[4514.138s][info][gc,phases      ] GC(1306)   Pre Evacuate Collection Set: 0.36ms
[4514.138s][info][gc,phases      ] GC(1306)   Merge Heap Roots: 0.49ms
[4514.138s][info][gc,phases      ] GC(1306)   Evacuate Collection Set: 121.79ms
[4514.138s][info][gc,phases      ] GC(1306)   Post Evacuate Collection Set: 0.87ms
[4514.138s][info][gc,phases      ] GC(1306)   Other: 0.11ms
[4514.138s][info][gc,heap        ] GC(1306) Eden regions: 1118->0(1116)
[4514.138s][info][gc,heap        ] GC(1306) Survivor regions: 110->112(154)
[4514.138s][info][gc,heap        ] GC(1306) Old regions: 472->505
[4514.138s][info][gc,heap        ] GC(1306) Humongous regions: 80->80
[4514.138s][info][gc,metaspace   ] GC(1306) Metaspace: 28865K(29248K)->28865K(29248K) NonClass: 23998K(24192K)->23998K(24192K) Class: 4867K(5056K)->4867K(5056K)
[4514.138s][info][gc             ] GC(1306) Pause Young (Concurrent Start) (G1 Evacuation Pause) 3558M->1393M(4096M) 123.776ms
[4514.138s][info][gc             ] GC(1307) Concurrent Mark Cycle
[4514.138s][info][gc,marking     ] GC(1307) Concurrent Scan Root Regions
[4514.138s][info][gc,cpu         ] GC(1306) User=0.73s Sys=0.01s Real=0.12s
.[4514.336s][info][gc,marking     ] GC(1307) Concurrent Scan Root Regions 198.496ms
[4514.336s][info][gc,marking     ] GC(1307) Concurrent Mark
[4514.336s][info][gc,marking     ] GC(1307) Concurrent Mark From Roots
[4514.336s][info][gc,task        ] GC(1307) Using 2 workers of 2 for marking
[4515.116s][info][gc,marking     ] GC(1307) Concurrent Mark From Roots 779.731ms
[4515.116s][info][gc,marking     ] GC(1307) Concurrent Preclean
[4515.116s][info][gc,marking     ] GC(1307) Concurrent Preclean 0.159ms
[4515.118s][info][gc,start       ] GC(1307) Pause Remark
[4515.124s][info][gc             ] GC(1307) Pause Remark 2203M->2203M(4096M) 5.688ms
[4515.124s][info][gc,cpu         ] GC(1307) User=0.03s Sys=0.00s Real=0.01s
[4515.124s][info][gc,marking     ] GC(1307) Concurrent Mark 787.200ms
[4515.124s][info][gc,marking     ] GC(1307) Concurrent Rebuild Remembered Sets and Scrub Regions
.[4515.566s][info][gc,marking     ] GC(1307) Concurrent Rebuild Remembered Sets and Scrub Regions 442.465ms
[4515.566s][info][gc,start       ] GC(1307) Pause Cleanup
[4515.566s][info][gc             ] GC(1307) Pause Cleanup 2781M->2781M(4096M) 0.125ms
[4515.566s][info][gc,cpu         ] GC(1307) User=0.00s Sys=0.00s Real=0.00s
[4515.567s][info][gc,marking     ] GC(1307) Concurrent Clear Claimed Marks
[4515.567s][info][gc,marking     ] GC(1307) Concurrent Clear Claimed Marks 0.040ms
[4515.567s][info][gc,marking     ] GC(1307) Concurrent Cleanup for Next Mark
[4515.579s][info][gc,marking     ] GC(1307) Concurrent Cleanup for Next Mark 11.926ms
[4515.579s][info][gc             ] GC(1307) Concurrent Mark Cycle 1441.624ms
.[4516.294s][info][gc,start       ] GC(1308) Pause Young (Prepare Mixed) (G1 Evacuation Pause)
[4516.294s][info][gc,task        ] GC(1308) Using 6 workers of 6 for evacuation
[4516.414s][info][gc,phases      ] GC(1308)   Pre Evacuate Collection Set: 0.34ms
[4516.414s][info][gc,phases      ] GC(1308)   Merge Heap Roots: 0.52ms
[4516.414s][info][gc,phases      ] GC(1308)   Evacuate Collection Set: 117.79ms
[4516.414s][info][gc,phases      ] GC(1308)   Post Evacuate Collection Set: 0.95ms
[4516.414s][info][gc,phases      ] GC(1308)   Other: 0.09ms
[4516.414s][info][gc,heap        ] GC(1308) Eden regions: 1116->0(1102)
[4516.414s][info][gc,heap        ] GC(1308) Survivor regions: 112->113(154)
[4516.414s][info][gc,heap        ] GC(1308) Old regions: 505->537
[4516.414s][info][gc,heap        ] GC(1308) Humongous regions: 80->80
[4516.414s][info][gc,metaspace   ] GC(1308) Metaspace: 28865K(29248K)->28865K(29248K) NonClass: 23998K(24192K)->23998K(24192K) Class: 4867K(5056K)->4867K(5056K)
[4516.414s][info][gc             ] GC(1308) Pause Young (Prepare Mixed) (G1 Evacuation Pause) 3625M->1458M(4096M) 119.827ms
[4516.414s][info][gc,cpu         ] GC(1308) User=0.71s Sys=0.00s Real=0.12s
..[4518.580s][info][gc,start       ] GC(1309) Pause Young (Mixed) (G1 Evacuation Pause)
[4518.580s][info][gc,task        ] GC(1309) Using 6 workers of 6 for evacuation
[4518.717s][info][gc,phases      ] GC(1309)   Pre Evacuate Collection Set: 0.41ms
[4518.717s][info][gc,phases      ] GC(1309)   Merge Heap Roots: 0.69ms
[4518.717s][info][gc,phases      ] GC(1309)   Evacuate Collection Set: 134.27ms
[4518.717s][info][gc,phases      ] GC(1309)   Post Evacuate Collection Set: 0.95ms
[4518.717s][info][gc,phases      ] GC(1309)   Other: 0.09ms
[4518.717s][info][gc,heap        ] GC(1309) Eden regions: 1102->0(1117)
[4518.717s][info][gc,heap        ] GC(1309) Survivor regions: 113->111(152)
[4518.717s][info][gc,heap        ] GC(1309) Old regions: 537->476
[4518.717s][info][gc,heap        ] GC(1309) Humongous regions: 80->80
[4518.717s][info][gc,metaspace   ] GC(1309) Metaspace: 28865K(29248K)->28865K(29248K) NonClass: 23998K(24192K)->23998K(24192K) Class: 4867K(5056K)->4867K(5056K)
[4518.717s][info][gc             ] GC(1309) Pause Young (Mixed) (G1 Evacuation Pause) 3662M->1331M(4096M) 136.536ms
[4518.717s][info][gc,cpu         ] GC(1309) User=0.81s Sys=0.00s Real=0.13s
..[4520.882s][info][gc,start       ] GC(1310) Pause Young (Concurrent Start) (G1 Evacuation Pause)
[4520.882s][info][gc,task        ] GC(1310) Using 6 workers of 6 for evacuation
[4520.998s][info][gc,phases      ] GC(1310)   Pre Evacuate Collection Set: 0.39ms
[4520.999s][info][gc,phases      ] GC(1310)   Merge Heap Roots: 0.46ms
[4520.999s][info][gc,phases      ] GC(1310)   Evacuate Collection Set: 114.30ms
[4520.999s][info][gc,phases      ] GC(1310)   Post Evacuate Collection Set: 0.88ms
[4520.999s][info][gc,phases      ] GC(1310)   Other: 0.14ms
[4520.999s][info][gc,heap        ] GC(1310) Eden regions: 1117->0(1119)
[4520.999s][info][gc,heap        ] GC(1310) Survivor regions: 111->109(154)
[4520.999s][info][gc,heap        ] GC(1310) Old regions: 476->508
[4520.999s][info][gc,heap        ] GC(1310) Humongous regions: 80->80
[4520.999s][info][gc,metaspace   ] GC(1310) Metaspace: 28865K(29248K)->28865K(29248K) NonClass: 23998K(24192K)->23998K(24192K) Class: 4867K(5056K)->4867K(5056K)
[4520.999s][info][gc             ] GC(1310) Pause Young (Concurrent Start) (G1 Evacuation Pause) 3565M->1391M(4096M) 116.312ms
[4520.999s][info][gc             ] GC(1311) Concurrent Mark Cycle
[4520.999s][info][gc,marking     ] GC(1311) Concurrent Scan Root Regions
[4520.999s][info][gc,cpu         ] GC(1310) User=0.69s Sys=0.00s Real=0.12s
[4521.172s][info][gc,marking     ] GC(1311) Concurrent Scan Root Regions 172.924ms
[4521.172s][info][gc,marking     ] GC(1311) Concurrent Mark
[4521.172s][info][gc,marking     ] GC(1311) Concurrent Mark From Roots
[4521.172s][info][gc,task        ] GC(1311) Using 2 workers of 2 for marking
.[4522.025s][info][gc,marking     ] GC(1311) Concurrent Mark From Roots 853.065ms
[4522.025s][info][gc,marking     ] GC(1311) Concurrent Preclean
[4522.025s][info][gc,marking     ] GC(1311) Concurrent Preclean 0.150ms
[4522.027s][info][gc,start       ] GC(1311) Pause Remark
[4522.033s][info][gc             ] GC(1311) Pause Remark 2241M->2241M(4096M) 5.616ms
[4522.033s][info][gc,cpu         ] GC(1311) User=0.03s Sys=0.00s Real=0.01s
[4522.034s][info][gc,marking     ] GC(1311) Concurrent Mark 862.105ms
[4522.034s][info][gc,marking     ] GC(1311) Concurrent Rebuild Remembered Sets and Scrub Regions
[4522.324s][info][gc,marking     ] GC(1311) Concurrent Rebuild Remembered Sets and Scrub Regions 289.984ms
[4522.324s][info][gc,start       ] GC(1311) Pause Cleanup
[4522.324s][info][gc             ] GC(1311) Pause Cleanup 2566M->2566M(4096M) 0.115ms
[4522.324s][info][gc,cpu         ] GC(1311) User=0.00s Sys=0.00s Real=0.00s
[4522.324s][info][gc,marking     ] GC(1311) Concurrent Clear Claimed Marks
[4522.324s][info][gc,marking     ] GC(1311) Concurrent Clear Claimed Marks 0.024ms
[4522.324s][info][gc,marking     ] GC(1311) Concurrent Cleanup for Next Mark
[4522.329s][info][gc,marking     ] GC(1311) Concurrent Cleanup for Next Mark 5.295ms
[4522.329s][info][gc             ] GC(1311) Concurrent Mark Cycle 1330.812ms
.[4523.168s][info][gc,start       ] GC(1312) Pause Young (Prepare Mixed) (G1 Evacuation Pause)
[4523.168s][info][gc,task        ] GC(1312) Using 6 workers of 6 for evacuation
[4523.285s][info][gc,phases      ] GC(1312)   Pre Evacuate Collection Set: 0.37ms
[4523.285s][info][gc,phases      ] GC(1312)   Merge Heap Roots: 0.55ms
[4523.285s][info][gc,phases      ] GC(1312)   Evacuate Collection Set: 115.64ms
[4523.285s][info][gc,phases      ] GC(1312)   Post Evacuate Collection Set: 0.95ms
[4523.285s][info][gc,phases      ] GC(1312)   Other: 0.09ms
[4523.285s][info][gc,heap        ] GC(1312) Eden regions: 1119->0(1103)
[4523.285s][info][gc,heap        ] GC(1312) Survivor regions: 109->111(154)
[4523.285s][info][gc,heap        ] GC(1312) Old regions: 508->540
[4523.285s][info][gc,heap        ] GC(1312) Humongous regions: 80->80
[4523.285s][info][gc,metaspace   ] GC(1312) Metaspace: 28865K(29248K)->28865K(29248K) NonClass: 23998K(24192K)->23998K(24192K) Class: 4867K(5056K)->4867K(5056K)
[4523.285s][info][gc             ] GC(1312) Pause Young (Prepare Mixed) (G1 Evacuation Pause) 3629M->1459M(4096M) 117.751ms
[4523.285s][info][gc,cpu         ] GC(1312) User=0.70s Sys=0.00s Real=0.12s
..[4525.421s][info][gc,start       ] GC(1313) Pause Young (Mixed) (G1 Evacuation Pause)
[4525.421s][info][gc,task        ] GC(1313) Using 6 workers of 6 for evacuation
[4525.557s][info][gc,phases      ] GC(1313)   Pre Evacuate Collection Set: 0.37ms
[4525.557s][info][gc,phases      ] GC(1313)   Merge Heap Roots: 0.76ms
[4525.557s][info][gc,phases      ] GC(1313)   Evacuate Collection Set: 134.39ms
[4525.557s][info][gc,phases      ] GC(1313)   Post Evacuate Collection Set: 0.94ms
[4525.557s][info][gc,phases      ] GC(1313)   Other: 0.10ms
[4525.557s][info][gc,heap        ] GC(1313) Eden regions: 1103->0(1118)
[4525.557s][info][gc,heap        ] GC(1313) Survivor regions: 111->110(152)
[4525.557s][info][gc,heap        ] GC(1313) Old regions: 540->475
[4525.557s][info][gc,heap        ] GC(1313) Humongous regions: 80->80
[4525.557s][info][gc,metaspace   ] GC(1313) Metaspace: 28865K(29248K)->28865K(29248K) NonClass: 23998K(24192K)->23998K(24192K) Class: 4867K(5056K)->4867K(5056K)
[4525.557s][info][gc             ] GC(1313) Pause Young (Mixed) (G1 Evacuation Pause) 3665M->1327M(4096M) 136.699ms
[4525.558s][info][gc,cpu         ] GC(1313) User=0.81s Sys=0.00s Real=0.13s
...[4527.707s][info][gc,start       ] GC(1314) Pause Young (Concurrent Start) (G1 Evacuation Pause)
[4527.707s][info][gc,task        ] GC(1314) Using 6 workers of 6 for evacuation
[4527.824s][info][gc,phases      ] GC(1314)   Pre Evacuate Collection Set: 0.37ms
[4527.824s][info][gc,phases      ] GC(1314)   Merge Heap Roots: 0.47ms
[4527.824s][info][gc,phases      ] GC(1314)   Evacuate Collection Set: 114.83ms
[4527.824s][info][gc,phases      ] GC(1314)   Post Evacuate Collection Set: 0.89ms
[4527.824s][info][gc,phases      ] GC(1314)   Other: 0.11ms
[4527.824s][info][gc,heap        ] GC(1314) Eden regions: 1118->0(1120)
[4527.824s][info][gc,heap        ] GC(1314) Survivor regions: 110->108(154)
[4527.824s][info][gc,heap        ] GC(1314) Old regions: 475->508
[4527.824s][info][gc,heap        ] GC(1314) Humongous regions: 80->80
[4527.824s][info][gc,metaspace   ] GC(1314) Metaspace: 28865K(29248K)->28865K(29248K) NonClass: 23998K(24192K)->23998K(24192K) Class: 4867K(5056K)->4867K(5056K)
[4527.824s][info][gc             ] GC(1314) Pause Young (Concurrent Start) (G1 Evacuation Pause) 3563M->1390M(4096M) 116.804ms
[4527.824s][info][gc             ] GC(1315) Concurrent Mark Cycle
[4527.824s][info][gc,marking     ] GC(1315) Concurrent Scan Root Regions
[4527.824s][info][gc,cpu         ] GC(1314) User=0.69s Sys=0.00s Real=0.12s
[4527.997s][info][gc,marking     ] GC(1315) Concurrent Scan Root Regions 172.431ms
[4527.997s][info][gc,marking     ] GC(1315) Concurrent Mark
[4527.997s][info][gc,marking     ] GC(1315) Concurrent Mark From Roots
[4527.997s][info][gc,task        ] GC(1315) Using 2 workers of 2 for marking
.[4529.072s][info][gc,marking     ] GC(1315) Concurrent Mark From Roots 1075.352ms
[4529.072s][info][gc,marking     ] GC(1315) Concurrent Preclean
[4529.072s][info][gc,marking     ] GC(1315) Concurrent Preclean 0.097ms
[4529.073s][info][gc,start       ] GC(1315) Pause Remark
[4529.079s][info][gc             ] GC(1315) Pause Remark 2568M->2568M(4096M) 6.096ms
[4529.079s][info][gc,cpu         ] GC(1315) User=0.03s Sys=0.00s Real=0.01s
[4529.081s][info][gc,marking     ] GC(1315) Concurrent Mark 1084.570ms
[4529.081s][info][gc,marking     ] GC(1315) Concurrent Rebuild Remembered Sets and Scrub Regions
[4529.501s][info][gc,marking     ] GC(1315) Concurrent Rebuild Remembered Sets and Scrub Regions 420.120ms
[4529.504s][info][gc,start       ] GC(1315) Pause Cleanup
[4529.504s][info][gc             ] GC(1315) Pause Cleanup 3044M->3044M(4096M) 0.134ms
[4529.504s][info][gc,cpu         ] GC(1315) User=0.00s Sys=0.00s Real=0.00s
[4529.504s][info][gc,marking     ] GC(1315) Concurrent Clear Claimed Marks
[4529.504s][info][gc,marking     ] GC(1315) Concurrent Clear Claimed Marks 0.036ms
[4529.504s][info][gc,marking     ] GC(1315) Concurrent Cleanup for Next Mark
[4529.511s][info][gc,marking     ] GC(1315) Concurrent Cleanup for Next Mark 7.273ms
[4529.512s][info][gc             ] GC(1315) Concurrent Mark Cycle 1687.322ms
.[4530.042s][info][gc,start       ] GC(1316) Pause Young (Prepare Mixed) (G1 Evacuation Pause)
[4530.042s][info][gc,task        ] GC(1316) Using 6 workers of 6 for evacuation
[4530.159s][info][gc,phases      ] GC(1316)   Pre Evacuate Collection Set: 0.33ms
[4530.159s][info][gc,phases      ] GC(1316)   Merge Heap Roots: 0.60ms
[4530.159s][info][gc,phases      ] GC(1316)   Evacuate Collection Set: 114.77ms
[4530.159s][info][gc,phases      ] GC(1316)   Post Evacuate Collection Set: 0.95ms
[4530.159s][info][gc,phases      ] GC(1316)   Other: 0.10ms
[4530.159s][info][gc,heap        ] GC(1316) Eden regions: 1120->0(1109)
[4530.159s][info][gc,heap        ] GC(1316) Survivor regions: 108->108(154)
[4530.159s][info][gc,heap        ] GC(1316) Old regions: 508->540
[4530.159s][info][gc,heap        ] GC(1316) Humongous regions: 80->80
[4530.159s][info][gc,metaspace   ] GC(1316) Metaspace: 28865K(29248K)->28865K(29248K) NonClass: 23998K(24192K)->23998K(24192K) Class: 4867K(5056K)->4867K(5056K)
[4530.159s][info][gc             ] GC(1316) Pause Young (Prepare Mixed) (G1 Evacuation Pause) 3630M->1454M(4096M) 116.889ms
[4530.159s][info][gc,cpu         ] GC(1316) User=0.69s Sys=0.00s Real=0.12s
..[4532.359s][info][gc,start       ] GC(1317) Pause Young (Mixed) (G1 Evacuation Pause)
[4532.359s][info][gc,task        ] GC(1317) Using 6 workers of 6 for evacuation
[4532.497s][info][gc,phases      ] GC(1317)   Pre Evacuate Collection Set: 0.40ms
[4532.497s][info][gc,phases      ] GC(1317)   Merge Heap Roots: 0.84ms
[4532.497s][info][gc,phases      ] GC(1317)   Evacuate Collection Set: 134.98ms
[4532.497s][info][gc,phases      ] GC(1317)   Post Evacuate Collection Set: 1.02ms
[4532.497s][info][gc,phases      ] GC(1317)   Other: 0.09ms
[4532.497s][info][gc,heap        ] GC(1317) Eden regions: 1109->0(1117)
[4532.497s][info][gc,heap        ] GC(1317) Survivor regions: 108->111(153)
[4532.497s][info][gc,heap        ] GC(1317) Old regions: 540->476
[4532.497s][info][gc,heap        ] GC(1317) Humongous regions: 80->80
[4532.497s][info][gc,metaspace   ] GC(1317) Metaspace: 28865K(29248K)->28865K(29248K) NonClass: 23998K(24192K)->23998K(24192K) Class: 4867K(5056K)->4867K(5056K)
[4532.497s][info][gc             ] GC(1317) Pause Young (Mixed) (G1 Evacuation Pause) 3672M->1331M(4096M) 137.471ms
[4532.497s][info][gc,cpu         ] GC(1317) User=0.82s Sys=0.00s Real=0.13s
...[4534.689s][info][gc,start       ] GC(1318) Pause Young (Concurrent Start) (G1 Evacuation Pause)
[4534.689s][info][gc,task        ] GC(1318) Using 6 workers of 6 for evacuation
[4534.805s][info][gc,phases      ] GC(1318)   Pre Evacuate Collection Set: 0.40ms
[4534.805s][info][gc,phases      ] GC(1318)   Merge Heap Roots: 0.54ms
[4534.805s][info][gc,phases      ] GC(1318)   Evacuate Collection Set: 114.05ms
[4534.805s][info][gc,phases      ] GC(1318)   Post Evacuate Collection Set: 0.89ms
[4534.805s][info][gc,phases      ] GC(1318)   Other: 0.10ms
[4534.805s][info][gc,heap        ] GC(1318) Eden regions: 1117->0(1120)
[4534.805s][info][gc,heap        ] GC(1318) Survivor regions: 111->108(154)
[4534.805s][info][gc,heap        ] GC(1318) Old regions: 476->507
[4534.805s][info][gc,heap        ] GC(1318) Humongous regions: 80->80
[4534.805s][info][gc,metaspace   ] GC(1318) Metaspace: 28865K(29248K)->28865K(29248K) NonClass: 23998K(24192K)->23998K(24192K) Class: 4867K(5056K)->4867K(5056K)
[4534.805s][info][gc             ] GC(1318) Pause Young (Concurrent Start) (G1 Evacuation Pause) 3565M->1388M(4096M) 116.124ms
[4534.805s][info][gc             ] GC(1319) Concurrent Mark Cycle
[4534.805s][info][gc,marking     ] GC(1319) Concurrent Scan Root Regions
[4534.805s][info][gc,cpu         ] GC(1318) User=0.69s Sys=0.01s Real=0.11s
[4534.978s][info][gc,marking     ] GC(1319) Concurrent Scan Root Regions 172.780ms
[4534.978s][info][gc,marking     ] GC(1319) Concurrent Mark
[4534.978s][info][gc,marking     ] GC(1319) Concurrent Mark From Roots
[4534.978s][info][gc,task        ] GC(1319) Using 2 workers of 2 for marking
.[4536.032s][info][gc,marking     ] GC(1319) Concurrent Mark From Roots 1054.247ms
[4536.032s][info][gc,marking     ] GC(1319) Concurrent Preclean
[4536.032s][info][gc,marking     ] GC(1319) Concurrent Preclean 0.152ms
[4536.033s][info][gc,start       ] GC(1319) Pause Remark
[4536.038s][info][gc             ] GC(1319) Pause Remark 2489M->2489M(4096M) 5.660ms
[4536.038s][info][gc,cpu         ] GC(1319) User=0.03s Sys=0.00s Real=0.01s
[4536.039s][info][gc,marking     ] GC(1319) Concurrent Mark 1060.579ms
[4536.039s][info][gc,marking     ] GC(1319) Concurrent Rebuild Remembered Sets and Scrub Regions
[4536.338s][info][gc,marking     ] GC(1319) Concurrent Rebuild Remembered Sets and Scrub Regions 298.965ms
[4536.338s][info][gc,start       ] GC(1319) Pause Cleanup
[4536.338s][info][gc             ] GC(1319) Pause Cleanup 2832M->2832M(4096M) 0.112ms
[4536.338s][info][gc,cpu         ] GC(1319) User=0.00s Sys=0.00s Real=0.00s
[4536.341s][info][gc,marking     ] GC(1319) Concurrent Clear Claimed Marks
[4536.341s][info][gc,marking     ] GC(1319) Concurrent Clear Claimed Marks 0.079ms
[4536.341s][info][gc,marking     ] GC(1319) Concurrent Cleanup for Next Mark
[4536.346s][info][gc,marking     ] GC(1319) Concurrent Cleanup for Next Mark 5.355ms
[4536.346s][info][gc             ] GC(1319) Concurrent Mark Cycle 1541.176ms
.[4536.972s][info][gc,start       ] GC(1320) Pause Young (Prepare Mixed) (G1 Evacuation Pause)
[4536.972s][info][gc,task        ] GC(1320) Using 6 workers of 6 for evacuation
[4537.091s][info][gc,phases      ] GC(1320)   Pre Evacuate Collection Set: 0.33ms
[4537.091s][info][gc,phases      ] GC(1320)   Merge Heap Roots: 0.53ms
[4537.091s][info][gc,phases      ] GC(1320)   Evacuate Collection Set: 116.75ms
[4537.091s][info][gc,phases      ] GC(1320)   Post Evacuate Collection Set: 0.95ms
[4537.091s][info][gc,phases      ] GC(1320)   Other: 0.09ms
[4537.091s][info][gc,heap        ] GC(1320) Eden regions: 1120->0(1106)
[4537.091s][info][gc,heap        ] GC(1320) Survivor regions: 108->110(154)
[4537.091s][info][gc,heap        ] GC(1320) Old regions: 507->539
[4537.091s][info][gc,heap        ] GC(1320) Humongous regions: 80->80
[4537.091s][info][gc,metaspace   ] GC(1320) Metaspace: 28865K(29248K)->28865K(29248K) NonClass: 23998K(24192K)->23998K(24192K) Class: 4867K(5056K)->4867K(5056K)
[4537.091s][info][gc             ] GC(1320) Pause Young (Prepare Mixed) (G1 Evacuation Pause) 3628M->1456M(4096M) 118.782ms
[4537.091s][info][gc,cpu         ] GC(1320) User=0.70s Sys=0.00s Real=0.12s
..[4539.174s][info][gc,start       ] GC(1321) Pause Young (Mixed) (G1 Evacuation Pause)
[4539.174s][info][gc,task        ] GC(1321) Using 6 workers of 6 for evacuation
[4539.311s][info][gc,phases      ] GC(1321)   Pre Evacuate Collection Set: 0.37ms
[4539.311s][info][gc,phases      ] GC(1321)   Merge Heap Roots: 0.76ms
[4539.311s][info][gc,phases      ] GC(1321)   Evacuate Collection Set: 134.98ms
[4539.311s][info][gc,phases      ] GC(1321)   Post Evacuate Collection Set: 0.92ms
[4539.311s][info][gc,phases      ] GC(1321)   Other: 0.09ms
[4539.311s][info][gc,heap        ] GC(1321) Eden regions: 1106->0(1118)
[4539.311s][info][gc,heap        ] GC(1321) Survivor regions: 110->110(152)
[4539.311s][info][gc,heap        ] GC(1321) Old regions: 539->475
[4539.311s][info][gc,heap        ] GC(1321) Humongous regions: 80->80
[4539.311s][info][gc,metaspace   ] GC(1321) Metaspace: 28865K(29248K)->28865K(29248K) NonClass: 23998K(24192K)->23998K(24192K) Class: 4867K(5056K)->4867K(5056K)
[4539.311s][info][gc             ] GC(1321) Pause Young (Mixed) (G1 Evacuation Pause) 3668M->1329M(4096M) 137.250ms
[4539.311s][info][gc,cpu         ] GC(1321) User=0.81s Sys=0.01s Real=0.14s
..[4541.542s][info][gc,start       ] GC(1322) Pause Young (Concurrent Start) (G1 Evacuation Pause)
[4541.542s][info][gc,task        ] GC(1322) Using 6 workers of 6 for evacuation
[4541.665s][info][gc,phases      ] GC(1322)   Pre Evacuate Collection Set: 0.40ms
[4541.665s][info][gc,phases      ] GC(1322)   Merge Heap Roots: 0.51ms
[4541.665s][info][gc,phases      ] GC(1322)   Evacuate Collection Set: 120.97ms
[4541.665s][info][gc,phases      ] GC(1322)   Post Evacuate Collection Set: 0.89ms
[4541.665s][info][gc,phases      ] GC(1322)   Other: 0.10ms
[4541.665s][info][gc,heap        ] GC(1322) Eden regions: 1118->0(1114)
[4541.665s][info][gc,heap        ] GC(1322) Survivor regions: 110->114(154)
[4541.665s][info][gc,heap        ] GC(1322) Old regions: 475->507
[4541.665s][info][gc,heap        ] GC(1322) Humongous regions: 80->80
[4541.665s][info][gc,metaspace   ] GC(1322) Metaspace: 28865K(29248K)->28865K(29248K) NonClass: 23998K(24192K)->23998K(24192K) Class: 4867K(5056K)->4867K(5056K)
[4541.665s][info][gc             ] GC(1322) Pause Young (Concurrent Start) (G1 Evacuation Pause) 3565M->1400M(4096M) 123.004ms
[4541.665s][info][gc             ] GC(1323) Concurrent Mark Cycle
[4541.665s][info][gc,marking     ] GC(1323) Concurrent Scan Root Regions
[4541.665s][info][gc,cpu         ] GC(1322) User=0.73s Sys=0.00s Real=0.12s
[4541.845s][info][gc,marking     ] GC(1323) Concurrent Scan Root Regions 180.658ms
[4541.845s][info][gc,marking     ] GC(1323) Concurrent Mark
[4541.845s][info][gc,marking     ] GC(1323) Concurrent Mark From Roots
[4541.845s][info][gc,task        ] GC(1323) Using 2 workers of 2 for marking
..[4542.882s][info][gc,marking     ] GC(1323) Concurrent Mark From Roots 1036.725ms
[4542.882s][info][gc,marking     ] GC(1323) Concurrent Preclean
[4542.882s][info][gc,marking     ] GC(1323) Concurrent Preclean 0.185ms
[4542.885s][info][gc,start       ] GC(1323) Pause Remark
[4542.890s][info][gc             ] GC(1323) Pause Remark 2608M->2608M(4096M) 5.094ms
[4542.890s][info][gc,cpu         ] GC(1323) User=0.02s Sys=0.00s Real=0.01s
[4542.891s][info][gc,marking     ] GC(1323) Concurrent Mark 1045.228ms
[4542.891s][info][gc,marking     ] GC(1323) Concurrent Rebuild Remembered Sets and Scrub Regions
[4543.338s][info][gc,marking     ] GC(1323) Concurrent Rebuild Remembered Sets and Scrub Regions 446.936ms
[4543.338s][info][gc,start       ] GC(1323) Pause Cleanup
[4543.338s][info][gc             ] GC(1323) Pause Cleanup 3062M->3062M(4096M) 0.128ms
[4543.338s][info][gc,cpu         ] GC(1323) User=0.00s Sys=0.00s Real=0.00s
[4543.339s][info][gc,marking     ] GC(1323) Concurrent Clear Claimed Marks
[4543.339s][info][gc,marking     ] GC(1323) Concurrent Clear Claimed Marks 0.026ms
[4543.339s][info][gc,marking     ] GC(1323) Concurrent Cleanup for Next Mark
[4543.415s][info][gc,marking     ] GC(1323) Concurrent Cleanup for Next Mark 76.582ms
[4543.415s][info][gc             ] GC(1323) Concurrent Mark Cycle 1750.761ms
.[4543.892s][info][gc,start       ] GC(1324) Pause Young (Prepare Mixed) (G1 Evacuation Pause)
[4543.892s][info][gc,task        ] GC(1324) Using 6 workers of 6 for evacuation
[4544.010s][info][gc,phases      ] GC(1324)   Pre Evacuate Collection Set: 0.32ms
[4544.010s][info][gc,phases      ] GC(1324)   Merge Heap Roots: 0.51ms
[4544.010s][info][gc,phases      ] GC(1324)   Evacuate Collection Set: 116.06ms
[4544.010s][info][gc,phases      ] GC(1324)   Post Evacuate Collection Set: 0.91ms
[4544.010s][info][gc,phases      ] GC(1324)   Other: 0.09ms
[4544.010s][info][gc,heap        ] GC(1324) Eden regions: 1114->0(1109)
[4544.010s][info][gc,heap        ] GC(1324) Survivor regions: 114->109(154)
[4544.010s][info][gc,heap        ] GC(1324) Old regions: 507->538
[4544.010s][info][gc,heap        ] GC(1324) Humongous regions: 80->80
[4544.010s][info][gc,metaspace   ] GC(1324) Metaspace: 28865K(29248K)->28865K(29248K) NonClass: 23998K(24192K)->23998K(24192K) Class: 4867K(5056K)->4867K(5056K)
[4544.010s][info][gc             ] GC(1324) Pause Young (Prepare Mixed) (G1 Evacuation Pause) 3628M->1453M(4096M) 118.021ms
[4544.010s][info][gc,cpu         ] GC(1324) User=0.70s Sys=0.00s Real=0.12s
..[4546.193s][info][gc,start       ] GC(1325) Pause Young (Mixed) (G1 Evacuation Pause)
[4546.193s][info][gc,task        ] GC(1325) Using 6 workers of 6 for evacuation
[4546.328s][info][gc,phases      ] GC(1325)   Pre Evacuate Collection Set: 0.36ms
[4546.328s][info][gc,phases      ] GC(1325)   Merge Heap Roots: 0.68ms
[4546.328s][info][gc,phases      ] GC(1325)   Evacuate Collection Set: 132.90ms
[4546.328s][info][gc,phases      ] GC(1325)   Post Evacuate Collection Set: 0.94ms
[4546.328s][info][gc,phases      ] GC(1325)   Other: 0.09ms
[4546.328s][info][gc,heap        ] GC(1325) Eden regions: 1109->0(1117)
[4546.328s][info][gc,heap        ] GC(1325) Survivor regions: 109->111(153)
[4546.328s][info][gc,heap        ] GC(1325) Old regions: 538->475
[4546.328s][info][gc,heap        ] GC(1325) Humongous regions: 80->80
[4546.328s][info][gc,metaspace   ] GC(1325) Metaspace: 28865K(29248K)->28865K(29248K) NonClass: 23998K(24192K)->23998K(24192K) Class: 4867K(5056K)->4867K(5056K)
[4546.328s][info][gc             ] GC(1325) Pause Young (Mixed) (G1 Evacuation Pause) 3671M->1331M(4096M) 135.109ms
[4546.328s][info][gc,cpu         ] GC(1325) User=0.80s Sys=0.00s Real=0.14s
..[4548.515s][info][gc,start       ] GC(1326) Pause Young (Concurrent Start) (G1 Evacuation Pause)
[4548.515s][info][gc,task        ] GC(1326) Using 6 workers of 6 for evacuation
[4548.638s][info][gc,phases      ] GC(1326)   Pre Evacuate Collection Set: 0.36ms
[4548.638s][info][gc,phases      ] GC(1326)   Merge Heap Roots: 0.47ms
[4548.638s][info][gc,phases      ] GC(1326)   Evacuate Collection Set: 120.37ms
[4548.638s][info][gc,phases      ] GC(1326)   Post Evacuate Collection Set: 0.89ms
[4548.638s][info][gc,phases      ] GC(1326)   Other: 0.13ms
[4548.638s][info][gc,heap        ] GC(1326) Eden regions: 1117->0(1115)
[4548.638s][info][gc,heap        ] GC(1326) Survivor regions: 111->113(154)
[4548.638s][info][gc,heap        ] GC(1326) Old regions: 475->507
[4548.638s][info][gc,heap        ] GC(1326) Humongous regions: 80->80
[4548.638s][info][gc,metaspace   ] GC(1326) Metaspace: 28865K(29248K)->28865K(29248K) NonClass: 23998K(24192K)->23998K(24192K) Class: 4867K(5056K)->4867K(5056K)
[4548.638s][info][gc             ] GC(1326) Pause Young (Concurrent Start) (G1 Evacuation Pause) 3565M->1398M(4096M) 122.363ms
[4548.638s][info][gc             ] GC(1327) Concurrent Mark Cycle
[4548.638s][info][gc,marking     ] GC(1327) Concurrent Scan Root Regions
[4548.638s][info][gc,cpu         ] GC(1326) User=0.72s Sys=0.00s Real=0.12s
[4548.814s][info][gc,marking     ] GC(1327) Concurrent Scan Root Regions 176.712ms
[4548.815s][info][gc,marking     ] GC(1327) Concurrent Mark
[4548.815s][info][gc,marking     ] GC(1327) Concurrent Mark From Roots
[4548.815s][info][gc,task        ] GC(1327) Using 2 workers of 2 for marking
.[4549.804s][info][gc,marking     ] GC(1327) Concurrent Mark From Roots 989.444ms
[4549.804s][info][gc,marking     ] GC(1327) Concurrent Preclean
[4549.804s][info][gc,marking     ] GC(1327) Concurrent Preclean 0.154ms
[4549.806s][info][gc,start       ] GC(1327) Pause Remark
[4549.813s][info][gc             ] GC(1327) Pause Remark 2544M->2544M(4096M) 7.312ms
[4549.813s][info][gc,cpu         ] GC(1327) User=0.04s Sys=0.00s Real=0.01s
[4549.814s][info][gc,marking     ] GC(1327) Concurrent Mark 999.751ms
[4549.814s][info][gc,marking     ] GC(1327) Concurrent Rebuild Remembered Sets and Scrub Regions
.[4550.130s][info][gc,marking     ] GC(1327) Concurrent Rebuild Remembered Sets and Scrub Regions 315.551ms
[4550.131s][info][gc,start       ] GC(1327) Pause Cleanup
[4550.131s][info][gc             ] GC(1327) Pause Cleanup 2822M->2822M(4096M) 0.132ms
[4550.131s][info][gc,cpu         ] GC(1327) User=0.00s Sys=0.00s Real=0.00s
[4550.132s][info][gc,marking     ] GC(1327) Concurrent Clear Claimed Marks
[4550.132s][info][gc,marking     ] GC(1327) Concurrent Clear Claimed Marks 0.031ms
[4550.132s][info][gc,marking     ] GC(1327) Concurrent Cleanup for Next Mark
[4550.142s][info][gc,marking     ] GC(1327) Concurrent Cleanup for Next Mark 9.899ms
[4550.142s][info][gc             ] GC(1327) Concurrent Mark Cycle 1503.863ms
[4550.799s][info][gc,start       ] GC(1328) Pause Young (Prepare Mixed) (G1 Evacuation Pause)
[4550.799s][info][gc,task        ] GC(1328) Using 6 workers of 6 for evacuation
[4550.918s][info][gc,phases      ] GC(1328)   Pre Evacuate Collection Set: 0.33ms
[4550.918s][info][gc,phases      ] GC(1328)   Merge Heap Roots: 0.57ms
[4550.918s][info][gc,phases      ] GC(1328)   Evacuate Collection Set: 117.08ms
[4550.918s][info][gc,phases      ] GC(1328)   Post Evacuate Collection Set: 0.95ms
[4550.918s][info][gc,phases      ] GC(1328)   Other: 0.09ms
[4550.918s][info][gc,heap        ] GC(1328) Eden regions: 1115->0(1106)
[4550.918s][info][gc,heap        ] GC(1328) Survivor regions: 113->110(154)
[4550.918s][info][gc,heap        ] GC(1328) Old regions: 507->539
[4550.918s][info][gc,heap        ] GC(1328) Humongous regions: 80->80
[4550.918s][info][gc,metaspace   ] GC(1328) Metaspace: 28865K(29248K)->28865K(29248K) NonClass: 23998K(24192K)->23998K(24192K) Class: 4867K(5056K)->4867K(5056K)
[4550.918s][info][gc             ] GC(1328) Pause Young (Prepare Mixed) (G1 Evacuation Pause) 3628M->1456M(4096M) 119.158ms
[4550.918s][info][gc,cpu         ] GC(1328) User=0.70s Sys=0.00s Real=0.12s
...[4553.129s][info][gc,start       ] GC(1329) Pause Young (Mixed) (G1 Evacuation Pause)
[4553.129s][info][gc,task        ] GC(1329) Using 6 workers of 6 for evacuation
[4553.264s][info][gc,phases      ] GC(1329)   Pre Evacuate Collection Set: 0.41ms
[4553.264s][info][gc,phases      ] GC(1329)   Merge Heap Roots: 0.77ms
[4553.264s][info][gc,phases      ] GC(1329)   Evacuate Collection Set: 133.10ms
[4553.264s][info][gc,phases      ] GC(1329)   Post Evacuate Collection Set: 0.94ms
[4553.264s][info][gc,phases      ] GC(1329)   Other: 0.10ms
[4553.264s][info][gc,heap        ] GC(1329) Eden regions: 1106->0(1119)
[4553.264s][info][gc,heap        ] GC(1329) Survivor regions: 110->109(152)
[4553.264s][info][gc,heap        ] GC(1329) Old regions: 539->474
[4553.264s][info][gc,heap        ] GC(1329) Humongous regions: 80->80
[4553.264s][info][gc,metaspace   ] GC(1329) Metaspace: 28865K(29248K)->28865K(29248K) NonClass: 23998K(24192K)->23998K(24192K) Class: 4867K(5056K)->4867K(5056K)
[4553.264s][info][gc             ] GC(1329) Pause Young (Mixed) (G1 Evacuation Pause) 3668M->1324M(4096M) 135.453ms
[4553.264s][info][gc,cpu         ] GC(1329) User=0.80s Sys=0.00s Real=0.13s
..[4555.384s][info][gc,start       ] GC(1330) Pause Young (Concurrent Start) (G1 Evacuation Pause)
[4555.384s][info][gc,task        ] GC(1330) Using 6 workers of 6 for evacuation
[4555.509s][info][gc,phases      ] GC(1330)   Pre Evacuate Collection Set: 0.35ms
[4555.509s][info][gc,phases      ] GC(1330)   Merge Heap Roots: 0.42ms
[4555.509s][info][gc,phases      ] GC(1330)   Evacuate Collection Set: 122.97ms
[4555.509s][info][gc,phases      ] GC(1330)   Post Evacuate Collection Set: 0.89ms
[4555.509s][info][gc,phases      ] GC(1330)   Other: 0.11ms
[4555.509s][info][gc,heap        ] GC(1330) Eden regions: 1119->0(1113)
[4555.509s][info][gc,heap        ] GC(1330) Survivor regions: 109->115(154)
[4555.509s][info][gc,heap        ] GC(1330) Old regions: 474->505
[4555.509s][info][gc,heap        ] GC(1330) Humongous regions: 80->80
[4555.509s][info][gc,metaspace   ] GC(1330) Metaspace: 28865K(29248K)->28865K(29248K) NonClass: 23998K(24192K)->23998K(24192K) Class: 4867K(5056K)->4867K(5056K)
[4555.509s][info][gc             ] GC(1330) Pause Young (Concurrent Start) (G1 Evacuation Pause) 3562M->1398M(4096M) 124.877ms
[4555.509s][info][gc             ] GC(1331) Concurrent Mark Cycle
[4555.509s][info][gc,marking     ] GC(1331) Concurrent Scan Root Regions
[4555.509s][info][gc,cpu         ] GC(1330) User=0.74s Sys=0.00s Real=0.13s
[4555.672s][info][gc,marking     ] GC(1331) Concurrent Scan Root Regions 163.309ms
[4555.672s][info][gc,marking     ] GC(1331) Concurrent Mark
[4555.672s][info][gc,marking     ] GC(1331) Concurrent Mark From Roots
[4555.672s][info][gc,task        ] GC(1331) Using 2 workers of 2 for marking
.[4556.466s][info][gc,marking     ] GC(1331) Concurrent Mark From Roots 793.909ms
[4556.466s][info][gc,marking     ] GC(1331) Concurrent Preclean
[4556.466s][info][gc,marking     ] GC(1331) Concurrent Preclean 0.098ms
[4556.466s][info][gc,start       ] GC(1331) Pause Remark
[4556.472s][info][gc             ] GC(1331) Pause Remark 2267M->2267M(4096M) 5.381ms
[4556.472s][info][gc,cpu         ] GC(1331) User=0.03s Sys=0.00s Real=0.01s
[4556.472s][info][gc,marking     ] GC(1331) Concurrent Mark 799.704ms
[4556.472s][info][gc,marking     ] GC(1331) Concurrent Rebuild Remembered Sets and Scrub Regions
[4556.749s][info][gc,marking     ] GC(1331) Concurrent Rebuild Remembered Sets and Scrub Regions 276.870ms
[4556.749s][info][gc,start       ] GC(1331) Pause Cleanup
[4556.749s][info][gc             ] GC(1331) Pause Cleanup 2558M->2558M(4096M) 0.119ms
[4556.749s][info][gc,cpu         ] GC(1331) User=0.00s Sys=0.00s Real=0.00s
[4556.749s][info][gc,marking     ] GC(1331) Concurrent Clear Claimed Marks
[4556.749s][info][gc,marking     ] GC(1331) Concurrent Clear Claimed Marks 0.029ms
[4556.749s][info][gc,marking     ] GC(1331) Concurrent Cleanup for Next Mark
[4556.757s][info][gc,marking     ] GC(1331) Concurrent Cleanup for Next Mark 7.639ms
[4556.757s][info][gc             ] GC(1331) Concurrent Mark Cycle 1248.383ms
.[4557.635s][info][gc,start       ] GC(1332) Pause Young (Prepare Mixed) (G1 Evacuation Pause)
[4557.635s][info][gc,task        ] GC(1332) Using 6 workers of 6 for evacuation
[4557.754s][info][gc,phases      ] GC(1332)   Pre Evacuate Collection Set: 0.36ms
[4557.754s][info][gc,phases      ] GC(1332)   Merge Heap Roots: 0.51ms
[4557.754s][info][gc,phases      ] GC(1332)   Evacuate Collection Set: 117.08ms
[4557.754s][info][gc,phases      ] GC(1332)   Post Evacuate Collection Set: 0.93ms
[4557.754s][info][gc,phases      ] GC(1332)   Other: 0.09ms
[4557.754s][info][gc,heap        ] GC(1332) Eden regions: 1113->0(1109)
[4557.754s][info][gc,heap        ] GC(1332) Survivor regions: 115->109(154)
[4557.754s][info][gc,heap        ] GC(1332) Old regions: 505->538
[4557.754s][info][gc,heap        ] GC(1332) Humongous regions: 80->80
[4557.754s][info][gc,metaspace   ] GC(1332) Metaspace: 28865K(29248K)->28865K(29248K) NonClass: 23998K(24192K)->23998K(24192K) Class: 4867K(5056K)->4867K(5056K)
[4557.754s][info][gc             ] GC(1332) Pause Young (Prepare Mixed) (G1 Evacuation Pause) 3624M->1452M(4096M) 119.111ms
[4557.754s][info][gc,cpu         ] GC(1332) User=0.70s Sys=0.00s Real=0.12s
..[4559.923s][info][gc,start       ] GC(1333) Pause Young (Mixed) (G1 Evacuation Pause)
[4559.923s][info][gc,task        ] GC(1333) Using 6 workers of 6 for evacuation
[4560.055s][info][gc,phases      ] GC(1333)   Pre Evacuate Collection Set: 0.36ms
[4560.055s][info][gc,phases      ] GC(1333)   Merge Heap Roots: 0.72ms
[4560.055s][info][gc,phases      ] GC(1333)   Evacuate Collection Set: 129.93ms
[4560.055s][info][gc,phases      ] GC(1333)   Post Evacuate Collection Set: 0.93ms
[4560.055s][info][gc,phases      ] GC(1333)   Other: 0.09ms
[4560.055s][info][gc,heap        ] GC(1333) Eden regions: 1109->0(1120)
[4560.055s][info][gc,heap        ] GC(1333) Survivor regions: 109->108(153)
[4560.055s][info][gc,heap        ] GC(1333) Old regions: 538->474
[4560.055s][info][gc,heap        ] GC(1333) Humongous regions: 80->80
[4560.055s][info][gc,metaspace   ] GC(1333) Metaspace: 28865K(29248K)->28865K(29248K) NonClass: 23998K(24192K)->23998K(24192K) Class: 4867K(5056K)->4867K(5056K)
[4560.055s][info][gc             ] GC(1333) Pause Young (Mixed) (G1 Evacuation Pause) 3670M->1322M(4096M) 132.179ms
[4560.056s][info][gc,cpu         ] GC(1333) User=0.78s Sys=0.00s Real=0.13s
..[4562.177s][info][gc,start       ] GC(1334) Pause Young (Concurrent Start) (G1 Evacuation Pause)
[4562.177s][info][gc,task        ] GC(1334) Using 6 workers of 6 for evacuation
[4562.296s][info][gc,phases      ] GC(1334)   Pre Evacuate Collection Set: 0.37ms
[4562.296s][info][gc,phases      ] GC(1334)   Merge Heap Roots: 0.53ms
[4562.296s][info][gc,phases      ] GC(1334)   Evacuate Collection Set: 116.39ms
[4562.296s][info][gc,phases      ] GC(1334)   Post Evacuate Collection Set: 0.93ms
[4562.296s][info][gc,phases      ] GC(1334)   Other: 0.12ms
[4562.296s][info][gc,heap        ] GC(1334) Eden regions: 1120->0(1117)
[4562.296s][info][gc,heap        ] GC(1334) Survivor regions: 108->111(154)
[4562.296s][info][gc,heap        ] GC(1334) Old regions: 474->505
[4562.296s][info][gc,heap        ] GC(1334) Humongous regions: 80->80
[4562.296s][info][gc,metaspace   ] GC(1334) Metaspace: 28865K(29248K)->28865K(29248K) NonClass: 23998K(24192K)->23998K(24192K) Class: 4867K(5056K)->4867K(5056K)
[4562.296s][info][gc             ] GC(1334) Pause Young (Concurrent Start) (G1 Evacuation Pause) 3562M->1390M(4096M) 118.479ms
[4562.296s][info][gc             ] GC(1335) Concurrent Mark Cycle
[4562.296s][info][gc,marking     ] GC(1335) Concurrent Scan Root Regions
[4562.296s][info][gc,cpu         ] GC(1334) User=0.70s Sys=0.00s Real=0.12s
.[4562.488s][info][gc,marking     ] GC(1335) Concurrent Scan Root Regions 192.128ms
[4562.488s][info][gc,marking     ] GC(1335) Concurrent Mark
[4562.488s][info][gc,marking     ] GC(1335) Concurrent Mark From Roots
[4562.488s][info][gc,task        ] GC(1335) Using 2 workers of 2 for marking
.[4563.610s][info][gc,marking     ] GC(1335) Concurrent Mark From Roots 1122.072ms
[4563.610s][info][gc,marking     ] GC(1335) Concurrent Preclean
[4563.610s][info][gc,marking     ] GC(1335) Concurrent Preclean 0.128ms
[4563.612s][info][gc,start       ] GC(1335) Pause Remark
[4563.617s][info][gc             ] GC(1335) Pause Remark 2652M->2652M(4096M) 5.029ms
[4563.617s][info][gc,cpu         ] GC(1335) User=0.03s Sys=0.00s Real=0.00s
[4563.618s][info][gc,marking     ] GC(1335) Concurrent Mark 1130.097ms
[4563.618s][info][gc,marking     ] GC(1335) Concurrent Rebuild Remembered Sets and Scrub Regions
[4563.909s][info][gc,marking     ] GC(1335) Concurrent Rebuild Remembered Sets and Scrub Regions 291.160ms
[4563.909s][info][gc,start       ] GC(1335) Pause Cleanup
[4563.910s][info][gc             ] GC(1335) Pause Cleanup 2929M->2929M(4096M) 0.102ms
[4563.910s][info][gc,cpu         ] GC(1335) User=0.00s Sys=0.00s Real=0.00s
[4563.910s][info][gc,marking     ] GC(1335) Concurrent Clear Claimed Marks
[4563.910s][info][gc,marking     ] GC(1335) Concurrent Clear Claimed Marks 0.020ms
[4563.910s][info][gc,marking     ] GC(1335) Concurrent Cleanup for Next Mark
[4563.914s][info][gc,marking     ] GC(1335) Concurrent Cleanup for Next Mark 4.671ms
[4563.914s][info][gc             ] GC(1335) Concurrent Mark Cycle 1618.561ms
[4564.521s][info][gc,start       ] GC(1336) Pause Young (Prepare Mixed) (G1 Evacuation Pause)
[4564.521s][info][gc,task        ] GC(1336) Using 6 workers of 6 for evacuation
[4564.642s][info][gc,phases      ] GC(1336)   Pre Evacuate Collection Set: 0.35ms
[4564.642s][info][gc,phases      ] GC(1336)   Merge Heap Roots: 0.48ms
[4564.642s][info][gc,phases      ] GC(1336)   Evacuate Collection Set: 119.72ms
[4564.642s][info][gc,phases      ] GC(1336)   Post Evacuate Collection Set: 0.99ms
[4564.642s][info][gc,phases      ] GC(1336)   Other: 0.09ms
[4564.642s][info][gc,heap        ] GC(1336) Eden regions: 1117->0(1102)
[4564.642s][info][gc,heap        ] GC(1336) Survivor regions: 111->113(154)
[4564.642s][info][gc,heap        ] GC(1336) Old regions: 505->537
[4564.642s][info][gc,heap        ] GC(1336) Humongous regions: 80->80
[4564.642s][info][gc,metaspace   ] GC(1336) Metaspace: 28865K(29248K)->28865K(29248K) NonClass: 23998K(24192K)->23998K(24192K) Class: 4867K(5056K)->4867K(5056K)
[4564.642s][info][gc             ] GC(1336) Pause Young (Prepare Mixed) (G1 Evacuation Pause) 3624M->1459M(4096M) 121.751ms
[4564.642s][info][gc,cpu         ] GC(1336) User=0.72s Sys=0.00s Real=0.12s
...[4566.689s][info][gc,start       ] GC(1337) Pause Young (Mixed) (G1 Evacuation Pause)
[4566.689s][info][gc,task        ] GC(1337) Using 6 workers of 6 for evacuation
[4566.825s][info][gc,phases      ] GC(1337)   Pre Evacuate Collection Set: 0.38ms
[4566.825s][info][gc,phases      ] GC(1337)   Merge Heap Roots: 0.66ms
[4566.825s][info][gc,phases      ] GC(1337)   Evacuate Collection Set: 133.63ms
[4566.825s][info][gc,phases      ] GC(1337)   Post Evacuate Collection Set: 0.96ms
[4566.825s][info][gc,phases      ] GC(1337)   Other: 0.09ms
[4566.825s][info][gc,heap        ] GC(1337) Eden regions: 1102->0(1118)
[4566.825s][info][gc,heap        ] GC(1337) Survivor regions: 113->110(152)
[4566.825s][info][gc,heap        ] GC(1337) Old regions: 537->475
[4566.825s][info][gc,heap        ] GC(1337) Humongous regions: 80->80
[4566.825s][info][gc,metaspace   ] GC(1337) Metaspace: 28865K(29248K)->28865K(29248K) NonClass: 23998K(24192K)->23998K(24192K) Class: 4867K(5056K)->4867K(5056K)
[4566.825s][info][gc             ] GC(1337) Pause Young (Mixed) (G1 Evacuation Pause) 3663M->1328M(4096M) 135.854ms
[4566.825s][info][gc,cpu         ] GC(1337) User=0.80s Sys=0.00s Real=0.13s
..[4569.124s][info][gc,start       ] GC(1338) Pause Young (Concurrent Start) (G1 Evacuation Pause)
[4569.124s][info][gc,task        ] GC(1338) Using 6 workers of 6 for evacuation
[4569.244s][info][gc,phases      ] GC(1338)   Pre Evacuate Collection Set: 0.36ms
[4569.244s][info][gc,phases      ] GC(1338)   Merge Heap Roots: 0.54ms
[4569.245s][info][gc,phases      ] GC(1338)   Evacuate Collection Set: 118.09ms
[4569.245s][info][gc,phases      ] GC(1338)   Post Evacuate Collection Set: 0.93ms
[4569.245s][info][gc,phases      ] GC(1338)   Other: 0.11ms
[4569.245s][info][gc,heap        ] GC(1338) Eden regions: 1118->0(1117)
[4569.245s][info][gc,heap        ] GC(1338) Survivor regions: 110->111(154)
[4569.245s][info][gc,heap        ] GC(1338) Old regions: 475->506
[4569.245s][info][gc,heap        ] GC(1338) Humongous regions: 80->80
[4569.245s][info][gc,metaspace   ] GC(1338) Metaspace: 28865K(29248K)->28865K(29248K) NonClass: 23998K(24192K)->23998K(24192K) Class: 4867K(5056K)->4867K(5056K)
[4569.245s][info][gc             ] GC(1338) Pause Young (Concurrent Start) (G1 Evacuation Pause) 3564M->1393M(4096M) 120.169ms
[4569.245s][info][gc             ] GC(1339) Concurrent Mark Cycle
[4569.245s][info][gc,marking     ] GC(1339) Concurrent Scan Root Regions
[4569.245s][info][gc,cpu         ] GC(1338) User=0.71s Sys=0.00s Real=0.12s
[4569.420s][info][gc,marking     ] GC(1339) Concurrent Scan Root Regions 174.888ms
[4569.420s][info][gc,marking     ] GC(1339) Concurrent Mark
[4569.420s][info][gc,marking     ] GC(1339) Concurrent Mark From Roots
[4569.420s][info][gc,task        ] GC(1339) Using 2 workers of 2 for marking
.[4570.531s][info][gc,marking     ] GC(1339) Concurrent Mark From Roots 1111.520ms
[4570.531s][info][gc,marking     ] GC(1339) Concurrent Preclean
[4570.531s][info][gc,marking     ] GC(1339) Concurrent Preclean 0.094ms
[4570.532s][info][gc,start       ] GC(1339) Pause Remark
[4570.535s][info][gc             ] GC(1339) Pause Remark 2585M->2585M(4096M) 3.056ms
[4570.535s][info][gc,cpu         ] GC(1339) User=0.02s Sys=0.00s Real=0.00s
[4570.536s][info][gc,marking     ] GC(1339) Concurrent Mark 1116.023ms
[4570.536s][info][gc,marking     ] GC(1339) Concurrent Rebuild Remembered Sets and Scrub Regions
[4570.805s][info][gc,marking     ] GC(1339) Concurrent Rebuild Remembered Sets and Scrub Regions 268.943ms
[4570.805s][info][gc,start       ] GC(1339) Pause Cleanup
[4570.805s][info][gc             ] GC(1339) Pause Cleanup 2847M->2847M(4096M) 0.128ms
[4570.805s][info][gc,cpu         ] GC(1339) User=0.00s Sys=0.00s Real=0.00s
[4570.806s][info][gc,marking     ] GC(1339) Concurrent Clear Claimed Marks
[4570.806s][info][gc,marking     ] GC(1339) Concurrent Clear Claimed Marks 0.034ms
[4570.806s][info][gc,marking     ] GC(1339) Concurrent Cleanup for Next Mark
[4570.821s][info][gc,marking     ] GC(1339) Concurrent Cleanup for Next Mark 15.553ms
[4570.821s][info][gc             ] GC(1339) Concurrent Mark Cycle 1576.873ms
.[4571.430s][info][gc,start       ] GC(1340) Pause Young (Prepare Mixed) (G1 Evacuation Pause)
[4571.430s][info][gc,task        ] GC(1340) Using 6 workers of 6 for evacuation
[4571.554s][info][gc,phases      ] GC(1340)   Pre Evacuate Collection Set: 0.33ms
[4571.554s][info][gc,phases      ] GC(1340)   Merge Heap Roots: 0.64ms
[4571.554s][info][gc,phases      ] GC(1340)   Evacuate Collection Set: 122.31ms
[4571.554s][info][gc,phases      ] GC(1340)   Post Evacuate Collection Set: 0.93ms
[4571.554s][info][gc,phases      ] GC(1340)   Other: 0.09ms
[4571.554s][info][gc,heap        ] GC(1340) Eden regions: 1117->0(1098)
[4571.554s][info][gc,heap        ] GC(1340) Survivor regions: 111->115(154)
[4571.554s][info][gc,heap        ] GC(1340) Old regions: 506->537
[4571.554s][info][gc,heap        ] GC(1340) Humongous regions: 80->80
[4571.554s][info][gc,metaspace   ] GC(1340) Metaspace: 28865K(29248K)->28865K(29248K) NonClass: 23998K(24192K)->23998K(24192K) Class: 4867K(5056K)->4867K(5056K)
[4571.554s][info][gc             ] GC(1340) Pause Young (Prepare Mixed) (G1 Evacuation Pause) 3627M->1461M(4096M) 124.418ms
[4571.554s][info][gc,cpu         ] GC(1340) User=0.74s Sys=0.00s Real=0.12s
.. (rIR:aIR:PR = 8164:8148:8147) (tPR = 121529) [OK] 
  4572s: Performance info:
         Transaction,    Success,    Partial,     Failed,   Receipts, AvgBarcode, 
             Overall,     495611,          0,          0,     470611,      59.47, 
         Response times:
             Request,    Success,    Partial,     Failed,   SkipFail,     Probes,    Samples,      min,      p50,      p90,      p95,      p99,      max, 
       TotalPurchase,     470664,          0,          0,          0,     348994,     391099,      300,     8000,   137000,   194000,   283000,   700000,
     InStorePurchase,     247066,          0,          0,          0,     182079,     204295,      300,     8100,   138000,   195000,   286000,   640000,
      OnlinePurchase,     173938,          0,          0,          0,     128749,     144730,      300,     8000,   139000,   195000,   275000,   700000,
        InstPurchase,      49660,          0,          0,          0,      38166,      42074,      400,     7800,   133000,   188000,   275000,   620000,
          AssocOfCat,        497,          0,          0,          0,        400,        529,    25000,    52000,   172000,   221000,   316300,   532000,
      AssocOfProduct,       4980,          0,          0,          0,       3394,       3927,     1000,     8400,   142000,   194000,   311440,   539000,
      BusinessReport,       1240,          0,          0,          0,       1042,       1253,    30000,    59000,   215200,   275300,   414220,   640000,
          CustBuyBeh,       4951,          0,          0,          0,       3451,       3983,      200,     7800,   141000,   198000,   274000,   434000,
       ProductReturn,      13335,          0,          0,          0,       9975,      11221,      200,     6800,   130000,   180000,   274000,   539000,

  4572s: (60%)   IR =   8302 [4573.629s][info][gc,start       ] GC(1341) Pause Young (Mixed) (G1 Evacuation Pause)
[4573.629s][info][gc,task        ] GC(1341) Using 6 workers of 6 for evacuation
[4573.760s][info][gc,phases      ] GC(1341)   Pre Evacuate Collection Set: 0.38ms
[4573.760s][info][gc,phases      ] GC(1341)   Merge Heap Roots: 0.70ms
[4573.760s][info][gc,phases      ] GC(1341)   Evacuate Collection Set: 128.65ms
[4573.760s][info][gc,phases      ] GC(1341)   Post Evacuate Collection Set: 1.02ms
[4573.760s][info][gc,phases      ] GC(1341)   Other: 0.09ms
[4573.760s][info][gc,heap        ] GC(1341) Eden regions: 1098->0(1123)
[4573.760s][info][gc,heap        ] GC(1341) Survivor regions: 115->105(152)
[4573.760s][info][gc,heap        ] GC(1341) Old regions: 537->475
[4573.760s][info][gc,heap        ] GC(1341) Humongous regions: 80->80
[4573.760s][info][gc,metaspace   ] GC(1341) Metaspace: 28865K(29248K)->28865K(29248K) NonClass: 23998K(24192K)->23998K(24192K) Class: 4867K(5056K)->4867K(5056K)
[4573.760s][info][gc             ] GC(1341) Pause Young (Mixed) (G1 Evacuation Pause) 3657M->1319M(4096M) 130.972ms
[4573.760s][info][gc,cpu         ] GC(1341) User=0.78s Sys=0.00s Real=0.13s
..[4575.883s][info][gc,start       ] GC(1342) Pause Young (Concurrent Start) (G1 Evacuation Pause)
[4575.883s][info][gc,task        ] GC(1342) Using 6 workers of 6 for evacuation
[4575.999s][info][gc,phases      ] GC(1342)   Pre Evacuate Collection Set: 0.40ms
[4575.999s][info][gc,phases      ] GC(1342)   Merge Heap Roots: 0.50ms
[4575.999s][info][gc,phases      ] GC(1342)   Evacuate Collection Set: 114.44ms
[4575.999s][info][gc,phases      ] GC(1342)   Post Evacuate Collection Set: 0.90ms
[4575.999s][info][gc,phases      ] GC(1342)   Other: 0.14ms
[4575.999s][info][gc,heap        ] GC(1342) Eden regions: 1123->0(1120)
[4575.999s][info][gc,heap        ] GC(1342) Survivor regions: 105->108(154)
[4575.999s][info][gc,heap        ] GC(1342) Old regions: 475->507
[4575.999s][info][gc,heap        ] GC(1342) Humongous regions: 80->80
[4575.999s][info][gc,metaspace   ] GC(1342) Metaspace: 28865K(29248K)->28865K(29248K) NonClass: 23998K(24192K)->23998K(24192K) Class: 4867K(5056K)->4867K(5056K)
[4575.999s][info][gc             ] GC(1342) Pause Young (Concurrent Start) (G1 Evacuation Pause) 3565M->1388M(4096M) 116.539ms
[4575.999s][info][gc             ] GC(1343) Concurrent Mark Cycle
[4575.999s][info][gc,marking     ] GC(1343) Concurrent Scan Root Regions
[4575.999s][info][gc,cpu         ] GC(1342) User=0.69s Sys=0.00s Real=0.12s
.[4576.140s][info][gc,marking     ] GC(1343) Concurrent Scan Root Regions 140.704ms
[4576.140s][info][gc,marking     ] GC(1343) Concurrent Mark
[4576.140s][info][gc,marking     ] GC(1343) Concurrent Mark From Roots
[4576.140s][info][gc,task        ] GC(1343) Using 2 workers of 2 for marking
[4576.857s][info][gc,marking     ] GC(1343) Concurrent Mark From Roots 716.586ms
[4576.857s][info][gc,marking     ] GC(1343) Concurrent Preclean
[4576.857s][info][gc,marking     ] GC(1343) Concurrent Preclean 0.143ms
[4576.859s][info][gc,start       ] GC(1343) Pause Remark
[4576.864s][info][gc             ] GC(1343) Pause Remark 2106M->2106M(4096M) 5.206ms
[4576.864s][info][gc,cpu         ] GC(1343) User=0.03s Sys=0.00s Real=0.00s
[4576.864s][info][gc,marking     ] GC(1343) Concurrent Mark 724.399ms
[4576.864s][info][gc,marking     ] GC(1343) Concurrent Rebuild Remembered Sets and Scrub Regions
.[4577.179s][info][gc,marking     ] GC(1343) Concurrent Rebuild Remembered Sets and Scrub Regions 314.296ms
[4577.179s][info][gc,start       ] GC(1343) Pause Cleanup
[4577.179s][info][gc             ] GC(1343) Pause Cleanup 2345M->2345M(4096M) 0.119ms
[4577.179s][info][gc,cpu         ] GC(1343) User=0.00s Sys=0.00s Real=0.00s
[4577.180s][info][gc,marking     ] GC(1343) Concurrent Clear Claimed Marks
[4577.180s][info][gc,marking     ] GC(1343) Concurrent Clear Claimed Marks 0.034ms
[4577.180s][info][gc,marking     ] GC(1343) Concurrent Cleanup for Next Mark
[4577.185s][info][gc,marking     ] GC(1343) Concurrent Cleanup for Next Mark 5.042ms
[4577.185s][info][gc             ] GC(1343) Concurrent Mark Cycle 1185.522ms
.[4578.207s][info][gc,start       ] GC(1344) Pause Young (Prepare Mixed) (G1 Evacuation Pause)
[4578.207s][info][gc,task        ] GC(1344) Using 6 workers of 6 for evacuation
[4578.324s][info][gc,phases      ] GC(1344)   Pre Evacuate Collection Set: 0.33ms
[4578.324s][info][gc,phases      ] GC(1344)   Merge Heap Roots: 0.48ms
[4578.324s][info][gc,phases      ] GC(1344)   Evacuate Collection Set: 115.84ms
[4578.324s][info][gc,phases      ] GC(1344)   Post Evacuate Collection Set: 0.94ms
[4578.324s][info][gc,phases      ] GC(1344)   Other: 0.09ms
[4578.324s][info][gc,heap        ] GC(1344) Eden regions: 1120->0(1104)
[4578.325s][info][gc,heap        ] GC(1344) Survivor regions: 108->111(154)
[4578.325s][info][gc,heap        ] GC(1344) Old regions: 507->539
[4578.325s][info][gc,heap        ] GC(1344) Humongous regions: 80->80
[4578.325s][info][gc,metaspace   ] GC(1344) Metaspace: 28865K(29248K)->28865K(29248K) NonClass: 23998K(24192K)->23998K(24192K) Class: 4867K(5056K)->4867K(5056K)
[4578.325s][info][gc             ] GC(1344) Pause Young (Prepare Mixed) (G1 Evacuation Pause) 3628M->1457M(4096M) 117.807ms
[4578.325s][info][gc,cpu         ] GC(1344) User=0.70s Sys=0.00s Real=0.12s
..|[4580.415s][info][gc,start       ] GC(1345) Pause Young (Mixed) (G1 Evacuation Pause)
[4580.415s][info][gc,task        ] GC(1345) Using 6 workers of 6 for evacuation
[4580.550s][info][gc,phases      ] GC(1345)   Pre Evacuate Collection Set: 0.37ms
[4580.550s][info][gc,phases      ] GC(1345)   Merge Heap Roots: 0.80ms
[4580.550s][info][gc,phases      ] GC(1345)   Evacuate Collection Set: 133.36ms
[4580.550s][info][gc,phases      ] GC(1345)   Post Evacuate Collection Set: 0.92ms
[4580.550s][info][gc,phases      ] GC(1345)   Other: 0.09ms
[4580.550s][info][gc,heap        ] GC(1345) Eden regions: 1104->0(1118)
[4580.550s][info][gc,heap        ] GC(1345) Survivor regions: 111->110(152)
[4580.550s][info][gc,heap        ] GC(1345) Old regions: 539->475
[4580.550s][info][gc,heap        ] GC(1345) Humongous regions: 80->80
[4580.550s][info][gc,metaspace   ] GC(1345) Metaspace: 28865K(29248K)->28865K(29248K) NonClass: 23998K(24192K)->23998K(24192K) Class: 4867K(5056K)->4867K(5056K)
[4580.550s][info][gc             ] GC(1345) Pause Young (Mixed) (G1 Evacuation Pause) 3665M->1329M(4096M) 135.661ms
[4580.551s][info][gc,cpu         ] GC(1345) User=0.81s Sys=0.00s Real=0.14s
..[4582.646s][info][gc,start       ] GC(1346) Pause Young (Concurrent Start) (G1 Evacuation Pause)
[4582.647s][info][gc,task        ] GC(1346) Using 6 workers of 6 for evacuation
[4582.763s][info][gc,phases      ] GC(1346)   Pre Evacuate Collection Set: 0.37ms
[4582.763s][info][gc,phases      ] GC(1346)   Merge Heap Roots: 0.47ms
[4582.763s][info][gc,phases      ] GC(1346)   Evacuate Collection Set: 114.24ms
[4582.763s][info][gc,phases      ] GC(1346)   Post Evacuate Collection Set: 0.90ms
[4582.763s][info][gc,phases      ] GC(1346)   Other: 0.11ms
[4582.763s][info][gc,heap        ] GC(1346) Eden regions: 1118->0(1119)
[4582.763s][info][gc,heap        ] GC(1346) Survivor regions: 110->109(154)
[4582.763s][info][gc,heap        ] GC(1346) Old regions: 475->507
[4582.763s][info][gc,heap        ] GC(1346) Humongous regions: 80->80
[4582.763s][info][gc,metaspace   ] GC(1346) Metaspace: 28865K(29248K)->28865K(29248K) NonClass: 23998K(24192K)->23998K(24192K) Class: 4867K(5056K)->4867K(5056K)
[4582.763s][info][gc             ] GC(1346) Pause Young (Concurrent Start) (G1 Evacuation Pause) 3565M->1389M(4096M) 116.211ms
[4582.763s][info][gc             ] GC(1347) Concurrent Mark Cycle
[4582.763s][info][gc,marking     ] GC(1347) Concurrent Scan Root Regions
[4582.763s][info][gc,cpu         ] GC(1346) User=0.68s Sys=0.00s Real=0.12s
[4582.929s][info][gc,marking     ] GC(1347) Concurrent Scan Root Regions 166.663ms
[4582.929s][info][gc,marking     ] GC(1347) Concurrent Mark
[4582.929s][info][gc,marking     ] GC(1347) Concurrent Mark From Roots
[4582.929s][info][gc,task        ] GC(1347) Using 2 workers of 2 for marking
.[4583.910s][info][gc,marking     ] GC(1347) Concurrent Mark From Roots 980.075ms
[4583.910s][info][gc,marking     ] GC(1347) Concurrent Preclean
[4583.910s][info][gc,marking     ] GC(1347) Concurrent Preclean 0.153ms
[4583.910s][info][gc,start       ] GC(1347) Pause Remark
[4583.915s][info][gc             ] GC(1347) Pause Remark 2499M->2499M(4096M) 5.158ms
[4583.915s][info][gc,cpu         ] GC(1347) User=0.03s Sys=0.00s Real=0.00s
[4583.919s][info][gc,marking     ] GC(1347) Concurrent Mark 989.561ms
[4583.919s][info][gc,marking     ] GC(1347) Concurrent Rebuild Remembered Sets and Scrub Regions
.[4584.341s][info][gc,marking     ] GC(1347) Concurrent Rebuild Remembered Sets and Scrub Regions 422.315ms
[4584.343s][info][gc,start       ] GC(1347) Pause Cleanup
[4584.343s][info][gc             ] GC(1347) Pause Cleanup 2949M->2949M(4096M) 0.129ms
[4584.343s][info][gc,cpu         ] GC(1347) User=0.00s Sys=0.00s Real=0.00s
[4584.343s][info][gc,marking     ] GC(1347) Concurrent Clear Claimed Marks
[4584.343s][info][gc,marking     ] GC(1347) Concurrent Clear Claimed Marks 0.033ms
[4584.343s][info][gc,marking     ] GC(1347) Concurrent Cleanup for Next Mark
[4584.348s][info][gc,marking     ] GC(1347) Concurrent Cleanup for Next Mark 5.250ms
[4584.348s][info][gc             ] GC(1347) Concurrent Mark Cycle 1585.768ms
[4584.884s][info][gc,start       ] GC(1348) Pause Young (Prepare Mixed) (G1 Evacuation Pause)
[4584.884s][info][gc,task        ] GC(1348) Using 6 workers of 6 for evacuation
[4585.005s][info][gc,phases      ] GC(1348)   Pre Evacuate Collection Set: 0.33ms
[4585.005s][info][gc,phases      ] GC(1348)   Merge Heap Roots: 0.53ms
[4585.005s][info][gc,phases      ] GC(1348)   Evacuate Collection Set: 119.60ms
[4585.005s][info][gc,phases      ] GC(1348)   Post Evacuate Collection Set: 0.95ms
[4585.005s][info][gc,phases      ] GC(1348)   Other: 0.09ms
[4585.005s][info][gc,heap        ] GC(1348) Eden regions: 1119->0(1102)
[4585.005s][info][gc,heap        ] GC(1348) Survivor regions: 109->112(154)
[4585.005s][info][gc,heap        ] GC(1348) Old regions: 507->539
[4585.005s][info][gc,heap        ] GC(1348) Humongous regions: 80->80
[4585.005s][info][gc,metaspace   ] GC(1348) Metaspace: 28865K(29248K)->28865K(29248K) NonClass: 23998K(24192K)->23998K(24192K) Class: 4867K(5056K)->4867K(5056K)
[4585.005s][info][gc             ] GC(1348) Pause Young (Prepare Mixed) (G1 Evacuation Pause) 3627M->1460M(4096M) 121.627ms
[4585.005s][info][gc,cpu         ] GC(1348) User=0.70s Sys=0.00s Real=0.12s
..[4587.117s][info][gc,start       ] GC(1349) Pause Young (Mixed) (G1 Evacuation Pause)
[4587.117s][info][gc,task        ] GC(1349) Using 6 workers of 6 for evacuation
[4587.251s][info][gc,phases      ] GC(1349)   Pre Evacuate Collection Set: 0.40ms
[4587.251s][info][gc,phases      ] GC(1349)   Merge Heap Roots: 0.63ms
[4587.251s][info][gc,phases      ] GC(1349)   Evacuate Collection Set: 131.17ms
[4587.251s][info][gc,phases      ] GC(1349)   Post Evacuate Collection Set: 0.95ms
[4587.251s][info][gc,phases      ] GC(1349)   Other: 0.09ms
[4587.251s][info][gc,heap        ] GC(1349) Eden regions: 1102->0(1119)
[4587.251s][info][gc,heap        ] GC(1349) Survivor regions: 112->109(152)
[4587.251s][info][gc,heap        ] GC(1349) Old regions: 539->476
[4587.251s][info][gc,heap        ] GC(1349) Humongous regions: 80->80
[4587.251s][info][gc,metaspace   ] GC(1349) Metaspace: 28865K(29248K)->28865K(29248K) NonClass: 23998K(24192K)->23998K(24192K) Class: 4867K(5056K)->4867K(5056K)
[4587.251s][info][gc             ] GC(1349) Pause Young (Mixed) (G1 Evacuation Pause) 3664M->1328M(4096M) 133.369ms
[4587.251s][info][gc,cpu         ] GC(1349) User=0.79s Sys=0.00s Real=0.14s
...[4589.359s][info][gc,start       ] GC(1350) Pause Young (Concurrent Start) (G1 Evacuation Pause)
[4589.359s][info][gc,task        ] GC(1350) Using 6 workers of 6 for evacuation
[4589.481s][info][gc,phases      ] GC(1350)   Pre Evacuate Collection Set: 0.38ms
[4589.481s][info][gc,phases      ] GC(1350)   Merge Heap Roots: 0.47ms
[4589.481s][info][gc,phases      ] GC(1350)   Evacuate Collection Set: 119.76ms
[4589.481s][info][gc,phases      ] GC(1350)   Post Evacuate Collection Set: 0.89ms
[4589.481s][info][gc,phases      ] GC(1350)   Other: 0.13ms
[4589.481s][info][gc,heap        ] GC(1350) Eden regions: 1119->0(1113)
[4589.481s][info][gc,heap        ] GC(1350) Survivor regions: 109->115(154)
[4589.481s][info][gc,heap        ] GC(1350) Old regions: 476->507
[4589.481s][info][gc,heap        ] GC(1350) Humongous regions: 80->80
[4589.481s][info][gc,metaspace   ] GC(1350) Metaspace: 28865K(29248K)->28865K(29248K) NonClass: 23998K(24192K)->23998K(24192K) Class: 4867K(5056K)->4867K(5056K)
[4589.481s][info][gc             ] GC(1350) Pause Young (Concurrent Start) (G1 Evacuation Pause) 3566M->1402M(4096M) 121.770ms
[4589.481s][info][gc             ] GC(1351) Concurrent Mark Cycle
[4589.481s][info][gc,marking     ] GC(1351) Concurrent Scan Root Regions
[4589.481s][info][gc,cpu         ] GC(1350) User=0.71s Sys=0.00s Real=0.12s
[4589.670s][info][gc,marking     ] GC(1351) Concurrent Scan Root Regions 188.861ms
[4589.670s][info][gc,marking     ] GC(1351) Concurrent Mark
[4589.670s][info][gc,marking     ] GC(1351) Concurrent Mark From Roots
[4589.670s][info][gc,task        ] GC(1351) Using 2 workers of 2 for marking
.[4590.719s][info][gc,marking     ] GC(1351) Concurrent Mark From Roots 1049.017ms
[4590.719s][info][gc,marking     ] GC(1351) Concurrent Preclean
[4590.719s][info][gc,marking     ] GC(1351) Concurrent Preclean 0.137ms
[4590.720s][info][gc,start       ] GC(1351) Pause Remark
[4590.724s][info][gc             ] GC(1351) Pause Remark 2640M->2640M(4096M) 4.067ms
[4590.724s][info][gc,cpu         ] GC(1351) User=0.02s Sys=0.00s Real=0.00s
[4590.724s][info][gc,marking     ] GC(1351) Concurrent Mark 1054.302ms
[4590.724s][info][gc,marking     ] GC(1351) Concurrent Rebuild Remembered Sets and Scrub Regions
[4591.044s][info][gc,marking     ] GC(1351) Concurrent Rebuild Remembered Sets and Scrub Regions 319.482ms
[4591.044s][info][gc,start       ] GC(1351) Pause Cleanup
[4591.044s][info][gc             ] GC(1351) Pause Cleanup 2906M->2906M(4096M) 0.124ms
[4591.044s][info][gc,cpu         ] GC(1351) User=0.00s Sys=0.00s Real=0.00s
[4591.047s][info][gc,marking     ] GC(1351) Concurrent Clear Claimed Marks
[4591.047s][info][gc,marking     ] GC(1351) Concurrent Clear Claimed Marks 0.057ms
[4591.047s][info][gc,marking     ] GC(1351) Concurrent Cleanup for Next Mark
[4591.052s][info][gc,marking     ] GC(1351) Concurrent Cleanup for Next Mark 4.653ms
[4591.052s][info][gc             ] GC(1351) Concurrent Mark Cycle 1570.903ms
.[4591.720s][info][gc,start       ] GC(1352) Pause Young (Prepare Mixed) (G1 Evacuation Pause)
[4591.720s][info][gc,task        ] GC(1352) Using 6 workers of 6 for evacuation
[4591.839s][info][gc,phases      ] GC(1352)   Pre Evacuate Collection Set: 0.34ms
[4591.839s][info][gc,phases      ] GC(1352)   Merge Heap Roots: 0.62ms
[4591.839s][info][gc,phases      ] GC(1352)   Evacuate Collection Set: 116.51ms
[4591.839s][info][gc,phases      ] GC(1352)   Post Evacuate Collection Set: 0.97ms
[4591.839s][info][gc,phases      ] GC(1352)   Other: 0.10ms
[4591.839s][info][gc,heap        ] GC(1352) Eden regions: 1113->0(1108)
[4591.839s][info][gc,heap        ] GC(1352) Survivor regions: 115->109(154)
[4591.839s][info][gc,heap        ] GC(1352) Old regions: 507->539
[4591.839s][info][gc,heap        ] GC(1352) Humongous regions: 80->80
[4591.839s][info][gc,metaspace   ] GC(1352) Metaspace: 28865K(29248K)->28865K(29248K) NonClass: 23998K(24192K)->23998K(24192K) Class: 4867K(5056K)->4867K(5056K)
[4591.839s][info][gc             ] GC(1352) Pause Young (Prepare Mixed) (G1 Evacuation Pause) 3628M->1454M(4096M) 118.665ms
[4591.839s][info][gc,cpu         ] GC(1352) User=0.70s Sys=0.00s Real=0.12s
..[4593.843s][info][gc,start       ] GC(1353) Pause Young (Mixed) (G1 Evacuation Pause)
[4593.843s][info][gc,task        ] GC(1353) Using 6 workers of 6 for evacuation
[4593.983s][info][gc,phases      ] GC(1353)   Pre Evacuate Collection Set: 0.36ms
[4593.983s][info][gc,phases      ] GC(1353)   Merge Heap Roots: 0.77ms
[4593.983s][info][gc,phases      ] GC(1353)   Evacuate Collection Set: 137.27ms
[4593.983s][info][gc,phases      ] GC(1353)   Post Evacuate Collection Set: 0.96ms
[4593.983s][info][gc,phases      ] GC(1353)   Other: 0.09ms
[4593.983s][info][gc,heap        ] GC(1353) Eden regions: 1108->0(1116)
[4593.983s][info][gc,heap        ] GC(1353) Survivor regions: 109->112(153)
[4593.983s][info][gc,heap        ] GC(1353) Old regions: 539->474
[4593.983s][info][gc,heap        ] GC(1353) Humongous regions: 80->80
[4593.983s][info][gc,metaspace   ] GC(1353) Metaspace: 28865K(29248K)->28865K(29248K) NonClass: 23998K(24192K)->23998K(24192K) Class: 4867K(5056K)->4867K(5056K)
[4593.983s][info][gc             ] GC(1353) Pause Young (Mixed) (G1 Evacuation Pause) 3670M->1329M(4096M) 139.587ms
[4593.983s][info][gc,cpu         ] GC(1353) User=0.82s Sys=0.00s Real=0.14s
..[4596.227s][info][gc,start       ] GC(1354) Pause Young (Concurrent Start) (G1 Evacuation Pause)
[4596.227s][info][gc,task        ] GC(1354) Using 6 workers of 6 for evacuation
[4596.342s][info][gc,phases      ] GC(1354)   Pre Evacuate Collection Set: 0.38ms
[4596.342s][info][gc,phases      ] GC(1354)   Merge Heap Roots: 0.46ms
[4596.342s][info][gc,phases      ] GC(1354)   Evacuate Collection Set: 113.43ms
[4596.342s][info][gc,phases      ] GC(1354)   Post Evacuate Collection Set: 0.87ms
[4596.342s][info][gc,phases      ] GC(1354)   Other: 0.11ms
[4596.342s][info][gc,heap        ] GC(1354) Eden regions: 1116->0(1119)
[4596.342s][info][gc,heap        ] GC(1354) Survivor regions: 112->109(154)
[4596.342s][info][gc,heap        ] GC(1354) Old regions: 474->506
[4596.342s][info][gc,heap        ] GC(1354) Humongous regions: 80->80
[4596.342s][info][gc,metaspace   ] GC(1354) Metaspace: 28865K(29248K)->28865K(29248K) NonClass: 23998K(24192K)->23998K(24192K) Class: 4867K(5056K)->4867K(5056K)
[4596.342s][info][gc             ] GC(1354) Pause Young (Concurrent Start) (G1 Evacuation Pause) 3561M->1388M(4096M) 115.371ms
[4596.342s][info][gc             ] GC(1355) Concurrent Mark Cycle
[4596.342s][info][gc,marking     ] GC(1355) Concurrent Scan Root Regions
[4596.342s][info][gc,cpu         ] GC(1354) User=0.68s Sys=0.00s Real=0.12s
[4596.473s][info][gc,marking     ] GC(1355) Concurrent Scan Root Regions 131.062ms
[4596.473s][info][gc,marking     ] GC(1355) Concurrent Mark
[4596.473s][info][gc,marking     ] GC(1355) Concurrent Mark From Roots
[4596.473s][info][gc,task        ] GC(1355) Using 2 workers of 2 for marking
.[4597.181s][info][gc,marking     ] GC(1355) Concurrent Mark From Roots 707.490ms
[4597.181s][info][gc,marking     ] GC(1355) Concurrent Preclean
[4597.181s][info][gc,marking     ] GC(1355) Concurrent Preclean 0.138ms
[4597.183s][info][gc,start       ] GC(1355) Pause Remark
[4597.189s][info][gc             ] GC(1355) Pause Remark 2108M->2108M(4096M) 6.075ms
[4597.189s][info][gc,cpu         ] GC(1355) User=0.03s Sys=0.00s Real=0.01s
[4597.189s][info][gc,marking     ] GC(1355) Concurrent Mark 716.311ms
[4597.189s][info][gc,marking     ] GC(1355) Concurrent Rebuild Remembered Sets and Scrub Regions
[4597.609s][info][gc,marking     ] GC(1355) Concurrent Rebuild Remembered Sets and Scrub Regions 419.134ms
[4597.609s][info][gc,start       ] GC(1355) Pause Cleanup
[4597.609s][info][gc             ] GC(1355) Pause Cleanup 2603M->2603M(4096M) 0.130ms
[4597.609s][info][gc,cpu         ] GC(1355) User=0.00s Sys=0.00s Real=0.00s
[4597.609s][info][gc,marking     ] GC(1355) Concurrent Clear Claimed Marks
[4597.609s][info][gc,marking     ] GC(1355) Concurrent Clear Claimed Marks 0.033ms
[4597.609s][info][gc,marking     ] GC(1355) Concurrent Cleanup for Next Mark
[4597.614s][info][gc,marking     ] GC(1355) Concurrent Cleanup for Next Mark 4.630ms
[4597.614s][info][gc             ] GC(1355) Concurrent Mark Cycle 1271.769ms
.[4598.519s][info][gc,start       ] GC(1356) Pause Young (Prepare Mixed) (G1 Evacuation Pause)
[4598.519s][info][gc,task        ] GC(1356) Using 6 workers of 6 for evacuation
[4598.640s][info][gc,phases      ] GC(1356)   Pre Evacuate Collection Set: 0.35ms
[4598.640s][info][gc,phases      ] GC(1356)   Merge Heap Roots: 0.48ms
[4598.640s][info][gc,phases      ] GC(1356)   Evacuate Collection Set: 119.49ms
[4598.640s][info][gc,phases      ] GC(1356)   Post Evacuate Collection Set: 0.93ms
[4598.640s][info][gc,phases      ] GC(1356)   Other: 0.09ms
[4598.640s][info][gc,heap        ] GC(1356) Eden regions: 1119->0(1098)
[4598.640s][info][gc,heap        ] GC(1356) Survivor regions: 109->115(154)
[4598.640s][info][gc,heap        ] GC(1356) Old regions: 506->537
[4598.640s][info][gc,heap        ] GC(1356) Humongous regions: 80->80
[4598.640s][info][gc,metaspace   ] GC(1356) Metaspace: 28865K(29248K)->28865K(29248K) NonClass: 23998K(24192K)->23998K(24192K) Class: 4867K(5056K)->4867K(5056K)
[4598.640s][info][gc             ] GC(1356) Pause Young (Prepare Mixed) (G1 Evacuation Pause) 3626M->1462M(4096M) 121.489ms
[4598.640s][info][gc,cpu         ] GC(1356) User=0.72s Sys=0.01s Real=0.12s
...[4600.727s][info][gc,start       ] GC(1357) Pause Young (Mixed) (G1 Evacuation Pause)
[4600.727s][info][gc,task        ] GC(1357) Using 6 workers of 6 for evacuation
[4600.863s][info][gc,phases      ] GC(1357)   Pre Evacuate Collection Set: 0.39ms
[4600.863s][info][gc,phases      ] GC(1357)   Merge Heap Roots: 0.73ms
[4600.863s][info][gc,phases      ] GC(1357)   Evacuate Collection Set: 133.55ms
[4600.863s][info][gc,phases      ] GC(1357)   Post Evacuate Collection Set: 0.96ms
[4600.863s][info][gc,phases      ] GC(1357)   Other: 0.10ms
[4600.863s][info][gc,heap        ] GC(1357) Eden regions: 1098->0(1119)
[4600.863s][info][gc,heap        ] GC(1357) Survivor regions: 115->109(152)
[4600.863s][info][gc,heap        ] GC(1357) Old regions: 537->476
[4600.863s][info][gc,heap        ] GC(1357) Humongous regions: 80->80
[4600.863s][info][gc,metaspace   ] GC(1357) Metaspace: 28867K(29248K)->28867K(29248K) NonClass: 24000K(24192K)->24000K(24192K) Class: 4867K(5056K)->4867K(5056K)
[4600.863s][info][gc             ] GC(1357) Pause Young (Mixed) (G1 Evacuation Pause) 3658M->1328M(4096M) 135.847ms
[4600.863s][info][gc,cpu         ] GC(1357) User=0.80s Sys=0.01s Real=0.14s
..[4602.941s][info][gc,start       ] GC(1358) Pause Young (Concurrent Start) (G1 Evacuation Pause)
[4602.941s][info][gc,task        ] GC(1358) Using 6 workers of 6 for evacuation
[4603.063s][info][gc,phases      ] GC(1358)   Pre Evacuate Collection Set: 0.38ms
[4603.063s][info][gc,phases      ] GC(1358)   Merge Heap Roots: 0.44ms
[4603.063s][info][gc,phases      ] GC(1358)   Evacuate Collection Set: 119.93ms
[4603.063s][info][gc,phases      ] GC(1358)   Post Evacuate Collection Set: 0.91ms
[4603.063s][info][gc,phases      ] GC(1358)   Other: 0.12ms
[4603.063s][info][gc,heap        ] GC(1358) Eden regions: 1119->0(1115)
[4603.063s][info][gc,heap        ] GC(1358) Survivor regions: 109->113(154)
[4603.063s][info][gc,heap        ] GC(1358) Old regions: 476->507
[4603.063s][info][gc,heap        ] GC(1358) Humongous regions: 80->80
[4603.063s][info][gc,metaspace   ] GC(1358) Metaspace: 28867K(29248K)->28867K(29248K) NonClass: 24000K(24192K)->24000K(24192K) Class: 4867K(5056K)->4867K(5056K)
[4603.063s][info][gc             ] GC(1358) Pause Young (Concurrent Start) (G1 Evacuation Pause) 3566M->1398M(4096M) 121.917ms
[4603.063s][info][gc             ] GC(1359) Concurrent Mark Cycle
[4603.063s][info][gc,marking     ] GC(1359) Concurrent Scan Root Regions
[4603.063s][info][gc,cpu         ] GC(1358) User=0.72s Sys=0.00s Real=0.12s
[4603.245s][info][gc,marking     ] GC(1359) Concurrent Scan Root Regions 182.114ms
[4603.245s][info][gc,marking     ] GC(1359) Concurrent Mark
[4603.245s][info][gc,marking     ] GC(1359) Concurrent Mark From Roots
[4603.245s][info][gc,task        ] GC(1359) Using 2 workers of 2 for marking
.[4604.261s][info][gc,marking     ] GC(1359) Concurrent Mark From Roots 1015.630ms
[4604.261s][info][gc,marking     ] GC(1359) Concurrent Preclean
[4604.261s][info][gc,marking     ] GC(1359) Concurrent Preclean 0.130ms
[4604.262s][info][gc,start       ] GC(1359) Pause Remark
[4604.267s][info][gc             ] GC(1359) Pause Remark 2518M->2518M(4096M) 5.430ms
[4604.267s][info][gc,cpu         ] GC(1359) User=0.03s Sys=0.00s Real=0.00s
[4604.267s][info][gc,marking     ] GC(1359) Concurrent Mark 1022.001ms
[4604.267s][info][gc,marking     ] GC(1359) Concurrent Rebuild Remembered Sets and Scrub Regions
[4604.662s][info][gc,marking     ] GC(1359) Concurrent Rebuild Remembered Sets and Scrub Regions 394.462ms
[4604.662s][info][gc,start       ] GC(1359) Pause Cleanup
[4604.662s][info][gc             ] GC(1359) Pause Cleanup 2961M->2961M(4096M) 0.124ms
[4604.662s][info][gc,cpu         ] GC(1359) User=0.00s Sys=0.00s Real=0.00s
[4604.662s][info][gc,marking     ] GC(1359) Concurrent Clear Claimed Marks
[4604.662s][info][gc,marking     ] GC(1359) Concurrent Clear Claimed Marks 0.028ms
[4604.662s][info][gc,marking     ] GC(1359) Concurrent Cleanup for Next Mark
[4604.668s][info][gc,marking     ] GC(1359) Concurrent Cleanup for Next Mark 5.723ms
[4604.668s][info][gc             ] GC(1359) Concurrent Mark Cycle 1604.928ms
.[4605.285s][info][gc,start       ] GC(1360) Pause Young (Prepare Mixed) (G1 Evacuation Pause)
[4605.285s][info][gc,task        ] GC(1360) Using 6 workers of 6 for evacuation
[4605.409s][info][gc,phases      ] GC(1360)   Pre Evacuate Collection Set: 0.33ms
[4605.409s][info][gc,phases      ] GC(1360)   Merge Heap Roots: 0.54ms
[4605.409s][info][gc,phases      ] GC(1360)   Evacuate Collection Set: 122.62ms
[4605.409s][info][gc,phases      ] GC(1360)   Post Evacuate Collection Set: 0.98ms
[4605.409s][info][gc,phases      ] GC(1360)   Other: 0.09ms
[4605.409s][info][gc,heap        ] GC(1360) Eden regions: 1115->0(1098)
[4605.409s][info][gc,heap        ] GC(1360) Survivor regions: 113->114(154)
[4605.409s][info][gc,heap        ] GC(1360) Old regions: 507->539
[4605.409s][info][gc,heap        ] GC(1360) Humongous regions: 80->80
[4605.409s][info][gc,metaspace   ] GC(1360) Metaspace: 28867K(29248K)->28867K(29248K) NonClass: 24000K(24192K)->24000K(24192K) Class: 4867K(5056K)->4867K(5056K)
[4605.409s][info][gc             ] GC(1360) Pause Young (Prepare Mixed) (G1 Evacuation Pause) 3628M->1464M(4096M) 124.684ms
[4605.410s][info][gc,cpu         ] GC(1360) User=0.74s Sys=0.00s Real=0.13s
..[4607.570s][info][gc,start       ] GC(1361) Pause Young (Mixed) (G1 Evacuation Pause)
[4607.570s][info][gc,task        ] GC(1361) Using 6 workers of 6 for evacuation
[4607.708s][info][gc,phases      ] GC(1361)   Pre Evacuate Collection Set: 0.41ms
[4607.708s][info][gc,phases      ] GC(1361)   Merge Heap Roots: 0.69ms
[4607.708s][info][gc,phases      ] GC(1361)   Evacuate Collection Set: 135.91ms
[4607.708s][info][gc,phases      ] GC(1361)   Post Evacuate Collection Set: 0.95ms
[4607.708s][info][gc,phases      ] GC(1361)   Other: 0.09ms
[4607.708s][info][gc,heap        ] GC(1361) Eden regions: 1098->0(1116)
[4607.708s][info][gc,heap        ] GC(1361) Survivor regions: 114->112(152)
[4607.708s][info][gc,heap        ] GC(1361) Old regions: 539->475
[4607.708s][info][gc,heap        ] GC(1361) Humongous regions: 80->80
[4607.708s][info][gc,metaspace   ] GC(1361) Metaspace: 28867K(29248K)->28867K(29248K) NonClass: 24000K(24192K)->24000K(24192K) Class: 4867K(5056K)->4867K(5056K)
[4607.708s][info][gc             ] GC(1361) Pause Young (Mixed) (G1 Evacuation Pause) 3660M->1331M(4096M) 138.194ms
[4607.708s][info][gc,cpu         ] GC(1361) User=0.82s Sys=0.00s Real=0.13s
...[4609.803s][info][gc,start       ] GC(1362) Pause Young (Concurrent Start) (G1 Evacuation Pause)
[4609.803s][info][gc,task        ] GC(1362) Using 6 workers of 6 for evacuation
[4609.918s][info][gc,phases      ] GC(1362)   Pre Evacuate Collection Set: 0.37ms
[4609.918s][info][gc,phases      ] GC(1362)   Merge Heap Roots: 0.44ms
[4609.918s][info][gc,phases      ] GC(1362)   Evacuate Collection Set: 113.10ms
[4609.918s][info][gc,phases      ] GC(1362)   Post Evacuate Collection Set: 0.88ms
[4609.918s][info][gc,phases      ] GC(1362)   Other: 0.10ms
[4609.918s][info][gc,heap        ] GC(1362) Eden regions: 1116->0(1120)
[4609.918s][info][gc,heap        ] GC(1362) Survivor regions: 112->108(154)
[4609.918s][info][gc,heap        ] GC(1362) Old regions: 475->506
[4609.918s][info][gc,heap        ] GC(1362) Humongous regions: 80->80
[4609.918s][info][gc,metaspace   ] GC(1362) Metaspace: 28867K(29248K)->28867K(29248K) NonClass: 24000K(24192K)->24000K(24192K) Class: 4867K(5056K)->4867K(5056K)
[4609.918s][info][gc             ] GC(1362) Pause Young (Concurrent Start) (G1 Evacuation Pause) 3563M->1386M(4096M) 115.019ms
[4609.918s][info][gc             ] GC(1363) Concurrent Mark Cycle
[4609.918s][info][gc,marking     ] GC(1363) Concurrent Scan Root Regions
[4609.918s][info][gc,cpu         ] GC(1362) User=0.68s Sys=0.00s Real=0.12s
[4610.084s][info][gc,marking     ] GC(1363) Concurrent Scan Root Regions 165.952ms
[4610.084s][info][gc,marking     ] GC(1363) Concurrent Mark
[4610.084s][info][gc,marking     ] GC(1363) Concurrent Mark From Roots
[4610.084s][info][gc,task        ] GC(1363) Using 2 workers of 2 for marking
.[4610.794s][info][gc,marking     ] GC(1363) Concurrent Mark From Roots 710.199ms
[4610.794s][info][gc,marking     ] GC(1363) Concurrent Preclean
[4610.794s][info][gc,marking     ] GC(1363) Concurrent Preclean 0.115ms
[4610.797s][info][gc,start       ] GC(1363) Pause Remark
[4610.803s][info][gc             ] GC(1363) Pause Remark 2190M->2190M(4096M) 6.199ms
[4610.803s][info][gc,cpu         ] GC(1363) User=0.03s Sys=0.00s Real=0.01s
[4610.803s][info][gc,marking     ] GC(1363) Concurrent Mark 719.096ms
[4610.803s][info][gc,marking     ] GC(1363) Concurrent Rebuild Remembered Sets and Scrub Regions
[4611.197s][info][gc,marking     ] GC(1363) Concurrent Rebuild Remembered Sets and Scrub Regions 394.268ms
[4611.198s][info][gc,start       ] GC(1363) Pause Cleanup
[4611.198s][info][gc             ] GC(1363) Pause Cleanup 2534M->2534M(4096M) 0.114ms
[4611.198s][info][gc,cpu         ] GC(1363) User=0.00s Sys=0.00s Real=0.00s
[4611.198s][info][gc,marking     ] GC(1363) Concurrent Clear Claimed Marks
[4611.198s][info][gc,marking     ] GC(1363) Concurrent Clear Claimed Marks 0.032ms
[4611.198s][info][gc,marking     ] GC(1363) Concurrent Cleanup for Next Mark
[4611.205s][info][gc,marking     ] GC(1363) Concurrent Cleanup for Next Mark 7.186ms
[4611.205s][info][gc             ] GC(1363) Concurrent Mark Cycle 1287.408ms
.[4612.161s][info][gc,start       ] GC(1364) Pause Young (Prepare Mixed) (G1 Evacuation Pause)
[4612.162s][info][gc,task        ] GC(1364) Using 6 workers of 6 for evacuation
[4612.281s][info][gc,phases      ] GC(1364)   Pre Evacuate Collection Set: 0.34ms
[4612.281s][info][gc,phases      ] GC(1364)   Merge Heap Roots: 0.50ms
[4612.281s][info][gc,phases      ] GC(1364)   Evacuate Collection Set: 117.64ms
[4612.281s][info][gc,phases      ] GC(1364)   Post Evacuate Collection Set: 0.91ms
[4612.281s][info][gc,phases      ] GC(1364)   Other: 0.09ms
[4612.281s][info][gc,heap        ] GC(1364) Eden regions: 1120->0(1106)
[4612.281s][info][gc,heap        ] GC(1364) Survivor regions: 108->111(154)
[4612.281s][info][gc,heap        ] GC(1364) Old regions: 506->537
[4612.281s][info][gc,heap        ] GC(1364) Humongous regions: 80->80
[4612.281s][info][gc,metaspace   ] GC(1364) Metaspace: 28867K(29248K)->28867K(29248K) NonClass: 24000K(24192K)->24000K(24192K) Class: 4867K(5056K)->4867K(5056K)
[4612.281s][info][gc             ] GC(1364) Pause Young (Prepare Mixed) (G1 Evacuation Pause) 3626M->1455M(4096M) 119.632ms
[4612.281s][info][gc,cpu         ] GC(1364) User=0.71s Sys=0.00s Real=0.12s
..[4614.386s][info][gc,start       ] GC(1365) Pause Young (Mixed) (G1 Evacuation Pause)
[4614.386s][info][gc,task        ] GC(1365) Using 6 workers of 6 for evacuation
[4614.518s][info][gc,phases      ] GC(1365)   Pre Evacuate Collection Set: 0.40ms
[4614.518s][info][gc,phases      ] GC(1365)   Merge Heap Roots: 0.59ms
[4614.518s][info][gc,phases      ] GC(1365)   Evacuate Collection Set: 129.94ms
[4614.518s][info][gc,phases      ] GC(1365)   Post Evacuate Collection Set: 0.95ms
[4614.518s][info][gc,phases      ] GC(1365)   Other: 0.09ms
[4614.518s][info][gc,heap        ] GC(1365) Eden regions: 1106->0(1117)
[4614.518s][info][gc,heap        ] GC(1365) Survivor regions: 111->111(153)
[4614.518s][info][gc,heap        ] GC(1365) Old regions: 537->473
[4614.518s][info][gc,heap        ] GC(1365) Humongous regions: 80->80
[4614.518s][info][gc,metaspace   ] GC(1365) Metaspace: 28867K(29248K)->28867K(29248K) NonClass: 24000K(24192K)->24000K(24192K) Class: 4867K(5056K)->4867K(5056K)
[4614.518s][info][gc             ] GC(1365) Pause Young (Mixed) (G1 Evacuation Pause) 3667M->1326M(4096M) 132.088ms
[4614.518s][info][gc,cpu         ] GC(1365) User=0.78s Sys=0.00s Real=0.14s
..[4616.622s][info][gc,start       ] GC(1366) Pause Young (Concurrent Start) (G1 Evacuation Pause)
[4616.622s][info][gc,task        ] GC(1366) Using 6 workers of 6 for evacuation
[4616.744s][info][gc,phases      ] GC(1366)   Pre Evacuate Collection Set: 0.39ms
[4616.744s][info][gc,phases      ] GC(1366)   Merge Heap Roots: 0.54ms
[4616.744s][info][gc,phases      ] GC(1366)   Evacuate Collection Set: 119.73ms
[4616.744s][info][gc,phases      ] GC(1366)   Post Evacuate Collection Set: 0.89ms
[4616.744s][info][gc,phases      ] GC(1366)   Other: 0.13ms
[4616.744s][info][gc,heap        ] GC(1366) Eden regions: 1117->0(1118)
[4616.744s][info][gc,heap        ] GC(1366) Survivor regions: 111->110(154)
[4616.744s][info][gc,heap        ] GC(1366) Old regions: 473->506
[4616.744s][info][gc,heap        ] GC(1366) Humongous regions: 80->80
[4616.744s][info][gc,metaspace   ] GC(1366) Metaspace: 28867K(29248K)->28867K(29248K) NonClass: 24000K(24192K)->24000K(24192K) Class: 4867K(5056K)->4867K(5056K)
[4616.744s][info][gc             ] GC(1366) Pause Young (Concurrent Start) (G1 Evacuation Pause) 3560M->1390M(4096M) 121.813ms
[4616.744s][info][gc             ] GC(1367) Concurrent Mark Cycle
[4616.744s][info][gc,marking     ] GC(1367) Concurrent Scan Root Regions
[4616.744s][info][gc,cpu         ] GC(1366) User=0.72s Sys=0.01s Real=0.12s
.[4616.918s][info][gc,marking     ] GC(1367) Concurrent Scan Root Regions 173.847ms
[4616.918s][info][gc,marking     ] GC(1367) Concurrent Mark
[4616.918s][info][gc,marking     ] GC(1367) Concurrent Mark From Roots
[4616.918s][info][gc,task        ] GC(1367) Using 2 workers of 2 for marking
[4617.899s][info][gc,marking     ] GC(1367) Concurrent Mark From Roots 981.011ms
[4617.899s][info][gc,marking     ] GC(1367) Concurrent Preclean
[4617.899s][info][gc,marking     ] GC(1367) Concurrent Preclean 0.136ms
[4617.900s][info][gc,start       ] GC(1367) Pause Remark
[4617.907s][info][gc             ] GC(1367) Pause Remark 2502M->2502M(4096M) 6.656ms
[4617.907s][info][gc,cpu         ] GC(1367) User=0.04s Sys=0.00s Real=0.00s
[4617.910s][info][gc,marking     ] GC(1367) Concurrent Mark 991.909ms
[4617.910s][info][gc,marking     ] GC(1367) Concurrent Rebuild Remembered Sets and Scrub Regions
.[4618.228s][info][gc,marking     ] GC(1367) Concurrent Rebuild Remembered Sets and Scrub Regions 317.840ms
[4618.228s][info][gc,start       ] GC(1367) Pause Cleanup
[4618.228s][info][gc             ] GC(1367) Pause Cleanup 2782M->2782M(4096M) 0.115ms
[4618.228s][info][gc,cpu         ] GC(1367) User=0.00s Sys=0.00s Real=0.01s
[4618.228s][info][gc,marking     ] GC(1367) Concurrent Clear Claimed Marks
[4618.228s][info][gc,marking     ] GC(1367) Concurrent Clear Claimed Marks 0.025ms
[4618.228s][info][gc,marking     ] GC(1367) Concurrent Cleanup for Next Mark
[4618.233s][info][gc,marking     ] GC(1367) Concurrent Cleanup for Next Mark 4.605ms
[4618.233s][info][gc             ] GC(1367) Concurrent Mark Cycle 1488.772ms
[4618.997s][info][gc,start       ] GC(1368) Pause Young (Prepare Mixed) (G1 Evacuation Pause)
[4618.997s][info][gc,task        ] GC(1368) Using 6 workers of 6 for evacuation
[4619.121s][info][gc,phases      ] GC(1368)   Pre Evacuate Collection Set: 0.34ms
[4619.121s][info][gc,phases      ] GC(1368)   Merge Heap Roots: 0.53ms
[4619.121s][info][gc,phases      ] GC(1368)   Evacuate Collection Set: 122.20ms
[4619.121s][info][gc,phases      ] GC(1368)   Post Evacuate Collection Set: 0.92ms
[4619.121s][info][gc,phases      ] GC(1368)   Other: 0.09ms
[4619.121s][info][gc,heap        ] GC(1368) Eden regions: 1118->0(1102)
[4619.121s][info][gc,heap        ] GC(1368) Survivor regions: 110->113(154)
[4619.121s][info][gc,heap        ] GC(1368) Old regions: 506->537
[4619.121s][info][gc,heap        ] GC(1368) Humongous regions: 80->80
[4619.121s][info][gc,metaspace   ] GC(1368) Metaspace: 28867K(29248K)->28867K(29248K) NonClass: 24000K(24192K)->24000K(24192K) Class: 4867K(5056K)->4867K(5056K)
[4619.121s][info][gc             ] GC(1368) Pause Young (Prepare Mixed) (G1 Evacuation Pause) 3626M->1459M(4096M) 124.214ms
[4619.121s][info][gc,cpu         ] GC(1368) User=0.73s Sys=0.00s Real=0.13s
..[4621.088s][info][gc,start       ] GC(1369) Pause Young (Mixed) (G1 Evacuation Pause)
[4621.088s][info][gc,task        ] GC(1369) Using 6 workers of 6 for evacuation
[4621.223s][info][gc,phases      ] GC(1369)   Pre Evacuate Collection Set: 0.39ms
[4621.223s][info][gc,phases      ] GC(1369)   Merge Heap Roots: 0.77ms
[4621.223s][info][gc,phases      ] GC(1369)   Evacuate Collection Set: 132.96ms
[4621.223s][info][gc,phases      ] GC(1369)   Post Evacuate Collection Set: 0.94ms
[4621.223s][info][gc,phases      ] GC(1369)   Other: 0.10ms
[4621.223s][info][gc,heap        ] GC(1369) Eden regions: 1102->0(1120)
[4621.223s][info][gc,heap        ] GC(1369) Survivor regions: 113->108(152)
[4621.223s][info][gc,heap        ] GC(1369) Old regions: 537->475
[4621.223s][info][gc,heap        ] GC(1369) Humongous regions: 80->80
[4621.223s][info][gc,metaspace   ] GC(1369) Metaspace: 28867K(29248K)->28867K(29248K) NonClass: 24000K(24192K)->24000K(24192K) Class: 4867K(5056K)->4867K(5056K)
[4621.223s][info][gc             ] GC(1369) Pause Young (Mixed) (G1 Evacuation Pause) 3663M->1324M(4096M) 135.280ms
[4621.223s][info][gc,cpu         ] GC(1369) User=0.80s Sys=0.00s Real=0.14s
...[4623.377s][info][gc,start       ] GC(1370) Pause Young (Concurrent Start) (G1 Evacuation Pause)
[4623.377s][info][gc,task        ] GC(1370) Using 6 workers of 6 for evacuation
[4623.500s][info][gc,phases      ] GC(1370)   Pre Evacuate Collection Set: 0.38ms
[4623.500s][info][gc,phases      ] GC(1370)   Merge Heap Roots: 0.56ms
[4623.500s][info][gc,phases      ] GC(1370)   Evacuate Collection Set: 120.89ms
[4623.500s][info][gc,phases      ] GC(1370)   Post Evacuate Collection Set: 0.91ms
[4623.500s][info][gc,phases      ] GC(1370)   Other: 0.11ms
[4623.500s][info][gc,heap        ] GC(1370) Eden regions: 1120->0(1115)
[4623.500s][info][gc,heap        ] GC(1370) Survivor regions: 108->113(154)
[4623.500s][info][gc,heap        ] GC(1370) Old regions: 475->505
[4623.500s][info][gc,heap        ] GC(1370) Humongous regions: 80->80
[4623.500s][info][gc,metaspace   ] GC(1370) Metaspace: 28867K(29248K)->28867K(29248K) NonClass: 24000K(24192K)->24000K(24192K) Class: 4867K(5056K)->4867K(5056K)
[4623.500s][info][gc             ] GC(1370) Pause Young (Concurrent Start) (G1 Evacuation Pause) 3564M->1394M(4096M) 122.997ms
[4623.500s][info][gc             ] GC(1371) Concurrent Mark Cycle
[4623.501s][info][gc,marking     ] GC(1371) Concurrent Scan Root Regions
[4623.501s][info][gc,cpu         ] GC(1370) User=0.72s Sys=0.00s Real=0.13s
[4623.684s][info][gc,marking     ] GC(1371) Concurrent Scan Root Regions 183.485ms
[4623.685s][info][gc,marking     ] GC(1371) Concurrent Mark
[4623.685s][info][gc,marking     ] GC(1371) Concurrent Mark From Roots
[4623.685s][info][gc,task        ] GC(1371) Using 2 workers of 2 for marking
.[4624.467s][info][gc,marking     ] GC(1371) Concurrent Mark From Roots 781.725ms
[4624.467s][info][gc,marking     ] GC(1371) Concurrent Preclean
[4624.467s][info][gc,marking     ] GC(1371) Concurrent Preclean 0.135ms
[4624.470s][info][gc,start       ] GC(1371) Pause Remark
[4624.474s][info][gc             ] GC(1371) Pause Remark 2280M->2280M(4096M) 3.909ms
[4624.474s][info][gc,cpu         ] GC(1371) User=0.02s Sys=0.00s Real=0.00s
[4624.475s][info][gc,marking     ] GC(1371) Concurrent Mark 789.066ms
[4624.475s][info][gc,marking     ] GC(1371) Concurrent Rebuild Remembered Sets and Scrub Regions
[4624.752s][info][gc,marking     ] GC(1371) Concurrent Rebuild Remembered Sets and Scrub Regions 277.020ms
[4624.754s][info][gc,start       ] GC(1371) Pause Cleanup
[4624.754s][info][gc             ] GC(1371) Pause Cleanup 2554M->2554M(4096M) 0.132ms
[4624.754s][info][gc,cpu         ] GC(1371) User=0.00s Sys=0.00s Real=0.00s
[4624.754s][info][gc,marking     ] GC(1371) Concurrent Clear Claimed Marks
[4624.754s][info][gc,marking     ] GC(1371) Concurrent Clear Claimed Marks 0.031ms
[4624.754s][info][gc,marking     ] GC(1371) Concurrent Cleanup for Next Mark
[4624.760s][info][gc,marking     ] GC(1371) Concurrent Cleanup for Next Mark 5.793ms
[4624.760s][info][gc             ] GC(1371) Concurrent Mark Cycle 1259.759ms
.[4625.683s][info][gc,start       ] GC(1372) Pause Young (Prepare Mixed) (G1 Evacuation Pause)
[4625.683s][info][gc,task        ] GC(1372) Using 6 workers of 6 for evacuation
[4625.799s][info][gc,phases      ] GC(1372)   Pre Evacuate Collection Set: 0.33ms
[4625.799s][info][gc,phases      ] GC(1372)   Merge Heap Roots: 0.49ms
[4625.799s][info][gc,phases      ] GC(1372)   Evacuate Collection Set: 114.25ms
[4625.799s][info][gc,phases      ] GC(1372)   Post Evacuate Collection Set: 0.94ms
[4625.799s][info][gc,phases      ] GC(1372)   Other: 0.08ms
[4625.799s][info][gc,heap        ] GC(1372) Eden regions: 1115->0(1112)
[4625.799s][info][gc,heap        ] GC(1372) Survivor regions: 113->108(154)
[4625.799s][info][gc,heap        ] GC(1372) Old regions: 505->537
[4625.799s][info][gc,heap        ] GC(1372) Humongous regions: 80->80
[4625.799s][info][gc,metaspace   ] GC(1372) Metaspace: 28867K(29248K)->28867K(29248K) NonClass: 24000K(24192K)->24000K(24192K) Class: 4867K(5056K)->4867K(5056K)
[4625.799s][info][gc             ] GC(1372) Pause Young (Prepare Mixed) (G1 Evacuation Pause) 3624M->1447M(4096M) 116.221ms
[4625.799s][info][gc,cpu         ] GC(1372) User=0.68s Sys=0.00s Real=0.12s
..[4627.864s][info][gc,start       ] GC(1373) Pause Young (Mixed) (G1 Evacuation Pause)
[4627.864s][info][gc,task        ] GC(1373) Using 6 workers of 6 for evacuation
[4627.995s][info][gc,phases      ] GC(1373)   Pre Evacuate Collection Set: 0.37ms
[4627.995s][info][gc,phases      ] GC(1373)   Merge Heap Roots: 0.67ms
[4627.995s][info][gc,phases      ] GC(1373)   Evacuate Collection Set: 129.01ms
[4627.995s][info][gc,phases      ] GC(1373)   Post Evacuate Collection Set: 0.95ms
[4627.995s][info][gc,phases      ] GC(1373)   Other: 0.09ms
[4627.995s][info][gc,heap        ] GC(1373) Eden regions: 1112->0(1121)
[4627.995s][info][gc,heap        ] GC(1373) Survivor regions: 108->107(153)
[4627.995s][info][gc,heap        ] GC(1373) Old regions: 537->473
[4627.995s][info][gc,heap        ] GC(1373) Humongous regions: 80->80
[4627.995s][info][gc,metaspace   ] GC(1373) Metaspace: 28867K(29248K)->28867K(29248K) NonClass: 24000K(24192K)->24000K(24192K) Class: 4867K(5056K)->4867K(5056K)
[4627.995s][info][gc             ] GC(1373) Pause Young (Mixed) (G1 Evacuation Pause) 3671M->1319M(4096M) 131.253ms
[4627.996s][info][gc,cpu         ] GC(1373) User=0.77s Sys=0.00s Real=0.13s
..[4630.173s][info][gc,start       ] GC(1374) Pause Young (Concurrent Start) (G1 Evacuation Pause)
[4630.173s][info][gc,task        ] GC(1374) Using 6 workers of 6 for evacuation
[4630.290s][info][gc,phases      ] GC(1374)   Pre Evacuate Collection Set: 0.40ms
[4630.290s][info][gc,phases      ] GC(1374)   Merge Heap Roots: 0.43ms
[4630.290s][info][gc,phases      ] GC(1374)   Evacuate Collection Set: 114.66ms
[4630.290s][info][gc,phases      ] GC(1374)   Post Evacuate Collection Set: 0.90ms
[4630.290s][info][gc,phases      ] GC(1374)   Other: 0.13ms
[4630.290s][info][gc,heap        ] GC(1374) Eden regions: 1121->0(1118)
[4630.290s][info][gc,heap        ] GC(1374) Survivor regions: 107->110(154)
[4630.290s][info][gc,heap        ] GC(1374) Old regions: 473->505
[4630.290s][info][gc,heap        ] GC(1374) Humongous regions: 80->80
[4630.290s][info][gc,metaspace   ] GC(1374) Metaspace: 28867K(29248K)->28867K(29248K) NonClass: 24000K(24192K)->24000K(24192K) Class: 4867K(5056K)->4867K(5056K)
[4630.290s][info][gc             ] GC(1374) Pause Young (Concurrent Start) (G1 Evacuation Pause) 3561M->1387M(4096M) 116.653ms
[4630.290s][info][gc             ] GC(1375) Concurrent Mark Cycle
[4630.290s][info][gc,marking     ] GC(1375) Concurrent Scan Root Regions
[4630.290s][info][gc,cpu         ] GC(1374) User=0.68s Sys=0.00s Real=0.12s
.[4630.463s][info][gc,marking     ] GC(1375) Concurrent Scan Root Regions 172.603ms
[4630.463s][info][gc,marking     ] GC(1375) Concurrent Mark
[4630.463s][info][gc,marking     ] GC(1375) Concurrent Mark From Roots
[4630.463s][info][gc,task        ] GC(1375) Using 2 workers of 2 for marking
[4631.306s][info][gc,marking     ] GC(1375) Concurrent Mark From Roots 842.739ms
[4631.306s][info][gc,marking     ] GC(1375) Concurrent Preclean
[4631.306s][info][gc,marking     ] GC(1375) Concurrent Preclean 0.092ms
[4631.308s][info][gc,start       ] GC(1375) Pause Remark
[4631.313s][info][gc             ] GC(1375) Pause Remark 2373M->2373M(4096M) 5.110ms
[4631.313s][info][gc,cpu         ] GC(1375) User=0.03s Sys=0.00s Real=0.01s
[4631.313s][info][gc,marking     ] GC(1375) Concurrent Mark 850.538ms
[4631.313s][info][gc,marking     ] GC(1375) Concurrent Rebuild Remembered Sets and Scrub Regions
.[4631.620s][info][gc,marking     ] GC(1375) Concurrent Rebuild Remembered Sets and Scrub Regions 306.403ms
[4631.621s][info][gc,start       ] GC(1375) Pause Cleanup
[4631.621s][info][gc             ] GC(1375) Pause Cleanup 2699M->2699M(4096M) 0.118ms
[4631.621s][info][gc,cpu         ] GC(1375) User=0.00s Sys=0.00s Real=0.00s
[4631.621s][info][gc,marking     ] GC(1375) Concurrent Clear Claimed Marks
[4631.621s][info][gc,marking     ] GC(1375) Concurrent Clear Claimed Marks 0.025ms
[4631.621s][info][gc,marking     ] GC(1375) Concurrent Cleanup for Next Mark
[4631.627s][info][gc,marking     ] GC(1375) Concurrent Cleanup for Next Mark 6.539ms
[4631.628s][info][gc             ] GC(1375) Concurrent Mark Cycle 1337.431ms
[4632.475s][info][gc,start       ] GC(1376) Pause Young (Prepare Mixed) (G1 Evacuation Pause)
[4632.475s][info][gc,task        ] GC(1376) Using 6 workers of 6 for evacuation
[4632.598s][info][gc,phases      ] GC(1376)   Pre Evacuate Collection Set: 0.37ms
[4632.598s][info][gc,phases      ] GC(1376)   Merge Heap Roots: 0.57ms
[4632.598s][info][gc,phases      ] GC(1376)   Evacuate Collection Set: 120.04ms
[4632.598s][info][gc,phases      ] GC(1376)   Post Evacuate Collection Set: 0.93ms
[4632.598s][info][gc,phases      ] GC(1376)   Other: 0.82ms
[4632.598s][info][gc,heap        ] GC(1376) Eden regions: 1118->0(1102)
[4632.598s][info][gc,heap        ] GC(1376) Survivor regions: 110->113(154)
[4632.598s][info][gc,heap        ] GC(1376) Old regions: 505->537
[4632.598s][info][gc,heap        ] GC(1376) Humongous regions: 80->80
[4632.598s][info][gc,metaspace   ] GC(1376) Metaspace: 28867K(29248K)->28867K(29248K) NonClass: 24000K(24192K)->24000K(24192K) Class: 4867K(5056K)->4867K(5056K)
[4632.598s][info][gc             ] GC(1376) Pause Young (Prepare Mixed) (G1 Evacuation Pause) 3623M->1458M(4096M) 122.877ms
[4632.598s][info][gc,cpu         ] GC(1376) User=0.72s Sys=0.00s Real=0.13s
...[4634.770s][info][gc,start       ] GC(1377) Pause Young (Mixed) (G1 Evacuation Pause)
[4634.770s][info][gc,task        ] GC(1377) Using 6 workers of 6 for evacuation
[4634.908s][info][gc,phases      ] GC(1377)   Pre Evacuate Collection Set: 0.35ms
[4634.908s][info][gc,phases      ] GC(1377)   Merge Heap Roots: 0.62ms
[4634.908s][info][gc,phases      ] GC(1377)   Evacuate Collection Set: 136.11ms
[4634.908s][info][gc,phases      ] GC(1377)   Post Evacuate Collection Set: 0.97ms
[4634.908s][info][gc,phases      ] GC(1377)   Other: 0.09ms
[4634.908s][info][gc,heap        ] GC(1377) Eden regions: 1102->0(1115)
[4634.908s][info][gc,heap        ] GC(1377) Survivor regions: 113->113(152)
[4634.908s][info][gc,heap        ] GC(1377) Old regions: 537->474
[4634.908s][info][gc,heap        ] GC(1377) Humongous regions: 80->80
[4634.908s][info][gc,metaspace   ] GC(1377) Metaspace: 28867K(29248K)->28867K(29248K) NonClass: 24000K(24192K)->24000K(24192K) Class: 4867K(5056K)->4867K(5056K)
[4634.908s][info][gc             ] GC(1377) Pause Young (Mixed) (G1 Evacuation Pause) 3662M->1332M(4096M) 138.280ms
[4634.908s][info][gc,cpu         ] GC(1377) User=0.82s Sys=0.00s Real=0.14s
..[4637.008s][info][gc,start       ] GC(1378) Pause Young (Concurrent Start) (G1 Evacuation Pause)
[4637.008s][info][gc,task        ] GC(1378) Using 6 workers of 6 for evacuation
[4637.125s][info][gc,phases      ] GC(1378)   Pre Evacuate Collection Set: 0.35ms
[4637.125s][info][gc,phases      ] GC(1378)   Merge Heap Roots: 0.45ms
[4637.125s][info][gc,phases      ] GC(1378)   Evacuate Collection Set: 115.02ms
[4637.125s][info][gc,phases      ] GC(1378)   Post Evacuate Collection Set: 0.89ms
[4637.125s][info][gc,phases      ] GC(1378)   Other: 0.10ms
[4637.125s][info][gc,heap        ] GC(1378) Eden regions: 1115->0(1119)
[4637.125s][info][gc,heap        ] GC(1378) Survivor regions: 113->109(154)
[4637.125s][info][gc,heap        ] GC(1378) Old regions: 474->506
[4637.125s][info][gc,heap        ] GC(1378) Humongous regions: 80->80
[4637.125s][info][gc,metaspace   ] GC(1378) Metaspace: 28867K(29248K)->28867K(29248K) NonClass: 24000K(24192K)->24000K(24192K) Class: 4867K(5056K)->4867K(5056K)
[4637.125s][info][gc             ] GC(1378) Pause Young (Concurrent Start) (G1 Evacuation Pause) 3562M->1389M(4096M) 116.930ms
[4637.125s][info][gc             ] GC(1379) Concurrent Mark Cycle
[4637.125s][info][gc,marking     ] GC(1379) Concurrent Scan Root Regions
[4637.125s][info][gc,cpu         ] GC(1378) User=0.69s Sys=0.00s Real=0.12s
[4637.298s][info][gc,marking     ] GC(1379) Concurrent Scan Root Regions 172.705ms
[4637.298s][info][gc,marking     ] GC(1379) Concurrent Mark
[4637.298s][info][gc,marking     ] GC(1379) Concurrent Mark From Roots
[4637.298s][info][gc,task        ] GC(1379) Using 2 workers of 2 for marking
.[4638.089s][info][gc,marking     ] GC(1379) Concurrent Mark From Roots 791.741ms
[4638.089s][info][gc,marking     ] GC(1379) Concurrent Preclean
[4638.090s][info][gc,marking     ] GC(1379) Concurrent Preclean 0.131ms
[4638.092s][info][gc,start       ] GC(1379) Pause Remark
[4638.098s][info][gc             ] GC(1379) Pause Remark 2267M->2267M(4096M) 5.553ms
[4638.098s][info][gc,cpu         ] GC(1379) User=0.03s Sys=0.00s Real=0.00s
[4638.098s][info][gc,marking     ] GC(1379) Concurrent Mark 800.433ms
[4638.098s][info][gc,marking     ] GC(1379) Concurrent Rebuild Remembered Sets and Scrub Regions
[4638.383s][info][gc,marking     ] GC(1379) Concurrent Rebuild Remembered Sets and Scrub Regions 284.725ms
[4638.383s][info][gc,start       ] GC(1379) Pause Cleanup
[4638.383s][info][gc             ] GC(1379) Pause Cleanup 2516M->2516M(4096M) 0.130ms
[4638.383s][info][gc,cpu         ] GC(1379) User=0.00s Sys=0.00s Real=0.00s
[4638.383s][info][gc,marking     ] GC(1379) Concurrent Clear Claimed Marks
[4638.383s][info][gc,marking     ] GC(1379) Concurrent Clear Claimed Marks 0.057ms
[4638.383s][info][gc,marking     ] GC(1379) Concurrent Cleanup for Next Mark
[4638.388s][info][gc,marking     ] GC(1379) Concurrent Cleanup for Next Mark 5.062ms
[4638.388s][info][gc             ] GC(1379) Concurrent Mark Cycle 1263.591ms
.[4639.298s][info][gc,start       ] GC(1380) Pause Young (Prepare Mixed) (G1 Evacuation Pause)
[4639.298s][info][gc,task        ] GC(1380) Using 6 workers of 6 for evacuation
[4639.423s][info][gc,phases      ] GC(1380)   Pre Evacuate Collection Set: 0.32ms
[4639.423s][info][gc,phases      ] GC(1380)   Merge Heap Roots: 0.50ms
[4639.423s][info][gc,phases      ] GC(1380)   Evacuate Collection Set: 122.74ms
[4639.423s][info][gc,phases      ] GC(1380)   Post Evacuate Collection Set: 0.92ms
[4639.423s][info][gc,phases      ] GC(1380)   Other: 0.08ms
[4639.423s][info][gc,heap        ] GC(1380) Eden regions: 1119->0(1096)
[4639.423s][info][gc,heap        ] GC(1380) Survivor regions: 109->116(154)
[4639.423s][info][gc,heap        ] GC(1380) Old regions: 506->537
[4639.423s][info][gc,heap        ] GC(1380) Humongous regions: 80->80
[4639.423s][info][gc,metaspace   ] GC(1380) Metaspace: 28867K(29248K)->28867K(29248K) NonClass: 24000K(24192K)->24000K(24192K) Class: 4867K(5056K)->4867K(5056K)
[4639.423s][info][gc             ] GC(1380) Pause Young (Prepare Mixed) (G1 Evacuation Pause) 3627M->1465M(4096M) 124.699ms
[4639.423s][info][gc,cpu         ] GC(1380) User=0.73s Sys=0.01s Real=0.12s
.. (rIR:aIR:PR = 8302:8263:8263) (tPR = 122026) [OK] 
  4640s: Performance info:
         Transaction,    Success,    Partial,     Failed,   Receipts, AvgBarcode, 
             Overall,     500031,          0,          0,     474934,      59.48, 
         Response times:
             Request,    Success,    Partial,     Failed,   SkipFail,     Probes,    Samples,      min,      p50,      p90,      p95,      p99,      max, 
       TotalPurchase,     474934,          0,          0,          0,     351973,     407530,      300,     7900,   109000,   152000,   255000,   620000,
     InStorePurchase,     250151,          0,          0,          0,     185067,     214318,      300,     7800,   108000,   150000,   254000,   620000,
      OnlinePurchase,     174657,          0,          0,          0,     129316,     149875,      300,     7900,   109000,   154000,   255000,   539000,
        InstPurchase,      50126,          0,          0,          0,      37590,      43337,      300,     8400,   110000,   152000,   262000,   455000,
          AssocOfCat,        500,          0,          0,          0,        387,        514,    30000,    57000,   175000,   241500,   355850,   381000,
      AssocOfProduct,       5025,          0,          0,          0,       3492,       4165,      600,     7000,    99000,   138000,   248000,   455000,
      BusinessReport,       1258,          0,          0,          0,       1109,       1378,    31000,    57000,   186000,   227000,   357310,   467000,
          CustBuyBeh,       4994,          0,          0,          0,       3522,       4249,      500,     7900,   107000,   148000,   258000,   455000,
       ProductReturn,      13320,          0,          0,          0,       9101,      10716,      300,     8300,   110000,   148000,   256000,   420000,

  4640s: (61%)   IR =   8441 [4641.484s][info][gc,start       ] GC(1381) Pause Young (Mixed) (G1 Evacuation Pause)
[4641.484s][info][gc,task        ] GC(1381) Using 6 workers of 6 for evacuation
[4641.623s][info][gc,phases      ] GC(1381)   Pre Evacuate Collection Set: 0.37ms
[4641.623s][info][gc,phases      ] GC(1381)   Merge Heap Roots: 0.72ms
[4641.623s][info][gc,phases      ] GC(1381)   Evacuate Collection Set: 136.30ms
[4641.623s][info][gc,phases      ] GC(1381)   Post Evacuate Collection Set: 0.94ms
[4641.623s][info][gc,phases      ] GC(1381)   Other: 0.09ms
[4641.623s][info][gc,heap        ] GC(1381) Eden regions: 1096->0(1115)
[4641.623s][info][gc,heap        ] GC(1381) Survivor regions: 116->113(152)
[4641.623s][info][gc,heap        ] GC(1381) Old regions: 537->475
[4641.623s][info][gc,heap        ] GC(1381) Humongous regions: 80->80
[4641.623s][info][gc,metaspace   ] GC(1381) Metaspace: 28867K(29248K)->28867K(29248K) NonClass: 24000K(24192K)->24000K(24192K) Class: 4867K(5056K)->4867K(5056K)
[4641.623s][info][gc             ] GC(1381) Pause Young (Mixed) (G1 Evacuation Pause) 3657M->1334M(4096M) 138.554ms
[4641.623s][info][gc,cpu         ] GC(1381) User=0.82s Sys=0.00s Real=0.14s
...[4643.783s][info][gc,start       ] GC(1382) Pause Young (Concurrent Start) (G1 Evacuation Pause)
[4643.784s][info][gc,task        ] GC(1382) Using 6 workers of 6 for evacuation
[4643.902s][info][gc,phases      ] GC(1382)   Pre Evacuate Collection Set: 0.36ms
[4643.902s][info][gc,phases      ] GC(1382)   Merge Heap Roots: 0.42ms
[4643.902s][info][gc,phases      ] GC(1382)   Evacuate Collection Set: 116.89ms
[4643.902s][info][gc,phases      ] GC(1382)   Post Evacuate Collection Set: 0.96ms
[4643.902s][info][gc,phases      ] GC(1382)   Other: 0.11ms
[4643.902s][info][gc,heap        ] GC(1382) Eden regions: 1115->0(1118)
[4643.902s][info][gc,heap        ] GC(1382) Survivor regions: 113->110(154)
[4643.902s][info][gc,heap        ] GC(1382) Old regions: 475->507
[4643.902s][info][gc,heap        ] GC(1382) Humongous regions: 80->80
[4643.902s][info][gc,metaspace   ] GC(1382) Metaspace: 28867K(29248K)->28867K(29248K) NonClass: 24000K(24192K)->24000K(24192K) Class: 4867K(5056K)->4867K(5056K)
[4643.902s][info][gc             ] GC(1382) Pause Young (Concurrent Start) (G1 Evacuation Pause) 3564M->1392M(4096M) 118.893ms
[4643.902s][info][gc             ] GC(1383) Concurrent Mark Cycle
[4643.902s][info][gc,marking     ] GC(1383) Concurrent Scan Root Regions
[4643.902s][info][gc,cpu         ] GC(1382) User=0.71s Sys=0.00s Real=0.12s
[4644.081s][info][gc,marking     ] GC(1383) Concurrent Scan Root Regions 178.222ms
[4644.081s][info][gc,marking     ] GC(1383) Concurrent Mark
[4644.081s][info][gc,marking     ] GC(1383) Concurrent Mark From Roots
[4644.081s][info][gc,task        ] GC(1383) Using 2 workers of 2 for marking
.[4645.185s][info][gc,marking     ] GC(1383) Concurrent Mark From Roots 1103.919ms
[4645.185s][info][gc,marking     ] GC(1383) Concurrent Preclean
[4645.185s][info][gc,marking     ] GC(1383) Concurrent Preclean 0.153ms
[4645.187s][info][gc,start       ] GC(1383) Pause Remark
[4645.193s][info][gc             ] GC(1383) Pause Remark 2628M->2628M(4096M) 6.127ms
[4645.193s][info][gc,cpu         ] GC(1383) User=0.03s Sys=0.01s Real=0.01s
[4645.193s][info][gc,marking     ] GC(1383) Concurrent Mark 1112.669ms
[4645.193s][info][gc,marking     ] GC(1383) Concurrent Rebuild Remembered Sets and Scrub Regions
[4645.568s][info][gc,marking     ] GC(1383) Concurrent Rebuild Remembered Sets and Scrub Regions 374.944ms
[4645.571s][info][gc,start       ] GC(1383) Pause Cleanup
[4645.571s][info][gc             ] GC(1383) Pause Cleanup 3038M->3038M(4096M) 0.134ms
[4645.571s][info][gc,cpu         ] GC(1383) User=0.00s Sys=0.00s Real=0.00s
[4645.571s][info][gc,marking     ] GC(1383) Concurrent Clear Claimed Marks
[4645.571s][info][gc,marking     ] GC(1383) Concurrent Clear Claimed Marks 0.038ms
[4645.571s][info][gc,marking     ] GC(1383) Concurrent Cleanup for Next Mark
[4645.578s][info][gc,marking     ] GC(1383) Concurrent Cleanup for Next Mark 7.363ms
[4645.578s][info][gc             ] GC(1383) Concurrent Mark Cycle 1675.963ms
.[4646.007s][info][gc,start       ] GC(1384) Pause Young (Prepare Mixed) (G1 Evacuation Pause)
[4646.007s][info][gc,task        ] GC(1384) Using 6 workers of 6 for evacuation
[4646.125s][info][gc,phases      ] GC(1384)   Pre Evacuate Collection Set: 0.33ms
[4646.125s][info][gc,phases      ] GC(1384)   Merge Heap Roots: 0.49ms
[4646.125s][info][gc,phases      ] GC(1384)   Evacuate Collection Set: 116.51ms
[4646.125s][info][gc,phases      ] GC(1384)   Post Evacuate Collection Set: 0.94ms
[4646.125s][info][gc,phases      ] GC(1384)   Other: 0.09ms
[4646.125s][info][gc,heap        ] GC(1384) Eden regions: 1118->0(1103)
[4646.125s][info][gc,heap        ] GC(1384) Survivor regions: 110->112(154)
[4646.125s][info][gc,heap        ] GC(1384) Old regions: 507->538
[4646.125s][info][gc,heap        ] GC(1384) Humongous regions: 80->80
[4646.125s][info][gc,metaspace   ] GC(1384) Metaspace: 28867K(29248K)->28867K(29248K) NonClass: 24000K(24192K)->24000K(24192K) Class: 4867K(5056K)->4867K(5056K)
[4646.126s][info][gc             ] GC(1384) Pause Young (Prepare Mixed) (G1 Evacuation Pause) 3628M->1458M(4096M) 118.519ms
[4646.126s][info][gc,cpu         ] GC(1384) User=0.70s Sys=0.00s Real=0.12s
..|[4648.196s][info][gc,start       ] GC(1385) Pause Young (Mixed) (G1 Evacuation Pause)
[4648.196s][info][gc,task        ] GC(1385) Using 6 workers of 6 for evacuation
[4648.332s][info][gc,phases      ] GC(1385)   Pre Evacuate Collection Set: 0.34ms
[4648.332s][info][gc,phases      ] GC(1385)   Merge Heap Roots: 0.66ms
[4648.332s][info][gc,phases      ] GC(1385)   Evacuate Collection Set: 134.25ms
[4648.332s][info][gc,phases      ] GC(1385)   Post Evacuate Collection Set: 0.95ms
[4648.332s][info][gc,phases      ] GC(1385)   Other: 0.10ms
[4648.332s][info][gc,heap        ] GC(1385) Eden regions: 1103->0(1117)
[4648.332s][info][gc,heap        ] GC(1385) Survivor regions: 112->111(152)
[4648.332s][info][gc,heap        ] GC(1385) Old regions: 538->475
[4648.332s][info][gc,heap        ] GC(1385) Humongous regions: 80->80
[4648.332s][info][gc,metaspace   ] GC(1385) Metaspace: 28867K(29248K)->28867K(29248K) NonClass: 24000K(24192K)->24000K(24192K) Class: 4867K(5056K)->4867K(5056K)
[4648.332s][info][gc             ] GC(1385) Pause Young (Mixed) (G1 Evacuation Pause) 3664M->1330M(4096M) 136.424ms
[4648.332s][info][gc,cpu         ] GC(1385) User=0.81s Sys=0.00s Real=0.14s
..[4650.411s][info][gc,start       ] GC(1386) Pause Young (Concurrent Start) (G1 Evacuation Pause)
[4650.411s][info][gc,task        ] GC(1386) Using 6 workers of 6 for evacuation
[4650.534s][info][gc,phases      ] GC(1386)   Pre Evacuate Collection Set: 0.40ms
[4650.534s][info][gc,phases      ] GC(1386)   Merge Heap Roots: 0.50ms
[4650.534s][info][gc,phases      ] GC(1386)   Evacuate Collection Set: 120.33ms
[4650.534s][info][gc,phases      ] GC(1386)   Post Evacuate Collection Set: 0.88ms
[4650.534s][info][gc,phases      ] GC(1386)   Other: 0.13ms
[4650.534s][info][gc,heap        ] GC(1386) Eden regions: 1117->0(1115)
[4650.534s][info][gc,heap        ] GC(1386) Survivor regions: 111->113(154)
[4650.534s][info][gc,heap        ] GC(1386) Old regions: 475->507
[4650.534s][info][gc,heap        ] GC(1386) Humongous regions: 80->80
[4650.534s][info][gc,metaspace   ] GC(1386) Metaspace: 28867K(29248K)->28867K(29248K) NonClass: 24000K(24192K)->24000K(24192K) Class: 4867K(5056K)->4867K(5056K)
[4650.534s][info][gc             ] GC(1386) Pause Young (Concurrent Start) (G1 Evacuation Pause) 3564M->1398M(4096M) 122.365ms
[4650.534s][info][gc             ] GC(1387) Concurrent Mark Cycle
[4650.534s][info][gc,marking     ] GC(1387) Concurrent Scan Root Regions
[4650.534s][info][gc,cpu         ] GC(1386) User=0.72s Sys=0.00s Real=0.12s
[4650.715s][info][gc,marking     ] GC(1387) Concurrent Scan Root Regions 180.994ms
[4650.715s][info][gc,marking     ] GC(1387) Concurrent Mark
[4650.715s][info][gc,marking     ] GC(1387) Concurrent Mark From Roots
[4650.715s][info][gc,task        ] GC(1387) Using 2 workers of 2 for marking
.[4651.696s][info][gc,marking     ] GC(1387) Concurrent Mark From Roots 980.775ms
[4651.696s][info][gc,marking     ] GC(1387) Concurrent Preclean
[4651.696s][info][gc,marking     ] GC(1387) Concurrent Preclean 0.151ms
[4651.699s][info][gc,start       ] GC(1387) Pause Remark
[4651.706s][info][gc             ] GC(1387) Pause Remark 2540M->2540M(4096M) 7.045ms
[4651.706s][info][gc,cpu         ] GC(1387) User=0.04s Sys=0.00s Real=0.00s
[4651.706s][info][gc,marking     ] GC(1387) Concurrent Mark 991.003ms
[4651.706s][info][gc,marking     ] GC(1387) Concurrent Rebuild Remembered Sets and Scrub Regions
.[4652.077s][info][gc,marking     ] GC(1387) Concurrent Rebuild Remembered Sets and Scrub Regions 370.828ms
[4652.077s][info][gc,start       ] GC(1387) Pause Cleanup
[4652.077s][info][gc             ] GC(1387) Pause Cleanup 2872M->2872M(4096M) 0.139ms
[4652.077s][info][gc,cpu         ] GC(1387) User=0.00s Sys=0.00s Real=0.00s
[4652.078s][info][gc,marking     ] GC(1387) Concurrent Clear Claimed Marks
[4652.078s][info][gc,marking     ] GC(1387) Concurrent Clear Claimed Marks 0.032ms
[4652.078s][info][gc,marking     ] GC(1387) Concurrent Cleanup for Next Mark
[4652.088s][info][gc,marking     ] GC(1387) Concurrent Cleanup for Next Mark 10.503ms
[4652.088s][info][gc             ] GC(1387) Concurrent Mark Cycle 1554.459ms
[4652.612s][info][gc,start       ] GC(1388) Pause Young (Prepare Mixed) (G1 Evacuation Pause)
[4652.612s][info][gc,task        ] GC(1388) Using 6 workers of 6 for evacuation
[4652.728s][info][gc,phases      ] GC(1388)   Pre Evacuate Collection Set: 0.35ms
[4652.728s][info][gc,phases      ] GC(1388)   Merge Heap Roots: 0.50ms
[4652.728s][info][gc,phases      ] GC(1388)   Evacuate Collection Set: 113.40ms
[4652.728s][info][gc,phases      ] GC(1388)   Post Evacuate Collection Set: 0.96ms
[4652.728s][info][gc,phases      ] GC(1388)   Other: 0.09ms
[4652.728s][info][gc,heap        ] GC(1388) Eden regions: 1115->0(1109)
[4652.728s][info][gc,heap        ] GC(1388) Survivor regions: 113->109(154)
[4652.728s][info][gc,heap        ] GC(1388) Old regions: 507->538
[4652.728s][info][gc,heap        ] GC(1388) Humongous regions: 80->80
[4652.728s][info][gc,metaspace   ] GC(1388) Metaspace: 28867K(29248K)->28867K(29248K) NonClass: 24000K(24192K)->24000K(24192K) Class: 4867K(5056K)->4867K(5056K)
[4652.728s][info][gc             ] GC(1388) Pause Young (Prepare Mixed) (G1 Evacuation Pause) 3628M->1452M(4096M) 115.423ms
[4652.728s][info][gc,cpu         ] GC(1388) User=0.68s Sys=0.00s Real=0.11s
..[4654.889s][info][gc,start       ] GC(1389) Pause Young (Mixed) (G1 Evacuation Pause)
[4654.889s][info][gc,task        ] GC(1389) Using 6 workers of 6 for evacuation
[4655.024s][info][gc,phases      ] GC(1389)   Pre Evacuate Collection Set: 0.36ms
[4655.024s][info][gc,phases      ] GC(1389)   Merge Heap Roots: 0.76ms
[4655.024s][info][gc,phases      ] GC(1389)   Evacuate Collection Set: 133.26ms
[4655.024s][info][gc,phases      ] GC(1389)   Post Evacuate Collection Set: 0.95ms
[4655.024s][info][gc,phases      ] GC(1389)   Other: 0.09ms
[4655.024s][info][gc,heap        ] GC(1389) Eden regions: 1109->0(1120)
[4655.024s][info][gc,heap        ] GC(1389) Survivor regions: 109->108(153)
[4655.024s][info][gc,heap        ] GC(1389) Old regions: 538->476
[4655.024s][info][gc,heap        ] GC(1389) Humongous regions: 80->80
[4655.024s][info][gc,metaspace   ] GC(1389) Metaspace: 28867K(29248K)->28867K(29248K) NonClass: 24000K(24192K)->24000K(24192K) Class: 4867K(5056K)->4867K(5056K)
[4655.024s][info][gc             ] GC(1389) Pause Young (Mixed) (G1 Evacuation Pause) 3670M->1326M(4096M) 135.551ms
[4655.024s][info][gc,cpu         ] GC(1389) User=0.81s Sys=0.00s Real=0.13s
..[4657.066s][info][gc,start       ] GC(1390) Pause Young (Concurrent Start) (G1 Evacuation Pause)
[4657.066s][info][gc,task        ] GC(1390) Using 6 workers of 6 for evacuation
[4657.182s][info][gc,phases      ] GC(1390)   Pre Evacuate Collection Set: 0.37ms
[4657.182s][info][gc,phases      ] GC(1390)   Merge Heap Roots: 0.44ms
[4657.182s][info][gc,phases      ] GC(1390)   Evacuate Collection Set: 114.38ms
[4657.182s][info][gc,phases      ] GC(1390)   Post Evacuate Collection Set: 0.87ms
[4657.182s][info][gc,phases      ] GC(1390)   Other: 0.11ms
[4657.182s][info][gc,heap        ] GC(1390) Eden regions: 1120->0(1118)
[4657.182s][info][gc,heap        ] GC(1390) Survivor regions: 108->110(154)
[4657.182s][info][gc,heap        ] GC(1390) Old regions: 476->507
[4657.182s][info][gc,heap        ] GC(1390) Humongous regions: 80->80
[4657.182s][info][gc,metaspace   ] GC(1390) Metaspace: 28867K(29248K)->28867K(29248K) NonClass: 24000K(24192K)->24000K(24192K) Class: 4867K(5056K)->4867K(5056K)
[4657.182s][info][gc             ] GC(1390) Pause Young (Concurrent Start) (G1 Evacuation Pause) 3566M->1392M(4096M) 116.293ms
[4657.182s][info][gc             ] GC(1391) Concurrent Mark Cycle
[4657.182s][info][gc,marking     ] GC(1391) Concurrent Scan Root Regions
[4657.182s][info][gc,cpu         ] GC(1390) User=0.69s Sys=0.00s Real=0.12s
.[4657.366s][info][gc,marking     ] GC(1391) Concurrent Scan Root Regions 184.160ms
[4657.366s][info][gc,marking     ] GC(1391) Concurrent Mark
[4657.366s][info][gc,marking     ] GC(1391) Concurrent Mark From Roots
[4657.366s][info][gc,task        ] GC(1391) Using 2 workers of 2 for marking
.[4658.583s][info][gc,marking     ] GC(1391) Concurrent Mark From Roots 1216.413ms
[4658.583s][info][gc,marking     ] GC(1391) Concurrent Preclean
[4658.583s][info][gc,marking     ] GC(1391) Concurrent Preclean 0.095ms
[4658.585s][info][gc,start       ] GC(1391) Pause Remark
[4658.591s][info][gc             ] GC(1391) Pause Remark 2844M->2844M(4096M) 6.391ms
[4658.591s][info][gc,cpu         ] GC(1391) User=0.03s Sys=0.00s Real=0.01s
[4658.591s][info][gc,marking     ] GC(1391) Concurrent Mark 1224.953ms
[4658.591s][info][gc,marking     ] GC(1391) Concurrent Rebuild Remembered Sets and Scrub Regions
[4658.863s][info][gc,marking     ] GC(1391) Concurrent Rebuild Remembered Sets and Scrub Regions 272.135ms
[4658.867s][info][gc,start       ] GC(1391) Pause Cleanup
[4658.867s][info][gc             ] GC(1391) Pause Cleanup 3080M->3080M(4096M) 0.149ms
[4658.867s][info][gc,cpu         ] GC(1391) User=0.00s Sys=0.00s Real=0.00s
[4658.868s][info][gc,marking     ] GC(1391) Concurrent Clear Claimed Marks
[4658.868s][info][gc,marking     ] GC(1391) Concurrent Clear Claimed Marks 0.032ms
[4658.868s][info][gc,marking     ] GC(1391) Concurrent Cleanup for Next Mark
[4658.874s][info][gc,marking     ] GC(1391) Concurrent Cleanup for Next Mark 6.042ms
[4658.874s][info][gc             ] GC(1391) Concurrent Mark Cycle 1691.628ms
.[4659.260s][info][gc,start       ] GC(1392) Pause Young (Prepare Mixed) (G1 Evacuation Pause)
[4659.260s][info][gc,task        ] GC(1392) Using 6 workers of 6 for evacuation
[4659.381s][info][gc,phases      ] GC(1392)   Pre Evacuate Collection Set: 0.32ms
[4659.381s][info][gc,phases      ] GC(1392)   Merge Heap Roots: 0.50ms
[4659.381s][info][gc,phases      ] GC(1392)   Evacuate Collection Set: 118.99ms
[4659.381s][info][gc,phases      ] GC(1392)   Post Evacuate Collection Set: 0.94ms
[4659.381s][info][gc,phases      ] GC(1392)   Other: 0.09ms
[4659.381s][info][gc,heap        ] GC(1392) Eden regions: 1118->0(1103)
[4659.381s][info][gc,heap        ] GC(1392) Survivor regions: 110->112(154)
[4659.381s][info][gc,heap        ] GC(1392) Old regions: 507->538
[4659.381s][info][gc,heap        ] GC(1392) Humongous regions: 80->80
[4659.381s][info][gc,metaspace   ] GC(1392) Metaspace: 28867K(29248K)->28867K(29248K) NonClass: 24000K(24192K)->24000K(24192K) Class: 4867K(5056K)->4867K(5056K)
[4659.381s][info][gc             ] GC(1392) Pause Young (Prepare Mixed) (G1 Evacuation Pause) 3628M->1459M(4096M) 120.981ms
[4659.381s][info][gc,cpu         ] GC(1392) User=0.72s Sys=0.00s Real=0.12s
..[4661.417s][info][gc,start       ] GC(1393) Pause Young (Mixed) (G1 Evacuation Pause)
[4661.417s][info][gc,task        ] GC(1393) Using 6 workers of 6 for evacuation
[4661.555s][info][gc,phases      ] GC(1393)   Pre Evacuate Collection Set: 0.35ms
[4661.555s][info][gc,phases      ] GC(1393)   Merge Heap Roots: 0.76ms
[4661.555s][info][gc,phases      ] GC(1393)   Evacuate Collection Set: 136.15ms
[4661.555s][info][gc,phases      ] GC(1393)   Post Evacuate Collection Set: 0.96ms
[4661.555s][info][gc,phases      ] GC(1393)   Other: 0.10ms
[4661.555s][info][gc,heap        ] GC(1393) Eden regions: 1103->0(1116)
[4661.555s][info][gc,heap        ] GC(1393) Survivor regions: 112->112(152)
[4661.555s][info][gc,heap        ] GC(1393) Old regions: 538->475
[4661.555s][info][gc,heap        ] GC(1393) Humongous regions: 80->80
[4661.555s][info][gc,metaspace   ] GC(1393) Metaspace: 28867K(29248K)->28867K(29248K) NonClass: 24000K(24192K)->24000K(24192K) Class: 4867K(5056K)->4867K(5056K)
[4661.555s][info][gc             ] GC(1393) Pause Young (Mixed) (G1 Evacuation Pause) 3665M->1331M(4096M) 138.466ms
[4661.555s][info][gc,cpu         ] GC(1393) User=0.82s Sys=0.00s Real=0.14s
..[4663.697s][info][gc,start       ] GC(1394) Pause Young (Concurrent Start) (G1 Evacuation Pause)
[4663.697s][info][gc,task        ] GC(1394) Using 6 workers of 6 for evacuation
[4663.819s][info][gc,phases      ] GC(1394)   Pre Evacuate Collection Set: 0.37ms
[4663.819s][info][gc,phases      ] GC(1394)   Merge Heap Roots: 0.57ms
[4663.819s][info][gc,phases      ] GC(1394)   Evacuate Collection Set: 119.99ms
[4663.819s][info][gc,phases      ] GC(1394)   Post Evacuate Collection Set: 0.89ms
[4663.819s][info][gc,phases      ] GC(1394)   Other: 0.11ms
[4663.819s][info][gc,heap        ] GC(1394) Eden regions: 1116->0(1117)
[4663.819s][info][gc,heap        ] GC(1394) Survivor regions: 112->111(154)
[4663.819s][info][gc,heap        ] GC(1394) Old regions: 475->507
[4663.819s][info][gc,heap        ] GC(1394) Humongous regions: 80->80
[4663.819s][info][gc,metaspace   ] GC(1394) Metaspace: 28867K(29248K)->28867K(29248K) NonClass: 24000K(24192K)->24000K(24192K) Class: 4867K(5056K)->4867K(5056K)
[4663.819s][info][gc             ] GC(1394) Pause Young (Concurrent Start) (G1 Evacuation Pause) 3563M->1395M(4096M) 122.081ms
[4663.819s][info][gc             ] GC(1395) Concurrent Mark Cycle
[4663.819s][info][gc,marking     ] GC(1395) Concurrent Scan Root Regions
[4663.819s][info][gc,cpu         ] GC(1394) User=0.72s Sys=0.00s Real=0.13s
[4663.979s][info][gc,marking     ] GC(1395) Concurrent Scan Root Regions 159.897ms
[4663.979s][info][gc,marking     ] GC(1395) Concurrent Mark
[4663.979s][info][gc,marking     ] GC(1395) Concurrent Mark From Roots
[4663.979s][info][gc,task        ] GC(1395) Using 2 workers of 2 for marking
.[4664.856s][info][gc,marking     ] GC(1395) Concurrent Mark From Roots 876.653ms
[4664.856s][info][gc,marking     ] GC(1395) Concurrent Preclean
[4664.856s][info][gc,marking     ] GC(1395) Concurrent Preclean 0.144ms
[4664.858s][info][gc,start       ] GC(1395) Pause Remark
[4664.864s][info][gc             ] GC(1395) Pause Remark 2325M->2325M(4096M) 5.811ms
[4664.864s][info][gc,cpu         ] GC(1395) User=0.04s Sys=0.00s Real=0.01s
[4664.866s][info][gc,marking     ] GC(1395) Concurrent Mark 887.077ms
[4664.866s][info][gc,marking     ] GC(1395) Concurrent Rebuild Remembered Sets and Scrub Regions
[4665.179s][info][gc,marking     ] GC(1395) Concurrent Rebuild Remembered Sets and Scrub Regions 312.422ms
[4665.180s][info][gc,start       ] GC(1395) Pause Cleanup
[4665.180s][info][gc             ] GC(1395) Pause Cleanup 2613M->2613M(4096M) 0.117ms
[4665.180s][info][gc,cpu         ] GC(1395) User=0.00s Sys=0.00s Real=0.00s
[4665.181s][info][gc,marking     ] GC(1395) Concurrent Clear Claimed Marks
[4665.181s][info][gc,marking     ] GC(1395) Concurrent Clear Claimed Marks 0.029ms
[4665.181s][info][gc,marking     ] GC(1395) Concurrent Cleanup for Next Mark
[4665.185s][info][gc,marking     ] GC(1395) Concurrent Cleanup for Next Mark 4.531ms
[4665.185s][info][gc             ] GC(1395) Concurrent Mark Cycle 1365.945ms
.[4665.934s][info][gc,start       ] GC(1396) Pause Young (Prepare Mixed) (G1 Evacuation Pause)
[4665.935s][info][gc,task        ] GC(1396) Using 6 workers of 6 for evacuation
[4666.055s][info][gc,phases      ] GC(1396)   Pre Evacuate Collection Set: 0.34ms
[4666.055s][info][gc,phases      ] GC(1396)   Merge Heap Roots: 0.52ms
[4666.055s][info][gc,phases      ] GC(1396)   Evacuate Collection Set: 118.36ms
[4666.055s][info][gc,phases      ] GC(1396)   Post Evacuate Collection Set: 0.93ms
[4666.055s][info][gc,phases      ] GC(1396)   Other: 0.08ms
[4666.055s][info][gc,heap        ] GC(1396) Eden regions: 1117->0(1102)
[4666.055s][info][gc,heap        ] GC(1396) Survivor regions: 111->112(154)
[4666.055s][info][gc,heap        ] GC(1396) Old regions: 507->539
[4666.055s][info][gc,heap        ] GC(1396) Humongous regions: 80->80
[4666.055s][info][gc,metaspace   ] GC(1396) Metaspace: 28867K(29248K)->28867K(29248K) NonClass: 24000K(24192K)->24000K(24192K) Class: 4867K(5056K)->4867K(5056K)
[4666.055s][info][gc             ] GC(1396) Pause Young (Prepare Mixed) (G1 Evacuation Pause) 3629M->1460M(4096M) 120.381ms
[4666.055s][info][gc,cpu         ] GC(1396) User=0.71s Sys=0.00s Real=0.12s
..[4668.181s][info][gc,start       ] GC(1397) Pause Young (Mixed) (G1 Evacuation Pause)
[4668.181s][info][gc,task        ] GC(1397) Using 6 workers of 6 for evacuation
[4668.320s][info][gc,phases      ] GC(1397)   Pre Evacuate Collection Set: 0.38ms
[4668.320s][info][gc,phases      ] GC(1397)   Merge Heap Roots: 0.75ms
[4668.320s][info][gc,phases      ] GC(1397)   Evacuate Collection Set: 136.45ms
[4668.320s][info][gc,phases      ] GC(1397)   Post Evacuate Collection Set: 0.95ms
[4668.320s][info][gc,phases      ] GC(1397)   Other: 0.09ms
[4668.320s][info][gc,heap        ] GC(1397) Eden regions: 1102->0(1114)
[4668.320s][info][gc,heap        ] GC(1397) Survivor regions: 112->114(152)
[4668.320s][info][gc,heap        ] GC(1397) Old regions: 539->475
[4668.320s][info][gc,heap        ] GC(1397) Humongous regions: 80->80
[4668.320s][info][gc,metaspace   ] GC(1397) Metaspace: 28867K(29248K)->28867K(29248K) NonClass: 24000K(24192K)->24000K(24192K) Class: 4867K(5056K)->4867K(5056K)
[4668.320s][info][gc             ] GC(1397) Pause Young (Mixed) (G1 Evacuation Pause) 3664M->1335M(4096M) 138.768ms
[4668.320s][info][gc,cpu         ] GC(1397) User=0.82s Sys=0.00s Real=0.14s
..[4670.404s][info][gc,start       ] GC(1398) Pause Young (Concurrent Start) (G1 Evacuation Pause)
[4670.404s][info][gc,task        ] GC(1398) Using 6 workers of 6 for evacuation
[4670.522s][info][gc,phases      ] GC(1398)   Pre Evacuate Collection Set: 0.36ms
[4670.522s][info][gc,phases      ] GC(1398)   Merge Heap Roots: 0.45ms
[4670.522s][info][gc,phases      ] GC(1398)   Evacuate Collection Set: 116.16ms
[4670.522s][info][gc,phases      ] GC(1398)   Post Evacuate Collection Set: 0.89ms
[4670.522s][info][gc,phases      ] GC(1398)   Other: 0.12ms
[4670.522s][info][gc,heap        ] GC(1398) Eden regions: 1114->0(1118)
[4670.522s][info][gc,heap        ] GC(1398) Survivor regions: 114->110(154)
[4670.522s][info][gc,heap        ] GC(1398) Old regions: 475->507
[4670.522s][info][gc,heap        ] GC(1398) Humongous regions: 80->80
[4670.522s][info][gc,metaspace   ] GC(1398) Metaspace: 28867K(29248K)->28867K(29248K) NonClass: 24000K(24192K)->24000K(24192K) Class: 4867K(5056K)->4867K(5056K)
[4670.522s][info][gc             ] GC(1398) Pause Young (Concurrent Start) (G1 Evacuation Pause) 3563M->1392M(4096M) 118.117ms
[4670.522s][info][gc             ] GC(1399) Concurrent Mark Cycle
[4670.522s][info][gc,marking     ] GC(1399) Concurrent Scan Root Regions
[4670.522s][info][gc,cpu         ] GC(1398) User=0.70s Sys=0.00s Real=0.12s
.[4670.704s][info][gc,marking     ] GC(1399) Concurrent Scan Root Regions 181.436ms
[4670.704s][info][gc,marking     ] GC(1399) Concurrent Mark
[4670.704s][info][gc,marking     ] GC(1399) Concurrent Mark From Roots
[4670.704s][info][gc,task        ] GC(1399) Using 2 workers of 2 for marking
[4671.479s][info][gc,marking     ] GC(1399) Concurrent Mark From Roots 775.148ms
[4671.479s][info][gc,marking     ] GC(1399) Concurrent Preclean
[4671.479s][info][gc,marking     ] GC(1399) Concurrent Preclean 0.123ms
[4671.481s][info][gc,start       ] GC(1399) Pause Remark
[4671.487s][info][gc             ] GC(1399) Pause Remark 2304M->2304M(4096M) 5.933ms
[4671.487s][info][gc,cpu         ] GC(1399) User=0.03s Sys=0.00s Real=0.00s
[4671.487s][info][gc,marking     ] GC(1399) Concurrent Mark 783.272ms
[4671.487s][info][gc,marking     ] GC(1399) Concurrent Rebuild Remembered Sets and Scrub Regions
.[4671.867s][info][gc,marking     ] GC(1399) Concurrent Rebuild Remembered Sets and Scrub Regions 379.769ms
[4671.870s][info][gc,start       ] GC(1399) Pause Cleanup
[4671.870s][info][gc             ] GC(1399) Pause Cleanup 2734M->2734M(4096M) 0.143ms
[4671.870s][info][gc,cpu         ] GC(1399) User=0.00s Sys=0.00s Real=0.00s
[4671.870s][info][gc,marking     ] GC(1399) Concurrent Clear Claimed Marks
[4671.870s][info][gc,marking     ] GC(1399) Concurrent Clear Claimed Marks 0.033ms
[4671.870s][info][gc,marking     ] GC(1399) Concurrent Cleanup for Next Mark
[4671.885s][info][gc,marking     ] GC(1399) Concurrent Cleanup for Next Mark 14.984ms
[4671.885s][info][gc             ] GC(1399) Concurrent Mark Cycle 1362.818ms
.[4672.648s][info][gc,start       ] GC(1400) Pause Young (Prepare Mixed) (G1 Evacuation Pause)
[4672.648s][info][gc,task        ] GC(1400) Using 6 workers of 6 for evacuation
[4672.768s][info][gc,phases      ] GC(1400)   Pre Evacuate Collection Set: 0.32ms
[4672.768s][info][gc,phases      ] GC(1400)   Merge Heap Roots: 0.50ms
[4672.768s][info][gc,phases      ] GC(1400)   Evacuate Collection Set: 117.74ms
[4672.768s][info][gc,phases      ] GC(1400)   Post Evacuate Collection Set: 0.91ms
[4672.768s][info][gc,phases      ] GC(1400)   Other: 0.09ms
[4672.768s][info][gc,heap        ] GC(1400) Eden regions: 1118->0(1107)
[4672.768s][info][gc,heap        ] GC(1400) Survivor regions: 110->110(154)
[4672.768s][info][gc,heap        ] GC(1400) Old regions: 507->538
[4672.768s][info][gc,heap        ] GC(1400) Humongous regions: 80->80
[4672.768s][info][gc,metaspace   ] GC(1400) Metaspace: 28867K(29248K)->28867K(29248K) NonClass: 24000K(24192K)->24000K(24192K) Class: 4867K(5056K)->4867K(5056K)
[4672.768s][info][gc             ] GC(1400) Pause Young (Prepare Mixed) (G1 Evacuation Pause) 3628M->1454M(4096M) 119.688ms
[4672.768s][info][gc,cpu         ] GC(1400) User=0.71s Sys=0.00s Real=0.11s
..[4674.890s][info][gc,start       ] GC(1401) Pause Young (Mixed) (G1 Evacuation Pause)
[4674.890s][info][gc,task        ] GC(1401) Using 6 workers of 6 for evacuation
[4675.033s][info][gc,phases      ] GC(1401)   Pre Evacuate Collection Set: 0.36ms
[4675.033s][info][gc,phases      ] GC(1401)   Merge Heap Roots: 0.71ms
[4675.033s][info][gc,phases      ] GC(1401)   Evacuate Collection Set: 140.22ms
[4675.033s][info][gc,phases      ] GC(1401)   Post Evacuate Collection Set: 0.97ms
[4675.033s][info][gc,phases      ] GC(1401)   Other: 0.09ms
[4675.033s][info][gc,heap        ] GC(1401) Eden regions: 1107->0(1114)
[4675.033s][info][gc,heap        ] GC(1401) Survivor regions: 110->114(153)
[4675.033s][info][gc,heap        ] GC(1401) Old regions: 538->474
[4675.033s][info][gc,heap        ] GC(1401) Humongous regions: 80->80
[4675.033s][info][gc,metaspace   ] GC(1401) Metaspace: 28867K(29248K)->28867K(29248K) NonClass: 24000K(24192K)->24000K(24192K) Class: 4867K(5056K)->4867K(5056K)
[4675.033s][info][gc             ] GC(1401) Pause Young (Mixed) (G1 Evacuation Pause) 3668M->1335M(4096M) 142.487ms
[4675.033s][info][gc,cpu         ] GC(1401) User=0.85s Sys=0.00s Real=0.14s
..[4677.143s][info][gc,start       ] GC(1402) Pause Young (Concurrent Start) (G1 Evacuation Pause)
[4677.143s][info][gc,task        ] GC(1402) Using 6 workers of 6 for evacuation
[4677.265s][info][gc,phases      ] GC(1402)   Pre Evacuate Collection Set: 0.37ms
[4677.265s][info][gc,phases      ] GC(1402)   Merge Heap Roots: 0.45ms
[4677.265s][info][gc,phases      ] GC(1402)   Evacuate Collection Set: 120.83ms
[4677.265s][info][gc,phases      ] GC(1402)   Post Evacuate Collection Set: 0.90ms
[4677.265s][info][gc,phases      ] GC(1402)   Other: 0.10ms
[4677.265s][info][gc,heap        ] GC(1402) Eden regions: 1114->0(1114)
[4677.265s][info][gc,heap        ] GC(1402) Survivor regions: 114->114(154)
[4677.266s][info][gc,heap        ] GC(1402) Old regions: 474->506
[4677.266s][info][gc,heap        ] GC(1402) Humongous regions: 80->80
[4677.266s][info][gc,metaspace   ] GC(1402) Metaspace: 28867K(29248K)->28867K(29248K) NonClass: 24000K(24192K)->24000K(24192K) Class: 4867K(5056K)->4867K(5056K)
[4677.266s][info][gc             ] GC(1402) Pause Young (Concurrent Start) (G1 Evacuation Pause) 3563M->1398M(4096M) 122.778ms
[4677.266s][info][gc             ] GC(1403) Concurrent Mark Cycle
[4677.266s][info][gc,marking     ] GC(1403) Concurrent Scan Root Regions
[4677.266s][info][gc,cpu         ] GC(1402) User=0.72s Sys=0.00s Real=0.12s
[4677.410s][info][gc,marking     ] GC(1403) Concurrent Scan Root Regions 144.750ms
[4677.410s][info][gc,marking     ] GC(1403) Concurrent Mark
[4677.410s][info][gc,marking     ] GC(1403) Concurrent Mark From Roots
[4677.410s][info][gc,task        ] GC(1403) Using 2 workers of 2 for marking
.[4678.108s][info][gc,marking     ] GC(1403) Concurrent Mark From Roots 697.384ms
[4678.108s][info][gc,marking     ] GC(1403) Concurrent Preclean
[4678.108s][info][gc,marking     ] GC(1403) Concurrent Preclean 0.111ms
[4678.110s][info][gc,start       ] GC(1403) Pause Remark
[4678.116s][info][gc             ] GC(1403) Pause Remark 2162M->2162M(4096M) 6.011ms
[4678.116s][info][gc,cpu         ] GC(1403) User=0.03s Sys=0.01s Real=0.00s
[4678.117s][info][gc,marking     ] GC(1403) Concurrent Mark 707.015ms
[4678.117s][info][gc,marking     ] GC(1403) Concurrent Rebuild Remembered Sets and Scrub Regions
[4678.394s][info][gc,marking     ] GC(1403) Concurrent Rebuild Remembered Sets and Scrub Regions 277.038ms
[4678.396s][info][gc,start       ] GC(1403) Pause Cleanup
[4678.396s][info][gc             ] GC(1403) Pause Cleanup 2434M->2434M(4096M) 0.122ms
[4678.396s][info][gc,cpu         ] GC(1403) User=0.00s Sys=0.00s Real=0.00s
[4678.397s][info][gc,marking     ] GC(1403) Concurrent Clear Claimed Marks
[4678.397s][info][gc,marking     ] GC(1403) Concurrent Clear Claimed Marks 0.033ms
[4678.397s][info][gc,marking     ] GC(1403) Concurrent Cleanup for Next Mark
[4678.402s][info][gc,marking     ] GC(1403) Concurrent Cleanup for Next Mark 4.499ms
[4678.402s][info][gc             ] GC(1403) Concurrent Mark Cycle 1136.107ms
.[4679.400s][info][gc,start       ] GC(1404) Pause Young (Prepare Mixed) (G1 Evacuation Pause)
[4679.400s][info][gc,task        ] GC(1404) Using 6 workers of 6 for evacuation
[4679.522s][info][gc,phases      ] GC(1404)   Pre Evacuate Collection Set: 0.34ms
[4679.522s][info][gc,phases      ] GC(1404)   Merge Heap Roots: 0.62ms
[4679.522s][info][gc,phases      ] GC(1404)   Evacuate Collection Set: 120.37ms
[4679.522s][info][gc,phases      ] GC(1404)   Post Evacuate Collection Set: 0.92ms
[4679.522s][info][gc,phases      ] GC(1404)   Other: 0.09ms
[4679.522s][info][gc,heap        ] GC(1404) Eden regions: 1114->0(1103)
[4679.522s][info][gc,heap        ] GC(1404) Survivor regions: 114->112(154)
[4679.522s][info][gc,heap        ] GC(1404) Old regions: 506->538
[4679.522s][info][gc,heap        ] GC(1404) Humongous regions: 80->80
[4679.522s][info][gc,metaspace   ] GC(1404) Metaspace: 28867K(29248K)->28867K(29248K) NonClass: 24000K(24192K)->24000K(24192K) Class: 4867K(5056K)->4867K(5056K)
[4679.522s][info][gc             ] GC(1404) Pause Young (Prepare Mixed) (G1 Evacuation Pause) 3626M->1459M(4096M) 122.473ms
[4679.522s][info][gc,cpu         ] GC(1404) User=0.72s Sys=0.00s Real=0.12s
..[4681.553s][info][gc,start       ] GC(1405) Pause Young (Mixed) (G1 Evacuation Pause)
[4681.553s][info][gc,task        ] GC(1405) Using 6 workers of 6 for evacuation
[4681.692s][info][gc,phases      ] GC(1405)   Pre Evacuate Collection Set: 0.35ms
[4681.692s][info][gc,phases      ] GC(1405)   Merge Heap Roots: 0.64ms
[4681.692s][info][gc,phases      ] GC(1405)   Evacuate Collection Set: 136.43ms
[4681.692s][info][gc,phases      ] GC(1405)   Post Evacuate Collection Set: 0.93ms
[4681.692s][info][gc,phases      ] GC(1405)   Other: 0.09ms
[4681.692s][info][gc,heap        ] GC(1405) Eden regions: 1103->0(1114)
[4681.692s][info][gc,heap        ] GC(1405) Survivor regions: 112->114(152)
[4681.692s][info][gc,heap        ] GC(1405) Old regions: 538->475
[4681.692s][info][gc,heap        ] GC(1405) Humongous regions: 80->80
[4681.692s][info][gc,metaspace   ] GC(1405) Metaspace: 28867K(29248K)->28867K(29248K) NonClass: 24000K(24192K)->24000K(24192K) Class: 4867K(5056K)->4867K(5056K)
[4681.692s][info][gc             ] GC(1405) Pause Young (Mixed) (G1 Evacuation Pause) 3665M->1336M(4096M) 138.570ms
[4681.692s][info][gc,cpu         ] GC(1405) User=0.82s Sys=0.00s Real=0.14s
..[4683.779s][info][gc,start       ] GC(1406) Pause Young (Concurrent Start) (G1 Evacuation Pause)
[4683.779s][info][gc,task        ] GC(1406) Using 6 workers of 6 for evacuation
[4683.895s][info][gc,phases      ] GC(1406)   Pre Evacuate Collection Set: 0.42ms
[4683.895s][info][gc,phases      ] GC(1406)   Merge Heap Roots: 0.53ms
[4683.895s][info][gc,phases      ] GC(1406)   Evacuate Collection Set: 112.83ms
[4683.895s][info][gc,phases      ] GC(1406)   Post Evacuate Collection Set: 0.89ms
[4683.895s][info][gc,phases      ] GC(1406)   Other: 0.91ms
[4683.895s][info][gc,heap        ] GC(1406) Eden regions: 1114->0(1121)
[4683.895s][info][gc,heap        ] GC(1406) Survivor regions: 114->107(154)
[4683.895s][info][gc,heap        ] GC(1406) Old regions: 475->507
[4683.895s][info][gc,heap        ] GC(1406) Humongous regions: 80->80
[4683.895s][info][gc,metaspace   ] GC(1406) Metaspace: 28867K(29248K)->28867K(29248K) NonClass: 24000K(24192K)->24000K(24192K) Class: 4867K(5056K)->4867K(5056K)
[4683.895s][info][gc             ] GC(1406) Pause Young (Concurrent Start) (G1 Evacuation Pause) 3564M->1386M(4096M) 115.727ms
[4683.895s][info][gc             ] GC(1407) Concurrent Mark Cycle
[4683.895s][info][gc,marking     ] GC(1407) Concurrent Scan Root Regions
[4683.895s][info][gc,cpu         ] GC(1406) User=0.68s Sys=0.01s Real=0.11s
.[4684.063s][info][gc,marking     ] GC(1407) Concurrent Scan Root Regions 168.374ms
[4684.063s][info][gc,marking     ] GC(1407) Concurrent Mark
[4684.063s][info][gc,marking     ] GC(1407) Concurrent Mark From Roots
[4684.063s][info][gc,task        ] GC(1407) Using 2 workers of 2 for marking
[4685.060s][info][gc,marking     ] GC(1407) Concurrent Mark From Roots 996.668ms
[4685.060s][info][gc,marking     ] GC(1407) Concurrent Preclean
[4685.060s][info][gc,marking     ] GC(1407) Concurrent Preclean 0.140ms
[4685.064s][info][gc,start       ] GC(1407) Pause Remark
[4685.069s][info][gc             ] GC(1407) Pause Remark 2452M->2452M(4096M) 5.114ms
[4685.069s][info][gc,cpu         ] GC(1407) User=0.03s Sys=0.00s Real=0.01s
[4685.069s][info][gc,marking     ] GC(1407) Concurrent Mark 1005.717ms
[4685.069s][info][gc,marking     ] GC(1407) Concurrent Rebuild Remembered Sets and Scrub Regions
.[4685.344s][info][gc,marking     ] GC(1407) Concurrent Rebuild Remembered Sets and Scrub Regions 274.801ms
[4685.344s][info][gc,start       ] GC(1407) Pause Cleanup
[4685.344s][info][gc             ] GC(1407) Pause Cleanup 2740M->2740M(4096M) 0.117ms
[4685.344s][info][gc,cpu         ] GC(1407) User=0.00s Sys=0.00s Real=0.00s
[4685.344s][info][gc,marking     ] GC(1407) Concurrent Clear Claimed Marks
[4685.344s][info][gc,marking     ] GC(1407) Concurrent Clear Claimed Marks 0.020ms
[4685.344s][info][gc,marking     ] GC(1407) Concurrent Cleanup for Next Mark
[4685.349s][info][gc,marking     ] GC(1407) Concurrent Cleanup for Next Mark 4.878ms
[4685.349s][info][gc             ] GC(1407) Concurrent Mark Cycle 1454.300ms
[4685.987s][info][gc,start       ] GC(1408) Pause Young (Prepare Mixed) (G1 Evacuation Pause)
[4685.987s][info][gc,task        ] GC(1408) Using 6 workers of 6 for evacuation
[4686.108s][info][gc,phases      ] GC(1408)   Pre Evacuate Collection Set: 0.35ms
[4686.108s][info][gc,phases      ] GC(1408)   Merge Heap Roots: 0.49ms
[4686.108s][info][gc,phases      ] GC(1408)   Evacuate Collection Set: 119.65ms
[4686.108s][info][gc,phases      ] GC(1408)   Post Evacuate Collection Set: 0.87ms
[4686.108s][info][gc,phases      ] GC(1408)   Other: 0.09ms
[4686.108s][info][gc,heap        ] GC(1408) Eden regions: 1121->0(1104)
[4686.108s][info][gc,heap        ] GC(1408) Survivor regions: 107->111(154)
[4686.108s][info][gc,heap        ] GC(1408) Old regions: 507->539
[4686.108s][info][gc,heap        ] GC(1408) Humongous regions: 80->80
[4686.108s][info][gc,metaspace   ] GC(1408) Metaspace: 28867K(29248K)->28867K(29248K) NonClass: 24000K(24192K)->24000K(24192K) Class: 4867K(5056K)->4867K(5056K)
[4686.108s][info][gc             ] GC(1408) Pause Young (Prepare Mixed) (G1 Evacuation Pause) 3628M->1459M(4096M) 121.584ms
[4686.108s][info][gc,cpu         ] GC(1408) User=0.72s Sys=0.00s Real=0.13s
...[4688.314s][info][gc,start       ] GC(1409) Pause Young (Mixed) (G1 Evacuation Pause)
[4688.314s][info][gc,task        ] GC(1409) Using 6 workers of 6 for evacuation
[4688.450s][info][gc,phases      ] GC(1409)   Pre Evacuate Collection Set: 0.39ms
[4688.450s][info][gc,phases      ] GC(1409)   Merge Heap Roots: 0.64ms
[4688.450s][info][gc,phases      ] GC(1409)   Evacuate Collection Set: 133.75ms
[4688.450s][info][gc,phases      ] GC(1409)   Post Evacuate Collection Set: 0.96ms
[4688.450s][info][gc,phases      ] GC(1409)   Other: 0.09ms
[4688.450s][info][gc,heap        ] GC(1409) Eden regions: 1104->0(1118)
[4688.450s][info][gc,heap        ] GC(1409) Survivor regions: 111->110(152)
[4688.450s][info][gc,heap        ] GC(1409) Old regions: 539->476
[4688.450s][info][gc,heap        ] GC(1409) Humongous regions: 80->80
[4688.450s][info][gc,metaspace   ] GC(1409) Metaspace: 28867K(29248K)->28867K(29248K) NonClass: 24000K(24192K)->24000K(24192K) Class: 4867K(5056K)->4867K(5056K)
[4688.450s][info][gc             ] GC(1409) Pause Young (Mixed) (G1 Evacuation Pause) 3667M->1330M(4096M) 135.973ms
[4688.450s][info][gc,cpu         ] GC(1409) User=0.81s Sys=0.00s Real=0.14s
..[4690.545s][info][gc,start       ] GC(1410) Pause Young (Concurrent Start) (G1 Evacuation Pause)
[4690.545s][info][gc,task        ] GC(1410) Using 6 workers of 6 for evacuation
[4690.667s][info][gc,phases      ] GC(1410)   Pre Evacuate Collection Set: 0.39ms
[4690.667s][info][gc,phases      ] GC(1410)   Merge Heap Roots: 0.47ms
[4690.667s][info][gc,phases      ] GC(1410)   Evacuate Collection Set: 120.12ms
[4690.667s][info][gc,phases      ] GC(1410)   Post Evacuate Collection Set: 0.89ms
[4690.667s][info][gc,phases      ] GC(1410)   Other: 0.10ms
[4690.667s][info][gc,heap        ] GC(1410) Eden regions: 1118->0(1116)
[4690.667s][info][gc,heap        ] GC(1410) Survivor regions: 110->112(154)
[4690.667s][info][gc,heap        ] GC(1410) Old regions: 476->507
[4690.667s][info][gc,heap        ] GC(1410) Humongous regions: 80->80
[4690.667s][info][gc,metaspace   ] GC(1410) Metaspace: 28867K(29248K)->28867K(29248K) NonClass: 24000K(24192K)->24000K(24192K) Class: 4867K(5056K)->4867K(5056K)
[4690.667s][info][gc             ] GC(1410) Pause Young (Concurrent Start) (G1 Evacuation Pause) 3566M->1396M(4096M) 122.100ms
[4690.667s][info][gc             ] GC(1411) Concurrent Mark Cycle
[4690.667s][info][gc,marking     ] GC(1411) Concurrent Scan Root Regions
[4690.667s][info][gc,cpu         ] GC(1410) User=0.72s Sys=0.00s Real=0.12s
[4690.842s][info][gc,marking     ] GC(1411) Concurrent Scan Root Regions 175.166ms
[4690.842s][info][gc,marking     ] GC(1411) Concurrent Mark
[4690.842s][info][gc,marking     ] GC(1411) Concurrent Mark From Roots
[4690.842s][info][gc,task        ] GC(1411) Using 2 workers of 2 for marking
.[4691.577s][info][gc,marking     ] GC(1411) Concurrent Mark From Roots 734.355ms
[4691.577s][info][gc,marking     ] GC(1411) Concurrent Preclean
[4691.577s][info][gc,marking     ] GC(1411) Concurrent Preclean 0.119ms
[4691.578s][info][gc,start       ] GC(1411) Pause Remark
[4691.583s][info][gc             ] GC(1411) Pause Remark 2262M->2262M(4096M) 5.024ms
[4691.583s][info][gc,cpu         ] GC(1411) User=0.02s Sys=0.00s Real=0.00s
[4691.584s][info][gc,marking     ] GC(1411) Concurrent Mark 741.234ms
[4691.584s][info][gc,marking     ] GC(1411) Concurrent Rebuild Remembered Sets and Scrub Regions
[4691.911s][info][gc,marking     ] GC(1411) Concurrent Rebuild Remembered Sets and Scrub Regions 327.171ms
[4691.911s][info][gc,start       ] GC(1411) Pause Cleanup
[4691.911s][info][gc             ] GC(1411) Pause Cleanup 2602M->2602M(4096M) 0.104ms
[4691.911s][info][gc,cpu         ] GC(1411) User=0.00s Sys=0.00s Real=0.00s
[4691.915s][info][gc,marking     ] GC(1411) Concurrent Clear Claimed Marks
[4691.915s][info][gc,marking     ] GC(1411) Concurrent Clear Claimed Marks 0.057ms
[4691.915s][info][gc,marking     ] GC(1411) Concurrent Cleanup for Next Mark
[4692.013s][info][gc,marking     ] GC(1411) Concurrent Cleanup for Next Mark 98.467ms
[4692.014s][info][gc             ] GC(1411) Concurrent Mark Cycle 1346.462ms
.[4692.737s][info][gc,start       ] GC(1412) Pause Young (Prepare Mixed) (G1 Evacuation Pause)
[4692.737s][info][gc,task        ] GC(1412) Using 6 workers of 6 for evacuation
[4692.853s][info][gc,phases      ] GC(1412)   Pre Evacuate Collection Set: 0.35ms
[4692.853s][info][gc,phases      ] GC(1412)   Merge Heap Roots: 0.54ms
[4692.853s][info][gc,phases      ] GC(1412)   Evacuate Collection Set: 114.22ms
[4692.853s][info][gc,phases      ] GC(1412)   Post Evacuate Collection Set: 0.95ms
[4692.853s][info][gc,phases      ] GC(1412)   Other: 0.10ms
[4692.853s][info][gc,heap        ] GC(1412) Eden regions: 1116->0(1111)
[4692.853s][info][gc,heap        ] GC(1412) Survivor regions: 112->108(154)
[4692.853s][info][gc,heap        ] GC(1412) Old regions: 507->538
[4692.853s][info][gc,heap        ] GC(1412) Humongous regions: 80->80
[4692.853s][info][gc,metaspace   ] GC(1412) Metaspace: 28867K(29248K)->28867K(29248K) NonClass: 24000K(24192K)->24000K(24192K) Class: 4867K(5056K)->4867K(5056K)
[4692.853s][info][gc             ] GC(1412) Pause Young (Prepare Mixed) (G1 Evacuation Pause) 3628M->1449M(4096M) 116.288ms
[4692.853s][info][gc,cpu         ] GC(1412) User=0.68s Sys=0.00s Real=0.12s
..[4694.882s][info][gc,start       ] GC(1413) Pause Young (Mixed) (G1 Evacuation Pause)
[4694.882s][info][gc,task        ] GC(1413) Using 6 workers of 6 for evacuation
[4695.018s][info][gc,phases      ] GC(1413)   Pre Evacuate Collection Set: 0.35ms
[4695.018s][info][gc,phases      ] GC(1413)   Merge Heap Roots: 0.71ms
[4695.018s][info][gc,phases      ] GC(1413)   Evacuate Collection Set: 133.30ms
[4695.018s][info][gc,phases      ] GC(1413)   Post Evacuate Collection Set: 0.95ms
[4695.018s][info][gc,phases      ] GC(1413)   Other: 0.09ms
[4695.018s][info][gc,heap        ] GC(1413) Eden regions: 1111->0(1118)
[4695.018s][info][gc,heap        ] GC(1413) Survivor regions: 108->110(153)
[4695.018s][info][gc,heap        ] GC(1413) Old regions: 538->474
[4695.018s][info][gc,heap        ] GC(1413) Humongous regions: 80->80
[4695.018s][info][gc,metaspace   ] GC(1413) Metaspace: 28867K(29248K)->28867K(29248K) NonClass: 24000K(24192K)->24000K(24192K) Class: 4867K(5056K)->4867K(5056K)
[4695.018s][info][gc             ] GC(1413) Pause Young (Mixed) (G1 Evacuation Pause) 3671M->1327M(4096M) 135.533ms
[4695.018s][info][gc,cpu         ] GC(1413) User=0.80s Sys=0.00s Real=0.13s
..[4697.125s][info][gc,start       ] GC(1414) Pause Young (Concurrent Start) (G1 Evacuation Pause)
[4697.125s][info][gc,task        ] GC(1414) Using 6 workers of 6 for evacuation
[4697.245s][info][gc,phases      ] GC(1414)   Pre Evacuate Collection Set: 0.34ms
[4697.245s][info][gc,phases      ] GC(1414)   Merge Heap Roots: 0.44ms
[4697.245s][info][gc,phases      ] GC(1414)   Evacuate Collection Set: 118.36ms
[4697.245s][info][gc,phases      ] GC(1414)   Post Evacuate Collection Set: 0.89ms
[4697.245s][info][gc,phases      ] GC(1414)   Other: 0.11ms
[4697.245s][info][gc,heap        ] GC(1414) Eden regions: 1118->0(1115)
[4697.245s][info][gc,heap        ] GC(1414) Survivor regions: 110->113(154)
[4697.245s][info][gc,heap        ] GC(1414) Old regions: 474->506
[4697.245s][info][gc,heap        ] GC(1414) Humongous regions: 80->80
[4697.245s][info][gc,metaspace   ] GC(1414) Metaspace: 28867K(29248K)->28867K(29248K) NonClass: 24000K(24192K)->24000K(24192K) Class: 4867K(5056K)->4867K(5056K)
[4697.245s][info][gc             ] GC(1414) Pause Young (Concurrent Start) (G1 Evacuation Pause) 3563M->1395M(4096M) 120.262ms
[4697.245s][info][gc             ] GC(1415) Concurrent Mark Cycle
[4697.245s][info][gc,marking     ] GC(1415) Concurrent Scan Root Regions
[4697.245s][info][gc,cpu         ] GC(1414) User=0.72s Sys=0.00s Real=0.12s
[4697.380s][info][gc,marking     ] GC(1415) Concurrent Scan Root Regions 134.616ms
[4697.380s][info][gc,marking     ] GC(1415) Concurrent Mark
[4697.380s][info][gc,marking     ] GC(1415) Concurrent Mark From Roots
[4697.380s][info][gc,task        ] GC(1415) Using 2 workers of 2 for marking
.[4698.109s][info][gc,marking     ] GC(1415) Concurrent Mark From Roots 729.558ms
[4698.109s][info][gc,marking     ] GC(1415) Concurrent Preclean
[4698.109s][info][gc,marking     ] GC(1415) Concurrent Preclean 0.158ms
[4698.111s][info][gc,start       ] GC(1415) Pause Remark
[4698.114s][info][gc             ] GC(1415) Pause Remark 2123M->2123M(4096M) 2.735ms
[4698.114s][info][gc,cpu         ] GC(1415) User=0.01s Sys=0.00s Real=0.00s
[4698.115s][info][gc,marking     ] GC(1415) Concurrent Mark 735.622ms
[4698.115s][info][gc,marking     ] GC(1415) Concurrent Rebuild Remembered Sets and Scrub Regions
[4698.414s][info][gc,marking     ] GC(1415) Concurrent Rebuild Remembered Sets and Scrub Regions 299.141ms
[4698.416s][info][gc,start       ] GC(1415) Pause Cleanup
[4698.416s][info][gc             ] GC(1415) Pause Cleanup 2467M->2467M(4096M) 0.123ms
[4698.416s][info][gc,cpu         ] GC(1415) User=0.00s Sys=0.00s Real=0.00s
[4698.416s][info][gc,marking     ] GC(1415) Concurrent Clear Claimed Marks
[4698.416s][info][gc,marking     ] GC(1415) Concurrent Clear Claimed Marks 0.033ms
[4698.416s][info][gc,marking     ] GC(1415) Concurrent Cleanup for Next Mark
[4698.422s][info][gc,marking     ] GC(1415) Concurrent Cleanup for Next Mark 6.233ms
[4698.422s][info][gc             ] GC(1415) Concurrent Mark Cycle 1177.246ms
.[4699.316s][info][gc,start       ] GC(1416) Pause Young (Prepare Mixed) (G1 Evacuation Pause)
[4699.316s][info][gc,task        ] GC(1416) Using 6 workers of 6 for evacuation
[4699.435s][info][gc,phases      ] GC(1416)   Pre Evacuate Collection Set: 0.36ms
[4699.435s][info][gc,phases      ] GC(1416)   Merge Heap Roots: 0.55ms
[4699.435s][info][gc,phases      ] GC(1416)   Evacuate Collection Set: 116.87ms
[4699.435s][info][gc,phases      ] GC(1416)   Post Evacuate Collection Set: 0.90ms
[4699.435s][info][gc,phases      ] GC(1416)   Other: 0.09ms
[4699.435s][info][gc,heap        ] GC(1416) Eden regions: 1115->0(1104)
[4699.435s][info][gc,heap        ] GC(1416) Survivor regions: 113->112(154)
[4699.435s][info][gc,heap        ] GC(1416) Old regions: 506->537
[4699.435s][info][gc,heap        ] GC(1416) Humongous regions: 80->80
[4699.435s][info][gc,metaspace   ] GC(1416) Metaspace: 28867K(29248K)->28867K(29248K) NonClass: 24000K(24192K)->24000K(24192K) Class: 4867K(5056K)->4867K(5056K)
[4699.435s][info][gc             ] GC(1416) Pause Young (Prepare Mixed) (G1 Evacuation Pause) 3625M->1456M(4096M) 118.930ms
[4699.435s][info][gc,cpu         ] GC(1416) User=0.70s Sys=0.00s Real=0.12s
...[4701.578s][info][gc,start       ] GC(1417) Pause Young (Mixed) (G1 Evacuation Pause)
[4701.578s][info][gc,task        ] GC(1417) Using 6 workers of 6 for evacuation
[4701.719s][info][gc,phases      ] GC(1417)   Pre Evacuate Collection Set: 0.34ms
[4701.719s][info][gc,phases      ] GC(1417)   Merge Heap Roots: 0.64ms
[4701.719s][info][gc,phases      ] GC(1417)   Evacuate Collection Set: 138.81ms
[4701.719s][info][gc,phases      ] GC(1417)   Post Evacuate Collection Set: 0.97ms
[4701.719s][info][gc,phases      ] GC(1417)   Other: 0.09ms
[4701.719s][info][gc,heap        ] GC(1417) Eden regions: 1104->0(1111)
[4701.719s][info][gc,heap        ] GC(1417) Survivor regions: 112->117(152)
[4701.719s][info][gc,heap        ] GC(1417) Old regions: 537->475
[4701.719s][info][gc,heap        ] GC(1417) Humongous regions: 80->80
[4701.719s][info][gc,metaspace   ] GC(1417) Metaspace: 28867K(29248K)->28867K(29248K) NonClass: 24000K(24192K)->24000K(24192K) Class: 4867K(5056K)->4867K(5056K)
[4701.719s][info][gc             ] GC(1417) Pause Young (Mixed) (G1 Evacuation Pause) 3664M->1341M(4096M) 140.995ms
[4701.719s][info][gc,cpu         ] GC(1417) User=0.84s Sys=0.00s Real=0.14s
..[4703.786s][info][gc,start       ] GC(1418) Pause Young (Concurrent Start) (G1 Evacuation Pause)
[4703.786s][info][gc,task        ] GC(1418) Using 6 workers of 6 for evacuation
[4703.902s][info][gc,phases      ] GC(1418)   Pre Evacuate Collection Set: 0.37ms
[4703.902s][info][gc,phases      ] GC(1418)   Merge Heap Roots: 0.43ms
[4703.902s][info][gc,phases      ] GC(1418)   Evacuate Collection Set: 114.67ms
[4703.902s][info][gc,phases      ] GC(1418)   Post Evacuate Collection Set: 0.88ms
[4703.902s][info][gc,phases      ] GC(1418)   Other: 0.10ms
[4703.902s][info][gc,heap        ] GC(1418) Eden regions: 1111->0(1121)
[4703.902s][info][gc,heap        ] GC(1418) Survivor regions: 117->107(154)
[4703.902s][info][gc,heap        ] GC(1418) Old regions: 475->507
[4703.902s][info][gc,heap        ] GC(1418) Humongous regions: 80->80
[4703.902s][info][gc,metaspace   ] GC(1418) Metaspace: 28867K(29248K)->28867K(29248K) NonClass: 24000K(24192K)->24000K(24192K) Class: 4867K(5056K)->4867K(5056K)
[4703.902s][info][gc             ] GC(1418) Pause Young (Concurrent Start) (G1 Evacuation Pause) 3563M->1386M(4096M) 116.601ms
[4703.902s][info][gc             ] GC(1419) Concurrent Mark Cycle
[4703.902s][info][gc,marking     ] GC(1419) Concurrent Scan Root Regions
[4703.902s][info][gc,cpu         ] GC(1418) User=0.69s Sys=0.00s Real=0.12s
[4704.045s][info][gc,marking     ] GC(1419) Concurrent Scan Root Regions 142.528ms
[4704.045s][info][gc,marking     ] GC(1419) Concurrent Mark
[4704.045s][info][gc,marking     ] GC(1419) Concurrent Mark From Roots
[4704.045s][info][gc,task        ] GC(1419) Using 2 workers of 2 for marking
.[4704.816s][info][gc,marking     ] GC(1419) Concurrent Mark From Roots 771.530ms
[4704.816s][info][gc,marking     ] GC(1419) Concurrent Preclean
[4704.817s][info][gc,marking     ] GC(1419) Concurrent Preclean 0.140ms
[4704.818s][info][gc,start       ] GC(1419) Pause Remark
[4704.822s][info][gc             ] GC(1419) Pause Remark 2210M->2210M(4096M) 4.690ms
[4704.822s][info][gc,cpu         ] GC(1419) User=0.03s Sys=0.00s Real=0.01s
[4704.823s][info][gc,marking     ] GC(1419) Concurrent Mark 778.203ms
[4704.823s][info][gc,marking     ] GC(1419) Concurrent Rebuild Remembered Sets and Scrub Regions
[4705.223s][info][gc,marking     ] GC(1419) Concurrent Rebuild Remembered Sets and Scrub Regions 399.668ms
[4705.224s][info][gc,start       ] GC(1419) Pause Cleanup
[4705.224s][info][gc             ] GC(1419) Pause Cleanup 2580M->2580M(4096M) 0.130ms
[4705.224s][info][gc,cpu         ] GC(1419) User=0.00s Sys=0.00s Real=0.00s
[4705.225s][info][gc,marking     ] GC(1419) Concurrent Clear Claimed Marks
[4705.225s][info][gc,marking     ] GC(1419) Concurrent Clear Claimed Marks 0.037ms
[4705.225s][info][gc,marking     ] GC(1419) Concurrent Cleanup for Next Mark
[4705.233s][info][gc,marking     ] GC(1419) Concurrent Cleanup for Next Mark 8.010ms
[4705.233s][info][gc             ] GC(1419) Concurrent Mark Cycle 1330.830ms
.[4706.076s][info][gc,start       ] GC(1420) Pause Young (Prepare Mixed) (G1 Evacuation Pause)
[4706.076s][info][gc,task        ] GC(1420) Using 6 workers of 6 for evacuation
[4706.197s][info][gc,phases      ] GC(1420)   Pre Evacuate Collection Set: 0.34ms
[4706.197s][info][gc,phases      ] GC(1420)   Merge Heap Roots: 0.51ms
[4706.197s][info][gc,phases      ] GC(1420)   Evacuate Collection Set: 119.21ms
[4706.197s][info][gc,phases      ] GC(1420)   Post Evacuate Collection Set: 0.93ms
[4706.197s][info][gc,phases      ] GC(1420)   Other: 0.09ms
[4706.197s][info][gc,heap        ] GC(1420) Eden regions: 1121->0(1102)
[4706.197s][info][gc,heap        ] GC(1420) Survivor regions: 107->112(154)
[4706.197s][info][gc,heap        ] GC(1420) Old regions: 507->539
[4706.197s][info][gc,heap        ] GC(1420) Humongous regions: 80->80
[4706.197s][info][gc,metaspace   ] GC(1420) Metaspace: 28867K(29248K)->28867K(29248K) NonClass: 24000K(24192K)->24000K(24192K) Class: 4867K(5056K)->4867K(5056K)
[4706.197s][info][gc             ] GC(1420) Pause Young (Prepare Mixed) (G1 Evacuation Pause) 3628M->1460M(4096M) 121.215ms
[4706.198s][info][gc,cpu         ] GC(1420) User=0.72s Sys=0.00s Real=0.12s
..[4708.131s][info][gc,start       ] GC(1421) Pause Young (Mixed) (G1 Evacuation Pause)
[4708.131s][info][gc,task        ] GC(1421) Using 6 workers of 6 for evacuation
[4708.273s][info][gc,phases      ] GC(1421)   Pre Evacuate Collection Set: 0.40ms
[4708.273s][info][gc,phases      ] GC(1421)   Merge Heap Roots: 0.74ms
[4708.273s][info][gc,phases      ] GC(1421)   Evacuate Collection Set: 139.83ms
[4708.273s][info][gc,phases      ] GC(1421)   Post Evacuate Collection Set: 0.95ms
[4708.273s][info][gc,phases      ] GC(1421)   Other: 0.09ms
[4708.273s][info][gc,heap        ] GC(1421) Eden regions: 1102->0(1116)
[4708.273s][info][gc,heap        ] GC(1421) Survivor regions: 112->112(152)
[4708.273s][info][gc,heap        ] GC(1421) Old regions: 539->476
[4708.273s][info][gc,heap        ] GC(1421) Humongous regions: 80->80
[4708.273s][info][gc,metaspace   ] GC(1421) Metaspace: 28867K(29248K)->28867K(29248K) NonClass: 24000K(24192K)->24000K(24192K) Class: 4867K(5056K)->4867K(5056K)
[4708.273s][info][gc             ] GC(1421) Pause Young (Mixed) (G1 Evacuation Pause) 3664M->1335M(4096M) 142.156ms
[4708.274s][info][gc,cpu         ] GC(1421) User=0.84s Sys=0.00s Real=0.14s
. (rIR:aIR:PR = 8441:8417:8417) (tPR = 124900) [OK] 
  4708s: Performance info:
         Transaction,    Success,    Partial,     Failed,   Receipts, AvgBarcode, 
             Overall,     512723,          0,          0,     486844,      59.47, 
         Response times:
             Request,    Success,    Partial,     Failed,   SkipFail,     Probes,    Samples,      min,      p50,      p90,      p95,      p99,      max, 
       TotalPurchase,     486844,          0,          0,          0,     350890,     410149,      200,     8700,   159000,   214000,   289000,   700000,
     InStorePurchase,     256329,          0,          0,          0,     184127,     215298,      300,     8600,   158000,   214000,   290000,   610000,
      OnlinePurchase,     179437,          0,          0,          0,     129238,     151241,      200,     8900,   162000,   214000,   288000,   700000,
        InstPurchase,      51078,          0,          0,          0,      37525,      43610,      400,     8600,   157000,   213000,   284000,   454000,
          AssocOfCat,        515,          0,          0,          0,        411,        550,    26000,    56000,   203900,   254000,   344960,   680000,
      AssocOfProduct,       5195,          0,          0,          0,       3543,       4424,      600,     7900,   148000,   204500,   278000,   414000,
      BusinessReport,       1291,          0,          0,          0,       1119,       1405,    27000,    58000,   233400,   278000,   363000,   680000,
          CustBuyBeh,       5194,          0,          0,          0,       3554,       4395,      700,     9700,   160000,   216000,   285040,   454000,
       ProductReturn,      13684,          0,          0,          0,       9318,      10985,      200,     9600,   166000,   214000,   284000,   454000,

  4708s: (62%)   IR =   8579 .[4710.384s][info][gc,start       ] GC(1422) Pause Young (Concurrent Start) (G1 Evacuation Pause)
[4710.384s][info][gc,task        ] GC(1422) Using 6 workers of 6 for evacuation
[4710.511s][info][gc,phases      ] GC(1422)   Pre Evacuate Collection Set: 0.41ms
[4710.511s][info][gc,phases      ] GC(1422)   Merge Heap Roots: 0.51ms
[4710.511s][info][gc,phases      ] GC(1422)   Evacuate Collection Set: 125.26ms
[4710.511s][info][gc,phases      ] GC(1422)   Post Evacuate Collection Set: 0.90ms
[4710.511s][info][gc,phases      ] GC(1422)   Other: 0.09ms
[4710.511s][info][gc,heap        ] GC(1422) Eden regions: 1116->0(1113)
[4710.511s][info][gc,heap        ] GC(1422) Survivor regions: 112->115(154)
[4710.511s][info][gc,heap        ] GC(1422) Old regions: 476->508
[4710.511s][info][gc,heap        ] GC(1422) Humongous regions: 80->80
[4710.511s][info][gc,metaspace   ] GC(1422) Metaspace: 28867K(29248K)->28867K(29248K) NonClass: 24000K(24192K)->24000K(24192K) Class: 4867K(5056K)->4867K(5056K)
[4710.511s][info][gc             ] GC(1422) Pause Young (Concurrent Start) (G1 Evacuation Pause) 3567M->1404M(4096M) 127.313ms
[4710.511s][info][gc             ] GC(1423) Concurrent Mark Cycle
[4710.511s][info][gc,marking     ] GC(1423) Concurrent Scan Root Regions
[4710.511s][info][gc,cpu         ] GC(1422) User=0.75s Sys=0.00s Real=0.13s
[4710.697s][info][gc,marking     ] GC(1423) Concurrent Scan Root Regions 185.952ms
[4710.697s][info][gc,marking     ] GC(1423) Concurrent Mark
[4710.697s][info][gc,marking     ] GC(1423) Concurrent Mark From Roots
[4710.697s][info][gc,task        ] GC(1423) Using 2 workers of 2 for marking
.[4711.704s][info][gc,marking     ] GC(1423) Concurrent Mark From Roots 1006.986ms
[4711.704s][info][gc,marking     ] GC(1423) Concurrent Preclean
[4711.705s][info][gc,marking     ] GC(1423) Concurrent Preclean 0.185ms
[4711.708s][info][gc,start       ] GC(1423) Pause Remark
[4711.715s][info][gc             ] GC(1423) Pause Remark 2518M->2518M(4096M) 6.872ms
[4711.715s][info][gc,cpu         ] GC(1423) User=0.03s Sys=0.00s Real=0.00s
[4711.715s][info][gc,marking     ] GC(1423) Concurrent Mark 1017.974ms
[4711.715s][info][gc,marking     ] GC(1423) Concurrent Rebuild Remembered Sets and Scrub Regions
.[4712.149s][info][gc,marking     ] GC(1423) Concurrent Rebuild Remembered Sets and Scrub Regions 433.250ms
[4712.150s][info][gc,start       ] GC(1423) Pause Cleanup
[4712.150s][info][gc             ] GC(1423) Pause Cleanup 2970M->2970M(4096M) 0.125ms
[4712.150s][info][gc,cpu         ] GC(1423) User=0.00s Sys=0.00s Real=0.00s
[4712.150s][info][gc,marking     ] GC(1423) Concurrent Clear Claimed Marks
[4712.150s][info][gc,marking     ] GC(1423) Concurrent Clear Claimed Marks 0.029ms
[4712.150s][info][gc,marking     ] GC(1423) Concurrent Cleanup for Next Mark
[4712.158s][info][gc,marking     ] GC(1423) Concurrent Cleanup for Next Mark 7.125ms
[4712.158s][info][gc             ] GC(1423) Concurrent Mark Cycle 1646.252ms
[4712.713s][info][gc,start       ] GC(1424) Pause Young (Prepare Mixed) (G1 Evacuation Pause)
[4712.713s][info][gc,task        ] GC(1424) Using 6 workers of 6 for evacuation
[4712.829s][info][gc,phases      ] GC(1424)   Pre Evacuate Collection Set: 0.33ms
[4712.829s][info][gc,phases      ] GC(1424)   Merge Heap Roots: 0.50ms
[4712.829s][info][gc,phases      ] GC(1424)   Evacuate Collection Set: 113.62ms
[4712.829s][info][gc,phases      ] GC(1424)   Post Evacuate Collection Set: 0.96ms
[4712.829s][info][gc,phases      ] GC(1424)   Other: 0.09ms
[4712.829s][info][gc,heap        ] GC(1424) Eden regions: 1113->0(1113)
[4712.829s][info][gc,heap        ] GC(1424) Survivor regions: 115->106(154)
[4712.829s][info][gc,heap        ] GC(1424) Old regions: 508->540
[4712.829s][info][gc,heap        ] GC(1424) Humongous regions: 80->80
[4712.829s][info][gc,metaspace   ] GC(1424) Metaspace: 28867K(29248K)->28867K(29248K) NonClass: 24000K(24192K)->24000K(24192K) Class: 4867K(5056K)->4867K(5056K)
[4712.829s][info][gc             ] GC(1424) Pause Young (Prepare Mixed) (G1 Evacuation Pause) 3630M->1451M(4096M) 115.643ms
[4712.829s][info][gc,cpu         ] GC(1424) User=0.69s Sys=0.00s Real=0.12s
..[4714.926s][info][gc,start       ] GC(1425) Pause Young (Mixed) (G1 Evacuation Pause)
[4714.926s][info][gc,task        ] GC(1425) Using 6 workers of 6 for evacuation
[4715.059s][info][gc,phases      ] GC(1425)   Pre Evacuate Collection Set: 0.39ms
[4715.059s][info][gc,phases      ] GC(1425)   Merge Heap Roots: 0.74ms
[4715.059s][info][gc,phases      ] GC(1425)   Evacuate Collection Set: 130.83ms
[4715.059s][info][gc,phases      ] GC(1425)   Post Evacuate Collection Set: 0.94ms
[4715.059s][info][gc,phases      ] GC(1425)   Other: 0.88ms
[4715.059s][info][gc,heap        ] GC(1425) Eden regions: 1113->0(1119)
[4715.059s][info][gc,heap        ] GC(1425) Survivor regions: 106->109(153)
[4715.059s][info][gc,heap        ] GC(1425) Old regions: 540->477
[4715.059s][info][gc,heap        ] GC(1425) Humongous regions: 80->80
[4715.059s][info][gc,metaspace   ] GC(1425) Metaspace: 28867K(29248K)->28867K(29248K) NonClass: 24000K(24192K)->24000K(24192K) Class: 4867K(5056K)->4867K(5056K)
[4715.059s][info][gc             ] GC(1425) Pause Young (Mixed) (G1 Evacuation Pause) 3677M->1329M(4096M) 133.904ms
[4715.059s][info][gc,cpu         ] GC(1425) User=0.79s Sys=0.00s Real=0.14s
...[4717.118s][info][gc,start       ] GC(1426) Pause Young (Concurrent Start) (G1 Evacuation Pause)
[4717.118s][info][gc,task        ] GC(1426) Using 6 workers of 6 for evacuation
[4717.236s][info][gc,phases      ] GC(1426)   Pre Evacuate Collection Set: 0.36ms
[4717.236s][info][gc,phases      ] GC(1426)   Merge Heap Roots: 0.46ms
[4717.236s][info][gc,phases      ] GC(1426)   Evacuate Collection Set: 115.51ms
[4717.236s][info][gc,phases      ] GC(1426)   Post Evacuate Collection Set: 0.89ms
[4717.236s][info][gc,phases      ] GC(1426)   Other: 0.11ms
[4717.236s][info][gc,heap        ] GC(1426) Eden regions: 1119->0(1119)
[4717.236s][info][gc,heap        ] GC(1426) Survivor regions: 109->109(154)
[4717.236s][info][gc,heap        ] GC(1426) Old regions: 477->508
[4717.236s][info][gc,heap        ] GC(1426) Humongous regions: 80->80
[4717.236s][info][gc,metaspace   ] GC(1426) Metaspace: 28867K(29248K)->28867K(29248K) NonClass: 24000K(24192K)->24000K(24192K) Class: 4867K(5056K)->4867K(5056K)
[4717.236s][info][gc             ] GC(1426) Pause Young (Concurrent Start) (G1 Evacuation Pause) 3567M->1392M(4096M) 117.470ms
[4717.236s][info][gc             ] GC(1427) Concurrent Mark Cycle
[4717.236s][info][gc,marking     ] GC(1427) Concurrent Scan Root Regions
[4717.236s][info][gc,cpu         ] GC(1426) User=0.70s Sys=0.00s Real=0.11s
[4717.407s][info][gc,marking     ] GC(1427) Concurrent Scan Root Regions 171.597ms
[4717.408s][info][gc,marking     ] GC(1427) Concurrent Mark
