[0.002s][info][gc,init] CardTable entry size: 512
[0.002s][info][gc     ] Using G1
[0.009s][info][gc,init] Version: 24-internal-adhoc.thomas.source (release)
[0.009s][info][gc,init] CPUs: 8 total, 6 available
[0.009s][info][gc,init] Memory: 15662M
[0.009s][info][gc,init] Large Page Support: Disabled
[0.009s][info][gc,init] NUMA Support: Disabled
[0.009s][info][gc,init] Compressed Oops: Enabled (Zero based)
[0.009s][info][gc,init] Heap Region Size: 2M
[0.009s][info][gc,init] Heap Min Capacity: 4G
[0.009s][info][gc,init] Heap Initial Capacity: 4G
[0.009s][info][gc,init] Heap Max Capacity: 4G
[0.009s][info][gc,init] Pre-touch: Disabled
[0.009s][info][gc,init] Parallel Workers: 6
[0.009s][info][gc,init] Concurrent Workers: 2
[0.009s][info][gc,init] Concurrent Refinement Workers: 6
[0.009s][info][gc,init] Periodic GC: Disabled
[0.009s][info][gc,metaspace] CDS archive(s) not mapped
[0.009s][info][gc,metaspace] Compressed class space mapped at: 0x0000000029000000-0x0000000069000000, reserved size: 1073741824
[0.009s][info][gc,metaspace] UseCompressedClassPointers 1, UseCompactObjectHeaders 1, narrow klass pointer bits 22, max shift 10
[0.009s][info][gc,metaspace] Narrow klass base: 0x0000000029000000, Narrow klass shift: 9, Narrow klass range: 0x40000000

SPECjbb2015 Java Business Benchmark
 (c) Standard Performance Evaluation Corporation, 2015

Preparing to launch All-in-one SPECjbb2015.

Reading property file: /shared/projects/openjdk/analysis/lilliput-benefits/specjbb/results-COH-ON-G1-3/./config/specjbb2015.props

     0s: Enumerating plugins...
     0s:    Connectivity:
     0s:             HTTP_Grizzly: Grizzly HTTP server, JDK HTTP client
     0s:              NIO_Grizzly: Grizzly NIO server, Grizzly NIO client
     0s:               HTTP_Jetty: Jetty HTTP server, JDK HTTP client
     0s:    Snapshot:
     0s:                 InMemory: Stores snapshots in heap memory
     0s:    Data Writers:
     0s:                     Demo: Send all frame to listener
     0s:                   InFile: Writing Data into file
     0s:                   Silent: Drop all frames
     0s: 
     0s: Kit validation is skipped.
     0s: Tests are skipped.
     0s: 
     0s: [0.839s][info][gc,start    ] GC(0) Pause Young (Normal) (G1 Evacuation Pause)
[0.839s][info][gc,task     ] GC(0) Using 6 workers of 6 for evacuation
[0.844s][info][gc,phases   ] GC(0)   Pre Evacuate Collection Set: 0.30ms
[0.844s][info][gc,phases   ] GC(0)   Merge Heap Roots: 0.08ms
[0.844s][info][gc,phases   ] GC(0)   Evacuate Collection Set: 4.02ms
[0.844s][info][gc,phases   ] GC(0)   Post Evacuate Collection Set: 0.48ms
[0.844s][info][gc,phases   ] GC(0)   Other: 0.35ms
[0.844s][info][gc,heap     ] GC(0) Eden regions: 102->0(99)
[0.844s][info][gc,heap     ] GC(0) Survivor regions: 0->3(13)
[0.844s][info][gc,heap     ] GC(0) Old regions: 0->0
[0.844s][info][gc,heap     ] GC(0) Humongous regions: 0->0
[0.844s][info][gc,metaspace] GC(0) Metaspace: 21075K(21248K)->21075K(21248K) NonClass: 17075K(17152K)->17075K(17152K) Class: 3999K(4096K)->3999K(4096K)
[0.844s][info][gc          ] GC(0) Pause Young (Normal) (G1 Evacuation Pause) 204M->5M(4096M) 5.427ms
[0.844s][info][gc,cpu      ] GC(0) User=0.01s Sys=0.02s Real=0.01s
[0.996s][info][gc,start    ] GC(1) Pause Young (Concurrent Start) (Metadata GC Threshold)
[0.996s][info][gc,task     ] GC(1) Using 6 workers of 6 for evacuation
[0.999s][info][gc,phases   ] GC(1)   Pre Evacuate Collection Set: 0.31ms
[0.999s][info][gc,phases   ] GC(1)   Merge Heap Roots: 0.03ms
[0.999s][info][gc,phases   ] GC(1)   Evacuate Collection Set: 2.40ms
[0.999s][info][gc,phases   ] GC(1)   Post Evacuate Collection Set: 0.33ms
[0.999s][info][gc,phases   ] GC(1)   Other: 0.06ms
[0.999s][info][gc,heap     ] GC(1) Eden regions: 47->0(99)
[0.999s][info][gc,heap     ] GC(1) Survivor regions: 3->3(13)
[0.999s][info][gc,heap     ] GC(1) Old regions: 0->0
[0.999s][info][gc,heap     ] GC(1) Humongous regions: 0->0
[0.999s][info][gc,metaspace] GC(1) Metaspace: 21410K(21504K)->21410K(21504K) NonClass: 17379K(17408K)->17379K(17408K) Class: 4031K(4096K)->4031K(4096K)
[0.999s][info][gc          ] GC(1) Pause Young (Concurrent Start) (Metadata GC Threshold) 99M->5M(4096M) 3.264ms
[0.999s][info][gc,cpu      ] GC(1) User=0.01s Sys=0.00s Real=0.00s
[0.999s][info][gc          ] GC(2) Concurrent Mark Cycle
[0.999s][info][gc,marking  ] GC(2) Concurrent Scan Root Regions
[1.001s][info][gc,marking  ] GC(2) Concurrent Scan Root Regions 1.422ms
[1.001s][info][gc,marking  ] GC(2) Concurrent Mark
[1.001s][info][gc,marking  ] GC(2) Concurrent Mark From Roots
[1.001s][info][gc,task     ] GC(2) Using 2 workers of 2 for marking
[1.002s][info][gc,marking  ] GC(2) Concurrent Mark From Roots 0.750ms
[1.002s][info][gc,marking  ] GC(2) Concurrent Preclean
[1.002s][info][gc,marking  ] GC(2) Concurrent Preclean 0.008ms
[1.002s][info][gc,start    ] GC(2) Pause Remark
[1.003s][info][gc          ] GC(2) Pause Remark 6M->6M(4096M) 0.873ms
[1.003s][info][gc,cpu      ] GC(2) User=0.01s Sys=0.00s Real=0.00s
[1.003s][info][gc,marking  ] GC(2) Concurrent Mark 1.882ms
[1.003s][info][gc,marking  ] GC(2) Concurrent Rebuild Remembered Sets and Scrub Regions
[1.003s][info][gc,marking  ] GC(2) Concurrent Rebuild Remembered Sets and Scrub Regions 0.066ms
[1.003s][info][gc,start    ] GC(2) Pause Cleanup
[1.003s][info][gc          ] GC(2) Pause Cleanup 6M->6M(4096M) 0.015ms
[1.003s][info][gc,cpu      ] GC(2) User=0.00s Sys=0.00s Real=0.00s
[1.003s][info][gc,marking  ] GC(2) Concurrent Clear Claimed Marks
[1.003s][info][gc,marking  ] GC(2) Concurrent Clear Claimed Marks 0.009ms
[1.003s][info][gc,marking  ] GC(2) Concurrent Cleanup for Next Mark
[1.008s][info][gc,marking  ] GC(2) Concurrent Cleanup for Next Mark 5.232ms
[1.008s][info][gc          ] GC(2) Concurrent Mark Cycle 8.819ms
Ladies and gentlemen, this is your Controller speaking.
     0s: We are delighted in having you for benchmark run today.
     0s: 
     0s: Binary log file is ./specjbb2015-C-20240908-00001.data.gz
     0s: 
     0s: Performing handshake with all agents ...
     0s: 
     0s:  Agent Group1.TxInjector.CompositeTxInjector has attached to Controller
     0s:  Agent Group1.Backend.CompositeBackend has attached to Controller
     0s: 
     0s: All agents have connected.
     0s: 
     0s: Attached agents info:

Group "Group1"
    TxInjectors:
        CompositeTxInjector, includes { Driver } @ [local in-Java link]
    Backends:
        CompositeBackend, includes { SM(2),SP(2) } @ [local in-Java link]

     0s: Initializing... (init[1.182s][info][gc,start    ] GC(3) Pause Young (Normal) (G1 Evacuation Pause)
[1.182s][info][gc,task     ] GC(3) Using 6 workers of 6 for evacuation
[1.245s][info][gc,phases   ] GC(3)   Pre Evacuate Collection Set: 0.32ms
[1.245s][info][gc,phases   ] GC(3)   Merge Heap Roots: 0.07ms
[1.245s][info][gc,phases   ] GC(3)   Evacuate Collection Set: 62.50ms
[1.245s][info][gc,phases   ] GC(3)   Post Evacuate Collection Set: 0.63ms
[1.245s][info][gc,phases   ] GC(3)   Other: 0.06ms
[1.245s][info][gc,heap     ] GC(3) Eden regions: 99->0(89)
[1.245s][info][gc,heap     ] GC(3) Survivor regions: 3->13(13)
[1.245s][info][gc,heap     ] GC(3) Old regions: 0->53
[1.245s][info][gc,heap     ] GC(3) Humongous regions: 15->15
[1.245s][info][gc,metaspace] GC(3) Metaspace: 22648K(22848K)->22648K(22848K) NonClass: 18386K(18496K)->18386K(18496K) Class: 4261K(4352K)->4261K(4352K)
[1.245s][info][gc          ] GC(3) Pause Young (Normal) (G1 Evacuation Pause) 233M->160M(4096M) 63.695ms
[1.245s][info][gc,cpu      ] GC(3) User=0.32s Sys=0.06s Real=0.07s
[1.329s][info][gc,start    ] GC(4) Pause Young (Normal) (G1 Evacuation Pause)
[1.329s][info][gc,task     ] GC(4) Using 6 workers of 6 for evacuation
[1.404s][info][gc,phases   ] GC(4)   Pre Evacuate Collection Set: 0.32ms
[1.404s][info][gc,phases   ] GC(4)   Merge Heap Roots: 0.22ms
[1.404s][info][gc,phases   ] GC(4)   Evacuate Collection Set: 74.24ms
[1.404s][info][gc,phases   ] GC(4)   Post Evacuate Collection Set: 0.39ms
[1.404s][info][gc,phases   ] GC(4)   Other: 0.06ms
[1.404s][info][gc,heap     ] GC(4) Eden regions: 89->0(89)
[1.404s][info][gc,heap     ] GC(4) Survivor regions: 13->13(13)
[1.404s][info][gc,heap     ] GC(4) Old regions: 53->122
[1.404s][info][gc,heap     ] GC(4) Humongous regions: 15->15
[1.404s][info][gc,metaspace] GC(4) Metaspace: 22665K(22848K)->22665K(22848K) NonClass: 18403K(18496K)->18403K(18496K) Class: 4261K(4352K)->4261K(4352K)
[1.404s][info][gc          ] GC(4) Pause Young (Normal) (G1 Evacuation Pause) 338M->300M(4096M) 75.429ms
[1.404s][info][gc,cpu      ] GC(4) User=0.43s Sys=0.02s Real=0.08s
[1.498s][info][gc,start    ] GC(5) Pause Young (Normal) (G1 Evacuation Pause)
[1.498s][info][gc,task     ] GC(5) Using 6 workers of 6 for evacuation
[1.567s][info][gc,phases   ] GC(5)   Pre Evacuate Collection Set: 0.32ms
[1.567s][info][gc,phases   ] GC(5)   Merge Heap Roots: 0.10ms
[1.567s][info][gc,phases   ] GC(5)   Evacuate Collection Set: 67.86ms
[1.567s][info][gc,phases   ] GC(5)   Post Evacuate Collection Set: 0.23ms
[1.567s][info][gc,phases   ] GC(5)   Other: 0.06ms
[1.567s][info][gc,heap     ] GC(5) Eden regions: 89->0(89)
[1.567s][info][gc,heap     ] GC(5) Survivor regions: 13->13(13)
[1.567s][info][gc,heap     ] GC(5) Old regions: 122->192
[1.567s][info][gc,heap     ] GC(5) Humongous regions: 17->17
[1.567s][info][gc,metaspace] GC(5) Metaspace: 22675K(22848K)->22675K(22848K) NonClass: 18413K(18496K)->18413K(18496K) Class: 4261K(4352K)->4261K(4352K)
[1.567s][info][gc          ] GC(5) Pause Young (Normal) (G1 Evacuation Pause) 482M->444M(4096M) 68.695ms
[1.567s][info][gc,cpu      ] GC(5) User=0.37s Sys=0.04s Real=0.07s
[1.727s][info][gc,start    ] GC(6) Pause Young (Normal) (G1 Evacuation Pause)
[1.727s][info][gc,task     ] GC(6) Using 6 workers of 6 for evacuation
[1.801s][info][gc,phases   ] GC(6)   Pre Evacuate Collection Set: 0.36ms
[1.801s][info][gc,phases   ] GC(6)   Merge Heap Roots: 0.13ms
[1.801s][info][gc,phases   ] GC(6)   Evacuate Collection Set: 73.06ms
[1.801s][info][gc,phases   ] GC(6)   Post Evacuate Collection Set: 0.26ms
[1.801s][info][gc,phases   ] GC(6)   Other: 0.06ms
[1.801s][info][gc,heap     ] GC(6) Eden regions: 89->0(89)
[1.801s][info][gc,heap     ] GC(6) Survivor regions: 13->13(13)
[1.801s][info][gc,heap     ] GC(6) Old regions: 192->268
[1.801s][info][gc,heap     ] GC(6) Humongous regions: 19->19
[1.801s][info][gc,metaspace] GC(6) Metaspace: 22696K(22912K)->22696K(22912K) NonClass: 18432K(18496K)->18432K(18496K) Class: 4263K(4416K)->4263K(4416K)
[1.801s][info][gc          ] GC(6) Pause Young (Normal) (G1 Evacuation Pause) 626M->600M(4096M) 74.042ms
[1.801s][info][gc,cpu      ] GC(6) User=0.42s Sys=0.02s Real=0.07s
[1.911s][info][gc,start    ] GC(7) Pause Young (Normal) (G1 Evacuation Pause)
[1.911s][info][gc,task     ] GC(7) Using 6 workers of 6 for evacuation
[1.998s][info][gc,phases   ] GC(7)   Pre Evacuate Collection Set: 0.35ms
[1.998s][info][gc,phases   ] GC(7)   Merge Heap Roots: 0.06ms
[1.998s][info][gc,phases   ] GC(7)   Evacuate Collection Set: 85.64ms
[1.998s][info][gc,phases   ] GC(7)   Post Evacuate Collection Set: 0.19ms
[1.998s][info][gc,phases   ] GC(7)   Other: 0.05ms
[1.998s][info][gc,heap     ] GC(7) Eden regions: 89->0(89)
[1.998s][info][gc,heap     ] GC(7) Survivor regions: 13->13(13)
[1.998s][info][gc,heap     ] GC(7) Old regions: 268->341
[1.998s][info][gc,heap     ] GC(7) Humongous regions: 19->19
[1.998s][info][gc,metaspace] GC(7) Metaspace: 22706K(22976K)->22706K(22976K) NonClass: 18442K(18560K)->18442K(18560K) Class: 4263K(4416K)->4263K(4416K)
[1.998s][info][gc          ] GC(7) Pause Young (Normal) (G1 Evacuation Pause) 778M->745M(4096M) 86.421ms
[1.998s][info][gc,cpu      ] GC(7) User=0.48s Sys=0.03s Real=0.09s
[2.198s][info][gc,start    ] GC(8) Pause Young (Normal) (G1 Evacuation Pause)
[2.199s][info][gc,task     ] GC(8) Using 6 workers of 6 for evacuation
[2.278s][info][gc,phases   ] GC(8)   Pre Evacuate Collection Set: 0.27ms
[2.278s][info][gc,phases   ] GC(8)   Merge Heap Roots: 0.11ms
[2.278s][info][gc,phases   ] GC(8)   Evacuate Collection Set: 78.30ms
[2.278s][info][gc,phases   ] GC(8)   Post Evacuate Collection Set: 0.24ms
[2.278s][info][gc,phases   ] GC(8)   Other: 0.05ms
[2.278s][info][gc,heap     ] GC(8) Eden regions: 89->0(89)
[2.278s][info][gc,heap     ] GC(8) Survivor regions: 13->13(13)
[2.278s][info][gc,heap     ] GC(8) Old regions: 341->401
[2.278s][info][gc,heap     ] GC(8) Humongous regions: 29->29
[2.278s][info][gc,metaspace] GC(8) Metaspace: 22726K(22976K)->22726K(22976K) NonClass: 18461K(18560K)->18461K(18560K) Class: 4264K(4416K)->4264K(4416K)
[2.278s][info][gc          ] GC(8) Pause Young (Normal) (G1 Evacuation Pause) 943M->886M(4096M) 79.107ms
[2.278s][info][gc,cpu      ] GC(8) User=0.45s Sys=0.01s Real=0.08s
[2.487s][info][gc,start    ] GC(9) Pause Young (Normal) (G1 Evacuation Pause)
[2.487s][info][gc,task     ] GC(9) Using 6 workers of 6 for evacuation
[2.566s][info][gc,phases   ] GC(9)   Pre Evacuate Collection Set: 0.28ms
[2.566s][info][gc,phases   ] GC(9)   Merge Heap Roots: 0.26ms
[2.566s][info][gc,phases   ] GC(9)   Evacuate Collection Set: 78.84ms
[2.566s][info][gc,phases   ] GC(9)   Post Evacuate Collection Set: 0.32ms
[2.567s][info][gc,phases   ] GC(9)   Other: 0.05ms
[2.567s][info][gc,heap     ] GC(9) Eden regions: 89->0(89)
[2.567s][info][gc,heap     ] GC(9) Survivor regions: 13->13(13)
[2.567s][info][gc,heap     ] GC(9) Old regions: 401->449
[2.567s][info][gc,heap     ] GC(9) Humongous regions: 39->39
[2.567s][info][gc,metaspace] GC(9) Metaspace: 22770K(23040K)->22770K(23040K) NonClass: 18504K(18624K)->18504K(18624K) Class: 4266K(4416K)->4266K(4416K)
[2.567s][info][gc          ] GC(9) Pause Young (Normal) (G1 Evacuation Pause) 1084M->1001M(4096M) 79.902ms
[2.567s][info][gc,cpu      ] GC(9) User=0.46s Sys=0.02s Real=0.08s
) OK
     2s: 
     2s: Check whether properties are compliant
     2s: (validation=PASSED) Property settings are COMPLIANT.
     2s: 
     2s: Searching for high-bound for max-jOPS possible for this system
     2s: Searching from base IR = 100
     2s:       rampup IR =      0 [reconfig (term) [2.909s][info][gc,start    ] GC(10) Pause Full (System.gc())
[2.909s][info][gc,task     ] GC(10) Using 6 workers of 6 for full compaction
[2.910s][info][gc,phases,start] GC(10) Phase 1: Mark live objects
[2.923s][info][gc,phases      ] GC(10) Phase 1: Mark live objects 13.195ms
[2.923s][info][gc,phases,start] GC(10) Phase 2: Prepare compaction
[2.930s][info][gc,phases      ] GC(10) Phase 2: Prepare compaction 6.685ms
[2.930s][info][gc,phases,start] GC(10) Phase 3: Adjust pointers
[2.938s][info][gc,phases      ] GC(10) Phase 3: Adjust pointers 8.069ms
[2.938s][info][gc,phases,start] GC(10) Phase 4: Compact heap
[2.947s][info][gc,phases      ] GC(10) Phase 4: Compact heap 9.440ms
[2.947s][info][gc,phases,start] GC(10) Phase 5: Reset Metadata
[2.949s][info][gc,phases      ] GC(10) Phase 5: Reset Metadata 1.449ms
[2.953s][info][gc,heap        ] GC(10) Eden regions: 62->0(102)
[2.953s][info][gc,heap        ] GC(10) Survivor regions: 13->0(13)
[2.953s][info][gc,heap        ] GC(10) Old regions: 449->33
[2.953s][info][gc,heap        ] GC(10) Humongous regions: 46->13
[2.953s][info][gc,metaspace   ] GC(10) Metaspace: 23027K(23232K)->23027K(23232K) NonClass: 18719K(18816K)->18719K(18816K) Class: 4307K(4416K)->4307K(4416K)
[2.953s][info][gc             ] GC(10) Pause Full (System.gc()) 1139M->86M(4096M) 44.235ms
[2.953s][info][gc,cpu         ] GC(10) User=0.24s Sys=0.00s Real=0.05s
(init[3.239s][info][gc,start       ] GC(11) Pause Young (Normal) (G1 Evacuation Pause)
[3.239s][info][gc,task        ] GC(11) Using 6 workers of 6 for evacuation
[3.294s][info][gc,phases      ] GC(11)   Pre Evacuate Collection Set: 0.30ms
[3.294s][info][gc,phases      ] GC(11)   Merge Heap Roots: 0.05ms
[3.294s][info][gc,phases      ] GC(11)   Evacuate Collection Set: 54.16ms
[3.294s][info][gc,phases      ] GC(11)   Post Evacuate Collection Set: 0.35ms
[3.294s][info][gc,phases      ] GC(11)   Other: 0.05ms
[3.294s][info][gc,heap        ] GC(11) Eden regions: 102->0(89)
[3.294s][info][gc,heap        ] GC(11) Survivor regions: 0->13(13)
[3.294s][info][gc,heap        ] GC(11) Old regions: 33->92
[3.294s][info][gc,heap        ] GC(11) Humongous regions: 15->15
[3.294s][info][gc,metaspace   ] GC(11) Metaspace: 23034K(23232K)->23034K(23232K) NonClass: 18726K(18816K)->18726K(18816K) Class: 4307K(4416K)->4307K(4416K)
[3.294s][info][gc             ] GC(11) Pause Young (Normal) (G1 Evacuation Pause) 294M->234M(4096M) 55.038ms
[3.294s][info][gc,cpu         ] GC(11) User=0.33s Sys=0.00s Real=0.06s
[3.318s][info][gc,start       ] GC(12) Pause Young (Normal) (G1 Evacuation Pause)
[3.318s][info][gc,task        ] GC(12) Using 6 workers of 6 for evacuation
[3.390s][info][gc,phases      ] GC(12)   Pre Evacuate Collection Set: 0.32ms
[3.390s][info][gc,phases      ] GC(12)   Merge Heap Roots: 0.23ms
[3.390s][info][gc,phases      ] GC(12)   Evacuate Collection Set: 71.08ms
[3.390s][info][gc,phases      ] GC(12)   Post Evacuate Collection Set: 0.23ms
[3.390s][info][gc,phases      ] GC(12)   Other: 0.05ms
[3.390s][info][gc,heap        ] GC(12) Eden regions: 89->0(89)
[3.390s][info][gc,heap        ] GC(12) Survivor regions: 13->13(13)
[3.390s][info][gc,heap        ] GC(12) Old regions: 92->169
[3.390s][info][gc,heap        ] GC(12) Humongous regions: 15->15
[3.390s][info][gc,metaspace   ] GC(12) Metaspace: 23034K(23232K)->23034K(23232K) NonClass: 18726K(18816K)->18726K(18816K) Class: 4307K(4416K)->4307K(4416K)
[3.390s][info][gc             ] GC(12) Pause Young (Normal) (G1 Evacuation Pause) 412M->387M(4096M) 72.051ms
[3.390s][info][gc,cpu         ] GC(12) User=0.43s Sys=0.00s Real=0.07s
[3.413s][info][gc,start       ] GC(13) Pause Young (Normal) (G1 Evacuation Pause)
[3.413s][info][gc,task        ] GC(13) Using 6 workers of 6 for evacuation
[3.476s][info][gc,phases      ] GC(13)   Pre Evacuate Collection Set: 0.29ms
[3.476s][info][gc,phases      ] GC(13)   Merge Heap Roots: 0.07ms
[3.476s][info][gc,phases      ] GC(13)   Evacuate Collection Set: 61.75ms
[3.476s][info][gc,phases      ] GC(13)   Post Evacuate Collection Set: 0.19ms
[3.476s][info][gc,phases      ] GC(13)   Other: 0.06ms
[3.476s][info][gc,heap        ] GC(13) Eden regions: 89->0(89)
[3.476s][info][gc,heap        ] GC(13) Survivor regions: 13->13(13)
[3.476s][info][gc,heap        ] GC(13) Old regions: 169->245
[3.476s][info][gc,heap        ] GC(13) Humongous regions: 15->15
[3.476s][info][gc,metaspace   ] GC(13) Metaspace: 23035K(23232K)->23035K(23232K) NonClass: 18727K(18816K)->18727K(18816K) Class: 4307K(4416K)->4307K(4416K)
[3.476s][info][gc             ] GC(13) Pause Young (Normal) (G1 Evacuation Pause) 565M->540M(4096M) 62.497ms
[3.476s][info][gc,cpu         ] GC(13) User=0.37s Sys=0.00s Real=0.07s
[3.503s][info][gc,start       ] GC(14) Pause Young (Normal) (G1 Evacuation Pause)
[3.503s][info][gc,task        ] GC(14) Using 6 workers of 6 for evacuation
[3.564s][info][gc,phases      ] GC(14)   Pre Evacuate Collection Set: 0.28ms
[3.564s][info][gc,phases      ] GC(14)   Merge Heap Roots: 0.06ms
[3.564s][info][gc,phases      ] GC(14)   Evacuate Collection Set: 60.89ms
[3.564s][info][gc,phases      ] GC(14)   Post Evacuate Collection Set: 0.23ms
[3.564s][info][gc,phases      ] GC(14)   Other: 0.05ms
[3.564s][info][gc,heap        ] GC(14) Eden regions: 89->0(89)
[3.564s][info][gc,heap        ] GC(14) Survivor regions: 13->13(13)
[3.564s][info][gc,heap        ] GC(14) Old regions: 245->320
[3.564s][info][gc,heap        ] GC(14) Humongous regions: 15->15
[3.564s][info][gc,metaspace   ] GC(14) Metaspace: 23039K(23232K)->23039K(23232K) NonClass: 18731K(18816K)->18731K(18816K) Class: 4307K(4416K)->4307K(4416K)
[3.564s][info][gc             ] GC(14) Pause Young (Normal) (G1 Evacuation Pause) 718M->690M(4096M) 61.650ms
[3.564s][info][gc,cpu         ] GC(14) User=0.37s Sys=0.00s Real=0.07s
[3.723s][info][gc,start       ] GC(15) Pause Young (Normal) (G1 Evacuation Pause)
[3.723s][info][gc,task        ] GC(15) Using 6 workers of 6 for evacuation
[3.793s][info][gc,phases      ] GC(15)   Pre Evacuate Collection Set: 0.42ms
[3.793s][info][gc,phases      ] GC(15)   Merge Heap Roots: 0.16ms
[3.793s][info][gc,phases      ] GC(15)   Evacuate Collection Set: 69.28ms
[3.793s][info][gc,phases      ] GC(15)   Post Evacuate Collection Set: 0.24ms
[3.794s][info][gc,phases      ] GC(15)   Other: 0.06ms
[3.794s][info][gc,heap        ] GC(15) Eden regions: 91->0(110)
[3.794s][info][gc,heap        ] GC(15) Survivor regions: 13->13(13)
[3.794s][info][gc,heap        ] GC(15) Old regions: 320->379
[3.794s][info][gc,heap        ] GC(15) Humongous regions: 21->21
[3.794s][info][gc,metaspace   ] GC(15) Metaspace: 23046K(23232K)->23046K(23232K) NonClass: 18738K(18816K)->18738K(18816K) Class: 4307K(4416K)->4307K(4416K)
[3.794s][info][gc             ] GC(15) Pause Young (Normal) (G1 Evacuation Pause) 884M->819M(4096M) 70.327ms
[3.794s][info][gc,cpu         ] GC(15) User=0.42s Sys=0.00s Real=0.07s
[3.993s][info][gc,start       ] GC(16) Pause Young (Normal) (G1 Evacuation Pause)
[3.993s][info][gc,task        ] GC(16) Using 6 workers of 6 for evacuation
[4.069s][info][gc,phases      ] GC(16)   Pre Evacuate Collection Set: 0.35ms
[4.069s][info][gc,phases      ] GC(16)   Merge Heap Roots: 0.32ms
[4.069s][info][gc,phases      ] GC(16)   Evacuate Collection Set: 75.02ms
[4.069s][info][gc,phases      ] GC(16)   Post Evacuate Collection Set: 0.30ms
[4.069s][info][gc,phases      ] GC(16)   Other: 0.05ms
[4.069s][info][gc,heap        ] GC(16) Eden regions: 90->0(124)
[4.069s][info][gc,heap        ] GC(16) Survivor regions: 13->13(13)
[4.069s][info][gc,heap        ] GC(16) Old regions: 379->436
[4.069s][info][gc,heap        ] GC(16) Humongous regions: 30->30
[4.069s][info][gc,metaspace   ] GC(16) Metaspace: 23047K(23232K)->23047K(23232K) NonClass: 18739K(18816K)->18739K(18816K) Class: 4307K(4416K)->4307K(4416K)
[4.069s][info][gc             ] GC(16) Pause Young (Normal) (G1 Evacuation Pause) 1017M->951M(4096M) 76.188ms
[4.069s][info][gc,cpu         ] GC(16) User=0.46s Sys=0.00s Real=0.08s
) ] ... (rIR:aIR:PR = 0:0:0) (tPR = 0) [OK] 
     7s:       rampup IR =     10 [7.422s][info][gc,start       ] GC(17) Pause Young (Normal) (G1 Evacuation Pause)
[7.422s][info][gc,task        ] GC(17) Using 6 workers of 6 for evacuation
[7.517s][info][gc,phases      ] GC(17)   Pre Evacuate Collection Set: 0.27ms
[7.517s][info][gc,phases      ] GC(17)   Merge Heap Roots: 0.30ms
[7.517s][info][gc,phases      ] GC(17)   Evacuate Collection Set: 94.11ms
[7.517s][info][gc,phases      ] GC(17)   Post Evacuate Collection Set: 0.25ms
[7.517s][info][gc,phases      ] GC(17)   Other: 0.06ms
[7.517s][info][gc,heap        ] GC(17) Eden regions: 104->0(120)
[7.517s][info][gc,heap        ] GC(17) Survivor regions: 13->15(15)
[7.517s][info][gc,heap        ] GC(17) Old regions: 436->494
[7.517s][info][gc,heap        ] GC(17) Humongous regions: 46->46
[7.517s][info][gc,metaspace   ] GC(17) Metaspace: 23098K(23296K)->23098K(23296K) NonClass: 18789K(18880K)->18789K(18880K) Class: 4308K(4416K)->4308K(4416K)
[7.517s][info][gc             ] GC(17) Pause Young (Normal) (G1 Evacuation Pause) 1191M->1104M(4096M) 95.105ms
[7.517s][info][gc,cpu         ] GC(17) User=0.55s Sys=0.02s Real=0.10s
... (rIR:aIR:PR = 10:10:10) (tPR = 801) [OK] 
    10s:       rampup IR =     20 ... (rIR:aIR:PR = 20:21:21) (tPR = 1893) [OK] 
    13s:       rampup IR =     30 .... (rIR:aIR:PR = 30:27:27) (tPR = 2038) [OK] 
    17s:       rampup IR =     40 .... (rIR:aIR:PR = 40:44:44) (tPR = 3354) [OK] 
    21s:       rampup IR =     50 .... (rIR:aIR:PR = 50:49:48) (tPR = 3485) [OK] 
    25s:       rampup IR =     60 .... (rIR:aIR:PR = 60:60:58) (tPR = 3852) [OK] 
    29s:       rampup IR =     70 ...[32.512s][info][gc,start       ] GC(18) Pause Young (Normal) (G1 Evacuation Pause)
[32.513s][info][gc,task        ] GC(18) Using 6 workers of 6 for evacuation
[32.544s][info][gc,phases      ] GC(18)   Pre Evacuate Collection Set: 0.33ms
[32.544s][info][gc,phases      ] GC(18)   Merge Heap Roots: 0.21ms
[32.544s][info][gc,phases      ] GC(18)   Evacuate Collection Set: 30.67ms
[32.544s][info][gc,phases      ] GC(18)   Post Evacuate Collection Set: 0.27ms
[32.544s][info][gc,phases      ] GC(18)   Other: 0.06ms
[32.544s][info][gc,heap        ] GC(18) Eden regions: 131->0(192)
[32.544s][info][gc,heap        ] GC(18) Survivor regions: 15->9(19)
[32.544s][info][gc,heap        ] GC(18) Old regions: 494->511
[32.544s][info][gc,heap        ] GC(18) Humongous regions: 46->46
[32.544s][info][gc,metaspace   ] GC(18) Metaspace: 25113K(25280K)->25113K(25280K) NonClass: 20627K(20736K)->20627K(20736K) Class: 4486K(4544K)->4486K(4544K)
[32.544s][info][gc             ] GC(18) Pause Young (Normal) (G1 Evacuation Pause) 1366M->1124M(4096M) 31.673ms
[32.544s][info][gc,cpu         ] GC(18) User=0.18s Sys=0.01s Real=0.04s
. (rIR:aIR:PR = 70:76:74) (tPR = 4166) [OK] 
    33s:       rampup IR =     80 .... (rIR:aIR:PR = 80:80:78) (tPR = 4592) [OK] 
    37s:       rampup IR =     90 .... (rIR:aIR:PR = 90:92:90) (tPR = 4391) [OK] 
    41s:       rampup IR =    100 ..... (rIR:aIR:PR = 100:98:95) (tPR = 4331) [OK] 
    46s:    snapshot, IR =    100 ....|.......[57.760s][info][gc,start       ] GC(19) Pause Young (Normal) (G1 Evacuation Pause)
[57.760s][info][gc,task        ] GC(19) Using 6 workers of 6 for evacuation
[57.785s][info][gc,phases      ] GC(19)   Pre Evacuate Collection Set: 0.34ms
[57.785s][info][gc,phases      ] GC(19)   Merge Heap Roots: 0.20ms
[57.785s][info][gc,phases      ] GC(19)   Evacuate Collection Set: 24.08ms
[57.785s][info][gc,phases      ] GC(19)   Post Evacuate Collection Set: 0.39ms
[57.785s][info][gc,phases      ] GC(19)   Other: 0.08ms
[57.785s][info][gc,heap        ] GC(19) Eden regions: 213->0(222)
[57.785s][info][gc,heap        ] GC(19) Survivor regions: 9->22(28)
[57.785s][info][gc,heap        ] GC(19) Old regions: 511->511
[57.785s][info][gc,heap        ] GC(19) Humongous regions: 46->46
[57.785s][info][gc,metaspace   ] GC(19) Metaspace: 27128K(27328K)->27128K(27328K) NonClass: 22309K(22400K)->22309K(22400K) Class: 4818K(4928K)->4818K(4928K)
[57.785s][info][gc             ] GC(19) Pause Young (Normal) (G1 Evacuation Pause) 1550M->1150M(4096M) 25.244ms
[57.785s][info][gc,cpu         ] GC(19) User=0.14s Sys=0.00s Real=0.03s
....................... (rIR:aIR:PR = 100:100:98) (tPR = 3151) [OK] 
    80s: Performing snapshot: (quiescence.....) (stop TxI) (stop BE) (saving... [85.625s][info][gc,start       ] GC(20) Pause Young (Normal) (G1 Evacuation Pause)
[85.625s][info][gc,task        ] GC(20) Using 6 workers of 6 for evacuation
[85.665s][info][gc,phases      ] GC(20)   Pre Evacuate Collection Set: 0.27ms
[85.665s][info][gc,phases      ] GC(20)   Merge Heap Roots: 0.22ms
[85.665s][info][gc,phases      ] GC(20)   Evacuate Collection Set: 38.96ms
[85.665s][info][gc,phases      ] GC(20)   Post Evacuate Collection Set: 0.43ms
[85.665s][info][gc,phases      ] GC(20)   Other: 0.08ms
[85.665s][info][gc,heap        ] GC(20) Eden regions: 226->0(275)
[85.665s][info][gc,heap        ] GC(20) Survivor regions: 22->31(31)
[85.665s][info][gc,heap        ] GC(20) Old regions: 511->518
[85.665s][info][gc,heap        ] GC(20) Humongous regions: 93->73
[85.665s][info][gc,metaspace   ] GC(20) Metaspace: 27404K(27584K)->27404K(27584K) NonClass: 22576K(22656K)->22576K(22656K) Class: 4827K(4928K)->4827K(4928K)
[85.665s][info][gc             ] GC(20) Pause Young (Normal) (G1 Evacuation Pause) 1696M->1235M(4096M) 40.107ms
[85.665s][info][gc,cpu         ] GC(20) User=0.23s Sys=0.01s Real=0.04s
103699 Kb) (term) [87.592s][info][gc,start       ] GC(21) Pause Full (System.gc())
[87.592s][info][gc,task        ] GC(21) Using 6 workers of 6 for full compaction
[87.592s][info][gc,phases,start] GC(21) Phase 1: Mark live objects
[87.609s][info][gc,phases      ] GC(21) Phase 1: Mark live objects 16.442ms
[87.609s][info][gc,phases,start] GC(21) Phase 2: Prepare compaction
[87.611s][info][gc,phases      ] GC(21) Phase 2: Prepare compaction 2.018ms
[87.611s][info][gc,phases,start] GC(21) Phase 3: Adjust pointers
[87.617s][info][gc,phases      ] GC(21) Phase 3: Adjust pointers 6.237ms
[87.617s][info][gc,phases,start] GC(21) Phase 4: Compact heap
[87.619s][info][gc,phases      ] GC(21) Phase 4: Compact heap 1.891ms
[87.619s][info][gc,phases,start] GC(21) Phase 5: Reset Metadata
[87.623s][info][gc,phases      ] GC(21) Phase 5: Reset Metadata 4.263ms
[87.629s][info][gc,heap        ] GC(21) Eden regions: 53->0(328)
[87.629s][info][gc,heap        ] GC(21) Survivor regions: 31->0(31)
[87.629s][info][gc,heap        ] GC(21) Old regions: 518->33
[87.629s][info][gc,heap        ] GC(21) Humongous regions: 311->66
[87.629s][info][gc,metaspace   ] GC(21) Metaspace: 27422K(27648K)->27404K(27648K) NonClass: 22594K(22720K)->22581K(22720K) Class: 4827K(4928K)->4822K(4928K)
[87.629s][info][gc             ] GC(21) Pause Full (System.gc()) 1815M->193M(4096M) 37.367ms
[87.629s][info][gc,cpu         ] GC(21) User=0.19s Sys=0.00s Real=0.04s
(init[88.278s][info][gc,start       ] GC(22) Pause Young (Normal) (G1 Evacuation Pause)
[88.278s][info][gc,task        ] GC(22) Using 6 workers of 6 for evacuation
[88.473s][info][gc,phases      ] GC(22)   Pre Evacuate Collection Set: 0.32ms
[88.473s][info][gc,phases      ] GC(22)   Merge Heap Roots: 0.43ms
[88.473s][info][gc,phases      ] GC(22)   Evacuate Collection Set: 194.19ms
[88.473s][info][gc,phases      ] GC(22)   Post Evacuate Collection Set: 0.43ms
[88.473s][info][gc,phases      ] GC(22)   Other: 0.13ms
[88.473s][info][gc,heap        ] GC(22) Eden regions: 295->0(229)
[88.473s][info][gc,heap        ] GC(22) Survivor regions: 0->37(37)
[88.473s][info][gc,heap        ] GC(22) Old regions: 33->101
[88.473s][info][gc,heap        ] GC(22) Humongous regions: 121->120
[88.473s][info][gc,metaspace   ] GC(22) Metaspace: 27503K(27712K)->27503K(27712K) NonClass: 22672K(22784K)->22672K(22784K) Class: 4830K(4928K)->4830K(4928K)
[88.473s][info][gc             ] GC(22) Pause Young (Normal) (G1 Evacuation Pause) 893M->510M(4096M) 195.621ms
[88.473s][info][gc,cpu         ] GC(22) User=1.14s Sys=0.01s Real=0.20s
[88.724s][info][gc,start       ] GC(23) Pause Young (Normal) (G1 Evacuation Pause)
[88.724s][info][gc,task        ] GC(23) Using 6 workers of 6 for evacuation
[88.881s][info][gc,phases      ] GC(23)   Pre Evacuate Collection Set: 0.29ms
[88.881s][info][gc,phases      ] GC(23)   Merge Heap Roots: 0.33ms
[88.881s][info][gc,phases      ] GC(23)   Evacuate Collection Set: 156.17ms
[88.881s][info][gc,phases      ] GC(23)   Post Evacuate Collection Set: 0.38ms
[88.881s][info][gc,phases      ] GC(23)   Other: 0.06ms
[88.881s][info][gc,heap        ] GC(23) Eden regions: 216->0(205)
[88.881s][info][gc,heap        ] GC(23) Survivor regions: 37->32(32)
[88.881s][info][gc,heap        ] GC(23) Old regions: 101->224
[88.881s][info][gc,heap        ] GC(23) Humongous regions: 123->123
[88.881s][info][gc,metaspace   ] GC(23) Metaspace: 27529K(27712K)->27529K(27712K) NonClass: 22696K(22784K)->22696K(22784K) Class: 4833K(4928K)->4833K(4928K)
[88.881s][info][gc             ] GC(23) Pause Young (Normal) (G1 Evacuation Pause) 948M->753M(4096M) 157.354ms
[88.881s][info][gc,cpu         ] GC(23) User=0.92s Sys=0.00s Real=0.15s
[89.343s][info][gc,start       ] GC(24) Pause Young (Normal) (G1 Evacuation Pause)
[89.343s][info][gc,task        ] GC(24) Using 6 workers of 6 for evacuation
[89.472s][info][gc,phases      ] GC(24)   Pre Evacuate Collection Set: 0.33ms
[89.472s][info][gc,phases      ] GC(24)   Merge Heap Roots: 0.36ms
[89.472s][info][gc,phases      ] GC(24)   Evacuate Collection Set: 127.05ms
[89.472s][info][gc,phases      ] GC(24)   Post Evacuate Collection Set: 0.43ms
[89.472s][info][gc,phases      ] GC(24)   Other: 0.06ms
[89.472s][info][gc,heap        ] GC(24) Eden regions: 197->0(218)
[89.472s][info][gc,heap        ] GC(24) Survivor regions: 32->29(29)
[89.472s][info][gc,heap        ] GC(24) Old regions: 224->316
[89.472s][info][gc,heap        ] GC(24) Humongous regions: 162->160
[89.472s][info][gc,metaspace   ] GC(24) Metaspace: 27544K(27776K)->27544K(27776K) NonClass: 22710K(22848K)->22710K(22848K) Class: 4834K(4928K)->4834K(4928K)
[89.472s][info][gc             ] GC(24) Pause Young (Normal) (G1 Evacuation Pause) 1225M->1004M(4096M) 128.366ms
[89.472s][info][gc,cpu         ] GC(24) User=0.76s Sys=0.00s Real=0.12s
[89.533s][info][gc,start       ] GC(25) Pause Young (Normal) (G1 Evacuation Pause)
[89.533s][info][gc,task        ] GC(25) Using 6 workers of 6 for evacuation
[89.709s][info][gc,phases      ] GC(25)   Pre Evacuate Collection Set: 0.34ms
[89.709s][info][gc,phases      ] GC(25)   Merge Heap Roots: 0.23ms
[89.709s][info][gc,phases      ] GC(25)   Evacuate Collection Set: 175.00ms
[89.709s][info][gc,phases      ] GC(25)   Post Evacuate Collection Set: 0.31ms
[89.709s][info][gc,phases      ] GC(25)   Other: 0.06ms
[89.709s][info][gc,heap        ] GC(25) Eden regions: 237->0(182)
[89.709s][info][gc,heap        ] GC(25) Survivor regions: 29->34(34)
[89.709s][info][gc,heap        ] GC(25) Old regions: 316->518
[89.709s][info][gc,heap        ] GC(25) Humongous regions: 160->160
[89.709s][info][gc,metaspace   ] GC(25) Metaspace: 27544K(27776K)->27544K(27776K) NonClass: 22710K(22848K)->22710K(22848K) Class: 4834K(4928K)->4834K(4928K)
[89.709s][info][gc             ] GC(25) Pause Young (Normal) (G1 Evacuation Pause) 1478M->1418M(4096M) 176.094ms
[89.709s][info][gc,cpu         ] GC(25) User=1.05s Sys=0.00s Real=0.17s
) ...
    92s:       rampup IR =      0 ... (rIR:aIR:PR = 0:0:0) (tPR = 0) [OK] 
    95s:       rampup IR =     10 ... (rIR:aIR:PR = 10:8:8) (tPR = 249) [OK] 
    98s:       rampup IR =     20 ... (rIR:aIR:PR = 20:21:21) (tPR = 569) [OK] 
   101s:       rampup IR =     30 .... (rIR:aIR:PR = 30:28:28) (tPR = 579) [OK] 
   105s:       rampup IR =     40 .... (rIR:aIR:PR = 40:40:40) (tPR = 920) [OK] 
   109s:       rampup IR =     50 .... (rIR:aIR:PR = 50:50:49) (tPR = 1060) [OK] 
   113s:       rampup IR =     60 .... (rIR:aIR:PR = 60:62:61) (tPR = 1628) [OK] 
   117s:       rampup IR =     70 .... (rIR:aIR:PR = 70:72:71) (tPR = 1772) [OK] 
   121s:       rampup IR =     80 .... (rIR:aIR:PR = 80:75:74) (tPR = 1607) [OK] 
   125s:       rampup IR =     90 .... (rIR:aIR:PR = 90:86:85) (tPR = 1722) [OK] 
   129s:       rampup IR =    100 .... (rIR:aIR:PR = 100:103:100) (tPR = 2537) [OK] 
   133s:       trying IR =    200 ...[137.590s][info][gc,start       ] GC(26) Pause Young (Normal) (G1 Evacuation Pause)
[137.590s][info][gc,task        ] GC(26) Using 6 workers of 6 for evacuation
[137.644s][info][gc,phases      ] GC(26)   Pre Evacuate Collection Set: 0.33ms
[137.644s][info][gc,phases      ] GC(26)   Merge Heap Roots: 0.48ms
[137.644s][info][gc,phases      ] GC(26)   Evacuate Collection Set: 52.90ms
[137.644s][info][gc,phases      ] GC(26)   Post Evacuate Collection Set: 0.47ms
[137.644s][info][gc,phases      ] GC(26)   Other: 0.06ms
[137.644s][info][gc,heap        ] GC(26) Eden regions: 187->0(237)
[137.644s][info][gc,heap        ] GC(26) Survivor regions: 34->27(28)
[137.644s][info][gc,heap        ] GC(26) Old regions: 518->553
[137.644s][info][gc,heap        ] GC(26) Humongous regions: 160->160
[137.644s][info][gc,metaspace   ] GC(26) Metaspace: 27690K(27904K)->27690K(27904K) NonClass: 22856K(22976K)->22856K(22976K) Class: 4834K(4928K)->4834K(4928K)
[137.644s][info][gc             ] GC(26) Pause Young (Normal) (G1 Evacuation Pause) 1792M->1475M(4096M) 54.348ms
[137.644s][info][gc,cpu         ] GC(26) User=0.33s Sys=0.00s Real=0.06s
. (rIR:aIR:PR = 200:200:196) (tPR = 3812) [OK] 
   137s:       trying IR =    220 .... (rIR:aIR:PR = 220:222:216) (tPR = 4309) [OK] 
   141s:       trying IR =    244 ..... (rIR:aIR:PR = 244:242:237) (tPR = 4347) [OK] 
   146s:       trying IR =    273 .... (rIR:aIR:PR = 273:268:264) (tPR = 4894) [OK] 
   150s:       trying IR =    307 .[152.018s][info][gc,start       ] GC(27) Pause Young (Normal) (G1 Evacuation Pause)
[152.018s][info][gc,task        ] GC(27) Using 6 workers of 6 for evacuation
[152.061s][info][gc,phases      ] GC(27)   Pre Evacuate Collection Set: 0.34ms
[152.061s][info][gc,phases      ] GC(27)   Merge Heap Roots: 0.50ms
[152.061s][info][gc,phases      ] GC(27)   Evacuate Collection Set: 42.00ms
[152.061s][info][gc,phases      ] GC(27)   Post Evacuate Collection Set: 0.42ms
[152.061s][info][gc,phases      ] GC(27)   Other: 0.06ms
[152.061s][info][gc,heap        ] GC(27) Eden regions: 232->0(311)
[152.061s][info][gc,heap        ] GC(27) Survivor regions: 27->17(33)
[152.061s][info][gc,heap        ] GC(27) Old regions: 553->579
[152.061s][info][gc,heap        ] GC(27) Humongous regions: 160->160
[152.061s][info][gc,metaspace   ] GC(27) Metaspace: 27830K(28096K)->27830K(28096K) NonClass: 22989K(23104K)->22989K(23104K) Class: 4840K(4992K)->4840K(4992K)
[152.061s][info][gc             ] GC(27) Pause Young (Normal) (G1 Evacuation Pause) 1939M->1506M(4096M) 43.460ms
[152.061s][info][gc,cpu         ] GC(27) User=0.26s Sys=0.00s Real=0.04s
... (rIR:aIR:PR = 307:316:309) (tPR = 6365) [OK] 
   154s:       trying IR =    349 .... (rIR:aIR:PR = 349:347:339) (tPR = 6315) [OK] 
   158s:       trying IR =    399 ...[162.581s][info][gc,start       ] GC(28) Pause Young (Normal) (G1 Evacuation Pause)
[162.581s][info][gc,task        ] GC(28) Using 6 workers of 6 for evacuation
[162.621s][info][gc,phases      ] GC(28)   Pre Evacuate Collection Set: 0.35ms
[162.621s][info][gc,phases      ] GC(28)   Merge Heap Roots: 0.46ms
[162.621s][info][gc,phases      ] GC(28)   Evacuate Collection Set: 38.74ms
[162.621s][info][gc,phases      ] GC(28)   Post Evacuate Collection Set: 0.40ms
[162.621s][info][gc,phases      ] GC(28)   Other: 0.07ms
[162.621s][info][gc,heap        ] GC(28) Eden regions: 317->0(352)
[162.621s][info][gc,heap        ] GC(28) Survivor regions: 17->34(42)
[162.622s][info][gc,heap        ] GC(28) Old regions: 579->579
[162.622s][info][gc,heap        ] GC(28) Humongous regions: 160->160
[162.622s][info][gc,metaspace   ] GC(28) Metaspace: 27861K(28096K)->27861K(28096K) NonClass: 23020K(23104K)->23020K(23104K) Class: 4840K(4992K)->4840K(4992K)
[162.622s][info][gc             ] GC(28) Pause Young (Normal) (G1 Evacuation Pause) 2140M->1540M(4096M) 40.133ms
[162.622s][info][gc,cpu         ] GC(28) User=0.23s Sys=0.00s Real=0.04s
. (rIR:aIR:PR = 399:402:394) (tPR = 7323) [OK] 
   162s:       trying IR =    458 ..... (rIR:aIR:PR = 458:454:444) (tPR = 7793) [OK] 
   167s:       trying IR =    530 ...[171.416s][info][gc,start       ] GC(29) Pause Young (Normal) (G1 Evacuation Pause)
[171.416s][info][gc,task        ] GC(29) Using 6 workers of 6 for evacuation
[171.469s][info][gc,phases      ] GC(29)   Pre Evacuate Collection Set: 0.35ms
[171.469s][info][gc,phases      ] GC(29)   Merge Heap Roots: 0.42ms
[171.469s][info][gc,phases      ] GC(29)   Evacuate Collection Set: 52.11ms
[171.469s][info][gc,phases      ] GC(29)   Post Evacuate Collection Set: 0.47ms
[171.469s][info][gc,phases      ] GC(29)   Other: 0.07ms
[171.469s][info][gc,heap        ] GC(29) Eden regions: 354->0(414)
[171.469s][info][gc,heap        ] GC(29) Survivor regions: 34->37(49)
[171.469s][info][gc,heap        ] GC(29) Old regions: 579->594
[171.469s][info][gc,heap        ] GC(29) Humongous regions: 160->160
[171.469s][info][gc,metaspace   ] GC(29) Metaspace: 27907K(28224K)->27907K(28224K) NonClass: 23064K(23232K)->23064K(23232K) Class: 4843K(4992K)->4843K(4992K)
[171.469s][info][gc             ] GC(29) Pause Young (Normal) (G1 Evacuation Pause) 2248M->1575M(4096M) 53.557ms
[171.469s][info][gc,cpu         ] GC(29) User=0.31s Sys=0.01s Real=0.05s
. (rIR:aIR:PR = 530:529:516) (tPR = 9298) [OK] 
   171s:       trying IR =    616 .... (rIR:aIR:PR = 616:621:607) (tPR = 10558) [OK] 
   175s:       trying IR =    719 ...[179.000s][info][gc,start       ] GC(30) Pause Young (Normal) (G1 Evacuation Pause)
[179.000s][info][gc,task        ] GC(30) Using 6 workers of 6 for evacuation
[179.057s][info][gc,phases      ] GC(30)   Pre Evacuate Collection Set: 0.36ms
[179.057s][info][gc,phases      ] GC(30)   Merge Heap Roots: 0.34ms
[179.057s][info][gc,phases      ] GC(30)   Evacuate Collection Set: 56.33ms
[179.057s][info][gc,phases      ] GC(30)   Post Evacuate Collection Set: 0.48ms
[179.057s][info][gc,phases      ] GC(30)   Other: 0.07ms
[179.057s][info][gc,heap        ] GC(30) Eden regions: 425->0(468)
[179.057s][info][gc,heap        ] GC(30) Survivor regions: 37->44(58)
[179.057s][info][gc,heap        ] GC(30) Old regions: 594->609
[179.057s][info][gc,heap        ] GC(30) Humongous regions: 160->160
[179.057s][info][gc,metaspace   ] GC(30) Metaspace: 27945K(28224K)->27945K(28224K) NonClass: 23100K(23232K)->23100K(23232K) Class: 4844K(4992K)->4844K(4992K)
[179.057s][info][gc             ] GC(30) Pause Young (Normal) (G1 Evacuation Pause) 2425M->1620M(4096M) 57.715ms
[179.057s][info][gc,cpu         ] GC(30) User=0.34s Sys=0.00s Real=0.06s
.. (rIR:aIR:PR = 719:720:706) (tPR = 11973) [OK] 
   180s:       trying IR =    843 .... (rIR:aIR:PR = 843:855:837) (tPR = 14846) [OK] 
   184s:       trying IR =    992 .[185.924s][info][gc,start       ] GC(31) Pause Young (Normal) (G1 Evacuation Pause)
[185.925s][info][gc,task        ] GC(31) Using 6 workers of 6 for evacuation
[185.985s][info][gc,phases      ] GC(31)   Pre Evacuate Collection Set: 0.36ms
[185.985s][info][gc,phases      ] GC(31)   Merge Heap Roots: 0.38ms
[185.985s][info][gc,phases      ] GC(31)   Evacuate Collection Set: 59.15ms
[185.985s][info][gc,phases      ] GC(31)   Post Evacuate Collection Set: 0.55ms
[185.985s][info][gc,phases      ] GC(31)   Other: 0.08ms
[185.985s][info][gc,heap        ] GC(31) Eden regions: 480->0(536)
[185.985s][info][gc,heap        ] GC(31) Survivor regions: 44->46(66)
[185.985s][info][gc,heap        ] GC(31) Old regions: 609->627
[185.985s][info][gc,heap        ] GC(31) Humongous regions: 160->160
[185.985s][info][gc,metaspace   ] GC(31) Metaspace: 27981K(28224K)->27981K(28224K) NonClass: 23135K(23232K)->23135K(23232K) Class: 4845K(4992K)->4845K(4992K)
[185.985s][info][gc             ] GC(31) Pause Young (Normal) (G1 Evacuation Pause) 2580M->1661M(4096M) 60.645ms
[185.985s][info][gc,cpu         ] GC(31) User=0.35s Sys=0.01s Real=0.06s
... (rIR:aIR:PR = 992:981:960) (tPR = 16274) [OK] 
   188s:       trying IR =   1170 ...[192.110s][info][gc,start       ] GC(32) Pause Young (Normal) (G1 Evacuation Pause)
[192.110s][info][gc,task        ] GC(32) Using 6 workers of 6 for evacuation
[192.177s][info][gc,phases      ] GC(32)   Pre Evacuate Collection Set: 0.34ms
[192.177s][info][gc,phases      ] GC(32)   Merge Heap Roots: 0.33ms
[192.177s][info][gc,phases      ] GC(32)   Evacuate Collection Set: 65.91ms
[192.177s][info][gc,phases      ] GC(32)   Post Evacuate Collection Set: 0.55ms
[192.177s][info][gc,phases      ] GC(32)   Other: 0.07ms
[192.177s][info][gc,heap        ] GC(32) Eden regions: 545->0(585)
[192.177s][info][gc,heap        ] GC(32) Survivor regions: 46->54(74)
[192.177s][info][gc,heap        ] GC(32) Old regions: 627->646
[192.177s][info][gc,heap        ] GC(32) Humongous regions: 160->160
[192.177s][info][gc,metaspace   ] GC(32) Metaspace: 28012K(28288K)->28012K(28288K) NonClass: 23166K(23296K)->23166K(23296K) Class: 4845K(4992K)->4845K(4992K)
[192.178s][info][gc             ] GC(32) Pause Young (Normal) (G1 Evacuation Pause) 2751M->1715M(4096M) 67.331ms
[192.178s][info][gc,cpu         ] GC(32) User=0.38s Sys=0.01s Real=0.07s
. (rIR:aIR:PR = 1170:1173:1148) (tPR = 19913) [OK] 
   192s:       trying IR =   1384 .... (rIR:aIR:PR = 1384:1381:1367) (tPR = 22965) [OK] 
   196s:       trying IR =   1641 [197.361s][info][gc,start       ] GC(33) Pause Young (Normal) (G1 Evacuation Pause)
[197.361s][info][gc,task        ] GC(33) Using 6 workers of 6 for evacuation
[197.438s][info][gc,phases      ] GC(33)   Pre Evacuate Collection Set: 0.36ms
[197.438s][info][gc,phases      ] GC(33)   Merge Heap Roots: 0.31ms
[197.438s][info][gc,phases      ] GC(33)   Evacuate Collection Set: 74.87ms
[197.438s][info][gc,phases      ] GC(33)   Post Evacuate Collection Set: 0.62ms
[197.438s][info][gc,phases      ] GC(33)   Other: 0.07ms
[197.438s][info][gc,heap        ] GC(33) Eden regions: 595->0(634)
[197.438s][info][gc,heap        ] GC(33) Survivor regions: 54->62(82)
[197.438s][info][gc,heap        ] GC(33) Old regions: 646->667
[197.438s][info][gc,heap        ] GC(33) Humongous regions: 160->160
[197.438s][info][gc,metaspace   ] GC(33) Metaspace: 28112K(28480K)->28112K(28480K) NonClass: 23251K(23424K)->23251K(23424K) Class: 4861K(5056K)->4861K(5056K)
[197.438s][info][gc             ] GC(33) Pause Young (Normal) (G1 Evacuation Pause) 2905M->1773M(4096M) 76.357ms
[197.438s][info][gc,cpu         ] GC(33) User=0.44s Sys=0.02s Real=0.08s
.... (rIR:aIR:PR = 1641:1631:1631) (tPR = 27412) [OK] 
   200s:       trying IR =   1949 .[202.018s][info][gc,start       ] GC(34) Pause Young (Normal) (G1 Evacuation Pause)
[202.018s][info][gc,task        ] GC(34) Using 6 workers of 6 for evacuation
[202.099s][info][gc,phases      ] GC(34)   Pre Evacuate Collection Set: 0.34ms
[202.099s][info][gc,phases      ] GC(34)   Merge Heap Roots: 0.33ms
[202.099s][info][gc,phases      ] GC(34)   Evacuate Collection Set: 79.20ms
[202.099s][info][gc,phases      ] GC(34)   Post Evacuate Collection Set: 0.64ms
[202.099s][info][gc,phases      ] GC(34)   Other: 0.09ms
[202.099s][info][gc,heap        ] GC(34) Eden regions: 641->0(692)
[202.099s][info][gc,heap        ] GC(34) Survivor regions: 62->63(88)
[202.099s][info][gc,heap        ] GC(34) Old regions: 667->693
[202.099s][info][gc,heap        ] GC(34) Humongous regions: 162->162
[202.099s][info][gc,metaspace   ] GC(34) Metaspace: 28139K(28480K)->28139K(28480K) NonClass: 23277K(23424K)->23277K(23424K) Class: 4861K(5056K)->4861K(5056K)
[202.099s][info][gc             ] GC(34) Pause Young (Normal) (G1 Evacuation Pause) 3059M->1830M(4096M) 80.737ms
[202.099s][info][gc,cpu         ] GC(34) User=0.46s Sys=0.02s Real=0.08s
... (rIR:aIR:PR = 1949:1947:1947) (tPR = 31486) [OK] 
   204s:       trying IR =   2319 .[206.138s][info][gc,start       ] GC(35) Pause Young (Normal) (G1 Evacuation Pause)
[206.138s][info][gc,task        ] GC(35) Using 6 workers of 6 for evacuation
[206.224s][info][gc,phases      ] GC(35)   Pre Evacuate Collection Set: 0.36ms
[206.224s][info][gc,phases      ] GC(35)   Merge Heap Roots: 0.33ms
[206.224s][info][gc,phases      ] GC(35)   Evacuate Collection Set: 84.71ms
[206.224s][info][gc,phases      ] GC(35)   Post Evacuate Collection Set: 0.68ms
[206.224s][info][gc,phases      ] GC(35)   Other: 0.08ms
[206.224s][info][gc,heap        ] GC(35) Eden regions: 692->0(733)
[206.224s][info][gc,heap        ] GC(35) Survivor regions: 63->69(95)
[206.224s][info][gc,heap        ] GC(35) Old regions: 693->717
[206.224s][info][gc,heap        ] GC(35) Humongous regions: 162->162
[206.224s][info][gc,metaspace   ] GC(35) Metaspace: 28156K(28480K)->28156K(28480K) NonClass: 23294K(23424K)->23294K(23424K) Class: 4861K(5056K)->4861K(5056K)
[206.224s][info][gc             ] GC(35) Pause Young (Normal) (G1 Evacuation Pause) 3214M->1891M(4096M) 86.285ms
[206.224s][info][gc,cpu         ] GC(35) User=0.50s Sys=0.02s Real=0.09s
... (rIR:aIR:PR = 2319:2314:2314) (tPR = 38822) [OK] 
   208s:       trying IR =   2762 .[210.083s][info][gc,start       ] GC(36) Pause Young (Normal) (G1 Evacuation Pause)
[210.084s][info][gc,task        ] GC(36) Using 6 workers of 6 for evacuation
[210.178s][info][gc,phases      ] GC(36)   Pre Evacuate Collection Set: 0.33ms
[210.178s][info][gc,phases      ] GC(36)   Merge Heap Roots: 0.36ms
[210.178s][info][gc,phases      ] GC(36)   Evacuate Collection Set: 92.97ms
[210.178s][info][gc,phases      ] GC(36)   Post Evacuate Collection Set: 0.80ms
[210.178s][info][gc,phases      ] GC(36)   Other: 0.09ms
[210.178s][info][gc,heap        ] GC(36) Eden regions: 737->0(754)
[210.178s][info][gc,heap        ] GC(36) Survivor regions: 69->76(101)
[210.178s][info][gc,heap        ] GC(36) Old regions: 717->743
[210.178s][info][gc,heap        ] GC(36) Humongous regions: 162->162
[210.178s][info][gc,metaspace   ] GC(36) Metaspace: 28201K(28480K)->28201K(28480K) NonClass: 23339K(23424K)->23339K(23424K) Class: 4861K(5056K)->4861K(5056K)
[210.178s][info][gc             ] GC(36) Pause Young (Normal) (G1 Evacuation Pause) 3365M->1957M(4096M) 94.685ms
[210.178s][info][gc,cpu         ] GC(36) User=0.53s Sys=0.03s Real=0.09s
... (rIR:aIR:PR = 2762:2744:2744) (tPR = 43448) [OK] 
   212s:       trying IR =   3295 [213.752s][info][gc,start       ] GC(37) Pause Young (Normal) (G1 Evacuation Pause)
[213.752s][info][gc,task        ] GC(37) Using 6 workers of 6 for evacuation
[213.848s][info][gc,phases      ] GC(37)   Pre Evacuate Collection Set: 0.31ms
[213.848s][info][gc,phases      ] GC(37)   Merge Heap Roots: 0.34ms
[213.848s][info][gc,phases      ] GC(37)   Evacuate Collection Set: 94.17ms
[213.848s][info][gc,phases      ] GC(37)   Post Evacuate Collection Set: 0.68ms
[213.848s][info][gc,phases      ] GC(37)   Other: 0.08ms
[213.848s][info][gc,heap        ] GC(37) Eden regions: 754->0(762)
[213.848s][info][gc,heap        ] GC(37) Survivor regions: 76->79(104)
[213.848s][info][gc,heap        ] GC(37) Old regions: 743->772
[213.848s][info][gc,heap        ] GC(37) Humongous regions: 162->162
[213.848s][info][gc,metaspace   ] GC(37) Metaspace: 28350K(28672K)->28350K(28672K) NonClass: 23472K(23616K)->23472K(23616K) Class: 4877K(5056K)->4877K(5056K)
[213.848s][info][gc             ] GC(37) Pause Young (Normal) (G1 Evacuation Pause) 3465M->2020M(4096M) 95.716ms
[213.848s][info][gc,cpu         ] GC(37) User=0.56s Sys=0.01s Real=0.10s
....[217.247s][info][gc,start       ] GC(38) Pause Young (Concurrent Start) (G1 Evacuation Pause)
[217.247s][info][gc,task        ] GC(38) Using 6 workers of 6 for evacuation
[217.341s][info][gc,phases      ] GC(38)   Pre Evacuate Collection Set: 0.45ms
[217.341s][info][gc,phases      ] GC(38)   Merge Heap Roots: 0.48ms
[217.341s][info][gc,phases      ] GC(38)   Evacuate Collection Set: 92.20ms
[217.341s][info][gc,phases      ] GC(38)   Post Evacuate Collection Set: 0.79ms
[217.341s][info][gc,phases      ] GC(38)   Other: 0.12ms
[217.341s][info][gc,heap        ] GC(38) Eden regions: 762->0(766)
[217.341s][info][gc,heap        ] GC(38) Survivor regions: 79->80(106)
[217.341s][info][gc,heap        ] GC(38) Old regions: 772->801
[217.341s][info][gc,heap        ] GC(38) Humongous regions: 162->162
[217.341s][info][gc,metaspace   ] GC(38) Metaspace: 28603K(28992K)->28603K(28992K) NonClass: 23719K(23872K)->23719K(23872K) Class: 4883K(5120K)->4883K(5120K)
[217.341s][info][gc             ] GC(38) Pause Young (Concurrent Start) (G1 Evacuation Pause) 3544M->2079M(4096M) 94.158ms
[217.341s][info][gc             ] GC(39) Concurrent Mark Cycle
[217.341s][info][gc,marking     ] GC(39) Concurrent Scan Root Regions
[217.341s][info][gc,cpu         ] GC(38) User=0.55s Sys=0.00s Real=0.09s
[217.441s][info][gc,marking     ] GC(39) Concurrent Scan Root Regions 100.441ms
[217.441s][info][gc,marking     ] GC(39) Concurrent Mark
[217.441s][info][gc,marking     ] GC(39) Concurrent Mark From Roots
[217.441s][info][gc,task        ] GC(39) Using 2 workers of 2 for marking
. (rIR:aIR:PR = 3295:3356:3361) (tPR = 51363) [OK] 
   217s:       trying IR =   3934 [218.059s][info][gc,marking     ] GC(39) Concurrent Mark From Roots 617.508ms
[218.059s][info][gc,marking     ] GC(39) Concurrent Preclean
[218.059s][info][gc,marking     ] GC(39) Concurrent Preclean 0.051ms
[218.059s][info][gc,start       ] GC(39) Pause Remark
[218.065s][info][gc             ] GC(39) Pause Remark 2403M->2061M(4096M) 6.098ms
[218.065s][info][gc,cpu         ] GC(39) User=0.03s Sys=0.00s Real=0.01s
[218.065s][info][gc,marking     ] GC(39) Concurrent Mark 623.881ms
[218.065s][info][gc,marking     ] GC(39) Concurrent Rebuild Remembered Sets and Scrub Regions
[218.301s][info][gc,marking     ] GC(39) Concurrent Rebuild Remembered Sets and Scrub Regions 236.023ms
[218.301s][info][gc,start       ] GC(39) Pause Cleanup
[218.302s][info][gc             ] GC(39) Pause Cleanup 2189M->2189M(4096M) 0.237ms
[218.302s][info][gc,cpu         ] GC(39) User=0.00s Sys=0.00s Real=0.00s
[218.302s][info][gc,marking     ] GC(39) Concurrent Clear Claimed Marks
[218.302s][info][gc,marking     ] GC(39) Concurrent Clear Claimed Marks 0.027ms
[218.302s][info][gc,marking     ] GC(39) Concurrent Cleanup for Next Mark
[218.305s][info][gc,marking     ] GC(39) Concurrent Cleanup for Next Mark 3.560ms
[218.305s][info][gc             ] GC(39) Concurrent Mark Cycle 964.509ms
..[220.418s][info][gc,start       ] GC(40) Pause Young (Prepare Mixed) (G1 Evacuation Pause)
[220.418s][info][gc,task        ] GC(40) Using 6 workers of 6 for evacuation
[220.515s][info][gc,phases      ] GC(40)   Pre Evacuate Collection Set: 0.38ms
[220.515s][info][gc,phases      ] GC(40)   Merge Heap Roots: 0.42ms
[220.515s][info][gc,phases      ] GC(40)   Evacuate Collection Set: 94.70ms
[220.515s][info][gc,phases      ] GC(40)   Post Evacuate Collection Set: 0.83ms
[220.515s][info][gc,phases      ] GC(40)   Other: 0.10ms
[220.515s][info][gc,heap        ] GC(40) Eden regions: 766->0(789)
[220.515s][info][gc,heap        ] GC(40) Survivor regions: 80->86(106)
[220.515s][info][gc,heap        ] GC(40) Old regions: 715->744
[220.515s][info][gc,heap        ] GC(40) Humongous regions: 77->77
[220.515s][info][gc,metaspace   ] GC(40) Metaspace: 28667K(29056K)->28667K(29056K) NonClass: 23783K(23936K)->23783K(23936K) Class: 4883K(5120K)->4883K(5120K)
[220.515s][info][gc             ] GC(40) Pause Young (Prepare Mixed) (G1 Evacuation Pause) 3269M->1807M(4096M) 96.564ms
[220.515s][info][gc,cpu         ] GC(40) User=0.57s Sys=0.00s Real=0.10s
.. (rIR:aIR:PR = 3934:3908:3909) (tPR = 58295) [OK] 
   221s:       trying IR =   4701 .[223.445s][info][gc,start       ] GC(41) Pause Young (Mixed) (G1 Evacuation Pause)
[223.446s][info][gc,task        ] GC(41) Using 6 workers of 6 for evacuation
[223.550s][info][gc,phases      ] GC(41)   Pre Evacuate Collection Set: 0.35ms
[223.550s][info][gc,phases      ] GC(41)   Merge Heap Roots: 0.52ms
[223.550s][info][gc,phases      ] GC(41)   Evacuate Collection Set: 102.50ms
[223.550s][info][gc,phases      ] GC(41)   Merge Optional Heap Roots: 0.02ms
[223.550s][info][gc,phases      ] GC(41)   Evacuate Optional Collection Set: 0.14ms
[223.550s][info][gc,phases      ] GC(41)   Post Evacuate Collection Set: 0.90ms
[223.550s][info][gc,phases      ] GC(41)   Other: 0.10ms
[223.550s][info][gc,heap        ] GC(41) Eden regions: 786->0(836)
[223.550s][info][gc,heap        ] GC(41) Survivor regions: 86->86(109)
[223.550s][info][gc,heap        ] GC(41) Old regions: 744->729
[223.550s][info][gc,heap        ] GC(41) Humongous regions: 77->77
[223.550s][info][gc,metaspace   ] GC(41) Metaspace: 28675K(29056K)->28675K(29056K) NonClass: 23791K(23936K)->23791K(23936K) Class: 4884K(5120K)->4884K(5120K)
[223.550s][info][gc             ] GC(41) Pause Young (Mixed) (G1 Evacuation Pause) 3379M->1780M(4096M) 104.674ms
[223.550s][info][gc,cpu         ] GC(41) User=0.61s Sys=0.01s Real=0.10s
... (rIR:aIR:PR = 4701:4706:4706) (tPR = 71376) [OK] 
   225s:       trying IR =   5621 [226.314s][info][gc,start       ] GC(42) Pause Young (Mixed) (G1 Evacuation Pause)
[226.315s][info][gc,task        ] GC(42) Using 6 workers of 6 for evacuation
[226.425s][info][gc,phases      ] GC(42)   Pre Evacuate Collection Set: 0.36ms
[226.425s][info][gc,phases      ] GC(42)   Merge Heap Roots: 0.48ms
[226.425s][info][gc,phases      ] GC(42)   Evacuate Collection Set: 107.84ms
[226.425s][info][gc,phases      ] GC(42)   Merge Optional Heap Roots: 0.03ms
[226.425s][info][gc,phases      ] GC(42)   Evacuate Optional Collection Set: 0.38ms
[226.425s][info][gc,phases      ] GC(42)   Post Evacuate Collection Set: 1.01ms
[226.425s][info][gc,phases      ] GC(42)   Other: 0.12ms
[226.425s][info][gc,heap        ] GC(42) Eden regions: 831->0(869)
[226.425s][info][gc,heap        ] GC(42) Survivor regions: 86->91(115)
[226.425s][info][gc,heap        ] GC(42) Old regions: 729->712
[226.425s][info][gc,heap        ] GC(42) Humongous regions: 77->77
[226.425s][info][gc,metaspace   ] GC(42) Metaspace: 28703K(29120K)->28703K(29120K) NonClass: 23818K(24000K)->23818K(24000K) Class: 4884K(5120K)->4884K(5120K)
[226.425s][info][gc             ] GC(42) Pause Young (Mixed) (G1 Evacuation Pause) 3442M->1757M(4096M) 110.364ms
[226.425s][info][gc,cpu         ] GC(42) User=0.64s Sys=0.01s Real=0.11s
..[228.870s][info][gc,start       ] GC(43) Pause Young (Mixed) (G1 Evacuation Pause)
[228.870s][info][gc,task        ] GC(43) Using 6 workers of 6 for evacuation
[228.980s][info][gc,phases      ] GC(43)   Pre Evacuate Collection Set: 0.36ms
[228.980s][info][gc,phases      ] GC(43)   Merge Heap Roots: 0.50ms
[228.980s][info][gc,phases      ] GC(43)   Evacuate Collection Set: 107.16ms
[228.980s][info][gc,phases      ] GC(43)   Merge Optional Heap Roots: 0.02ms
[228.980s][info][gc,phases      ] GC(43)   Evacuate Optional Collection Set: 0.34ms
[228.980s][info][gc,phases      ] GC(43)   Post Evacuate Collection Set: 0.95ms
[228.980s][info][gc,phases      ] GC(43)   Other: 0.12ms
[228.980s][info][gc,heap        ] GC(43) Eden regions: 862->0(623)
[228.980s][info][gc,heap        ] GC(43) Survivor regions: 91->92(120)
[228.980s][info][gc,heap        ] GC(43) Old regions: 712->694
[228.980s][info][gc,heap        ] GC(43) Humongous regions: 77->77
[228.980s][info][gc,metaspace   ] GC(43) Metaspace: 28703K(29120K)->28703K(29120K) NonClass: 23818K(24000K)->23818K(24000K) Class: 4884K(5120K)->4884K(5120K)
[228.980s][info][gc             ] GC(43) Pause Young (Mixed) (G1 Evacuation Pause) 3481M->1723M(4096M) 109.610ms
[228.980s][info][gc,cpu         ] GC(43) User=0.64s Sys=0.02s Real=0.11s
..[230.845s][info][gc,start       ] GC(44) Pause Young (Mixed) (G1 Evacuation Pause)
[230.845s][info][gc,task        ] GC(44) Using 6 workers of 6 for evacuation
[230.946s][info][gc,phases      ] GC(44)   Pre Evacuate Collection Set: 0.37ms
[230.946s][info][gc,phases      ] GC(44)   Merge Heap Roots: 0.45ms
[230.946s][info][gc,phases      ] GC(44)   Evacuate Collection Set: 99.31ms
[230.946s][info][gc,phases      ] GC(44)   Post Evacuate Collection Set: 0.81ms
[230.946s][info][gc,phases      ] GC(44)   Other: 0.08ms
[230.946s][info][gc,heap        ] GC(44) Eden regions: 682->0(908)
[230.946s][info][gc,heap        ] GC(44) Survivor regions: 92->45(97)
[230.946s][info][gc,heap        ] GC(44) Old regions: 694->726
[230.946s][info][gc,heap        ] GC(44) Humongous regions: 77->77
[230.946s][info][gc,metaspace   ] GC(44) Metaspace: 28727K(29120K)->28727K(29120K) NonClass: 23842K(24000K)->23842K(24000K) Class: 4884K(5120K)->4884K(5120K)
[230.946s][info][gc             ] GC(44) Pause Young (Mixed) (G1 Evacuation Pause) 3087M->1693M(4096M) 101.166ms
[230.946s][info][gc,cpu         ] GC(44) User=0.60s Sys=0.00s Real=0.10s
.. (rIR:aIR:PR = 5621:5616:5616) (tPR = 84401) [OK] 
   231s:       trying IR =   6725 .[233.260s][info][gc,start       ] GC(45) Pause Young (Mixed) (G1 Evacuation Pause)
[233.260s][info][gc,task        ] GC(45) Using 6 workers of 6 for evacuation
[233.343s][info][gc,phases      ] GC(45)   Pre Evacuate Collection Set: 0.34ms
[233.343s][info][gc,phases      ] GC(45)   Merge Heap Roots: 0.51ms
[233.343s][info][gc,phases      ] GC(45)   Evacuate Collection Set: 80.52ms
[233.343s][info][gc,phases      ] GC(45)   Merge Optional Heap Roots: 0.04ms
[233.343s][info][gc,phases      ] GC(45)   Evacuate Optional Collection Set: 0.61ms
[233.343s][info][gc,phases      ] GC(45)   Post Evacuate Collection Set: 0.97ms
[233.343s][info][gc,phases      ] GC(45)   Other: 0.11ms
[233.343s][info][gc,heap        ] GC(45) Eden regions: 908->0(933)
[233.343s][info][gc,heap        ] GC(45) Survivor regions: 45->88(120)
[233.343s][info][gc,heap        ] GC(45) Old regions: 726->661
[233.343s][info][gc,heap        ] GC(45) Humongous regions: 77->77
[233.343s][info][gc,metaspace   ] GC(45) Metaspace: 28732K(29120K)->28732K(29120K) NonClass: 23847K(24000K)->23847K(24000K) Class: 4884K(5120K)->4884K(5120K)
[233.343s][info][gc             ] GC(45) Pause Young (Mixed) (G1 Evacuation Pause) 3509M->1648M(4096M) 83.247ms
[233.343s][info][gc,cpu         ] GC(45) User=0.50s Sys=0.00s Real=0.09s
..[235.538s][info][gc,start       ] GC(46) Pause Young (Mixed) (G1 Evacuation Pause)
[235.538s][info][gc,task        ] GC(46) Using 6 workers of 6 for evacuation
[235.660s][info][gc,phases      ] GC(46)   Pre Evacuate Collection Set: 0.39ms
[235.660s][info][gc,phases      ] GC(46)   Merge Heap Roots: 0.59ms
[235.660s][info][gc,phases      ] GC(46)   Evacuate Collection Set: 117.93ms
[235.660s][info][gc,phases      ] GC(46)   Merge Optional Heap Roots: 0.08ms
[235.660s][info][gc,phases      ] GC(46)   Evacuate Optional Collection Set: 2.09ms
[235.660s][info][gc,phases      ] GC(46)   Post Evacuate Collection Set: 0.90ms
[235.660s][info][gc,phases      ] GC(46)   Other: 0.10ms
[235.660s][info][gc,heap        ] GC(46) Eden regions: 933->0(966)
[235.660s][info][gc,heap        ] GC(46) Survivor regions: 88->100(128)
[235.660s][info][gc,heap        ] GC(46) Old regions: 661->611
[235.660s][info][gc,heap        ] GC(46) Humongous regions: 77->77
[235.660s][info][gc,metaspace   ] GC(46) Metaspace: 28743K(29120K)->28743K(29120K) NonClass: 23858K(24000K)->23858K(24000K) Class: 4884K(5120K)->4884K(5120K)
[235.660s][info][gc             ] GC(46) Pause Young (Mixed) (G1 Evacuation Pause) 3514M->1572M(4096M) 122.225ms
[235.660s][info][gc,cpu         ] GC(46) User=0.72s Sys=0.02s Real=0.12s
. (rIR:aIR:PR = 6725:6733:6733) (tPR = 102562) [OK] 
   235s:       trying IR =   8050 .[237.643s][info][gc,start       ] GC(47) Pause Young (Mixed) (G1 Evacuation Pause)
[237.643s][info][gc,task        ] GC(47) Using 6 workers of 6 for evacuation
[237.759s][info][gc,phases      ] GC(47)   Pre Evacuate Collection Set: 0.33ms
[237.759s][info][gc,phases      ] GC(47)   Merge Heap Roots: 0.44ms
[237.759s][info][gc,phases      ] GC(47)   Evacuate Collection Set: 114.42ms
[237.759s][info][gc,phases      ] GC(47)   Post Evacuate Collection Set: 0.71ms
[237.759s][info][gc,phases      ] GC(47)   Other: 0.09ms
[237.759s][info][gc,heap        ] GC(47) Eden regions: 966->0(964)
[237.759s][info][gc,heap        ] GC(47) Survivor regions: 100->104(134)
[237.759s][info][gc,heap        ] GC(47) Old regions: 611->639
[237.759s][info][gc,heap        ] GC(47) Humongous regions: 77->77
[237.759s][info][gc,metaspace   ] GC(47) Metaspace: 28744K(29120K)->28744K(29120K) NonClass: 23859K(24000K)->23859K(24000K) Class: 4884K(5120K)->4884K(5120K)
[237.759s][info][gc             ] GC(47) Pause Young (Mixed) (G1 Evacuation Pause) 3504M->1636M(4096M) 116.120ms
[237.759s][info][gc,cpu         ] GC(47) User=0.69s Sys=0.00s Real=0.12s
..[239.627s][info][gc,start       ] GC(48) Pause Young (Normal) (G1 Evacuation Pause)
[239.627s][info][gc,task        ] GC(48) Using 6 workers of 6 for evacuation
[239.735s][info][gc,phases      ] GC(48)   Pre Evacuate Collection Set: 0.37ms
[239.735s][info][gc,phases      ] GC(48)   Merge Heap Roots: 0.44ms
[239.735s][info][gc,phases      ] GC(48)   Evacuate Collection Set: 106.05ms
[239.735s][info][gc,phases      ] GC(48)   Post Evacuate Collection Set: 0.81ms
[239.735s][info][gc,phases      ] GC(48)   Other: 0.08ms
[239.735s][info][gc,heap        ] GC(48) Eden regions: 964->0(966)
[239.735s][info][gc,heap        ] GC(48) Survivor regions: 104->102(134)
[239.735s][info][gc,heap        ] GC(48) Old regions: 639->669
[239.735s][info][gc,heap        ] GC(48) Humongous regions: 77->77
[239.735s][info][gc,metaspace   ] GC(48) Metaspace: 28744K(29120K)->28744K(29120K) NonClass: 23860K(24000K)->23860K(24000K) Class: 4884K(5120K)->4884K(5120K)
[239.735s][info][gc             ] GC(48) Pause Young (Normal) (G1 Evacuation Pause) 3564M->1692M(4096M) 107.882ms
[239.735s][info][gc,cpu         ] GC(48) User=0.64s Sys=0.00s Real=0.11s
. (rIR:aIR:PR = 8050:8071:8074) (tPR = 124982) [OK] 
   239s:       trying IR =   9640 .[241.413s][info][gc,start       ] GC(49) Pause Young (Normal) (G1 Evacuation Pause)
[241.414s][info][gc,task        ] GC(49) Using 6 workers of 6 for evacuation
[241.523s][info][gc,phases      ] GC(49)   Pre Evacuate Collection Set: 0.37ms
[241.523s][info][gc,phases      ] GC(49)   Merge Heap Roots: 0.42ms
[241.523s][info][gc,phases      ] GC(49)   Evacuate Collection Set: 107.47ms
[241.523s][info][gc,phases      ] GC(49)   Post Evacuate Collection Set: 0.89ms
[241.523s][info][gc,phases      ] GC(49)   Other: 0.08ms
[241.523s][info][gc,heap        ] GC(49) Eden regions: 966->0(958)
[241.523s][info][gc,heap        ] GC(49) Survivor regions: 102->101(134)
[241.523s][info][gc,heap        ] GC(49) Old regions: 669->700
[241.523s][info][gc,heap        ] GC(49) Humongous regions: 77->77
[241.523s][info][gc,metaspace   ] GC(49) Metaspace: 28746K(29120K)->28746K(29120K) NonClass: 23861K(24000K)->23861K(24000K) Class: 4884K(5120K)->4884K(5120K)
[241.523s][info][gc             ] GC(49) Pause Young (Normal) (G1 Evacuation Pause) 3624M->1753M(4096M) 109.373ms
[241.523s][info][gc,cpu         ] GC(49) User=0.65s Sys=0.00s Real=0.10s
.[243.060s][info][gc,start       ] GC(50) Pause Young (Normal) (G1 Evacuation Pause)
[243.060s][info][gc,task        ] GC(50) Using 6 workers of 6 for evacuation
[243.169s][info][gc,phases      ] GC(50)   Pre Evacuate Collection Set: 0.32ms
[243.169s][info][gc,phases      ] GC(50)   Merge Heap Roots: 0.43ms
[243.169s][info][gc,phases      ] GC(50)   Evacuate Collection Set: 107.33ms
[243.169s][info][gc,phases      ] GC(50)   Post Evacuate Collection Set: 0.88ms
[243.169s][info][gc,phases      ] GC(50)   Other: 0.08ms
[243.169s][info][gc,heap        ] GC(50) Eden regions: 958->0(935)
[243.169s][info][gc,heap        ] GC(50) Survivor regions: 101->101(133)
[243.169s][info][gc,heap        ] GC(50) Old regions: 700->731
[243.169s][info][gc,heap        ] GC(50) Humongous regions: 77->77
[243.169s][info][gc,metaspace   ] GC(50) Metaspace: 28760K(29120K)->28760K(29120K) NonClass: 23876K(24000K)->23876K(24000K) Class: 4884K(5120K)->4884K(5120K)
[243.169s][info][gc             ] GC(50) Pause Young (Normal) (G1 Evacuation Pause) 3669M->1813M(4096M) 109.198ms
[243.169s][info][gc,cpu         ] GC(50) User=0.65s Sys=0.00s Real=0.11s
.. (rIR:aIR:PR = 9640:9834:9838) (tPR = 146678) [OK] 
   244s:       trying IR =  11548 [244.615s][info][gc,start       ] GC(51) Pause Young (Normal) (G1 Evacuation Pause)
[244.615s][info][gc,task        ] GC(51) Using 6 workers of 6 for evacuation
[244.728s][info][gc,phases      ] GC(51)   Pre Evacuate Collection Set: 0.31ms
[244.728s][info][gc,phases      ] GC(51)   Merge Heap Roots: 0.42ms
[244.728s][info][gc,phases      ] GC(51)   Evacuate Collection Set: 111.35ms
[244.728s][info][gc,phases      ] GC(51)   Post Evacuate Collection Set: 0.80ms
[244.728s][info][gc,phases      ] GC(51)   Other: 0.08ms
[244.728s][info][gc,heap        ] GC(51) Eden regions: 935->0(896)
[244.728s][info][gc,heap        ] GC(51) Survivor regions: 101->104(130)
[244.728s][info][gc,heap        ] GC(51) Old regions: 731->764
[244.728s][info][gc,heap        ] GC(51) Humongous regions: 77->77
[244.728s][info][gc,metaspace   ] GC(51) Metaspace: 28773K(29120K)->28773K(29120K) NonClass: 23888K(24000K)->23888K(24000K) Class: 4885K(5120K)->4885K(5120K)
[244.728s][info][gc             ] GC(51) Pause Young (Normal) (G1 Evacuation Pause) 3683M->1886M(4096M) 113.085ms
[244.728s][info][gc,cpu         ] GC(51) User=0.67s Sys=0.00s Real=0.11s
.[245.944s][info][gc,start       ] GC(52) Pause Young (Normal) (G1 Evacuation Pause)
[245.944s][info][gc,task        ] GC(52) Using 6 workers of 6 for evacuation
[246.055s][info][gc,phases      ] GC(52)   Pre Evacuate Collection Set: 0.33ms
[246.055s][info][gc,phases      ] GC(52)   Merge Heap Roots: 0.42ms
[246.055s][info][gc,phases      ] GC(52)   Evacuate Collection Set: 108.68ms
[246.055s][info][gc,phases      ] GC(52)   Post Evacuate Collection Set: 0.84ms
[246.055s][info][gc,phases      ] GC(52)   Other: 0.07ms
[246.055s][info][gc,heap        ] GC(52) Eden regions: 896->0(876)
[246.055s][info][gc,heap        ] GC(52) Survivor regions: 104->98(125)
[246.055s][info][gc,heap        ] GC(52) Old regions: 764->796
[246.055s][info][gc,heap        ] GC(52) Humongous regions: 77->77
[246.055s][info][gc,metaspace   ] GC(52) Metaspace: 28780K(29120K)->28780K(29120K) NonClass: 23895K(24000K)->23895K(24000K) Class: 4885K(5120K)->4885K(5120K)
[246.055s][info][gc             ] GC(52) Pause Young (Normal) (G1 Evacuation Pause) 3678M->1939M(4096M) 110.482ms
[246.055s][info][gc,cpu         ] GC(52) User=0.66s Sys=0.00s Real=0.11s
.[247.245s][info][gc,start       ] GC(53) Pause Young (Normal) (G1 Evacuation Pause)
[247.245s][info][gc,task        ] GC(53) Using 6 workers of 6 for evacuation
[247.354s][info][gc,phases      ] GC(53)   Pre Evacuate Collection Set: 0.34ms
[247.354s][info][gc,phases      ] GC(53)   Merge Heap Roots: 0.44ms
[247.354s][info][gc,phases      ] GC(53)   Evacuate Collection Set: 106.79ms
[247.354s][info][gc,phases      ] GC(53)   Post Evacuate Collection Set: 0.77ms
[247.354s][info][gc,phases      ] GC(53)   Other: 0.07ms
[247.354s][info][gc,heap        ] GC(53) Eden regions: 876->0(843)
[247.354s][info][gc,heap        ] GC(53) Survivor regions: 98->98(122)
[247.354s][info][gc,heap        ] GC(53) Old regions: 796->829
[247.354s][info][gc,heap        ] GC(53) Humongous regions: 77->77
[247.354s][info][gc,metaspace   ] GC(53) Metaspace: 28780K(29120K)->28780K(29120K) NonClass: 23895K(24000K)->23895K(24000K) Class: 4885K(5120K)->4885K(5120K)
[247.354s][info][gc             ] GC(53) Pause Young (Normal) (G1 Evacuation Pause) 3691M->2004M(4096M) 108.549ms
[247.354s][info][gc,cpu         ] GC(53) User=0.65s Sys=0.00s Real=0.11s
.. (rIR:aIR:PR = 11548:11258:11343) (tPR = 170606) [OK] 
   248s:       trying IR =  13837 [248.537s][info][gc,start       ] GC(54) Pause Young (Normal) (G1 Evacuation Pause)
[248.537s][info][gc,task        ] GC(54) Using 6 workers of 6 for evacuation
[248.645s][info][gc,phases      ] GC(54)   Pre Evacuate Collection Set: 0.39ms
[248.645s][info][gc,phases      ] GC(54)   Merge Heap Roots: 0.49ms
[248.645s][info][gc,phases      ] GC(54)   Evacuate Collection Set: 106.68ms
[248.645s][info][gc,phases      ] GC(54)   Post Evacuate Collection Set: 0.77ms
[248.645s][info][gc,phases      ] GC(54)   Other: 0.07ms
[248.645s][info][gc,heap        ] GC(54) Eden regions: 843->0(817)
[248.645s][info][gc,heap        ] GC(54) Survivor regions: 98->95(118)
[248.645s][info][gc,heap        ] GC(54) Old regions: 829->861
[248.645s][info][gc,heap        ] GC(54) Humongous regions: 77->77
[248.645s][info][gc,metaspace   ] GC(54) Metaspace: 28783K(29120K)->28783K(29120K) NonClass: 23897K(24000K)->23897K(24000K) Class: 4885K(5120K)->4885K(5120K)
[248.645s][info][gc             ] GC(54) Pause Young (Normal) (G1 Evacuation Pause) 3690M->2063M(4096M) 108.539ms
[248.646s][info][gc,cpu         ] GC(54) User=0.65s Sys=0.00s Real=0.11s
.[249.739s][info][gc,start       ] GC(55) Pause Young (Concurrent Start) (G1 Evacuation Pause)
[249.739s][info][gc,task        ] GC(55) Using 6 workers of 6 for evacuation
[249.892s][info][gc,phases      ] GC(55)   Pre Evacuate Collection Set: 0.37ms
[249.892s][info][gc,phases      ] GC(55)   Merge Heap Roots: 0.37ms
[249.892s][info][gc,phases      ] GC(55)   Evacuate Collection Set: 151.67ms
[249.892s][info][gc,phases      ] GC(55)   Post Evacuate Collection Set: 0.71ms
[249.892s][info][gc,phases      ] GC(55)   Other: 0.10ms
[249.892s][info][gc,heap        ] GC(55) Eden regions: 817->0(779)
[249.892s][info][gc,heap        ] GC(55) Survivor regions: 95->98(114)
[249.892s][info][gc,heap        ] GC(55) Old regions: 861->893
[249.892s][info][gc,heap        ] GC(55) Humongous regions: 77->77
[249.892s][info][gc,metaspace   ] GC(55) Metaspace: 28783K(29120K)->28783K(29120K) NonClass: 23898K(24000K)->23898K(24000K) Class: 4885K(5120K)->4885K(5120K)
[249.892s][info][gc             ] GC(55) Pause Young (Concurrent Start) (G1 Evacuation Pause) 3697M->2131M(4096M) 153.344ms
[249.892s][info][gc             ] GC(56) Concurrent Mark Cycle
[249.892s][info][gc,marking     ] GC(56) Concurrent Scan Root Regions
[249.892s][info][gc,cpu         ] GC(55) User=0.64s Sys=0.00s Real=0.15s
[250.024s][info][gc,marking     ] GC(56) Concurrent Scan Root Regions 131.932ms
[250.024s][info][gc,marking     ] GC(56) Concurrent Mark
[250.024s][info][gc,marking     ] GC(56) Concurrent Mark From Roots
[250.024s][info][gc,task        ] GC(56) Using 2 workers of 2 for marking
.[251.380s][info][gc,marking     ] GC(56) Concurrent Mark From Roots 1356.310ms
[251.380s][info][gc,marking     ] GC(56) Concurrent Preclean
[251.381s][info][gc,marking     ] GC(56) Concurrent Preclean 0.226ms
[251.383s][info][gc,start       ] GC(56) Pause Remark
[251.388s][info][gc             ] GC(56) Pause Remark 3417M->3381M(4096M) 4.352ms
[251.388s][info][gc,cpu         ] GC(56) User=0.02s Sys=0.00s Real=0.00s
[251.389s][info][gc,marking     ] GC(56) Concurrent Mark 1365.319ms
[251.389s][info][gc,marking     ] GC(56) Concurrent Rebuild Remembered Sets and Scrub Regions
[251.628s][info][gc,start       ] GC(57) Pause Young (Normal) (G1 Evacuation Pause)
[251.628s][info][gc,task        ] GC(57) Using 6 workers of 6 for evacuation
[251.731s][info][gc,phases      ] GC(57)   Pre Evacuate Collection Set: 0.29ms
[251.731s][info][gc,phases      ] GC(57)   Merge Heap Roots: 0.41ms
[251.731s][info][gc,phases      ] GC(57)   Evacuate Collection Set: 101.99ms
[251.731s][info][gc,phases      ] GC(57)   Post Evacuate Collection Set: 0.85ms
[251.731s][info][gc,phases      ] GC(57)   Other: 0.09ms
[251.731s][info][gc,heap        ] GC(57) Eden regions: 779->0(810)
[251.731s][info][gc,heap        ] GC(57) Survivor regions: 98->58(110)
[251.731s][info][gc,heap        ] GC(57) Old regions: 875->942
[251.731s][info][gc,heap        ] GC(57) Humongous regions: 77->77
[251.731s][info][gc,metaspace   ] GC(57) Metaspace: 28784K(29120K)->28784K(29120K) NonClass: 23899K(24000K)->23899K(24000K) Class: 4885K(5120K)->4885K(5120K)
[251.731s][info][gc             ] GC(57) Pause Young (Normal) (G1 Evacuation Pause) 3653M->2150M(4096M) 103.756ms
[251.732s][info][gc,cpu         ] GC(57) User=0.61s Sys=0.00s Real=0.10s
.[251.939s][info][gc,marking     ] GC(56) Concurrent Rebuild Remembered Sets and Scrub Regions 549.764ms
[251.940s][info][gc,start       ] GC(56) Pause Cleanup
[251.940s][info][gc             ] GC(56) Pause Cleanup 2359M->2359M(4096M) 0.320ms
[251.940s][info][gc,cpu         ] GC(56) User=0.00s Sys=0.00s Real=0.00s
[251.940s][info][gc,marking     ] GC(56) Concurrent Clear Claimed Marks
[251.940s][info][gc,marking     ] GC(56) Concurrent Clear Claimed Marks 0.037ms
[251.940s][info][gc,marking     ] GC(56) Concurrent Cleanup for Next Mark
[251.945s][info][gc,marking     ] GC(56) Concurrent Cleanup for Next Mark 5.185ms
[251.945s][info][gc             ] GC(56) Concurrent Mark Cycle 2053.202ms
[253.015s][info][gc,start       ] GC(58) Pause Young (Prepare Mixed) (G1 Evacuation Pause)
[253.015s][info][gc,task        ] GC(58) Using 6 workers of 6 for evacuation
[253.095s][info][gc,phases      ] GC(58)   Pre Evacuate Collection Set: 0.32ms
[253.095s][info][gc,phases      ] GC(58)   Merge Heap Roots: 0.50ms
[253.095s][info][gc,phases      ] GC(58)   Evacuate Collection Set: 78.01ms
[253.095s][info][gc,phases      ] GC(58)   Post Evacuate Collection Set: 0.94ms
[253.095s][info][gc,phases      ] GC(58)   Other: 0.10ms
[253.095s][info][gc,heap        ] GC(58) Eden regions: 810->0(787)
[253.095s][info][gc,heap        ] GC(58) Survivor regions: 58->49(109)
[253.095s][info][gc,heap        ] GC(58) Old regions: 942->983
[253.095s][info][gc,heap        ] GC(58) Humongous regions: 77->77
[253.095s][info][gc,metaspace   ] GC(58) Metaspace: 28784K(29120K)->28784K(29120K) NonClass: 23899K(24000K)->23899K(24000K) Class: 4885K(5120K)->4885K(5120K)
[253.095s][info][gc             ] GC(58) Pause Young (Prepare Mixed) (G1 Evacuation Pause) 3770M->2213M(4096M) 80.001ms
[253.095s][info][gc,cpu         ] GC(58) User=0.47s Sys=0.00s Real=0.08s
.[254.049s][info][gc,start       ] GC(59) Pause Young (Mixed) (G1 Evacuation Pause)
[254.049s][info][gc,task        ] GC(59) Using 6 workers of 6 for evacuation
[254.141s][info][gc,phases      ] GC(59)   Pre Evacuate Collection Set: 0.37ms
[254.141s][info][gc,phases      ] GC(59)   Merge Heap Roots: 0.55ms
[254.141s][info][gc,phases      ] GC(59)   Evacuate Collection Set: 89.88ms
[254.141s][info][gc,phases      ] GC(59)   Post Evacuate Collection Set: 0.96ms
[254.141s][info][gc,phases      ] GC(59)   Other: 0.10ms
[254.141s][info][gc,heap        ] GC(59) Eden regions: 787->0(895)
[254.141s][info][gc,heap        ] GC(59) Survivor regions: 49->96(105)
[254.141s][info][gc,heap        ] GC(59) Old regions: 983->781
[254.141s][info][gc,heap        ] GC(59) Humongous regions: 77->77
[254.141s][info][gc,metaspace   ] GC(59) Metaspace: 28784K(29120K)->28784K(29120K) NonClass: 23899K(24000K)->23899K(24000K) Class: 4885K(5120K)->4885K(5120K)
[254.141s][info][gc             ] GC(59) Pause Young (Mixed) (G1 Evacuation Pause) 3787M->1905M(4096M) 91.992ms
[254.141s][info][gc,cpu         ] GC(59) User=0.55s Sys=0.00s Real=0.09s
.[255.301s][info][gc,start       ] GC(60) Pause Young (Mixed) (G1 Evacuation Pause)
[255.301s][info][gc,task        ] GC(60) Using 6 workers of 6 for evacuation
[255.433s][info][gc,phases      ] GC(60)   Pre Evacuate Collection Set: 0.38ms
[255.433s][info][gc,phases      ] GC(60)   Merge Heap Roots: 0.77ms
[255.433s][info][gc,phases      ] GC(60)   Evacuate Collection Set: 129.74ms
[255.433s][info][gc,phases      ] GC(60)   Post Evacuate Collection Set: 1.13ms
[255.433s][info][gc,phases      ] GC(60)   Other: 0.11ms
[255.433s][info][gc,heap        ] GC(60) Eden regions: 895->0(1042)
[255.433s][info][gc,heap        ] GC(60) Survivor regions: 96->105(124)
[255.433s][info][gc,heap        ] GC(60) Old regions: 781->616
[255.433s][info][gc,heap        ] GC(60) Humongous regions: 77->77
[255.433s][info][gc,metaspace   ] GC(60) Metaspace: 28785K(29120K)->28785K(29120K) NonClass: 23900K(24000K)->23900K(24000K) Class: 4885K(5120K)->4885K(5120K)
[255.433s][info][gc             ] GC(60) Pause Young (Mixed) (G1 Evacuation Pause) 3695M->1592M(4096M) 132.268ms
[255.433s][info][gc,cpu         ] GC(60) User=0.79s Sys=0.00s Real=0.13s
..[256.813s][info][gc,start       ] GC(61) Pause Young (Mixed) (G1 Evacuation Pause)
[256.813s][info][gc,task        ] GC(61) Using 6 workers of 6 for evacuation
[256.964s][info][gc,phases      ] GC(61)   Pre Evacuate Collection Set: 0.32ms
[256.964s][info][gc,phases      ] GC(61)   Merge Heap Roots: 0.79ms
[256.964s][info][gc,phases      ] GC(61)   Evacuate Collection Set: 139.67ms
[256.964s][info][gc,phases      ] GC(61)   Merge Optional Heap Roots: 0.15ms
[256.964s][info][gc,phases      ] GC(61)   Evacuate Optional Collection Set: 8.15ms
[256.964s][info][gc,phases      ] GC(61)   Post Evacuate Collection Set: 1.21ms
[256.964s][info][gc,phases      ] GC(61)   Other: 0.13ms
[256.964s][info][gc,heap        ] GC(61) Eden regions: 1042->0(1024)
[256.964s][info][gc,heap        ] GC(61) Survivor regions: 105->113(144)
[256.964s][info][gc,heap        ] GC(61) Old regions: 616->586
[256.964s][info][gc,heap        ] GC(61) Humongous regions: 77->77
[256.964s][info][gc,metaspace   ] GC(61) Metaspace: 28785K(29120K)->28785K(29120K) NonClass: 23900K(24000K)->23900K(24000K) Class: 4885K(5120K)->4885K(5120K)
[256.964s][info][gc             ] GC(61) Pause Young (Mixed) (G1 Evacuation Pause) 3676M->1549M(4096M) 150.560ms
[256.964s][info][gc,cpu         ] GC(61) User=0.90s Sys=0.00s Real=0.15s
.[258.308s][info][gc,start       ] GC(62) Pause Young (Mixed) (G1 Evacuation Pause)
[258.308s][info][gc,task        ] GC(62) Using 6 workers of 6 for evacuation
[258.451s][info][gc,phases      ] GC(62)   Pre Evacuate Collection Set: 0.33ms
[258.451s][info][gc,phases      ] GC(62)   Merge Heap Roots: 1.11ms
[258.451s][info][gc,phases      ] GC(62)   Evacuate Collection Set: 140.79ms
[258.451s][info][gc,phases      ] GC(62)   Post Evacuate Collection Set: 0.87ms
[258.451s][info][gc,phases      ] GC(62)   Other: 0.08ms
[258.451s][info][gc,heap        ] GC(62) Eden regions: 1024->0(1028)
[258.451s][info][gc,heap        ] GC(62) Survivor regions: 113->69(143)
[258.451s][info][gc,heap        ] GC(62) Old regions: 586->645
[258.451s][info][gc,heap        ] GC(62) Humongous regions: 77->77
[258.451s][info][gc,metaspace   ] GC(62) Metaspace: 28786K(29120K)->28786K(29120K) NonClass: 23901K(24000K)->23901K(24000K) Class: 4885K(5120K)->4885K(5120K)
[258.451s][info][gc             ] GC(62) Pause Young (Mixed) (G1 Evacuation Pause) 3597M->1578M(4096M) 143.321ms
[258.451s][info][gc,cpu         ] GC(62) User=0.86s Sys=0.00s Real=0.14s
.[259.919s][info][gc,start       ] GC(63) Pause Young (Normal) (G1 Evacuation Pause)
[259.919s][info][gc,task        ] GC(63) Using 6 workers of 6 for evacuation
[260.023s][info][gc,phases      ] GC(63)   Pre Evacuate Collection Set: 0.34ms
[260.023s][info][gc,phases      ] GC(63)   Merge Heap Roots: 0.44ms
[260.023s][info][gc,phases      ] GC(63)   Evacuate Collection Set: 101.81ms
[260.023s][info][gc,phases      ] GC(63)   Post Evacuate Collection Set: 0.88ms
[260.023s][info][gc,phases      ] GC(63)   Other: 0.08ms
[260.023s][info][gc,heap        ] GC(63) Eden regions: 1028->0(985)
[260.023s][info][gc,heap        ] GC(63) Survivor regions: 69->119(138)
[260.023s][info][gc,heap        ] GC(63) Old regions: 645->645
[260.023s][info][gc,heap        ] GC(63) Humongous regions: 77->77
[260.023s][info][gc,metaspace   ] GC(63) Metaspace: 28787K(29120K)->28787K(29120K) NonClass: 23902K(24000K)->23902K(24000K) Class: 4885K(5120K)->4885K(5120K)
[260.023s][info][gc             ] GC(63) Pause Young (Normal) (G1 Evacuation Pause) 3634M->1677M(4096M) 103.690ms
[260.023s][info][gc,cpu         ] GC(63) User=0.61s Sys=0.01s Real=0.10s
.[261.338s][info][gc,start       ] GC(64) Pause Young (Normal) (G1 Evacuation Pause)
[261.338s][info][gc,task        ] GC(64) Using 6 workers of 6 for evacuation
[261.462s][info][gc,phases      ] GC(64)   Pre Evacuate Collection Set: 0.31ms
[261.462s][info][gc,phases      ] GC(64)   Merge Heap Roots: 0.44ms
[261.462s][info][gc,phases      ] GC(64)   Evacuate Collection Set: 122.44ms
[261.462s][info][gc,phases      ] GC(64)   Post Evacuate Collection Set: 0.81ms
[261.462s][info][gc,phases      ] GC(64)   Other: 0.07ms
[261.462s][info][gc,heap        ] GC(64) Eden regions: 985->0(982)
[261.462s][info][gc,heap        ] GC(64) Survivor regions: 119->70(138)
[261.462s][info][gc,heap        ] GC(64) Old regions: 645->727
[261.462s][info][gc,heap        ] GC(64) Humongous regions: 77->77
[261.462s][info][gc,metaspace   ] GC(64) Metaspace: 28790K(29120K)->28790K(29120K) NonClass: 23905K(24000K)->23905K(24000K) Class: 4885K(5120K)->4885K(5120K)
[261.462s][info][gc             ] GC(64) Pause Young (Normal) (G1 Evacuation Pause) 3647M->1744M(4096M) 124.211ms
[261.462s][info][gc,cpu         ] GC(64) User=0.74s Sys=0.00s Real=0.12s
.[262.854s][info][gc,start       ] GC(65) Pause Young (Normal) (G1 Evacuation Pause)
[262.854s][info][gc,task        ] GC(65) Using 6 workers of 6 for evacuation
[262.946s][info][gc,phases      ] GC(65)   Pre Evacuate Collection Set: 0.31ms
[262.946s][info][gc,phases      ] GC(65)   Merge Heap Roots: 0.41ms
[262.946s][info][gc,phases      ] GC(65)   Evacuate Collection Set: 90.20ms
[262.946s][info][gc,phases      ] GC(65)   Post Evacuate Collection Set: 0.78ms
[262.946s][info][gc,phases      ] GC(65)   Other: 0.07ms
[262.946s][info][gc,heap        ] GC(65) Eden regions: 982->0(957)
[262.946s][info][gc,heap        ] GC(65) Survivor regions: 70->64(132)
[262.946s][info][gc,heap        ] GC(65) Old regions: 727->771
[262.946s][info][gc,heap        ] GC(65) Humongous regions: 77->77
[262.946s][info][gc,metaspace   ] GC(65) Metaspace: 28790K(29120K)->28790K(29120K) NonClass: 23905K(24000K)->23905K(24000K) Class: 4885K(5120K)->4885K(5120K)
[262.946s][info][gc             ] GC(65) Pause Young (Normal) (G1 Evacuation Pause) 3708M->1820M(4096M) 91.892ms
[262.946s][info][gc,cpu         ] GC(65) User=0.55s Sys=0.00s Real=0.09s
.[264.175s][info][gc,start       ] GC(66) Pause Young (Normal) (G1 Evacuation Pause)
[264.175s][info][gc,task        ] GC(66) Using 6 workers of 6 for evacuation
[264.267s][info][gc,phases      ] GC(66)   Pre Evacuate Collection Set: 0.31ms
[264.267s][info][gc,phases      ] GC(66)   Merge Heap Roots: 0.42ms
[264.267s][info][gc,phases      ] GC(66)   Evacuate Collection Set: 89.77ms
[264.267s][info][gc,phases      ] GC(66)   Post Evacuate Collection Set: 0.77ms
[264.267s][info][gc,phases      ] GC(66)   Other: 0.08ms
[264.267s][info][gc,heap        ] GC(66) Eden regions: 957->0(891)
[264.267s][info][gc,heap        ] GC(66) Survivor regions: 64->103(128)
[264.267s][info][gc,heap        ] GC(66) Old regions: 771->771
[264.267s][info][gc,heap        ] GC(66) Humongous regions: 77->77
[264.267s][info][gc,metaspace   ] GC(66) Metaspace: 28790K(29120K)->28790K(29120K) NonClass: 23905K(24000K)->23905K(24000K) Class: 4885K(5120K)->4885K(5120K)
[264.267s][info][gc             ] GC(66) Pause Young (Normal) (G1 Evacuation Pause) 3734M->1899M(4096M) 91.484ms
[264.267s][info][gc,cpu         ] GC(66) User=0.54s Sys=0.00s Real=0.09s
.[265.330s][info][gc,start       ] GC(67) Pause Young (Normal) (G1 Evacuation Pause)
[265.330s][info][gc,task        ] GC(67) Using 6 workers of 6 for evacuation
[265.438s][info][gc,phases      ] GC(67)   Pre Evacuate Collection Set: 0.36ms
[265.438s][info][gc,phases      ] GC(67)   Merge Heap Roots: 0.43ms
[265.438s][info][gc,phases      ] GC(67)   Evacuate Collection Set: 106.36ms
[265.438s][info][gc,phases      ] GC(67)   Post Evacuate Collection Set: 0.76ms
[265.438s][info][gc,phases      ] GC(67)   Other: 0.07ms
[265.438s][info][gc,heap        ] GC(67) Eden regions: 891->0(901)
[265.438s][info][gc,heap        ] GC(67) Survivor regions: 103->62(125)
[265.438s][info][gc,heap        ] GC(67) Old regions: 771->842
[265.438s][info][gc,heap        ] GC(67) Humongous regions: 77->77
[265.438s][info][gc,metaspace   ] GC(67) Metaspace: 28790K(29120K)->28790K(29120K) NonClass: 23905K(24000K)->23905K(24000K) Class: 4885K(5120K)->4885K(5120K)
[265.438s][info][gc             ] GC(67) Pause Young (Normal) (G1 Evacuation Pause) 3681M->1958M(4096M) 108.129ms
[265.438s][info][gc,cpu         ] GC(67) User=0.64s Sys=0.00s Real=0.11s
.[266.614s][info][gc,start       ] GC(68) Pause Young (Normal) (G1 Evacuation Pause)
[266.614s][info][gc,task        ] GC(68) Using 6 workers of 6 for evacuation
[266.711s][info][gc,phases      ] GC(68)   Pre Evacuate Collection Set: 0.34ms
[266.711s][info][gc,phases      ] GC(68)   Merge Heap Roots: 0.51ms
[266.711s][info][gc,phases      ] GC(68)   Evacuate Collection Set: 95.23ms
[266.711s][info][gc,phases      ] GC(68)   Post Evacuate Collection Set: 0.76ms
[266.711s][info][gc,phases      ] GC(68)   Other: 0.07ms
[266.711s][info][gc,heap        ] GC(68) Eden regions: 901->0(849)
[266.711s][info][gc,heap        ] GC(68) Survivor regions: 62->66(121)
[266.711s][info][gc,heap        ] GC(68) Old regions: 842->887
[266.711s][info][gc,heap        ] GC(68) Humongous regions: 77->77
[266.711s][info][gc,metaspace   ] GC(68) Metaspace: 28790K(29120K)->28790K(29120K) NonClass: 23905K(24000K)->23905K(24000K) Class: 4885K(5120K)->4885K(5120K)
[266.711s][info][gc             ] GC(68) Pause Young (Normal) (G1 Evacuation Pause) 3760M->2056M(4096M) 97.047ms
[266.711s][info][gc,cpu         ] GC(68) User=0.58s Sys=0.00s Real=0.09s
..[268.083s][info][gc,start       ] GC(69) Pause Young (Concurrent Start) (G1 Evacuation Pause)
[268.083s][info][gc,task        ] GC(69) Using 6 workers of 6 for evacuation
[268.162s][info][gc,phases      ] GC(69)   Pre Evacuate Collection Set: 0.40ms
[268.162s][info][gc,phases      ] GC(69)   Merge Heap Roots: 0.41ms
[268.162s][info][gc,phases      ] GC(69)   Evacuate Collection Set: 76.95ms
[268.162s][info][gc,phases      ] GC(69)   Post Evacuate Collection Set: 0.71ms
[268.162s][info][gc,phases      ] GC(69)   Other: 0.11ms
[268.162s][info][gc,heap        ] GC(69) Eden regions: 849->0(835)
[268.162s][info][gc,heap        ] GC(69) Survivor regions: 66->52(115)
[268.162s][info][gc,heap        ] GC(69) Old regions: 887->929
[268.162s][info][gc,heap        ] GC(69) Humongous regions: 77->77
[268.162s][info][gc,metaspace   ] GC(69) Metaspace: 28790K(29120K)->28790K(29120K) NonClass: 23905K(24000K)->23905K(24000K) Class: 4885K(5120K)->4885K(5120K)
[268.162s][info][gc             ] GC(69) Pause Young (Concurrent Start) (G1 Evacuation Pause) 3754M->2111M(4096M) 78.708ms
[268.162s][info][gc             ] GC(70) Concurrent Mark Cycle
[268.162s][info][gc,marking     ] GC(70) Concurrent Scan Root Regions
[268.162s][info][gc,cpu         ] GC(69) User=0.47s Sys=0.00s Real=0.08s
[268.284s][info][gc,marking     ] GC(70) Concurrent Scan Root Regions 121.949ms
[268.284s][info][gc,marking     ] GC(70) Concurrent Mark
[268.284s][info][gc,marking     ] GC(70) Concurrent Mark From Roots
[268.284s][info][gc,task        ] GC(70) Using 2 workers of 2 for marking
[269.624s][info][gc,marking     ] GC(70) Concurrent Mark From Roots 1340.552ms
[269.624s][info][gc,marking     ] GC(70) Concurrent Preclean
[269.625s][info][gc,marking     ] GC(70) Concurrent Preclean 0.076ms
.[269.626s][info][gc,start       ] GC(70) Pause Remark
[269.630s][info][gc             ] GC(70) Pause Remark 3359M->3353M(4096M) 4.473ms
[269.630s][info][gc,cpu         ] GC(70) User=0.02s Sys=0.00s Real=0.00s
[269.631s][info][gc,marking     ] GC(70) Concurrent Mark 1346.903ms
[269.631s][info][gc,marking     ] GC(70) Concurrent Rebuild Remembered Sets and Scrub Regions
[270.035s][info][gc,start       ] GC(71) Pause Young (Normal) (G1 Evacuation Pause)
[270.035s][info][gc,task        ] GC(71) Using 6 workers of 6 for evacuation
[270.123s][info][gc,phases      ] GC(71)   Pre Evacuate Collection Set: 0.33ms
[270.123s][info][gc,phases      ] GC(71)   Merge Heap Roots: 0.42ms
[270.123s][info][gc,phases      ] GC(71)   Evacuate Collection Set: 86.43ms
[270.123s][info][gc,phases      ] GC(71)   Post Evacuate Collection Set: 0.81ms
[270.123s][info][gc,phases      ] GC(71)   Other: 0.10ms
[270.123s][info][gc,heap        ] GC(71) Eden regions: 835->0(738)
[270.123s][info][gc,heap        ] GC(71) Survivor regions: 52->102(111)
[270.123s][info][gc,heap        ] GC(71) Old regions: 926->926
[270.123s][info][gc,heap        ] GC(71) Humongous regions: 77->77
[270.123s][info][gc,metaspace   ] GC(71) Metaspace: 28798K(29120K)->28798K(29120K) NonClass: 23913K(24000K)->23913K(24000K) Class: 4885K(5120K)->4885K(5120K)
[270.123s][info][gc             ] GC(71) Pause Young (Normal) (G1 Evacuation Pause) 3775M->2205M(4096M) 88.218ms
[270.123s][info][gc,cpu         ] GC(71) User=0.52s Sys=0.00s Real=0.09s
[270.138s][info][gc,marking     ] GC(70) Concurrent Rebuild Remembered Sets and Scrub Regions 507.027ms
[270.138s][info][gc,start       ] GC(70) Pause Cleanup
[270.138s][info][gc             ] GC(70) Pause Cleanup 2218M->2218M(4096M) 0.308ms
[270.138s][info][gc,cpu         ] GC(70) User=0.00s Sys=0.00s Real=0.00s
[270.138s][info][gc,marking     ] GC(70) Concurrent Clear Claimed Marks
[270.138s][info][gc,marking     ] GC(70) Concurrent Clear Claimed Marks 0.029ms
[270.138s][info][gc,marking     ] GC(70) Concurrent Cleanup for Next Mark
[270.143s][info][gc,marking     ] GC(70) Concurrent Cleanup for Next Mark 4.723ms
[270.143s][info][gc             ] GC(70) Concurrent Mark Cycle 1981.305ms
.[270.983s][info][gc,start       ] GC(72) Pause Young (Prepare Mixed) (G1 Evacuation Pause)
[270.983s][info][gc,task        ] GC(72) Using 6 workers of 6 for evacuation
[271.100s][info][gc,phases      ] GC(72)   Pre Evacuate Collection Set: 0.30ms
[271.100s][info][gc,phases      ] GC(72)   Merge Heap Roots: 0.43ms
[271.100s][info][gc,phases      ] GC(72)   Evacuate Collection Set: 115.10ms
[271.100s][info][gc,phases      ] GC(72)   Post Evacuate Collection Set: 0.81ms
[271.100s][info][gc,phases      ] GC(72)   Other: 0.09ms
[271.100s][info][gc,heap        ] GC(72) Eden regions: 738->0(738)
[271.100s][info][gc,heap        ] GC(72) Survivor regions: 102->63(105)
[271.100s][info][gc,heap        ] GC(72) Old regions: 926->1004
[271.100s][info][gc,heap        ] GC(72) Humongous regions: 77->77
[271.100s][info][gc,metaspace   ] GC(72) Metaspace: 28798K(29120K)->28798K(29120K) NonClass: 23913K(24000K)->23913K(24000K) Class: 4885K(5120K)->4885K(5120K)
[271.100s][info][gc             ] GC(72) Pause Young (Prepare Mixed) (G1 Evacuation Pause) 3681M->2283M(4096M) 116.857ms
[271.100s][info][gc,cpu         ] GC(72) User=0.70s Sys=0.00s Real=0.12s
[272.097s][info][gc,start       ] GC(73) Pause Young (Mixed) (G1 Evacuation Pause)
[272.097s][info][gc,task        ] GC(73) Using 6 workers of 6 for evacuation
[272.196s][info][gc,phases      ] GC(73)   Pre Evacuate Collection Set: 0.41ms
[272.196s][info][gc,phases      ] GC(73)   Merge Heap Roots: 0.49ms
[272.196s][info][gc,phases      ] GC(73)   Evacuate Collection Set: 96.92ms
[272.196s][info][gc,phases      ] GC(73)   Post Evacuate Collection Set: 0.89ms
[272.196s][info][gc,phases      ] GC(73)   Other: 0.10ms
[272.196s][info][gc,heap        ] GC(73) Eden regions: 738->0(889)
[272.196s][info][gc,heap        ] GC(73) Survivor regions: 63->59(101)
[272.196s][info][gc,heap        ] GC(73) Old regions: 1004->852
[272.196s][info][gc,heap        ] GC(73) Humongous regions: 77->77
[272.196s][info][gc,metaspace   ] GC(73) Metaspace: 28809K(29120K)->28809K(29120K) NonClass: 23924K(24000K)->23924K(24000K) Class: 4885K(5120K)->4885K(5120K)
[272.196s][info][gc             ] GC(73) Pause Young (Mixed) (G1 Evacuation Pause) 3759M->1973M(4096M) 98.933ms
[272.196s][info][gc,cpu         ] GC(73) User=0.59s Sys=0.00s Real=0.10s
.[273.331s][info][gc,start       ] GC(74) Pause Young (Mixed) (G1 Evacuation Pause)
[273.331s][info][gc,task        ] GC(74) Using 6 workers of 6 for evacuation
[273.435s][info][gc,phases      ] GC(74)   Pre Evacuate Collection Set: 0.37ms
[273.435s][info][gc,phases      ] GC(74)   Merge Heap Roots: 0.62ms
[273.435s][info][gc,phases      ] GC(74)   Evacuate Collection Set: 101.26ms
[273.435s][info][gc,phases      ] GC(74)   Post Evacuate Collection Set: 1.03ms
[273.435s][info][gc,phases      ] GC(74)   Other: 0.12ms
[273.435s][info][gc,heap        ] GC(74) Eden regions: 889->0(1006)
[273.435s][info][gc,heap        ] GC(74) Survivor regions: 59->100(119)
[273.435s][info][gc,heap        ] GC(74) Old regions: 852->662
[273.435s][info][gc,heap        ] GC(74) Humongous regions: 77->77
[273.435s][info][gc,metaspace   ] GC(74) Metaspace: 28809K(29120K)->28809K(29120K) NonClass: 23924K(24000K)->23924K(24000K) Class: 4885K(5120K)->4885K(5120K)
[273.435s][info][gc             ] GC(74) Pause Young (Mixed) (G1 Evacuation Pause) 3751M->1674M(4096M) 103.529ms
[273.435s][info][gc,cpu         ] GC(74) User=0.62s Sys=0.00s Real=0.11s
..[274.845s][info][gc,start       ] GC(75) Pause Young (Mixed) (G1 Evacuation Pause)
[274.845s][info][gc,task        ] GC(75) Using 6 workers of 6 for evacuation
[274.982s][info][gc,phases      ] GC(75)   Pre Evacuate Collection Set: 0.36ms
[274.982s][info][gc,phases      ] GC(75)   Merge Heap Roots: 1.00ms
[274.982s][info][gc,phases      ] GC(75)   Evacuate Collection Set: 133.86ms
[274.982s][info][gc,phases      ] GC(75)   Post Evacuate Collection Set: 0.99ms
[274.982s][info][gc,phases      ] GC(75)   Other: 0.08ms
[274.982s][info][gc,heap        ] GC(75) Eden regions: 1006->0(1061)
[274.982s][info][gc,heap        ] GC(75) Survivor regions: 100->100(139)
[274.982s][info][gc,heap        ] GC(75) Old regions: 662->607
[274.982s][info][gc,heap        ] GC(75) Humongous regions: 77->77
[274.982s][info][gc,metaspace   ] GC(75) Metaspace: 28809K(29120K)->28809K(29120K) NonClass: 23924K(24000K)->23924K(24000K) Class: 4885K(5120K)->4885K(5120K)
[274.982s][info][gc             ] GC(75) Pause Young (Mixed) (G1 Evacuation Pause) 3686M->1565M(4096M) 136.434ms
[274.982s][info][gc,cpu         ] GC(75) User=0.82s Sys=0.00s Real=0.13s
.[276.514s][info][gc,start       ] GC(76) Pause Young (Concurrent Start) (G1 Evacuation Pause)
[276.514s][info][gc,task        ] GC(76) Using 6 workers of 6 for evacuation
[276.632s][info][gc,phases      ] GC(76)   Pre Evacuate Collection Set: 0.37ms
[276.632s][info][gc,phases      ] GC(76)   Merge Heap Roots: 0.46ms
[276.632s][info][gc,phases      ] GC(76)   Evacuate Collection Set: 115.48ms
[276.632s][info][gc,phases      ] GC(76)   Post Evacuate Collection Set: 0.88ms
[276.632s][info][gc,phases      ] GC(76)   Other: 0.15ms
[276.632s][info][gc,heap        ] GC(76) Eden regions: 1061->0(1007)
[276.632s][info][gc,heap        ] GC(76) Survivor regions: 100->112(146)
[276.632s][info][gc,heap        ] GC(76) Old regions: 607->637
[276.632s][info][gc,heap        ] GC(76) Humongous regions: 77->77
[276.632s][info][gc,metaspace   ] GC(76) Metaspace: 28811K(29120K)->28811K(29120K) NonClass: 23926K(24000K)->23926K(24000K) Class: 4885K(5120K)->4885K(5120K)
[276.632s][info][gc             ] GC(76) Pause Young (Concurrent Start) (G1 Evacuation Pause) 3687M->1649M(4096M) 117.474ms
[276.632s][info][gc             ] GC(77) Concurrent Mark Cycle
[276.632s][info][gc,marking     ] GC(77) Concurrent Scan Root Regions
[276.632s][info][gc,cpu         ] GC(76) User=0.70s Sys=0.00s Real=0.11s
[276.838s][info][gc,marking     ] GC(77) Concurrent Scan Root Regions 206.773ms
[276.838s][info][gc,marking     ] GC(77) Concurrent Mark
[276.838s][info][gc,marking     ] GC(77) Concurrent Mark From Roots
[276.839s][info][gc,task        ] GC(77) Using 2 workers of 2 for marking
..[278.511s][info][gc,marking     ] GC(77) Concurrent Mark From Roots 1672.889ms
[278.511s][info][gc,marking     ] GC(77) Concurrent Preclean
[278.512s][info][gc,marking     ] GC(77) Concurrent Preclean 0.076ms
[278.514s][info][gc,start       ] GC(77) Pause Remark
[278.520s][info][gc             ] GC(77) Pause Remark 3557M->3557M(4096M) 6.244ms
[278.520s][info][gc,cpu         ] GC(77) User=0.03s Sys=0.00s Real=0.00s
[278.520s][info][gc,marking     ] GC(77) Concurrent Mark 1681.938ms
[278.520s][info][gc,marking     ] GC(77) Concurrent Rebuild Remembered Sets and Scrub Regions
[278.696s][info][gc,start       ] GC(78) Pause Young (Normal) (G1 Evacuation Pause)
[278.696s][info][gc,task        ] GC(78) Using 6 workers of 6 for evacuation
[278.876s][info][gc,phases      ] GC(78)   Pre Evacuate Collection Set: 0.29ms
[278.876s][info][gc,phases      ] GC(78)   Merge Heap Roots: 0.50ms
[278.876s][info][gc,phases      ] GC(78)   Evacuate Collection Set: 178.08ms
[278.876s][info][gc,phases      ] GC(78)   Post Evacuate Collection Set: 0.86ms
[278.876s][info][gc,phases      ] GC(78)   Other: 0.09ms
[278.876s][info][gc,heap        ] GC(78) Eden regions: 1007->0(989)
[278.876s][info][gc,heap        ] GC(78) Survivor regions: 112->75(140)
[278.876s][info][gc,heap        ] GC(78) Old regions: 637->719
[278.876s][info][gc,heap        ] GC(78) Humongous regions: 77->77
[278.876s][info][gc,metaspace   ] GC(78) Metaspace: 28813K(29184K)->28813K(29184K) NonClass: 23928K(24064K)->23928K(24064K) Class: 4885K(5120K)->4885K(5120K)
[278.876s][info][gc             ] GC(78) Pause Young (Normal) (G1 Evacuation Pause) 3663M->1739M(4096M) 179.946ms
[278.876s][info][gc,cpu         ] GC(78) User=0.79s Sys=0.00s Real=0.18s
[279.002s][info][gc,marking     ] GC(77) Concurrent Rebuild Remembered Sets and Scrub Regions 481.451ms
[279.002s][info][gc,start       ] GC(77) Pause Cleanup
[279.003s][info][gc             ] GC(77) Pause Cleanup 1821M->1821M(4096M) 0.218ms
[279.003s][info][gc,cpu         ] GC(77) User=0.00s Sys=0.00s Real=0.00s
[279.003s][info][gc,marking     ] GC(77) Concurrent Clear Claimed Marks
[279.003s][info][gc,marking     ] GC(77) Concurrent Clear Claimed Marks 0.034ms
[279.003s][info][gc,marking     ] GC(77) Concurrent Cleanup for Next Mark
[279.008s][info][gc,marking     ] GC(77) Concurrent Cleanup for Next Mark 5.602ms
[279.008s][info][gc             ] GC(77) Concurrent Mark Cycle 2376.698ms
. (rIR:aIR:PR = 13837:13312:10955) (tPR = 151606) [PR is under limit] 
   279s: Re-initializing (term[279.993s][info][gc,start       ] GC(79) Pause Young (Prepare Mixed) (G1 Evacuation Pause)
[279.993s][info][gc,task        ] GC(79) Using 6 workers of 6 for evacuation
[280.105s][info][gc,phases      ] GC(79)   Pre Evacuate Collection Set: 0.29ms
[280.105s][info][gc,phases      ] GC(79)   Merge Heap Roots: 0.46ms
[280.105s][info][gc,phases      ] GC(79)   Evacuate Collection Set: 110.16ms
[280.105s][info][gc,phases      ] GC(79)   Post Evacuate Collection Set: 0.81ms
[280.105s][info][gc,phases      ] GC(79)   Other: 0.08ms
[280.105s][info][gc,heap        ] GC(79) Eden regions: 989->0(936)
[280.105s][info][gc,heap        ] GC(79) Survivor regions: 75->81(133)
[280.105s][info][gc,heap        ] GC(79) Old regions: 719->767
[280.105s][info][gc,heap        ] GC(79) Humongous regions: 77->77
[280.105s][info][gc,metaspace   ] GC(79) Metaspace: 28814K(29184K)->28814K(29184K) NonClass: 23928K(24064K)->23928K(24064K) Class: 4885K(5120K)->4885K(5120K)
[280.105s][info][gc             ] GC(79) Pause Young (Prepare Mixed) (G1 Evacuation Pause) 3717M->1848M(4096M) 111.941ms
[280.105s][info][gc,cpu         ] GC(79) User=0.67s Sys=0.00s Real=0.11s
[281.361s][info][gc,start       ] GC(80) Pause Young (Mixed) (G1 Evacuation Pause)
[281.361s][info][gc,task        ] GC(80) Using 6 workers of 6 for evacuation
[281.501s][info][gc,phases      ] GC(80)   Pre Evacuate Collection Set: 0.37ms
[281.501s][info][gc,phases      ] GC(80)   Merge Heap Roots: 0.48ms
[281.501s][info][gc,phases      ] GC(80)   Evacuate Collection Set: 137.97ms
[281.501s][info][gc,phases      ] GC(80)   Post Evacuate Collection Set: 0.84ms
[281.501s][info][gc,phases      ] GC(80)   Other: 0.10ms
[281.501s][info][gc,heap        ] GC(80) Eden regions: 936->0(1035)
[281.501s][info][gc,heap        ] GC(80) Survivor regions: 81->85(128)
[281.501s][info][gc,heap        ] GC(80) Old regions: 767->640
[281.501s][info][gc,heap        ] GC(80) Humongous regions: 77->77
[281.501s][info][gc,metaspace   ] GC(80) Metaspace: 28814K(29184K)->28814K(29184K) NonClass: 23929K(24064K)->23929K(24064K) Class: 4885K(5120K)->4885K(5120K)
[281.501s][info][gc             ] GC(80) Pause Young (Mixed) (G1 Evacuation Pause) 3720M->1601M(4096M) 139.893ms
[281.501s][info][gc,cpu         ] GC(80) User=0.83s Sys=0.00s Real=0.14s
[282.864s][info][gc,start       ] GC(81) Pause Young (Mixed) (G1 Evacuation Pause)
[282.864s][info][gc,task        ] GC(81) Using 6 workers of 6 for evacuation
[282.968s][info][gc,phases      ] GC(81)   Pre Evacuate Collection Set: 0.32ms
[282.968s][info][gc,phases      ] GC(81)   Merge Heap Roots: 0.52ms
[282.968s][info][gc,phases      ] GC(81)   Evacuate Collection Set: 102.61ms
[282.968s][info][gc,phases      ] GC(81)   Post Evacuate Collection Set: 0.87ms
[282.968s][info][gc,phases      ] GC(81)   Other: 0.08ms
[282.968s][info][gc,heap        ] GC(81) Eden regions: 1035->0(1048)
[282.968s][info][gc,heap        ] GC(81) Survivor regions: 85->67(140)
[282.968s][info][gc,heap        ] GC(81) Old regions: 640->649
[282.968s][info][gc,heap        ] GC(81) Humongous regions: 77->77
[282.968s][info][gc,metaspace   ] GC(81) Metaspace: 28815K(29184K)->28815K(29184K) NonClass: 23930K(24064K)->23930K(24064K) Class: 4885K(5120K)->4885K(5120K)
[282.968s][info][gc             ] GC(81) Pause Young (Mixed) (G1 Evacuation Pause) 3671M->1582M(4096M) 104.532ms
[282.968s][info][gc,cpu         ] GC(81) User=0.62s Sys=0.00s Real=0.10s
[284.277s][info][gc,start       ] GC(82) Pause Young (Concurrent Start) (G1 Evacuation Pause)
[284.277s][info][gc,task        ] GC(82) Using 6 workers of 6 for evacuation
[284.374s][info][gc,phases      ] GC(82)   Pre Evacuate Collection Set: 0.34ms
[284.374s][info][gc,phases      ] GC(82)   Merge Heap Roots: 0.50ms
[284.374s][info][gc,phases      ] GC(82)   Evacuate Collection Set: 94.60ms
[284.374s][info][gc,phases      ] GC(82)   Post Evacuate Collection Set: 0.85ms
[284.374s][info][gc,phases      ] GC(82)   Other: 0.90ms
[284.374s][info][gc,heap        ] GC(82) Eden regions: 1048->0(1001)
[284.374s][info][gc,heap        ] GC(82) Survivor regions: 67->109(140)
[284.374s][info][gc,heap        ] GC(82) Old regions: 649->649
[284.374s][info][gc,heap        ] GC(82) Humongous regions: 77->77
[284.374s][info][gc,metaspace   ] GC(82) Metaspace: 28815K(29184K)->28815K(29184K) NonClass: 23930K(24064K)->23930K(24064K) Class: 4885K(5120K)->4885K(5120K)
[284.374s][info][gc             ] GC(82) Pause Young (Concurrent Start) (G1 Evacuation Pause) 3678M->1667M(4096M) 97.328ms
[284.374s][info][gc             ] GC(83) Concurrent Mark Cycle
[284.374s][info][gc,marking     ] GC(83) Concurrent Scan Root Regions
[284.374s][info][gc,cpu         ] GC(82) User=0.57s Sys=0.00s Real=0.10s
[284.482s][info][gc,marking     ] GC(83) Concurrent Scan Root Regions 107.657ms
[284.482s][info][gc,marking     ] GC(83) Concurrent Mark
[284.482s][info][gc,marking     ] GC(83) Concurrent Mark From Roots
[284.482s][info][gc,task        ] GC(83) Using 2 workers of 2 for marking
) [285.877s][info][gc,start       ] GC(84) Pause Full (System.gc())
[285.877s][info][gc,task        ] GC(84) Using 6 workers of 6 for full compaction
[285.881s][info][gc,phases,start] GC(84) Phase 1: Mark live objects
[285.896s][info][gc,phases      ] GC(84) Phase 1: Mark live objects 15.274ms
[285.896s][info][gc,phases,start] GC(84) Phase 2: Prepare compaction
[285.899s][info][gc,phases      ] GC(84) Phase 2: Prepare compaction 3.460ms
[285.899s][info][gc,phases,start] GC(84) Phase 3: Adjust pointers
[285.907s][info][gc,phases      ] GC(84) Phase 3: Adjust pointers 7.685ms
[285.907s][info][gc,phases,start] GC(84) Phase 4: Compact heap
[285.911s][info][gc,phases      ] GC(84) Phase 4: Compact heap 3.459ms
[285.911s][info][gc,phases,start] GC(84) Phase 5: Reset Metadata
[285.915s][info][gc,phases      ] GC(84) Phase 5: Reset Metadata 4.370ms
[285.921s][info][gc,heap        ] GC(84) Eden regions: 711->0(1228)
[285.921s][info][gc,heap        ] GC(84) Survivor regions: 109->0(140)
[285.921s][info][gc,heap        ] GC(84) Old regions: 649->35
[285.921s][info][gc,heap        ] GC(84) Humongous regions: 77->66
[285.921s][info][gc,metaspace   ] GC(84) Metaspace: 28817K(29248K)->28817K(29248K) NonClass: 23932K(24128K)->23932K(24128K) Class: 4885K(5120K)->4885K(5120K)
[285.921s][info][gc             ] GC(84) Pause Full (System.gc()) 3088M->194M(4096M) 44.436ms
[285.921s][info][gc,cpu         ] GC(84) User=0.24s Sys=0.00s Real=0.04s
[285.921s][info][gc,marking     ] GC(83) Concurrent Mark From Roots 1439.502ms
[285.921s][info][gc,marking     ] GC(83) Concurrent Mark Abort
[285.921s][info][gc             ] GC(83) Concurrent Mark Cycle 1547.261ms
(init[286.161s][info][gc,start       ] GC(85) Pause Young (Concurrent Start) (G1 Humongous Allocation)
[286.161s][info][gc,task        ] GC(85) Using 6 workers of 6 for evacuation
[286.175s][info][gc,phases      ] GC(85)   Pre Evacuate Collection Set: 0.35ms
[286.175s][info][gc,phases      ] GC(85)   Merge Heap Roots: 0.03ms
[286.175s][info][gc,phases      ] GC(85)   Evacuate Collection Set: 13.20ms
[286.175s][info][gc,phases      ] GC(85)   Post Evacuate Collection Set: 0.23ms
[286.175s][info][gc,phases      ] GC(85)   Other: 0.08ms
[286.175s][info][gc,heap        ] GC(85) Eden regions: 47->0(1214)
[286.175s][info][gc,heap        ] GC(85) Survivor regions: 0->14(154)
[286.175s][info][gc,heap        ] GC(85) Old regions: 35->35
[286.175s][info][gc,heap        ] GC(85) Humongous regions: 66->66
[286.175s][info][gc,metaspace   ] GC(85) Metaspace: 28824K(29248K)->28824K(29248K) NonClass: 23939K(24128K)->23939K(24128K) Class: 4885K(5120K)->4885K(5120K)
[286.175s][info][gc             ] GC(85) Pause Young (Concurrent Start) (G1 Humongous Allocation) 286M->222M(4096M) 14.016ms
[286.175s][info][gc             ] GC(86) Concurrent Mark Cycle
[286.175s][info][gc,cpu         ] GC(85) User=0.08s Sys=0.00s Real=0.02s
[286.175s][info][gc,marking     ] GC(86) Concurrent Scan Root Regions
[286.183s][info][gc,marking     ] GC(86) Concurrent Scan Root Regions 8.384ms
[286.183s][info][gc,marking     ] GC(86) Concurrent Mark
[286.183s][info][gc,marking     ] GC(86) Concurrent Mark From Roots
[286.183s][info][gc,task        ] GC(86) Using 2 workers of 2 for marking
[286.225s][info][gc,marking     ] GC(86) Concurrent Mark From Roots 41.714ms
[286.225s][info][gc,marking     ] GC(86) Concurrent Preclean
[286.225s][info][gc,marking     ] GC(86) Concurrent Preclean 0.069ms
[286.225s][info][gc,start       ] GC(86) Pause Remark
[286.227s][info][gc             ] GC(86) Pause Remark 318M->318M(4096M) 1.866ms
[286.227s][info][gc,cpu         ] GC(86) User=0.01s Sys=0.00s Real=0.00s
[286.227s][info][gc,marking     ] GC(86) Concurrent Mark 43.817ms
[286.227s][info][gc,marking     ] GC(86) Concurrent Rebuild Remembered Sets and Scrub Regions
[286.252s][info][gc,marking     ] GC(86) Concurrent Rebuild Remembered Sets and Scrub Regions 24.793ms
[286.252s][info][gc,start       ] GC(86) Pause Cleanup
[286.252s][info][gc             ] GC(86) Pause Cleanup 374M->374M(4096M) 0.066ms
[286.252s][info][gc,cpu         ] GC(86) User=0.00s Sys=0.00s Real=0.00s
[286.252s][info][gc,marking     ] GC(86) Concurrent Clear Claimed Marks
[286.252s][info][gc,marking     ] GC(86) Concurrent Clear Claimed Marks 0.029ms
[286.252s][info][gc,marking     ] GC(86) Concurrent Cleanup for Next Mark
[286.257s][info][gc,marking     ] GC(86) Concurrent Cleanup for Next Mark 5.413ms
[286.257s][info][gc             ] GC(86) Concurrent Mark Cycle 82.763ms
) ... OK
   290s: Searching from base IR = 11548
   290s:       rampup IR =      0 ... (rIR:aIR:PR = 0:0:0) (tPR = 0) [OK] 
   293s:       rampup IR =   1155 ...[296.716s][info][gc,start       ] GC(87) Pause Young (Prepare Mixed) (G1 Evacuation Pause)
[296.716s][info][gc,task        ] GC(87) Using 6 workers of 6 for evacuation
[297.190s][info][gc,mmu         ] GC(87) MMU target violated: 201.0ms (200.0ms/201.0ms)
[297.190s][info][gc,phases      ] GC(87)   Pre Evacuate Collection Set: 0.32ms
[297.190s][info][gc,phases      ] GC(87)   Merge Heap Roots: 0.58ms
[297.190s][info][gc,phases      ] GC(87)   Evacuate Collection Set: 472.24ms
[297.190s][info][gc,phases      ] GC(87)   Post Evacuate Collection Set: 1.26ms
[297.190s][info][gc,phases      ] GC(87)   Other: 0.15ms
[297.190s][info][gc,heap        ] GC(87) Eden regions: 1214->0(477)
[297.190s][info][gc,heap        ] GC(87) Survivor regions: 14->154(154)
[297.190s][info][gc,heap        ] GC(87) Old regions: 35->343
[297.190s][info][gc,heap        ] GC(87) Humongous regions: 163->155
[297.190s][info][gc,metaspace   ] GC(87) Metaspace: 28833K(29248K)->28833K(29248K) NonClass: 23947K(24128K)->23947K(24128K) Class: 4885K(5120K)->4885K(5120K)
[297.190s][info][gc             ] GC(87) Pause Young (Prepare Mixed) (G1 Evacuation Pause) 2844M->1295M(4096M) 474.686ms
[297.190s][info][gc,cpu         ] GC(87) User=2.83s Sys=0.00s Real=0.47s
. (rIR:aIR:PR = 1155:1148:1126) (tPR = 21936) [OK] 
   297s:       rampup IR =   2310 ..[299.521s][info][gc,start       ] GC(88) Pause Young (Mixed) (G1 Evacuation Pause)
[299.521s][info][gc,task        ] GC(88) Using 6 workers of 6 for evacuation
[299.714s][info][gc,phases      ] GC(88)   Pre Evacuate Collection Set: 0.33ms
[299.714s][info][gc,phases      ] GC(88)   Merge Heap Roots: 0.53ms
[299.714s][info][gc,phases      ] GC(88)   Evacuate Collection Set: 190.97ms
[299.714s][info][gc,phases      ] GC(88)   Post Evacuate Collection Set: 0.66ms
[299.714s][info][gc,phases      ] GC(88)   Other: 0.07ms
[299.714s][info][gc,heap        ] GC(88) Eden regions: 468->0(653)
[299.714s][info][gc,heap        ] GC(88) Survivor regions: 154->30(78)
[299.714s][info][gc,heap        ] GC(88) Old regions: 343->494
[299.714s][info][gc,heap        ] GC(88) Humongous regions: 155->155
[299.714s][info][gc,metaspace   ] GC(88) Metaspace: 28833K(29248K)->28833K(29248K) NonClass: 23947K(24128K)->23947K(24128K) Class: 4885K(5120K)->4885K(5120K)
[299.714s][info][gc             ] GC(88) Pause Young (Mixed) (G1 Evacuation Pause) 2231M->1351M(4096M) 192.685ms
[299.714s][info][gc,cpu         ] GC(88) User=1.15s Sys=0.00s Real=0.20s
.. (rIR:aIR:PR = 2310:2305:2254) (tPR = 42428) [OK] 
   301s:       rampup IR =   3464 .[302.513s][info][gc,start       ] GC(89) Pause Young (Concurrent Start) (G1 Evacuation Pause)
[302.513s][info][gc,task        ] GC(89) Using 6 workers of 6 for evacuation
[302.580s][info][gc,phases      ] GC(89)   Pre Evacuate Collection Set: 0.39ms
[302.580s][info][gc,phases      ] GC(89)   Merge Heap Roots: 0.50ms
[302.580s][info][gc,phases      ] GC(89)   Evacuate Collection Set: 65.19ms
[302.580s][info][gc,phases      ] GC(89)   Post Evacuate Collection Set: 0.79ms
[302.580s][info][gc,phases      ] GC(89)   Other: 0.10ms
[302.580s][info][gc,heap        ] GC(89) Eden regions: 696->0(648)
[302.580s][info][gc,heap        ] GC(89) Survivor regions: 30->65(91)
[302.580s][info][gc,heap        ] GC(89) Old regions: 494->494
[302.580s][info][gc,heap        ] GC(89) Humongous regions: 155->155
[302.580s][info][gc,metaspace   ] GC(89) Metaspace: 28833K(29248K)->28833K(29248K) NonClass: 23948K(24128K)->23948K(24128K) Class: 4885K(5120K)->4885K(5120K)
[302.580s][info][gc             ] GC(89) Pause Young (Concurrent Start) (G1 Evacuation Pause) 2743M->1421M(4096M) 67.099ms
[302.580s][info][gc             ] GC(90) Concurrent Mark Cycle
[302.580s][info][gc,marking     ] GC(90) Concurrent Scan Root Regions
[302.580s][info][gc,cpu         ] GC(89) User=0.39s Sys=0.00s Real=0.07s
[302.667s][info][gc,marking     ] GC(90) Concurrent Scan Root Regions 86.780ms
[302.667s][info][gc,marking     ] GC(90) Concurrent Mark
[302.667s][info][gc,marking     ] GC(90) Concurrent Mark From Roots
[302.667s][info][gc,task        ] GC(90) Using 2 workers of 2 for marking
.[303.604s][info][gc,marking     ] GC(90) Concurrent Mark From Roots 937.192ms
[303.604s][info][gc,marking     ] GC(90) Concurrent Preclean
[303.604s][info][gc,marking     ] GC(90) Concurrent Preclean 0.058ms
[303.604s][info][gc,start       ] GC(90) Pause Remark
[303.613s][info][gc             ] GC(90) Pause Remark 2072M->1878M(4096M) 8.995ms
[303.613s][info][gc,cpu         ] GC(90) User=0.05s Sys=0.00s Real=0.00s
[303.613s][info][gc,marking     ] GC(90) Concurrent Mark 946.492ms
[303.613s][info][gc,marking     ] GC(90) Concurrent Rebuild Remembered Sets and Scrub Regions
[303.994s][info][gc,marking     ] GC(90) Concurrent Rebuild Remembered Sets and Scrub Regions 380.471ms
[303.994s][info][gc,start       ] GC(90) Pause Cleanup
[303.994s][info][gc             ] GC(90) Pause Cleanup 2117M->2117M(4096M) 0.096ms
[303.994s][info][gc,cpu         ] GC(90) User=0.00s Sys=0.00s Real=0.00s
[303.994s][info][gc,marking     ] GC(90) Concurrent Clear Claimed Marks
[303.994s][info][gc,marking     ] GC(90) Concurrent Clear Claimed Marks 0.032ms
[303.994s][info][gc,marking     ] GC(90) Concurrent Cleanup for Next Mark
[303.999s][info][gc,marking     ] GC(90) Concurrent Cleanup for Next Mark 4.576ms
[303.999s][info][gc             ] GC(90) Concurrent Mark Cycle 1418.839ms
.[304.748s][info][gc,start       ] GC(91) Pause Young (Prepare Mixed) (G1 Evacuation Pause)
[304.748s][info][gc,task        ] GC(91) Using 6 workers of 6 for evacuation
[304.827s][info][gc,phases      ] GC(91)   Pre Evacuate Collection Set: 0.35ms
[304.827s][info][gc,phases      ] GC(91)   Merge Heap Roots: 0.57ms
[304.827s][info][gc,phases      ] GC(91)   Evacuate Collection Set: 77.98ms
[304.827s][info][gc,phases      ] GC(91)   Post Evacuate Collection Set: 0.69ms
[304.827s][info][gc,phases      ] GC(91)   Other: 0.07ms
[304.827s][info][gc,heap        ] GC(91) Eden regions: 651->0(981)
[304.827s][info][gc,heap        ] GC(91) Survivor regions: 65->69(90)
[304.827s][info][gc,heap        ] GC(91) Old regions: 477->498
[304.827s][info][gc,heap        ] GC(91) Humongous regions: 75->75
[304.827s][info][gc,metaspace   ] GC(91) Metaspace: 28833K(29248K)->28833K(29248K) NonClass: 23948K(24128K)->23948K(24128K) Class: 4885K(5120K)->4885K(5120K)
[304.827s][info][gc             ] GC(91) Pause Young (Prepare Mixed) (G1 Evacuation Pause) 2529M->1277M(4096M) 79.808ms
[304.827s][info][gc,cpu         ] GC(91) User=0.47s Sys=0.00s Real=0.08s
. (rIR:aIR:PR = 3464:3469:3396) (tPR = 59840) [OK] 
   305s:       rampup IR =   4619 ..[307.552s][info][gc,start       ] GC(92) Pause Young (Mixed) (G1 Evacuation Pause)
[307.552s][info][gc,task        ] GC(92) Using 6 workers of 6 for evacuation
[307.647s][info][gc,phases      ] GC(92)   Pre Evacuate Collection Set: 0.37ms
[307.647s][info][gc,phases      ] GC(92)   Merge Heap Roots: 0.39ms
[307.647s][info][gc,phases      ] GC(92)   Evacuate Collection Set: 93.08ms
[307.647s][info][gc,phases      ] GC(92)   Merge Optional Heap Roots: 0.02ms
[307.647s][info][gc,phases      ] GC(92)   Evacuate Optional Collection Set: 0.08ms
[307.647s][info][gc,phases      ] GC(92)   Post Evacuate Collection Set: 0.95ms
[307.647s][info][gc,phases      ] GC(92)   Other: 0.09ms
[307.647s][info][gc,heap        ] GC(92) Eden regions: 1049->0(946)
[307.647s][info][gc,heap        ] GC(92) Survivor regions: 69->106(140)
[307.647s][info][gc,heap        ] GC(92) Old regions: 498->494
[307.647s][info][gc,heap        ] GC(92) Humongous regions: 75->75
[307.647s][info][gc,metaspace   ] GC(92) Metaspace: 28833K(29248K)->28833K(29248K) NonClass: 23948K(24128K)->23948K(24128K) Class: 4885K(5120K)->4885K(5120K)
[307.647s][info][gc             ] GC(92) Pause Young (Mixed) (G1 Evacuation Pause) 3375M->1345M(4096M) 95.114ms
[307.647s][info][gc,cpu         ] GC(92) User=0.56s Sys=0.00s Real=0.10s
.. (rIR:aIR:PR = 4619:4590:4560) (tPR = 77327) [OK] 
   309s:       rampup IR =   5774 [310.004s][info][gc,start       ] GC(93) Pause Young (Mixed) (G1 Evacuation Pause)
[310.005s][info][gc,task        ] GC(93) Using 6 workers of 6 for evacuation
[310.126s][info][gc,phases      ] GC(93)   Pre Evacuate Collection Set: 0.33ms
[310.126s][info][gc,phases      ] GC(93)   Merge Heap Roots: 0.42ms
[310.126s][info][gc,phases      ] GC(93)   Evacuate Collection Set: 119.66ms
[310.126s][info][gc,phases      ] GC(93)   Post Evacuate Collection Set: 1.00ms
[310.126s][info][gc,phases      ] GC(93)   Other: 0.08ms
[310.126s][info][gc,heap        ] GC(93) Eden regions: 1003->0(1060)
[310.126s][info][gc,heap        ] GC(93) Survivor regions: 106->98(139)
[310.126s][info][gc,heap        ] GC(93) Old regions: 494->534
[310.126s][info][gc,heap        ] GC(93) Humongous regions: 77->77
[310.126s][info][gc,metaspace   ] GC(93) Metaspace: 28838K(29248K)->28838K(29248K) NonClass: 23952K(24128K)->23952K(24128K) Class: 4885K(5120K)->4885K(5120K)
[310.126s][info][gc             ] GC(93) Pause Young (Mixed) (G1 Evacuation Pause) 3355M->1414M(4096M) 121.625ms
[310.126s][info][gc,cpu         ] GC(93) User=0.72s Sys=0.00s Real=0.12s
...[312.341s][info][gc,start       ] GC(94) Pause Young (Mixed) (G1 Evacuation Pause)
[312.342s][info][gc,task        ] GC(94) Using 6 workers of 6 for evacuation
[312.460s][info][gc,phases      ] GC(94)   Pre Evacuate Collection Set: 0.33ms
[312.460s][info][gc,phases      ] GC(94)   Merge Heap Roots: 0.46ms
[312.461s][info][gc,phases      ] GC(94)   Evacuate Collection Set: 117.04ms
[312.461s][info][gc,phases      ] GC(94)   Post Evacuate Collection Set: 1.03ms
[312.461s][info][gc,phases      ] GC(94)   Other: 0.09ms
[312.461s][info][gc,heap        ] GC(94) Eden regions: 1060->0(1064)
[312.461s][info][gc,heap        ] GC(94) Survivor regions: 98->99(145)
[312.461s][info][gc,heap        ] GC(94) Old regions: 534->542
[312.461s][info][gc,heap        ] GC(94) Humongous regions: 77->77
[312.461s][info][gc,metaspace   ] GC(94) Metaspace: 28844K(29248K)->28844K(29248K) NonClass: 23958K(24128K)->23958K(24128K) Class: 4885K(5120K)->4885K(5120K)
[312.461s][info][gc             ] GC(94) Pause Young (Mixed) (G1 Evacuation Pause) 3534M->1434M(4096M) 119.076ms
[312.461s][info][gc,cpu         ] GC(94) User=0.70s Sys=0.00s Real=0.12s
. (rIR:aIR:PR = 5774:5765:5764) (tPR = 94235) [OK] 
   313s:       rampup IR =   6929 .[314.779s][info][gc,start       ] GC(95) Pause Young (Concurrent Start) (G1 Evacuation Pause)
[314.779s][info][gc,task        ] GC(95) Using 6 workers of 6 for evacuation
[314.900s][info][gc,phases      ] GC(95)   Pre Evacuate Collection Set: 0.44ms
[314.900s][info][gc,phases      ] GC(95)   Merge Heap Roots: 0.40ms
[314.900s][info][gc,phases      ] GC(95)   Evacuate Collection Set: 118.43ms
[314.900s][info][gc,phases      ] GC(95)   Post Evacuate Collection Set: 0.90ms
[314.900s][info][gc,phases      ] GC(95)   Other: 0.13ms
[314.900s][info][gc,heap        ] GC(95) Eden regions: 1071->0(1056)
[314.900s][info][gc,heap        ] GC(95) Survivor regions: 99->109(147)
[314.900s][info][gc,heap        ] GC(95) Old regions: 542->574
[314.900s][info][gc,heap        ] GC(95) Humongous regions: 77->77
[314.900s][info][gc,metaspace   ] GC(95) Metaspace: 28844K(29248K)->28844K(29248K) NonClass: 23958K(24128K)->23958K(24128K) Class: 4885K(5120K)->4885K(5120K)
[314.900s][info][gc             ] GC(95) Pause Young (Concurrent Start) (G1 Evacuation Pause) 3576M->1519M(4096M) 120.446ms
[314.900s][info][gc             ] GC(96) Concurrent Mark Cycle
[314.900s][info][gc,marking     ] GC(96) Concurrent Scan Root Regions
[314.900s][info][gc,cpu         ] GC(95) User=0.72s Sys=0.00s Real=0.12s
[315.096s][info][gc,marking     ] GC(96) Concurrent Scan Root Regions 196.231ms
[315.096s][info][gc,marking     ] GC(96) Concurrent Mark
[315.096s][info][gc,marking     ] GC(96) Concurrent Mark From Roots
[315.096s][info][gc,task        ] GC(96) Using 2 workers of 2 for marking
.[315.700s][info][gc,marking     ] GC(96) Concurrent Mark From Roots 603.721ms
[315.700s][info][gc,marking     ] GC(96) Concurrent Preclean
[315.700s][info][gc,marking     ] GC(96) Concurrent Preclean 0.096ms
[315.703s][info][gc,start       ] GC(96) Pause Remark
[315.709s][info][gc             ] GC(96) Pause Remark 2297M->2297M(4096M) 6.362ms
[315.709s][info][gc,cpu         ] GC(96) User=0.03s Sys=0.00s Real=0.01s
[315.709s][info][gc,marking     ] GC(96) Concurrent Mark 613.207ms
[315.709s][info][gc,marking     ] GC(96) Concurrent Rebuild Remembered Sets and Scrub Regions
[315.991s][info][gc,marking     ] GC(96) Concurrent Rebuild Remembered Sets and Scrub Regions 281.700ms
[315.994s][info][gc,start       ] GC(96) Pause Cleanup
[315.994s][info][gc             ] GC(96) Pause Cleanup 2545M->2545M(4096M) 0.199ms
[315.994s][info][gc,cpu         ] GC(96) User=0.00s Sys=0.00s Real=0.00s
[315.994s][info][gc,marking     ] GC(96) Concurrent Clear Claimed Marks
[315.994s][info][gc,marking     ] GC(96) Concurrent Clear Claimed Marks 0.038ms
[315.994s][info][gc,marking     ] GC(96) Concurrent Cleanup for Next Mark
[315.999s][info][gc,marking     ] GC(96) Concurrent Cleanup for Next Mark 4.916ms
[315.999s][info][gc             ] GC(96) Concurrent Mark Cycle 1099.375ms
.[317.130s][info][gc,start       ] GC(97) Pause Young (Prepare Mixed) (G1 Evacuation Pause)
[317.130s][info][gc,task        ] GC(97) Using 6 workers of 6 for evacuation
[317.248s][info][gc,phases      ] GC(97)   Pre Evacuate Collection Set: 0.36ms
[317.248s][info][gc,phases      ] GC(97)   Merge Heap Roots: 0.42ms
[317.248s][info][gc,phases      ] GC(97)   Evacuate Collection Set: 115.80ms
[317.248s][info][gc,phases      ] GC(97)   Post Evacuate Collection Set: 0.95ms
[317.248s][info][gc,phases      ] GC(97)   Other: 0.09ms
[317.248s][info][gc,heap        ] GC(97) Eden regions: 1056->0(1039)
[317.248s][info][gc,heap        ] GC(97) Survivor regions: 109->108(146)
[317.248s][info][gc,heap        ] GC(97) Old regions: 574->610
[317.248s][info][gc,heap        ] GC(97) Humongous regions: 77->77
[317.248s][info][gc,metaspace   ] GC(97) Metaspace: 28844K(29248K)->28844K(29248K) NonClass: 23958K(24128K)->23958K(24128K) Class: 4885K(5120K)->4885K(5120K)
[317.248s][info][gc             ] GC(97) Pause Young (Prepare Mixed) (G1 Evacuation Pause) 3631M->1588M(4096M) 117.752ms
[317.248s][info][gc,cpu         ] GC(97) User=0.70s Sys=0.00s Real=0.12s
. (rIR:aIR:PR = 6929:6934:6937) (tPR = 106581) [OK] 
   317s:       rampup IR =   8084 .[319.362s][info][gc,start       ] GC(98) Pause Young (Mixed) (G1 Evacuation Pause)
[319.363s][info][gc,task        ] GC(98) Using 6 workers of 6 for evacuation
[319.495s][info][gc,phases      ] GC(98)   Pre Evacuate Collection Set: 0.38ms
[319.495s][info][gc,phases      ] GC(98)   Merge Heap Roots: 0.56ms
[319.495s][info][gc,phases      ] GC(98)   Evacuate Collection Set: 128.12ms
[319.495s][info][gc,phases      ] GC(98)   Merge Optional Heap Roots: 0.04ms
[319.495s][info][gc,phases      ] GC(98)   Evacuate Optional Collection Set: 2.51ms
[319.495s][info][gc,phases      ] GC(98)   Post Evacuate Collection Set: 1.16ms
[319.495s][info][gc,phases      ] GC(98)   Other: 0.11ms
[319.495s][info][gc,heap        ] GC(98) Eden regions: 1039->0(1122)
[319.495s][info][gc,heap        ] GC(98) Survivor regions: 108->106(144)
[319.495s][info][gc,heap        ] GC(98) Old regions: 610->488
[319.495s][info][gc,heap        ] GC(98) Humongous regions: 77->77
[319.495s][info][gc,metaspace   ] GC(98) Metaspace: 28844K(29248K)->28844K(29248K) NonClass: 23959K(24128K)->23959K(24128K) Class: 4885K(5120K)->4885K(5120K)
[319.495s][info][gc             ] GC(98) Pause Young (Mixed) (G1 Evacuation Pause) 3666M->1340M(4096M) 133.002ms
[319.495s][info][gc,cpu         ] GC(98) User=0.79s Sys=0.00s Real=0.14s
..[321.542s][info][gc,start       ] GC(99) Pause Young (Mixed) (G1 Evacuation Pause)
[321.542s][info][gc,task        ] GC(99) Using 6 workers of 6 for evacuation
[321.673s][info][gc,phases      ] GC(99)   Pre Evacuate Collection Set: 0.34ms
[321.673s][info][gc,phases      ] GC(99)   Merge Heap Roots: 0.73ms
[321.673s][info][gc,phases      ] GC(99)   Evacuate Collection Set: 128.87ms
[321.673s][info][gc,phases      ] GC(99)   Post Evacuate Collection Set: 0.98ms
[321.673s][info][gc,phases      ] GC(99)   Other: 0.08ms
[321.673s][info][gc,heap        ] GC(99) Eden regions: 1122->0(1119)
[321.673s][info][gc,heap        ] GC(99) Survivor regions: 106->109(154)
[321.673s][info][gc,heap        ] GC(99) Old regions: 488->489
[321.673s][info][gc,heap        ] GC(99) Humongous regions: 77->77
[321.673s][info][gc,metaspace   ] GC(99) Metaspace: 28844K(29248K)->28844K(29248K) NonClass: 23959K(24128K)->23959K(24128K) Class: 4885K(5120K)->4885K(5120K)
[321.673s][info][gc             ] GC(99) Pause Young (Mixed) (G1 Evacuation Pause) 3584M->1348M(4096M) 131.129ms
[321.673s][info][gc,cpu         ] GC(99) User=0.78s Sys=0.00s Real=0.14s
.. (rIR:aIR:PR = 8084:8163:8163) (tPR = 125052) [OK] 
   322s:       rampup IR =   9238 [323.682s][info][gc,start       ] GC(100) Pause Young (Concurrent Start) (G1 Evacuation Pause)
[323.682s][info][gc,task        ] GC(100) Using 6 workers of 6 for evacuation
[323.801s][info][gc,phases      ] GC(100)   Pre Evacuate Collection Set: 0.43ms
[323.801s][info][gc,phases      ] GC(100)   Merge Heap Roots: 0.45ms
[323.801s][info][gc,phases      ] GC(100)   Evacuate Collection Set: 117.20ms
[323.801s][info][gc,phases      ] GC(100)   Post Evacuate Collection Set: 0.95ms
[323.801s][info][gc,phases      ] GC(100)   Other: 0.13ms
[323.801s][info][gc,heap        ] GC(100) Eden regions: 1119->0(1118)
[323.801s][info][gc,heap        ] GC(100) Survivor regions: 109->110(154)
[323.801s][info][gc,heap        ] GC(100) Old regions: 489->522
[323.801s][info][gc,heap        ] GC(100) Humongous regions: 77->77
[323.801s][info][gc,metaspace   ] GC(100) Metaspace: 28847K(29248K)->28847K(29248K) NonClass: 23961K(24128K)->23961K(24128K) Class: 4885K(5120K)->4885K(5120K)
[323.801s][info][gc             ] GC(100) Pause Young (Concurrent Start) (G1 Evacuation Pause) 3586M->1416M(4096M) 119.284ms
[323.802s][info][gc             ] GC(101) Concurrent Mark Cycle
[323.802s][info][gc,marking     ] GC(101) Concurrent Scan Root Regions
[323.802s][info][gc,cpu         ] GC(100) User=0.71s Sys=0.00s Real=0.12s
.[323.971s][info][gc,marking     ] GC(101) Concurrent Scan Root Regions 169.724ms
[323.971s][info][gc,marking     ] GC(101) Concurrent Mark
[323.971s][info][gc,marking     ] GC(101) Concurrent Mark From Roots
[323.971s][info][gc,task        ] GC(101) Using 2 workers of 2 for marking
.[324.979s][info][gc,marking     ] GC(101) Concurrent Mark From Roots 1007.308ms
[324.979s][info][gc,marking     ] GC(101) Concurrent Preclean
[324.979s][info][gc,marking     ] GC(101) Concurrent Preclean 0.133ms
[324.982s][info][gc,start       ] GC(101) Pause Remark
[324.988s][info][gc             ] GC(101) Pause Remark 2610M->2610M(4096M) 5.823ms
[324.988s][info][gc,cpu         ] GC(101) User=0.03s Sys=0.00s Real=0.01s
[324.988s][info][gc,marking     ] GC(101) Concurrent Mark 1016.394ms
[324.988s][info][gc,marking     ] GC(101) Concurrent Rebuild Remembered Sets and Scrub Regions
[325.325s][info][gc,marking     ] GC(101) Concurrent Rebuild Remembered Sets and Scrub Regions 337.537ms
[325.326s][info][gc,start       ] GC(101) Pause Cleanup
[325.326s][info][gc             ] GC(101) Pause Cleanup 2968M->2968M(4096M) 0.172ms
[325.326s][info][gc,cpu         ] GC(101) User=0.00s Sys=0.00s Real=0.00s
[325.326s][info][gc,marking     ] GC(101) Concurrent Clear Claimed Marks
[325.326s][info][gc,marking     ] GC(101) Concurrent Clear Claimed Marks 0.032ms
[325.326s][info][gc,marking     ] GC(101) Concurrent Cleanup for Next Mark
[325.410s][info][gc,marking     ] GC(101) Concurrent Cleanup for Next Mark 83.634ms
[325.410s][info][gc             ] GC(101) Concurrent Mark Cycle 1608.655ms
[325.803s][info][gc,start       ] GC(102) Pause Young (Prepare Mixed) (G1 Evacuation Pause)
[325.803s][info][gc,task        ] GC(102) Using 6 workers of 6 for evacuation
[325.931s][info][gc,phases      ] GC(102)   Pre Evacuate Collection Set: 0.34ms
[325.931s][info][gc,phases      ] GC(102)   Merge Heap Roots: 0.57ms
[325.931s][info][gc,phases      ] GC(102)   Evacuate Collection Set: 125.62ms
[325.931s][info][gc,phases      ] GC(102)   Post Evacuate Collection Set: 1.02ms
[325.931s][info][gc,phases      ] GC(102)   Other: 0.89ms
[325.931s][info][gc,heap        ] GC(102) Eden regions: 1118->0(1079)
[325.931s][info][gc,heap        ] GC(102) Survivor regions: 110->117(154)
[325.931s][info][gc,heap        ] GC(102) Old regions: 522->555
[325.931s][info][gc,heap        ] GC(102) Humongous regions: 77->77
[325.931s][info][gc,metaspace   ] GC(102) Metaspace: 28847K(29248K)->28847K(29248K) NonClass: 23961K(24128K)->23961K(24128K) Class: 4885K(5120K)->4885K(5120K)
[325.931s][info][gc             ] GC(102) Pause Young (Prepare Mixed) (G1 Evacuation Pause) 3652M->1497M(4096M) 128.596ms
[325.931s][info][gc,cpu         ] GC(102) User=0.76s Sys=0.00s Real=0.13s
..[327.633s][info][gc,start       ] GC(103) Pause Young (Mixed) (G1 Evacuation Pause)
[327.633s][info][gc,task        ] GC(103) Using 6 workers of 6 for evacuation
[327.790s][info][gc,phases      ] GC(103)   Pre Evacuate Collection Set: 0.41ms
[327.790s][info][gc,phases      ] GC(103)   Merge Heap Roots: 0.96ms
[327.790s][info][gc,phases      ] GC(103)   Evacuate Collection Set: 146.96ms
[327.790s][info][gc,phases      ] GC(103)   Merge Optional Heap Roots: 0.50ms
[327.790s][info][gc,phases      ] GC(103)   Evacuate Optional Collection Set: 6.15ms
[327.790s][info][gc,phases      ] GC(103)   Post Evacuate Collection Set: 1.19ms
[327.790s][info][gc,phases      ] GC(103)   Other: 0.09ms
[327.790s][info][gc,heap        ] GC(103) Eden regions: 1079->0(1119)
[327.790s][info][gc,heap        ] GC(103) Survivor regions: 117->109(150)
[327.790s][info][gc,heap        ] GC(103) Old regions: 555->465
[327.790s][info][gc,heap        ] GC(103) Humongous regions: 77->77
[327.790s][info][gc,metaspace   ] GC(103) Metaspace: 28849K(29248K)->28849K(29248K) NonClass: 23963K(24128K)->23963K(24128K) Class: 4885K(5120K)->4885K(5120K)
[327.790s][info][gc             ] GC(103) Pause Young (Mixed) (G1 Evacuation Pause) 3655M->1299M(4096M) 156.404ms
[327.790s][info][gc,cpu         ] GC(103) User=0.93s Sys=0.00s Real=0.15s
. (rIR:aIR:PR = 9238:9279:9276) (tPR = 140936) [OK] 
   327s:       rampup IR =  10393 .[329.496s][info][gc,start       ] GC(104) Pause Young (Concurrent Start) (G1 Evacuation Pause)
[329.496s][info][gc,task        ] GC(104) Using 6 workers of 6 for evacuation
[329.617s][info][gc,phases      ] GC(104)   Pre Evacuate Collection Set: 0.42ms
[329.617s][info][gc,phases      ] GC(104)   Merge Heap Roots: 0.52ms
[329.617s][info][gc,phases      ] GC(104)   Evacuate Collection Set: 119.58ms
[329.617s][info][gc,phases      ] GC(104)   Post Evacuate Collection Set: 1.00ms
[329.618s][info][gc,phases      ] GC(104)   Other: 0.12ms
[329.618s][info][gc,heap        ] GC(104) Eden regions: 1119->0(1119)
[329.618s][info][gc,heap        ] GC(104) Survivor regions: 109->109(154)
[329.618s][info][gc,heap        ] GC(104) Old regions: 465->499
[329.618s][info][gc,heap        ] GC(104) Humongous regions: 77->77
[329.618s][info][gc,metaspace   ] GC(104) Metaspace: 28849K(29248K)->28849K(29248K) NonClass: 23963K(24128K)->23963K(24128K) Class: 4885K(5120K)->4885K(5120K)
[329.618s][info][gc             ] GC(104) Pause Young (Concurrent Start) (G1 Evacuation Pause) 3537M->1368M(4096M) 121.761ms
[329.618s][info][gc             ] GC(105) Concurrent Mark Cycle
[329.618s][info][gc,marking     ] GC(105) Concurrent Scan Root Regions
[329.618s][info][gc,cpu         ] GC(104) User=0.73s Sys=0.00s Real=0.12s
[329.791s][info][gc,marking     ] GC(105) Concurrent Scan Root Regions 173.421ms
[329.791s][info][gc,marking     ] GC(105) Concurrent Mark
[329.791s][info][gc,marking     ] GC(105) Concurrent Mark From Roots
[329.791s][info][gc,task        ] GC(105) Using 2 workers of 2 for marking
.[330.533s][info][gc,marking     ] GC(105) Concurrent Mark From Roots 742.135ms
[330.533s][info][gc,marking     ] GC(105) Concurrent Preclean
[330.533s][info][gc,marking     ] GC(105) Concurrent Preclean 0.125ms
[330.536s][info][gc,start       ] GC(105) Pause Remark
[330.540s][info][gc             ] GC(105) Pause Remark 2264M->2264M(4096M) 3.233ms
[330.540s][info][gc,cpu         ] GC(105) User=0.02s Sys=0.00s Real=0.00s
[330.540s][info][gc,marking     ] GC(105) Concurrent Mark 748.808ms
[330.540s][info][gc,marking     ] GC(105) Concurrent Rebuild Remembered Sets and Scrub Regions
[330.855s][info][gc,marking     ] GC(105) Concurrent Rebuild Remembered Sets and Scrub Regions 315.232ms
[330.859s][info][gc,start       ] GC(105) Pause Cleanup
[330.859s][info][gc             ] GC(105) Pause Cleanup 2564M->2564M(4096M) 0.156ms
[330.859s][info][gc,cpu         ] GC(105) User=0.00s Sys=0.00s Real=0.00s
[330.859s][info][gc,marking     ] GC(105) Concurrent Clear Claimed Marks
[330.859s][info][gc,marking     ] GC(105) Concurrent Clear Claimed Marks 0.037ms
[330.859s][info][gc,marking     ] GC(105) Concurrent Cleanup for Next Mark
[330.864s][info][gc,marking     ] GC(105) Concurrent Cleanup for Next Mark 5.070ms
[330.864s][info][gc             ] GC(105) Concurrent Mark Cycle 1246.769ms
.[331.551s][info][gc,start       ] GC(106) Pause Young (Prepare Mixed) (G1 Evacuation Pause)
[331.551s][info][gc,task        ] GC(106) Using 6 workers of 6 for evacuation
[331.673s][info][gc,phases      ] GC(106)   Pre Evacuate Collection Set: 0.34ms
[331.673s][info][gc,phases      ] GC(106)   Merge Heap Roots: 0.48ms
[331.673s][info][gc,phases      ] GC(106)   Evacuate Collection Set: 119.53ms
[331.673s][info][gc,phases      ] GC(106)   Post Evacuate Collection Set: 0.91ms
[331.673s][info][gc,phases      ] GC(106)   Other: 0.09ms
[331.673s][info][gc,heap        ] GC(106) Eden regions: 1119->0(1111)
[331.673s][info][gc,heap        ] GC(106) Survivor regions: 109->114(154)
[331.673s][info][gc,heap        ] GC(106) Old regions: 499->529
[331.673s][info][gc,heap        ] GC(106) Humongous regions: 77->77
[331.673s][info][gc,metaspace   ] GC(106) Metaspace: 28849K(29248K)->28849K(29248K) NonClass: 23963K(24128K)->23963K(24128K) Class: 4885K(5120K)->4885K(5120K)
[331.673s][info][gc             ] GC(106) Pause Young (Prepare Mixed) (G1 Evacuation Pause) 3606M->1439M(4096M) 121.490ms
[331.673s][info][gc,cpu         ] GC(106) User=0.73s Sys=0.00s Real=0.12s
..[333.198s][info][gc,start       ] GC(107) Pause Young (Mixed) (G1 Evacuation Pause)
[333.198s][info][gc,task        ] GC(107) Using 6 workers of 6 for evacuation
[333.337s][info][gc,phases      ] GC(107)   Pre Evacuate Collection Set: 0.39ms
[333.337s][info][gc,phases      ] GC(107)   Merge Heap Roots: 0.54ms
[333.337s][info][gc,phases      ] GC(107)   Evacuate Collection Set: 136.62ms
[333.337s][info][gc,phases      ] GC(107)   Post Evacuate Collection Set: 1.00ms
[333.337s][info][gc,phases      ] GC(107)   Other: 0.09ms
[333.337s][info][gc,heap        ] GC(107) Eden regions: 1111->0(1112)
[333.337s][info][gc,heap        ] GC(107) Survivor regions: 114->116(154)
[333.337s][info][gc,heap        ] GC(107) Old regions: 529->465
[333.337s][info][gc,heap        ] GC(107) Humongous regions: 77->77
[333.337s][info][gc,metaspace   ] GC(107) Metaspace: 28849K(29248K)->28849K(29248K) NonClass: 23963K(24128K)->23963K(24128K) Class: 4885K(5120K)->4885K(5120K)
[333.337s][info][gc             ] GC(107) Pause Young (Mixed) (G1 Evacuation Pause) 3661M->1315M(4096M) 138.767ms
[333.337s][info][gc,cpu         ] GC(107) User=0.82s Sys=0.00s Real=0.14s
.[334.864s][info][gc,start       ] GC(108) Pause Young (Concurrent Start) (G1 Evacuation Pause)
[334.864s][info][gc,task        ] GC(108) Using 6 workers of 6 for evacuation
[334.982s][info][gc,phases      ] GC(108)   Pre Evacuate Collection Set: 0.38ms
[334.982s][info][gc,phases      ] GC(108)   Merge Heap Roots: 0.45ms
[334.982s][info][gc,phases      ] GC(108)   Evacuate Collection Set: 116.79ms
[334.982s][info][gc,phases      ] GC(108)   Post Evacuate Collection Set: 0.91ms
[334.982s][info][gc,phases      ] GC(108)   Other: 0.10ms
[334.982s][info][gc,heap        ] GC(108) Eden regions: 1112->0(1117)
[334.982s][info][gc,heap        ] GC(108) Survivor regions: 116->111(154)
[334.982s][info][gc,heap        ] GC(108) Old regions: 465->498
[334.982s][info][gc,heap        ] GC(108) Humongous regions: 77->77
[334.983s][info][gc,metaspace   ] GC(108) Metaspace: 28849K(29248K)->28849K(29248K) NonClass: 23963K(24128K)->23963K(24128K) Class: 4885K(5120K)->4885K(5120K)
[334.983s][info][gc             ] GC(108) Pause Young (Concurrent Start) (G1 Evacuation Pause) 3539M->1370M(4096M) 118.762ms
[334.983s][info][gc             ] GC(109) Concurrent Mark Cycle
[334.983s][info][gc,marking     ] GC(109) Concurrent Scan Root Regions
[334.983s][info][gc,cpu         ] GC(108) User=0.70s Sys=0.00s Real=0.11s
[335.144s][info][gc,marking     ] GC(109) Concurrent Scan Root Regions 160.950ms
[335.144s][info][gc,marking     ] GC(109) Concurrent Mark
[335.144s][info][gc,marking     ] GC(109) Concurrent Mark From Roots
[335.144s][info][gc,task        ] GC(109) Using 2 workers of 2 for marking
. (rIR:aIR:PR = 10393:10020:10075) (tPR = 153571) [OK] 
   335s:       rampup IR =  11548 [335.860s][info][gc,marking     ] GC(109) Concurrent Mark From Roots 716.819ms
[335.882s][info][gc,marking     ] GC(109) Concurrent Preclean
[335.883s][info][gc,marking     ] GC(109) Concurrent Preclean 0.130ms
[335.883s][info][gc,start       ] GC(109) Pause Remark
[335.888s][info][gc             ] GC(109) Pause Remark 2170M->2170M(4096M) 4.471ms
[335.888s][info][gc,cpu         ] GC(109) User=0.03s Sys=0.00s Real=0.01s
[335.888s][info][gc,marking     ] GC(109) Concurrent Mark 744.229ms
[335.888s][info][gc,marking     ] GC(109) Concurrent Rebuild Remembered Sets and Scrub Regions
[336.218s][info][gc,marking     ] GC(109) Concurrent Rebuild Remembered Sets and Scrub Regions 330.297ms
[336.218s][info][gc,start       ] GC(109) Pause Cleanup
[336.219s][info][gc             ] GC(109) Pause Cleanup 2525M->2525M(4096M) 0.145ms
[336.219s][info][gc,cpu         ] GC(109) User=0.00s Sys=0.00s Real=0.00s
[336.219s][info][gc,marking     ] GC(109) Concurrent Clear Claimed Marks
[336.219s][info][gc,marking     ] GC(109) Concurrent Clear Claimed Marks 0.030ms
[336.219s][info][gc,marking     ] GC(109) Concurrent Cleanup for Next Mark
[336.239s][info][gc,marking     ] GC(109) Concurrent Cleanup for Next Mark 20.033ms
[336.239s][info][gc             ] GC(109) Concurrent Mark Cycle 1256.284ms
.[336.940s][info][gc,start       ] GC(110) Pause Young (Prepare Mixed) (G1 Evacuation Pause)
[336.940s][info][gc,task        ] GC(110) Using 6 workers of 6 for evacuation
[337.062s][info][gc,phases      ] GC(110)   Pre Evacuate Collection Set: 0.33ms
[337.062s][info][gc,phases      ] GC(110)   Merge Heap Roots: 0.52ms
[337.062s][info][gc,phases      ] GC(110)   Evacuate Collection Set: 120.27ms
[337.062s][info][gc,phases      ] GC(110)   Post Evacuate Collection Set: 0.93ms
[337.062s][info][gc,phases      ] GC(110)   Other: 0.08ms
[337.062s][info][gc,heap        ] GC(110) Eden regions: 1117->0(1110)
[337.062s][info][gc,heap        ] GC(110) Survivor regions: 111->114(154)
[337.062s][info][gc,heap        ] GC(110) Old regions: 498->530
[337.062s][info][gc,heap        ] GC(110) Humongous regions: 77->77
[337.062s][info][gc,metaspace   ] GC(110) Metaspace: 28850K(29248K)->28850K(29248K) NonClass: 23964K(24128K)->23964K(24128K) Class: 4885K(5120K)->4885K(5120K)
[337.062s][info][gc             ] GC(110) Pause Young (Prepare Mixed) (G1 Evacuation Pause) 3604M->1440M(4096M) 122.284ms
[337.062s][info][gc,cpu         ] GC(110) User=0.73s Sys=0.00s Real=0.12s
..[338.595s][info][gc,start       ] GC(111) Pause Young (Mixed) (G1 Evacuation Pause)
[338.595s][info][gc,task        ] GC(111) Using 6 workers of 6 for evacuation
[338.736s][info][gc,phases      ] GC(111)   Pre Evacuate Collection Set: 0.40ms
[338.736s][info][gc,phases      ] GC(111)   Merge Heap Roots: 0.67ms
[338.736s][info][gc,phases      ] GC(111)   Evacuate Collection Set: 138.44ms
[338.736s][info][gc,phases      ] GC(111)   Post Evacuate Collection Set: 1.06ms
[338.736s][info][gc,phases      ] GC(111)   Other: 0.09ms
[338.736s][info][gc,heap        ] GC(111) Eden regions: 1110->0(1115)
[338.736s][info][gc,heap        ] GC(111) Survivor regions: 114->113(153)
[338.736s][info][gc,heap        ] GC(111) Old regions: 530->465
[338.736s][info][gc,heap        ] GC(111) Humongous regions: 77->77
[338.736s][info][gc,metaspace   ] GC(111) Metaspace: 28850K(29248K)->28850K(29248K) NonClass: 23964K(24128K)->23964K(24128K) Class: 4885K(5120K)->4885K(5120K)
[338.736s][info][gc             ] GC(111) Pause Young (Mixed) (G1 Evacuation Pause) 3660M->1309M(4096M) 140.787ms
[338.736s][info][gc,cpu         ] GC(111) User=0.84s Sys=0.00s Real=0.14s
.[340.289s][info][gc,start       ] GC(112) Pause Young (Concurrent Start) (G1 Evacuation Pause)
[340.289s][info][gc,task        ] GC(112) Using 6 workers of 6 for evacuation
[340.409s][info][gc,phases      ] GC(112)   Pre Evacuate Collection Set: 0.38ms
[340.409s][info][gc,phases      ] GC(112)   Merge Heap Roots: 0.47ms
[340.409s][info][gc,phases      ] GC(112)   Evacuate Collection Set: 118.34ms
[340.409s][info][gc,phases      ] GC(112)   Post Evacuate Collection Set: 0.80ms
[340.409s][info][gc,phases      ] GC(112)   Other: 0.11ms
[340.409s][info][gc,heap        ] GC(112) Eden regions: 1115->0(1117)
[340.409s][info][gc,heap        ] GC(112) Survivor regions: 113->111(154)
[340.409s][info][gc,heap        ] GC(112) Old regions: 465->499
[340.409s][info][gc,heap        ] GC(112) Humongous regions: 77->77
[340.409s][info][gc,metaspace   ] GC(112) Metaspace: 28850K(29248K)->28850K(29248K) NonClass: 23964K(24128K)->23964K(24128K) Class: 4885K(5120K)->4885K(5120K)
[340.409s][info][gc             ] GC(112) Pause Young (Concurrent Start) (G1 Evacuation Pause) 3539M->1371M(4096M) 120.239ms
[340.409s][info][gc             ] GC(113) Concurrent Mark Cycle
[340.409s][info][gc,marking     ] GC(113) Concurrent Scan Root Regions
[340.409s][info][gc,cpu         ] GC(112) User=0.71s Sys=0.00s Real=0.12s
[340.574s][info][gc,marking     ] GC(113) Concurrent Scan Root Regions 164.557ms
[340.574s][info][gc,marking     ] GC(113) Concurrent Mark
[340.574s][info][gc,marking     ] GC(113) Concurrent Mark From Roots
[340.574s][info][gc,task        ] GC(113) Using 2 workers of 2 for marking
.[341.808s][info][gc,marking     ] GC(113) Concurrent Mark From Roots 1234.554ms
[341.808s][info][gc,marking     ] GC(113) Concurrent Preclean
[341.808s][info][gc,marking     ] GC(113) Concurrent Preclean 0.107ms
[341.811s][info][gc,start       ] GC(113) Pause Remark
[341.818s][info][gc             ] GC(113) Pause Remark 2719M->2719M(4096M) 6.813ms
[341.818s][info][gc,cpu         ] GC(113) User=0.03s Sys=0.00s Real=0.01s
[341.820s][info][gc,marking     ] GC(113) Concurrent Mark 1245.747ms
[341.820s][info][gc,marking     ] GC(113) Concurrent Rebuild Remembered Sets and Scrub Regions
[342.176s][info][gc,marking     ] GC(113) Concurrent Rebuild Remembered Sets and Scrub Regions 356.264ms
[342.178s][info][gc,start       ] GC(113) Pause Cleanup
[342.178s][info][gc             ] GC(113) Pause Cleanup 3147M->3147M(4096M) 0.155ms
[342.178s][info][gc,cpu         ] GC(113) User=0.00s Sys=0.00s Real=0.00s
[342.178s][info][gc,marking     ] GC(113) Concurrent Clear Claimed Marks
[342.178s][info][gc,marking     ] GC(113) Concurrent Clear Claimed Marks 0.034ms
[342.178s][info][gc,marking     ] GC(113) Concurrent Cleanup for Next Mark
.[342.184s][info][gc,marking     ] GC(113) Concurrent Cleanup for Next Mark 6.172ms
[342.184s][info][gc             ] GC(113) Concurrent Mark Cycle 1775.208ms
[342.471s][info][gc,start       ] GC(114) Pause Young (Prepare Mixed) (G1 Evacuation Pause)
[342.471s][info][gc,task        ] GC(114) Using 6 workers of 6 for evacuation
[342.595s][info][gc,phases      ] GC(114)   Pre Evacuate Collection Set: 0.38ms
[342.595s][info][gc,phases      ] GC(114)   Merge Heap Roots: 0.53ms
[342.595s][info][gc,phases      ] GC(114)   Evacuate Collection Set: 122.31ms
[342.595s][info][gc,phases      ] GC(114)   Post Evacuate Collection Set: 0.96ms
[342.595s][info][gc,phases      ] GC(114)   Other: 0.09ms
[342.595s][info][gc,heap        ] GC(114) Eden regions: 1117->0(1104)
[342.595s][info][gc,heap        ] GC(114) Survivor regions: 111->117(154)
[342.595s][info][gc,heap        ] GC(114) Old regions: 499->530
[342.595s][info][gc,heap        ] GC(114) Humongous regions: 77->77
[342.595s][info][gc,metaspace   ] GC(114) Metaspace: 28850K(29248K)->28850K(29248K) NonClass: 23964K(24128K)->23964K(24128K) Class: 4885K(5120K)->4885K(5120K)
[342.595s][info][gc             ] GC(114) Pause Young (Prepare Mixed) (G1 Evacuation Pause) 3605M->1447M(4096M) 124.397ms
[342.595s][info][gc,cpu         ] GC(114) User=0.74s Sys=0.00s Real=0.13s
.[344.134s][info][gc,start       ] GC(115) Pause Young (Mixed) (G1 Evacuation Pause)
[344.134s][info][gc,task        ] GC(115) Using 6 workers of 6 for evacuation
[344.270s][info][gc,phases      ] GC(115)   Pre Evacuate Collection Set: 0.38ms
[344.270s][info][gc,phases      ] GC(115)   Merge Heap Roots: 0.64ms
[344.270s][info][gc,phases      ] GC(115)   Evacuate Collection Set: 133.57ms
[344.270s][info][gc,phases      ] GC(115)   Post Evacuate Collection Set: 1.02ms
[344.270s][info][gc,phases      ] GC(115)   Other: 0.09ms
[344.270s][info][gc,heap        ] GC(115) Eden regions: 1104->0(1117)
[344.270s][info][gc,heap        ] GC(115) Survivor regions: 117->111(153)
[344.270s][info][gc,heap        ] GC(115) Old regions: 530->466
[344.270s][info][gc,heap        ] GC(115) Humongous regions: 77->77
[344.270s][info][gc,metaspace   ] GC(115) Metaspace: 28850K(29248K)->28850K(29248K) NonClass: 23965K(24128K)->23965K(24128K) Class: 4885K(5120K)->4885K(5120K)
[344.270s][info][gc             ] GC(115) Pause Young (Mixed) (G1 Evacuation Pause) 3655M->1306M(4096M) 135.845ms
[344.270s][info][gc,cpu         ] GC(115) User=0.80s Sys=0.00s Real=0.13s
..[345.677s][info][gc,start       ] GC(116) Pause Young (Concurrent Start) (G1 Evacuation Pause)
[345.677s][info][gc,task        ] GC(116) Using 6 workers of 6 for evacuation
[345.851s][info][gc,phases      ] GC(116)   Pre Evacuate Collection Set: 0.34ms
[345.851s][info][gc,phases      ] GC(116)   Merge Heap Roots: 0.46ms
[345.851s][info][gc,phases      ] GC(116)   Evacuate Collection Set: 172.33ms
[345.851s][info][gc,phases      ] GC(116)   Post Evacuate Collection Set: 0.87ms
[345.851s][info][gc,phases      ] GC(116)   Other: 0.09ms
[345.851s][info][gc,heap        ] GC(116) Eden regions: 1117->0(1111)
[345.851s][info][gc,heap        ] GC(116) Survivor regions: 111->117(154)
[345.851s][info][gc,heap        ] GC(116) Old regions: 466->500
[345.851s][info][gc,heap        ] GC(116) Humongous regions: 77->77
[345.851s][info][gc,metaspace   ] GC(116) Metaspace: 28850K(29248K)->28850K(29248K) NonClass: 23965K(24128K)->23965K(24128K) Class: 4885K(5120K)->4885K(5120K)
[345.851s][info][gc             ] GC(116) Pause Young (Concurrent Start) (G1 Evacuation Pause) 3540M->1385M(4096M) 174.220ms
[345.851s][info][gc             ] GC(117) Concurrent Mark Cycle
[345.851s][info][gc,marking     ] GC(117) Concurrent Scan Root Regions
[345.851s][info][gc,cpu         ] GC(116) User=0.76s Sys=0.00s Real=0.17s
[346.001s][info][gc,marking     ] GC(117) Concurrent Scan Root Regions 149.063ms
[346.001s][info][gc,marking     ] GC(117) Concurrent Mark
[346.001s][info][gc,marking     ] GC(117) Concurrent Mark From Roots
[346.001s][info][gc,task        ] GC(117) Using 2 workers of 2 for marking
.[346.838s][info][gc,marking     ] GC(117) Concurrent Mark From Roots 837.497ms
[346.838s][info][gc,marking     ] GC(117) Concurrent Preclean
[346.838s][info][gc,marking     ] GC(117) Concurrent Preclean 0.088ms
[346.838s][info][gc,start       ] GC(117) Pause Remark
[346.842s][info][gc             ] GC(117) Pause Remark 2125M->2125M(4096M) 3.874ms
[346.842s][info][gc,cpu         ] GC(117) User=0.03s Sys=0.00s Real=0.00s
[346.843s][info][gc,marking     ] GC(117) Concurrent Mark 841.914ms
[346.843s][info][gc,marking     ] GC(117) Concurrent Rebuild Remembered Sets and Scrub Regions
[347.110s][info][gc,marking     ] GC(117) Concurrent Rebuild Remembered Sets and Scrub Regions 267.128ms
[347.110s][info][gc,start       ] GC(117) Pause Cleanup
[347.110s][info][gc             ] GC(117) Pause Cleanup 2368M->2368M(4096M) 0.109ms
[347.110s][info][gc,cpu         ] GC(117) User=0.00s Sys=0.00s Real=0.00s
[347.110s][info][gc,marking     ] GC(117) Concurrent Clear Claimed Marks
[347.110s][info][gc,marking     ] GC(117) Concurrent Clear Claimed Marks 0.029ms
[347.110s][info][gc,marking     ] GC(117) Concurrent Cleanup for Next Mark
[347.118s][info][gc,marking     ] GC(117) Concurrent Cleanup for Next Mark 8.098ms
[347.118s][info][gc             ] GC(117) Concurrent Mark Cycle 1266.719ms
[347.932s][info][gc,start       ] GC(118) Pause Young (Prepare Mixed) (G1 Evacuation Pause)
[347.932s][info][gc,task        ] GC(118) Using 6 workers of 6 for evacuation
[348.057s][info][gc,phases      ] GC(118)   Pre Evacuate Collection Set: 0.33ms
[348.057s][info][gc,phases      ] GC(118)   Merge Heap Roots: 0.51ms
[348.057s][info][gc,phases      ] GC(118)   Evacuate Collection Set: 122.97ms
[348.057s][info][gc,phases      ] GC(118)   Post Evacuate Collection Set: 0.99ms
[348.057s][info][gc,phases      ] GC(118)   Other: 0.08ms
[348.057s][info][gc,heap        ] GC(118) Eden regions: 1111->0(1097)
[348.057s][info][gc,heap        ] GC(118) Survivor regions: 117->121(154)
[348.057s][info][gc,heap        ] GC(118) Old regions: 500->529
[348.057s][info][gc,heap        ] GC(118) Humongous regions: 77->77
[348.057s][info][gc,metaspace   ] GC(118) Metaspace: 28852K(29248K)->28852K(29248K) NonClass: 23966K(24128K)->23966K(24128K) Class: 4885K(5120K)->4885K(5120K)
[348.057s][info][gc             ] GC(118) Pause Young (Prepare Mixed) (G1 Evacuation Pause) 3607M->1452M(4096M) 125.032ms
[348.057s][info][gc,cpu         ] GC(118) User=0.75s Sys=0.00s Real=0.13s
.[349.413s][info][gc,start       ] GC(119) Pause Young (Mixed) (G1 Evacuation Pause)
[349.413s][info][gc,task        ] GC(119) Using 6 workers of 6 for evacuation
[349.567s][info][gc,phases      ] GC(119)   Pre Evacuate Collection Set: 0.35ms
[349.567s][info][gc,phases      ] GC(119)   Merge Heap Roots: 0.76ms
[349.567s][info][gc,phases      ] GC(119)   Evacuate Collection Set: 151.83ms
[349.567s][info][gc,phases      ] GC(119)   Post Evacuate Collection Set: 1.00ms
[349.567s][info][gc,phases      ] GC(119)   Other: 0.09ms
[349.567s][info][gc,heap        ] GC(119) Eden regions: 1097->0(1108)
[349.567s][info][gc,heap        ] GC(119) Survivor regions: 121->120(153)
[349.567s][info][gc,heap        ] GC(119) Old regions: 529->469
[349.567s][info][gc,heap        ] GC(119) Humongous regions: 77->77
[349.567s][info][gc,metaspace   ] GC(119) Metaspace: 28852K(29248K)->28852K(29248K) NonClass: 23966K(24128K)->23966K(24128K) Class: 4885K(5120K)->4885K(5120K)
[349.567s][info][gc             ] GC(119) Pause Young (Mixed) (G1 Evacuation Pause) 3646M->1330M(4096M) 154.156ms
[349.567s][info][gc,cpu         ] GC(119) User=0.92s Sys=0.00s Real=0.15s
.[351.037s][info][gc,start       ] GC(120) Pause Young (Concurrent Start) (G1 Evacuation Pause)
[351.037s][info][gc,task        ] GC(120) Using 6 workers of 6 for evacuation
[351.158s][info][gc,phases      ] GC(120)   Pre Evacuate Collection Set: 0.41ms
[351.158s][info][gc,phases      ] GC(120)   Merge Heap Roots: 0.51ms
[351.158s][info][gc,phases      ] GC(120)   Evacuate Collection Set: 118.66ms
[351.158s][info][gc,phases      ] GC(120)   Post Evacuate Collection Set: 0.91ms
[351.158s][info][gc,phases      ] GC(120)   Other: 0.85ms
[351.158s][info][gc,heap        ] GC(120) Eden regions: 1108->0(1113)
[351.158s][info][gc,heap        ] GC(120) Survivor regions: 120->115(154)
[351.158s][info][gc,heap        ] GC(120) Old regions: 469->500
[351.158s][info][gc,heap        ] GC(120) Humongous regions: 77->77
[351.158s][info][gc,metaspace   ] GC(120) Metaspace: 28852K(29248K)->28852K(29248K) NonClass: 23966K(24128K)->23966K(24128K) Class: 4885K(5120K)->4885K(5120K)
[351.158s][info][gc             ] GC(120) Pause Young (Concurrent Start) (G1 Evacuation Pause) 3546M->1383M(4096M) 121.492ms
[351.158s][info][gc             ] GC(121) Concurrent Mark Cycle
[351.158s][info][gc,marking     ] GC(121) Concurrent Scan Root Regions
[351.158s][info][gc,cpu         ] GC(120) User=0.72s Sys=0.00s Real=0.12s
.[351.419s][info][gc,marking     ] GC(121) Concurrent Scan Root Regions 260.266ms
[351.419s][info][gc,marking     ] GC(121) Concurrent Mark
[351.419s][info][gc,marking     ] GC(121) Concurrent Mark From Roots
[351.419s][info][gc,task        ] GC(121) Using 2 workers of 2 for marking
[352.434s][info][gc,marking     ] GC(121) Concurrent Mark From Roots 1014.878ms
[352.434s][info][gc,marking     ] GC(121) Concurrent Preclean
[352.434s][info][gc,marking     ] GC(121) Concurrent Preclean 0.054ms
[352.437s][info][gc,start       ] GC(121) Pause Remark
[352.443s][info][gc             ] GC(121) Pause Remark 2687M->2687M(4096M) 5.381ms
[352.443s][info][gc,cpu         ] GC(121) User=0.03s Sys=0.00s Real=0.00s
[352.443s][info][gc,marking     ] GC(121) Concurrent Mark 1024.161ms
[352.443s][info][gc,marking     ] GC(121) Concurrent Rebuild Remembered Sets and Scrub Regions
.[352.733s][info][gc,marking     ] GC(121) Concurrent Rebuild Remembered Sets and Scrub Regions 290.352ms
[352.734s][info][gc,start       ] GC(121) Pause Cleanup
[352.734s][info][gc             ] GC(121) Pause Cleanup 3003M->3003M(4096M) 0.143ms
[352.734s][info][gc,cpu         ] GC(121) User=0.00s Sys=0.00s Real=0.00s
[352.735s][info][gc,marking     ] GC(121) Concurrent Clear Claimed Marks
[352.735s][info][gc,marking     ] GC(121) Concurrent Clear Claimed Marks 0.042ms
[352.735s][info][gc,marking     ] GC(121) Concurrent Cleanup for Next Mark
[352.745s][info][gc,marking     ] GC(121) Concurrent Cleanup for Next Mark 10.140ms
[352.745s][info][gc             ] GC(121) Concurrent Mark Cycle 1586.818ms
[353.098s][info][gc,start       ] GC(122) Pause Young (Prepare Mixed) (G1 Evacuation Pause)
[353.098s][info][gc,task        ] GC(122) Using 6 workers of 6 for evacuation
[353.225s][info][gc,phases      ] GC(122)   Pre Evacuate Collection Set: 0.37ms
[353.225s][info][gc,phases      ] GC(122)   Merge Heap Roots: 0.52ms
[353.225s][info][gc,phases      ] GC(122)   Evacuate Collection Set: 125.38ms
[353.225s][info][gc,phases      ] GC(122)   Post Evacuate Collection Set: 0.98ms
[353.225s][info][gc,phases      ] GC(122)   Other: 0.09ms
[353.225s][info][gc,heap        ] GC(122) Eden regions: 1113->0(1094)
[353.225s][info][gc,heap        ] GC(122) Survivor regions: 115->120(154)
[353.225s][info][gc,heap        ] GC(122) Old regions: 500->534
[353.225s][info][gc,heap        ] GC(122) Humongous regions: 77->77
[353.225s][info][gc,metaspace   ] GC(122) Metaspace: 28853K(29248K)->28853K(29248K) NonClass: 23967K(24128K)->23967K(24128K) Class: 4885K(5120K)->4885K(5120K)
[353.225s][info][gc             ] GC(122) Pause Young (Prepare Mixed) (G1 Evacuation Pause) 3609M->1460M(4096M) 127.474ms
[353.225s][info][gc,cpu         ] GC(122) User=0.76s Sys=0.00s Real=0.13s
.[354.814s][info][gc,start       ] GC(123) Pause Young (Mixed) (G1 Evacuation Pause)
[354.814s][info][gc,task        ] GC(123) Using 6 workers of 6 for evacuation
[354.955s][info][gc,phases      ] GC(123)   Pre Evacuate Collection Set: 0.37ms
[354.955s][info][gc,phases      ] GC(123)   Merge Heap Roots: 0.64ms
[354.955s][info][gc,phases      ] GC(123)   Evacuate Collection Set: 138.77ms
[354.955s][info][gc,phases      ] GC(123)   Post Evacuate Collection Set: 0.97ms
[354.955s][info][gc,phases      ] GC(123)   Other: 0.09ms
[354.955s][info][gc,heap        ] GC(123) Eden regions: 1094->0(1110)
[354.955s][info][gc,heap        ] GC(123) Survivor regions: 120->118(152)
[354.955s][info][gc,heap        ] GC(123) Old regions: 534->469
[354.955s][info][gc,heap        ] GC(123) Humongous regions: 77->77
[354.955s][info][gc,metaspace   ] GC(123) Metaspace: 28854K(29248K)->28854K(29248K) NonClass: 23969K(24128K)->23969K(24128K) Class: 4885K(5120K)->4885K(5120K)
[354.955s][info][gc             ] GC(123) Pause Young (Mixed) (G1 Evacuation Pause) 3648M->1326M(4096M) 140.995ms
[354.955s][info][gc,cpu         ] GC(123) User=0.84s Sys=0.00s Real=0.14s
..[356.315s][info][gc,start       ] GC(124) Pause Young (Concurrent Start) (G1 Evacuation Pause)
[356.315s][info][gc,task        ] GC(124) Using 6 workers of 6 for evacuation
[356.440s][info][gc,phases      ] GC(124)   Pre Evacuate Collection Set: 0.35ms
[356.440s][info][gc,phases      ] GC(124)   Merge Heap Roots: 0.44ms
[356.440s][info][gc,phases      ] GC(124)   Evacuate Collection Set: 122.72ms
[356.440s][info][gc,phases      ] GC(124)   Post Evacuate Collection Set: 0.93ms
[356.440s][info][gc,phases      ] GC(124)   Other: 0.11ms
[356.440s][info][gc,heap        ] GC(124) Eden regions: 1110->0(1112)
[356.440s][info][gc,heap        ] GC(124) Survivor regions: 118->116(154)
[356.440s][info][gc,heap        ] GC(124) Old regions: 469->503
[356.440s][info][gc,heap        ] GC(124) Humongous regions: 77->77
[356.440s][info][gc,metaspace   ] GC(124) Metaspace: 28854K(29248K)->28854K(29248K) NonClass: 23969K(24128K)->23969K(24128K) Class: 4885K(5120K)->4885K(5120K)
[356.440s][info][gc             ] GC(124) Pause Young (Concurrent Start) (G1 Evacuation Pause) 3546M->1390M(4096M) 124.665ms
[356.440s][info][gc             ] GC(125) Concurrent Mark Cycle
[356.440s][info][gc,marking     ] GC(125) Concurrent Scan Root Regions
[356.440s][info][gc,cpu         ] GC(124) User=0.74s Sys=0.00s Real=0.12s
[356.615s][info][gc,marking     ] GC(125) Concurrent Scan Root Regions 175.776ms
[356.616s][info][gc,marking     ] GC(125) Concurrent Mark
[356.616s][info][gc,marking     ] GC(125) Concurrent Mark From Roots
[356.616s][info][gc,task        ] GC(125) Using 2 workers of 2 for marking
.[357.980s][info][gc,marking     ] GC(125) Concurrent Mark From Roots 1364.279ms
[357.980s][info][gc,marking     ] GC(125) Concurrent Preclean
[357.980s][info][gc,marking     ] GC(125) Concurrent Preclean 0.093ms
[357.982s][info][gc,start       ] GC(125) Pause Remark
[357.989s][info][gc             ] GC(125) Pause Remark 2796M->2796M(4096M) 6.895ms
[357.989s][info][gc,cpu         ] GC(125) User=0.03s Sys=0.00s Real=0.01s
[357.989s][info][gc,marking     ] GC(125) Concurrent Mark 1373.782ms
[357.989s][info][gc,marking     ] GC(125) Concurrent Rebuild Remembered Sets and Scrub Regions
[358.194s][info][gc,marking     ] GC(125) Concurrent Rebuild Remembered Sets and Scrub Regions 204.357ms
[358.195s][info][gc,start       ] GC(125) Pause Cleanup
[358.195s][info][gc             ] GC(125) Pause Cleanup 2922M->2922M(4096M) 0.158ms
[358.195s][info][gc,cpu         ] GC(125) User=0.00s Sys=0.00s Real=0.00s
[358.196s][info][gc,marking     ] GC(125) Concurrent Clear Claimed Marks
[358.196s][info][gc,marking     ] GC(125) Concurrent Clear Claimed Marks 0.037ms
[358.196s][info][gc,marking     ] GC(125) Concurrent Cleanup for Next Mark
[358.200s][info][gc,marking     ] GC(125) Concurrent Cleanup for Next Mark 4.568ms
[358.200s][info][gc             ] GC(125) Concurrent Mark Cycle 1760.601ms
[358.681s][info][gc,start       ] GC(126) Pause Young (Prepare Mixed) (G1 Evacuation Pause)
[358.681s][info][gc,task        ] GC(126) Using 6 workers of 6 for evacuation
[358.852s][info][gc,phases      ] GC(126)   Pre Evacuate Collection Set: 0.33ms
[358.852s][info][gc,phases      ] GC(126)   Merge Heap Roots: 0.49ms
[358.852s][info][gc,phases      ] GC(126)   Evacuate Collection Set: 168.57ms
[358.852s][info][gc,phases      ] GC(126)   Post Evacuate Collection Set: 0.96ms
[358.852s][info][gc,phases      ] GC(126)   Other: 0.09ms
[358.852s][info][gc,heap        ] GC(126) Eden regions: 1112->0(1103)
[358.852s][info][gc,heap        ] GC(126) Survivor regions: 116->116(154)
[358.852s][info][gc,heap        ] GC(126) Old regions: 503->533
[358.852s][info][gc,heap        ] GC(126) Humongous regions: 77->77
[358.852s][info][gc,metaspace   ] GC(126) Metaspace: 28856K(29248K)->28856K(29248K) NonClass: 23970K(24128K)->23970K(24128K) Class: 4885K(5120K)->4885K(5120K)
[358.852s][info][gc             ] GC(126) Pause Young (Prepare Mixed) (G1 Evacuation Pause) 3614M->1451M(4096M) 170.560ms
[358.852s][info][gc,cpu         ] GC(126) User=0.74s Sys=0.00s Real=0.17s
.[360.234s][info][gc,start       ] GC(127) Pause Young (Mixed) (G1 Evacuation Pause)
[360.234s][info][gc,task        ] GC(127) Using 6 workers of 6 for evacuation
[360.390s][info][gc,phases      ] GC(127)   Pre Evacuate Collection Set: 0.33ms
[360.390s][info][gc,phases      ] GC(127)   Merge Heap Roots: 0.61ms
[360.390s][info][gc,phases      ] GC(127)   Evacuate Collection Set: 154.47ms
[360.390s][info][gc,phases      ] GC(127)   Post Evacuate Collection Set: 1.05ms
[360.390s][info][gc,phases      ] GC(127)   Other: 0.09ms
[360.390s][info][gc,heap        ] GC(127) Eden regions: 1103->0(1098)
[360.390s][info][gc,heap        ] GC(127) Survivor regions: 116->130(153)
[360.390s][info][gc,heap        ] GC(127) Old regions: 533->473
[360.390s][info][gc,heap        ] GC(127) Humongous regions: 77->77
[360.390s][info][gc,metaspace   ] GC(127) Metaspace: 28857K(29248K)->28857K(29248K) NonClass: 23971K(24128K)->23971K(24128K) Class: 4885K(5120K)->4885K(5120K)
[360.390s][info][gc             ] GC(127) Pause Young (Mixed) (G1 Evacuation Pause) 3657M->1358M(4096M) 156.670ms
[360.390s][info][gc,cpu         ] GC(127) User=0.94s Sys=0.00s Real=0.15s
..[361.741s][info][gc,start       ] GC(128) Pause Young (Concurrent Start) (G1 Evacuation Pause)
[361.741s][info][gc,task        ] GC(128) Using 6 workers of 6 for evacuation
[361.911s][info][gc,phases      ] GC(128)   Pre Evacuate Collection Set: 0.41ms
[361.911s][info][gc,phases      ] GC(128)   Merge Heap Roots: 0.47ms
[361.911s][info][gc,phases      ] GC(128)   Evacuate Collection Set: 167.68ms
[361.911s][info][gc,phases      ] GC(128)   Post Evacuate Collection Set: 0.94ms
[361.911s][info][gc,phases      ] GC(128)   Other: 0.12ms
[361.911s][info][gc,heap        ] GC(128) Eden regions: 1098->0(1144)
[361.911s][info][gc,heap        ] GC(128) Survivor regions: 130->74(154)
[361.911s][info][gc,heap        ] GC(128) Old regions: 473->547
[361.911s][info][gc,heap        ] GC(128) Humongous regions: 77->77
[361.911s][info][gc,metaspace   ] GC(128) Metaspace: 28857K(29248K)->28857K(29248K) NonClass: 23971K(24128K)->23971K(24128K) Class: 4885K(5120K)->4885K(5120K)
[361.911s][info][gc             ] GC(128) Pause Young (Concurrent Start) (G1 Evacuation Pause) 3554M->1394M(4096M) 169.744ms
[361.911s][info][gc             ] GC(129) Concurrent Mark Cycle
[361.911s][info][gc,marking     ] GC(129) Concurrent Scan Root Regions
[361.911s][info][gc,cpu         ] GC(128) User=0.73s Sys=0.00s Real=0.17s
[362.170s][info][gc,marking     ] GC(129) Concurrent Scan Root Regions 259.372ms
[362.170s][info][gc,marking     ] GC(129) Concurrent Mark
[362.170s][info][gc,marking     ] GC(129) Concurrent Mark From Roots
[362.170s][info][gc,task        ] GC(129) Using 2 workers of 2 for marking
..[364.005s][info][gc,marking     ] GC(129) Concurrent Mark From Roots 1834.165ms
[364.005s][info][gc,marking     ] GC(129) Concurrent Preclean
[364.005s][info][gc,marking     ] GC(129) Concurrent Preclean 0.077ms
[364.006s][info][gc,start       ] GC(129) Pause Remark
[364.011s][info][gc             ] GC(129) Pause Remark 3652M->3652M(4096M) 4.769ms
[364.011s][info][gc,cpu         ] GC(129) User=0.03s Sys=0.00s Real=0.00s
[364.012s][info][gc,marking     ] GC(129) Concurrent Mark 1841.760ms
[364.012s][info][gc,marking     ] GC(129) Concurrent Rebuild Remembered Sets and Scrub Regions
[364.039s][info][gc,start       ] GC(130) Pause Young (Normal) (G1 Evacuation Pause)
[364.039s][info][gc,task        ] GC(130) Using 6 workers of 6 for evacuation
[364.142s][info][gc,phases      ] GC(130)   Pre Evacuate Collection Set: 0.28ms
[364.142s][info][gc,phases      ] GC(130)   Merge Heap Roots: 0.46ms
[364.142s][info][gc,phases      ] GC(130)   Evacuate Collection Set: 100.55ms
[364.142s][info][gc,phases      ] GC(130)   Post Evacuate Collection Set: 0.97ms
[364.142s][info][gc,phases      ] GC(130)   Other: 0.09ms
[364.142s][info][gc,heap        ] GC(130) Eden regions: 1144->0(1089)
[364.142s][info][gc,heap        ] GC(130) Survivor regions: 74->116(153)
[364.142s][info][gc,heap        ] GC(130) Old regions: 547->547
[364.142s][info][gc,heap        ] GC(130) Humongous regions: 77->77
[364.142s][info][gc,metaspace   ] GC(130) Metaspace: 28857K(29248K)->28857K(29248K) NonClass: 23971K(24128K)->23971K(24128K) Class: 4885K(5120K)->4885K(5120K)
[364.142s][info][gc             ] GC(130) Pause Young (Normal) (G1 Evacuation Pause) 3682M->1478M(4096M) 102.478ms
[364.142s][info][gc,cpu         ] GC(130) User=0.61s Sys=0.00s Real=0.10s
[364.469s][info][gc,marking     ] GC(129) Concurrent Rebuild Remembered Sets and Scrub Regions 456.476ms
[364.470s][info][gc,start       ] GC(129) Pause Cleanup
[364.470s][info][gc             ] GC(129) Pause Cleanup 1766M->1766M(4096M) 0.156ms
[364.470s][info][gc,cpu         ] GC(129) User=0.00s Sys=0.00s Real=0.00s
[364.471s][info][gc,marking     ] GC(129) Concurrent Clear Claimed Marks
[364.471s][info][gc,marking     ] GC(129) Concurrent Clear Claimed Marks 0.040ms
[364.471s][info][gc,marking     ] GC(129) Concurrent Cleanup for Next Mark
[364.476s][info][gc,marking     ] GC(129) Concurrent Cleanup for Next Mark 5.185ms
[364.476s][info][gc             ] GC(129) Concurrent Mark Cycle 2565.431ms
.[365.900s][info][gc,start       ] GC(131) Pause Young (Prepare Mixed) (G1 Evacuation Pause)
[365.900s][info][gc,task        ] GC(131) Using 6 workers of 6 for evacuation
[366.032s][info][gc,phases      ] GC(131)   Pre Evacuate Collection Set: 0.31ms
[366.032s][info][gc,phases      ] GC(131)   Merge Heap Roots: 0.52ms
[366.032s][info][gc,phases      ] GC(131)   Evacuate Collection Set: 130.34ms
[366.032s][info][gc,phases      ] GC(131)   Post Evacuate Collection Set: 0.94ms
[366.032s][info][gc,phases      ] GC(131)   Other: 0.09ms
[366.032s][info][gc,heap        ] GC(131) Eden regions: 1089->0(1048)
[366.032s][info][gc,heap        ] GC(131) Survivor regions: 116->120(151)
[366.032s][info][gc,heap        ] GC(131) Old regions: 547->580
[366.032s][info][gc,heap        ] GC(131) Humongous regions: 77->77
[366.032s][info][gc,metaspace   ] GC(131) Metaspace: 28857K(29248K)->28857K(29248K) NonClass: 23971K(24128K)->23971K(24128K) Class: 4885K(5120K)->4885K(5120K)
[366.032s][info][gc             ] GC(131) Pause Young (Prepare Mixed) (G1 Evacuation Pause) 3656M->1552M(4096M) 132.338ms
[366.032s][info][gc,cpu         ] GC(131) User=0.79s Sys=0.00s Real=0.13s
. (rIR:aIR:PR = 11548:11394:10349) (tPR = 156737) [PR is under limit] 
   366s: Re-initializing (term[367.260s][info][gc,start       ] GC(132) Pause Young (Mixed) (G1 Evacuation Pause)
[367.260s][info][gc,task        ] GC(132) Using 6 workers of 6 for evacuation
[367.411s][info][gc,phases      ] GC(132)   Pre Evacuate Collection Set: 0.38ms
[367.411s][info][gc,phases      ] GC(132)   Merge Heap Roots: 0.75ms
[367.411s][info][gc,phases      ] GC(132)   Evacuate Collection Set: 148.17ms
[367.411s][info][gc,phases      ] GC(132)   Post Evacuate Collection Set: 0.93ms
[367.411s][info][gc,phases      ] GC(132)   Other: 0.09ms
[367.411s][info][gc,heap        ] GC(132) Eden regions: 1048->0(1100)
[367.411s][info][gc,heap        ] GC(132) Survivor regions: 120->128(146)
[367.411s][info][gc,heap        ] GC(132) Old regions: 580->510
[367.411s][info][gc,heap        ] GC(132) Humongous regions: 77->77
[367.411s][info][gc,metaspace   ] GC(132) Metaspace: 28858K(29248K)->28858K(29248K) NonClass: 23972K(24128K)->23972K(24128K) Class: 4885K(5120K)->4885K(5120K)
[367.411s][info][gc             ] GC(132) Pause Young (Mixed) (G1 Evacuation Pause) 3648M->1428M(4096M) 150.460ms
[367.411s][info][gc,cpu         ] GC(132) User=0.90s Sys=0.00s Real=0.15s
[368.810s][info][gc,start       ] GC(133) Pause Young (Concurrent Start) (G1 Evacuation Pause)
[368.810s][info][gc,task        ] GC(133) Using 6 workers of 6 for evacuation
[368.934s][info][gc,phases      ] GC(133)   Pre Evacuate Collection Set: 0.36ms
[368.934s][info][gc,phases      ] GC(133)   Merge Heap Roots: 0.45ms
[368.934s][info][gc,phases      ] GC(133)   Evacuate Collection Set: 121.94ms
[368.934s][info][gc,phases      ] GC(133)   Post Evacuate Collection Set: 0.86ms
[368.934s][info][gc,phases      ] GC(133)   Other: 0.10ms
[368.934s][info][gc,heap        ] GC(133) Eden regions: 1100->0(1107)
[368.934s][info][gc,heap        ] GC(133) Survivor regions: 128->72(154)
[368.934s][info][gc,heap        ] GC(133) Old regions: 510->589
[368.934s][info][gc,heap        ] GC(133) Humongous regions: 77->77
[368.934s][info][gc,metaspace   ] GC(133) Metaspace: 28858K(29248K)->28858K(29248K) NonClass: 23972K(24128K)->23972K(24128K) Class: 4885K(5120K)->4885K(5120K)
[368.934s][info][gc             ] GC(133) Pause Young (Concurrent Start) (G1 Evacuation Pause) 3628M->1475M(4096M) 123.855ms
[368.934s][info][gc             ] GC(134) Concurrent Mark Cycle
[368.934s][info][gc,marking     ] GC(134) Concurrent Scan Root Regions
[368.934s][info][gc,cpu         ] GC(133) User=0.73s Sys=0.00s Real=0.13s
[369.118s][info][gc,marking     ] GC(134) Concurrent Scan Root Regions 184.080ms
[369.118s][info][gc,marking     ] GC(134) Concurrent Mark
[369.118s][info][gc,marking     ] GC(134) Concurrent Mark From Roots
[369.118s][info][gc,task        ] GC(134) Using 2 workers of 2 for marking
[370.236s][info][gc,marking     ] GC(134) Concurrent Mark From Roots 1117.926ms
[370.236s][info][gc,marking     ] GC(134) Concurrent Preclean
[370.236s][info][gc,marking     ] GC(134) Concurrent Preclean 0.135ms
[370.238s][info][gc,start       ] GC(134) Pause Remark
[370.244s][info][gc             ] GC(134) Pause Remark 2761M->2761M(4096M) 5.080ms
[370.244s][info][gc,cpu         ] GC(134) User=0.03s Sys=0.00s Real=0.01s
[370.244s][info][gc,marking     ] GC(134) Concurrent Mark 1125.720ms
[370.244s][info][gc,marking     ] GC(134) Concurrent Rebuild Remembered Sets and Scrub Regions
[370.728s][info][gc,marking     ] GC(134) Concurrent Rebuild Remembered Sets and Scrub Regions 484.406ms
[370.729s][info][gc,start       ] GC(134) Pause Cleanup
[370.729s][info][gc             ] GC(134) Pause Cleanup 3369M->3369M(4096M) 0.169ms
[370.729s][info][gc,cpu         ] GC(134) User=0.00s Sys=0.00s Real=0.00s
[370.730s][info][gc,marking     ] GC(134) Concurrent Clear Claimed Marks
[370.730s][info][gc,marking     ] GC(134) Concurrent Clear Claimed Marks 0.041ms
[370.730s][info][gc,marking     ] GC(134) Concurrent Cleanup for Next Mark
[370.745s][info][gc,marking     ] GC(134) Concurrent Cleanup for Next Mark 15.556ms
[370.745s][info][gc             ] GC(134) Concurrent Mark Cycle 1811.660ms
[371.019s][info][gc,start       ] GC(135) Pause Young (Prepare Mixed) (G1 Evacuation Pause)
[371.019s][info][gc,task        ] GC(135) Using 6 workers of 6 for evacuation
[371.128s][info][gc,phases      ] GC(135)   Pre Evacuate Collection Set: 0.34ms
[371.128s][info][gc,phases      ] GC(135)   Merge Heap Roots: 0.45ms
[371.128s][info][gc,phases      ] GC(135)   Evacuate Collection Set: 107.69ms
[371.128s][info][gc,phases      ] GC(135)   Post Evacuate Collection Set: 0.87ms
[371.128s][info][gc,phases      ] GC(135)   Other: 0.09ms
[371.128s][info][gc,heap        ] GC(135) Eden regions: 1107->0(1023)
[371.128s][info][gc,heap        ] GC(135) Survivor regions: 72->128(148)
[371.128s][info][gc,heap        ] GC(135) Old regions: 589->589
[371.128s][info][gc,heap        ] GC(135) Humongous regions: 77->77
[371.128s][info][gc,metaspace   ] GC(135) Metaspace: 28858K(29248K)->28858K(29248K) NonClass: 23973K(24128K)->23973K(24128K) Class: 4885K(5120K)->4885K(5120K)
[371.128s][info][gc             ] GC(135) Pause Young (Prepare Mixed) (G1 Evacuation Pause) 3689M->1586M(4096M) 109.568ms
[371.128s][info][gc,cpu         ] GC(135) User=0.65s Sys=0.00s Real=0.11s
) [371.934s][info][gc,start       ] GC(136) Pause Full (System.gc())
[371.934s][info][gc,task        ] GC(136) Using 6 workers of 6 for full compaction
[371.934s][info][gc,phases,start] GC(136) Phase 1: Mark live objects
[371.949s][info][gc,phases      ] GC(136) Phase 1: Mark live objects 14.764ms
[371.949s][info][gc,phases,start] GC(136) Phase 2: Prepare compaction
[371.952s][info][gc,phases      ] GC(136) Phase 2: Prepare compaction 2.993ms
[371.952s][info][gc,phases,start] GC(136) Phase 3: Adjust pointers
[371.960s][info][gc,phases      ] GC(136) Phase 3: Adjust pointers 7.367ms
[371.960s][info][gc,phases,start] GC(136) Phase 4: Compact heap
[371.963s][info][gc,phases      ] GC(136) Phase 4: Compact heap 3.042ms
[371.963s][info][gc,phases,start] GC(136) Phase 5: Reset Metadata
[371.967s][info][gc,phases      ] GC(136) Phase 5: Reset Metadata 4.175ms
[371.973s][info][gc,heap        ] GC(136) Eden regions: 584->0(1228)
[371.973s][info][gc,heap        ] GC(136) Survivor regions: 128->0(148)
[371.973s][info][gc,heap        ] GC(136) Old regions: 589->35
[371.973s][info][gc,heap        ] GC(136) Humongous regions: 77->66
[371.973s][info][gc,metaspace   ] GC(136) Metaspace: 28858K(29248K)->28858K(29248K) NonClass: 23973K(24128K)->23973K(24128K) Class: 4885K(5120K)->4885K(5120K)
[371.973s][info][gc             ] GC(136) Pause Full (System.gc()) 2752M->194M(4096M) 39.236ms
[371.973s][info][gc,cpu         ] GC(136) User=0.21s Sys=0.00s Real=0.03s
(init[372.213s][info][gc,start       ] GC(137) Pause Young (Concurrent Start) (G1 Humongous Allocation)
[372.213s][info][gc,task        ] GC(137) Using 6 workers of 6 for evacuation
[372.224s][info][gc,phases      ] GC(137)   Pre Evacuate Collection Set: 0.35ms
[372.224s][info][gc,phases      ] GC(137)   Merge Heap Roots: 0.03ms
[372.224s][info][gc,phases      ] GC(137)   Evacuate Collection Set: 10.84ms
[372.224s][info][gc,phases      ] GC(137)   Post Evacuate Collection Set: 0.22ms
[372.224s][info][gc,phases      ] GC(137)   Other: 0.08ms
[372.224s][info][gc,heap        ] GC(137) Eden regions: 36->0(1216)
[372.224s][info][gc,heap        ] GC(137) Survivor regions: 0->12(154)
[372.224s][info][gc,heap        ] GC(137) Old regions: 35->35
[372.224s][info][gc,heap        ] GC(137) Humongous regions: 66->66
[372.224s][info][gc,metaspace   ] GC(137) Metaspace: 28858K(29248K)->28858K(29248K) NonClass: 23973K(24128K)->23973K(24128K) Class: 4885K(5120K)->4885K(5120K)
[372.224s][info][gc             ] GC(137) Pause Young (Concurrent Start) (G1 Humongous Allocation) 266M->217M(4096M) 11.653ms
[372.224s][info][gc             ] GC(138) Concurrent Mark Cycle
[372.224s][info][gc,cpu         ] GC(137) User=0.06s Sys=0.00s Real=0.02s
[372.224s][info][gc,marking     ] GC(138) Concurrent Scan Root Regions
[372.231s][info][gc,marking     ] GC(138) Concurrent Scan Root Regions 7.049ms
[372.231s][info][gc,marking     ] GC(138) Concurrent Mark
[372.232s][info][gc,marking     ] GC(138) Concurrent Mark From Roots
[372.232s][info][gc,task        ] GC(138) Using 2 workers of 2 for marking
[372.269s][info][gc,marking     ] GC(138) Concurrent Mark From Roots 37.194ms
[372.269s][info][gc,marking     ] GC(138) Concurrent Preclean
[372.269s][info][gc,marking     ] GC(138) Concurrent Preclean 0.112ms
[372.269s][info][gc,start       ] GC(138) Pause Remark
[372.271s][info][gc             ] GC(138) Pause Remark 291M->291M(4096M) 1.828ms
[372.271s][info][gc,cpu         ] GC(138) User=0.01s Sys=0.00s Real=0.00s
[372.271s][info][gc,marking     ] GC(138) Concurrent Mark 39.307ms
[372.271s][info][gc,marking     ] GC(138) Concurrent Rebuild Remembered Sets and Scrub Regions
[372.291s][info][gc,marking     ] GC(138) Concurrent Rebuild Remembered Sets and Scrub Regions 20.287ms
[372.291s][info][gc,start       ] GC(138) Pause Cleanup
[372.291s][info][gc             ] GC(138) Pause Cleanup 313M->313M(4096M) 0.071ms
[372.291s][info][gc,cpu         ] GC(138) User=0.00s Sys=0.00s Real=0.00s
[372.291s][info][gc,marking     ] GC(138) Concurrent Clear Claimed Marks
[372.291s][info][gc,marking     ] GC(138) Concurrent Clear Claimed Marks 0.026ms
[372.291s][info][gc,marking     ] GC(138) Concurrent Cleanup for Next Mark
[372.295s][info][gc,marking     ] GC(138) Concurrent Cleanup for Next Mark 3.933ms
[372.295s][info][gc             ] GC(138) Concurrent Mark Cycle 70.919ms
) ... OK
   376s: high-bound for max-jOPS is measured to be 13837
   376s: 
   376s: Restarting (term) [376.710s][info][gc,start       ] GC(139) Pause Full (System.gc())
[376.710s][info][gc,task        ] GC(139) Using 6 workers of 6 for full compaction
[376.710s][info][gc,phases,start] GC(139) Phase 1: Mark live objects
[376.725s][info][gc,phases      ] GC(139) Phase 1: Mark live objects 14.942ms
[376.725s][info][gc,phases,start] GC(139) Phase 2: Prepare compaction
[376.727s][info][gc,phases      ] GC(139) Phase 2: Prepare compaction 2.196ms
[376.727s][info][gc,phases,start] GC(139) Phase 3: Adjust pointers
[376.734s][info][gc,phases      ] GC(139) Phase 3: Adjust pointers 6.971ms
[376.734s][info][gc,phases,start] GC(139) Phase 4: Compact heap
[376.736s][info][gc,phases      ] GC(139) Phase 4: Compact heap 2.111ms
[376.736s][info][gc,phases,start] GC(139) Phase 5: Reset Metadata
[376.741s][info][gc,phases      ] GC(139) Phase 5: Reset Metadata 4.273ms
[376.747s][info][gc,heap        ] GC(139) Eden regions: 929->0(1228)
[376.747s][info][gc,heap        ] GC(139) Survivor regions: 12->0(154)
[376.747s][info][gc,heap        ] GC(139) Old regions: 35->35
[376.747s][info][gc,heap        ] GC(139) Humongous regions: 163->66
[376.747s][info][gc,metaspace   ] GC(139) Metaspace: 28864K(29248K)->28864K(29248K) NonClass: 23978K(24128K)->23978K(24128K) Class: 4886K(5120K)->4886K(5120K)
[376.747s][info][gc             ] GC(139) Pause Full (System.gc()) 2267M->194M(4096M) 37.356ms
[376.747s][info][gc,cpu         ] GC(139) User=0.20s Sys=0.00s Real=0.04s
(init[376.986s][info][gc,start       ] GC(140) Pause Young (Concurrent Start) (G1 Humongous Allocation)
[376.986s][info][gc,task        ] GC(140) Using 6 workers of 6 for evacuation
[376.998s][info][gc,phases      ] GC(140)   Pre Evacuate Collection Set: 0.35ms
[376.998s][info][gc,phases      ] GC(140)   Merge Heap Roots: 0.03ms
[376.998s][info][gc,phases      ] GC(140)   Evacuate Collection Set: 10.63ms
[376.998s][info][gc,phases      ] GC(140)   Post Evacuate Collection Set: 0.24ms
[376.998s][info][gc,phases      ] GC(140)   Other: 0.07ms
[376.998s][info][gc,heap        ] GC(140) Eden regions: 38->0(1215)
[376.998s][info][gc,heap        ] GC(140) Survivor regions: 0->13(154)
[376.998s][info][gc,heap        ] GC(140) Old regions: 35->35
[376.998s][info][gc,heap        ] GC(140) Humongous regions: 66->66
[376.998s][info][gc,metaspace   ] GC(140) Metaspace: 28868K(29248K)->28868K(29248K) NonClass: 23981K(24128K)->23981K(24128K) Class: 4886K(5120K)->4886K(5120K)
[376.998s][info][gc             ] GC(140) Pause Young (Concurrent Start) (G1 Humongous Allocation) 270M->219M(4096M) 11.448ms
[376.998s][info][gc             ] GC(141) Concurrent Mark Cycle
[376.998s][info][gc,cpu         ] GC(140) User=0.06s Sys=0.00s Real=0.01s
[376.998s][info][gc,marking     ] GC(141) Concurrent Scan Root Regions
[377.005s][info][gc,marking     ] GC(141) Concurrent Scan Root Regions 6.904ms
[377.005s][info][gc,marking     ] GC(141) Concurrent Mark
[377.005s][info][gc,marking     ] GC(141) Concurrent Mark From Roots
[377.005s][info][gc,task        ] GC(141) Using 2 workers of 2 for marking
[377.063s][info][gc,marking     ] GC(141) Concurrent Mark From Roots 58.371ms
[377.063s][info][gc,marking     ] GC(141) Concurrent Preclean
[377.063s][info][gc,marking     ] GC(141) Concurrent Preclean 0.083ms
[377.063s][info][gc,start       ] GC(141) Pause Remark
[377.065s][info][gc             ] GC(141) Pause Remark 338M->338M(4096M) 1.782ms
[377.065s][info][gc,cpu         ] GC(141) User=0.01s Sys=0.00s Real=0.00s
[377.065s][info][gc,marking     ] GC(141) Concurrent Mark 60.397ms
[377.065s][info][gc,marking     ] GC(141) Concurrent Rebuild Remembered Sets and Scrub Regions
[377.095s][info][gc,marking     ] GC(141) Concurrent Rebuild Remembered Sets and Scrub Regions 30.163ms
[377.095s][info][gc,start       ] GC(141) Pause Cleanup
[377.096s][info][gc             ] GC(141) Pause Cleanup 392M->392M(4096M) 0.066ms
[377.096s][info][gc,cpu         ] GC(141) User=0.00s Sys=0.00s Real=0.00s
[377.096s][info][gc,marking     ] GC(141) Concurrent Clear Claimed Marks
[377.096s][info][gc,marking     ] GC(141) Concurrent Clear Claimed Marks 0.035ms
[377.096s][info][gc,marking     ] GC(141) Concurrent Cleanup for Next Mark
[377.100s][info][gc,marking     ] GC(141) Concurrent Cleanup for Next Mark 4.359ms
[377.100s][info][gc             ] GC(141) Concurrent Mark Cycle 102.203ms
) ... OK
   380s: 
   380s: Warmup for building throughput-responsetime curve
   380s: (10%)   IR =   1384 ..[383.904s][info][gc,start       ] GC(142) Pause Young (Prepare Mixed) (G1 Evacuation Pause)
[383.904s][info][gc,task        ] GC(142) Using 6 workers of 6 for evacuation
[384.390s][info][gc,mmu         ] GC(142) MMU target violated: 201.0ms (200.0ms/201.0ms)
[384.390s][info][gc,phases      ] GC(142)   Pre Evacuate Collection Set: 0.29ms
[384.390s][info][gc,phases      ] GC(142)   Merge Heap Roots: 0.59ms
[384.390s][info][gc,phases      ] GC(142)   Evacuate Collection Set: 483.99ms
[384.390s][info][gc,phases      ] GC(142)   Post Evacuate Collection Set: 1.31ms
[384.390s][info][gc,phases      ] GC(142)   Other: 0.12ms
[384.390s][info][gc,heap        ] GC(142) Eden regions: 1215->0(493)
[384.390s][info][gc,heap        ] GC(142) Survivor regions: 13->154(154)
[384.390s][info][gc,heap        ] GC(142) Old regions: 35->343
[384.390s][info][gc,heap        ] GC(142) Humongous regions: 163->155
[384.390s][info][gc,metaspace   ] GC(142) Metaspace: 28882K(29248K)->28882K(29248K) NonClass: 23996K(24128K)->23996K(24128K) Class: 4886K(5120K)->4886K(5120K)
[384.390s][info][gc             ] GC(142) Pause Young (Prepare Mixed) (G1 Evacuation Pause) 2843M->1296M(4096M) 486.414ms
[384.390s][info][gc,cpu         ] GC(142) User=2.90s Sys=0.00s Real=0.48s
....[388.187s][info][gc,start       ] GC(143) Pause Young (Mixed) (G1 Evacuation Pause)
[388.187s][info][gc,task        ] GC(143) Using 6 workers of 6 for evacuation
[388.381s][info][gc,phases      ] GC(143)   Pre Evacuate Collection Set: 0.32ms
[388.381s][info][gc,phases      ] GC(143)   Merge Heap Roots: 0.56ms
[388.381s][info][gc,phases      ] GC(143)   Evacuate Collection Set: 192.11ms
[388.381s][info][gc,phases      ] GC(143)   Post Evacuate Collection Set: 0.62ms
[388.381s][info][gc,phases      ] GC(143)   Other: 0.07ms
[388.381s][info][gc,heap        ] GC(143) Eden regions: 476->0(698)
[388.381s][info][gc,heap        ] GC(143) Survivor regions: 154->27(79)
[388.381s][info][gc,heap        ] GC(143) Old regions: 343->496
[388.381s][info][gc,heap        ] GC(143) Humongous regions: 155->155
[388.381s][info][gc,metaspace   ] GC(143) Metaspace: 28883K(29248K)->28883K(29248K) NonClass: 23997K(24128K)->23997K(24128K) Class: 4886K(5120K)->4886K(5120K)
[388.381s][info][gc             ] GC(143) Pause Young (Mixed) (G1 Evacuation Pause) 2248M->1349M(4096M) 193.810ms
[388.381s][info][gc,cpu         ] GC(143) User=1.15s Sys=0.00s Real=0.19s
......[394.245s][info][gc,start       ] GC(144) Pause Young (Concurrent Start) (G1 Evacuation Pause)
[394.245s][info][gc,task        ] GC(144) Using 6 workers of 6 for evacuation
[394.305s][info][gc,phases      ] GC(144)   Pre Evacuate Collection Set: 0.41ms
[394.305s][info][gc,phases      ] GC(144)   Merge Heap Roots: 0.43ms
[394.305s][info][gc,phases      ] GC(144)   Evacuate Collection Set: 58.71ms
[394.305s][info][gc,phases      ] GC(144)   Post Evacuate Collection Set: 0.70ms
[394.305s][info][gc,phases      ] GC(144)   Other: 0.10ms
[394.305s][info][gc,heap        ] GC(144) Eden regions: 714->0(729)
[394.305s][info][gc,heap        ] GC(144) Survivor regions: 27->60(93)
[394.305s][info][gc,heap        ] GC(144) Old regions: 496->496
[394.305s][info][gc,heap        ] GC(144) Humongous regions: 155->155
[394.305s][info][gc,metaspace   ] GC(144) Metaspace: 28886K(29248K)->28886K(29248K) NonClass: 24000K(24128K)->24000K(24128K) Class: 4886K(5120K)->4886K(5120K)
[394.305s][info][gc             ] GC(144) Pause Young (Concurrent Start) (G1 Evacuation Pause) 2777M->1415M(4096M) 60.492ms
[394.306s][info][gc             ] GC(145) Concurrent Mark Cycle
[394.306s][info][gc,marking     ] GC(145) Concurrent Scan Root Regions
[394.306s][info][gc,cpu         ] GC(144) User=0.36s Sys=0.00s Real=0.06s
[394.365s][info][gc,marking     ] GC(145) Concurrent Scan Root Regions 59.385ms
[394.365s][info][gc,marking     ] GC(145) Concurrent Mark
[394.365s][info][gc,marking     ] GC(145) Concurrent Mark From Roots
[394.365s][info][gc,task        ] GC(145) Using 2 workers of 2 for marking
.[394.937s][info][gc,marking     ] GC(145) Concurrent Mark From Roots 572.073ms
[394.937s][info][gc,marking     ] GC(145) Concurrent Preclean
[394.937s][info][gc,marking     ] GC(145) Concurrent Preclean 0.047ms
[394.937s][info][gc,start       ] GC(145) Pause Remark
[394.941s][info][gc             ] GC(145) Pause Remark 1582M->1356M(4096M) 3.816ms
[394.941s][info][gc,cpu         ] GC(145) User=0.02s Sys=0.00s Real=0.00s
[394.941s][info][gc,marking     ] GC(145) Concurrent Mark 576.175ms
[394.941s][info][gc,marking     ] GC(145) Concurrent Rebuild Remembered Sets and Scrub Regions
[395.160s][info][gc,marking     ] GC(145) Concurrent Rebuild Remembered Sets and Scrub Regions 218.867ms
[395.160s][info][gc,start       ] GC(145) Pause Cleanup
[395.160s][info][gc             ] GC(145) Pause Cleanup 1431M->1431M(4096M) 0.096ms
[395.160s][info][gc,cpu         ] GC(145) User=0.00s Sys=0.00s Real=0.00s
[395.160s][info][gc,marking     ] GC(145) Concurrent Clear Claimed Marks
[395.160s][info][gc,marking     ] GC(145) Concurrent Clear Claimed Marks 0.033ms
[395.160s][info][gc,marking     ] GC(145) Concurrent Cleanup for Next Mark
[395.164s][info][gc,marking     ] GC(145) Concurrent Cleanup for Next Mark 3.387ms
[395.164s][info][gc             ] GC(145) Concurrent Mark Cycle 858.246ms
......[400.430s][info][gc,start       ] GC(146) Pause Young (Prepare Mixed) (G1 Evacuation Pause)
[400.430s][info][gc,task        ] GC(146) Using 6 workers of 6 for evacuation
[400.511s][info][gc,phases      ] GC(146)   Pre Evacuate Collection Set: 0.35ms
[400.511s][info][gc,phases      ] GC(146)   Merge Heap Roots: 0.53ms
[400.511s][info][gc,phases      ] GC(146)   Evacuate Collection Set: 79.02ms
[400.511s][info][gc,phases      ] GC(146)   Post Evacuate Collection Set: 0.70ms
[400.511s][info][gc,phases      ] GC(146)   Other: 0.07ms
[400.511s][info][gc,heap        ] GC(146) Eden regions: 721->0(990)
[400.511s][info][gc,heap        ] GC(146) Survivor regions: 60->71(98)
[400.511s][info][gc,heap        ] GC(146) Old regions: 463->483
[400.511s][info][gc,heap        ] GC(146) Humongous regions: 75->75
[400.511s][info][gc,metaspace   ] GC(146) Metaspace: 28886K(29248K)->28886K(29248K) NonClass: 24000K(24128K)->24000K(24128K) Class: 4886K(5120K)->4886K(5120K)
[400.511s][info][gc             ] GC(146) Pause Young (Prepare Mixed) (G1 Evacuation Pause) 2631M->1251M(4096M) 80.798ms
[400.511s][info][gc,cpu         ] GC(146) User=0.48s Sys=0.00s Real=0.08s
.........[409.547s][info][gc,start       ] GC(147) Pause Young (Mixed) (G1 Evacuation Pause)
[409.548s][info][gc,task        ] GC(147) Using 6 workers of 6 for evacuation
[409.643s][info][gc,phases      ] GC(147)   Pre Evacuate Collection Set: 0.35ms
[409.643s][info][gc,phases      ] GC(147)   Merge Heap Roots: 0.45ms
[409.643s][info][gc,phases      ] GC(147)   Evacuate Collection Set: 93.72ms
[409.643s][info][gc,phases      ] GC(147)   Merge Optional Heap Roots: 0.03ms
[409.643s][info][gc,phases      ] GC(147)   Evacuate Optional Collection Set: 0.27ms
[409.643s][info][gc,phases      ] GC(147)   Post Evacuate Collection Set: 0.86ms
[409.643s][info][gc,phases      ] GC(147)   Other: 0.10ms
[409.643s][info][gc,heap        ] GC(147) Eden regions: 1059->0(972)
[409.643s][info][gc,heap        ] GC(147) Survivor regions: 71->109(142)
[409.643s][info][gc,heap        ] GC(147) Old regions: 483->473
[409.643s][info][gc,heap        ] GC(147) Humongous regions: 75->75
[409.643s][info][gc,metaspace   ] GC(147) Metaspace: 28897K(29248K)->28897K(29248K) NonClass: 24011K(24128K)->24011K(24128K) Class: 4886K(5120K)->4886K(5120K)
[409.643s][info][gc             ] GC(147) Pause Young (Mixed) (G1 Evacuation Pause) 3369M->1309M(4096M) 95.914ms
[409.643s][info][gc,cpu         ] GC(147) User=0.57s Sys=0.00s Real=0.10s
.........[418.578s][info][gc,start       ] GC(148) Pause Young (Mixed) (G1 Evacuation Pause)
[418.578s][info][gc,task        ] GC(148) Using 6 workers of 6 for evacuation
[418.698s][info][gc,phases      ] GC(148)   Pre Evacuate Collection Set: 0.36ms
[418.698s][info][gc,phases      ] GC(148)   Merge Heap Roots: 0.45ms
[418.698s][info][gc,phases      ] GC(148)   Evacuate Collection Set: 118.29ms
[418.698s][info][gc,phases      ] GC(148)   Post Evacuate Collection Set: 0.90ms
[418.698s][info][gc,phases      ] GC(148)   Other: 0.09ms
[418.698s][info][gc,heap        ] GC(148) Eden regions: 1031->0(1079)
[418.698s][info][gc,heap        ] GC(148) Survivor regions: 109->97(143)
[418.698s][info][gc,heap        ] GC(148) Old regions: 473->515
[418.698s][info][gc,heap        ] GC(148) Humongous regions: 77->77
[418.698s][info][gc,metaspace   ] GC(148) Metaspace: 28897K(29248K)->28897K(29248K) NonClass: 24011K(24128K)->24011K(24128K) Class: 4886K(5120K)->4886K(5120K)
[418.698s][info][gc             ] GC(148) Pause Young (Mixed) (G1 Evacuation Pause) 3375M->1375M(4096M) 120.229ms
[418.698s][info][gc,cpu         ] GC(148) User=0.72s Sys=0.00s Real=0.12s
..........[428.558s][info][gc,start       ] GC(149) Pause Young (Mixed) (G1 Evacuation Pause)
[428.558s][info][gc,task        ] GC(149) Using 6 workers of 6 for evacuation
[428.674s][info][gc,phases      ] GC(149)   Pre Evacuate Collection Set: 0.37ms
[428.674s][info][gc,phases      ] GC(149)   Merge Heap Roots: 0.47ms
[428.674s][info][gc,phases      ] GC(149)   Evacuate Collection Set: 113.79ms
[428.674s][info][gc,phases      ] GC(149)   Post Evacuate Collection Set: 0.93ms
[428.674s][info][gc,phases      ] GC(149)   Other: 0.08ms
[428.674s][info][gc,heap        ] GC(149) Eden regions: 1079->0(1088)
[428.674s][info][gc,heap        ] GC(149) Survivor regions: 97->99(147)
[428.674s][info][gc,heap        ] GC(149) Old regions: 515->531
[428.674s][info][gc,heap        ] GC(149) Humongous regions: 77->77
[428.674s][info][gc,metaspace   ] GC(149) Metaspace: 28899K(29248K)->28899K(29248K) NonClass: 24013K(24128K)->24013K(24128K) Class: 4886K(5120K)->4886K(5120K)
[428.674s][info][gc             ] GC(149) Pause Young (Mixed) (G1 Evacuation Pause) 3533M->1412M(4096M) 115.794ms
[428.674s][info][gc,cpu         ] GC(149) User=0.68s Sys=0.00s Real=0.12s
...........[440.103s][info][gc,start       ] GC(150) Pause Young (Concurrent Start) (G1 Evacuation Pause)
[440.104s][info][gc,task        ] GC(150) Using 6 workers of 6 for evacuation
[440.219s][info][gc,phases      ] GC(150)   Pre Evacuate Collection Set: 0.43ms
[440.219s][info][gc,phases      ] GC(150)   Merge Heap Roots: 0.43ms
[440.219s][info][gc,phases      ] GC(150)   Evacuate Collection Set: 113.87ms
[440.219s][info][gc,phases      ] GC(150)   Post Evacuate Collection Set: 0.94ms
[440.219s][info][gc,phases      ] GC(150)   Other: 0.13ms
[440.219s][info][gc,heap        ] GC(150) Eden regions: 1088->0(1074)
[440.219s][info][gc,heap        ] GC(150) Survivor regions: 99->103(149)
[440.219s][info][gc,heap        ] GC(150) Old regions: 531->566
[440.219s][info][gc,heap        ] GC(150) Humongous regions: 77->77
[440.219s][info][gc,metaspace   ] GC(150) Metaspace: 28903K(29248K)->28903K(29248K) NonClass: 24016K(24128K)->24016K(24128K) Class: 4886K(5120K)->4886K(5120K)
[440.219s][info][gc             ] GC(150) Pause Young (Concurrent Start) (G1 Evacuation Pause) 3588M->1490M(4096M) 115.952ms
[440.219s][info][gc             ] GC(151) Concurrent Mark Cycle
[440.219s][info][gc,marking     ] GC(151) Concurrent Scan Root Regions
[440.219s][info][gc,cpu         ] GC(150) User=0.69s Sys=0.00s Real=0.11s
[440.359s][info][gc,marking     ] GC(151) Concurrent Scan Root Regions 139.171ms
[440.359s][info][gc,marking     ] GC(151) Concurrent Mark
[440.359s][info][gc,marking     ] GC(151) Concurrent Mark From Roots
[440.359s][info][gc,task        ] GC(151) Using 2 workers of 2 for marking
.[440.818s][info][gc,marking     ] GC(151) Concurrent Mark From Roots 459.542ms
[440.818s][info][gc,marking     ] GC(151) Concurrent Preclean
[440.818s][info][gc,marking     ] GC(151) Concurrent Preclean 0.048ms
[440.818s][info][gc,start       ] GC(151) Pause Remark
[440.822s][info][gc             ] GC(151) Pause Remark 1625M->1625M(4096M) 3.269ms
[440.822s][info][gc,cpu         ] GC(151) User=0.02s Sys=0.00s Real=0.00s
[440.822s][info][gc,marking     ] GC(151) Concurrent Mark 463.115ms
[440.822s][info][gc,marking     ] GC(151) Concurrent Rebuild Remembered Sets and Scrub Regions
[441.125s][info][gc,marking     ] GC(151) Concurrent Rebuild Remembered Sets and Scrub Regions 302.951ms
[441.125s][info][gc,start       ] GC(151) Pause Cleanup
[441.125s][info][gc             ] GC(151) Pause Cleanup 1684M->1684M(4096M) 0.162ms
[441.125s][info][gc,cpu         ] GC(151) User=0.00s Sys=0.00s Real=0.00s
[441.125s][info][gc,marking     ] GC(151) Concurrent Clear Claimed Marks
[441.125s][info][gc,marking     ] GC(151) Concurrent Clear Claimed Marks 0.026ms
[441.125s][info][gc,marking     ] GC(151) Concurrent Cleanup for Next Mark
[441.128s][info][gc,marking     ] GC(151) Concurrent Cleanup for Next Mark 3.330ms
[441.128s][info][gc             ] GC(151) Concurrent Mark Cycle 909.053ms
...........[452.206s][info][gc,start       ] GC(152) Pause Young (Prepare Mixed) (G1 Evacuation Pause)
[452.206s][info][gc,task        ] GC(152) Using 6 workers of 6 for evacuation
[452.322s][info][gc,phases      ] GC(152)   Pre Evacuate Collection Set: 0.37ms
[452.322s][info][gc,phases      ] GC(152)   Merge Heap Roots: 0.48ms
[452.322s][info][gc,phases      ] GC(152)   Evacuate Collection Set: 113.44ms
[452.322s][info][gc,phases      ] GC(152)   Post Evacuate Collection Set: 0.99ms
[452.322s][info][gc,phases      ] GC(152)   Other: 0.10ms
[452.322s][info][gc,heap        ] GC(152) Eden regions: 1074->0(1056)
[452.322s][info][gc,heap        ] GC(152) Survivor regions: 103->106(148)
[452.322s][info][gc,heap        ] GC(152) Old regions: 566->599
[452.322s][info][gc,heap        ] GC(152) Humongous regions: 77->77
[452.322s][info][gc,metaspace   ] GC(152) Metaspace: 28903K(29248K)->28903K(29248K) NonClass: 24016K(24128K)->24016K(24128K) Class: 4886K(5120K)->4886K(5120K)
[452.322s][info][gc             ] GC(152) Pause Young (Prepare Mixed) (G1 Evacuation Pause) 3638M->1563M(4096M) 115.531ms
[452.322s][info][gc,cpu         ] GC(152) User=0.69s Sys=0.00s Real=0.11s
.............[464.582s][info][gc,start       ] GC(153) Pause Young (Mixed) (G1 Evacuation Pause)
[464.582s][info][gc,task        ] GC(153) Using 6 workers of 6 for evacuation
[464.721s][info][gc,phases      ] GC(153)   Pre Evacuate Collection Set: 0.44ms
[464.721s][info][gc,phases      ] GC(153)   Merge Heap Roots: 0.55ms
[464.721s][info][gc,phases      ] GC(153)   Evacuate Collection Set: 131.23ms
[464.721s][info][gc,phases      ] GC(153)   Merge Optional Heap Roots: 0.10ms
[464.721s][info][gc,phases      ] GC(153)   Evacuate Optional Collection Set: 5.09ms
[464.721s][info][gc,phases      ] GC(153)   Post Evacuate Collection Set: 1.14ms
[464.721s][info][gc,phases      ] GC(153)   Other: 0.09ms
[464.721s][info][gc,heap        ] GC(153) Eden regions: 1056->0(1121)
[464.721s][info][gc,heap        ] GC(153) Survivor regions: 106->107(146)
[464.721s][info][gc,heap        ] GC(153) Old regions: 599->456
[464.721s][info][gc,heap        ] GC(153) Humongous regions: 77->77
[464.721s][info][gc,metaspace   ] GC(153) Metaspace: 28916K(29248K)->28916K(29248K) NonClass: 24029K(24128K)->24029K(24128K) Class: 4886K(5120K)->4886K(5120K)
[464.721s][info][gc             ] GC(153) Pause Young (Mixed) (G1 Evacuation Pause) 3675M->1278M(4096M) 138.762ms
[464.721s][info][gc,cpu         ] GC(153) User=0.83s Sys=0.00s Real=0.14s
.............[477.812s][info][gc,start       ] GC(154) Pause Young (Concurrent Start) (G1 Evacuation Pause)
[477.812s][info][gc,task        ] GC(154) Using 6 workers of 6 for evacuation
[477.929s][info][gc,phases      ] GC(154)   Pre Evacuate Collection Set: 0.38ms
[477.929s][info][gc,phases      ] GC(154)   Merge Heap Roots: 0.50ms
[477.929s][info][gc,phases      ] GC(154)   Evacuate Collection Set: 115.86ms
[477.929s][info][gc,phases      ] GC(154)   Post Evacuate Collection Set: 0.97ms
[477.929s][info][gc,phases      ] GC(154)   Other: 0.12ms
[477.929s][info][gc,heap        ] GC(154) Eden regions: 1121->0(1121)
[477.929s][info][gc,heap        ] GC(154) Survivor regions: 107->107(154)
[477.929s][info][gc,heap        ] GC(154) Old regions: 456->490
[477.929s][info][gc,heap        ] GC(154) Humongous regions: 77->77
[477.929s][info][gc,metaspace   ] GC(154) Metaspace: 28916K(29312K)->28916K(29312K) NonClass: 24030K(24192K)->24030K(24192K) Class: 4886K(5120K)->4886K(5120K)
[477.929s][info][gc             ] GC(154) Pause Young (Concurrent Start) (G1 Evacuation Pause) 3520M->1347M(4096M) 117.963ms
[477.930s][info][gc             ] GC(155) Concurrent Mark Cycle
[477.930s][info][gc,marking     ] GC(155) Concurrent Scan Root Regions
[477.930s][info][gc,cpu         ] GC(154) User=0.70s Sys=0.00s Real=0.12s
[478.042s][info][gc,marking     ] GC(155) Concurrent Scan Root Regions 112.736ms
[478.042s][info][gc,marking     ] GC(155) Concurrent Mark
[478.042s][info][gc,marking     ] GC(155) Concurrent Mark From Roots
[478.042s][info][gc,task        ] GC(155) Using 2 workers of 2 for marking
.[478.520s][info][gc,marking     ] GC(155) Concurrent Mark From Roots 477.212ms
[478.520s][info][gc,marking     ] GC(155) Concurrent Preclean
[478.520s][info][gc,marking     ] GC(155) Concurrent Preclean 0.046ms
[478.520s][info][gc,start       ] GC(155) Pause Remark
[478.522s][info][gc             ] GC(155) Pause Remark 1479M->1479M(4096M) 2.398ms
[478.522s][info][gc,cpu         ] GC(155) User=0.02s Sys=0.00s Real=0.00s
[478.522s][info][gc,marking     ] GC(155) Concurrent Mark 479.915ms
[478.522s][info][gc,marking     ] GC(155) Concurrent Rebuild Remembered Sets and Scrub Regions
[478.705s][info][gc,marking     ] GC(155) Concurrent Rebuild Remembered Sets and Scrub Regions 183.176ms
[478.706s][info][gc,start       ] GC(155) Pause Cleanup
[478.706s][info][gc             ] GC(155) Pause Cleanup 1514M->1514M(4096M) 0.116ms
[478.706s][info][gc,cpu         ] GC(155) User=0.00s Sys=0.00s Real=0.00s
[478.706s][info][gc,marking     ] GC(155) Concurrent Clear Claimed Marks
[478.706s][info][gc,marking     ] GC(155) Concurrent Clear Claimed Marks 0.026ms
[478.706s][info][gc,marking     ] GC(155) Concurrent Cleanup for Next Mark
[478.709s][info][gc,marking     ] GC(155) Concurrent Cleanup for Next Mark 3.187ms
[478.709s][info][gc             ] GC(155) Concurrent Mark Cycle 779.405ms
............[491.142s][info][gc,start       ] GC(156) Pause Young (Prepare Mixed) (G1 Evacuation Pause)
[491.142s][info][gc,task        ] GC(156) Using 6 workers of 6 for evacuation
[491.258s][info][gc,phases      ] GC(156)   Pre Evacuate Collection Set: 0.37ms
[491.258s][info][gc,phases      ] GC(156)   Merge Heap Roots: 0.49ms
[491.258s][info][gc,phases      ] GC(156)   Evacuate Collection Set: 114.47ms
[491.258s][info][gc,phases      ] GC(156)   Post Evacuate Collection Set: 0.92ms
[491.258s][info][gc,phases      ] GC(156)   Other: 0.08ms
[491.258s][info][gc,heap        ] GC(156) Eden regions: 1121->0(1120)
[491.258s][info][gc,heap        ] GC(156) Survivor regions: 107->108(154)
[491.258s][info][gc,heap        ] GC(156) Old regions: 490->522
[491.258s][info][gc,heap        ] GC(156) Humongous regions: 77->77
[491.258s][info][gc,metaspace   ] GC(156) Metaspace: 28918K(29312K)->28918K(29312K) NonClass: 24032K(24192K)->24032K(24192K) Class: 4886K(5120K)->4886K(5120K)
[491.258s][info][gc             ] GC(156) Pause Young (Prepare Mixed) (G1 Evacuation Pause) 3589M->1413M(4096M) 116.455ms
[491.258s][info][gc,cpu         ] GC(156) User=0.69s Sys=0.00s Real=0.12s
.............[504.450s][info][gc,start       ] GC(157) Pause Young (Mixed) (G1 Evacuation Pause)
[504.450s][info][gc,task        ] GC(157) Using 6 workers of 6 for evacuation
[504.578s][info][gc,phases      ] GC(157)   Pre Evacuate Collection Set: 0.44ms
[504.578s][info][gc,phases      ] GC(157)   Merge Heap Roots: 0.52ms
[504.578s][info][gc,phases      ] GC(157)   Evacuate Collection Set: 126.14ms
[504.578s][info][gc,phases      ] GC(157)   Post Evacuate Collection Set: 0.96ms
[504.578s][info][gc,phases      ] GC(157)   Other: 0.09ms
[504.578s][info][gc,heap        ] GC(157) Eden regions: 1120->0(1119)
[504.578s][info][gc,heap        ] GC(157) Survivor regions: 108->109(154)
[504.578s][info][gc,heap        ] GC(157) Old regions: 522->465
[504.578s][info][gc,heap        ] GC(157) Humongous regions: 77->77
[504.578s][info][gc,metaspace   ] GC(157) Metaspace: 28918K(29312K)->28918K(29312K) NonClass: 24032K(24192K)->24032K(24192K) Class: 4886K(5120K)->4886K(5120K)
[504.578s][info][gc             ] GC(157) Pause Young (Mixed) (G1 Evacuation Pause) 3653M->1300M(4096M) 128.272ms
[504.578s][info][gc,cpu         ] GC(157) User=0.76s Sys=0.00s Real=0.13s
..............[517.771s][info][gc,start       ] GC(158) Pause Young (Concurrent Start) (G1 Evacuation Pause)
[517.771s][info][gc,task        ] GC(158) Using 6 workers of 6 for evacuation
[517.889s][info][gc,phases      ] GC(158)   Pre Evacuate Collection Set: 0.43ms
[517.889s][info][gc,phases      ] GC(158)   Merge Heap Roots: 0.46ms
[517.889s][info][gc,phases      ] GC(158)   Evacuate Collection Set: 116.14ms
[517.889s][info][gc,phases      ] GC(158)   Post Evacuate Collection Set: 0.92ms
[517.889s][info][gc,phases      ] GC(158)   Other: 0.13ms
[517.889s][info][gc,heap        ] GC(158) Eden regions: 1119->0(1120)
[517.889s][info][gc,heap        ] GC(158) Survivor regions: 109->108(154)
[517.889s][info][gc,heap        ] GC(158) Old regions: 465->498
[517.889s][info][gc,heap        ] GC(158) Humongous regions: 77->77
[517.889s][info][gc,metaspace   ] GC(158) Metaspace: 28918K(29312K)->28918K(29312K) NonClass: 24032K(24192K)->24032K(24192K) Class: 4886K(5120K)->4886K(5120K)
[517.889s][info][gc             ] GC(158) Pause Young (Concurrent Start) (G1 Evacuation Pause) 3538M->1364M(4096M) 118.227ms
[517.889s][info][gc             ] GC(159) Concurrent Mark Cycle
[517.889s][info][gc,marking     ] GC(159) Concurrent Scan Root Regions
[517.889s][info][gc,cpu         ] GC(158) User=0.70s Sys=0.00s Real=0.12s
[518.003s][info][gc,marking     ] GC(159) Concurrent Scan Root Regions 113.774ms
[518.003s][info][gc,marking     ] GC(159) Concurrent Mark
[518.003s][info][gc,marking     ] GC(159) Concurrent Mark From Roots
[518.003s][info][gc,task        ] GC(159) Using 2 workers of 2 for marking
[518.502s][info][gc,marking     ] GC(159) Concurrent Mark From Roots 499.133ms
[518.502s][info][gc,marking     ] GC(159) Concurrent Preclean
[518.502s][info][gc,marking     ] GC(159) Concurrent Preclean 0.044ms
[518.502s][info][gc,start       ] GC(159) Pause Remark
[518.505s][info][gc             ] GC(159) Pause Remark 1485M->1485M(4096M) 2.722ms
[518.505s][info][gc,cpu         ] GC(159) User=0.01s Sys=0.00s Real=0.01s
[518.505s][info][gc,marking     ] GC(159) Concurrent Mark 502.156ms
[518.505s][info][gc,marking     ] GC(159) Concurrent Rebuild Remembered Sets and Scrub Regions
.[518.701s][info][gc,marking     ] GC(159) Concurrent Rebuild Remembered Sets and Scrub Regions 196.077ms
[518.701s][info][gc,start       ] GC(159) Pause Cleanup
[518.702s][info][gc             ] GC(159) Pause Cleanup 1520M->1520M(4096M) 0.118ms
[518.702s][info][gc,cpu         ] GC(159) User=0.00s Sys=0.00s Real=0.00s
[518.702s][info][gc,marking     ] GC(159) Concurrent Clear Claimed Marks
[518.702s][info][gc,marking     ] GC(159) Concurrent Clear Claimed Marks 0.027ms
[518.702s][info][gc,marking     ] GC(159) Concurrent Cleanup for Next Mark
[518.705s][info][gc,marking     ] GC(159) Concurrent Cleanup for Next Mark 3.168ms
[518.705s][info][gc             ] GC(159) Concurrent Mark Cycle 815.619ms
............[531.180s][info][gc,start       ] GC(160) Pause Young (Prepare Mixed) (G1 Evacuation Pause)
[531.180s][info][gc,task        ] GC(160) Using 6 workers of 6 for evacuation
[531.296s][info][gc,phases      ] GC(160)   Pre Evacuate Collection Set: 0.40ms
[531.296s][info][gc,phases      ] GC(160)   Merge Heap Roots: 0.56ms
[531.296s][info][gc,phases      ] GC(160)   Evacuate Collection Set: 114.04ms
[531.296s][info][gc,phases      ] GC(160)   Post Evacuate Collection Set: 0.95ms
[531.296s][info][gc,phases      ] GC(160)   Other: 0.09ms
[531.296s][info][gc,heap        ] GC(160) Eden regions: 1120->0(1120)
[531.296s][info][gc,heap        ] GC(160) Survivor regions: 108->108(154)
[531.296s][info][gc,heap        ] GC(160) Old regions: 498->531
[531.296s][info][gc,heap        ] GC(160) Humongous regions: 77->77
[531.296s][info][gc,metaspace   ] GC(160) Metaspace: 28922K(29312K)->28922K(29312K) NonClass: 24036K(24192K)->24036K(24192K) Class: 4886K(5120K)->4886K(5120K)
[531.296s][info][gc             ] GC(160) Pause Young (Prepare Mixed) (G1 Evacuation Pause) 3604M->1429M(4096M) 116.180ms
[531.296s][info][gc,cpu         ] GC(160) User=0.69s Sys=0.00s Real=0.12s
.............[544.447s][info][gc,start       ] GC(161) Pause Young (Mixed) (G1 Evacuation Pause)
[544.447s][info][gc,task        ] GC(161) Using 6 workers of 6 for evacuation
[544.577s][info][gc,phases      ] GC(161)   Pre Evacuate Collection Set: 0.39ms
[544.577s][info][gc,phases      ] GC(161)   Merge Heap Roots: 0.60ms
[544.577s][info][gc,phases      ] GC(161)   Evacuate Collection Set: 127.49ms
[544.577s][info][gc,phases      ] GC(161)   Post Evacuate Collection Set: 0.99ms
[544.577s][info][gc,phases      ] GC(161)   Other: 0.09ms
[544.577s][info][gc,heap        ] GC(161) Eden regions: 1120->0(1121)
[544.577s][info][gc,heap        ] GC(161) Survivor regions: 108->107(154)
[544.577s][info][gc,heap        ] GC(161) Old regions: 531->464
[544.577s][info][gc,heap        ] GC(161) Humongous regions: 77->77
[544.577s][info][gc,metaspace   ] GC(161) Metaspace: 28923K(29312K)->28923K(29312K) NonClass: 24037K(24192K)->24037K(24192K) Class: 4886K(5120K)->4886K(5120K)
[544.577s][info][gc             ] GC(161) Pause Young (Mixed) (G1 Evacuation Pause) 3669M->1294M(4096M) 129.728ms
[544.577s][info][gc,cpu         ] GC(161) User=0.77s Sys=0.00s Real=0.13s
..............[557.991s][info][gc,start       ] GC(162) Pause Young (Concurrent Start) (G1 Evacuation Pause)
[557.991s][info][gc,task        ] GC(162) Using 6 workers of 6 for evacuation
[558.107s][info][gc,phases      ] GC(162)   Pre Evacuate Collection Set: 0.40ms
[558.107s][info][gc,phases      ] GC(162)   Merge Heap Roots: 0.48ms
[558.107s][info][gc,phases      ] GC(162)   Evacuate Collection Set: 114.95ms
[558.107s][info][gc,phases      ] GC(162)   Post Evacuate Collection Set: 0.87ms
[558.107s][info][gc,phases      ] GC(162)   Other: 0.11ms
[558.107s][info][gc,heap        ] GC(162) Eden regions: 1121->0(1121)
[558.107s][info][gc,heap        ] GC(162) Survivor regions: 107->107(154)
[558.107s][info][gc,heap        ] GC(162) Old regions: 464->497
[558.107s][info][gc,heap        ] GC(162) Humongous regions: 77->77
[558.107s][info][gc,metaspace   ] GC(162) Metaspace: 28924K(29312K)->28924K(29312K) NonClass: 24038K(24192K)->24038K(24192K) Class: 4886K(5120K)->4886K(5120K)
[558.107s][info][gc             ] GC(162) Pause Young (Concurrent Start) (G1 Evacuation Pause) 3536M->1360M(4096M) 116.929ms
[558.107s][info][gc             ] GC(163) Concurrent Mark Cycle
[558.107s][info][gc,marking     ] GC(163) Concurrent Scan Root Regions
[558.108s][info][gc,cpu         ] GC(162) User=0.70s Sys=0.00s Real=0.12s
[558.236s][info][gc,marking     ] GC(163) Concurrent Scan Root Regions 129.001ms
[558.237s][info][gc,marking     ] GC(163) Concurrent Mark
[558.237s][info][gc,marking     ] GC(163) Concurrent Mark From Roots
[558.237s][info][gc,task        ] GC(163) Using 2 workers of 2 for marking
.[558.742s][info][gc,marking     ] GC(163) Concurrent Mark From Roots 505.108ms
[558.742s][info][gc,marking     ] GC(163) Concurrent Preclean
[558.742s][info][gc,marking     ] GC(163) Concurrent Preclean 0.044ms
[558.742s][info][gc,start       ] GC(163) Pause Remark
[558.745s][info][gc             ] GC(163) Pause Remark 1493M->1493M(4096M) 2.658ms
[558.745s][info][gc,cpu         ] GC(163) User=0.01s Sys=0.00s Real=0.01s
[558.745s][info][gc,marking     ] GC(163) Concurrent Mark 508.060ms
[558.745s][info][gc,marking     ] GC(163) Concurrent Rebuild Remembered Sets and Scrub Regions
[558.947s][info][gc,marking     ] GC(163) Concurrent Rebuild Remembered Sets and Scrub Regions 202.200ms
[558.947s][info][gc,start       ] GC(163) Pause Cleanup
[558.947s][info][gc             ] GC(163) Pause Cleanup 1530M->1530M(4096M) 0.116ms
[558.947s][info][gc,cpu         ] GC(163) User=0.00s Sys=0.00s Real=0.00s
[558.947s][info][gc,marking     ] GC(163) Concurrent Clear Claimed Marks
[558.947s][info][gc,marking     ] GC(163) Concurrent Clear Claimed Marks 0.028ms
[558.947s][info][gc,marking     ] GC(163) Concurrent Cleanup for Next Mark
[558.951s][info][gc,marking     ] GC(163) Concurrent Cleanup for Next Mark 4.134ms
[558.951s][info][gc             ] GC(163) Concurrent Mark Cycle 843.857ms
... (rIR:aIR:PR = 1384:1384:1384) (tPR = 21140) [OK] 
   561s: 
   561s: Building throughput-responsetime curve
   561s: ( 0%)   IR =      0 ...|............................................................ (rIR:aIR:PR = 0:0:0) (tPR = 0) [OK] 
   624s: Performance info:
         Transaction,    Success,    Partial,     Failed,   Receipts, AvgBarcode, 
         Response times:
             Request,    Success,    Partial,     Failed,   SkipFail,     Probes,    Samples,      min,      p50,      p90,      p95,      p99,      max, 

   624s: ( 1%)   IR =    138 ....|............................................................ (rIR:aIR:PR = 138:138:138) (tPR = 2046) [OK] 
   688s: Performance info:
         Transaction,    Success,    Partial,     Failed,   Receipts, AvgBarcode, 
             Overall,       8287,          0,          0,       7871,      59.45, 
         Response times:
             Request,    Success,    Partial,     Failed,   SkipFail,     Probes,    Samples,      min,      p50,      p90,      p95,      p99,      max, 
       TotalPurchase,       7871,          0,          0,          0,       7252,       8261,      300,      400,      500,      600,      800,     1000,
     InStorePurchase,       4141,          0,          0,          0,       3893,       4366,      300,      400,      500,      600,      800,      900,
      OnlinePurchase,       2901,          0,          0,          0,       2638,       2996,      300,      400,      600,      700,      800,     1000,
        InstPurchase,        829,          0,          0,          0,        721,        899,      300,      500,      500,      600,      800,      800,
          AssocOfCat,         10,          0,          0,          0,          8,          8,    21000,    22000,    25000,    25000,    25000,    25000,
      AssocOfProduct,         82,          0,          0,          0,         77,         87,      300,      600,      700,      700,      800,      800,
      BusinessReport,         23,          0,          0,          0,         20,         22,    22000,    24000,    29000,    34100,    35000,    35000,
          CustBuyBeh,         83,          0,          0,          0,         80,         87,      100,      300,      320,      500,      500,      500,
       ProductReturn,        218,          0,          0,          0,        166,        230,      200,      300,      400,      500,      569,      600,

   688s: ( 2%)   IR =    277 ....|..........[703.687s][info][gc,start       ] GC(164) Pause Young (Prepare Mixed) (G1 Evacuation Pause)
[703.687s][info][gc,task        ] GC(164) Using 6 workers of 6 for evacuation
[703.803s][info][gc,phases      ] GC(164)   Pre Evacuate Collection Set: 0.32ms
[703.803s][info][gc,phases      ] GC(164)   Merge Heap Roots: 0.54ms
[703.803s][info][gc,phases      ] GC(164)   Evacuate Collection Set: 113.54ms
[703.803s][info][gc,phases      ] GC(164)   Post Evacuate Collection Set: 0.93ms
[703.803s][info][gc,phases      ] GC(164)   Other: 0.10ms
[703.803s][info][gc,heap        ] GC(164) Eden regions: 1121->0(1121)
[703.803s][info][gc,heap        ] GC(164) Survivor regions: 107->107(154)
[703.803s][info][gc,heap        ] GC(164) Old regions: 497->529
[703.803s][info][gc,heap        ] GC(164) Humongous regions: 77->77
[703.803s][info][gc,metaspace   ] GC(164) Metaspace: 28929K(29312K)->28929K(29312K) NonClass: 24042K(24192K)->24042K(24192K) Class: 4886K(5120K)->4886K(5120K)
[703.803s][info][gc             ] GC(164) Pause Young (Prepare Mixed) (G1 Evacuation Pause) 3602M->1425M(4096M) 115.559ms
[703.803s][info][gc,cpu         ] GC(164) User=0.69s Sys=0.00s Real=0.11s
.................................................. (rIR:aIR:PR = 277:277:277) (tPR = 4200) [OK] 
   752s: Performance info:
         Transaction,    Success,    Partial,     Failed,   Receipts, AvgBarcode, 
             Overall,      16650,          0,          0,      15814,      59.47, 
         Response times:
             Request,    Success,    Partial,     Failed,   SkipFail,     Probes,    Samples,      min,      p50,      p90,      p95,      p99,      max, 
       TotalPurchase,      15814,          0,          0,          0,      14973,      16636,      300,      500,      700,      800,     1000,   118000,
     InStorePurchase,       8323,          0,          0,          0,       7991,       8835,      300,      500,      700,      800,      900,   118000,
      OnlinePurchase,       5827,          0,          0,          0,       5510,       6109,      300,      500,      800,      800,     1000,   117000,
        InstPurchase,       1664,          0,          0,          0,       1472,       1692,      300,      500,      800,      900,     1000,     1700,
          AssocOfCat,         16,          0,          0,          0,         15,         16,    19200,    22500,    24000,    24000,    24000,    24000,
      AssocOfProduct,        169,          0,          0,          0,        121,        176,      300,      700,      800,      800,      823,      900,
      BusinessReport,         43,          0,          0,          0,         41,         44,    19900,    24000,    29000,    29000,    30000,    30000,
          CustBuyBeh,        166,          0,          0,          0,        119,        172,      200,      300,      600,      700,      827,      900,
       ProductReturn,        442,          0,          0,          0,        365,        483,      200,      400,      600,      700,      900,      900,

   752s: ( 3%)   IR =    415 ....|.......[764.690s][info][gc,start       ] GC(165) Pause Young (Mixed) (G1 Evacuation Pause)
[764.690s][info][gc,task        ] GC(165) Using 6 workers of 6 for evacuation
[764.819s][info][gc,phases      ] GC(165)   Pre Evacuate Collection Set: 0.41ms
[764.819s][info][gc,phases      ] GC(165)   Merge Heap Roots: 0.67ms
[764.819s][info][gc,phases      ] GC(165)   Evacuate Collection Set: 127.34ms
[764.819s][info][gc,phases      ] GC(165)   Post Evacuate Collection Set: 0.98ms
[764.819s][info][gc,phases      ] GC(165)   Other: 0.10ms
[764.819s][info][gc,heap        ] GC(165) Eden regions: 1121->0(1122)
[764.819s][info][gc,heap        ] GC(165) Survivor regions: 107->106(154)
[764.819s][info][gc,heap        ] GC(165) Old regions: 529->464
[764.819s][info][gc,heap        ] GC(165) Humongous regions: 77->77
[764.819s][info][gc,metaspace   ] GC(165) Metaspace: 28931K(29312K)->28931K(29312K) NonClass: 24044K(24192K)->24044K(24192K) Class: 4886K(5120K)->4886K(5120K)
[764.819s][info][gc             ] GC(165) Pause Young (Mixed) (G1 Evacuation Pause) 3667M->1292M(4096M) 129.622ms
[764.819s][info][gc,cpu         ] GC(165) User=0.77s Sys=0.00s Real=0.13s
.............................................[809.525s][info][gc,start       ] GC(166) Pause Young (Concurrent Start) (G1 Evacuation Pause)
[809.525s][info][gc,task        ] GC(166) Using 6 workers of 6 for evacuation
[809.640s][info][gc,phases      ] GC(166)   Pre Evacuate Collection Set: 0.40ms
[809.640s][info][gc,phases      ] GC(166)   Merge Heap Roots: 0.52ms
[809.640s][info][gc,phases      ] GC(166)   Evacuate Collection Set: 112.84ms
[809.640s][info][gc,phases      ] GC(166)   Post Evacuate Collection Set: 0.86ms
[809.640s][info][gc,phases      ] GC(166)   Other: 0.11ms
[809.640s][info][gc,heap        ] GC(166) Eden regions: 1122->0(1121)
[809.640s][info][gc,heap        ] GC(166) Survivor regions: 106->107(154)
[809.640s][info][gc,heap        ] GC(166) Old regions: 464->496
[809.640s][info][gc,heap        ] GC(166) Humongous regions: 77->77
[809.640s][info][gc,metaspace   ] GC(166) Metaspace: 28931K(29312K)->28931K(29312K) NonClass: 24044K(24192K)->24044K(24192K) Class: 4886K(5120K)->4886K(5120K)
[809.640s][info][gc             ] GC(166) Pause Young (Concurrent Start) (G1 Evacuation Pause) 3536M->1359M(4096M) 114.872ms
[809.640s][info][gc             ] GC(167) Concurrent Mark Cycle
[809.640s][info][gc,marking     ] GC(167) Concurrent Scan Root Regions
[809.640s][info][gc,cpu         ] GC(166) User=0.68s Sys=0.00s Real=0.11s
[809.745s][info][gc,marking     ] GC(167) Concurrent Scan Root Regions 104.660ms
[809.745s][info][gc,marking     ] GC(167) Concurrent Mark
[809.745s][info][gc,marking     ] GC(167) Concurrent Mark From Roots
[809.745s][info][gc,task        ] GC(167) Using 2 workers of 2 for marking
.[810.231s][info][gc,marking     ] GC(167) Concurrent Mark From Roots 485.922ms
[810.231s][info][gc,marking     ] GC(167) Concurrent Preclean
[810.231s][info][gc,marking     ] GC(167) Concurrent Preclean 0.049ms
[810.231s][info][gc,start       ] GC(167) Pause Remark
[810.233s][info][gc             ] GC(167) Pause Remark 1394M->1394M(4096M) 2.217ms
[810.233s][info][gc,cpu         ] GC(167) User=0.01s Sys=0.00s Real=0.00s
[810.233s][info][gc,marking     ] GC(167) Concurrent Mark 488.430ms
[810.233s][info][gc,marking     ] GC(167) Concurrent Rebuild Remembered Sets and Scrub Regions
[810.421s][info][gc,marking     ] GC(167) Concurrent Rebuild Remembered Sets and Scrub Regions 187.608ms
[810.421s][info][gc,start       ] GC(167) Pause Cleanup
[810.421s][info][gc             ] GC(167) Pause Cleanup 1400M->1400M(4096M) 0.130ms
[810.421s][info][gc,cpu         ] GC(167) User=0.00s Sys=0.00s Real=0.00s
[810.421s][info][gc,marking     ] GC(167) Concurrent Clear Claimed Marks
[810.421s][info][gc,marking     ] GC(167) Concurrent Clear Claimed Marks 0.026ms
[810.421s][info][gc,marking     ] GC(167) Concurrent Cleanup for Next Mark
[810.425s][info][gc,marking     ] GC(167) Concurrent Cleanup for Next Mark 3.474ms
[810.425s][info][gc             ] GC(167) Concurrent Mark Cycle 784.616ms
....... (rIR:aIR:PR = 415:415:415) (tPR = 6199) [OK] 
   816s: Performance info:
         Transaction,    Success,    Partial,     Failed,   Receipts, AvgBarcode, 
             Overall,      24932,          0,          0,      23689,      59.47, 
         Response times:
             Request,    Success,    Partial,     Failed,   SkipFail,     Probes,    Samples,      min,      p50,      p90,      p95,      p99,      max, 
       TotalPurchase,      23689,          0,          0,          0,      22632,      24909,      300,      600,      900,     1000,     1200,   133000,
     InStorePurchase,      12464,          0,          0,          0,      12035,      13170,      300,      600,      900,     1000,     1300,   117000,
      OnlinePurchase,       8728,          0,          0,          0,       8311,       9126,      300,      600,      900,     1000,     1200,   133000,
        InstPurchase,       2497,          0,          0,          0,       2286,       2613,      300,      600,      900,     1000,     1200,   117000,
          AssocOfCat,         28,          0,          0,          0,         26,         26,    17900,    22000,    24300,    26300,    27000,    27000,
      AssocOfProduct,        248,          0,          0,          0,        186,        244,      300,      700,     1000,     1000,     2400,   116000,
      BusinessReport,         63,          0,          0,          0,         59,         66,    19400,    25000,    30000,    30000,    34000,    34000,
          CustBuyBeh,        246,          0,          0,          0,        205,        297,      100,      400,      700,      800,     1000,     1000,
       ProductReturn,        658,          0,          0,          0,        547,        671,      200,      500,      780,      900,     1100,     1700,

   816s: ( 4%)   IR =    553 ....|........................[844.892s][info][gc,start       ] GC(168) Pause Young (Prepare Mixed) (G1 Evacuation Pause)
[844.892s][info][gc,task        ] GC(168) Using 6 workers of 6 for evacuation
[845.006s][info][gc,phases      ] GC(168)   Pre Evacuate Collection Set: 0.37ms
[845.006s][info][gc,phases      ] GC(168)   Merge Heap Roots: 0.55ms
[845.006s][info][gc,phases      ] GC(168)   Evacuate Collection Set: 112.36ms
[845.006s][info][gc,phases      ] GC(168)   Post Evacuate Collection Set: 0.92ms
[845.006s][info][gc,phases      ] GC(168)   Other: 0.10ms
[845.006s][info][gc,heap        ] GC(168) Eden regions: 1121->0(1120)
[845.006s][info][gc,heap        ] GC(168) Survivor regions: 107->108(154)
[845.006s][info][gc,heap        ] GC(168) Old regions: 496->529
[845.006s][info][gc,heap        ] GC(168) Humongous regions: 77->77
[845.006s][info][gc,metaspace   ] GC(168) Metaspace: 28937K(29312K)->28937K(29312K) NonClass: 24051K(24192K)->24051K(24192K) Class: 4886K(5120K)->4886K(5120K)
[845.006s][info][gc             ] GC(168) Pause Young (Prepare Mixed) (G1 Evacuation Pause) 3601M->1425M(4096M) 114.428ms
[845.006s][info][gc,cpu         ] GC(168) User=0.68s Sys=0.00s Real=0.12s
..................................[879.134s][info][gc,start       ] GC(169) Pause Young (Mixed) (G1 Evacuation Pause)
[879.134s][info][gc,task        ] GC(169) Using 6 workers of 6 for evacuation
[879.265s][info][gc,phases      ] GC(169)   Pre Evacuate Collection Set: 0.36ms
[879.265s][info][gc,phases      ] GC(169)   Merge Heap Roots: 0.66ms
[879.265s][info][gc,phases      ] GC(169)   Evacuate Collection Set: 129.03ms
[879.265s][info][gc,phases      ] GC(169)   Post Evacuate Collection Set: 1.00ms
[879.265s][info][gc,phases      ] GC(169)   Other: 0.10ms
[879.265s][info][gc,heap        ] GC(169) Eden regions: 1120->0(1120)
[879.265s][info][gc,heap        ] GC(169) Survivor regions: 108->108(154)
[879.265s][info][gc,heap        ] GC(169) Old regions: 529->465
[879.265s][info][gc,heap        ] GC(169) Humongous regions: 77->77
[879.265s][info][gc,metaspace   ] GC(169) Metaspace: 28938K(29312K)->28938K(29312K) NonClass: 24052K(24192K)->24052K(24192K) Class: 4886K(5120K)->4886K(5120K)
[879.265s][info][gc             ] GC(169) Pause Young (Mixed) (G1 Evacuation Pause) 3665M->1297M(4096M) 131.297ms
[879.265s][info][gc,cpu         ] GC(169) User=0.78s Sys=0.01s Real=0.13s
.. (rIR:aIR:PR = 553:553:553) (tPR = 8296) [OK] 
   880s: Performance info:
         Transaction,    Success,    Partial,     Failed,   Receipts, AvgBarcode, 
             Overall,      33186,          0,          0,      31528,      59.47, 
         Response times:
             Request,    Success,    Partial,     Failed,   SkipFail,     Probes,    Samples,      min,      p50,      p90,      p95,      p99,      max, 
       TotalPurchase,      31528,          0,          0,          0,      30165,      32997,      300,      700,     1100,     1200,     1400,   133000,
     InStorePurchase,      16596,          0,          0,          0,      15960,      17337,      300,      700,     1000,     1100,     1400,   116000,
      OnlinePurchase,      11608,          0,          0,          0,      11137,      12237,      300,      800,     1100,     1200,     1500,   133000,
        InstPurchase,       3324,          0,          0,          0,       3068,       3423,      400,      800,     1100,     1200,     1500,   116000,
          AssocOfCat,         32,          0,          0,          0,         29,         34,    18200,    24000,    27000,    32750,    35000,    35000,
      AssocOfProduct,        334,          0,          0,          0,        255,        336,      500,      800,     1000,     1100,     1300,     1500,
      BusinessReport,         82,          0,          0,          0,         75,         87,    19800,    25000,    31000,    31600,    40000,    40000,
          CustBuyBeh,        332,          0,          0,          0,        263,        339,      200,      600,      900,     1100,     1760,     2000,
       ProductReturn,        878,          0,          0,          0,        781,        982,      200,      500,      900,     1000,     1200,   116000,

   880s: ( 5%)   IR =    692 ....|......................[907.009s][info][gc,start       ] GC(170) Pause Young (Concurrent Start) (G1 Evacuation Pause)
[907.009s][info][gc,task        ] GC(170) Using 6 workers of 6 for evacuation
[907.126s][info][gc,phases      ] GC(170)   Pre Evacuate Collection Set: 0.38ms
[907.126s][info][gc,phases      ] GC(170)   Merge Heap Roots: 0.53ms
[907.126s][info][gc,phases      ] GC(170)   Evacuate Collection Set: 114.65ms
[907.126s][info][gc,phases      ] GC(170)   Post Evacuate Collection Set: 0.91ms
[907.126s][info][gc,phases      ] GC(170)   Other: 0.12ms
[907.126s][info][gc,heap        ] GC(170) Eden regions: 1120->0(1119)
[907.126s][info][gc,heap        ] GC(170) Survivor regions: 108->109(154)
[907.126s][info][gc,heap        ] GC(170) Old regions: 465->496
[907.126s][info][gc,heap        ] GC(170) Humongous regions: 77->77
[907.126s][info][gc,metaspace   ] GC(170) Metaspace: 28939K(29312K)->28939K(29312K) NonClass: 24053K(24192K)->24053K(24192K) Class: 4886K(5120K)->4886K(5120K)
[907.126s][info][gc             ] GC(170) Pause Young (Concurrent Start) (G1 Evacuation Pause) 3537M->1361M(4096M) 116.728ms
[907.126s][info][gc             ] GC(171) Concurrent Mark Cycle
[907.126s][info][gc,marking     ] GC(171) Concurrent Scan Root Regions
[907.126s][info][gc,cpu         ] GC(170) User=0.70s Sys=0.00s Real=0.12s
[907.245s][info][gc,marking     ] GC(171) Concurrent Scan Root Regions 118.860ms
[907.245s][info][gc,marking     ] GC(171) Concurrent Mark
[907.245s][info][gc,marking     ] GC(171) Concurrent Mark From Roots
[907.245s][info][gc,task        ] GC(171) Using 2 workers of 2 for marking
[907.751s][info][gc,marking     ] GC(171) Concurrent Mark From Roots 506.494ms
[907.751s][info][gc,marking     ] GC(171) Concurrent Preclean
[907.751s][info][gc,marking     ] GC(171) Concurrent Preclean 0.047ms
[907.751s][info][gc,start       ] GC(171) Pause Remark
[907.754s][info][gc             ] GC(171) Pause Remark 1429M->1429M(4096M) 2.392ms
[907.754s][info][gc,cpu         ] GC(171) User=0.01s Sys=0.00s Real=0.01s
[907.754s][info][gc,marking     ] GC(171) Concurrent Mark 509.153ms
[907.754s][info][gc,marking     ] GC(171) Concurrent Rebuild Remembered Sets and Scrub Regions
.[907.943s][info][gc,marking     ] GC(171) Concurrent Rebuild Remembered Sets and Scrub Regions 189.319ms
[907.943s][info][gc,start       ] GC(171) Pause Cleanup
[907.943s][info][gc             ] GC(171) Pause Cleanup 1441M->1441M(4096M) 0.114ms
[907.943s][info][gc,cpu         ] GC(171) User=0.00s Sys=0.00s Real=0.00s
[907.943s][info][gc,marking     ] GC(171) Concurrent Clear Claimed Marks
[907.943s][info][gc,marking     ] GC(171) Concurrent Clear Claimed Marks 0.028ms
[907.943s][info][gc,marking     ] GC(171) Concurrent Cleanup for Next Mark
[907.947s][info][gc,marking     ] GC(171) Concurrent Cleanup for Next Mark 3.178ms
[907.947s][info][gc             ] GC(171) Concurrent Mark Cycle 820.927ms
..........................[934.288s][info][gc,start       ] GC(172) Pause Young (Prepare Mixed) (G1 Evacuation Pause)
[934.288s][info][gc,task        ] GC(172) Using 6 workers of 6 for evacuation
[934.404s][info][gc,phases      ] GC(172)   Pre Evacuate Collection Set: 0.34ms
[934.404s][info][gc,phases      ] GC(172)   Merge Heap Roots: 0.53ms
[934.404s][info][gc,phases      ] GC(172)   Evacuate Collection Set: 114.90ms
[934.404s][info][gc,phases      ] GC(172)   Post Evacuate Collection Set: 0.96ms
[934.404s][info][gc,phases      ] GC(172)   Other: 0.08ms
[934.404s][info][gc,heap        ] GC(172) Eden regions: 1119->0(1119)
[934.404s][info][gc,heap        ] GC(172) Survivor regions: 109->109(154)
[934.404s][info][gc,heap        ] GC(172) Old regions: 496->528
[934.404s][info][gc,heap        ] GC(172) Humongous regions: 77->77
[934.404s][info][gc,metaspace   ] GC(172) Metaspace: 28943K(29312K)->28943K(29312K) NonClass: 24057K(24192K)->24057K(24192K) Class: 4886K(5120K)->4886K(5120K)
[934.404s][info][gc             ] GC(172) Pause Young (Prepare Mixed) (G1 Evacuation Pause) 3599M->1426M(4096M) 116.940ms
[934.404s][info][gc,cpu         ] GC(172) User=0.69s Sys=0.00s Real=0.12s
........... (rIR:aIR:PR = 692:692:692) (tPR = 10605) [OK] 
   944s: Performance info:
         Transaction,    Success,    Partial,     Failed,   Receipts, AvgBarcode, 
             Overall,      41534,          0,          0,      39467,      59.48, 
         Response times:
             Request,    Success,    Partial,     Failed,   SkipFail,     Probes,    Samples,      min,      p50,      p90,      p95,      p99,      max, 
       TotalPurchase,      39467,          0,          0,          0,      37958,      41545,      300,      800,     1200,     1400,     1700,   125000,
     InStorePurchase,      20775,          0,          0,          0,      20027,      21802,      300,      800,     1200,     1400,     1700,   122000,
      OnlinePurchase,      14539,          0,          0,          0,      14035,      15356,      300,      800,     1200,     1400,     1700,   125000,
        InstPurchase,       4153,          0,          0,          0,       3896,       4387,      400,      800,     1200,     1400,     1612,   122000,
          AssocOfCat,         42,          0,          0,          0,         39,         44,    18700,    23000,    28000,    31250,    37000,    37000,
      AssocOfProduct,        414,          0,          0,          0,        313,        383,      500,      800,     1100,     1200,     1500,   120000,
      BusinessReport,        103,          0,          0,          0,         99,        109,    19600,    26000,    32000,    33500,    70000,    71000,
          CustBuyBeh,        415,          0,          0,          0,        332,        414,      200,      700,     1100,     1300,     1400,     1500,
       ProductReturn,       1093,          0,          0,          0,        922,       1078,      200,      600,     1100,     1200,     1500,     6700,

   944s: ( 6%)   IR =    830 .....|.........[958.957s][info][gc,start       ] GC(173) Pause Young (Mixed) (G1 Evacuation Pause)
[958.957s][info][gc,task        ] GC(173) Using 6 workers of 6 for evacuation
[959.086s][info][gc,phases      ] GC(173)   Pre Evacuate Collection Set: 0.38ms
[959.086s][info][gc,phases      ] GC(173)   Merge Heap Roots: 0.67ms
[959.086s][info][gc,phases      ] GC(173)   Evacuate Collection Set: 127.58ms
[959.086s][info][gc,phases      ] GC(173)   Post Evacuate Collection Set: 0.95ms
[959.086s][info][gc,phases      ] GC(173)   Other: 0.09ms
[959.086s][info][gc,heap        ] GC(173) Eden regions: 1119->0(1119)
[959.086s][info][gc,heap        ] GC(173) Survivor regions: 109->109(154)
[959.086s][info][gc,heap        ] GC(173) Old regions: 528->463
[959.086s][info][gc,heap        ] GC(173) Humongous regions: 77->77
[959.086s][info][gc,metaspace   ] GC(173) Metaspace: 28946K(29312K)->28946K(29312K) NonClass: 24060K(24192K)->24060K(24192K) Class: 4886K(5120K)->4886K(5120K)
[959.086s][info][gc             ] GC(173) Pause Young (Mixed) (G1 Evacuation Pause) 3664M->1296M(4096M) 129.791ms
[959.086s][info][gc,cpu         ] GC(173) User=0.77s Sys=0.00s Real=0.13s
......................[981.862s][info][gc,start       ] GC(174) Pause Young (Concurrent Start) (G1 Evacuation Pause)
[981.862s][info][gc,task        ] GC(174) Using 6 workers of 6 for evacuation
[981.979s][info][gc,phases      ] GC(174)   Pre Evacuate Collection Set: 0.43ms
[981.979s][info][gc,phases      ] GC(174)   Merge Heap Roots: 0.50ms
[981.979s][info][gc,phases      ] GC(174)   Evacuate Collection Set: 115.33ms
[981.979s][info][gc,phases      ] GC(174)   Post Evacuate Collection Set: 0.92ms
[981.979s][info][gc,phases      ] GC(174)   Other: 0.10ms
[981.979s][info][gc,heap        ] GC(174) Eden regions: 1119->0(1118)
[981.979s][info][gc,heap        ] GC(174) Survivor regions: 109->110(154)
[981.979s][info][gc,heap        ] GC(174) Old regions: 463->495
[981.979s][info][gc,heap        ] GC(174) Humongous regions: 77->77
[981.979s][info][gc,metaspace   ] GC(174) Metaspace: 28946K(29312K)->28946K(29312K) NonClass: 24060K(24192K)->24060K(24192K) Class: 4886K(5120K)->4886K(5120K)
[981.979s][info][gc             ] GC(174) Pause Young (Concurrent Start) (G1 Evacuation Pause) 3534M->1362M(4096M) 117.416ms
[981.979s][info][gc             ] GC(175) Concurrent Mark Cycle
[981.979s][info][gc,marking     ] GC(175) Concurrent Scan Root Regions
[981.979s][info][gc,cpu         ] GC(174) User=0.70s Sys=0.00s Real=0.12s
.[982.094s][info][gc,marking     ] GC(175) Concurrent Scan Root Regions 114.649ms
[982.094s][info][gc,marking     ] GC(175) Concurrent Mark
[982.094s][info][gc,marking     ] GC(175) Concurrent Mark From Roots
[982.094s][info][gc,task        ] GC(175) Using 2 workers of 2 for marking
[982.592s][info][gc,marking     ] GC(175) Concurrent Mark From Roots 497.822ms
[982.592s][info][gc,marking     ] GC(175) Concurrent Preclean
[982.592s][info][gc,marking     ] GC(175) Concurrent Preclean 0.051ms
[982.592s][info][gc,start       ] GC(175) Pause Remark
[982.595s][info][gc             ] GC(175) Pause Remark 1428M->1428M(4096M) 2.544ms
[982.595s][info][gc,cpu         ] GC(175) User=0.01s Sys=0.00s Real=0.01s
[982.595s][info][gc,marking     ] GC(175) Concurrent Mark 500.660ms
[982.595s][info][gc,marking     ] GC(175) Concurrent Rebuild Remembered Sets and Scrub Regions
[982.796s][info][gc,marking     ] GC(175) Concurrent Rebuild Remembered Sets and Scrub Regions 201.400ms
[982.796s][info][gc,start       ] GC(175) Pause Cleanup
[982.796s][info][gc             ] GC(175) Pause Cleanup 1453M->1453M(4096M) 0.119ms
[982.796s][info][gc,cpu         ] GC(175) User=0.00s Sys=0.00s Real=0.00s
[982.796s][info][gc,marking     ] GC(175) Concurrent Clear Claimed Marks
[982.796s][info][gc,marking     ] GC(175) Concurrent Clear Claimed Marks 0.027ms
[982.796s][info][gc,marking     ] GC(175) Concurrent Cleanup for Next Mark
[982.800s][info][gc,marking     ] GC(175) Concurrent Cleanup for Next Mark 3.186ms
[982.800s][info][gc             ] GC(175) Concurrent Mark Cycle 820.356ms
......................[1004.644s][info][gc,start       ] GC(176) Pause Young (Prepare Mixed) (G1 Evacuation Pause)
[1004.644s][info][gc,task        ] GC(176) Using 6 workers of 6 for evacuation
[1004.759s][info][gc,phases      ] GC(176)   Pre Evacuate Collection Set: 0.38ms
[1004.759s][info][gc,phases      ] GC(176)   Merge Heap Roots: 0.52ms
[1004.759s][info][gc,phases      ] GC(176)   Evacuate Collection Set: 112.88ms
[1004.759s][info][gc,phases      ] GC(176)   Post Evacuate Collection Set: 0.90ms
[1004.759s][info][gc,phases      ] GC(176)   Other: 0.09ms
[1004.759s][info][gc,heap        ] GC(176) Eden regions: 1118->0(1120)
[1004.759s][info][gc,heap        ] GC(176) Survivor regions: 110->108(154)
[1004.759s][info][gc,heap        ] GC(176) Old regions: 495->526
[1004.759s][info][gc,heap        ] GC(176) Humongous regions: 77->77
[1004.759s][info][gc,metaspace   ] GC(176) Metaspace: 28946K(29312K)->28946K(29312K) NonClass: 24060K(24192K)->24060K(24192K) Class: 4886K(5120K)->4886K(5120K)
[1004.759s][info][gc             ] GC(176) Pause Young (Prepare Mixed) (G1 Evacuation Pause) 3598M->1421M(4096M) 114.905ms
[1004.759s][info][gc,cpu         ] GC(176) User=0.69s Sys=0.00s Real=0.11s
...... (rIR:aIR:PR = 830:830:830) (tPR = 12426) [OK] 
  1009s: Performance info:
         Transaction,    Success,    Partial,     Failed,   Receipts, AvgBarcode, 
             Overall,      49876,          0,          0,      47390,      59.47, 
         Response times:
             Request,    Success,    Partial,     Failed,   SkipFail,     Probes,    Samples,      min,      p50,      p90,      p95,      p99,      max, 
       TotalPurchase,      47390,          0,          0,          0,      45623,      50352,      300,     1000,     1400,     1500,     2000,   135000,
     InStorePurchase,      24956,          0,          0,          0,      24160,      26532,      300,     1000,     1400,     1500,     2000,   135000,
      OnlinePurchase,      17443,          0,          0,          0,      16731,      18539,      300,      900,     1300,     1500,     1900,   134000,
        InstPurchase,       4991,          0,          0,          0,       4732,       5281,      400,     1100,     1500,     1600,     2400,   135000,
          AssocOfCat,         49,          0,          0,          0,         46,         53,    18000,    23000,    27000,    29300,    31000,    31000,
      AssocOfProduct,        498,          0,          0,          0,        421,        569,      300,     1100,     1600,     1700,     2000,     3400,
      BusinessReport,        124,          0,          0,          0,         90,        131,    21000,    27000,    31000,    32400,   128680,   153000,
          CustBuyBeh,        497,          0,          0,          0,        417,        538,      200,      800,     1210,     1400,     1922,     8700,
       ProductReturn,       1318,          0,          0,          0,       1178,       1399,      200,      900,     1300,     1400,     2100,    10300,

  1009s: ( 7%)   IR =    969 ....|..........[1024.916s][info][gc,start       ] GC(177) Pause Young (Mixed) (G1 Evacuation Pause)
[1024.916s][info][gc,task        ] GC(177) Using 6 workers of 6 for evacuation
[1025.048s][info][gc,phases      ] GC(177)   Pre Evacuate Collection Set: 0.37ms
[1025.048s][info][gc,phases      ] GC(177)   Merge Heap Roots: 0.63ms
[1025.048s][info][gc,phases      ] GC(177)   Evacuate Collection Set: 129.75ms
[1025.048s][info][gc,phases      ] GC(177)   Post Evacuate Collection Set: 0.96ms
[1025.048s][info][gc,phases      ] GC(177)   Other: 0.09ms
[1025.048s][info][gc,heap        ] GC(177) Eden regions: 1120->0(1117)
[1025.048s][info][gc,heap        ] GC(177) Survivor regions: 108->111(154)
[1025.048s][info][gc,heap        ] GC(177) Old regions: 526->462
[1025.048s][info][gc,heap        ] GC(177) Humongous regions: 77->77
[1025.048s][info][gc,metaspace   ] GC(177) Metaspace: 28947K(29312K)->28947K(29312K) NonClass: 24061K(24192K)->24061K(24192K) Class: 4886K(5120K)->4886K(5120K)
[1025.048s][info][gc             ] GC(177) Pause Young (Mixed) (G1 Evacuation Pause) 3661M->1297M(4096M) 131.960ms
[1025.048s][info][gc,cpu         ] GC(177) User=0.78s Sys=0.01s Real=0.13s
....................[1044.684s][info][gc,start       ] GC(178) Pause Young (Concurrent Start) (G1 Evacuation Pause)
[1044.684s][info][gc,task        ] GC(178) Using 6 workers of 6 for evacuation
[1044.799s][info][gc,phases      ] GC(178)   Pre Evacuate Collection Set: 0.41ms
[1044.799s][info][gc,phases      ] GC(178)   Merge Heap Roots: 0.49ms
[1044.799s][info][gc,phases      ] GC(178)   Evacuate Collection Set: 113.54ms
[1044.799s][info][gc,phases      ] GC(178)   Post Evacuate Collection Set: 0.88ms
[1044.799s][info][gc,phases      ] GC(178)   Other: 0.10ms
[1044.799s][info][gc,heap        ] GC(178) Eden regions: 1117->0(1120)
[1044.799s][info][gc,heap        ] GC(178) Survivor regions: 111->108(154)
[1044.799s][info][gc,heap        ] GC(178) Old regions: 462->493
[1044.799s][info][gc,heap        ] GC(178) Humongous regions: 77->77
[1044.799s][info][gc,metaspace   ] GC(178) Metaspace: 28949K(29312K)->28949K(29312K) NonClass: 24063K(24192K)->24063K(24192K) Class: 4886K(5120K)->4886K(5120K)
[1044.799s][info][gc             ] GC(178) Pause Young (Concurrent Start) (G1 Evacuation Pause) 3531M->1355M(4096M) 115.534ms
[1044.799s][info][gc             ] GC(179) Concurrent Mark Cycle
[1044.799s][info][gc,marking     ] GC(179) Concurrent Scan Root Regions
[1044.799s][info][gc,cpu         ] GC(178) User=0.68s Sys=0.00s Real=0.11s
[1044.909s][info][gc,marking     ] GC(179) Concurrent Scan Root Regions 109.699ms
[1044.909s][info][gc,marking     ] GC(179) Concurrent Mark
[1044.909s][info][gc,marking     ] GC(179) Concurrent Mark From Roots
[1044.909s][info][gc,task        ] GC(179) Using 2 workers of 2 for marking
.[1045.426s][info][gc,marking     ] GC(179) Concurrent Mark From Roots 516.556ms
[1045.426s][info][gc,marking     ] GC(179) Concurrent Preclean
[1045.426s][info][gc,marking     ] GC(179) Concurrent Preclean 0.049ms
[1045.426s][info][gc,start       ] GC(179) Pause Remark
[1045.428s][info][gc             ] GC(179) Pause Remark 1454M->1454M(4096M) 2.510ms
[1045.428s][info][gc,cpu         ] GC(179) User=0.01s Sys=0.00s Real=0.00s
[1045.429s][info][gc,marking     ] GC(179) Concurrent Mark 519.352ms
[1045.429s][info][gc,marking     ] GC(179) Concurrent Rebuild Remembered Sets and Scrub Regions
[1045.622s][info][gc,marking     ] GC(179) Concurrent Rebuild Remembered Sets and Scrub Regions 193.388ms
[1045.622s][info][gc,start       ] GC(179) Pause Cleanup
[1045.622s][info][gc             ] GC(179) Pause Cleanup 1476M->1476M(4096M) 0.115ms
[1045.622s][info][gc,cpu         ] GC(179) User=0.00s Sys=0.00s Real=0.00s
[1045.622s][info][gc,marking     ] GC(179) Concurrent Clear Claimed Marks
[1045.622s][info][gc,marking     ] GC(179) Concurrent Clear Claimed Marks 0.038ms
[1045.622s][info][gc,marking     ] GC(179) Concurrent Cleanup for Next Mark
[1045.626s][info][gc,marking     ] GC(179) Concurrent Cleanup for Next Mark 3.798ms
[1045.626s][info][gc             ] GC(179) Concurrent Mark Cycle 826.704ms
...................[1064.476s][info][gc,start       ] GC(180) Pause Young (Prepare Mixed) (G1 Evacuation Pause)
[1064.476s][info][gc,task        ] GC(180) Using 6 workers of 6 for evacuation
[1064.594s][info][gc,phases      ] GC(180)   Pre Evacuate Collection Set: 0.35ms
[1064.594s][info][gc,phases      ] GC(180)   Merge Heap Roots: 0.59ms
[1064.594s][info][gc,phases      ] GC(180)   Evacuate Collection Set: 115.19ms
[1064.594s][info][gc,phases      ] GC(180)   Post Evacuate Collection Set: 0.91ms
[1064.594s][info][gc,phases      ] GC(180)   Other: 0.09ms
[1064.594s][info][gc,heap        ] GC(180) Eden regions: 1120->0(1118)
[1064.594s][info][gc,heap        ] GC(180) Survivor regions: 108->110(154)
[1064.594s][info][gc,heap        ] GC(180) Old regions: 493->525
[1064.594s][info][gc,heap        ] GC(180) Humongous regions: 77->77
[1064.594s][info][gc,metaspace   ] GC(180) Metaspace: 28949K(29312K)->28949K(29312K) NonClass: 24063K(24192K)->24063K(24192K) Class: 4886K(5120K)->4886K(5120K)
[1064.594s][info][gc             ] GC(180) Pause Young (Prepare Mixed) (G1 Evacuation Pause) 3595M->1422M(4096M) 117.287ms
[1064.594s][info][gc,cpu         ] GC(180) User=0.70s Sys=0.00s Real=0.12s
.......... (rIR:aIR:PR = 969:969:969) (tPR = 14546) [OK] 
  1073s: Performance info:
         Transaction,    Success,    Partial,     Failed,   Receipts, AvgBarcode, 
             Overall,      58188,          0,          0,      55283,      59.48, 
         Response times:
             Request,    Success,    Partial,     Failed,   SkipFail,     Probes,    Samples,      min,      p50,      p90,      p95,      p99,      max, 
       TotalPurchase,      55283,          0,          0,          0,      53479,      58187,      300,     1100,     1500,     1700,     2200,   135000,
     InStorePurchase,      29107,          0,          0,          0,      28257,      30644,      300,     1000,     1500,     1700,     2100,   135000,
      OnlinePurchase,      20360,          0,          0,          0,      19702,      21375,      300,     1100,     1600,     1700,     2300,   135000,
        InstPurchase,       5816,          0,          0,          0,       5520,       6168,      300,      900,     1400,     1600,     2000,   134000,
          AssocOfCat,         59,          0,          0,          0,         53,         62,    18300,    24000,    26000,    29550,    56000,    56000,
      AssocOfProduct,        582,          0,          0,          0,        490,        626,      500,     1200,     1500,     1600,     2173,     4800,
      BusinessReport,        146,          0,          0,          0,        114,        168,    19700,    27000,    34000,    44000,   148960,   160000,
          CustBuyBeh,        576,          0,          0,          0,        482,        638,      300,      900,     1300,     1500,     1800,     2600,
       ProductReturn,       1542,          0,          0,          0,       1370,       1595,      200,     1100,     1500,     1700,     2100,    10900,

  1073s: ( 8%)   IR =   1107 ....|....[1082.944s][info][gc,start       ] GC(181) Pause Young (Mixed) (G1 Evacuation Pause)
[1082.944s][info][gc,task        ] GC(181) Using 6 workers of 6 for evacuation
[1083.072s][info][gc,phases      ] GC(181)   Pre Evacuate Collection Set: 0.36ms
[1083.072s][info][gc,phases      ] GC(181)   Merge Heap Roots: 0.62ms
[1083.072s][info][gc,phases      ] GC(181)   Evacuate Collection Set: 126.19ms
[1083.072s][info][gc,phases      ] GC(181)   Post Evacuate Collection Set: 0.94ms
[1083.072s][info][gc,phases      ] GC(181)   Other: 0.11ms
[1083.072s][info][gc,heap        ] GC(181) Eden regions: 1118->0(1119)
[1083.072s][info][gc,heap        ] GC(181) Survivor regions: 110->109(154)
[1083.072s][info][gc,heap        ] GC(181) Old regions: 525->464
[1083.072s][info][gc,heap        ] GC(181) Humongous regions: 77->77
[1083.072s][info][gc,metaspace   ] GC(181) Metaspace: 28953K(29376K)->28953K(29376K) NonClass: 24067K(24256K)->24067K(24256K) Class: 4886K(5120K)->4886K(5120K)
[1083.072s][info][gc             ] GC(181) Pause Young (Mixed) (G1 Evacuation Pause) 3658M->1298M(4096M) 128.371ms
[1083.072s][info][gc,cpu         ] GC(181) User=0.77s Sys=0.00s Real=0.12s
.................[1100.077s][info][gc,start       ] GC(182) Pause Young (Concurrent Start) (G1 Evacuation Pause)
[1100.077s][info][gc,task        ] GC(182) Using 6 workers of 6 for evacuation
[1100.192s][info][gc,phases      ] GC(182)   Pre Evacuate Collection Set: 0.44ms
[1100.192s][info][gc,phases      ] GC(182)   Merge Heap Roots: 0.54ms
[1100.192s][info][gc,phases      ] GC(182)   Evacuate Collection Set: 113.04ms
[1100.192s][info][gc,phases      ] GC(182)   Post Evacuate Collection Set: 0.91ms
[1100.192s][info][gc,phases      ] GC(182)   Other: 0.12ms
[1100.192s][info][gc,heap        ] GC(182) Eden regions: 1119->0(1120)
[1100.192s][info][gc,heap        ] GC(182) Survivor regions: 109->108(154)
[1100.192s][info][gc,heap        ] GC(182) Old regions: 464->496
[1100.192s][info][gc,heap        ] GC(182) Humongous regions: 77->77
[1100.192s][info][gc,metaspace   ] GC(182) Metaspace: 28953K(29376K)->28953K(29376K) NonClass: 24067K(24256K)->24067K(24256K) Class: 4886K(5120K)->4886K(5120K)
[1100.192s][info][gc             ] GC(182) Pause Young (Concurrent Start) (G1 Evacuation Pause) 3536M->1360M(4096M) 115.190ms
[1100.193s][info][gc             ] GC(183) Concurrent Mark Cycle
[1100.193s][info][gc,marking     ] GC(183) Concurrent Scan Root Regions
[1100.193s][info][gc,cpu         ] GC(182) User=0.69s Sys=0.00s Real=0.11s
.[1100.312s][info][gc,marking     ] GC(183) Concurrent Scan Root Regions 119.593ms
[1100.312s][info][gc,marking     ] GC(183) Concurrent Mark
[1100.312s][info][gc,marking     ] GC(183) Concurrent Mark From Roots
[1100.312s][info][gc,task        ] GC(183) Using 2 workers of 2 for marking
[1100.857s][info][gc,marking     ] GC(183) Concurrent Mark From Roots 545.081ms
[1100.857s][info][gc,marking     ] GC(183) Concurrent Preclean
[1100.857s][info][gc,marking     ] GC(183) Concurrent Preclean 0.050ms
[1100.857s][info][gc,start       ] GC(183) Pause Remark
[1100.860s][info][gc             ] GC(183) Pause Remark 1478M->1478M(4096M) 2.591ms
[1100.860s][info][gc,cpu         ] GC(183) User=0.01s Sys=0.00s Real=0.00s
[1100.860s][info][gc,marking     ] GC(183) Concurrent Mark 547.957ms
[1100.860s][info][gc,marking     ] GC(183) Concurrent Rebuild Remembered Sets and Scrub Regions
[1101.182s][info][gc,marking     ] GC(183) Concurrent Rebuild Remembered Sets and Scrub Regions 322.027ms
[1101.182s][info][gc,start       ] GC(183) Pause Cleanup
[1101.182s][info][gc             ] GC(183) Pause Cleanup 1517M->1517M(4096M) 0.115ms
[1101.182s][info][gc,cpu         ] GC(183) User=0.00s Sys=0.00s Real=0.00s
[1101.182s][info][gc,marking     ] GC(183) Concurrent Clear Claimed Marks
[1101.183s][info][gc,marking     ] GC(183) Concurrent Clear Claimed Marks 0.029ms
[1101.183s][info][gc,marking     ] GC(183) Concurrent Cleanup for Next Mark
[1101.186s][info][gc,marking     ] GC(183) Concurrent Cleanup for Next Mark 3.442ms
[1101.186s][info][gc             ] GC(183) Concurrent Mark Cycle 993.495ms
................[1117.138s][info][gc,start       ] GC(184) Pause Young (Prepare Mixed) (G1 Evacuation Pause)
[1117.138s][info][gc,task        ] GC(184) Using 6 workers of 6 for evacuation
[1117.253s][info][gc,phases      ] GC(184)   Pre Evacuate Collection Set: 0.34ms
[1117.253s][info][gc,phases      ] GC(184)   Merge Heap Roots: 0.55ms
[1117.253s][info][gc,phases      ] GC(184)   Evacuate Collection Set: 112.94ms
[1117.253s][info][gc,phases      ] GC(184)   Post Evacuate Collection Set: 0.91ms
[1117.253s][info][gc,phases      ] GC(184)   Other: 0.09ms
[1117.253s][info][gc,heap        ] GC(184) Eden regions: 1120->0(1120)
[1117.253s][info][gc,heap        ] GC(184) Survivor regions: 108->108(154)
[1117.253s][info][gc,heap        ] GC(184) Old regions: 496->528
[1117.253s][info][gc,heap        ] GC(184) Humongous regions: 77->77
[1117.253s][info][gc,metaspace   ] GC(184) Metaspace: 28953K(29376K)->28953K(29376K) NonClass: 24067K(24256K)->24067K(24256K) Class: 4886K(5120K)->4886K(5120K)
[1117.253s][info][gc             ] GC(184) Pause Young (Prepare Mixed) (G1 Evacuation Pause) 3600M->1424M(4096M) 114.979ms
[1117.253s][info][gc,cpu         ] GC(184) User=0.68s Sys=0.00s Real=0.11s
..................[1134.377s][info][gc,start       ] GC(185) Pause Young (Mixed) (G1 Evacuation Pause)
[1134.377s][info][gc,task        ] GC(185) Using 6 workers of 6 for evacuation
[1134.507s][info][gc,phases      ] GC(185)   Pre Evacuate Collection Set: 0.42ms
[1134.507s][info][gc,phases      ] GC(185)   Merge Heap Roots: 0.66ms
[1134.507s][info][gc,phases      ] GC(185)   Evacuate Collection Set: 127.14ms
[1134.507s][info][gc,phases      ] GC(185)   Post Evacuate Collection Set: 0.98ms
[1134.507s][info][gc,phases      ] GC(185)   Other: 0.10ms
[1134.507s][info][gc,heap        ] GC(185) Eden regions: 1120->0(1119)
[1134.507s][info][gc,heap        ] GC(185) Survivor regions: 108->109(154)
[1134.507s][info][gc,heap        ] GC(185) Old regions: 528->466
[1134.507s][info][gc,heap        ] GC(185) Humongous regions: 77->77
[1134.507s][info][gc,metaspace   ] GC(185) Metaspace: 28953K(29376K)->28953K(29376K) NonClass: 24067K(24256K)->24067K(24256K) Class: 4886K(5120K)->4886K(5120K)
[1134.507s][info][gc             ] GC(185) Pause Young (Mixed) (G1 Evacuation Pause) 3664M->1302M(4096M) 129.443ms
[1134.507s][info][gc,cpu         ] GC(185) User=0.77s Sys=0.00s Real=0.13s
.... (rIR:aIR:PR = 1107:1108:1108) (tPR = 16600) [OK] 
  1138s: Performance info:
         Transaction,    Success,    Partial,     Failed,   Receipts, AvgBarcode, 
             Overall,      66690,          0,          0,      63358,      59.48, 
         Response times:
             Request,    Success,    Partial,     Failed,   SkipFail,     Probes,    Samples,      min,      p50,      p90,      p95,      p99,      max, 
       TotalPurchase,      63358,          0,          0,          0,      61072,      66030,      300,     1200,     1700,     1800,     2500,   134000,
     InStorePurchase,      33340,          0,          0,          0,      32288,      34705,      300,     1200,     1700,     1800,     2600,   134000,
      OnlinePurchase,      23342,          0,          0,          0,      22563,      24478,      300,     1200,     1700,     1900,     2300,   133000,
        InstPurchase,       6676,          0,          0,          0,       6221,       6847,      400,     1100,     1700,     1900,     2500,   132000,
          AssocOfCat,         66,          0,          0,          0,         56,         70,    17700,    24000,    30000,    32450,    37000,    37000,
      AssocOfProduct,        664,          0,          0,          0,        562,        710,      500,     1400,     1900,     2000,     2667,   132000,
      BusinessReport,        167,          0,          0,          0,        120,        171,    19700,    28000,    32800,    39400,    58800,    66000,
          CustBuyBeh,        666,          0,          0,          0,        563,        699,      300,     1200,     1700,     1800,     3500,    10300,
       ProductReturn,       1769,          0,          0,          0,       1585,       1837,      200,     1200,     1700,     1800,     2600,     8000,

  1138s: ( 9%)   IR =   1245 ....|.......[1150.026s][info][gc,start       ] GC(186) Pause Young (Concurrent Start) (G1 Evacuation Pause)
[1150.026s][info][gc,task        ] GC(186) Using 6 workers of 6 for evacuation
[1150.142s][info][gc,phases      ] GC(186)   Pre Evacuate Collection Set: 0.46ms
[1150.142s][info][gc,phases      ] GC(186)   Merge Heap Roots: 0.51ms
[1150.142s][info][gc,phases      ] GC(186)   Evacuate Collection Set: 113.28ms
[1150.142s][info][gc,phases      ] GC(186)   Post Evacuate Collection Set: 0.91ms
[1150.142s][info][gc,phases      ] GC(186)   Other: 0.12ms
[1150.142s][info][gc,heap        ] GC(186) Eden regions: 1119->0(1119)
[1150.142s][info][gc,heap        ] GC(186) Survivor regions: 109->109(154)
[1150.142s][info][gc,heap        ] GC(186) Old regions: 466->498
[1150.142s][info][gc,heap        ] GC(186) Humongous regions: 77->77
[1150.142s][info][gc,metaspace   ] GC(186) Metaspace: 28955K(29376K)->28955K(29376K) NonClass: 24069K(24256K)->24069K(24256K) Class: 4886K(5120K)->4886K(5120K)
[1150.142s][info][gc             ] GC(186) Pause Young (Concurrent Start) (G1 Evacuation Pause) 3540M->1365M(4096M) 115.406ms
[1150.142s][info][gc             ] GC(187) Concurrent Mark Cycle
[1150.142s][info][gc,marking     ] GC(187) Concurrent Scan Root Regions
[1150.142s][info][gc,cpu         ] GC(186) User=0.69s Sys=0.00s Real=0.11s
.[1150.310s][info][gc,marking     ] GC(187) Concurrent Scan Root Regions 168.064ms
[1150.310s][info][gc,marking     ] GC(187) Concurrent Mark
[1150.310s][info][gc,marking     ] GC(187) Concurrent Mark From Roots
[1150.310s][info][gc,task        ] GC(187) Using 2 workers of 2 for marking
[1151.175s][info][gc,marking     ] GC(187) Concurrent Mark From Roots 865.355ms
[1151.175s][info][gc,marking     ] GC(187) Concurrent Preclean
[1151.175s][info][gc,marking     ] GC(187) Concurrent Preclean 0.050ms
[1151.175s][info][gc,start       ] GC(187) Pause Remark
[1151.178s][info][gc             ] GC(187) Pause Remark 1534M->1534M(4096M) 3.005ms
[1151.178s][info][gc,cpu         ] GC(187) User=0.02s Sys=0.00s Real=0.00s
[1151.178s][info][gc,marking     ] GC(187) Concurrent Mark 868.672ms
[1151.179s][info][gc,marking     ] GC(187) Concurrent Rebuild Remembered Sets and Scrub Regions
.[1151.500s][info][gc,marking     ] GC(187) Concurrent Rebuild Remembered Sets and Scrub Regions 321.573ms
[1151.500s][info][gc,start       ] GC(187) Pause Cleanup
[1151.500s][info][gc             ] GC(187) Pause Cleanup 1607M->1607M(4096M) 0.113ms
[1151.500s][info][gc,cpu         ] GC(187) User=0.00s Sys=0.00s Real=0.00s
[1151.500s][info][gc,marking     ] GC(187) Concurrent Clear Claimed Marks
[1151.500s][info][gc,marking     ] GC(187) Concurrent Clear Claimed Marks 0.028ms
[1151.500s][info][gc,marking     ] GC(187) Concurrent Cleanup for Next Mark
[1151.504s][info][gc,marking     ] GC(187) Concurrent Cleanup for Next Mark 3.472ms
[1151.504s][info][gc             ] GC(187) Concurrent Mark Cycle 1362.212ms
..............[1165.314s][info][gc,start       ] GC(188) Pause Young (Prepare Mixed) (G1 Evacuation Pause)
[1165.314s][info][gc,task        ] GC(188) Using 6 workers of 6 for evacuation
[1165.434s][info][gc,phases      ] GC(188)   Pre Evacuate Collection Set: 0.35ms
[1165.434s][info][gc,phases      ] GC(188)   Merge Heap Roots: 0.54ms
[1165.434s][info][gc,phases      ] GC(188)   Evacuate Collection Set: 117.87ms
[1165.434s][info][gc,phases      ] GC(188)   Post Evacuate Collection Set: 0.94ms
[1165.434s][info][gc,phases      ] GC(188)   Other: 0.10ms
[1165.434s][info][gc,heap        ] GC(188) Eden regions: 1119->0(1116)
[1165.434s][info][gc,heap        ] GC(188) Survivor regions: 109->111(154)
[1165.434s][info][gc,heap        ] GC(188) Old regions: 498->530
[1165.434s][info][gc,heap        ] GC(188) Humongous regions: 77->77
[1165.434s][info][gc,metaspace   ] GC(188) Metaspace: 28955K(29376K)->28955K(29376K) NonClass: 24069K(24256K)->24069K(24256K) Class: 4886K(5120K)->4886K(5120K)
[1165.434s][info][gc             ] GC(188) Pause Young (Prepare Mixed) (G1 Evacuation Pause) 3602M->1434M(4096M) 119.933ms
[1165.434s][info][gc,cpu         ] GC(188) User=0.71s Sys=0.00s Real=0.12s
...............[1180.552s][info][gc,start       ] GC(189) Pause Young (Mixed) (G1 Evacuation Pause)
[1180.552s][info][gc,task        ] GC(189) Using 6 workers of 6 for evacuation
[1180.678s][info][gc,phases      ] GC(189)   Pre Evacuate Collection Set: 0.42ms
[1180.678s][info][gc,phases      ] GC(189)   Merge Heap Roots: 0.62ms
[1180.678s][info][gc,phases      ] GC(189)   Evacuate Collection Set: 123.80ms
[1180.678s][info][gc,phases      ] GC(189)   Post Evacuate Collection Set: 0.96ms
[1180.678s][info][gc,phases      ] GC(189)   Other: 0.09ms
[1180.678s][info][gc,heap        ] GC(189) Eden regions: 1116->0(1120)
[1180.678s][info][gc,heap        ] GC(189) Survivor regions: 111->108(154)
[1180.678s][info][gc,heap        ] GC(189) Old regions: 530->465
[1180.678s][info][gc,heap        ] GC(189) Humongous regions: 77->77
[1180.678s][info][gc,metaspace   ] GC(189) Metaspace: 28966K(29376K)->28966K(29376K) NonClass: 24080K(24256K)->24080K(24256K) Class: 4886K(5120K)->4886K(5120K)
[1180.678s][info][gc             ] GC(189) Pause Young (Mixed) (G1 Evacuation Pause) 3666M->1298M(4096M) 126.051ms
[1180.678s][info][gc,cpu         ] GC(189) User=0.75s Sys=0.00s Real=0.13s
...............[1195.677s][info][gc,start       ] GC(190) Pause Young (Concurrent Start) (G1 Evacuation Pause)
[1195.677s][info][gc,task        ] GC(190) Using 6 workers of 6 for evacuation
[1195.792s][info][gc,phases      ] GC(190)   Pre Evacuate Collection Set: 0.39ms
[1195.792s][info][gc,phases      ] GC(190)   Merge Heap Roots: 0.49ms
[1195.792s][info][gc,phases      ] GC(190)   Evacuate Collection Set: 113.04ms
[1195.792s][info][gc,phases      ] GC(190)   Post Evacuate Collection Set: 0.92ms
[1195.792s][info][gc,phases      ] GC(190)   Other: 0.11ms
[1195.792s][info][gc,heap        ] GC(190) Eden regions: 1120->0(1120)
[1195.792s][info][gc,heap        ] GC(190) Survivor regions: 108->108(154)
[1195.792s][info][gc,heap        ] GC(190) Old regions: 465->496
[1195.792s][info][gc,heap        ] GC(190) Humongous regions: 77->77
[1195.792s][info][gc,metaspace   ] GC(190) Metaspace: 28966K(29376K)->28966K(29376K) NonClass: 24080K(24256K)->24080K(24256K) Class: 4886K(5120K)->4886K(5120K)
[1195.792s][info][gc             ] GC(190) Pause Young (Concurrent Start) (G1 Evacuation Pause) 3538M->1360M(4096M) 115.116ms
[1195.792s][info][gc             ] GC(191) Concurrent Mark Cycle
[1195.792s][info][gc,marking     ] GC(191) Concurrent Scan Root Regions
[1195.792s][info][gc,cpu         ] GC(190) User=0.69s Sys=0.00s Real=0.11s
[1195.907s][info][gc,marking     ] GC(191) Concurrent Scan Root Regions 114.643ms
[1195.907s][info][gc,marking     ] GC(191) Concurrent Mark
[1195.907s][info][gc,marking     ] GC(191) Concurrent Mark From Roots
[1195.907s][info][gc,task        ] GC(191) Using 2 workers of 2 for marking
.[1196.423s][info][gc,marking     ] GC(191) Concurrent Mark From Roots 516.583ms
[1196.423s][info][gc,marking     ] GC(191) Concurrent Preclean
[1196.423s][info][gc,marking     ] GC(191) Concurrent Preclean 0.045ms
[1196.423s][info][gc,start       ] GC(191) Pause Remark
[1196.426s][info][gc             ] GC(191) Pause Remark 1458M->1458M(4096M) 2.617ms
[1196.426s][info][gc,cpu         ] GC(191) User=0.02s Sys=0.00s Real=0.00s
[1196.426s][info][gc,marking     ] GC(191) Concurrent Mark 519.507ms
[1196.426s][info][gc,marking     ] GC(191) Concurrent Rebuild Remembered Sets and Scrub Regions
[1196.623s][info][gc,marking     ] GC(191) Concurrent Rebuild Remembered Sets and Scrub Regions 197.323ms
[1196.624s][info][gc,start       ] GC(191) Pause Cleanup
[1196.624s][info][gc             ] GC(191) Pause Cleanup 1491M->1491M(4096M) 0.116ms
[1196.624s][info][gc,cpu         ] GC(191) User=0.00s Sys=0.00s Real=0.00s
[1196.624s][info][gc,marking     ] GC(191) Concurrent Clear Claimed Marks
[1196.624s][info][gc,marking     ] GC(191) Concurrent Clear Claimed Marks 0.032ms
[1196.624s][info][gc,marking     ] GC(191) Concurrent Cleanup for Next Mark
[1196.627s][info][gc,marking     ] GC(191) Concurrent Cleanup for Next Mark 3.193ms
[1196.627s][info][gc             ] GC(191) Concurrent Mark Cycle 835.123ms
...... (rIR:aIR:PR = 1245:1245:1245) (tPR = 18754) [OK] 
  1202s: Performance info:
         Transaction,    Success,    Partial,     Failed,   Receipts, AvgBarcode, 
             Overall,      74762,          0,          0,      71031,      59.47, 
         Response times:
             Request,    Success,    Partial,     Failed,   SkipFail,     Probes,    Samples,      min,      p50,      p90,      p95,      p99,      max, 
       TotalPurchase,      71031,          0,          0,          0,      68642,      74435,      300,     1300,     1900,     2100,     3000,   135000,
     InStorePurchase,      37389,          0,          0,          0,      36371,      39342,      300,     1300,     1900,     2100,     3000,   129000,
      OnlinePurchase,      26183,          0,          0,          0,      25154,      27159,      300,     1300,     1900,     2100,     2900,   135000,
        InstPurchase,       7459,          0,          0,          0,       7117,       7934,      400,     1400,     2000,     2200,     3000,   129000,
          AssocOfCat,         75,          0,          0,          0,         73,         80,    18800,    24000,    28000,    29950,   157000,   157000,
      AssocOfProduct,        742,          0,          0,          0,        639,        802,      700,     1700,     2100,     2300,     3597,   119000,
      BusinessReport,        185,          0,          0,          0,        133,        203,    19800,    27000,    33000,    34000,    52880,    63000,
          CustBuyBeh,        751,          0,          0,          0,        663,        814,      100,      600,     1200,     1400,     2000,     3300,
       ProductReturn,       1978,          0,          0,          0,       1856,       2212,      200,     1000,     1800,     1935,     2787,    17900,

  1202s: (10%)   IR =   1384 ....|...[1210.067s][info][gc,start       ] GC(192) Pause Young (Prepare Mixed) (G1 Evacuation Pause)
[1210.067s][info][gc,task        ] GC(192) Using 6 workers of 6 for evacuation
[1210.181s][info][gc,phases      ] GC(192)   Pre Evacuate Collection Set: 0.37ms
[1210.181s][info][gc,phases      ] GC(192)   Merge Heap Roots: 0.52ms
[1210.181s][info][gc,phases      ] GC(192)   Evacuate Collection Set: 112.25ms
[1210.181s][info][gc,phases      ] GC(192)   Post Evacuate Collection Set: 0.92ms
[1210.181s][info][gc,phases      ] GC(192)   Other: 0.10ms
[1210.181s][info][gc,heap        ] GC(192) Eden regions: 1120->0(1120)
[1210.181s][info][gc,heap        ] GC(192) Survivor regions: 108->108(154)
[1210.181s][info][gc,heap        ] GC(192) Old regions: 496->528
[1210.181s][info][gc,heap        ] GC(192) Humongous regions: 77->77
[1210.181s][info][gc,metaspace   ] GC(192) Metaspace: 28966K(29376K)->28966K(29376K) NonClass: 24080K(24256K)->24080K(24256K) Class: 4886K(5120K)->4886K(5120K)
[1210.181s][info][gc             ] GC(192) Pause Young (Prepare Mixed) (G1 Evacuation Pause) 3600M->1423M(4096M) 114.302ms
[1210.181s][info][gc,cpu         ] GC(192) User=0.68s Sys=0.00s Real=0.11s
..............[1223.875s][info][gc,start       ] GC(193) Pause Young (Mixed) (G1 Evacuation Pause)
[1223.875s][info][gc,task        ] GC(193) Using 6 workers of 6 for evacuation
[1224.000s][info][gc,phases      ] GC(193)   Pre Evacuate Collection Set: 0.34ms
[1224.000s][info][gc,phases      ] GC(193)   Merge Heap Roots: 0.56ms
[1224.000s][info][gc,phases      ] GC(193)   Evacuate Collection Set: 123.62ms
[1224.000s][info][gc,phases      ] GC(193)   Post Evacuate Collection Set: 0.95ms
[1224.000s][info][gc,phases      ] GC(193)   Other: 0.09ms
[1224.000s][info][gc,heap        ] GC(193) Eden regions: 1120->0(1119)
[1224.000s][info][gc,heap        ] GC(193) Survivor regions: 108->109(154)
[1224.000s][info][gc,heap        ] GC(193) Old regions: 528->463
[1224.000s][info][gc,heap        ] GC(193) Humongous regions: 77->77
[1224.000s][info][gc,metaspace   ] GC(193) Metaspace: 28966K(29376K)->28966K(29376K) NonClass: 24080K(24256K)->24080K(24256K) Class: 4886K(5120K)->4886K(5120K)
[1224.000s][info][gc             ] GC(193) Pause Young (Mixed) (G1 Evacuation Pause) 3663M->1297M(4096M) 125.677ms
[1224.000s][info][gc,cpu         ] GC(193) User=0.75s Sys=0.00s Real=0.12s
..............[1237.613s][info][gc,start       ] GC(194) Pause Young (Concurrent Start) (G1 Evacuation Pause)
[1237.613s][info][gc,task        ] GC(194) Using 6 workers of 6 for evacuation
[1237.729s][info][gc,phases      ] GC(194)   Pre Evacuate Collection Set: 0.40ms
[1237.729s][info][gc,phases      ] GC(194)   Merge Heap Roots: 0.49ms
[1237.729s][info][gc,phases      ] GC(194)   Evacuate Collection Set: 113.83ms
[1237.729s][info][gc,phases      ] GC(194)   Post Evacuate Collection Set: 0.87ms
[1237.729s][info][gc,phases      ] GC(194)   Other: 0.12ms
[1237.729s][info][gc,heap        ] GC(194) Eden regions: 1119->0(1120)
[1237.729s][info][gc,heap        ] GC(194) Survivor regions: 109->108(154)
[1237.729s][info][gc,heap        ] GC(194) Old regions: 463->495
[1237.729s][info][gc,heap        ] GC(194) Humongous regions: 77->77
[1237.729s][info][gc,metaspace   ] GC(194) Metaspace: 28966K(29376K)->28966K(29376K) NonClass: 24080K(24256K)->24080K(24256K) Class: 4886K(5120K)->4886K(5120K)
[1237.729s][info][gc             ] GC(194) Pause Young (Concurrent Start) (G1 Evacuation Pause) 3535M->1359M(4096M) 115.844ms
[1237.729s][info][gc             ] GC(195) Concurrent Mark Cycle
[1237.729s][info][gc,marking     ] GC(195) Concurrent Scan Root Regions
[1237.729s][info][gc,cpu         ] GC(194) User=0.69s Sys=0.00s Real=0.12s
[1237.894s][info][gc,marking     ] GC(195) Concurrent Scan Root Regions 165.632ms
[1237.894s][info][gc,marking     ] GC(195) Concurrent Mark
[1237.894s][info][gc,marking     ] GC(195) Concurrent Mark From Roots
[1237.894s][info][gc,task        ] GC(195) Using 2 workers of 2 for marking
.[1238.815s][info][gc,marking     ] GC(195) Concurrent Mark From Roots 920.687ms
[1238.815s][info][gc,marking     ] GC(195) Concurrent Preclean
[1238.815s][info][gc,marking     ] GC(195) Concurrent Preclean 0.056ms
[1238.815s][info][gc,start       ] GC(195) Pause Remark
[1238.818s][info][gc             ] GC(195) Pause Remark 1544M->1544M(4096M) 2.910ms
[1238.818s][info][gc,cpu         ] GC(195) User=0.01s Sys=0.00s Real=0.00s
[1238.818s][info][gc,marking     ] GC(195) Concurrent Mark 923.874ms
[1238.818s][info][gc,marking     ] GC(195) Concurrent Rebuild Remembered Sets and Scrub Regions
[1239.141s][info][gc,marking     ] GC(195) Concurrent Rebuild Remembered Sets and Scrub Regions 322.523ms
[1239.141s][info][gc,start       ] GC(195) Pause Cleanup
[1239.141s][info][gc             ] GC(195) Pause Cleanup 1591M->1591M(4096M) 0.112ms
[1239.141s][info][gc,cpu         ] GC(195) User=0.00s Sys=0.00s Real=0.00s
[1239.141s][info][gc,marking     ] GC(195) Concurrent Clear Claimed Marks
[1239.141s][info][gc,marking     ] GC(195) Concurrent Clear Claimed Marks 0.030ms
[1239.141s][info][gc,marking     ] GC(195) Concurrent Cleanup for Next Mark
[1239.145s][info][gc,marking     ] GC(195) Concurrent Cleanup for Next Mark 3.438ms
[1239.145s][info][gc             ] GC(195) Concurrent Mark Cycle 1415.901ms
............[1251.241s][info][gc,start       ] GC(196) Pause Young (Prepare Mixed) (G1 Evacuation Pause)
[1251.241s][info][gc,task        ] GC(196) Using 6 workers of 6 for evacuation
[1251.355s][info][gc,phases      ] GC(196)   Pre Evacuate Collection Set: 0.30ms
[1251.355s][info][gc,phases      ] GC(196)   Merge Heap Roots: 0.55ms
[1251.355s][info][gc,phases      ] GC(196)   Evacuate Collection Set: 112.74ms
[1251.355s][info][gc,phases      ] GC(196)   Post Evacuate Collection Set: 0.91ms
[1251.355s][info][gc,phases      ] GC(196)   Other: 0.10ms
[1251.355s][info][gc,heap        ] GC(196) Eden regions: 1120->0(1120)
[1251.355s][info][gc,heap        ] GC(196) Survivor regions: 108->108(154)
[1251.355s][info][gc,heap        ] GC(196) Old regions: 495->527
[1251.355s][info][gc,heap        ] GC(196) Humongous regions: 77->77
[1251.355s][info][gc,metaspace   ] GC(196) Metaspace: 28971K(29376K)->28971K(29376K) NonClass: 24085K(24256K)->24085K(24256K) Class: 4886K(5120K)->4886K(5120K)
[1251.355s][info][gc             ] GC(196) Pause Young (Prepare Mixed) (G1 Evacuation Pause) 3599M->1422M(4096M) 114.725ms
[1251.355s][info][gc,cpu         ] GC(196) User=0.68s Sys=0.00s Real=0.12s
..............[1265.089s][info][gc,start       ] GC(197) Pause Young (Mixed) (G1 Evacuation Pause)
[1265.089s][info][gc,task        ] GC(197) Using 6 workers of 6 for evacuation
[1265.216s][info][gc,phases      ] GC(197)   Pre Evacuate Collection Set: 0.40ms
[1265.216s][info][gc,phases      ] GC(197)   Merge Heap Roots: 0.57ms
[1265.216s][info][gc,phases      ] GC(197)   Evacuate Collection Set: 124.96ms
[1265.216s][info][gc,phases      ] GC(197)   Post Evacuate Collection Set: 0.95ms
[1265.216s][info][gc,phases      ] GC(197)   Other: 0.09ms
[1265.216s][info][gc,heap        ] GC(197) Eden regions: 1120->0(1119)
[1265.216s][info][gc,heap        ] GC(197) Survivor regions: 108->109(154)
[1265.216s][info][gc,heap        ] GC(197) Old regions: 527->465
[1265.216s][info][gc,heap        ] GC(197) Humongous regions: 77->77
[1265.216s][info][gc,metaspace   ] GC(197) Metaspace: 28973K(29376K)->28973K(29376K) NonClass: 24087K(24256K)->24087K(24256K) Class: 4886K(5120K)->4886K(5120K)
[1265.216s][info][gc             ] GC(197) Pause Young (Mixed) (G1 Evacuation Pause) 3662M->1300M(4096M) 127.124ms
[1265.216s][info][gc,cpu         ] GC(197) User=0.76s Sys=0.00s Real=0.13s
.. (rIR:aIR:PR = 1384:1384:1384) (tPR = 20388) [OK] 
  1266s: Performance info:
         Transaction,    Success,    Partial,     Failed,   Receipts, AvgBarcode, 
             Overall,      83112,          0,          0,      78954,      59.48, 
         Response times:
             Request,    Success,    Partial,     Failed,   SkipFail,     Probes,    Samples,      min,      p50,      p90,      p95,      p99,      max, 
       TotalPurchase,      78954,          0,          0,          0,      76545,      82946,      300,     1400,     2000,     2200,     3300,   133000,
     InStorePurchase,      41549,          0,          0,          0,      40468,      43744,      300,     1300,     2000,     2200,     3300,   133000,
      OnlinePurchase,      29102,          0,          0,          0,      28242,      30587,      300,     1400,     2000,     2300,     3300,   130000,
        InstPurchase,       8303,          0,          0,          0,       7835,       8615,      400,     1500,     2100,     2300,     3384,   121000,
          AssocOfCat,         83,          0,          0,          0,         82,         88,    18500,    24000,    28000,    29000,   157000,   157000,
      AssocOfProduct,        837,          0,          0,          0,        707,        856,      500,     1800,     2300,     2500,     3200,    12500,
      BusinessReport,        206,          0,          0,          0,        148,        214,    22000,    27000,    33000,    35000,   122500,   148000,
          CustBuyBeh,        829,          0,          0,          0,        737,        910,      200,     1200,     1800,     2000,     3189,   118000,
       ProductReturn,       2203,          0,          0,          0,       1995,       2298,      200,     1100,     1900,     2100,     3000,   118000,

  1266s: (11%)   IR =   1522 ....|.......[1277.684s][info][gc,start       ] GC(198) Pause Young (Concurrent Start) (G1 Evacuation Pause)
[1277.684s][info][gc,task        ] GC(198) Using 6 workers of 6 for evacuation
[1277.799s][info][gc,phases      ] GC(198)   Pre Evacuate Collection Set: 0.38ms
[1277.799s][info][gc,phases      ] GC(198)   Merge Heap Roots: 0.51ms
[1277.799s][info][gc,phases      ] GC(198)   Evacuate Collection Set: 113.68ms
[1277.799s][info][gc,phases      ] GC(198)   Post Evacuate Collection Set: 0.89ms
[1277.799s][info][gc,phases      ] GC(198)   Other: 0.11ms
[1277.799s][info][gc,heap        ] GC(198) Eden regions: 1119->0(1119)
[1277.799s][info][gc,heap        ] GC(198) Survivor regions: 109->109(154)
[1277.799s][info][gc,heap        ] GC(198) Old regions: 465->497
[1277.799s][info][gc,heap        ] GC(198) Humongous regions: 77->77
[1277.799s][info][gc,metaspace   ] GC(198) Metaspace: 28973K(29376K)->28973K(29376K) NonClass: 24087K(24256K)->24087K(24256K) Class: 4886K(5120K)->4886K(5120K)
[1277.799s][info][gc             ] GC(198) Pause Young (Concurrent Start) (G1 Evacuation Pause) 3538M->1363M(4096M) 115.698ms
[1277.799s][info][gc             ] GC(199) Concurrent Mark Cycle
[1277.799s][info][gc,marking     ] GC(199) Concurrent Scan Root Regions
[1277.799s][info][gc,cpu         ] GC(198) User=0.69s Sys=0.00s Real=0.11s
[1277.964s][info][gc,marking     ] GC(199) Concurrent Scan Root Regions 164.731ms
[1277.964s][info][gc,marking     ] GC(199) Concurrent Mark
[1277.964s][info][gc,marking     ] GC(199) Concurrent Mark From Roots
[1277.964s][info][gc,task        ] GC(199) Using 2 workers of 2 for marking
.[1278.891s][info][gc,marking     ] GC(199) Concurrent Mark From Roots 926.347ms
[1278.891s][info][gc,marking     ] GC(199) Concurrent Preclean
[1278.891s][info][gc,marking     ] GC(199) Concurrent Preclean 0.052ms
[1278.891s][info][gc,start       ] GC(199) Pause Remark
[1278.894s][info][gc             ] GC(199) Pause Remark 1596M->1596M(4096M) 3.133ms
[1278.894s][info][gc,cpu         ] GC(199) User=0.02s Sys=0.00s Real=0.01s
[1278.894s][info][gc,marking     ] GC(199) Concurrent Mark 929.772ms
[1278.894s][info][gc,marking     ] GC(199) Concurrent Rebuild Remembered Sets and Scrub Regions
[1279.220s][info][gc,marking     ] GC(199) Concurrent Rebuild Remembered Sets and Scrub Regions 325.909ms
[1279.220s][info][gc,start       ] GC(199) Pause Cleanup
[1279.220s][info][gc             ] GC(199) Pause Cleanup 1644M->1644M(4096M) 0.109ms
[1279.220s][info][gc,cpu         ] GC(199) User=0.00s Sys=0.00s Real=0.00s
[1279.220s][info][gc,marking     ] GC(199) Concurrent Clear Claimed Marks
[1279.220s][info][gc,marking     ] GC(199) Concurrent Clear Claimed Marks 0.039ms
[1279.220s][info][gc,marking     ] GC(199) Concurrent Cleanup for Next Mark
[1279.224s][info][gc,marking     ] GC(199) Concurrent Cleanup for Next Mark 3.415ms
[1279.224s][info][gc             ] GC(199) Concurrent Mark Cycle 1424.288ms
...........[1290.069s][info][gc,start       ] GC(200) Pause Young (Prepare Mixed) (G1 Evacuation Pause)
[1290.069s][info][gc,task        ] GC(200) Using 6 workers of 6 for evacuation
[1290.184s][info][gc,phases      ] GC(200)   Pre Evacuate Collection Set: 0.35ms
[1290.184s][info][gc,phases      ] GC(200)   Merge Heap Roots: 0.49ms
[1290.184s][info][gc,phases      ] GC(200)   Evacuate Collection Set: 113.34ms
[1290.184s][info][gc,phases      ] GC(200)   Post Evacuate Collection Set: 0.91ms
[1290.184s][info][gc,phases      ] GC(200)   Other: 0.09ms
[1290.184s][info][gc,heap        ] GC(200) Eden regions: 1119->0(1120)
[1290.184s][info][gc,heap        ] GC(200) Survivor regions: 109->108(154)
[1290.184s][info][gc,heap        ] GC(200) Old regions: 497->529
[1290.184s][info][gc,heap        ] GC(200) Humongous regions: 77->77
[1290.184s][info][gc,metaspace   ] GC(200) Metaspace: 28973K(29376K)->28973K(29376K) NonClass: 24087K(24256K)->24087K(24256K) Class: 4886K(5120K)->4886K(5120K)
[1290.184s][info][gc             ] GC(200) Pause Young (Prepare Mixed) (G1 Evacuation Pause) 3601M->1426M(4096M) 115.304ms
[1290.184s][info][gc,cpu         ] GC(200) User=0.69s Sys=0.00s Real=0.12s
.............[1302.512s][info][gc,start       ] GC(201) Pause Young (Mixed) (G1 Evacuation Pause)
[1302.512s][info][gc,task        ] GC(201) Using 6 workers of 6 for evacuation
[1302.642s][info][gc,phases      ] GC(201)   Pre Evacuate Collection Set: 0.41ms
[1302.642s][info][gc,phases      ] GC(201)   Merge Heap Roots: 0.64ms
[1302.642s][info][gc,phases      ] GC(201)   Evacuate Collection Set: 127.65ms
[1302.642s][info][gc,phases      ] GC(201)   Post Evacuate Collection Set: 0.96ms
[1302.642s][info][gc,phases      ] GC(201)   Other: 0.10ms
[1302.642s][info][gc,heap        ] GC(201) Eden regions: 1120->0(1120)
[1302.642s][info][gc,heap        ] GC(201) Survivor regions: 108->108(154)
[1302.642s][info][gc,heap        ] GC(201) Old regions: 529->466
[1302.642s][info][gc,heap        ] GC(201) Humongous regions: 77->77
[1302.642s][info][gc,metaspace   ] GC(201) Metaspace: 28974K(29376K)->28974K(29376K) NonClass: 24087K(24256K)->24087K(24256K) Class: 4886K(5120K)->4886K(5120K)
[1302.642s][info][gc             ] GC(201) Pause Young (Mixed) (G1 Evacuation Pause) 3666M->1301M(4096M) 129.884ms
[1302.642s][info][gc,cpu         ] GC(201) User=0.77s Sys=0.00s Real=0.13s
............[1314.996s][info][gc,start       ] GC(202) Pause Young (Concurrent Start) (G1 Evacuation Pause)
[1314.996s][info][gc,task        ] GC(202) Using 6 workers of 6 for evacuation
[1315.112s][info][gc,phases      ] GC(202)   Pre Evacuate Collection Set: 0.45ms
[1315.112s][info][gc,phases      ] GC(202)   Merge Heap Roots: 0.54ms
[1315.112s][info][gc,phases      ] GC(202)   Evacuate Collection Set: 114.76ms
[1315.112s][info][gc,phases      ] GC(202)   Post Evacuate Collection Set: 0.90ms
[1315.113s][info][gc,phases      ] GC(202)   Other: 0.13ms
[1315.113s][info][gc,heap        ] GC(202) Eden regions: 1120->0(1119)
[1315.113s][info][gc,heap        ] GC(202) Survivor regions: 108->109(154)
[1315.113s][info][gc,heap        ] GC(202) Old regions: 466->499
[1315.113s][info][gc,heap        ] GC(202) Humongous regions: 77->77
[1315.113s][info][gc,metaspace   ] GC(202) Metaspace: 28974K(29376K)->28974K(29376K) NonClass: 24087K(24256K)->24087K(24256K) Class: 4886K(5120K)->4886K(5120K)
[1315.113s][info][gc             ] GC(202) Pause Young (Concurrent Start) (G1 Evacuation Pause) 3541M->1368M(4096M) 116.899ms
[1315.113s][info][gc             ] GC(203) Concurrent Mark Cycle
[1315.113s][info][gc,marking     ] GC(203) Concurrent Scan Root Regions
[1315.113s][info][gc,cpu         ] GC(202) User=0.69s Sys=0.00s Real=0.11s
[1315.279s][info][gc,marking     ] GC(203) Concurrent Scan Root Regions 166.612ms
[1315.279s][info][gc,marking     ] GC(203) Concurrent Mark
[1315.279s][info][gc,marking     ] GC(203) Concurrent Mark From Roots
[1315.279s][info][gc,task        ] GC(203) Using 2 workers of 2 for marking
.[1316.157s][info][gc,marking     ] GC(203) Concurrent Mark From Roots 877.791ms
[1316.157s][info][gc,marking     ] GC(203) Concurrent Preclean
[1316.157s][info][gc,marking     ] GC(203) Concurrent Preclean 0.068ms
[1316.157s][info][gc,start       ] GC(203) Pause Remark
[1316.160s][info][gc             ] GC(203) Pause Remark 1566M->1566M(4096M) 3.006ms
[1316.161s][info][gc,cpu         ] GC(203) User=0.02s Sys=0.00s Real=0.00s
[1316.161s][info][gc,marking     ] GC(203) Concurrent Mark 881.419ms
[1316.161s][info][gc,marking     ] GC(203) Concurrent Rebuild Remembered Sets and Scrub Regions
.[1316.486s][info][gc,marking     ] GC(203) Concurrent Rebuild Remembered Sets and Scrub Regions 324.913ms
[1316.486s][info][gc,start       ] GC(203) Pause Cleanup
[1316.486s][info][gc             ] GC(203) Pause Cleanup 1633M->1633M(4096M) 0.113ms
[1316.486s][info][gc,cpu         ] GC(203) User=0.00s Sys=0.00s Real=0.00s
[1316.486s][info][gc,marking     ] GC(203) Concurrent Clear Claimed Marks
[1316.486s][info][gc,marking     ] GC(203) Concurrent Clear Claimed Marks 0.027ms
[1316.486s][info][gc,marking     ] GC(203) Concurrent Cleanup for Next Mark
[1316.489s][info][gc,marking     ] GC(203) Concurrent Cleanup for Next Mark 3.372ms
[1316.489s][info][gc             ] GC(203) Concurrent Mark Cycle 1376.745ms
...........[1327.561s][info][gc,start       ] GC(204) Pause Young (Prepare Mixed) (G1 Evacuation Pause)
[1327.561s][info][gc,task        ] GC(204) Using 6 workers of 6 for evacuation
[1327.677s][info][gc,phases      ] GC(204)   Pre Evacuate Collection Set: 0.34ms
[1327.677s][info][gc,phases      ] GC(204)   Merge Heap Roots: 0.51ms
[1327.677s][info][gc,phases      ] GC(204)   Evacuate Collection Set: 114.17ms
[1327.677s][info][gc,phases      ] GC(204)   Post Evacuate Collection Set: 0.92ms
[1327.677s][info][gc,phases      ] GC(204)   Other: 0.08ms
[1327.677s][info][gc,heap        ] GC(204) Eden regions: 1119->0(1119)
[1327.677s][info][gc,heap        ] GC(204) Survivor regions: 109->109(154)
[1327.677s][info][gc,heap        ] GC(204) Old regions: 499->531
[1327.677s][info][gc,heap        ] GC(204) Humongous regions: 77->77
[1327.677s][info][gc,metaspace   ] GC(204) Metaspace: 28974K(29376K)->28974K(29376K) NonClass: 24087K(24256K)->24087K(24256K) Class: 4886K(5120K)->4886K(5120K)
[1327.677s][info][gc             ] GC(204) Pause Young (Prepare Mixed) (G1 Evacuation Pause) 3606M->1431M(4096M) 116.150ms
[1327.677s][info][gc,cpu         ] GC(204) User=0.69s Sys=0.00s Real=0.12s
... (rIR:aIR:PR = 1522:1522:1522) (tPR = 22704) [OK] 
  1330s: Performance info:
         Transaction,    Success,    Partial,     Failed,   Receipts, AvgBarcode, 
             Overall,      91400,          0,          0,      86837,      59.48, 
         Response times:
             Request,    Success,    Partial,     Failed,   SkipFail,     Probes,    Samples,      min,      p50,      p90,      p95,      p99,      max, 
       TotalPurchase,      86837,          0,          0,          0,      84615,      91362,      300,     1500,     2200,     2400,     3800,   133000,
     InStorePurchase,      45708,          0,          0,          0,      44715,      48095,      300,     1400,     2100,     2400,     3700,   133000,
      OnlinePurchase,      31978,          0,          0,          0,      31141,      33666,      300,     1500,     2200,     2400,     3900,   133000,
        InstPurchase,       9151,          0,          0,          0,       8759,       9601,      400,     1800,     2300,     2600,     5698,   133000,
          AssocOfCat,         91,          0,          0,          0,         83,         96,    18000,    24000,    29000,    30000,    35000,    35000,
      AssocOfProduct,        915,          0,          0,          0,        814,        973,      700,     1800,     2300,     2600,    14952,   133000,
      BusinessReport,        228,          0,          0,          0,        177,        260,    20000,    28000,    33000,    34000,    40000,    46000,
          CustBuyBeh,        910,          0,          0,          0,        792,        955,      300,     1700,     2300,     2420,    10096,   133000,
       ProductReturn,       2419,          0,          0,          0,       2254,       2540,      200,     1400,     2100,     2300,     6177,   120000,

  1330s: (12%)   IR =   1660 .......|.[1339.203s][info][gc,start       ] GC(205) Pause Young (Mixed) (G1 Evacuation Pause)
[1339.203s][info][gc,task        ] GC(205) Using 6 workers of 6 for evacuation
[1339.329s][info][gc,phases      ] GC(205)   Pre Evacuate Collection Set: 0.40ms
[1339.329s][info][gc,phases      ] GC(205)   Merge Heap Roots: 0.63ms
[1339.329s][info][gc,phases      ] GC(205)   Evacuate Collection Set: 123.89ms
[1339.329s][info][gc,phases      ] GC(205)   Post Evacuate Collection Set: 0.93ms
[1339.329s][info][gc,phases      ] GC(205)   Other: 0.10ms
[1339.329s][info][gc,heap        ] GC(205) Eden regions: 1119->0(1119)
[1339.329s][info][gc,heap        ] GC(205) Survivor regions: 109->109(154)
[1339.329s][info][gc,heap        ] GC(205) Old regions: 531->466
[1339.329s][info][gc,heap        ] GC(205) Humongous regions: 77->77
[1339.329s][info][gc,metaspace   ] GC(205) Metaspace: 28974K(29376K)->28974K(29376K) NonClass: 24087K(24256K)->24087K(24256K) Class: 4886K(5120K)->4886K(5120K)
[1339.329s][info][gc             ] GC(205) Pause Young (Mixed) (G1 Evacuation Pause) 3669M->1302M(4096M) 126.078ms
[1339.329s][info][gc,cpu         ] GC(205) User=0.75s Sys=0.00s Real=0.13s
............[1350.655s][info][gc,start       ] GC(206) Pause Young (Concurrent Start) (G1 Evacuation Pause)
[1350.655s][info][gc,task        ] GC(206) Using 6 workers of 6 for evacuation
[1350.775s][info][gc,phases      ] GC(206)   Pre Evacuate Collection Set: 0.44ms
[1350.775s][info][gc,phases      ] GC(206)   Merge Heap Roots: 0.54ms
[1350.775s][info][gc,phases      ] GC(206)   Evacuate Collection Set: 117.75ms
[1350.775s][info][gc,phases      ] GC(206)   Post Evacuate Collection Set: 0.94ms
[1350.775s][info][gc,phases      ] GC(206)   Other: 0.64ms
[1350.775s][info][gc,heap        ] GC(206) Eden regions: 1119->0(1118)
[1350.776s][info][gc,heap        ] GC(206) Survivor regions: 109->110(154)
[1350.776s][info][gc,heap        ] GC(206) Old regions: 466->499
[1350.776s][info][gc,heap        ] GC(206) Humongous regions: 77->77
[1350.776s][info][gc,metaspace   ] GC(206) Metaspace: 28974K(29376K)->28974K(29376K) NonClass: 24087K(24256K)->24087K(24256K) Class: 4886K(5120K)->4886K(5120K)
[1350.776s][info][gc             ] GC(206) Pause Young (Concurrent Start) (G1 Evacuation Pause) 3540M->1370M(4096M) 120.428ms
[1350.776s][info][gc             ] GC(207) Concurrent Mark Cycle
[1350.776s][info][gc,marking     ] GC(207) Concurrent Scan Root Regions
[1350.776s][info][gc,cpu         ] GC(206) User=0.71s Sys=0.00s Real=0.12s
[1350.949s][info][gc,marking     ] GC(207) Concurrent Scan Root Regions 173.497ms
[1350.949s][info][gc,marking     ] GC(207) Concurrent Mark
[1350.949s][info][gc,marking     ] GC(207) Concurrent Mark From Roots
[1350.949s][info][gc,task        ] GC(207) Using 2 workers of 2 for marking
.[1351.876s][info][gc,marking     ] GC(207) Concurrent Mark From Roots 927.218ms
[1351.876s][info][gc,marking     ] GC(207) Concurrent Preclean
[1351.876s][info][gc,marking     ] GC(207) Concurrent Preclean 0.051ms
[1351.877s][info][gc,start       ] GC(207) Pause Remark
[1351.880s][info][gc             ] GC(207) Pause Remark 1600M->1600M(4096M) 3.389ms
[1351.880s][info][gc,cpu         ] GC(207) User=0.02s Sys=0.00s Real=0.00s
[1351.880s][info][gc,marking     ] GC(207) Concurrent Mark 930.911ms
[1351.880s][info][gc,marking     ] GC(207) Concurrent Rebuild Remembered Sets and Scrub Regions
[1352.084s][info][gc,marking     ] GC(207) Concurrent Rebuild Remembered Sets and Scrub Regions 203.703ms
[1352.084s][info][gc,start       ] GC(207) Pause Cleanup
[1352.084s][info][gc             ] GC(207) Pause Cleanup 1632M->1632M(4096M) 0.119ms
[1352.084s][info][gc,cpu         ] GC(207) User=0.00s Sys=0.00s Real=0.00s
[1352.084s][info][gc,marking     ] GC(207) Concurrent Clear Claimed Marks
[1352.084s][info][gc,marking     ] GC(207) Concurrent Clear Claimed Marks 0.024ms
[1352.084s][info][gc,marking     ] GC(207) Concurrent Cleanup for Next Mark
[1352.087s][info][gc,marking     ] GC(207) Concurrent Cleanup for Next Mark 3.372ms
[1352.087s][info][gc             ] GC(207) Concurrent Mark Cycle 1311.930ms
..........[1362.080s][info][gc,start       ] GC(208) Pause Young (Prepare Mixed) (G1 Evacuation Pause)
[1362.080s][info][gc,task        ] GC(208) Using 6 workers of 6 for evacuation
[1362.196s][info][gc,phases      ] GC(208)   Pre Evacuate Collection Set: 0.35ms
[1362.196s][info][gc,phases      ] GC(208)   Merge Heap Roots: 0.55ms
[1362.196s][info][gc,phases      ] GC(208)   Evacuate Collection Set: 114.08ms
[1362.196s][info][gc,phases      ] GC(208)   Post Evacuate Collection Set: 0.93ms
[1362.196s][info][gc,phases      ] GC(208)   Other: 0.09ms
[1362.196s][info][gc,heap        ] GC(208) Eden regions: 1118->0(1119)
[1362.196s][info][gc,heap        ] GC(208) Survivor regions: 110->109(154)
[1362.196s][info][gc,heap        ] GC(208) Old regions: 499->530
[1362.196s][info][gc,heap        ] GC(208) Humongous regions: 77->77
[1362.196s][info][gc,metaspace   ] GC(208) Metaspace: 28974K(29376K)->28974K(29376K) NonClass: 24087K(24256K)->24087K(24256K) Class: 4886K(5120K)->4886K(5120K)
[1362.196s][info][gc             ] GC(208) Pause Young (Prepare Mixed) (G1 Evacuation Pause) 3606M->1430M(4096M) 116.125ms
[1362.196s][info][gc,cpu         ] GC(208) User=0.69s Sys=0.00s Real=0.12s
............[1373.480s][info][gc,start       ] GC(209) Pause Young (Mixed) (G1 Evacuation Pause)
[1373.480s][info][gc,task        ] GC(209) Using 6 workers of 6 for evacuation
[1373.609s][info][gc,phases      ] GC(209)   Pre Evacuate Collection Set: 0.44ms
[1373.609s][info][gc,phases      ] GC(209)   Merge Heap Roots: 0.70ms
[1373.609s][info][gc,phases      ] GC(209)   Evacuate Collection Set: 126.80ms
[1373.609s][info][gc,phases      ] GC(209)   Post Evacuate Collection Set: 0.95ms
[1373.609s][info][gc,phases      ] GC(209)   Other: 0.10ms
[1373.609s][info][gc,heap        ] GC(209) Eden regions: 1119->0(1120)
[1373.609s][info][gc,heap        ] GC(209) Survivor regions: 109->108(154)
[1373.609s][info][gc,heap        ] GC(209) Old regions: 530->466
[1373.609s][info][gc,heap        ] GC(209) Humongous regions: 77->77
[1373.609s][info][gc,metaspace   ] GC(209) Metaspace: 28974K(29376K)->28974K(29376K) NonClass: 24088K(24256K)->24088K(24256K) Class: 4886K(5120K)->4886K(5120K)
[1373.609s][info][gc             ] GC(209) Pause Young (Mixed) (G1 Evacuation Pause) 3668M->1301M(4096M) 129.136ms
[1373.609s][info][gc,cpu         ] GC(209) User=0.77s Sys=0.00s Real=0.13s
...........[1384.853s][info][gc,start       ] GC(210) Pause Young (Concurrent Start) (G1 Evacuation Pause)
[1384.853s][info][gc,task        ] GC(210) Using 6 workers of 6 for evacuation
[1384.967s][info][gc,phases      ] GC(210)   Pre Evacuate Collection Set: 0.45ms
[1384.967s][info][gc,phases      ] GC(210)   Merge Heap Roots: 0.52ms
[1384.967s][info][gc,phases      ] GC(210)   Evacuate Collection Set: 112.69ms
[1384.967s][info][gc,phases      ] GC(210)   Post Evacuate Collection Set: 0.87ms
[1384.967s][info][gc,phases      ] GC(210)   Other: 0.12ms
[1384.967s][info][gc,heap        ] GC(210) Eden regions: 1120->0(1120)
[1384.967s][info][gc,heap        ] GC(210) Survivor regions: 108->108(154)
[1384.967s][info][gc,heap        ] GC(210) Old regions: 466->499
[1384.967s][info][gc,heap        ] GC(210) Humongous regions: 77->77
[1384.967s][info][gc,metaspace   ] GC(210) Metaspace: 28974K(29376K)->28974K(29376K) NonClass: 24088K(24256K)->24088K(24256K) Class: 4886K(5120K)->4886K(5120K)
[1384.967s][info][gc             ] GC(210) Pause Young (Concurrent Start) (G1 Evacuation Pause) 3541M->1366M(4096M) 114.803ms
[1384.967s][info][gc             ] GC(211) Concurrent Mark Cycle
[1384.968s][info][gc,marking     ] GC(211) Concurrent Scan Root Regions
[1384.968s][info][gc,cpu         ] GC(210) User=0.68s Sys=0.00s Real=0.12s
[1385.089s][info][gc,marking     ] GC(211) Concurrent Scan Root Regions 121.327ms
[1385.089s][info][gc,marking     ] GC(211) Concurrent Mark
[1385.089s][info][gc,marking     ] GC(211) Concurrent Mark From Roots
[1385.089s][info][gc,task        ] GC(211) Using 2 workers of 2 for marking
.[1385.603s][info][gc,marking     ] GC(211) Concurrent Mark From Roots 513.854ms
[1385.603s][info][gc,marking     ] GC(211) Concurrent Preclean
[1385.603s][info][gc,marking     ] GC(211) Concurrent Preclean 0.048ms
[1385.603s][info][gc,start       ] GC(211) Pause Remark
[1385.606s][info][gc             ] GC(211) Pause Remark 1500M->1500M(4096M) 2.793ms
[1385.606s][info][gc,cpu         ] GC(211) User=0.01s Sys=0.00s Real=0.01s
[1385.606s][info][gc,marking     ] GC(211) Concurrent Mark 516.928ms
[1385.606s][info][gc,marking     ] GC(211) Concurrent Rebuild Remembered Sets and Scrub Regions
[1385.813s][info][gc,marking     ] GC(211) Concurrent Rebuild Remembered Sets and Scrub Regions 207.266ms
[1385.814s][info][gc,start       ] GC(211) Pause Cleanup
[1385.814s][info][gc             ] GC(211) Pause Cleanup 1548M->1548M(4096M) 0.127ms
[1385.814s][info][gc,cpu         ] GC(211) User=0.00s Sys=0.00s Real=0.00s
[1385.814s][info][gc,marking     ] GC(211) Concurrent Clear Claimed Marks
[1385.814s][info][gc,marking     ] GC(211) Concurrent Clear Claimed Marks 0.031ms
[1385.814s][info][gc,marking     ] GC(211) Concurrent Cleanup for Next Mark
[1385.818s][info][gc,marking     ] GC(211) Concurrent Cleanup for Next Mark 4.102ms
[1385.818s][info][gc             ] GC(211) Concurrent Mark Cycle 850.871ms
..........[1396.173s][info][gc,start       ] GC(212) Pause Young (Prepare Mixed) (G1 Evacuation Pause)
[1396.173s][info][gc,task        ] GC(212) Using 6 workers of 6 for evacuation
[1396.288s][info][gc,phases      ] GC(212)   Pre Evacuate Collection Set: 0.33ms
[1396.288s][info][gc,phases      ] GC(212)   Merge Heap Roots: 0.51ms
[1396.288s][info][gc,phases      ] GC(212)   Evacuate Collection Set: 113.14ms
[1396.288s][info][gc,phases      ] GC(212)   Post Evacuate Collection Set: 0.91ms
[1396.288s][info][gc,phases      ] GC(212)   Other: 0.09ms
[1396.288s][info][gc,heap        ] GC(212) Eden regions: 1120->0(1120)
[1396.288s][info][gc,heap        ] GC(212) Survivor regions: 108->108(154)
[1396.288s][info][gc,heap        ] GC(212) Old regions: 499->531
[1396.288s][info][gc,heap        ] GC(212) Humongous regions: 77->77
[1396.288s][info][gc,metaspace   ] GC(212) Metaspace: 28974K(29376K)->28974K(29376K) NonClass: 24088K(24256K)->24088K(24256K) Class: 4886K(5120K)->4886K(5120K)
[1396.288s][info][gc             ] GC(212) Pause Young (Prepare Mixed) (G1 Evacuation Pause) 3606M->1430M(4096M) 115.101ms
[1396.288s][info][gc,cpu         ] GC(212) User=0.69s Sys=0.01s Real=0.11s
.. (rIR:aIR:PR = 1660:1659:1659) (tPR = 24591) [OK] 
  1397s: Performance info:
         Transaction,    Success,    Partial,     Failed,   Receipts, AvgBarcode, 
             Overall,      99613,          0,          0,      94628,      59.48, 
         Response times:
             Request,    Success,    Partial,     Failed,   SkipFail,     Probes,    Samples,      min,      p50,      p90,      p95,      p99,      max, 
       TotalPurchase,      94628,          0,          0,          0,      91956,     104387,      300,     1600,     2400,     2600,     4600,   142000,
     InStorePurchase,      49801,          0,          0,          0,      48731,      55076,      300,     1500,     2300,     2600,     4500,   133000,
      OnlinePurchase,      34858,          0,          0,          0,      33809,      38446,      300,     1600,     2400,     2700,     4600,   142000,
        InstPurchase,       9969,          0,          0,          0,       9416,      10865,      400,     1800,     2500,     2700,     5400,   133000,
          AssocOfCat,        100,          0,          0,          0,         96,        111,    18800,    26000,    30000,    35400,   148720,   163000,
      AssocOfProduct,        995,          0,          0,          0,        880,       1106,      600,     1900,     2400,     2800,     7337,   129000,
      BusinessReport,        250,          0,          0,          0,        197,        282,    21000,    28000,    35000,    38000,    53570,    75000,
          CustBuyBeh,        999,          0,          0,          0,        885,       1113,      200,     1400,     2000,     2300,     6086,   132000,
       ProductReturn,       2641,          0,          0,          0,       2430,       2894,      200,     1500,     2400,     2600,     4110,   129000,

  1397s: (13%)   IR =   1799 .....|....[1406.931s][info][gc,start       ] GC(213) Pause Young (Mixed) (G1 Evacuation Pause)
[1406.931s][info][gc,task        ] GC(213) Using 6 workers of 6 for evacuation
[1407.067s][info][gc,phases      ] GC(213)   Pre Evacuate Collection Set: 0.37ms
[1407.067s][info][gc,phases      ] GC(213)   Merge Heap Roots: 0.67ms
[1407.067s][info][gc,phases      ] GC(213)   Evacuate Collection Set: 133.99ms
[1407.067s][info][gc,phases      ] GC(213)   Post Evacuate Collection Set: 0.96ms
[1407.067s][info][gc,phases      ] GC(213)   Other: 0.10ms
[1407.067s][info][gc,heap        ] GC(213) Eden regions: 1120->0(1116)
[1407.067s][info][gc,heap        ] GC(213) Survivor regions: 108->112(154)
[1407.067s][info][gc,heap        ] GC(213) Old regions: 531->468
[1407.067s][info][gc,heap        ] GC(213) Humongous regions: 77->77
[1407.067s][info][gc,metaspace   ] GC(213) Metaspace: 28976K(29376K)->28976K(29376K) NonClass: 24090K(24256K)->24090K(24256K) Class: 4886K(5120K)->4886K(5120K)
[1407.067s][info][gc             ] GC(213) Pause Young (Mixed) (G1 Evacuation Pause) 3670M->1311M(4096M) 136.212ms
[1407.067s][info][gc,cpu         ] GC(213) User=0.81s Sys=0.00s Real=0.14s
..........[1417.449s][info][gc,start       ] GC(214) Pause Young (Concurrent Start) (G1 Evacuation Pause)
[1417.450s][info][gc,task        ] GC(214) Using 6 workers of 6 for evacuation
[1417.566s][info][gc,phases      ] GC(214)   Pre Evacuate Collection Set: 0.44ms
[1417.566s][info][gc,phases      ] GC(214)   Merge Heap Roots: 0.48ms
[1417.566s][info][gc,phases      ] GC(214)   Evacuate Collection Set: 114.17ms
[1417.566s][info][gc,phases      ] GC(214)   Post Evacuate Collection Set: 0.81ms
[1417.566s][info][gc,phases      ] GC(214)   Other: 0.12ms
[1417.566s][info][gc,heap        ] GC(214) Eden regions: 1116->0(1119)
[1417.566s][info][gc,heap        ] GC(214) Survivor regions: 112->109(154)
[1417.566s][info][gc,heap        ] GC(214) Old regions: 468->499
[1417.566s][info][gc,heap        ] GC(214) Humongous regions: 77->77
[1417.566s][info][gc,metaspace   ] GC(214) Metaspace: 28978K(29376K)->28978K(29376K) NonClass: 24092K(24256K)->24092K(24256K) Class: 4886K(5120K)->4886K(5120K)
[1417.566s][info][gc             ] GC(214) Pause Young (Concurrent Start) (G1 Evacuation Pause) 3543M->1368M(4096M) 116.151ms
[1417.566s][info][gc             ] GC(215) Concurrent Mark Cycle
[1417.566s][info][gc,marking     ] GC(215) Concurrent Scan Root Regions
[1417.566s][info][gc,cpu         ] GC(214) User=0.69s Sys=0.00s Real=0.12s
.[1417.677s][info][gc,marking     ] GC(215) Concurrent Scan Root Regions 110.972ms
[1417.677s][info][gc,marking     ] GC(215) Concurrent Mark
[1417.677s][info][gc,marking     ] GC(215) Concurrent Mark From Roots
[1417.677s][info][gc,task        ] GC(215) Using 2 workers of 2 for marking
[1418.200s][info][gc,marking     ] GC(215) Concurrent Mark From Roots 522.978ms
[1418.200s][info][gc,marking     ] GC(215) Concurrent Preclean
[1418.200s][info][gc,marking     ] GC(215) Concurrent Preclean 0.053ms
[1418.200s][info][gc,start       ] GC(215) Pause Remark
[1418.203s][info][gc             ] GC(215) Pause Remark 1517M->1517M(4096M) 2.899ms
[1418.203s][info][gc,cpu         ] GC(215) User=0.02s Sys=0.00s Real=0.00s
[1418.203s][info][gc,marking     ] GC(215) Concurrent Mark 526.184ms
[1418.203s][info][gc,marking     ] GC(215) Concurrent Rebuild Remembered Sets and Scrub Regions
[1418.403s][info][gc,marking     ] GC(215) Concurrent Rebuild Remembered Sets and Scrub Regions 199.932ms
[1418.403s][info][gc,start       ] GC(215) Pause Cleanup
[1418.403s][info][gc             ] GC(215) Pause Cleanup 1570M->1570M(4096M) 0.111ms
[1418.403s][info][gc,cpu         ] GC(215) User=0.00s Sys=0.00s Real=0.00s
[1418.403s][info][gc,marking     ] GC(215) Concurrent Clear Claimed Marks
[1418.403s][info][gc,marking     ] GC(215) Concurrent Clear Claimed Marks 0.028ms
[1418.403s][info][gc,marking     ] GC(215) Concurrent Cleanup for Next Mark
[1418.406s][info][gc,marking     ] GC(215) Concurrent Cleanup for Next Mark 3.199ms
[1418.406s][info][gc             ] GC(215) Concurrent Mark Cycle 840.749ms
..........[1427.966s][info][gc,start       ] GC(216) Pause Young (Prepare Mixed) (G1 Evacuation Pause)
[1427.966s][info][gc,task        ] GC(216) Using 6 workers of 6 for evacuation
[1428.082s][info][gc,phases      ] GC(216)   Pre Evacuate Collection Set: 0.38ms
[1428.082s][info][gc,phases      ] GC(216)   Merge Heap Roots: 0.53ms
[1428.082s][info][gc,phases      ] GC(216)   Evacuate Collection Set: 114.22ms
[1428.082s][info][gc,phases      ] GC(216)   Post Evacuate Collection Set: 0.91ms
[1428.082s][info][gc,phases      ] GC(216)   Other: 0.10ms
[1428.082s][info][gc,heap        ] GC(216) Eden regions: 1119->0(1120)
[1428.082s][info][gc,heap        ] GC(216) Survivor regions: 109->108(154)
[1428.082s][info][gc,heap        ] GC(216) Old regions: 499->531
[1428.082s][info][gc,heap        ] GC(216) Humongous regions: 77->77
[1428.082s][info][gc,metaspace   ] GC(216) Metaspace: 28978K(29376K)->28978K(29376K) NonClass: 24092K(24256K)->24092K(24256K) Class: 4886K(5120K)->4886K(5120K)
[1428.082s][info][gc             ] GC(216) Pause Young (Prepare Mixed) (G1 Evacuation Pause) 3606M->1430M(4096M) 116.290ms
[1428.082s][info][gc,cpu         ] GC(216) User=0.69s Sys=0.00s Real=0.11s
...........[1438.605s][info][gc,start       ] GC(217) Pause Young (Mixed) (G1 Evacuation Pause)
[1438.605s][info][gc,task        ] GC(217) Using 6 workers of 6 for evacuation
[1438.733s][info][gc,phases      ] GC(217)   Pre Evacuate Collection Set: 0.38ms
[1438.733s][info][gc,phases      ] GC(217)   Merge Heap Roots: 0.61ms
[1438.733s][info][gc,phases      ] GC(217)   Evacuate Collection Set: 126.53ms
[1438.733s][info][gc,phases      ] GC(217)   Post Evacuate Collection Set: 0.94ms
[1438.733s][info][gc,phases      ] GC(217)   Other: 0.09ms
[1438.733s][info][gc,heap        ] GC(217) Eden regions: 1120->0(1119)
[1438.733s][info][gc,heap        ] GC(217) Survivor regions: 108->109(154)
[1438.733s][info][gc,heap        ] GC(217) Old regions: 531->466
[1438.733s][info][gc,heap        ] GC(217) Humongous regions: 77->77
[1438.733s][info][gc,metaspace   ] GC(217) Metaspace: 28978K(29376K)->28978K(29376K) NonClass: 24092K(24256K)->24092K(24256K) Class: 4886K(5120K)->4886K(5120K)
[1438.733s][info][gc             ] GC(217) Pause Young (Mixed) (G1 Evacuation Pause) 3670M->1302M(4096M) 128.697ms
[1438.733s][info][gc,cpu         ] GC(217) User=0.76s Sys=0.00s Real=0.13s
..........[1449.154s][info][gc,start       ] GC(218) Pause Young (Concurrent Start) (G1 Evacuation Pause)
[1449.154s][info][gc,task        ] GC(218) Using 6 workers of 6 for evacuation
[1449.270s][info][gc,phases      ] GC(218)   Pre Evacuate Collection Set: 0.43ms
[1449.270s][info][gc,phases      ] GC(218)   Merge Heap Roots: 0.49ms
[1449.270s][info][gc,phases      ] GC(218)   Evacuate Collection Set: 114.12ms
[1449.270s][info][gc,phases      ] GC(218)   Post Evacuate Collection Set: 0.90ms
[1449.270s][info][gc,phases      ] GC(218)   Other: 0.10ms
[1449.270s][info][gc,heap        ] GC(218) Eden regions: 1119->0(1120)
[1449.270s][info][gc,heap        ] GC(218) Survivor regions: 109->108(154)
[1449.270s][info][gc,heap        ] GC(218) Old regions: 466->498
[1449.270s][info][gc,heap        ] GC(218) Humongous regions: 77->77
[1449.270s][info][gc,metaspace   ] GC(218) Metaspace: 28978K(29376K)->28978K(29376K) NonClass: 24092K(24256K)->24092K(24256K) Class: 4886K(5120K)->4886K(5120K)
[1449.270s][info][gc             ] GC(218) Pause Young (Concurrent Start) (G1 Evacuation Pause) 3540M->1364M(4096M) 116.182ms
[1449.270s][info][gc             ] GC(219) Concurrent Mark Cycle
[1449.270s][info][gc,marking     ] GC(219) Concurrent Scan Root Regions
[1449.270s][info][gc,cpu         ] GC(218) User=0.69s Sys=0.00s Real=0.11s
[1449.382s][info][gc,marking     ] GC(219) Concurrent Scan Root Regions 112.492ms
[1449.382s][info][gc,marking     ] GC(219) Concurrent Mark
[1449.382s][info][gc,marking     ] GC(219) Concurrent Mark From Roots
[1449.382s][info][gc,task        ] GC(219) Using 2 workers of 2 for marking
.[1449.925s][info][gc,marking     ] GC(219) Concurrent Mark From Roots 542.168ms
[1449.925s][info][gc,marking     ] GC(219) Concurrent Preclean
[1449.925s][info][gc,marking     ] GC(219) Concurrent Preclean 0.047ms
[1449.925s][info][gc,start       ] GC(219) Pause Remark
[1449.928s][info][gc             ] GC(219) Pause Remark 1558M->1558M(4096M) 2.704ms
[1449.928s][info][gc,cpu         ] GC(219) User=0.01s Sys=0.00s Real=0.00s
[1449.928s][info][gc,marking     ] GC(219) Concurrent Mark 545.160ms
[1449.928s][info][gc,marking     ] GC(219) Concurrent Rebuild Remembered Sets and Scrub Regions
[1450.129s][info][gc,marking     ] GC(219) Concurrent Rebuild Remembered Sets and Scrub Regions 201.342ms
[1450.129s][info][gc,start       ] GC(219) Pause Cleanup
[1450.129s][info][gc             ] GC(219) Pause Cleanup 1602M->1602M(4096M) 0.112ms
[1450.129s][info][gc,cpu         ] GC(219) User=0.00s Sys=0.00s Real=0.00s
[1450.129s][info][gc,marking     ] GC(219) Concurrent Clear Claimed Marks
[1450.129s][info][gc,marking     ] GC(219) Concurrent Clear Claimed Marks 0.031ms
[1450.129s][info][gc,marking     ] GC(219) Concurrent Cleanup for Next Mark
[1450.133s][info][gc,marking     ] GC(219) Concurrent Cleanup for Next Mark 3.225ms
[1450.133s][info][gc             ] GC(219) Concurrent Mark Cycle 862.646ms
..........[1459.633s][info][gc,start       ] GC(220) Pause Young (Prepare Mixed) (G1 Evacuation Pause)
[1459.633s][info][gc,task        ] GC(220) Using 6 workers of 6 for evacuation
[1459.753s][info][gc,phases      ] GC(220)   Pre Evacuate Collection Set: 0.34ms
[1459.753s][info][gc,phases      ] GC(220)   Merge Heap Roots: 0.52ms
[1459.753s][info][gc,phases      ] GC(220)   Evacuate Collection Set: 117.72ms
[1459.753s][info][gc,phases      ] GC(220)   Post Evacuate Collection Set: 0.93ms
[1459.753s][info][gc,phases      ] GC(220)   Other: 0.09ms
[1459.753s][info][gc,heap        ] GC(220) Eden regions: 1120->0(1117)
[1459.753s][info][gc,heap        ] GC(220) Survivor regions: 108->109(154)
[1459.753s][info][gc,heap        ] GC(220) Old regions: 498->530
[1459.753s][info][gc,heap        ] GC(220) Humongous regions: 80->80
[1459.753s][info][gc,metaspace   ] GC(220) Metaspace: 28978K(29376K)->28978K(29376K) NonClass: 24092K(24256K)->24092K(24256K) Class: 4886K(5120K)->4886K(5120K)
[1459.753s][info][gc             ] GC(220) Pause Young (Prepare Mixed) (G1 Evacuation Pause) 3610M->1437M(4096M) 119.738ms
[1459.753s][info][gc,cpu         ] GC(220) User=0.71s Sys=0.00s Real=0.11s
... (rIR:aIR:PR = 1799:1799:1799) (tPR = 26831) [OK] 
  1462s: Performance info:
         Transaction,    Success,    Partial,     Failed,   Receipts, AvgBarcode, 
             Overall,     108164,          0,          0,     102748,      59.47, 
         Response times:
             Request,    Success,    Partial,     Failed,   SkipFail,     Probes,    Samples,      min,      p50,      p90,      p95,      p99,      max, 
       TotalPurchase,     102748,          0,          0,          0,      99642,     109590,      300,     1700,     2500,     2800,     7400,   160000,
     InStorePurchase,      54068,          0,          0,          0,      52652,      57803,      300,     1700,     2500,     2800,     7400,   160000,
      OnlinePurchase,      37867,          0,          0,          0,      36673,      40236,      300,     1600,     2500,     2800,     6300,   142000,
        InstPurchase,      10813,          0,          0,          0,      10317,      11551,      400,     1600,     2500,     2800,     6300,   142000,
          AssocOfCat,        109,          0,          0,          0,        106,        115,    18900,    25000,    30000,    37000,   161800,   165000,
      AssocOfProduct,       1079,          0,          0,          0,        940,       1176,      500,     1400,     2100,     2400,     5723,    12200,
      BusinessReport,        271,          0,          0,          0,        202,        281,    21000,    29000,    35000,    39000,   160380,   196000,
          CustBuyBeh,       1088,          0,          0,          0,        936,       1141,      400,     1700,     2300,     2700,     9848,   134000,
       ProductReturn,       2869,          0,          0,          0,       2603,       3065,      200,     1400,     2300,     2600,     6200,   141000,

  1462s: (14%)   IR =   1937 .....|..[1469.637s][info][gc,start       ] GC(221) Pause Young (Mixed) (G1 Evacuation Pause)
[1469.637s][info][gc,task        ] GC(221) Using 6 workers of 6 for evacuation
[1469.772s][info][gc,phases      ] GC(221)   Pre Evacuate Collection Set: 0.37ms
[1469.772s][info][gc,phases      ] GC(221)   Merge Heap Roots: 0.69ms
[1469.772s][info][gc,phases      ] GC(221)   Evacuate Collection Set: 132.49ms
[1469.772s][info][gc,phases      ] GC(221)   Post Evacuate Collection Set: 0.97ms
[1469.772s][info][gc,phases      ] GC(221)   Other: 0.09ms
[1469.772s][info][gc,heap        ] GC(221) Eden regions: 1117->0(1119)
[1469.772s][info][gc,heap        ] GC(221) Survivor regions: 109->109(154)
[1469.772s][info][gc,heap        ] GC(221) Old regions: 530->468
[1469.772s][info][gc,heap        ] GC(221) Humongous regions: 80->80
[1469.772s][info][gc,metaspace   ] GC(221) Metaspace: 28978K(29376K)->28978K(29376K) NonClass: 24092K(24256K)->24092K(24256K) Class: 4886K(5120K)->4886K(5120K)
[1469.772s][info][gc             ] GC(221) Pause Young (Mixed) (G1 Evacuation Pause) 3671M->1312M(4096M) 134.734ms
[1469.772s][info][gc,cpu         ] GC(221) User=0.80s Sys=0.00s Real=0.13s
.........[1479.325s][info][gc,start       ] GC(222) Pause Young (Concurrent Start) (G1 Evacuation Pause)
[1479.325s][info][gc,task        ] GC(222) Using 6 workers of 6 for evacuation
[1479.445s][info][gc,phases      ] GC(222)   Pre Evacuate Collection Set: 0.39ms
[1479.445s][info][gc,phases      ] GC(222)   Merge Heap Roots: 0.54ms
[1479.445s][info][gc,phases      ] GC(222)   Evacuate Collection Set: 118.02ms
[1479.445s][info][gc,phases      ] GC(222)   Post Evacuate Collection Set: 0.91ms
[1479.445s][info][gc,phases      ] GC(222)   Other: 0.11ms
[1479.445s][info][gc,heap        ] GC(222) Eden regions: 1119->0(1118)
[1479.445s][info][gc,heap        ] GC(222) Survivor regions: 109->110(154)
[1479.445s][info][gc,heap        ] GC(222) Old regions: 468->500
[1479.445s][info][gc,heap        ] GC(222) Humongous regions: 80->80
[1479.445s][info][gc,metaspace   ] GC(222) Metaspace: 28978K(29376K)->28978K(29376K) NonClass: 24092K(24256K)->24092K(24256K) Class: 4886K(5120K)->4886K(5120K)
[1479.445s][info][gc             ] GC(222) Pause Young (Concurrent Start) (G1 Evacuation Pause) 3550M->1379M(4096M) 120.102ms
[1479.445s][info][gc             ] GC(223) Concurrent Mark Cycle
[1479.445s][info][gc,marking     ] GC(223) Concurrent Scan Root Regions
[1479.445s][info][gc,cpu         ] GC(222) User=0.72s Sys=0.00s Real=0.12s
[1479.582s][info][gc,marking     ] GC(223) Concurrent Scan Root Regions 137.147ms
[1479.582s][info][gc,marking     ] GC(223) Concurrent Mark
[1479.582s][info][gc,marking     ] GC(223) Concurrent Mark From Roots
[1479.582s][info][gc,task        ] GC(223) Using 2 workers of 2 for marking
.[1480.106s][info][gc,marking     ] GC(223) Concurrent Mark From Roots 524.270ms
[1480.106s][info][gc,marking     ] GC(223) Concurrent Preclean
[1480.106s][info][gc,marking     ] GC(223) Concurrent Preclean 0.057ms
[1480.107s][info][gc,start       ] GC(223) Pause Remark
[1480.109s][info][gc             ] GC(223) Pause Remark 1549M->1549M(4096M) 2.691ms
[1480.109s][info][gc,cpu         ] GC(223) User=0.01s Sys=0.00s Real=0.00s
[1480.109s][info][gc,marking     ] GC(223) Concurrent Mark 527.255ms
[1480.109s][info][gc,marking     ] GC(223) Concurrent Rebuild Remembered Sets and Scrub Regions
[1480.311s][info][gc,marking     ] GC(223) Concurrent Rebuild Remembered Sets and Scrub Regions 201.537ms
[1480.311s][info][gc,start       ] GC(223) Pause Cleanup
[1480.311s][info][gc             ] GC(223) Pause Cleanup 1587M->1587M(4096M) 0.113ms
[1480.311s][info][gc,cpu         ] GC(223) User=0.00s Sys=0.00s Real=0.00s
[1480.311s][info][gc,marking     ] GC(223) Concurrent Clear Claimed Marks
[1480.311s][info][gc,marking     ] GC(223) Concurrent Clear Claimed Marks 0.036ms
[1480.311s][info][gc,marking     ] GC(223) Concurrent Cleanup for Next Mark
[1480.314s][info][gc,marking     ] GC(223) Concurrent Cleanup for Next Mark 3.198ms
[1480.314s][info][gc             ] GC(223) Concurrent Mark Cycle 869.609ms
.........[1489.187s][info][gc,start       ] GC(224) Pause Young (Prepare Mixed) (G1 Evacuation Pause)
[1489.188s][info][gc,task        ] GC(224) Using 6 workers of 6 for evacuation
[1489.304s][info][gc,phases      ] GC(224)   Pre Evacuate Collection Set: 0.32ms
[1489.305s][info][gc,phases      ] GC(224)   Merge Heap Roots: 0.53ms
[1489.305s][info][gc,phases      ] GC(224)   Evacuate Collection Set: 115.09ms
[1489.305s][info][gc,phases      ] GC(224)   Post Evacuate Collection Set: 0.93ms
[1489.305s][info][gc,phases      ] GC(224)   Other: 0.09ms
[1489.305s][info][gc,heap        ] GC(224) Eden regions: 1118->0(1115)
[1489.305s][info][gc,heap        ] GC(224) Survivor regions: 110->109(154)
[1489.305s][info][gc,heap        ] GC(224) Old regions: 500->532
[1489.305s][info][gc,heap        ] GC(224) Humongous regions: 80->80
[1489.305s][info][gc,metaspace   ] GC(224) Metaspace: 28978K(29376K)->28978K(29376K) NonClass: 24092K(24256K)->24092K(24256K) Class: 4886K(5120K)->4886K(5120K)
[1489.305s][info][gc             ] GC(224) Pause Young (Prepare Mixed) (G1 Evacuation Pause) 3615M->1439M(4096M) 117.094ms
[1489.305s][info][gc,cpu         ] GC(224) User=0.70s Sys=0.00s Real=0.12s
..........[1498.842s][info][gc,start       ] GC(225) Pause Young (Mixed) (G1 Evacuation Pause)
[1498.842s][info][gc,task        ] GC(225) Using 6 workers of 6 for evacuation
[1498.972s][info][gc,phases      ] GC(225)   Pre Evacuate Collection Set: 0.41ms
[1498.972s][info][gc,phases      ] GC(225)   Merge Heap Roots: 0.67ms
[1498.972s][info][gc,phases      ] GC(225)   Evacuate Collection Set: 127.86ms
[1498.972s][info][gc,phases      ] GC(225)   Post Evacuate Collection Set: 0.96ms
[1498.972s][info][gc,phases      ] GC(225)   Other: 0.09ms
[1498.972s][info][gc,heap        ] GC(225) Eden regions: 1115->0(1120)
[1498.972s][info][gc,heap        ] GC(225) Survivor regions: 109->108(153)
[1498.972s][info][gc,heap        ] GC(225) Old regions: 532->466
[1498.972s][info][gc,heap        ] GC(225) Humongous regions: 80->80
[1498.972s][info][gc,metaspace   ] GC(225) Metaspace: 28978K(29376K)->28978K(29376K) NonClass: 24092K(24256K)->24092K(24256K) Class: 4886K(5120K)->4886K(5120K)
[1498.972s][info][gc             ] GC(225) Pause Young (Mixed) (G1 Evacuation Pause) 3669M->1306M(4096M) 130.133ms
[1498.972s][info][gc,cpu         ] GC(225) User=0.77s Sys=0.00s Real=0.13s
..........[1508.651s][info][gc,start       ] GC(226) Pause Young (Concurrent Start) (G1 Evacuation Pause)
[1508.651s][info][gc,task        ] GC(226) Using 6 workers of 6 for evacuation
[1508.767s][info][gc,phases      ] GC(226)   Pre Evacuate Collection Set: 0.42ms
[1508.767s][info][gc,phases      ] GC(226)   Merge Heap Roots: 0.50ms
[1508.767s][info][gc,phases      ] GC(226)   Evacuate Collection Set: 113.60ms
[1508.767s][info][gc,phases      ] GC(226)   Post Evacuate Collection Set: 0.89ms
[1508.767s][info][gc,phases      ] GC(226)   Other: 0.13ms
[1508.767s][info][gc,heap        ] GC(226) Eden regions: 1120->0(1119)
[1508.767s][info][gc,heap        ] GC(226) Survivor regions: 108->109(154)
[1508.767s][info][gc,heap        ] GC(226) Old regions: 466->498
[1508.767s][info][gc,heap        ] GC(226) Humongous regions: 80->80
[1508.767s][info][gc,metaspace   ] GC(226) Metaspace: 28978K(29376K)->28978K(29376K) NonClass: 24092K(24256K)->24092K(24256K) Class: 4886K(5120K)->4886K(5120K)
[1508.767s][info][gc             ] GC(226) Pause Young (Concurrent Start) (G1 Evacuation Pause) 3546M->1371M(4096M) 115.681ms
[1508.767s][info][gc             ] GC(227) Concurrent Mark Cycle
[1508.767s][info][gc,marking     ] GC(227) Concurrent Scan Root Regions
[1508.767s][info][gc,cpu         ] GC(226) User=0.69s Sys=0.00s Real=0.12s
[1508.888s][info][gc,marking     ] GC(227) Concurrent Scan Root Regions 121.517ms
[1508.888s][info][gc,marking     ] GC(227) Concurrent Mark
[1508.888s][info][gc,marking     ] GC(227) Concurrent Mark From Roots
[1508.888s][info][gc,task        ] GC(227) Using 2 workers of 2 for marking
[1509.424s][info][gc,marking     ] GC(227) Concurrent Mark From Roots 535.665ms
[1509.424s][info][gc,marking     ] GC(227) Concurrent Preclean
[1509.424s][info][gc,marking     ] GC(227) Concurrent Preclean 0.049ms
[1509.424s][info][gc,start       ] GC(227) Pause Remark
[1509.427s][info][gc             ] GC(227) Pause Remark 1549M->1549M(4096M) 2.920ms
[1509.427s][info][gc,cpu         ] GC(227) User=0.01s Sys=0.00s Real=0.00s
[1509.427s][info][gc,marking     ] GC(227) Concurrent Mark 538.889ms
[1509.427s][info][gc,marking     ] GC(227) Concurrent Rebuild Remembered Sets and Scrub Regions
.[1509.630s][info][gc,marking     ] GC(227) Concurrent Rebuild Remembered Sets and Scrub Regions 202.708ms
[1509.630s][info][gc,start       ] GC(227) Pause Cleanup
[1509.630s][info][gc             ] GC(227) Pause Cleanup 1588M->1588M(4096M) 0.117ms
[1509.630s][info][gc,cpu         ] GC(227) User=0.00s Sys=0.00s Real=0.00s
[1509.630s][info][gc,marking     ] GC(227) Concurrent Clear Claimed Marks
[1509.630s][info][gc,marking     ] GC(227) Concurrent Clear Claimed Marks 0.028ms
[1509.630s][info][gc,marking     ] GC(227) Concurrent Cleanup for Next Mark
[1509.635s][info][gc,marking     ] GC(227) Concurrent Cleanup for Next Mark 4.475ms
[1509.635s][info][gc             ] GC(227) Concurrent Mark Cycle 868.054ms
........[1518.410s][info][gc,start       ] GC(228) Pause Young (Prepare Mixed) (G1 Evacuation Pause)
[1518.410s][info][gc,task        ] GC(228) Using 6 workers of 6 for evacuation
[1518.528s][info][gc,phases      ] GC(228)   Pre Evacuate Collection Set: 0.35ms
[1518.528s][info][gc,phases      ] GC(228)   Merge Heap Roots: 0.58ms
[1518.528s][info][gc,phases      ] GC(228)   Evacuate Collection Set: 115.61ms
[1518.528s][info][gc,phases      ] GC(228)   Post Evacuate Collection Set: 0.94ms
[1518.528s][info][gc,phases      ] GC(228)   Other: 0.09ms
[1518.528s][info][gc,heap        ] GC(228) Eden regions: 1119->0(1115)
[1518.528s][info][gc,heap        ] GC(228) Survivor regions: 109->110(154)
[1518.528s][info][gc,heap        ] GC(228) Old regions: 498->530
[1518.528s][info][gc,heap        ] GC(228) Humongous regions: 80->80
[1518.528s][info][gc,metaspace   ] GC(228) Metaspace: 28978K(29376K)->28978K(29376K) NonClass: 24092K(24256K)->24092K(24256K) Class: 4886K(5120K)->4886K(5120K)
[1518.528s][info][gc             ] GC(228) Pause Young (Prepare Mixed) (G1 Evacuation Pause) 3609M->1437M(4096M) 117.724ms
[1518.528s][info][gc,cpu         ] GC(228) User=0.70s Sys=0.00s Real=0.12s
.......... (rIR:aIR:PR = 1937:1936:1936) (tPR = 28903) [OK] 
  1527s: Performance info:
         Transaction,    Success,    Partial,     Failed,   Receipts, AvgBarcode, 
             Overall,     116202,          0,          0,     110383,      59.49, 
         Response times:
             Request,    Success,    Partial,     Failed,   SkipFail,     Probes,    Samples,      min,      p50,      p90,      p95,      p99,      max, 
       TotalPurchase,     110383,          0,          0,          0,     107362,     117737,      300,     1700,     2600,     2900,     7362,   138000,
     InStorePurchase,      58073,          0,          0,          0,      56707,      62005,      300,     1800,     2700,     3000,     8500,   135000,
      OnlinePurchase,      40693,          0,          0,          0,      39595,      43294,      300,     1700,     2600,     2900,     6000,   138000,
        InstPurchase,      11617,          0,          0,          0,      11060,      12438,      400,     1700,     2600,     2900,     8083,   134000,
          AssocOfCat,        116,          0,          0,          0,        111,        126,    18900,    25000,    32300,    45900,   163840,   166000,
      AssocOfProduct,       1159,          0,          0,          0,        995,       1198,      800,     1900,     2500,     2700,     9000,    23000,
      BusinessReport,        292,          0,          0,          0,        232,        315,    23000,    29000,    38000,    44000,   145840,   182000,
          CustBuyBeh,       1161,          0,          0,          0,       1004,       1191,      300,     1600,     2200,     2400,     4764,    21000,
       ProductReturn,       3091,          0,          0,          0,       2853,       3302,      200,     1400,     2400,     2600,     9376,   134000,

  1527s: (15%)   IR =   2076 [1528.137s][info][gc,start       ] GC(229) Pause Young (Mixed) (G1 Evacuation Pause)
[1528.137s][info][gc,task        ] GC(229) Using 6 workers of 6 for evacuation
[1528.268s][info][gc,phases      ] GC(229)   Pre Evacuate Collection Set: 0.43ms
[1528.268s][info][gc,phases      ] GC(229)   Merge Heap Roots: 0.70ms
[1528.268s][info][gc,phases      ] GC(229)   Evacuate Collection Set: 129.21ms
[1528.268s][info][gc,phases      ] GC(229)   Post Evacuate Collection Set: 0.99ms
[1528.268s][info][gc,phases      ] GC(229)   Other: 0.10ms
[1528.268s][info][gc,heap        ] GC(229) Eden regions: 1115->0(1119)
[1528.268s][info][gc,heap        ] GC(229) Survivor regions: 110->109(154)
[1528.268s][info][gc,heap        ] GC(229) Old regions: 530->467
[1528.268s][info][gc,heap        ] GC(229) Humongous regions: 80->80
[1528.268s][info][gc,metaspace   ] GC(229) Metaspace: 28980K(29376K)->28980K(29376K) NonClass: 24094K(24256K)->24094K(24256K) Class: 4886K(5120K)->4886K(5120K)
[1528.268s][info][gc             ] GC(229) Pause Young (Mixed) (G1 Evacuation Pause) 3667M->1311M(4096M) 131.554ms
[1528.268s][info][gc,cpu         ] GC(229) User=0.78s Sys=0.00s Real=0.13s
.......|..[1537.264s][info][gc,start       ] GC(230) Pause Young (Concurrent Start) (G1 Evacuation Pause)
[1537.264s][info][gc,task        ] GC(230) Using 6 workers of 6 for evacuation
[1537.380s][info][gc,phases      ] GC(230)   Pre Evacuate Collection Set: 0.42ms
[1537.380s][info][gc,phases      ] GC(230)   Merge Heap Roots: 0.48ms
[1537.380s][info][gc,phases      ] GC(230)   Evacuate Collection Set: 113.79ms
[1537.380s][info][gc,phases      ] GC(230)   Post Evacuate Collection Set: 0.88ms
[1537.380s][info][gc,phases      ] GC(230)   Other: 0.13ms
[1537.380s][info][gc,heap        ] GC(230) Eden regions: 1119->0(1120)
[1537.380s][info][gc,heap        ] GC(230) Survivor regions: 109->108(154)
[1537.380s][info][gc,heap        ] GC(230) Old regions: 467->500
[1537.380s][info][gc,heap        ] GC(230) Humongous regions: 80->80
[1537.380s][info][gc,metaspace   ] GC(230) Metaspace: 28980K(29376K)->28980K(29376K) NonClass: 24094K(24256K)->24094K(24256K) Class: 4886K(5120K)->4886K(5120K)
[1537.380s][info][gc             ] GC(230) Pause Young (Concurrent Start) (G1 Evacuation Pause) 3549M->1374M(4096M) 115.827ms
[1537.380s][info][gc             ] GC(231) Concurrent Mark Cycle
[1537.380s][info][gc,marking     ] GC(231) Concurrent Scan Root Regions
[1537.380s][info][gc,cpu         ] GC(230) User=0.69s Sys=0.00s Real=0.11s
[1537.549s][info][gc,marking     ] GC(231) Concurrent Scan Root Regions 169.180ms
[1537.549s][info][gc,marking     ] GC(231) Concurrent Mark
[1537.549s][info][gc,marking     ] GC(231) Concurrent Mark From Roots
[1537.549s][info][gc,task        ] GC(231) Using 2 workers of 2 for marking
.[1538.446s][info][gc,marking     ] GC(231) Concurrent Mark From Roots 896.821ms
[1538.446s][info][gc,marking     ] GC(231) Concurrent Preclean
[1538.446s][info][gc,marking     ] GC(231) Concurrent Preclean 0.052ms
[1538.446s][info][gc,start       ] GC(231) Pause Remark
[1538.449s][info][gc             ] GC(231) Pause Remark 1657M->1657M(4096M) 3.061ms
[1538.450s][info][gc,cpu         ] GC(231) User=0.01s Sys=0.00s Real=0.00s
[1538.450s][info][gc,marking     ] GC(231) Concurrent Mark 900.200ms
[1538.450s][info][gc,marking     ] GC(231) Concurrent Rebuild Remembered Sets and Scrub Regions
.[1538.833s][info][gc,marking     ] GC(231) Concurrent Rebuild Remembered Sets and Scrub Regions 383.437ms
[1538.833s][info][gc,start       ] GC(231) Pause Cleanup
[1538.833s][info][gc             ] GC(231) Pause Cleanup 1748M->1748M(4096M) 0.124ms
[1538.833s][info][gc,cpu         ] GC(231) User=0.00s Sys=0.00s Real=0.01s
[1538.833s][info][gc,marking     ] GC(231) Concurrent Clear Claimed Marks
[1538.833s][info][gc,marking     ] GC(231) Concurrent Clear Claimed Marks 0.031ms
[1538.833s][info][gc,marking     ] GC(231) Concurrent Cleanup for Next Mark
[1538.837s][info][gc,marking     ] GC(231) Concurrent Cleanup for Next Mark 3.285ms
[1538.837s][info][gc             ] GC(231) Concurrent Mark Cycle 1456.606ms
.......[1546.441s][info][gc,start       ] GC(232) Pause Young (Prepare Mixed) (G1 Evacuation Pause)
[1546.441s][info][gc,task        ] GC(232) Using 6 workers of 6 for evacuation
[1546.557s][info][gc,phases      ] GC(232)   Pre Evacuate Collection Set: 0.39ms
[1546.557s][info][gc,phases      ] GC(232)   Merge Heap Roots: 0.57ms
[1546.557s][info][gc,phases      ] GC(232)   Evacuate Collection Set: 114.15ms
[1546.557s][info][gc,phases      ] GC(232)   Post Evacuate Collection Set: 0.91ms
[1546.557s][info][gc,phases      ] GC(232)   Other: 0.09ms
[1546.557s][info][gc,heap        ] GC(232) Eden regions: 1120->0(1115)
[1546.557s][info][gc,heap        ] GC(232) Survivor regions: 108->109(154)
[1546.557s][info][gc,heap        ] GC(232) Old regions: 500->532
[1546.557s][info][gc,heap        ] GC(232) Humongous regions: 80->80
[1546.557s][info][gc,metaspace   ] GC(232) Metaspace: 28980K(29376K)->28980K(29376K) NonClass: 24094K(24256K)->24094K(24256K) Class: 4886K(5120K)->4886K(5120K)
[1546.557s][info][gc             ] GC(232) Pause Young (Prepare Mixed) (G1 Evacuation Pause) 3614M->1440M(4096M) 116.239ms
[1546.557s][info][gc,cpu         ] GC(232) User=0.69s Sys=0.01s Real=0.12s
.........[1555.533s][info][gc,start       ] GC(233) Pause Young (Mixed) (G1 Evacuation Pause)
[1555.533s][info][gc,task        ] GC(233) Using 6 workers of 6 for evacuation
[1555.662s][info][gc,phases      ] GC(233)   Pre Evacuate Collection Set: 0.39ms
[1555.662s][info][gc,phases      ] GC(233)   Merge Heap Roots: 0.59ms
[1555.662s][info][gc,phases      ] GC(233)   Evacuate Collection Set: 126.72ms
[1555.662s][info][gc,phases      ] GC(233)   Post Evacuate Collection Set: 0.96ms
[1555.662s][info][gc,phases      ] GC(233)   Other: 0.09ms
[1555.662s][info][gc,heap        ] GC(233) Eden regions: 1115->0(1120)
[1555.662s][info][gc,heap        ] GC(233) Survivor regions: 109->108(153)
[1555.662s][info][gc,heap        ] GC(233) Old regions: 532->467
[1555.662s][info][gc,heap        ] GC(233) Humongous regions: 80->80
[1555.662s][info][gc,metaspace   ] GC(233) Metaspace: 28980K(29376K)->28980K(29376K) NonClass: 24094K(24256K)->24094K(24256K) Class: 4886K(5120K)->4886K(5120K)
[1555.662s][info][gc             ] GC(233) Pause Young (Mixed) (G1 Evacuation Pause) 3670M->1309M(4096M) 128.886ms
[1555.662s][info][gc,cpu         ] GC(233) User=0.77s Sys=0.00s Real=0.13s
..........[1564.749s][info][gc,start       ] GC(234) Pause Young (Concurrent Start) (G1 Evacuation Pause)
[1564.749s][info][gc,task        ] GC(234) Using 6 workers of 6 for evacuation
[1564.868s][info][gc,phases      ] GC(234)   Pre Evacuate Collection Set: 0.43ms
[1564.868s][info][gc,phases      ] GC(234)   Merge Heap Roots: 0.54ms
[1564.868s][info][gc,phases      ] GC(234)   Evacuate Collection Set: 117.37ms
[1564.868s][info][gc,phases      ] GC(234)   Post Evacuate Collection Set: 0.87ms
[1564.868s][info][gc,phases      ] GC(234)   Other: 0.15ms
[1564.868s][info][gc,heap        ] GC(234) Eden regions: 1120->0(1117)
[1564.868s][info][gc,heap        ] GC(234) Survivor regions: 108->111(154)
[1564.868s][info][gc,heap        ] GC(234) Old regions: 467->499
[1564.868s][info][gc,heap        ] GC(234) Humongous regions: 80->80
[1564.868s][info][gc,metaspace   ] GC(234) Metaspace: 28980K(29376K)->28980K(29376K) NonClass: 24094K(24256K)->24094K(24256K) Class: 4886K(5120K)->4886K(5120K)
[1564.868s][info][gc             ] GC(234) Pause Young (Concurrent Start) (G1 Evacuation Pause) 3549M->1378M(4096M) 119.527ms
[1564.868s][info][gc             ] GC(235) Concurrent Mark Cycle
[1564.868s][info][gc,marking     ] GC(235) Concurrent Scan Root Regions
[1564.868s][info][gc,cpu         ] GC(234) User=0.71s Sys=0.00s Real=0.12s
[1564.993s][info][gc,marking     ] GC(235) Concurrent Scan Root Regions 124.531ms
[1564.993s][info][gc,marking     ] GC(235) Concurrent Mark
[1564.993s][info][gc,marking     ] GC(235) Concurrent Mark From Roots
[1564.993s][info][gc,task        ] GC(235) Using 2 workers of 2 for marking
[1565.537s][info][gc,marking     ] GC(235) Concurrent Mark From Roots 543.797ms
[1565.537s][info][gc,marking     ] GC(235) Concurrent Preclean
[1565.537s][info][gc,marking     ] GC(235) Concurrent Preclean 0.060ms
[1565.537s][info][gc,start       ] GC(235) Pause Remark
[1565.540s][info][gc             ] GC(235) Pause Remark 1567M->1567M(4096M) 2.815ms
[1565.540s][info][gc,cpu         ] GC(235) User=0.01s Sys=0.00s Real=0.00s
[1565.540s][info][gc,marking     ] GC(235) Concurrent Mark 547.377ms
[1565.540s][info][gc,marking     ] GC(235) Concurrent Rebuild Remembered Sets and Scrub Regions
.[1565.745s][info][gc,marking     ] GC(235) Concurrent Rebuild Remembered Sets and Scrub Regions 204.616ms
[1565.745s][info][gc,start       ] GC(235) Pause Cleanup
[1565.745s][info][gc             ] GC(235) Pause Cleanup 1624M->1624M(4096M) 0.113ms
[1565.745s][info][gc,cpu         ] GC(235) User=0.00s Sys=0.00s Real=0.00s
[1565.745s][info][gc,marking     ] GC(235) Concurrent Clear Claimed Marks
[1565.745s][info][gc,marking     ] GC(235) Concurrent Clear Claimed Marks 0.032ms
[1565.745s][info][gc,marking     ] GC(235) Concurrent Cleanup for Next Mark
[1565.748s][info][gc,marking     ] GC(235) Concurrent Cleanup for Next Mark 3.198ms
[1565.748s][info][gc             ] GC(235) Concurrent Mark Cycle 880.201ms
........[1573.885s][info][gc,start       ] GC(236) Pause Young (Prepare Mixed) (G1 Evacuation Pause)
[1573.885s][info][gc,task        ] GC(236) Using 6 workers of 6 for evacuation
[1574.000s][info][gc,phases      ] GC(236)   Pre Evacuate Collection Set: 0.37ms
[1574.000s][info][gc,phases      ] GC(236)   Merge Heap Roots: 0.52ms
[1574.000s][info][gc,phases      ] GC(236)   Evacuate Collection Set: 112.78ms
[1574.000s][info][gc,phases      ] GC(236)   Post Evacuate Collection Set: 0.94ms
[1574.000s][info][gc,phases      ] GC(236)   Other: 0.10ms
[1574.000s][info][gc,heap        ] GC(236) Eden regions: 1117->0(1118)
[1574.000s][info][gc,heap        ] GC(236) Survivor regions: 111->108(154)
[1574.000s][info][gc,heap        ] GC(236) Old regions: 499->531
[1574.000s][info][gc,heap        ] GC(236) Humongous regions: 80->80
[1574.000s][info][gc,metaspace   ] GC(236) Metaspace: 28981K(29376K)->28981K(29376K) NonClass: 24095K(24256K)->24095K(24256K) Class: 4886K(5120K)->4886K(5120K)
[1574.000s][info][gc             ] GC(236) Pause Young (Prepare Mixed) (G1 Evacuation Pause) 3612M->1435M(4096M) 114.850ms
[1574.000s][info][gc,cpu         ] GC(236) User=0.68s Sys=0.01s Real=0.11s
.........[1583.036s][info][gc,start       ] GC(237) Pause Young (Mixed) (G1 Evacuation Pause)
[1583.036s][info][gc,task        ] GC(237) Using 6 workers of 6 for evacuation
[1583.167s][info][gc,phases      ] GC(237)   Pre Evacuate Collection Set: 0.48ms
[1583.167s][info][gc,phases      ] GC(237)   Merge Heap Roots: 0.70ms
[1583.167s][info][gc,phases      ] GC(237)   Evacuate Collection Set: 128.62ms
[1583.167s][info][gc,phases      ] GC(237)   Post Evacuate Collection Set: 0.95ms
[1583.167s][info][gc,phases      ] GC(237)   Other: 0.10ms
[1583.167s][info][gc,heap        ] GC(237) Eden regions: 1118->0(1119)
[1583.167s][info][gc,heap        ] GC(237) Survivor regions: 108->109(154)
[1583.167s][info][gc,heap        ] GC(237) Old regions: 531->467
[1583.167s][info][gc,heap        ] GC(237) Humongous regions: 80->80
[1583.167s][info][gc,metaspace   ] GC(237) Metaspace: 28981K(29376K)->28981K(29376K) NonClass: 24095K(24256K)->24095K(24256K) Class: 4886K(5120K)->4886K(5120K)
[1583.167s][info][gc             ] GC(237) Pause Young (Mixed) (G1 Evacuation Pause) 3671M->1310M(4096M) 130.995ms
[1583.167s][info][gc,cpu         ] GC(237) User=0.78s Sys=0.00s Real=0.13s
.........[1592.089s][info][gc,start       ] GC(238) Pause Young (Concurrent Start) (G1 Evacuation Pause)
[1592.089s][info][gc,task        ] GC(238) Using 6 workers of 6 for evacuation
[1592.203s][info][gc,phases      ] GC(238)   Pre Evacuate Collection Set: 0.38ms
[1592.203s][info][gc,phases      ] GC(238)   Merge Heap Roots: 0.50ms
[1592.203s][info][gc,phases      ] GC(238)   Evacuate Collection Set: 112.73ms
[1592.203s][info][gc,phases      ] GC(238)   Post Evacuate Collection Set: 0.90ms
[1592.203s][info][gc,phases      ] GC(238)   Other: 0.13ms
[1592.203s][info][gc,heap        ] GC(238) Eden regions: 1119->0(1120)
[1592.203s][info][gc,heap        ] GC(238) Survivor regions: 109->108(154)
[1592.203s][info][gc,heap        ] GC(238) Old regions: 467->499
[1592.203s][info][gc,heap        ] GC(238) Humongous regions: 80->80
[1592.203s][info][gc,metaspace   ] GC(238) Metaspace: 28981K(29376K)->28981K(29376K) NonClass: 24095K(24256K)->24095K(24256K) Class: 4886K(5120K)->4886K(5120K)
[1592.203s][info][gc             ] GC(238) Pause Young (Concurrent Start) (G1 Evacuation Pause) 3548M->1372M(4096M) 114.769ms
[1592.203s][info][gc             ] GC(239) Concurrent Mark Cycle
[1592.203s][info][gc,cpu         ] GC(238) User=0.69s Sys=0.00s Real=0.12s
[1592.203s][info][gc,marking     ] GC(239) Concurrent Scan Root Regions
[1592.326s][info][gc,marking     ] GC(239) Concurrent Scan Root Regions 122.318ms
[1592.326s][info][gc,marking     ] GC(239) Concurrent Mark
[1592.326s][info][gc,marking     ] GC(239) Concurrent Mark From Roots
[1592.326s][info][gc,task        ] GC(239) Using 2 workers of 2 for marking
.[1592.885s][info][gc,marking     ] GC(239) Concurrent Mark From Roots 559.633ms
[1592.885s][info][gc,marking     ] GC(239) Concurrent Preclean
[1592.886s][info][gc,marking     ] GC(239) Concurrent Preclean 0.060ms
[1592.886s][info][gc,start       ] GC(239) Pause Remark
[1592.888s][info][gc             ] GC(239) Pause Remark 1568M->1568M(4096M) 2.848ms
[1592.889s][info][gc,cpu         ] GC(239) User=0.01s Sys=0.00s Real=0.00s
[1592.889s][info][gc,marking     ] GC(239) Concurrent Mark 562.777ms
[1592.889s][info][gc,marking     ] GC(239) Concurrent Rebuild Remembered Sets and Scrub Regions
[1593.093s][info][gc,marking     ] GC(239) Concurrent Rebuild Remembered Sets and Scrub Regions 204.334ms
[1593.093s][info][gc,start       ] GC(239) Pause Cleanup
[1593.093s][info][gc             ] GC(239) Pause Cleanup 1616M->1616M(4096M) 0.110ms
[1593.093s][info][gc,cpu         ] GC(239) User=0.00s Sys=0.00s Real=0.00s
[1593.093s][info][gc,marking     ] GC(239) Concurrent Clear Claimed Marks
[1593.093s][info][gc,marking     ] GC(239) Concurrent Clear Claimed Marks 0.038ms
[1593.093s][info][gc,marking     ] GC(239) Concurrent Cleanup for Next Mark
[1593.096s][info][gc,marking     ] GC(239) Concurrent Cleanup for Next Mark 3.185ms
[1593.096s][info][gc             ] GC(239) Concurrent Mark Cycle 893.060ms
.. (rIR:aIR:PR = 2076:2077:2077) (tPR = 30985) [OK] 
  1594s: Performance info:
         Transaction,    Success,    Partial,     Failed,   Receipts, AvgBarcode, 
             Overall,     124707,          0,          0,     118468,      59.47, 
         Response times:
             Request,    Success,    Partial,     Failed,   SkipFail,     Probes,    Samples,      min,      p50,      p90,      p95,      p99,      max, 
       TotalPurchase,     118468,          0,          0,          0,     115293,     129735,      300,     1800,     2800,     3200,    11100,   172000,
     InStorePurchase,      62314,          0,          0,          0,      60732,      68253,      300,     1800,     2800,     3200,    11046,   171000,
      OnlinePurchase,      43686,          0,          0,          0,      42635,      47869,      300,     1900,     2800,     3300,    11600,   158000,
        InstPurchase,      12468,          0,          0,          0,      11926,      13613,      400,     1900,     2900,     3300,     8244,   172000,
          AssocOfCat,        124,          0,          0,          0,         98,        160,    19300,    25500,    33000,    37000,   176560,   179000,
      AssocOfProduct,       1250,          0,          0,          0,       1117,       1386,      700,     2100,     2800,     3200,    13200,   138000,
      BusinessReport,        313,          0,          0,          0,        251,        349,    21000,    29000,    37000,    44000,   154500,   182000,
          CustBuyBeh,       1253,          0,          0,          0,       1087,       1336,      500,     1700,     2400,     2800,    12200,   118000,
       ProductReturn,       3299,          0,          0,          0,       2995,       3546,      200,     1700,     2600,     3000,    11900,   138000,

  1594s: (16%)   IR =   2214 ....|..[1600.868s][info][gc,start       ] GC(240) Pause Young (Prepare Mixed) (G1 Evacuation Pause)
[1600.868s][info][gc,task        ] GC(240) Using 6 workers of 6 for evacuation
[1600.984s][info][gc,phases      ] GC(240)   Pre Evacuate Collection Set: 0.35ms
[1600.984s][info][gc,phases      ] GC(240)   Merge Heap Roots: 0.51ms
[1600.984s][info][gc,phases      ] GC(240)   Evacuate Collection Set: 114.02ms
[1600.984s][info][gc,phases      ] GC(240)   Post Evacuate Collection Set: 0.92ms
[1600.984s][info][gc,phases      ] GC(240)   Other: 0.10ms
[1600.984s][info][gc,heap        ] GC(240) Eden regions: 1120->0(1118)
[1600.984s][info][gc,heap        ] GC(240) Survivor regions: 108->108(154)
[1600.984s][info][gc,heap        ] GC(240) Old regions: 499->531
[1600.984s][info][gc,heap        ] GC(240) Humongous regions: 80->80
[1600.984s][info][gc,metaspace   ] GC(240) Metaspace: 28983K(29376K)->28983K(29376K) NonClass: 24097K(24256K)->24097K(24256K) Class: 4886K(5120K)->4886K(5120K)
[1600.984s][info][gc             ] GC(240) Pause Young (Prepare Mixed) (G1 Evacuation Pause) 3612M->1436M(4096M) 116.042ms
[1600.984s][info][gc,cpu         ] GC(240) User=0.69s Sys=0.00s Real=0.12s
........[1609.336s][info][gc,start       ] GC(241) Pause Young (Mixed) (G1 Evacuation Pause)
[1609.336s][info][gc,task        ] GC(241) Using 6 workers of 6 for evacuation
[1609.466s][info][gc,phases      ] GC(241)   Pre Evacuate Collection Set: 0.40ms
[1609.466s][info][gc,phases      ] GC(241)   Merge Heap Roots: 0.70ms
[1609.466s][info][gc,phases      ] GC(241)   Evacuate Collection Set: 127.45ms
[1609.466s][info][gc,phases      ] GC(241)   Post Evacuate Collection Set: 0.97ms
[1609.466s][info][gc,phases      ] GC(241)   Other: 0.10ms
[1609.466s][info][gc,heap        ] GC(241) Eden regions: 1118->0(1120)
[1609.466s][info][gc,heap        ] GC(241) Survivor regions: 108->108(154)
[1609.466s][info][gc,heap        ] GC(241) Old regions: 531->467
[1609.466s][info][gc,heap        ] GC(241) Humongous regions: 80->80
[1609.466s][info][gc,metaspace   ] GC(241) Metaspace: 28983K(29376K)->28983K(29376K) NonClass: 24097K(24256K)->24097K(24256K) Class: 4886K(5120K)->4886K(5120K)
[1609.466s][info][gc             ] GC(241) Pause Young (Mixed) (G1 Evacuation Pause) 3672M->1309M(4096M) 129.739ms
[1609.466s][info][gc,cpu         ] GC(241) User=0.77s Sys=0.00s Real=0.13s
.........[1617.940s][info][gc,start       ] GC(242) Pause Young (Concurrent Start) (G1 Evacuation Pause)
[1617.940s][info][gc,task        ] GC(242) Using 6 workers of 6 for evacuation
[1618.055s][info][gc,phases      ] GC(242)   Pre Evacuate Collection Set: 0.46ms
[1618.055s][info][gc,phases      ] GC(242)   Merge Heap Roots: 0.52ms
[1618.055s][info][gc,phases      ] GC(242)   Evacuate Collection Set: 113.21ms
[1618.055s][info][gc,phases      ] GC(242)   Post Evacuate Collection Set: 0.90ms
[1618.055s][info][gc,phases      ] GC(242)   Other: 0.11ms
[1618.055s][info][gc,heap        ] GC(242) Eden regions: 1120->0(1119)
[1618.055s][info][gc,heap        ] GC(242) Survivor regions: 108->109(154)
[1618.055s][info][gc,heap        ] GC(242) Old regions: 467->498
[1618.055s][info][gc,heap        ] GC(242) Humongous regions: 80->80
[1618.055s][info][gc,metaspace   ] GC(242) Metaspace: 28983K(29376K)->28983K(29376K) NonClass: 24097K(24256K)->24097K(24256K) Class: 4886K(5120K)->4886K(5120K)
[1618.055s][info][gc             ] GC(242) Pause Young (Concurrent Start) (G1 Evacuation Pause) 3549M->1372M(4096M) 115.367ms
[1618.055s][info][gc             ] GC(243) Concurrent Mark Cycle
[1618.055s][info][gc,marking     ] GC(243) Concurrent Scan Root Regions
[1618.055s][info][gc,cpu         ] GC(242) User=0.68s Sys=0.00s Real=0.12s
[1618.173s][info][gc,marking     ] GC(243) Concurrent Scan Root Regions 117.500ms
[1618.173s][info][gc,marking     ] GC(243) Concurrent Mark
[1618.173s][info][gc,marking     ] GC(243) Concurrent Mark From Roots
[1618.173s][info][gc,task        ] GC(243) Using 2 workers of 2 for marking
.[1618.733s][info][gc,marking     ] GC(243) Concurrent Mark From Roots 560.253ms
[1618.733s][info][gc,marking     ] GC(243) Concurrent Preclean
[1618.733s][info][gc,marking     ] GC(243) Concurrent Preclean 0.062ms
[1618.733s][info][gc,start       ] GC(243) Pause Remark
[1618.736s][info][gc             ] GC(243) Pause Remark 1581M->1581M(4096M) 3.155ms
[1618.736s][info][gc,cpu         ] GC(243) User=0.02s Sys=0.00s Real=0.01s
[1618.736s][info][gc,marking     ] GC(243) Concurrent Mark 563.705ms
[1618.736s][info][gc,marking     ] GC(243) Concurrent Rebuild Remembered Sets and Scrub Regions
[1618.948s][info][gc,marking     ] GC(243) Concurrent Rebuild Remembered Sets and Scrub Regions 211.221ms
[1618.948s][info][gc,start       ] GC(243) Pause Cleanup
[1618.948s][info][gc             ] GC(243) Pause Cleanup 1651M->1651M(4096M) 0.117ms
[1618.948s][info][gc,cpu         ] GC(243) User=0.00s Sys=0.00s Real=0.00s
[1618.948s][info][gc,marking     ] GC(243) Concurrent Clear Claimed Marks
[1618.948s][info][gc,marking     ] GC(243) Concurrent Clear Claimed Marks 0.026ms
[1618.948s][info][gc,marking     ] GC(243) Concurrent Cleanup for Next Mark
[1618.951s][info][gc,marking     ] GC(243) Concurrent Cleanup for Next Mark 3.246ms
[1618.951s][info][gc             ] GC(243) Concurrent Mark Cycle 896.089ms
.......[1626.454s][info][gc,start       ] GC(244) Pause Young (Prepare Mixed) (G1 Evacuation Pause)
[1626.454s][info][gc,task        ] GC(244) Using 6 workers of 6 for evacuation
[1626.569s][info][gc,phases      ] GC(244)   Pre Evacuate Collection Set: 0.35ms
[1626.569s][info][gc,phases      ] GC(244)   Merge Heap Roots: 0.52ms
[1626.569s][info][gc,phases      ] GC(244)   Evacuate Collection Set: 113.35ms
[1626.569s][info][gc,phases      ] GC(244)   Post Evacuate Collection Set: 0.91ms
[1626.569s][info][gc,phases      ] GC(244)   Other: 0.10ms
[1626.569s][info][gc,heap        ] GC(244) Eden regions: 1119->0(1117)
[1626.569s][info][gc,heap        ] GC(244) Survivor regions: 109->109(154)
[1626.569s][info][gc,heap        ] GC(244) Old regions: 498->530
[1626.569s][info][gc,heap        ] GC(244) Humongous regions: 80->80
[1626.569s][info][gc,metaspace   ] GC(244) Metaspace: 28983K(29376K)->28983K(29376K) NonClass: 24097K(24256K)->24097K(24256K) Class: 4886K(5120K)->4886K(5120K)
[1626.569s][info][gc             ] GC(244) Pause Young (Prepare Mixed) (G1 Evacuation Pause) 3610M->1437M(4096M) 115.352ms
[1626.569s][info][gc,cpu         ] GC(244) User=0.68s Sys=0.01s Real=0.11s
.........[1635.047s][info][gc,start       ] GC(245) Pause Young (Mixed) (G1 Evacuation Pause)
[1635.047s][info][gc,task        ] GC(245) Using 6 workers of 6 for evacuation
[1635.177s][info][gc,phases      ] GC(245)   Pre Evacuate Collection Set: 0.41ms
[1635.177s][info][gc,phases      ] GC(245)   Merge Heap Roots: 0.71ms
[1635.177s][info][gc,phases      ] GC(245)   Evacuate Collection Set: 127.28ms
[1635.177s][info][gc,phases      ] GC(245)   Post Evacuate Collection Set: 0.97ms
[1635.177s][info][gc,phases      ] GC(245)   Other: 0.10ms
[1635.177s][info][gc,heap        ] GC(245) Eden regions: 1117->0(1119)
[1635.177s][info][gc,heap        ] GC(245) Survivor regions: 109->109(154)
[1635.177s][info][gc,heap        ] GC(245) Old regions: 530->467
[1635.177s][info][gc,heap        ] GC(245) Humongous regions: 80->80
[1635.177s][info][gc,metaspace   ] GC(245) Metaspace: 28983K(29376K)->28983K(29376K) NonClass: 24097K(24256K)->24097K(24256K) Class: 4886K(5120K)->4886K(5120K)
[1635.177s][info][gc             ] GC(245) Pause Young (Mixed) (G1 Evacuation Pause) 3671M->1309M(4096M) 129.651ms
[1635.177s][info][gc,cpu         ] GC(245) User=0.77s Sys=0.00s Real=0.13s
........[1643.570s][info][gc,start       ] GC(246) Pause Young (Concurrent Start) (G1 Evacuation Pause)
[1643.570s][info][gc,task        ] GC(246) Using 6 workers of 6 for evacuation
[1643.686s][info][gc,phases      ] GC(246)   Pre Evacuate Collection Set: 0.41ms
[1643.686s][info][gc,phases      ] GC(246)   Merge Heap Roots: 0.49ms
[1643.686s][info][gc,phases      ] GC(246)   Evacuate Collection Set: 113.53ms
[1643.686s][info][gc,phases      ] GC(246)   Post Evacuate Collection Set: 0.90ms
[1643.686s][info][gc,phases      ] GC(246)   Other: 0.11ms
[1643.686s][info][gc,heap        ] GC(246) Eden regions: 1119->0(1119)
[1643.686s][info][gc,heap        ] GC(246) Survivor regions: 109->109(154)
[1643.686s][info][gc,heap        ] GC(246) Old regions: 467->499
[1643.686s][info][gc,heap        ] GC(246) Humongous regions: 80->80
[1643.686s][info][gc,metaspace   ] GC(246) Metaspace: 28984K(29376K)->28984K(29376K) NonClass: 24098K(24256K)->24098K(24256K) Class: 4886K(5120K)->4886K(5120K)
[1643.686s][info][gc             ] GC(246) Pause Young (Concurrent Start) (G1 Evacuation Pause) 3547M->1373M(4096M) 115.572ms
[1643.686s][info][gc             ] GC(247) Concurrent Mark Cycle
[1643.686s][info][gc,marking     ] GC(247) Concurrent Scan Root Regions
[1643.686s][info][gc,cpu         ] GC(246) User=0.68s Sys=0.00s Real=0.12s
.[1643.857s][info][gc,marking     ] GC(247) Concurrent Scan Root Regions 170.971ms
[1643.857s][info][gc,marking     ] GC(247) Concurrent Mark
[1643.857s][info][gc,marking     ] GC(247) Concurrent Mark From Roots
[1643.857s][info][gc,task        ] GC(247) Using 2 workers of 2 for marking
.[1644.804s][info][gc,marking     ] GC(247) Concurrent Mark From Roots 946.724ms
[1644.804s][info][gc,marking     ] GC(247) Concurrent Preclean
[1644.804s][info][gc,marking     ] GC(247) Concurrent Preclean 0.059ms
[1644.804s][info][gc,start       ] GC(247) Pause Remark
[1644.808s][info][gc             ] GC(247) Pause Remark 1695M->1695M(4096M) 3.800ms
[1644.808s][info][gc,cpu         ] GC(247) User=0.02s Sys=0.00s Real=0.00s
[1644.808s][info][gc,marking     ] GC(247) Concurrent Mark 950.815ms
[1644.808s][info][gc,marking     ] GC(247) Concurrent Rebuild Remembered Sets and Scrub Regions
[1645.143s][info][gc,marking     ] GC(247) Concurrent Rebuild Remembered Sets and Scrub Regions 335.406ms
[1645.143s][info][gc,start       ] GC(247) Pause Cleanup
[1645.143s][info][gc             ] GC(247) Pause Cleanup 1779M->1779M(4096M) 0.122ms
[1645.143s][info][gc,cpu         ] GC(247) User=0.00s Sys=0.00s Real=0.00s
[1645.143s][info][gc,marking     ] GC(247) Concurrent Clear Claimed Marks
[1645.143s][info][gc,marking     ] GC(247) Concurrent Clear Claimed Marks 0.031ms
[1645.143s][info][gc,marking     ] GC(247) Concurrent Cleanup for Next Mark
[1645.147s][info][gc,marking     ] GC(247) Concurrent Cleanup for Next Mark 3.341ms
[1645.147s][info][gc             ] GC(247) Concurrent Mark Cycle 1461.020ms
.......[1652.105s][info][gc,start       ] GC(248) Pause Young (Prepare Mixed) (G1 Evacuation Pause)
[1652.105s][info][gc,task        ] GC(248) Using 6 workers of 6 for evacuation
[1652.220s][info][gc,phases      ] GC(248)   Pre Evacuate Collection Set: 0.39ms
[1652.220s][info][gc,phases      ] GC(248)   Merge Heap Roots: 0.51ms
[1652.220s][info][gc,phases      ] GC(248)   Evacuate Collection Set: 112.84ms
[1652.220s][info][gc,phases      ] GC(248)   Post Evacuate Collection Set: 0.93ms
[1652.220s][info][gc,phases      ] GC(248)   Other: 0.09ms
[1652.220s][info][gc,heap        ] GC(248) Eden regions: 1119->0(1118)
[1652.220s][info][gc,heap        ] GC(248) Survivor regions: 109->108(154)
[1652.220s][info][gc,heap        ] GC(248) Old regions: 499->531
[1652.220s][info][gc,heap        ] GC(248) Humongous regions: 80->80
[1652.220s][info][gc,metaspace   ] GC(248) Metaspace: 28984K(29376K)->28984K(29376K) NonClass: 24098K(24256K)->24098K(24256K) Class: 4886K(5120K)->4886K(5120K)
[1652.220s][info][gc             ] GC(248) Pause Young (Prepare Mixed) (G1 Evacuation Pause) 3611M->1436M(4096M) 114.899ms
[1652.220s][info][gc,cpu         ] GC(248) User=0.68s Sys=0.00s Real=0.11s
....... (rIR:aIR:PR = 2214:2213:2213) (tPR = 33191) [OK] 
  1658s: Performance info:
         Transaction,    Success,    Partial,     Failed,   Receipts, AvgBarcode, 
             Overall,     132879,          0,          0,     126253,      59.48, 
         Response times:
             Request,    Success,    Partial,     Failed,   SkipFail,     Probes,    Samples,      min,      p50,      p90,      p95,      p99,      max, 
       TotalPurchase,     126253,          0,          0,          0,     123142,     132672,      300,     1900,     3000,     3400,     9500,   163000,
     InStorePurchase,      66437,          0,          0,          0,      65104,      69937,      300,     2000,     3000,     3500,    10000,   163000,
      OnlinePurchase,      46493,          0,          0,          0,      45289,      48807,      300,     1700,     2900,     3300,     8700,   162000,
        InstPurchase,      13323,          0,          0,          0,      12749,      13928,      400,     1900,     2900,     3400,     8871,   161000,
          AssocOfCat,        134,          0,          0,          0,        104,        139,    19000,    26000,    31000,    33000,    36800,    38000,
      AssocOfProduct,       1323,          0,          0,          0,       1153,       1350,      400,     2400,     3200,     3700,    16000,   161000,
      BusinessReport,        332,          0,          0,          0,        262,        375,    21000,    30000,    38000,    44200,   100720,   183000,
          CustBuyBeh,       1323,          0,          0,          0,       1170,       1407,      200,     1900,     3000,     3560,    13144,   120000,
       ProductReturn,       3514,          0,          0,          0,       3210,       3627,      200,     2200,     3100,     3600,    13236,   124000,

  1658s: (17%)   IR =   2352 .[1660.533s][info][gc,start       ] GC(249) Pause Young (Mixed) (G1 Evacuation Pause)
[1660.533s][info][gc,task        ] GC(249) Using 6 workers of 6 for evacuation
[1660.664s][info][gc,phases      ] GC(249)   Pre Evacuate Collection Set: 0.45ms
[1660.664s][info][gc,phases      ] GC(249)   Merge Heap Roots: 0.67ms
[1660.664s][info][gc,phases      ] GC(249)   Evacuate Collection Set: 128.83ms
[1660.664s][info][gc,phases      ] GC(249)   Post Evacuate Collection Set: 0.95ms
[1660.664s][info][gc,phases      ] GC(249)   Other: 0.10ms
[1660.664s][info][gc,heap        ] GC(249) Eden regions: 1118->0(1120)
[1660.664s][info][gc,heap        ] GC(249) Survivor regions: 108->108(154)
[1660.664s][info][gc,heap        ] GC(249) Old regions: 531->469
[1660.664s][info][gc,heap        ] GC(249) Humongous regions: 80->80
[1660.664s][info][gc,metaspace   ] GC(249) Metaspace: 28984K(29376K)->28984K(29376K) NonClass: 24098K(24256K)->24098K(24256K) Class: 4886K(5120K)->4886K(5120K)
[1660.664s][info][gc             ] GC(249) Pause Young (Mixed) (G1 Evacuation Pause) 3672M->1311M(4096M) 131.136ms
[1660.664s][info][gc,cpu         ] GC(249) User=0.78s Sys=0.00s Real=0.14s
......|..[1668.618s][info][gc,start       ] GC(250) Pause Young (Concurrent Start) (G1 Evacuation Pause)
[1668.618s][info][gc,task        ] GC(250) Using 6 workers of 6 for evacuation
[1668.733s][info][gc,phases      ] GC(250)   Pre Evacuate Collection Set: 0.37ms
[1668.733s][info][gc,phases      ] GC(250)   Merge Heap Roots: 0.46ms
[1668.733s][info][gc,phases      ] GC(250)   Evacuate Collection Set: 113.10ms
[1668.733s][info][gc,phases      ] GC(250)   Post Evacuate Collection Set: 0.95ms
[1668.733s][info][gc,phases      ] GC(250)   Other: 0.09ms
[1668.733s][info][gc,heap        ] GC(250) Eden regions: 1120->0(1119)
[1668.733s][info][gc,heap        ] GC(250) Survivor regions: 108->109(154)
[1668.733s][info][gc,heap        ] GC(250) Old regions: 469->501
[1668.733s][info][gc,heap        ] GC(250) Humongous regions: 80->80
[1668.733s][info][gc,metaspace   ] GC(250) Metaspace: 28984K(29376K)->28984K(29376K) NonClass: 24098K(24256K)->24098K(24256K) Class: 4886K(5120K)->4886K(5120K)
[1668.733s][info][gc             ] GC(250) Pause Young (Concurrent Start) (G1 Evacuation Pause) 3551M->1378M(4096M) 115.148ms
[1668.733s][info][gc             ] GC(251) Concurrent Mark Cycle
[1668.733s][info][gc,marking     ] GC(251) Concurrent Scan Root Regions
[1668.733s][info][gc,cpu         ] GC(250) User=0.68s Sys=0.00s Real=0.11s
.[1668.856s][info][gc,marking     ] GC(251) Concurrent Scan Root Regions 122.577ms
[1668.856s][info][gc,marking     ] GC(251) Concurrent Mark
[1668.856s][info][gc,marking     ] GC(251) Concurrent Mark From Roots
[1668.856s][info][gc,task        ] GC(251) Using 2 workers of 2 for marking
[1669.477s][info][gc,marking     ] GC(251) Concurrent Mark From Roots 621.329ms
[1669.477s][info][gc,marking     ] GC(251) Concurrent Preclean
[1669.477s][info][gc,marking     ] GC(251) Concurrent Preclean 0.076ms
[1669.477s][info][gc,start       ] GC(251) Pause Remark
[1669.480s][info][gc             ] GC(251) Pause Remark 1629M->1629M(4096M) 3.048ms
[1669.480s][info][gc,cpu         ] GC(251) User=0.02s Sys=0.00s Real=0.00s
[1669.481s][info][gc,marking     ] GC(251) Concurrent Mark 625.431ms
[1669.481s][info][gc,marking     ] GC(251) Concurrent Rebuild Remembered Sets and Scrub Regions
[1669.690s][info][gc,marking     ] GC(251) Concurrent Rebuild Remembered Sets and Scrub Regions 208.840ms
[1669.690s][info][gc,start       ] GC(251) Pause Cleanup
[1669.690s][info][gc             ] GC(251) Pause Cleanup 1701M->1701M(4096M) 0.120ms
[1669.690s][info][gc,cpu         ] GC(251) User=0.00s Sys=0.00s Real=0.00s
[1669.690s][info][gc,marking     ] GC(251) Concurrent Clear Claimed Marks
[1669.690s][info][gc,marking     ] GC(251) Concurrent Clear Claimed Marks 0.026ms
[1669.690s][info][gc,marking     ] GC(251) Concurrent Cleanup for Next Mark
[1669.694s][info][gc,marking     ] GC(251) Concurrent Cleanup for Next Mark 3.541ms
[1669.694s][info][gc             ] GC(251) Concurrent Mark Cycle 960.857ms
.......[1676.687s][info][gc,start       ] GC(252) Pause Young (Prepare Mixed) (G1 Evacuation Pause)
[1676.687s][info][gc,task        ] GC(252) Using 6 workers of 6 for evacuation
[1676.801s][info][gc,phases      ] GC(252)   Pre Evacuate Collection Set: 0.33ms
[1676.801s][info][gc,phases      ] GC(252)   Merge Heap Roots: 0.51ms
[1676.801s][info][gc,phases      ] GC(252)   Evacuate Collection Set: 112.19ms
[1676.801s][info][gc,phases      ] GC(252)   Post Evacuate Collection Set: 0.92ms
[1676.801s][info][gc,phases      ] GC(252)   Other: 0.08ms
[1676.801s][info][gc,heap        ] GC(252) Eden regions: 1119->0(1115)
[1676.801s][info][gc,heap        ] GC(252) Survivor regions: 109->109(154)
[1676.801s][info][gc,heap        ] GC(252) Old regions: 501->532
[1676.801s][info][gc,heap        ] GC(252) Humongous regions: 80->80
[1676.801s][info][gc,metaspace   ] GC(252) Metaspace: 28984K(29376K)->28984K(29376K) NonClass: 24098K(24256K)->24098K(24256K) Class: 4886K(5120K)->4886K(5120K)
[1676.801s][info][gc             ] GC(252) Pause Young (Prepare Mixed) (G1 Evacuation Pause) 3616M->1440M(4096M) 114.148ms
[1676.801s][info][gc,cpu         ] GC(252) User=0.68s Sys=0.00s Real=0.11s
........[1684.676s][info][gc,start       ] GC(253) Pause Young (Mixed) (G1 Evacuation Pause)
[1684.676s][info][gc,task        ] GC(253) Using 6 workers of 6 for evacuation
[1684.804s][info][gc,phases      ] GC(253)   Pre Evacuate Collection Set: 0.42ms
[1684.804s][info][gc,phases      ] GC(253)   Merge Heap Roots: 0.66ms
[1684.804s][info][gc,phases      ] GC(253)   Evacuate Collection Set: 125.43ms
[1684.804s][info][gc,phases      ] GC(253)   Post Evacuate Collection Set: 1.00ms
[1684.804s][info][gc,phases      ] GC(253)   Other: 0.10ms
[1684.804s][info][gc,heap        ] GC(253) Eden regions: 1115->0(1121)
[1684.804s][info][gc,heap        ] GC(253) Survivor regions: 109->107(153)
[1684.804s][info][gc,heap        ] GC(253) Old regions: 532->468
[1684.804s][info][gc,heap        ] GC(253) Humongous regions: 80->80
[1684.804s][info][gc,metaspace   ] GC(253) Metaspace: 28984K(29376K)->28984K(29376K) NonClass: 24098K(24256K)->24098K(24256K) Class: 4886K(5120K)->4886K(5120K)
[1684.804s][info][gc             ] GC(253) Pause Young (Mixed) (G1 Evacuation Pause) 3670M->1308M(4096M) 127.770ms
[1684.804s][info][gc,cpu         ] GC(253) User=0.76s Sys=0.00s Real=0.13s
........[1692.677s][info][gc,start       ] GC(254) Pause Young (Concurrent Start) (G1 Evacuation Pause)
[1692.677s][info][gc,task        ] GC(254) Using 6 workers of 6 for evacuation
[1692.792s][info][gc,phases      ] GC(254)   Pre Evacuate Collection Set: 0.42ms
[1692.792s][info][gc,phases      ] GC(254)   Merge Heap Roots: 0.46ms
[1692.792s][info][gc,phases      ] GC(254)   Evacuate Collection Set: 113.52ms
[1692.792s][info][gc,phases      ] GC(254)   Post Evacuate Collection Set: 0.89ms
[1692.792s][info][gc,phases      ] GC(254)   Other: 0.11ms
[1692.792s][info][gc,heap        ] GC(254) Eden regions: 1121->0(1121)
[1692.792s][info][gc,heap        ] GC(254) Survivor regions: 107->107(154)
[1692.792s][info][gc,heap        ] GC(254) Old regions: 468->500
[1692.792s][info][gc,heap        ] GC(254) Humongous regions: 80->80
[1692.792s][info][gc,metaspace   ] GC(254) Metaspace: 28984K(29376K)->28984K(29376K) NonClass: 24098K(24256K)->24098K(24256K) Class: 4886K(5120K)->4886K(5120K)
[1692.792s][info][gc             ] GC(254) Pause Young (Concurrent Start) (G1 Evacuation Pause) 3550M->1372M(4096M) 115.530ms
[1692.792s][info][gc             ] GC(255) Concurrent Mark Cycle
[1692.792s][info][gc,marking     ] GC(255) Concurrent Scan Root Regions
[1692.792s][info][gc,cpu         ] GC(254) User=0.68s Sys=0.00s Real=0.11s
.[1692.907s][info][gc,marking     ] GC(255) Concurrent Scan Root Regions 115.046ms
[1692.907s][info][gc,marking     ] GC(255) Concurrent Mark
[1692.907s][info][gc,marking     ] GC(255) Concurrent Mark From Roots
[1692.907s][info][gc,task        ] GC(255) Using 2 workers of 2 for marking
[1693.460s][info][gc,marking     ] GC(255) Concurrent Mark From Roots 552.476ms
[1693.460s][info][gc,marking     ] GC(255) Concurrent Preclean
[1693.460s][info][gc,marking     ] GC(255) Concurrent Preclean 0.068ms
[1693.460s][info][gc,start       ] GC(255) Pause Remark
[1693.463s][info][gc             ] GC(255) Pause Remark 1574M->1574M(4096M) 3.061ms
[1693.463s][info][gc,cpu         ] GC(255) User=0.02s Sys=0.00s Real=0.00s
[1693.464s][info][gc,marking     ] GC(255) Concurrent Mark 556.627ms
[1693.464s][info][gc,marking     ] GC(255) Concurrent Rebuild Remembered Sets and Scrub Regions
[1693.670s][info][gc,marking     ] GC(255) Concurrent Rebuild Remembered Sets and Scrub Regions 206.386ms
[1693.670s][info][gc,start       ] GC(255) Pause Cleanup
[1693.671s][info][gc             ] GC(255) Pause Cleanup 1634M->1634M(4096M) 0.112ms
[1693.671s][info][gc,cpu         ] GC(255) User=0.00s Sys=0.00s Real=0.00s
[1693.671s][info][gc,marking     ] GC(255) Concurrent Clear Claimed Marks
[1693.671s][info][gc,marking     ] GC(255) Concurrent Clear Claimed Marks 0.031ms
[1693.671s][info][gc,marking     ] GC(255) Concurrent Cleanup for Next Mark
[1693.674s][info][gc,marking     ] GC(255) Concurrent Cleanup for Next Mark 3.188ms
[1693.674s][info][gc             ] GC(255) Concurrent Mark Cycle 881.699ms
.......[1700.783s][info][gc,start       ] GC(256) Pause Young (Prepare Mixed) (G1 Evacuation Pause)
[1700.783s][info][gc,task        ] GC(256) Using 6 workers of 6 for evacuation
[1700.901s][info][gc,phases      ] GC(256)   Pre Evacuate Collection Set: 0.36ms
[1700.901s][info][gc,phases      ] GC(256)   Merge Heap Roots: 0.49ms
[1700.901s][info][gc,phases      ] GC(256)   Evacuate Collection Set: 115.60ms
[1700.901s][info][gc,phases      ] GC(256)   Post Evacuate Collection Set: 0.91ms
[1700.901s][info][gc,phases      ] GC(256)   Other: 0.09ms
[1700.901s][info][gc,heap        ] GC(256) Eden regions: 1121->0(1114)
[1700.901s][info][gc,heap        ] GC(256) Survivor regions: 107->110(154)
[1700.901s][info][gc,heap        ] GC(256) Old regions: 500->531
[1700.901s][info][gc,heap        ] GC(256) Humongous regions: 80->80
[1700.901s][info][gc,metaspace   ] GC(256) Metaspace: 28984K(29376K)->28984K(29376K) NonClass: 24098K(24256K)->24098K(24256K) Class: 4886K(5120K)->4886K(5120K)
[1700.901s][info][gc             ] GC(256) Pause Young (Prepare Mixed) (G1 Evacuation Pause) 3614M->1439M(4096M) 117.594ms
[1700.901s][info][gc,cpu         ] GC(256) User=0.70s Sys=0.00s Real=0.12s
.........[1708.933s][info][gc,start       ] GC(257) Pause Young (Mixed) (G1 Evacuation Pause)
[1708.933s][info][gc,task        ] GC(257) Using 6 workers of 6 for evacuation
[1709.062s][info][gc,phases      ] GC(257)   Pre Evacuate Collection Set: 0.44ms
[1709.062s][info][gc,phases      ] GC(257)   Merge Heap Roots: 0.64ms
[1709.062s][info][gc,phases      ] GC(257)   Evacuate Collection Set: 126.91ms
[1709.062s][info][gc,phases      ] GC(257)   Post Evacuate Collection Set: 0.94ms
[1709.062s][info][gc,phases      ] GC(257)   Other: 0.10ms
[1709.062s][info][gc,heap        ] GC(257) Eden regions: 1114->0(1119)
[1709.062s][info][gc,heap        ] GC(257) Survivor regions: 110->109(153)
[1709.062s][info][gc,heap        ] GC(257) Old regions: 531->467
[1709.062s][info][gc,heap        ] GC(257) Humongous regions: 80->80
[1709.062s][info][gc,metaspace   ] GC(257) Metaspace: 28984K(29376K)->28984K(29376K) NonClass: 24098K(24256K)->24098K(24256K) Class: 4886K(5120K)->4886K(5120K)
[1709.062s][info][gc             ] GC(257) Pause Young (Mixed) (G1 Evacuation Pause) 3667M->1309M(4096M) 129.158ms
[1709.062s][info][gc,cpu         ] GC(257) User=0.77s Sys=0.00s Real=0.13s
.......[1716.874s][info][gc,start       ] GC(258) Pause Young (Concurrent Start) (G1 Evacuation Pause)
[1716.874s][info][gc,task        ] GC(258) Using 6 workers of 6 for evacuation
[1716.989s][info][gc,phases      ] GC(258)   Pre Evacuate Collection Set: 0.43ms
[1716.989s][info][gc,phases      ] GC(258)   Merge Heap Roots: 0.54ms
[1716.989s][info][gc,phases      ] GC(258)   Evacuate Collection Set: 112.97ms
[1716.989s][info][gc,phases      ] GC(258)   Post Evacuate Collection Set: 0.91ms
[1716.989s][info][gc,phases      ] GC(258)   Other: 0.12ms
[1716.989s][info][gc,heap        ] GC(258) Eden regions: 1119->0(1120)
[1716.989s][info][gc,heap        ] GC(258) Survivor regions: 109->108(154)
[1716.989s][info][gc,heap        ] GC(258) Old regions: 467->498
[1716.989s][info][gc,heap        ] GC(258) Humongous regions: 80->80
[1716.989s][info][gc,metaspace   ] GC(258) Metaspace: 28984K(29376K)->28984K(29376K) NonClass: 24098K(24256K)->24098K(24256K) Class: 4886K(5120K)->4886K(5120K)
[1716.989s][info][gc             ] GC(258) Pause Young (Concurrent Start) (G1 Evacuation Pause) 3547M->1370M(4096M) 115.084ms
[1716.989s][info][gc             ] GC(259) Concurrent Mark Cycle
[1716.989s][info][gc,marking     ] GC(259) Concurrent Scan Root Regions
[1716.989s][info][gc,cpu         ] GC(258) User=0.68s Sys=0.00s Real=0.11s
.[1717.111s][info][gc,marking     ] GC(259) Concurrent Scan Root Regions 121.854ms
[1717.111s][info][gc,marking     ] GC(259) Concurrent Mark
[1717.111s][info][gc,marking     ] GC(259) Concurrent Mark From Roots
[1717.111s][info][gc,task        ] GC(259) Using 2 workers of 2 for marking
[1717.655s][info][gc,marking     ] GC(259) Concurrent Mark From Roots 544.239ms
[1717.655s][info][gc,marking     ] GC(259) Concurrent Preclean
[1717.655s][info][gc,marking     ] GC(259) Concurrent Preclean 0.070ms
[1717.655s][info][gc,start       ] GC(259) Pause Remark
[1717.658s][info][gc             ] GC(259) Pause Remark 1586M->1586M(4096M) 3.091ms
[1717.658s][info][gc,cpu         ] GC(259) User=0.01s Sys=0.00s Real=0.00s
[1717.659s][info][gc,marking     ] GC(259) Concurrent Mark 547.673ms
[1717.659s][info][gc,marking     ] GC(259) Concurrent Rebuild Remembered Sets and Scrub Regions
.[1717.996s][info][gc,marking     ] GC(259) Concurrent Rebuild Remembered Sets and Scrub Regions 336.967ms
[1717.996s][info][gc,start       ] GC(259) Pause Cleanup
[1717.996s][info][gc             ] GC(259) Pause Cleanup 1680M->1680M(4096M) 0.133ms
[1717.996s][info][gc,cpu         ] GC(259) User=0.00s Sys=0.00s Real=0.00s
[1717.996s][info][gc,marking     ] GC(259) Concurrent Clear Claimed Marks
[1717.996s][info][gc,marking     ] GC(259) Concurrent Clear Claimed Marks 0.039ms
[1717.996s][info][gc,marking     ] GC(259) Concurrent Cleanup for Next Mark
[1718.001s][info][gc,marking     ] GC(259) Concurrent Cleanup for Next Mark 4.646ms
[1718.001s][info][gc             ] GC(259) Concurrent Mark Cycle 1011.931ms
......[1724.958s][info][gc,start       ] GC(260) Pause Young (Prepare Mixed) (G1 Evacuation Pause)
[1724.958s][info][gc,task        ] GC(260) Using 6 workers of 6 for evacuation
[1725.076s][info][gc,phases      ] GC(260)   Pre Evacuate Collection Set: 0.33ms
[1725.076s][info][gc,phases      ] GC(260)   Merge Heap Roots: 0.51ms
[1725.076s][info][gc,phases      ] GC(260)   Evacuate Collection Set: 115.20ms
[1725.076s][info][gc,phases      ] GC(260)   Post Evacuate Collection Set: 0.92ms
[1725.076s][info][gc,phases      ] GC(260)   Other: 0.09ms
[1725.076s][info][gc,heap        ] GC(260) Eden regions: 1120->0(1119)
[1725.076s][info][gc,heap        ] GC(260) Survivor regions: 108->108(154)
[1725.076s][info][gc,heap        ] GC(260) Old regions: 498->530
[1725.076s][info][gc,heap        ] GC(260) Humongous regions: 80->80
[1725.076s][info][gc,metaspace   ] GC(260) Metaspace: 28984K(29376K)->28984K(29376K) NonClass: 24098K(24256K)->24098K(24256K) Class: 4886K(5120K)->4886K(5120K)
[1725.076s][info][gc             ] GC(260) Pause Young (Prepare Mixed) (G1 Evacuation Pause) 3610M->1434M(4096M) 117.207ms
[1725.076s][info][gc,cpu         ] GC(260) User=0.70s Sys=0.00s Real=0.12s
.. (rIR:aIR:PR = 2352:2352:2352) (tPR = 34914) [OK] 
  1725s: Performance info:
         Transaction,    Success,    Partial,     Failed,   Receipts, AvgBarcode, 
             Overall,     141830,          0,          0,     134737,      59.48, 
         Response times:
             Request,    Success,    Partial,     Failed,   SkipFail,     Probes,    Samples,      min,      p50,      p90,      p95,      p99,      max, 
       TotalPurchase,     134737,          0,          0,          0,     131329,     147869,      300,     2000,     3200,     3700,    10600,   150000,
     InStorePurchase,      70905,          0,          0,          0,      69456,      77837,      300,     2000,     3200,     3700,    10900,   150000,
      OnlinePurchase,      49632,          0,          0,          0,      48270,      54504,      300,     2100,     3200,     3700,    10795,   148000,
        InstPurchase,      14200,          0,          0,          0,      13603,      15528,      400,     1800,     3200,     3600,     8000,   136000,
          AssocOfCat,        140,          0,          0,          0,        109,        158,    19700,    26000,    31000,    35050,    86130,   141000,
      AssocOfProduct,       1418,          0,          0,          0,       1250,       1559,      700,     2400,     3300,     3800,     6800,    18600,
      BusinessReport,        355,          0,          0,          0,        265,        380,    21000,    29500,    41000,    47950,    65710,   149000,
          CustBuyBeh,       1417,          0,          0,          0,       1256,       1501,      200,     2500,     3400,     3800,    14098,   133000,
       ProductReturn,       3763,          0,          0,          0,       3487,       4148,      200,     2300,     3200,     3900,    15500,   135000,

  1725s: (18%)   IR =   2491 .....|.[1732.660s][info][gc,start       ] GC(261) Pause Young (Mixed) (G1 Evacuation Pause)
[1732.660s][info][gc,task        ] GC(261) Using 6 workers of 6 for evacuation
[1732.792s][info][gc,phases      ] GC(261)   Pre Evacuate Collection Set: 0.37ms
[1732.792s][info][gc,phases      ] GC(261)   Merge Heap Roots: 0.69ms
[1732.792s][info][gc,phases      ] GC(261)   Evacuate Collection Set: 129.53ms
[1732.792s][info][gc,phases      ] GC(261)   Post Evacuate Collection Set: 1.00ms
[1732.792s][info][gc,phases      ] GC(261)   Other: 0.09ms
[1732.792s][info][gc,heap        ] GC(261) Eden regions: 1119->0(1117)
[1732.792s][info][gc,heap        ] GC(261) Survivor regions: 108->111(154)
[1732.792s][info][gc,heap        ] GC(261) Old regions: 530->467
[1732.792s][info][gc,heap        ] GC(261) Humongous regions: 80->80
[1732.792s][info][gc,metaspace   ] GC(261) Metaspace: 28984K(29376K)->28984K(29376K) NonClass: 24098K(24256K)->24098K(24256K) Class: 4886K(5120K)->4886K(5120K)
[1732.792s][info][gc             ] GC(261) Pause Young (Mixed) (G1 Evacuation Pause) 3672M->1315M(4096M) 131.861ms
[1732.792s][info][gc,cpu         ] GC(261) User=0.78s Sys=0.00s Real=0.13s
........[1740.238s][info][gc,start       ] GC(262) Pause Young (Concurrent Start) (G1 Evacuation Pause)
[1740.238s][info][gc,task        ] GC(262) Using 6 workers of 6 for evacuation
[1740.354s][info][gc,phases      ] GC(262)   Pre Evacuate Collection Set: 0.44ms
[1740.354s][info][gc,phases      ] GC(262)   Merge Heap Roots: 0.49ms
[1740.354s][info][gc,phases      ] GC(262)   Evacuate Collection Set: 113.87ms
[1740.354s][info][gc,phases      ] GC(262)   Post Evacuate Collection Set: 0.91ms
[1740.354s][info][gc,phases      ] GC(262)   Other: 0.11ms
[1740.354s][info][gc,heap        ] GC(262) Eden regions: 1117->0(1120)
[1740.354s][info][gc,heap        ] GC(262) Survivor regions: 111->108(154)
[1740.354s][info][gc,heap        ] GC(262) Old regions: 467->499
[1740.354s][info][gc,heap        ] GC(262) Humongous regions: 80->80
[1740.354s][info][gc,metaspace   ] GC(262) Metaspace: 28984K(29376K)->28984K(29376K) NonClass: 24098K(24256K)->24098K(24256K) Class: 4886K(5120K)->4886K(5120K)
[1740.354s][info][gc             ] GC(262) Pause Young (Concurrent Start) (G1 Evacuation Pause) 3549M->1372M(4096M) 115.957ms
[1740.354s][info][gc             ] GC(263) Concurrent Mark Cycle
[1740.354s][info][gc,marking     ] GC(263) Concurrent Scan Root Regions
[1740.354s][info][gc,cpu         ] GC(262) User=0.69s Sys=0.00s Real=0.12s
[1740.495s][info][gc,marking     ] GC(263) Concurrent Scan Root Regions 140.743ms
[1740.495s][info][gc,marking     ] GC(263) Concurrent Mark
[1740.495s][info][gc,marking     ] GC(263) Concurrent Mark From Roots
[1740.495s][info][gc,task        ] GC(263) Using 2 workers of 2 for marking
.[1741.115s][info][gc,marking     ] GC(263) Concurrent Mark From Roots 620.449ms
[1741.115s][info][gc,marking     ] GC(263) Concurrent Preclean
[1741.115s][info][gc,marking     ] GC(263) Concurrent Preclean 0.060ms
[1741.115s][info][gc,start       ] GC(263) Pause Remark
[1741.119s][info][gc             ] GC(263) Pause Remark 1647M->1647M(4096M) 3.503ms
[1741.119s][info][gc,cpu         ] GC(263) User=0.02s Sys=0.00s Real=0.00s
[1741.119s][info][gc,marking     ] GC(263) Concurrent Mark 624.253ms
[1741.119s][info][gc,marking     ] GC(263) Concurrent Rebuild Remembered Sets and Scrub Regions
[1741.326s][info][gc,marking     ] GC(263) Concurrent Rebuild Remembered Sets and Scrub Regions 207.039ms
[1741.326s][info][gc,start       ] GC(263) Pause Cleanup
[1741.326s][info][gc             ] GC(263) Pause Cleanup 1707M->1707M(4096M) 0.126ms
[1741.326s][info][gc,cpu         ] GC(263) User=0.00s Sys=0.00s Real=0.00s
[1741.326s][info][gc,marking     ] GC(263) Concurrent Clear Claimed Marks
[1741.326s][info][gc,marking     ] GC(263) Concurrent Clear Claimed Marks 0.035ms
[1741.326s][info][gc,marking     ] GC(263) Concurrent Cleanup for Next Mark
[1741.330s][info][gc,marking     ] GC(263) Concurrent Cleanup for Next Mark 3.532ms
[1741.330s][info][gc             ] GC(263) Concurrent Mark Cycle 976.069ms
......[1747.888s][info][gc,start       ] GC(264) Pause Young (Prepare Mixed) (G1 Evacuation Pause)
[1747.888s][info][gc,task        ] GC(264) Using 6 workers of 6 for evacuation
[1748.003s][info][gc,phases      ] GC(264)   Pre Evacuate Collection Set: 0.34ms
[1748.003s][info][gc,phases      ] GC(264)   Merge Heap Roots: 0.53ms
[1748.003s][info][gc,phases      ] GC(264)   Evacuate Collection Set: 112.64ms
[1748.003s][info][gc,phases      ] GC(264)   Post Evacuate Collection Set: 0.95ms
[1748.003s][info][gc,phases      ] GC(264)   Other: 0.09ms
[1748.003s][info][gc,heap        ] GC(264) Eden regions: 1120->0(1119)
[1748.003s][info][gc,heap        ] GC(264) Survivor regions: 108->107(154)
[1748.003s][info][gc,heap        ] GC(264) Old regions: 499->532
[1748.003s][info][gc,heap        ] GC(264) Humongous regions: 80->80
[1748.003s][info][gc,metaspace   ] GC(264) Metaspace: 28984K(29376K)->28984K(29376K) NonClass: 24098K(24256K)->24098K(24256K) Class: 4886K(5120K)->4886K(5120K)
[1748.003s][info][gc             ] GC(264) Pause Young (Prepare Mixed) (G1 Evacuation Pause) 3612M->1436M(4096M) 114.681ms
[1748.003s][info][gc,cpu         ] GC(264) User=0.69s Sys=0.00s Real=0.11s
........[1755.434s][info][gc,start       ] GC(265) Pause Young (Mixed) (G1 Evacuation Pause)
[1755.434s][info][gc,task        ] GC(265) Using 6 workers of 6 for evacuation
[1755.564s][info][gc,phases      ] GC(265)   Pre Evacuate Collection Set: 0.38ms
[1755.564s][info][gc,phases      ] GC(265)   Merge Heap Roots: 0.69ms
[1755.564s][info][gc,phases      ] GC(265)   Evacuate Collection Set: 128.10ms
[1755.564s][info][gc,phases      ] GC(265)   Post Evacuate Collection Set: 0.96ms
[1755.564s][info][gc,phases      ] GC(265)   Other: 0.09ms
[1755.564s][info][gc,heap        ] GC(265) Eden regions: 1119->0(1117)
[1755.564s][info][gc,heap        ] GC(265) Survivor regions: 107->111(154)
[1755.564s][info][gc,heap        ] GC(265) Old regions: 532->468
[1755.564s][info][gc,heap        ] GC(265) Humongous regions: 80->80
[1755.564s][info][gc,metaspace   ] GC(265) Metaspace: 28985K(29376K)->28985K(29376K) NonClass: 24099K(24256K)->24099K(24256K) Class: 4886K(5120K)->4886K(5120K)
[1755.564s][info][gc             ] GC(265) Pause Young (Mixed) (G1 Evacuation Pause) 3674M->1316M(4096M) 130.358ms
[1755.564s][info][gc,cpu         ] GC(265) User=0.77s Sys=0.00s Real=0.13s
.......[1763.097s][info][gc,start       ] GC(266) Pause Young (Concurrent Start) (G1 Evacuation Pause)
[1763.097s][info][gc,task        ] GC(266) Using 6 workers of 6 for evacuation
[1763.212s][info][gc,phases      ] GC(266)   Pre Evacuate Collection Set: 0.43ms
[1763.212s][info][gc,phases      ] GC(266)   Merge Heap Roots: 0.50ms
[1763.212s][info][gc,phases      ] GC(266)   Evacuate Collection Set: 113.25ms
[1763.212s][info][gc,phases      ] GC(266)   Post Evacuate Collection Set: 0.91ms
[1763.212s][info][gc,phases      ] GC(266)   Other: 0.10ms
[1763.212s][info][gc,heap        ] GC(266) Eden regions: 1117->0(1120)
[1763.212s][info][gc,heap        ] GC(266) Survivor regions: 111->108(154)
[1763.212s][info][gc,heap        ] GC(266) Old regions: 468->500
[1763.212s][info][gc,heap        ] GC(266) Humongous regions: 80->80
[1763.212s][info][gc,metaspace   ] GC(266) Metaspace: 28985K(29376K)->28985K(29376K) NonClass: 24099K(24256K)->24099K(24256K) Class: 4886K(5120K)->4886K(5120K)
[1763.212s][info][gc             ] GC(266) Pause Young (Concurrent Start) (G1 Evacuation Pause) 3550M->1375M(4096M) 115.319ms
[1763.212s][info][gc             ] GC(267) Concurrent Mark Cycle
[1763.212s][info][gc,marking     ] GC(267) Concurrent Scan Root Regions
[1763.212s][info][gc,cpu         ] GC(266) User=0.68s Sys=0.00s Real=0.11s
.[1763.340s][info][gc,marking     ] GC(267) Concurrent Scan Root Regions 127.628ms
[1763.340s][info][gc,marking     ] GC(267) Concurrent Mark
[1763.340s][info][gc,marking     ] GC(267) Concurrent Mark From Roots
[1763.340s][info][gc,task        ] GC(267) Using 2 workers of 2 for marking
[1763.910s][info][gc,marking     ] GC(267) Concurrent Mark From Roots 570.495ms
[1763.910s][info][gc,marking     ] GC(267) Concurrent Preclean
[1763.910s][info][gc,marking     ] GC(267) Concurrent Preclean 0.063ms
[1763.911s][info][gc,start       ] GC(267) Pause Remark
[1763.914s][info][gc             ] GC(267) Pause Remark 1617M->1617M(4096M) 3.269ms
[1763.914s][info][gc,cpu         ] GC(267) User=0.02s Sys=0.00s Real=0.01s
[1763.914s][info][gc,marking     ] GC(267) Concurrent Mark 574.078ms
[1763.914s][info][gc,marking     ] GC(267) Concurrent Rebuild Remembered Sets and Scrub Regions
[1764.123s][info][gc,marking     ] GC(267) Concurrent Rebuild Remembered Sets and Scrub Regions 209.394ms
[1764.123s][info][gc,start       ] GC(267) Pause Cleanup
[1764.124s][info][gc             ] GC(267) Pause Cleanup 1675M->1675M(4096M) 0.115ms
[1764.124s][info][gc,cpu         ] GC(267) User=0.00s Sys=0.00s Real=0.00s
[1764.124s][info][gc,marking     ] GC(267) Concurrent Clear Claimed Marks
[1764.124s][info][gc,marking     ] GC(267) Concurrent Clear Claimed Marks 0.026ms
[1764.124s][info][gc,marking     ] GC(267) Concurrent Cleanup for Next Mark
[1764.127s][info][gc,marking     ] GC(267) Concurrent Cleanup for Next Mark 3.192ms
[1764.127s][info][gc             ] GC(267) Concurrent Mark Cycle 914.751ms
.......[1770.645s][info][gc,start       ] GC(268) Pause Young (Prepare Mixed) (G1 Evacuation Pause)
[1770.645s][info][gc,task        ] GC(268) Using 6 workers of 6 for evacuation
[1770.761s][info][gc,phases      ] GC(268)   Pre Evacuate Collection Set: 0.37ms
[1770.761s][info][gc,phases      ] GC(268)   Merge Heap Roots: 0.53ms
[1770.761s][info][gc,phases      ] GC(268)   Evacuate Collection Set: 114.15ms
[1770.761s][info][gc,phases      ] GC(268)   Post Evacuate Collection Set: 0.91ms
[1770.761s][info][gc,phases      ] GC(268)   Other: 0.08ms
[1770.761s][info][gc,heap        ] GC(268) Eden regions: 1120->0(1117)
[1770.761s][info][gc,heap        ] GC(268) Survivor regions: 108->108(154)
[1770.761s][info][gc,heap        ] GC(268) Old regions: 500->532
[1770.761s][info][gc,heap        ] GC(268) Humongous regions: 80->80
[1770.761s][info][gc,metaspace   ] GC(268) Metaspace: 28985K(29376K)->28985K(29376K) NonClass: 24099K(24256K)->24099K(24256K) Class: 4886K(5120K)->4886K(5120K)
[1770.761s][info][gc             ] GC(268) Pause Young (Prepare Mixed) (G1 Evacuation Pause) 3615M->1439M(4096M) 116.174ms
[1770.761s][info][gc,cpu         ] GC(268) User=0.69s Sys=0.00s Real=0.11s
.......[1778.212s][info][gc,start       ] GC(269) Pause Young (Mixed) (G1 Evacuation Pause)
[1778.212s][info][gc,task        ] GC(269) Using 6 workers of 6 for evacuation
[1778.342s][info][gc,phases      ] GC(269)   Pre Evacuate Collection Set: 0.44ms
[1778.342s][info][gc,phases      ] GC(269)   Merge Heap Roots: 0.63ms
[1778.342s][info][gc,phases      ] GC(269)   Evacuate Collection Set: 127.77ms
[1778.342s][info][gc,phases      ] GC(269)   Post Evacuate Collection Set: 0.98ms
[1778.342s][info][gc,phases      ] GC(269)   Other: 0.09ms
[1778.342s][info][gc,heap        ] GC(269) Eden regions: 1117->0(1120)
[1778.342s][info][gc,heap        ] GC(269) Survivor regions: 108->108(154)
[1778.342s][info][gc,heap        ] GC(269) Old regions: 532->469
[1778.342s][info][gc,heap        ] GC(269) Humongous regions: 80->80
[1778.342s][info][gc,metaspace   ] GC(269) Metaspace: 28989K(29376K)->28989K(29376K) NonClass: 24103K(24256K)->24103K(24256K) Class: 4886K(5120K)->4886K(5120K)
[1778.342s][info][gc             ] GC(269) Pause Young (Mixed) (G1 Evacuation Pause) 3673M->1312M(4096M) 130.033ms
[1778.342s][info][gc,cpu         ] GC(269) User=0.77s Sys=0.00s Real=0.13s
........[1785.712s][info][gc,start       ] GC(270) Pause Young (Concurrent Start) (G1 Evacuation Pause)
[1785.712s][info][gc,task        ] GC(270) Using 6 workers of 6 for evacuation
[1785.825s][info][gc,phases      ] GC(270)   Pre Evacuate Collection Set: 0.38ms
[1785.825s][info][gc,phases      ] GC(270)   Merge Heap Roots: 0.49ms
[1785.825s][info][gc,phases      ] GC(270)   Evacuate Collection Set: 111.79ms
[1785.825s][info][gc,phases      ] GC(270)   Post Evacuate Collection Set: 0.89ms
[1785.825s][info][gc,phases      ] GC(270)   Other: 0.10ms
[1785.825s][info][gc,heap        ] GC(270) Eden regions: 1120->0(1122)
[1785.825s][info][gc,heap        ] GC(270) Survivor regions: 108->106(154)
[1785.825s][info][gc,heap        ] GC(270) Old regions: 469->502
[1785.825s][info][gc,heap        ] GC(270) Humongous regions: 80->80
[1785.825s][info][gc,metaspace   ] GC(270) Metaspace: 28991K(29376K)->28991K(29376K) NonClass: 24104K(24256K)->24104K(24256K) Class: 4886K(5120K)->4886K(5120K)
[1785.826s][info][gc             ] GC(270) Pause Young (Concurrent Start) (G1 Evacuation Pause) 3552M->1374M(4096M) 113.786ms
[1785.826s][info][gc             ] GC(271) Concurrent Mark Cycle
[1785.826s][info][gc,marking     ] GC(271) Concurrent Scan Root Regions
[1785.826s][info][gc,cpu         ] GC(270) User=0.67s Sys=0.00s Real=0.12s
[1785.949s][info][gc,marking     ] GC(271) Concurrent Scan Root Regions 123.352ms
[1785.949s][info][gc,marking     ] GC(271) Concurrent Mark
[1785.949s][info][gc,marking     ] GC(271) Concurrent Mark From Roots
[1785.949s][info][gc,task        ] GC(271) Using 2 workers of 2 for marking
.[1786.501s][info][gc,marking     ] GC(271) Concurrent Mark From Roots 551.836ms
[1786.501s][info][gc,marking     ] GC(271) Concurrent Preclean
[1786.501s][info][gc,marking     ] GC(271) Concurrent Preclean 0.055ms
[1786.501s][info][gc,start       ] GC(271) Pause Remark
[1786.504s][info][gc             ] GC(271) Pause Remark 1603M->1603M(4096M) 3.038ms
[1786.504s][info][gc,cpu         ] GC(271) User=0.02s Sys=0.00s Real=0.01s
[1786.504s][info][gc,marking     ] GC(271) Concurrent Mark 555.160ms
[1786.504s][info][gc,marking     ] GC(271) Concurrent Rebuild Remembered Sets and Scrub Regions
[1786.713s][info][gc,marking     ] GC(271) Concurrent Rebuild Remembered Sets and Scrub Regions 208.649ms
[1786.713s][info][gc,start       ] GC(271) Pause Cleanup
[1786.713s][info][gc             ] GC(271) Pause Cleanup 1664M->1664M(4096M) 0.117ms
[1786.713s][info][gc,cpu         ] GC(271) User=0.00s Sys=0.00s Real=0.00s
[1786.713s][info][gc,marking     ] GC(271) Concurrent Clear Claimed Marks
[1786.713s][info][gc,marking     ] GC(271) Concurrent Clear Claimed Marks 0.025ms
[1786.713s][info][gc,marking     ] GC(271) Concurrent Cleanup for Next Mark
[1786.717s][info][gc,marking     ] GC(271) Concurrent Cleanup for Next Mark 4.340ms
[1786.717s][info][gc             ] GC(271) Concurrent Mark Cycle 891.944ms
..... (rIR:aIR:PR = 2491:2490:2490) (tPR = 37003) [OK] 
  1791s: Performance info:
         Transaction,    Success,    Partial,     Failed,   Receipts, AvgBarcode, 
             Overall,     150037,          0,          0,     142529,      59.48, 
         Response times:
             Request,    Success,    Partial,     Failed,   SkipFail,     Probes,    Samples,      min,      p50,      p90,      p95,      p99,      max, 
       TotalPurchase,     142522,          0,          0,          0,     139047,     151343,      300,     2100,     3300,     3900,    16900,   172000,
     InStorePurchase,      75001,          0,          0,          0,      73367,      79725,      300,     2200,     3300,     3900,    17400,   172000,
      OnlinePurchase,      52526,          0,          0,          0,      51155,      55632,      300,     2000,     3300,     3900,    16100,   172000,
        InstPurchase,      14995,          0,          0,          0,      14525,      15986,      400,     2100,     3300,     3900,    16026,   172000,
          AssocOfCat,        149,          0,          0,          0,        102,        150,    18400,    26000,    32000,    37450,    69490,    70000,
      AssocOfProduct,       1499,          0,          0,          0,       1376,       1656,      500,     1900,     3200,     3700,    20212,   120000,
      BusinessReport,        377,          0,          0,          0,        300,        397,    21000,    30000,    39000,    51000,    87160,   173000,
          CustBuyBeh,       1499,          0,          0,          0,       1334,       1603,      200,     2600,     3600,     4380,    16564,   122000,
       ProductReturn,       3983,          0,          0,          0,       3708,       4248,      200,     2050,     3200,     3800,    19602,   137000,

  1791s: (19%)   IR =   2629 .[1793.256s][info][gc,start       ] GC(272) Pause Young (Prepare Mixed) (G1 Evacuation Pause)
[1793.256s][info][gc,task        ] GC(272) Using 6 workers of 6 for evacuation
[1793.374s][info][gc,phases      ] GC(272)   Pre Evacuate Collection Set: 0.39ms
[1793.374s][info][gc,phases      ] GC(272)   Merge Heap Roots: 0.62ms
[1793.374s][info][gc,phases      ] GC(272)   Evacuate Collection Set: 115.71ms
[1793.374s][info][gc,phases      ] GC(272)   Post Evacuate Collection Set: 0.96ms
[1793.374s][info][gc,phases      ] GC(272)   Other: 0.09ms
[1793.374s][info][gc,heap        ] GC(272) Eden regions: 1122->0(1114)
[1793.374s][info][gc,heap        ] GC(272) Survivor regions: 106->109(154)
[1793.374s][info][gc,heap        ] GC(272) Old regions: 502->533
[1793.374s][info][gc,heap        ] GC(272) Humongous regions: 80->80
[1793.374s][info][gc,metaspace   ] GC(272) Metaspace: 28991K(29376K)->28991K(29376K) NonClass: 24104K(24256K)->24104K(24256K) Class: 4886K(5120K)->4886K(5120K)
[1793.374s][info][gc             ] GC(272) Pause Young (Prepare Mixed) (G1 Evacuation Pause) 3618M->1443M(4096M) 117.945ms
[1793.374s][info][gc,cpu         ] GC(272) User=0.71s Sys=0.00s Real=0.12s
....|....[1800.463s][info][gc,start       ] GC(273) Pause Young (Mixed) (G1 Evacuation Pause)
[1800.463s][info][gc,task        ] GC(273) Using 6 workers of 6 for evacuation
[1800.595s][info][gc,phases      ] GC(273)   Pre Evacuate Collection Set: 0.39ms
[1800.595s][info][gc,phases      ] GC(273)   Merge Heap Roots: 0.67ms
[1800.595s][info][gc,phases      ] GC(273)   Evacuate Collection Set: 129.99ms
[1800.595s][info][gc,phases      ] GC(273)   Post Evacuate Collection Set: 0.93ms
[1800.595s][info][gc,phases      ] GC(273)   Other: 0.09ms
[1800.595s][info][gc,heap        ] GC(273) Eden regions: 1114->0(1118)
[1800.595s][info][gc,heap        ] GC(273) Survivor regions: 109->110(153)
[1800.595s][info][gc,heap        ] GC(273) Old regions: 533->470
[1800.595s][info][gc,heap        ] GC(273) Humongous regions: 80->80
[1800.595s][info][gc,metaspace   ] GC(273) Metaspace: 28991K(29376K)->28991K(29376K) NonClass: 24104K(24256K)->24104K(24256K) Class: 4886K(5120K)->4886K(5120K)
[1800.595s][info][gc             ] GC(273) Pause Young (Mixed) (G1 Evacuation Pause) 3671M->1317M(4096M) 132.190ms
[1800.595s][info][gc,cpu         ] GC(273) User=0.79s Sys=0.00s Real=0.14s
.......[1807.648s][info][gc,start       ] GC(274) Pause Young (Concurrent Start) (G1 Evacuation Pause)
[1807.648s][info][gc,task        ] GC(274) Using 6 workers of 6 for evacuation
[1807.770s][info][gc,phases      ] GC(274)   Pre Evacuate Collection Set: 0.42ms
[1807.770s][info][gc,phases      ] GC(274)   Merge Heap Roots: 0.53ms
[1807.770s][info][gc,phases      ] GC(274)   Evacuate Collection Set: 119.86ms
[1807.770s][info][gc,phases      ] GC(274)   Post Evacuate Collection Set: 0.91ms
[1807.770s][info][gc,phases      ] GC(274)   Other: 0.13ms
[1807.770s][info][gc,heap        ] GC(274) Eden regions: 1118->0(1115)
[1807.770s][info][gc,heap        ] GC(274) Survivor regions: 110->113(154)
[1807.770s][info][gc,heap        ] GC(274) Old regions: 470->502
[1807.770s][info][gc,heap        ] GC(274) Humongous regions: 80->80
[1807.770s][info][gc,metaspace   ] GC(274) Metaspace: 28991K(29376K)->28991K(29376K) NonClass: 24104K(24256K)->24104K(24256K) Class: 4886K(5120K)->4886K(5120K)
[1807.770s][info][gc             ] GC(274) Pause Young (Concurrent Start) (G1 Evacuation Pause) 3553M->1389M(4096M) 121.977ms
[1807.770s][info][gc             ] GC(275) Concurrent Mark Cycle
[1807.770s][info][gc,marking     ] GC(275) Concurrent Scan Root Regions
[1807.770s][info][gc,cpu         ] GC(274) User=0.72s Sys=0.00s Real=0.12s
[1807.913s][info][gc,marking     ] GC(275) Concurrent Scan Root Regions 143.233ms
[1807.913s][info][gc,marking     ] GC(275) Concurrent Mark
[1807.913s][info][gc,marking     ] GC(275) Concurrent Mark From Roots
[1807.913s][info][gc,task        ] GC(275) Using 2 workers of 2 for marking
.[1808.505s][info][gc,marking     ] GC(275) Concurrent Mark From Roots 591.233ms
[1808.505s][info][gc,marking     ] GC(275) Concurrent Preclean
[1808.505s][info][gc,marking     ] GC(275) Concurrent Preclean 0.079ms
[1808.506s][info][gc,start       ] GC(275) Pause Remark
[1808.509s][info][gc             ] GC(275) Pause Remark 1645M->1645M(4096M) 3.390ms
[1808.509s][info][gc,cpu         ] GC(275) User=0.02s Sys=0.00s Real=0.00s
[1808.509s][info][gc,marking     ] GC(275) Concurrent Mark 595.936ms
[1808.509s][info][gc,marking     ] GC(275) Concurrent Rebuild Remembered Sets and Scrub Regions
[1808.805s][info][gc,marking     ] GC(275) Concurrent Rebuild Remembered Sets and Scrub Regions 295.844ms
[1808.805s][info][gc,start       ] GC(275) Pause Cleanup
[1808.805s][info][gc             ] GC(275) Pause Cleanup 1771M->1771M(4096M) 0.118ms
[1808.805s][info][gc,cpu         ] GC(275) User=0.00s Sys=0.00s Real=0.00s
[1808.805s][info][gc,marking     ] GC(275) Concurrent Clear Claimed Marks
[1808.805s][info][gc,marking     ] GC(275) Concurrent Clear Claimed Marks 0.027ms
[1808.805s][info][gc,marking     ] GC(275) Concurrent Cleanup for Next Mark
[1808.809s][info][gc,marking     ] GC(275) Concurrent Cleanup for Next Mark 3.281ms
[1808.809s][info][gc             ] GC(275) Concurrent Mark Cycle 1038.795ms
......[1814.767s][info][gc,start       ] GC(276) Pause Young (Prepare Mixed) (G1 Evacuation Pause)
[1814.768s][info][gc,task        ] GC(276) Using 6 workers of 6 for evacuation
[1814.884s][info][gc,phases      ] GC(276)   Pre Evacuate Collection Set: 0.37ms
[1814.884s][info][gc,phases      ] GC(276)   Merge Heap Roots: 0.57ms
[1814.884s][info][gc,phases      ] GC(276)   Evacuate Collection Set: 114.41ms
[1814.884s][info][gc,phases      ] GC(276)   Post Evacuate Collection Set: 0.95ms
[1814.884s][info][gc,phases      ] GC(276)   Other: 0.08ms
[1814.884s][info][gc,heap        ] GC(276) Eden regions: 1115->0(1113)
[1814.884s][info][gc,heap        ] GC(276) Survivor regions: 113->109(154)
[1814.884s][info][gc,heap        ] GC(276) Old regions: 502->534
[1814.884s][info][gc,heap        ] GC(276) Humongous regions: 80->80
[1814.884s][info][gc,metaspace   ] GC(276) Metaspace: 28991K(29376K)->28991K(29376K) NonClass: 24104K(24256K)->24104K(24256K) Class: 4886K(5120K)->4886K(5120K)
[1814.884s][info][gc             ] GC(276) Pause Young (Prepare Mixed) (G1 Evacuation Pause) 3619M->1445M(4096M) 116.522ms
[1814.884s][info][gc,cpu         ] GC(276) User=0.69s Sys=0.00s Real=0.12s
.......[1821.973s][info][gc,start       ] GC(277) Pause Young (Mixed) (G1 Evacuation Pause)
[1821.973s][info][gc,task        ] GC(277) Using 6 workers of 6 for evacuation
[1822.103s][info][gc,phases      ] GC(277)   Pre Evacuate Collection Set: 0.36ms
[1822.103s][info][gc,phases      ] GC(277)   Merge Heap Roots: 0.67ms
[1822.103s][info][gc,phases      ] GC(277)   Evacuate Collection Set: 127.14ms
[1822.103s][info][gc,phases      ] GC(277)   Post Evacuate Collection Set: 0.97ms
[1822.103s][info][gc,phases      ] GC(277)   Other: 0.09ms
[1822.103s][info][gc,heap        ] GC(277) Eden regions: 1113->0(1121)
[1822.103s][info][gc,heap        ] GC(277) Survivor regions: 109->107(153)
[1822.103s][info][gc,heap        ] GC(277) Old regions: 534->469
[1822.103s][info][gc,heap        ] GC(277) Humongous regions: 80->80
[1822.103s][info][gc,metaspace   ] GC(277) Metaspace: 28991K(29376K)->28991K(29376K) NonClass: 24104K(24256K)->24104K(24256K) Class: 4886K(5120K)->4886K(5120K)
[1822.103s][info][gc             ] GC(277) Pause Young (Mixed) (G1 Evacuation Pause) 3671M->1311M(4096M) 129.380ms
[1822.103s][info][gc,cpu         ] GC(277) User=0.77s Sys=0.00s Real=0.12s
.......[1829.171s][info][gc,start       ] GC(278) Pause Young (Concurrent Start) (G1 Evacuation Pause)
[1829.171s][info][gc,task        ] GC(278) Using 6 workers of 6 for evacuation
[1829.286s][info][gc,phases      ] GC(278)   Pre Evacuate Collection Set: 0.43ms
[1829.286s][info][gc,phases      ] GC(278)   Merge Heap Roots: 0.50ms
[1829.286s][info][gc,phases      ] GC(278)   Evacuate Collection Set: 112.95ms
[1829.286s][info][gc,phases      ] GC(278)   Post Evacuate Collection Set: 0.89ms
[1829.286s][info][gc,phases      ] GC(278)   Other: 0.15ms
[1829.286s][info][gc,heap        ] GC(278) Eden regions: 1121->0(1120)
[1829.286s][info][gc,heap        ] GC(278) Survivor regions: 107->108(154)
[1829.286s][info][gc,heap        ] GC(278) Old regions: 469->501
[1829.286s][info][gc,heap        ] GC(278) Humongous regions: 80->80
[1829.286s][info][gc,metaspace   ] GC(278) Metaspace: 28991K(29376K)->28991K(29376K) NonClass: 24104K(24256K)->24104K(24256K) Class: 4886K(5120K)->4886K(5120K)
[1829.286s][info][gc             ] GC(278) Pause Young (Concurrent Start) (G1 Evacuation Pause) 3553M->1376M(4096M) 115.079ms
[1829.286s][info][gc             ] GC(279) Concurrent Mark Cycle
[1829.286s][info][gc,marking     ] GC(279) Concurrent Scan Root Regions
[1829.286s][info][gc,cpu         ] GC(278) User=0.68s Sys=0.00s Real=0.12s
.[1829.437s][info][gc,marking     ] GC(279) Concurrent Scan Root Regions 150.986ms
[1829.437s][info][gc,marking     ] GC(279) Concurrent Mark
[1829.437s][info][gc,marking     ] GC(279) Concurrent Mark From Roots
[1829.437s][info][gc,task        ] GC(279) Using 2 workers of 2 for marking
[1830.029s][info][gc,marking     ] GC(279) Concurrent Mark From Roots 592.054ms
[1830.029s][info][gc,marking     ] GC(279) Concurrent Preclean
[1830.029s][info][gc,marking     ] GC(279) Concurrent Preclean 0.048ms
[1830.030s][info][gc,start       ] GC(279) Pause Remark
[1830.033s][info][gc             ] GC(279) Pause Remark 1632M->1632M(4096M) 3.387ms
[1830.033s][info][gc,cpu         ] GC(279) User=0.01s Sys=0.00s Real=0.00s
[1830.033s][info][gc,marking     ] GC(279) Concurrent Mark 595.740ms
[1830.033s][info][gc,marking     ] GC(279) Concurrent Rebuild Remembered Sets and Scrub Regions
[1830.259s][info][gc,marking     ] GC(279) Concurrent Rebuild Remembered Sets and Scrub Regions 226.012ms
[1830.259s][info][gc,start       ] GC(279) Pause Cleanup
[1830.259s][info][gc             ] GC(279) Pause Cleanup 1694M->1694M(4096M) 0.114ms
[1830.259s][info][gc,cpu         ] GC(279) User=0.00s Sys=0.00s Real=0.00s
[1830.259s][info][gc,marking     ] GC(279) Concurrent Clear Claimed Marks
[1830.259s][info][gc,marking     ] GC(279) Concurrent Clear Claimed Marks 0.031ms
[1830.259s][info][gc,marking     ] GC(279) Concurrent Cleanup for Next Mark
[1830.263s][info][gc,marking     ] GC(279) Concurrent Cleanup for Next Mark 3.161ms
[1830.263s][info][gc             ] GC(279) Concurrent Mark Cycle 976.320ms
......[1836.310s][info][gc,start       ] GC(280) Pause Young (Prepare Mixed) (G1 Evacuation Pause)
[1836.310s][info][gc,task        ] GC(280) Using 6 workers of 6 for evacuation
[1836.427s][info][gc,phases      ] GC(280)   Pre Evacuate Collection Set: 0.35ms
[1836.427s][info][gc,phases      ] GC(280)   Merge Heap Roots: 0.53ms
[1836.427s][info][gc,phases      ] GC(280)   Evacuate Collection Set: 114.17ms
[1836.427s][info][gc,phases      ] GC(280)   Post Evacuate Collection Set: 0.95ms
[1836.427s][info][gc,phases      ] GC(280)   Other: 0.09ms
[1836.427s][info][gc,heap        ] GC(280) Eden regions: 1120->0(1115)
[1836.427s][info][gc,heap        ] GC(280) Survivor regions: 108->109(154)
[1836.427s][info][gc,heap        ] GC(280) Old regions: 501->532
[1836.427s][info][gc,heap        ] GC(280) Humongous regions: 80->80
[1836.427s][info][gc,metaspace   ] GC(280) Metaspace: 28991K(29376K)->28991K(29376K) NonClass: 24104K(24256K)->24104K(24256K) Class: 4886K(5120K)->4886K(5120K)
[1836.427s][info][gc             ] GC(280) Pause Young (Prepare Mixed) (G1 Evacuation Pause) 3616M->1440M(4096M) 116.231ms
[1836.427s][info][gc,cpu         ] GC(280) User=0.69s Sys=0.00s Real=0.12s
........[1843.609s][info][gc,start       ] GC(281) Pause Young (Mixed) (G1 Evacuation Pause)
[1843.609s][info][gc,task        ] GC(281) Using 6 workers of 6 for evacuation
[1843.738s][info][gc,phases      ] GC(281)   Pre Evacuate Collection Set: 0.40ms
[1843.739s][info][gc,phases      ] GC(281)   Merge Heap Roots: 0.63ms
[1843.739s][info][gc,phases      ] GC(281)   Evacuate Collection Set: 127.77ms
[1843.739s][info][gc,phases      ] GC(281)   Post Evacuate Collection Set: 0.95ms
[1843.739s][info][gc,phases      ] GC(281)   Other: 0.09ms
[1843.739s][info][gc,heap        ] GC(281) Eden regions: 1115->0(1117)
[1843.739s][info][gc,heap        ] GC(281) Survivor regions: 109->111(153)
[1843.739s][info][gc,heap        ] GC(281) Old regions: 532->469
[1843.739s][info][gc,heap        ] GC(281) Humongous regions: 80->80
[1843.739s][info][gc,metaspace   ] GC(281) Metaspace: 28991K(29376K)->28991K(29376K) NonClass: 24104K(24256K)->24104K(24256K) Class: 4886K(5120K)->4886K(5120K)
[1843.739s][info][gc             ] GC(281) Pause Young (Mixed) (G1 Evacuation Pause) 3670M->1318M(4096M) 129.978ms
[1843.739s][info][gc,cpu         ] GC(281) User=0.77s Sys=0.00s Real=0.13s
.......[1850.709s][info][gc,start       ] GC(282) Pause Young (Concurrent Start) (G1 Evacuation Pause)
[1850.709s][info][gc,task        ] GC(282) Using 6 workers of 6 for evacuation
[1850.823s][info][gc,phases      ] GC(282)   Pre Evacuate Collection Set: 0.41ms
[1850.823s][info][gc,phases      ] GC(282)   Merge Heap Roots: 0.47ms
[1850.823s][info][gc,phases      ] GC(282)   Evacuate Collection Set: 112.15ms
[1850.823s][info][gc,phases      ] GC(282)   Post Evacuate Collection Set: 0.89ms
[1850.823s][info][gc,phases      ] GC(282)   Other: 0.11ms
[1850.823s][info][gc,heap        ] GC(282) Eden regions: 1117->0(1121)
[1850.823s][info][gc,heap        ] GC(282) Survivor regions: 111->107(154)
[1850.823s][info][gc,heap        ] GC(282) Old regions: 469->501
[1850.823s][info][gc,heap        ] GC(282) Humongous regions: 80->80
[1850.823s][info][gc,metaspace   ] GC(282) Metaspace: 28991K(29376K)->28991K(29376K) NonClass: 24104K(24256K)->24104K(24256K) Class: 4886K(5120K)->4886K(5120K)
[1850.823s][info][gc             ] GC(282) Pause Young (Concurrent Start) (G1 Evacuation Pause) 3552M->1374M(4096M) 114.190ms
[1850.823s][info][gc             ] GC(283) Concurrent Mark Cycle
[1850.823s][info][gc,marking     ] GC(283) Concurrent Scan Root Regions
[1850.823s][info][gc,cpu         ] GC(282) User=0.68s Sys=0.00s Real=0.11s
[1850.956s][info][gc,marking     ] GC(283) Concurrent Scan Root Regions 133.637ms
[1850.956s][info][gc,marking     ] GC(283) Concurrent Mark
[1850.956s][info][gc,marking     ] GC(283) Concurrent Mark From Roots
[1850.956s][info][gc,task        ] GC(283) Using 2 workers of 2 for marking
.[1851.574s][info][gc,marking     ] GC(283) Concurrent Mark From Roots 617.520ms
[1851.574s][info][gc,marking     ] GC(283) Concurrent Preclean
[1851.574s][info][gc,marking     ] GC(283) Concurrent Preclean 0.053ms
[1851.574s][info][gc,start       ] GC(283) Pause Remark
[1851.578s][info][gc             ] GC(283) Pause Remark 1641M->1641M(4096M) 3.458ms
[1851.578s][info][gc,cpu         ] GC(283) User=0.01s Sys=0.00s Real=0.00s
[1851.578s][info][gc,marking     ] GC(283) Concurrent Mark 621.294ms
[1851.578s][info][gc,marking     ] GC(283) Concurrent Rebuild Remembered Sets and Scrub Regions
[1851.854s][info][gc,marking     ] GC(283) Concurrent Rebuild Remembered Sets and Scrub Regions 276.088ms
[1851.854s][info][gc,start       ] GC(283) Pause Cleanup
[1851.854s][info][gc             ] GC(283) Pause Cleanup 1736M->1736M(4096M) 0.116ms
[1851.854s][info][gc,cpu         ] GC(283) User=0.00s Sys=0.00s Real=0.00s
[1851.854s][info][gc,marking     ] GC(283) Concurrent Clear Claimed Marks
[1851.854s][info][gc,marking     ] GC(283) Concurrent Clear Claimed Marks 0.032ms
[1851.854s][info][gc,marking     ] GC(283) Concurrent Cleanup for Next Mark
[1851.857s][info][gc,marking     ] GC(283) Concurrent Cleanup for Next Mark 3.155ms
[1851.857s][info][gc             ] GC(283) Concurrent Mark Cycle 1034.623ms
..... (rIR:aIR:PR = 2629:2631:2631) (tPR = 39428) [OK] 
  1856s: Performance info:
         Transaction,    Success,    Partial,     Failed,   Receipts, AvgBarcode, 
             Overall,     157978,          0,          0,     150081,      59.48, 
         Response times:
             Request,    Success,    Partial,     Failed,   SkipFail,     Probes,    Samples,      min,      p50,      p90,      p95,      p99,      max, 
       TotalPurchase,     150081,          0,          0,          0,     147085,     160490,      300,     2200,     3500,     4000,    17200,   139000,
     InStorePurchase,      78989,          0,          0,          0,      77464,      84504,      300,     2200,     3500,     4000,    17600,   137000,
      OnlinePurchase,      55317,          0,          0,          0,      54370,      59121,      300,     2200,     3500,     3900,    16200,   137000,
        InstPurchase,      15775,          0,          0,          0,      15251,      16865,      400,     2200,     3500,     4000,    17234,   139000,
          AssocOfCat,        156,          0,          0,          0,        115,        172,    20000,    28000,    36700,    42350,    96300,   162000,
      AssocOfProduct,       1580,          0,          0,          0,       1426,       1689,      600,     2800,     3600,     4200,    20010,   135000,
      BusinessReport,        396,          0,          0,          0,        320,        413,    22000,    29000,    38000,    47000,    80000,   168000,
          CustBuyBeh,       1577,          0,          0,          0,       1404,       1645,      100,     1400,     2500,     2900,    10908,    37000,
       ProductReturn,       4188,          0,          0,          0,       3849,       4364,      200,      800,     2650,     3200,    12335,   136000,

  1856s: (20%)   IR =   2767 .[1857.870s][info][gc,start       ] GC(284) Pause Young (Prepare Mixed) (G1 Evacuation Pause)
[1857.870s][info][gc,task        ] GC(284) Using 6 workers of 6 for evacuation
[1857.987s][info][gc,phases      ] GC(284)   Pre Evacuate Collection Set: 0.37ms
[1857.987s][info][gc,phases      ] GC(284)   Merge Heap Roots: 0.57ms
[1857.987s][info][gc,phases      ] GC(284)   Evacuate Collection Set: 114.24ms
[1857.987s][info][gc,phases      ] GC(284)   Post Evacuate Collection Set: 0.97ms
[1857.987s][info][gc,phases      ] GC(284)   Other: 0.09ms
[1857.987s][info][gc,heap        ] GC(284) Eden regions: 1121->0(1115)
[1857.987s][info][gc,heap        ] GC(284) Survivor regions: 107->108(154)
[1857.987s][info][gc,heap        ] GC(284) Old regions: 501->534
[1857.987s][info][gc,heap        ] GC(284) Humongous regions: 80->80
[1857.987s][info][gc,metaspace   ] GC(284) Metaspace: 28991K(29376K)->28991K(29376K) NonClass: 24104K(24256K)->24104K(24256K) Class: 4886K(5120K)->4886K(5120K)
[1857.987s][info][gc             ] GC(284) Pause Young (Prepare Mixed) (G1 Evacuation Pause) 3616M->1442M(4096M) 116.378ms
[1857.987s][info][gc,cpu         ] GC(284) User=0.69s Sys=0.00s Real=0.12s
.....|..[1864.656s][info][gc,start       ] GC(285) Pause Young (Mixed) (G1 Evacuation Pause)
[1864.656s][info][gc,task        ] GC(285) Using 6 workers of 6 for evacuation
[1864.787s][info][gc,phases      ] GC(285)   Pre Evacuate Collection Set: 0.42ms
[1864.787s][info][gc,phases      ] GC(285)   Merge Heap Roots: 0.66ms
[1864.787s][info][gc,phases      ] GC(285)   Evacuate Collection Set: 128.94ms
[1864.787s][info][gc,phases      ] GC(285)   Post Evacuate Collection Set: 0.94ms
[1864.787s][info][gc,phases      ] GC(285)   Other: 0.09ms
[1864.787s][info][gc,heap        ] GC(285) Eden regions: 1115->0(1118)
[1864.787s][info][gc,heap        ] GC(285) Survivor regions: 108->110(153)
[1864.787s][info][gc,heap        ] GC(285) Old regions: 534->470
[1864.787s][info][gc,heap        ] GC(285) Humongous regions: 80->80
[1864.787s][info][gc,metaspace   ] GC(285) Metaspace: 28991K(29376K)->28991K(29376K) NonClass: 24104K(24256K)->24104K(24256K) Class: 4886K(5120K)->4886K(5120K)
[1864.787s][info][gc             ] GC(285) Pause Young (Mixed) (G1 Evacuation Pause) 3672M->1319M(4096M) 131.180ms
[1864.787s][info][gc,cpu         ] GC(285) User=0.78s Sys=0.01s Real=0.13s
.......[1871.617s][info][gc,start       ] GC(286) Pause Young (Concurrent Start) (G1 Evacuation Pause)
[1871.617s][info][gc,task        ] GC(286) Using 6 workers of 6 for evacuation
[1871.734s][info][gc,phases      ] GC(286)   Pre Evacuate Collection Set: 0.41ms
[1871.734s][info][gc,phases      ] GC(286)   Merge Heap Roots: 0.50ms
[1871.734s][info][gc,phases      ] GC(286)   Evacuate Collection Set: 114.19ms
[1871.734s][info][gc,phases      ] GC(286)   Post Evacuate Collection Set: 0.90ms
[1871.734s][info][gc,phases      ] GC(286)   Other: 0.12ms
[1871.734s][info][gc,heap        ] GC(286) Eden regions: 1118->0(1119)
[1871.734s][info][gc,heap        ] GC(286) Survivor regions: 110->109(154)
[1871.734s][info][gc,heap        ] GC(286) Old regions: 470->501
[1871.734s][info][gc,heap        ] GC(286) Humongous regions: 80->80
[1871.734s][info][gc,metaspace   ] GC(286) Metaspace: 28991K(29376K)->28991K(29376K) NonClass: 24104K(24256K)->24104K(24256K) Class: 4886K(5120K)->4886K(5120K)
[1871.734s][info][gc             ] GC(286) Pause Young (Concurrent Start) (G1 Evacuation Pause) 3555M->1379M(4096M) 116.254ms
[1871.734s][info][gc             ] GC(287) Concurrent Mark Cycle
[1871.734s][info][gc,marking     ] GC(287) Concurrent Scan Root Regions
[1871.734s][info][gc,cpu         ] GC(286) User=0.69s Sys=0.00s Real=0.12s
[1871.897s][info][gc,marking     ] GC(287) Concurrent Scan Root Regions 163.746ms
[1871.897s][info][gc,marking     ] GC(287) Concurrent Mark
[1871.897s][info][gc,marking     ] GC(287) Concurrent Mark From Roots
[1871.897s][info][gc,task        ] GC(287) Using 2 workers of 2 for marking
.[1872.520s][info][gc,marking     ] GC(287) Concurrent Mark From Roots 622.334ms
[1872.520s][info][gc,marking     ] GC(287) Concurrent Preclean
[1872.520s][info][gc,marking     ] GC(287) Concurrent Preclean 0.055ms
[1872.520s][info][gc,start       ] GC(287) Pause Remark
[1872.523s][info][gc             ] GC(287) Pause Remark 1707M->1707M(4096M) 3.369ms
[1872.523s][info][gc,cpu         ] GC(287) User=0.02s Sys=0.00s Real=0.01s
[1872.524s][info][gc,marking     ] GC(287) Concurrent Mark 626.021ms
[1872.524s][info][gc,marking     ] GC(287) Concurrent Rebuild Remembered Sets and Scrub Regions
[1872.798s][info][gc,marking     ] GC(287) Concurrent Rebuild Remembered Sets and Scrub Regions 274.413ms
[1872.798s][info][gc,start       ] GC(287) Pause Cleanup
[1872.798s][info][gc             ] GC(287) Pause Cleanup 1820M->1820M(4096M) 0.134ms
[1872.798s][info][gc,cpu         ] GC(287) User=0.00s Sys=0.00s Real=0.00s
[1872.798s][info][gc,marking     ] GC(287) Concurrent Clear Claimed Marks
[1872.798s][info][gc,marking     ] GC(287) Concurrent Clear Claimed Marks 0.031ms
[1872.798s][info][gc,marking     ] GC(287) Concurrent Cleanup for Next Mark
[1872.802s][info][gc,marking     ] GC(287) Concurrent Cleanup for Next Mark 3.195ms
[1872.802s][info][gc             ] GC(287) Concurrent Mark Cycle 1067.876ms
.....[1878.273s][info][gc,start       ] GC(288) Pause Young (Prepare Mixed) (G1 Evacuation Pause)
[1878.273s][info][gc,task        ] GC(288) Using 6 workers of 6 for evacuation
[1878.388s][info][gc,phases      ] GC(288)   Pre Evacuate Collection Set: 0.39ms
[1878.388s][info][gc,phases      ] GC(288)   Merge Heap Roots: 0.52ms
[1878.388s][info][gc,phases      ] GC(288)   Evacuate Collection Set: 112.91ms
[1878.388s][info][gc,phases      ] GC(288)   Post Evacuate Collection Set: 0.93ms
[1878.388s][info][gc,phases      ] GC(288)   Other: 0.09ms
[1878.388s][info][gc,heap        ] GC(288) Eden regions: 1119->0(1117)
[1878.388s][info][gc,heap        ] GC(288) Survivor regions: 109->108(154)
[1878.388s][info][gc,heap        ] GC(288) Old regions: 501->532
[1878.388s][info][gc,heap        ] GC(288) Humongous regions: 80->80
[1878.388s][info][gc,metaspace   ] GC(288) Metaspace: 28991K(29376K)->28991K(29376K) NonClass: 24104K(24256K)->24104K(24256K) Class: 4886K(5120K)->4886K(5120K)
[1878.388s][info][gc             ] GC(288) Pause Young (Prepare Mixed) (G1 Evacuation Pause) 3617M->1439M(4096M) 114.974ms
[1878.388s][info][gc,cpu         ] GC(288) User=0.68s Sys=0.00s Real=0.12s
.......[1885.136s][info][gc,start       ] GC(289) Pause Young (Mixed) (G1 Evacuation Pause)
[1885.136s][info][gc,task        ] GC(289) Using 6 workers of 6 for evacuation
[1885.265s][info][gc,phases      ] GC(289)   Pre Evacuate Collection Set: 0.39ms
[1885.266s][info][gc,phases      ] GC(289)   Merge Heap Roots: 0.64ms
[1885.266s][info][gc,phases      ] GC(289)   Evacuate Collection Set: 127.07ms
[1885.266s][info][gc,phases      ] GC(289)   Post Evacuate Collection Set: 0.95ms
[1885.266s][info][gc,phases      ] GC(289)   Other: 0.09ms
[1885.266s][info][gc,heap        ] GC(289) Eden regions: 1117->0(1120)
[1885.266s][info][gc,heap        ] GC(289) Survivor regions: 108->108(154)
[1885.266s][info][gc,heap        ] GC(289) Old regions: 532->469
[1885.266s][info][gc,heap        ] GC(289) Humongous regions: 80->80
[1885.266s][info][gc,metaspace   ] GC(289) Metaspace: 28991K(29376K)->28991K(29376K) NonClass: 24104K(24256K)->24104K(24256K) Class: 4886K(5120K)->4886K(5120K)
[1885.266s][info][gc             ] GC(289) Pause Young (Mixed) (G1 Evacuation Pause) 3673M->1311M(4096M) 129.279ms
[1885.266s][info][gc,cpu         ] GC(289) User=0.77s Sys=0.00s Real=0.13s
.......[1891.992s][info][gc,start       ] GC(290) Pause Young (Concurrent Start) (G1 Evacuation Pause)
[1891.992s][info][gc,task        ] GC(290) Using 6 workers of 6 for evacuation
[1892.107s][info][gc,phases      ] GC(290)   Pre Evacuate Collection Set: 0.39ms
[1892.107s][info][gc,phases      ] GC(290)   Merge Heap Roots: 0.51ms
[1892.107s][info][gc,phases      ] GC(290)   Evacuate Collection Set: 113.04ms
[1892.107s][info][gc,phases      ] GC(290)   Post Evacuate Collection Set: 0.88ms
[1892.107s][info][gc,phases      ] GC(290)   Other: 0.13ms
[1892.107s][info][gc,heap        ] GC(290) Eden regions: 1120->0(1119)
[1892.107s][info][gc,heap        ] GC(290) Survivor regions: 108->109(154)
[1892.107s][info][gc,heap        ] GC(290) Old regions: 469->500
[1892.107s][info][gc,heap        ] GC(290) Humongous regions: 80->80
[1892.107s][info][gc,metaspace   ] GC(290) Metaspace: 28991K(29376K)->28991K(29376K) NonClass: 24104K(24256K)->24104K(24256K) Class: 4886K(5120K)->4886K(5120K)
[1892.107s][info][gc             ] GC(290) Pause Young (Concurrent Start) (G1 Evacuation Pause) 3551M->1375M(4096M) 115.089ms
[1892.107s][info][gc             ] GC(291) Concurrent Mark Cycle
[1892.107s][info][gc,marking     ] GC(291) Concurrent Scan Root Regions
[1892.107s][info][gc,cpu         ] GC(290) User=0.69s Sys=0.00s Real=0.12s
[1892.243s][info][gc,marking     ] GC(291) Concurrent Scan Root Regions 135.431ms
[1892.243s][info][gc,marking     ] GC(291) Concurrent Mark
[1892.243s][info][gc,marking     ] GC(291) Concurrent Mark From Roots
[1892.243s][info][gc,task        ] GC(291) Using 2 workers of 2 for marking
.[1892.889s][info][gc,marking     ] GC(291) Concurrent Mark From Roots 645.688ms
[1892.889s][info][gc,marking     ] GC(291) Concurrent Preclean
[1892.889s][info][gc,marking     ] GC(291) Concurrent Preclean 0.053ms
[1892.889s][info][gc,start       ] GC(291) Pause Remark
[1892.892s][info][gc             ] GC(291) Pause Remark 1673M->1673M(4096M) 3.245ms
[1892.892s][info][gc,cpu         ] GC(291) User=0.01s Sys=0.00s Real=0.00s
[1892.892s][info][gc,marking     ] GC(291) Concurrent Mark 649.240ms
[1892.892s][info][gc,marking     ] GC(291) Concurrent Rebuild Remembered Sets and Scrub Regions
[1893.122s][info][gc,marking     ] GC(291) Concurrent Rebuild Remembered Sets and Scrub Regions 229.520ms
[1893.122s][info][gc,start       ] GC(291) Pause Cleanup
[1893.122s][info][gc             ] GC(291) Pause Cleanup 1766M->1766M(4096M) 0.118ms
[1893.122s][info][gc,cpu         ] GC(291) User=0.00s Sys=0.00s Real=0.00s
[1893.122s][info][gc,marking     ] GC(291) Concurrent Clear Claimed Marks
[1893.122s][info][gc,marking     ] GC(291) Concurrent Clear Claimed Marks 0.025ms
[1893.122s][info][gc,marking     ] GC(291) Concurrent Cleanup for Next Mark
[1893.125s][info][gc,marking     ] GC(291) Concurrent Cleanup for Next Mark 3.150ms
[1893.125s][info][gc             ] GC(291) Concurrent Mark Cycle 1017.790ms
......[1898.755s][info][gc,start       ] GC(292) Pause Young (Prepare Mixed) (G1 Evacuation Pause)
[1898.755s][info][gc,task        ] GC(292) Using 6 workers of 6 for evacuation
[1898.870s][info][gc,phases      ] GC(292)   Pre Evacuate Collection Set: 0.37ms
[1898.870s][info][gc,phases      ] GC(292)   Merge Heap Roots: 0.59ms
[1898.870s][info][gc,phases      ] GC(292)   Evacuate Collection Set: 112.91ms
[1898.870s][info][gc,phases      ] GC(292)   Post Evacuate Collection Set: 0.93ms
[1898.870s][info][gc,phases      ] GC(292)   Other: 0.10ms
[1898.870s][info][gc,heap        ] GC(292) Eden regions: 1119->0(1119)
[1898.870s][info][gc,heap        ] GC(292) Survivor regions: 109->107(154)
[1898.870s][info][gc,heap        ] GC(292) Old regions: 500->532
[1898.870s][info][gc,heap        ] GC(292) Humongous regions: 80->80
[1898.870s][info][gc,metaspace   ] GC(292) Metaspace: 28991K(29376K)->28991K(29376K) NonClass: 24104K(24256K)->24104K(24256K) Class: 4886K(5120K)->4886K(5120K)
[1898.870s][info][gc             ] GC(292) Pause Young (Prepare Mixed) (G1 Evacuation Pause) 3613M->1436M(4096M) 115.042ms
[1898.870s][info][gc,cpu         ] GC(292) User=0.69s Sys=0.00s Real=0.11s
.......[1905.619s][info][gc,start       ] GC(293) Pause Young (Mixed) (G1 Evacuation Pause)
[1905.619s][info][gc,task        ] GC(293) Using 6 workers of 6 for evacuation
[1905.748s][info][gc,phases      ] GC(293)   Pre Evacuate Collection Set: 0.38ms
[1905.748s][info][gc,phases      ] GC(293)   Merge Heap Roots: 0.67ms
[1905.748s][info][gc,phases      ] GC(293)   Evacuate Collection Set: 127.19ms
[1905.748s][info][gc,phases      ] GC(293)   Post Evacuate Collection Set: 0.97ms
[1905.748s][info][gc,phases      ] GC(293)   Other: 0.09ms
[1905.748s][info][gc,heap        ] GC(293) Eden regions: 1119->0(1120)
[1905.748s][info][gc,heap        ] GC(293) Survivor regions: 107->108(154)
[1905.748s][info][gc,heap        ] GC(293) Old regions: 532->470
[1905.748s][info][gc,heap        ] GC(293) Humongous regions: 80->80
[1905.748s][info][gc,metaspace   ] GC(293) Metaspace: 28991K(29376K)->28991K(29376K) NonClass: 24104K(24256K)->24104K(24256K) Class: 4886K(5120K)->4886K(5120K)
[1905.748s][info][gc             ] GC(293) Pause Young (Mixed) (G1 Evacuation Pause) 3674M->1314M(4096M) 129.420ms
[1905.748s][info][gc,cpu         ] GC(293) User=0.77s Sys=0.00s Real=0.13s
.......[1912.537s][info][gc,start       ] GC(294) Pause Young (Concurrent Start) (G1 Evacuation Pause)
[1912.537s][info][gc,task        ] GC(294) Using 6 workers of 6 for evacuation
[1912.653s][info][gc,phases      ] GC(294)   Pre Evacuate Collection Set: 0.42ms
[1912.653s][info][gc,phases      ] GC(294)   Merge Heap Roots: 0.50ms
[1912.653s][info][gc,phases      ] GC(294)   Evacuate Collection Set: 114.07ms
[1912.653s][info][gc,phases      ] GC(294)   Post Evacuate Collection Set: 0.88ms
[1912.653s][info][gc,phases      ] GC(294)   Other: 0.10ms
[1912.653s][info][gc,heap        ] GC(294) Eden regions: 1120->0(1119)
[1912.653s][info][gc,heap        ] GC(294) Survivor regions: 108->109(154)
[1912.653s][info][gc,heap        ] GC(294) Old regions: 470->502
[1912.653s][info][gc,heap        ] GC(294) Humongous regions: 80->80
[1912.653s][info][gc,metaspace   ] GC(294) Metaspace: 28991K(29376K)->28991K(29376K) NonClass: 24104K(24256K)->24104K(24256K) Class: 4886K(5120K)->4886K(5120K)
[1912.653s][info][gc             ] GC(294) Pause Young (Concurrent Start) (G1 Evacuation Pause) 3554M->1380M(4096M) 116.109ms
[1912.653s][info][gc             ] GC(295) Concurrent Mark Cycle
[1912.653s][info][gc,marking     ] GC(295) Concurrent Scan Root Regions
[1912.653s][info][gc,cpu         ] GC(294) User=0.69s Sys=0.00s Real=0.11s
[1912.785s][info][gc,marking     ] GC(295) Concurrent Scan Root Regions 131.519ms
[1912.785s][info][gc,marking     ] GC(295) Concurrent Mark
[1912.785s][info][gc,marking     ] GC(295) Concurrent Mark From Roots
[1912.785s][info][gc,task        ] GC(295) Using 2 workers of 2 for marking
[1913.340s][info][gc,marking     ] GC(295) Concurrent Mark From Roots 555.240ms
[1913.340s][info][gc,marking     ] GC(295) Concurrent Preclean
[1913.340s][info][gc,marking     ] GC(295) Concurrent Preclean 0.049ms
[1913.340s][info][gc,start       ] GC(295) Pause Remark
[1913.344s][info][gc             ] GC(295) Pause Remark 1652M->1652M(4096M) 3.443ms
[1913.344s][info][gc,cpu         ] GC(295) User=0.01s Sys=0.00s Real=0.01s
[1913.344s][info][gc,marking     ] GC(295) Concurrent Mark 559.000ms
[1913.344s][info][gc,marking     ] GC(295) Concurrent Rebuild Remembered Sets and Scrub Regions
.[1913.560s][info][gc,marking     ] GC(295) Concurrent Rebuild Remembered Sets and Scrub Regions 215.953ms
[1913.560s][info][gc,start       ] GC(295) Pause Cleanup
[1913.560s][info][gc             ] GC(295) Pause Cleanup 1726M->1726M(4096M) 0.120ms
[1913.560s][info][gc,cpu         ] GC(295) User=0.00s Sys=0.00s Real=0.00s
[1913.560s][info][gc,marking     ] GC(295) Concurrent Clear Claimed Marks
[1913.560s][info][gc,marking     ] GC(295) Concurrent Clear Claimed Marks 0.032ms
[1913.560s][info][gc,marking     ] GC(295) Concurrent Cleanup for Next Mark
[1913.563s][info][gc,marking     ] GC(295) Concurrent Cleanup for Next Mark 3.215ms
[1913.563s][info][gc             ] GC(295) Concurrent Mark Cycle 910.156ms
.....[1919.289s][info][gc,start       ] GC(296) Pause Young (Prepare Mixed) (G1 Evacuation Pause)
[1919.289s][info][gc,task        ] GC(296) Using 6 workers of 6 for evacuation
[1919.404s][info][gc,phases      ] GC(296)   Pre Evacuate Collection Set: 0.34ms
[1919.404s][info][gc,phases      ] GC(296)   Merge Heap Roots: 0.52ms
[1919.404s][info][gc,phases      ] GC(296)   Evacuate Collection Set: 112.85ms
[1919.404s][info][gc,phases      ] GC(296)   Post Evacuate Collection Set: 0.95ms
[1919.404s][info][gc,phases      ] GC(296)   Other: 0.09ms
[1919.404s][info][gc,heap        ] GC(296) Eden regions: 1119->0(1115)
[1919.404s][info][gc,heap        ] GC(296) Survivor regions: 109->108(154)
[1919.404s][info][gc,heap        ] GC(296) Old regions: 502->534
[1919.404s][info][gc,heap        ] GC(296) Humongous regions: 80->80
[1919.404s][info][gc,metaspace   ] GC(296) Metaspace: 28991K(29376K)->28991K(29376K) NonClass: 24104K(24256K)->24104K(24256K) Class: 4886K(5120K)->4886K(5120K)
[1919.404s][info][gc             ] GC(296) Pause Young (Prepare Mixed) (G1 Evacuation Pause) 3618M->1441M(4096M) 114.870ms
[1919.404s][info][gc,cpu         ] GC(296) User=0.68s Sys=0.00s Real=0.12s
.... (rIR:aIR:PR = 2767:2767:2767) (tPR = 41229) [OK] 
  1922s: Performance info:
         Transaction,    Success,    Partial,     Failed,   Receipts, AvgBarcode, 
             Overall,     166123,          0,          0,     157812,      59.47, 
         Response times:
             Request,    Success,    Partial,     Failed,   SkipFail,     Probes,    Samples,      min,      p50,      p90,      p95,      p99,      max, 
       TotalPurchase,     157812,          0,          0,          0,     154140,     170063,      300,     2300,     3700,     4300,    15300,   158000,
     InStorePurchase,      83003,          0,          0,          0,      81425,      89720,      300,     2300,     3700,     4300,    15300,   158000,
      OnlinePurchase,      58171,          0,          0,          0,      56712,      62469,      300,     2300,     3600,     4300,    15300,   158000,
        InstPurchase,      16638,          0,          0,          0,      16003,      17874,      400,     2500,     3800,     4500,    15500,   135000,
          AssocOfCat,        164,          0,          0,          0,        118,        181,    19400,    28000,    36000,    41900,    73620,    81000,
      AssocOfProduct,       1658,          0,          0,          0,       1517,       1850,      400,     2100,     3700,     4300,    13643,   120000,
      BusinessReport,        417,          0,          0,          0,        333,        415,    22000,    31000,    39000,    46200,    66680,    95000,
          CustBuyBeh,       1665,          0,          0,          0,       1494,       1758,      200,     2400,     3700,     4500,    20702,   134000,
       ProductReturn,       4407,          0,          0,          0,       4149,       4810,      200,     1900,     3100,     3600,    12489,   136000,

  1922s: (21%)   IR =   2906 ...[1925.991s][info][gc,start       ] GC(297) Pause Young (Mixed) (G1 Evacuation Pause)
[1925.991s][info][gc,task        ] GC(297) Using 6 workers of 6 for evacuation
[1926.126s][info][gc,phases      ] GC(297)   Pre Evacuate Collection Set: 0.37ms
[1926.126s][info][gc,phases      ] GC(297)   Merge Heap Roots: 0.67ms
[1926.126s][info][gc,phases      ] GC(297)   Evacuate Collection Set: 132.85ms
[1926.126s][info][gc,phases      ] GC(297)   Post Evacuate Collection Set: 1.02ms
[1926.126s][info][gc,phases      ] GC(297)   Other: 0.09ms
[1926.126s][info][gc,heap        ] GC(297) Eden regions: 1115->0(1117)
[1926.126s][info][gc,heap        ] GC(297) Survivor regions: 108->111(153)
[1926.126s][info][gc,heap        ] GC(297) Old regions: 534->470
[1926.126s][info][gc,heap        ] GC(297) Humongous regions: 80->80
[1926.126s][info][gc,metaspace   ] GC(297) Metaspace: 28991K(29376K)->28991K(29376K) NonClass: 24104K(24256K)->24104K(24256K) Class: 4886K(5120K)->4886K(5120K)
[1926.126s][info][gc             ] GC(297) Pause Young (Mixed) (G1 Evacuation Pause) 3671M->1319M(4096M) 135.143ms
[1926.126s][info][gc,cpu         ] GC(297) User=0.80s Sys=0.00s Real=0.14s
...|...[1932.491s][info][gc,start       ] GC(298) Pause Young (Concurrent Start) (G1 Evacuation Pause)
[1932.491s][info][gc,task        ] GC(298) Using 6 workers of 6 for evacuation
[1932.604s][info][gc,phases      ] GC(298)   Pre Evacuate Collection Set: 0.46ms
[1932.604s][info][gc,phases      ] GC(298)   Merge Heap Roots: 0.51ms
[1932.604s][info][gc,phases      ] GC(298)   Evacuate Collection Set: 111.56ms
[1932.605s][info][gc,phases      ] GC(298)   Post Evacuate Collection Set: 0.89ms
[1932.605s][info][gc,phases      ] GC(298)   Other: 0.13ms
[1932.605s][info][gc,heap        ] GC(298) Eden regions: 1117->0(1119)
[1932.605s][info][gc,heap        ] GC(298) Survivor regions: 111->109(154)
[1932.605s][info][gc,heap        ] GC(298) Old regions: 470->502
[1932.605s][info][gc,heap        ] GC(298) Humongous regions: 80->80
[1932.605s][info][gc,metaspace   ] GC(298) Metaspace: 28991K(29376K)->28991K(29376K) NonClass: 24104K(24256K)->24104K(24256K) Class: 4886K(5120K)->4886K(5120K)
[1932.605s][info][gc             ] GC(298) Pause Young (Concurrent Start) (G1 Evacuation Pause) 3553M->1380M(4096M) 113.672ms
[1932.605s][info][gc             ] GC(299) Concurrent Mark Cycle
[1932.605s][info][gc,marking     ] GC(299) Concurrent Scan Root Regions
[1932.605s][info][gc,cpu         ] GC(298) User=0.67s Sys=0.00s Real=0.12s
.[1932.736s][info][gc,marking     ] GC(299) Concurrent Scan Root Regions 131.486ms
[1932.736s][info][gc,marking     ] GC(299) Concurrent Mark
[1932.736s][info][gc,marking     ] GC(299) Concurrent Mark From Roots
[1932.736s][info][gc,task        ] GC(299) Using 2 workers of 2 for marking
[1933.340s][info][gc,marking     ] GC(299) Concurrent Mark From Roots 603.785ms
[1933.340s][info][gc,marking     ] GC(299) Concurrent Preclean
[1933.340s][info][gc,marking     ] GC(299) Concurrent Preclean 0.054ms
[1933.340s][info][gc,start       ] GC(299) Pause Remark
[1933.344s][info][gc             ] GC(299) Pause Remark 1636M->1636M(4096M) 3.553ms
[1933.344s][info][gc,cpu         ] GC(299) User=0.02s Sys=0.00s Real=0.01s
[1933.344s][info][gc,marking     ] GC(299) Concurrent Mark 607.648ms
[1933.344s][info][gc,marking     ] GC(299) Concurrent Rebuild Remembered Sets and Scrub Regions
.[1933.686s][info][gc,marking     ] GC(299) Concurrent Rebuild Remembered Sets and Scrub Regions 341.714ms
[1933.686s][info][gc,start       ] GC(299) Pause Cleanup
[1933.686s][info][gc             ] GC(299) Pause Cleanup 1781M->1781M(4096M) 0.114ms
[1933.686s][info][gc,cpu         ] GC(299) User=0.00s Sys=0.00s Real=0.00s
[1933.686s][info][gc,marking     ] GC(299) Concurrent Clear Claimed Marks
[1933.686s][info][gc,marking     ] GC(299) Concurrent Clear Claimed Marks 0.029ms
[1933.686s][info][gc,marking     ] GC(299) Concurrent Cleanup for Next Mark
[1933.690s][info][gc,marking     ] GC(299) Concurrent Cleanup for Next Mark 4.108ms
[1933.690s][info][gc             ] GC(299) Concurrent Mark Cycle 1085.419ms
.....[1939.035s][info][gc,start       ] GC(300) Pause Young (Prepare Mixed) (G1 Evacuation Pause)
[1939.035s][info][gc,task        ] GC(300) Using 6 workers of 6 for evacuation
[1939.151s][info][gc,phases      ] GC(300)   Pre Evacuate Collection Set: 0.35ms
[1939.151s][info][gc,phases      ] GC(300)   Merge Heap Roots: 0.57ms
[1939.151s][info][gc,phases      ] GC(300)   Evacuate Collection Set: 113.89ms
[1939.151s][info][gc,phases      ] GC(300)   Post Evacuate Collection Set: 0.99ms
[1939.151s][info][gc,phases      ] GC(300)   Other: 0.10ms
[1939.151s][info][gc,heap        ] GC(300) Eden regions: 1119->0(1113)
[1939.151s][info][gc,heap        ] GC(300) Survivor regions: 109->109(154)
[1939.151s][info][gc,heap        ] GC(300) Old regions: 502->534
[1939.151s][info][gc,heap        ] GC(300) Humongous regions: 80->80
[1939.151s][info][gc,metaspace   ] GC(300) Metaspace: 28991K(29376K)->28991K(29376K) NonClass: 24104K(24256K)->24104K(24256K) Class: 4886K(5120K)->4886K(5120K)
[1939.151s][info][gc             ] GC(300) Pause Young (Prepare Mixed) (G1 Evacuation Pause) 3618M->1443M(4096M) 116.067ms
[1939.151s][info][gc,cpu         ] GC(300) User=0.69s Sys=0.00s Real=0.11s
......[1945.487s][info][gc,start       ] GC(301) Pause Young (Mixed) (G1 Evacuation Pause)
[1945.487s][info][gc,task        ] GC(301) Using 6 workers of 6 for evacuation
[1945.617s][info][gc,phases      ] GC(301)   Pre Evacuate Collection Set: 0.40ms
[1945.617s][info][gc,phases      ] GC(301)   Merge Heap Roots: 0.65ms
[1945.617s][info][gc,phases      ] GC(301)   Evacuate Collection Set: 127.75ms
[1945.617s][info][gc,phases      ] GC(301)   Post Evacuate Collection Set: 0.93ms
[1945.617s][info][gc,phases      ] GC(301)   Other: 0.09ms
[1945.617s][info][gc,heap        ] GC(301) Eden regions: 1113->0(1120)
[1945.617s][info][gc,heap        ] GC(301) Survivor regions: 109->108(153)
[1945.617s][info][gc,heap        ] GC(301) Old regions: 534->470
[1945.617s][info][gc,heap        ] GC(301) Humongous regions: 80->80
[1945.617s][info][gc,metaspace   ] GC(301) Metaspace: 28991K(29376K)->28991K(29376K) NonClass: 24104K(24256K)->24104K(24256K) Class: 4886K(5120K)->4886K(5120K)
[1945.617s][info][gc             ] GC(301) Pause Young (Mixed) (G1 Evacuation Pause) 3669M->1315M(4096M) 129.975ms
[1945.617s][info][gc,cpu         ] GC(301) User=0.77s Sys=0.00s Real=0.13s
.......[1951.942s][info][gc,start       ] GC(302) Pause Young (Concurrent Start) (G1 Evacuation Pause)
[1951.942s][info][gc,task        ] GC(302) Using 6 workers of 6 for evacuation
[1952.057s][info][gc,phases      ] GC(302)   Pre Evacuate Collection Set: 0.47ms
[1952.057s][info][gc,phases      ] GC(302)   Merge Heap Roots: 0.53ms
[1952.057s][info][gc,phases      ] GC(302)   Evacuate Collection Set: 112.65ms
[1952.057s][info][gc,phases      ] GC(302)   Post Evacuate Collection Set: 0.89ms
[1952.057s][info][gc,phases      ] GC(302)   Other: 0.14ms
[1952.057s][info][gc,heap        ] GC(302) Eden regions: 1120->0(1121)
[1952.057s][info][gc,heap        ] GC(302) Survivor regions: 108->107(154)
[1952.057s][info][gc,heap        ] GC(302) Old regions: 470->502
[1952.057s][info][gc,heap        ] GC(302) Humongous regions: 80->80
[1952.057s][info][gc,metaspace   ] GC(302) Metaspace: 28991K(29376K)->28991K(29376K) NonClass: 24104K(24256K)->24104K(24256K) Class: 4886K(5120K)->4886K(5120K)
[1952.057s][info][gc             ] GC(302) Pause Young (Concurrent Start) (G1 Evacuation Pause) 3555M->1376M(4096M) 114.826ms
[1952.057s][info][gc             ] GC(303) Concurrent Mark Cycle
[1952.057s][info][gc,marking     ] GC(303) Concurrent Scan Root Regions
[1952.057s][info][gc,cpu         ] GC(302) User=0.69s Sys=0.00s Real=0.12s
[1952.189s][info][gc,marking     ] GC(303) Concurrent Scan Root Regions 132.228ms
[1952.189s][info][gc,marking     ] GC(303) Concurrent Mark
[1952.189s][info][gc,marking     ] GC(303) Concurrent Mark From Roots
[1952.189s][info][gc,task        ] GC(303) Using 2 workers of 2 for marking
.[1952.821s][info][gc,marking     ] GC(303) Concurrent Mark From Roots 631.721ms
[1952.821s][info][gc,marking     ] GC(303) Concurrent Preclean
[1952.821s][info][gc,marking     ] GC(303) Concurrent Preclean 0.065ms
[1952.821s][info][gc,start       ] GC(303) Pause Remark
[1952.825s][info][gc             ] GC(303) Pause Remark 1679M->1679M(4096M) 3.429ms
[1952.825s][info][gc,cpu         ] GC(303) User=0.02s Sys=0.00s Real=0.01s
[1952.825s][info][gc,marking     ] GC(303) Concurrent Mark 635.472ms
[1952.825s][info][gc,marking     ] GC(303) Concurrent Rebuild Remembered Sets and Scrub Regions
[1953.051s][info][gc,marking     ] GC(303) Concurrent Rebuild Remembered Sets and Scrub Regions 226.398ms
[1953.051s][info][gc,start       ] GC(303) Pause Cleanup
[1953.051s][info][gc             ] GC(303) Pause Cleanup 1749M->1749M(4096M) 0.116ms
[1953.051s][info][gc,cpu         ] GC(303) User=0.00s Sys=0.00s Real=0.00s
[1953.051s][info][gc,marking     ] GC(303) Concurrent Clear Claimed Marks
[1953.051s][info][gc,marking     ] GC(303) Concurrent Clear Claimed Marks 0.026ms
[1953.051s][info][gc,marking     ] GC(303) Concurrent Cleanup for Next Mark
[1953.055s][info][gc,marking     ] GC(303) Concurrent Cleanup for Next Mark 3.440ms
[1953.055s][info][gc             ] GC(303) Concurrent Mark Cycle 997.960ms
.....[1958.509s][info][gc,start       ] GC(304) Pause Young (Prepare Mixed) (G1 Evacuation Pause)
[1958.509s][info][gc,task        ] GC(304) Using 6 workers of 6 for evacuation
[1958.625s][info][gc,phases      ] GC(304)   Pre Evacuate Collection Set: 0.36ms
[1958.625s][info][gc,phases      ] GC(304)   Merge Heap Roots: 0.54ms
[1958.625s][info][gc,phases      ] GC(304)   Evacuate Collection Set: 114.65ms
[1958.625s][info][gc,phases      ] GC(304)   Post Evacuate Collection Set: 0.95ms
[1958.625s][info][gc,phases      ] GC(304)   Other: 0.09ms
[1958.625s][info][gc,heap        ] GC(304) Eden regions: 1121->0(1114)
[1958.625s][info][gc,heap        ] GC(304) Survivor regions: 107->109(154)
[1958.625s][info][gc,heap        ] GC(304) Old regions: 502->533
[1958.625s][info][gc,heap        ] GC(304) Humongous regions: 80->80
[1958.625s][info][gc,metaspace   ] GC(304) Metaspace: 28991K(29376K)->28991K(29376K) NonClass: 24104K(24256K)->24104K(24256K) Class: 4886K(5120K)->4886K(5120K)
[1958.625s][info][gc             ] GC(304) Pause Young (Prepare Mixed) (G1 Evacuation Pause) 3618M->1442M(4096M) 116.718ms
[1958.625s][info][gc,cpu         ] GC(304) User=0.70s Sys=0.00s Real=0.12s
.......[1964.973s][info][gc,start       ] GC(305) Pause Young (Mixed) (G1 Evacuation Pause)
[1964.973s][info][gc,task        ] GC(305) Using 6 workers of 6 for evacuation
[1965.103s][info][gc,phases      ] GC(305)   Pre Evacuate Collection Set: 0.41ms
[1965.103s][info][gc,phases      ] GC(305)   Merge Heap Roots: 0.68ms
[1965.103s][info][gc,phases      ] GC(305)   Evacuate Collection Set: 127.78ms
[1965.103s][info][gc,phases      ] GC(305)   Post Evacuate Collection Set: 0.94ms
[1965.103s][info][gc,phases      ] GC(305)   Other: 0.09ms
[1965.103s][info][gc,heap        ] GC(305) Eden regions: 1114->0(1120)
[1965.103s][info][gc,heap        ] GC(305) Survivor regions: 109->108(153)
[1965.103s][info][gc,heap        ] GC(305) Old regions: 533->469
[1965.103s][info][gc,heap        ] GC(305) Humongous regions: 80->80
[1965.103s][info][gc,metaspace   ] GC(305) Metaspace: 28991K(29376K)->28991K(29376K) NonClass: 24104K(24256K)->24104K(24256K) Class: 4886K(5120K)->4886K(5120K)
[1965.103s][info][gc             ] GC(305) Pause Young (Mixed) (G1 Evacuation Pause) 3670M->1313M(4096M) 130.040ms
[1965.103s][info][gc,cpu         ] GC(305) User=0.77s Sys=0.00s Real=0.14s
......[1971.392s][info][gc,start       ] GC(306) Pause Young (Concurrent Start) (G1 Evacuation Pause)
[1971.392s][info][gc,task        ] GC(306) Using 6 workers of 6 for evacuation
[1971.511s][info][gc,phases      ] GC(306)   Pre Evacuate Collection Set: 0.42ms
[1971.511s][info][gc,phases      ] GC(306)   Merge Heap Roots: 0.49ms
[1971.511s][info][gc,phases      ] GC(306)   Evacuate Collection Set: 116.80ms
[1971.511s][info][gc,phases      ] GC(306)   Post Evacuate Collection Set: 0.94ms
[1971.511s][info][gc,phases      ] GC(306)   Other: 0.13ms
[1971.511s][info][gc,heap        ] GC(306) Eden regions: 1120->0(1118)
[1971.511s][info][gc,heap        ] GC(306) Survivor regions: 108->110(154)
[1971.511s][info][gc,heap        ] GC(306) Old regions: 469->502
[1971.511s][info][gc,heap        ] GC(306) Humongous regions: 80->80
[1971.511s][info][gc,metaspace   ] GC(306) Metaspace: 28991K(29376K)->28991K(29376K) NonClass: 24104K(24256K)->24104K(24256K) Class: 4886K(5120K)->4886K(5120K)
[1971.511s][info][gc             ] GC(306) Pause Young (Concurrent Start) (G1 Evacuation Pause) 3553M->1383M(4096M) 118.936ms
[1971.511s][info][gc             ] GC(307) Concurrent Mark Cycle
[1971.511s][info][gc,marking     ] GC(307) Concurrent Scan Root Regions
[1971.511s][info][gc,cpu         ] GC(306) User=0.70s Sys=0.00s Real=0.12s
[1971.641s][info][gc,marking     ] GC(307) Concurrent Scan Root Regions 129.715ms
[1971.641s][info][gc,marking     ] GC(307) Concurrent Mark
[1971.641s][info][gc,marking     ] GC(307) Concurrent Mark From Roots
[1971.641s][info][gc,task        ] GC(307) Using 2 workers of 2 for marking
.[1972.199s][info][gc,marking     ] GC(307) Concurrent Mark From Roots 557.976ms
[1972.199s][info][gc,marking     ] GC(307) Concurrent Preclean
[1972.199s][info][gc,marking     ] GC(307) Concurrent Preclean 0.048ms
[1972.199s][info][gc,start       ] GC(307) Pause Remark
[1972.203s][info][gc             ] GC(307) Pause Remark 1638M->1638M(4096M) 3.554ms
[1972.203s][info][gc,cpu         ] GC(307) User=0.01s Sys=0.00s Real=0.00s
[1972.203s][info][gc,marking     ] GC(307) Concurrent Mark 561.828ms
[1972.203s][info][gc,marking     ] GC(307) Concurrent Rebuild Remembered Sets and Scrub Regions
[1972.413s][info][gc,marking     ] GC(307) Concurrent Rebuild Remembered Sets and Scrub Regions 209.882ms
[1972.413s][info][gc,start       ] GC(307) Pause Cleanup
[1972.413s][info][gc             ] GC(307) Pause Cleanup 1697M->1697M(4096M) 0.110ms
[1972.413s][info][gc,cpu         ] GC(307) User=0.00s Sys=0.00s Real=0.00s
[1972.413s][info][gc,marking     ] GC(307) Concurrent Clear Claimed Marks
[1972.413s][info][gc,marking     ] GC(307) Concurrent Clear Claimed Marks 0.027ms
[1972.413s][info][gc,marking     ] GC(307) Concurrent Cleanup for Next Mark
[1972.416s][info][gc,marking     ] GC(307) Concurrent Cleanup for Next Mark 3.218ms
[1972.416s][info][gc             ] GC(307) Concurrent Mark Cycle 905.101ms
......[1977.868s][info][gc,start       ] GC(308) Pause Young (Prepare Mixed) (G1 Evacuation Pause)
[1977.868s][info][gc,task        ] GC(308) Using 6 workers of 6 for evacuation
[1977.984s][info][gc,phases      ] GC(308)   Pre Evacuate Collection Set: 0.34ms
[1977.984s][info][gc,phases      ] GC(308)   Merge Heap Roots: 0.52ms
[1977.984s][info][gc,phases      ] GC(308)   Evacuate Collection Set: 114.00ms
[1977.984s][info][gc,phases      ] GC(308)   Post Evacuate Collection Set: 0.92ms
[1977.984s][info][gc,phases      ] GC(308)   Other: 0.09ms
[1977.984s][info][gc,heap        ] GC(308) Eden regions: 1118->0(1117)
[1977.984s][info][gc,heap        ] GC(308) Survivor regions: 110->107(154)
[1977.984s][info][gc,heap        ] GC(308) Old regions: 502->534
[1977.984s][info][gc,heap        ] GC(308) Humongous regions: 80->80
[1977.984s][info][gc,metaspace   ] GC(308) Metaspace: 28991K(29376K)->28991K(29376K) NonClass: 24104K(24256K)->24104K(24256K) Class: 4886K(5120K)->4886K(5120K)
[1977.984s][info][gc             ] GC(308) Pause Young (Prepare Mixed) (G1 Evacuation Pause) 3619M->1441M(4096M) 115.993ms
[1977.984s][info][gc,cpu         ] GC(308) User=0.69s Sys=0.00s Real=0.12s
......[1984.432s][info][gc,start       ] GC(309) Pause Young (Mixed) (G1 Evacuation Pause)
[1984.432s][info][gc,task        ] GC(309) Using 6 workers of 6 for evacuation
[1984.561s][info][gc,phases      ] GC(309)   Pre Evacuate Collection Set: 0.44ms
[1984.561s][info][gc,phases      ] GC(309)   Merge Heap Roots: 0.64ms
[1984.561s][info][gc,phases      ] GC(309)   Evacuate Collection Set: 127.19ms
[1984.561s][info][gc,phases      ] GC(309)   Post Evacuate Collection Set: 0.95ms
[1984.561s][info][gc,phases      ] GC(309)   Other: 0.09ms
[1984.561s][info][gc,heap        ] GC(309) Eden regions: 1117->0(1119)
[1984.561s][info][gc,heap        ] GC(309) Survivor regions: 107->109(153)
[1984.561s][info][gc,heap        ] GC(309) Old regions: 534->471
[1984.561s][info][gc,heap        ] GC(309) Humongous regions: 80->80
[1984.561s][info][gc,metaspace   ] GC(309) Metaspace: 28991K(29376K)->28991K(29376K) NonClass: 24104K(24256K)->24104K(24256K) Class: 4886K(5120K)->4886K(5120K)
[1984.561s][info][gc             ] GC(309) Pause Young (Mixed) (G1 Evacuation Pause) 3675M->1317M(4096M) 129.450ms
[1984.561s][info][gc,cpu         ] GC(309) User=0.77s Sys=0.00s Real=0.13s
..... (rIR:aIR:PR = 2906:2907:2907) (tPR = 43078) [OK] 
  1988s: Performance info:
         Transaction,    Success,    Partial,     Failed,   Receipts, AvgBarcode, 
             Overall,     174830,          0,          0,     166089,      59.47, 
         Response times:
             Request,    Success,    Partial,     Failed,   SkipFail,     Probes,    Samples,      min,      p50,      p90,      p95,      p99,      max, 
       TotalPurchase,     166088,          0,          0,          0,     162429,     179948,      300,     2400,     3800,     4400,    15200,   177000,
     InStorePurchase,      87359,          0,          0,          0,      85655,      94762,      300,     2500,     3800,     4400,    16100,   148000,
      OnlinePurchase,      61187,          0,          0,          0,      59896,      66291,      300,     2200,     3700,     4300,    14308,   177000,
        InstPurchase,      17542,          0,          0,          0,      16878,      18895,      400,     2400,     3900,     4500,    15200,   141000,
          AssocOfCat,        176,          0,          0,          0,        130,        201,    18800,    27000,    34000,    37000,    52880,    80000,
      AssocOfProduct,       1746,          0,          0,          0,       1560,       1879,      600,     2900,     3900,     4600,    15380,   139000,
      BusinessReport,        436,          0,          0,          0,        355,        510,    23000,    31000,    42000,    50000,    79670,   178000,
          CustBuyBeh,       1744,          0,          0,          0,       1550,       1810,      100,     2550,     3900,     4500,    17846,   135000,
       ProductReturn,       4640,          0,          0,          0,       4321,       4965,      200,     2100,     3300,     3700,     8934,   134000,

  1988s: (22%)   IR =   3044 ..[1990.826s][info][gc,start       ] GC(310) Pause Young (Concurrent Start) (G1 Evacuation Pause)
[1990.826s][info][gc,task        ] GC(310) Using 6 workers of 6 for evacuation
[1990.941s][info][gc,phases      ] GC(310)   Pre Evacuate Collection Set: 0.41ms
[1990.941s][info][gc,phases      ] GC(310)   Merge Heap Roots: 0.48ms
[1990.941s][info][gc,phases      ] GC(310)   Evacuate Collection Set: 113.02ms
[1990.941s][info][gc,phases      ] GC(310)   Post Evacuate Collection Set: 0.87ms
[1990.941s][info][gc,phases      ] GC(310)   Other: 0.13ms
[1990.941s][info][gc,heap        ] GC(310) Eden regions: 1119->0(1120)
[1990.941s][info][gc,heap        ] GC(310) Survivor regions: 109->108(154)
[1990.941s][info][gc,heap        ] GC(310) Old regions: 471->503
[1990.941s][info][gc,heap        ] GC(310) Humongous regions: 80->80
[1990.941s][info][gc,metaspace   ] GC(310) Metaspace: 28991K(29376K)->28991K(29376K) NonClass: 24104K(24256K)->24104K(24256K) Class: 4886K(5120K)->4886K(5120K)
[1990.941s][info][gc             ] GC(310) Pause Young (Concurrent Start) (G1 Evacuation Pause) 3555M->1379M(4096M) 115.030ms
[1990.941s][info][gc             ] GC(311) Concurrent Mark Cycle
[1990.942s][info][gc,marking     ] GC(311) Concurrent Scan Root Regions
[1990.942s][info][gc,cpu         ] GC(310) User=0.68s Sys=0.00s Real=0.11s
[1991.075s][info][gc,marking     ] GC(311) Concurrent Scan Root Regions 133.141ms
[1991.075s][info][gc,marking     ] GC(311) Concurrent Mark
[1991.075s][info][gc,marking     ] GC(311) Concurrent Mark From Roots
[1991.075s][info][gc,task        ] GC(311) Using 2 workers of 2 for marking
.[1991.701s][info][gc,marking     ] GC(311) Concurrent Mark From Roots 626.710ms
[1991.701s][info][gc,marking     ] GC(311) Concurrent Preclean
[1991.702s][info][gc,marking     ] GC(311) Concurrent Preclean 0.055ms
[1991.702s][info][gc,start       ] GC(311) Pause Remark
[1991.705s][info][gc             ] GC(311) Pause Remark 1705M->1705M(4096M) 3.563ms
[1991.705s][info][gc,cpu         ] GC(311) User=0.02s Sys=0.00s Real=0.01s
[1991.705s][info][gc,marking     ] GC(311) Concurrent Mark 630.574ms
[1991.705s][info][gc,marking     ] GC(311) Concurrent Rebuild Remembered Sets and Scrub Regions
[1992.048s][info][gc,marking     ] GC(311) Concurrent Rebuild Remembered Sets and Scrub Regions 342.492ms
[1992.048s][info][gc,start       ] GC(311) Pause Cleanup
[1992.048s][info][gc             ] GC(311) Pause Cleanup 1811M->1811M(4096M) 0.111ms
[1992.048s][info][gc,cpu         ] GC(311) User=0.00s Sys=0.00s Real=0.00s
[1992.048s][info][gc,marking     ] GC(311) Concurrent Clear Claimed Marks
[1992.048s][info][gc,marking     ] GC(311) Concurrent Clear Claimed Marks 0.026ms
[1992.048s][info][gc,marking     ] GC(311) Concurrent Cleanup for Next Mark
[1992.052s][info][gc,marking     ] GC(311) Concurrent Cleanup for Next Mark 3.821ms
[1992.052s][info][gc             ] GC(311) Concurrent Mark Cycle 1110.518ms
.|....[1997.032s][info][gc,start       ] GC(312) Pause Young (Prepare Mixed) (G1 Evacuation Pause)
[1997.032s][info][gc,task        ] GC(312) Using 6 workers of 6 for evacuation
[1997.147s][info][gc,phases      ] GC(312)   Pre Evacuate Collection Set: 0.35ms
[1997.147s][info][gc,phases      ] GC(312)   Merge Heap Roots: 0.49ms
[1997.147s][info][gc,phases      ] GC(312)   Evacuate Collection Set: 112.56ms
[1997.147s][info][gc,phases      ] GC(312)   Post Evacuate Collection Set: 0.95ms
[1997.147s][info][gc,phases      ] GC(312)   Other: 0.09ms
[1997.147s][info][gc,heap        ] GC(312) Eden regions: 1120->0(1114)
[1997.147s][info][gc,heap        ] GC(312) Survivor regions: 108->108(154)
[1997.147s][info][gc,heap        ] GC(312) Old regions: 503->535
[1997.147s][info][gc,heap        ] GC(312) Humongous regions: 80->80
[1997.147s][info][gc,metaspace   ] GC(312) Metaspace: 28991K(29376K)->28991K(29376K) NonClass: 24104K(24256K)->24104K(24256K) Class: 4886K(5120K)->4886K(5120K)
[1997.147s][info][gc             ] GC(312) Pause Young (Prepare Mixed) (G1 Evacuation Pause) 3619M->1444M(4096M) 114.566ms
[1997.147s][info][gc,cpu         ] GC(312) User=0.68s Sys=0.00s Real=0.12s
......[2003.294s][info][gc,start       ] GC(313) Pause Young (Mixed) (G1 Evacuation Pause)
[2003.294s][info][gc,task        ] GC(313) Using 6 workers of 6 for evacuation
[2003.425s][info][gc,phases      ] GC(313)   Pre Evacuate Collection Set: 0.39ms
[2003.425s][info][gc,phases      ] GC(313)   Merge Heap Roots: 0.67ms
[2003.425s][info][gc,phases      ] GC(313)   Evacuate Collection Set: 129.01ms
[2003.425s][info][gc,phases      ] GC(313)   Post Evacuate Collection Set: 0.99ms
[2003.425s][info][gc,phases      ] GC(313)   Other: 0.10ms
[2003.425s][info][gc,heap        ] GC(313) Eden regions: 1114->0(1120)
[2003.425s][info][gc,heap        ] GC(313) Survivor regions: 108->108(153)
[2003.425s][info][gc,heap        ] GC(313) Old regions: 535->470
[2003.425s][info][gc,heap        ] GC(313) Humongous regions: 80->80
[2003.425s][info][gc,metaspace   ] GC(313) Metaspace: 28991K(29376K)->28991K(29376K) NonClass: 24104K(24256K)->24104K(24256K) Class: 4886K(5120K)->4886K(5120K)
[2003.425s][info][gc             ] GC(313) Pause Young (Mixed) (G1 Evacuation Pause) 3672M->1315M(4096M) 131.309ms
[2003.425s][info][gc,cpu         ] GC(313) User=0.78s Sys=0.00s Real=0.13s
......[2009.513s][info][gc,start       ] GC(314) Pause Young (Concurrent Start) (G1 Evacuation Pause)
[2009.513s][info][gc,task        ] GC(314) Using 6 workers of 6 for evacuation
[2009.629s][info][gc,phases      ] GC(314)   Pre Evacuate Collection Set: 0.42ms
[2009.629s][info][gc,phases      ] GC(314)   Merge Heap Roots: 0.46ms
[2009.629s][info][gc,phases      ] GC(314)   Evacuate Collection Set: 113.90ms
[2009.629s][info][gc,phases      ] GC(314)   Post Evacuate Collection Set: 0.88ms
[2009.629s][info][gc,phases      ] GC(314)   Other: 0.11ms
[2009.629s][info][gc,heap        ] GC(314) Eden regions: 1120->0(1119)
[2009.629s][info][gc,heap        ] GC(314) Survivor regions: 108->109(154)
[2009.629s][info][gc,heap        ] GC(314) Old regions: 470->502
[2009.629s][info][gc,heap        ] GC(314) Humongous regions: 80->80
[2009.629s][info][gc,metaspace   ] GC(314) Metaspace: 28991K(29376K)->28991K(29376K) NonClass: 24104K(24256K)->24104K(24256K) Class: 4886K(5120K)->4886K(5120K)
[2009.629s][info][gc             ] GC(314) Pause Young (Concurrent Start) (G1 Evacuation Pause) 3555M->1381M(4096M) 115.914ms
[2009.629s][info][gc             ] GC(315) Concurrent Mark Cycle
[2009.629s][info][gc,marking     ] GC(315) Concurrent Scan Root Regions
[2009.629s][info][gc,cpu         ] GC(314) User=0.69s Sys=0.00s Real=0.12s
.[2009.764s][info][gc,marking     ] GC(315) Concurrent Scan Root Regions 135.302ms
[2009.764s][info][gc,marking     ] GC(315) Concurrent Mark
[2009.764s][info][gc,marking     ] GC(315) Concurrent Mark From Roots
[2009.764s][info][gc,task        ] GC(315) Using 2 workers of 2 for marking
[2010.348s][info][gc,marking     ] GC(315) Concurrent Mark From Roots 583.621ms
[2010.348s][info][gc,marking     ] GC(315) Concurrent Preclean
[2010.348s][info][gc,marking     ] GC(315) Concurrent Preclean 0.068ms
[2010.348s][info][gc,start       ] GC(315) Pause Remark
[2010.352s][info][gc             ] GC(315) Pause Remark 1701M->1701M(4096M) 3.489ms
[2010.352s][info][gc,cpu         ] GC(315) User=0.02s Sys=0.00s Real=0.00s
[2010.352s][info][gc,marking     ] GC(315) Concurrent Mark 587.437ms
[2010.352s][info][gc,marking     ] GC(315) Concurrent Rebuild Remembered Sets and Scrub Regions
[2010.572s][info][gc,marking     ] GC(315) Concurrent Rebuild Remembered Sets and Scrub Regions 220.201ms
[2010.572s][info][gc,start       ] GC(315) Pause Cleanup
[2010.572s][info][gc             ] GC(315) Pause Cleanup 1791M->1791M(4096M) 0.111ms
[2010.572s][info][gc,cpu         ] GC(315) User=0.00s Sys=0.00s Real=0.00s
[2010.572s][info][gc,marking     ] GC(315) Concurrent Clear Claimed Marks
[2010.572s][info][gc,marking     ] GC(315) Concurrent Clear Claimed Marks 0.028ms
[2010.572s][info][gc,marking     ] GC(315) Concurrent Cleanup for Next Mark
[2010.575s][info][gc,marking     ] GC(315) Concurrent Cleanup for Next Mark 3.202ms
[2010.575s][info][gc             ] GC(315) Concurrent Mark Cycle 946.580ms
.....[2015.566s][info][gc,start       ] GC(316) Pause Young (Prepare Mixed) (G1 Evacuation Pause)
[2015.567s][info][gc,task        ] GC(316) Using 6 workers of 6 for evacuation
[2015.683s][info][gc,phases      ] GC(316)   Pre Evacuate Collection Set: 0.32ms
[2015.683s][info][gc,phases      ] GC(316)   Merge Heap Roots: 0.52ms
[2015.683s][info][gc,phases      ] GC(316)   Evacuate Collection Set: 114.64ms
[2015.683s][info][gc,phases      ] GC(316)   Post Evacuate Collection Set: 0.95ms
[2015.683s][info][gc,phases      ] GC(316)   Other: 0.09ms
[2015.683s][info][gc,heap        ] GC(316) Eden regions: 1119->0(1111)
[2015.683s][info][gc,heap        ] GC(316) Survivor regions: 109->110(154)
[2015.683s][info][gc,heap        ] GC(316) Old regions: 502->534
[2015.683s][info][gc,heap        ] GC(316) Humongous regions: 80->80
[2015.683s][info][gc,metaspace   ] GC(316) Metaspace: 28991K(29376K)->28991K(29376K) NonClass: 24104K(24256K)->24104K(24256K) Class: 4886K(5120K)->4886K(5120K)
[2015.683s][info][gc             ] GC(316) Pause Young (Prepare Mixed) (G1 Evacuation Pause) 3619M->1446M(4096M) 116.641ms
[2015.683s][info][gc,cpu         ] GC(316) User=0.70s Sys=0.00s Real=0.11s
.......[2021.811s][info][gc,start       ] GC(317) Pause Young (Mixed) (G1 Evacuation Pause)
[2021.811s][info][gc,task        ] GC(317) Using 6 workers of 6 for evacuation
[2021.938s][info][gc,phases      ] GC(317)   Pre Evacuate Collection Set: 0.38ms
[2021.938s][info][gc,phases      ] GC(317)   Merge Heap Roots: 0.63ms
[2021.938s][info][gc,phases      ] GC(317)   Evacuate Collection Set: 125.55ms
[2021.938s][info][gc,phases      ] GC(317)   Post Evacuate Collection Set: 0.94ms
[2021.938s][info][gc,phases      ] GC(317)   Other: 0.09ms
[2021.938s][info][gc,heap        ] GC(317) Eden regions: 1111->0(1121)
[2021.938s][info][gc,heap        ] GC(317) Survivor regions: 110->107(153)
[2021.938s][info][gc,heap        ] GC(317) Old regions: 534->470
[2021.938s][info][gc,heap        ] GC(317) Humongous regions: 80->80
[2021.938s][info][gc,metaspace   ] GC(317) Metaspace: 28991K(29376K)->28991K(29376K) NonClass: 24104K(24256K)->24104K(24256K) Class: 4886K(5120K)->4886K(5120K)
[2021.938s][info][gc             ] GC(317) Pause Young (Mixed) (G1 Evacuation Pause) 3668M->1311M(4096M) 127.736ms
[2021.938s][info][gc,cpu         ] GC(317) User=0.76s Sys=0.00s Real=0.13s
......[2028.004s][info][gc,start       ] GC(318) Pause Young (Concurrent Start) (G1 Evacuation Pause)
[2028.004s][info][gc,task        ] GC(318) Using 6 workers of 6 for evacuation
[2028.119s][info][gc,phases      ] GC(318)   Pre Evacuate Collection Set: 0.42ms
[2028.119s][info][gc,phases      ] GC(318)   Merge Heap Roots: 0.48ms
[2028.119s][info][gc,phases      ] GC(318)   Evacuate Collection Set: 113.01ms
[2028.119s][info][gc,phases      ] GC(318)   Post Evacuate Collection Set: 0.90ms
[2028.119s][info][gc,phases      ] GC(318)   Other: 0.11ms
[2028.119s][info][gc,heap        ] GC(318) Eden regions: 1121->0(1119)
[2028.119s][info][gc,heap        ] GC(318) Survivor regions: 107->109(154)
[2028.119s][info][gc,heap        ] GC(318) Old regions: 470->501
[2028.119s][info][gc,heap        ] GC(318) Humongous regions: 80->80
[2028.119s][info][gc,metaspace   ] GC(318) Metaspace: 28991K(29376K)->28991K(29376K) NonClass: 24104K(24256K)->24104K(24256K) Class: 4886K(5120K)->4886K(5120K)
[2028.119s][info][gc             ] GC(318) Pause Young (Concurrent Start) (G1 Evacuation Pause) 3553M->1377M(4096M) 115.045ms
[2028.119s][info][gc             ] GC(319) Concurrent Mark Cycle
[2028.119s][info][gc,marking     ] GC(319) Concurrent Scan Root Regions
[2028.119s][info][gc,cpu         ] GC(318) User=0.68s Sys=0.00s Real=0.11s
[2028.293s][info][gc,marking     ] GC(319) Concurrent Scan Root Regions 173.953ms
[2028.293s][info][gc,marking     ] GC(319) Concurrent Mark
[2028.293s][info][gc,marking     ] GC(319) Concurrent Mark From Roots
[2028.293s][info][gc,task        ] GC(319) Using 2 workers of 2 for marking
.[2029.211s][info][gc,marking     ] GC(319) Concurrent Mark From Roots 918.097ms
[2029.211s][info][gc,marking     ] GC(319) Concurrent Preclean
[2029.211s][info][gc,marking     ] GC(319) Concurrent Preclean 0.062ms
[2029.211s][info][gc,start       ] GC(319) Pause Remark
[2029.216s][info][gc             ] GC(319) Pause Remark 1832M->1832M(4096M) 4.408ms
[2029.216s][info][gc,cpu         ] GC(319) User=0.02s Sys=0.00s Real=0.01s
[2029.216s][info][gc,marking     ] GC(319) Concurrent Mark 922.811ms
[2029.216s][info][gc,marking     ] GC(319) Concurrent Rebuild Remembered Sets and Scrub Regions
[2029.440s][info][gc,marking     ] GC(319) Concurrent Rebuild Remembered Sets and Scrub Regions 224.094ms
[2029.440s][info][gc,start       ] GC(319) Pause Cleanup
[2029.440s][info][gc             ] GC(319) Pause Cleanup 1902M->1902M(4096M) 0.113ms
[2029.440s][info][gc,cpu         ] GC(319) User=0.00s Sys=0.00s Real=0.00s
[2029.440s][info][gc,marking     ] GC(319) Concurrent Clear Claimed Marks
[2029.440s][info][gc,marking     ] GC(319) Concurrent Clear Claimed Marks 0.032ms
[2029.440s][info][gc,marking     ] GC(319) Concurrent Cleanup for Next Mark
[2029.445s][info][gc,marking     ] GC(319) Concurrent Cleanup for Next Mark 4.145ms
[2029.445s][info][gc             ] GC(319) Concurrent Mark Cycle 1325.486ms
.....[2034.222s][info][gc,start       ] GC(320) Pause Young (Prepare Mixed) (G1 Evacuation Pause)
[2034.222s][info][gc,task        ] GC(320) Using 6 workers of 6 for evacuation
[2034.337s][info][gc,phases      ] GC(320)   Pre Evacuate Collection Set: 0.36ms
[2034.337s][info][gc,phases      ] GC(320)   Merge Heap Roots: 0.53ms
[2034.337s][info][gc,phases      ] GC(320)   Evacuate Collection Set: 113.65ms
[2034.337s][info][gc,phases      ] GC(320)   Post Evacuate Collection Set: 0.92ms
[2034.337s][info][gc,phases      ] GC(320)   Other: 0.09ms
[2034.337s][info][gc,heap        ] GC(320) Eden regions: 1119->0(1116)
[2034.337s][info][gc,heap        ] GC(320) Survivor regions: 109->108(154)
[2034.337s][info][gc,heap        ] GC(320) Old regions: 501->533
[2034.337s][info][gc,heap        ] GC(320) Humongous regions: 80->80
[2034.337s][info][gc,metaspace   ] GC(320) Metaspace: 28991K(29376K)->28991K(29376K) NonClass: 24104K(24256K)->24104K(24256K) Class: 4886K(5120K)->4886K(5120K)
[2034.337s][info][gc             ] GC(320) Pause Young (Prepare Mixed) (G1 Evacuation Pause) 3615M->1440M(4096M) 115.715ms
[2034.337s][info][gc,cpu         ] GC(320) User=0.69s Sys=0.00s Real=0.12s
......[2040.422s][info][gc,start       ] GC(321) Pause Young (Mixed) (G1 Evacuation Pause)
[2040.422s][info][gc,task        ] GC(321) Using 6 workers of 6 for evacuation
[2040.552s][info][gc,phases      ] GC(321)   Pre Evacuate Collection Set: 0.40ms
[2040.552s][info][gc,phases      ] GC(321)   Merge Heap Roots: 0.64ms
[2040.552s][info][gc,phases      ] GC(321)   Evacuate Collection Set: 127.31ms
[2040.552s][info][gc,phases      ] GC(321)   Post Evacuate Collection Set: 0.95ms
[2040.552s][info][gc,phases      ] GC(321)   Other: 0.10ms
[2040.552s][info][gc,heap        ] GC(321) Eden regions: 1116->0(1120)
[2040.552s][info][gc,heap        ] GC(321) Survivor regions: 108->108(153)
[2040.552s][info][gc,heap        ] GC(321) Old regions: 533->469
[2040.552s][info][gc,heap        ] GC(321) Humongous regions: 80->80
[2040.552s][info][gc,metaspace   ] GC(321) Metaspace: 28991K(29376K)->28991K(29376K) NonClass: 24104K(24256K)->24104K(24256K) Class: 4886K(5120K)->4886K(5120K)
[2040.552s][info][gc             ] GC(321) Pause Young (Mixed) (G1 Evacuation Pause) 3672M->1312M(4096M) 129.541ms
[2040.552s][info][gc,cpu         ] GC(321) User=0.77s Sys=0.01s Real=0.13s
......[2046.642s][info][gc,start       ] GC(322) Pause Young (Concurrent Start) (G1 Evacuation Pause)
[2046.642s][info][gc,task        ] GC(322) Using 6 workers of 6 for evacuation
[2046.756s][info][gc,phases      ] GC(322)   Pre Evacuate Collection Set: 0.43ms
[2046.756s][info][gc,phases      ] GC(322)   Merge Heap Roots: 0.45ms
[2046.756s][info][gc,phases      ] GC(322)   Evacuate Collection Set: 112.81ms
[2046.756s][info][gc,phases      ] GC(322)   Post Evacuate Collection Set: 0.89ms
[2046.756s][info][gc,phases      ] GC(322)   Other: 0.13ms
[2046.756s][info][gc,heap        ] GC(322) Eden regions: 1120->0(1119)
[2046.756s][info][gc,heap        ] GC(322) Survivor regions: 108->109(154)
[2046.756s][info][gc,heap        ] GC(322) Old regions: 469->501
[2046.756s][info][gc,heap        ] GC(322) Humongous regions: 80->80
[2046.756s][info][gc,metaspace   ] GC(322) Metaspace: 28991K(29376K)->28991K(29376K) NonClass: 24104K(24256K)->24104K(24256K) Class: 4886K(5120K)->4886K(5120K)
[2046.756s][info][gc             ] GC(322) Pause Young (Concurrent Start) (G1 Evacuation Pause) 3552M->1378M(4096M) 114.846ms
[2046.756s][info][gc             ] GC(323) Concurrent Mark Cycle
[2046.756s][info][gc,marking     ] GC(323) Concurrent Scan Root Regions
[2046.756s][info][gc,cpu         ] GC(322) User=0.68s Sys=0.00s Real=0.12s
.[2046.908s][info][gc,marking     ] GC(323) Concurrent Scan Root Regions 151.797ms
[2046.908s][info][gc,marking     ] GC(323) Concurrent Mark
[2046.908s][info][gc,marking     ] GC(323) Concurrent Mark From Roots
[2046.908s][info][gc,task        ] GC(323) Using 2 workers of 2 for marking
[2047.517s][info][gc,marking     ] GC(323) Concurrent Mark From Roots 608.206ms
[2047.517s][info][gc,marking     ] GC(323) Concurrent Preclean
[2047.517s][info][gc,marking     ] GC(323) Concurrent Preclean 0.065ms
[2047.517s][info][gc,start       ] GC(323) Pause Remark
[2047.521s][info][gc             ] GC(323) Pause Remark 1698M->1698M(4096M) 3.853ms
[2047.521s][info][gc,cpu         ] GC(323) User=0.02s Sys=0.00s Real=0.00s
[2047.521s][info][gc,marking     ] GC(323) Concurrent Mark 612.390ms
[2047.521s][info][gc,marking     ] GC(323) Concurrent Rebuild Remembered Sets and Scrub Regions
[2047.743s][info][gc,marking     ] GC(323) Concurrent Rebuild Remembered Sets and Scrub Regions 222.661ms
[2047.744s][info][gc,start       ] GC(323) Pause Cleanup
[2047.744s][info][gc             ] GC(323) Pause Cleanup 1781M->1781M(4096M) 0.125ms
[2047.744s][info][gc,cpu         ] GC(323) User=0.00s Sys=0.00s Real=0.00s
[2047.744s][info][gc,marking     ] GC(323) Concurrent Clear Claimed Marks
[2047.744s][info][gc,marking     ] GC(323) Concurrent Clear Claimed Marks 0.035ms
[2047.744s][info][gc,marking     ] GC(323) Concurrent Cleanup for Next Mark
[2047.749s][info][gc,marking     ] GC(323) Concurrent Cleanup for Next Mark 4.838ms
[2047.749s][info][gc             ] GC(323) Concurrent Mark Cycle 992.236ms
...... (rIR:aIR:PR = 3044:3045:3045) (tPR = 45345) [OK] 
  2052s: Performance info:
         Transaction,    Success,    Partial,     Failed,   Receipts, AvgBarcode, 
             Overall,     182898,          0,          0,     173754,      59.47, 
         Response times:
             Request,    Success,    Partial,     Failed,   SkipFail,     Probes,    Samples,      min,      p50,      p90,      p95,      p99,      max, 
       TotalPurchase,     173751,          0,          0,          0,     170248,     182194,      300,     2500,     4000,     5000,    22000,   167000,
     InStorePurchase,      91465,          0,          0,          0,      89718,      95643,      300,     2600,     4100,     5000,    22000,   167000,
      OnlinePurchase,      63994,          0,          0,          0,      62854,      67359,      300,     2400,     4000,     4900,    21000,   167000,
        InstPurchase,      18292,          0,          0,          0,      17676,      19192,      400,     2700,     4200,     5200,    24000,   137000,
          AssocOfCat,        185,          0,          0,          0,        128,        199,    20000,    27000,    34000,    40000,    64000,    70000,
      AssocOfProduct,       1824,          0,          0,          0,       1640,       1929,      400,     1800,     3000,     3700,    10270,    51000,
      BusinessReport,        458,          0,          0,          0,        360,        445,    22000,    32000,    44000,    52100,    97020,   193000,
          CustBuyBeh,       1830,          0,          0,          0,       1610,       1850,      200,     2400,     3700,     4300,    14845,   134000,
       ProductReturn,       4847,          0,          0,          0,       4561,       5130,      200,     2600,     4200,     5200,    23000,   129000,

  2052s: (23%)   IR =   3183 [2052.832s][info][gc,start       ] GC(324) Pause Young (Prepare Mixed) (G1 Evacuation Pause)
[2052.832s][info][gc,task        ] GC(324) Using 6 workers of 6 for evacuation
[2052.949s][info][gc,phases      ] GC(324)   Pre Evacuate Collection Set: 0.32ms
[2052.949s][info][gc,phases      ] GC(324)   Merge Heap Roots: 0.52ms
[2052.949s][info][gc,phases      ] GC(324)   Evacuate Collection Set: 115.25ms
[2052.949s][info][gc,phases      ] GC(324)   Post Evacuate Collection Set: 0.97ms
[2052.949s][info][gc,phases      ] GC(324)   Other: 0.08ms
[2052.949s][info][gc,heap        ] GC(324) Eden regions: 1119->0(1116)
[2052.949s][info][gc,heap        ] GC(324) Survivor regions: 109->108(154)
[2052.949s][info][gc,heap        ] GC(324) Old regions: 501->533
[2052.949s][info][gc,heap        ] GC(324) Humongous regions: 80->80
[2052.949s][info][gc,metaspace   ] GC(324) Metaspace: 28991K(29376K)->28991K(29376K) NonClass: 24105K(24256K)->24105K(24256K) Class: 4886K(5120K)->4886K(5120K)
[2052.949s][info][gc             ] GC(324) Pause Young (Prepare Mixed) (G1 Evacuation Pause) 3616M->1440M(4096M) 117.280ms
[2052.949s][info][gc,cpu         ] GC(324) User=0.70s Sys=0.00s Real=0.12s
....|.[2058.775s][info][gc,start       ] GC(325) Pause Young (Mixed) (G1 Evacuation Pause)
[2058.775s][info][gc,task        ] GC(325) Using 6 workers of 6 for evacuation
[2058.905s][info][gc,phases      ] GC(325)   Pre Evacuate Collection Set: 0.37ms
[2058.905s][info][gc,phases      ] GC(325)   Merge Heap Roots: 0.64ms
[2058.905s][info][gc,phases      ] GC(325)   Evacuate Collection Set: 127.85ms
[2058.905s][info][gc,phases      ] GC(325)   Post Evacuate Collection Set: 0.96ms
[2058.905s][info][gc,phases      ] GC(325)   Other: 0.09ms
[2058.905s][info][gc,heap        ] GC(325) Eden regions: 1116->0(1121)
[2058.905s][info][gc,heap        ] GC(325) Survivor regions: 108->107(153)
[2058.905s][info][gc,heap        ] GC(325) Old regions: 533->470
[2058.905s][info][gc,heap        ] GC(325) Humongous regions: 80->80
[2058.905s][info][gc,metaspace   ] GC(325) Metaspace: 28991K(29376K)->28991K(29376K) NonClass: 24105K(24256K)->24105K(24256K) Class: 4886K(5120K)->4886K(5120K)
[2058.905s][info][gc             ] GC(325) Pause Young (Mixed) (G1 Evacuation Pause) 3672M->1313M(4096M) 130.045ms
[2058.905s][info][gc,cpu         ] GC(325) User=0.77s Sys=0.00s Real=0.13s
......[2064.771s][info][gc,start       ] GC(326) Pause Young (Concurrent Start) (G1 Evacuation Pause)
[2064.771s][info][gc,task        ] GC(326) Using 6 workers of 6 for evacuation
[2064.886s][info][gc,phases      ] GC(326)   Pre Evacuate Collection Set: 0.38ms
[2064.886s][info][gc,phases      ] GC(326)   Merge Heap Roots: 0.49ms
[2064.886s][info][gc,phases      ] GC(326)   Evacuate Collection Set: 112.99ms
[2064.886s][info][gc,phases      ] GC(326)   Post Evacuate Collection Set: 0.89ms
[2064.886s][info][gc,phases      ] GC(326)   Other: 0.12ms
[2064.886s][info][gc,heap        ] GC(326) Eden regions: 1121->0(1121)
[2064.886s][info][gc,heap        ] GC(326) Survivor regions: 107->107(154)
[2064.886s][info][gc,heap        ] GC(326) Old regions: 470->502
[2064.886s][info][gc,heap        ] GC(326) Humongous regions: 80->80
[2064.886s][info][gc,metaspace   ] GC(326) Metaspace: 28991K(29376K)->28991K(29376K) NonClass: 24105K(24256K)->24105K(24256K) Class: 4886K(5120K)->4886K(5120K)
[2064.886s][info][gc             ] GC(326) Pause Young (Concurrent Start) (G1 Evacuation Pause) 3555M->1377M(4096M) 115.015ms
[2064.886s][info][gc             ] GC(327) Concurrent Mark Cycle
[2064.886s][info][gc,marking     ] GC(327) Concurrent Scan Root Regions
[2064.886s][info][gc,cpu         ] GC(326) User=0.69s Sys=0.00s Real=0.12s
.[2065.063s][info][gc,marking     ] GC(327) Concurrent Scan Root Regions 176.616ms
[2065.063s][info][gc,marking     ] GC(327) Concurrent Mark
[2065.063s][info][gc,marking     ] GC(327) Concurrent Mark From Roots
[2065.063s][info][gc,task        ] GC(327) Using 2 workers of 2 for marking
[2065.656s][info][gc,marking     ] GC(327) Concurrent Mark From Roots 592.473ms
[2065.656s][info][gc,marking     ] GC(327) Concurrent Preclean
[2065.656s][info][gc,marking     ] GC(327) Concurrent Preclean 0.062ms
[2065.656s][info][gc,start       ] GC(327) Pause Remark
[2065.659s][info][gc             ] GC(327) Pause Remark 1724M->1724M(4096M) 3.747ms
[2065.660s][info][gc,cpu         ] GC(327) User=0.02s Sys=0.00s Real=0.00s
[2065.660s][info][gc,marking     ] GC(327) Concurrent Mark 596.532ms
[2065.660s][info][gc,marking     ] GC(327) Concurrent Rebuild Remembered Sets and Scrub Regions
[2065.900s][info][gc,marking     ] GC(327) Concurrent Rebuild Remembered Sets and Scrub Regions 240.022ms
[2065.900s][info][gc,start       ] GC(327) Pause Cleanup
[2065.900s][info][gc             ] GC(327) Pause Cleanup 1815M->1815M(4096M) 0.121ms
[2065.900s][info][gc,cpu         ] GC(327) User=0.00s Sys=0.00s Real=0.00s
[2065.900s][info][gc,marking     ] GC(327) Concurrent Clear Claimed Marks
[2065.900s][info][gc,marking     ] GC(327) Concurrent Clear Claimed Marks 0.041ms
[2065.900s][info][gc,marking     ] GC(327) Concurrent Cleanup for Next Mark
[2065.903s][info][gc,marking     ] GC(327) Concurrent Cleanup for Next Mark 3.337ms
[2065.904s][info][gc             ] GC(327) Concurrent Mark Cycle 1017.168ms
.....[2070.596s][info][gc,start       ] GC(328) Pause Young (Prepare Mixed) (G1 Evacuation Pause)
[2070.596s][info][gc,task        ] GC(328) Using 6 workers of 6 for evacuation
[2070.715s][info][gc,phases      ] GC(328)   Pre Evacuate Collection Set: 0.36ms
[2070.715s][info][gc,phases      ] GC(328)   Merge Heap Roots: 0.55ms
[2070.715s][info][gc,phases      ] GC(328)   Evacuate Collection Set: 116.99ms
[2070.715s][info][gc,phases      ] GC(328)   Post Evacuate Collection Set: 0.93ms
[2070.715s][info][gc,phases      ] GC(328)   Other: 0.09ms
[2070.715s][info][gc,heap        ] GC(328) Eden regions: 1121->0(1111)
[2070.715s][info][gc,heap        ] GC(328) Survivor regions: 107->110(154)
[2070.715s][info][gc,heap        ] GC(328) Old regions: 502->534
[2070.715s][info][gc,heap        ] GC(328) Humongous regions: 80->80
[2070.715s][info][gc,metaspace   ] GC(328) Metaspace: 28991K(29376K)->28991K(29376K) NonClass: 24105K(24256K)->24105K(24256K) Class: 4886K(5120K)->4886K(5120K)
[2070.715s][info][gc             ] GC(328) Pause Young (Prepare Mixed) (G1 Evacuation Pause) 3619M->1447M(4096M) 119.063ms
[2070.715s][info][gc,cpu         ] GC(328) User=0.70s Sys=0.00s Real=0.12s
......[2076.501s][info][gc,start       ] GC(329) Pause Young (Mixed) (G1 Evacuation Pause)
[2076.501s][info][gc,task        ] GC(329) Using 6 workers of 6 for evacuation
[2076.633s][info][gc,phases      ] GC(329)   Pre Evacuate Collection Set: 0.39ms
[2076.633s][info][gc,phases      ] GC(329)   Merge Heap Roots: 0.67ms
[2076.633s][info][gc,phases      ] GC(329)   Evacuate Collection Set: 130.16ms
[2076.633s][info][gc,phases      ] GC(329)   Post Evacuate Collection Set: 0.96ms
[2076.633s][info][gc,phases      ] GC(329)   Other: 0.09ms
[2076.633s][info][gc,heap        ] GC(329) Eden regions: 1111->0(1120)
[2076.633s][info][gc,heap        ] GC(329) Survivor regions: 110->108(153)
[2076.633s][info][gc,heap        ] GC(329) Old regions: 534->471
[2076.633s][info][gc,heap        ] GC(329) Humongous regions: 80->80
[2076.633s][info][gc,metaspace   ] GC(329) Metaspace: 28991K(29376K)->28991K(29376K) NonClass: 24105K(24256K)->24105K(24256K) Class: 4886K(5120K)->4886K(5120K)
[2076.633s][info][gc             ] GC(329) Pause Young (Mixed) (G1 Evacuation Pause) 3669M->1316M(4096M) 132.407ms
[2076.633s][info][gc,cpu         ] GC(329) User=0.79s Sys=0.00s Real=0.14s
......[2082.397s][info][gc,start       ] GC(330) Pause Young (Concurrent Start) (G1 Evacuation Pause)
[2082.397s][info][gc,task        ] GC(330) Using 6 workers of 6 for evacuation
[2082.512s][info][gc,phases      ] GC(330)   Pre Evacuate Collection Set: 0.41ms
[2082.512s][info][gc,phases      ] GC(330)   Merge Heap Roots: 0.47ms
[2082.512s][info][gc,phases      ] GC(330)   Evacuate Collection Set: 113.10ms
[2082.512s][info][gc,phases      ] GC(330)   Post Evacuate Collection Set: 0.90ms
[2082.512s][info][gc,phases      ] GC(330)   Other: 0.11ms
[2082.512s][info][gc,heap        ] GC(330) Eden regions: 1120->0(1120)
[2082.512s][info][gc,heap        ] GC(330) Survivor regions: 108->108(154)
[2082.512s][info][gc,heap        ] GC(330) Old regions: 471->503
[2082.512s][info][gc,heap        ] GC(330) Humongous regions: 80->80
[2082.512s][info][gc,metaspace   ] GC(330) Metaspace: 28991K(29376K)->28991K(29376K) NonClass: 24105K(24256K)->24105K(24256K) Class: 4886K(5120K)->4886K(5120K)
[2082.512s][info][gc             ] GC(330) Pause Young (Concurrent Start) (G1 Evacuation Pause) 3556M->1379M(4096M) 115.139ms
[2082.512s][info][gc             ] GC(331) Concurrent Mark Cycle
[2082.512s][info][gc,marking     ] GC(331) Concurrent Scan Root Regions
[2082.512s][info][gc,cpu         ] GC(330) User=0.68s Sys=0.00s Real=0.11s
[2082.636s][info][gc,marking     ] GC(331) Concurrent Scan Root Regions 124.377ms
[2082.637s][info][gc,marking     ] GC(331) Concurrent Mark
[2082.637s][info][gc,marking     ] GC(331) Concurrent Mark From Roots
[2082.637s][info][gc,task        ] GC(331) Using 2 workers of 2 for marking
.[2083.225s][info][gc,marking     ] GC(331) Concurrent Mark From Roots 588.096ms
[2083.225s][info][gc,marking     ] GC(331) Concurrent Preclean
[2083.225s][info][gc,marking     ] GC(331) Concurrent Preclean 0.060ms
[2083.225s][info][gc,start       ] GC(331) Pause Remark
[2083.228s][info][gc             ] GC(331) Pause Remark 1689M->1689M(4096M) 3.144ms
[2083.228s][info][gc,cpu         ] GC(331) User=0.02s Sys=0.00s Real=0.00s
[2083.228s][info][gc,marking     ] GC(331) Concurrent Mark 591.578ms
[2083.228s][info][gc,marking     ] GC(331) Concurrent Rebuild Remembered Sets and Scrub Regions
[2083.443s][info][gc,marking     ] GC(331) Concurrent Rebuild Remembered Sets and Scrub Regions 214.732ms
[2083.443s][info][gc,start       ] GC(331) Pause Cleanup
[2083.443s][info][gc             ] GC(331) Pause Cleanup 1764M->1764M(4096M) 0.117ms
[2083.443s][info][gc,cpu         ] GC(331) User=0.00s Sys=0.00s Real=0.00s
[2083.443s][info][gc,marking     ] GC(331) Concurrent Clear Claimed Marks
[2083.443s][info][gc,marking     ] GC(331) Concurrent Clear Claimed Marks 0.031ms
[2083.443s][info][gc,marking     ] GC(331) Concurrent Cleanup for Next Mark
[2083.446s][info][gc,marking     ] GC(331) Concurrent Cleanup for Next Mark 3.216ms
[2083.446s][info][gc             ] GC(331) Concurrent Mark Cycle 934.379ms
.....[2088.401s][info][gc,start       ] GC(332) Pause Young (Prepare Mixed) (G1 Evacuation Pause)
[2088.401s][info][gc,task        ] GC(332) Using 6 workers of 6 for evacuation
[2088.516s][info][gc,phases      ] GC(332)   Pre Evacuate Collection Set: 0.34ms
[2088.516s][info][gc,phases      ] GC(332)   Merge Heap Roots: 0.52ms
[2088.516s][info][gc,phases      ] GC(332)   Evacuate Collection Set: 113.69ms
[2088.517s][info][gc,phases      ] GC(332)   Post Evacuate Collection Set: 0.92ms
[2088.517s][info][gc,phases      ] GC(332)   Other: 0.09ms
[2088.517s][info][gc,heap        ] GC(332) Eden regions: 1120->0(1113)
[2088.517s][info][gc,heap        ] GC(332) Survivor regions: 108->109(154)
[2088.517s][info][gc,heap        ] GC(332) Old regions: 503->534
[2088.517s][info][gc,heap        ] GC(332) Humongous regions: 80->80
[2088.517s][info][gc,metaspace   ] GC(332) Metaspace: 28991K(29376K)->28991K(29376K) NonClass: 24105K(24256K)->24105K(24256K) Class: 4886K(5120K)->4886K(5120K)
[2088.517s][info][gc             ] GC(332) Pause Young (Prepare Mixed) (G1 Evacuation Pause) 3619M->1445M(4096M) 115.697ms
[2088.517s][info][gc,cpu         ] GC(332) User=0.69s Sys=0.00s Real=0.12s
......[2094.299s][info][gc,start       ] GC(333) Pause Young (Mixed) (G1 Evacuation Pause)
[2094.299s][info][gc,task        ] GC(333) Using 6 workers of 6 for evacuation
[2094.429s][info][gc,phases      ] GC(333)   Pre Evacuate Collection Set: 0.39ms
[2094.429s][info][gc,phases      ] GC(333)   Merge Heap Roots: 0.72ms
[2094.429s][info][gc,phases      ] GC(333)   Evacuate Collection Set: 127.32ms
[2094.429s][info][gc,phases      ] GC(333)   Post Evacuate Collection Set: 0.94ms
[2094.429s][info][gc,phases      ] GC(333)   Other: 0.09ms
[2094.429s][info][gc,heap        ] GC(333) Eden regions: 1113->0(1120)
[2094.429s][info][gc,heap        ] GC(333) Survivor regions: 109->108(153)
[2094.429s][info][gc,heap        ] GC(333) Old regions: 534->471
[2094.429s][info][gc,heap        ] GC(333) Humongous regions: 80->80
[2094.429s][info][gc,metaspace   ] GC(333) Metaspace: 28991K(29376K)->28991K(29376K) NonClass: 24105K(24256K)->24105K(24256K) Class: 4886K(5120K)->4886K(5120K)
[2094.429s][info][gc             ] GC(333) Pause Young (Mixed) (G1 Evacuation Pause) 3671M->1317M(4096M) 129.600ms
[2094.429s][info][gc,cpu         ] GC(333) User=0.77s Sys=0.00s Real=0.13s
......[2100.254s][info][gc,start       ] GC(334) Pause Young (Concurrent Start) (G1 Evacuation Pause)
[2100.254s][info][gc,task        ] GC(334) Using 6 workers of 6 for evacuation
[2100.374s][info][gc,phases      ] GC(334)   Pre Evacuate Collection Set: 0.41ms
[2100.374s][info][gc,phases      ] GC(334)   Merge Heap Roots: 0.46ms
[2100.374s][info][gc,phases      ] GC(334)   Evacuate Collection Set: 118.48ms
[2100.374s][info][gc,phases      ] GC(334)   Post Evacuate Collection Set: 0.89ms
[2100.374s][info][gc,phases      ] GC(334)   Other: 0.11ms
[2100.374s][info][gc,heap        ] GC(334) Eden regions: 1120->0(1116)
[2100.374s][info][gc,heap        ] GC(334) Survivor regions: 108->112(154)
[2100.374s][info][gc,heap        ] GC(334) Old regions: 471->504
[2100.374s][info][gc,heap        ] GC(334) Humongous regions: 80->80
[2100.374s][info][gc,metaspace   ] GC(334) Metaspace: 28991K(29376K)->28991K(29376K) NonClass: 24105K(24256K)->24105K(24256K) Class: 4886K(5120K)->4886K(5120K)
[2100.374s][info][gc             ] GC(334) Pause Young (Concurrent Start) (G1 Evacuation Pause) 3557M->1389M(4096M) 120.496ms
[2100.375s][info][gc             ] GC(335) Concurrent Mark Cycle
[2100.375s][info][gc,marking     ] GC(335) Concurrent Scan Root Regions
[2100.375s][info][gc,cpu         ] GC(334) User=0.72s Sys=0.00s Real=0.12s
[2100.516s][info][gc,marking     ] GC(335) Concurrent Scan Root Regions 141.767ms
[2100.516s][info][gc,marking     ] GC(335) Concurrent Mark
[2100.516s][info][gc,marking     ] GC(335) Concurrent Mark From Roots
[2100.516s][info][gc,task        ] GC(335) Using 2 workers of 2 for marking
.[2101.099s][info][gc,marking     ] GC(335) Concurrent Mark From Roots 582.439ms
[2101.099s][info][gc,marking     ] GC(335) Concurrent Preclean
[2101.099s][info][gc,marking     ] GC(335) Concurrent Preclean 0.048ms
[2101.099s][info][gc,start       ] GC(335) Pause Remark
[2101.103s][info][gc             ] GC(335) Pause Remark 1700M->1700M(4096M) 3.520ms
[2101.103s][info][gc,cpu         ] GC(335) User=0.02s Sys=0.00s Real=0.00s
[2101.103s][info][gc,marking     ] GC(335) Concurrent Mark 586.243ms
[2101.103s][info][gc,marking     ] GC(335) Concurrent Rebuild Remembered Sets and Scrub Regions
[2101.448s][info][gc,marking     ] GC(335) Concurrent Rebuild Remembered Sets and Scrub Regions 345.773ms
[2101.449s][info][gc,start       ] GC(335) Pause Cleanup
[2101.449s][info][gc             ] GC(335) Pause Cleanup 1847M->1847M(4096M) 0.129ms
[2101.449s][info][gc,cpu         ] GC(335) User=0.00s Sys=0.00s Real=0.00s
[2101.449s][info][gc,marking     ] GC(335) Concurrent Clear Claimed Marks
[2101.449s][info][gc,marking     ] GC(335) Concurrent Clear Claimed Marks 0.031ms
[2101.449s][info][gc,marking     ] GC(335) Concurrent Cleanup for Next Mark
[2101.453s][info][gc,marking     ] GC(335) Concurrent Cleanup for Next Mark 3.768ms
[2101.453s][info][gc             ] GC(335) Concurrent Mark Cycle 1078.062ms
.....[2106.185s][info][gc,start       ] GC(336) Pause Young (Prepare Mixed) (G1 Evacuation Pause)
[2106.185s][info][gc,task        ] GC(336) Using 6 workers of 6 for evacuation
[2106.303s][info][gc,phases      ] GC(336)   Pre Evacuate Collection Set: 0.33ms
[2106.303s][info][gc,phases      ] GC(336)   Merge Heap Roots: 0.53ms
[2106.303s][info][gc,phases      ] GC(336)   Evacuate Collection Set: 115.81ms
[2106.303s][info][gc,phases      ] GC(336)   Post Evacuate Collection Set: 0.95ms
[2106.303s][info][gc,phases      ] GC(336)   Other: 0.09ms
[2106.303s][info][gc,heap        ] GC(336) Eden regions: 1116->0(1108)
[2106.303s][info][gc,heap        ] GC(336) Survivor regions: 112->111(154)
[2106.303s][info][gc,heap        ] GC(336) Old regions: 504->535
[2106.303s][info][gc,heap        ] GC(336) Humongous regions: 80->80
[2106.303s][info][gc,metaspace   ] GC(336) Metaspace: 28991K(29376K)->28991K(29376K) NonClass: 24105K(24256K)->24105K(24256K) Class: 4886K(5120K)->4886K(5120K)
[2106.303s][info][gc             ] GC(336) Pause Young (Prepare Mixed) (G1 Evacuation Pause) 3621M->1449M(4096M) 117.839ms
[2106.303s][info][gc,cpu         ] GC(336) User=0.70s Sys=0.00s Real=0.12s
......[2112.074s][info][gc,start       ] GC(337) Pause Young (Mixed) (G1 Evacuation Pause)
[2112.074s][info][gc,task        ] GC(337) Using 6 workers of 6 for evacuation
[2112.203s][info][gc,phases      ] GC(337)   Pre Evacuate Collection Set: 0.41ms
[2112.203s][info][gc,phases      ] GC(337)   Merge Heap Roots: 0.65ms
[2112.203s][info][gc,phases      ] GC(337)   Evacuate Collection Set: 127.32ms
[2112.203s][info][gc,phases      ] GC(337)   Post Evacuate Collection Set: 0.96ms
[2112.203s][info][gc,phases      ] GC(337)   Other: 0.09ms
[2112.203s][info][gc,heap        ] GC(337) Eden regions: 1108->0(1120)
[2112.203s][info][gc,heap        ] GC(337) Survivor regions: 111->108(153)
[2112.203s][info][gc,heap        ] GC(337) Old regions: 535->470
[2112.203s][info][gc,heap        ] GC(337) Humongous regions: 80->80
[2112.203s][info][gc,metaspace   ] GC(337) Metaspace: 28991K(29376K)->28991K(29376K) NonClass: 24105K(24256K)->24105K(24256K) Class: 4886K(5120K)->4886K(5120K)
[2112.203s][info][gc             ] GC(337) Pause Young (Mixed) (G1 Evacuation Pause) 3665M->1314M(4096M) 129.568ms
[2112.203s][info][gc,cpu         ] GC(337) User=0.77s Sys=0.00s Real=0.13s
..... (rIR:aIR:PR = 3183:3183:3183) (tPR = 47387) [OK] 
  2116s: Performance info:
         Transaction,    Success,    Partial,     Failed,   Receipts, AvgBarcode, 
             Overall,     191527,          0,          0,     181938,      59.48, 
         Response times:
             Request,    Success,    Partial,     Failed,   SkipFail,     Probes,    Samples,      min,      p50,      p90,      p95,      p99,      max, 
       TotalPurchase,     181938,          0,          0,          0,     178220,     191104,      300,     2600,     4200,     5100,    23000,   166000,
     InStorePurchase,      95717,          0,          0,          0,      94013,     100571,      300,     2400,     4100,     4900,    22000,   166000,
      OnlinePurchase,      67046,          0,          0,          0,      65569,      70216,      300,     2900,     4400,     5300,    23000,   143000,
        InstPurchase,      19175,          0,          0,          0,      18638,      20317,      300,     2500,     4200,     4910,    21000,   137000,
          AssocOfCat,        192,          0,          0,          0,        141,        209,    19200,    27000,    35000,    39000,    76700,   159000,
      AssocOfProduct,       1921,          0,          0,          0,       1732,       1991,      500,     3100,     4300,     5100,    27000,   134000,
      BusinessReport,        481,          0,          0,          0,        375,        487,    24000,    32000,    46000,    54000,    86080,   183000,
          CustBuyBeh,       1921,          0,          0,          0,       1730,       1984,      100,     2500,     4250,     5100,    18660,   134000,
       ProductReturn,       5074,          0,          0,          0,       4786,       5366,      200,     2000,     4200,     5000,    19833,   141000,

  2116s: (24%)   IR =   3321 .[2118.000s][info][gc,start       ] GC(338) Pause Young (Concurrent Start) (G1 Evacuation Pause)
[2118.000s][info][gc,task        ] GC(338) Using 6 workers of 6 for evacuation
[2118.117s][info][gc,phases      ] GC(338)   Pre Evacuate Collection Set: 0.42ms
[2118.117s][info][gc,phases      ] GC(338)   Merge Heap Roots: 0.46ms
[2118.117s][info][gc,phases      ] GC(338)   Evacuate Collection Set: 115.57ms
[2118.117s][info][gc,phases      ] GC(338)   Post Evacuate Collection Set: 0.89ms
[2118.117s][info][gc,phases      ] GC(338)   Other: 0.10ms
[2118.117s][info][gc,heap        ] GC(338) Eden regions: 1120->0(1118)
[2118.117s][info][gc,heap        ] GC(338) Survivor regions: 108->110(154)
[2118.117s][info][gc,heap        ] GC(338) Old regions: 470->502
[2118.117s][info][gc,heap        ] GC(338) Humongous regions: 80->80
[2118.117s][info][gc,metaspace   ] GC(338) Metaspace: 28991K(29376K)->28991K(29376K) NonClass: 24105K(24256K)->24105K(24256K) Class: 4886K(5120K)->4886K(5120K)
[2118.117s][info][gc             ] GC(338) Pause Young (Concurrent Start) (G1 Evacuation Pause) 3554M->1382M(4096M) 117.556ms
[2118.117s][info][gc             ] GC(339) Concurrent Mark Cycle
[2118.117s][info][gc,marking     ] GC(339) Concurrent Scan Root Regions
[2118.117s][info][gc,cpu         ] GC(338) User=0.70s Sys=0.00s Real=0.12s
[2118.256s][info][gc,marking     ] GC(339) Concurrent Scan Root Regions 138.910ms
[2118.256s][info][gc,marking     ] GC(339) Concurrent Mark
[2118.256s][info][gc,marking     ] GC(339) Concurrent Mark From Roots
[2118.256s][info][gc,task        ] GC(339) Using 2 workers of 2 for marking
[2118.878s][info][gc,marking     ] GC(339) Concurrent Mark From Roots 621.581ms
[2118.878s][info][gc,marking     ] GC(339) Concurrent Preclean
[2118.878s][info][gc,marking     ] GC(339) Concurrent Preclean 0.056ms
[2118.878s][info][gc,start       ] GC(339) Pause Remark
[2118.882s][info][gc             ] GC(339) Pause Remark 1782M->1782M(4096M) 3.583ms
[2118.882s][info][gc,cpu         ] GC(339) User=0.02s Sys=0.00s Real=0.00s
[2118.882s][info][gc,marking     ] GC(339) Concurrent Mark 625.440ms
[2118.882s][info][gc,marking     ] GC(339) Concurrent Rebuild Remembered Sets and Scrub Regions
.[2119.098s][info][gc,marking     ] GC(339) Concurrent Rebuild Remembered Sets and Scrub Regions 216.308ms
[2119.098s][info][gc,start       ] GC(339) Pause Cleanup
[2119.098s][info][gc             ] GC(339) Pause Cleanup 1855M->1855M(4096M) 0.121ms
[2119.098s][info][gc,cpu         ] GC(339) User=0.00s Sys=0.00s Real=0.00s
[2119.098s][info][gc,marking     ] GC(339) Concurrent Clear Claimed Marks
[2119.098s][info][gc,marking     ] GC(339) Concurrent Clear Claimed Marks 0.025ms
[2119.099s][info][gc,marking     ] GC(339) Concurrent Cleanup for Next Mark
[2119.102s][info][gc,marking     ] GC(339) Concurrent Cleanup for Next Mark 3.186ms
[2119.102s][info][gc             ] GC(339) Concurrent Mark Cycle 984.313ms
..|..[2123.548s][info][gc,start       ] GC(340) Pause Young (Prepare Mixed) (G1 Evacuation Pause)
[2123.548s][info][gc,task        ] GC(340) Using 6 workers of 6 for evacuation
[2123.669s][info][gc,phases      ] GC(340)   Pre Evacuate Collection Set: 0.35ms
[2123.669s][info][gc,phases      ] GC(340)   Merge Heap Roots: 0.53ms
[2123.669s][info][gc,phases      ] GC(340)   Evacuate Collection Set: 118.63ms
[2123.669s][info][gc,phases      ] GC(340)   Post Evacuate Collection Set: 0.97ms
[2123.669s][info][gc,phases      ] GC(340)   Other: 0.09ms
[2123.669s][info][gc,heap        ] GC(340) Eden regions: 1118->0(1107)
[2123.669s][info][gc,heap        ] GC(340) Survivor regions: 110->112(154)
[2123.669s][info][gc,heap        ] GC(340) Old regions: 502->534
[2123.669s][info][gc,heap        ] GC(340) Humongous regions: 80->80
[2123.669s][info][gc,metaspace   ] GC(340) Metaspace: 28991K(29376K)->28991K(29376K) NonClass: 24105K(24256K)->24105K(24256K) Class: 4886K(5120K)->4886K(5120K)
[2123.669s][info][gc             ] GC(340) Pause Young (Prepare Mixed) (G1 Evacuation Pause) 3618M->1450M(4096M) 120.693ms
[2123.669s][info][gc,cpu         ] GC(340) User=0.72s Sys=0.00s Real=0.12s
......[2129.193s][info][gc,start       ] GC(341) Pause Young (Mixed) (G1 Evacuation Pause)
[2129.193s][info][gc,task        ] GC(341) Using 6 workers of 6 for evacuation
[2129.323s][info][gc,phases      ] GC(341)   Pre Evacuate Collection Set: 0.37ms
[2129.323s][info][gc,phases      ] GC(341)   Merge Heap Roots: 0.69ms
[2129.323s][info][gc,phases      ] GC(341)   Evacuate Collection Set: 127.44ms
[2129.323s][info][gc,phases      ] GC(341)   Post Evacuate Collection Set: 0.97ms
[2129.323s][info][gc,phases      ] GC(341)   Other: 0.10ms
[2129.323s][info][gc,heap        ] GC(341) Eden regions: 1107->0(1120)
[2129.323s][info][gc,heap        ] GC(341) Survivor regions: 112->108(153)
[2129.323s][info][gc,heap        ] GC(341) Old regions: 534->471
[2129.323s][info][gc,heap        ] GC(341) Humongous regions: 80->80
[2129.323s][info][gc,metaspace   ] GC(341) Metaspace: 28991K(29376K)->28991K(29376K) NonClass: 24105K(24256K)->24105K(24256K) Class: 4886K(5120K)->4886K(5120K)
[2129.323s][info][gc             ] GC(341) Pause Young (Mixed) (G1 Evacuation Pause) 3664M->1315M(4096M) 129.732ms
[2129.323s][info][gc,cpu         ] GC(341) User=0.77s Sys=0.00s Real=0.13s
.....[2134.848s][info][gc,start       ] GC(342) Pause Young (Concurrent Start) (G1 Evacuation Pause)
[2134.848s][info][gc,task        ] GC(342) Using 6 workers of 6 for evacuation
[2134.963s][info][gc,phases      ] GC(342)   Pre Evacuate Collection Set: 0.41ms
[2134.963s][info][gc,phases      ] GC(342)   Merge Heap Roots: 0.49ms
[2134.963s][info][gc,phases      ] GC(342)   Evacuate Collection Set: 112.82ms
[2134.963s][info][gc,phases      ] GC(342)   Post Evacuate Collection Set: 0.89ms
[2134.963s][info][gc,phases      ] GC(342)   Other: 0.12ms
[2134.963s][info][gc,heap        ] GC(342) Eden regions: 1120->0(1121)
[2134.963s][info][gc,heap        ] GC(342) Survivor regions: 108->107(154)
[2134.963s][info][gc,heap        ] GC(342) Old regions: 471->502
[2134.963s][info][gc,heap        ] GC(342) Humongous regions: 80->80
[2134.963s][info][gc,metaspace   ] GC(342) Metaspace: 28991K(29376K)->28991K(29376K) NonClass: 24105K(24256K)->24105K(24256K) Class: 4886K(5120K)->4886K(5120K)
[2134.963s][info][gc             ] GC(342) Pause Young (Concurrent Start) (G1 Evacuation Pause) 3555M->1377M(4096M) 114.860ms
[2134.963s][info][gc             ] GC(343) Concurrent Mark Cycle
[2134.963s][info][gc,marking     ] GC(343) Concurrent Scan Root Regions
[2134.963s][info][gc,cpu         ] GC(342) User=0.69s Sys=0.00s Real=0.11s
.[2135.081s][info][gc,marking     ] GC(343) Concurrent Scan Root Regions 118.321ms
[2135.081s][info][gc,marking     ] GC(343) Concurrent Mark
[2135.081s][info][gc,marking     ] GC(343) Concurrent Mark From Roots
[2135.081s][info][gc,task        ] GC(343) Using 2 workers of 2 for marking
[2135.678s][info][gc,marking     ] GC(343) Concurrent Mark From Roots 596.623ms
[2135.678s][info][gc,marking     ] GC(343) Concurrent Preclean
[2135.678s][info][gc,marking     ] GC(343) Concurrent Preclean 0.045ms
[2135.678s][info][gc,start       ] GC(343) Pause Remark
[2135.682s][info][gc             ] GC(343) Pause Remark 1700M->1700M(4096M) 3.793ms
[2135.682s][info][gc,cpu         ] GC(343) User=0.02s Sys=0.00s Real=0.00s
[2135.682s][info][gc,marking     ] GC(343) Concurrent Mark 600.677ms
[2135.682s][info][gc,marking     ] GC(343) Concurrent Rebuild Remembered Sets and Scrub Regions
[2135.921s][info][gc,marking     ] GC(343) Concurrent Rebuild Remembered Sets and Scrub Regions 238.743ms
[2135.921s][info][gc,start       ] GC(343) Pause Cleanup
[2135.921s][info][gc             ] GC(343) Pause Cleanup 1788M->1788M(4096M) 0.118ms
[2135.921s][info][gc,cpu         ] GC(343) User=0.00s Sys=0.00s Real=0.00s
[2135.921s][info][gc,marking     ] GC(343) Concurrent Clear Claimed Marks
[2135.921s][info][gc,marking     ] GC(343) Concurrent Clear Claimed Marks 0.029ms
[2135.921s][info][gc,marking     ] GC(343) Concurrent Cleanup for Next Mark
[2135.924s][info][gc,marking     ] GC(343) Concurrent Cleanup for Next Mark 3.515ms
[2135.924s][info][gc             ] GC(343) Concurrent Mark Cycle 961.701ms
.....[2140.527s][info][gc,start       ] GC(344) Pause Young (Prepare Mixed) (G1 Evacuation Pause)
[2140.527s][info][gc,task        ] GC(344) Using 6 workers of 6 for evacuation
[2140.644s][info][gc,phases      ] GC(344)   Pre Evacuate Collection Set: 0.35ms
[2140.644s][info][gc,phases      ] GC(344)   Merge Heap Roots: 0.50ms
[2140.644s][info][gc,phases      ] GC(344)   Evacuate Collection Set: 114.30ms
[2140.644s][info][gc,phases      ] GC(344)   Post Evacuate Collection Set: 0.93ms
[2140.644s][info][gc,phases      ] GC(344)   Other: 0.08ms
[2140.644s][info][gc,heap        ] GC(344) Eden regions: 1121->0(1115)
[2140.644s][info][gc,heap        ] GC(344) Survivor regions: 107->108(154)
[2140.644s][info][gc,heap        ] GC(344) Old regions: 502->534
[2140.644s][info][gc,heap        ] GC(344) Humongous regions: 80->80
[2140.644s][info][gc,metaspace   ] GC(344) Metaspace: 28991K(29376K)->28991K(29376K) NonClass: 24105K(24256K)->24105K(24256K) Class: 4886K(5120K)->4886K(5120K)
[2140.644s][info][gc             ] GC(344) Pause Young (Prepare Mixed) (G1 Evacuation Pause) 3619M->1443M(4096M) 116.295ms
[2140.644s][info][gc,cpu         ] GC(344) User=0.69s Sys=0.00s Real=0.12s
......[2146.250s][info][gc,start       ] GC(345) Pause Young (Mixed) (G1 Evacuation Pause)
[2146.250s][info][gc,task        ] GC(345) Using 6 workers of 6 for evacuation
[2146.386s][info][gc,phases      ] GC(345)   Pre Evacuate Collection Set: 0.37ms
[2146.386s][info][gc,phases      ] GC(345)   Merge Heap Roots: 0.70ms
[2146.386s][info][gc,phases      ] GC(345)   Evacuate Collection Set: 133.90ms
[2146.386s][info][gc,phases      ] GC(345)   Post Evacuate Collection Set: 0.99ms
[2146.386s][info][gc,phases      ] GC(345)   Other: 0.09ms
[2146.386s][info][gc,heap        ] GC(345) Eden regions: 1115->0(1117)
[2146.386s][info][gc,heap        ] GC(345) Survivor regions: 108->111(153)
[2146.386s][info][gc,heap        ] GC(345) Old regions: 534->471
[2146.386s][info][gc,heap        ] GC(345) Humongous regions: 80->80
[2146.386s][info][gc,metaspace   ] GC(345) Metaspace: 28991K(29376K)->28991K(29376K) NonClass: 24105K(24256K)->24105K(24256K) Class: 4886K(5120K)->4886K(5120K)
[2146.386s][info][gc             ] GC(345) Pause Young (Mixed) (G1 Evacuation Pause) 3673M->1321M(4096M) 136.179ms
[2146.386s][info][gc,cpu         ] GC(345) User=0.81s Sys=0.00s Real=0.14s
.....[2151.876s][info][gc,start       ] GC(346) Pause Young (Concurrent Start) (G1 Evacuation Pause)
[2151.876s][info][gc,task        ] GC(346) Using 6 workers of 6 for evacuation
[2151.991s][info][gc,phases      ] GC(346)   Pre Evacuate Collection Set: 0.42ms
[2151.991s][info][gc,phases      ] GC(346)   Merge Heap Roots: 0.48ms
[2151.991s][info][gc,phases      ] GC(346)   Evacuate Collection Set: 113.63ms
[2151.991s][info][gc,phases      ] GC(346)   Post Evacuate Collection Set: 0.88ms
[2151.991s][info][gc,phases      ] GC(346)   Other: 0.13ms
[2151.991s][info][gc,heap        ] GC(346) Eden regions: 1117->0(1120)
[2151.991s][info][gc,heap        ] GC(346) Survivor regions: 111->108(154)
[2151.991s][info][gc,heap        ] GC(346) Old regions: 471->503
[2151.991s][info][gc,heap        ] GC(346) Humongous regions: 80->80
[2151.991s][info][gc,metaspace   ] GC(346) Metaspace: 28991K(29376K)->28991K(29376K) NonClass: 24105K(24256K)->24105K(24256K) Class: 4886K(5120K)->4886K(5120K)
[2151.991s][info][gc             ] GC(346) Pause Young (Concurrent Start) (G1 Evacuation Pause) 3555M->1379M(4096M) 115.700ms
[2151.991s][info][gc             ] GC(347) Concurrent Mark Cycle
[2151.991s][info][gc,marking     ] GC(347) Concurrent Scan Root Regions
[2151.991s][info][gc,cpu         ] GC(346) User=0.68s Sys=0.00s Real=0.11s
.[2152.117s][info][gc,marking     ] GC(347) Concurrent Scan Root Regions 125.912ms
[2152.117s][info][gc,marking     ] GC(347) Concurrent Mark
[2152.117s][info][gc,marking     ] GC(347) Concurrent Mark From Roots
[2152.117s][info][gc,task        ] GC(347) Using 2 workers of 2 for marking
[2152.722s][info][gc,marking     ] GC(347) Concurrent Mark From Roots 604.240ms
[2152.722s][info][gc,marking     ] GC(347) Concurrent Preclean
[2152.722s][info][gc,marking     ] GC(347) Concurrent Preclean 0.050ms
[2152.722s][info][gc,start       ] GC(347) Pause Remark
[2152.725s][info][gc             ] GC(347) Pause Remark 1727M->1727M(4096M) 3.597ms
[2152.725s][info][gc,cpu         ] GC(347) User=0.02s Sys=0.00s Real=0.01s
[2152.725s][info][gc,marking     ] GC(347) Concurrent Mark 608.230ms
[2152.726s][info][gc,marking     ] GC(347) Concurrent Rebuild Remembered Sets and Scrub Regions
[2152.942s][info][gc,marking     ] GC(347) Concurrent Rebuild Remembered Sets and Scrub Regions 216.974ms
[2152.943s][info][gc,start       ] GC(347) Pause Cleanup
[2152.943s][info][gc             ] GC(347) Pause Cleanup 1798M->1798M(4096M) 0.131ms
[2152.943s][info][gc,cpu         ] GC(347) User=0.00s Sys=0.00s Real=0.00s
[2152.944s][info][gc,marking     ] GC(347) Concurrent Clear Claimed Marks
[2152.944s][info][gc,marking     ] GC(347) Concurrent Clear Claimed Marks 0.041ms
[2152.944s][info][gc,marking     ] GC(347) Concurrent Cleanup for Next Mark
[2152.947s][info][gc,marking     ] GC(347) Concurrent Cleanup for Next Mark 3.457ms
[2152.947s][info][gc             ] GC(347) Concurrent Mark Cycle 956.046ms
.....[2157.560s][info][gc,start       ] GC(348) Pause Young (Prepare Mixed) (G1 Evacuation Pause)
[2157.560s][info][gc,task        ] GC(348) Using 6 workers of 6 for evacuation
[2157.680s][info][gc,phases      ] GC(348)   Pre Evacuate Collection Set: 0.34ms
[2157.680s][info][gc,phases      ] GC(348)   Merge Heap Roots: 0.55ms
[2157.680s][info][gc,phases      ] GC(348)   Evacuate Collection Set: 117.47ms
[2157.680s][info][gc,phases      ] GC(348)   Post Evacuate Collection Set: 0.94ms
[2157.680s][info][gc,phases      ] GC(348)   Other: 0.08ms
[2157.680s][info][gc,heap        ] GC(348) Eden regions: 1120->0(1109)
[2157.680s][info][gc,heap        ] GC(348) Survivor regions: 108->111(154)
[2157.680s][info][gc,heap        ] GC(348) Old regions: 503->534
[2157.680s][info][gc,heap        ] GC(348) Humongous regions: 80->80
[2157.680s][info][gc,metaspace   ] GC(348) Metaspace: 28991K(29376K)->28991K(29376K) NonClass: 24105K(24256K)->24105K(24256K) Class: 4886K(5120K)->4886K(5120K)
[2157.680s][info][gc             ] GC(348) Pause Young (Prepare Mixed) (G1 Evacuation Pause) 3619M->1448M(4096M) 119.511ms
[2157.680s][info][gc,cpu         ] GC(348) User=0.71s Sys=0.00s Real=0.12s
......[2163.164s][info][gc,start       ] GC(349) Pause Young (Mixed) (G1 Evacuation Pause)
[2163.164s][info][gc,task        ] GC(349) Using 6 workers of 6 for evacuation
[2163.293s][info][gc,phases      ] GC(349)   Pre Evacuate Collection Set: 0.39ms
[2163.293s][info][gc,phases      ] GC(349)   Merge Heap Roots: 0.64ms
[2163.293s][info][gc,phases      ] GC(349)   Evacuate Collection Set: 126.93ms
[2163.293s][info][gc,phases      ] GC(349)   Post Evacuate Collection Set: 0.96ms
[2163.293s][info][gc,phases      ] GC(349)   Other: 0.09ms
[2163.293s][info][gc,heap        ] GC(349) Eden regions: 1109->0(1121)
[2163.293s][info][gc,heap        ] GC(349) Survivor regions: 111->107(153)
[2163.293s][info][gc,heap        ] GC(349) Old regions: 534->471
[2163.293s][info][gc,heap        ] GC(349) Humongous regions: 80->80
[2163.293s][info][gc,metaspace   ] GC(349) Metaspace: 28991K(29376K)->28991K(29376K) NonClass: 24105K(24256K)->24105K(24256K) Class: 4886K(5120K)->4886K(5120K)
[2163.293s][info][gc             ] GC(349) Pause Young (Mixed) (G1 Evacuation Pause) 3666M->1315M(4096M) 129.136ms
[2163.293s][info][gc,cpu         ] GC(349) User=0.77s Sys=0.00s Real=0.13s
.....[2168.876s][info][gc,start       ] GC(350) Pause Young (Concurrent Start) (G1 Evacuation Pause)
[2168.876s][info][gc,task        ] GC(350) Using 6 workers of 6 for evacuation
[2168.990s][info][gc,phases      ] GC(350)   Pre Evacuate Collection Set: 0.41ms
[2168.990s][info][gc,phases      ] GC(350)   Merge Heap Roots: 0.46ms
[2168.990s][info][gc,phases      ] GC(350)   Evacuate Collection Set: 111.79ms
[2168.990s][info][gc,phases      ] GC(350)   Post Evacuate Collection Set: 0.90ms
[2168.990s][info][gc,phases      ] GC(350)   Other: 0.14ms
[2168.990s][info][gc,heap        ] GC(350) Eden regions: 1121->0(1121)
[2168.990s][info][gc,heap        ] GC(350) Survivor regions: 107->107(154)
[2168.990s][info][gc,heap        ] GC(350) Old regions: 471->503
[2168.990s][info][gc,heap        ] GC(350) Humongous regions: 80->80
[2168.990s][info][gc,metaspace   ] GC(350) Metaspace: 28991K(29376K)->28991K(29376K) NonClass: 24105K(24256K)->24105K(24256K) Class: 4886K(5120K)->4886K(5120K)
[2168.990s][info][gc             ] GC(350) Pause Young (Concurrent Start) (G1 Evacuation Pause) 3557M->1378M(4096M) 113.842ms
[2168.990s][info][gc             ] GC(351) Concurrent Mark Cycle
[2168.990s][info][gc,marking     ] GC(351) Concurrent Scan Root Regions
[2168.990s][info][gc,cpu         ] GC(350) User=0.67s Sys=0.00s Real=0.11s
.[2169.122s][info][gc,marking     ] GC(351) Concurrent Scan Root Regions 131.986ms
[2169.122s][info][gc,marking     ] GC(351) Concurrent Mark
[2169.122s][info][gc,marking     ] GC(351) Concurrent Mark From Roots
[2169.122s][info][gc,task        ] GC(351) Using 2 workers of 2 for marking
[2169.694s][info][gc,marking     ] GC(351) Concurrent Mark From Roots 572.286ms
[2169.694s][info][gc,marking     ] GC(351) Concurrent Preclean
[2169.694s][info][gc,marking     ] GC(351) Concurrent Preclean 0.062ms
[2169.695s][info][gc,start       ] GC(351) Pause Remark
[2169.698s][info][gc             ] GC(351) Pause Remark 1685M->1685M(4096M) 3.382ms
[2169.698s][info][gc,cpu         ] GC(351) User=0.02s Sys=0.00s Real=0.00s
[2169.698s][info][gc,marking     ] GC(351) Concurrent Mark 576.008ms
[2169.698s][info][gc,marking     ] GC(351) Concurrent Rebuild Remembered Sets and Scrub Regions
[2169.922s][info][gc,marking     ] GC(351) Concurrent Rebuild Remembered Sets and Scrub Regions 223.734ms
[2169.922s][info][gc,start       ] GC(351) Pause Cleanup
[2169.922s][info][gc             ] GC(351) Pause Cleanup 1762M->1762M(4096M) 0.114ms
[2169.922s][info][gc,cpu         ] GC(351) User=0.00s Sys=0.00s Real=0.00s
[2169.922s][info][gc,marking     ] GC(351) Concurrent Clear Claimed Marks
[2169.922s][info][gc,marking     ] GC(351) Concurrent Clear Claimed Marks 0.033ms
[2169.922s][info][gc,marking     ] GC(351) Concurrent Cleanup for Next Mark
[2169.928s][info][gc,marking     ] GC(351) Concurrent Cleanup for Next Mark 5.495ms
[2169.928s][info][gc             ] GC(351) Concurrent Mark Cycle 937.759ms
.....[2174.563s][info][gc,start       ] GC(352) Pause Young (Prepare Mixed) (G1 Evacuation Pause)
[2174.563s][info][gc,task        ] GC(352) Using 6 workers of 6 for evacuation
[2174.679s][info][gc,phases      ] GC(352)   Pre Evacuate Collection Set: 0.34ms
[2174.679s][info][gc,phases      ] GC(352)   Merge Heap Roots: 0.53ms
[2174.679s][info][gc,phases      ] GC(352)   Evacuate Collection Set: 114.55ms
[2174.679s][info][gc,phases      ] GC(352)   Post Evacuate Collection Set: 0.93ms
[2174.679s][info][gc,phases      ] GC(352)   Other: 0.09ms
[2174.679s][info][gc,heap        ] GC(352) Eden regions: 1121->0(1113)
[2174.679s][info][gc,heap        ] GC(352) Survivor regions: 107->109(154)
[2174.679s][info][gc,heap        ] GC(352) Old regions: 503->534
[2174.679s][info][gc,heap        ] GC(352) Humongous regions: 80->80
[2174.679s][info][gc,metaspace   ] GC(352) Metaspace: 28991K(29376K)->28991K(29376K) NonClass: 24105K(24256K)->24105K(24256K) Class: 4886K(5120K)->4886K(5120K)
[2174.679s][info][gc             ] GC(352) Pause Young (Prepare Mixed) (G1 Evacuation Pause) 3620M->1444M(4096M) 116.569ms
[2174.679s][info][gc,cpu         ] GC(352) User=0.70s Sys=0.00s Real=0.12s
......[2180.166s][info][gc,start       ] GC(353) Pause Young (Mixed) (G1 Evacuation Pause)
[2180.166s][info][gc,task        ] GC(353) Using 6 workers of 6 for evacuation
[2180.302s][info][gc,phases      ] GC(353)   Pre Evacuate Collection Set: 0.40ms
[2180.302s][info][gc,phases      ] GC(353)   Merge Heap Roots: 0.78ms
[2180.302s][info][gc,phases      ] GC(353)   Evacuate Collection Set: 133.27ms
[2180.302s][info][gc,phases      ] GC(353)   Post Evacuate Collection Set: 0.99ms
[2180.302s][info][gc,phases      ] GC(353)   Other: 0.60ms
[2180.302s][info][gc,heap        ] GC(353) Eden regions: 1113->0(1116)
[2180.302s][info][gc,heap        ] GC(353) Survivor regions: 109->112(153)
[2180.302s][info][gc,heap        ] GC(353) Old regions: 534->470
[2180.302s][info][gc,heap        ] GC(353) Humongous regions: 80->80
[2180.302s][info][gc,metaspace   ] GC(353) Metaspace: 28991K(29376K)->28991K(29376K) NonClass: 24105K(24256K)->24105K(24256K) Class: 4886K(5120K)->4886K(5120K)
[2180.302s][info][gc             ] GC(353) Pause Young (Mixed) (G1 Evacuation Pause) 3670M->1322M(4096M) 136.175ms
[2180.302s][info][gc,cpu         ] GC(353) User=0.81s Sys=0.00s Real=0.13s
. (rIR:aIR:PR = 3321:3320:3320) (tPR = 49290) [OK] 
  2180s: Performance info:
         Transaction,    Success,    Partial,     Failed,   Receipts, AvgBarcode, 
             Overall,     199485,          0,          0,     189515,      59.48, 
         Response times:
             Request,    Success,    Partial,     Failed,   SkipFail,     Probes,    Samples,      min,      p50,      p90,      p95,      p99,      max, 
       TotalPurchase,     189515,          0,          0,          0,     186614,     199225,      300,     2700,     4500,     5900,    24000,   183000,
     InStorePurchase,      99796,          0,          0,          0,      98548,     104823,      300,     2700,     4500,     5800,    24000,   183000,
      OnlinePurchase,      69751,          0,          0,          0,      68569,      73208,      300,     2900,     4700,     6200,    25000,   151000,
        InstPurchase,      19968,          0,          0,          0,      19497,      21194,      400,     2400,     4200,     5425,    19800,   166000,
          AssocOfCat,        200,          0,          0,          0,        139,        207,    21000,    29000,    40000,    55000,   148200,   172000,
      AssocOfProduct,       1993,          0,          0,          0,       1823,       2129,      500,     2100,     4300,     5500,    18210,   124000,
      BusinessReport,        498,          0,          0,          0,        432,        553,    23000,    33000,    49000,    61000,   153760,   178000,
          CustBuyBeh,       1993,          0,          0,          0,       1834,       2114,      200,     2800,     4500,     6000,    27850,    51000,
       ProductReturn,       5287,          0,          0,          0,       5070,       5707,      200,     1800,     3900,     4700,    15300,   127000,

  2180s: (25%)   IR =   3459 ....[2185.814s][info][gc,start       ] GC(354) Pause Young (Concurrent Start) (G1 Evacuation Pause)
[2185.814s][info][gc,task        ] GC(354) Using 6 workers of 6 for evacuation
[2185.929s][info][gc,phases      ] GC(354)   Pre Evacuate Collection Set: 0.39ms
[2185.929s][info][gc,phases      ] GC(354)   Merge Heap Roots: 0.48ms
[2185.929s][info][gc,phases      ] GC(354)   Evacuate Collection Set: 112.91ms
[2185.929s][info][gc,phases      ] GC(354)   Post Evacuate Collection Set: 0.88ms
[2185.929s][info][gc,phases      ] GC(354)   Other: 0.13ms
[2185.929s][info][gc,heap        ] GC(354) Eden regions: 1116->0(1120)
[2185.929s][info][gc,heap        ] GC(354) Survivor regions: 112->108(154)
[2185.929s][info][gc,heap        ] GC(354) Old regions: 470->502
[2185.929s][info][gc,heap        ] GC(354) Humongous regions: 80->80
[2185.929s][info][gc,metaspace   ] GC(354) Metaspace: 28991K(29376K)->28991K(29376K) NonClass: 24105K(24256K)->24105K(24256K) Class: 4886K(5120K)->4886K(5120K)
[2185.929s][info][gc             ] GC(354) Pause Young (Concurrent Start) (G1 Evacuation Pause) 3554M->1377M(4096M) 114.918ms
[2185.929s][info][gc             ] GC(355) Concurrent Mark Cycle
[2185.929s][info][gc,marking     ] GC(355) Concurrent Scan Root Regions
[2185.929s][info][gc,cpu         ] GC(354) User=0.68s Sys=0.00s Real=0.11s
.[2186.104s][info][gc,marking     ] GC(355) Concurrent Scan Root Regions 174.390ms
[2186.104s][info][gc,marking     ] GC(355) Concurrent Mark
[2186.104s][info][gc,marking     ] GC(355) Concurrent Mark From Roots
[2186.104s][info][gc,task        ] GC(355) Using 2 workers of 2 for marking
[2187.063s][info][gc,marking     ] GC(355) Concurrent Mark From Roots 959.036ms
[2187.063s][info][gc,marking     ] GC(355) Concurrent Preclean
[2187.063s][info][gc,marking     ] GC(355) Concurrent Preclean 0.080ms
[2187.064s][info][gc,start       ] GC(355) Pause Remark
[2187.069s][info][gc             ] GC(355) Pause Remark 1911M->1911M(4096M) 4.732ms
[2187.069s][info][gc,cpu         ] GC(355) User=0.03s Sys=0.00s Real=0.00s
[2187.069s][info][gc,marking     ] GC(355) Concurrent Mark 965.799ms
[2187.069s][info][gc,marking     ] GC(355) Concurrent Rebuild Remembered Sets and Scrub Regions
.|[2187.417s][info][gc,marking     ] GC(355) Concurrent Rebuild Remembered Sets and Scrub Regions 347.053ms
[2187.417s][info][gc,start       ] GC(355) Pause Cleanup
[2187.417s][info][gc             ] GC(355) Pause Cleanup 2063M->2063M(4096M) 0.107ms
[2187.417s][info][gc,cpu         ] GC(355) User=0.00s Sys=0.00s Real=0.00s
[2187.417s][info][gc,marking     ] GC(355) Concurrent Clear Claimed Marks
[2187.417s][info][gc,marking     ] GC(355) Concurrent Clear Claimed Marks 0.033ms
[2187.417s][info][gc,marking     ] GC(355) Concurrent Cleanup for Next Mark
[2187.420s][info][gc,marking     ] GC(355) Concurrent Cleanup for Next Mark 3.550ms
[2187.420s][info][gc             ] GC(355) Concurrent Mark Cycle 1491.216ms
....[2191.177s][info][gc,start       ] GC(356) Pause Young (Prepare Mixed) (G1 Evacuation Pause)
[2191.177s][info][gc,task        ] GC(356) Using 6 workers of 6 for evacuation
[2191.292s][info][gc,phases      ] GC(356)   Pre Evacuate Collection Set: 0.34ms
[2191.292s][info][gc,phases      ] GC(356)   Merge Heap Roots: 0.52ms
[2191.292s][info][gc,phases      ] GC(356)   Evacuate Collection Set: 112.52ms
[2191.292s][info][gc,phases      ] GC(356)   Post Evacuate Collection Set: 0.97ms
[2191.292s][info][gc,phases      ] GC(356)   Other: 0.08ms
[2191.292s][info][gc,heap        ] GC(356) Eden regions: 1120->0(1116)
[2191.292s][info][gc,heap        ] GC(356) Survivor regions: 108->108(154)
[2191.292s][info][gc,heap        ] GC(356) Old regions: 502->533
[2191.292s][info][gc,heap        ] GC(356) Humongous regions: 80->80
[2191.292s][info][gc,metaspace   ] GC(356) Metaspace: 28992K(29376K)->28992K(29376K) NonClass: 24106K(24256K)->24106K(24256K) Class: 4886K(5120K)->4886K(5120K)
[2191.292s][info][gc             ] GC(356) Pause Young (Prepare Mixed) (G1 Evacuation Pause) 3617M->1441M(4096M) 114.568ms
[2191.292s][info][gc,cpu         ] GC(356) User=0.68s Sys=0.00s Real=0.11s
.....[2196.577s][info][gc,start       ] GC(357) Pause Young (Mixed) (G1 Evacuation Pause)
[2196.577s][info][gc,task        ] GC(357) Using 6 workers of 6 for evacuation
[2196.706s][info][gc,phases      ] GC(357)   Pre Evacuate Collection Set: 0.38ms
[2196.706s][info][gc,phases      ] GC(357)   Merge Heap Roots: 0.66ms
[2196.706s][info][gc,phases      ] GC(357)   Evacuate Collection Set: 126.64ms
[2196.706s][info][gc,phases      ] GC(357)   Post Evacuate Collection Set: 0.99ms
[2196.706s][info][gc,phases      ] GC(357)   Other: 0.09ms
[2196.706s][info][gc,heap        ] GC(357) Eden regions: 1116->0(1120)
[2196.706s][info][gc,heap        ] GC(357) Survivor regions: 108->108(153)
[2196.706s][info][gc,heap        ] GC(357) Old regions: 533->471
[2196.706s][info][gc,heap        ] GC(357) Humongous regions: 80->80
[2196.706s][info][gc,metaspace   ] GC(357) Metaspace: 28992K(29376K)->28992K(29376K) NonClass: 24106K(24256K)->24106K(24256K) Class: 4886K(5120K)->4886K(5120K)
[2196.706s][info][gc             ] GC(357) Pause Young (Mixed) (G1 Evacuation Pause) 3673M->1316M(4096M) 128.890ms
[2196.706s][info][gc,cpu         ] GC(357) User=0.77s Sys=0.00s Real=0.13s
......[2202.109s][info][gc,start       ] GC(358) Pause Young (Concurrent Start) (G1 Evacuation Pause)
[2202.109s][info][gc,task        ] GC(358) Using 6 workers of 6 for evacuation
[2202.227s][info][gc,phases      ] GC(358)   Pre Evacuate Collection Set: 0.39ms
[2202.227s][info][gc,phases      ] GC(358)   Merge Heap Roots: 0.48ms
[2202.227s][info][gc,phases      ] GC(358)   Evacuate Collection Set: 115.87ms
[2202.227s][info][gc,phases      ] GC(358)   Post Evacuate Collection Set: 0.89ms
[2202.227s][info][gc,phases      ] GC(358)   Other: 0.10ms
[2202.227s][info][gc,heap        ] GC(358) Eden regions: 1120->0(1118)
[2202.227s][info][gc,heap        ] GC(358) Survivor regions: 108->110(154)
[2202.227s][info][gc,heap        ] GC(358) Old regions: 471->502
[2202.227s][info][gc,heap        ] GC(358) Humongous regions: 80->80
[2202.227s][info][gc,metaspace   ] GC(358) Metaspace: 28992K(29376K)->28992K(29376K) NonClass: 24106K(24256K)->24106K(24256K) Class: 4886K(5120K)->4886K(5120K)
[2202.227s][info][gc             ] GC(358) Pause Young (Concurrent Start) (G1 Evacuation Pause) 3556M->1383M(4096M) 117.866ms
[2202.227s][info][gc             ] GC(359) Concurrent Mark Cycle
[2202.227s][info][gc,marking     ] GC(359) Concurrent Scan Root Regions
[2202.227s][info][gc,cpu         ] GC(358) User=0.70s Sys=0.00s Real=0.12s
[2202.407s][info][gc,marking     ] GC(359) Concurrent Scan Root Regions 180.304ms
[2202.407s][info][gc,marking     ] GC(359) Concurrent Mark
[2202.407s][info][gc,marking     ] GC(359) Concurrent Mark From Roots
[2202.407s][info][gc,task        ] GC(359) Using 2 workers of 2 for marking
.[2203.337s][info][gc,marking     ] GC(359) Concurrent Mark From Roots 929.992ms
[2203.337s][info][gc,marking     ] GC(359) Concurrent Preclean
[2203.337s][info][gc,marking     ] GC(359) Concurrent Preclean 0.048ms
[2203.338s][info][gc,start       ] GC(359) Pause Remark
[2203.342s][info][gc             ] GC(359) Pause Remark 1899M->1899M(4096M) 4.406ms
[2203.342s][info][gc,cpu         ] GC(359) User=0.03s Sys=0.00s Real=0.00s
[2203.342s][info][gc,marking     ] GC(359) Concurrent Mark 934.686ms
[2203.342s][info][gc,marking     ] GC(359) Concurrent Rebuild Remembered Sets and Scrub Regions
[2203.561s][info][gc,marking     ] GC(359) Concurrent Rebuild Remembered Sets and Scrub Regions 218.549ms
[2203.561s][info][gc,start       ] GC(359) Pause Cleanup
[2203.561s][info][gc             ] GC(359) Pause Cleanup 1985M->1985M(4096M) 0.117ms
[2203.561s][info][gc,cpu         ] GC(359) User=0.00s Sys=0.00s Real=0.00s
[2203.561s][info][gc,marking     ] GC(359) Concurrent Clear Claimed Marks
[2203.561s][info][gc,marking     ] GC(359) Concurrent Clear Claimed Marks 0.032ms
[2203.561s][info][gc,marking     ] GC(359) Concurrent Cleanup for Next Mark
[2203.564s][info][gc,marking     ] GC(359) Concurrent Cleanup for Next Mark 3.181ms
[2203.564s][info][gc             ] GC(359) Concurrent Mark Cycle 1337.243ms
....[2207.501s][info][gc,start       ] GC(360) Pause Young (Prepare Mixed) (G1 Evacuation Pause)
[2207.501s][info][gc,task        ] GC(360) Using 6 workers of 6 for evacuation
[2207.616s][info][gc,phases      ] GC(360)   Pre Evacuate Collection Set: 0.38ms
[2207.616s][info][gc,phases      ] GC(360)   Merge Heap Roots: 0.55ms
[2207.616s][info][gc,phases      ] GC(360)   Evacuate Collection Set: 113.24ms
[2207.616s][info][gc,phases      ] GC(360)   Post Evacuate Collection Set: 0.94ms
[2207.616s][info][gc,phases      ] GC(360)   Other: 0.10ms
[2207.616s][info][gc,heap        ] GC(360) Eden regions: 1118->0(1113)
[2207.616s][info][gc,heap        ] GC(360) Survivor regions: 110->109(154)
[2207.616s][info][gc,heap        ] GC(360) Old regions: 502->534
[2207.616s][info][gc,heap        ] GC(360) Humongous regions: 80->80
[2207.616s][info][gc,metaspace   ] GC(360) Metaspace: 28992K(29376K)->28992K(29376K) NonClass: 24106K(24256K)->24106K(24256K) Class: 4886K(5120K)->4886K(5120K)
[2207.616s][info][gc             ] GC(360) Pause Young (Prepare Mixed) (G1 Evacuation Pause) 3619M->1445M(4096M) 115.337ms
[2207.616s][info][gc,cpu         ] GC(360) User=0.69s Sys=0.00s Real=0.12s
.....[2212.939s][info][gc,start       ] GC(361) Pause Young (Mixed) (G1 Evacuation Pause)
[2212.939s][info][gc,task        ] GC(361) Using 6 workers of 6 for evacuation
[2213.067s][info][gc,phases      ] GC(361)   Pre Evacuate Collection Set: 0.40ms
[2213.067s][info][gc,phases      ] GC(361)   Merge Heap Roots: 0.65ms
[2213.067s][info][gc,phases      ] GC(361)   Evacuate Collection Set: 125.63ms
[2213.067s][info][gc,phases      ] GC(361)   Post Evacuate Collection Set: 0.95ms
[2213.067s][info][gc,phases      ] GC(361)   Other: 0.09ms
[2213.067s][info][gc,heap        ] GC(361) Eden regions: 1113->0(1121)
[2213.067s][info][gc,heap        ] GC(361) Survivor regions: 109->107(153)
[2213.067s][info][gc,heap        ] GC(361) Old regions: 534->472
[2213.067s][info][gc,heap        ] GC(361) Humongous regions: 80->80
[2213.067s][info][gc,metaspace   ] GC(361) Metaspace: 28996K(29376K)->28996K(29376K) NonClass: 24110K(24256K)->24110K(24256K) Class: 4886K(5120K)->4886K(5120K)
[2213.067s][info][gc             ] GC(361) Pause Young (Mixed) (G1 Evacuation Pause) 3671M->1315M(4096M) 127.858ms
[2213.067s][info][gc,cpu         ] GC(361) User=0.76s Sys=0.00s Real=0.13s
......[2218.450s][info][gc,start       ] GC(362) Pause Young (Concurrent Start) (G1 Evacuation Pause)
[2218.450s][info][gc,task        ] GC(362) Using 6 workers of 6 for evacuation
[2218.566s][info][gc,phases      ] GC(362)   Pre Evacuate Collection Set: 0.43ms
[2218.566s][info][gc,phases      ] GC(362)   Merge Heap Roots: 0.48ms
[2218.566s][info][gc,phases      ] GC(362)   Evacuate Collection Set: 114.08ms
[2218.566s][info][gc,phases      ] GC(362)   Post Evacuate Collection Set: 0.90ms
[2218.566s][info][gc,phases      ] GC(362)   Other: 0.11ms
[2218.566s][info][gc,heap        ] GC(362) Eden regions: 1121->0(1119)
[2218.566s][info][gc,heap        ] GC(362) Survivor regions: 107->109(154)
[2218.566s][info][gc,heap        ] GC(362) Old regions: 472->503
[2218.566s][info][gc,heap        ] GC(362) Humongous regions: 80->80
[2218.566s][info][gc,metaspace   ] GC(362) Metaspace: 28996K(29376K)->28996K(29376K) NonClass: 24110K(24256K)->24110K(24256K) Class: 4886K(5120K)->4886K(5120K)
[2218.566s][info][gc             ] GC(362) Pause Young (Concurrent Start) (G1 Evacuation Pause) 3557M->1382M(4096M) 116.125ms
[2218.566s][info][gc             ] GC(363) Concurrent Mark Cycle
[2218.566s][info][gc,marking     ] GC(363) Concurrent Scan Root Regions
[2218.566s][info][gc,cpu         ] GC(362) User=0.69s Sys=0.00s Real=0.12s
[2218.710s][info][gc,marking     ] GC(363) Concurrent Scan Root Regions 143.807ms
[2218.710s][info][gc,marking     ] GC(363) Concurrent Mark
[2218.710s][info][gc,marking     ] GC(363) Concurrent Mark From Roots
[2218.710s][info][gc,task        ] GC(363) Using 2 workers of 2 for marking
.[2219.342s][info][gc,marking     ] GC(363) Concurrent Mark From Roots 631.841ms
[2219.342s][info][gc,marking     ] GC(363) Concurrent Preclean
[2219.342s][info][gc,marking     ] GC(363) Concurrent Preclean 0.052ms
[2219.342s][info][gc,start       ] GC(363) Pause Remark
[2219.346s][info][gc             ] GC(363) Pause Remark 1777M->1777M(4096M) 3.726ms
[2219.346s][info][gc,cpu         ] GC(363) User=0.02s Sys=0.00s Real=0.01s
[2219.346s][info][gc,marking     ] GC(363) Concurrent Mark 635.942ms
[2219.346s][info][gc,marking     ] GC(363) Concurrent Rebuild Remembered Sets and Scrub Regions
[2219.569s][info][gc,marking     ] GC(363) Concurrent Rebuild Remembered Sets and Scrub Regions 222.726ms
[2219.569s][info][gc,start       ] GC(363) Pause Cleanup
[2219.569s][info][gc             ] GC(363) Pause Cleanup 1876M->1876M(4096M) 0.118ms
[2219.569s][info][gc,cpu         ] GC(363) User=0.00s Sys=0.00s Real=0.00s
[2219.569s][info][gc,marking     ] GC(363) Concurrent Clear Claimed Marks
[2219.569s][info][gc,marking     ] GC(363) Concurrent Clear Claimed Marks 0.024ms
[2219.569s][info][gc,marking     ] GC(363) Concurrent Cleanup for Next Mark
[2219.572s][info][gc,marking     ] GC(363) Concurrent Cleanup for Next Mark 3.211ms
[2219.572s][info][gc             ] GC(363) Concurrent Mark Cycle 1006.158ms
....[2223.899s][info][gc,start       ] GC(364) Pause Young (Prepare Mixed) (G1 Evacuation Pause)
[2223.899s][info][gc,task        ] GC(364) Using 6 workers of 6 for evacuation
[2224.014s][info][gc,phases      ] GC(364)   Pre Evacuate Collection Set: 0.42ms
[2224.014s][info][gc,phases      ] GC(364)   Merge Heap Roots: 0.57ms
[2224.014s][info][gc,phases      ] GC(364)   Evacuate Collection Set: 112.96ms
[2224.014s][info][gc,phases      ] GC(364)   Post Evacuate Collection Set: 0.93ms
[2224.014s][info][gc,phases      ] GC(364)   Other: 0.10ms
[2224.014s][info][gc,heap        ] GC(364) Eden regions: 1119->0(1114)
[2224.014s][info][gc,heap        ] GC(364) Survivor regions: 109->108(154)
[2224.014s][info][gc,heap        ] GC(364) Old regions: 503->535
[2224.014s][info][gc,heap        ] GC(364) Humongous regions: 80->80
[2224.014s][info][gc,metaspace   ] GC(364) Metaspace: 28996K(29376K)->28996K(29376K) NonClass: 24110K(24256K)->24110K(24256K) Class: 4886K(5120K)->4886K(5120K)
[2224.014s][info][gc             ] GC(364) Pause Young (Prepare Mixed) (G1 Evacuation Pause) 3620M->1443M(4096M) 115.108ms
[2224.014s][info][gc,cpu         ] GC(364) User=0.69s Sys=0.00s Real=0.12s
......[2229.252s][info][gc,start       ] GC(365) Pause Young (Mixed) (G1 Evacuation Pause)
[2229.253s][info][gc,task        ] GC(365) Using 6 workers of 6 for evacuation
[2229.382s][info][gc,phases      ] GC(365)   Pre Evacuate Collection Set: 0.43ms
[2229.382s][info][gc,phases      ] GC(365)   Merge Heap Roots: 0.66ms
[2229.382s][info][gc,phases      ] GC(365)   Evacuate Collection Set: 127.55ms
[2229.382s][info][gc,phases      ] GC(365)   Post Evacuate Collection Set: 0.98ms
[2229.382s][info][gc,phases      ] GC(365)   Other: 0.09ms
[2229.382s][info][gc,heap        ] GC(365) Eden regions: 1114->0(1121)
[2229.382s][info][gc,heap        ] GC(365) Survivor regions: 108->107(153)
[2229.382s][info][gc,heap        ] GC(365) Old regions: 535->471
[2229.382s][info][gc,heap        ] GC(365) Humongous regions: 80->80
[2229.382s][info][gc,metaspace   ] GC(365) Metaspace: 28996K(29376K)->28996K(29376K) NonClass: 24110K(24256K)->24110K(24256K) Class: 4886K(5120K)->4886K(5120K)
[2229.382s][info][gc             ] GC(365) Pause Young (Mixed) (G1 Evacuation Pause) 3671M->1315M(4096M) 129.850ms
[2229.382s][info][gc,cpu         ] GC(365) User=0.77s Sys=0.00s Real=0.13s
.....[2234.715s][info][gc,start       ] GC(366) Pause Young (Concurrent Start) (G1 Evacuation Pause)
[2234.715s][info][gc,task        ] GC(366) Using 6 workers of 6 for evacuation
[2234.830s][info][gc,phases      ] GC(366)   Pre Evacuate Collection Set: 0.39ms
[2234.830s][info][gc,phases      ] GC(366)   Merge Heap Roots: 0.47ms
[2234.830s][info][gc,phases      ] GC(366)   Evacuate Collection Set: 113.50ms
[2234.830s][info][gc,phases      ] GC(366)   Post Evacuate Collection Set: 0.89ms
[2234.830s][info][gc,phases      ] GC(366)   Other: 0.11ms
[2234.830s][info][gc,heap        ] GC(366) Eden regions: 1121->0(1121)
[2234.830s][info][gc,heap        ] GC(366) Survivor regions: 107->107(154)
[2234.830s][info][gc,heap        ] GC(366) Old regions: 471->503
[2234.830s][info][gc,heap        ] GC(366) Humongous regions: 80->80
[2234.830s][info][gc,metaspace   ] GC(366) Metaspace: 28996K(29376K)->28996K(29376K) NonClass: 24110K(24256K)->24110K(24256K) Class: 4886K(5120K)->4886K(5120K)
[2234.830s][info][gc             ] GC(366) Pause Young (Concurrent Start) (G1 Evacuation Pause) 3557M->1377M(4096M) 115.505ms
[2234.830s][info][gc             ] GC(367) Concurrent Mark Cycle
[2234.830s][info][gc,marking     ] GC(367) Concurrent Scan Root Regions
[2234.830s][info][gc,cpu         ] GC(366) User=0.69s Sys=0.00s Real=0.11s
[2234.966s][info][gc,marking     ] GC(367) Concurrent Scan Root Regions 135.520ms
[2234.966s][info][gc,marking     ] GC(367) Concurrent Mark
[2234.966s][info][gc,marking     ] GC(367) Concurrent Mark From Roots
[2234.966s][info][gc,task        ] GC(367) Using 2 workers of 2 for marking
.[2235.546s][info][gc,marking     ] GC(367) Concurrent Mark From Roots 580.009ms
[2235.546s][info][gc,marking     ] GC(367) Concurrent Preclean
[2235.546s][info][gc,marking     ] GC(367) Concurrent Preclean 0.047ms
[2235.546s][info][gc,start       ] GC(367) Pause Remark
[2235.550s][info][gc             ] GC(367) Pause Remark 1702M->1702M(4096M) 3.768ms
[2235.550s][info][gc,cpu         ] GC(367) User=0.02s Sys=0.00s Real=0.00s
[2235.550s][info][gc,marking     ] GC(367) Concurrent Mark 584.070ms
[2235.550s][info][gc,marking     ] GC(367) Concurrent Rebuild Remembered Sets and Scrub Regions
[2235.825s][info][gc,marking     ] GC(367) Concurrent Rebuild Remembered Sets and Scrub Regions 275.310ms
[2235.826s][info][gc,start       ] GC(367) Pause Cleanup
[2235.826s][info][gc             ] GC(367) Pause Cleanup 1833M->1833M(4096M) 0.139ms
[2235.826s][info][gc,cpu         ] GC(367) User=0.00s Sys=0.00s Real=0.00s
[2235.826s][info][gc,marking     ] GC(367) Concurrent Clear Claimed Marks
[2235.826s][info][gc,marking     ] GC(367) Concurrent Clear Claimed Marks 0.034ms
[2235.826s][info][gc,marking     ] GC(367) Concurrent Cleanup for Next Mark
[2235.830s][info][gc,marking     ] GC(367) Concurrent Cleanup for Next Mark 3.912ms
[2235.830s][info][gc             ] GC(367) Concurrent Mark Cycle 999.348ms
.....[2240.197s][info][gc,start       ] GC(368) Pause Young (Prepare Mixed) (G1 Evacuation Pause)
[2240.197s][info][gc,task        ] GC(368) Using 6 workers of 6 for evacuation
[2240.314s][info][gc,phases      ] GC(368)   Pre Evacuate Collection Set: 0.34ms
[2240.314s][info][gc,phases      ] GC(368)   Merge Heap Roots: 0.54ms
[2240.314s][info][gc,phases      ] GC(368)   Evacuate Collection Set: 115.16ms
[2240.314s][info][gc,phases      ] GC(368)   Post Evacuate Collection Set: 0.95ms
[2240.314s][info][gc,phases      ] GC(368)   Other: 0.10ms
[2240.314s][info][gc,heap        ] GC(368) Eden regions: 1121->0(1113)
[2240.314s][info][gc,heap        ] GC(368) Survivor regions: 107->109(154)
[2240.314s][info][gc,heap        ] GC(368) Old regions: 503->534
[2240.314s][info][gc,heap        ] GC(368) Humongous regions: 80->80
[2240.314s][info][gc,metaspace   ] GC(368) Metaspace: 28996K(29376K)->28996K(29376K) NonClass: 24110K(24256K)->24110K(24256K) Class: 4886K(5120K)->4886K(5120K)
[2240.315s][info][gc             ] GC(368) Pause Young (Prepare Mixed) (G1 Evacuation Pause) 3619M->1445M(4096M) 117.215ms
[2240.315s][info][gc,cpu         ] GC(368) User=0.70s Sys=0.00s Real=0.12s
.....[2245.616s][info][gc,start       ] GC(369) Pause Young (Mixed) (G1 Evacuation Pause)
[2245.616s][info][gc,task        ] GC(369) Using 6 workers of 6 for evacuation
[2245.747s][info][gc,phases      ] GC(369)   Pre Evacuate Collection Set: 0.39ms
[2245.747s][info][gc,phases      ] GC(369)   Merge Heap Roots: 0.62ms
[2245.747s][info][gc,phases      ] GC(369)   Evacuate Collection Set: 128.21ms
[2245.747s][info][gc,phases      ] GC(369)   Post Evacuate Collection Set: 0.96ms
[2245.747s][info][gc,phases      ] GC(369)   Other: 0.09ms
[2245.747s][info][gc,heap        ] GC(369) Eden regions: 1113->0(1118)
[2245.747s][info][gc,heap        ] GC(369) Survivor regions: 109->110(153)
[2245.747s][info][gc,heap        ] GC(369) Old regions: 534->471
[2245.747s][info][gc,heap        ] GC(369) Humongous regions: 80->80
[2245.747s][info][gc,metaspace   ] GC(369) Metaspace: 28996K(29376K)->28996K(29376K) NonClass: 24110K(24256K)->24110K(24256K) Class: 4886K(5120K)->4886K(5120K)
[2245.747s][info][gc             ] GC(369) Pause Young (Mixed) (G1 Evacuation Pause) 3671M->1320M(4096M) 130.421ms
[2245.747s][info][gc,cpu         ] GC(369) User=0.78s Sys=0.00s Real=0.13s
.. (rIR:aIR:PR = 3459:3459:3459) (tPR = 51385) [OK] 
  2246s: Performance info:
         Transaction,    Success,    Partial,     Failed,   Receipts, AvgBarcode, 
             Overall,     207673,          0,          0,     197300,      59.47, 
         Response times:
             Request,    Success,    Partial,     Failed,   SkipFail,     Probes,    Samples,      min,      p50,      p90,      p95,      p99,      max, 
       TotalPurchase,     197300,          0,          0,          0,     193563,     213582,      300,     2800,     4700,     6400,    33000,   208000,
     InStorePurchase,     103859,          0,          0,          0,     102247,     112560,      300,     2900,     4700,     6400,    34000,   168000,
      OnlinePurchase,      72682,          0,          0,          0,      71169,      78439,      300,     2800,     4800,     6400,    33000,   208000,
        InstPurchase,      20759,          0,          0,          0,      20147,      22583,      400,     2600,     4600,     6200,    30000,   188000,
          AssocOfCat,        207,          0,          0,          0,        149,        212,    21000,    30000,    48000,    57700,   154180,   178000,
      AssocOfProduct,       2081,          0,          0,          0,       1869,       2213,      600,     3600,     5400,     6700,    35860,   134000,
      BusinessReport,        518,          0,          0,          0,        431,        577,    21000,    33000,    49000,    67400,   140440,   229000,
          CustBuyBeh,       2074,          0,          0,          0,       1912,       2312,      200,     2100,     4300,     5500,    19674,   120000,
       ProductReturn,       5493,          0,          0,          0,       5206,       5967,      200,     2900,     4800,     6500,    35000,   161000,

  2246s: (26%)   IR =   3598 ...[2250.948s][info][gc,start       ] GC(370) Pause Young (Concurrent Start) (G1 Evacuation Pause)
[2250.948s][info][gc,task        ] GC(370) Using 6 workers of 6 for evacuation
[2251.063s][info][gc,phases      ] GC(370)   Pre Evacuate Collection Set: 0.40ms
[2251.063s][info][gc,phases      ] GC(370)   Merge Heap Roots: 0.47ms
[2251.063s][info][gc,phases      ] GC(370)   Evacuate Collection Set: 112.93ms
[2251.063s][info][gc,phases      ] GC(370)   Post Evacuate Collection Set: 0.97ms
[2251.063s][info][gc,phases      ] GC(370)   Other: 0.12ms
[2251.063s][info][gc,heap        ] GC(370) Eden regions: 1118->0(1120)
[2251.063s][info][gc,heap        ] GC(370) Survivor regions: 110->108(154)
[2251.063s][info][gc,heap        ] GC(370) Old regions: 471->503
[2251.063s][info][gc,heap        ] GC(370) Humongous regions: 80->80
[2251.063s][info][gc,metaspace   ] GC(370) Metaspace: 29003K(29376K)->29003K(29376K) NonClass: 24117K(24256K)->24117K(24256K) Class: 4886K(5120K)->4886K(5120K)
[2251.063s][info][gc             ] GC(370) Pause Young (Concurrent Start) (G1 Evacuation Pause) 3556M->1379M(4096M) 115.023ms
[2251.063s][info][gc             ] GC(371) Concurrent Mark Cycle
[2251.063s][info][gc,marking     ] GC(371) Concurrent Scan Root Regions
[2251.063s][info][gc,cpu         ] GC(370) User=0.68s Sys=0.00s Real=0.12s
.|[2251.200s][info][gc,marking     ] GC(371) Concurrent Scan Root Regions 136.790ms
[2251.200s][info][gc,marking     ] GC(371) Concurrent Mark
[2251.200s][info][gc,marking     ] GC(371) Concurrent Mark From Roots
[2251.200s][info][gc,task        ] GC(371) Using 2 workers of 2 for marking
[2251.776s][info][gc,marking     ] GC(371) Concurrent Mark From Roots 575.534ms
[2251.776s][info][gc,marking     ] GC(371) Concurrent Preclean
[2251.776s][info][gc,marking     ] GC(371) Concurrent Preclean 0.057ms
[2251.776s][info][gc,start       ] GC(371) Pause Remark
[2251.779s][info][gc             ] GC(371) Pause Remark 1719M->1719M(4096M) 3.595ms
[2251.779s][info][gc,cpu         ] GC(371) User=0.01s Sys=0.01s Real=0.00s
[2251.780s][info][gc,marking     ] GC(371) Concurrent Mark 579.415ms
[2251.780s][info][gc,marking     ] GC(371) Concurrent Rebuild Remembered Sets and Scrub Regions
[2252.013s][info][gc,marking     ] GC(371) Concurrent Rebuild Remembered Sets and Scrub Regions 232.993ms
[2252.013s][info][gc,start       ] GC(371) Pause Cleanup
[2252.013s][info][gc             ] GC(371) Pause Cleanup 1843M->1843M(4096M) 0.117ms
[2252.013s][info][gc,cpu         ] GC(371) User=0.00s Sys=0.00s Real=0.00s
[2252.013s][info][gc,marking     ] GC(371) Concurrent Clear Claimed Marks
[2252.013s][info][gc,marking     ] GC(371) Concurrent Clear Claimed Marks 0.032ms
[2252.013s][info][gc,marking     ] GC(371) Concurrent Cleanup for Next Mark
[2252.016s][info][gc,marking     ] GC(371) Concurrent Cleanup for Next Mark 3.574ms
[2252.017s][info][gc             ] GC(371) Concurrent Mark Cycle 953.305ms
.....[2256.215s][info][gc,start       ] GC(372) Pause Young (Prepare Mixed) (G1 Evacuation Pause)
[2256.216s][info][gc,task        ] GC(372) Using 6 workers of 6 for evacuation
[2256.331s][info][gc,phases      ] GC(372)   Pre Evacuate Collection Set: 0.35ms
[2256.331s][info][gc,phases      ] GC(372)   Merge Heap Roots: 0.51ms
[2256.331s][info][gc,phases      ] GC(372)   Evacuate Collection Set: 113.81ms
[2256.331s][info][gc,phases      ] GC(372)   Post Evacuate Collection Set: 1.01ms
[2256.331s][info][gc,phases      ] GC(372)   Other: 0.09ms
[2256.331s][info][gc,heap        ] GC(372) Eden regions: 1120->0(1112)
[2256.331s][info][gc,heap        ] GC(372) Survivor regions: 108->109(154)
[2256.331s][info][gc,heap        ] GC(372) Old regions: 503->535
[2256.331s][info][gc,heap        ] GC(372) Humongous regions: 80->80
[2256.331s][info][gc,metaspace   ] GC(372) Metaspace: 29003K(29376K)->29003K(29376K) NonClass: 24117K(24256K)->24117K(24256K) Class: 4886K(5120K)->4886K(5120K)
[2256.331s][info][gc             ] GC(372) Pause Young (Prepare Mixed) (G1 Evacuation Pause) 3619M->1446M(4096M) 115.899ms
[2256.331s][info][gc,cpu         ] GC(372) User=0.69s Sys=0.00s Real=0.11s
.....[2261.447s][info][gc,start       ] GC(373) Pause Young (Mixed) (G1 Evacuation Pause)
[2261.447s][info][gc,task        ] GC(373) Using 6 workers of 6 for evacuation
[2261.577s][info][gc,phases      ] GC(373)   Pre Evacuate Collection Set: 0.38ms
[2261.577s][info][gc,phases      ] GC(373)   Merge Heap Roots: 0.69ms
[2261.577s][info][gc,phases      ] GC(373)   Evacuate Collection Set: 128.21ms
[2261.577s][info][gc,phases      ] GC(373)   Post Evacuate Collection Set: 0.94ms
[2261.577s][info][gc,phases      ] GC(373)   Other: 0.09ms
[2261.577s][info][gc,heap        ] GC(373) Eden regions: 1112->0(1119)
[2261.577s][info][gc,heap        ] GC(373) Survivor regions: 109->109(153)
[2261.577s][info][gc,heap        ] GC(373) Old regions: 535->472
[2261.577s][info][gc,heap        ] GC(373) Humongous regions: 80->80
[2261.577s][info][gc,metaspace   ] GC(373) Metaspace: 29003K(29376K)->29003K(29376K) NonClass: 24117K(24256K)->24117K(24256K) Class: 4886K(5120K)->4886K(5120K)
[2261.577s][info][gc             ] GC(373) Pause Young (Mixed) (G1 Evacuation Pause) 3670M->1319M(4096M) 130.453ms
[2261.577s][info][gc,cpu         ] GC(373) User=0.77s Sys=0.00s Real=0.13s
.....[2266.665s][info][gc,start       ] GC(374) Pause Young (Concurrent Start) (G1 Evacuation Pause)
[2266.665s][info][gc,task        ] GC(374) Using 6 workers of 6 for evacuation
[2266.787s][info][gc,phases      ] GC(374)   Pre Evacuate Collection Set: 0.37ms
[2266.787s][info][gc,phases      ] GC(374)   Merge Heap Roots: 0.52ms
[2266.787s][info][gc,phases      ] GC(374)   Evacuate Collection Set: 119.72ms
[2266.787s][info][gc,phases      ] GC(374)   Post Evacuate Collection Set: 0.89ms
[2266.787s][info][gc,phases      ] GC(374)   Other: 0.09ms
[2266.787s][info][gc,heap        ] GC(374) Eden regions: 1119->0(1116)
[2266.787s][info][gc,heap        ] GC(374) Survivor regions: 109->112(154)
[2266.787s][info][gc,heap        ] GC(374) Old regions: 472->504
[2266.787s][info][gc,heap        ] GC(374) Humongous regions: 80->80
[2266.787s][info][gc,metaspace   ] GC(374) Metaspace: 29003K(29376K)->29003K(29376K) NonClass: 24117K(24256K)->24117K(24256K) Class: 4886K(5120K)->4886K(5120K)
[2266.787s][info][gc             ] GC(374) Pause Young (Concurrent Start) (G1 Evacuation Pause) 3557M->1391M(4096M) 121.740ms
[2266.787s][info][gc             ] GC(375) Concurrent Mark Cycle
[2266.787s][info][gc,marking     ] GC(375) Concurrent Scan Root Regions
[2266.787s][info][gc,cpu         ] GC(374) User=0.73s Sys=0.00s Real=0.12s
[2266.920s][info][gc,marking     ] GC(375) Concurrent Scan Root Regions 132.607ms
[2266.920s][info][gc,marking     ] GC(375) Concurrent Mark
[2266.920s][info][gc,marking     ] GC(375) Concurrent Mark From Roots
[2266.920s][info][gc,task        ] GC(375) Using 2 workers of 2 for marking
.[2267.526s][info][gc,marking     ] GC(375) Concurrent Mark From Roots 606.482ms
[2267.526s][info][gc,marking     ] GC(375) Concurrent Preclean
[2267.526s][info][gc,marking     ] GC(375) Concurrent Preclean 0.054ms
[2267.526s][info][gc,start       ] GC(375) Pause Remark
[2267.530s][info][gc             ] GC(375) Pause Remark 1763M->1763M(4096M) 3.481ms
[2267.530s][info][gc,cpu         ] GC(375) User=0.01s Sys=0.00s Real=0.00s
[2267.530s][info][gc,marking     ] GC(375) Concurrent Mark 610.273ms
[2267.530s][info][gc,marking     ] GC(375) Concurrent Rebuild Remembered Sets and Scrub Regions
[2267.889s][info][gc,marking     ] GC(375) Concurrent Rebuild Remembered Sets and Scrub Regions 358.601ms
[2267.889s][info][gc,start       ] GC(375) Pause Cleanup
[2267.889s][info][gc             ] GC(375) Pause Cleanup 1896M->1896M(4096M) 0.109ms
[2267.889s][info][gc,cpu         ] GC(375) User=0.00s Sys=0.00s Real=0.00s
[2267.889s][info][gc,marking     ] GC(375) Concurrent Clear Claimed Marks
[2267.889s][info][gc,marking     ] GC(375) Concurrent Clear Claimed Marks 0.032ms
[2267.889s][info][gc,marking     ] GC(375) Concurrent Cleanup for Next Mark
[2267.892s][info][gc,marking     ] GC(375) Concurrent Cleanup for Next Mark 3.475ms
[2267.892s][info][gc             ] GC(375) Concurrent Mark Cycle 1105.406ms
....[2271.874s][info][gc,start       ] GC(376) Pause Young (Prepare Mixed) (G1 Evacuation Pause)
[2271.874s][info][gc,task        ] GC(376) Using 6 workers of 6 for evacuation
[2271.988s][info][gc,phases      ] GC(376)   Pre Evacuate Collection Set: 0.34ms
[2271.988s][info][gc,phases      ] GC(376)   Merge Heap Roots: 0.52ms
[2271.988s][info][gc,phases      ] GC(376)   Evacuate Collection Set: 112.27ms
[2271.988s][info][gc,phases      ] GC(376)   Post Evacuate Collection Set: 0.94ms
[2271.988s][info][gc,phases      ] GC(376)   Other: 0.09ms
[2271.988s][info][gc,heap        ] GC(376) Eden regions: 1116->0(1115)
[2271.988s][info][gc,heap        ] GC(376) Survivor regions: 112->107(154)
[2271.988s][info][gc,heap        ] GC(376) Old regions: 504->536
[2271.988s][info][gc,heap        ] GC(376) Humongous regions: 80->80
[2271.988s][info][gc,metaspace   ] GC(376) Metaspace: 29003K(29376K)->29003K(29376K) NonClass: 24117K(24256K)->24117K(24256K) Class: 4886K(5120K)->4886K(5120K)
[2271.988s][info][gc             ] GC(376) Pause Young (Prepare Mixed) (G1 Evacuation Pause) 3623M->1445M(4096M) 114.305ms
[2271.988s][info][gc,cpu         ] GC(376) User=0.68s Sys=0.00s Real=0.11s
.....[2277.111s][info][gc,start       ] GC(377) Pause Young (Mixed) (G1 Evacuation Pause)
[2277.111s][info][gc,task        ] GC(377) Using 6 workers of 6 for evacuation
[2277.245s][info][gc,phases      ] GC(377)   Pre Evacuate Collection Set: 0.37ms
[2277.245s][info][gc,phases      ] GC(377)   Merge Heap Roots: 0.76ms
[2277.245s][info][gc,phases      ] GC(377)   Evacuate Collection Set: 131.40ms
[2277.245s][info][gc,phases      ] GC(377)   Post Evacuate Collection Set: 0.95ms
[2277.245s][info][gc,phases      ] GC(377)   Other: 0.09ms
[2277.245s][info][gc,heap        ] GC(377) Eden regions: 1115->0(1121)
[2277.245s][info][gc,heap        ] GC(377) Survivor regions: 107->107(153)
[2277.245s][info][gc,heap        ] GC(377) Old regions: 536->473
[2277.245s][info][gc,heap        ] GC(377) Humongous regions: 80->80
[2277.245s][info][gc,metaspace   ] GC(377) Metaspace: 29003K(29376K)->29003K(29376K) NonClass: 24117K(24256K)->24117K(24256K) Class: 4886K(5120K)->4886K(5120K)
[2277.245s][info][gc             ] GC(377) Pause Young (Mixed) (G1 Evacuation Pause) 3675M->1319M(4096M) 133.735ms
[2277.245s][info][gc,cpu         ] GC(377) User=0.80s Sys=0.00s Real=0.14s
......[2282.305s][info][gc,start       ] GC(378) Pause Young (Concurrent Start) (G1 Evacuation Pause)
[2282.305s][info][gc,task        ] GC(378) Using 6 workers of 6 for evacuation
[2282.424s][info][gc,phases      ] GC(378)   Pre Evacuate Collection Set: 0.43ms
[2282.424s][info][gc,phases      ] GC(378)   Merge Heap Roots: 0.52ms
[2282.424s][info][gc,phases      ] GC(378)   Evacuate Collection Set: 117.04ms
[2282.424s][info][gc,phases      ] GC(378)   Post Evacuate Collection Set: 0.88ms
[2282.424s][info][gc,phases      ] GC(378)   Other: 0.12ms
[2282.424s][info][gc,heap        ] GC(378) Eden regions: 1121->0(1118)
[2282.424s][info][gc,heap        ] GC(378) Survivor regions: 107->110(154)
[2282.424s][info][gc,heap        ] GC(378) Old regions: 473->504
[2282.424s][info][gc,heap        ] GC(378) Humongous regions: 80->80
[2282.424s][info][gc,metaspace   ] GC(378) Metaspace: 29003K(29376K)->29003K(29376K) NonClass: 24117K(24256K)->24117K(24256K) Class: 4886K(5120K)->4886K(5120K)
[2282.424s][info][gc             ] GC(378) Pause Young (Concurrent Start) (G1 Evacuation Pause) 3561M->1387M(4096M) 119.132ms
[2282.424s][info][gc             ] GC(379) Concurrent Mark Cycle
[2282.424s][info][gc,cpu         ] GC(378) User=0.71s Sys=0.00s Real=0.12s
[2282.424s][info][gc,marking     ] GC(379) Concurrent Scan Root Regions
[2282.554s][info][gc,marking     ] GC(379) Concurrent Scan Root Regions 129.393ms
[2282.554s][info][gc,marking     ] GC(379) Concurrent Mark
[2282.554s][info][gc,marking     ] GC(379) Concurrent Mark From Roots
[2282.554s][info][gc,task        ] GC(379) Using 2 workers of 2 for marking
[2283.170s][info][gc,marking     ] GC(379) Concurrent Mark From Roots 615.845ms
[2283.170s][info][gc,marking     ] GC(379) Concurrent Preclean
[2283.170s][info][gc,marking     ] GC(379) Concurrent Preclean 0.052ms
[2283.170s][info][gc,start       ] GC(379) Pause Remark
[2283.173s][info][gc             ] GC(379) Pause Remark 1757M->1757M(4096M) 3.390ms
[2283.173s][info][gc,cpu         ] GC(379) User=0.02s Sys=0.00s Real=0.01s
[2283.173s][info][gc,marking     ] GC(379) Concurrent Mark 619.538ms
[2283.173s][info][gc,marking     ] GC(379) Concurrent Rebuild Remembered Sets and Scrub Regions
.[2283.405s][info][gc,marking     ] GC(379) Concurrent Rebuild Remembered Sets and Scrub Regions 231.632ms
[2283.405s][info][gc,start       ] GC(379) Pause Cleanup
[2283.405s][info][gc             ] GC(379) Pause Cleanup 1856M->1856M(4096M) 0.121ms
[2283.405s][info][gc,cpu         ] GC(379) User=0.00s Sys=0.00s Real=0.00s
[2283.405s][info][gc,marking     ] GC(379) Concurrent Clear Claimed Marks
[2283.405s][info][gc,marking     ] GC(379) Concurrent Clear Claimed Marks 0.030ms
[2283.405s][info][gc,marking     ] GC(379) Concurrent Cleanup for Next Mark
[2283.409s][info][gc,marking     ] GC(379) Concurrent Cleanup for Next Mark 4.033ms
[2283.409s][info][gc             ] GC(379) Concurrent Mark Cycle 985.097ms
....[2287.625s][info][gc,start       ] GC(380) Pause Young (Prepare Mixed) (G1 Evacuation Pause)
[2287.625s][info][gc,task        ] GC(380) Using 6 workers of 6 for evacuation
[2287.741s][info][gc,phases      ] GC(380)   Pre Evacuate Collection Set: 0.34ms
[2287.741s][info][gc,phases      ] GC(380)   Merge Heap Roots: 0.53ms
[2287.741s][info][gc,phases      ] GC(380)   Evacuate Collection Set: 114.65ms
[2287.741s][info][gc,phases      ] GC(380)   Post Evacuate Collection Set: 0.92ms
[2287.741s][info][gc,phases      ] GC(380)   Other: 0.09ms
[2287.741s][info][gc,heap        ] GC(380) Eden regions: 1118->0(1111)
[2287.741s][info][gc,heap        ] GC(380) Survivor regions: 110->109(154)
[2287.741s][info][gc,heap        ] GC(380) Old regions: 504->536
[2287.741s][info][gc,heap        ] GC(380) Humongous regions: 80->80
[2287.741s][info][gc,metaspace   ] GC(380) Metaspace: 29003K(29376K)->29003K(29376K) NonClass: 24117K(24256K)->24117K(24256K) Class: 4886K(5120K)->4886K(5120K)
[2287.741s][info][gc             ] GC(380) Pause Young (Prepare Mixed) (G1 Evacuation Pause) 3623M->1449M(4096M) 116.674ms
[2287.741s][info][gc,cpu         ] GC(380) User=0.69s Sys=0.00s Real=0.11s
.....[2292.807s][info][gc,start       ] GC(381) Pause Young (Mixed) (G1 Evacuation Pause)
[2292.807s][info][gc,task        ] GC(381) Using 6 workers of 6 for evacuation
[2292.935s][info][gc,phases      ] GC(381)   Pre Evacuate Collection Set: 0.41ms
[2292.935s][info][gc,phases      ] GC(381)   Merge Heap Roots: 0.63ms
[2292.935s][info][gc,phases      ] GC(381)   Evacuate Collection Set: 125.82ms
[2292.935s][info][gc,phases      ] GC(381)   Post Evacuate Collection Set: 0.94ms
[2292.935s][info][gc,phases      ] GC(381)   Other: 0.09ms
[2292.935s][info][gc,heap        ] GC(381) Eden regions: 1111->0(1120)
[2292.935s][info][gc,heap        ] GC(381) Survivor regions: 109->108(153)
[2292.935s][info][gc,heap        ] GC(381) Old regions: 536->472
[2292.935s][info][gc,heap        ] GC(381) Humongous regions: 80->80
[2292.935s][info][gc,metaspace   ] GC(381) Metaspace: 29003K(29376K)->29003K(29376K) NonClass: 24117K(24256K)->24117K(24256K) Class: 4886K(5120K)->4886K(5120K)
[2292.935s][info][gc             ] GC(381) Pause Young (Mixed) (G1 Evacuation Pause) 3671M->1319M(4096M) 128.021ms
[2292.935s][info][gc,cpu         ] GC(381) User=0.77s Sys=0.00s Real=0.13s
.....[2298.046s][info][gc,start       ] GC(382) Pause Young (Concurrent Start) (G1 Evacuation Pause)
[2298.046s][info][gc,task        ] GC(382) Using 6 workers of 6 for evacuation
[2298.162s][info][gc,phases      ] GC(382)   Pre Evacuate Collection Set: 0.41ms
[2298.162s][info][gc,phases      ] GC(382)   Merge Heap Roots: 0.50ms
[2298.162s][info][gc,phases      ] GC(382)   Evacuate Collection Set: 113.65ms
[2298.162s][info][gc,phases      ] GC(382)   Post Evacuate Collection Set: 0.88ms
[2298.162s][info][gc,phases      ] GC(382)   Other: 0.13ms
[2298.162s][info][gc,heap        ] GC(382) Eden regions: 1120->0(1120)
[2298.162s][info][gc,heap        ] GC(382) Survivor regions: 108->108(154)
[2298.162s][info][gc,heap        ] GC(382) Old regions: 472->505
[2298.162s][info][gc,heap        ] GC(382) Humongous regions: 80->80
[2298.162s][info][gc,metaspace   ] GC(382) Metaspace: 29003K(29376K)->29003K(29376K) NonClass: 24117K(24256K)->24117K(24256K) Class: 4886K(5120K)->4886K(5120K)
[2298.162s][info][gc             ] GC(382) Pause Young (Concurrent Start) (G1 Evacuation Pause) 3559M->1384M(4096M) 115.683ms
[2298.162s][info][gc             ] GC(383) Concurrent Mark Cycle
[2298.162s][info][gc,marking     ] GC(383) Concurrent Scan Root Regions
[2298.162s][info][gc,cpu         ] GC(382) User=0.69s Sys=0.00s Real=0.11s
.[2298.291s][info][gc,marking     ] GC(383) Concurrent Scan Root Regions 129.430ms
[2298.291s][info][gc,marking     ] GC(383) Concurrent Mark
[2298.292s][info][gc,marking     ] GC(383) Concurrent Mark From Roots
[2298.292s][info][gc,task        ] GC(383) Using 2 workers of 2 for marking
[2298.823s][info][gc,marking     ] GC(383) Concurrent Mark From Roots 531.024ms
[2298.823s][info][gc,marking     ] GC(383) Concurrent Preclean
[2298.823s][info][gc,marking     ] GC(383) Concurrent Preclean 0.065ms
[2298.823s][info][gc,start       ] GC(383) Pause Remark
[2298.827s][info][gc             ] GC(383) Pause Remark 1703M->1703M(4096M) 3.815ms
[2298.827s][info][gc,cpu         ] GC(383) User=0.02s Sys=0.00s Real=0.01s
[2298.827s][info][gc,marking     ] GC(383) Concurrent Mark 535.171ms
[2298.827s][info][gc,marking     ] GC(383) Concurrent Rebuild Remembered Sets and Scrub Regions
[2299.030s][info][gc,marking     ] GC(383) Concurrent Rebuild Remembered Sets and Scrub Regions 202.850ms
[2299.030s][info][gc,start       ] GC(383) Pause Cleanup
[2299.031s][info][gc             ] GC(383) Pause Cleanup 1792M->1792M(4096M) 0.143ms
[2299.031s][info][gc,cpu         ] GC(383) User=0.00s Sys=0.00s Real=0.00s
[2299.031s][info][gc,marking     ] GC(383) Concurrent Clear Claimed Marks
[2299.031s][info][gc,marking     ] GC(383) Concurrent Clear Claimed Marks 0.038ms
[2299.031s][info][gc,marking     ] GC(383) Concurrent Cleanup for Next Mark
[2299.036s][info][gc,marking     ] GC(383) Concurrent Cleanup for Next Mark 4.639ms
[2299.036s][info][gc             ] GC(383) Concurrent Mark Cycle 873.632ms
....[2303.249s][info][gc,start       ] GC(384) Pause Young (Prepare Mixed) (G1 Evacuation Pause)
[2303.249s][info][gc,task        ] GC(384) Using 6 workers of 6 for evacuation
[2303.364s][info][gc,phases      ] GC(384)   Pre Evacuate Collection Set: 0.34ms
[2303.364s][info][gc,phases      ] GC(384)   Merge Heap Roots: 0.53ms
[2303.364s][info][gc,phases      ] GC(384)   Evacuate Collection Set: 113.15ms
[2303.365s][info][gc,phases      ] GC(384)   Post Evacuate Collection Set: 0.94ms
[2303.365s][info][gc,phases      ] GC(384)   Other: 0.09ms
[2303.365s][info][gc,heap        ] GC(384) Eden regions: 1120->0(1114)
[2303.365s][info][gc,heap        ] GC(384) Survivor regions: 108->107(154)
[2303.365s][info][gc,heap        ] GC(384) Old regions: 505->537
[2303.365s][info][gc,heap        ] GC(384) Humongous regions: 80->80
[2303.365s][info][gc,metaspace   ] GC(384) Metaspace: 29003K(29376K)->29003K(29376K) NonClass: 24117K(24256K)->24117K(24256K) Class: 4886K(5120K)->4886K(5120K)
[2303.365s][info][gc             ] GC(384) Pause Young (Prepare Mixed) (G1 Evacuation Pause) 3624M->1446M(4096M) 115.212ms
[2303.365s][info][gc,cpu         ] GC(384) User=0.69s Sys=0.00s Real=0.12s
......[2308.507s][info][gc,start       ] GC(385) Pause Young (Mixed) (G1 Evacuation Pause)
[2308.508s][info][gc,task        ] GC(385) Using 6 workers of 6 for evacuation
[2308.639s][info][gc,phases      ] GC(385)   Pre Evacuate Collection Set: 0.41ms
[2308.639s][info][gc,phases      ] GC(385)   Merge Heap Roots: 0.67ms
[2308.639s][info][gc,phases      ] GC(385)   Evacuate Collection Set: 129.60ms
[2308.639s][info][gc,phases      ] GC(385)   Post Evacuate Collection Set: 0.96ms
[2308.639s][info][gc,phases      ] GC(385)   Other: 0.09ms
[2308.639s][info][gc,heap        ] GC(385) Eden regions: 1114->0(1119)
[2308.639s][info][gc,heap        ] GC(385) Survivor regions: 107->109(153)
[2308.639s][info][gc,heap        ] GC(385) Old regions: 537->471
[2308.639s][info][gc,heap        ] GC(385) Humongous regions: 80->80
[2308.639s][info][gc,metaspace   ] GC(385) Metaspace: 29003K(29376K)->29003K(29376K) NonClass: 24117K(24256K)->24117K(24256K) Class: 4886K(5120K)->4886K(5120K)
[2308.639s][info][gc             ] GC(385) Pause Young (Mixed) (G1 Evacuation Pause) 3674M->1319M(4096M) 131.871ms
[2308.639s][info][gc,cpu         ] GC(385) User=0.78s Sys=0.00s Real=0.13s
... (rIR:aIR:PR = 3598:3599:3599) (tPR = 53121) [OK] 
  2311s: Performance info:
         Transaction,    Success,    Partial,     Failed,   Receipts, AvgBarcode, 
             Overall,     216634,          0,          0,     205794,      59.49, 
         Response times:
             Request,    Success,    Partial,     Failed,   SkipFail,     Probes,    Samples,      min,      p50,      p90,      p95,      p99,      max, 
       TotalPurchase,     205794,          0,          0,          0,     201385,     215935,      300,     2900,     4900,     6400,    28000,   194000,
     InStorePurchase,     108326,          0,          0,          0,     106240,     113842,      300,     3000,     4900,     6500,    29000,   194000,
      OnlinePurchase,      75819,          0,          0,          0,      74108,      79260,      300,     2900,     4800,     6400,    28000,   178000,
        InstPurchase,      21649,          0,          0,          0,      21037,      22833,      400,     2600,     4700,     6200,    26000,   175000,
          AssocOfCat,        216,          0,          0,          0,        163,        221,    19000,    29000,    39000,    49000,    72000,    75000,
      AssocOfProduct,       2168,          0,          0,          0,       1931,       2173,     1100,     3500,     5300,     7000,    26000,   136000,
      BusinessReport,        541,          0,          0,          0,        480,        596,    22000,    34000,    48000,    57000,    97030,   202000,
          CustBuyBeh,       2166,          0,          0,          0,       1942,       2201,     1400,     3800,     5800,     8490,    48000,   138000,
       ProductReturn,       5749,          0,          0,          0,       5343,       5894,      200,     2800,     4900,     6400,    37000,   142000,

  2311s: (27%)   IR =   3736 ..[2313.679s][info][gc,start       ] GC(386) Pause Young (Concurrent Start) (G1 Evacuation Pause)
[2313.679s][info][gc,task        ] GC(386) Using 6 workers of 6 for evacuation
[2313.799s][info][gc,phases      ] GC(386)   Pre Evacuate Collection Set: 0.41ms
[2313.799s][info][gc,phases      ] GC(386)   Merge Heap Roots: 0.52ms
[2313.799s][info][gc,phases      ] GC(386)   Evacuate Collection Set: 117.65ms
[2313.799s][info][gc,phases      ] GC(386)   Post Evacuate Collection Set: 0.90ms
[2313.799s][info][gc,phases      ] GC(386)   Other: 0.13ms
[2313.799s][info][gc,heap        ] GC(386) Eden regions: 1119->0(1117)
[2313.799s][info][gc,heap        ] GC(386) Survivor regions: 109->111(154)
[2313.799s][info][gc,heap        ] GC(386) Old regions: 471->503
[2313.799s][info][gc,heap        ] GC(386) Humongous regions: 80->80
[2313.799s][info][gc,metaspace   ] GC(386) Metaspace: 29003K(29376K)->29003K(29376K) NonClass: 24117K(24256K)->24117K(24256K) Class: 4886K(5120K)->4886K(5120K)
[2313.799s][info][gc             ] GC(386) Pause Young (Concurrent Start) (G1 Evacuation Pause) 3557M->1385M(4096M) 119.764ms
[2313.799s][info][gc             ] GC(387) Concurrent Mark Cycle
[2313.799s][info][gc,marking     ] GC(387) Concurrent Scan Root Regions
[2313.799s][info][gc,cpu         ] GC(386) User=0.71s Sys=0.00s Real=0.12s
[2313.915s][info][gc,marking     ] GC(387) Concurrent Scan Root Regions 116.020ms
[2313.915s][info][gc,marking     ] GC(387) Concurrent Mark
[2313.915s][info][gc,marking     ] GC(387) Concurrent Mark From Roots
[2313.915s][info][gc,task        ] GC(387) Using 2 workers of 2 for marking
.[2314.447s][info][gc,marking     ] GC(387) Concurrent Mark From Roots 532.479ms
[2314.448s][info][gc,marking     ] GC(387) Concurrent Preclean
[2314.448s][info][gc,marking     ] GC(387) Concurrent Preclean 0.066ms
[2314.448s][info][gc,start       ] GC(387) Pause Remark
[2314.452s][info][gc             ] GC(387) Pause Remark 1738M->1738M(4096M) 3.873ms
[2314.452s][info][gc,cpu         ] GC(387) User=0.02s Sys=0.00s Real=0.00s
[2314.452s][info][gc,marking     ] GC(387) Concurrent Mark 536.916ms
[2314.452s][info][gc,marking     ] GC(387) Concurrent Rebuild Remembered Sets and Scrub Regions
[2314.672s][info][gc,marking     ] GC(387) Concurrent Rebuild Remembered Sets and Scrub Regions 219.588ms
[2314.672s][info][gc,start       ] GC(387) Pause Cleanup
[2314.672s][info][gc             ] GC(387) Pause Cleanup 1825M->1825M(4096M) 0.110ms
[2314.672s][info][gc,cpu         ] GC(387) User=0.00s Sys=0.00s Real=0.00s
[2314.672s][info][gc,marking     ] GC(387) Concurrent Clear Claimed Marks
[2314.672s][info][gc,marking     ] GC(387) Concurrent Clear Claimed Marks 0.033ms
[2314.672s][info][gc,marking     ] GC(387) Concurrent Cleanup for Next Mark
[2314.676s][info][gc,marking     ] GC(387) Concurrent Cleanup for Next Mark 3.626ms
[2314.676s][info][gc             ] GC(387) Concurrent Mark Cycle 876.639ms
.|...[2318.719s][info][gc,start       ] GC(388) Pause Young (Prepare Mixed) (G1 Evacuation Pause)
[2318.719s][info][gc,task        ] GC(388) Using 6 workers of 6 for evacuation
[2318.834s][info][gc,phases      ] GC(388)   Pre Evacuate Collection Set: 0.36ms
[2318.834s][info][gc,phases      ] GC(388)   Merge Heap Roots: 0.54ms
[2318.834s][info][gc,phases      ] GC(388)   Evacuate Collection Set: 113.83ms
[2318.834s][info][gc,phases      ] GC(388)   Post Evacuate Collection Set: 0.95ms
[2318.835s][info][gc,phases      ] GC(388)   Other: 0.10ms
[2318.835s][info][gc,heap        ] GC(388) Eden regions: 1117->0(1116)
[2318.835s][info][gc,heap        ] GC(388) Survivor regions: 111->107(154)
[2318.835s][info][gc,heap        ] GC(388) Old regions: 503->535
[2318.835s][info][gc,heap        ] GC(388) Humongous regions: 80->80
[2318.835s][info][gc,metaspace   ] GC(388) Metaspace: 29003K(29376K)->29003K(29376K) NonClass: 24117K(24256K)->24117K(24256K) Class: 4886K(5120K)->4886K(5120K)
[2318.835s][info][gc             ] GC(388) Pause Young (Prepare Mixed) (G1 Evacuation Pause) 3619M->1442M(4096M) 115.913ms
[2318.835s][info][gc,cpu         ] GC(388) User=0.69s Sys=0.00s Real=0.12s
.....[2323.715s][info][gc,start       ] GC(389) Pause Young (Mixed) (G1 Evacuation Pause)
[2323.715s][info][gc,task        ] GC(389) Using 6 workers of 6 for evacuation
[2323.843s][info][gc,phases      ] GC(389)   Pre Evacuate Collection Set: 0.37ms
[2323.843s][info][gc,phases      ] GC(389)   Merge Heap Roots: 0.70ms
[2323.843s][info][gc,phases      ] GC(389)   Evacuate Collection Set: 126.00ms
[2323.843s][info][gc,phases      ] GC(389)   Post Evacuate Collection Set: 0.98ms
[2323.843s][info][gc,phases      ] GC(389)   Other: 0.09ms
[2323.843s][info][gc,heap        ] GC(389) Eden regions: 1116->0(1121)
[2323.843s][info][gc,heap        ] GC(389) Survivor regions: 107->107(153)
[2323.843s][info][gc,heap        ] GC(389) Old regions: 535->470
[2323.843s][info][gc,heap        ] GC(389) Humongous regions: 80->80
[2323.843s][info][gc,metaspace   ] GC(389) Metaspace: 29003K(29376K)->29003K(29376K) NonClass: 24117K(24256K)->24117K(24256K) Class: 4886K(5120K)->4886K(5120K)
[2323.843s][info][gc             ] GC(389) Pause Young (Mixed) (G1 Evacuation Pause) 3674M->1313M(4096M) 128.257ms
[2323.843s][info][gc,cpu         ] GC(389) User=0.76s Sys=0.00s Real=0.12s
.....[2328.733s][info][gc,start       ] GC(390) Pause Young (Concurrent Start) (G1 Evacuation Pause)
[2328.733s][info][gc,task        ] GC(390) Using 6 workers of 6 for evacuation
[2328.849s][info][gc,phases      ] GC(390)   Pre Evacuate Collection Set: 0.42ms
[2328.849s][info][gc,phases      ] GC(390)   Merge Heap Roots: 0.52ms
[2328.849s][info][gc,phases      ] GC(390)   Evacuate Collection Set: 114.77ms
[2328.849s][info][gc,phases      ] GC(390)   Post Evacuate Collection Set: 0.98ms
[2328.849s][info][gc,phases      ] GC(390)   Other: 0.13ms
[2328.849s][info][gc,heap        ] GC(390) Eden regions: 1121->0(1120)
[2328.849s][info][gc,heap        ] GC(390) Survivor regions: 107->108(154)
[2328.849s][info][gc,heap        ] GC(390) Old regions: 470->501
[2328.849s][info][gc,heap        ] GC(390) Humongous regions: 80->80
[2328.849s][info][gc,metaspace   ] GC(390) Metaspace: 29003K(29376K)->29003K(29376K) NonClass: 24117K(24256K)->24117K(24256K) Class: 4886K(5120K)->4886K(5120K)
[2328.849s][info][gc             ] GC(390) Pause Young (Concurrent Start) (G1 Evacuation Pause) 3555M->1376M(4096M) 116.956ms
[2328.850s][info][gc             ] GC(391) Concurrent Mark Cycle
[2328.850s][info][gc,marking     ] GC(391) Concurrent Scan Root Regions
[2328.850s][info][gc,cpu         ] GC(390) User=0.70s Sys=0.00s Real=0.12s
[2329.038s][info][gc,marking     ] GC(391) Concurrent Scan Root Regions 188.253ms
[2329.038s][info][gc,marking     ] GC(391) Concurrent Mark
[2329.038s][info][gc,marking     ] GC(391) Concurrent Mark From Roots
[2329.038s][info][gc,task        ] GC(391) Using 2 workers of 2 for marking
.[2329.658s][info][gc,marking     ] GC(391) Concurrent Mark From Roots 620.162ms
[2329.658s][info][gc,marking     ] GC(391) Concurrent Preclean
[2329.658s][info][gc,marking     ] GC(391) Concurrent Preclean 0.062ms
[2329.658s][info][gc,start       ] GC(391) Pause Remark
[2329.662s][info][gc             ] GC(391) Pause Remark 1769M->1769M(4096M) 3.981ms
[2329.662s][info][gc,cpu         ] GC(391) User=0.02s Sys=0.00s Real=0.00s
[2329.662s][info][gc,marking     ] GC(391) Concurrent Mark 624.514ms
[2329.662s][info][gc,marking     ] GC(391) Concurrent Rebuild Remembered Sets and Scrub Regions
[2329.888s][info][gc,marking     ] GC(391) Concurrent Rebuild Remembered Sets and Scrub Regions 225.699ms
[2329.888s][info][gc,start       ] GC(391) Pause Cleanup
[2329.888s][info][gc             ] GC(391) Pause Cleanup 1873M->1873M(4096M) 0.123ms
[2329.888s][info][gc,cpu         ] GC(391) User=0.00s Sys=0.00s Real=0.00s
[2329.888s][info][gc,marking     ] GC(391) Concurrent Clear Claimed Marks
[2329.888s][info][gc,marking     ] GC(391) Concurrent Clear Claimed Marks 0.034ms
[2329.888s][info][gc,marking     ] GC(391) Concurrent Cleanup for Next Mark
[2329.893s][info][gc,marking     ] GC(391) Concurrent Cleanup for Next Mark 4.576ms
[2329.893s][info][gc             ] GC(391) Concurrent Mark Cycle 1043.565ms
....[2333.888s][info][gc,start       ] GC(392) Pause Young (Prepare Mixed) (G1 Evacuation Pause)
[2333.888s][info][gc,task        ] GC(392) Using 6 workers of 6 for evacuation
[2334.003s][info][gc,phases      ] GC(392)   Pre Evacuate Collection Set: 0.38ms
[2334.003s][info][gc,phases      ] GC(392)   Merge Heap Roots: 0.55ms
[2334.003s][info][gc,phases      ] GC(392)   Evacuate Collection Set: 113.17ms
[2334.003s][info][gc,phases      ] GC(392)   Post Evacuate Collection Set: 0.92ms
[2334.003s][info][gc,phases      ] GC(392)   Other: 0.10ms
[2334.003s][info][gc,heap        ] GC(392) Eden regions: 1120->0(1116)
[2334.003s][info][gc,heap        ] GC(392) Survivor regions: 108->108(154)
[2334.003s][info][gc,heap        ] GC(392) Old regions: 501->533
[2334.003s][info][gc,heap        ] GC(392) Humongous regions: 80->80
[2334.003s][info][gc,metaspace   ] GC(392) Metaspace: 29003K(29376K)->29003K(29376K) NonClass: 24117K(24256K)->24117K(24256K) Class: 4886K(5120K)->4886K(5120K)
[2334.003s][info][gc             ] GC(392) Pause Young (Prepare Mixed) (G1 Evacuation Pause) 3616M->1439M(4096M) 115.261ms
[2334.003s][info][gc,cpu         ] GC(392) User=0.68s Sys=0.00s Real=0.12s
.....[2338.909s][info][gc,start       ] GC(393) Pause Young (Mixed) (G1 Evacuation Pause)
[2338.909s][info][gc,task        ] GC(393) Using 6 workers of 6 for evacuation
[2339.037s][info][gc,phases      ] GC(393)   Pre Evacuate Collection Set: 0.41ms
[2339.037s][info][gc,phases      ] GC(393)   Merge Heap Roots: 0.66ms
[2339.037s][info][gc,phases      ] GC(393)   Evacuate Collection Set: 126.59ms
[2339.037s][info][gc,phases      ] GC(393)   Post Evacuate Collection Set: 0.94ms
[2339.037s][info][gc,phases      ] GC(393)   Other: 0.09ms
[2339.037s][info][gc,heap        ] GC(393) Eden regions: 1116->0(1120)
[2339.037s][info][gc,heap        ] GC(393) Survivor regions: 108->108(153)
[2339.037s][info][gc,heap        ] GC(393) Old regions: 533->470
[2339.037s][info][gc,heap        ] GC(393) Humongous regions: 80->80
[2339.037s][info][gc,metaspace   ] GC(393) Metaspace: 29003K(29376K)->29003K(29376K) NonClass: 24117K(24256K)->24117K(24256K) Class: 4886K(5120K)->4886K(5120K)
[2339.037s][info][gc             ] GC(393) Pause Young (Mixed) (G1 Evacuation Pause) 3671M->1313M(4096M) 128.821ms
[2339.038s][info][gc,cpu         ] GC(393) User=0.77s Sys=0.00s Real=0.13s
.....[2343.919s][info][gc,start       ] GC(394) Pause Young (Concurrent Start) (G1 Evacuation Pause)
[2343.919s][info][gc,task        ] GC(394) Using 6 workers of 6 for evacuation
[2344.033s][info][gc,phases      ] GC(394)   Pre Evacuate Collection Set: 0.43ms
[2344.033s][info][gc,phases      ] GC(394)   Merge Heap Roots: 0.50ms
[2344.033s][info][gc,phases      ] GC(394)   Evacuate Collection Set: 112.40ms
[2344.033s][info][gc,phases      ] GC(394)   Post Evacuate Collection Set: 0.92ms
[2344.033s][info][gc,phases      ] GC(394)   Other: 0.11ms
[2344.033s][info][gc,heap        ] GC(394) Eden regions: 1120->0(1121)
[2344.033s][info][gc,heap        ] GC(394) Survivor regions: 108->107(154)
[2344.033s][info][gc,heap        ] GC(394) Old regions: 470->502
[2344.033s][info][gc,heap        ] GC(394) Humongous regions: 80->80
[2344.033s][info][gc,metaspace   ] GC(394) Metaspace: 29003K(29376K)->29003K(29376K) NonClass: 24117K(24256K)->24117K(24256K) Class: 4886K(5120K)->4886K(5120K)
[2344.033s][info][gc             ] GC(394) Pause Young (Concurrent Start) (G1 Evacuation Pause) 3553M->1375M(4096M) 114.508ms
[2344.033s][info][gc             ] GC(395) Concurrent Mark Cycle
[2344.033s][info][gc,marking     ] GC(395) Concurrent Scan Root Regions
[2344.033s][info][gc,cpu         ] GC(394) User=0.68s Sys=0.00s Real=0.12s
[2344.201s][info][gc,marking     ] GC(395) Concurrent Scan Root Regions 167.394ms
[2344.201s][info][gc,marking     ] GC(395) Concurrent Mark
[2344.201s][info][gc,marking     ] GC(395) Concurrent Mark From Roots
[2344.201s][info][gc,task        ] GC(395) Using 2 workers of 2 for marking
.[2344.850s][info][gc,marking     ] GC(395) Concurrent Mark From Roots 649.195ms
[2344.850s][info][gc,marking     ] GC(395) Concurrent Preclean
[2344.850s][info][gc,marking     ] GC(395) Concurrent Preclean 0.088ms
[2344.851s][info][gc,start       ] GC(395) Pause Remark
[2344.855s][info][gc             ] GC(395) Pause Remark 1783M->1783M(4096M) 3.860ms
[2344.855s][info][gc,cpu         ] GC(395) User=0.02s Sys=0.00s Real=0.01s
[2344.856s][info][gc,marking     ] GC(395) Concurrent Mark 655.516ms
[2344.856s][info][gc,marking     ] GC(395) Concurrent Rebuild Remembered Sets and Scrub Regions
[2345.095s][info][gc,marking     ] GC(395) Concurrent Rebuild Remembered Sets and Scrub Regions 238.732ms
[2345.095s][info][gc,start       ] GC(395) Pause Cleanup
[2345.096s][info][gc             ] GC(395) Pause Cleanup 1891M->1891M(4096M) 0.126ms
[2345.096s][info][gc,cpu         ] GC(395) User=0.00s Sys=0.00s Real=0.00s
[2345.096s][info][gc,marking     ] GC(395) Concurrent Clear Claimed Marks
[2345.096s][info][gc,marking     ] GC(395) Concurrent Clear Claimed Marks 0.038ms
[2345.096s][info][gc,marking     ] GC(395) Concurrent Cleanup for Next Mark
[2345.100s][info][gc,marking     ] GC(395) Concurrent Cleanup for Next Mark 4.118ms
[2345.100s][info][gc             ] GC(395) Concurrent Mark Cycle 1066.799ms
....[2349.004s][info][gc,start       ] GC(396) Pause Young (Prepare Mixed) (G1 Evacuation Pause)
[2349.004s][info][gc,task        ] GC(396) Using 6 workers of 6 for evacuation
[2349.124s][info][gc,phases      ] GC(396)   Pre Evacuate Collection Set: 0.34ms
[2349.124s][info][gc,phases      ] GC(396)   Merge Heap Roots: 0.51ms
[2349.124s][info][gc,phases      ] GC(396)   Evacuate Collection Set: 117.67ms
[2349.124s][info][gc,phases      ] GC(396)   Post Evacuate Collection Set: 0.91ms
[2349.124s][info][gc,phases      ] GC(396)   Other: 0.09ms
[2349.124s][info][gc,heap        ] GC(396) Eden regions: 1121->0(1111)
[2349.124s][info][gc,heap        ] GC(396) Survivor regions: 107->110(154)
[2349.124s][info][gc,heap        ] GC(396) Old regions: 502->534
[2349.124s][info][gc,heap        ] GC(396) Humongous regions: 80->80
[2349.124s][info][gc,metaspace   ] GC(396) Metaspace: 29003K(29376K)->29003K(29376K) NonClass: 24117K(24256K)->24117K(24256K) Class: 4886K(5120K)->4886K(5120K)
[2349.124s][info][gc             ] GC(396) Pause Young (Prepare Mixed) (G1 Evacuation Pause) 3617M->1446M(4096M) 119.659ms
[2349.124s][info][gc,cpu         ] GC(396) User=0.71s Sys=0.00s Real=0.12s
.....[2354.043s][info][gc,start       ] GC(397) Pause Young (Mixed) (G1 Evacuation Pause)
[2354.043s][info][gc,task        ] GC(397) Using 6 workers of 6 for evacuation
[2354.175s][info][gc,phases      ] GC(397)   Pre Evacuate Collection Set: 0.39ms
[2354.175s][info][gc,phases      ] GC(397)   Merge Heap Roots: 0.71ms
[2354.175s][info][gc,phases      ] GC(397)   Evacuate Collection Set: 130.09ms
[2354.175s][info][gc,phases      ] GC(397)   Post Evacuate Collection Set: 0.95ms
[2354.175s][info][gc,phases      ] GC(397)   Other: 0.09ms
[2354.175s][info][gc,heap        ] GC(397) Eden regions: 1111->0(1119)
[2354.175s][info][gc,heap        ] GC(397) Survivor regions: 110->109(153)
[2354.175s][info][gc,heap        ] GC(397) Old regions: 534->471
[2354.175s][info][gc,heap        ] GC(397) Humongous regions: 80->80
[2354.175s][info][gc,metaspace   ] GC(397) Metaspace: 29003K(29376K)->29003K(29376K) NonClass: 24117K(24256K)->24117K(24256K) Class: 4886K(5120K)->4886K(5120K)
[2354.175s][info][gc             ] GC(397) Pause Young (Mixed) (G1 Evacuation Pause) 3668M->1317M(4096M) 132.391ms
[2354.175s][info][gc,cpu         ] GC(397) User=0.78s Sys=0.00s Real=0.14s
.....[2359.017s][info][gc,start       ] GC(398) Pause Young (Concurrent Start) (G1 Evacuation Pause)
[2359.017s][info][gc,task        ] GC(398) Using 6 workers of 6 for evacuation
[2359.133s][info][gc,phases      ] GC(398)   Pre Evacuate Collection Set: 0.42ms
[2359.133s][info][gc,phases      ] GC(398)   Merge Heap Roots: 0.49ms
[2359.133s][info][gc,phases      ] GC(398)   Evacuate Collection Set: 113.54ms
[2359.133s][info][gc,phases      ] GC(398)   Post Evacuate Collection Set: 0.89ms
[2359.133s][info][gc,phases      ] GC(398)   Other: 0.10ms
[2359.133s][info][gc,heap        ] GC(398) Eden regions: 1119->0(1120)
[2359.133s][info][gc,heap        ] GC(398) Survivor regions: 109->108(154)
[2359.133s][info][gc,heap        ] GC(398) Old regions: 471->503
[2359.133s][info][gc,heap        ] GC(398) Humongous regions: 80->80
[2359.133s][info][gc,metaspace   ] GC(398) Metaspace: 29003K(29376K)->29003K(29376K) NonClass: 24117K(24256K)->24117K(24256K) Class: 4886K(5120K)->4886K(5120K)
[2359.133s][info][gc             ] GC(398) Pause Young (Concurrent Start) (G1 Evacuation Pause) 3555M->1380M(4096M) 115.587ms
[2359.133s][info][gc             ] GC(399) Concurrent Mark Cycle
[2359.133s][info][gc,marking     ] GC(399) Concurrent Scan Root Regions
[2359.133s][info][gc,cpu         ] GC(398) User=0.68s Sys=0.00s Real=0.11s
[2359.265s][info][gc,marking     ] GC(399) Concurrent Scan Root Regions 131.871ms
[2359.265s][info][gc,marking     ] GC(399) Concurrent Mark
[2359.265s][info][gc,marking     ] GC(399) Concurrent Mark From Roots
[2359.265s][info][gc,task        ] GC(399) Using 2 workers of 2 for marking
.[2359.870s][info][gc,marking     ] GC(399) Concurrent Mark From Roots 604.872ms
[2359.870s][info][gc,marking     ] GC(399) Concurrent Preclean
[2359.870s][info][gc,marking     ] GC(399) Concurrent Preclean 0.082ms
[2359.871s][info][gc,start       ] GC(399) Pause Remark
[2359.875s][info][gc             ] GC(399) Pause Remark 1766M->1766M(4096M) 4.002ms
[2359.875s][info][gc,cpu         ] GC(399) User=0.02s Sys=0.00s Real=0.01s
[2359.875s][info][gc,marking     ] GC(399) Concurrent Mark 610.507ms
[2359.875s][info][gc,marking     ] GC(399) Concurrent Rebuild Remembered Sets and Scrub Regions
[2360.098s][info][gc,marking     ] GC(399) Concurrent Rebuild Remembered Sets and Scrub Regions 222.496ms
[2360.098s][info][gc,start       ] GC(399) Pause Cleanup
[2360.098s][info][gc             ] GC(399) Pause Cleanup 1859M->1859M(4096M) 0.123ms
[2360.098s][info][gc,cpu         ] GC(399) User=0.00s Sys=0.00s Real=0.00s
[2360.098s][info][gc,marking     ] GC(399) Concurrent Clear Claimed Marks
[2360.098s][info][gc,marking     ] GC(399) Concurrent Clear Claimed Marks 0.034ms
[2360.098s][info][gc,marking     ] GC(399) Concurrent Cleanup for Next Mark
[2360.102s][info][gc,marking     ] GC(399) Concurrent Cleanup for Next Mark 3.488ms
[2360.102s][info][gc             ] GC(399) Concurrent Mark Cycle 968.868ms
....[2364.082s][info][gc,start       ] GC(400) Pause Young (Prepare Mixed) (G1 Evacuation Pause)
[2364.082s][info][gc,task        ] GC(400) Using 6 workers of 6 for evacuation
[2364.200s][info][gc,phases      ] GC(400)   Pre Evacuate Collection Set: 0.35ms
[2364.200s][info][gc,phases      ] GC(400)   Merge Heap Roots: 0.52ms
[2364.200s][info][gc,phases      ] GC(400)   Evacuate Collection Set: 115.79ms
[2364.200s][info][gc,phases      ] GC(400)   Post Evacuate Collection Set: 0.95ms
[2364.200s][info][gc,phases      ] GC(400)   Other: 0.09ms
[2364.200s][info][gc,heap        ] GC(400) Eden regions: 1120->0(1108)
[2364.200s][info][gc,heap        ] GC(400) Survivor regions: 108->111(154)
[2364.200s][info][gc,heap        ] GC(400) Old regions: 503->535
[2364.200s][info][gc,heap        ] GC(400) Humongous regions: 80->80
[2364.200s][info][gc,metaspace   ] GC(400) Metaspace: 29003K(29376K)->29003K(29376K) NonClass: 24117K(24256K)->24117K(24256K) Class: 4886K(5120K)->4886K(5120K)
[2364.200s][info][gc             ] GC(400) Pause Young (Prepare Mixed) (G1 Evacuation Pause) 3620M->1450M(4096M) 117.851ms
[2364.200s][info][gc,cpu         ] GC(400) User=0.70s Sys=0.00s Real=0.12s
.....[2369.123s][info][gc,start       ] GC(401) Pause Young (Mixed) (G1 Evacuation Pause)
[2369.123s][info][gc,task        ] GC(401) Using 6 workers of 6 for evacuation
[2369.254s][info][gc,phases      ] GC(401)   Pre Evacuate Collection Set: 0.37ms
[2369.254s][info][gc,phases      ] GC(401)   Merge Heap Roots: 0.74ms
[2369.254s][info][gc,phases      ] GC(401)   Evacuate Collection Set: 128.31ms
[2369.254s][info][gc,phases      ] GC(401)   Post Evacuate Collection Set: 0.97ms
[2369.254s][info][gc,phases      ] GC(401)   Other: 0.09ms
[2369.254s][info][gc,heap        ] GC(401) Eden regions: 1108->0(1120)
[2369.254s][info][gc,heap        ] GC(401) Survivor regions: 111->108(153)
[2369.254s][info][gc,heap        ] GC(401) Old regions: 535->472
[2369.254s][info][gc,heap        ] GC(401) Humongous regions: 80->80
[2369.254s][info][gc,metaspace   ] GC(401) Metaspace: 29003K(29376K)->29003K(29376K) NonClass: 24117K(24256K)->24117K(24256K) Class: 4886K(5120K)->4886K(5120K)
[2369.254s][info][gc             ] GC(401) Pause Young (Mixed) (G1 Evacuation Pause) 3666M->1318M(4096M) 130.614ms
[2369.254s][info][gc,cpu         ] GC(401) User=0.78s Sys=0.00s Real=0.14s
.....[2374.116s][info][gc,start       ] GC(402) Pause Young (Concurrent Start) (G1 Evacuation Pause)
[2374.116s][info][gc,task        ] GC(402) Using 6 workers of 6 for evacuation
[2374.236s][info][gc,phases      ] GC(402)   Pre Evacuate Collection Set: 0.40ms
[2374.236s][info][gc,phases      ] GC(402)   Merge Heap Roots: 0.48ms
[2374.236s][info][gc,phases      ] GC(402)   Evacuate Collection Set: 118.38ms
[2374.236s][info][gc,phases      ] GC(402)   Post Evacuate Collection Set: 0.92ms
[2374.236s][info][gc,phases      ] GC(402)   Other: 0.09ms
[2374.236s][info][gc,heap        ] GC(402) Eden regions: 1120->0(1117)
[2374.236s][info][gc,heap        ] GC(402) Survivor regions: 108->111(154)
[2374.236s][info][gc,heap        ] GC(402) Old regions: 472->504
[2374.236s][info][gc,heap        ] GC(402) Humongous regions: 80->80
[2374.236s][info][gc,metaspace   ] GC(402) Metaspace: 29003K(29376K)->29003K(29376K) NonClass: 24117K(24256K)->24117K(24256K) Class: 4886K(5120K)->4886K(5120K)
[2374.236s][info][gc             ] GC(402) Pause Young (Concurrent Start) (G1 Evacuation Pause) 3558M->1388M(4096M) 120.392ms
[2374.236s][info][gc             ] GC(403) Concurrent Mark Cycle
[2374.236s][info][gc,marking     ] GC(403) Concurrent Scan Root Regions
[2374.236s][info][gc,cpu         ] GC(402) User=0.72s Sys=0.00s Real=0.12s
[2374.378s][info][gc,marking     ] GC(403) Concurrent Scan Root Regions 141.899ms
[2374.378s][info][gc,marking     ] GC(403) Concurrent Mark
[2374.378s][info][gc,marking     ] GC(403) Concurrent Mark From Roots
[2374.378s][info][gc,task        ] GC(403) Using 2 workers of 2 for marking
.[2374.968s][info][gc,marking     ] GC(403) Concurrent Mark From Roots 589.109ms
[2374.968s][info][gc,marking     ] GC(403) Concurrent Preclean
[2374.968s][info][gc,marking     ] GC(403) Concurrent Preclean 0.066ms
[2374.968s][info][gc,start       ] GC(403) Pause Remark
[2374.972s][info][gc             ] GC(403) Pause Remark 1761M->1761M(4096M) 3.922ms
[2374.972s][info][gc,cpu         ] GC(403) User=0.02s Sys=0.00s Real=0.00s
[2374.972s][info][gc,marking     ] GC(403) Concurrent Mark 593.343ms
[2374.972s][info][gc,marking     ] GC(403) Concurrent Rebuild Remembered Sets and Scrub Regions
[2375.206s][info][gc,marking     ] GC(403) Concurrent Rebuild Remembered Sets and Scrub Regions 234.013ms
[2375.206s][info][gc,start       ] GC(403) Pause Cleanup
[2375.206s][info][gc             ] GC(403) Pause Cleanup 1884M->1884M(4096M) 0.122ms
[2375.206s][info][gc,cpu         ] GC(403) User=0.00s Sys=0.00s Real=0.00s
[2375.206s][info][gc,marking     ] GC(403) Concurrent Clear Claimed Marks
[2375.206s][info][gc,marking     ] GC(403) Concurrent Clear Claimed Marks 0.031ms
[2375.206s][info][gc,marking     ] GC(403) Concurrent Cleanup for Next Mark
[2375.210s][info][gc,marking     ] GC(403) Concurrent Cleanup for Next Mark 3.420ms
[2375.210s][info][gc             ] GC(403) Concurrent Mark Cycle 973.167ms
. (rIR:aIR:PR = 3736:3735:3735) (tPR = 55704) [OK] 
  2375s: Performance info:
         Transaction,    Success,    Partial,     Failed,   Receipts, AvgBarcode, 
             Overall,     224269,          0,          0,     213055,      59.48, 
         Response times:
             Request,    Success,    Partial,     Failed,   SkipFail,     Probes,    Samples,      min,      p50,      p90,      p95,      p99,      max, 
       TotalPurchase,     213055,          0,          0,          0,     210404,     224931,      300,     3000,     5300,     7600,    49680,   213000,
     InStorePurchase,     112118,          0,          0,          0,     110996,     118445,      300,     2900,     5300,     7500,    47000,   169000,
      OnlinePurchase,      78490,          0,          0,          0,      77472,      82726,      300,     3000,     5200,     7500,    50000,   213000,
        InstPurchase,      22447,          0,          0,          0,      21936,      23760,      400,     3600,     5700,     8100,    56390,   167000,
          AssocOfCat,        225,          0,          0,          0,        168,        236,    19300,    29000,    38300,    48000,    79640,   117000,
      AssocOfProduct,       2245,          0,          0,          0,       2040,       2311,      700,     2300,     4400,     6100,    25880,   158000,
      BusinessReport,        561,          0,          0,          0,        462,        595,    23000,    33000,    52000,    68200,   181480,   247000,
          CustBuyBeh,       2238,          0,          0,          0,       2094,       2407,      200,     2100,     4900,     7360,    39000,   137000,
       ProductReturn,       5945,          0,          0,          0,       5619,       6204,      200,     2700,     4900,     6875,    46000,   138000,

  2375s: (28%)   IR =   3874 ...[2379.111s][info][gc,start       ] GC(404) Pause Young (Prepare Mixed) (G1 Evacuation Pause)
[2379.111s][info][gc,task        ] GC(404) Using 6 workers of 6 for evacuation
[2379.227s][info][gc,phases      ] GC(404)   Pre Evacuate Collection Set: 0.35ms
[2379.227s][info][gc,phases      ] GC(404)   Merge Heap Roots: 0.50ms
[2379.227s][info][gc,phases      ] GC(404)   Evacuate Collection Set: 114.57ms
[2379.227s][info][gc,phases      ] GC(404)   Post Evacuate Collection Set: 0.95ms
[2379.227s][info][gc,phases      ] GC(404)   Other: 0.09ms
[2379.227s][info][gc,heap        ] GC(404) Eden regions: 1117->0(1114)
[2379.227s][info][gc,heap        ] GC(404) Survivor regions: 111->107(154)
[2379.227s][info][gc,heap        ] GC(404) Old regions: 504->537
[2379.227s][info][gc,heap        ] GC(404) Humongous regions: 80->80
[2379.227s][info][gc,metaspace   ] GC(404) Metaspace: 29003K(29376K)->29003K(29376K) NonClass: 24117K(24256K)->24117K(24256K) Class: 4886K(5120K)->4886K(5120K)
[2379.228s][info][gc             ] GC(404) Pause Young (Prepare Mixed) (G1 Evacuation Pause) 3622M->1446M(4096M) 116.583ms
[2379.228s][info][gc,cpu         ] GC(404) User=0.69s Sys=0.00s Real=0.12s
...|..[2383.947s][info][gc,start       ] GC(405) Pause Young (Mixed) (G1 Evacuation Pause)
[2383.947s][info][gc,task        ] GC(405) Using 6 workers of 6 for evacuation
[2384.078s][info][gc,phases      ] GC(405)   Pre Evacuate Collection Set: 0.37ms
[2384.078s][info][gc,phases      ] GC(405)   Merge Heap Roots: 0.69ms
[2384.078s][info][gc,phases      ] GC(405)   Evacuate Collection Set: 128.82ms
[2384.078s][info][gc,phases      ] GC(405)   Post Evacuate Collection Set: 0.98ms
[2384.078s][info][gc,phases      ] GC(405)   Other: 0.09ms
[2384.078s][info][gc,heap        ] GC(405) Eden regions: 1114->0(1119)
[2384.078s][info][gc,heap        ] GC(405) Survivor regions: 107->109(153)
[2384.078s][info][gc,heap        ] GC(405) Old regions: 537->472
[2384.078s][info][gc,heap        ] GC(405) Humongous regions: 80->80
[2384.078s][info][gc,metaspace   ] GC(405) Metaspace: 29003K(29376K)->29003K(29376K) NonClass: 24117K(24256K)->24117K(24256K) Class: 4886K(5120K)->4886K(5120K)
[2384.078s][info][gc             ] GC(405) Pause Young (Mixed) (G1 Evacuation Pause) 3674M->1321M(4096M) 131.085ms
[2384.078s][info][gc,cpu         ] GC(405) User=0.78s Sys=0.00s Real=0.13s
.....[2388.784s][info][gc,start       ] GC(406) Pause Young (Concurrent Start) (G1 Evacuation Pause)
[2388.784s][info][gc,task        ] GC(406) Using 6 workers of 6 for evacuation
[2388.899s][info][gc,phases      ] GC(406)   Pre Evacuate Collection Set: 0.36ms
[2388.899s][info][gc,phases      ] GC(406)   Merge Heap Roots: 0.51ms
[2388.899s][info][gc,phases      ] GC(406)   Evacuate Collection Set: 113.22ms
[2388.899s][info][gc,phases      ] GC(406)   Post Evacuate Collection Set: 0.88ms
[2388.899s][info][gc,phases      ] GC(406)   Other: 0.11ms
[2388.899s][info][gc,heap        ] GC(406) Eden regions: 1119->0(1121)
[2388.899s][info][gc,heap        ] GC(406) Survivor regions: 109->107(154)
[2388.899s][info][gc,heap        ] GC(406) Old regions: 472->504
[2388.899s][info][gc,heap        ] GC(406) Humongous regions: 80->80
[2388.899s][info][gc,metaspace   ] GC(406) Metaspace: 29003K(29376K)->29003K(29376K) NonClass: 24117K(24256K)->24117K(24256K) Class: 4886K(5120K)->4886K(5120K)
[2388.899s][info][gc             ] GC(406) Pause Young (Concurrent Start) (G1 Evacuation Pause) 3559M->1381M(4096M) 115.205ms
[2388.899s][info][gc             ] GC(407) Concurrent Mark Cycle
[2388.899s][info][gc,marking     ] GC(407) Concurrent Scan Root Regions
[2388.899s][info][gc,cpu         ] GC(406) User=0.69s Sys=0.00s Real=0.11s
[2389.026s][info][gc,marking     ] GC(407) Concurrent Scan Root Regions 127.484ms
[2389.026s][info][gc,marking     ] GC(407) Concurrent Mark
[2389.026s][info][gc,marking     ] GC(407) Concurrent Mark From Roots
[2389.026s][info][gc,task        ] GC(407) Using 2 workers of 2 for marking
.[2389.618s][info][gc,marking     ] GC(407) Concurrent Mark From Roots 592.162ms
[2389.618s][info][gc,marking     ] GC(407) Concurrent Preclean
[2389.619s][info][gc,marking     ] GC(407) Concurrent Preclean 0.066ms
[2389.619s][info][gc,start       ] GC(407) Pause Remark
[2389.622s][info][gc             ] GC(407) Pause Remark 1755M->1755M(4096M) 3.760ms
[2389.622s][info][gc,cpu         ] GC(407) User=0.02s Sys=0.00s Real=0.00s
[2389.623s][info][gc,marking     ] GC(407) Concurrent Mark 596.237ms
[2389.623s][info][gc,marking     ] GC(407) Concurrent Rebuild Remembered Sets and Scrub Regions
[2389.893s][info][gc,marking     ] GC(407) Concurrent Rebuild Remembered Sets and Scrub Regions 270.920ms
[2389.894s][info][gc,start       ] GC(407) Pause Cleanup
[2389.894s][info][gc             ] GC(407) Pause Cleanup 1869M->1869M(4096M) 0.127ms
[2389.894s][info][gc,cpu         ] GC(407) User=0.00s Sys=0.00s Real=0.00s
[2389.894s][info][gc,marking     ] GC(407) Concurrent Clear Claimed Marks
[2389.894s][info][gc,marking     ] GC(407) Concurrent Clear Claimed Marks 0.033ms
[2389.894s][info][gc,marking     ] GC(407) Concurrent Cleanup for Next Mark
[2389.898s][info][gc,marking     ] GC(407) Concurrent Cleanup for Next Mark 4.155ms
[2389.898s][info][gc             ] GC(407) Concurrent Mark Cycle 999.524ms
....[2393.688s][info][gc,start       ] GC(408) Pause Young (Prepare Mixed) (G1 Evacuation Pause)
[2393.688s][info][gc,task        ] GC(408) Using 6 workers of 6 for evacuation
[2393.802s][info][gc,phases      ] GC(408)   Pre Evacuate Collection Set: 0.34ms
[2393.802s][info][gc,phases      ] GC(408)   Merge Heap Roots: 0.53ms
[2393.802s][info][gc,phases      ] GC(408)   Evacuate Collection Set: 112.24ms
[2393.802s][info][gc,phases      ] GC(408)   Post Evacuate Collection Set: 0.94ms
[2393.802s][info][gc,phases      ] GC(408)   Other: 0.09ms
[2393.802s][info][gc,heap        ] GC(408) Eden regions: 1121->0(1114)
[2393.802s][info][gc,heap        ] GC(408) Survivor regions: 107->107(154)
[2393.802s][info][gc,heap        ] GC(408) Old regions: 504->537
[2393.802s][info][gc,heap        ] GC(408) Humongous regions: 80->80
[2393.802s][info][gc,metaspace   ] GC(408) Metaspace: 29003K(29376K)->29003K(29376K) NonClass: 24117K(24256K)->24117K(24256K) Class: 4886K(5120K)->4886K(5120K)
[2393.802s][info][gc             ] GC(408) Pause Young (Prepare Mixed) (G1 Evacuation Pause) 3623M->1446M(4096M) 114.274ms
[2393.802s][info][gc,cpu         ] GC(408) User=0.68s Sys=0.00s Real=0.11s
.....[2398.524s][info][gc,start       ] GC(409) Pause Young (Mixed) (G1 Evacuation Pause)
[2398.524s][info][gc,task        ] GC(409) Using 6 workers of 6 for evacuation
[2398.655s][info][gc,phases      ] GC(409)   Pre Evacuate Collection Set: 0.38ms
[2398.655s][info][gc,phases      ] GC(409)   Merge Heap Roots: 0.65ms
[2398.655s][info][gc,phases      ] GC(409)   Evacuate Collection Set: 128.43ms
[2398.655s][info][gc,phases      ] GC(409)   Post Evacuate Collection Set: 0.99ms
[2398.655s][info][gc,phases      ] GC(409)   Other: 0.09ms
[2398.655s][info][gc,heap        ] GC(409) Eden regions: 1114->0(1119)
[2398.655s][info][gc,heap        ] GC(409) Survivor regions: 107->109(153)
[2398.655s][info][gc,heap        ] GC(409) Old regions: 537->473
[2398.655s][info][gc,heap        ] GC(409) Humongous regions: 80->80
[2398.655s][info][gc,metaspace   ] GC(409) Metaspace: 29003K(29376K)->29003K(29376K) NonClass: 24117K(24256K)->24117K(24256K) Class: 4886K(5120K)->4886K(5120K)
[2398.655s][info][gc             ] GC(409) Pause Young (Mixed) (G1 Evacuation Pause) 3674M->1322M(4096M) 130.674ms
[2398.655s][info][gc,cpu         ] GC(409) User=0.77s Sys=0.00s Real=0.13s
....[2403.394s][info][gc,start       ] GC(410) Pause Young (Concurrent Start) (G1 Evacuation Pause)
[2403.394s][info][gc,task        ] GC(410) Using 6 workers of 6 for evacuation
[2403.512s][info][gc,phases      ] GC(410)   Pre Evacuate Collection Set: 0.37ms
[2403.512s][info][gc,phases      ] GC(410)   Merge Heap Roots: 0.48ms
[2403.512s][info][gc,phases      ] GC(410)   Evacuate Collection Set: 116.50ms
[2403.512s][info][gc,phases      ] GC(410)   Post Evacuate Collection Set: 0.91ms
[2403.512s][info][gc,phases      ] GC(410)   Other: 0.11ms
[2403.512s][info][gc,heap        ] GC(410) Eden regions: 1119->0(1118)
[2403.512s][info][gc,heap        ] GC(410) Survivor regions: 109->110(154)
[2403.512s][info][gc,heap        ] GC(410) Old regions: 473->504
[2403.512s][info][gc,heap        ] GC(410) Humongous regions: 80->80
[2403.512s][info][gc,metaspace   ] GC(410) Metaspace: 29003K(29376K)->29003K(29376K) NonClass: 24117K(24256K)->24117K(24256K) Class: 4886K(5120K)->4886K(5120K)
[2403.512s][info][gc             ] GC(410) Pause Young (Concurrent Start) (G1 Evacuation Pause) 3560M->1386M(4096M) 118.522ms
[2403.512s][info][gc             ] GC(411) Concurrent Mark Cycle
[2403.512s][info][gc,marking     ] GC(411) Concurrent Scan Root Regions
[2403.512s][info][gc,cpu         ] GC(410) User=0.70s Sys=0.00s Real=0.11s
.[2403.668s][info][gc,marking     ] GC(411) Concurrent Scan Root Regions 155.932ms
[2403.668s][info][gc,marking     ] GC(411) Concurrent Mark
[2403.668s][info][gc,marking     ] GC(411) Concurrent Mark From Roots
[2403.668s][info][gc,task        ] GC(411) Using 2 workers of 2 for marking
[2404.348s][info][gc,marking     ] GC(411) Concurrent Mark From Roots 680.391ms
[2404.349s][info][gc,marking     ] GC(411) Concurrent Preclean
[2404.349s][info][gc,marking     ] GC(411) Concurrent Preclean 0.047ms
[2404.349s][info][gc,start       ] GC(411) Pause Remark
[2404.353s][info][gc             ] GC(411) Pause Remark 1807M->1807M(4096M) 3.948ms
[2404.353s][info][gc,cpu         ] GC(411) User=0.02s Sys=0.00s Real=0.00s
[2404.353s][info][gc,marking     ] GC(411) Concurrent Mark 684.629ms
[2404.353s][info][gc,marking     ] GC(411) Concurrent Rebuild Remembered Sets and Scrub Regions
.[2404.608s][info][gc,marking     ] GC(411) Concurrent Rebuild Remembered Sets and Scrub Regions 255.106ms
[2404.608s][info][gc,start       ] GC(411) Pause Cleanup
[2404.608s][info][gc             ] GC(411) Pause Cleanup 1936M->1936M(4096M) 0.136ms
[2404.608s][info][gc,cpu         ] GC(411) User=0.00s Sys=0.00s Real=0.00s
[2404.608s][info][gc,marking     ] GC(411) Concurrent Clear Claimed Marks
[2404.608s][info][gc,marking     ] GC(411) Concurrent Clear Claimed Marks 0.034ms
[2404.608s][info][gc,marking     ] GC(411) Concurrent Cleanup for Next Mark
[2404.611s][info][gc,marking     ] GC(411) Concurrent Cleanup for Next Mark 3.220ms
[2404.611s][info][gc             ] GC(411) Concurrent Mark Cycle 1099.371ms
...[2408.211s][info][gc,start       ] GC(412) Pause Young (Prepare Mixed) (G1 Evacuation Pause)
[2408.211s][info][gc,task        ] GC(412) Using 6 workers of 6 for evacuation
[2408.329s][info][gc,phases      ] GC(412)   Pre Evacuate Collection Set: 0.34ms
[2408.329s][info][gc,phases      ] GC(412)   Merge Heap Roots: 0.50ms
[2408.329s][info][gc,phases      ] GC(412)   Evacuate Collection Set: 116.29ms
[2408.329s][info][gc,phases      ] GC(412)   Post Evacuate Collection Set: 0.93ms
[2408.329s][info][gc,phases      ] GC(412)   Other: 0.09ms
[2408.329s][info][gc,heap        ] GC(412) Eden regions: 1118->0(1109)
[2408.329s][info][gc,heap        ] GC(412) Survivor regions: 110->110(154)
[2408.329s][info][gc,heap        ] GC(412) Old regions: 504->536
[2408.329s][info][gc,heap        ] GC(412) Humongous regions: 80->80
[2408.329s][info][gc,metaspace   ] GC(412) Metaspace: 29003K(29376K)->29003K(29376K) NonClass: 24117K(24256K)->24117K(24256K) Class: 4886K(5120K)->4886K(5120K)
[2408.329s][info][gc             ] GC(412) Pause Young (Prepare Mixed) (G1 Evacuation Pause) 3622M->1449M(4096M) 118.289ms
[2408.329s][info][gc,cpu         ] GC(412) User=0.71s Sys=0.01s Real=0.12s
.....[2413.072s][info][gc,start       ] GC(413) Pause Young (Mixed) (G1 Evacuation Pause)
[2413.072s][info][gc,task        ] GC(413) Using 6 workers of 6 for evacuation
[2413.208s][info][gc,phases      ] GC(413)   Pre Evacuate Collection Set: 0.37ms
[2413.208s][info][gc,phases      ] GC(413)   Merge Heap Roots: 0.74ms
[2413.208s][info][gc,phases      ] GC(413)   Evacuate Collection Set: 133.88ms
[2413.208s][info][gc,phases      ] GC(413)   Post Evacuate Collection Set: 0.93ms
[2413.208s][info][gc,phases      ] GC(413)   Other: 0.09ms
[2413.208s][info][gc,heap        ] GC(413) Eden regions: 1109->0(1115)
[2413.208s][info][gc,heap        ] GC(413) Survivor regions: 110->113(153)
[2413.208s][info][gc,heap        ] GC(413) Old regions: 536->470
[2413.208s][info][gc,heap        ] GC(413) Humongous regions: 80->80
[2413.208s][info][gc,metaspace   ] GC(413) Metaspace: 29003K(29376K)->29003K(29376K) NonClass: 24117K(24256K)->24117K(24256K) Class: 4886K(5120K)->4886K(5120K)
[2413.208s][info][gc             ] GC(413) Pause Young (Mixed) (G1 Evacuation Pause) 3667M->1324M(4096M) 136.152ms
[2413.208s][info][gc,cpu         ] GC(413) User=0.81s Sys=0.00s Real=0.14s
.....[2417.893s][info][gc,start       ] GC(414) Pause Young (Concurrent Start) (G1 Evacuation Pause)
[2417.893s][info][gc,task        ] GC(414) Using 6 workers of 6 for evacuation
[2418.011s][info][gc,phases      ] GC(414)   Pre Evacuate Collection Set: 0.41ms
[2418.011s][info][gc,phases      ] GC(414)   Merge Heap Roots: 0.53ms
[2418.011s][info][gc,phases      ] GC(414)   Evacuate Collection Set: 116.27ms
[2418.011s][info][gc,phases      ] GC(414)   Post Evacuate Collection Set: 0.89ms
[2418.011s][info][gc,phases      ] GC(414)   Other: 0.11ms
[2418.011s][info][gc,heap        ] GC(414) Eden regions: 1115->0(1118)
[2418.011s][info][gc,heap        ] GC(414) Survivor regions: 113->110(154)
[2418.011s][info][gc,heap        ] GC(414) Old regions: 470->502
[2418.011s][info][gc,heap        ] GC(414) Humongous regions: 80->80
[2418.011s][info][gc,metaspace   ] GC(414) Metaspace: 29003K(29376K)->29003K(29376K) NonClass: 24117K(24256K)->24117K(24256K) Class: 4886K(5120K)->4886K(5120K)
[2418.011s][info][gc             ] GC(414) Pause Young (Concurrent Start) (G1 Evacuation Pause) 3554M->1382M(4096M) 118.332ms
[2418.011s][info][gc             ] GC(415) Concurrent Mark Cycle
[2418.011s][info][gc,marking     ] GC(415) Concurrent Scan Root Regions
[2418.011s][info][gc,cpu         ] GC(414) User=0.70s Sys=0.00s Real=0.12s
[2418.188s][info][gc,marking     ] GC(415) Concurrent Scan Root Regions 177.117ms
[2418.188s][info][gc,marking     ] GC(415) Concurrent Mark
[2418.188s][info][gc,marking     ] GC(415) Concurrent Mark From Roots
[2418.188s][info][gc,task        ] GC(415) Using 2 workers of 2 for marking
.[2418.845s][info][gc,marking     ] GC(415) Concurrent Mark From Roots 657.038ms
[2418.845s][info][gc,marking     ] GC(415) Concurrent Preclean
[2418.845s][info][gc,marking     ] GC(415) Concurrent Preclean 0.067ms
[2418.845s][info][gc,start       ] GC(415) Pause Remark
[2418.849s][info][gc             ] GC(415) Pause Remark 1807M->1807M(4096M) 3.970ms
[2418.849s][info][gc,cpu         ] GC(415) User=0.02s Sys=0.00s Real=0.00s
[2418.849s][info][gc,marking     ] GC(415) Concurrent Mark 661.339ms
[2418.849s][info][gc,marking     ] GC(415) Concurrent Rebuild Remembered Sets and Scrub Regions
[2419.114s][info][gc,marking     ] GC(415) Concurrent Rebuild Remembered Sets and Scrub Regions 264.963ms
[2419.115s][info][gc,start       ] GC(415) Pause Cleanup
[2419.115s][info][gc             ] GC(415) Pause Cleanup 1943M->1943M(4096M) 0.117ms
[2419.115s][info][gc,cpu         ] GC(415) User=0.00s Sys=0.00s Real=0.00s
[2419.115s][info][gc,marking     ] GC(415) Concurrent Clear Claimed Marks
[2419.115s][info][gc,marking     ] GC(415) Concurrent Clear Claimed Marks 0.031ms
[2419.115s][info][gc,marking     ] GC(415) Concurrent Cleanup for Next Mark
[2419.119s][info][gc,marking     ] GC(415) Concurrent Cleanup for Next Mark 4.115ms
[2419.119s][info][gc             ] GC(415) Concurrent Mark Cycle 1107.972ms
....[2422.732s][info][gc,start       ] GC(416) Pause Young (Prepare Mixed) (G1 Evacuation Pause)
[2422.732s][info][gc,task        ] GC(416) Using 6 workers of 6 for evacuation
[2422.847s][info][gc,phases      ] GC(416)   Pre Evacuate Collection Set: 0.34ms
[2422.847s][info][gc,phases      ] GC(416)   Merge Heap Roots: 0.52ms
[2422.847s][info][gc,phases      ] GC(416)   Evacuate Collection Set: 112.42ms
[2422.847s][info][gc,phases      ] GC(416)   Post Evacuate Collection Set: 0.93ms
[2422.847s][info][gc,phases      ] GC(416)   Other: 0.09ms
[2422.847s][info][gc,heap        ] GC(416) Eden regions: 1118->0(1117)
[2422.847s][info][gc,heap        ] GC(416) Survivor regions: 110->107(154)
[2422.847s][info][gc,heap        ] GC(416) Old regions: 502->534
[2422.847s][info][gc,heap        ] GC(416) Humongous regions: 80->80
[2422.847s][info][gc,metaspace   ] GC(416) Metaspace: 29004K(29376K)->29004K(29376K) NonClass: 24118K(24256K)->24118K(24256K) Class: 4886K(5120K)->4886K(5120K)
[2422.847s][info][gc             ] GC(416) Pause Young (Prepare Mixed) (G1 Evacuation Pause) 3618M->1441M(4096M) 114.422ms
[2422.847s][info][gc,cpu         ] GC(416) User=0.68s Sys=0.00s Real=0.12s
.....[2427.668s][info][gc,start       ] GC(417) Pause Young (Mixed) (G1 Evacuation Pause)
[2427.668s][info][gc,task        ] GC(417) Using 6 workers of 6 for evacuation
[2427.800s][info][gc,phases      ] GC(417)   Pre Evacuate Collection Set: 0.41ms
[2427.800s][info][gc,phases      ] GC(417)   Merge Heap Roots: 0.72ms
[2427.800s][info][gc,phases      ] GC(417)   Evacuate Collection Set: 129.45ms
[2427.800s][info][gc,phases      ] GC(417)   Post Evacuate Collection Set: 0.96ms
[2427.800s][info][gc,phases      ] GC(417)   Other: 0.09ms
[2427.800s][info][gc,heap        ] GC(417) Eden regions: 1117->0(1118)
[2427.800s][info][gc,heap        ] GC(417) Survivor regions: 107->110(153)
[2427.800s][info][gc,heap        ] GC(417) Old regions: 534->472
[2427.800s][info][gc,heap        ] GC(417) Humongous regions: 80->80
[2427.800s][info][gc,metaspace   ] GC(417) Metaspace: 29004K(29376K)->29004K(29376K) NonClass: 24118K(24256K)->24118K(24256K) Class: 4886K(5120K)->4886K(5120K)
[2427.800s][info][gc             ] GC(417) Pause Young (Mixed) (G1 Evacuation Pause) 3675M->1323M(4096M) 131.766ms
[2427.800s][info][gc,cpu         ] GC(417) User=0.79s Sys=0.00s Real=0.13s
....[2432.537s][info][gc,start       ] GC(418) Pause Young (Concurrent Start) (G1 Evacuation Pause)
[2432.537s][info][gc,task        ] GC(418) Using 6 workers of 6 for evacuation
[2432.656s][info][gc,phases      ] GC(418)   Pre Evacuate Collection Set: 0.38ms
[2432.656s][info][gc,phases      ] GC(418)   Merge Heap Roots: 0.51ms
[2432.656s][info][gc,phases      ] GC(418)   Evacuate Collection Set: 117.34ms
[2432.656s][info][gc,phases      ] GC(418)   Post Evacuate Collection Set: 0.89ms
[2432.656s][info][gc,phases      ] GC(418)   Other: 0.11ms
[2432.656s][info][gc,heap        ] GC(418) Eden regions: 1118->0(1116)
[2432.656s][info][gc,heap        ] GC(418) Survivor regions: 110->112(154)
[2432.656s][info][gc,heap        ] GC(418) Old regions: 472->503
[2432.656s][info][gc,heap        ] GC(418) Humongous regions: 80->80
[2432.656s][info][gc,metaspace   ] GC(418) Metaspace: 29004K(29376K)->29004K(29376K) NonClass: 24118K(24256K)->24118K(24256K) Class: 4886K(5120K)->4886K(5120K)
[2432.656s][info][gc             ] GC(418) Pause Young (Concurrent Start) (G1 Evacuation Pause) 3559M->1389M(4096M) 119.351ms
[2432.656s][info][gc             ] GC(419) Concurrent Mark Cycle
[2432.656s][info][gc,marking     ] GC(419) Concurrent Scan Root Regions
[2432.656s][info][gc,cpu         ] GC(418) User=0.71s Sys=0.00s Real=0.12s
.[2432.820s][info][gc,marking     ] GC(419) Concurrent Scan Root Regions 164.315ms
[2432.820s][info][gc,marking     ] GC(419) Concurrent Mark
[2432.820s][info][gc,marking     ] GC(419) Concurrent Mark From Roots
[2432.820s][info][gc,task        ] GC(419) Using 2 workers of 2 for marking
[2433.525s][info][gc,marking     ] GC(419) Concurrent Mark From Roots 705.029ms
[2433.526s][info][gc,marking     ] GC(419) Concurrent Preclean
[2433.526s][info][gc,marking     ] GC(419) Concurrent Preclean 0.060ms
[2433.526s][info][gc,start       ] GC(419) Pause Remark
[2433.530s][info][gc             ] GC(419) Pause Remark 1862M->1862M(4096M) 4.376ms
[2433.530s][info][gc,cpu         ] GC(419) User=0.02s Sys=0.00s Real=0.00s
[2433.530s][info][gc,marking     ] GC(419) Concurrent Mark 709.713ms
[2433.530s][info][gc,marking     ] GC(419) Concurrent Rebuild Remembered Sets and Scrub Regions
.[2433.798s][info][gc,marking     ] GC(419) Concurrent Rebuild Remembered Sets and Scrub Regions 267.679ms
[2433.799s][info][gc,start       ] GC(419) Pause Cleanup
[2433.799s][info][gc             ] GC(419) Pause Cleanup 1976M->1976M(4096M) 0.137ms
[2433.799s][info][gc,cpu         ] GC(419) User=0.00s Sys=0.00s Real=0.00s
[2433.799s][info][gc,marking     ] GC(419) Concurrent Clear Claimed Marks
[2433.799s][info][gc,marking     ] GC(419) Concurrent Clear Claimed Marks 0.033ms
[2433.799s][info][gc,marking     ] GC(419) Concurrent Cleanup for Next Mark
[2433.803s][info][gc,marking     ] GC(419) Concurrent Cleanup for Next Mark 4.346ms
[2433.803s][info][gc             ] GC(419) Concurrent Mark Cycle 1147.424ms
...[2437.371s][info][gc,start       ] GC(420) Pause Young (Prepare Mixed) (G1 Evacuation Pause)
[2437.371s][info][gc,task        ] GC(420) Using 6 workers of 6 for evacuation
[2437.487s][info][gc,phases      ] GC(420)   Pre Evacuate Collection Set: 0.36ms
[2437.487s][info][gc,phases      ] GC(420)   Merge Heap Roots: 0.54ms
[2437.487s][info][gc,phases      ] GC(420)   Evacuate Collection Set: 114.05ms
[2437.487s][info][gc,phases      ] GC(420)   Post Evacuate Collection Set: 0.94ms
[2437.487s][info][gc,phases      ] GC(420)   Other: 0.09ms
[2437.487s][info][gc,heap        ] GC(420) Eden regions: 1116->0(1112)
[2437.487s][info][gc,heap        ] GC(420) Survivor regions: 112->109(154)
[2437.487s][info][gc,heap        ] GC(420) Old regions: 503->535
[2437.487s][info][gc,heap        ] GC(420) Humongous regions: 80->80
[2437.487s][info][gc,metaspace   ] GC(420) Metaspace: 29004K(29376K)->29004K(29376K) NonClass: 24118K(24256K)->24118K(24256K) Class: 4886K(5120K)->4886K(5120K)
[2437.487s][info][gc             ] GC(420) Pause Young (Prepare Mixed) (G1 Evacuation Pause) 3621M->1446M(4096M) 116.114ms
[2437.487s][info][gc,cpu         ] GC(420) User=0.69s Sys=0.00s Real=0.12s
..... (rIR:aIR:PR = 3874:3873:3873) (tPR = 57575) [OK] 
  2441s: Performance info:
         Transaction,    Success,    Partial,     Failed,   Receipts, AvgBarcode, 
             Overall,     233363,          0,          0,     221698,      59.47, 
         Response times:
             Request,    Success,    Partial,     Failed,   SkipFail,     Probes,    Samples,      min,      p50,      p90,      p95,      p99,      max, 
       TotalPurchase,     221703,          0,          0,          0,     217515,     239281,      300,     3100,     5400,     7400,    35000,   198000,
     InStorePurchase,     116715,          0,          0,          0,     114827,     126210,      300,     3100,     5400,     7400,    34000,   198000,
      OnlinePurchase,      81653,          0,          0,          0,      79972,      87905,      300,     3200,     5400,     7400,    36000,   185000,
        InstPurchase,      23335,          0,          0,          0,      22716,      25166,      400,     3100,     5300,     7200,    33000,   186000,
          AssocOfCat,        234,          0,          0,          0,        171,        253,    21000,    31000,    53200,    64000,    89300,   175000,
      AssocOfProduct,       2337,          0,          0,          0,       2134,       2603,      600,     2000,     3800,     5500,    26000,   139000,
      BusinessReport,        583,          0,          0,          0,        463,        593,    21000,    33000,    49000,    55000,   160780,   206000,
          CustBuyBeh,       2322,          0,          0,          0,       2142,       2573,      200,     1100,     2200,     3000,    17634,    48000,
       ProductReturn,       6190,          0,          0,          0,       5843,       6652,      200,     3100,     5100,     6800,    34000,   141000,

  2441s: (29%)   IR =   4013 [2442.167s][info][gc,start       ] GC(421) Pause Young (Mixed) (G1 Evacuation Pause)
[2442.167s][info][gc,task        ] GC(421) Using 6 workers of 6 for evacuation
[2442.295s][info][gc,phases      ] GC(421)   Pre Evacuate Collection Set: 0.41ms
[2442.295s][info][gc,phases      ] GC(421)   Merge Heap Roots: 0.60ms
[2442.295s][info][gc,phases      ] GC(421)   Evacuate Collection Set: 125.80ms
[2442.295s][info][gc,phases      ] GC(421)   Post Evacuate Collection Set: 0.97ms
[2442.295s][info][gc,phases      ] GC(421)   Other: 0.09ms
[2442.295s][info][gc,heap        ] GC(421) Eden regions: 1112->0(1121)
[2442.295s][info][gc,heap        ] GC(421) Survivor regions: 109->107(153)
[2442.295s][info][gc,heap        ] GC(421) Old regions: 535->471
[2442.295s][info][gc,heap        ] GC(421) Humongous regions: 80->80
[2442.295s][info][gc,metaspace   ] GC(421) Metaspace: 29004K(29376K)->29004K(29376K) NonClass: 24118K(24256K)->24118K(24256K) Class: 4886K(5120K)->4886K(5120K)
[2442.295s][info][gc             ] GC(421) Pause Young (Mixed) (G1 Evacuation Pause) 3670M->1314M(4096M) 128.011ms
[2442.295s][info][gc,cpu         ] GC(421) User=0.76s Sys=0.00s Real=0.13s
....|.[2446.904s][info][gc,start       ] GC(422) Pause Young (Concurrent Start) (G1 Evacuation Pause)
[2446.904s][info][gc,task        ] GC(422) Using 6 workers of 6 for evacuation
[2447.018s][info][gc,phases      ] GC(422)   Pre Evacuate Collection Set: 0.43ms
[2447.018s][info][gc,phases      ] GC(422)   Merge Heap Roots: 0.49ms
[2447.018s][info][gc,phases      ] GC(422)   Evacuate Collection Set: 112.88ms
[2447.018s][info][gc,phases      ] GC(422)   Post Evacuate Collection Set: 0.92ms
[2447.019s][info][gc,phases      ] GC(422)   Other: 0.12ms
[2447.019s][info][gc,heap        ] GC(422) Eden regions: 1121->0(1120)
[2447.019s][info][gc,heap        ] GC(422) Survivor regions: 107->108(154)
[2447.019s][info][gc,heap        ] GC(422) Old regions: 471->503
[2447.019s][info][gc,heap        ] GC(422) Humongous regions: 80->80
[2447.019s][info][gc,metaspace   ] GC(422) Metaspace: 29004K(29376K)->29004K(29376K) NonClass: 24118K(24256K)->24118K(24256K) Class: 4886K(5120K)->4886K(5120K)
[2447.019s][info][gc             ] GC(422) Pause Young (Concurrent Start) (G1 Evacuation Pause) 3556M->1380M(4096M) 114.966ms
[2447.019s][info][gc             ] GC(423) Concurrent Mark Cycle
[2447.019s][info][gc,marking     ] GC(423) Concurrent Scan Root Regions
[2447.019s][info][gc,cpu         ] GC(422) User=0.68s Sys=0.00s Real=0.11s
[2447.149s][info][gc,marking     ] GC(423) Concurrent Scan Root Regions 129.968ms
[2447.149s][info][gc,marking     ] GC(423) Concurrent Mark
[2447.149s][info][gc,marking     ] GC(423) Concurrent Mark From Roots
[2447.149s][info][gc,task        ] GC(423) Using 2 workers of 2 for marking
.[2447.771s][info][gc,marking     ] GC(423) Concurrent Mark From Roots 621.920ms
[2447.771s][info][gc,marking     ] GC(423) Concurrent Preclean
[2447.771s][info][gc,marking     ] GC(423) Concurrent Preclean 0.058ms
[2447.771s][info][gc,start       ] GC(423) Pause Remark
[2447.775s][info][gc             ] GC(423) Pause Remark 1799M->1799M(4096M) 3.887ms
[2447.775s][info][gc,cpu         ] GC(423) User=0.02s Sys=0.00s Real=0.01s
[2447.775s][info][gc,marking     ] GC(423) Concurrent Mark 626.082ms
[2447.775s][info][gc,marking     ] GC(423) Concurrent Rebuild Remembered Sets and Scrub Regions
[2448.011s][info][gc,marking     ] GC(423) Concurrent Rebuild Remembered Sets and Scrub Regions 236.692ms
[2448.012s][info][gc,start       ] GC(423) Pause Cleanup
[2448.012s][info][gc             ] GC(423) Pause Cleanup 1893M->1893M(4096M) 0.109ms
[2448.012s][info][gc,cpu         ] GC(423) User=0.00s Sys=0.00s Real=0.00s
[2448.012s][info][gc,marking     ] GC(423) Concurrent Clear Claimed Marks
[2448.012s][info][gc,marking     ] GC(423) Concurrent Clear Claimed Marks 0.033ms
[2448.012s][info][gc,marking     ] GC(423) Concurrent Cleanup for Next Mark
[2448.015s][info][gc,marking     ] GC(423) Concurrent Cleanup for Next Mark 3.178ms
[2448.015s][info][gc             ] GC(423) Concurrent Mark Cycle 996.369ms
...[2451.596s][info][gc,start       ] GC(424) Pause Young (Prepare Mixed) (G1 Evacuation Pause)
[2451.596s][info][gc,task        ] GC(424) Using 6 workers of 6 for evacuation
[2451.712s][info][gc,phases      ] GC(424)   Pre Evacuate Collection Set: 0.37ms
[2451.712s][info][gc,phases      ] GC(424)   Merge Heap Roots: 0.53ms
[2451.712s][info][gc,phases      ] GC(424)   Evacuate Collection Set: 113.76ms
[2451.712s][info][gc,phases      ] GC(424)   Post Evacuate Collection Set: 0.93ms
[2451.712s][info][gc,phases      ] GC(424)   Other: 0.10ms
[2451.712s][info][gc,heap        ] GC(424) Eden regions: 1120->0(1111)
[2451.712s][info][gc,heap        ] GC(424) Survivor regions: 108->110(154)
[2451.712s][info][gc,heap        ] GC(424) Old regions: 503->534
[2451.712s][info][gc,heap        ] GC(424) Humongous regions: 80->80
[2451.712s][info][gc,metaspace   ] GC(424) Metaspace: 29004K(29376K)->29004K(29376K) NonClass: 24118K(24256K)->24118K(24256K) Class: 4886K(5120K)->4886K(5120K)
[2451.712s][info][gc             ] GC(424) Pause Young (Prepare Mixed) (G1 Evacuation Pause) 3620M->1445M(4096M) 115.829ms
[2451.712s][info][gc,cpu         ] GC(424) User=0.69s Sys=0.00s Real=0.11s
.....[2456.233s][info][gc,start       ] GC(425) Pause Young (Mixed) (G1 Evacuation Pause)
[2456.233s][info][gc,task        ] GC(425) Using 6 workers of 6 for evacuation
[2456.365s][info][gc,phases      ] GC(425)   Pre Evacuate Collection Set: 0.38ms
[2456.365s][info][gc,phases      ] GC(425)   Merge Heap Roots: 0.77ms
[2456.365s][info][gc,phases      ] GC(425)   Evacuate Collection Set: 129.89ms
[2456.365s][info][gc,phases      ] GC(425)   Post Evacuate Collection Set: 0.92ms
[2456.365s][info][gc,phases      ] GC(425)   Other: 0.09ms
[2456.365s][info][gc,heap        ] GC(425) Eden regions: 1111->0(1121)
[2456.365s][info][gc,heap        ] GC(425) Survivor regions: 110->107(153)
[2456.365s][info][gc,heap        ] GC(425) Old regions: 534->472
[2456.365s][info][gc,heap        ] GC(425) Humongous regions: 80->80
[2456.365s][info][gc,metaspace   ] GC(425) Metaspace: 29004K(29376K)->29004K(29376K) NonClass: 24118K(24256K)->24118K(24256K) Class: 4886K(5120K)->4886K(5120K)
[2456.365s][info][gc             ] GC(425) Pause Young (Mixed) (G1 Evacuation Pause) 3667M->1317M(4096M) 132.185ms
[2456.365s][info][gc,cpu         ] GC(425) User=0.79s Sys=0.00s Real=0.14s
.....[2461.005s][info][gc,start       ] GC(426) Pause Young (Concurrent Start) (G1 Evacuation Pause)
[2461.005s][info][gc,task        ] GC(426) Using 6 workers of 6 for evacuation
[2461.120s][info][gc,phases      ] GC(426)   Pre Evacuate Collection Set: 0.38ms
[2461.120s][info][gc,phases      ] GC(426)   Merge Heap Roots: 0.49ms
[2461.120s][info][gc,phases      ] GC(426)   Evacuate Collection Set: 112.79ms
[2461.120s][info][gc,phases      ] GC(426)   Post Evacuate Collection Set: 0.89ms
[2461.120s][info][gc,phases      ] GC(426)   Other: 0.11ms
[2461.120s][info][gc,heap        ] GC(426) Eden regions: 1121->0(1120)
[2461.120s][info][gc,heap        ] GC(426) Survivor regions: 107->108(154)
[2461.120s][info][gc,heap        ] GC(426) Old regions: 472->503
[2461.120s][info][gc,heap        ] GC(426) Humongous regions: 80->80
[2461.120s][info][gc,metaspace   ] GC(426) Metaspace: 29004K(29376K)->29004K(29376K) NonClass: 24118K(24256K)->24118K(24256K) Class: 4886K(5120K)->4886K(5120K)
[2461.120s][info][gc             ] GC(426) Pause Young (Concurrent Start) (G1 Evacuation Pause) 3559M->1381M(4096M) 114.801ms
[2461.120s][info][gc             ] GC(427) Concurrent Mark Cycle
[2461.120s][info][gc,marking     ] GC(427) Concurrent Scan Root Regions
[2461.120s][info][gc,cpu         ] GC(426) User=0.68s Sys=0.00s Real=0.11s
[2461.261s][info][gc,marking     ] GC(427) Concurrent Scan Root Regions 141.424ms
[2461.261s][info][gc,marking     ] GC(427) Concurrent Mark
[2461.261s][info][gc,marking     ] GC(427) Concurrent Mark From Roots
[2461.261s][info][gc,task        ] GC(427) Using 2 workers of 2 for marking
.[2461.860s][info][gc,marking     ] GC(427) Concurrent Mark From Roots 598.872ms
[2461.860s][info][gc,marking     ] GC(427) Concurrent Preclean
[2461.860s][info][gc,marking     ] GC(427) Concurrent Preclean 0.090ms
[2461.860s][info][gc,start       ] GC(427) Pause Remark
[2461.864s][info][gc             ] GC(427) Pause Remark 1772M->1772M(4096M) 3.738ms
[2461.864s][info][gc,cpu         ] GC(427) User=0.02s Sys=0.00s Real=0.01s
[2461.864s][info][gc,marking     ] GC(427) Concurrent Mark 603.047ms
[2461.864s][info][gc,marking     ] GC(427) Concurrent Rebuild Remembered Sets and Scrub Regions
[2462.083s][info][gc,marking     ] GC(427) Concurrent Rebuild Remembered Sets and Scrub Regions 218.406ms
[2462.083s][info][gc,start       ] GC(427) Pause Cleanup
[2462.083s][info][gc             ] GC(427) Pause Cleanup 1866M->1866M(4096M) 0.126ms
[2462.083s][info][gc,cpu         ] GC(427) User=0.00s Sys=0.00s Real=0.00s
[2462.083s][info][gc,marking     ] GC(427) Concurrent Clear Claimed Marks
[2462.083s][info][gc,marking     ] GC(427) Concurrent Clear Claimed Marks 0.033ms
[2462.083s][info][gc,marking     ] GC(427) Concurrent Cleanup for Next Mark
[2462.086s][info][gc,marking     ] GC(427) Concurrent Cleanup for Next Mark 3.342ms
[2462.087s][info][gc             ] GC(427) Concurrent Mark Cycle 966.706ms
...[2465.694s][info][gc,start       ] GC(428) Pause Young (Prepare Mixed) (G1 Evacuation Pause)
[2465.694s][info][gc,task        ] GC(428) Using 6 workers of 6 for evacuation
[2465.810s][info][gc,phases      ] GC(428)   Pre Evacuate Collection Set: 0.39ms
[2465.810s][info][gc,phases      ] GC(428)   Merge Heap Roots: 0.57ms
[2465.810s][info][gc,phases      ] GC(428)   Evacuate Collection Set: 113.90ms
[2465.810s][info][gc,phases      ] GC(428)   Post Evacuate Collection Set: 0.92ms
[2465.810s][info][gc,phases      ] GC(428)   Other: 0.09ms
[2465.810s][info][gc,heap        ] GC(428) Eden regions: 1120->0(1114)
[2465.810s][info][gc,heap        ] GC(428) Survivor regions: 108->108(154)
[2465.810s][info][gc,heap        ] GC(428) Old regions: 503->535
[2465.810s][info][gc,heap        ] GC(428) Humongous regions: 80->80
[2465.810s][info][gc,metaspace   ] GC(428) Metaspace: 29004K(29376K)->29004K(29376K) NonClass: 24118K(24256K)->24118K(24256K) Class: 4886K(5120K)->4886K(5120K)
[2465.810s][info][gc             ] GC(428) Pause Young (Prepare Mixed) (G1 Evacuation Pause) 3621M->1444M(4096M) 116.005ms
[2465.810s][info][gc,cpu         ] GC(428) User=0.69s Sys=0.00s Real=0.11s
.....[2470.409s][info][gc,start       ] GC(429) Pause Young (Mixed) (G1 Evacuation Pause)
[2470.409s][info][gc,task        ] GC(429) Using 6 workers of 6 for evacuation
[2470.537s][info][gc,phases      ] GC(429)   Pre Evacuate Collection Set: 0.38ms
[2470.537s][info][gc,phases      ] GC(429)   Merge Heap Roots: 0.61ms
[2470.537s][info][gc,phases      ] GC(429)   Evacuate Collection Set: 126.80ms
[2470.537s][info][gc,phases      ] GC(429)   Post Evacuate Collection Set: 0.95ms
[2470.537s][info][gc,phases      ] GC(429)   Other: 0.09ms
[2470.537s][info][gc,heap        ] GC(429) Eden regions: 1114->0(1119)
[2470.538s][info][gc,heap        ] GC(429) Survivor regions: 108->109(153)
[2470.538s][info][gc,heap        ] GC(429) Old regions: 535->472
[2470.538s][info][gc,heap        ] GC(429) Humongous regions: 80->80
[2470.538s][info][gc,metaspace   ] GC(429) Metaspace: 29004K(29376K)->29004K(29376K) NonClass: 24118K(24256K)->24118K(24256K) Class: 4886K(5120K)->4886K(5120K)
[2470.538s][info][gc             ] GC(429) Pause Young (Mixed) (G1 Evacuation Pause) 3672M->1319M(4096M) 128.968ms
[2470.538s][info][gc,cpu         ] GC(429) User=0.77s Sys=0.00s Real=0.13s
.....[2475.077s][info][gc,start       ] GC(430) Pause Young (Concurrent Start) (G1 Evacuation Pause)
[2475.077s][info][gc,task        ] GC(430) Using 6 workers of 6 for evacuation
[2475.192s][info][gc,phases      ] GC(430)   Pre Evacuate Collection Set: 0.45ms
[2475.192s][info][gc,phases      ] GC(430)   Merge Heap Roots: 0.50ms
[2475.192s][info][gc,phases      ] GC(430)   Evacuate Collection Set: 112.79ms
[2475.192s][info][gc,phases      ] GC(430)   Post Evacuate Collection Set: 0.89ms
[2475.192s][info][gc,phases      ] GC(430)   Other: 0.12ms
[2475.192s][info][gc,heap        ] GC(430) Eden regions: 1119->0(1120)
[2475.192s][info][gc,heap        ] GC(430) Survivor regions: 109->108(154)
[2475.192s][info][gc,heap        ] GC(430) Old regions: 472->504
[2475.192s][info][gc,heap        ] GC(430) Humongous regions: 80->80
[2475.192s][info][gc,metaspace   ] GC(430) Metaspace: 29004K(29376K)->29004K(29376K) NonClass: 24118K(24256K)->24118K(24256K) Class: 4886K(5120K)->4886K(5120K)
[2475.192s][info][gc             ] GC(430) Pause Young (Concurrent Start) (G1 Evacuation Pause) 3557M->1381M(4096M) 114.885ms
[2475.192s][info][gc             ] GC(431) Concurrent Mark Cycle
[2475.192s][info][gc,marking     ] GC(431) Concurrent Scan Root Regions
[2475.192s][info][gc,cpu         ] GC(430) User=0.69s Sys=0.00s Real=0.11s
[2475.369s][info][gc,marking     ] GC(431) Concurrent Scan Root Regions 176.999ms
[2475.369s][info][gc,marking     ] GC(431) Concurrent Mark
[2475.369s][info][gc,marking     ] GC(431) Concurrent Mark From Roots
[2475.369s][info][gc,task        ] GC(431) Using 2 workers of 2 for marking
.[2476.043s][info][gc,marking     ] GC(431) Concurrent Mark From Roots 673.561ms
[2476.043s][info][gc,marking     ] GC(431) Concurrent Preclean
[2476.043s][info][gc,marking     ] GC(431) Concurrent Preclean 0.058ms
[2476.043s][info][gc,start       ] GC(431) Pause Remark
[2476.047s][info][gc             ] GC(431) Pause Remark 1834M->1834M(4096M) 4.145ms
[2476.047s][info][gc,cpu         ] GC(431) User=0.02s Sys=0.00s Real=0.01s
[2476.047s][info][gc,marking     ] GC(431) Concurrent Mark 678.031ms
[2476.047s][info][gc,marking     ] GC(431) Concurrent Rebuild Remembered Sets and Scrub Regions
[2476.397s][info][gc,marking     ] GC(431) Concurrent Rebuild Remembered Sets and Scrub Regions 349.345ms
[2476.397s][info][gc,start       ] GC(431) Pause Cleanup
[2476.397s][info][gc             ] GC(431) Pause Cleanup 1994M->1994M(4096M) 0.121ms
[2476.397s][info][gc,cpu         ] GC(431) User=0.00s Sys=0.00s Real=0.00s
[2476.397s][info][gc,marking     ] GC(431) Concurrent Clear Claimed Marks
[2476.397s][info][gc,marking     ] GC(431) Concurrent Clear Claimed Marks 0.024ms
[2476.397s][info][gc,marking     ] GC(431) Concurrent Cleanup for Next Mark
[2476.400s][info][gc,marking     ] GC(431) Concurrent Cleanup for Next Mark 3.351ms
[2476.400s][info][gc             ] GC(431) Concurrent Mark Cycle 1208.202ms
....[2479.844s][info][gc,start       ] GC(432) Pause Young (Prepare Mixed) (G1 Evacuation Pause)
[2479.844s][info][gc,task        ] GC(432) Using 6 workers of 6 for evacuation
[2479.960s][info][gc,phases      ] GC(432)   Pre Evacuate Collection Set: 0.37ms
[2479.960s][info][gc,phases      ] GC(432)   Merge Heap Roots: 0.54ms
[2479.960s][info][gc,phases      ] GC(432)   Evacuate Collection Set: 113.72ms
[2479.960s][info][gc,phases      ] GC(432)   Post Evacuate Collection Set: 0.93ms
[2479.960s][info][gc,phases      ] GC(432)   Other: 0.09ms
[2479.960s][info][gc,heap        ] GC(432) Eden regions: 1120->0(1116)
[2479.960s][info][gc,heap        ] GC(432) Survivor regions: 108->107(154)
[2479.960s][info][gc,heap        ] GC(432) Old regions: 504->535
[2479.960s][info][gc,heap        ] GC(432) Humongous regions: 80->80
[2479.960s][info][gc,metaspace   ] GC(432) Metaspace: 29004K(29376K)->29004K(29376K) NonClass: 24118K(24256K)->24118K(24256K) Class: 4886K(5120K)->4886K(5120K)
[2479.960s][info][gc             ] GC(432) Pause Young (Prepare Mixed) (G1 Evacuation Pause) 3621M->1443M(4096M) 115.769ms
[2479.960s][info][gc,cpu         ] GC(432) User=0.69s Sys=0.00s Real=0.11s
....[2484.461s][info][gc,start       ] GC(433) Pause Young (Mixed) (G1 Evacuation Pause)
[2484.461s][info][gc,task        ] GC(433) Using 6 workers of 6 for evacuation
[2484.591s][info][gc,phases      ] GC(433)   Pre Evacuate Collection Set: 0.44ms
[2484.591s][info][gc,phases      ] GC(433)   Merge Heap Roots: 0.71ms
[2484.591s][info][gc,phases      ] GC(433)   Evacuate Collection Set: 128.22ms
[2484.591s][info][gc,phases      ] GC(433)   Post Evacuate Collection Set: 0.95ms
[2484.591s][info][gc,phases      ] GC(433)   Other: 0.09ms
[2484.591s][info][gc,heap        ] GC(433) Eden regions: 1116->0(1119)
[2484.591s][info][gc,heap        ] GC(433) Survivor regions: 107->109(153)
[2484.591s][info][gc,heap        ] GC(433) Old regions: 535->472
[2484.591s][info][gc,heap        ] GC(433) Humongous regions: 80->80
[2484.591s][info][gc,metaspace   ] GC(433) Metaspace: 29004K(29376K)->29004K(29376K) NonClass: 24118K(24256K)->24118K(24256K) Class: 4886K(5120K)->4886K(5120K)
[2484.592s][info][gc             ] GC(433) Pause Young (Mixed) (G1 Evacuation Pause) 3675M->1320M(4096M) 130.537ms
[2484.592s][info][gc,cpu         ] GC(433) User=0.77s Sys=0.00s Real=0.13s
.....[2489.184s][info][gc,start       ] GC(434) Pause Young (Concurrent Start) (G1 Evacuation Pause)
[2489.184s][info][gc,task        ] GC(434) Using 6 workers of 6 for evacuation
[2489.299s][info][gc,phases      ] GC(434)   Pre Evacuate Collection Set: 0.40ms
[2489.299s][info][gc,phases      ] GC(434)   Merge Heap Roots: 0.49ms
[2489.299s][info][gc,phases      ] GC(434)   Evacuate Collection Set: 112.92ms
[2489.299s][info][gc,phases      ] GC(434)   Post Evacuate Collection Set: 0.88ms
[2489.299s][info][gc,phases      ] GC(434)   Other: 0.12ms
[2489.299s][info][gc,heap        ] GC(434) Eden regions: 1119->0(1121)
[2489.299s][info][gc,heap        ] GC(434) Survivor regions: 109->107(154)
[2489.299s][info][gc,heap        ] GC(434) Old regions: 472->505
[2489.299s][info][gc,heap        ] GC(434) Humongous regions: 80->80
[2489.299s][info][gc,metaspace   ] GC(434) Metaspace: 29004K(29376K)->29004K(29376K) NonClass: 24118K(24256K)->24118K(24256K) Class: 4886K(5120K)->4886K(5120K)
[2489.299s][info][gc             ] GC(434) Pause Young (Concurrent Start) (G1 Evacuation Pause) 3558M->1382M(4096M) 114.933ms
[2489.299s][info][gc             ] GC(435) Concurrent Mark Cycle
[2489.299s][info][gc,marking     ] GC(435) Concurrent Scan Root Regions
[2489.299s][info][gc,cpu         ] GC(434) User=0.68s Sys=0.00s Real=0.11s
[2489.438s][info][gc,marking     ] GC(435) Concurrent Scan Root Regions 138.436ms
[2489.438s][info][gc,marking     ] GC(435) Concurrent Mark
[2489.438s][info][gc,marking     ] GC(435) Concurrent Mark From Roots
[2489.438s][info][gc,task        ] GC(435) Using 2 workers of 2 for marking
.[2490.132s][info][gc,marking     ] GC(435) Concurrent Mark From Roots 694.090ms
[2490.132s][info][gc,marking     ] GC(435) Concurrent Preclean
[2490.132s][info][gc,marking     ] GC(435) Concurrent Preclean 0.064ms
[2490.132s][info][gc,start       ] GC(435) Pause Remark
[2490.136s][info][gc             ] GC(435) Pause Remark 1822M->1822M(4096M) 4.124ms
[2490.136s][info][gc,cpu         ] GC(435) User=0.02s Sys=0.00s Real=0.01s
[2490.136s][info][gc,marking     ] GC(435) Concurrent Mark 698.815ms
[2490.136s][info][gc,marking     ] GC(435) Concurrent Rebuild Remembered Sets and Scrub Regions
[2490.407s][info][gc,marking     ] GC(435) Concurrent Rebuild Remembered Sets and Scrub Regions 270.380ms
[2490.407s][info][gc,start       ] GC(435) Pause Cleanup
[2490.407s][info][gc             ] GC(435) Pause Cleanup 1987M->1987M(4096M) 0.129ms
[2490.407s][info][gc,cpu         ] GC(435) User=0.00s Sys=0.00s Real=0.00s
[2490.407s][info][gc,marking     ] GC(435) Concurrent Clear Claimed Marks
[2490.407s][info][gc,marking     ] GC(435) Concurrent Clear Claimed Marks 0.033ms
[2490.407s][info][gc,marking     ] GC(435) Concurrent Cleanup for Next Mark
[2490.411s][info][gc,marking     ] GC(435) Concurrent Cleanup for Next Mark 4.013ms
[2490.411s][info][gc             ] GC(435) Concurrent Mark Cycle 1112.180ms
....[2493.889s][info][gc,start       ] GC(436) Pause Young (Prepare Mixed) (G1 Evacuation Pause)
[2493.889s][info][gc,task        ] GC(436) Using 6 workers of 6 for evacuation
[2494.004s][info][gc,phases      ] GC(436)   Pre Evacuate Collection Set: 0.38ms
[2494.004s][info][gc,phases      ] GC(436)   Merge Heap Roots: 0.52ms
[2494.004s][info][gc,phases      ] GC(436)   Evacuate Collection Set: 112.44ms
[2494.004s][info][gc,phases      ] GC(436)   Post Evacuate Collection Set: 0.91ms
[2494.004s][info][gc,phases      ] GC(436)   Other: 0.10ms
[2494.004s][info][gc,heap        ] GC(436) Eden regions: 1121->0(1113)
[2494.004s][info][gc,heap        ] GC(436) Survivor regions: 107->108(154)
[2494.004s][info][gc,heap        ] GC(436) Old regions: 505->536
[2494.004s][info][gc,heap        ] GC(436) Humongous regions: 80->80
[2494.004s][info][gc,metaspace   ] GC(436) Metaspace: 29004K(29376K)->29004K(29376K) NonClass: 24118K(24256K)->24118K(24256K) Class: 4886K(5120K)->4886K(5120K)
[2494.004s][info][gc             ] GC(436) Pause Young (Prepare Mixed) (G1 Evacuation Pause) 3624M->1446M(4096M) 114.495ms
[2494.004s][info][gc,cpu         ] GC(436) User=0.68s Sys=0.00s Real=0.12s
....[2498.530s][info][gc,start       ] GC(437) Pause Young (Mixed) (G1 Evacuation Pause)
[2498.530s][info][gc,task        ] GC(437) Using 6 workers of 6 for evacuation
[2498.658s][info][gc,phases      ] GC(437)   Pre Evacuate Collection Set: 0.39ms
[2498.658s][info][gc,phases      ] GC(437)   Merge Heap Roots: 0.61ms
[2498.658s][info][gc,phases      ] GC(437)   Evacuate Collection Set: 126.35ms
[2498.658s][info][gc,phases      ] GC(437)   Post Evacuate Collection Set: 0.97ms
[2498.658s][info][gc,phases      ] GC(437)   Other: 0.09ms
[2498.658s][info][gc,heap        ] GC(437) Eden regions: 1113->0(1120)
[2498.658s][info][gc,heap        ] GC(437) Survivor regions: 108->108(153)
[2498.658s][info][gc,heap        ] GC(437) Old regions: 536->473
[2498.658s][info][gc,heap        ] GC(437) Humongous regions: 80->80
[2498.658s][info][gc,metaspace   ] GC(437) Metaspace: 29004K(29376K)->29004K(29376K) NonClass: 24118K(24256K)->24118K(24256K) Class: 4886K(5120K)->4886K(5120K)
[2498.658s][info][gc             ] GC(437) Pause Young (Mixed) (G1 Evacuation Pause) 3672M->1321M(4096M) 128.539ms
[2498.658s][info][gc,cpu         ] GC(437) User=0.76s Sys=0.00s Real=0.13s
.....[2503.224s][info][gc,start       ] GC(438) Pause Young (Concurrent Start) (G1 Evacuation Pause)
[2503.224s][info][gc,task        ] GC(438) Using 6 workers of 6 for evacuation
[2503.345s][info][gc,phases      ] GC(438)   Pre Evacuate Collection Set: 0.42ms
[2503.345s][info][gc,phases      ] GC(438)   Merge Heap Roots: 0.50ms
[2503.345s][info][gc,phases      ] GC(438)   Evacuate Collection Set: 119.24ms
[2503.345s][info][gc,phases      ] GC(438)   Post Evacuate Collection Set: 0.93ms
[2503.345s][info][gc,phases      ] GC(438)   Other: 0.12ms
[2503.345s][info][gc,heap        ] GC(438) Eden regions: 1120->0(1115)
[2503.345s][info][gc,heap        ] GC(438) Survivor regions: 108->113(154)
[2503.345s][info][gc,heap        ] GC(438) Old regions: 473->505
[2503.345s][info][gc,heap        ] GC(438) Humongous regions: 80->80
[2503.345s][info][gc,metaspace   ] GC(438) Metaspace: 29004K(29376K)->29004K(29376K) NonClass: 24118K(24256K)->24118K(24256K) Class: 4886K(5120K)->4886K(5120K)
[2503.345s][info][gc             ] GC(438) Pause Young (Concurrent Start) (G1 Evacuation Pause) 3561M->1394M(4096M) 121.352ms
[2503.345s][info][gc             ] GC(439) Concurrent Mark Cycle
[2503.345s][info][gc,marking     ] GC(439) Concurrent Scan Root Regions
[2503.345s][info][gc,cpu         ] GC(438) User=0.72s Sys=0.00s Real=0.12s
[2503.515s][info][gc,marking     ] GC(439) Concurrent Scan Root Regions 170.135ms
[2503.515s][info][gc,marking     ] GC(439) Concurrent Mark
[2503.515s][info][gc,marking     ] GC(439) Concurrent Mark From Roots
[2503.515s][info][gc,task        ] GC(439) Using 2 workers of 2 for marking
.[2504.178s][info][gc,marking     ] GC(439) Concurrent Mark From Roots 662.977ms
[2504.178s][info][gc,marking     ] GC(439) Concurrent Preclean
[2504.178s][info][gc,marking     ] GC(439) Concurrent Preclean 0.045ms
[2504.178s][info][gc,start       ] GC(439) Pause Remark
[2504.182s][info][gc             ] GC(439) Pause Remark 1825M->1825M(4096M) 4.177ms
[2504.183s][info][gc,cpu         ] GC(439) User=0.03s Sys=0.00s Real=0.00s
[2504.183s][info][gc,marking     ] GC(439) Concurrent Mark 667.461ms
[2504.183s][info][gc,marking     ] GC(439) Concurrent Rebuild Remembered Sets and Scrub Regions
[2504.411s][info][gc,marking     ] GC(439) Concurrent Rebuild Remembered Sets and Scrub Regions 228.083ms
[2504.411s][info][gc,start       ] GC(439) Pause Cleanup
[2504.411s][info][gc             ] GC(439) Pause Cleanup 1943M->1943M(4096M) 0.131ms
[2504.411s][info][gc,cpu         ] GC(439) User=0.00s Sys=0.00s Real=0.00s
[2504.411s][info][gc,marking     ] GC(439) Concurrent Clear Claimed Marks
[2504.411s][info][gc,marking     ] GC(439) Concurrent Clear Claimed Marks 0.032ms
[2504.411s][info][gc,marking     ] GC(439) Concurrent Cleanup for Next Mark
[2504.416s][info][gc,marking     ] GC(439) Concurrent Cleanup for Next Mark 4.448ms
[2504.416s][info][gc             ] GC(439) Concurrent Mark Cycle 1070.730ms
.. (rIR:aIR:PR = 4013:4012:4012) (tPR = 59902) [OK] 
  2505s: Performance info:
         Transaction,    Success,    Partial,     Failed,   Receipts, AvgBarcode, 
             Overall,     241165,          0,          0,     229114,      59.47, 
         Response times:
             Request,    Success,    Partial,     Failed,   SkipFail,     Probes,    Samples,      min,      p50,      p90,      p95,      p99,      max, 
       TotalPurchase,     229114,          0,          0,          0,     225505,     241232,      300,     3200,     5500,     7900,    37000,   189000,
     InStorePurchase,     120569,          0,          0,          0,     118976,     127195,      300,     3200,     5600,     8000,    38000,   189000,
      OnlinePurchase,      84420,          0,          0,          0,      83060,      88684,      300,     3200,     5500,     7900,    37000,   153000,
        InstPurchase,      24125,          0,          0,          0,      23469,      25353,      400,     3200,     5500,     7430,    34000,   189000,
          AssocOfCat,        240,          0,          0,          0,        181,        241,    23000,    29000,    39000,    46900,    56000,    65000,
      AssocOfProduct,       2407,          0,          0,          0,       2234,       2559,      500,     3400,     5400,     7400,    37000,   136000,
      BusinessReport,        604,          0,          0,          0,        513,        621,    25000,    35000,    54000,    69900,   148160,   221000,
          CustBuyBeh,       2407,          0,          0,          0,       2202,       2519,      200,     3400,     6000,     9900,    43600,   131000,
       ProductReturn,       6393,          0,          0,          0,       6117,       6817,      200,     3500,     5700,     8300,    40000,   150000,

  2505s: (30%)   IR =   4151 .[2507.859s][info][gc,start       ] GC(440) Pause Young (Prepare Mixed) (G1 Evacuation Pause)
[2507.859s][info][gc,task        ] GC(440) Using 6 workers of 6 for evacuation
[2507.974s][info][gc,phases      ] GC(440)   Pre Evacuate Collection Set: 0.34ms
[2507.974s][info][gc,phases      ] GC(440)   Merge Heap Roots: 0.52ms
[2507.974s][info][gc,phases      ] GC(440)   Evacuate Collection Set: 113.28ms
[2507.974s][info][gc,phases      ] GC(440)   Post Evacuate Collection Set: 0.96ms
[2507.974s][info][gc,phases      ] GC(440)   Other: 0.09ms
[2507.974s][info][gc,heap        ] GC(440) Eden regions: 1115->0(1112)
[2507.974s][info][gc,heap        ] GC(440) Survivor regions: 113->108(154)
[2507.974s][info][gc,heap        ] GC(440) Old regions: 505->537
[2507.974s][info][gc,heap        ] GC(440) Humongous regions: 80->80
[2507.974s][info][gc,metaspace   ] GC(440) Metaspace: 29004K(29376K)->29004K(29376K) NonClass: 24118K(24256K)->24118K(24256K) Class: 4886K(5120K)->4886K(5120K)
[2507.974s][info][gc             ] GC(440) Pause Young (Prepare Mixed) (G1 Evacuation Pause) 3624M->1447M(4096M) 115.327ms
[2507.974s][info][gc,cpu         ] GC(440) User=0.69s Sys=0.00s Real=0.12s
.....[2512.396s][info][gc,start       ] GC(441) Pause Young (Mixed) (G1 Evacuation Pause)
[2512.396s][info][gc,task        ] GC(441) Using 6 workers of 6 for evacuation
[2512.528s][info][gc,phases      ] GC(441)   Pre Evacuate Collection Set: 0.37ms
[2512.528s][info][gc,phases      ] GC(441)   Merge Heap Roots: 0.68ms
[2512.528s][info][gc,phases      ] GC(441)   Evacuate Collection Set: 130.42ms
[2512.528s][info][gc,phases      ] GC(441)   Post Evacuate Collection Set: 0.96ms
[2512.528s][info][gc,phases      ] GC(441)   Other: 0.09ms
[2512.528s][info][gc,heap        ] GC(441) Eden regions: 1112->0(1117)
[2512.528s][info][gc,heap        ] GC(441) Survivor regions: 108->111(153)
[2512.528s][info][gc,heap        ] GC(441) Old regions: 537->472
[2512.528s][info][gc,heap        ] GC(441) Humongous regions: 80->80
[2512.528s][info][gc,metaspace   ] GC(441) Metaspace: 29004K(29376K)->29004K(29376K) NonClass: 24118K(24256K)->24118K(24256K) Class: 4886K(5120K)->4886K(5120K)
[2512.528s][info][gc             ] GC(441) Pause Young (Mixed) (G1 Evacuation Pause) 3671M->1325M(4096M) 132.639ms
[2512.528s][info][gc,cpu         ] GC(441) User=0.79s Sys=0.00s Real=0.13s
.|...[2516.851s][info][gc,start       ] GC(442) Pause Young (Concurrent Start) (G1 Evacuation Pause)
[2516.851s][info][gc,task        ] GC(442) Using 6 workers of 6 for evacuation
[2516.967s][info][gc,phases      ] GC(442)   Pre Evacuate Collection Set: 0.39ms
[2516.967s][info][gc,phases      ] GC(442)   Merge Heap Roots: 0.45ms
[2516.967s][info][gc,phases      ] GC(442)   Evacuate Collection Set: 113.68ms
[2516.967s][info][gc,phases      ] GC(442)   Post Evacuate Collection Set: 0.90ms
[2516.967s][info][gc,phases      ] GC(442)   Other: 0.11ms
[2516.967s][info][gc,heap        ] GC(442) Eden regions: 1117->0(1120)
[2516.967s][info][gc,heap        ] GC(442) Survivor regions: 111->108(154)
[2516.967s][info][gc,heap        ] GC(442) Old regions: 472->505
[2516.967s][info][gc,heap        ] GC(442) Humongous regions: 80->80
[2516.967s][info][gc,metaspace   ] GC(442) Metaspace: 29004K(29376K)->29004K(29376K) NonClass: 24118K(24256K)->24118K(24256K) Class: 4886K(5120K)->4886K(5120K)
[2516.967s][info][gc             ] GC(442) Pause Young (Concurrent Start) (G1 Evacuation Pause) 3559M->1384M(4096M) 115.671ms
[2516.967s][info][gc             ] GC(443) Concurrent Mark Cycle
[2516.967s][info][gc,marking     ] GC(443) Concurrent Scan Root Regions
[2516.967s][info][gc,cpu         ] GC(442) User=0.68s Sys=0.00s Real=0.12s
.[2517.078s][info][gc,marking     ] GC(443) Concurrent Scan Root Regions 111.399ms
[2517.078s][info][gc,marking     ] GC(443) Concurrent Mark
[2517.078s][info][gc,marking     ] GC(443) Concurrent Mark From Roots
[2517.078s][info][gc,task        ] GC(443) Using 2 workers of 2 for marking
[2517.702s][info][gc,marking     ] GC(443) Concurrent Mark From Roots 623.241ms
[2517.702s][info][gc,marking     ] GC(443) Concurrent Preclean
[2517.702s][info][gc,marking     ] GC(443) Concurrent Preclean 0.075ms
[2517.702s][info][gc,start       ] GC(443) Pause Remark
[2517.706s][info][gc             ] GC(443) Pause Remark 1770M->1770M(4096M) 4.039ms
[2517.706s][info][gc,cpu         ] GC(443) User=0.03s Sys=0.00s Real=0.01s
[2517.706s][info][gc,marking     ] GC(443) Concurrent Mark 627.847ms
[2517.706s][info][gc,marking     ] GC(443) Concurrent Rebuild Remembered Sets and Scrub Regions
[2517.923s][info][gc,marking     ] GC(443) Concurrent Rebuild Remembered Sets and Scrub Regions 216.807ms
[2517.923s][info][gc,start       ] GC(443) Pause Cleanup
[2517.923s][info][gc             ] GC(443) Pause Cleanup 1893M->1893M(4096M) 0.139ms
[2517.923s][info][gc,cpu         ] GC(443) User=0.00s Sys=0.00s Real=0.01s
[2517.923s][info][gc,marking     ] GC(443) Concurrent Clear Claimed Marks
[2517.923s][info][gc,marking     ] GC(443) Concurrent Clear Claimed Marks 0.027ms
[2517.923s][info][gc,marking     ] GC(443) Concurrent Cleanup for Next Mark
[2517.927s][info][gc,marking     ] GC(443) Concurrent Cleanup for Next Mark 3.799ms
[2517.927s][info][gc             ] GC(443) Concurrent Mark Cycle 960.344ms
....[2521.400s][info][gc,start       ] GC(444) Pause Young (Prepare Mixed) (G1 Evacuation Pause)
[2521.400s][info][gc,task        ] GC(444) Using 6 workers of 6 for evacuation
[2521.516s][info][gc,phases      ] GC(444)   Pre Evacuate Collection Set: 0.38ms
[2521.516s][info][gc,phases      ] GC(444)   Merge Heap Roots: 0.55ms
[2521.516s][info][gc,phases      ] GC(444)   Evacuate Collection Set: 113.50ms
[2521.516s][info][gc,phases      ] GC(444)   Post Evacuate Collection Set: 0.93ms
[2521.516s][info][gc,phases      ] GC(444)   Other: 0.10ms
[2521.516s][info][gc,heap        ] GC(444) Eden regions: 1120->0(1112)
[2521.516s][info][gc,heap        ] GC(444) Survivor regions: 108->108(154)
[2521.516s][info][gc,heap        ] GC(444) Old regions: 505->537
[2521.516s][info][gc,heap        ] GC(444) Humongous regions: 80->80
[2521.516s][info][gc,metaspace   ] GC(444) Metaspace: 29004K(29376K)->29004K(29376K) NonClass: 24118K(24256K)->24118K(24256K) Class: 4886K(5120K)->4886K(5120K)
[2521.516s][info][gc             ] GC(444) Pause Young (Prepare Mixed) (G1 Evacuation Pause) 3624M->1448M(4096M) 115.596ms
[2521.516s][info][gc,cpu         ] GC(444) User=0.69s Sys=0.00s Real=0.12s
....[2525.885s][info][gc,start       ] GC(445) Pause Young (Mixed) (G1 Evacuation Pause)
[2525.885s][info][gc,task        ] GC(445) Using 6 workers of 6 for evacuation
[2526.014s][info][gc,phases      ] GC(445)   Pre Evacuate Collection Set: 0.42ms
[2526.014s][info][gc,phases      ] GC(445)   Merge Heap Roots: 0.65ms
[2526.014s][info][gc,phases      ] GC(445)   Evacuate Collection Set: 126.61ms
[2526.014s][info][gc,phases      ] GC(445)   Post Evacuate Collection Set: 0.97ms
[2526.014s][info][gc,phases      ] GC(445)   Other: 0.09ms
[2526.014s][info][gc,heap        ] GC(445) Eden regions: 1112->0(1121)
[2526.014s][info][gc,heap        ] GC(445) Survivor regions: 108->107(153)
[2526.014s][info][gc,heap        ] GC(445) Old regions: 537->472
[2526.014s][info][gc,heap        ] GC(445) Humongous regions: 80->80
[2526.014s][info][gc,metaspace   ] GC(445) Metaspace: 29004K(29376K)->29004K(29376K) NonClass: 24118K(24256K)->24118K(24256K) Class: 4886K(5120K)->4886K(5120K)
[2526.014s][info][gc             ] GC(445) Pause Young (Mixed) (G1 Evacuation Pause) 3672M->1316M(4096M) 128.874ms
[2526.014s][info][gc,cpu         ] GC(445) User=0.77s Sys=0.00s Real=0.13s
.....[2530.494s][info][gc,start       ] GC(446) Pause Young (Concurrent Start) (G1 Evacuation Pause)
[2530.494s][info][gc,task        ] GC(446) Using 6 workers of 6 for evacuation
[2530.611s][info][gc,phases      ] GC(446)   Pre Evacuate Collection Set: 0.37ms
[2530.611s][info][gc,phases      ] GC(446)   Merge Heap Roots: 0.49ms
[2530.611s][info][gc,phases      ] GC(446)   Evacuate Collection Set: 115.69ms
[2530.611s][info][gc,phases      ] GC(446)   Post Evacuate Collection Set: 0.94ms
[2530.611s][info][gc,phases      ] GC(446)   Other: 0.10ms
[2530.611s][info][gc,heap        ] GC(446) Eden regions: 1121->0(1119)
[2530.611s][info][gc,heap        ] GC(446) Survivor regions: 107->109(154)
[2530.611s][info][gc,heap        ] GC(446) Old regions: 472->503
[2530.611s][info][gc,heap        ] GC(446) Humongous regions: 80->80
[2530.611s][info][gc,metaspace   ] GC(446) Metaspace: 29004K(29376K)->29004K(29376K) NonClass: 24118K(24256K)->24118K(24256K) Class: 4886K(5120K)->4886K(5120K)
[2530.611s][info][gc             ] GC(446) Pause Young (Concurrent Start) (G1 Evacuation Pause) 3558M->1382M(4096M) 117.735ms
[2530.611s][info][gc             ] GC(447) Concurrent Mark Cycle
[2530.611s][info][gc,marking     ] GC(447) Concurrent Scan Root Regions
[2530.611s][info][gc,cpu         ] GC(446) User=0.70s Sys=0.00s Real=0.11s
[2530.758s][info][gc,marking     ] GC(447) Concurrent Scan Root Regions 146.347ms
[2530.758s][info][gc,marking     ] GC(447) Concurrent Mark
[2530.758s][info][gc,marking     ] GC(447) Concurrent Mark From Roots
[2530.758s][info][gc,task        ] GC(447) Using 2 workers of 2 for marking
.[2531.388s][info][gc,marking     ] GC(447) Concurrent Mark From Roots 630.352ms
[2531.388s][info][gc,marking     ] GC(447) Concurrent Preclean
[2531.388s][info][gc,marking     ] GC(447) Concurrent Preclean 0.069ms
[2531.388s][info][gc,start       ] GC(447) Pause Remark
[2531.392s][info][gc             ] GC(447) Pause Remark 1825M->1825M(4096M) 3.906ms
[2531.392s][info][gc,cpu         ] GC(447) User=0.02s Sys=0.00s Real=0.00s
[2531.393s][info][gc,marking     ] GC(447) Concurrent Mark 634.628ms
[2531.393s][info][gc,marking     ] GC(447) Concurrent Rebuild Remembered Sets and Scrub Regions
[2531.631s][info][gc,marking     ] GC(447) Concurrent Rebuild Remembered Sets and Scrub Regions 238.079ms
[2531.631s][info][gc,start       ] GC(447) Pause Cleanup
[2531.631s][info][gc             ] GC(447) Pause Cleanup 1958M->1958M(4096M) 0.142ms
[2531.631s][info][gc,cpu         ] GC(447) User=0.00s Sys=0.00s Real=0.00s
[2531.632s][info][gc,marking     ] GC(447) Concurrent Clear Claimed Marks
[2531.632s][info][gc,marking     ] GC(447) Concurrent Clear Claimed Marks 0.038ms
[2531.632s][info][gc,marking     ] GC(447) Concurrent Cleanup for Next Mark
[2531.635s][info][gc,marking     ] GC(447) Concurrent Cleanup for Next Mark 3.317ms
[2531.635s][info][gc             ] GC(447) Concurrent Mark Cycle 1023.537ms
...[2535.007s][info][gc,start       ] GC(448) Pause Young (Prepare Mixed) (G1 Evacuation Pause)
[2535.007s][info][gc,task        ] GC(448) Using 6 workers of 6 for evacuation
[2535.129s][info][gc,phases      ] GC(448)   Pre Evacuate Collection Set: 0.36ms
[2535.129s][info][gc,phases      ] GC(448)   Merge Heap Roots: 0.55ms
[2535.129s][info][gc,phases      ] GC(448)   Evacuate Collection Set: 120.11ms
[2535.129s][info][gc,phases      ] GC(448)   Post Evacuate Collection Set: 0.93ms
[2535.129s][info][gc,phases      ] GC(448)   Other: 0.09ms
[2535.129s][info][gc,heap        ] GC(448) Eden regions: 1119->0(1107)
[2535.129s][info][gc,heap        ] GC(448) Survivor regions: 109->112(154)
[2535.129s][info][gc,heap        ] GC(448) Old regions: 503->534
[2535.129s][info][gc,heap        ] GC(448) Humongous regions: 80->80
[2535.129s][info][gc,metaspace   ] GC(448) Metaspace: 29004K(29376K)->29004K(29376K) NonClass: 24118K(24256K)->24118K(24256K) Class: 4886K(5120K)->4886K(5120K)
[2535.129s][info][gc             ] GC(448) Pause Young (Prepare Mixed) (G1 Evacuation Pause) 3620M->1451M(4096M) 122.194ms
[2535.129s][info][gc,cpu         ] GC(448) User=0.73s Sys=0.00s Real=0.12s
.....[2539.551s][info][gc,start       ] GC(449) Pause Young (Mixed) (G1 Evacuation Pause)
[2539.551s][info][gc,task        ] GC(449) Using 6 workers of 6 for evacuation
[2539.681s][info][gc,phases      ] GC(449)   Pre Evacuate Collection Set: 0.34ms
[2539.681s][info][gc,phases      ] GC(449)   Merge Heap Roots: 0.68ms
[2539.681s][info][gc,phases      ] GC(449)   Evacuate Collection Set: 127.71ms
[2539.681s][info][gc,phases      ] GC(449)   Post Evacuate Collection Set: 0.95ms
[2539.681s][info][gc,phases      ] GC(449)   Other: 0.08ms
[2539.681s][info][gc,heap        ] GC(449) Eden regions: 1107->0(1119)
[2539.681s][info][gc,heap        ] GC(449) Survivor regions: 112->109(153)
[2539.681s][info][gc,heap        ] GC(449) Old regions: 534->471
[2539.681s][info][gc,heap        ] GC(449) Humongous regions: 80->80
[2539.681s][info][gc,metaspace   ] GC(449) Metaspace: 29004K(29376K)->29004K(29376K) NonClass: 24118K(24256K)->24118K(24256K) Class: 4886K(5120K)->4886K(5120K)
[2539.681s][info][gc             ] GC(449) Pause Young (Mixed) (G1 Evacuation Pause) 3665M->1319M(4096M) 129.910ms
[2539.681s][info][gc,cpu         ] GC(449) User=0.78s Sys=0.00s Real=0.13s
....[2544.123s][info][gc,start       ] GC(450) Pause Young (Concurrent Start) (G1 Evacuation Pause)
[2544.123s][info][gc,task        ] GC(450) Using 6 workers of 6 for evacuation
[2544.243s][info][gc,phases      ] GC(450)   Pre Evacuate Collection Set: 0.43ms
[2544.243s][info][gc,phases      ] GC(450)   Merge Heap Roots: 0.49ms
[2544.243s][info][gc,phases      ] GC(450)   Evacuate Collection Set: 117.53ms
[2544.243s][info][gc,phases      ] GC(450)   Post Evacuate Collection Set: 0.91ms
[2544.243s][info][gc,phases      ] GC(450)   Other: 0.13ms
[2544.243s][info][gc,heap        ] GC(450) Eden regions: 1119->0(1115)
[2544.243s][info][gc,heap        ] GC(450) Survivor regions: 109->113(154)
[2544.243s][info][gc,heap        ] GC(450) Old regions: 471->503
[2544.243s][info][gc,heap        ] GC(450) Humongous regions: 80->80
[2544.243s][info][gc,metaspace   ] GC(450) Metaspace: 29004K(29376K)->29004K(29376K) NonClass: 24118K(24256K)->24118K(24256K) Class: 4886K(5120K)->4886K(5120K)
[2544.243s][info][gc             ] GC(450) Pause Young (Concurrent Start) (G1 Evacuation Pause) 3557M->1391M(4096M) 119.612ms
[2544.243s][info][gc             ] GC(451) Concurrent Mark Cycle
[2544.243s][info][gc,marking     ] GC(451) Concurrent Scan Root Regions
[2544.243s][info][gc,cpu         ] GC(450) User=0.71s Sys=0.00s Real=0.11s
.[2544.390s][info][gc,marking     ] GC(451) Concurrent Scan Root Regions 147.120ms
[2544.390s][info][gc,marking     ] GC(451) Concurrent Mark
[2544.390s][info][gc,marking     ] GC(451) Concurrent Mark From Roots
[2544.390s][info][gc,task        ] GC(451) Using 2 workers of 2 for marking
[2544.945s][info][gc,marking     ] GC(451) Concurrent Mark From Roots 555.300ms
[2544.945s][info][gc,marking     ] GC(451) Concurrent Preclean
[2544.946s][info][gc,marking     ] GC(451) Concurrent Preclean 0.079ms
[2544.946s][info][gc,start       ] GC(451) Pause Remark
[2544.949s][info][gc             ] GC(451) Pause Remark 1845M->1845M(4096M) 3.694ms
[2544.949s][info][gc,cpu         ] GC(451) User=0.02s Sys=0.00s Real=0.00s
[2544.949s][info][gc,marking     ] GC(451) Concurrent Mark 559.313ms
[2544.949s][info][gc,marking     ] GC(451) Concurrent Rebuild Remembered Sets and Scrub Regions
[2545.151s][info][gc,marking     ] GC(451) Concurrent Rebuild Remembered Sets and Scrub Regions 201.753ms
[2545.151s][info][gc,start       ] GC(451) Pause Cleanup
[2545.151s][info][gc             ] GC(451) Pause Cleanup 1945M->1945M(4096M) 0.113ms
[2545.151s][info][gc,cpu         ] GC(451) User=0.00s Sys=0.00s Real=0.00s
[2545.152s][info][gc,marking     ] GC(451) Concurrent Clear Claimed Marks
[2545.152s][info][gc,marking     ] GC(451) Concurrent Clear Claimed Marks 0.031ms
[2545.152s][info][gc,marking     ] GC(451) Concurrent Cleanup for Next Mark
[2545.155s][info][gc,marking     ] GC(451) Concurrent Cleanup for Next Mark 3.388ms
[2545.155s][info][gc             ] GC(451) Concurrent Mark Cycle 912.049ms
....[2548.617s][info][gc,start       ] GC(452) Pause Young (Prepare Mixed) (G1 Evacuation Pause)
[2548.617s][info][gc,task        ] GC(452) Using 6 workers of 6 for evacuation
[2548.734s][info][gc,phases      ] GC(452)   Pre Evacuate Collection Set: 0.37ms
[2548.734s][info][gc,phases      ] GC(452)   Merge Heap Roots: 0.53ms
[2548.734s][info][gc,phases      ] GC(452)   Evacuate Collection Set: 114.59ms
[2548.734s][info][gc,phases      ] GC(452)   Post Evacuate Collection Set: 0.90ms
[2548.734s][info][gc,phases      ] GC(452)   Other: 0.09ms
[2548.734s][info][gc,heap        ] GC(452) Eden regions: 1115->0(1110)
[2548.734s][info][gc,heap        ] GC(452) Survivor regions: 113->110(154)
[2548.734s][info][gc,heap        ] GC(452) Old regions: 503->535
[2548.734s][info][gc,heap        ] GC(452) Humongous regions: 80->80
[2548.734s][info][gc,metaspace   ] GC(452) Metaspace: 29004K(29376K)->29004K(29376K) NonClass: 24118K(24256K)->24118K(24256K) Class: 4886K(5120K)->4886K(5120K)
[2548.734s][info][gc             ] GC(452) Pause Young (Prepare Mixed) (G1 Evacuation Pause) 3621M->1447M(4096M) 116.621ms
[2548.734s][info][gc,cpu         ] GC(452) User=0.69s Sys=0.00s Real=0.12s
....[2553.185s][info][gc,start       ] GC(453) Pause Young (Mixed) (G1 Evacuation Pause)
[2553.185s][info][gc,task        ] GC(453) Using 6 workers of 6 for evacuation
[2553.313s][info][gc,phases      ] GC(453)   Pre Evacuate Collection Set: 0.41ms
[2553.313s][info][gc,phases      ] GC(453)   Merge Heap Roots: 0.65ms
[2553.313s][info][gc,phases      ] GC(453)   Evacuate Collection Set: 125.73ms
[2553.313s][info][gc,phases      ] GC(453)   Post Evacuate Collection Set: 0.96ms
[2553.313s][info][gc,phases      ] GC(453)   Other: 0.09ms
[2553.313s][info][gc,heap        ] GC(453) Eden regions: 1110->0(1119)
[2553.313s][info][gc,heap        ] GC(453) Survivor regions: 110->109(153)
[2553.313s][info][gc,heap        ] GC(453) Old regions: 535->473
[2553.313s][info][gc,heap        ] GC(453) Humongous regions: 80->80
[2553.313s][info][gc,metaspace   ] GC(453) Metaspace: 29004K(29376K)->29004K(29376K) NonClass: 24118K(24256K)->24118K(24256K) Class: 4886K(5120K)->4886K(5120K)
[2553.313s][info][gc             ] GC(453) Pause Young (Mixed) (G1 Evacuation Pause) 3667M->1322M(4096M) 127.971ms
[2553.313s][info][gc,cpu         ] GC(453) User=0.76s Sys=0.00s Real=0.12s
.....[2557.615s][info][gc,start       ] GC(454) Pause Young (Concurrent Start) (G1 Evacuation Pause)
[2557.615s][info][gc,task        ] GC(454) Using 6 workers of 6 for evacuation
[2557.730s][info][gc,phases      ] GC(454)   Pre Evacuate Collection Set: 0.43ms
[2557.730s][info][gc,phases      ] GC(454)   Merge Heap Roots: 0.47ms
[2557.730s][info][gc,phases      ] GC(454)   Evacuate Collection Set: 113.11ms
[2557.730s][info][gc,phases      ] GC(454)   Post Evacuate Collection Set: 0.90ms
[2557.730s][info][gc,phases      ] GC(454)   Other: 0.11ms
[2557.730s][info][gc,heap        ] GC(454) Eden regions: 1119->0(1120)
[2557.730s][info][gc,heap        ] GC(454) Survivor regions: 109->108(154)
[2557.730s][info][gc,heap        ] GC(454) Old regions: 473->505
[2557.730s][info][gc,heap        ] GC(454) Humongous regions: 80->80
[2557.730s][info][gc,metaspace   ] GC(454) Metaspace: 29004K(29376K)->29004K(29376K) NonClass: 24118K(24256K)->24118K(24256K) Class: 4886K(5120K)->4886K(5120K)
[2557.730s][info][gc             ] GC(454) Pause Young (Concurrent Start) (G1 Evacuation Pause) 3560M->1384M(4096M) 115.155ms
[2557.730s][info][gc             ] GC(455) Concurrent Mark Cycle
[2557.730s][info][gc,marking     ] GC(455) Concurrent Scan Root Regions
[2557.730s][info][gc,cpu         ] GC(454) User=0.68s Sys=0.00s Real=0.11s
[2557.870s][info][gc,marking     ] GC(455) Concurrent Scan Root Regions 140.058ms
[2557.870s][info][gc,marking     ] GC(455) Concurrent Mark
[2557.870s][info][gc,marking     ] GC(455) Concurrent Mark From Roots
[2557.870s][info][gc,task        ] GC(455) Using 2 workers of 2 for marking
.[2558.490s][info][gc,marking     ] GC(455) Concurrent Mark From Roots 619.882ms
[2558.490s][info][gc,marking     ] GC(455) Concurrent Preclean
[2558.490s][info][gc,marking     ] GC(455) Concurrent Preclean 0.064ms
[2558.491s][info][gc,start       ] GC(455) Pause Remark
[2558.495s][info][gc             ] GC(455) Pause Remark 1814M->1814M(4096M) 4.506ms
[2558.495s][info][gc,cpu         ] GC(455) User=0.02s Sys=0.00s Real=0.01s
[2558.495s][info][gc,marking     ] GC(455) Concurrent Mark 624.975ms
[2558.495s][info][gc,marking     ] GC(455) Concurrent Rebuild Remembered Sets and Scrub Regions
[2558.724s][info][gc,marking     ] GC(455) Concurrent Rebuild Remembered Sets and Scrub Regions 229.033ms
[2558.724s][info][gc,start       ] GC(455) Pause Cleanup
[2558.725s][info][gc             ] GC(455) Pause Cleanup 1937M->1937M(4096M) 0.115ms
[2558.725s][info][gc,cpu         ] GC(455) User=0.00s Sys=0.00s Real=0.00s
[2558.725s][info][gc,marking     ] GC(455) Concurrent Clear Claimed Marks
[2558.725s][info][gc,marking     ] GC(455) Concurrent Clear Claimed Marks 0.027ms
[2558.725s][info][gc,marking     ] GC(455) Concurrent Cleanup for Next Mark
[2558.728s][info][gc,marking     ] GC(455) Concurrent Cleanup for Next Mark 3.157ms
[2558.728s][info][gc             ] GC(455) Concurrent Mark Cycle 997.689ms
...[2562.186s][info][gc,start       ] GC(456) Pause Young (Prepare Mixed) (G1 Evacuation Pause)
[2562.186s][info][gc,task        ] GC(456) Using 6 workers of 6 for evacuation
[2562.300s][info][gc,phases      ] GC(456)   Pre Evacuate Collection Set: 0.38ms
[2562.300s][info][gc,phases      ] GC(456)   Merge Heap Roots: 0.53ms
[2562.300s][info][gc,phases      ] GC(456)   Evacuate Collection Set: 112.51ms
[2562.300s][info][gc,phases      ] GC(456)   Post Evacuate Collection Set: 0.96ms
[2562.300s][info][gc,phases      ] GC(456)   Other: 0.08ms
[2562.300s][info][gc,heap        ] GC(456) Eden regions: 1120->0(1112)
[2562.300s][info][gc,heap        ] GC(456) Survivor regions: 108->108(154)
[2562.300s][info][gc,heap        ] GC(456) Old regions: 505->537
[2562.300s][info][gc,heap        ] GC(456) Humongous regions: 80->80
[2562.300s][info][gc,metaspace   ] GC(456) Metaspace: 29004K(29376K)->29004K(29376K) NonClass: 24118K(24256K)->24118K(24256K) Class: 4886K(5120K)->4886K(5120K)
[2562.301s][info][gc             ] GC(456) Pause Young (Prepare Mixed) (G1 Evacuation Pause) 3624M->1447M(4096M) 114.602ms
[2562.301s][info][gc,cpu         ] GC(456) User=0.68s Sys=0.00s Real=0.11s
.....[2566.733s][info][gc,start       ] GC(457) Pause Young (Mixed) (G1 Evacuation Pause)
[2566.733s][info][gc,task        ] GC(457) Using 6 workers of 6 for evacuation
[2566.865s][info][gc,phases      ] GC(457)   Pre Evacuate Collection Set: 0.34ms
[2566.865s][info][gc,phases      ] GC(457)   Merge Heap Roots: 0.73ms
[2566.865s][info][gc,phases      ] GC(457)   Evacuate Collection Set: 129.24ms
[2566.865s][info][gc,phases      ] GC(457)   Post Evacuate Collection Set: 0.96ms
[2566.865s][info][gc,phases      ] GC(457)   Other: 0.09ms
[2566.865s][info][gc,heap        ] GC(457) Eden regions: 1112->0(1120)
[2566.865s][info][gc,heap        ] GC(457) Survivor regions: 108->108(153)
[2566.865s][info][gc,heap        ] GC(457) Old regions: 537->472
[2566.865s][info][gc,heap        ] GC(457) Humongous regions: 80->80
[2566.865s][info][gc,metaspace   ] GC(457) Metaspace: 29004K(29376K)->29004K(29376K) NonClass: 24118K(24256K)->24118K(24256K) Class: 4886K(5120K)->4886K(5120K)
[2566.865s][info][gc             ] GC(457) Pause Young (Mixed) (G1 Evacuation Pause) 3671M->1317M(4096M) 131.501ms
[2566.865s][info][gc,cpu         ] GC(457) User=0.78s Sys=0.00s Real=0.13s
....[2571.199s][info][gc,start       ] GC(458) Pause Young (Concurrent Start) (G1 Evacuation Pause)
[2571.199s][info][gc,task        ] GC(458) Using 6 workers of 6 for evacuation
[2571.319s][info][gc,phases      ] GC(458)   Pre Evacuate Collection Set: 0.38ms
[2571.319s][info][gc,phases      ] GC(458)   Merge Heap Roots: 0.51ms
[2571.319s][info][gc,phases      ] GC(458)   Evacuate Collection Set: 118.60ms
[2571.319s][info][gc,phases      ] GC(458)   Post Evacuate Collection Set: 0.89ms
[2571.319s][info][gc,phases      ] GC(458)   Other: 0.10ms
[2571.319s][info][gc,heap        ] GC(458) Eden regions: 1120->0(1118)
[2571.319s][info][gc,heap        ] GC(458) Survivor regions: 108->110(154)
[2571.319s][info][gc,heap        ] GC(458) Old regions: 472->503
[2571.319s][info][gc,heap        ] GC(458) Humongous regions: 80->80
[2571.319s][info][gc,metaspace   ] GC(458) Metaspace: 29004K(29376K)->29004K(29376K) NonClass: 24118K(24256K)->24118K(24256K) Class: 4886K(5120K)->4886K(5120K)
[2571.319s][info][gc             ] GC(458) Pause Young (Concurrent Start) (G1 Evacuation Pause) 3557M->1385M(4096M) 120.647ms
[2571.319s][info][gc             ] GC(459) Concurrent Mark Cycle
[2571.319s][info][gc,marking     ] GC(459) Concurrent Scan Root Regions
[2571.319s][info][gc,cpu         ] GC(458) User=0.72s Sys=0.00s Real=0.12s
.[2571.458s][info][gc,marking     ] GC(459) Concurrent Scan Root Regions 138.388ms
[2571.458s][info][gc,marking     ] GC(459) Concurrent Mark
[2571.458s][info][gc,marking     ] GC(459) Concurrent Mark From Roots
[2571.458s][info][gc,task        ] GC(459) Using 2 workers of 2 for marking
[2572.054s][info][gc,marking     ] GC(459) Concurrent Mark From Roots 595.981ms
[2572.054s][info][gc,marking     ] GC(459) Concurrent Preclean
[2572.054s][info][gc,marking     ] GC(459) Concurrent Preclean 0.074ms
[2572.054s][info][gc,start       ] GC(459) Pause Remark
[2572.058s][info][gc             ] GC(459) Pause Remark 1776M->1776M(4096M) 3.779ms
[2572.058s][info][gc,cpu         ] GC(459) User=0.02s Sys=0.00s Real=0.00s
[2572.058s][info][gc,marking     ] GC(459) Concurrent Mark 600.123ms
[2572.058s][info][gc,marking     ] GC(459) Concurrent Rebuild Remembered Sets and Scrub Regions
[2572.410s][info][gc,marking     ] GC(459) Concurrent Rebuild Remembered Sets and Scrub Regions 352.128ms
[2572.410s][info][gc,start       ] GC(459) Pause Cleanup
[2572.410s][info][gc             ] GC(459) Pause Cleanup 1957M->1957M(4096M) 0.140ms
[2572.411s][info][gc,cpu         ] GC(459) User=0.00s Sys=0.00s Real=0.00s
[2572.411s][info][gc,marking     ] GC(459) Concurrent Clear Claimed Marks
[2572.411s][info][gc,marking     ] GC(459) Concurrent Clear Claimed Marks 0.041ms
[2572.411s][info][gc,marking     ] GC(459) Concurrent Cleanup for Next Mark
[2572.415s][info][gc,marking     ] GC(459) Concurrent Cleanup for Next Mark 4.158ms
[2572.415s][info][gc             ] GC(459) Concurrent Mark Cycle 1095.546ms
.. (rIR:aIR:PR = 4151:4154:4154) (tPR = 61758) [OK] 
  2573s: Performance info:
         Transaction,    Success,    Partial,     Failed,   Receipts, AvgBarcode, 
             Overall,     251105,          0,          0,     238538,      59.48, 
         Response times:
             Request,    Success,    Partial,     Failed,   SkipFail,     Probes,    Samples,      min,      p50,      p90,      p95,      p99,      max, 
       TotalPurchase,     238538,          0,          0,          0,     234342,     262331,      300,     3400,     6000,     8700,    53000,   218000,
     InStorePurchase,     125500,          0,          0,          0,     123330,     137601,      300,     3400,     6100,     8800,    53000,   218000,
      OnlinePurchase,      87897,          0,          0,          0,      86611,      97008,      300,     3200,     5900,     8500,    51000,   218000,
        InstPurchase,      25141,          0,          0,          0,      24401,      27722,      400,     3500,     6200,     9100,    54000,   218000,
          AssocOfCat,        251,          0,          0,          0,        191,        271,    18500,    30000,    47800,    62400,   147640,   190000,
      AssocOfProduct,       2515,          0,          0,          0,       2274,       2746,      600,     4100,     6400,    10965,    56530,   134000,
      BusinessReport,        628,          0,          0,          0,        547,        713,    23000,    34000,    53000,    65000,   173180,   234000,
          CustBuyBeh,       2514,          0,          0,          0,       2342,       2818,      200,     4000,     6600,     9800,    57000,   149000,
       ProductReturn,       6659,          0,          0,          0,       6297,       7364,      200,     3100,     6000,     8900,    51000,   218000,

  2573s: (31%)   IR =   4289 ..[2575.738s][info][gc,start       ] GC(460) Pause Young (Prepare Mixed) (G1 Evacuation Pause)
[2575.738s][info][gc,task        ] GC(460) Using 6 workers of 6 for evacuation
[2575.852s][info][gc,phases      ] GC(460)   Pre Evacuate Collection Set: 0.35ms
[2575.852s][info][gc,phases      ] GC(460)   Merge Heap Roots: 0.52ms
[2575.852s][info][gc,phases      ] GC(460)   Evacuate Collection Set: 112.50ms
[2575.852s][info][gc,phases      ] GC(460)   Post Evacuate Collection Set: 0.99ms
[2575.853s][info][gc,phases      ] GC(460)   Other: 0.10ms
[2575.853s][info][gc,heap        ] GC(460) Eden regions: 1118->0(1114)
[2575.853s][info][gc,heap        ] GC(460) Survivor regions: 110->108(154)
[2575.853s][info][gc,heap        ] GC(460) Old regions: 503->535
[2575.853s][info][gc,heap        ] GC(460) Humongous regions: 80->80
[2575.853s][info][gc,metaspace   ] GC(460) Metaspace: 29004K(29376K)->29004K(29376K) NonClass: 24118K(24256K)->24118K(24256K) Class: 4886K(5120K)->4886K(5120K)
[2575.853s][info][gc             ] GC(460) Pause Young (Prepare Mixed) (G1 Evacuation Pause) 3621M->1444M(4096M) 114.574ms
[2575.853s][info][gc,cpu         ] GC(460) User=0.68s Sys=0.00s Real=0.11s
..|..[2580.088s][info][gc,start       ] GC(461) Pause Young (Mixed) (G1 Evacuation Pause)
[2580.088s][info][gc,task        ] GC(461) Using 6 workers of 6 for evacuation
[2580.215s][info][gc,phases      ] GC(461)   Pre Evacuate Collection Set: 0.36ms
[2580.215s][info][gc,phases      ] GC(461)   Merge Heap Roots: 0.62ms
[2580.215s][info][gc,phases      ] GC(461)   Evacuate Collection Set: 125.25ms
[2580.215s][info][gc,phases      ] GC(461)   Post Evacuate Collection Set: 0.97ms
[2580.215s][info][gc,phases      ] GC(461)   Other: 0.09ms
[2580.215s][info][gc,heap        ] GC(461) Eden regions: 1114->0(1119)
[2580.215s][info][gc,heap        ] GC(461) Survivor regions: 108->109(153)
[2580.215s][info][gc,heap        ] GC(461) Old regions: 535->472
[2580.215s][info][gc,heap        ] GC(461) Humongous regions: 80->80
[2580.215s][info][gc,metaspace   ] GC(461) Metaspace: 29004K(29376K)->29004K(29376K) NonClass: 24118K(24256K)->24118K(24256K) Class: 4886K(5120K)->4886K(5120K)
[2580.215s][info][gc             ] GC(461) Pause Young (Mixed) (G1 Evacuation Pause) 3672M->1319M(4096M) 127.425ms
[2580.215s][info][gc,cpu         ] GC(461) User=0.76s Sys=0.00s Real=0.13s
.....[2584.479s][info][gc,start       ] GC(462) Pause Young (Concurrent Start) (G1 Evacuation Pause)
[2584.479s][info][gc,task        ] GC(462) Using 6 workers of 6 for evacuation
[2584.597s][info][gc,phases      ] GC(462)   Pre Evacuate Collection Set: 0.39ms
[2584.597s][info][gc,phases      ] GC(462)   Merge Heap Roots: 0.49ms
[2584.597s][info][gc,phases      ] GC(462)   Evacuate Collection Set: 116.14ms
[2584.597s][info][gc,phases      ] GC(462)   Post Evacuate Collection Set: 0.88ms
[2584.597s][info][gc,phases      ] GC(462)   Other: 0.10ms
[2584.597s][info][gc,heap        ] GC(462) Eden regions: 1119->0(1119)
[2584.597s][info][gc,heap        ] GC(462) Survivor regions: 109->109(154)
[2584.597s][info][gc,heap        ] GC(462) Old regions: 472->504
[2584.597s][info][gc,heap        ] GC(462) Humongous regions: 80->80
[2584.597s][info][gc,metaspace   ] GC(462) Metaspace: 29004K(29376K)->29004K(29376K) NonClass: 24118K(24256K)->24118K(24256K) Class: 4886K(5120K)->4886K(5120K)
[2584.597s][info][gc             ] GC(462) Pause Young (Concurrent Start) (G1 Evacuation Pause) 3557M->1385M(4096M) 118.121ms
[2584.597s][info][gc             ] GC(463) Concurrent Mark Cycle
[2584.597s][info][gc,marking     ] GC(463) Concurrent Scan Root Regions
[2584.597s][info][gc,cpu         ] GC(462) User=0.70s Sys=0.00s Real=0.12s
[2584.751s][info][gc,marking     ] GC(463) Concurrent Scan Root Regions 154.263ms
[2584.751s][info][gc,marking     ] GC(463) Concurrent Mark
[2584.751s][info][gc,marking     ] GC(463) Concurrent Mark From Roots
[2584.751s][info][gc,task        ] GC(463) Using 2 workers of 2 for marking
[2585.389s][info][gc,marking     ] GC(463) Concurrent Mark From Roots 637.519ms
[2585.389s][info][gc,marking     ] GC(463) Concurrent Preclean
[2585.389s][info][gc,marking     ] GC(463) Concurrent Preclean 0.089ms
[2585.389s][info][gc,start       ] GC(463) Pause Remark
[2585.393s][info][gc             ] GC(463) Pause Remark 1785M->1785M(4096M) 4.199ms
[2585.393s][info][gc,cpu         ] GC(463) User=0.02s Sys=0.00s Real=0.01s
[2585.393s][info][gc,marking     ] GC(463) Concurrent Mark 642.388ms
[2585.393s][info][gc,marking     ] GC(463) Concurrent Rebuild Remembered Sets and Scrub Regions
.[2585.618s][info][gc,marking     ] GC(463) Concurrent Rebuild Remembered Sets and Scrub Regions 224.497ms
[2585.618s][info][gc,start       ] GC(463) Pause Cleanup
[2585.618s][info][gc             ] GC(463) Pause Cleanup 1894M->1894M(4096M) 0.106ms
[2585.618s][info][gc,cpu         ] GC(463) User=0.00s Sys=0.00s Real=0.00s
[2585.618s][info][gc,marking     ] GC(463) Concurrent Clear Claimed Marks
[2585.618s][info][gc,marking     ] GC(463) Concurrent Clear Claimed Marks 0.028ms
[2585.618s][info][gc,marking     ] GC(463) Concurrent Cleanup for Next Mark
[2585.621s][info][gc,marking     ] GC(463) Concurrent Cleanup for Next Mark 3.218ms
[2585.621s][info][gc             ] GC(463) Concurrent Mark Cycle 1024.793ms
...[2588.921s][info][gc,start       ] GC(464) Pause Young (Prepare Mixed) (G1 Evacuation Pause)
[2588.921s][info][gc,task        ] GC(464) Using 6 workers of 6 for evacuation
[2589.035s][info][gc,phases      ] GC(464)   Pre Evacuate Collection Set: 0.35ms
[2589.035s][info][gc,phases      ] GC(464)   Merge Heap Roots: 0.50ms
[2589.035s][info][gc,phases      ] GC(464)   Evacuate Collection Set: 112.23ms
[2589.035s][info][gc,phases      ] GC(464)   Post Evacuate Collection Set: 0.95ms
[2589.035s][info][gc,phases      ] GC(464)   Other: 0.09ms
[2589.035s][info][gc,heap        ] GC(464) Eden regions: 1119->0(1113)
[2589.035s][info][gc,heap        ] GC(464) Survivor regions: 109->108(154)
[2589.035s][info][gc,heap        ] GC(464) Old regions: 504->536
[2589.035s][info][gc,heap        ] GC(464) Humongous regions: 80->80
[2589.035s][info][gc,metaspace   ] GC(464) Metaspace: 29004K(29376K)->29004K(29376K) NonClass: 24118K(24256K)->24118K(24256K) Class: 4886K(5120K)->4886K(5120K)
[2589.035s][info][gc             ] GC(464) Pause Young (Prepare Mixed) (G1 Evacuation Pause) 3623M->1446M(4096M) 114.276ms
[2589.035s][info][gc,cpu         ] GC(464) User=0.68s Sys=0.00s Real=0.12s
....[2593.275s][info][gc,start       ] GC(465) Pause Young (Mixed) (G1 Evacuation Pause)
[2593.275s][info][gc,task        ] GC(465) Using 6 workers of 6 for evacuation
[2593.405s][info][gc,phases      ] GC(465)   Pre Evacuate Collection Set: 0.36ms
[2593.405s][info][gc,phases      ] GC(465)   Merge Heap Roots: 0.63ms
[2593.405s][info][gc,phases      ] GC(465)   Evacuate Collection Set: 127.59ms
[2593.405s][info][gc,phases      ] GC(465)   Post Evacuate Collection Set: 0.93ms
[2593.405s][info][gc,phases      ] GC(465)   Other: 0.09ms
[2593.405s][info][gc,heap        ] GC(465) Eden regions: 1113->0(1119)
[2593.405s][info][gc,heap        ] GC(465) Survivor regions: 108->109(153)
[2593.405s][info][gc,heap        ] GC(465) Old regions: 536->472
[2593.405s][info][gc,heap        ] GC(465) Humongous regions: 80->80
[2593.405s][info][gc,metaspace   ] GC(465) Metaspace: 29004K(29376K)->29004K(29376K) NonClass: 24118K(24256K)->24118K(24256K) Class: 4886K(5120K)->4886K(5120K)
[2593.405s][info][gc             ] GC(465) Pause Young (Mixed) (G1 Evacuation Pause) 3672M->1319M(4096M) 129.730ms
[2593.405s][info][gc,cpu         ] GC(465) User=0.77s Sys=0.00s Real=0.13s
.....[2597.677s][info][gc,start       ] GC(466) Pause Young (Concurrent Start) (G1 Evacuation Pause)
[2597.677s][info][gc,task        ] GC(466) Using 6 workers of 6 for evacuation
[2597.794s][info][gc,phases      ] GC(466)   Pre Evacuate Collection Set: 0.38ms
[2597.794s][info][gc,phases      ] GC(466)   Merge Heap Roots: 0.51ms
[2597.794s][info][gc,phases      ] GC(466)   Evacuate Collection Set: 115.21ms
[2597.794s][info][gc,phases      ] GC(466)   Post Evacuate Collection Set: 0.89ms
[2597.794s][info][gc,phases      ] GC(466)   Other: 0.11ms
[2597.794s][info][gc,heap        ] GC(466) Eden regions: 1119->0(1119)
[2597.794s][info][gc,heap        ] GC(466) Survivor regions: 109->109(154)
[2597.794s][info][gc,heap        ] GC(466) Old regions: 472->505
[2597.794s][info][gc,heap        ] GC(466) Humongous regions: 80->80
[2597.794s][info][gc,metaspace   ] GC(466) Metaspace: 29004K(29376K)->29004K(29376K) NonClass: 24118K(24256K)->24118K(24256K) Class: 4886K(5120K)->4886K(5120K)
[2597.794s][info][gc             ] GC(466) Pause Young (Concurrent Start) (G1 Evacuation Pause) 3557M->1386M(4096M) 117.253ms
[2597.794s][info][gc             ] GC(467) Concurrent Mark Cycle
[2597.794s][info][gc,marking     ] GC(467) Concurrent Scan Root Regions
[2597.794s][info][gc,cpu         ] GC(466) User=0.70s Sys=0.00s Real=0.12s
[2597.933s][info][gc,marking     ] GC(467) Concurrent Scan Root Regions 138.522ms
[2597.933s][info][gc,marking     ] GC(467) Concurrent Mark
[2597.933s][info][gc,marking     ] GC(467) Concurrent Mark From Roots
[2597.933s][info][gc,task        ] GC(467) Using 2 workers of 2 for marking
.[2598.523s][info][gc,marking     ] GC(467) Concurrent Mark From Roots 589.832ms
[2598.523s][info][gc,marking     ] GC(467) Concurrent Preclean
[2598.523s][info][gc,marking     ] GC(467) Concurrent Preclean 0.064ms
[2598.523s][info][gc,start       ] GC(467) Pause Remark
[2598.527s][info][gc             ] GC(467) Pause Remark 1786M->1786M(4096M) 3.966ms
[2598.527s][info][gc,cpu         ] GC(467) User=0.01s Sys=0.00s Real=0.01s
[2598.527s][info][gc,marking     ] GC(467) Concurrent Mark 594.076ms
[2598.527s][info][gc,marking     ] GC(467) Concurrent Rebuild Remembered Sets and Scrub Regions
[2598.798s][info][gc,marking     ] GC(467) Concurrent Rebuild Remembered Sets and Scrub Regions 270.901ms
[2598.798s][info][gc,start       ] GC(467) Pause Cleanup
[2598.798s][info][gc             ] GC(467) Pause Cleanup 1942M->1942M(4096M) 0.137ms
[2598.798s][info][gc,cpu         ] GC(467) User=0.00s Sys=0.00s Real=0.00s
[2598.798s][info][gc,marking     ] GC(467) Concurrent Clear Claimed Marks
[2598.798s][info][gc,marking     ] GC(467) Concurrent Clear Claimed Marks 0.028ms
[2598.798s][info][gc,marking     ] GC(467) Concurrent Cleanup for Next Mark
[2598.803s][info][gc,marking     ] GC(467) Concurrent Cleanup for Next Mark 4.553ms
[2598.803s][info][gc             ] GC(467) Concurrent Mark Cycle 1008.643ms
...[2602.034s][info][gc,start       ] GC(468) Pause Young (Prepare Mixed) (G1 Evacuation Pause)
[2602.034s][info][gc,task        ] GC(468) Using 6 workers of 6 for evacuation
[2602.152s][info][gc,phases      ] GC(468)   Pre Evacuate Collection Set: 0.34ms
[2602.152s][info][gc,phases      ] GC(468)   Merge Heap Roots: 0.54ms
[2602.152s][info][gc,phases      ] GC(468)   Evacuate Collection Set: 116.23ms
[2602.152s][info][gc,phases      ] GC(468)   Post Evacuate Collection Set: 0.93ms
[2602.153s][info][gc,phases      ] GC(468)   Other: 0.09ms
[2602.153s][info][gc,heap        ] GC(468) Eden regions: 1119->0(1108)
[2602.153s][info][gc,heap        ] GC(468) Survivor regions: 109->111(154)
[2602.153s][info][gc,heap        ] GC(468) Old regions: 505->535
[2602.153s][info][gc,heap        ] GC(468) Humongous regions: 80->80
[2602.153s][info][gc,metaspace   ] GC(468) Metaspace: 29004K(29376K)->29004K(29376K) NonClass: 24118K(24256K)->24118K(24256K) Class: 4886K(5120K)->4886K(5120K)
[2602.153s][info][gc             ] GC(468) Pause Young (Prepare Mixed) (G1 Evacuation Pause) 3624M->1450M(4096M) 118.257ms
[2602.153s][info][gc,cpu         ] GC(468) User=0.71s Sys=0.00s Real=0.11s
....[2606.457s][info][gc,start       ] GC(469) Pause Young (Mixed) (G1 Evacuation Pause)
[2606.457s][info][gc,task        ] GC(469) Using 6 workers of 6 for evacuation
[2606.590s][info][gc,phases      ] GC(469)   Pre Evacuate Collection Set: 0.37ms
[2606.590s][info][gc,phases      ] GC(469)   Merge Heap Roots: 0.66ms
[2606.590s][info][gc,phases      ] GC(469)   Evacuate Collection Set: 130.81ms
[2606.590s][info][gc,phases      ] GC(469)   Post Evacuate Collection Set: 0.95ms
[2606.590s][info][gc,phases      ] GC(469)   Other: 0.09ms
[2606.590s][info][gc,heap        ] GC(469) Eden regions: 1108->0(1119)
[2606.590s][info][gc,heap        ] GC(469) Survivor regions: 111->109(153)
[2606.590s][info][gc,heap        ] GC(469) Old regions: 535->473
[2606.590s][info][gc,heap        ] GC(469) Humongous regions: 80->80
[2606.590s][info][gc,metaspace   ] GC(469) Metaspace: 29004K(29376K)->29004K(29376K) NonClass: 24118K(24256K)->24118K(24256K) Class: 4886K(5120K)->4886K(5120K)
[2606.590s][info][gc             ] GC(469) Pause Young (Mixed) (G1 Evacuation Pause) 3666M->1322M(4096M) 133.017ms
[2606.590s][info][gc,cpu         ] GC(469) User=0.80s Sys=0.00s Real=0.13s
.....[2610.832s][info][gc,start       ] GC(470) Pause Young (Concurrent Start) (G1 Evacuation Pause)
[2610.832s][info][gc,task        ] GC(470) Using 6 workers of 6 for evacuation
[2610.949s][info][gc,phases      ] GC(470)   Pre Evacuate Collection Set: 0.38ms
[2610.949s][info][gc,phases      ] GC(470)   Merge Heap Roots: 0.50ms
[2610.949s][info][gc,phases      ] GC(470)   Evacuate Collection Set: 114.95ms
[2610.949s][info][gc,phases      ] GC(470)   Post Evacuate Collection Set: 0.89ms
[2610.949s][info][gc,phases      ] GC(470)   Other: 0.11ms
[2610.949s][info][gc,heap        ] GC(470) Eden regions: 1119->0(1120)
[2610.949s][info][gc,heap        ] GC(470) Survivor regions: 109->108(154)
[2610.949s][info][gc,heap        ] GC(470) Old regions: 473->505
[2610.949s][info][gc,heap        ] GC(470) Humongous regions: 80->80
[2610.949s][info][gc,metaspace   ] GC(470) Metaspace: 29004K(29376K)->29004K(29376K) NonClass: 24118K(24256K)->24118K(24256K) Class: 4886K(5120K)->4886K(5120K)
[2610.949s][info][gc             ] GC(470) Pause Young (Concurrent Start) (G1 Evacuation Pause) 3560M->1384M(4096M) 116.956ms
[2610.949s][info][gc             ] GC(471) Concurrent Mark Cycle
[2610.949s][info][gc,marking     ] GC(471) Concurrent Scan Root Regions
[2610.949s][info][gc,cpu         ] GC(470) User=0.69s Sys=0.00s Real=0.12s
[2611.087s][info][gc,marking     ] GC(471) Concurrent Scan Root Regions 138.420ms
[2611.087s][info][gc,marking     ] GC(471) Concurrent Mark
[2611.087s][info][gc,marking     ] GC(471) Concurrent Mark From Roots
[2611.087s][info][gc,task        ] GC(471) Using 2 workers of 2 for marking
.[2611.814s][info][gc,marking     ] GC(471) Concurrent Mark From Roots 726.062ms
[2611.814s][info][gc,marking     ] GC(471) Concurrent Preclean
[2611.814s][info][gc,marking     ] GC(471) Concurrent Preclean 0.067ms
[2611.814s][info][gc,start       ] GC(471) Pause Remark
[2611.818s][info][gc             ] GC(471) Pause Remark 1880M->1880M(4096M) 4.475ms
[2611.818s][info][gc,cpu         ] GC(471) User=0.03s Sys=0.00s Real=0.00s
[2611.818s][info][gc,marking     ] GC(471) Concurrent Mark 730.863ms
[2611.818s][info][gc,marking     ] GC(471) Concurrent Rebuild Remembered Sets and Scrub Regions
[2612.054s][info][gc,marking     ] GC(471) Concurrent Rebuild Remembered Sets and Scrub Regions 235.850ms
[2612.054s][info][gc,start       ] GC(471) Pause Cleanup
[2612.054s][info][gc             ] GC(471) Pause Cleanup 2003M->2003M(4096M) 0.122ms
[2612.054s][info][gc,cpu         ] GC(471) User=0.00s Sys=0.00s Real=0.00s
[2612.054s][info][gc,marking     ] GC(471) Concurrent Clear Claimed Marks
[2612.055s][info][gc,marking     ] GC(471) Concurrent Clear Claimed Marks 0.031ms
[2612.055s][info][gc,marking     ] GC(471) Concurrent Cleanup for Next Mark
[2612.058s][info][gc,marking     ] GC(471) Concurrent Cleanup for Next Mark 3.189ms
[2612.058s][info][gc             ] GC(471) Concurrent Mark Cycle 1108.786ms
...[2615.193s][info][gc,start       ] GC(472) Pause Young (Prepare Mixed) (G1 Evacuation Pause)
[2615.193s][info][gc,task        ] GC(472) Using 6 workers of 6 for evacuation
[2615.309s][info][gc,phases      ] GC(472)   Pre Evacuate Collection Set: 0.34ms
[2615.309s][info][gc,phases      ] GC(472)   Merge Heap Roots: 0.51ms
[2615.309s][info][gc,phases      ] GC(472)   Evacuate Collection Set: 114.28ms
[2615.309s][info][gc,phases      ] GC(472)   Post Evacuate Collection Set: 0.95ms
[2615.309s][info][gc,phases      ] GC(472)   Other: 0.09ms
[2615.309s][info][gc,heap        ] GC(472) Eden regions: 1120->0(1112)
[2615.309s][info][gc,heap        ] GC(472) Survivor regions: 108->108(154)
[2615.309s][info][gc,heap        ] GC(472) Old regions: 505->537
[2615.309s][info][gc,heap        ] GC(472) Humongous regions: 80->80
[2615.309s][info][gc,metaspace   ] GC(472) Metaspace: 29004K(29376K)->29004K(29376K) NonClass: 24118K(24256K)->24118K(24256K) Class: 4886K(5120K)->4886K(5120K)
[2615.309s][info][gc             ] GC(472) Pause Young (Prepare Mixed) (G1 Evacuation Pause) 3624M->1447M(4096M) 116.334ms
[2615.309s][info][gc,cpu         ] GC(472) User=0.69s Sys=0.00s Real=0.12s
.....[2619.690s][info][gc,start       ] GC(473) Pause Young (Mixed) (G1 Evacuation Pause)
[2619.690s][info][gc,task        ] GC(473) Using 6 workers of 6 for evacuation
[2619.819s][info][gc,phases      ] GC(473)   Pre Evacuate Collection Set: 0.40ms
[2619.819s][info][gc,phases      ] GC(473)   Merge Heap Roots: 0.62ms
[2619.819s][info][gc,phases      ] GC(473)   Evacuate Collection Set: 126.63ms
[2619.819s][info][gc,phases      ] GC(473)   Post Evacuate Collection Set: 0.97ms
[2619.819s][info][gc,phases      ] GC(473)   Other: 0.09ms
[2619.819s][info][gc,heap        ] GC(473) Eden regions: 1112->0(1120)
[2619.819s][info][gc,heap        ] GC(473) Survivor regions: 108->108(153)
[2619.819s][info][gc,heap        ] GC(473) Old regions: 537->472
[2619.819s][info][gc,heap        ] GC(473) Humongous regions: 80->80
[2619.819s][info][gc,metaspace   ] GC(473) Metaspace: 29004K(29376K)->29004K(29376K) NonClass: 24118K(24256K)->24118K(24256K) Class: 4886K(5120K)->4886K(5120K)
[2619.819s][info][gc             ] GC(473) Pause Young (Mixed) (G1 Evacuation Pause) 3671M->1317M(4096M) 128.842ms
[2619.819s][info][gc,cpu         ] GC(473) User=0.77s Sys=0.00s Real=0.13s
....[2624.030s][info][gc,start       ] GC(474) Pause Young (Concurrent Start) (G1 Evacuation Pause)
[2624.030s][info][gc,task        ] GC(474) Using 6 workers of 6 for evacuation
[2624.146s][info][gc,phases      ] GC(474)   Pre Evacuate Collection Set: 0.45ms
[2624.146s][info][gc,phases      ] GC(474)   Merge Heap Roots: 0.54ms
[2624.146s][info][gc,phases      ] GC(474)   Evacuate Collection Set: 114.27ms
[2624.146s][info][gc,phases      ] GC(474)   Post Evacuate Collection Set: 0.89ms
[2624.146s][info][gc,phases      ] GC(474)   Other: 0.14ms
[2624.147s][info][gc,heap        ] GC(474) Eden regions: 1120->0(1120)
[2624.147s][info][gc,heap        ] GC(474) Survivor regions: 108->108(154)
[2624.147s][info][gc,heap        ] GC(474) Old regions: 472->503
[2624.147s][info][gc,heap        ] GC(474) Humongous regions: 80->80
[2624.147s][info][gc,metaspace   ] GC(474) Metaspace: 29004K(29376K)->29004K(29376K) NonClass: 24118K(24256K)->24118K(24256K) Class: 4886K(5120K)->4886K(5120K)
[2624.147s][info][gc             ] GC(474) Pause Young (Concurrent Start) (G1 Evacuation Pause) 3557M->1379M(4096M) 116.448ms
[2624.147s][info][gc             ] GC(475) Concurrent Mark Cycle
[2624.147s][info][gc,marking     ] GC(475) Concurrent Scan Root Regions
[2624.147s][info][gc,cpu         ] GC(474) User=0.69s Sys=0.00s Real=0.12s
[2624.289s][info][gc,marking     ] GC(475) Concurrent Scan Root Regions 142.658ms
[2624.289s][info][gc,marking     ] GC(475) Concurrent Mark
[2624.289s][info][gc,marking     ] GC(475) Concurrent Mark From Roots
[2624.289s][info][gc,task        ] GC(475) Using 2 workers of 2 for marking
.[2625.232s][info][gc,marking     ] GC(475) Concurrent Mark From Roots 942.309ms
[2625.232s][info][gc,marking     ] GC(475) Concurrent Preclean
[2625.232s][info][gc,marking     ] GC(475) Concurrent Preclean 0.063ms
[2625.232s][info][gc,start       ] GC(475) Pause Remark
[2625.237s][info][gc             ] GC(475) Pause Remark 1984M->1984M(4096M) 5.295ms
[2625.237s][info][gc,cpu         ] GC(475) User=0.03s Sys=0.00s Real=0.01s
[2625.237s][info][gc,marking     ] GC(475) Concurrent Mark 947.920ms
[2625.237s][info][gc,marking     ] GC(475) Concurrent Rebuild Remembered Sets and Scrub Regions
[2625.589s][info][gc,marking     ] GC(475) Concurrent Rebuild Remembered Sets and Scrub Regions 352.019ms
[2625.589s][info][gc,start       ] GC(475) Pause Cleanup
[2625.590s][info][gc             ] GC(475) Pause Cleanup 2167M->2167M(4096M) 0.134ms
[2625.590s][info][gc,cpu         ] GC(475) User=0.00s Sys=0.00s Real=0.00s
[2625.590s][info][gc,marking     ] GC(475) Concurrent Clear Claimed Marks
[2625.590s][info][gc,marking     ] GC(475) Concurrent Clear Claimed Marks 0.025ms
[2625.590s][info][gc,marking     ] GC(475) Concurrent Cleanup for Next Mark
[2625.593s][info][gc,marking     ] GC(475) Concurrent Cleanup for Next Mark 3.569ms
[2625.593s][info][gc             ] GC(475) Concurrent Mark Cycle 1446.679ms
...[2628.431s][info][gc,start       ] GC(476) Pause Young (Prepare Mixed) (G1 Evacuation Pause)
[2628.431s][info][gc,task        ] GC(476) Using 6 workers of 6 for evacuation
[2628.549s][info][gc,phases      ] GC(476)   Pre Evacuate Collection Set: 0.37ms
[2628.549s][info][gc,phases      ] GC(476)   Merge Heap Roots: 0.51ms
[2628.549s][info][gc,phases      ] GC(476)   Evacuate Collection Set: 115.90ms
[2628.549s][info][gc,phases      ] GC(476)   Post Evacuate Collection Set: 0.93ms
[2628.549s][info][gc,phases      ] GC(476)   Other: 0.09ms
[2628.549s][info][gc,heap        ] GC(476) Eden regions: 1120->0(1112)
[2628.549s][info][gc,heap        ] GC(476) Survivor regions: 108->109(154)
[2628.549s][info][gc,heap        ] GC(476) Old regions: 503->535
[2628.549s][info][gc,heap        ] GC(476) Humongous regions: 80->80
[2628.549s][info][gc,metaspace   ] GC(476) Metaspace: 29004K(29376K)->29004K(29376K) NonClass: 24118K(24256K)->24118K(24256K) Class: 4886K(5120K)->4886K(5120K)
[2628.549s][info][gc             ] GC(476) Pause Young (Prepare Mixed) (G1 Evacuation Pause) 3619M->1447M(4096M) 117.944ms
[2628.549s][info][gc,cpu         ] GC(476) User=0.70s Sys=0.00s Real=0.12s
.....[2632.788s][info][gc,start       ] GC(477) Pause Young (Mixed) (G1 Evacuation Pause)
[2632.788s][info][gc,task        ] GC(477) Using 6 workers of 6 for evacuation
[2632.917s][info][gc,phases      ] GC(477)   Pre Evacuate Collection Set: 0.41ms
[2632.917s][info][gc,phases      ] GC(477)   Merge Heap Roots: 0.72ms
[2632.917s][info][gc,phases      ] GC(477)   Evacuate Collection Set: 126.99ms
[2632.917s][info][gc,phases      ] GC(477)   Post Evacuate Collection Set: 0.97ms
[2632.917s][info][gc,phases      ] GC(477)   Other: 0.10ms
[2632.917s][info][gc,heap        ] GC(477) Eden regions: 1112->0(1121)
[2632.917s][info][gc,heap        ] GC(477) Survivor regions: 109->107(153)
[2632.917s][info][gc,heap        ] GC(477) Old regions: 535->472
[2632.917s][info][gc,heap        ] GC(477) Humongous regions: 80->80
[2632.917s][info][gc,metaspace   ] GC(477) Metaspace: 29004K(29376K)->29004K(29376K) NonClass: 24118K(24256K)->24118K(24256K) Class: 4886K(5120K)->4886K(5120K)
[2632.917s][info][gc             ] GC(477) Pause Young (Mixed) (G1 Evacuation Pause) 3671M->1315M(4096M) 129.337ms
[2632.917s][info][gc,cpu         ] GC(477) User=0.77s Sys=0.00s Real=0.13s
....[2637.197s][info][gc,start       ] GC(478) Pause Young (Concurrent Start) (G1 Evacuation Pause)
[2637.197s][info][gc,task        ] GC(478) Using 6 workers of 6 for evacuation
[2637.313s][info][gc,phases      ] GC(478)   Pre Evacuate Collection Set: 0.39ms
[2637.313s][info][gc,phases      ] GC(478)   Merge Heap Roots: 0.50ms
[2637.313s][info][gc,phases      ] GC(478)   Evacuate Collection Set: 114.11ms
[2637.313s][info][gc,phases      ] GC(478)   Post Evacuate Collection Set: 0.95ms
[2637.313s][info][gc,phases      ] GC(478)   Other: 0.11ms
[2637.313s][info][gc,heap        ] GC(478) Eden regions: 1121->0(1119)
[2637.313s][info][gc,heap        ] GC(478) Survivor regions: 107->109(154)
[2637.313s][info][gc,heap        ] GC(478) Old regions: 472->504
[2637.313s][info][gc,heap        ] GC(478) Humongous regions: 80->80
[2637.313s][info][gc,metaspace   ] GC(478) Metaspace: 29008K(29376K)->29008K(29376K) NonClass: 24122K(24256K)->24122K(24256K) Class: 4886K(5120K)->4886K(5120K)
[2637.313s][info][gc             ] GC(478) Pause Young (Concurrent Start) (G1 Evacuation Pause) 3557M->1383M(4096M) 116.186ms
[2637.313s][info][gc             ] GC(479) Concurrent Mark Cycle
[2637.313s][info][gc,marking     ] GC(479) Concurrent Scan Root Regions
[2637.313s][info][gc,cpu         ] GC(478) User=0.69s Sys=0.00s Real=0.11s
[2637.475s][info][gc,marking     ] GC(479) Concurrent Scan Root Regions 162.129ms
[2637.475s][info][gc,marking     ] GC(479) Concurrent Mark
[2637.475s][info][gc,marking     ] GC(479) Concurrent Mark From Roots
[2637.475s][info][gc,task        ] GC(479) Using 2 workers of 2 for marking
. (rIR:aIR:PR = 4289:4289:4289) (tPR = 63990) [OK] 
  2637s: Performance info:
         Transaction,    Success,    Partial,     Failed,   Receipts, AvgBarcode, 
             Overall,     258099,          0,          0,     245174,      59.47, 
         Response times:
             Request,    Success,    Partial,     Failed,   SkipFail,     Probes,    Samples,      min,      p50,      p90,      p95,      p99,      max, 
       TotalPurchase,     245174,          0,          0,          0,     241137,     257547,      300,     3400,     6000,     8500,    39000,   196000,
     InStorePurchase,     129079,          0,          0,          0,     127288,     135621,      300,     3400,     6000,     8500,    39000,   183000,
      OnlinePurchase,      90272,          0,          0,          0,      88716,      94819,      300,     3300,     5900,     8400,    39000,   196000,
        InstPurchase,      25823,          0,          0,          0,      25133,      27107,      300,     3800,     6100,     8500,    42000,   140000,
          AssocOfCat,        255,          0,          0,          0,        199,        263,    20000,    30000,    45600,    65800,   174440,   177000,
      AssocOfProduct,       2580,          0,          0,          0,       2397,       2750,      900,     4100,     6400,    10245,    46490,   139000,
      BusinessReport,        644,          0,          0,          0,        547,        695,    24000,    35000,    49000,    56200,   128000,   197000,
          CustBuyBeh,       2593,          0,          0,          0,       2433,       2789,      200,     4000,     6400,    10900,    46200,   144000,
       ProductReturn,       6853,          0,          0,          0,       6507,       7201,      200,     3600,     6300,     9190,    41000,   140000,

  2637s: (32%)   IR =   4428 [2638.164s][info][gc,marking     ] GC(479) Concurrent Mark From Roots 688.705ms
[2638.164s][info][gc,marking     ] GC(479) Concurrent Preclean
[2638.164s][info][gc,marking     ] GC(479) Concurrent Preclean 0.091ms
[2638.164s][info][gc,start       ] GC(479) Pause Remark
[2638.168s][info][gc             ] GC(479) Pause Remark 1844M->1844M(4096M) 3.692ms
[2638.168s][info][gc,cpu         ] GC(479) User=0.02s Sys=0.00s Real=0.00s
[2638.168s][info][gc,marking     ] GC(479) Concurrent Mark 693.060ms
[2638.168s][info][gc,marking     ] GC(479) Concurrent Rebuild Remembered Sets and Scrub Regions
[2638.442s][info][gc,marking     ] GC(479) Concurrent Rebuild Remembered Sets and Scrub Regions 274.106ms
[2638.443s][info][gc,start       ] GC(479) Pause Cleanup
[2638.443s][info][gc             ] GC(479) Pause Cleanup 2003M->2003M(4096M) 0.168ms
[2638.443s][info][gc,cpu         ] GC(479) User=0.00s Sys=0.00s Real=0.00s
[2638.443s][info][gc,marking     ] GC(479) Concurrent Clear Claimed Marks
[2638.446s][info][gc,marking     ] GC(479) Concurrent Clear Claimed Marks 2.404ms
[2638.446s][info][gc,marking     ] GC(479) Concurrent Cleanup for Next Mark
[2638.450s][info][gc,marking     ] GC(479) Concurrent Cleanup for Next Mark 4.301ms
[2638.450s][info][gc             ] GC(479) Concurrent Mark Cycle 1137.098ms
...[2641.514s][info][gc,start       ] GC(480) Pause Young (Prepare Mixed) (G1 Evacuation Pause)
[2641.514s][info][gc,task        ] GC(480) Using 6 workers of 6 for evacuation
[2641.631s][info][gc,phases      ] GC(480)   Pre Evacuate Collection Set: 0.36ms
[2641.631s][info][gc,phases      ] GC(480)   Merge Heap Roots: 0.50ms
[2641.631s][info][gc,phases      ] GC(480)   Evacuate Collection Set: 114.62ms
[2641.631s][info][gc,phases      ] GC(480)   Post Evacuate Collection Set: 0.93ms
[2641.631s][info][gc,phases      ] GC(480)   Other: 0.09ms
[2641.631s][info][gc,heap        ] GC(480) Eden regions: 1119->0(1109)
[2641.631s][info][gc,heap        ] GC(480) Survivor regions: 109->110(154)
[2641.631s][info][gc,heap        ] GC(480) Old regions: 504->536
[2641.631s][info][gc,heap        ] GC(480) Humongous regions: 80->80
[2641.631s][info][gc,metaspace   ] GC(480) Metaspace: 29008K(29376K)->29008K(29376K) NonClass: 24122K(24256K)->24122K(24256K) Class: 4886K(5120K)->4886K(5120K)
[2641.631s][info][gc             ] GC(480) Pause Young (Prepare Mixed) (G1 Evacuation Pause) 3621M->1449M(4096M) 116.634ms
[2641.631s][info][gc,cpu         ] GC(480) User=0.70s Sys=0.00s Real=0.11s
.|....[2645.789s][info][gc,start       ] GC(481) Pause Young (Mixed) (G1 Evacuation Pause)
[2645.790s][info][gc,task        ] GC(481) Using 6 workers of 6 for evacuation
[2645.919s][info][gc,phases      ] GC(481)   Pre Evacuate Collection Set: 0.37ms
[2645.919s][info][gc,phases      ] GC(481)   Merge Heap Roots: 0.67ms
[2645.919s][info][gc,phases      ] GC(481)   Evacuate Collection Set: 127.64ms
[2645.919s][info][gc,phases      ] GC(481)   Post Evacuate Collection Set: 0.95ms
[2645.919s][info][gc,phases      ] GC(481)   Other: 0.09ms
[2645.919s][info][gc,heap        ] GC(481) Eden regions: 1109->0(1120)
[2645.919s][info][gc,heap        ] GC(481) Survivor regions: 110->108(153)
[2645.919s][info][gc,heap        ] GC(481) Old regions: 536->472
[2645.919s][info][gc,heap        ] GC(481) Humongous regions: 80->80
[2645.919s][info][gc,metaspace   ] GC(481) Metaspace: 29011K(29376K)->29011K(29376K) NonClass: 24125K(24256K)->24125K(24256K) Class: 4886K(5120K)->4886K(5120K)
[2645.919s][info][gc             ] GC(481) Pause Young (Mixed) (G1 Evacuation Pause) 3667M->1317M(4096M) 129.856ms
[2645.919s][info][gc,cpu         ] GC(481) User=0.77s Sys=0.01s Real=0.13s
....[2650.001s][info][gc,start       ] GC(482) Pause Young (Concurrent Start) (G1 Evacuation Pause)
[2650.001s][info][gc,task        ] GC(482) Using 6 workers of 6 for evacuation
[2650.120s][info][gc,phases      ] GC(482)   Pre Evacuate Collection Set: 0.37ms
[2650.120s][info][gc,phases      ] GC(482)   Merge Heap Roots: 0.48ms
[2650.120s][info][gc,phases      ] GC(482)   Evacuate Collection Set: 117.78ms
[2650.120s][info][gc,phases      ] GC(482)   Post Evacuate Collection Set: 0.88ms
[2650.120s][info][gc,phases      ] GC(482)   Other: 0.10ms
[2650.120s][info][gc,heap        ] GC(482) Eden regions: 1120->0(1116)
[2650.120s][info][gc,heap        ] GC(482) Survivor regions: 108->112(154)
[2650.120s][info][gc,heap        ] GC(482) Old regions: 472->504
[2650.120s][info][gc,heap        ] GC(482) Humongous regions: 80->80
[2650.120s][info][gc,metaspace   ] GC(482) Metaspace: 29011K(29376K)->29011K(29376K) NonClass: 24125K(24256K)->24125K(24256K) Class: 4886K(5120K)->4886K(5120K)
[2650.120s][info][gc             ] GC(482) Pause Young (Concurrent Start) (G1 Evacuation Pause) 3557M->1389M(4096M) 119.742ms
[2650.120s][info][gc             ] GC(483) Concurrent Mark Cycle
[2650.120s][info][gc,marking     ] GC(483) Concurrent Scan Root Regions
[2650.120s][info][gc,cpu         ] GC(482) User=0.71s Sys=0.00s Real=0.12s
[2650.286s][info][gc,marking     ] GC(483) Concurrent Scan Root Regions 165.701ms
[2650.286s][info][gc,marking     ] GC(483) Concurrent Mark
[2650.286s][info][gc,marking     ] GC(483) Concurrent Mark From Roots
[2650.286s][info][gc,task        ] GC(483) Using 2 workers of 2 for marking
.[2650.981s][info][gc,marking     ] GC(483) Concurrent Mark From Roots 694.549ms
[2650.981s][info][gc,marking     ] GC(483) Concurrent Preclean
[2650.981s][info][gc,marking     ] GC(483) Concurrent Preclean 0.065ms
[2650.981s][info][gc,start       ] GC(483) Pause Remark
[2650.985s][info][gc             ] GC(483) Pause Remark 1881M->1881M(4096M) 4.086ms
[2650.985s][info][gc,cpu         ] GC(483) User=0.02s Sys=0.00s Real=0.01s
[2650.985s][info][gc,marking     ] GC(483) Concurrent Mark 698.949ms
[2650.985s][info][gc,marking     ] GC(483) Concurrent Rebuild Remembered Sets and Scrub Regions
[2651.250s][info][gc,marking     ] GC(483) Concurrent Rebuild Remembered Sets and Scrub Regions 265.034ms
[2651.250s][info][gc,start       ] GC(483) Pause Cleanup
[2651.250s][info][gc             ] GC(483) Pause Cleanup 2034M->2034M(4096M) 0.127ms
[2651.250s][info][gc,cpu         ] GC(483) User=0.00s Sys=0.00s Real=0.00s
[2651.250s][info][gc,marking     ] GC(483) Concurrent Clear Claimed Marks
[2651.250s][info][gc,marking     ] GC(483) Concurrent Clear Claimed Marks 0.026ms
[2651.250s][info][gc,marking     ] GC(483) Concurrent Cleanup for Next Mark
[2651.255s][info][gc,marking     ] GC(483) Concurrent Cleanup for Next Mark 4.413ms
[2651.255s][info][gc             ] GC(483) Concurrent Mark Cycle 1134.555ms
...[2654.217s][info][gc,start       ] GC(484) Pause Young (Prepare Mixed) (G1 Evacuation Pause)
[2654.217s][info][gc,task        ] GC(484) Using 6 workers of 6 for evacuation
[2654.335s][info][gc,phases      ] GC(484)   Pre Evacuate Collection Set: 0.33ms
[2654.335s][info][gc,phases      ] GC(484)   Merge Heap Roots: 0.50ms
[2654.335s][info][gc,phases      ] GC(484)   Evacuate Collection Set: 116.61ms
[2654.335s][info][gc,phases      ] GC(484)   Post Evacuate Collection Set: 0.93ms
[2654.335s][info][gc,phases      ] GC(484)   Other: 0.09ms
[2654.335s][info][gc,heap        ] GC(484) Eden regions: 1116->0(1108)
[2654.335s][info][gc,heap        ] GC(484) Survivor regions: 112->111(154)
[2654.335s][info][gc,heap        ] GC(484) Old regions: 504->535
[2654.335s][info][gc,heap        ] GC(484) Humongous regions: 80->80
[2654.335s][info][gc,metaspace   ] GC(484) Metaspace: 29011K(29376K)->29011K(29376K) NonClass: 24125K(24256K)->24125K(24256K) Class: 4886K(5120K)->4886K(5120K)
[2654.336s][info][gc             ] GC(484) Pause Young (Prepare Mixed) (G1 Evacuation Pause) 3621M->1450M(4096M) 118.601ms
[2654.336s][info][gc,cpu         ] GC(484) User=0.71s Sys=0.00s Real=0.12s
....[2658.521s][info][gc,start       ] GC(485) Pause Young (Mixed) (G1 Evacuation Pause)
[2658.521s][info][gc,task        ] GC(485) Using 6 workers of 6 for evacuation
[2658.650s][info][gc,phases      ] GC(485)   Pre Evacuate Collection Set: 0.37ms
[2658.650s][info][gc,phases      ] GC(485)   Merge Heap Roots: 0.60ms
[2658.650s][info][gc,phases      ] GC(485)   Evacuate Collection Set: 127.16ms
[2658.650s][info][gc,phases      ] GC(485)   Post Evacuate Collection Set: 0.95ms
[2658.650s][info][gc,phases      ] GC(485)   Other: 0.09ms
[2658.650s][info][gc,heap        ] GC(485) Eden regions: 1108->0(1119)
[2658.650s][info][gc,heap        ] GC(485) Survivor regions: 111->109(153)
[2658.650s][info][gc,heap        ] GC(485) Old regions: 535->471
[2658.650s][info][gc,heap        ] GC(485) Humongous regions: 80->80
[2658.650s][info][gc,metaspace   ] GC(485) Metaspace: 29011K(29376K)->29011K(29376K) NonClass: 24125K(24256K)->24125K(24256K) Class: 4886K(5120K)->4886K(5120K)
[2658.650s][info][gc             ] GC(485) Pause Young (Mixed) (G1 Evacuation Pause) 3666M->1319M(4096M) 129.298ms
[2658.650s][info][gc,cpu         ] GC(485) User=0.77s Sys=0.00s Real=0.13s
.....[2662.755s][info][gc,start       ] GC(486) Pause Young (Concurrent Start) (G1 Evacuation Pause)
[2662.755s][info][gc,task        ] GC(486) Using 6 workers of 6 for evacuation
[2662.871s][info][gc,phases      ] GC(486)   Pre Evacuate Collection Set: 0.36ms
[2662.871s][info][gc,phases      ] GC(486)   Merge Heap Roots: 0.48ms
[2662.871s][info][gc,phases      ] GC(486)   Evacuate Collection Set: 114.19ms
[2662.871s][info][gc,phases      ] GC(486)   Post Evacuate Collection Set: 0.90ms
[2662.871s][info][gc,phases      ] GC(486)   Other: 0.10ms
[2662.871s][info][gc,heap        ] GC(486) Eden regions: 1119->0(1118)
[2662.871s][info][gc,heap        ] GC(486) Survivor regions: 109->110(154)
[2662.871s][info][gc,heap        ] GC(486) Old regions: 471->502
[2662.871s][info][gc,heap        ] GC(486) Humongous regions: 80->80
[2662.871s][info][gc,metaspace   ] GC(486) Metaspace: 29012K(29376K)->29012K(29376K) NonClass: 24126K(24256K)->24126K(24256K) Class: 4886K(5120K)->4886K(5120K)
[2662.871s][info][gc             ] GC(486) Pause Young (Concurrent Start) (G1 Evacuation Pause) 3557M->1381M(4096M) 116.153ms
[2662.871s][info][gc             ] GC(487) Concurrent Mark Cycle
[2662.871s][info][gc,marking     ] GC(487) Concurrent Scan Root Regions
[2662.871s][info][gc,cpu         ] GC(486) User=0.69s Sys=0.00s Real=0.11s
[2663.013s][info][gc,marking     ] GC(487) Concurrent Scan Root Regions 142.132ms
[2663.013s][info][gc,marking     ] GC(487) Concurrent Mark
[2663.013s][info][gc,marking     ] GC(487) Concurrent Mark From Roots
[2663.013s][info][gc,task        ] GC(487) Using 2 workers of 2 for marking
[2663.647s][info][gc,marking     ] GC(487) Concurrent Mark From Roots 634.248ms
[2663.647s][info][gc,marking     ] GC(487) Concurrent Preclean
[2663.647s][info][gc,marking     ] GC(487) Concurrent Preclean 0.049ms
[2663.648s][info][gc,start       ] GC(487) Pause Remark
[2663.652s][info][gc             ] GC(487) Pause Remark 1865M->1865M(4096M) 4.630ms
[2663.653s][info][gc,cpu         ] GC(487) User=0.03s Sys=0.00s Real=0.00s
[2663.653s][info][gc,marking     ] GC(487) Concurrent Mark 639.786ms
[2663.653s][info][gc,marking     ] GC(487) Concurrent Rebuild Remembered Sets and Scrub Regions
.[2663.920s][info][gc,marking     ] GC(487) Concurrent Rebuild Remembered Sets and Scrub Regions 267.110ms
[2663.920s][info][gc,start       ] GC(487) Pause Cleanup
[2663.920s][info][gc             ] GC(487) Pause Cleanup 2019M->2019M(4096M) 0.122ms
[2663.920s][info][gc,cpu         ] GC(487) User=0.00s Sys=0.00s Real=0.00s
[2663.920s][info][gc,marking     ] GC(487) Concurrent Clear Claimed Marks
[2663.920s][info][gc,marking     ] GC(487) Concurrent Clear Claimed Marks 0.027ms
[2663.920s][info][gc,marking     ] GC(487) Concurrent Cleanup for Next Mark
[2663.924s][info][gc,marking     ] GC(487) Concurrent Cleanup for Next Mark 3.756ms
[2663.924s][info][gc             ] GC(487) Concurrent Mark Cycle 1053.273ms
...[2666.976s][info][gc,start       ] GC(488) Pause Young (Prepare Mixed) (G1 Evacuation Pause)
[2666.976s][info][gc,task        ] GC(488) Using 6 workers of 6 for evacuation
[2667.095s][info][gc,phases      ] GC(488)   Pre Evacuate Collection Set: 0.37ms
[2667.095s][info][gc,phases      ] GC(488)   Merge Heap Roots: 0.53ms
[2667.095s][info][gc,phases      ] GC(488)   Evacuate Collection Set: 117.34ms
[2667.095s][info][gc,phases      ] GC(488)   Post Evacuate Collection Set: 0.95ms
[2667.095s][info][gc,phases      ] GC(488)   Other: 0.09ms
[2667.095s][info][gc,heap        ] GC(488) Eden regions: 1118->0(1112)
[2667.095s][info][gc,heap        ] GC(488) Survivor regions: 110->110(154)
[2667.095s][info][gc,heap        ] GC(488) Old regions: 502->533
[2667.095s][info][gc,heap        ] GC(488) Humongous regions: 80->80
[2667.095s][info][gc,metaspace   ] GC(488) Metaspace: 29012K(29376K)->29012K(29376K) NonClass: 24126K(24256K)->24126K(24256K) Class: 4886K(5120K)->4886K(5120K)
[2667.095s][info][gc             ] GC(488) Pause Young (Prepare Mixed) (G1 Evacuation Pause) 3617M->1445M(4096M) 119.403ms
[2667.096s][info][gc,cpu         ] GC(488) User=0.71s Sys=0.00s Real=0.12s
....[2671.196s][info][gc,start       ] GC(489) Pause Young (Mixed) (G1 Evacuation Pause)
[2671.196s][info][gc,task        ] GC(489) Using 6 workers of 6 for evacuation
[2671.327s][info][gc,phases      ] GC(489)   Pre Evacuate Collection Set: 0.40ms
[2671.327s][info][gc,phases      ] GC(489)   Merge Heap Roots: 0.64ms
[2671.327s][info][gc,phases      ] GC(489)   Evacuate Collection Set: 128.69ms
[2671.327s][info][gc,phases      ] GC(489)   Post Evacuate Collection Set: 0.97ms
[2671.327s][info][gc,phases      ] GC(489)   Other: 0.09ms
[2671.327s][info][gc,heap        ] GC(489) Eden regions: 1112->0(1120)
[2671.327s][info][gc,heap        ] GC(489) Survivor regions: 110->108(153)
[2671.327s][info][gc,heap        ] GC(489) Old regions: 533->472
[2671.327s][info][gc,heap        ] GC(489) Humongous regions: 80->80
[2671.327s][info][gc,metaspace   ] GC(489) Metaspace: 29012K(29376K)->29012K(29376K) NonClass: 24126K(24256K)->24126K(24256K) Class: 4886K(5120K)->4886K(5120K)
[2671.327s][info][gc             ] GC(489) Pause Young (Mixed) (G1 Evacuation Pause) 3669M->1318M(4096M) 130.918ms
[2671.327s][info][gc,cpu         ] GC(489) User=0.78s Sys=0.00s Real=0.13s
....[2675.527s][info][gc,start       ] GC(490) Pause Young (Concurrent Start) (G1 Evacuation Pause)
[2675.528s][info][gc,task        ] GC(490) Using 6 workers of 6 for evacuation
[2675.643s][info][gc,phases      ] GC(490)   Pre Evacuate Collection Set: 0.38ms
[2675.643s][info][gc,phases      ] GC(490)   Merge Heap Roots: 0.49ms
[2675.643s][info][gc,phases      ] GC(490)   Evacuate Collection Set: 114.00ms
[2675.643s][info][gc,phases      ] GC(490)   Post Evacuate Collection Set: 0.88ms
[2675.643s][info][gc,phases      ] GC(490)   Other: 0.10ms
[2675.643s][info][gc,heap        ] GC(490) Eden regions: 1120->0(1118)
[2675.643s][info][gc,heap        ] GC(490) Survivor regions: 108->110(154)
[2675.643s][info][gc,heap        ] GC(490) Old regions: 472->503
[2675.643s][info][gc,heap        ] GC(490) Humongous regions: 80->80
[2675.643s][info][gc,metaspace   ] GC(490) Metaspace: 29012K(29376K)->29012K(29376K) NonClass: 24126K(24256K)->24126K(24256K) Class: 4886K(5120K)->4886K(5120K)
[2675.643s][info][gc             ] GC(490) Pause Young (Concurrent Start) (G1 Evacuation Pause) 3558M->1383M(4096M) 115.977ms
[2675.643s][info][gc             ] GC(491) Concurrent Mark Cycle
[2675.643s][info][gc,marking     ] GC(491) Concurrent Scan Root Regions
[2675.644s][info][gc,cpu         ] GC(490) User=0.69s Sys=0.00s Real=0.12s
.[2675.785s][info][gc,marking     ] GC(491) Concurrent Scan Root Regions 141.747ms
[2675.785s][info][gc,marking     ] GC(491) Concurrent Mark
[2675.785s][info][gc,marking     ] GC(491) Concurrent Mark From Roots
[2675.785s][info][gc,task        ] GC(491) Using 2 workers of 2 for marking
[2676.438s][info][gc,marking     ] GC(491) Concurrent Mark From Roots 652.353ms
[2676.438s][info][gc,marking     ] GC(491) Concurrent Preclean
[2676.438s][info][gc,marking     ] GC(491) Concurrent Preclean 0.061ms
[2676.438s][info][gc,start       ] GC(491) Pause Remark
[2676.442s][info][gc             ] GC(491) Pause Remark 1910M->1910M(4096M) 4.057ms
[2676.442s][info][gc,cpu         ] GC(491) User=0.02s Sys=0.00s Real=0.00s
[2676.442s][info][gc,marking     ] GC(491) Concurrent Mark 656.780ms
[2676.442s][info][gc,marking     ] GC(491) Concurrent Rebuild Remembered Sets and Scrub Regions
[2676.676s][info][gc,marking     ] GC(491) Concurrent Rebuild Remembered Sets and Scrub Regions 233.496ms
[2676.676s][info][gc,start       ] GC(491) Pause Cleanup
[2676.676s][info][gc             ] GC(491) Pause Cleanup 2011M->2011M(4096M) 0.128ms
[2676.676s][info][gc,cpu         ] GC(491) User=0.00s Sys=0.00s Real=0.00s
[2676.676s][info][gc,marking     ] GC(491) Concurrent Clear Claimed Marks
[2676.676s][info][gc,marking     ] GC(491) Concurrent Clear Claimed Marks 0.029ms
[2676.676s][info][gc,marking     ] GC(491) Concurrent Cleanup for Next Mark
[2676.680s][info][gc,marking     ] GC(491) Concurrent Cleanup for Next Mark 4.305ms
[2676.681s][info][gc             ] GC(491) Concurrent Mark Cycle 1037.070ms
...[2679.753s][info][gc,start       ] GC(492) Pause Young (Prepare Mixed) (G1 Evacuation Pause)
[2679.753s][info][gc,task        ] GC(492) Using 6 workers of 6 for evacuation
[2679.869s][info][gc,phases      ] GC(492)   Pre Evacuate Collection Set: 0.35ms
[2679.869s][info][gc,phases      ] GC(492)   Merge Heap Roots: 0.51ms
[2679.870s][info][gc,phases      ] GC(492)   Evacuate Collection Set: 114.86ms
[2679.870s][info][gc,phases      ] GC(492)   Post Evacuate Collection Set: 0.91ms
[2679.870s][info][gc,phases      ] GC(492)   Other: 0.08ms
[2679.870s][info][gc,heap        ] GC(492) Eden regions: 1118->0(1111)
[2679.870s][info][gc,heap        ] GC(492) Survivor regions: 110->110(154)
[2679.870s][info][gc,heap        ] GC(492) Old regions: 503->534
[2679.870s][info][gc,heap        ] GC(492) Humongous regions: 80->80
[2679.870s][info][gc,metaspace   ] GC(492) Metaspace: 29012K(29376K)->29012K(29376K) NonClass: 24126K(24256K)->24126K(24256K) Class: 4886K(5120K)->4886K(5120K)
[2679.870s][info][gc             ] GC(492) Pause Young (Prepare Mixed) (G1 Evacuation Pause) 3619M->1446M(4096M) 116.858ms
[2679.870s][info][gc,cpu         ] GC(492) User=0.69s Sys=0.00s Real=0.12s
.....[2684.033s][info][gc,start       ] GC(493) Pause Young (Mixed) (G1 Evacuation Pause)
[2684.033s][info][gc,task        ] GC(493) Using 6 workers of 6 for evacuation
[2684.162s][info][gc,phases      ] GC(493)   Pre Evacuate Collection Set: 0.37ms
[2684.162s][info][gc,phases      ] GC(493)   Merge Heap Roots: 0.64ms
[2684.162s][info][gc,phases      ] GC(493)   Evacuate Collection Set: 127.25ms
[2684.162s][info][gc,phases      ] GC(493)   Post Evacuate Collection Set: 0.95ms
[2684.162s][info][gc,phases      ] GC(493)   Other: 0.10ms
[2684.162s][info][gc,heap        ] GC(493) Eden regions: 1111->0(1119)
[2684.162s][info][gc,heap        ] GC(493) Survivor regions: 110->109(153)
[2684.162s][info][gc,heap        ] GC(493) Old regions: 534->471
[2684.162s][info][gc,heap        ] GC(493) Humongous regions: 80->80
[2684.162s][info][gc,metaspace   ] GC(493) Metaspace: 29012K(29376K)->29012K(29376K) NonClass: 24126K(24256K)->24126K(24256K) Class: 4886K(5120K)->4886K(5120K)
[2684.162s][info][gc             ] GC(493) Pause Young (Mixed) (G1 Evacuation Pause) 3668M->1317M(4096M) 129.460ms
[2684.162s][info][gc,cpu         ] GC(493) User=0.77s Sys=0.00s Real=0.13s
....[2688.180s][info][gc,start       ] GC(494) Pause Young (Concurrent Start) (G1 Evacuation Pause)
[2688.180s][info][gc,task        ] GC(494) Using 6 workers of 6 for evacuation
[2688.295s][info][gc,phases      ] GC(494)   Pre Evacuate Collection Set: 0.40ms
[2688.295s][info][gc,phases      ] GC(494)   Merge Heap Roots: 0.49ms
[2688.295s][info][gc,phases      ] GC(494)   Evacuate Collection Set: 112.83ms
[2688.295s][info][gc,phases      ] GC(494)   Post Evacuate Collection Set: 0.91ms
[2688.295s][info][gc,phases      ] GC(494)   Other: 0.10ms
[2688.295s][info][gc,heap        ] GC(494) Eden regions: 1119->0(1120)
[2688.295s][info][gc,heap        ] GC(494) Survivor regions: 109->108(154)
[2688.295s][info][gc,heap        ] GC(494) Old regions: 471->502
[2688.295s][info][gc,heap        ] GC(494) Humongous regions: 80->80
[2688.295s][info][gc,metaspace   ] GC(494) Metaspace: 29012K(29376K)->29012K(29376K) NonClass: 24126K(24256K)->24126K(24256K) Class: 4886K(5120K)->4886K(5120K)
[2688.295s][info][gc             ] GC(494) Pause Young (Concurrent Start) (G1 Evacuation Pause) 3555M->1379M(4096M) 114.882ms
[2688.295s][info][gc             ] GC(495) Concurrent Mark Cycle
[2688.295s][info][gc,marking     ] GC(495) Concurrent Scan Root Regions
[2688.295s][info][gc,cpu         ] GC(494) User=0.68s Sys=0.00s Real=0.12s
[2688.432s][info][gc,marking     ] GC(495) Concurrent Scan Root Regions 137.305ms
[2688.432s][info][gc,marking     ] GC(495) Concurrent Mark
[2688.432s][info][gc,marking     ] GC(495) Concurrent Mark From Roots
[2688.432s][info][gc,task        ] GC(495) Using 2 workers of 2 for marking
.[2689.044s][info][gc,marking     ] GC(495) Concurrent Mark From Roots 611.814ms
[2689.044s][info][gc,marking     ] GC(495) Concurrent Preclean
[2689.044s][info][gc,marking     ] GC(495) Concurrent Preclean 0.049ms
[2689.044s][info][gc,start       ] GC(495) Pause Remark
[2689.048s][info][gc             ] GC(495) Pause Remark 1810M->1810M(4096M) 3.984ms
[2689.048s][info][gc,cpu         ] GC(495) User=0.02s Sys=0.01s Real=0.00s
[2689.048s][info][gc,marking     ] GC(495) Concurrent Mark 616.201ms
[2689.048s][info][gc,marking     ] GC(495) Concurrent Rebuild Remembered Sets and Scrub Regions
[2689.285s][info][gc,marking     ] GC(495) Concurrent Rebuild Remembered Sets and Scrub Regions 236.406ms
[2689.286s][info][gc,start       ] GC(495) Pause Cleanup
[2689.286s][info][gc             ] GC(495) Pause Cleanup 1954M->1954M(4096M) 0.152ms
[2689.286s][info][gc,cpu         ] GC(495) User=0.00s Sys=0.00s Real=0.00s
[2689.287s][info][gc,marking     ] GC(495) Concurrent Clear Claimed Marks
[2689.287s][info][gc,marking     ] GC(495) Concurrent Clear Claimed Marks 0.035ms
[2689.287s][info][gc,marking     ] GC(495) Concurrent Cleanup for Next Mark
[2689.291s][info][gc,marking     ] GC(495) Concurrent Cleanup for Next Mark 4.509ms
[2689.291s][info][gc             ] GC(495) Concurrent Mark Cycle 996.257ms
...[2692.494s][info][gc,start       ] GC(496) Pause Young (Prepare Mixed) (G1 Evacuation Pause)
[2692.494s][info][gc,task        ] GC(496) Using 6 workers of 6 for evacuation
[2692.613s][info][gc,phases      ] GC(496)   Pre Evacuate Collection Set: 0.33ms
[2692.613s][info][gc,phases      ] GC(496)   Merge Heap Roots: 0.55ms
[2692.613s][info][gc,phases      ] GC(496)   Evacuate Collection Set: 117.06ms
[2692.613s][info][gc,phases      ] GC(496)   Post Evacuate Collection Set: 0.91ms
[2692.613s][info][gc,phases      ] GC(496)   Other: 0.09ms
[2692.613s][info][gc,heap        ] GC(496) Eden regions: 1120->0(1111)
[2692.613s][info][gc,heap        ] GC(496) Survivor regions: 108->110(154)
[2692.613s][info][gc,heap        ] GC(496) Old regions: 502->534
[2692.613s][info][gc,heap        ] GC(496) Humongous regions: 80->80
[2692.613s][info][gc,metaspace   ] GC(496) Metaspace: 29012K(29376K)->29012K(29376K) NonClass: 24126K(24256K)->24126K(24256K) Class: 4886K(5120K)->4886K(5120K)
[2692.613s][info][gc             ] GC(496) Pause Young (Prepare Mixed) (G1 Evacuation Pause) 3619M->1447M(4096M) 119.077ms
[2692.613s][info][gc,cpu         ] GC(496) User=0.70s Sys=0.00s Real=0.11s
....[2696.703s][info][gc,start       ] GC(497) Pause Young (Mixed) (G1 Evacuation Pause)
[2696.703s][info][gc,task        ] GC(497) Using 6 workers of 6 for evacuation
[2696.834s][info][gc,phases      ] GC(497)   Pre Evacuate Collection Set: 0.37ms
[2696.834s][info][gc,phases      ] GC(497)   Merge Heap Roots: 0.67ms
[2696.834s][info][gc,phases      ] GC(497)   Evacuate Collection Set: 129.65ms
[2696.834s][info][gc,phases      ] GC(497)   Post Evacuate Collection Set: 0.98ms
[2696.834s][info][gc,phases      ] GC(497)   Other: 0.09ms
[2696.834s][info][gc,heap        ] GC(497) Eden regions: 1111->0(1118)
[2696.834s][info][gc,heap        ] GC(497) Survivor regions: 110->110(153)
[2696.834s][info][gc,heap        ] GC(497) Old regions: 534->471
[2696.834s][info][gc,heap        ] GC(497) Humongous regions: 80->80
[2696.834s][info][gc,metaspace   ] GC(497) Metaspace: 29012K(29376K)->29012K(29376K) NonClass: 24126K(24256K)->24126K(24256K) Class: 4886K(5120K)->4886K(5120K)
[2696.834s][info][gc             ] GC(497) Pause Young (Mixed) (G1 Evacuation Pause) 3669M->1320M(4096M) 131.886ms
[2696.835s][info][gc,cpu         ] GC(497) User=0.78s Sys=0.00s Real=0.14s
.....[2700.934s][info][gc,start       ] GC(498) Pause Young (Concurrent Start) (G1 Evacuation Pause)
[2700.934s][info][gc,task        ] GC(498) Using 6 workers of 6 for evacuation
[2701.050s][info][gc,phases      ] GC(498)   Pre Evacuate Collection Set: 0.41ms
[2701.050s][info][gc,phases      ] GC(498)   Merge Heap Roots: 0.51ms
[2701.050s][info][gc,phases      ] GC(498)   Evacuate Collection Set: 114.04ms
[2701.050s][info][gc,phases      ] GC(498)   Post Evacuate Collection Set: 0.89ms
[2701.050s][info][gc,phases      ] GC(498)   Other: 0.10ms
[2701.050s][info][gc,heap        ] GC(498) Eden regions: 1118->0(1121)
[2701.050s][info][gc,heap        ] GC(498) Survivor regions: 110->107(154)
[2701.050s][info][gc,heap        ] GC(498) Old regions: 471->503
[2701.050s][info][gc,heap        ] GC(498) Humongous regions: 80->80
[2701.050s][info][gc,metaspace   ] GC(498) Metaspace: 29012K(29376K)->29012K(29376K) NonClass: 24126K(24256K)->24126K(24256K) Class: 4886K(5120K)->4886K(5120K)
[2701.050s][info][gc             ] GC(498) Pause Young (Concurrent Start) (G1 Evacuation Pause) 3556M->1378M(4096M) 116.070ms
[2701.050s][info][gc             ] GC(499) Concurrent Mark Cycle
[2701.050s][info][gc,marking     ] GC(499) Concurrent Scan Root Regions
[2701.050s][info][gc,cpu         ] GC(498) User=0.69s Sys=0.00s Real=0.11s
[2701.185s][info][gc,marking     ] GC(499) Concurrent Scan Root Regions 134.312ms
[2701.185s][info][gc,marking     ] GC(499) Concurrent Mark
[2701.185s][info][gc,marking     ] GC(499) Concurrent Mark From Roots
[2701.185s][info][gc,task        ] GC(499) Using 2 workers of 2 for marking
[2701.789s][info][gc,marking     ] GC(499) Concurrent Mark From Roots 604.341ms
[2701.789s][info][gc,marking     ] GC(499) Concurrent Preclean
[2701.789s][info][gc,marking     ] GC(499) Concurrent Preclean 0.059ms
[2701.789s][info][gc,start       ] GC(499) Pause Remark
[2701.793s][info][gc             ] GC(499) Pause Remark 1792M->1792M(4096M) 4.097ms
[2701.793s][info][gc,cpu         ] GC(499) User=0.02s Sys=0.00s Real=0.01s
[2701.793s][info][gc,marking     ] GC(499) Concurrent Mark 608.753ms
[2701.793s][info][gc,marking     ] GC(499) Concurrent Rebuild Remembered Sets and Scrub Regions
. (rIR:aIR:PR = 4428:4428:4428) (tPR = 65737) [OK] 
  2701s: Performance info:
         Transaction,    Success,    Partial,     Failed,   Receipts, AvgBarcode, 
             Overall,     266534,          0,          0,     253192,      59.47, 
         Response times:
             Request,    Success,    Partial,     Failed,   SkipFail,     Probes,    Samples,      min,      p50,      p90,      p95,      p99,      max, 
       TotalPurchase,     253192,          0,          0,          0,     249204,     266280,      300,     3500,     6600,    11700,    55000,   225000,
     InStorePurchase,     133267,          0,          0,          0,     131634,     140663,      300,     3600,     6600,    11800,    56000,   225000,
      OnlinePurchase,      93271,          0,          0,          0,      91600,      97504,      300,     3400,     6400,    11400,    52000,   225000,
        InstPurchase,      26654,          0,          0,          0,      25970,      28113,      400,     3700,     6900,    12600,    60000,   161000,
          AssocOfCat,        266,          0,          0,          0,        194,        259,    19100,    31000,    48000,    59000,   170400,   174000,
      AssocOfProduct,       2671,          0,          0,          0,       2496,       2887,      500,     4200,     6700,    10900,    54120,   160000,
      BusinessReport,        661,          0,          0,          0,        572,        692,    24000,    35000,    55000,    71000,   159070,   183000,
          CustBuyBeh,       2668,          0,          0,          0,       2495,       2860,      700,     4000,     7000,    17300,    48000,   137000,
       ProductReturn,       7076,          0,          0,          0,       6761,       7397,      200,     3500,     6500,    12210,    48000,   174000,

  2701s: (33%)   IR =   4566 [2702.025s][info][gc,marking     ] GC(499) Concurrent Rebuild Remembered Sets and Scrub Regions 231.549ms
[2702.026s][info][gc,start       ] GC(499) Pause Cleanup
[2702.026s][info][gc             ] GC(499) Pause Cleanup 1906M->1906M(4096M) 0.132ms
[2702.026s][info][gc,cpu         ] GC(499) User=0.00s Sys=0.00s Real=0.00s
[2702.026s][info][gc,marking     ] GC(499) Concurrent Clear Claimed Marks
[2702.026s][info][gc,marking     ] GC(499) Concurrent Clear Claimed Marks 0.043ms
[2702.026s][info][gc,marking     ] GC(499) Concurrent Cleanup for Next Mark
[2702.031s][info][gc,marking     ] GC(499) Concurrent Cleanup for Next Mark 4.386ms
[2702.031s][info][gc             ] GC(499) Concurrent Mark Cycle 980.564ms
...[2705.155s][info][gc,start       ] GC(500) Pause Young (Prepare Mixed) (G1 Evacuation Pause)
[2705.155s][info][gc,task        ] GC(500) Using 6 workers of 6 for evacuation
[2705.271s][info][gc,phases      ] GC(500)   Pre Evacuate Collection Set: 0.37ms
[2705.271s][info][gc,phases      ] GC(500)   Merge Heap Roots: 0.54ms
[2705.271s][info][gc,phases      ] GC(500)   Evacuate Collection Set: 113.94ms
[2705.271s][info][gc,phases      ] GC(500)   Post Evacuate Collection Set: 0.93ms
[2705.271s][info][gc,phases      ] GC(500)   Other: 0.08ms
[2705.271s][info][gc,heap        ] GC(500) Eden regions: 1121->0(1115)
[2705.271s][info][gc,heap        ] GC(500) Survivor regions: 107->108(154)
[2705.271s][info][gc,heap        ] GC(500) Old regions: 503->534
[2705.271s][info][gc,heap        ] GC(500) Humongous regions: 80->80
[2705.271s][info][gc,metaspace   ] GC(500) Metaspace: 29012K(29376K)->29012K(29376K) NonClass: 24126K(24256K)->24126K(24256K) Class: 4886K(5120K)->4886K(5120K)
[2705.271s][info][gc             ] GC(500) Pause Young (Prepare Mixed) (G1 Evacuation Pause) 3620M->1443M(4096M) 115.991ms
[2705.271s][info][gc,cpu         ] GC(500) User=0.69s Sys=0.00s Real=0.11s
.|...[2709.261s][info][gc,start       ] GC(501) Pause Young (Mixed) (G1 Evacuation Pause)
[2709.261s][info][gc,task        ] GC(501) Using 6 workers of 6 for evacuation
[2709.389s][info][gc,phases      ] GC(501)   Pre Evacuate Collection Set: 0.40ms
[2709.389s][info][gc,phases      ] GC(501)   Merge Heap Roots: 0.63ms
[2709.389s][info][gc,phases      ] GC(501)   Evacuate Collection Set: 126.55ms
[2709.389s][info][gc,phases      ] GC(501)   Post Evacuate Collection Set: 0.97ms
[2709.389s][info][gc,phases      ] GC(501)   Other: 0.09ms
[2709.389s][info][gc,heap        ] GC(501) Eden regions: 1115->0(1119)
[2709.389s][info][gc,heap        ] GC(501) Survivor regions: 108->109(153)
[2709.389s][info][gc,heap        ] GC(501) Old regions: 534->472
[2709.389s][info][gc,heap        ] GC(501) Humongous regions: 80->80
[2709.389s][info][gc,metaspace   ] GC(501) Metaspace: 29012K(29376K)->29012K(29376K) NonClass: 24126K(24256K)->24126K(24256K) Class: 4886K(5120K)->4886K(5120K)
[2709.389s][info][gc             ] GC(501) Pause Young (Mixed) (G1 Evacuation Pause) 3673M->1320M(4096M) 128.756ms
[2709.389s][info][gc,cpu         ] GC(501) User=0.77s Sys=0.00s Real=0.13s
....[2713.405s][info][gc,start       ] GC(502) Pause Young (Concurrent Start) (G1 Evacuation Pause)
[2713.405s][info][gc,task        ] GC(502) Using 6 workers of 6 for evacuation
[2713.522s][info][gc,phases      ] GC(502)   Pre Evacuate Collection Set: 0.47ms
[2713.522s][info][gc,phases      ] GC(502)   Merge Heap Roots: 0.53ms
[2713.522s][info][gc,phases      ] GC(502)   Evacuate Collection Set: 114.55ms
[2713.522s][info][gc,phases      ] GC(502)   Post Evacuate Collection Set: 0.90ms
[2713.522s][info][gc,phases      ] GC(502)   Other: 0.13ms
[2713.522s][info][gc,heap        ] GC(502) Eden regions: 1119->0(1119)
[2713.522s][info][gc,heap        ] GC(502) Survivor regions: 109->109(154)
[2713.522s][info][gc,heap        ] GC(502) Old regions: 472->504
[2713.522s][info][gc,heap        ] GC(502) Humongous regions: 80->80
[2713.522s][info][gc,metaspace   ] GC(502) Metaspace: 29012K(29376K)->29012K(29376K) NonClass: 24126K(24256K)->24126K(24256K) Class: 4886K(5120K)->4886K(5120K)
[2713.522s][info][gc             ] GC(502) Pause Young (Concurrent Start) (G1 Evacuation Pause) 3558M->1384M(4096M) 116.715ms
[2713.522s][info][gc             ] GC(503) Concurrent Mark Cycle
[2713.522s][info][gc,marking     ] GC(503) Concurrent Scan Root Regions
[2713.522s][info][gc,cpu         ] GC(502) User=0.69s Sys=0.00s Real=0.11s
[2713.721s][info][gc,marking     ] GC(503) Concurrent Scan Root Regions 199.475ms
[2713.721s][info][gc,marking     ] GC(503) Concurrent Mark
[2713.721s][info][gc,marking     ] GC(503) Concurrent Mark From Roots
[2713.721s][info][gc,task        ] GC(503) Using 2 workers of 2 for marking
.[2714.337s][info][gc,marking     ] GC(503) Concurrent Mark From Roots 615.183ms
[2714.337s][info][gc,marking     ] GC(503) Concurrent Preclean
[2714.337s][info][gc,marking     ] GC(503) Concurrent Preclean 0.157ms
[2714.339s][info][gc,start       ] GC(503) Pause Remark
[2714.344s][info][gc             ] GC(503) Pause Remark 1890M->1890M(4096M) 5.098ms
[2714.344s][info][gc,cpu         ] GC(503) User=0.03s Sys=0.00s Real=0.01s
[2714.345s][info][gc,marking     ] GC(503) Concurrent Mark 623.205ms
[2714.345s][info][gc,marking     ] GC(503) Concurrent Rebuild Remembered Sets and Scrub Regions
[2714.579s][info][gc,marking     ] GC(503) Concurrent Rebuild Remembered Sets and Scrub Regions 234.394ms
[2714.579s][info][gc,start       ] GC(503) Pause Cleanup
[2714.579s][info][gc             ] GC(503) Pause Cleanup 2001M->2001M(4096M) 0.124ms
[2714.579s][info][gc,cpu         ] GC(503) User=0.00s Sys=0.01s Real=0.00s
[2714.581s][info][gc,marking     ] GC(503) Concurrent Clear Claimed Marks
[2714.581s][info][gc,marking     ] GC(503) Concurrent Clear Claimed Marks 0.048ms
[2714.581s][info][gc,marking     ] GC(503) Concurrent Cleanup for Next Mark
[2714.590s][info][gc,marking     ] GC(503) Concurrent Cleanup for Next Mark 8.853ms
[2714.590s][info][gc             ] GC(503) Concurrent Mark Cycle 1068.093ms
...[2717.565s][info][gc,start       ] GC(504) Pause Young (Prepare Mixed) (G1 Evacuation Pause)
[2717.565s][info][gc,task        ] GC(504) Using 6 workers of 6 for evacuation
[2717.685s][info][gc,phases      ] GC(504)   Pre Evacuate Collection Set: 0.36ms
[2717.685s][info][gc,phases      ] GC(504)   Merge Heap Roots: 0.55ms
[2717.685s][info][gc,phases      ] GC(504)   Evacuate Collection Set: 117.94ms
[2717.685s][info][gc,phases      ] GC(504)   Post Evacuate Collection Set: 0.93ms
[2717.685s][info][gc,phases      ] GC(504)   Other: 0.09ms
[2717.685s][info][gc,heap        ] GC(504) Eden regions: 1119->0(1105)
[2717.685s][info][gc,heap        ] GC(504) Survivor regions: 109->112(154)
[2717.685s][info][gc,heap        ] GC(504) Old regions: 504->536
[2717.685s][info][gc,heap        ] GC(504) Humongous regions: 80->80
[2717.685s][info][gc,metaspace   ] GC(504) Metaspace: 29009K(29376K)->29009K(29376K) NonClass: 24126K(24256K)->24126K(24256K) Class: 4883K(5120K)->4883K(5120K)
[2717.685s][info][gc             ] GC(504) Pause Young (Prepare Mixed) (G1 Evacuation Pause) 3622M->1455M(4096M) 119.994ms
[2717.685s][info][gc,cpu         ] GC(504) User=0.72s Sys=0.00s Real=0.12s
....[2721.603s][info][gc,start       ] GC(505) Pause Young (Mixed) (G1 Evacuation Pause)
[2721.603s][info][gc,task        ] GC(505) Using 6 workers of 6 for evacuation
[2721.732s][info][gc,phases      ] GC(505)   Pre Evacuate Collection Set: 0.44ms
[2721.732s][info][gc,phases      ] GC(505)   Merge Heap Roots: 0.66ms
[2721.732s][info][gc,phases      ] GC(505)   Evacuate Collection Set: 127.36ms
[2721.732s][info][gc,phases      ] GC(505)   Post Evacuate Collection Set: 0.97ms
[2721.732s][info][gc,phases      ] GC(505)   Other: 0.09ms
[2721.732s][info][gc,heap        ] GC(505) Eden regions: 1105->0(1119)
[2721.732s][info][gc,heap        ] GC(505) Survivor regions: 112->109(153)
[2721.732s][info][gc,heap        ] GC(505) Old regions: 536->472
[2721.732s][info][gc,heap        ] GC(505) Humongous regions: 80->80
[2721.732s][info][gc,metaspace   ] GC(505) Metaspace: 29009K(29376K)->29009K(29376K) NonClass: 24126K(24256K)->24126K(24256K) Class: 4883K(5120K)->4883K(5120K)
[2721.732s][info][gc             ] GC(505) Pause Young (Mixed) (G1 Evacuation Pause) 3665M->1320M(4096M) 129.656ms
[2721.732s][info][gc,cpu         ] GC(505) User=0.77s Sys=0.00s Real=0.13s
....[2725.710s][info][gc,start       ] GC(506) Pause Young (Concurrent Start) (G1 Evacuation Pause)
[2725.710s][info][gc,task        ] GC(506) Using 6 workers of 6 for evacuation
[2725.829s][info][gc,phases      ] GC(506)   Pre Evacuate Collection Set: 0.41ms
[2725.829s][info][gc,phases      ] GC(506)   Merge Heap Roots: 0.52ms
[2725.829s][info][gc,phases      ] GC(506)   Evacuate Collection Set: 116.85ms
[2725.829s][info][gc,phases      ] GC(506)   Post Evacuate Collection Set: 0.95ms
[2725.829s][info][gc,phases      ] GC(506)   Other: 0.11ms
[2725.829s][info][gc,heap        ] GC(506) Eden regions: 1119->0(1118)
[2725.829s][info][gc,heap        ] GC(506) Survivor regions: 109->110(154)
[2725.829s][info][gc,heap        ] GC(506) Old regions: 472->504
[2725.829s][info][gc,heap        ] GC(506) Humongous regions: 80->80
[2725.829s][info][gc,metaspace   ] GC(506) Metaspace: 29009K(29376K)->29009K(29376K) NonClass: 24126K(24256K)->24126K(24256K) Class: 4883K(5120K)->4883K(5120K)
[2725.829s][info][gc             ] GC(506) Pause Young (Concurrent Start) (G1 Evacuation Pause) 3558M->1387M(4096M) 118.987ms
[2725.829s][info][gc             ] GC(507) Concurrent Mark Cycle
[2725.829s][info][gc,marking     ] GC(507) Concurrent Scan Root Regions
[2725.829s][info][gc,cpu         ] GC(506) User=0.71s Sys=0.00s Real=0.12s
.[2726.019s][info][gc,marking     ] GC(507) Concurrent Scan Root Regions 190.321ms
[2726.019s][info][gc,marking     ] GC(507) Concurrent Mark
[2726.019s][info][gc,marking     ] GC(507) Concurrent Mark From Roots
[2726.019s][info][gc,task        ] GC(507) Using 2 workers of 2 for marking
[2726.819s][info][gc,marking     ] GC(507) Concurrent Mark From Roots 799.587ms
[2726.819s][info][gc,marking     ] GC(507) Concurrent Preclean
[2726.819s][info][gc,marking     ] GC(507) Concurrent Preclean 0.182ms
[2726.820s][info][gc,start       ] GC(507) Pause Remark
[2726.826s][info][gc             ] GC(507) Pause Remark 2015M->2015M(4096M) 5.893ms
[2726.826s][info][gc,cpu         ] GC(507) User=0.03s Sys=0.00s Real=0.01s
[2726.826s][info][gc,marking     ] GC(507) Concurrent Mark 806.582ms
[2726.826s][info][gc,marking     ] GC(507) Concurrent Rebuild Remembered Sets and Scrub Regions
.[2727.072s][info][gc,marking     ] GC(507) Concurrent Rebuild Remembered Sets and Scrub Regions 246.520ms
[2727.073s][info][gc,start       ] GC(507) Pause Cleanup
[2727.073s][info][gc             ] GC(507) Pause Cleanup 2125M->2125M(4096M) 0.120ms
[2727.073s][info][gc,cpu         ] GC(507) User=0.00s Sys=0.00s Real=0.00s
[2727.073s][info][gc,marking     ] GC(507) Concurrent Clear Claimed Marks
[2727.073s][info][gc,marking     ] GC(507) Concurrent Clear Claimed Marks 0.027ms
[2727.073s][info][gc,marking     ] GC(507) Concurrent Cleanup for Next Mark
[2727.077s][info][gc,marking     ] GC(507) Concurrent Cleanup for Next Mark 4.530ms
[2727.077s][info][gc             ] GC(507) Concurrent Mark Cycle 1248.394ms
..[2729.807s][info][gc,start       ] GC(508) Pause Young (Prepare Mixed) (G1 Evacuation Pause)
[2729.807s][info][gc,task        ] GC(508) Using 6 workers of 6 for evacuation
[2729.924s][info][gc,phases      ] GC(508)   Pre Evacuate Collection Set: 0.32ms
[2729.924s][info][gc,phases      ] GC(508)   Merge Heap Roots: 0.51ms
[2729.924s][info][gc,phases      ] GC(508)   Evacuate Collection Set: 115.21ms
[2729.924s][info][gc,phases      ] GC(508)   Post Evacuate Collection Set: 0.94ms
[2729.924s][info][gc,phases      ] GC(508)   Other: 0.09ms
[2729.924s][info][gc,heap        ] GC(508) Eden regions: 1118->0(1112)
[2729.924s][info][gc,heap        ] GC(508) Survivor regions: 110->109(154)
[2729.924s][info][gc,heap        ] GC(508) Old regions: 504->535
[2729.924s][info][gc,heap        ] GC(508) Humongous regions: 80->80
[2729.924s][info][gc,metaspace   ] GC(508) Metaspace: 29008K(29376K)->29008K(29376K) NonClass: 24125K(24256K)->24125K(24256K) Class: 4883K(5120K)->4883K(5120K)
[2729.924s][info][gc             ] GC(508) Pause Young (Prepare Mixed) (G1 Evacuation Pause) 3623M->1447M(4096M) 117.191ms
[2729.924s][info][gc,cpu         ] GC(508) User=0.70s Sys=0.00s Real=0.12s
.....[2734.023s][info][gc,start       ] GC(509) Pause Young (Mixed) (G1 Evacuation Pause)
[2734.023s][info][gc,task        ] GC(509) Using 6 workers of 6 for evacuation
[2734.151s][info][gc,phases      ] GC(509)   Pre Evacuate Collection Set: 0.36ms
[2734.151s][info][gc,phases      ] GC(509)   Merge Heap Roots: 0.64ms
[2734.151s][info][gc,phases      ] GC(509)   Evacuate Collection Set: 126.63ms
[2734.151s][info][gc,phases      ] GC(509)   Post Evacuate Collection Set: 0.95ms
[2734.151s][info][gc,phases      ] GC(509)   Other: 0.10ms
[2734.151s][info][gc,heap        ] GC(509) Eden regions: 1112->0(1119)
[2734.151s][info][gc,heap        ] GC(509) Survivor regions: 109->109(153)
[2734.151s][info][gc,heap        ] GC(509) Old regions: 535->472
[2734.151s][info][gc,heap        ] GC(509) Humongous regions: 80->80
[2734.151s][info][gc,metaspace   ] GC(509) Metaspace: 29008K(29376K)->29008K(29376K) NonClass: 24125K(24256K)->24125K(24256K) Class: 4883K(5120K)->4883K(5120K)
[2734.151s][info][gc             ] GC(509) Pause Young (Mixed) (G1 Evacuation Pause) 3671M->1320M(4096M) 128.797ms
[2734.151s][info][gc,cpu         ] GC(509) User=0.77s Sys=0.00s Real=0.13s
....[2738.052s][info][gc,start       ] GC(510) Pause Young (Concurrent Start) (G1 Evacuation Pause)
[2738.052s][info][gc,task        ] GC(510) Using 6 workers of 6 for evacuation
[2738.167s][info][gc,phases      ] GC(510)   Pre Evacuate Collection Set: 0.39ms
[2738.167s][info][gc,phases      ] GC(510)   Merge Heap Roots: 0.47ms
[2738.167s][info][gc,phases      ] GC(510)   Evacuate Collection Set: 112.94ms
[2738.167s][info][gc,phases      ] GC(510)   Post Evacuate Collection Set: 0.90ms
[2738.167s][info][gc,phases      ] GC(510)   Other: 0.11ms
[2738.167s][info][gc,heap        ] GC(510) Eden regions: 1119->0(1119)
[2738.167s][info][gc,heap        ] GC(510) Survivor regions: 109->109(154)
[2738.167s][info][gc,heap        ] GC(510) Old regions: 472->504
[2738.167s][info][gc,heap        ] GC(510) Humongous regions: 80->80
[2738.167s][info][gc,metaspace   ] GC(510) Metaspace: 29008K(29376K)->29008K(29376K) NonClass: 24125K(24256K)->24125K(24256K) Class: 4883K(5120K)->4883K(5120K)
[2738.167s][info][gc             ] GC(510) Pause Young (Concurrent Start) (G1 Evacuation Pause) 3558M->1383M(4096M) 114.943ms
[2738.167s][info][gc             ] GC(511) Concurrent Mark Cycle
[2738.167s][info][gc,marking     ] GC(511) Concurrent Scan Root Regions
[2738.167s][info][gc,cpu         ] GC(510) User=0.68s Sys=0.00s Real=0.12s
[2738.342s][info][gc,marking     ] GC(511) Concurrent Scan Root Regions 174.967ms
[2738.342s][info][gc,marking     ] GC(511) Concurrent Mark
[2738.342s][info][gc,marking     ] GC(511) Concurrent Mark From Roots
[2738.342s][info][gc,task        ] GC(511) Using 2 workers of 2 for marking
.[2739.259s][info][gc,marking     ] GC(511) Concurrent Mark From Roots 916.800ms
[2739.259s][info][gc,marking     ] GC(511) Concurrent Preclean
[2739.259s][info][gc,marking     ] GC(511) Concurrent Preclean 0.168ms
[2739.259s][info][gc,start       ] GC(511) Pause Remark
[2739.264s][info][gc             ] GC(511) Pause Remark 2043M->2043M(4096M) 5.179ms
[2739.264s][info][gc,cpu         ] GC(511) User=0.03s Sys=0.00s Real=0.01s
[2739.264s][info][gc,marking     ] GC(511) Concurrent Mark 922.550ms
[2739.264s][info][gc,marking     ] GC(511) Concurrent Rebuild Remembered Sets and Scrub Regions
[2739.514s][info][gc,marking     ] GC(511) Concurrent Rebuild Remembered Sets and Scrub Regions 249.271ms
[2739.514s][info][gc,start       ] GC(511) Pause Cleanup
[2739.514s][info][gc             ] GC(511) Pause Cleanup 2160M->2160M(4096M) 0.137ms
[2739.514s][info][gc,cpu         ] GC(511) User=0.00s Sys=0.00s Real=0.00s
[2739.514s][info][gc,marking     ] GC(511) Concurrent Clear Claimed Marks
[2739.514s][info][gc,marking     ] GC(511) Concurrent Clear Claimed Marks 0.032ms
[2739.514s][info][gc,marking     ] GC(511) Concurrent Cleanup for Next Mark
[2739.519s][info][gc,marking     ] GC(511) Concurrent Cleanup for Next Mark 4.374ms
[2739.519s][info][gc             ] GC(511) Concurrent Mark Cycle 1351.717ms
...[2742.211s][info][gc,start       ] GC(512) Pause Young (Prepare Mixed) (G1 Evacuation Pause)
[2742.211s][info][gc,task        ] GC(512) Using 6 workers of 6 for evacuation
[2742.329s][info][gc,phases      ] GC(512)   Pre Evacuate Collection Set: 0.32ms
[2742.329s][info][gc,phases      ] GC(512)   Merge Heap Roots: 0.52ms
[2742.329s][info][gc,phases      ] GC(512)   Evacuate Collection Set: 116.11ms
[2742.329s][info][gc,phases      ] GC(512)   Post Evacuate Collection Set: 0.94ms
[2742.329s][info][gc,phases      ] GC(512)   Other: 0.09ms
[2742.329s][info][gc,heap        ] GC(512) Eden regions: 1119->0(1109)
[2742.329s][info][gc,heap        ] GC(512) Survivor regions: 109->110(154)
[2742.329s][info][gc,heap        ] GC(512) Old regions: 504->536
[2742.329s][info][gc,heap        ] GC(512) Humongous regions: 80->80
[2742.329s][info][gc,metaspace   ] GC(512) Metaspace: 29008K(29376K)->29008K(29376K) NonClass: 24125K(24256K)->24125K(24256K) Class: 4883K(5120K)->4883K(5120K)
[2742.329s][info][gc             ] GC(512) Pause Young (Prepare Mixed) (G1 Evacuation Pause) 3621M->1449M(4096M) 118.118ms
[2742.329s][info][gc,cpu         ] GC(512) User=0.70s Sys=0.00s Real=0.12s
....[2746.308s][info][gc,start       ] GC(513) Pause Young (Mixed) (G1 Evacuation Pause)
[2746.308s][info][gc,task        ] GC(513) Using 6 workers of 6 for evacuation
[2746.438s][info][gc,phases      ] GC(513)   Pre Evacuate Collection Set: 0.36ms
[2746.438s][info][gc,phases      ] GC(513)   Merge Heap Roots: 0.65ms
[2746.438s][info][gc,phases      ] GC(513)   Evacuate Collection Set: 128.38ms
[2746.438s][info][gc,phases      ] GC(513)   Post Evacuate Collection Set: 0.94ms
[2746.438s][info][gc,phases      ] GC(513)   Other: 0.09ms
[2746.438s][info][gc,heap        ] GC(513) Eden regions: 1109->0(1119)
[2746.438s][info][gc,heap        ] GC(513) Survivor regions: 110->109(153)
[2746.438s][info][gc,heap        ] GC(513) Old regions: 536->472
[2746.438s][info][gc,heap        ] GC(513) Humongous regions: 80->80
[2746.438s][info][gc,metaspace   ] GC(513) Metaspace: 29008K(29376K)->29008K(29376K) NonClass: 24125K(24256K)->24125K(24256K) Class: 4883K(5120K)->4883K(5120K)
[2746.438s][info][gc             ] GC(513) Pause Young (Mixed) (G1 Evacuation Pause) 3667M->1320M(4096M) 130.586ms
[2746.438s][info][gc,cpu         ] GC(513) User=0.78s Sys=0.00s Real=0.13s
....[2750.500s][info][gc,start       ] GC(514) Pause Young (Concurrent Start) (G1 Evacuation Pause)
[2750.500s][info][gc,task        ] GC(514) Using 6 workers of 6 for evacuation
[2750.617s][info][gc,phases      ] GC(514)   Pre Evacuate Collection Set: 0.38ms
[2750.617s][info][gc,phases      ] GC(514)   Merge Heap Roots: 0.49ms
[2750.617s][info][gc,phases      ] GC(514)   Evacuate Collection Set: 114.24ms
[2750.617s][info][gc,phases      ] GC(514)   Post Evacuate Collection Set: 0.91ms
[2750.617s][info][gc,phases      ] GC(514)   Other: 0.11ms
[2750.617s][info][gc,heap        ] GC(514) Eden regions: 1119->0(1119)
[2750.617s][info][gc,heap        ] GC(514) Survivor regions: 109->109(154)
[2750.617s][info][gc,heap        ] GC(514) Old regions: 472->504
[2750.617s][info][gc,heap        ] GC(514) Humongous regions: 80->80
[2750.617s][info][gc,metaspace   ] GC(514) Metaspace: 29009K(29376K)->29009K(29376K) NonClass: 24126K(24256K)->24126K(24256K) Class: 4883K(5120K)->4883K(5120K)
[2750.617s][info][gc             ] GC(514) Pause Young (Concurrent Start) (G1 Evacuation Pause) 3558M->1384M(4096M) 116.258ms
[2750.617s][info][gc             ] GC(515) Concurrent Mark Cycle
[2750.617s][info][gc,marking     ] GC(515) Concurrent Scan Root Regions
[2750.617s][info][gc,cpu         ] GC(514) User=0.69s Sys=0.00s Real=0.12s
[2750.757s][info][gc,marking     ] GC(515) Concurrent Scan Root Regions 140.549ms
[2750.757s][info][gc,marking     ] GC(515) Concurrent Mark
[2750.757s][info][gc,marking     ] GC(515) Concurrent Mark From Roots
[2750.757s][info][gc,task        ] GC(515) Using 2 workers of 2 for marking
.[2751.488s][info][gc,marking     ] GC(515) Concurrent Mark From Roots 730.704ms
[2751.488s][info][gc,marking     ] GC(515) Concurrent Preclean
[2751.488s][info][gc,marking     ] GC(515) Concurrent Preclean 0.163ms
[2751.489s][info][gc,start       ] GC(515) Pause Remark
[2751.495s][info][gc             ] GC(515) Pause Remark 1930M->1930M(4096M) 6.273ms
[2751.495s][info][gc,cpu         ] GC(515) User=0.04s Sys=0.00s Real=0.01s
[2751.496s][info][gc,marking     ] GC(515) Concurrent Mark 738.289ms
[2751.496s][info][gc,marking     ] GC(515) Concurrent Rebuild Remembered Sets and Scrub Regions
[2751.827s][info][gc,marking     ] GC(515) Concurrent Rebuild Remembered Sets and Scrub Regions 331.162ms
[2751.827s][info][gc,start       ] GC(515) Pause Cleanup
[2751.827s][info][gc             ] GC(515) Pause Cleanup 2139M->2139M(4096M) 0.115ms
[2751.827s][info][gc,cpu         ] GC(515) User=0.00s Sys=0.00s Real=0.00s
[2751.827s][info][gc,marking     ] GC(515) Concurrent Clear Claimed Marks
[2751.827s][info][gc,marking     ] GC(515) Concurrent Clear Claimed Marks 0.032ms
[2751.827s][info][gc,marking     ] GC(515) Concurrent Cleanup for Next Mark
[2751.831s][info][gc,marking     ] GC(515) Concurrent Cleanup for Next Mark 4.212ms
[2751.831s][info][gc             ] GC(515) Concurrent Mark Cycle 1214.728ms
...[2754.604s][info][gc,start       ] GC(516) Pause Young (Prepare Mixed) (G1 Evacuation Pause)
[2754.604s][info][gc,task        ] GC(516) Using 6 workers of 6 for evacuation
[2754.721s][info][gc,phases      ] GC(516)   Pre Evacuate Collection Set: 0.32ms
[2754.721s][info][gc,phases      ] GC(516)   Merge Heap Roots: 0.51ms
[2754.721s][info][gc,phases      ] GC(516)   Evacuate Collection Set: 114.98ms
[2754.721s][info][gc,phases      ] GC(516)   Post Evacuate Collection Set: 0.93ms
[2754.721s][info][gc,phases      ] GC(516)   Other: 0.08ms
[2754.721s][info][gc,heap        ] GC(516) Eden regions: 1119->0(1111)
[2754.721s][info][gc,heap        ] GC(516) Survivor regions: 109->109(154)
[2754.721s][info][gc,heap        ] GC(516) Old regions: 504->536
[2754.721s][info][gc,heap        ] GC(516) Humongous regions: 80->80
[2754.721s][info][gc,metaspace   ] GC(516) Metaspace: 29006K(29376K)->29006K(29376K) NonClass: 24124K(24256K)->24124K(24256K) Class: 4882K(5120K)->4882K(5120K)
[2754.721s][info][gc             ] GC(516) Pause Young (Prepare Mixed) (G1 Evacuation Pause) 3622M->1448M(4096M) 116.971ms
[2754.721s][info][gc,cpu         ] GC(516) User=0.70s Sys=0.00s Real=0.11s
....[2758.689s][info][gc,start       ] GC(517) Pause Young (Mixed) (G1 Evacuation Pause)
[2758.689s][info][gc,task        ] GC(517) Using 6 workers of 6 for evacuation
[2758.819s][info][gc,phases      ] GC(517)   Pre Evacuate Collection Set: 0.38ms
[2758.819s][info][gc,phases      ] GC(517)   Merge Heap Roots: 0.64ms
[2758.819s][info][gc,phases      ] GC(517)   Evacuate Collection Set: 128.56ms
[2758.819s][info][gc,phases      ] GC(517)   Post Evacuate Collection Set: 0.95ms
[2758.819s][info][gc,phases      ] GC(517)   Other: 0.11ms
[2758.819s][info][gc,heap        ] GC(517) Eden regions: 1111->0(1120)
[2758.819s][info][gc,heap        ] GC(517) Survivor regions: 109->108(153)
[2758.819s][info][gc,heap        ] GC(517) Old regions: 536->473
[2758.819s][info][gc,heap        ] GC(517) Humongous regions: 80->80
[2758.819s][info][gc,metaspace   ] GC(517) Metaspace: 29006K(29376K)->29006K(29376K) NonClass: 24124K(24256K)->24124K(24256K) Class: 4882K(5120K)->4882K(5120K)
[2758.820s][info][gc             ] GC(517) Pause Young (Mixed) (G1 Evacuation Pause) 3670M->1319M(4096M) 130.761ms
[2758.820s][info][gc,cpu         ] GC(517) User=0.78s Sys=0.00s Real=0.13s
....[2762.766s][info][gc,start       ] GC(518) Pause Young (Concurrent Start) (G1 Evacuation Pause)
[2762.766s][info][gc,task        ] GC(518) Using 6 workers of 6 for evacuation
[2762.885s][info][gc,phases      ] GC(518)   Pre Evacuate Collection Set: 0.36ms
[2762.885s][info][gc,phases      ] GC(518)   Merge Heap Roots: 0.50ms
[2762.885s][info][gc,phases      ] GC(518)   Evacuate Collection Set: 116.64ms
[2762.885s][info][gc,phases      ] GC(518)   Post Evacuate Collection Set: 0.88ms
[2762.885s][info][gc,phases      ] GC(518)   Other: 0.11ms
[2762.885s][info][gc,heap        ] GC(518) Eden regions: 1120->0(1118)
[2762.885s][info][gc,heap        ] GC(518) Survivor regions: 108->110(154)
[2762.885s][info][gc,heap        ] GC(518) Old regions: 473->504
[2762.885s][info][gc,heap        ] GC(518) Humongous regions: 80->80
[2762.885s][info][gc,metaspace   ] GC(518) Metaspace: 29006K(29376K)->29006K(29376K) NonClass: 24124K(24256K)->24124K(24256K) Class: 4882K(5120K)->4882K(5120K)
[2762.885s][info][gc             ] GC(518) Pause Young (Concurrent Start) (G1 Evacuation Pause) 3559M->1387M(4096M) 118.639ms
[2762.885s][info][gc             ] GC(519) Concurrent Mark Cycle
[2762.885s][info][gc,marking     ] GC(519) Concurrent Scan Root Regions
[2762.885s][info][gc,cpu         ] GC(518) User=0.70s Sys=0.00s Real=0.12s
.[2763.055s][info][gc,marking     ] GC(519) Concurrent Scan Root Regions 170.368ms
[2763.055s][info][gc,marking     ] GC(519) Concurrent Mark
[2763.055s][info][gc,marking     ] GC(519) Concurrent Mark From Roots
[2763.055s][info][gc,task        ] GC(519) Using 2 workers of 2 for marking
[2763.827s][info][gc,marking     ] GC(519) Concurrent Mark From Roots 771.341ms
[2763.827s][info][gc,marking     ] GC(519) Concurrent Preclean
[2763.827s][info][gc,marking     ] GC(519) Concurrent Preclean 0.105ms
[2763.827s][info][gc,start       ] GC(519) Pause Remark
[2763.832s][info][gc             ] GC(519) Pause Remark 1960M->1960M(4096M) 4.739ms
[2763.832s][info][gc,cpu         ] GC(519) User=0.03s Sys=0.00s Real=0.00s
[2763.832s][info][gc,marking     ] GC(519) Concurrent Mark 776.450ms
[2763.832s][info][gc,marking     ] GC(519) Concurrent Rebuild Remembered Sets and Scrub Regions
.[2764.078s][info][gc,marking     ] GC(519) Concurrent Rebuild Remembered Sets and Scrub Regions 246.159ms
[2764.078s][info][gc,start       ] GC(519) Pause Cleanup
[2764.078s][info][gc             ] GC(519) Pause Cleanup 2083M->2083M(4096M) 0.133ms
[2764.078s][info][gc,cpu         ] GC(519) User=0.00s Sys=0.00s Real=0.00s
[2764.078s][info][gc,marking     ] GC(519) Concurrent Clear Claimed Marks
[2764.078s][info][gc,marking     ] GC(519) Concurrent Clear Claimed Marks 0.034ms
[2764.078s][info][gc,marking     ] GC(519) Concurrent Cleanup for Next Mark
[2764.082s][info][gc,marking     ] GC(519) Concurrent Cleanup for Next Mark 3.926ms
[2764.082s][info][gc             ] GC(519) Concurrent Mark Cycle 1197.424ms
.. (rIR:aIR:PR = 4566:4564:4564) (tPR = 67982) [OK] 
  2765s: Performance info:
         Transaction,    Success,    Partial,     Failed,   Receipts, AvgBarcode, 
             Overall,     274178,          0,          0,     260462,      59.48, 
         Response times:
             Request,    Success,    Partial,     Failed,   SkipFail,     Probes,    Samples,      min,      p50,      p90,      p95,      p99,      max, 
       TotalPurchase,     260462,          0,          0,          0,     256035,     273849,      300,     3600,     6700,    11800,    50000,   214000,
     InStorePurchase,     137059,          0,          0,          0,     134877,     144131,      300,     3600,     6800,    12100,    51000,   214000,
      OnlinePurchase,      95966,          0,          0,          0,      94499,     100936,      300,     3500,     6600,    11500,    50000,   212000,
        InstPurchase,      27437,          0,          0,          0,      26659,      28782,      400,     3800,     6800,    12100,    50000,   171000,
          AssocOfCat,        276,          0,          0,          0,        199,        261,    20000,    32000,    56600,    76000,   166140,   215000,
      AssocOfProduct,       2749,          0,          0,          0,       2541,       2936,      700,     3200,     7000,    13230,    47630,   134000,
      BusinessReport,        689,          0,          0,          0,        598,        742,    26000,    36000,    55700,    71850,   155280,   297000,
          CustBuyBeh,       2732,          0,          0,          0,       2520,       2912,      400,     3900,     6800,    13400,    46870,   162000,
       ProductReturn,       7269,          0,          0,          0,       6947,       7689,      200,     4200,     7200,    12700,    55000,   139000,

  2765s: (34%)   IR =   4705 [2766.887s][info][gc,start       ] GC(520) Pause Young (Prepare Mixed) (G1 Evacuation Pause)
[2766.887s][info][gc,task        ] GC(520) Using 6 workers of 6 for evacuation
[2767.002s][info][gc,phases      ] GC(520)   Pre Evacuate Collection Set: 0.34ms
[2767.002s][info][gc,phases      ] GC(520)   Merge Heap Roots: 0.52ms
[2767.002s][info][gc,phases      ] GC(520)   Evacuate Collection Set: 112.82ms
[2767.002s][info][gc,phases      ] GC(520)   Post Evacuate Collection Set: 0.99ms
[2767.002s][info][gc,phases      ] GC(520)   Other: 0.09ms
[2767.002s][info][gc,heap        ] GC(520) Eden regions: 1118->0(1112)
[2767.002s][info][gc,heap        ] GC(520) Survivor regions: 110->108(154)
[2767.002s][info][gc,heap        ] GC(520) Old regions: 504->537
[2767.002s][info][gc,heap        ] GC(520) Humongous regions: 80->80
[2767.002s][info][gc,metaspace   ] GC(520) Metaspace: 29008K(29376K)->29008K(29376K) NonClass: 24126K(24256K)->24126K(24256K) Class: 4882K(5120K)->4882K(5120K)
[2767.002s][info][gc             ] GC(520) Pause Young (Prepare Mixed) (G1 Evacuation Pause) 3623M->1447M(4096M) 114.903ms
[2767.002s][info][gc,cpu         ] GC(520) User=0.68s Sys=0.01s Real=0.11s
....[2770.844s][info][gc,start       ] GC(521) Pause Young (Mixed) (G1 Evacuation Pause)
[2770.844s][info][gc,task        ] GC(521) Using 6 workers of 6 for evacuation
[2770.974s][info][gc,phases      ] GC(521)   Pre Evacuate Collection Set: 0.40ms
[2770.974s][info][gc,phases      ] GC(521)   Merge Heap Roots: 0.71ms
[2770.974s][info][gc,phases      ] GC(521)   Evacuate Collection Set: 127.50ms
[2770.974s][info][gc,phases      ] GC(521)   Post Evacuate Collection Set: 1.01ms
[2770.974s][info][gc,phases      ] GC(521)   Other: 0.09ms
[2770.974s][info][gc,heap        ] GC(521) Eden regions: 1112->0(1120)
[2770.974s][info][gc,heap        ] GC(521) Survivor regions: 108->108(153)
[2770.974s][info][gc,heap        ] GC(521) Old regions: 537->474
[2770.974s][info][gc,heap        ] GC(521) Humongous regions: 80->80
[2770.974s][info][gc,metaspace   ] GC(521) Metaspace: 29008K(29376K)->29008K(29376K) NonClass: 24126K(24256K)->24126K(24256K) Class: 4882K(5120K)->4882K(5120K)
[2770.974s][info][gc             ] GC(521) Pause Young (Mixed) (G1 Evacuation Pause) 3671M->1322M(4096M) 129.849ms
[2770.974s][info][gc,cpu         ] GC(521) User=0.78s Sys=0.00s Real=0.13s
.|...[2774.944s][info][gc,start       ] GC(522) Pause Young (Concurrent Start) (G1 Evacuation Pause)
[2774.944s][info][gc,task        ] GC(522) Using 6 workers of 6 for evacuation
[2775.061s][info][gc,phases      ] GC(522)   Pre Evacuate Collection Set: 0.40ms
[2775.061s][info][gc,phases      ] GC(522)   Merge Heap Roots: 0.54ms
[2775.061s][info][gc,phases      ] GC(522)   Evacuate Collection Set: 114.74ms
[2775.061s][info][gc,phases      ] GC(522)   Post Evacuate Collection Set: 0.89ms
[2775.061s][info][gc,phases      ] GC(522)   Other: 0.12ms
[2775.061s][info][gc,heap        ] GC(522) Eden regions: 1120->0(1119)
[2775.061s][info][gc,heap        ] GC(522) Survivor regions: 108->109(154)
[2775.061s][info][gc,heap        ] GC(522) Old regions: 474->506
[2775.061s][info][gc,heap        ] GC(522) Humongous regions: 80->80
[2775.061s][info][gc,metaspace   ] GC(522) Metaspace: 29008K(29376K)->29008K(29376K) NonClass: 24126K(24256K)->24126K(24256K) Class: 4882K(5120K)->4882K(5120K)
[2775.061s][info][gc             ] GC(522) Pause Young (Concurrent Start) (G1 Evacuation Pause) 3562M->1388M(4096M) 116.841ms
[2775.061s][info][gc             ] GC(523) Concurrent Mark Cycle
[2775.061s][info][gc,marking     ] GC(523) Concurrent Scan Root Regions
[2775.061s][info][gc,cpu         ] GC(522) User=0.70s Sys=0.00s Real=0.11s
.[2775.250s][info][gc,marking     ] GC(523) Concurrent Scan Root Regions 189.082ms
[2775.250s][info][gc,marking     ] GC(523) Concurrent Mark
[2775.250s][info][gc,marking     ] GC(523) Concurrent Mark From Roots
[2775.250s][info][gc,task        ] GC(523) Using 2 workers of 2 for marking
[2776.037s][info][gc,marking     ] GC(523) Concurrent Mark From Roots 786.374ms
[2776.037s][info][gc,marking     ] GC(523) Concurrent Preclean
[2776.037s][info][gc,marking     ] GC(523) Concurrent Preclean 0.116ms
[2776.037s][info][gc,start       ] GC(523) Pause Remark
[2776.041s][info][gc             ] GC(523) Pause Remark 2018M->2018M(4096M) 4.213ms
[2776.041s][info][gc,cpu         ] GC(523) User=0.02s Sys=0.00s Real=0.00s
[2776.041s][info][gc,marking     ] GC(523) Concurrent Mark 790.935ms
[2776.041s][info][gc,marking     ] GC(523) Concurrent Rebuild Remembered Sets and Scrub Regions
.[2776.313s][info][gc,marking     ] GC(523) Concurrent Rebuild Remembered Sets and Scrub Regions 271.585ms
[2776.313s][info][gc,start       ] GC(523) Pause Cleanup
[2776.313s][info][gc             ] GC(523) Pause Cleanup 2189M->2189M(4096M) 0.139ms
[2776.313s][info][gc,cpu         ] GC(523) User=0.00s Sys=0.00s Real=0.00s
[2776.314s][info][gc,marking     ] GC(523) Concurrent Clear Claimed Marks
[2776.314s][info][gc,marking     ] GC(523) Concurrent Clear Claimed Marks 0.033ms
[2776.314s][info][gc,marking     ] GC(523) Concurrent Cleanup for Next Mark
[2776.318s][info][gc,marking     ] GC(523) Concurrent Cleanup for Next Mark 4.295ms
[2776.318s][info][gc             ] GC(523) Concurrent Mark Cycle 1256.822ms
..[2778.860s][info][gc,start       ] GC(524) Pause Young (Prepare Mixed) (G1 Evacuation Pause)
[2778.860s][info][gc,task        ] GC(524) Using 6 workers of 6 for evacuation
[2778.977s][info][gc,phases      ] GC(524)   Pre Evacuate Collection Set: 0.35ms
[2778.977s][info][gc,phases      ] GC(524)   Merge Heap Roots: 0.55ms
[2778.977s][info][gc,phases      ] GC(524)   Evacuate Collection Set: 115.54ms
[2778.977s][info][gc,phases      ] GC(524)   Post Evacuate Collection Set: 0.94ms
[2778.977s][info][gc,phases      ] GC(524)   Other: 0.10ms
[2778.977s][info][gc,heap        ] GC(524) Eden regions: 1119->0(1112)
[2778.977s][info][gc,heap        ] GC(524) Survivor regions: 109->108(154)
[2778.977s][info][gc,heap        ] GC(524) Old regions: 506->537
[2778.977s][info][gc,heap        ] GC(524) Humongous regions: 80->80
[2778.977s][info][gc,metaspace   ] GC(524) Metaspace: 29008K(29376K)->29008K(29376K) NonClass: 24126K(24256K)->24126K(24256K) Class: 4882K(5120K)->4882K(5120K)
[2778.977s][info][gc             ] GC(524) Pause Young (Prepare Mixed) (G1 Evacuation Pause) 3626M->1448M(4096M) 117.622ms
[2778.977s][info][gc,cpu         ] GC(524) User=0.69s Sys=0.00s Real=0.12s
....[2782.909s][info][gc,start       ] GC(525) Pause Young (Mixed) (G1 Evacuation Pause)
[2782.909s][info][gc,task        ] GC(525) Using 6 workers of 6 for evacuation
[2783.043s][info][gc,phases      ] GC(525)   Pre Evacuate Collection Set: 0.43ms
[2783.043s][info][gc,phases      ] GC(525)   Merge Heap Roots: 0.68ms
[2783.043s][info][gc,phases      ] GC(525)   Evacuate Collection Set: 132.15ms
[2783.043s][info][gc,phases      ] GC(525)   Post Evacuate Collection Set: 0.96ms
[2783.043s][info][gc,phases      ] GC(525)   Other: 0.09ms
[2783.043s][info][gc,heap        ] GC(525) Eden regions: 1112->0(1118)
[2783.044s][info][gc,heap        ] GC(525) Survivor regions: 108->110(153)
[2783.044s][info][gc,heap        ] GC(525) Old regions: 537->471
[2783.044s][info][gc,heap        ] GC(525) Humongous regions: 80->80
[2783.044s][info][gc,metaspace   ] GC(525) Metaspace: 29008K(29376K)->29008K(29376K) NonClass: 24126K(24256K)->24126K(24256K) Class: 4882K(5120K)->4882K(5120K)
[2783.044s][info][gc             ] GC(525) Pause Young (Mixed) (G1 Evacuation Pause) 3672M->1320M(4096M) 134.459ms
[2783.044s][info][gc,cpu         ] GC(525) User=0.80s Sys=0.00s Real=0.14s
....[2786.846s][info][gc,start       ] GC(526) Pause Young (Concurrent Start) (G1 Evacuation Pause)
[2786.846s][info][gc,task        ] GC(526) Using 6 workers of 6 for evacuation
[2786.960s][info][gc,phases      ] GC(526)   Pre Evacuate Collection Set: 0.42ms
[2786.960s][info][gc,phases      ] GC(526)   Merge Heap Roots: 0.46ms
[2786.960s][info][gc,phases      ] GC(526)   Evacuate Collection Set: 111.65ms
[2786.960s][info][gc,phases      ] GC(526)   Post Evacuate Collection Set: 0.89ms
[2786.960s][info][gc,phases      ] GC(526)   Other: 0.11ms
[2786.960s][info][gc,heap        ] GC(526) Eden regions: 1118->0(1121)
[2786.960s][info][gc,heap        ] GC(526) Survivor regions: 110->107(154)
[2786.960s][info][gc,heap        ] GC(526) Old regions: 471->503
[2786.960s][info][gc,heap        ] GC(526) Humongous regions: 80->80
[2786.960s][info][gc,metaspace   ] GC(526) Metaspace: 29008K(29376K)->29008K(29376K) NonClass: 24126K(24256K)->24126K(24256K) Class: 4882K(5120K)->4882K(5120K)
[2786.960s][info][gc             ] GC(526) Pause Young (Concurrent Start) (G1 Evacuation Pause) 3556M->1378M(4096M) 113.683ms
[2786.960s][info][gc             ] GC(527) Concurrent Mark Cycle
[2786.960s][info][gc,marking     ] GC(527) Concurrent Scan Root Regions
[2786.960s][info][gc,cpu         ] GC(526) User=0.68s Sys=0.00s Real=0.11s
.[2787.141s][info][gc,marking     ] GC(527) Concurrent Scan Root Regions 180.481ms
[2787.141s][info][gc,marking     ] GC(527) Concurrent Mark
[2787.141s][info][gc,marking     ] GC(527) Concurrent Mark From Roots
[2787.141s][info][gc,task        ] GC(527) Using 2 workers of 2 for marking
[2787.880s][info][gc,marking     ] GC(527) Concurrent Mark From Roots 739.363ms
[2787.880s][info][gc,marking     ] GC(527) Concurrent Preclean
[2787.880s][info][gc,marking     ] GC(527) Concurrent Preclean 0.147ms
[2787.880s][info][gc,start       ] GC(527) Pause Remark
[2787.885s][info][gc             ] GC(527) Pause Remark 1955M->1955M(4096M) 4.536ms
[2787.885s][info][gc,cpu         ] GC(527) User=0.02s Sys=0.00s Real=0.01s
[2787.886s][info][gc,marking     ] GC(527) Concurrent Mark 744.924ms
[2787.886s][info][gc,marking     ] GC(527) Concurrent Rebuild Remembered Sets and Scrub Regions
.[2788.143s][info][gc,marking     ] GC(527) Concurrent Rebuild Remembered Sets and Scrub Regions 257.359ms
[2788.144s][info][gc,start       ] GC(527) Pause Cleanup
[2788.144s][info][gc             ] GC(527) Pause Cleanup 2086M->2086M(4096M) 0.136ms
[2788.144s][info][gc,cpu         ] GC(527) User=0.00s Sys=0.00s Real=0.00s
[2788.144s][info][gc,marking     ] GC(527) Concurrent Clear Claimed Marks
[2788.144s][info][gc,marking     ] GC(527) Concurrent Clear Claimed Marks 0.031ms
[2788.144s][info][gc,marking     ] GC(527) Concurrent Cleanup for Next Mark
[2788.149s][info][gc,marking     ] GC(527) Concurrent Cleanup for Next Mark 5.495ms
[2788.150s][info][gc             ] GC(527) Concurrent Mark Cycle 1189.445ms
..[2790.914s][info][gc,start       ] GC(528) Pause Young (Prepare Mixed) (G1 Evacuation Pause)
[2790.914s][info][gc,task        ] GC(528) Using 6 workers of 6 for evacuation
[2791.029s][info][gc,phases      ] GC(528)   Pre Evacuate Collection Set: 0.38ms
[2791.029s][info][gc,phases      ] GC(528)   Merge Heap Roots: 0.54ms
[2791.029s][info][gc,phases      ] GC(528)   Evacuate Collection Set: 112.72ms
[2791.029s][info][gc,phases      ] GC(528)   Post Evacuate Collection Set: 0.92ms
[2791.029s][info][gc,phases      ] GC(528)   Other: 0.09ms
[2791.029s][info][gc,heap        ] GC(528) Eden regions: 1121->0(1114)
[2791.029s][info][gc,heap        ] GC(528) Survivor regions: 107->108(154)
[2791.029s][info][gc,heap        ] GC(528) Old regions: 503->535
[2791.029s][info][gc,heap        ] GC(528) Humongous regions: 80->80
[2791.029s][info][gc,metaspace   ] GC(528) Metaspace: 29008K(29376K)->29008K(29376K) NonClass: 24126K(24256K)->24126K(24256K) Class: 4882K(5120K)->4882K(5120K)
[2791.029s][info][gc             ] GC(528) Pause Young (Prepare Mixed) (G1 Evacuation Pause) 3620M->1445M(4096M) 114.767ms
[2791.029s][info][gc,cpu         ] GC(528) User=0.68s Sys=0.00s Real=0.11s
....[2794.874s][info][gc,start       ] GC(529) Pause Young (Mixed) (G1 Evacuation Pause)
[2794.874s][info][gc,task        ] GC(529) Using 6 workers of 6 for evacuation
[2795.005s][info][gc,phases      ] GC(529)   Pre Evacuate Collection Set: 0.36ms
[2795.005s][info][gc,phases      ] GC(529)   Merge Heap Roots: 0.68ms
[2795.005s][info][gc,phases      ] GC(529)   Evacuate Collection Set: 128.97ms
[2795.005s][info][gc,phases      ] GC(529)   Post Evacuate Collection Set: 0.93ms
[2795.005s][info][gc,phases      ] GC(529)   Other: 0.09ms
[2795.005s][info][gc,heap        ] GC(529) Eden regions: 1114->0(1118)
[2795.005s][info][gc,heap        ] GC(529) Survivor regions: 108->110(153)
[2795.005s][info][gc,heap        ] GC(529) Old regions: 535->474
[2795.005s][info][gc,heap        ] GC(529) Humongous regions: 80->80
[2795.005s][info][gc,metaspace   ] GC(529) Metaspace: 29008K(29376K)->29008K(29376K) NonClass: 24126K(24256K)->24126K(24256K) Class: 4882K(5120K)->4882K(5120K)
[2795.005s][info][gc             ] GC(529) Pause Young (Mixed) (G1 Evacuation Pause) 3673M->1326M(4096M) 131.185ms
[2795.005s][info][gc,cpu         ] GC(529) User=0.78s Sys=0.00s Real=0.13s
....[2798.847s][info][gc,start       ] GC(530) Pause Young (Concurrent Start) (G1 Evacuation Pause)
[2798.847s][info][gc,task        ] GC(530) Using 6 workers of 6 for evacuation
[2798.961s][info][gc,phases      ] GC(530)   Pre Evacuate Collection Set: 0.37ms
[2798.961s][info][gc,phases      ] GC(530)   Merge Heap Roots: 0.47ms
[2798.961s][info][gc,phases      ] GC(530)   Evacuate Collection Set: 111.99ms
[2798.961s][info][gc,phases      ] GC(530)   Post Evacuate Collection Set: 0.83ms
[2798.961s][info][gc,phases      ] GC(530)   Other: 0.11ms
[2798.961s][info][gc,heap        ] GC(530) Eden regions: 1118->0(1121)
[2798.961s][info][gc,heap        ] GC(530) Survivor regions: 110->107(154)
[2798.961s][info][gc,heap        ] GC(530) Old regions: 474->506
[2798.961s][info][gc,heap        ] GC(530) Humongous regions: 80->80
[2798.961s][info][gc,metaspace   ] GC(530) Metaspace: 29008K(29376K)->29008K(29376K) NonClass: 24126K(24256K)->24126K(24256K) Class: 4882K(5120K)->4882K(5120K)
[2798.961s][info][gc             ] GC(530) Pause Young (Concurrent Start) (G1 Evacuation Pause) 3562M->1383M(4096M) 113.937ms
[2798.961s][info][gc             ] GC(531) Concurrent Mark Cycle
[2798.961s][info][gc,marking     ] GC(531) Concurrent Scan Root Regions
[2798.961s][info][gc,cpu         ] GC(530) User=0.68s Sys=0.00s Real=0.11s
[2799.132s][info][gc,marking     ] GC(531) Concurrent Scan Root Regions 170.491ms
[2799.132s][info][gc,marking     ] GC(531) Concurrent Mark
[2799.132s][info][gc,marking     ] GC(531) Concurrent Mark From Roots
[2799.132s][info][gc,task        ] GC(531) Using 2 workers of 2 for marking
.[2799.898s][info][gc,marking     ] GC(531) Concurrent Mark From Roots 765.953ms
[2799.898s][info][gc,marking     ] GC(531) Concurrent Preclean
[2799.898s][info][gc,marking     ] GC(531) Concurrent Preclean 0.112ms
[2799.898s][info][gc,start       ] GC(531) Pause Remark
[2799.903s][info][gc             ] GC(531) Pause Remark 1983M->1983M(4096M) 5.384ms
[2799.903s][info][gc,cpu         ] GC(531) User=0.02s Sys=0.00s Real=0.01s
[2799.903s][info][gc,marking     ] GC(531) Concurrent Mark 771.707ms
[2799.904s][info][gc,marking     ] GC(531) Concurrent Rebuild Remembered Sets and Scrub Regions
[2800.132s][info][gc,marking     ] GC(531) Concurrent Rebuild Remembered Sets and Scrub Regions 228.215ms
[2800.133s][info][gc,start       ] GC(531) Pause Cleanup
[2800.133s][info][gc             ] GC(531) Pause Cleanup 2093M->2093M(4096M) 0.116ms
[2800.133s][info][gc,cpu         ] GC(531) User=0.00s Sys=0.00s Real=0.00s
[2800.133s][info][gc,marking     ] GC(531) Concurrent Clear Claimed Marks
[2800.133s][info][gc,marking     ] GC(531) Concurrent Clear Claimed Marks 0.028ms
[2800.133s][info][gc,marking     ] GC(531) Concurrent Cleanup for Next Mark
[2800.138s][info][gc,marking     ] GC(531) Concurrent Cleanup for Next Mark 4.530ms
[2800.138s][info][gc             ] GC(531) Concurrent Mark Cycle 1176.392ms
...[2802.900s][info][gc,start       ] GC(532) Pause Young (Prepare Mixed) (G1 Evacuation Pause)
[2802.900s][info][gc,task        ] GC(532) Using 6 workers of 6 for evacuation
[2803.017s][info][gc,phases      ] GC(532)   Pre Evacuate Collection Set: 0.30ms
[2803.017s][info][gc,phases      ] GC(532)   Merge Heap Roots: 0.51ms
[2803.017s][info][gc,phases      ] GC(532)   Evacuate Collection Set: 114.80ms
[2803.017s][info][gc,phases      ] GC(532)   Post Evacuate Collection Set: 0.92ms
[2803.017s][info][gc,phases      ] GC(532)   Other: 0.08ms
[2803.017s][info][gc,heap        ] GC(532) Eden regions: 1121->0(1108)
[2803.017s][info][gc,heap        ] GC(532) Survivor regions: 107->110(154)
[2803.017s][info][gc,heap        ] GC(532) Old regions: 506->537
[2803.017s][info][gc,heap        ] GC(532) Humongous regions: 80->80
[2803.017s][info][gc,metaspace   ] GC(532) Metaspace: 29006K(29376K)->29006K(29376K) NonClass: 24124K(24256K)->24124K(24256K) Class: 4881K(5120K)->4881K(5120K)
[2803.017s][info][gc             ] GC(532) Pause Young (Prepare Mixed) (G1 Evacuation Pause) 3625M->1451M(4096M) 116.737ms
[2803.017s][info][gc,cpu         ] GC(532) User=0.69s Sys=0.00s Real=0.12s
....[2806.897s][info][gc,start       ] GC(533) Pause Young (Mixed) (G1 Evacuation Pause)
[2806.897s][info][gc,task        ] GC(533) Using 6 workers of 6 for evacuation
[2807.029s][info][gc,phases      ] GC(533)   Pre Evacuate Collection Set: 0.34ms
[2807.029s][info][gc,phases      ] GC(533)   Merge Heap Roots: 0.70ms
[2807.029s][info][gc,phases      ] GC(533)   Evacuate Collection Set: 129.17ms
[2807.029s][info][gc,phases      ] GC(533)   Post Evacuate Collection Set: 0.93ms
[2807.029s][info][gc,phases      ] GC(533)   Other: 0.09ms
[2807.029s][info][gc,heap        ] GC(533) Eden regions: 1108->0(1120)
[2807.029s][info][gc,heap        ] GC(533) Survivor regions: 110->108(153)
[2807.029s][info][gc,heap        ] GC(533) Old regions: 537->473
[2807.029s][info][gc,heap        ] GC(533) Humongous regions: 80->80
[2807.029s][info][gc,metaspace   ] GC(533) Metaspace: 29006K(29376K)->29006K(29376K) NonClass: 24124K(24256K)->24124K(24256K) Class: 4881K(5120K)->4881K(5120K)
[2807.029s][info][gc             ] GC(533) Pause Young (Mixed) (G1 Evacuation Pause) 3667M->1320M(4096M) 131.376ms
[2807.029s][info][gc,cpu         ] GC(533) User=0.78s Sys=0.00s Real=0.13s
....[2810.822s][info][gc,start       ] GC(534) Pause Young (Concurrent Start) (G1 Evacuation Pause)
[2810.822s][info][gc,task        ] GC(534) Using 6 workers of 6 for evacuation
[2810.937s][info][gc,phases      ] GC(534)   Pre Evacuate Collection Set: 0.39ms
[2810.938s][info][gc,phases      ] GC(534)   Merge Heap Roots: 0.47ms
[2810.938s][info][gc,phases      ] GC(534)   Evacuate Collection Set: 113.77ms
[2810.938s][info][gc,phases      ] GC(534)   Post Evacuate Collection Set: 0.86ms
[2810.938s][info][gc,phases      ] GC(534)   Other: 0.10ms
[2810.938s][info][gc,heap        ] GC(534) Eden regions: 1120->0(1121)
[2810.938s][info][gc,heap        ] GC(534) Survivor regions: 108->107(154)
[2810.938s][info][gc,heap        ] GC(534) Old regions: 473->506
[2810.938s][info][gc,heap        ] GC(534) Humongous regions: 80->80
[2810.938s][info][gc,metaspace   ] GC(534) Metaspace: 29006K(29376K)->29006K(29376K) NonClass: 24124K(24256K)->24124K(24256K) Class: 4881K(5120K)->4881K(5120K)
[2810.938s][info][gc             ] GC(534) Pause Young (Concurrent Start) (G1 Evacuation Pause) 3560M->1385M(4096M) 115.729ms
[2810.938s][info][gc             ] GC(535) Concurrent Mark Cycle
[2810.938s][info][gc,marking     ] GC(535) Concurrent Scan Root Regions
[2810.938s][info][gc,cpu         ] GC(534) User=0.69s Sys=0.00s Real=0.12s
[2811.072s][info][gc,marking     ] GC(535) Concurrent Scan Root Regions 133.938ms
[2811.072s][info][gc,marking     ] GC(535) Concurrent Mark
[2811.072s][info][gc,marking     ] GC(535) Concurrent Mark From Roots
[2811.072s][info][gc,task        ] GC(535) Using 2 workers of 2 for marking
.[2811.714s][info][gc,marking     ] GC(535) Concurrent Mark From Roots 642.508ms
[2811.714s][info][gc,marking     ] GC(535) Concurrent Preclean
[2811.714s][info][gc,marking     ] GC(535) Concurrent Preclean 0.119ms
[2811.715s][info][gc,start       ] GC(535) Pause Remark
[2811.719s][info][gc             ] GC(535) Pause Remark 1871M->1871M(4096M) 4.073ms
[2811.719s][info][gc,cpu         ] GC(535) User=0.03s Sys=0.00s Real=0.00s
[2811.719s][info][gc,marking     ] GC(535) Concurrent Mark 647.492ms
[2811.719s][info][gc,marking     ] GC(535) Concurrent Rebuild Remembered Sets and Scrub Regions
[2811.953s][info][gc,marking     ] GC(535) Concurrent Rebuild Remembered Sets and Scrub Regions 233.396ms
[2811.953s][info][gc,start       ] GC(535) Pause Cleanup
[2811.953s][info][gc             ] GC(535) Pause Cleanup 1981M->1981M(4096M) 0.103ms
[2811.953s][info][gc,cpu         ] GC(535) User=0.00s Sys=0.00s Real=0.00s
[2811.954s][info][gc,marking     ] GC(535) Concurrent Clear Claimed Marks
[2811.954s][info][gc,marking     ] GC(535) Concurrent Clear Claimed Marks 0.036ms
[2811.954s][info][gc,marking     ] GC(535) Concurrent Cleanup for Next Mark
[2811.957s][info][gc,marking     ] GC(535) Concurrent Cleanup for Next Mark 3.575ms
[2811.957s][info][gc             ] GC(535) Concurrent Mark Cycle 1019.565ms
...[2814.900s][info][gc,start       ] GC(536) Pause Young (Prepare Mixed) (G1 Evacuation Pause)
[2814.900s][info][gc,task        ] GC(536) Using 6 workers of 6 for evacuation
[2815.016s][info][gc,phases      ] GC(536)   Pre Evacuate Collection Set: 0.32ms
[2815.016s][info][gc,phases      ] GC(536)   Merge Heap Roots: 0.52ms
[2815.016s][info][gc,phases      ] GC(536)   Evacuate Collection Set: 113.59ms
[2815.016s][info][gc,phases      ] GC(536)   Post Evacuate Collection Set: 0.90ms
[2815.016s][info][gc,phases      ] GC(536)   Other: 0.08ms
[2815.016s][info][gc,heap        ] GC(536) Eden regions: 1121->0(1111)
[2815.016s][info][gc,heap        ] GC(536) Survivor regions: 107->108(154)
[2815.016s][info][gc,heap        ] GC(536) Old regions: 506->538
[2815.016s][info][gc,heap        ] GC(536) Humongous regions: 80->80
[2815.016s][info][gc,metaspace   ] GC(536) Metaspace: 29006K(29376K)->29006K(29376K) NonClass: 24124K(24256K)->24124K(24256K) Class: 4881K(5120K)->4881K(5120K)
[2815.016s][info][gc             ] GC(536) Pause Young (Prepare Mixed) (G1 Evacuation Pause) 3627M->1450M(4096M) 115.543ms
[2815.016s][info][gc,cpu         ] GC(536) User=0.69s Sys=0.00s Real=0.12s
....[2818.833s][info][gc,start       ] GC(537) Pause Young (Mixed) (G1 Evacuation Pause)
[2818.833s][info][gc,task        ] GC(537) Using 6 workers of 6 for evacuation
[2818.963s][info][gc,phases      ] GC(537)   Pre Evacuate Collection Set: 0.35ms
[2818.963s][info][gc,phases      ] GC(537)   Merge Heap Roots: 0.66ms
[2818.963s][info][gc,phases      ] GC(537)   Evacuate Collection Set: 127.81ms
[2818.963s][info][gc,phases      ] GC(537)   Post Evacuate Collection Set: 0.93ms
[2818.963s][info][gc,phases      ] GC(537)   Other: 0.09ms
[2818.963s][info][gc,heap        ] GC(537) Eden regions: 1111->0(1119)
[2818.963s][info][gc,heap        ] GC(537) Survivor regions: 108->109(153)
[2818.963s][info][gc,heap        ] GC(537) Old regions: 538->475
[2818.963s][info][gc,heap        ] GC(537) Humongous regions: 80->80
[2818.963s][info][gc,metaspace   ] GC(537) Metaspace: 29006K(29376K)->29006K(29376K) NonClass: 24124K(24256K)->24124K(24256K) Class: 4881K(5120K)->4881K(5120K)
[2818.963s][info][gc             ] GC(537) Pause Young (Mixed) (G1 Evacuation Pause) 3672M->1326M(4096M) 129.962ms
[2818.963s][info][gc,cpu         ] GC(537) User=0.77s Sys=0.00s Real=0.13s
....[2822.843s][info][gc,start       ] GC(538) Pause Young (Concurrent Start) (G1 Evacuation Pause)
[2822.843s][info][gc,task        ] GC(538) Using 6 workers of 6 for evacuation
[2822.957s][info][gc,phases      ] GC(538)   Pre Evacuate Collection Set: 0.43ms
[2822.957s][info][gc,phases      ] GC(538)   Merge Heap Roots: 0.48ms
[2822.957s][info][gc,phases      ] GC(538)   Evacuate Collection Set: 112.49ms
[2822.957s][info][gc,phases      ] GC(538)   Post Evacuate Collection Set: 0.83ms
[2822.957s][info][gc,phases      ] GC(538)   Other: 0.13ms
[2822.957s][info][gc,heap        ] GC(538) Eden regions: 1119->0(1121)
[2822.957s][info][gc,heap        ] GC(538) Survivor regions: 109->107(154)
[2822.957s][info][gc,heap        ] GC(538) Old regions: 475->508
[2822.957s][info][gc,heap        ] GC(538) Humongous regions: 80->80
[2822.957s][info][gc,metaspace   ] GC(538) Metaspace: 29006K(29376K)->29006K(29376K) NonClass: 24125K(24256K)->24125K(24256K) Class: 4881K(5120K)->4881K(5120K)
[2822.957s][info][gc             ] GC(538) Pause Young (Concurrent Start) (G1 Evacuation Pause) 3564M->1388M(4096M) 114.495ms
[2822.957s][info][gc             ] GC(539) Concurrent Mark Cycle
[2822.957s][info][gc,marking     ] GC(539) Concurrent Scan Root Regions
[2822.957s][info][gc,cpu         ] GC(538) User=0.68s Sys=0.00s Real=0.12s
[2823.102s][info][gc,marking     ] GC(539) Concurrent Scan Root Regions 144.140ms
[2823.102s][info][gc,marking     ] GC(539) Concurrent Mark
[2823.102s][info][gc,marking     ] GC(539) Concurrent Mark From Roots
[2823.102s][info][gc,task        ] GC(539) Using 2 workers of 2 for marking
.[2823.740s][info][gc,marking     ] GC(539) Concurrent Mark From Roots 638.262ms
[2823.740s][info][gc,marking     ] GC(539) Concurrent Preclean
[2823.740s][info][gc,marking     ] GC(539) Concurrent Preclean 0.126ms
[2823.740s][info][gc,start       ] GC(539) Pause Remark
[2823.744s][info][gc             ] GC(539) Pause Remark 1900M->1900M(4096M) 4.059ms
[2823.744s][info][gc,cpu         ] GC(539) User=0.03s Sys=0.00s Real=0.01s
[2823.744s][info][gc,marking     ] GC(539) Concurrent Mark 642.728ms
[2823.744s][info][gc,marking     ] GC(539) Concurrent Rebuild Remembered Sets and Scrub Regions
[2823.988s][info][gc,marking     ] GC(539) Concurrent Rebuild Remembered Sets and Scrub Regions 243.841ms
[2823.988s][info][gc,start       ] GC(539) Pause Cleanup
[2823.988s][info][gc             ] GC(539) Pause Cleanup 2035M->2035M(4096M) 0.108ms
[2823.989s][info][gc,cpu         ] GC(539) User=0.00s Sys=0.00s Real=0.00s
[2823.989s][info][gc,marking     ] GC(539) Concurrent Clear Claimed Marks
[2823.989s][info][gc,marking     ] GC(539) Concurrent Clear Claimed Marks 0.041ms
[2823.989s][info][gc,marking     ] GC(539) Concurrent Cleanup for Next Mark
[2823.992s][info][gc,marking     ] GC(539) Concurrent Cleanup for Next Mark 3.155ms
[2823.992s][info][gc             ] GC(539) Concurrent Mark Cycle 1034.389ms
...[2826.846s][info][gc,start       ] GC(540) Pause Young (Prepare Mixed) (G1 Evacuation Pause)
[2826.846s][info][gc,task        ] GC(540) Using 6 workers of 6 for evacuation
[2826.959s][info][gc,phases      ] GC(540)   Pre Evacuate Collection Set: 0.32ms
[2826.959s][info][gc,phases      ] GC(540)   Merge Heap Roots: 0.51ms
[2826.959s][info][gc,phases      ] GC(540)   Evacuate Collection Set: 111.40ms
[2826.959s][info][gc,phases      ] GC(540)   Post Evacuate Collection Set: 0.89ms
[2826.959s][info][gc,phases      ] GC(540)   Other: 0.09ms
[2826.959s][info][gc,heap        ] GC(540) Eden regions: 1121->0(1112)
[2826.959s][info][gc,heap        ] GC(540) Survivor regions: 107->107(154)
[2826.959s][info][gc,heap        ] GC(540) Old regions: 508->539
[2826.959s][info][gc,heap        ] GC(540) Humongous regions: 80->80
[2826.959s][info][gc,metaspace   ] GC(540) Metaspace: 29006K(29376K)->29006K(29376K) NonClass: 24125K(24256K)->24125K(24256K) Class: 4881K(5120K)->4881K(5120K)
[2826.959s][info][gc             ] GC(540) Pause Young (Prepare Mixed) (G1 Evacuation Pause) 3630M->1450M(4096M) 113.342ms
[2826.959s][info][gc,cpu         ] GC(540) User=0.67s Sys=0.00s Real=0.11s
....[2830.801s][info][gc,start       ] GC(541) Pause Young (Mixed) (G1 Evacuation Pause)
[2830.801s][info][gc,task        ] GC(541) Using 6 workers of 6 for evacuation
[2830.932s][info][gc,phases      ] GC(541)   Pre Evacuate Collection Set: 0.34ms
[2830.932s][info][gc,phases      ] GC(541)   Merge Heap Roots: 0.64ms
[2830.932s][info][gc,phases      ] GC(541)   Evacuate Collection Set: 128.73ms
[2830.932s][info][gc,phases      ] GC(541)   Post Evacuate Collection Set: 0.94ms
[2830.932s][info][gc,phases      ] GC(541)   Other: 0.09ms
[2830.932s][info][gc,heap        ] GC(541) Eden regions: 1112->0(1119)
[2830.932s][info][gc,heap        ] GC(541) Survivor regions: 107->109(153)
[2830.932s][info][gc,heap        ] GC(541) Old regions: 539->473
[2830.932s][info][gc,heap        ] GC(541) Humongous regions: 80->80
[2830.932s][info][gc,metaspace   ] GC(541) Metaspace: 29006K(29376K)->29006K(29376K) NonClass: 24125K(24256K)->24125K(24256K) Class: 4881K(5120K)->4881K(5120K)
[2830.932s][info][gc             ] GC(541) Pause Young (Mixed) (G1 Evacuation Pause) 3674M->1322M(4096M) 130.861ms
[2830.932s][info][gc,cpu         ] GC(541) User=0.78s Sys=0.00s Real=0.13s
. (rIR:aIR:PR = 4705:4705:4705) (tPR = 69852) [OK] 
  2831s: Performance info:
         Transaction,    Success,    Partial,     Failed,   Receipts, AvgBarcode, 
             Overall,     283022,          0,          0,     268879,      59.47, 
         Response times:
             Request,    Success,    Partial,     Failed,   SkipFail,     Probes,    Samples,      min,      p50,      p90,      p95,      p99,      max, 
       TotalPurchase,     268862,          0,          0,          0,     263496,     286579,      300,     3600,     7000,    12400,    41000,   178000,
     InStorePurchase,     141523,          0,          0,          0,     138793,     150645,      300,     3600,     6900,    12400,    40000,   178000,
      OnlinePurchase,      99046,          0,          0,          0,      97285,     105706,      300,     3600,     6900,    12100,    40000,   178000,
        InstPurchase,      28293,          0,          0,          0,      27418,      30228,      400,     3900,     7200,    12700,    43000,   177000,
          AssocOfCat,        285,          0,          0,          0,        212,        290,    24000,    32000,    51000,    58450,   146070,   183000,
      AssocOfProduct,       2831,          0,          0,          0,       2683,       3123,      800,     4700,     8100,    16400,    48520,   143000,
      BusinessReport,        709,          0,          0,          0,        597,        774,    26000,    37000,    56500,    72250,   118250,   189000,
          CustBuyBeh,       2833,          0,          0,          0,       2616,       3039,      200,     3200,     6700,    12600,    38000,   139000,
       ProductReturn,       7506,          0,          0,          0,       7137,       7989,      200,     3300,     6600,    11300,    39000,   149000,

  2831s: (35%)   IR =   4843 ...[2834.695s][info][gc,start       ] GC(542) Pause Young (Concurrent Start) (G1 Evacuation Pause)
[2834.695s][info][gc,task        ] GC(542) Using 6 workers of 6 for evacuation
[2834.808s][info][gc,phases      ] GC(542)   Pre Evacuate Collection Set: 0.40ms
[2834.808s][info][gc,phases      ] GC(542)   Merge Heap Roots: 0.49ms
[2834.808s][info][gc,phases      ] GC(542)   Evacuate Collection Set: 111.30ms
[2834.808s][info][gc,phases      ] GC(542)   Post Evacuate Collection Set: 0.87ms
[2834.808s][info][gc,phases      ] GC(542)   Other: 0.10ms
[2834.808s][info][gc,heap        ] GC(542) Eden regions: 1119->0(1121)
[2834.808s][info][gc,heap        ] GC(542) Survivor regions: 109->107(154)
[2834.808s][info][gc,heap        ] GC(542) Old regions: 473->505
[2834.808s][info][gc,heap        ] GC(542) Humongous regions: 80->80
[2834.808s][info][gc,metaspace   ] GC(542) Metaspace: 29006K(29376K)->29006K(29376K) NonClass: 24125K(24256K)->24125K(24256K) Class: 4881K(5120K)->4881K(5120K)
[2834.808s][info][gc             ] GC(542) Pause Young (Concurrent Start) (G1 Evacuation Pause) 3560M->1383M(4096M) 113.300ms
[2834.808s][info][gc             ] GC(543) Concurrent Mark Cycle
[2834.808s][info][gc,marking     ] GC(543) Concurrent Scan Root Regions
[2834.808s][info][gc,cpu         ] GC(542) User=0.67s Sys=0.00s Real=0.11s
[2834.948s][info][gc,marking     ] GC(543) Concurrent Scan Root Regions 139.196ms
[2834.948s][info][gc,marking     ] GC(543) Concurrent Mark
[2834.948s][info][gc,marking     ] GC(543) Concurrent Mark From Roots
[2834.948s][info][gc,task        ] GC(543) Using 2 workers of 2 for marking
.[2835.597s][info][gc,marking     ] GC(543) Concurrent Mark From Roots 648.953ms
[2835.597s][info][gc,marking     ] GC(543) Concurrent Preclean
[2835.597s][info][gc,marking     ] GC(543) Concurrent Preclean 0.122ms
[2835.597s][info][gc,start       ] GC(543) Pause Remark
[2835.601s][info][gc             ] GC(543) Pause Remark 1928M->1928M(4096M) 4.242ms
[2835.601s][info][gc,cpu         ] GC(543) User=0.02s Sys=0.00s Real=0.00s
[2835.601s][info][gc,marking     ] GC(543) Concurrent Mark 653.567ms
[2835.601s][info][gc,marking     ] GC(543) Concurrent Rebuild Remembered Sets and Scrub Regions
[2835.854s][info][gc,marking     ] GC(543) Concurrent Rebuild Remembered Sets and Scrub Regions 252.496ms
[2835.854s][info][gc,start       ] GC(543) Pause Cleanup
[2835.854s][info][gc             ] GC(543) Pause Cleanup 2064M->2064M(4096M) 0.105ms
[2835.854s][info][gc,cpu         ] GC(543) User=0.00s Sys=0.00s Real=0.00s
[2835.854s][info][gc,marking     ] GC(543) Concurrent Clear Claimed Marks
[2835.854s][info][gc,marking     ] GC(543) Concurrent Clear Claimed Marks 0.030ms
[2835.854s][info][gc,marking     ] GC(543) Concurrent Cleanup for Next Mark
[2835.857s][info][gc,marking     ] GC(543) Concurrent Cleanup for Next Mark 3.186ms
[2835.857s][info][gc             ] GC(543) Concurrent Mark Cycle 1048.952ms
...|[2838.637s][info][gc,start       ] GC(544) Pause Young (Prepare Mixed) (G1 Evacuation Pause)
[2838.637s][info][gc,task        ] GC(544) Using 6 workers of 6 for evacuation
[2838.752s][info][gc,phases      ] GC(544)   Pre Evacuate Collection Set: 0.34ms
[2838.752s][info][gc,phases      ] GC(544)   Merge Heap Roots: 0.51ms
[2838.752s][info][gc,phases      ] GC(544)   Evacuate Collection Set: 113.80ms
[2838.752s][info][gc,phases      ] GC(544)   Post Evacuate Collection Set: 0.89ms
[2838.752s][info][gc,phases      ] GC(544)   Other: 0.09ms
[2838.753s][info][gc,heap        ] GC(544) Eden regions: 1121->0(1108)
[2838.753s][info][gc,heap        ] GC(544) Survivor regions: 107->110(154)
[2838.753s][info][gc,heap        ] GC(544) Old regions: 505->537
[2838.753s][info][gc,heap        ] GC(544) Humongous regions: 80->80
[2838.753s][info][gc,metaspace   ] GC(544) Metaspace: 29006K(29376K)->29006K(29376K) NonClass: 24125K(24256K)->24125K(24256K) Class: 4881K(5120K)->4881K(5120K)
[2838.753s][info][gc             ] GC(544) Pause Young (Prepare Mixed) (G1 Evacuation Pause) 3625M->1451M(4096M) 115.778ms
[2838.753s][info][gc,cpu         ] GC(544) User=0.69s Sys=0.00s Real=0.11s
....[2842.435s][info][gc,start       ] GC(545) Pause Young (Mixed) (G1 Evacuation Pause)
[2842.435s][info][gc,task        ] GC(545) Using 6 workers of 6 for evacuation
[2842.563s][info][gc,phases      ] GC(545)   Pre Evacuate Collection Set: 0.40ms
[2842.563s][info][gc,phases      ] GC(545)   Merge Heap Roots: 0.58ms
[2842.563s][info][gc,phases      ] GC(545)   Evacuate Collection Set: 126.27ms
[2842.563s][info][gc,phases      ] GC(545)   Post Evacuate Collection Set: 0.92ms
[2842.563s][info][gc,phases      ] GC(545)   Other: 0.09ms
[2842.563s][info][gc,heap        ] GC(545) Eden regions: 1108->0(1119)
[2842.563s][info][gc,heap        ] GC(545) Survivor regions: 110->109(153)
[2842.563s][info][gc,heap        ] GC(545) Old regions: 537->474
[2842.563s][info][gc,heap        ] GC(545) Humongous regions: 80->80
[2842.563s][info][gc,metaspace   ] GC(545) Metaspace: 29006K(29376K)->29006K(29376K) NonClass: 24125K(24256K)->24125K(24256K) Class: 4881K(5120K)->4881K(5120K)
[2842.563s][info][gc             ] GC(545) Pause Young (Mixed) (G1 Evacuation Pause) 3667M->1323M(4096M) 128.388ms
[2842.563s][info][gc,cpu         ] GC(545) User=0.76s Sys=0.00s Real=0.13s
....[2846.340s][info][gc,start       ] GC(546) Pause Young (Concurrent Start) (G1 Evacuation Pause)
[2846.340s][info][gc,task        ] GC(546) Using 6 workers of 6 for evacuation
[2846.457s][info][gc,phases      ] GC(546)   Pre Evacuate Collection Set: 0.37ms
[2846.457s][info][gc,phases      ] GC(546)   Merge Heap Roots: 0.46ms
[2846.457s][info][gc,phases      ] GC(546)   Evacuate Collection Set: 115.74ms
[2846.457s][info][gc,phases      ] GC(546)   Post Evacuate Collection Set: 0.87ms
[2846.457s][info][gc,phases      ] GC(546)   Other: 0.12ms
[2846.457s][info][gc,heap        ] GC(546) Eden regions: 1119->0(1117)
[2846.457s][info][gc,heap        ] GC(546) Survivor regions: 109->111(154)
[2846.457s][info][gc,heap        ] GC(546) Old regions: 474->506
[2846.457s][info][gc,heap        ] GC(546) Humongous regions: 80->80
[2846.457s][info][gc,metaspace   ] GC(546) Metaspace: 29006K(29376K)->29006K(29376K) NonClass: 24125K(24256K)->24125K(24256K) Class: 4881K(5120K)->4881K(5120K)
[2846.457s][info][gc             ] GC(546) Pause Young (Concurrent Start) (G1 Evacuation Pause) 3561M->1392M(4096M) 117.681ms
[2846.458s][info][gc             ] GC(547) Concurrent Mark Cycle
[2846.458s][info][gc,marking     ] GC(547) Concurrent Scan Root Regions
[2846.458s][info][gc,cpu         ] GC(546) User=0.70s Sys=0.00s Real=0.12s
[2846.601s][info][gc,marking     ] GC(547) Concurrent Scan Root Regions 143.076ms
[2846.601s][info][gc,marking     ] GC(547) Concurrent Mark
[2846.601s][info][gc,marking     ] GC(547) Concurrent Mark From Roots
[2846.601s][info][gc,task        ] GC(547) Using 2 workers of 2 for marking
[2847.231s][info][gc,marking     ] GC(547) Concurrent Mark From Roots 630.063ms
[2847.231s][info][gc,marking     ] GC(547) Concurrent Preclean
[2847.231s][info][gc,marking     ] GC(547) Concurrent Preclean 0.117ms
[2847.232s][info][gc,start       ] GC(547) Pause Remark
[2847.237s][info][gc             ] GC(547) Pause Remark 1914M->1914M(4096M) 4.820ms
[2847.237s][info][gc,cpu         ] GC(547) User=0.03s Sys=0.00s Real=0.01s
[2847.237s][info][gc,marking     ] GC(547) Concurrent Mark 636.101ms
[2847.237s][info][gc,marking     ] GC(547) Concurrent Rebuild Remembered Sets and Scrub Regions
.[2847.466s][info][gc,marking     ] GC(547) Concurrent Rebuild Remembered Sets and Scrub Regions 229.210ms
[2847.466s][info][gc,start       ] GC(547) Pause Cleanup
[2847.466s][info][gc             ] GC(547) Pause Cleanup 2019M->2019M(4096M) 0.101ms
[2847.466s][info][gc,cpu         ] GC(547) User=0.00s Sys=0.00s Real=0.00s
[2847.466s][info][gc,marking     ] GC(547) Concurrent Clear Claimed Marks
[2847.466s][info][gc,marking     ] GC(547) Concurrent Clear Claimed Marks 0.025ms
[2847.466s][info][gc,marking     ] GC(547) Concurrent Cleanup for Next Mark
[2847.470s][info][gc,marking     ] GC(547) Concurrent Cleanup for Next Mark 3.203ms
[2847.470s][info][gc             ] GC(547) Concurrent Mark Cycle 1012.044ms
..[2850.210s][info][gc,start       ] GC(548) Pause Young (Prepare Mixed) (G1 Evacuation Pause)
[2850.211s][info][gc,task        ] GC(548) Using 6 workers of 6 for evacuation
[2850.326s][info][gc,phases      ] GC(548)   Pre Evacuate Collection Set: 0.35ms
[2850.326s][info][gc,phases      ] GC(548)   Merge Heap Roots: 0.51ms
[2850.326s][info][gc,phases      ] GC(548)   Evacuate Collection Set: 113.41ms
[2850.326s][info][gc,phases      ] GC(548)   Post Evacuate Collection Set: 0.91ms
[2850.326s][info][gc,phases      ] GC(548)   Other: 0.08ms
[2850.326s][info][gc,heap        ] GC(548) Eden regions: 1117->0(1111)
[2850.326s][info][gc,heap        ] GC(548) Survivor regions: 111->108(154)
[2850.326s][info][gc,heap        ] GC(548) Old regions: 506->538
[2850.326s][info][gc,heap        ] GC(548) Humongous regions: 80->80
[2850.326s][info][gc,metaspace   ] GC(548) Metaspace: 29006K(29376K)->29006K(29376K) NonClass: 24125K(24256K)->24125K(24256K) Class: 4881K(5120K)->4881K(5120K)
[2850.326s][info][gc             ] GC(548) Pause Young (Prepare Mixed) (G1 Evacuation Pause) 3626M->1450M(4096M) 115.401ms
[2850.326s][info][gc,cpu         ] GC(548) User=0.68s Sys=0.00s Real=0.12s
....[2854.176s][info][gc,start       ] GC(549) Pause Young (Mixed) (G1 Evacuation Pause)
[2854.177s][info][gc,task        ] GC(549) Using 6 workers of 6 for evacuation
[2854.311s][info][gc,phases      ] GC(549)   Pre Evacuate Collection Set: 0.41ms
[2854.311s][info][gc,phases      ] GC(549)   Merge Heap Roots: 0.75ms
[2854.311s][info][gc,phases      ] GC(549)   Evacuate Collection Set: 132.69ms
[2854.311s][info][gc,phases      ] GC(549)   Post Evacuate Collection Set: 0.95ms
[2854.311s][info][gc,phases      ] GC(549)   Other: 0.09ms
[2854.311s][info][gc,heap        ] GC(549) Eden regions: 1111->0(1117)
[2854.311s][info][gc,heap        ] GC(549) Survivor regions: 108->111(153)
[2854.311s][info][gc,heap        ] GC(549) Old regions: 538->473
[2854.311s][info][gc,heap        ] GC(549) Humongous regions: 80->80
[2854.311s][info][gc,metaspace   ] GC(549) Metaspace: 29006K(29376K)->29006K(29376K) NonClass: 24125K(24256K)->24125K(24256K) Class: 4881K(5120K)->4881K(5120K)
[2854.312s][info][gc             ] GC(549) Pause Young (Mixed) (G1 Evacuation Pause) 3672M->1327M(4096M) 135.020ms
[2854.312s][info][gc,cpu         ] GC(549) User=0.81s Sys=0.00s Real=0.13s
....[2857.956s][info][gc,start       ] GC(550) Pause Young (Concurrent Start) (G1 Evacuation Pause)
[2857.956s][info][gc,task        ] GC(550) Using 6 workers of 6 for evacuation
[2858.072s][info][gc,phases      ] GC(550)   Pre Evacuate Collection Set: 0.39ms
[2858.072s][info][gc,phases      ] GC(550)   Merge Heap Roots: 0.45ms
[2858.072s][info][gc,phases      ] GC(550)   Evacuate Collection Set: 114.43ms
[2858.072s][info][gc,phases      ] GC(550)   Post Evacuate Collection Set: 0.88ms
[2858.072s][info][gc,phases      ] GC(550)   Other: 0.11ms
[2858.072s][info][gc,heap        ] GC(550) Eden regions: 1117->0(1119)
[2858.072s][info][gc,heap        ] GC(550) Survivor regions: 111->109(154)
[2858.072s][info][gc,heap        ] GC(550) Old regions: 473->505
[2858.072s][info][gc,heap        ] GC(550) Humongous regions: 80->80
[2858.072s][info][gc,metaspace   ] GC(550) Metaspace: 29006K(29376K)->29006K(29376K) NonClass: 24125K(24256K)->24125K(24256K) Class: 4881K(5120K)->4881K(5120K)
[2858.072s][info][gc             ] GC(550) Pause Young (Concurrent Start) (G1 Evacuation Pause) 3561M->1385M(4096M) 116.381ms
[2858.072s][info][gc             ] GC(551) Concurrent Mark Cycle
[2858.072s][info][gc,marking     ] GC(551) Concurrent Scan Root Regions
[2858.072s][info][gc,cpu         ] GC(550) User=0.69s Sys=0.00s Real=0.11s
[2858.215s][info][gc,marking     ] GC(551) Concurrent Scan Root Regions 142.469ms
[2858.215s][info][gc,marking     ] GC(551) Concurrent Mark
[2858.215s][info][gc,marking     ] GC(551) Concurrent Mark From Roots
[2858.215s][info][gc,task        ] GC(551) Using 2 workers of 2 for marking
.[2858.833s][info][gc,marking     ] GC(551) Concurrent Mark From Roots 618.049ms
[2858.833s][info][gc,marking     ] GC(551) Concurrent Preclean
[2858.833s][info][gc,marking     ] GC(551) Concurrent Preclean 0.093ms
[2858.833s][info][gc,start       ] GC(551) Pause Remark
[2858.837s][info][gc             ] GC(551) Pause Remark 1868M->1868M(4096M) 4.281ms
[2858.837s][info][gc,cpu         ] GC(551) User=0.03s Sys=0.00s Real=0.01s
[2858.837s][info][gc,marking     ] GC(551) Concurrent Mark 622.669ms
[2858.837s][info][gc,marking     ] GC(551) Concurrent Rebuild Remembered Sets and Scrub Regions
[2859.061s][info][gc,marking     ] GC(551) Concurrent Rebuild Remembered Sets and Scrub Regions 224.015ms
[2859.062s][info][gc,start       ] GC(551) Pause Cleanup
[2859.062s][info][gc             ] GC(551) Pause Cleanup 1993M->1993M(4096M) 0.118ms
[2859.062s][info][gc,cpu         ] GC(551) User=0.00s Sys=0.00s Real=0.00s
[2859.062s][info][gc,marking     ] GC(551) Concurrent Clear Claimed Marks
[2859.062s][info][gc,marking     ] GC(551) Concurrent Clear Claimed Marks 0.036ms
[2859.062s][info][gc,marking     ] GC(551) Concurrent Cleanup for Next Mark
[2859.067s][info][gc,marking     ] GC(551) Concurrent Cleanup for Next Mark 4.731ms
[2859.067s][info][gc             ] GC(551) Concurrent Mark Cycle 994.861ms
...[2861.811s][info][gc,start       ] GC(552) Pause Young (Prepare Mixed) (G1 Evacuation Pause)
[2861.812s][info][gc,task        ] GC(552) Using 6 workers of 6 for evacuation
[2861.926s][info][gc,phases      ] GC(552)   Pre Evacuate Collection Set: 0.33ms
[2861.926s][info][gc,phases      ] GC(552)   Merge Heap Roots: 0.56ms
[2861.926s][info][gc,phases      ] GC(552)   Evacuate Collection Set: 112.95ms
[2861.926s][info][gc,phases      ] GC(552)   Post Evacuate Collection Set: 0.93ms
[2861.926s][info][gc,phases      ] GC(552)   Other: 0.09ms
[2861.926s][info][gc,heap        ] GC(552) Eden regions: 1119->0(1115)
[2861.926s][info][gc,heap        ] GC(552) Survivor regions: 109->106(154)
[2861.926s][info][gc,heap        ] GC(552) Old regions: 505->538
[2861.926s][info][gc,heap        ] GC(552) Humongous regions: 80->80
[2861.926s][info][gc,metaspace   ] GC(552) Metaspace: 29006K(29376K)->29006K(29376K) NonClass: 24125K(24256K)->24125K(24256K) Class: 4881K(5120K)->4881K(5120K)
[2861.926s][info][gc             ] GC(552) Pause Young (Prepare Mixed) (G1 Evacuation Pause) 3623M->1446M(4096M) 114.995ms
[2861.926s][info][gc,cpu         ] GC(552) User=0.68s Sys=0.00s Real=0.12s
....[2865.746s][info][gc,start       ] GC(553) Pause Young (Mixed) (G1 Evacuation Pause)
[2865.746s][info][gc,task        ] GC(553) Using 6 workers of 6 for evacuation
[2865.877s][info][gc,phases      ] GC(553)   Pre Evacuate Collection Set: 0.36ms
[2865.877s][info][gc,phases      ] GC(553)   Merge Heap Roots: 0.64ms
[2865.877s][info][gc,phases      ] GC(553)   Evacuate Collection Set: 128.27ms
[2865.877s][info][gc,phases      ] GC(553)   Post Evacuate Collection Set: 0.92ms
[2865.877s][info][gc,phases      ] GC(553)   Other: 0.09ms
[2865.877s][info][gc,heap        ] GC(553) Eden regions: 1115->0(1119)
[2865.877s][info][gc,heap        ] GC(553) Survivor regions: 106->109(153)
[2865.877s][info][gc,heap        ] GC(553) Old regions: 538->474
[2865.877s][info][gc,heap        ] GC(553) Humongous regions: 80->80
[2865.877s][info][gc,metaspace   ] GC(553) Metaspace: 29006K(29376K)->29006K(29376K) NonClass: 24125K(24256K)->24125K(24256K) Class: 4881K(5120K)->4881K(5120K)
[2865.877s][info][gc             ] GC(553) Pause Young (Mixed) (G1 Evacuation Pause) 3676M->1324M(4096M) 130.408ms
[2865.877s][info][gc,cpu         ] GC(553) User=0.77s Sys=0.00s Real=0.13s
....[2869.685s][info][gc,start       ] GC(554) Pause Young (Concurrent Start) (G1 Evacuation Pause)
[2869.685s][info][gc,task        ] GC(554) Using 6 workers of 6 for evacuation
[2869.802s][info][gc,phases      ] GC(554)   Pre Evacuate Collection Set: 0.37ms
[2869.802s][info][gc,phases      ] GC(554)   Merge Heap Roots: 0.49ms
[2869.802s][info][gc,phases      ] GC(554)   Evacuate Collection Set: 114.89ms
[2869.802s][info][gc,phases      ] GC(554)   Post Evacuate Collection Set: 0.89ms
[2869.802s][info][gc,phases      ] GC(554)   Other: 0.13ms
[2869.802s][info][gc,heap        ] GC(554) Eden regions: 1119->0(1118)
[2869.802s][info][gc,heap        ] GC(554) Survivor regions: 109->110(154)
[2869.802s][info][gc,heap        ] GC(554) Old regions: 474->504
[2869.802s][info][gc,heap        ] GC(554) Humongous regions: 80->80
[2869.802s][info][gc,metaspace   ] GC(554) Metaspace: 29006K(29376K)->29006K(29376K) NonClass: 24125K(24256K)->24125K(24256K) Class: 4881K(5120K)->4881K(5120K)
[2869.802s][info][gc             ] GC(554) Pause Young (Concurrent Start) (G1 Evacuation Pause) 3562M->1387M(4096M) 116.902ms
[2869.802s][info][gc             ] GC(555) Concurrent Mark Cycle
[2869.802s][info][gc,marking     ] GC(555) Concurrent Scan Root Regions
[2869.802s][info][gc,cpu         ] GC(554) User=0.70s Sys=0.00s Real=0.11s
[2869.989s][info][gc,marking     ] GC(555) Concurrent Scan Root Regions 186.983ms
[2869.989s][info][gc,marking     ] GC(555) Concurrent Mark
[2869.989s][info][gc,marking     ] GC(555) Concurrent Mark From Roots
[2869.989s][info][gc,task        ] GC(555) Using 2 workers of 2 for marking
.[2870.748s][info][gc,marking     ] GC(555) Concurrent Mark From Roots 759.016ms
[2870.748s][info][gc,marking     ] GC(555) Concurrent Preclean
[2870.748s][info][gc,marking     ] GC(555) Concurrent Preclean 0.119ms
[2870.749s][info][gc,start       ] GC(555) Pause Remark
[2870.799s][info][gc             ] GC(555) Pause Remark 2031M->2031M(4096M) 50.597ms
[2870.799s][info][gc,cpu         ] GC(555) User=0.07s Sys=0.00s Real=0.05s
[2870.799s][info][gc,marking     ] GC(555) Concurrent Mark 810.037ms
[2870.799s][info][gc,marking     ] GC(555) Concurrent Rebuild Remembered Sets and Scrub Regions
[2871.075s][info][gc,marking     ] GC(555) Concurrent Rebuild Remembered Sets and Scrub Regions 275.955ms
[2871.075s][info][gc,start       ] GC(555) Pause Cleanup
[2871.076s][info][gc             ] GC(555) Pause Cleanup 2206M->2206M(4096M) 0.108ms
[2871.076s][info][gc,cpu         ] GC(555) User=0.00s Sys=0.00s Real=0.00s
[2871.076s][info][gc,marking     ] GC(555) Concurrent Clear Claimed Marks
[2871.076s][info][gc,marking     ] GC(555) Concurrent Clear Claimed Marks 0.027ms
[2871.076s][info][gc,marking     ] GC(555) Concurrent Cleanup for Next Mark
[2871.080s][info][gc,marking     ] GC(555) Concurrent Cleanup for Next Mark 4.863ms
[2871.081s][info][gc             ] GC(555) Concurrent Mark Cycle 1278.385ms
...[2873.523s][info][gc,start       ] GC(556) Pause Young (Prepare Mixed) (G1 Evacuation Pause)
[2873.523s][info][gc,task        ] GC(556) Using 6 workers of 6 for evacuation
[2873.638s][info][gc,phases      ] GC(556)   Pre Evacuate Collection Set: 0.34ms
[2873.638s][info][gc,phases      ] GC(556)   Merge Heap Roots: 0.50ms
[2873.638s][info][gc,phases      ] GC(556)   Evacuate Collection Set: 112.98ms
[2873.638s][info][gc,phases      ] GC(556)   Post Evacuate Collection Set: 0.90ms
[2873.638s][info][gc,phases      ] GC(556)   Other: 0.09ms
[2873.638s][info][gc,heap        ] GC(556) Eden regions: 1118->0(1110)
[2873.638s][info][gc,heap        ] GC(556) Survivor regions: 110->110(154)
[2873.638s][info][gc,heap        ] GC(556) Old regions: 504->535
[2873.638s][info][gc,heap        ] GC(556) Humongous regions: 80->80
[2873.638s][info][gc,metaspace   ] GC(556) Metaspace: 29006K(29376K)->29006K(29376K) NonClass: 24125K(24256K)->24125K(24256K) Class: 4881K(5120K)->4881K(5120K)
[2873.638s][info][gc             ] GC(556) Pause Young (Prepare Mixed) (G1 Evacuation Pause) 3623M->1448M(4096M) 114.934ms
[2873.638s][info][gc,cpu         ] GC(556) User=0.69s Sys=0.00s Real=0.12s
....[2877.423s][info][gc,start       ] GC(557) Pause Young (Mixed) (G1 Evacuation Pause)
[2877.423s][info][gc,task        ] GC(557) Using 6 workers of 6 for evacuation
[2877.553s][info][gc,phases      ] GC(557)   Pre Evacuate Collection Set: 0.35ms
[2877.554s][info][gc,phases      ] GC(557)   Merge Heap Roots: 0.63ms
[2877.554s][info][gc,phases      ] GC(557)   Evacuate Collection Set: 128.60ms
[2877.554s][info][gc,phases      ] GC(557)   Post Evacuate Collection Set: 0.96ms
[2877.554s][info][gc,phases      ] GC(557)   Other: 0.10ms
[2877.554s][info][gc,heap        ] GC(557) Eden regions: 1110->0(1119)
[2877.554s][info][gc,heap        ] GC(557) Survivor regions: 110->109(153)
[2877.554s][info][gc,heap        ] GC(557) Old regions: 535->471
[2877.554s][info][gc,heap        ] GC(557) Humongous regions: 80->80
[2877.554s][info][gc,metaspace   ] GC(557) Metaspace: 29006K(29376K)->29006K(29376K) NonClass: 24125K(24256K)->24125K(24256K) Class: 4881K(5120K)->4881K(5120K)
[2877.554s][info][gc             ] GC(557) Pause Young (Mixed) (G1 Evacuation Pause) 3668M->1318M(4096M) 130.756ms
[2877.554s][info][gc,cpu         ] GC(557) User=0.78s Sys=0.00s Real=0.14s
...[2881.220s][info][gc,start       ] GC(558) Pause Young (Concurrent Start) (G1 Evacuation Pause)
[2881.220s][info][gc,task        ] GC(558) Using 6 workers of 6 for evacuation
[2881.337s][info][gc,phases      ] GC(558)   Pre Evacuate Collection Set: 0.35ms
[2881.337s][info][gc,phases      ] GC(558)   Merge Heap Roots: 0.45ms
[2881.337s][info][gc,phases      ] GC(558)   Evacuate Collection Set: 115.51ms
[2881.337s][info][gc,phases      ] GC(558)   Post Evacuate Collection Set: 0.87ms
[2881.337s][info][gc,phases      ] GC(558)   Other: 0.11ms
[2881.337s][info][gc,heap        ] GC(558) Eden regions: 1119->0(1118)
[2881.337s][info][gc,heap        ] GC(558) Survivor regions: 109->110(154)
[2881.337s][info][gc,heap        ] GC(558) Old regions: 471->502
[2881.337s][info][gc,heap        ] GC(558) Humongous regions: 80->80
[2881.337s][info][gc,metaspace   ] GC(558) Metaspace: 29006K(29376K)->29006K(29376K) NonClass: 24125K(24256K)->24125K(24256K) Class: 4881K(5120K)->4881K(5120K)
[2881.337s][info][gc             ] GC(558) Pause Young (Concurrent Start) (G1 Evacuation Pause) 3556M->1382M(4096M) 117.421ms
[2881.337s][info][gc             ] GC(559) Concurrent Mark Cycle
[2881.337s][info][gc,marking     ] GC(559) Concurrent Scan Root Regions
[2881.337s][info][gc,cpu         ] GC(558) User=0.70s Sys=0.00s Real=0.12s
.[2881.528s][info][gc,marking     ] GC(559) Concurrent Scan Root Regions 190.306ms
[2881.528s][info][gc,marking     ] GC(559) Concurrent Mark
[2881.528s][info][gc,marking     ] GC(559) Concurrent Mark From Roots
[2881.528s][info][gc,task        ] GC(559) Using 2 workers of 2 for marking
[2882.284s][info][gc,marking     ] GC(559) Concurrent Mark From Roots 756.103ms
[2882.284s][info][gc,marking     ] GC(559) Concurrent Preclean
[2882.284s][info][gc,marking     ] GC(559) Concurrent Preclean 0.101ms
[2882.284s][info][gc,start       ] GC(559) Pause Remark
[2882.289s][info][gc             ] GC(559) Pause Remark 1991M->1991M(4096M) 4.791ms
[2882.289s][info][gc,cpu         ] GC(559) User=0.03s Sys=0.00s Real=0.00s
[2882.289s][info][gc,marking     ] GC(559) Concurrent Mark 761.227ms
[2882.289s][info][gc,marking     ] GC(559) Concurrent Rebuild Remembered Sets and Scrub Regions
.[2882.639s][info][gc,marking     ] GC(559) Concurrent Rebuild Remembered Sets and Scrub Regions 349.660ms
[2882.639s][info][gc,start       ] GC(559) Pause Cleanup
[2882.639s][info][gc             ] GC(559) Pause Cleanup 2188M->2188M(4096M) 0.113ms
[2882.639s][info][gc,cpu         ] GC(559) User=0.00s Sys=0.00s Real=0.00s
[2882.639s][info][gc,marking     ] GC(559) Concurrent Clear Claimed Marks
[2882.639s][info][gc,marking     ] GC(559) Concurrent Clear Claimed Marks 0.026ms
[2882.639s][info][gc,marking     ] GC(559) Concurrent Cleanup for Next Mark
[2882.643s][info][gc,marking     ] GC(559) Concurrent Cleanup for Next Mark 3.553ms
[2882.643s][info][gc             ] GC(559) Concurrent Mark Cycle 1305.214ms
..[2885.126s][info][gc,start       ] GC(560) Pause Young (Prepare Mixed) (G1 Evacuation Pause)
[2885.126s][info][gc,task        ] GC(560) Using 6 workers of 6 for evacuation
[2885.244s][info][gc,phases      ] GC(560)   Pre Evacuate Collection Set: 0.31ms
[2885.244s][info][gc,phases      ] GC(560)   Merge Heap Roots: 0.53ms
[2885.244s][info][gc,phases      ] GC(560)   Evacuate Collection Set: 115.86ms
[2885.244s][info][gc,phases      ] GC(560)   Post Evacuate Collection Set: 0.91ms
[2885.244s][info][gc,phases      ] GC(560)   Other: 0.09ms
[2885.244s][info][gc,heap        ] GC(560) Eden regions: 1118->0(1109)
[2885.244s][info][gc,heap        ] GC(560) Survivor regions: 110->111(154)
[2885.244s][info][gc,heap        ] GC(560) Old regions: 502->534
[2885.244s][info][gc,heap        ] GC(560) Humongous regions: 80->80
[2885.244s][info][gc,metaspace   ] GC(560) Metaspace: 29006K(29376K)->29006K(29376K) NonClass: 24125K(24256K)->24125K(24256K) Class: 4881K(5120K)->4881K(5120K)
[2885.244s][info][gc             ] GC(560) Pause Young (Prepare Mixed) (G1 Evacuation Pause) 3618M->1449M(4096M) 117.822ms
[2885.244s][info][gc,cpu         ] GC(560) User=0.70s Sys=0.00s Real=0.12s
....[2889.031s][info][gc,start       ] GC(561) Pause Young (Mixed) (G1 Evacuation Pause)
[2889.031s][info][gc,task        ] GC(561) Using 6 workers of 6 for evacuation
[2889.164s][info][gc,phases      ] GC(561)   Pre Evacuate Collection Set: 0.38ms
[2889.164s][info][gc,phases      ] GC(561)   Merge Heap Roots: 0.67ms
[2889.164s][info][gc,phases      ] GC(561)   Evacuate Collection Set: 131.42ms
[2889.164s][info][gc,phases      ] GC(561)   Post Evacuate Collection Set: 0.93ms
[2889.164s][info][gc,phases      ] GC(561)   Other: 0.09ms
[2889.164s][info][gc,heap        ] GC(561) Eden regions: 1109->0(1117)
[2889.164s][info][gc,heap        ] GC(561) Survivor regions: 111->111(153)
[2889.164s][info][gc,heap        ] GC(561) Old regions: 534->473
[2889.164s][info][gc,heap        ] GC(561) Humongous regions: 80->80
[2889.164s][info][gc,metaspace   ] GC(561) Metaspace: 29006K(29376K)->29006K(29376K) NonClass: 24125K(24256K)->24125K(24256K) Class: 4881K(5120K)->4881K(5120K)
[2889.164s][info][gc             ] GC(561) Pause Young (Mixed) (G1 Evacuation Pause) 3667M->1325M(4096M) 133.623ms
[2889.165s][info][gc,cpu         ] GC(561) User=0.80s Sys=0.00s Real=0.14s
....[2892.867s][info][gc,start       ] GC(562) Pause Young (Concurrent Start) (G1 Evacuation Pause)
[2892.867s][info][gc,task        ] GC(562) Using 6 workers of 6 for evacuation
[2892.980s][info][gc,phases      ] GC(562)   Pre Evacuate Collection Set: 0.43ms
[2892.980s][info][gc,phases      ] GC(562)   Merge Heap Roots: 0.46ms
[2892.980s][info][gc,phases      ] GC(562)   Evacuate Collection Set: 111.56ms
[2892.980s][info][gc,phases      ] GC(562)   Post Evacuate Collection Set: 0.90ms
[2892.980s][info][gc,phases      ] GC(562)   Other: 0.12ms
[2892.980s][info][gc,heap        ] GC(562) Eden regions: 1117->0(1120)
[2892.980s][info][gc,heap        ] GC(562) Survivor regions: 111->108(154)
[2892.980s][info][gc,heap        ] GC(562) Old regions: 473->505
[2892.980s][info][gc,heap        ] GC(562) Humongous regions: 80->80
[2892.980s][info][gc,metaspace   ] GC(562) Metaspace: 29006K(29376K)->29006K(29376K) NonClass: 24125K(24256K)->24125K(24256K) Class: 4881K(5120K)->4881K(5120K)
[2892.980s][info][gc             ] GC(562) Pause Young (Concurrent Start) (G1 Evacuation Pause) 3559M->1383M(4096M) 113.601ms
[2892.980s][info][gc             ] GC(563) Concurrent Mark Cycle
[2892.980s][info][gc,marking     ] GC(563) Concurrent Scan Root Regions
[2892.981s][info][gc,cpu         ] GC(562) User=0.68s Sys=0.00s Real=0.11s
[2893.141s][info][gc,marking     ] GC(563) Concurrent Scan Root Regions 160.976ms
[2893.142s][info][gc,marking     ] GC(563) Concurrent Mark
[2893.142s][info][gc,marking     ] GC(563) Concurrent Mark From Roots
[2893.142s][info][gc,task        ] GC(563) Using 2 workers of 2 for marking
.[2893.870s][info][gc,marking     ] GC(563) Concurrent Mark From Roots 728.743ms
[2893.870s][info][gc,marking     ] GC(563) Concurrent Preclean
[2893.870s][info][gc,marking     ] GC(563) Concurrent Preclean 0.099ms
[2893.871s][info][gc,start       ] GC(563) Pause Remark
[2893.875s][info][gc             ] GC(563) Pause Remark 1963M->1963M(4096M) 4.361ms
[2893.875s][info][gc,cpu         ] GC(563) User=0.02s Sys=0.00s Real=0.01s
[2893.875s][info][gc,marking     ] GC(563) Concurrent Mark 733.449ms
[2893.875s][info][gc,marking     ] GC(563) Concurrent Rebuild Remembered Sets and Scrub Regions
[2894.138s][info][gc,marking     ] GC(563) Concurrent Rebuild Remembered Sets and Scrub Regions 263.071ms
[2894.138s][info][gc,start       ] GC(563) Pause Cleanup
[2894.138s][info][gc             ] GC(563) Pause Cleanup 2114M->2114M(4096M) 0.107ms
[2894.138s][info][gc,cpu         ] GC(563) User=0.00s Sys=0.00s Real=0.00s
[2894.138s][info][gc,marking     ] GC(563) Concurrent Clear Claimed Marks
[2894.138s][info][gc,marking     ] GC(563) Concurrent Clear Claimed Marks 0.026ms
[2894.138s][info][gc,marking     ] GC(563) Concurrent Cleanup for Next Mark
[2894.143s][info][gc,marking     ] GC(563) Concurrent Cleanup for Next Mark 4.948ms
[2894.143s][info][gc             ] GC(563) Concurrent Mark Cycle 1162.945ms
...[2896.749s][info][gc,start       ] GC(564) Pause Young (Prepare Mixed) (G1 Evacuation Pause)
[2896.749s][info][gc,task        ] GC(564) Using 6 workers of 6 for evacuation
[2896.863s][info][gc,phases      ] GC(564)   Pre Evacuate Collection Set: 0.31ms
[2896.863s][info][gc,phases      ] GC(564)   Merge Heap Roots: 0.48ms
[2896.863s][info][gc,phases      ] GC(564)   Evacuate Collection Set: 112.40ms
[2896.863s][info][gc,phases      ] GC(564)   Post Evacuate Collection Set: 0.89ms
[2896.863s][info][gc,phases      ] GC(564)   Other: 0.08ms
[2896.863s][info][gc,heap        ] GC(564) Eden regions: 1120->0(1114)
[2896.863s][info][gc,heap        ] GC(564) Survivor regions: 108->107(154)
[2896.863s][info][gc,heap        ] GC(564) Old regions: 505->537
[2896.863s][info][gc,heap        ] GC(564) Humongous regions: 80->80
[2896.863s][info][gc,metaspace   ] GC(564) Metaspace: 29006K(29376K)->29006K(29376K) NonClass: 24125K(24256K)->24125K(24256K) Class: 4881K(5120K)->4881K(5120K)
[2896.863s][info][gc             ] GC(564) Pause Young (Prepare Mixed) (G1 Evacuation Pause) 3623M->1446M(4096M) 114.290ms
[2896.863s][info][gc,cpu         ] GC(564) User=0.68s Sys=0.00s Real=0.11s
.. (rIR:aIR:PR = 4843:4842:4842) (tPR = 72129) [OK] 
  2898s: Performance info:
         Transaction,    Success,    Partial,     Failed,   Receipts, AvgBarcode, 
             Overall,     291463,          0,          0,     276885,      59.47, 
         Response times:
             Request,    Success,    Partial,     Failed,   SkipFail,     Probes,    Samples,      min,      p50,      p90,      p95,      p99,      max, 
       TotalPurchase,     276885,          0,          0,          0,     271436,     304019,      300,     3800,     7500,    17200,    62000,   223000,
     InStorePurchase,     145725,          0,          0,          0,     143190,     159879,      300,     3800,     7500,    17100,    62000,   223000,
      OnlinePurchase,     101987,          0,          0,          0,      99936,     112053,      300,     3900,     7700,    17800,    63000,   216000,
        InstPurchase,      29173,          0,          0,          0,      28310,      32087,      400,     3800,     7500,    16300,    58000,   193000,
          AssocOfCat,        295,          0,          0,          0,        241,        357,    22000,    33000,    54200,    67100,   117740,   181000,
      AssocOfProduct,       2909,          0,          0,          0,       2709,       3207,      500,     4600,     8000,    17260,    64000,   138000,
      BusinessReport,        725,          0,          0,          0,        613,        785,    24000,    37000,    59000,    77000,   175400,   196000,
          CustBuyBeh,       2914,          0,          0,          0,       2702,       3183,      700,     4700,     8700,    24000,    68160,   138000,
       ProductReturn,       7734,          0,          0,          0,       7399,       8568,      400,     4200,     8200,    19700,    63310,   164000,

  2898s: (36%)   IR =   4981 ..[2900.621s][info][gc,start       ] GC(565) Pause Young (Mixed) (G1 Evacuation Pause)
[2900.621s][info][gc,task        ] GC(565) Using 6 workers of 6 for evacuation
[2900.751s][info][gc,phases      ] GC(565)   Pre Evacuate Collection Set: 0.38ms
[2900.751s][info][gc,phases      ] GC(565)   Merge Heap Roots: 0.67ms
[2900.751s][info][gc,phases      ] GC(565)   Evacuate Collection Set: 127.91ms
[2900.751s][info][gc,phases      ] GC(565)   Post Evacuate Collection Set: 0.98ms
[2900.751s][info][gc,phases      ] GC(565)   Other: 0.09ms
[2900.751s][info][gc,heap        ] GC(565) Eden regions: 1114->0(1117)
[2900.751s][info][gc,heap        ] GC(565) Survivor regions: 107->111(153)
[2900.751s][info][gc,heap        ] GC(565) Old regions: 537->474
[2900.751s][info][gc,heap        ] GC(565) Humongous regions: 80->80
[2900.751s][info][gc,metaspace   ] GC(565) Metaspace: 29006K(29376K)->29006K(29376K) NonClass: 24125K(24256K)->24125K(24256K) Class: 4881K(5120K)->4881K(5120K)
[2900.751s][info][gc             ] GC(565) Pause Young (Mixed) (G1 Evacuation Pause) 3674M->1327M(4096M) 130.161ms
[2900.751s][info][gc,cpu         ] GC(565) User=0.77s Sys=0.01s Real=0.13s
...|[2904.376s][info][gc,start       ] GC(566) Pause Young (Concurrent Start) (G1 Evacuation Pause)
[2904.376s][info][gc,task        ] GC(566) Using 6 workers of 6 for evacuation
[2904.495s][info][gc,phases      ] GC(566)   Pre Evacuate Collection Set: 0.35ms
[2904.495s][info][gc,phases      ] GC(566)   Merge Heap Roots: 0.47ms
[2904.495s][info][gc,phases      ] GC(566)   Evacuate Collection Set: 116.88ms
[2904.495s][info][gc,phases      ] GC(566)   Post Evacuate Collection Set: 0.92ms
[2904.495s][info][gc,phases      ] GC(566)   Other: 0.12ms
[2904.495s][info][gc,heap        ] GC(566) Eden regions: 1117->0(1118)
[2904.495s][info][gc,heap        ] GC(566) Survivor regions: 111->110(154)
[2904.495s][info][gc,heap        ] GC(566) Old regions: 474->506
[2904.495s][info][gc,heap        ] GC(566) Humongous regions: 80->80
[2904.495s][info][gc,metaspace   ] GC(566) Metaspace: 29006K(29376K)->29006K(29376K) NonClass: 24125K(24256K)->24125K(24256K) Class: 4881K(5120K)->4881K(5120K)
[2904.495s][info][gc             ] GC(566) Pause Young (Concurrent Start) (G1 Evacuation Pause) 3561M->1390M(4096M) 118.858ms
[2904.495s][info][gc             ] GC(567) Concurrent Mark Cycle
[2904.495s][info][gc,marking     ] GC(567) Concurrent Scan Root Regions
[2904.495s][info][gc,cpu         ] GC(566) User=0.70s Sys=0.00s Real=0.12s
.[2904.691s][info][gc,marking     ] GC(567) Concurrent Scan Root Regions 195.852ms
[2904.691s][info][gc,marking     ] GC(567) Concurrent Mark
[2904.691s][info][gc,marking     ] GC(567) Concurrent Mark From Roots
[2904.691s][info][gc,task        ] GC(567) Using 2 workers of 2 for marking
[2905.406s][info][gc,marking     ] GC(567) Concurrent Mark From Roots 714.579ms
[2905.406s][info][gc,marking     ] GC(567) Concurrent Preclean
[2905.406s][info][gc,marking     ] GC(567) Concurrent Preclean 0.143ms
[2905.406s][info][gc,start       ] GC(567) Pause Remark
[2905.411s][info][gc             ] GC(567) Pause Remark 2033M->2033M(4096M) 5.008ms
[2905.411s][info][gc,cpu         ] GC(567) User=0.03s Sys=0.00s Real=0.00s
[2905.411s][info][gc,marking     ] GC(567) Concurrent Mark 719.995ms
[2905.411s][info][gc,marking     ] GC(567) Concurrent Rebuild Remembered Sets and Scrub Regions
.[2905.636s][info][gc,marking     ] GC(567) Concurrent Rebuild Remembered Sets and Scrub Regions 225.199ms
[2905.638s][info][gc,start       ] GC(567) Pause Cleanup
[2905.638s][info][gc             ] GC(567) Pause Cleanup 2123M->2123M(4096M) 0.122ms
[2905.638s][info][gc,cpu         ] GC(567) User=0.00s Sys=0.00s Real=0.00s
[2905.638s][info][gc,marking     ] GC(567) Concurrent Clear Claimed Marks
[2905.638s][info][gc,marking     ] GC(567) Concurrent Clear Claimed Marks 0.034ms
[2905.638s][info][gc,marking     ] GC(567) Concurrent Cleanup for Next Mark
[2905.642s][info][gc,marking     ] GC(567) Concurrent Cleanup for Next Mark 4.337ms
[2905.642s][info][gc             ] GC(567) Concurrent Mark Cycle 1146.886ms
..[2908.144s][info][gc,start       ] GC(568) Pause Young (Prepare Mixed) (G1 Evacuation Pause)
[2908.144s][info][gc,task        ] GC(568) Using 6 workers of 6 for evacuation
[2908.259s][info][gc,phases      ] GC(568)   Pre Evacuate Collection Set: 0.30ms
[2908.259s][info][gc,phases      ] GC(568)   Merge Heap Roots: 0.48ms
[2908.259s][info][gc,phases      ] GC(568)   Evacuate Collection Set: 113.35ms
[2908.259s][info][gc,phases      ] GC(568)   Post Evacuate Collection Set: 0.91ms
[2908.259s][info][gc,phases      ] GC(568)   Other: 0.09ms
[2908.259s][info][gc,heap        ] GC(568) Eden regions: 1118->0(1111)
[2908.259s][info][gc,heap        ] GC(568) Survivor regions: 110->108(154)
[2908.259s][info][gc,heap        ] GC(568) Old regions: 506->538
[2908.259s][info][gc,heap        ] GC(568) Humongous regions: 80->80
[2908.259s][info][gc,metaspace   ] GC(568) Metaspace: 29006K(29376K)->29006K(29376K) NonClass: 24125K(24256K)->24125K(24256K) Class: 4881K(5120K)->4881K(5120K)
[2908.259s][info][gc             ] GC(568) Pause Young (Prepare Mixed) (G1 Evacuation Pause) 3626M->1451M(4096M) 115.271ms
[2908.259s][info][gc,cpu         ] GC(568) User=0.68s Sys=0.00s Real=0.11s
....[2911.979s][info][gc,start       ] GC(569) Pause Young (Mixed) (G1 Evacuation Pause)
[2911.979s][info][gc,task        ] GC(569) Using 6 workers of 6 for evacuation
[2912.109s][info][gc,phases      ] GC(569)   Pre Evacuate Collection Set: 0.38ms
[2912.109s][info][gc,phases      ] GC(569)   Merge Heap Roots: 0.79ms
[2912.109s][info][gc,phases      ] GC(569)   Evacuate Collection Set: 127.42ms
[2912.109s][info][gc,phases      ] GC(569)   Post Evacuate Collection Set: 0.94ms
[2912.109s][info][gc,phases      ] GC(569)   Other: 0.10ms
[2912.109s][info][gc,heap        ] GC(569) Eden regions: 1111->0(1119)
[2912.109s][info][gc,heap        ] GC(569) Survivor regions: 108->109(153)
[2912.109s][info][gc,heap        ] GC(569) Old regions: 538->474
[2912.109s][info][gc,heap        ] GC(569) Humongous regions: 80->80
[2912.109s][info][gc,metaspace   ] GC(569) Metaspace: 29006K(29376K)->29006K(29376K) NonClass: 24125K(24256K)->24125K(24256K) Class: 4881K(5120K)->4881K(5120K)
[2912.109s][info][gc             ] GC(569) Pause Young (Mixed) (G1 Evacuation Pause) 3673M->1323M(4096M) 129.758ms
[2912.109s][info][gc,cpu         ] GC(569) User=0.77s Sys=0.00s Real=0.13s
....[2915.684s][info][gc,start       ] GC(570) Pause Young (Concurrent Start) (G1 Evacuation Pause)
[2915.684s][info][gc,task        ] GC(570) Using 6 workers of 6 for evacuation
[2915.802s][info][gc,phases      ] GC(570)   Pre Evacuate Collection Set: 0.34ms
[2915.802s][info][gc,phases      ] GC(570)   Merge Heap Roots: 0.47ms
[2915.802s][info][gc,phases      ] GC(570)   Evacuate Collection Set: 116.17ms
[2915.802s][info][gc,phases      ] GC(570)   Post Evacuate Collection Set: 0.89ms
[2915.802s][info][gc,phases      ] GC(570)   Other: 0.11ms
[2915.802s][info][gc,heap        ] GC(570) Eden regions: 1119->0(1119)
[2915.802s][info][gc,heap        ] GC(570) Survivor regions: 109->109(154)
[2915.802s][info][gc,heap        ] GC(570) Old regions: 474->505
[2915.802s][info][gc,heap        ] GC(570) Humongous regions: 80->80
[2915.802s][info][gc,metaspace   ] GC(570) Metaspace: 29006K(29376K)->29006K(29376K) NonClass: 24125K(24256K)->24125K(24256K) Class: 4881K(5120K)->4881K(5120K)
[2915.802s][info][gc             ] GC(570) Pause Young (Concurrent Start) (G1 Evacuation Pause) 3561M->1386M(4096M) 118.128ms
[2915.802s][info][gc             ] GC(571) Concurrent Mark Cycle
[2915.802s][info][gc,marking     ] GC(571) Concurrent Scan Root Regions
[2915.802s][info][gc,cpu         ] GC(570) User=0.70s Sys=0.01s Real=0.11s
[2915.948s][info][gc,marking     ] GC(571) Concurrent Scan Root Regions 145.265ms
[2915.948s][info][gc,marking     ] GC(571) Concurrent Mark
[2915.948s][info][gc,marking     ] GC(571) Concurrent Mark From Roots
[2915.948s][info][gc,task        ] GC(571) Using 2 workers of 2 for marking
.[2916.555s][info][gc,marking     ] GC(571) Concurrent Mark From Roots 606.953ms
[2916.555s][info][gc,marking     ] GC(571) Concurrent Preclean
[2916.555s][info][gc,marking     ] GC(571) Concurrent Preclean 0.117ms
[2916.555s][info][gc,start       ] GC(571) Pause Remark
[2916.561s][info][gc             ] GC(571) Pause Remark 1858M->1858M(4096M) 5.415ms
[2916.561s][info][gc,cpu         ] GC(571) User=0.03s Sys=0.00s Real=0.00s
[2916.561s][info][gc,marking     ] GC(571) Concurrent Mark 613.776ms
[2916.561s][info][gc,marking     ] GC(571) Concurrent Rebuild Remembered Sets and Scrub Regions
[2916.807s][info][gc,marking     ] GC(571) Concurrent Rebuild Remembered Sets and Scrub Regions 245.806ms
[2916.807s][info][gc,start       ] GC(571) Pause Cleanup
[2916.808s][info][gc             ] GC(571) Pause Cleanup 2026M->2026M(4096M) 0.093ms
[2916.808s][info][gc,cpu         ] GC(571) User=0.00s Sys=0.00s Real=0.00s
[2916.808s][info][gc,marking     ] GC(571) Concurrent Clear Claimed Marks
[2916.808s][info][gc,marking     ] GC(571) Concurrent Clear Claimed Marks 0.024ms
[2916.808s][info][gc,marking     ] GC(571) Concurrent Cleanup for Next Mark
[2916.811s][info][gc,marking     ] GC(571) Concurrent Cleanup for Next Mark 3.199ms
[2916.811s][info][gc             ] GC(571) Concurrent Mark Cycle 1008.485ms
..[2919.442s][info][gc,start       ] GC(572) Pause Young (Prepare Mixed) (G1 Evacuation Pause)
[2919.442s][info][gc,task        ] GC(572) Using 6 workers of 6 for evacuation
[2919.558s][info][gc,phases      ] GC(572)   Pre Evacuate Collection Set: 0.33ms
[2919.558s][info][gc,phases      ] GC(572)   Merge Heap Roots: 0.49ms
[2919.558s][info][gc,phases      ] GC(572)   Evacuate Collection Set: 113.96ms
[2919.558s][info][gc,phases      ] GC(572)   Post Evacuate Collection Set: 0.91ms
[2919.558s][info][gc,phases      ] GC(572)   Other: 0.09ms
[2919.558s][info][gc,heap        ] GC(572) Eden regions: 1119->0(1112)
[2919.558s][info][gc,heap        ] GC(572) Survivor regions: 109->108(154)
[2919.558s][info][gc,heap        ] GC(572) Old regions: 505->537
[2919.558s][info][gc,heap        ] GC(572) Humongous regions: 80->80
[2919.558s][info][gc,metaspace   ] GC(572) Metaspace: 29003K(29376K)->29003K(29376K) NonClass: 24123K(24256K)->24123K(24256K) Class: 4880K(5120K)->4880K(5120K)
[2919.558s][info][gc             ] GC(572) Pause Young (Prepare Mixed) (G1 Evacuation Pause) 3624M->1448M(4096M) 115.901ms
[2919.558s][info][gc,cpu         ] GC(572) User=0.69s Sys=0.00s Real=0.12s
....[2923.296s][info][gc,start       ] GC(573) Pause Young (Mixed) (G1 Evacuation Pause)
[2923.296s][info][gc,task        ] GC(573) Using 6 workers of 6 for evacuation
[2923.433s][info][gc,phases      ] GC(573)   Pre Evacuate Collection Set: 0.34ms
[2923.433s][info][gc,phases      ] GC(573)   Merge Heap Roots: 0.66ms
[2923.433s][info][gc,phases      ] GC(573)   Evacuate Collection Set: 134.47ms
[2923.433s][info][gc,phases      ] GC(573)   Post Evacuate Collection Set: 0.84ms
[2923.433s][info][gc,phases      ] GC(573)   Other: 0.09ms
[2923.433s][info][gc,heap        ] GC(573) Eden regions: 1112->0(1115)
[2923.433s][info][gc,heap        ] GC(573) Survivor regions: 108->113(153)
[2923.433s][info][gc,heap        ] GC(573) Old regions: 537->474
[2923.433s][info][gc,heap        ] GC(573) Humongous regions: 80->80
[2923.433s][info][gc,metaspace   ] GC(573) Metaspace: 29003K(29376K)->29003K(29376K) NonClass: 24123K(24256K)->24123K(24256K) Class: 4880K(5120K)->4880K(5120K)
[2923.433s][info][gc             ] GC(573) Pause Young (Mixed) (G1 Evacuation Pause) 3672M->1331M(4096M) 136.532ms
[2923.433s][info][gc,cpu         ] GC(573) User=0.81s Sys=0.00s Real=0.13s
....[2926.999s][info][gc,start       ] GC(574) Pause Young (Concurrent Start) (G1 Evacuation Pause)
[2926.999s][info][gc,task        ] GC(574) Using 6 workers of 6 for evacuation
[2927.114s][info][gc,phases      ] GC(574)   Pre Evacuate Collection Set: 0.35ms
[2927.114s][info][gc,phases      ] GC(574)   Merge Heap Roots: 0.47ms
[2927.114s][info][gc,phases      ] GC(574)   Evacuate Collection Set: 112.99ms
[2927.114s][info][gc,phases      ] GC(574)   Post Evacuate Collection Set: 0.89ms
[2927.114s][info][gc,phases      ] GC(574)   Other: 0.11ms
[2927.114s][info][gc,heap        ] GC(574) Eden regions: 1115->0(1119)
[2927.114s][info][gc,heap        ] GC(574) Survivor regions: 113->109(154)
[2927.114s][info][gc,heap        ] GC(574) Old regions: 474->505
[2927.114s][info][gc,heap        ] GC(574) Humongous regions: 80->80
[2927.114s][info][gc,metaspace   ] GC(574) Metaspace: 29003K(29376K)->29003K(29376K) NonClass: 24123K(24256K)->24123K(24256K) Class: 4880K(5120K)->4880K(5120K)
[2927.114s][info][gc             ] GC(574) Pause Young (Concurrent Start) (G1 Evacuation Pause) 3561M->1386M(4096M) 114.941ms
[2927.114s][info][gc             ] GC(575) Concurrent Mark Cycle
[2927.114s][info][gc,marking     ] GC(575) Concurrent Scan Root Regions
[2927.114s][info][gc,cpu         ] GC(574) User=0.68s Sys=0.00s Real=0.12s
[2927.255s][info][gc,marking     ] GC(575) Concurrent Scan Root Regions 140.874ms
[2927.255s][info][gc,marking     ] GC(575) Concurrent Mark
[2927.255s][info][gc,marking     ] GC(575) Concurrent Mark From Roots
[2927.255s][info][gc,task        ] GC(575) Using 2 workers of 2 for marking
.[2927.876s][info][gc,marking     ] GC(575) Concurrent Mark From Roots 620.291ms
[2927.876s][info][gc,marking     ] GC(575) Concurrent Preclean
[2927.876s][info][gc,marking     ] GC(575) Concurrent Preclean 0.130ms
[2927.877s][info][gc,start       ] GC(575) Pause Remark
[2927.881s][info][gc             ] GC(575) Pause Remark 1897M->1897M(4096M) 4.566ms
[2927.881s][info][gc,cpu         ] GC(575) User=0.03s Sys=0.00s Real=0.00s
[2927.881s][info][gc,marking     ] GC(575) Concurrent Mark 626.055ms
[2927.881s][info][gc,marking     ] GC(575) Concurrent Rebuild Remembered Sets and Scrub Regions
[2928.158s][info][gc,marking     ] GC(575) Concurrent Rebuild Remembered Sets and Scrub Regions 277.005ms
[2928.160s][info][gc,start       ] GC(575) Pause Cleanup
[2928.160s][info][gc             ] GC(575) Pause Cleanup 2074M->2074M(4096M) 0.125ms
[2928.160s][info][gc,cpu         ] GC(575) User=0.00s Sys=0.00s Real=0.00s
[2928.160s][info][gc,marking     ] GC(575) Concurrent Clear Claimed Marks
[2928.160s][info][gc,marking     ] GC(575) Concurrent Clear Claimed Marks 0.034ms
[2928.160s][info][gc,marking     ] GC(575) Concurrent Cleanup for Next Mark
[2928.165s][info][gc,marking     ] GC(575) Concurrent Cleanup for Next Mark 4.922ms
[2928.165s][info][gc             ] GC(575) Concurrent Mark Cycle 1050.444ms
...[2930.846s][info][gc,start       ] GC(576) Pause Young (Prepare Mixed) (G1 Evacuation Pause)
[2930.846s][info][gc,task        ] GC(576) Using 6 workers of 6 for evacuation
[2930.960s][info][gc,phases      ] GC(576)   Pre Evacuate Collection Set: 0.31ms
[2930.960s][info][gc,phases      ] GC(576)   Merge Heap Roots: 0.51ms
[2930.960s][info][gc,phases      ] GC(576)   Evacuate Collection Set: 112.64ms
[2930.960s][info][gc,phases      ] GC(576)   Post Evacuate Collection Set: 0.91ms
[2930.960s][info][gc,phases      ] GC(576)   Other: 0.08ms
[2930.960s][info][gc,heap        ] GC(576) Eden regions: 1119->0(1114)
[2930.960s][info][gc,heap        ] GC(576) Survivor regions: 109->107(154)
[2930.960s][info][gc,heap        ] GC(576) Old regions: 505->537
[2930.960s][info][gc,heap        ] GC(576) Humongous regions: 80->80
[2930.960s][info][gc,metaspace   ] GC(576) Metaspace: 29003K(29376K)->29003K(29376K) NonClass: 24123K(24256K)->24123K(24256K) Class: 4880K(5120K)->4880K(5120K)
[2930.960s][info][gc             ] GC(576) Pause Young (Prepare Mixed) (G1 Evacuation Pause) 3624M->1447M(4096M) 114.585ms
[2930.960s][info][gc,cpu         ] GC(576) User=0.68s Sys=0.00s Real=0.11s
...[2934.591s][info][gc,start       ] GC(577) Pause Young (Mixed) (G1 Evacuation Pause)
[2934.591s][info][gc,task        ] GC(577) Using 6 workers of 6 for evacuation
[2934.723s][info][gc,phases      ] GC(577)   Pre Evacuate Collection Set: 0.38ms
[2934.723s][info][gc,phases      ] GC(577)   Merge Heap Roots: 0.69ms
[2934.723s][info][gc,phases      ] GC(577)   Evacuate Collection Set: 129.83ms
[2934.723s][info][gc,phases      ] GC(577)   Post Evacuate Collection Set: 0.93ms
[2934.723s][info][gc,phases      ] GC(577)   Other: 0.09ms
[2934.723s][info][gc,heap        ] GC(577) Eden regions: 1114->0(1119)
[2934.723s][info][gc,heap        ] GC(577) Survivor regions: 107->109(153)
[2934.723s][info][gc,heap        ] GC(577) Old regions: 537->471
[2934.723s][info][gc,heap        ] GC(577) Humongous regions: 80->80
[2934.723s][info][gc,metaspace   ] GC(577) Metaspace: 29003K(29376K)->29003K(29376K) NonClass: 24123K(24256K)->24123K(24256K) Class: 4880K(5120K)->4880K(5120K)
[2934.723s][info][gc             ] GC(577) Pause Young (Mixed) (G1 Evacuation Pause) 3675M->1319M(4096M) 132.059ms
[2934.723s][info][gc,cpu         ] GC(577) User=0.79s Sys=0.01s Real=0.14s
....[2938.307s][info][gc,start       ] GC(578) Pause Young (Concurrent Start) (G1 Evacuation Pause)
[2938.307s][info][gc,task        ] GC(578) Using 6 workers of 6 for evacuation
[2938.426s][info][gc,phases      ] GC(578)   Pre Evacuate Collection Set: 0.35ms
[2938.426s][info][gc,phases      ] GC(578)   Merge Heap Roots: 0.45ms
[2938.426s][info][gc,phases      ] GC(578)   Evacuate Collection Set: 117.32ms
[2938.426s][info][gc,phases      ] GC(578)   Post Evacuate Collection Set: 0.84ms
[2938.426s][info][gc,phases      ] GC(578)   Other: 0.10ms
[2938.426s][info][gc,heap        ] GC(578) Eden regions: 1119->0(1115)
[2938.426s][info][gc,heap        ] GC(578) Survivor regions: 109->113(154)
[2938.426s][info][gc,heap        ] GC(578) Old regions: 471->503
[2938.426s][info][gc,heap        ] GC(578) Humongous regions: 80->80
[2938.426s][info][gc,metaspace   ] GC(578) Metaspace: 29003K(29376K)->29003K(29376K) NonClass: 24123K(24256K)->24123K(24256K) Class: 4880K(5120K)->4880K(5120K)
[2938.426s][info][gc             ] GC(578) Pause Young (Concurrent Start) (G1 Evacuation Pause) 3557M->1390M(4096M) 119.209ms
[2938.426s][info][gc             ] GC(579) Concurrent Mark Cycle
[2938.426s][info][gc,marking     ] GC(579) Concurrent Scan Root Regions
[2938.426s][info][gc,cpu         ] GC(578) User=0.71s Sys=0.00s Real=0.12s
[2938.569s][info][gc,marking     ] GC(579) Concurrent Scan Root Regions 143.134ms
[2938.569s][info][gc,marking     ] GC(579) Concurrent Mark
[2938.569s][info][gc,marking     ] GC(579) Concurrent Mark From Roots
[2938.569s][info][gc,task        ] GC(579) Using 2 workers of 2 for marking
.[2939.111s][info][gc,marking     ] GC(579) Concurrent Mark From Roots 541.914ms
[2939.111s][info][gc,marking     ] GC(579) Concurrent Preclean
[2939.112s][info][gc,marking     ] GC(579) Concurrent Preclean 0.121ms
[2939.112s][info][gc,start       ] GC(579) Pause Remark
[2939.115s][info][gc             ] GC(579) Pause Remark 1818M->1818M(4096M) 3.641ms
[2939.115s][info][gc,cpu         ] GC(579) User=0.02s Sys=0.00s Real=0.01s
[2939.115s][info][gc,marking     ] GC(579) Concurrent Mark 545.921ms
[2939.115s][info][gc,marking     ] GC(579) Concurrent Rebuild Remembered Sets and Scrub Regions
[2939.355s][info][gc,marking     ] GC(579) Concurrent Rebuild Remembered Sets and Scrub Regions 239.566ms
[2939.355s][info][gc,start       ] GC(579) Pause Cleanup
[2939.355s][info][gc             ] GC(579) Pause Cleanup 1978M->1978M(4096M) 0.113ms
[2939.355s][info][gc,cpu         ] GC(579) User=0.00s Sys=0.00s Real=0.00s
[2939.355s][info][gc,marking     ] GC(579) Concurrent Clear Claimed Marks
[2939.355s][info][gc,marking     ] GC(579) Concurrent Clear Claimed Marks 0.027ms
[2939.355s][info][gc,marking     ] GC(579) Concurrent Cleanup for Next Mark
[2939.359s][info][gc,marking     ] GC(579) Concurrent Cleanup for Next Mark 3.414ms
[2939.359s][info][gc             ] GC(579) Concurrent Mark Cycle 932.507ms
...[2942.158s][info][gc,start       ] GC(580) Pause Young (Prepare Mixed) (G1 Evacuation Pause)
[2942.158s][info][gc,task        ] GC(580) Using 6 workers of 6 for evacuation
[2942.274s][info][gc,phases      ] GC(580)   Pre Evacuate Collection Set: 0.35ms
[2942.274s][info][gc,phases      ] GC(580)   Merge Heap Roots: 0.49ms
[2942.274s][info][gc,phases      ] GC(580)   Evacuate Collection Set: 113.62ms
[2942.274s][info][gc,phases      ] GC(580)   Post Evacuate Collection Set: 0.89ms
[2942.274s][info][gc,phases      ] GC(580)   Other: 0.08ms
[2942.274s][info][gc,heap        ] GC(580) Eden regions: 1115->0(1112)
[2942.274s][info][gc,heap        ] GC(580) Survivor regions: 113->109(154)
[2942.274s][info][gc,heap        ] GC(580) Old regions: 503->535
[2942.274s][info][gc,heap        ] GC(580) Humongous regions: 80->80
[2942.274s][info][gc,metaspace   ] GC(580) Metaspace: 29003K(29376K)->29003K(29376K) NonClass: 24123K(24256K)->24123K(24256K) Class: 4880K(5120K)->4880K(5120K)
[2942.274s][info][gc             ] GC(580) Pause Young (Prepare Mixed) (G1 Evacuation Pause) 3620M->1446M(4096M) 115.578ms
[2942.274s][info][gc,cpu         ] GC(580) User=0.69s Sys=0.00s Real=0.12s
....[2945.864s][info][gc,start       ] GC(581) Pause Young (Mixed) (G1 Evacuation Pause)
[2945.864s][info][gc,task        ] GC(581) Using 6 workers of 6 for evacuation
[2945.995s][info][gc,phases      ] GC(581)   Pre Evacuate Collection Set: 0.39ms
[2945.995s][info][gc,phases      ] GC(581)   Merge Heap Roots: 0.66ms
[2945.995s][info][gc,phases      ] GC(581)   Evacuate Collection Set: 128.97ms
[2945.995s][info][gc,phases      ] GC(581)   Post Evacuate Collection Set: 0.93ms
[2945.995s][info][gc,phases      ] GC(581)   Other: 0.09ms
[2945.995s][info][gc,heap        ] GC(581) Eden regions: 1112->0(1118)
[2945.995s][info][gc,heap        ] GC(581) Survivor regions: 109->110(153)
[2945.995s][info][gc,heap        ] GC(581) Old regions: 535->473
[2945.995s][info][gc,heap        ] GC(581) Humongous regions: 80->80
[2945.995s][info][gc,metaspace   ] GC(581) Metaspace: 29003K(29376K)->29003K(29376K) NonClass: 24123K(24256K)->24123K(24256K) Class: 4880K(5120K)->4880K(5120K)
[2945.995s][info][gc             ] GC(581) Pause Young (Mixed) (G1 Evacuation Pause) 3670M->1325M(4096M) 131.183ms
[2945.995s][info][gc,cpu         ] GC(581) User=0.79s Sys=0.00s Real=0.13s
...[2949.669s][info][gc,start       ] GC(582) Pause Young (Concurrent Start) (G1 Evacuation Pause)
[2949.669s][info][gc,task        ] GC(582) Using 6 workers of 6 for evacuation
[2949.791s][info][gc,phases      ] GC(582)   Pre Evacuate Collection Set: 0.33ms
[2949.791s][info][gc,phases      ] GC(582)   Merge Heap Roots: 0.47ms
[2949.791s][info][gc,phases      ] GC(582)   Evacuate Collection Set: 120.79ms
[2949.791s][info][gc,phases      ] GC(582)   Post Evacuate Collection Set: 0.80ms
[2949.791s][info][gc,phases      ] GC(582)   Other: 0.11ms
[2949.791s][info][gc,heap        ] GC(582) Eden regions: 1118->0(1113)
[2949.791s][info][gc,heap        ] GC(582) Survivor regions: 110->115(154)
[2949.791s][info][gc,heap        ] GC(582) Old regions: 473->506
[2949.791s][info][gc,heap        ] GC(582) Humongous regions: 80->80
[2949.791s][info][gc,metaspace   ] GC(582) Metaspace: 29003K(29376K)->29003K(29376K) NonClass: 24123K(24256K)->24123K(24256K) Class: 4880K(5120K)->4880K(5120K)
[2949.791s][info][gc             ] GC(582) Pause Young (Concurrent Start) (G1 Evacuation Pause) 3561M->1399M(4096M) 122.634ms
[2949.791s][info][gc             ] GC(583) Concurrent Mark Cycle
[2949.791s][info][gc,marking     ] GC(583) Concurrent Scan Root Regions
[2949.791s][info][gc,cpu         ] GC(582) User=0.73s Sys=0.00s Real=0.12s
.[2949.938s][info][gc,marking     ] GC(583) Concurrent Scan Root Regions 147.222ms
[2949.938s][info][gc,marking     ] GC(583) Concurrent Mark
[2949.938s][info][gc,marking     ] GC(583) Concurrent Mark From Roots
[2949.938s][info][gc,task        ] GC(583) Using 2 workers of 2 for marking
[2950.584s][info][gc,marking     ] GC(583) Concurrent Mark From Roots 645.041ms
[2950.584s][info][gc,marking     ] GC(583) Concurrent Preclean
[2950.584s][info][gc,marking     ] GC(583) Concurrent Preclean 0.133ms
[2950.584s][info][gc,start       ] GC(583) Pause Remark
[2950.588s][info][gc             ] GC(583) Pause Remark 1946M->1946M(4096M) 3.941ms
[2950.588s][info][gc,cpu         ] GC(583) User=0.02s Sys=0.00s Real=0.00s
[2950.588s][info][gc,marking     ] GC(583) Concurrent Mark 649.483ms
[2950.588s][info][gc,marking     ] GC(583) Concurrent Rebuild Remembered Sets and Scrub Regions
.[2950.872s][info][gc,marking     ] GC(583) Concurrent Rebuild Remembered Sets and Scrub Regions 283.583ms
[2950.872s][info][gc,start       ] GC(583) Pause Cleanup
[2950.872s][info][gc             ] GC(583) Pause Cleanup 2118M->2118M(4096M) 0.094ms
[2950.872s][info][gc,cpu         ] GC(583) User=0.00s Sys=0.00s Real=0.00s
[2950.872s][info][gc,marking     ] GC(583) Concurrent Clear Claimed Marks
[2950.872s][info][gc,marking     ] GC(583) Concurrent Clear Claimed Marks 0.025ms
[2950.872s][info][gc,marking     ] GC(583) Concurrent Cleanup for Next Mark
[2950.876s][info][gc,marking     ] GC(583) Concurrent Cleanup for Next Mark 4.447ms
[2950.876s][info][gc             ] GC(583) Concurrent Mark Cycle 1085.173ms
..[2953.386s][info][gc,start       ] GC(584) Pause Young (Prepare Mixed) (G1 Evacuation Pause)
[2953.386s][info][gc,task        ] GC(584) Using 6 workers of 6 for evacuation
[2953.500s][info][gc,phases      ] GC(584)   Pre Evacuate Collection Set: 0.32ms
[2953.500s][info][gc,phases      ] GC(584)   Merge Heap Roots: 0.48ms
[2953.500s][info][gc,phases      ] GC(584)   Evacuate Collection Set: 113.02ms
[2953.500s][info][gc,phases      ] GC(584)   Post Evacuate Collection Set: 0.90ms
[2953.500s][info][gc,phases      ] GC(584)   Other: 0.09ms
[2953.500s][info][gc,heap        ] GC(584) Eden regions: 1113->0(1112)
[2953.500s][info][gc,heap        ] GC(584) Survivor regions: 115->108(154)
[2953.500s][info][gc,heap        ] GC(584) Old regions: 506->537
[2953.500s][info][gc,heap        ] GC(584) Humongous regions: 80->80
[2953.500s][info][gc,metaspace   ] GC(584) Metaspace: 29003K(29376K)->29003K(29376K) NonClass: 24123K(24256K)->24123K(24256K) Class: 4880K(5120K)->4880K(5120K)
[2953.501s][info][gc             ] GC(584) Pause Young (Prepare Mixed) (G1 Evacuation Pause) 3625M->1448M(4096M) 114.936ms
[2953.501s][info][gc,cpu         ] GC(584) User=0.68s Sys=0.00s Real=0.11s
....[2957.182s][info][gc,start       ] GC(585) Pause Young (Mixed) (G1 Evacuation Pause)
[2957.183s][info][gc,task        ] GC(585) Using 6 workers of 6 for evacuation
[2957.314s][info][gc,phases      ] GC(585)   Pre Evacuate Collection Set: 0.36ms
[2957.314s][info][gc,phases      ] GC(585)   Merge Heap Roots: 0.62ms
[2957.314s][info][gc,phases      ] GC(585)   Evacuate Collection Set: 129.02ms
[2957.314s][info][gc,phases      ] GC(585)   Post Evacuate Collection Set: 0.95ms
[2957.314s][info][gc,phases      ] GC(585)   Other: 0.09ms
[2957.314s][info][gc,heap        ] GC(585) Eden regions: 1112->0(1120)
[2957.314s][info][gc,heap        ] GC(585) Survivor regions: 108->108(153)
[2957.314s][info][gc,heap        ] GC(585) Old regions: 537->473
[2957.314s][info][gc,heap        ] GC(585) Humongous regions: 80->80
[2957.314s][info][gc,metaspace   ] GC(585) Metaspace: 29003K(29376K)->29003K(29376K) NonClass: 24123K(24256K)->24123K(24256K) Class: 4880K(5120K)->4880K(5120K)
[2957.314s][info][gc             ] GC(585) Pause Young (Mixed) (G1 Evacuation Pause) 3672M->1321M(4096M) 131.202ms
[2957.314s][info][gc,cpu         ] GC(585) User=0.78s Sys=0.00s Real=0.14s
....[2960.910s][info][gc,start       ] GC(586) Pause Young (Concurrent Start) (G1 Evacuation Pause)
[2960.910s][info][gc,task        ] GC(586) Using 6 workers of 6 for evacuation
[2961.023s][info][gc,phases      ] GC(586)   Pre Evacuate Collection Set: 0.35ms
[2961.023s][info][gc,phases      ] GC(586)   Merge Heap Roots: 0.46ms
[2961.023s][info][gc,phases      ] GC(586)   Evacuate Collection Set: 110.48ms
[2961.023s][info][gc,phases      ] GC(586)   Post Evacuate Collection Set: 0.87ms
[2961.023s][info][gc,phases      ] GC(586)   Other: 0.10ms
[2961.023s][info][gc,heap        ] GC(586) Eden regions: 1120->0(1122)
[2961.023s][info][gc,heap        ] GC(586) Survivor regions: 108->106(154)
[2961.023s][info][gc,heap        ] GC(586) Old regions: 473->505
[2961.023s][info][gc,heap        ] GC(586) Humongous regions: 80->80
[2961.023s][info][gc,metaspace   ] GC(586) Metaspace: 29003K(29376K)->29003K(29376K) NonClass: 24123K(24256K)->24123K(24256K) Class: 4880K(5120K)->4880K(5120K)
[2961.023s][info][gc             ] GC(586) Pause Young (Concurrent Start) (G1 Evacuation Pause) 3561M->1381M(4096M) 112.401ms
[2961.023s][info][gc             ] GC(587) Concurrent Mark Cycle
[2961.023s][info][gc,marking     ] GC(587) Concurrent Scan Root Regions
[2961.023s][info][gc,cpu         ] GC(586) User=0.67s Sys=0.00s Real=0.11s
[2961.164s][info][gc,marking     ] GC(587) Concurrent Scan Root Regions 140.739ms
[2961.164s][info][gc,marking     ] GC(587) Concurrent Mark
[2961.164s][info][gc,marking     ] GC(587) Concurrent Mark From Roots
[2961.164s][info][gc,task        ] GC(587) Using 2 workers of 2 for marking
[2961.808s][info][gc,marking     ] GC(587) Concurrent Mark From Roots 643.812ms
[2961.808s][info][gc,marking     ] GC(587) Concurrent Preclean
[2961.808s][info][gc,marking     ] GC(587) Concurrent Preclean 0.106ms
[2961.809s][info][gc,start       ] GC(587) Pause Remark
[2961.813s][info][gc             ] GC(587) Pause Remark 1887M->1887M(4096M) 4.207ms
[2961.813s][info][gc,cpu         ] GC(587) User=0.02s Sys=0.00s Real=0.01s
[2961.813s][info][gc,marking     ] GC(587) Concurrent Mark 649.651ms
[2961.813s][info][gc,marking     ] GC(587) Concurrent Rebuild Remembered Sets and Scrub Regions
.[2962.046s][info][gc,marking     ] GC(587) Concurrent Rebuild Remembered Sets and Scrub Regions 232.792ms
[2962.047s][info][gc,start       ] GC(587) Pause Cleanup
[2962.047s][info][gc             ] GC(587) Pause Cleanup 2026M->2026M(4096M) 0.109ms
[2962.047s][info][gc,cpu         ] GC(587) User=0.00s Sys=0.00s Real=0.00s
[2962.047s][info][gc,marking     ] GC(587) Concurrent Clear Claimed Marks
[2962.047s][info][gc,marking     ] GC(587) Concurrent Clear Claimed Marks 0.033ms
[2962.047s][info][gc,marking     ] GC(587) Concurrent Cleanup for Next Mark
[2962.052s][info][gc,marking     ] GC(587) Concurrent Cleanup for Next Mark 4.631ms
[2962.052s][info][gc             ] GC(587) Concurrent Mark Cycle 1029.170ms
.. (rIR:aIR:PR = 4981:4983:4983) (tPR = 74218) [OK] 
  2963s: Performance info:
         Transaction,    Success,    Partial,     Failed,   Receipts, AvgBarcode, 
             Overall,     300804,          0,          0,     285750,      59.48, 
         Response times:
             Request,    Success,    Partial,     Failed,   SkipFail,     Probes,    Samples,      min,      p50,      p90,      p95,      p99,      max, 
       TotalPurchase,     285761,          0,          0,          0,     279641,     304688,      300,     3900,     7800,    18300,    70000,   243000,
     InStorePurchase,     150332,          0,          0,          0,     147511,     160559,      300,     3800,     7800,    18700,    70000,   243000,
      OnlinePurchase,     105335,          0,          0,          0,     102874,     111801,      300,     4100,     8100,    19000,    72000,   169000,
        InstPurchase,      30094,          0,          0,          0,      29256,      32328,      300,     3700,     7300,    13200,    65000,   170000,
          AssocOfCat,        299,          0,          0,          0,        248,        330,    20000,    32000,    57000,    82500,   164380,   175000,
      AssocOfProduct,       3005,          0,          0,          0,       2821,       3269,      700,     3700,     7400,    17500,    59000,   137000,
      BusinessReport,        746,          0,          0,          0,        656,        828,    26000,    36000,    59000,    78550,   170710,   266000,
          CustBuyBeh,       3011,          0,          0,          0,       2735,       3159,      500,     3400,     7900,    18200,    64000,   139000,
       ProductReturn,       7984,          0,          0,          0,       7554,       8436,      300,     4100,     8100,    18800,    72000,   144000,

  2963s: (37%)   IR =   5120 [2964.736s][info][gc,start       ] GC(588) Pause Young (Prepare Mixed) (G1 Evacuation Pause)
[2964.736s][info][gc,task        ] GC(588) Using 6 workers of 6 for evacuation
[2964.850s][info][gc,phases      ] GC(588)   Pre Evacuate Collection Set: 0.35ms
[2964.850s][info][gc,phases      ] GC(588)   Merge Heap Roots: 0.49ms
[2964.850s][info][gc,phases      ] GC(588)   Evacuate Collection Set: 112.58ms
[2964.850s][info][gc,phases      ] GC(588)   Post Evacuate Collection Set: 0.94ms
[2964.850s][info][gc,phases      ] GC(588)   Other: 0.09ms
[2964.850s][info][gc,heap        ] GC(588) Eden regions: 1122->0(1114)
[2964.850s][info][gc,heap        ] GC(588) Survivor regions: 106->107(154)
[2964.850s][info][gc,heap        ] GC(588) Old regions: 505->537
[2964.850s][info][gc,heap        ] GC(588) Humongous regions: 80->80
[2964.850s][info][gc,metaspace   ] GC(588) Metaspace: 29003K(29376K)->29003K(29376K) NonClass: 24123K(24256K)->24123K(24256K) Class: 4880K(5120K)->4880K(5120K)
[2964.850s][info][gc             ] GC(588) Pause Young (Prepare Mixed) (G1 Evacuation Pause) 3625M->1445M(4096M) 114.592ms
[2964.850s][info][gc,cpu         ] GC(588) User=0.68s Sys=0.00s Real=0.11s
....[2968.409s][info][gc,start       ] GC(589) Pause Young (Mixed) (G1 Evacuation Pause)
[2968.409s][info][gc,task        ] GC(589) Using 6 workers of 6 for evacuation
[2968.541s][info][gc,phases      ] GC(589)   Pre Evacuate Collection Set: 0.39ms
[2968.541s][info][gc,phases      ] GC(589)   Merge Heap Roots: 0.65ms
[2968.541s][info][gc,phases      ] GC(589)   Evacuate Collection Set: 129.66ms
[2968.541s][info][gc,phases      ] GC(589)   Post Evacuate Collection Set: 0.92ms
[2968.541s][info][gc,phases      ] GC(589)   Other: 0.09ms
[2968.541s][info][gc,heap        ] GC(589) Eden regions: 1114->0(1119)
[2968.541s][info][gc,heap        ] GC(589) Survivor regions: 107->109(153)
[2968.541s][info][gc,heap        ] GC(589) Old regions: 537->474
[2968.541s][info][gc,heap        ] GC(589) Humongous regions: 80->80
[2968.541s][info][gc,metaspace   ] GC(589) Metaspace: 29003K(29376K)->29003K(29376K) NonClass: 24123K(24256K)->24123K(24256K) Class: 4880K(5120K)->4880K(5120K)
[2968.541s][info][gc             ] GC(589) Pause Young (Mixed) (G1 Evacuation Pause) 3673M->1324M(4096M) 131.841ms
[2968.541s][info][gc,cpu         ] GC(589) User=0.78s Sys=0.00s Real=0.13s
..|..[2972.075s][info][gc,start       ] GC(590) Pause Young (Concurrent Start) (G1 Evacuation Pause)
[2972.075s][info][gc,task        ] GC(590) Using 6 workers of 6 for evacuation
[2972.194s][info][gc,phases      ] GC(590)   Pre Evacuate Collection Set: 0.38ms
[2972.194s][info][gc,phases      ] GC(590)   Merge Heap Roots: 0.50ms
[2972.194s][info][gc,phases      ] GC(590)   Evacuate Collection Set: 116.48ms
[2972.194s][info][gc,phases      ] GC(590)   Post Evacuate Collection Set: 0.88ms
[2972.194s][info][gc,phases      ] GC(590)   Other: 0.13ms
[2972.194s][info][gc,heap        ] GC(590) Eden regions: 1119->0(1119)
[2972.194s][info][gc,heap        ] GC(590) Survivor regions: 109->109(154)
[2972.194s][info][gc,heap        ] GC(590) Old regions: 474->507
[2972.194s][info][gc,heap        ] GC(590) Humongous regions: 80->80
[2972.194s][info][gc,metaspace   ] GC(590) Metaspace: 29003K(29376K)->29003K(29376K) NonClass: 24123K(24256K)->24123K(24256K) Class: 4880K(5120K)->4880K(5120K)
[2972.194s][info][gc             ] GC(590) Pause Young (Concurrent Start) (G1 Evacuation Pause) 3562M->1390M(4096M) 118.498ms
[2972.194s][info][gc             ] GC(591) Concurrent Mark Cycle
[2972.194s][info][gc,marking     ] GC(591) Concurrent Scan Root Regions
[2972.194s][info][gc,cpu         ] GC(590) User=0.70s Sys=0.00s Real=0.12s
[2972.340s][info][gc,marking     ] GC(591) Concurrent Scan Root Regions 146.298ms
[2972.340s][info][gc,marking     ] GC(591) Concurrent Mark
[2972.340s][info][gc,marking     ] GC(591) Concurrent Mark From Roots
[2972.340s][info][gc,task        ] GC(591) Using 2 workers of 2 for marking
.[2972.982s][info][gc,marking     ] GC(591) Concurrent Mark From Roots 641.617ms
[2972.982s][info][gc,marking     ] GC(591) Concurrent Preclean
[2972.982s][info][gc,marking     ] GC(591) Concurrent Preclean 0.125ms
[2972.982s][info][gc,start       ] GC(591) Pause Remark
[2972.986s][info][gc             ] GC(591) Pause Remark 1926M->1926M(4096M) 4.253ms
[2972.986s][info][gc,cpu         ] GC(591) User=0.03s Sys=0.00s Real=0.01s
[2972.986s][info][gc,marking     ] GC(591) Concurrent Mark 646.235ms
[2972.986s][info][gc,marking     ] GC(591) Concurrent Rebuild Remembered Sets and Scrub Regions
[2973.254s][info][gc,marking     ] GC(591) Concurrent Rebuild Remembered Sets and Scrub Regions 267.287ms
[2973.254s][info][gc,start       ] GC(591) Pause Cleanup
[2973.254s][info][gc             ] GC(591) Pause Cleanup 2090M->2090M(4096M) 0.120ms
[2973.254s][info][gc,cpu         ] GC(591) User=0.00s Sys=0.00s Real=0.00s
[2973.254s][info][gc,marking     ] GC(591) Concurrent Clear Claimed Marks
[2973.254s][info][gc,marking     ] GC(591) Concurrent Clear Claimed Marks 0.032ms
[2973.254s][info][gc,marking     ] GC(591) Concurrent Cleanup for Next Mark
[2973.258s][info][gc,marking     ] GC(591) Concurrent Cleanup for Next Mark 3.434ms
[2973.258s][info][gc             ] GC(591) Concurrent Mark Cycle 1064.222ms
..[2975.758s][info][gc,start       ] GC(592) Pause Young (Prepare Mixed) (G1 Evacuation Pause)
[2975.758s][info][gc,task        ] GC(592) Using 6 workers of 6 for evacuation
[2975.875s][info][gc,phases      ] GC(592)   Pre Evacuate Collection Set: 0.32ms
[2975.875s][info][gc,phases      ] GC(592)   Merge Heap Roots: 0.55ms
[2975.875s][info][gc,phases      ] GC(592)   Evacuate Collection Set: 115.51ms
[2975.875s][info][gc,phases      ] GC(592)   Post Evacuate Collection Set: 0.90ms
[2975.875s][info][gc,phases      ] GC(592)   Other: 0.09ms
[2975.875s][info][gc,heap        ] GC(592) Eden regions: 1119->0(1109)
[2975.875s][info][gc,heap        ] GC(592) Survivor regions: 109->109(154)
[2975.875s][info][gc,heap        ] GC(592) Old regions: 507->538
[2975.875s][info][gc,heap        ] GC(592) Humongous regions: 80->80
[2975.875s][info][gc,metaspace   ] GC(592) Metaspace: 29003K(29376K)->29003K(29376K) NonClass: 24123K(24256K)->24123K(24256K) Class: 4880K(5120K)->4880K(5120K)
[2975.875s][info][gc             ] GC(592) Pause Young (Prepare Mixed) (G1 Evacuation Pause) 3628M->1452M(4096M) 117.506ms
[2975.875s][info][gc,cpu         ] GC(592) User=0.69s Sys=0.00s Real=0.12s
....[2979.415s][info][gc,start       ] GC(593) Pause Young (Mixed) (G1 Evacuation Pause)
[2979.415s][info][gc,task        ] GC(593) Using 6 workers of 6 for evacuation
[2979.551s][info][gc,phases      ] GC(593)   Pre Evacuate Collection Set: 0.39ms
[2979.551s][info][gc,phases      ] GC(593)   Merge Heap Roots: 0.69ms
[2979.551s][info][gc,phases      ] GC(593)   Evacuate Collection Set: 133.95ms
[2979.551s][info][gc,phases      ] GC(593)   Post Evacuate Collection Set: 0.95ms
[2979.551s][info][gc,phases      ] GC(593)   Other: 0.09ms
[2979.551s][info][gc,heap        ] GC(593) Eden regions: 1109->0(1115)
[2979.551s][info][gc,heap        ] GC(593) Survivor regions: 109->113(153)
[2979.551s][info][gc,heap        ] GC(593) Old regions: 538->472
[2979.551s][info][gc,heap        ] GC(593) Humongous regions: 80->80
[2979.551s][info][gc,metaspace   ] GC(593) Metaspace: 29003K(29376K)->29003K(29376K) NonClass: 24123K(24256K)->24123K(24256K) Class: 4880K(5120K)->4880K(5120K)
[2979.551s][info][gc             ] GC(593) Pause Young (Mixed) (G1 Evacuation Pause) 3670M->1329M(4096M) 136.189ms
[2979.551s][info][gc,cpu         ] GC(593) User=0.81s Sys=0.00s Real=0.13s
....[2983.097s][info][gc,start       ] GC(594) Pause Young (Concurrent Start) (G1 Evacuation Pause)
[2983.097s][info][gc,task        ] GC(594) Using 6 workers of 6 for evacuation
[2983.214s][info][gc,phases      ] GC(594)   Pre Evacuate Collection Set: 0.34ms
[2983.214s][info][gc,phases      ] GC(594)   Merge Heap Roots: 0.44ms
[2983.214s][info][gc,phases      ] GC(594)   Evacuate Collection Set: 114.88ms
[2983.214s][info][gc,phases      ] GC(594)   Post Evacuate Collection Set: 0.85ms
[2983.214s][info][gc,phases      ] GC(594)   Other: 0.11ms
[2983.214s][info][gc,heap        ] GC(594) Eden regions: 1115->0(1118)
[2983.214s][info][gc,heap        ] GC(594) Survivor regions: 113->110(154)
[2983.214s][info][gc,heap        ] GC(594) Old regions: 472->505
[2983.214s][info][gc,heap        ] GC(594) Humongous regions: 80->80
[2983.214s][info][gc,metaspace   ] GC(594) Metaspace: 29003K(29376K)->29003K(29376K) NonClass: 24123K(24256K)->24123K(24256K) Class: 4880K(5120K)->4880K(5120K)
[2983.214s][info][gc             ] GC(594) Pause Young (Concurrent Start) (G1 Evacuation Pause) 3559M->1388M(4096M) 116.746ms
[2983.214s][info][gc             ] GC(595) Concurrent Mark Cycle
[2983.214s][info][gc,marking     ] GC(595) Concurrent Scan Root Regions
[2983.214s][info][gc,cpu         ] GC(594) User=0.70s Sys=0.00s Real=0.12s
[2983.400s][info][gc,marking     ] GC(595) Concurrent Scan Root Regions 186.177ms
[2983.400s][info][gc,marking     ] GC(595) Concurrent Mark
[2983.400s][info][gc,marking     ] GC(595) Concurrent Mark From Roots
[2983.400s][info][gc,task        ] GC(595) Using 2 workers of 2 for marking
.[2984.206s][info][gc,marking     ] GC(595) Concurrent Mark From Roots 805.921ms
[2984.206s][info][gc,marking     ] GC(595) Concurrent Preclean
[2984.206s][info][gc,marking     ] GC(595) Concurrent Preclean 0.133ms
[2984.207s][info][gc,start       ] GC(595) Pause Remark
[2984.212s][info][gc             ] GC(595) Pause Remark 2097M->2097M(4096M) 5.268ms
[2984.212s][info][gc,cpu         ] GC(595) User=0.03s Sys=0.00s Real=0.00s
[2984.212s][info][gc,marking     ] GC(595) Concurrent Mark 811.635ms
[2984.212s][info][gc,marking     ] GC(595) Concurrent Rebuild Remembered Sets and Scrub Regions
[2984.467s][info][gc,marking     ] GC(595) Concurrent Rebuild Remembered Sets and Scrub Regions 254.820ms
[2984.467s][info][gc,start       ] GC(595) Pause Cleanup
[2984.467s][info][gc             ] GC(595) Pause Cleanup 2247M->2247M(4096M) 0.101ms
[2984.467s][info][gc,cpu         ] GC(595) User=0.00s Sys=0.00s Real=0.00s
[2984.467s][info][gc,marking     ] GC(595) Concurrent Clear Claimed Marks
[2984.467s][info][gc,marking     ] GC(595) Concurrent Clear Claimed Marks 0.025ms
[2984.467s][info][gc,marking     ] GC(595) Concurrent Cleanup for Next Mark
[2984.472s][info][gc,marking     ] GC(595) Concurrent Cleanup for Next Mark 4.591ms
[2984.472s][info][gc             ] GC(595) Concurrent Mark Cycle 1257.674ms
..[2986.691s][info][gc,start       ] GC(596) Pause Young (Prepare Mixed) (G1 Evacuation Pause)
[2986.691s][info][gc,task        ] GC(596) Using 6 workers of 6 for evacuation
[2986.804s][info][gc,phases      ] GC(596)   Pre Evacuate Collection Set: 0.35ms
[2986.804s][info][gc,phases      ] GC(596)   Merge Heap Roots: 0.53ms
[2986.804s][info][gc,phases      ] GC(596)   Evacuate Collection Set: 111.39ms
[2986.804s][info][gc,phases      ] GC(596)   Post Evacuate Collection Set: 0.92ms
[2986.804s][info][gc,phases      ] GC(596)   Other: 0.09ms
[2986.804s][info][gc,heap        ] GC(596) Eden regions: 1118->0(1115)
[2986.804s][info][gc,heap        ] GC(596) Survivor regions: 110->107(154)
[2986.804s][info][gc,heap        ] GC(596) Old regions: 505->536
[2986.804s][info][gc,heap        ] GC(596) Humongous regions: 80->80
[2986.804s][info][gc,metaspace   ] GC(596) Metaspace: 29003K(29376K)->29003K(29376K) NonClass: 24123K(24256K)->24123K(24256K) Class: 4880K(5120K)->4880K(5120K)
[2986.804s][info][gc             ] GC(596) Pause Young (Prepare Mixed) (G1 Evacuation Pause) 3624M->1445M(4096M) 113.419ms
[2986.804s][info][gc,cpu         ] GC(596) User=0.68s Sys=0.00s Real=0.12s
....[2990.404s][info][gc,start       ] GC(597) Pause Young (Mixed) (G1 Evacuation Pause)
[2990.404s][info][gc,task        ] GC(597) Using 6 workers of 6 for evacuation
[2990.539s][info][gc,phases      ] GC(597)   Pre Evacuate Collection Set: 0.38ms
[2990.539s][info][gc,phases      ] GC(597)   Merge Heap Roots: 0.69ms
[2990.539s][info][gc,phases      ] GC(597)   Evacuate Collection Set: 132.30ms
[2990.539s][info][gc,phases      ] GC(597)   Post Evacuate Collection Set: 0.97ms
[2990.539s][info][gc,phases      ] GC(597)   Other: 0.09ms
[2990.539s][info][gc,heap        ] GC(597) Eden regions: 1115->0(1117)
[2990.539s][info][gc,heap        ] GC(597) Survivor regions: 107->111(153)
[2990.539s][info][gc,heap        ] GC(597) Old regions: 536->474
[2990.539s][info][gc,heap        ] GC(597) Humongous regions: 80->80
[2990.539s][info][gc,metaspace   ] GC(597) Metaspace: 29003K(29376K)->29003K(29376K) NonClass: 24123K(24256K)->24123K(24256K) Class: 4880K(5120K)->4880K(5120K)
[2990.539s][info][gc             ] GC(597) Pause Young (Mixed) (G1 Evacuation Pause) 3675M->1328M(4096M) 134.568ms
[2990.539s][info][gc,cpu         ] GC(597) User=0.80s Sys=0.00s Real=0.13s
....[2994.120s][info][gc,start       ] GC(598) Pause Young (Concurrent Start) (G1 Evacuation Pause)
[2994.120s][info][gc,task        ] GC(598) Using 6 workers of 6 for evacuation
[2994.236s][info][gc,phases      ] GC(598)   Pre Evacuate Collection Set: 0.40ms
[2994.236s][info][gc,phases      ] GC(598)   Merge Heap Roots: 0.44ms
[2994.236s][info][gc,phases      ] GC(598)   Evacuate Collection Set: 113.38ms
[2994.236s][info][gc,phases      ] GC(598)   Post Evacuate Collection Set: 0.84ms
[2994.236s][info][gc,phases      ] GC(598)   Other: 0.13ms
[2994.236s][info][gc,heap        ] GC(598) Eden regions: 1117->0(1119)
[2994.236s][info][gc,heap        ] GC(598) Survivor regions: 111->109(154)
[2994.236s][info][gc,heap        ] GC(598) Old regions: 474->505
[2994.236s][info][gc,heap        ] GC(598) Humongous regions: 80->80
[2994.236s][info][gc,metaspace   ] GC(598) Metaspace: 29003K(29376K)->29003K(29376K) NonClass: 24123K(24256K)->24123K(24256K) Class: 4880K(5120K)->4880K(5120K)
[2994.236s][info][gc             ] GC(598) Pause Young (Concurrent Start) (G1 Evacuation Pause) 3562M->1386M(4096M) 115.337ms
[2994.236s][info][gc             ] GC(599) Concurrent Mark Cycle
[2994.236s][info][gc,marking     ] GC(599) Concurrent Scan Root Regions
[2994.236s][info][gc,cpu         ] GC(598) User=0.69s Sys=0.00s Real=0.12s
[2994.396s][info][gc,marking     ] GC(599) Concurrent Scan Root Regions 159.729ms
[2994.396s][info][gc,marking     ] GC(599) Concurrent Mark
[2994.396s][info][gc,marking     ] GC(599) Concurrent Mark From Roots
[2994.396s][info][gc,task        ] GC(599) Using 2 workers of 2 for marking
.[2995.134s][info][gc,marking     ] GC(599) Concurrent Mark From Roots 738.144ms
[2995.134s][info][gc,marking     ] GC(599) Concurrent Preclean
[2995.134s][info][gc,marking     ] GC(599) Concurrent Preclean 0.131ms
[2995.134s][info][gc,start       ] GC(599) Pause Remark
[2995.139s][info][gc             ] GC(599) Pause Remark 1980M->1980M(4096M) 4.729ms
[2995.139s][info][gc,cpu         ] GC(599) User=0.02s Sys=0.00s Real=0.00s
[2995.140s][info][gc,marking     ] GC(599) Concurrent Mark 743.914ms
[2995.140s][info][gc,marking     ] GC(599) Concurrent Rebuild Remembered Sets and Scrub Regions
[2995.488s][info][gc,marking     ] GC(599) Concurrent Rebuild Remembered Sets and Scrub Regions 348.098ms
[2995.488s][info][gc,start       ] GC(599) Pause Cleanup
[2995.488s][info][gc             ] GC(599) Pause Cleanup 2181M->2181M(4096M) 0.110ms
[2995.488s][info][gc,cpu         ] GC(599) User=0.00s Sys=0.00s Real=0.00s
[2995.488s][info][gc,marking     ] GC(599) Concurrent Clear Claimed Marks
[2995.488s][info][gc,marking     ] GC(599) Concurrent Clear Claimed Marks 0.026ms
[2995.488s][info][gc,marking     ] GC(599) Concurrent Cleanup for Next Mark
[2995.492s][info][gc,marking     ] GC(599) Concurrent Cleanup for Next Mark 3.871ms
[2995.492s][info][gc             ] GC(599) Concurrent Mark Cycle 1256.077ms
..[2997.760s][info][gc,start       ] GC(600) Pause Young (Prepare Mixed) (G1 Evacuation Pause)
[2997.760s][info][gc,task        ] GC(600) Using 6 workers of 6 for evacuation
[2997.874s][info][gc,phases      ] GC(600)   Pre Evacuate Collection Set: 0.36ms
[2997.874s][info][gc,phases      ] GC(600)   Merge Heap Roots: 0.51ms
[2997.874s][info][gc,phases      ] GC(600)   Evacuate Collection Set: 111.57ms
[2997.874s][info][gc,phases      ] GC(600)   Post Evacuate Collection Set: 0.90ms
[2997.874s][info][gc,phases      ] GC(600)   Other: 0.10ms
[2997.874s][info][gc,heap        ] GC(600) Eden regions: 1119->0(1112)
[2997.874s][info][gc,heap        ] GC(600) Survivor regions: 109->108(154)
[2997.874s][info][gc,heap        ] GC(600) Old regions: 505->537
[2997.874s][info][gc,heap        ] GC(600) Humongous regions: 80->80
[2997.874s][info][gc,metaspace   ] GC(600) Metaspace: 29003K(29376K)->29003K(29376K) NonClass: 24123K(24256K)->24123K(24256K) Class: 4880K(5120K)->4880K(5120K)
[2997.874s][info][gc             ] GC(600) Pause Young (Prepare Mixed) (G1 Evacuation Pause) 3624M->1448M(4096M) 113.574ms
[2997.874s][info][gc,cpu         ] GC(600) User=0.68s Sys=0.00s Real=0.12s
....[3001.392s][info][gc,start       ] GC(601) Pause Young (Mixed) (G1 Evacuation Pause)
[3001.392s][info][gc,task        ] GC(601) Using 6 workers of 6 for evacuation
[3001.525s][info][gc,phases      ] GC(601)   Pre Evacuate Collection Set: 0.37ms
[3001.525s][info][gc,phases      ] GC(601)   Merge Heap Roots: 0.68ms
[3001.525s][info][gc,phases      ] GC(601)   Evacuate Collection Set: 130.49ms
[3001.525s][info][gc,phases      ] GC(601)   Post Evacuate Collection Set: 0.91ms
[3001.525s][info][gc,phases      ] GC(601)   Other: 0.09ms
[3001.525s][info][gc,heap        ] GC(601) Eden regions: 1112->0(1119)
[3001.525s][info][gc,heap        ] GC(601) Survivor regions: 108->109(153)
[3001.525s][info][gc,heap        ] GC(601) Old regions: 537->473
[3001.525s][info][gc,heap        ] GC(601) Humongous regions: 80->80
[3001.525s][info][gc,metaspace   ] GC(601) Metaspace: 29003K(29376K)->29003K(29376K) NonClass: 24123K(24256K)->24123K(24256K) Class: 4880K(5120K)->4880K(5120K)
[3001.525s][info][gc             ] GC(601) Pause Young (Mixed) (G1 Evacuation Pause) 3672M->1323M(4096M) 132.659ms
[3001.525s][info][gc,cpu         ] GC(601) User=0.79s Sys=0.00s Real=0.14s
....[3005.081s][info][gc,start       ] GC(602) Pause Young (Concurrent Start) (G1 Evacuation Pause)
[3005.081s][info][gc,task        ] GC(602) Using 6 workers of 6 for evacuation
[3005.196s][info][gc,phases      ] GC(602)   Pre Evacuate Collection Set: 0.35ms
[3005.196s][info][gc,phases      ] GC(602)   Merge Heap Roots: 0.47ms
[3005.196s][info][gc,phases      ] GC(602)   Evacuate Collection Set: 113.03ms
[3005.196s][info][gc,phases      ] GC(602)   Post Evacuate Collection Set: 0.90ms
[3005.196s][info][gc,phases      ] GC(602)   Other: 0.12ms
[3005.196s][info][gc,heap        ] GC(602) Eden regions: 1119->0(1120)
[3005.196s][info][gc,heap        ] GC(602) Survivor regions: 109->108(154)
[3005.196s][info][gc,heap        ] GC(602) Old regions: 473->505
[3005.196s][info][gc,heap        ] GC(602) Humongous regions: 80->80
[3005.196s][info][gc,metaspace   ] GC(602) Metaspace: 29003K(29376K)->29003K(29376K) NonClass: 24123K(24256K)->24123K(24256K) Class: 4880K(5120K)->4880K(5120K)
[3005.196s][info][gc             ] GC(602) Pause Young (Concurrent Start) (G1 Evacuation Pause) 3561M->1384M(4096M) 115.002ms
[3005.196s][info][gc             ] GC(603) Concurrent Mark Cycle
[3005.196s][info][gc,marking     ] GC(603) Concurrent Scan Root Regions
[3005.196s][info][gc,cpu         ] GC(602) User=0.69s Sys=0.00s Real=0.12s
[3005.337s][info][gc,marking     ] GC(603) Concurrent Scan Root Regions 140.610ms
[3005.337s][info][gc,marking     ] GC(603) Concurrent Mark
[3005.337s][info][gc,marking     ] GC(603) Concurrent Mark From Roots
[3005.337s][info][gc,task        ] GC(603) Using 2 workers of 2 for marking
.[3005.992s][info][gc,marking     ] GC(603) Concurrent Mark From Roots 655.262ms
[3005.992s][info][gc,marking     ] GC(603) Concurrent Preclean
[3005.993s][info][gc,marking     ] GC(603) Concurrent Preclean 0.106ms
[3005.993s][info][gc,start       ] GC(603) Pause Remark
[3005.997s][info][gc             ] GC(603) Pause Remark 1924M->1924M(4096M) 4.513ms
[3005.997s][info][gc,cpu         ] GC(603) User=0.03s Sys=0.00s Real=0.01s
[3005.997s][info][gc,marking     ] GC(603) Concurrent Mark 660.187ms
[3005.997s][info][gc,marking     ] GC(603) Concurrent Rebuild Remembered Sets and Scrub Regions
[3006.225s][info][gc,marking     ] GC(603) Concurrent Rebuild Remembered Sets and Scrub Regions 227.364ms
[3006.225s][info][gc,start       ] GC(603) Pause Cleanup
[3006.225s][info][gc             ] GC(603) Pause Cleanup 2057M->2057M(4096M) 0.094ms
[3006.225s][info][gc,cpu         ] GC(603) User=0.00s Sys=0.00s Real=0.00s
[3006.225s][info][gc,marking     ] GC(603) Concurrent Clear Claimed Marks
[3006.225s][info][gc,marking     ] GC(603) Concurrent Clear Claimed Marks 0.025ms
[3006.225s][info][gc,marking     ] GC(603) Concurrent Cleanup for Next Mark
[3006.228s][info][gc,marking     ] GC(603) Concurrent Cleanup for Next Mark 3.184ms
[3006.228s][info][gc             ] GC(603) Concurrent Mark Cycle 1031.768ms
..[3008.776s][info][gc,start       ] GC(604) Pause Young (Prepare Mixed) (G1 Evacuation Pause)
[3008.776s][info][gc,task        ] GC(604) Using 6 workers of 6 for evacuation
[3008.893s][info][gc,phases      ] GC(604)   Pre Evacuate Collection Set: 0.29ms
[3008.893s][info][gc,phases      ] GC(604)   Merge Heap Roots: 0.50ms
[3008.893s][info][gc,phases      ] GC(604)   Evacuate Collection Set: 115.19ms
[3008.893s][info][gc,phases      ] GC(604)   Post Evacuate Collection Set: 0.90ms
[3008.893s][info][gc,phases      ] GC(604)   Other: 0.08ms
[3008.893s][info][gc,heap        ] GC(604) Eden regions: 1120->0(1108)
[3008.893s][info][gc,heap        ] GC(604) Survivor regions: 108->110(154)
[3008.893s][info][gc,heap        ] GC(604) Old regions: 505->537
[3008.893s][info][gc,heap        ] GC(604) Humongous regions: 80->80
[3008.893s][info][gc,metaspace   ] GC(604) Metaspace: 29003K(29376K)->29003K(29376K) NonClass: 24123K(24256K)->24123K(24256K) Class: 4880K(5120K)->4880K(5120K)
[3008.893s][info][gc             ] GC(604) Pause Young (Prepare Mixed) (G1 Evacuation Pause) 3624M->1453M(4096M) 117.083ms
[3008.893s][info][gc,cpu         ] GC(604) User=0.69s Sys=0.00s Real=0.11s
....[3012.403s][info][gc,start       ] GC(605) Pause Young (Mixed) (G1 Evacuation Pause)
[3012.403s][info][gc,task        ] GC(605) Using 6 workers of 6 for evacuation
[3012.532s][info][gc,phases      ] GC(605)   Pre Evacuate Collection Set: 0.39ms
[3012.532s][info][gc,phases      ] GC(605)   Merge Heap Roots: 0.60ms
[3012.532s][info][gc,phases      ] GC(605)   Evacuate Collection Set: 127.15ms
[3012.532s][info][gc,phases      ] GC(605)   Post Evacuate Collection Set: 0.94ms
[3012.532s][info][gc,phases      ] GC(605)   Other: 0.09ms
[3012.532s][info][gc,heap        ] GC(605) Eden regions: 1108->0(1120)
[3012.532s][info][gc,heap        ] GC(605) Survivor regions: 110->108(153)
[3012.532s][info][gc,heap        ] GC(605) Old regions: 537->475
[3012.532s][info][gc,heap        ] GC(605) Humongous regions: 80->80
[3012.532s][info][gc,metaspace   ] GC(605) Metaspace: 29003K(29376K)->29003K(29376K) NonClass: 24123K(24256K)->24123K(24256K) Class: 4880K(5120K)->4880K(5120K)
[3012.532s][info][gc             ] GC(605) Pause Young (Mixed) (G1 Evacuation Pause) 3669M->1325M(4096M) 129.288ms
[3012.532s][info][gc,cpu         ] GC(605) User=0.77s Sys=0.01s Real=0.13s
....[3016.073s][info][gc,start       ] GC(606) Pause Young (Concurrent Start) (G1 Evacuation Pause)
[3016.073s][info][gc,task        ] GC(606) Using 6 workers of 6 for evacuation
[3016.188s][info][gc,phases      ] GC(606)   Pre Evacuate Collection Set: 0.35ms
[3016.188s][info][gc,phases      ] GC(606)   Merge Heap Roots: 0.45ms
[3016.188s][info][gc,phases      ] GC(606)   Evacuate Collection Set: 112.51ms
[3016.188s][info][gc,phases      ] GC(606)   Post Evacuate Collection Set: 0.86ms
[3016.188s][info][gc,phases      ] GC(606)   Other: 0.10ms
[3016.188s][info][gc,heap        ] GC(606) Eden regions: 1120->0(1120)
[3016.188s][info][gc,heap        ] GC(606) Survivor regions: 108->108(154)
[3016.188s][info][gc,heap        ] GC(606) Old regions: 475->507
[3016.188s][info][gc,heap        ] GC(606) Humongous regions: 80->80
[3016.188s][info][gc,metaspace   ] GC(606) Metaspace: 29003K(29376K)->29003K(29376K) NonClass: 24123K(24256K)->24123K(24256K) Class: 4880K(5120K)->4880K(5120K)
[3016.188s][info][gc             ] GC(606) Pause Young (Concurrent Start) (G1 Evacuation Pause) 3565M->1388M(4096M) 114.406ms
[3016.188s][info][gc             ] GC(607) Concurrent Mark Cycle
[3016.188s][info][gc,marking     ] GC(607) Concurrent Scan Root Regions
[3016.188s][info][gc,cpu         ] GC(606) User=0.69s Sys=0.00s Real=0.11s
[3016.328s][info][gc,marking     ] GC(607) Concurrent Scan Root Regions 140.613ms
[3016.328s][info][gc,marking     ] GC(607) Concurrent Mark
[3016.328s][info][gc,marking     ] GC(607) Concurrent Mark From Roots
[3016.328s][info][gc,task        ] GC(607) Using 2 workers of 2 for marking
[3016.964s][info][gc,marking     ] GC(607) Concurrent Mark From Roots 635.644ms
[3016.964s][info][gc,marking     ] GC(607) Concurrent Preclean
[3016.964s][info][gc,marking     ] GC(607) Concurrent Preclean 0.110ms
[3016.964s][info][gc,start       ] GC(607) Pause Remark
[3016.969s][info][gc             ] GC(607) Pause Remark 1897M->1897M(4096M) 4.461ms
[3016.969s][info][gc,cpu         ] GC(607) User=0.02s Sys=0.00s Real=0.00s
[3016.969s][info][gc,marking     ] GC(607) Concurrent Mark 640.439ms
[3016.969s][info][gc,marking     ] GC(607) Concurrent Rebuild Remembered Sets and Scrub Regions
.[3017.192s][info][gc,marking     ] GC(607) Concurrent Rebuild Remembered Sets and Scrub Regions 223.072ms
[3017.192s][info][gc,start       ] GC(607) Pause Cleanup
[3017.192s][info][gc             ] GC(607) Pause Cleanup 2016M->2016M(4096M) 0.112ms
[3017.192s][info][gc,cpu         ] GC(607) User=0.00s Sys=0.00s Real=0.00s
[3017.192s][info][gc,marking     ] GC(607) Concurrent Clear Claimed Marks
[3017.192s][info][gc,marking     ] GC(607) Concurrent Clear Claimed Marks 0.028ms
[3017.192s][info][gc,marking     ] GC(607) Concurrent Cleanup for Next Mark
[3017.197s][info][gc,marking     ] GC(607) Concurrent Cleanup for Next Mark 4.892ms
[3017.197s][info][gc             ] GC(607) Concurrent Mark Cycle 1009.579ms
..[3019.750s][info][gc,start       ] GC(608) Pause Young (Prepare Mixed) (G1 Evacuation Pause)
[3019.750s][info][gc,task        ] GC(608) Using 6 workers of 6 for evacuation
[3019.865s][info][gc,phases      ] GC(608)   Pre Evacuate Collection Set: 0.32ms
[3019.865s][info][gc,phases      ] GC(608)   Merge Heap Roots: 0.48ms
[3019.865s][info][gc,phases      ] GC(608)   Evacuate Collection Set: 112.72ms
[3019.865s][info][gc,phases      ] GC(608)   Post Evacuate Collection Set: 0.89ms
[3019.865s][info][gc,phases      ] GC(608)   Other: 0.09ms
[3019.865s][info][gc,heap        ] GC(608) Eden regions: 1120->0(1111)
[3019.865s][info][gc,heap        ] GC(608) Survivor regions: 108->108(154)
[3019.865s][info][gc,heap        ] GC(608) Old regions: 507->538
[3019.865s][info][gc,heap        ] GC(608) Humongous regions: 80->80
[3019.865s][info][gc,metaspace   ] GC(608) Metaspace: 29003K(29376K)->29003K(29376K) NonClass: 24123K(24256K)->24123K(24256K) Class: 4880K(5120K)->4880K(5120K)
[3019.865s][info][gc             ] GC(608) Pause Young (Prepare Mixed) (G1 Evacuation Pause) 3628M->1449M(4096M) 114.642ms
[3019.865s][info][gc,cpu         ] GC(608) User=0.68s Sys=0.00s Real=0.12s
....[3023.443s][info][gc,start       ] GC(609) Pause Young (Mixed) (G1 Evacuation Pause)
[3023.443s][info][gc,task        ] GC(609) Using 6 workers of 6 for evacuation
[3023.572s][info][gc,phases      ] GC(609)   Pre Evacuate Collection Set: 0.39ms
[3023.572s][info][gc,phases      ] GC(609)   Merge Heap Roots: 0.56ms
[3023.572s][info][gc,phases      ] GC(609)   Evacuate Collection Set: 126.67ms
[3023.572s][info][gc,phases      ] GC(609)   Post Evacuate Collection Set: 0.93ms
[3023.572s][info][gc,phases      ] GC(609)   Other: 0.09ms
[3023.572s][info][gc,heap        ] GC(609) Eden regions: 1111->0(1118)
[3023.572s][info][gc,heap        ] GC(609) Survivor regions: 108->110(153)
[3023.572s][info][gc,heap        ] GC(609) Old regions: 538->473
[3023.572s][info][gc,heap        ] GC(609) Humongous regions: 80->80
[3023.572s][info][gc,metaspace   ] GC(609) Metaspace: 29003K(29376K)->29003K(29376K) NonClass: 24123K(24256K)->24123K(24256K) Class: 4880K(5120K)->4880K(5120K)
[3023.572s][info][gc             ] GC(609) Pause Young (Mixed) (G1 Evacuation Pause) 3671M->1324M(4096M) 128.773ms
[3023.572s][info][gc,cpu         ] GC(609) User=0.76s Sys=0.00s Real=0.13s
....[3027.154s][info][gc,start       ] GC(610) Pause Young (Concurrent Start) (G1 Evacuation Pause)
[3027.154s][info][gc,task        ] GC(610) Using 6 workers of 6 for evacuation
[3027.270s][info][gc,phases      ] GC(610)   Pre Evacuate Collection Set: 0.38ms
[3027.270s][info][gc,phases      ] GC(610)   Merge Heap Roots: 0.46ms
[3027.270s][info][gc,phases      ] GC(610)   Evacuate Collection Set: 114.30ms
[3027.270s][info][gc,phases      ] GC(610)   Post Evacuate Collection Set: 0.85ms
[3027.270s][info][gc,phases      ] GC(610)   Other: 0.10ms
[3027.270s][info][gc,heap        ] GC(610) Eden regions: 1118->0(1120)
[3027.270s][info][gc,heap        ] GC(610) Survivor regions: 110->108(154)
[3027.270s][info][gc,heap        ] GC(610) Old regions: 473->505
[3027.270s][info][gc,heap        ] GC(610) Humongous regions: 80->80
[3027.270s][info][gc,metaspace   ] GC(610) Metaspace: 29003K(29376K)->29003K(29376K) NonClass: 24123K(24256K)->24123K(24256K) Class: 4880K(5120K)->4880K(5120K)
[3027.270s][info][gc             ] GC(610) Pause Young (Concurrent Start) (G1 Evacuation Pause) 3560M->1384M(4096M) 116.233ms
[3027.270s][info][gc             ] GC(611) Concurrent Mark Cycle
[3027.270s][info][gc,marking     ] GC(611) Concurrent Scan Root Regions
[3027.270s][info][gc,cpu         ] GC(610) User=0.69s Sys=0.00s Real=0.11s
[3027.457s][info][gc,marking     ] GC(611) Concurrent Scan Root Regions 186.910ms
[3027.457s][info][gc,marking     ] GC(611) Concurrent Mark
[3027.457s][info][gc,marking     ] GC(611) Concurrent Mark From Roots
[3027.457s][info][gc,task        ] GC(611) Using 2 workers of 2 for marking
.[3028.184s][info][gc,marking     ] GC(611) Concurrent Mark From Roots 726.592ms
[3028.184s][info][gc,marking     ] GC(611) Concurrent Preclean
[3028.184s][info][gc,marking     ] GC(611) Concurrent Preclean 0.138ms
[3028.185s][info][gc,start       ] GC(611) Pause Remark
[3028.190s][info][gc             ] GC(611) Pause Remark 1982M->1982M(4096M) 4.847ms
[3028.190s][info][gc,cpu         ] GC(611) User=0.03s Sys=0.00s Real=0.00s
[3028.190s][info][gc,marking     ] GC(611) Concurrent Mark 732.502ms
[3028.190s][info][gc,marking     ] GC(611) Concurrent Rebuild Remembered Sets and Scrub Regions
[3028.453s][info][gc,marking     ] GC(611) Concurrent Rebuild Remembered Sets and Scrub Regions 263.342ms
[3028.453s][info][gc,start       ] GC(611) Pause Cleanup
[3028.453s][info][gc             ] GC(611) Pause Cleanup 2140M->2140M(4096M) 0.116ms
[3028.453s][info][gc,cpu         ] GC(611) User=0.00s Sys=0.00s Real=0.01s
[3028.453s][info][gc,marking     ] GC(611) Concurrent Clear Claimed Marks
[3028.453s][info][gc,marking     ] GC(611) Concurrent Clear Claimed Marks 0.026ms
[3028.453s][info][gc,marking     ] GC(611) Concurrent Cleanup for Next Mark
[3028.457s][info][gc,marking     ] GC(611) Concurrent Cleanup for Next Mark 4.108ms
[3028.458s][info][gc             ] GC(611) Concurrent Mark Cycle 1187.350ms
.. (rIR:aIR:PR = 5120:5119:5119) (tPR = 75738) [OK] 
  3029s: Performance info:
         Transaction,    Success,    Partial,     Failed,   Receipts, AvgBarcode, 
             Overall,     307661,          0,          0,     292299,      59.47, 
         Response times:
             Request,    Success,    Partial,     Failed,   SkipFail,     Probes,    Samples,      min,      p50,      p90,      p95,      p99,      max, 
       TotalPurchase,     292319,          0,          0,          0,     287154,     317205,      300,     4000,     8000,    16200,    58000,   218000,
     InStorePurchase,     153845,          0,          0,          0,     151505,     167318,      300,     4100,     8200,    16400,    60000,   193000,
      OnlinePurchase,     107717,          0,          0,          0,     105716,     116584,      300,     3600,     7600,    15200,    55000,   218000,
        InstPurchase,      30757,          0,          0,          0,      29933,      33303,      400,     4500,     8600,    19000,    62000,   155000,
          AssocOfCat,        308,          0,          0,          0,        220,        307,    22000,    33000,    51200,    62200,   115800,   201000,
      AssocOfProduct,       3071,          0,          0,          0,       2876,       3374,      600,     2700,     6900,    11100,    52500,   193000,
      BusinessReport,        769,          0,          0,          0,        656,        826,    26000,    37000,    64000,    83000,   148060,   215000,
          CustBuyBeh,       3075,          0,          0,          0,       2851,       3362,      200,     4900,     9400,    22000,    72000,   181000,
       ProductReturn,       8138,          0,          0,          0,       7787,       8823,      200,     4700,     8700,    19600,    66760,   147000,

  3029s: (38%)   IR =   5258 [3030.853s][info][gc,start       ] GC(612) Pause Young (Prepare Mixed) (G1 Evacuation Pause)
[3030.853s][info][gc,task        ] GC(612) Using 6 workers of 6 for evacuation
[3030.967s][info][gc,phases      ] GC(612)   Pre Evacuate Collection Set: 0.32ms
[3030.967s][info][gc,phases      ] GC(612)   Merge Heap Roots: 0.49ms
[3030.967s][info][gc,phases      ] GC(612)   Evacuate Collection Set: 112.61ms
[3030.967s][info][gc,phases      ] GC(612)   Post Evacuate Collection Set: 0.90ms
[3030.967s][info][gc,phases      ] GC(612)   Other: 0.09ms
[3030.967s][info][gc,heap        ] GC(612) Eden regions: 1120->0(1110)
[3030.967s][info][gc,heap        ] GC(612) Survivor regions: 108->109(154)
[3030.967s][info][gc,heap        ] GC(612) Old regions: 505->537
[3030.967s][info][gc,heap        ] GC(612) Humongous regions: 80->80
[3030.967s][info][gc,metaspace   ] GC(612) Metaspace: 29003K(29376K)->29003K(29376K) NonClass: 24123K(24256K)->24123K(24256K) Class: 4880K(5120K)->4880K(5120K)
[3030.967s][info][gc             ] GC(612) Pause Young (Prepare Mixed) (G1 Evacuation Pause) 3624M->1449M(4096M) 114.541ms
[3030.967s][info][gc,cpu         ] GC(612) User=0.68s Sys=0.00s Real=0.12s
....[3034.402s][info][gc,start       ] GC(613) Pause Young (Mixed) (G1 Evacuation Pause)
[3034.403s][info][gc,task        ] GC(613) Using 6 workers of 6 for evacuation
[3034.535s][info][gc,phases      ] GC(613)   Pre Evacuate Collection Set: 0.42ms
[3034.535s][info][gc,phases      ] GC(613)   Merge Heap Roots: 0.79ms
[3034.535s][info][gc,phases      ] GC(613)   Evacuate Collection Set: 130.21ms
[3034.535s][info][gc,phases      ] GC(613)   Post Evacuate Collection Set: 0.94ms
[3034.535s][info][gc,phases      ] GC(613)   Other: 0.10ms
[3034.535s][info][gc,heap        ] GC(613) Eden regions: 1110->0(1118)
[3034.535s][info][gc,heap        ] GC(613) Survivor regions: 109->110(153)
[3034.535s][info][gc,heap        ] GC(613) Old regions: 537->473
[3034.535s][info][gc,heap        ] GC(613) Humongous regions: 80->80
[3034.535s][info][gc,metaspace   ] GC(613) Metaspace: 29003K(29376K)->29003K(29376K) NonClass: 24123K(24256K)->24123K(24256K) Class: 4880K(5120K)->4880K(5120K)
[3034.535s][info][gc             ] GC(613) Pause Young (Mixed) (G1 Evacuation Pause) 3669M->1324M(4096M) 132.596ms
[3034.535s][info][gc,cpu         ] GC(613) User=0.78s Sys=0.00s Real=0.14s
.|..[3037.925s][info][gc,start       ] GC(614) Pause Young (Concurrent Start) (G1 Evacuation Pause)
[3037.925s][info][gc,task        ] GC(614) Using 6 workers of 6 for evacuation
[3038.042s][info][gc,phases      ] GC(614)   Pre Evacuate Collection Set: 0.38ms
[3038.042s][info][gc,phases      ] GC(614)   Merge Heap Roots: 0.47ms
[3038.042s][info][gc,phases      ] GC(614)   Evacuate Collection Set: 114.94ms
[3038.042s][info][gc,phases      ] GC(614)   Post Evacuate Collection Set: 0.92ms
[3038.042s][info][gc,phases      ] GC(614)   Other: 0.13ms
[3038.042s][info][gc,heap        ] GC(614) Eden regions: 1118->0(1122)
[3038.042s][info][gc,heap        ] GC(614) Survivor regions: 110->106(154)
[3038.042s][info][gc,heap        ] GC(614) Old regions: 473->505
[3038.042s][info][gc,heap        ] GC(614) Humongous regions: 80->80
[3038.042s][info][gc,metaspace   ] GC(614) Metaspace: 29003K(29376K)->29003K(29376K) NonClass: 24123K(24256K)->24123K(24256K) Class: 4880K(5120K)->4880K(5120K)
[3038.042s][info][gc             ] GC(614) Pause Young (Concurrent Start) (G1 Evacuation Pause) 3560M->1381M(4096M) 116.956ms
[3038.042s][info][gc             ] GC(615) Concurrent Mark Cycle
[3038.042s][info][gc,marking     ] GC(615) Concurrent Scan Root Regions
[3038.042s][info][gc,cpu         ] GC(614) User=0.69s Sys=0.00s Real=0.11s
.[3038.220s][info][gc,marking     ] GC(615) Concurrent Scan Root Regions 177.528ms
[3038.220s][info][gc,marking     ] GC(615) Concurrent Mark
[3038.220s][info][gc,marking     ] GC(615) Concurrent Mark From Roots
[3038.220s][info][gc,task        ] GC(615) Using 2 workers of 2 for marking
[3039.009s][info][gc,marking     ] GC(615) Concurrent Mark From Roots 789.354ms
[3039.009s][info][gc,marking     ] GC(615) Concurrent Preclean
[3039.009s][info][gc,marking     ] GC(615) Concurrent Preclean 0.112ms
[3039.009s][info][gc,start       ] GC(615) Pause Remark
[3039.013s][info][gc             ] GC(615) Pause Remark 2082M->2082M(4096M) 4.119ms
[3039.014s][info][gc,cpu         ] GC(615) User=0.02s Sys=0.00s Real=0.01s
[3039.014s][info][gc,marking     ] GC(615) Concurrent Mark 793.855ms
[3039.014s][info][gc,marking     ] GC(615) Concurrent Rebuild Remembered Sets and Scrub Regions
.[3039.273s][info][gc,marking     ] GC(615) Concurrent Rebuild Remembered Sets and Scrub Regions 259.075ms
[3039.273s][info][gc,start       ] GC(615) Pause Cleanup
[3039.273s][info][gc             ] GC(615) Pause Cleanup 2244M->2244M(4096M) 0.111ms
[3039.273s][info][gc,cpu         ] GC(615) User=0.00s Sys=0.00s Real=0.00s
[3039.273s][info][gc,marking     ] GC(615) Concurrent Clear Claimed Marks
[3039.273s][info][gc,marking     ] GC(615) Concurrent Clear Claimed Marks 0.025ms
[3039.273s][info][gc,marking     ] GC(615) Concurrent Cleanup for Next Mark
[3039.277s][info][gc,marking     ] GC(615) Concurrent Cleanup for Next Mark 3.534ms
[3039.277s][info][gc             ] GC(615) Concurrent Mark Cycle 1234.442ms
..[3041.533s][info][gc,start       ] GC(616) Pause Young (Prepare Mixed) (G1 Evacuation Pause)
[3041.533s][info][gc,task        ] GC(616) Using 6 workers of 6 for evacuation
[3041.652s][info][gc,phases      ] GC(616)   Pre Evacuate Collection Set: 0.33ms
[3041.652s][info][gc,phases      ] GC(616)   Merge Heap Roots: 0.49ms
[3041.652s][info][gc,phases      ] GC(616)   Evacuate Collection Set: 116.95ms
[3041.652s][info][gc,phases      ] GC(616)   Post Evacuate Collection Set: 0.88ms
[3041.652s][info][gc,phases      ] GC(616)   Other: 0.08ms
[3041.652s][info][gc,heap        ] GC(616) Eden regions: 1122->0(1104)
[3041.652s][info][gc,heap        ] GC(616) Survivor regions: 106->112(154)
[3041.652s][info][gc,heap        ] GC(616) Old regions: 505->537
[3041.652s][info][gc,heap        ] GC(616) Humongous regions: 80->80
[3041.652s][info][gc,metaspace   ] GC(616) Metaspace: 29003K(29376K)->29003K(29376K) NonClass: 24123K(24256K)->24123K(24256K) Class: 4880K(5120K)->4880K(5120K)
[3041.652s][info][gc             ] GC(616) Pause Young (Prepare Mixed) (G1 Evacuation Pause) 3625M->1455M(4096M) 118.870ms
[3041.652s][info][gc,cpu         ] GC(616) User=0.71s Sys=0.00s Real=0.11s
...[3045.058s][info][gc,start       ] GC(617) Pause Young (Mixed) (G1 Evacuation Pause)
[3045.058s][info][gc,task        ] GC(617) Using 6 workers of 6 for evacuation
[3045.187s][info][gc,phases      ] GC(617)   Pre Evacuate Collection Set: 0.36ms
[3045.187s][info][gc,phases      ] GC(617)   Merge Heap Roots: 0.64ms
[3045.187s][info][gc,phases      ] GC(617)   Evacuate Collection Set: 126.80ms
[3045.187s][info][gc,phases      ] GC(617)   Post Evacuate Collection Set: 0.97ms
[3045.187s][info][gc,phases      ] GC(617)   Other: 0.09ms
[3045.187s][info][gc,heap        ] GC(617) Eden regions: 1104->0(1117)
[3045.187s][info][gc,heap        ] GC(617) Survivor regions: 112->111(152)
[3045.187s][info][gc,heap        ] GC(617) Old regions: 537->474
[3045.187s][info][gc,heap        ] GC(617) Humongous regions: 80->80
[3045.187s][info][gc,metaspace   ] GC(617) Metaspace: 29003K(29376K)->29003K(29376K) NonClass: 24123K(24256K)->24123K(24256K) Class: 4880K(5120K)->4880K(5120K)
[3045.187s][info][gc             ] GC(617) Pause Young (Mixed) (G1 Evacuation Pause) 3663M->1327M(4096M) 128.985ms
[3045.187s][info][gc,cpu         ] GC(617) User=0.77s Sys=0.00s Real=0.13s
....[3048.608s][info][gc,start       ] GC(618) Pause Young (Concurrent Start) (G1 Evacuation Pause)
[3048.608s][info][gc,task        ] GC(618) Using 6 workers of 6 for evacuation
[3048.723s][info][gc,phases      ] GC(618)   Pre Evacuate Collection Set: 0.35ms
[3048.723s][info][gc,phases      ] GC(618)   Merge Heap Roots: 0.45ms
[3048.723s][info][gc,phases      ] GC(618)   Evacuate Collection Set: 113.74ms
[3048.723s][info][gc,phases      ] GC(618)   Post Evacuate Collection Set: 0.85ms
[3048.723s][info][gc,phases      ] GC(618)   Other: 0.10ms
[3048.723s][info][gc,heap        ] GC(618) Eden regions: 1117->0(1120)
[3048.723s][info][gc,heap        ] GC(618) Survivor regions: 111->108(154)
[3048.723s][info][gc,heap        ] GC(618) Old regions: 474->507
[3048.723s][info][gc,heap        ] GC(618) Humongous regions: 80->80
[3048.723s][info][gc,metaspace   ] GC(618) Metaspace: 29003K(29376K)->29003K(29376K) NonClass: 24123K(24256K)->24123K(24256K) Class: 4880K(5120K)->4880K(5120K)
[3048.723s][info][gc             ] GC(618) Pause Young (Concurrent Start) (G1 Evacuation Pause) 3561M->1388M(4096M) 115.646ms
[3048.723s][info][gc             ] GC(619) Concurrent Mark Cycle
[3048.723s][info][gc,marking     ] GC(619) Concurrent Scan Root Regions
[3048.723s][info][gc,cpu         ] GC(618) User=0.69s Sys=0.00s Real=0.12s
[3048.870s][info][gc,marking     ] GC(619) Concurrent Scan Root Regions 147.045ms
[3048.870s][info][gc,marking     ] GC(619) Concurrent Mark
[3048.870s][info][gc,marking     ] GC(619) Concurrent Mark From Roots
[3048.870s][info][gc,task        ] GC(619) Using 2 workers of 2 for marking
.[3049.528s][info][gc,marking     ] GC(619) Concurrent Mark From Roots 657.138ms
[3049.528s][info][gc,marking     ] GC(619) Concurrent Preclean
[3049.528s][info][gc,marking     ] GC(619) Concurrent Preclean 0.107ms
[3049.528s][info][gc,start       ] GC(619) Pause Remark
[3049.533s][info][gc             ] GC(619) Pause Remark 1973M->1973M(4096M) 5.073ms
[3049.533s][info][gc,cpu         ] GC(619) User=0.03s Sys=0.00s Real=0.00s
[3049.534s][info][gc,marking     ] GC(619) Concurrent Mark 663.928ms
[3049.534s][info][gc,marking     ] GC(619) Concurrent Rebuild Remembered Sets and Scrub Regions
[3049.889s][info][gc,marking     ] GC(619) Concurrent Rebuild Remembered Sets and Scrub Regions 355.146ms
[3049.890s][info][gc,start       ] GC(619) Pause Cleanup
[3049.890s][info][gc             ] GC(619) Pause Cleanup 2209M->2209M(4096M) 0.106ms
[3049.890s][info][gc,cpu         ] GC(619) User=0.00s Sys=0.00s Real=0.00s
[3049.890s][info][gc,marking     ] GC(619) Concurrent Clear Claimed Marks
[3049.890s][info][gc,marking     ] GC(619) Concurrent Clear Claimed Marks 0.026ms
[3049.890s][info][gc,marking     ] GC(619) Concurrent Cleanup for Next Mark
[3049.893s][info][gc,marking     ] GC(619) Concurrent Cleanup for Next Mark 3.629ms
[3049.893s][info][gc             ] GC(619) Concurrent Mark Cycle 1170.237ms
..[3052.174s][info][gc,start       ] GC(620) Pause Young (Prepare Mixed) (G1 Evacuation Pause)
[3052.174s][info][gc,task        ] GC(620) Using 6 workers of 6 for evacuation
[3052.289s][info][gc,phases      ] GC(620)   Pre Evacuate Collection Set: 0.32ms
[3052.289s][info][gc,phases      ] GC(620)   Merge Heap Roots: 0.51ms
[3052.289s][info][gc,phases      ] GC(620)   Evacuate Collection Set: 112.56ms
[3052.289s][info][gc,phases      ] GC(620)   Post Evacuate Collection Set: 0.94ms
[3052.289s][info][gc,phases      ] GC(620)   Other: 0.09ms
[3052.289s][info][gc,heap        ] GC(620) Eden regions: 1120->0(1109)
[3052.289s][info][gc,heap        ] GC(620) Survivor regions: 108->109(154)
[3052.289s][info][gc,heap        ] GC(620) Old regions: 507->538
[3052.289s][info][gc,heap        ] GC(620) Humongous regions: 80->80
[3052.289s][info][gc,metaspace   ] GC(620) Metaspace: 29003K(29376K)->29003K(29376K) NonClass: 24123K(24256K)->24123K(24256K) Class: 4880K(5120K)->4880K(5120K)
[3052.289s][info][gc             ] GC(620) Pause Young (Prepare Mixed) (G1 Evacuation Pause) 3628M->1451M(4096M) 114.558ms
[3052.289s][info][gc,cpu         ] GC(620) User=0.68s Sys=0.00s Real=0.11s
....[3055.739s][info][gc,start       ] GC(621) Pause Young (Mixed) (G1 Evacuation Pause)
[3055.739s][info][gc,task        ] GC(621) Using 6 workers of 6 for evacuation
[3055.871s][info][gc,phases      ] GC(621)   Pre Evacuate Collection Set: 0.40ms
[3055.871s][info][gc,phases      ] GC(621)   Merge Heap Roots: 0.72ms
[3055.871s][info][gc,phases      ] GC(621)   Evacuate Collection Set: 129.89ms
[3055.871s][info][gc,phases      ] GC(621)   Post Evacuate Collection Set: 0.94ms
[3055.871s][info][gc,phases      ] GC(621)   Other: 0.10ms
[3055.871s][info][gc,heap        ] GC(621) Eden regions: 1109->0(1121)
[3055.871s][info][gc,heap        ] GC(621) Survivor regions: 109->107(153)
[3055.871s][info][gc,heap        ] GC(621) Old regions: 538->475
[3055.871s][info][gc,heap        ] GC(621) Humongous regions: 80->80
[3055.871s][info][gc,metaspace   ] GC(621) Metaspace: 29003K(29376K)->29003K(29376K) NonClass: 24123K(24256K)->24123K(24256K) Class: 4880K(5120K)->4880K(5120K)
[3055.871s][info][gc             ] GC(621) Pause Young (Mixed) (G1 Evacuation Pause) 3669M->1322M(4096M) 132.219ms
[3055.871s][info][gc,cpu         ] GC(621) User=0.79s Sys=0.00s Real=0.13s
....[3059.321s][info][gc,start       ] GC(622) Pause Young (Concurrent Start) (G1 Evacuation Pause)
[3059.321s][info][gc,task        ] GC(622) Using 6 workers of 6 for evacuation
[3059.441s][info][gc,phases      ] GC(622)   Pre Evacuate Collection Set: 0.43ms
[3059.441s][info][gc,phases      ] GC(622)   Merge Heap Roots: 0.52ms
[3059.441s][info][gc,phases      ] GC(622)   Evacuate Collection Set: 117.62ms
[3059.441s][info][gc,phases      ] GC(622)   Post Evacuate Collection Set: 0.87ms
[3059.441s][info][gc,phases      ] GC(622)   Other: 0.14ms
[3059.441s][info][gc,heap        ] GC(622) Eden regions: 1121->0(1116)
[3059.441s][info][gc,heap        ] GC(622) Survivor regions: 107->112(154)
[3059.441s][info][gc,heap        ] GC(622) Old regions: 475->506
[3059.441s][info][gc,heap        ] GC(622) Humongous regions: 80->80
[3059.441s][info][gc,metaspace   ] GC(622) Metaspace: 29003K(29376K)->29003K(29376K) NonClass: 24123K(24256K)->24123K(24256K) Class: 4880K(5120K)->4880K(5120K)
[3059.441s][info][gc             ] GC(622) Pause Young (Concurrent Start) (G1 Evacuation Pause) 3564M->1395M(4096M) 119.704ms
[3059.441s][info][gc             ] GC(623) Concurrent Mark Cycle
[3059.441s][info][gc,marking     ] GC(623) Concurrent Scan Root Regions
[3059.441s][info][gc,cpu         ] GC(622) User=0.72s Sys=0.00s Real=0.12s
[3059.587s][info][gc,marking     ] GC(623) Concurrent Scan Root Regions 145.838ms
[3059.587s][info][gc,marking     ] GC(623) Concurrent Mark
[3059.587s][info][gc,marking     ] GC(623) Concurrent Mark From Roots
[3059.587s][info][gc,task        ] GC(623) Using 2 workers of 2 for marking
[3060.258s][info][gc,marking     ] GC(623) Concurrent Mark From Roots 670.874ms
[3060.258s][info][gc,marking     ] GC(623) Concurrent Preclean
[3060.258s][info][gc,marking     ] GC(623) Concurrent Preclean 0.117ms
[3060.258s][info][gc,start       ] GC(623) Pause Remark
[3060.262s][info][gc             ] GC(623) Pause Remark 1992M->1992M(4096M) 4.372ms
[3060.262s][info][gc,cpu         ] GC(623) User=0.03s Sys=0.00s Real=0.00s
[3060.262s][info][gc,marking     ] GC(623) Concurrent Mark 675.663ms
[3060.262s][info][gc,marking     ] GC(623) Concurrent Rebuild Remembered Sets and Scrub Regions
.[3060.502s][info][gc,marking     ] GC(623) Concurrent Rebuild Remembered Sets and Scrub Regions 239.632ms
[3060.502s][info][gc,start       ] GC(623) Pause Cleanup
[3060.502s][info][gc             ] GC(623) Pause Cleanup 2116M->2116M(4096M) 0.102ms
[3060.502s][info][gc,cpu         ] GC(623) User=0.00s Sys=0.00s Real=0.00s
[3060.502s][info][gc,marking     ] GC(623) Concurrent Clear Claimed Marks
[3060.502s][info][gc,marking     ] GC(623) Concurrent Clear Claimed Marks 0.029ms
[3060.502s][info][gc,marking     ] GC(623) Concurrent Cleanup for Next Mark
[3060.508s][info][gc,marking     ] GC(623) Concurrent Cleanup for Next Mark 5.249ms
[3060.508s][info][gc             ] GC(623) Concurrent Mark Cycle 1066.863ms
..[3062.938s][info][gc,start       ] GC(624) Pause Young (Prepare Mixed) (G1 Evacuation Pause)
[3062.938s][info][gc,task        ] GC(624) Using 6 workers of 6 for evacuation
[3063.053s][info][gc,phases      ] GC(624)   Pre Evacuate Collection Set: 0.34ms
[3063.053s][info][gc,phases      ] GC(624)   Merge Heap Roots: 0.50ms
[3063.053s][info][gc,phases      ] GC(624)   Evacuate Collection Set: 113.41ms
[3063.053s][info][gc,phases      ] GC(624)   Post Evacuate Collection Set: 0.90ms
[3063.053s][info][gc,phases      ] GC(624)   Other: 0.09ms
[3063.053s][info][gc,heap        ] GC(624) Eden regions: 1116->0(1111)
[3063.053s][info][gc,heap        ] GC(624) Survivor regions: 112->108(154)
[3063.053s][info][gc,heap        ] GC(624) Old regions: 506->538
[3063.053s][info][gc,heap        ] GC(624) Humongous regions: 80->80
[3063.053s][info][gc,metaspace   ] GC(624) Metaspace: 29003K(29376K)->29003K(29376K) NonClass: 24123K(24256K)->24123K(24256K) Class: 4880K(5120K)->4880K(5120K)
[3063.053s][info][gc             ] GC(624) Pause Young (Prepare Mixed) (G1 Evacuation Pause) 3627M->1451M(4096M) 115.377ms
[3063.053s][info][gc,cpu         ] GC(624) User=0.68s Sys=0.01s Real=0.11s
....[3066.459s][info][gc,start       ] GC(625) Pause Young (Mixed) (G1 Evacuation Pause)
[3066.459s][info][gc,task        ] GC(625) Using 6 workers of 6 for evacuation
[3066.593s][info][gc,phases      ] GC(625)   Pre Evacuate Collection Set: 0.37ms
[3066.593s][info][gc,phases      ] GC(625)   Merge Heap Roots: 0.64ms
[3066.593s][info][gc,phases      ] GC(625)   Evacuate Collection Set: 131.32ms
[3066.593s][info][gc,phases      ] GC(625)   Post Evacuate Collection Set: 0.94ms
[3066.593s][info][gc,phases      ] GC(625)   Other: 0.09ms
[3066.593s][info][gc,heap        ] GC(625) Eden regions: 1111->0(1115)
[3066.593s][info][gc,heap        ] GC(625) Survivor regions: 108->113(153)
[3066.593s][info][gc,heap        ] GC(625) Old regions: 538->473
[3066.593s][info][gc,heap        ] GC(625) Humongous regions: 80->80
[3066.593s][info][gc,metaspace   ] GC(625) Metaspace: 29003K(29376K)->29003K(29376K) NonClass: 24123K(24256K)->24123K(24256K) Class: 4880K(5120K)->4880K(5120K)
[3066.593s][info][gc             ] GC(625) Pause Young (Mixed) (G1 Evacuation Pause) 3673M->1330M(4096M) 133.486ms
[3066.593s][info][gc,cpu         ] GC(625) User=0.79s Sys=0.00s Real=0.13s
...[3070.069s][info][gc,start       ] GC(626) Pause Young (Concurrent Start) (G1 Evacuation Pause)
[3070.069s][info][gc,task        ] GC(626) Using 6 workers of 6 for evacuation
[3070.186s][info][gc,phases      ] GC(626)   Pre Evacuate Collection Set: 0.38ms
[3070.186s][info][gc,phases      ] GC(626)   Merge Heap Roots: 0.50ms
[3070.186s][info][gc,phases      ] GC(626)   Evacuate Collection Set: 114.77ms
[3070.186s][info][gc,phases      ] GC(626)   Post Evacuate Collection Set: 0.88ms
[3070.186s][info][gc,phases      ] GC(626)   Other: 0.11ms
[3070.186s][info][gc,heap        ] GC(626) Eden regions: 1115->0(1120)
[3070.186s][info][gc,heap        ] GC(626) Survivor regions: 113->108(154)
[3070.186s][info][gc,heap        ] GC(626) Old regions: 473->505
[3070.186s][info][gc,heap        ] GC(626) Humongous regions: 80->80
[3070.186s][info][gc,metaspace   ] GC(626) Metaspace: 29003K(29376K)->29003K(29376K) NonClass: 24123K(24256K)->24123K(24256K) Class: 4880K(5120K)->4880K(5120K)
[3070.186s][info][gc             ] GC(626) Pause Young (Concurrent Start) (G1 Evacuation Pause) 3560M->1385M(4096M) 116.778ms
[3070.186s][info][gc             ] GC(627) Concurrent Mark Cycle
[3070.186s][info][gc,marking     ] GC(627) Concurrent Scan Root Regions
[3070.186s][info][gc,cpu         ] GC(626) User=0.69s Sys=0.00s Real=0.12s
.[3070.332s][info][gc,marking     ] GC(627) Concurrent Scan Root Regions 146.138ms
[3070.332s][info][gc,marking     ] GC(627) Concurrent Mark
[3070.332s][info][gc,marking     ] GC(627) Concurrent Mark From Roots
[3070.332s][info][gc,task        ] GC(627) Using 2 workers of 2 for marking
[3070.988s][info][gc,marking     ] GC(627) Concurrent Mark From Roots 655.387ms
[3070.988s][info][gc,marking     ] GC(627) Concurrent Preclean
[3070.988s][info][gc,marking     ] GC(627) Concurrent Preclean 0.108ms
[3070.988s][info][gc,start       ] GC(627) Pause Remark
[3070.992s][info][gc             ] GC(627) Pause Remark 1966M->1966M(4096M) 4.315ms
[3070.992s][info][gc,cpu         ] GC(627) User=0.02s Sys=0.00s Real=0.00s
[3070.992s][info][gc,marking     ] GC(627) Concurrent Mark 660.044ms
[3070.992s][info][gc,marking     ] GC(627) Concurrent Rebuild Remembered Sets and Scrub Regions
[3071.232s][info][gc,marking     ] GC(627) Concurrent Rebuild Remembered Sets and Scrub Regions 239.183ms
[3071.232s][info][gc,start       ] GC(627) Pause Cleanup
[3071.232s][info][gc             ] GC(627) Pause Cleanup 2099M->2099M(4096M) 0.103ms
[3071.232s][info][gc,cpu         ] GC(627) User=0.00s Sys=0.00s Real=0.00s
[3071.232s][info][gc,marking     ] GC(627) Concurrent Clear Claimed Marks
[3071.232s][info][gc,marking     ] GC(627) Concurrent Clear Claimed Marks 0.022ms
[3071.232s][info][gc,marking     ] GC(627) Concurrent Cleanup for Next Mark
[3071.237s][info][gc,marking     ] GC(627) Concurrent Cleanup for Next Mark 5.024ms
[3071.237s][info][gc             ] GC(627) Concurrent Mark Cycle 1050.831ms
...[3073.622s][info][gc,start       ] GC(628) Pause Young (Prepare Mixed) (G1 Evacuation Pause)
[3073.622s][info][gc,task        ] GC(628) Using 6 workers of 6 for evacuation
[3073.739s][info][gc,phases      ] GC(628)   Pre Evacuate Collection Set: 0.33ms
[3073.739s][info][gc,phases      ] GC(628)   Merge Heap Roots: 0.51ms
[3073.739s][info][gc,phases      ] GC(628)   Evacuate Collection Set: 114.32ms
[3073.739s][info][gc,phases      ] GC(628)   Post Evacuate Collection Set: 0.92ms
[3073.739s][info][gc,phases      ] GC(628)   Other: 0.09ms
[3073.739s][info][gc,heap        ] GC(628) Eden regions: 1120->0(1111)
[3073.739s][info][gc,heap        ] GC(628) Survivor regions: 108->109(154)
[3073.739s][info][gc,heap        ] GC(628) Old regions: 505->536
[3073.739s][info][gc,heap        ] GC(628) Humongous regions: 80->80
[3073.739s][info][gc,metaspace   ] GC(628) Metaspace: 29003K(29376K)->29003K(29376K) NonClass: 24123K(24256K)->24123K(24256K) Class: 4880K(5120K)->4880K(5120K)
[3073.739s][info][gc             ] GC(628) Pause Young (Prepare Mixed) (G1 Evacuation Pause) 3625M->1448M(4096M) 116.303ms
[3073.739s][info][gc,cpu         ] GC(628) User=0.69s Sys=0.00s Real=0.12s
...[3077.192s][info][gc,start       ] GC(629) Pause Young (Mixed) (G1 Evacuation Pause)
[3077.192s][info][gc,task        ] GC(629) Using 6 workers of 6 for evacuation
[3077.324s][info][gc,phases      ] GC(629)   Pre Evacuate Collection Set: 0.32ms
[3077.324s][info][gc,phases      ] GC(629)   Merge Heap Roots: 0.68ms
[3077.324s][info][gc,phases      ] GC(629)   Evacuate Collection Set: 129.64ms
[3077.324s][info][gc,phases      ] GC(629)   Post Evacuate Collection Set: 0.94ms
[3077.324s][info][gc,phases      ] GC(629)   Other: 0.08ms
[3077.324s][info][gc,heap        ] GC(629) Eden regions: 1111->0(1121)
[3077.324s][info][gc,heap        ] GC(629) Survivor regions: 109->107(153)
[3077.324s][info][gc,heap        ] GC(629) Old regions: 536->473
[3077.324s][info][gc,heap        ] GC(629) Humongous regions: 80->80
[3077.324s][info][gc,metaspace   ] GC(629) Metaspace: 29003K(29376K)->29003K(29376K) NonClass: 24123K(24256K)->24123K(24256K) Class: 4880K(5120K)->4880K(5120K)
[3077.324s][info][gc             ] GC(629) Pause Young (Mixed) (G1 Evacuation Pause) 3670M->1318M(4096M) 131.787ms
[3077.324s][info][gc,cpu         ] GC(629) User=0.78s Sys=0.00s Real=0.14s
....[3080.786s][info][gc,start       ] GC(630) Pause Young (Concurrent Start) (G1 Evacuation Pause)
[3080.786s][info][gc,task        ] GC(630) Using 6 workers of 6 for evacuation
[3080.902s][info][gc,phases      ] GC(630)   Pre Evacuate Collection Set: 0.34ms
[3080.902s][info][gc,phases      ] GC(630)   Merge Heap Roots: 0.46ms
[3080.902s][info][gc,phases      ] GC(630)   Evacuate Collection Set: 114.21ms
[3080.902s][info][gc,phases      ] GC(630)   Post Evacuate Collection Set: 0.84ms
[3080.902s][info][gc,phases      ] GC(630)   Other: 0.11ms
[3080.902s][info][gc,heap        ] GC(630) Eden regions: 1121->0(1118)
[3080.902s][info][gc,heap        ] GC(630) Survivor regions: 107->110(154)
[3080.902s][info][gc,heap        ] GC(630) Old regions: 473->505
[3080.902s][info][gc,heap        ] GC(630) Humongous regions: 80->80
[3080.902s][info][gc,metaspace   ] GC(630) Metaspace: 29003K(29376K)->29003K(29376K) NonClass: 24123K(24256K)->24123K(24256K) Class: 4880K(5120K)->4880K(5120K)
[3080.902s][info][gc             ] GC(630) Pause Young (Concurrent Start) (G1 Evacuation Pause) 3560M->1388M(4096M) 116.107ms
[3080.902s][info][gc             ] GC(631) Concurrent Mark Cycle
[3080.902s][info][gc,marking     ] GC(631) Concurrent Scan Root Regions
[3080.902s][info][gc,cpu         ] GC(630) User=0.69s Sys=0.00s Real=0.11s
[3081.082s][info][gc,marking     ] GC(631) Concurrent Scan Root Regions 180.078ms
[3081.083s][info][gc,marking     ] GC(631) Concurrent Mark
[3081.083s][info][gc,marking     ] GC(631) Concurrent Mark From Roots
[3081.083s][info][gc,task        ] GC(631) Using 2 workers of 2 for marking
.[3082.074s][info][gc,marking     ] GC(631) Concurrent Mark From Roots 991.178ms
[3082.074s][info][gc,marking     ] GC(631) Concurrent Preclean
[3082.074s][info][gc,marking     ] GC(631) Concurrent Preclean 0.099ms
[3082.074s][info][gc,start       ] GC(631) Pause Remark
[3082.080s][info][gc             ] GC(631) Pause Remark 2154M->2154M(4096M) 5.607ms
[3082.080s][info][gc,cpu         ] GC(631) User=0.03s Sys=0.00s Real=0.00s
[3082.080s][info][gc,marking     ] GC(631) Concurrent Mark 997.142ms
[3082.080s][info][gc,marking     ] GC(631) Concurrent Rebuild Remembered Sets and Scrub Regions
.[3082.428s][info][gc,marking     ] GC(631) Concurrent Rebuild Remembered Sets and Scrub Regions 348.119ms
[3082.428s][info][gc,start       ] GC(631) Pause Cleanup
[3082.428s][info][gc             ] GC(631) Pause Cleanup 2399M->2399M(4096M) 0.107ms
[3082.428s][info][gc,cpu         ] GC(631) User=0.00s Sys=0.00s Real=0.00s
[3082.428s][info][gc,marking     ] GC(631) Concurrent Clear Claimed Marks
[3082.428s][info][gc,marking     ] GC(631) Concurrent Clear Claimed Marks 0.036ms
[3082.428s][info][gc,marking     ] GC(631) Concurrent Cleanup for Next Mark
[3082.433s][info][gc,marking     ] GC(631) Concurrent Cleanup for Next Mark 4.431ms
[3082.433s][info][gc             ] GC(631) Concurrent Mark Cycle 1530.242ms
..[3084.403s][info][gc,start       ] GC(632) Pause Young (Prepare Mixed) (G1 Evacuation Pause)
[3084.403s][info][gc,task        ] GC(632) Using 6 workers of 6 for evacuation
[3084.519s][info][gc,phases      ] GC(632)   Pre Evacuate Collection Set: 0.33ms
[3084.519s][info][gc,phases      ] GC(632)   Merge Heap Roots: 0.48ms
[3084.519s][info][gc,phases      ] GC(632)   Evacuate Collection Set: 114.16ms
[3084.519s][info][gc,phases      ] GC(632)   Post Evacuate Collection Set: 0.92ms
[3084.519s][info][gc,phases      ] GC(632)   Other: 0.08ms
[3084.519s][info][gc,heap        ] GC(632) Eden regions: 1118->0(1108)
[3084.519s][info][gc,heap        ] GC(632) Survivor regions: 110->110(154)
[3084.519s][info][gc,heap        ] GC(632) Old regions: 505->537
[3084.519s][info][gc,heap        ] GC(632) Humongous regions: 80->80
[3084.519s][info][gc,metaspace   ] GC(632) Metaspace: 29003K(29376K)->29003K(29376K) NonClass: 24123K(24256K)->24123K(24256K) Class: 4880K(5120K)->4880K(5120K)
[3084.519s][info][gc             ] GC(632) Pause Young (Prepare Mixed) (G1 Evacuation Pause) 3624M->1453M(4096M) 116.109ms
[3084.519s][info][gc,cpu         ] GC(632) User=0.69s Sys=0.00s Real=0.12s
...[3087.900s][info][gc,start       ] GC(633) Pause Young (Mixed) (G1 Evacuation Pause)
[3087.900s][info][gc,task        ] GC(633) Using 6 workers of 6 for evacuation
[3088.028s][info][gc,phases      ] GC(633)   Pre Evacuate Collection Set: 0.35ms
[3088.028s][info][gc,phases      ] GC(633)   Merge Heap Roots: 0.60ms
[3088.028s][info][gc,phases      ] GC(633)   Evacuate Collection Set: 126.63ms
[3088.028s][info][gc,phases      ] GC(633)   Post Evacuate Collection Set: 0.94ms
[3088.028s][info][gc,phases      ] GC(633)   Other: 0.09ms
[3088.028s][info][gc,heap        ] GC(633) Eden regions: 1108->0(1121)
[3088.028s][info][gc,heap        ] GC(633) Survivor regions: 110->107(153)
[3088.028s][info][gc,heap        ] GC(633) Old regions: 537->474
[3088.028s][info][gc,heap        ] GC(633) Humongous regions: 80->80
[3088.028s][info][gc,metaspace   ] GC(633) Metaspace: 29003K(29376K)->29003K(29376K) NonClass: 24123K(24256K)->24123K(24256K) Class: 4880K(5120K)->4880K(5120K)
[3088.028s][info][gc             ] GC(633) Pause Young (Mixed) (G1 Evacuation Pause) 3669M->1321M(4096M) 128.736ms
[3088.029s][info][gc,cpu         ] GC(633) User=0.76s Sys=0.00s Real=0.13s
....[3091.582s][info][gc,start       ] GC(634) Pause Young (Concurrent Start) (G1 Evacuation Pause)
[3091.582s][info][gc,task        ] GC(634) Using 6 workers of 6 for evacuation
[3091.700s][info][gc,phases      ] GC(634)   Pre Evacuate Collection Set: 0.38ms
[3091.700s][info][gc,phases      ] GC(634)   Merge Heap Roots: 0.53ms
[3091.700s][info][gc,phases      ] GC(634)   Evacuate Collection Set: 115.54ms
[3091.700s][info][gc,phases      ] GC(634)   Post Evacuate Collection Set: 0.86ms
[3091.700s][info][gc,phases      ] GC(634)   Other: 0.13ms
[3091.700s][info][gc,heap        ] GC(634) Eden regions: 1121->0(1118)
[3091.700s][info][gc,heap        ] GC(634) Survivor regions: 107->110(154)
[3091.700s][info][gc,heap        ] GC(634) Old regions: 474->507
[3091.700s][info][gc,heap        ] GC(634) Humongous regions: 80->80
[3091.700s][info][gc,metaspace   ] GC(634) Metaspace: 29003K(29376K)->29003K(29376K) NonClass: 24123K(24256K)->24123K(24256K) Class: 4880K(5120K)->4880K(5120K)
[3091.700s][info][gc             ] GC(634) Pause Young (Concurrent Start) (G1 Evacuation Pause) 3563M->1392M(4096M) 117.562ms
[3091.700s][info][gc             ] GC(635) Concurrent Mark Cycle
[3091.700s][info][gc,marking     ] GC(635) Concurrent Scan Root Regions
[3091.700s][info][gc,cpu         ] GC(634) User=0.70s Sys=0.00s Real=0.12s
[3091.922s][info][gc,marking     ] GC(635) Concurrent Scan Root Regions 222.205ms
[3091.922s][info][gc,marking     ] GC(635) Concurrent Mark
[3091.922s][info][gc,marking     ] GC(635) Concurrent Mark From Roots
[3091.922s][info][gc,task        ] GC(635) Using 2 workers of 2 for marking
.[3092.914s][info][gc,marking     ] GC(635) Concurrent Mark From Roots 992.128ms
[3092.914s][info][gc,marking     ] GC(635) Concurrent Preclean
[3092.915s][info][gc,marking     ] GC(635) Concurrent Preclean 1.084ms
[3092.916s][info][gc,start       ] GC(635) Pause Remark
[3092.923s][info][gc             ] GC(635) Pause Remark 2212M->2212M(4096M) 7.218ms
[3092.923s][info][gc,cpu         ] GC(635) User=0.04s Sys=0.00s Real=0.00s
[3092.923s][info][gc,marking     ] GC(635) Concurrent Mark 1000.733ms
[3092.923s][info][gc,marking     ] GC(635) Concurrent Rebuild Remembered Sets and Scrub Regions
[3093.180s][info][gc,marking     ] GC(635) Concurrent Rebuild Remembered Sets and Scrub Regions 256.824ms
[3093.180s][info][gc,start       ] GC(635) Pause Cleanup
[3093.180s][info][gc             ] GC(635) Pause Cleanup 2409M->2409M(4096M) 0.124ms
[3093.180s][info][gc,cpu         ] GC(635) User=0.00s Sys=0.00s Real=0.00s
[3093.180s][info][gc,marking     ] GC(635) Concurrent Clear Claimed Marks
[3093.181s][info][gc,marking     ] GC(635) Concurrent Clear Claimed Marks 0.042ms
[3093.181s][info][gc,marking     ] GC(635) Concurrent Cleanup for Next Mark
[3093.185s][info][gc,marking     ] GC(635) Concurrent Cleanup for Next Mark 4.177ms
[3093.185s][info][gc             ] GC(635) Concurrent Mark Cycle 1484.925ms
..[3095.099s][info][gc,start       ] GC(636) Pause Young (Prepare Mixed) (G1 Evacuation Pause)
[3095.099s][info][gc,task        ] GC(636) Using 6 workers of 6 for evacuation
[3095.215s][info][gc,phases      ] GC(636)   Pre Evacuate Collection Set: 0.34ms
[3095.215s][info][gc,phases      ] GC(636)   Merge Heap Roots: 0.51ms
[3095.215s][info][gc,phases      ] GC(636)   Evacuate Collection Set: 113.97ms
[3095.215s][info][gc,phases      ] GC(636)   Post Evacuate Collection Set: 0.90ms
[3095.215s][info][gc,phases      ] GC(636)   Other: 0.09ms
[3095.215s][info][gc,heap        ] GC(636) Eden regions: 1118->0(1110)
[3095.215s][info][gc,heap        ] GC(636) Survivor regions: 110->109(154)
[3095.215s][info][gc,heap        ] GC(636) Old regions: 507->537
[3095.215s][info][gc,heap        ] GC(636) Humongous regions: 80->80
[3095.215s][info][gc,metaspace   ] GC(636) Metaspace: 28945K(29376K)->28945K(29376K) NonClass: 24075K(24256K)->24075K(24256K) Class: 4870K(5120K)->4870K(5120K)
[3095.215s][info][gc             ] GC(636) Pause Young (Prepare Mixed) (G1 Evacuation Pause) 3628M->1450M(4096M) 115.948ms
[3095.215s][info][gc,cpu         ] GC(636) User=0.68s Sys=0.00s Real=0.12s
. (rIR:aIR:PR = 5258:5260:5260) (tPR = 77906) [OK] 
  3095s: Performance info:
         Transaction,    Success,    Partial,     Failed,   Receipts, AvgBarcode, 
             Overall,     317524,          0,          0,     301663,      59.47, 
         Response times:
             Request,    Success,    Partial,     Failed,   SkipFail,     Probes,    Samples,      min,      p50,      p90,      p95,      p99,      max, 
       TotalPurchase,     301641,          0,          0,          0,     296073,     321326,      300,     4100,     9700,    26000,    86000,   261000,
     InStorePurchase,     158762,          0,          0,          0,     155749,     168735,      300,     4200,     9800,    27000,    88000,   211000,
      OnlinePurchase,     111144,          0,          0,          0,     109428,     118546,      300,     4000,     9500,    25000,    84000,   261000,
        InstPurchase,      31735,          0,          0,          0,      30896,      34045,      400,     4200,     9900,    27000,    85000,   210000,
          AssocOfCat,        318,          0,          0,          0,        253,        360,    21000,    33000,    59000,    80950,   169140,   213000,
      AssocOfProduct,       3167,          0,          0,          0,       2905,       3374,     1000,     3900,     9800,    25000,    81000,   175000,
      BusinessReport,        790,          0,          0,          0,        685,        869,    27000,    38000,    80000,   106000,   173000,   212000,
          CustBuyBeh,       3174,          0,          0,          0,       2934,       3366,      100,     3350,     8600,    19900,    82320,   210000,
       ProductReturn,       8412,          0,          0,          0,       8012,       8962,      200,     4100,     9300,    24000,    88000,   183000,

  3095s: (39%)   IR =   5396 ...[3098.542s][info][gc,start       ] GC(637) Pause Young (Mixed) (G1 Evacuation Pause)
[3098.542s][info][gc,task        ] GC(637) Using 6 workers of 6 for evacuation
[3098.674s][info][gc,phases      ] GC(637)   Pre Evacuate Collection Set: 0.38ms
[3098.674s][info][gc,phases      ] GC(637)   Merge Heap Roots: 0.66ms
[3098.674s][info][gc,phases      ] GC(637)   Evacuate Collection Set: 130.29ms
[3098.674s][info][gc,phases      ] GC(637)   Post Evacuate Collection Set: 0.95ms
[3098.674s][info][gc,phases      ] GC(637)   Other: 0.09ms
[3098.674s][info][gc,heap        ] GC(637) Eden regions: 1110->0(1119)
[3098.674s][info][gc,heap        ] GC(637) Survivor regions: 109->109(153)
[3098.674s][info][gc,heap        ] GC(637) Old regions: 537->474
[3098.674s][info][gc,heap        ] GC(637) Humongous regions: 80->80
[3098.674s][info][gc,metaspace   ] GC(637) Metaspace: 28945K(29376K)->28945K(29376K) NonClass: 24075K(24256K)->24075K(24256K) Class: 4870K(5120K)->4870K(5120K)
[3098.674s][info][gc             ] GC(637) Pause Young (Mixed) (G1 Evacuation Pause) 3670M->1324M(4096M) 132.493ms
[3098.674s][info][gc,cpu         ] GC(637) User=0.79s Sys=0.00s Real=0.14s
..|.[3102.018s][info][gc,start       ] GC(638) Pause Young (Concurrent Start) (G1 Evacuation Pause)
[3102.018s][info][gc,task        ] GC(638) Using 6 workers of 6 for evacuation
[3102.136s][info][gc,phases      ] GC(638)   Pre Evacuate Collection Set: 0.36ms
[3102.136s][info][gc,phases      ] GC(638)   Merge Heap Roots: 0.48ms
[3102.136s][info][gc,phases      ] GC(638)   Evacuate Collection Set: 116.71ms
[3102.136s][info][gc,phases      ] GC(638)   Post Evacuate Collection Set: 0.89ms
[3102.136s][info][gc,phases      ] GC(638)   Other: 0.12ms
[3102.136s][info][gc,heap        ] GC(638) Eden regions: 1119->0(1118)
[3102.136s][info][gc,heap        ] GC(638) Survivor regions: 109->110(154)
[3102.136s][info][gc,heap        ] GC(638) Old regions: 474->505
[3102.136s][info][gc,heap        ] GC(638) Humongous regions: 80->80
[3102.136s][info][gc,metaspace   ] GC(638) Metaspace: 28945K(29376K)->28945K(29376K) NonClass: 24075K(24256K)->24075K(24256K) Class: 4870K(5120K)->4870K(5120K)
[3102.136s][info][gc             ] GC(638) Pause Young (Concurrent Start) (G1 Evacuation Pause) 3562M->1389M(4096M) 118.732ms
[3102.136s][info][gc             ] GC(639) Concurrent Mark Cycle
[3102.136s][info][gc,marking     ] GC(639) Concurrent Scan Root Regions
[3102.137s][info][gc,cpu         ] GC(638) User=0.70s Sys=0.00s Real=0.12s
[3102.278s][info][gc,marking     ] GC(639) Concurrent Scan Root Regions 141.698ms
[3102.278s][info][gc,marking     ] GC(639) Concurrent Mark
[3102.278s][info][gc,marking     ] GC(639) Concurrent Mark From Roots
[3102.278s][info][gc,task        ] GC(639) Using 2 workers of 2 for marking
.[3102.939s][info][gc,marking     ] GC(639) Concurrent Mark From Roots 660.794ms
[3102.939s][info][gc,marking     ] GC(639) Concurrent Preclean
[3102.940s][info][gc,marking     ] GC(639) Concurrent Preclean 0.444ms
[3102.940s][info][gc,start       ] GC(639) Pause Remark
[3102.945s][info][gc             ] GC(639) Pause Remark 1962M->1962M(4096M) 5.186ms
[3102.945s][info][gc,cpu         ] GC(639) User=0.02s Sys=0.00s Real=0.01s
[3102.945s][info][gc,marking     ] GC(639) Concurrent Mark 666.690ms
[3102.945s][info][gc,marking     ] GC(639) Concurrent Rebuild Remembered Sets and Scrub Regions
[3103.200s][info][gc,marking     ] GC(639) Concurrent Rebuild Remembered Sets and Scrub Regions 254.801ms
[3103.200s][info][gc,start       ] GC(639) Pause Cleanup
[3103.200s][info][gc             ] GC(639) Pause Cleanup 2119M->2119M(4096M) 0.114ms
[3103.200s][info][gc,cpu         ] GC(639) User=0.00s Sys=0.00s Real=0.00s
[3103.200s][info][gc,marking     ] GC(639) Concurrent Clear Claimed Marks
[3103.200s][info][gc,marking     ] GC(639) Concurrent Clear Claimed Marks 0.021ms
[3103.200s][info][gc,marking     ] GC(639) Concurrent Cleanup for Next Mark
[3103.204s][info][gc,marking     ] GC(639) Concurrent Cleanup for Next Mark 3.446ms
[3103.204s][info][gc             ] GC(639) Concurrent Mark Cycle 1067.090ms
...[3105.529s][info][gc,start       ] GC(640) Pause Young (Prepare Mixed) (G1 Evacuation Pause)
[3105.529s][info][gc,task        ] GC(640) Using 6 workers of 6 for evacuation
[3105.647s][info][gc,phases      ] GC(640)   Pre Evacuate Collection Set: 0.32ms
[3105.647s][info][gc,phases      ] GC(640)   Merge Heap Roots: 0.54ms
[3105.647s][info][gc,phases      ] GC(640)   Evacuate Collection Set: 116.52ms
[3105.647s][info][gc,phases      ] GC(640)   Post Evacuate Collection Set: 0.91ms
[3105.647s][info][gc,phases      ] GC(640)   Other: 0.09ms
[3105.647s][info][gc,heap        ] GC(640) Eden regions: 1118->0(1104)
[3105.647s][info][gc,heap        ] GC(640) Survivor regions: 110->112(154)
[3105.647s][info][gc,heap        ] GC(640) Old regions: 505->537
[3105.647s][info][gc,heap        ] GC(640) Humongous regions: 80->80
[3105.647s][info][gc,metaspace   ] GC(640) Metaspace: 28945K(29376K)->28945K(29376K) NonClass: 24075K(24256K)->24075K(24256K) Class: 4870K(5120K)->4870K(5120K)
[3105.647s][info][gc             ] GC(640) Pause Young (Prepare Mixed) (G1 Evacuation Pause) 3625M->1455M(4096M) 118.520ms
[3105.647s][info][gc,cpu         ] GC(640) User=0.70s Sys=0.00s Real=0.12s
...[3108.984s][info][gc,start       ] GC(641) Pause Young (Mixed) (G1 Evacuation Pause)
[3108.984s][info][gc,task        ] GC(641) Using 6 workers of 6 for evacuation
[3109.121s][info][gc,phases      ] GC(641)   Pre Evacuate Collection Set: 0.37ms
[3109.121s][info][gc,phases      ] GC(641)   Merge Heap Roots: 0.67ms
[3109.121s][info][gc,phases      ] GC(641)   Evacuate Collection Set: 134.47ms
[3109.121s][info][gc,phases      ] GC(641)   Post Evacuate Collection Set: 0.94ms
[3109.121s][info][gc,phases      ] GC(641)   Other: 0.09ms
[3109.121s][info][gc,heap        ] GC(641) Eden regions: 1104->0(1115)
[3109.121s][info][gc,heap        ] GC(641) Survivor regions: 112->113(152)
[3109.121s][info][gc,heap        ] GC(641) Old regions: 537->474
[3109.121s][info][gc,heap        ] GC(641) Humongous regions: 80->80
[3109.121s][info][gc,metaspace   ] GC(641) Metaspace: 28945K(29376K)->28945K(29376K) NonClass: 24075K(24256K)->24075K(24256K) Class: 4870K(5120K)->4870K(5120K)
[3109.121s][info][gc             ] GC(641) Pause Young (Mixed) (G1 Evacuation Pause) 3663M->1332M(4096M) 136.675ms
[3109.121s][info][gc,cpu         ] GC(641) User=0.81s Sys=0.00s Real=0.13s
....[3112.465s][info][gc,start       ] GC(642) Pause Young (Concurrent Start) (G1 Evacuation Pause)
[3112.466s][info][gc,task        ] GC(642) Using 6 workers of 6 for evacuation
[3112.581s][info][gc,phases      ] GC(642)   Pre Evacuate Collection Set: 0.36ms
[3112.582s][info][gc,phases      ] GC(642)   Merge Heap Roots: 0.45ms
[3112.582s][info][gc,phases      ] GC(642)   Evacuate Collection Set: 114.20ms
[3112.582s][info][gc,phases      ] GC(642)   Post Evacuate Collection Set: 0.85ms
[3112.582s][info][gc,phases      ] GC(642)   Other: 0.09ms
[3112.582s][info][gc,heap        ] GC(642) Eden regions: 1115->0(1120)
[3112.582s][info][gc,heap        ] GC(642) Survivor regions: 113->108(154)
[3112.582s][info][gc,heap        ] GC(642) Old regions: 474->506
[3112.582s][info][gc,heap        ] GC(642) Humongous regions: 80->80
[3112.582s][info][gc,metaspace   ] GC(642) Metaspace: 28945K(29376K)->28945K(29376K) NonClass: 24075K(24256K)->24075K(24256K) Class: 4870K(5120K)->4870K(5120K)
[3112.582s][info][gc             ] GC(642) Pause Young (Concurrent Start) (G1 Evacuation Pause) 3562M->1387M(4096M) 116.076ms
[3112.582s][info][gc             ] GC(643) Concurrent Mark Cycle
[3112.582s][info][gc,marking     ] GC(643) Concurrent Scan Root Regions
[3112.582s][info][gc,cpu         ] GC(642) User=0.69s Sys=0.00s Real=0.11s
[3112.765s][info][gc,marking     ] GC(643) Concurrent Scan Root Regions 183.456ms
[3112.765s][info][gc,marking     ] GC(643) Concurrent Mark
[3112.765s][info][gc,marking     ] GC(643) Concurrent Mark From Roots
[3112.765s][info][gc,task        ] GC(643) Using 2 workers of 2 for marking
.[3113.574s][info][gc,marking     ] GC(643) Concurrent Mark From Roots 809.034ms
[3113.574s][info][gc,marking     ] GC(643) Concurrent Preclean
[3113.575s][info][gc,marking     ] GC(643) Concurrent Preclean 0.445ms
[3113.575s][info][gc,start       ] GC(643) Pause Remark
[3113.580s][info][gc             ] GC(643) Pause Remark 2122M->2122M(4096M) 5.238ms
[3113.580s][info][gc,cpu         ] GC(643) User=0.03s Sys=0.00s Real=0.00s
[3113.580s][info][gc,marking     ] GC(643) Concurrent Mark 814.941ms
[3113.580s][info][gc,marking     ] GC(643) Concurrent Rebuild Remembered Sets and Scrub Regions
[3113.912s][info][gc,marking     ] GC(643) Concurrent Rebuild Remembered Sets and Scrub Regions 332.067ms
[3113.912s][info][gc,start       ] GC(643) Pause Cleanup
[3113.912s][info][gc             ] GC(643) Pause Cleanup 2342M->2342M(4096M) 0.111ms
[3113.912s][info][gc,cpu         ] GC(643) User=0.00s Sys=0.00s Real=0.00s
[3113.912s][info][gc,marking     ] GC(643) Concurrent Clear Claimed Marks
[3113.912s][info][gc,marking     ] GC(643) Concurrent Clear Claimed Marks 0.031ms
[3113.912s][info][gc,marking     ] GC(643) Concurrent Cleanup for Next Mark
[3113.917s][info][gc,marking     ] GC(643) Concurrent Cleanup for Next Mark 4.404ms
[3113.917s][info][gc             ] GC(643) Concurrent Mark Cycle 1335.383ms
..[3115.933s][info][gc,start       ] GC(644) Pause Young (Prepare Mixed) (G1 Evacuation Pause)
[3115.933s][info][gc,task        ] GC(644) Using 6 workers of 6 for evacuation
[3116.050s][info][gc,phases      ] GC(644)   Pre Evacuate Collection Set: 0.29ms
[3116.050s][info][gc,phases      ] GC(644)   Merge Heap Roots: 0.49ms
[3116.050s][info][gc,phases      ] GC(644)   Evacuate Collection Set: 115.43ms
[3116.050s][info][gc,phases      ] GC(644)   Post Evacuate Collection Set: 0.91ms
[3116.050s][info][gc,phases      ] GC(644)   Other: 0.09ms
[3116.050s][info][gc,heap        ] GC(644) Eden regions: 1120->0(1107)
[3116.050s][info][gc,heap        ] GC(644) Survivor regions: 108->110(154)
[3116.050s][info][gc,heap        ] GC(644) Old regions: 506->538
[3116.050s][info][gc,heap        ] GC(644) Humongous regions: 80->80
[3116.050s][info][gc,metaspace   ] GC(644) Metaspace: 28945K(29376K)->28945K(29376K) NonClass: 24075K(24256K)->24075K(24256K) Class: 4870K(5120K)->4870K(5120K)
[3116.050s][info][gc             ] GC(644) Pause Young (Prepare Mixed) (G1 Evacuation Pause) 3627M->1453M(4096M) 117.375ms
[3116.050s][info][gc,cpu         ] GC(644) User=0.70s Sys=0.00s Real=0.12s
...[3119.368s][info][gc,start       ] GC(645) Pause Young (Mixed) (G1 Evacuation Pause)
[3119.368s][info][gc,task        ] GC(645) Using 6 workers of 6 for evacuation
[3119.500s][info][gc,phases      ] GC(645)   Pre Evacuate Collection Set: 0.35ms
[3119.500s][info][gc,phases      ] GC(645)   Merge Heap Roots: 0.68ms
[3119.500s][info][gc,phases      ] GC(645)   Evacuate Collection Set: 129.18ms
[3119.500s][info][gc,phases      ] GC(645)   Post Evacuate Collection Set: 0.95ms
[3119.500s][info][gc,phases      ] GC(645)   Other: 0.09ms
[3119.500s][info][gc,heap        ] GC(645) Eden regions: 1107->0(1120)
[3119.500s][info][gc,heap        ] GC(645) Survivor regions: 110->108(153)
[3119.500s][info][gc,heap        ] GC(645) Old regions: 538->474
[3119.500s][info][gc,heap        ] GC(645) Humongous regions: 80->80
[3119.500s][info][gc,metaspace   ] GC(645) Metaspace: 28945K(29376K)->28945K(29376K) NonClass: 24075K(24256K)->24075K(24256K) Class: 4870K(5120K)->4870K(5120K)
[3119.500s][info][gc             ] GC(645) Pause Young (Mixed) (G1 Evacuation Pause) 3667M->1322M(4096M) 131.384ms
[3119.500s][info][gc,cpu         ] GC(645) User=0.78s Sys=0.00s Real=0.13s
....[3122.889s][info][gc,start       ] GC(646) Pause Young (Concurrent Start) (G1 Evacuation Pause)
[3122.889s][info][gc,task        ] GC(646) Using 6 workers of 6 for evacuation
[3123.003s][info][gc,phases      ] GC(646)   Pre Evacuate Collection Set: 0.34ms
[3123.003s][info][gc,phases      ] GC(646)   Merge Heap Roots: 0.44ms
[3123.003s][info][gc,phases      ] GC(646)   Evacuate Collection Set: 112.17ms
[3123.003s][info][gc,phases      ] GC(646)   Post Evacuate Collection Set: 0.87ms
[3123.003s][info][gc,phases      ] GC(646)   Other: 0.11ms
[3123.003s][info][gc,heap        ] GC(646) Eden regions: 1120->0(1120)
[3123.003s][info][gc,heap        ] GC(646) Survivor regions: 108->108(154)
[3123.003s][info][gc,heap        ] GC(646) Old regions: 474->506
[3123.003s][info][gc,heap        ] GC(646) Humongous regions: 80->80
[3123.003s][info][gc,metaspace   ] GC(646) Metaspace: 28945K(29376K)->28945K(29376K) NonClass: 24075K(24256K)->24075K(24256K) Class: 4870K(5120K)->4870K(5120K)
[3123.003s][info][gc             ] GC(646) Pause Young (Concurrent Start) (G1 Evacuation Pause) 3562M->1386M(4096M) 114.058ms
[3123.003s][info][gc             ] GC(647) Concurrent Mark Cycle
[3123.003s][info][gc,marking     ] GC(647) Concurrent Scan Root Regions
[3123.003s][info][gc,cpu         ] GC(646) User=0.68s Sys=0.00s Real=0.12s
[3123.182s][info][gc,marking     ] GC(647) Concurrent Scan Root Regions 179.088ms
[3123.183s][info][gc,marking     ] GC(647) Concurrent Mark
[3123.183s][info][gc,marking     ] GC(647) Concurrent Mark From Roots
[3123.183s][info][gc,task        ] GC(647) Using 2 workers of 2 for marking
.[3124.129s][info][gc,marking     ] GC(647) Concurrent Mark From Roots 945.974ms
[3124.129s][info][gc,marking     ] GC(647) Concurrent Preclean
[3124.129s][info][gc,marking     ] GC(647) Concurrent Preclean 0.873ms
[3124.130s][info][gc,start       ] GC(647) Pause Remark
[3124.135s][info][gc             ] GC(647) Pause Remark 2208M->2208M(4096M) 5.884ms
[3124.135s][info][gc,cpu         ] GC(647) User=0.03s Sys=0.00s Real=0.01s
[3124.136s][info][gc,marking     ] GC(647) Concurrent Mark 952.983ms
[3124.136s][info][gc,marking     ] GC(647) Concurrent Rebuild Remembered Sets and Scrub Regions
[3124.400s][info][gc,marking     ] GC(647) Concurrent Rebuild Remembered Sets and Scrub Regions 264.889ms
[3124.401s][info][gc,start       ] GC(647) Pause Cleanup
[3124.401s][info][gc             ] GC(647) Pause Cleanup 2368M->2368M(4096M) 0.108ms
[3124.401s][info][gc,cpu         ] GC(647) User=0.00s Sys=0.00s Real=0.00s
[3124.401s][info][gc,marking     ] GC(647) Concurrent Clear Claimed Marks
[3124.401s][info][gc,marking     ] GC(647) Concurrent Clear Claimed Marks 0.027ms
[3124.401s][info][gc,marking     ] GC(647) Concurrent Cleanup for Next Mark
[3124.406s][info][gc,marking     ] GC(647) Concurrent Cleanup for Next Mark 4.581ms
[3124.406s][info][gc             ] GC(647) Concurrent Mark Cycle 1402.214ms
..[3126.367s][info][gc,start       ] GC(648) Pause Young (Prepare Mixed) (G1 Evacuation Pause)
[3126.368s][info][gc,task        ] GC(648) Using 6 workers of 6 for evacuation
[3126.483s][info][gc,phases      ] GC(648)   Pre Evacuate Collection Set: 0.33ms
[3126.483s][info][gc,phases      ] GC(648)   Merge Heap Roots: 0.47ms
[3126.483s][info][gc,phases      ] GC(648)   Evacuate Collection Set: 114.08ms
[3126.483s][info][gc,phases      ] GC(648)   Post Evacuate Collection Set: 0.89ms
[3126.483s][info][gc,phases      ] GC(648)   Other: 0.08ms
[3126.483s][info][gc,heap        ] GC(648) Eden regions: 1120->0(1110)
[3126.483s][info][gc,heap        ] GC(648) Survivor regions: 108->109(154)
[3126.483s][info][gc,heap        ] GC(648) Old regions: 506->537
[3126.483s][info][gc,heap        ] GC(648) Humongous regions: 80->80
[3126.483s][info][gc,metaspace   ] GC(648) Metaspace: 28945K(29376K)->28945K(29376K) NonClass: 24075K(24256K)->24075K(24256K) Class: 4870K(5120K)->4870K(5120K)
[3126.483s][info][gc             ] GC(648) Pause Young (Prepare Mixed) (G1 Evacuation Pause) 3626M->1451M(4096M) 115.977ms
[3126.483s][info][gc,cpu         ] GC(648) User=0.69s Sys=0.00s Real=0.12s
....[3129.806s][info][gc,start       ] GC(649) Pause Young (Mixed) (G1 Evacuation Pause)
[3129.806s][info][gc,task        ] GC(649) Using 6 workers of 6 for evacuation
[3129.934s][info][gc,phases      ] GC(649)   Pre Evacuate Collection Set: 0.35ms
[3129.934s][info][gc,phases      ] GC(649)   Merge Heap Roots: 0.64ms
[3129.934s][info][gc,phases      ] GC(649)   Evacuate Collection Set: 126.64ms
[3129.934s][info][gc,phases      ] GC(649)   Post Evacuate Collection Set: 0.95ms
[3129.934s][info][gc,phases      ] GC(649)   Other: 0.09ms
[3129.934s][info][gc,heap        ] GC(649) Eden regions: 1110->0(1121)
[3129.934s][info][gc,heap        ] GC(649) Survivor regions: 109->107(153)
[3129.934s][info][gc,heap        ] GC(649) Old regions: 537->472
[3129.934s][info][gc,heap        ] GC(649) Humongous regions: 80->80
[3129.934s][info][gc,metaspace   ] GC(649) Metaspace: 28945K(29376K)->28945K(29376K) NonClass: 24075K(24256K)->24075K(24256K) Class: 4870K(5120K)->4870K(5120K)
[3129.934s][info][gc             ] GC(649) Pause Young (Mixed) (G1 Evacuation Pause) 3671M->1317M(4096M) 128.795ms
[3129.934s][info][gc,cpu         ] GC(649) User=0.77s Sys=0.00s Real=0.13s
...[3133.354s][info][gc,start       ] GC(650) Pause Young (Concurrent Start) (G1 Evacuation Pause)
[3133.354s][info][gc,task        ] GC(650) Using 6 workers of 6 for evacuation
[3133.471s][info][gc,phases      ] GC(650)   Pre Evacuate Collection Set: 0.38ms
[3133.471s][info][gc,phases      ] GC(650)   Merge Heap Roots: 0.48ms
[3133.471s][info][gc,phases      ] GC(650)   Evacuate Collection Set: 114.50ms
[3133.471s][info][gc,phases      ] GC(650)   Post Evacuate Collection Set: 0.87ms
[3133.471s][info][gc,phases      ] GC(650)   Other: 0.09ms
[3133.471s][info][gc,heap        ] GC(650) Eden regions: 1121->0(1119)
[3133.471s][info][gc,heap        ] GC(650) Survivor regions: 107->109(154)
[3133.471s][info][gc,heap        ] GC(650) Old regions: 472->503
[3133.471s][info][gc,heap        ] GC(650) Humongous regions: 80->80
[3133.471s][info][gc,metaspace   ] GC(650) Metaspace: 28945K(29376K)->28945K(29376K) NonClass: 24075K(24256K)->24075K(24256K) Class: 4870K(5120K)->4870K(5120K)
[3133.471s][info][gc             ] GC(650) Pause Young (Concurrent Start) (G1 Evacuation Pause) 3559M->1382M(4096M) 116.463ms
[3133.471s][info][gc             ] GC(651) Concurrent Mark Cycle
[3133.471s][info][gc,marking     ] GC(651) Concurrent Scan Root Regions
[3133.471s][info][gc,cpu         ] GC(650) User=0.69s Sys=0.00s Real=0.11s
.[3133.652s][info][gc,marking     ] GC(651) Concurrent Scan Root Regions 181.039ms
[3133.652s][info][gc,marking     ] GC(651) Concurrent Mark
[3133.652s][info][gc,marking     ] GC(651) Concurrent Mark From Roots
[3133.652s][info][gc,task        ] GC(651) Using 2 workers of 2 for marking
.[3134.602s][info][gc,marking     ] GC(651) Concurrent Mark From Roots 949.640ms
[3134.602s][info][gc,marking     ] GC(651) Concurrent Preclean
[3134.602s][info][gc,marking     ] GC(651) Concurrent Preclean 0.379ms
[3134.602s][info][gc,start       ] GC(651) Pause Remark
[3134.608s][info][gc             ] GC(651) Pause Remark 2184M->2184M(4096M) 5.459ms
[3134.608s][info][gc,cpu         ] GC(651) User=0.03s Sys=0.00s Real=0.01s
[3134.608s][info][gc,marking     ] GC(651) Concurrent Mark 955.737ms
[3134.608s][info][gc,marking     ] GC(651) Concurrent Rebuild Remembered Sets and Scrub Regions
[3135.004s][info][gc,marking     ] GC(651) Concurrent Rebuild Remembered Sets and Scrub Regions 396.798ms
[3135.005s][info][gc,start       ] GC(651) Pause Cleanup
[3135.005s][info][gc             ] GC(651) Pause Cleanup 2468M->2468M(4096M) 0.115ms
[3135.005s][info][gc,cpu         ] GC(651) User=0.00s Sys=0.00s Real=0.00s
[3135.006s][info][gc,marking     ] GC(651) Concurrent Clear Claimed Marks
[3135.006s][info][gc,marking     ] GC(651) Concurrent Clear Claimed Marks 0.034ms
[3135.006s][info][gc,marking     ] GC(651) Concurrent Cleanup for Next Mark
[3135.011s][info][gc,marking     ] GC(651) Concurrent Cleanup for Next Mark 5.735ms
[3135.012s][info][gc             ] GC(651) Concurrent Mark Cycle 1540.740ms
..[3136.849s][info][gc,start       ] GC(652) Pause Young (Prepare Mixed) (G1 Evacuation Pause)
[3136.849s][info][gc,task        ] GC(652) Using 6 workers of 6 for evacuation
[3136.965s][info][gc,phases      ] GC(652)   Pre Evacuate Collection Set: 0.32ms
[3136.965s][info][gc,phases      ] GC(652)   Merge Heap Roots: 0.53ms
[3136.965s][info][gc,phases      ] GC(652)   Evacuate Collection Set: 114.18ms
[3136.965s][info][gc,phases      ] GC(652)   Post Evacuate Collection Set: 0.90ms
[3136.965s][info][gc,phases      ] GC(652)   Other: 0.07ms
[3136.965s][info][gc,heap        ] GC(652) Eden regions: 1119->0(1111)
[3136.965s][info][gc,heap        ] GC(652) Survivor regions: 109->110(154)
[3136.965s][info][gc,heap        ] GC(652) Old regions: 503->534
[3136.965s][info][gc,heap        ] GC(652) Humongous regions: 80->80
[3136.965s][info][gc,metaspace   ] GC(652) Metaspace: 28945K(29376K)->28945K(29376K) NonClass: 24075K(24256K)->24075K(24256K) Class: 4870K(5120K)->4870K(5120K)
[3136.965s][info][gc             ] GC(652) Pause Young (Prepare Mixed) (G1 Evacuation Pause) 3620M->1447M(4096M) 116.145ms
[3136.965s][info][gc,cpu         ] GC(652) User=0.69s Sys=0.00s Real=0.12s
...[3140.290s][info][gc,start       ] GC(653) Pause Young (Mixed) (G1 Evacuation Pause)
[3140.291s][info][gc,task        ] GC(653) Using 6 workers of 6 for evacuation
[3140.421s][info][gc,phases      ] GC(653)   Pre Evacuate Collection Set: 0.33ms
[3140.421s][info][gc,phases      ] GC(653)   Merge Heap Roots: 0.61ms
[3140.421s][info][gc,phases      ] GC(653)   Evacuate Collection Set: 128.27ms
[3140.421s][info][gc,phases      ] GC(653)   Post Evacuate Collection Set: 0.94ms
[3140.421s][info][gc,phases      ] GC(653)   Other: 0.09ms
[3140.421s][info][gc,heap        ] GC(653) Eden regions: 1111->0(1118)
[3140.421s][info][gc,heap        ] GC(653) Survivor regions: 110->110(153)
[3140.421s][info][gc,heap        ] GC(653) Old regions: 534->471
[3140.421s][info][gc,heap        ] GC(653) Humongous regions: 80->80
[3140.421s][info][gc,metaspace   ] GC(653) Metaspace: 28945K(29376K)->28945K(29376K) NonClass: 24075K(24256K)->24075K(24256K) Class: 4870K(5120K)->4870K(5120K)
[3140.421s][info][gc             ] GC(653) Pause Young (Mixed) (G1 Evacuation Pause) 3669M->1320M(4096M) 130.372ms
[3140.421s][info][gc,cpu         ] GC(653) User=0.78s Sys=0.00s Real=0.13s
....[3143.728s][info][gc,start       ] GC(654) Pause Young (Concurrent Start) (G1 Evacuation Pause)
[3143.728s][info][gc,task        ] GC(654) Using 6 workers of 6 for evacuation
[3143.843s][info][gc,phases      ] GC(654)   Pre Evacuate Collection Set: 0.37ms
[3143.843s][info][gc,phases      ] GC(654)   Merge Heap Roots: 0.46ms
[3143.843s][info][gc,phases      ] GC(654)   Evacuate Collection Set: 112.96ms
[3143.843s][info][gc,phases      ] GC(654)   Post Evacuate Collection Set: 0.90ms
[3143.843s][info][gc,phases      ] GC(654)   Other: 0.12ms
[3143.843s][info][gc,heap        ] GC(654) Eden regions: 1118->0(1122)
[3143.843s][info][gc,heap        ] GC(654) Survivor regions: 110->106(154)
[3143.843s][info][gc,heap        ] GC(654) Old regions: 471->504
[3143.843s][info][gc,heap        ] GC(654) Humongous regions: 80->80
[3143.843s][info][gc,metaspace   ] GC(654) Metaspace: 28945K(29376K)->28945K(29376K) NonClass: 24075K(24256K)->24075K(24256K) Class: 4870K(5120K)->4870K(5120K)
[3143.843s][info][gc             ] GC(654) Pause Young (Concurrent Start) (G1 Evacuation Pause) 3556M->1378M(4096M) 114.940ms
[3143.843s][info][gc             ] GC(655) Concurrent Mark Cycle
[3143.843s][info][gc,marking     ] GC(655) Concurrent Scan Root Regions
[3143.843s][info][gc,cpu         ] GC(654) User=0.68s Sys=0.00s Real=0.11s
[3144.021s][info][gc,marking     ] GC(655) Concurrent Scan Root Regions 178.616ms
[3144.021s][info][gc,marking     ] GC(655) Concurrent Mark
[3144.021s][info][gc,marking     ] GC(655) Concurrent Mark From Roots
[3144.021s][info][gc,task        ] GC(655) Using 2 workers of 2 for marking
.[3145.007s][info][gc,marking     ] GC(655) Concurrent Mark From Roots 985.737ms
[3145.007s][info][gc,marking     ] GC(655) Concurrent Preclean
[3145.007s][info][gc,marking     ] GC(655) Concurrent Preclean 0.107ms
[3145.007s][info][gc,start       ] GC(655) Pause Remark
[3145.013s][info][gc             ] GC(655) Pause Remark 2171M->2171M(4096M) 5.902ms
[3145.013s][info][gc,cpu         ] GC(655) User=0.03s Sys=0.00s Real=0.01s
[3145.013s][info][gc,marking     ] GC(655) Concurrent Mark 991.956ms
[3145.013s][info][gc,marking     ] GC(655) Concurrent Rebuild Remembered Sets and Scrub Regions
[3145.365s][info][gc,marking     ] GC(655) Concurrent Rebuild Remembered Sets and Scrub Regions 351.773ms
[3145.365s][info][gc,start       ] GC(655) Pause Cleanup
[3145.365s][info][gc             ] GC(655) Pause Cleanup 2416M->2416M(4096M) 0.103ms
[3145.365s][info][gc,cpu         ] GC(655) User=0.00s Sys=0.00s Real=0.00s
[3145.365s][info][gc,marking     ] GC(655) Concurrent Clear Claimed Marks
[3145.365s][info][gc,marking     ] GC(655) Concurrent Clear Claimed Marks 0.027ms
[3145.365s][info][gc,marking     ] GC(655) Concurrent Cleanup for Next Mark
[3145.369s][info][gc,marking     ] GC(655) Concurrent Cleanup for Next Mark 3.278ms
[3145.369s][info][gc             ] GC(655) Concurrent Mark Cycle 1526.028ms
..[3147.266s][info][gc,start       ] GC(656) Pause Young (Prepare Mixed) (G1 Evacuation Pause)
[3147.266s][info][gc,task        ] GC(656) Using 6 workers of 6 for evacuation
[3147.382s][info][gc,phases      ] GC(656)   Pre Evacuate Collection Set: 0.32ms
[3147.382s][info][gc,phases      ] GC(656)   Merge Heap Roots: 0.49ms
[3147.382s][info][gc,phases      ] GC(656)   Evacuate Collection Set: 114.48ms
[3147.382s][info][gc,phases      ] GC(656)   Post Evacuate Collection Set: 0.91ms
[3147.382s][info][gc,phases      ] GC(656)   Other: 0.09ms
[3147.382s][info][gc,heap        ] GC(656) Eden regions: 1122->0(1113)
[3147.382s][info][gc,heap        ] GC(656) Survivor regions: 106->108(154)
[3147.382s][info][gc,heap        ] GC(656) Old regions: 504->536
[3147.382s][info][gc,heap        ] GC(656) Humongous regions: 80->80
[3147.382s][info][gc,metaspace   ] GC(656) Metaspace: 28945K(29376K)->28945K(29376K) NonClass: 24075K(24256K)->24075K(24256K) Class: 4870K(5120K)->4870K(5120K)
[3147.382s][info][gc             ] GC(656) Pause Young (Prepare Mixed) (G1 Evacuation Pause) 3622M->1446M(4096M) 116.428ms
[3147.382s][info][gc,cpu         ] GC(656) User=0.69s Sys=0.00s Real=0.11s
....[3150.743s][info][gc,start       ] GC(657) Pause Young (Mixed) (G1 Evacuation Pause)
[3150.743s][info][gc,task        ] GC(657) Using 6 workers of 6 for evacuation
[3150.872s][info][gc,phases      ] GC(657)   Pre Evacuate Collection Set: 0.37ms
[3150.872s][info][gc,phases      ] GC(657)   Merge Heap Roots: 0.69ms
[3150.872s][info][gc,phases      ] GC(657)   Evacuate Collection Set: 127.03ms
[3150.872s][info][gc,phases      ] GC(657)   Post Evacuate Collection Set: 0.94ms
[3150.872s][info][gc,phases      ] GC(657)   Other: 0.10ms
[3150.872s][info][gc,heap        ] GC(657) Eden regions: 1113->0(1121)
[3150.872s][info][gc,heap        ] GC(657) Survivor regions: 108->107(153)
[3150.872s][info][gc,heap        ] GC(657) Old regions: 536->474
[3150.872s][info][gc,heap        ] GC(657) Humongous regions: 80->80
[3150.872s][info][gc,metaspace   ] GC(657) Metaspace: 28947K(29376K)->28947K(29376K) NonClass: 24076K(24256K)->24076K(24256K) Class: 4870K(5120K)->4870K(5120K)
[3150.873s][info][gc             ] GC(657) Pause Young (Mixed) (G1 Evacuation Pause) 3672M->1320M(4096M) 129.242ms
[3150.873s][info][gc,cpu         ] GC(657) User=0.77s Sys=0.00s Real=0.12s
...[3154.176s][info][gc,start       ] GC(658) Pause Young (Concurrent Start) (G1 Evacuation Pause)
[3154.176s][info][gc,task        ] GC(658) Using 6 workers of 6 for evacuation
[3154.294s][info][gc,phases      ] GC(658)   Pre Evacuate Collection Set: 0.39ms
[3154.294s][info][gc,phases      ] GC(658)   Merge Heap Roots: 0.45ms
[3154.294s][info][gc,phases      ] GC(658)   Evacuate Collection Set: 116.14ms
[3154.294s][info][gc,phases      ] GC(658)   Post Evacuate Collection Set: 0.87ms
[3154.294s][info][gc,phases      ] GC(658)   Other: 0.13ms
[3154.294s][info][gc,heap        ] GC(658) Eden regions: 1121->0(1117)
[3154.294s][info][gc,heap        ] GC(658) Survivor regions: 107->111(154)
[3154.294s][info][gc,heap        ] GC(658) Old regions: 474->505
[3154.294s][info][gc,heap        ] GC(658) Humongous regions: 80->80
[3154.294s][info][gc,metaspace   ] GC(658) Metaspace: 28947K(29376K)->28947K(29376K) NonClass: 24076K(24256K)->24076K(24256K) Class: 4870K(5120K)->4870K(5120K)
[3154.294s][info][gc             ] GC(658) Pause Young (Concurrent Start) (G1 Evacuation Pause) 3562M->1390M(4096M) 118.099ms
[3154.294s][info][gc             ] GC(659) Concurrent Mark Cycle
[3154.294s][info][gc,marking     ] GC(659) Concurrent Scan Root Regions
[3154.294s][info][gc,cpu         ] GC(658) User=0.71s Sys=0.00s Real=0.12s
[3154.410s][info][gc,marking     ] GC(659) Concurrent Scan Root Regions 115.141ms
[3154.410s][info][gc,marking     ] GC(659) Concurrent Mark
[3154.410s][info][gc,marking     ] GC(659) Concurrent Mark From Roots
[3154.410s][info][gc,task        ] GC(659) Using 2 workers of 2 for marking
.[3154.975s][info][gc,marking     ] GC(659) Concurrent Mark From Roots 565.712ms
[3154.975s][info][gc,marking     ] GC(659) Concurrent Preclean
[3154.976s][info][gc,marking     ] GC(659) Concurrent Preclean 0.677ms
[3154.976s][info][gc,start       ] GC(659) Pause Remark
[3154.981s][info][gc             ] GC(659) Pause Remark 1870M->1870M(4096M) 4.750ms
[3154.981s][info][gc,cpu         ] GC(659) User=0.02s Sys=0.00s Real=0.00s
[3154.982s][info][gc,marking     ] GC(659) Concurrent Mark 571.937ms
[3154.982s][info][gc,marking     ] GC(659) Concurrent Rebuild Remembered Sets and Scrub Regions
[3155.186s][info][gc,marking     ] GC(659) Concurrent Rebuild Remembered Sets and Scrub Regions 204.444ms
[3155.186s][info][gc,start       ] GC(659) Pause Cleanup
[3155.187s][info][gc             ] GC(659) Pause Cleanup 1997M->1997M(4096M) 0.111ms
[3155.187s][info][gc,cpu         ] GC(659) User=0.00s Sys=0.00s Real=0.00s
[3155.187s][info][gc,marking     ] GC(659) Concurrent Clear Claimed Marks
[3155.187s][info][gc,marking     ] GC(659) Concurrent Clear Claimed Marks 0.040ms
[3155.187s][info][gc,marking     ] GC(659) Concurrent Cleanup for Next Mark
[3155.191s][info][gc,marking     ] GC(659) Concurrent Cleanup for Next Mark 4.587ms
[3155.191s][info][gc             ] GC(659) Concurrent Mark Cycle 896.896ms
...[3157.687s][info][gc,start       ] GC(660) Pause Young (Prepare Mixed) (G1 Evacuation Pause)
[3157.687s][info][gc,task        ] GC(660) Using 6 workers of 6 for evacuation
[3157.801s][info][gc,phases      ] GC(660)   Pre Evacuate Collection Set: 0.32ms
[3157.801s][info][gc,phases      ] GC(660)   Merge Heap Roots: 0.55ms
[3157.801s][info][gc,phases      ] GC(660)   Evacuate Collection Set: 112.24ms
[3157.801s][info][gc,phases      ] GC(660)   Post Evacuate Collection Set: 0.91ms
[3157.801s][info][gc,phases      ] GC(660)   Other: 0.10ms
[3157.801s][info][gc,heap        ] GC(660) Eden regions: 1117->0(1114)
[3157.801s][info][gc,heap        ] GC(660) Survivor regions: 111->107(154)
[3157.801s][info][gc,heap        ] GC(660) Old regions: 505->537
[3157.801s][info][gc,heap        ] GC(660) Humongous regions: 80->80
[3157.801s][info][gc,metaspace   ] GC(660) Metaspace: 28947K(29376K)->28947K(29376K) NonClass: 24076K(24256K)->24076K(24256K) Class: 4870K(5120K)->4870K(5120K)
[3157.801s][info][gc             ] GC(660) Pause Young (Prepare Mixed) (G1 Evacuation Pause) 3624M->1446M(4096M) 114.265ms
[3157.801s][info][gc,cpu         ] GC(660) User=0.68s Sys=0.00s Real=0.11s
... (rIR:aIR:PR = 5396:5395:5395) (tPR = 80543) [OK] 
  3160s: Performance info:
         Transaction,    Success,    Partial,     Failed,   Receipts, AvgBarcode, 
             Overall,     324550,          0,          0,     308310,      59.48, 
         Response times:
             Request,    Success,    Partial,     Failed,   SkipFail,     Probes,    Samples,      min,      p50,      p90,      p95,      p99,      max, 
       TotalPurchase,     308301,          0,          0,          0,     302565,     328800,      300,     4200,     9000,    19300,    63000,   231000,
     InStorePurchase,     162268,          0,          0,          0,     159682,     173246,      300,     4200,     9000,    19400,    62000,   231000,
      OnlinePurchase,     113579,          0,          0,          0,     111371,     121001,      300,     4200,     9000,    19100,    64000,   212000,
        InstPurchase,      32454,          0,          0,          0,      31512,      34553,      400,     4200,     8800,    19730,    66460,   167000,
          AssocOfCat,        326,          0,          0,          0,        258,        350,    24000,    34000,    51900,    71900,   154430,   187000,
      AssocOfProduct,       3251,          0,          0,          0,       3015,       3451,      400,     4800,     9900,    22000,    75000,   149000,
      BusinessReport,        820,          0,          0,          0,        694,        851,    28000,    39000,    64800,    86000,   168440,   236000,
          CustBuyBeh,       3245,          0,          0,          0,       3059,       3531,      200,     3900,     8700,    18000,    58040,   132000,
       ProductReturn,       8597,          0,          0,          0,       8187,       9161,      200,     4000,     8400,    16900,    54000,   198000,

  3160s: (40%)   IR =   5535 [3161.080s][info][gc,start       ] GC(661) Pause Young (Mixed) (G1 Evacuation Pause)
[3161.080s][info][gc,task        ] GC(661) Using 6 workers of 6 for evacuation
[3161.212s][info][gc,phases      ] GC(661)   Pre Evacuate Collection Set: 0.38ms
[3161.212s][info][gc,phases      ] GC(661)   Merge Heap Roots: 0.60ms
[3161.212s][info][gc,phases      ] GC(661)   Evacuate Collection Set: 129.93ms
[3161.212s][info][gc,phases      ] GC(661)   Post Evacuate Collection Set: 1.00ms
[3161.212s][info][gc,phases      ] GC(661)   Other: 0.09ms
[3161.212s][info][gc,heap        ] GC(661) Eden regions: 1114->0(1117)
[3161.212s][info][gc,heap        ] GC(661) Survivor regions: 107->111(153)
[3161.212s][info][gc,heap        ] GC(661) Old regions: 537->472
[3161.212s][info][gc,heap        ] GC(661) Humongous regions: 80->80
[3161.212s][info][gc,metaspace   ] GC(661) Metaspace: 28947K(29376K)->28947K(29376K) NonClass: 24076K(24256K)->24076K(24256K) Class: 4870K(5120K)->4870K(5120K)
[3161.212s][info][gc             ] GC(661) Pause Young (Mixed) (G1 Evacuation Pause) 3674M->1324M(4096M) 132.139ms
[3161.212s][info][gc,cpu         ] GC(661) User=0.78s Sys=0.00s Real=0.13s
...[3164.491s][info][gc,start       ] GC(662) Pause Young (Concurrent Start) (G1 Evacuation Pause)
[3164.491s][info][gc,task        ] GC(662) Using 6 workers of 6 for evacuation
[3164.606s][info][gc,phases      ] GC(662)   Pre Evacuate Collection Set: 0.39ms
[3164.606s][info][gc,phases      ] GC(662)   Merge Heap Roots: 0.45ms
[3164.606s][info][gc,phases      ] GC(662)   Evacuate Collection Set: 113.26ms
[3164.606s][info][gc,phases      ] GC(662)   Post Evacuate Collection Set: 0.89ms
[3164.606s][info][gc,phases      ] GC(662)   Other: 0.12ms
[3164.606s][info][gc,heap        ] GC(662) Eden regions: 1117->0(1119)
[3164.606s][info][gc,heap        ] GC(662) Survivor regions: 111->109(154)
[3164.606s][info][gc,heap        ] GC(662) Old regions: 472->504
[3164.606s][info][gc,heap        ] GC(662) Humongous regions: 80->80
[3164.606s][info][gc,metaspace   ] GC(662) Metaspace: 28948K(29376K)->28948K(29376K) NonClass: 24078K(24256K)->24078K(24256K) Class: 4870K(5120K)->4870K(5120K)
[3164.606s][info][gc             ] GC(662) Pause Young (Concurrent Start) (G1 Evacuation Pause) 3558M->1384M(4096M) 115.266ms
[3164.606s][info][gc             ] GC(663) Concurrent Mark Cycle
[3164.606s][info][gc,marking     ] GC(663) Concurrent Scan Root Regions
[3164.606s][info][gc,cpu         ] GC(662) User=0.69s Sys=0.00s Real=0.12s
.[3164.784s][info][gc,marking     ] GC(663) Concurrent Scan Root Regions 177.985ms
[3164.784s][info][gc,marking     ] GC(663) Concurrent Mark
[3164.784s][info][gc,marking     ] GC(663) Concurrent Mark From Roots
[3164.784s][info][gc,task        ] GC(663) Using 2 workers of 2 for marking
.[3165.737s][info][gc,marking     ] GC(663) Concurrent Mark From Roots 952.709ms
[3165.737s][info][gc,marking     ] GC(663) Concurrent Preclean
[3165.737s][info][gc,marking     ] GC(663) Concurrent Preclean 0.462ms
[3165.737s][info][gc,start       ] GC(663) Pause Remark
[3165.743s][info][gc             ] GC(663) Pause Remark 2172M->2172M(4096M) 5.326ms
[3165.743s][info][gc,cpu         ] GC(663) User=0.02s Sys=0.00s Real=0.00s
[3165.743s][info][gc,marking     ] GC(663) Concurrent Mark 958.992ms
[3165.743s][info][gc,marking     ] GC(663) Concurrent Rebuild Remembered Sets and Scrub Regions
[3166.002s][info][gc,marking     ] GC(663) Concurrent Rebuild Remembered Sets and Scrub Regions 259.171ms
[3166.002s][info][gc,start       ] GC(663) Pause Cleanup
[3166.002s][info][gc             ] GC(663) Pause Cleanup 2358M->2358M(4096M) 0.102ms
[3166.002s][info][gc,cpu         ] GC(663) User=0.00s Sys=0.00s Real=0.00s
[3166.002s][info][gc,marking     ] GC(663) Concurrent Clear Claimed Marks
[3166.002s][info][gc,marking     ] GC(663) Concurrent Clear Claimed Marks 0.023ms
[3166.002s][info][gc,marking     ] GC(663) Concurrent Cleanup for Next Mark
[3166.006s][info][gc,marking     ] GC(663) Concurrent Cleanup for Next Mark 3.190ms
[3166.006s][info][gc             ] GC(663) Concurrent Mark Cycle 1399.779ms
..|[3167.919s][info][gc,start       ] GC(664) Pause Young (Prepare Mixed) (G1 Evacuation Pause)
[3167.919s][info][gc,task        ] GC(664) Using 6 workers of 6 for evacuation
[3168.033s][info][gc,phases      ] GC(664)   Pre Evacuate Collection Set: 0.32ms
[3168.033s][info][gc,phases      ] GC(664)   Merge Heap Roots: 0.49ms
[3168.033s][info][gc,phases      ] GC(664)   Evacuate Collection Set: 112.45ms
[3168.033s][info][gc,phases      ] GC(664)   Post Evacuate Collection Set: 0.89ms
[3168.033s][info][gc,phases      ] GC(664)   Other: 0.08ms
[3168.033s][info][gc,heap        ] GC(664) Eden regions: 1119->0(1114)
[3168.033s][info][gc,heap        ] GC(664) Survivor regions: 109->108(154)
[3168.033s][info][gc,heap        ] GC(664) Old regions: 504->535
[3168.033s][info][gc,heap        ] GC(664) Humongous regions: 80->80
[3168.033s][info][gc,metaspace   ] GC(664) Metaspace: 28948K(29376K)->28948K(29376K) NonClass: 24078K(24256K)->24078K(24256K) Class: 4870K(5120K)->4870K(5120K)
[3168.033s][info][gc             ] GC(664) Pause Young (Prepare Mixed) (G1 Evacuation Pause) 3622M->1445M(4096M) 114.358ms
[3168.033s][info][gc,cpu         ] GC(664) User=0.68s Sys=0.00s Real=0.11s
...[3171.308s][info][gc,start       ] GC(665) Pause Young (Mixed) (G1 Evacuation Pause)
[3171.308s][info][gc,task        ] GC(665) Using 6 workers of 6 for evacuation
[3171.443s][info][gc,phases      ] GC(665)   Pre Evacuate Collection Set: 0.35ms
[3171.444s][info][gc,phases      ] GC(665)   Merge Heap Roots: 0.69ms
[3171.444s][info][gc,phases      ] GC(665)   Evacuate Collection Set: 133.52ms
[3171.444s][info][gc,phases      ] GC(665)   Post Evacuate Collection Set: 0.97ms
[3171.444s][info][gc,phases      ] GC(665)   Other: 0.09ms
[3171.444s][info][gc,heap        ] GC(665) Eden regions: 1114->0(1115)
[3171.444s][info][gc,heap        ] GC(665) Survivor regions: 108->113(153)
[3171.444s][info][gc,heap        ] GC(665) Old regions: 535->472
[3171.444s][info][gc,heap        ] GC(665) Humongous regions: 80->80
[3171.444s][info][gc,metaspace   ] GC(665) Metaspace: 28948K(29376K)->28948K(29376K) NonClass: 24078K(24256K)->24078K(24256K) Class: 4870K(5120K)->4870K(5120K)
[3171.444s][info][gc             ] GC(665) Pause Young (Mixed) (G1 Evacuation Pause) 3673M->1328M(4096M) 135.740ms
[3171.444s][info][gc,cpu         ] GC(665) User=0.80s Sys=0.00s Real=0.14s
....[3174.749s][info][gc,start       ] GC(666) Pause Young (Concurrent Start) (G1 Evacuation Pause)
[3174.749s][info][gc,task        ] GC(666) Using 6 workers of 6 for evacuation
[3174.866s][info][gc,phases      ] GC(666)   Pre Evacuate Collection Set: 0.39ms
[3174.866s][info][gc,phases      ] GC(666)   Merge Heap Roots: 0.46ms
[3174.866s][info][gc,phases      ] GC(666)   Evacuate Collection Set: 115.11ms
[3174.866s][info][gc,phases      ] GC(666)   Post Evacuate Collection Set: 0.83ms
[3174.866s][info][gc,phases      ] GC(666)   Other: 0.10ms
[3174.866s][info][gc,heap        ] GC(666) Eden regions: 1115->0(1119)
[3174.866s][info][gc,heap        ] GC(666) Survivor regions: 113->109(154)
[3174.866s][info][gc,heap        ] GC(666) Old regions: 472->504
[3174.866s][info][gc,heap        ] GC(666) Humongous regions: 80->80
[3174.866s][info][gc,metaspace   ] GC(666) Metaspace: 28948K(29376K)->28948K(29376K) NonClass: 24078K(24256K)->24078K(24256K) Class: 4870K(5120K)->4870K(5120K)
[3174.866s][info][gc             ] GC(666) Pause Young (Concurrent Start) (G1 Evacuation Pause) 3558M->1385M(4096M) 117.018ms
[3174.866s][info][gc             ] GC(667) Concurrent Mark Cycle
[3174.866s][info][gc,marking     ] GC(667) Concurrent Scan Root Regions
[3174.866s][info][gc,cpu         ] GC(666) User=0.70s Sys=0.00s Real=0.12s
[3175.015s][info][gc,marking     ] GC(667) Concurrent Scan Root Regions 149.582ms
[3175.015s][info][gc,marking     ] GC(667) Concurrent Mark
[3175.015s][info][gc,marking     ] GC(667) Concurrent Mark From Roots
[3175.015s][info][gc,task        ] GC(667) Using 2 workers of 2 for marking
.[3175.701s][info][gc,marking     ] GC(667) Concurrent Mark From Roots 685.211ms
[3175.701s][info][gc,marking     ] GC(667) Concurrent Preclean
[3175.701s][info][gc,marking     ] GC(667) Concurrent Preclean 0.308ms
[3175.701s][info][gc,start       ] GC(667) Pause Remark
[3175.706s][info][gc             ] GC(667) Pause Remark 2023M->2023M(4096M) 5.020ms
[3175.706s][info][gc,cpu         ] GC(667) User=0.03s Sys=0.00s Real=0.01s
[3175.706s][info][gc,marking     ] GC(667) Concurrent Mark 691.051ms
[3175.706s][info][gc,marking     ] GC(667) Concurrent Rebuild Remembered Sets and Scrub Regions
[3175.997s][info][gc,marking     ] GC(667) Concurrent Rebuild Remembered Sets and Scrub Regions 290.392ms
[3175.997s][info][gc,start       ] GC(667) Pause Cleanup
[3175.997s][info][gc             ] GC(667) Pause Cleanup 2215M->2215M(4096M) 0.093ms
[3175.997s][info][gc,cpu         ] GC(667) User=0.00s Sys=0.00s Real=0.00s
[3175.997s][info][gc,marking     ] GC(667) Concurrent Clear Claimed Marks
[3175.997s][info][gc,marking     ] GC(667) Concurrent Clear Claimed Marks 0.024ms
[3175.997s][info][gc,marking     ] GC(667) Concurrent Cleanup for Next Mark
[3176.002s][info][gc,marking     ] GC(667) Concurrent Cleanup for Next Mark 4.472ms
[3176.002s][info][gc             ] GC(667) Concurrent Mark Cycle 1135.929ms
..[3178.093s][info][gc,start       ] GC(668) Pause Young (Prepare Mixed) (G1 Evacuation Pause)
[3178.093s][info][gc,task        ] GC(668) Using 6 workers of 6 for evacuation
[3178.210s][info][gc,phases      ] GC(668)   Pre Evacuate Collection Set: 0.28ms
[3178.210s][info][gc,phases      ] GC(668)   Merge Heap Roots: 0.53ms
[3178.210s][info][gc,phases      ] GC(668)   Evacuate Collection Set: 115.23ms
[3178.210s][info][gc,phases      ] GC(668)   Post Evacuate Collection Set: 0.89ms
[3178.210s][info][gc,phases      ] GC(668)   Other: 0.09ms
[3178.210s][info][gc,heap        ] GC(668) Eden regions: 1119->0(1109)
[3178.210s][info][gc,heap        ] GC(668) Survivor regions: 109->110(154)
[3178.210s][info][gc,heap        ] GC(668) Old regions: 504->536
[3178.210s][info][gc,heap        ] GC(668) Humongous regions: 80->80
[3178.210s][info][gc,metaspace   ] GC(668) Metaspace: 28948K(29376K)->28948K(29376K) NonClass: 24078K(24256K)->24078K(24256K) Class: 4870K(5120K)->4870K(5120K)
[3178.210s][info][gc             ] GC(668) Pause Young (Prepare Mixed) (G1 Evacuation Pause) 3623M->1450M(4096M) 117.139ms
[3178.210s][info][gc,cpu         ] GC(668) User=0.70s Sys=0.00s Real=0.12s
...[3181.487s][info][gc,start       ] GC(669) Pause Young (Mixed) (G1 Evacuation Pause)
[3181.487s][info][gc,task        ] GC(669) Using 6 workers of 6 for evacuation
[3181.622s][info][gc,phases      ] GC(669)   Pre Evacuate Collection Set: 0.37ms
[3181.622s][info][gc,phases      ] GC(669)   Merge Heap Roots: 0.67ms
[3181.622s][info][gc,phases      ] GC(669)   Evacuate Collection Set: 132.65ms
[3181.622s][info][gc,phases      ] GC(669)   Post Evacuate Collection Set: 0.90ms
[3181.622s][info][gc,phases      ] GC(669)   Other: 0.09ms
[3181.622s][info][gc,heap        ] GC(669) Eden regions: 1109->0(1117)
[3181.622s][info][gc,heap        ] GC(669) Survivor regions: 110->111(153)
[3181.622s][info][gc,heap        ] GC(669) Old regions: 536->473
[3181.622s][info][gc,heap        ] GC(669) Humongous regions: 80->80
[3181.622s][info][gc,metaspace   ] GC(669) Metaspace: 28948K(29376K)->28948K(29376K) NonClass: 24078K(24256K)->24078K(24256K) Class: 4870K(5120K)->4870K(5120K)
[3181.622s][info][gc             ] GC(669) Pause Young (Mixed) (G1 Evacuation Pause) 3668M->1325M(4096M) 134.798ms
[3181.622s][info][gc,cpu         ] GC(669) User=0.80s Sys=0.00s Real=0.13s
....[3184.844s][info][gc,start       ] GC(670) Pause Young (Concurrent Start) (G1 Evacuation Pause)
[3184.844s][info][gc,task        ] GC(670) Using 6 workers of 6 for evacuation
[3184.959s][info][gc,phases      ] GC(670)   Pre Evacuate Collection Set: 0.36ms
[3184.959s][info][gc,phases      ] GC(670)   Merge Heap Roots: 0.45ms
[3184.959s][info][gc,phases      ] GC(670)   Evacuate Collection Set: 112.85ms
[3184.959s][info][gc,phases      ] GC(670)   Post Evacuate Collection Set: 0.89ms
[3184.959s][info][gc,phases      ] GC(670)   Other: 0.11ms
[3184.959s][info][gc,heap        ] GC(670) Eden regions: 1117->0(1120)
[3184.959s][info][gc,heap        ] GC(670) Survivor regions: 111->108(154)
[3184.959s][info][gc,heap        ] GC(670) Old regions: 473->504
[3184.959s][info][gc,heap        ] GC(670) Humongous regions: 80->80
[3184.959s][info][gc,metaspace   ] GC(670) Metaspace: 28948K(29376K)->28948K(29376K) NonClass: 24078K(24256K)->24078K(24256K) Class: 4870K(5120K)->4870K(5120K)
[3184.959s][info][gc             ] GC(670) Pause Young (Concurrent Start) (G1 Evacuation Pause) 3559M->1381M(4096M) 114.774ms
[3184.959s][info][gc             ] GC(671) Concurrent Mark Cycle
[3184.959s][info][gc,marking     ] GC(671) Concurrent Scan Root Regions
[3184.959s][info][gc,cpu         ] GC(670) User=0.68s Sys=0.00s Real=0.11s
[3185.141s][info][gc,marking     ] GC(671) Concurrent Scan Root Regions 182.373ms
[3185.141s][info][gc,marking     ] GC(671) Concurrent Mark
[3185.141s][info][gc,marking     ] GC(671) Concurrent Mark From Roots
[3185.141s][info][gc,task        ] GC(671) Using 2 workers of 2 for marking
.[3185.825s][info][gc,marking     ] GC(671) Concurrent Mark From Roots 684.245ms
[3185.825s][info][gc,marking     ] GC(671) Concurrent Preclean
[3185.826s][info][gc,marking     ] GC(671) Concurrent Preclean 0.107ms
[3185.826s][info][gc,start       ] GC(671) Pause Remark
[3185.830s][info][gc             ] GC(671) Pause Remark 2010M->2010M(4096M) 4.470ms
[3185.830s][info][gc,cpu         ] GC(671) User=0.02s Sys=0.00s Real=0.00s
[3185.830s][info][gc,marking     ] GC(671) Concurrent Mark 689.088ms
[3185.830s][info][gc,marking     ] GC(671) Concurrent Rebuild Remembered Sets and Scrub Regions
[3186.118s][info][gc,marking     ] GC(671) Concurrent Rebuild Remembered Sets and Scrub Regions 287.941ms
[3186.118s][info][gc,start       ] GC(671) Pause Cleanup
[3186.119s][info][gc             ] GC(671) Pause Cleanup 2220M->2220M(4096M) 0.115ms
[3186.119s][info][gc,cpu         ] GC(671) User=0.00s Sys=0.00s Real=0.00s
[3186.119s][info][gc,marking     ] GC(671) Concurrent Clear Claimed Marks
[3186.119s][info][gc,marking     ] GC(671) Concurrent Clear Claimed Marks 0.025ms
[3186.119s][info][gc,marking     ] GC(671) Concurrent Cleanup for Next Mark
[3186.124s][info][gc,marking     ] GC(671) Concurrent Cleanup for Next Mark 4.903ms
[3186.124s][info][gc             ] GC(671) Concurrent Mark Cycle 1164.827ms
..[3188.223s][info][gc,start       ] GC(672) Pause Young (Prepare Mixed) (G1 Evacuation Pause)
[3188.223s][info][gc,task        ] GC(672) Using 6 workers of 6 for evacuation
[3188.340s][info][gc,phases      ] GC(672)   Pre Evacuate Collection Set: 0.35ms
[3188.340s][info][gc,phases      ] GC(672)   Merge Heap Roots: 0.54ms
[3188.340s][info][gc,phases      ] GC(672)   Evacuate Collection Set: 114.99ms
[3188.340s][info][gc,phases      ] GC(672)   Post Evacuate Collection Set: 0.90ms
[3188.340s][info][gc,phases      ] GC(672)   Other: 0.09ms
[3188.340s][info][gc,heap        ] GC(672) Eden regions: 1120->0(1110)
[3188.340s][info][gc,heap        ] GC(672) Survivor regions: 108->110(154)
[3188.340s][info][gc,heap        ] GC(672) Old regions: 504->535
[3188.340s][info][gc,heap        ] GC(672) Humongous regions: 80->80
[3188.340s][info][gc,metaspace   ] GC(672) Metaspace: 28948K(29376K)->28948K(29376K) NonClass: 24078K(24256K)->24078K(24256K) Class: 4870K(5120K)->4870K(5120K)
[3188.340s][info][gc             ] GC(672) Pause Young (Prepare Mixed) (G1 Evacuation Pause) 3621M->1449M(4096M) 116.993ms
[3188.340s][info][gc,cpu         ] GC(672) User=0.70s Sys=0.00s Real=0.12s
...[3191.664s][info][gc,start       ] GC(673) Pause Young (Mixed) (G1 Evacuation Pause)
[3191.664s][info][gc,task        ] GC(673) Using 6 workers of 6 for evacuation
[3191.799s][info][gc,phases      ] GC(673)   Pre Evacuate Collection Set: 0.37ms
[3191.799s][info][gc,phases      ] GC(673)   Merge Heap Roots: 0.66ms
[3191.799s][info][gc,phases      ] GC(673)   Evacuate Collection Set: 133.54ms
[3191.799s][info][gc,phases      ] GC(673)   Post Evacuate Collection Set: 0.93ms
[3191.799s][info][gc,phases      ] GC(673)   Other: 0.09ms
[3191.799s][info][gc,heap        ] GC(673) Eden regions: 1110->0(1116)
[3191.799s][info][gc,heap        ] GC(673) Survivor regions: 110->112(153)
[3191.799s][info][gc,heap        ] GC(673) Old regions: 535->472
[3191.799s][info][gc,heap        ] GC(673) Humongous regions: 80->80
[3191.799s][info][gc,metaspace   ] GC(673) Metaspace: 28948K(29376K)->28948K(29376K) NonClass: 24078K(24256K)->24078K(24256K) Class: 4870K(5120K)->4870K(5120K)
[3191.799s][info][gc             ] GC(673) Pause Young (Mixed) (G1 Evacuation Pause) 3669M->1326M(4096M) 135.725ms
[3191.800s][info][gc,cpu         ] GC(673) User=0.81s Sys=0.00s Real=0.13s
....[3195.048s][info][gc,start       ] GC(674) Pause Young (Concurrent Start) (G1 Evacuation Pause)
[3195.048s][info][gc,task        ] GC(674) Using 6 workers of 6 for evacuation
[3195.162s][info][gc,phases      ] GC(674)   Pre Evacuate Collection Set: 0.40ms
[3195.162s][info][gc,phases      ] GC(674)   Merge Heap Roots: 0.48ms
[3195.162s][info][gc,phases      ] GC(674)   Evacuate Collection Set: 112.90ms
[3195.162s][info][gc,phases      ] GC(674)   Post Evacuate Collection Set: 0.85ms
[3195.162s][info][gc,phases      ] GC(674)   Other: 0.12ms
[3195.162s][info][gc,heap        ] GC(674) Eden regions: 1116->0(1120)
[3195.163s][info][gc,heap        ] GC(674) Survivor regions: 112->108(154)
[3195.163s][info][gc,heap        ] GC(674) Old regions: 472->504
[3195.163s][info][gc,heap        ] GC(674) Humongous regions: 80->80
[3195.163s][info][gc,metaspace   ] GC(674) Metaspace: 28948K(29376K)->28948K(29376K) NonClass: 24078K(24256K)->24078K(24256K) Class: 4870K(5120K)->4870K(5120K)
[3195.163s][info][gc             ] GC(674) Pause Young (Concurrent Start) (G1 Evacuation Pause) 3558M->1381M(4096M) 114.886ms
[3195.163s][info][gc             ] GC(675) Concurrent Mark Cycle
[3195.163s][info][gc,marking     ] GC(675) Concurrent Scan Root Regions
[3195.163s][info][gc,cpu         ] GC(674) User=0.68s Sys=0.00s Real=0.11s
[3195.334s][info][gc,marking     ] GC(675) Concurrent Scan Root Regions 171.908ms
[3195.335s][info][gc,marking     ] GC(675) Concurrent Mark
[3195.335s][info][gc,marking     ] GC(675) Concurrent Mark From Roots
[3195.335s][info][gc,task        ] GC(675) Using 2 workers of 2 for marking
.[3196.063s][info][gc,marking     ] GC(675) Concurrent Mark From Roots 728.264ms
[3196.063s][info][gc,marking     ] GC(675) Concurrent Preclean
[3196.063s][info][gc,marking     ] GC(675) Concurrent Preclean 0.290ms
[3196.063s][info][gc,start       ] GC(675) Pause Remark
[3196.068s][info][gc             ] GC(675) Pause Remark 1997M->1997M(4096M) 5.109ms
[3196.068s][info][gc,cpu         ] GC(675) User=0.03s Sys=0.00s Real=0.00s
[3196.068s][info][gc,marking     ] GC(675) Concurrent Mark 733.920ms
[3196.068s][info][gc,marking     ] GC(675) Concurrent Rebuild Remembered Sets and Scrub Regions
[3196.312s][info][gc,marking     ] GC(675) Concurrent Rebuild Remembered Sets and Scrub Regions 243.490ms
[3196.312s][info][gc,start       ] GC(675) Pause Cleanup
[3196.312s][info][gc             ] GC(675) Pause Cleanup 2177M->2177M(4096M) 0.102ms
[3196.312s][info][gc,cpu         ] GC(675) User=0.00s Sys=0.00s Real=0.00s
[3196.315s][info][gc,marking     ] GC(675) Concurrent Clear Claimed Marks
[3196.315s][info][gc,marking     ] GC(675) Concurrent Clear Claimed Marks 0.062ms
[3196.315s][info][gc,marking     ] GC(675) Concurrent Cleanup for Next Mark
[3196.322s][info][gc,marking     ] GC(675) Concurrent Cleanup for Next Mark 7.027ms
[3196.322s][info][gc             ] GC(675) Concurrent Mark Cycle 1159.475ms
..[3198.424s][info][gc,start       ] GC(676) Pause Young (Prepare Mixed) (G1 Evacuation Pause)
[3198.424s][info][gc,task        ] GC(676) Using 6 workers of 6 for evacuation
[3198.540s][info][gc,phases      ] GC(676)   Pre Evacuate Collection Set: 0.33ms
[3198.540s][info][gc,phases      ] GC(676)   Merge Heap Roots: 0.48ms
[3198.540s][info][gc,phases      ] GC(676)   Evacuate Collection Set: 114.17ms
[3198.540s][info][gc,phases      ] GC(676)   Post Evacuate Collection Set: 0.89ms
[3198.540s][info][gc,phases      ] GC(676)   Other: 0.10ms
[3198.540s][info][gc,heap        ] GC(676) Eden regions: 1120->0(1111)
[3198.540s][info][gc,heap        ] GC(676) Survivor regions: 108->109(154)
[3198.540s][info][gc,heap        ] GC(676) Old regions: 504->536
[3198.540s][info][gc,heap        ] GC(676) Humongous regions: 80->80
[3198.540s][info][gc,metaspace   ] GC(676) Metaspace: 28948K(29376K)->28948K(29376K) NonClass: 24078K(24256K)->24078K(24256K) Class: 4870K(5120K)->4870K(5120K)
[3198.540s][info][gc             ] GC(676) Pause Young (Prepare Mixed) (G1 Evacuation Pause) 3621M->1449M(4096M) 116.099ms
[3198.540s][info][gc,cpu         ] GC(676) User=0.69s Sys=0.01s Real=0.11s
....[3201.844s][info][gc,start       ] GC(677) Pause Young (Mixed) (G1 Evacuation Pause)
[3201.844s][info][gc,task        ] GC(677) Using 6 workers of 6 for evacuation
[3201.973s][info][gc,phases      ] GC(677)   Pre Evacuate Collection Set: 0.34ms
[3201.973s][info][gc,phases      ] GC(677)   Merge Heap Roots: 0.74ms
[3201.973s][info][gc,phases      ] GC(677)   Evacuate Collection Set: 126.83ms
[3201.973s][info][gc,phases      ] GC(677)   Post Evacuate Collection Set: 0.92ms
[3201.973s][info][gc,phases      ] GC(677)   Other: 0.08ms
[3201.973s][info][gc,heap        ] GC(677) Eden regions: 1111->0(1119)
[3201.973s][info][gc,heap        ] GC(677) Survivor regions: 109->109(153)
[3201.973s][info][gc,heap        ] GC(677) Old regions: 536->473
[3201.973s][info][gc,heap        ] GC(677) Humongous regions: 80->80
[3201.973s][info][gc,metaspace   ] GC(677) Metaspace: 28948K(29376K)->28948K(29376K) NonClass: 24078K(24256K)->24078K(24256K) Class: 4870K(5120K)->4870K(5120K)
[3201.973s][info][gc             ] GC(677) Pause Young (Mixed) (G1 Evacuation Pause) 3671M->1321M(4096M) 129.053ms
[3201.973s][info][gc,cpu         ] GC(677) User=0.77s Sys=0.00s Real=0.12s
...[3205.202s][info][gc,start       ] GC(678) Pause Young (Concurrent Start) (G1 Evacuation Pause)
[3205.202s][info][gc,task        ] GC(678) Using 6 workers of 6 for evacuation
[3205.318s][info][gc,phases      ] GC(678)   Pre Evacuate Collection Set: 0.38ms
[3205.318s][info][gc,phases      ] GC(678)   Merge Heap Roots: 0.47ms
[3205.318s][info][gc,phases      ] GC(678)   Evacuate Collection Set: 113.91ms
[3205.318s][info][gc,phases      ] GC(678)   Post Evacuate Collection Set: 0.86ms
[3205.318s][info][gc,phases      ] GC(678)   Other: 0.12ms
[3205.318s][info][gc,heap        ] GC(678) Eden regions: 1119->0(1118)
[3205.318s][info][gc,heap        ] GC(678) Survivor regions: 109->110(154)
[3205.318s][info][gc,heap        ] GC(678) Old regions: 473->505
[3205.318s][info][gc,heap        ] GC(678) Humongous regions: 80->80
[3205.318s][info][gc,metaspace   ] GC(678) Metaspace: 28948K(29376K)->28948K(29376K) NonClass: 24078K(24256K)->24078K(24256K) Class: 4870K(5120K)->4870K(5120K)
[3205.318s][info][gc             ] GC(678) Pause Young (Concurrent Start) (G1 Evacuation Pause) 3559M->1388M(4096M) 115.869ms
[3205.318s][info][gc             ] GC(679) Concurrent Mark Cycle
[3205.318s][info][gc,marking     ] GC(679) Concurrent Scan Root Regions
[3205.318s][info][gc,cpu         ] GC(678) User=0.69s Sys=0.00s Real=0.12s
[3205.478s][info][gc,marking     ] GC(679) Concurrent Scan Root Regions 159.928ms
[3205.478s][info][gc,marking     ] GC(679) Concurrent Mark
[3205.478s][info][gc,marking     ] GC(679) Concurrent Mark From Roots
[3205.478s][info][gc,task        ] GC(679) Using 2 workers of 2 for marking
.[3206.132s][info][gc,marking     ] GC(679) Concurrent Mark From Roots 653.691ms
[3206.132s][info][gc,marking     ] GC(679) Concurrent Preclean
[3206.132s][info][gc,marking     ] GC(679) Concurrent Preclean 0.207ms
[3206.132s][info][gc,start       ] GC(679) Pause Remark
[3206.138s][info][gc             ] GC(679) Pause Remark 2003M->2003M(4096M) 5.553ms
[3206.138s][info][gc,cpu         ] GC(679) User=0.03s Sys=0.00s Real=0.01s
[3206.138s][info][gc,marking     ] GC(679) Concurrent Mark 659.682ms
[3206.138s][info][gc,marking     ] GC(679) Concurrent Rebuild Remembered Sets and Scrub Regions
[3206.345s][info][gc,marking     ] GC(679) Concurrent Rebuild Remembered Sets and Scrub Regions 206.958ms
[3206.346s][info][gc,start       ] GC(679) Pause Cleanup
[3206.346s][info][gc             ] GC(679) Pause Cleanup 2150M->2150M(4096M) 0.118ms
[3206.346s][info][gc,cpu         ] GC(679) User=0.00s Sys=0.00s Real=0.00s
[3206.346s][info][gc,marking     ] GC(679) Concurrent Clear Claimed Marks
[3206.346s][info][gc,marking     ] GC(679) Concurrent Clear Claimed Marks 0.033ms
[3206.346s][info][gc,marking     ] GC(679) Concurrent Cleanup for Next Mark
[3206.351s][info][gc,marking     ] GC(679) Concurrent Cleanup for Next Mark 4.914ms
[3206.351s][info][gc             ] GC(679) Concurrent Mark Cycle 1032.815ms
..[3208.655s][info][gc,start       ] GC(680) Pause Young (Prepare Mixed) (G1 Evacuation Pause)
[3208.655s][info][gc,task        ] GC(680) Using 6 workers of 6 for evacuation
[3208.770s][info][gc,phases      ] GC(680)   Pre Evacuate Collection Set: 0.33ms
[3208.770s][info][gc,phases      ] GC(680)   Merge Heap Roots: 0.49ms
[3208.770s][info][gc,phases      ] GC(680)   Evacuate Collection Set: 113.70ms
[3208.770s][info][gc,phases      ] GC(680)   Post Evacuate Collection Set: 0.91ms
[3208.770s][info][gc,phases      ] GC(680)   Other: 0.09ms
[3208.770s][info][gc,heap        ] GC(680) Eden regions: 1118->0(1108)
[3208.770s][info][gc,heap        ] GC(680) Survivor regions: 110->110(154)
[3208.770s][info][gc,heap        ] GC(680) Old regions: 505->537
[3208.770s][info][gc,heap        ] GC(680) Humongous regions: 80->80
[3208.770s][info][gc,metaspace   ] GC(680) Metaspace: 28948K(29376K)->28948K(29376K) NonClass: 24078K(24256K)->24078K(24256K) Class: 4870K(5120K)->4870K(5120K)
[3208.770s][info][gc             ] GC(680) Pause Young (Prepare Mixed) (G1 Evacuation Pause) 3624M->1451M(4096M) 115.655ms
[3208.770s][info][gc,cpu         ] GC(680) User=0.69s Sys=0.00s Real=0.11s
....[3211.945s][info][gc,start       ] GC(681) Pause Young (Mixed) (G1 Evacuation Pause)
[3211.945s][info][gc,task        ] GC(681) Using 6 workers of 6 for evacuation
[3212.078s][info][gc,phases      ] GC(681)   Pre Evacuate Collection Set: 0.35ms
[3212.078s][info][gc,phases      ] GC(681)   Merge Heap Roots: 0.69ms
[3212.078s][info][gc,phases      ] GC(681)   Evacuate Collection Set: 130.59ms
[3212.078s][info][gc,phases      ] GC(681)   Post Evacuate Collection Set: 0.90ms
[3212.078s][info][gc,phases      ] GC(681)   Other: 0.09ms
[3212.078s][info][gc,heap        ] GC(681) Eden regions: 1108->0(1120)
[3212.078s][info][gc,heap        ] GC(681) Survivor regions: 110->108(153)
[3212.078s][info][gc,heap        ] GC(681) Old regions: 537->472
[3212.078s][info][gc,heap        ] GC(681) Humongous regions: 80->80
[3212.078s][info][gc,metaspace   ] GC(681) Metaspace: 28948K(29376K)->28948K(29376K) NonClass: 24078K(24256K)->24078K(24256K) Class: 4870K(5120K)->4870K(5120K)
[3212.078s][info][gc             ] GC(681) Pause Young (Mixed) (G1 Evacuation Pause) 3667M->1318M(4096M) 132.762ms
[3212.078s][info][gc,cpu         ] GC(681) User=0.80s Sys=0.00s Real=0.13s
...[3215.369s][info][gc,start       ] GC(682) Pause Young (Concurrent Start) (G1 Evacuation Pause)
[3215.369s][info][gc,task        ] GC(682) Using 6 workers of 6 for evacuation
[3215.487s][info][gc,phases      ] GC(682)   Pre Evacuate Collection Set: 0.38ms
[3215.487s][info][gc,phases      ] GC(682)   Merge Heap Roots: 0.50ms
[3215.487s][info][gc,phases      ] GC(682)   Evacuate Collection Set: 116.50ms
[3215.487s][info][gc,phases      ] GC(682)   Post Evacuate Collection Set: 0.86ms
[3215.487s][info][gc,phases      ] GC(682)   Other: 0.13ms
[3215.487s][info][gc,heap        ] GC(682) Eden regions: 1120->0(1117)
[3215.487s][info][gc,heap        ] GC(682) Survivor regions: 108->111(154)
[3215.487s][info][gc,heap        ] GC(682) Old regions: 472->504
[3215.487s][info][gc,heap        ] GC(682) Humongous regions: 80->80
[3215.487s][info][gc,metaspace   ] GC(682) Metaspace: 28948K(29376K)->28948K(29376K) NonClass: 24078K(24256K)->24078K(24256K) Class: 4870K(5120K)->4870K(5120K)
[3215.487s][info][gc             ] GC(682) Pause Young (Concurrent Start) (G1 Evacuation Pause) 3558M->1388M(4096M) 118.491ms
[3215.487s][info][gc             ] GC(683) Concurrent Mark Cycle
[3215.487s][info][gc,marking     ] GC(683) Concurrent Scan Root Regions
[3215.487s][info][gc,cpu         ] GC(682) User=0.70s Sys=0.00s Real=0.12s
[3215.630s][info][gc,marking     ] GC(683) Concurrent Scan Root Regions 142.477ms
[3215.630s][info][gc,marking     ] GC(683) Concurrent Mark
[3215.630s][info][gc,marking     ] GC(683) Concurrent Mark From Roots
[3215.630s][info][gc,task        ] GC(683) Using 2 workers of 2 for marking
.[3216.254s][info][gc,marking     ] GC(683) Concurrent Mark From Roots 623.770ms
[3216.254s][info][gc,marking     ] GC(683) Concurrent Preclean
[3216.254s][info][gc,marking     ] GC(683) Concurrent Preclean 0.210ms
[3216.254s][info][gc,start       ] GC(683) Pause Remark
[3216.258s][info][gc             ] GC(683) Pause Remark 1918M->1918M(4096M) 4.376ms
[3216.258s][info][gc,cpu         ] GC(683) User=0.02s Sys=0.00s Real=0.00s
[3216.258s][info][gc,marking     ] GC(683) Concurrent Mark 628.666ms
[3216.258s][info][gc,marking     ] GC(683) Concurrent Rebuild Remembered Sets and Scrub Regions
[3216.491s][info][gc,marking     ] GC(683) Concurrent Rebuild Remembered Sets and Scrub Regions 232.933ms
[3216.492s][info][gc,start       ] GC(683) Pause Cleanup
[3216.492s][info][gc             ] GC(683) Pause Cleanup 2059M->2059M(4096M) 0.106ms
[3216.492s][info][gc,cpu         ] GC(683) User=0.00s Sys=0.00s Real=0.00s
[3216.492s][info][gc,marking     ] GC(683) Concurrent Clear Claimed Marks
[3216.492s][info][gc,marking     ] GC(683) Concurrent Clear Claimed Marks 0.031ms
[3216.492s][info][gc,marking     ] GC(683) Concurrent Cleanup for Next Mark
[3216.497s][info][gc,marking     ] GC(683) Concurrent Cleanup for Next Mark 4.498ms
[3216.497s][info][gc             ] GC(683) Concurrent Mark Cycle 1009.442ms
..[3218.744s][info][gc,start       ] GC(684) Pause Young (Prepare Mixed) (G1 Evacuation Pause)
[3218.744s][info][gc,task        ] GC(684) Using 6 workers of 6 for evacuation
[3218.858s][info][gc,phases      ] GC(684)   Pre Evacuate Collection Set: 0.33ms
[3218.858s][info][gc,phases      ] GC(684)   Merge Heap Roots: 0.48ms
[3218.858s][info][gc,phases      ] GC(684)   Evacuate Collection Set: 112.19ms
[3218.858s][info][gc,phases      ] GC(684)   Post Evacuate Collection Set: 0.91ms
[3218.858s][info][gc,phases      ] GC(684)   Other: 0.09ms
[3218.858s][info][gc,heap        ] GC(684) Eden regions: 1117->0(1112)
[3218.858s][info][gc,heap        ] GC(684) Survivor regions: 111->109(154)
[3218.858s][info][gc,heap        ] GC(684) Old regions: 504->535
[3218.858s][info][gc,heap        ] GC(684) Humongous regions: 80->80
[3218.858s][info][gc,metaspace   ] GC(684) Metaspace: 28948K(29376K)->28948K(29376K) NonClass: 24078K(24256K)->24078K(24256K) Class: 4870K(5120K)->4870K(5120K)
[3218.858s][info][gc             ] GC(684) Pause Young (Prepare Mixed) (G1 Evacuation Pause) 3622M->1445M(4096M) 114.140ms
[3218.858s][info][gc,cpu         ] GC(684) User=0.68s Sys=0.00s Real=0.11s
....[3222.143s][info][gc,start       ] GC(685) Pause Young (Mixed) (G1 Evacuation Pause)
[3222.143s][info][gc,task        ] GC(685) Using 6 workers of 6 for evacuation
[3222.274s][info][gc,phases      ] GC(685)   Pre Evacuate Collection Set: 0.37ms
[3222.274s][info][gc,phases      ] GC(685)   Merge Heap Roots: 0.70ms
[3222.274s][info][gc,phases      ] GC(685)   Evacuate Collection Set: 128.77ms
[3222.274s][info][gc,phases      ] GC(685)   Post Evacuate Collection Set: 0.95ms
[3222.274s][info][gc,phases      ] GC(685)   Other: 0.09ms
[3222.274s][info][gc,heap        ] GC(685) Eden regions: 1112->0(1120)
[3222.274s][info][gc,heap        ] GC(685) Survivor regions: 109->108(153)
[3222.274s][info][gc,heap        ] GC(685) Old regions: 535->472
[3222.274s][info][gc,heap        ] GC(685) Humongous regions: 80->80
[3222.274s][info][gc,metaspace   ] GC(685) Metaspace: 28948K(29376K)->28948K(29376K) NonClass: 24078K(24256K)->24078K(24256K) Class: 4870K(5120K)->4870K(5120K)
[3222.274s][info][gc             ] GC(685) Pause Young (Mixed) (G1 Evacuation Pause) 3669M->1318M(4096M) 131.030ms
[3222.274s][info][gc,cpu         ] GC(685) User=0.78s Sys=0.00s Real=0.14s
...[3225.563s][info][gc,start       ] GC(686) Pause Young (Concurrent Start) (G1 Evacuation Pause)
[3225.563s][info][gc,task        ] GC(686) Using 6 workers of 6 for evacuation
[3225.680s][info][gc,phases      ] GC(686)   Pre Evacuate Collection Set: 0.41ms
[3225.680s][info][gc,phases      ] GC(686)   Merge Heap Roots: 0.51ms
[3225.680s][info][gc,phases      ] GC(686)   Evacuate Collection Set: 115.07ms
[3225.680s][info][gc,phases      ] GC(686)   Post Evacuate Collection Set: 0.85ms
[3225.680s][info][gc,phases      ] GC(686)   Other: 0.14ms
[3225.680s][info][gc,heap        ] GC(686) Eden regions: 1120->0(1118)
[3225.680s][info][gc,heap        ] GC(686) Survivor regions: 108->110(154)
[3225.680s][info][gc,heap        ] GC(686) Old regions: 472->504
[3225.680s][info][gc,heap        ] GC(686) Humongous regions: 80->80
[3225.680s][info][gc,metaspace   ] GC(686) Metaspace: 28948K(29376K)->28948K(29376K) NonClass: 24078K(24256K)->24078K(24256K) Class: 4870K(5120K)->4870K(5120K)
[3225.680s][info][gc             ] GC(686) Pause Young (Concurrent Start) (G1 Evacuation Pause) 3558M->1385M(4096M) 117.116ms
[3225.680s][info][gc             ] GC(687) Concurrent Mark Cycle
[3225.680s][info][gc,marking     ] GC(687) Concurrent Scan Root Regions
[3225.680s][info][gc,cpu         ] GC(686) User=0.70s Sys=0.00s Real=0.12s
[3225.859s][info][gc,marking     ] GC(687) Concurrent Scan Root Regions 178.477ms
[3225.859s][info][gc,marking     ] GC(687) Concurrent Mark
[3225.859s][info][gc,marking     ] GC(687) Concurrent Mark From Roots
[3225.859s][info][gc,task        ] GC(687) Using 2 workers of 2 for marking
.[3226.638s][info][gc,marking     ] GC(687) Concurrent Mark From Roots 779.629ms
[3226.638s][info][gc,marking     ] GC(687) Concurrent Preclean
[3226.639s][info][gc,marking     ] GC(687) Concurrent Preclean 0.152ms
[3226.639s][info][gc,start       ] GC(687) Pause Remark
[3226.644s][info][gc             ] GC(687) Pause Remark 2059M->2059M(4096M) 4.886ms
[3226.644s][info][gc,cpu         ] GC(687) User=0.03s Sys=0.00s Real=0.01s
[3226.644s][info][gc,marking     ] GC(687) Concurrent Mark 785.200ms
[3226.644s][info][gc,marking     ] GC(687) Concurrent Rebuild Remembered Sets and Scrub Regions
.[3226.980s][info][gc,marking     ] GC(687) Concurrent Rebuild Remembered Sets and Scrub Regions 336.307ms
[3226.980s][info][gc,start       ] GC(687) Pause Cleanup
[3226.980s][info][gc             ] GC(687) Pause Cleanup 2319M->2319M(4096M) 0.099ms
[3226.980s][info][gc,cpu         ] GC(687) User=0.00s Sys=0.00s Real=0.00s
[3226.980s][info][gc,marking     ] GC(687) Concurrent Clear Claimed Marks
[3226.980s][info][gc,marking     ] GC(687) Concurrent Clear Claimed Marks 0.024ms
[3226.980s][info][gc,marking     ] GC(687) Concurrent Cleanup for Next Mark
[3226.984s][info][gc,marking     ] GC(687) Concurrent Cleanup for Next Mark 3.615ms
[3226.984s][info][gc             ] GC(687) Concurrent Mark Cycle 1303.987ms
. (rIR:aIR:PR = 5535:5536:5536) (tPR = 81856) [OK] 
  3227s: Performance info:
         Transaction,    Success,    Partial,     Failed,   Receipts, AvgBarcode, 
             Overall,     333484,          0,          0,     316800,      59.48, 
         Response times:
             Request,    Success,    Partial,     Failed,   SkipFail,     Probes,    Samples,      min,      p50,      p90,      p95,      p99,      max, 
       TotalPurchase,     316800,          0,          0,          0,     310929,     348687,      300,     4400,    10100,    23000,    67000,   210000,
     InStorePurchase,     166831,          0,          0,          0,     163968,     183767,      300,     4200,     9900,    22000,    66000,   210000,
      OnlinePurchase,     116678,          0,          0,          0,     114568,     128357,      300,     4500,    10100,    23000,    68000,   210000,
        InstPurchase,      33291,          0,          0,          0,      32393,      36563,      400,     4900,    10600,    26000,    72000,   210000,
          AssocOfCat,        331,          0,          0,          0,        265,        353,    19700,    33000,    54000,    69300,   107600,   175000,
      AssocOfProduct,       3346,          0,          0,          0,       3103,       3669,      700,     4500,    10500,    28000,    67600,   149000,
      BusinessReport,        834,          0,          0,          0,        708,        890,    25000,    38000,    66000,    95450,   175090,   202000,
          CustBuyBeh,       3334,          0,          0,          0,       3117,       3737,      200,     4200,     9820,    24000,    81000,   134000,
       ProductReturn,       8839,          0,          0,          0,       8552,       9912,      200,     3700,     8700,    19800,    62000,   148000,

  3227s: (41%)   IR =   5673 .[3228.960s][info][gc,start       ] GC(688) Pause Young (Prepare Mixed) (G1 Evacuation Pause)
[3228.961s][info][gc,task        ] GC(688) Using 6 workers of 6 for evacuation
[3229.075s][info][gc,phases      ] GC(688)   Pre Evacuate Collection Set: 0.32ms
[3229.075s][info][gc,phases      ] GC(688)   Merge Heap Roots: 0.52ms
[3229.075s][info][gc,phases      ] GC(688)   Evacuate Collection Set: 113.01ms
[3229.075s][info][gc,phases      ] GC(688)   Post Evacuate Collection Set: 0.90ms
[3229.075s][info][gc,phases      ] GC(688)   Other: 0.09ms
[3229.075s][info][gc,heap        ] GC(688) Eden regions: 1118->0(1113)
[3229.075s][info][gc,heap        ] GC(688) Survivor regions: 110->108(154)
[3229.075s][info][gc,heap        ] GC(688) Old regions: 504->536
[3229.075s][info][gc,heap        ] GC(688) Humongous regions: 80->80
[3229.075s][info][gc,metaspace   ] GC(688) Metaspace: 28948K(29376K)->28948K(29376K) NonClass: 24078K(24256K)->24078K(24256K) Class: 4870K(5120K)->4870K(5120K)
[3229.075s][info][gc             ] GC(688) Pause Young (Prepare Mixed) (G1 Evacuation Pause) 3621M->1446M(4096M) 114.981ms
[3229.075s][info][gc,cpu         ] GC(688) User=0.68s Sys=0.00s Real=0.12s
...[3232.308s][info][gc,start       ] GC(689) Pause Young (Mixed) (G1 Evacuation Pause)
[3232.308s][info][gc,task        ] GC(689) Using 6 workers of 6 for evacuation
[3232.440s][info][gc,phases      ] GC(689)   Pre Evacuate Collection Set: 0.36ms
[3232.440s][info][gc,phases      ] GC(689)   Merge Heap Roots: 0.68ms
[3232.440s][info][gc,phases      ] GC(689)   Evacuate Collection Set: 129.63ms
[3232.440s][info][gc,phases      ] GC(689)   Post Evacuate Collection Set: 0.95ms
[3232.440s][info][gc,phases      ] GC(689)   Other: 0.08ms
[3232.440s][info][gc,heap        ] GC(689) Eden regions: 1113->0(1119)
[3232.440s][info][gc,heap        ] GC(689) Survivor regions: 108->109(153)
[3232.440s][info][gc,heap        ] GC(689) Old regions: 536->472
[3232.440s][info][gc,heap        ] GC(689) Humongous regions: 80->80
[3232.440s][info][gc,metaspace   ] GC(689) Metaspace: 28948K(29376K)->28948K(29376K) NonClass: 24078K(24256K)->24078K(24256K) Class: 4870K(5120K)->4870K(5120K)
[3232.440s][info][gc             ] GC(689) Pause Young (Mixed) (G1 Evacuation Pause) 3672M->1319M(4096M) 131.832ms
[3232.440s][info][gc,cpu         ] GC(689) User=0.79s Sys=0.00s Real=0.13s
...[3235.632s][info][gc,start       ] GC(690) Pause Young (Concurrent Start) (G1 Evacuation Pause)
[3235.632s][info][gc,task        ] GC(690) Using 6 workers of 6 for evacuation
[3235.751s][info][gc,phases      ] GC(690)   Pre Evacuate Collection Set: 0.33ms
[3235.751s][info][gc,phases      ] GC(690)   Merge Heap Roots: 0.49ms
[3235.751s][info][gc,phases      ] GC(690)   Evacuate Collection Set: 116.57ms
[3235.751s][info][gc,phases      ] GC(690)   Post Evacuate Collection Set: 0.91ms
[3235.751s][info][gc,phases      ] GC(690)   Other: 0.11ms
[3235.751s][info][gc,heap        ] GC(690) Eden regions: 1119->0(1116)
[3235.751s][info][gc,heap        ] GC(690) Survivor regions: 109->112(154)
[3235.751s][info][gc,heap        ] GC(690) Old regions: 472->503
[3235.751s][info][gc,heap        ] GC(690) Humongous regions: 80->80
[3235.751s][info][gc,metaspace   ] GC(690) Metaspace: 28948K(29376K)->28948K(29376K) NonClass: 24078K(24256K)->24078K(24256K) Class: 4870K(5120K)->4870K(5120K)
[3235.751s][info][gc             ] GC(690) Pause Young (Concurrent Start) (G1 Evacuation Pause) 3557M->1389M(4096M) 118.552ms
[3235.751s][info][gc             ] GC(691) Concurrent Mark Cycle
[3235.751s][info][gc,marking     ] GC(691) Concurrent Scan Root Regions
[3235.751s][info][gc,cpu         ] GC(690) User=0.70s Sys=0.00s Real=0.12s
[3235.940s][info][gc,marking     ] GC(691) Concurrent Scan Root Regions 188.860ms
[3235.940s][info][gc,marking     ] GC(691) Concurrent Mark
[3235.940s][info][gc,marking     ] GC(691) Concurrent Mark From Roots
[3235.940s][info][gc,task        ] GC(691) Using 2 workers of 2 for marking
.|[3236.740s][info][gc,marking     ] GC(691) Concurrent Mark From Roots 800.332ms
[3236.740s][info][gc,marking     ] GC(691) Concurrent Preclean
[3236.740s][info][gc,marking     ] GC(691) Concurrent Preclean 0.224ms
[3236.740s][info][gc,start       ] GC(691) Pause Remark
[3236.747s][info][gc             ] GC(691) Pause Remark 2158M->2158M(4096M) 6.150ms
[3236.747s][info][gc,cpu         ] GC(691) User=0.03s Sys=0.00s Real=0.01s
[3236.747s][info][gc,marking     ] GC(691) Concurrent Mark 806.991ms
[3236.747s][info][gc,marking     ] GC(691) Concurrent Rebuild Remembered Sets and Scrub Regions
[3236.957s][info][gc,marking     ] GC(691) Concurrent Rebuild Remembered Sets and Scrub Regions 210.064ms
[3236.957s][info][gc,start       ] GC(691) Pause Cleanup
[3236.957s][info][gc             ] GC(691) Pause Cleanup 2306M->2306M(4096M) 0.111ms
[3236.957s][info][gc,cpu         ] GC(691) User=0.00s Sys=0.00s Real=0.00s
[3236.957s][info][gc,marking     ] GC(691) Concurrent Clear Claimed Marks
[3236.957s][info][gc,marking     ] GC(691) Concurrent Clear Claimed Marks 0.025ms
[3236.957s][info][gc,marking     ] GC(691) Concurrent Cleanup for Next Mark
[3236.963s][info][gc,marking     ] GC(691) Concurrent Cleanup for Next Mark 5.723ms
[3236.963s][info][gc             ] GC(691) Concurrent Mark Cycle 1212.129ms
..[3238.865s][info][gc,start       ] GC(692) Pause Young (Prepare Mixed) (G1 Evacuation Pause)
[3238.865s][info][gc,task        ] GC(692) Using 6 workers of 6 for evacuation
[3238.980s][info][gc,phases      ] GC(692)   Pre Evacuate Collection Set: 0.32ms
[3238.980s][info][gc,phases      ] GC(692)   Merge Heap Roots: 0.51ms
[3238.980s][info][gc,phases      ] GC(692)   Evacuate Collection Set: 113.05ms
[3238.980s][info][gc,phases      ] GC(692)   Post Evacuate Collection Set: 0.93ms
[3238.980s][info][gc,phases      ] GC(692)   Other: 0.09ms
[3238.980s][info][gc,heap        ] GC(692) Eden regions: 1116->0(1115)
[3238.980s][info][gc,heap        ] GC(692) Survivor regions: 112->107(154)
[3238.980s][info][gc,heap        ] GC(692) Old regions: 503->536
[3238.980s][info][gc,heap        ] GC(692) Humongous regions: 80->80
[3238.980s][info][gc,metaspace   ] GC(692) Metaspace: 28948K(29376K)->28948K(29376K) NonClass: 24078K(24256K)->24078K(24256K) Class: 4870K(5120K)->4870K(5120K)
[3238.980s][info][gc             ] GC(692) Pause Young (Prepare Mixed) (G1 Evacuation Pause) 3621M->1443M(4096M) 115.025ms
[3238.980s][info][gc,cpu         ] GC(692) User=0.68s Sys=0.00s Real=0.11s
....[3242.240s][info][gc,start       ] GC(693) Pause Young (Mixed) (G1 Evacuation Pause)
[3242.240s][info][gc,task        ] GC(693) Using 6 workers of 6 for evacuation
[3242.372s][info][gc,phases      ] GC(693)   Pre Evacuate Collection Set: 0.34ms
[3242.372s][info][gc,phases      ] GC(693)   Merge Heap Roots: 0.69ms
[3242.372s][info][gc,phases      ] GC(693)   Evacuate Collection Set: 130.22ms
[3242.372s][info][gc,phases      ] GC(693)   Post Evacuate Collection Set: 0.96ms
[3242.372s][info][gc,phases      ] GC(693)   Other: 0.08ms
[3242.372s][info][gc,heap        ] GC(693) Eden regions: 1115->0(1119)
[3242.372s][info][gc,heap        ] GC(693) Survivor regions: 107->109(153)
[3242.372s][info][gc,heap        ] GC(693) Old regions: 536->472
[3242.372s][info][gc,heap        ] GC(693) Humongous regions: 80->80
[3242.372s][info][gc,metaspace   ] GC(693) Metaspace: 28948K(29376K)->28948K(29376K) NonClass: 24078K(24256K)->24078K(24256K) Class: 4870K(5120K)->4870K(5120K)
[3242.372s][info][gc             ] GC(693) Pause Young (Mixed) (G1 Evacuation Pause) 3673M->1320M(4096M) 132.418ms
[3242.372s][info][gc,cpu         ] GC(693) User=0.79s Sys=0.00s Real=0.13s
...[3245.497s][info][gc,start       ] GC(694) Pause Young (Concurrent Start) (G1 Evacuation Pause)
[3245.497s][info][gc,task        ] GC(694) Using 6 workers of 6 for evacuation
[3245.614s][info][gc,phases      ] GC(694)   Pre Evacuate Collection Set: 0.37ms
[3245.614s][info][gc,phases      ] GC(694)   Merge Heap Roots: 0.43ms
[3245.614s][info][gc,phases      ] GC(694)   Evacuate Collection Set: 115.30ms
[3245.614s][info][gc,phases      ] GC(694)   Post Evacuate Collection Set: 0.85ms
[3245.614s][info][gc,phases      ] GC(694)   Other: 0.12ms
[3245.614s][info][gc,heap        ] GC(694) Eden regions: 1119->0(1117)
[3245.614s][info][gc,heap        ] GC(694) Survivor regions: 109->111(154)
[3245.614s][info][gc,heap        ] GC(694) Old regions: 472->504
[3245.614s][info][gc,heap        ] GC(694) Humongous regions: 80->80
[3245.614s][info][gc,metaspace   ] GC(694) Metaspace: 28948K(29376K)->28948K(29376K) NonClass: 24078K(24256K)->24078K(24256K) Class: 4870K(5120K)->4870K(5120K)
[3245.614s][info][gc             ] GC(694) Pause Young (Concurrent Start) (G1 Evacuation Pause) 3558M->1389M(4096M) 117.191ms
[3245.614s][info][gc             ] GC(695) Concurrent Mark Cycle
[3245.614s][info][gc,marking     ] GC(695) Concurrent Scan Root Regions
[3245.614s][info][gc,cpu         ] GC(694) User=0.69s Sys=0.00s Real=0.12s
[3245.756s][info][gc,marking     ] GC(695) Concurrent Scan Root Regions 142.674ms
[3245.757s][info][gc,marking     ] GC(695) Concurrent Mark
[3245.757s][info][gc,marking     ] GC(695) Concurrent Mark From Roots
[3245.757s][info][gc,task        ] GC(695) Using 2 workers of 2 for marking
.[3246.416s][info][gc,marking     ] GC(695) Concurrent Mark From Roots 658.970ms
[3246.416s][info][gc,marking     ] GC(695) Concurrent Preclean
[3246.416s][info][gc,marking     ] GC(695) Concurrent Preclean 0.175ms
[3246.418s][info][gc,start       ] GC(695) Pause Remark
[3246.423s][info][gc             ] GC(695) Pause Remark 1989M->1989M(4096M) 5.227ms
[3246.423s][info][gc,cpu         ] GC(695) User=0.03s Sys=0.00s Real=0.01s
[3246.423s][info][gc,marking     ] GC(695) Concurrent Mark 666.956ms
[3246.423s][info][gc,marking     ] GC(695) Concurrent Rebuild Remembered Sets and Scrub Regions
[3246.798s][info][gc,marking     ] GC(695) Concurrent Rebuild Remembered Sets and Scrub Regions 374.837ms
[3246.800s][info][gc,start       ] GC(695) Pause Cleanup
[3246.800s][info][gc             ] GC(695) Pause Cleanup 2305M->2305M(4096M) 0.124ms
[3246.800s][info][gc,cpu         ] GC(695) User=0.00s Sys=0.00s Real=0.00s
[3246.800s][info][gc,marking     ] GC(695) Concurrent Clear Claimed Marks
[3246.800s][info][gc,marking     ] GC(695) Concurrent Clear Claimed Marks 0.028ms
[3246.800s][info][gc,marking     ] GC(695) Concurrent Cleanup for Next Mark
[3246.803s][info][gc,marking     ] GC(695) Concurrent Cleanup for Next Mark 3.438ms
[3246.803s][info][gc             ] GC(695) Concurrent Mark Cycle 1189.528ms
..[3248.821s][info][gc,start       ] GC(696) Pause Young (Prepare Mixed) (G1 Evacuation Pause)
[3248.821s][info][gc,task        ] GC(696) Using 6 workers of 6 for evacuation
[3248.937s][info][gc,phases      ] GC(696)   Pre Evacuate Collection Set: 0.30ms
[3248.937s][info][gc,phases      ] GC(696)   Merge Heap Roots: 0.48ms
[3248.937s][info][gc,phases      ] GC(696)   Evacuate Collection Set: 114.73ms
[3248.937s][info][gc,phases      ] GC(696)   Post Evacuate Collection Set: 0.88ms
[3248.937s][info][gc,phases      ] GC(696)   Other: 0.09ms
[3248.937s][info][gc,heap        ] GC(696) Eden regions: 1117->0(1113)
[3248.937s][info][gc,heap        ] GC(696) Survivor regions: 111->108(154)
[3248.937s][info][gc,heap        ] GC(696) Old regions: 504->536
[3248.937s][info][gc,heap        ] GC(696) Humongous regions: 80->80
[3248.937s][info][gc,metaspace   ] GC(696) Metaspace: 28948K(29376K)->28948K(29376K) NonClass: 24078K(24256K)->24078K(24256K) Class: 4870K(5120K)->4870K(5120K)
[3248.937s][info][gc             ] GC(696) Pause Young (Prepare Mixed) (G1 Evacuation Pause) 3623M->1446M(4096M) 116.622ms
[3248.937s][info][gc,cpu         ] GC(696) User=0.69s Sys=0.00s Real=0.12s
....[3252.129s][info][gc,start       ] GC(697) Pause Young (Mixed) (G1 Evacuation Pause)
[3252.129s][info][gc,task        ] GC(697) Using 6 workers of 6 for evacuation
[3252.258s][info][gc,phases      ] GC(697)   Pre Evacuate Collection Set: 0.32ms
[3252.258s][info][gc,phases      ] GC(697)   Merge Heap Roots: 0.70ms
[3252.258s][info][gc,phases      ] GC(697)   Evacuate Collection Set: 127.55ms
[3252.258s][info][gc,phases      ] GC(697)   Post Evacuate Collection Set: 0.92ms
[3252.258s][info][gc,phases      ] GC(697)   Other: 0.09ms
[3252.258s][info][gc,heap        ] GC(697) Eden regions: 1113->0(1120)
[3252.258s][info][gc,heap        ] GC(697) Survivor regions: 108->108(153)
[3252.258s][info][gc,heap        ] GC(697) Old regions: 536->473
[3252.258s][info][gc,heap        ] GC(697) Humongous regions: 80->80
[3252.258s][info][gc,metaspace   ] GC(697) Metaspace: 28948K(29376K)->28948K(29376K) NonClass: 24078K(24256K)->24078K(24256K) Class: 4870K(5120K)->4870K(5120K)
[3252.258s][info][gc             ] GC(697) Pause Young (Mixed) (G1 Evacuation Pause) 3672M->1321M(4096M) 129.726ms
[3252.258s][info][gc,cpu         ] GC(697) User=0.78s Sys=0.00s Real=0.13s
...[3255.428s][info][gc,start       ] GC(698) Pause Young (Concurrent Start) (G1 Evacuation Pause)
[3255.428s][info][gc,task        ] GC(698) Using 6 workers of 6 for evacuation
[3255.546s][info][gc,phases      ] GC(698)   Pre Evacuate Collection Set: 0.36ms
[3255.546s][info][gc,phases      ] GC(698)   Merge Heap Roots: 0.45ms
[3255.546s][info][gc,phases      ] GC(698)   Evacuate Collection Set: 116.19ms
[3255.546s][info][gc,phases      ] GC(698)   Post Evacuate Collection Set: 0.87ms
[3255.546s][info][gc,phases      ] GC(698)   Other: 0.12ms
[3255.546s][info][gc,heap        ] GC(698) Eden regions: 1120->0(1116)
[3255.546s][info][gc,heap        ] GC(698) Survivor regions: 108->112(154)
[3255.546s][info][gc,heap        ] GC(698) Old regions: 473->506
[3255.546s][info][gc,heap        ] GC(698) Humongous regions: 80->80
[3255.546s][info][gc,metaspace   ] GC(698) Metaspace: 28948K(29376K)->28948K(29376K) NonClass: 24078K(24256K)->24078K(24256K) Class: 4870K(5120K)->4870K(5120K)
[3255.546s][info][gc             ] GC(698) Pause Young (Concurrent Start) (G1 Evacuation Pause) 3561M->1393M(4096M) 118.126ms
[3255.546s][info][gc             ] GC(699) Concurrent Mark Cycle
[3255.546s][info][gc,marking     ] GC(699) Concurrent Scan Root Regions
[3255.546s][info][gc,cpu         ] GC(698) User=0.70s Sys=0.00s Real=0.12s
[3255.693s][info][gc,marking     ] GC(699) Concurrent Scan Root Regions 147.640ms
[3255.693s][info][gc,marking     ] GC(699) Concurrent Mark
[3255.693s][info][gc,marking     ] GC(699) Concurrent Mark From Roots
[3255.693s][info][gc,task        ] GC(699) Using 2 workers of 2 for marking
.[3256.343s][info][gc,marking     ] GC(699) Concurrent Mark From Roots 649.169ms
[3256.343s][info][gc,marking     ] GC(699) Concurrent Preclean
[3256.343s][info][gc,marking     ] GC(699) Concurrent Preclean 0.151ms
[3256.343s][info][gc,start       ] GC(699) Pause Remark
[3256.349s][info][gc             ] GC(699) Pause Remark 1996M->1996M(4096M) 5.660ms
[3256.349s][info][gc,cpu         ] GC(699) User=0.03s Sys=0.00s Real=0.01s
[3256.349s][info][gc,marking     ] GC(699) Concurrent Mark 655.221ms
[3256.349s][info][gc,marking     ] GC(699) Concurrent Rebuild Remembered Sets and Scrub Regions
[3256.697s][info][gc,marking     ] GC(699) Concurrent Rebuild Remembered Sets and Scrub Regions 348.379ms
[3256.697s][info][gc,start       ] GC(699) Pause Cleanup
[3256.697s][info][gc             ] GC(699) Pause Cleanup 2249M->2249M(4096M) 0.105ms
[3256.697s][info][gc,cpu         ] GC(699) User=0.00s Sys=0.00s Real=0.00s
[3256.697s][info][gc,marking     ] GC(699) Concurrent Clear Claimed Marks
[3256.697s][info][gc,marking     ] GC(699) Concurrent Clear Claimed Marks 0.023ms
[3256.697s][info][gc,marking     ] GC(699) Concurrent Cleanup for Next Mark
[3256.702s][info][gc,marking     ] GC(699) Concurrent Cleanup for Next Mark 4.714ms
[3256.702s][info][gc             ] GC(699) Concurrent Mark Cycle 1156.395ms
..[3258.747s][info][gc,start       ] GC(700) Pause Young (Prepare Mixed) (G1 Evacuation Pause)
[3258.747s][info][gc,task        ] GC(700) Using 6 workers of 6 for evacuation
[3258.861s][info][gc,phases      ] GC(700)   Pre Evacuate Collection Set: 0.32ms
[3258.861s][info][gc,phases      ] GC(700)   Merge Heap Roots: 0.57ms
[3258.861s][info][gc,phases      ] GC(700)   Evacuate Collection Set: 112.37ms
[3258.861s][info][gc,phases      ] GC(700)   Post Evacuate Collection Set: 0.90ms
[3258.861s][info][gc,phases      ] GC(700)   Other: 0.09ms
[3258.861s][info][gc,heap        ] GC(700) Eden regions: 1116->0(1113)
[3258.861s][info][gc,heap        ] GC(700) Survivor regions: 112->107(154)
[3258.861s][info][gc,heap        ] GC(700) Old regions: 506->538
[3258.861s][info][gc,heap        ] GC(700) Humongous regions: 80->80
[3258.861s][info][gc,metaspace   ] GC(700) Metaspace: 28948K(29376K)->28948K(29376K) NonClass: 24078K(24256K)->24078K(24256K) Class: 4870K(5120K)->4870K(5120K)
[3258.861s][info][gc             ] GC(700) Pause Young (Prepare Mixed) (G1 Evacuation Pause) 3625M->1447M(4096M) 114.376ms
[3258.861s][info][gc,cpu         ] GC(700) User=0.68s Sys=0.00s Real=0.11s
...[3262.086s][info][gc,start       ] GC(701) Pause Young (Mixed) (G1 Evacuation Pause)
[3262.086s][info][gc,task        ] GC(701) Using 6 workers of 6 for evacuation
[3262.216s][info][gc,phases      ] GC(701)   Pre Evacuate Collection Set: 0.35ms
[3262.216s][info][gc,phases      ] GC(701)   Merge Heap Roots: 0.60ms
[3262.216s][info][gc,phases      ] GC(701)   Evacuate Collection Set: 128.27ms
[3262.216s][info][gc,phases      ] GC(701)   Post Evacuate Collection Set: 0.95ms
[3262.216s][info][gc,phases      ] GC(701)   Other: 0.09ms
[3262.216s][info][gc,heap        ] GC(701) Eden regions: 1113->0(1119)
[3262.216s][info][gc,heap        ] GC(701) Survivor regions: 107->109(153)
[3262.216s][info][gc,heap        ] GC(701) Old regions: 538->473
[3262.216s][info][gc,heap        ] GC(701) Humongous regions: 80->80
[3262.216s][info][gc,metaspace   ] GC(701) Metaspace: 28948K(29376K)->28948K(29376K) NonClass: 24078K(24256K)->24078K(24256K) Class: 4870K(5120K)->4870K(5120K)
[3262.216s][info][gc             ] GC(701) Pause Young (Mixed) (G1 Evacuation Pause) 3673M->1322M(4096M) 130.390ms
[3262.216s][info][gc,cpu         ] GC(701) User=0.78s Sys=0.00s Real=0.13s
....[3265.423s][info][gc,start       ] GC(702) Pause Young (Concurrent Start) (G1 Evacuation Pause)
[3265.423s][info][gc,task        ] GC(702) Using 6 workers of 6 for evacuation
[3265.544s][info][gc,phases      ] GC(702)   Pre Evacuate Collection Set: 0.41ms
[3265.544s][info][gc,phases      ] GC(702)   Merge Heap Roots: 0.48ms
[3265.544s][info][gc,phases      ] GC(702)   Evacuate Collection Set: 119.10ms
[3265.544s][info][gc,phases      ] GC(702)   Post Evacuate Collection Set: 0.86ms
[3265.544s][info][gc,phases      ] GC(702)   Other: 0.13ms
[3265.544s][info][gc,heap        ] GC(702) Eden regions: 1119->0(1114)
[3265.544s][info][gc,heap        ] GC(702) Survivor regions: 109->114(154)
[3265.544s][info][gc,heap        ] GC(702) Old regions: 473->504
[3265.544s][info][gc,heap        ] GC(702) Humongous regions: 80->80
[3265.544s][info][gc,metaspace   ] GC(702) Metaspace: 28948K(29376K)->28948K(29376K) NonClass: 24078K(24256K)->24078K(24256K) Class: 4870K(5120K)->4870K(5120K)
[3265.544s][info][gc             ] GC(702) Pause Young (Concurrent Start) (G1 Evacuation Pause) 3560M->1393M(4096M) 121.125ms
[3265.544s][info][gc             ] GC(703) Concurrent Mark Cycle
[3265.544s][info][gc,marking     ] GC(703) Concurrent Scan Root Regions
[3265.544s][info][gc,cpu         ] GC(702) User=0.72s Sys=0.00s Real=0.13s
[3265.731s][info][gc,marking     ] GC(703) Concurrent Scan Root Regions 187.279ms
[3265.731s][info][gc,marking     ] GC(703) Concurrent Mark
[3265.731s][info][gc,marking     ] GC(703) Concurrent Mark From Roots
[3265.731s][info][gc,task        ] GC(703) Using 2 workers of 2 for marking
.[3266.683s][info][gc,marking     ] GC(703) Concurrent Mark From Roots 952.364ms
[3266.684s][info][gc,marking     ] GC(703) Concurrent Preclean
[3266.684s][info][gc,marking     ] GC(703) Concurrent Preclean 0.192ms
[3266.685s][info][gc,start       ] GC(703) Pause Remark
[3266.691s][info][gc             ] GC(703) Pause Remark 2279M->2279M(4096M) 6.764ms
[3266.692s][info][gc,cpu         ] GC(703) User=0.04s Sys=0.00s Real=0.00s
[3266.692s][info][gc,marking     ] GC(703) Concurrent Mark 961.067ms
[3266.692s][info][gc,marking     ] GC(703) Concurrent Rebuild Remembered Sets and Scrub Regions
[3267.103s][info][gc,marking     ] GC(703) Concurrent Rebuild Remembered Sets and Scrub Regions 410.451ms
[3267.103s][info][gc,start       ] GC(703) Pause Cleanup
[3267.103s][info][gc             ] GC(703) Pause Cleanup 2570M->2570M(4096M) 0.129ms
[3267.103s][info][gc,cpu         ] GC(703) User=0.00s Sys=0.00s Real=0.01s
[3267.103s][info][gc,marking     ] GC(703) Concurrent Clear Claimed Marks
[3267.103s][info][gc,marking     ] GC(703) Concurrent Clear Claimed Marks 0.034ms
[3267.104s][info][gc,marking     ] GC(703) Concurrent Cleanup for Next Mark
[3267.110s][info][gc,marking     ] GC(703) Concurrent Cleanup for Next Mark 6.366ms
[3267.110s][info][gc             ] GC(703) Concurrent Mark Cycle 1566.197ms
..[3268.756s][info][gc,start       ] GC(704) Pause Young (Prepare Mixed) (G1 Evacuation Pause)
[3268.756s][info][gc,task        ] GC(704) Using 6 workers of 6 for evacuation
[3268.877s][info][gc,phases      ] GC(704)   Pre Evacuate Collection Set: 0.30ms
[3268.877s][info][gc,phases      ] GC(704)   Merge Heap Roots: 0.50ms
[3268.877s][info][gc,phases      ] GC(704)   Evacuate Collection Set: 119.61ms
[3268.877s][info][gc,phases      ] GC(704)   Post Evacuate Collection Set: 0.91ms
[3268.877s][info][gc,phases      ] GC(704)   Other: 0.10ms
[3268.877s][info][gc,heap        ] GC(704) Eden regions: 1114->0(1104)
[3268.877s][info][gc,heap        ] GC(704) Survivor regions: 114->113(154)
[3268.877s][info][gc,heap        ] GC(704) Old regions: 504->535
[3268.877s][info][gc,heap        ] GC(704) Humongous regions: 80->80
[3268.877s][info][gc,metaspace   ] GC(704) Metaspace: 28948K(29376K)->28948K(29376K) NonClass: 24078K(24256K)->24078K(24256K) Class: 4870K(5120K)->4870K(5120K)
[3268.877s][info][gc             ] GC(704) Pause Young (Prepare Mixed) (G1 Evacuation Pause) 3621M->1455M(4096M) 121.551ms
[3268.877s][info][gc,cpu         ] GC(704) User=0.72s Sys=0.00s Real=0.12s
...[3271.983s][info][gc,start       ] GC(705) Pause Young (Mixed) (G1 Evacuation Pause)
[3271.983s][info][gc,task        ] GC(705) Using 6 workers of 6 for evacuation
[3272.113s][info][gc,phases      ] GC(705)   Pre Evacuate Collection Set: 0.36ms
[3272.113s][info][gc,phases      ] GC(705)   Merge Heap Roots: 0.65ms
[3272.113s][info][gc,phases      ] GC(705)   Evacuate Collection Set: 128.01ms
[3272.113s][info][gc,phases      ] GC(705)   Post Evacuate Collection Set: 0.94ms
[3272.113s][info][gc,phases      ] GC(705)   Other: 0.08ms
[3272.113s][info][gc,heap        ] GC(705) Eden regions: 1104->0(1121)
[3272.113s][info][gc,heap        ] GC(705) Survivor regions: 113->107(153)
[3272.113s][info][gc,heap        ] GC(705) Old regions: 535->472
[3272.113s][info][gc,heap        ] GC(705) Humongous regions: 80->80
[3272.113s][info][gc,metaspace   ] GC(705) Metaspace: 28948K(29376K)->28948K(29376K) NonClass: 24078K(24256K)->24078K(24256K) Class: 4870K(5120K)->4870K(5120K)
[3272.113s][info][gc             ] GC(705) Pause Young (Mixed) (G1 Evacuation Pause) 3663M->1316M(4096M) 130.172ms
[3272.113s][info][gc,cpu         ] GC(705) User=0.77s Sys=0.00s Real=0.13s
....[3275.330s][info][gc,start       ] GC(706) Pause Young (Concurrent Start) (G1 Evacuation Pause)
[3275.330s][info][gc,task        ] GC(706) Using 6 workers of 6 for evacuation
[3275.448s][info][gc,phases      ] GC(706)   Pre Evacuate Collection Set: 0.35ms
[3275.449s][info][gc,phases      ] GC(706)   Merge Heap Roots: 0.45ms
[3275.449s][info][gc,phases      ] GC(706)   Evacuate Collection Set: 116.24ms
[3275.449s][info][gc,phases      ] GC(706)   Post Evacuate Collection Set: 0.88ms
[3275.449s][info][gc,phases      ] GC(706)   Other: 0.11ms
[3275.449s][info][gc,heap        ] GC(706) Eden regions: 1121->0(1117)
[3275.449s][info][gc,heap        ] GC(706) Survivor regions: 107->111(154)
[3275.449s][info][gc,heap        ] GC(706) Old regions: 472->504
[3275.449s][info][gc,heap        ] GC(706) Humongous regions: 80->80
[3275.449s][info][gc,metaspace   ] GC(706) Metaspace: 28948K(29376K)->28948K(29376K) NonClass: 24078K(24256K)->24078K(24256K) Class: 4870K(5120K)->4870K(5120K)
[3275.449s][info][gc             ] GC(706) Pause Young (Concurrent Start) (G1 Evacuation Pause) 3558M->1387M(4096M) 118.161ms
[3275.449s][info][gc             ] GC(707) Concurrent Mark Cycle
[3275.449s][info][gc,marking     ] GC(707) Concurrent Scan Root Regions
[3275.449s][info][gc,cpu         ] GC(706) User=0.70s Sys=0.00s Real=0.12s
[3275.633s][info][gc,marking     ] GC(707) Concurrent Scan Root Regions 184.627ms
[3275.633s][info][gc,marking     ] GC(707) Concurrent Mark
[3275.633s][info][gc,marking     ] GC(707) Concurrent Mark From Roots
[3275.633s][info][gc,task        ] GC(707) Using 2 workers of 2 for marking
.[3276.458s][info][gc,marking     ] GC(707) Concurrent Mark From Roots 824.423ms
[3276.458s][info][gc,marking     ] GC(707) Concurrent Preclean
[3276.458s][info][gc,marking     ] GC(707) Concurrent Preclean 0.088ms
[3276.458s][info][gc,start       ] GC(707) Pause Remark
[3276.462s][info][gc             ] GC(707) Pause Remark 2177M->2177M(4096M) 4.235ms
[3276.462s][info][gc,cpu         ] GC(707) User=0.02s Sys=0.00s Real=0.00s
[3276.462s][info][gc,marking     ] GC(707) Concurrent Mark 829.002ms
[3276.462s][info][gc,marking     ] GC(707) Concurrent Rebuild Remembered Sets and Scrub Regions
[3276.743s][info][gc,marking     ] GC(707) Concurrent Rebuild Remembered Sets and Scrub Regions 280.993ms
[3276.743s][info][gc,start       ] GC(707) Pause Cleanup
[3276.744s][info][gc             ] GC(707) Pause Cleanup 2376M->2376M(4096M) 0.106ms
[3276.744s][info][gc,cpu         ] GC(707) User=0.00s Sys=0.00s Real=0.00s
[3276.744s][info][gc,marking     ] GC(707) Concurrent Clear Claimed Marks
[3276.744s][info][gc,marking     ] GC(707) Concurrent Clear Claimed Marks 0.035ms
[3276.744s][info][gc,marking     ] GC(707) Concurrent Cleanup for Next Mark
[3276.747s][info][gc,marking     ] GC(707) Concurrent Cleanup for Next Mark 3.163ms
[3276.747s][info][gc             ] GC(707) Concurrent Mark Cycle 1298.244ms
..[3278.599s][info][gc,start       ] GC(708) Pause Young (Prepare Mixed) (G1 Evacuation Pause)
[3278.599s][info][gc,task        ] GC(708) Using 6 workers of 6 for evacuation
[3278.717s][info][gc,phases      ] GC(708)   Pre Evacuate Collection Set: 0.34ms
[3278.717s][info][gc,phases      ] GC(708)   Merge Heap Roots: 0.50ms
[3278.717s][info][gc,phases      ] GC(708)   Evacuate Collection Set: 115.66ms
[3278.717s][info][gc,phases      ] GC(708)   Post Evacuate Collection Set: 0.90ms
[3278.717s][info][gc,phases      ] GC(708)   Other: 0.09ms
[3278.717s][info][gc,heap        ] GC(708) Eden regions: 1117->0(1108)
[3278.717s][info][gc,heap        ] GC(708) Survivor regions: 111->111(154)
[3278.717s][info][gc,heap        ] GC(708) Old regions: 504->535
[3278.717s][info][gc,heap        ] GC(708) Humongous regions: 80->80
[3278.717s][info][gc,metaspace   ] GC(708) Metaspace: 28948K(29376K)->28948K(29376K) NonClass: 24078K(24256K)->24078K(24256K) Class: 4870K(5120K)->4870K(5120K)
[3278.717s][info][gc             ] GC(708) Pause Young (Prepare Mixed) (G1 Evacuation Pause) 3621M->1449M(4096M) 117.618ms
[3278.717s][info][gc,cpu         ] GC(708) User=0.70s Sys=0.00s Real=0.12s
...[3281.934s][info][gc,start       ] GC(709) Pause Young (Mixed) (G1 Evacuation Pause)
[3281.934s][info][gc,task        ] GC(709) Using 6 workers of 6 for evacuation
[3282.064s][info][gc,phases      ] GC(709)   Pre Evacuate Collection Set: 0.34ms
[3282.064s][info][gc,phases      ] GC(709)   Merge Heap Roots: 0.60ms
[3282.064s][info][gc,phases      ] GC(709)   Evacuate Collection Set: 128.31ms
[3282.064s][info][gc,phases      ] GC(709)   Post Evacuate Collection Set: 0.92ms
[3282.064s][info][gc,phases      ] GC(709)   Other: 0.09ms
[3282.065s][info][gc,heap        ] GC(709) Eden regions: 1108->0(1119)
[3282.065s][info][gc,heap        ] GC(709) Survivor regions: 111->109(153)
[3282.065s][info][gc,heap        ] GC(709) Old regions: 535->471
[3282.065s][info][gc,heap        ] GC(709) Humongous regions: 80->80
[3282.065s][info][gc,metaspace   ] GC(709) Metaspace: 28948K(29376K)->28948K(29376K) NonClass: 24078K(24256K)->24078K(24256K) Class: 4870K(5120K)->4870K(5120K)
[3282.065s][info][gc             ] GC(709) Pause Young (Mixed) (G1 Evacuation Pause) 3665M->1319M(4096M) 130.407ms
[3282.065s][info][gc,cpu         ] GC(709) User=0.78s Sys=0.00s Real=0.13s
...[3285.208s][info][gc,start       ] GC(710) Pause Young (Concurrent Start) (G1 Evacuation Pause)
[3285.208s][info][gc,task        ] GC(710) Using 6 workers of 6 for evacuation
[3285.327s][info][gc,phases      ] GC(710)   Pre Evacuate Collection Set: 0.37ms
[3285.327s][info][gc,phases      ] GC(710)   Merge Heap Roots: 0.46ms
[3285.327s][info][gc,phases      ] GC(710)   Evacuate Collection Set: 117.21ms
[3285.327s][info][gc,phases      ] GC(710)   Post Evacuate Collection Set: 0.86ms
[3285.327s][info][gc,phases      ] GC(710)   Other: 0.12ms
[3285.327s][info][gc,heap        ] GC(710) Eden regions: 1119->0(1118)
[3285.327s][info][gc,heap        ] GC(710) Survivor regions: 109->110(154)
[3285.327s][info][gc,heap        ] GC(710) Old regions: 471->504
[3285.327s][info][gc,heap        ] GC(710) Humongous regions: 80->80
[3285.327s][info][gc,metaspace   ] GC(710) Metaspace: 28948K(29376K)->28948K(29376K) NonClass: 24078K(24256K)->24078K(24256K) Class: 4870K(5120K)->4870K(5120K)
[3285.327s][info][gc             ] GC(710) Pause Young (Concurrent Start) (G1 Evacuation Pause) 3557M->1386M(4096M) 119.167ms
[3285.327s][info][gc             ] GC(711) Concurrent Mark Cycle
[3285.327s][info][gc,marking     ] GC(711) Concurrent Scan Root Regions
[3285.327s][info][gc,cpu         ] GC(710) User=0.71s Sys=0.00s Real=0.12s
.[3285.513s][info][gc,marking     ] GC(711) Concurrent Scan Root Regions 185.829ms
[3285.513s][info][gc,marking     ] GC(711) Concurrent Mark
[3285.513s][info][gc,marking     ] GC(711) Concurrent Mark From Roots
[3285.513s][info][gc,task        ] GC(711) Using 2 workers of 2 for marking
[3286.335s][info][gc,marking     ] GC(711) Concurrent Mark From Roots 822.083ms
[3286.335s][info][gc,marking     ] GC(711) Concurrent Preclean
[3286.335s][info][gc,marking     ] GC(711) Concurrent Preclean 0.090ms
[3286.335s][info][gc,start       ] GC(711) Pause Remark
[3286.340s][info][gc             ] GC(711) Pause Remark 2154M->2154M(4096M) 4.786ms
[3286.340s][info][gc,cpu         ] GC(711) User=0.03s Sys=0.00s Real=0.00s
[3286.340s][info][gc,marking     ] GC(711) Concurrent Mark 827.195ms
[3286.340s][info][gc,marking     ] GC(711) Concurrent Rebuild Remembered Sets and Scrub Regions
.[3286.597s][info][gc,marking     ] GC(711) Concurrent Rebuild Remembered Sets and Scrub Regions 256.848ms
[3286.597s][info][gc,start       ] GC(711) Pause Cleanup
[3286.597s][info][gc             ] GC(711) Pause Cleanup 2306M->2306M(4096M) 0.095ms
[3286.597s][info][gc,cpu         ] GC(711) User=0.00s Sys=0.00s Real=0.00s
[3286.597s][info][gc,marking     ] GC(711) Concurrent Clear Claimed Marks
[3286.597s][info][gc,marking     ] GC(711) Concurrent Clear Claimed Marks 0.031ms
[3286.597s][info][gc,marking     ] GC(711) Concurrent Cleanup for Next Mark
[3286.600s][info][gc,marking     ] GC(711) Concurrent Cleanup for Next Mark 3.179ms
[3286.600s][info][gc             ] GC(711) Concurrent Mark Cycle 1273.496ms
..[3288.572s][info][gc,start       ] GC(712) Pause Young (Prepare Mixed) (G1 Evacuation Pause)
[3288.572s][info][gc,task        ] GC(712) Using 6 workers of 6 for evacuation
[3288.688s][info][gc,phases      ] GC(712)   Pre Evacuate Collection Set: 0.32ms
[3288.688s][info][gc,phases      ] GC(712)   Merge Heap Roots: 0.50ms
[3288.688s][info][gc,phases      ] GC(712)   Evacuate Collection Set: 114.56ms
[3288.688s][info][gc,phases      ] GC(712)   Post Evacuate Collection Set: 0.91ms
[3288.688s][info][gc,phases      ] GC(712)   Other: 0.09ms
[3288.688s][info][gc,heap        ] GC(712) Eden regions: 1118->0(1108)
[3288.688s][info][gc,heap        ] GC(712) Survivor regions: 110->111(154)
[3288.688s][info][gc,heap        ] GC(712) Old regions: 504->535
[3288.688s][info][gc,heap        ] GC(712) Humongous regions: 80->80
[3288.688s][info][gc,metaspace   ] GC(712) Metaspace: 28948K(29376K)->28948K(29376K) NonClass: 24078K(24256K)->24078K(24256K) Class: 4870K(5120K)->4870K(5120K)
[3288.688s][info][gc             ] GC(712) Pause Young (Prepare Mixed) (G1 Evacuation Pause) 3622M->1451M(4096M) 116.515ms
[3288.688s][info][gc,cpu         ] GC(712) User=0.70s Sys=0.00s Real=0.12s
...[3291.750s][info][gc,start       ] GC(713) Pause Young (Mixed) (G1 Evacuation Pause)
[3291.750s][info][gc,task        ] GC(713) Using 6 workers of 6 for evacuation
[3291.879s][info][gc,phases      ] GC(713)   Pre Evacuate Collection Set: 0.35ms
[3291.879s][info][gc,phases      ] GC(713)   Merge Heap Roots: 0.62ms
[3291.879s][info][gc,phases      ] GC(713)   Evacuate Collection Set: 127.07ms
[3291.879s][info][gc,phases      ] GC(713)   Post Evacuate Collection Set: 0.94ms
[3291.879s][info][gc,phases      ] GC(713)   Other: 0.09ms
[3291.879s][info][gc,heap        ] GC(713) Eden regions: 1108->0(1122)
[3291.879s][info][gc,heap        ] GC(713) Survivor regions: 111->106(153)
[3291.879s][info][gc,heap        ] GC(713) Old regions: 535->473
[3291.879s][info][gc,heap        ] GC(713) Humongous regions: 80->80
[3291.879s][info][gc,metaspace   ] GC(713) Metaspace: 28948K(29376K)->28948K(29376K) NonClass: 24078K(24256K)->24078K(24256K) Class: 4870K(5120K)->4870K(5120K)
[3291.879s][info][gc             ] GC(713) Pause Young (Mixed) (G1 Evacuation Pause) 3667M->1317M(4096M) 129.209ms
[3291.879s][info][gc,cpu         ] GC(713) User=0.77s Sys=0.00s Real=0.13s
...[3295.094s][info][gc,start       ] GC(714) Pause Young (Concurrent Start) (G1 Evacuation Pause)
[3295.094s][info][gc,task        ] GC(714) Using 6 workers of 6 for evacuation
[3295.211s][info][gc,phases      ] GC(714)   Pre Evacuate Collection Set: 0.32ms
[3295.211s][info][gc,phases      ] GC(714)   Merge Heap Roots: 0.44ms
[3295.211s][info][gc,phases      ] GC(714)   Evacuate Collection Set: 115.88ms
[3295.211s][info][gc,phases      ] GC(714)   Post Evacuate Collection Set: 0.87ms
[3295.211s][info][gc,phases      ] GC(714)   Other: 0.10ms
[3295.211s][info][gc,heap        ] GC(714) Eden regions: 1122->0(1119)
[3295.211s][info][gc,heap        ] GC(714) Survivor regions: 106->109(154)
[3295.211s][info][gc,heap        ] GC(714) Old regions: 473->506
[3295.211s][info][gc,heap        ] GC(714) Humongous regions: 80->80
[3295.211s][info][gc,metaspace   ] GC(714) Metaspace: 28948K(29376K)->28948K(29376K) NonClass: 24078K(24256K)->24078K(24256K) Class: 4870K(5120K)->4870K(5120K)
[3295.211s][info][gc             ] GC(714) Pause Young (Concurrent Start) (G1 Evacuation Pause) 3561M->1389M(4096M) 117.739ms
[3295.211s][info][gc             ] GC(715) Concurrent Mark Cycle
[3295.211s][info][gc,marking     ] GC(715) Concurrent Scan Root Regions
[3295.211s][info][gc,cpu         ] GC(714) User=0.71s Sys=0.00s Real=0.11s
.[3295.424s][info][gc,marking     ] GC(715) Concurrent Scan Root Regions 212.353ms
[3295.424s][info][gc,marking     ] GC(715) Concurrent Mark
[3295.424s][info][gc,marking     ] GC(715) Concurrent Mark From Roots
[3295.424s][info][gc,task        ] GC(715) Using 2 workers of 2 for marking
[3296.211s][info][gc,marking     ] GC(715) Concurrent Mark From Roots 786.798ms
[3296.211s][info][gc,marking     ] GC(715) Concurrent Preclean
[3296.211s][info][gc,marking     ] GC(715) Concurrent Preclean 0.102ms
[3296.211s][info][gc,start       ] GC(715) Pause Remark
[3296.216s][info][gc             ] GC(715) Pause Remark 2136M->2136M(4096M) 4.720ms
[3296.216s][info][gc,cpu         ] GC(715) User=0.03s Sys=0.00s Real=0.01s
[3296.216s][info][gc,marking     ] GC(715) Concurrent Mark 791.861ms
[3296.216s][info][gc,marking     ] GC(715) Concurrent Rebuild Remembered Sets and Scrub Regions
. (rIR:aIR:PR = 5673:5680:5681) (tPR = 84510) [OK] 
  3296s: Performance info:
         Transaction,    Success,    Partial,     Failed,   Receipts, AvgBarcode, 
             Overall,     342965,          0,          0,     325827,      59.48, 
         Response times:
             Request,    Success,    Partial,     Failed,   SkipFail,     Probes,    Samples,      min,      p50,      p90,      p95,      p99,      max, 
       TotalPurchase,     325627,          0,          0,          0,     319190,     363787,      300,     4600,    13400,    39000,   109000,   227000,
     InStorePurchase,     171378,          0,          0,          0,     168473,     191281,      300,     4600,    13200,    39000,   109000,   227000,
      OnlinePurchase,     119980,          0,          0,          0,     117312,     133991,      300,     4700,    13600,    39000,   108000,   227000,
        InstPurchase,      34269,          0,          0,          0,      33405,      38515,      400,     4400,    13400,    37000,   106000,   227000,
          AssocOfCat,        341,          0,          0,          0,        262,        369,    22000,    34000,    65000,    88000,   160000,   174000,
      AssocOfProduct,       3416,          0,          0,          0,       3201,       3872,      500,     4300,    12870,    41000,   124000,   161000,
      BusinessReport,        858,          0,          0,          0,        751,        966,    26000,    39000,    70000,   111250,   182330,   250000,
          CustBuyBeh,       3436,          0,          0,          0,       3176,       3870,      300,     5000,    14600,    42000,   106000,   144000,
       ProductReturn,       9082,          0,          0,          0,       8582,      10095,      200,     4300,    12800,    37000,    98000,   227000,

  3296s: (42%)   IR =   5812 [3296.489s][info][gc,marking     ] GC(715) Concurrent Rebuild Remembered Sets and Scrub Regions 273.174ms
[3296.489s][info][gc,start       ] GC(715) Pause Cleanup
[3296.489s][info][gc             ] GC(715) Pause Cleanup 2292M->2292M(4096M) 0.096ms
[3296.489s][info][gc,cpu         ] GC(715) User=0.00s Sys=0.00s Real=0.00s
[3296.489s][info][gc,marking     ] GC(715) Concurrent Clear Claimed Marks
[3296.489s][info][gc,marking     ] GC(715) Concurrent Clear Claimed Marks 0.023ms
[3296.489s][info][gc,marking     ] GC(715) Concurrent Cleanup for Next Mark
[3296.493s][info][gc,marking     ] GC(715) Concurrent Cleanup for Next Mark 3.589ms
[3296.493s][info][gc             ] GC(715) Concurrent Mark Cycle 1281.416ms
.[3298.461s][info][gc,start       ] GC(716) Pause Young (Prepare Mixed) (G1 Evacuation Pause)
[3298.462s][info][gc,task        ] GC(716) Using 6 workers of 6 for evacuation
[3298.583s][info][gc,phases      ] GC(716)   Pre Evacuate Collection Set: 0.30ms
[3298.583s][info][gc,phases      ] GC(716)   Merge Heap Roots: 0.50ms
[3298.583s][info][gc,phases      ] GC(716)   Evacuate Collection Set: 119.54ms
[3298.583s][info][gc,phases      ] GC(716)   Post Evacuate Collection Set: 0.91ms
[3298.583s][info][gc,phases      ] GC(716)   Other: 0.09ms
[3298.583s][info][gc,heap        ] GC(716) Eden regions: 1119->0(1098)
[3298.583s][info][gc,heap        ] GC(716) Survivor regions: 109->115(154)
[3298.583s][info][gc,heap        ] GC(716) Old regions: 506->537
[3298.583s][info][gc,heap        ] GC(716) Humongous regions: 80->80
[3298.583s][info][gc,metaspace   ] GC(716) Metaspace: 28948K(29376K)->28948K(29376K) NonClass: 24078K(24256K)->24078K(24256K) Class: 4870K(5120K)->4870K(5120K)
[3298.583s][info][gc             ] GC(716) Pause Young (Prepare Mixed) (G1 Evacuation Pause) 3627M->1462M(4096M) 121.461ms
[3298.583s][info][gc,cpu         ] GC(716) User=0.72s Sys=0.00s Real=0.12s
...[3301.570s][info][gc,start       ] GC(717) Pause Young (Mixed) (G1 Evacuation Pause)
[3301.570s][info][gc,task        ] GC(717) Using 6 workers of 6 for evacuation
[3301.708s][info][gc,phases      ] GC(717)   Pre Evacuate Collection Set: 0.36ms
[3301.708s][info][gc,phases      ] GC(717)   Merge Heap Roots: 0.69ms
[3301.708s][info][gc,phases      ] GC(717)   Evacuate Collection Set: 135.32ms
[3301.708s][info][gc,phases      ] GC(717)   Post Evacuate Collection Set: 0.99ms
[3301.708s][info][gc,phases      ] GC(717)   Other: 0.09ms
[3301.708s][info][gc,heap        ] GC(717) Eden regions: 1098->0(1116)
[3301.708s][info][gc,heap        ] GC(717) Survivor regions: 115->112(152)
[3301.708s][info][gc,heap        ] GC(717) Old regions: 537->472
[3301.708s][info][gc,heap        ] GC(717) Humongous regions: 80->80
[3301.708s][info][gc,metaspace   ] GC(717) Metaspace: 28948K(29376K)->28948K(29376K) NonClass: 24078K(24256K)->24078K(24256K) Class: 4870K(5120K)->4870K(5120K)
[3301.708s][info][gc             ] GC(717) Pause Young (Mixed) (G1 Evacuation Pause) 3658M->1327M(4096M) 137.580ms
[3301.708s][info][gc,cpu         ] GC(717) User=0.82s Sys=0.00s Real=0.14s
....|[3304.811s][info][gc,start       ] GC(718) Pause Young (Concurrent Start) (G1 Evacuation Pause)
[3304.811s][info][gc,task        ] GC(718) Using 6 workers of 6 for evacuation
[3304.928s][info][gc,phases      ] GC(718)   Pre Evacuate Collection Set: 0.38ms
[3304.928s][info][gc,phases      ] GC(718)   Merge Heap Roots: 0.43ms
[3304.928s][info][gc,phases      ] GC(718)   Evacuate Collection Set: 115.90ms
[3304.928s][info][gc,phases      ] GC(718)   Post Evacuate Collection Set: 0.86ms
[3304.928s][info][gc,phases      ] GC(718)   Other: 0.13ms
[3304.928s][info][gc,heap        ] GC(718) Eden regions: 1116->0(1120)
[3304.928s][info][gc,heap        ] GC(718) Survivor regions: 112->108(154)
[3304.928s][info][gc,heap        ] GC(718) Old regions: 472->505
[3304.928s][info][gc,heap        ] GC(718) Humongous regions: 80->80
[3304.928s][info][gc,metaspace   ] GC(718) Metaspace: 28948K(29376K)->28948K(29376K) NonClass: 24078K(24256K)->24078K(24256K) Class: 4870K(5120K)->4870K(5120K)
[3304.928s][info][gc             ] GC(718) Pause Young (Concurrent Start) (G1 Evacuation Pause) 3559M->1385M(4096M) 117.843ms
[3304.929s][info][gc             ] GC(719) Concurrent Mark Cycle
[3304.929s][info][gc,marking     ] GC(719) Concurrent Scan Root Regions
[3304.929s][info][gc,cpu         ] GC(718) User=0.70s Sys=0.00s Real=0.12s
[3305.116s][info][gc,marking     ] GC(719) Concurrent Scan Root Regions 187.742ms
[3305.116s][info][gc,marking     ] GC(719) Concurrent Mark
[3305.116s][info][gc,marking     ] GC(719) Concurrent Mark From Roots
[3305.116s][info][gc,task        ] GC(719) Using 2 workers of 2 for marking
.[3305.931s][info][gc,marking     ] GC(719) Concurrent Mark From Roots 814.271ms
[3305.931s][info][gc,marking     ] GC(719) Concurrent Preclean
[3305.931s][info][gc,marking     ] GC(719) Concurrent Preclean 0.106ms
[3305.931s][info][gc,start       ] GC(719) Pause Remark
[3305.936s][info][gc             ] GC(719) Pause Remark 2130M->2130M(4096M) 5.467ms
[3305.936s][info][gc,cpu         ] GC(719) User=0.03s Sys=0.00s Real=0.01s
[3305.936s][info][gc,marking     ] GC(719) Concurrent Mark 820.061ms
[3305.936s][info][gc,marking     ] GC(719) Concurrent Rebuild Remembered Sets and Scrub Regions
[3306.177s][info][gc,marking     ] GC(719) Concurrent Rebuild Remembered Sets and Scrub Regions 240.967ms
[3306.178s][info][gc,start       ] GC(719) Pause Cleanup
[3306.178s][info][gc             ] GC(719) Pause Cleanup 2273M->2273M(4096M) 0.094ms
[3306.178s][info][gc,cpu         ] GC(719) User=0.00s Sys=0.00s Real=0.00s
[3306.178s][info][gc,marking     ] GC(719) Concurrent Clear Claimed Marks
[3306.178s][info][gc,marking     ] GC(719) Concurrent Clear Claimed Marks 0.029ms
[3306.178s][info][gc,marking     ] GC(719) Concurrent Cleanup for Next Mark
[3306.182s][info][gc,marking     ] GC(719) Concurrent Cleanup for Next Mark 4.072ms
[3306.182s][info][gc             ] GC(719) Concurrent Mark Cycle 1253.360ms
..[3308.035s][info][gc,start       ] GC(720) Pause Young (Prepare Mixed) (G1 Evacuation Pause)
[3308.035s][info][gc,task        ] GC(720) Using 6 workers of 6 for evacuation
[3308.151s][info][gc,phases      ] GC(720)   Pre Evacuate Collection Set: 0.30ms
[3308.151s][info][gc,phases      ] GC(720)   Merge Heap Roots: 0.47ms
[3308.151s][info][gc,phases      ] GC(720)   Evacuate Collection Set: 114.95ms
[3308.151s][info][gc,phases      ] GC(720)   Post Evacuate Collection Set: 0.90ms
[3308.151s][info][gc,phases      ] GC(720)   Other: 0.09ms
[3308.151s][info][gc,heap        ] GC(720) Eden regions: 1120->0(1109)
[3308.151s][info][gc,heap        ] GC(720) Survivor regions: 108->110(154)
[3308.151s][info][gc,heap        ] GC(720) Old regions: 505->536
[3308.151s][info][gc,heap        ] GC(720) Humongous regions: 80->80
[3308.151s][info][gc,metaspace   ] GC(720) Metaspace: 28948K(29376K)->28948K(29376K) NonClass: 24078K(24256K)->24078K(24256K) Class: 4870K(5120K)->4870K(5120K)
[3308.151s][info][gc             ] GC(720) Pause Young (Prepare Mixed) (G1 Evacuation Pause) 3625M->1451M(4096M) 116.849ms
[3308.152s][info][gc,cpu         ] GC(720) User=0.70s Sys=0.00s Real=0.11s
...[3311.257s][info][gc,start       ] GC(721) Pause Young (Mixed) (G1 Evacuation Pause)
[3311.257s][info][gc,task        ] GC(721) Using 6 workers of 6 for evacuation
[3311.387s][info][gc,phases      ] GC(721)   Pre Evacuate Collection Set: 0.38ms
[3311.387s][info][gc,phases      ] GC(721)   Merge Heap Roots: 0.68ms
[3311.387s][info][gc,phases      ] GC(721)   Evacuate Collection Set: 128.17ms
[3311.387s][info][gc,phases      ] GC(721)   Post Evacuate Collection Set: 0.92ms
[3311.387s][info][gc,phases      ] GC(721)   Other: 0.09ms
[3311.387s][info][gc,heap        ] GC(721) Eden regions: 1109->0(1117)
[3311.387s][info][gc,heap        ] GC(721) Survivor regions: 110->111(153)
[3311.387s][info][gc,heap        ] GC(721) Old regions: 536->473
[3311.387s][info][gc,heap        ] GC(721) Humongous regions: 80->80
[3311.387s][info][gc,metaspace   ] GC(721) Metaspace: 28948K(29376K)->28948K(29376K) NonClass: 24078K(24256K)->24078K(24256K) Class: 4870K(5120K)->4870K(5120K)
[3311.387s][info][gc             ] GC(721) Pause Young (Mixed) (G1 Evacuation Pause) 3669M->1325M(4096M) 130.401ms
[3311.388s][info][gc,cpu         ] GC(721) User=0.77s Sys=0.00s Real=0.13s
...[3314.479s][info][gc,start       ] GC(722) Pause Young (Concurrent Start) (G1 Evacuation Pause)
[3314.479s][info][gc,task        ] GC(722) Using 6 workers of 6 for evacuation
[3314.601s][info][gc,phases      ] GC(722)   Pre Evacuate Collection Set: 0.39ms
[3314.601s][info][gc,phases      ] GC(722)   Merge Heap Roots: 0.48ms
[3314.601s][info][gc,phases      ] GC(722)   Evacuate Collection Set: 119.70ms
[3314.601s][info][gc,phases      ] GC(722)   Post Evacuate Collection Set: 0.87ms
[3314.601s][info][gc,phases      ] GC(722)   Other: 0.12ms
[3314.601s][info][gc,heap        ] GC(722) Eden regions: 1117->0(1116)
[3314.601s][info][gc,heap        ] GC(722) Survivor regions: 111->112(154)
[3314.601s][info][gc,heap        ] GC(722) Old regions: 473->506
[3314.601s][info][gc,heap        ] GC(722) Humongous regions: 80->80
[3314.601s][info][gc,metaspace   ] GC(722) Metaspace: 28948K(29376K)->28948K(29376K) NonClass: 24078K(24256K)->24078K(24256K) Class: 4870K(5120K)->4870K(5120K)
[3314.601s][info][gc             ] GC(722) Pause Young (Concurrent Start) (G1 Evacuation Pause) 3559M->1394M(4096M) 121.711ms
[3314.601s][info][gc             ] GC(723) Concurrent Mark Cycle
[3314.601s][info][gc,marking     ] GC(723) Concurrent Scan Root Regions
[3314.601s][info][gc,cpu         ] GC(722) User=0.73s Sys=0.00s Real=0.12s
.[3314.779s][info][gc,marking     ] GC(723) Concurrent Scan Root Regions 177.696ms
[3314.779s][info][gc,marking     ] GC(723) Concurrent Mark
[3314.779s][info][gc,marking     ] GC(723) Concurrent Mark From Roots
[3314.779s][info][gc,task        ] GC(723) Using 2 workers of 2 for marking
[3315.564s][info][gc,marking     ] GC(723) Concurrent Mark From Roots 785.594ms
[3315.564s][info][gc,marking     ] GC(723) Concurrent Preclean
[3315.564s][info][gc,marking     ] GC(723) Concurrent Preclean 0.091ms
[3315.565s][info][gc,start       ] GC(723) Pause Remark
[3315.570s][info][gc             ] GC(723) Pause Remark 2092M->2092M(4096M) 5.205ms
[3315.570s][info][gc,cpu         ] GC(723) User=0.03s Sys=0.00s Real=0.00s
[3315.570s][info][gc,marking     ] GC(723) Concurrent Mark 791.125ms
[3315.570s][info][gc,marking     ] GC(723) Concurrent Rebuild Remembered Sets and Scrub Regions
.[3315.873s][info][gc,marking     ] GC(723) Concurrent Rebuild Remembered Sets and Scrub Regions 303.036ms
[3315.873s][info][gc,start       ] GC(723) Pause Cleanup
[3315.873s][info][gc             ] GC(723) Pause Cleanup 2272M->2272M(4096M) 0.111ms
[3315.873s][info][gc,cpu         ] GC(723) User=0.00s Sys=0.00s Real=0.01s
[3315.873s][info][gc,marking     ] GC(723) Concurrent Clear Claimed Marks
[3315.873s][info][gc,marking     ] GC(723) Concurrent Clear Claimed Marks 0.024ms
[3315.873s][info][gc,marking     ] GC(723) Concurrent Cleanup for Next Mark
[3315.879s][info][gc,marking     ] GC(723) Concurrent Cleanup for Next Mark 5.197ms
[3315.879s][info][gc             ] GC(723) Concurrent Mark Cycle 1277.591ms
..[3317.762s][info][gc,start       ] GC(724) Pause Young (Prepare Mixed) (G1 Evacuation Pause)
[3317.762s][info][gc,task        ] GC(724) Using 6 workers of 6 for evacuation
[3317.876s][info][gc,phases      ] GC(724)   Pre Evacuate Collection Set: 0.33ms
[3317.876s][info][gc,phases      ] GC(724)   Merge Heap Roots: 0.50ms
[3317.876s][info][gc,phases      ] GC(724)   Evacuate Collection Set: 112.31ms
[3317.876s][info][gc,phases      ] GC(724)   Post Evacuate Collection Set: 0.89ms
[3317.876s][info][gc,phases      ] GC(724)   Other: 0.08ms
[3317.876s][info][gc,heap        ] GC(724) Eden regions: 1116->0(1112)
[3317.876s][info][gc,heap        ] GC(724) Survivor regions: 112->108(154)
[3317.876s][info][gc,heap        ] GC(724) Old regions: 506->537
[3317.876s][info][gc,heap        ] GC(724) Humongous regions: 80->80
[3317.876s][info][gc,metaspace   ] GC(724) Metaspace: 28948K(29376K)->28948K(29376K) NonClass: 24078K(24256K)->24078K(24256K) Class: 4870K(5120K)->4870K(5120K)
[3317.876s][info][gc             ] GC(724) Pause Young (Prepare Mixed) (G1 Evacuation Pause) 3626M->1447M(4096M) 114.267ms
[3317.876s][info][gc,cpu         ] GC(724) User=0.68s Sys=0.00s Real=0.12s
...[3320.958s][info][gc,start       ] GC(725) Pause Young (Mixed) (G1 Evacuation Pause)
[3320.958s][info][gc,task        ] GC(725) Using 6 workers of 6 for evacuation
[3321.086s][info][gc,phases      ] GC(725)   Pre Evacuate Collection Set: 0.36ms
[3321.086s][info][gc,phases      ] GC(725)   Merge Heap Roots: 0.64ms
[3321.086s][info][gc,phases      ] GC(725)   Evacuate Collection Set: 125.75ms
[3321.086s][info][gc,phases      ] GC(725)   Post Evacuate Collection Set: 0.94ms
[3321.086s][info][gc,phases      ] GC(725)   Other: 0.09ms
[3321.086s][info][gc,heap        ] GC(725) Eden regions: 1112->0(1120)
[3321.086s][info][gc,heap        ] GC(725) Survivor regions: 108->108(153)
[3321.086s][info][gc,heap        ] GC(725) Old regions: 537->472
[3321.086s][info][gc,heap        ] GC(725) Humongous regions: 80->80
[3321.086s][info][gc,metaspace   ] GC(725) Metaspace: 28948K(29376K)->28948K(29376K) NonClass: 24078K(24256K)->24078K(24256K) Class: 4870K(5120K)->4870K(5120K)
[3321.086s][info][gc             ] GC(725) Pause Young (Mixed) (G1 Evacuation Pause) 3671M->1318M(4096M) 127.921ms
[3321.086s][info][gc,cpu         ] GC(725) User=0.76s Sys=0.00s Real=0.13s
...[3324.185s][info][gc,start       ] GC(726) Pause Young (Concurrent Start) (G1 Evacuation Pause)
[3324.185s][info][gc,task        ] GC(726) Using 6 workers of 6 for evacuation
[3324.304s][info][gc,phases      ] GC(726)   Pre Evacuate Collection Set: 0.36ms
[3324.304s][info][gc,phases      ] GC(726)   Merge Heap Roots: 0.44ms
[3324.304s][info][gc,phases      ] GC(726)   Evacuate Collection Set: 117.31ms
[3324.304s][info][gc,phases      ] GC(726)   Post Evacuate Collection Set: 0.87ms
[3324.304s][info][gc,phases      ] GC(726)   Other: 0.12ms
[3324.304s][info][gc,heap        ] GC(726) Eden regions: 1120->0(1117)
[3324.304s][info][gc,heap        ] GC(726) Survivor regions: 108->111(154)
[3324.304s][info][gc,heap        ] GC(726) Old regions: 472->504
[3324.304s][info][gc,heap        ] GC(726) Humongous regions: 80->80
[3324.304s][info][gc,metaspace   ] GC(726) Metaspace: 28948K(29376K)->28948K(29376K) NonClass: 24078K(24256K)->24078K(24256K) Class: 4870K(5120K)->4870K(5120K)
[3324.304s][info][gc             ] GC(726) Pause Young (Concurrent Start) (G1 Evacuation Pause) 3558M->1388M(4096M) 119.245ms
[3324.304s][info][gc             ] GC(727) Concurrent Mark Cycle
[3324.304s][info][gc,marking     ] GC(727) Concurrent Scan Root Regions
[3324.304s][info][gc,cpu         ] GC(726) User=0.71s Sys=0.00s Real=0.12s
[3324.449s][info][gc,marking     ] GC(727) Concurrent Scan Root Regions 144.610ms
[3324.449s][info][gc,marking     ] GC(727) Concurrent Mark
[3324.449s][info][gc,marking     ] GC(727) Concurrent Mark From Roots
[3324.449s][info][gc,task        ] GC(727) Using 2 workers of 2 for marking
.[3325.123s][info][gc,marking     ] GC(727) Concurrent Mark From Roots 673.958ms
[3325.123s][info][gc,marking     ] GC(727) Concurrent Preclean
[3325.123s][info][gc,marking     ] GC(727) Concurrent Preclean 0.128ms
[3325.123s][info][gc,start       ] GC(727) Pause Remark
[3325.128s][info][gc             ] GC(727) Pause Remark 1999M->1999M(4096M) 4.540ms
[3325.128s][info][gc,cpu         ] GC(727) User=0.03s Sys=0.00s Real=0.01s
[3325.128s][info][gc,marking     ] GC(727) Concurrent Mark 679.424ms
[3325.128s][info][gc,marking     ] GC(727) Concurrent Rebuild Remembered Sets and Scrub Regions
[3325.375s][info][gc,marking     ] GC(727) Concurrent Rebuild Remembered Sets and Scrub Regions 246.520ms
[3325.375s][info][gc,start       ] GC(727) Pause Cleanup
[3325.375s][info][gc             ] GC(727) Pause Cleanup 2185M->2185M(4096M) 0.099ms
[3325.375s][info][gc,cpu         ] GC(727) User=0.00s Sys=0.00s Real=0.00s
[3325.375s][info][gc,marking     ] GC(727) Concurrent Clear Claimed Marks
[3325.375s][info][gc,marking     ] GC(727) Concurrent Clear Claimed Marks 0.026ms
[3325.375s][info][gc,marking     ] GC(727) Concurrent Cleanup for Next Mark
[3325.379s][info][gc,marking     ] GC(727) Concurrent Cleanup for Next Mark 4.269ms
[3325.379s][info][gc             ] GC(727) Concurrent Mark Cycle 1075.312ms
..[3327.408s][info][gc,start       ] GC(728) Pause Young (Prepare Mixed) (G1 Evacuation Pause)
[3327.408s][info][gc,task        ] GC(728) Using 6 workers of 6 for evacuation
[3327.524s][info][gc,phases      ] GC(728)   Pre Evacuate Collection Set: 0.32ms
[3327.524s][info][gc,phases      ] GC(728)   Merge Heap Roots: 0.48ms
[3327.524s][info][gc,phases      ] GC(728)   Evacuate Collection Set: 113.68ms
[3327.524s][info][gc,phases      ] GC(728)   Post Evacuate Collection Set: 0.89ms
[3327.524s][info][gc,phases      ] GC(728)   Other: 0.08ms
[3327.524s][info][gc,heap        ] GC(728) Eden regions: 1117->0(1111)
[3327.524s][info][gc,heap        ] GC(728) Survivor regions: 111->109(154)
[3327.524s][info][gc,heap        ] GC(728) Old regions: 504->536
[3327.524s][info][gc,heap        ] GC(728) Humongous regions: 80->80
[3327.524s][info][gc,metaspace   ] GC(728) Metaspace: 28948K(29376K)->28948K(29376K) NonClass: 24078K(24256K)->24078K(24256K) Class: 4870K(5120K)->4870K(5120K)
[3327.524s][info][gc             ] GC(728) Pause Young (Prepare Mixed) (G1 Evacuation Pause) 3622M->1449M(4096M) 115.567ms
[3327.524s][info][gc,cpu         ] GC(728) User=0.69s Sys=0.00s Real=0.12s
...[3330.649s][info][gc,start       ] GC(729) Pause Young (Mixed) (G1 Evacuation Pause)
[3330.649s][info][gc,task        ] GC(729) Using 6 workers of 6 for evacuation
[3330.782s][info][gc,phases      ] GC(729)   Pre Evacuate Collection Set: 0.36ms
[3330.782s][info][gc,phases      ] GC(729)   Merge Heap Roots: 0.64ms
[3330.782s][info][gc,phases      ] GC(729)   Evacuate Collection Set: 130.98ms
[3330.782s][info][gc,phases      ] GC(729)   Post Evacuate Collection Set: 0.93ms
[3330.782s][info][gc,phases      ] GC(729)   Other: 0.09ms
[3330.782s][info][gc,heap        ] GC(729) Eden regions: 1111->0(1117)
[3330.782s][info][gc,heap        ] GC(729) Survivor regions: 109->111(153)
[3330.782s][info][gc,heap        ] GC(729) Old regions: 536->472
[3330.782s][info][gc,heap        ] GC(729) Humongous regions: 80->80
[3330.782s][info][gc,metaspace   ] GC(729) Metaspace: 28948K(29376K)->28948K(29376K) NonClass: 24078K(24256K)->24078K(24256K) Class: 4870K(5120K)->4870K(5120K)
[3330.782s][info][gc             ] GC(729) Pause Young (Mixed) (G1 Evacuation Pause) 3671M->1324M(4096M) 133.135ms
[3330.782s][info][gc,cpu         ] GC(729) User=0.80s Sys=0.00s Real=0.13s
....[3333.872s][info][gc,start       ] GC(730) Pause Young (Concurrent Start) (G1 Evacuation Pause)
[3333.872s][info][gc,task        ] GC(730) Using 6 workers of 6 for evacuation
[3333.987s][info][gc,phases      ] GC(730)   Pre Evacuate Collection Set: 0.34ms
[3333.987s][info][gc,phases      ] GC(730)   Merge Heap Roots: 0.47ms
[3333.987s][info][gc,phases      ] GC(730)   Evacuate Collection Set: 113.13ms
[3333.987s][info][gc,phases      ] GC(730)   Post Evacuate Collection Set: 0.86ms
[3333.987s][info][gc,phases      ] GC(730)   Other: 0.11ms
[3333.987s][info][gc,heap        ] GC(730) Eden regions: 1117->0(1120)
[3333.987s][info][gc,heap        ] GC(730) Survivor regions: 111->108(154)
[3333.987s][info][gc,heap        ] GC(730) Old regions: 472->504
[3333.987s][info][gc,heap        ] GC(730) Humongous regions: 80->80
[3333.987s][info][gc,metaspace   ] GC(730) Metaspace: 28948K(29376K)->28948K(29376K) NonClass: 24078K(24256K)->24078K(24256K) Class: 4870K(5120K)->4870K(5120K)
[3333.987s][info][gc             ] GC(730) Pause Young (Concurrent Start) (G1 Evacuation Pause) 3558M->1382M(4096M) 115.072ms
[3333.987s][info][gc             ] GC(731) Concurrent Mark Cycle
[3333.987s][info][gc,marking     ] GC(731) Concurrent Scan Root Regions
[3333.987s][info][gc,cpu         ] GC(730) User=0.68s Sys=0.00s Real=0.12s
[3334.131s][info][gc,marking     ] GC(731) Concurrent Scan Root Regions 143.378ms
[3334.131s][info][gc,marking     ] GC(731) Concurrent Mark
[3334.131s][info][gc,marking     ] GC(731) Concurrent Mark From Roots
[3334.131s][info][gc,task        ] GC(731) Using 2 workers of 2 for marking
[3334.797s][info][gc,marking     ] GC(731) Concurrent Mark From Roots 666.405ms
[3334.797s][info][gc,marking     ] GC(731) Concurrent Preclean
[3334.797s][info][gc,marking     ] GC(731) Concurrent Preclean 0.114ms
[3334.801s][info][gc,start       ] GC(731) Pause Remark
[3334.806s][info][gc             ] GC(731) Pause Remark 1996M->1996M(4096M) 5.185ms
[3334.806s][info][gc,cpu         ] GC(731) User=0.03s Sys=0.00s Real=0.01s
[3334.806s][info][gc,marking     ] GC(731) Concurrent Mark 675.470ms
[3334.806s][info][gc,marking     ] GC(731) Concurrent Rebuild Remembered Sets and Scrub Regions
.[3335.092s][info][gc,marking     ] GC(731) Concurrent Rebuild Remembered Sets and Scrub Regions 285.922ms
[3335.092s][info][gc,start       ] GC(731) Pause Cleanup
[3335.092s][info][gc             ] GC(731) Pause Cleanup 2202M->2202M(4096M) 0.094ms
[3335.092s][info][gc,cpu         ] GC(731) User=0.00s Sys=0.00s Real=0.00s
[3335.092s][info][gc,marking     ] GC(731) Concurrent Clear Claimed Marks
[3335.093s][info][gc,marking     ] GC(731) Concurrent Clear Claimed Marks 0.026ms
[3335.093s][info][gc,marking     ] GC(731) Concurrent Cleanup for Next Mark
[3335.097s][info][gc,marking     ] GC(731) Concurrent Cleanup for Next Mark 4.832ms
[3335.097s][info][gc             ] GC(731) Concurrent Mark Cycle 1110.033ms
..[3337.165s][info][gc,start       ] GC(732) Pause Young (Prepare Mixed) (G1 Evacuation Pause)
[3337.165s][info][gc,task        ] GC(732) Using 6 workers of 6 for evacuation
[3337.282s][info][gc,phases      ] GC(732)   Pre Evacuate Collection Set: 0.33ms
[3337.282s][info][gc,phases      ] GC(732)   Merge Heap Roots: 0.50ms
[3337.282s][info][gc,phases      ] GC(732)   Evacuate Collection Set: 114.98ms
[3337.282s][info][gc,phases      ] GC(732)   Post Evacuate Collection Set: 0.91ms
[3337.282s][info][gc,phases      ] GC(732)   Other: 0.09ms
[3337.282s][info][gc,heap        ] GC(732) Eden regions: 1120->0(1111)
[3337.282s][info][gc,heap        ] GC(732) Survivor regions: 108->109(154)
[3337.282s][info][gc,heap        ] GC(732) Old regions: 504->536
[3337.282s][info][gc,heap        ] GC(732) Humongous regions: 80->80
[3337.282s][info][gc,metaspace   ] GC(732) Metaspace: 28948K(29376K)->28948K(29376K) NonClass: 24078K(24256K)->24078K(24256K) Class: 4870K(5120K)->4870K(5120K)
[3337.282s][info][gc             ] GC(732) Pause Young (Prepare Mixed) (G1 Evacuation Pause) 3622M->1448M(4096M) 116.933ms
[3337.282s][info][gc,cpu         ] GC(732) User=0.70s Sys=0.00s Real=0.11s
...[3340.292s][info][gc,start       ] GC(733) Pause Young (Mixed) (G1 Evacuation Pause)
[3340.292s][info][gc,task        ] GC(733) Using 6 workers of 6 for evacuation
[3340.431s][info][gc,phases      ] GC(733)   Pre Evacuate Collection Set: 0.35ms
[3340.431s][info][gc,phases      ] GC(733)   Merge Heap Roots: 0.77ms
[3340.431s][info][gc,phases      ] GC(733)   Evacuate Collection Set: 136.66ms
[3340.431s][info][gc,phases      ] GC(733)   Post Evacuate Collection Set: 0.91ms
[3340.431s][info][gc,phases      ] GC(733)   Other: 0.09ms
[3340.431s][info][gc,heap        ] GC(733) Eden regions: 1111->0(1115)
[3340.431s][info][gc,heap        ] GC(733) Survivor regions: 109->113(153)
[3340.431s][info][gc,heap        ] GC(733) Old regions: 536->474
[3340.431s][info][gc,heap        ] GC(733) Humongous regions: 80->80
[3340.431s][info][gc,metaspace   ] GC(733) Metaspace: 28948K(29376K)->28948K(29376K) NonClass: 24078K(24256K)->24078K(24256K) Class: 4870K(5120K)->4870K(5120K)
[3340.431s][info][gc             ] GC(733) Pause Young (Mixed) (G1 Evacuation Pause) 3670M->1333M(4096M) 138.928ms
[3340.431s][info][gc,cpu         ] GC(733) User=0.82s Sys=0.00s Real=0.14s
...[3343.548s][info][gc,start       ] GC(734) Pause Young (Concurrent Start) (G1 Evacuation Pause)
[3343.548s][info][gc,task        ] GC(734) Using 6 workers of 6 for evacuation
[3343.668s][info][gc,phases      ] GC(734)   Pre Evacuate Collection Set: 0.34ms
[3343.668s][info][gc,phases      ] GC(734)   Merge Heap Roots: 0.45ms
[3343.668s][info][gc,phases      ] GC(734)   Evacuate Collection Set: 118.23ms
[3343.668s][info][gc,phases      ] GC(734)   Post Evacuate Collection Set: 0.85ms
[3343.668s][info][gc,phases      ] GC(734)   Other: 0.10ms
[3343.668s][info][gc,heap        ] GC(734) Eden regions: 1115->0(1117)
[3343.668s][info][gc,heap        ] GC(734) Survivor regions: 113->111(154)
[3343.668s][info][gc,heap        ] GC(734) Old regions: 474->507
[3343.668s][info][gc,heap        ] GC(734) Humongous regions: 80->80
[3343.668s][info][gc,metaspace   ] GC(734) Metaspace: 28948K(29376K)->28948K(29376K) NonClass: 24078K(24256K)->24078K(24256K) Class: 4870K(5120K)->4870K(5120K)
[3343.668s][info][gc             ] GC(734) Pause Young (Concurrent Start) (G1 Evacuation Pause) 3563M->1393M(4096M) 120.098ms
[3343.668s][info][gc             ] GC(735) Concurrent Mark Cycle
[3343.668s][info][gc,marking     ] GC(735) Concurrent Scan Root Regions
[3343.669s][info][gc,cpu         ] GC(734) User=0.71s Sys=0.00s Real=0.12s
[3343.813s][info][gc,marking     ] GC(735) Concurrent Scan Root Regions 144.684ms
[3343.813s][info][gc,marking     ] GC(735) Concurrent Mark
[3343.813s][info][gc,marking     ] GC(735) Concurrent Mark From Roots
[3343.813s][info][gc,task        ] GC(735) Using 2 workers of 2 for marking
.[3344.490s][info][gc,marking     ] GC(735) Concurrent Mark From Roots 676.481ms
[3344.490s][info][gc,marking     ] GC(735) Concurrent Preclean
[3344.490s][info][gc,marking     ] GC(735) Concurrent Preclean 0.091ms
[3344.490s][info][gc,start       ] GC(735) Pause Remark
[3344.496s][info][gc             ] GC(735) Pause Remark 2076M->2076M(4096M) 5.692ms
[3344.496s][info][gc,cpu         ] GC(735) User=0.03s Sys=0.00s Real=0.01s
[3344.496s][info][gc,marking     ] GC(735) Concurrent Mark 682.530ms
[3344.496s][info][gc,marking     ] GC(735) Concurrent Rebuild Remembered Sets and Scrub Regions
[3344.728s][info][gc,marking     ] GC(735) Concurrent Rebuild Remembered Sets and Scrub Regions 232.574ms
[3344.728s][info][gc,start       ] GC(735) Pause Cleanup
[3344.729s][info][gc             ] GC(735) Pause Cleanup 2228M->2228M(4096M) 0.108ms
[3344.729s][info][gc,cpu         ] GC(735) User=0.00s Sys=0.00s Real=0.00s
[3344.729s][info][gc,marking     ] GC(735) Concurrent Clear Claimed Marks
[3344.729s][info][gc,marking     ] GC(735) Concurrent Clear Claimed Marks 0.021ms
[3344.729s][info][gc,marking     ] GC(735) Concurrent Cleanup for Next Mark
[3344.732s][info][gc,marking     ] GC(735) Concurrent Cleanup for Next Mark 3.691ms
[3344.732s][info][gc             ] GC(735) Concurrent Mark Cycle 1063.915ms
..[3346.747s][info][gc,start       ] GC(736) Pause Young (Prepare Mixed) (G1 Evacuation Pause)
[3346.747s][info][gc,task        ] GC(736) Using 6 workers of 6 for evacuation
[3346.860s][info][gc,phases      ] GC(736)   Pre Evacuate Collection Set: 0.34ms
[3346.860s][info][gc,phases      ] GC(736)   Merge Heap Roots: 0.49ms
[3346.860s][info][gc,phases      ] GC(736)   Evacuate Collection Set: 111.36ms
[3346.860s][info][gc,phases      ] GC(736)   Post Evacuate Collection Set: 0.90ms
[3346.860s][info][gc,phases      ] GC(736)   Other: 0.09ms
[3346.860s][info][gc,heap        ] GC(736) Eden regions: 1117->0(1114)
[3346.860s][info][gc,heap        ] GC(736) Survivor regions: 111->107(154)
[3346.860s][info][gc,heap        ] GC(736) Old regions: 507->537
[3346.860s][info][gc,heap        ] GC(736) Humongous regions: 80->80
[3346.860s][info][gc,metaspace   ] GC(736) Metaspace: 28948K(29376K)->28948K(29376K) NonClass: 24078K(24256K)->24078K(24256K) Class: 4870K(5120K)->4870K(5120K)
[3346.860s][info][gc             ] GC(736) Pause Young (Prepare Mixed) (G1 Evacuation Pause) 3627M->1447M(4096M) 113.322ms
[3346.860s][info][gc,cpu         ] GC(736) User=0.68s Sys=0.00s Real=0.11s
....[3350.077s][info][gc,start       ] GC(737) Pause Young (Mixed) (G1 Evacuation Pause)
[3350.077s][info][gc,task        ] GC(737) Using 6 workers of 6 for evacuation
[3350.204s][info][gc,phases      ] GC(737)   Pre Evacuate Collection Set: 0.41ms
[3350.204s][info][gc,phases      ] GC(737)   Merge Heap Roots: 0.60ms
[3350.204s][info][gc,phases      ] GC(737)   Evacuate Collection Set: 125.57ms
[3350.204s][info][gc,phases      ] GC(737)   Post Evacuate Collection Set: 0.92ms
[3350.204s][info][gc,phases      ] GC(737)   Other: 0.09ms
[3350.204s][info][gc,heap        ] GC(737) Eden regions: 1114->0(1119)
[3350.204s][info][gc,heap        ] GC(737) Survivor regions: 107->109(153)
[3350.204s][info][gc,heap        ] GC(737) Old regions: 537->472
[3350.204s][info][gc,heap        ] GC(737) Humongous regions: 80->80
[3350.204s][info][gc,metaspace   ] GC(737) Metaspace: 28948K(29376K)->28948K(29376K) NonClass: 24078K(24256K)->24078K(24256K) Class: 4870K(5120K)->4870K(5120K)
[3350.204s][info][gc             ] GC(737) Pause Young (Mixed) (G1 Evacuation Pause) 3675M->1320M(4096M) 127.734ms
[3350.204s][info][gc,cpu         ] GC(737) User=0.76s Sys=0.00s Real=0.13s
...[3353.284s][info][gc,start       ] GC(738) Pause Young (Concurrent Start) (G1 Evacuation Pause)
[3353.284s][info][gc,task        ] GC(738) Using 6 workers of 6 for evacuation
[3353.400s][info][gc,phases      ] GC(738)   Pre Evacuate Collection Set: 0.35ms
[3353.400s][info][gc,phases      ] GC(738)   Merge Heap Roots: 0.47ms
[3353.400s][info][gc,phases      ] GC(738)   Evacuate Collection Set: 113.38ms
[3353.400s][info][gc,phases      ] GC(738)   Post Evacuate Collection Set: 0.88ms
[3353.400s][info][gc,phases      ] GC(738)   Other: 0.11ms
[3353.400s][info][gc,heap        ] GC(738) Eden regions: 1119->0(1119)
[3353.400s][info][gc,heap        ] GC(738) Survivor regions: 109->109(154)
[3353.400s][info][gc,heap        ] GC(738) Old regions: 472->504
[3353.400s][info][gc,heap        ] GC(738) Humongous regions: 80->80
[3353.400s][info][gc,metaspace   ] GC(738) Metaspace: 28948K(29376K)->28948K(29376K) NonClass: 24078K(24256K)->24078K(24256K) Class: 4870K(5120K)->4870K(5120K)
[3353.400s][info][gc             ] GC(738) Pause Young (Concurrent Start) (G1 Evacuation Pause) 3558M->1384M(4096M) 115.315ms
[3353.400s][info][gc             ] GC(739) Concurrent Mark Cycle
[3353.400s][info][gc,marking     ] GC(739) Concurrent Scan Root Regions
[3353.400s][info][gc,cpu         ] GC(738) User=0.68s Sys=0.00s Real=0.11s
[3353.543s][info][gc,marking     ] GC(739) Concurrent Scan Root Regions 143.133ms
[3353.543s][info][gc,marking     ] GC(739) Concurrent Mark
[3353.543s][info][gc,marking     ] GC(739) Concurrent Mark From Roots
[3353.543s][info][gc,task        ] GC(739) Using 2 workers of 2 for marking
.[3354.220s][info][gc,marking     ] GC(739) Concurrent Mark From Roots 676.717ms
[3354.220s][info][gc,marking     ] GC(739) Concurrent Preclean
[3354.220s][info][gc,marking     ] GC(739) Concurrent Preclean 0.105ms
[3354.221s][info][gc,start       ] GC(739) Pause Remark
[3354.227s][info][gc             ] GC(739) Pause Remark 2062M->2062M(4096M) 6.028ms
[3354.227s][info][gc,cpu         ] GC(739) User=0.04s Sys=0.00s Real=0.01s
[3354.227s][info][gc,marking     ] GC(739) Concurrent Mark 684.375ms
[3354.227s][info][gc,marking     ] GC(739) Concurrent Rebuild Remembered Sets and Scrub Regions
[3354.471s][info][gc,marking     ] GC(739) Concurrent Rebuild Remembered Sets and Scrub Regions 243.812ms
[3354.473s][info][gc,start       ] GC(739) Pause Cleanup
[3354.473s][info][gc             ] GC(739) Pause Cleanup 2224M->2224M(4096M) 0.122ms
[3354.473s][info][gc,cpu         ] GC(739) User=0.00s Sys=0.00s Real=0.00s
[3354.473s][info][gc,marking     ] GC(739) Concurrent Clear Claimed Marks
[3354.473s][info][gc,marking     ] GC(739) Concurrent Clear Claimed Marks 0.043ms
[3354.473s][info][gc,marking     ] GC(739) Concurrent Cleanup for Next Mark
[3354.478s][info][gc,marking     ] GC(739) Concurrent Cleanup for Next Mark 5.563ms
[3354.478s][info][gc             ] GC(739) Concurrent Mark Cycle 1078.756ms
..[3356.441s][info][gc,start       ] GC(740) Pause Young (Prepare Mixed) (G1 Evacuation Pause)
[3356.441s][info][gc,task        ] GC(740) Using 6 workers of 6 for evacuation
[3356.556s][info][gc,phases      ] GC(740)   Pre Evacuate Collection Set: 0.31ms
[3356.556s][info][gc,phases      ] GC(740)   Merge Heap Roots: 0.51ms
[3356.556s][info][gc,phases      ] GC(740)   Evacuate Collection Set: 113.57ms
[3356.556s][info][gc,phases      ] GC(740)   Post Evacuate Collection Set: 0.92ms
[3356.556s][info][gc,phases      ] GC(740)   Other: 0.09ms
[3356.556s][info][gc,heap        ] GC(740) Eden regions: 1119->0(1111)
[3356.556s][info][gc,heap        ] GC(740) Survivor regions: 109->109(154)
[3356.556s][info][gc,heap        ] GC(740) Old regions: 504->536
[3356.556s][info][gc,heap        ] GC(740) Humongous regions: 80->80
[3356.556s][info][gc,metaspace   ] GC(740) Metaspace: 28948K(29376K)->28948K(29376K) NonClass: 24078K(24256K)->24078K(24256K) Class: 4870K(5120K)->4870K(5120K)
[3356.556s][info][gc             ] GC(740) Pause Young (Prepare Mixed) (G1 Evacuation Pause) 3622M->1448M(4096M) 115.540ms
[3356.556s][info][gc,cpu         ] GC(740) User=0.68s Sys=0.00s Real=0.12s
...[3359.672s][info][gc,start       ] GC(741) Pause Young (Mixed) (G1 Evacuation Pause)
[3359.672s][info][gc,task        ] GC(741) Using 6 workers of 6 for evacuation
[3359.805s][info][gc,phases      ] GC(741)   Pre Evacuate Collection Set: 0.33ms
[3359.805s][info][gc,phases      ] GC(741)   Merge Heap Roots: 0.68ms
[3359.805s][info][gc,phases      ] GC(741)   Evacuate Collection Set: 130.92ms
[3359.805s][info][gc,phases      ] GC(741)   Post Evacuate Collection Set: 0.92ms
[3359.805s][info][gc,phases      ] GC(741)   Other: 0.09ms
[3359.805s][info][gc,heap        ] GC(741) Eden regions: 1111->0(1117)
[3359.805s][info][gc,heap        ] GC(741) Survivor regions: 109->111(153)
[3359.805s][info][gc,heap        ] GC(741) Old regions: 536->471
[3359.805s][info][gc,heap        ] GC(741) Humongous regions: 80->80
[3359.805s][info][gc,metaspace   ] GC(741) Metaspace: 28948K(29376K)->28948K(29376K) NonClass: 24078K(24256K)->24078K(24256K) Class: 4870K(5120K)->4870K(5120K)
[3359.805s][info][gc             ] GC(741) Pause Young (Mixed) (G1 Evacuation Pause) 3670M->1322M(4096M) 133.090ms
[3359.806s][info][gc,cpu         ] GC(741) User=0.79s Sys=0.00s Real=0.14s
....[3362.989s][info][gc,start       ] GC(742) Pause Young (Concurrent Start) (G1 Evacuation Pause)
[3362.989s][info][gc,task        ] GC(742) Using 6 workers of 6 for evacuation
[3363.103s][info][gc,phases      ] GC(742)   Pre Evacuate Collection Set: 0.35ms
[3363.103s][info][gc,phases      ] GC(742)   Merge Heap Roots: 0.47ms
[3363.103s][info][gc,phases      ] GC(742)   Evacuate Collection Set: 112.72ms
[3363.103s][info][gc,phases      ] GC(742)   Post Evacuate Collection Set: 0.86ms
[3363.103s][info][gc,phases      ] GC(742)   Other: 0.10ms
[3363.103s][info][gc,heap        ] GC(742) Eden regions: 1117->0(1119)
[3363.103s][info][gc,heap        ] GC(742) Survivor regions: 111->109(154)
[3363.103s][info][gc,heap        ] GC(742) Old regions: 471->502
[3363.103s][info][gc,heap        ] GC(742) Humongous regions: 80->80
[3363.103s][info][gc,metaspace   ] GC(742) Metaspace: 28948K(29376K)->28948K(29376K) NonClass: 24078K(24256K)->24078K(24256K) Class: 4870K(5120K)->4870K(5120K)
[3363.103s][info][gc             ] GC(742) Pause Young (Concurrent Start) (G1 Evacuation Pause) 3556M->1380M(4096M) 114.643ms
[3363.103s][info][gc             ] GC(743) Concurrent Mark Cycle
[3363.103s][info][gc,marking     ] GC(743) Concurrent Scan Root Regions
[3363.103s][info][gc,cpu         ] GC(742) User=0.69s Sys=0.00s Real=0.12s
[3363.289s][info][gc,marking     ] GC(743) Concurrent Scan Root Regions 186.116ms
[3363.289s][info][gc,marking     ] GC(743) Concurrent Mark
[3363.289s][info][gc,marking     ] GC(743) Concurrent Mark From Roots
[3363.289s][info][gc,task        ] GC(743) Using 2 workers of 2 for marking
.[3364.269s][info][gc,marking     ] GC(743) Concurrent Mark From Roots 979.629ms
[3364.269s][info][gc,marking     ] GC(743) Concurrent Preclean
[3364.269s][info][gc,marking     ] GC(743) Concurrent Preclean 0.169ms
[3364.270s][info][gc,start       ] GC(743) Pause Remark
[3364.273s][info][gc             ] GC(743) Pause Remark 2292M->2292M(4096M) 2.873ms
[3364.273s][info][gc,cpu         ] GC(743) User=0.01s Sys=0.00s Real=0.00s
[3364.273s][info][gc,marking     ] GC(743) Concurrent Mark 983.535ms
[3364.273s][info][gc,marking     ] GC(743) Concurrent Rebuild Remembered Sets and Scrub Regions
[3364.625s][info][gc,marking     ] GC(743) Concurrent Rebuild Remembered Sets and Scrub Regions 352.093ms
[3364.625s][info][gc,start       ] GC(743) Pause Cleanup
[3364.625s][info][gc             ] GC(743) Pause Cleanup 2540M->2540M(4096M) 0.106ms
[3364.625s][info][gc,cpu         ] GC(743) User=0.00s Sys=0.00s Real=0.00s
[3364.625s][info][gc,marking     ] GC(743) Concurrent Clear Claimed Marks
[3364.625s][info][gc,marking     ] GC(743) Concurrent Clear Claimed Marks 0.028ms
[3364.625s][info][gc,marking     ] GC(743) Concurrent Cleanup for Next Mark
[3364.631s][info][gc,marking     ] GC(743) Concurrent Cleanup for Next Mark 5.454ms
[3364.631s][info][gc             ] GC(743) Concurrent Mark Cycle 1527.730ms
. (rIR:aIR:PR = 5812:5814:5814) (tPR = 86166) [OK] 
  3364s: Performance info:
         Transaction,    Success,    Partial,     Failed,   Receipts, AvgBarcode, 
             Overall,     350404,          0,          0,     332884,      59.48, 
         Response times:
             Request,    Success,    Partial,     Failed,   SkipFail,     Probes,    Samples,      min,      p50,      p90,      p95,      p99,      max, 
       TotalPurchase,     332885,          0,          0,          0,     326702,     373094,      300,     4800,    13500,    37000,    87000,   270000,
     InStorePurchase,     175219,          0,          0,          0,     171871,     196533,      300,     4800,    13800,    37000,    90000,   270000,
      OnlinePurchase,     122650,          0,          0,          0,     120709,     137364,      300,     4700,    13300,    36000,    84000,   216000,
        InstPurchase,      35016,          0,          0,          0,      34122,      39197,      400,     4900,    13000,    36000,    86000,   187000,
          AssocOfCat,        349,          0,          0,          0,        278,        387,    22000,    35000,    56000,    71600,   178840,   191000,
      AssocOfProduct,       3508,          0,          0,          0,       3249,       3955,      400,     5900,    19600,    42000,    91440,   150000,
      BusinessReport,        874,          0,          0,          0,        773,        990,    25000,    38000,    67000,    85000,   182360,   250000,
          CustBuyBeh,       3502,          0,          0,          0,       3314,       4051,      900,     5600,    16980,    43400,    99480,   165000,
       ProductReturn,       9290,          0,          0,          0,       9037,      10716,      200,     4600,    12830,    35000,    85000,   185000,

  3364s: (43%)   IR =   5950 .[3366.196s][info][gc,start       ] GC(744) Pause Young (Prepare Mixed) (G1 Evacuation Pause)
[3366.196s][info][gc,task        ] GC(744) Using 6 workers of 6 for evacuation
[3366.312s][info][gc,phases      ] GC(744)   Pre Evacuate Collection Set: 0.32ms
[3366.312s][info][gc,phases      ] GC(744)   Merge Heap Roots: 0.51ms
[3366.312s][info][gc,phases      ] GC(744)   Evacuate Collection Set: 114.85ms
[3366.312s][info][gc,phases      ] GC(744)   Post Evacuate Collection Set: 0.93ms
[3366.312s][info][gc,phases      ] GC(744)   Other: 0.09ms
[3366.312s][info][gc,heap        ] GC(744) Eden regions: 1119->0(1111)
[3366.312s][info][gc,heap        ] GC(744) Survivor regions: 109->110(154)
[3366.312s][info][gc,heap        ] GC(744) Old regions: 502->534
[3366.312s][info][gc,heap        ] GC(744) Humongous regions: 80->80
[3366.312s][info][gc,metaspace   ] GC(744) Metaspace: 28948K(29376K)->28948K(29376K) NonClass: 24078K(24256K)->24078K(24256K) Class: 4870K(5120K)->4870K(5120K)
[3366.312s][info][gc             ] GC(744) Pause Young (Prepare Mixed) (G1 Evacuation Pause) 3618M->1445M(4096M) 116.844ms
[3366.312s][info][gc,cpu         ] GC(744) User=0.69s Sys=0.00s Real=0.11s
...|[3369.352s][info][gc,start       ] GC(745) Pause Young (Mixed) (G1 Evacuation Pause)
[3369.352s][info][gc,task        ] GC(745) Using 6 workers of 6 for evacuation
[3369.485s][info][gc,phases      ] GC(745)   Pre Evacuate Collection Set: 0.35ms
[3369.485s][info][gc,phases      ] GC(745)   Merge Heap Roots: 0.65ms
[3369.485s][info][gc,phases      ] GC(745)   Evacuate Collection Set: 130.89ms
[3369.485s][info][gc,phases      ] GC(745)   Post Evacuate Collection Set: 0.98ms
[3369.485s][info][gc,phases      ] GC(745)   Other: 0.09ms
[3369.485s][info][gc,heap        ] GC(745) Eden regions: 1111->0(1118)
[3369.485s][info][gc,heap        ] GC(745) Survivor regions: 110->110(153)
[3369.485s][info][gc,heap        ] GC(745) Old regions: 534->472
[3369.485s][info][gc,heap        ] GC(745) Humongous regions: 80->80
[3369.485s][info][gc,metaspace   ] GC(745) Metaspace: 28948K(29376K)->28948K(29376K) NonClass: 24078K(24256K)->24078K(24256K) Class: 4870K(5120K)->4870K(5120K)
[3369.485s][info][gc             ] GC(745) Pause Young (Mixed) (G1 Evacuation Pause) 3667M->1323M(4096M) 133.098ms
[3369.485s][info][gc,cpu         ] GC(745) User=0.79s Sys=0.01s Real=0.14s
...[3372.468s][info][gc,start       ] GC(746) Pause Young (Concurrent Start) (G1 Evacuation Pause)
[3372.469s][info][gc,task        ] GC(746) Using 6 workers of 6 for evacuation
[3372.585s][info][gc,phases      ] GC(746)   Pre Evacuate Collection Set: 0.36ms
[3372.585s][info][gc,phases      ] GC(746)   Merge Heap Roots: 0.47ms
[3372.585s][info][gc,phases      ] GC(746)   Evacuate Collection Set: 115.11ms
[3372.585s][info][gc,phases      ] GC(746)   Post Evacuate Collection Set: 0.85ms
[3372.585s][info][gc,phases      ] GC(746)   Other: 0.10ms
[3372.585s][info][gc,heap        ] GC(746) Eden regions: 1118->0(1118)
[3372.585s][info][gc,heap        ] GC(746) Survivor regions: 110->110(154)
[3372.585s][info][gc,heap        ] GC(746) Old regions: 472->504
[3372.585s][info][gc,heap        ] GC(746) Humongous regions: 80->80
[3372.585s][info][gc,metaspace   ] GC(746) Metaspace: 28948K(29376K)->28948K(29376K) NonClass: 24078K(24256K)->24078K(24256K) Class: 4870K(5120K)->4870K(5120K)
[3372.586s][info][gc             ] GC(746) Pause Young (Concurrent Start) (G1 Evacuation Pause) 3559M->1385M(4096M) 117.031ms
[3372.586s][info][gc             ] GC(747) Concurrent Mark Cycle
[3372.586s][info][gc,marking     ] GC(747) Concurrent Scan Root Regions
[3372.586s][info][gc,cpu         ] GC(746) User=0.70s Sys=0.00s Real=0.12s
[3372.768s][info][gc,marking     ] GC(747) Concurrent Scan Root Regions 182.913ms
[3372.769s][info][gc,marking     ] GC(747) Concurrent Mark
[3372.769s][info][gc,marking     ] GC(747) Concurrent Mark From Roots
[3372.769s][info][gc,task        ] GC(747) Using 2 workers of 2 for marking
.[3373.726s][info][gc,marking     ] GC(747) Concurrent Mark From Roots 957.552ms
[3373.726s][info][gc,marking     ] GC(747) Concurrent Preclean
[3373.726s][info][gc,marking     ] GC(747) Concurrent Preclean 0.135ms
[3373.726s][info][gc,start       ] GC(747) Pause Remark
[3373.732s][info][gc             ] GC(747) Pause Remark 2279M->2279M(4096M) 5.476ms
[3373.732s][info][gc,cpu         ] GC(747) User=0.03s Sys=0.00s Real=0.00s
[3373.732s][info][gc,marking     ] GC(747) Concurrent Mark 963.411ms
[3373.732s][info][gc,marking     ] GC(747) Concurrent Rebuild Remembered Sets and Scrub Regions
[3373.986s][info][gc,marking     ] GC(747) Concurrent Rebuild Remembered Sets and Scrub Regions 254.372ms
[3373.986s][info][gc,start       ] GC(747) Pause Cleanup
[3373.987s][info][gc             ] GC(747) Pause Cleanup 2443M->2443M(4096M) 0.094ms
[3373.987s][info][gc,cpu         ] GC(747) User=0.00s Sys=0.00s Real=0.00s
[3373.987s][info][gc,marking     ] GC(747) Concurrent Clear Claimed Marks
[3373.987s][info][gc,marking     ] GC(747) Concurrent Clear Claimed Marks 0.024ms
[3373.987s][info][gc,marking     ] GC(747) Concurrent Cleanup for Next Mark
[3373.990s][info][gc,marking     ] GC(747) Concurrent Cleanup for Next Mark 3.397ms
[3373.990s][info][gc             ] GC(747) Concurrent Mark Cycle 1404.535ms
..[3375.687s][info][gc,start       ] GC(748) Pause Young (Prepare Mixed) (G1 Evacuation Pause)
[3375.687s][info][gc,task        ] GC(748) Using 6 workers of 6 for evacuation
[3375.802s][info][gc,phases      ] GC(748)   Pre Evacuate Collection Set: 0.33ms
[3375.802s][info][gc,phases      ] GC(748)   Merge Heap Roots: 0.49ms
[3375.802s][info][gc,phases      ] GC(748)   Evacuate Collection Set: 113.12ms
[3375.802s][info][gc,phases      ] GC(748)   Post Evacuate Collection Set: 0.90ms
[3375.802s][info][gc,phases      ] GC(748)   Other: 0.09ms
[3375.802s][info][gc,heap        ] GC(748) Eden regions: 1118->0(1116)
[3375.802s][info][gc,heap        ] GC(748) Survivor regions: 110->107(154)
[3375.802s][info][gc,heap        ] GC(748) Old regions: 504->535
[3375.802s][info][gc,heap        ] GC(748) Humongous regions: 80->80
[3375.802s][info][gc,metaspace   ] GC(748) Metaspace: 28948K(29376K)->28948K(29376K) NonClass: 24078K(24256K)->24078K(24256K) Class: 4870K(5120K)->4870K(5120K)
[3375.802s][info][gc             ] GC(748) Pause Young (Prepare Mixed) (G1 Evacuation Pause) 3621M->1442M(4096M) 115.058ms
[3375.802s][info][gc,cpu         ] GC(748) User=0.68s Sys=0.00s Real=0.11s
...[3378.802s][info][gc,start       ] GC(749) Pause Young (Mixed) (G1 Evacuation Pause)
[3378.802s][info][gc,task        ] GC(749) Using 6 workers of 6 for evacuation
[3378.929s][info][gc,phases      ] GC(749)   Pre Evacuate Collection Set: 0.38ms
[3378.929s][info][gc,phases      ] GC(749)   Merge Heap Roots: 0.63ms
[3378.929s][info][gc,phases      ] GC(749)   Evacuate Collection Set: 125.60ms
[3378.929s][info][gc,phases      ] GC(749)   Post Evacuate Collection Set: 0.92ms
[3378.929s][info][gc,phases      ] GC(749)   Other: 0.09ms
[3378.929s][info][gc,heap        ] GC(749) Eden regions: 1116->0(1120)
[3378.929s][info][gc,heap        ] GC(749) Survivor regions: 107->108(153)
[3378.929s][info][gc,heap        ] GC(749) Old regions: 535->472
[3378.929s][info][gc,heap        ] GC(749) Humongous regions: 80->80
[3378.929s][info][gc,metaspace   ] GC(749) Metaspace: 28948K(29376K)->28948K(29376K) NonClass: 24078K(24256K)->24078K(24256K) Class: 4870K(5120K)->4870K(5120K)
[3378.929s][info][gc             ] GC(749) Pause Young (Mixed) (G1 Evacuation Pause) 3674M->1319M(4096M) 127.735ms
[3378.929s][info][gc,cpu         ] GC(749) User=0.76s Sys=0.00s Real=0.13s
...[3381.953s][info][gc,start       ] GC(750) Pause Young (Concurrent Start) (G1 Evacuation Pause)
[3381.953s][info][gc,task        ] GC(750) Using 6 workers of 6 for evacuation
[3382.067s][info][gc,phases      ] GC(750)   Pre Evacuate Collection Set: 0.36ms
[3382.067s][info][gc,phases      ] GC(750)   Merge Heap Roots: 0.45ms
[3382.067s][info][gc,phases      ] GC(750)   Evacuate Collection Set: 113.02ms
[3382.067s][info][gc,phases      ] GC(750)   Post Evacuate Collection Set: 0.88ms
[3382.067s][info][gc,phases      ] GC(750)   Other: 0.10ms
[3382.068s][info][gc,heap        ] GC(750) Eden regions: 1120->0(1121)
[3382.068s][info][gc,heap        ] GC(750) Survivor regions: 108->107(154)
[3382.068s][info][gc,heap        ] GC(750) Old regions: 472->505
[3382.068s][info][gc,heap        ] GC(750) Humongous regions: 80->80
[3382.068s][info][gc,metaspace   ] GC(750) Metaspace: 28948K(29376K)->28948K(29376K) NonClass: 24078K(24256K)->24078K(24256K) Class: 4870K(5120K)->4870K(5120K)
[3382.068s][info][gc             ] GC(750) Pause Young (Concurrent Start) (G1 Evacuation Pause) 3559M->1383M(4096M) 114.939ms
[3382.068s][info][gc             ] GC(751) Concurrent Mark Cycle
[3382.068s][info][gc,marking     ] GC(751) Concurrent Scan Root Regions
[3382.068s][info][gc,cpu         ] GC(750) User=0.69s Sys=0.00s Real=0.12s
.[3382.257s][info][gc,marking     ] GC(751) Concurrent Scan Root Regions 189.597ms
[3382.257s][info][gc,marking     ] GC(751) Concurrent Mark
[3382.257s][info][gc,marking     ] GC(751) Concurrent Mark From Roots
[3382.257s][info][gc,task        ] GC(751) Using 2 workers of 2 for marking
[3382.923s][info][gc,marking     ] GC(751) Concurrent Mark From Roots 665.460ms
[3382.923s][info][gc,marking     ] GC(751) Concurrent Preclean
[3382.923s][info][gc,marking     ] GC(751) Concurrent Preclean 0.151ms
[3382.923s][info][gc,start       ] GC(751) Pause Remark
[3382.929s][info][gc             ] GC(751) Pause Remark 2108M->2108M(4096M) 5.529ms
[3382.929s][info][gc,cpu         ] GC(751) User=0.03s Sys=0.00s Real=0.01s
[3382.929s][info][gc,marking     ] GC(751) Concurrent Mark 671.550ms
[3382.929s][info][gc,marking     ] GC(751) Concurrent Rebuild Remembered Sets and Scrub Regions
.[3383.135s][info][gc,marking     ] GC(751) Concurrent Rebuild Remembered Sets and Scrub Regions 206.176ms
[3383.135s][info][gc,start       ] GC(751) Pause Cleanup
[3383.136s][info][gc             ] GC(751) Pause Cleanup 2197M->2197M(4096M) 0.116ms
[3383.136s][info][gc,cpu         ] GC(751) User=0.00s Sys=0.00s Real=0.00s
[3383.136s][info][gc,marking     ] GC(751) Concurrent Clear Claimed Marks
[3383.136s][info][gc,marking     ] GC(751) Concurrent Clear Claimed Marks 0.031ms
[3383.136s][info][gc,marking     ] GC(751) Concurrent Cleanup for Next Mark
[3383.141s][info][gc,marking     ] GC(751) Concurrent Cleanup for Next Mark 4.968ms
[3383.141s][info][gc             ] GC(751) Concurrent Mark Cycle 1073.276ms
..[3385.205s][info][gc,start       ] GC(752) Pause Young (Prepare Mixed) (G1 Evacuation Pause)
[3385.205s][info][gc,task        ] GC(752) Using 6 workers of 6 for evacuation
[3385.321s][info][gc,phases      ] GC(752)   Pre Evacuate Collection Set: 0.32ms
[3385.321s][info][gc,phases      ] GC(752)   Merge Heap Roots: 0.53ms
[3385.321s][info][gc,phases      ] GC(752)   Evacuate Collection Set: 114.22ms
[3385.321s][info][gc,phases      ] GC(752)   Post Evacuate Collection Set: 0.92ms
[3385.321s][info][gc,phases      ] GC(752)   Other: 0.08ms
[3385.321s][info][gc,heap        ] GC(752) Eden regions: 1121->0(1110)
[3385.321s][info][gc,heap        ] GC(752) Survivor regions: 107->109(154)
[3385.321s][info][gc,heap        ] GC(752) Old regions: 505->537
[3385.321s][info][gc,heap        ] GC(752) Humongous regions: 80->80
[3385.321s][info][gc,metaspace   ] GC(752) Metaspace: 28948K(29376K)->28948K(29376K) NonClass: 24078K(24256K)->24078K(24256K) Class: 4870K(5120K)->4870K(5120K)
[3385.321s][info][gc             ] GC(752) Pause Young (Prepare Mixed) (G1 Evacuation Pause) 3625M->1450M(4096M) 116.215ms
[3385.322s][info][gc,cpu         ] GC(752) User=0.69s Sys=0.00s Real=0.11s
...[3388.240s][info][gc,start       ] GC(753) Pause Young (Mixed) (G1 Evacuation Pause)
[3388.240s][info][gc,task        ] GC(753) Using 6 workers of 6 for evacuation
[3388.378s][info][gc,phases      ] GC(753)   Pre Evacuate Collection Set: 0.34ms
[3388.378s][info][gc,phases      ] GC(753)   Merge Heap Roots: 0.68ms
[3388.378s][info][gc,phases      ] GC(753)   Evacuate Collection Set: 135.18ms
[3388.378s][info][gc,phases      ] GC(753)   Post Evacuate Collection Set: 0.93ms
[3388.378s][info][gc,phases      ] GC(753)   Other: 0.09ms
[3388.378s][info][gc,heap        ] GC(753) Eden regions: 1110->0(1115)
[3388.378s][info][gc,heap        ] GC(753) Survivor regions: 109->113(153)
[3388.378s][info][gc,heap        ] GC(753) Old regions: 537->473
[3388.378s][info][gc,heap        ] GC(753) Humongous regions: 80->80
[3388.378s][info][gc,metaspace   ] GC(753) Metaspace: 28948K(29376K)->28948K(29376K) NonClass: 24078K(24256K)->24078K(24256K) Class: 4870K(5120K)->4870K(5120K)
[3388.378s][info][gc             ] GC(753) Pause Young (Mixed) (G1 Evacuation Pause) 3670M->1330M(4096M) 137.333ms
[3388.378s][info][gc,cpu         ] GC(753) User=0.82s Sys=0.00s Real=0.14s
...[3391.433s][info][gc,start       ] GC(754) Pause Young (Concurrent Start) (G1 Evacuation Pause)
[3391.433s][info][gc,task        ] GC(754) Using 6 workers of 6 for evacuation
[3391.548s][info][gc,phases      ] GC(754)   Pre Evacuate Collection Set: 0.36ms
[3391.548s][info][gc,phases      ] GC(754)   Merge Heap Roots: 0.46ms
[3391.548s][info][gc,phases      ] GC(754)   Evacuate Collection Set: 113.20ms
[3391.548s][info][gc,phases      ] GC(754)   Post Evacuate Collection Set: 0.89ms
[3391.548s][info][gc,phases      ] GC(754)   Other: 0.12ms
[3391.548s][info][gc,heap        ] GC(754) Eden regions: 1115->0(1120)
[3391.548s][info][gc,heap        ] GC(754) Survivor regions: 113->108(154)
[3391.548s][info][gc,heap        ] GC(754) Old regions: 473->506
[3391.548s][info][gc,heap        ] GC(754) Humongous regions: 80->80
[3391.548s][info][gc,metaspace   ] GC(754) Metaspace: 28948K(29376K)->28948K(29376K) NonClass: 24078K(24256K)->24078K(24256K) Class: 4870K(5120K)->4870K(5120K)
[3391.548s][info][gc             ] GC(754) Pause Young (Concurrent Start) (G1 Evacuation Pause) 3560M->1386M(4096M) 115.170ms
[3391.549s][info][gc             ] GC(755) Concurrent Mark Cycle
[3391.549s][info][gc,marking     ] GC(755) Concurrent Scan Root Regions
[3391.549s][info][gc,cpu         ] GC(754) User=0.69s Sys=0.00s Real=0.11s
[3391.691s][info][gc,marking     ] GC(755) Concurrent Scan Root Regions 142.568ms
[3391.691s][info][gc,marking     ] GC(755) Concurrent Mark
[3391.691s][info][gc,marking     ] GC(755) Concurrent Mark From Roots
[3391.691s][info][gc,task        ] GC(755) Using 2 workers of 2 for marking
.[3392.345s][info][gc,marking     ] GC(755) Concurrent Mark From Roots 653.352ms
[3392.345s][info][gc,marking     ] GC(755) Concurrent Preclean
[3392.345s][info][gc,marking     ] GC(755) Concurrent Preclean 0.125ms
[3392.345s][info][gc,start       ] GC(755) Pause Remark
[3392.350s][info][gc             ] GC(755) Pause Remark 1986M->1986M(4096M) 5.036ms
[3392.350s][info][gc,cpu         ] GC(755) User=0.03s Sys=0.00s Real=0.00s
[3392.350s][info][gc,marking     ] GC(755) Concurrent Mark 658.844ms
[3392.350s][info][gc,marking     ] GC(755) Concurrent Rebuild Remembered Sets and Scrub Regions
[3392.599s][info][gc,marking     ] GC(755) Concurrent Rebuild Remembered Sets and Scrub Regions 249.442ms
[3392.600s][info][gc,start       ] GC(755) Pause Cleanup
[3392.600s][info][gc             ] GC(755) Pause Cleanup 2186M->2186M(4096M) 0.107ms
[3392.600s][info][gc,cpu         ] GC(755) User=0.00s Sys=0.00s Real=0.00s
[3392.600s][info][gc,marking     ] GC(755) Concurrent Clear Claimed Marks
[3392.600s][info][gc,marking     ] GC(755) Concurrent Clear Claimed Marks 0.024ms
[3392.600s][info][gc,marking     ] GC(755) Concurrent Cleanup for Next Mark
[3392.605s][info][gc,marking     ] GC(755) Concurrent Cleanup for Next Mark 5.019ms
[3392.605s][info][gc             ] GC(755) Concurrent Mark Cycle 1056.370ms
..[3394.588s][info][gc,start       ] GC(756) Pause Young (Prepare Mixed) (G1 Evacuation Pause)
[3394.588s][info][gc,task        ] GC(756) Using 6 workers of 6 for evacuation
[3394.709s][info][gc,phases      ] GC(756)   Pre Evacuate Collection Set: 0.33ms
[3394.709s][info][gc,phases      ] GC(756)   Merge Heap Roots: 0.48ms
[3394.709s][info][gc,phases      ] GC(756)   Evacuate Collection Set: 119.38ms
[3394.709s][info][gc,phases      ] GC(756)   Post Evacuate Collection Set: 0.93ms
[3394.709s][info][gc,phases      ] GC(756)   Other: 0.10ms
[3394.709s][info][gc,heap        ] GC(756) Eden regions: 1120->0(1101)
[3394.709s][info][gc,heap        ] GC(756) Survivor regions: 108->114(154)
[3394.709s][info][gc,heap        ] GC(756) Old regions: 506->536
[3394.709s][info][gc,heap        ] GC(756) Humongous regions: 80->80
[3394.709s][info][gc,metaspace   ] GC(756) Metaspace: 28948K(29376K)->28948K(29376K) NonClass: 24078K(24256K)->24078K(24256K) Class: 4870K(5120K)->4870K(5120K)
[3394.709s][info][gc             ] GC(756) Pause Young (Prepare Mixed) (G1 Evacuation Pause) 3626M->1459M(4096M) 121.359ms
[3394.710s][info][gc,cpu         ] GC(756) User=0.72s Sys=0.00s Real=0.12s
...[3397.688s][info][gc,start       ] GC(757) Pause Young (Mixed) (G1 Evacuation Pause)
[3397.688s][info][gc,task        ] GC(757) Using 6 workers of 6 for evacuation
[3397.821s][info][gc,phases      ] GC(757)   Pre Evacuate Collection Set: 0.37ms
[3397.821s][info][gc,phases      ] GC(757)   Merge Heap Roots: 0.71ms
[3397.821s][info][gc,phases      ] GC(757)   Evacuate Collection Set: 131.00ms
[3397.821s][info][gc,phases      ] GC(757)   Post Evacuate Collection Set: 0.91ms
[3397.821s][info][gc,phases      ] GC(757)   Other: 0.09ms
[3397.821s][info][gc,heap        ] GC(757) Eden regions: 1101->0(1116)
[3397.821s][info][gc,heap        ] GC(757) Survivor regions: 114->112(152)
[3397.821s][info][gc,heap        ] GC(757) Old regions: 536->473
[3397.821s][info][gc,heap        ] GC(757) Humongous regions: 80->80
[3397.821s][info][gc,metaspace   ] GC(757) Metaspace: 28948K(29376K)->28948K(29376K) NonClass: 24078K(24256K)->24078K(24256K) Class: 4870K(5120K)->4870K(5120K)
[3397.821s][info][gc             ] GC(757) Pause Young (Mixed) (G1 Evacuation Pause) 3661M->1328M(4096M) 133.237ms
[3397.821s][info][gc,cpu         ] GC(757) User=0.79s Sys=0.00s Real=0.13s
...[3400.818s][info][gc,start       ] GC(758) Pause Young (Concurrent Start) (G1 Evacuation Pause)
[3400.818s][info][gc,task        ] GC(758) Using 6 workers of 6 for evacuation
[3400.931s][info][gc,phases      ] GC(758)   Pre Evacuate Collection Set: 0.41ms
[3400.931s][info][gc,phases      ] GC(758)   Merge Heap Roots: 0.44ms
[3400.931s][info][gc,phases      ] GC(758)   Evacuate Collection Set: 111.37ms
[3400.931s][info][gc,phases      ] GC(758)   Post Evacuate Collection Set: 0.85ms
[3400.931s][info][gc,phases      ] GC(758)   Other: 0.12ms
[3400.931s][info][gc,heap        ] GC(758) Eden regions: 1116->0(1121)
[3400.931s][info][gc,heap        ] GC(758) Survivor regions: 112->107(154)
[3400.931s][info][gc,heap        ] GC(758) Old regions: 473->505
[3400.931s][info][gc,heap        ] GC(758) Humongous regions: 80->80
[3400.931s][info][gc,metaspace   ] GC(758) Metaspace: 28948K(29376K)->28948K(29376K) NonClass: 24078K(24256K)->24078K(24256K) Class: 4870K(5120K)->4870K(5120K)
[3400.931s][info][gc             ] GC(758) Pause Young (Concurrent Start) (G1 Evacuation Pause) 3560M->1382M(4096M) 113.308ms
[3400.931s][info][gc             ] GC(759) Concurrent Mark Cycle
[3400.931s][info][gc,marking     ] GC(759) Concurrent Scan Root Regions
[3400.931s][info][gc,cpu         ] GC(758) User=0.68s Sys=0.00s Real=0.11s
[3401.070s][info][gc,marking     ] GC(759) Concurrent Scan Root Regions 138.434ms
[3401.070s][info][gc,marking     ] GC(759) Concurrent Mark
[3401.070s][info][gc,marking     ] GC(759) Concurrent Mark From Roots
[3401.070s][info][gc,task        ] GC(759) Using 2 workers of 2 for marking
.[3401.765s][info][gc,marking     ] GC(759) Concurrent Mark From Roots 695.628ms
[3401.765s][info][gc,marking     ] GC(759) Concurrent Preclean
[3401.765s][info][gc,marking     ] GC(759) Concurrent Preclean 0.142ms
[3401.797s][info][gc,start       ] GC(759) Pause Remark
[3401.802s][info][gc             ] GC(759) Pause Remark 2010M->2010M(4096M) 4.731ms
[3401.802s][info][gc,cpu         ] GC(759) User=0.02s Sys=0.01s Real=0.00s
[3401.802s][info][gc,marking     ] GC(759) Concurrent Mark 732.636ms
[3401.802s][info][gc,marking     ] GC(759) Concurrent Rebuild Remembered Sets and Scrub Regions
[3402.048s][info][gc,marking     ] GC(759) Concurrent Rebuild Remembered Sets and Scrub Regions 245.399ms
[3402.048s][info][gc,start       ] GC(759) Pause Cleanup
[3402.048s][info][gc             ] GC(759) Pause Cleanup 2209M->2209M(4096M) 0.103ms
[3402.048s][info][gc,cpu         ] GC(759) User=0.00s Sys=0.00s Real=0.00s
[3402.048s][info][gc,marking     ] GC(759) Concurrent Clear Claimed Marks
[3402.048s][info][gc,marking     ] GC(759) Concurrent Clear Claimed Marks 0.025ms
[3402.048s][info][gc,marking     ] GC(759) Concurrent Cleanup for Next Mark
[3402.052s][info][gc,marking     ] GC(759) Concurrent Cleanup for Next Mark 4.025ms
[3402.052s][info][gc             ] GC(759) Concurrent Mark Cycle 1120.942ms
..[3404.045s][info][gc,start       ] GC(760) Pause Young (Prepare Mixed) (G1 Evacuation Pause)
[3404.045s][info][gc,task        ] GC(760) Using 6 workers of 6 for evacuation
[3404.166s][info][gc,phases      ] GC(760)   Pre Evacuate Collection Set: 0.32ms
[3404.166s][info][gc,phases      ] GC(760)   Merge Heap Roots: 0.48ms
[3404.166s][info][gc,phases      ] GC(760)   Evacuate Collection Set: 119.33ms
[3404.166s][info][gc,phases      ] GC(760)   Post Evacuate Collection Set: 0.89ms
[3404.166s][info][gc,phases      ] GC(760)   Other: 0.10ms
[3404.166s][info][gc,heap        ] GC(760) Eden regions: 1121->0(1100)
[3404.166s][info][gc,heap        ] GC(760) Survivor regions: 107->114(154)
[3404.166s][info][gc,heap        ] GC(760) Old regions: 505->537
[3404.166s][info][gc,heap        ] GC(760) Humongous regions: 80->80
[3404.166s][info][gc,metaspace   ] GC(760) Metaspace: 28948K(29376K)->28948K(29376K) NonClass: 24078K(24256K)->24078K(24256K) Class: 4870K(5120K)->4870K(5120K)
[3404.166s][info][gc             ] GC(760) Pause Young (Prepare Mixed) (G1 Evacuation Pause) 3624M->1459M(4096M) 121.253ms
[3404.166s][info][gc,cpu         ] GC(760) User=0.72s Sys=0.00s Real=0.12s
...[3407.170s][info][gc,start       ] GC(761) Pause Young (Mixed) (G1 Evacuation Pause)
[3407.170s][info][gc,task        ] GC(761) Using 6 workers of 6 for evacuation
[3407.302s][info][gc,phases      ] GC(761)   Pre Evacuate Collection Set: 0.35ms
[3407.302s][info][gc,phases      ] GC(761)   Merge Heap Roots: 0.64ms
[3407.302s][info][gc,phases      ] GC(761)   Evacuate Collection Set: 129.82ms
[3407.302s][info][gc,phases      ] GC(761)   Post Evacuate Collection Set: 0.91ms
[3407.302s][info][gc,phases      ] GC(761)   Other: 0.09ms
[3407.302s][info][gc,heap        ] GC(761) Eden regions: 1100->0(1119)
[3407.302s][info][gc,heap        ] GC(761) Survivor regions: 114->109(152)
[3407.302s][info][gc,heap        ] GC(761) Old regions: 537->473
[3407.302s][info][gc,heap        ] GC(761) Humongous regions: 80->80
[3407.302s][info][gc,metaspace   ] GC(761) Metaspace: 28948K(29376K)->28948K(29376K) NonClass: 24078K(24256K)->24078K(24256K) Class: 4870K(5120K)->4870K(5120K)
[3407.302s][info][gc             ] GC(761) Pause Young (Mixed) (G1 Evacuation Pause) 3659M->1323M(4096M) 131.941ms
[3407.302s][info][gc,cpu         ] GC(761) User=0.78s Sys=0.00s Real=0.13s
...[3410.283s][info][gc,start       ] GC(762) Pause Young (Concurrent Start) (G1 Evacuation Pause)
[3410.283s][info][gc,task        ] GC(762) Using 6 workers of 6 for evacuation
[3410.400s][info][gc,phases      ] GC(762)   Pre Evacuate Collection Set: 0.35ms
[3410.400s][info][gc,phases      ] GC(762)   Merge Heap Roots: 0.43ms
[3410.400s][info][gc,phases      ] GC(762)   Evacuate Collection Set: 115.34ms
[3410.400s][info][gc,phases      ] GC(762)   Post Evacuate Collection Set: 0.86ms
[3410.400s][info][gc,phases      ] GC(762)   Other: 0.11ms
[3410.400s][info][gc,heap        ] GC(762) Eden regions: 1119->0(1117)
[3410.400s][info][gc,heap        ] GC(762) Survivor regions: 109->111(154)
[3410.400s][info][gc,heap        ] GC(762) Old regions: 473->506
[3410.400s][info][gc,heap        ] GC(762) Humongous regions: 80->80
[3410.400s][info][gc,metaspace   ] GC(762) Metaspace: 28948K(29376K)->28948K(29376K) NonClass: 24078K(24256K)->24078K(24256K) Class: 4870K(5120K)->4870K(5120K)
[3410.400s][info][gc             ] GC(762) Pause Young (Concurrent Start) (G1 Evacuation Pause) 3561M->1391M(4096M) 117.211ms
[3410.400s][info][gc             ] GC(763) Concurrent Mark Cycle
[3410.400s][info][gc,marking     ] GC(763) Concurrent Scan Root Regions
[3410.400s][info][gc,cpu         ] GC(762) User=0.70s Sys=0.00s Real=0.12s
.[3410.541s][info][gc,marking     ] GC(763) Concurrent Scan Root Regions 141.170ms
[3410.542s][info][gc,marking     ] GC(763) Concurrent Mark
[3410.542s][info][gc,marking     ] GC(763) Concurrent Mark From Roots
[3410.542s][info][gc,task        ] GC(763) Using 2 workers of 2 for marking
[3411.360s][info][gc,marking     ] GC(763) Concurrent Mark From Roots 817.963ms
[3411.360s][info][gc,marking     ] GC(763) Concurrent Preclean
[3411.360s][info][gc,marking     ] GC(763) Concurrent Preclean 0.206ms
[3411.360s][info][gc,start       ] GC(763) Pause Remark
[3411.365s][info][gc             ] GC(763) Pause Remark 2143M->2143M(4096M) 4.494ms
[3411.365s][info][gc,cpu         ] GC(763) User=0.02s Sys=0.00s Real=0.01s
[3411.365s][info][gc,marking     ] GC(763) Concurrent Mark 823.141ms
[3411.365s][info][gc,marking     ] GC(763) Concurrent Rebuild Remembered Sets and Scrub Regions
.[3411.714s][info][gc,marking     ] GC(763) Concurrent Rebuild Remembered Sets and Scrub Regions 349.334ms
[3411.715s][info][gc,start       ] GC(763) Pause Cleanup
[3411.715s][info][gc             ] GC(763) Pause Cleanup 2381M->2381M(4096M) 0.110ms
[3411.715s][info][gc,cpu         ] GC(763) User=0.00s Sys=0.00s Real=0.00s
[3411.715s][info][gc,marking     ] GC(763) Concurrent Clear Claimed Marks
[3411.715s][info][gc,marking     ] GC(763) Concurrent Clear Claimed Marks 0.029ms
[3411.715s][info][gc,marking     ] GC(763) Concurrent Cleanup for Next Mark
[3411.720s][info][gc,marking     ] GC(763) Concurrent Cleanup for Next Mark 4.782ms
[3411.720s][info][gc             ] GC(763) Concurrent Mark Cycle 1319.366ms
..[3413.483s][info][gc,start       ] GC(764) Pause Young (Prepare Mixed) (G1 Evacuation Pause)
[3413.483s][info][gc,task        ] GC(764) Using 6 workers of 6 for evacuation
[3413.608s][info][gc,phases      ] GC(764)   Pre Evacuate Collection Set: 0.30ms
[3413.608s][info][gc,phases      ] GC(764)   Merge Heap Roots: 0.52ms
[3413.608s][info][gc,phases      ] GC(764)   Evacuate Collection Set: 123.51ms
[3413.608s][info][gc,phases      ] GC(764)   Post Evacuate Collection Set: 0.90ms
[3413.608s][info][gc,phases      ] GC(764)   Other: 0.09ms
[3413.608s][info][gc,heap        ] GC(764) Eden regions: 1117->0(1096)
[3413.608s][info][gc,heap        ] GC(764) Survivor regions: 111->116(154)
[3413.608s][info][gc,heap        ] GC(764) Old regions: 506->537
[3413.608s][info][gc,heap        ] GC(764) Humongous regions: 80->80
[3413.608s][info][gc,metaspace   ] GC(764) Metaspace: 28948K(29376K)->28948K(29376K) NonClass: 24078K(24256K)->24078K(24256K) Class: 4870K(5120K)->4870K(5120K)
[3413.608s][info][gc             ] GC(764) Pause Young (Prepare Mixed) (G1 Evacuation Pause) 3625M->1465M(4096M) 125.451ms
[3413.608s][info][gc,cpu         ] GC(764) User=0.74s Sys=0.00s Real=0.13s
...[3416.568s][info][gc,start       ] GC(765) Pause Young (Mixed) (G1 Evacuation Pause)
[3416.568s][info][gc,task        ] GC(765) Using 6 workers of 6 for evacuation
[3416.700s][info][gc,phases      ] GC(765)   Pre Evacuate Collection Set: 0.38ms
[3416.700s][info][gc,phases      ] GC(765)   Merge Heap Roots: 0.67ms
[3416.700s][info][gc,phases      ] GC(765)   Evacuate Collection Set: 130.01ms
[3416.700s][info][gc,phases      ] GC(765)   Post Evacuate Collection Set: 0.92ms
[3416.700s][info][gc,phases      ] GC(765)   Other: 0.09ms
[3416.700s][info][gc,heap        ] GC(765) Eden regions: 1096->0(1116)
[3416.700s][info][gc,heap        ] GC(765) Survivor regions: 116->112(152)
[3416.700s][info][gc,heap        ] GC(765) Old regions: 537->473
[3416.700s][info][gc,heap        ] GC(765) Humongous regions: 80->80
[3416.700s][info][gc,metaspace   ] GC(765) Metaspace: 28948K(29376K)->28948K(29376K) NonClass: 24078K(24256K)->24078K(24256K) Class: 4870K(5120K)->4870K(5120K)
[3416.700s][info][gc             ] GC(765) Pause Young (Mixed) (G1 Evacuation Pause) 3657M->1328M(4096M) 132.192ms
[3416.700s][info][gc,cpu         ] GC(765) User=0.78s Sys=0.00s Real=0.13s
...[3419.750s][info][gc,start       ] GC(766) Pause Young (Concurrent Start) (G1 Evacuation Pause)
[3419.750s][info][gc,task        ] GC(766) Using 6 workers of 6 for evacuation
[3419.865s][info][gc,phases      ] GC(766)   Pre Evacuate Collection Set: 0.34ms
[3419.865s][info][gc,phases      ] GC(766)   Merge Heap Roots: 0.43ms
[3419.865s][info][gc,phases      ] GC(766)   Evacuate Collection Set: 113.69ms
[3419.865s][info][gc,phases      ] GC(766)   Post Evacuate Collection Set: 0.85ms
[3419.865s][info][gc,phases      ] GC(766)   Other: 0.10ms
[3419.865s][info][gc,heap        ] GC(766) Eden regions: 1116->0(1119)
[3419.865s][info][gc,heap        ] GC(766) Survivor regions: 112->109(154)
[3419.865s][info][gc,heap        ] GC(766) Old regions: 473->505
[3419.865s][info][gc,heap        ] GC(766) Humongous regions: 80->80
[3419.865s][info][gc,metaspace   ] GC(766) Metaspace: 28948K(29376K)->28948K(29376K) NonClass: 24078K(24256K)->24078K(24256K) Class: 4870K(5120K)->4870K(5120K)
[3419.865s][info][gc             ] GC(766) Pause Young (Concurrent Start) (G1 Evacuation Pause) 3560M->1386M(4096M) 115.554ms
[3419.865s][info][gc             ] GC(767) Concurrent Mark Cycle
[3419.865s][info][gc,marking     ] GC(767) Concurrent Scan Root Regions
[3419.865s][info][gc,cpu         ] GC(766) User=0.69s Sys=0.00s Real=0.12s
[3420.046s][info][gc,marking     ] GC(767) Concurrent Scan Root Regions 180.616ms
[3420.046s][info][gc,marking     ] GC(767) Concurrent Mark
[3420.046s][info][gc,marking     ] GC(767) Concurrent Mark From Roots
[3420.046s][info][gc,task        ] GC(767) Using 2 workers of 2 for marking
.[3420.938s][info][gc,marking     ] GC(767) Concurrent Mark From Roots 892.518ms
[3420.938s][info][gc,marking     ] GC(767) Concurrent Preclean
[3420.939s][info][gc,marking     ] GC(767) Concurrent Preclean 0.160ms
[3420.939s][info][gc,start       ] GC(767) Pause Remark
[3420.945s][info][gc             ] GC(767) Pause Remark 2252M->2252M(4096M) 5.893ms
[3420.945s][info][gc,cpu         ] GC(767) User=0.04s Sys=0.00s Real=0.01s
[3420.945s][info][gc,marking     ] GC(767) Concurrent Mark 898.862ms
[3420.945s][info][gc,marking     ] GC(767) Concurrent Rebuild Remembered Sets and Scrub Regions
[3421.211s][info][gc,marking     ] GC(767) Concurrent Rebuild Remembered Sets and Scrub Regions 266.775ms
[3421.212s][info][gc,start       ] GC(767) Pause Cleanup
[3421.212s][info][gc             ] GC(767) Pause Cleanup 2420M->2420M(4096M) 0.103ms
[3421.212s][info][gc,cpu         ] GC(767) User=0.00s Sys=0.00s Real=0.00s
[3421.212s][info][gc,marking     ] GC(767) Concurrent Clear Claimed Marks
[3421.212s][info][gc,marking     ] GC(767) Concurrent Clear Claimed Marks 0.030ms
[3421.212s][info][gc,marking     ] GC(767) Concurrent Cleanup for Next Mark
[3421.218s][info][gc,marking     ] GC(767) Concurrent Cleanup for Next Mark 5.652ms
[3421.218s][info][gc             ] GC(767) Concurrent Mark Cycle 1352.727ms
..[3422.904s][info][gc,start       ] GC(768) Pause Young (Prepare Mixed) (G1 Evacuation Pause)
[3422.904s][info][gc,task        ] GC(768) Using 6 workers of 6 for evacuation
[3423.018s][info][gc,phases      ] GC(768)   Pre Evacuate Collection Set: 0.33ms
[3423.018s][info][gc,phases      ] GC(768)   Merge Heap Roots: 0.49ms
[3423.018s][info][gc,phases      ] GC(768)   Evacuate Collection Set: 112.53ms
[3423.018s][info][gc,phases      ] GC(768)   Post Evacuate Collection Set: 0.93ms
[3423.018s][info][gc,phases      ] GC(768)   Other: 0.09ms
[3423.018s][info][gc,heap        ] GC(768) Eden regions: 1119->0(1111)
[3423.018s][info][gc,heap        ] GC(768) Survivor regions: 109->109(154)
[3423.018s][info][gc,heap        ] GC(768) Old regions: 505->536
[3423.018s][info][gc,heap        ] GC(768) Humongous regions: 80->80
[3423.018s][info][gc,metaspace   ] GC(768) Metaspace: 28948K(29376K)->28948K(29376K) NonClass: 24078K(24256K)->24078K(24256K) Class: 4870K(5120K)->4870K(5120K)
[3423.018s][info][gc             ] GC(768) Pause Young (Prepare Mixed) (G1 Evacuation Pause) 3624M->1448M(4096M) 114.505ms
[3423.019s][info][gc,cpu         ] GC(768) User=0.68s Sys=0.00s Real=0.11s
...[3426.007s][info][gc,start       ] GC(769) Pause Young (Mixed) (G1 Evacuation Pause)
[3426.007s][info][gc,task        ] GC(769) Using 6 workers of 6 for evacuation
[3426.138s][info][gc,phases      ] GC(769)   Pre Evacuate Collection Set: 0.40ms
[3426.138s][info][gc,phases      ] GC(769)   Merge Heap Roots: 0.59ms
[3426.138s][info][gc,phases      ] GC(769)   Evacuate Collection Set: 129.08ms
[3426.138s][info][gc,phases      ] GC(769)   Post Evacuate Collection Set: 0.95ms
[3426.138s][info][gc,phases      ] GC(769)   Other: 0.08ms
[3426.138s][info][gc,heap        ] GC(769) Eden regions: 1111->0(1118)
[3426.138s][info][gc,heap        ] GC(769) Survivor regions: 109->110(153)
[3426.138s][info][gc,heap        ] GC(769) Old regions: 536->472
[3426.138s][info][gc,heap        ] GC(769) Humongous regions: 80->80
[3426.138s][info][gc,metaspace   ] GC(769) Metaspace: 28948K(29376K)->28948K(29376K) NonClass: 24078K(24256K)->24078K(24256K) Class: 4870K(5120K)->4870K(5120K)
[3426.138s][info][gc             ] GC(769) Pause Young (Mixed) (G1 Evacuation Pause) 3670M->1322M(4096M) 131.233ms
[3426.138s][info][gc,cpu         ] GC(769) User=0.79s Sys=0.00s Real=0.13s
...[3429.171s][info][gc,start       ] GC(770) Pause Young (Concurrent Start) (G1 Evacuation Pause)
[3429.171s][info][gc,task        ] GC(770) Using 6 workers of 6 for evacuation
[3429.286s][info][gc,phases      ] GC(770)   Pre Evacuate Collection Set: 0.34ms
[3429.286s][info][gc,phases      ] GC(770)   Merge Heap Roots: 0.44ms
[3429.286s][info][gc,phases      ] GC(770)   Evacuate Collection Set: 113.36ms
[3429.286s][info][gc,phases      ] GC(770)   Post Evacuate Collection Set: 0.86ms
[3429.286s][info][gc,phases      ] GC(770)   Other: 0.10ms
[3429.286s][info][gc,heap        ] GC(770) Eden regions: 1118->0(1120)
[3429.286s][info][gc,heap        ] GC(770) Survivor regions: 110->108(154)
[3429.286s][info][gc,heap        ] GC(770) Old regions: 472->505
[3429.286s][info][gc,heap        ] GC(770) Humongous regions: 80->80
[3429.286s][info][gc,metaspace   ] GC(770) Metaspace: 28948K(29376K)->28948K(29376K) NonClass: 24078K(24256K)->24078K(24256K) Class: 4870K(5120K)->4870K(5120K)
[3429.286s][info][gc             ] GC(770) Pause Young (Concurrent Start) (G1 Evacuation Pause) 3558M->1384M(4096M) 115.240ms
[3429.286s][info][gc             ] GC(771) Concurrent Mark Cycle
[3429.286s][info][gc,marking     ] GC(771) Concurrent Scan Root Regions
[3429.287s][info][gc,cpu         ] GC(770) User=0.68s Sys=0.00s Real=0.12s
[3429.466s][info][gc,marking     ] GC(771) Concurrent Scan Root Regions 179.459ms
[3429.466s][info][gc,marking     ] GC(771) Concurrent Mark
[3429.466s][info][gc,marking     ] GC(771) Concurrent Mark From Roots
[3429.466s][info][gc,task        ] GC(771) Using 2 workers of 2 for marking
. (rIR:aIR:PR = 5950:5945:5945) (tPR = 88291) [OK] 
  3429s: Performance info:
         Transaction,    Success,    Partial,     Failed,   Receipts, AvgBarcode, 
             Overall,     359270,          0,          0,     341329,      59.48, 
         Response times:
             Request,    Success,    Partial,     Failed,   SkipFail,     Probes,    Samples,      min,      p50,      p90,      p95,      p99,      max, 
       TotalPurchase,     341371,          0,          0,          0,     335075,     359152,      300,     4800,    14500,    38000,    88000,   221000,
     InStorePurchase,     179670,          0,          0,          0,     176793,     189577,      300,     4800,    14200,    38000,    88000,   221000,
      OnlinePurchase,     125771,          0,          0,          0,     123354,     131875,      300,     4700,    14400,    37000,    88000,   197000,
        InstPurchase,      35930,          0,          0,          0,      34928,      37700,      400,     5200,    15600,    41000,    91000,   203000,
          AssocOfCat,        360,          0,          0,          0,        276,        357,    22000,    35000,    61200,    74100,   118420,   172000,
      AssocOfProduct,       3595,          0,          0,          0,       3333,       3817,      700,     6200,    18100,    47000,    92000,   146000,
      BusinessReport,        897,          0,          0,          0,        750,        921,    26000,    39000,    71800,   100000,   172340,   192000,
          CustBuyBeh,       3588,          0,          0,          0,       3330,       3726,      200,     5300,    13700,    35000,    86730,   199000,
       ProductReturn,       9502,          0,          0,          0,       9050,      10010,      200,     4800,    12600,    34000,    85890,   197000,

  3429s: (44%)   IR =   6088 [3430.426s][info][gc,marking     ] GC(771) Concurrent Mark From Roots 959.726ms
[3430.426s][info][gc,marking     ] GC(771) Concurrent Preclean
[3430.426s][info][gc,marking     ] GC(771) Concurrent Preclean 0.182ms
[3430.426s][info][gc,start       ] GC(771) Pause Remark
[3430.432s][info][gc             ] GC(771) Pause Remark 2274M->2274M(4096M) 5.880ms
[3430.432s][info][gc,cpu         ] GC(771) User=0.04s Sys=0.00s Real=0.00s
[3430.432s][info][gc,marking     ] GC(771) Concurrent Mark 966.106ms
[3430.432s][info][gc,marking     ] GC(771) Concurrent Rebuild Remembered Sets and Scrub Regions
.[3430.837s][info][gc,marking     ] GC(771) Concurrent Rebuild Remembered Sets and Scrub Regions 404.729ms
[3430.837s][info][gc,start       ] GC(771) Pause Cleanup
[3430.837s][info][gc             ] GC(771) Pause Cleanup 2575M->2575M(4096M) 0.106ms
[3430.837s][info][gc,cpu         ] GC(771) User=0.00s Sys=0.00s Real=0.00s
[3430.837s][info][gc,marking     ] GC(771) Concurrent Clear Claimed Marks
[3430.837s][info][gc,marking     ] GC(771) Concurrent Clear Claimed Marks 0.028ms
[3430.837s][info][gc,marking     ] GC(771) Concurrent Cleanup for Next Mark
[3430.841s][info][gc,marking     ] GC(771) Concurrent Cleanup for Next Mark 3.296ms
[3430.841s][info][gc             ] GC(771) Concurrent Mark Cycle 1554.068ms
.[3432.260s][info][gc,start       ] GC(772) Pause Young (Prepare Mixed) (G1 Evacuation Pause)
[3432.260s][info][gc,task        ] GC(772) Using 6 workers of 6 for evacuation
[3432.380s][info][gc,phases      ] GC(772)   Pre Evacuate Collection Set: 0.33ms
[3432.380s][info][gc,phases      ] GC(772)   Merge Heap Roots: 0.53ms
[3432.380s][info][gc,phases      ] GC(772)   Evacuate Collection Set: 118.44ms
[3432.380s][info][gc,phases      ] GC(772)   Post Evacuate Collection Set: 0.98ms
[3432.380s][info][gc,phases      ] GC(772)   Other: 0.08ms
[3432.380s][info][gc,heap        ] GC(772) Eden regions: 1120->0(1105)
[3432.380s][info][gc,heap        ] GC(772) Survivor regions: 108->112(154)
[3432.380s][info][gc,heap        ] GC(772) Old regions: 505->536
[3432.380s][info][gc,heap        ] GC(772) Humongous regions: 80->80
[3432.380s][info][gc,metaspace   ] GC(772) Metaspace: 28948K(29376K)->28948K(29376K) NonClass: 24078K(24256K)->24078K(24256K) Class: 4870K(5120K)->4870K(5120K)
[3432.380s][info][gc             ] GC(772) Pause Young (Prepare Mixed) (G1 Evacuation Pause) 3624M->1453M(4096M) 120.485ms
[3432.380s][info][gc,cpu         ] GC(772) User=0.71s Sys=0.00s Real=0.12s
...[3435.320s][info][gc,start       ] GC(773) Pause Young (Mixed) (G1 Evacuation Pause)
[3435.320s][info][gc,task        ] GC(773) Using 6 workers of 6 for evacuation
[3435.452s][info][gc,phases      ] GC(773)   Pre Evacuate Collection Set: 0.37ms
[3435.452s][info][gc,phases      ] GC(773)   Merge Heap Roots: 0.65ms
[3435.452s][info][gc,phases      ] GC(773)   Evacuate Collection Set: 130.18ms
[3435.452s][info][gc,phases      ] GC(773)   Post Evacuate Collection Set: 0.95ms
[3435.452s][info][gc,phases      ] GC(773)   Other: 0.09ms
[3435.452s][info][gc,heap        ] GC(773) Eden regions: 1105->0(1117)
[3435.452s][info][gc,heap        ] GC(773) Survivor regions: 112->111(153)
[3435.452s][info][gc,heap        ] GC(773) Old regions: 536->473
[3435.452s][info][gc,heap        ] GC(773) Humongous regions: 80->80
[3435.452s][info][gc,metaspace   ] GC(773) Metaspace: 28948K(29376K)->28948K(29376K) NonClass: 24078K(24256K)->24078K(24256K) Class: 4870K(5120K)->4870K(5120K)
[3435.452s][info][gc             ] GC(773) Pause Young (Mixed) (G1 Evacuation Pause) 3663M->1326M(4096M) 132.372ms
[3435.452s][info][gc,cpu         ] GC(773) User=0.79s Sys=0.00s Real=0.13s
.|..[3438.357s][info][gc,start       ] GC(774) Pause Young (Concurrent Start) (G1 Evacuation Pause)
[3438.357s][info][gc,task        ] GC(774) Using 6 workers of 6 for evacuation
[3438.475s][info][gc,phases      ] GC(774)   Pre Evacuate Collection Set: 0.34ms
[3438.475s][info][gc,phases      ] GC(774)   Merge Heap Roots: 0.44ms
[3438.475s][info][gc,phases      ] GC(774)   Evacuate Collection Set: 116.14ms
[3438.475s][info][gc,phases      ] GC(774)   Post Evacuate Collection Set: 0.87ms
[3438.475s][info][gc,phases      ] GC(774)   Other: 0.11ms
[3438.475s][info][gc,heap        ] GC(774) Eden regions: 1117->0(1117)
[3438.475s][info][gc,heap        ] GC(774) Survivor regions: 111->111(154)
[3438.475s][info][gc,heap        ] GC(774) Old regions: 473->505
[3438.475s][info][gc,heap        ] GC(774) Humongous regions: 80->80
[3438.475s][info][gc,metaspace   ] GC(774) Metaspace: 28948K(29376K)->28948K(29376K) NonClass: 24078K(24256K)->24078K(24256K) Class: 4870K(5120K)->4870K(5120K)
[3438.475s][info][gc             ] GC(774) Pause Young (Concurrent Start) (G1 Evacuation Pause) 3560M->1390M(4096M) 118.032ms
[3438.475s][info][gc             ] GC(775) Concurrent Mark Cycle
[3438.475s][info][gc,marking     ] GC(775) Concurrent Scan Root Regions
[3438.475s][info][gc,cpu         ] GC(774) User=0.71s Sys=0.00s Real=0.12s
.[3438.661s][info][gc,marking     ] GC(775) Concurrent Scan Root Regions 185.415ms
[3438.661s][info][gc,marking     ] GC(775) Concurrent Mark
[3438.661s][info][gc,marking     ] GC(775) Concurrent Mark From Roots
[3438.661s][info][gc,task        ] GC(775) Using 2 workers of 2 for marking
[3439.444s][info][gc,marking     ] GC(775) Concurrent Mark From Roots 783.606ms
[3439.444s][info][gc,marking     ] GC(775) Concurrent Preclean
[3439.445s][info][gc,marking     ] GC(775) Concurrent Preclean 0.167ms
[3439.445s][info][gc,start       ] GC(775) Pause Remark
[3439.450s][info][gc             ] GC(775) Pause Remark 2137M->2137M(4096M) 5.347ms
[3439.450s][info][gc,cpu         ] GC(775) User=0.03s Sys=0.00s Real=0.00s
[3439.451s][info][gc,marking     ] GC(775) Concurrent Mark 790.385ms
[3439.451s][info][gc,marking     ] GC(775) Concurrent Rebuild Remembered Sets and Scrub Regions
.[3439.708s][info][gc,marking     ] GC(775) Concurrent Rebuild Remembered Sets and Scrub Regions 257.254ms
[3439.709s][info][gc,start       ] GC(775) Pause Cleanup
[3439.709s][info][gc             ] GC(775) Pause Cleanup 2282M->2282M(4096M) 0.121ms
[3439.709s][info][gc,cpu         ] GC(775) User=0.00s Sys=0.00s Real=0.00s
[3439.710s][info][gc,marking     ] GC(775) Concurrent Clear Claimed Marks
[3439.710s][info][gc,marking     ] GC(775) Concurrent Clear Claimed Marks 0.030ms
[3439.710s][info][gc,marking     ] GC(775) Concurrent Cleanup for Next Mark
[3439.717s][info][gc,marking     ] GC(775) Concurrent Cleanup for Next Mark 7.639ms
[3439.717s][info][gc             ] GC(775) Concurrent Mark Cycle 1242.079ms
.[3441.474s][info][gc,start       ] GC(776) Pause Young (Prepare Mixed) (G1 Evacuation Pause)
[3441.474s][info][gc,task        ] GC(776) Using 6 workers of 6 for evacuation
[3441.592s][info][gc,phases      ] GC(776)   Pre Evacuate Collection Set: 0.33ms
[3441.592s][info][gc,phases      ] GC(776)   Merge Heap Roots: 0.46ms
[3441.592s][info][gc,phases      ] GC(776)   Evacuate Collection Set: 115.95ms
[3441.592s][info][gc,phases      ] GC(776)   Post Evacuate Collection Set: 0.85ms
[3441.592s][info][gc,phases      ] GC(776)   Other: 0.08ms
[3441.592s][info][gc,heap        ] GC(776) Eden regions: 1117->0(1107)
[3441.592s][info][gc,heap        ] GC(776) Survivor regions: 111->111(154)
[3441.592s][info][gc,heap        ] GC(776) Old regions: 505->536
[3441.592s][info][gc,heap        ] GC(776) Humongous regions: 80->80
[3441.592s][info][gc,metaspace   ] GC(776) Metaspace: 28948K(29376K)->28948K(29376K) NonClass: 24078K(24256K)->24078K(24256K) Class: 4870K(5120K)->4870K(5120K)
[3441.592s][info][gc             ] GC(776) Pause Young (Prepare Mixed) (G1 Evacuation Pause) 3624M->1452M(4096M) 117.804ms
[3441.592s][info][gc,cpu         ] GC(776) User=0.70s Sys=0.00s Real=0.11s
...[3444.547s][info][gc,start       ] GC(777) Pause Young (Mixed) (G1 Evacuation Pause)
[3444.547s][info][gc,task        ] GC(777) Using 6 workers of 6 for evacuation
[3444.681s][info][gc,phases      ] GC(777)   Pre Evacuate Collection Set: 0.34ms
[3444.681s][info][gc,phases      ] GC(777)   Merge Heap Roots: 0.58ms
[3444.682s][info][gc,phases      ] GC(777)   Evacuate Collection Set: 132.89ms
[3444.682s][info][gc,phases      ] GC(777)   Post Evacuate Collection Set: 0.92ms
[3444.682s][info][gc,phases      ] GC(777)   Other: 0.09ms
[3444.682s][info][gc,heap        ] GC(777) Eden regions: 1107->0(1114)
[3444.682s][info][gc,heap        ] GC(777) Survivor regions: 111->114(153)
[3444.682s][info][gc,heap        ] GC(777) Old regions: 536->472
[3444.682s][info][gc,heap        ] GC(777) Humongous regions: 80->80
[3444.682s][info][gc,metaspace   ] GC(777) Metaspace: 28948K(29376K)->28948K(29376K) NonClass: 24078K(24256K)->24078K(24256K) Class: 4870K(5120K)->4870K(5120K)
[3444.682s][info][gc             ] GC(777) Pause Young (Mixed) (G1 Evacuation Pause) 3666M->1329M(4096M) 134.962ms
[3444.682s][info][gc,cpu         ] GC(777) User=0.80s Sys=0.00s Real=0.13s
...[3447.680s][info][gc,start       ] GC(778) Pause Young (Concurrent Start) (G1 Evacuation Pause)
[3447.680s][info][gc,task        ] GC(778) Using 6 workers of 6 for evacuation
[3447.796s][info][gc,phases      ] GC(778)   Pre Evacuate Collection Set: 0.35ms
[3447.796s][info][gc,phases      ] GC(778)   Merge Heap Roots: 0.47ms
[3447.796s][info][gc,phases      ] GC(778)   Evacuate Collection Set: 114.90ms
[3447.796s][info][gc,phases      ] GC(778)   Post Evacuate Collection Set: 0.88ms
[3447.796s][info][gc,phases      ] GC(778)   Other: 0.11ms
[3447.796s][info][gc,heap        ] GC(778) Eden regions: 1114->0(1119)
[3447.796s][info][gc,heap        ] GC(778) Survivor regions: 114->109(154)
[3447.796s][info][gc,heap        ] GC(778) Old regions: 472->504
[3447.796s][info][gc,heap        ] GC(778) Humongous regions: 80->80
[3447.796s][info][gc,metaspace   ] GC(778) Metaspace: 28948K(29376K)->28948K(29376K) NonClass: 24078K(24256K)->24078K(24256K) Class: 4870K(5120K)->4870K(5120K)
[3447.796s][info][gc             ] GC(778) Pause Young (Concurrent Start) (G1 Evacuation Pause) 3557M->1383M(4096M) 116.849ms
[3447.796s][info][gc             ] GC(779) Concurrent Mark Cycle
[3447.797s][info][gc,marking     ] GC(779) Concurrent Scan Root Regions
[3447.797s][info][gc,cpu         ] GC(778) User=0.70s Sys=0.00s Real=0.12s
.[3447.988s][info][gc,marking     ] GC(779) Concurrent Scan Root Regions 191.565ms
[3447.988s][info][gc,marking     ] GC(779) Concurrent Mark
[3447.988s][info][gc,marking     ] GC(779) Concurrent Mark From Roots
[3447.988s][info][gc,task        ] GC(779) Using 2 workers of 2 for marking
.[3448.892s][info][gc,marking     ] GC(779) Concurrent Mark From Roots 903.400ms
[3448.892s][info][gc,marking     ] GC(779) Concurrent Preclean
[3448.892s][info][gc,marking     ] GC(779) Concurrent Preclean 0.132ms
[3448.893s][info][gc,start       ] GC(779) Pause Remark
[3448.899s][info][gc             ] GC(779) Pause Remark 2285M->2285M(4096M) 6.419ms
[3448.899s][info][gc,cpu         ] GC(779) User=0.04s Sys=0.00s Real=0.01s
[3448.899s][info][gc,marking     ] GC(779) Concurrent Mark 911.341ms
[3448.900s][info][gc,marking     ] GC(779) Concurrent Rebuild Remembered Sets and Scrub Regions
[3449.197s][info][gc,marking     ] GC(779) Concurrent Rebuild Remembered Sets and Scrub Regions 297.471ms
[3449.197s][info][gc,start       ] GC(779) Pause Cleanup
[3449.197s][info][gc             ] GC(779) Pause Cleanup 2516M->2516M(4096M) 0.120ms
[3449.197s][info][gc,cpu         ] GC(779) User=0.00s Sys=0.00s Real=0.00s
[3449.197s][info][gc,marking     ] GC(779) Concurrent Clear Claimed Marks
[3449.197s][info][gc,marking     ] GC(779) Concurrent Clear Claimed Marks 0.031ms
[3449.197s][info][gc,marking     ] GC(779) Concurrent Cleanup for Next Mark
[3449.201s][info][gc,marking     ] GC(779) Concurrent Cleanup for Next Mark 3.845ms
[3449.201s][info][gc             ] GC(779) Concurrent Mark Cycle 1404.771ms
.[3450.775s][info][gc,start       ] GC(780) Pause Young (Prepare Mixed) (G1 Evacuation Pause)
[3450.775s][info][gc,task        ] GC(780) Using 6 workers of 6 for evacuation
[3450.894s][info][gc,phases      ] GC(780)   Pre Evacuate Collection Set: 0.30ms
[3450.894s][info][gc,phases      ] GC(780)   Merge Heap Roots: 0.46ms
[3450.894s][info][gc,phases      ] GC(780)   Evacuate Collection Set: 117.34ms
[3450.894s][info][gc,phases      ] GC(780)   Post Evacuate Collection Set: 0.92ms
[3450.894s][info][gc,phases      ] GC(780)   Other: 0.09ms
[3450.894s][info][gc,heap        ] GC(780) Eden regions: 1119->0(1106)
[3450.894s][info][gc,heap        ] GC(780) Survivor regions: 109->112(154)
[3450.894s][info][gc,heap        ] GC(780) Old regions: 504->535
[3450.894s][info][gc,heap        ] GC(780) Humongous regions: 80->80
[3450.894s][info][gc,metaspace   ] GC(780) Metaspace: 28948K(29376K)->28948K(29376K) NonClass: 24078K(24256K)->24078K(24256K) Class: 4870K(5120K)->4870K(5120K)
[3450.894s][info][gc             ] GC(780) Pause Young (Prepare Mixed) (G1 Evacuation Pause) 3621M->1452M(4096M) 119.255ms
[3450.894s][info][gc,cpu         ] GC(780) User=0.71s Sys=0.00s Real=0.12s
...[3453.850s][info][gc,start       ] GC(781) Pause Young (Mixed) (G1 Evacuation Pause)
[3453.850s][info][gc,task        ] GC(781) Using 6 workers of 6 for evacuation
[3453.983s][info][gc,phases      ] GC(781)   Pre Evacuate Collection Set: 0.35ms
[3453.983s][info][gc,phases      ] GC(781)   Merge Heap Roots: 0.71ms
[3453.983s][info][gc,phases      ] GC(781)   Evacuate Collection Set: 130.62ms
[3453.983s][info][gc,phases      ] GC(781)   Post Evacuate Collection Set: 0.94ms
[3453.983s][info][gc,phases      ] GC(781)   Other: 0.09ms
[3453.983s][info][gc,heap        ] GC(781) Eden regions: 1106->0(1121)
[3453.983s][info][gc,heap        ] GC(781) Survivor regions: 112->107(153)
[3453.983s][info][gc,heap        ] GC(781) Old regions: 535->471
[3453.983s][info][gc,heap        ] GC(781) Humongous regions: 80->80
[3453.983s][info][gc,metaspace   ] GC(781) Metaspace: 28948K(29376K)->28948K(29376K) NonClass: 24078K(24256K)->24078K(24256K) Class: 4870K(5120K)->4870K(5120K)
[3453.983s][info][gc             ] GC(781) Pause Young (Mixed) (G1 Evacuation Pause) 3664M->1314M(4096M) 132.832ms
[3453.983s][info][gc,cpu         ] GC(781) User=0.79s Sys=0.00s Real=0.13s
...[3456.908s][info][gc,start       ] GC(782) Pause Young (Concurrent Start) (G1 Evacuation Pause)
[3456.908s][info][gc,task        ] GC(782) Using 6 workers of 6 for evacuation
[3457.023s][info][gc,phases      ] GC(782)   Pre Evacuate Collection Set: 0.35ms
[3457.023s][info][gc,phases      ] GC(782)   Merge Heap Roots: 0.48ms
[3457.023s][info][gc,phases      ] GC(782)   Evacuate Collection Set: 113.19ms
[3457.023s][info][gc,phases      ] GC(782)   Post Evacuate Collection Set: 0.88ms
[3457.023s][info][gc,phases      ] GC(782)   Other: 0.10ms
[3457.023s][info][gc,heap        ] GC(782) Eden regions: 1121->0(1119)
[3457.023s][info][gc,heap        ] GC(782) Survivor regions: 107->109(154)
[3457.023s][info][gc,heap        ] GC(782) Old regions: 471->504
[3457.023s][info][gc,heap        ] GC(782) Humongous regions: 80->80
[3457.023s][info][gc,metaspace   ] GC(782) Metaspace: 28948K(29376K)->28948K(29376K) NonClass: 24078K(24256K)->24078K(24256K) Class: 4870K(5120K)->4870K(5120K)
[3457.023s][info][gc             ] GC(782) Pause Young (Concurrent Start) (G1 Evacuation Pause) 3556M->1383M(4096M) 115.130ms
[3457.023s][info][gc             ] GC(783) Concurrent Mark Cycle
[3457.023s][info][gc,marking     ] GC(783) Concurrent Scan Root Regions
[3457.023s][info][gc,cpu         ] GC(782) User=0.68s Sys=0.00s Real=0.11s
.[3457.163s][info][gc,marking     ] GC(783) Concurrent Scan Root Regions 140.383ms
[3457.163s][info][gc,marking     ] GC(783) Concurrent Mark
[3457.163s][info][gc,marking     ] GC(783) Concurrent Mark From Roots
[3457.163s][info][gc,task        ] GC(783) Using 2 workers of 2 for marking
[3457.827s][info][gc,marking     ] GC(783) Concurrent Mark From Roots 663.556ms
[3457.827s][info][gc,marking     ] GC(783) Concurrent Preclean
[3457.827s][info][gc,marking     ] GC(783) Concurrent Preclean 0.093ms
[3457.827s][info][gc,start       ] GC(783) Pause Remark
[3457.832s][info][gc             ] GC(783) Pause Remark 2026M->2026M(4096M) 4.883ms
[3457.832s][info][gc,cpu         ] GC(783) User=0.02s Sys=0.00s Real=0.00s
[3457.832s][info][gc,marking     ] GC(783) Concurrent Mark 668.821ms
[3457.832s][info][gc,marking     ] GC(783) Concurrent Rebuild Remembered Sets and Scrub Regions
[3458.072s][info][gc,marking     ] GC(783) Concurrent Rebuild Remembered Sets and Scrub Regions 239.466ms
[3458.072s][info][gc,start       ] GC(783) Pause Cleanup
[3458.072s][info][gc             ] GC(783) Pause Cleanup 2197M->2197M(4096M) 0.100ms
[3458.072s][info][gc,cpu         ] GC(783) User=0.00s Sys=0.00s Real=0.00s
[3458.073s][info][gc,marking     ] GC(783) Concurrent Clear Claimed Marks
[3458.073s][info][gc,marking     ] GC(783) Concurrent Clear Claimed Marks 0.050ms
[3458.073s][info][gc,marking     ] GC(783) Concurrent Cleanup for Next Mark
.[3458.081s][info][gc,marking     ] GC(783) Concurrent Cleanup for Next Mark 8.039ms
[3458.082s][info][gc             ] GC(783) Concurrent Mark Cycle 1058.477ms
.[3460.004s][info][gc,start       ] GC(784) Pause Young (Prepare Mixed) (G1 Evacuation Pause)
[3460.004s][info][gc,task        ] GC(784) Using 6 workers of 6 for evacuation
[3460.122s][info][gc,phases      ] GC(784)   Pre Evacuate Collection Set: 0.34ms
[3460.122s][info][gc,phases      ] GC(784)   Merge Heap Roots: 0.50ms
[3460.122s][info][gc,phases      ] GC(784)   Evacuate Collection Set: 116.66ms
[3460.122s][info][gc,phases      ] GC(784)   Post Evacuate Collection Set: 0.91ms
[3460.122s][info][gc,phases      ] GC(784)   Other: 0.09ms
[3460.122s][info][gc,heap        ] GC(784) Eden regions: 1119->0(1110)
[3460.122s][info][gc,heap        ] GC(784) Survivor regions: 109->110(154)
[3460.122s][info][gc,heap        ] GC(784) Old regions: 504->535
[3460.122s][info][gc,heap        ] GC(784) Humongous regions: 80->80
[3460.122s][info][gc,metaspace   ] GC(784) Metaspace: 28948K(29376K)->28948K(29376K) NonClass: 24078K(24256K)->24078K(24256K) Class: 4870K(5120K)->4870K(5120K)
[3460.122s][info][gc             ] GC(784) Pause Young (Prepare Mixed) (G1 Evacuation Pause) 3621M->1449M(4096M) 118.619ms
[3460.122s][info][gc,cpu         ] GC(784) User=0.70s Sys=0.00s Real=0.11s
...[3463.034s][info][gc,start       ] GC(785) Pause Young (Mixed) (G1 Evacuation Pause)
[3463.034s][info][gc,task        ] GC(785) Using 6 workers of 6 for evacuation
[3463.163s][info][gc,phases      ] GC(785)   Pre Evacuate Collection Set: 0.38ms
[3463.163s][info][gc,phases      ] GC(785)   Merge Heap Roots: 0.60ms
[3463.163s][info][gc,phases      ] GC(785)   Evacuate Collection Set: 126.92ms
[3463.163s][info][gc,phases      ] GC(785)   Post Evacuate Collection Set: 0.93ms
[3463.163s][info][gc,phases      ] GC(785)   Other: 0.09ms
[3463.163s][info][gc,heap        ] GC(785) Eden regions: 1110->0(1120)
[3463.163s][info][gc,heap        ] GC(785) Survivor regions: 110->108(153)
[3463.163s][info][gc,heap        ] GC(785) Old regions: 535->474
[3463.163s][info][gc,heap        ] GC(785) Humongous regions: 80->80
[3463.163s][info][gc,metaspace   ] GC(785) Metaspace: 28948K(29376K)->28948K(29376K) NonClass: 24078K(24256K)->24078K(24256K) Class: 4870K(5120K)->4870K(5120K)
[3463.163s][info][gc             ] GC(785) Pause Young (Mixed) (G1 Evacuation Pause) 3669M->1322M(4096M) 129.042ms
[3463.163s][info][gc,cpu         ] GC(785) User=0.77s Sys=0.00s Real=0.12s
...[3466.141s][info][gc,start       ] GC(786) Pause Young (Concurrent Start) (G1 Evacuation Pause)
[3466.141s][info][gc,task        ] GC(786) Using 6 workers of 6 for evacuation
[3466.256s][info][gc,phases      ] GC(786)   Pre Evacuate Collection Set: 0.38ms
[3466.256s][info][gc,phases      ] GC(786)   Merge Heap Roots: 0.46ms
[3466.256s][info][gc,phases      ] GC(786)   Evacuate Collection Set: 112.87ms
[3466.256s][info][gc,phases      ] GC(786)   Post Evacuate Collection Set: 0.84ms
[3466.256s][info][gc,phases      ] GC(786)   Other: 0.13ms
[3466.256s][info][gc,heap        ] GC(786) Eden regions: 1120->0(1120)
[3466.256s][info][gc,heap        ] GC(786) Survivor regions: 108->108(154)
[3466.256s][info][gc,heap        ] GC(786) Old regions: 474->505
[3466.256s][info][gc,heap        ] GC(786) Humongous regions: 80->80
[3466.256s][info][gc,metaspace   ] GC(786) Metaspace: 28948K(29376K)->28948K(29376K) NonClass: 24078K(24256K)->24078K(24256K) Class: 4870K(5120K)->4870K(5120K)
[3466.256s][info][gc             ] GC(786) Pause Young (Concurrent Start) (G1 Evacuation Pause) 3562M->1384M(4096M) 114.794ms
[3466.256s][info][gc             ] GC(787) Concurrent Mark Cycle
[3466.256s][info][gc,marking     ] GC(787) Concurrent Scan Root Regions
[3466.256s][info][gc,cpu         ] GC(786) User=0.69s Sys=0.00s Real=0.12s
.[3466.397s][info][gc,marking     ] GC(787) Concurrent Scan Root Regions 140.771ms
[3466.397s][info][gc,marking     ] GC(787) Concurrent Mark
[3466.397s][info][gc,marking     ] GC(787) Concurrent Mark From Roots
[3466.397s][info][gc,task        ] GC(787) Using 2 workers of 2 for marking
[3467.049s][info][gc,marking     ] GC(787) Concurrent Mark From Roots 651.931ms
[3467.049s][info][gc,marking     ] GC(787) Concurrent Preclean
[3467.049s][info][gc,marking     ] GC(787) Concurrent Preclean 0.108ms
[3467.049s][info][gc,start       ] GC(787) Pause Remark
[3467.055s][info][gc             ] GC(787) Pause Remark 2016M->2016M(4096M) 5.351ms
[3467.055s][info][gc,cpu         ] GC(787) User=0.03s Sys=0.00s Real=0.01s
[3467.055s][info][gc,marking     ] GC(787) Concurrent Mark 658.080ms
[3467.055s][info][gc,marking     ] GC(787) Concurrent Rebuild Remembered Sets and Scrub Regions
[3467.360s][info][gc,marking     ] GC(787) Concurrent Rebuild Remembered Sets and Scrub Regions 305.322ms
[3467.360s][info][gc,start       ] GC(787) Pause Cleanup
[3467.361s][info][gc             ] GC(787) Pause Cleanup 2262M->2262M(4096M) 0.755ms
[3467.361s][info][gc,cpu         ] GC(787) User=0.00s Sys=0.00s Real=0.00s
[3467.361s][info][gc,marking     ] GC(787) Concurrent Clear Claimed Marks
[3467.361s][info][gc,marking     ] GC(787) Concurrent Clear Claimed Marks 0.026ms
[3467.361s][info][gc,marking     ] GC(787) Concurrent Cleanup for Next Mark
[3467.365s][info][gc,marking     ] GC(787) Concurrent Cleanup for Next Mark 3.711ms
[3467.365s][info][gc             ] GC(787) Concurrent Mark Cycle 1109.016ms
..[3469.273s][info][gc,start       ] GC(788) Pause Young (Prepare Mixed) (G1 Evacuation Pause)
[3469.273s][info][gc,task        ] GC(788) Using 6 workers of 6 for evacuation
[3469.390s][info][gc,phases      ] GC(788)   Pre Evacuate Collection Set: 0.30ms
[3469.390s][info][gc,phases      ] GC(788)   Merge Heap Roots: 0.50ms
[3469.390s][info][gc,phases      ] GC(788)   Evacuate Collection Set: 114.51ms
[3469.390s][info][gc,phases      ] GC(788)   Post Evacuate Collection Set: 0.90ms
[3469.390s][info][gc,phases      ] GC(788)   Other: 0.09ms
[3469.390s][info][gc,heap        ] GC(788) Eden regions: 1120->0(1109)
[3469.390s][info][gc,heap        ] GC(788) Survivor regions: 108->110(154)
[3469.390s][info][gc,heap        ] GC(788) Old regions: 505->536
[3469.390s][info][gc,heap        ] GC(788) Humongous regions: 80->80
[3469.390s][info][gc,metaspace   ] GC(788) Metaspace: 28948K(29376K)->28948K(29376K) NonClass: 24078K(24256K)->24078K(24256K) Class: 4870K(5120K)->4870K(5120K)
[3469.390s][info][gc             ] GC(788) Pause Young (Prepare Mixed) (G1 Evacuation Pause) 3624M->1449M(4096M) 116.422ms
[3469.390s][info][gc,cpu         ] GC(788) User=0.69s Sys=0.00s Real=0.11s
...[3472.277s][info][gc,start       ] GC(789) Pause Young (Mixed) (G1 Evacuation Pause)
[3472.277s][info][gc,task        ] GC(789) Using 6 workers of 6 for evacuation
[3472.409s][info][gc,phases      ] GC(789)   Pre Evacuate Collection Set: 0.40ms
[3472.409s][info][gc,phases      ] GC(789)   Merge Heap Roots: 0.71ms
[3472.409s][info][gc,phases      ] GC(789)   Evacuate Collection Set: 129.41ms
[3472.409s][info][gc,phases      ] GC(789)   Post Evacuate Collection Set: 0.93ms
[3472.409s][info][gc,phases      ] GC(789)   Other: 0.09ms
[3472.409s][info][gc,heap        ] GC(789) Eden regions: 1109->0(1118)
[3472.409s][info][gc,heap        ] GC(789) Survivor regions: 110->110(153)
[3472.409s][info][gc,heap        ] GC(789) Old regions: 536->471
[3472.409s][info][gc,heap        ] GC(789) Humongous regions: 80->80
[3472.409s][info][gc,metaspace   ] GC(789) Metaspace: 28948K(29376K)->28948K(29376K) NonClass: 24078K(24256K)->24078K(24256K) Class: 4870K(5120K)->4870K(5120K)
[3472.409s][info][gc             ] GC(789) Pause Young (Mixed) (G1 Evacuation Pause) 3667M->1320M(4096M) 131.702ms
[3472.409s][info][gc,cpu         ] GC(789) User=0.79s Sys=0.00s Real=0.13s
...[3475.381s][info][gc,start       ] GC(790) Pause Young (Concurrent Start) (G1 Evacuation Pause)
[3475.381s][info][gc,task        ] GC(790) Using 6 workers of 6 for evacuation
[3475.500s][info][gc,phases      ] GC(790)   Pre Evacuate Collection Set: 0.36ms
[3475.500s][info][gc,phases      ] GC(790)   Merge Heap Roots: 0.47ms
[3475.500s][info][gc,phases      ] GC(790)   Evacuate Collection Set: 116.53ms
[3475.500s][info][gc,phases      ] GC(790)   Post Evacuate Collection Set: 0.88ms
[3475.500s][info][gc,phases      ] GC(790)   Other: 0.14ms
[3475.500s][info][gc,heap        ] GC(790) Eden regions: 1118->0(1118)
[3475.500s][info][gc,heap        ] GC(790) Survivor regions: 110->110(154)
[3475.500s][info][gc,heap        ] GC(790) Old regions: 471->504
[3475.500s][info][gc,heap        ] GC(790) Humongous regions: 80->80
[3475.500s][info][gc,metaspace   ] GC(790) Metaspace: 28950K(29376K)->28950K(29376K) NonClass: 24080K(24256K)->24080K(24256K) Class: 4870K(5120K)->4870K(5120K)
[3475.500s][info][gc             ] GC(790) Pause Young (Concurrent Start) (G1 Evacuation Pause) 3556M->1385M(4096M) 118.539ms
[3475.500s][info][gc             ] GC(791) Concurrent Mark Cycle
[3475.500s][info][gc,marking     ] GC(791) Concurrent Scan Root Regions
[3475.500s][info][gc,cpu         ] GC(790) User=0.70s Sys=0.00s Real=0.12s
.[3475.685s][info][gc,marking     ] GC(791) Concurrent Scan Root Regions 185.541ms
[3475.685s][info][gc,marking     ] GC(791) Concurrent Mark
[3475.685s][info][gc,marking     ] GC(791) Concurrent Mark From Roots
[3475.685s][info][gc,task        ] GC(791) Using 2 workers of 2 for marking
[3476.352s][info][gc,marking     ] GC(791) Concurrent Mark From Roots 666.826ms
[3476.352s][info][gc,marking     ] GC(791) Concurrent Preclean
[3476.352s][info][gc,marking     ] GC(791) Concurrent Preclean 0.140ms
[3476.352s][info][gc,start       ] GC(791) Pause Remark
[3476.358s][info][gc             ] GC(791) Pause Remark 2072M->2072M(4096M) 5.583ms
[3476.358s][info][gc,cpu         ] GC(791) User=0.03s Sys=0.00s Real=0.01s
[3476.358s][info][gc,marking     ] GC(791) Concurrent Mark 672.830ms
[3476.358s][info][gc,marking     ] GC(791) Concurrent Rebuild Remembered Sets and Scrub Regions
.[3476.706s][info][gc,marking     ] GC(791) Concurrent Rebuild Remembered Sets and Scrub Regions 348.316ms
[3476.707s][info][gc,start       ] GC(791) Pause Cleanup
[3476.707s][info][gc             ] GC(791) Pause Cleanup 2292M->2292M(4096M) 0.116ms
[3476.707s][info][gc,cpu         ] GC(791) User=0.00s Sys=0.00s Real=0.00s
[3476.707s][info][gc,marking     ] GC(791) Concurrent Clear Claimed Marks
[3476.707s][info][gc,marking     ] GC(791) Concurrent Clear Claimed Marks 0.032ms
[3476.707s][info][gc,marking     ] GC(791) Concurrent Cleanup for Next Mark
[3476.713s][info][gc,marking     ] GC(791) Concurrent Cleanup for Next Mark 5.125ms
[3476.713s][info][gc             ] GC(791) Concurrent Mark Cycle 1212.981ms
.[3478.480s][info][gc,start       ] GC(792) Pause Young (Prepare Mixed) (G1 Evacuation Pause)
[3478.480s][info][gc,task        ] GC(792) Using 6 workers of 6 for evacuation
[3478.595s][info][gc,phases      ] GC(792)   Pre Evacuate Collection Set: 0.31ms
[3478.595s][info][gc,phases      ] GC(792)   Merge Heap Roots: 0.48ms
[3478.595s][info][gc,phases      ] GC(792)   Evacuate Collection Set: 113.87ms
[3478.595s][info][gc,phases      ] GC(792)   Post Evacuate Collection Set: 0.90ms
[3478.595s][info][gc,phases      ] GC(792)   Other: 0.10ms
[3478.595s][info][gc,heap        ] GC(792) Eden regions: 1118->0(1110)
[3478.595s][info][gc,heap        ] GC(792) Survivor regions: 110->110(154)
[3478.595s][info][gc,heap        ] GC(792) Old regions: 504->535
[3478.595s][info][gc,heap        ] GC(792) Humongous regions: 80->80
[3478.595s][info][gc,metaspace   ] GC(792) Metaspace: 28950K(29376K)->28950K(29376K) NonClass: 24080K(24256K)->24080K(24256K) Class: 4870K(5120K)->4870K(5120K)
[3478.595s][info][gc             ] GC(792) Pause Young (Prepare Mixed) (G1 Evacuation Pause) 3621M->1448M(4096M) 115.808ms
[3478.595s][info][gc,cpu         ] GC(792) User=0.69s Sys=0.00s Real=0.12s
...[3481.560s][info][gc,start       ] GC(793) Pause Young (Mixed) (G1 Evacuation Pause)
[3481.560s][info][gc,task        ] GC(793) Using 6 workers of 6 for evacuation
[3481.690s][info][gc,phases      ] GC(793)   Pre Evacuate Collection Set: 0.39ms
[3481.690s][info][gc,phases      ] GC(793)   Merge Heap Roots: 0.59ms
[3481.690s][info][gc,phases      ] GC(793)   Evacuate Collection Set: 128.53ms
[3481.691s][info][gc,phases      ] GC(793)   Post Evacuate Collection Set: 0.93ms
[3481.691s][info][gc,phases      ] GC(793)   Other: 0.09ms
[3481.691s][info][gc,heap        ] GC(793) Eden regions: 1110->0(1118)
[3481.691s][info][gc,heap        ] GC(793) Survivor regions: 110->110(153)
[3481.691s][info][gc,heap        ] GC(793) Old regions: 535->474
[3481.691s][info][gc,heap        ] GC(793) Humongous regions: 80->80
[3481.691s][info][gc,metaspace   ] GC(793) Metaspace: 28950K(29376K)->28950K(29376K) NonClass: 24080K(24256K)->24080K(24256K) Class: 4870K(5120K)->4870K(5120K)
[3481.691s][info][gc             ] GC(793) Pause Young (Mixed) (G1 Evacuation Pause) 3668M->1327M(4096M) 130.655ms
[3481.691s][info][gc,cpu         ] GC(793) User=0.78s Sys=0.00s Real=0.13s
...[3484.632s][info][gc,start       ] GC(794) Pause Young (Concurrent Start) (G1 Evacuation Pause)
[3484.633s][info][gc,task        ] GC(794) Using 6 workers of 6 for evacuation
[3484.748s][info][gc,phases      ] GC(794)   Pre Evacuate Collection Set: 0.37ms
[3484.748s][info][gc,phases      ] GC(794)   Merge Heap Roots: 0.44ms
[3484.748s][info][gc,phases      ] GC(794)   Evacuate Collection Set: 113.92ms
[3484.748s][info][gc,phases      ] GC(794)   Post Evacuate Collection Set: 0.87ms
[3484.748s][info][gc,phases      ] GC(794)   Other: 0.12ms
[3484.748s][info][gc,heap        ] GC(794) Eden regions: 1118->0(1118)
[3484.748s][info][gc,heap        ] GC(794) Survivor regions: 110->110(154)
[3484.748s][info][gc,heap        ] GC(794) Old regions: 474->506
[3484.748s][info][gc,heap        ] GC(794) Humongous regions: 80->80
[3484.748s][info][gc,metaspace   ] GC(794) Metaspace: 28950K(29376K)->28950K(29376K) NonClass: 24080K(24256K)->24080K(24256K) Class: 4870K(5120K)->4870K(5120K)
[3484.748s][info][gc             ] GC(794) Pause Young (Concurrent Start) (G1 Evacuation Pause) 3563M->1391M(4096M) 115.862ms
[3484.748s][info][gc             ] GC(795) Concurrent Mark Cycle
[3484.748s][info][gc,marking     ] GC(795) Concurrent Scan Root Regions
[3484.748s][info][gc,cpu         ] GC(794) User=0.69s Sys=0.00s Real=0.12s
.[3484.866s][info][gc,marking     ] GC(795) Concurrent Scan Root Regions 117.316ms
[3484.866s][info][gc,marking     ] GC(795) Concurrent Mark
[3484.866s][info][gc,marking     ] GC(795) Concurrent Mark From Roots
[3484.866s][info][gc,task        ] GC(795) Using 2 workers of 2 for marking
[3485.416s][info][gc,marking     ] GC(795) Concurrent Mark From Roots 549.775ms
[3485.416s][info][gc,marking     ] GC(795) Concurrent Preclean
[3485.416s][info][gc,marking     ] GC(795) Concurrent Preclean 0.130ms
[3485.416s][info][gc,start       ] GC(795) Pause Remark
[3485.421s][info][gc             ] GC(795) Pause Remark 1915M->1915M(4096M) 4.774ms
[3485.421s][info][gc,cpu         ] GC(795) User=0.02s Sys=0.00s Real=0.00s
[3485.421s][info][gc,marking     ] GC(795) Concurrent Mark 555.291ms
[3485.421s][info][gc,marking     ] GC(795) Concurrent Rebuild Remembered Sets and Scrub Regions
[3485.680s][info][gc,marking     ] GC(795) Concurrent Rebuild Remembered Sets and Scrub Regions 259.104ms
[3485.681s][info][gc,start       ] GC(795) Pause Cleanup
[3485.681s][info][gc             ] GC(795) Pause Cleanup 2135M->2135M(4096M) 0.118ms
[3485.681s][info][gc,cpu         ] GC(795) User=0.00s Sys=0.00s Real=0.00s
[3485.681s][info][gc,marking     ] GC(795) Concurrent Clear Claimed Marks
[3485.681s][info][gc,marking     ] GC(795) Concurrent Clear Claimed Marks 0.031ms
[3485.681s][info][gc,marking     ] GC(795) Concurrent Cleanup for Next Mark
[3485.686s][info][gc,marking     ] GC(795) Concurrent Cleanup for Next Mark 4.484ms
[3485.686s][info][gc             ] GC(795) Concurrent Mark Cycle 937.367ms
..[3487.727s][info][gc,start       ] GC(796) Pause Young (Prepare Mixed) (G1 Evacuation Pause)
[3487.727s][info][gc,task        ] GC(796) Using 6 workers of 6 for evacuation
[3487.842s][info][gc,phases      ] GC(796)   Pre Evacuate Collection Set: 0.31ms
[3487.842s][info][gc,phases      ] GC(796)   Merge Heap Roots: 0.56ms
[3487.842s][info][gc,phases      ] GC(796)   Evacuate Collection Set: 112.49ms
[3487.842s][info][gc,phases      ] GC(796)   Post Evacuate Collection Set: 0.94ms
[3487.842s][info][gc,phases      ] GC(796)   Other: 0.87ms
[3487.842s][info][gc,heap        ] GC(796) Eden regions: 1118->0(1113)
[3487.842s][info][gc,heap        ] GC(796) Survivor regions: 110->107(154)
[3487.842s][info][gc,heap        ] GC(796) Old regions: 506->538
[3487.842s][info][gc,heap        ] GC(796) Humongous regions: 80->80
[3487.842s][info][gc,metaspace   ] GC(796) Metaspace: 28950K(29376K)->28950K(29376K) NonClass: 24080K(24256K)->24080K(24256K) Class: 4870K(5120K)->4870K(5120K)
[3487.842s][info][gc             ] GC(796) Pause Young (Prepare Mixed) (G1 Evacuation Pause) 3627M->1449M(4096M) 115.301ms
[3487.842s][info][gc,cpu         ] GC(796) User=0.68s Sys=0.00s Real=0.11s
...[3490.836s][info][gc,start       ] GC(797) Pause Young (Mixed) (G1 Evacuation Pause)
[3490.836s][info][gc,task        ] GC(797) Using 6 workers of 6 for evacuation
[3490.968s][info][gc,phases      ] GC(797)   Pre Evacuate Collection Set: 0.38ms
[3490.968s][info][gc,phases      ] GC(797)   Merge Heap Roots: 0.64ms
[3490.968s][info][gc,phases      ] GC(797)   Evacuate Collection Set: 129.65ms
[3490.968s][info][gc,phases      ] GC(797)   Post Evacuate Collection Set: 0.92ms
[3490.968s][info][gc,phases      ] GC(797)   Other: 0.12ms
[3490.968s][info][gc,heap        ] GC(797) Eden regions: 1113->0(1118)
[3490.968s][info][gc,heap        ] GC(797) Survivor regions: 107->110(153)
[3490.968s][info][gc,heap        ] GC(797) Old regions: 538->473
[3490.968s][info][gc,heap        ] GC(797) Humongous regions: 80->80
[3490.968s][info][gc,metaspace   ] GC(797) Metaspace: 28950K(29376K)->28950K(29376K) NonClass: 24080K(24256K)->24080K(24256K) Class: 4870K(5120K)->4870K(5120K)
[3490.968s][info][gc             ] GC(797) Pause Young (Mixed) (G1 Evacuation Pause) 3675M->1324M(4096M) 131.835ms
[3490.968s][info][gc,cpu         ] GC(797) User=0.79s Sys=0.01s Real=0.13s
...[3493.833s][info][gc,start       ] GC(798) Pause Young (Concurrent Start) (G1 Evacuation Pause)
[3493.833s][info][gc,task        ] GC(798) Using 6 workers of 6 for evacuation
[3493.949s][info][gc,phases      ] GC(798)   Pre Evacuate Collection Set: 0.41ms
[3493.949s][info][gc,phases      ] GC(798)   Merge Heap Roots: 0.50ms
[3493.949s][info][gc,phases      ] GC(798)   Evacuate Collection Set: 113.92ms
[3493.949s][info][gc,phases      ] GC(798)   Post Evacuate Collection Set: 0.92ms
[3493.949s][info][gc,phases      ] GC(798)   Other: 0.14ms
[3493.949s][info][gc,heap        ] GC(798) Eden regions: 1118->0(1121)
[3493.949s][info][gc,heap        ] GC(798) Survivor regions: 110->107(154)
[3493.949s][info][gc,heap        ] GC(798) Old regions: 473->505
[3493.949s][info][gc,heap        ] GC(798) Humongous regions: 80->80
[3493.949s][info][gc,metaspace   ] GC(798) Metaspace: 28950K(29376K)->28950K(29376K) NonClass: 24080K(24256K)->24080K(24256K) Class: 4870K(5120K)->4870K(5120K)
[3493.949s][info][gc             ] GC(798) Pause Young (Concurrent Start) (G1 Evacuation Pause) 3560M->1383M(4096M) 116.027ms
[3493.949s][info][gc             ] GC(799) Concurrent Mark Cycle
[3493.949s][info][gc,marking     ] GC(799) Concurrent Scan Root Regions
[3493.949s][info][gc,cpu         ] GC(798) User=0.69s Sys=0.00s Real=0.11s
.[3494.091s][info][gc,marking     ] GC(799) Concurrent Scan Root Regions 141.547ms
[3494.091s][info][gc,marking     ] GC(799) Concurrent Mark
[3494.091s][info][gc,marking     ] GC(799) Concurrent Mark From Roots
[3494.091s][info][gc,task        ] GC(799) Using 2 workers of 2 for marking
[3494.806s][info][gc,marking     ] GC(799) Concurrent Mark From Roots 715.022ms
[3494.806s][info][gc,marking     ] GC(799) Concurrent Preclean
[3494.806s][info][gc,marking     ] GC(799) Concurrent Preclean 0.144ms
[3494.807s][info][gc,start       ] GC(799) Pause Remark
[3494.813s][info][gc             ] GC(799) Pause Remark 2078M->2078M(4096M) 5.585ms
[3494.813s][info][gc,cpu         ] GC(799) User=0.03s Sys=0.01s Real=0.00s
[3494.813s][info][gc,marking     ] GC(799) Concurrent Mark 722.072ms
[3494.813s][info][gc,marking     ] GC(799) Concurrent Rebuild Remembered Sets and Scrub Regions
[3495.053s][info][gc,marking     ] GC(799) Concurrent Rebuild Remembered Sets and Scrub Regions 239.555ms
[3495.053s][info][gc,start       ] GC(799) Pause Cleanup
[3495.053s][info][gc             ] GC(799) Pause Cleanup 2241M->2241M(4096M) 0.119ms
[3495.053s][info][gc,cpu         ] GC(799) User=0.00s Sys=0.00s Real=0.00s
[3495.054s][info][gc,marking     ] GC(799) Concurrent Clear Claimed Marks
[3495.054s][info][gc,marking     ] GC(799) Concurrent Clear Claimed Marks 0.035ms
[3495.054s][info][gc,marking     ] GC(799) Concurrent Cleanup for Next Mark
.[3495.058s][info][gc,marking     ] GC(799) Concurrent Cleanup for Next Mark 4.307ms
[3495.058s][info][gc             ] GC(799) Concurrent Mark Cycle 1108.658ms
. (rIR:aIR:PR = 6088:6090:6090) (tPR = 90693) [OK] 
  3495s: Performance info:
         Transaction,    Success,    Partial,     Failed,   Receipts, AvgBarcode, 
             Overall,     368495,          0,          0,     350068,      59.48, 
         Response times:
             Request,    Success,    Partial,     Failed,   SkipFail,     Probes,    Samples,      min,      p50,      p90,      p95,      p99,      max, 
       TotalPurchase,     350065,          0,          0,          0,     342461,     379499,      300,     4900,    15400,    44000,   102000,   228000,
     InStorePurchase,     184276,          0,          0,          0,     180901,     199821,      300,     4900,    15400,    45000,   103000,   228000,
      OnlinePurchase,     128944,          0,          0,          0,     125617,     139442,      300,     4800,    15300,    44000,   101000,   216000,
        InstPurchase,      36845,          0,          0,          0,      35943,      40236,      400,     4900,    15800,    44000,   105000,   191000,
          AssocOfCat,        367,          0,          0,          0,        305,        426,    23000,    36000,    70000,    91300,   162300,   180000,
      AssocOfProduct,       3690,          0,          0,          0,       3444,       4057,     1000,     5900,    24000,    55000,   113000,   228000,
      BusinessReport,        917,          0,          0,          0,        800,        988,    28000,    40000,    83000,   128550,   180220,   227000,
          CustBuyBeh,       3687,          0,          0,          0,       3440,       4069,      200,     6000,    18500,    57000,   112300,   147000,
       ProductReturn,       9773,          0,          0,          0,       9290,      10493,      700,     5500,    18400,    51000,   112060,   151000,

  3495s: (45%)   IR =   6227 [3496.949s][info][gc,start       ] GC(800) Pause Young (Prepare Mixed) (G1 Evacuation Pause)
[3496.949s][info][gc,task        ] GC(800) Using 6 workers of 6 for evacuation
[3497.069s][info][gc,phases      ] GC(800)   Pre Evacuate Collection Set: 0.35ms
[3497.069s][info][gc,phases      ] GC(800)   Merge Heap Roots: 0.52ms
[3497.069s][info][gc,phases      ] GC(800)   Evacuate Collection Set: 117.99ms
[3497.069s][info][gc,phases      ] GC(800)   Post Evacuate Collection Set: 0.93ms
[3497.069s][info][gc,phases      ] GC(800)   Other: 0.08ms
[3497.069s][info][gc,heap        ] GC(800) Eden regions: 1121->0(1104)
[3497.069s][info][gc,heap        ] GC(800) Survivor regions: 107->112(154)
[3497.069s][info][gc,heap        ] GC(800) Old regions: 505->537
[3497.069s][info][gc,heap        ] GC(800) Humongous regions: 80->80
[3497.069s][info][gc,metaspace   ] GC(800) Metaspace: 28952K(29376K)->28952K(29376K) NonClass: 24081K(24256K)->24081K(24256K) Class: 4870K(5120K)->4870K(5120K)
[3497.069s][info][gc             ] GC(800) Pause Young (Prepare Mixed) (G1 Evacuation Pause) 3625M->1456M(4096M) 120.004ms
[3497.069s][info][gc,cpu         ] GC(800) User=0.72s Sys=0.00s Real=0.12s
...[3499.908s][info][gc,start       ] GC(801) Pause Young (Mixed) (G1 Evacuation Pause)
[3499.908s][info][gc,task        ] GC(801) Using 6 workers of 6 for evacuation
[3500.039s][info][gc,phases      ] GC(801)   Pre Evacuate Collection Set: 0.39ms
[3500.039s][info][gc,phases      ] GC(801)   Merge Heap Roots: 0.68ms
[3500.039s][info][gc,phases      ] GC(801)   Evacuate Collection Set: 128.67ms
[3500.039s][info][gc,phases      ] GC(801)   Post Evacuate Collection Set: 1.01ms
[3500.039s][info][gc,phases      ] GC(801)   Other: 0.09ms
[3500.039s][info][gc,heap        ] GC(801) Eden regions: 1104->0(1120)
[3500.039s][info][gc,heap        ] GC(801) Survivor regions: 112->108(152)
[3500.039s][info][gc,heap        ] GC(801) Old regions: 537->474
[3500.039s][info][gc,heap        ] GC(801) Humongous regions: 80->80
[3500.039s][info][gc,metaspace   ] GC(801) Metaspace: 28952K(29376K)->28952K(29376K) NonClass: 24081K(24256K)->24081K(24256K) Class: 4870K(5120K)->4870K(5120K)
[3500.039s][info][gc             ] GC(801) Pause Young (Mixed) (G1 Evacuation Pause) 3664M->1321M(4096M) 130.985ms
[3500.039s][info][gc,cpu         ] GC(801) User=0.78s Sys=0.00s Real=0.13s
...[3502.907s][info][gc,start       ] GC(802) Pause Young (Concurrent Start) (G1 Evacuation Pause)
[3502.907s][info][gc,task        ] GC(802) Using 6 workers of 6 for evacuation
[3503.025s][info][gc,phases      ] GC(802)   Pre Evacuate Collection Set: 0.38ms
[3503.025s][info][gc,phases      ] GC(802)   Merge Heap Roots: 0.46ms
[3503.025s][info][gc,phases      ] GC(802)   Evacuate Collection Set: 115.55ms
[3503.025s][info][gc,phases      ] GC(802)   Post Evacuate Collection Set: 0.86ms
[3503.025s][info][gc,phases      ] GC(802)   Other: 0.10ms
[3503.025s][info][gc,heap        ] GC(802) Eden regions: 1120->0(1119)
[3503.025s][info][gc,heap        ] GC(802) Survivor regions: 108->109(154)
[3503.025s][info][gc,heap        ] GC(802) Old regions: 474->506
[3503.025s][info][gc,heap        ] GC(802) Humongous regions: 80->80
[3503.025s][info][gc,metaspace   ] GC(802) Metaspace: 28952K(29376K)->28952K(29376K) NonClass: 24081K(24256K)->24081K(24256K) Class: 4870K(5120K)->4870K(5120K)
[3503.025s][info][gc             ] GC(802) Pause Young (Concurrent Start) (G1 Evacuation Pause) 3561M->1387M(4096M) 117.473ms
[3503.025s][info][gc             ] GC(803) Concurrent Mark Cycle
[3503.025s][info][gc,marking     ] GC(803) Concurrent Scan Root Regions
[3503.025s][info][gc,cpu         ] GC(802) User=0.70s Sys=0.00s Real=0.12s
.[3503.168s][info][gc,marking     ] GC(803) Concurrent Scan Root Regions 143.496ms
[3503.168s][info][gc,marking     ] GC(803) Concurrent Mark
[3503.168s][info][gc,marking     ] GC(803) Concurrent Mark From Roots
[3503.168s][info][gc,task        ] GC(803) Using 2 workers of 2 for marking
[3503.835s][info][gc,marking     ] GC(803) Concurrent Mark From Roots 666.702ms
[3503.835s][info][gc,marking     ] GC(803) Concurrent Preclean
[3503.835s][info][gc,marking     ] GC(803) Concurrent Preclean 0.155ms
[3503.839s][info][gc,start       ] GC(803) Pause Remark
[3503.845s][info][gc             ] GC(803) Pause Remark 2037M->2037M(4096M) 5.583ms
[3503.845s][info][gc,cpu         ] GC(803) User=0.03s Sys=0.00s Real=0.01s
[3503.845s][info][gc,marking     ] GC(803) Concurrent Mark 676.422ms
[3503.845s][info][gc,marking     ] GC(803) Concurrent Rebuild Remembered Sets and Scrub Regions
[3504.101s][info][gc,marking     ] GC(803) Concurrent Rebuild Remembered Sets and Scrub Regions 256.438ms
[3504.101s][info][gc,start       ] GC(803) Pause Cleanup
[3504.101s][info][gc             ] GC(803) Pause Cleanup 2234M->2234M(4096M) 0.106ms
[3504.101s][info][gc,cpu         ] GC(803) User=0.00s Sys=0.00s Real=0.00s
[3504.101s][info][gc,marking     ] GC(803) Concurrent Clear Claimed Marks
[3504.101s][info][gc,marking     ] GC(803) Concurrent Clear Claimed Marks 0.026ms
[3504.101s][info][gc,marking     ] GC(803) Concurrent Cleanup for Next Mark
[3504.106s][info][gc,marking     ] GC(803) Concurrent Cleanup for Next Mark 4.903ms
[3504.106s][info][gc             ] GC(803) Concurrent Mark Cycle 1081.721ms
.|.[3505.965s][info][gc,start       ] GC(804) Pause Young (Prepare Mixed) (G1 Evacuation Pause)
[3505.965s][info][gc,task        ] GC(804) Using 6 workers of 6 for evacuation
[3506.085s][info][gc,phases      ] GC(804)   Pre Evacuate Collection Set: 0.35ms
[3506.085s][info][gc,phases      ] GC(804)   Merge Heap Roots: 0.50ms
[3506.085s][info][gc,phases      ] GC(804)   Evacuate Collection Set: 117.80ms
[3506.085s][info][gc,phases      ] GC(804)   Post Evacuate Collection Set: 0.92ms
[3506.085s][info][gc,phases      ] GC(804)   Other: 0.09ms
[3506.085s][info][gc,heap        ] GC(804) Eden regions: 1119->0(1104)
[3506.085s][info][gc,heap        ] GC(804) Survivor regions: 109->112(154)
[3506.085s][info][gc,heap        ] GC(804) Old regions: 506->537
[3506.085s][info][gc,heap        ] GC(804) Humongous regions: 80->80
[3506.085s][info][gc,metaspace   ] GC(804) Metaspace: 28952K(29376K)->28952K(29376K) NonClass: 24081K(24256K)->24081K(24256K) Class: 4870K(5120K)->4870K(5120K)
[3506.085s][info][gc             ] GC(804) Pause Young (Prepare Mixed) (G1 Evacuation Pause) 3625M->1457M(4096M) 119.823ms
[3506.085s][info][gc,cpu         ] GC(804) User=0.71s Sys=0.00s Real=0.12s
...[3508.909s][info][gc,start       ] GC(805) Pause Young (Mixed) (G1 Evacuation Pause)
[3508.909s][info][gc,task        ] GC(805) Using 6 workers of 6 for evacuation
[3509.039s][info][gc,phases      ] GC(805)   Pre Evacuate Collection Set: 0.39ms
[3509.039s][info][gc,phases      ] GC(805)   Merge Heap Roots: 0.65ms
[3509.039s][info][gc,phases      ] GC(805)   Evacuate Collection Set: 127.26ms
[3509.039s][info][gc,phases      ] GC(805)   Post Evacuate Collection Set: 0.93ms
[3509.039s][info][gc,phases      ] GC(805)   Other: 0.08ms
[3509.039s][info][gc,heap        ] GC(805) Eden regions: 1104->0(1120)
[3509.039s][info][gc,heap        ] GC(805) Survivor regions: 112->108(152)
[3509.039s][info][gc,heap        ] GC(805) Old regions: 537->474
[3509.039s][info][gc,heap        ] GC(805) Humongous regions: 80->80
[3509.039s][info][gc,metaspace   ] GC(805) Metaspace: 28952K(29376K)->28952K(29376K) NonClass: 24081K(24256K)->24081K(24256K) Class: 4870K(5120K)->4870K(5120K)
[3509.039s][info][gc             ] GC(805) Pause Young (Mixed) (G1 Evacuation Pause) 3665M->1322M(4096M) 129.448ms
[3509.039s][info][gc,cpu         ] GC(805) User=0.77s Sys=0.00s Real=0.13s
...[3511.946s][info][gc,start       ] GC(806) Pause Young (Concurrent Start) (G1 Evacuation Pause)
[3511.946s][info][gc,task        ] GC(806) Using 6 workers of 6 for evacuation
[3512.065s][info][gc,phases      ] GC(806)   Pre Evacuate Collection Set: 0.41ms
[3512.065s][info][gc,phases      ] GC(806)   Merge Heap Roots: 0.45ms
[3512.065s][info][gc,phases      ] GC(806)   Evacuate Collection Set: 116.57ms
[3512.065s][info][gc,phases      ] GC(806)   Post Evacuate Collection Set: 0.87ms
[3512.065s][info][gc,phases      ] GC(806)   Other: 0.11ms
[3512.065s][info][gc,heap        ] GC(806) Eden regions: 1120->0(1118)
[3512.065s][info][gc,heap        ] GC(806) Survivor regions: 108->110(154)
[3512.065s][info][gc,heap        ] GC(806) Old regions: 474->506
[3512.065s][info][gc,heap        ] GC(806) Humongous regions: 80->80
[3512.065s][info][gc,metaspace   ] GC(806) Metaspace: 28952K(29376K)->28952K(29376K) NonClass: 24081K(24256K)->24081K(24256K) Class: 4870K(5120K)->4870K(5120K)
[3512.065s][info][gc             ] GC(806) Pause Young (Concurrent Start) (G1 Evacuation Pause) 3562M->1391M(4096M) 118.541ms
[3512.065s][info][gc             ] GC(807) Concurrent Mark Cycle
[3512.065s][info][gc,marking     ] GC(807) Concurrent Scan Root Regions
[3512.065s][info][gc,cpu         ] GC(806) User=0.71s Sys=0.01s Real=0.12s
.[3512.208s][info][gc,marking     ] GC(807) Concurrent Scan Root Regions 143.663ms
[3512.208s][info][gc,marking     ] GC(807) Concurrent Mark
[3512.208s][info][gc,marking     ] GC(807) Concurrent Mark From Roots
[3512.208s][info][gc,task        ] GC(807) Using 2 workers of 2 for marking
[3512.863s][info][gc,marking     ] GC(807) Concurrent Mark From Roots 654.533ms
[3512.863s][info][gc,marking     ] GC(807) Concurrent Preclean
[3512.863s][info][gc,marking     ] GC(807) Concurrent Preclean 0.130ms
[3512.863s][info][gc,start       ] GC(807) Pause Remark
[3512.869s][info][gc             ] GC(807) Pause Remark 2011M->2011M(4096M) 5.447ms
[3512.869s][info][gc,cpu         ] GC(807) User=0.03s Sys=0.00s Real=0.00s
[3512.869s][info][gc,marking     ] GC(807) Concurrent Mark 660.395ms
[3512.869s][info][gc,marking     ] GC(807) Concurrent Rebuild Remembered Sets and Scrub Regions
[3513.106s][info][gc,marking     ] GC(807) Concurrent Rebuild Remembered Sets and Scrub Regions 237.422ms
[3513.106s][info][gc,start       ] GC(807) Pause Cleanup
[3513.107s][info][gc             ] GC(807) Pause Cleanup 2169M->2169M(4096M) 0.103ms
[3513.107s][info][gc,cpu         ] GC(807) User=0.00s Sys=0.00s Real=0.00s
[3513.107s][info][gc,marking     ] GC(807) Concurrent Clear Claimed Marks
[3513.107s][info][gc,marking     ] GC(807) Concurrent Clear Claimed Marks 0.023ms
[3513.107s][info][gc,marking     ] GC(807) Concurrent Cleanup for Next Mark
[3513.111s][info][gc,marking     ] GC(807) Concurrent Cleanup for Next Mark 4.019ms
[3513.111s][info][gc             ] GC(807) Concurrent Mark Cycle 1045.945ms
..[3514.961s][info][gc,start       ] GC(808) Pause Young (Prepare Mixed) (G1 Evacuation Pause)
[3514.961s][info][gc,task        ] GC(808) Using 6 workers of 6 for evacuation
[3515.081s][info][gc,phases      ] GC(808)   Pre Evacuate Collection Set: 0.29ms
[3515.081s][info][gc,phases      ] GC(808)   Merge Heap Roots: 0.52ms
[3515.081s][info][gc,phases      ] GC(808)   Evacuate Collection Set: 117.62ms
[3515.081s][info][gc,phases      ] GC(808)   Post Evacuate Collection Set: 0.91ms
[3515.081s][info][gc,phases      ] GC(808)   Other: 0.10ms
[3515.081s][info][gc,heap        ] GC(808) Eden regions: 1118->0(1104)
[3515.081s][info][gc,heap        ] GC(808) Survivor regions: 110->112(154)
[3515.081s][info][gc,heap        ] GC(808) Old regions: 506->537
[3515.081s][info][gc,heap        ] GC(808) Humongous regions: 80->80
[3515.081s][info][gc,metaspace   ] GC(808) Metaspace: 28952K(29376K)->28952K(29376K) NonClass: 24081K(24256K)->24081K(24256K) Class: 4870K(5120K)->4870K(5120K)
[3515.081s][info][gc             ] GC(808) Pause Young (Prepare Mixed) (G1 Evacuation Pause) 3627M->1456M(4096M) 119.565ms
[3515.081s][info][gc,cpu         ] GC(808) User=0.71s Sys=0.00s Real=0.12s
...[3518.002s][info][gc,start       ] GC(809) Pause Young (Mixed) (G1 Evacuation Pause)
[3518.002s][info][gc,task        ] GC(809) Using 6 workers of 6 for evacuation
[3518.135s][info][gc,phases      ] GC(809)   Pre Evacuate Collection Set: 0.34ms
[3518.135s][info][gc,phases      ] GC(809)   Merge Heap Roots: 0.66ms
[3518.135s][info][gc,phases      ] GC(809)   Evacuate Collection Set: 131.25ms
[3518.135s][info][gc,phases      ] GC(809)   Post Evacuate Collection Set: 0.92ms
[3518.135s][info][gc,phases      ] GC(809)   Other: 0.09ms
[3518.135s][info][gc,heap        ] GC(809) Eden regions: 1104->0(1118)
[3518.135s][info][gc,heap        ] GC(809) Survivor regions: 112->110(152)
[3518.135s][info][gc,heap        ] GC(809) Old regions: 537->472
[3518.135s][info][gc,heap        ] GC(809) Humongous regions: 80->80
[3518.135s][info][gc,metaspace   ] GC(809) Metaspace: 28952K(29376K)->28952K(29376K) NonClass: 24081K(24256K)->24081K(24256K) Class: 4870K(5120K)->4870K(5120K)
[3518.135s][info][gc             ] GC(809) Pause Young (Mixed) (G1 Evacuation Pause) 3664M->1322M(4096M) 133.393ms
[3518.135s][info][gc,cpu         ] GC(809) User=0.79s Sys=0.00s Real=0.14s
...[3520.970s][info][gc,start       ] GC(810) Pause Young (Concurrent Start) (G1 Evacuation Pause)
[3520.970s][info][gc,task        ] GC(810) Using 6 workers of 6 for evacuation
[3521.084s][info][gc,phases      ] GC(810)   Pre Evacuate Collection Set: 0.36ms
[3521.084s][info][gc,phases      ] GC(810)   Merge Heap Roots: 0.45ms
[3521.084s][info][gc,phases      ] GC(810)   Evacuate Collection Set: 112.73ms
[3521.084s][info][gc,phases      ] GC(810)   Post Evacuate Collection Set: 0.86ms
[3521.084s][info][gc,phases      ] GC(810)   Other: 0.10ms
[3521.084s][info][gc,heap        ] GC(810) Eden regions: 1118->0(1120)
[3521.084s][info][gc,heap        ] GC(810) Survivor regions: 110->108(154)
[3521.084s][info][gc,heap        ] GC(810) Old regions: 472->504
[3521.084s][info][gc,heap        ] GC(810) Humongous regions: 80->80
[3521.084s][info][gc,metaspace   ] GC(810) Metaspace: 28952K(29376K)->28952K(29376K) NonClass: 24081K(24256K)->24081K(24256K) Class: 4870K(5120K)->4870K(5120K)
[3521.084s][info][gc             ] GC(810) Pause Young (Concurrent Start) (G1 Evacuation Pause) 3558M->1382M(4096M) 114.649ms
[3521.084s][info][gc             ] GC(811) Concurrent Mark Cycle
[3521.084s][info][gc,marking     ] GC(811) Concurrent Scan Root Regions
[3521.084s][info][gc,cpu         ] GC(810) User=0.68s Sys=0.00s Real=0.12s
.[3521.266s][info][gc,marking     ] GC(811) Concurrent Scan Root Regions 181.807ms
[3521.266s][info][gc,marking     ] GC(811) Concurrent Mark
[3521.266s][info][gc,marking     ] GC(811) Concurrent Mark From Roots
[3521.266s][info][gc,task        ] GC(811) Using 2 workers of 2 for marking
[3522.218s][info][gc,marking     ] GC(811) Concurrent Mark From Roots 951.422ms
[3522.218s][info][gc,marking     ] GC(811) Concurrent Preclean
[3522.218s][info][gc,marking     ] GC(811) Concurrent Preclean 0.164ms
[3522.218s][info][gc,start       ] GC(811) Pause Remark
[3522.224s][info][gc             ] GC(811) Pause Remark 2274M->2274M(4096M) 5.411ms
[3522.224s][info][gc,cpu         ] GC(811) User=0.03s Sys=0.00s Real=0.01s
[3522.225s][info][gc,marking     ] GC(811) Concurrent Mark 958.695ms
[3522.225s][info][gc,marking     ] GC(811) Concurrent Rebuild Remembered Sets and Scrub Regions
.[3522.581s][info][gc,marking     ] GC(811) Concurrent Rebuild Remembered Sets and Scrub Regions 355.842ms
[3522.581s][info][gc,start       ] GC(811) Pause Cleanup
[3522.581s][info][gc             ] GC(811) Pause Cleanup 2585M->2585M(4096M) 0.097ms
[3522.581s][info][gc,cpu         ] GC(811) User=0.00s Sys=0.00s Real=0.00s
[3522.581s][info][gc,marking     ] GC(811) Concurrent Clear Claimed Marks
[3522.581s][info][gc,marking     ] GC(811) Concurrent Clear Claimed Marks 0.027ms
[3522.581s][info][gc,marking     ] GC(811) Concurrent Cleanup for Next Mark
[3522.584s][info][gc,marking     ] GC(811) Concurrent Cleanup for Next Mark 3.296ms
[3522.584s][info][gc             ] GC(811) Concurrent Mark Cycle 1500.089ms
.[3523.981s][info][gc,start       ] GC(812) Pause Young (Prepare Mixed) (G1 Evacuation Pause)
[3523.981s][info][gc,task        ] GC(812) Using 6 workers of 6 for evacuation
[3524.097s][info][gc,phases      ] GC(812)   Pre Evacuate Collection Set: 0.30ms
[3524.097s][info][gc,phases      ] GC(812)   Merge Heap Roots: 0.49ms
[3524.097s][info][gc,phases      ] GC(812)   Evacuate Collection Set: 113.71ms
[3524.097s][info][gc,phases      ] GC(812)   Post Evacuate Collection Set: 0.93ms
[3524.097s][info][gc,phases      ] GC(812)   Other: 0.09ms
[3524.097s][info][gc,heap        ] GC(812) Eden regions: 1120->0(1113)
[3524.097s][info][gc,heap        ] GC(812) Survivor regions: 108->108(154)
[3524.097s][info][gc,heap        ] GC(812) Old regions: 504->536
[3524.097s][info][gc,heap        ] GC(812) Humongous regions: 80->80
[3524.097s][info][gc,metaspace   ] GC(812) Metaspace: 28952K(29376K)->28952K(29376K) NonClass: 24081K(24256K)->24081K(24256K) Class: 4870K(5120K)->4870K(5120K)
[3524.097s][info][gc             ] GC(812) Pause Young (Prepare Mixed) (G1 Evacuation Pause) 3622M->1446M(4096M) 115.660ms
[3524.097s][info][gc,cpu         ] GC(812) User=0.69s Sys=0.00s Real=0.12s
...[3526.985s][info][gc,start       ] GC(813) Pause Young (Mixed) (G1 Evacuation Pause)
[3526.985s][info][gc,task        ] GC(813) Using 6 workers of 6 for evacuation
[3527.114s][info][gc,phases      ] GC(813)   Pre Evacuate Collection Set: 0.37ms
[3527.114s][info][gc,phases      ] GC(813)   Merge Heap Roots: 0.62ms
[3527.114s][info][gc,phases      ] GC(813)   Evacuate Collection Set: 126.23ms
[3527.114s][info][gc,phases      ] GC(813)   Post Evacuate Collection Set: 0.92ms
[3527.114s][info][gc,phases      ] GC(813)   Other: 0.09ms
[3527.114s][info][gc,heap        ] GC(813) Eden regions: 1113->0(1120)
[3527.114s][info][gc,heap        ] GC(813) Survivor regions: 108->108(153)
[3527.114s][info][gc,heap        ] GC(813) Old regions: 536->473
[3527.114s][info][gc,heap        ] GC(813) Humongous regions: 80->80
[3527.114s][info][gc,metaspace   ] GC(813) Metaspace: 28952K(29376K)->28952K(29376K) NonClass: 24081K(24256K)->24081K(24256K) Class: 4870K(5120K)->4870K(5120K)
[3527.114s][info][gc             ] GC(813) Pause Young (Mixed) (G1 Evacuation Pause) 3672M->1319M(4096M) 128.371ms
[3527.114s][info][gc,cpu         ] GC(813) User=0.77s Sys=0.00s Real=0.13s
...[3529.981s][info][gc,start       ] GC(814) Pause Young (Concurrent Start) (G1 Evacuation Pause)
[3529.981s][info][gc,task        ] GC(814) Using 6 workers of 6 for evacuation
[3530.100s][info][gc,phases      ] GC(814)   Pre Evacuate Collection Set: 0.36ms
[3530.100s][info][gc,phases      ] GC(814)   Merge Heap Roots: 0.43ms
[3530.100s][info][gc,phases      ] GC(814)   Evacuate Collection Set: 116.77ms
[3530.100s][info][gc,phases      ] GC(814)   Post Evacuate Collection Set: 0.86ms
[3530.100s][info][gc,phases      ] GC(814)   Other: 0.13ms
[3530.100s][info][gc,heap        ] GC(814) Eden regions: 1120->0(1118)
[3530.100s][info][gc,heap        ] GC(814) Survivor regions: 108->110(154)
[3530.100s][info][gc,heap        ] GC(814) Old regions: 473->505
[3530.100s][info][gc,heap        ] GC(814) Humongous regions: 80->80
[3530.100s][info][gc,metaspace   ] GC(814) Metaspace: 28952K(29376K)->28952K(29376K) NonClass: 24081K(24256K)->24081K(24256K) Class: 4870K(5120K)->4870K(5120K)
[3530.100s][info][gc             ] GC(814) Pause Young (Concurrent Start) (G1 Evacuation Pause) 3559M->1388M(4096M) 118.678ms
[3530.100s][info][gc             ] GC(815) Concurrent Mark Cycle
[3530.100s][info][gc,marking     ] GC(815) Concurrent Scan Root Regions
[3530.100s][info][gc,cpu         ] GC(814) User=0.71s Sys=0.00s Real=0.12s
.[3530.281s][info][gc,marking     ] GC(815) Concurrent Scan Root Regions 181.286ms
[3530.281s][info][gc,marking     ] GC(815) Concurrent Mark
[3530.281s][info][gc,marking     ] GC(815) Concurrent Mark From Roots
[3530.281s][info][gc,task        ] GC(815) Using 2 workers of 2 for marking
[3531.242s][info][gc,marking     ] GC(815) Concurrent Mark From Roots 961.299ms
[3531.242s][info][gc,marking     ] GC(815) Concurrent Preclean
[3531.243s][info][gc,marking     ] GC(815) Concurrent Preclean 0.197ms
[3531.243s][info][gc,start       ] GC(815) Pause Remark
[3531.249s][info][gc             ] GC(815) Pause Remark 2293M->2293M(4096M) 6.414ms
[3531.249s][info][gc,cpu         ] GC(815) User=0.03s Sys=0.00s Real=0.01s
[3531.249s][info][gc,marking     ] GC(815) Concurrent Mark 968.242ms
[3531.249s][info][gc,marking     ] GC(815) Concurrent Rebuild Remembered Sets and Scrub Regions
.[3531.562s][info][gc,marking     ] GC(815) Concurrent Rebuild Remembered Sets and Scrub Regions 312.686ms
[3531.562s][info][gc,start       ] GC(815) Pause Cleanup
[3531.562s][info][gc             ] GC(815) Pause Cleanup 2538M->2538M(4096M) 0.108ms
[3531.562s][info][gc,cpu         ] GC(815) User=0.00s Sys=0.00s Real=0.00s
[3531.562s][info][gc,marking     ] GC(815) Concurrent Clear Claimed Marks
[3531.562s][info][gc,marking     ] GC(815) Concurrent Clear Claimed Marks 0.023ms
[3531.562s][info][gc,marking     ] GC(815) Concurrent Cleanup for Next Mark
[3531.566s][info][gc,marking     ] GC(815) Concurrent Cleanup for Next Mark 3.713ms
[3531.566s][info][gc             ] GC(815) Concurrent Mark Cycle 1466.349ms
.[3533.007s][info][gc,start       ] GC(816) Pause Young (Prepare Mixed) (G1 Evacuation Pause)
[3533.007s][info][gc,task        ] GC(816) Using 6 workers of 6 for evacuation
[3533.126s][info][gc,phases      ] GC(816)   Pre Evacuate Collection Set: 0.32ms
[3533.126s][info][gc,phases      ] GC(816)   Merge Heap Roots: 0.53ms
[3533.126s][info][gc,phases      ] GC(816)   Evacuate Collection Set: 117.29ms
[3533.126s][info][gc,phases      ] GC(816)   Post Evacuate Collection Set: 0.91ms
[3533.126s][info][gc,phases      ] GC(816)   Other: 0.09ms
[3533.126s][info][gc,heap        ] GC(816) Eden regions: 1118->0(1108)
[3533.126s][info][gc,heap        ] GC(816) Survivor regions: 110->110(154)
[3533.126s][info][gc,heap        ] GC(816) Old regions: 505->537
[3533.126s][info][gc,heap        ] GC(816) Humongous regions: 80->80
[3533.126s][info][gc,metaspace   ] GC(816) Metaspace: 28952K(29376K)->28952K(29376K) NonClass: 24081K(24256K)->24081K(24256K) Class: 4870K(5120K)->4870K(5120K)
[3533.126s][info][gc             ] GC(816) Pause Young (Prepare Mixed) (G1 Evacuation Pause) 3624M->1452M(4096M) 119.298ms
[3533.126s][info][gc,cpu         ] GC(816) User=0.71s Sys=0.00s Real=0.12s
...[3535.991s][info][gc,start       ] GC(817) Pause Young (Mixed) (G1 Evacuation Pause)
[3535.991s][info][gc,task        ] GC(817) Using 6 workers of 6 for evacuation
[3536.121s][info][gc,phases      ] GC(817)   Pre Evacuate Collection Set: 0.34ms
[3536.121s][info][gc,phases      ] GC(817)   Merge Heap Roots: 0.63ms
[3536.121s][info][gc,phases      ] GC(817)   Evacuate Collection Set: 128.41ms
[3536.121s][info][gc,phases      ] GC(817)   Post Evacuate Collection Set: 0.93ms
[3536.121s][info][gc,phases      ] GC(817)   Other: 0.09ms
[3536.121s][info][gc,heap        ] GC(817) Eden regions: 1108->0(1121)
[3536.121s][info][gc,heap        ] GC(817) Survivor regions: 110->107(153)
[3536.121s][info][gc,heap        ] GC(817) Old regions: 537->473
[3536.121s][info][gc,heap        ] GC(817) Humongous regions: 80->80
[3536.121s][info][gc,metaspace   ] GC(817) Metaspace: 28952K(29376K)->28952K(29376K) NonClass: 24081K(24256K)->24081K(24256K) Class: 4870K(5120K)->4870K(5120K)
[3536.121s][info][gc             ] GC(817) Pause Young (Mixed) (G1 Evacuation Pause) 3668M->1319M(4096M) 130.524ms
[3536.122s][info][gc,cpu         ] GC(817) User=0.78s Sys=0.00s Real=0.13s
...[3539.033s][info][gc,start       ] GC(818) Pause Young (Concurrent Start) (G1 Evacuation Pause)
[3539.033s][info][gc,task        ] GC(818) Using 6 workers of 6 for evacuation
[3539.152s][info][gc,phases      ] GC(818)   Pre Evacuate Collection Set: 0.36ms
[3539.152s][info][gc,phases      ] GC(818)   Merge Heap Roots: 0.45ms
[3539.152s][info][gc,phases      ] GC(818)   Evacuate Collection Set: 116.57ms
[3539.152s][info][gc,phases      ] GC(818)   Post Evacuate Collection Set: 0.88ms
[3539.152s][info][gc,phases      ] GC(818)   Other: 0.12ms
[3539.152s][info][gc,heap        ] GC(818) Eden regions: 1121->0(1118)
[3539.152s][info][gc,heap        ] GC(818) Survivor regions: 107->110(154)
[3539.152s][info][gc,heap        ] GC(818) Old regions: 473->505
[3539.152s][info][gc,heap        ] GC(818) Humongous regions: 80->80
[3539.152s][info][gc,metaspace   ] GC(818) Metaspace: 28952K(29376K)->28952K(29376K) NonClass: 24081K(24256K)->24081K(24256K) Class: 4870K(5120K)->4870K(5120K)
[3539.152s][info][gc             ] GC(818) Pause Young (Concurrent Start) (G1 Evacuation Pause) 3561M->1388M(4096M) 118.497ms
[3539.152s][info][gc             ] GC(819) Concurrent Mark Cycle
[3539.152s][info][gc,marking     ] GC(819) Concurrent Scan Root Regions
[3539.152s][info][gc,cpu         ] GC(818) User=0.69s Sys=0.00s Real=0.12s
.[3539.349s][info][gc,marking     ] GC(819) Concurrent Scan Root Regions 197.588ms
[3539.349s][info][gc,marking     ] GC(819) Concurrent Mark
[3539.349s][info][gc,marking     ] GC(819) Concurrent Mark From Roots
[3539.349s][info][gc,task        ] GC(819) Using 2 workers of 2 for marking
[3540.182s][info][gc,marking     ] GC(819) Concurrent Mark From Roots 832.617ms
[3540.182s][info][gc,marking     ] GC(819) Concurrent Preclean
[3540.182s][info][gc,marking     ] GC(819) Concurrent Preclean 0.147ms
[3540.182s][info][gc,start       ] GC(819) Pause Remark
[3540.189s][info][gc             ] GC(819) Pause Remark 2220M->2220M(4096M) 6.365ms
[3540.189s][info][gc,cpu         ] GC(819) User=0.03s Sys=0.01s Real=0.01s
[3540.190s][info][gc,marking     ] GC(819) Concurrent Mark 840.717ms
[3540.190s][info][gc,marking     ] GC(819) Concurrent Rebuild Remembered Sets and Scrub Regions
.[3540.490s][info][gc,marking     ] GC(819) Concurrent Rebuild Remembered Sets and Scrub Regions 300.035ms
[3540.490s][info][gc,start       ] GC(819) Pause Cleanup
[3540.490s][info][gc             ] GC(819) Pause Cleanup 2464M->2464M(4096M) 0.119ms
[3540.490s][info][gc,cpu         ] GC(819) User=0.00s Sys=0.00s Real=0.00s
[3540.490s][info][gc,marking     ] GC(819) Concurrent Clear Claimed Marks
[3540.490s][info][gc,marking     ] GC(819) Concurrent Clear Claimed Marks 0.032ms
[3540.490s][info][gc,marking     ] GC(819) Concurrent Cleanup for Next Mark
[3540.495s][info][gc,marking     ] GC(819) Concurrent Cleanup for Next Mark 4.247ms
[3540.495s][info][gc             ] GC(819) Concurrent Mark Cycle 1343.135ms
.[3542.086s][info][gc,start       ] GC(820) Pause Young (Prepare Mixed) (G1 Evacuation Pause)
[3542.086s][info][gc,task        ] GC(820) Using 6 workers of 6 for evacuation
[3542.202s][info][gc,phases      ] GC(820)   Pre Evacuate Collection Set: 0.33ms
[3542.202s][info][gc,phases      ] GC(820)   Merge Heap Roots: 0.52ms
[3542.202s][info][gc,phases      ] GC(820)   Evacuate Collection Set: 114.14ms
[3542.202s][info][gc,phases      ] GC(820)   Post Evacuate Collection Set: 0.89ms
[3542.202s][info][gc,phases      ] GC(820)   Other: 0.09ms
[3542.202s][info][gc,heap        ] GC(820) Eden regions: 1118->0(1111)
[3542.202s][info][gc,heap        ] GC(820) Survivor regions: 110->109(154)
[3542.202s][info][gc,heap        ] GC(820) Old regions: 505->536
[3542.202s][info][gc,heap        ] GC(820) Humongous regions: 80->80
[3542.202s][info][gc,metaspace   ] GC(820) Metaspace: 28952K(29376K)->28952K(29376K) NonClass: 24081K(24256K)->24081K(24256K) Class: 4870K(5120K)->4870K(5120K)
[3542.202s][info][gc             ] GC(820) Pause Young (Prepare Mixed) (G1 Evacuation Pause) 3624M->1448M(4096M) 116.094ms
[3542.202s][info][gc,cpu         ] GC(820) User=0.69s Sys=0.00s Real=0.11s
...[3545.036s][info][gc,start       ] GC(821) Pause Young (Mixed) (G1 Evacuation Pause)
[3545.036s][info][gc,task        ] GC(821) Using 6 workers of 6 for evacuation
[3545.169s][info][gc,phases      ] GC(821)   Pre Evacuate Collection Set: 0.36ms
[3545.169s][info][gc,phases      ] GC(821)   Merge Heap Roots: 0.66ms
[3545.169s][info][gc,phases      ] GC(821)   Evacuate Collection Set: 131.24ms
[3545.169s][info][gc,phases      ] GC(821)   Post Evacuate Collection Set: 0.94ms
[3545.169s][info][gc,phases      ] GC(821)   Other: 0.09ms
[3545.169s][info][gc,heap        ] GC(821) Eden regions: 1111->0(1117)
[3545.169s][info][gc,heap        ] GC(821) Survivor regions: 109->111(153)
[3545.169s][info][gc,heap        ] GC(821) Old regions: 536->473
[3545.169s][info][gc,heap        ] GC(821) Humongous regions: 80->80
[3545.169s][info][gc,metaspace   ] GC(821) Metaspace: 28952K(29376K)->28952K(29376K) NonClass: 24081K(24256K)->24081K(24256K) Class: 4870K(5120K)->4870K(5120K)
[3545.169s][info][gc             ] GC(821) Pause Young (Mixed) (G1 Evacuation Pause) 3670M->1325M(4096M) 133.419ms
[3545.169s][info][gc,cpu         ] GC(821) User=0.80s Sys=0.00s Real=0.13s
...[3548.018s][info][gc,start       ] GC(822) Pause Young (Concurrent Start) (G1 Evacuation Pause)
[3548.018s][info][gc,task        ] GC(822) Using 6 workers of 6 for evacuation
[3548.133s][info][gc,phases      ] GC(822)   Pre Evacuate Collection Set: 0.39ms
[3548.133s][info][gc,phases      ] GC(822)   Merge Heap Roots: 0.45ms
[3548.133s][info][gc,phases      ] GC(822)   Evacuate Collection Set: 113.18ms
[3548.133s][info][gc,phases      ] GC(822)   Post Evacuate Collection Set: 0.89ms
[3548.133s][info][gc,phases      ] GC(822)   Other: 0.12ms
[3548.133s][info][gc,heap        ] GC(822) Eden regions: 1117->0(1121)
[3548.134s][info][gc,heap        ] GC(822) Survivor regions: 111->107(154)
[3548.134s][info][gc,heap        ] GC(822) Old regions: 473->505
[3548.134s][info][gc,heap        ] GC(822) Humongous regions: 80->80
[3548.134s][info][gc,metaspace   ] GC(822) Metaspace: 28952K(29376K)->28952K(29376K) NonClass: 24081K(24256K)->24081K(24256K) Class: 4870K(5120K)->4870K(5120K)
[3548.134s][info][gc             ] GC(822) Pause Young (Concurrent Start) (G1 Evacuation Pause) 3559M->1383M(4096M) 115.179ms
[3548.134s][info][gc             ] GC(823) Concurrent Mark Cycle
[3548.134s][info][gc,marking     ] GC(823) Concurrent Scan Root Regions
[3548.134s][info][gc,cpu         ] GC(822) User=0.69s Sys=0.00s Real=0.12s
[3548.314s][info][gc,marking     ] GC(823) Concurrent Scan Root Regions 180.767ms
[3548.314s][info][gc,marking     ] GC(823) Concurrent Mark
[3548.314s][info][gc,marking     ] GC(823) Concurrent Mark From Roots
[3548.314s][info][gc,task        ] GC(823) Using 2 workers of 2 for marking
.[3548.980s][info][gc,marking     ] GC(823) Concurrent Mark From Roots 665.214ms
[3548.980s][info][gc,marking     ] GC(823) Concurrent Preclean
[3548.980s][info][gc,marking     ] GC(823) Concurrent Preclean 0.175ms
[3548.980s][info][gc,start       ] GC(823) Pause Remark
[3548.986s][info][gc             ] GC(823) Pause Remark 2064M->2064M(4096M) 5.254ms
[3548.986s][info][gc,cpu         ] GC(823) User=0.03s Sys=0.00s Real=0.01s
[3548.987s][info][gc,marking     ] GC(823) Concurrent Mark 672.618ms
[3548.987s][info][gc,marking     ] GC(823) Concurrent Rebuild Remembered Sets and Scrub Regions
[3549.255s][info][gc,marking     ] GC(823) Concurrent Rebuild Remembered Sets and Scrub Regions 268.413ms
[3549.256s][info][gc,start       ] GC(823) Pause Cleanup
[3549.256s][info][gc             ] GC(823) Pause Cleanup 2295M->2295M(4096M) 0.112ms
[3549.256s][info][gc,cpu         ] GC(823) User=0.00s Sys=0.00s Real=0.00s
[3549.256s][info][gc,marking     ] GC(823) Concurrent Clear Claimed Marks
[3549.256s][info][gc,marking     ] GC(823) Concurrent Clear Claimed Marks 0.027ms
[3549.256s][info][gc,marking     ] GC(823) Concurrent Cleanup for Next Mark
[3549.259s][info][gc,marking     ] GC(823) Concurrent Cleanup for Next Mark 3.262ms
[3549.259s][info][gc             ] GC(823) Concurrent Mark Cycle 1125.496ms
..[3551.075s][info][gc,start       ] GC(824) Pause Young (Prepare Mixed) (G1 Evacuation Pause)
[3551.075s][info][gc,task        ] GC(824) Using 6 workers of 6 for evacuation
[3551.190s][info][gc,phases      ] GC(824)   Pre Evacuate Collection Set: 0.36ms
[3551.190s][info][gc,phases      ] GC(824)   Merge Heap Roots: 0.52ms
[3551.190s][info][gc,phases      ] GC(824)   Evacuate Collection Set: 112.88ms
[3551.190s][info][gc,phases      ] GC(824)   Post Evacuate Collection Set: 0.89ms
[3551.190s][info][gc,phases      ] GC(824)   Other: 0.09ms
[3551.190s][info][gc,heap        ] GC(824) Eden regions: 1121->0(1110)
[3551.190s][info][gc,heap        ] GC(824) Survivor regions: 107->109(154)
[3551.190s][info][gc,heap        ] GC(824) Old regions: 505->537
[3551.190s][info][gc,heap        ] GC(824) Humongous regions: 80->80
[3551.190s][info][gc,metaspace   ] GC(824) Metaspace: 28952K(29376K)->28952K(29376K) NonClass: 24081K(24256K)->24081K(24256K) Class: 4870K(5120K)->4870K(5120K)
[3551.190s][info][gc             ] GC(824) Pause Young (Prepare Mixed) (G1 Evacuation Pause) 3625M->1450M(4096M) 114.872ms
[3551.190s][info][gc,cpu         ] GC(824) User=0.68s Sys=0.00s Real=0.11s
...[3554.068s][info][gc,start       ] GC(825) Pause Young (Mixed) (G1 Evacuation Pause)
[3554.068s][info][gc,task        ] GC(825) Using 6 workers of 6 for evacuation
[3554.199s][info][gc,phases      ] GC(825)   Pre Evacuate Collection Set: 0.33ms
[3554.199s][info][gc,phases      ] GC(825)   Merge Heap Roots: 0.64ms
[3554.199s][info][gc,phases      ] GC(825)   Evacuate Collection Set: 128.93ms
[3554.199s][info][gc,phases      ] GC(825)   Post Evacuate Collection Set: 0.93ms
[3554.199s][info][gc,phases      ] GC(825)   Other: 0.09ms
[3554.199s][info][gc,heap        ] GC(825) Eden regions: 1110->0(1119)
[3554.199s][info][gc,heap        ] GC(825) Survivor regions: 109->109(153)
[3554.199s][info][gc,heap        ] GC(825) Old regions: 537->472
[3554.199s][info][gc,heap        ] GC(825) Humongous regions: 80->80
[3554.199s][info][gc,metaspace   ] GC(825) Metaspace: 28952K(29376K)->28952K(29376K) NonClass: 24081K(24256K)->24081K(24256K) Class: 4870K(5120K)->4870K(5120K)
[3554.199s][info][gc             ] GC(825) Pause Young (Mixed) (G1 Evacuation Pause) 3670M->1320M(4096M) 131.056ms
[3554.199s][info][gc,cpu         ] GC(825) User=0.78s Sys=0.00s Real=0.13s
...[3557.097s][info][gc,start       ] GC(826) Pause Young (Concurrent Start) (G1 Evacuation Pause)
[3557.097s][info][gc,task        ] GC(826) Using 6 workers of 6 for evacuation
[3557.211s][info][gc,phases      ] GC(826)   Pre Evacuate Collection Set: 0.42ms
[3557.211s][info][gc,phases      ] GC(826)   Merge Heap Roots: 0.45ms
[3557.211s][info][gc,phases      ] GC(826)   Evacuate Collection Set: 112.49ms
[3557.211s][info][gc,phases      ] GC(826)   Post Evacuate Collection Set: 0.90ms
[3557.211s][info][gc,phases      ] GC(826)   Other: 0.11ms
[3557.211s][info][gc,heap        ] GC(826) Eden regions: 1119->0(1119)
[3557.211s][info][gc,heap        ] GC(826) Survivor regions: 109->109(154)
[3557.211s][info][gc,heap        ] GC(826) Old regions: 472->505
[3557.211s][info][gc,heap        ] GC(826) Humongous regions: 80->80
[3557.211s][info][gc,metaspace   ] GC(826) Metaspace: 28952K(29376K)->28952K(29376K) NonClass: 24081K(24256K)->24081K(24256K) Class: 4870K(5120K)->4870K(5120K)
[3557.211s][info][gc             ] GC(826) Pause Young (Concurrent Start) (G1 Evacuation Pause) 3558M->1386M(4096M) 114.488ms
[3557.211s][info][gc             ] GC(827) Concurrent Mark Cycle
[3557.211s][info][gc,marking     ] GC(827) Concurrent Scan Root Regions
[3557.211s][info][gc,cpu         ] GC(826) User=0.68s Sys=0.00s Real=0.11s
[3557.363s][info][gc,marking     ] GC(827) Concurrent Scan Root Regions 152.079ms
[3557.364s][info][gc,marking     ] GC(827) Concurrent Mark
[3557.364s][info][gc,marking     ] GC(827) Concurrent Mark From Roots
[3557.364s][info][gc,task        ] GC(827) Using 2 workers of 2 for marking
.[3558.226s][info][gc,marking     ] GC(827) Concurrent Mark From Roots 862.204ms
[3558.226s][info][gc,marking     ] GC(827) Concurrent Preclean
[3558.226s][info][gc,marking     ] GC(827) Concurrent Preclean 0.210ms
[3558.227s][info][gc,start       ] GC(827) Pause Remark
[3558.231s][info][gc             ] GC(827) Pause Remark 2188M->2188M(4096M) 4.162ms
[3558.231s][info][gc,cpu         ] GC(827) User=0.02s Sys=0.00s Real=0.00s
[3558.231s][info][gc,marking     ] GC(827) Concurrent Mark 867.248ms
[3558.231s][info][gc,marking     ] GC(827) Concurrent Rebuild Remembered Sets and Scrub Regions
.[3558.521s][info][gc,marking     ] GC(827) Concurrent Rebuild Remembered Sets and Scrub Regions 290.424ms
[3558.521s][info][gc,start       ] GC(827) Pause Cleanup
[3558.521s][info][gc             ] GC(827) Pause Cleanup 2394M->2394M(4096M) 0.103ms
[3558.521s][info][gc,cpu         ] GC(827) User=0.00s Sys=0.00s Real=0.00s
[3558.521s][info][gc,marking     ] GC(827) Concurrent Clear Claimed Marks
[3558.521s][info][gc,marking     ] GC(827) Concurrent Clear Claimed Marks 0.022ms
[3558.522s][info][gc,marking     ] GC(827) Concurrent Cleanup for Next Mark
[3558.526s][info][gc,marking     ] GC(827) Concurrent Cleanup for Next Mark 4.916ms
[3558.526s][info][gc             ] GC(827) Concurrent Mark Cycle 1315.115ms
.[3560.115s][info][gc,start       ] GC(828) Pause Young (Prepare Mixed) (G1 Evacuation Pause)
[3560.115s][info][gc,task        ] GC(828) Using 6 workers of 6 for evacuation
[3560.233s][info][gc,phases      ] GC(828)   Pre Evacuate Collection Set: 0.31ms
[3560.233s][info][gc,phases      ] GC(828)   Merge Heap Roots: 0.47ms
[3560.233s][info][gc,phases      ] GC(828)   Evacuate Collection Set: 115.97ms
[3560.233s][info][gc,phases      ] GC(828)   Post Evacuate Collection Set: 0.91ms
[3560.233s][info][gc,phases      ] GC(828)   Other: 0.08ms
[3560.233s][info][gc,heap        ] GC(828) Eden regions: 1119->0(1109)
[3560.233s][info][gc,heap        ] GC(828) Survivor regions: 109->110(154)
[3560.233s][info][gc,heap        ] GC(828) Old regions: 505->536
[3560.233s][info][gc,heap        ] GC(828) Humongous regions: 80->80
[3560.233s][info][gc,metaspace   ] GC(828) Metaspace: 28952K(29376K)->28952K(29376K) NonClass: 24081K(24256K)->24081K(24256K) Class: 4870K(5120K)->4870K(5120K)
[3560.233s][info][gc             ] GC(828) Pause Young (Prepare Mixed) (G1 Evacuation Pause) 3624M->1450M(4096M) 117.893ms
[3560.233s][info][gc,cpu         ] GC(828) User=0.70s Sys=0.00s Real=0.11s
...[3563.084s][info][gc,start       ] GC(829) Pause Young (Mixed) (G1 Evacuation Pause)
[3563.084s][info][gc,task        ] GC(829) Using 6 workers of 6 for evacuation
[3563.216s][info][gc,phases      ] GC(829)   Pre Evacuate Collection Set: 0.39ms
[3563.216s][info][gc,phases      ] GC(829)   Merge Heap Roots: 0.72ms
[3563.216s][info][gc,phases      ] GC(829)   Evacuate Collection Set: 129.63ms
[3563.216s][info][gc,phases      ] GC(829)   Post Evacuate Collection Set: 0.91ms
[3563.216s][info][gc,phases      ] GC(829)   Other: 0.09ms
[3563.216s][info][gc,heap        ] GC(829) Eden regions: 1109->0(1121)
[3563.216s][info][gc,heap        ] GC(829) Survivor regions: 110->107(153)
[3563.216s][info][gc,heap        ] GC(829) Old regions: 536->473
[3563.216s][info][gc,heap        ] GC(829) Humongous regions: 80->80
[3563.216s][info][gc,metaspace   ] GC(829) Metaspace: 28953K(29376K)->28953K(29376K) NonClass: 24082K(24256K)->24082K(24256K) Class: 4870K(5120K)->4870K(5120K)
[3563.216s][info][gc             ] GC(829) Pause Young (Mixed) (G1 Evacuation Pause) 3668M->1319M(4096M) 131.867ms
[3563.216s][info][gc,cpu         ] GC(829) User=0.79s Sys=0.00s Real=0.13s
.. (rIR:aIR:PR = 6227:6232:6232) (tPR = 92990) [OK] 
  3564s: Performance info:
         Transaction,    Success,    Partial,     Failed,   Receipts, AvgBarcode, 
             Overall,     375497,          0,          0,     356710,      59.47, 
         Response times:
             Request,    Success,    Partial,     Failed,   SkipFail,     Probes,    Samples,      min,      p50,      p90,      p95,      p99,      max, 
       TotalPurchase,     356708,          0,          0,          0,     343347,     398476,      300,     5100,    14600,    31000,    84000,   212000,
     InStorePurchase,     187775,          0,          0,          0,     180925,     210034,      300,     5300,    14900,    31000,    84000,   212000,
      OnlinePurchase,     131393,          0,          0,          0,     125838,     146032,      300,     4900,    14200,    30000,    83000,   196000,
        InstPurchase,      37540,          0,          0,          0,      36584,      42410,      400,     5200,    14500,    31000,    81000,   161000,
          AssocOfCat,        373,          0,          0,          0,        306,        406,    19900,    36000,    65000,    83000,   167580,   211000,
      AssocOfProduct,       3749,          0,          0,          0,       3498,       4137,      500,     2600,    10700,    24000,    83000,   152000,
      BusinessReport,        941,          0,          0,          0,        811,       1031,    26000,    41000,    73800,    93000,   186400,   231000,
          CustBuyBeh,       3754,          0,          0,          0,       3504,       4202,      300,     5600,    15700,    32000,    88000,   146000,
       ProductReturn,       9965,          0,          0,          0,       9466,      11021,      200,     3000,    11800,    24000,    70780,   163000,

  3564s: (46%)   IR =   6365 .[3566.037s][info][gc,start       ] GC(830) Pause Young (Concurrent Start) (G1 Evacuation Pause)
[3566.037s][info][gc,task        ] GC(830) Using 6 workers of 6 for evacuation
[3566.152s][info][gc,phases      ] GC(830)   Pre Evacuate Collection Set: 0.34ms
[3566.152s][info][gc,phases      ] GC(830)   Merge Heap Roots: 0.43ms
[3566.152s][info][gc,phases      ] GC(830)   Evacuate Collection Set: 113.15ms
[3566.152s][info][gc,phases      ] GC(830)   Post Evacuate Collection Set: 0.92ms
[3566.152s][info][gc,phases      ] GC(830)   Other: 0.11ms
[3566.152s][info][gc,heap        ] GC(830) Eden regions: 1121->0(1120)
[3566.152s][info][gc,heap        ] GC(830) Survivor regions: 107->108(154)
[3566.152s][info][gc,heap        ] GC(830) Old regions: 473->506
[3566.152s][info][gc,heap        ] GC(830) Humongous regions: 80->80
[3566.152s][info][gc,metaspace   ] GC(830) Metaspace: 28954K(29376K)->28954K(29376K) NonClass: 24083K(24256K)->24083K(24256K) Class: 4870K(5120K)->4870K(5120K)
[3566.152s][info][gc             ] GC(830) Pause Young (Concurrent Start) (G1 Evacuation Pause) 3561M->1385M(4096M) 115.122ms
[3566.152s][info][gc             ] GC(831) Concurrent Mark Cycle
[3566.152s][info][gc,marking     ] GC(831) Concurrent Scan Root Regions
[3566.152s][info][gc,cpu         ] GC(830) User=0.69s Sys=0.00s Real=0.11s
[3566.362s][info][gc,marking     ] GC(831) Concurrent Scan Root Regions 210.068ms
[3566.362s][info][gc,marking     ] GC(831) Concurrent Mark
[3566.362s][info][gc,marking     ] GC(831) Concurrent Mark From Roots
[3566.362s][info][gc,task        ] GC(831) Using 2 workers of 2 for marking
.[3567.228s][info][gc,marking     ] GC(831) Concurrent Mark From Roots 866.105ms
[3567.229s][info][gc,marking     ] GC(831) Concurrent Preclean
[3567.229s][info][gc,marking     ] GC(831) Concurrent Preclean 0.167ms
[3567.229s][info][gc,start       ] GC(831) Pause Remark
[3567.235s][info][gc             ] GC(831) Pause Remark 2293M->2293M(4096M) 6.233ms
[3567.235s][info][gc,cpu         ] GC(831) User=0.03s Sys=0.00s Real=0.01s
[3567.236s][info][gc,marking     ] GC(831) Concurrent Mark 873.209ms
[3567.236s][info][gc,marking     ] GC(831) Concurrent Rebuild Remembered Sets and Scrub Regions
.[3567.506s][info][gc,marking     ] GC(831) Concurrent Rebuild Remembered Sets and Scrub Regions 270.460ms
[3567.506s][info][gc,start       ] GC(831) Pause Cleanup
[3567.506s][info][gc             ] GC(831) Pause Cleanup 2468M->2468M(4096M) 0.113ms
[3567.506s][info][gc,cpu         ] GC(831) User=0.00s Sys=0.00s Real=0.00s
[3567.506s][info][gc,marking     ] GC(831) Concurrent Clear Claimed Marks
[3567.506s][info][gc,marking     ] GC(831) Concurrent Clear Claimed Marks 0.033ms
[3567.506s][info][gc,marking     ] GC(831) Concurrent Cleanup for Next Mark
[3567.511s][info][gc,marking     ] GC(831) Concurrent Cleanup for Next Mark 4.617ms
[3567.511s][info][gc             ] GC(831) Concurrent Mark Cycle 1358.864ms
.|[3569.015s][info][gc,start       ] GC(832) Pause Young (Prepare Mixed) (G1 Evacuation Pause)
[3569.015s][info][gc,task        ] GC(832) Using 6 workers of 6 for evacuation
[3569.132s][info][gc,phases      ] GC(832)   Pre Evacuate Collection Set: 0.31ms
[3569.132s][info][gc,phases      ] GC(832)   Merge Heap Roots: 0.47ms
[3569.132s][info][gc,phases      ] GC(832)   Evacuate Collection Set: 115.61ms
[3569.132s][info][gc,phases      ] GC(832)   Post Evacuate Collection Set: 0.93ms
[3569.132s][info][gc,phases      ] GC(832)   Other: 0.09ms
[3569.132s][info][gc,heap        ] GC(832) Eden regions: 1120->0(1108)
[3569.132s][info][gc,heap        ] GC(832) Survivor regions: 108->110(154)
[3569.132s][info][gc,heap        ] GC(832) Old regions: 506->537
[3569.132s][info][gc,heap        ] GC(832) Humongous regions: 80->80
[3569.132s][info][gc,metaspace   ] GC(832) Metaspace: 28954K(29376K)->28954K(29376K) NonClass: 24083K(24256K)->24083K(24256K) Class: 4870K(5120K)->4870K(5120K)
[3569.132s][info][gc             ] GC(832) Pause Young (Prepare Mixed) (G1 Evacuation Pause) 3625M->1452M(4096M) 117.527ms
[3569.132s][info][gc,cpu         ] GC(832) User=0.70s Sys=0.00s Real=0.11s
...[3571.933s][info][gc,start       ] GC(833) Pause Young (Mixed) (G1 Evacuation Pause)
[3571.933s][info][gc,task        ] GC(833) Using 6 workers of 6 for evacuation
[3572.066s][info][gc,phases      ] GC(833)   Pre Evacuate Collection Set: 0.34ms
[3572.066s][info][gc,phases      ] GC(833)   Merge Heap Roots: 0.63ms
[3572.066s][info][gc,phases      ] GC(833)   Evacuate Collection Set: 130.41ms
[3572.066s][info][gc,phases      ] GC(833)   Post Evacuate Collection Set: 0.94ms
[3572.066s][info][gc,phases      ] GC(833)   Other: 0.08ms
[3572.066s][info][gc,heap        ] GC(833) Eden regions: 1108->0(1118)
[3572.066s][info][gc,heap        ] GC(833) Survivor regions: 110->110(153)
[3572.066s][info][gc,heap        ] GC(833) Old regions: 537->474
[3572.066s][info][gc,heap        ] GC(833) Humongous regions: 80->80
[3572.066s][info][gc,metaspace   ] GC(833) Metaspace: 28954K(29376K)->28954K(29376K) NonClass: 24083K(24256K)->24083K(24256K) Class: 4870K(5120K)->4870K(5120K)
[3572.066s][info][gc             ] GC(833) Pause Young (Mixed) (G1 Evacuation Pause) 3668M->1327M(4096M) 132.541ms
[3572.066s][info][gc,cpu         ] GC(833) User=0.79s Sys=0.00s Real=0.13s
...[3574.905s][info][gc,start       ] GC(834) Pause Young (Concurrent Start) (G1 Evacuation Pause)
[3574.905s][info][gc,task        ] GC(834) Using 6 workers of 6 for evacuation
[3575.021s][info][gc,phases      ] GC(834)   Pre Evacuate Collection Set: 0.30ms
[3575.022s][info][gc,phases      ] GC(834)   Merge Heap Roots: 0.43ms
[3575.022s][info][gc,phases      ] GC(834)   Evacuate Collection Set: 115.25ms
[3575.022s][info][gc,phases      ] GC(834)   Post Evacuate Collection Set: 0.84ms
[3575.022s][info][gc,phases      ] GC(834)   Other: 0.11ms
[3575.022s][info][gc,heap        ] GC(834) Eden regions: 1118->0(1119)
[3575.022s][info][gc,heap        ] GC(834) Survivor regions: 110->109(154)
[3575.022s][info][gc,heap        ] GC(834) Old regions: 474->506
[3575.022s][info][gc,heap        ] GC(834) Humongous regions: 80->80
[3575.022s][info][gc,metaspace   ] GC(834) Metaspace: 28954K(29376K)->28954K(29376K) NonClass: 24083K(24256K)->24083K(24256K) Class: 4870K(5120K)->4870K(5120K)
[3575.022s][info][gc             ] GC(834) Pause Young (Concurrent Start) (G1 Evacuation Pause) 3563M->1389M(4096M) 117.068ms
[3575.022s][info][gc             ] GC(835) Concurrent Mark Cycle
[3575.022s][info][gc,marking     ] GC(835) Concurrent Scan Root Regions
[3575.022s][info][gc,cpu         ] GC(834) User=0.70s Sys=0.00s Real=0.11s
[3575.207s][info][gc,marking     ] GC(835) Concurrent Scan Root Regions 185.250ms
[3575.207s][info][gc,marking     ] GC(835) Concurrent Mark
[3575.207s][info][gc,marking     ] GC(835) Concurrent Mark From Roots
[3575.207s][info][gc,task        ] GC(835) Using 2 workers of 2 for marking
.[3576.086s][info][gc,marking     ] GC(835) Concurrent Mark From Roots 879.255ms
[3576.086s][info][gc,marking     ] GC(835) Concurrent Preclean
[3576.086s][info][gc,marking     ] GC(835) Concurrent Preclean 0.124ms
[3576.087s][info][gc,start       ] GC(835) Pause Remark
[3576.092s][info][gc             ] GC(835) Pause Remark 2287M->2287M(4096M) 5.854ms
[3576.092s][info][gc,cpu         ] GC(835) User=0.04s Sys=0.00s Real=0.00s
[3576.092s][info][gc,marking     ] GC(835) Concurrent Mark 885.535ms
[3576.092s][info][gc,marking     ] GC(835) Concurrent Rebuild Remembered Sets and Scrub Regions
[3576.372s][info][gc,marking     ] GC(835) Concurrent Rebuild Remembered Sets and Scrub Regions 279.178ms
[3576.372s][info][gc,start       ] GC(835) Pause Cleanup
[3576.372s][info][gc             ] GC(835) Pause Cleanup 2484M->2484M(4096M) 0.095ms
[3576.372s][info][gc,cpu         ] GC(835) User=0.00s Sys=0.00s Real=0.00s
[3576.372s][info][gc,marking     ] GC(835) Concurrent Clear Claimed Marks
[3576.372s][info][gc,marking     ] GC(835) Concurrent Clear Claimed Marks 0.021ms
[3576.372s][info][gc,marking     ] GC(835) Concurrent Cleanup for Next Mark
[3576.375s][info][gc,marking     ] GC(835) Concurrent Cleanup for Next Mark 3.164ms
[3576.375s][info][gc             ] GC(835) Concurrent Mark Cycle 1353.541ms
..[3577.887s][info][gc,start       ] GC(836) Pause Young (Prepare Mixed) (G1 Evacuation Pause)
[3577.887s][info][gc,task        ] GC(836) Using 6 workers of 6 for evacuation
[3578.001s][info][gc,phases      ] GC(836)   Pre Evacuate Collection Set: 0.34ms
[3578.001s][info][gc,phases      ] GC(836)   Merge Heap Roots: 0.50ms
[3578.001s][info][gc,phases      ] GC(836)   Evacuate Collection Set: 112.70ms
[3578.001s][info][gc,phases      ] GC(836)   Post Evacuate Collection Set: 0.92ms
[3578.001s][info][gc,phases      ] GC(836)   Other: 0.09ms
[3578.001s][info][gc,heap        ] GC(836) Eden regions: 1119->0(1112)
[3578.001s][info][gc,heap        ] GC(836) Survivor regions: 109->108(154)
[3578.001s][info][gc,heap        ] GC(836) Old regions: 506->537
[3578.001s][info][gc,heap        ] GC(836) Humongous regions: 80->80
[3578.001s][info][gc,metaspace   ] GC(836) Metaspace: 28954K(29376K)->28954K(29376K) NonClass: 24083K(24256K)->24083K(24256K) Class: 4870K(5120K)->4870K(5120K)
[3578.001s][info][gc             ] GC(836) Pause Young (Prepare Mixed) (G1 Evacuation Pause) 3627M->1449M(4096M) 114.698ms
[3578.001s][info][gc,cpu         ] GC(836) User=0.68s Sys=0.00s Real=0.11s
...[3580.828s][info][gc,start       ] GC(837) Pause Young (Mixed) (G1 Evacuation Pause)
[3580.828s][info][gc,task        ] GC(837) Using 6 workers of 6 for evacuation
[3580.960s][info][gc,phases      ] GC(837)   Pre Evacuate Collection Set: 0.39ms
[3580.960s][info][gc,phases      ] GC(837)   Merge Heap Roots: 0.65ms
[3580.960s][info][gc,phases      ] GC(837)   Evacuate Collection Set: 129.22ms
[3580.960s][info][gc,phases      ] GC(837)   Post Evacuate Collection Set: 0.91ms
[3580.960s][info][gc,phases      ] GC(837)   Other: 0.10ms
[3580.960s][info][gc,heap        ] GC(837) Eden regions: 1112->0(1120)
[3580.960s][info][gc,heap        ] GC(837) Survivor regions: 108->108(153)
[3580.960s][info][gc,heap        ] GC(837) Old regions: 537->473
[3580.960s][info][gc,heap        ] GC(837) Humongous regions: 80->80
[3580.960s][info][gc,metaspace   ] GC(837) Metaspace: 28954K(29376K)->28954K(29376K) NonClass: 24083K(24256K)->24083K(24256K) Class: 4870K(5120K)->4870K(5120K)
[3580.960s][info][gc             ] GC(837) Pause Young (Mixed) (G1 Evacuation Pause) 3673M->1320M(4096M) 131.398ms
[3580.960s][info][gc,cpu         ] GC(837) User=0.79s Sys=0.00s Real=0.13s
...[3583.769s][info][gc,start       ] GC(838) Pause Young (Concurrent Start) (G1 Evacuation Pause)
[3583.769s][info][gc,task        ] GC(838) Using 6 workers of 6 for evacuation
[3583.883s][info][gc,phases      ] GC(838)   Pre Evacuate Collection Set: 0.36ms
[3583.883s][info][gc,phases      ] GC(838)   Merge Heap Roots: 0.44ms
[3583.883s][info][gc,phases      ] GC(838)   Evacuate Collection Set: 111.56ms
[3583.883s][info][gc,phases      ] GC(838)   Post Evacuate Collection Set: 0.87ms
[3583.883s][info][gc,phases      ] GC(838)   Other: 0.11ms
[3583.883s][info][gc,heap        ] GC(838) Eden regions: 1120->0(1122)
[3583.883s][info][gc,heap        ] GC(838) Survivor regions: 108->106(154)
[3583.883s][info][gc,heap        ] GC(838) Old regions: 473->506
[3583.883s][info][gc,heap        ] GC(838) Humongous regions: 80->80
[3583.883s][info][gc,metaspace   ] GC(838) Metaspace: 28954K(29376K)->28954K(29376K) NonClass: 24083K(24256K)->24083K(24256K) Class: 4870K(5120K)->4870K(5120K)
[3583.883s][info][gc             ] GC(838) Pause Young (Concurrent Start) (G1 Evacuation Pause) 3560M->1383M(4096M) 113.464ms
[3583.883s][info][gc             ] GC(839) Concurrent Mark Cycle
[3583.883s][info][gc,marking     ] GC(839) Concurrent Scan Root Regions
[3583.883s][info][gc,cpu         ] GC(838) User=0.68s Sys=0.00s Real=0.11s
[3584.121s][info][gc,marking     ] GC(839) Concurrent Scan Root Regions 237.732ms
[3584.121s][info][gc,marking     ] GC(839) Concurrent Mark
[3584.121s][info][gc,marking     ] GC(839) Concurrent Mark From Roots
[3584.121s][info][gc,task        ] GC(839) Using 2 workers of 2 for marking
.[3584.847s][info][gc,marking     ] GC(839) Concurrent Mark From Roots 725.998ms
[3584.847s][info][gc,marking     ] GC(839) Concurrent Preclean
[3584.847s][info][gc,marking     ] GC(839) Concurrent Preclean 0.123ms
[3584.847s][info][gc,start       ] GC(839) Pause Remark
[3584.852s][info][gc             ] GC(839) Pause Remark 2160M->2160M(4096M) 5.118ms
[3584.852s][info][gc,cpu         ] GC(839) User=0.03s Sys=0.00s Real=0.00s
[3584.852s][info][gc,marking     ] GC(839) Concurrent Mark 731.762ms
[3584.852s][info][gc,marking     ] GC(839) Concurrent Rebuild Remembered Sets and Scrub Regions
[3585.117s][info][gc,marking     ] GC(839) Concurrent Rebuild Remembered Sets and Scrub Regions 264.404ms
[3585.117s][info][gc,start       ] GC(839) Pause Cleanup
[3585.117s][info][gc             ] GC(839) Pause Cleanup 2393M->2393M(4096M) 0.129ms
[3585.117s][info][gc,cpu         ] GC(839) User=0.00s Sys=0.00s Real=0.00s
[3585.117s][info][gc,marking     ] GC(839) Concurrent Clear Claimed Marks
[3585.117s][info][gc,marking     ] GC(839) Concurrent Clear Claimed Marks 0.041ms
[3585.117s][info][gc,marking     ] GC(839) Concurrent Cleanup for Next Mark
[3585.125s][info][gc,marking     ] GC(839) Concurrent Cleanup for Next Mark 7.492ms
[3585.125s][info][gc             ] GC(839) Concurrent Mark Cycle 1242.227ms
..[3586.725s][info][gc,start       ] GC(840) Pause Young (Prepare Mixed) (G1 Evacuation Pause)
[3586.725s][info][gc,task        ] GC(840) Using 6 workers of 6 for evacuation
[3586.838s][info][gc,phases      ] GC(840)   Pre Evacuate Collection Set: 0.35ms
[3586.838s][info][gc,phases      ] GC(840)   Merge Heap Roots: 0.48ms
[3586.838s][info][gc,phases      ] GC(840)   Evacuate Collection Set: 111.74ms
[3586.838s][info][gc,phases      ] GC(840)   Post Evacuate Collection Set: 0.88ms
[3586.838s][info][gc,phases      ] GC(840)   Other: 0.10ms
[3586.838s][info][gc,heap        ] GC(840) Eden regions: 1122->0(1113)
[3586.838s][info][gc,heap        ] GC(840) Survivor regions: 106->107(154)
[3586.838s][info][gc,heap        ] GC(840) Old regions: 506->538
[3586.838s][info][gc,heap        ] GC(840) Humongous regions: 80->80
[3586.838s][info][gc,metaspace   ] GC(840) Metaspace: 28954K(29376K)->28954K(29376K) NonClass: 24083K(24256K)->24083K(24256K) Class: 4870K(5120K)->4870K(5120K)
[3586.838s][info][gc             ] GC(840) Pause Young (Prepare Mixed) (G1 Evacuation Pause) 3627M->1448M(4096M) 113.678ms
[3586.838s][info][gc,cpu         ] GC(840) User=0.68s Sys=0.00s Real=0.11s
...[3589.761s][info][gc,start       ] GC(841) Pause Young (Mixed) (G1 Evacuation Pause)
[3589.761s][info][gc,task        ] GC(841) Using 6 workers of 6 for evacuation
[3589.898s][info][gc,phases      ] GC(841)   Pre Evacuate Collection Set: 0.33ms
[3589.898s][info][gc,phases      ] GC(841)   Merge Heap Roots: 0.58ms
[3589.898s][info][gc,phases      ] GC(841)   Evacuate Collection Set: 134.87ms
[3589.898s][info][gc,phases      ] GC(841)   Post Evacuate Collection Set: 0.96ms
[3589.898s][info][gc,phases      ] GC(841)   Other: 0.09ms
[3589.898s][info][gc,heap        ] GC(841) Eden regions: 1113->0(1114)
[3589.898s][info][gc,heap        ] GC(841) Survivor regions: 107->114(153)
[3589.898s][info][gc,heap        ] GC(841) Old regions: 538->474
[3589.898s][info][gc,heap        ] GC(841) Humongous regions: 80->80
[3589.898s][info][gc,metaspace   ] GC(841) Metaspace: 28954K(29376K)->28954K(29376K) NonClass: 24083K(24256K)->24083K(24256K) Class: 4870K(5120K)->4870K(5120K)
[3589.898s][info][gc             ] GC(841) Pause Young (Mixed) (G1 Evacuation Pause) 3674M->1335M(4096M) 136.971ms
[3589.898s][info][gc,cpu         ] GC(841) User=0.82s Sys=0.00s Real=0.14s
...[3592.608s][info][gc,start       ] GC(842) Pause Young (Concurrent Start) (G1 Evacuation Pause)
[3592.608s][info][gc,task        ] GC(842) Using 6 workers of 6 for evacuation
[3592.725s][info][gc,phases      ] GC(842)   Pre Evacuate Collection Set: 0.35ms
[3592.725s][info][gc,phases      ] GC(842)   Merge Heap Roots: 0.47ms
[3592.725s][info][gc,phases      ] GC(842)   Evacuate Collection Set: 115.26ms
[3592.725s][info][gc,phases      ] GC(842)   Post Evacuate Collection Set: 0.87ms
[3592.725s][info][gc,phases      ] GC(842)   Other: 0.10ms
[3592.725s][info][gc,heap        ] GC(842) Eden regions: 1114->0(1118)
[3592.725s][info][gc,heap        ] GC(842) Survivor regions: 114->110(154)
[3592.725s][info][gc,heap        ] GC(842) Old regions: 474->506
[3592.725s][info][gc,heap        ] GC(842) Humongous regions: 80->80
[3592.725s][info][gc,metaspace   ] GC(842) Metaspace: 28954K(29376K)->28954K(29376K) NonClass: 24083K(24256K)->24083K(24256K) Class: 4870K(5120K)->4870K(5120K)
[3592.725s][info][gc             ] GC(842) Pause Young (Concurrent Start) (G1 Evacuation Pause) 3563M->1390M(4096M) 117.185ms
[3592.725s][info][gc             ] GC(843) Concurrent Mark Cycle
[3592.725s][info][gc,marking     ] GC(843) Concurrent Scan Root Regions
[3592.725s][info][gc,cpu         ] GC(842) User=0.70s Sys=0.00s Real=0.12s
[3592.841s][info][gc,marking     ] GC(843) Concurrent Scan Root Regions 116.135ms
[3592.841s][info][gc,marking     ] GC(843) Concurrent Mark
[3592.841s][info][gc,marking     ] GC(843) Concurrent Mark From Roots
[3592.841s][info][gc,task        ] GC(843) Using 2 workers of 2 for marking
[3593.392s][info][gc,marking     ] GC(843) Concurrent Mark From Roots 550.940ms
[3593.392s][info][gc,marking     ] GC(843) Concurrent Preclean
[3593.392s][info][gc,marking     ] GC(843) Concurrent Preclean 0.136ms
[3593.393s][info][gc,start       ] GC(843) Pause Remark
[3593.397s][info][gc             ] GC(843) Pause Remark 1939M->1939M(4096M) 4.366ms
[3593.397s][info][gc,cpu         ] GC(843) User=0.03s Sys=0.00s Real=0.01s
[3593.398s][info][gc,marking     ] GC(843) Concurrent Mark 557.422ms
[3593.398s][info][gc,marking     ] GC(843) Concurrent Rebuild Remembered Sets and Scrub Regions
.[3593.608s][info][gc,marking     ] GC(843) Concurrent Rebuild Remembered Sets and Scrub Regions 209.448ms
[3593.608s][info][gc,start       ] GC(843) Pause Cleanup
[3593.608s][info][gc             ] GC(843) Pause Cleanup 2091M->2091M(4096M) 0.118ms
[3593.608s][info][gc,cpu         ] GC(843) User=0.00s Sys=0.00s Real=0.00s
[3593.608s][info][gc,marking     ] GC(843) Concurrent Clear Claimed Marks
[3593.608s][info][gc,marking     ] GC(843) Concurrent Clear Claimed Marks 0.022ms
[3593.608s][info][gc,marking     ] GC(843) Concurrent Cleanup for Next Mark
[3593.613s][info][gc,marking     ] GC(843) Concurrent Cleanup for Next Mark 5.091ms
[3593.614s][info][gc             ] GC(843) Concurrent Mark Cycle 888.738ms
..[3595.607s][info][gc,start       ] GC(844) Pause Young (Prepare Mixed) (G1 Evacuation Pause)
[3595.607s][info][gc,task        ] GC(844) Using 6 workers of 6 for evacuation
[3595.723s][info][gc,phases      ] GC(844)   Pre Evacuate Collection Set: 0.35ms
[3595.723s][info][gc,phases      ] GC(844)   Merge Heap Roots: 0.46ms
[3595.723s][info][gc,phases      ] GC(844)   Evacuate Collection Set: 114.73ms
[3595.723s][info][gc,phases      ] GC(844)   Post Evacuate Collection Set: 0.89ms
[3595.723s][info][gc,phases      ] GC(844)   Other: 0.08ms
[3595.723s][info][gc,heap        ] GC(844) Eden regions: 1118->0(1107)
[3595.723s][info][gc,heap        ] GC(844) Survivor regions: 110->110(154)
[3595.723s][info][gc,heap        ] GC(844) Old regions: 506->538
[3595.723s][info][gc,heap        ] GC(844) Humongous regions: 80->80
[3595.723s][info][gc,metaspace   ] GC(844) Metaspace: 28954K(29376K)->28954K(29376K) NonClass: 24083K(24256K)->24083K(24256K) Class: 4870K(5120K)->4870K(5120K)
[3595.723s][info][gc             ] GC(844) Pause Young (Prepare Mixed) (G1 Evacuation Pause) 3626M->1454M(4096M) 116.661ms
[3595.724s][info][gc,cpu         ] GC(844) User=0.69s Sys=0.00s Real=0.12s
...[3598.538s][info][gc,start       ] GC(845) Pause Young (Mixed) (G1 Evacuation Pause)
[3598.538s][info][gc,task        ] GC(845) Using 6 workers of 6 for evacuation
[3598.675s][info][gc,phases      ] GC(845)   Pre Evacuate Collection Set: 0.34ms
[3598.675s][info][gc,phases      ] GC(845)   Merge Heap Roots: 0.62ms
[3598.675s][info][gc,phases      ] GC(845)   Evacuate Collection Set: 134.39ms
[3598.675s][info][gc,phases      ] GC(845)   Post Evacuate Collection Set: 0.90ms
[3598.675s][info][gc,phases      ] GC(845)   Other: 0.09ms
[3598.675s][info][gc,heap        ] GC(845) Eden regions: 1107->0(1115)
[3598.675s][info][gc,heap        ] GC(845) Survivor regions: 110->113(153)
[3598.675s][info][gc,heap        ] GC(845) Old regions: 538->473
[3598.675s][info][gc,heap        ] GC(845) Humongous regions: 80->80
[3598.675s][info][gc,metaspace   ] GC(845) Metaspace: 28954K(29376K)->28954K(29376K) NonClass: 24083K(24256K)->24083K(24256K) Class: 4870K(5120K)->4870K(5120K)
[3598.675s][info][gc             ] GC(845) Pause Young (Mixed) (G1 Evacuation Pause) 3668M->1330M(4096M) 136.465ms
[3598.675s][info][gc,cpu         ] GC(845) User=0.81s Sys=0.00s Real=0.14s
..[3601.401s][info][gc,start       ] GC(846) Pause Young (Concurrent Start) (G1 Evacuation Pause)
[3601.401s][info][gc,task        ] GC(846) Using 6 workers of 6 for evacuation
[3601.517s][info][gc,phases      ] GC(846)   Pre Evacuate Collection Set: 0.35ms
[3601.517s][info][gc,phases      ] GC(846)   Merge Heap Roots: 0.44ms
[3601.517s][info][gc,phases      ] GC(846)   Evacuate Collection Set: 113.83ms
[3601.517s][info][gc,phases      ] GC(846)   Post Evacuate Collection Set: 0.89ms
[3601.517s][info][gc,phases      ] GC(846)   Other: 0.10ms
[3601.517s][info][gc,heap        ] GC(846) Eden regions: 1115->0(1120)
[3601.517s][info][gc,heap        ] GC(846) Survivor regions: 113->108(154)
[3601.517s][info][gc,heap        ] GC(846) Old regions: 473->506
[3601.517s][info][gc,heap        ] GC(846) Humongous regions: 80->80
[3601.517s][info][gc,metaspace   ] GC(846) Metaspace: 28954K(29376K)->28954K(29376K) NonClass: 24083K(24256K)->24083K(24256K) Class: 4870K(5120K)->4870K(5120K)
[3601.517s][info][gc             ] GC(846) Pause Young (Concurrent Start) (G1 Evacuation Pause) 3560M->1385M(4096M) 115.748ms
[3601.517s][info][gc             ] GC(847) Concurrent Mark Cycle
[3601.517s][info][gc,marking     ] GC(847) Concurrent Scan Root Regions
[3601.517s][info][gc,cpu         ] GC(846) User=0.69s Sys=0.00s Real=0.12s
.[3601.686s][info][gc,marking     ] GC(847) Concurrent Scan Root Regions 168.992ms
[3601.686s][info][gc,marking     ] GC(847) Concurrent Mark
[3601.686s][info][gc,marking     ] GC(847) Concurrent Mark From Roots
[3601.686s][info][gc,task        ] GC(847) Using 2 workers of 2 for marking
.[3602.557s][info][gc,marking     ] GC(847) Concurrent Mark From Roots 871.282ms
[3602.557s][info][gc,marking     ] GC(847) Concurrent Preclean
[3602.557s][info][gc,marking     ] GC(847) Concurrent Preclean 0.172ms
[3602.557s][info][gc,start       ] GC(847) Pause Remark
[3602.563s][info][gc             ] GC(847) Pause Remark 2233M->2233M(4096M) 5.969ms
[3602.563s][info][gc,cpu         ] GC(847) User=0.03s Sys=0.00s Real=0.01s
[3602.563s][info][gc,marking     ] GC(847) Concurrent Mark 877.747ms
[3602.563s][info][gc,marking     ] GC(847) Concurrent Rebuild Remembered Sets and Scrub Regions
[3602.906s][info][gc,marking     ] GC(847) Concurrent Rebuild Remembered Sets and Scrub Regions 342.959ms
[3602.907s][info][gc,start       ] GC(847) Pause Cleanup
[3602.907s][info][gc             ] GC(847) Pause Cleanup 2506M->2506M(4096M) 0.093ms
[3602.907s][info][gc,cpu         ] GC(847) User=0.00s Sys=0.00s Real=0.00s
[3602.907s][info][gc,marking     ] GC(847) Concurrent Clear Claimed Marks
[3602.907s][info][gc,marking     ] GC(847) Concurrent Clear Claimed Marks 0.022ms
[3602.907s][info][gc,marking     ] GC(847) Concurrent Cleanup for Next Mark
[3602.910s][info][gc,marking     ] GC(847) Concurrent Cleanup for Next Mark 3.158ms
[3602.910s][info][gc             ] GC(847) Concurrent Mark Cycle 1393.238ms
.[3604.406s][info][gc,start       ] GC(848) Pause Young (Prepare Mixed) (G1 Evacuation Pause)
[3604.406s][info][gc,task        ] GC(848) Using 6 workers of 6 for evacuation
[3604.522s][info][gc,phases      ] GC(848)   Pre Evacuate Collection Set: 0.30ms
[3604.522s][info][gc,phases      ] GC(848)   Merge Heap Roots: 0.52ms
[3604.522s][info][gc,phases      ] GC(848)   Evacuate Collection Set: 113.98ms
[3604.522s][info][gc,phases      ] GC(848)   Post Evacuate Collection Set: 0.92ms
[3604.522s][info][gc,phases      ] GC(848)   Other: 0.09ms
[3604.522s][info][gc,heap        ] GC(848) Eden regions: 1120->0(1112)
[3604.522s][info][gc,heap        ] GC(848) Survivor regions: 108->108(154)
[3604.522s][info][gc,heap        ] GC(848) Old regions: 506->537
[3604.522s][info][gc,heap        ] GC(848) Humongous regions: 80->80
[3604.522s][info][gc,metaspace   ] GC(848) Metaspace: 28954K(29376K)->28954K(29376K) NonClass: 24083K(24256K)->24083K(24256K) Class: 4870K(5120K)->4870K(5120K)
[3604.522s][info][gc             ] GC(848) Pause Young (Prepare Mixed) (G1 Evacuation Pause) 3625M->1449M(4096M) 115.937ms
[3604.522s][info][gc,cpu         ] GC(848) User=0.69s Sys=0.00s Real=0.11s
...[3607.354s][info][gc,start       ] GC(849) Pause Young (Mixed) (G1 Evacuation Pause)
[3607.354s][info][gc,task        ] GC(849) Using 6 workers of 6 for evacuation
[3607.488s][info][gc,phases      ] GC(849)   Pre Evacuate Collection Set: 0.39ms
[3607.488s][info][gc,phases      ] GC(849)   Merge Heap Roots: 0.64ms
[3607.488s][info][gc,phases      ] GC(849)   Evacuate Collection Set: 131.36ms
[3607.488s][info][gc,phases      ] GC(849)   Post Evacuate Collection Set: 0.91ms
[3607.488s][info][gc,phases      ] GC(849)   Other: 0.09ms
[3607.488s][info][gc,heap        ] GC(849) Eden regions: 1112->0(1117)
[3607.488s][info][gc,heap        ] GC(849) Survivor regions: 108->111(153)
[3607.488s][info][gc,heap        ] GC(849) Old regions: 537->472
[3607.488s][info][gc,heap        ] GC(849) Humongous regions: 80->80
[3607.488s][info][gc,metaspace   ] GC(849) Metaspace: 28954K(29376K)->28954K(29376K) NonClass: 24083K(24256K)->24083K(24256K) Class: 4870K(5120K)->4870K(5120K)
[3607.488s][info][gc             ] GC(849) Pause Young (Mixed) (G1 Evacuation Pause) 3673M->1324M(4096M) 133.537ms
[3607.488s][info][gc,cpu         ] GC(849) User=0.80s Sys=0.00s Real=0.13s
...[3610.246s][info][gc,start       ] GC(850) Pause Young (Concurrent Start) (G1 Evacuation Pause)
[3610.246s][info][gc,task        ] GC(850) Using 6 workers of 6 for evacuation
[3610.365s][info][gc,phases      ] GC(850)   Pre Evacuate Collection Set: 0.35ms
[3610.365s][info][gc,phases      ] GC(850)   Merge Heap Roots: 0.45ms
[3610.365s][info][gc,phases      ] GC(850)   Evacuate Collection Set: 117.14ms
[3610.365s][info][gc,phases      ] GC(850)   Post Evacuate Collection Set: 0.89ms
[3610.365s][info][gc,phases      ] GC(850)   Other: 0.10ms
[3610.365s][info][gc,heap        ] GC(850) Eden regions: 1117->0(1116)
[3610.365s][info][gc,heap        ] GC(850) Survivor regions: 111->112(154)
[3610.365s][info][gc,heap        ] GC(850) Old regions: 472->504
[3610.365s][info][gc,heap        ] GC(850) Humongous regions: 80->80
[3610.365s][info][gc,metaspace   ] GC(850) Metaspace: 28954K(29376K)->28954K(29376K) NonClass: 24083K(24256K)->24083K(24256K) Class: 4870K(5120K)->4870K(5120K)
[3610.365s][info][gc             ] GC(850) Pause Young (Concurrent Start) (G1 Evacuation Pause) 3558M->1390M(4096M) 119.050ms
[3610.365s][info][gc             ] GC(851) Concurrent Mark Cycle
[3610.365s][info][gc,marking     ] GC(851) Concurrent Scan Root Regions
[3610.365s][info][gc,cpu         ] GC(850) User=0.71s Sys=0.00s Real=0.12s
[3610.529s][info][gc,marking     ] GC(851) Concurrent Scan Root Regions 164.163ms
[3610.529s][info][gc,marking     ] GC(851) Concurrent Mark
[3610.529s][info][gc,marking     ] GC(851) Concurrent Mark From Roots
[3610.529s][info][gc,task        ] GC(851) Using 2 workers of 2 for marking
.[3611.200s][info][gc,marking     ] GC(851) Concurrent Mark From Roots 671.066ms
[3611.200s][info][gc,marking     ] GC(851) Concurrent Preclean
[3611.200s][info][gc,marking     ] GC(851) Concurrent Preclean 0.118ms
[3611.201s][info][gc,start       ] GC(851) Pause Remark
[3611.206s][info][gc             ] GC(851) Pause Remark 2103M->2103M(4096M) 5.590ms
[3611.206s][info][gc,cpu         ] GC(851) User=0.03s Sys=0.00s Real=0.01s
[3611.209s][info][gc,marking     ] GC(851) Concurrent Mark 679.601ms
[3611.209s][info][gc,marking     ] GC(851) Concurrent Rebuild Remembered Sets and Scrub Regions
[3611.488s][info][gc,marking     ] GC(851) Concurrent Rebuild Remembered Sets and Scrub Regions 279.483ms
[3611.488s][info][gc,start       ] GC(851) Pause Cleanup
[3611.488s][info][gc             ] GC(851) Pause Cleanup 2293M->2293M(4096M) 0.104ms
[3611.488s][info][gc,cpu         ] GC(851) User=0.00s Sys=0.00s Real=0.00s
[3611.488s][info][gc,marking     ] GC(851) Concurrent Clear Claimed Marks
[3611.488s][info][gc,marking     ] GC(851) Concurrent Clear Claimed Marks 0.026ms
[3611.488s][info][gc,marking     ] GC(851) Concurrent Cleanup for Next Mark
[3611.491s][info][gc,marking     ] GC(851) Concurrent Cleanup for Next Mark 3.169ms
[3611.492s][info][gc             ] GC(851) Concurrent Mark Cycle 1126.890ms
..[3613.199s][info][gc,start       ] GC(852) Pause Young (Prepare Mixed) (G1 Evacuation Pause)
[3613.199s][info][gc,task        ] GC(852) Using 6 workers of 6 for evacuation
[3613.318s][info][gc,phases      ] GC(852)   Pre Evacuate Collection Set: 0.31ms
[3613.319s][info][gc,phases      ] GC(852)   Merge Heap Roots: 0.61ms
[3613.319s][info][gc,phases      ] GC(852)   Evacuate Collection Set: 117.83ms
[3613.319s][info][gc,phases      ] GC(852)   Post Evacuate Collection Set: 0.93ms
[3613.319s][info][gc,phases      ] GC(852)   Other: 0.09ms
[3613.319s][info][gc,heap        ] GC(852) Eden regions: 1116->0(1107)
[3613.319s][info][gc,heap        ] GC(852) Survivor regions: 112->111(154)
[3613.319s][info][gc,heap        ] GC(852) Old regions: 504->536
[3613.319s][info][gc,heap        ] GC(852) Humongous regions: 80->80
[3613.319s][info][gc,metaspace   ] GC(852) Metaspace: 28954K(29376K)->28954K(29376K) NonClass: 24083K(24256K)->24083K(24256K) Class: 4870K(5120K)->4870K(5120K)
[3613.319s][info][gc             ] GC(852) Pause Young (Prepare Mixed) (G1 Evacuation Pause) 3622M->1451M(4096M) 119.907ms
[3613.319s][info][gc,cpu         ] GC(852) User=0.71s Sys=0.00s Real=0.12s
...[3616.170s][info][gc,start       ] GC(853) Pause Young (Mixed) (G1 Evacuation Pause)
[3616.170s][info][gc,task        ] GC(853) Using 6 workers of 6 for evacuation
[3616.301s][info][gc,phases      ] GC(853)   Pre Evacuate Collection Set: 0.36ms
[3616.301s][info][gc,phases      ] GC(853)   Merge Heap Roots: 0.61ms
[3616.301s][info][gc,phases      ] GC(853)   Evacuate Collection Set: 129.52ms
[3616.301s][info][gc,phases      ] GC(853)   Post Evacuate Collection Set: 0.94ms
[3616.301s][info][gc,phases      ] GC(853)   Other: 0.09ms
[3616.301s][info][gc,heap        ] GC(853) Eden regions: 1107->0(1118)
[3616.301s][info][gc,heap        ] GC(853) Survivor regions: 111->110(153)
[3616.301s][info][gc,heap        ] GC(853) Old regions: 536->472
[3616.301s][info][gc,heap        ] GC(853) Humongous regions: 80->80
[3616.301s][info][gc,metaspace   ] GC(853) Metaspace: 28954K(29376K)->28954K(29376K) NonClass: 24083K(24256K)->24083K(24256K) Class: 4870K(5120K)->4870K(5120K)
[3616.302s][info][gc             ] GC(853) Pause Young (Mixed) (G1 Evacuation Pause) 3665M->1322M(4096M) 131.634ms
[3616.302s][info][gc,cpu         ] GC(853) User=0.79s Sys=0.00s Real=0.13s
...[3619.090s][info][gc,start       ] GC(854) Pause Young (Concurrent Start) (G1 Evacuation Pause)
[3619.090s][info][gc,task        ] GC(854) Using 6 workers of 6 for evacuation
[3619.212s][info][gc,phases      ] GC(854)   Pre Evacuate Collection Set: 0.33ms
[3619.212s][info][gc,phases      ] GC(854)   Merge Heap Roots: 0.46ms
[3619.212s][info][gc,phases      ] GC(854)   Evacuate Collection Set: 119.52ms
[3619.212s][info][gc,phases      ] GC(854)   Post Evacuate Collection Set: 0.87ms
[3619.212s][info][gc,phases      ] GC(854)   Other: 0.11ms
[3619.212s][info][gc,heap        ] GC(854) Eden regions: 1118->0(1114)
[3619.212s][info][gc,heap        ] GC(854) Survivor regions: 110->114(154)
[3619.212s][info][gc,heap        ] GC(854) Old regions: 472->504
[3619.212s][info][gc,heap        ] GC(854) Humongous regions: 80->80
[3619.212s][info][gc,metaspace   ] GC(854) Metaspace: 28954K(29376K)->28954K(29376K) NonClass: 24083K(24256K)->24083K(24256K) Class: 4870K(5120K)->4870K(5120K)
[3619.212s][info][gc             ] GC(854) Pause Young (Concurrent Start) (G1 Evacuation Pause) 3558M->1393M(4096M) 121.422ms
[3619.212s][info][gc             ] GC(855) Concurrent Mark Cycle
[3619.212s][info][gc,marking     ] GC(855) Concurrent Scan Root Regions
[3619.212s][info][gc,cpu         ] GC(854) User=0.72s Sys=0.00s Real=0.12s
[3619.400s][info][gc,marking     ] GC(855) Concurrent Scan Root Regions 187.942ms
[3619.400s][info][gc,marking     ] GC(855) Concurrent Mark
[3619.400s][info][gc,marking     ] GC(855) Concurrent Mark From Roots
[3619.400s][info][gc,task        ] GC(855) Using 2 workers of 2 for marking
.[3620.235s][info][gc,marking     ] GC(855) Concurrent Mark From Roots 834.871ms
[3620.235s][info][gc,marking     ] GC(855) Concurrent Preclean
[3620.235s][info][gc,marking     ] GC(855) Concurrent Preclean 0.117ms
[3620.235s][info][gc,start       ] GC(855) Pause Remark
[3620.241s][info][gc             ] GC(855) Pause Remark 2229M->2229M(4096M) 5.925ms
[3620.241s][info][gc,cpu         ] GC(855) User=0.03s Sys=0.00s Real=0.00s
[3620.241s][info][gc,marking     ] GC(855) Concurrent Mark 841.185ms
[3620.241s][info][gc,marking     ] GC(855) Concurrent Rebuild Remembered Sets and Scrub Regions
[3620.543s][info][gc,marking     ] GC(855) Concurrent Rebuild Remembered Sets and Scrub Regions 302.171ms
[3620.543s][info][gc,start       ] GC(855) Pause Cleanup
[3620.543s][info][gc             ] GC(855) Pause Cleanup 2472M->2472M(4096M) 0.107ms
[3620.543s][info][gc,cpu         ] GC(855) User=0.00s Sys=0.00s Real=0.00s
[3620.543s][info][gc,marking     ] GC(855) Concurrent Clear Claimed Marks
[3620.543s][info][gc,marking     ] GC(855) Concurrent Clear Claimed Marks 0.026ms
[3620.543s][info][gc,marking     ] GC(855) Concurrent Cleanup for Next Mark
[3620.549s][info][gc,marking     ] GC(855) Concurrent Cleanup for Next Mark 5.941ms
[3620.549s][info][gc             ] GC(855) Concurrent Mark Cycle 1337.762ms
..[3622.017s][info][gc,start       ] GC(856) Pause Young (Prepare Mixed) (G1 Evacuation Pause)
[3622.017s][info][gc,task        ] GC(856) Using 6 workers of 6 for evacuation
[3622.133s][info][gc,phases      ] GC(856)   Pre Evacuate Collection Set: 0.28ms
[3622.133s][info][gc,phases      ] GC(856)   Merge Heap Roots: 0.50ms
[3622.133s][info][gc,phases      ] GC(856)   Evacuate Collection Set: 114.71ms
[3622.133s][info][gc,phases      ] GC(856)   Post Evacuate Collection Set: 0.91ms
[3622.133s][info][gc,phases      ] GC(856)   Other: 0.10ms
[3622.133s][info][gc,heap        ] GC(856) Eden regions: 1114->0(1114)
[3622.133s][info][gc,heap        ] GC(856) Survivor regions: 114->108(154)
[3622.133s][info][gc,heap        ] GC(856) Old regions: 504->535
[3622.133s][info][gc,heap        ] GC(856) Humongous regions: 80->80
[3622.133s][info][gc,metaspace   ] GC(856) Metaspace: 28954K(29376K)->28954K(29376K) NonClass: 24083K(24256K)->24083K(24256K) Class: 4870K(5120K)->4870K(5120K)
[3622.133s][info][gc             ] GC(856) Pause Young (Prepare Mixed) (G1 Evacuation Pause) 3621M->1445M(4096M) 116.660ms
[3622.133s][info][gc,cpu         ] GC(856) User=0.69s Sys=0.00s Real=0.12s
...[3625.007s][info][gc,start       ] GC(857) Pause Young (Mixed) (G1 Evacuation Pause)
[3625.007s][info][gc,task        ] GC(857) Using 6 workers of 6 for evacuation
[3625.143s][info][gc,phases      ] GC(857)   Pre Evacuate Collection Set: 0.34ms
[3625.143s][info][gc,phases      ] GC(857)   Merge Heap Roots: 0.65ms
[3625.143s][info][gc,phases      ] GC(857)   Evacuate Collection Set: 134.29ms
[3625.143s][info][gc,phases      ] GC(857)   Post Evacuate Collection Set: 0.94ms
[3625.143s][info][gc,phases      ] GC(857)   Other: 0.09ms
[3625.143s][info][gc,heap        ] GC(857) Eden regions: 1114->0(1115)
[3625.143s][info][gc,heap        ] GC(857) Survivor regions: 108->113(153)
[3625.143s][info][gc,heap        ] GC(857) Old regions: 535->472
[3625.143s][info][gc,heap        ] GC(857) Humongous regions: 80->80
[3625.143s][info][gc,metaspace   ] GC(857) Metaspace: 28954K(29376K)->28954K(29376K) NonClass: 24083K(24256K)->24083K(24256K) Class: 4870K(5120K)->4870K(5120K)
[3625.143s][info][gc             ] GC(857) Pause Young (Mixed) (G1 Evacuation Pause) 3673M->1328M(4096M) 136.436ms
[3625.143s][info][gc,cpu         ] GC(857) User=0.81s Sys=0.00s Real=0.13s
...[3627.947s][info][gc,start       ] GC(858) Pause Young (Concurrent Start) (G1 Evacuation Pause)
[3627.947s][info][gc,task        ] GC(858) Using 6 workers of 6 for evacuation
[3628.063s][info][gc,phases      ] GC(858)   Pre Evacuate Collection Set: 0.36ms
[3628.063s][info][gc,phases      ] GC(858)   Merge Heap Roots: 0.46ms
[3628.063s][info][gc,phases      ] GC(858)   Evacuate Collection Set: 114.19ms
[3628.063s][info][gc,phases      ] GC(858)   Post Evacuate Collection Set: 0.87ms
[3628.063s][info][gc,phases      ] GC(858)   Other: 0.13ms
[3628.063s][info][gc,heap        ] GC(858) Eden regions: 1115->0(1119)
[3628.063s][info][gc,heap        ] GC(858) Survivor regions: 113->109(154)
[3628.063s][info][gc,heap        ] GC(858) Old regions: 472->504
[3628.063s][info][gc,heap        ] GC(858) Humongous regions: 80->80
[3628.063s][info][gc,metaspace   ] GC(858) Metaspace: 28954K(29376K)->28954K(29376K) NonClass: 24083K(24256K)->24083K(24256K) Class: 4870K(5120K)->4870K(5120K)
[3628.063s][info][gc             ] GC(858) Pause Young (Concurrent Start) (G1 Evacuation Pause) 3558M->1384M(4096M) 116.154ms
[3628.063s][info][gc             ] GC(859) Concurrent Mark Cycle
[3628.063s][info][gc,marking     ] GC(859) Concurrent Scan Root Regions
[3628.064s][info][gc,cpu         ] GC(858) User=0.69s Sys=0.00s Real=0.12s
[3628.243s][info][gc,marking     ] GC(859) Concurrent Scan Root Regions 179.630ms
[3628.243s][info][gc,marking     ] GC(859) Concurrent Mark
[3628.243s][info][gc,marking     ] GC(859) Concurrent Mark From Roots
[3628.243s][info][gc,task        ] GC(859) Using 2 workers of 2 for marking
. (rIR:aIR:PR = 6365:6364:6364) (tPR = 94610) [OK] 
  3628s: Performance info:
         Transaction,    Success,    Partial,     Failed,   Receipts, AvgBarcode, 
             Overall,     383026,          0,          0,     363890,      59.47, 
         Response times:
             Request,    Success,    Partial,     Failed,   SkipFail,     Probes,    Samples,      min,      p50,      p90,      p95,      p99,      max, 
       TotalPurchase,     363890,          0,          0,          0,     357518,     383246,      300,     5200,    21000,    43000,    98000,   213000,
     InStorePurchase,     191523,          0,          0,          0,     188277,     201593,      300,     5100,    21000,    43000,    98000,   213000,
      OnlinePurchase,     134084,          0,          0,          0,     132008,     141469,      300,     5500,    22000,    45000,   100000,   212000,
        InstPurchase,      38283,          0,          0,          0,      37233,      40184,      400,     4700,    18800,    42000,    97000,   213000,
          AssocOfCat,        384,          0,          0,          0,        297,        376,    24000,    40000,   102900,   129300,   168000,   221000,
      AssocOfProduct,       3841,          0,          0,          0,       3607,       4066,      800,     5500,    22000,    43000,    98330,   157000,
      BusinessReport,        950,          0,          0,          0,        807,        995,    28000,    41000,    88000,   114600,   182120,   254000,
          CustBuyBeh,       3830,          0,          0,          0,       3550,       3964,      700,     5100,    24000,    43750,    98000,   162000,
       ProductReturn,      10131,          0,          0,          0,       9697,      10658,      300,     4700,    21000,    43000,    97410,   215000,

  3628s: (47%)   IR =   6503 [3629.062s][info][gc,marking     ] GC(859) Concurrent Mark From Roots 819.109ms
[3629.062s][info][gc,marking     ] GC(859) Concurrent Preclean
[3629.062s][info][gc,marking     ] GC(859) Concurrent Preclean 0.122ms
[3629.063s][info][gc,start       ] GC(859) Pause Remark
[3629.068s][info][gc             ] GC(859) Pause Remark 2167M->2167M(4096M) 5.409ms
[3629.068s][info][gc,cpu         ] GC(859) User=0.03s Sys=0.00s Real=0.01s
[3629.068s][info][gc,marking     ] GC(859) Concurrent Mark 824.878ms
[3629.068s][info][gc,marking     ] GC(859) Concurrent Rebuild Remembered Sets and Scrub Regions
[3629.367s][info][gc,marking     ] GC(859) Concurrent Rebuild Remembered Sets and Scrub Regions 298.650ms
[3629.367s][info][gc,start       ] GC(859) Pause Cleanup
[3629.367s][info][gc             ] GC(859) Pause Cleanup 2409M->2409M(4096M) 0.112ms
[3629.367s][info][gc,cpu         ] GC(859) User=0.00s Sys=0.00s Real=0.00s
[3629.367s][info][gc,marking     ] GC(859) Concurrent Clear Claimed Marks
[3629.367s][info][gc,marking     ] GC(859) Concurrent Clear Claimed Marks 0.028ms
[3629.367s][info][gc,marking     ] GC(859) Concurrent Cleanup for Next Mark
[3629.371s][info][gc,marking     ] GC(859) Concurrent Cleanup for Next Mark 3.917ms
[3629.371s][info][gc             ] GC(859) Concurrent Mark Cycle 1307.551ms
..[3630.941s][info][gc,start       ] GC(860) Pause Young (Prepare Mixed) (G1 Evacuation Pause)
[3630.942s][info][gc,task        ] GC(860) Using 6 workers of 6 for evacuation
[3631.060s][info][gc,phases      ] GC(860)   Pre Evacuate Collection Set: 0.32ms
[3631.060s][info][gc,phases      ] GC(860)   Merge Heap Roots: 0.49ms
[3631.060s][info][gc,phases      ] GC(860)   Evacuate Collection Set: 116.12ms
[3631.060s][info][gc,phases      ] GC(860)   Post Evacuate Collection Set: 1.00ms
[3631.060s][info][gc,phases      ] GC(860)   Other: 0.10ms
[3631.060s][info][gc,heap        ] GC(860) Eden regions: 1119->0(1109)
[3631.060s][info][gc,heap        ] GC(860) Survivor regions: 109->110(154)
[3631.060s][info][gc,heap        ] GC(860) Old regions: 504->536
[3631.060s][info][gc,heap        ] GC(860) Humongous regions: 80->80
[3631.060s][info][gc,metaspace   ] GC(860) Metaspace: 28955K(29376K)->28955K(29376K) NonClass: 24084K(24256K)->24084K(24256K) Class: 4870K(5120K)->4870K(5120K)
[3631.060s][info][gc             ] GC(860) Pause Young (Prepare Mixed) (G1 Evacuation Pause) 3622M->1450M(4096M) 118.168ms
[3631.060s][info][gc,cpu         ] GC(860) User=0.70s Sys=0.00s Real=0.12s
..|.[3633.801s][info][gc,start       ] GC(861) Pause Young (Mixed) (G1 Evacuation Pause)
[3633.801s][info][gc,task        ] GC(861) Using 6 workers of 6 for evacuation
[3633.933s][info][gc,phases      ] GC(861)   Pre Evacuate Collection Set: 0.34ms
[3633.933s][info][gc,phases      ] GC(861)   Merge Heap Roots: 0.62ms
[3633.933s][info][gc,phases      ] GC(861)   Evacuate Collection Set: 129.90ms
[3633.933s][info][gc,phases      ] GC(861)   Post Evacuate Collection Set: 0.91ms
[3633.933s][info][gc,phases      ] GC(861)   Other: 0.08ms
[3633.933s][info][gc,heap        ] GC(861) Eden regions: 1109->0(1118)
[3633.933s][info][gc,heap        ] GC(861) Survivor regions: 110->110(153)
[3633.933s][info][gc,heap        ] GC(861) Old regions: 536->473
[3633.933s][info][gc,heap        ] GC(861) Humongous regions: 80->80
[3633.933s][info][gc,metaspace   ] GC(861) Metaspace: 28955K(29376K)->28955K(29376K) NonClass: 24084K(24256K)->24084K(24256K) Class: 4870K(5120K)->4870K(5120K)
[3633.933s][info][gc             ] GC(861) Pause Young (Mixed) (G1 Evacuation Pause) 3668M->1324M(4096M) 131.981ms
[3633.933s][info][gc,cpu         ] GC(861) User=0.79s Sys=0.00s Real=0.14s
..[3636.713s][info][gc,start       ] GC(862) Pause Young (Concurrent Start) (G1 Evacuation Pause)
[3636.713s][info][gc,task        ] GC(862) Using 6 workers of 6 for evacuation
[3636.828s][info][gc,phases      ] GC(862)   Pre Evacuate Collection Set: 0.38ms
[3636.828s][info][gc,phases      ] GC(862)   Merge Heap Roots: 0.46ms
[3636.828s][info][gc,phases      ] GC(862)   Evacuate Collection Set: 113.56ms
[3636.828s][info][gc,phases      ] GC(862)   Post Evacuate Collection Set: 0.87ms
[3636.828s][info][gc,phases      ] GC(862)   Other: 0.11ms
[3636.828s][info][gc,heap        ] GC(862) Eden regions: 1118->0(1121)
[3636.828s][info][gc,heap        ] GC(862) Survivor regions: 110->107(154)
[3636.828s][info][gc,heap        ] GC(862) Old regions: 473->506
[3636.828s][info][gc,heap        ] GC(862) Humongous regions: 80->80
[3636.828s][info][gc,metaspace   ] GC(862) Metaspace: 28955K(29376K)->28955K(29376K) NonClass: 24084K(24256K)->24084K(24256K) Class: 4870K(5120K)->4870K(5120K)
[3636.828s][info][gc             ] GC(862) Pause Young (Concurrent Start) (G1 Evacuation Pause) 3560M->1384M(4096M) 115.513ms
[3636.828s][info][gc             ] GC(863) Concurrent Mark Cycle
[3636.828s][info][gc,marking     ] GC(863) Concurrent Scan Root Regions
[3636.828s][info][gc,cpu         ] GC(862) User=0.69s Sys=0.00s Real=0.12s
.[3637.012s][info][gc,marking     ] GC(863) Concurrent Scan Root Regions 183.878ms
[3637.012s][info][gc,marking     ] GC(863) Concurrent Mark
[3637.012s][info][gc,marking     ] GC(863) Concurrent Mark From Roots
[3637.012s][info][gc,task        ] GC(863) Using 2 workers of 2 for marking
.[3637.932s][info][gc,marking     ] GC(863) Concurrent Mark From Roots 919.831ms
[3637.932s][info][gc,marking     ] GC(863) Concurrent Preclean
[3637.932s][info][gc,marking     ] GC(863) Concurrent Preclean 0.131ms
[3637.932s][info][gc,start       ] GC(863) Pause Remark
[3637.939s][info][gc             ] GC(863) Pause Remark 2317M->2317M(4096M) 6.391ms
[3637.939s][info][gc,cpu         ] GC(863) User=0.03s Sys=0.00s Real=0.01s
[3637.939s][info][gc,marking     ] GC(863) Concurrent Mark 926.638ms
[3637.939s][info][gc,marking     ] GC(863) Concurrent Rebuild Remembered Sets and Scrub Regions
[3638.186s][info][gc,marking     ] GC(863) Concurrent Rebuild Remembered Sets and Scrub Regions 247.156ms
[3638.186s][info][gc,start       ] GC(863) Pause Cleanup
[3638.186s][info][gc             ] GC(863) Pause Cleanup 2515M->2515M(4096M) 0.113ms
[3638.186s][info][gc,cpu         ] GC(863) User=0.00s Sys=0.00s Real=0.00s
[3638.187s][info][gc,marking     ] GC(863) Concurrent Clear Claimed Marks
[3638.187s][info][gc,marking     ] GC(863) Concurrent Clear Claimed Marks 0.038ms
[3638.187s][info][gc,marking     ] GC(863) Concurrent Cleanup for Next Mark
[3638.192s][info][gc,marking     ] GC(863) Concurrent Cleanup for Next Mark 5.364ms
[3638.193s][info][gc             ] GC(863) Concurrent Mark Cycle 1364.270ms
.[3639.587s][info][gc,start       ] GC(864) Pause Young (Prepare Mixed) (G1 Evacuation Pause)
[3639.587s][info][gc,task        ] GC(864) Using 6 workers of 6 for evacuation
[3639.704s][info][gc,phases      ] GC(864)   Pre Evacuate Collection Set: 0.36ms
[3639.704s][info][gc,phases      ] GC(864)   Merge Heap Roots: 0.53ms
[3639.704s][info][gc,phases      ] GC(864)   Evacuate Collection Set: 114.41ms
[3639.704s][info][gc,phases      ] GC(864)   Post Evacuate Collection Set: 0.92ms
[3639.704s][info][gc,phases      ] GC(864)   Other: 0.09ms
[3639.704s][info][gc,heap        ] GC(864) Eden regions: 1121->0(1108)
[3639.704s][info][gc,heap        ] GC(864) Survivor regions: 107->110(154)
[3639.704s][info][gc,heap        ] GC(864) Old regions: 506->537
[3639.704s][info][gc,heap        ] GC(864) Humongous regions: 80->80
[3639.704s][info][gc,metaspace   ] GC(864) Metaspace: 28955K(29376K)->28955K(29376K) NonClass: 24084K(24256K)->24084K(24256K) Class: 4870K(5120K)->4870K(5120K)
[3639.704s][info][gc             ] GC(864) Pause Young (Prepare Mixed) (G1 Evacuation Pause) 3626M->1453M(4096M) 116.449ms
[3639.704s][info][gc,cpu         ] GC(864) User=0.69s Sys=0.00s Real=0.12s
...[3642.458s][info][gc,start       ] GC(865) Pause Young (Mixed) (G1 Evacuation Pause)
[3642.458s][info][gc,task        ] GC(865) Using 6 workers of 6 for evacuation
[3642.593s][info][gc,phases      ] GC(865)   Pre Evacuate Collection Set: 0.34ms
[3642.593s][info][gc,phases      ] GC(865)   Merge Heap Roots: 0.72ms
[3642.593s][info][gc,phases      ] GC(865)   Evacuate Collection Set: 132.42ms
[3642.593s][info][gc,phases      ] GC(865)   Post Evacuate Collection Set: 0.91ms
[3642.593s][info][gc,phases      ] GC(865)   Other: 0.09ms
[3642.593s][info][gc,heap        ] GC(865) Eden regions: 1108->0(1117)
[3642.593s][info][gc,heap        ] GC(865) Survivor regions: 110->111(153)
[3642.593s][info][gc,heap        ] GC(865) Old regions: 537->473
[3642.593s][info][gc,heap        ] GC(865) Humongous regions: 80->80
[3642.593s][info][gc,metaspace   ] GC(865) Metaspace: 28955K(29376K)->28955K(29376K) NonClass: 24084K(24256K)->24084K(24256K) Class: 4870K(5120K)->4870K(5120K)
[3642.593s][info][gc             ] GC(865) Pause Young (Mixed) (G1 Evacuation Pause) 3669M->1325M(4096M) 134.614ms
[3642.593s][info][gc,cpu         ] GC(865) User=0.80s Sys=0.00s Real=0.13s
...[3645.323s][info][gc,start       ] GC(866) Pause Young (Concurrent Start) (G1 Evacuation Pause)
[3645.323s][info][gc,task        ] GC(866) Using 6 workers of 6 for evacuation
[3645.438s][info][gc,phases      ] GC(866)   Pre Evacuate Collection Set: 0.43ms
[3645.438s][info][gc,phases      ] GC(866)   Merge Heap Roots: 0.50ms
[3645.438s][info][gc,phases      ] GC(866)   Evacuate Collection Set: 113.31ms
[3645.438s][info][gc,phases      ] GC(866)   Post Evacuate Collection Set: 0.87ms
[3645.438s][info][gc,phases      ] GC(866)   Other: 0.14ms
[3645.438s][info][gc,heap        ] GC(866) Eden regions: 1117->0(1119)
[3645.438s][info][gc,heap        ] GC(866) Survivor regions: 111->109(154)
[3645.438s][info][gc,heap        ] GC(866) Old regions: 473->505
[3645.438s][info][gc,heap        ] GC(866) Humongous regions: 80->80
[3645.438s][info][gc,metaspace   ] GC(866) Metaspace: 28955K(29376K)->28955K(29376K) NonClass: 24084K(24256K)->24084K(24256K) Class: 4870K(5120K)->4870K(5120K)
[3645.438s][info][gc             ] GC(866) Pause Young (Concurrent Start) (G1 Evacuation Pause) 3559M->1386M(4096M) 115.383ms
[3645.438s][info][gc             ] GC(867) Concurrent Mark Cycle
[3645.438s][info][gc,marking     ] GC(867) Concurrent Scan Root Regions
[3645.438s][info][gc,cpu         ] GC(866) User=0.69s Sys=0.00s Real=0.12s
[3645.623s][info][gc,marking     ] GC(867) Concurrent Scan Root Regions 185.183ms
[3645.623s][info][gc,marking     ] GC(867) Concurrent Mark
[3645.623s][info][gc,marking     ] GC(867) Concurrent Mark From Roots
[3645.623s][info][gc,task        ] GC(867) Using 2 workers of 2 for marking
.[3646.583s][info][gc,marking     ] GC(867) Concurrent Mark From Roots 959.806ms
[3646.583s][info][gc,marking     ] GC(867) Concurrent Preclean
[3646.584s][info][gc,marking     ] GC(867) Concurrent Preclean 0.162ms
[3646.584s][info][gc,start       ] GC(867) Pause Remark
[3646.589s][info][gc             ] GC(867) Pause Remark 2308M->2308M(4096M) 5.478ms
[3646.589s][info][gc,cpu         ] GC(867) User=0.03s Sys=0.00s Real=0.00s
[3646.590s][info][gc,marking     ] GC(867) Concurrent Mark 966.483ms
[3646.590s][info][gc,marking     ] GC(867) Concurrent Rebuild Remembered Sets and Scrub Regions
.[3646.935s][info][gc,marking     ] GC(867) Concurrent Rebuild Remembered Sets and Scrub Regions 344.719ms
[3646.935s][info][gc,start       ] GC(867) Pause Cleanup
[3646.935s][info][gc             ] GC(867) Pause Cleanup 2608M->2608M(4096M) 0.107ms
[3646.935s][info][gc,cpu         ] GC(867) User=0.00s Sys=0.00s Real=0.00s
[3646.938s][info][gc,marking     ] GC(867) Concurrent Clear Claimed Marks
[3646.938s][info][gc,marking     ] GC(867) Concurrent Clear Claimed Marks 0.057ms
[3646.938s][info][gc,marking     ] GC(867) Concurrent Cleanup for Next Mark
[3646.943s][info][gc,marking     ] GC(867) Concurrent Cleanup for Next Mark 5.388ms
[3646.943s][info][gc             ] GC(867) Concurrent Mark Cycle 1504.941ms
.[3648.188s][info][gc,start       ] GC(868) Pause Young (Prepare Mixed) (G1 Evacuation Pause)
[3648.188s][info][gc,task        ] GC(868) Using 6 workers of 6 for evacuation
[3648.303s][info][gc,phases      ] GC(868)   Pre Evacuate Collection Set: 0.32ms
[3648.303s][info][gc,phases      ] GC(868)   Merge Heap Roots: 0.54ms
[3648.303s][info][gc,phases      ] GC(868)   Evacuate Collection Set: 113.07ms
[3648.303s][info][gc,phases      ] GC(868)   Post Evacuate Collection Set: 0.87ms
[3648.303s][info][gc,phases      ] GC(868)   Other: 0.08ms
[3648.303s][info][gc,heap        ] GC(868) Eden regions: 1119->0(1112)
[3648.303s][info][gc,heap        ] GC(868) Survivor regions: 109->108(154)
[3648.303s][info][gc,heap        ] GC(868) Old regions: 505->537
[3648.303s][info][gc,heap        ] GC(868) Humongous regions: 80->80
[3648.303s][info][gc,metaspace   ] GC(868) Metaspace: 28955K(29376K)->28955K(29376K) NonClass: 24084K(24256K)->24084K(24256K) Class: 4870K(5120K)->4870K(5120K)
[3648.303s][info][gc             ] GC(868) Pause Young (Prepare Mixed) (G1 Evacuation Pause) 3624M->1448M(4096M) 115.024ms
[3648.303s][info][gc,cpu         ] GC(868) User=0.69s Sys=0.00s Real=0.11s
...[3651.134s][info][gc,start       ] GC(869) Pause Young (Mixed) (G1 Evacuation Pause)
[3651.134s][info][gc,task        ] GC(869) Using 6 workers of 6 for evacuation
[3651.265s][info][gc,phases      ] GC(869)   Pre Evacuate Collection Set: 0.34ms
[3651.265s][info][gc,phases      ] GC(869)   Merge Heap Roots: 0.65ms
[3651.265s][info][gc,phases      ] GC(869)   Evacuate Collection Set: 129.33ms
[3651.265s][info][gc,phases      ] GC(869)   Post Evacuate Collection Set: 0.93ms
[3651.265s][info][gc,phases      ] GC(869)   Other: 0.09ms
[3651.265s][info][gc,heap        ] GC(869) Eden regions: 1112->0(1117)
[3651.265s][info][gc,heap        ] GC(869) Survivor regions: 108->111(153)
[3651.265s][info][gc,heap        ] GC(869) Old regions: 537->474
[3651.265s][info][gc,heap        ] GC(869) Humongous regions: 80->80
[3651.265s][info][gc,metaspace   ] GC(869) Metaspace: 28955K(29376K)->28955K(29376K) NonClass: 24084K(24256K)->24084K(24256K) Class: 4870K(5120K)->4870K(5120K)
[3651.265s][info][gc             ] GC(869) Pause Young (Mixed) (G1 Evacuation Pause) 3672M->1327M(4096M) 131.485ms
[3651.265s][info][gc,cpu         ] GC(869) User=0.78s Sys=0.00s Real=0.13s
...[3654.004s][info][gc,start       ] GC(870) Pause Young (Concurrent Start) (G1 Evacuation Pause)
[3654.004s][info][gc,task        ] GC(870) Using 6 workers of 6 for evacuation
[3654.123s][info][gc,phases      ] GC(870)   Pre Evacuate Collection Set: 0.39ms
[3654.123s][info][gc,phases      ] GC(870)   Merge Heap Roots: 0.47ms
[3654.123s][info][gc,phases      ] GC(870)   Evacuate Collection Set: 117.70ms
[3654.123s][info][gc,phases      ] GC(870)   Post Evacuate Collection Set: 0.90ms
[3654.123s][info][gc,phases      ] GC(870)   Other: 0.10ms
[3654.123s][info][gc,heap        ] GC(870) Eden regions: 1117->0(1117)
[3654.123s][info][gc,heap        ] GC(870) Survivor regions: 111->111(154)
[3654.123s][info][gc,heap        ] GC(870) Old regions: 474->505
[3654.123s][info][gc,heap        ] GC(870) Humongous regions: 80->80
[3654.123s][info][gc,metaspace   ] GC(870) Metaspace: 28955K(29376K)->28955K(29376K) NonClass: 24084K(24256K)->24084K(24256K) Class: 4870K(5120K)->4870K(5120K)
[3654.123s][info][gc             ] GC(870) Pause Young (Concurrent Start) (G1 Evacuation Pause) 3561M->1391M(4096M) 119.697ms
[3654.124s][info][gc             ] GC(871) Concurrent Mark Cycle
[3654.124s][info][gc,marking     ] GC(871) Concurrent Scan Root Regions
[3654.124s][info][gc,cpu         ] GC(870) User=0.71s Sys=0.00s Real=0.12s
[3654.310s][info][gc,marking     ] GC(871) Concurrent Scan Root Regions 186.227ms
[3654.310s][info][gc,marking     ] GC(871) Concurrent Mark
[3654.310s][info][gc,marking     ] GC(871) Concurrent Mark From Roots
[3654.310s][info][gc,task        ] GC(871) Using 2 workers of 2 for marking
.[3655.213s][info][gc,marking     ] GC(871) Concurrent Mark From Roots 903.595ms
[3655.213s][info][gc,marking     ] GC(871) Concurrent Preclean
[3655.214s][info][gc,marking     ] GC(871) Concurrent Preclean 0.149ms
[3655.215s][info][gc,start       ] GC(871) Pause Remark
[3655.220s][info][gc             ] GC(871) Pause Remark 2339M->2339M(4096M) 5.233ms
[3655.220s][info][gc,cpu         ] GC(871) User=0.03s Sys=0.00s Real=0.00s
[3655.220s][info][gc,marking     ] GC(871) Concurrent Mark 910.252ms
[3655.220s][info][gc,marking     ] GC(871) Concurrent Rebuild Remembered Sets and Scrub Regions
[3655.523s][info][gc,marking     ] GC(871) Concurrent Rebuild Remembered Sets and Scrub Regions 302.633ms
[3655.523s][info][gc,start       ] GC(871) Pause Cleanup
[3655.523s][info][gc             ] GC(871) Pause Cleanup 2587M->2587M(4096M) 0.104ms
[3655.523s][info][gc,cpu         ] GC(871) User=0.00s Sys=0.00s Real=0.00s
[3655.523s][info][gc,marking     ] GC(871) Concurrent Clear Claimed Marks
[3655.523s][info][gc,marking     ] GC(871) Concurrent Clear Claimed Marks 0.024ms
[3655.523s][info][gc,marking     ] GC(871) Concurrent Cleanup for Next Mark
[3655.527s][info][gc,marking     ] GC(871) Concurrent Cleanup for Next Mark 4.163ms
[3655.527s][info][gc             ] GC(871) Concurrent Mark Cycle 1403.728ms
.[3656.879s][info][gc,start       ] GC(872) Pause Young (Prepare Mixed) (G1 Evacuation Pause)
[3656.880s][info][gc,task        ] GC(872) Using 6 workers of 6 for evacuation
[3656.998s][info][gc,phases      ] GC(872)   Pre Evacuate Collection Set: 0.34ms
[3656.998s][info][gc,phases      ] GC(872)   Merge Heap Roots: 0.55ms
[3656.998s][info][gc,phases      ] GC(872)   Evacuate Collection Set: 116.21ms
[3656.998s][info][gc,phases      ] GC(872)   Post Evacuate Collection Set: 0.90ms
[3656.998s][info][gc,phases      ] GC(872)   Other: 0.09ms
[3656.998s][info][gc,heap        ] GC(872) Eden regions: 1117->0(1107)
[3656.998s][info][gc,heap        ] GC(872) Survivor regions: 111->110(154)
[3656.998s][info][gc,heap        ] GC(872) Old regions: 505->538
[3656.998s][info][gc,heap        ] GC(872) Humongous regions: 80->80
[3656.998s][info][gc,metaspace   ] GC(872) Metaspace: 28955K(29376K)->28955K(29376K) NonClass: 24084K(24256K)->24084K(24256K) Class: 4870K(5120K)->4870K(5120K)
[3656.998s][info][gc             ] GC(872) Pause Young (Prepare Mixed) (G1 Evacuation Pause) 3625M->1454M(4096M) 118.230ms
[3656.998s][info][gc,cpu         ] GC(872) User=0.70s Sys=0.00s Real=0.12s
...[3659.827s][info][gc,start       ] GC(873) Pause Young (Mixed) (G1 Evacuation Pause)
[3659.827s][info][gc,task        ] GC(873) Using 6 workers of 6 for evacuation
[3659.955s][info][gc,phases      ] GC(873)   Pre Evacuate Collection Set: 0.37ms
[3659.955s][info][gc,phases      ] GC(873)   Merge Heap Roots: 0.61ms
[3659.955s][info][gc,phases      ] GC(873)   Evacuate Collection Set: 125.73ms
[3659.955s][info][gc,phases      ] GC(873)   Post Evacuate Collection Set: 0.93ms
[3659.955s][info][gc,phases      ] GC(873)   Other: 0.09ms
[3659.955s][info][gc,heap        ] GC(873) Eden regions: 1107->0(1120)
[3659.955s][info][gc,heap        ] GC(873) Survivor regions: 110->108(153)
[3659.955s][info][gc,heap        ] GC(873) Old regions: 538->472
[3659.955s][info][gc,heap        ] GC(873) Humongous regions: 80->80
[3659.955s][info][gc,metaspace   ] GC(873) Metaspace: 28955K(29376K)->28955K(29376K) NonClass: 24084K(24256K)->24084K(24256K) Class: 4870K(5120K)->4870K(5120K)
[3659.955s][info][gc             ] GC(873) Pause Young (Mixed) (G1 Evacuation Pause) 3668M->1319M(4096M) 127.869ms
[3659.955s][info][gc,cpu         ] GC(873) User=0.76s Sys=0.00s Real=0.13s
...[3662.675s][info][gc,start       ] GC(874) Pause Young (Concurrent Start) (G1 Evacuation Pause)
[3662.675s][info][gc,task        ] GC(874) Using 6 workers of 6 for evacuation
[3662.793s][info][gc,phases      ] GC(874)   Pre Evacuate Collection Set: 0.40ms
[3662.793s][info][gc,phases      ] GC(874)   Merge Heap Roots: 0.47ms
[3662.793s][info][gc,phases      ] GC(874)   Evacuate Collection Set: 116.37ms
[3662.793s][info][gc,phases      ] GC(874)   Post Evacuate Collection Set: 0.84ms
[3662.793s][info][gc,phases      ] GC(874)   Other: 0.11ms
[3662.793s][info][gc,heap        ] GC(874) Eden regions: 1120->0(1118)
[3662.793s][info][gc,heap        ] GC(874) Survivor regions: 108->110(154)
[3662.793s][info][gc,heap        ] GC(874) Old regions: 472->504
[3662.793s][info][gc,heap        ] GC(874) Humongous regions: 80->80
[3662.793s][info][gc,metaspace   ] GC(874) Metaspace: 28955K(29376K)->28955K(29376K) NonClass: 24084K(24256K)->24084K(24256K) Class: 4870K(5120K)->4870K(5120K)
[3662.793s][info][gc             ] GC(874) Pause Young (Concurrent Start) (G1 Evacuation Pause) 3559M->1387M(4096M) 118.311ms
[3662.793s][info][gc             ] GC(875) Concurrent Mark Cycle
[3662.793s][info][gc,marking     ] GC(875) Concurrent Scan Root Regions
[3662.793s][info][gc,cpu         ] GC(874) User=0.70s Sys=0.00s Real=0.12s
[3662.981s][info][gc,marking     ] GC(875) Concurrent Scan Root Regions 187.452ms
[3662.981s][info][gc,marking     ] GC(875) Concurrent Mark
[3662.981s][info][gc,marking     ] GC(875) Concurrent Mark From Roots
[3662.981s][info][gc,task        ] GC(875) Using 2 workers of 2 for marking
.[3663.944s][info][gc,marking     ] GC(875) Concurrent Mark From Roots 962.931ms
[3663.944s][info][gc,marking     ] GC(875) Concurrent Preclean
[3663.944s][info][gc,marking     ] GC(875) Concurrent Preclean 0.172ms
[3663.946s][info][gc,start       ] GC(875) Pause Remark
[3663.952s][info][gc             ] GC(875) Pause Remark 2381M->2381M(4096M) 6.051ms
[3663.952s][info][gc,cpu         ] GC(875) User=0.03s Sys=0.00s Real=0.00s
[3663.952s][info][gc,marking     ] GC(875) Concurrent Mark 971.048ms
[3663.952s][info][gc,marking     ] GC(875) Concurrent Rebuild Remembered Sets and Scrub Regions
.[3664.231s][info][gc,marking     ] GC(875) Concurrent Rebuild Remembered Sets and Scrub Regions 279.216ms
[3664.231s][info][gc,start       ] GC(875) Pause Cleanup
[3664.231s][info][gc             ] GC(875) Pause Cleanup 2591M->2591M(4096M) 0.118ms
[3664.231s][info][gc,cpu         ] GC(875) User=0.00s Sys=0.00s Real=0.00s
[3664.231s][info][gc,marking     ] GC(875) Concurrent Clear Claimed Marks
[3664.232s][info][gc,marking     ] GC(875) Concurrent Clear Claimed Marks 0.026ms
[3664.232s][info][gc,marking     ] GC(875) Concurrent Cleanup for Next Mark
[3664.235s][info][gc,marking     ] GC(875) Concurrent Cleanup for Next Mark 3.697ms
[3664.235s][info][gc             ] GC(875) Concurrent Mark Cycle 1441.924ms
.[3665.503s][info][gc,start       ] GC(876) Pause Young (Prepare Mixed) (G1 Evacuation Pause)
[3665.503s][info][gc,task        ] GC(876) Using 6 workers of 6 for evacuation
[3665.620s][info][gc,phases      ] GC(876)   Pre Evacuate Collection Set: 0.39ms
[3665.620s][info][gc,phases      ] GC(876)   Merge Heap Roots: 0.54ms
[3665.620s][info][gc,phases      ] GC(876)   Evacuate Collection Set: 115.08ms
[3665.620s][info][gc,phases      ] GC(876)   Post Evacuate Collection Set: 0.91ms
[3665.620s][info][gc,phases      ] GC(876)   Other: 0.09ms
[3665.620s][info][gc,heap        ] GC(876) Eden regions: 1118->0(1110)
[3665.620s][info][gc,heap        ] GC(876) Survivor regions: 110->109(154)
[3665.620s][info][gc,heap        ] GC(876) Old regions: 504->537
[3665.620s][info][gc,heap        ] GC(876) Humongous regions: 80->80
[3665.620s][info][gc,metaspace   ] GC(876) Metaspace: 28955K(29376K)->28955K(29376K) NonClass: 24084K(24256K)->24084K(24256K) Class: 4870K(5120K)->4870K(5120K)
[3665.620s][info][gc             ] GC(876) Pause Young (Prepare Mixed) (G1 Evacuation Pause) 3623M->1451M(4096M) 117.143ms
[3665.620s][info][gc,cpu         ] GC(876) User=0.69s Sys=0.00s Real=0.12s
...[3668.384s][info][gc,start       ] GC(877) Pause Young (Mixed) (G1 Evacuation Pause)
[3668.384s][info][gc,task        ] GC(877) Using 6 workers of 6 for evacuation
[3668.520s][info][gc,phases      ] GC(877)   Pre Evacuate Collection Set: 0.36ms
[3668.520s][info][gc,phases      ] GC(877)   Merge Heap Roots: 0.77ms
[3668.520s][info][gc,phases      ] GC(877)   Evacuate Collection Set: 134.24ms
[3668.520s][info][gc,phases      ] GC(877)   Post Evacuate Collection Set: 0.96ms
[3668.520s][info][gc,phases      ] GC(877)   Other: 0.09ms
[3668.520s][info][gc,heap        ] GC(877) Eden regions: 1110->0(1115)
[3668.520s][info][gc,heap        ] GC(877) Survivor regions: 109->113(153)
[3668.520s][info][gc,heap        ] GC(877) Old regions: 537->474
[3668.520s][info][gc,heap        ] GC(877) Humongous regions: 80->80
[3668.520s][info][gc,metaspace   ] GC(877) Metaspace: 28955K(29376K)->28955K(29376K) NonClass: 24084K(24256K)->24084K(24256K) Class: 4870K(5120K)->4870K(5120K)
[3668.520s][info][gc             ] GC(877) Pause Young (Mixed) (G1 Evacuation Pause) 3671M->1333M(4096M) 136.540ms
[3668.520s][info][gc,cpu         ] GC(877) User=0.81s Sys=0.00s Real=0.13s
...[3671.314s][info][gc,start       ] GC(878) Pause Young (Concurrent Start) (G1 Evacuation Pause)
[3671.314s][info][gc,task        ] GC(878) Using 6 workers of 6 for evacuation
[3671.430s][info][gc,phases      ] GC(878)   Pre Evacuate Collection Set: 0.38ms
[3671.430s][info][gc,phases      ] GC(878)   Merge Heap Roots: 0.48ms
[3671.430s][info][gc,phases      ] GC(878)   Evacuate Collection Set: 114.70ms
[3671.430s][info][gc,phases      ] GC(878)   Post Evacuate Collection Set: 0.86ms
[3671.430s][info][gc,phases      ] GC(878)   Other: 0.10ms
[3671.430s][info][gc,heap        ] GC(878) Eden regions: 1115->0(1119)
[3671.430s][info][gc,heap        ] GC(878) Survivor regions: 113->109(154)
[3671.430s][info][gc,heap        ] GC(878) Old regions: 474->506
[3671.430s][info][gc,heap        ] GC(878) Humongous regions: 80->80
[3671.430s][info][gc,metaspace   ] GC(878) Metaspace: 28955K(29376K)->28955K(29376K) NonClass: 24084K(24256K)->24084K(24256K) Class: 4870K(5120K)->4870K(5120K)
[3671.430s][info][gc             ] GC(878) Pause Young (Concurrent Start) (G1 Evacuation Pause) 3563M->1388M(4096M) 116.649ms
[3671.430s][info][gc             ] GC(879) Concurrent Mark Cycle
[3671.430s][info][gc,marking     ] GC(879) Concurrent Scan Root Regions
[3671.430s][info][gc,cpu         ] GC(878) User=0.69s Sys=0.00s Real=0.11s
[3671.611s][info][gc,marking     ] GC(879) Concurrent Scan Root Regions 180.509ms
[3671.611s][info][gc,marking     ] GC(879) Concurrent Mark
[3671.611s][info][gc,marking     ] GC(879) Concurrent Mark From Roots
[3671.611s][info][gc,task        ] GC(879) Using 2 workers of 2 for marking
.[3672.495s][info][gc,marking     ] GC(879) Concurrent Mark From Roots 883.917ms
[3672.495s][info][gc,marking     ] GC(879) Concurrent Preclean
[3672.495s][info][gc,marking     ] GC(879) Concurrent Preclean 0.145ms
[3672.496s][info][gc,start       ] GC(879) Pause Remark
[3672.502s][info][gc             ] GC(879) Pause Remark 2316M->2316M(4096M) 6.174ms
[3672.502s][info][gc,cpu         ] GC(879) User=0.03s Sys=0.00s Real=0.00s
[3672.503s][info][gc,marking     ] GC(879) Concurrent Mark 891.793ms
[3672.503s][info][gc,marking     ] GC(879) Concurrent Rebuild Remembered Sets and Scrub Regions
[3672.857s][info][gc,marking     ] GC(879) Concurrent Rebuild Remembered Sets and Scrub Regions 354.414ms
[3672.857s][info][gc,start       ] GC(879) Pause Cleanup
[3672.857s][info][gc             ] GC(879) Pause Cleanup 2600M->2600M(4096M) 0.106ms
[3672.857s][info][gc,cpu         ] GC(879) User=0.00s Sys=0.00s Real=0.00s
[3672.857s][info][gc,marking     ] GC(879) Concurrent Clear Claimed Marks
[3672.857s][info][gc,marking     ] GC(879) Concurrent Clear Claimed Marks 0.026ms
[3672.857s][info][gc,marking     ] GC(879) Concurrent Cleanup for Next Mark
[3672.862s][info][gc,marking     ] GC(879) Concurrent Cleanup for Next Mark 4.984ms
[3672.862s][info][gc             ] GC(879) Concurrent Mark Cycle 1432.175ms
..[3674.193s][info][gc,start       ] GC(880) Pause Young (Prepare Mixed) (G1 Evacuation Pause)
[3674.193s][info][gc,task        ] GC(880) Using 6 workers of 6 for evacuation
[3674.309s][info][gc,phases      ] GC(880)   Pre Evacuate Collection Set: 0.35ms
[3674.309s][info][gc,phases      ] GC(880)   Merge Heap Roots: 0.51ms
[3674.309s][info][gc,phases      ] GC(880)   Evacuate Collection Set: 114.58ms
[3674.310s][info][gc,phases      ] GC(880)   Post Evacuate Collection Set: 0.91ms
[3674.310s][info][gc,phases      ] GC(880)   Other: 0.08ms
[3674.310s][info][gc,heap        ] GC(880) Eden regions: 1119->0(1107)
[3674.310s][info][gc,heap        ] GC(880) Survivor regions: 109->110(154)
[3674.310s][info][gc,heap        ] GC(880) Old regions: 506->538
[3674.310s][info][gc,heap        ] GC(880) Humongous regions: 80->80
[3674.310s][info][gc,metaspace   ] GC(880) Metaspace: 28955K(29376K)->28955K(29376K) NonClass: 24084K(24256K)->24084K(24256K) Class: 4870K(5120K)->4870K(5120K)
[3674.310s][info][gc             ] GC(880) Pause Young (Prepare Mixed) (G1 Evacuation Pause) 3626M->1454M(4096M) 116.559ms
[3674.310s][info][gc,cpu         ] GC(880) User=0.69s Sys=0.00s Real=0.12s
..[3677.017s][info][gc,start       ] GC(881) Pause Young (Mixed) (G1 Evacuation Pause)
[3677.017s][info][gc,task        ] GC(881) Using 6 workers of 6 for evacuation
[3677.150s][info][gc,phases      ] GC(881)   Pre Evacuate Collection Set: 0.33ms
[3677.150s][info][gc,phases      ] GC(881)   Merge Heap Roots: 0.63ms
[3677.150s][info][gc,phases      ] GC(881)   Evacuate Collection Set: 131.78ms
[3677.150s][info][gc,phases      ] GC(881)   Post Evacuate Collection Set: 0.92ms
[3677.150s][info][gc,phases      ] GC(881)   Other: 0.09ms
[3677.150s][info][gc,heap        ] GC(881) Eden regions: 1107->0(1117)
[3677.150s][info][gc,heap        ] GC(881) Survivor regions: 110->111(153)
[3677.150s][info][gc,heap        ] GC(881) Old regions: 538->474
[3677.150s][info][gc,heap        ] GC(881) Humongous regions: 80->80
[3677.150s][info][gc,metaspace   ] GC(881) Metaspace: 28955K(29376K)->28955K(29376K) NonClass: 24084K(24256K)->24084K(24256K) Class: 4870K(5120K)->4870K(5120K)
[3677.150s][info][gc             ] GC(881) Pause Young (Mixed) (G1 Evacuation Pause) 3668M->1328M(4096M) 133.855ms
[3677.150s][info][gc,cpu         ] GC(881) User=0.79s Sys=0.00s Real=0.13s
...[3679.906s][info][gc,start       ] GC(882) Pause Young (Concurrent Start) (G1 Evacuation Pause)
[3679.906s][info][gc,task        ] GC(882) Using 6 workers of 6 for evacuation
[3680.026s][info][gc,phases      ] GC(882)   Pre Evacuate Collection Set: 0.35ms
[3680.026s][info][gc,phases      ] GC(882)   Merge Heap Roots: 0.46ms
[3680.026s][info][gc,phases      ] GC(882)   Evacuate Collection Set: 118.05ms
[3680.026s][info][gc,phases      ] GC(882)   Post Evacuate Collection Set: 0.91ms
[3680.026s][info][gc,phases      ] GC(882)   Other: 0.11ms
[3680.026s][info][gc,heap        ] GC(882) Eden regions: 1117->0(1118)
[3680.026s][info][gc,heap        ] GC(882) Survivor regions: 111->110(154)
[3680.026s][info][gc,heap        ] GC(882) Old regions: 474->505
[3680.026s][info][gc,heap        ] GC(882) Humongous regions: 80->80
[3680.026s][info][gc,metaspace   ] GC(882) Metaspace: 28955K(29376K)->28955K(29376K) NonClass: 24084K(24256K)->24084K(24256K) Class: 4870K(5120K)->4870K(5120K)
[3680.026s][info][gc             ] GC(882) Pause Young (Concurrent Start) (G1 Evacuation Pause) 3562M->1388M(4096M) 120.024ms
[3680.026s][info][gc             ] GC(883) Concurrent Mark Cycle
[3680.026s][info][gc,marking     ] GC(883) Concurrent Scan Root Regions
[3680.026s][info][gc,cpu         ] GC(882) User=0.72s Sys=0.00s Real=0.12s
.[3680.211s][info][gc,marking     ] GC(883) Concurrent Scan Root Regions 185.053ms
[3680.211s][info][gc,marking     ] GC(883) Concurrent Mark
[3680.211s][info][gc,marking     ] GC(883) Concurrent Mark From Roots
[3680.211s][info][gc,task        ] GC(883) Using 2 workers of 2 for marking
[3681.104s][info][gc,marking     ] GC(883) Concurrent Mark From Roots 892.980ms
[3681.104s][info][gc,marking     ] GC(883) Concurrent Preclean
[3681.104s][info][gc,marking     ] GC(883) Concurrent Preclean 0.129ms
[3681.106s][info][gc,start       ] GC(883) Pause Remark
[3681.112s][info][gc             ] GC(883) Pause Remark 2318M->2318M(4096M) 5.497ms
[3681.112s][info][gc,cpu         ] GC(883) User=0.03s Sys=0.00s Real=0.00s
[3681.112s][info][gc,marking     ] GC(883) Concurrent Mark 900.960ms
[3681.112s][info][gc,marking     ] GC(883) Concurrent Rebuild Remembered Sets and Scrub Regions
.[3681.360s][info][gc,marking     ] GC(883) Concurrent Rebuild Remembered Sets and Scrub Regions 247.846ms
[3681.362s][info][gc,start       ] GC(883) Pause Cleanup
[3681.362s][info][gc             ] GC(883) Pause Cleanup 2510M->2510M(4096M) 0.132ms
[3681.362s][info][gc,cpu         ] GC(883) User=0.00s Sys=0.00s Real=0.00s
[3681.362s][info][gc,marking     ] GC(883) Concurrent Clear Claimed Marks
[3681.362s][info][gc,marking     ] GC(883) Concurrent Clear Claimed Marks 0.024ms
[3681.362s][info][gc,marking     ] GC(883) Concurrent Cleanup for Next Mark
[3681.367s][info][gc,marking     ] GC(883) Concurrent Cleanup for Next Mark 4.761ms
[3681.367s][info][gc             ] GC(883) Concurrent Mark Cycle 1341.215ms
.[3682.826s][info][gc,start       ] GC(884) Pause Young (Prepare Mixed) (G1 Evacuation Pause)
[3682.826s][info][gc,task        ] GC(884) Using 6 workers of 6 for evacuation
[3682.941s][info][gc,phases      ] GC(884)   Pre Evacuate Collection Set: 0.35ms
[3682.941s][info][gc,phases      ] GC(884)   Merge Heap Roots: 0.50ms
[3682.941s][info][gc,phases      ] GC(884)   Evacuate Collection Set: 112.40ms
[3682.941s][info][gc,phases      ] GC(884)   Post Evacuate Collection Set: 0.93ms
[3682.941s][info][gc,phases      ] GC(884)   Other: 0.08ms
[3682.941s][info][gc,heap        ] GC(884) Eden regions: 1118->0(1112)
[3682.941s][info][gc,heap        ] GC(884) Survivor regions: 110->108(154)
[3682.941s][info][gc,heap        ] GC(884) Old regions: 505->537
[3682.941s][info][gc,heap        ] GC(884) Humongous regions: 80->80
[3682.941s][info][gc,metaspace   ] GC(884) Metaspace: 28955K(29376K)->28955K(29376K) NonClass: 24084K(24256K)->24084K(24256K) Class: 4870K(5120K)->4870K(5120K)
[3682.941s][info][gc             ] GC(884) Pause Young (Prepare Mixed) (G1 Evacuation Pause) 3624M->1448M(4096M) 114.387ms
[3682.941s][info][gc,cpu         ] GC(884) User=0.68s Sys=0.00s Real=0.11s
...[3685.650s][info][gc,start       ] GC(885) Pause Young (Mixed) (G1 Evacuation Pause)
[3685.650s][info][gc,task        ] GC(885) Using 6 workers of 6 for evacuation
[3685.787s][info][gc,phases      ] GC(885)   Pre Evacuate Collection Set: 0.36ms
[3685.787s][info][gc,phases      ] GC(885)   Merge Heap Roots: 0.66ms
[3685.787s][info][gc,phases      ] GC(885)   Evacuate Collection Set: 134.96ms
[3685.787s][info][gc,phases      ] GC(885)   Post Evacuate Collection Set: 0.94ms
[3685.787s][info][gc,phases      ] GC(885)   Other: 0.09ms
[3685.787s][info][gc,heap        ] GC(885) Eden regions: 1112->0(1115)
[3685.787s][info][gc,heap        ] GC(885) Survivor regions: 108->113(153)
[3685.787s][info][gc,heap        ] GC(885) Old regions: 537->472
[3685.787s][info][gc,heap        ] GC(885) Humongous regions: 80->80
[3685.787s][info][gc,metaspace   ] GC(885) Metaspace: 28955K(29376K)->28955K(29376K) NonClass: 24084K(24256K)->24084K(24256K) Class: 4870K(5120K)->4870K(5120K)
[3685.787s][info][gc             ] GC(885) Pause Young (Mixed) (G1 Evacuation Pause) 3672M->1328M(4096M) 137.146ms
[3685.787s][info][gc,cpu         ] GC(885) User=0.81s Sys=0.00s Real=0.14s
...[3688.562s][info][gc,start       ] GC(886) Pause Young (Concurrent Start) (G1 Evacuation Pause)
[3688.563s][info][gc,task        ] GC(886) Using 6 workers of 6 for evacuation
[3688.679s][info][gc,phases      ] GC(886)   Pre Evacuate Collection Set: 0.41ms
[3688.679s][info][gc,phases      ] GC(886)   Merge Heap Roots: 0.45ms
[3688.679s][info][gc,phases      ] GC(886)   Evacuate Collection Set: 114.85ms
[3688.679s][info][gc,phases      ] GC(886)   Post Evacuate Collection Set: 0.86ms
[3688.679s][info][gc,phases      ] GC(886)   Other: 0.12ms
[3688.679s][info][gc,heap        ] GC(886) Eden regions: 1115->0(1118)
[3688.679s][info][gc,heap        ] GC(886) Survivor regions: 113->110(154)
[3688.679s][info][gc,heap        ] GC(886) Old regions: 472->504
[3688.679s][info][gc,heap        ] GC(886) Humongous regions: 80->80
[3688.679s][info][gc,metaspace   ] GC(886) Metaspace: 28955K(29376K)->28955K(29376K) NonClass: 24084K(24256K)->24084K(24256K) Class: 4870K(5120K)->4870K(5120K)
[3688.679s][info][gc             ] GC(886) Pause Young (Concurrent Start) (G1 Evacuation Pause) 3558M->1386M(4096M) 116.831ms
[3688.679s][info][gc             ] GC(887) Concurrent Mark Cycle
[3688.679s][info][gc,marking     ] GC(887) Concurrent Scan Root Regions
[3688.679s][info][gc,cpu         ] GC(886) User=0.69s Sys=0.00s Real=0.12s
[3688.877s][info][gc,marking     ] GC(887) Concurrent Scan Root Regions 197.938ms
[3688.877s][info][gc,marking     ] GC(887) Concurrent Mark
[3688.877s][info][gc,marking     ] GC(887) Concurrent Mark From Roots
[3688.877s][info][gc,task        ] GC(887) Using 2 workers of 2 for marking
.[3689.574s][info][gc,marking     ] GC(887) Concurrent Mark From Roots 697.021ms
[3689.574s][info][gc,marking     ] GC(887) Concurrent Preclean
[3689.575s][info][gc,marking     ] GC(887) Concurrent Preclean 0.145ms
[3689.575s][info][gc,start       ] GC(887) Pause Remark
[3689.580s][info][gc             ] GC(887) Pause Remark 2133M->2133M(4096M) 5.706ms
[3689.580s][info][gc,cpu         ] GC(887) User=0.03s Sys=0.00s Real=0.00s
[3689.580s][info][gc,marking     ] GC(887) Concurrent Mark 703.137ms
[3689.580s][info][gc,marking     ] GC(887) Concurrent Rebuild Remembered Sets and Scrub Regions
[3689.814s][info][gc,marking     ] GC(887) Concurrent Rebuild Remembered Sets and Scrub Regions 233.584ms
[3689.814s][info][gc,start       ] GC(887) Pause Cleanup
[3689.814s][info][gc             ] GC(887) Pause Cleanup 2322M->2322M(4096M) 0.108ms
[3689.814s][info][gc,cpu         ] GC(887) User=0.00s Sys=0.00s Real=0.00s
[3689.814s][info][gc,marking     ] GC(887) Concurrent Clear Claimed Marks
[3689.814s][info][gc,marking     ] GC(887) Concurrent Clear Claimed Marks 0.031ms
[3689.814s][info][gc,marking     ] GC(887) Concurrent Cleanup for Next Mark
[3689.822s][info][gc,marking     ] GC(887) Concurrent Cleanup for Next Mark 7.955ms
[3689.823s][info][gc             ] GC(887) Concurrent Mark Cycle 1143.208ms
..[3691.394s][info][gc,start       ] GC(888) Pause Young (Prepare Mixed) (G1 Evacuation Pause)
[3691.394s][info][gc,task        ] GC(888) Using 6 workers of 6 for evacuation
[3691.510s][info][gc,phases      ] GC(888)   Pre Evacuate Collection Set: 0.36ms
[3691.510s][info][gc,phases      ] GC(888)   Merge Heap Roots: 0.49ms
[3691.510s][info][gc,phases      ] GC(888)   Evacuate Collection Set: 114.23ms
[3691.511s][info][gc,phases      ] GC(888)   Post Evacuate Collection Set: 0.91ms
[3691.511s][info][gc,phases      ] GC(888)   Other: 0.10ms
[3691.511s][info][gc,heap        ] GC(888) Eden regions: 1118->0(1111)
[3691.511s][info][gc,heap        ] GC(888) Survivor regions: 110->109(154)
[3691.511s][info][gc,heap        ] GC(888) Old regions: 504->536
[3691.511s][info][gc,heap        ] GC(888) Humongous regions: 80->80
[3691.511s][info][gc,metaspace   ] GC(888) Metaspace: 28955K(29376K)->28955K(29376K) NonClass: 24084K(24256K)->24084K(24256K) Class: 4870K(5120K)->4870K(5120K)
[3691.511s][info][gc             ] GC(888) Pause Young (Prepare Mixed) (G1 Evacuation Pause) 3622M->1448M(4096M) 116.228ms
[3691.511s][info][gc,cpu         ] GC(888) User=0.69s Sys=0.00s Real=0.11s
.. (rIR:aIR:PR = 6503:6506:6506) (tPR = 96956) [OK] 
  3693s: Performance info:
         Transaction,    Success,    Partial,     Failed,   Receipts, AvgBarcode, 
             Overall,     393881,          0,          0,     374167,      59.47, 
         Response times:
             Request,    Success,    Partial,     Failed,   SkipFail,     Probes,    Samples,      min,      p50,      p90,      p95,      p99,      max, 
       TotalPurchase,     374173,          0,          0,          0,     364032,     390196,      300,     5300,    24000,    42000,    85000,   215000,
     InStorePurchase,     196987,          0,          0,          0,     191253,     204957,      300,     5200,    23000,    41000,    84000,   215000,
      OnlinePurchase,     137813,          0,          0,          0,     134346,     143901,      300,     5400,    24000,    44000,    88000,   214000,
        InstPurchase,      39373,          0,          0,          0,      38433,      41338,      300,     5300,    24000,    42000,    84000,   215000,
          AssocOfCat,        398,          0,          0,          0,        318,        426,    26000,    39000,    82600,    99950,   171330,   264000,
      AssocOfProduct,       3949,          0,          0,          0,       3675,       4121,      400,     6100,    24000,    41900,    83000,   152000,
      BusinessReport,        983,          0,          0,          0,        848,       1007,    29000,    45000,    99000,   127200,   183680,   210000,
          CustBuyBeh,       3947,          0,          0,          0,       3681,       4150,      200,     6200,    25900,    45000,    91490,   150000,
       ProductReturn,      10439,          0,          0,          0,      10033,      10985,      200,     4200,    19640,    37000,    84000,   214000,

  3693s: (48%)   IR =   6642 [3694.307s][info][gc,start       ] GC(889) Pause Young (Mixed) (G1 Evacuation Pause)
[3694.307s][info][gc,task        ] GC(889) Using 6 workers of 6 for evacuation
[3694.438s][info][gc,phases      ] GC(889)   Pre Evacuate Collection Set: 0.38ms
[3694.438s][info][gc,phases      ] GC(889)   Merge Heap Roots: 0.67ms
[3694.438s][info][gc,phases      ] GC(889)   Evacuate Collection Set: 129.28ms
[3694.438s][info][gc,phases      ] GC(889)   Post Evacuate Collection Set: 0.95ms
[3694.438s][info][gc,phases      ] GC(889)   Other: 0.09ms
[3694.438s][info][gc,heap        ] GC(889) Eden regions: 1111->0(1119)
[3694.438s][info][gc,heap        ] GC(889) Survivor regions: 109->109(153)
[3694.438s][info][gc,heap        ] GC(889) Old regions: 536->475
[3694.438s][info][gc,heap        ] GC(889) Humongous regions: 80->80
[3694.438s][info][gc,metaspace   ] GC(889) Metaspace: 28955K(29376K)->28955K(29376K) NonClass: 24084K(24256K)->24084K(24256K) Class: 4870K(5120K)->4870K(5120K)
[3694.438s][info][gc             ] GC(889) Pause Young (Mixed) (G1 Evacuation Pause) 3670M->1326M(4096M) 131.505ms
[3694.438s][info][gc,cpu         ] GC(889) User=0.78s Sys=0.00s Real=0.13s
...[3697.164s][info][gc,start       ] GC(890) Pause Young (Concurrent Start) (G1 Evacuation Pause)
[3697.164s][info][gc,task        ] GC(890) Using 6 workers of 6 for evacuation
[3697.285s][info][gc,phases      ] GC(890)   Pre Evacuate Collection Set: 0.34ms
[3697.285s][info][gc,phases      ] GC(890)   Merge Heap Roots: 0.47ms
[3697.285s][info][gc,phases      ] GC(890)   Evacuate Collection Set: 119.43ms
[3697.285s][info][gc,phases      ] GC(890)   Post Evacuate Collection Set: 0.89ms
[3697.285s][info][gc,phases      ] GC(890)   Other: 0.11ms
[3697.285s][info][gc,heap        ] GC(890) Eden regions: 1119->0(1115)
[3697.285s][info][gc,heap        ] GC(890) Survivor regions: 109->113(154)
[3697.285s][info][gc,heap        ] GC(890) Old regions: 475->506
[3697.285s][info][gc,heap        ] GC(890) Humongous regions: 80->80
[3697.285s][info][gc,metaspace   ] GC(890) Metaspace: 28955K(29376K)->28955K(29376K) NonClass: 24084K(24256K)->24084K(24256K) Class: 4870K(5120K)->4870K(5120K)
[3697.285s][info][gc             ] GC(890) Pause Young (Concurrent Start) (G1 Evacuation Pause) 3564M->1395M(4096M) 121.370ms
[3697.285s][info][gc             ] GC(891) Concurrent Mark Cycle
[3697.285s][info][gc,marking     ] GC(891) Concurrent Scan Root Regions
[3697.285s][info][gc,cpu         ] GC(890) User=0.72s Sys=0.00s Real=0.12s
[3697.428s][info][gc,marking     ] GC(891) Concurrent Scan Root Regions 143.070ms
[3697.428s][info][gc,marking     ] GC(891) Concurrent Mark
[3697.428s][info][gc,marking     ] GC(891) Concurrent Mark From Roots
[3697.428s][info][gc,task        ] GC(891) Using 2 workers of 2 for marking
.[3698.115s][info][gc,marking     ] GC(891) Concurrent Mark From Roots 686.444ms
[3698.115s][info][gc,marking     ] GC(891) Concurrent Preclean
[3698.115s][info][gc,marking     ] GC(891) Concurrent Preclean 0.169ms
[3698.116s][info][gc,start       ] GC(891) Pause Remark
[3698.121s][info][gc             ] GC(891) Pause Remark 2095M->2095M(4096M) 4.737ms
[3698.121s][info][gc,cpu         ] GC(891) User=0.02s Sys=0.00s Real=0.00s
[3698.122s][info][gc,marking     ] GC(891) Concurrent Mark 693.201ms
[3698.122s][info][gc,marking     ] GC(891) Concurrent Rebuild Remembered Sets and Scrub Regions
[3698.351s][info][gc,marking     ] GC(891) Concurrent Rebuild Remembered Sets and Scrub Regions 229.178ms
[3698.351s][info][gc,start       ] GC(891) Pause Cleanup
[3698.351s][info][gc             ] GC(891) Pause Cleanup 2309M->2309M(4096M) 0.110ms
[3698.351s][info][gc,cpu         ] GC(891) User=0.00s Sys=0.00s Real=0.00s
[3698.351s][info][gc,marking     ] GC(891) Concurrent Clear Claimed Marks
[3698.351s][info][gc,marking     ] GC(891) Concurrent Clear Claimed Marks 0.023ms
[3698.351s][info][gc,marking     ] GC(891) Concurrent Cleanup for Next Mark
[3698.355s][info][gc,marking     ] GC(891) Concurrent Cleanup for Next Mark 4.221ms
[3698.355s][info][gc             ] GC(891) Concurrent Mark Cycle 1070.119ms
..[3699.968s][info][gc,start       ] GC(892) Pause Young (Prepare Mixed) (G1 Evacuation Pause)
[3699.968s][info][gc,task        ] GC(892) Using 6 workers of 6 for evacuation
[3700.083s][info][gc,phases      ] GC(892)   Pre Evacuate Collection Set: 0.34ms
[3700.083s][info][gc,phases      ] GC(892)   Merge Heap Roots: 0.53ms
[3700.083s][info][gc,phases      ] GC(892)   Evacuate Collection Set: 113.62ms
[3700.083s][info][gc,phases      ] GC(892)   Post Evacuate Collection Set: 0.89ms
[3700.083s][info][gc,phases      ] GC(892)   Other: 0.09ms
[3700.083s][info][gc,heap        ] GC(892) Eden regions: 1115->0(1109)
[3700.083s][info][gc,heap        ] GC(892) Survivor regions: 113->109(154)
[3700.083s][info][gc,heap        ] GC(892) Old regions: 506->538
[3700.083s][info][gc,heap        ] GC(892) Humongous regions: 80->80
[3700.083s][info][gc,metaspace   ] GC(892) Metaspace: 28955K(29376K)->28955K(29376K) NonClass: 24084K(24256K)->24084K(24256K) Class: 4870K(5120K)->4870K(5120K)
[3700.083s][info][gc             ] GC(892) Pause Young (Prepare Mixed) (G1 Evacuation Pause) 3625M->1451M(4096M) 115.601ms
[3700.083s][info][gc,cpu         ] GC(892) User=0.69s Sys=0.00s Real=0.12s
...[3702.751s][info][gc,start       ] GC(893) Pause Young (Mixed) (G1 Evacuation Pause)
[3702.752s][info][gc,task        ] GC(893) Using 6 workers of 6 for evacuation
[3702.882s][info][gc,phases      ] GC(893)   Pre Evacuate Collection Set: 0.36ms
[3702.883s][info][gc,phases      ] GC(893)   Merge Heap Roots: 0.67ms
[3702.883s][info][gc,phases      ] GC(893)   Evacuate Collection Set: 128.92ms
[3702.883s][info][gc,phases      ] GC(893)   Post Evacuate Collection Set: 0.93ms
[3702.883s][info][gc,phases      ] GC(893)   Other: 0.09ms
[3702.883s][info][gc,heap        ] GC(893) Eden regions: 1109->0(1121)
[3702.883s][info][gc,heap        ] GC(893) Survivor regions: 109->107(153)
[3702.883s][info][gc,heap        ] GC(893) Old regions: 538->474
[3702.883s][info][gc,heap        ] GC(893) Humongous regions: 80->80
[3702.883s][info][gc,metaspace   ] GC(893) Metaspace: 28955K(29376K)->28955K(29376K) NonClass: 24084K(24256K)->24084K(24256K) Class: 4870K(5120K)->4870K(5120K)
[3702.883s][info][gc             ] GC(893) Pause Young (Mixed) (G1 Evacuation Pause) 3669M->1319M(4096M) 131.108ms
[3702.883s][info][gc,cpu         ] GC(893) User=0.78s Sys=0.00s Real=0.13s
...[3705.653s][info][gc,start       ] GC(894) Pause Young (Concurrent Start) (G1 Evacuation Pause)
[3705.653s][info][gc,task        ] GC(894) Using 6 workers of 6 for evacuation
[3705.771s][info][gc,phases      ] GC(894)   Pre Evacuate Collection Set: 0.37ms
[3705.771s][info][gc,phases      ] GC(894)   Merge Heap Roots: 0.44ms
[3705.771s][info][gc,phases      ] GC(894)   Evacuate Collection Set: 115.65ms
[3705.771s][info][gc,phases      ] GC(894)   Post Evacuate Collection Set: 0.85ms
[3705.771s][info][gc,phases      ] GC(894)   Other: 0.11ms
[3705.771s][info][gc,heap        ] GC(894) Eden regions: 1121->0(1117)
[3705.771s][info][gc,heap        ] GC(894) Survivor regions: 107->111(154)
[3705.771s][info][gc,heap        ] GC(894) Old regions: 474->506
[3705.771s][info][gc,heap        ] GC(894) Humongous regions: 80->80
[3705.771s][info][gc,metaspace   ] GC(894) Metaspace: 28955K(29376K)->28955K(29376K) NonClass: 24084K(24256K)->24084K(24256K) Class: 4870K(5120K)->4870K(5120K)
[3705.771s][info][gc             ] GC(894) Pause Young (Concurrent Start) (G1 Evacuation Pause) 3561M->1392M(4096M) 117.551ms
[3705.771s][info][gc             ] GC(895) Concurrent Mark Cycle
[3705.771s][info][gc,marking     ] GC(895) Concurrent Scan Root Regions
[3705.771s][info][gc,cpu         ] GC(894) User=0.70s Sys=0.01s Real=0.12s
[3705.917s][info][gc,marking     ] GC(895) Concurrent Scan Root Regions 146.481ms
[3705.917s][info][gc,marking     ] GC(895) Concurrent Mark
[3705.917s][info][gc,marking     ] GC(895) Concurrent Mark From Roots
[3705.917s][info][gc,task        ] GC(895) Using 2 workers of 2 for marking
.[3706.623s][info][gc,marking     ] GC(895) Concurrent Mark From Roots 706.150ms
[3706.623s][info][gc,marking     ] GC(895) Concurrent Preclean
[3706.624s][info][gc,marking     ] GC(895) Concurrent Preclean 0.143ms
[3706.624s][info][gc,start       ] GC(895) Pause Remark
[3706.630s][info][gc             ] GC(895) Pause Remark 2146M->2146M(4096M) 6.086ms
[3706.630s][info][gc,cpu         ] GC(895) User=0.03s Sys=0.00s Real=0.00s
[3706.631s][info][gc,marking     ] GC(895) Concurrent Mark 713.513ms
[3706.631s][info][gc,marking     ] GC(895) Concurrent Rebuild Remembered Sets and Scrub Regions
[3706.881s][info][gc,marking     ] GC(895) Concurrent Rebuild Remembered Sets and Scrub Regions 250.359ms
[3706.883s][info][gc,start       ] GC(895) Pause Cleanup
[3706.883s][info][gc             ] GC(895) Pause Cleanup 2330M->2330M(4096M) 0.129ms
[3706.883s][info][gc,cpu         ] GC(895) User=0.00s Sys=0.00s Real=0.00s
[3706.883s][info][gc,marking     ] GC(895) Concurrent Clear Claimed Marks
[3706.883s][info][gc,marking     ] GC(895) Concurrent Clear Claimed Marks 0.031ms
[3706.883s][info][gc,marking     ] GC(895) Concurrent Cleanup for Next Mark
[3706.888s][info][gc,marking     ] GC(895) Concurrent Cleanup for Next Mark 5.227ms
[3706.888s][info][gc             ] GC(895) Concurrent Mark Cycle 1117.667ms
.[3708.438s][info][gc,start       ] GC(896) Pause Young (Prepare Mixed) (G1 Evacuation Pause)
[3708.438s][info][gc,task        ] GC(896) Using 6 workers of 6 for evacuation
[3708.555s][info][gc,phases      ] GC(896)   Pre Evacuate Collection Set: 0.33ms
[3708.555s][info][gc,phases      ] GC(896)   Merge Heap Roots: 0.50ms
[3708.555s][info][gc,phases      ] GC(896)   Evacuate Collection Set: 115.04ms
[3708.555s][info][gc,phases      ] GC(896)   Post Evacuate Collection Set: 0.90ms
[3708.555s][info][gc,phases      ] GC(896)   Other: 0.09ms
[3708.555s][info][gc,heap        ] GC(896) Eden regions: 1117->0(1106)
[3708.555s][info][gc,heap        ] GC(896) Survivor regions: 111->111(154)
[3708.555s][info][gc,heap        ] GC(896) Old regions: 506->537
[3708.555s][info][gc,heap        ] GC(896) Humongous regions: 80->80
[3708.555s][info][gc,metaspace   ] GC(896) Metaspace: 28955K(29376K)->28955K(29376K) NonClass: 24084K(24256K)->24084K(24256K) Class: 4870K(5120K)->4870K(5120K)
[3708.555s][info][gc             ] GC(896) Pause Young (Prepare Mixed) (G1 Evacuation Pause) 3626M->1454M(4096M) 116.986ms
[3708.555s][info][gc,cpu         ] GC(896) User=0.70s Sys=0.00s Real=0.12s
.|..[3711.230s][info][gc,start       ] GC(897) Pause Young (Mixed) (G1 Evacuation Pause)
[3711.230s][info][gc,task        ] GC(897) Using 6 workers of 6 for evacuation
[3711.365s][info][gc,phases      ] GC(897)   Pre Evacuate Collection Set: 0.37ms
[3711.365s][info][gc,phases      ] GC(897)   Merge Heap Roots: 0.76ms
[3711.365s][info][gc,phases      ] GC(897)   Evacuate Collection Set: 132.67ms
[3711.365s][info][gc,phases      ] GC(897)   Post Evacuate Collection Set: 0.92ms
[3711.365s][info][gc,phases      ] GC(897)   Other: 0.09ms
[3711.365s][info][gc,heap        ] GC(897) Eden regions: 1106->0(1117)
[3711.365s][info][gc,heap        ] GC(897) Survivor regions: 111->111(153)
[3711.365s][info][gc,heap        ] GC(897) Old regions: 537->474
[3711.365s][info][gc,heap        ] GC(897) Humongous regions: 80->80
[3711.365s][info][gc,metaspace   ] GC(897) Metaspace: 28955K(29376K)->28955K(29376K) NonClass: 24084K(24256K)->24084K(24256K) Class: 4870K(5120K)->4870K(5120K)
[3711.365s][info][gc             ] GC(897) Pause Young (Mixed) (G1 Evacuation Pause) 3666M->1327M(4096M) 134.968ms
[3711.365s][info][gc,cpu         ] GC(897) User=0.81s Sys=0.00s Real=0.14s
...[3714.059s][info][gc,start       ] GC(898) Pause Young (Concurrent Start) (G1 Evacuation Pause)
[3714.059s][info][gc,task        ] GC(898) Using 6 workers of 6 for evacuation
[3714.173s][info][gc,phases      ] GC(898)   Pre Evacuate Collection Set: 0.41ms
[3714.173s][info][gc,phases      ] GC(898)   Merge Heap Roots: 0.45ms
[3714.173s][info][gc,phases      ] GC(898)   Evacuate Collection Set: 112.65ms
[3714.173s][info][gc,phases      ] GC(898)   Post Evacuate Collection Set: 0.87ms
[3714.173s][info][gc,phases      ] GC(898)   Other: 0.10ms
[3714.173s][info][gc,heap        ] GC(898) Eden regions: 1117->0(1120)
[3714.173s][info][gc,heap        ] GC(898) Survivor regions: 111->108(154)
[3714.173s][info][gc,heap        ] GC(898) Old regions: 474->505
[3714.173s][info][gc,heap        ] GC(898) Humongous regions: 80->80
[3714.173s][info][gc,metaspace   ] GC(898) Metaspace: 28955K(29376K)->28955K(29376K) NonClass: 24084K(24256K)->24084K(24256K) Class: 4870K(5120K)->4870K(5120K)
[3714.173s][info][gc             ] GC(898) Pause Young (Concurrent Start) (G1 Evacuation Pause) 3561M->1385M(4096M) 114.623ms
[3714.173s][info][gc             ] GC(899) Concurrent Mark Cycle
[3714.173s][info][gc,marking     ] GC(899) Concurrent Scan Root Regions
[3714.173s][info][gc,cpu         ] GC(898) User=0.68s Sys=0.00s Real=0.12s
[3714.355s][info][gc,marking     ] GC(899) Concurrent Scan Root Regions 181.751ms
[3714.355s][info][gc,marking     ] GC(899) Concurrent Mark
[3714.355s][info][gc,marking     ] GC(899) Concurrent Mark From Roots
[3714.355s][info][gc,task        ] GC(899) Using 2 workers of 2 for marking
.[3715.211s][info][gc,marking     ] GC(899) Concurrent Mark From Roots 855.922ms
[3715.211s][info][gc,marking     ] GC(899) Concurrent Preclean
[3715.211s][info][gc,marking     ] GC(899) Concurrent Preclean 0.146ms
[3715.213s][info][gc,start       ] GC(899) Pause Remark
[3715.219s][info][gc             ] GC(899) Pause Remark 2231M->2231M(4096M) 5.977ms
[3715.219s][info][gc,cpu         ] GC(899) User=0.03s Sys=0.00s Real=0.01s
[3715.219s][info][gc,marking     ] GC(899) Concurrent Mark 863.799ms
[3715.219s][info][gc,marking     ] GC(899) Concurrent Rebuild Remembered Sets and Scrub Regions
[3715.534s][info][gc,marking     ] GC(899) Concurrent Rebuild Remembered Sets and Scrub Regions 315.596ms
[3715.535s][info][gc,start       ] GC(899) Pause Cleanup
[3715.535s][info][gc             ] GC(899) Pause Cleanup 2517M->2517M(4096M) 0.113ms
[3715.535s][info][gc,cpu         ] GC(899) User=0.00s Sys=0.00s Real=0.00s
[3715.535s][info][gc,marking     ] GC(899) Concurrent Clear Claimed Marks
[3715.535s][info][gc,marking     ] GC(899) Concurrent Clear Claimed Marks 0.028ms
[3715.535s][info][gc,marking     ] GC(899) Concurrent Cleanup for Next Mark
[3715.540s][info][gc,marking     ] GC(899) Concurrent Cleanup for Next Mark 4.492ms
[3715.540s][info][gc             ] GC(899) Concurrent Mark Cycle 1366.490ms
..[3716.910s][info][gc,start       ] GC(900) Pause Young (Prepare Mixed) (G1 Evacuation Pause)
[3716.910s][info][gc,task        ] GC(900) Using 6 workers of 6 for evacuation
[3717.024s][info][gc,phases      ] GC(900)   Pre Evacuate Collection Set: 0.31ms
[3717.024s][info][gc,phases      ] GC(900)   Merge Heap Roots: 0.48ms
[3717.024s][info][gc,phases      ] GC(900)   Evacuate Collection Set: 111.99ms
[3717.024s][info][gc,phases      ] GC(900)   Post Evacuate Collection Set: 0.92ms
[3717.024s][info][gc,phases      ] GC(900)   Other: 0.09ms
[3717.024s][info][gc,heap        ] GC(900) Eden regions: 1120->0(1111)
[3717.024s][info][gc,heap        ] GC(900) Survivor regions: 108->108(154)
[3717.024s][info][gc,heap        ] GC(900) Old regions: 505->538
[3717.024s][info][gc,heap        ] GC(900) Humongous regions: 80->80
[3717.024s][info][gc,metaspace   ] GC(900) Metaspace: 28955K(29376K)->28955K(29376K) NonClass: 24084K(24256K)->24084K(24256K) Class: 4870K(5120K)->4870K(5120K)
[3717.024s][info][gc             ] GC(900) Pause Young (Prepare Mixed) (G1 Evacuation Pause) 3625M->1449M(4096M) 113.924ms
[3717.024s][info][gc,cpu         ] GC(900) User=0.68s Sys=0.00s Real=0.12s
...[3719.787s][info][gc,start       ] GC(901) Pause Young (Mixed) (G1 Evacuation Pause)
[3719.787s][info][gc,task        ] GC(901) Using 6 workers of 6 for evacuation
[3719.918s][info][gc,phases      ] GC(901)   Pre Evacuate Collection Set: 0.35ms
[3719.918s][info][gc,phases      ] GC(901)   Merge Heap Roots: 0.67ms
[3719.918s][info][gc,phases      ] GC(901)   Evacuate Collection Set: 128.42ms
[3719.918s][info][gc,phases      ] GC(901)   Post Evacuate Collection Set: 0.94ms
[3719.918s][info][gc,phases      ] GC(901)   Other: 0.09ms
[3719.918s][info][gc,heap        ] GC(901) Eden regions: 1111->0(1118)
[3719.918s][info][gc,heap        ] GC(901) Survivor regions: 108->110(153)
[3719.918s][info][gc,heap        ] GC(901) Old regions: 538->473
[3719.918s][info][gc,heap        ] GC(901) Humongous regions: 80->80
[3719.918s][info][gc,metaspace   ] GC(901) Metaspace: 28955K(29376K)->28955K(29376K) NonClass: 24084K(24256K)->24084K(24256K) Class: 4870K(5120K)->4870K(5120K)
[3719.918s][info][gc             ] GC(901) Pause Young (Mixed) (G1 Evacuation Pause) 3671M->1323M(4096M) 130.612ms
[3719.918s][info][gc,cpu         ] GC(901) User=0.78s Sys=0.00s Real=0.13s
..[3722.531s][info][gc,start       ] GC(902) Pause Young (Concurrent Start) (G1 Evacuation Pause)
[3722.531s][info][gc,task        ] GC(902) Using 6 workers of 6 for evacuation
[3722.647s][info][gc,phases      ] GC(902)   Pre Evacuate Collection Set: 0.36ms
[3722.647s][info][gc,phases      ] GC(902)   Merge Heap Roots: 0.45ms
[3722.647s][info][gc,phases      ] GC(902)   Evacuate Collection Set: 114.50ms
[3722.647s][info][gc,phases      ] GC(902)   Post Evacuate Collection Set: 0.87ms
[3722.647s][info][gc,phases      ] GC(902)   Other: 0.13ms
[3722.647s][info][gc,heap        ] GC(902) Eden regions: 1118->0(1119)
[3722.647s][info][gc,heap        ] GC(902) Survivor regions: 110->109(154)
[3722.647s][info][gc,heap        ] GC(902) Old regions: 473->504
[3722.647s][info][gc,heap        ] GC(902) Humongous regions: 80->80
[3722.647s][info][gc,metaspace   ] GC(902) Metaspace: 28955K(29376K)->28955K(29376K) NonClass: 24084K(24256K)->24084K(24256K) Class: 4870K(5120K)->4870K(5120K)
[3722.647s][info][gc             ] GC(902) Pause Young (Concurrent Start) (G1 Evacuation Pause) 3559M->1385M(4096M) 116.452ms
[3722.647s][info][gc             ] GC(903) Concurrent Mark Cycle
[3722.647s][info][gc,marking     ] GC(903) Concurrent Scan Root Regions
[3722.647s][info][gc,cpu         ] GC(902) User=0.70s Sys=0.00s Real=0.12s
.[3722.832s][info][gc,marking     ] GC(903) Concurrent Scan Root Regions 184.567ms
[3722.832s][info][gc,marking     ] GC(903) Concurrent Mark
[3722.832s][info][gc,marking     ] GC(903) Concurrent Mark From Roots
[3722.832s][info][gc,task        ] GC(903) Using 2 workers of 2 for marking
.[3723.673s][info][gc,marking     ] GC(903) Concurrent Mark From Roots 840.592ms
[3723.673s][info][gc,marking     ] GC(903) Concurrent Preclean
[3723.673s][info][gc,marking     ] GC(903) Concurrent Preclean 0.139ms
[3723.673s][info][gc,start       ] GC(903) Pause Remark
[3723.679s][info][gc             ] GC(903) Pause Remark 2219M->2219M(4096M) 5.881ms
[3723.679s][info][gc,cpu         ] GC(903) User=0.04s Sys=0.00s Real=0.01s
[3723.679s][info][gc,marking     ] GC(903) Concurrent Mark 846.847ms
[3723.679s][info][gc,marking     ] GC(903) Concurrent Rebuild Remembered Sets and Scrub Regions
[3724.041s][info][gc,marking     ] GC(903) Concurrent Rebuild Remembered Sets and Scrub Regions 362.057ms
[3724.041s][info][gc,start       ] GC(903) Pause Cleanup
[3724.041s][info][gc             ] GC(903) Pause Cleanup 2529M->2529M(4096M) 0.109ms
[3724.041s][info][gc,cpu         ] GC(903) User=0.00s Sys=0.00s Real=0.00s
[3724.043s][info][gc,marking     ] GC(903) Concurrent Clear Claimed Marks
[3724.043s][info][gc,marking     ] GC(903) Concurrent Clear Claimed Marks 0.037ms
[3724.043s][info][gc,marking     ] GC(903) Concurrent Cleanup for Next Mark
[3724.049s][info][gc,marking     ] GC(903) Concurrent Cleanup for Next Mark 5.627ms
[3724.049s][info][gc             ] GC(903) Concurrent Mark Cycle 1401.451ms
.[3725.372s][info][gc,start       ] GC(904) Pause Young (Prepare Mixed) (G1 Evacuation Pause)
[3725.372s][info][gc,task        ] GC(904) Using 6 workers of 6 for evacuation
[3725.487s][info][gc,phases      ] GC(904)   Pre Evacuate Collection Set: 0.30ms
[3725.488s][info][gc,phases      ] GC(904)   Merge Heap Roots: 0.49ms
[3725.488s][info][gc,phases      ] GC(904)   Evacuate Collection Set: 113.29ms
[3725.488s][info][gc,phases      ] GC(904)   Post Evacuate Collection Set: 0.91ms
[3725.488s][info][gc,phases      ] GC(904)   Other: 0.08ms
[3725.488s][info][gc,heap        ] GC(904) Eden regions: 1119->0(1113)
[3725.488s][info][gc,heap        ] GC(904) Survivor regions: 109->108(154)
[3725.488s][info][gc,heap        ] GC(904) Old regions: 504->536
[3725.488s][info][gc,heap        ] GC(904) Humongous regions: 80->80
[3725.488s][info][gc,metaspace   ] GC(904) Metaspace: 28955K(29376K)->28955K(29376K) NonClass: 24084K(24256K)->24084K(24256K) Class: 4870K(5120K)->4870K(5120K)
[3725.488s][info][gc             ] GC(904) Pause Young (Prepare Mixed) (G1 Evacuation Pause) 3623M->1447M(4096M) 115.207ms
[3725.488s][info][gc,cpu         ] GC(904) User=0.68s Sys=0.00s Real=0.12s
...[3728.221s][info][gc,start       ] GC(905) Pause Young (Mixed) (G1 Evacuation Pause)
[3728.221s][info][gc,task        ] GC(905) Using 6 workers of 6 for evacuation
[3728.351s][info][gc,phases      ] GC(905)   Pre Evacuate Collection Set: 0.35ms
[3728.351s][info][gc,phases      ] GC(905)   Merge Heap Roots: 0.62ms
[3728.351s][info][gc,phases      ] GC(905)   Evacuate Collection Set: 128.30ms
[3728.351s][info][gc,phases      ] GC(905)   Post Evacuate Collection Set: 0.95ms
[3728.351s][info][gc,phases      ] GC(905)   Other: 0.08ms
[3728.351s][info][gc,heap        ] GC(905) Eden regions: 1113->0(1119)
[3728.351s][info][gc,heap        ] GC(905) Survivor regions: 108->109(153)
[3728.351s][info][gc,heap        ] GC(905) Old regions: 536->473
[3728.351s][info][gc,heap        ] GC(905) Humongous regions: 80->80
[3728.351s][info][gc,metaspace   ] GC(905) Metaspace: 28955K(29376K)->28955K(29376K) NonClass: 24084K(24256K)->24084K(24256K) Class: 4870K(5120K)->4870K(5120K)
[3728.351s][info][gc             ] GC(905) Pause Young (Mixed) (G1 Evacuation Pause) 3673M->1321M(4096M) 130.450ms
[3728.351s][info][gc,cpu         ] GC(905) User=0.78s Sys=0.00s Real=0.13s
...[3730.961s][info][gc,start       ] GC(906) Pause Young (Concurrent Start) (G1 Evacuation Pause)
[3730.961s][info][gc,task        ] GC(906) Using 6 workers of 6 for evacuation
[3731.075s][info][gc,phases      ] GC(906)   Pre Evacuate Collection Set: 0.41ms
[3731.075s][info][gc,phases      ] GC(906)   Merge Heap Roots: 0.48ms
[3731.075s][info][gc,phases      ] GC(906)   Evacuate Collection Set: 111.86ms
[3731.075s][info][gc,phases      ] GC(906)   Post Evacuate Collection Set: 0.88ms
[3731.075s][info][gc,phases      ] GC(906)   Other: 0.12ms
[3731.075s][info][gc,heap        ] GC(906) Eden regions: 1119->0(1121)
[3731.075s][info][gc,heap        ] GC(906) Survivor regions: 109->107(154)
[3731.075s][info][gc,heap        ] GC(906) Old regions: 473->504
[3731.075s][info][gc,heap        ] GC(906) Humongous regions: 80->80
[3731.075s][info][gc,metaspace   ] GC(906) Metaspace: 28955K(29376K)->28955K(29376K) NonClass: 24084K(24256K)->24084K(24256K) Class: 4870K(5120K)->4870K(5120K)
[3731.075s][info][gc             ] GC(906) Pause Young (Concurrent Start) (G1 Evacuation Pause) 3559M->1381M(4096M) 113.901ms
[3731.075s][info][gc             ] GC(907) Concurrent Mark Cycle
[3731.075s][info][gc,marking     ] GC(907) Concurrent Scan Root Regions
[3731.075s][info][gc,cpu         ] GC(906) User=0.68s Sys=0.00s Real=0.12s
[3731.262s][info][gc,marking     ] GC(907) Concurrent Scan Root Regions 186.974ms
[3731.262s][info][gc,marking     ] GC(907) Concurrent Mark
[3731.262s][info][gc,marking     ] GC(907) Concurrent Mark From Roots
[3731.262s][info][gc,task        ] GC(907) Using 2 workers of 2 for marking
.[3732.163s][info][gc,marking     ] GC(907) Concurrent Mark From Roots 900.747ms
[3732.163s][info][gc,marking     ] GC(907) Concurrent Preclean
[3732.163s][info][gc,marking     ] GC(907) Concurrent Preclean 0.123ms
[3732.163s][info][gc,start       ] GC(907) Pause Remark
[3732.169s][info][gc             ] GC(907) Pause Remark 2298M->2298M(4096M) 5.701ms
[3732.169s][info][gc,cpu         ] GC(907) User=0.03s Sys=0.00s Real=0.01s
[3732.169s][info][gc,marking     ] GC(907) Concurrent Mark 906.831ms
[3732.169s][info][gc,marking     ] GC(907) Concurrent Rebuild Remembered Sets and Scrub Regions
[3732.440s][info][gc,marking     ] GC(907) Concurrent Rebuild Remembered Sets and Scrub Regions 271.780ms
[3732.441s][info][gc,start       ] GC(907) Pause Cleanup
[3732.441s][info][gc             ] GC(907) Pause Cleanup 2492M->2492M(4096M) 0.108ms
[3732.441s][info][gc,cpu         ] GC(907) User=0.00s Sys=0.00s Real=0.00s
[3732.441s][info][gc,marking     ] GC(907) Concurrent Clear Claimed Marks
[3732.441s][info][gc,marking     ] GC(907) Concurrent Clear Claimed Marks 0.029ms
[3732.441s][info][gc,marking     ] GC(907) Concurrent Cleanup for Next Mark
[3732.444s][info][gc,marking     ] GC(907) Concurrent Cleanup for Next Mark 3.562ms
[3732.444s][info][gc             ] GC(907) Concurrent Mark Cycle 1369.610ms
..[3733.859s][info][gc,start       ] GC(908) Pause Young (Prepare Mixed) (G1 Evacuation Pause)
[3733.859s][info][gc,task        ] GC(908) Using 6 workers of 6 for evacuation
[3733.980s][info][gc,phases      ] GC(908)   Pre Evacuate Collection Set: 0.32ms
[3733.980s][info][gc,phases      ] GC(908)   Merge Heap Roots: 0.53ms
[3733.980s][info][gc,phases      ] GC(908)   Evacuate Collection Set: 118.75ms
[3733.980s][info][gc,phases      ] GC(908)   Post Evacuate Collection Set: 0.93ms
[3733.980s][info][gc,phases      ] GC(908)   Other: 0.09ms
[3733.980s][info][gc,heap        ] GC(908) Eden regions: 1121->0(1103)
[3733.980s][info][gc,heap        ] GC(908) Survivor regions: 107->113(154)
[3733.980s][info][gc,heap        ] GC(908) Old regions: 504->536
[3733.980s][info][gc,heap        ] GC(908) Humongous regions: 80->80
[3733.980s][info][gc,metaspace   ] GC(908) Metaspace: 28955K(29376K)->28955K(29376K) NonClass: 24084K(24256K)->24084K(24256K) Class: 4870K(5120K)->4870K(5120K)
[3733.980s][info][gc             ] GC(908) Pause Young (Prepare Mixed) (G1 Evacuation Pause) 3623M->1456M(4096M) 120.765ms
[3733.980s][info][gc,cpu         ] GC(908) User=0.72s Sys=0.01s Real=0.12s
..[3736.654s][info][gc,start       ] GC(909) Pause Young (Mixed) (G1 Evacuation Pause)
[3736.654s][info][gc,task        ] GC(909) Using 6 workers of 6 for evacuation
[3736.786s][info][gc,phases      ] GC(909)   Pre Evacuate Collection Set: 0.39ms
[3736.786s][info][gc,phases      ] GC(909)   Merge Heap Roots: 0.69ms
[3736.786s][info][gc,phases      ] GC(909)   Evacuate Collection Set: 130.07ms
[3736.786s][info][gc,phases      ] GC(909)   Post Evacuate Collection Set: 0.92ms
[3736.786s][info][gc,phases      ] GC(909)   Other: 0.09ms
[3736.786s][info][gc,heap        ] GC(909) Eden regions: 1103->0(1117)
[3736.786s][info][gc,heap        ] GC(909) Survivor regions: 113->111(152)
[3736.786s][info][gc,heap        ] GC(909) Old regions: 536->472
[3736.786s][info][gc,heap        ] GC(909) Humongous regions: 80->80
[3736.786s][info][gc,metaspace   ] GC(909) Metaspace: 28955K(29376K)->28955K(29376K) NonClass: 24084K(24256K)->24084K(24256K) Class: 4870K(5120K)->4870K(5120K)
[3736.786s][info][gc             ] GC(909) Pause Young (Mixed) (G1 Evacuation Pause) 3662M->1325M(4096M) 132.289ms
[3736.786s][info][gc,cpu         ] GC(909) User=0.79s Sys=0.00s Real=0.13s
...[3739.503s][info][gc,start       ] GC(910) Pause Young (Concurrent Start) (G1 Evacuation Pause)
[3739.503s][info][gc,task        ] GC(910) Using 6 workers of 6 for evacuation
[3739.622s][info][gc,phases      ] GC(910)   Pre Evacuate Collection Set: 0.39ms
[3739.622s][info][gc,phases      ] GC(910)   Merge Heap Roots: 0.49ms
[3739.622s][info][gc,phases      ] GC(910)   Evacuate Collection Set: 116.83ms
[3739.622s][info][gc,phases      ] GC(910)   Post Evacuate Collection Set: 0.88ms
[3739.622s][info][gc,phases      ] GC(910)   Other: 0.13ms
[3739.622s][info][gc,heap        ] GC(910) Eden regions: 1117->0(1116)
[3739.622s][info][gc,heap        ] GC(910) Survivor regions: 111->112(154)
[3739.622s][info][gc,heap        ] GC(910) Old regions: 472->505
[3739.622s][info][gc,heap        ] GC(910) Humongous regions: 80->80
[3739.622s][info][gc,metaspace   ] GC(910) Metaspace: 28955K(29376K)->28955K(29376K) NonClass: 24084K(24256K)->24084K(24256K) Class: 4870K(5120K)->4870K(5120K)
[3739.622s][info][gc             ] GC(910) Pause Young (Concurrent Start) (G1 Evacuation Pause) 3559M->1392M(4096M) 118.866ms
[3739.622s][info][gc             ] GC(911) Concurrent Mark Cycle
[3739.622s][info][gc,marking     ] GC(911) Concurrent Scan Root Regions
[3739.622s][info][gc,cpu         ] GC(910) User=0.70s Sys=0.00s Real=0.12s
[3739.814s][info][gc,marking     ] GC(911) Concurrent Scan Root Regions 191.860ms
[3739.814s][info][gc,marking     ] GC(911) Concurrent Mark
[3739.814s][info][gc,marking     ] GC(911) Concurrent Mark From Roots
[3739.814s][info][gc,task        ] GC(911) Using 2 workers of 2 for marking
.[3740.500s][info][gc,marking     ] GC(911) Concurrent Mark From Roots 686.843ms
[3740.500s][info][gc,marking     ] GC(911) Concurrent Preclean
[3740.501s][info][gc,marking     ] GC(911) Concurrent Preclean 0.125ms
[3740.501s][info][gc,start       ] GC(911) Pause Remark
[3740.507s][info][gc             ] GC(911) Pause Remark 2175M->2175M(4096M) 5.897ms
[3740.507s][info][gc,cpu         ] GC(911) User=0.03s Sys=0.00s Real=0.01s
[3740.507s][info][gc,marking     ] GC(911) Concurrent Mark 693.722ms
[3740.507s][info][gc,marking     ] GC(911) Concurrent Rebuild Remembered Sets and Scrub Regions
[3740.800s][info][gc,marking     ] GC(911) Concurrent Rebuild Remembered Sets and Scrub Regions 292.481ms
[3740.800s][info][gc,start       ] GC(911) Pause Cleanup
[3740.800s][info][gc             ] GC(911) Pause Cleanup 2401M->2401M(4096M) 0.109ms
[3740.800s][info][gc,cpu         ] GC(911) User=0.00s Sys=0.00s Real=0.00s
[3740.800s][info][gc,marking     ] GC(911) Concurrent Clear Claimed Marks
[3740.800s][info][gc,marking     ] GC(911) Concurrent Clear Claimed Marks 0.029ms
[3740.800s][info][gc,marking     ] GC(911) Concurrent Cleanup for Next Mark
[3740.804s][info][gc,marking     ] GC(911) Concurrent Cleanup for Next Mark 3.933ms
[3740.804s][info][gc             ] GC(911) Concurrent Mark Cycle 1182.795ms
..[3742.296s][info][gc,start       ] GC(912) Pause Young (Prepare Mixed) (G1 Evacuation Pause)
[3742.296s][info][gc,task        ] GC(912) Using 6 workers of 6 for evacuation
[3742.416s][info][gc,phases      ] GC(912)   Pre Evacuate Collection Set: 0.35ms
[3742.416s][info][gc,phases      ] GC(912)   Merge Heap Roots: 0.51ms
[3742.416s][info][gc,phases      ] GC(912)   Evacuate Collection Set: 118.06ms
[3742.416s][info][gc,phases      ] GC(912)   Post Evacuate Collection Set: 0.90ms
[3742.416s][info][gc,phases      ] GC(912)   Other: 0.08ms
[3742.416s][info][gc,heap        ] GC(912) Eden regions: 1116->0(1105)
[3742.416s][info][gc,heap        ] GC(912) Survivor regions: 112->112(154)
[3742.416s][info][gc,heap        ] GC(912) Old regions: 505->536
[3742.416s][info][gc,heap        ] GC(912) Humongous regions: 80->80
[3742.416s][info][gc,metaspace   ] GC(912) Metaspace: 28955K(29376K)->28955K(29376K) NonClass: 24084K(24256K)->24084K(24256K) Class: 4870K(5120K)->4870K(5120K)
[3742.416s][info][gc             ] GC(912) Pause Young (Prepare Mixed) (G1 Evacuation Pause) 3624M->1454M(4096M) 120.023ms
[3742.416s][info][gc,cpu         ] GC(912) User=0.71s Sys=0.00s Real=0.12s
...[3745.089s][info][gc,start       ] GC(913) Pause Young (Mixed) (G1 Evacuation Pause)
[3745.089s][info][gc,task        ] GC(913) Using 6 workers of 6 for evacuation
[3745.220s][info][gc,phases      ] GC(913)   Pre Evacuate Collection Set: 0.36ms
[3745.220s][info][gc,phases      ] GC(913)   Merge Heap Roots: 0.65ms
[3745.220s][info][gc,phases      ] GC(913)   Evacuate Collection Set: 129.15ms
[3745.220s][info][gc,phases      ] GC(913)   Post Evacuate Collection Set: 0.92ms
[3745.220s][info][gc,phases      ] GC(913)   Other: 0.10ms
[3745.220s][info][gc,heap        ] GC(913) Eden regions: 1105->0(1120)
[3745.220s][info][gc,heap        ] GC(913) Survivor regions: 112->108(153)
[3745.220s][info][gc,heap        ] GC(913) Old regions: 536->472
[3745.220s][info][gc,heap        ] GC(913) Humongous regions: 80->80
[3745.220s][info][gc,metaspace   ] GC(913) Metaspace: 28955K(29376K)->28955K(29376K) NonClass: 24084K(24256K)->24084K(24256K) Class: 4870K(5120K)->4870K(5120K)
[3745.220s][info][gc             ] GC(913) Pause Young (Mixed) (G1 Evacuation Pause) 3664M->1318M(4096M) 131.309ms
[3745.220s][info][gc,cpu         ] GC(913) User=0.78s Sys=0.00s Real=0.13s
...[3747.940s][info][gc,start       ] GC(914) Pause Young (Concurrent Start) (G1 Evacuation Pause)
[3747.940s][info][gc,task        ] GC(914) Using 6 workers of 6 for evacuation
[3748.059s][info][gc,phases      ] GC(914)   Pre Evacuate Collection Set: 0.39ms
[3748.059s][info][gc,phases      ] GC(914)   Merge Heap Roots: 0.47ms
[3748.059s][info][gc,phases      ] GC(914)   Evacuate Collection Set: 117.29ms
[3748.059s][info][gc,phases      ] GC(914)   Post Evacuate Collection Set: 0.86ms
[3748.059s][info][gc,phases      ] GC(914)   Other: 0.12ms
[3748.059s][info][gc,heap        ] GC(914) Eden regions: 1120->0(1117)
[3748.059s][info][gc,heap        ] GC(914) Survivor regions: 108->111(154)
[3748.059s][info][gc,heap        ] GC(914) Old regions: 472->504
[3748.059s][info][gc,heap        ] GC(914) Humongous regions: 80->80
[3748.059s][info][gc,metaspace   ] GC(914) Metaspace: 28955K(29376K)->28955K(29376K) NonClass: 24084K(24256K)->24084K(24256K) Class: 4870K(5120K)->4870K(5120K)
[3748.059s][info][gc             ] GC(914) Pause Young (Concurrent Start) (G1 Evacuation Pause) 3558M->1388M(4096M) 119.263ms
[3748.059s][info][gc             ] GC(915) Concurrent Mark Cycle
[3748.059s][info][gc,cpu         ] GC(914) User=0.71s Sys=0.00s Real=0.12s
[3748.059s][info][gc,marking     ] GC(915) Concurrent Scan Root Regions
[3748.210s][info][gc,marking     ] GC(915) Concurrent Scan Root Regions 150.749ms
[3748.210s][info][gc,marking     ] GC(915) Concurrent Mark
[3748.210s][info][gc,marking     ] GC(915) Concurrent Mark From Roots
[3748.210s][info][gc,task        ] GC(915) Using 2 workers of 2 for marking
.[3748.899s][info][gc,marking     ] GC(915) Concurrent Mark From Roots 689.607ms
[3748.899s][info][gc,marking     ] GC(915) Concurrent Preclean
[3748.900s][info][gc,marking     ] GC(915) Concurrent Preclean 0.129ms
[3748.902s][info][gc,start       ] GC(915) Pause Remark
[3748.908s][info][gc             ] GC(915) Pause Remark 2100M->2100M(4096M) 5.833ms
[3748.908s][info][gc,cpu         ] GC(915) User=0.03s Sys=0.00s Real=0.01s
[3748.908s][info][gc,marking     ] GC(915) Concurrent Mark 698.368ms
[3748.908s][info][gc,marking     ] GC(915) Concurrent Rebuild Remembered Sets and Scrub Regions
[3749.174s][info][gc,marking     ] GC(915) Concurrent Rebuild Remembered Sets and Scrub Regions 265.982ms
[3749.175s][info][gc,start       ] GC(915) Pause Cleanup
[3749.175s][info][gc             ] GC(915) Pause Cleanup 2356M->2356M(4096M) 0.123ms
[3749.175s][info][gc,cpu         ] GC(915) User=0.00s Sys=0.00s Real=0.00s
[3749.176s][info][gc,marking     ] GC(915) Concurrent Clear Claimed Marks
[3749.176s][info][gc,marking     ] GC(915) Concurrent Clear Claimed Marks 0.029ms
[3749.176s][info][gc,marking     ] GC(915) Concurrent Cleanup for Next Mark
[3749.181s][info][gc,marking     ] GC(915) Concurrent Cleanup for Next Mark 5.438ms
[3749.181s][info][gc             ] GC(915) Concurrent Mark Cycle 1122.145ms
.[3750.765s][info][gc,start       ] GC(916) Pause Young (Prepare Mixed) (G1 Evacuation Pause)
[3750.765s][info][gc,task        ] GC(916) Using 6 workers of 6 for evacuation
[3750.883s][info][gc,phases      ] GC(916)   Pre Evacuate Collection Set: 0.31ms
[3750.883s][info][gc,phases      ] GC(916)   Merge Heap Roots: 0.52ms
[3750.883s][info][gc,phases      ] GC(916)   Evacuate Collection Set: 115.83ms
[3750.883s][info][gc,phases      ] GC(916)   Post Evacuate Collection Set: 0.90ms
[3750.883s][info][gc,phases      ] GC(916)   Other: 0.09ms
[3750.883s][info][gc,heap        ] GC(916) Eden regions: 1117->0(1109)
[3750.883s][info][gc,heap        ] GC(916) Survivor regions: 111->110(154)
[3750.883s][info][gc,heap        ] GC(916) Old regions: 504->536
[3750.883s][info][gc,heap        ] GC(916) Humongous regions: 80->80
[3750.883s][info][gc,metaspace   ] GC(916) Metaspace: 28955K(29376K)->28955K(29376K) NonClass: 24084K(24256K)->24084K(24256K) Class: 4870K(5120K)->4870K(5120K)
[3750.883s][info][gc             ] GC(916) Pause Young (Prepare Mixed) (G1 Evacuation Pause) 3622M->1449M(4096M) 117.775ms
[3750.883s][info][gc,cpu         ] GC(916) User=0.70s Sys=0.00s Real=0.12s
...[3753.539s][info][gc,start       ] GC(917) Pause Young (Mixed) (G1 Evacuation Pause)
[3753.539s][info][gc,task        ] GC(917) Using 6 workers of 6 for evacuation
[3753.670s][info][gc,phases      ] GC(917)   Pre Evacuate Collection Set: 0.33ms
[3753.670s][info][gc,phases      ] GC(917)   Merge Heap Roots: 0.63ms
[3753.670s][info][gc,phases      ] GC(917)   Evacuate Collection Set: 129.33ms
[3753.670s][info][gc,phases      ] GC(917)   Post Evacuate Collection Set: 0.92ms
[3753.670s][info][gc,phases      ] GC(917)   Other: 0.08ms
[3753.670s][info][gc,heap        ] GC(917) Eden regions: 1109->0(1118)
[3753.670s][info][gc,heap        ] GC(917) Survivor regions: 110->110(153)
[3753.670s][info][gc,heap        ] GC(917) Old regions: 536->474
[3753.670s][info][gc,heap        ] GC(917) Humongous regions: 80->80
[3753.670s][info][gc,metaspace   ] GC(917) Metaspace: 28955K(29376K)->28955K(29376K) NonClass: 24084K(24256K)->24084K(24256K) Class: 4870K(5120K)->4870K(5120K)
[3753.670s][info][gc             ] GC(917) Pause Young (Mixed) (G1 Evacuation Pause) 3667M->1325M(4096M) 131.425ms
[3753.670s][info][gc,cpu         ] GC(917) User=0.78s Sys=0.00s Real=0.13s
...[3756.408s][info][gc,start       ] GC(918) Pause Young (Concurrent Start) (G1 Evacuation Pause)
[3756.408s][info][gc,task        ] GC(918) Using 6 workers of 6 for evacuation
[3756.526s][info][gc,phases      ] GC(918)   Pre Evacuate Collection Set: 0.34ms
[3756.526s][info][gc,phases      ] GC(918)   Merge Heap Roots: 0.45ms
[3756.526s][info][gc,phases      ] GC(918)   Evacuate Collection Set: 116.54ms
[3756.526s][info][gc,phases      ] GC(918)   Post Evacuate Collection Set: 0.88ms
[3756.526s][info][gc,phases      ] GC(918)   Other: 0.11ms
[3756.526s][info][gc,heap        ] GC(918) Eden regions: 1118->0(1119)
[3756.526s][info][gc,heap        ] GC(918) Survivor regions: 110->109(154)
[3756.526s][info][gc,heap        ] GC(918) Old regions: 474->506
[3756.526s][info][gc,heap        ] GC(918) Humongous regions: 80->80
[3756.526s][info][gc,metaspace   ] GC(918) Metaspace: 28955K(29376K)->28955K(29376K) NonClass: 24084K(24256K)->24084K(24256K) Class: 4870K(5120K)->4870K(5120K)
[3756.526s][info][gc             ] GC(918) Pause Young (Concurrent Start) (G1 Evacuation Pause) 3561M->1388M(4096M) 118.447ms
[3756.526s][info][gc             ] GC(919) Concurrent Mark Cycle
[3756.526s][info][gc,marking     ] GC(919) Concurrent Scan Root Regions
[3756.526s][info][gc,cpu         ] GC(918) User=0.70s Sys=0.00s Real=0.12s
[3756.708s][info][gc,marking     ] GC(919) Concurrent Scan Root Regions 181.624ms
[3756.708s][info][gc,marking     ] GC(919) Concurrent Mark
[3756.708s][info][gc,marking     ] GC(919) Concurrent Mark From Roots
[3756.708s][info][gc,task        ] GC(919) Using 2 workers of 2 for marking
.[3757.426s][info][gc,marking     ] GC(919) Concurrent Mark From Roots 718.109ms
[3757.426s][info][gc,marking     ] GC(919) Concurrent Preclean
[3757.426s][info][gc,marking     ] GC(919) Concurrent Preclean 0.106ms
[3757.428s][info][gc,start       ] GC(919) Pause Remark
[3757.433s][info][gc             ] GC(919) Pause Remark 2156M->2156M(4096M) 5.314ms
[3757.433s][info][gc,cpu         ] GC(919) User=0.03s Sys=0.00s Real=0.01s
[3757.434s][info][gc,marking     ] GC(919) Concurrent Mark 726.602ms
[3757.434s][info][gc,marking     ] GC(919) Concurrent Rebuild Remembered Sets and Scrub Regions
[3757.802s][info][gc,marking     ] GC(919) Concurrent Rebuild Remembered Sets and Scrub Regions 368.017ms
[3757.802s][info][gc,start       ] GC(919) Pause Cleanup
[3757.803s][info][gc             ] GC(919) Pause Cleanup 2495M->2495M(4096M) 0.099ms
[3757.803s][info][gc,cpu         ] GC(919) User=0.00s Sys=0.00s Real=0.00s
[3757.803s][info][gc,marking     ] GC(919) Concurrent Clear Claimed Marks
[3757.803s][info][gc,marking     ] GC(919) Concurrent Clear Claimed Marks 0.027ms
[3757.803s][info][gc,marking     ] GC(919) Concurrent Cleanup for Next Mark
[3757.807s][info][gc,marking     ] GC(919) Concurrent Cleanup for Next Mark 4.829ms
[3757.808s][info][gc             ] GC(919) Concurrent Mark Cycle 1281.535ms
..[3759.218s][info][gc,start       ] GC(920) Pause Young (Prepare Mixed) (G1 Evacuation Pause)
[3759.218s][info][gc,task        ] GC(920) Using 6 workers of 6 for evacuation
[3759.335s][info][gc,phases      ] GC(920)   Pre Evacuate Collection Set: 0.30ms
[3759.335s][info][gc,phases      ] GC(920)   Merge Heap Roots: 0.48ms
[3759.335s][info][gc,phases      ] GC(920)   Evacuate Collection Set: 115.41ms
[3759.335s][info][gc,phases      ] GC(920)   Post Evacuate Collection Set: 0.89ms
[3759.335s][info][gc,phases      ] GC(920)   Other: 0.08ms
[3759.335s][info][gc,heap        ] GC(920) Eden regions: 1119->0(1105)
[3759.335s][info][gc,heap        ] GC(920) Survivor regions: 109->111(154)
[3759.335s][info][gc,heap        ] GC(920) Old regions: 506->538
[3759.335s][info][gc,heap        ] GC(920) Humongous regions: 80->80
[3759.335s][info][gc,metaspace   ] GC(920) Metaspace: 28955K(29376K)->28955K(29376K) NonClass: 24084K(24256K)->24084K(24256K) Class: 4870K(5120K)->4870K(5120K)
[3759.335s][info][gc             ] GC(920) Pause Young (Prepare Mixed) (G1 Evacuation Pause) 3626M->1455M(4096M) 117.305ms
[3759.335s][info][gc,cpu         ] GC(920) User=0.69s Sys=0.01s Real=0.12s
...[3762.023s][info][gc,start       ] GC(921) Pause Young (Mixed) (G1 Evacuation Pause)
[3762.023s][info][gc,task        ] GC(921) Using 6 workers of 6 for evacuation
[3762.158s][info][gc,phases      ] GC(921)   Pre Evacuate Collection Set: 0.35ms
[3762.158s][info][gc,phases      ] GC(921)   Merge Heap Roots: 0.69ms
[3762.158s][info][gc,phases      ] GC(921)   Evacuate Collection Set: 133.21ms
[3762.158s][info][gc,phases      ] GC(921)   Post Evacuate Collection Set: 0.94ms
[3762.158s][info][gc,phases      ] GC(921)   Other: 0.09ms
[3762.158s][info][gc,heap        ] GC(921) Eden regions: 1105->0(1119)
[3762.158s][info][gc,heap        ] GC(921) Survivor regions: 111->109(152)
[3762.158s][info][gc,heap        ] GC(921) Old regions: 538->474
[3762.158s][info][gc,heap        ] GC(921) Humongous regions: 80->80
[3762.158s][info][gc,metaspace   ] GC(921) Metaspace: 28955K(29376K)->28955K(29376K) NonClass: 24084K(24256K)->24084K(24256K) Class: 4870K(5120K)->4870K(5120K)
[3762.158s][info][gc             ] GC(921) Pause Young (Mixed) (G1 Evacuation Pause) 3665M->1325M(4096M) 135.404ms
[3762.158s][info][gc,cpu         ] GC(921) User=0.81s Sys=0.00s Real=0.14s
..[3764.831s][info][gc,start       ] GC(922) Pause Young (Concurrent Start) (G1 Evacuation Pause)
[3764.831s][info][gc,task        ] GC(922) Using 6 workers of 6 for evacuation
[3764.945s][info][gc,phases      ] GC(922)   Pre Evacuate Collection Set: 0.40ms
[3764.945s][info][gc,phases      ] GC(922)   Merge Heap Roots: 0.44ms
[3764.945s][info][gc,phases      ] GC(922)   Evacuate Collection Set: 112.08ms
[3764.945s][info][gc,phases      ] GC(922)   Post Evacuate Collection Set: 0.85ms
[3764.945s][info][gc,phases      ] GC(922)   Other: 0.12ms
[3764.945s][info][gc,heap        ] GC(922) Eden regions: 1119->0(1121)
[3764.945s][info][gc,heap        ] GC(922) Survivor regions: 109->107(154)
[3764.945s][info][gc,heap        ] GC(922) Old regions: 474->506
[3764.945s][info][gc,heap        ] GC(922) Humongous regions: 80->80
[3764.945s][info][gc,metaspace   ] GC(922) Metaspace: 28955K(29376K)->28955K(29376K) NonClass: 24084K(24256K)->24084K(24256K) Class: 4870K(5120K)->4870K(5120K)
[3764.945s][info][gc             ] GC(922) Pause Young (Concurrent Start) (G1 Evacuation Pause) 3563M->1385M(4096M) 114.021ms
[3764.945s][info][gc             ] GC(923) Concurrent Mark Cycle
[3764.945s][info][gc,marking     ] GC(923) Concurrent Scan Root Regions
[3764.945s][info][gc,cpu         ] GC(922) User=0.68s Sys=0.00s Real=0.12s
.[3765.128s][info][gc,marking     ] GC(923) Concurrent Scan Root Regions 182.845ms
[3765.128s][info][gc,marking     ] GC(923) Concurrent Mark
[3765.128s][info][gc,marking     ] GC(923) Concurrent Mark From Roots
[3765.128s][info][gc,task        ] GC(923) Using 2 workers of 2 for marking
.[3766.058s][info][gc,marking     ] GC(923) Concurrent Mark From Roots 929.702ms
[3766.058s][info][gc,marking     ] GC(923) Concurrent Preclean
[3766.058s][info][gc,marking     ] GC(923) Concurrent Preclean 0.105ms
[3766.058s][info][gc,start       ] GC(923) Pause Remark
[3766.065s][info][gc             ] GC(923) Pause Remark 2332M->2332M(4096M) 6.909ms
[3766.065s][info][gc,cpu         ] GC(923) User=0.04s Sys=0.00s Real=0.01s
[3766.065s][info][gc,marking     ] GC(923) Concurrent Mark 936.966ms
[3766.065s][info][gc,marking     ] GC(923) Concurrent Rebuild Remembered Sets and Scrub Regions
[3766.334s][info][gc,marking     ] GC(923) Concurrent Rebuild Remembered Sets and Scrub Regions 268.691ms
[3766.334s][info][gc,start       ] GC(923) Pause Cleanup
[3766.334s][info][gc             ] GC(923) Pause Cleanup 2565M->2565M(4096M) 0.105ms
[3766.334s][info][gc,cpu         ] GC(923) User=0.00s Sys=0.00s Real=0.00s
[3766.334s][info][gc,marking     ] GC(923) Concurrent Clear Claimed Marks
[3766.334s][info][gc,marking     ] GC(923) Concurrent Clear Claimed Marks 0.029ms
[3766.334s][info][gc,marking     ] GC(923) Concurrent Cleanup for Next Mark
[3766.339s][info][gc,marking     ] GC(923) Concurrent Cleanup for Next Mark 4.582ms
[3766.339s][info][gc             ] GC(923) Concurrent Mark Cycle 1393.885ms
.[3767.693s][info][gc,start       ] GC(924) Pause Young (Prepare Mixed) (G1 Evacuation Pause)
[3767.693s][info][gc,task        ] GC(924) Using 6 workers of 6 for evacuation
[3767.808s][info][gc,phases      ] GC(924)   Pre Evacuate Collection Set: 0.30ms
[3767.808s][info][gc,phases      ] GC(924)   Merge Heap Roots: 0.49ms
[3767.808s][info][gc,phases      ] GC(924)   Evacuate Collection Set: 113.99ms
[3767.808s][info][gc,phases      ] GC(924)   Post Evacuate Collection Set: 0.88ms
[3767.808s][info][gc,phases      ] GC(924)   Other: 0.08ms
[3767.808s][info][gc,heap        ] GC(924) Eden regions: 1121->0(1109)
[3767.808s][info][gc,heap        ] GC(924) Survivor regions: 107->109(154)
[3767.808s][info][gc,heap        ] GC(924) Old regions: 506->538
[3767.808s][info][gc,heap        ] GC(924) Humongous regions: 80->80
[3767.808s][info][gc,metaspace   ] GC(924) Metaspace: 28955K(29376K)->28955K(29376K) NonClass: 24084K(24256K)->24084K(24256K) Class: 4870K(5120K)->4870K(5120K)
[3767.808s][info][gc             ] GC(924) Pause Young (Prepare Mixed) (G1 Evacuation Pause) 3627M->1451M(4096M) 115.873ms
[3767.808s][info][gc,cpu         ] GC(924) User=0.69s Sys=0.00s Real=0.12s
.. (rIR:aIR:PR = 6642:6651:6650) (tPR = 98690) [OK] 
  3768s: Performance info:
         Transaction,    Success,    Partial,     Failed,   Receipts, AvgBarcode, 
             Overall,     401560,          0,          0,     381493,      59.46, 
         Response times:
             Request,    Success,    Partial,     Failed,   SkipFail,     Probes,    Samples,      min,      p50,      p90,      p95,      p99,      max, 
       TotalPurchase,     381516,          0,          0,          0,     359535,     454665,      300,     5600,    34000,    62000,   125000,   253000,
     InStorePurchase,     200750,          0,          0,          0,     189173,     239389,      300,     5500,    34000,    62000,   125000,   253000,
      OnlinePurchase,     140664,          0,          0,          0,     132461,     166985,      300,     5800,    34000,    63000,   127000,   253000,
        InstPurchase,      40102,          0,          0,          0,      37901,      48291,      400,     5600,    34000,    62000,   125000,   253000,
          AssocOfCat,        398,          0,          0,          0,        322,        507,    22000,    39000,    92000,   132200,   194920,   244000,
      AssocOfProduct,       4001,          0,          0,          0,       3733,       4960,      800,     6400,    41000,    68000,   132000,   220000,
      BusinessReport,       1002,          0,          0,          0,        890,       1250,    28000,    43000,    85900,   115450,   181000,   221000,
          CustBuyBeh,       4020,          0,          0,          0,       3798,       5063,      200,     3700,    24000,    52000,   113000,   160000,
       ProductReturn,      10645,          0,          0,          0,      10082,      13035,      200,     4900,    32000,    58000,   121000,   181000,

  3768s: (49%)   IR =   6780 .[3770.476s][info][gc,start       ] GC(925) Pause Young (Mixed) (G1 Evacuation Pause)
[3770.476s][info][gc,task        ] GC(925) Using 6 workers of 6 for evacuation
[3770.607s][info][gc,phases      ] GC(925)   Pre Evacuate Collection Set: 0.39ms
[3770.607s][info][gc,phases      ] GC(925)   Merge Heap Roots: 0.63ms
[3770.607s][info][gc,phases      ] GC(925)   Evacuate Collection Set: 128.33ms
[3770.607s][info][gc,phases      ] GC(925)   Post Evacuate Collection Set: 0.98ms
[3770.607s][info][gc,phases      ] GC(925)   Other: 0.09ms
[3770.607s][info][gc,heap        ] GC(925) Eden regions: 1109->0(1118)
[3770.607s][info][gc,heap        ] GC(925) Survivor regions: 109->110(153)
[3770.607s][info][gc,heap        ] GC(925) Old regions: 538->474
[3770.607s][info][gc,heap        ] GC(925) Humongous regions: 80->80
[3770.607s][info][gc,metaspace   ] GC(925) Metaspace: 28955K(29376K)->28955K(29376K) NonClass: 24084K(24256K)->24084K(24256K) Class: 4870K(5120K)->4870K(5120K)
[3770.607s][info][gc             ] GC(925) Pause Young (Mixed) (G1 Evacuation Pause) 3669M->1326M(4096M) 130.551ms
[3770.607s][info][gc,cpu         ] GC(925) User=0.78s Sys=0.00s Real=0.13s
...|[3773.244s][info][gc,start       ] GC(926) Pause Young (Concurrent Start) (G1 Evacuation Pause)
[3773.244s][info][gc,task        ] GC(926) Using 6 workers of 6 for evacuation
[3773.365s][info][gc,phases      ] GC(926)   Pre Evacuate Collection Set: 0.40ms
[3773.365s][info][gc,phases      ] GC(926)   Merge Heap Roots: 0.50ms
[3773.365s][info][gc,phases      ] GC(926)   Evacuate Collection Set: 119.55ms
[3773.365s][info][gc,phases      ] GC(926)   Post Evacuate Collection Set: 0.85ms
[3773.365s][info][gc,phases      ] GC(926)   Other: 0.12ms
[3773.365s][info][gc,heap        ] GC(926) Eden regions: 1118->0(1116)
[3773.365s][info][gc,heap        ] GC(926) Survivor regions: 110->112(154)
[3773.365s][info][gc,heap        ] GC(926) Old regions: 474->506
[3773.365s][info][gc,heap        ] GC(926) Humongous regions: 80->80
[3773.365s][info][gc,metaspace   ] GC(926) Metaspace: 28955K(29376K)->28955K(29376K) NonClass: 24084K(24256K)->24084K(24256K) Class: 4870K(5120K)->4870K(5120K)
[3773.365s][info][gc             ] GC(926) Pause Young (Concurrent Start) (G1 Evacuation Pause) 3562M->1393M(4096M) 121.554ms
[3773.365s][info][gc             ] GC(927) Concurrent Mark Cycle
[3773.365s][info][gc,marking     ] GC(927) Concurrent Scan Root Regions
[3773.365s][info][gc,cpu         ] GC(926) User=0.72s Sys=0.00s Real=0.12s
[3773.557s][info][gc,marking     ] GC(927) Concurrent Scan Root Regions 191.696ms
[3773.557s][info][gc,marking     ] GC(927) Concurrent Mark
[3773.557s][info][gc,marking     ] GC(927) Concurrent Mark From Roots
[3773.557s][info][gc,task        ] GC(927) Using 2 workers of 2 for marking
.[3774.521s][info][gc,marking     ] GC(927) Concurrent Mark From Roots 963.661ms
[3774.521s][info][gc,marking     ] GC(927) Concurrent Preclean
[3774.521s][info][gc,marking     ] GC(927) Concurrent Preclean 0.158ms
[3774.521s][info][gc,start       ] GC(927) Pause Remark
[3774.527s][info][gc             ] GC(927) Pause Remark 2420M->2420M(4096M) 6.344ms
[3774.527s][info][gc,cpu         ] GC(927) User=0.03s Sys=0.00s Real=0.01s
[3774.527s][info][gc,marking     ] GC(927) Concurrent Mark 970.570ms
[3774.527s][info][gc,marking     ] GC(927) Concurrent Rebuild Remembered Sets and Scrub Regions
[3774.934s][info][gc,marking     ] GC(927) Concurrent Rebuild Remembered Sets and Scrub Regions 406.182ms
[3774.934s][info][gc,start       ] GC(927) Pause Cleanup
[3774.934s][info][gc             ] GC(927) Pause Cleanup 2797M->2797M(4096M) 0.101ms
[3774.934s][info][gc,cpu         ] GC(927) User=0.00s Sys=0.00s Real=0.00s
[3774.934s][info][gc,marking     ] GC(927) Concurrent Clear Claimed Marks
[3774.934s][info][gc,marking     ] GC(927) Concurrent Clear Claimed Marks 0.023ms
[3774.934s][info][gc,marking     ] GC(927) Concurrent Cleanup for Next Mark
[3774.939s][info][gc,marking     ] GC(927) Concurrent Cleanup for Next Mark 4.542ms
[3774.939s][info][gc             ] GC(927) Concurrent Mark Cycle 1573.471ms
.[3776.001s][info][gc,start       ] GC(928) Pause Young (Prepare Mixed) (G1 Evacuation Pause)
[3776.001s][info][gc,task        ] GC(928) Using 6 workers of 6 for evacuation
[3776.117s][info][gc,phases      ] GC(928)   Pre Evacuate Collection Set: 0.31ms
[3776.117s][info][gc,phases      ] GC(928)   Merge Heap Roots: 0.49ms
[3776.117s][info][gc,phases      ] GC(928)   Evacuate Collection Set: 113.83ms
[3776.117s][info][gc,phases      ] GC(928)   Post Evacuate Collection Set: 0.90ms
[3776.117s][info][gc,phases      ] GC(928)   Other: 0.08ms
[3776.117s][info][gc,heap        ] GC(928) Eden regions: 1116->0(1109)
[3776.117s][info][gc,heap        ] GC(928) Survivor regions: 112->109(154)
[3776.117s][info][gc,heap        ] GC(928) Old regions: 506->538
[3776.117s][info][gc,heap        ] GC(928) Humongous regions: 80->80
[3776.117s][info][gc,metaspace   ] GC(928) Metaspace: 28955K(29376K)->28955K(29376K) NonClass: 24084K(24256K)->24084K(24256K) Class: 4870K(5120K)->4870K(5120K)
[3776.117s][info][gc             ] GC(928) Pause Young (Prepare Mixed) (G1 Evacuation Pause) 3625M->1452M(4096M) 115.743ms
[3776.117s][info][gc,cpu         ] GC(928) User=0.69s Sys=0.00s Real=0.12s
...[3778.718s][info][gc,start       ] GC(929) Pause Young (Mixed) (G1 Evacuation Pause)
[3778.718s][info][gc,task        ] GC(929) Using 6 workers of 6 for evacuation
[3778.847s][info][gc,phases      ] GC(929)   Pre Evacuate Collection Set: 0.35ms
[3778.847s][info][gc,phases      ] GC(929)   Merge Heap Roots: 0.64ms
[3778.847s][info][gc,phases      ] GC(929)   Evacuate Collection Set: 127.51ms
[3778.847s][info][gc,phases      ] GC(929)   Post Evacuate Collection Set: 0.94ms
[3778.847s][info][gc,phases      ] GC(929)   Other: 0.08ms
[3778.847s][info][gc,heap        ] GC(929) Eden regions: 1109->0(1119)
[3778.847s][info][gc,heap        ] GC(929) Survivor regions: 109->109(153)
[3778.847s][info][gc,heap        ] GC(929) Old regions: 538->474
[3778.847s][info][gc,heap        ] GC(929) Humongous regions: 80->80
[3778.847s][info][gc,metaspace   ] GC(929) Metaspace: 28955K(29376K)->28955K(29376K) NonClass: 24084K(24256K)->24084K(24256K) Class: 4870K(5120K)->4870K(5120K)
[3778.847s][info][gc             ] GC(929) Pause Young (Mixed) (G1 Evacuation Pause) 3670M->1323M(4096M) 129.653ms
[3778.847s][info][gc,cpu         ] GC(929) User=0.77s Sys=0.00s Real=0.13s
...[3781.521s][info][gc,start       ] GC(930) Pause Young (Concurrent Start) (G1 Evacuation Pause)
[3781.521s][info][gc,task        ] GC(930) Using 6 workers of 6 for evacuation
[3781.642s][info][gc,phases      ] GC(930)   Pre Evacuate Collection Set: 0.39ms
[3781.642s][info][gc,phases      ] GC(930)   Merge Heap Roots: 0.47ms
[3781.642s][info][gc,phases      ] GC(930)   Evacuate Collection Set: 119.18ms
[3781.642s][info][gc,phases      ] GC(930)   Post Evacuate Collection Set: 0.87ms
[3781.642s][info][gc,phases      ] GC(930)   Other: 0.13ms
[3781.642s][info][gc,heap        ] GC(930) Eden regions: 1119->0(1114)
[3781.642s][info][gc,heap        ] GC(930) Survivor regions: 109->114(154)
[3781.642s][info][gc,heap        ] GC(930) Old regions: 474->507
[3781.642s][info][gc,heap        ] GC(930) Humongous regions: 80->80
[3781.642s][info][gc,metaspace   ] GC(930) Metaspace: 28955K(29376K)->28955K(29376K) NonClass: 24084K(24256K)->24084K(24256K) Class: 4870K(5120K)->4870K(5120K)
[3781.642s][info][gc             ] GC(930) Pause Young (Concurrent Start) (G1 Evacuation Pause) 3561M->1400M(4096M) 121.166ms
[3781.642s][info][gc             ] GC(931) Concurrent Mark Cycle
[3781.642s][info][gc,marking     ] GC(931) Concurrent Scan Root Regions
[3781.642s][info][gc,cpu         ] GC(930) User=0.72s Sys=0.01s Real=0.12s
[3781.830s][info][gc,marking     ] GC(931) Concurrent Scan Root Regions 188.048ms
[3781.830s][info][gc,marking     ] GC(931) Concurrent Mark
[3781.830s][info][gc,marking     ] GC(931) Concurrent Mark From Roots
[3781.830s][info][gc,task        ] GC(931) Using 2 workers of 2 for marking
.[3782.694s][info][gc,marking     ] GC(931) Concurrent Mark From Roots 863.771ms
[3782.694s][info][gc,marking     ] GC(931) Concurrent Preclean
[3782.694s][info][gc,marking     ] GC(931) Concurrent Preclean 0.154ms
[3782.694s][info][gc,start       ] GC(931) Pause Remark
[3782.701s][info][gc             ] GC(931) Pause Remark 2353M->2353M(4096M) 6.678ms
[3782.701s][info][gc,cpu         ] GC(931) User=0.04s Sys=0.00s Real=0.00s
[3782.701s][info][gc,marking     ] GC(931) Concurrent Mark 870.912ms
[3782.701s][info][gc,marking     ] GC(931) Concurrent Rebuild Remembered Sets and Scrub Regions
[3782.989s][info][gc,marking     ] GC(931) Concurrent Rebuild Remembered Sets and Scrub Regions 287.347ms
[3782.989s][info][gc,start       ] GC(931) Pause Cleanup
[3782.989s][info][gc             ] GC(931) Pause Cleanup 2570M->2570M(4096M) 0.104ms
[3782.989s][info][gc,cpu         ] GC(931) User=0.00s Sys=0.00s Real=0.00s
[3782.990s][info][gc,marking     ] GC(931) Concurrent Clear Claimed Marks
[3782.990s][info][gc,marking     ] GC(931) Concurrent Clear Claimed Marks 0.054ms
[3782.990s][info][gc,marking     ] GC(931) Concurrent Cleanup for Next Mark
[3782.995s][info][gc,marking     ] GC(931) Concurrent Cleanup for Next Mark 4.967ms
[3782.995s][info][gc             ] GC(931) Concurrent Mark Cycle 1353.273ms
..[3784.263s][info][gc,start       ] GC(932) Pause Young (Prepare Mixed) (G1 Evacuation Pause)
[3784.263s][info][gc,task        ] GC(932) Using 6 workers of 6 for evacuation
[3784.383s][info][gc,phases      ] GC(932)   Pre Evacuate Collection Set: 0.29ms
[3784.383s][info][gc,phases      ] GC(932)   Merge Heap Roots: 0.52ms
[3784.384s][info][gc,phases      ] GC(932)   Evacuate Collection Set: 118.21ms
[3784.384s][info][gc,phases      ] GC(932)   Post Evacuate Collection Set: 0.92ms
[3784.384s][info][gc,phases      ] GC(932)   Other: 0.08ms
[3784.384s][info][gc,heap        ] GC(932) Eden regions: 1114->0(1101)
[3784.384s][info][gc,heap        ] GC(932) Survivor regions: 114->113(154)
[3784.384s][info][gc,heap        ] GC(932) Old regions: 507->538
[3784.384s][info][gc,heap        ] GC(932) Humongous regions: 80->80
[3784.384s][info][gc,metaspace   ] GC(932) Metaspace: 28955K(29376K)->28955K(29376K) NonClass: 24084K(24256K)->24084K(24256K) Class: 4870K(5120K)->4870K(5120K)
[3784.384s][info][gc             ] GC(932) Pause Young (Prepare Mixed) (G1 Evacuation Pause) 3628M->1459M(4096M) 120.150ms
[3784.384s][info][gc,cpu         ] GC(932) User=0.71s Sys=0.00s Real=0.12s
..[3786.967s][info][gc,start       ] GC(933) Pause Young (Mixed) (G1 Evacuation Pause)
[3786.967s][info][gc,task        ] GC(933) Using 6 workers of 6 for evacuation
[3787.097s][info][gc,phases      ] GC(933)   Pre Evacuate Collection Set: 0.35ms
[3787.097s][info][gc,phases      ] GC(933)   Merge Heap Roots: 0.66ms
[3787.097s][info][gc,phases      ] GC(933)   Evacuate Collection Set: 128.05ms
[3787.097s][info][gc,phases      ] GC(933)   Post Evacuate Collection Set: 0.94ms
[3787.097s][info][gc,phases      ] GC(933)   Other: 0.09ms
[3787.097s][info][gc,heap        ] GC(933) Eden regions: 1101->0(1121)
[3787.097s][info][gc,heap        ] GC(933) Survivor regions: 113->107(152)
[3787.097s][info][gc,heap        ] GC(933) Old regions: 538->474
[3787.097s][info][gc,heap        ] GC(933) Humongous regions: 80->80
[3787.097s][info][gc,metaspace   ] GC(933) Metaspace: 28955K(29376K)->28955K(29376K) NonClass: 24084K(24256K)->24084K(24256K) Class: 4870K(5120K)->4870K(5120K)
[3787.097s][info][gc             ] GC(933) Pause Young (Mixed) (G1 Evacuation Pause) 3661M->1320M(4096M) 130.233ms
[3787.097s][info][gc,cpu         ] GC(933) User=0.77s Sys=0.00s Real=0.13s
...[3789.778s][info][gc,start       ] GC(934) Pause Young (Concurrent Start) (G1 Evacuation Pause)
[3789.778s][info][gc,task        ] GC(934) Using 6 workers of 6 for evacuation
[3789.891s][info][gc,phases      ] GC(934)   Pre Evacuate Collection Set: 0.35ms
[3789.891s][info][gc,phases      ] GC(934)   Merge Heap Roots: 0.44ms
[3789.891s][info][gc,phases      ] GC(934)   Evacuate Collection Set: 111.38ms
[3789.891s][info][gc,phases      ] GC(934)   Post Evacuate Collection Set: 0.85ms
[3789.891s][info][gc,phases      ] GC(934)   Other: 0.10ms
[3789.891s][info][gc,heap        ] GC(934) Eden regions: 1121->0(1121)
[3789.891s][info][gc,heap        ] GC(934) Survivor regions: 107->107(154)
[3789.891s][info][gc,heap        ] GC(934) Old regions: 474->506
[3789.891s][info][gc,heap        ] GC(934) Humongous regions: 80->80
[3789.891s][info][gc,metaspace   ] GC(934) Metaspace: 28955K(29376K)->28955K(29376K) NonClass: 24084K(24256K)->24084K(24256K) Class: 4870K(5120K)->4870K(5120K)
[3789.891s][info][gc             ] GC(934) Pause Young (Concurrent Start) (G1 Evacuation Pause) 3562M->1383M(4096M) 113.255ms
[3789.891s][info][gc             ] GC(935) Concurrent Mark Cycle
[3789.891s][info][gc,marking     ] GC(935) Concurrent Scan Root Regions
[3789.891s][info][gc,cpu         ] GC(934) User=0.68s Sys=0.00s Real=0.11s
[3790.032s][info][gc,marking     ] GC(935) Concurrent Scan Root Regions 140.552ms
[3790.032s][info][gc,marking     ] GC(935) Concurrent Mark
[3790.032s][info][gc,marking     ] GC(935) Concurrent Mark From Roots
[3790.032s][info][gc,task        ] GC(935) Using 2 workers of 2 for marking
.[3790.714s][info][gc,marking     ] GC(935) Concurrent Mark From Roots 681.731ms
[3790.714s][info][gc,marking     ] GC(935) Concurrent Preclean
[3790.714s][info][gc,marking     ] GC(935) Concurrent Preclean 0.123ms
[3790.716s][info][gc,start       ] GC(935) Pause Remark
[3790.721s][info][gc             ] GC(935) Pause Remark 2073M->2073M(4096M) 5.827ms
[3790.721s][info][gc,cpu         ] GC(935) User=0.03s Sys=0.00s Real=0.00s
[3790.723s][info][gc,marking     ] GC(935) Concurrent Mark 690.698ms
[3790.723s][info][gc,marking     ] GC(935) Concurrent Rebuild Remembered Sets and Scrub Regions
[3791.047s][info][gc,marking     ] GC(935) Concurrent Rebuild Remembered Sets and Scrub Regions 324.589ms
[3791.049s][info][gc,start       ] GC(935) Pause Cleanup
[3791.049s][info][gc             ] GC(935) Pause Cleanup 2373M->2373M(4096M) 0.144ms
[3791.049s][info][gc,cpu         ] GC(935) User=0.00s Sys=0.00s Real=0.00s
[3791.049s][info][gc,marking     ] GC(935) Concurrent Clear Claimed Marks
[3791.049s][info][gc,marking     ] GC(935) Concurrent Clear Claimed Marks 0.038ms
[3791.049s][info][gc,marking     ] GC(935) Concurrent Cleanup for Next Mark
[3791.055s][info][gc,marking     ] GC(935) Concurrent Cleanup for Next Mark 5.409ms
[3791.055s][info][gc             ] GC(935) Concurrent Mark Cycle 1163.612ms
..[3792.554s][info][gc,start       ] GC(936) Pause Young (Prepare Mixed) (G1 Evacuation Pause)
[3792.554s][info][gc,task        ] GC(936) Using 6 workers of 6 for evacuation
[3792.679s][info][gc,phases      ] GC(936)   Pre Evacuate Collection Set: 0.36ms
[3792.679s][info][gc,phases      ] GC(936)   Merge Heap Roots: 0.62ms
[3792.679s][info][gc,phases      ] GC(936)   Evacuate Collection Set: 122.92ms
[3792.679s][info][gc,phases      ] GC(936)   Post Evacuate Collection Set: 0.94ms
[3792.679s][info][gc,phases      ] GC(936)   Other: 0.10ms
[3792.679s][info][gc,heap        ] GC(936) Eden regions: 1121->0(1094)
[3792.679s][info][gc,heap        ] GC(936) Survivor regions: 107->117(154)
[3792.679s][info][gc,heap        ] GC(936) Old regions: 506->537
[3792.679s][info][gc,heap        ] GC(936) Humongous regions: 80->80
[3792.679s][info][gc,metaspace   ] GC(936) Metaspace: 28955K(29376K)->28955K(29376K) NonClass: 24084K(24256K)->24084K(24256K) Class: 4870K(5120K)->4870K(5120K)
[3792.679s][info][gc             ] GC(936) Pause Young (Prepare Mixed) (G1 Evacuation Pause) 3625M->1466M(4096M) 125.077ms
[3792.679s][info][gc,cpu         ] GC(936) User=0.74s Sys=0.01s Real=0.12s
..[3795.266s][info][gc,start       ] GC(937) Pause Young (Mixed) (G1 Evacuation Pause)
[3795.266s][info][gc,task        ] GC(937) Using 6 workers of 6 for evacuation
[3795.400s][info][gc,phases      ] GC(937)   Pre Evacuate Collection Set: 0.34ms
[3795.400s][info][gc,phases      ] GC(937)   Merge Heap Roots: 0.64ms
[3795.400s][info][gc,phases      ] GC(937)   Evacuate Collection Set: 132.34ms
[3795.400s][info][gc,phases      ] GC(937)   Post Evacuate Collection Set: 0.95ms
[3795.400s][info][gc,phases      ] GC(937)   Other: 0.09ms
[3795.400s][info][gc,heap        ] GC(937) Eden regions: 1094->0(1119)
[3795.400s][info][gc,heap        ] GC(937) Survivor regions: 117->109(152)
[3795.400s][info][gc,heap        ] GC(937) Old regions: 537->473
[3795.400s][info][gc,heap        ] GC(937) Humongous regions: 80->80
[3795.400s][info][gc,metaspace   ] GC(937) Metaspace: 28955K(29376K)->28955K(29376K) NonClass: 24084K(24256K)->24084K(24256K) Class: 4870K(5120K)->4870K(5120K)
[3795.400s][info][gc             ] GC(937) Pause Young (Mixed) (G1 Evacuation Pause) 3654M->1322M(4096M) 134.508ms
[3795.400s][info][gc,cpu         ] GC(937) User=0.80s Sys=0.00s Real=0.13s
...[3798.009s][info][gc,start       ] GC(938) Pause Young (Concurrent Start) (G1 Evacuation Pause)
[3798.009s][info][gc,task        ] GC(938) Using 6 workers of 6 for evacuation
[3798.127s][info][gc,phases      ] GC(938)   Pre Evacuate Collection Set: 0.33ms
[3798.127s][info][gc,phases      ] GC(938)   Merge Heap Roots: 0.44ms
[3798.127s][info][gc,phases      ] GC(938)   Evacuate Collection Set: 116.25ms
[3798.127s][info][gc,phases      ] GC(938)   Post Evacuate Collection Set: 0.86ms
[3798.127s][info][gc,phases      ] GC(938)   Other: 0.12ms
[3798.127s][info][gc,heap        ] GC(938) Eden regions: 1119->0(1119)
[3798.127s][info][gc,heap        ] GC(938) Survivor regions: 109->109(154)
[3798.127s][info][gc,heap        ] GC(938) Old regions: 473->506
[3798.127s][info][gc,heap        ] GC(938) Humongous regions: 80->80
[3798.127s][info][gc,metaspace   ] GC(938) Metaspace: 28955K(29376K)->28955K(29376K) NonClass: 24084K(24256K)->24084K(24256K) Class: 4870K(5120K)->4870K(5120K)
[3798.127s][info][gc             ] GC(938) Pause Young (Concurrent Start) (G1 Evacuation Pause) 3560M->1388M(4096M) 118.126ms
[3798.128s][info][gc             ] GC(939) Concurrent Mark Cycle
[3798.128s][info][gc,marking     ] GC(939) Concurrent Scan Root Regions
[3798.128s][info][gc,cpu         ] GC(938) User=0.70s Sys=0.00s Real=0.12s
[3798.270s][info][gc,marking     ] GC(939) Concurrent Scan Root Regions 142.191ms
[3798.270s][info][gc,marking     ] GC(939) Concurrent Mark
[3798.270s][info][gc,marking     ] GC(939) Concurrent Mark From Roots
[3798.270s][info][gc,task        ] GC(939) Using 2 workers of 2 for marking
.[3798.959s][info][gc,marking     ] GC(939) Concurrent Mark From Roots 689.136ms
[3798.959s][info][gc,marking     ] GC(939) Concurrent Preclean
[3798.959s][info][gc,marking     ] GC(939) Concurrent Preclean 0.100ms
[3798.960s][info][gc,start       ] GC(939) Pause Remark
[3798.967s][info][gc             ] GC(939) Pause Remark 2100M->2100M(4096M) 6.262ms
[3798.967s][info][gc,cpu         ] GC(939) User=0.03s Sys=0.00s Real=0.01s
[3798.967s][info][gc,marking     ] GC(939) Concurrent Mark 697.573ms
[3798.967s][info][gc,marking     ] GC(939) Concurrent Rebuild Remembered Sets and Scrub Regions
[3799.275s][info][gc,marking     ] GC(939) Concurrent Rebuild Remembered Sets and Scrub Regions 307.820ms
[3799.276s][info][gc,start       ] GC(939) Pause Cleanup
[3799.277s][info][gc             ] GC(939) Pause Cleanup 2374M->2374M(4096M) 0.121ms
[3799.277s][info][gc,cpu         ] GC(939) User=0.00s Sys=0.00s Real=0.00s
[3799.277s][info][gc,marking     ] GC(939) Concurrent Clear Claimed Marks
[3799.277s][info][gc,marking     ] GC(939) Concurrent Clear Claimed Marks 0.031ms
[3799.277s][info][gc,marking     ] GC(939) Concurrent Cleanup for Next Mark
[3799.283s][info][gc,marking     ] GC(939) Concurrent Cleanup for Next Mark 6.723ms
[3799.283s][info][gc             ] GC(939) Concurrent Mark Cycle 1155.918ms
..[3800.833s][info][gc,start       ] GC(940) Pause Young (Prepare Mixed) (G1 Evacuation Pause)
[3800.834s][info][gc,task        ] GC(940) Using 6 workers of 6 for evacuation
[3800.948s][info][gc,phases      ] GC(940)   Pre Evacuate Collection Set: 0.29ms
[3800.948s][info][gc,phases      ] GC(940)   Merge Heap Roots: 0.51ms
[3800.948s][info][gc,phases      ] GC(940)   Evacuate Collection Set: 113.10ms
[3800.948s][info][gc,phases      ] GC(940)   Post Evacuate Collection Set: 0.90ms
[3800.948s][info][gc,phases      ] GC(940)   Other: 0.09ms
[3800.948s][info][gc,heap        ] GC(940) Eden regions: 1119->0(1112)
[3800.948s][info][gc,heap        ] GC(940) Survivor regions: 109->108(154)
[3800.948s][info][gc,heap        ] GC(940) Old regions: 506->537
[3800.949s][info][gc,heap        ] GC(940) Humongous regions: 80->80
[3800.949s][info][gc,metaspace   ] GC(940) Metaspace: 28955K(29376K)->28955K(29376K) NonClass: 24084K(24256K)->24084K(24256K) Class: 4870K(5120K)->4870K(5120K)
[3800.949s][info][gc             ] GC(940) Pause Young (Prepare Mixed) (G1 Evacuation Pause) 3626M->1448M(4096M) 115.028ms
[3800.949s][info][gc,cpu         ] GC(940) User=0.68s Sys=0.00s Real=0.11s
...[3803.517s][info][gc,start       ] GC(941) Pause Young (Mixed) (G1 Evacuation Pause)
[3803.517s][info][gc,task        ] GC(941) Using 6 workers of 6 for evacuation
[3803.647s][info][gc,phases      ] GC(941)   Pre Evacuate Collection Set: 0.35ms
[3803.647s][info][gc,phases      ] GC(941)   Merge Heap Roots: 0.60ms
[3803.647s][info][gc,phases      ] GC(941)   Evacuate Collection Set: 128.79ms
[3803.647s][info][gc,phases      ] GC(941)   Post Evacuate Collection Set: 0.94ms
[3803.647s][info][gc,phases      ] GC(941)   Other: 0.09ms
[3803.647s][info][gc,heap        ] GC(941) Eden regions: 1112->0(1117)
[3803.647s][info][gc,heap        ] GC(941) Survivor regions: 108->111(153)
[3803.647s][info][gc,heap        ] GC(941) Old regions: 537->473
[3803.647s][info][gc,heap        ] GC(941) Humongous regions: 80->80
[3803.647s][info][gc,metaspace   ] GC(941) Metaspace: 28955K(29376K)->28955K(29376K) NonClass: 24084K(24256K)->24084K(24256K) Class: 4870K(5120K)->4870K(5120K)
[3803.648s][info][gc             ] GC(941) Pause Young (Mixed) (G1 Evacuation Pause) 3672M->1326M(4096M) 130.920ms
[3803.648s][info][gc,cpu         ] GC(941) User=0.78s Sys=0.00s Real=0.13s
..[3806.347s][info][gc,start       ] GC(942) Pause Young (Concurrent Start) (G1 Evacuation Pause)
[3806.347s][info][gc,task        ] GC(942) Using 6 workers of 6 for evacuation
[3806.467s][info][gc,phases      ] GC(942)   Pre Evacuate Collection Set: 0.33ms
[3806.467s][info][gc,phases      ] GC(942)   Merge Heap Roots: 0.43ms
[3806.467s][info][gc,phases      ] GC(942)   Evacuate Collection Set: 117.68ms
[3806.467s][info][gc,phases      ] GC(942)   Post Evacuate Collection Set: 0.87ms
[3806.467s][info][gc,phases      ] GC(942)   Other: 0.10ms
[3806.467s][info][gc,heap        ] GC(942) Eden regions: 1117->0(1117)
[3806.467s][info][gc,heap        ] GC(942) Survivor regions: 111->111(154)
[3806.467s][info][gc,heap        ] GC(942) Old regions: 473->506
[3806.467s][info][gc,heap        ] GC(942) Humongous regions: 80->80
[3806.467s][info][gc,metaspace   ] GC(942) Metaspace: 28955K(29376K)->28955K(29376K) NonClass: 24084K(24256K)->24084K(24256K) Class: 4870K(5120K)->4870K(5120K)
[3806.467s][info][gc             ] GC(942) Pause Young (Concurrent Start) (G1 Evacuation Pause) 3560M->1392M(4096M) 119.546ms
[3806.467s][info][gc             ] GC(943) Concurrent Mark Cycle
[3806.467s][info][gc,marking     ] GC(943) Concurrent Scan Root Regions
[3806.467s][info][gc,cpu         ] GC(942) User=0.72s Sys=0.00s Real=0.12s
.[3806.615s][info][gc,marking     ] GC(943) Concurrent Scan Root Regions 147.803ms
[3806.615s][info][gc,marking     ] GC(943) Concurrent Mark
[3806.615s][info][gc,marking     ] GC(943) Concurrent Mark From Roots
[3806.615s][info][gc,task        ] GC(943) Using 2 workers of 2 for marking
[3807.301s][info][gc,marking     ] GC(943) Concurrent Mark From Roots 686.438ms
[3807.301s][info][gc,marking     ] GC(943) Concurrent Preclean
[3807.301s][info][gc,marking     ] GC(943) Concurrent Preclean 0.093ms
[3807.301s][info][gc,start       ] GC(943) Pause Remark
[3807.307s][info][gc             ] GC(943) Pause Remark 2135M->2135M(4096M) 5.682ms
[3807.307s][info][gc,cpu         ] GC(943) User=0.03s Sys=0.00s Real=0.01s
[3807.307s][info][gc,marking     ] GC(943) Concurrent Mark 692.441ms
[3807.307s][info][gc,marking     ] GC(943) Concurrent Rebuild Remembered Sets and Scrub Regions
.[3807.576s][info][gc,marking     ] GC(943) Concurrent Rebuild Remembered Sets and Scrub Regions 269.064ms
[3807.576s][info][gc,start       ] GC(943) Pause Cleanup
[3807.576s][info][gc             ] GC(943) Pause Cleanup 2384M->2384M(4096M) 0.119ms
[3807.577s][info][gc,cpu         ] GC(943) User=0.00s Sys=0.00s Real=0.00s
[3807.577s][info][gc,marking     ] GC(943) Concurrent Clear Claimed Marks
[3807.577s][info][gc,marking     ] GC(943) Concurrent Clear Claimed Marks 0.029ms
[3807.577s][info][gc,marking     ] GC(943) Concurrent Cleanup for Next Mark
[3807.581s][info][gc,marking     ] GC(943) Concurrent Cleanup for Next Mark 4.451ms
[3807.581s][info][gc             ] GC(943) Concurrent Mark Cycle 1114.309ms
.[3809.112s][info][gc,start       ] GC(944) Pause Young (Prepare Mixed) (G1 Evacuation Pause)
[3809.112s][info][gc,task        ] GC(944) Using 6 workers of 6 for evacuation
[3809.228s][info][gc,phases      ] GC(944)   Pre Evacuate Collection Set: 0.32ms
[3809.228s][info][gc,phases      ] GC(944)   Merge Heap Roots: 0.51ms
[3809.228s][info][gc,phases      ] GC(944)   Evacuate Collection Set: 113.76ms
[3809.228s][info][gc,phases      ] GC(944)   Post Evacuate Collection Set: 0.92ms
[3809.228s][info][gc,phases      ] GC(944)   Other: 0.09ms
[3809.228s][info][gc,heap        ] GC(944) Eden regions: 1117->0(1110)
[3809.228s][info][gc,heap        ] GC(944) Survivor regions: 111->109(154)
[3809.228s][info][gc,heap        ] GC(944) Old regions: 506->537
[3809.228s][info][gc,heap        ] GC(944) Humongous regions: 80->80
[3809.228s][info][gc,metaspace   ] GC(944) Metaspace: 28955K(29376K)->28955K(29376K) NonClass: 24084K(24256K)->24084K(24256K) Class: 4870K(5120K)->4870K(5120K)
[3809.228s][info][gc             ] GC(944) Pause Young (Prepare Mixed) (G1 Evacuation Pause) 3626M->1449M(4096M) 115.761ms
[3809.228s][info][gc,cpu         ] GC(944) User=0.69s Sys=0.00s Real=0.12s
...[3811.814s][info][gc,start       ] GC(945) Pause Young (Mixed) (G1 Evacuation Pause)
[3811.814s][info][gc,task        ] GC(945) Using 6 workers of 6 for evacuation
[3811.947s][info][gc,phases      ] GC(945)   Pre Evacuate Collection Set: 0.35ms
[3811.947s][info][gc,phases      ] GC(945)   Merge Heap Roots: 0.71ms
[3811.947s][info][gc,phases      ] GC(945)   Evacuate Collection Set: 130.55ms
[3811.947s][info][gc,phases      ] GC(945)   Post Evacuate Collection Set: 0.94ms
[3811.947s][info][gc,phases      ] GC(945)   Other: 0.09ms
[3811.947s][info][gc,heap        ] GC(945) Eden regions: 1110->0(1119)
[3811.947s][info][gc,heap        ] GC(945) Survivor regions: 109->109(153)
[3811.947s][info][gc,heap        ] GC(945) Old regions: 537->474
[3811.947s][info][gc,heap        ] GC(945) Humongous regions: 80->80
[3811.947s][info][gc,metaspace   ] GC(945) Metaspace: 28955K(29376K)->28955K(29376K) NonClass: 24084K(24256K)->24084K(24256K) Class: 4870K(5120K)->4870K(5120K)
[3811.947s][info][gc             ] GC(945) Pause Young (Mixed) (G1 Evacuation Pause) 3669M->1324M(4096M) 132.783ms
[3811.947s][info][gc,cpu         ] GC(945) User=0.79s Sys=0.00s Real=0.13s
...[3814.591s][info][gc,start       ] GC(946) Pause Young (Concurrent Start) (G1 Evacuation Pause)
[3814.591s][info][gc,task        ] GC(946) Using 6 workers of 6 for evacuation
[3814.706s][info][gc,phases      ] GC(946)   Pre Evacuate Collection Set: 0.35ms
[3814.706s][info][gc,phases      ] GC(946)   Merge Heap Roots: 0.44ms
[3814.706s][info][gc,phases      ] GC(946)   Evacuate Collection Set: 113.63ms
[3814.706s][info][gc,phases      ] GC(946)   Post Evacuate Collection Set: 0.84ms
[3814.706s][info][gc,phases      ] GC(946)   Other: 0.12ms
[3814.706s][info][gc,heap        ] GC(946) Eden regions: 1119->0(1118)
[3814.706s][info][gc,heap        ] GC(946) Survivor regions: 109->110(154)
[3814.706s][info][gc,heap        ] GC(946) Old regions: 474->506
[3814.706s][info][gc,heap        ] GC(946) Humongous regions: 80->80
[3814.706s][info][gc,metaspace   ] GC(946) Metaspace: 28955K(29376K)->28955K(29376K) NonClass: 24084K(24256K)->24084K(24256K) Class: 4870K(5120K)->4870K(5120K)
[3814.706s][info][gc             ] GC(946) Pause Young (Concurrent Start) (G1 Evacuation Pause) 3562M->1390M(4096M) 115.508ms
[3814.706s][info][gc             ] GC(947) Concurrent Mark Cycle
[3814.706s][info][gc,marking     ] GC(947) Concurrent Scan Root Regions
[3814.706s][info][gc,cpu         ] GC(946) User=0.68s Sys=0.00s Real=0.12s
[3814.893s][info][gc,marking     ] GC(947) Concurrent Scan Root Regions 186.919ms
[3814.893s][info][gc,marking     ] GC(947) Concurrent Mark
[3814.893s][info][gc,marking     ] GC(947) Concurrent Mark From Roots
[3814.893s][info][gc,task        ] GC(947) Using 2 workers of 2 for marking
.[3815.583s][info][gc,marking     ] GC(947) Concurrent Mark From Roots 690.441ms
[3815.585s][info][gc,marking     ] GC(947) Concurrent Preclean
[3815.586s][info][gc,marking     ] GC(947) Concurrent Preclean 0.122ms
[3815.586s][info][gc,start       ] GC(947) Pause Remark
[3815.592s][info][gc             ] GC(947) Pause Remark 2169M->2169M(4096M) 5.671ms
[3815.592s][info][gc,cpu         ] GC(947) User=0.04s Sys=0.00s Real=0.00s
[3815.593s][info][gc,marking     ] GC(947) Concurrent Mark 699.815ms
[3815.593s][info][gc,marking     ] GC(947) Concurrent Rebuild Remembered Sets and Scrub Regions
[3815.903s][info][gc,marking     ] GC(947) Concurrent Rebuild Remembered Sets and Scrub Regions 310.495ms
[3815.905s][info][gc,start       ] GC(947) Pause Cleanup
[3815.905s][info][gc             ] GC(947) Pause Cleanup 2452M->2452M(4096M) 0.127ms
[3815.905s][info][gc,cpu         ] GC(947) User=0.00s Sys=0.00s Real=0.00s
[3815.905s][info][gc,marking     ] GC(947) Concurrent Clear Claimed Marks
[3815.905s][info][gc,marking     ] GC(947) Concurrent Clear Claimed Marks 0.032ms
[3815.905s][info][gc,marking     ] GC(947) Concurrent Cleanup for Next Mark
[3815.911s][info][gc,marking     ] GC(947) Concurrent Cleanup for Next Mark 6.140ms
[3815.912s][info][gc             ] GC(947) Concurrent Mark Cycle 1205.480ms
.[3817.298s][info][gc,start       ] GC(948) Pause Young (Prepare Mixed) (G1 Evacuation Pause)
[3817.298s][info][gc,task        ] GC(948) Using 6 workers of 6 for evacuation
[3817.414s][info][gc,phases      ] GC(948)   Pre Evacuate Collection Set: 0.31ms
[3817.414s][info][gc,phases      ] GC(948)   Merge Heap Roots: 0.51ms
[3817.414s][info][gc,phases      ] GC(948)   Evacuate Collection Set: 113.93ms
[3817.414s][info][gc,phases      ] GC(948)   Post Evacuate Collection Set: 0.93ms
[3817.414s][info][gc,phases      ] GC(948)   Other: 0.09ms
[3817.414s][info][gc,heap        ] GC(948) Eden regions: 1118->0(1109)
[3817.414s][info][gc,heap        ] GC(948) Survivor regions: 110->109(154)
[3817.414s][info][gc,heap        ] GC(948) Old regions: 506->538
[3817.414s][info][gc,heap        ] GC(948) Humongous regions: 80->80
[3817.414s][info][gc,metaspace   ] GC(948) Metaspace: 28955K(29376K)->28955K(29376K) NonClass: 24084K(24256K)->24084K(24256K) Class: 4870K(5120K)->4870K(5120K)
[3817.414s][info][gc             ] GC(948) Pause Young (Prepare Mixed) (G1 Evacuation Pause) 3626M->1451M(4096M) 115.918ms
[3817.414s][info][gc,cpu         ] GC(948) User=0.69s Sys=0.00s Real=0.12s
...[3820.105s][info][gc,start       ] GC(949) Pause Young (Mixed) (G1 Evacuation Pause)
[3820.105s][info][gc,task        ] GC(949) Using 6 workers of 6 for evacuation
[3820.240s][info][gc,phases      ] GC(949)   Pre Evacuate Collection Set: 0.35ms
[3820.240s][info][gc,phases      ] GC(949)   Merge Heap Roots: 0.76ms
[3820.240s][info][gc,phases      ] GC(949)   Evacuate Collection Set: 132.34ms
[3820.240s][info][gc,phases      ] GC(949)   Post Evacuate Collection Set: 0.97ms
[3820.240s][info][gc,phases      ] GC(949)   Other: 0.10ms
[3820.240s][info][gc,heap        ] GC(949) Eden regions: 1109->0(1118)
[3820.240s][info][gc,heap        ] GC(949) Survivor regions: 109->110(153)
[3820.240s][info][gc,heap        ] GC(949) Old regions: 538->474
[3820.240s][info][gc,heap        ] GC(949) Humongous regions: 80->80
[3820.240s][info][gc,metaspace   ] GC(949) Metaspace: 28955K(29376K)->28955K(29376K) NonClass: 24084K(24256K)->24084K(24256K) Class: 4870K(5120K)->4870K(5120K)
[3820.240s][info][gc             ] GC(949) Pause Young (Mixed) (G1 Evacuation Pause) 3669M->1325M(4096M) 134.662ms
[3820.240s][info][gc,cpu         ] GC(949) User=0.80s Sys=0.00s Real=0.13s
...[3822.835s][info][gc,start       ] GC(950) Pause Young (Concurrent Start) (G1 Evacuation Pause)
[3822.835s][info][gc,task        ] GC(950) Using 6 workers of 6 for evacuation
[3822.949s][info][gc,phases      ] GC(950)   Pre Evacuate Collection Set: 0.40ms
[3822.949s][info][gc,phases      ] GC(950)   Merge Heap Roots: 0.47ms
[3822.949s][info][gc,phases      ] GC(950)   Evacuate Collection Set: 111.38ms
[3822.949s][info][gc,phases      ] GC(950)   Post Evacuate Collection Set: 0.87ms
[3822.949s][info][gc,phases      ] GC(950)   Other: 0.12ms
[3822.949s][info][gc,heap        ] GC(950) Eden regions: 1118->0(1121)
[3822.949s][info][gc,heap        ] GC(950) Survivor regions: 110->107(154)
[3822.949s][info][gc,heap        ] GC(950) Old regions: 474->505
[3822.949s][info][gc,heap        ] GC(950) Humongous regions: 80->80
[3822.949s][info][gc,metaspace   ] GC(950) Metaspace: 28955K(29376K)->28955K(29376K) NonClass: 24084K(24256K)->24084K(24256K) Class: 4870K(5120K)->4870K(5120K)
[3822.949s][info][gc             ] GC(950) Pause Young (Concurrent Start) (G1 Evacuation Pause) 3561M->1382M(4096M) 113.396ms
[3822.949s][info][gc             ] GC(951) Concurrent Mark Cycle
[3822.949s][info][gc,marking     ] GC(951) Concurrent Scan Root Regions
[3822.949s][info][gc,cpu         ] GC(950) User=0.67s Sys=0.00s Real=0.11s
[3823.124s][info][gc,marking     ] GC(951) Concurrent Scan Root Regions 174.950ms
[3823.124s][info][gc,marking     ] GC(951) Concurrent Mark
[3823.124s][info][gc,marking     ] GC(951) Concurrent Mark From Roots
[3823.124s][info][gc,task        ] GC(951) Using 2 workers of 2 for marking
.[3823.819s][info][gc,marking     ] GC(951) Concurrent Mark From Roots 695.602ms
[3823.819s][info][gc,marking     ] GC(951) Concurrent Preclean
[3823.819s][info][gc,marking     ] GC(951) Concurrent Preclean 0.083ms
[3823.821s][info][gc,start       ] GC(951) Pause Remark
[3823.827s][info][gc             ] GC(951) Pause Remark 2150M->2150M(4096M) 6.326ms
[3823.827s][info][gc,cpu         ] GC(951) User=0.04s Sys=0.01s Real=0.01s
[3823.827s][info][gc,marking     ] GC(951) Concurrent Mark 703.342ms
[3823.827s][info][gc,marking     ] GC(951) Concurrent Rebuild Remembered Sets and Scrub Regions
[3824.087s][info][gc,marking     ] GC(951) Concurrent Rebuild Remembered Sets and Scrub Regions 259.583ms
[3824.087s][info][gc,start       ] GC(951) Pause Cleanup
[3824.088s][info][gc             ] GC(951) Pause Cleanup 2360M->2360M(4096M) 0.130ms
[3824.088s][info][gc,cpu         ] GC(951) User=0.00s Sys=0.00s Real=0.00s
[3824.088s][info][gc,marking     ] GC(951) Concurrent Clear Claimed Marks
[3824.088s][info][gc,marking     ] GC(951) Concurrent Clear Claimed Marks 0.031ms
[3824.088s][info][gc,marking     ] GC(951) Concurrent Cleanup for Next Mark
[3824.094s][info][gc,marking     ] GC(951) Concurrent Cleanup for Next Mark 6.171ms
[3824.094s][info][gc             ] GC(951) Concurrent Mark Cycle 1145.131ms
.[3825.625s][info][gc,start       ] GC(952) Pause Young (Prepare Mixed) (G1 Evacuation Pause)
[3825.625s][info][gc,task        ] GC(952) Using 6 workers of 6 for evacuation
[3825.744s][info][gc,phases      ] GC(952)   Pre Evacuate Collection Set: 0.34ms
[3825.744s][info][gc,phases      ] GC(952)   Merge Heap Roots: 0.52ms
[3825.744s][info][gc,phases      ] GC(952)   Evacuate Collection Set: 117.41ms
[3825.744s][info][gc,phases      ] GC(952)   Post Evacuate Collection Set: 0.94ms
[3825.744s][info][gc,phases      ] GC(952)   Other: 0.10ms
[3825.744s][info][gc,heap        ] GC(952) Eden regions: 1121->0(1102)
[3825.744s][info][gc,heap        ] GC(952) Survivor regions: 107->113(154)
[3825.744s][info][gc,heap        ] GC(952) Old regions: 505->537
[3825.744s][info][gc,heap        ] GC(952) Humongous regions: 80->80
[3825.744s][info][gc,metaspace   ] GC(952) Metaspace: 28955K(29376K)->28955K(29376K) NonClass: 24084K(24256K)->24084K(24256K) Class: 4870K(5120K)->4870K(5120K)
[3825.744s][info][gc             ] GC(952) Pause Young (Prepare Mixed) (G1 Evacuation Pause) 3624M->1458M(4096M) 119.435ms
[3825.744s][info][gc,cpu         ] GC(952) User=0.71s Sys=0.00s Real=0.12s
...[3828.319s][info][gc,start       ] GC(953) Pause Young (Mixed) (G1 Evacuation Pause)
[3828.320s][info][gc,task        ] GC(953) Using 6 workers of 6 for evacuation
[3828.455s][info][gc,phases      ] GC(953)   Pre Evacuate Collection Set: 0.33ms
[3828.455s][info][gc,phases      ] GC(953)   Merge Heap Roots: 0.68ms
[3828.455s][info][gc,phases      ] GC(953)   Evacuate Collection Set: 133.14ms
[3828.455s][info][gc,phases      ] GC(953)   Post Evacuate Collection Set: 0.91ms
[3828.455s][info][gc,phases      ] GC(953)   Other: 0.09ms
[3828.455s][info][gc,heap        ] GC(953) Eden regions: 1102->0(1116)
[3828.455s][info][gc,heap        ] GC(953) Survivor regions: 113->112(152)
[3828.455s][info][gc,heap        ] GC(953) Old regions: 537->473
[3828.455s][info][gc,heap        ] GC(953) Humongous regions: 80->80
[3828.455s][info][gc,metaspace   ] GC(953) Metaspace: 28955K(29376K)->28955K(29376K) NonClass: 24084K(24256K)->24084K(24256K) Class: 4870K(5120K)->4870K(5120K)
[3828.455s][info][gc             ] GC(953) Pause Young (Mixed) (G1 Evacuation Pause) 3662M->1329M(4096M) 135.291ms
[3828.455s][info][gc,cpu         ] GC(953) User=0.81s Sys=0.00s Real=0.14s
...[3831.084s][info][gc,start       ] GC(954) Pause Young (Concurrent Start) (G1 Evacuation Pause)
[3831.084s][info][gc,task        ] GC(954) Using 6 workers of 6 for evacuation
[3831.203s][info][gc,phases      ] GC(954)   Pre Evacuate Collection Set: 0.38ms
[3831.203s][info][gc,phases      ] GC(954)   Merge Heap Roots: 0.46ms
[3831.204s][info][gc,phases      ] GC(954)   Evacuate Collection Set: 117.71ms
[3831.204s][info][gc,phases      ] GC(954)   Post Evacuate Collection Set: 0.87ms
[3831.204s][info][gc,phases      ] GC(954)   Other: 0.11ms
[3831.204s][info][gc,heap        ] GC(954) Eden regions: 1116->0(1117)
[3831.204s][info][gc,heap        ] GC(954) Survivor regions: 112->111(154)
[3831.204s][info][gc,heap        ] GC(954) Old regions: 473->506
[3831.204s][info][gc,heap        ] GC(954) Humongous regions: 80->80
[3831.204s][info][gc,metaspace   ] GC(954) Metaspace: 28955K(29376K)->28955K(29376K) NonClass: 24084K(24256K)->24084K(24256K) Class: 4870K(5120K)->4870K(5120K)
[3831.204s][info][gc             ] GC(954) Pause Young (Concurrent Start) (G1 Evacuation Pause) 3561M->1392M(4096M) 119.662ms
[3831.204s][info][gc             ] GC(955) Concurrent Mark Cycle
[3831.204s][info][gc,marking     ] GC(955) Concurrent Scan Root Regions
[3831.204s][info][gc,cpu         ] GC(954) User=0.71s Sys=0.00s Real=0.12s
[3831.389s][info][gc,marking     ] GC(955) Concurrent Scan Root Regions 185.418ms
[3831.389s][info][gc,marking     ] GC(955) Concurrent Mark
[3831.389s][info][gc,marking     ] GC(955) Concurrent Mark From Roots
[3831.389s][info][gc,task        ] GC(955) Using 2 workers of 2 for marking
.[3832.349s][info][gc,marking     ] GC(955) Concurrent Mark From Roots 960.003ms
[3832.349s][info][gc,marking     ] GC(955) Concurrent Preclean
[3832.349s][info][gc,marking     ] GC(955) Concurrent Preclean 0.142ms
[3832.349s][info][gc,start       ] GC(955) Pause Remark
[3832.355s][info][gc             ] GC(955) Pause Remark 2386M->2386M(4096M) 5.643ms
[3832.355s][info][gc,cpu         ] GC(955) User=0.03s Sys=0.00s Real=0.01s
[3832.355s][info][gc,marking     ] GC(955) Concurrent Mark 966.137ms
[3832.355s][info][gc,marking     ] GC(955) Concurrent Rebuild Remembered Sets and Scrub Regions
[3832.711s][info][gc,marking     ] GC(955) Concurrent Rebuild Remembered Sets and Scrub Regions 355.688ms
[3832.711s][info][gc,start       ] GC(955) Pause Cleanup
[3832.711s][info][gc             ] GC(955) Pause Cleanup 2701M->2701M(4096M) 0.111ms
[3832.711s][info][gc,cpu         ] GC(955) User=0.00s Sys=0.00s Real=0.00s
[3832.713s][info][gc,marking     ] GC(955) Concurrent Clear Claimed Marks
[3832.713s][info][gc,marking     ] GC(955) Concurrent Clear Claimed Marks 0.045ms
[3832.713s][info][gc,marking     ] GC(955) Concurrent Cleanup for Next Mark
[3832.732s][info][gc,marking     ] GC(955) Concurrent Cleanup for Next Mark 18.703ms
[3832.732s][info][gc             ] GC(955) Concurrent Mark Cycle 1528.005ms
.. (rIR:aIR:PR = 6780:6783:6783) (tPR = 100507) [OK] 
  3833s: Performance info:
         Transaction,    Success,    Partial,     Failed,   Receipts, AvgBarcode, 
             Overall,     411893,          0,          0,     391313,      59.48, 
         Response times:
             Request,    Success,    Partial,     Failed,   SkipFail,     Probes,    Samples,      min,      p50,      p90,      p95,      p99,      max, 
       TotalPurchase,     391266,          0,          0,          0,     361758,     389751,      300,     5700,    40000,    70000,   116000,   229000,
     InStorePurchase,     205635,          0,          0,          0,     189756,     203846,      300,     5600,    39000,    70000,   116000,   221000,
      OnlinePurchase,     144487,          0,          0,          0,     133370,     144150,      300,     5900,    40000,    72000,   116000,   229000,
        InstPurchase,      41144,          0,          0,          0,      38632,      41755,      400,     5500,    40000,    70000,   112000,   218000,
          AssocOfCat,        414,          0,          0,          0,        330,        406,    24000,    38000,   101200,   151300,   185860,   241000,
      AssocOfProduct,       4121,          0,          0,          0,       3858,       4323,      600,     6600,    48000,    79000,   116760,   185000,
      BusinessReport,       1021,          0,          0,          0,        897,       1093,    25000,    43000,   113000,   149000,   194060,   257000,
          CustBuyBeh,       4121,          0,          0,          0,       3766,       4212,      800,     5400,    44000,    71000,   112000,   159000,
       ProductReturn,      10918,          0,          0,          0,      10430,      11568,      200,     6100,    43000,    75000,   121000,   208000,

  3833s: (50%)   IR =   6918 [3833.921s][info][gc,start       ] GC(956) Pause Young (Prepare Mixed) (G1 Evacuation Pause)
[3833.921s][info][gc,task        ] GC(956) Using 6 workers of 6 for evacuation
[3834.037s][info][gc,phases      ] GC(956)   Pre Evacuate Collection Set: 0.29ms
[3834.037s][info][gc,phases      ] GC(956)   Merge Heap Roots: 0.50ms
[3834.037s][info][gc,phases      ] GC(956)   Evacuate Collection Set: 114.69ms
[3834.037s][info][gc,phases      ] GC(956)   Post Evacuate Collection Set: 0.89ms
[3834.037s][info][gc,phases      ] GC(956)   Other: 0.09ms
[3834.037s][info][gc,heap        ] GC(956) Eden regions: 1117->0(1110)
[3834.037s][info][gc,heap        ] GC(956) Survivor regions: 111->109(154)
[3834.037s][info][gc,heap        ] GC(956) Old regions: 506->537
[3834.037s][info][gc,heap        ] GC(956) Humongous regions: 80->80
[3834.037s][info][gc,metaspace   ] GC(956) Metaspace: 28955K(29376K)->28955K(29376K) NonClass: 24084K(24256K)->24084K(24256K) Class: 4870K(5120K)->4870K(5120K)
[3834.037s][info][gc             ] GC(956) Pause Young (Prepare Mixed) (G1 Evacuation Pause) 3626M->1450M(4096M) 116.595ms
[3834.037s][info][gc,cpu         ] GC(956) User=0.70s Sys=0.00s Real=0.12s
..[3836.601s][info][gc,start       ] GC(957) Pause Young (Mixed) (G1 Evacuation Pause)
[3836.601s][info][gc,task        ] GC(957) Using 6 workers of 6 for evacuation
[3836.736s][info][gc,phases      ] GC(957)   Pre Evacuate Collection Set: 0.38ms
[3836.736s][info][gc,phases      ] GC(957)   Merge Heap Roots: 0.69ms
[3836.736s][info][gc,phases      ] GC(957)   Evacuate Collection Set: 132.39ms
[3836.736s][info][gc,phases      ] GC(957)   Post Evacuate Collection Set: 0.95ms
[3836.736s][info][gc,phases      ] GC(957)   Other: 0.09ms
[3836.736s][info][gc,heap        ] GC(957) Eden regions: 1110->0(1116)
[3836.736s][info][gc,heap        ] GC(957) Survivor regions: 109->112(153)
[3836.736s][info][gc,heap        ] GC(957) Old regions: 537->474
[3836.736s][info][gc,heap        ] GC(957) Humongous regions: 80->80
[3836.736s][info][gc,metaspace   ] GC(957) Metaspace: 28955K(29376K)->28955K(29376K) NonClass: 24084K(24256K)->24084K(24256K) Class: 4870K(5120K)->4870K(5120K)
[3836.736s][info][gc             ] GC(957) Pause Young (Mixed) (G1 Evacuation Pause) 3670M->1330M(4096M) 134.638ms
[3836.736s][info][gc,cpu         ] GC(957) User=0.81s Sys=0.00s Real=0.14s
...[3839.320s][info][gc,start       ] GC(958) Pause Young (Concurrent Start) (G1 Evacuation Pause)
[3839.320s][info][gc,task        ] GC(958) Using 6 workers of 6 for evacuation
[3839.441s][info][gc,phases      ] GC(958)   Pre Evacuate Collection Set: 0.37ms
[3839.441s][info][gc,phases      ] GC(958)   Merge Heap Roots: 0.47ms
[3839.441s][info][gc,phases      ] GC(958)   Evacuate Collection Set: 118.72ms
[3839.441s][info][gc,phases      ] GC(958)   Post Evacuate Collection Set: 0.86ms
[3839.441s][info][gc,phases      ] GC(958)   Other: 0.12ms
[3839.441s][info][gc,heap        ] GC(958) Eden regions: 1116->0(1116)
[3839.441s][info][gc,heap        ] GC(958) Survivor regions: 112->112(154)
[3839.441s][info][gc,heap        ] GC(958) Old regions: 474->506
[3839.441s][info][gc,heap        ] GC(958) Humongous regions: 80->80
[3839.441s][info][gc,metaspace   ] GC(958) Metaspace: 28955K(29376K)->28955K(29376K) NonClass: 24084K(24256K)->24084K(24256K) Class: 4870K(5120K)->4870K(5120K)
[3839.441s][info][gc             ] GC(958) Pause Young (Concurrent Start) (G1 Evacuation Pause) 3562M->1394M(4096M) 120.682ms
[3839.441s][info][gc             ] GC(959) Concurrent Mark Cycle
[3839.441s][info][gc,marking     ] GC(959) Concurrent Scan Root Regions
[3839.441s][info][gc,cpu         ] GC(958) User=0.72s Sys=0.00s Real=0.12s
[3839.588s][info][gc,marking     ] GC(959) Concurrent Scan Root Regions 147.059ms
[3839.588s][info][gc,marking     ] GC(959) Concurrent Mark
[3839.588s][info][gc,marking     ] GC(959) Concurrent Mark From Roots
[3839.588s][info][gc,task        ] GC(959) Using 2 workers of 2 for marking
.[3840.285s][info][gc,marking     ] GC(959) Concurrent Mark From Roots 696.694ms
[3840.285s][info][gc,marking     ] GC(959) Concurrent Preclean
[3840.285s][info][gc,marking     ] GC(959) Concurrent Preclean 0.120ms
[3840.285s][info][gc,start       ] GC(959) Pause Remark
[3840.290s][info][gc             ] GC(959) Pause Remark 2156M->2156M(4096M) 5.030ms
[3840.290s][info][gc,cpu         ] GC(959) User=0.03s Sys=0.00s Real=0.00s
[3840.290s][info][gc,marking     ] GC(959) Concurrent Mark 702.094ms
[3840.290s][info][gc,marking     ] GC(959) Concurrent Rebuild Remembered Sets and Scrub Regions
[3840.541s][info][gc,marking     ] GC(959) Concurrent Rebuild Remembered Sets and Scrub Regions 250.708ms
[3840.541s][info][gc,start       ] GC(959) Pause Cleanup
[3840.541s][info][gc             ] GC(959) Pause Cleanup 2374M->2374M(4096M) 0.103ms
[3840.541s][info][gc,cpu         ] GC(959) User=0.00s Sys=0.00s Real=0.00s
[3840.541s][info][gc,marking     ] GC(959) Concurrent Clear Claimed Marks
[3840.541s][info][gc,marking     ] GC(959) Concurrent Clear Claimed Marks 0.021ms
[3840.541s][info][gc,marking     ] GC(959) Concurrent Cleanup for Next Mark
[3840.544s][info][gc,marking     ] GC(959) Concurrent Cleanup for Next Mark 3.231ms
[3840.544s][info][gc             ] GC(959) Concurrent Mark Cycle 1103.519ms
..[3842.022s][info][gc,start       ] GC(960) Pause Young (Prepare Mixed) (G1 Evacuation Pause)
[3842.022s][info][gc,task        ] GC(960) Using 6 workers of 6 for evacuation
[3842.138s][info][gc,phases      ] GC(960)   Pre Evacuate Collection Set: 0.34ms
[3842.138s][info][gc,phases      ] GC(960)   Merge Heap Roots: 0.51ms
[3842.138s][info][gc,phases      ] GC(960)   Evacuate Collection Set: 114.01ms
[3842.138s][info][gc,phases      ] GC(960)   Post Evacuate Collection Set: 0.90ms
[3842.138s][info][gc,phases      ] GC(960)   Other: 0.09ms
[3842.138s][info][gc,heap        ] GC(960) Eden regions: 1116->0(1111)
[3842.138s][info][gc,heap        ] GC(960) Survivor regions: 112->108(154)
[3842.138s][info][gc,heap        ] GC(960) Old regions: 506->538
[3842.138s][info][gc,heap        ] GC(960) Humongous regions: 80->80
[3842.138s][info][gc,metaspace   ] GC(960) Metaspace: 28955K(29376K)->28955K(29376K) NonClass: 24084K(24256K)->24084K(24256K) Class: 4870K(5120K)->4870K(5120K)
[3842.138s][info][gc             ] GC(960) Pause Young (Prepare Mixed) (G1 Evacuation Pause) 3626M->1450M(4096M) 115.991ms
[3842.138s][info][gc,cpu         ] GC(960) User=0.69s Sys=0.00s Real=0.12s
.|.[3844.710s][info][gc,start       ] GC(961) Pause Young (Mixed) (G1 Evacuation Pause)
[3844.710s][info][gc,task        ] GC(961) Using 6 workers of 6 for evacuation
[3844.846s][info][gc,phases      ] GC(961)   Pre Evacuate Collection Set: 0.35ms
[3844.846s][info][gc,phases      ] GC(961)   Merge Heap Roots: 0.78ms
[3844.846s][info][gc,phases      ] GC(961)   Evacuate Collection Set: 133.66ms
[3844.846s][info][gc,phases      ] GC(961)   Post Evacuate Collection Set: 0.92ms
[3844.846s][info][gc,phases      ] GC(961)   Other: 0.09ms
[3844.846s][info][gc,heap        ] GC(961) Eden regions: 1111->0(1118)
[3844.846s][info][gc,heap        ] GC(961) Survivor regions: 108->110(153)
[3844.846s][info][gc,heap        ] GC(961) Old regions: 538->474
[3844.846s][info][gc,heap        ] GC(961) Humongous regions: 80->80
[3844.846s][info][gc,metaspace   ] GC(961) Metaspace: 28955K(29376K)->28955K(29376K) NonClass: 24084K(24256K)->24084K(24256K) Class: 4870K(5120K)->4870K(5120K)
[3844.846s][info][gc             ] GC(961) Pause Young (Mixed) (G1 Evacuation Pause) 3672M->1326M(4096M) 135.943ms
[3844.846s][info][gc,cpu         ] GC(961) User=0.81s Sys=0.00s Real=0.14s
...[3847.398s][info][gc,start       ] GC(962) Pause Young (Concurrent Start) (G1 Evacuation Pause)
[3847.398s][info][gc,task        ] GC(962) Using 6 workers of 6 for evacuation
[3847.515s][info][gc,phases      ] GC(962)   Pre Evacuate Collection Set: 0.36ms
[3847.515s][info][gc,phases      ] GC(962)   Merge Heap Roots: 0.45ms
[3847.515s][info][gc,phases      ] GC(962)   Evacuate Collection Set: 114.94ms
[3847.515s][info][gc,phases      ] GC(962)   Post Evacuate Collection Set: 0.86ms
[3847.515s][info][gc,phases      ] GC(962)   Other: 0.10ms
[3847.515s][info][gc,heap        ] GC(962) Eden regions: 1118->0(1119)
[3847.515s][info][gc,heap        ] GC(962) Survivor regions: 110->109(154)
[3847.515s][info][gc,heap        ] GC(962) Old regions: 474->506
[3847.515s][info][gc,heap        ] GC(962) Humongous regions: 80->80
[3847.515s][info][gc,metaspace   ] GC(962) Metaspace: 28955K(29376K)->28955K(29376K) NonClass: 24084K(24256K)->24084K(24256K) Class: 4870K(5120K)->4870K(5120K)
[3847.515s][info][gc             ] GC(962) Pause Young (Concurrent Start) (G1 Evacuation Pause) 3562M->1389M(4096M) 116.832ms
[3847.515s][info][gc             ] GC(963) Concurrent Mark Cycle
[3847.515s][info][gc,marking     ] GC(963) Concurrent Scan Root Regions
[3847.515s][info][gc,cpu         ] GC(962) User=0.70s Sys=0.00s Real=0.12s
[3847.656s][info][gc,marking     ] GC(963) Concurrent Scan Root Regions 141.823ms
[3847.657s][info][gc,marking     ] GC(963) Concurrent Mark
[3847.657s][info][gc,marking     ] GC(963) Concurrent Mark From Roots
[3847.657s][info][gc,task        ] GC(963) Using 2 workers of 2 for marking
.[3848.369s][info][gc,marking     ] GC(963) Concurrent Mark From Roots 712.691ms
[3848.369s][info][gc,marking     ] GC(963) Concurrent Preclean
[3848.369s][info][gc,marking     ] GC(963) Concurrent Preclean 0.097ms
[3848.370s][info][gc,start       ] GC(963) Pause Remark
[3848.374s][info][gc             ] GC(963) Pause Remark 2191M->2191M(4096M) 4.912ms
[3848.374s][info][gc,cpu         ] GC(963) User=0.03s Sys=0.00s Real=0.01s
[3848.375s][info][gc,marking     ] GC(963) Concurrent Mark 717.982ms
[3848.375s][info][gc,marking     ] GC(963) Concurrent Rebuild Remembered Sets and Scrub Regions
[3848.672s][info][gc,marking     ] GC(963) Concurrent Rebuild Remembered Sets and Scrub Regions 297.769ms
[3848.672s][info][gc,start       ] GC(963) Pause Cleanup
[3848.673s][info][gc             ] GC(963) Pause Cleanup 2437M->2437M(4096M) 0.095ms
[3848.673s][info][gc,cpu         ] GC(963) User=0.00s Sys=0.00s Real=0.00s
[3848.673s][info][gc,marking     ] GC(963) Concurrent Clear Claimed Marks
[3848.673s][info][gc,marking     ] GC(963) Concurrent Clear Claimed Marks 0.028ms
[3848.673s][info][gc,marking     ] GC(963) Concurrent Cleanup for Next Mark
[3848.677s][info][gc,marking     ] GC(963) Concurrent Cleanup for Next Mark 3.925ms
[3848.677s][info][gc             ] GC(963) Concurrent Mark Cycle 1161.931ms
..[3850.147s][info][gc,start       ] GC(964) Pause Young (Prepare Mixed) (G1 Evacuation Pause)
[3850.147s][info][gc,task        ] GC(964) Using 6 workers of 6 for evacuation
[3850.263s][info][gc,phases      ] GC(964)   Pre Evacuate Collection Set: 0.32ms
[3850.263s][info][gc,phases      ] GC(964)   Merge Heap Roots: 0.50ms
[3850.263s][info][gc,phases      ] GC(964)   Evacuate Collection Set: 113.58ms
[3850.263s][info][gc,phases      ] GC(964)   Post Evacuate Collection Set: 0.91ms
[3850.263s][info][gc,phases      ] GC(964)   Other: 0.08ms
[3850.263s][info][gc,heap        ] GC(964) Eden regions: 1119->0(1109)
[3850.263s][info][gc,heap        ] GC(964) Survivor regions: 109->109(154)
[3850.263s][info][gc,heap        ] GC(964) Old regions: 506->538
[3850.263s][info][gc,heap        ] GC(964) Humongous regions: 80->80
[3850.263s][info][gc,metaspace   ] GC(964) Metaspace: 28955K(29376K)->28955K(29376K) NonClass: 24084K(24256K)->24084K(24256K) Class: 4870K(5120K)->4870K(5120K)
[3850.263s][info][gc             ] GC(964) Pause Young (Prepare Mixed) (G1 Evacuation Pause) 3627M->1452M(4096M) 115.529ms
[3850.263s][info][gc,cpu         ] GC(964) User=0.69s Sys=0.00s Real=0.11s
..[3852.771s][info][gc,start       ] GC(965) Pause Young (Mixed) (G1 Evacuation Pause)
[3852.771s][info][gc,task        ] GC(965) Using 6 workers of 6 for evacuation
[3852.905s][info][gc,phases      ] GC(965)   Pre Evacuate Collection Set: 0.39ms
[3852.905s][info][gc,phases      ] GC(965)   Merge Heap Roots: 0.66ms
[3852.905s][info][gc,phases      ] GC(965)   Evacuate Collection Set: 131.72ms
[3852.905s][info][gc,phases      ] GC(965)   Post Evacuate Collection Set: 0.94ms
[3852.905s][info][gc,phases      ] GC(965)   Other: 0.09ms
[3852.905s][info][gc,heap        ] GC(965) Eden regions: 1109->0(1118)
[3852.905s][info][gc,heap        ] GC(965) Survivor regions: 109->110(153)
[3852.905s][info][gc,heap        ] GC(965) Old regions: 538->475
[3852.905s][info][gc,heap        ] GC(965) Humongous regions: 80->80
[3852.905s][info][gc,metaspace   ] GC(965) Metaspace: 28955K(29376K)->28955K(29376K) NonClass: 24084K(24256K)->24084K(24256K) Class: 4870K(5120K)->4870K(5120K)
[3852.905s][info][gc             ] GC(965) Pause Young (Mixed) (G1 Evacuation Pause) 3670M->1328M(4096M) 133.927ms
[3852.905s][info][gc,cpu         ] GC(965) User=0.80s Sys=0.00s Real=0.14s
...[3855.446s][info][gc,start       ] GC(966) Pause Young (Concurrent Start) (G1 Evacuation Pause)
[3855.446s][info][gc,task        ] GC(966) Using 6 workers of 6 for evacuation
[3855.565s][info][gc,phases      ] GC(966)   Pre Evacuate Collection Set: 0.39ms
[3855.565s][info][gc,phases      ] GC(966)   Merge Heap Roots: 0.46ms
[3855.565s][info][gc,phases      ] GC(966)   Evacuate Collection Set: 116.97ms
[3855.565s][info][gc,phases      ] GC(966)   Post Evacuate Collection Set: 0.86ms
[3855.565s][info][gc,phases      ] GC(966)   Other: 0.12ms
[3855.565s][info][gc,heap        ] GC(966) Eden regions: 1118->0(1117)
[3855.565s][info][gc,heap        ] GC(966) Survivor regions: 110->111(154)
[3855.565s][info][gc,heap        ] GC(966) Old regions: 475->508
[3855.565s][info][gc,heap        ] GC(966) Humongous regions: 80->80
[3855.565s][info][gc,metaspace   ] GC(966) Metaspace: 28955K(29376K)->28955K(29376K) NonClass: 24084K(24256K)->24084K(24256K) Class: 4870K(5120K)->4870K(5120K)
[3855.565s][info][gc             ] GC(966) Pause Young (Concurrent Start) (G1 Evacuation Pause) 3564M->1395M(4096M) 118.930ms
[3855.565s][info][gc             ] GC(967) Concurrent Mark Cycle
[3855.565s][info][gc,marking     ] GC(967) Concurrent Scan Root Regions
[3855.565s][info][gc,cpu         ] GC(966) User=0.71s Sys=0.00s Real=0.12s
[3855.750s][info][gc,marking     ] GC(967) Concurrent Scan Root Regions 185.219ms
[3855.750s][info][gc,marking     ] GC(967) Concurrent Mark
[3855.750s][info][gc,marking     ] GC(967) Concurrent Mark From Roots
[3855.750s][info][gc,task        ] GC(967) Using 2 workers of 2 for marking
.[3856.429s][info][gc,marking     ] GC(967) Concurrent Mark From Roots 678.635ms
[3856.429s][info][gc,marking     ] GC(967) Concurrent Preclean
[3856.429s][info][gc,marking     ] GC(967) Concurrent Preclean 0.124ms
[3856.429s][info][gc,start       ] GC(967) Pause Remark
[3856.435s][info][gc             ] GC(967) Pause Remark 2178M->2178M(4096M) 5.919ms
[3856.435s][info][gc,cpu         ] GC(967) User=0.04s Sys=0.00s Real=0.01s
[3856.435s][info][gc,marking     ] GC(967) Concurrent Mark 684.979ms
[3856.435s][info][gc,marking     ] GC(967) Concurrent Rebuild Remembered Sets and Scrub Regions
[3856.678s][info][gc,marking     ] GC(967) Concurrent Rebuild Remembered Sets and Scrub Regions 242.265ms
[3856.678s][info][gc,start       ] GC(967) Pause Cleanup
[3856.678s][info][gc             ] GC(967) Pause Cleanup 2354M->2354M(4096M) 0.107ms
[3856.678s][info][gc,cpu         ] GC(967) User=0.00s Sys=0.00s Real=0.00s
[3856.678s][info][gc,marking     ] GC(967) Concurrent Clear Claimed Marks
[3856.678s][info][gc,marking     ] GC(967) Concurrent Clear Claimed Marks 0.034ms
[3856.678s][info][gc,marking     ] GC(967) Concurrent Cleanup for Next Mark
[3856.683s][info][gc,marking     ] GC(967) Concurrent Cleanup for Next Mark 4.543ms
[3856.683s][info][gc             ] GC(967) Concurrent Mark Cycle 1117.542ms
..[3858.149s][info][gc,start       ] GC(968) Pause Young (Prepare Mixed) (G1 Evacuation Pause)
[3858.149s][info][gc,task        ] GC(968) Using 6 workers of 6 for evacuation
[3858.265s][info][gc,phases      ] GC(968)   Pre Evacuate Collection Set: 0.32ms
[3858.265s][info][gc,phases      ] GC(968)   Merge Heap Roots: 0.50ms
[3858.265s][info][gc,phases      ] GC(968)   Evacuate Collection Set: 114.32ms
[3858.265s][info][gc,phases      ] GC(968)   Post Evacuate Collection Set: 0.91ms
[3858.265s][info][gc,phases      ] GC(968)   Other: 0.08ms
[3858.265s][info][gc,heap        ] GC(968) Eden regions: 1117->0(1107)
[3858.265s][info][gc,heap        ] GC(968) Survivor regions: 111->110(154)
[3858.265s][info][gc,heap        ] GC(968) Old regions: 508->538
[3858.265s][info][gc,heap        ] GC(968) Humongous regions: 80->80
[3858.265s][info][gc,metaspace   ] GC(968) Metaspace: 28955K(29376K)->28955K(29376K) NonClass: 24084K(24256K)->24084K(24256K) Class: 4870K(5120K)->4870K(5120K)
[3858.265s][info][gc             ] GC(968) Pause Young (Prepare Mixed) (G1 Evacuation Pause) 3629M->1454M(4096M) 116.258ms
[3858.265s][info][gc,cpu         ] GC(968) User=0.70s Sys=0.00s Real=0.12s
..[3860.867s][info][gc,start       ] GC(969) Pause Young (Mixed) (G1 Evacuation Pause)
[3860.867s][info][gc,task        ] GC(969) Using 6 workers of 6 for evacuation
[3861.000s][info][gc,phases      ] GC(969)   Pre Evacuate Collection Set: 0.35ms
[3861.000s][info][gc,phases      ] GC(969)   Merge Heap Roots: 0.67ms
[3861.000s][info][gc,phases      ] GC(969)   Evacuate Collection Set: 131.41ms
[3861.000s][info][gc,phases      ] GC(969)   Post Evacuate Collection Set: 0.91ms
[3861.000s][info][gc,phases      ] GC(969)   Other: 0.09ms
[3861.000s][info][gc,heap        ] GC(969) Eden regions: 1107->0(1118)
[3861.000s][info][gc,heap        ] GC(969) Survivor regions: 110->110(153)
[3861.000s][info][gc,heap        ] GC(969) Old regions: 538->474
[3861.000s][info][gc,heap        ] GC(969) Humongous regions: 80->80
[3861.000s][info][gc,metaspace   ] GC(969) Metaspace: 28955K(29376K)->28955K(29376K) NonClass: 24084K(24256K)->24084K(24256K) Class: 4870K(5120K)->4870K(5120K)
[3861.000s][info][gc             ] GC(969) Pause Young (Mixed) (G1 Evacuation Pause) 3668M->1326M(4096M) 133.565ms
[3861.000s][info][gc,cpu         ] GC(969) User=0.79s Sys=0.00s Real=0.13s
...[3863.551s][info][gc,start       ] GC(970) Pause Young (Concurrent Start) (G1 Evacuation Pause)
[3863.551s][info][gc,task        ] GC(970) Using 6 workers of 6 for evacuation
[3863.671s][info][gc,phases      ] GC(970)   Pre Evacuate Collection Set: 0.37ms
[3863.671s][info][gc,phases      ] GC(970)   Merge Heap Roots: 0.44ms
[3863.671s][info][gc,phases      ] GC(970)   Evacuate Collection Set: 118.01ms
[3863.671s][info][gc,phases      ] GC(970)   Post Evacuate Collection Set: 0.87ms
[3863.671s][info][gc,phases      ] GC(970)   Other: 0.12ms
[3863.671s][info][gc,heap        ] GC(970) Eden regions: 1118->0(1116)
[3863.671s][info][gc,heap        ] GC(970) Survivor regions: 110->112(154)
[3863.671s][info][gc,heap        ] GC(970) Old regions: 474->506
[3863.671s][info][gc,heap        ] GC(970) Humongous regions: 80->80
[3863.671s][info][gc,metaspace   ] GC(970) Metaspace: 28955K(29376K)->28955K(29376K) NonClass: 24084K(24256K)->24084K(24256K) Class: 4870K(5120K)->4870K(5120K)
[3863.671s][info][gc             ] GC(970) Pause Young (Concurrent Start) (G1 Evacuation Pause) 3562M->1393M(4096M) 119.939ms
[3863.671s][info][gc             ] GC(971) Concurrent Mark Cycle
[3863.671s][info][gc,marking     ] GC(971) Concurrent Scan Root Regions
[3863.671s][info][gc,cpu         ] GC(970) User=0.71s Sys=0.00s Real=0.12s
[3863.857s][info][gc,marking     ] GC(971) Concurrent Scan Root Regions 186.312ms
[3863.857s][info][gc,marking     ] GC(971) Concurrent Mark
[3863.857s][info][gc,marking     ] GC(971) Concurrent Mark From Roots
[3863.857s][info][gc,task        ] GC(971) Using 2 workers of 2 for marking
.[3864.574s][info][gc,marking     ] GC(971) Concurrent Mark From Roots 716.102ms
[3864.574s][info][gc,marking     ] GC(971) Concurrent Preclean
[3864.574s][info][gc,marking     ] GC(971) Concurrent Preclean 0.138ms
[3864.576s][info][gc,start       ] GC(971) Pause Remark
[3864.581s][info][gc             ] GC(971) Pause Remark 2215M->2215M(4096M) 5.085ms
[3864.581s][info][gc,cpu         ] GC(971) User=0.03s Sys=0.00s Real=0.00s
[3864.581s][info][gc,marking     ] GC(971) Concurrent Mark 723.566ms
[3864.581s][info][gc,marking     ] GC(971) Concurrent Rebuild Remembered Sets and Scrub Regions
[3864.839s][info][gc,marking     ] GC(971) Concurrent Rebuild Remembered Sets and Scrub Regions 258.199ms
[3864.840s][info][gc,start       ] GC(971) Pause Cleanup
[3864.840s][info][gc             ] GC(971) Pause Cleanup 2412M->2412M(4096M) 0.119ms
[3864.840s][info][gc,cpu         ] GC(971) User=0.00s Sys=0.00s Real=0.00s
[3864.841s][info][gc,marking     ] GC(971) Concurrent Clear Claimed Marks
[3864.841s][info][gc,marking     ] GC(971) Concurrent Clear Claimed Marks 0.034ms
[3864.841s][info][gc,marking     ] GC(971) Concurrent Cleanup for Next Mark
[3864.847s][info][gc,marking     ] GC(971) Concurrent Cleanup for Next Mark 6.646ms
[3864.847s][info][gc             ] GC(971) Concurrent Mark Cycle 1176.302ms
..[3866.269s][info][gc,start       ] GC(972) Pause Young (Prepare Mixed) (G1 Evacuation Pause)
[3866.269s][info][gc,task        ] GC(972) Using 6 workers of 6 for evacuation
[3866.392s][info][gc,phases      ] GC(972)   Pre Evacuate Collection Set: 0.32ms
[3866.392s][info][gc,phases      ] GC(972)   Merge Heap Roots: 0.49ms
[3866.392s][info][gc,phases      ] GC(972)   Evacuate Collection Set: 120.78ms
[3866.392s][info][gc,phases      ] GC(972)   Post Evacuate Collection Set: 0.90ms
[3866.392s][info][gc,phases      ] GC(972)   Other: 0.09ms
[3866.392s][info][gc,heap        ] GC(972) Eden regions: 1116->0(1100)
[3866.392s][info][gc,heap        ] GC(972) Survivor regions: 112->114(154)
[3866.392s][info][gc,heap        ] GC(972) Old regions: 506->537
[3866.392s][info][gc,heap        ] GC(972) Humongous regions: 80->80
[3866.392s][info][gc,metaspace   ] GC(972) Metaspace: 28955K(29376K)->28955K(29376K) NonClass: 24084K(24256K)->24084K(24256K) Class: 4870K(5120K)->4870K(5120K)
[3866.392s][info][gc             ] GC(972) Pause Young (Prepare Mixed) (G1 Evacuation Pause) 3625M->1460M(4096M) 122.709ms
[3866.392s][info][gc,cpu         ] GC(972) User=0.73s Sys=0.00s Real=0.12s
..[3868.939s][info][gc,start       ] GC(973) Pause Young (Mixed) (G1 Evacuation Pause)
[3868.939s][info][gc,task        ] GC(973) Using 6 workers of 6 for evacuation
[3869.072s][info][gc,phases      ] GC(973)   Pre Evacuate Collection Set: 0.36ms
[3869.072s][info][gc,phases      ] GC(973)   Merge Heap Roots: 0.64ms
[3869.072s][info][gc,phases      ] GC(973)   Evacuate Collection Set: 130.94ms
[3869.072s][info][gc,phases      ] GC(973)   Post Evacuate Collection Set: 0.95ms
[3869.072s][info][gc,phases      ] GC(973)   Other: 0.08ms
[3869.072s][info][gc,heap        ] GC(973) Eden regions: 1100->0(1119)
[3869.072s][info][gc,heap        ] GC(973) Survivor regions: 114->109(152)
[3869.072s][info][gc,heap        ] GC(973) Old regions: 537->474
[3869.072s][info][gc,heap        ] GC(973) Humongous regions: 80->80
[3869.072s][info][gc,metaspace   ] GC(973) Metaspace: 28955K(29376K)->28955K(29376K) NonClass: 24084K(24256K)->24084K(24256K) Class: 4870K(5120K)->4870K(5120K)
[3869.072s][info][gc             ] GC(973) Pause Young (Mixed) (G1 Evacuation Pause) 3660M->1324M(4096M) 133.124ms
[3869.072s][info][gc,cpu         ] GC(973) User=0.80s Sys=0.00s Real=0.13s
...[3871.608s][info][gc,start       ] GC(974) Pause Young (Concurrent Start) (G1 Evacuation Pause)
[3871.608s][info][gc,task        ] GC(974) Using 6 workers of 6 for evacuation
[3871.724s][info][gc,phases      ] GC(974)   Pre Evacuate Collection Set: 0.40ms
[3871.725s][info][gc,phases      ] GC(974)   Merge Heap Roots: 0.46ms
[3871.725s][info][gc,phases      ] GC(974)   Evacuate Collection Set: 114.30ms
[3871.725s][info][gc,phases      ] GC(974)   Post Evacuate Collection Set: 0.88ms
[3871.725s][info][gc,phases      ] GC(974)   Other: 0.12ms
[3871.725s][info][gc,heap        ] GC(974) Eden regions: 1119->0(1117)
[3871.725s][info][gc,heap        ] GC(974) Survivor regions: 109->111(154)
[3871.725s][info][gc,heap        ] GC(974) Old regions: 474->506
[3871.725s][info][gc,heap        ] GC(974) Humongous regions: 80->80
[3871.725s][info][gc,metaspace   ] GC(974) Metaspace: 28955K(29376K)->28955K(29376K) NonClass: 24084K(24256K)->24084K(24256K) Class: 4870K(5120K)->4870K(5120K)
[3871.725s][info][gc             ] GC(974) Pause Young (Concurrent Start) (G1 Evacuation Pause) 3562M->1391M(4096M) 116.300ms
[3871.725s][info][gc             ] GC(975) Concurrent Mark Cycle
[3871.725s][info][gc,marking     ] GC(975) Concurrent Scan Root Regions
[3871.725s][info][gc,cpu         ] GC(974) User=0.69s Sys=0.00s Real=0.12s
[3871.932s][info][gc,marking     ] GC(975) Concurrent Scan Root Regions 207.600ms
[3871.932s][info][gc,marking     ] GC(975) Concurrent Mark
[3871.932s][info][gc,marking     ] GC(975) Concurrent Mark From Roots
[3871.932s][info][gc,task        ] GC(975) Using 2 workers of 2 for marking
.[3872.884s][info][gc,marking     ] GC(975) Concurrent Mark From Roots 951.620ms
[3872.884s][info][gc,marking     ] GC(975) Concurrent Preclean
[3872.884s][info][gc,marking     ] GC(975) Concurrent Preclean 0.105ms
[3872.884s][info][gc,start       ] GC(975) Pause Remark
[3872.891s][info][gc             ] GC(975) Pause Remark 2430M->2430M(4096M) 7.053ms
[3872.891s][info][gc,cpu         ] GC(975) User=0.04s Sys=0.00s Real=0.00s
[3872.891s][info][gc,marking     ] GC(975) Concurrent Mark 959.030ms
[3872.891s][info][gc,marking     ] GC(975) Concurrent Rebuild Remembered Sets and Scrub Regions
.[3873.191s][info][gc,marking     ] GC(975) Concurrent Rebuild Remembered Sets and Scrub Regions 299.586ms
[3873.191s][info][gc,start       ] GC(975) Pause Cleanup
[3873.191s][info][gc             ] GC(975) Pause Cleanup 2680M->2680M(4096M) 0.110ms
[3873.191s][info][gc,cpu         ] GC(975) User=0.00s Sys=0.00s Real=0.00s
[3873.191s][info][gc,marking     ] GC(975) Concurrent Clear Claimed Marks
[3873.191s][info][gc,marking     ] GC(975) Concurrent Clear Claimed Marks 0.035ms
[3873.191s][info][gc,marking     ] GC(975) Concurrent Cleanup for Next Mark
[3873.195s][info][gc,marking     ] GC(975) Concurrent Cleanup for Next Mark 3.604ms
[3873.195s][info][gc             ] GC(975) Concurrent Mark Cycle 1470.267ms
.[3874.367s][info][gc,start       ] GC(976) Pause Young (Prepare Mixed) (G1 Evacuation Pause)
[3874.367s][info][gc,task        ] GC(976) Using 6 workers of 6 for evacuation
[3874.483s][info][gc,phases      ] GC(976)   Pre Evacuate Collection Set: 0.34ms
[3874.483s][info][gc,phases      ] GC(976)   Merge Heap Roots: 0.49ms
[3874.483s][info][gc,phases      ] GC(976)   Evacuate Collection Set: 114.22ms
[3874.483s][info][gc,phases      ] GC(976)   Post Evacuate Collection Set: 0.91ms
[3874.483s][info][gc,phases      ] GC(976)   Other: 0.08ms
[3874.483s][info][gc,heap        ] GC(976) Eden regions: 1117->0(1108)
[3874.483s][info][gc,heap        ] GC(976) Survivor regions: 111->110(154)
[3874.483s][info][gc,heap        ] GC(976) Old regions: 506->537
[3874.483s][info][gc,heap        ] GC(976) Humongous regions: 80->80
[3874.483s][info][gc,metaspace   ] GC(976) Metaspace: 28955K(29376K)->28955K(29376K) NonClass: 24084K(24256K)->24084K(24256K) Class: 4870K(5120K)->4870K(5120K)
[3874.483s][info][gc             ] GC(976) Pause Young (Prepare Mixed) (G1 Evacuation Pause) 3625M->1452M(4096M) 116.178ms
[3874.483s][info][gc,cpu         ] GC(976) User=0.70s Sys=0.00s Real=0.11s
..[3876.958s][info][gc,start       ] GC(977) Pause Young (Mixed) (G1 Evacuation Pause)
[3876.958s][info][gc,task        ] GC(977) Using 6 workers of 6 for evacuation
[3877.091s][info][gc,phases      ] GC(977)   Pre Evacuate Collection Set: 0.34ms
[3877.091s][info][gc,phases      ] GC(977)   Merge Heap Roots: 0.70ms
[3877.091s][info][gc,phases      ] GC(977)   Evacuate Collection Set: 130.93ms
[3877.091s][info][gc,phases      ] GC(977)   Post Evacuate Collection Set: 0.95ms
[3877.091s][info][gc,phases      ] GC(977)   Other: 0.09ms
[3877.091s][info][gc,heap        ] GC(977) Eden regions: 1108->0(1120)
[3877.091s][info][gc,heap        ] GC(977) Survivor regions: 110->108(153)
[3877.091s][info][gc,heap        ] GC(977) Old regions: 537->473
[3877.091s][info][gc,heap        ] GC(977) Humongous regions: 80->80
[3877.091s][info][gc,metaspace   ] GC(977) Metaspace: 28955K(29376K)->28955K(29376K) NonClass: 24084K(24256K)->24084K(24256K) Class: 4870K(5120K)->4870K(5120K)
[3877.091s][info][gc             ] GC(977) Pause Young (Mixed) (G1 Evacuation Pause) 3668M->1320M(4096M) 133.152ms
[3877.091s][info][gc,cpu         ] GC(977) User=0.80s Sys=0.00s Real=0.13s
...[3879.710s][info][gc,start       ] GC(978) Pause Young (Concurrent Start) (G1 Evacuation Pause)
[3879.710s][info][gc,task        ] GC(978) Using 6 workers of 6 for evacuation
[3879.825s][info][gc,phases      ] GC(978)   Pre Evacuate Collection Set: 0.31ms
[3879.825s][info][gc,phases      ] GC(978)   Merge Heap Roots: 0.48ms
[3879.825s][info][gc,phases      ] GC(978)   Evacuate Collection Set: 113.72ms
[3879.825s][info][gc,phases      ] GC(978)   Post Evacuate Collection Set: 0.90ms
[3879.825s][info][gc,phases      ] GC(978)   Other: 0.10ms
[3879.825s][info][gc,heap        ] GC(978) Eden regions: 1120->0(1121)
[3879.825s][info][gc,heap        ] GC(978) Survivor regions: 108->107(154)
[3879.825s][info][gc,heap        ] GC(978) Old regions: 473->505
[3879.825s][info][gc,heap        ] GC(978) Humongous regions: 80->80
[3879.825s][info][gc,metaspace   ] GC(978) Metaspace: 28955K(29376K)->28955K(29376K) NonClass: 24084K(24256K)->24084K(24256K) Class: 4870K(5120K)->4870K(5120K)
[3879.825s][info][gc             ] GC(978) Pause Young (Concurrent Start) (G1 Evacuation Pause) 3560M->1383M(4096M) 115.635ms
[3879.825s][info][gc             ] GC(979) Concurrent Mark Cycle
[3879.825s][info][gc,marking     ] GC(979) Concurrent Scan Root Regions
[3879.825s][info][gc,cpu         ] GC(978) User=0.69s Sys=0.00s Real=0.12s
[3880.028s][info][gc,marking     ] GC(979) Concurrent Scan Root Regions 203.059ms
[3880.029s][info][gc,marking     ] GC(979) Concurrent Mark
[3880.029s][info][gc,marking     ] GC(979) Concurrent Mark From Roots
[3880.029s][info][gc,task        ] GC(979) Using 2 workers of 2 for marking
.[3880.997s][info][gc,marking     ] GC(979) Concurrent Mark From Roots 968.436ms
[3880.997s][info][gc,marking     ] GC(979) Concurrent Preclean
[3880.997s][info][gc,marking     ] GC(979) Concurrent Preclean 0.163ms
[3881.000s][info][gc,start       ] GC(979) Pause Remark
[3881.006s][info][gc             ] GC(979) Pause Remark 2367M->2367M(4096M) 5.953ms
[3881.006s][info][gc,cpu         ] GC(979) User=0.03s Sys=0.00s Real=0.01s
[3881.006s][info][gc,marking     ] GC(979) Concurrent Mark 977.513ms
[3881.006s][info][gc,marking     ] GC(979) Concurrent Rebuild Remembered Sets and Scrub Regions
.[3881.294s][info][gc,marking     ] GC(979) Concurrent Rebuild Remembered Sets and Scrub Regions 288.160ms
[3881.294s][info][gc,start       ] GC(979) Pause Cleanup
[3881.295s][info][gc             ] GC(979) Pause Cleanup 2650M->2650M(4096M) 0.105ms
[3881.295s][info][gc,cpu         ] GC(979) User=0.00s Sys=0.00s Real=0.00s
[3881.296s][info][gc,marking     ] GC(979) Concurrent Clear Claimed Marks
[3881.296s][info][gc,marking     ] GC(979) Concurrent Clear Claimed Marks 0.036ms
[3881.296s][info][gc,marking     ] GC(979) Concurrent Cleanup for Next Mark
[3881.302s][info][gc,marking     ] GC(979) Concurrent Cleanup for Next Mark 6.083ms
[3881.302s][info][gc             ] GC(979) Concurrent Mark Cycle 1476.275ms
.[3882.403s][info][gc,start       ] GC(980) Pause Young (Prepare Mixed) (G1 Evacuation Pause)
[3882.403s][info][gc,task        ] GC(980) Using 6 workers of 6 for evacuation
[3882.519s][info][gc,phases      ] GC(980)   Pre Evacuate Collection Set: 0.34ms
[3882.519s][info][gc,phases      ] GC(980)   Merge Heap Roots: 0.49ms
[3882.519s][info][gc,phases      ] GC(980)   Evacuate Collection Set: 114.63ms
[3882.519s][info][gc,phases      ] GC(980)   Post Evacuate Collection Set: 0.90ms
[3882.519s][info][gc,phases      ] GC(980)   Other: 0.09ms
[3882.519s][info][gc,heap        ] GC(980) Eden regions: 1121->0(1107)
[3882.519s][info][gc,heap        ] GC(980) Survivor regions: 107->111(154)
[3882.519s][info][gc,heap        ] GC(980) Old regions: 505->536
[3882.519s][info][gc,heap        ] GC(980) Humongous regions: 80->80
[3882.519s][info][gc,metaspace   ] GC(980) Metaspace: 28955K(29376K)->28955K(29376K) NonClass: 24084K(24256K)->24084K(24256K) Class: 4870K(5120K)->4870K(5120K)
[3882.519s][info][gc             ] GC(980) Pause Young (Prepare Mixed) (G1 Evacuation Pause) 3625M->1452M(4096M) 116.592ms
[3882.519s][info][gc,cpu         ] GC(980) User=0.70s Sys=0.00s Real=0.12s
..[3885.067s][info][gc,start       ] GC(981) Pause Young (Mixed) (G1 Evacuation Pause)
[3885.067s][info][gc,task        ] GC(981) Using 6 workers of 6 for evacuation
[3885.201s][info][gc,phases      ] GC(981)   Pre Evacuate Collection Set: 0.37ms
[3885.201s][info][gc,phases      ] GC(981)   Merge Heap Roots: 0.61ms
[3885.201s][info][gc,phases      ] GC(981)   Evacuate Collection Set: 132.08ms
[3885.201s][info][gc,phases      ] GC(981)   Post Evacuate Collection Set: 0.95ms
[3885.201s][info][gc,phases      ] GC(981)   Other: 0.09ms
[3885.201s][info][gc,heap        ] GC(981) Eden regions: 1107->0(1116)
[3885.201s][info][gc,heap        ] GC(981) Survivor regions: 111->112(153)
[3885.201s][info][gc,heap        ] GC(981) Old regions: 536->473
[3885.201s][info][gc,heap        ] GC(981) Humongous regions: 80->80
[3885.201s][info][gc,metaspace   ] GC(981) Metaspace: 28955K(29376K)->28955K(29376K) NonClass: 24084K(24256K)->24084K(24256K) Class: 4870K(5120K)->4870K(5120K)
[3885.201s][info][gc             ] GC(981) Pause Young (Mixed) (G1 Evacuation Pause) 3666M->1327M(4096M) 134.224ms
[3885.201s][info][gc,cpu         ] GC(981) User=0.80s Sys=0.00s Real=0.13s
...[3887.797s][info][gc,start       ] GC(982) Pause Young (Concurrent Start) (G1 Evacuation Pause)
[3887.797s][info][gc,task        ] GC(982) Using 6 workers of 6 for evacuation
[3887.912s][info][gc,phases      ] GC(982)   Pre Evacuate Collection Set: 0.39ms
[3887.912s][info][gc,phases      ] GC(982)   Merge Heap Roots: 0.45ms
[3887.912s][info][gc,phases      ] GC(982)   Evacuate Collection Set: 112.91ms
[3887.912s][info][gc,phases      ] GC(982)   Post Evacuate Collection Set: 0.86ms
[3887.912s][info][gc,phases      ] GC(982)   Other: 0.11ms
[3887.912s][info][gc,heap        ] GC(982) Eden regions: 1116->0(1120)
[3887.912s][info][gc,heap        ] GC(982) Survivor regions: 112->108(154)
[3887.912s][info][gc,heap        ] GC(982) Old regions: 473->505
[3887.912s][info][gc,heap        ] GC(982) Humongous regions: 80->80
[3887.912s][info][gc,metaspace   ] GC(982) Metaspace: 28955K(29376K)->28955K(29376K) NonClass: 24084K(24256K)->24084K(24256K) Class: 4870K(5120K)->4870K(5120K)
[3887.912s][info][gc             ] GC(982) Pause Young (Concurrent Start) (G1 Evacuation Pause) 3559M->1384M(4096M) 114.855ms
[3887.912s][info][gc             ] GC(983) Concurrent Mark Cycle
[3887.912s][info][gc,marking     ] GC(983) Concurrent Scan Root Regions
[3887.912s][info][gc,cpu         ] GC(982) User=0.68s Sys=0.00s Real=0.11s
[3888.089s][info][gc,marking     ] GC(983) Concurrent Scan Root Regions 177.085ms
[3888.089s][info][gc,marking     ] GC(983) Concurrent Mark
[3888.089s][info][gc,marking     ] GC(983) Concurrent Mark From Roots
[3888.089s][info][gc,task        ] GC(983) Using 2 workers of 2 for marking
.[3889.030s][info][gc,marking     ] GC(983) Concurrent Mark From Roots 940.823ms
[3889.030s][info][gc,marking     ] GC(983) Concurrent Preclean
[3889.030s][info][gc,marking     ] GC(983) Concurrent Preclean 0.157ms
[3889.031s][info][gc,start       ] GC(983) Pause Remark
[3889.037s][info][gc             ] GC(983) Pause Remark 2356M->2356M(4096M) 5.931ms
[3889.037s][info][gc,cpu         ] GC(983) User=0.03s Sys=0.00s Real=0.01s
[3889.037s][info][gc,marking     ] GC(983) Concurrent Mark 948.230ms
[3889.037s][info][gc,marking     ] GC(983) Concurrent Rebuild Remembered Sets and Scrub Regions
.[3889.297s][info][gc,marking     ] GC(983) Concurrent Rebuild Remembered Sets and Scrub Regions 260.205ms
[3889.297s][info][gc,start       ] GC(983) Pause Cleanup
[3889.298s][info][gc             ] GC(983) Pause Cleanup 2592M->2592M(4096M) 0.111ms
[3889.298s][info][gc,cpu         ] GC(983) User=0.00s Sys=0.00s Real=0.00s
[3889.298s][info][gc,marking     ] GC(983) Concurrent Clear Claimed Marks
[3889.298s][info][gc,marking     ] GC(983) Concurrent Clear Claimed Marks 0.024ms
[3889.298s][info][gc,marking     ] GC(983) Concurrent Cleanup for Next Mark
[3889.302s][info][gc,marking     ] GC(983) Concurrent Cleanup for Next Mark 4.680ms
[3889.302s][info][gc             ] GC(983) Concurrent Mark Cycle 1390.697ms
.[3890.507s][info][gc,start       ] GC(984) Pause Young (Prepare Mixed) (G1 Evacuation Pause)
[3890.507s][info][gc,task        ] GC(984) Using 6 workers of 6 for evacuation
[3890.627s][info][gc,phases      ] GC(984)   Pre Evacuate Collection Set: 0.34ms
[3890.627s][info][gc,phases      ] GC(984)   Merge Heap Roots: 0.47ms
[3890.627s][info][gc,phases      ] GC(984)   Evacuate Collection Set: 118.97ms
[3890.627s][info][gc,phases      ] GC(984)   Post Evacuate Collection Set: 0.82ms
[3890.627s][info][gc,phases      ] GC(984)   Other: 0.09ms
[3890.627s][info][gc,heap        ] GC(984) Eden regions: 1120->0(1099)
[3890.627s][info][gc,heap        ] GC(984) Survivor regions: 108->115(154)
[3890.627s][info][gc,heap        ] GC(984) Old regions: 505->536
[3890.627s][info][gc,heap        ] GC(984) Humongous regions: 80->80
[3890.627s][info][gc,metaspace   ] GC(984) Metaspace: 28955K(29376K)->28955K(29376K) NonClass: 24084K(24256K)->24084K(24256K) Class: 4870K(5120K)->4870K(5120K)
[3890.628s][info][gc             ] GC(984) Pause Young (Prepare Mixed) (G1 Evacuation Pause) 3624M->1460M(4096M) 120.816ms
[3890.628s][info][gc,cpu         ] GC(984) User=0.72s Sys=0.00s Real=0.12s
..[3893.151s][info][gc,start       ] GC(985) Pause Young (Mixed) (G1 Evacuation Pause)
[3893.151s][info][gc,task        ] GC(985) Using 6 workers of 6 for evacuation
[3893.285s][info][gc,phases      ] GC(985)   Pre Evacuate Collection Set: 0.35ms
[3893.285s][info][gc,phases      ] GC(985)   Merge Heap Roots: 0.70ms
[3893.285s][info][gc,phases      ] GC(985)   Evacuate Collection Set: 131.80ms
[3893.285s][info][gc,phases      ] GC(985)   Post Evacuate Collection Set: 0.92ms
[3893.285s][info][gc,phases      ] GC(985)   Other: 0.08ms
[3893.285s][info][gc,heap        ] GC(985) Eden regions: 1099->0(1119)
[3893.285s][info][gc,heap        ] GC(985) Survivor regions: 115->109(152)
[3893.285s][info][gc,heap        ] GC(985) Old regions: 536->475
[3893.285s][info][gc,heap        ] GC(985) Humongous regions: 80->80
[3893.285s][info][gc,metaspace   ] GC(985) Metaspace: 28955K(29376K)->28955K(29376K) NonClass: 24084K(24256K)->24084K(24256K) Class: 4870K(5120K)->4870K(5120K)
[3893.285s][info][gc             ] GC(985) Pause Young (Mixed) (G1 Evacuation Pause) 3658M->1325M(4096M) 133.972ms
[3893.285s][info][gc,cpu         ] GC(985) User=0.80s Sys=0.00s Real=0.14s
...[3895.810s][info][gc,start       ] GC(986) Pause Young (Concurrent Start) (G1 Evacuation Pause)
[3895.810s][info][gc,task        ] GC(986) Using 6 workers of 6 for evacuation
[3895.924s][info][gc,phases      ] GC(986)   Pre Evacuate Collection Set: 0.37ms
[3895.924s][info][gc,phases      ] GC(986)   Merge Heap Roots: 0.45ms
[3895.924s][info][gc,phases      ] GC(986)   Evacuate Collection Set: 111.48ms
[3895.924s][info][gc,phases      ] GC(986)   Post Evacuate Collection Set: 0.87ms
[3895.924s][info][gc,phases      ] GC(986)   Other: 0.09ms
[3895.924s][info][gc,heap        ] GC(986) Eden regions: 1119->0(1122)
[3895.924s][info][gc,heap        ] GC(986) Survivor regions: 109->106(154)
[3895.924s][info][gc,heap        ] GC(986) Old regions: 475->507
[3895.924s][info][gc,heap        ] GC(986) Humongous regions: 80->80
[3895.924s][info][gc,metaspace   ] GC(986) Metaspace: 28955K(29376K)->28955K(29376K) NonClass: 24084K(24256K)->24084K(24256K) Class: 4870K(5120K)->4870K(5120K)
[3895.924s][info][gc             ] GC(986) Pause Young (Concurrent Start) (G1 Evacuation Pause) 3563M->1384M(4096M) 113.403ms
[3895.924s][info][gc             ] GC(987) Concurrent Mark Cycle
[3895.924s][info][gc,marking     ] GC(987) Concurrent Scan Root Regions
[3895.924s][info][gc,cpu         ] GC(986) User=0.67s Sys=0.00s Real=0.12s
[3896.081s][info][gc,marking     ] GC(987) Concurrent Scan Root Regions 156.873ms
[3896.081s][info][gc,marking     ] GC(987) Concurrent Mark
[3896.081s][info][gc,marking     ] GC(987) Concurrent Mark From Roots
[3896.081s][info][gc,task        ] GC(987) Using 2 workers of 2 for marking
.[3896.932s][info][gc,marking     ] GC(987) Concurrent Mark From Roots 850.779ms
[3896.932s][info][gc,marking     ] GC(987) Concurrent Preclean
[3896.932s][info][gc,marking     ] GC(987) Concurrent Preclean 0.173ms
[3896.933s][info][gc,start       ] GC(987) Pause Remark
[3896.939s][info][gc             ] GC(987) Pause Remark 2176M->2176M(4096M) 5.773ms
[3896.939s][info][gc,cpu         ] GC(987) User=0.04s Sys=0.00s Real=0.00s
[3896.939s][info][gc,marking     ] GC(987) Concurrent Mark 858.404ms
[3896.939s][info][gc,marking     ] GC(987) Concurrent Rebuild Remembered Sets and Scrub Regions
[3897.282s][info][gc,marking     ] GC(987) Concurrent Rebuild Remembered Sets and Scrub Regions 342.933ms
[3897.282s][info][gc,start       ] GC(987) Pause Cleanup
[3897.282s][info][gc             ] GC(987) Pause Cleanup 2542M->2542M(4096M) 0.112ms
[3897.282s][info][gc,cpu         ] GC(987) User=0.00s Sys=0.00s Real=0.00s
[3897.282s][info][gc,marking     ] GC(987) Concurrent Clear Claimed Marks
[3897.282s][info][gc,marking     ] GC(987) Concurrent Clear Claimed Marks 0.023ms
[3897.282s][info][gc,marking     ] GC(987) Concurrent Cleanup for Next Mark
[3897.286s][info][gc,marking     ] GC(987) Concurrent Cleanup for Next Mark 3.521ms
[3897.286s][info][gc             ] GC(987) Concurrent Mark Cycle 1362.165ms
..[3898.582s][info][gc,start       ] GC(988) Pause Young (Prepare Mixed) (G1 Evacuation Pause)
[3898.582s][info][gc,task        ] GC(988) Using 6 workers of 6 for evacuation
[3898.704s][info][gc,phases      ] GC(988)   Pre Evacuate Collection Set: 0.34ms
[3898.704s][info][gc,phases      ] GC(988)   Merge Heap Roots: 0.50ms
[3898.704s][info][gc,phases      ] GC(988)   Evacuate Collection Set: 120.17ms
[3898.704s][info][gc,phases      ] GC(988)   Post Evacuate Collection Set: 0.92ms
[3898.704s][info][gc,phases      ] GC(988)   Other: 0.09ms
[3898.704s][info][gc,heap        ] GC(988) Eden regions: 1122->0(1100)
[3898.704s][info][gc,heap        ] GC(988) Survivor regions: 106->113(154)
[3898.704s][info][gc,heap        ] GC(988) Old regions: 507->539
[3898.704s][info][gc,heap        ] GC(988) Humongous regions: 80->80
[3898.704s][info][gc,metaspace   ] GC(988) Metaspace: 28955K(29376K)->28955K(29376K) NonClass: 24084K(24256K)->24084K(24256K) Class: 4870K(5120K)->4870K(5120K)
[3898.704s][info][gc             ] GC(988) Pause Young (Prepare Mixed) (G1 Evacuation Pause) 3628M->1462M(4096M) 122.147ms
[3898.704s][info][gc,cpu         ] GC(988) User=0.73s Sys=0.00s Real=0.13s
..[3901.240s][info][gc,start       ] GC(989) Pause Young (Mixed) (G1 Evacuation Pause)
[3901.240s][info][gc,task        ] GC(989) Using 6 workers of 6 for evacuation
[3901.371s][info][gc,phases      ] GC(989)   Pre Evacuate Collection Set: 0.39ms
[3901.371s][info][gc,phases      ] GC(989)   Merge Heap Roots: 0.70ms
[3901.371s][info][gc,phases      ] GC(989)   Evacuate Collection Set: 128.51ms
[3901.371s][info][gc,phases      ] GC(989)   Post Evacuate Collection Set: 0.96ms
[3901.371s][info][gc,phases      ] GC(989)   Other: 0.09ms
[3901.371s][info][gc,heap        ] GC(989) Eden regions: 1100->0(1120)
[3901.371s][info][gc,heap        ] GC(989) Survivor regions: 113->108(152)
[3901.371s][info][gc,heap        ] GC(989) Old regions: 539->474
[3901.371s][info][gc,heap        ] GC(989) Humongous regions: 80->80
[3901.371s][info][gc,metaspace   ] GC(989) Metaspace: 28955K(29376K)->28955K(29376K) NonClass: 24084K(24256K)->24084K(24256K) Class: 4870K(5120K)->4870K(5120K)
[3901.371s][info][gc             ] GC(989) Pause Young (Mixed) (G1 Evacuation Pause) 3662M->1322M(4096M) 130.810ms
[3901.371s][info][gc,cpu         ] GC(989) User=0.78s Sys=0.00s Real=0.13s
... (rIR:aIR:PR = 6918:6926:6926) (tPR = 102117) [OK] 
  3903s: Performance info:
         Transaction,    Success,    Partial,     Failed,   Receipts, AvgBarcode, 
             Overall,     419011,          0,          0,     398069,      59.48, 
         Response times:
             Request,    Success,    Partial,     Failed,   SkipFail,     Probes,    Samples,      min,      p50,      p90,      p95,      p99,      max, 
       TotalPurchase,     398066,          0,          0,          0,     359469,     419767,      300,     5700,    31000,    56000,   116000,   238000,
     InStorePurchase,     209587,          0,          0,          0,     189231,     220473,      300,     5900,    32000,    57000,   116000,   238000,
      OnlinePurchase,     146612,          0,          0,          0,     132001,     154318,      300,     5400,    30000,    55000,   116000,   238000,
        InstPurchase,      41867,          0,          0,          0,      38237,      44976,      400,     5900,    32000,    57000,   113000,   238000,
          AssocOfCat,        416,          0,          0,          0,        326,        462,    23000,    37000,    79700,   102550,   193370,   232000,
      AssocOfProduct,       4178,          0,          0,          0,       3885,       4709,      600,     5500,    28000,    53000,   110000,   188000,
      BusinessReport,       1045,          0,          0,          0,        905,       1162,    25000,    40000,    90000,   133850,   188480,   230000,
          CustBuyBeh,       4192,          0,          0,          0,       3914,       4761,      300,     5100,    28800,    53000,   129000,   212000,
       ProductReturn,      11112,          0,          0,          0,       9416,      11193,      300,     5300,    32000,    57000,   115000,   201000,

  3903s: (51%)   IR =   7057 [3903.958s][info][gc,start       ] GC(990) Pause Young (Concurrent Start) (G1 Evacuation Pause)
[3903.958s][info][gc,task        ] GC(990) Using 6 workers of 6 for evacuation
[3904.074s][info][gc,phases      ] GC(990)   Pre Evacuate Collection Set: 0.39ms
[3904.074s][info][gc,phases      ] GC(990)   Merge Heap Roots: 0.46ms
[3904.074s][info][gc,phases      ] GC(990)   Evacuate Collection Set: 113.85ms
[3904.074s][info][gc,phases      ] GC(990)   Post Evacuate Collection Set: 0.87ms
[3904.074s][info][gc,phases      ] GC(990)   Other: 0.12ms
[3904.074s][info][gc,heap        ] GC(990) Eden regions: 1120->0(1120)
[3904.074s][info][gc,heap        ] GC(990) Survivor regions: 108->108(154)
[3904.074s][info][gc,heap        ] GC(990) Old regions: 474->506
[3904.074s][info][gc,heap        ] GC(990) Humongous regions: 80->80
[3904.074s][info][gc,metaspace   ] GC(990) Metaspace: 28955K(29376K)->28955K(29376K) NonClass: 24084K(24256K)->24084K(24256K) Class: 4870K(5120K)->4870K(5120K)
[3904.074s][info][gc             ] GC(990) Pause Young (Concurrent Start) (G1 Evacuation Pause) 3562M->1387M(4096M) 115.820ms
[3904.074s][info][gc             ] GC(991) Concurrent Mark Cycle
[3904.074s][info][gc,marking     ] GC(991) Concurrent Scan Root Regions
[3904.074s][info][gc,cpu         ] GC(990) User=0.69s Sys=0.00s Real=0.12s
[3904.257s][info][gc,marking     ] GC(991) Concurrent Scan Root Regions 183.072ms
[3904.257s][info][gc,marking     ] GC(991) Concurrent Mark
[3904.257s][info][gc,marking     ] GC(991) Concurrent Mark From Roots
[3904.257s][info][gc,task        ] GC(991) Using 2 workers of 2 for marking
.[3905.181s][info][gc,marking     ] GC(991) Concurrent Mark From Roots 923.902ms
[3905.181s][info][gc,marking     ] GC(991) Concurrent Preclean
[3905.181s][info][gc,marking     ] GC(991) Concurrent Preclean 0.169ms
[3905.183s][info][gc,start       ] GC(991) Pause Remark
[3905.191s][info][gc             ] GC(991) Pause Remark 2411M->2411M(4096M) 7.795ms
[3905.191s][info][gc,cpu         ] GC(991) User=0.05s Sys=0.00s Real=0.01s
[3905.192s][info][gc,marking     ] GC(991) Concurrent Mark 935.084ms
[3905.192s][info][gc,marking     ] GC(991) Concurrent Rebuild Remembered Sets and Scrub Regions
[3905.437s][info][gc,marking     ] GC(991) Concurrent Rebuild Remembered Sets and Scrub Regions 244.932ms
[3905.438s][info][gc,start       ] GC(991) Pause Cleanup
[3905.438s][info][gc             ] GC(991) Pause Cleanup 2618M->2618M(4096M) 0.110ms
[3905.438s][info][gc,cpu         ] GC(991) User=0.00s Sys=0.00s Real=0.00s
[3905.438s][info][gc,marking     ] GC(991) Concurrent Clear Claimed Marks
[3905.438s][info][gc,marking     ] GC(991) Concurrent Clear Claimed Marks 0.027ms
[3905.438s][info][gc,marking     ] GC(991) Concurrent Cleanup for Next Mark
[3905.442s][info][gc,marking     ] GC(991) Concurrent Cleanup for Next Mark 4.774ms
[3905.443s][info][gc             ] GC(991) Concurrent Mark Cycle 1368.525ms
..[3906.589s][info][gc,start       ] GC(992) Pause Young (Prepare Mixed) (G1 Evacuation Pause)
[3906.589s][info][gc,task        ] GC(992) Using 6 workers of 6 for evacuation
[3906.710s][info][gc,phases      ] GC(992)   Pre Evacuate Collection Set: 0.28ms
[3906.710s][info][gc,phases      ] GC(992)   Merge Heap Roots: 0.49ms
[3906.710s][info][gc,phases      ] GC(992)   Evacuate Collection Set: 119.24ms
[3906.710s][info][gc,phases      ] GC(992)   Post Evacuate Collection Set: 0.92ms
[3906.710s][info][gc,phases      ] GC(992)   Other: 0.09ms
[3906.710s][info][gc,heap        ] GC(992) Eden regions: 1120->0(1098)
[3906.710s][info][gc,heap        ] GC(992) Survivor regions: 108->115(154)
[3906.710s][info][gc,heap        ] GC(992) Old regions: 506->537
[3906.710s][info][gc,heap        ] GC(992) Humongous regions: 80->80
[3906.710s][info][gc,metaspace   ] GC(992) Metaspace: 28955K(29376K)->28955K(29376K) NonClass: 24084K(24256K)->24084K(24256K) Class: 4870K(5120K)->4870K(5120K)
[3906.710s][info][gc             ] GC(992) Pause Young (Prepare Mixed) (G1 Evacuation Pause) 3627M->1462M(4096M) 121.137ms
[3906.710s][info][gc,cpu         ] GC(992) User=0.72s Sys=0.00s Real=0.12s
..[3909.189s][info][gc,start       ] GC(993) Pause Young (Mixed) (G1 Evacuation Pause)
[3909.189s][info][gc,task        ] GC(993) Using 6 workers of 6 for evacuation
[3909.320s][info][gc,phases      ] GC(993)   Pre Evacuate Collection Set: 0.36ms
[3909.320s][info][gc,phases      ] GC(993)   Merge Heap Roots: 0.65ms
[3909.320s][info][gc,phases      ] GC(993)   Evacuate Collection Set: 128.49ms
[3909.320s][info][gc,phases      ] GC(993)   Post Evacuate Collection Set: 0.93ms
[3909.320s][info][gc,phases      ] GC(993)   Other: 0.08ms
[3909.320s][info][gc,heap        ] GC(993) Eden regions: 1098->0(1121)
[3909.320s][info][gc,heap        ] GC(993) Survivor regions: 115->107(152)
[3909.320s][info][gc,heap        ] GC(993) Old regions: 537->475
[3909.320s][info][gc,heap        ] GC(993) Humongous regions: 80->80
[3909.320s][info][gc,metaspace   ] GC(993) Metaspace: 28955K(29376K)->28955K(29376K) NonClass: 24084K(24256K)->24084K(24256K) Class: 4870K(5120K)->4870K(5120K)
[3909.320s][info][gc             ] GC(993) Pause Young (Mixed) (G1 Evacuation Pause) 3658M->1322M(4096M) 130.654ms
[3909.320s][info][gc,cpu         ] GC(993) User=0.78s Sys=0.00s Real=0.13s
...[3911.865s][info][gc,start       ] GC(994) Pause Young (Concurrent Start) (G1 Evacuation Pause)
[3911.865s][info][gc,task        ] GC(994) Using 6 workers of 6 for evacuation
[3911.980s][info][gc,phases      ] GC(994)   Pre Evacuate Collection Set: 0.36ms
[3911.980s][info][gc,phases      ] GC(994)   Merge Heap Roots: 0.46ms
[3911.980s][info][gc,phases      ] GC(994)   Evacuate Collection Set: 113.40ms
[3911.980s][info][gc,phases      ] GC(994)   Post Evacuate Collection Set: 0.88ms
[3911.980s][info][gc,phases      ] GC(994)   Other: 0.11ms
[3911.980s][info][gc,heap        ] GC(994) Eden regions: 1121->0(1121)
[3911.980s][info][gc,heap        ] GC(994) Survivor regions: 107->107(154)
[3911.980s][info][gc,heap        ] GC(994) Old regions: 475->506
[3911.980s][info][gc,heap        ] GC(994) Humongous regions: 80->80
[3911.980s][info][gc,metaspace   ] GC(994) Metaspace: 28955K(29376K)->28955K(29376K) NonClass: 24084K(24256K)->24084K(24256K) Class: 4870K(5120K)->4870K(5120K)
[3911.980s][info][gc             ] GC(994) Pause Young (Concurrent Start) (G1 Evacuation Pause) 3564M->1383M(4096M) 115.375ms
[3911.980s][info][gc             ] GC(995) Concurrent Mark Cycle
[3911.980s][info][gc,marking     ] GC(995) Concurrent Scan Root Regions
[3911.980s][info][gc,cpu         ] GC(994) User=0.68s Sys=0.00s Real=0.11s
[3912.122s][info][gc,marking     ] GC(995) Concurrent Scan Root Regions 141.469ms
[3912.122s][info][gc,marking     ] GC(995) Concurrent Mark
[3912.122s][info][gc,marking     ] GC(995) Concurrent Mark From Roots
[3912.122s][info][gc,task        ] GC(995) Using 2 workers of 2 for marking
.[3912.840s][info][gc,marking     ] GC(995) Concurrent Mark From Roots 718.310ms
[3912.840s][info][gc,marking     ] GC(995) Concurrent Preclean
[3912.840s][info][gc,marking     ] GC(995) Concurrent Preclean 0.129ms
[3912.841s][info][gc,start       ] GC(995) Pause Remark
[3912.847s][info][gc             ] GC(995) Pause Remark 2149M->2149M(4096M) 6.589ms
[3912.847s][info][gc,cpu         ] GC(995) User=0.04s Sys=0.00s Real=0.01s
[3912.847s][info][gc,marking     ] GC(995) Concurrent Mark 725.506ms
[3912.847s][info][gc,marking     ] GC(995) Concurrent Rebuild Remembered Sets and Scrub Regions
[3913.104s][info][gc,marking     ] GC(995) Concurrent Rebuild Remembered Sets and Scrub Regions 256.682ms
[3913.104s][info][gc,start       ] GC(995) Pause Cleanup
[3913.104s][info][gc             ] GC(995) Pause Cleanup 2366M->2366M(4096M) 0.105ms
[3913.104s][info][gc,cpu         ] GC(995) User=0.00s Sys=0.00s Real=0.00s
[3913.104s][info][gc,marking     ] GC(995) Concurrent Clear Claimed Marks
[3913.104s][info][gc,marking     ] GC(995) Concurrent Clear Claimed Marks 0.022ms
[3913.104s][info][gc,marking     ] GC(995) Concurrent Cleanup for Next Mark
[3913.109s][info][gc,marking     ] GC(995) Concurrent Cleanup for Next Mark 4.942ms
[3913.109s][info][gc             ] GC(995) Concurrent Mark Cycle 1129.052ms
.|[3914.553s][info][gc,start       ] GC(996) Pause Young (Prepare Mixed) (G1 Evacuation Pause)
[3914.553s][info][gc,task        ] GC(996) Using 6 workers of 6 for evacuation
[3914.671s][info][gc,phases      ] GC(996)   Pre Evacuate Collection Set: 0.34ms
[3914.671s][info][gc,phases      ] GC(996)   Merge Heap Roots: 0.51ms
[3914.671s][info][gc,phases      ] GC(996)   Evacuate Collection Set: 115.85ms
[3914.671s][info][gc,phases      ] GC(996)   Post Evacuate Collection Set: 0.91ms
[3914.671s][info][gc,phases      ] GC(996)   Other: 0.09ms
[3914.671s][info][gc,heap        ] GC(996) Eden regions: 1121->0(1104)
[3914.671s][info][gc,heap        ] GC(996) Survivor regions: 107->112(154)
[3914.671s][info][gc,heap        ] GC(996) Old regions: 506->537
[3914.671s][info][gc,heap        ] GC(996) Humongous regions: 80->80
[3914.671s][info][gc,metaspace   ] GC(996) Metaspace: 28955K(29376K)->28955K(29376K) NonClass: 24084K(24256K)->24084K(24256K) Class: 4870K(5120K)->4870K(5120K)
[3914.671s][info][gc             ] GC(996) Pause Young (Prepare Mixed) (G1 Evacuation Pause) 3625M->1455M(4096M) 117.831ms
[3914.671s][info][gc,cpu         ] GC(996) User=0.70s Sys=0.00s Real=0.11s
...[3917.191s][info][gc,start       ] GC(997) Pause Young (Mixed) (G1 Evacuation Pause)
[3917.191s][info][gc,task        ] GC(997) Using 6 workers of 6 for evacuation
[3917.325s][info][gc,phases      ] GC(997)   Pre Evacuate Collection Set: 0.38ms
[3917.325s][info][gc,phases      ] GC(997)   Merge Heap Roots: 0.69ms
[3917.325s][info][gc,phases      ] GC(997)   Evacuate Collection Set: 131.73ms
[3917.325s][info][gc,phases      ] GC(997)   Post Evacuate Collection Set: 0.95ms
[3917.325s][info][gc,phases      ] GC(997)   Other: 0.09ms
[3917.325s][info][gc,heap        ] GC(997) Eden regions: 1104->0(1119)
[3917.325s][info][gc,heap        ] GC(997) Survivor regions: 112->109(152)
[3917.325s][info][gc,heap        ] GC(997) Old regions: 537->474
[3917.325s][info][gc,heap        ] GC(997) Humongous regions: 80->80
[3917.325s][info][gc,metaspace   ] GC(997) Metaspace: 28955K(29376K)->28955K(29376K) NonClass: 24084K(24256K)->24084K(24256K) Class: 4870K(5120K)->4870K(5120K)
[3917.325s][info][gc             ] GC(997) Pause Young (Mixed) (G1 Evacuation Pause) 3663M->1324M(4096M) 133.994ms
[3917.325s][info][gc,cpu         ] GC(997) User=0.80s Sys=0.00s Real=0.14s
...[3919.832s][info][gc,start       ] GC(998) Pause Young (Concurrent Start) (G1 Evacuation Pause)
[3919.832s][info][gc,task        ] GC(998) Using 6 workers of 6 for evacuation
[3919.949s][info][gc,phases      ] GC(998)   Pre Evacuate Collection Set: 0.36ms
[3919.949s][info][gc,phases      ] GC(998)   Merge Heap Roots: 0.44ms
[3919.949s][info][gc,phases      ] GC(998)   Evacuate Collection Set: 115.26ms
[3919.949s][info][gc,phases      ] GC(998)   Post Evacuate Collection Set: 0.88ms
[3919.949s][info][gc,phases      ] GC(998)   Other: 0.10ms
[3919.949s][info][gc,heap        ] GC(998) Eden regions: 1119->0(1118)
[3919.949s][info][gc,heap        ] GC(998) Survivor regions: 109->110(154)
[3919.949s][info][gc,heap        ] GC(998) Old regions: 474->506
[3919.949s][info][gc,heap        ] GC(998) Humongous regions: 80->80
[3919.949s][info][gc,metaspace   ] GC(998) Metaspace: 28955K(29376K)->28955K(29376K) NonClass: 24084K(24256K)->24084K(24256K) Class: 4870K(5120K)->4870K(5120K)
[3919.949s][info][gc             ] GC(998) Pause Young (Concurrent Start) (G1 Evacuation Pause) 3562M->1389M(4096M) 117.170ms
[3919.949s][info][gc             ] GC(999) Concurrent Mark Cycle
[3919.949s][info][gc,marking     ] GC(999) Concurrent Scan Root Regions
[3919.949s][info][gc,cpu         ] GC(998) User=0.70s Sys=0.00s Real=0.12s
[3920.166s][info][gc,marking     ] GC(999) Concurrent Scan Root Regions 217.678ms
[3920.167s][info][gc,marking     ] GC(999) Concurrent Mark
[3920.167s][info][gc,marking     ] GC(999) Concurrent Mark From Roots
[3920.167s][info][gc,task        ] GC(999) Using 2 workers of 2 for marking
.[3921.133s][info][gc,marking     ] GC(999) Concurrent Mark From Roots 966.259ms
[3921.133s][info][gc,marking     ] GC(999) Concurrent Preclean
[3921.133s][info][gc,marking     ] GC(999) Concurrent Preclean 0.084ms
[3921.134s][info][gc,start       ] GC(999) Pause Remark
[3921.141s][info][gc             ] GC(999) Pause Remark 2471M->2471M(4096M) 7.361ms
[3921.141s][info][gc,cpu         ] GC(999) User=0.04s Sys=0.00s Real=0.00s
[3921.142s][info][gc,marking     ] GC(999) Concurrent Mark 975.070ms
[3921.142s][info][gc,marking     ] GC(999) Concurrent Rebuild Remembered Sets and Scrub Regions
[3921.480s][info][gc,marking     ] GC(999) Concurrent Rebuild Remembered Sets and Scrub Regions 338.851ms
[3921.481s][info][gc,start       ] GC(999) Pause Cleanup
[3921.481s][info][gc             ] GC(999) Pause Cleanup 2814M->2814M(4096M) 0.125ms
[3921.481s][info][gc,cpu         ] GC(999) User=0.00s Sys=0.00s Real=0.00s
[3921.482s][info][gc,marking     ] GC(999) Concurrent Clear Claimed Marks
[3921.482s][info][gc,marking     ] GC(999) Concurrent Clear Claimed Marks 0.035ms
[3921.482s][info][gc,marking     ] GC(999) Concurrent Cleanup for Next Mark
[3921.486s][info][gc,marking     ] GC(999) Concurrent Cleanup for Next Mark 4.038ms
[3921.486s][info][gc             ] GC(999) Concurrent Mark Cycle 1537.396ms
.[3922.527s][info][gc,start       ] GC(1000) Pause Young (Prepare Mixed) (G1 Evacuation Pause)
[3922.527s][info][gc,task        ] GC(1000) Using 6 workers of 6 for evacuation
[3922.647s][info][gc,phases      ] GC(1000)   Pre Evacuate Collection Set: 0.37ms
[3922.647s][info][gc,phases      ] GC(1000)   Merge Heap Roots: 0.50ms
[3922.647s][info][gc,phases      ] GC(1000)   Evacuate Collection Set: 118.35ms
[3922.647s][info][gc,phases      ] GC(1000)   Post Evacuate Collection Set: 0.90ms
[3922.647s][info][gc,phases      ] GC(1000)   Other: 0.08ms
[3922.647s][info][gc,heap        ] GC(1000) Eden regions: 1118->0(1099)
[3922.647s][info][gc,heap        ] GC(1000) Survivor regions: 110->114(154)
[3922.647s][info][gc,heap        ] GC(1000) Old regions: 506->538
[3922.647s][info][gc,heap        ] GC(1000) Humongous regions: 80->80
[3922.647s][info][gc,metaspace   ] GC(1000) Metaspace: 28955K(29376K)->28955K(29376K) NonClass: 24084K(24256K)->24084K(24256K) Class: 4870K(5120K)->4870K(5120K)
[3922.647s][info][gc             ] GC(1000) Pause Young (Prepare Mixed) (G1 Evacuation Pause) 3625M->1462M(4096M) 120.337ms
[3922.647s][info][gc,cpu         ] GC(1000) User=0.72s Sys=0.00s Real=0.12s
...[3925.081s][info][gc,start       ] GC(1001) Pause Young (Mixed) (G1 Evacuation Pause)
[3925.081s][info][gc,task        ] GC(1001) Using 6 workers of 6 for evacuation
[3925.211s][info][gc,phases      ] GC(1001)   Pre Evacuate Collection Set: 0.36ms
[3925.211s][info][gc,phases      ] GC(1001)   Merge Heap Roots: 0.60ms
[3925.211s][info][gc,phases      ] GC(1001)   Evacuate Collection Set: 128.54ms
[3925.211s][info][gc,phases      ] GC(1001)   Post Evacuate Collection Set: 0.94ms
[3925.211s][info][gc,phases      ] GC(1001)   Other: 0.08ms
[3925.211s][info][gc,heap        ] GC(1001) Eden regions: 1099->0(1119)
[3925.211s][info][gc,heap        ] GC(1001) Survivor regions: 114->109(152)
[3925.211s][info][gc,heap        ] GC(1001) Old regions: 538->474
[3925.211s][info][gc,heap        ] GC(1001) Humongous regions: 80->80
[3925.211s][info][gc,metaspace   ] GC(1001) Metaspace: 28955K(29376K)->28955K(29376K) NonClass: 24084K(24256K)->24084K(24256K) Class: 4870K(5120K)->4870K(5120K)
[3925.211s][info][gc             ] GC(1001) Pause Young (Mixed) (G1 Evacuation Pause) 3660M->1324M(4096M) 130.665ms
[3925.211s][info][gc,cpu         ] GC(1001) User=0.78s Sys=0.00s Real=0.13s
..[3927.699s][info][gc,start       ] GC(1002) Pause Young (Concurrent Start) (G1 Evacuation Pause)
[3927.699s][info][gc,task        ] GC(1002) Using 6 workers of 6 for evacuation
[3927.812s][info][gc,phases      ] GC(1002)   Pre Evacuate Collection Set: 0.39ms
[3927.812s][info][gc,phases      ] GC(1002)   Merge Heap Roots: 0.45ms
[3927.812s][info][gc,phases      ] GC(1002)   Evacuate Collection Set: 111.10ms
[3927.812s][info][gc,phases      ] GC(1002)   Post Evacuate Collection Set: 0.89ms
[3927.812s][info][gc,phases      ] GC(1002)   Other: 0.11ms
[3927.812s][info][gc,heap        ] GC(1002) Eden regions: 1119->0(1122)
[3927.812s][info][gc,heap        ] GC(1002) Survivor regions: 109->106(154)
[3927.812s][info][gc,heap        ] GC(1002) Old regions: 474->507
[3927.812s][info][gc,heap        ] GC(1002) Humongous regions: 80->80
[3927.812s][info][gc,metaspace   ] GC(1002) Metaspace: 28955K(29376K)->28955K(29376K) NonClass: 24084K(24256K)->24084K(24256K) Class: 4870K(5120K)->4870K(5120K)
[3927.812s][info][gc             ] GC(1002) Pause Young (Concurrent Start) (G1 Evacuation Pause) 3562M->1384M(4096M) 113.064ms
[3927.812s][info][gc             ] GC(1003) Concurrent Mark Cycle
[3927.812s][info][gc,marking     ] GC(1003) Concurrent Scan Root Regions
[3927.812s][info][gc,cpu         ] GC(1002) User=0.68s Sys=0.00s Real=0.11s
.[3927.988s][info][gc,marking     ] GC(1003) Concurrent Scan Root Regions 175.853ms
[3927.988s][info][gc,marking     ] GC(1003) Concurrent Mark
[3927.988s][info][gc,marking     ] GC(1003) Concurrent Mark From Roots
[3927.988s][info][gc,task        ] GC(1003) Using 2 workers of 2 for marking
.[3929.008s][info][gc,marking     ] GC(1003) Concurrent Mark From Roots 1020.186ms
[3929.008s][info][gc,marking     ] GC(1003) Concurrent Preclean
[3929.008s][info][gc,marking     ] GC(1003) Concurrent Preclean 0.129ms
[3929.010s][info][gc,start       ] GC(1003) Pause Remark
[3929.017s][info][gc             ] GC(1003) Pause Remark 2448M->2448M(4096M) 7.327ms
[3929.017s][info][gc,cpu         ] GC(1003) User=0.04s Sys=0.00s Real=0.01s
[3929.017s][info][gc,marking     ] GC(1003) Concurrent Mark 1029.454ms
[3929.017s][info][gc,marking     ] GC(1003) Concurrent Rebuild Remembered Sets and Scrub Regions
[3929.385s][info][gc,marking     ] GC(1003) Concurrent Rebuild Remembered Sets and Scrub Regions 367.399ms
[3929.386s][info][gc,start       ] GC(1003) Pause Cleanup
[3929.386s][info][gc             ] GC(1003) Pause Cleanup 2806M->2806M(4096M) 0.146ms
[3929.386s][info][gc,cpu         ] GC(1003) User=0.00s Sys=0.00s Real=0.00s
[3929.386s][info][gc,marking     ] GC(1003) Concurrent Clear Claimed Marks
[3929.386s][info][gc,marking     ] GC(1003) Concurrent Clear Claimed Marks 0.030ms
[3929.386s][info][gc,marking     ] GC(1003) Concurrent Cleanup for Next Mark
[3929.393s][info][gc,marking     ] GC(1003) Concurrent Cleanup for Next Mark 6.041ms
[3929.393s][info][gc             ] GC(1003) Concurrent Mark Cycle 1580.863ms
.[3930.409s][info][gc,start       ] GC(1004) Pause Young (Prepare Mixed) (G1 Evacuation Pause)
[3930.409s][info][gc,task        ] GC(1004) Using 6 workers of 6 for evacuation
[3930.527s][info][gc,phases      ] GC(1004)   Pre Evacuate Collection Set: 0.34ms
[3930.527s][info][gc,phases      ] GC(1004)   Merge Heap Roots: 0.51ms
[3930.527s][info][gc,phases      ] GC(1004)   Evacuate Collection Set: 116.64ms
[3930.527s][info][gc,phases      ] GC(1004)   Post Evacuate Collection Set: 0.91ms
[3930.527s][info][gc,phases      ] GC(1004)   Other: 0.08ms
[3930.527s][info][gc,heap        ] GC(1004) Eden regions: 1122->0(1105)
[3930.527s][info][gc,heap        ] GC(1004) Survivor regions: 106->111(154)
[3930.527s][info][gc,heap        ] GC(1004) Old regions: 507->538
[3930.527s][info][gc,heap        ] GC(1004) Humongous regions: 80->80
[3930.527s][info][gc,metaspace   ] GC(1004) Metaspace: 28955K(29376K)->28955K(29376K) NonClass: 24084K(24256K)->24084K(24256K) Class: 4870K(5120K)->4870K(5120K)
[3930.527s][info][gc             ] GC(1004) Pause Young (Prepare Mixed) (G1 Evacuation Pause) 3628M->1457M(4096M) 118.604ms
[3930.527s][info][gc,cpu         ] GC(1004) User=0.71s Sys=0.00s Real=0.12s
...[3932.964s][info][gc,start       ] GC(1005) Pause Young (Mixed) (G1 Evacuation Pause)
[3932.965s][info][gc,task        ] GC(1005) Using 6 workers of 6 for evacuation
[3933.098s][info][gc,phases      ] GC(1005)   Pre Evacuate Collection Set: 0.36ms
[3933.098s][info][gc,phases      ] GC(1005)   Merge Heap Roots: 0.73ms
[3933.098s][info][gc,phases      ] GC(1005)   Evacuate Collection Set: 131.41ms
[3933.098s][info][gc,phases      ] GC(1005)   Post Evacuate Collection Set: 0.92ms
[3933.098s][info][gc,phases      ] GC(1005)   Other: 0.08ms
[3933.098s][info][gc,heap        ] GC(1005) Eden regions: 1105->0(1120)
[3933.098s][info][gc,heap        ] GC(1005) Survivor regions: 111->108(152)
[3933.098s][info][gc,heap        ] GC(1005) Old regions: 538->475
[3933.098s][info][gc,heap        ] GC(1005) Humongous regions: 80->80
[3933.098s][info][gc,metaspace   ] GC(1005) Metaspace: 28955K(29376K)->28955K(29376K) NonClass: 24084K(24256K)->24084K(24256K) Class: 4870K(5120K)->4870K(5120K)
[3933.098s][info][gc             ] GC(1005) Pause Young (Mixed) (G1 Evacuation Pause) 3667M->1323M(4096M) 133.638ms
[3933.098s][info][gc,cpu         ] GC(1005) User=0.80s Sys=0.00s Real=0.13s
..[3935.620s][info][gc,start       ] GC(1006) Pause Young (Concurrent Start) (G1 Evacuation Pause)
[3935.620s][info][gc,task        ] GC(1006) Using 6 workers of 6 for evacuation
[3935.738s][info][gc,phases      ] GC(1006)   Pre Evacuate Collection Set: 0.36ms
[3935.738s][info][gc,phases      ] GC(1006)   Merge Heap Roots: 0.46ms
[3935.738s][info][gc,phases      ] GC(1006)   Evacuate Collection Set: 115.86ms
[3935.738s][info][gc,phases      ] GC(1006)   Post Evacuate Collection Set: 0.86ms
[3935.738s][info][gc,phases      ] GC(1006)   Other: 0.11ms
[3935.738s][info][gc,heap        ] GC(1006) Eden regions: 1120->0(1118)
[3935.738s][info][gc,heap        ] GC(1006) Survivor regions: 108->110(154)
[3935.738s][info][gc,heap        ] GC(1006) Old regions: 475->507
[3935.738s][info][gc,heap        ] GC(1006) Humongous regions: 80->80
[3935.738s][info][gc,metaspace   ] GC(1006) Metaspace: 28955K(29376K)->28955K(29376K) NonClass: 24084K(24256K)->24084K(24256K) Class: 4870K(5120K)->4870K(5120K)
[3935.738s][info][gc             ] GC(1006) Pause Young (Concurrent Start) (G1 Evacuation Pause) 3563M->1393M(4096M) 117.776ms
[3935.738s][info][gc             ] GC(1007) Concurrent Mark Cycle
[3935.738s][info][gc,marking     ] GC(1007) Concurrent Scan Root Regions
[3935.738s][info][gc,cpu         ] GC(1006) User=0.70s Sys=0.00s Real=0.12s
.[3935.882s][info][gc,marking     ] GC(1007) Concurrent Scan Root Regions 143.678ms
[3935.882s][info][gc,marking     ] GC(1007) Concurrent Mark
[3935.882s][info][gc,marking     ] GC(1007) Concurrent Mark From Roots
[3935.882s][info][gc,task        ] GC(1007) Using 2 workers of 2 for marking
[3936.632s][info][gc,marking     ] GC(1007) Concurrent Mark From Roots 750.001ms
[3936.632s][info][gc,marking     ] GC(1007) Concurrent Preclean
[3936.632s][info][gc,marking     ] GC(1007) Concurrent Preclean 0.133ms
[3936.635s][info][gc,start       ] GC(1007) Pause Remark
[3936.641s][info][gc             ] GC(1007) Pause Remark 2203M->2203M(4096M) 5.702ms
[3936.641s][info][gc,cpu         ] GC(1007) User=0.03s Sys=0.00s Real=0.00s
[3936.641s][info][gc,marking     ] GC(1007) Concurrent Mark 759.533ms
[3936.641s][info][gc,marking     ] GC(1007) Concurrent Rebuild Remembered Sets and Scrub Regions
.[3936.951s][info][gc,marking     ] GC(1007) Concurrent Rebuild Remembered Sets and Scrub Regions 309.436ms
[3936.952s][info][gc,start       ] GC(1007) Pause Cleanup
[3936.952s][info][gc             ] GC(1007) Pause Cleanup 2480M->2480M(4096M) 0.112ms
[3936.952s][info][gc,cpu         ] GC(1007) User=0.00s Sys=0.00s Real=0.00s
[3936.952s][info][gc,marking     ] GC(1007) Concurrent Clear Claimed Marks
[3936.952s][info][gc,marking     ] GC(1007) Concurrent Clear Claimed Marks 0.035ms
[3936.952s][info][gc,marking     ] GC(1007) Concurrent Cleanup for Next Mark
[3936.959s][info][gc,marking     ] GC(1007) Concurrent Cleanup for Next Mark 6.806ms
[3936.959s][info][gc             ] GC(1007) Concurrent Mark Cycle 1220.738ms
.[3938.286s][info][gc,start       ] GC(1008) Pause Young (Prepare Mixed) (G1 Evacuation Pause)
[3938.286s][info][gc,task        ] GC(1008) Using 6 workers of 6 for evacuation
[3938.405s][info][gc,phases      ] GC(1008)   Pre Evacuate Collection Set: 0.33ms
[3938.405s][info][gc,phases      ] GC(1008)   Merge Heap Roots: 0.48ms
[3938.405s][info][gc,phases      ] GC(1008)   Evacuate Collection Set: 117.73ms
[3938.405s][info][gc,phases      ] GC(1008)   Post Evacuate Collection Set: 0.90ms
[3938.405s][info][gc,phases      ] GC(1008)   Other: 0.09ms
[3938.405s][info][gc,heap        ] GC(1008) Eden regions: 1118->0(1102)
[3938.405s][info][gc,heap        ] GC(1008) Survivor regions: 110->112(154)
[3938.405s][info][gc,heap        ] GC(1008) Old regions: 507->539
[3938.405s][info][gc,heap        ] GC(1008) Humongous regions: 80->80
[3938.405s][info][gc,metaspace   ] GC(1008) Metaspace: 28955K(29376K)->28955K(29376K) NonClass: 24084K(24256K)->24084K(24256K) Class: 4870K(5120K)->4870K(5120K)
[3938.405s][info][gc             ] GC(1008) Pause Young (Prepare Mixed) (G1 Evacuation Pause) 3629M->1460M(4096M) 119.646ms
[3938.406s][info][gc,cpu         ] GC(1008) User=0.71s Sys=0.00s Real=0.12s
..[3940.929s][info][gc,start       ] GC(1009) Pause Young (Mixed) (G1 Evacuation Pause)
[3940.930s][info][gc,task        ] GC(1009) Using 6 workers of 6 for evacuation
[3941.060s][info][gc,phases      ] GC(1009)   Pre Evacuate Collection Set: 0.36ms
[3941.060s][info][gc,phases      ] GC(1009)   Merge Heap Roots: 0.67ms
[3941.060s][info][gc,phases      ] GC(1009)   Evacuate Collection Set: 128.24ms
[3941.060s][info][gc,phases      ] GC(1009)   Post Evacuate Collection Set: 0.93ms
[3941.060s][info][gc,phases      ] GC(1009)   Other: 0.09ms
[3941.060s][info][gc,heap        ] GC(1009) Eden regions: 1102->0(1119)
[3941.060s][info][gc,heap        ] GC(1009) Survivor regions: 112->109(152)
[3941.060s][info][gc,heap        ] GC(1009) Old regions: 539->475
[3941.060s][info][gc,heap        ] GC(1009) Humongous regions: 80->80
[3941.060s][info][gc,metaspace   ] GC(1009) Metaspace: 28955K(29376K)->28955K(29376K) NonClass: 24084K(24256K)->24084K(24256K) Class: 4870K(5120K)->4870K(5120K)
[3941.060s][info][gc             ] GC(1009) Pause Young (Mixed) (G1 Evacuation Pause) 3664M->1326M(4096M) 130.440ms
[3941.060s][info][gc,cpu         ] GC(1009) User=0.78s Sys=0.00s Real=0.13s
...[3943.579s][info][gc,start       ] GC(1010) Pause Young (Concurrent Start) (G1 Evacuation Pause)
[3943.579s][info][gc,task        ] GC(1010) Using 6 workers of 6 for evacuation
[3943.701s][info][gc,phases      ] GC(1010)   Pre Evacuate Collection Set: 0.33ms
[3943.701s][info][gc,phases      ] GC(1010)   Merge Heap Roots: 0.50ms
[3943.701s][info][gc,phases      ] GC(1010)   Evacuate Collection Set: 119.66ms
[3943.701s][info][gc,phases      ] GC(1010)   Post Evacuate Collection Set: 0.91ms
[3943.701s][info][gc,phases      ] GC(1010)   Other: 0.10ms
[3943.701s][info][gc,heap        ] GC(1010) Eden regions: 1119->0(1113)
[3943.701s][info][gc,heap        ] GC(1010) Survivor regions: 109->115(154)
[3943.701s][info][gc,heap        ] GC(1010) Old regions: 475->507
[3943.701s][info][gc,heap        ] GC(1010) Humongous regions: 80->80
[3943.701s][info][gc,metaspace   ] GC(1010) Metaspace: 28955K(29376K)->28955K(29376K) NonClass: 24084K(24256K)->24084K(24256K) Class: 4870K(5120K)->4870K(5120K)
[3943.701s][info][gc             ] GC(1010) Pause Young (Concurrent Start) (G1 Evacuation Pause) 3564M->1401M(4096M) 121.614ms
[3943.701s][info][gc             ] GC(1011) Concurrent Mark Cycle
[3943.701s][info][gc,marking     ] GC(1011) Concurrent Scan Root Regions
[3943.701s][info][gc,cpu         ] GC(1010) User=0.73s Sys=0.00s Real=0.12s
[3943.826s][info][gc,marking     ] GC(1011) Concurrent Scan Root Regions 124.742ms
[3943.826s][info][gc,marking     ] GC(1011) Concurrent Mark
[3943.826s][info][gc,marking     ] GC(1011) Concurrent Mark From Roots
[3943.826s][info][gc,task        ] GC(1011) Using 2 workers of 2 for marking
.[3944.434s][info][gc,marking     ] GC(1011) Concurrent Mark From Roots 608.162ms
[3944.434s][info][gc,marking     ] GC(1011) Concurrent Preclean
[3944.434s][info][gc,marking     ] GC(1011) Concurrent Preclean 0.134ms
[3944.434s][info][gc,start       ] GC(1011) Pause Remark
[3944.439s][info][gc             ] GC(1011) Pause Remark 2016M->2016M(4096M) 4.531ms
[3944.439s][info][gc,cpu         ] GC(1011) User=0.03s Sys=0.00s Real=0.00s
[3944.440s][info][gc,marking     ] GC(1011) Concurrent Mark 614.574ms
[3944.440s][info][gc,marking     ] GC(1011) Concurrent Rebuild Remembered Sets and Scrub Regions
[3944.698s][info][gc,marking     ] GC(1011) Concurrent Rebuild Remembered Sets and Scrub Regions 258.180ms
[3944.700s][info][gc,start       ] GC(1011) Pause Cleanup
[3944.700s][info][gc             ] GC(1011) Pause Cleanup 2301M->2301M(4096M) 0.127ms
[3944.700s][info][gc,cpu         ] GC(1011) User=0.00s Sys=0.00s Real=0.00s
[3944.700s][info][gc,marking     ] GC(1011) Concurrent Clear Claimed Marks
[3944.700s][info][gc,marking     ] GC(1011) Concurrent Clear Claimed Marks 0.026ms
[3944.700s][info][gc,marking     ] GC(1011) Concurrent Cleanup for Next Mark
[3944.705s][info][gc,marking     ] GC(1011) Concurrent Cleanup for Next Mark 4.457ms
[3944.705s][info][gc             ] GC(1011) Concurrent Mark Cycle 1003.818ms
..[3946.235s][info][gc,start       ] GC(1012) Pause Young (Prepare Mixed) (G1 Evacuation Pause)
[3946.235s][info][gc,task        ] GC(1012) Using 6 workers of 6 for evacuation
[3946.352s][info][gc,phases      ] GC(1012)   Pre Evacuate Collection Set: 0.32ms
[3946.352s][info][gc,phases      ] GC(1012)   Merge Heap Roots: 0.53ms
[3946.352s][info][gc,phases      ] GC(1012)   Evacuate Collection Set: 114.94ms
[3946.352s][info][gc,phases      ] GC(1012)   Post Evacuate Collection Set: 0.89ms
[3946.352s][info][gc,phases      ] GC(1012)   Other: 0.09ms
[3946.352s][info][gc,heap        ] GC(1012) Eden regions: 1113->0(1108)
[3946.352s][info][gc,heap        ] GC(1012) Survivor regions: 115->109(154)
[3946.352s][info][gc,heap        ] GC(1012) Old regions: 507->539
[3946.352s][info][gc,heap        ] GC(1012) Humongous regions: 80->80
[3946.352s][info][gc,metaspace   ] GC(1012) Metaspace: 28955K(29376K)->28955K(29376K) NonClass: 24084K(24256K)->24084K(24256K) Class: 4870K(5120K)->4870K(5120K)
[3946.352s][info][gc             ] GC(1012) Pause Young (Prepare Mixed) (G1 Evacuation Pause) 3627M->1454M(4096M) 116.899ms
[3946.352s][info][gc,cpu         ] GC(1012) User=0.70s Sys=0.00s Real=0.11s
..[3948.815s][info][gc,start       ] GC(1013) Pause Young (Mixed) (G1 Evacuation Pause)
[3948.815s][info][gc,task        ] GC(1013) Using 6 workers of 6 for evacuation
[3948.946s][info][gc,phases      ] GC(1013)   Pre Evacuate Collection Set: 0.34ms
[3948.946s][info][gc,phases      ] GC(1013)   Merge Heap Roots: 0.71ms
[3948.946s][info][gc,phases      ] GC(1013)   Evacuate Collection Set: 128.25ms
[3948.946s][info][gc,phases      ] GC(1013)   Post Evacuate Collection Set: 0.94ms
[3948.946s][info][gc,phases      ] GC(1013)   Other: 0.09ms
[3948.946s][info][gc,heap        ] GC(1013) Eden regions: 1108->0(1121)
[3948.946s][info][gc,heap        ] GC(1013) Survivor regions: 109->107(153)
[3948.946s][info][gc,heap        ] GC(1013) Old regions: 539->474
[3948.946s][info][gc,heap        ] GC(1013) Humongous regions: 80->80
[3948.946s][info][gc,metaspace   ] GC(1013) Metaspace: 28955K(29376K)->28955K(29376K) NonClass: 24084K(24256K)->24084K(24256K) Class: 4870K(5120K)->4870K(5120K)
[3948.946s][info][gc             ] GC(1013) Pause Young (Mixed) (G1 Evacuation Pause) 3670M->1321M(4096M) 130.477ms
[3948.946s][info][gc,cpu         ] GC(1013) User=0.78s Sys=0.00s Real=0.13s
...[3951.498s][info][gc,start       ] GC(1014) Pause Young (Concurrent Start) (G1 Evacuation Pause)
[3951.498s][info][gc,task        ] GC(1014) Using 6 workers of 6 for evacuation
[3951.615s][info][gc,phases      ] GC(1014)   Pre Evacuate Collection Set: 0.40ms
[3951.615s][info][gc,phases      ] GC(1014)   Merge Heap Roots: 0.47ms
[3951.615s][info][gc,phases      ] GC(1014)   Evacuate Collection Set: 114.94ms
[3951.615s][info][gc,phases      ] GC(1014)   Post Evacuate Collection Set: 0.85ms
[3951.615s][info][gc,phases      ] GC(1014)   Other: 0.10ms
[3951.615s][info][gc,heap        ] GC(1014) Eden regions: 1121->0(1118)
[3951.615s][info][gc,heap        ] GC(1014) Survivor regions: 107->110(154)
[3951.615s][info][gc,heap        ] GC(1014) Old regions: 474->506
[3951.615s][info][gc,heap        ] GC(1014) Humongous regions: 80->80
[3951.615s][info][gc,metaspace   ] GC(1014) Metaspace: 28955K(29376K)->28955K(29376K) NonClass: 24084K(24256K)->24084K(24256K) Class: 4870K(5120K)->4870K(5120K)
[3951.615s][info][gc             ] GC(1014) Pause Young (Concurrent Start) (G1 Evacuation Pause) 3563M->1390M(4096M) 116.915ms
[3951.615s][info][gc             ] GC(1015) Concurrent Mark Cycle
[3951.615s][info][gc,marking     ] GC(1015) Concurrent Scan Root Regions
[3951.615s][info][gc,cpu         ] GC(1014) User=0.70s Sys=0.00s Real=0.12s
[3951.763s][info][gc,marking     ] GC(1015) Concurrent Scan Root Regions 148.636ms
[3951.763s][info][gc,marking     ] GC(1015) Concurrent Mark
[3951.763s][info][gc,marking     ] GC(1015) Concurrent Mark From Roots
[3951.763s][info][gc,task        ] GC(1015) Using 2 workers of 2 for marking
.[3952.344s][info][gc,marking     ] GC(1015) Concurrent Mark From Roots 580.865ms
[3952.344s][info][gc,marking     ] GC(1015) Concurrent Preclean
[3952.345s][info][gc,marking     ] GC(1015) Concurrent Preclean 0.129ms
[3952.346s][info][gc,start       ] GC(1015) Pause Remark
[3952.351s][info][gc             ] GC(1015) Pause Remark 1996M->1996M(4096M) 4.627ms
[3952.351s][info][gc,cpu         ] GC(1015) User=0.03s Sys=0.00s Real=0.00s
[3952.352s][info][gc,marking     ] GC(1015) Concurrent Mark 588.517ms
[3952.352s][info][gc,marking     ] GC(1015) Concurrent Rebuild Remembered Sets and Scrub Regions
[3952.616s][info][gc,marking     ] GC(1015) Concurrent Rebuild Remembered Sets and Scrub Regions 263.965ms
[3952.616s][info][gc,start       ] GC(1015) Pause Cleanup
[3952.616s][info][gc             ] GC(1015) Pause Cleanup 2276M->2276M(4096M) 0.125ms
[3952.616s][info][gc,cpu         ] GC(1015) User=0.00s Sys=0.00s Real=0.00s
[3952.616s][info][gc,marking     ] GC(1015) Concurrent Clear Claimed Marks
[3952.616s][info][gc,marking     ] GC(1015) Concurrent Clear Claimed Marks 0.030ms
[3952.616s][info][gc,marking     ] GC(1015) Concurrent Cleanup for Next Mark
[3952.624s][info][gc,marking     ] GC(1015) Concurrent Cleanup for Next Mark 7.680ms
[3952.624s][info][gc             ] GC(1015) Concurrent Mark Cycle 1009.442ms
..[3954.171s][info][gc,start       ] GC(1016) Pause Young (Prepare Mixed) (G1 Evacuation Pause)
[3954.171s][info][gc,task        ] GC(1016) Using 6 workers of 6 for evacuation
[3954.286s][info][gc,phases      ] GC(1016)   Pre Evacuate Collection Set: 0.36ms
[3954.286s][info][gc,phases      ] GC(1016)   Merge Heap Roots: 0.54ms
[3954.286s][info][gc,phases      ] GC(1016)   Evacuate Collection Set: 112.83ms
[3954.286s][info][gc,phases      ] GC(1016)   Post Evacuate Collection Set: 0.92ms
[3954.286s][info][gc,phases      ] GC(1016)   Other: 0.09ms
[3954.286s][info][gc,heap        ] GC(1016) Eden regions: 1118->0(1110)
[3954.286s][info][gc,heap        ] GC(1016) Survivor regions: 110->109(154)
[3954.286s][info][gc,heap        ] GC(1016) Old regions: 506->537
[3954.286s][info][gc,heap        ] GC(1016) Humongous regions: 80->80
[3954.286s][info][gc,metaspace   ] GC(1016) Metaspace: 28955K(29376K)->28955K(29376K) NonClass: 24084K(24256K)->24084K(24256K) Class: 4870K(5120K)->4870K(5120K)
[3954.286s][info][gc             ] GC(1016) Pause Young (Prepare Mixed) (G1 Evacuation Pause) 3626M->1451M(4096M) 114.869ms
[3954.286s][info][gc,cpu         ] GC(1016) User=0.68s Sys=0.00s Real=0.12s
..[3956.759s][info][gc,start       ] GC(1017) Pause Young (Mixed) (G1 Evacuation Pause)
[3956.759s][info][gc,task        ] GC(1017) Using 6 workers of 6 for evacuation
[3956.890s][info][gc,phases      ] GC(1017)   Pre Evacuate Collection Set: 0.35ms
[3956.891s][info][gc,phases      ] GC(1017)   Merge Heap Roots: 0.71ms
[3956.891s][info][gc,phases      ] GC(1017)   Evacuate Collection Set: 129.34ms
[3956.891s][info][gc,phases      ] GC(1017)   Post Evacuate Collection Set: 0.93ms
[3956.891s][info][gc,phases      ] GC(1017)   Other: 0.09ms
[3956.891s][info][gc,heap        ] GC(1017) Eden regions: 1110->0(1120)
[3956.891s][info][gc,heap        ] GC(1017) Survivor regions: 109->108(153)
[3956.891s][info][gc,heap        ] GC(1017) Old regions: 537->474
[3956.891s][info][gc,heap        ] GC(1017) Humongous regions: 80->80
[3956.891s][info][gc,metaspace   ] GC(1017) Metaspace: 28955K(29376K)->28955K(29376K) NonClass: 24084K(24256K)->24084K(24256K) Class: 4870K(5120K)->4870K(5120K)
[3956.891s][info][gc             ] GC(1017) Pause Young (Mixed) (G1 Evacuation Pause) 3671M->1323M(4096M) 131.577ms
[3956.891s][info][gc,cpu         ] GC(1017) User=0.79s Sys=0.00s Real=0.13s
...[3959.397s][info][gc,start       ] GC(1018) Pause Young (Concurrent Start) (G1 Evacuation Pause)
[3959.397s][info][gc,task        ] GC(1018) Using 6 workers of 6 for evacuation
[3959.513s][info][gc,phases      ] GC(1018)   Pre Evacuate Collection Set: 0.34ms
[3959.513s][info][gc,phases      ] GC(1018)   Merge Heap Roots: 0.45ms
[3959.513s][info][gc,phases      ] GC(1018)   Evacuate Collection Set: 114.76ms
[3959.513s][info][gc,phases      ] GC(1018)   Post Evacuate Collection Set: 0.84ms
[3959.513s][info][gc,phases      ] GC(1018)   Other: 0.10ms
[3959.513s][info][gc,heap        ] GC(1018) Eden regions: 1120->0(1119)
[3959.513s][info][gc,heap        ] GC(1018) Survivor regions: 108->109(154)
[3959.513s][info][gc,heap        ] GC(1018) Old regions: 474->506
[3959.513s][info][gc,heap        ] GC(1018) Humongous regions: 80->80
[3959.513s][info][gc,metaspace   ] GC(1018) Metaspace: 28955K(29376K)->28955K(29376K) NonClass: 24084K(24256K)->24084K(24256K) Class: 4870K(5120K)->4870K(5120K)
[3959.513s][info][gc             ] GC(1018) Pause Young (Concurrent Start) (G1 Evacuation Pause) 3563M->1388M(4096M) 116.620ms
[3959.513s][info][gc             ] GC(1019) Concurrent Mark Cycle
[3959.513s][info][gc,marking     ] GC(1019) Concurrent Scan Root Regions
[3959.513s][info][gc,cpu         ] GC(1018) User=0.69s Sys=0.00s Real=0.12s
[3959.673s][info][gc,marking     ] GC(1019) Concurrent Scan Root Regions 159.963ms
[3959.673s][info][gc,marking     ] GC(1019) Concurrent Mark
[3959.673s][info][gc,marking     ] GC(1019) Concurrent Mark From Roots
[3959.673s][info][gc,task        ] GC(1019) Using 2 workers of 2 for marking
.[3960.424s][info][gc,marking     ] GC(1019) Concurrent Mark From Roots 750.270ms
[3960.424s][info][gc,marking     ] GC(1019) Concurrent Preclean
[3960.424s][info][gc,marking     ] GC(1019) Concurrent Preclean 0.132ms
[3960.427s][info][gc,start       ] GC(1019) Pause Remark
[3960.430s][info][gc             ] GC(1019) Pause Remark 2286M->2286M(4096M) 3.438ms
[3960.430s][info][gc,cpu         ] GC(1019) User=0.02s Sys=0.00s Real=0.00s
[3960.431s][info][gc,marking     ] GC(1019) Concurrent Mark 757.206ms
[3960.431s][info][gc,marking     ] GC(1019) Concurrent Rebuild Remembered Sets and Scrub Regions
[3960.673s][info][gc,marking     ] GC(1019) Concurrent Rebuild Remembered Sets and Scrub Regions 242.497ms
[3960.674s][info][gc,start       ] GC(1019) Pause Cleanup
[3960.674s][info][gc             ] GC(1019) Pause Cleanup 2446M->2446M(4096M) 0.120ms
[3960.674s][info][gc,cpu         ] GC(1019) User=0.00s Sys=0.00s Real=0.00s
[3960.674s][info][gc,marking     ] GC(1019) Concurrent Clear Claimed Marks
[3960.675s][info][gc,marking     ] GC(1019) Concurrent Clear Claimed Marks 0.025ms
[3960.675s][info][gc,marking     ] GC(1019) Concurrent Cleanup for Next Mark
[3960.683s][info][gc,marking     ] GC(1019) Concurrent Cleanup for Next Mark 8.736ms
[3960.683s][info][gc             ] GC(1019) Concurrent Mark Cycle 1170.034ms
.[3962.078s][info][gc,start       ] GC(1020) Pause Young (Prepare Mixed) (G1 Evacuation Pause)
[3962.078s][info][gc,task        ] GC(1020) Using 6 workers of 6 for evacuation
[3962.194s][info][gc,phases      ] GC(1020)   Pre Evacuate Collection Set: 0.33ms
[3962.194s][info][gc,phases      ] GC(1020)   Merge Heap Roots: 0.51ms
[3962.194s][info][gc,phases      ] GC(1020)   Evacuate Collection Set: 114.16ms
[3962.194s][info][gc,phases      ] GC(1020)   Post Evacuate Collection Set: 0.90ms
[3962.194s][info][gc,phases      ] GC(1020)   Other: 0.09ms
[3962.194s][info][gc,heap        ] GC(1020) Eden regions: 1119->0(1108)
[3962.194s][info][gc,heap        ] GC(1020) Survivor regions: 109->110(154)
[3962.194s][info][gc,heap        ] GC(1020) Old regions: 506->537
[3962.194s][info][gc,heap        ] GC(1020) Humongous regions: 80->80
[3962.194s][info][gc,metaspace   ] GC(1020) Metaspace: 28955K(29376K)->28955K(29376K) NonClass: 24084K(24256K)->24084K(24256K) Class: 4870K(5120K)->4870K(5120K)
[3962.194s][info][gc             ] GC(1020) Pause Young (Prepare Mixed) (G1 Evacuation Pause) 3626M->1453M(4096M) 116.132ms
[3962.194s][info][gc,cpu         ] GC(1020) User=0.70s Sys=0.00s Real=0.12s
...[3964.694s][info][gc,start       ] GC(1021) Pause Young (Mixed) (G1 Evacuation Pause)
[3964.694s][info][gc,task        ] GC(1021) Using 6 workers of 6 for evacuation
[3964.826s][info][gc,phases      ] GC(1021)   Pre Evacuate Collection Set: 0.36ms
[3964.826s][info][gc,phases      ] GC(1021)   Merge Heap Roots: 0.67ms
[3964.826s][info][gc,phases      ] GC(1021)   Evacuate Collection Set: 130.28ms
[3964.826s][info][gc,phases      ] GC(1021)   Post Evacuate Collection Set: 0.95ms
[3964.826s][info][gc,phases      ] GC(1021)   Other: 0.09ms
[3964.826s][info][gc,heap        ] GC(1021) Eden regions: 1108->0(1121)
[3964.826s][info][gc,heap        ] GC(1021) Survivor regions: 110->107(153)
[3964.826s][info][gc,heap        ] GC(1021) Old regions: 537->474
[3964.826s][info][gc,heap        ] GC(1021) Humongous regions: 80->80
[3964.826s][info][gc,metaspace   ] GC(1021) Metaspace: 28955K(29376K)->28955K(29376K) NonClass: 24084K(24256K)->24084K(24256K) Class: 4870K(5120K)->4870K(5120K)
[3964.826s][info][gc             ] GC(1021) Pause Young (Mixed) (G1 Evacuation Pause) 3669M->1320M(4096M) 132.475ms
[3964.826s][info][gc,cpu         ] GC(1021) User=0.79s Sys=0.00s Real=0.13s
...[3967.317s][info][gc,start       ] GC(1022) Pause Young (Concurrent Start) (G1 Evacuation Pause)
[3967.317s][info][gc,task        ] GC(1022) Using 6 workers of 6 for evacuation
[3967.436s][info][gc,phases      ] GC(1022)   Pre Evacuate Collection Set: 0.34ms
[3967.436s][info][gc,phases      ] GC(1022)   Merge Heap Roots: 0.44ms
[3967.436s][info][gc,phases      ] GC(1022)   Evacuate Collection Set: 116.89ms
[3967.436s][info][gc,phases      ] GC(1022)   Post Evacuate Collection Set: 0.86ms
[3967.436s][info][gc,phases      ] GC(1022)   Other: 0.10ms
[3967.436s][info][gc,heap        ] GC(1022) Eden regions: 1121->0(1118)
[3967.436s][info][gc,heap        ] GC(1022) Survivor regions: 107->110(154)
[3967.436s][info][gc,heap        ] GC(1022) Old regions: 474->506
[3967.436s][info][gc,heap        ] GC(1022) Humongous regions: 80->80
[3967.436s][info][gc,metaspace   ] GC(1022) Metaspace: 28955K(29376K)->28955K(29376K) NonClass: 24084K(24256K)->24084K(24256K) Class: 4870K(5120K)->4870K(5120K)
[3967.436s][info][gc             ] GC(1022) Pause Young (Concurrent Start) (G1 Evacuation Pause) 3562M->1391M(4096M) 118.776ms
[3967.436s][info][gc             ] GC(1023) Concurrent Mark Cycle
[3967.436s][info][gc,marking     ] GC(1023) Concurrent Scan Root Regions
[3967.436s][info][gc,cpu         ] GC(1022) User=0.70s Sys=0.00s Real=0.12s
[3967.602s][info][gc,marking     ] GC(1023) Concurrent Scan Root Regions 166.445ms
[3967.602s][info][gc,marking     ] GC(1023) Concurrent Mark
[3967.602s][info][gc,marking     ] GC(1023) Concurrent Mark From Roots
[3967.602s][info][gc,task        ] GC(1023) Using 2 workers of 2 for marking
.[3968.306s][info][gc,marking     ] GC(1023) Concurrent Mark From Roots 703.784ms
[3968.306s][info][gc,marking     ] GC(1023) Concurrent Preclean
[3968.306s][info][gc,marking     ] GC(1023) Concurrent Preclean 0.161ms
[3968.309s][info][gc,start       ] GC(1023) Pause Remark
[3968.314s][info][gc             ] GC(1023) Pause Remark 2199M->2199M(4096M) 5.623ms
[3968.314s][info][gc,cpu         ] GC(1023) User=0.03s Sys=0.00s Real=0.01s
[3968.314s][info][gc,marking     ] GC(1023) Concurrent Mark 712.180ms
[3968.314s][info][gc,marking     ] GC(1023) Concurrent Rebuild Remembered Sets and Scrub Regions
[3968.632s][info][gc,marking     ] GC(1023) Concurrent Rebuild Remembered Sets and Scrub Regions 317.536ms
[3968.632s][info][gc,start       ] GC(1023) Pause Cleanup
[3968.632s][info][gc             ] GC(1023) Pause Cleanup 2491M->2491M(4096M) 0.109ms
[3968.632s][info][gc,cpu         ] GC(1023) User=0.00s Sys=0.00s Real=0.00s
[3968.632s][info][gc,marking     ] GC(1023) Concurrent Clear Claimed Marks
[3968.632s][info][gc,marking     ] GC(1023) Concurrent Clear Claimed Marks 0.023ms
[3968.632s][info][gc,marking     ] GC(1023) Concurrent Cleanup for Next Mark
[3968.636s][info][gc,marking     ] GC(1023) Concurrent Cleanup for Next Mark 3.288ms
[3968.636s][info][gc             ] GC(1023) Concurrent Mark Cycle 1199.862ms
.[3969.936s][info][gc,start       ] GC(1024) Pause Young (Prepare Mixed) (G1 Evacuation Pause)
[3969.936s][info][gc,task        ] GC(1024) Using 6 workers of 6 for evacuation
[3970.049s][info][gc,phases      ] GC(1024)   Pre Evacuate Collection Set: 0.30ms
[3970.049s][info][gc,phases      ] GC(1024)   Merge Heap Roots: 0.52ms
[3970.049s][info][gc,phases      ] GC(1024)   Evacuate Collection Set: 111.50ms
[3970.049s][info][gc,phases      ] GC(1024)   Post Evacuate Collection Set: 0.90ms
[3970.049s][info][gc,phases      ] GC(1024)   Other: 0.09ms
[3970.049s][info][gc,heap        ] GC(1024) Eden regions: 1118->0(1111)
[3970.049s][info][gc,heap        ] GC(1024) Survivor regions: 110->108(154)
[3970.049s][info][gc,heap        ] GC(1024) Old regions: 506->538
[3970.049s][info][gc,heap        ] GC(1024) Humongous regions: 80->80
[3970.049s][info][gc,metaspace   ] GC(1024) Metaspace: 28955K(29376K)->28955K(29376K) NonClass: 24084K(24256K)->24084K(24256K) Class: 4870K(5120K)->4870K(5120K)
[3970.049s][info][gc             ] GC(1024) Pause Young (Prepare Mixed) (G1 Evacuation Pause) 3627M->1449M(4096M) 113.455ms
[3970.049s][info][gc,cpu         ] GC(1024) User=0.68s Sys=0.00s Real=0.11s
...[3972.603s][info][gc,start       ] GC(1025) Pause Young (Mixed) (G1 Evacuation Pause)
[3972.603s][info][gc,task        ] GC(1025) Using 6 workers of 6 for evacuation
[3972.736s][info][gc,phases      ] GC(1025)   Pre Evacuate Collection Set: 0.37ms
[3972.736s][info][gc,phases      ] GC(1025)   Merge Heap Roots: 0.66ms
[3972.736s][info][gc,phases      ] GC(1025)   Evacuate Collection Set: 131.36ms
[3972.736s][info][gc,phases      ] GC(1025)   Post Evacuate Collection Set: 0.94ms
[3972.736s][info][gc,phases      ] GC(1025)   Other: 0.09ms
[3972.736s][info][gc,heap        ] GC(1025) Eden regions: 1111->0(1117)
[3972.736s][info][gc,heap        ] GC(1025) Survivor regions: 108->111(153)
[3972.736s][info][gc,heap        ] GC(1025) Old regions: 538->474
[3972.736s][info][gc,heap        ] GC(1025) Humongous regions: 80->80
[3972.736s][info][gc,metaspace   ] GC(1025) Metaspace: 28955K(29376K)->28955K(29376K) NonClass: 24084K(24256K)->24084K(24256K) Class: 4870K(5120K)->4870K(5120K)
[3972.736s][info][gc             ] GC(1025) Pause Young (Mixed) (G1 Evacuation Pause) 3671M->1327M(4096M) 133.568ms
[3972.736s][info][gc,cpu         ] GC(1025) User=0.79s Sys=0.00s Real=0.14s
.. (rIR:aIR:PR = 7057:7064:7064) (tPR = 105605) [OK] 
  3974s: Performance info:
         Transaction,    Success,    Partial,     Failed,   Receipts, AvgBarcode, 
             Overall,     429159,          0,          0,     407700,      59.48, 
         Response times:
             Request,    Success,    Partial,     Failed,   SkipFail,     Probes,    Samples,      min,      p50,      p90,      p95,      p99,      max, 
       TotalPurchase,     407700,          0,          0,          0,     361918,     425702,      200,     5700,    44000,    83000,   160000,   358000,
     InStorePurchase,     214521,          0,          0,          0,     190679,     224169,      200,     5700,    44000,    82000,   160000,   358000,
      OnlinePurchase,     150272,          0,          0,          0,     133184,     156592,      300,     5900,    45000,    84000,   161000,   302000,
        InstPurchase,      42907,          0,          0,          0,      38055,      44941,      400,     5400,    43000,    81000,   159000,   328000,
          AssocOfCat,        428,          0,          0,          0,        349,        526,    21000,    39000,    95600,   125000,   205460,   315000,
      AssocOfProduct,       4294,          0,          0,          0,       3959,       4838,      600,     5700,    42000,    81000,   163610,   230000,
      BusinessReport,       1071,          0,          0,          0,        937,       1234,    24000,    42000,   101500,   159000,   229600,   364000,
          CustBuyBeh,       4289,          0,          0,          0,       3924,       4805,      400,     6700,    53000,    94000,   172000,   265000,
       ProductReturn,      11377,          0,          0,          0,       9627,      11693,      200,     4700,    39000,    80000,   155000,   266000,

  3974s: (52%)   IR =   7195 [3975.215s][info][gc,start       ] GC(1026) Pause Young (Concurrent Start) (G1 Evacuation Pause)
[3975.215s][info][gc,task        ] GC(1026) Using 6 workers of 6 for evacuation
[3975.333s][info][gc,phases      ] GC(1026)   Pre Evacuate Collection Set: 0.37ms
[3975.334s][info][gc,phases      ] GC(1026)   Merge Heap Roots: 0.46ms
[3975.334s][info][gc,phases      ] GC(1026)   Evacuate Collection Set: 116.38ms
[3975.334s][info][gc,phases      ] GC(1026)   Post Evacuate Collection Set: 0.91ms
[3975.334s][info][gc,phases      ] GC(1026)   Other: 0.11ms
[3975.334s][info][gc,heap        ] GC(1026) Eden regions: 1117->0(1117)
[3975.334s][info][gc,heap        ] GC(1026) Survivor regions: 111->111(154)
[3975.334s][info][gc,heap        ] GC(1026) Old regions: 474->506
[3975.334s][info][gc,heap        ] GC(1026) Humongous regions: 80->80
[3975.334s][info][gc,metaspace   ] GC(1026) Metaspace: 28955K(29376K)->28955K(29376K) NonClass: 24084K(24256K)->24084K(24256K) Class: 4870K(5120K)->4870K(5120K)
[3975.334s][info][gc             ] GC(1026) Pause Young (Concurrent Start) (G1 Evacuation Pause) 3561M->1393M(4096M) 118.370ms
[3975.334s][info][gc             ] GC(1027) Concurrent Mark Cycle
[3975.334s][info][gc,marking     ] GC(1027) Concurrent Scan Root Regions
[3975.334s][info][gc,cpu         ] GC(1026) User=0.70s Sys=0.00s Real=0.12s
.[3975.518s][info][gc,marking     ] GC(1027) Concurrent Scan Root Regions 184.217ms
[3975.518s][info][gc,marking     ] GC(1027) Concurrent Mark
[3975.518s][info][gc,marking     ] GC(1027) Concurrent Mark From Roots
[3975.518s][info][gc,task        ] GC(1027) Using 2 workers of 2 for marking
.[3976.483s][info][gc,marking     ] GC(1027) Concurrent Mark From Roots 965.154ms
[3976.483s][info][gc,marking     ] GC(1027) Concurrent Preclean
[3976.483s][info][gc,marking     ] GC(1027) Concurrent Preclean 0.137ms
[3976.483s][info][gc,start       ] GC(1027) Pause Remark
[3976.490s][info][gc             ] GC(1027) Pause Remark 2438M->2438M(4096M) 6.933ms
[3976.490s][info][gc,cpu         ] GC(1027) User=0.04s Sys=0.00s Real=0.00s
[3976.490s][info][gc,marking     ] GC(1027) Concurrent Mark 972.494ms
[3976.490s][info][gc,marking     ] GC(1027) Concurrent Rebuild Remembered Sets and Scrub Regions
[3976.891s][info][gc,marking     ] GC(1027) Concurrent Rebuild Remembered Sets and Scrub Regions 401.101ms
[3976.892s][info][gc,start       ] GC(1027) Pause Cleanup
[3976.893s][info][gc             ] GC(1027) Pause Cleanup 2861M->2861M(4096M) 0.127ms
[3976.893s][info][gc,cpu         ] GC(1027) User=0.00s Sys=0.00s Real=0.00s
[3976.893s][info][gc,marking     ] GC(1027) Concurrent Clear Claimed Marks
[3976.893s][info][gc,marking     ] GC(1027) Concurrent Clear Claimed Marks 0.028ms
[3976.893s][info][gc,marking     ] GC(1027) Concurrent Cleanup for Next Mark
[3976.898s][info][gc,marking     ] GC(1027) Concurrent Cleanup for Next Mark 4.861ms
[3976.898s][info][gc             ] GC(1027) Concurrent Mark Cycle 1564.017ms
.[3977.795s][info][gc,start       ] GC(1028) Pause Young (Prepare Mixed) (G1 Evacuation Pause)
[3977.795s][info][gc,task        ] GC(1028) Using 6 workers of 6 for evacuation
[3977.911s][info][gc,phases      ] GC(1028)   Pre Evacuate Collection Set: 0.31ms
[3977.911s][info][gc,phases      ] GC(1028)   Merge Heap Roots: 0.48ms
[3977.911s][info][gc,phases      ] GC(1028)   Evacuate Collection Set: 113.91ms
[3977.911s][info][gc,phases      ] GC(1028)   Post Evacuate Collection Set: 0.92ms
[3977.911s][info][gc,phases      ] GC(1028)   Other: 0.09ms
[3977.911s][info][gc,heap        ] GC(1028) Eden regions: 1117->0(1112)
[3977.911s][info][gc,heap        ] GC(1028) Survivor regions: 111->107(154)
[3977.911s][info][gc,heap        ] GC(1028) Old regions: 506->539
[3977.911s][info][gc,heap        ] GC(1028) Humongous regions: 80->80
[3977.911s][info][gc,metaspace   ] GC(1028) Metaspace: 28955K(29376K)->28955K(29376K) NonClass: 24084K(24256K)->24084K(24256K) Class: 4870K(5120K)->4870K(5120K)
[3977.911s][info][gc             ] GC(1028) Pause Young (Prepare Mixed) (G1 Evacuation Pause) 3627M->1450M(4096M) 115.841ms
[3977.911s][info][gc,cpu         ] GC(1028) User=0.69s Sys=0.00s Real=0.11s
...[3980.456s][info][gc,start       ] GC(1029) Pause Young (Mixed) (G1 Evacuation Pause)
[3980.456s][info][gc,task        ] GC(1029) Using 6 workers of 6 for evacuation
[3980.587s][info][gc,phases      ] GC(1029)   Pre Evacuate Collection Set: 0.34ms
[3980.587s][info][gc,phases      ] GC(1029)   Merge Heap Roots: 0.58ms
[3980.587s][info][gc,phases      ] GC(1029)   Evacuate Collection Set: 128.85ms
[3980.587s][info][gc,phases      ] GC(1029)   Post Evacuate Collection Set: 0.91ms
[3980.587s][info][gc,phases      ] GC(1029)   Other: 0.08ms
[3980.587s][info][gc,heap        ] GC(1029) Eden regions: 1112->0(1118)
[3980.587s][info][gc,heap        ] GC(1029) Survivor regions: 107->110(153)
[3980.587s][info][gc,heap        ] GC(1029) Old regions: 539->475
[3980.587s][info][gc,heap        ] GC(1029) Humongous regions: 80->80
[3980.587s][info][gc,metaspace   ] GC(1029) Metaspace: 28955K(29376K)->28955K(29376K) NonClass: 24084K(24256K)->24084K(24256K) Class: 4870K(5120K)->4870K(5120K)
[3980.587s][info][gc             ] GC(1029) Pause Young (Mixed) (G1 Evacuation Pause) 3674M->1328M(4096M) 130.901ms
[3980.587s][info][gc,cpu         ] GC(1029) User=0.78s Sys=0.00s Real=0.13s
..[3982.963s][info][gc,start       ] GC(1030) Pause Young (Concurrent Start) (G1 Evacuation Pause)
[3982.963s][info][gc,task        ] GC(1030) Using 6 workers of 6 for evacuation
[3983.084s][info][gc,phases      ] GC(1030)   Pre Evacuate Collection Set: 0.33ms
[3983.084s][info][gc,phases      ] GC(1030)   Merge Heap Roots: 0.43ms
[3983.084s][info][gc,phases      ] GC(1030)   Evacuate Collection Set: 119.36ms
[3983.084s][info][gc,phases      ] GC(1030)   Post Evacuate Collection Set: 0.86ms
[3983.084s][info][gc,phases      ] GC(1030)   Other: 0.12ms
[3983.084s][info][gc,heap        ] GC(1030) Eden regions: 1118->0(1114)
[3983.084s][info][gc,heap        ] GC(1030) Survivor regions: 110->114(154)
[3983.084s][info][gc,heap        ] GC(1030) Old regions: 475->507
[3983.084s][info][gc,heap        ] GC(1030) Humongous regions: 80->80
[3983.084s][info][gc,metaspace   ] GC(1030) Metaspace: 28955K(29376K)->28955K(29376K) NonClass: 24084K(24256K)->24084K(24256K) Class: 4870K(5120K)->4870K(5120K)
[3983.084s][info][gc             ] GC(1030) Pause Young (Concurrent Start) (G1 Evacuation Pause) 3564M->1399M(4096M) 121.231ms
[3983.084s][info][gc             ] GC(1031) Concurrent Mark Cycle
[3983.084s][info][gc,marking     ] GC(1031) Concurrent Scan Root Regions
[3983.084s][info][gc,cpu         ] GC(1030) User=0.73s Sys=0.00s Real=0.13s
[3983.233s][info][gc,marking     ] GC(1031) Concurrent Scan Root Regions 148.915ms
[3983.233s][info][gc,marking     ] GC(1031) Concurrent Mark
[3983.233s][info][gc,marking     ] GC(1031) Concurrent Mark From Roots
[3983.233s][info][gc,task        ] GC(1031) Using 2 workers of 2 for marking
.[3983.950s][info][gc,marking     ] GC(1031) Concurrent Mark From Roots 716.436ms
[3983.950s][info][gc,marking     ] GC(1031) Concurrent Preclean
[3983.950s][info][gc,marking     ] GC(1031) Concurrent Preclean 0.132ms
[3983.951s][info][gc,start       ] GC(1031) Pause Remark
[3983.957s][info][gc             ] GC(1031) Pause Remark 2167M->2167M(4096M) 5.365ms
[3983.957s][info][gc,cpu         ] GC(1031) User=0.03s Sys=0.00s Real=0.01s
[3983.957s][info][gc,marking     ] GC(1031) Concurrent Mark 724.147ms
[3983.957s][info][gc,marking     ] GC(1031) Concurrent Rebuild Remembered Sets and Scrub Regions
[3984.269s][info][gc,marking     ] GC(1031) Concurrent Rebuild Remembered Sets and Scrub Regions 311.431ms
[3984.269s][info][gc,start       ] GC(1031) Pause Cleanup
[3984.269s][info][gc             ] GC(1031) Pause Cleanup 2444M->2444M(4096M) 0.115ms
[3984.269s][info][gc,cpu         ] GC(1031) User=0.01s Sys=0.00s Real=0.00s
[3984.269s][info][gc,marking     ] GC(1031) Concurrent Clear Claimed Marks
[3984.269s][info][gc,marking     ] GC(1031) Concurrent Clear Claimed Marks 0.025ms
[3984.269s][info][gc,marking     ] GC(1031) Concurrent Cleanup for Next Mark
[3984.274s][info][gc,marking     ] GC(1031) Concurrent Cleanup for Next Mark 4.675ms
[3984.274s][info][gc             ] GC(1031) Concurrent Mark Cycle 1189.747ms
..[3985.654s][info][gc,start       ] GC(1032) Pause Young (Prepare Mixed) (G1 Evacuation Pause)
[3985.654s][info][gc,task        ] GC(1032) Using 6 workers of 6 for evacuation
[3985.775s][info][gc,phases      ] GC(1032)   Pre Evacuate Collection Set: 0.31ms
[3985.775s][info][gc,phases      ] GC(1032)   Merge Heap Roots: 0.49ms
[3985.775s][info][gc,phases      ] GC(1032)   Evacuate Collection Set: 118.93ms
[3985.775s][info][gc,phases      ] GC(1032)   Post Evacuate Collection Set: 0.93ms
[3985.775s][info][gc,phases      ] GC(1032)   Other: 0.09ms
[3985.775s][info][gc,heap        ] GC(1032) Eden regions: 1114->0(1100)
[3985.775s][info][gc,heap        ] GC(1032) Survivor regions: 114->113(154)
[3985.775s][info][gc,heap        ] GC(1032) Old regions: 507->539
[3985.775s][info][gc,heap        ] GC(1032) Humongous regions: 80->80
[3985.775s][info][gc,metaspace   ] GC(1032) Metaspace: 28955K(29376K)->28955K(29376K) NonClass: 24084K(24256K)->24084K(24256K) Class: 4870K(5120K)->4870K(5120K)
[3985.775s][info][gc             ] GC(1032) Pause Young (Prepare Mixed) (G1 Evacuation Pause) 3627M->1463M(4096M) 120.881ms
[3985.775s][info][gc,cpu         ] GC(1032) User=0.72s Sys=0.00s Real=0.12s
.|.[3988.191s][info][gc,start       ] GC(1033) Pause Young (Mixed) (G1 Evacuation Pause)
[3988.191s][info][gc,task        ] GC(1033) Using 6 workers of 6 for evacuation
[3988.322s][info][gc,phases      ] GC(1033)   Pre Evacuate Collection Set: 0.38ms
[3988.322s][info][gc,phases      ] GC(1033)   Merge Heap Roots: 0.68ms
[3988.322s][info][gc,phases      ] GC(1033)   Evacuate Collection Set: 129.38ms
[3988.322s][info][gc,phases      ] GC(1033)   Post Evacuate Collection Set: 0.93ms
[3988.323s][info][gc,phases      ] GC(1033)   Other: 0.09ms
[3988.323s][info][gc,heap        ] GC(1033) Eden regions: 1100->0(1120)
[3988.323s][info][gc,heap        ] GC(1033) Survivor regions: 113->108(152)
[3988.323s][info][gc,heap        ] GC(1033) Old regions: 539->475
[3988.323s][info][gc,heap        ] GC(1033) Humongous regions: 80->80
[3988.323s][info][gc,metaspace   ] GC(1033) Metaspace: 28955K(29376K)->28955K(29376K) NonClass: 24084K(24256K)->24084K(24256K) Class: 4870K(5120K)->4870K(5120K)
[3988.323s][info][gc             ] GC(1033) Pause Young (Mixed) (G1 Evacuation Pause) 3663M->1324M(4096M) 131.584ms
[3988.323s][info][gc,cpu         ] GC(1033) User=0.78s Sys=0.00s Real=0.13s
...[3990.811s][info][gc,start       ] GC(1034) Pause Young (Concurrent Start) (G1 Evacuation Pause)
[3990.811s][info][gc,task        ] GC(1034) Using 6 workers of 6 for evacuation
[3990.930s][info][gc,phases      ] GC(1034)   Pre Evacuate Collection Set: 0.35ms
[3990.930s][info][gc,phases      ] GC(1034)   Merge Heap Roots: 0.49ms
[3990.930s][info][gc,phases      ] GC(1034)   Evacuate Collection Set: 117.69ms
[3990.930s][info][gc,phases      ] GC(1034)   Post Evacuate Collection Set: 0.88ms
[3990.930s][info][gc,phases      ] GC(1034)   Other: 0.11ms
[3990.930s][info][gc,heap        ] GC(1034) Eden regions: 1120->0(1117)
[3990.930s][info][gc,heap        ] GC(1034) Survivor regions: 108->111(154)
[3990.930s][info][gc,heap        ] GC(1034) Old regions: 475->507
[3990.930s][info][gc,heap        ] GC(1034) Humongous regions: 80->80
[3990.930s][info][gc,metaspace   ] GC(1034) Metaspace: 28955K(29376K)->28955K(29376K) NonClass: 24084K(24256K)->24084K(24256K) Class: 4870K(5120K)->4870K(5120K)
[3990.930s][info][gc             ] GC(1034) Pause Young (Concurrent Start) (G1 Evacuation Pause) 3564M->1394M(4096M) 119.661ms
[3990.930s][info][gc             ] GC(1035) Concurrent Mark Cycle
[3990.930s][info][gc,marking     ] GC(1035) Concurrent Scan Root Regions
[3990.930s][info][gc,cpu         ] GC(1034) User=0.71s Sys=0.00s Real=0.12s
[3991.117s][info][gc,marking     ] GC(1035) Concurrent Scan Root Regions 186.918ms
[3991.117s][info][gc,marking     ] GC(1035) Concurrent Mark
[3991.117s][info][gc,marking     ] GC(1035) Concurrent Mark From Roots
[3991.117s][info][gc,task        ] GC(1035) Using 2 workers of 2 for marking
.[3992.124s][info][gc,marking     ] GC(1035) Concurrent Mark From Roots 1006.524ms
[3992.124s][info][gc,marking     ] GC(1035) Concurrent Preclean
[3992.124s][info][gc,marking     ] GC(1035) Concurrent Preclean 0.162ms
[3992.125s][info][gc,start       ] GC(1035) Pause Remark
[3992.132s][info][gc             ] GC(1035) Pause Remark 2483M->2483M(4096M) 7.463ms
[3992.132s][info][gc,cpu         ] GC(1035) User=0.05s Sys=0.00s Real=0.00s
[3992.132s][info][gc,marking     ] GC(1035) Concurrent Mark 1014.976ms
[3992.132s][info][gc,marking     ] GC(1035) Concurrent Rebuild Remembered Sets and Scrub Regions
.[3992.488s][info][gc,marking     ] GC(1035) Concurrent Rebuild Remembered Sets and Scrub Regions 355.746ms
[3992.488s][info][gc,start       ] GC(1035) Pause Cleanup
[3992.488s][info][gc             ] GC(1035) Pause Cleanup 2833M->2833M(4096M) 0.109ms
[3992.488s][info][gc,cpu         ] GC(1035) User=0.00s Sys=0.00s Real=0.00s
[3992.488s][info][gc,marking     ] GC(1035) Concurrent Clear Claimed Marks
[3992.488s][info][gc,marking     ] GC(1035) Concurrent Clear Claimed Marks 0.029ms
[3992.488s][info][gc,marking     ] GC(1035) Concurrent Cleanup for Next Mark
[3992.493s][info][gc,marking     ] GC(1035) Concurrent Cleanup for Next Mark 4.803ms
[3992.493s][info][gc             ] GC(1035) Concurrent Mark Cycle 1562.973ms
.[3993.440s][info][gc,start       ] GC(1036) Pause Young (Prepare Mixed) (G1 Evacuation Pause)
[3993.440s][info][gc,task        ] GC(1036) Using 6 workers of 6 for evacuation
[3993.557s][info][gc,phases      ] GC(1036)   Pre Evacuate Collection Set: 0.35ms
[3993.557s][info][gc,phases      ] GC(1036)   Merge Heap Roots: 0.47ms
[3993.557s][info][gc,phases      ] GC(1036)   Evacuate Collection Set: 115.53ms
[3993.557s][info][gc,phases      ] GC(1036)   Post Evacuate Collection Set: 0.90ms
[3993.557s][info][gc,phases      ] GC(1036)   Other: 0.09ms
[3993.557s][info][gc,heap        ] GC(1036) Eden regions: 1117->0(1106)
[3993.557s][info][gc,heap        ] GC(1036) Survivor regions: 111->111(154)
[3993.557s][info][gc,heap        ] GC(1036) Old regions: 507->537
[3993.557s][info][gc,heap        ] GC(1036) Humongous regions: 80->80
[3993.557s][info][gc,metaspace   ] GC(1036) Metaspace: 28955K(29376K)->28955K(29376K) NonClass: 24084K(24256K)->24084K(24256K) Class: 4870K(5120K)->4870K(5120K)
[3993.557s][info][gc             ] GC(1036) Pause Young (Prepare Mixed) (G1 Evacuation Pause) 3628M->1454M(4096M) 117.474ms
[3993.557s][info][gc,cpu         ] GC(1036) User=0.70s Sys=0.00s Real=0.12s
..[3995.981s][info][gc,start       ] GC(1037) Pause Young (Mixed) (G1 Evacuation Pause)
[3995.981s][info][gc,task        ] GC(1037) Using 6 workers of 6 for evacuation
[3996.115s][info][gc,phases      ] GC(1037)   Pre Evacuate Collection Set: 0.36ms
[3996.115s][info][gc,phases      ] GC(1037)   Merge Heap Roots: 0.65ms
[3996.115s][info][gc,phases      ] GC(1037)   Evacuate Collection Set: 131.84ms
[3996.115s][info][gc,phases      ] GC(1037)   Post Evacuate Collection Set: 0.94ms
[3996.115s][info][gc,phases      ] GC(1037)   Other: 0.09ms
[3996.115s][info][gc,heap        ] GC(1037) Eden regions: 1106->0(1116)
[3996.115s][info][gc,heap        ] GC(1037) Survivor regions: 111->112(153)
[3996.115s][info][gc,heap        ] GC(1037) Old regions: 537->473
[3996.115s][info][gc,heap        ] GC(1037) Humongous regions: 80->80
[3996.115s][info][gc,metaspace   ] GC(1037) Metaspace: 28955K(29376K)->28955K(29376K) NonClass: 24084K(24256K)->24084K(24256K) Class: 4870K(5120K)->4870K(5120K)
[3996.115s][info][gc             ] GC(1037) Pause Young (Mixed) (G1 Evacuation Pause) 3666M->1328M(4096M) 134.013ms
[3996.115s][info][gc,cpu         ] GC(1037) User=0.79s Sys=0.00s Real=0.14s
...[3998.590s][info][gc,start       ] GC(1038) Pause Young (Concurrent Start) (G1 Evacuation Pause)
[3998.590s][info][gc,task        ] GC(1038) Using 6 workers of 6 for evacuation
[3998.706s][info][gc,phases      ] GC(1038)   Pre Evacuate Collection Set: 0.39ms
[3998.706s][info][gc,phases      ] GC(1038)   Merge Heap Roots: 0.44ms
[3998.706s][info][gc,phases      ] GC(1038)   Evacuate Collection Set: 113.96ms
[3998.706s][info][gc,phases      ] GC(1038)   Post Evacuate Collection Set: 0.87ms
[3998.706s][info][gc,phases      ] GC(1038)   Other: 0.09ms
[3998.706s][info][gc,heap        ] GC(1038) Eden regions: 1116->0(1119)
[3998.706s][info][gc,heap        ] GC(1038) Survivor regions: 112->109(154)
[3998.706s][info][gc,heap        ] GC(1038) Old regions: 473->506
[3998.706s][info][gc,heap        ] GC(1038) Humongous regions: 80->80
[3998.706s][info][gc,metaspace   ] GC(1038) Metaspace: 28955K(29376K)->28955K(29376K) NonClass: 24084K(24256K)->24084K(24256K) Class: 4870K(5120K)->4870K(5120K)
[3998.706s][info][gc             ] GC(1038) Pause Young (Concurrent Start) (G1 Evacuation Pause) 3560M->1388M(4096M) 115.879ms
[3998.706s][info][gc             ] GC(1039) Concurrent Mark Cycle
[3998.706s][info][gc,marking     ] GC(1039) Concurrent Scan Root Regions
[3998.706s][info][gc,cpu         ] GC(1038) User=0.69s Sys=0.00s Real=0.12s
[3998.849s][info][gc,marking     ] GC(1039) Concurrent Scan Root Regions 143.019ms
[3998.849s][info][gc,marking     ] GC(1039) Concurrent Mark
[3998.849s][info][gc,marking     ] GC(1039) Concurrent Mark From Roots
[3998.849s][info][gc,task        ] GC(1039) Using 2 workers of 2 for marking
.[3999.561s][info][gc,marking     ] GC(1039) Concurrent Mark From Roots 711.856ms
[3999.561s][info][gc,marking     ] GC(1039) Concurrent Preclean
[3999.561s][info][gc,marking     ] GC(1039) Concurrent Preclean 0.137ms
[3999.561s][info][gc,start       ] GC(1039) Pause Remark
[3999.567s][info][gc             ] GC(1039) Pause Remark 2138M->2138M(4096M) 5.432ms
[3999.567s][info][gc,cpu         ] GC(1039) User=0.03s Sys=0.00s Real=0.01s
[3999.567s][info][gc,marking     ] GC(1039) Concurrent Mark 718.106ms
[3999.567s][info][gc,marking     ] GC(1039) Concurrent Rebuild Remembered Sets and Scrub Regions
[3999.829s][info][gc,marking     ] GC(1039) Concurrent Rebuild Remembered Sets and Scrub Regions 261.441ms
[3999.829s][info][gc,start       ] GC(1039) Pause Cleanup
[3999.829s][info][gc             ] GC(1039) Pause Cleanup 2315M->2315M(4096M) 0.110ms
[3999.829s][info][gc,cpu         ] GC(1039) User=0.00s Sys=0.00s Real=0.00s
[3999.830s][info][gc,marking     ] GC(1039) Concurrent Clear Claimed Marks
[3999.830s][info][gc,marking     ] GC(1039) Concurrent Clear Claimed Marks 0.040ms
[3999.830s][info][gc,marking     ] GC(1039) Concurrent Cleanup for Next Mark
[3999.836s][info][gc,marking     ] GC(1039) Concurrent Cleanup for Next Mark 6.324ms
[3999.836s][info][gc             ] GC(1039) Concurrent Mark Cycle 1130.419ms
.[4001.224s][info][gc,start       ] GC(1040) Pause Young (Prepare Mixed) (G1 Evacuation Pause)
[4001.225s][info][gc,task        ] GC(1040) Using 6 workers of 6 for evacuation
[4001.343s][info][gc,phases      ] GC(1040)   Pre Evacuate Collection Set: 0.33ms
[4001.343s][info][gc,phases      ] GC(1040)   Merge Heap Roots: 0.54ms
[4001.343s][info][gc,phases      ] GC(1040)   Evacuate Collection Set: 116.69ms
[4001.343s][info][gc,phases      ] GC(1040)   Post Evacuate Collection Set: 0.91ms
[4001.343s][info][gc,phases      ] GC(1040)   Other: 0.09ms
[4001.343s][info][gc,heap        ] GC(1040) Eden regions: 1119->0(1105)
[4001.343s][info][gc,heap        ] GC(1040) Survivor regions: 109->112(154)
[4001.343s][info][gc,heap        ] GC(1040) Old regions: 506->536
[4001.343s][info][gc,heap        ] GC(1040) Humongous regions: 80->80
[4001.343s][info][gc,metaspace   ] GC(1040) Metaspace: 28955K(29376K)->28955K(29376K) NonClass: 24084K(24256K)->24084K(24256K) Class: 4870K(5120K)->4870K(5120K)
[4001.343s][info][gc             ] GC(1040) Pause Young (Prepare Mixed) (G1 Evacuation Pause) 3626M->1454M(4096M) 118.701ms
[4001.343s][info][gc,cpu         ] GC(1040) User=0.70s Sys=0.00s Real=0.12s
...[4003.713s][info][gc,start       ] GC(1041) Pause Young (Mixed) (G1 Evacuation Pause)
[4003.713s][info][gc,task        ] GC(1041) Using 6 workers of 6 for evacuation
[4003.842s][info][gc,phases      ] GC(1041)   Pre Evacuate Collection Set: 0.33ms
[4003.842s][info][gc,phases      ] GC(1041)   Merge Heap Roots: 0.68ms
[4003.842s][info][gc,phases      ] GC(1041)   Evacuate Collection Set: 126.81ms
[4003.842s][info][gc,phases      ] GC(1041)   Post Evacuate Collection Set: 0.93ms
[4003.842s][info][gc,phases      ] GC(1041)   Other: 0.09ms
[4003.842s][info][gc,heap        ] GC(1041) Eden regions: 1105->0(1121)
[4003.842s][info][gc,heap        ] GC(1041) Survivor regions: 112->107(153)
[4003.842s][info][gc,heap        ] GC(1041) Old regions: 536->474
[4003.842s][info][gc,heap        ] GC(1041) Humongous regions: 80->80
[4003.842s][info][gc,metaspace   ] GC(1041) Metaspace: 28955K(29376K)->28955K(29376K) NonClass: 24084K(24256K)->24084K(24256K) Class: 4870K(5120K)->4870K(5120K)
[4003.842s][info][gc             ] GC(1041) Pause Young (Mixed) (G1 Evacuation Pause) 3664M->1319M(4096M) 128.967ms
[4003.842s][info][gc,cpu         ] GC(1041) User=0.77s Sys=0.00s Real=0.12s
..[4006.386s][info][gc,start       ] GC(1042) Pause Young (Concurrent Start) (G1 Evacuation Pause)
[4006.386s][info][gc,task        ] GC(1042) Using 6 workers of 6 for evacuation
[4006.502s][info][gc,phases      ] GC(1042)   Pre Evacuate Collection Set: 0.40ms
[4006.502s][info][gc,phases      ] GC(1042)   Merge Heap Roots: 0.48ms
[4006.502s][info][gc,phases      ] GC(1042)   Evacuate Collection Set: 113.95ms
[4006.502s][info][gc,phases      ] GC(1042)   Post Evacuate Collection Set: 0.87ms
[4006.502s][info][gc,phases      ] GC(1042)   Other: 0.13ms
[4006.502s][info][gc,heap        ] GC(1042) Eden regions: 1121->0(1119)
[4006.502s][info][gc,heap        ] GC(1042) Survivor regions: 107->109(154)
[4006.502s][info][gc,heap        ] GC(1042) Old regions: 474->505
[4006.502s][info][gc,heap        ] GC(1042) Humongous regions: 80->80
[4006.502s][info][gc,metaspace   ] GC(1042) Metaspace: 28955K(29376K)->28955K(29376K) NonClass: 24084K(24256K)->24084K(24256K) Class: 4870K(5120K)->4870K(5120K)
[4006.502s][info][gc             ] GC(1042) Pause Young (Concurrent Start) (G1 Evacuation Pause) 3561M->1387M(4096M) 115.982ms
[4006.502s][info][gc             ] GC(1043) Concurrent Mark Cycle
[4006.502s][info][gc,marking     ] GC(1043) Concurrent Scan Root Regions
[4006.502s][info][gc,cpu         ] GC(1042) User=0.69s Sys=0.00s Real=0.11s
.[4006.644s][info][gc,marking     ] GC(1043) Concurrent Scan Root Regions 142.696ms
[4006.644s][info][gc,marking     ] GC(1043) Concurrent Mark
[4006.644s][info][gc,marking     ] GC(1043) Concurrent Mark From Roots
[4006.644s][info][gc,task        ] GC(1043) Using 2 workers of 2 for marking
[4007.372s][info][gc,marking     ] GC(1043) Concurrent Mark From Roots 727.903ms
[4007.372s][info][gc,marking     ] GC(1043) Concurrent Preclean
[4007.372s][info][gc,marking     ] GC(1043) Concurrent Preclean 0.136ms
[4007.374s][info][gc,start       ] GC(1043) Pause Remark
[4007.379s][info][gc             ] GC(1043) Pause Remark 2135M->2135M(4096M) 4.907ms
[4007.379s][info][gc,cpu         ] GC(1043) User=0.03s Sys=0.00s Real=0.00s
[4007.379s][info][gc,marking     ] GC(1043) Concurrent Mark 734.302ms
[4007.379s][info][gc,marking     ] GC(1043) Concurrent Rebuild Remembered Sets and Scrub Regions
.[4007.647s][info][gc,marking     ] GC(1043) Concurrent Rebuild Remembered Sets and Scrub Regions 268.463ms
[4007.647s][info][gc,start       ] GC(1043) Pause Cleanup
[4007.647s][info][gc             ] GC(1043) Pause Cleanup 2426M->2426M(4096M) 0.114ms
[4007.647s][info][gc,cpu         ] GC(1043) User=0.00s Sys=0.00s Real=0.00s
[4007.647s][info][gc,marking     ] GC(1043) Concurrent Clear Claimed Marks
[4007.648s][info][gc,marking     ] GC(1043) Concurrent Clear Claimed Marks 0.023ms
[4007.648s][info][gc,marking     ] GC(1043) Concurrent Cleanup for Next Mark
[4007.653s][info][gc,marking     ] GC(1043) Concurrent Cleanup for Next Mark 5.306ms
[4007.653s][info][gc             ] GC(1043) Concurrent Mark Cycle 1151.233ms
.[4008.923s][info][gc,start       ] GC(1044) Pause Young (Prepare Mixed) (G1 Evacuation Pause)
[4008.923s][info][gc,task        ] GC(1044) Using 6 workers of 6 for evacuation
[4009.041s][info][gc,phases      ] GC(1044)   Pre Evacuate Collection Set: 0.31ms
[4009.041s][info][gc,phases      ] GC(1044)   Merge Heap Roots: 0.52ms
[4009.041s][info][gc,phases      ] GC(1044)   Evacuate Collection Set: 115.97ms
[4009.041s][info][gc,phases      ] GC(1044)   Post Evacuate Collection Set: 0.94ms
[4009.041s][info][gc,phases      ] GC(1044)   Other: 0.09ms
[4009.041s][info][gc,heap        ] GC(1044) Eden regions: 1119->0(1110)
[4009.041s][info][gc,heap        ] GC(1044) Survivor regions: 109->109(154)
[4009.041s][info][gc,heap        ] GC(1044) Old regions: 505->537
[4009.041s][info][gc,heap        ] GC(1044) Humongous regions: 80->80
[4009.041s][info][gc,metaspace   ] GC(1044) Metaspace: 28955K(29376K)->28955K(29376K) NonClass: 24084K(24256K)->24084K(24256K) Class: 4870K(5120K)->4870K(5120K)
[4009.041s][info][gc             ] GC(1044) Pause Young (Prepare Mixed) (G1 Evacuation Pause) 3625M->1449M(4096M) 117.958ms
[4009.041s][info][gc,cpu         ] GC(1044) User=0.70s Sys=0.00s Real=0.12s
..[4011.473s][info][gc,start       ] GC(1045) Pause Young (Mixed) (G1 Evacuation Pause)
[4011.473s][info][gc,task        ] GC(1045) Using 6 workers of 6 for evacuation
[4011.606s][info][gc,phases      ] GC(1045)   Pre Evacuate Collection Set: 0.36ms
[4011.606s][info][gc,phases      ] GC(1045)   Merge Heap Roots: 0.65ms
[4011.606s][info][gc,phases      ] GC(1045)   Evacuate Collection Set: 131.04ms
[4011.606s][info][gc,phases      ] GC(1045)   Post Evacuate Collection Set: 0.94ms
[4011.606s][info][gc,phases      ] GC(1045)   Other: 0.09ms
[4011.606s][info][gc,heap        ] GC(1045) Eden regions: 1110->0(1119)
[4011.606s][info][gc,heap        ] GC(1045) Survivor regions: 109->109(153)
[4011.606s][info][gc,heap        ] GC(1045) Old regions: 537->474
[4011.606s][info][gc,heap        ] GC(1045) Humongous regions: 80->80
[4011.606s][info][gc,metaspace   ] GC(1045) Metaspace: 28955K(29376K)->28955K(29376K) NonClass: 24084K(24256K)->24084K(24256K) Class: 4870K(5120K)->4870K(5120K)
[4011.606s][info][gc             ] GC(1045) Pause Young (Mixed) (G1 Evacuation Pause) 3669M->1325M(4096M) 133.226ms
[4011.606s][info][gc,cpu         ] GC(1045) User=0.79s Sys=0.00s Real=0.14s
...[4014.074s][info][gc,start       ] GC(1046) Pause Young (Concurrent Start) (G1 Evacuation Pause)
[4014.074s][info][gc,task        ] GC(1046) Using 6 workers of 6 for evacuation
[4014.190s][info][gc,phases      ] GC(1046)   Pre Evacuate Collection Set: 0.37ms
[4014.190s][info][gc,phases      ] GC(1046)   Merge Heap Roots: 0.47ms
[4014.190s][info][gc,phases      ] GC(1046)   Evacuate Collection Set: 114.17ms
[4014.190s][info][gc,phases      ] GC(1046)   Post Evacuate Collection Set: 0.87ms
[4014.190s][info][gc,phases      ] GC(1046)   Other: 0.12ms
[4014.190s][info][gc,heap        ] GC(1046) Eden regions: 1119->0(1119)
[4014.190s][info][gc,heap        ] GC(1046) Survivor regions: 109->109(154)
[4014.190s][info][gc,heap        ] GC(1046) Old regions: 474->505
[4014.190s][info][gc,heap        ] GC(1046) Humongous regions: 80->80
[4014.190s][info][gc,metaspace   ] GC(1046) Metaspace: 28955K(29376K)->28955K(29376K) NonClass: 24084K(24256K)->24084K(24256K) Class: 4870K(5120K)->4870K(5120K)
[4014.191s][info][gc             ] GC(1046) Pause Young (Concurrent Start) (G1 Evacuation Pause) 3563M->1387M(4096M) 116.119ms
[4014.191s][info][gc             ] GC(1047) Concurrent Mark Cycle
[4014.191s][info][gc,marking     ] GC(1047) Concurrent Scan Root Regions
[4014.191s][info][gc,cpu         ] GC(1046) User=0.69s Sys=0.00s Real=0.11s
[4014.378s][info][gc,marking     ] GC(1047) Concurrent Scan Root Regions 187.808ms
[4014.378s][info][gc,marking     ] GC(1047) Concurrent Mark
[4014.378s][info][gc,marking     ] GC(1047) Concurrent Mark From Roots
[4014.378s][info][gc,task        ] GC(1047) Using 2 workers of 2 for marking
.[4015.288s][info][gc,marking     ] GC(1047) Concurrent Mark From Roots 909.790ms
[4015.288s][info][gc,marking     ] GC(1047) Concurrent Preclean
[4015.288s][info][gc,marking     ] GC(1047) Concurrent Preclean 0.107ms
[4015.288s][info][gc,start       ] GC(1047) Pause Remark
[4015.295s][info][gc             ] GC(1047) Pause Remark 2391M->2391M(4096M) 6.143ms
[4015.295s][info][gc,cpu         ] GC(1047) User=0.04s Sys=0.00s Real=0.01s
[4015.295s][info][gc,marking     ] GC(1047) Concurrent Mark 916.286ms
[4015.295s][info][gc,marking     ] GC(1047) Concurrent Rebuild Remembered Sets and Scrub Regions
.[4015.650s][info][gc,marking     ] GC(1047) Concurrent Rebuild Remembered Sets and Scrub Regions 354.941ms
[4015.650s][info][gc,start       ] GC(1047) Pause Cleanup
[4015.650s][info][gc             ] GC(1047) Pause Cleanup 2680M->2680M(4096M) 0.117ms
[4015.650s][info][gc,cpu         ] GC(1047) User=0.00s Sys=0.00s Real=0.00s
[4015.651s][info][gc,marking     ] GC(1047) Concurrent Clear Claimed Marks
[4015.651s][info][gc,marking     ] GC(1047) Concurrent Clear Claimed Marks 0.035ms
[4015.651s][info][gc,marking     ] GC(1047) Concurrent Cleanup for Next Mark
[4015.656s][info][gc,marking     ] GC(1047) Concurrent Cleanup for Next Mark 4.922ms
[4015.656s][info][gc             ] GC(1047) Concurrent Mark Cycle 1465.065ms
.[4016.717s][info][gc,start       ] GC(1048) Pause Young (Prepare Mixed) (G1 Evacuation Pause)
[4016.717s][info][gc,task        ] GC(1048) Using 6 workers of 6 for evacuation
[4016.834s][info][gc,phases      ] GC(1048)   Pre Evacuate Collection Set: 0.30ms
[4016.834s][info][gc,phases      ] GC(1048)   Merge Heap Roots: 0.50ms
[4016.834s][info][gc,phases      ] GC(1048)   Evacuate Collection Set: 114.92ms
[4016.834s][info][gc,phases      ] GC(1048)   Post Evacuate Collection Set: 0.89ms
[4016.834s][info][gc,phases      ] GC(1048)   Other: 0.08ms
[4016.834s][info][gc,heap        ] GC(1048) Eden regions: 1119->0(1108)
[4016.834s][info][gc,heap        ] GC(1048) Survivor regions: 109->110(154)
[4016.834s][info][gc,heap        ] GC(1048) Old regions: 505->537
[4016.834s][info][gc,heap        ] GC(1048) Humongous regions: 80->80
[4016.834s][info][gc,metaspace   ] GC(1048) Metaspace: 28955K(29376K)->28955K(29376K) NonClass: 24084K(24256K)->24084K(24256K) Class: 4870K(5120K)->4870K(5120K)
[4016.834s][info][gc             ] GC(1048) Pause Young (Prepare Mixed) (G1 Evacuation Pause) 3625M->1451M(4096M) 116.828ms
[4016.834s][info][gc,cpu         ] GC(1048) User=0.69s Sys=0.01s Real=0.12s
..[4019.271s][info][gc,start       ] GC(1049) Pause Young (Mixed) (G1 Evacuation Pause)
[4019.271s][info][gc,task        ] GC(1049) Using 6 workers of 6 for evacuation
[4019.405s][info][gc,phases      ] GC(1049)   Pre Evacuate Collection Set: 0.39ms
[4019.405s][info][gc,phases      ] GC(1049)   Merge Heap Roots: 0.66ms
[4019.405s][info][gc,phases      ] GC(1049)   Evacuate Collection Set: 131.61ms
[4019.405s][info][gc,phases      ] GC(1049)   Post Evacuate Collection Set: 0.94ms
[4019.405s][info][gc,phases      ] GC(1049)   Other: 0.09ms
[4019.405s][info][gc,heap        ] GC(1049) Eden regions: 1108->0(1116)
[4019.405s][info][gc,heap        ] GC(1049) Survivor regions: 110->112(153)
[4019.405s][info][gc,heap        ] GC(1049) Old regions: 537->472
[4019.405s][info][gc,heap        ] GC(1049) Humongous regions: 80->80
[4019.405s][info][gc,metaspace   ] GC(1049) Metaspace: 28955K(29376K)->28955K(29376K) NonClass: 24084K(24256K)->24084K(24256K) Class: 4870K(5120K)->4870K(5120K)
[4019.405s][info][gc             ] GC(1049) Pause Young (Mixed) (G1 Evacuation Pause) 3667M->1326M(4096M) 133.811ms
[4019.405s][info][gc,cpu         ] GC(1049) User=0.80s Sys=0.00s Real=0.14s
...[4021.879s][info][gc,start       ] GC(1050) Pause Young (Concurrent Start) (G1 Evacuation Pause)
[4021.879s][info][gc,task        ] GC(1050) Using 6 workers of 6 for evacuation
[4021.992s][info][gc,phases      ] GC(1050)   Pre Evacuate Collection Set: 0.40ms
[4021.992s][info][gc,phases      ] GC(1050)   Merge Heap Roots: 0.46ms
[4021.992s][info][gc,phases      ] GC(1050)   Evacuate Collection Set: 111.77ms
[4021.992s][info][gc,phases      ] GC(1050)   Post Evacuate Collection Set: 0.88ms
[4021.992s][info][gc,phases      ] GC(1050)   Other: 0.12ms
[4021.992s][info][gc,heap        ] GC(1050) Eden regions: 1116->0(1121)
[4021.992s][info][gc,heap        ] GC(1050) Survivor regions: 112->107(154)
[4021.992s][info][gc,heap        ] GC(1050) Old regions: 472->504
[4021.992s][info][gc,heap        ] GC(1050) Humongous regions: 80->80
[4021.992s][info][gc,metaspace   ] GC(1050) Metaspace: 28955K(29376K)->28955K(29376K) NonClass: 24084K(24256K)->24084K(24256K) Class: 4870K(5120K)->4870K(5120K)
[4021.992s][info][gc             ] GC(1050) Pause Young (Concurrent Start) (G1 Evacuation Pause) 3558M->1381M(4096M) 113.760ms
[4021.992s][info][gc             ] GC(1051) Concurrent Mark Cycle
[4021.992s][info][gc,marking     ] GC(1051) Concurrent Scan Root Regions
[4021.992s][info][gc,cpu         ] GC(1050) User=0.68s Sys=0.00s Real=0.11s
[4022.140s][info][gc,marking     ] GC(1051) Concurrent Scan Root Regions 147.388ms
[4022.140s][info][gc,marking     ] GC(1051) Concurrent Mark
[4022.140s][info][gc,marking     ] GC(1051) Concurrent Mark From Roots
[4022.140s][info][gc,task        ] GC(1051) Using 2 workers of 2 for marking
.[4022.885s][info][gc,marking     ] GC(1051) Concurrent Mark From Roots 745.018ms
[4022.885s][info][gc,marking     ] GC(1051) Concurrent Preclean
[4022.885s][info][gc,marking     ] GC(1051) Concurrent Preclean 0.158ms
[4022.885s][info][gc,start       ] GC(1051) Pause Remark
[4022.891s][info][gc             ] GC(1051) Pause Remark 2155M->2155M(4096M) 5.391ms
[4022.891s][info][gc,cpu         ] GC(1051) User=0.03s Sys=0.00s Real=0.00s
[4022.891s][info][gc,marking     ] GC(1051) Concurrent Mark 751.093ms
[4022.891s][info][gc,marking     ] GC(1051) Concurrent Rebuild Remembered Sets and Scrub Regions
[4023.178s][info][gc,marking     ] GC(1051) Concurrent Rebuild Remembered Sets and Scrub Regions 286.703ms
[4023.179s][info][gc,start       ] GC(1051) Pause Cleanup
[4023.179s][info][gc             ] GC(1051) Pause Cleanup 2459M->2459M(4096M) 0.124ms
[4023.179s][info][gc,cpu         ] GC(1051) User=0.00s Sys=0.00s Real=0.00s
[4023.180s][info][gc,marking     ] GC(1051) Concurrent Clear Claimed Marks
[4023.180s][info][gc,marking     ] GC(1051) Concurrent Clear Claimed Marks 0.031ms
[4023.180s][info][gc,marking     ] GC(1051) Concurrent Cleanup for Next Mark
[4023.186s][info][gc,marking     ] GC(1051) Concurrent Cleanup for Next Mark 6.154ms
[4023.186s][info][gc             ] GC(1051) Concurrent Mark Cycle 1193.634ms
.[4024.522s][info][gc,start       ] GC(1052) Pause Young (Prepare Mixed) (G1 Evacuation Pause)
[4024.522s][info][gc,task        ] GC(1052) Using 6 workers of 6 for evacuation
[4024.642s][info][gc,phases      ] GC(1052)   Pre Evacuate Collection Set: 0.33ms
[4024.642s][info][gc,phases      ] GC(1052)   Merge Heap Roots: 0.53ms
[4024.642s][info][gc,phases      ] GC(1052)   Evacuate Collection Set: 117.77ms
[4024.642s][info][gc,phases      ] GC(1052)   Post Evacuate Collection Set: 0.95ms
[4024.642s][info][gc,phases      ] GC(1052)   Other: 0.09ms
[4024.642s][info][gc,heap        ] GC(1052) Eden regions: 1121->0(1109)
[4024.642s][info][gc,heap        ] GC(1052) Survivor regions: 107->110(154)
[4024.642s][info][gc,heap        ] GC(1052) Old regions: 504->536
[4024.642s][info][gc,heap        ] GC(1052) Humongous regions: 80->80
[4024.642s][info][gc,metaspace   ] GC(1052) Metaspace: 28955K(29376K)->28955K(29376K) NonClass: 24084K(24256K)->24084K(24256K) Class: 4870K(5120K)->4870K(5120K)
[4024.642s][info][gc             ] GC(1052) Pause Young (Prepare Mixed) (G1 Evacuation Pause) 3623M->1450M(4096M) 119.801ms
[4024.642s][info][gc,cpu         ] GC(1052) User=0.72s Sys=0.00s Real=0.12s
...[4027.056s][info][gc,start       ] GC(1053) Pause Young (Mixed) (G1 Evacuation Pause)
[4027.056s][info][gc,task        ] GC(1053) Using 6 workers of 6 for evacuation
[4027.188s][info][gc,phases      ] GC(1053)   Pre Evacuate Collection Set: 0.36ms
[4027.188s][info][gc,phases      ] GC(1053)   Merge Heap Roots: 0.73ms
[4027.188s][info][gc,phases      ] GC(1053)   Evacuate Collection Set: 130.39ms
[4027.188s][info][gc,phases      ] GC(1053)   Post Evacuate Collection Set: 0.95ms
[4027.188s][info][gc,phases      ] GC(1053)   Other: 0.09ms
[4027.188s][info][gc,heap        ] GC(1053) Eden regions: 1109->0(1119)
[4027.188s][info][gc,heap        ] GC(1053) Survivor regions: 110->109(153)
[4027.188s][info][gc,heap        ] GC(1053) Old regions: 536->475
[4027.188s][info][gc,heap        ] GC(1053) Humongous regions: 80->80
[4027.188s][info][gc,metaspace   ] GC(1053) Metaspace: 28955K(29376K)->28955K(29376K) NonClass: 24084K(24256K)->24084K(24256K) Class: 4870K(5120K)->4870K(5120K)
[4027.188s][info][gc             ] GC(1053) Pause Young (Mixed) (G1 Evacuation Pause) 3668M->1325M(4096M) 132.664ms
[4027.188s][info][gc,cpu         ] GC(1053) User=0.79s Sys=0.00s Real=0.13s
..[4029.674s][info][gc,start       ] GC(1054) Pause Young (Concurrent Start) (G1 Evacuation Pause)
[4029.674s][info][gc,task        ] GC(1054) Using 6 workers of 6 for evacuation
[4029.792s][info][gc,phases      ] GC(1054)   Pre Evacuate Collection Set: 0.35ms
[4029.792s][info][gc,phases      ] GC(1054)   Merge Heap Roots: 0.44ms
[4029.792s][info][gc,phases      ] GC(1054)   Evacuate Collection Set: 116.20ms
[4029.792s][info][gc,phases      ] GC(1054)   Post Evacuate Collection Set: 0.88ms
[4029.792s][info][gc,phases      ] GC(1054)   Other: 0.10ms
[4029.792s][info][gc,heap        ] GC(1054) Eden regions: 1119->0(1118)
[4029.792s][info][gc,heap        ] GC(1054) Survivor regions: 109->110(154)
[4029.792s][info][gc,heap        ] GC(1054) Old regions: 475->507
[4029.792s][info][gc,heap        ] GC(1054) Humongous regions: 80->80
[4029.792s][info][gc,metaspace   ] GC(1054) Metaspace: 28955K(29376K)->28955K(29376K) NonClass: 24084K(24256K)->24084K(24256K) Class: 4870K(5120K)->4870K(5120K)
[4029.792s][info][gc             ] GC(1054) Pause Young (Concurrent Start) (G1 Evacuation Pause) 3563M->1392M(4096M) 118.129ms
[4029.792s][info][gc             ] GC(1055) Concurrent Mark Cycle
[4029.792s][info][gc,marking     ] GC(1055) Concurrent Scan Root Regions
[4029.792s][info][gc,cpu         ] GC(1054) User=0.70s Sys=0.00s Real=0.11s
.[4029.940s][info][gc,marking     ] GC(1055) Concurrent Scan Root Regions 148.313ms
[4029.940s][info][gc,marking     ] GC(1055) Concurrent Mark
[4029.940s][info][gc,marking     ] GC(1055) Concurrent Mark From Roots
[4029.940s][info][gc,task        ] GC(1055) Using 2 workers of 2 for marking
[4030.651s][info][gc,marking     ] GC(1055) Concurrent Mark From Roots 711.240ms
[4030.651s][info][gc,marking     ] GC(1055) Concurrent Preclean
[4030.652s][info][gc,marking     ] GC(1055) Concurrent Preclean 0.152ms
[4030.652s][info][gc,start       ] GC(1055) Pause Remark
[4030.657s][info][gc             ] GC(1055) Pause Remark 2172M->2172M(4096M) 5.003ms
[4030.657s][info][gc,cpu         ] GC(1055) User=0.03s Sys=0.00s Real=0.01s
[4030.657s][info][gc,marking     ] GC(1055) Concurrent Mark 717.217ms
[4030.657s][info][gc,marking     ] GC(1055) Concurrent Rebuild Remembered Sets and Scrub Regions
[4030.984s][info][gc,marking     ] GC(1055) Concurrent Rebuild Remembered Sets and Scrub Regions 326.627ms
[4030.984s][info][gc,start       ] GC(1055) Pause Cleanup
[4030.984s][info][gc             ] GC(1055) Pause Cleanup 2438M->2438M(4096M) 0.130ms
[4030.984s][info][gc,cpu         ] GC(1055) User=0.00s Sys=0.00s Real=0.00s
.[4030.985s][info][gc,marking     ] GC(1055) Concurrent Clear Claimed Marks
[4030.985s][info][gc,marking     ] GC(1055) Concurrent Clear Claimed Marks 0.033ms
[4030.985s][info][gc,marking     ] GC(1055) Concurrent Cleanup for Next Mark
[4030.990s][info][gc,marking     ] GC(1055) Concurrent Cleanup for Next Mark 4.577ms
[4030.990s][info][gc             ] GC(1055) Concurrent Mark Cycle 1197.893ms
.[4032.231s][info][gc,start       ] GC(1056) Pause Young (Prepare Mixed) (G1 Evacuation Pause)
[4032.231s][info][gc,task        ] GC(1056) Using 6 workers of 6 for evacuation
[4032.347s][info][gc,phases      ] GC(1056)   Pre Evacuate Collection Set: 0.30ms
[4032.347s][info][gc,phases      ] GC(1056)   Merge Heap Roots: 0.55ms
[4032.347s][info][gc,phases      ] GC(1056)   Evacuate Collection Set: 114.05ms
[4032.347s][info][gc,phases      ] GC(1056)   Post Evacuate Collection Set: 0.90ms
[4032.347s][info][gc,phases      ] GC(1056)   Other: 0.08ms
[4032.347s][info][gc,heap        ] GC(1056) Eden regions: 1118->0(1107)
[4032.347s][info][gc,heap        ] GC(1056) Survivor regions: 110->110(154)
[4032.347s][info][gc,heap        ] GC(1056) Old regions: 507->538
[4032.347s][info][gc,heap        ] GC(1056) Humongous regions: 80->80
[4032.347s][info][gc,metaspace   ] GC(1056) Metaspace: 28955K(29376K)->28955K(29376K) NonClass: 24084K(24256K)->24084K(24256K) Class: 4870K(5120K)->4870K(5120K)
[4032.347s][info][gc             ] GC(1056) Pause Young (Prepare Mixed) (G1 Evacuation Pause) 3628M->1453M(4096M) 116.012ms
[4032.347s][info][gc,cpu         ] GC(1056) User=0.70s Sys=0.00s Real=0.12s
..[4034.860s][info][gc,start       ] GC(1057) Pause Young (Mixed) (G1 Evacuation Pause)
[4034.860s][info][gc,task        ] GC(1057) Using 6 workers of 6 for evacuation
[4034.994s][info][gc,phases      ] GC(1057)   Pre Evacuate Collection Set: 0.33ms
[4034.994s][info][gc,phases      ] GC(1057)   Merge Heap Roots: 0.62ms
[4034.994s][info][gc,phases      ] GC(1057)   Evacuate Collection Set: 132.54ms
[4034.994s][info][gc,phases      ] GC(1057)   Post Evacuate Collection Set: 0.94ms
[4034.994s][info][gc,phases      ] GC(1057)   Other: 0.08ms
[4034.994s][info][gc,heap        ] GC(1057) Eden regions: 1107->0(1117)
[4034.994s][info][gc,heap        ] GC(1057) Survivor regions: 110->111(153)
[4034.994s][info][gc,heap        ] GC(1057) Old regions: 538->474
[4034.994s][info][gc,heap        ] GC(1057) Humongous regions: 80->80
[4034.994s][info][gc,metaspace   ] GC(1057) Metaspace: 28955K(29376K)->28955K(29376K) NonClass: 24084K(24256K)->24084K(24256K) Class: 4870K(5120K)->4870K(5120K)
[4034.994s][info][gc             ] GC(1057) Pause Young (Mixed) (G1 Evacuation Pause) 3667M->1327M(4096M) 134.677ms
[4034.994s][info][gc,cpu         ] GC(1057) User=0.80s Sys=0.00s Real=0.14s
...[4037.433s][info][gc,start       ] GC(1058) Pause Young (Concurrent Start) (G1 Evacuation Pause)
[4037.433s][info][gc,task        ] GC(1058) Using 6 workers of 6 for evacuation
[4037.550s][info][gc,phases      ] GC(1058)   Pre Evacuate Collection Set: 0.34ms
[4037.550s][info][gc,phases      ] GC(1058)   Merge Heap Roots: 0.46ms
[4037.550s][info][gc,phases      ] GC(1058)   Evacuate Collection Set: 115.50ms
[4037.550s][info][gc,phases      ] GC(1058)   Post Evacuate Collection Set: 0.87ms
[4037.550s][info][gc,phases      ] GC(1058)   Other: 0.10ms
[4037.550s][info][gc,heap        ] GC(1058) Eden regions: 1117->0(1116)
[4037.550s][info][gc,heap        ] GC(1058) Survivor regions: 111->112(154)
[4037.550s][info][gc,heap        ] GC(1058) Old regions: 474->505
[4037.550s][info][gc,heap        ] GC(1058) Humongous regions: 80->80
[4037.550s][info][gc,metaspace   ] GC(1058) Metaspace: 28955K(29376K)->28955K(29376K) NonClass: 24084K(24256K)->24084K(24256K) Class: 4870K(5120K)->4870K(5120K)
[4037.550s][info][gc             ] GC(1058) Pause Young (Concurrent Start) (G1 Evacuation Pause) 3561M->1392M(4096M) 117.405ms
[4037.550s][info][gc             ] GC(1059) Concurrent Mark Cycle
[4037.550s][info][gc,marking     ] GC(1059) Concurrent Scan Root Regions
[4037.550s][info][gc,cpu         ] GC(1058) User=0.70s Sys=0.00s Real=0.12s
[4037.740s][info][gc,marking     ] GC(1059) Concurrent Scan Root Regions 190.189ms
[4037.740s][info][gc,marking     ] GC(1059) Concurrent Mark
[4037.740s][info][gc,marking     ] GC(1059) Concurrent Mark From Roots
[4037.740s][info][gc,task        ] GC(1059) Using 2 workers of 2 for marking
.[4038.677s][info][gc,marking     ] GC(1059) Concurrent Mark From Roots 936.320ms
[4038.677s][info][gc,marking     ] GC(1059) Concurrent Preclean
[4038.677s][info][gc,marking     ] GC(1059) Concurrent Preclean 0.167ms
[4038.677s][info][gc,start       ] GC(1059) Pause Remark
[4038.684s][info][gc             ] GC(1059) Pause Remark 2461M->2461M(4096M) 7.144ms
[4038.684s][info][gc,cpu         ] GC(1059) User=0.04s Sys=0.00s Real=0.01s
[4038.686s][info][gc,marking     ] GC(1059) Concurrent Mark 945.237ms
[4038.686s][info][gc,marking     ] GC(1059) Concurrent Rebuild Remembered Sets and Scrub Regions
.[4039.083s][info][gc,marking     ] GC(1059) Concurrent Rebuild Remembered Sets and Scrub Regions 397.300ms
[4039.083s][info][gc,start       ] GC(1059) Pause Cleanup
[4039.083s][info][gc             ] GC(1059) Pause Cleanup 2857M->2857M(4096M) 0.119ms
[4039.083s][info][gc,cpu         ] GC(1059) User=0.00s Sys=0.00s Real=0.00s
[4039.084s][info][gc,marking     ] GC(1059) Concurrent Clear Claimed Marks
[4039.084s][info][gc,marking     ] GC(1059) Concurrent Clear Claimed Marks 0.038ms
[4039.084s][info][gc,marking     ] GC(1059) Concurrent Cleanup for Next Mark
[4039.089s][info][gc,marking     ] GC(1059) Concurrent Cleanup for Next Mark 5.482ms
[4039.089s][info][gc             ] GC(1059) Concurrent Mark Cycle 1539.335ms
.[4040.035s][info][gc,start       ] GC(1060) Pause Young (Prepare Mixed) (G1 Evacuation Pause)
[4040.035s][info][gc,task        ] GC(1060) Using 6 workers of 6 for evacuation
[4040.151s][info][gc,phases      ] GC(1060)   Pre Evacuate Collection Set: 0.31ms
[4040.151s][info][gc,phases      ] GC(1060)   Merge Heap Roots: 0.51ms
[4040.151s][info][gc,phases      ] GC(1060)   Evacuate Collection Set: 114.14ms
[4040.151s][info][gc,phases      ] GC(1060)   Post Evacuate Collection Set: 0.90ms
[4040.151s][info][gc,phases      ] GC(1060)   Other: 0.09ms
[4040.151s][info][gc,heap        ] GC(1060) Eden regions: 1116->0(1111)
[4040.151s][info][gc,heap        ] GC(1060) Survivor regions: 112->109(154)
[4040.151s][info][gc,heap        ] GC(1060) Old regions: 505->536
[4040.151s][info][gc,heap        ] GC(1060) Humongous regions: 80->80
[4040.151s][info][gc,metaspace   ] GC(1060) Metaspace: 28955K(29376K)->28955K(29376K) NonClass: 24084K(24256K)->24084K(24256K) Class: 4870K(5120K)->4870K(5120K)
[4040.151s][info][gc             ] GC(1060) Pause Young (Prepare Mixed) (G1 Evacuation Pause) 3624M->1448M(4096M) 116.089ms
[4040.151s][info][gc,cpu         ] GC(1060) User=0.69s Sys=0.00s Real=0.11s
..[4042.626s][info][gc,start       ] GC(1061) Pause Young (Mixed) (G1 Evacuation Pause)
[4042.626s][info][gc,task        ] GC(1061) Using 6 workers of 6 for evacuation
[4042.761s][info][gc,phases      ] GC(1061)   Pre Evacuate Collection Set: 0.39ms
[4042.761s][info][gc,phases      ] GC(1061)   Merge Heap Roots: 0.72ms
[4042.761s][info][gc,phases      ] GC(1061)   Evacuate Collection Set: 132.74ms
[4042.761s][info][gc,phases      ] GC(1061)   Post Evacuate Collection Set: 0.90ms
[4042.761s][info][gc,phases      ] GC(1061)   Other: 0.10ms
[4042.761s][info][gc,heap        ] GC(1061) Eden regions: 1111->0(1116)
[4042.761s][info][gc,heap        ] GC(1061) Survivor regions: 109->112(153)
[4042.761s][info][gc,heap        ] GC(1061) Old regions: 536->473
[4042.761s][info][gc,heap        ] GC(1061) Humongous regions: 80->80
[4042.761s][info][gc,metaspace   ] GC(1061) Metaspace: 28955K(29376K)->28955K(29376K) NonClass: 24084K(24256K)->24084K(24256K) Class: 4870K(5120K)->4870K(5120K)
[4042.761s][info][gc             ] GC(1061) Pause Young (Mixed) (G1 Evacuation Pause) 3670M->1329M(4096M) 134.989ms
[4042.761s][info][gc,cpu         ] GC(1061) User=0.80s Sys=0.00s Real=0.13s
...[4045.161s][info][gc,start       ] GC(1062) Pause Young (Concurrent Start) (G1 Evacuation Pause)
[4045.161s][info][gc,task        ] GC(1062) Using 6 workers of 6 for evacuation
[4045.280s][info][gc,phases      ] GC(1062)   Pre Evacuate Collection Set: 0.39ms
[4045.280s][info][gc,phases      ] GC(1062)   Merge Heap Roots: 0.52ms
[4045.280s][info][gc,phases      ] GC(1062)   Evacuate Collection Set: 116.22ms
[4045.280s][info][gc,phases      ] GC(1062)   Post Evacuate Collection Set: 0.89ms
[4045.280s][info][gc,phases      ] GC(1062)   Other: 0.11ms
[4045.280s][info][gc,heap        ] GC(1062) Eden regions: 1116->0(1119)
[4045.280s][info][gc,heap        ] GC(1062) Survivor regions: 112->109(154)
[4045.280s][info][gc,heap        ] GC(1062) Old regions: 473->506
[4045.280s][info][gc,heap        ] GC(1062) Humongous regions: 80->80
[4045.280s][info][gc,metaspace   ] GC(1062) Metaspace: 28955K(29376K)->28955K(29376K) NonClass: 24084K(24256K)->24084K(24256K) Class: 4870K(5120K)->4870K(5120K)
[4045.280s][info][gc             ] GC(1062) Pause Young (Concurrent Start) (G1 Evacuation Pause) 3561M->1388M(4096M) 118.257ms
[4045.280s][info][gc             ] GC(1063) Concurrent Mark Cycle
[4045.280s][info][gc,marking     ] GC(1063) Concurrent Scan Root Regions
[4045.280s][info][gc,cpu         ] GC(1062) User=0.71s Sys=0.00s Real=0.12s
[4045.468s][info][gc,marking     ] GC(1063) Concurrent Scan Root Regions 188.442ms
[4045.468s][info][gc,marking     ] GC(1063) Concurrent Mark
[4045.468s][info][gc,marking     ] GC(1063) Concurrent Mark From Roots
[4045.468s][info][gc,task        ] GC(1063) Using 2 workers of 2 for marking
.[4046.375s][info][gc,marking     ] GC(1063) Concurrent Mark From Roots 906.810ms
[4046.375s][info][gc,marking     ] GC(1063) Concurrent Preclean
[4046.375s][info][gc,marking     ] GC(1063) Concurrent Preclean 0.131ms
[4046.375s][info][gc,start       ] GC(1063) Pause Remark
[4046.382s][info][gc             ] GC(1063) Pause Remark 2399M->2399M(4096M) 6.724ms
[4046.382s][info][gc,cpu         ] GC(1063) User=0.03s Sys=0.00s Real=0.00s
[4046.382s][info][gc,marking     ] GC(1063) Concurrent Mark 913.918ms
[4046.382s][info][gc,marking     ] GC(1063) Concurrent Rebuild Remembered Sets and Scrub Regions
[4046.733s][info][gc,marking     ] GC(1063) Concurrent Rebuild Remembered Sets and Scrub Regions 350.667ms
[4046.733s][info][gc,start       ] GC(1063) Pause Cleanup
[4046.733s][info][gc             ] GC(1063) Pause Cleanup 2666M->2666M(4096M) 0.117ms
[4046.733s][info][gc,cpu         ] GC(1063) User=0.00s Sys=0.00s Real=0.00s
[4046.734s][info][gc,marking     ] GC(1063) Concurrent Clear Claimed Marks
[4046.734s][info][gc,marking     ] GC(1063) Concurrent Clear Claimed Marks 0.046ms
[4046.734s][info][gc,marking     ] GC(1063) Concurrent Cleanup for Next Mark
[4046.740s][info][gc,marking     ] GC(1063) Concurrent Cleanup for Next Mark 5.081ms
[4046.740s][info][gc             ] GC(1063) Concurrent Mark Cycle 1459.886ms
. (rIR:aIR:PR = 7195:7204:7204) (tPR = 106354) [OK] 
  4046s: Performance info:
         Transaction,    Success,    Partial,     Failed,   Receipts, AvgBarcode, 
             Overall,     436987,          0,          0,     415185,      59.48, 
         Response times:
             Request,    Success,    Partial,     Failed,   SkipFail,     Probes,    Samples,      min,      p50,      p90,      p95,      p99,      max, 
       TotalPurchase,     415185,          0,          0,          0,     364057,     440881,      300,     6000,    53000,    91000,   152000,   319000,
     InStorePurchase,     218727,          0,          0,          0,     190884,     230956,      300,     5900,    52000,    91000,   151430,   282000,
      OnlinePurchase,     152733,          0,          0,          0,     134226,     162366,      300,     6200,    53000,    91000,   152000,   319000,
        InstPurchase,      43725,          0,          0,          0,      38947,      47559,      300,     5800,    53000,    89000,   151000,   319000,
          AssocOfCat,        435,          0,          0,          0,        357,        543,    24000,    41000,   110600,   153800,   199680,   252000,
      AssocOfProduct,       4366,          0,          0,          0,       4147,       5246,      400,     4800,    44000,    82000,   153530,   319000,
      BusinessReport,       1090,          0,          0,          0,        920,       1233,    28000,    46000,   128600,   177000,   221980,   298000,
          CustBuyBeh,       4368,          0,          0,          0,       4033,       5093,      200,     3100,    35000,    69000,   141000,   258000,
       ProductReturn,      11543,          0,          0,          0,       9810,      12190,      200,     4600,    44000,    79000,   142000,   282000,

  4046s: (53%)   IR =   7334 [4047.863s][info][gc,start       ] GC(1064) Pause Young (Prepare Mixed) (G1 Evacuation Pause)
[4047.863s][info][gc,task        ] GC(1064) Using 6 workers of 6 for evacuation
[4047.979s][info][gc,phases      ] GC(1064)   Pre Evacuate Collection Set: 0.30ms
[4047.979s][info][gc,phases      ] GC(1064)   Merge Heap Roots: 0.49ms
[4047.979s][info][gc,phases      ] GC(1064)   Evacuate Collection Set: 113.96ms
[4047.979s][info][gc,phases      ] GC(1064)   Post Evacuate Collection Set: 0.87ms
[4047.979s][info][gc,phases      ] GC(1064)   Other: 0.09ms
[4047.979s][info][gc,heap        ] GC(1064) Eden regions: 1119->0(1108)
[4047.979s][info][gc,heap        ] GC(1064) Survivor regions: 109->110(154)
[4047.979s][info][gc,heap        ] GC(1064) Old regions: 506->537
[4047.979s][info][gc,heap        ] GC(1064) Humongous regions: 80->80
[4047.979s][info][gc,metaspace   ] GC(1064) Metaspace: 28955K(29376K)->28955K(29376K) NonClass: 24084K(24256K)->24084K(24256K) Class: 4870K(5120K)->4870K(5120K)
[4047.979s][info][gc             ] GC(1064) Pause Young (Prepare Mixed) (G1 Evacuation Pause) 3626M->1452M(4096M) 115.847ms
[4047.979s][info][gc,cpu         ] GC(1064) User=0.69s Sys=0.00s Real=0.11s
...[4050.372s][info][gc,start       ] GC(1065) Pause Young (Mixed) (G1 Evacuation Pause)
[4050.372s][info][gc,task        ] GC(1065) Using 6 workers of 6 for evacuation
[4050.505s][info][gc,phases      ] GC(1065)   Pre Evacuate Collection Set: 0.35ms
[4050.505s][info][gc,phases      ] GC(1065)   Merge Heap Roots: 0.61ms
[4050.505s][info][gc,phases      ] GC(1065)   Evacuate Collection Set: 130.92ms
[4050.505s][info][gc,phases      ] GC(1065)   Post Evacuate Collection Set: 1.04ms
[4050.505s][info][gc,phases      ] GC(1065)   Other: 0.08ms
[4050.505s][info][gc,heap        ] GC(1065) Eden regions: 1108->0(1115)
[4050.505s][info][gc,heap        ] GC(1065) Survivor regions: 110->113(153)
[4050.505s][info][gc,heap        ] GC(1065) Old regions: 537->475
[4050.505s][info][gc,heap        ] GC(1065) Humongous regions: 80->80
[4050.505s][info][gc,metaspace   ] GC(1065) Metaspace: 28955K(29376K)->28955K(29376K) NonClass: 24084K(24256K)->24084K(24256K) Class: 4870K(5120K)->4870K(5120K)
[4050.505s][info][gc             ] GC(1065) Pause Young (Mixed) (G1 Evacuation Pause) 3668M->1333M(4096M) 133.130ms
[4050.505s][info][gc,cpu         ] GC(1065) User=0.80s Sys=0.00s Real=0.14s
..[4052.947s][info][gc,start       ] GC(1066) Pause Young (Concurrent Start) (G1 Evacuation Pause)
[4052.947s][info][gc,task        ] GC(1066) Using 6 workers of 6 for evacuation
[4053.066s][info][gc,phases      ] GC(1066)   Pre Evacuate Collection Set: 0.35ms
[4053.066s][info][gc,phases      ] GC(1066)   Merge Heap Roots: 0.45ms
[4053.066s][info][gc,phases      ] GC(1066)   Evacuate Collection Set: 117.24ms
[4053.066s][info][gc,phases      ] GC(1066)   Post Evacuate Collection Set: 0.87ms
[4053.066s][info][gc,phases      ] GC(1066)   Other: 0.12ms
[4053.067s][info][gc,heap        ] GC(1066) Eden regions: 1115->0(1118)
[4053.067s][info][gc,heap        ] GC(1066) Survivor regions: 113->110(154)
[4053.067s][info][gc,heap        ] GC(1066) Old regions: 475->507
[4053.067s][info][gc,heap        ] GC(1066) Humongous regions: 80->80
[4053.067s][info][gc,metaspace   ] GC(1066) Metaspace: 28955K(29376K)->28955K(29376K) NonClass: 24084K(24256K)->24084K(24256K) Class: 4870K(5120K)->4870K(5120K)
[4053.067s][info][gc             ] GC(1066) Pause Young (Concurrent Start) (G1 Evacuation Pause) 3563M->1392M(4096M) 119.151ms
[4053.067s][info][gc             ] GC(1067) Concurrent Mark Cycle
[4053.067s][info][gc,marking     ] GC(1067) Concurrent Scan Root Regions
[4053.067s][info][gc,cpu         ] GC(1066) User=0.71s Sys=0.00s Real=0.12s
.[4053.225s][info][gc,marking     ] GC(1067) Concurrent Scan Root Regions 158.012ms
[4053.225s][info][gc,marking     ] GC(1067) Concurrent Mark
[4053.225s][info][gc,marking     ] GC(1067) Concurrent Mark From Roots
[4053.225s][info][gc,task        ] GC(1067) Using 2 workers of 2 for marking
[4054.009s][info][gc,marking     ] GC(1067) Concurrent Mark From Roots 784.555ms
[4054.009s][info][gc,marking     ] GC(1067) Concurrent Preclean
[4054.009s][info][gc,marking     ] GC(1067) Concurrent Preclean 0.164ms
[4054.012s][info][gc,start       ] GC(1067) Pause Remark
[4054.018s][info][gc             ] GC(1067) Pause Remark 2236M->2236M(4096M) 6.014ms
[4054.018s][info][gc,cpu         ] GC(1067) User=0.03s Sys=0.00s Real=0.01s
[4054.018s][info][gc,marking     ] GC(1067) Concurrent Mark 793.086ms
[4054.018s][info][gc,marking     ] GC(1067) Concurrent Rebuild Remembered Sets and Scrub Regions
.[4054.383s][info][gc,marking     ] GC(1067) Concurrent Rebuild Remembered Sets and Scrub Regions 364.995ms
[4054.385s][info][gc,start       ] GC(1067) Pause Cleanup
[4054.386s][info][gc             ] GC(1067) Pause Cleanup 2660M->2660M(4096M) 0.139ms
[4054.386s][info][gc,cpu         ] GC(1067) User=0.00s Sys=0.00s Real=0.00s
[4054.386s][info][gc,marking     ] GC(1067) Concurrent Clear Claimed Marks
[4054.386s][info][gc,marking     ] GC(1067) Concurrent Clear Claimed Marks 0.036ms
[4054.386s][info][gc,marking     ] GC(1067) Concurrent Cleanup for Next Mark
[4054.392s][info][gc,marking     ] GC(1067) Concurrent Cleanup for Next Mark 6.516ms
[4054.392s][info][gc             ] GC(1067) Concurrent Mark Cycle 1325.769ms
.[4055.422s][info][gc,start       ] GC(1068) Pause Young (Prepare Mixed) (G1 Evacuation Pause)
[4055.422s][info][gc,task        ] GC(1068) Using 6 workers of 6 for evacuation
[4055.545s][info][gc,phases      ] GC(1068)   Pre Evacuate Collection Set: 0.30ms
[4055.545s][info][gc,phases      ] GC(1068)   Merge Heap Roots: 0.47ms
[4055.545s][info][gc,phases      ] GC(1068)   Evacuate Collection Set: 121.07ms
[4055.545s][info][gc,phases      ] GC(1068)   Post Evacuate Collection Set: 0.90ms
[4055.545s][info][gc,phases      ] GC(1068)   Other: 0.09ms
[4055.545s][info][gc,heap        ] GC(1068) Eden regions: 1118->0(1096)
[4055.545s][info][gc,heap        ] GC(1068) Survivor regions: 110->115(154)
[4055.545s][info][gc,heap        ] GC(1068) Old regions: 507->539
[4055.545s][info][gc,heap        ] GC(1068) Humongous regions: 80->80
[4055.545s][info][gc,metaspace   ] GC(1068) Metaspace: 28955K(29376K)->28955K(29376K) NonClass: 24084K(24256K)->24084K(24256K) Class: 4870K(5120K)->4870K(5120K)
[4055.545s][info][gc             ] GC(1068) Pause Young (Prepare Mixed) (G1 Evacuation Pause) 3628M->1465M(4096M) 122.975ms
[4055.545s][info][gc,cpu         ] GC(1068) User=0.73s Sys=0.00s Real=0.13s
..|[4057.928s][info][gc,start       ] GC(1069) Pause Young (Mixed) (G1 Evacuation Pause)
[4057.928s][info][gc,task        ] GC(1069) Using 6 workers of 6 for evacuation
[4058.064s][info][gc,phases      ] GC(1069)   Pre Evacuate Collection Set: 0.35ms
[4058.064s][info][gc,phases      ] GC(1069)   Merge Heap Roots: 0.73ms
[4058.064s][info][gc,phases      ] GC(1069)   Evacuate Collection Set: 133.50ms
[4058.064s][info][gc,phases      ] GC(1069)   Post Evacuate Collection Set: 0.94ms
[4058.064s][info][gc,phases      ] GC(1069)   Other: 0.09ms
[4058.064s][info][gc,heap        ] GC(1069) Eden regions: 1096->0(1119)
[4058.064s][info][gc,heap        ] GC(1069) Survivor regions: 115->109(152)
[4058.064s][info][gc,heap        ] GC(1069) Old regions: 539->474
[4058.064s][info][gc,heap        ] GC(1069) Humongous regions: 80->80
[4058.064s][info][gc,metaspace   ] GC(1069) Metaspace: 28955K(29376K)->28955K(29376K) NonClass: 24084K(24256K)->24084K(24256K) Class: 4870K(5120K)->4870K(5120K)
[4058.064s][info][gc             ] GC(1069) Pause Young (Mixed) (G1 Evacuation Pause) 3657M->1324M(4096M) 135.732ms
[4058.064s][info][gc,cpu         ] GC(1069) User=0.81s Sys=0.00s Real=0.14s
...[4060.506s][info][gc,start       ] GC(1070) Pause Young (Concurrent Start) (G1 Evacuation Pause)
[4060.506s][info][gc,task        ] GC(1070) Using 6 workers of 6 for evacuation
[4060.624s][info][gc,phases      ] GC(1070)   Pre Evacuate Collection Set: 0.33ms
[4060.624s][info][gc,phases      ] GC(1070)   Merge Heap Roots: 0.48ms
[4060.624s][info][gc,phases      ] GC(1070)   Evacuate Collection Set: 115.45ms
[4060.624s][info][gc,phases      ] GC(1070)   Post Evacuate Collection Set: 0.87ms
[4060.624s][info][gc,phases      ] GC(1070)   Other: 0.10ms
[4060.624s][info][gc,heap        ] GC(1070) Eden regions: 1119->0(1116)
[4060.624s][info][gc,heap        ] GC(1070) Survivor regions: 109->112(154)
[4060.624s][info][gc,heap        ] GC(1070) Old regions: 474->505
[4060.624s][info][gc,heap        ] GC(1070) Humongous regions: 80->80
[4060.624s][info][gc,metaspace   ] GC(1070) Metaspace: 28955K(29376K)->28955K(29376K) NonClass: 24084K(24256K)->24084K(24256K) Class: 4870K(5120K)->4870K(5120K)
[4060.624s][info][gc             ] GC(1070) Pause Young (Concurrent Start) (G1 Evacuation Pause) 3562M->1392M(4096M) 117.365ms
[4060.624s][info][gc             ] GC(1071) Concurrent Mark Cycle
[4060.624s][info][gc,marking     ] GC(1071) Concurrent Scan Root Regions
[4060.624s][info][gc,cpu         ] GC(1070) User=0.70s Sys=0.00s Real=0.12s
[4060.772s][info][gc,marking     ] GC(1071) Concurrent Scan Root Regions 147.716ms
[4060.772s][info][gc,marking     ] GC(1071) Concurrent Mark
[4060.772s][info][gc,marking     ] GC(1071) Concurrent Mark From Roots
[4060.772s][info][gc,task        ] GC(1071) Using 2 workers of 2 for marking
.[4061.497s][info][gc,marking     ] GC(1071) Concurrent Mark From Roots 725.574ms
[4061.497s][info][gc,marking     ] GC(1071) Concurrent Preclean
[4061.497s][info][gc,marking     ] GC(1071) Concurrent Preclean 0.124ms
[4061.497s][info][gc,start       ] GC(1071) Pause Remark
[4061.503s][info][gc             ] GC(1071) Pause Remark 2168M->2168M(4096M) 5.348ms
[4061.503s][info][gc,cpu         ] GC(1071) User=0.03s Sys=0.00s Real=0.00s
[4061.503s][info][gc,marking     ] GC(1071) Concurrent Mark 731.590ms
[4061.503s][info][gc,marking     ] GC(1071) Concurrent Rebuild Remembered Sets and Scrub Regions
[4061.841s][info][gc,marking     ] GC(1071) Concurrent Rebuild Remembered Sets and Scrub Regions 338.212ms
[4061.842s][info][gc,start       ] GC(1071) Pause Cleanup
[4061.842s][info][gc             ] GC(1071) Pause Cleanup 2456M->2456M(4096M) 0.126ms
[4061.842s][info][gc,cpu         ] GC(1071) User=0.00s Sys=0.00s Real=0.00s
[4061.842s][info][gc,marking     ] GC(1071) Concurrent Clear Claimed Marks
[4061.842s][info][gc,marking     ] GC(1071) Concurrent Clear Claimed Marks 0.025ms
[4061.842s][info][gc,marking     ] GC(1071) Concurrent Cleanup for Next Mark
[4061.848s][info][gc,marking     ] GC(1071) Concurrent Cleanup for Next Mark 5.828ms
[4061.848s][info][gc             ] GC(1071) Concurrent Mark Cycle 1223.982ms
.[4063.067s][info][gc,start       ] GC(1072) Pause Young (Prepare Mixed) (G1 Evacuation Pause)
[4063.067s][info][gc,task        ] GC(1072) Using 6 workers of 6 for evacuation
[4063.186s][info][gc,phases      ] GC(1072)   Pre Evacuate Collection Set: 0.31ms
[4063.186s][info][gc,phases      ] GC(1072)   Merge Heap Roots: 0.49ms
[4063.186s][info][gc,phases      ] GC(1072)   Evacuate Collection Set: 117.11ms
[4063.186s][info][gc,phases      ] GC(1072)   Post Evacuate Collection Set: 0.88ms
[4063.186s][info][gc,phases      ] GC(1072)   Other: 0.09ms
[4063.186s][info][gc,heap        ] GC(1072) Eden regions: 1116->0(1108)
[4063.186s][info][gc,heap        ] GC(1072) Survivor regions: 112->110(154)
[4063.186s][info][gc,heap        ] GC(1072) Old regions: 505->537
[4063.186s][info][gc,heap        ] GC(1072) Humongous regions: 80->80
[4063.186s][info][gc,metaspace   ] GC(1072) Metaspace: 28955K(29376K)->28955K(29376K) NonClass: 24084K(24256K)->24084K(24256K) Class: 4870K(5120K)->4870K(5120K)
[4063.186s][info][gc             ] GC(1072) Pause Young (Prepare Mixed) (G1 Evacuation Pause) 3624M->1452M(4096M) 118.997ms
[4063.186s][info][gc,cpu         ] GC(1072) User=0.71s Sys=0.00s Real=0.12s
...[4065.560s][info][gc,start       ] GC(1073) Pause Young (Mixed) (G1 Evacuation Pause)
[4065.560s][info][gc,task        ] GC(1073) Using 6 workers of 6 for evacuation
[4065.691s][info][gc,phases      ] GC(1073)   Pre Evacuate Collection Set: 0.37ms
[4065.691s][info][gc,phases      ] GC(1073)   Merge Heap Roots: 0.60ms
[4065.691s][info][gc,phases      ] GC(1073)   Evacuate Collection Set: 129.12ms
[4065.691s][info][gc,phases      ] GC(1073)   Post Evacuate Collection Set: 0.91ms
[4065.691s][info][gc,phases      ] GC(1073)   Other: 0.09ms
[4065.691s][info][gc,heap        ] GC(1073) Eden regions: 1108->0(1119)
[4065.691s][info][gc,heap        ] GC(1073) Survivor regions: 110->109(153)
[4065.691s][info][gc,heap        ] GC(1073) Old regions: 537->473
[4065.691s][info][gc,heap        ] GC(1073) Humongous regions: 80->80
[4065.691s][info][gc,metaspace   ] GC(1073) Metaspace: 28955K(29376K)->28955K(29376K) NonClass: 24084K(24256K)->24084K(24256K) Class: 4870K(5120K)->4870K(5120K)
[4065.691s][info][gc             ] GC(1073) Pause Young (Mixed) (G1 Evacuation Pause) 3668M->1323M(4096M) 131.225ms
[4065.691s][info][gc,cpu         ] GC(1073) User=0.78s Sys=0.00s Real=0.13s
..[4068.123s][info][gc,start       ] GC(1074) Pause Young (Concurrent Start) (G1 Evacuation Pause)
[4068.123s][info][gc,task        ] GC(1074) Using 6 workers of 6 for evacuation
[4068.240s][info][gc,phases      ] GC(1074)   Pre Evacuate Collection Set: 0.40ms
[4068.240s][info][gc,phases      ] GC(1074)   Merge Heap Roots: 0.46ms
[4068.240s][info][gc,phases      ] GC(1074)   Evacuate Collection Set: 115.46ms
[4068.240s][info][gc,phases      ] GC(1074)   Post Evacuate Collection Set: 0.85ms
[4068.240s][info][gc,phases      ] GC(1074)   Other: 0.10ms
[4068.240s][info][gc,heap        ] GC(1074) Eden regions: 1119->0(1119)
[4068.240s][info][gc,heap        ] GC(1074) Survivor regions: 109->109(154)
[4068.240s][info][gc,heap        ] GC(1074) Old regions: 473->505
[4068.240s][info][gc,heap        ] GC(1074) Humongous regions: 80->80
[4068.240s][info][gc,metaspace   ] GC(1074) Metaspace: 28955K(29376K)->28955K(29376K) NonClass: 24084K(24256K)->24084K(24256K) Class: 4870K(5120K)->4870K(5120K)
[4068.240s][info][gc             ] GC(1074) Pause Young (Concurrent Start) (G1 Evacuation Pause) 3561M->1385M(4096M) 117.408ms
[4068.240s][info][gc             ] GC(1075) Concurrent Mark Cycle
[4068.240s][info][gc,marking     ] GC(1075) Concurrent Scan Root Regions
[4068.240s][info][gc,cpu         ] GC(1074) User=0.70s Sys=0.00s Real=0.12s
.[4068.383s][info][gc,marking     ] GC(1075) Concurrent Scan Root Regions 142.495ms
[4068.383s][info][gc,marking     ] GC(1075) Concurrent Mark
[4068.383s][info][gc,marking     ] GC(1075) Concurrent Mark From Roots
[4068.383s][info][gc,task        ] GC(1075) Using 2 workers of 2 for marking
[4069.073s][info][gc,marking     ] GC(1075) Concurrent Mark From Roots 690.294ms
[4069.073s][info][gc,marking     ] GC(1075) Concurrent Preclean
[4069.073s][info][gc,marking     ] GC(1075) Concurrent Preclean 0.141ms
[4069.074s][info][gc,start       ] GC(1075) Pause Remark
[4069.079s][info][gc             ] GC(1075) Pause Remark 2075M->2075M(4096M) 5.675ms
[4069.079s][info][gc,cpu         ] GC(1075) User=0.03s Sys=0.00s Real=0.00s
[4069.081s][info][gc,marking     ] GC(1075) Concurrent Mark 698.205ms
[4069.081s][info][gc,marking     ] GC(1075) Concurrent Rebuild Remembered Sets and Scrub Regions
.[4069.382s][info][gc,marking     ] GC(1075) Concurrent Rebuild Remembered Sets and Scrub Regions 301.431ms
[4069.385s][info][gc,start       ] GC(1075) Pause Cleanup
[4069.385s][info][gc             ] GC(1075) Pause Cleanup 2395M->2395M(4096M) 0.138ms
[4069.385s][info][gc,cpu         ] GC(1075) User=0.00s Sys=0.00s Real=0.00s
[4069.386s][info][gc,marking     ] GC(1075) Concurrent Clear Claimed Marks
[4069.386s][info][gc,marking     ] GC(1075) Concurrent Clear Claimed Marks 0.041ms
[4069.386s][info][gc,marking     ] GC(1075) Concurrent Cleanup for Next Mark
[4069.395s][info][gc,marking     ] GC(1075) Concurrent Cleanup for Next Mark 8.679ms
[4069.395s][info][gc             ] GC(1075) Concurrent Mark Cycle 1154.503ms
.[4070.726s][info][gc,start       ] GC(1076) Pause Young (Prepare Mixed) (G1 Evacuation Pause)
[4070.726s][info][gc,task        ] GC(1076) Using 6 workers of 6 for evacuation
[4070.840s][info][gc,phases      ] GC(1076)   Pre Evacuate Collection Set: 0.35ms
[4070.840s][info][gc,phases      ] GC(1076)   Merge Heap Roots: 0.48ms
[4070.840s][info][gc,phases      ] GC(1076)   Evacuate Collection Set: 112.87ms
[4070.840s][info][gc,phases      ] GC(1076)   Post Evacuate Collection Set: 0.91ms
[4070.840s][info][gc,phases      ] GC(1076)   Other: 0.08ms
[4070.840s][info][gc,heap        ] GC(1076) Eden regions: 1119->0(1114)
[4070.840s][info][gc,heap        ] GC(1076) Survivor regions: 109->107(154)
[4070.840s][info][gc,heap        ] GC(1076) Old regions: 505->537
[4070.840s][info][gc,heap        ] GC(1076) Humongous regions: 80->80
[4070.840s][info][gc,metaspace   ] GC(1076) Metaspace: 28955K(29376K)->28955K(29376K) NonClass: 24084K(24256K)->24084K(24256K) Class: 4870K(5120K)->4870K(5120K)
[4070.840s][info][gc             ] GC(1076) Pause Young (Prepare Mixed) (G1 Evacuation Pause) 3623M->1446M(4096M) 114.835ms
[4070.840s][info][gc,cpu         ] GC(1076) User=0.68s Sys=0.00s Real=0.11s
..[4073.265s][info][gc,start       ] GC(1077) Pause Young (Mixed) (G1 Evacuation Pause)
[4073.265s][info][gc,task        ] GC(1077) Using 6 workers of 6 for evacuation
[4073.399s][info][gc,phases      ] GC(1077)   Pre Evacuate Collection Set: 0.36ms
[4073.399s][info][gc,phases      ] GC(1077)   Merge Heap Roots: 0.70ms
[4073.399s][info][gc,phases      ] GC(1077)   Evacuate Collection Set: 132.10ms
[4073.399s][info][gc,phases      ] GC(1077)   Post Evacuate Collection Set: 0.93ms
[4073.399s][info][gc,phases      ] GC(1077)   Other: 0.09ms
[4073.399s][info][gc,heap        ] GC(1077) Eden regions: 1114->0(1118)
[4073.399s][info][gc,heap        ] GC(1077) Survivor regions: 107->110(153)
[4073.399s][info][gc,heap        ] GC(1077) Old regions: 537->475
[4073.399s][info][gc,heap        ] GC(1077) Humongous regions: 80->80
[4073.399s][info][gc,metaspace   ] GC(1077) Metaspace: 28955K(29376K)->28955K(29376K) NonClass: 24084K(24256K)->24084K(24256K) Class: 4870K(5120K)->4870K(5120K)
[4073.399s][info][gc             ] GC(1077) Pause Young (Mixed) (G1 Evacuation Pause) 3674M->1327M(4096M) 134.336ms
[4073.399s][info][gc,cpu         ] GC(1077) User=0.80s Sys=0.00s Real=0.13s
...[4075.809s][info][gc,start       ] GC(1078) Pause Young (Concurrent Start) (G1 Evacuation Pause)
[4075.809s][info][gc,task        ] GC(1078) Using 6 workers of 6 for evacuation
[4075.925s][info][gc,phases      ] GC(1078)   Pre Evacuate Collection Set: 0.34ms
[4075.925s][info][gc,phases      ] GC(1078)   Merge Heap Roots: 0.46ms
[4075.925s][info][gc,phases      ] GC(1078)   Evacuate Collection Set: 114.29ms
[4075.925s][info][gc,phases      ] GC(1078)   Post Evacuate Collection Set: 0.89ms
[4075.925s][info][gc,phases      ] GC(1078)   Other: 0.10ms
[4075.925s][info][gc,heap        ] GC(1078) Eden regions: 1118->0(1119)
[4075.925s][info][gc,heap        ] GC(1078) Survivor regions: 110->109(154)
[4075.925s][info][gc,heap        ] GC(1078) Old regions: 475->507
[4075.925s][info][gc,heap        ] GC(1078) Humongous regions: 80->80
[4075.925s][info][gc,metaspace   ] GC(1078) Metaspace: 28955K(29376K)->28955K(29376K) NonClass: 24084K(24256K)->24084K(24256K) Class: 4870K(5120K)->4870K(5120K)
[4075.925s][info][gc             ] GC(1078) Pause Young (Concurrent Start) (G1 Evacuation Pause) 3563M->1389M(4096M) 116.203ms
[4075.925s][info][gc             ] GC(1079) Concurrent Mark Cycle
[4075.925s][info][gc,marking     ] GC(1079) Concurrent Scan Root Regions
[4075.925s][info][gc,cpu         ] GC(1078) User=0.69s Sys=0.00s Real=0.12s
[4076.083s][info][gc,marking     ] GC(1079) Concurrent Scan Root Regions 158.519ms
[4076.083s][info][gc,marking     ] GC(1079) Concurrent Mark
[4076.084s][info][gc,marking     ] GC(1079) Concurrent Mark From Roots
[4076.084s][info][gc,task        ] GC(1079) Using 2 workers of 2 for marking
.[4076.874s][info][gc,marking     ] GC(1079) Concurrent Mark From Roots 790.172ms
[4076.874s][info][gc,marking     ] GC(1079) Concurrent Preclean
[4076.874s][info][gc,marking     ] GC(1079) Concurrent Preclean 0.137ms
[4076.876s][info][gc,start       ] GC(1079) Pause Remark
[4076.882s][info][gc             ] GC(1079) Pause Remark 2221M->2221M(4096M) 5.393ms
[4076.882s][info][gc,cpu         ] GC(1079) User=0.03s Sys=0.00s Real=0.00s
[4076.883s][info][gc,marking     ] GC(1079) Concurrent Mark 799.076ms
[4076.883s][info][gc,marking     ] GC(1079) Concurrent Rebuild Remembered Sets and Scrub Regions
[4077.163s][info][gc,marking     ] GC(1079) Concurrent Rebuild Remembered Sets and Scrub Regions 280.079ms
[4077.163s][info][gc,start       ] GC(1079) Pause Cleanup
[4077.163s][info][gc             ] GC(1079) Pause Cleanup 2539M->2539M(4096M) 0.119ms
[4077.163s][info][gc,cpu         ] GC(1079) User=0.00s Sys=0.00s Real=0.00s
[4077.163s][info][gc,marking     ] GC(1079) Concurrent Clear Claimed Marks
[4077.163s][info][gc,marking     ] GC(1079) Concurrent Clear Claimed Marks 0.025ms
[4077.163s][info][gc,marking     ] GC(1079) Concurrent Cleanup for Next Mark
[4077.170s][info][gc,marking     ] GC(1079) Concurrent Cleanup for Next Mark 7.136ms
[4077.170s][info][gc             ] GC(1079) Concurrent Mark Cycle 1245.386ms
.[4078.363s][info][gc,start       ] GC(1080) Pause Young (Prepare Mixed) (G1 Evacuation Pause)
[4078.363s][info][gc,task        ] GC(1080) Using 6 workers of 6 for evacuation
[4078.483s][info][gc,phases      ] GC(1080)   Pre Evacuate Collection Set: 0.33ms
[4078.483s][info][gc,phases      ] GC(1080)   Merge Heap Roots: 0.53ms
[4078.483s][info][gc,phases      ] GC(1080)   Evacuate Collection Set: 118.37ms
[4078.483s][info][gc,phases      ] GC(1080)   Post Evacuate Collection Set: 0.90ms
[4078.483s][info][gc,phases      ] GC(1080)   Other: 0.09ms
[4078.483s][info][gc,heap        ] GC(1080) Eden regions: 1119->0(1104)
[4078.483s][info][gc,heap        ] GC(1080) Survivor regions: 109->112(154)
[4078.483s][info][gc,heap        ] GC(1080) Old regions: 507->537
[4078.483s][info][gc,heap        ] GC(1080) Humongous regions: 80->80
[4078.483s][info][gc,metaspace   ] GC(1080) Metaspace: 28955K(29376K)->28955K(29376K) NonClass: 24084K(24256K)->24084K(24256K) Class: 4870K(5120K)->4870K(5120K)
[4078.483s][info][gc             ] GC(1080) Pause Young (Prepare Mixed) (G1 Evacuation Pause) 3627M->1456M(4096M) 120.366ms
[4078.483s][info][gc,cpu         ] GC(1080) User=0.72s Sys=0.00s Real=0.13s
...[4080.811s][info][gc,start       ] GC(1081) Pause Young (Mixed) (G1 Evacuation Pause)
[4080.811s][info][gc,task        ] GC(1081) Using 6 workers of 6 for evacuation
[4080.942s][info][gc,phases      ] GC(1081)   Pre Evacuate Collection Set: 0.36ms
[4080.942s][info][gc,phases      ] GC(1081)   Merge Heap Roots: 0.66ms
[4080.942s][info][gc,phases      ] GC(1081)   Evacuate Collection Set: 129.03ms
[4080.942s][info][gc,phases      ] GC(1081)   Post Evacuate Collection Set: 0.94ms
[4080.942s][info][gc,phases      ] GC(1081)   Other: 0.09ms
[4080.942s][info][gc,heap        ] GC(1081) Eden regions: 1104->0(1121)
[4080.942s][info][gc,heap        ] GC(1081) Survivor regions: 112->107(152)
[4080.942s][info][gc,heap        ] GC(1081) Old regions: 537->474
[4080.942s][info][gc,heap        ] GC(1081) Humongous regions: 80->80
[4080.942s][info][gc,metaspace   ] GC(1081) Metaspace: 28955K(29376K)->28955K(29376K) NonClass: 24084K(24256K)->24084K(24256K) Class: 4870K(5120K)->4870K(5120K)
[4080.942s][info][gc             ] GC(1081) Pause Young (Mixed) (G1 Evacuation Pause) 3664M->1320M(4096M) 131.212ms
[4080.942s][info][gc,cpu         ] GC(1081) User=0.78s Sys=0.00s Real=0.13s
..[4083.419s][info][gc,start       ] GC(1082) Pause Young (Concurrent Start) (G1 Evacuation Pause)
[4083.419s][info][gc,task        ] GC(1082) Using 6 workers of 6 for evacuation
[4083.541s][info][gc,phases      ] GC(1082)   Pre Evacuate Collection Set: 0.39ms
[4083.541s][info][gc,phases      ] GC(1082)   Merge Heap Roots: 0.48ms
[4083.541s][info][gc,phases      ] GC(1082)   Evacuate Collection Set: 120.32ms
[4083.541s][info][gc,phases      ] GC(1082)   Post Evacuate Collection Set: 0.87ms
[4083.541s][info][gc,phases      ] GC(1082)   Other: 0.11ms
[4083.541s][info][gc,heap        ] GC(1082) Eden regions: 1121->0(1115)
[4083.541s][info][gc,heap        ] GC(1082) Survivor regions: 107->113(154)
[4083.541s][info][gc,heap        ] GC(1082) Old regions: 474->507
[4083.541s][info][gc,heap        ] GC(1082) Humongous regions: 80->80
[4083.541s][info][gc,metaspace   ] GC(1082) Metaspace: 28955K(29376K)->28955K(29376K) NonClass: 24084K(24256K)->24084K(24256K) Class: 4870K(5120K)->4870K(5120K)
[4083.541s][info][gc             ] GC(1082) Pause Young (Concurrent Start) (G1 Evacuation Pause) 3562M->1397M(4096M) 122.331ms
[4083.541s][info][gc             ] GC(1083) Concurrent Mark Cycle
[4083.541s][info][gc,marking     ] GC(1083) Concurrent Scan Root Regions
[4083.541s][info][gc,cpu         ] GC(1082) User=0.73s Sys=0.00s Real=0.12s
.[4083.691s][info][gc,marking     ] GC(1083) Concurrent Scan Root Regions 149.907ms
[4083.691s][info][gc,marking     ] GC(1083) Concurrent Mark
[4083.691s][info][gc,marking     ] GC(1083) Concurrent Mark From Roots
[4083.691s][info][gc,task        ] GC(1083) Using 2 workers of 2 for marking
[4084.386s][info][gc,marking     ] GC(1083) Concurrent Mark From Roots 695.009ms
[4084.386s][info][gc,marking     ] GC(1083) Concurrent Preclean
[4084.386s][info][gc,marking     ] GC(1083) Concurrent Preclean 0.103ms
[4084.387s][info][gc,start       ] GC(1083) Pause Remark
[4084.391s][info][gc             ] GC(1083) Pause Remark 2153M->2153M(4096M) 4.329ms
[4084.391s][info][gc,cpu         ] GC(1083) User=0.02s Sys=0.00s Real=0.00s
[4084.392s][info][gc,marking     ] GC(1083) Concurrent Mark 700.416ms
[4084.392s][info][gc,marking     ] GC(1083) Concurrent Rebuild Remembered Sets and Scrub Regions
.[4084.655s][info][gc,marking     ] GC(1083) Concurrent Rebuild Remembered Sets and Scrub Regions 263.152ms
[4084.655s][info][gc,start       ] GC(1083) Pause Cleanup
[4084.655s][info][gc             ] GC(1083) Pause Cleanup 2406M->2406M(4096M) 0.132ms
[4084.655s][info][gc,cpu         ] GC(1083) User=0.00s Sys=0.00s Real=0.00s
[4084.655s][info][gc,marking     ] GC(1083) Concurrent Clear Claimed Marks
[4084.655s][info][gc,marking     ] GC(1083) Concurrent Clear Claimed Marks 0.028ms
[4084.655s][info][gc,marking     ] GC(1083) Concurrent Cleanup for Next Mark
[4084.666s][info][gc,marking     ] GC(1083) Concurrent Cleanup for Next Mark 9.999ms
[4084.666s][info][gc             ] GC(1083) Concurrent Mark Cycle 1124.458ms
.[4085.969s][info][gc,start       ] GC(1084) Pause Young (Prepare Mixed) (G1 Evacuation Pause)
[4085.969s][info][gc,task        ] GC(1084) Using 6 workers of 6 for evacuation
[4086.086s][info][gc,phases      ] GC(1084)   Pre Evacuate Collection Set: 0.30ms
[4086.086s][info][gc,phases      ] GC(1084)   Merge Heap Roots: 0.49ms
[4086.086s][info][gc,phases      ] GC(1084)   Evacuate Collection Set: 116.04ms
[4086.086s][info][gc,phases      ] GC(1084)   Post Evacuate Collection Set: 0.89ms
[4086.086s][info][gc,phases      ] GC(1084)   Other: 0.08ms
[4086.086s][info][gc,heap        ] GC(1084) Eden regions: 1115->0(1107)
[4086.086s][info][gc,heap        ] GC(1084) Survivor regions: 113->110(154)
[4086.086s][info][gc,heap        ] GC(1084) Old regions: 507->538
[4086.086s][info][gc,heap        ] GC(1084) Humongous regions: 80->80
[4086.086s][info][gc,metaspace   ] GC(1084) Metaspace: 28955K(29376K)->28955K(29376K) NonClass: 24084K(24256K)->24084K(24256K) Class: 4870K(5120K)->4870K(5120K)
[4086.086s][info][gc             ] GC(1084) Pause Young (Prepare Mixed) (G1 Evacuation Pause) 3627M->1454M(4096M) 117.935ms
[4086.086s][info][gc,cpu         ] GC(1084) User=0.70s Sys=0.00s Real=0.12s
..[4088.526s][info][gc,start       ] GC(1085) Pause Young (Mixed) (G1 Evacuation Pause)
[4088.526s][info][gc,task        ] GC(1085) Using 6 workers of 6 for evacuation
[4088.656s][info][gc,phases      ] GC(1085)   Pre Evacuate Collection Set: 0.34ms
[4088.656s][info][gc,phases      ] GC(1085)   Merge Heap Roots: 0.63ms
[4088.656s][info][gc,phases      ] GC(1085)   Evacuate Collection Set: 128.34ms
[4088.656s][info][gc,phases      ] GC(1085)   Post Evacuate Collection Set: 0.95ms
[4088.656s][info][gc,phases      ] GC(1085)   Other: 0.09ms
[4088.656s][info][gc,heap        ] GC(1085) Eden regions: 1107->0(1118)
[4088.656s][info][gc,heap        ] GC(1085) Survivor regions: 110->110(153)
[4088.656s][info][gc,heap        ] GC(1085) Old regions: 538->475
[4088.656s][info][gc,heap        ] GC(1085) Humongous regions: 80->80
[4088.656s][info][gc,metaspace   ] GC(1085) Metaspace: 28955K(29376K)->28955K(29376K) NonClass: 24084K(24256K)->24084K(24256K) Class: 4870K(5120K)->4870K(5120K)
[4088.656s][info][gc             ] GC(1085) Pause Young (Mixed) (G1 Evacuation Pause) 3668M->1328M(4096M) 130.496ms
[4088.656s][info][gc,cpu         ] GC(1085) User=0.77s Sys=0.00s Real=0.13s
...[4091.011s][info][gc,start       ] GC(1086) Pause Young (Concurrent Start) (G1 Evacuation Pause)
[4091.011s][info][gc,task        ] GC(1086) Using 6 workers of 6 for evacuation
[4091.128s][info][gc,phases      ] GC(1086)   Pre Evacuate Collection Set: 0.34ms
[4091.128s][info][gc,phases      ] GC(1086)   Merge Heap Roots: 0.46ms
[4091.128s][info][gc,phases      ] GC(1086)   Evacuate Collection Set: 115.12ms
[4091.128s][info][gc,phases      ] GC(1086)   Post Evacuate Collection Set: 0.89ms
[4091.128s][info][gc,phases      ] GC(1086)   Other: 0.11ms
[4091.128s][info][gc,heap        ] GC(1086) Eden regions: 1118->0(1120)
[4091.128s][info][gc,heap        ] GC(1086) Survivor regions: 110->108(154)
[4091.128s][info][gc,heap        ] GC(1086) Old regions: 475->507
[4091.128s][info][gc,heap        ] GC(1086) Humongous regions: 80->80
[4091.128s][info][gc,metaspace   ] GC(1086) Metaspace: 28955K(29376K)->28955K(29376K) NonClass: 24084K(24256K)->24084K(24256K) Class: 4870K(5120K)->4870K(5120K)
[4091.128s][info][gc             ] GC(1086) Pause Young (Concurrent Start) (G1 Evacuation Pause) 3564M->1388M(4096M) 117.048ms
[4091.128s][info][gc             ] GC(1087) Concurrent Mark Cycle
[4091.128s][info][gc,marking     ] GC(1087) Concurrent Scan Root Regions
[4091.128s][info][gc,cpu         ] GC(1086) User=0.69s Sys=0.00s Real=0.12s
[4091.276s][info][gc,marking     ] GC(1087) Concurrent Scan Root Regions 148.125ms
[4091.276s][info][gc,marking     ] GC(1087) Concurrent Mark
[4091.276s][info][gc,marking     ] GC(1087) Concurrent Mark From Roots
[4091.276s][info][gc,task        ] GC(1087) Using 2 workers of 2 for marking
.[4091.980s][info][gc,marking     ] GC(1087) Concurrent Mark From Roots 704.137ms
[4091.980s][info][gc,marking     ] GC(1087) Concurrent Preclean
[4091.980s][info][gc,marking     ] GC(1087) Concurrent Preclean 0.102ms
[4091.980s][info][gc,start       ] GC(1087) Pause Remark
[4091.988s][info][gc             ] GC(1087) Pause Remark 2193M->2193M(4096M) 7.192ms
[4091.988s][info][gc,cpu         ] GC(1087) User=0.04s Sys=0.00s Real=0.01s
[4091.988s][info][gc,marking     ] GC(1087) Concurrent Mark 711.721ms
[4091.988s][info][gc,marking     ] GC(1087) Concurrent Rebuild Remembered Sets and Scrub Regions
[4092.260s][info][gc,marking     ] GC(1087) Concurrent Rebuild Remembered Sets and Scrub Regions 272.016ms
[4092.260s][info][gc,start       ] GC(1087) Pause Cleanup
[4092.260s][info][gc             ] GC(1087) Pause Cleanup 2431M->2431M(4096M) 0.109ms
[4092.260s][info][gc,cpu         ] GC(1087) User=0.00s Sys=0.00s Real=0.00s
[4092.260s][info][gc,marking     ] GC(1087) Concurrent Clear Claimed Marks
[4092.260s][info][gc,marking     ] GC(1087) Concurrent Clear Claimed Marks 0.022ms
[4092.260s][info][gc,marking     ] GC(1087) Concurrent Cleanup for Next Mark
[4092.264s][info][gc,marking     ] GC(1087) Concurrent Cleanup for Next Mark 4.078ms
[4092.264s][info][gc             ] GC(1087) Concurrent Mark Cycle 1136.433ms
.[4093.606s][info][gc,start       ] GC(1088) Pause Young (Prepare Mixed) (G1 Evacuation Pause)
[4093.606s][info][gc,task        ] GC(1088) Using 6 workers of 6 for evacuation
[4093.727s][info][gc,phases      ] GC(1088)   Pre Evacuate Collection Set: 0.31ms
[4093.727s][info][gc,phases      ] GC(1088)   Merge Heap Roots: 0.49ms
[4093.727s][info][gc,phases      ] GC(1088)   Evacuate Collection Set: 119.15ms
[4093.727s][info][gc,phases      ] GC(1088)   Post Evacuate Collection Set: 0.90ms
[4093.727s][info][gc,phases      ] GC(1088)   Other: 0.09ms
[4093.727s][info][gc,heap        ] GC(1088) Eden regions: 1120->0(1100)
[4093.727s][info][gc,heap        ] GC(1088) Survivor regions: 108->113(154)
[4093.727s][info][gc,heap        ] GC(1088) Old regions: 507->539
[4093.727s][info][gc,heap        ] GC(1088) Humongous regions: 80->80
[4093.727s][info][gc,metaspace   ] GC(1088) Metaspace: 28955K(29376K)->28955K(29376K) NonClass: 24084K(24256K)->24084K(24256K) Class: 4870K(5120K)->4870K(5120K)
[4093.727s][info][gc             ] GC(1088) Pause Young (Prepare Mixed) (G1 Evacuation Pause) 3628M->1462M(4096M) 121.090ms
[4093.727s][info][gc,cpu         ] GC(1088) User=0.72s Sys=0.00s Real=0.12s
...[4096.131s][info][gc,start       ] GC(1089) Pause Young (Mixed) (G1 Evacuation Pause)
[4096.132s][info][gc,task        ] GC(1089) Using 6 workers of 6 for evacuation
[4096.263s][info][gc,phases      ] GC(1089)   Pre Evacuate Collection Set: 0.35ms
[4096.263s][info][gc,phases      ] GC(1089)   Merge Heap Roots: 0.70ms
[4096.263s][info][gc,phases      ] GC(1089)   Evacuate Collection Set: 129.44ms
[4096.263s][info][gc,phases      ] GC(1089)   Post Evacuate Collection Set: 0.91ms
[4096.263s][info][gc,phases      ] GC(1089)   Other: 0.09ms
[4096.263s][info][gc,heap        ] GC(1089) Eden regions: 1100->0(1119)
[4096.263s][info][gc,heap        ] GC(1089) Survivor regions: 113->109(152)
[4096.263s][info][gc,heap        ] GC(1089) Old regions: 539->475
[4096.263s][info][gc,heap        ] GC(1089) Humongous regions: 80->80
[4096.263s][info][gc,metaspace   ] GC(1089) Metaspace: 28955K(29376K)->28955K(29376K) NonClass: 24084K(24256K)->24084K(24256K) Class: 4870K(5120K)->4870K(5120K)
[4096.263s][info][gc             ] GC(1089) Pause Young (Mixed) (G1 Evacuation Pause) 3662M->1325M(4096M) 131.604ms
[4096.263s][info][gc,cpu         ] GC(1089) User=0.79s Sys=0.00s Real=0.13s
..[4098.678s][info][gc,start       ] GC(1090) Pause Young (Concurrent Start) (G1 Evacuation Pause)
[4098.678s][info][gc,task        ] GC(1090) Using 6 workers of 6 for evacuation
[4098.800s][info][gc,phases      ] GC(1090)   Pre Evacuate Collection Set: 0.39ms
[4098.800s][info][gc,phases      ] GC(1090)   Merge Heap Roots: 0.47ms
[4098.800s][info][gc,phases      ] GC(1090)   Evacuate Collection Set: 120.00ms
[4098.800s][info][gc,phases      ] GC(1090)   Post Evacuate Collection Set: 0.88ms
[4098.800s][info][gc,phases      ] GC(1090)   Other: 0.13ms
[4098.800s][info][gc,heap        ] GC(1090) Eden regions: 1119->0(1115)
[4098.800s][info][gc,heap        ] GC(1090) Survivor regions: 109->113(154)
[4098.800s][info][gc,heap        ] GC(1090) Old regions: 475->507
[4098.800s][info][gc,heap        ] GC(1090) Humongous regions: 80->80
[4098.800s][info][gc,metaspace   ] GC(1090) Metaspace: 28955K(29376K)->28955K(29376K) NonClass: 24084K(24256K)->24084K(24256K) Class: 4870K(5120K)->4870K(5120K)
[4098.800s][info][gc             ] GC(1090) Pause Young (Concurrent Start) (G1 Evacuation Pause) 3563M->1398M(4096M) 122.030ms
[4098.800s][info][gc             ] GC(1091) Concurrent Mark Cycle
[4098.800s][info][gc,marking     ] GC(1091) Concurrent Scan Root Regions
[4098.800s][info][gc,cpu         ] GC(1090) User=0.73s Sys=0.00s Real=0.12s
.[4098.988s][info][gc,marking     ] GC(1091) Concurrent Scan Root Regions 187.436ms
[4098.988s][info][gc,marking     ] GC(1091) Concurrent Mark
[4098.988s][info][gc,marking     ] GC(1091) Concurrent Mark From Roots
[4098.988s][info][gc,task        ] GC(1091) Using 2 workers of 2 for marking
.[4100.013s][info][gc,marking     ] GC(1091) Concurrent Mark From Roots 1025.028ms
[4100.013s][info][gc,marking     ] GC(1091) Concurrent Preclean
[4100.013s][info][gc,marking     ] GC(1091) Concurrent Preclean 0.150ms
[4100.014s][info][gc,start       ] GC(1091) Pause Remark
[4100.021s][info][gc             ] GC(1091) Pause Remark 2532M->2532M(4096M) 6.375ms
[4100.021s][info][gc,cpu         ] GC(1091) User=0.03s Sys=0.00s Real=0.00s
[4100.022s][info][gc,marking     ] GC(1091) Concurrent Mark 1033.960ms
[4100.022s][info][gc,marking     ] GC(1091) Concurrent Rebuild Remembered Sets and Scrub Regions
[4100.282s][info][gc,marking     ] GC(1091) Concurrent Rebuild Remembered Sets and Scrub Regions 260.732ms
[4100.284s][info][gc,start       ] GC(1091) Pause Cleanup
[4100.284s][info][gc             ] GC(1091) Pause Cleanup 2782M->2782M(4096M) 0.124ms
[4100.284s][info][gc,cpu         ] GC(1091) User=0.00s Sys=0.00s Real=0.00s
[4100.284s][info][gc,marking     ] GC(1091) Concurrent Clear Claimed Marks
[4100.284s][info][gc,marking     ] GC(1091) Concurrent Clear Claimed Marks 0.028ms
[4100.284s][info][gc,marking     ] GC(1091) Concurrent Cleanup for Next Mark
[4100.289s][info][gc,marking     ] GC(1091) Concurrent Cleanup for Next Mark 5.003ms
[4100.289s][info][gc             ] GC(1091) Concurrent Mark Cycle 1488.805ms
.[4101.150s][info][gc,start       ] GC(1092) Pause Young (Prepare Mixed) (G1 Evacuation Pause)
[4101.150s][info][gc,task        ] GC(1092) Using 6 workers of 6 for evacuation
[4101.264s][info][gc,phases      ] GC(1092)   Pre Evacuate Collection Set: 0.34ms
[4101.265s][info][gc,phases      ] GC(1092)   Merge Heap Roots: 0.50ms
[4101.265s][info][gc,phases      ] GC(1092)   Evacuate Collection Set: 112.14ms
[4101.265s][info][gc,phases      ] GC(1092)   Post Evacuate Collection Set: 0.92ms
[4101.265s][info][gc,phases      ] GC(1092)   Other: 0.09ms
[4101.265s][info][gc,heap        ] GC(1092) Eden regions: 1115->0(1108)
[4101.265s][info][gc,heap        ] GC(1092) Survivor regions: 113->109(154)
[4101.265s][info][gc,heap        ] GC(1092) Old regions: 507->539
[4101.265s][info][gc,heap        ] GC(1092) Humongous regions: 80->80
[4101.265s][info][gc,metaspace   ] GC(1092) Metaspace: 28955K(29376K)->28955K(29376K) NonClass: 24084K(24256K)->24084K(24256K) Class: 4870K(5120K)->4870K(5120K)
[4101.265s][info][gc             ] GC(1092) Pause Young (Prepare Mixed) (G1 Evacuation Pause) 3628M->1453M(4096M) 114.142ms
[4101.265s][info][gc,cpu         ] GC(1092) User=0.67s Sys=0.00s Real=0.12s
..[4103.749s][info][gc,start       ] GC(1093) Pause Young (Mixed) (G1 Evacuation Pause)
[4103.749s][info][gc,task        ] GC(1093) Using 6 workers of 6 for evacuation
[4103.879s][info][gc,phases      ] GC(1093)   Pre Evacuate Collection Set: 0.37ms
[4103.879s][info][gc,phases      ] GC(1093)   Merge Heap Roots: 0.63ms
[4103.879s][info][gc,phases      ] GC(1093)   Evacuate Collection Set: 128.43ms
[4103.879s][info][gc,phases      ] GC(1093)   Post Evacuate Collection Set: 0.93ms
[4103.879s][info][gc,phases      ] GC(1093)   Other: 0.09ms
[4103.879s][info][gc,heap        ] GC(1093) Eden regions: 1108->0(1121)
[4103.879s][info][gc,heap        ] GC(1093) Survivor regions: 109->107(153)
[4103.879s][info][gc,heap        ] GC(1093) Old regions: 539->474
[4103.879s][info][gc,heap        ] GC(1093) Humongous regions: 80->80
[4103.879s][info][gc,metaspace   ] GC(1093) Metaspace: 28955K(29376K)->28955K(29376K) NonClass: 24084K(24256K)->24084K(24256K) Class: 4870K(5120K)->4870K(5120K)
[4103.879s][info][gc             ] GC(1093) Pause Young (Mixed) (G1 Evacuation Pause) 3669M->1320M(4096M) 130.586ms
[4103.879s][info][gc,cpu         ] GC(1093) User=0.78s Sys=0.00s Real=0.13s
...[4106.291s][info][gc,start       ] GC(1094) Pause Young (Concurrent Start) (G1 Evacuation Pause)
[4106.291s][info][gc,task        ] GC(1094) Using 6 workers of 6 for evacuation
[4106.411s][info][gc,phases      ] GC(1094)   Pre Evacuate Collection Set: 0.37ms
[4106.411s][info][gc,phases      ] GC(1094)   Merge Heap Roots: 0.44ms
[4106.411s][info][gc,phases      ] GC(1094)   Evacuate Collection Set: 118.19ms
[4106.411s][info][gc,phases      ] GC(1094)   Post Evacuate Collection Set: 0.83ms
[4106.411s][info][gc,phases      ] GC(1094)   Other: 0.12ms
[4106.411s][info][gc,heap        ] GC(1094) Eden regions: 1121->0(1116)
[4106.411s][info][gc,heap        ] GC(1094) Survivor regions: 107->112(154)
[4106.411s][info][gc,heap        ] GC(1094) Old regions: 474->505
[4106.411s][info][gc,heap        ] GC(1094) Humongous regions: 80->80
[4106.411s][info][gc,metaspace   ] GC(1094) Metaspace: 28955K(29376K)->28955K(29376K) NonClass: 24084K(24256K)->24084K(24256K) Class: 4870K(5120K)->4870K(5120K)
[4106.411s][info][gc             ] GC(1094) Pause Young (Concurrent Start) (G1 Evacuation Pause) 3562M->1392M(4096M) 120.077ms
[4106.411s][info][gc             ] GC(1095) Concurrent Mark Cycle
[4106.411s][info][gc,marking     ] GC(1095) Concurrent Scan Root Regions
[4106.411s][info][gc,cpu         ] GC(1094) User=0.72s Sys=0.00s Real=0.12s
[4106.597s][info][gc,marking     ] GC(1095) Concurrent Scan Root Regions 186.441ms
[4106.597s][info][gc,marking     ] GC(1095) Concurrent Mark
[4106.597s][info][gc,marking     ] GC(1095) Concurrent Mark From Roots
[4106.597s][info][gc,task        ] GC(1095) Using 2 workers of 2 for marking
.[4107.516s][info][gc,marking     ] GC(1095) Concurrent Mark From Roots 918.999ms
[4107.516s][info][gc,marking     ] GC(1095) Concurrent Preclean
[4107.517s][info][gc,marking     ] GC(1095) Concurrent Preclean 0.208ms
[4107.519s][info][gc,start       ] GC(1095) Pause Remark
[4107.525s][info][gc             ] GC(1095) Pause Remark 2410M->2410M(4096M) 6.290ms
[4107.525s][info][gc,cpu         ] GC(1095) User=0.04s Sys=0.00s Real=0.01s
[4107.526s][info][gc,marking     ] GC(1095) Concurrent Mark 928.131ms
[4107.526s][info][gc,marking     ] GC(1095) Concurrent Rebuild Remembered Sets and Scrub Regions
[4107.903s][info][gc,marking     ] GC(1095) Concurrent Rebuild Remembered Sets and Scrub Regions 376.957ms
[4107.903s][info][gc,start       ] GC(1095) Pause Cleanup
[4107.903s][info][gc             ] GC(1095) Pause Cleanup 2768M->2768M(4096M) 0.107ms
[4107.903s][info][gc,cpu         ] GC(1095) User=0.00s Sys=0.00s Real=0.00s
[4107.903s][info][gc,marking     ] GC(1095) Concurrent Clear Claimed Marks
[4107.903s][info][gc,marking     ] GC(1095) Concurrent Clear Claimed Marks 0.029ms
[4107.903s][info][gc,marking     ] GC(1095) Concurrent Cleanup for Next Mark
[4107.907s][info][gc,marking     ] GC(1095) Concurrent Cleanup for Next Mark 4.421ms
[4107.907s][info][gc             ] GC(1095) Concurrent Mark Cycle 1496.443ms
.[4108.916s][info][gc,start       ] GC(1096) Pause Young (Prepare Mixed) (G1 Evacuation Pause)
[4108.916s][info][gc,task        ] GC(1096) Using 6 workers of 6 for evacuation
[4109.039s][info][gc,phases      ] GC(1096)   Pre Evacuate Collection Set: 0.30ms
[4109.039s][info][gc,phases      ] GC(1096)   Merge Heap Roots: 0.62ms
[4109.039s][info][gc,phases      ] GC(1096)   Evacuate Collection Set: 120.35ms
[4109.039s][info][gc,phases      ] GC(1096)   Post Evacuate Collection Set: 0.93ms
[4109.039s][info][gc,phases      ] GC(1096)   Other: 0.87ms
[4109.039s][info][gc,heap        ] GC(1096) Eden regions: 1116->0(1104)
[4109.039s][info][gc,heap        ] GC(1096) Survivor regions: 112->112(154)
[4109.039s][info][gc,heap        ] GC(1096) Old regions: 505->537
[4109.039s][info][gc,heap        ] GC(1096) Humongous regions: 80->80
[4109.039s][info][gc,metaspace   ] GC(1096) Metaspace: 28955K(29376K)->28955K(29376K) NonClass: 24084K(24256K)->24084K(24256K) Class: 4870K(5120K)->4870K(5120K)
[4109.039s][info][gc             ] GC(1096) Pause Young (Prepare Mixed) (G1 Evacuation Pause) 3624M->1456M(4096M) 123.198ms
[4109.039s][info][gc,cpu         ] GC(1096) User=0.73s Sys=0.00s Real=0.12s
...[4111.396s][info][gc,start       ] GC(1097) Pause Young (Mixed) (G1 Evacuation Pause)
[4111.396s][info][gc,task        ] GC(1097) Using 6 workers of 6 for evacuation
[4111.530s][info][gc,phases      ] GC(1097)   Pre Evacuate Collection Set: 0.33ms
[4111.531s][info][gc,phases      ] GC(1097)   Merge Heap Roots: 0.71ms
[4111.531s][info][gc,phases      ] GC(1097)   Evacuate Collection Set: 132.36ms
[4111.531s][info][gc,phases      ] GC(1097)   Post Evacuate Collection Set: 0.90ms
[4111.531s][info][gc,phases      ] GC(1097)   Other: 0.08ms
[4111.531s][info][gc,heap        ] GC(1097) Eden regions: 1104->0(1118)
[4111.531s][info][gc,heap        ] GC(1097) Survivor regions: 112->110(152)
[4111.531s][info][gc,heap        ] GC(1097) Old regions: 537->473
[4111.531s][info][gc,heap        ] GC(1097) Humongous regions: 80->80
[4111.531s][info][gc,metaspace   ] GC(1097) Metaspace: 28955K(29376K)->28955K(29376K) NonClass: 24084K(24256K)->24084K(24256K) Class: 4870K(5120K)->4870K(5120K)
[4111.531s][info][gc             ] GC(1097) Pause Young (Mixed) (G1 Evacuation Pause) 3664M->1325M(4096M) 134.523ms
[4111.531s][info][gc,cpu         ] GC(1097) User=0.80s Sys=0.00s Real=0.13s
..[4113.923s][info][gc,start       ] GC(1098) Pause Young (Concurrent Start) (G1 Evacuation Pause)
[4113.923s][info][gc,task        ] GC(1098) Using 6 workers of 6 for evacuation
[4114.045s][info][gc,phases      ] GC(1098)   Pre Evacuate Collection Set: 0.39ms
[4114.045s][info][gc,phases      ] GC(1098)   Merge Heap Roots: 0.51ms
[4114.045s][info][gc,phases      ] GC(1098)   Evacuate Collection Set: 119.14ms
[4114.045s][info][gc,phases      ] GC(1098)   Post Evacuate Collection Set: 0.88ms
[4114.045s][info][gc,phases      ] GC(1098)   Other: 0.89ms
[4114.045s][info][gc,heap        ] GC(1098) Eden regions: 1118->0(1117)
[4114.045s][info][gc,heap        ] GC(1098) Survivor regions: 110->111(154)
[4114.045s][info][gc,heap        ] GC(1098) Old regions: 473->506
[4114.045s][info][gc,heap        ] GC(1098) Humongous regions: 80->80
[4114.045s][info][gc,metaspace   ] GC(1098) Metaspace: 28955K(29376K)->28955K(29376K) NonClass: 24084K(24256K)->24084K(24256K) Class: 4870K(5120K)->4870K(5120K)
[4114.045s][info][gc             ] GC(1098) Pause Young (Concurrent Start) (G1 Evacuation Pause) 3561M->1392M(4096M) 121.944ms
[4114.045s][info][gc             ] GC(1099) Concurrent Mark Cycle
[4114.045s][info][gc,marking     ] GC(1099) Concurrent Scan Root Regions
[4114.045s][info][gc,cpu         ] GC(1098) User=0.72s Sys=0.00s Real=0.13s
.[4114.285s][info][gc,marking     ] GC(1099) Concurrent Scan Root Regions 240.396ms
[4114.285s][info][gc,marking     ] GC(1099) Concurrent Mark
[4114.285s][info][gc,marking     ] GC(1099) Concurrent Mark From Roots
[4114.285s][info][gc,task        ] GC(1099) Using 2 workers of 2 for marking
[4114.894s][info][gc,marking     ] GC(1099) Concurrent Mark From Roots 609.100ms
[4114.895s][info][gc,marking     ] GC(1099) Concurrent Preclean
[4114.895s][info][gc,marking     ] GC(1099) Concurrent Preclean 0.125ms
[4114.896s][info][gc,start       ] GC(1099) Pause Remark
[4114.901s][info][gc             ] GC(1099) Pause Remark 2134M->2134M(4096M) 5.335ms
[4114.902s][info][gc,cpu         ] GC(1099) User=0.03s Sys=0.00s Real=0.00s
[4114.902s][info][gc,marking     ] GC(1099) Concurrent Mark 616.215ms
[4114.902s][info][gc,marking     ] GC(1099) Concurrent Rebuild Remembered Sets and Scrub Regions
[4115.115s][info][gc,marking     ] GC(1099) Concurrent Rebuild Remembered Sets and Scrub Regions 213.482ms
[4115.116s][info][gc,start       ] GC(1099) Pause Cleanup
[4115.116s][info][gc             ] GC(1099) Pause Cleanup 2330M->2330M(4096M) 0.117ms
[4115.116s][info][gc,cpu         ] GC(1099) User=0.00s Sys=0.00s Real=0.00s
[4115.116s][info][gc,marking     ] GC(1099) Concurrent Clear Claimed Marks
[4115.116s][info][gc,marking     ] GC(1099) Concurrent Clear Claimed Marks 0.022ms
[4115.116s][info][gc,marking     ] GC(1099) Concurrent Cleanup for Next Mark
[4115.133s][info][gc,marking     ] GC(1099) Concurrent Cleanup for Next Mark 16.876ms
[4115.133s][info][gc             ] GC(1099) Concurrent Mark Cycle 1087.909ms
..[4116.504s][info][gc,start       ] GC(1100) Pause Young (Prepare Mixed) (G1 Evacuation Pause)
[4116.504s][info][gc,task        ] GC(1100) Using 6 workers of 6 for evacuation
[4116.623s][info][gc,phases      ] GC(1100)   Pre Evacuate Collection Set: 0.32ms
[4116.623s][info][gc,phases      ] GC(1100)   Merge Heap Roots: 0.48ms
[4116.623s][info][gc,phases      ] GC(1100)   Evacuate Collection Set: 116.60ms
[4116.623s][info][gc,phases      ] GC(1100)   Post Evacuate Collection Set: 0.91ms
[4116.623s][info][gc,phases      ] GC(1100)   Other: 0.08ms
[4116.623s][info][gc,heap        ] GC(1100) Eden regions: 1117->0(1105)
[4116.623s][info][gc,heap        ] GC(1100) Survivor regions: 111->111(154)
[4116.623s][info][gc,heap        ] GC(1100) Old regions: 506->538
[4116.623s][info][gc,heap        ] GC(1100) Humongous regions: 80->80
[4116.623s][info][gc,metaspace   ] GC(1100) Metaspace: 28955K(29376K)->28955K(29376K) NonClass: 24084K(24256K)->24084K(24256K) Class: 4870K(5120K)->4870K(5120K)
[4116.623s][info][gc             ] GC(1100) Pause Young (Prepare Mixed) (G1 Evacuation Pause) 3626M->1457M(4096M) 118.517ms
[4116.623s][info][gc,cpu         ] GC(1100) User=0.71s Sys=0.00s Real=0.11s
.. (rIR:aIR:PR = 7334:7332:7333) (tPR = 108080) [OK] 
  4118s: Performance info:
         Transaction,    Success,    Partial,     Failed,   Receipts, AvgBarcode, 
             Overall,     447160,          0,          0,     424673,      59.47, 
         Response times:
             Request,    Success,    Partial,     Failed,   SkipFail,     Probes,    Samples,      min,      p50,      p90,      p95,      p99,      max, 
       TotalPurchase,     424672,          0,          0,          0,     360866,     429700,      300,     6100,    67000,   102000,   161000,   428000,
     InStorePurchase,     223607,          0,          0,          0,     189357,     225490,      300,     6000,    66000,   100000,   160000,   428000,
      OnlinePurchase,     156339,          0,          0,          0,     133029,     158149,      300,     6400,    69000,   103000,   164000,   425000,
        InstPurchase,      44726,          0,          0,          0,      38480,      46061,      400,     6000,    69000,   101000,   160000,   294000,
          AssocOfCat,        445,          0,          0,          0,        352,        513,    24000,    43000,   118600,   154000,   214000,   280000,
      AssocOfProduct,       4478,          0,          0,          0,       4165,       5133,      500,     6600,    67000,   106300,   153640,   241000,
      BusinessReport,       1119,          0,          0,          0,        955,       1248,    24000,    42000,   114100,   157000,   219040,   291000,
          CustBuyBeh,       4467,          0,          0,          0,       4202,       5197,      100,     6200,    68200,   106000,   161040,   241000,
       ProductReturn,      11932,          0,          0,          0,      10125,      12175,      200,     6300,    66000,   102000,   163000,   256000,

  4118s: (54%)   IR =   7472 [4118.992s][info][gc,start       ] GC(1101) Pause Young (Mixed) (G1 Evacuation Pause)
[4118.992s][info][gc,task        ] GC(1101) Using 6 workers of 6 for evacuation
[4119.125s][info][gc,phases      ] GC(1101)   Pre Evacuate Collection Set: 0.40ms
[4119.125s][info][gc,phases      ] GC(1101)   Merge Heap Roots: 0.76ms
[4119.125s][info][gc,phases      ] GC(1101)   Evacuate Collection Set: 130.02ms
[4119.125s][info][gc,phases      ] GC(1101)   Post Evacuate Collection Set: 0.95ms
[4119.125s][info][gc,phases      ] GC(1101)   Other: 0.85ms
[4119.125s][info][gc,heap        ] GC(1101) Eden regions: 1105->0(1119)
[4119.125s][info][gc,heap        ] GC(1101) Survivor regions: 111->109(152)
[4119.125s][info][gc,heap        ] GC(1101) Old regions: 538->475
[4119.125s][info][gc,heap        ] GC(1101) Humongous regions: 80->80
[4119.125s][info][gc,metaspace   ] GC(1101) Metaspace: 28955K(29376K)->28955K(29376K) NonClass: 24084K(24256K)->24084K(24256K) Class: 4870K(5120K)->4870K(5120K)
[4119.125s][info][gc             ] GC(1101) Pause Young (Mixed) (G1 Evacuation Pause) 3667M->1327M(4096M) 133.119ms
[4119.125s][info][gc,cpu         ] GC(1101) User=0.79s Sys=0.00s Real=0.14s
...[4121.529s][info][gc,start       ] GC(1102) Pause Young (Concurrent Start) (G1 Evacuation Pause)
[4121.529s][info][gc,task        ] GC(1102) Using 6 workers of 6 for evacuation
[4121.648s][info][gc,phases      ] GC(1102)   Pre Evacuate Collection Set: 0.42ms
[4121.648s][info][gc,phases      ] GC(1102)   Merge Heap Roots: 0.45ms
[4121.648s][info][gc,phases      ] GC(1102)   Evacuate Collection Set: 117.19ms
[4121.648s][info][gc,phases      ] GC(1102)   Post Evacuate Collection Set: 0.90ms
[4121.648s][info][gc,phases      ] GC(1102)   Other: 0.13ms
[4121.648s][info][gc,heap        ] GC(1102) Eden regions: 1119->0(1115)
[4121.648s][info][gc,heap        ] GC(1102) Survivor regions: 109->113(154)
[4121.648s][info][gc,heap        ] GC(1102) Old regions: 475->507
[4121.648s][info][gc,heap        ] GC(1102) Humongous regions: 80->80
[4121.648s][info][gc,metaspace   ] GC(1102) Metaspace: 28955K(29376K)->28955K(29376K) NonClass: 24084K(24256K)->24084K(24256K) Class: 4870K(5120K)->4870K(5120K)
[4121.648s][info][gc             ] GC(1102) Pause Young (Concurrent Start) (G1 Evacuation Pause) 3565M->1398M(4096M) 119.230ms
[4121.648s][info][gc             ] GC(1103) Concurrent Mark Cycle
[4121.648s][info][gc,marking     ] GC(1103) Concurrent Scan Root Regions
[4121.648s][info][gc,cpu         ] GC(1102) User=0.71s Sys=0.00s Real=0.12s
[4121.809s][info][gc,marking     ] GC(1103) Concurrent Scan Root Regions 160.190ms
[4121.809s][info][gc,marking     ] GC(1103) Concurrent Mark
[4121.809s][info][gc,marking     ] GC(1103) Concurrent Mark From Roots
[4121.809s][info][gc,task        ] GC(1103) Using 2 workers of 2 for marking
.[4122.549s][info][gc,marking     ] GC(1103) Concurrent Mark From Roots 739.891ms
[4122.549s][info][gc,marking     ] GC(1103) Concurrent Preclean
[4122.549s][info][gc,marking     ] GC(1103) Concurrent Preclean 0.122ms
[4122.550s][info][gc,start       ] GC(1103) Pause Remark
[4122.556s][info][gc             ] GC(1103) Pause Remark 2204M->2204M(4096M) 5.251ms
[4122.556s][info][gc,cpu         ] GC(1103) User=0.03s Sys=0.00s Real=0.01s
[4122.556s][info][gc,marking     ] GC(1103) Concurrent Mark 747.136ms
[4122.556s][info][gc,marking     ] GC(1103) Concurrent Rebuild Remembered Sets and Scrub Regions
[4122.868s][info][gc,marking     ] GC(1103) Concurrent Rebuild Remembered Sets and Scrub Regions 312.418ms
[4122.869s][info][gc,start       ] GC(1103) Pause Cleanup
[4122.869s][info][gc             ] GC(1103) Pause Cleanup 2486M->2486M(4096M) 0.112ms
[4122.869s][info][gc,cpu         ] GC(1103) User=0.00s Sys=0.00s Real=0.00s
[4122.869s][info][gc,marking     ] GC(1103) Concurrent Clear Claimed Marks
[4122.869s][info][gc,marking     ] GC(1103) Concurrent Clear Claimed Marks 0.031ms
[4122.869s][info][gc,marking     ] GC(1103) Concurrent Cleanup for Next Mark
[4122.875s][info][gc,marking     ] GC(1103) Concurrent Cleanup for Next Mark 5.985ms
[4122.875s][info][gc             ] GC(1103) Concurrent Mark Cycle 1227.041ms
.[4124.028s][info][gc,start       ] GC(1104) Pause Young (Prepare Mixed) (G1 Evacuation Pause)
[4124.028s][info][gc,task        ] GC(1104) Using 6 workers of 6 for evacuation
[4124.150s][info][gc,phases      ] GC(1104)   Pre Evacuate Collection Set: 0.35ms
[4124.150s][info][gc,phases      ] GC(1104)   Merge Heap Roots: 0.59ms
[4124.150s][info][gc,phases      ] GC(1104)   Evacuate Collection Set: 118.69ms
[4124.150s][info][gc,phases      ] GC(1104)   Post Evacuate Collection Set: 0.94ms
[4124.150s][info][gc,phases      ] GC(1104)   Other: 0.82ms
[4124.150s][info][gc,heap        ] GC(1104) Eden regions: 1115->0(1103)
[4124.150s][info][gc,heap        ] GC(1104) Survivor regions: 113->112(154)
[4124.150s][info][gc,heap        ] GC(1104) Old regions: 507->538
[4124.150s][info][gc,heap        ] GC(1104) Humongous regions: 80->80
[4124.150s][info][gc,metaspace   ] GC(1104) Metaspace: 28955K(29376K)->28955K(29376K) NonClass: 24084K(24256K)->24084K(24256K) Class: 4870K(5120K)->4870K(5120K)
[4124.150s][info][gc             ] GC(1104) Pause Young (Prepare Mixed) (G1 Evacuation Pause) 3628M->1458M(4096M) 121.521ms
[4124.150s][info][gc,cpu         ] GC(1104) User=0.71s Sys=0.00s Real=0.12s
..|.[4126.513s][info][gc,start       ] GC(1105) Pause Young (Mixed) (G1 Evacuation Pause)
[4126.513s][info][gc,task        ] GC(1105) Using 6 workers of 6 for evacuation
[4126.645s][info][gc,phases      ] GC(1105)   Pre Evacuate Collection Set: 0.34ms
[4126.645s][info][gc,phases      ] GC(1105)   Merge Heap Roots: 0.62ms
[4126.646s][info][gc,phases      ] GC(1105)   Evacuate Collection Set: 130.27ms
[4126.646s][info][gc,phases      ] GC(1105)   Post Evacuate Collection Set: 0.94ms
[4126.646s][info][gc,phases      ] GC(1105)   Other: 0.09ms
[4126.646s][info][gc,heap        ] GC(1105) Eden regions: 1103->0(1120)
[4126.646s][info][gc,heap        ] GC(1105) Survivor regions: 112->108(152)
[4126.646s][info][gc,heap        ] GC(1105) Old regions: 538->475
[4126.646s][info][gc,heap        ] GC(1105) Humongous regions: 80->80
[4126.646s][info][gc,metaspace   ] GC(1105) Metaspace: 28955K(29376K)->28955K(29376K) NonClass: 24084K(24256K)->24084K(24256K) Class: 4870K(5120K)->4870K(5120K)
[4126.646s][info][gc             ] GC(1105) Pause Young (Mixed) (G1 Evacuation Pause) 3664M->1325M(4096M) 132.390ms
[4126.646s][info][gc,cpu         ] GC(1105) User=0.78s Sys=0.00s Real=0.14s
..[4129.012s][info][gc,start       ] GC(1106) Pause Young (Concurrent Start) (G1 Evacuation Pause)
[4129.012s][info][gc,task        ] GC(1106) Using 6 workers of 6 for evacuation
[4129.130s][info][gc,phases      ] GC(1106)   Pre Evacuate Collection Set: 0.39ms
[4129.130s][info][gc,phases      ] GC(1106)   Merge Heap Roots: 0.44ms
[4129.130s][info][gc,phases      ] GC(1106)   Evacuate Collection Set: 116.01ms
[4129.130s][info][gc,phases      ] GC(1106)   Post Evacuate Collection Set: 0.89ms
[4129.130s][info][gc,phases      ] GC(1106)   Other: 0.12ms
[4129.130s][info][gc,heap        ] GC(1106) Eden regions: 1120->0(1118)
[4129.130s][info][gc,heap        ] GC(1106) Survivor regions: 108->110(154)
[4129.130s][info][gc,heap        ] GC(1106) Old regions: 475->507
[4129.130s][info][gc,heap        ] GC(1106) Humongous regions: 80->80
[4129.130s][info][gc,metaspace   ] GC(1106) Metaspace: 28955K(29376K)->28955K(29376K) NonClass: 24084K(24256K)->24084K(24256K) Class: 4870K(5120K)->4870K(5120K)
[4129.130s][info][gc             ] GC(1106) Pause Young (Concurrent Start) (G1 Evacuation Pause) 3565M->1392M(4096M) 117.997ms
[4129.130s][info][gc             ] GC(1107) Concurrent Mark Cycle
[4129.130s][info][gc,marking     ] GC(1107) Concurrent Scan Root Regions
[4129.130s][info][gc,cpu         ] GC(1106) User=0.70s Sys=0.00s Real=0.12s
[4129.325s][info][gc,marking     ] GC(1107) Concurrent Scan Root Regions 195.135ms
[4129.325s][info][gc,marking     ] GC(1107) Concurrent Mark
[4129.325s][info][gc,marking     ] GC(1107) Concurrent Mark From Roots
[4129.325s][info][gc,task        ] GC(1107) Using 2 workers of 2 for marking
.[4130.302s][info][gc,marking     ] GC(1107) Concurrent Mark From Roots 976.309ms
[4130.302s][info][gc,marking     ] GC(1107) Concurrent Preclean
[4130.302s][info][gc,marking     ] GC(1107) Concurrent Preclean 0.117ms
[4130.304s][info][gc,start       ] GC(1107) Pause Remark
[4130.310s][info][gc             ] GC(1107) Pause Remark 2502M->2502M(4096M) 5.859ms
[4130.310s][info][gc,cpu         ] GC(1107) User=0.03s Sys=0.00s Real=0.00s
[4130.310s][info][gc,marking     ] GC(1107) Concurrent Mark 984.590ms
[4130.310s][info][gc,marking     ] GC(1107) Concurrent Rebuild Remembered Sets and Scrub Regions
.[4130.637s][info][gc,marking     ] GC(1107) Concurrent Rebuild Remembered Sets and Scrub Regions 327.421ms
[4130.637s][info][gc,start       ] GC(1107) Pause Cleanup
[4130.638s][info][gc             ] GC(1107) Pause Cleanup 2820M->2820M(4096M) 0.114ms
[4130.638s][info][gc,cpu         ] GC(1107) User=0.00s Sys=0.00s Real=0.00s
[4130.638s][info][gc,marking     ] GC(1107) Concurrent Clear Claimed Marks
[4130.638s][info][gc,marking     ] GC(1107) Concurrent Clear Claimed Marks 0.035ms
[4130.638s][info][gc,marking     ] GC(1107) Concurrent Cleanup for Next Mark
[4130.642s][info][gc,marking     ] GC(1107) Concurrent Cleanup for Next Mark 4.298ms
[4130.642s][info][gc             ] GC(1107) Concurrent Mark Cycle 1512.222ms
[4131.509s][info][gc,start       ] GC(1108) Pause Young (Prepare Mixed) (G1 Evacuation Pause)
[4131.509s][info][gc,task        ] GC(1108) Using 6 workers of 6 for evacuation
[4131.624s][info][gc,phases      ] GC(1108)   Pre Evacuate Collection Set: 0.34ms
[4131.624s][info][gc,phases      ] GC(1108)   Merge Heap Roots: 0.51ms
[4131.624s][info][gc,phases      ] GC(1108)   Evacuate Collection Set: 113.79ms
[4131.624s][info][gc,phases      ] GC(1108)   Post Evacuate Collection Set: 0.90ms
[4131.624s][info][gc,phases      ] GC(1108)   Other: 0.09ms
[4131.624s][info][gc,heap        ] GC(1108) Eden regions: 1118->0(1107)
[4131.624s][info][gc,heap        ] GC(1108) Survivor regions: 110->110(154)
[4131.624s][info][gc,heap        ] GC(1108) Old regions: 507->538
[4131.624s][info][gc,heap        ] GC(1108) Humongous regions: 80->80
[4131.624s][info][gc,metaspace   ] GC(1108) Metaspace: 28955K(29376K)->28955K(29376K) NonClass: 24084K(24256K)->24084K(24256K) Class: 4870K(5120K)->4870K(5120K)
[4131.624s][info][gc             ] GC(1108) Pause Young (Prepare Mixed) (G1 Evacuation Pause) 3628M->1454M(4096M) 115.758ms
[4131.624s][info][gc,cpu         ] GC(1108) User=0.69s Sys=0.00s Real=0.12s
...[4133.929s][info][gc,start       ] GC(1109) Pause Young (Mixed) (G1 Evacuation Pause)
[4133.929s][info][gc,task        ] GC(1109) Using 6 workers of 6 for evacuation
[4134.062s][info][gc,phases      ] GC(1109)   Pre Evacuate Collection Set: 0.35ms
[4134.062s][info][gc,phases      ] GC(1109)   Merge Heap Roots: 0.65ms
[4134.062s][info][gc,phases      ] GC(1109)   Evacuate Collection Set: 130.58ms
[4134.062s][info][gc,phases      ] GC(1109)   Post Evacuate Collection Set: 0.92ms
[4134.062s][info][gc,phases      ] GC(1109)   Other: 0.09ms
[4134.062s][info][gc,heap        ] GC(1109) Eden regions: 1107->0(1121)
[4134.062s][info][gc,heap        ] GC(1109) Survivor regions: 110->107(153)
[4134.062s][info][gc,heap        ] GC(1109) Old regions: 538->474
[4134.062s][info][gc,heap        ] GC(1109) Humongous regions: 80->80
[4134.062s][info][gc,metaspace   ] GC(1109) Metaspace: 28955K(29376K)->28955K(29376K) NonClass: 24084K(24256K)->24084K(24256K) Class: 4870K(5120K)->4870K(5120K)
[4134.062s][info][gc             ] GC(1109) Pause Young (Mixed) (G1 Evacuation Pause) 3668M->1321M(4096M) 132.714ms
[4134.062s][info][gc,cpu         ] GC(1109) User=0.80s Sys=0.00s Real=0.13s
..[4136.513s][info][gc,start       ] GC(1110) Pause Young (Concurrent Start) (G1 Evacuation Pause)
[4136.513s][info][gc,task        ] GC(1110) Using 6 workers of 6 for evacuation
[4136.634s][info][gc,phases      ] GC(1110)   Pre Evacuate Collection Set: 0.37ms
[4136.634s][info][gc,phases      ] GC(1110)   Merge Heap Roots: 0.49ms
[4136.634s][info][gc,phases      ] GC(1110)   Evacuate Collection Set: 118.18ms
[4136.634s][info][gc,phases      ] GC(1110)   Post Evacuate Collection Set: 0.91ms
[4136.634s][info][gc,phases      ] GC(1110)   Other: 0.12ms
[4136.634s][info][gc,heap        ] GC(1110) Eden regions: 1121->0(1115)
[4136.634s][info][gc,heap        ] GC(1110) Survivor regions: 107->113(154)
[4136.634s][info][gc,heap        ] GC(1110) Old regions: 474->506
[4136.634s][info][gc,heap        ] GC(1110) Humongous regions: 80->80
[4136.634s][info][gc,metaspace   ] GC(1110) Metaspace: 28955K(29376K)->28955K(29376K) NonClass: 24084K(24256K)->24084K(24256K) Class: 4870K(5120K)->4870K(5120K)
[4136.634s][info][gc             ] GC(1110) Pause Young (Concurrent Start) (G1 Evacuation Pause) 3563M->1397M(4096M) 120.196ms
[4136.634s][info][gc             ] GC(1111) Concurrent Mark Cycle
[4136.634s][info][gc,marking     ] GC(1111) Concurrent Scan Root Regions
[4136.634s][info][gc,cpu         ] GC(1110) User=0.71s Sys=0.00s Real=0.12s
.[4136.827s][info][gc,marking     ] GC(1111) Concurrent Scan Root Regions 192.959ms
[4136.827s][info][gc,marking     ] GC(1111) Concurrent Mark
[4136.827s][info][gc,marking     ] GC(1111) Concurrent Mark From Roots
[4136.827s][info][gc,task        ] GC(1111) Using 2 workers of 2 for marking
.[4137.722s][info][gc,marking     ] GC(1111) Concurrent Mark From Roots 895.692ms
[4137.722s][info][gc,marking     ] GC(1111) Concurrent Preclean
[4137.723s][info][gc,marking     ] GC(1111) Concurrent Preclean 0.127ms
[4137.725s][info][gc,start       ] GC(1111) Pause Remark
[4137.732s][info][gc             ] GC(1111) Pause Remark 2405M->2405M(4096M) 7.666ms
[4137.732s][info][gc,cpu         ] GC(1111) User=0.04s Sys=0.00s Real=0.00s
[4137.733s][info][gc,marking     ] GC(1111) Concurrent Mark 905.809ms
[4137.733s][info][gc,marking     ] GC(1111) Concurrent Rebuild Remembered Sets and Scrub Regions
[4138.063s][info][gc,marking     ] GC(1111) Concurrent Rebuild Remembered Sets and Scrub Regions 330.295ms
[4138.063s][info][gc,start       ] GC(1111) Pause Cleanup
[4138.063s][info][gc             ] GC(1111) Pause Cleanup 2725M->2725M(4096M) 0.112ms
[4138.063s][info][gc,cpu         ] GC(1111) User=0.00s Sys=0.00s Real=0.00s
[4138.063s][info][gc,marking     ] GC(1111) Concurrent Clear Claimed Marks
[4138.063s][info][gc,marking     ] GC(1111) Concurrent Clear Claimed Marks 0.029ms
[4138.063s][info][gc,marking     ] GC(1111) Concurrent Cleanup for Next Mark
[4138.069s][info][gc,marking     ] GC(1111) Concurrent Cleanup for Next Mark 5.435ms
[4138.069s][info][gc             ] GC(1111) Concurrent Mark Cycle 1435.080ms
.[4139.014s][info][gc,start       ] GC(1112) Pause Young (Prepare Mixed) (G1 Evacuation Pause)
[4139.014s][info][gc,task        ] GC(1112) Using 6 workers of 6 for evacuation
[4139.131s][info][gc,phases      ] GC(1112)   Pre Evacuate Collection Set: 0.30ms
[4139.131s][info][gc,phases      ] GC(1112)   Merge Heap Roots: 0.50ms
[4139.131s][info][gc,phases      ] GC(1112)   Evacuate Collection Set: 114.87ms
[4139.131s][info][gc,phases      ] GC(1112)   Post Evacuate Collection Set: 0.94ms
[4139.131s][info][gc,phases      ] GC(1112)   Other: 0.09ms
[4139.131s][info][gc,heap        ] GC(1112) Eden regions: 1115->0(1107)
[4139.131s][info][gc,heap        ] GC(1112) Survivor regions: 113->110(154)
[4139.131s][info][gc,heap        ] GC(1112) Old regions: 506->538
[4139.131s][info][gc,heap        ] GC(1112) Humongous regions: 80->80
[4139.131s][info][gc,metaspace   ] GC(1112) Metaspace: 28955K(29376K)->28955K(29376K) NonClass: 24084K(24256K)->24084K(24256K) Class: 4870K(5120K)->4870K(5120K)
[4139.131s][info][gc             ] GC(1112) Pause Young (Prepare Mixed) (G1 Evacuation Pause) 3627M->1453M(4096M) 116.826ms
[4139.131s][info][gc,cpu         ] GC(1112) User=0.69s Sys=0.00s Real=0.11s
..[4141.439s][info][gc,start       ] GC(1113) Pause Young (Mixed) (G1 Evacuation Pause)
[4141.439s][info][gc,task        ] GC(1113) Using 6 workers of 6 for evacuation
[4141.572s][info][gc,phases      ] GC(1113)   Pre Evacuate Collection Set: 0.36ms
[4141.572s][info][gc,phases      ] GC(1113)   Merge Heap Roots: 0.69ms
[4141.572s][info][gc,phases      ] GC(1113)   Evacuate Collection Set: 130.29ms
[4141.572s][info][gc,phases      ] GC(1113)   Post Evacuate Collection Set: 0.92ms
[4141.572s][info][gc,phases      ] GC(1113)   Other: 0.10ms
[4141.572s][info][gc,heap        ] GC(1113) Eden regions: 1107->0(1120)
[4141.572s][info][gc,heap        ] GC(1113) Survivor regions: 110->108(153)
[4141.572s][info][gc,heap        ] GC(1113) Old regions: 538->474
[4141.572s][info][gc,heap        ] GC(1113) Humongous regions: 80->80
[4141.572s][info][gc,metaspace   ] GC(1113) Metaspace: 28955K(29376K)->28955K(29376K) NonClass: 24084K(24256K)->24084K(24256K) Class: 4870K(5120K)->4870K(5120K)
[4141.572s][info][gc             ] GC(1113) Pause Young (Mixed) (G1 Evacuation Pause) 3667M->1322M(4096M) 132.506ms
[4141.572s][info][gc,cpu         ] GC(1113) User=0.79s Sys=0.01s Real=0.13s
...[4143.929s][info][gc,start       ] GC(1114) Pause Young (Concurrent Start) (G1 Evacuation Pause)
[4143.929s][info][gc,task        ] GC(1114) Using 6 workers of 6 for evacuation
[4144.044s][info][gc,phases      ] GC(1114)   Pre Evacuate Collection Set: 0.37ms
[4144.044s][info][gc,phases      ] GC(1114)   Merge Heap Roots: 0.47ms
[4144.044s][info][gc,phases      ] GC(1114)   Evacuate Collection Set: 113.18ms
[4144.044s][info][gc,phases      ] GC(1114)   Post Evacuate Collection Set: 0.88ms
[4144.044s][info][gc,phases      ] GC(1114)   Other: 0.11ms
[4144.044s][info][gc,heap        ] GC(1114) Eden regions: 1120->0(1121)
[4144.044s][info][gc,heap        ] GC(1114) Survivor regions: 108->107(154)
[4144.044s][info][gc,heap        ] GC(1114) Old regions: 474->505
[4144.044s][info][gc,heap        ] GC(1114) Humongous regions: 80->80
[4144.044s][info][gc,metaspace   ] GC(1114) Metaspace: 28955K(29376K)->28955K(29376K) NonClass: 24084K(24256K)->24084K(24256K) Class: 4870K(5120K)->4870K(5120K)
[4144.044s][info][gc             ] GC(1114) Pause Young (Concurrent Start) (G1 Evacuation Pause) 3562M->1383M(4096M) 115.145ms
[4144.044s][info][gc             ] GC(1115) Concurrent Mark Cycle
[4144.044s][info][gc,marking     ] GC(1115) Concurrent Scan Root Regions
[4144.044s][info][gc,cpu         ] GC(1114) User=0.69s Sys=0.00s Real=0.12s
[4144.228s][info][gc,marking     ] GC(1115) Concurrent Scan Root Regions 184.162ms
[4144.228s][info][gc,marking     ] GC(1115) Concurrent Mark
[4144.228s][info][gc,marking     ] GC(1115) Concurrent Mark From Roots
[4144.228s][info][gc,task        ] GC(1115) Using 2 workers of 2 for marking
.[4145.251s][info][gc,marking     ] GC(1115) Concurrent Mark From Roots 1022.215ms
[4145.251s][info][gc,marking     ] GC(1115) Concurrent Preclean
[4145.251s][info][gc,marking     ] GC(1115) Concurrent Preclean 0.111ms
[4145.251s][info][gc,start       ] GC(1115) Pause Remark
[4145.257s][info][gc             ] GC(1115) Pause Remark 2509M->2509M(4096M) 6.048ms
[4145.257s][info][gc,cpu         ] GC(1115) User=0.04s Sys=0.00s Real=0.01s
[4145.257s][info][gc,marking     ] GC(1115) Concurrent Mark 1028.926ms
[4145.257s][info][gc,marking     ] GC(1115) Concurrent Rebuild Remembered Sets and Scrub Regions
[4145.620s][info][gc,marking     ] GC(1115) Concurrent Rebuild Remembered Sets and Scrub Regions 362.984ms
[4145.620s][info][gc,start       ] GC(1115) Pause Cleanup
[4145.620s][info][gc             ] GC(1115) Pause Cleanup 2869M->2869M(4096M) 0.109ms
[4145.620s][info][gc,cpu         ] GC(1115) User=0.00s Sys=0.00s Real=0.00s
[4145.620s][info][gc,marking     ] GC(1115) Concurrent Clear Claimed Marks
[4145.621s][info][gc,marking     ] GC(1115) Concurrent Clear Claimed Marks 0.028ms
[4145.621s][info][gc,marking     ] GC(1115) Concurrent Cleanup for Next Mark
[4145.624s][info][gc,marking     ] GC(1115) Concurrent Cleanup for Next Mark 3.660ms
[4145.624s][info][gc             ] GC(1115) Concurrent Mark Cycle 1580.182ms
.[4146.427s][info][gc,start       ] GC(1116) Pause Young (Prepare Mixed) (G1 Evacuation Pause)
[4146.427s][info][gc,task        ] GC(1116) Using 6 workers of 6 for evacuation
[4146.543s][info][gc,phases      ] GC(1116)   Pre Evacuate Collection Set: 0.31ms
[4146.543s][info][gc,phases      ] GC(1116)   Merge Heap Roots: 0.51ms
[4146.543s][info][gc,phases      ] GC(1116)   Evacuate Collection Set: 114.00ms
[4146.543s][info][gc,phases      ] GC(1116)   Post Evacuate Collection Set: 0.91ms
[4146.543s][info][gc,phases      ] GC(1116)   Other: 0.08ms
[4146.543s][info][gc,heap        ] GC(1116) Eden regions: 1121->0(1109)
[4146.543s][info][gc,heap        ] GC(1116) Survivor regions: 107->110(154)
[4146.543s][info][gc,heap        ] GC(1116) Old regions: 505->536
[4146.543s][info][gc,heap        ] GC(1116) Humongous regions: 80->80
[4146.543s][info][gc,metaspace   ] GC(1116) Metaspace: 28955K(29376K)->28955K(29376K) NonClass: 24084K(24256K)->24084K(24256K) Class: 4870K(5120K)->4870K(5120K)
[4146.543s][info][gc             ] GC(1116) Pause Young (Prepare Mixed) (G1 Evacuation Pause) 3625M->1450M(4096M) 115.954ms
[4146.543s][info][gc,cpu         ] GC(1116) User=0.69s Sys=0.00s Real=0.12s
...[4148.922s][info][gc,start       ] GC(1117) Pause Young (Mixed) (G1 Evacuation Pause)
[4148.922s][info][gc,task        ] GC(1117) Using 6 workers of 6 for evacuation
[4149.059s][info][gc,phases      ] GC(1117)   Pre Evacuate Collection Set: 0.38ms
[4149.059s][info][gc,phases      ] GC(1117)   Merge Heap Roots: 0.78ms
[4149.059s][info][gc,phases      ] GC(1117)   Evacuate Collection Set: 134.84ms
[4149.059s][info][gc,phases      ] GC(1117)   Post Evacuate Collection Set: 0.90ms
[4149.059s][info][gc,phases      ] GC(1117)   Other: 0.09ms
[4149.059s][info][gc,heap        ] GC(1117) Eden regions: 1109->0(1119)
[4149.059s][info][gc,heap        ] GC(1117) Survivor regions: 110->109(153)
[4149.059s][info][gc,heap        ] GC(1117) Old regions: 536->474
[4149.059s][info][gc,heap        ] GC(1117) Humongous regions: 80->80
[4149.059s][info][gc,metaspace   ] GC(1117) Metaspace: 28955K(29376K)->28955K(29376K) NonClass: 24084K(24256K)->24084K(24256K) Class: 4870K(5120K)->4870K(5120K)
[4149.059s][info][gc             ] GC(1117) Pause Young (Mixed) (G1 Evacuation Pause) 3668M->1324M(4096M) 137.112ms
[4149.059s][info][gc,cpu         ] GC(1117) User=0.81s Sys=0.00s Real=0.14s
..[4151.439s][info][gc,start       ] GC(1118) Pause Young (Concurrent Start) (G1 Evacuation Pause)
[4151.439s][info][gc,task        ] GC(1118) Using 6 workers of 6 for evacuation
[4151.556s][info][gc,phases      ] GC(1118)   Pre Evacuate Collection Set: 0.36ms
[4151.556s][info][gc,phases      ] GC(1118)   Merge Heap Roots: 0.50ms
[4151.556s][info][gc,phases      ] GC(1118)   Evacuate Collection Set: 115.19ms
[4151.556s][info][gc,phases      ] GC(1118)   Post Evacuate Collection Set: 0.86ms
[4151.556s][info][gc,phases      ] GC(1118)   Other: 0.10ms
[4151.556s][info][gc,heap        ] GC(1118) Eden regions: 1119->0(1118)
[4151.556s][info][gc,heap        ] GC(1118) Survivor regions: 109->110(154)
[4151.556s][info][gc,heap        ] GC(1118) Old regions: 474->505
[4151.556s][info][gc,heap        ] GC(1118) Humongous regions: 80->80
[4151.556s][info][gc,metaspace   ] GC(1118) Metaspace: 28955K(29376K)->28955K(29376K) NonClass: 24084K(24256K)->24084K(24256K) Class: 4870K(5120K)->4870K(5120K)
[4151.556s][info][gc             ] GC(1118) Pause Young (Concurrent Start) (G1 Evacuation Pause) 3562M->1388M(4096M) 117.171ms
[4151.556s][info][gc             ] GC(1119) Concurrent Mark Cycle
[4151.556s][info][gc,marking     ] GC(1119) Concurrent Scan Root Regions
[4151.556s][info][gc,cpu         ] GC(1118) User=0.69s Sys=0.01s Real=0.12s
[4151.743s][info][gc,marking     ] GC(1119) Concurrent Scan Root Regions 186.355ms
[4151.743s][info][gc,marking     ] GC(1119) Concurrent Mark
[4151.743s][info][gc,marking     ] GC(1119) Concurrent Mark From Roots
[4151.743s][info][gc,task        ] GC(1119) Using 2 workers of 2 for marking
.[4152.657s][info][gc,marking     ] GC(1119) Concurrent Mark From Roots 913.844ms
[4152.657s][info][gc,marking     ] GC(1119) Concurrent Preclean
[4152.657s][info][gc,marking     ] GC(1119) Concurrent Preclean 0.106ms
[4152.657s][info][gc,start       ] GC(1119) Pause Remark
[4152.665s][info][gc             ] GC(1119) Pause Remark 2432M->2432M(4096M) 7.547ms
[4152.665s][info][gc,cpu         ] GC(1119) User=0.04s Sys=0.00s Real=0.01s
[4152.666s][info][gc,marking     ] GC(1119) Concurrent Mark 923.400ms
[4152.666s][info][gc,marking     ] GC(1119) Concurrent Rebuild Remembered Sets and Scrub Regions
.[4152.984s][info][gc,marking     ] GC(1119) Concurrent Rebuild Remembered Sets and Scrub Regions 317.844ms
[4152.984s][info][gc,start       ] GC(1119) Pause Cleanup
[4152.984s][info][gc             ] GC(1119) Pause Cleanup 2735M->2735M(4096M) 0.110ms
[4152.984s][info][gc,cpu         ] GC(1119) User=0.00s Sys=0.00s Real=0.00s
[4152.986s][info][gc,marking     ] GC(1119) Concurrent Clear Claimed Marks
[4152.986s][info][gc,marking     ] GC(1119) Concurrent Clear Claimed Marks 0.043ms
[4152.986s][info][gc,marking     ] GC(1119) Concurrent Cleanup for Next Mark
[4152.991s][info][gc,marking     ] GC(1119) Concurrent Cleanup for Next Mark 5.678ms
[4152.991s][info][gc             ] GC(1119) Concurrent Mark Cycle 1435.097ms
.[4153.973s][info][gc,start       ] GC(1120) Pause Young (Prepare Mixed) (G1 Evacuation Pause)
[4153.973s][info][gc,task        ] GC(1120) Using 6 workers of 6 for evacuation
[4154.090s][info][gc,phases      ] GC(1120)   Pre Evacuate Collection Set: 0.33ms
[4154.090s][info][gc,phases      ] GC(1120)   Merge Heap Roots: 0.52ms
[4154.090s][info][gc,phases      ] GC(1120)   Evacuate Collection Set: 115.03ms
[4154.090s][info][gc,phases      ] GC(1120)   Post Evacuate Collection Set: 0.91ms
[4154.090s][info][gc,phases      ] GC(1120)   Other: 0.08ms
[4154.090s][info][gc,heap        ] GC(1120) Eden regions: 1118->0(1110)
[4154.090s][info][gc,heap        ] GC(1120) Survivor regions: 110->109(154)
[4154.090s][info][gc,heap        ] GC(1120) Old regions: 505->537
[4154.090s][info][gc,heap        ] GC(1120) Humongous regions: 80->80
[4154.090s][info][gc,metaspace   ] GC(1120) Metaspace: 28955K(29376K)->28955K(29376K) NonClass: 24084K(24256K)->24084K(24256K) Class: 4870K(5120K)->4870K(5120K)
[4154.090s][info][gc             ] GC(1120) Pause Young (Prepare Mixed) (G1 Evacuation Pause) 3624M->1449M(4096M) 116.986ms
[4154.090s][info][gc,cpu         ] GC(1120) User=0.70s Sys=0.00s Real=0.12s
..[4156.400s][info][gc,start       ] GC(1121) Pause Young (Mixed) (G1 Evacuation Pause)
[4156.400s][info][gc,task        ] GC(1121) Using 6 workers of 6 for evacuation
[4156.534s][info][gc,phases      ] GC(1121)   Pre Evacuate Collection Set: 0.38ms
[4156.534s][info][gc,phases      ] GC(1121)   Merge Heap Roots: 0.72ms
[4156.534s][info][gc,phases      ] GC(1121)   Evacuate Collection Set: 131.85ms
[4156.534s][info][gc,phases      ] GC(1121)   Post Evacuate Collection Set: 0.95ms
[4156.534s][info][gc,phases      ] GC(1121)   Other: 0.08ms
[4156.534s][info][gc,heap        ] GC(1121) Eden regions: 1110->0(1117)
[4156.534s][info][gc,heap        ] GC(1121) Survivor regions: 109->111(153)
[4156.534s][info][gc,heap        ] GC(1121) Old regions: 537->476
[4156.534s][info][gc,heap        ] GC(1121) Humongous regions: 80->80
[4156.534s][info][gc,metaspace   ] GC(1121) Metaspace: 28955K(29376K)->28955K(29376K) NonClass: 24084K(24256K)->24084K(24256K) Class: 4870K(5120K)->4870K(5120K)
[4156.534s][info][gc             ] GC(1121) Pause Young (Mixed) (G1 Evacuation Pause) 3669M->1332M(4096M) 134.112ms
[4156.534s][info][gc,cpu         ] GC(1121) User=0.80s Sys=0.00s Real=0.14s
...[4158.937s][info][gc,start       ] GC(1122) Pause Young (Concurrent Start) (G1 Evacuation Pause)
[4158.937s][info][gc,task        ] GC(1122) Using 6 workers of 6 for evacuation
[4159.053s][info][gc,phases      ] GC(1122)   Pre Evacuate Collection Set: 0.39ms
[4159.053s][info][gc,phases      ] GC(1122)   Merge Heap Roots: 0.47ms
[4159.053s][info][gc,phases      ] GC(1122)   Evacuate Collection Set: 113.86ms
[4159.053s][info][gc,phases      ] GC(1122)   Post Evacuate Collection Set: 0.87ms
[4159.053s][info][gc,phases      ] GC(1122)   Other: 0.12ms
[4159.053s][info][gc,heap        ] GC(1122) Eden regions: 1117->0(1121)
[4159.053s][info][gc,heap        ] GC(1122) Survivor regions: 111->107(154)
[4159.053s][info][gc,heap        ] GC(1122) Old regions: 476->508
[4159.053s][info][gc,heap        ] GC(1122) Humongous regions: 80->80
[4159.053s][info][gc,metaspace   ] GC(1122) Metaspace: 28955K(29376K)->28955K(29376K) NonClass: 24084K(24256K)->24084K(24256K) Class: 4870K(5120K)->4870K(5120K)
[4159.053s][info][gc             ] GC(1122) Pause Young (Concurrent Start) (G1 Evacuation Pause) 3566M->1388M(4096M) 115.864ms
[4159.053s][info][gc             ] GC(1123) Concurrent Mark Cycle
[4159.053s][info][gc,marking     ] GC(1123) Concurrent Scan Root Regions
[4159.053s][info][gc,cpu         ] GC(1122) User=0.68s Sys=0.00s Real=0.11s
[4159.268s][info][gc,marking     ] GC(1123) Concurrent Scan Root Regions 214.587ms
[4159.268s][info][gc,marking     ] GC(1123) Concurrent Mark
[4159.268s][info][gc,marking     ] GC(1123) Concurrent Mark From Roots
[4159.268s][info][gc,task        ] GC(1123) Using 2 workers of 2 for marking
.[4160.089s][info][gc,marking     ] GC(1123) Concurrent Mark From Roots 821.068ms
[4160.089s][info][gc,marking     ] GC(1123) Concurrent Preclean
[4160.089s][info][gc,marking     ] GC(1123) Concurrent Preclean 0.134ms
[4160.090s][info][gc,start       ] GC(1123) Pause Remark
[4160.093s][info][gc             ] GC(1123) Pause Remark 2422M->2422M(4096M) 3.305ms
[4160.093s][info][gc,cpu         ] GC(1123) User=0.02s Sys=0.00s Real=0.00s
[4160.094s][info][gc,marking     ] GC(1123) Concurrent Mark 825.893ms
[4160.094s][info][gc,marking     ] GC(1123) Concurrent Rebuild Remembered Sets and Scrub Regions
[4160.359s][info][gc,marking     ] GC(1123) Concurrent Rebuild Remembered Sets and Scrub Regions 265.539ms
[4160.360s][info][gc,start       ] GC(1123) Pause Cleanup
[4160.360s][info][gc             ] GC(1123) Pause Cleanup 2684M->2684M(4096M) 0.117ms
[4160.360s][info][gc,cpu         ] GC(1123) User=0.00s Sys=0.00s Real=0.00s
[4160.360s][info][gc,marking     ] GC(1123) Concurrent Clear Claimed Marks
[4160.360s][info][gc,marking     ] GC(1123) Concurrent Clear Claimed Marks 0.031ms
[4160.360s][info][gc,marking     ] GC(1123) Concurrent Cleanup for Next Mark
[4160.365s][info][gc,marking     ] GC(1123) Concurrent Cleanup for Next Mark 5.138ms
[4160.365s][info][gc             ] GC(1123) Concurrent Mark Cycle 1312.416ms
.[4161.411s][info][gc,start       ] GC(1124) Pause Young (Prepare Mixed) (G1 Evacuation Pause)
[4161.411s][info][gc,task        ] GC(1124) Using 6 workers of 6 for evacuation
[4161.534s][info][gc,phases      ] GC(1124)   Pre Evacuate Collection Set: 0.31ms
[4161.534s][info][gc,phases      ] GC(1124)   Merge Heap Roots: 0.48ms
[4161.534s][info][gc,phases      ] GC(1124)   Evacuate Collection Set: 120.97ms
[4161.534s][info][gc,phases      ] GC(1124)   Post Evacuate Collection Set: 0.90ms
[4161.534s][info][gc,phases      ] GC(1124)   Other: 0.08ms
[4161.534s][info][gc,heap        ] GC(1124) Eden regions: 1121->0(1097)
[4161.534s][info][gc,heap        ] GC(1124) Survivor regions: 107->114(154)
[4161.534s][info][gc,heap        ] GC(1124) Old regions: 508->540
[4161.534s][info][gc,heap        ] GC(1124) Humongous regions: 80->80
[4161.534s][info][gc,metaspace   ] GC(1124) Metaspace: 28955K(29376K)->28955K(29376K) NonClass: 24084K(24256K)->24084K(24256K) Class: 4870K(5120K)->4870K(5120K)
[4161.534s][info][gc             ] GC(1124) Pause Young (Prepare Mixed) (G1 Evacuation Pause) 3630M->1466M(4096M) 122.872ms
[4161.534s][info][gc,cpu         ] GC(1124) User=0.74s Sys=0.00s Real=0.13s
..[4163.848s][info][gc,start       ] GC(1125) Pause Young (Mixed) (G1 Evacuation Pause)
[4163.848s][info][gc,task        ] GC(1125) Using 6 workers of 6 for evacuation
[4163.981s][info][gc,phases      ] GC(1125)   Pre Evacuate Collection Set: 0.39ms
[4163.981s][info][gc,phases      ] GC(1125)   Merge Heap Roots: 0.64ms
[4163.981s][info][gc,phases      ] GC(1125)   Evacuate Collection Set: 130.61ms
[4163.981s][info][gc,phases      ] GC(1125)   Post Evacuate Collection Set: 0.95ms
[4163.981s][info][gc,phases      ] GC(1125)   Other: 0.09ms
[4163.981s][info][gc,heap        ] GC(1125) Eden regions: 1097->0(1118)
[4163.981s][info][gc,heap        ] GC(1125) Survivor regions: 114->110(152)
[4163.981s][info][gc,heap        ] GC(1125) Old regions: 540->475
[4163.981s][info][gc,heap        ] GC(1125) Humongous regions: 80->80
[4163.981s][info][gc,metaspace   ] GC(1125) Metaspace: 28955K(29376K)->28955K(29376K) NonClass: 24084K(24256K)->24084K(24256K) Class: 4870K(5120K)->4870K(5120K)
[4163.981s][info][gc             ] GC(1125) Pause Young (Mixed) (G1 Evacuation Pause) 3660M->1328M(4096M) 132.825ms
[4163.981s][info][gc,cpu         ] GC(1125) User=0.79s Sys=0.00s Real=0.13s
...[4166.343s][info][gc,start       ] GC(1126) Pause Young (Concurrent Start) (G1 Evacuation Pause)
[4166.344s][info][gc,task        ] GC(1126) Using 6 workers of 6 for evacuation
[4166.459s][info][gc,phases      ] GC(1126)   Pre Evacuate Collection Set: 0.36ms
[4166.459s][info][gc,phases      ] GC(1126)   Merge Heap Roots: 0.45ms
[4166.459s][info][gc,phases      ] GC(1126)   Evacuate Collection Set: 113.66ms
[4166.459s][info][gc,phases      ] GC(1126)   Post Evacuate Collection Set: 0.85ms
[4166.459s][info][gc,phases      ] GC(1126)   Other: 0.10ms
[4166.459s][info][gc,heap        ] GC(1126) Eden regions: 1118->0(1120)
[4166.459s][info][gc,heap        ] GC(1126) Survivor regions: 110->108(154)
[4166.459s][info][gc,heap        ] GC(1126) Old regions: 475->508
[4166.459s][info][gc,heap        ] GC(1126) Humongous regions: 80->80
[4166.459s][info][gc,metaspace   ] GC(1126) Metaspace: 28955K(29376K)->28955K(29376K) NonClass: 24084K(24256K)->24084K(24256K) Class: 4870K(5120K)->4870K(5120K)
[4166.459s][info][gc             ] GC(1126) Pause Young (Concurrent Start) (G1 Evacuation Pause) 3564M->1391M(4096M) 115.553ms
[4166.459s][info][gc             ] GC(1127) Concurrent Mark Cycle
[4166.459s][info][gc,marking     ] GC(1127) Concurrent Scan Root Regions
[4166.459s][info][gc,cpu         ] GC(1126) User=0.68s Sys=0.00s Real=0.11s
[4166.652s][info][gc,marking     ] GC(1127) Concurrent Scan Root Regions 193.303ms
[4166.652s][info][gc,marking     ] GC(1127) Concurrent Mark
[4166.652s][info][gc,marking     ] GC(1127) Concurrent Mark From Roots
[4166.652s][info][gc,task        ] GC(1127) Using 2 workers of 2 for marking
.[4167.641s][info][gc,marking     ] GC(1127) Concurrent Mark From Roots 988.203ms
[4167.641s][info][gc,marking     ] GC(1127) Concurrent Preclean
[4167.641s][info][gc,marking     ] GC(1127) Concurrent Preclean 0.101ms
[4167.641s][info][gc,start       ] GC(1127) Pause Remark
[4167.646s][info][gc             ] GC(1127) Pause Remark 2529M->2529M(4096M) 5.341ms
[4167.646s][info][gc,cpu         ] GC(1127) User=0.03s Sys=0.00s Real=0.01s
[4167.648s][info][gc,marking     ] GC(1127) Concurrent Mark 995.976ms
[4167.648s][info][gc,marking     ] GC(1127) Concurrent Rebuild Remembered Sets and Scrub Regions
.[4168.039s][info][gc,marking     ] GC(1127) Concurrent Rebuild Remembered Sets and Scrub Regions 390.254ms
[4168.039s][info][gc,start       ] GC(1127) Pause Cleanup
[4168.039s][info][gc             ] GC(1127) Pause Cleanup 2928M->2928M(4096M) 0.108ms
[4168.039s][info][gc,cpu         ] GC(1127) User=0.00s Sys=0.00s Real=0.00s
[4168.039s][info][gc,marking     ] GC(1127) Concurrent Clear Claimed Marks
[4168.039s][info][gc,marking     ] GC(1127) Concurrent Clear Claimed Marks 0.023ms
[4168.039s][info][gc,marking     ] GC(1127) Concurrent Cleanup for Next Mark
[4168.043s][info][gc,marking     ] GC(1127) Concurrent Cleanup for Next Mark 4.370ms
[4168.043s][info][gc             ] GC(1127) Concurrent Mark Cycle 1584.390ms
[4168.825s][info][gc,start       ] GC(1128) Pause Young (Prepare Mixed) (G1 Evacuation Pause)
[4168.825s][info][gc,task        ] GC(1128) Using 6 workers of 6 for evacuation
[4168.939s][info][gc,phases      ] GC(1128)   Pre Evacuate Collection Set: 0.32ms
[4168.939s][info][gc,phases      ] GC(1128)   Merge Heap Roots: 0.49ms
[4168.939s][info][gc,phases      ] GC(1128)   Evacuate Collection Set: 112.77ms
[4168.939s][info][gc,phases      ] GC(1128)   Post Evacuate Collection Set: 0.91ms
[4168.939s][info][gc,phases      ] GC(1128)   Other: 0.09ms
[4168.939s][info][gc,heap        ] GC(1128) Eden regions: 1120->0(1109)
[4168.939s][info][gc,heap        ] GC(1128) Survivor regions: 108->108(154)
[4168.939s][info][gc,heap        ] GC(1128) Old regions: 508->540
[4168.939s][info][gc,heap        ] GC(1128) Humongous regions: 80->80
[4168.939s][info][gc,metaspace   ] GC(1128) Metaspace: 28955K(29376K)->28955K(29376K) NonClass: 24084K(24256K)->24084K(24256K) Class: 4870K(5120K)->4870K(5120K)
[4168.939s][info][gc             ] GC(1128) Pause Young (Prepare Mixed) (G1 Evacuation Pause) 3631M->1453M(4096M) 114.722ms
[4168.939s][info][gc,cpu         ] GC(1128) User=0.68s Sys=0.00s Real=0.11s
...[4171.354s][info][gc,start       ] GC(1129) Pause Young (Mixed) (G1 Evacuation Pause)
[4171.354s][info][gc,task        ] GC(1129) Using 6 workers of 6 for evacuation
[4171.489s][info][gc,phases      ] GC(1129)   Pre Evacuate Collection Set: 0.34ms
[4171.489s][info][gc,phases      ] GC(1129)   Merge Heap Roots: 0.67ms
[4171.489s][info][gc,phases      ] GC(1129)   Evacuate Collection Set: 133.47ms
[4171.489s][info][gc,phases      ] GC(1129)   Post Evacuate Collection Set: 0.92ms
[4171.489s][info][gc,phases      ] GC(1129)   Other: 0.08ms
[4171.489s][info][gc,heap        ] GC(1129) Eden regions: 1109->0(1116)
[4171.489s][info][gc,heap        ] GC(1129) Survivor regions: 108->112(153)
[4171.489s][info][gc,heap        ] GC(1129) Old regions: 540->476
[4171.489s][info][gc,heap        ] GC(1129) Humongous regions: 80->80
[4171.489s][info][gc,metaspace   ] GC(1129) Metaspace: 28955K(29376K)->28955K(29376K) NonClass: 24084K(24256K)->24084K(24256K) Class: 4870K(5120K)->4870K(5120K)
[4171.489s][info][gc             ] GC(1129) Pause Young (Mixed) (G1 Evacuation Pause) 3671M->1333M(4096M) 135.618ms
[4171.489s][info][gc,cpu         ] GC(1129) User=0.81s Sys=0.00s Real=0.13s
..[4173.797s][info][gc,start       ] GC(1130) Pause Young (Concurrent Start) (G1 Evacuation Pause)
[4173.797s][info][gc,task        ] GC(1130) Using 6 workers of 6 for evacuation
[4173.916s][info][gc,phases      ] GC(1130)   Pre Evacuate Collection Set: 0.35ms
[4173.916s][info][gc,phases      ] GC(1130)   Merge Heap Roots: 0.47ms
[4173.916s][info][gc,phases      ] GC(1130)   Evacuate Collection Set: 116.74ms
[4173.916s][info][gc,phases      ] GC(1130)   Post Evacuate Collection Set: 0.86ms
[4173.916s][info][gc,phases      ] GC(1130)   Other: 0.11ms
[4173.916s][info][gc,heap        ] GC(1130) Eden regions: 1116->0(1118)
[4173.916s][info][gc,heap        ] GC(1130) Survivor regions: 112->110(154)
[4173.916s][info][gc,heap        ] GC(1130) Old regions: 476->508
[4173.916s][info][gc,heap        ] GC(1130) Humongous regions: 80->80
[4173.916s][info][gc,metaspace   ] GC(1130) Metaspace: 28955K(29376K)->28955K(29376K) NonClass: 24084K(24256K)->24084K(24256K) Class: 4870K(5120K)->4870K(5120K)
[4173.916s][info][gc             ] GC(1130) Pause Young (Concurrent Start) (G1 Evacuation Pause) 3565M->1395M(4096M) 118.659ms
[4173.916s][info][gc             ] GC(1131) Concurrent Mark Cycle
[4173.916s][info][gc,marking     ] GC(1131) Concurrent Scan Root Regions
[4173.916s][info][gc,cpu         ] GC(1130) User=0.70s Sys=0.00s Real=0.12s
.[4174.040s][info][gc,marking     ] GC(1131) Concurrent Scan Root Regions 124.287ms
[4174.040s][info][gc,marking     ] GC(1131) Concurrent Mark
[4174.040s][info][gc,marking     ] GC(1131) Concurrent Mark From Roots
[4174.040s][info][gc,task        ] GC(1131) Using 2 workers of 2 for marking
[4174.631s][info][gc,marking     ] GC(1131) Concurrent Mark From Roots 590.692ms
[4174.631s][info][gc,marking     ] GC(1131) Concurrent Preclean
[4174.631s][info][gc,marking     ] GC(1131) Concurrent Preclean 0.141ms
[4174.633s][info][gc,start       ] GC(1131) Pause Remark
[4174.638s][info][gc             ] GC(1131) Pause Remark 2037M->2037M(4096M) 4.959ms
[4174.638s][info][gc,cpu         ] GC(1131) User=0.02s Sys=0.00s Real=0.00s
[4174.638s][info][gc,marking     ] GC(1131) Concurrent Mark 598.163ms
[4174.638s][info][gc,marking     ] GC(1131) Concurrent Rebuild Remembered Sets and Scrub Regions
[4174.973s][info][gc,marking     ] GC(1131) Concurrent Rebuild Remembered Sets and Scrub Regions 334.865ms
[4174.974s][info][gc,start       ] GC(1131) Pause Cleanup
[4174.974s][info][gc             ] GC(1131) Pause Cleanup 2341M->2341M(4096M) 0.120ms
[4174.974s][info][gc,cpu         ] GC(1131) User=0.00s Sys=0.00s Real=0.00s
[4174.974s][info][gc,marking     ] GC(1131) Concurrent Clear Claimed Marks
[4174.974s][info][gc,marking     ] GC(1131) Concurrent Clear Claimed Marks 0.029ms
[4174.974s][info][gc,marking     ] GC(1131) Concurrent Cleanup for Next Mark
[4174.986s][info][gc,marking     ] GC(1131) Concurrent Cleanup for Next Mark 11.731ms
[4174.986s][info][gc             ] GC(1131) Concurrent Mark Cycle 1070.192ms
..[4176.321s][info][gc,start       ] GC(1132) Pause Young (Prepare Mixed) (G1 Evacuation Pause)
[4176.321s][info][gc,task        ] GC(1132) Using 6 workers of 6 for evacuation
[4176.438s][info][gc,phases      ] GC(1132)   Pre Evacuate Collection Set: 0.34ms
[4176.438s][info][gc,phases      ] GC(1132)   Merge Heap Roots: 0.49ms
[4176.438s][info][gc,phases      ] GC(1132)   Evacuate Collection Set: 114.81ms
[4176.438s][info][gc,phases      ] GC(1132)   Post Evacuate Collection Set: 0.91ms
[4176.438s][info][gc,phases      ] GC(1132)   Other: 0.08ms
[4176.438s][info][gc,heap        ] GC(1132) Eden regions: 1118->0(1105)
[4176.438s][info][gc,heap        ] GC(1132) Survivor regions: 110->110(154)
[4176.438s][info][gc,heap        ] GC(1132) Old regions: 508->540
[4176.438s][info][gc,heap        ] GC(1132) Humongous regions: 80->80
[4176.438s][info][gc,metaspace   ] GC(1132) Metaspace: 28955K(29376K)->28955K(29376K) NonClass: 24084K(24256K)->24084K(24256K) Class: 4870K(5120K)->4870K(5120K)
[4176.438s][info][gc             ] GC(1132) Pause Young (Prepare Mixed) (G1 Evacuation Pause) 3631M->1459M(4096M) 116.775ms
[4176.438s][info][gc,cpu         ] GC(1132) User=0.69s Sys=0.00s Real=0.12s
..[4178.803s][info][gc,start       ] GC(1133) Pause Young (Mixed) (G1 Evacuation Pause)
[4178.803s][info][gc,task        ] GC(1133) Using 6 workers of 6 for evacuation
[4178.933s][info][gc,phases      ] GC(1133)   Pre Evacuate Collection Set: 0.39ms
[4178.933s][info][gc,phases      ] GC(1133)   Merge Heap Roots: 0.67ms
[4178.933s][info][gc,phases      ] GC(1133)   Evacuate Collection Set: 128.32ms
[4178.933s][info][gc,phases      ] GC(1133)   Post Evacuate Collection Set: 0.93ms
[4178.933s][info][gc,phases      ] GC(1133)   Other: 0.09ms
[4178.933s][info][gc,heap        ] GC(1133) Eden regions: 1105->0(1121)
[4178.933s][info][gc,heap        ] GC(1133) Survivor regions: 110->107(152)
[4178.933s][info][gc,heap        ] GC(1133) Old regions: 540->475
[4178.933s][info][gc,heap        ] GC(1133) Humongous regions: 80->80
[4178.933s][info][gc,metaspace   ] GC(1133) Metaspace: 28955K(29376K)->28955K(29376K) NonClass: 24084K(24256K)->24084K(24256K) Class: 4870K(5120K)->4870K(5120K)
[4178.933s][info][gc             ] GC(1133) Pause Young (Mixed) (G1 Evacuation Pause) 3669M->1321M(4096M) 130.547ms
[4178.933s][info][gc,cpu         ] GC(1133) User=0.77s Sys=0.00s Real=0.13s
...[4181.327s][info][gc,start       ] GC(1134) Pause Young (Concurrent Start) (G1 Evacuation Pause)
[4181.327s][info][gc,task        ] GC(1134) Using 6 workers of 6 for evacuation
[4181.444s][info][gc,phases      ] GC(1134)   Pre Evacuate Collection Set: 0.36ms
[4181.444s][info][gc,phases      ] GC(1134)   Merge Heap Roots: 0.45ms
[4181.444s][info][gc,phases      ] GC(1134)   Evacuate Collection Set: 115.06ms
[4181.444s][info][gc,phases      ] GC(1134)   Post Evacuate Collection Set: 0.87ms
[4181.444s][info][gc,phases      ] GC(1134)   Other: 0.11ms
[4181.444s][info][gc,heap        ] GC(1134) Eden regions: 1121->0(1118)
[4181.444s][info][gc,heap        ] GC(1134) Survivor regions: 107->110(154)
[4181.444s][info][gc,heap        ] GC(1134) Old regions: 475->507
[4181.444s][info][gc,heap        ] GC(1134) Humongous regions: 80->80
[4181.444s][info][gc,metaspace   ] GC(1134) Metaspace: 28955K(29376K)->28955K(29376K) NonClass: 24084K(24256K)->24084K(24256K) Class: 4870K(5120K)->4870K(5120K)
[4181.444s][info][gc             ] GC(1134) Pause Young (Concurrent Start) (G1 Evacuation Pause) 3563M->1392M(4096M) 117.015ms
[4181.444s][info][gc             ] GC(1135) Concurrent Mark Cycle
[4181.444s][info][gc,marking     ] GC(1135) Concurrent Scan Root Regions
[4181.444s][info][gc,cpu         ] GC(1134) User=0.69s Sys=0.00s Real=0.12s
[4181.631s][info][gc,marking     ] GC(1135) Concurrent Scan Root Regions 186.671ms
[4181.631s][info][gc,marking     ] GC(1135) Concurrent Mark
[4181.631s][info][gc,marking     ] GC(1135) Concurrent Mark From Roots
[4181.631s][info][gc,task        ] GC(1135) Using 2 workers of 2 for marking
.[4182.415s][info][gc,marking     ] GC(1135) Concurrent Mark From Roots 783.873ms
[4182.415s][info][gc,marking     ] GC(1135) Concurrent Preclean
[4182.415s][info][gc,marking     ] GC(1135) Concurrent Preclean 0.114ms
[4182.416s][info][gc,start       ] GC(1135) Pause Remark
[4182.420s][info][gc             ] GC(1135) Pause Remark 2276M->2276M(4096M) 4.298ms
[4182.420s][info][gc,cpu         ] GC(1135) User=0.02s Sys=0.00s Real=0.00s
[4182.422s][info][gc,marking     ] GC(1135) Concurrent Mark 791.325ms
[4182.422s][info][gc,marking     ] GC(1135) Concurrent Rebuild Remembered Sets and Scrub Regions
[4182.688s][info][gc,marking     ] GC(1135) Concurrent Rebuild Remembered Sets and Scrub Regions 265.164ms
[4182.688s][info][gc,start       ] GC(1135) Pause Cleanup
[4182.688s][info][gc             ] GC(1135) Pause Cleanup 2569M->2569M(4096M) 0.101ms
[4182.688s][info][gc,cpu         ] GC(1135) User=0.00s Sys=0.00s Real=0.00s
[4182.688s][info][gc,marking     ] GC(1135) Concurrent Clear Claimed Marks
[4182.688s][info][gc,marking     ] GC(1135) Concurrent Clear Claimed Marks 0.023ms
[4182.688s][info][gc,marking     ] GC(1135) Concurrent Cleanup for Next Mark
[4182.693s][info][gc,marking     ] GC(1135) Concurrent Cleanup for Next Mark 5.034ms
[4182.693s][info][gc             ] GC(1135) Concurrent Mark Cycle 1248.656ms
.[4183.826s][info][gc,start       ] GC(1136) Pause Young (Prepare Mixed) (G1 Evacuation Pause)
[4183.826s][info][gc,task        ] GC(1136) Using 6 workers of 6 for evacuation
[4183.944s][info][gc,phases      ] GC(1136)   Pre Evacuate Collection Set: 0.35ms
[4183.944s][info][gc,phases      ] GC(1136)   Merge Heap Roots: 0.52ms
[4183.944s][info][gc,phases      ] GC(1136)   Evacuate Collection Set: 116.67ms
[4183.944s][info][gc,phases      ] GC(1136)   Post Evacuate Collection Set: 0.91ms
[4183.944s][info][gc,phases      ] GC(1136)   Other: 0.09ms
[4183.944s][info][gc,heap        ] GC(1136) Eden regions: 1118->0(1105)
[4183.944s][info][gc,heap        ] GC(1136) Survivor regions: 110->111(154)
[4183.944s][info][gc,heap        ] GC(1136) Old regions: 507->538
[4183.944s][info][gc,heap        ] GC(1136) Humongous regions: 80->80
[4183.944s][info][gc,metaspace   ] GC(1136) Metaspace: 28955K(29376K)->28955K(29376K) NonClass: 24084K(24256K)->24084K(24256K) Class: 4870K(5120K)->4870K(5120K)
[4183.944s][info][gc             ] GC(1136) Pause Young (Prepare Mixed) (G1 Evacuation Pause) 3628M->1456M(4096M) 118.664ms
[4183.944s][info][gc,cpu         ] GC(1136) User=0.70s Sys=0.00s Real=0.12s
...[4186.280s][info][gc,start       ] GC(1137) Pause Young (Mixed) (G1 Evacuation Pause)
[4186.280s][info][gc,task        ] GC(1137) Using 6 workers of 6 for evacuation
[4186.411s][info][gc,phases      ] GC(1137)   Pre Evacuate Collection Set: 0.35ms
[4186.411s][info][gc,phases      ] GC(1137)   Merge Heap Roots: 0.62ms
[4186.411s][info][gc,phases      ] GC(1137)   Evacuate Collection Set: 128.96ms
[4186.411s][info][gc,phases      ] GC(1137)   Post Evacuate Collection Set: 0.92ms
[4186.411s][info][gc,phases      ] GC(1137)   Other: 0.09ms
[4186.411s][info][gc,heap        ] GC(1137) Eden regions: 1105->0(1118)
[4186.411s][info][gc,heap        ] GC(1137) Survivor regions: 111->110(152)
[4186.411s][info][gc,heap        ] GC(1137) Old regions: 538->475
[4186.411s][info][gc,heap        ] GC(1137) Humongous regions: 80->80
[4186.411s][info][gc,metaspace   ] GC(1137) Metaspace: 28955K(29376K)->28955K(29376K) NonClass: 24084K(24256K)->24084K(24256K) Class: 4870K(5120K)->4870K(5120K)
[4186.411s][info][gc             ] GC(1137) Pause Young (Mixed) (G1 Evacuation Pause) 3666M->1327M(4096M) 131.074ms
[4186.411s][info][gc,cpu         ] GC(1137) User=0.78s Sys=0.00s Real=0.13s
 (rIR:aIR:PR = 7472:7496:7496) (tPR = 111237) [OK] 
  4186s: Performance info:
         Transaction,    Success,    Partial,     Failed,   Receipts, AvgBarcode, 
             Overall,     455576,          0,          0,     432811,      59.48, 
         Response times:
             Request,    Success,    Partial,     Failed,   SkipFail,     Probes,    Samples,      min,      p50,      p90,      p95,      p99,      max, 
       TotalPurchase,     432811,          0,          0,          0,     363735,     409977,      300,     6400,    67000,   114000,   195000,   433000,
     InStorePurchase,     227805,          0,          0,          0,     191257,     215811,      300,     6500,    68000,   116000,   198000,   433000,
      OnlinePurchase,     159303,          0,          0,          0,     134440,     150916,      300,     6100,    65000,   111000,   194000,   433000,
        InstPurchase,      45703,          0,          0,          0,      38038,      43250,      400,     6700,    69000,   115000,   188000,   358000,
          AssocOfCat,        451,          0,          0,          0,        383,        550,    26000,    41000,   131900,   187900,   239000,   297000,
      AssocOfProduct,       4550,          0,          0,          0,       4286,       5033,      300,     6800,    66000,   111000,   193660,   323000,
      BusinessReport,       1139,          0,          0,          0,        996,       1254,    26000,    42000,   121500,   163500,   255900,   319000,
          CustBuyBeh,       4557,          0,          0,          0,       4215,       4940,      200,     6400,    66000,   110000,   185000,   274000,
       ProductReturn,      12068,          0,          0,          0,      10337,      12065,      200,     7300,    70000,   115000,   192000,   338000,

  4186s: (55%)   IR =   7610 ..[4188.851s][info][gc,start       ] GC(1138) Pause Young (Concurrent Start) (G1 Evacuation Pause)
[4188.851s][info][gc,task        ] GC(1138) Using 6 workers of 6 for evacuation
[4188.965s][info][gc,phases      ] GC(1138)   Pre Evacuate Collection Set: 0.36ms
[4188.965s][info][gc,phases      ] GC(1138)   Merge Heap Roots: 0.43ms
[4188.965s][info][gc,phases      ] GC(1138)   Evacuate Collection Set: 112.71ms
[4188.965s][info][gc,phases      ] GC(1138)   Post Evacuate Collection Set: 0.93ms
[4188.965s][info][gc,phases      ] GC(1138)   Other: 0.11ms
[4188.965s][info][gc,heap        ] GC(1138) Eden regions: 1118->0(1120)
[4188.965s][info][gc,heap        ] GC(1138) Survivor regions: 110->108(154)
[4188.965s][info][gc,heap        ] GC(1138) Old regions: 475->506
[4188.965s][info][gc,heap        ] GC(1138) Humongous regions: 80->80
[4188.965s][info][gc,metaspace   ] GC(1138) Metaspace: 28956K(29376K)->28956K(29376K) NonClass: 24085K(24256K)->24085K(24256K) Class: 4870K(5120K)->4870K(5120K)
[4188.965s][info][gc             ] GC(1138) Pause Young (Concurrent Start) (G1 Evacuation Pause) 3563M->1387M(4096M) 114.676ms
[4188.965s][info][gc             ] GC(1139) Concurrent Mark Cycle
[4188.965s][info][gc,marking     ] GC(1139) Concurrent Scan Root Regions
[4188.965s][info][gc,cpu         ] GC(1138) User=0.68s Sys=0.00s Real=0.12s
[4189.155s][info][gc,marking     ] GC(1139) Concurrent Scan Root Regions 189.748ms
[4189.155s][info][gc,marking     ] GC(1139) Concurrent Mark
[4189.155s][info][gc,marking     ] GC(1139) Concurrent Mark From Roots
[4189.155s][info][gc,task        ] GC(1139) Using 2 workers of 2 for marking
.[4190.102s][info][gc,marking     ] GC(1139) Concurrent Mark From Roots 947.350ms
[4190.103s][info][gc,marking     ] GC(1139) Concurrent Preclean
[4190.103s][info][gc,marking     ] GC(1139) Concurrent Preclean 0.165ms
[4190.103s][info][gc,start       ] GC(1139) Pause Remark
[4190.110s][info][gc             ] GC(1139) Pause Remark 2447M->2447M(4096M) 7.163ms
[4190.110s][info][gc,cpu         ] GC(1139) User=0.04s Sys=0.00s Real=0.01s
[4190.110s][info][gc,marking     ] GC(1139) Concurrent Mark 955.266ms
[4190.110s][info][gc,marking     ] GC(1139) Concurrent Rebuild Remembered Sets and Scrub Regions
[4190.483s][info][gc,marking     ] GC(1139) Concurrent Rebuild Remembered Sets and Scrub Regions 372.682ms
[4190.483s][info][gc,start       ] GC(1139) Pause Cleanup
[4190.483s][info][gc             ] GC(1139) Pause Cleanup 2891M->2891M(4096M) 0.107ms
[4190.483s][info][gc,cpu         ] GC(1139) User=0.00s Sys=0.00s Real=0.00s
[4190.483s][info][gc,marking     ] GC(1139) Concurrent Clear Claimed Marks
[4190.483s][info][gc,marking     ] GC(1139) Concurrent Clear Claimed Marks 0.024ms
[4190.483s][info][gc,marking     ] GC(1139) Concurrent Cleanup for Next Mark
[4190.488s][info][gc,marking     ] GC(1139) Concurrent Cleanup for Next Mark 4.373ms
[4190.488s][info][gc             ] GC(1139) Concurrent Mark Cycle 1522.597ms
.[4191.275s][info][gc,start       ] GC(1140) Pause Young (Prepare Mixed) (G1 Evacuation Pause)
[4191.275s][info][gc,task        ] GC(1140) Using 6 workers of 6 for evacuation
[4191.394s][info][gc,phases      ] GC(1140)   Pre Evacuate Collection Set: 0.30ms
[4191.394s][info][gc,phases      ] GC(1140)   Merge Heap Roots: 0.50ms
[4191.394s][info][gc,phases      ] GC(1140)   Evacuate Collection Set: 116.68ms
[4191.394s][info][gc,phases      ] GC(1140)   Post Evacuate Collection Set: 0.96ms
[4191.394s][info][gc,phases      ] GC(1140)   Other: 0.08ms
[4191.394s][info][gc,heap        ] GC(1140) Eden regions: 1120->0(1105)
[4191.394s][info][gc,heap        ] GC(1140) Survivor regions: 108->111(154)
[4191.394s][info][gc,heap        ] GC(1140) Old regions: 506->538
[4191.394s][info][gc,heap        ] GC(1140) Humongous regions: 80->80
[4191.394s][info][gc,metaspace   ] GC(1140) Metaspace: 28956K(29376K)->28956K(29376K) NonClass: 24085K(24256K)->24085K(24256K) Class: 4870K(5120K)->4870K(5120K)
[4191.394s][info][gc             ] GC(1140) Pause Young (Prepare Mixed) (G1 Evacuation Pause) 3627M->1456M(4096M) 118.654ms
[4191.394s][info][gc,cpu         ] GC(1140) User=0.70s Sys=0.00s Real=0.12s
..|.[4193.709s][info][gc,start       ] GC(1141) Pause Young (Mixed) (G1 Evacuation Pause)
[4193.709s][info][gc,task        ] GC(1141) Using 6 workers of 6 for evacuation
[4193.838s][info][gc,phases      ] GC(1141)   Pre Evacuate Collection Set: 0.37ms
[4193.838s][info][gc,phases      ] GC(1141)   Merge Heap Roots: 0.67ms
[4193.838s][info][gc,phases      ] GC(1141)   Evacuate Collection Set: 126.61ms
[4193.838s][info][gc,phases      ] GC(1141)   Post Evacuate Collection Set: 0.95ms
[4193.838s][info][gc,phases      ] GC(1141)   Other: 0.09ms
[4193.838s][info][gc,heap        ] GC(1141) Eden regions: 1105->0(1123)
[4193.838s][info][gc,heap        ] GC(1141) Survivor regions: 111->105(152)
[4193.838s][info][gc,heap        ] GC(1141) Old regions: 538->476
[4193.838s][info][gc,heap        ] GC(1141) Humongous regions: 80->80
[4193.838s][info][gc,metaspace   ] GC(1141) Metaspace: 28956K(29376K)->28956K(29376K) NonClass: 24085K(24256K)->24085K(24256K) Class: 4870K(5120K)->4870K(5120K)
[4193.838s][info][gc             ] GC(1141) Pause Young (Mixed) (G1 Evacuation Pause) 3666M->1320M(4096M) 128.818ms
[4193.838s][info][gc,cpu         ] GC(1141) User=0.77s Sys=0.00s Real=0.13s
..[4196.218s][info][gc,start       ] GC(1142) Pause Young (Concurrent Start) (G1 Evacuation Pause)
[4196.218s][info][gc,task        ] GC(1142) Using 6 workers of 6 for evacuation
[4196.334s][info][gc,phases      ] GC(1142)   Pre Evacuate Collection Set: 0.38ms
[4196.334s][info][gc,phases      ] GC(1142)   Merge Heap Roots: 0.45ms
[4196.334s][info][gc,phases      ] GC(1142)   Evacuate Collection Set: 113.91ms
[4196.334s][info][gc,phases      ] GC(1142)   Post Evacuate Collection Set: 0.83ms
[4196.334s][info][gc,phases      ] GC(1142)   Other: 0.13ms
[4196.334s][info][gc,heap        ] GC(1142) Eden regions: 1123->0(1118)
[4196.334s][info][gc,heap        ] GC(1142) Survivor regions: 105->110(154)
[4196.334s][info][gc,heap        ] GC(1142) Old regions: 476->507
[4196.334s][info][gc,heap        ] GC(1142) Humongous regions: 80->80
[4196.334s][info][gc,metaspace   ] GC(1142) Metaspace: 28956K(29376K)->28956K(29376K) NonClass: 24085K(24256K)->24085K(24256K) Class: 4870K(5120K)->4870K(5120K)
[4196.334s][info][gc             ] GC(1142) Pause Young (Concurrent Start) (G1 Evacuation Pause) 3566M->1391M(4096M) 115.861ms
[4196.334s][info][gc             ] GC(1143) Concurrent Mark Cycle
[4196.334s][info][gc,marking     ] GC(1143) Concurrent Scan Root Regions
[4196.334s][info][gc,cpu         ] GC(1142) User=0.69s Sys=0.00s Real=0.12s
[4196.516s][info][gc,marking     ] GC(1143) Concurrent Scan Root Regions 181.564ms
[4196.516s][info][gc,marking     ] GC(1143) Concurrent Mark
[4196.516s][info][gc,marking     ] GC(1143) Concurrent Mark From Roots
[4196.516s][info][gc,task        ] GC(1143) Using 2 workers of 2 for marking
.[4197.487s][info][gc,marking     ] GC(1143) Concurrent Mark From Roots 970.913ms
[4197.487s][info][gc,marking     ] GC(1143) Concurrent Preclean
[4197.487s][info][gc,marking     ] GC(1143) Concurrent Preclean 0.123ms
[4197.487s][info][gc,start       ] GC(1143) Pause Remark
[4197.494s][info][gc             ] GC(1143) Pause Remark 2453M->2453M(4096M) 6.387ms
[4197.494s][info][gc,cpu         ] GC(1143) User=0.03s Sys=0.00s Real=0.01s
[4197.494s][info][gc,marking     ] GC(1143) Concurrent Mark 978.232ms
[4197.494s][info][gc,marking     ] GC(1143) Concurrent Rebuild Remembered Sets and Scrub Regions
.[4197.913s][info][gc,marking     ] GC(1143) Concurrent Rebuild Remembered Sets and Scrub Regions 418.693ms
[4197.913s][info][gc,start       ] GC(1143) Pause Cleanup
[4197.913s][info][gc             ] GC(1143) Pause Cleanup 2925M->2925M(4096M) 0.120ms
[4197.913s][info][gc,cpu         ] GC(1143) User=0.00s Sys=0.00s Real=0.00s
[4197.914s][info][gc,marking     ] GC(1143) Concurrent Clear Claimed Marks
[4197.914s][info][gc,marking     ] GC(1143) Concurrent Clear Claimed Marks 0.044ms
[4197.914s][info][gc,marking     ] GC(1143) Concurrent Cleanup for Next Mark
[4197.919s][info][gc,marking     ] GC(1143) Concurrent Cleanup for Next Mark 5.077ms
[4197.919s][info][gc             ] GC(1143) Concurrent Mark Cycle 1584.926ms
.[4198.669s][info][gc,start       ] GC(1144) Pause Young (Prepare Mixed) (G1 Evacuation Pause)
[4198.669s][info][gc,task        ] GC(1144) Using 6 workers of 6 for evacuation
[4198.788s][info][gc,phases      ] GC(1144)   Pre Evacuate Collection Set: 0.35ms
[4198.788s][info][gc,phases      ] GC(1144)   Merge Heap Roots: 0.49ms
[4198.788s][info][gc,phases      ] GC(1144)   Evacuate Collection Set: 116.71ms
[4198.788s][info][gc,phases      ] GC(1144)   Post Evacuate Collection Set: 0.93ms
[4198.788s][info][gc,phases      ] GC(1144)   Other: 0.08ms
[4198.788s][info][gc,heap        ] GC(1144) Eden regions: 1118->0(1104)
[4198.788s][info][gc,heap        ] GC(1144) Survivor regions: 110->111(154)
[4198.788s][info][gc,heap        ] GC(1144) Old regions: 507->539
[4198.788s][info][gc,heap        ] GC(1144) Humongous regions: 80->80
[4198.788s][info][gc,metaspace   ] GC(1144) Metaspace: 28956K(29376K)->28956K(29376K) NonClass: 24085K(24256K)->24085K(24256K) Class: 4870K(5120K)->4870K(5120K)
[4198.788s][info][gc             ] GC(1144) Pause Young (Prepare Mixed) (G1 Evacuation Pause) 3627M->1459M(4096M) 118.715ms
[4198.788s][info][gc,cpu         ] GC(1144) User=0.70s Sys=0.00s Real=0.12s
..[4201.065s][info][gc,start       ] GC(1145) Pause Young (Mixed) (G1 Evacuation Pause)
[4201.065s][info][gc,task        ] GC(1145) Using 6 workers of 6 for evacuation
[4201.195s][info][gc,phases      ] GC(1145)   Pre Evacuate Collection Set: 0.39ms
[4201.195s][info][gc,phases      ] GC(1145)   Merge Heap Roots: 0.63ms
[4201.195s][info][gc,phases      ] GC(1145)   Evacuate Collection Set: 127.26ms
[4201.195s][info][gc,phases      ] GC(1145)   Post Evacuate Collection Set: 0.95ms
[4201.195s][info][gc,phases      ] GC(1145)   Other: 0.09ms
[4201.195s][info][gc,heap        ] GC(1145) Eden regions: 1104->0(1121)
[4201.195s][info][gc,heap        ] GC(1145) Survivor regions: 111->107(152)
[4201.195s][info][gc,heap        ] GC(1145) Old regions: 539->475
[4201.195s][info][gc,heap        ] GC(1145) Humongous regions: 80->80
[4201.195s][info][gc,metaspace   ] GC(1145) Metaspace: 28956K(29376K)->28956K(29376K) NonClass: 24085K(24256K)->24085K(24256K) Class: 4870K(5120K)->4870K(5120K)
[4201.195s][info][gc             ] GC(1145) Pause Young (Mixed) (G1 Evacuation Pause) 3667M->1321M(4096M) 129.457ms
[4201.195s][info][gc,cpu         ] GC(1145) User=0.77s Sys=0.00s Real=0.13s
..[4203.523s][info][gc,start       ] GC(1146) Pause Young (Concurrent Start) (G1 Evacuation Pause)
[4203.523s][info][gc,task        ] GC(1146) Using 6 workers of 6 for evacuation
[4203.642s][info][gc,phases      ] GC(1146)   Pre Evacuate Collection Set: 0.38ms
[4203.642s][info][gc,phases      ] GC(1146)   Merge Heap Roots: 0.44ms
[4203.642s][info][gc,phases      ] GC(1146)   Evacuate Collection Set: 117.01ms
[4203.642s][info][gc,phases      ] GC(1146)   Post Evacuate Collection Set: 0.88ms
[4203.642s][info][gc,phases      ] GC(1146)   Other: 0.12ms
[4203.642s][info][gc,heap        ] GC(1146) Eden regions: 1121->0(1116)
[4203.642s][info][gc,heap        ] GC(1146) Survivor regions: 107->112(154)
[4203.642s][info][gc,heap        ] GC(1146) Old regions: 475->506
[4203.642s][info][gc,heap        ] GC(1146) Humongous regions: 80->80
[4203.642s][info][gc,metaspace   ] GC(1146) Metaspace: 28956K(29376K)->28956K(29376K) NonClass: 24085K(24256K)->24085K(24256K) Class: 4870K(5120K)->4870K(5120K)
[4203.642s][info][gc             ] GC(1146) Pause Young (Concurrent Start) (G1 Evacuation Pause) 3563M->1395M(4096M) 118.970ms
[4203.642s][info][gc             ] GC(1147) Concurrent Mark Cycle
[4203.642s][info][gc,marking     ] GC(1147) Concurrent Scan Root Regions
[4203.642s][info][gc,cpu         ] GC(1146) User=0.70s Sys=0.00s Real=0.12s
.[4203.829s][info][gc,marking     ] GC(1147) Concurrent Scan Root Regions 186.492ms
[4203.829s][info][gc,marking     ] GC(1147) Concurrent Mark
[4203.829s][info][gc,marking     ] GC(1147) Concurrent Mark From Roots
[4203.829s][info][gc,task        ] GC(1147) Using 2 workers of 2 for marking
[4204.839s][info][gc,marking     ] GC(1147) Concurrent Mark From Roots 1010.541ms
[4204.839s][info][gc,marking     ] GC(1147) Concurrent Preclean
[4204.839s][info][gc,marking     ] GC(1147) Concurrent Preclean 0.136ms
[4204.840s][info][gc,start       ] GC(1147) Pause Remark
[4204.847s][info][gc             ] GC(1147) Pause Remark 2570M->2570M(4096M) 6.832ms
[4204.847s][info][gc,cpu         ] GC(1147) User=0.04s Sys=0.00s Real=0.01s
[4204.847s][info][gc,marking     ] GC(1147) Concurrent Mark 1018.027ms
[4204.847s][info][gc,marking     ] GC(1147) Concurrent Rebuild Remembered Sets and Scrub Regions
.[4205.171s][info][gc,marking     ] GC(1147) Concurrent Rebuild Remembered Sets and Scrub Regions 324.733ms
[4205.172s][info][gc,start       ] GC(1147) Pause Cleanup
[4205.172s][info][gc             ] GC(1147) Pause Cleanup 2873M->2873M(4096M) 0.105ms
[4205.172s][info][gc,cpu         ] GC(1147) User=0.00s Sys=0.00s Real=0.00s
[4205.172s][info][gc,marking     ] GC(1147) Concurrent Clear Claimed Marks
[4205.172s][info][gc,marking     ] GC(1147) Concurrent Clear Claimed Marks 0.023ms
[4205.172s][info][gc,marking     ] GC(1147) Concurrent Cleanup for Next Mark
[4205.175s][info][gc,marking     ] GC(1147) Concurrent Cleanup for Next Mark 3.693ms
[4205.175s][info][gc             ] GC(1147) Concurrent Mark Cycle 1533.355ms
.[4206.034s][info][gc,start       ] GC(1148) Pause Young (Prepare Mixed) (G1 Evacuation Pause)
[4206.034s][info][gc,task        ] GC(1148) Using 6 workers of 6 for evacuation
[4206.152s][info][gc,phases      ] GC(1148)   Pre Evacuate Collection Set: 0.33ms
[4206.152s][info][gc,phases      ] GC(1148)   Merge Heap Roots: 0.50ms
[4206.152s][info][gc,phases      ] GC(1148)   Evacuate Collection Set: 116.02ms
[4206.152s][info][gc,phases      ] GC(1148)   Post Evacuate Collection Set: 0.90ms
[4206.152s][info][gc,phases      ] GC(1148)   Other: 0.09ms
[4206.152s][info][gc,heap        ] GC(1148) Eden regions: 1116->0(1105)
[4206.152s][info][gc,heap        ] GC(1148) Survivor regions: 112->111(154)
[4206.152s][info][gc,heap        ] GC(1148) Old regions: 506->538
[4206.152s][info][gc,heap        ] GC(1148) Humongous regions: 80->80
[4206.152s][info][gc,metaspace   ] GC(1148) Metaspace: 28956K(29376K)->28956K(29376K) NonClass: 24085K(24256K)->24085K(24256K) Class: 4870K(5120K)->4870K(5120K)
[4206.152s][info][gc             ] GC(1148) Pause Young (Prepare Mixed) (G1 Evacuation Pause) 3627M->1455M(4096M) 117.983ms
[4206.152s][info][gc,cpu         ] GC(1148) User=0.70s Sys=0.01s Real=0.11s
..[4208.391s][info][gc,start       ] GC(1149) Pause Young (Mixed) (G1 Evacuation Pause)
[4208.391s][info][gc,task        ] GC(1149) Using 6 workers of 6 for evacuation
[4208.523s][info][gc,phases      ] GC(1149)   Pre Evacuate Collection Set: 0.35ms
[4208.523s][info][gc,phases      ] GC(1149)   Merge Heap Roots: 0.65ms
[4208.523s][info][gc,phases      ] GC(1149)   Evacuate Collection Set: 129.96ms
[4208.523s][info][gc,phases      ] GC(1149)   Post Evacuate Collection Set: 0.95ms
[4208.523s][info][gc,phases      ] GC(1149)   Other: 0.08ms
[4208.523s][info][gc,heap        ] GC(1149) Eden regions: 1105->0(1119)
[4208.523s][info][gc,heap        ] GC(1149) Survivor regions: 111->109(152)
[4208.523s][info][gc,heap        ] GC(1149) Old regions: 538->475
[4208.523s][info][gc,heap        ] GC(1149) Humongous regions: 80->80
[4208.523s][info][gc,metaspace   ] GC(1149) Metaspace: 28956K(29376K)->28956K(29376K) NonClass: 24085K(24256K)->24085K(24256K) Class: 4870K(5120K)->4870K(5120K)
[4208.523s][info][gc             ] GC(1149) Pause Young (Mixed) (G1 Evacuation Pause) 3665M->1326M(4096M) 132.132ms
[4208.523s][info][gc,cpu         ] GC(1149) User=0.78s Sys=0.00s Real=0.14s
..[4210.860s][info][gc,start       ] GC(1150) Pause Young (Concurrent Start) (G1 Evacuation Pause)
[4210.860s][info][gc,task        ] GC(1150) Using 6 workers of 6 for evacuation
[4210.983s][info][gc,phases      ] GC(1150)   Pre Evacuate Collection Set: 0.39ms
[4210.983s][info][gc,phases      ] GC(1150)   Merge Heap Roots: 0.55ms
[4210.983s][info][gc,phases      ] GC(1150)   Evacuate Collection Set: 120.46ms
[4210.983s][info][gc,phases      ] GC(1150)   Post Evacuate Collection Set: 0.86ms
[4210.983s][info][gc,phases      ] GC(1150)   Other: 0.11ms
[4210.983s][info][gc,heap        ] GC(1150) Eden regions: 1119->0(1115)
[4210.983s][info][gc,heap        ] GC(1150) Survivor regions: 109->113(154)
[4210.983s][info][gc,heap        ] GC(1150) Old regions: 475->506
[4210.983s][info][gc,heap        ] GC(1150) Humongous regions: 80->80
[4210.983s][info][gc,metaspace   ] GC(1150) Metaspace: 28956K(29376K)->28956K(29376K) NonClass: 24085K(24256K)->24085K(24256K) Class: 4870K(5120K)->4870K(5120K)
[4210.983s][info][gc             ] GC(1150) Pause Young (Concurrent Start) (G1 Evacuation Pause) 3564M->1397M(4096M) 122.518ms
[4210.983s][info][gc             ] GC(1151) Concurrent Mark Cycle
[4210.983s][info][gc,marking     ] GC(1151) Concurrent Scan Root Regions
[4210.983s][info][gc,cpu         ] GC(1150) User=0.73s Sys=0.00s Real=0.12s
.[4211.171s][info][gc,marking     ] GC(1151) Concurrent Scan Root Regions 188.263ms
[4211.171s][info][gc,marking     ] GC(1151) Concurrent Mark
[4211.171s][info][gc,marking     ] GC(1151) Concurrent Mark From Roots
[4211.171s][info][gc,task        ] GC(1151) Using 2 workers of 2 for marking
.[4212.164s][info][gc,marking     ] GC(1151) Concurrent Mark From Roots 992.632ms
[4212.164s][info][gc,marking     ] GC(1151) Concurrent Preclean
[4212.164s][info][gc,marking     ] GC(1151) Concurrent Preclean 0.125ms
[4212.165s][info][gc,start       ] GC(1151) Pause Remark
[4212.170s][info][gc             ] GC(1151) Pause Remark 2519M->2519M(4096M) 5.428ms
[4212.170s][info][gc,cpu         ] GC(1151) User=0.03s Sys=0.00s Real=0.00s
[4212.172s][info][gc,marking     ] GC(1151) Concurrent Mark 1001.217ms
[4212.172s][info][gc,marking     ] GC(1151) Concurrent Rebuild Remembered Sets and Scrub Regions
[4212.435s][info][gc,marking     ] GC(1151) Concurrent Rebuild Remembered Sets and Scrub Regions 262.456ms
[4212.435s][info][gc,start       ] GC(1151) Pause Cleanup
[4212.435s][info][gc             ] GC(1151) Pause Cleanup 2785M->2785M(4096M) 0.110ms
[4212.435s][info][gc,cpu         ] GC(1151) User=0.00s Sys=0.00s Real=0.00s
[4212.435s][info][gc,marking     ] GC(1151) Concurrent Clear Claimed Marks
[4212.435s][info][gc,marking     ] GC(1151) Concurrent Clear Claimed Marks 0.032ms
[4212.435s][info][gc,marking     ] GC(1151) Concurrent Cleanup for Next Mark
[4212.441s][info][gc,marking     ] GC(1151) Concurrent Cleanup for Next Mark 5.556ms
[4212.441s][info][gc             ] GC(1151) Concurrent Mark Cycle 1458.189ms
.[4213.307s][info][gc,start       ] GC(1152) Pause Young (Prepare Mixed) (G1 Evacuation Pause)
[4213.307s][info][gc,task        ] GC(1152) Using 6 workers of 6 for evacuation
[4213.424s][info][gc,phases      ] GC(1152)   Pre Evacuate Collection Set: 0.32ms
[4213.425s][info][gc,phases      ] GC(1152)   Merge Heap Roots: 0.48ms
[4213.425s][info][gc,phases      ] GC(1152)   Evacuate Collection Set: 115.41ms
[4213.425s][info][gc,phases      ] GC(1152)   Post Evacuate Collection Set: 0.92ms
[4213.425s][info][gc,phases      ] GC(1152)   Other: 0.08ms
[4213.425s][info][gc,heap        ] GC(1152) Eden regions: 1115->0(1105)
[4213.425s][info][gc,heap        ] GC(1152) Survivor regions: 113->111(154)
[4213.425s][info][gc,heap        ] GC(1152) Old regions: 506->538
[4213.425s][info][gc,heap        ] GC(1152) Humongous regions: 80->80
[4213.425s][info][gc,metaspace   ] GC(1152) Metaspace: 28956K(29376K)->28956K(29376K) NonClass: 24085K(24256K)->24085K(24256K) Class: 4870K(5120K)->4870K(5120K)
[4213.425s][info][gc             ] GC(1152) Pause Young (Prepare Mixed) (G1 Evacuation Pause) 3627M->1456M(4096M) 117.345ms
[4213.425s][info][gc,cpu         ] GC(1152) User=0.70s Sys=0.00s Real=0.12s
..[4215.701s][info][gc,start       ] GC(1153) Pause Young (Mixed) (G1 Evacuation Pause)
[4215.701s][info][gc,task        ] GC(1153) Using 6 workers of 6 for evacuation
[4215.829s][info][gc,phases      ] GC(1153)   Pre Evacuate Collection Set: 0.36ms
[4215.829s][info][gc,phases      ] GC(1153)   Merge Heap Roots: 0.66ms
[4215.829s][info][gc,phases      ] GC(1153)   Evacuate Collection Set: 126.26ms
[4215.829s][info][gc,phases      ] GC(1153)   Post Evacuate Collection Set: 0.91ms
[4215.829s][info][gc,phases      ] GC(1153)   Other: 0.09ms
[4215.829s][info][gc,heap        ] GC(1153) Eden regions: 1105->0(1122)
[4215.829s][info][gc,heap        ] GC(1153) Survivor regions: 111->106(152)
[4215.829s][info][gc,heap        ] GC(1153) Old regions: 538->474
[4215.829s][info][gc,heap        ] GC(1153) Humongous regions: 80->80
[4215.829s][info][gc,metaspace   ] GC(1153) Metaspace: 28956K(29376K)->28956K(29376K) NonClass: 24085K(24256K)->24085K(24256K) Class: 4870K(5120K)->4870K(5120K)
[4215.829s][info][gc             ] GC(1153) Pause Young (Mixed) (G1 Evacuation Pause) 3666M->1317M(4096M) 128.406ms
[4215.829s][info][gc,cpu         ] GC(1153) User=0.77s Sys=0.00s Real=0.13s
..[4218.134s][info][gc,start       ] GC(1154) Pause Young (Concurrent Start) (G1 Evacuation Pause)
[4218.134s][info][gc,task        ] GC(1154) Using 6 workers of 6 for evacuation
[4218.254s][info][gc,phases      ] GC(1154)   Pre Evacuate Collection Set: 0.37ms
[4218.254s][info][gc,phases      ] GC(1154)   Merge Heap Roots: 0.46ms
[4218.254s][info][gc,phases      ] GC(1154)   Evacuate Collection Set: 118.06ms
[4218.254s][info][gc,phases      ] GC(1154)   Post Evacuate Collection Set: 0.86ms
[4218.254s][info][gc,phases      ] GC(1154)   Other: 0.10ms
[4218.254s][info][gc,heap        ] GC(1154) Eden regions: 1122->0(1116)
[4218.254s][info][gc,heap        ] GC(1154) Survivor regions: 106->112(154)
[4218.254s][info][gc,heap        ] GC(1154) Old regions: 474->505
[4218.254s][info][gc,heap        ] GC(1154) Humongous regions: 80->80
[4218.254s][info][gc,metaspace   ] GC(1154) Metaspace: 28956K(29376K)->28956K(29376K) NonClass: 24085K(24256K)->24085K(24256K) Class: 4870K(5120K)->4870K(5120K)
[4218.254s][info][gc             ] GC(1154) Pause Young (Concurrent Start) (G1 Evacuation Pause) 3561M->1392M(4096M) 119.978ms
[4218.254s][info][gc             ] GC(1155) Concurrent Mark Cycle
[4218.254s][info][gc,marking     ] GC(1155) Concurrent Scan Root Regions
[4218.254s][info][gc,cpu         ] GC(1154) User=0.71s Sys=0.00s Real=0.12s
.[4218.442s][info][gc,marking     ] GC(1155) Concurrent Scan Root Regions 187.662ms
[4218.442s][info][gc,marking     ] GC(1155) Concurrent Mark
[4218.442s][info][gc,marking     ] GC(1155) Concurrent Mark From Roots
[4218.442s][info][gc,task        ] GC(1155) Using 2 workers of 2 for marking
.[4219.416s][info][gc,marking     ] GC(1155) Concurrent Mark From Roots 974.384ms
[4219.416s][info][gc,marking     ] GC(1155) Concurrent Preclean
[4219.416s][info][gc,marking     ] GC(1155) Concurrent Preclean 0.140ms
[4219.417s][info][gc,start       ] GC(1155) Pause Remark
[4219.422s][info][gc             ] GC(1155) Pause Remark 2502M->2502M(4096M) 5.444ms
[4219.422s][info][gc,cpu         ] GC(1155) User=0.03s Sys=0.00s Real=0.00s
[4219.423s][info][gc,marking     ] GC(1155) Concurrent Mark 980.811ms
[4219.423s][info][gc,marking     ] GC(1155) Concurrent Rebuild Remembered Sets and Scrub Regions
[4219.832s][info][gc,marking     ] GC(1155) Concurrent Rebuild Remembered Sets and Scrub Regions 409.173ms
[4219.832s][info][gc,start       ] GC(1155) Pause Cleanup
[4219.832s][info][gc             ] GC(1155) Pause Cleanup 2931M->2931M(4096M) 0.113ms
[4219.832s][info][gc,cpu         ] GC(1155) User=0.00s Sys=0.00s Real=0.00s
[4219.832s][info][gc,marking     ] GC(1155) Concurrent Clear Claimed Marks
[4219.832s][info][gc,marking     ] GC(1155) Concurrent Clear Claimed Marks 0.032ms
[4219.832s][info][gc,marking     ] GC(1155) Concurrent Cleanup for Next Mark
[4219.837s][info][gc,marking     ] GC(1155) Concurrent Cleanup for Next Mark 4.815ms
[4219.837s][info][gc             ] GC(1155) Concurrent Mark Cycle 1583.002ms
.[4220.558s][info][gc,start       ] GC(1156) Pause Young (Prepare Mixed) (G1 Evacuation Pause)
[4220.558s][info][gc,task        ] GC(1156) Using 6 workers of 6 for evacuation
[4220.676s][info][gc,phases      ] GC(1156)   Pre Evacuate Collection Set: 0.30ms
[4220.676s][info][gc,phases      ] GC(1156)   Merge Heap Roots: 0.49ms
[4220.676s][info][gc,phases      ] GC(1156)   Evacuate Collection Set: 116.41ms
[4220.676s][info][gc,phases      ] GC(1156)   Post Evacuate Collection Set: 0.89ms
[4220.676s][info][gc,phases      ] GC(1156)   Other: 0.09ms
[4220.676s][info][gc,heap        ] GC(1156) Eden regions: 1116->0(1105)
[4220.676s][info][gc,heap        ] GC(1156) Survivor regions: 112->112(154)
[4220.676s][info][gc,heap        ] GC(1156) Old regions: 505->536
[4220.676s][info][gc,heap        ] GC(1156) Humongous regions: 80->80
[4220.676s][info][gc,metaspace   ] GC(1156) Metaspace: 28956K(29376K)->28956K(29376K) NonClass: 24085K(24256K)->24085K(24256K) Class: 4870K(5120K)->4870K(5120K)
[4220.676s][info][gc             ] GC(1156) Pause Young (Prepare Mixed) (G1 Evacuation Pause) 3624M->1454M(4096M) 118.312ms
[4220.676s][info][gc,cpu         ] GC(1156) User=0.70s Sys=0.00s Real=0.12s
..[4223.019s][info][gc,start       ] GC(1157) Pause Young (Mixed) (G1 Evacuation Pause)
[4223.019s][info][gc,task        ] GC(1157) Using 6 workers of 6 for evacuation
[4223.153s][info][gc,phases      ] GC(1157)   Pre Evacuate Collection Set: 0.37ms
[4223.153s][info][gc,phases      ] GC(1157)   Merge Heap Roots: 0.70ms
[4223.153s][info][gc,phases      ] GC(1157)   Evacuate Collection Set: 131.99ms
[4223.153s][info][gc,phases      ] GC(1157)   Post Evacuate Collection Set: 0.93ms
[4223.153s][info][gc,phases      ] GC(1157)   Other: 0.09ms
[4223.153s][info][gc,heap        ] GC(1157) Eden regions: 1105->0(1119)
[4223.153s][info][gc,heap        ] GC(1157) Survivor regions: 112->109(153)
[4223.153s][info][gc,heap        ] GC(1157) Old regions: 536->474
[4223.153s][info][gc,heap        ] GC(1157) Humongous regions: 80->80
[4223.153s][info][gc,metaspace   ] GC(1157) Metaspace: 28956K(29376K)->28956K(29376K) NonClass: 24085K(24256K)->24085K(24256K) Class: 4870K(5120K)->4870K(5120K)
[4223.153s][info][gc             ] GC(1157) Pause Young (Mixed) (G1 Evacuation Pause) 3664M->1324M(4096M) 134.223ms
[4223.153s][info][gc,cpu         ] GC(1157) User=0.80s Sys=0.00s Real=0.13s
...[4225.500s][info][gc,start       ] GC(1158) Pause Young (Concurrent Start) (G1 Evacuation Pause)
[4225.500s][info][gc,task        ] GC(1158) Using 6 workers of 6 for evacuation
[4225.623s][info][gc,phases      ] GC(1158)   Pre Evacuate Collection Set: 0.33ms
[4225.623s][info][gc,phases      ] GC(1158)   Merge Heap Roots: 0.48ms
[4225.623s][info][gc,phases      ] GC(1158)   Evacuate Collection Set: 120.47ms
[4225.623s][info][gc,phases      ] GC(1158)   Post Evacuate Collection Set: 0.86ms
[4225.623s][info][gc,phases      ] GC(1158)   Other: 0.11ms
[4225.623s][info][gc,heap        ] GC(1158) Eden regions: 1119->0(1112)
[4225.623s][info][gc,heap        ] GC(1158) Survivor regions: 109->116(154)
[4225.623s][info][gc,heap        ] GC(1158) Old regions: 474->504
[4225.623s][info][gc,heap        ] GC(1158) Humongous regions: 80->80
[4225.623s][info][gc,metaspace   ] GC(1158) Metaspace: 28956K(29376K)->28956K(29376K) NonClass: 24085K(24256K)->24085K(24256K) Class: 4870K(5120K)->4870K(5120K)
[4225.623s][info][gc             ] GC(1158) Pause Young (Concurrent Start) (G1 Evacuation Pause) 3562M->1398M(4096M) 122.381ms
[4225.623s][info][gc             ] GC(1159) Concurrent Mark Cycle
[4225.623s][info][gc,marking     ] GC(1159) Concurrent Scan Root Regions
[4225.623s][info][gc,cpu         ] GC(1158) User=0.73s Sys=0.00s Real=0.12s
[4225.812s][info][gc,marking     ] GC(1159) Concurrent Scan Root Regions 189.311ms
[4225.812s][info][gc,marking     ] GC(1159) Concurrent Mark
[4225.812s][info][gc,marking     ] GC(1159) Concurrent Mark From Roots
[4225.812s][info][gc,task        ] GC(1159) Using 2 workers of 2 for marking
.[4226.830s][info][gc,marking     ] GC(1159) Concurrent Mark From Roots 1018.022ms
[4226.830s][info][gc,marking     ] GC(1159) Concurrent Preclean
[4226.830s][info][gc,marking     ] GC(1159) Concurrent Preclean 0.128ms
[4226.830s][info][gc,start       ] GC(1159) Pause Remark
[4226.837s][info][gc             ] GC(1159) Pause Remark 2514M->2514M(4096M) 6.382ms
[4226.837s][info][gc,cpu         ] GC(1159) User=0.04s Sys=0.00s Real=0.01s
[4226.837s][info][gc,marking     ] GC(1159) Concurrent Mark 1024.911ms
[4226.837s][info][gc,marking     ] GC(1159) Concurrent Rebuild Remembered Sets and Scrub Regions
[4227.196s][info][gc,marking     ] GC(1159) Concurrent Rebuild Remembered Sets and Scrub Regions 359.580ms
[4227.197s][info][gc,start       ] GC(1159) Pause Cleanup
[4227.197s][info][gc             ] GC(1159) Pause Cleanup 2905M->2905M(4096M) 0.108ms
[4227.197s][info][gc,cpu         ] GC(1159) User=0.00s Sys=0.00s Real=0.00s
[4227.197s][info][gc,marking     ] GC(1159) Concurrent Clear Claimed Marks
[4227.197s][info][gc,marking     ] GC(1159) Concurrent Clear Claimed Marks 0.025ms
[4227.197s][info][gc,marking     ] GC(1159) Concurrent Cleanup for Next Mark
[4227.201s][info][gc,marking     ] GC(1159) Concurrent Cleanup for Next Mark 4.334ms
[4227.201s][info][gc             ] GC(1159) Concurrent Mark Cycle 1578.657ms
.[4227.885s][info][gc,start       ] GC(1160) Pause Young (Prepare Mixed) (G1 Evacuation Pause)
[4227.885s][info][gc,task        ] GC(1160) Using 6 workers of 6 for evacuation
[4228.003s][info][gc,phases      ] GC(1160)   Pre Evacuate Collection Set: 0.32ms
[4228.003s][info][gc,phases      ] GC(1160)   Merge Heap Roots: 0.56ms
[4228.003s][info][gc,phases      ] GC(1160)   Evacuate Collection Set: 116.74ms
[4228.003s][info][gc,phases      ] GC(1160)   Post Evacuate Collection Set: 0.90ms
[4228.003s][info][gc,phases      ] GC(1160)   Other: 0.08ms
[4228.003s][info][gc,heap        ] GC(1160) Eden regions: 1112->0(1111)
[4228.003s][info][gc,heap        ] GC(1160) Survivor regions: 116->109(154)
[4228.003s][info][gc,heap        ] GC(1160) Old regions: 504->536
[4228.003s][info][gc,heap        ] GC(1160) Humongous regions: 80->80
[4228.003s][info][gc,metaspace   ] GC(1160) Metaspace: 28956K(29376K)->28956K(29376K) NonClass: 24085K(24256K)->24085K(24256K) Class: 4870K(5120K)->4870K(5120K)
[4228.003s][info][gc             ] GC(1160) Pause Young (Prepare Mixed) (G1 Evacuation Pause) 3622M->1449M(4096M) 118.731ms
[4228.004s][info][gc,cpu         ] GC(1160) User=0.71s Sys=0.00s Real=0.12s
...[4230.369s][info][gc,start       ] GC(1161) Pause Young (Mixed) (G1 Evacuation Pause)
[4230.369s][info][gc,task        ] GC(1161) Using 6 workers of 6 for evacuation
[4230.498s][info][gc,phases      ] GC(1161)   Pre Evacuate Collection Set: 0.36ms
[4230.498s][info][gc,phases      ] GC(1161)   Merge Heap Roots: 0.56ms
[4230.498s][info][gc,phases      ] GC(1161)   Evacuate Collection Set: 127.17ms
[4230.498s][info][gc,phases      ] GC(1161)   Post Evacuate Collection Set: 0.93ms
[4230.498s][info][gc,phases      ] GC(1161)   Other: 0.09ms
[4230.498s][info][gc,heap        ] GC(1161) Eden regions: 1111->0(1120)
[4230.498s][info][gc,heap        ] GC(1161) Survivor regions: 109->108(153)
[4230.498s][info][gc,heap        ] GC(1161) Old regions: 536->474
[4230.498s][info][gc,heap        ] GC(1161) Humongous regions: 80->80
[4230.498s][info][gc,metaspace   ] GC(1161) Metaspace: 28956K(29376K)->28956K(29376K) NonClass: 24085K(24256K)->24085K(24256K) Class: 4870K(5120K)->4870K(5120K)
[4230.498s][info][gc             ] GC(1161) Pause Young (Mixed) (G1 Evacuation Pause) 3671M->1322M(4096M) 129.230ms
[4230.498s][info][gc,cpu         ] GC(1161) User=0.76s Sys=0.00s Real=0.13s
..[4232.840s][info][gc,start       ] GC(1162) Pause Young (Concurrent Start) (G1 Evacuation Pause)
[4232.840s][info][gc,task        ] GC(1162) Using 6 workers of 6 for evacuation
[4232.960s][info][gc,phases      ] GC(1162)   Pre Evacuate Collection Set: 0.33ms
[4232.960s][info][gc,phases      ] GC(1162)   Merge Heap Roots: 0.45ms
[4232.960s][info][gc,phases      ] GC(1162)   Evacuate Collection Set: 118.47ms
[4232.960s][info][gc,phases      ] GC(1162)   Post Evacuate Collection Set: 0.86ms
[4232.960s][info][gc,phases      ] GC(1162)   Other: 0.10ms
[4232.960s][info][gc,heap        ] GC(1162) Eden regions: 1120->0(1115)
[4232.960s][info][gc,heap        ] GC(1162) Survivor regions: 108->113(154)
[4232.960s][info][gc,heap        ] GC(1162) Old regions: 474->505
[4232.960s][info][gc,heap        ] GC(1162) Humongous regions: 80->80
[4232.960s][info][gc,metaspace   ] GC(1162) Metaspace: 28956K(29376K)->28956K(29376K) NonClass: 24085K(24256K)->24085K(24256K) Class: 4870K(5120K)->4870K(5120K)
[4232.960s][info][gc             ] GC(1162) Pause Young (Concurrent Start) (G1 Evacuation Pause) 3562M->1393M(4096M) 120.335ms
[4232.960s][info][gc             ] GC(1163) Concurrent Mark Cycle
[4232.960s][info][gc,marking     ] GC(1163) Concurrent Scan Root Regions
[4232.960s][info][gc,cpu         ] GC(1162) User=0.72s Sys=0.00s Real=0.12s
[4233.146s][info][gc,marking     ] GC(1163) Concurrent Scan Root Regions 185.257ms
[4233.146s][info][gc,marking     ] GC(1163) Concurrent Mark
[4233.146s][info][gc,marking     ] GC(1163) Concurrent Mark From Roots
[4233.146s][info][gc,task        ] GC(1163) Using 2 workers of 2 for marking
.[4234.152s][info][gc,marking     ] GC(1163) Concurrent Mark From Roots 1006.139ms
[4234.152s][info][gc,marking     ] GC(1163) Concurrent Preclean
[4234.152s][info][gc,marking     ] GC(1163) Concurrent Preclean 0.119ms
[4234.152s][info][gc,start       ] GC(1163) Pause Remark
[4234.160s][info][gc             ] GC(1163) Pause Remark 2553M->2553M(4096M) 7.719ms
[4234.160s][info][gc,cpu         ] GC(1163) User=0.04s Sys=0.00s Real=0.01s
[4234.160s][info][gc,marking     ] GC(1163) Concurrent Mark 1014.377ms
[4234.160s][info][gc,marking     ] GC(1163) Concurrent Rebuild Remembered Sets and Scrub Regions
.[4234.486s][info][gc,marking     ] GC(1163) Concurrent Rebuild Remembered Sets and Scrub Regions 326.182ms
[4234.487s][info][gc,start       ] GC(1163) Pause Cleanup
[4234.487s][info][gc             ] GC(1163) Pause Cleanup 2862M->2862M(4096M) 0.113ms
[4234.487s][info][gc,cpu         ] GC(1163) User=0.00s Sys=0.00s Real=0.00s
[4234.487s][info][gc,marking     ] GC(1163) Concurrent Clear Claimed Marks
[4234.487s][info][gc,marking     ] GC(1163) Concurrent Clear Claimed Marks 0.034ms
[4234.487s][info][gc,marking     ] GC(1163) Concurrent Cleanup for Next Mark
[4234.492s][info][gc,marking     ] GC(1163) Concurrent Cleanup for Next Mark 4.817ms
[4234.492s][info][gc             ] GC(1163) Concurrent Mark Cycle 1531.733ms
[4235.308s][info][gc,start       ] GC(1164) Pause Young (Prepare Mixed) (G1 Evacuation Pause)
[4235.308s][info][gc,task        ] GC(1164) Using 6 workers of 6 for evacuation
[4235.426s][info][gc,phases      ] GC(1164)   Pre Evacuate Collection Set: 0.32ms
[4235.426s][info][gc,phases      ] GC(1164)   Merge Heap Roots: 0.51ms
[4235.426s][info][gc,phases      ] GC(1164)   Evacuate Collection Set: 116.44ms
[4235.426s][info][gc,phases      ] GC(1164)   Post Evacuate Collection Set: 0.92ms
[4235.426s][info][gc,phases      ] GC(1164)   Other: 0.09ms
[4235.426s][info][gc,heap        ] GC(1164) Eden regions: 1115->0(1105)
[4235.426s][info][gc,heap        ] GC(1164) Survivor regions: 113->112(154)
[4235.426s][info][gc,heap        ] GC(1164) Old regions: 505->536
[4235.426s][info][gc,heap        ] GC(1164) Humongous regions: 80->80
[4235.426s][info][gc,metaspace   ] GC(1164) Metaspace: 28956K(29376K)->28956K(29376K) NonClass: 24085K(24256K)->24085K(24256K) Class: 4870K(5120K)->4870K(5120K)
[4235.426s][info][gc             ] GC(1164) Pause Young (Prepare Mixed) (G1 Evacuation Pause) 3623M->1454M(4096M) 118.416ms
[4235.426s][info][gc,cpu         ] GC(1164) User=0.71s Sys=0.00s Real=0.12s
...[4237.768s][info][gc,start       ] GC(1165) Pause Young (Mixed) (G1 Evacuation Pause)
[4237.768s][info][gc,task        ] GC(1165) Using 6 workers of 6 for evacuation
[4237.900s][info][gc,phases      ] GC(1165)   Pre Evacuate Collection Set: 0.36ms
[4237.900s][info][gc,phases      ] GC(1165)   Merge Heap Roots: 0.68ms
[4237.900s][info][gc,phases      ] GC(1165)   Evacuate Collection Set: 129.57ms
[4237.900s][info][gc,phases      ] GC(1165)   Post Evacuate Collection Set: 0.94ms
[4237.900s][info][gc,phases      ] GC(1165)   Other: 0.09ms
[4237.900s][info][gc,heap        ] GC(1165) Eden regions: 1105->0(1121)
[4237.900s][info][gc,heap        ] GC(1165) Survivor regions: 112->107(153)
[4237.900s][info][gc,heap        ] GC(1165) Old regions: 536->474
[4237.900s][info][gc,heap        ] GC(1165) Humongous regions: 80->80
[4237.900s][info][gc,metaspace   ] GC(1165) Metaspace: 28956K(29376K)->28956K(29376K) NonClass: 24085K(24256K)->24085K(24256K) Class: 4870K(5120K)->4870K(5120K)
[4237.900s][info][gc             ] GC(1165) Pause Young (Mixed) (G1 Evacuation Pause) 3664M->1319M(4096M) 131.762ms
[4237.900s][info][gc,cpu         ] GC(1165) User=0.78s Sys=0.00s Real=0.13s
..[4240.197s][info][gc,start       ] GC(1166) Pause Young (Concurrent Start) (G1 Evacuation Pause)
[4240.197s][info][gc,task        ] GC(1166) Using 6 workers of 6 for evacuation
[4240.317s][info][gc,phases      ] GC(1166)   Pre Evacuate Collection Set: 0.36ms
[4240.317s][info][gc,phases      ] GC(1166)   Merge Heap Roots: 0.47ms
[4240.317s][info][gc,phases      ] GC(1166)   Evacuate Collection Set: 117.91ms
[4240.317s][info][gc,phases      ] GC(1166)   Post Evacuate Collection Set: 0.85ms
[4240.317s][info][gc,phases      ] GC(1166)   Other: 0.12ms
[4240.317s][info][gc,heap        ] GC(1166) Eden regions: 1121->0(1116)
[4240.317s][info][gc,heap        ] GC(1166) Survivor regions: 107->112(154)
[4240.317s][info][gc,heap        ] GC(1166) Old regions: 474->505
[4240.317s][info][gc,heap        ] GC(1166) Humongous regions: 80->80
[4240.317s][info][gc,metaspace   ] GC(1166) Metaspace: 28956K(29376K)->28956K(29376K) NonClass: 24085K(24256K)->24085K(24256K) Class: 4870K(5120K)->4870K(5120K)
[4240.317s][info][gc             ] GC(1166) Pause Young (Concurrent Start) (G1 Evacuation Pause) 3561M->1393M(4096M) 119.842ms
[4240.317s][info][gc             ] GC(1167) Concurrent Mark Cycle
[4240.317s][info][gc,marking     ] GC(1167) Concurrent Scan Root Regions
[4240.317s][info][gc,cpu         ] GC(1166) User=0.72s Sys=0.00s Real=0.12s
[4240.506s][info][gc,marking     ] GC(1167) Concurrent Scan Root Regions 189.159ms
[4240.506s][info][gc,marking     ] GC(1167) Concurrent Mark
[4240.506s][info][gc,marking     ] GC(1167) Concurrent Mark From Roots
[4240.506s][info][gc,task        ] GC(1167) Using 2 workers of 2 for marking
..[4241.568s][info][gc,marking     ] GC(1167) Concurrent Mark From Roots 1061.755ms
[4241.568s][info][gc,marking     ] GC(1167) Concurrent Preclean
[4241.568s][info][gc,marking     ] GC(1167) Concurrent Preclean 0.091ms
[4241.568s][info][gc,start       ] GC(1167) Pause Remark
[4241.574s][info][gc             ] GC(1167) Pause Remark 2651M->2651M(4096M) 6.121ms
[4241.574s][info][gc,cpu         ] GC(1167) User=0.03s Sys=0.00s Real=0.01s
[4241.574s][info][gc,marking     ] GC(1167) Concurrent Mark 1068.190ms
[4241.574s][info][gc,marking     ] GC(1167) Concurrent Rebuild Remembered Sets and Scrub Regions
[4241.950s][info][gc,marking     ] GC(1167) Concurrent Rebuild Remembered Sets and Scrub Regions 375.597ms
[4241.950s][info][gc,start       ] GC(1167) Pause Cleanup
[4241.950s][info][gc             ] GC(1167) Pause Cleanup 2999M->2999M(4096M) 0.110ms
[4241.950s][info][gc,cpu         ] GC(1167) User=0.00s Sys=0.00s Real=0.00s
[4241.950s][info][gc,marking     ] GC(1167) Concurrent Clear Claimed Marks
[4241.950s][info][gc,marking     ] GC(1167) Concurrent Clear Claimed Marks 0.022ms
[4241.950s][info][gc,marking     ] GC(1167) Concurrent Cleanup for Next Mark
[4241.954s][info][gc,marking     ] GC(1167) Concurrent Cleanup for Next Mark 3.235ms
[4241.954s][info][gc             ] GC(1167) Concurrent Mark Cycle 1636.618ms
.[4242.648s][info][gc,start       ] GC(1168) Pause Young (Prepare Mixed) (G1 Evacuation Pause)
[4242.648s][info][gc,task        ] GC(1168) Using 6 workers of 6 for evacuation
[4242.765s][info][gc,phases      ] GC(1168)   Pre Evacuate Collection Set: 0.36ms
[4242.765s][info][gc,phases      ] GC(1168)   Merge Heap Roots: 0.51ms
[4242.765s][info][gc,phases      ] GC(1168)   Evacuate Collection Set: 115.68ms
[4242.765s][info][gc,phases      ] GC(1168)   Post Evacuate Collection Set: 0.92ms
[4242.765s][info][gc,phases      ] GC(1168)   Other: 0.09ms
[4242.765s][info][gc,heap        ] GC(1168) Eden regions: 1116->0(1106)
[4242.765s][info][gc,heap        ] GC(1168) Survivor regions: 112->111(154)
[4242.765s][info][gc,heap        ] GC(1168) Old regions: 505->537
[4242.765s][info][gc,heap        ] GC(1168) Humongous regions: 80->80
[4242.765s][info][gc,metaspace   ] GC(1168) Metaspace: 28956K(29376K)->28956K(29376K) NonClass: 24085K(24256K)->24085K(24256K) Class: 4870K(5120K)->4870K(5120K)
[4242.765s][info][gc             ] GC(1168) Pause Young (Prepare Mixed) (G1 Evacuation Pause) 3625M->1454M(4096M) 117.696ms
[4242.766s][info][gc,cpu         ] GC(1168) User=0.70s Sys=0.00s Real=0.12s
..[4245.107s][info][gc,start       ] GC(1169) Pause Young (Mixed) (G1 Evacuation Pause)
[4245.107s][info][gc,task        ] GC(1169) Using 6 workers of 6 for evacuation
[4245.242s][info][gc,phases      ] GC(1169)   Pre Evacuate Collection Set: 0.35ms
[4245.242s][info][gc,phases      ] GC(1169)   Merge Heap Roots: 0.74ms
[4245.242s][info][gc,phases      ] GC(1169)   Evacuate Collection Set: 132.44ms
[4245.242s][info][gc,phases      ] GC(1169)   Post Evacuate Collection Set: 0.94ms
[4245.242s][info][gc,phases      ] GC(1169)   Other: 0.09ms
[4245.242s][info][gc,heap        ] GC(1169) Eden regions: 1106->0(1119)
[4245.242s][info][gc,heap        ] GC(1169) Survivor regions: 111->109(153)
[4245.242s][info][gc,heap        ] GC(1169) Old regions: 537->475
[4245.242s][info][gc,heap        ] GC(1169) Humongous regions: 80->80
[4245.242s][info][gc,metaspace   ] GC(1169) Metaspace: 28956K(29376K)->28956K(29376K) NonClass: 24085K(24256K)->24085K(24256K) Class: 4870K(5120K)->4870K(5120K)
[4245.242s][info][gc             ] GC(1169) Pause Young (Mixed) (G1 Evacuation Pause) 3666M->1325M(4096M) 134.681ms
[4245.242s][info][gc,cpu         ] GC(1169) User=0.81s Sys=0.00s Real=0.13s
..[4247.570s][info][gc,start       ] GC(1170) Pause Young (Concurrent Start) (G1 Evacuation Pause)
[4247.570s][info][gc,task        ] GC(1170) Using 6 workers of 6 for evacuation
[4247.689s][info][gc,phases      ] GC(1170)   Pre Evacuate Collection Set: 0.37ms
[4247.689s][info][gc,phases      ] GC(1170)   Merge Heap Roots: 0.47ms
[4247.689s][info][gc,phases      ] GC(1170)   Evacuate Collection Set: 117.60ms
[4247.689s][info][gc,phases      ] GC(1170)   Post Evacuate Collection Set: 0.88ms
[4247.689s][info][gc,phases      ] GC(1170)   Other: 0.12ms
[4247.689s][info][gc,heap        ] GC(1170) Eden regions: 1119->0(1117)
[4247.689s][info][gc,heap        ] GC(1170) Survivor regions: 109->111(154)
[4247.689s][info][gc,heap        ] GC(1170) Old regions: 475->506
[4247.689s][info][gc,heap        ] GC(1170) Humongous regions: 80->80
[4247.689s][info][gc,metaspace   ] GC(1170) Metaspace: 28956K(29376K)->28956K(29376K) NonClass: 24085K(24256K)->24085K(24256K) Class: 4870K(5120K)->4870K(5120K)
[4247.689s][info][gc             ] GC(1170) Pause Young (Concurrent Start) (G1 Evacuation Pause) 3563M->1392M(4096M) 119.585ms
[4247.689s][info][gc             ] GC(1171) Concurrent Mark Cycle
[4247.689s][info][gc,marking     ] GC(1171) Concurrent Scan Root Regions
[4247.690s][info][gc,cpu         ] GC(1170) User=0.71s Sys=0.00s Real=0.12s
.[4247.906s][info][gc,marking     ] GC(1171) Concurrent Scan Root Regions 216.194ms
[4247.906s][info][gc,marking     ] GC(1171) Concurrent Mark
[4247.906s][info][gc,marking     ] GC(1171) Concurrent Mark From Roots
[4247.906s][info][gc,task        ] GC(1171) Using 2 workers of 2 for marking
.[4248.970s][info][gc,marking     ] GC(1171) Concurrent Mark From Roots 1064.707ms
[4248.971s][info][gc,marking     ] GC(1171) Concurrent Preclean
[4248.971s][info][gc,marking     ] GC(1171) Concurrent Preclean 0.138ms
[4248.973s][info][gc,start       ] GC(1171) Pause Remark
[4248.980s][info][gc             ] GC(1171) Pause Remark 2614M->2614M(4096M) 7.211ms
[4248.980s][info][gc,cpu         ] GC(1171) User=0.04s Sys=0.00s Real=0.01s
[4248.980s][info][gc,marking     ] GC(1171) Concurrent Mark 1074.670ms
[4248.980s][info][gc,marking     ] GC(1171) Concurrent Rebuild Remembered Sets and Scrub Regions
[4249.248s][info][gc,marking     ] GC(1171) Concurrent Rebuild Remembered Sets and Scrub Regions 267.860ms
[4249.250s][info][gc,start       ] GC(1171) Pause Cleanup
[4249.250s][info][gc             ] GC(1171) Pause Cleanup 2850M->2850M(4096M) 0.144ms
[4249.250s][info][gc,cpu         ] GC(1171) User=0.00s Sys=0.00s Real=0.00s
[4249.250s][info][gc,marking     ] GC(1171) Concurrent Clear Claimed Marks
[4249.250s][info][gc,marking     ] GC(1171) Concurrent Clear Claimed Marks 0.028ms
[4249.250s][info][gc,marking     ] GC(1171) Concurrent Cleanup for Next Mark
[4249.255s][info][gc,marking     ] GC(1171) Concurrent Cleanup for Next Mark 4.562ms
[4249.255s][info][gc             ] GC(1171) Concurrent Mark Cycle 1565.591ms
.[4250.017s][info][gc,start       ] GC(1172) Pause Young (Prepare Mixed) (G1 Evacuation Pause)
[4250.017s][info][gc,task        ] GC(1172) Using 6 workers of 6 for evacuation
[4250.136s][info][gc,phases      ] GC(1172)   Pre Evacuate Collection Set: 0.32ms
[4250.136s][info][gc,phases      ] GC(1172)   Merge Heap Roots: 0.52ms
[4250.136s][info][gc,phases      ] GC(1172)   Evacuate Collection Set: 116.92ms
[4250.136s][info][gc,phases      ] GC(1172)   Post Evacuate Collection Set: 0.89ms
[4250.136s][info][gc,phases      ] GC(1172)   Other: 0.09ms
[4250.136s][info][gc,heap        ] GC(1172) Eden regions: 1117->0(1105)
[4250.136s][info][gc,heap        ] GC(1172) Survivor regions: 111->111(154)
[4250.136s][info][gc,heap        ] GC(1172) Old regions: 506->538
[4250.136s][info][gc,heap        ] GC(1172) Humongous regions: 80->80
[4250.136s][info][gc,metaspace   ] GC(1172) Metaspace: 28956K(29376K)->28956K(29376K) NonClass: 24085K(24256K)->24085K(24256K) Class: 4870K(5120K)->4870K(5120K)
[4250.136s][info][gc             ] GC(1172) Pause Young (Prepare Mixed) (G1 Evacuation Pause) 3626M->1456M(4096M) 118.867ms
[4250.136s][info][gc,cpu         ] GC(1172) User=0.71s Sys=0.00s Real=0.12s
..[4252.414s][info][gc,start       ] GC(1173) Pause Young (Mixed) (G1 Evacuation Pause)
[4252.414s][info][gc,task        ] GC(1173) Using 6 workers of 6 for evacuation
[4252.550s][info][gc,phases      ] GC(1173)   Pre Evacuate Collection Set: 0.38ms
[4252.550s][info][gc,phases      ] GC(1173)   Merge Heap Roots: 0.67ms
[4252.550s][info][gc,phases      ] GC(1173)   Evacuate Collection Set: 133.02ms
[4252.550s][info][gc,phases      ] GC(1173)   Post Evacuate Collection Set: 0.93ms
[4252.550s][info][gc,phases      ] GC(1173)   Other: 0.10ms
[4252.550s][info][gc,heap        ] GC(1173) Eden regions: 1105->0(1117)
[4252.550s][info][gc,heap        ] GC(1173) Survivor regions: 111->111(152)
[4252.550s][info][gc,heap        ] GC(1173) Old regions: 538->474
[4252.550s][info][gc,heap        ] GC(1173) Humongous regions: 80->80
[4252.550s][info][gc,metaspace   ] GC(1173) Metaspace: 28956K(29376K)->28956K(29376K) NonClass: 24085K(24256K)->24085K(24256K) Class: 4870K(5120K)->4870K(5120K)
[4252.550s][info][gc             ] GC(1173) Pause Young (Mixed) (G1 Evacuation Pause) 3666M->1327M(4096M) 135.233ms
[4252.550s][info][gc,cpu         ] GC(1173) User=0.81s Sys=0.00s Real=0.13s
. (rIR:aIR:PR = 7610:7623:7623) (tPR = 113226) [OK] 
  4252s: Performance info:
         Transaction,    Success,    Partial,     Failed,   Receipts, AvgBarcode, 
             Overall,     459125,          0,          0,     436197,      59.48, 
         Response times:
             Request,    Success,    Partial,     Failed,   SkipFail,     Probes,    Samples,      min,      p50,      p90,      p95,      p99,      max, 
       TotalPurchase,     436187,          0,          0,          0,     353301,     398156,      200,     6600,    89000,   129000,   192000,   408000,
     InStorePurchase,     229608,          0,          0,          0,     185889,     209310,      200,     6500,    89000,   128000,   189000,   408000,
      OnlinePurchase,     160839,          0,          0,          0,     129992,     146653,      300,     6800,    90000,   131000,   194000,   383000,
        InstPurchase,      45740,          0,          0,          0,      37420,      42193,      400,     6700,    88000,   128000,   204000,   394000,
          AssocOfCat,        461,          0,          0,          0,        365,        506,    23000,    40000,   112600,   166550,   238860,   293000,
      AssocOfProduct,       4569,          0,          0,          0,       4218,       4970,      600,     6000,    85000,   120000,   193290,   293000,
      BusinessReport,       1144,          0,          0,          0,        976,       1181,    27000,    45000,   153800,   196900,   253180,   406000,
          CustBuyBeh,       4580,          0,          0,          0,       4285,       5011,      200,     5400,    81000,   118000,   187760,   279000,
       ProductReturn,      12174,          0,          0,          0,       9232,      10556,      300,     7400,    93000,   135000,   211000,   302000,

  4252s: (56%)   IR =   7749 ..[4254.840s][info][gc,start       ] GC(1174) Pause Young (Concurrent Start) (G1 Evacuation Pause)
[4254.840s][info][gc,task        ] GC(1174) Using 6 workers of 6 for evacuation
[4254.953s][info][gc,phases      ] GC(1174)   Pre Evacuate Collection Set: 0.39ms
[4254.953s][info][gc,phases      ] GC(1174)   Merge Heap Roots: 0.45ms
[4254.953s][info][gc,phases      ] GC(1174)   Evacuate Collection Set: 111.38ms
[4254.953s][info][gc,phases      ] GC(1174)   Post Evacuate Collection Set: 0.86ms
[4254.953s][info][gc,phases      ] GC(1174)   Other: 0.11ms
[4254.953s][info][gc,heap        ] GC(1174) Eden regions: 1117->0(1122)
[4254.953s][info][gc,heap        ] GC(1174) Survivor regions: 111->106(154)
[4254.953s][info][gc,heap        ] GC(1174) Old regions: 474->505
[4254.953s][info][gc,heap        ] GC(1174) Humongous regions: 80->80
[4254.953s][info][gc,metaspace   ] GC(1174) Metaspace: 28956K(29376K)->28956K(29376K) NonClass: 24085K(24256K)->24085K(24256K) Class: 4870K(5120K)->4870K(5120K)
[4254.953s][info][gc             ] GC(1174) Pause Young (Concurrent Start) (G1 Evacuation Pause) 3561M->1380M(4096M) 113.323ms
[4254.953s][info][gc             ] GC(1175) Concurrent Mark Cycle
[4254.953s][info][gc,marking     ] GC(1175) Concurrent Scan Root Regions
[4254.953s][info][gc,cpu         ] GC(1174) User=0.68s Sys=0.00s Real=0.11s
[4255.139s][info][gc,marking     ] GC(1175) Concurrent Scan Root Regions 186.107ms
[4255.139s][info][gc,marking     ] GC(1175) Concurrent Mark
[4255.139s][info][gc,marking     ] GC(1175) Concurrent Mark From Roots
[4255.139s][info][gc,task        ] GC(1175) Using 2 workers of 2 for marking
.[4256.133s][info][gc,marking     ] GC(1175) Concurrent Mark From Roots 993.522ms
[4256.133s][info][gc,marking     ] GC(1175) Concurrent Preclean
[4256.133s][info][gc,marking     ] GC(1175) Concurrent Preclean 0.161ms
[4256.135s][info][gc,start       ] GC(1175) Pause Remark
[4256.141s][info][gc             ] GC(1175) Pause Remark 2554M->2554M(4096M) 5.353ms
[4256.141s][info][gc,cpu         ] GC(1175) User=0.03s Sys=0.00s Real=0.00s
[4256.141s][info][gc,marking     ] GC(1175) Concurrent Mark 1001.695ms
[4256.141s][info][gc,marking     ] GC(1175) Concurrent Rebuild Remembered Sets and Scrub Regions
[4256.504s][info][gc,marking     ] GC(1175) Concurrent Rebuild Remembered Sets and Scrub Regions 362.656ms
[4256.504s][info][gc,start       ] GC(1175) Pause Cleanup
[4256.504s][info][gc             ] GC(1175) Pause Cleanup 2899M->2899M(4096M) 0.116ms
[4256.504s][info][gc,cpu         ] GC(1175) User=0.00s Sys=0.00s Real=0.00s
[4256.504s][info][gc,marking     ] GC(1175) Concurrent Clear Claimed Marks
[4256.504s][info][gc,marking     ] GC(1175) Concurrent Clear Claimed Marks 0.032ms
[4256.504s][info][gc,marking     ] GC(1175) Concurrent Cleanup for Next Mark
[4256.510s][info][gc,marking     ] GC(1175) Concurrent Cleanup for Next Mark 5.481ms
[4256.510s][info][gc             ] GC(1175) Concurrent Mark Cycle 1557.041ms
.[4257.219s][info][gc,start       ] GC(1176) Pause Young (Prepare Mixed) (G1 Evacuation Pause)
[4257.219s][info][gc,task        ] GC(1176) Using 6 workers of 6 for evacuation
[4257.338s][info][gc,phases      ] GC(1176)   Pre Evacuate Collection Set: 0.31ms
[4257.338s][info][gc,phases      ] GC(1176)   Merge Heap Roots: 0.51ms
[4257.338s][info][gc,phases      ] GC(1176)   Evacuate Collection Set: 116.62ms
[4257.338s][info][gc,phases      ] GC(1176)   Post Evacuate Collection Set: 0.99ms
[4257.338s][info][gc,phases      ] GC(1176)   Other: 0.09ms
[4257.338s][info][gc,heap        ] GC(1176) Eden regions: 1122->0(1104)
[4257.338s][info][gc,heap        ] GC(1176) Survivor regions: 106->112(154)
[4257.338s][info][gc,heap        ] GC(1176) Old regions: 505->537
[4257.338s][info][gc,heap        ] GC(1176) Humongous regions: 80->80
[4257.338s][info][gc,metaspace   ] GC(1176) Metaspace: 28956K(29376K)->28956K(29376K) NonClass: 24085K(24256K)->24085K(24256K) Class: 4870K(5120K)->4870K(5120K)
[4257.338s][info][gc             ] GC(1176) Pause Young (Prepare Mixed) (G1 Evacuation Pause) 3624M->1456M(4096M) 118.654ms
[4257.338s][info][gc,cpu         ] GC(1176) User=0.71s Sys=0.00s Real=0.12s
..[4259.648s][info][gc,start       ] GC(1177) Pause Young (Mixed) (G1 Evacuation Pause)
[4259.648s][info][gc,task        ] GC(1177) Using 6 workers of 6 for evacuation
[4259.782s][info][gc,phases      ] GC(1177)   Pre Evacuate Collection Set: 0.35ms
[4259.782s][info][gc,phases      ] GC(1177)   Merge Heap Roots: 0.68ms
[4259.782s][info][gc,phases      ] GC(1177)   Evacuate Collection Set: 131.59ms
[4259.782s][info][gc,phases      ] GC(1177)   Post Evacuate Collection Set: 0.94ms
[4259.782s][info][gc,phases      ] GC(1177)   Other: 0.09ms
[4259.782s][info][gc,heap        ] GC(1177) Eden regions: 1104->0(1118)
[4259.782s][info][gc,heap        ] GC(1177) Survivor regions: 112->110(152)
[4259.782s][info][gc,heap        ] GC(1177) Old regions: 537->474
[4259.782s][info][gc,heap        ] GC(1177) Humongous regions: 80->80
[4259.782s][info][gc,metaspace   ] GC(1177) Metaspace: 28956K(29376K)->28956K(29376K) NonClass: 24085K(24256K)->24085K(24256K) Class: 4870K(5120K)->4870K(5120K)
[4259.782s][info][gc             ] GC(1177) Pause Young (Mixed) (G1 Evacuation Pause) 3664M->1326M(4096M) 133.777ms
[4259.782s][info][gc,cpu         ] GC(1177) User=0.80s Sys=0.00s Real=0.13s
...[4262.042s][info][gc,start       ] GC(1178) Pause Young (Concurrent Start) (G1 Evacuation Pause)
[4262.042s][info][gc,task        ] GC(1178) Using 6 workers of 6 for evacuation
[4262.159s][info][gc,phases      ] GC(1178)   Pre Evacuate Collection Set: 0.39ms
[4262.159s][info][gc,phases      ] GC(1178)   Merge Heap Roots: 0.48ms
[4262.159s][info][gc,phases      ] GC(1178)   Evacuate Collection Set: 114.37ms
[4262.159s][info][gc,phases      ] GC(1178)   Post Evacuate Collection Set: 0.86ms
[4262.159s][info][gc,phases      ] GC(1178)   Other: 0.12ms
[4262.159s][info][gc,heap        ] GC(1178) Eden regions: 1118->0(1120)
[4262.159s][info][gc,heap        ] GC(1178) Survivor regions: 110->108(154)
[4262.159s][info][gc,heap        ] GC(1178) Old regions: 474->506
[4262.159s][info][gc,heap        ] GC(1178) Humongous regions: 80->80
[4262.159s][info][gc,metaspace   ] GC(1178) Metaspace: 28956K(29376K)->28956K(29376K) NonClass: 24085K(24256K)->24085K(24256K) Class: 4870K(5120K)->4870K(5120K)
[4262.159s][info][gc             ] GC(1178) Pause Young (Concurrent Start) (G1 Evacuation Pause) 3562M->1385M(4096M) 116.361ms
[4262.159s][info][gc             ] GC(1179) Concurrent Mark Cycle
[4262.159s][info][gc,marking     ] GC(1179) Concurrent Scan Root Regions
[4262.159s][info][gc,cpu         ] GC(1178) User=0.69s Sys=0.00s Real=0.12s
[4262.356s][info][gc,marking     ] GC(1179) Concurrent Scan Root Regions 196.989ms
[4262.356s][info][gc,marking     ] GC(1179) Concurrent Mark
[4262.356s][info][gc,marking     ] GC(1179) Concurrent Mark From Roots
[4262.356s][info][gc,task        ] GC(1179) Using 2 workers of 2 for marking
.|[4263.325s][info][gc,marking     ] GC(1179) Concurrent Mark From Roots 968.928ms
[4263.325s][info][gc,marking     ] GC(1179) Concurrent Preclean
[4263.325s][info][gc,marking     ] GC(1179) Concurrent Preclean 0.140ms
[4263.325s][info][gc,start       ] GC(1179) Pause Remark
[4263.331s][info][gc             ] GC(1179) Pause Remark 2490M->2490M(4096M) 5.997ms
[4263.331s][info][gc,cpu         ] GC(1179) User=0.03s Sys=0.00s Real=0.00s
[4263.332s][info][gc,marking     ] GC(1179) Concurrent Mark 976.478ms
[4263.332s][info][gc,marking     ] GC(1179) Concurrent Rebuild Remembered Sets and Scrub Regions
[4263.696s][info][gc,marking     ] GC(1179) Concurrent Rebuild Remembered Sets and Scrub Regions 364.044ms
[4263.696s][info][gc,start       ] GC(1179) Pause Cleanup
[4263.697s][info][gc             ] GC(1179) Pause Cleanup 2863M->2863M(4096M) 0.105ms
[4263.697s][info][gc,cpu         ] GC(1179) User=0.00s Sys=0.00s Real=0.00s
[4263.697s][info][gc,marking     ] GC(1179) Concurrent Clear Claimed Marks
[4263.697s][info][gc,marking     ] GC(1179) Concurrent Clear Claimed Marks 0.024ms
[4263.697s][info][gc,marking     ] GC(1179) Concurrent Cleanup for Next Mark
[4263.701s][info][gc,marking     ] GC(1179) Concurrent Cleanup for Next Mark 4.709ms
[4263.701s][info][gc             ] GC(1179) Concurrent Mark Cycle 1542.734ms
.[4264.430s][info][gc,start       ] GC(1180) Pause Young (Prepare Mixed) (G1 Evacuation Pause)
[4264.431s][info][gc,task        ] GC(1180) Using 6 workers of 6 for evacuation
[4264.552s][info][gc,phases      ] GC(1180)   Pre Evacuate Collection Set: 0.32ms
[4264.552s][info][gc,phases      ] GC(1180)   Merge Heap Roots: 0.51ms
[4264.552s][info][gc,phases      ] GC(1180)   Evacuate Collection Set: 119.54ms
[4264.552s][info][gc,phases      ] GC(1180)   Post Evacuate Collection Set: 0.92ms
[4264.552s][info][gc,phases      ] GC(1180)   Other: 0.09ms
[4264.552s][info][gc,heap        ] GC(1180) Eden regions: 1120->0(1100)
[4264.552s][info][gc,heap        ] GC(1180) Survivor regions: 108->114(154)
[4264.552s][info][gc,heap        ] GC(1180) Old regions: 506->537
[4264.552s][info][gc,heap        ] GC(1180) Humongous regions: 80->80
[4264.552s][info][gc,metaspace   ] GC(1180) Metaspace: 28956K(29376K)->28956K(29376K) NonClass: 24085K(24256K)->24085K(24256K) Class: 4870K(5120K)->4870K(5120K)
[4264.552s][info][gc             ] GC(1180) Pause Young (Prepare Mixed) (G1 Evacuation Pause) 3625M->1461M(4096M) 121.511ms
[4264.552s][info][gc,cpu         ] GC(1180) User=0.72s Sys=0.00s Real=0.12s
..[4266.751s][info][gc,start       ] GC(1181) Pause Young (Mixed) (G1 Evacuation Pause)
[4266.751s][info][gc,task        ] GC(1181) Using 6 workers of 6 for evacuation
[4266.881s][info][gc,phases      ] GC(1181)   Pre Evacuate Collection Set: 0.38ms
[4266.881s][info][gc,phases      ] GC(1181)   Merge Heap Roots: 0.65ms
[4266.881s][info][gc,phases      ] GC(1181)   Evacuate Collection Set: 128.56ms
[4266.881s][info][gc,phases      ] GC(1181)   Post Evacuate Collection Set: 0.90ms
[4266.881s][info][gc,phases      ] GC(1181)   Other: 0.08ms
[4266.881s][info][gc,heap        ] GC(1181) Eden regions: 1100->0(1120)
[4266.881s][info][gc,heap        ] GC(1181) Survivor regions: 114->108(152)
[4266.882s][info][gc,heap        ] GC(1181) Old regions: 537->475
[4266.882s][info][gc,heap        ] GC(1181) Humongous regions: 80->80
[4266.882s][info][gc,metaspace   ] GC(1181) Metaspace: 28956K(29376K)->28956K(29376K) NonClass: 24085K(24256K)->24085K(24256K) Class: 4870K(5120K)->4870K(5120K)
[4266.882s][info][gc             ] GC(1181) Pause Young (Mixed) (G1 Evacuation Pause) 3661M->1325M(4096M) 130.706ms
[4266.882s][info][gc,cpu         ] GC(1181) User=0.78s Sys=0.00s Real=0.13s
...[4269.203s][info][gc,start       ] GC(1182) Pause Young (Concurrent Start) (G1 Evacuation Pause)
[4269.203s][info][gc,task        ] GC(1182) Using 6 workers of 6 for evacuation
[4269.320s][info][gc,phases      ] GC(1182)   Pre Evacuate Collection Set: 0.42ms
[4269.320s][info][gc,phases      ] GC(1182)   Merge Heap Roots: 0.48ms
[4269.320s][info][gc,phases      ] GC(1182)   Evacuate Collection Set: 115.52ms
[4269.320s][info][gc,phases      ] GC(1182)   Post Evacuate Collection Set: 0.84ms
[4269.320s][info][gc,phases      ] GC(1182)   Other: 0.13ms
[4269.320s][info][gc,heap        ] GC(1182) Eden regions: 1120->0(1118)
[4269.320s][info][gc,heap        ] GC(1182) Survivor regions: 108->110(154)
[4269.320s][info][gc,heap        ] GC(1182) Old regions: 475->508
[4269.320s][info][gc,heap        ] GC(1182) Humongous regions: 80->80
[4269.320s][info][gc,metaspace   ] GC(1182) Metaspace: 28956K(29376K)->28956K(29376K) NonClass: 24085K(24256K)->24085K(24256K) Class: 4870K(5120K)->4870K(5120K)
[4269.320s][info][gc             ] GC(1182) Pause Young (Concurrent Start) (G1 Evacuation Pause) 3565M->1394M(4096M) 117.535ms
[4269.320s][info][gc             ] GC(1183) Concurrent Mark Cycle
[4269.320s][info][gc,marking     ] GC(1183) Concurrent Scan Root Regions
[4269.320s][info][gc,cpu         ] GC(1182) User=0.70s Sys=0.01s Real=0.12s
[4269.503s][info][gc,marking     ] GC(1183) Concurrent Scan Root Regions 182.364ms
[4269.503s][info][gc,marking     ] GC(1183) Concurrent Mark
[4269.503s][info][gc,marking     ] GC(1183) Concurrent Mark From Roots
[4269.503s][info][gc,task        ] GC(1183) Using 2 workers of 2 for marking
.[4270.473s][info][gc,marking     ] GC(1183) Concurrent Mark From Roots 970.251ms
[4270.473s][info][gc,marking     ] GC(1183) Concurrent Preclean
[4270.473s][info][gc,marking     ] GC(1183) Concurrent Preclean 0.139ms
[4270.474s][info][gc,start       ] GC(1183) Pause Remark
[4270.480s][info][gc             ] GC(1183) Pause Remark 2546M->2546M(4096M) 5.847ms
[4270.480s][info][gc,cpu         ] GC(1183) User=0.03s Sys=0.00s Real=0.00s
[4270.481s][info][gc,marking     ] GC(1183) Concurrent Mark 977.918ms
[4270.481s][info][gc,marking     ] GC(1183) Concurrent Rebuild Remembered Sets and Scrub Regions
[4270.888s][info][gc,marking     ] GC(1183) Concurrent Rebuild Remembered Sets and Scrub Regions 407.051ms
[4270.888s][info][gc,start       ] GC(1183) Pause Cleanup
[4270.888s][info][gc             ] GC(1183) Pause Cleanup 2914M->2914M(4096M) 0.109ms
[4270.888s][info][gc,cpu         ] GC(1183) User=0.00s Sys=0.00s Real=0.00s
[4270.888s][info][gc,marking     ] GC(1183) Concurrent Clear Claimed Marks
[4270.888s][info][gc,marking     ] GC(1183) Concurrent Clear Claimed Marks 0.036ms
[4270.888s][info][gc,marking     ] GC(1183) Concurrent Cleanup for Next Mark
[4270.894s][info][gc,marking     ] GC(1183) Concurrent Cleanup for Next Mark 5.446ms
[4270.894s][info][gc             ] GC(1183) Concurrent Mark Cycle 1573.583ms
.[4271.636s][info][gc,start       ] GC(1184) Pause Young (Prepare Mixed) (G1 Evacuation Pause)
[4271.636s][info][gc,task        ] GC(1184) Using 6 workers of 6 for evacuation
[4271.761s][info][gc,phases      ] GC(1184)   Pre Evacuate Collection Set: 0.31ms
[4271.761s][info][gc,phases      ] GC(1184)   Merge Heap Roots: 0.50ms
[4271.761s][info][gc,phases      ] GC(1184)   Evacuate Collection Set: 123.23ms
[4271.761s][info][gc,phases      ] GC(1184)   Post Evacuate Collection Set: 0.91ms
[4271.761s][info][gc,phases      ] GC(1184)   Other: 0.09ms
[4271.761s][info][gc,heap        ] GC(1184) Eden regions: 1118->0(1088)
[4271.761s][info][gc,heap        ] GC(1184) Survivor regions: 110->119(154)
[4271.761s][info][gc,heap        ] GC(1184) Old regions: 508->539
[4271.761s][info][gc,heap        ] GC(1184) Humongous regions: 80->80
[4271.761s][info][gc,metaspace   ] GC(1184) Metaspace: 28956K(29376K)->28956K(29376K) NonClass: 24085K(24256K)->24085K(24256K) Class: 4870K(5120K)->4870K(5120K)
[4271.761s][info][gc             ] GC(1184) Pause Young (Prepare Mixed) (G1 Evacuation Pause) 3630M->1474M(4096M) 125.163ms
[4271.761s][info][gc,cpu         ] GC(1184) User=0.75s Sys=0.00s Real=0.12s
..[4273.951s][info][gc,start       ] GC(1185) Pause Young (Mixed) (G1 Evacuation Pause)
[4273.951s][info][gc,task        ] GC(1185) Using 6 workers of 6 for evacuation
[4274.084s][info][gc,phases      ] GC(1185)   Pre Evacuate Collection Set: 0.35ms
[4274.084s][info][gc,phases      ] GC(1185)   Merge Heap Roots: 0.60ms
[4274.084s][info][gc,phases      ] GC(1185)   Evacuate Collection Set: 131.61ms
[4274.084s][info][gc,phases      ] GC(1185)   Post Evacuate Collection Set: 0.96ms
[4274.084s][info][gc,phases      ] GC(1185)   Other: 0.09ms
[4274.084s][info][gc,heap        ] GC(1185) Eden regions: 1088->0(1118)
[4274.084s][info][gc,heap        ] GC(1185) Survivor regions: 119->110(151)
[4274.084s][info][gc,heap        ] GC(1185) Old regions: 539->475
[4274.084s][info][gc,heap        ] GC(1185) Humongous regions: 80->80
[4274.084s][info][gc,metaspace   ] GC(1185) Metaspace: 28956K(29376K)->28956K(29376K) NonClass: 24085K(24256K)->24085K(24256K) Class: 4870K(5120K)->4870K(5120K)
[4274.085s][info][gc             ] GC(1185) Pause Young (Mixed) (G1 Evacuation Pause) 3650M->1329M(4096M) 133.737ms
[4274.085s][info][gc,cpu         ] GC(1185) User=0.80s Sys=0.00s Real=0.14s
...[4276.373s][info][gc,start       ] GC(1186) Pause Young (Concurrent Start) (G1 Evacuation Pause)
[4276.373s][info][gc,task        ] GC(1186) Using 6 workers of 6 for evacuation
[4276.488s][info][gc,phases      ] GC(1186)   Pre Evacuate Collection Set: 0.41ms
[4276.488s][info][gc,phases      ] GC(1186)   Merge Heap Roots: 0.54ms
[4276.488s][info][gc,phases      ] GC(1186)   Evacuate Collection Set: 113.58ms
[4276.488s][info][gc,phases      ] GC(1186)   Post Evacuate Collection Set: 0.90ms
[4276.488s][info][gc,phases      ] GC(1186)   Other: 0.13ms
[4276.488s][info][gc,heap        ] GC(1186) Eden regions: 1118->0(1120)
[4276.489s][info][gc,heap        ] GC(1186) Survivor regions: 110->108(154)
[4276.489s][info][gc,heap        ] GC(1186) Old regions: 475->507
[4276.489s][info][gc,heap        ] GC(1186) Humongous regions: 80->80
[4276.489s][info][gc,metaspace   ] GC(1186) Metaspace: 28956K(29376K)->28956K(29376K) NonClass: 24085K(24256K)->24085K(24256K) Class: 4870K(5120K)->4870K(5120K)
[4276.489s][info][gc             ] GC(1186) Pause Young (Concurrent Start) (G1 Evacuation Pause) 3565M->1388M(4096M) 115.687ms
[4276.489s][info][gc             ] GC(1187) Concurrent Mark Cycle
[4276.489s][info][gc,marking     ] GC(1187) Concurrent Scan Root Regions
[4276.489s][info][gc,cpu         ] GC(1186) User=0.69s Sys=0.00s Real=0.12s
[4276.683s][info][gc,marking     ] GC(1187) Concurrent Scan Root Regions 194.334ms
[4276.683s][info][gc,marking     ] GC(1187) Concurrent Mark
[4276.683s][info][gc,marking     ] GC(1187) Concurrent Mark From Roots
[4276.683s][info][gc,task        ] GC(1187) Using 2 workers of 2 for marking
.[4277.593s][info][gc,marking     ] GC(1187) Concurrent Mark From Roots 909.492ms
[4277.593s][info][gc,marking     ] GC(1187) Concurrent Preclean
[4277.593s][info][gc,marking     ] GC(1187) Concurrent Preclean 0.156ms
[4277.595s][info][gc,start       ] GC(1187) Pause Remark
[4277.600s][info][gc             ] GC(1187) Pause Remark 2424M->2424M(4096M) 5.046ms
[4277.600s][info][gc,cpu         ] GC(1187) User=0.03s Sys=0.00s Real=0.00s
[4277.600s][info][gc,marking     ] GC(1187) Concurrent Mark 917.036ms
[4277.600s][info][gc,marking     ] GC(1187) Concurrent Rebuild Remembered Sets and Scrub Regions
[4277.993s][info][gc,marking     ] GC(1187) Concurrent Rebuild Remembered Sets and Scrub Regions 392.552ms
[4277.995s][info][gc,start       ] GC(1187) Pause Cleanup
[4277.995s][info][gc             ] GC(1187) Pause Cleanup 2826M->2826M(4096M) 0.132ms
[4277.995s][info][gc,cpu         ] GC(1187) User=0.00s Sys=0.00s Real=0.00s
[4277.995s][info][gc,marking     ] GC(1187) Concurrent Clear Claimed Marks
[4277.995s][info][gc,marking     ] GC(1187) Concurrent Clear Claimed Marks 0.033ms
[4277.995s][info][gc,marking     ] GC(1187) Concurrent Cleanup for Next Mark
[4277.999s][info][gc,marking     ] GC(1187) Concurrent Cleanup for Next Mark 4.482ms
[4277.999s][info][gc             ] GC(1187) Concurrent Mark Cycle 1510.815ms
.[4278.793s][info][gc,start       ] GC(1188) Pause Young (Prepare Mixed) (G1 Evacuation Pause)
[4278.793s][info][gc,task        ] GC(1188) Using 6 workers of 6 for evacuation
[4278.905s][info][gc,phases      ] GC(1188)   Pre Evacuate Collection Set: 0.32ms
[4278.905s][info][gc,phases      ] GC(1188)   Merge Heap Roots: 0.50ms
[4278.906s][info][gc,phases      ] GC(1188)   Evacuate Collection Set: 110.80ms
[4278.906s][info][gc,phases      ] GC(1188)   Post Evacuate Collection Set: 0.90ms
[4278.906s][info][gc,phases      ] GC(1188)   Other: 0.10ms
[4278.906s][info][gc,heap        ] GC(1188) Eden regions: 1120->0(1113)
[4278.906s][info][gc,heap        ] GC(1188) Survivor regions: 108->107(154)
[4278.906s][info][gc,heap        ] GC(1188) Old regions: 507->538
[4278.906s][info][gc,heap        ] GC(1188) Humongous regions: 80->80
[4278.906s][info][gc,metaspace   ] GC(1188) Metaspace: 28956K(29376K)->28956K(29376K) NonClass: 24085K(24256K)->24085K(24256K) Class: 4870K(5120K)->4870K(5120K)
[4278.906s][info][gc             ] GC(1188) Pause Young (Prepare Mixed) (G1 Evacuation Pause) 3628M->1449M(4096M) 112.764ms
[4278.906s][info][gc,cpu         ] GC(1188) User=0.67s Sys=0.00s Real=0.12s
...[4281.191s][info][gc,start       ] GC(1189) Pause Young (Mixed) (G1 Evacuation Pause)
[4281.191s][info][gc,task        ] GC(1189) Using 6 workers of 6 for evacuation
[4281.329s][info][gc,phases      ] GC(1189)   Pre Evacuate Collection Set: 0.33ms
[4281.329s][info][gc,phases      ] GC(1189)   Merge Heap Roots: 0.67ms
[4281.329s][info][gc,phases      ] GC(1189)   Evacuate Collection Set: 135.64ms
[4281.329s][info][gc,phases      ] GC(1189)   Post Evacuate Collection Set: 0.96ms
[4281.329s][info][gc,phases      ] GC(1189)   Other: 0.09ms
[4281.329s][info][gc,heap        ] GC(1189) Eden regions: 1113->0(1114)
[4281.329s][info][gc,heap        ] GC(1189) Survivor regions: 107->114(153)
[4281.329s][info][gc,heap        ] GC(1189) Old regions: 538->474
[4281.329s][info][gc,heap        ] GC(1189) Humongous regions: 80->80
[4281.329s][info][gc,metaspace   ] GC(1189) Metaspace: 28956K(29376K)->28956K(29376K) NonClass: 24085K(24256K)->24085K(24256K) Class: 4870K(5120K)->4870K(5120K)
[4281.329s][info][gc             ] GC(1189) Pause Young (Mixed) (G1 Evacuation Pause) 3675M->1335M(4096M) 137.814ms
[4281.329s][info][gc,cpu         ] GC(1189) User=0.82s Sys=0.00s Real=0.14s
..[4283.595s][info][gc,start       ] GC(1190) Pause Young (Concurrent Start) (G1 Evacuation Pause)
[4283.595s][info][gc,task        ] GC(1190) Using 6 workers of 6 for evacuation
[4283.713s][info][gc,phases      ] GC(1190)   Pre Evacuate Collection Set: 0.38ms
[4283.713s][info][gc,phases      ] GC(1190)   Merge Heap Roots: 0.44ms
[4283.713s][info][gc,phases      ] GC(1190)   Evacuate Collection Set: 115.94ms
[4283.713s][info][gc,phases      ] GC(1190)   Post Evacuate Collection Set: 0.86ms
[4283.713s][info][gc,phases      ] GC(1190)   Other: 0.11ms
[4283.713s][info][gc,heap        ] GC(1190) Eden regions: 1114->0(1118)
[4283.713s][info][gc,heap        ] GC(1190) Survivor regions: 114->110(154)
[4283.713s][info][gc,heap        ] GC(1190) Old regions: 474->507
[4283.713s][info][gc,heap        ] GC(1190) Humongous regions: 80->80
[4283.713s][info][gc,metaspace   ] GC(1190) Metaspace: 28956K(29376K)->28956K(29376K) NonClass: 24085K(24256K)->24085K(24256K) Class: 4870K(5120K)->4870K(5120K)
[4283.713s][info][gc             ] GC(1190) Pause Young (Concurrent Start) (G1 Evacuation Pause) 3563M->1393M(4096M) 117.874ms
[4283.713s][info][gc             ] GC(1191) Concurrent Mark Cycle
[4283.713s][info][gc,marking     ] GC(1191) Concurrent Scan Root Regions
[4283.713s][info][gc,cpu         ] GC(1190) User=0.70s Sys=0.00s Real=0.11s
[4283.855s][info][gc,marking     ] GC(1191) Concurrent Scan Root Regions 142.245ms
[4283.855s][info][gc,marking     ] GC(1191) Concurrent Mark
[4283.855s][info][gc,marking     ] GC(1191) Concurrent Mark From Roots
[4283.855s][info][gc,task        ] GC(1191) Using 2 workers of 2 for marking
.[4284.575s][info][gc,marking     ] GC(1191) Concurrent Mark From Roots 719.324ms
[4284.575s][info][gc,marking     ] GC(1191) Concurrent Preclean
[4284.575s][info][gc,marking     ] GC(1191) Concurrent Preclean 0.128ms
[4284.577s][info][gc,start       ] GC(1191) Pause Remark
[4284.582s][info][gc             ] GC(1191) Pause Remark 2207M->2207M(4096M) 4.866ms
[4284.582s][info][gc,cpu         ] GC(1191) User=0.02s Sys=0.00s Real=0.00s
[4284.582s][info][gc,marking     ] GC(1191) Concurrent Mark 726.858ms
[4284.582s][info][gc,marking     ] GC(1191) Concurrent Rebuild Remembered Sets and Scrub Regions
[4284.891s][info][gc,marking     ] GC(1191) Concurrent Rebuild Remembered Sets and Scrub Regions 308.869ms
[4284.893s][info][gc,start       ] GC(1191) Pause Cleanup
[4284.893s][info][gc             ] GC(1191) Pause Cleanup 2509M->2509M(4096M) 0.126ms
[4284.893s][info][gc,cpu         ] GC(1191) User=0.00s Sys=0.00s Real=0.00s
[4284.893s][info][gc,marking     ] GC(1191) Concurrent Clear Claimed Marks
[4284.893s][info][gc,marking     ] GC(1191) Concurrent Clear Claimed Marks 0.038ms
[4284.893s][info][gc,marking     ] GC(1191) Concurrent Cleanup for Next Mark
[4284.899s][info][gc,marking     ] GC(1191) Concurrent Cleanup for Next Mark 6.139ms
[4284.899s][info][gc             ] GC(1191) Concurrent Mark Cycle 1186.324ms
.[4286.074s][info][gc,start       ] GC(1192) Pause Young (Prepare Mixed) (G1 Evacuation Pause)
[4286.074s][info][gc,task        ] GC(1192) Using 6 workers of 6 for evacuation
[4286.194s][info][gc,phases      ] GC(1192)   Pre Evacuate Collection Set: 0.34ms
[4286.194s][info][gc,phases      ] GC(1192)   Merge Heap Roots: 0.51ms
[4286.194s][info][gc,phases      ] GC(1192)   Evacuate Collection Set: 118.13ms
[4286.194s][info][gc,phases      ] GC(1192)   Post Evacuate Collection Set: 0.87ms
[4286.194s][info][gc,phases      ] GC(1192)   Other: 0.09ms
[4286.194s][info][gc,heap        ] GC(1192) Eden regions: 1118->0(1104)
[4286.194s][info][gc,heap        ] GC(1192) Survivor regions: 110->111(154)
[4286.194s][info][gc,heap        ] GC(1192) Old regions: 507->539
[4286.194s][info][gc,heap        ] GC(1192) Humongous regions: 80->80
[4286.194s][info][gc,metaspace   ] GC(1192) Metaspace: 28956K(29376K)->28956K(29376K) NonClass: 24085K(24256K)->24085K(24256K) Class: 4870K(5120K)->4870K(5120K)
[4286.194s][info][gc             ] GC(1192) Pause Young (Prepare Mixed) (G1 Evacuation Pause) 3629M->1459M(4096M) 120.065ms
[4286.194s][info][gc,cpu         ] GC(1192) User=0.71s Sys=0.00s Real=0.12s
...[4288.355s][info][gc,start       ] GC(1193) Pause Young (Mixed) (G1 Evacuation Pause)
[4288.356s][info][gc,task        ] GC(1193) Using 6 workers of 6 for evacuation
[4288.486s][info][gc,phases      ] GC(1193)   Pre Evacuate Collection Set: 0.36ms
[4288.486s][info][gc,phases      ] GC(1193)   Merge Heap Roots: 0.57ms
[4288.486s][info][gc,phases      ] GC(1193)   Evacuate Collection Set: 128.22ms
[4288.486s][info][gc,phases      ] GC(1193)   Post Evacuate Collection Set: 0.94ms
[4288.486s][info][gc,phases      ] GC(1193)   Other: 0.09ms
[4288.486s][info][gc,heap        ] GC(1193) Eden regions: 1104->0(1119)
[4288.486s][info][gc,heap        ] GC(1193) Survivor regions: 111->109(152)
[4288.486s][info][gc,heap        ] GC(1193) Old regions: 539->475
[4288.486s][info][gc,heap        ] GC(1193) Humongous regions: 80->80
[4288.486s][info][gc,metaspace   ] GC(1193) Metaspace: 28956K(29376K)->28956K(29376K) NonClass: 24085K(24256K)->24085K(24256K) Class: 4870K(5120K)->4870K(5120K)
[4288.486s][info][gc             ] GC(1193) Pause Young (Mixed) (G1 Evacuation Pause) 3667M->1327M(4096M) 130.307ms
[4288.486s][info][gc,cpu         ] GC(1193) User=0.77s Sys=0.00s Real=0.13s
..[4290.750s][info][gc,start       ] GC(1194) Pause Young (Concurrent Start) (G1 Evacuation Pause)
[4290.750s][info][gc,task        ] GC(1194) Using 6 workers of 6 for evacuation
[4290.866s][info][gc,phases      ] GC(1194)   Pre Evacuate Collection Set: 0.36ms
[4290.866s][info][gc,phases      ] GC(1194)   Merge Heap Roots: 0.44ms
[4290.866s][info][gc,phases      ] GC(1194)   Evacuate Collection Set: 113.61ms
[4290.866s][info][gc,phases      ] GC(1194)   Post Evacuate Collection Set: 0.86ms
[4290.866s][info][gc,phases      ] GC(1194)   Other: 0.12ms
[4290.866s][info][gc,heap        ] GC(1194) Eden regions: 1119->0(1121)
[4290.866s][info][gc,heap        ] GC(1194) Survivor regions: 109->107(154)
[4290.866s][info][gc,heap        ] GC(1194) Old regions: 475->509
[4290.866s][info][gc,heap        ] GC(1194) Humongous regions: 80->80
[4290.866s][info][gc,metaspace   ] GC(1194) Metaspace: 28956K(29376K)->28956K(29376K) NonClass: 24085K(24256K)->24085K(24256K) Class: 4870K(5120K)->4870K(5120K)
[4290.866s][info][gc             ] GC(1194) Pause Young (Concurrent Start) (G1 Evacuation Pause) 3565M->1391M(4096M) 115.511ms
[4290.866s][info][gc             ] GC(1195) Concurrent Mark Cycle
[4290.866s][info][gc,marking     ] GC(1195) Concurrent Scan Root Regions
[4290.866s][info][gc,cpu         ] GC(1194) User=0.68s Sys=0.00s Real=0.12s
[4291.043s][info][gc,marking     ] GC(1195) Concurrent Scan Root Regions 176.898ms
[4291.043s][info][gc,marking     ] GC(1195) Concurrent Mark
[4291.043s][info][gc,marking     ] GC(1195) Concurrent Mark From Roots
[4291.043s][info][gc,task        ] GC(1195) Using 2 workers of 2 for marking
.[4291.957s][info][gc,marking     ] GC(1195) Concurrent Mark From Roots 913.988ms
[4291.957s][info][gc,marking     ] GC(1195) Concurrent Preclean
[4291.957s][info][gc,marking     ] GC(1195) Concurrent Preclean 0.113ms
[4291.957s][info][gc,start       ] GC(1195) Pause Remark
[4291.963s][info][gc             ] GC(1195) Pause Remark 2395M->2395M(4096M) 6.300ms
[4291.963s][info][gc,cpu         ] GC(1195) User=0.03s Sys=0.00s Real=0.01s
[4291.963s][info][gc,marking     ] GC(1195) Concurrent Mark 920.636ms
[4291.963s][info][gc,marking     ] GC(1195) Concurrent Rebuild Remembered Sets and Scrub Regions
.[4292.327s][info][gc,marking     ] GC(1195) Concurrent Rebuild Remembered Sets and Scrub Regions 363.588ms
[4292.328s][info][gc,start       ] GC(1195) Pause Cleanup
[4292.328s][info][gc             ] GC(1195) Pause Cleanup 2769M->2769M(4096M) 0.139ms
[4292.328s][info][gc,cpu         ] GC(1195) User=0.00s Sys=0.00s Real=0.00s
[4292.329s][info][gc,marking     ] GC(1195) Concurrent Clear Claimed Marks
[4292.329s][info][gc,marking     ] GC(1195) Concurrent Clear Claimed Marks 0.030ms
[4292.329s][info][gc,marking     ] GC(1195) Concurrent Cleanup for Next Mark
[4292.364s][info][gc,marking     ] GC(1195) Concurrent Cleanup for Next Mark 35.485ms
[4292.364s][info][gc             ] GC(1195) Concurrent Mark Cycle 1498.226ms
[4293.271s][info][gc,start       ] GC(1196) Pause Young (Prepare Mixed) (G1 Evacuation Pause)
[4293.271s][info][gc,task        ] GC(1196) Using 6 workers of 6 for evacuation
[4293.391s][info][gc,phases      ] GC(1196)   Pre Evacuate Collection Set: 0.34ms
[4293.391s][info][gc,phases      ] GC(1196)   Merge Heap Roots: 0.51ms
[4293.391s][info][gc,phases      ] GC(1196)   Evacuate Collection Set: 118.62ms
[4293.392s][info][gc,phases      ] GC(1196)   Post Evacuate Collection Set: 0.91ms
[4293.392s][info][gc,phases      ] GC(1196)   Other: 0.09ms
[4293.392s][info][gc,heap        ] GC(1196) Eden regions: 1121->0(1099)
[4293.392s][info][gc,heap        ] GC(1196) Survivor regions: 107->113(154)
[4293.392s][info][gc,heap        ] GC(1196) Old regions: 509->540
[4293.392s][info][gc,heap        ] GC(1196) Humongous regions: 80->80
[4293.392s][info][gc,metaspace   ] GC(1196) Metaspace: 28956K(29376K)->28956K(29376K) NonClass: 24085K(24256K)->24085K(24256K) Class: 4870K(5120K)->4870K(5120K)
[4293.392s][info][gc             ] GC(1196) Pause Young (Prepare Mixed) (G1 Evacuation Pause) 3633M->1463M(4096M) 120.597ms
[4293.392s][info][gc,cpu         ] GC(1196) User=0.72s Sys=0.00s Real=0.12s
...[4295.550s][info][gc,start       ] GC(1197) Pause Young (Mixed) (G1 Evacuation Pause)
[4295.550s][info][gc,task        ] GC(1197) Using 6 workers of 6 for evacuation
[4295.690s][info][gc,phases      ] GC(1197)   Pre Evacuate Collection Set: 0.38ms
[4295.690s][info][gc,phases      ] GC(1197)   Merge Heap Roots: 0.68ms
[4295.690s][info][gc,phases      ] GC(1197)   Evacuate Collection Set: 138.45ms
[4295.690s][info][gc,phases      ] GC(1197)   Post Evacuate Collection Set: 0.91ms
[4295.690s][info][gc,phases      ] GC(1197)   Other: 0.09ms
[4295.690s][info][gc,heap        ] GC(1197) Eden regions: 1099->0(1113)
[4295.690s][info][gc,heap        ] GC(1197) Survivor regions: 113->115(152)
[4295.690s][info][gc,heap        ] GC(1197) Old regions: 540->476
[4295.690s][info][gc,heap        ] GC(1197) Humongous regions: 80->80
[4295.690s][info][gc,metaspace   ] GC(1197) Metaspace: 28956K(29376K)->28956K(29376K) NonClass: 24085K(24256K)->24085K(24256K) Class: 4870K(5120K)->4870K(5120K)
[4295.690s][info][gc             ] GC(1197) Pause Young (Mixed) (G1 Evacuation Pause) 3661M->1341M(4096M) 140.649ms
[4295.690s][info][gc,cpu         ] GC(1197) User=0.84s Sys=0.00s Real=0.14s
..[4298.027s][info][gc,start       ] GC(1198) Pause Young (Concurrent Start) (G1 Evacuation Pause)
[4298.027s][info][gc,task        ] GC(1198) Using 6 workers of 6 for evacuation
[4298.144s][info][gc,phases      ] GC(1198)   Pre Evacuate Collection Set: 0.37ms
[4298.144s][info][gc,phases      ] GC(1198)   Merge Heap Roots: 0.45ms
[4298.144s][info][gc,phases      ] GC(1198)   Evacuate Collection Set: 115.45ms
[4298.144s][info][gc,phases      ] GC(1198)   Post Evacuate Collection Set: 0.86ms
[4298.144s][info][gc,phases      ] GC(1198)   Other: 0.12ms
[4298.144s][info][gc,heap        ] GC(1198) Eden regions: 1113->0(1118)
[4298.144s][info][gc,heap        ] GC(1198) Survivor regions: 115->110(154)
[4298.144s][info][gc,heap        ] GC(1198) Old regions: 476->509
[4298.144s][info][gc,heap        ] GC(1198) Humongous regions: 80->80
[4298.144s][info][gc,metaspace   ] GC(1198) Metaspace: 28956K(29376K)->28956K(29376K) NonClass: 24085K(24256K)->24085K(24256K) Class: 4870K(5120K)->4870K(5120K)
[4298.144s][info][gc             ] GC(1198) Pause Young (Concurrent Start) (G1 Evacuation Pause) 3567M->1395M(4096M) 117.404ms
[4298.144s][info][gc             ] GC(1199) Concurrent Mark Cycle
[4298.144s][info][gc,marking     ] GC(1199) Concurrent Scan Root Regions
[4298.144s][info][gc,cpu         ] GC(1198) User=0.70s Sys=0.00s Real=0.12s
[4298.329s][info][gc,marking     ] GC(1199) Concurrent Scan Root Regions 184.574ms
[4298.329s][info][gc,marking     ] GC(1199) Concurrent Mark
[4298.329s][info][gc,marking     ] GC(1199) Concurrent Mark From Roots
[4298.329s][info][gc,task        ] GC(1199) Using 2 workers of 2 for marking
.[4299.315s][info][gc,marking     ] GC(1199) Concurrent Mark From Roots 986.215ms
[4299.315s][info][gc,marking     ] GC(1199) Concurrent Preclean
[4299.315s][info][gc,marking     ] GC(1199) Concurrent Preclean 0.143ms
[4299.316s][info][gc,start       ] GC(1199) Pause Remark
[4299.322s][info][gc             ] GC(1199) Pause Remark 2491M->2491M(4096M) 6.578ms
[4299.323s][info][gc,cpu         ] GC(1199) User=0.04s Sys=0.00s Real=0.00s
[4299.323s][info][gc,marking     ] GC(1199) Concurrent Mark 993.847ms
[4299.323s][info][gc,marking     ] GC(1199) Concurrent Rebuild Remembered Sets and Scrub Regions
.[4299.687s][info][gc,marking     ] GC(1199) Concurrent Rebuild Remembered Sets and Scrub Regions 364.520ms
[4299.687s][info][gc,start       ] GC(1199) Pause Cleanup
[4299.687s][info][gc             ] GC(1199) Pause Cleanup 2914M->2914M(4096M) 0.113ms
[4299.687s][info][gc,cpu         ] GC(1199) User=0.00s Sys=0.00s Real=0.00s
[4299.687s][info][gc,marking     ] GC(1199) Concurrent Clear Claimed Marks
[4299.687s][info][gc,marking     ] GC(1199) Concurrent Clear Claimed Marks 0.022ms
[4299.687s][info][gc,marking     ] GC(1199) Concurrent Cleanup for Next Mark
[4299.691s][info][gc,marking     ] GC(1199) Concurrent Cleanup for Next Mark 3.699ms
[4299.691s][info][gc             ] GC(1199) Concurrent Mark Cycle 1547.103ms
.[4300.472s][info][gc,start       ] GC(1200) Pause Young (Prepare Mixed) (G1 Evacuation Pause)
[4300.472s][info][gc,task        ] GC(1200) Using 6 workers of 6 for evacuation
[4300.597s][info][gc,phases      ] GC(1200)   Pre Evacuate Collection Set: 0.30ms
[4300.597s][info][gc,phases      ] GC(1200)   Merge Heap Roots: 0.64ms
[4300.597s][info][gc,phases      ] GC(1200)   Evacuate Collection Set: 123.05ms
[4300.597s][info][gc,phases      ] GC(1200)   Post Evacuate Collection Set: 0.88ms
[4300.597s][info][gc,phases      ] GC(1200)   Other: 0.09ms
[4300.597s][info][gc,heap        ] GC(1200) Eden regions: 1118->0(1094)
[4300.597s][info][gc,heap        ] GC(1200) Survivor regions: 110->116(154)
[4300.597s][info][gc,heap        ] GC(1200) Old regions: 509->539
[4300.597s][info][gc,heap        ] GC(1200) Humongous regions: 80->80
[4300.597s][info][gc,metaspace   ] GC(1200) Metaspace: 28956K(29376K)->28956K(29376K) NonClass: 24085K(24256K)->24085K(24256K) Class: 4870K(5120K)->4870K(5120K)
[4300.597s][info][gc             ] GC(1200) Pause Young (Prepare Mixed) (G1 Evacuation Pause) 3631M->1468M(4096M) 125.101ms
[4300.597s][info][gc,cpu         ] GC(1200) User=0.75s Sys=0.00s Real=0.13s
..[4302.757s][info][gc,start       ] GC(1201) Pause Young (Mixed) (G1 Evacuation Pause)
[4302.757s][info][gc,task        ] GC(1201) Using 6 workers of 6 for evacuation
[4302.888s][info][gc,phases      ] GC(1201)   Pre Evacuate Collection Set: 0.36ms
[4302.888s][info][gc,phases      ] GC(1201)   Merge Heap Roots: 0.63ms
[4302.888s][info][gc,phases      ] GC(1201)   Evacuate Collection Set: 129.35ms
[4302.888s][info][gc,phases      ] GC(1201)   Post Evacuate Collection Set: 0.92ms
[4302.888s][info][gc,phases      ] GC(1201)   Other: 0.08ms
[4302.888s][info][gc,heap        ] GC(1201) Eden regions: 1094->0(1119)
[4302.888s][info][gc,heap        ] GC(1201) Survivor regions: 116->109(152)
[4302.888s][info][gc,heap        ] GC(1201) Old regions: 539->473
[4302.888s][info][gc,heap        ] GC(1201) Humongous regions: 80->80
[4302.888s][info][gc,metaspace   ] GC(1201) Metaspace: 28956K(29376K)->28956K(29376K) NonClass: 24085K(24256K)->24085K(24256K) Class: 4870K(5120K)->4870K(5120K)
[4302.888s][info][gc             ] GC(1201) Pause Young (Mixed) (G1 Evacuation Pause) 3656M->1323M(4096M) 131.482ms
[4302.888s][info][gc,cpu         ] GC(1201) User=0.78s Sys=0.00s Real=0.13s
..[4305.173s][info][gc,start       ] GC(1202) Pause Young (Concurrent Start) (G1 Evacuation Pause)
[4305.173s][info][gc,task        ] GC(1202) Using 6 workers of 6 for evacuation
[4305.288s][info][gc,phases      ] GC(1202)   Pre Evacuate Collection Set: 0.35ms
[4305.288s][info][gc,phases      ] GC(1202)   Merge Heap Roots: 0.44ms
[4305.288s][info][gc,phases      ] GC(1202)   Evacuate Collection Set: 113.60ms
[4305.288s][info][gc,phases      ] GC(1202)   Post Evacuate Collection Set: 0.87ms
[4305.288s][info][gc,phases      ] GC(1202)   Other: 0.09ms
[4305.288s][info][gc,heap        ] GC(1202) Eden regions: 1119->0(1120)
[4305.288s][info][gc,heap        ] GC(1202) Survivor regions: 109->108(154)
[4305.288s][info][gc,heap        ] GC(1202) Old regions: 473->505
[4305.288s][info][gc,heap        ] GC(1202) Humongous regions: 80->80
[4305.288s][info][gc,metaspace   ] GC(1202) Metaspace: 28956K(29376K)->28956K(29376K) NonClass: 24085K(24256K)->24085K(24256K) Class: 4870K(5120K)->4870K(5120K)
[4305.288s][info][gc             ] GC(1202) Pause Young (Concurrent Start) (G1 Evacuation Pause) 3561M->1384M(4096M) 115.503ms
[4305.288s][info][gc             ] GC(1203) Concurrent Mark Cycle
[4305.288s][info][gc,marking     ] GC(1203) Concurrent Scan Root Regions
[4305.289s][info][gc,cpu         ] GC(1202) User=0.69s Sys=0.00s Real=0.12s
.[4305.467s][info][gc,marking     ] GC(1203) Concurrent Scan Root Regions 178.438ms
[4305.467s][info][gc,marking     ] GC(1203) Concurrent Mark
[4305.467s][info][gc,marking     ] GC(1203) Concurrent Mark From Roots
[4305.467s][info][gc,task        ] GC(1203) Using 2 workers of 2 for marking
.[4306.471s][info][gc,marking     ] GC(1203) Concurrent Mark From Roots 1004.194ms
[4306.471s][info][gc,marking     ] GC(1203) Concurrent Preclean
[4306.471s][info][gc,marking     ] GC(1203) Concurrent Preclean 0.093ms
[4306.471s][info][gc,start       ] GC(1203) Pause Remark
[4306.476s][info][gc             ] GC(1203) Pause Remark 2575M->2575M(4096M) 4.367ms
[4306.476s][info][gc,cpu         ] GC(1203) User=0.03s Sys=0.00s Real=0.01s
[4306.476s][info][gc,marking     ] GC(1203) Concurrent Mark 1008.881ms
[4306.476s][info][gc,marking     ] GC(1203) Concurrent Rebuild Remembered Sets and Scrub Regions
[4306.731s][info][gc,marking     ] GC(1203) Concurrent Rebuild Remembered Sets and Scrub Regions 255.187ms
[4306.732s][info][gc,start       ] GC(1203) Pause Cleanup
[4306.732s][info][gc             ] GC(1203) Pause Cleanup 2800M->2800M(4096M) 0.117ms
[4306.732s][info][gc,cpu         ] GC(1203) User=0.00s Sys=0.00s Real=0.00s
[4306.732s][info][gc,marking     ] GC(1203) Concurrent Clear Claimed Marks
[4306.733s][info][gc,marking     ] GC(1203) Concurrent Clear Claimed Marks 0.032ms
[4306.733s][info][gc,marking     ] GC(1203) Concurrent Cleanup for Next Mark
[4306.738s][info][gc,marking     ] GC(1203) Concurrent Cleanup for Next Mark 5.040ms
[4306.738s][info][gc             ] GC(1203) Concurrent Mark Cycle 1449.135ms
.[4307.627s][info][gc,start       ] GC(1204) Pause Young (Prepare Mixed) (G1 Evacuation Pause)
[4307.627s][info][gc,task        ] GC(1204) Using 6 workers of 6 for evacuation
[4307.744s][info][gc,phases      ] GC(1204)   Pre Evacuate Collection Set: 0.35ms
[4307.744s][info][gc,phases      ] GC(1204)   Merge Heap Roots: 0.51ms
[4307.745s][info][gc,phases      ] GC(1204)   Evacuate Collection Set: 115.67ms
[4307.745s][info][gc,phases      ] GC(1204)   Post Evacuate Collection Set: 0.89ms
[4307.745s][info][gc,phases      ] GC(1204)   Other: 0.09ms
[4307.745s][info][gc,heap        ] GC(1204) Eden regions: 1120->0(1107)
[4307.745s][info][gc,heap        ] GC(1204) Survivor regions: 108->111(154)
[4307.745s][info][gc,heap        ] GC(1204) Old regions: 505->536
[4307.745s][info][gc,heap        ] GC(1204) Humongous regions: 80->80
[4307.745s][info][gc,metaspace   ] GC(1204) Metaspace: 28956K(29376K)->28956K(29376K) NonClass: 24085K(24256K)->24085K(24256K) Class: 4870K(5120K)->4870K(5120K)
[4307.745s][info][gc             ] GC(1204) Pause Young (Prepare Mixed) (G1 Evacuation Pause) 3624M->1453M(4096M) 117.640ms
[4307.745s][info][gc,cpu         ] GC(1204) User=0.70s Sys=0.00s Real=0.12s
..[4309.973s][info][gc,start       ] GC(1205) Pause Young (Mixed) (G1 Evacuation Pause)
[4309.973s][info][gc,task        ] GC(1205) Using 6 workers of 6 for evacuation
[4310.103s][info][gc,phases      ] GC(1205)   Pre Evacuate Collection Set: 0.38ms
[4310.103s][info][gc,phases      ] GC(1205)   Merge Heap Roots: 0.66ms
[4310.103s][info][gc,phases      ] GC(1205)   Evacuate Collection Set: 128.17ms
[4310.103s][info][gc,phases      ] GC(1205)   Post Evacuate Collection Set: 0.94ms
[4310.103s][info][gc,phases      ] GC(1205)   Other: 0.08ms
[4310.103s][info][gc,heap        ] GC(1205) Eden regions: 1107->0(1119)
[4310.103s][info][gc,heap        ] GC(1205) Survivor regions: 111->109(153)
[4310.103s][info][gc,heap        ] GC(1205) Old regions: 536->475
[4310.103s][info][gc,heap        ] GC(1205) Humongous regions: 80->80
[4310.103s][info][gc,metaspace   ] GC(1205) Metaspace: 28956K(29376K)->28956K(29376K) NonClass: 24085K(24256K)->24085K(24256K) Class: 4870K(5120K)->4870K(5120K)
[4310.103s][info][gc             ] GC(1205) Pause Young (Mixed) (G1 Evacuation Pause) 3667M->1326M(4096M) 130.359ms
[4310.104s][info][gc,cpu         ] GC(1205) User=0.77s Sys=0.00s Real=0.14s
..[4312.262s][info][gc,start       ] GC(1206) Pause Young (Concurrent Start) (G1 Evacuation Pause)
[4312.262s][info][gc,task        ] GC(1206) Using 6 workers of 6 for evacuation
[4312.381s][info][gc,phases      ] GC(1206)   Pre Evacuate Collection Set: 0.41ms
[4312.381s][info][gc,phases      ] GC(1206)   Merge Heap Roots: 0.55ms
[4312.381s][info][gc,phases      ] GC(1206)   Evacuate Collection Set: 117.07ms
[4312.381s][info][gc,phases      ] GC(1206)   Post Evacuate Collection Set: 0.87ms
[4312.381s][info][gc,phases      ] GC(1206)   Other: 0.12ms
[4312.381s][info][gc,heap        ] GC(1206) Eden regions: 1119->0(1118)
[4312.381s][info][gc,heap        ] GC(1206) Survivor regions: 109->110(154)
[4312.381s][info][gc,heap        ] GC(1206) Old regions: 475->508
[4312.381s][info][gc,heap        ] GC(1206) Humongous regions: 80->80
[4312.381s][info][gc,metaspace   ] GC(1206) Metaspace: 28956K(29376K)->28956K(29376K) NonClass: 24085K(24256K)->24085K(24256K) Class: 4870K(5120K)->4870K(5120K)
[4312.381s][info][gc             ] GC(1206) Pause Young (Concurrent Start) (G1 Evacuation Pause) 3564M->1394M(4096M) 119.159ms
[4312.381s][info][gc             ] GC(1207) Concurrent Mark Cycle
[4312.381s][info][gc,marking     ] GC(1207) Concurrent Scan Root Regions
[4312.381s][info][gc,cpu         ] GC(1206) User=0.70s Sys=0.00s Real=0.12s
.[4312.534s][info][gc,marking     ] GC(1207) Concurrent Scan Root Regions 152.171ms
[4312.534s][info][gc,marking     ] GC(1207) Concurrent Mark
[4312.534s][info][gc,marking     ] GC(1207) Concurrent Mark From Roots
[4312.534s][info][gc,task        ] GC(1207) Using 2 workers of 2 for marking
[4313.212s][info][gc,marking     ] GC(1207) Concurrent Mark From Roots 678.061ms
[4313.212s][info][gc,marking     ] GC(1207) Concurrent Preclean
[4313.212s][info][gc,marking     ] GC(1207) Concurrent Preclean 0.104ms
[4313.212s][info][gc,start       ] GC(1207) Pause Remark
[4313.219s][info][gc             ] GC(1207) Pause Remark 2162M->2162M(4096M) 6.303ms
[4313.219s][info][gc,cpu         ] GC(1207) User=0.04s Sys=0.00s Real=0.01s
[4313.219s][info][gc,marking     ] GC(1207) Concurrent Mark 685.100ms
[4313.219s][info][gc,marking     ] GC(1207) Concurrent Rebuild Remembered Sets and Scrub Regions
[4313.477s][info][gc,marking     ] GC(1207) Concurrent Rebuild Remembered Sets and Scrub Regions 258.367ms
[4313.477s][info][gc,start       ] GC(1207) Pause Cleanup
[4313.477s][info][gc             ] GC(1207) Pause Cleanup 2412M->2412M(4096M) 0.106ms
[4313.477s][info][gc,cpu         ] GC(1207) User=0.00s Sys=0.00s Real=0.00s
[4313.479s][info][gc,marking     ] GC(1207) Concurrent Clear Claimed Marks
[4313.479s][info][gc,marking     ] GC(1207) Concurrent Clear Claimed Marks 0.035ms
[4313.479s][info][gc,marking     ] GC(1207) Concurrent Cleanup for Next Mark
[4313.485s][info][gc,marking     ] GC(1207) Concurrent Cleanup for Next Mark 6.493ms
[4313.485s][info][gc             ] GC(1207) Concurrent Mark Cycle 1103.957ms
..[4314.737s][info][gc,start       ] GC(1208) Pause Young (Prepare Mixed) (G1 Evacuation Pause)
[4314.737s][info][gc,task        ] GC(1208) Using 6 workers of 6 for evacuation
[4314.854s][info][gc,phases      ] GC(1208)   Pre Evacuate Collection Set: 0.32ms
[4314.854s][info][gc,phases      ] GC(1208)   Merge Heap Roots: 0.50ms
[4314.854s][info][gc,phases      ] GC(1208)   Evacuate Collection Set: 115.38ms
[4314.854s][info][gc,phases      ] GC(1208)   Post Evacuate Collection Set: 0.90ms
[4314.854s][info][gc,phases      ] GC(1208)   Other: 0.09ms
[4314.854s][info][gc,heap        ] GC(1208) Eden regions: 1118->0(1107)
[4314.854s][info][gc,heap        ] GC(1208) Survivor regions: 110->109(154)
[4314.854s][info][gc,heap        ] GC(1208) Old regions: 508->540
[4314.854s][info][gc,heap        ] GC(1208) Humongous regions: 80->80
[4314.854s][info][gc,metaspace   ] GC(1208) Metaspace: 28956K(29376K)->28956K(29376K) NonClass: 24085K(24256K)->24085K(24256K) Class: 4870K(5120K)->4870K(5120K)
[4314.854s][info][gc             ] GC(1208) Pause Young (Prepare Mixed) (G1 Evacuation Pause) 3630M->1457M(4096M) 117.344ms
[4314.854s][info][gc,cpu         ] GC(1208) User=0.70s Sys=0.00s Real=0.12s
..[4317.131s][info][gc,start       ] GC(1209) Pause Young (Mixed) (G1 Evacuation Pause)
[4317.132s][info][gc,task        ] GC(1209) Using 6 workers of 6 for evacuation
[4317.266s][info][gc,phases      ] GC(1209)   Pre Evacuate Collection Set: 0.34ms
[4317.267s][info][gc,phases      ] GC(1209)   Merge Heap Roots: 0.66ms
[4317.267s][info][gc,phases      ] GC(1209)   Evacuate Collection Set: 132.96ms
[4317.267s][info][gc,phases      ] GC(1209)   Post Evacuate Collection Set: 0.94ms
[4317.267s][info][gc,phases      ] GC(1209)   Other: 0.09ms
[4317.267s][info][gc,heap        ] GC(1209) Eden regions: 1107->0(1116)
[4317.267s][info][gc,heap        ] GC(1209) Survivor regions: 109->112(152)
[4317.267s][info][gc,heap        ] GC(1209) Old regions: 540->474
[4317.267s][info][gc,heap        ] GC(1209) Humongous regions: 80->80
[4317.267s][info][gc,metaspace   ] GC(1209) Metaspace: 28956K(29376K)->28956K(29376K) NonClass: 24085K(24256K)->24085K(24256K) Class: 4870K(5120K)->4870K(5120K)
[4317.267s][info][gc             ] GC(1209) Pause Young (Mixed) (G1 Evacuation Pause) 3671M->1331M(4096M) 135.112ms
[4317.267s][info][gc,cpu         ] GC(1209) User=0.80s Sys=0.00s Real=0.14s
...[4319.572s][info][gc,start       ] GC(1210) Pause Young (Concurrent Start) (G1 Evacuation Pause)
[4319.572s][info][gc,task        ] GC(1210) Using 6 workers of 6 for evacuation
[4319.689s][info][gc,phases      ] GC(1210)   Pre Evacuate Collection Set: 0.33ms
[4319.689s][info][gc,phases      ] GC(1210)   Merge Heap Roots: 0.42ms
[4319.689s][info][gc,phases      ] GC(1210)   Evacuate Collection Set: 115.67ms
[4319.689s][info][gc,phases      ] GC(1210)   Post Evacuate Collection Set: 0.84ms
[4319.689s][info][gc,phases      ] GC(1210)   Other: 0.12ms
[4319.689s][info][gc,heap        ] GC(1210) Eden regions: 1116->0(1117)
[4319.689s][info][gc,heap        ] GC(1210) Survivor regions: 112->111(154)
[4319.689s][info][gc,heap        ] GC(1210) Old regions: 474->506
[4319.689s][info][gc,heap        ] GC(1210) Humongous regions: 80->80
[4319.689s][info][gc,metaspace   ] GC(1210) Metaspace: 28956K(29376K)->28956K(29376K) NonClass: 24085K(24256K)->24085K(24256K) Class: 4870K(5120K)->4870K(5120K)
[4319.689s][info][gc             ] GC(1210) Pause Young (Concurrent Start) (G1 Evacuation Pause) 3563M->1392M(4096M) 117.515ms
[4319.689s][info][gc             ] GC(1211) Concurrent Mark Cycle
[4319.689s][info][gc,marking     ] GC(1211) Concurrent Scan Root Regions
[4319.689s][info][gc,cpu         ] GC(1210) User=0.70s Sys=0.00s Real=0.12s
[4319.841s][info][gc,marking     ] GC(1211) Concurrent Scan Root Regions 151.815ms
[4319.841s][info][gc,marking     ] GC(1211) Concurrent Mark
[4319.841s][info][gc,marking     ] GC(1211) Concurrent Mark From Roots
[4319.841s][info][gc,task        ] GC(1211) Using 2 workers of 2 for marking
.[4320.558s][info][gc,marking     ] GC(1211) Concurrent Mark From Roots 716.736ms
[4320.558s][info][gc,marking     ] GC(1211) Concurrent Preclean
[4320.558s][info][gc,marking     ] GC(1211) Concurrent Preclean 0.123ms
[4320.559s][info][gc,start       ] GC(1211) Pause Remark
[4320.564s][info][gc             ] GC(1211) Pause Remark 2192M->2192M(4096M) 4.237ms
[4320.564s][info][gc,cpu         ] GC(1211) User=0.03s Sys=0.00s Real=0.01s
[4320.564s][info][gc,marking     ] GC(1211) Concurrent Mark 723.088ms
[4320.564s][info][gc,marking     ] GC(1211) Concurrent Rebuild Remembered Sets and Scrub Regions
[4320.882s][info][gc,marking     ] GC(1211) Concurrent Rebuild Remembered Sets and Scrub Regions 317.932ms
[4320.884s][info][gc,start       ] GC(1211) Pause Cleanup
[4320.884s][info][gc             ] GC(1211) Pause Cleanup 2498M->2498M(4096M) 0.126ms
[4320.884s][info][gc,cpu         ] GC(1211) User=0.00s Sys=0.00s Real=0.00s
[4320.885s][info][gc,marking     ] GC(1211) Concurrent Clear Claimed Marks
[4320.885s][info][gc,marking     ] GC(1211) Concurrent Clear Claimed Marks 0.034ms
[4320.885s][info][gc,marking     ] GC(1211) Concurrent Cleanup for Next Mark
[4320.891s][info][gc,marking     ] GC(1211) Concurrent Cleanup for Next Mark 6.011ms
[4320.891s][info][gc             ] GC(1211) Concurrent Mark Cycle 1201.471ms
.[4322.044s][info][gc,start       ] GC(1212) Pause Young (Prepare Mixed) (G1 Evacuation Pause)
[4322.044s][info][gc,task        ] GC(1212) Using 6 workers of 6 for evacuation
[4322.164s][info][gc,phases      ] GC(1212)   Pre Evacuate Collection Set: 0.32ms
[4322.164s][info][gc,phases      ] GC(1212)   Merge Heap Roots: 0.48ms
[4322.164s][info][gc,phases      ] GC(1212)   Evacuate Collection Set: 118.27ms
[4322.164s][info][gc,phases      ] GC(1212)   Post Evacuate Collection Set: 0.90ms
[4322.164s][info][gc,phases      ] GC(1212)   Other: 0.09ms
[4322.164s][info][gc,heap        ] GC(1212) Eden regions: 1117->0(1101)
[4322.164s][info][gc,heap        ] GC(1212) Survivor regions: 111->113(154)
[4322.164s][info][gc,heap        ] GC(1212) Old regions: 506->538
[4322.164s][info][gc,heap        ] GC(1212) Humongous regions: 80->80
[4322.164s][info][gc,metaspace   ] GC(1212) Metaspace: 28956K(29376K)->28956K(29376K) NonClass: 24085K(24256K)->24085K(24256K) Class: 4870K(5120K)->4870K(5120K)
[4322.164s][info][gc             ] GC(1212) Pause Young (Prepare Mixed) (G1 Evacuation Pause) 3626M->1459M(4096M) 120.195ms
[4322.164s][info][gc,cpu         ] GC(1212) User=0.72s Sys=0.00s Real=0.12s
.. (rIR:aIR:PR = 7749:7785:7785) (tPR = 115286) [OK] 
  4323s: Performance info:
         Transaction,    Success,    Partial,     Failed,   Receipts, AvgBarcode, 
             Overall,     471086,          0,          0,     447601,      59.48, 
         Response times:
             Request,    Success,    Partial,     Failed,   SkipFail,     Probes,    Samples,      min,      p50,      p90,      p95,      p99,      max, 
       TotalPurchase,     447600,          0,          0,          0,     358414,     427487,      300,     6700,    75000,   105000,   152000,   284000,
     InStorePurchase,     236505,          0,          0,          0,     188045,     224169,      300,     6600,    75000,   105000,   152000,   274000,
      OnlinePurchase,     164176,          0,          0,          0,     132104,     157595,      300,     6600,    74000,   105000,   153000,   284000,
        InstPurchase,      46919,          0,          0,          0,      38265,      45723,      400,     7100,    75000,   107000,   151760,   273000,
          AssocOfCat,        472,          0,          0,          0,        380,        548,    24000,    44500,   115000,   151550,   193510,   220000,
      AssocOfProduct,       4709,          0,          0,          0,       4410,       5482,      300,     5500,    69000,    99850,   139000,   229000,
      BusinessReport,       1176,          0,          0,          0,       1047,       1372,    26000,    47000,   130000,   171000,   219270,   296000,
          CustBuyBeh,       4705,          0,          0,          0,       4393,       5396,      300,     6800,    73000,   104000,   142030,   248000,
       ProductReturn,      12423,          0,          0,          0,       9338,      11273,      200,     4600,    62000,    95000,   142000,   248000,

  4323s: (57%)   IR =   7887 [4324.275s][info][gc,start       ] GC(1213) Pause Young (Mixed) (G1 Evacuation Pause)
[4324.275s][info][gc,task        ] GC(1213) Using 6 workers of 6 for evacuation
[4324.412s][info][gc,phases      ] GC(1213)   Pre Evacuate Collection Set: 0.35ms
[4324.412s][info][gc,phases      ] GC(1213)   Merge Heap Roots: 0.63ms
[4324.412s][info][gc,phases      ] GC(1213)   Evacuate Collection Set: 134.64ms
[4324.412s][info][gc,phases      ] GC(1213)   Post Evacuate Collection Set: 0.92ms
[4324.412s][info][gc,phases      ] GC(1213)   Other: 0.08ms
[4324.412s][info][gc,heap        ] GC(1213) Eden regions: 1101->0(1117)
[4324.412s][info][gc,heap        ] GC(1213) Survivor regions: 113->111(152)
[4324.412s][info][gc,heap        ] GC(1213) Old regions: 538->473
[4324.412s][info][gc,heap        ] GC(1213) Humongous regions: 80->80
[4324.412s][info][gc,metaspace   ] GC(1213) Metaspace: 28956K(29376K)->28956K(29376K) NonClass: 24085K(24256K)->24085K(24256K) Class: 4870K(5120K)->4870K(5120K)
[4324.412s][info][gc             ] GC(1213) Pause Young (Mixed) (G1 Evacuation Pause) 3661M->1327M(4096M) 136.765ms
[4324.412s][info][gc,cpu         ] GC(1213) User=0.81s Sys=0.00s Real=0.13s
...[4326.778s][info][gc,start       ] GC(1214) Pause Young (Concurrent Start) (G1 Evacuation Pause)
[4326.778s][info][gc,task        ] GC(1214) Using 6 workers of 6 for evacuation
[4326.895s][info][gc,phases      ] GC(1214)   Pre Evacuate Collection Set: 0.37ms
[4326.895s][info][gc,phases      ] GC(1214)   Merge Heap Roots: 0.46ms
[4326.895s][info][gc,phases      ] GC(1214)   Evacuate Collection Set: 115.00ms
[4326.895s][info][gc,phases      ] GC(1214)   Post Evacuate Collection Set: 0.87ms
[4326.895s][info][gc,phases      ] GC(1214)   Other: 0.10ms
[4326.895s][info][gc,heap        ] GC(1214) Eden regions: 1117->0(1121)
[4326.895s][info][gc,heap        ] GC(1214) Survivor regions: 111->107(154)
[4326.895s][info][gc,heap        ] GC(1214) Old regions: 473->506
[4326.895s][info][gc,heap        ] GC(1214) Humongous regions: 80->80
[4326.895s][info][gc,metaspace   ] GC(1214) Metaspace: 28956K(29376K)->28956K(29376K) NonClass: 24085K(24256K)->24085K(24256K) Class: 4870K(5120K)->4870K(5120K)
[4326.895s][info][gc             ] GC(1214) Pause Young (Concurrent Start) (G1 Evacuation Pause) 3561M->1385M(4096M) 116.932ms
[4326.895s][info][gc             ] GC(1215) Concurrent Mark Cycle
[4326.895s][info][gc,marking     ] GC(1215) Concurrent Scan Root Regions
[4326.895s][info][gc,cpu         ] GC(1214) User=0.70s Sys=0.00s Real=0.12s
[4327.089s][info][gc,marking     ] GC(1215) Concurrent Scan Root Regions 194.366ms
[4327.089s][info][gc,marking     ] GC(1215) Concurrent Mark
[4327.089s][info][gc,marking     ] GC(1215) Concurrent Mark From Roots
[4327.089s][info][gc,task        ] GC(1215) Using 2 workers of 2 for marking
.[4328.114s][info][gc,marking     ] GC(1215) Concurrent Mark From Roots 1024.804ms
[4328.114s][info][gc,marking     ] GC(1215) Concurrent Preclean
[4328.114s][info][gc,marking     ] GC(1215) Concurrent Preclean 0.148ms
[4328.116s][info][gc,start       ] GC(1215) Pause Remark
[4328.122s][info][gc             ] GC(1215) Pause Remark 2543M->2543M(4096M) 5.869ms
[4328.122s][info][gc,cpu         ] GC(1215) User=0.04s Sys=0.00s Real=0.00s
[4328.122s][info][gc,marking     ] GC(1215) Concurrent Mark 1032.912ms
[4328.122s][info][gc,marking     ] GC(1215) Concurrent Rebuild Remembered Sets and Scrub Regions
[4328.513s][info][gc,marking     ] GC(1215) Concurrent Rebuild Remembered Sets and Scrub Regions 391.412ms
[4328.516s][info][gc,start       ] GC(1215) Pause Cleanup
[4328.516s][info][gc             ] GC(1215) Pause Cleanup 2963M->2963M(4096M) 0.136ms
[4328.516s][info][gc,cpu         ] GC(1215) User=0.00s Sys=0.00s Real=0.00s
[4328.516s][info][gc,marking     ] GC(1215) Concurrent Clear Claimed Marks
[4328.516s][info][gc,marking     ] GC(1215) Concurrent Clear Claimed Marks 0.028ms
[4328.516s][info][gc,marking     ] GC(1215) Concurrent Cleanup for Next Mark
[4328.523s][info][gc,marking     ] GC(1215) Concurrent Cleanup for Next Mark 6.698ms
[4328.523s][info][gc             ] GC(1215) Concurrent Mark Cycle 1628.084ms
.[4329.120s][info][gc,start       ] GC(1216) Pause Young (Prepare Mixed) (G1 Evacuation Pause)
[4329.120s][info][gc,task        ] GC(1216) Using 6 workers of 6 for evacuation
[4329.243s][info][gc,phases      ] GC(1216)   Pre Evacuate Collection Set: 0.32ms
[4329.243s][info][gc,phases      ] GC(1216)   Merge Heap Roots: 0.49ms
[4329.243s][info][gc,phases      ] GC(1216)   Evacuate Collection Set: 120.61ms
[4329.243s][info][gc,phases      ] GC(1216)   Post Evacuate Collection Set: 0.89ms
[4329.243s][info][gc,phases      ] GC(1216)   Other: 0.09ms
[4329.243s][info][gc,heap        ] GC(1216) Eden regions: 1121->0(1097)
[4329.243s][info][gc,heap        ] GC(1216) Survivor regions: 107->116(154)
[4329.243s][info][gc,heap        ] GC(1216) Old regions: 506->536
[4329.243s][info][gc,heap        ] GC(1216) Humongous regions: 80->80
[4329.243s][info][gc,metaspace   ] GC(1216) Metaspace: 28956K(29376K)->28956K(29376K) NonClass: 24085K(24256K)->24085K(24256K) Class: 4870K(5120K)->4870K(5120K)
[4329.243s][info][gc             ] GC(1216) Pause Young (Prepare Mixed) (G1 Evacuation Pause) 3627M->1461M(4096M) 122.530ms
[4329.243s][info][gc,cpu         ] GC(1216) User=0.73s Sys=0.00s Real=0.12s
..[4331.470s][info][gc,start       ] GC(1217) Pause Young (Mixed) (G1 Evacuation Pause)
[4331.470s][info][gc,task        ] GC(1217) Using 6 workers of 6 for evacuation
[4331.604s][info][gc,phases      ] GC(1217)   Pre Evacuate Collection Set: 0.39ms
[4331.604s][info][gc,phases      ] GC(1217)   Merge Heap Roots: 0.69ms
[4331.604s][info][gc,phases      ] GC(1217)   Evacuate Collection Set: 131.76ms
[4331.604s][info][gc,phases      ] GC(1217)   Post Evacuate Collection Set: 0.93ms
[4331.604s][info][gc,phases      ] GC(1217)   Other: 0.08ms
[4331.604s][info][gc,heap        ] GC(1217) Eden regions: 1097->0(1118)
[4331.604s][info][gc,heap        ] GC(1217) Survivor regions: 116->110(152)
[4331.604s][info][gc,heap        ] GC(1217) Old regions: 536->473
[4331.604s][info][gc,heap        ] GC(1217) Humongous regions: 80->80
[4331.604s][info][gc,metaspace   ] GC(1217) Metaspace: 28956K(29376K)->28956K(29376K) NonClass: 24085K(24256K)->24085K(24256K) Class: 4870K(5120K)->4870K(5120K)
[4331.604s][info][gc             ] GC(1217) Pause Young (Mixed) (G1 Evacuation Pause) 3655M->1324M(4096M) 134.011ms
[4331.604s][info][gc,cpu         ] GC(1217) User=0.80s Sys=0.00s Real=0.14s
...[4333.859s][info][gc,start       ] GC(1218) Pause Young (Concurrent Start) (G1 Evacuation Pause)
[4333.859s][info][gc,task        ] GC(1218) Using 6 workers of 6 for evacuation
[4333.977s][info][gc,phases      ] GC(1218)   Pre Evacuate Collection Set: 0.38ms
[4333.977s][info][gc,phases      ] GC(1218)   Merge Heap Roots: 0.49ms
[4333.977s][info][gc,phases      ] GC(1218)   Evacuate Collection Set: 116.23ms
[4333.977s][info][gc,phases      ] GC(1218)   Post Evacuate Collection Set: 0.86ms
[4333.977s][info][gc,phases      ] GC(1218)   Other: 0.12ms
[4333.977s][info][gc,heap        ] GC(1218) Eden regions: 1118->0(1120)
[4333.977s][info][gc,heap        ] GC(1218) Survivor regions: 110->108(154)
[4333.977s][info][gc,heap        ] GC(1218) Old regions: 473->506
[4333.977s][info][gc,heap        ] GC(1218) Humongous regions: 80->80
[4333.977s][info][gc,metaspace   ] GC(1218) Metaspace: 28956K(29376K)->28956K(29376K) NonClass: 24085K(24256K)->24085K(24256K) Class: 4870K(5120K)->4870K(5120K)
[4333.977s][info][gc             ] GC(1218) Pause Young (Concurrent Start) (G1 Evacuation Pause) 3560M->1386M(4096M) 118.200ms
[4333.977s][info][gc             ] GC(1219) Concurrent Mark Cycle
[4333.977s][info][gc,marking     ] GC(1219) Concurrent Scan Root Regions
[4333.977s][info][gc,cpu         ] GC(1218) User=0.70s Sys=0.00s Real=0.12s
[4334.166s][info][gc,marking     ] GC(1219) Concurrent Scan Root Regions 189.354ms
[4334.166s][info][gc,marking     ] GC(1219) Concurrent Mark
[4334.166s][info][gc,marking     ] GC(1219) Concurrent Mark From Roots
[4334.166s][info][gc,task        ] GC(1219) Using 2 workers of 2 for marking
.[4335.160s][info][gc,marking     ] GC(1219) Concurrent Mark From Roots 993.631ms
[4335.160s][info][gc,marking     ] GC(1219) Concurrent Preclean
[4335.160s][info][gc,marking     ] GC(1219) Concurrent Preclean 0.153ms
[4335.161s][info][gc,start       ] GC(1219) Pause Remark
[4335.169s][info][gc             ] GC(1219) Pause Remark 2558M->2558M(4096M) 8.076ms
[4335.169s][info][gc,cpu         ] GC(1219) User=0.05s Sys=0.00s Real=0.01s
[4335.169s][info][gc,marking     ] GC(1219) Concurrent Mark 1002.586ms
[4335.169s][info][gc,marking     ] GC(1219) Concurrent Rebuild Remembered Sets and Scrub Regions
[4335.432s][info][gc,marking     ] GC(1219) Concurrent Rebuild Remembered Sets and Scrub Regions 263.681ms
[4335.433s][info][gc,start       ] GC(1219) Pause Cleanup
[4335.433s][info][gc             ] GC(1219) Pause Cleanup 2816M->2816M(4096M) 0.119ms
[4335.433s][info][gc,cpu         ] GC(1219) User=0.00s Sys=0.00s Real=0.00s
[4335.433s][info][gc,marking     ] GC(1219) Concurrent Clear Claimed Marks
[4335.433s][info][gc,marking     ] GC(1219) Concurrent Clear Claimed Marks 0.025ms
[4335.433s][info][gc,marking     ] GC(1219) Concurrent Cleanup for Next Mark
[4335.445s][info][gc,marking     ] GC(1219) Concurrent Cleanup for Next Mark 11.262ms
[4335.445s][info][gc             ] GC(1219) Concurrent Mark Cycle 1468.027ms
.[4336.288s][info][gc,start       ] GC(1220) Pause Young (Prepare Mixed) (G1 Evacuation Pause)
[4336.288s][info][gc,task        ] GC(1220) Using 6 workers of 6 for evacuation
[4336.405s][info][gc,phases      ] GC(1220)   Pre Evacuate Collection Set: 0.30ms
[4336.405s][info][gc,phases      ] GC(1220)   Merge Heap Roots: 0.52ms
[4336.405s][info][gc,phases      ] GC(1220)   Evacuate Collection Set: 114.95ms
[4336.405s][info][gc,phases      ] GC(1220)   Post Evacuate Collection Set: 0.89ms
[4336.405s][info][gc,phases      ] GC(1220)   Other: 0.09ms
[4336.405s][info][gc,heap        ] GC(1220) Eden regions: 1120->0(1106)
[4336.405s][info][gc,heap        ] GC(1220) Survivor regions: 108->111(154)
[4336.405s][info][gc,heap        ] GC(1220) Old regions: 506->537
[4336.405s][info][gc,heap        ] GC(1220) Humongous regions: 80->80
[4336.405s][info][gc,metaspace   ] GC(1220) Metaspace: 28956K(29376K)->28956K(29376K) NonClass: 24085K(24256K)->24085K(24256K) Class: 4870K(5120K)->4870K(5120K)
[4336.405s][info][gc             ] GC(1220) Pause Young (Prepare Mixed) (G1 Evacuation Pause) 3626M->1454M(4096M) 116.906ms
[4336.405s][info][gc,cpu         ] GC(1220) User=0.69s Sys=0.00s Real=0.12s
..[4338.552s][info][gc,start       ] GC(1221) Pause Young (Mixed) (G1 Evacuation Pause)
[4338.552s][info][gc,task        ] GC(1221) Using 6 workers of 6 for evacuation
[4338.684s][info][gc,phases      ] GC(1221)   Pre Evacuate Collection Set: 0.37ms
[4338.684s][info][gc,phases      ] GC(1221)   Merge Heap Roots: 0.63ms
[4338.684s][info][gc,phases      ] GC(1221)   Evacuate Collection Set: 130.60ms
[4338.684s][info][gc,phases      ] GC(1221)   Post Evacuate Collection Set: 0.91ms
[4338.684s][info][gc,phases      ] GC(1221)   Other: 0.09ms
[4338.684s][info][gc,heap        ] GC(1221) Eden regions: 1106->0(1117)
[4338.684s][info][gc,heap        ] GC(1221) Survivor regions: 111->111(153)
[4338.684s][info][gc,heap        ] GC(1221) Old regions: 537->475
[4338.684s][info][gc,heap        ] GC(1221) Humongous regions: 80->80
[4338.684s][info][gc,metaspace   ] GC(1221) Metaspace: 28956K(29376K)->28956K(29376K) NonClass: 24085K(24256K)->24085K(24256K) Class: 4870K(5120K)->4870K(5120K)
[4338.684s][info][gc             ] GC(1221) Pause Young (Mixed) (G1 Evacuation Pause) 3666M->1329M(4096M) 132.727ms
[4338.684s][info][gc,cpu         ] GC(1221) User=0.79s Sys=0.01s Real=0.14s
...[4340.937s][info][gc,start       ] GC(1222) Pause Young (Concurrent Start) (G1 Evacuation Pause)
[4340.937s][info][gc,task        ] GC(1222) Using 6 workers of 6 for evacuation
[4341.057s][info][gc,phases      ] GC(1222)   Pre Evacuate Collection Set: 0.39ms
[4341.057s][info][gc,phases      ] GC(1222)   Merge Heap Roots: 0.48ms
[4341.057s][info][gc,phases      ] GC(1222)   Evacuate Collection Set: 117.60ms
[4341.057s][info][gc,phases      ] GC(1222)   Post Evacuate Collection Set: 0.80ms
[4341.057s][info][gc,phases      ] GC(1222)   Other: 0.12ms
[4341.057s][info][gc,heap        ] GC(1222) Eden regions: 1117->0(1117)
[4341.057s][info][gc,heap        ] GC(1222) Survivor regions: 111->111(154)
[4341.057s][info][gc,heap        ] GC(1222) Old regions: 475->507
[4341.057s][info][gc,heap        ] GC(1222) Humongous regions: 80->80
[4341.057s][info][gc,metaspace   ] GC(1222) Metaspace: 28956K(29376K)->28956K(29376K) NonClass: 24085K(24256K)->24085K(24256K) Class: 4870K(5120K)->4870K(5120K)
[4341.057s][info][gc             ] GC(1222) Pause Young (Concurrent Start) (G1 Evacuation Pause) 3563M->1394M(4096M) 119.553ms
[4341.057s][info][gc             ] GC(1223) Concurrent Mark Cycle
[4341.057s][info][gc,marking     ] GC(1223) Concurrent Scan Root Regions
[4341.057s][info][gc,cpu         ] GC(1222) User=0.71s Sys=0.00s Real=0.12s
[4341.240s][info][gc,marking     ] GC(1223) Concurrent Scan Root Regions 183.192ms
[4341.240s][info][gc,marking     ] GC(1223) Concurrent Mark
[4341.240s][info][gc,marking     ] GC(1223) Concurrent Mark From Roots
[4341.240s][info][gc,task        ] GC(1223) Using 2 workers of 2 for marking
.[4342.196s][info][gc,marking     ] GC(1223) Concurrent Mark From Roots 955.948ms
[4342.196s][info][gc,marking     ] GC(1223) Concurrent Preclean
[4342.196s][info][gc,marking     ] GC(1223) Concurrent Preclean 0.151ms
[4342.197s][info][gc,start       ] GC(1223) Pause Remark
[4342.201s][info][gc             ] GC(1223) Pause Remark 2508M->2508M(4096M) 3.345ms
[4342.201s][info][gc,cpu         ] GC(1223) User=0.02s Sys=0.00s Real=0.00s
[4342.201s][info][gc,marking     ] GC(1223) Concurrent Mark 961.074ms
[4342.201s][info][gc,marking     ] GC(1223) Concurrent Rebuild Remembered Sets and Scrub Regions
[4342.528s][info][gc,marking     ] GC(1223) Concurrent Rebuild Remembered Sets and Scrub Regions 326.470ms
[4342.528s][info][gc,start       ] GC(1223) Pause Cleanup
[4342.528s][info][gc             ] GC(1223) Pause Cleanup 2823M->2823M(4096M) 0.116ms
[4342.528s][info][gc,cpu         ] GC(1223) User=0.00s Sys=0.00s Real=0.00s
[4342.529s][info][gc,marking     ] GC(1223) Concurrent Clear Claimed Marks
[4342.529s][info][gc,marking     ] GC(1223) Concurrent Clear Claimed Marks 0.033ms
[4342.529s][info][gc,marking     ] GC(1223) Concurrent Cleanup for Next Mark
[4342.534s][info][gc,marking     ] GC(1223) Concurrent Cleanup for Next Mark 5.366ms
[4342.534s][info][gc             ] GC(1223) Concurrent Mark Cycle 1477.572ms
.[4343.317s][info][gc,start       ] GC(1224) Pause Young (Prepare Mixed) (G1 Evacuation Pause)
[4343.317s][info][gc,task        ] GC(1224) Using 6 workers of 6 for evacuation
[4343.433s][info][gc,phases      ] GC(1224)   Pre Evacuate Collection Set: 0.35ms
[4343.433s][info][gc,phases      ] GC(1224)   Merge Heap Roots: 0.51ms
[4343.433s][info][gc,phases      ] GC(1224)   Evacuate Collection Set: 114.17ms
[4343.433s][info][gc,phases      ] GC(1224)   Post Evacuate Collection Set: 0.91ms
[4343.433s][info][gc,phases      ] GC(1224)   Other: 0.09ms
[4343.433s][info][gc,heap        ] GC(1224) Eden regions: 1117->0(1106)
[4343.433s][info][gc,heap        ] GC(1224) Survivor regions: 111->110(154)
[4343.433s][info][gc,heap        ] GC(1224) Old regions: 507->539
[4343.433s][info][gc,heap        ] GC(1224) Humongous regions: 80->80
[4343.433s][info][gc,metaspace   ] GC(1224) Metaspace: 28956K(29376K)->28956K(29376K) NonClass: 24085K(24256K)->24085K(24256K) Class: 4870K(5120K)->4870K(5120K)
[4343.433s][info][gc             ] GC(1224) Pause Young (Prepare Mixed) (G1 Evacuation Pause) 3628M->1455M(4096M) 116.176ms
[4343.433s][info][gc,cpu         ] GC(1224) User=0.69s Sys=0.00s Real=0.11s
..|[4345.668s][info][gc,start       ] GC(1225) Pause Young (Mixed) (G1 Evacuation Pause)
[4345.668s][info][gc,task        ] GC(1225) Using 6 workers of 6 for evacuation
[4345.805s][info][gc,phases      ] GC(1225)   Pre Evacuate Collection Set: 0.41ms
[4345.805s][info][gc,phases      ] GC(1225)   Merge Heap Roots: 0.71ms
[4345.805s][info][gc,phases      ] GC(1225)   Evacuate Collection Set: 134.37ms
[4345.805s][info][gc,phases      ] GC(1225)   Post Evacuate Collection Set: 0.96ms
[4345.805s][info][gc,phases      ] GC(1225)   Other: 0.09ms
[4345.805s][info][gc,heap        ] GC(1225) Eden regions: 1106->0(1113)
[4345.805s][info][gc,heap        ] GC(1225) Survivor regions: 110->115(152)
[4345.805s][info][gc,heap        ] GC(1225) Old regions: 539->473
[4345.805s][info][gc,heap        ] GC(1225) Humongous regions: 80->80
[4345.805s][info][gc,metaspace   ] GC(1225) Metaspace: 28956K(29376K)->28956K(29376K) NonClass: 24085K(24256K)->24085K(24256K) Class: 4870K(5120K)->4870K(5120K)
[4345.805s][info][gc             ] GC(1225) Pause Young (Mixed) (G1 Evacuation Pause) 3667M->1334M(4096M) 136.699ms
[4345.805s][info][gc,cpu         ] GC(1225) User=0.81s Sys=0.00s Real=0.14s
...[4347.944s][info][gc,start       ] GC(1226) Pause Young (Concurrent Start) (G1 Evacuation Pause)
[4347.944s][info][gc,task        ] GC(1226) Using 6 workers of 6 for evacuation
[4348.059s][info][gc,phases      ] GC(1226)   Pre Evacuate Collection Set: 0.39ms
[4348.059s][info][gc,phases      ] GC(1226)   Merge Heap Roots: 0.48ms
[4348.059s][info][gc,phases      ] GC(1226)   Evacuate Collection Set: 113.02ms
[4348.059s][info][gc,phases      ] GC(1226)   Post Evacuate Collection Set: 0.85ms
[4348.059s][info][gc,phases      ] GC(1226)   Other: 0.11ms
[4348.059s][info][gc,heap        ] GC(1226) Eden regions: 1113->0(1120)
[4348.059s][info][gc,heap        ] GC(1226) Survivor regions: 115->108(154)
[4348.059s][info][gc,heap        ] GC(1226) Old regions: 473->505
[4348.059s][info][gc,heap        ] GC(1226) Humongous regions: 80->80
[4348.059s][info][gc,metaspace   ] GC(1226) Metaspace: 28956K(29376K)->28956K(29376K) NonClass: 24085K(24256K)->24085K(24256K) Class: 4870K(5120K)->4870K(5120K)
[4348.059s][info][gc             ] GC(1226) Pause Young (Concurrent Start) (G1 Evacuation Pause) 3560M->1384M(4096M) 114.981ms
[4348.059s][info][gc             ] GC(1227) Concurrent Mark Cycle
[4348.059s][info][gc,marking     ] GC(1227) Concurrent Scan Root Regions
[4348.059s][info][gc,cpu         ] GC(1226) User=0.69s Sys=0.00s Real=0.11s
[4348.240s][info][gc,marking     ] GC(1227) Concurrent Scan Root Regions 181.043ms
[4348.240s][info][gc,marking     ] GC(1227) Concurrent Mark
[4348.240s][info][gc,marking     ] GC(1227) Concurrent Mark From Roots
[4348.240s][info][gc,task        ] GC(1227) Using 2 workers of 2 for marking
.[4349.219s][info][gc,marking     ] GC(1227) Concurrent Mark From Roots 978.393ms
[4349.219s][info][gc,marking     ] GC(1227) Concurrent Preclean
[4349.219s][info][gc,marking     ] GC(1227) Concurrent Preclean 0.123ms
[4349.222s][info][gc,start       ] GC(1227) Pause Remark
[4349.229s][info][gc             ] GC(1227) Pause Remark 2502M->2502M(4096M) 6.918ms
[4349.229s][info][gc,cpu         ] GC(1227) User=0.04s Sys=0.00s Real=0.01s
[4349.230s][info][gc,marking     ] GC(1227) Concurrent Mark 989.315ms
[4349.230s][info][gc,marking     ] GC(1227) Concurrent Rebuild Remembered Sets and Scrub Regions
[4349.498s][info][gc,marking     ] GC(1227) Concurrent Rebuild Remembered Sets and Scrub Regions 267.985ms
[4349.501s][info][gc,start       ] GC(1227) Pause Cleanup
[4349.501s][info][gc             ] GC(1227) Pause Cleanup 2774M->2774M(4096M) 0.142ms
[4349.501s][info][gc,cpu         ] GC(1227) User=0.00s Sys=0.00s Real=0.00s
[4349.501s][info][gc,marking     ] GC(1227) Concurrent Clear Claimed Marks
[4349.501s][info][gc,marking     ] GC(1227) Concurrent Clear Claimed Marks 0.029ms
[4349.501s][info][gc,marking     ] GC(1227) Concurrent Cleanup for Next Mark
[4349.506s][info][gc,marking     ] GC(1227) Concurrent Cleanup for Next Mark 4.484ms
[4349.506s][info][gc             ] GC(1227) Concurrent Mark Cycle 1446.747ms
.[4350.357s][info][gc,start       ] GC(1228) Pause Young (Prepare Mixed) (G1 Evacuation Pause)
[4350.357s][info][gc,task        ] GC(1228) Using 6 workers of 6 for evacuation
[4350.474s][info][gc,phases      ] GC(1228)   Pre Evacuate Collection Set: 0.35ms
[4350.474s][info][gc,phases      ] GC(1228)   Merge Heap Roots: 0.53ms
[4350.474s][info][gc,phases      ] GC(1228)   Evacuate Collection Set: 115.02ms
[4350.474s][info][gc,phases      ] GC(1228)   Post Evacuate Collection Set: 0.91ms
[4350.474s][info][gc,phases      ] GC(1228)   Other: 0.08ms
[4350.474s][info][gc,heap        ] GC(1228) Eden regions: 1120->0(1110)
[4350.474s][info][gc,heap        ] GC(1228) Survivor regions: 108->109(154)
[4350.474s][info][gc,heap        ] GC(1228) Old regions: 505->537
[4350.474s][info][gc,heap        ] GC(1228) Humongous regions: 80->80
[4350.474s][info][gc,metaspace   ] GC(1228) Metaspace: 28956K(29376K)->28956K(29376K) NonClass: 24085K(24256K)->24085K(24256K) Class: 4870K(5120K)->4870K(5120K)
[4350.474s][info][gc             ] GC(1228) Pause Young (Prepare Mixed) (G1 Evacuation Pause) 3624M->1450M(4096M) 117.051ms
[4350.474s][info][gc,cpu         ] GC(1228) User=0.70s Sys=0.00s Real=0.12s
..[4352.709s][info][gc,start       ] GC(1229) Pause Young (Mixed) (G1 Evacuation Pause)
[4352.709s][info][gc,task        ] GC(1229) Using 6 workers of 6 for evacuation
[4352.837s][info][gc,phases      ] GC(1229)   Pre Evacuate Collection Set: 0.37ms
[4352.837s][info][gc,phases      ] GC(1229)   Merge Heap Roots: 0.65ms
[4352.837s][info][gc,phases      ] GC(1229)   Evacuate Collection Set: 126.27ms
[4352.837s][info][gc,phases      ] GC(1229)   Post Evacuate Collection Set: 0.94ms
[4352.837s][info][gc,phases      ] GC(1229)   Other: 0.09ms
[4352.837s][info][gc,heap        ] GC(1229) Eden regions: 1110->0(1121)
[4352.837s][info][gc,heap        ] GC(1229) Survivor regions: 109->107(153)
[4352.837s][info][gc,heap        ] GC(1229) Old regions: 537->473
[4352.837s][info][gc,heap        ] GC(1229) Humongous regions: 80->80
[4352.837s][info][gc,metaspace   ] GC(1229) Metaspace: 28956K(29376K)->28956K(29376K) NonClass: 24085K(24256K)->24085K(24256K) Class: 4870K(5120K)->4870K(5120K)
[4352.837s][info][gc             ] GC(1229) Pause Young (Mixed) (G1 Evacuation Pause) 3670M->1318M(4096M) 128.446ms
[4352.837s][info][gc,cpu         ] GC(1229) User=0.76s Sys=0.00s Real=0.13s
...[4355.147s][info][gc,start       ] GC(1230) Pause Young (Concurrent Start) (G1 Evacuation Pause)
[4355.147s][info][gc,task        ] GC(1230) Using 6 workers of 6 for evacuation
[4355.271s][info][gc,phases      ] GC(1230)   Pre Evacuate Collection Set: 0.34ms
[4355.271s][info][gc,phases      ] GC(1230)   Merge Heap Roots: 0.49ms
[4355.271s][info][gc,phases      ] GC(1230)   Evacuate Collection Set: 122.29ms
[4355.271s][info][gc,phases      ] GC(1230)   Post Evacuate Collection Set: 0.86ms
[4355.271s][info][gc,phases      ] GC(1230)   Other: 0.10ms
[4355.271s][info][gc,heap        ] GC(1230) Eden regions: 1121->0(1115)
[4355.271s][info][gc,heap        ] GC(1230) Survivor regions: 107->113(154)
[4355.271s][info][gc,heap        ] GC(1230) Old regions: 473->505
[4355.271s][info][gc,heap        ] GC(1230) Humongous regions: 80->80
[4355.271s][info][gc,metaspace   ] GC(1230) Metaspace: 28956K(29376K)->28956K(29376K) NonClass: 24085K(24256K)->24085K(24256K) Class: 4870K(5120K)->4870K(5120K)
[4355.271s][info][gc             ] GC(1230) Pause Young (Concurrent Start) (G1 Evacuation Pause) 3560M->1395M(4096M) 124.218ms
[4355.271s][info][gc             ] GC(1231) Concurrent Mark Cycle
[4355.271s][info][gc,marking     ] GC(1231) Concurrent Scan Root Regions
[4355.271s][info][gc,cpu         ] GC(1230) User=0.74s Sys=0.00s Real=0.12s
[4355.427s][info][gc,marking     ] GC(1231) Concurrent Scan Root Regions 155.736ms
[4355.427s][info][gc,marking     ] GC(1231) Concurrent Mark
[4355.427s][info][gc,marking     ] GC(1231) Concurrent Mark From Roots
[4355.427s][info][gc,task        ] GC(1231) Using 2 workers of 2 for marking
.[4356.136s][info][gc,marking     ] GC(1231) Concurrent Mark From Roots 708.827ms
[4356.136s][info][gc,marking     ] GC(1231) Concurrent Preclean
[4356.136s][info][gc,marking     ] GC(1231) Concurrent Preclean 0.178ms
[4356.137s][info][gc,start       ] GC(1231) Pause Remark
[4356.142s][info][gc             ] GC(1231) Pause Remark 2223M->2223M(4096M) 4.559ms
[4356.142s][info][gc,cpu         ] GC(1231) User=0.02s Sys=0.00s Real=0.00s
[4356.142s][info][gc,marking     ] GC(1231) Concurrent Mark 714.898ms
[4356.142s][info][gc,marking     ] GC(1231) Concurrent Rebuild Remembered Sets and Scrub Regions
[4356.442s][info][gc,marking     ] GC(1231) Concurrent Rebuild Remembered Sets and Scrub Regions 300.140ms
[4356.443s][info][gc,start       ] GC(1231) Pause Cleanup
[4356.443s][info][gc             ] GC(1231) Pause Cleanup 2535M->2535M(4096M) 0.122ms
[4356.444s][info][gc,cpu         ] GC(1231) User=0.00s Sys=0.00s Real=0.00s
[4356.444s][info][gc,marking     ] GC(1231) Concurrent Clear Claimed Marks
[4356.444s][info][gc,marking     ] GC(1231) Concurrent Clear Claimed Marks 0.034ms
[4356.444s][info][gc,marking     ] GC(1231) Concurrent Cleanup for Next Mark
[4356.456s][info][gc,marking     ] GC(1231) Concurrent Cleanup for Next Mark 11.941ms
[4356.456s][info][gc             ] GC(1231) Concurrent Mark Cycle 1184.232ms
.[4357.461s][info][gc,start       ] GC(1232) Pause Young (Prepare Mixed) (G1 Evacuation Pause)
[4357.461s][info][gc,task        ] GC(1232) Using 6 workers of 6 for evacuation
[4357.586s][info][gc,phases      ] GC(1232)   Pre Evacuate Collection Set: 0.33ms
[4357.586s][info][gc,phases      ] GC(1232)   Merge Heap Roots: 0.60ms
[4357.586s][info][gc,phases      ] GC(1232)   Evacuate Collection Set: 123.06ms
[4357.586s][info][gc,phases      ] GC(1232)   Post Evacuate Collection Set: 0.92ms
[4357.586s][info][gc,phases      ] GC(1232)   Other: 0.09ms
[4357.586s][info][gc,heap        ] GC(1232) Eden regions: 1115->0(1096)
[4357.586s][info][gc,heap        ] GC(1232) Survivor regions: 113->116(154)
[4357.587s][info][gc,heap        ] GC(1232) Old regions: 505->537
[4357.587s][info][gc,heap        ] GC(1232) Humongous regions: 80->80
[4357.587s][info][gc,metaspace   ] GC(1232) Metaspace: 28956K(29376K)->28956K(29376K) NonClass: 24085K(24256K)->24085K(24256K) Class: 4870K(5120K)->4870K(5120K)
[4357.587s][info][gc             ] GC(1232) Pause Young (Prepare Mixed) (G1 Evacuation Pause) 3625M->1463M(4096M) 125.115ms
[4357.587s][info][gc,cpu         ] GC(1232) User=0.74s Sys=0.00s Real=0.13s
..[4359.843s][info][gc,start       ] GC(1233) Pause Young (Mixed) (G1 Evacuation Pause)
[4359.843s][info][gc,task        ] GC(1233) Using 6 workers of 6 for evacuation
[4359.977s][info][gc,phases      ] GC(1233)   Pre Evacuate Collection Set: 0.35ms
[4359.977s][info][gc,phases      ] GC(1233)   Merge Heap Roots: 0.70ms
[4359.977s][info][gc,phases      ] GC(1233)   Evacuate Collection Set: 131.32ms
[4359.977s][info][gc,phases      ] GC(1233)   Post Evacuate Collection Set: 0.91ms
[4359.977s][info][gc,phases      ] GC(1233)   Other: 0.08ms
[4359.977s][info][gc,heap        ] GC(1233) Eden regions: 1096->0(1119)
[4359.977s][info][gc,heap        ] GC(1233) Survivor regions: 116->109(152)
[4359.977s][info][gc,heap        ] GC(1233) Old regions: 537->474
[4359.977s][info][gc,heap        ] GC(1233) Humongous regions: 80->80
[4359.977s][info][gc,metaspace   ] GC(1233) Metaspace: 28956K(29376K)->28956K(29376K) NonClass: 24085K(24256K)->24085K(24256K) Class: 4870K(5120K)->4870K(5120K)
[4359.977s][info][gc             ] GC(1233) Pause Young (Mixed) (G1 Evacuation Pause) 3655M->1324M(4096M) 133.481ms
[4359.977s][info][gc,cpu         ] GC(1233) User=0.80s Sys=0.00s Real=0.13s
...[4362.218s][info][gc,start       ] GC(1234) Pause Young (Concurrent Start) (G1 Evacuation Pause)
[4362.218s][info][gc,task        ] GC(1234) Using 6 workers of 6 for evacuation
[4362.337s][info][gc,phases      ] GC(1234)   Pre Evacuate Collection Set: 0.41ms
[4362.337s][info][gc,phases      ] GC(1234)   Merge Heap Roots: 0.54ms
[4362.337s][info][gc,phases      ] GC(1234)   Evacuate Collection Set: 116.43ms
[4362.337s][info][gc,phases      ] GC(1234)   Post Evacuate Collection Set: 0.87ms
[4362.337s][info][gc,phases      ] GC(1234)   Other: 0.14ms
[4362.337s][info][gc,heap        ] GC(1234) Eden regions: 1119->0(1117)
[4362.337s][info][gc,heap        ] GC(1234) Survivor regions: 109->111(154)
[4362.337s][info][gc,heap        ] GC(1234) Old regions: 474->506
[4362.337s][info][gc,heap        ] GC(1234) Humongous regions: 80->80
[4362.337s][info][gc,metaspace   ] GC(1234) Metaspace: 28956K(29376K)->28956K(29376K) NonClass: 24085K(24256K)->24085K(24256K) Class: 4870K(5120K)->4870K(5120K)
[4362.337s][info][gc             ] GC(1234) Pause Young (Concurrent Start) (G1 Evacuation Pause) 3562M->1391M(4096M) 118.539ms
[4362.337s][info][gc             ] GC(1235) Concurrent Mark Cycle
[4362.337s][info][gc,marking     ] GC(1235) Concurrent Scan Root Regions
[4362.337s][info][gc,cpu         ] GC(1234) User=0.70s Sys=0.00s Real=0.12s
[4362.527s][info][gc,marking     ] GC(1235) Concurrent Scan Root Regions 190.706ms
[4362.527s][info][gc,marking     ] GC(1235) Concurrent Mark
[4362.527s][info][gc,marking     ] GC(1235) Concurrent Mark From Roots
[4362.527s][info][gc,task        ] GC(1235) Using 2 workers of 2 for marking
.[4363.273s][info][gc,marking     ] GC(1235) Concurrent Mark From Roots 745.310ms
[4363.273s][info][gc,marking     ] GC(1235) Concurrent Preclean
[4363.273s][info][gc,marking     ] GC(1235) Concurrent Preclean 0.121ms
[4363.276s][info][gc,start       ] GC(1235) Pause Remark
[4363.282s][info][gc             ] GC(1235) Pause Remark 2305M->2305M(4096M) 5.264ms
[4363.282s][info][gc,cpu         ] GC(1235) User=0.03s Sys=0.01s Real=0.00s
[4363.282s][info][gc,marking     ] GC(1235) Concurrent Mark 754.226ms
[4363.282s][info][gc,marking     ] GC(1235) Concurrent Rebuild Remembered Sets and Scrub Regions
[4363.665s][info][gc,marking     ] GC(1235) Concurrent Rebuild Remembered Sets and Scrub Regions 383.005ms
[4363.666s][info][gc,start       ] GC(1235) Pause Cleanup
[4363.666s][info][gc             ] GC(1235) Pause Cleanup 2705M->2705M(4096M) 0.126ms
[4363.666s][info][gc,cpu         ] GC(1235) User=0.00s Sys=0.00s Real=0.00s
[4363.666s][info][gc,marking     ] GC(1235) Concurrent Clear Claimed Marks
[4363.666s][info][gc,marking     ] GC(1235) Concurrent Clear Claimed Marks 0.040ms
[4363.666s][info][gc,marking     ] GC(1235) Concurrent Cleanup for Next Mark
[4363.672s][info][gc,marking     ] GC(1235) Concurrent Cleanup for Next Mark 5.606ms
[4363.672s][info][gc             ] GC(1235) Concurrent Mark Cycle 1335.362ms
.[4364.547s][info][gc,start       ] GC(1236) Pause Young (Prepare Mixed) (G1 Evacuation Pause)
[4364.547s][info][gc,task        ] GC(1236) Using 6 workers of 6 for evacuation
[4364.666s][info][gc,phases      ] GC(1236)   Pre Evacuate Collection Set: 0.34ms
[4364.666s][info][gc,phases      ] GC(1236)   Merge Heap Roots: 0.51ms
[4364.666s][info][gc,phases      ] GC(1236)   Evacuate Collection Set: 117.18ms
[4364.666s][info][gc,phases      ] GC(1236)   Post Evacuate Collection Set: 0.93ms
[4364.666s][info][gc,phases      ] GC(1236)   Other: 0.09ms
[4364.666s][info][gc,heap        ] GC(1236) Eden regions: 1117->0(1104)
[4364.666s][info][gc,heap        ] GC(1236) Survivor regions: 111->112(154)
[4364.666s][info][gc,heap        ] GC(1236) Old regions: 506->537
[4364.666s][info][gc,heap        ] GC(1236) Humongous regions: 80->80
[4364.666s][info][gc,metaspace   ] GC(1236) Metaspace: 28956K(29376K)->28956K(29376K) NonClass: 24085K(24256K)->24085K(24256K) Class: 4870K(5120K)->4870K(5120K)
[4364.666s][info][gc             ] GC(1236) Pause Young (Prepare Mixed) (G1 Evacuation Pause) 3625M->1457M(4096M) 119.177ms
[4364.666s][info][gc,cpu         ] GC(1236) User=0.71s Sys=0.00s Real=0.12s
..[4366.918s][info][gc,start       ] GC(1237) Pause Young (Mixed) (G1 Evacuation Pause)
[4366.918s][info][gc,task        ] GC(1237) Using 6 workers of 6 for evacuation
[4367.051s][info][gc,phases      ] GC(1237)   Pre Evacuate Collection Set: 0.38ms
[4367.051s][info][gc,phases      ] GC(1237)   Merge Heap Roots: 0.73ms
[4367.051s][info][gc,phases      ] GC(1237)   Evacuate Collection Set: 130.22ms
[4367.051s][info][gc,phases      ] GC(1237)   Post Evacuate Collection Set: 0.95ms
[4367.051s][info][gc,phases      ] GC(1237)   Other: 0.09ms
[4367.051s][info][gc,heap        ] GC(1237) Eden regions: 1104->0(1120)
[4367.051s][info][gc,heap        ] GC(1237) Survivor regions: 112->108(152)
[4367.051s][info][gc,heap        ] GC(1237) Old regions: 537->473
[4367.051s][info][gc,heap        ] GC(1237) Humongous regions: 80->80
[4367.051s][info][gc,metaspace   ] GC(1237) Metaspace: 28956K(29376K)->28956K(29376K) NonClass: 24085K(24256K)->24085K(24256K) Class: 4870K(5120K)->4870K(5120K)
[4367.051s][info][gc             ] GC(1237) Pause Young (Mixed) (G1 Evacuation Pause) 3665M->1321M(4096M) 132.502ms
[4367.051s][info][gc,cpu         ] GC(1237) User=0.79s Sys=0.00s Real=0.13s
...[4369.283s][info][gc,start       ] GC(1238) Pause Young (Concurrent Start) (G1 Evacuation Pause)
[4369.283s][info][gc,task        ] GC(1238) Using 6 workers of 6 for evacuation
[4369.403s][info][gc,phases      ] GC(1238)   Pre Evacuate Collection Set: 0.37ms
[4369.403s][info][gc,phases      ] GC(1238)   Merge Heap Roots: 0.47ms
[4369.403s][info][gc,phases      ] GC(1238)   Evacuate Collection Set: 118.06ms
[4369.403s][info][gc,phases      ] GC(1238)   Post Evacuate Collection Set: 0.85ms
[4369.403s][info][gc,phases      ] GC(1238)   Other: 0.13ms
[4369.403s][info][gc,heap        ] GC(1238) Eden regions: 1120->0(1115)
[4369.403s][info][gc,heap        ] GC(1238) Survivor regions: 108->113(154)
[4369.403s][info][gc,heap        ] GC(1238) Old regions: 473->504
[4369.403s][info][gc,heap        ] GC(1238) Humongous regions: 80->80
[4369.403s][info][gc,metaspace   ] GC(1238) Metaspace: 28956K(29376K)->28956K(29376K) NonClass: 24085K(24256K)->24085K(24256K) Class: 4870K(5120K)->4870K(5120K)
[4369.403s][info][gc             ] GC(1238) Pause Young (Concurrent Start) (G1 Evacuation Pause) 3561M->1392M(4096M) 120.011ms
[4369.403s][info][gc             ] GC(1239) Concurrent Mark Cycle
[4369.403s][info][gc,marking     ] GC(1239) Concurrent Scan Root Regions
[4369.403s][info][gc,cpu         ] GC(1238) User=0.72s Sys=0.00s Real=0.12s
[4369.624s][info][gc,marking     ] GC(1239) Concurrent Scan Root Regions 220.748ms
[4369.624s][info][gc,marking     ] GC(1239) Concurrent Mark
[4369.624s][info][gc,marking     ] GC(1239) Concurrent Mark From Roots
[4369.624s][info][gc,task        ] GC(1239) Using 2 workers of 2 for marking
.[4370.631s][info][gc,marking     ] GC(1239) Concurrent Mark From Roots 1007.710ms
[4370.632s][info][gc,marking     ] GC(1239) Concurrent Preclean
[4370.632s][info][gc,marking     ] GC(1239) Concurrent Preclean 0.129ms
[4370.632s][info][gc,start       ] GC(1239) Pause Remark
[4370.639s][info][gc             ] GC(1239) Pause Remark 2574M->2574M(4096M) 6.189ms
[4370.639s][info][gc,cpu         ] GC(1239) User=0.03s Sys=0.00s Real=0.01s
[4370.639s][info][gc,marking     ] GC(1239) Concurrent Mark 1015.688ms
[4370.639s][info][gc,marking     ] GC(1239) Concurrent Rebuild Remembered Sets and Scrub Regions
[4371.070s][info][gc,marking     ] GC(1239) Concurrent Rebuild Remembered Sets and Scrub Regions 431.013ms
[4371.072s][info][gc,start       ] GC(1239) Pause Cleanup
[4371.072s][info][gc             ] GC(1239) Pause Cleanup 3024M->3024M(4096M) 0.145ms
[4371.072s][info][gc,cpu         ] GC(1239) User=0.00s Sys=0.00s Real=0.00s
[4371.074s][info][gc,marking     ] GC(1239) Concurrent Clear Claimed Marks
[4371.074s][info][gc,marking     ] GC(1239) Concurrent Clear Claimed Marks 0.043ms
[4371.074s][info][gc,marking     ] GC(1239) Concurrent Cleanup for Next Mark
[4371.081s][info][gc,marking     ] GC(1239) Concurrent Cleanup for Next Mark 7.138ms
[4371.081s][info][gc             ] GC(1239) Concurrent Mark Cycle 1678.204ms
.[4371.705s][info][gc,start       ] GC(1240) Pause Young (Prepare Mixed) (G1 Evacuation Pause)
[4371.705s][info][gc,task        ] GC(1240) Using 6 workers of 6 for evacuation
[4371.819s][info][gc,phases      ] GC(1240)   Pre Evacuate Collection Set: 0.31ms
[4371.819s][info][gc,phases      ] GC(1240)   Merge Heap Roots: 0.55ms
[4371.819s][info][gc,phases      ] GC(1240)   Evacuate Collection Set: 112.26ms
[4371.820s][info][gc,phases      ] GC(1240)   Post Evacuate Collection Set: 0.90ms
[4371.820s][info][gc,phases      ] GC(1240)   Other: 0.08ms
[4371.820s][info][gc,heap        ] GC(1240) Eden regions: 1115->0(1113)
[4371.820s][info][gc,heap        ] GC(1240) Survivor regions: 113->108(154)
[4371.820s][info][gc,heap        ] GC(1240) Old regions: 504->536
[4371.820s][info][gc,heap        ] GC(1240) Humongous regions: 80->80
[4371.820s][info][gc,metaspace   ] GC(1240) Metaspace: 28956K(29376K)->28956K(29376K) NonClass: 24085K(24256K)->24085K(24256K) Class: 4870K(5120K)->4870K(5120K)
[4371.820s][info][gc             ] GC(1240) Pause Young (Prepare Mixed) (G1 Evacuation Pause) 3622M->1446M(4096M) 114.233ms
[4371.820s][info][gc,cpu         ] GC(1240) User=0.68s Sys=0.00s Real=0.11s
...[4374.094s][info][gc,start       ] GC(1241) Pause Young (Mixed) (G1 Evacuation Pause)
[4374.094s][info][gc,task        ] GC(1241) Using 6 workers of 6 for evacuation
[4374.226s][info][gc,phases      ] GC(1241)   Pre Evacuate Collection Set: 0.36ms
[4374.226s][info][gc,phases      ] GC(1241)   Merge Heap Roots: 0.71ms
[4374.226s][info][gc,phases      ] GC(1241)   Evacuate Collection Set: 129.90ms
[4374.226s][info][gc,phases      ] GC(1241)   Post Evacuate Collection Set: 0.93ms
[4374.226s][info][gc,phases      ] GC(1241)   Other: 0.09ms
[4374.226s][info][gc,heap        ] GC(1241) Eden regions: 1113->0(1119)
[4374.226s][info][gc,heap        ] GC(1241) Survivor regions: 108->109(153)
[4374.226s][info][gc,heap        ] GC(1241) Old regions: 536->473
[4374.226s][info][gc,heap        ] GC(1241) Humongous regions: 80->80
[4374.226s][info][gc,metaspace   ] GC(1241) Metaspace: 28956K(29376K)->28956K(29376K) NonClass: 24085K(24256K)->24085K(24256K) Class: 4870K(5120K)->4870K(5120K)
[4374.226s][info][gc             ] GC(1241) Pause Young (Mixed) (G1 Evacuation Pause) 3672M->1322M(4096M) 132.112ms
[4374.226s][info][gc,cpu         ] GC(1241) User=0.78s Sys=0.00s Real=0.13s
..[4376.481s][info][gc,start       ] GC(1242) Pause Young (Concurrent Start) (G1 Evacuation Pause)
[4376.481s][info][gc,task        ] GC(1242) Using 6 workers of 6 for evacuation
[4376.602s][info][gc,phases      ] GC(1242)   Pre Evacuate Collection Set: 0.39ms
[4376.602s][info][gc,phases      ] GC(1242)   Merge Heap Roots: 0.47ms
[4376.602s][info][gc,phases      ] GC(1242)   Evacuate Collection Set: 119.16ms
[4376.602s][info][gc,phases      ] GC(1242)   Post Evacuate Collection Set: 0.86ms
[4376.602s][info][gc,phases      ] GC(1242)   Other: 0.12ms
[4376.602s][info][gc,heap        ] GC(1242) Eden regions: 1119->0(1115)
[4376.602s][info][gc,heap        ] GC(1242) Survivor regions: 109->113(154)
[4376.602s][info][gc,heap        ] GC(1242) Old regions: 473->505
[4376.602s][info][gc,heap        ] GC(1242) Humongous regions: 80->80
[4376.602s][info][gc,metaspace   ] GC(1242) Metaspace: 28956K(29376K)->28956K(29376K) NonClass: 24085K(24256K)->24085K(24256K) Class: 4870K(5120K)->4870K(5120K)
[4376.603s][info][gc             ] GC(1242) Pause Young (Concurrent Start) (G1 Evacuation Pause) 3560M->1393M(4096M) 121.132ms
[4376.603s][info][gc             ] GC(1243) Concurrent Mark Cycle
[4376.603s][info][gc,marking     ] GC(1243) Concurrent Scan Root Regions
[4376.603s][info][gc,cpu         ] GC(1242) User=0.72s Sys=0.00s Real=0.12s
[4376.749s][info][gc,marking     ] GC(1243) Concurrent Scan Root Regions 146.420ms
[4376.749s][info][gc,marking     ] GC(1243) Concurrent Mark
[4376.749s][info][gc,marking     ] GC(1243) Concurrent Mark From Roots
[4376.749s][info][gc,task        ] GC(1243) Using 2 workers of 2 for marking
.[4377.500s][info][gc,marking     ] GC(1243) Concurrent Mark From Roots 750.974ms
[4377.500s][info][gc,marking     ] GC(1243) Concurrent Preclean
[4377.500s][info][gc,marking     ] GC(1243) Concurrent Preclean 0.109ms
[4377.504s][info][gc,start       ] GC(1243) Pause Remark
[4377.509s][info][gc             ] GC(1243) Pause Remark 2267M->2267M(4096M) 5.502ms
[4377.509s][info][gc,cpu         ] GC(1243) User=0.03s Sys=0.00s Real=0.00s
[4377.509s][info][gc,marking     ] GC(1243) Concurrent Mark 760.218ms
[4377.509s][info][gc,marking     ] GC(1243) Concurrent Rebuild Remembered Sets and Scrub Regions
[4377.840s][info][gc,marking     ] GC(1243) Concurrent Rebuild Remembered Sets and Scrub Regions 331.166ms
[4377.841s][info][gc,start       ] GC(1243) Pause Cleanup
[4377.841s][info][gc             ] GC(1243) Pause Cleanup 2534M->2534M(4096M) 0.118ms
[4377.841s][info][gc,cpu         ] GC(1243) User=0.00s Sys=0.00s Real=0.00s
[4377.841s][info][gc,marking     ] GC(1243) Concurrent Clear Claimed Marks
[4377.842s][info][gc,marking     ] GC(1243) Concurrent Clear Claimed Marks 0.038ms
[4377.842s][info][gc,marking     ] GC(1243) Concurrent Cleanup for Next Mark
[4377.878s][info][gc,marking     ] GC(1243) Concurrent Cleanup for Next Mark 36.410ms
[4377.878s][info][gc             ] GC(1243) Concurrent Mark Cycle 1275.472ms
.[4378.853s][info][gc,start       ] GC(1244) Pause Young (Prepare Mixed) (G1 Evacuation Pause)
[4378.853s][info][gc,task        ] GC(1244) Using 6 workers of 6 for evacuation
[4378.968s][info][gc,phases      ] GC(1244)   Pre Evacuate Collection Set: 0.35ms
[4378.968s][info][gc,phases      ] GC(1244)   Merge Heap Roots: 0.53ms
[4378.968s][info][gc,phases      ] GC(1244)   Evacuate Collection Set: 112.55ms
[4378.968s][info][gc,phases      ] GC(1244)   Post Evacuate Collection Set: 0.92ms
[4378.968s][info][gc,phases      ] GC(1244)   Other: 0.08ms
[4378.968s][info][gc,heap        ] GC(1244) Eden regions: 1115->0(1115)
[4378.968s][info][gc,heap        ] GC(1244) Survivor regions: 113->107(154)
[4378.968s][info][gc,heap        ] GC(1244) Old regions: 505->536
[4378.968s][info][gc,heap        ] GC(1244) Humongous regions: 80->80
[4378.968s][info][gc,metaspace   ] GC(1244) Metaspace: 28956K(29376K)->28956K(29376K) NonClass: 24085K(24256K)->24085K(24256K) Class: 4870K(5120K)->4870K(5120K)
[4378.968s][info][gc             ] GC(1244) Pause Young (Prepare Mixed) (G1 Evacuation Pause) 3623M->1444M(4096M) 114.555ms
[4378.968s][info][gc,cpu         ] GC(1244) User=0.68s Sys=0.00s Real=0.12s
..[4381.184s][info][gc,start       ] GC(1245) Pause Young (Mixed) (G1 Evacuation Pause)
[4381.185s][info][gc,task        ] GC(1245) Using 6 workers of 6 for evacuation
[4381.320s][info][gc,phases      ] GC(1245)   Pre Evacuate Collection Set: 0.37ms
[4381.320s][info][gc,phases      ] GC(1245)   Merge Heap Roots: 0.72ms
[4381.320s][info][gc,phases      ] GC(1245)   Evacuate Collection Set: 133.14ms
[4381.320s][info][gc,phases      ] GC(1245)   Post Evacuate Collection Set: 0.96ms
[4381.320s][info][gc,phases      ] GC(1245)   Other: 0.09ms
[4381.320s][info][gc,heap        ] GC(1245) Eden regions: 1115->0(1117)
[4381.320s][info][gc,heap        ] GC(1245) Survivor regions: 107->111(153)
[4381.320s][info][gc,heap        ] GC(1245) Old regions: 536->474
[4381.320s][info][gc,heap        ] GC(1245) Humongous regions: 80->80
[4381.320s][info][gc,metaspace   ] GC(1245) Metaspace: 28956K(29376K)->28956K(29376K) NonClass: 24085K(24256K)->24085K(24256K) Class: 4870K(5120K)->4870K(5120K)
[4381.320s][info][gc             ] GC(1245) Pause Young (Mixed) (G1 Evacuation Pause) 3674M->1329M(4096M) 135.417ms
[4381.320s][info][gc,cpu         ] GC(1245) User=0.80s Sys=0.00s Real=0.13s
...[4383.520s][info][gc,start       ] GC(1246) Pause Young (Concurrent Start) (G1 Evacuation Pause)
[4383.520s][info][gc,task        ] GC(1246) Using 6 workers of 6 for evacuation
[4383.643s][info][gc,phases      ] GC(1246)   Pre Evacuate Collection Set: 0.36ms
[4383.643s][info][gc,phases      ] GC(1246)   Merge Heap Roots: 0.49ms
[4383.643s][info][gc,phases      ] GC(1246)   Evacuate Collection Set: 120.76ms
[4383.643s][info][gc,phases      ] GC(1246)   Post Evacuate Collection Set: 0.80ms
[4383.643s][info][gc,phases      ] GC(1246)   Other: 0.11ms
[4383.643s][info][gc,heap        ] GC(1246) Eden regions: 1117->0(1115)
[4383.643s][info][gc,heap        ] GC(1246) Survivor regions: 111->113(154)
[4383.643s][info][gc,heap        ] GC(1246) Old regions: 474->506
[4383.643s][info][gc,heap        ] GC(1246) Humongous regions: 80->80
[4383.643s][info][gc,metaspace   ] GC(1246) Metaspace: 28956K(29376K)->28956K(29376K) NonClass: 24085K(24256K)->24085K(24256K) Class: 4870K(5120K)->4870K(5120K)
[4383.643s][info][gc             ] GC(1246) Pause Young (Concurrent Start) (G1 Evacuation Pause) 3563M->1396M(4096M) 122.643ms
[4383.643s][info][gc             ] GC(1247) Concurrent Mark Cycle
[4383.643s][info][gc,marking     ] GC(1247) Concurrent Scan Root Regions
[4383.643s][info][gc,cpu         ] GC(1246) User=0.73s Sys=0.00s Real=0.12s
[4383.787s][info][gc,marking     ] GC(1247) Concurrent Scan Root Regions 144.058ms
[4383.787s][info][gc,marking     ] GC(1247) Concurrent Mark
[4383.787s][info][gc,marking     ] GC(1247) Concurrent Mark From Roots
[4383.787s][info][gc,task        ] GC(1247) Using 2 workers of 2 for marking
[4384.480s][info][gc,marking     ] GC(1247) Concurrent Mark From Roots 693.468ms
[4384.480s][info][gc,marking     ] GC(1247) Concurrent Preclean
[4384.481s][info][gc,marking     ] GC(1247) Concurrent Preclean 0.135ms
[4384.483s][info][gc,start       ] GC(1247) Pause Remark
[4384.489s][info][gc             ] GC(1247) Pause Remark 2160M->2160M(4096M) 6.027ms
[4384.489s][info][gc,cpu         ] GC(1247) User=0.03s Sys=0.00s Real=0.01s
[4384.489s][info][gc,marking     ] GC(1247) Concurrent Mark 701.791ms
[4384.489s][info][gc,marking     ] GC(1247) Concurrent Rebuild Remembered Sets and Scrub Regions
.[4384.891s][info][gc,marking     ] GC(1247) Concurrent Rebuild Remembered Sets and Scrub Regions 402.149ms
[4384.892s][info][gc,start       ] GC(1247) Pause Cleanup
[4384.892s][info][gc             ] GC(1247) Pause Cleanup 2558M->2558M(4096M) 0.126ms
[4384.892s][info][gc,cpu         ] GC(1247) User=0.00s Sys=0.00s Real=0.00s
[4384.892s][info][gc,marking     ] GC(1247) Concurrent Clear Claimed Marks
[4384.893s][info][gc,marking     ] GC(1247) Concurrent Clear Claimed Marks 0.045ms
[4384.893s][info][gc,marking     ] GC(1247) Concurrent Cleanup for Next Mark
[4384.898s][info][gc,marking     ] GC(1247) Concurrent Cleanup for Next Mark 5.493ms
[4384.898s][info][gc             ] GC(1247) Concurrent Mark Cycle 1255.321ms
.[4385.866s][info][gc,start       ] GC(1248) Pause Young (Prepare Mixed) (G1 Evacuation Pause)
[4385.866s][info][gc,task        ] GC(1248) Using 6 workers of 6 for evacuation
[4385.984s][info][gc,phases      ] GC(1248)   Pre Evacuate Collection Set: 0.30ms
[4385.984s][info][gc,phases      ] GC(1248)   Merge Heap Roots: 0.51ms
[4385.984s][info][gc,phases      ] GC(1248)   Evacuate Collection Set: 116.36ms
[4385.984s][info][gc,phases      ] GC(1248)   Post Evacuate Collection Set: 0.88ms
[4385.984s][info][gc,phases      ] GC(1248)   Other: 0.08ms
[4385.984s][info][gc,heap        ] GC(1248) Eden regions: 1115->0(1107)
[4385.984s][info][gc,heap        ] GC(1248) Survivor regions: 113->110(154)
[4385.984s][info][gc,heap        ] GC(1248) Old regions: 506->538
[4385.984s][info][gc,heap        ] GC(1248) Humongous regions: 80->80
[4385.984s][info][gc,metaspace   ] GC(1248) Metaspace: 28956K(29376K)->28956K(29376K) NonClass: 24085K(24256K)->24085K(24256K) Class: 4870K(5120K)->4870K(5120K)
[4385.984s][info][gc             ] GC(1248) Pause Young (Prepare Mixed) (G1 Evacuation Pause) 3626M->1454M(4096M) 118.259ms
[4385.984s][info][gc,cpu         ] GC(1248) User=0.70s Sys=0.00s Real=0.12s
..[4388.195s][info][gc,start       ] GC(1249) Pause Young (Mixed) (G1 Evacuation Pause)
[4388.195s][info][gc,task        ] GC(1249) Using 6 workers of 6 for evacuation
[4388.326s][info][gc,phases      ] GC(1249)   Pre Evacuate Collection Set: 0.34ms
[4388.326s][info][gc,phases      ] GC(1249)   Merge Heap Roots: 0.59ms
[4388.326s][info][gc,phases      ] GC(1249)   Evacuate Collection Set: 128.92ms
[4388.326s][info][gc,phases      ] GC(1249)   Post Evacuate Collection Set: 0.91ms
[4388.326s][info][gc,phases      ] GC(1249)   Other: 0.09ms
[4388.326s][info][gc,heap        ] GC(1249) Eden regions: 1107->0(1118)
[4388.326s][info][gc,heap        ] GC(1249) Survivor regions: 110->110(153)
[4388.326s][info][gc,heap        ] GC(1249) Old regions: 538->473
[4388.326s][info][gc,heap        ] GC(1249) Humongous regions: 80->80
[4388.326s][info][gc,metaspace   ] GC(1249) Metaspace: 28956K(29376K)->28956K(29376K) NonClass: 24085K(24256K)->24085K(24256K) Class: 4870K(5120K)->4870K(5120K)
[4388.326s][info][gc             ] GC(1249) Pause Young (Mixed) (G1 Evacuation Pause) 3668M->1325M(4096M) 131.012ms
[4388.326s][info][gc,cpu         ] GC(1249) User=0.78s Sys=0.00s Real=0.13s
..[4390.568s][info][gc,start       ] GC(1250) Pause Young (Concurrent Start) (G1 Evacuation Pause)
[4390.568s][info][gc,task        ] GC(1250) Using 6 workers of 6 for evacuation
[4390.685s][info][gc,phases      ] GC(1250)   Pre Evacuate Collection Set: 0.39ms
[4390.685s][info][gc,phases      ] GC(1250)   Merge Heap Roots: 0.46ms
[4390.685s][info][gc,phases      ] GC(1250)   Evacuate Collection Set: 114.97ms
[4390.685s][info][gc,phases      ] GC(1250)   Post Evacuate Collection Set: 0.88ms
[4390.685s][info][gc,phases      ] GC(1250)   Other: 0.10ms
[4390.685s][info][gc,heap        ] GC(1250) Eden regions: 1118->0(1117)
[4390.685s][info][gc,heap        ] GC(1250) Survivor regions: 110->111(154)
[4390.685s][info][gc,heap        ] GC(1250) Old regions: 473->505
[4390.685s][info][gc,heap        ] GC(1250) Humongous regions: 80->80
[4390.685s][info][gc,metaspace   ] GC(1250) Metaspace: 28956K(29376K)->28956K(29376K) NonClass: 24085K(24256K)->24085K(24256K) Class: 4870K(5120K)->4870K(5120K)
[4390.685s][info][gc             ] GC(1250) Pause Young (Concurrent Start) (G1 Evacuation Pause) 3561M->1389M(4096M) 116.942ms
[4390.685s][info][gc             ] GC(1251) Concurrent Mark Cycle
[4390.685s][info][gc,marking     ] GC(1251) Concurrent Scan Root Regions
[4390.685s][info][gc,cpu         ] GC(1250) User=0.70s Sys=0.01s Real=0.12s
.[4390.903s][info][gc,marking     ] GC(1251) Concurrent Scan Root Regions 218.097ms
[4390.903s][info][gc,marking     ] GC(1251) Concurrent Mark
[4390.903s][info][gc,marking     ] GC(1251) Concurrent Mark From Roots
[4390.903s][info][gc,task        ] GC(1251) Using 2 workers of 2 for marking
.[4391.934s][info][gc,marking     ] GC(1251) Concurrent Mark From Roots 1030.158ms
[4391.934s][info][gc,marking     ] GC(1251) Concurrent Preclean
[4391.934s][info][gc,marking     ] GC(1251) Concurrent Preclean 0.132ms
[4391.935s][info][gc,start       ] GC(1251) Pause Remark
[4391.942s][info][gc             ] GC(1251) Pause Remark 2611M->2611M(4096M) 6.901ms
[4391.942s][info][gc,cpu         ] GC(1251) User=0.04s Sys=0.00s Real=0.00s
[4391.942s][info][gc,marking     ] GC(1251) Concurrent Mark 1038.558ms
[4391.942s][info][gc,marking     ] GC(1251) Concurrent Rebuild Remembered Sets and Scrub Regions
[4392.296s][info][gc,marking     ] GC(1251) Concurrent Rebuild Remembered Sets and Scrub Regions 354.309ms
[4392.298s][info][gc,start       ] GC(1251) Pause Cleanup
[4392.298s][info][gc             ] GC(1251) Pause Cleanup 2993M->2993M(4096M) 0.130ms
[4392.298s][info][gc,cpu         ] GC(1251) User=0.00s Sys=0.00s Real=0.00s
[4392.298s][info][gc,marking     ] GC(1251) Concurrent Clear Claimed Marks
[4392.298s][info][gc,marking     ] GC(1251) Concurrent Clear Claimed Marks 0.034ms
[4392.298s][info][gc,marking     ] GC(1251) Concurrent Cleanup for Next Mark
[4392.306s][info][gc,marking     ] GC(1251) Concurrent Cleanup for Next Mark 7.499ms
[4392.306s][info][gc             ] GC(1251) Concurrent Mark Cycle 1620.603ms
.[4392.951s][info][gc,start       ] GC(1252) Pause Young (Prepare Mixed) (G1 Evacuation Pause)
[4392.951s][info][gc,task        ] GC(1252) Using 6 workers of 6 for evacuation
[4393.066s][info][gc,phases      ] GC(1252)   Pre Evacuate Collection Set: 0.34ms
[4393.066s][info][gc,phases      ] GC(1252)   Merge Heap Roots: 0.49ms
[4393.066s][info][gc,phases      ] GC(1252)   Evacuate Collection Set: 113.02ms
[4393.066s][info][gc,phases      ] GC(1252)   Post Evacuate Collection Set: 0.89ms
[4393.066s][info][gc,phases      ] GC(1252)   Other: 0.09ms
[4393.066s][info][gc,heap        ] GC(1252) Eden regions: 1117->0(1113)
[4393.066s][info][gc,heap        ] GC(1252) Survivor regions: 111->108(154)
[4393.066s][info][gc,heap        ] GC(1252) Old regions: 505->536
[4393.066s][info][gc,heap        ] GC(1252) Humongous regions: 80->80
[4393.066s][info][gc,metaspace   ] GC(1252) Metaspace: 28956K(29376K)->28956K(29376K) NonClass: 24085K(24256K)->24085K(24256K) Class: 4870K(5120K)->4870K(5120K)
[4393.066s][info][gc             ] GC(1252) Pause Young (Prepare Mixed) (G1 Evacuation Pause) 3623M->1446M(4096M) 114.962ms
[4393.066s][info][gc,cpu         ] GC(1252) User=0.68s Sys=0.00s Real=0.12s
..[4395.302s][info][gc,start       ] GC(1253) Pause Young (Mixed) (G1 Evacuation Pause)
[4395.302s][info][gc,task        ] GC(1253) Using 6 workers of 6 for evacuation
[4395.435s][info][gc,phases      ] GC(1253)   Pre Evacuate Collection Set: 0.34ms
[4395.435s][info][gc,phases      ] GC(1253)   Merge Heap Roots: 0.58ms
[4395.435s][info][gc,phases      ] GC(1253)   Evacuate Collection Set: 131.47ms
[4395.435s][info][gc,phases      ] GC(1253)   Post Evacuate Collection Set: 0.94ms
[4395.435s][info][gc,phases      ] GC(1253)   Other: 0.09ms
[4395.435s][info][gc,heap        ] GC(1253) Eden regions: 1113->0(1117)
[4395.435s][info][gc,heap        ] GC(1253) Survivor regions: 108->111(153)
[4395.435s][info][gc,heap        ] GC(1253) Old regions: 536->474
[4395.435s][info][gc,heap        ] GC(1253) Humongous regions: 80->80
[4395.435s][info][gc,metaspace   ] GC(1253) Metaspace: 28956K(29376K)->28956K(29376K) NonClass: 24085K(24256K)->24085K(24256K) Class: 4870K(5120K)->4870K(5120K)
[4395.435s][info][gc             ] GC(1253) Pause Young (Mixed) (G1 Evacuation Pause) 3672M->1328M(4096M) 133.560ms
[4395.435s][info][gc,cpu         ] GC(1253) User=0.79s Sys=0.00s Real=0.14s
..[4397.667s][info][gc,start       ] GC(1254) Pause Young (Concurrent Start) (G1 Evacuation Pause)
[4397.667s][info][gc,task        ] GC(1254) Using 6 workers of 6 for evacuation
[4397.790s][info][gc,phases      ] GC(1254)   Pre Evacuate Collection Set: 0.39ms
[4397.790s][info][gc,phases      ] GC(1254)   Merge Heap Roots: 0.47ms
[4397.790s][info][gc,phases      ] GC(1254)   Evacuate Collection Set: 121.95ms
[4397.790s][info][gc,phases      ] GC(1254)   Post Evacuate Collection Set: 0.86ms
[4397.791s][info][gc,phases      ] GC(1254)   Other: 0.12ms
[4397.791s][info][gc,heap        ] GC(1254) Eden regions: 1117->0(1112)
[4397.791s][info][gc,heap        ] GC(1254) Survivor regions: 111->116(154)
[4397.791s][info][gc,heap        ] GC(1254) Old regions: 474->505
[4397.791s][info][gc,heap        ] GC(1254) Humongous regions: 80->80
[4397.791s][info][gc,metaspace   ] GC(1254) Metaspace: 28956K(29376K)->28956K(29376K) NonClass: 24085K(24256K)->24085K(24256K) Class: 4870K(5120K)->4870K(5120K)
[4397.791s][info][gc             ] GC(1254) Pause Young (Concurrent Start) (G1 Evacuation Pause) 3562M->1400M(4096M) 123.919ms
[4397.791s][info][gc             ] GC(1255) Concurrent Mark Cycle
[4397.791s][info][gc,marking     ] GC(1255) Concurrent Scan Root Regions
[4397.791s][info][gc,cpu         ] GC(1254) User=0.74s Sys=0.00s Real=0.12s
.[4397.985s][info][gc,marking     ] GC(1255) Concurrent Scan Root Regions 194.112ms
[4397.985s][info][gc,marking     ] GC(1255) Concurrent Mark
[4397.985s][info][gc,marking     ] GC(1255) Concurrent Mark From Roots
[4397.985s][info][gc,task        ] GC(1255) Using 2 workers of 2 for marking
.[4399.006s][info][gc,marking     ] GC(1255) Concurrent Mark From Roots 1021.114ms
[4399.006s][info][gc,marking     ] GC(1255) Concurrent Preclean
[4399.006s][info][gc,marking     ] GC(1255) Concurrent Preclean 0.131ms
[4399.007s][info][gc,start       ] GC(1255) Pause Remark
[4399.013s][info][gc             ] GC(1255) Pause Remark 2570M->2570M(4096M) 6.335ms
[4399.013s][info][gc,cpu         ] GC(1255) User=0.03s Sys=0.00s Real=0.01s
[4399.015s][info][gc,marking     ] GC(1255) Concurrent Mark 1030.236ms
[4399.015s][info][gc,marking     ] GC(1255) Concurrent Rebuild Remembered Sets and Scrub Regions
[4399.366s][info][gc,marking     ] GC(1255) Concurrent Rebuild Remembered Sets and Scrub Regions 350.909ms
[4399.366s][info][gc,start       ] GC(1255) Pause Cleanup
[4399.366s][info][gc             ] GC(1255) Pause Cleanup 2968M->2968M(4096M) 0.117ms
[4399.366s][info][gc,cpu         ] GC(1255) User=0.00s Sys=0.00s Real=0.00s
[4399.366s][info][gc,marking     ] GC(1255) Concurrent Clear Claimed Marks
[4399.366s][info][gc,marking     ] GC(1255) Concurrent Clear Claimed Marks 0.030ms
[4399.366s][info][gc,marking     ] GC(1255) Concurrent Cleanup for Next Mark
[4399.372s][info][gc,marking     ] GC(1255) Concurrent Cleanup for Next Mark 5.766ms
[4399.372s][info][gc             ] GC(1255) Concurrent Mark Cycle 1581.706ms
.[4400.020s][info][gc,start       ] GC(1256) Pause Young (Prepare Mixed) (G1 Evacuation Pause)
[4400.020s][info][gc,task        ] GC(1256) Using 6 workers of 6 for evacuation
[4400.142s][info][gc,phases      ] GC(1256)   Pre Evacuate Collection Set: 0.36ms
[4400.142s][info][gc,phases      ] GC(1256)   Merge Heap Roots: 0.54ms
[4400.142s][info][gc,phases      ] GC(1256)   Evacuate Collection Set: 119.25ms
[4400.142s][info][gc,phases      ] GC(1256)   Post Evacuate Collection Set: 0.97ms
[4400.142s][info][gc,phases      ] GC(1256)   Other: 0.09ms
[4400.142s][info][gc,heap        ] GC(1256) Eden regions: 1112->0(1101)
[4400.142s][info][gc,heap        ] GC(1256) Survivor regions: 116->114(154)
[4400.142s][info][gc,heap        ] GC(1256) Old regions: 505->536
[4400.142s][info][gc,heap        ] GC(1256) Humongous regions: 80->80
[4400.142s][info][gc,metaspace   ] GC(1256) Metaspace: 28956K(29376K)->28956K(29376K) NonClass: 24085K(24256K)->24085K(24256K) Class: 4870K(5120K)->4870K(5120K)
[4400.142s][info][gc             ] GC(1256) Pause Young (Prepare Mixed) (G1 Evacuation Pause) 3624M->1459M(4096M) 121.354ms
[4400.142s][info][gc,cpu         ] GC(1256) User=0.72s Sys=0.00s Real=0.12s
..[4402.276s][info][gc,start       ] GC(1257) Pause Young (Mixed) (G1 Evacuation Pause)
[4402.276s][info][gc,task        ] GC(1257) Using 6 workers of 6 for evacuation
[4402.406s][info][gc,phases      ] GC(1257)   Pre Evacuate Collection Set: 0.39ms
[4402.406s][info][gc,phases      ] GC(1257)   Merge Heap Roots: 0.65ms
[4402.406s][info][gc,phases      ] GC(1257)   Evacuate Collection Set: 127.76ms
[4402.406s][info][gc,phases      ] GC(1257)   Post Evacuate Collection Set: 0.94ms
[4402.406s][info][gc,phases      ] GC(1257)   Other: 0.08ms
[4402.406s][info][gc,heap        ] GC(1257) Eden regions: 1101->0(1120)
[4402.406s][info][gc,heap        ] GC(1257) Survivor regions: 114->108(152)
[4402.406s][info][gc,heap        ] GC(1257) Old regions: 536->473
[4402.406s][info][gc,heap        ] GC(1257) Humongous regions: 80->80
[4402.406s][info][gc,metaspace   ] GC(1257) Metaspace: 28956K(29376K)->28956K(29376K) NonClass: 24085K(24256K)->24085K(24256K) Class: 4870K(5120K)->4870K(5120K)
[4402.406s][info][gc             ] GC(1257) Pause Young (Mixed) (G1 Evacuation Pause) 3661M->1321M(4096M) 129.954ms
[4402.406s][info][gc,cpu         ] GC(1257) User=0.78s Sys=0.00s Real=0.13s
..[4404.684s][info][gc,start       ] GC(1258) Pause Young (Concurrent Start) (G1 Evacuation Pause)
[4404.685s][info][gc,task        ] GC(1258) Using 6 workers of 6 for evacuation
[4404.798s][info][gc,phases      ] GC(1258)   Pre Evacuate Collection Set: 0.36ms
[4404.798s][info][gc,phases      ] GC(1258)   Merge Heap Roots: 0.45ms
[4404.798s][info][gc,phases      ] GC(1258)   Evacuate Collection Set: 112.12ms
[4404.798s][info][gc,phases      ] GC(1258)   Post Evacuate Collection Set: 0.85ms
[4404.798s][info][gc,phases      ] GC(1258)   Other: 0.09ms
[4404.798s][info][gc,heap        ] GC(1258) Eden regions: 1120->0(1121)
[4404.798s][info][gc,heap        ] GC(1258) Survivor regions: 108->107(154)
[4404.798s][info][gc,heap        ] GC(1258) Old regions: 473->505
[4404.798s][info][gc,heap        ] GC(1258) Humongous regions: 80->80
[4404.798s][info][gc,metaspace   ] GC(1258) Metaspace: 28956K(29376K)->28956K(29376K) NonClass: 24085K(24256K)->24085K(24256K) Class: 4870K(5120K)->4870K(5120K)
[4404.798s][info][gc             ] GC(1258) Pause Young (Concurrent Start) (G1 Evacuation Pause) 3561M->1381M(4096M) 113.990ms
[4404.798s][info][gc             ] GC(1259) Concurrent Mark Cycle
[4404.798s][info][gc,marking     ] GC(1259) Concurrent Scan Root Regions
[4404.799s][info][gc,cpu         ] GC(1258) User=0.68s Sys=0.00s Real=0.11s
.[4404.989s][info][gc,marking     ] GC(1259) Concurrent Scan Root Regions 190.843ms
[4404.989s][info][gc,marking     ] GC(1259) Concurrent Mark
[4404.989s][info][gc,marking     ] GC(1259) Concurrent Mark From Roots
[4404.989s][info][gc,task        ] GC(1259) Using 2 workers of 2 for marking
 (rIR:aIR:PR = 7887:7886:7887) (tPR = 116800) [OK] 
  4404s: Performance info:
         Transaction,    Success,    Partial,     Failed,   Receipts, AvgBarcode, 
             Overall,     473925,          0,          0,     450165,      59.48, 
         Response times:
             Request,    Success,    Partial,     Failed,   SkipFail,     Probes,    Samples,      min,      p50,      p90,      p95,      p99,      max, 
       TotalPurchase,     450331,          0,          0,          0,     354205,     489156,      300,     6700,   100000,   139000,   196000,   510000,
     InStorePurchase,     237369,          0,          0,          0,     186831,     257866,      300,     6700,   100000,   139000,   197000,   502000,
      OnlinePurchase,     165824,          0,          0,          0,     129932,     179330,      300,     6600,   101000,   141000,   196000,   510000,
        InstPurchase,      47138,          0,          0,          0,      37442,      51960,      400,     6700,    97000,   136000,   196000,   442000,
          AssocOfCat,        470,          0,          0,          0,        382,        626,    27000,    47000,   153300,   190000,   240460,   250000,
      AssocOfProduct,       4735,          0,          0,          0,       4396,       6308,      500,     6300,    94000,   135550,   189820,   346000,
      BusinessReport,       1181,          0,          0,          0,       1046,       1584,    26000,    48000,   168500,   203000,   258150,   462000,
          CustBuyBeh,       4730,          0,          0,          0,       4381,       6231,      200,     6000,    90000,   134000,   184000,   290000,
       ProductReturn,      12657,          0,          0,          0,       9630,      13659,      300,     7500,   102000,   144000,   205000,   419000,

  4404s: (58%)   IR =   8025 [4405.698s][info][gc,marking     ] GC(1259) Concurrent Mark From Roots 709.097ms
[4405.699s][info][gc,marking     ] GC(1259) Concurrent Preclean
[4405.699s][info][gc,marking     ] GC(1259) Concurrent Preclean 0.141ms
[4405.699s][info][gc,start       ] GC(1259) Pause Remark
[4405.704s][info][gc             ] GC(1259) Pause Remark 2122M->2122M(4096M) 5.339ms
[4405.704s][info][gc,cpu         ] GC(1259) User=0.03s Sys=0.00s Real=0.01s
[4405.708s][info][gc,marking     ] GC(1259) Concurrent Mark 718.963ms
[4405.708s][info][gc,marking     ] GC(1259) Concurrent Rebuild Remembered Sets and Scrub Regions
[4406.025s][info][gc,marking     ] GC(1259) Concurrent Rebuild Remembered Sets and Scrub Regions 316.561ms
[4406.028s][info][gc,start       ] GC(1259) Pause Cleanup
[4406.028s][info][gc             ] GC(1259) Pause Cleanup 2429M->2429M(4096M) 0.134ms
[4406.028s][info][gc,cpu         ] GC(1259) User=0.00s Sys=0.00s Real=0.00s
[4406.029s][info][gc,marking     ] GC(1259) Concurrent Clear Claimed Marks
[4406.029s][info][gc,marking     ] GC(1259) Concurrent Clear Claimed Marks 0.034ms
[4406.029s][info][gc,marking     ] GC(1259) Concurrent Cleanup for Next Mark
[4406.034s][info][gc,marking     ] GC(1259) Concurrent Cleanup for Next Mark 5.469ms
[4406.034s][info][gc             ] GC(1259) Concurrent Mark Cycle 1235.777ms
..[4407.142s][info][gc,start       ] GC(1260) Pause Young (Prepare Mixed) (G1 Evacuation Pause)
[4407.142s][info][gc,task        ] GC(1260) Using 6 workers of 6 for evacuation
[4407.259s][info][gc,phases      ] GC(1260)   Pre Evacuate Collection Set: 0.34ms
[4407.259s][info][gc,phases      ] GC(1260)   Merge Heap Roots: 0.54ms
[4407.259s][info][gc,phases      ] GC(1260)   Evacuate Collection Set: 115.69ms
[4407.259s][info][gc,phases      ] GC(1260)   Post Evacuate Collection Set: 0.91ms
[4407.259s][info][gc,phases      ] GC(1260)   Other: 0.09ms
[4407.259s][info][gc,heap        ] GC(1260) Eden regions: 1121->0(1108)
[4407.259s][info][gc,heap        ] GC(1260) Survivor regions: 107->111(154)
[4407.259s][info][gc,heap        ] GC(1260) Old regions: 505->535
[4407.259s][info][gc,heap        ] GC(1260) Humongous regions: 80->80
[4407.259s][info][gc,metaspace   ] GC(1260) Metaspace: 28956K(29376K)->28956K(29376K) NonClass: 24085K(24256K)->24085K(24256K) Class: 4870K(5120K)->4870K(5120K)
[4407.259s][info][gc             ] GC(1260) Pause Young (Prepare Mixed) (G1 Evacuation Pause) 3623M->1451M(4096M) 117.700ms
[4407.259s][info][gc,cpu         ] GC(1260) User=0.70s Sys=0.00s Real=0.12s
..[4409.409s][info][gc,start       ] GC(1261) Pause Young (Mixed) (G1 Evacuation Pause)
[4409.409s][info][gc,task        ] GC(1261) Using 6 workers of 6 for evacuation
[4409.546s][info][gc,phases      ] GC(1261)   Pre Evacuate Collection Set: 0.33ms
[4409.546s][info][gc,phases      ] GC(1261)   Merge Heap Roots: 0.72ms
[4409.546s][info][gc,phases      ] GC(1261)   Evacuate Collection Set: 134.92ms
[4409.546s][info][gc,phases      ] GC(1261)   Post Evacuate Collection Set: 0.93ms
[4409.546s][info][gc,phases      ] GC(1261)   Other: 0.09ms
[4409.546s][info][gc,heap        ] GC(1261) Eden regions: 1108->0(1114)
[4409.546s][info][gc,heap        ] GC(1261) Survivor regions: 111->114(153)
[4409.546s][info][gc,heap        ] GC(1261) Old regions: 535->471
[4409.546s][info][gc,heap        ] GC(1261) Humongous regions: 80->80
[4409.546s][info][gc,metaspace   ] GC(1261) Metaspace: 28956K(29376K)->28956K(29376K) NonClass: 24085K(24256K)->24085K(24256K) Class: 4870K(5120K)->4870K(5120K)
[4409.546s][info][gc             ] GC(1261) Pause Young (Mixed) (G1 Evacuation Pause) 3667M->1328M(4096M) 137.140ms
[4409.546s][info][gc,cpu         ] GC(1261) User=0.82s Sys=0.00s Real=0.14s
..[4411.755s][info][gc,start       ] GC(1262) Pause Young (Concurrent Start) (G1 Evacuation Pause)
[4411.755s][info][gc,task        ] GC(1262) Using 6 workers of 6 for evacuation
[4411.870s][info][gc,phases      ] GC(1262)   Pre Evacuate Collection Set: 0.37ms
[4411.870s][info][gc,phases      ] GC(1262)   Merge Heap Roots: 0.47ms
[4411.870s][info][gc,phases      ] GC(1262)   Evacuate Collection Set: 112.51ms
[4411.870s][info][gc,phases      ] GC(1262)   Post Evacuate Collection Set: 0.87ms
[4411.870s][info][gc,phases      ] GC(1262)   Other: 0.12ms
[4411.870s][info][gc,heap        ] GC(1262) Eden regions: 1114->0(1122)
[4411.870s][info][gc,heap        ] GC(1262) Survivor regions: 114->106(154)
[4411.870s][info][gc,heap        ] GC(1262) Old regions: 471->505
[4411.870s][info][gc,heap        ] GC(1262) Humongous regions: 80->80
[4411.870s][info][gc,metaspace   ] GC(1262) Metaspace: 28956K(29376K)->28956K(29376K) NonClass: 24085K(24256K)->24085K(24256K) Class: 4870K(5120K)->4870K(5120K)
[4411.870s][info][gc             ] GC(1262) Pause Young (Concurrent Start) (G1 Evacuation Pause) 3556M->1380M(4096M) 114.459ms
[4411.870s][info][gc             ] GC(1263) Concurrent Mark Cycle
[4411.870s][info][gc,marking     ] GC(1263) Concurrent Scan Root Regions
[4411.870s][info][gc,cpu         ] GC(1262) User=0.68s Sys=0.00s Real=0.11s
[4412.015s][info][gc,marking     ] GC(1263) Concurrent Scan Root Regions 144.914ms
[4412.015s][info][gc,marking     ] GC(1263) Concurrent Mark
[4412.015s][info][gc,marking     ] GC(1263) Concurrent Mark From Roots
[4412.015s][info][gc,task        ] GC(1263) Using 2 workers of 2 for marking
.[4412.732s][info][gc,marking     ] GC(1263) Concurrent Mark From Roots 717.546ms
[4412.732s][info][gc,marking     ] GC(1263) Concurrent Preclean
[4412.733s][info][gc,marking     ] GC(1263) Concurrent Preclean 0.131ms
[4412.735s][info][gc,start       ] GC(1263) Pause Remark
[4412.741s][info][gc             ] GC(1263) Pause Remark 2198M->2198M(4096M) 6.455ms
[4412.741s][info][gc,cpu         ] GC(1263) User=0.04s Sys=0.00s Real=0.00s
[4412.741s][info][gc,marking     ] GC(1263) Concurrent Mark 726.482ms
[4412.741s][info][gc,marking     ] GC(1263) Concurrent Rebuild Remembered Sets and Scrub Regions
[4413.052s][info][gc,marking     ] GC(1263) Concurrent Rebuild Remembered Sets and Scrub Regions 310.556ms
[4413.053s][info][gc,start       ] GC(1263) Pause Cleanup
[4413.053s][info][gc             ] GC(1263) Pause Cleanup 2466M->2466M(4096M) 0.111ms
[4413.053s][info][gc,cpu         ] GC(1263) User=0.00s Sys=0.00s Real=0.00s
[4413.053s][info][gc,marking     ] GC(1263) Concurrent Clear Claimed Marks
[4413.053s][info][gc,marking     ] GC(1263) Concurrent Clear Claimed Marks 0.029ms
[4413.053s][info][gc,marking     ] GC(1263) Concurrent Cleanup for Next Mark
[4413.060s][info][gc,marking     ] GC(1263) Concurrent Cleanup for Next Mark 6.753ms
[4413.060s][info][gc             ] GC(1263) Concurrent Mark Cycle 1189.831ms
.[4414.061s][info][gc,start       ] GC(1264) Pause Young (Prepare Mixed) (G1 Evacuation Pause)
[4414.061s][info][gc,task        ] GC(1264) Using 6 workers of 6 for evacuation
[4414.181s][info][gc,phases      ] GC(1264)   Pre Evacuate Collection Set: 0.32ms
[4414.181s][info][gc,phases      ] GC(1264)   Merge Heap Roots: 0.50ms
[4414.181s][info][gc,phases      ] GC(1264)   Evacuate Collection Set: 118.20ms
[4414.181s][info][gc,phases      ] GC(1264)   Post Evacuate Collection Set: 0.97ms
[4414.181s][info][gc,phases      ] GC(1264)   Other: 0.10ms
[4414.181s][info][gc,heap        ] GC(1264) Eden regions: 1122->0(1103)
[4414.181s][info][gc,heap        ] GC(1264) Survivor regions: 106->113(154)
[4414.181s][info][gc,heap        ] GC(1264) Old regions: 505->536
[4414.181s][info][gc,heap        ] GC(1264) Humongous regions: 80->80
[4414.181s][info][gc,metaspace   ] GC(1264) Metaspace: 28956K(29376K)->28956K(29376K) NonClass: 24085K(24256K)->24085K(24256K) Class: 4870K(5120K)->4870K(5120K)
[4414.181s][info][gc             ] GC(1264) Pause Young (Prepare Mixed) (G1 Evacuation Pause) 3624M->1455M(4096M) 120.234ms
[4414.181s][info][gc,cpu         ] GC(1264) User=0.71s Sys=0.00s Real=0.12s
.|..[4416.319s][info][gc,start       ] GC(1265) Pause Young (Mixed) (G1 Evacuation Pause)
[4416.320s][info][gc,task        ] GC(1265) Using 6 workers of 6 for evacuation
[4416.451s][info][gc,phases      ] GC(1265)   Pre Evacuate Collection Set: 0.36ms
[4416.451s][info][gc,phases      ] GC(1265)   Merge Heap Roots: 0.66ms
[4416.451s][info][gc,phases      ] GC(1265)   Evacuate Collection Set: 129.86ms
[4416.451s][info][gc,phases      ] GC(1265)   Post Evacuate Collection Set: 0.92ms
[4416.451s][info][gc,phases      ] GC(1265)   Other: 0.09ms
[4416.451s][info][gc,heap        ] GC(1265) Eden regions: 1103->0(1119)
[4416.451s][info][gc,heap        ] GC(1265) Survivor regions: 113->109(152)
[4416.451s][info][gc,heap        ] GC(1265) Old regions: 536->474
[4416.451s][info][gc,heap        ] GC(1265) Humongous regions: 80->80
[4416.451s][info][gc,metaspace   ] GC(1265) Metaspace: 28956K(29376K)->28956K(29376K) NonClass: 24085K(24256K)->24085K(24256K) Class: 4870K(5120K)->4870K(5120K)
[4416.451s][info][gc             ] GC(1265) Pause Young (Mixed) (G1 Evacuation Pause) 3661M->1325M(4096M) 132.011ms
[4416.452s][info][gc,cpu         ] GC(1265) User=0.78s Sys=0.00s Real=0.13s
..[4418.670s][info][gc,start       ] GC(1266) Pause Young (Concurrent Start) (G1 Evacuation Pause)
[4418.670s][info][gc,task        ] GC(1266) Using 6 workers of 6 for evacuation
[4418.789s][info][gc,phases      ] GC(1266)   Pre Evacuate Collection Set: 0.36ms
[4418.789s][info][gc,phases      ] GC(1266)   Merge Heap Roots: 0.46ms
[4418.789s][info][gc,phases      ] GC(1266)   Evacuate Collection Set: 117.21ms
[4418.789s][info][gc,phases      ] GC(1266)   Post Evacuate Collection Set: 0.85ms
[4418.789s][info][gc,phases      ] GC(1266)   Other: 0.11ms
[4418.789s][info][gc,heap        ] GC(1266) Eden regions: 1119->0(1116)
[4418.789s][info][gc,heap        ] GC(1266) Survivor regions: 109->112(154)
[4418.789s][info][gc,heap        ] GC(1266) Old regions: 474->507
[4418.789s][info][gc,heap        ] GC(1266) Humongous regions: 80->80
[4418.789s][info][gc,metaspace   ] GC(1266) Metaspace: 28956K(29376K)->28956K(29376K) NonClass: 24085K(24256K)->24085K(24256K) Class: 4870K(5120K)->4870K(5120K)
[4418.789s][info][gc             ] GC(1266) Pause Young (Concurrent Start) (G1 Evacuation Pause) 3563M->1395M(4096M) 119.112ms
[4418.789s][info][gc             ] GC(1267) Concurrent Mark Cycle
[4418.789s][info][gc,marking     ] GC(1267) Concurrent Scan Root Regions
[4418.789s][info][gc,cpu         ] GC(1266) User=0.71s Sys=0.00s Real=0.12s
[4418.977s][info][gc,marking     ] GC(1267) Concurrent Scan Root Regions 188.093ms
[4418.977s][info][gc,marking     ] GC(1267) Concurrent Mark
[4418.977s][info][gc,marking     ] GC(1267) Concurrent Mark From Roots
[4418.977s][info][gc,task        ] GC(1267) Using 2 workers of 2 for marking
.[4419.990s][info][gc,marking     ] GC(1267) Concurrent Mark From Roots 1013.148ms
[4419.990s][info][gc,marking     ] GC(1267) Concurrent Preclean
[4419.990s][info][gc,marking     ] GC(1267) Concurrent Preclean 0.130ms
[4419.992s][info][gc,start       ] GC(1267) Pause Remark
[4420.000s][info][gc             ] GC(1267) Pause Remark 2559M->2559M(4096M) 7.972ms
[4420.000s][info][gc,cpu         ] GC(1267) User=0.04s Sys=0.00s Real=0.01s
[4420.001s][info][gc,marking     ] GC(1267) Concurrent Mark 1023.481ms
[4420.001s][info][gc,marking     ] GC(1267) Concurrent Rebuild Remembered Sets and Scrub Regions
[4420.281s][info][gc,marking     ] GC(1267) Concurrent Rebuild Remembered Sets and Scrub Regions 280.462ms
[4420.282s][info][gc,start       ] GC(1267) Pause Cleanup
[4420.282s][info][gc             ] GC(1267) Pause Cleanup 2877M->2877M(4096M) 0.124ms
[4420.282s][info][gc,cpu         ] GC(1267) User=0.00s Sys=0.00s Real=0.00s
[4420.282s][info][gc,marking     ] GC(1267) Concurrent Clear Claimed Marks
[4420.282s][info][gc,marking     ] GC(1267) Concurrent Clear Claimed Marks 0.031ms
[4420.282s][info][gc,marking     ] GC(1267) Concurrent Cleanup for Next Mark
[4420.293s][info][gc,marking     ] GC(1267) Concurrent Cleanup for Next Mark 10.253ms
[4420.293s][info][gc             ] GC(1267) Concurrent Mark Cycle 1503.952ms
.[4421.054s][info][gc,start       ] GC(1268) Pause Young (Prepare Mixed) (G1 Evacuation Pause)
[4421.054s][info][gc,task        ] GC(1268) Using 6 workers of 6 for evacuation
[4421.172s][info][gc,phases      ] GC(1268)   Pre Evacuate Collection Set: 0.32ms
[4421.172s][info][gc,phases      ] GC(1268)   Merge Heap Roots: 0.50ms
[4421.172s][info][gc,phases      ] GC(1268)   Evacuate Collection Set: 115.92ms
[4421.172s][info][gc,phases      ] GC(1268)   Post Evacuate Collection Set: 0.93ms
[4421.172s][info][gc,phases      ] GC(1268)   Other: 0.08ms
[4421.172s][info][gc,heap        ] GC(1268) Eden regions: 1116->0(1105)
[4421.172s][info][gc,heap        ] GC(1268) Survivor regions: 112->111(154)
[4421.172s][info][gc,heap        ] GC(1268) Old regions: 507->538
[4421.172s][info][gc,heap        ] GC(1268) Humongous regions: 80->80
[4421.172s][info][gc,metaspace   ] GC(1268) Metaspace: 28956K(29376K)->28956K(29376K) NonClass: 24085K(24256K)->24085K(24256K) Class: 4870K(5120K)->4870K(5120K)
[4421.172s][info][gc             ] GC(1268) Pause Young (Prepare Mixed) (G1 Evacuation Pause) 3627M->1456M(4096M) 117.875ms
[4421.172s][info][gc,cpu         ] GC(1268) User=0.70s Sys=0.00s Real=0.11s
..[4423.243s][info][gc,start       ] GC(1269) Pause Young (Mixed) (G1 Evacuation Pause)
[4423.243s][info][gc,task        ] GC(1269) Using 6 workers of 6 for evacuation
[4423.379s][info][gc,phases      ] GC(1269)   Pre Evacuate Collection Set: 0.36ms
[4423.379s][info][gc,phases      ] GC(1269)   Merge Heap Roots: 0.69ms
[4423.379s][info][gc,phases      ] GC(1269)   Evacuate Collection Set: 133.95ms
[4423.379s][info][gc,phases      ] GC(1269)   Post Evacuate Collection Set: 0.92ms
[4423.379s][info][gc,phases      ] GC(1269)   Other: 0.09ms
[4423.379s][info][gc,heap        ] GC(1269) Eden regions: 1105->0(1116)
[4423.379s][info][gc,heap        ] GC(1269) Survivor regions: 111->112(152)
[4423.379s][info][gc,heap        ] GC(1269) Old regions: 538->473
[4423.379s][info][gc,heap        ] GC(1269) Humongous regions: 80->80
[4423.379s][info][gc,metaspace   ] GC(1269) Metaspace: 28956K(29376K)->28956K(29376K) NonClass: 24085K(24256K)->24085K(24256K) Class: 4870K(5120K)->4870K(5120K)
[4423.379s][info][gc             ] GC(1269) Pause Young (Mixed) (G1 Evacuation Pause) 3666M->1328M(4096M) 136.142ms
[4423.379s][info][gc,cpu         ] GC(1269) User=0.81s Sys=0.00s Real=0.14s
...[4425.549s][info][gc,start       ] GC(1270) Pause Young (Concurrent Start) (G1 Evacuation Pause)
[4425.549s][info][gc,task        ] GC(1270) Using 6 workers of 6 for evacuation
[4425.669s][info][gc,phases      ] GC(1270)   Pre Evacuate Collection Set: 0.41ms
[4425.669s][info][gc,phases      ] GC(1270)   Merge Heap Roots: 0.50ms
[4425.669s][info][gc,phases      ] GC(1270)   Evacuate Collection Set: 118.10ms
[4425.669s][info][gc,phases      ] GC(1270)   Post Evacuate Collection Set: 0.88ms
[4425.669s][info][gc,phases      ] GC(1270)   Other: 0.12ms
[4425.669s][info][gc,heap        ] GC(1270) Eden regions: 1116->0(1116)
[4425.669s][info][gc,heap        ] GC(1270) Survivor regions: 112->112(154)
[4425.669s][info][gc,heap        ] GC(1270) Old regions: 473->506
[4425.669s][info][gc,heap        ] GC(1270) Humongous regions: 80->80
[4425.669s][info][gc,metaspace   ] GC(1270) Metaspace: 28956K(29376K)->28956K(29376K) NonClass: 24085K(24256K)->24085K(24256K) Class: 4870K(5120K)->4870K(5120K)
[4425.669s][info][gc             ] GC(1270) Pause Young (Concurrent Start) (G1 Evacuation Pause) 3560M->1394M(4096M) 120.150ms
[4425.670s][info][gc             ] GC(1271) Concurrent Mark Cycle
[4425.670s][info][gc,marking     ] GC(1271) Concurrent Scan Root Regions
[4425.670s][info][gc,cpu         ] GC(1270) User=0.72s Sys=0.00s Real=0.12s
[4425.857s][info][gc,marking     ] GC(1271) Concurrent Scan Root Regions 187.348ms
[4425.857s][info][gc,marking     ] GC(1271) Concurrent Mark
[4425.857s][info][gc,marking     ] GC(1271) Concurrent Mark From Roots
[4425.857s][info][gc,task        ] GC(1271) Using 2 workers of 2 for marking
.[4426.887s][info][gc,marking     ] GC(1271) Concurrent Mark From Roots 1029.910ms
[4426.887s][info][gc,marking     ] GC(1271) Concurrent Preclean
[4426.887s][info][gc,marking     ] GC(1271) Concurrent Preclean 0.154ms
[4426.889s][info][gc,start       ] GC(1271) Pause Remark
[4426.896s][info][gc             ] GC(1271) Pause Remark 2522M->2522M(4096M) 6.728ms
[4426.896s][info][gc,cpu         ] GC(1271) User=0.04s Sys=0.00s Real=0.01s
[4426.896s][info][gc,marking     ] GC(1271) Concurrent Mark 1039.117ms
[4426.896s][info][gc,marking     ] GC(1271) Concurrent Rebuild Remembered Sets and Scrub Regions
[4427.169s][info][gc,marking     ] GC(1271) Concurrent Rebuild Remembered Sets and Scrub Regions 272.659ms
[4427.169s][info][gc,start       ] GC(1271) Pause Cleanup
[4427.169s][info][gc             ] GC(1271) Pause Cleanup 2840M->2840M(4096M) 0.113ms
[4427.169s][info][gc,cpu         ] GC(1271) User=0.00s Sys=0.00s Real=0.00s
[4427.169s][info][gc,marking     ] GC(1271) Concurrent Clear Claimed Marks
[4427.169s][info][gc,marking     ] GC(1271) Concurrent Clear Claimed Marks 0.026ms
[4427.169s][info][gc,marking     ] GC(1271) Concurrent Cleanup for Next Mark
[4427.174s][info][gc,marking     ] GC(1271) Concurrent Cleanup for Next Mark 4.912ms
[4427.174s][info][gc             ] GC(1271) Concurrent Mark Cycle 1504.671ms
.[4427.921s][info][gc,start       ] GC(1272) Pause Young (Prepare Mixed) (G1 Evacuation Pause)
[4427.921s][info][gc,task        ] GC(1272) Using 6 workers of 6 for evacuation
[4428.036s][info][gc,phases      ] GC(1272)   Pre Evacuate Collection Set: 0.33ms
[4428.036s][info][gc,phases      ] GC(1272)   Merge Heap Roots: 0.50ms
[4428.036s][info][gc,phases      ] GC(1272)   Evacuate Collection Set: 113.09ms
[4428.036s][info][gc,phases      ] GC(1272)   Post Evacuate Collection Set: 0.91ms
[4428.036s][info][gc,phases      ] GC(1272)   Other: 0.08ms
[4428.036s][info][gc,heap        ] GC(1272) Eden regions: 1116->0(1111)
[4428.036s][info][gc,heap        ] GC(1272) Survivor regions: 112->108(154)
[4428.036s][info][gc,heap        ] GC(1272) Old regions: 506->538
[4428.036s][info][gc,heap        ] GC(1272) Humongous regions: 80->80
[4428.036s][info][gc,metaspace   ] GC(1272) Metaspace: 28956K(29376K)->28956K(29376K) NonClass: 24085K(24256K)->24085K(24256K) Class: 4870K(5120K)->4870K(5120K)
[4428.036s][info][gc             ] GC(1272) Pause Young (Prepare Mixed) (G1 Evacuation Pause) 3626M->1450M(4096M) 115.048ms
[4428.036s][info][gc,cpu         ] GC(1272) User=0.69s Sys=0.00s Real=0.12s
..[4430.230s][info][gc,start       ] GC(1273) Pause Young (Mixed) (G1 Evacuation Pause)
[4430.230s][info][gc,task        ] GC(1273) Using 6 workers of 6 for evacuation
[4430.362s][info][gc,phases      ] GC(1273)   Pre Evacuate Collection Set: 0.37ms
[4430.362s][info][gc,phases      ] GC(1273)   Merge Heap Roots: 0.65ms
[4430.362s][info][gc,phases      ] GC(1273)   Evacuate Collection Set: 130.55ms
[4430.362s][info][gc,phases      ] GC(1273)   Post Evacuate Collection Set: 0.91ms
[4430.362s][info][gc,phases      ] GC(1273)   Other: 0.09ms
[4430.362s][info][gc,heap        ] GC(1273) Eden regions: 1111->0(1118)
[4430.362s][info][gc,heap        ] GC(1273) Survivor regions: 108->110(153)
[4430.362s][info][gc,heap        ] GC(1273) Old regions: 538->474
[4430.362s][info][gc,heap        ] GC(1273) Humongous regions: 80->80
[4430.362s][info][gc,metaspace   ] GC(1273) Metaspace: 28956K(29376K)->28956K(29376K) NonClass: 24085K(24256K)->24085K(24256K) Class: 4870K(5120K)->4870K(5120K)
[4430.362s][info][gc             ] GC(1273) Pause Young (Mixed) (G1 Evacuation Pause) 3672M->1326M(4096M) 132.709ms
[4430.363s][info][gc,cpu         ] GC(1273) User=0.79s Sys=0.00s Real=0.13s
...[4432.595s][info][gc,start       ] GC(1274) Pause Young (Concurrent Start) (G1 Evacuation Pause)
[4432.595s][info][gc,task        ] GC(1274) Using 6 workers of 6 for evacuation
[4432.716s][info][gc,phases      ] GC(1274)   Pre Evacuate Collection Set: 0.35ms
[4432.716s][info][gc,phases      ] GC(1274)   Merge Heap Roots: 0.46ms
[4432.716s][info][gc,phases      ] GC(1274)   Evacuate Collection Set: 119.03ms
[4432.716s][info][gc,phases      ] GC(1274)   Post Evacuate Collection Set: 0.73ms
[4432.716s][info][gc,phases      ] GC(1274)   Other: 0.10ms
[4432.716s][info][gc,heap        ] GC(1274) Eden regions: 1118->0(1114)
[4432.716s][info][gc,heap        ] GC(1274) Survivor regions: 110->114(154)
[4432.716s][info][gc,heap        ] GC(1274) Old regions: 474->505
[4432.716s][info][gc,heap        ] GC(1274) Humongous regions: 80->80
[4432.716s][info][gc,metaspace   ] GC(1274) Metaspace: 28956K(29376K)->28956K(29376K) NonClass: 24085K(24256K)->24085K(24256K) Class: 4870K(5120K)->4870K(5120K)
[4432.716s][info][gc             ] GC(1274) Pause Young (Concurrent Start) (G1 Evacuation Pause) 3562M->1396M(4096M) 120.811ms
[4432.716s][info][gc             ] GC(1275) Concurrent Mark Cycle
[4432.716s][info][gc,marking     ] GC(1275) Concurrent Scan Root Regions
[4432.716s][info][gc,cpu         ] GC(1274) User=0.71s Sys=0.00s Real=0.12s
[4432.893s][info][gc,marking     ] GC(1275) Concurrent Scan Root Regions 177.013ms
[4432.893s][info][gc,marking     ] GC(1275) Concurrent Mark
[4432.893s][info][gc,marking     ] GC(1275) Concurrent Mark From Roots
[4432.893s][info][gc,task        ] GC(1275) Using 2 workers of 2 for marking
.[4433.645s][info][gc,marking     ] GC(1275) Concurrent Mark From Roots 751.295ms
[4433.645s][info][gc,marking     ] GC(1275) Concurrent Preclean
[4433.645s][info][gc,marking     ] GC(1275) Concurrent Preclean 0.130ms
[4433.646s][info][gc,start       ] GC(1275) Pause Remark
[4433.651s][info][gc             ] GC(1275) Pause Remark 2262M->2262M(4096M) 4.986ms
[4433.651s][info][gc,cpu         ] GC(1275) User=0.03s Sys=0.00s Real=0.00s
[4433.651s][info][gc,marking     ] GC(1275) Concurrent Mark 757.934ms
[4433.651s][info][gc,marking     ] GC(1275) Concurrent Rebuild Remembered Sets and Scrub Regions
[4433.986s][info][gc,marking     ] GC(1275) Concurrent Rebuild Remembered Sets and Scrub Regions 334.557ms
[4433.989s][info][gc,start       ] GC(1275) Pause Cleanup
[4433.990s][info][gc             ] GC(1275) Pause Cleanup 2580M->2580M(4096M) 0.137ms
[4433.990s][info][gc,cpu         ] GC(1275) User=0.00s Sys=0.00s Real=0.00s
[4433.990s][info][gc,marking     ] GC(1275) Concurrent Clear Claimed Marks
[4433.990s][info][gc,marking     ] GC(1275) Concurrent Clear Claimed Marks 0.034ms
[4433.990s][info][gc,marking     ] GC(1275) Concurrent Cleanup for Next Mark
[4433.995s][info][gc,marking     ] GC(1275) Concurrent Cleanup for Next Mark 5.024ms
[4433.995s][info][gc             ] GC(1275) Concurrent Mark Cycle 1278.776ms
.[4434.914s][info][gc,start       ] GC(1276) Pause Young (Prepare Mixed) (G1 Evacuation Pause)
[4434.914s][info][gc,task        ] GC(1276) Using 6 workers of 6 for evacuation
[4435.031s][info][gc,phases      ] GC(1276)   Pre Evacuate Collection Set: 0.31ms
[4435.031s][info][gc,phases      ] GC(1276)   Merge Heap Roots: 0.51ms
[4435.031s][info][gc,phases      ] GC(1276)   Evacuate Collection Set: 115.73ms
[4435.031s][info][gc,phases      ] GC(1276)   Post Evacuate Collection Set: 0.89ms
[4435.031s][info][gc,phases      ] GC(1276)   Other: 0.08ms
[4435.031s][info][gc,heap        ] GC(1276) Eden regions: 1114->0(1109)
[4435.031s][info][gc,heap        ] GC(1276) Survivor regions: 114->110(154)
[4435.031s][info][gc,heap        ] GC(1276) Old regions: 505->536
[4435.031s][info][gc,heap        ] GC(1276) Humongous regions: 80->80
[4435.031s][info][gc,metaspace   ] GC(1276) Metaspace: 28956K(29376K)->28956K(29376K) NonClass: 24085K(24256K)->24085K(24256K) Class: 4870K(5120K)->4870K(5120K)
[4435.031s][info][gc             ] GC(1276) Pause Young (Prepare Mixed) (G1 Evacuation Pause) 3624M->1451M(4096M) 117.676ms
[4435.031s][info][gc,cpu         ] GC(1276) User=0.70s Sys=0.00s Real=0.11s
..[4437.244s][info][gc,start       ] GC(1277) Pause Young (Mixed) (G1 Evacuation Pause)
[4437.244s][info][gc,task        ] GC(1277) Using 6 workers of 6 for evacuation
[4437.383s][info][gc,phases      ] GC(1277)   Pre Evacuate Collection Set: 0.36ms
[4437.383s][info][gc,phases      ] GC(1277)   Merge Heap Roots: 0.64ms
[4437.383s][info][gc,phases      ] GC(1277)   Evacuate Collection Set: 136.91ms
[4437.383s][info][gc,phases      ] GC(1277)   Post Evacuate Collection Set: 0.94ms
[4437.383s][info][gc,phases      ] GC(1277)   Other: 0.09ms
[4437.383s][info][gc,heap        ] GC(1277) Eden regions: 1109->0(1114)
[4437.383s][info][gc,heap        ] GC(1277) Survivor regions: 110->114(153)
[4437.383s][info][gc,heap        ] GC(1277) Old regions: 536->472
[4437.383s][info][gc,heap        ] GC(1277) Humongous regions: 80->80
[4437.383s][info][gc,metaspace   ] GC(1277) Metaspace: 28956K(29376K)->28956K(29376K) NonClass: 24085K(24256K)->24085K(24256K) Class: 4870K(5120K)->4870K(5120K)
[4437.383s][info][gc             ] GC(1277) Pause Young (Mixed) (G1 Evacuation Pause) 3669M->1331M(4096M) 139.062ms
[4437.384s][info][gc,cpu         ] GC(1277) User=0.83s Sys=0.00s Real=0.14s
...[4439.624s][info][gc,start       ] GC(1278) Pause Young (Concurrent Start) (G1 Evacuation Pause)
[4439.624s][info][gc,task        ] GC(1278) Using 6 workers of 6 for evacuation
[4439.747s][info][gc,phases      ] GC(1278)   Pre Evacuate Collection Set: 0.36ms
[4439.747s][info][gc,phases      ] GC(1278)   Merge Heap Roots: 0.47ms
[4439.747s][info][gc,phases      ] GC(1278)   Evacuate Collection Set: 120.38ms
[4439.747s][info][gc,phases      ] GC(1278)   Post Evacuate Collection Set: 0.85ms
[4439.747s][info][gc,phases      ] GC(1278)   Other: 0.11ms
[4439.747s][info][gc,heap        ] GC(1278) Eden regions: 1114->0(1115)
[4439.747s][info][gc,heap        ] GC(1278) Survivor regions: 114->113(154)
[4439.747s][info][gc,heap        ] GC(1278) Old regions: 472->505
[4439.747s][info][gc,heap        ] GC(1278) Humongous regions: 80->80
[4439.747s][info][gc,metaspace   ] GC(1278) Metaspace: 28956K(29376K)->28956K(29376K) NonClass: 24085K(24256K)->24085K(24256K) Class: 4870K(5120K)->4870K(5120K)
[4439.747s][info][gc             ] GC(1278) Pause Young (Concurrent Start) (G1 Evacuation Pause) 3559M->1394M(4096M) 122.302ms
[4439.747s][info][gc             ] GC(1279) Concurrent Mark Cycle
[4439.747s][info][gc,marking     ] GC(1279) Concurrent Scan Root Regions
[4439.747s][info][gc,cpu         ] GC(1278) User=0.73s Sys=0.00s Real=0.12s
[4439.928s][info][gc,marking     ] GC(1279) Concurrent Scan Root Regions 181.008ms
[4439.928s][info][gc,marking     ] GC(1279) Concurrent Mark
[4439.928s][info][gc,marking     ] GC(1279) Concurrent Mark From Roots
[4439.928s][info][gc,task        ] GC(1279) Using 2 workers of 2 for marking
.[4440.671s][info][gc,marking     ] GC(1279) Concurrent Mark From Roots 743.060ms
[4440.671s][info][gc,marking     ] GC(1279) Concurrent Preclean
[4440.671s][info][gc,marking     ] GC(1279) Concurrent Preclean 0.095ms
[4440.672s][info][gc,start       ] GC(1279) Pause Remark
[4440.678s][info][gc             ] GC(1279) Pause Remark 2268M->2268M(4096M) 5.396ms
[4440.678s][info][gc,cpu         ] GC(1279) User=0.03s Sys=0.00s Real=0.01s
[4440.679s][info][gc,marking     ] GC(1279) Concurrent Mark 751.561ms
[4440.679s][info][gc,marking     ] GC(1279) Concurrent Rebuild Remembered Sets and Scrub Regions
[4441.037s][info][gc,marking     ] GC(1279) Concurrent Rebuild Remembered Sets and Scrub Regions 358.035ms
[4441.039s][info][gc,start       ] GC(1279) Pause Cleanup
[4441.039s][info][gc             ] GC(1279) Pause Cleanup 2638M->2638M(4096M) 0.133ms
[4441.039s][info][gc,cpu         ] GC(1279) User=0.00s Sys=0.00s Real=0.00s
[4441.039s][info][gc,marking     ] GC(1279) Concurrent Clear Claimed Marks
[4441.039s][info][gc,marking     ] GC(1279) Concurrent Clear Claimed Marks 0.033ms
[4441.039s][info][gc,marking     ] GC(1279) Concurrent Cleanup for Next Mark
[4441.046s][info][gc,marking     ] GC(1279) Concurrent Cleanup for Next Mark 7.161ms
[4441.047s][info][gc             ] GC(1279) Concurrent Mark Cycle 1299.860ms
.[4441.987s][info][gc,start       ] GC(1280) Pause Young (Prepare Mixed) (G1 Evacuation Pause)
[4441.987s][info][gc,task        ] GC(1280) Using 6 workers of 6 for evacuation
[4442.103s][info][gc,phases      ] GC(1280)   Pre Evacuate Collection Set: 0.35ms
[4442.103s][info][gc,phases      ] GC(1280)   Merge Heap Roots: 0.52ms
[4442.103s][info][gc,phases      ] GC(1280)   Evacuate Collection Set: 113.54ms
[4442.103s][info][gc,phases      ] GC(1280)   Post Evacuate Collection Set: 0.90ms
[4442.103s][info][gc,phases      ] GC(1280)   Other: 0.09ms
[4442.103s][info][gc,heap        ] GC(1280) Eden regions: 1115->0(1111)
[4442.103s][info][gc,heap        ] GC(1280) Survivor regions: 113->109(154)
[4442.103s][info][gc,heap        ] GC(1280) Old regions: 505->536
[4442.103s][info][gc,heap        ] GC(1280) Humongous regions: 80->80
[4442.103s][info][gc,metaspace   ] GC(1280) Metaspace: 28956K(29376K)->28956K(29376K) NonClass: 24085K(24256K)->24085K(24256K) Class: 4870K(5120K)->4870K(5120K)
[4442.103s][info][gc             ] GC(1280) Pause Young (Prepare Mixed) (G1 Evacuation Pause) 3624M->1448M(4096M) 115.546ms
[4442.103s][info][gc,cpu         ] GC(1280) User=0.69s Sys=0.00s Real=0.11s
..[4444.266s][info][gc,start       ] GC(1281) Pause Young (Mixed) (G1 Evacuation Pause)
[4444.266s][info][gc,task        ] GC(1281) Using 6 workers of 6 for evacuation
[4444.402s][info][gc,phases      ] GC(1281)   Pre Evacuate Collection Set: 0.38ms
[4444.402s][info][gc,phases      ] GC(1281)   Merge Heap Roots: 0.72ms
[4444.402s][info][gc,phases      ] GC(1281)   Evacuate Collection Set: 133.99ms
[4444.402s][info][gc,phases      ] GC(1281)   Post Evacuate Collection Set: 0.90ms
[4444.402s][info][gc,phases      ] GC(1281)   Other: 0.09ms
[4444.403s][info][gc,heap        ] GC(1281) Eden regions: 1111->0(1116)
[4444.403s][info][gc,heap        ] GC(1281) Survivor regions: 109->112(153)
[4444.403s][info][gc,heap        ] GC(1281) Old regions: 536->475
[4444.403s][info][gc,heap        ] GC(1281) Humongous regions: 80->80
[4444.403s][info][gc,metaspace   ] GC(1281) Metaspace: 28956K(29376K)->28956K(29376K) NonClass: 24085K(24256K)->24085K(24256K) Class: 4870K(5120K)->4870K(5120K)
[4444.403s][info][gc             ] GC(1281) Pause Young (Mixed) (G1 Evacuation Pause) 3670M->1332M(4096M) 136.200ms
[4444.403s][info][gc,cpu         ] GC(1281) User=0.81s Sys=0.00s Real=0.13s
..[4446.598s][info][gc,start       ] GC(1282) Pause Young (Concurrent Start) (G1 Evacuation Pause)
[4446.598s][info][gc,task        ] GC(1282) Using 6 workers of 6 for evacuation
[4446.714s][info][gc,phases      ] GC(1282)   Pre Evacuate Collection Set: 0.37ms
[4446.714s][info][gc,phases      ] GC(1282)   Merge Heap Roots: 0.44ms
[4446.714s][info][gc,phases      ] GC(1282)   Evacuate Collection Set: 114.63ms
[4446.714s][info][gc,phases      ] GC(1282)   Post Evacuate Collection Set: 0.87ms
[4446.714s][info][gc,phases      ] GC(1282)   Other: 0.10ms
[4446.714s][info][gc,heap        ] GC(1282) Eden regions: 1116->0(1118)
[4446.714s][info][gc,heap        ] GC(1282) Survivor regions: 112->110(154)
[4446.714s][info][gc,heap        ] GC(1282) Old regions: 475->507
[4446.714s][info][gc,heap        ] GC(1282) Humongous regions: 80->80
[4446.714s][info][gc,metaspace   ] GC(1282) Metaspace: 28956K(29376K)->28956K(29376K) NonClass: 24085K(24256K)->24085K(24256K) Class: 4870K(5120K)->4870K(5120K)
[4446.714s][info][gc             ] GC(1282) Pause Young (Concurrent Start) (G1 Evacuation Pause) 3564M->1392M(4096M) 116.555ms
[4446.714s][info][gc             ] GC(1283) Concurrent Mark Cycle
[4446.715s][info][gc,marking     ] GC(1283) Concurrent Scan Root Regions
[4446.715s][info][gc,cpu         ] GC(1282) User=0.69s Sys=0.00s Real=0.12s
.[4446.919s][info][gc,marking     ] GC(1283) Concurrent Scan Root Regions 204.101ms
[4446.919s][info][gc,marking     ] GC(1283) Concurrent Mark
[4446.919s][info][gc,marking     ] GC(1283) Concurrent Mark From Roots
[4446.919s][info][gc,task        ] GC(1283) Using 2 workers of 2 for marking
.[4447.997s][info][gc,marking     ] GC(1283) Concurrent Mark From Roots 1078.270ms
[4447.997s][info][gc,marking     ] GC(1283) Concurrent Preclean
[4447.997s][info][gc,marking     ] GC(1283) Concurrent Preclean 0.139ms
[4447.997s][info][gc,start       ] GC(1283) Pause Remark
[4448.003s][info][gc             ] GC(1283) Pause Remark 2644M->2644M(4096M) 6.151ms
[4448.003s][info][gc,cpu         ] GC(1283) User=0.03s Sys=0.00s Real=0.01s
[4448.007s][info][gc,marking     ] GC(1283) Concurrent Mark 1087.917ms
[4448.007s][info][gc,marking     ] GC(1283) Concurrent Rebuild Remembered Sets and Scrub Regions
[4448.366s][info][gc,marking     ] GC(1283) Concurrent Rebuild Remembered Sets and Scrub Regions 359.093ms
[4448.368s][info][gc,start       ] GC(1283) Pause Cleanup
[4448.368s][info][gc             ] GC(1283) Pause Cleanup 3036M->3036M(4096M) 0.133ms
[4448.368s][info][gc,cpu         ] GC(1283) User=0.00s Sys=0.00s Real=0.00s
[4448.369s][info][gc,marking     ] GC(1283) Concurrent Clear Claimed Marks
[4448.369s][info][gc,marking     ] GC(1283) Concurrent Clear Claimed Marks 0.032ms
[4448.369s][info][gc,marking     ] GC(1283) Concurrent Cleanup for Next Mark
[4448.374s][info][gc,marking     ] GC(1283) Concurrent Cleanup for Next Mark 5.369ms
[4448.374s][info][gc             ] GC(1283) Concurrent Mark Cycle 1659.531ms
.[4448.972s][info][gc,start       ] GC(1284) Pause Young (Prepare Mixed) (G1 Evacuation Pause)
[4448.972s][info][gc,task        ] GC(1284) Using 6 workers of 6 for evacuation
[4449.086s][info][gc,phases      ] GC(1284)   Pre Evacuate Collection Set: 0.30ms
[4449.086s][info][gc,phases      ] GC(1284)   Merge Heap Roots: 0.49ms
[4449.086s][info][gc,phases      ] GC(1284)   Evacuate Collection Set: 112.49ms
[4449.086s][info][gc,phases      ] GC(1284)   Post Evacuate Collection Set: 0.91ms
[4449.086s][info][gc,phases      ] GC(1284)   Other: 0.09ms
[4449.086s][info][gc,heap        ] GC(1284) Eden regions: 1118->0(1109)
[4449.086s][info][gc,heap        ] GC(1284) Survivor regions: 110->109(154)
[4449.086s][info][gc,heap        ] GC(1284) Old regions: 507->538
[4449.086s][info][gc,heap        ] GC(1284) Humongous regions: 80->80
[4449.086s][info][gc,metaspace   ] GC(1284) Metaspace: 28956K(29376K)->28956K(29376K) NonClass: 24085K(24256K)->24085K(24256K) Class: 4870K(5120K)->4870K(5120K)
[4449.086s][info][gc             ] GC(1284) Pause Young (Prepare Mixed) (G1 Evacuation Pause) 3628M->1451M(4096M) 114.410ms
[4449.087s][info][gc,cpu         ] GC(1284) User=0.68s Sys=0.00s Real=0.12s
..[4451.270s][info][gc,start       ] GC(1285) Pause Young (Mixed) (G1 Evacuation Pause)
[4451.270s][info][gc,task        ] GC(1285) Using 6 workers of 6 for evacuation
[4451.407s][info][gc,phases      ] GC(1285)   Pre Evacuate Collection Set: 0.36ms
[4451.407s][info][gc,phases      ] GC(1285)   Merge Heap Roots: 0.65ms
[4451.407s][info][gc,phases      ] GC(1285)   Evacuate Collection Set: 135.04ms
[4451.407s][info][gc,phases      ] GC(1285)   Post Evacuate Collection Set: 0.83ms
[4451.407s][info][gc,phases      ] GC(1285)   Other: 0.09ms
[4451.407s][info][gc,heap        ] GC(1285) Eden regions: 1109->0(1114)
[4451.407s][info][gc,heap        ] GC(1285) Survivor regions: 109->114(153)
[4451.407s][info][gc,heap        ] GC(1285) Old regions: 538->472
[4451.407s][info][gc,heap        ] GC(1285) Humongous regions: 80->80
[4451.407s][info][gc,metaspace   ] GC(1285) Metaspace: 28956K(29376K)->28956K(29376K) NonClass: 24085K(24256K)->24085K(24256K) Class: 4870K(5120K)->4870K(5120K)
[4451.407s][info][gc             ] GC(1285) Pause Young (Mixed) (G1 Evacuation Pause) 3669M->1330M(4096M) 137.096ms
[4451.407s][info][gc,cpu         ] GC(1285) User=0.81s Sys=0.00s Real=0.14s
..[4453.519s][info][gc,start       ] GC(1286) Pause Young (Concurrent Start) (G1 Evacuation Pause)
[4453.519s][info][gc,task        ] GC(1286) Using 6 workers of 6 for evacuation
[4453.641s][info][gc,phases      ] GC(1286)   Pre Evacuate Collection Set: 0.37ms
[4453.641s][info][gc,phases      ] GC(1286)   Merge Heap Roots: 0.45ms
[4453.641s][info][gc,phases      ] GC(1286)   Evacuate Collection Set: 120.60ms
[4453.641s][info][gc,phases      ] GC(1286)   Post Evacuate Collection Set: 0.92ms
[4453.641s][info][gc,phases      ] GC(1286)   Other: 0.10ms
[4453.641s][info][gc,heap        ] GC(1286) Eden regions: 1114->0(1113)
[4453.641s][info][gc,heap        ] GC(1286) Survivor regions: 114->115(154)
[4453.641s][info][gc,heap        ] GC(1286) Old regions: 472->504
[4453.641s][info][gc,heap        ] GC(1286) Humongous regions: 80->80
[4453.641s][info][gc,metaspace   ] GC(1286) Metaspace: 28956K(29376K)->28956K(29376K) NonClass: 24085K(24256K)->24085K(24256K) Class: 4870K(5120K)->4870K(5120K)
[4453.641s][info][gc             ] GC(1286) Pause Young (Concurrent Start) (G1 Evacuation Pause) 3558M->1397M(4096M) 122.578ms
[4453.641s][info][gc             ] GC(1287) Concurrent Mark Cycle
[4453.641s][info][gc,marking     ] GC(1287) Concurrent Scan Root Regions
[4453.641s][info][gc,cpu         ] GC(1286) User=0.73s Sys=0.00s Real=0.12s
[4453.859s][info][gc,marking     ] GC(1287) Concurrent Scan Root Regions 217.596ms
[4453.859s][info][gc,marking     ] GC(1287) Concurrent Mark
[4453.859s][info][gc,marking     ] GC(1287) Concurrent Mark From Roots
[4453.859s][info][gc,task        ] GC(1287) Using 2 workers of 2 for marking
.[4454.884s][info][gc,marking     ] GC(1287) Concurrent Mark From Roots 1025.284ms
[4454.886s][info][gc,marking     ] GC(1287) Concurrent Preclean
[4454.886s][info][gc,marking     ] GC(1287) Concurrent Preclean 0.144ms
[4454.886s][info][gc,start       ] GC(1287) Pause Remark
[4454.893s][info][gc             ] GC(1287) Pause Remark 2672M->2672M(4096M) 6.378ms
[4454.893s][info][gc,cpu         ] GC(1287) User=0.04s Sys=0.00s Real=0.00s
[4454.893s][info][gc,marking     ] GC(1287) Concurrent Mark 1034.318ms
[4454.893s][info][gc,marking     ] GC(1287) Concurrent Rebuild Remembered Sets and Scrub Regions
.[4455.228s][info][gc,marking     ] GC(1287) Concurrent Rebuild Remembered Sets and Scrub Regions 335.064ms
[4455.230s][info][gc,start       ] GC(1287) Pause Cleanup
[4455.230s][info][gc             ] GC(1287) Pause Cleanup 2987M->2987M(4096M) 0.123ms
[4455.230s][info][gc,cpu         ] GC(1287) User=0.00s Sys=0.00s Real=0.00s
[4455.230s][info][gc,marking     ] GC(1287) Concurrent Clear Claimed Marks
[4455.230s][info][gc,marking     ] GC(1287) Concurrent Clear Claimed Marks 0.041ms
[4455.230s][info][gc,marking     ] GC(1287) Concurrent Cleanup for Next Mark
[4455.234s][info][gc,marking     ] GC(1287) Concurrent Cleanup for Next Mark 4.579ms
[4455.234s][info][gc             ] GC(1287) Concurrent Mark Cycle 1593.244ms
[4455.879s][info][gc,start       ] GC(1288) Pause Young (Prepare Mixed) (G1 Evacuation Pause)
[4455.879s][info][gc,task        ] GC(1288) Using 6 workers of 6 for evacuation
[4455.995s][info][gc,phases      ] GC(1288)   Pre Evacuate Collection Set: 0.32ms
[4455.995s][info][gc,phases      ] GC(1288)   Merge Heap Roots: 0.53ms
[4455.995s][info][gc,phases      ] GC(1288)   Evacuate Collection Set: 113.66ms
[4455.995s][info][gc,phases      ] GC(1288)   Post Evacuate Collection Set: 0.90ms
[4455.995s][info][gc,phases      ] GC(1288)   Other: 0.09ms
[4455.995s][info][gc,heap        ] GC(1288) Eden regions: 1113->0(1115)
[4455.995s][info][gc,heap        ] GC(1288) Survivor regions: 115->107(154)
[4455.995s][info][gc,heap        ] GC(1288) Old regions: 504->536
[4455.995s][info][gc,heap        ] GC(1288) Humongous regions: 80->80
[4455.995s][info][gc,metaspace   ] GC(1288) Metaspace: 28956K(29376K)->28956K(29376K) NonClass: 24085K(24256K)->24085K(24256K) Class: 4870K(5120K)->4870K(5120K)
[4455.995s][info][gc             ] GC(1288) Pause Young (Prepare Mixed) (G1 Evacuation Pause) 3623M->1444M(4096M) 115.664ms
[4455.995s][info][gc,cpu         ] GC(1288) User=0.69s Sys=0.01s Real=0.12s
...[4458.188s][info][gc,start       ] GC(1289) Pause Young (Mixed) (G1 Evacuation Pause)
[4458.188s][info][gc,task        ] GC(1289) Using 6 workers of 6 for evacuation
[4458.320s][info][gc,phases      ] GC(1289)   Pre Evacuate Collection Set: 0.38ms
[4458.320s][info][gc,phases      ] GC(1289)   Merge Heap Roots: 0.69ms
[4458.320s][info][gc,phases      ] GC(1289)   Evacuate Collection Set: 129.89ms
[4458.320s][info][gc,phases      ] GC(1289)   Post Evacuate Collection Set: 0.93ms
[4458.320s][info][gc,phases      ] GC(1289)   Other: 0.09ms
[4458.320s][info][gc,heap        ] GC(1289) Eden regions: 1115->0(1119)
[4458.320s][info][gc,heap        ] GC(1289) Survivor regions: 107->109(153)
[4458.320s][info][gc,heap        ] GC(1289) Old regions: 536->472
[4458.320s][info][gc,heap        ] GC(1289) Humongous regions: 80->80
[4458.320s][info][gc,metaspace   ] GC(1289) Metaspace: 28956K(29376K)->28956K(29376K) NonClass: 24085K(24256K)->24085K(24256K) Class: 4870K(5120K)->4870K(5120K)
[4458.320s][info][gc             ] GC(1289) Pause Young (Mixed) (G1 Evacuation Pause) 3674M->1321M(4096M) 132.118ms
[4458.320s][info][gc,cpu         ] GC(1289) User=0.78s Sys=0.00s Real=0.13s
..[4460.432s][info][gc,start       ] GC(1290) Pause Young (Concurrent Start) (G1 Evacuation Pause)
[4460.432s][info][gc,task        ] GC(1290) Using 6 workers of 6 for evacuation
[4460.550s][info][gc,phases      ] GC(1290)   Pre Evacuate Collection Set: 0.35ms
[4460.550s][info][gc,phases      ] GC(1290)   Merge Heap Roots: 0.51ms
[4460.550s][info][gc,phases      ] GC(1290)   Evacuate Collection Set: 115.91ms
[4460.550s][info][gc,phases      ] GC(1290)   Post Evacuate Collection Set: 0.88ms
[4460.550s][info][gc,phases      ] GC(1290)   Other: 0.11ms
[4460.550s][info][gc,heap        ] GC(1290) Eden regions: 1119->0(1118)
[4460.550s][info][gc,heap        ] GC(1290) Survivor regions: 109->110(154)
[4460.550s][info][gc,heap        ] GC(1290) Old regions: 472->505
[4460.550s][info][gc,heap        ] GC(1290) Humongous regions: 80->80
[4460.550s][info][gc,metaspace   ] GC(1290) Metaspace: 28956K(29376K)->28956K(29376K) NonClass: 24085K(24256K)->24085K(24256K) Class: 4870K(5120K)->4870K(5120K)
[4460.550s][info][gc             ] GC(1290) Pause Young (Concurrent Start) (G1 Evacuation Pause) 3559M->1388M(4096M) 117.900ms
[4460.550s][info][gc             ] GC(1291) Concurrent Mark Cycle
[4460.550s][info][gc,marking     ] GC(1291) Concurrent Scan Root Regions
[4460.550s][info][gc,cpu         ] GC(1290) User=0.70s Sys=0.00s Real=0.12s
[4460.696s][info][gc,marking     ] GC(1291) Concurrent Scan Root Regions 146.376ms
[4460.696s][info][gc,marking     ] GC(1291) Concurrent Mark
[4460.696s][info][gc,marking     ] GC(1291) Concurrent Mark From Roots
[4460.696s][info][gc,task        ] GC(1291) Using 2 workers of 2 for marking
.[4461.426s][info][gc,marking     ] GC(1291) Concurrent Mark From Roots 729.715ms
[4461.426s][info][gc,marking     ] GC(1291) Concurrent Preclean
[4461.426s][info][gc,marking     ] GC(1291) Concurrent Preclean 0.140ms
[4461.428s][info][gc,start       ] GC(1291) Pause Remark
[4461.434s][info][gc             ] GC(1291) Pause Remark 2206M->2206M(4096M) 6.140ms
[4461.434s][info][gc,cpu         ] GC(1291) User=0.03s Sys=0.00s Real=0.01s
[4461.434s][info][gc,marking     ] GC(1291) Concurrent Mark 737.563ms
[4461.434s][info][gc,marking     ] GC(1291) Concurrent Rebuild Remembered Sets and Scrub Regions
[4461.831s][info][gc,marking     ] GC(1291) Concurrent Rebuild Remembered Sets and Scrub Regions 397.251ms
[4461.831s][info][gc,start       ] GC(1291) Pause Cleanup
[4461.832s][info][gc             ] GC(1291) Pause Cleanup 2586M->2586M(4096M) 0.118ms
[4461.832s][info][gc,cpu         ] GC(1291) User=0.00s Sys=0.00s Real=0.00s
[4461.833s][info][gc,marking     ] GC(1291) Concurrent Clear Claimed Marks
[4461.833s][info][gc,marking     ] GC(1291) Concurrent Clear Claimed Marks 0.040ms
[4461.833s][info][gc,marking     ] GC(1291) Concurrent Cleanup for Next Mark
[4461.848s][info][gc,marking     ] GC(1291) Concurrent Cleanup for Next Mark 15.656ms
[4461.848s][info][gc             ] GC(1291) Concurrent Mark Cycle 1298.393ms
.[4462.803s][info][gc,start       ] GC(1292) Pause Young (Prepare Mixed) (G1 Evacuation Pause)
[4462.803s][info][gc,task        ] GC(1292) Using 6 workers of 6 for evacuation
[4462.920s][info][gc,phases      ] GC(1292)   Pre Evacuate Collection Set: 0.30ms
[4462.920s][info][gc,phases      ] GC(1292)   Merge Heap Roots: 0.50ms
[4462.920s][info][gc,phases      ] GC(1292)   Evacuate Collection Set: 115.95ms
[4462.920s][info][gc,phases      ] GC(1292)   Post Evacuate Collection Set: 0.89ms
[4462.920s][info][gc,phases      ] GC(1292)   Other: 0.08ms
[4462.920s][info][gc,heap        ] GC(1292) Eden regions: 1118->0(1111)
[4462.920s][info][gc,heap        ] GC(1292) Survivor regions: 110->108(154)
[4462.920s][info][gc,heap        ] GC(1292) Old regions: 505->538
[4462.920s][info][gc,heap        ] GC(1292) Humongous regions: 80->80
[4462.920s][info][gc,metaspace   ] GC(1292) Metaspace: 28956K(29376K)->28956K(29376K) NonClass: 24085K(24256K)->24085K(24256K) Class: 4870K(5120K)->4870K(5120K)
[4462.920s][info][gc             ] GC(1292) Pause Young (Prepare Mixed) (G1 Evacuation Pause) 3624M->1450M(4096M) 117.847ms
[4462.920s][info][gc,cpu         ] GC(1292) User=0.70s Sys=0.00s Real=0.12s
...[4465.184s][info][gc,start       ] GC(1293) Pause Young (Mixed) (G1 Evacuation Pause)
[4465.184s][info][gc,task        ] GC(1293) Using 6 workers of 6 for evacuation
[4465.317s][info][gc,phases      ] GC(1293)   Pre Evacuate Collection Set: 0.36ms
[4465.317s][info][gc,phases      ] GC(1293)   Merge Heap Roots: 0.63ms
[4465.317s][info][gc,phases      ] GC(1293)   Evacuate Collection Set: 130.67ms
[4465.317s][info][gc,phases      ] GC(1293)   Post Evacuate Collection Set: 0.95ms
[4465.317s][info][gc,phases      ] GC(1293)   Other: 0.09ms
[4465.317s][info][gc,heap        ] GC(1293) Eden regions: 1111->0(1119)
[4465.317s][info][gc,heap        ] GC(1293) Survivor regions: 108->109(153)
[4465.317s][info][gc,heap        ] GC(1293) Old regions: 538->474
[4465.317s][info][gc,heap        ] GC(1293) Humongous regions: 80->80
[4465.317s][info][gc,metaspace   ] GC(1293) Metaspace: 28956K(29376K)->28956K(29376K) NonClass: 24085K(24256K)->24085K(24256K) Class: 4870K(5120K)->4870K(5120K)
[4465.317s][info][gc             ] GC(1293) Pause Young (Mixed) (G1 Evacuation Pause) 3672M->1324M(4096M) 132.832ms
[4465.317s][info][gc,cpu         ] GC(1293) User=0.80s Sys=0.00s Real=0.13s
..[4467.492s][info][gc,start       ] GC(1294) Pause Young (Concurrent Start) (G1 Evacuation Pause)
[4467.492s][info][gc,task        ] GC(1294) Using 6 workers of 6 for evacuation
[4467.610s][info][gc,phases      ] GC(1294)   Pre Evacuate Collection Set: 0.38ms
[4467.610s][info][gc,phases      ] GC(1294)   Merge Heap Roots: 0.49ms
[4467.610s][info][gc,phases      ] GC(1294)   Evacuate Collection Set: 116.24ms
[4467.610s][info][gc,phases      ] GC(1294)   Post Evacuate Collection Set: 0.85ms
[4467.610s][info][gc,phases      ] GC(1294)   Other: 0.11ms
[4467.610s][info][gc,heap        ] GC(1294) Eden regions: 1119->0(1118)
[4467.610s][info][gc,heap        ] GC(1294) Survivor regions: 109->110(154)
[4467.610s][info][gc,heap        ] GC(1294) Old regions: 474->506
[4467.610s][info][gc,heap        ] GC(1294) Humongous regions: 80->80
[4467.610s][info][gc,metaspace   ] GC(1294) Metaspace: 28956K(29376K)->28956K(29376K) NonClass: 24085K(24256K)->24085K(24256K) Class: 4870K(5120K)->4870K(5120K)
[4467.610s][info][gc             ] GC(1294) Pause Young (Concurrent Start) (G1 Evacuation Pause) 3562M->1391M(4096M) 118.206ms
[4467.610s][info][gc             ] GC(1295) Concurrent Mark Cycle
[4467.610s][info][gc,marking     ] GC(1295) Concurrent Scan Root Regions
[4467.610s][info][gc,cpu         ] GC(1294) User=0.70s Sys=0.00s Real=0.12s
[4467.833s][info][gc,marking     ] GC(1295) Concurrent Scan Root Regions 223.297ms
[4467.833s][info][gc,marking     ] GC(1295) Concurrent Mark
[4467.833s][info][gc,marking     ] GC(1295) Concurrent Mark From Roots
[4467.833s][info][gc,task        ] GC(1295) Using 2 workers of 2 for marking
.[4468.560s][info][gc,marking     ] GC(1295) Concurrent Mark From Roots 727.258ms
[4468.561s][info][gc,marking     ] GC(1295) Concurrent Preclean
[4468.561s][info][gc,marking     ] GC(1295) Concurrent Preclean 0.087ms
[4468.562s][info][gc,start       ] GC(1295) Pause Remark
[4468.567s][info][gc             ] GC(1295) Pause Remark 2303M->2303M(4096M) 4.418ms
[4468.567s][info][gc,cpu         ] GC(1295) User=0.02s Sys=0.00s Real=0.01s
[4468.567s][info][gc,marking     ] GC(1295) Concurrent Mark 733.846ms
[4468.567s][info][gc,marking     ] GC(1295) Concurrent Rebuild Remembered Sets and Scrub Regions
[4468.984s][info][gc,marking     ] GC(1295) Concurrent Rebuild Remembered Sets and Scrub Regions 416.927ms
[4468.985s][info][gc,start       ] GC(1295) Pause Cleanup
[4468.985s][info][gc             ] GC(1295) Pause Cleanup 2723M->2723M(4096M) 0.133ms
[4468.985s][info][gc,cpu         ] GC(1295) User=0.00s Sys=0.00s Real=0.00s
[4468.985s][info][gc,marking     ] GC(1295) Concurrent Clear Claimed Marks
[4468.985s][info][gc,marking     ] GC(1295) Concurrent Clear Claimed Marks 0.032ms
[4468.985s][info][gc,marking     ] GC(1295) Concurrent Cleanup for Next Mark
[4468.991s][info][gc,marking     ] GC(1295) Concurrent Cleanup for Next Mark 5.144ms
[4468.991s][info][gc             ] GC(1295) Concurrent Mark Cycle 1380.773ms
.[4469.921s][info][gc,start       ] GC(1296) Pause Young (Prepare Mixed) (G1 Evacuation Pause)
[4469.921s][info][gc,task        ] GC(1296) Using 6 workers of 6 for evacuation
[4470.038s][info][gc,phases      ] GC(1296)   Pre Evacuate Collection Set: 0.34ms
[4470.038s][info][gc,phases      ] GC(1296)   Merge Heap Roots: 0.52ms
[4470.038s][info][gc,phases      ] GC(1296)   Evacuate Collection Set: 115.25ms
[4470.038s][info][gc,phases      ] GC(1296)   Post Evacuate Collection Set: 0.90ms
[4470.038s][info][gc,phases      ] GC(1296)   Other: 0.09ms
[4470.038s][info][gc,heap        ] GC(1296) Eden regions: 1118->0(1109)
[4470.038s][info][gc,heap        ] GC(1296) Survivor regions: 110->109(154)
[4470.038s][info][gc,heap        ] GC(1296) Old regions: 506->538
[4470.038s][info][gc,heap        ] GC(1296) Humongous regions: 80->80
[4470.038s][info][gc,metaspace   ] GC(1296) Metaspace: 28956K(29376K)->28956K(29376K) NonClass: 24085K(24256K)->24085K(24256K) Class: 4870K(5120K)->4870K(5120K)
[4470.038s][info][gc             ] GC(1296) Pause Young (Prepare Mixed) (G1 Evacuation Pause) 3627M->1451M(4096M) 117.229ms
[4470.038s][info][gc,cpu         ] GC(1296) User=0.70s Sys=0.00s Real=0.12s
...[4472.238s][info][gc,start       ] GC(1297) Pause Young (Mixed) (G1 Evacuation Pause)
[4472.238s][info][gc,task        ] GC(1297) Using 6 workers of 6 for evacuation
[4472.378s][info][gc,phases      ] GC(1297)   Pre Evacuate Collection Set: 0.38ms
[4472.378s][info][gc,phases      ] GC(1297)   Merge Heap Roots: 0.77ms
[4472.378s][info][gc,phases      ] GC(1297)   Evacuate Collection Set: 137.41ms
[4472.378s][info][gc,phases      ] GC(1297)   Post Evacuate Collection Set: 0.94ms
[4472.378s][info][gc,phases      ] GC(1297)   Other: 0.09ms
[4472.378s][info][gc,heap        ] GC(1297) Eden regions: 1109->0(1116)
[4472.378s][info][gc,heap        ] GC(1297) Survivor regions: 109->112(153)
[4472.378s][info][gc,heap        ] GC(1297) Old regions: 538->474
[4472.378s][info][gc,heap        ] GC(1297) Humongous regions: 80->80
[4472.378s][info][gc,metaspace   ] GC(1297) Metaspace: 28956K(29376K)->28956K(29376K) NonClass: 24085K(24256K)->24085K(24256K) Class: 4870K(5120K)->4870K(5120K)
[4472.378s][info][gc             ] GC(1297) Pause Young (Mixed) (G1 Evacuation Pause) 3669M->1329M(4096M) 139.713ms
[4472.378s][info][gc,cpu         ] GC(1297) User=0.84s Sys=0.00s Real=0.14s
..[4474.582s][info][gc,start       ] GC(1298) Pause Young (Concurrent Start) (G1 Evacuation Pause)
[4474.582s][info][gc,task        ] GC(1298) Using 6 workers of 6 for evacuation
[4474.701s][info][gc,phases      ] GC(1298)   Pre Evacuate Collection Set: 0.33ms
[4474.701s][info][gc,phases      ] GC(1298)   Merge Heap Roots: 0.48ms
[4474.701s][info][gc,phases      ] GC(1298)   Evacuate Collection Set: 117.27ms
[4474.701s][info][gc,phases      ] GC(1298)   Post Evacuate Collection Set: 0.87ms
[4474.701s][info][gc,phases      ] GC(1298)   Other: 0.12ms
[4474.701s][info][gc,heap        ] GC(1298) Eden regions: 1116->0(1116)
[4474.701s][info][gc,heap        ] GC(1298) Survivor regions: 112->112(154)
[4474.701s][info][gc,heap        ] GC(1298) Old regions: 474->506
[4474.701s][info][gc,heap        ] GC(1298) Humongous regions: 80->80
[4474.701s][info][gc,metaspace   ] GC(1298) Metaspace: 28956K(29376K)->28956K(29376K) NonClass: 24085K(24256K)->24085K(24256K) Class: 4870K(5120K)->4870K(5120K)
[4474.701s][info][gc             ] GC(1298) Pause Young (Concurrent Start) (G1 Evacuation Pause) 3561M->1394M(4096M) 119.195ms
[4474.701s][info][gc             ] GC(1299) Concurrent Mark Cycle
[4474.701s][info][gc,marking     ] GC(1299) Concurrent Scan Root Regions
[4474.701s][info][gc,cpu         ] GC(1298) User=0.71s Sys=0.00s Real=0.12s
[4474.894s][info][gc,marking     ] GC(1299) Concurrent Scan Root Regions 192.838ms
[4474.894s][info][gc,marking     ] GC(1299) Concurrent Mark
[4474.894s][info][gc,marking     ] GC(1299) Concurrent Mark From Roots
[4474.894s][info][gc,task        ] GC(1299) Using 2 workers of 2 for marking
. (rIR:aIR:PR = 8025:7997:7998) (tPR = 118824) [OK] 
  4475s: Performance info:
         Transaction,    Success,    Partial,     Failed,   Receipts, AvgBarcode, 
             Overall,     487780,          0,          0,     463313,      59.47, 
         Response times:
             Request,    Success,    Partial,     Failed,   SkipFail,     Probes,    Samples,      min,      p50,      p90,      p95,      p99,      max, 
       TotalPurchase,     463279,          0,          0,          0,     360794,     423246,      300,     6600,    90000,   120000,   172000,   515000,
     InStorePurchase,     243312,          0,          0,          0,     189869,     222800,      300,     6500,    89000,   119000,   171000,   515000,
      OnlinePurchase,     171049,          0,          0,          0,     133016,     155765,      300,     6600,    90000,   121000,   172000,   293000,
        InstPurchase,      48918,          0,          0,          0,      37909,      44681,      400,     7200,    93000,   124000,   172000,   293000,
          AssocOfCat,        490,          0,          0,          0,        410,        596,    27000,    46000,   145900,   176300,   215180,   272000,
      AssocOfProduct,       4905,          0,          0,          0,       3413,       4270,      400,     7800,    93000,   124000,   177290,   467000,
      BusinessReport,       1223,          0,          0,          0,       1100,       1411,    26000,    51000,   166800,   188000,   233880,   387000,
          CustBuyBeh,       4890,          0,          0,          0,       3330,       4034,      200,     6900,    88000,   120000,   175650,   300000,
       ProductReturn,      12936,          0,          0,          0,       9957,      11966,      200,     6800,    93000,   121000,   167000,   296000,

  4475s: (59%)   IR =   8164 [4476.064s][info][gc,marking     ] GC(1299) Concurrent Mark From Roots 1169.815ms
[4476.064s][info][gc,marking     ] GC(1299) Concurrent Preclean
[4476.064s][info][gc,marking     ] GC(1299) Concurrent Preclean 0.129ms
[4476.067s][info][gc,start       ] GC(1299) Pause Remark
[4476.073s][info][gc             ] GC(1299) Pause Remark 2682M->2682M(4096M) 6.203ms
[4476.073s][info][gc,cpu         ] GC(1299) User=0.03s Sys=0.00s Real=0.00s
[4476.074s][info][gc,marking     ] GC(1299) Concurrent Mark 1180.029ms
[4476.074s][info][gc,marking     ] GC(1299) Concurrent Rebuild Remembered Sets and Scrub Regions
[4476.413s][info][gc,marking     ] GC(1299) Concurrent Rebuild Remembered Sets and Scrub Regions 338.916ms
[4476.415s][info][gc,start       ] GC(1299) Pause Cleanup
[4476.415s][info][gc             ] GC(1299) Pause Cleanup 3032M->3032M(4096M) 0.133ms
[4476.415s][info][gc,cpu         ] GC(1299) User=0.00s Sys=0.00s Real=0.00s
[4476.415s][info][gc,marking     ] GC(1299) Concurrent Clear Claimed Marks
[4476.415s][info][gc,marking     ] GC(1299) Concurrent Clear Claimed Marks 0.033ms
[4476.415s][info][gc,marking     ] GC(1299) Concurrent Cleanup for Next Mark
[4476.420s][info][gc,marking     ] GC(1299) Concurrent Cleanup for Next Mark 4.803ms
[4476.420s][info][gc             ] GC(1299) Concurrent Mark Cycle 1719.063ms
.[4476.962s][info][gc,start       ] GC(1300) Pause Young (Prepare Mixed) (G1 Evacuation Pause)
[4476.962s][info][gc,task        ] GC(1300) Using 6 workers of 6 for evacuation
[4477.079s][info][gc,phases      ] GC(1300)   Pre Evacuate Collection Set: 0.33ms
[4477.079s][info][gc,phases      ] GC(1300)   Merge Heap Roots: 0.54ms
[4477.079s][info][gc,phases      ] GC(1300)   Evacuate Collection Set: 114.93ms
[4477.079s][info][gc,phases      ] GC(1300)   Post Evacuate Collection Set: 0.94ms
[4477.079s][info][gc,phases      ] GC(1300)   Other: 0.09ms
[4477.079s][info][gc,heap        ] GC(1300) Eden regions: 1116->0(1107)
[4477.079s][info][gc,heap        ] GC(1300) Survivor regions: 112->110(154)
[4477.079s][info][gc,heap        ] GC(1300) Old regions: 506->538
[4477.079s][info][gc,heap        ] GC(1300) Humongous regions: 80->80
[4477.079s][info][gc,metaspace   ] GC(1300) Metaspace: 28957K(29376K)->28957K(29376K) NonClass: 24086K(24256K)->24086K(24256K) Class: 4870K(5120K)->4870K(5120K)
[4477.079s][info][gc             ] GC(1300) Pause Young (Prepare Mixed) (G1 Evacuation Pause) 3626M->1453M(4096M) 116.949ms
[4477.079s][info][gc,cpu         ] GC(1300) User=0.69s Sys=0.00s Real=0.12s
..[4479.243s][info][gc,start       ] GC(1301) Pause Young (Mixed) (G1 Evacuation Pause)
[4479.243s][info][gc,task        ] GC(1301) Using 6 workers of 6 for evacuation
[4479.374s][info][gc,phases      ] GC(1301)   Pre Evacuate Collection Set: 0.35ms
[4479.374s][info][gc,phases      ] GC(1301)   Merge Heap Roots: 0.61ms
[4479.374s][info][gc,phases      ] GC(1301)   Evacuate Collection Set: 129.09ms
[4479.374s][info][gc,phases      ] GC(1301)   Post Evacuate Collection Set: 0.93ms
[4479.374s][info][gc,phases      ] GC(1301)   Other: 0.09ms
[4479.374s][info][gc,heap        ] GC(1301) Eden regions: 1107->0(1119)
[4479.374s][info][gc,heap        ] GC(1301) Survivor regions: 110->109(153)
[4479.374s][info][gc,heap        ] GC(1301) Old regions: 538->477
[4479.374s][info][gc,heap        ] GC(1301) Humongous regions: 80->80
[4479.374s][info][gc,metaspace   ] GC(1301) Metaspace: 28957K(29376K)->28957K(29376K) NonClass: 24086K(24256K)->24086K(24256K) Class: 4870K(5120K)->4870K(5120K)
[4479.374s][info][gc             ] GC(1301) Pause Young (Mixed) (G1 Evacuation Pause) 3667M->1329M(4096M) 131.197ms
[4479.374s][info][gc,cpu         ] GC(1301) User=0.78s Sys=0.00s Real=0.14s
..[4481.503s][info][gc,start       ] GC(1302) Pause Young (Concurrent Start) (G1 Evacuation Pause)
[4481.504s][info][gc,task        ] GC(1302) Using 6 workers of 6 for evacuation
[4481.619s][info][gc,phases      ] GC(1302)   Pre Evacuate Collection Set: 0.39ms
[4481.619s][info][gc,phases      ] GC(1302)   Merge Heap Roots: 0.49ms
[4481.619s][info][gc,phases      ] GC(1302)   Evacuate Collection Set: 113.61ms
[4481.619s][info][gc,phases      ] GC(1302)   Post Evacuate Collection Set: 0.86ms
[4481.619s][info][gc,phases      ] GC(1302)   Other: 0.13ms
[4481.619s][info][gc,heap        ] GC(1302) Eden regions: 1119->0(1118)
[4481.619s][info][gc,heap        ] GC(1302) Survivor regions: 109->110(154)
[4481.619s][info][gc,heap        ] GC(1302) Old regions: 477->507
[4481.619s][info][gc,heap        ] GC(1302) Humongous regions: 80->80
[4481.619s][info][gc,metaspace   ] GC(1302) Metaspace: 28957K(29376K)->28957K(29376K) NonClass: 24086K(24256K)->24086K(24256K) Class: 4870K(5120K)->4870K(5120K)
[4481.619s][info][gc             ] GC(1302) Pause Young (Concurrent Start) (G1 Evacuation Pause) 3567M->1392M(4096M) 115.613ms
[4481.619s][info][gc             ] GC(1303) Concurrent Mark Cycle
[4481.619s][info][gc,marking     ] GC(1303) Concurrent Scan Root Regions
[4481.619s][info][gc,cpu         ] GC(1302) User=0.68s Sys=0.00s Real=0.11s
[4481.807s][info][gc,marking     ] GC(1303) Concurrent Scan Root Regions 188.192ms
[4481.807s][info][gc,marking     ] GC(1303) Concurrent Mark
[4481.807s][info][gc,marking     ] GC(1303) Concurrent Mark From Roots
[4481.807s][info][gc,task        ] GC(1303) Using 2 workers of 2 for marking
.[4482.808s][info][gc,marking     ] GC(1303) Concurrent Mark From Roots 1000.923ms
[4482.808s][info][gc,marking     ] GC(1303) Concurrent Preclean
[4482.809s][info][gc,marking     ] GC(1303) Concurrent Preclean 0.154ms
[4482.809s][info][gc,start       ] GC(1303) Pause Remark
[4482.815s][info][gc             ] GC(1303) Pause Remark 2587M->2587M(4096M) 5.456ms
[4482.815s][info][gc,cpu         ] GC(1303) User=0.03s Sys=0.00s Real=0.01s
[4482.815s][info][gc,marking     ] GC(1303) Concurrent Mark 1007.811ms
[4482.815s][info][gc,marking     ] GC(1303) Concurrent Rebuild Remembered Sets and Scrub Regions
.[4483.204s][info][gc,marking     ] GC(1303) Concurrent Rebuild Remembered Sets and Scrub Regions 388.732ms
[4483.206s][info][gc,start       ] GC(1303) Pause Cleanup
[4483.206s][info][gc             ] GC(1303) Pause Cleanup 2994M->2994M(4096M) 0.131ms
[4483.206s][info][gc,cpu         ] GC(1303) User=0.00s Sys=0.00s Real=0.00s
[4483.206s][info][gc,marking     ] GC(1303) Concurrent Clear Claimed Marks
[4483.206s][info][gc,marking     ] GC(1303) Concurrent Clear Claimed Marks 0.040ms
[4483.206s][info][gc,marking     ] GC(1303) Concurrent Cleanup for Next Mark
[4483.211s][info][gc,marking     ] GC(1303) Concurrent Cleanup for Next Mark 4.810ms
[4483.211s][info][gc             ] GC(1303) Concurrent Mark Cycle 1591.898ms
[4483.737s][info][gc,start       ] GC(1304) Pause Young (Prepare Mixed) (G1 Evacuation Pause)
[4483.737s][info][gc,task        ] GC(1304) Using 6 workers of 6 for evacuation
[4483.853s][info][gc,phases      ] GC(1304)   Pre Evacuate Collection Set: 0.31ms
[4483.853s][info][gc,phases      ] GC(1304)   Merge Heap Roots: 0.47ms
[4483.853s][info][gc,phases      ] GC(1304)   Evacuate Collection Set: 114.11ms
[4483.853s][info][gc,phases      ] GC(1304)   Post Evacuate Collection Set: 0.93ms
[4483.853s][info][gc,phases      ] GC(1304)   Other: 0.09ms
[4483.853s][info][gc,heap        ] GC(1304) Eden regions: 1118->0(1109)
[4483.853s][info][gc,heap        ] GC(1304) Survivor regions: 110->109(154)
[4483.853s][info][gc,heap        ] GC(1304) Old regions: 507->538
[4483.853s][info][gc,heap        ] GC(1304) Humongous regions: 80->80
[4483.853s][info][gc,metaspace   ] GC(1304) Metaspace: 28957K(29376K)->28957K(29376K) NonClass: 24086K(24256K)->24086K(24256K) Class: 4870K(5120K)->4870K(5120K)
[4483.853s][info][gc             ] GC(1304) Pause Young (Prepare Mixed) (G1 Evacuation Pause) 3628M->1451M(4096M) 116.043ms
[4483.853s][info][gc,cpu         ] GC(1304) User=0.69s Sys=0.00s Real=0.12s
...[4486.020s][info][gc,start       ] GC(1305) Pause Young (Mixed) (G1 Evacuation Pause)
[4486.020s][info][gc,task        ] GC(1305) Using 6 workers of 6 for evacuation
[4486.159s][info][gc,phases      ] GC(1305)   Pre Evacuate Collection Set: 0.38ms
[4486.159s][info][gc,phases      ] GC(1305)   Merge Heap Roots: 0.78ms
[4486.159s][info][gc,phases      ] GC(1305)   Evacuate Collection Set: 136.85ms
[4486.159s][info][gc,phases      ] GC(1305)   Post Evacuate Collection Set: 0.81ms
[4486.159s][info][gc,phases      ] GC(1305)   Other: 0.09ms
[4486.159s][info][gc,heap        ] GC(1305) Eden regions: 1109->0(1117)
[4486.159s][info][gc,heap        ] GC(1305) Survivor regions: 109->111(153)
[4486.159s][info][gc,heap        ] GC(1305) Old regions: 538->473
[4486.159s][info][gc,heap        ] GC(1305) Humongous regions: 80->80
[4486.159s][info][gc,metaspace   ] GC(1305) Metaspace: 28957K(29376K)->28957K(29376K) NonClass: 24086K(24256K)->24086K(24256K) Class: 4870K(5120K)->4870K(5120K)
[4486.159s][info][gc             ] GC(1305) Pause Young (Mixed) (G1 Evacuation Pause) 3669M->1326M(4096M) 139.049ms
[4486.159s][info][gc,cpu         ] GC(1305) User=0.83s Sys=0.00s Real=0.14s
..[4488.301s][info][gc,start       ] GC(1306) Pause Young (Concurrent Start) (G1 Evacuation Pause)
[4488.302s][info][gc,task        ] GC(1306) Using 6 workers of 6 for evacuation
[4488.420s][info][gc,phases      ] GC(1306)   Pre Evacuate Collection Set: 0.37ms
[4488.420s][info][gc,phases      ] GC(1306)   Merge Heap Roots: 0.47ms
[4488.420s][info][gc,phases      ] GC(1306)   Evacuate Collection Set: 116.41ms
[4488.420s][info][gc,phases      ] GC(1306)   Post Evacuate Collection Set: 0.87ms
[4488.420s][info][gc,phases      ] GC(1306)   Other: 0.13ms
[4488.420s][info][gc,heap        ] GC(1306) Eden regions: 1117->0(1117)
[4488.420s][info][gc,heap        ] GC(1306) Survivor regions: 111->111(154)
[4488.420s][info][gc,heap        ] GC(1306) Old regions: 473->505
[4488.420s][info][gc,heap        ] GC(1306) Humongous regions: 80->80
[4488.420s][info][gc,metaspace   ] GC(1306) Metaspace: 28957K(29376K)->28957K(29376K) NonClass: 24086K(24256K)->24086K(24256K) Class: 4870K(5120K)->4870K(5120K)
[4488.420s][info][gc             ] GC(1306) Pause Young (Concurrent Start) (G1 Evacuation Pause) 3560M->1389M(4096M) 118.371ms
[4488.420s][info][gc             ] GC(1307) Concurrent Mark Cycle
[4488.420s][info][gc,marking     ] GC(1307) Concurrent Scan Root Regions
[4488.420s][info][gc,cpu         ] GC(1306) User=0.70s Sys=0.00s Real=0.12s
[4488.608s][info][gc,marking     ] GC(1307) Concurrent Scan Root Regions 187.698ms
[4488.608s][info][gc,marking     ] GC(1307) Concurrent Mark
[4488.608s][info][gc,marking     ] GC(1307) Concurrent Mark From Roots
[4488.608s][info][gc,task        ] GC(1307) Using 2 workers of 2 for marking
.[4489.568s][info][gc,marking     ] GC(1307) Concurrent Mark From Roots 960.578ms
[4489.568s][info][gc,marking     ] GC(1307) Concurrent Preclean
[4489.568s][info][gc,marking     ] GC(1307) Concurrent Preclean 0.167ms
[4489.570s][info][gc,start       ] GC(1307) Pause Remark
[4489.573s][info][gc             ] GC(1307) Pause Remark 2513M->2513M(4096M) 3.020ms
[4489.573s][info][gc,cpu         ] GC(1307) User=0.01s Sys=0.00s Real=0.00s
[4489.574s][info][gc,marking     ] GC(1307) Concurrent Mark 966.078ms
[4489.574s][info][gc,marking     ] GC(1307) Concurrent Rebuild Remembered Sets and Scrub Regions
[4489.948s][info][gc,marking     ] GC(1307) Concurrent Rebuild Remembered Sets and Scrub Regions 374.174ms
[4489.950s][info][gc,start       ] GC(1307) Pause Cleanup
[4489.950s][info][gc             ] GC(1307) Pause Cleanup 2901M->2901M(4096M) 0.129ms
[4489.950s][info][gc,cpu         ] GC(1307) User=0.00s Sys=0.00s Real=0.00s
[4489.950s][info][gc,marking     ] GC(1307) Concurrent Clear Claimed Marks
[4489.950s][info][gc,marking     ] GC(1307) Concurrent Clear Claimed Marks 0.036ms
[4489.950s][info][gc,marking     ] GC(1307) Concurrent Cleanup for Next Mark
[4489.956s][info][gc,marking     ] GC(1307) Concurrent Cleanup for Next Mark 5.909ms
[4489.956s][info][gc             ] GC(1307) Concurrent Mark Cycle 1536.052ms
.[4490.712s][info][gc,start       ] GC(1308) Pause Young (Prepare Mixed) (G1 Evacuation Pause)
[4490.712s][info][gc,task        ] GC(1308) Using 6 workers of 6 for evacuation
[4490.828s][info][gc,phases      ] GC(1308)   Pre Evacuate Collection Set: 0.30ms
[4490.828s][info][gc,phases      ] GC(1308)   Merge Heap Roots: 0.49ms
[4490.828s][info][gc,phases      ] GC(1308)   Evacuate Collection Set: 115.04ms
[4490.828s][info][gc,phases      ] GC(1308)   Post Evacuate Collection Set: 0.91ms
[4490.828s][info][gc,phases      ] GC(1308)   Other: 0.09ms
[4490.828s][info][gc,heap        ] GC(1308) Eden regions: 1117->0(1110)
[4490.828s][info][gc,heap        ] GC(1308) Survivor regions: 111->109(154)
[4490.828s][info][gc,heap        ] GC(1308) Old regions: 505->537
[4490.828s][info][gc,heap        ] GC(1308) Humongous regions: 80->80
[4490.829s][info][gc,metaspace   ] GC(1308) Metaspace: 28957K(29376K)->28957K(29376K) NonClass: 24086K(24256K)->24086K(24256K) Class: 4870K(5120K)->4870K(5120K)
[4490.829s][info][gc             ] GC(1308) Pause Young (Prepare Mixed) (G1 Evacuation Pause) 3623M->1450M(4096M) 116.970ms
[4490.829s][info][gc,cpu         ] GC(1308) User=0.69s Sys=0.00s Real=0.12s
.|.[4492.977s][info][gc,start       ] GC(1309) Pause Young (Mixed) (G1 Evacuation Pause)
[4492.977s][info][gc,task        ] GC(1309) Using 6 workers of 6 for evacuation
[4493.106s][info][gc,phases      ] GC(1309)   Pre Evacuate Collection Set: 0.38ms
[4493.106s][info][gc,phases      ] GC(1309)   Merge Heap Roots: 0.67ms
[4493.106s][info][gc,phases      ] GC(1309)   Evacuate Collection Set: 126.77ms
[4493.106s][info][gc,phases      ] GC(1309)   Post Evacuate Collection Set: 0.92ms
[4493.106s][info][gc,phases      ] GC(1309)   Other: 0.09ms
[4493.106s][info][gc,heap        ] GC(1309) Eden regions: 1110->0(1120)
[4493.106s][info][gc,heap        ] GC(1309) Survivor regions: 109->108(153)
[4493.106s][info][gc,heap        ] GC(1309) Old regions: 537->474
[4493.106s][info][gc,heap        ] GC(1309) Humongous regions: 80->80
[4493.106s][info][gc,metaspace   ] GC(1309) Metaspace: 28957K(29376K)->28957K(29376K) NonClass: 24086K(24256K)->24086K(24256K) Class: 4870K(5120K)->4870K(5120K)
[4493.106s][info][gc             ] GC(1309) Pause Young (Mixed) (G1 Evacuation Pause) 3670M->1322M(4096M) 128.969ms
[4493.106s][info][gc,cpu         ] GC(1309) User=0.77s Sys=0.00s Real=0.13s
...[4495.247s][info][gc,start       ] GC(1310) Pause Young (Concurrent Start) (G1 Evacuation Pause)
[4495.247s][info][gc,task        ] GC(1310) Using 6 workers of 6 for evacuation
[4495.366s][info][gc,phases      ] GC(1310)   Pre Evacuate Collection Set: 0.37ms
[4495.366s][info][gc,phases      ] GC(1310)   Merge Heap Roots: 0.46ms
[4495.366s][info][gc,phases      ] GC(1310)   Evacuate Collection Set: 117.34ms
[4495.366s][info][gc,phases      ] GC(1310)   Post Evacuate Collection Set: 0.87ms
[4495.366s][info][gc,phases      ] GC(1310)   Other: 0.13ms
[4495.366s][info][gc,heap        ] GC(1310) Eden regions: 1120->0(1117)
[4495.366s][info][gc,heap        ] GC(1310) Survivor regions: 108->111(154)
[4495.366s][info][gc,heap        ] GC(1310) Old regions: 474->506
[4495.366s][info][gc,heap        ] GC(1310) Humongous regions: 80->80
[4495.366s][info][gc,metaspace   ] GC(1310) Metaspace: 28957K(29376K)->28957K(29376K) NonClass: 24086K(24256K)->24086K(24256K) Class: 4870K(5120K)->4870K(5120K)
[4495.366s][info][gc             ] GC(1310) Pause Young (Concurrent Start) (G1 Evacuation Pause) 3562M->1393M(4096M) 119.323ms
[4495.366s][info][gc             ] GC(1311) Concurrent Mark Cycle
[4495.366s][info][gc,marking     ] GC(1311) Concurrent Scan Root Regions
[4495.366s][info][gc,cpu         ] GC(1310) User=0.71s Sys=0.00s Real=0.12s
[4495.553s][info][gc,marking     ] GC(1311) Concurrent Scan Root Regions 187.227ms
[4495.553s][info][gc,marking     ] GC(1311) Concurrent Mark
[4495.553s][info][gc,marking     ] GC(1311) Concurrent Mark From Roots
[4495.553s][info][gc,task        ] GC(1311) Using 2 workers of 2 for marking
.[4496.262s][info][gc,marking     ] GC(1311) Concurrent Mark From Roots 709.042ms
[4496.263s][info][gc,marking     ] GC(1311) Concurrent Preclean
[4496.263s][info][gc,marking     ] GC(1311) Concurrent Preclean 0.161ms
[4496.264s][info][gc,start       ] GC(1311) Pause Remark
[4496.269s][info][gc             ] GC(1311) Pause Remark 2241M->2241M(4096M) 4.252ms
[4496.269s][info][gc,cpu         ] GC(1311) User=0.02s Sys=0.00s Real=0.00s
[4496.269s][info][gc,marking     ] GC(1311) Concurrent Mark 715.310ms
[4496.269s][info][gc,marking     ] GC(1311) Concurrent Rebuild Remembered Sets and Scrub Regions
[4496.556s][info][gc,marking     ] GC(1311) Concurrent Rebuild Remembered Sets and Scrub Regions 287.354ms
[4496.557s][info][gc,start       ] GC(1311) Pause Cleanup
[4496.558s][info][gc             ] GC(1311) Pause Cleanup 2553M->2553M(4096M) 0.131ms
[4496.558s][info][gc,cpu         ] GC(1311) User=0.00s Sys=0.00s Real=0.00s
[4496.558s][info][gc,marking     ] GC(1311) Concurrent Clear Claimed Marks
[4496.558s][info][gc,marking     ] GC(1311) Concurrent Clear Claimed Marks 0.038ms
[4496.558s][info][gc,marking     ] GC(1311) Concurrent Cleanup for Next Mark
[4496.564s][info][gc,marking     ] GC(1311) Concurrent Cleanup for Next Mark 6.551ms
[4496.564s][info][gc             ] GC(1311) Concurrent Mark Cycle 1198.264ms
.[4497.549s][info][gc,start       ] GC(1312) Pause Young (Prepare Mixed) (G1 Evacuation Pause)
[4497.549s][info][gc,task        ] GC(1312) Using 6 workers of 6 for evacuation
[4497.669s][info][gc,phases      ] GC(1312)   Pre Evacuate Collection Set: 0.32ms
[4497.669s][info][gc,phases      ] GC(1312)   Merge Heap Roots: 0.50ms
[4497.669s][info][gc,phases      ] GC(1312)   Evacuate Collection Set: 118.49ms
[4497.669s][info][gc,phases      ] GC(1312)   Post Evacuate Collection Set: 0.91ms
[4497.669s][info][gc,phases      ] GC(1312)   Other: 0.08ms
[4497.669s][info][gc,heap        ] GC(1312) Eden regions: 1117->0(1101)
[4497.669s][info][gc,heap        ] GC(1312) Survivor regions: 111->113(154)
[4497.669s][info][gc,heap        ] GC(1312) Old regions: 506->538
[4497.669s][info][gc,heap        ] GC(1312) Humongous regions: 80->80
[4497.669s][info][gc,metaspace   ] GC(1312) Metaspace: 28957K(29376K)->28957K(29376K) NonClass: 24086K(24256K)->24086K(24256K) Class: 4870K(5120K)->4870K(5120K)
[4497.669s][info][gc             ] GC(1312) Pause Young (Prepare Mixed) (G1 Evacuation Pause) 3627M->1460M(4096M) 120.443ms
[4497.669s][info][gc,cpu         ] GC(1312) User=0.72s Sys=0.00s Real=0.12s
..[4499.838s][info][gc,start       ] GC(1313) Pause Young (Mixed) (G1 Evacuation Pause)
[4499.838s][info][gc,task        ] GC(1313) Using 6 workers of 6 for evacuation
[4499.972s][info][gc,phases      ] GC(1313)   Pre Evacuate Collection Set: 0.33ms
[4499.972s][info][gc,phases      ] GC(1313)   Merge Heap Roots: 0.73ms
[4499.972s][info][gc,phases      ] GC(1313)   Evacuate Collection Set: 131.74ms
[4499.972s][info][gc,phases      ] GC(1313)   Post Evacuate Collection Set: 0.93ms
[4499.972s][info][gc,phases      ] GC(1313)   Other: 0.10ms
[4499.972s][info][gc,heap        ] GC(1313) Eden regions: 1101->0(1119)
[4499.972s][info][gc,heap        ] GC(1313) Survivor regions: 113->109(152)
[4499.972s][info][gc,heap        ] GC(1313) Old regions: 538->474
[4499.972s][info][gc,heap        ] GC(1313) Humongous regions: 80->80
[4499.972s][info][gc,metaspace   ] GC(1313) Metaspace: 28957K(29376K)->28957K(29376K) NonClass: 24086K(24256K)->24086K(24256K) Class: 4870K(5120K)->4870K(5120K)
[4499.972s][info][gc             ] GC(1313) Pause Young (Mixed) (G1 Evacuation Pause) 3662M->1325M(4096M) 133.961ms
[4499.972s][info][gc,cpu         ] GC(1313) User=0.79s Sys=0.00s Real=0.13s
..[4502.145s][info][gc,start       ] GC(1314) Pause Young (Concurrent Start) (G1 Evacuation Pause)
[4502.145s][info][gc,task        ] GC(1314) Using 6 workers of 6 for evacuation
[4502.263s][info][gc,phases      ] GC(1314)   Pre Evacuate Collection Set: 0.35ms
[4502.263s][info][gc,phases      ] GC(1314)   Merge Heap Roots: 0.47ms
[4502.263s][info][gc,phases      ] GC(1314)   Evacuate Collection Set: 116.17ms
[4502.263s][info][gc,phases      ] GC(1314)   Post Evacuate Collection Set: 0.88ms
[4502.263s][info][gc,phases      ] GC(1314)   Other: 0.10ms
[4502.263s][info][gc,heap        ] GC(1314) Eden regions: 1119->0(1116)
[4502.263s][info][gc,heap        ] GC(1314) Survivor regions: 109->112(154)
[4502.263s][info][gc,heap        ] GC(1314) Old regions: 474->506
[4502.263s][info][gc,heap        ] GC(1314) Humongous regions: 80->80
[4502.263s][info][gc,metaspace   ] GC(1314) Metaspace: 28957K(29376K)->28957K(29376K) NonClass: 24086K(24256K)->24086K(24256K) Class: 4870K(5120K)->4870K(5120K)
[4502.263s][info][gc             ] GC(1314) Pause Young (Concurrent Start) (G1 Evacuation Pause) 3563M->1395M(4096M) 118.106ms
[4502.263s][info][gc             ] GC(1315) Concurrent Mark Cycle
[4502.263s][info][gc,marking     ] GC(1315) Concurrent Scan Root Regions
[4502.263s][info][gc,cpu         ] GC(1314) User=0.71s Sys=0.00s Real=0.11s
.[4502.427s][info][gc,marking     ] GC(1315) Concurrent Scan Root Regions 163.988ms
[4502.427s][info][gc,marking     ] GC(1315) Concurrent Mark
[4502.427s][info][gc,marking     ] GC(1315) Concurrent Mark From Roots
[4502.427s][info][gc,task        ] GC(1315) Using 2 workers of 2 for marking
[4503.149s][info][gc,marking     ] GC(1315) Concurrent Mark From Roots 722.091ms
[4503.149s][info][gc,marking     ] GC(1315) Concurrent Preclean
[4503.149s][info][gc,marking     ] GC(1315) Concurrent Preclean 0.117ms
[4503.151s][info][gc,start       ] GC(1315) Pause Remark
[4503.155s][info][gc             ] GC(1315) Pause Remark 2213M->2213M(4096M) 4.544ms
[4503.155s][info][gc,cpu         ] GC(1315) User=0.02s Sys=0.00s Real=0.01s
[4503.155s][info][gc,marking     ] GC(1315) Concurrent Mark 728.520ms
[4503.155s][info][gc,marking     ] GC(1315) Concurrent Rebuild Remembered Sets and Scrub Regions
.[4503.367s][info][gc,marking     ] GC(1315) Concurrent Rebuild Remembered Sets and Scrub Regions 211.756ms
[4503.367s][info][gc,start       ] GC(1315) Pause Cleanup
[4503.367s][info][gc             ] GC(1315) Pause Cleanup 2423M->2423M(4096M) 0.121ms
[4503.367s][info][gc,cpu         ] GC(1315) User=0.00s Sys=0.00s Real=0.00s
[4503.367s][info][gc,marking     ] GC(1315) Concurrent Clear Claimed Marks
[4503.367s][info][gc,marking     ] GC(1315) Concurrent Clear Claimed Marks 0.024ms
[4503.367s][info][gc,marking     ] GC(1315) Concurrent Cleanup for Next Mark
[4503.372s][info][gc,marking     ] GC(1315) Concurrent Cleanup for Next Mark 4.731ms
[4503.372s][info][gc             ] GC(1315) Concurrent Mark Cycle 1109.497ms
.[4504.373s][info][gc,start       ] GC(1316) Pause Young (Prepare Mixed) (G1 Evacuation Pause)
[4504.373s][info][gc,task        ] GC(1316) Using 6 workers of 6 for evacuation
[4504.491s][info][gc,phases      ] GC(1316)   Pre Evacuate Collection Set: 0.35ms
[4504.491s][info][gc,phases      ] GC(1316)   Merge Heap Roots: 0.51ms
[4504.491s][info][gc,phases      ] GC(1316)   Evacuate Collection Set: 116.12ms
[4504.491s][info][gc,phases      ] GC(1316)   Post Evacuate Collection Set: 0.91ms
[4504.491s][info][gc,phases      ] GC(1316)   Other: 0.09ms
[4504.491s][info][gc,heap        ] GC(1316) Eden regions: 1116->0(1103)
[4504.491s][info][gc,heap        ] GC(1316) Survivor regions: 112->112(154)
[4504.491s][info][gc,heap        ] GC(1316) Old regions: 506->538
[4504.491s][info][gc,heap        ] GC(1316) Humongous regions: 80->80
[4504.491s][info][gc,metaspace   ] GC(1316) Metaspace: 28957K(29376K)->28957K(29376K) NonClass: 24086K(24256K)->24086K(24256K) Class: 4870K(5120K)->4870K(5120K)
[4504.491s][info][gc             ] GC(1316) Pause Young (Prepare Mixed) (G1 Evacuation Pause) 3627M->1457M(4096M) 118.113ms
[4504.491s][info][gc,cpu         ] GC(1316) User=0.70s Sys=0.00s Real=0.12s
..[4506.655s][info][gc,start       ] GC(1317) Pause Young (Mixed) (G1 Evacuation Pause)
[4506.655s][info][gc,task        ] GC(1317) Using 6 workers of 6 for evacuation
[4506.788s][info][gc,phases      ] GC(1317)   Pre Evacuate Collection Set: 0.36ms
[4506.788s][info][gc,phases      ] GC(1317)   Merge Heap Roots: 0.69ms
[4506.788s][info][gc,phases      ] GC(1317)   Evacuate Collection Set: 131.64ms
[4506.788s][info][gc,phases      ] GC(1317)   Post Evacuate Collection Set: 0.96ms
[4506.788s][info][gc,phases      ] GC(1317)   Other: 0.09ms
[4506.788s][info][gc,heap        ] GC(1317) Eden regions: 1103->0(1116)
[4506.788s][info][gc,heap        ] GC(1317) Survivor regions: 112->112(152)
[4506.788s][info][gc,heap        ] GC(1317) Old regions: 538->474
[4506.788s][info][gc,heap        ] GC(1317) Humongous regions: 80->80
[4506.788s][info][gc,metaspace   ] GC(1317) Metaspace: 28957K(29376K)->28957K(29376K) NonClass: 24086K(24256K)->24086K(24256K) Class: 4870K(5120K)->4870K(5120K)
[4506.789s][info][gc             ] GC(1317) Pause Young (Mixed) (G1 Evacuation Pause) 3663M->1330M(4096M) 133.876ms
[4506.789s][info][gc,cpu         ] GC(1317) User=0.80s Sys=0.00s Real=0.13s
..[4508.945s][info][gc,start       ] GC(1318) Pause Young (Concurrent Start) (G1 Evacuation Pause)
[4508.945s][info][gc,task        ] GC(1318) Using 6 workers of 6 for evacuation
[4509.061s][info][gc,phases      ] GC(1318)   Pre Evacuate Collection Set: 0.38ms
[4509.061s][info][gc,phases      ] GC(1318)   Merge Heap Roots: 0.45ms
[4509.061s][info][gc,phases      ] GC(1318)   Evacuate Collection Set: 114.73ms
[4509.061s][info][gc,phases      ] GC(1318)   Post Evacuate Collection Set: 0.85ms
[4509.061s][info][gc,phases      ] GC(1318)   Other: 0.12ms
[4509.061s][info][gc,heap        ] GC(1318) Eden regions: 1116->0(1119)
[4509.061s][info][gc,heap        ] GC(1318) Survivor regions: 112->109(154)
[4509.061s][info][gc,heap        ] GC(1318) Old regions: 474->505
[4509.061s][info][gc,heap        ] GC(1318) Humongous regions: 80->80
[4509.061s][info][gc,metaspace   ] GC(1318) Metaspace: 28957K(29376K)->28957K(29376K) NonClass: 24086K(24256K)->24086K(24256K) Class: 4870K(5120K)->4870K(5120K)
[4509.061s][info][gc             ] GC(1318) Pause Young (Concurrent Start) (G1 Evacuation Pause) 3562M->1386M(4096M) 116.684ms
[4509.061s][info][gc             ] GC(1319) Concurrent Mark Cycle
[4509.061s][info][gc,marking     ] GC(1319) Concurrent Scan Root Regions
[4509.062s][info][gc,cpu         ] GC(1318) User=0.69s Sys=0.00s Real=0.11s
[4509.288s][info][gc,marking     ] GC(1319) Concurrent Scan Root Regions 226.630ms
[4509.288s][info][gc,marking     ] GC(1319) Concurrent Mark
[4509.288s][info][gc,marking     ] GC(1319) Concurrent Mark From Roots
[4509.288s][info][gc,task        ] GC(1319) Using 2 workers of 2 for marking
.[4510.323s][info][gc,marking     ] GC(1319) Concurrent Mark From Roots 1034.584ms
[4510.323s][info][gc,marking     ] GC(1319) Concurrent Preclean
[4510.323s][info][gc,marking     ] GC(1319) Concurrent Preclean 0.101ms
[4510.324s][info][gc,start       ] GC(1319) Pause Remark
[4510.329s][info][gc             ] GC(1319) Pause Remark 2624M->2624M(4096M) 4.986ms
[4510.329s][info][gc,cpu         ] GC(1319) User=0.02s Sys=0.00s Real=0.00s
[4510.330s][info][gc,marking     ] GC(1319) Concurrent Mark 1041.602ms
[4510.330s][info][gc,marking     ] GC(1319) Concurrent Rebuild Remembered Sets and Scrub Regions
.[4510.738s][info][gc,marking     ] GC(1319) Concurrent Rebuild Remembered Sets and Scrub Regions 407.761ms
[4510.740s][info][gc,start       ] GC(1319) Pause Cleanup
[4510.740s][info][gc             ] GC(1319) Pause Cleanup 3090M->3090M(4096M) 0.142ms
[4510.740s][info][gc,cpu         ] GC(1319) User=0.00s Sys=0.00s Real=0.00s
[4510.740s][info][gc,marking     ] GC(1319) Concurrent Clear Claimed Marks
[4510.741s][info][gc,marking     ] GC(1319) Concurrent Clear Claimed Marks 0.037ms
[4510.741s][info][gc,marking     ] GC(1319) Concurrent Cleanup for Next Mark
[4510.813s][info][gc,marking     ] GC(1319) Concurrent Cleanup for Next Mark 72.767ms
[4510.813s][info][gc             ] GC(1319) Concurrent Mark Cycle 1751.912ms
[4511.202s][info][gc,start       ] GC(1320) Pause Young (Prepare Mixed) (G1 Evacuation Pause)
[4511.203s][info][gc,task        ] GC(1320) Using 6 workers of 6 for evacuation
[4511.324s][info][gc,phases      ] GC(1320)   Pre Evacuate Collection Set: 0.30ms
[4511.324s][info][gc,phases      ] GC(1320)   Merge Heap Roots: 0.51ms
[4511.324s][info][gc,phases      ] GC(1320)   Evacuate Collection Set: 119.48ms
[4511.324s][info][gc,phases      ] GC(1320)   Post Evacuate Collection Set: 0.92ms
[4511.324s][info][gc,phases      ] GC(1320)   Other: 0.09ms
[4511.324s][info][gc,heap        ] GC(1320) Eden regions: 1119->0(1099)
[4511.324s][info][gc,heap        ] GC(1320) Survivor regions: 109->114(154)
[4511.324s][info][gc,heap        ] GC(1320) Old regions: 505->538
[4511.324s][info][gc,heap        ] GC(1320) Humongous regions: 80->80
[4511.324s][info][gc,metaspace   ] GC(1320) Metaspace: 28957K(29376K)->28957K(29376K) NonClass: 24086K(24256K)->24086K(24256K) Class: 4870K(5120K)->4870K(5120K)
[4511.324s][info][gc             ] GC(1320) Pause Young (Prepare Mixed) (G1 Evacuation Pause) 3624M->1462M(4096M) 121.430ms
[4511.324s][info][gc,cpu         ] GC(1320) User=0.72s Sys=0.00s Real=0.13s
..[4513.400s][info][gc,start       ] GC(1321) Pause Young (Mixed) (G1 Evacuation Pause)
[4513.400s][info][gc,task        ] GC(1321) Using 6 workers of 6 for evacuation
[4513.538s][info][gc,phases      ] GC(1321)   Pre Evacuate Collection Set: 0.35ms
[4513.538s][info][gc,phases      ] GC(1321)   Merge Heap Roots: 0.71ms
[4513.538s][info][gc,phases      ] GC(1321)   Evacuate Collection Set: 135.83ms
[4513.538s][info][gc,phases      ] GC(1321)   Post Evacuate Collection Set: 0.94ms
[4513.538s][info][gc,phases      ] GC(1321)   Other: 0.09ms
[4513.538s][info][gc,heap        ] GC(1321) Eden regions: 1099->0(1116)
[4513.538s][info][gc,heap        ] GC(1321) Survivor regions: 114->112(152)
[4513.538s][info][gc,heap        ] GC(1321) Old regions: 538->474
[4513.538s][info][gc,heap        ] GC(1321) Humongous regions: 80->80
[4513.538s][info][gc,metaspace   ] GC(1321) Metaspace: 28957K(29376K)->28957K(29376K) NonClass: 24086K(24256K)->24086K(24256K) Class: 4870K(5120K)->4870K(5120K)
[4513.538s][info][gc             ] GC(1321) Pause Young (Mixed) (G1 Evacuation Pause) 3660M->1331M(4096M) 138.054ms
[4513.538s][info][gc,cpu         ] GC(1321) User=0.82s Sys=0.00s Real=0.14s
...[4515.648s][info][gc,start       ] GC(1322) Pause Young (Concurrent Start) (G1 Evacuation Pause)
[4515.648s][info][gc,task        ] GC(1322) Using 6 workers of 6 for evacuation
[4515.765s][info][gc,phases      ] GC(1322)   Pre Evacuate Collection Set: 0.38ms
[4515.765s][info][gc,phases      ] GC(1322)   Merge Heap Roots: 0.44ms
[4515.765s][info][gc,phases      ] GC(1322)   Evacuate Collection Set: 114.50ms
[4515.765s][info][gc,phases      ] GC(1322)   Post Evacuate Collection Set: 0.86ms
[4515.765s][info][gc,phases      ] GC(1322)   Other: 0.11ms
[4515.765s][info][gc,heap        ] GC(1322) Eden regions: 1116->0(1117)
[4515.765s][info][gc,heap        ] GC(1322) Survivor regions: 112->111(154)
[4515.765s][info][gc,heap        ] GC(1322) Old regions: 474->507
[4515.765s][info][gc,heap        ] GC(1322) Humongous regions: 80->80
[4515.765s][info][gc,metaspace   ] GC(1322) Metaspace: 28957K(29376K)->28957K(29376K) NonClass: 24086K(24256K)->24086K(24256K) Class: 4870K(5120K)->4870K(5120K)
[4515.765s][info][gc             ] GC(1322) Pause Young (Concurrent Start) (G1 Evacuation Pause) 3563M->1393M(4096M) 116.415ms
[4515.765s][info][gc             ] GC(1323) Concurrent Mark Cycle
[4515.765s][info][gc,marking     ] GC(1323) Concurrent Scan Root Regions
[4515.765s][info][gc,cpu         ] GC(1322) User=0.69s Sys=0.00s Real=0.12s
[4515.959s][info][gc,marking     ] GC(1323) Concurrent Scan Root Regions 193.907ms
[4515.959s][info][gc,marking     ] GC(1323) Concurrent Mark
[4515.959s][info][gc,marking     ] GC(1323) Concurrent Mark From Roots
[4515.959s][info][gc,task        ] GC(1323) Using 2 workers of 2 for marking
.[4516.918s][info][gc,marking     ] GC(1323) Concurrent Mark From Roots 958.758ms
[4516.918s][info][gc,marking     ] GC(1323) Concurrent Preclean
[4516.918s][info][gc,marking     ] GC(1323) Concurrent Preclean 0.116ms
[4516.920s][info][gc,start       ] GC(1323) Pause Remark
[4516.925s][info][gc             ] GC(1323) Pause Remark 2501M->2501M(4096M) 5.275ms
[4516.925s][info][gc,cpu         ] GC(1323) User=0.02s Sys=0.00s Real=0.01s
[4516.927s][info][gc,marking     ] GC(1323) Concurrent Mark 968.206ms
[4516.927s][info][gc,marking     ] GC(1323) Concurrent Rebuild Remembered Sets and Scrub Regions
[4517.208s][info][gc,marking     ] GC(1323) Concurrent Rebuild Remembered Sets and Scrub Regions 281.259ms
[4517.209s][info][gc,start       ] GC(1323) Pause Cleanup
[4517.209s][info][gc             ] GC(1323) Pause Cleanup 2773M->2773M(4096M) 0.122ms
[4517.209s][info][gc,cpu         ] GC(1323) User=0.00s Sys=0.00s Real=0.00s
[4517.209s][info][gc,marking     ] GC(1323) Concurrent Clear Claimed Marks
[4517.209s][info][gc,marking     ] GC(1323) Concurrent Clear Claimed Marks 0.031ms
[4517.209s][info][gc,marking     ] GC(1323) Concurrent Cleanup for Next Mark
[4517.245s][info][gc,marking     ] GC(1323) Concurrent Cleanup for Next Mark 36.692ms
[4517.246s][info][gc             ] GC(1323) Concurrent Mark Cycle 1480.739ms
.[4517.939s][info][gc,start       ] GC(1324) Pause Young (Prepare Mixed) (G1 Evacuation Pause)
[4517.939s][info][gc,task        ] GC(1324) Using 6 workers of 6 for evacuation
[4518.055s][info][gc,phases      ] GC(1324)   Pre Evacuate Collection Set: 0.31ms
[4518.055s][info][gc,phases      ] GC(1324)   Merge Heap Roots: 0.50ms
[4518.055s][info][gc,phases      ] GC(1324)   Evacuate Collection Set: 114.26ms
[4518.055s][info][gc,phases      ] GC(1324)   Post Evacuate Collection Set: 0.94ms
[4518.055s][info][gc,phases      ] GC(1324)   Other: 0.09ms
[4518.055s][info][gc,heap        ] GC(1324) Eden regions: 1117->0(1108)
[4518.055s][info][gc,heap        ] GC(1324) Survivor regions: 111->109(154)
[4518.055s][info][gc,heap        ] GC(1324) Old regions: 507->539
[4518.055s][info][gc,heap        ] GC(1324) Humongous regions: 80->80
[4518.055s][info][gc,metaspace   ] GC(1324) Metaspace: 28957K(29376K)->28957K(29376K) NonClass: 24086K(24256K)->24086K(24256K) Class: 4870K(5120K)->4870K(5120K)
[4518.055s][info][gc             ] GC(1324) Pause Young (Prepare Mixed) (G1 Evacuation Pause) 3627M->1454M(4096M) 116.238ms
[4518.055s][info][gc,cpu         ] GC(1324) User=0.69s Sys=0.00s Real=0.12s
..[4520.191s][info][gc,start       ] GC(1325) Pause Young (Mixed) (G1 Evacuation Pause)
[4520.191s][info][gc,task        ] GC(1325) Using 6 workers of 6 for evacuation
[4520.322s][info][gc,phases      ] GC(1325)   Pre Evacuate Collection Set: 0.35ms
[4520.322s][info][gc,phases      ] GC(1325)   Merge Heap Roots: 0.62ms
[4520.322s][info][gc,phases      ] GC(1325)   Evacuate Collection Set: 128.33ms
[4520.322s][info][gc,phases      ] GC(1325)   Post Evacuate Collection Set: 0.95ms
[4520.322s][info][gc,phases      ] GC(1325)   Other: 0.09ms
[4520.322s][info][gc,heap        ] GC(1325) Eden regions: 1108->0(1119)
[4520.322s][info][gc,heap        ] GC(1325) Survivor regions: 109->109(153)
[4520.322s][info][gc,heap        ] GC(1325) Old regions: 539->475
[4520.322s][info][gc,heap        ] GC(1325) Humongous regions: 80->80
[4520.322s][info][gc,metaspace   ] GC(1325) Metaspace: 28957K(29376K)->28957K(29376K) NonClass: 24086K(24256K)->24086K(24256K) Class: 4870K(5120K)->4870K(5120K)
[4520.322s][info][gc             ] GC(1325) Pause Young (Mixed) (G1 Evacuation Pause) 3670M->1325M(4096M) 130.464ms
[4520.322s][info][gc,cpu         ] GC(1325) User=0.77s Sys=0.00s Real=0.13s
..[4522.476s][info][gc,start       ] GC(1326) Pause Young (Concurrent Start) (G1 Evacuation Pause)
[4522.476s][info][gc,task        ] GC(1326) Using 6 workers of 6 for evacuation
[4522.594s][info][gc,phases      ] GC(1326)   Pre Evacuate Collection Set: 0.34ms
[4522.594s][info][gc,phases      ] GC(1326)   Merge Heap Roots: 0.49ms
[4522.594s][info][gc,phases      ] GC(1326)   Evacuate Collection Set: 116.04ms
[4522.594s][info][gc,phases      ] GC(1326)   Post Evacuate Collection Set: 0.85ms
[4522.594s][info][gc,phases      ] GC(1326)   Other: 0.11ms
[4522.594s][info][gc,heap        ] GC(1326) Eden regions: 1119->0(1117)
[4522.594s][info][gc,heap        ] GC(1326) Survivor regions: 109->111(154)
[4522.594s][info][gc,heap        ] GC(1326) Old regions: 475->506
[4522.594s][info][gc,heap        ] GC(1326) Humongous regions: 80->80
[4522.594s][info][gc,metaspace   ] GC(1326) Metaspace: 28957K(29376K)->28957K(29376K) NonClass: 24086K(24256K)->24086K(24256K) Class: 4870K(5120K)->4870K(5120K)
[4522.594s][info][gc             ] GC(1326) Pause Young (Concurrent Start) (G1 Evacuation Pause) 3563M->1392M(4096M) 117.968ms
[4522.594s][info][gc             ] GC(1327) Concurrent Mark Cycle
[4522.594s][info][gc,marking     ] GC(1327) Concurrent Scan Root Regions
[4522.594s][info][gc,cpu         ] GC(1326) User=0.70s Sys=0.00s Real=0.12s
.[4522.738s][info][gc,marking     ] GC(1327) Concurrent Scan Root Regions 143.607ms
[4522.738s][info][gc,marking     ] GC(1327) Concurrent Mark
[4522.738s][info][gc,marking     ] GC(1327) Concurrent Mark From Roots
[4522.738s][info][gc,task        ] GC(1327) Using 2 workers of 2 for marking
[4523.430s][info][gc,marking     ] GC(1327) Concurrent Mark From Roots 692.094ms
[4523.430s][info][gc,marking     ] GC(1327) Concurrent Preclean
[4523.430s][info][gc,marking     ] GC(1327) Concurrent Preclean 0.106ms
[4523.432s][info][gc,start       ] GC(1327) Pause Remark
[4523.438s][info][gc             ] GC(1327) Pause Remark 2126M->2126M(4096M) 5.899ms
[4523.438s][info][gc,cpu         ] GC(1327) User=0.03s Sys=0.01s Real=0.01s
[4523.438s][info][gc,marking     ] GC(1327) Concurrent Mark 700.713ms
[4523.438s][info][gc,marking     ] GC(1327) Concurrent Rebuild Remembered Sets and Scrub Regions
[4523.851s][info][gc,marking     ] GC(1327) Concurrent Rebuild Remembered Sets and Scrub Regions 413.015ms
[4523.852s][info][gc,start       ] GC(1327) Pause Cleanup
[4523.852s][info][gc             ] GC(1327) Pause Cleanup 2536M->2536M(4096M) 0.132ms
[4523.852s][info][gc,cpu         ] GC(1327) User=0.00s Sys=0.00s Real=0.00s
[4523.852s][info][gc,marking     ] GC(1327) Concurrent Clear Claimed Marks
[4523.853s][info][gc,marking     ] GC(1327) Concurrent Clear Claimed Marks 0.028ms
[4523.853s][info][gc,marking     ] GC(1327) Concurrent Cleanup for Next Mark
[4523.860s][info][gc,marking     ] GC(1327) Concurrent Cleanup for Next Mark 7.511ms
[4523.860s][info][gc             ] GC(1327) Concurrent Mark Cycle 1266.215ms
.[4524.838s][info][gc,start       ] GC(1328) Pause Young (Prepare Mixed) (G1 Evacuation Pause)
[4524.838s][info][gc,task        ] GC(1328) Using 6 workers of 6 for evacuation
[4524.958s][info][gc,phases      ] GC(1328)   Pre Evacuate Collection Set: 0.30ms
[4524.958s][info][gc,phases      ] GC(1328)   Merge Heap Roots: 0.53ms
[4524.958s][info][gc,phases      ] GC(1328)   Evacuate Collection Set: 118.89ms
[4524.958s][info][gc,phases      ] GC(1328)   Post Evacuate Collection Set: 0.92ms
[4524.958s][info][gc,phases      ] GC(1328)   Other: 0.09ms
[4524.958s][info][gc,heap        ] GC(1328) Eden regions: 1117->0(1105)
[4524.958s][info][gc,heap        ] GC(1328) Survivor regions: 111->111(154)
[4524.958s][info][gc,heap        ] GC(1328) Old regions: 506->538
[4524.958s][info][gc,heap        ] GC(1328) Humongous regions: 80->80
[4524.958s][info][gc,metaspace   ] GC(1328) Metaspace: 28957K(29376K)->28957K(29376K) NonClass: 24086K(24256K)->24086K(24256K) Class: 4870K(5120K)->4870K(5120K)
[4524.958s][info][gc             ] GC(1328) Pause Young (Prepare Mixed) (G1 Evacuation Pause) 3626M->1456M(4096M) 120.860ms
[4524.959s][info][gc,cpu         ] GC(1328) User=0.72s Sys=0.00s Real=0.12s
...[4527.072s][info][gc,start       ] GC(1329) Pause Young (Mixed) (G1 Evacuation Pause)
[4527.072s][info][gc,task        ] GC(1329) Using 6 workers of 6 for evacuation
[4527.204s][info][gc,phases      ] GC(1329)   Pre Evacuate Collection Set: 0.35ms
[4527.204s][info][gc,phases      ] GC(1329)   Merge Heap Roots: 0.76ms
[4527.204s][info][gc,phases      ] GC(1329)   Evacuate Collection Set: 130.14ms
[4527.204s][info][gc,phases      ] GC(1329)   Post Evacuate Collection Set: 0.91ms
[4527.204s][info][gc,phases      ] GC(1329)   Other: 0.09ms
[4527.204s][info][gc,heap        ] GC(1329) Eden regions: 1105->0(1120)
[4527.204s][info][gc,heap        ] GC(1329) Survivor regions: 111->108(152)
[4527.204s][info][gc,heap        ] GC(1329) Old regions: 538->472
[4527.204s][info][gc,heap        ] GC(1329) Humongous regions: 80->80
[4527.204s][info][gc,metaspace   ] GC(1329) Metaspace: 28957K(29376K)->28957K(29376K) NonClass: 24086K(24256K)->24086K(24256K) Class: 4870K(5120K)->4870K(5120K)
[4527.204s][info][gc             ] GC(1329) Pause Young (Mixed) (G1 Evacuation Pause) 3666M->1319M(4096M) 132.400ms
[4527.204s][info][gc,cpu         ] GC(1329) User=0.79s Sys=0.00s Real=0.14s
..[4529.425s][info][gc,start       ] GC(1330) Pause Young (Concurrent Start) (G1 Evacuation Pause)
[4529.425s][info][gc,task        ] GC(1330) Using 6 workers of 6 for evacuation
[4529.545s][info][gc,phases      ] GC(1330)   Pre Evacuate Collection Set: 0.37ms
[4529.545s][info][gc,phases      ] GC(1330)   Merge Heap Roots: 0.45ms
[4529.545s][info][gc,phases      ] GC(1330)   Evacuate Collection Set: 117.74ms
[4529.545s][info][gc,phases      ] GC(1330)   Post Evacuate Collection Set: 0.85ms
[4529.545s][info][gc,phases      ] GC(1330)   Other: 0.11ms
[4529.545s][info][gc,heap        ] GC(1330) Eden regions: 1120->0(1117)
[4529.545s][info][gc,heap        ] GC(1330) Survivor regions: 108->111(154)
[4529.545s][info][gc,heap        ] GC(1330) Old regions: 472->504
[4529.545s][info][gc,heap        ] GC(1330) Humongous regions: 80->80
[4529.545s][info][gc,metaspace   ] GC(1330) Metaspace: 28957K(29376K)->28957K(29376K) NonClass: 24086K(24256K)->24086K(24256K) Class: 4870K(5120K)->4870K(5120K)
[4529.545s][info][gc             ] GC(1330) Pause Young (Concurrent Start) (G1 Evacuation Pause) 3559M->1389M(4096M) 119.652ms
[4529.545s][info][gc             ] GC(1331) Concurrent Mark Cycle
[4529.545s][info][gc,marking     ] GC(1331) Concurrent Scan Root Regions
[4529.545s][info][gc,cpu         ] GC(1330) User=0.72s Sys=0.00s Real=0.12s
[4529.729s][info][gc,marking     ] GC(1331) Concurrent Scan Root Regions 184.038ms
[4529.729s][info][gc,marking     ] GC(1331) Concurrent Mark
[4529.729s][info][gc,marking     ] GC(1331) Concurrent Mark From Roots
[4529.729s][info][gc,task        ] GC(1331) Using 2 workers of 2 for marking
.[4530.859s][info][gc,marking     ] GC(1331) Concurrent Mark From Roots 1130.422ms
[4530.859s][info][gc,marking     ] GC(1331) Concurrent Preclean
[4530.859s][info][gc,marking     ] GC(1331) Concurrent Preclean 0.135ms
[4530.861s][info][gc,start       ] GC(1331) Pause Remark
[4530.866s][info][gc             ] GC(1331) Pause Remark 2655M->2655M(4096M) 4.612ms
[4530.866s][info][gc,cpu         ] GC(1331) User=0.03s Sys=0.00s Real=0.01s
[4530.867s][info][gc,marking     ] GC(1331) Concurrent Mark 1138.198ms
[4530.867s][info][gc,marking     ] GC(1331) Concurrent Rebuild Remembered Sets and Scrub Regions
.[4531.274s][info][gc,marking     ] GC(1331) Concurrent Rebuild Remembered Sets and Scrub Regions 407.458ms
[4531.275s][info][gc,start       ] GC(1331) Pause Cleanup
[4531.276s][info][gc             ] GC(1331) Pause Cleanup 3133M->3133M(4096M) 0.123ms
[4531.276s][info][gc,cpu         ] GC(1331) User=0.00s Sys=0.00s Real=0.00s
[4531.276s][info][gc,marking     ] GC(1331) Concurrent Clear Claimed Marks
[4531.276s][info][gc,marking     ] GC(1331) Concurrent Clear Claimed Marks 0.027ms
[4531.276s][info][gc,marking     ] GC(1331) Concurrent Cleanup for Next Mark
[4531.298s][info][gc,marking     ] GC(1331) Concurrent Cleanup for Next Mark 22.306ms
[4531.298s][info][gc             ] GC(1331) Concurrent Mark Cycle 1753.326ms
[4531.730s][info][gc,start       ] GC(1332) Pause Young (Prepare Mixed) (G1 Evacuation Pause)
[4531.730s][info][gc,task        ] GC(1332) Using 6 workers of 6 for evacuation
[4531.847s][info][gc,phases      ] GC(1332)   Pre Evacuate Collection Set: 0.31ms
[4531.847s][info][gc,phases      ] GC(1332)   Merge Heap Roots: 0.50ms
[4531.847s][info][gc,phases      ] GC(1332)   Evacuate Collection Set: 115.15ms
[4531.847s][info][gc,phases      ] GC(1332)   Post Evacuate Collection Set: 0.94ms
[4531.847s][info][gc,phases      ] GC(1332)   Other: 0.08ms
[4531.847s][info][gc,heap        ] GC(1332) Eden regions: 1117->0(1114)
[4531.847s][info][gc,heap        ] GC(1332) Survivor regions: 111->108(154)
[4531.847s][info][gc,heap        ] GC(1332) Old regions: 504->535
[4531.847s][info][gc,heap        ] GC(1332) Humongous regions: 80->80
[4531.847s][info][gc,metaspace   ] GC(1332) Metaspace: 28957K(29376K)->28957K(29376K) NonClass: 24086K(24256K)->24086K(24256K) Class: 4870K(5120K)->4870K(5120K)
[4531.847s][info][gc             ] GC(1332) Pause Young (Prepare Mixed) (G1 Evacuation Pause) 3623M->1444M(4096M) 117.101ms
[4531.847s][info][gc,cpu         ] GC(1332) User=0.69s Sys=0.00s Real=0.12s
..[4534.021s][info][gc,start       ] GC(1333) Pause Young (Mixed) (G1 Evacuation Pause)
[4534.022s][info][gc,task        ] GC(1333) Using 6 workers of 6 for evacuation
[4534.157s][info][gc,phases      ] GC(1333)   Pre Evacuate Collection Set: 0.39ms
[4534.157s][info][gc,phases      ] GC(1333)   Merge Heap Roots: 0.83ms
[4534.157s][info][gc,phases      ] GC(1333)   Evacuate Collection Set: 133.03ms
[4534.157s][info][gc,phases      ] GC(1333)   Post Evacuate Collection Set: 0.91ms
[4534.157s][info][gc,phases      ] GC(1333)   Other: 0.09ms
[4534.157s][info][gc,heap        ] GC(1333) Eden regions: 1114->0(1117)
[4534.157s][info][gc,heap        ] GC(1333) Survivor regions: 108->111(153)
[4534.157s][info][gc,heap        ] GC(1333) Old regions: 535->474
[4534.157s][info][gc,heap        ] GC(1333) Humongous regions: 80->80
[4534.157s][info][gc,metaspace   ] GC(1333) Metaspace: 28957K(29376K)->28957K(29376K) NonClass: 24086K(24256K)->24086K(24256K) Class: 4870K(5120K)->4870K(5120K)
[4534.157s][info][gc             ] GC(1333) Pause Young (Mixed) (G1 Evacuation Pause) 3672M->1327M(4096M) 135.414ms
[4534.157s][info][gc,cpu         ] GC(1333) User=0.81s Sys=0.00s Real=0.14s
...[4536.226s][info][gc,start       ] GC(1334) Pause Young (Concurrent Start) (G1 Evacuation Pause)
[4536.226s][info][gc,task        ] GC(1334) Using 6 workers of 6 for evacuation
[4536.343s][info][gc,phases      ] GC(1334)   Pre Evacuate Collection Set: 0.34ms
[4536.343s][info][gc,phases      ] GC(1334)   Merge Heap Roots: 0.46ms
[4536.343s][info][gc,phases      ] GC(1334)   Evacuate Collection Set: 115.06ms
[4536.343s][info][gc,phases      ] GC(1334)   Post Evacuate Collection Set: 0.87ms
[4536.343s][info][gc,phases      ] GC(1334)   Other: 0.11ms
[4536.343s][info][gc,heap        ] GC(1334) Eden regions: 1117->0(1117)
[4536.343s][info][gc,heap        ] GC(1334) Survivor regions: 111->111(154)
[4536.343s][info][gc,heap        ] GC(1334) Old regions: 474->504
[4536.343s][info][gc,heap        ] GC(1334) Humongous regions: 80->80
[4536.343s][info][gc,metaspace   ] GC(1334) Metaspace: 28957K(29376K)->28957K(29376K) NonClass: 24086K(24256K)->24086K(24256K) Class: 4870K(5120K)->4870K(5120K)
[4536.343s][info][gc             ] GC(1334) Pause Young (Concurrent Start) (G1 Evacuation Pause) 3561M->1388M(4096M) 116.965ms
[4536.343s][info][gc             ] GC(1335) Concurrent Mark Cycle
[4536.343s][info][gc,marking     ] GC(1335) Concurrent Scan Root Regions
[4536.343s][info][gc,cpu         ] GC(1334) User=0.69s Sys=0.00s Real=0.11s
[4536.532s][info][gc,marking     ] GC(1335) Concurrent Scan Root Regions 189.225ms
[4536.532s][info][gc,marking     ] GC(1335) Concurrent Mark
[4536.532s][info][gc,marking     ] GC(1335) Concurrent Mark From Roots
[4536.532s][info][gc,task        ] GC(1335) Using 2 workers of 2 for marking
.[4537.511s][info][gc,marking     ] GC(1335) Concurrent Mark From Roots 978.864ms
[4537.511s][info][gc,marking     ] GC(1335) Concurrent Preclean
[4537.511s][info][gc,marking     ] GC(1335) Concurrent Preclean 0.101ms
[4537.513s][info][gc,start       ] GC(1335) Pause Remark
[4537.519s][info][gc             ] GC(1335) Pause Remark 2492M->2492M(4096M) 6.545ms
[4537.519s][info][gc,cpu         ] GC(1335) User=0.04s Sys=0.01s Real=0.01s
[4537.519s][info][gc,marking     ] GC(1335) Concurrent Mark 986.871ms
[4537.519s][info][gc,marking     ] GC(1335) Concurrent Rebuild Remembered Sets and Scrub Regions
[4537.925s][info][gc,marking     ] GC(1335) Concurrent Rebuild Remembered Sets and Scrub Regions 405.847ms
[4537.925s][info][gc,start       ] GC(1335) Pause Cleanup
[4537.925s][info][gc             ] GC(1335) Pause Cleanup 2920M->2920M(4096M) 0.118ms
[4537.925s][info][gc,cpu         ] GC(1335) User=0.00s Sys=0.00s Real=0.00s
[4537.925s][info][gc,marking     ] GC(1335) Concurrent Clear Claimed Marks
[4537.925s][info][gc,marking     ] GC(1335) Concurrent Clear Claimed Marks 0.028ms
[4537.925s][info][gc,marking     ] GC(1335) Concurrent Cleanup for Next Mark
[4537.978s][info][gc,marking     ] GC(1335) Concurrent Cleanup for Next Mark 52.142ms
[4537.978s][info][gc             ] GC(1335) Concurrent Mark Cycle 1634.670ms
.[4538.598s][info][gc,start       ] GC(1336) Pause Young (Prepare Mixed) (G1 Evacuation Pause)
[4538.598s][info][gc,task        ] GC(1336) Using 6 workers of 6 for evacuation
[4538.722s][info][gc,phases      ] GC(1336)   Pre Evacuate Collection Set: 0.32ms
[4538.722s][info][gc,phases      ] GC(1336)   Merge Heap Roots: 0.50ms
[4538.722s][info][gc,phases      ] GC(1336)   Evacuate Collection Set: 121.96ms
[4538.722s][info][gc,phases      ] GC(1336)   Post Evacuate Collection Set: 0.89ms
[4538.722s][info][gc,phases      ] GC(1336)   Other: 0.09ms
[4538.722s][info][gc,heap        ] GC(1336) Eden regions: 1117->0(1102)
[4538.722s][info][gc,heap        ] GC(1336) Survivor regions: 111->113(154)
[4538.722s][info][gc,heap        ] GC(1336) Old regions: 504->537
[4538.722s][info][gc,heap        ] GC(1336) Humongous regions: 80->80
[4538.722s][info][gc,metaspace   ] GC(1336) Metaspace: 28957K(29376K)->28957K(29376K) NonClass: 24086K(24256K)->24086K(24256K) Class: 4870K(5120K)->4870K(5120K)
[4538.722s][info][gc             ] GC(1336) Pause Young (Prepare Mixed) (G1 Evacuation Pause) 3622M->1459M(4096M) 123.891ms
[4538.722s][info][gc,cpu         ] GC(1336) User=0.73s Sys=0.00s Real=0.12s
..[4540.890s][info][gc,start       ] GC(1337) Pause Young (Mixed) (G1 Evacuation Pause)
[4540.890s][info][gc,task        ] GC(1337) Using 6 workers of 6 for evacuation
[4541.024s][info][gc,phases      ] GC(1337)   Pre Evacuate Collection Set: 0.36ms
[4541.024s][info][gc,phases      ] GC(1337)   Merge Heap Roots: 0.70ms
[4541.024s][info][gc,phases      ] GC(1337)   Evacuate Collection Set: 131.50ms
[4541.024s][info][gc,phases      ] GC(1337)   Post Evacuate Collection Set: 0.96ms
[4541.024s][info][gc,phases      ] GC(1337)   Other: 0.09ms
[4541.024s][info][gc,heap        ] GC(1337) Eden regions: 1102->0(1117)
[4541.024s][info][gc,heap        ] GC(1337) Survivor regions: 113->111(152)
[4541.024s][info][gc,heap        ] GC(1337) Old regions: 537->474
[4541.024s][info][gc,heap        ] GC(1337) Humongous regions: 80->80
[4541.024s][info][gc,metaspace   ] GC(1337) Metaspace: 28957K(29376K)->28957K(29376K) NonClass: 24086K(24256K)->24086K(24256K) Class: 4870K(5120K)->4870K(5120K)
[4541.024s][info][gc             ] GC(1337) Pause Young (Mixed) (G1 Evacuation Pause) 3663M->1328M(4096M) 133.747ms
[4541.024s][info][gc,cpu         ] GC(1337) User=0.80s Sys=0.00s Real=0.14s
..[4543.170s][info][gc,start       ] GC(1338) Pause Young (Concurrent Start) (G1 Evacuation Pause)
[4543.170s][info][gc,task        ] GC(1338) Using 6 workers of 6 for evacuation
[4543.291s][info][gc,phases      ] GC(1338)   Pre Evacuate Collection Set: 0.37ms
[4543.291s][info][gc,phases      ] GC(1338)   Merge Heap Roots: 0.49ms
[4543.291s][info][gc,phases      ] GC(1338)   Evacuate Collection Set: 118.75ms
[4543.291s][info][gc,phases      ] GC(1338)   Post Evacuate Collection Set: 0.87ms
[4543.291s][info][gc,phases      ] GC(1338)   Other: 0.11ms
[4543.291s][info][gc,heap        ] GC(1338) Eden regions: 1117->0(1115)
[4543.291s][info][gc,heap        ] GC(1338) Survivor regions: 111->113(154)
[4543.291s][info][gc,heap        ] GC(1338) Old regions: 474->505
[4543.291s][info][gc,heap        ] GC(1338) Humongous regions: 80->80
[4543.291s][info][gc,metaspace   ] GC(1338) Metaspace: 28957K(29376K)->28957K(29376K) NonClass: 24086K(24256K)->24086K(24256K) Class: 4870K(5120K)->4870K(5120K)
[4543.291s][info][gc             ] GC(1338) Pause Young (Concurrent Start) (G1 Evacuation Pause) 3562M->1395M(4096M) 120.716ms
[4543.291s][info][gc             ] GC(1339) Concurrent Mark Cycle
[4543.291s][info][gc,marking     ] GC(1339) Concurrent Scan Root Regions
[4543.291s][info][gc,cpu         ] GC(1338) User=0.72s Sys=0.00s Real=0.12s
.[4543.529s][info][gc,marking     ] GC(1339) Concurrent Scan Root Regions 237.906ms
[4543.529s][info][gc,marking     ] GC(1339) Concurrent Mark
[4543.529s][info][gc,marking     ] GC(1339) Concurrent Mark From Roots
[4543.529s][info][gc,task        ] GC(1339) Using 2 workers of 2 for marking
.[4544.517s][info][gc,marking     ] GC(1339) Concurrent Mark From Roots 987.838ms
[4544.517s][info][gc,marking     ] GC(1339) Concurrent Preclean
[4544.517s][info][gc,marking     ] GC(1339) Concurrent Preclean 0.137ms
[4544.519s][info][gc,start       ] GC(1339) Pause Remark
[4544.525s][info][gc             ] GC(1339) Pause Remark 2639M->2639M(4096M) 5.815ms
[4544.525s][info][gc,cpu         ] GC(1339) User=0.04s Sys=0.00s Real=0.01s
[4544.525s][info][gc,marking     ] GC(1339) Concurrent Mark 996.114ms
[4544.525s][info][gc,marking     ] GC(1339) Concurrent Rebuild Remembered Sets and Scrub Regions
[4544.968s][info][gc,marking     ] GC(1339) Concurrent Rebuild Remembered Sets and Scrub Regions 442.693ms
[4544.969s][info][gc,start       ] GC(1339) Pause Cleanup
[4544.970s][info][gc             ] GC(1339) Pause Cleanup 3095M->3095M(4096M) 0.128ms
[4544.970s][info][gc,cpu         ] GC(1339) User=0.00s Sys=0.00s Real=0.00s
[4544.970s][info][gc,marking     ] GC(1339) Concurrent Clear Claimed Marks
[4544.970s][info][gc,marking     ] GC(1339) Concurrent Clear Claimed Marks 0.035ms
[4544.970s][info][gc,marking     ] GC(1339) Concurrent Cleanup for Next Mark
[4544.975s][info][gc,marking     ] GC(1339) Concurrent Cleanup for Next Mark 5.065ms
[4544.975s][info][gc             ] GC(1339) Concurrent Mark Cycle 1683.808ms
.[4545.521s][info][gc,start       ] GC(1340) Pause Young (Prepare Mixed) (G1 Evacuation Pause)
[4545.521s][info][gc,task        ] GC(1340) Using 6 workers of 6 for evacuation
[4545.640s][info][gc,phases      ] GC(1340)   Pre Evacuate Collection Set: 0.33ms
[4545.640s][info][gc,phases      ] GC(1340)   Merge Heap Roots: 0.47ms
[4545.640s][info][gc,phases      ] GC(1340)   Evacuate Collection Set: 116.75ms
[4545.640s][info][gc,phases      ] GC(1340)   Post Evacuate Collection Set: 0.92ms
[4545.640s][info][gc,phases      ] GC(1340)   Other: 0.09ms
[4545.640s][info][gc,heap        ] GC(1340) Eden regions: 1115->0(1102)
[4545.640s][info][gc,heap        ] GC(1340) Survivor regions: 113->113(154)
[4545.640s][info][gc,heap        ] GC(1340) Old regions: 505->537
[4545.640s][info][gc,heap        ] GC(1340) Humongous regions: 80->80
[4545.640s][info][gc,metaspace   ] GC(1340) Metaspace: 28957K(29376K)->28957K(29376K) NonClass: 24086K(24256K)->24086K(24256K) Class: 4870K(5120K)->4870K(5120K)
[4545.640s][info][gc             ] GC(1340) Pause Young (Prepare Mixed) (G1 Evacuation Pause) 3625M->1457M(4096M) 118.701ms
[4545.640s][info][gc,cpu         ] GC(1340) User=0.71s Sys=0.00s Real=0.12s
..[4547.699s][info][gc,start       ] GC(1341) Pause Young (Mixed) (G1 Evacuation Pause)
[4547.699s][info][gc,task        ] GC(1341) Using 6 workers of 6 for evacuation
[4547.830s][info][gc,phases      ] GC(1341)   Pre Evacuate Collection Set: 0.40ms
[4547.830s][info][gc,phases      ] GC(1341)   Merge Heap Roots: 0.72ms
[4547.830s][info][gc,phases      ] GC(1341)   Evacuate Collection Set: 128.75ms
[4547.830s][info][gc,phases      ] GC(1341)   Post Evacuate Collection Set: 0.97ms
[4547.830s][info][gc,phases      ] GC(1341)   Other: 0.09ms
[4547.830s][info][gc,heap        ] GC(1341) Eden regions: 1102->0(1121)
[4547.830s][info][gc,heap        ] GC(1341) Survivor regions: 113->107(152)
[4547.830s][info][gc,heap        ] GC(1341) Old regions: 537->474
[4547.830s][info][gc,heap        ] GC(1341) Humongous regions: 80->80
[4547.830s][info][gc,metaspace   ] GC(1341) Metaspace: 28957K(29376K)->28957K(29376K) NonClass: 24086K(24256K)->24086K(24256K) Class: 4870K(5120K)->4870K(5120K)
[4547.830s][info][gc             ] GC(1341) Pause Young (Mixed) (G1 Evacuation Pause) 3661M->1319M(4096M) 131.062ms
[4547.830s][info][gc,cpu         ] GC(1341) User=0.78s Sys=0.00s Real=0.13s
..[4549.964s][info][gc,start       ] GC(1342) Pause Young (Concurrent Start) (G1 Evacuation Pause)
[4549.964s][info][gc,task        ] GC(1342) Using 6 workers of 6 for evacuation
[4550.082s][info][gc,phases      ] GC(1342)   Pre Evacuate Collection Set: 0.34ms
[4550.082s][info][gc,phases      ] GC(1342)   Merge Heap Roots: 0.48ms
[4550.082s][info][gc,phases      ] GC(1342)   Evacuate Collection Set: 115.83ms
[4550.082s][info][gc,phases      ] GC(1342)   Post Evacuate Collection Set: 0.87ms
[4550.082s][info][gc,phases      ] GC(1342)   Other: 0.11ms
[4550.082s][info][gc,heap        ] GC(1342) Eden regions: 1121->0(1118)
[4550.082s][info][gc,heap        ] GC(1342) Survivor regions: 107->110(154)
[4550.082s][info][gc,heap        ] GC(1342) Old regions: 474->506
[4550.082s][info][gc,heap        ] GC(1342) Humongous regions: 80->80
[4550.082s][info][gc,metaspace   ] GC(1342) Metaspace: 28957K(29376K)->28957K(29376K) NonClass: 24086K(24256K)->24086K(24256K) Class: 4870K(5120K)->4870K(5120K)
[4550.082s][info][gc             ] GC(1342) Pause Young (Concurrent Start) (G1 Evacuation Pause) 3561M->1389M(4096M) 117.785ms
[4550.082s][info][gc             ] GC(1343) Concurrent Mark Cycle
[4550.082s][info][gc,marking     ] GC(1343) Concurrent Scan Root Regions
[4550.082s][info][gc,cpu         ] GC(1342) User=0.70s Sys=0.00s Real=0.11s
[4550.235s][info][gc,marking     ] GC(1343) Concurrent Scan Root Regions 153.069ms
[4550.235s][info][gc,marking     ] GC(1343) Concurrent Mark
[4550.235s][info][gc,marking     ] GC(1343) Concurrent Mark From Roots
[4550.235s][info][gc,task        ] GC(1343) Using 2 workers of 2 for marking
.[4551.006s][info][gc,marking     ] GC(1343) Concurrent Mark From Roots 771.208ms
[4551.006s][info][gc,marking     ] GC(1343) Concurrent Preclean
[4551.006s][info][gc,marking     ] GC(1343) Concurrent Preclean 0.129ms
[4551.009s][info][gc,start       ] GC(1343) Pause Remark
[4551.013s][info][gc             ] GC(1343) Pause Remark 2229M->2229M(4096M) 4.227ms
[4551.013s][info][gc,cpu         ] GC(1343) User=0.02s Sys=0.00s Real=0.01s
[4551.014s][info][gc,marking     ] GC(1343) Concurrent Mark 778.467ms
[4551.014s][info][gc,marking     ] GC(1343) Concurrent Rebuild Remembered Sets and Scrub Regions
[4551.377s][info][gc,marking     ] GC(1343) Concurrent Rebuild Remembered Sets and Scrub Regions 363.448ms
[4551.378s][info][gc,start       ] GC(1343) Pause Cleanup
[4551.378s][info][gc             ] GC(1343) Pause Cleanup 2639M->2639M(4096M) 0.121ms
[4551.378s][info][gc,cpu         ] GC(1343) User=0.00s Sys=0.00s Real=0.00s
[4551.378s][info][gc,marking     ] GC(1343) Concurrent Clear Claimed Marks
[4551.378s][info][gc,marking     ] GC(1343) Concurrent Clear Claimed Marks 0.033ms
[4551.378s][info][gc,marking     ] GC(1343) Concurrent Cleanup for Next Mark
[4551.384s][info][gc,marking     ] GC(1343) Concurrent Cleanup for Next Mark 5.983ms
[4551.384s][info][gc             ] GC(1343) Concurrent Mark Cycle 1302.461ms
. (rIR:aIR:PR = 8164:8172:8173) (tPR = 121254) [OK] 
  4551s: Performance info:
         Transaction,    Success,    Partial,     Failed,   Receipts, AvgBarcode, 
             Overall,     494826,          0,          0,     470320,      59.48, 
         Response times:
             Request,    Success,    Partial,     Failed,   SkipFail,     Probes,    Samples,      min,      p50,      p90,      p95,      p99,      max, 
       TotalPurchase,     470175,          0,          0,          0,     352836,     456984,      200,     7000,   108000,   146000,   196000,   580000,
     InStorePurchase,     247708,          0,          0,          0,     185098,     238795,      300,     7000,   108000,   145000,   190000,   567000,
      OnlinePurchase,     173488,          0,          0,          0,     129907,     168851,      200,     7000,   109000,   148000,   201000,   580000,
        InstPurchase,      48979,          0,          0,          0,      37831,      49338,      400,     7200,   108000,   147000,   200000,   571000,
          AssocOfCat,        502,          0,          0,          0,        410,        582,    26000,    45000,   153700,   193850,   255680,   361000,
      AssocOfProduct,       4894,          0,          0,          0,       3421,       4602,      900,     7500,   108000,   147000,   201000,   404000,
      BusinessReport,       1234,          0,          0,          0,       1067,       1533,    25000,    50000,   174000,   202000,   259320,   342000,
          CustBuyBeh,       4920,          0,          0,          0,       3455,       4722,      700,     7200,   110000,   147000,   202000,   355000,
       ProductReturn,      13001,          0,          0,          0,       9962,      13085,      200,     5300,    97000,   136000,   181140,   463000,

  4551s: (60%)   IR =   8302 [4552.321s][info][gc,start       ] GC(1344) Pause Young (Prepare Mixed) (G1 Evacuation Pause)
[4552.321s][info][gc,task        ] GC(1344) Using 6 workers of 6 for evacuation
[4552.443s][info][gc,phases      ] GC(1344)   Pre Evacuate Collection Set: 0.31ms
[4552.444s][info][gc,phases      ] GC(1344)   Merge Heap Roots: 0.55ms
[4552.444s][info][gc,phases      ] GC(1344)   Evacuate Collection Set: 120.19ms
[4552.444s][info][gc,phases      ] GC(1344)   Post Evacuate Collection Set: 0.93ms
[4552.444s][info][gc,phases      ] GC(1344)   Other: 0.08ms
[4552.444s][info][gc,heap        ] GC(1344) Eden regions: 1118->0(1100)
[4552.444s][info][gc,heap        ] GC(1344) Survivor regions: 110->114(154)
[4552.444s][info][gc,heap        ] GC(1344) Old regions: 506->537
[4552.444s][info][gc,heap        ] GC(1344) Humongous regions: 80->80
[4552.444s][info][gc,metaspace   ] GC(1344) Metaspace: 28957K(29376K)->28957K(29376K) NonClass: 24086K(24256K)->24086K(24256K) Class: 4870K(5120K)->4870K(5120K)
[4552.444s][info][gc             ] GC(1344) Pause Young (Prepare Mixed) (G1 Evacuation Pause) 3625M->1460M(4096M) 122.204ms
[4552.444s][info][gc,cpu         ] GC(1344) User=0.73s Sys=0.00s Real=0.13s
..[4554.452s][info][gc,start       ] GC(1345) Pause Young (Mixed) (G1 Evacuation Pause)
[4554.452s][info][gc,task        ] GC(1345) Using 6 workers of 6 for evacuation
[4554.589s][info][gc,phases      ] GC(1345)   Pre Evacuate Collection Set: 0.39ms
[4554.589s][info][gc,phases      ] GC(1345)   Merge Heap Roots: 0.75ms
[4554.589s][info][gc,phases      ] GC(1345)   Evacuate Collection Set: 134.30ms
[4554.589s][info][gc,phases      ] GC(1345)   Post Evacuate Collection Set: 1.02ms
[4554.589s][info][gc,phases      ] GC(1345)   Other: 0.09ms
[4554.589s][info][gc,heap        ] GC(1345) Eden regions: 1100->0(1115)
[4554.589s][info][gc,heap        ] GC(1345) Survivor regions: 114->113(152)
[4554.589s][info][gc,heap        ] GC(1345) Old regions: 537->475
[4554.589s][info][gc,heap        ] GC(1345) Humongous regions: 80->80
[4554.589s][info][gc,metaspace   ] GC(1345) Metaspace: 28957K(29376K)->28957K(29376K) NonClass: 24086K(24256K)->24086K(24256K) Class: 4870K(5120K)->4870K(5120K)
[4554.589s][info][gc             ] GC(1345) Pause Young (Mixed) (G1 Evacuation Pause) 3660M->1333M(4096M) 136.691ms
[4554.589s][info][gc,cpu         ] GC(1345) User=0.81s Sys=0.00s Real=0.14s
...[4556.728s][info][gc,start       ] GC(1346) Pause Young (Concurrent Start) (G1 Evacuation Pause)
[4556.728s][info][gc,task        ] GC(1346) Using 6 workers of 6 for evacuation
[4556.842s][info][gc,phases      ] GC(1346)   Pre Evacuate Collection Set: 0.36ms
[4556.842s][info][gc,phases      ] GC(1346)   Merge Heap Roots: 0.50ms
[4556.842s][info][gc,phases      ] GC(1346)   Evacuate Collection Set: 111.84ms
[4556.842s][info][gc,phases      ] GC(1346)   Post Evacuate Collection Set: 0.88ms
[4556.842s][info][gc,phases      ] GC(1346)   Other: 0.11ms
[4556.842s][info][gc,heap        ] GC(1346) Eden regions: 1115->0(1122)
[4556.842s][info][gc,heap        ] GC(1346) Survivor regions: 113->106(154)
[4556.842s][info][gc,heap        ] GC(1346) Old regions: 475->508
[4556.842s][info][gc,heap        ] GC(1346) Humongous regions: 80->80
[4556.842s][info][gc,metaspace   ] GC(1346) Metaspace: 28957K(29376K)->28957K(29376K) NonClass: 24086K(24256K)->24086K(24256K) Class: 4870K(5120K)->4870K(5120K)
[4556.842s][info][gc             ] GC(1346) Pause Young (Concurrent Start) (G1 Evacuation Pause) 3563M->1385M(4096M) 113.814ms
[4556.842s][info][gc             ] GC(1347) Concurrent Mark Cycle
[4556.842s][info][gc,marking     ] GC(1347) Concurrent Scan Root Regions
[4556.842s][info][gc,cpu         ] GC(1346) User=0.68s Sys=0.00s Real=0.11s
[4556.984s][info][gc,marking     ] GC(1347) Concurrent Scan Root Regions 142.129ms
[4556.984s][info][gc,marking     ] GC(1347) Concurrent Mark
[4556.984s][info][gc,marking     ] GC(1347) Concurrent Mark From Roots
[4556.984s][info][gc,task        ] GC(1347) Using 2 workers of 2 for marking
[4557.703s][info][gc,marking     ] GC(1347) Concurrent Mark From Roots 719.208ms
[4557.704s][info][gc,marking     ] GC(1347) Concurrent Preclean
[4557.704s][info][gc,marking     ] GC(1347) Concurrent Preclean 0.191ms
[4557.705s][info][gc,start       ] GC(1347) Pause Remark
[4557.712s][info][gc             ] GC(1347) Pause Remark 2227M->2227M(4096M) 7.178ms
[4557.712s][info][gc,cpu         ] GC(1347) User=0.04s Sys=0.00s Real=0.00s
[4557.712s][info][gc,marking     ] GC(1347) Concurrent Mark 728.064ms
[4557.712s][info][gc,marking     ] GC(1347) Concurrent Rebuild Remembered Sets and Scrub Regions
.[4558.118s][info][gc,marking     ] GC(1347) Concurrent Rebuild Remembered Sets and Scrub Regions 405.790ms
[4558.119s][info][gc,start       ] GC(1347) Pause Cleanup
[4558.119s][info][gc             ] GC(1347) Pause Cleanup 2617M->2617M(4096M) 0.126ms
[4558.119s][info][gc,cpu         ] GC(1347) User=0.00s Sys=0.00s Real=0.00s
[4558.119s][info][gc,marking     ] GC(1347) Concurrent Clear Claimed Marks
[4558.119s][info][gc,marking     ] GC(1347) Concurrent Clear Claimed Marks 0.034ms
[4558.119s][info][gc,marking     ] GC(1347) Concurrent Cleanup for Next Mark
[4558.141s][info][gc,marking     ] GC(1347) Concurrent Cleanup for Next Mark 22.345ms
[4558.141s][info][gc             ] GC(1347) Concurrent Mark Cycle 1299.748ms
.[4559.066s][info][gc,start       ] GC(1348) Pause Young (Prepare Mixed) (G1 Evacuation Pause)
[4559.066s][info][gc,task        ] GC(1348) Using 6 workers of 6 for evacuation
[4559.184s][info][gc,phases      ] GC(1348)   Pre Evacuate Collection Set: 0.30ms
[4559.185s][info][gc,phases      ] GC(1348)   Merge Heap Roots: 0.47ms
[4559.185s][info][gc,phases      ] GC(1348)   Evacuate Collection Set: 116.54ms
[4559.185s][info][gc,phases      ] GC(1348)   Post Evacuate Collection Set: 0.90ms
[4559.185s][info][gc,phases      ] GC(1348)   Other: 0.09ms
[4559.185s][info][gc,heap        ] GC(1348) Eden regions: 1122->0(1101)
[4559.185s][info][gc,heap        ] GC(1348) Survivor regions: 106->113(154)
[4559.185s][info][gc,heap        ] GC(1348) Old regions: 508->538
[4559.185s][info][gc,heap        ] GC(1348) Humongous regions: 80->80
[4559.185s][info][gc,metaspace   ] GC(1348) Metaspace: 28957K(29376K)->28957K(29376K) NonClass: 24086K(24256K)->24086K(24256K) Class: 4870K(5120K)->4870K(5120K)
[4559.185s][info][gc             ] GC(1348) Pause Young (Prepare Mixed) (G1 Evacuation Pause) 3629M->1460M(4096M) 118.430ms
[4559.185s][info][gc,cpu         ] GC(1348) User=0.71s Sys=0.00s Real=0.12s
..|[4561.195s][info][gc,start       ] GC(1349) Pause Young (Mixed) (G1 Evacuation Pause)
[4561.195s][info][gc,task        ] GC(1349) Using 6 workers of 6 for evacuation
[4561.327s][info][gc,phases      ] GC(1349)   Pre Evacuate Collection Set: 0.37ms
[4561.327s][info][gc,phases      ] GC(1349)   Merge Heap Roots: 0.67ms
[4561.327s][info][gc,phases      ] GC(1349)   Evacuate Collection Set: 129.45ms
[4561.327s][info][gc,phases      ] GC(1349)   Post Evacuate Collection Set: 0.91ms
[4561.327s][info][gc,phases      ] GC(1349)   Other: 0.09ms
[4561.327s][info][gc,heap        ] GC(1349) Eden regions: 1101->0(1119)
[4561.327s][info][gc,heap        ] GC(1349) Survivor regions: 113->109(152)
[4561.327s][info][gc,heap        ] GC(1349) Old regions: 538->474
[4561.327s][info][gc,heap        ] GC(1349) Humongous regions: 80->80
[4561.327s][info][gc,metaspace   ] GC(1349) Metaspace: 28957K(29376K)->28957K(29376K) NonClass: 24086K(24256K)->24086K(24256K) Class: 4870K(5120K)->4870K(5120K)
[4561.327s][info][gc             ] GC(1349) Pause Young (Mixed) (G1 Evacuation Pause) 3662M->1324M(4096M) 131.617ms
[4561.327s][info][gc,cpu         ] GC(1349) User=0.78s Sys=0.00s Real=0.13s
..[4563.497s][info][gc,start       ] GC(1350) Pause Young (Concurrent Start) (G1 Evacuation Pause)
[4563.497s][info][gc,task        ] GC(1350) Using 6 workers of 6 for evacuation
[4563.618s][info][gc,phases      ] GC(1350)   Pre Evacuate Collection Set: 0.36ms
[4563.618s][info][gc,phases      ] GC(1350)   Merge Heap Roots: 0.46ms
[4563.618s][info][gc,phases      ] GC(1350)   Evacuate Collection Set: 119.08ms
[4563.618s][info][gc,phases      ] GC(1350)   Post Evacuate Collection Set: 0.88ms
[4563.618s][info][gc,phases      ] GC(1350)   Other: 0.11ms
[4563.618s][info][gc,heap        ] GC(1350) Eden regions: 1119->0(1116)
[4563.618s][info][gc,heap        ] GC(1350) Survivor regions: 109->112(154)
[4563.618s][info][gc,heap        ] GC(1350) Old regions: 474->506
[4563.618s][info][gc,heap        ] GC(1350) Humongous regions: 80->80
[4563.618s][info][gc,metaspace   ] GC(1350) Metaspace: 28957K(29376K)->28957K(29376K) NonClass: 24086K(24256K)->24086K(24256K) Class: 4870K(5120K)->4870K(5120K)
[4563.618s][info][gc             ] GC(1350) Pause Young (Concurrent Start) (G1 Evacuation Pause) 3562M->1394M(4096M) 121.030ms
[4563.618s][info][gc             ] GC(1351) Concurrent Mark Cycle
[4563.618s][info][gc,marking     ] GC(1351) Concurrent Scan Root Regions
[4563.618s][info][gc,cpu         ] GC(1350) User=0.72s Sys=0.00s Real=0.12s
[4563.835s][info][gc,marking     ] GC(1351) Concurrent Scan Root Regions 217.267ms
[4563.835s][info][gc,marking     ] GC(1351) Concurrent Mark
[4563.835s][info][gc,marking     ] GC(1351) Concurrent Mark From Roots
[4563.835s][info][gc,task        ] GC(1351) Using 2 workers of 2 for marking
..[4565.017s][info][gc,marking     ] GC(1351) Concurrent Mark From Roots 1181.662ms
[4565.017s][info][gc,marking     ] GC(1351) Concurrent Preclean
[4565.017s][info][gc,marking     ] GC(1351) Concurrent Preclean 0.150ms
[4565.020s][info][gc,start       ] GC(1351) Pause Remark
[4565.027s][info][gc             ] GC(1351) Pause Remark 2778M->2778M(4096M) 6.629ms
[4565.027s][info][gc,cpu         ] GC(1351) User=0.04s Sys=0.00s Real=0.01s
[4565.027s][info][gc,marking     ] GC(1351) Concurrent Mark 1191.771ms
[4565.027s][info][gc,marking     ] GC(1351) Concurrent Rebuild Remembered Sets and Scrub Regions
[4565.389s][info][gc,marking     ] GC(1351) Concurrent Rebuild Remembered Sets and Scrub Regions 361.418ms
[4565.389s][info][gc,start       ] GC(1351) Pause Cleanup
[4565.390s][info][gc             ] GC(1351) Pause Cleanup 3196M->3196M(4096M) 0.140ms
[4565.390s][info][gc,cpu         ] GC(1351) User=0.00s Sys=0.00s Real=0.00s
[4565.390s][info][gc,marking     ] GC(1351) Concurrent Clear Claimed Marks
[4565.390s][info][gc,marking     ] GC(1351) Concurrent Clear Claimed Marks 0.022ms
[4565.390s][info][gc,marking     ] GC(1351) Concurrent Cleanup for Next Mark
[4565.399s][info][gc,marking     ] GC(1351) Concurrent Cleanup for Next Mark 9.666ms
[4565.399s][info][gc             ] GC(1351) Concurrent Mark Cycle 1781.346ms
[4565.741s][info][gc,start       ] GC(1352) Pause Young (Prepare Mixed) (G1 Evacuation Pause)
[4565.741s][info][gc,task        ] GC(1352) Using 6 workers of 6 for evacuation
[4565.862s][info][gc,phases      ] GC(1352)   Pre Evacuate Collection Set: 0.31ms
[4565.862s][info][gc,phases      ] GC(1352)   Merge Heap Roots: 0.52ms
[4565.862s][info][gc,phases      ] GC(1352)   Evacuate Collection Set: 119.28ms
[4565.862s][info][gc,phases      ] GC(1352)   Post Evacuate Collection Set: 0.88ms
[4565.862s][info][gc,phases      ] GC(1352)   Other: 0.09ms
[4565.862s][info][gc,heap        ] GC(1352) Eden regions: 1116->0(1103)
[4565.862s][info][gc,heap        ] GC(1352) Survivor regions: 112->112(154)
[4565.862s][info][gc,heap        ] GC(1352) Old regions: 506->538
[4565.862s][info][gc,heap        ] GC(1352) Humongous regions: 80->80
[4565.862s][info][gc,metaspace   ] GC(1352) Metaspace: 28957K(29376K)->28957K(29376K) NonClass: 24086K(24256K)->24086K(24256K) Class: 4870K(5120K)->4870K(5120K)
[4565.862s][info][gc             ] GC(1352) Pause Young (Prepare Mixed) (G1 Evacuation Pause) 3626M->1458M(4096M) 121.198ms
[4565.862s][info][gc,cpu         ] GC(1352) User=0.72s Sys=0.00s Real=0.12s
...[4568.061s][info][gc,start       ] GC(1353) Pause Young (Mixed) (G1 Evacuation Pause)
[4568.061s][info][gc,task        ] GC(1353) Using 6 workers of 6 for evacuation
[4568.192s][info][gc,phases      ] GC(1353)   Pre Evacuate Collection Set: 0.37ms
[4568.192s][info][gc,phases      ] GC(1353)   Merge Heap Roots: 0.68ms
[4568.192s][info][gc,phases      ] GC(1353)   Evacuate Collection Set: 129.60ms
[4568.192s][info][gc,phases      ] GC(1353)   Post Evacuate Collection Set: 0.93ms
[4568.192s][info][gc,phases      ] GC(1353)   Other: 0.09ms
[4568.192s][info][gc,heap        ] GC(1353) Eden regions: 1103->0(1122)
[4568.192s][info][gc,heap        ] GC(1353) Survivor regions: 112->106(152)
[4568.192s][info][gc,heap        ] GC(1353) Old regions: 538->475
[4568.192s][info][gc,heap        ] GC(1353) Humongous regions: 80->80
[4568.192s][info][gc,metaspace   ] GC(1353) Metaspace: 28957K(29376K)->28957K(29376K) NonClass: 24086K(24256K)->24086K(24256K) Class: 4870K(5120K)->4870K(5120K)
[4568.192s][info][gc             ] GC(1353) Pause Young (Mixed) (G1 Evacuation Pause) 3664M->1321M(4096M) 131.818ms
[4568.192s][info][gc,cpu         ] GC(1353) User=0.78s Sys=0.01s Real=0.13s
..[4570.312s][info][gc,start       ] GC(1354) Pause Young (Concurrent Start) (G1 Evacuation Pause)
[4570.313s][info][gc,task        ] GC(1354) Using 6 workers of 6 for evacuation
[4570.428s][info][gc,phases      ] GC(1354)   Pre Evacuate Collection Set: 0.40ms
[4570.428s][info][gc,phases      ] GC(1354)   Merge Heap Roots: 0.47ms
[4570.428s][info][gc,phases      ] GC(1354)   Evacuate Collection Set: 113.45ms
[4570.428s][info][gc,phases      ] GC(1354)   Post Evacuate Collection Set: 0.86ms
[4570.428s][info][gc,phases      ] GC(1354)   Other: 0.12ms
[4570.428s][info][gc,heap        ] GC(1354) Eden regions: 1122->0(1119)
[4570.428s][info][gc,heap        ] GC(1354) Survivor regions: 106->109(154)
[4570.428s][info][gc,heap        ] GC(1354) Old regions: 475->507
[4570.428s][info][gc,heap        ] GC(1354) Humongous regions: 80->80
[4570.428s][info][gc,metaspace   ] GC(1354) Metaspace: 28957K(29376K)->28957K(29376K) NonClass: 24086K(24256K)->24086K(24256K) Class: 4870K(5120K)->4870K(5120K)
[4570.428s][info][gc             ] GC(1354) Pause Young (Concurrent Start) (G1 Evacuation Pause) 3565M->1390M(4096M) 115.453ms
[4570.428s][info][gc             ] GC(1355) Concurrent Mark Cycle
[4570.428s][info][gc,marking     ] GC(1355) Concurrent Scan Root Regions
[4570.428s][info][gc,cpu         ] GC(1354) User=0.69s Sys=0.00s Real=0.12s
[4570.614s][info][gc,marking     ] GC(1355) Concurrent Scan Root Regions 185.770ms
[4570.614s][info][gc,marking     ] GC(1355) Concurrent Mark
[4570.614s][info][gc,marking     ] GC(1355) Concurrent Mark From Roots
[4570.614s][info][gc,task        ] GC(1355) Using 2 workers of 2 for marking
.[4571.619s][info][gc,marking     ] GC(1355) Concurrent Mark From Roots 1005.284ms
[4571.619s][info][gc,marking     ] GC(1355) Concurrent Preclean
[4571.619s][info][gc,marking     ] GC(1355) Concurrent Preclean 0.108ms
[4571.620s][info][gc,start       ] GC(1355) Pause Remark
[4571.626s][info][gc             ] GC(1355) Pause Remark 2628M->2628M(4096M) 6.655ms
[4571.626s][info][gc,cpu         ] GC(1355) User=0.04s Sys=0.00s Real=0.01s
[4571.628s][info][gc,marking     ] GC(1355) Concurrent Mark 1013.775ms
[4571.628s][info][gc,marking     ] GC(1355) Concurrent Rebuild Remembered Sets and Scrub Regions
[4571.939s][info][gc,marking     ] GC(1355) Concurrent Rebuild Remembered Sets and Scrub Regions 311.693ms
[4571.941s][info][gc,start       ] GC(1355) Pause Cleanup
[4571.941s][info][gc             ] GC(1355) Pause Cleanup 2914M->2914M(4096M) 0.131ms
[4571.941s][info][gc,cpu         ] GC(1355) User=0.00s Sys=0.00s Real=0.00s
[4571.941s][info][gc,marking     ] GC(1355) Concurrent Clear Claimed Marks
[4571.941s][info][gc,marking     ] GC(1355) Concurrent Clear Claimed Marks 0.036ms
[4571.941s][info][gc,marking     ] GC(1355) Concurrent Cleanup for Next Mark
[4571.946s][info][gc,marking     ] GC(1355) Concurrent Cleanup for Next Mark 4.903ms
[4571.946s][info][gc             ] GC(1355) Concurrent Mark Cycle 1517.802ms
.[4572.581s][info][gc,start       ] GC(1356) Pause Young (Prepare Mixed) (G1 Evacuation Pause)
[4572.581s][info][gc,task        ] GC(1356) Using 6 workers of 6 for evacuation
[4572.705s][info][gc,phases      ] GC(1356)   Pre Evacuate Collection Set: 0.31ms
[4572.705s][info][gc,phases      ] GC(1356)   Merge Heap Roots: 0.52ms
[4572.705s][info][gc,phases      ] GC(1356)   Evacuate Collection Set: 122.33ms
[4572.705s][info][gc,phases      ] GC(1356)   Post Evacuate Collection Set: 0.91ms
[4572.705s][info][gc,phases      ] GC(1356)   Other: 0.09ms
[4572.705s][info][gc,heap        ] GC(1356) Eden regions: 1119->0(1094)
[4572.705s][info][gc,heap        ] GC(1356) Survivor regions: 109->116(154)
[4572.705s][info][gc,heap        ] GC(1356) Old regions: 507->539
[4572.705s][info][gc,heap        ] GC(1356) Humongous regions: 80->80
[4572.705s][info][gc,metaspace   ] GC(1356) Metaspace: 28957K(29376K)->28957K(29376K) NonClass: 24086K(24256K)->24086K(24256K) Class: 4870K(5120K)->4870K(5120K)
[4572.705s][info][gc             ] GC(1356) Pause Young (Prepare Mixed) (G1 Evacuation Pause) 3628M->1467M(4096M) 124.300ms
[4572.705s][info][gc,cpu         ] GC(1356) User=0.74s Sys=0.00s Real=0.13s
..[4574.810s][info][gc,start       ] GC(1357) Pause Young (Mixed) (G1 Evacuation Pause)
[4574.810s][info][gc,task        ] GC(1357) Using 6 workers of 6 for evacuation
[4574.943s][info][gc,phases      ] GC(1357)   Pre Evacuate Collection Set: 0.35ms
[4574.943s][info][gc,phases      ] GC(1357)   Merge Heap Roots: 0.77ms
[4574.943s][info][gc,phases      ] GC(1357)   Evacuate Collection Set: 130.90ms
[4574.943s][info][gc,phases      ] GC(1357)   Post Evacuate Collection Set: 0.90ms
[4574.943s][info][gc,phases      ] GC(1357)   Other: 0.08ms
[4574.943s][info][gc,heap        ] GC(1357) Eden regions: 1094->0(1119)
[4574.943s][info][gc,heap        ] GC(1357) Survivor regions: 116->109(152)
[4574.943s][info][gc,heap        ] GC(1357) Old regions: 539->474
[4574.943s][info][gc,heap        ] GC(1357) Humongous regions: 80->80
[4574.943s][info][gc,metaspace   ] GC(1357) Metaspace: 28957K(29376K)->28957K(29376K) NonClass: 24086K(24256K)->24086K(24256K) Class: 4870K(5120K)->4870K(5120K)
[4574.943s][info][gc             ] GC(1357) Pause Young (Mixed) (G1 Evacuation Pause) 3655M->1325M(4096M) 133.154ms
[4574.943s][info][gc,cpu         ] GC(1357) User=0.80s Sys=0.00s Real=0.13s
..[4577.068s][info][gc,start       ] GC(1358) Pause Young (Concurrent Start) (G1 Evacuation Pause)
[4577.068s][info][gc,task        ] GC(1358) Using 6 workers of 6 for evacuation
[4577.183s][info][gc,phases      ] GC(1358)   Pre Evacuate Collection Set: 0.35ms
[4577.183s][info][gc,phases      ] GC(1358)   Merge Heap Roots: 0.45ms
[4577.183s][info][gc,phases      ] GC(1358)   Evacuate Collection Set: 113.07ms
[4577.183s][info][gc,phases      ] GC(1358)   Post Evacuate Collection Set: 0.84ms
[4577.183s][info][gc,phases      ] GC(1358)   Other: 0.11ms
[4577.183s][info][gc,heap        ] GC(1358) Eden regions: 1119->0(1121)
[4577.183s][info][gc,heap        ] GC(1358) Survivor regions: 109->107(154)
[4577.183s][info][gc,heap        ] GC(1358) Old regions: 474->506
[4577.183s][info][gc,heap        ] GC(1358) Humongous regions: 80->80
[4577.183s][info][gc,metaspace   ] GC(1358) Metaspace: 28957K(29376K)->28957K(29376K) NonClass: 24086K(24256K)->24086K(24256K) Class: 4870K(5120K)->4870K(5120K)
[4577.183s][info][gc             ] GC(1358) Pause Young (Concurrent Start) (G1 Evacuation Pause) 3563M->1385M(4096M) 114.964ms
[4577.183s][info][gc             ] GC(1359) Concurrent Mark Cycle
[4577.183s][info][gc,marking     ] GC(1359) Concurrent Scan Root Regions
[4577.183s][info][gc,cpu         ] GC(1358) User=0.68s Sys=0.00s Real=0.11s
.[4577.369s][info][gc,marking     ] GC(1359) Concurrent Scan Root Regions 186.347ms
[4577.369s][info][gc,marking     ] GC(1359) Concurrent Mark
[4577.369s][info][gc,marking     ] GC(1359) Concurrent Mark From Roots
[4577.369s][info][gc,task        ] GC(1359) Using 2 workers of 2 for marking
[4578.154s][info][gc,marking     ] GC(1359) Concurrent Mark From Roots 784.817ms
[4578.154s][info][gc,marking     ] GC(1359) Concurrent Preclean
[4578.154s][info][gc,marking     ] GC(1359) Concurrent Preclean 0.118ms
[4578.157s][info][gc,start       ] GC(1359) Pause Remark
[4578.164s][info][gc             ] GC(1359) Pause Remark 2361M->2361M(4096M) 6.319ms
[4578.164s][info][gc,cpu         ] GC(1359) User=0.04s Sys=0.00s Real=0.01s
[4578.164s][info][gc,marking     ] GC(1359) Concurrent Mark 794.370ms
[4578.164s][info][gc,marking     ] GC(1359) Concurrent Rebuild Remembered Sets and Scrub Regions
.[4578.379s][info][gc,marking     ] GC(1359) Concurrent Rebuild Remembered Sets and Scrub Regions 215.043ms
[4578.379s][info][gc,start       ] GC(1359) Pause Cleanup
[4578.379s][info][gc             ] GC(1359) Pause Cleanup 2578M->2578M(4096M) 0.107ms
[4578.379s][info][gc,cpu         ] GC(1359) User=0.01s Sys=0.00s Real=0.00s
[4578.379s][info][gc,marking     ] GC(1359) Concurrent Clear Claimed Marks
[4578.379s][info][gc,marking     ] GC(1359) Concurrent Clear Claimed Marks 0.021ms
[4578.379s][info][gc,marking     ] GC(1359) Concurrent Cleanup for Next Mark
[4578.384s][info][gc,marking     ] GC(1359) Concurrent Cleanup for Next Mark 5.229ms
[4578.384s][info][gc             ] GC(1359) Concurrent Mark Cycle 1201.460ms
[4579.332s][info][gc,start       ] GC(1360) Pause Young (Prepare Mixed) (G1 Evacuation Pause)
[4579.332s][info][gc,task        ] GC(1360) Using 6 workers of 6 for evacuation
[4579.451s][info][gc,phases      ] GC(1360)   Pre Evacuate Collection Set: 0.31ms
[4579.451s][info][gc,phases      ] GC(1360)   Merge Heap Roots: 0.48ms
[4579.451s][info][gc,phases      ] GC(1360)   Evacuate Collection Set: 117.07ms
[4579.451s][info][gc,phases      ] GC(1360)   Post Evacuate Collection Set: 0.93ms
[4579.451s][info][gc,phases      ] GC(1360)   Other: 0.09ms
[4579.451s][info][gc,heap        ] GC(1360) Eden regions: 1121->0(1103)
[4579.451s][info][gc,heap        ] GC(1360) Survivor regions: 107->112(154)
[4579.451s][info][gc,heap        ] GC(1360) Old regions: 506->538
[4579.451s][info][gc,heap        ] GC(1360) Humongous regions: 80->80
[4579.451s][info][gc,metaspace   ] GC(1360) Metaspace: 28957K(29376K)->28957K(29376K) NonClass: 24086K(24256K)->24086K(24256K) Class: 4870K(5120K)->4870K(5120K)
[4579.451s][info][gc             ] GC(1360) Pause Young (Prepare Mixed) (G1 Evacuation Pause) 3627M->1457M(4096M) 119.004ms
[4579.451s][info][gc,cpu         ] GC(1360) User=0.71s Sys=0.00s Real=0.12s
...[4581.578s][info][gc,start       ] GC(1361) Pause Young (Mixed) (G1 Evacuation Pause)
[4581.578s][info][gc,task        ] GC(1361) Using 6 workers of 6 for evacuation
[4581.715s][info][gc,phases      ] GC(1361)   Pre Evacuate Collection Set: 0.36ms
[4581.715s][info][gc,phases      ] GC(1361)   Merge Heap Roots: 0.65ms
[4581.715s][info][gc,phases      ] GC(1361)   Evacuate Collection Set: 135.69ms
[4581.715s][info][gc,phases      ] GC(1361)   Post Evacuate Collection Set: 0.90ms
[4581.715s][info][gc,phases      ] GC(1361)   Other: 0.09ms
[4581.715s][info][gc,heap        ] GC(1361) Eden regions: 1103->0(1115)
[4581.715s][info][gc,heap        ] GC(1361) Survivor regions: 112->113(152)
[4581.715s][info][gc,heap        ] GC(1361) Old regions: 538->474
[4581.715s][info][gc,heap        ] GC(1361) Humongous regions: 80->80
[4581.715s][info][gc,metaspace   ] GC(1361) Metaspace: 28957K(29376K)->28957K(29376K) NonClass: 24086K(24256K)->24086K(24256K) Class: 4870K(5120K)->4870K(5120K)
[4581.715s][info][gc             ] GC(1361) Pause Young (Mixed) (G1 Evacuation Pause) 3663M->1332M(4096M) 137.811ms
[4581.715s][info][gc,cpu         ] GC(1361) User=0.82s Sys=0.00s Real=0.14s
..[4583.850s][info][gc,start       ] GC(1362) Pause Young (Concurrent Start) (G1 Evacuation Pause)
[4583.850s][info][gc,task        ] GC(1362) Using 6 workers of 6 for evacuation
[4583.972s][info][gc,phases      ] GC(1362)   Pre Evacuate Collection Set: 0.34ms
[4583.972s][info][gc,phases      ] GC(1362)   Merge Heap Roots: 0.46ms
[4583.972s][info][gc,phases      ] GC(1362)   Evacuate Collection Set: 120.52ms
[4583.972s][info][gc,phases      ] GC(1362)   Post Evacuate Collection Set: 0.87ms
[4583.972s][info][gc,phases      ] GC(1362)   Other: 0.12ms
[4583.972s][info][gc,heap        ] GC(1362) Eden regions: 1115->0(1115)
[4583.972s][info][gc,heap        ] GC(1362) Survivor regions: 113->113(154)
[4583.972s][info][gc,heap        ] GC(1362) Old regions: 474->506
[4583.972s][info][gc,heap        ] GC(1362) Humongous regions: 80->80
[4583.972s][info][gc,metaspace   ] GC(1362) Metaspace: 28957K(29376K)->28957K(29376K) NonClass: 24086K(24256K)->24086K(24256K) Class: 4870K(5120K)->4870K(5120K)
[4583.972s][info][gc             ] GC(1362) Pause Young (Concurrent Start) (G1 Evacuation Pause) 3562M->1396M(4096M) 122.460ms
[4583.972s][info][gc             ] GC(1363) Concurrent Mark Cycle
[4583.972s][info][gc,marking     ] GC(1363) Concurrent Scan Root Regions
[4583.972s][info][gc,cpu         ] GC(1362) User=0.72s Sys=0.00s Real=0.12s
[4584.135s][info][gc,marking     ] GC(1363) Concurrent Scan Root Regions 162.893ms
[4584.135s][info][gc,marking     ] GC(1363) Concurrent Mark
[4584.135s][info][gc,marking     ] GC(1363) Concurrent Mark From Roots
[4584.135s][info][gc,task        ] GC(1363) Using 2 workers of 2 for marking
.[4584.996s][info][gc,marking     ] GC(1363) Concurrent Mark From Roots 860.436ms
[4584.996s][info][gc,marking     ] GC(1363) Concurrent Preclean
[4584.996s][info][gc,marking     ] GC(1363) Concurrent Preclean 0.107ms
[4584.998s][info][gc,start       ] GC(1363) Pause Remark
[4585.005s][info][gc             ] GC(1363) Pause Remark 2340M->2340M(4096M) 6.995ms
[4585.005s][info][gc,cpu         ] GC(1363) User=0.04s Sys=0.00s Real=0.01s
[4585.005s][info][gc,marking     ] GC(1363) Concurrent Mark 870.012ms
[4585.005s][info][gc,marking     ] GC(1363) Concurrent Rebuild Remembered Sets and Scrub Regions
[4585.224s][info][gc,marking     ] GC(1363) Concurrent Rebuild Remembered Sets and Scrub Regions 219.310ms
[4585.226s][info][gc,start       ] GC(1363) Pause Cleanup
[4585.226s][info][gc             ] GC(1363) Pause Cleanup 2552M->2552M(4096M) 0.119ms
[4585.226s][info][gc,cpu         ] GC(1363) User=0.00s Sys=0.00s Real=0.00s
[4585.226s][info][gc,marking     ] GC(1363) Concurrent Clear Claimed Marks
[4585.226s][info][gc,marking     ] GC(1363) Concurrent Clear Claimed Marks 0.040ms
[4585.226s][info][gc,marking     ] GC(1363) Concurrent Cleanup for Next Mark
[4585.237s][info][gc,marking     ] GC(1363) Concurrent Cleanup for Next Mark 11.327ms
[4585.237s][info][gc             ] GC(1363) Concurrent Mark Cycle 1265.037ms
.[4586.040s][info][gc,start       ] GC(1364) Pause Young (Prepare Mixed) (G1 Evacuation Pause)
[4586.040s][info][gc,task        ] GC(1364) Using 6 workers of 6 for evacuation
[4586.155s][info][gc,phases      ] GC(1364)   Pre Evacuate Collection Set: 0.33ms
[4586.155s][info][gc,phases      ] GC(1364)   Merge Heap Roots: 0.54ms
[4586.155s][info][gc,phases      ] GC(1364)   Evacuate Collection Set: 113.46ms
[4586.155s][info][gc,phases      ] GC(1364)   Post Evacuate Collection Set: 0.89ms
[4586.155s][info][gc,phases      ] GC(1364)   Other: 0.09ms
[4586.155s][info][gc,heap        ] GC(1364) Eden regions: 1115->0(1111)
[4586.155s][info][gc,heap        ] GC(1364) Survivor regions: 113->108(154)
[4586.155s][info][gc,heap        ] GC(1364) Old regions: 506->538
[4586.155s][info][gc,heap        ] GC(1364) Humongous regions: 80->80
[4586.155s][info][gc,metaspace   ] GC(1364) Metaspace: 28957K(29376K)->28957K(29376K) NonClass: 24086K(24256K)->24086K(24256K) Class: 4870K(5120K)->4870K(5120K)
[4586.155s][info][gc             ] GC(1364) Pause Young (Prepare Mixed) (G1 Evacuation Pause) 3626M->1450M(4096M) 115.444ms
[4586.155s][info][gc,cpu         ] GC(1364) User=0.69s Sys=0.00s Real=0.12s
..[4588.210s][info][gc,start       ] GC(1365) Pause Young (Mixed) (G1 Evacuation Pause)
[4588.210s][info][gc,task        ] GC(1365) Using 6 workers of 6 for evacuation
[4588.343s][info][gc,phases      ] GC(1365)   Pre Evacuate Collection Set: 0.40ms
[4588.343s][info][gc,phases      ] GC(1365)   Merge Heap Roots: 0.70ms
[4588.343s][info][gc,phases      ] GC(1365)   Evacuate Collection Set: 131.05ms
[4588.343s][info][gc,phases      ] GC(1365)   Post Evacuate Collection Set: 0.94ms
[4588.343s][info][gc,phases      ] GC(1365)   Other: 0.09ms
[4588.343s][info][gc,heap        ] GC(1365) Eden regions: 1111->0(1118)
[4588.343s][info][gc,heap        ] GC(1365) Survivor regions: 108->110(153)
[4588.343s][info][gc,heap        ] GC(1365) Old regions: 538->473
[4588.343s][info][gc,heap        ] GC(1365) Humongous regions: 80->80
[4588.343s][info][gc,metaspace   ] GC(1365) Metaspace: 28957K(29376K)->28957K(29376K) NonClass: 24086K(24256K)->24086K(24256K) Class: 4870K(5120K)->4870K(5120K)
[4588.343s][info][gc             ] GC(1365) Pause Young (Mixed) (G1 Evacuation Pause) 3672M->1323M(4096M) 133.324ms
[4588.343s][info][gc,cpu         ] GC(1365) User=0.80s Sys=0.00s Real=0.14s
..[4590.474s][info][gc,start       ] GC(1366) Pause Young (Concurrent Start) (G1 Evacuation Pause)
[4590.474s][info][gc,task        ] GC(1366) Using 6 workers of 6 for evacuation
[4590.592s][info][gc,phases      ] GC(1366)   Pre Evacuate Collection Set: 0.42ms
[4590.592s][info][gc,phases      ] GC(1366)   Merge Heap Roots: 0.46ms
[4590.592s][info][gc,phases      ] GC(1366)   Evacuate Collection Set: 116.46ms
[4590.592s][info][gc,phases      ] GC(1366)   Post Evacuate Collection Set: 0.90ms
[4590.592s][info][gc,phases      ] GC(1366)   Other: 0.13ms
[4590.592s][info][gc,heap        ] GC(1366) Eden regions: 1118->0(1116)
[4590.592s][info][gc,heap        ] GC(1366) Survivor regions: 110->112(154)
[4590.592s][info][gc,heap        ] GC(1366) Old regions: 473->505
[4590.592s][info][gc,heap        ] GC(1366) Humongous regions: 80->80
[4590.592s][info][gc,metaspace   ] GC(1366) Metaspace: 28957K(29376K)->28957K(29376K) NonClass: 24086K(24256K)->24086K(24256K) Class: 4870K(5120K)->4870K(5120K)
[4590.592s][info][gc             ] GC(1366) Pause Young (Concurrent Start) (G1 Evacuation Pause) 3559M->1392M(4096M) 118.502ms
[4590.592s][info][gc             ] GC(1367) Concurrent Mark Cycle
[4590.592s][info][gc,marking     ] GC(1367) Concurrent Scan Root Regions
[4590.592s][info][gc,cpu         ] GC(1366) User=0.71s Sys=0.00s Real=0.11s
[4590.736s][info][gc,marking     ] GC(1367) Concurrent Scan Root Regions 143.947ms
[4590.736s][info][gc,marking     ] GC(1367) Concurrent Mark
[4590.736s][info][gc,marking     ] GC(1367) Concurrent Mark From Roots
[4590.736s][info][gc,task        ] GC(1367) Using 2 workers of 2 for marking
.[4591.443s][info][gc,marking     ] GC(1367) Concurrent Mark From Roots 706.212ms
[4591.443s][info][gc,marking     ] GC(1367) Concurrent Preclean
[4591.443s][info][gc,marking     ] GC(1367) Concurrent Preclean 0.137ms
[4591.444s][info][gc,start       ] GC(1367) Pause Remark
[4591.451s][info][gc             ] GC(1367) Pause Remark 2230M->2230M(4096M) 6.924ms
[4591.451s][info][gc,cpu         ] GC(1367) User=0.04s Sys=0.00s Real=0.00s
[4591.451s][info][gc,marking     ] GC(1367) Concurrent Mark 714.552ms
[4591.451s][info][gc,marking     ] GC(1367) Concurrent Rebuild Remembered Sets and Scrub Regions
[4591.854s][info][gc,marking     ] GC(1367) Concurrent Rebuild Remembered Sets and Scrub Regions 402.771ms
[4591.855s][info][gc,start       ] GC(1367) Pause Cleanup
[4591.855s][info][gc             ] GC(1367) Pause Cleanup 2630M->2630M(4096M) 0.118ms
[4591.855s][info][gc,cpu         ] GC(1367) User=0.00s Sys=0.00s Real=0.00s
[4591.856s][info][gc,marking     ] GC(1367) Concurrent Clear Claimed Marks
[4591.856s][info][gc,marking     ] GC(1367) Concurrent Clear Claimed Marks 0.046ms
[4591.856s][info][gc,marking     ] GC(1367) Concurrent Cleanup for Next Mark
[4591.861s][info][gc,marking     ] GC(1367) Concurrent Cleanup for Next Mark 5.420ms
[4591.861s][info][gc             ] GC(1367) Concurrent Mark Cycle 1268.933ms
.[4592.697s][info][gc,start       ] GC(1368) Pause Young (Prepare Mixed) (G1 Evacuation Pause)
[4592.697s][info][gc,task        ] GC(1368) Using 6 workers of 6 for evacuation
[4592.811s][info][gc,phases      ] GC(1368)   Pre Evacuate Collection Set: 0.35ms
[4592.811s][info][gc,phases      ] GC(1368)   Merge Heap Roots: 0.50ms
[4592.811s][info][gc,phases      ] GC(1368)   Evacuate Collection Set: 112.16ms
[4592.811s][info][gc,phases      ] GC(1368)   Post Evacuate Collection Set: 0.93ms
[4592.811s][info][gc,phases      ] GC(1368)   Other: 0.08ms
[4592.811s][info][gc,heap        ] GC(1368) Eden regions: 1116->0(1113)
[4592.811s][info][gc,heap        ] GC(1368) Survivor regions: 112->108(154)
[4592.811s][info][gc,heap        ] GC(1368) Old regions: 505->536
[4592.811s][info][gc,heap        ] GC(1368) Humongous regions: 80->80
[4592.811s][info][gc,metaspace   ] GC(1368) Metaspace: 28957K(29376K)->28957K(29376K) NonClass: 24086K(24256K)->24086K(24256K) Class: 4870K(5120K)->4870K(5120K)
[4592.811s][info][gc             ] GC(1368) Pause Young (Prepare Mixed) (G1 Evacuation Pause) 3624M->1446M(4096M) 114.176ms
[4592.811s][info][gc,cpu         ] GC(1368) User=0.68s Sys=0.00s Real=0.11s
..[4594.893s][info][gc,start       ] GC(1369) Pause Young (Mixed) (G1 Evacuation Pause)
[4594.893s][info][gc,task        ] GC(1369) Using 6 workers of 6 for evacuation
[4595.027s][info][gc,phases      ] GC(1369)   Pre Evacuate Collection Set: 0.37ms
[4595.027s][info][gc,phases      ] GC(1369)   Merge Heap Roots: 0.66ms
[4595.027s][info][gc,phases      ] GC(1369)   Evacuate Collection Set: 132.42ms
[4595.027s][info][gc,phases      ] GC(1369)   Post Evacuate Collection Set: 0.94ms
[4595.027s][info][gc,phases      ] GC(1369)   Other: 0.09ms
[4595.027s][info][gc,heap        ] GC(1369) Eden regions: 1113->0(1117)
[4595.027s][info][gc,heap        ] GC(1369) Survivor regions: 108->111(153)
[4595.027s][info][gc,heap        ] GC(1369) Old regions: 536->473
[4595.027s][info][gc,heap        ] GC(1369) Humongous regions: 80->80
[4595.027s][info][gc,metaspace   ] GC(1369) Metaspace: 28957K(29376K)->28957K(29376K) NonClass: 24086K(24256K)->24086K(24256K) Class: 4870K(5120K)->4870K(5120K)
[4595.027s][info][gc             ] GC(1369) Pause Young (Mixed) (G1 Evacuation Pause) 3672M->1325M(4096M) 134.609ms
[4595.027s][info][gc,cpu         ] GC(1369) User=0.80s Sys=0.00s Real=0.14s
...[4597.125s][info][gc,start       ] GC(1370) Pause Young (Concurrent Start) (G1 Evacuation Pause)
[4597.125s][info][gc,task        ] GC(1370) Using 6 workers of 6 for evacuation
[4597.243s][info][gc,phases      ] GC(1370)   Pre Evacuate Collection Set: 0.38ms
[4597.243s][info][gc,phases      ] GC(1370)   Merge Heap Roots: 0.50ms
[4597.243s][info][gc,phases      ] GC(1370)   Evacuate Collection Set: 115.93ms
[4597.243s][info][gc,phases      ] GC(1370)   Post Evacuate Collection Set: 0.86ms
[4597.243s][info][gc,phases      ] GC(1370)   Other: 0.12ms
[4597.243s][info][gc,heap        ] GC(1370) Eden regions: 1117->0(1119)
[4597.243s][info][gc,heap        ] GC(1370) Survivor regions: 111->109(154)
[4597.243s][info][gc,heap        ] GC(1370) Old regions: 473->505
[4597.243s][info][gc,heap        ] GC(1370) Humongous regions: 80->80
[4597.243s][info][gc,metaspace   ] GC(1370) Metaspace: 28957K(29376K)->28957K(29376K) NonClass: 24086K(24256K)->24086K(24256K) Class: 4870K(5120K)->4870K(5120K)
[4597.243s][info][gc             ] GC(1370) Pause Young (Concurrent Start) (G1 Evacuation Pause) 3559M->1387M(4096M) 117.908ms
[4597.243s][info][gc             ] GC(1371) Concurrent Mark Cycle
[4597.243s][info][gc,marking     ] GC(1371) Concurrent Scan Root Regions
[4597.243s][info][gc,cpu         ] GC(1370) User=0.71s Sys=0.00s Real=0.12s
[4597.434s][info][gc,marking     ] GC(1371) Concurrent Scan Root Regions 190.562ms
[4597.434s][info][gc,marking     ] GC(1371) Concurrent Mark
[4597.434s][info][gc,marking     ] GC(1371) Concurrent Mark From Roots
[4597.434s][info][gc,task        ] GC(1371) Using 2 workers of 2 for marking
.[4598.434s][info][gc,marking     ] GC(1371) Concurrent Mark From Roots 1000.254ms
[4598.434s][info][gc,marking     ] GC(1371) Concurrent Preclean
[4598.434s][info][gc,marking     ] GC(1371) Concurrent Preclean 0.128ms
[4598.436s][info][gc,start       ] GC(1371) Pause Remark
[4598.441s][info][gc             ] GC(1371) Pause Remark 2611M->2611M(4096M) 4.802ms
[4598.441s][info][gc,cpu         ] GC(1371) User=0.03s Sys=0.00s Real=0.00s
[4598.441s][info][gc,marking     ] GC(1371) Concurrent Mark 1007.321ms
[4598.441s][info][gc,marking     ] GC(1371) Concurrent Rebuild Remembered Sets and Scrub Regions
[4598.886s][info][gc,marking     ] GC(1371) Concurrent Rebuild Remembered Sets and Scrub Regions 444.985ms
[4598.887s][info][gc,start       ] GC(1371) Pause Cleanup
[4598.887s][info][gc             ] GC(1371) Pause Cleanup 3049M->3049M(4096M) 0.117ms
[4598.887s][info][gc,cpu         ] GC(1371) User=0.00s Sys=0.00s Real=0.00s
[4598.888s][info][gc,marking     ] GC(1371) Concurrent Clear Claimed Marks
[4598.888s][info][gc,marking     ] GC(1371) Concurrent Clear Claimed Marks 0.040ms
[4598.888s][info][gc,marking     ] GC(1371) Concurrent Cleanup for Next Mark
[4598.952s][info][gc,marking     ] GC(1371) Concurrent Cleanup for Next Mark 63.668ms
[4598.952s][info][gc             ] GC(1371) Concurrent Mark Cycle 1708.890ms
.[4599.423s][info][gc,start       ] GC(1372) Pause Young (Prepare Mixed) (G1 Evacuation Pause)
[4599.423s][info][gc,task        ] GC(1372) Using 6 workers of 6 for evacuation
[4599.542s][info][gc,phases      ] GC(1372)   Pre Evacuate Collection Set: 0.32ms
[4599.542s][info][gc,phases      ] GC(1372)   Merge Heap Roots: 0.59ms
[4599.542s][info][gc,phases      ] GC(1372)   Evacuate Collection Set: 117.31ms
[4599.542s][info][gc,phases      ] GC(1372)   Post Evacuate Collection Set: 0.81ms
[4599.542s][info][gc,phases      ] GC(1372)   Other: 0.09ms
[4599.542s][info][gc,heap        ] GC(1372) Eden regions: 1119->0(1103)
[4599.542s][info][gc,heap        ] GC(1372) Survivor regions: 109->112(154)
[4599.542s][info][gc,heap        ] GC(1372) Old regions: 505->538
[4599.542s][info][gc,heap        ] GC(1372) Humongous regions: 80->80
[4599.542s][info][gc,metaspace   ] GC(1372) Metaspace: 28957K(29376K)->28957K(29376K) NonClass: 24086K(24256K)->24086K(24256K) Class: 4870K(5120K)->4870K(5120K)
[4599.542s][info][gc             ] GC(1372) Pause Young (Prepare Mixed) (G1 Evacuation Pause) 3625M->1458M(4096M) 119.259ms
[4599.542s][info][gc,cpu         ] GC(1372) User=0.71s Sys=0.00s Real=0.12s
..[4601.619s][info][gc,start       ] GC(1373) Pause Young (Mixed) (G1 Evacuation Pause)
[4601.619s][info][gc,task        ] GC(1373) Using 6 workers of 6 for evacuation
[4601.759s][info][gc,phases      ] GC(1373)   Pre Evacuate Collection Set: 0.40ms
[4601.759s][info][gc,phases      ] GC(1373)   Merge Heap Roots: 0.68ms
[4601.759s][info][gc,phases      ] GC(1373)   Evacuate Collection Set: 137.90ms
[4601.759s][info][gc,phases      ] GC(1373)   Post Evacuate Collection Set: 0.93ms
[4601.759s][info][gc,phases      ] GC(1373)   Other: 0.09ms
[4601.759s][info][gc,heap        ] GC(1373) Eden regions: 1103->0(1114)
[4601.759s][info][gc,heap        ] GC(1373) Survivor regions: 112->114(152)
[4601.759s][info][gc,heap        ] GC(1373) Old regions: 538->474
[4601.759s][info][gc,heap        ] GC(1373) Humongous regions: 80->80
[4601.759s][info][gc,metaspace   ] GC(1373) Metaspace: 28957K(29376K)->28957K(29376K) NonClass: 24086K(24256K)->24086K(24256K) Class: 4870K(5120K)->4870K(5120K)
[4601.759s][info][gc             ] GC(1373) Pause Young (Mixed) (G1 Evacuation Pause) 3664M->1335M(4096M) 140.143ms
[4601.759s][info][gc,cpu         ] GC(1373) User=0.83s Sys=0.00s Real=0.14s
..[4603.917s][info][gc,start       ] GC(1374) Pause Young (Concurrent Start) (G1 Evacuation Pause)
[4603.917s][info][gc,task        ] GC(1374) Using 6 workers of 6 for evacuation
[4604.035s][info][gc,phases      ] GC(1374)   Pre Evacuate Collection Set: 0.40ms
[4604.035s][info][gc,phases      ] GC(1374)   Merge Heap Roots: 0.52ms
[4604.035s][info][gc,phases      ] GC(1374)   Evacuate Collection Set: 116.36ms
[4604.035s][info][gc,phases      ] GC(1374)   Post Evacuate Collection Set: 0.86ms
[4604.035s][info][gc,phases      ] GC(1374)   Other: 0.13ms
[4604.035s][info][gc,heap        ] GC(1374) Eden regions: 1114->0(1119)
[4604.035s][info][gc,heap        ] GC(1374) Survivor regions: 114->109(154)
[4604.035s][info][gc,heap        ] GC(1374) Old regions: 474->505
[4604.035s][info][gc,heap        ] GC(1374) Humongous regions: 80->80
[4604.035s][info][gc,metaspace   ] GC(1374) Metaspace: 28957K(29376K)->28957K(29376K) NonClass: 24086K(24256K)->24086K(24256K) Class: 4870K(5120K)->4870K(5120K)
[4604.035s][info][gc             ] GC(1374) Pause Young (Concurrent Start) (G1 Evacuation Pause) 3563M->1387M(4096M) 118.391ms
[4604.035s][info][gc             ] GC(1375) Concurrent Mark Cycle
[4604.035s][info][gc,marking     ] GC(1375) Concurrent Scan Root Regions
[4604.035s][info][gc,cpu         ] GC(1374) User=0.70s Sys=0.01s Real=0.12s
.[4604.236s][info][gc,marking     ] GC(1375) Concurrent Scan Root Regions 201.127ms
[4604.236s][info][gc,marking     ] GC(1375) Concurrent Mark
[4604.236s][info][gc,marking     ] GC(1375) Concurrent Mark From Roots
[4604.236s][info][gc,task        ] GC(1375) Using 2 workers of 2 for marking
[4605.218s][info][gc,marking     ] GC(1375) Concurrent Mark From Roots 981.388ms
[4605.218s][info][gc,marking     ] GC(1375) Concurrent Preclean
[4605.218s][info][gc,marking     ] GC(1375) Concurrent Preclean 0.127ms
[4605.220s][info][gc,start       ] GC(1375) Pause Remark
[4605.226s][info][gc             ] GC(1375) Pause Remark 2533M->2533M(4096M) 6.427ms
[4605.226s][info][gc,cpu         ] GC(1375) User=0.03s Sys=0.00s Real=0.01s
[4605.227s][info][gc,marking     ] GC(1375) Concurrent Mark 990.340ms
[4605.227s][info][gc,marking     ] GC(1375) Concurrent Rebuild Remembered Sets and Scrub Regions
.[4605.474s][info][gc,marking     ] GC(1375) Concurrent Rebuild Remembered Sets and Scrub Regions 247.204ms
[4605.476s][info][gc,start       ] GC(1375) Pause Cleanup
[4605.476s][info][gc             ] GC(1375) Pause Cleanup 2789M->2789M(4096M) 0.139ms
[4605.476s][info][gc,cpu         ] GC(1375) User=0.00s Sys=0.00s Real=0.00s
[4605.476s][info][gc,marking     ] GC(1375) Concurrent Clear Claimed Marks
[4605.476s][info][gc,marking     ] GC(1375) Concurrent Clear Claimed Marks 0.041ms
[4605.476s][info][gc,marking     ] GC(1375) Concurrent Cleanup for Next Mark
[4605.482s][info][gc,marking     ] GC(1375) Concurrent Cleanup for Next Mark 5.815ms
[4605.482s][info][gc             ] GC(1375) Concurrent Mark Cycle 1447.041ms
[4606.175s][info][gc,start       ] GC(1376) Pause Young (Prepare Mixed) (G1 Evacuation Pause)
[4606.175s][info][gc,task        ] GC(1376) Using 6 workers of 6 for evacuation
[4606.291s][info][gc,phases      ] GC(1376)   Pre Evacuate Collection Set: 0.36ms
[4606.291s][info][gc,phases      ] GC(1376)   Merge Heap Roots: 0.51ms
[4606.291s][info][gc,phases      ] GC(1376)   Evacuate Collection Set: 113.58ms
[4606.291s][info][gc,phases      ] GC(1376)   Post Evacuate Collection Set: 0.94ms
[4606.291s][info][gc,phases      ] GC(1376)   Other: 0.09ms
[4606.291s][info][gc,heap        ] GC(1376) Eden regions: 1119->0(1110)
[4606.291s][info][gc,heap        ] GC(1376) Survivor regions: 109->109(154)
[4606.291s][info][gc,heap        ] GC(1376) Old regions: 505->537
[4606.291s][info][gc,heap        ] GC(1376) Humongous regions: 80->80
[4606.291s][info][gc,metaspace   ] GC(1376) Metaspace: 28957K(29376K)->28957K(29376K) NonClass: 24086K(24256K)->24086K(24256K) Class: 4870K(5120K)->4870K(5120K)
[4606.291s][info][gc             ] GC(1376) Pause Young (Prepare Mixed) (G1 Evacuation Pause) 3625M->1450M(4096M) 115.639ms
[4606.291s][info][gc,cpu         ] GC(1376) User=0.69s Sys=0.00s Real=0.11s
...[4608.475s][info][gc,start       ] GC(1377) Pause Young (Mixed) (G1 Evacuation Pause)
[4608.475s][info][gc,task        ] GC(1377) Using 6 workers of 6 for evacuation
[4608.609s][info][gc,phases      ] GC(1377)   Pre Evacuate Collection Set: 0.42ms
[4608.609s][info][gc,phases      ] GC(1377)   Merge Heap Roots: 0.76ms
[4608.609s][info][gc,phases      ] GC(1377)   Evacuate Collection Set: 131.76ms
[4608.609s][info][gc,phases      ] GC(1377)   Post Evacuate Collection Set: 0.92ms
[4608.609s][info][gc,phases      ] GC(1377)   Other: 0.10ms
[4608.609s][info][gc,heap        ] GC(1377) Eden regions: 1110->0(1117)
[4608.609s][info][gc,heap        ] GC(1377) Survivor regions: 109->111(153)
[4608.609s][info][gc,heap        ] GC(1377) Old regions: 537->473
[4608.609s][info][gc,heap        ] GC(1377) Humongous regions: 80->80
[4608.609s][info][gc,metaspace   ] GC(1377) Metaspace: 28957K(29376K)->28957K(29376K) NonClass: 24086K(24256K)->24086K(24256K) Class: 4870K(5120K)->4870K(5120K)
[4608.609s][info][gc             ] GC(1377) Pause Young (Mixed) (G1 Evacuation Pause) 3670M->1327M(4096M) 134.093ms
[4608.609s][info][gc,cpu         ] GC(1377) User=0.80s Sys=0.00s Real=0.13s
..[4610.646s][info][gc,start       ] GC(1378) Pause Young (Concurrent Start) (G1 Evacuation Pause)
[4610.646s][info][gc,task        ] GC(1378) Using 6 workers of 6 for evacuation
[4610.766s][info][gc,phases      ] GC(1378)   Pre Evacuate Collection Set: 0.37ms
[4610.766s][info][gc,phases      ] GC(1378)   Merge Heap Roots: 0.46ms
[4610.766s][info][gc,phases      ] GC(1378)   Evacuate Collection Set: 118.05ms
[4610.766s][info][gc,phases      ] GC(1378)   Post Evacuate Collection Set: 0.90ms
[4610.766s][info][gc,phases      ] GC(1378)   Other: 0.09ms
[4610.766s][info][gc,heap        ] GC(1378) Eden regions: 1117->0(1116)
[4610.766s][info][gc,heap        ] GC(1378) Survivor regions: 111->112(154)
[4610.766s][info][gc,heap        ] GC(1378) Old regions: 473->505
[4610.766s][info][gc,heap        ] GC(1378) Humongous regions: 80->80
[4610.766s][info][gc,metaspace   ] GC(1378) Metaspace: 28957K(29376K)->28957K(29376K) NonClass: 24086K(24256K)->24086K(24256K) Class: 4870K(5120K)->4870K(5120K)
[4610.766s][info][gc             ] GC(1378) Pause Young (Concurrent Start) (G1 Evacuation Pause) 3561M->1392M(4096M) 120.015ms
[4610.766s][info][gc             ] GC(1379) Concurrent Mark Cycle
[4610.766s][info][gc,marking     ] GC(1379) Concurrent Scan Root Regions
[4610.766s][info][gc,cpu         ] GC(1378) User=0.72s Sys=0.00s Real=0.12s
[4610.910s][info][gc,marking     ] GC(1379) Concurrent Scan Root Regions 144.452ms
[4610.911s][info][gc,marking     ] GC(1379) Concurrent Mark
[4610.911s][info][gc,marking     ] GC(1379) Concurrent Mark From Roots
[4610.911s][info][gc,task        ] GC(1379) Using 2 workers of 2 for marking
.[4611.694s][info][gc,marking     ] GC(1379) Concurrent Mark From Roots 783.631ms
[4611.694s][info][gc,marking     ] GC(1379) Concurrent Preclean
[4611.694s][info][gc,marking     ] GC(1379) Concurrent Preclean 0.127ms
[4611.695s][info][gc,start       ] GC(1379) Pause Remark
[4611.699s][info][gc             ] GC(1379) Pause Remark 2253M->2253M(4096M) 4.756ms
[4611.699s][info][gc,cpu         ] GC(1379) User=0.02s Sys=0.00s Real=0.00s
[4611.700s][info][gc,marking     ] GC(1379) Concurrent Mark 789.203ms
[4611.700s][info][gc,marking     ] GC(1379) Concurrent Rebuild Remembered Sets and Scrub Regions
[4612.024s][info][gc,marking     ] GC(1379) Concurrent Rebuild Remembered Sets and Scrub Regions 323.984ms
[4612.025s][info][gc,start       ] GC(1379) Pause Cleanup
[4612.025s][info][gc             ] GC(1379) Pause Cleanup 2584M->2584M(4096M) 0.126ms
[4612.025s][info][gc,cpu         ] GC(1379) User=0.00s Sys=0.00s Real=0.00s
[4612.025s][info][gc,marking     ] GC(1379) Concurrent Clear Claimed Marks
[4612.025s][info][gc,marking     ] GC(1379) Concurrent Clear Claimed Marks 0.028ms
[4612.025s][info][gc,marking     ] GC(1379) Concurrent Cleanup for Next Mark
[4612.038s][info][gc,marking     ] GC(1379) Concurrent Cleanup for Next Mark 12.857ms
[4612.038s][info][gc             ] GC(1379) Concurrent Mark Cycle 1272.389ms
.[4612.884s][info][gc,start       ] GC(1380) Pause Young (Prepare Mixed) (G1 Evacuation Pause)
[4612.884s][info][gc,task        ] GC(1380) Using 6 workers of 6 for evacuation
[4613.002s][info][gc,phases      ] GC(1380)   Pre Evacuate Collection Set: 0.33ms
[4613.002s][info][gc,phases      ] GC(1380)   Merge Heap Roots: 0.54ms
[4613.002s][info][gc,phases      ] GC(1380)   Evacuate Collection Set: 115.84ms
[4613.002s][info][gc,phases      ] GC(1380)   Post Evacuate Collection Set: 0.93ms
[4613.002s][info][gc,phases      ] GC(1380)   Other: 0.09ms
[4613.002s][info][gc,heap        ] GC(1380) Eden regions: 1116->0(1109)
[4613.002s][info][gc,heap        ] GC(1380) Survivor regions: 112->109(154)
[4613.002s][info][gc,heap        ] GC(1380) Old regions: 505->538
[4613.002s][info][gc,heap        ] GC(1380) Humongous regions: 80->80
[4613.002s][info][gc,metaspace   ] GC(1380) Metaspace: 28957K(29376K)->28957K(29376K) NonClass: 24086K(24256K)->24086K(24256K) Class: 4870K(5120K)->4870K(5120K)
[4613.002s][info][gc             ] GC(1380) Pause Young (Prepare Mixed) (G1 Evacuation Pause) 3624M->1452M(4096M) 117.868ms
[4613.002s][info][gc,cpu         ] GC(1380) User=0.70s Sys=0.00s Real=0.11s
..[4615.063s][info][gc,start       ] GC(1381) Pause Young (Mixed) (G1 Evacuation Pause)
[4615.063s][info][gc,task        ] GC(1381) Using 6 workers of 6 for evacuation
[4615.199s][info][gc,phases      ] GC(1381)   Pre Evacuate Collection Set: 0.35ms
[4615.199s][info][gc,phases      ] GC(1381)   Merge Heap Roots: 0.66ms
[4615.199s][info][gc,phases      ] GC(1381)   Evacuate Collection Set: 134.15ms
[4615.199s][info][gc,phases      ] GC(1381)   Post Evacuate Collection Set: 0.95ms
[4615.199s][info][gc,phases      ] GC(1381)   Other: 0.09ms
[4615.199s][info][gc,heap        ] GC(1381) Eden regions: 1109->0(1116)
[4615.199s][info][gc,heap        ] GC(1381) Survivor regions: 109->112(153)
[4615.199s][info][gc,heap        ] GC(1381) Old regions: 538->476
[4615.199s][info][gc,heap        ] GC(1381) Humongous regions: 80->80
[4615.199s][info][gc,metaspace   ] GC(1381) Metaspace: 28957K(29376K)->28957K(29376K) NonClass: 24086K(24256K)->24086K(24256K) Class: 4870K(5120K)->4870K(5120K)
[4615.199s][info][gc             ] GC(1381) Pause Young (Mixed) (G1 Evacuation Pause) 3670M->1333M(4096M) 136.313ms
[4615.199s][info][gc,cpu         ] GC(1381) User=0.81s Sys=0.00s Real=0.14s
..[4617.308s][info][gc,start       ] GC(1382) Pause Young (Concurrent Start) (G1 Evacuation Pause)
[4617.308s][info][gc,task        ] GC(1382) Using 6 workers of 6 for evacuation
[4617.428s][info][gc,phases      ] GC(1382)   Pre Evacuate Collection Set: 0.38ms
[4617.428s][info][gc,phases      ] GC(1382)   Merge Heap Roots: 0.51ms
[4617.428s][info][gc,phases      ] GC(1382)   Evacuate Collection Set: 118.00ms
[4617.428s][info][gc,phases      ] GC(1382)   Post Evacuate Collection Set: 0.86ms
[4617.428s][info][gc,phases      ] GC(1382)   Other: 0.12ms
[4617.428s][info][gc,heap        ] GC(1382) Eden regions: 1116->0(1116)
[4617.428s][info][gc,heap        ] GC(1382) Survivor regions: 112->112(154)
[4617.428s][info][gc,heap        ] GC(1382) Old regions: 476->507
[4617.428s][info][gc,heap        ] GC(1382) Humongous regions: 80->80
[4617.428s][info][gc,metaspace   ] GC(1382) Metaspace: 28957K(29376K)->28957K(29376K) NonClass: 24086K(24256K)->24086K(24256K) Class: 4870K(5120K)->4870K(5120K)
[4617.428s][info][gc             ] GC(1382) Pause Young (Concurrent Start) (G1 Evacuation Pause) 3565M->1396M(4096M) 120.012ms
[4617.428s][info][gc             ] GC(1383) Concurrent Mark Cycle
[4617.428s][info][gc,marking     ] GC(1383) Concurrent Scan Root Regions
[4617.428s][info][gc,cpu         ] GC(1382) User=0.72s Sys=0.01s Real=0.12s
.[4617.656s][info][gc,marking     ] GC(1383) Concurrent Scan Root Regions 228.120ms
[4617.656s][info][gc,marking     ] GC(1383) Concurrent Mark
[4617.656s][info][gc,marking     ] GC(1383) Concurrent Mark From Roots
[4617.656s][info][gc,task        ] GC(1383) Using 2 workers of 2 for marking
.[4618.635s][info][gc,marking     ] GC(1383) Concurrent Mark From Roots 979.157ms
[4618.636s][info][gc,marking     ] GC(1383) Concurrent Preclean
[4618.636s][info][gc,marking     ] GC(1383) Concurrent Preclean 0.128ms
[4618.639s][info][gc,start       ] GC(1383) Pause Remark
[4618.646s][info][gc             ] GC(1383) Pause Remark 2658M->2658M(4096M) 6.875ms
[4618.646s][info][gc,cpu         ] GC(1383) User=0.04s Sys=0.00s Real=0.01s
[4618.646s][info][gc,marking     ] GC(1383) Concurrent Mark 990.159ms
[4618.646s][info][gc,marking     ] GC(1383) Concurrent Rebuild Remembered Sets and Scrub Regions
[4618.959s][info][gc,marking     ] GC(1383) Concurrent Rebuild Remembered Sets and Scrub Regions 312.246ms
[4618.960s][info][gc,start       ] GC(1383) Pause Cleanup
[4618.961s][info][gc             ] GC(1383) Pause Cleanup 2904M->2904M(4096M) 0.132ms
[4618.961s][info][gc,cpu         ] GC(1383) User=0.00s Sys=0.00s Real=0.00s
[4618.961s][info][gc,marking     ] GC(1383) Concurrent Clear Claimed Marks
[4618.961s][info][gc,marking     ] GC(1383) Concurrent Clear Claimed Marks 0.038ms
[4618.961s][info][gc,marking     ] GC(1383) Concurrent Cleanup for Next Mark
[4618.966s][info][gc,marking     ] GC(1383) Concurrent Cleanup for Next Mark 5.138ms
[4618.966s][info][gc             ] GC(1383) Concurrent Mark Cycle 1537.763ms
.[4619.558s][info][gc,start       ] GC(1384) Pause Young (Prepare Mixed) (G1 Evacuation Pause)
[4619.559s][info][gc,task        ] GC(1384) Using 6 workers of 6 for evacuation
[4619.680s][info][gc,phases      ] GC(1384)   Pre Evacuate Collection Set: 0.32ms
[4619.680s][info][gc,phases      ] GC(1384)   Merge Heap Roots: 0.54ms
[4619.680s][info][gc,phases      ] GC(1384)   Evacuate Collection Set: 119.28ms
[4619.680s][info][gc,phases      ] GC(1384)   Post Evacuate Collection Set: 0.95ms
[4619.680s][info][gc,phases      ] GC(1384)   Other: 0.09ms
[4619.680s][info][gc,heap        ] GC(1384) Eden regions: 1116->0(1095)
[4619.680s][info][gc,heap        ] GC(1384) Survivor regions: 112->116(154)
[4619.680s][info][gc,heap        ] GC(1384) Old regions: 507->538
[4619.680s][info][gc,heap        ] GC(1384) Humongous regions: 80->80
[4619.680s][info][gc,metaspace   ] GC(1384) Metaspace: 28957K(29376K)->28957K(29376K) NonClass: 24086K(24256K)->24086K(24256K) Class: 4870K(5120K)->4870K(5120K)
[4619.680s][info][gc             ] GC(1384) Pause Young (Prepare Mixed) (G1 Evacuation Pause) 3628M->1465M(4096M) 121.335ms
[4619.680s][info][gc,cpu         ] GC(1384) User=0.72s Sys=0.00s Real=0.12s
.. (rIR:aIR:PR = 8302:8315:8315) (tPR = 123735) [OK] 
  4621s: Performance info:
         Transaction,    Success,    Partial,     Failed,   Receipts, AvgBarcode, 
             Overall,     503929,          0,          0,     478633,      59.47, 
         Response times:
             Request,    Success,    Partial,     Failed,   SkipFail,     Probes,    Samples,      min,      p50,      p90,      p95,      p99,      max, 
       TotalPurchase,     478633,          0,          0,          0,     352899,     420917,      300,     7300,   124000,   158000,   204000,   441000,
     InStorePurchase,     251624,          0,          0,          0,     185884,     221605,      300,     7200,   124000,   158000,   203000,   441000,
      OnlinePurchase,     176875,          0,          0,          0,     129738,     154794,      300,     7500,   124000,   159000,   205000,   350000,
        InstPurchase,      50134,          0,          0,          0,      37277,      44518,      400,     7500,   124000,   158000,   201810,   375000,
          AssocOfCat,        501,          0,          0,          0,        431,        594,    22000,    45000,   154000,   189000,   242900,   295000,
      AssocOfProduct,       5053,          0,          0,          0,       3486,       4363,     1000,     7900,   134600,   162000,   205000,   326000,
      BusinessReport,       1255,          0,          0,          0,       1109,       1428,    27000,    51000,   178000,   209000,   286420,   393000,
          CustBuyBeh,       5051,          0,          0,          0,       3447,       4263,      200,     7100,   123000,   158000,   220360,   326000,
       ProductReturn,      13436,          0,          0,          0,       9027,      10855,      200,     7200,   120000,   154000,   215440,   326000,

  4621s: (61%)   IR =   8441 [4621.725s][info][gc,start       ] GC(1385) Pause Young (Mixed) (G1 Evacuation Pause)
[4621.725s][info][gc,task        ] GC(1385) Using 6 workers of 6 for evacuation
[4621.856s][info][gc,phases      ] GC(1385)   Pre Evacuate Collection Set: 0.37ms
[4621.856s][info][gc,phases      ] GC(1385)   Merge Heap Roots: 0.80ms
[4621.856s][info][gc,phases      ] GC(1385)   Evacuate Collection Set: 127.93ms
[4621.856s][info][gc,phases      ] GC(1385)   Post Evacuate Collection Set: 0.92ms
[4621.856s][info][gc,phases      ] GC(1385)   Other: 0.09ms
[4621.856s][info][gc,heap        ] GC(1385) Eden regions: 1095->0(1122)
[4621.856s][info][gc,heap        ] GC(1385) Survivor regions: 116->106(152)
[4621.856s][info][gc,heap        ] GC(1385) Old regions: 538->473
[4621.856s][info][gc,heap        ] GC(1385) Humongous regions: 80->80
[4621.856s][info][gc,metaspace   ] GC(1385) Metaspace: 28962K(29376K)->28962K(29376K) NonClass: 24091K(24256K)->24091K(24256K) Class: 4870K(5120K)->4870K(5120K)
[4621.856s][info][gc             ] GC(1385) Pause Young (Mixed) (G1 Evacuation Pause) 3655M->1316M(4096M) 130.232ms
[4621.856s][info][gc,cpu         ] GC(1385) User=0.78s Sys=0.00s Real=0.13s
..[4623.917s][info][gc,start       ] GC(1386) Pause Young (Concurrent Start) (G1 Evacuation Pause)
[4623.917s][info][gc,task        ] GC(1386) Using 6 workers of 6 for evacuation
[4624.035s][info][gc,phases      ] GC(1386)   Pre Evacuate Collection Set: 0.37ms
[4624.035s][info][gc,phases      ] GC(1386)   Merge Heap Roots: 0.45ms
[4624.035s][info][gc,phases      ] GC(1386)   Evacuate Collection Set: 116.45ms
[4624.035s][info][gc,phases      ] GC(1386)   Post Evacuate Collection Set: 0.74ms
[4624.035s][info][gc,phases      ] GC(1386)   Other: 0.12ms
[4624.035s][info][gc,heap        ] GC(1386) Eden regions: 1122->0(1118)
[4624.036s][info][gc,heap        ] GC(1386) Survivor regions: 106->110(154)
[4624.036s][info][gc,heap        ] GC(1386) Old regions: 473->506
[4624.036s][info][gc,heap        ] GC(1386) Humongous regions: 80->80
[4624.036s][info][gc,metaspace   ] GC(1386) Metaspace: 28962K(29376K)->28962K(29376K) NonClass: 24091K(24256K)->24091K(24256K) Class: 4870K(5120K)->4870K(5120K)
[4624.036s][info][gc             ] GC(1386) Pause Young (Concurrent Start) (G1 Evacuation Pause) 3560M->1389M(4096M) 118.260ms
[4624.036s][info][gc             ] GC(1387) Concurrent Mark Cycle
[4624.036s][info][gc,marking     ] GC(1387) Concurrent Scan Root Regions
[4624.036s][info][gc,cpu         ] GC(1386) User=0.70s Sys=0.00s Real=0.12s
[4624.223s][info][gc,marking     ] GC(1387) Concurrent Scan Root Regions 187.562ms
[4624.223s][info][gc,marking     ] GC(1387) Concurrent Mark
[4624.223s][info][gc,marking     ] GC(1387) Concurrent Mark From Roots
[4624.223s][info][gc,task        ] GC(1387) Using 2 workers of 2 for marking
.[4625.215s][info][gc,marking     ] GC(1387) Concurrent Mark From Roots 991.860ms
[4625.215s][info][gc,marking     ] GC(1387) Concurrent Preclean
[4625.215s][info][gc,marking     ] GC(1387) Concurrent Preclean 0.149ms
[4625.215s][info][gc,start       ] GC(1387) Pause Remark
[4625.223s][info][gc             ] GC(1387) Pause Remark 2550M->2550M(4096M) 7.676ms
[4625.223s][info][gc,cpu         ] GC(1387) User=0.04s Sys=0.00s Real=0.00s
[4625.223s][info][gc,marking     ] GC(1387) Concurrent Mark 1000.109ms
[4625.223s][info][gc,marking     ] GC(1387) Concurrent Rebuild Remembered Sets and Scrub Regions
[4625.501s][info][gc,marking     ] GC(1387) Concurrent Rebuild Remembered Sets and Scrub Regions 277.279ms
[4625.502s][info][gc,start       ] GC(1387) Pause Cleanup
[4625.503s][info][gc             ] GC(1387) Pause Cleanup 2839M->2839M(4096M) 0.135ms
[4625.503s][info][gc,cpu         ] GC(1387) User=0.00s Sys=0.00s Real=0.00s
[4625.503s][info][gc,marking     ] GC(1387) Concurrent Clear Claimed Marks
[4625.503s][info][gc,marking     ] GC(1387) Concurrent Clear Claimed Marks 0.029ms
[4625.503s][info][gc,marking     ] GC(1387) Concurrent Cleanup for Next Mark
[4625.524s][info][gc,marking     ] GC(1387) Concurrent Cleanup for Next Mark 21.160ms
[4625.524s][info][gc             ] GC(1387) Concurrent Mark Cycle 1488.391ms
.[4626.119s][info][gc,start       ] GC(1388) Pause Young (Prepare Mixed) (G1 Evacuation Pause)
[4626.120s][info][gc,task        ] GC(1388) Using 6 workers of 6 for evacuation
[4626.241s][info][gc,phases      ] GC(1388)   Pre Evacuate Collection Set: 0.30ms
[4626.241s][info][gc,phases      ] GC(1388)   Merge Heap Roots: 0.49ms
[4626.241s][info][gc,phases      ] GC(1388)   Evacuate Collection Set: 119.96ms
[4626.241s][info][gc,phases      ] GC(1388)   Post Evacuate Collection Set: 0.91ms
[4626.241s][info][gc,phases      ] GC(1388)   Other: 0.08ms
[4626.241s][info][gc,heap        ] GC(1388) Eden regions: 1118->0(1101)
[4626.241s][info][gc,heap        ] GC(1388) Survivor regions: 110->114(154)
[4626.241s][info][gc,heap        ] GC(1388) Old regions: 506->536
[4626.241s][info][gc,heap        ] GC(1388) Humongous regions: 80->80
[4626.241s][info][gc,metaspace   ] GC(1388) Metaspace: 28962K(29376K)->28962K(29376K) NonClass: 24091K(24256K)->24091K(24256K) Class: 4870K(5120K)->4870K(5120K)
[4626.241s][info][gc             ] GC(1388) Pause Young (Prepare Mixed) (G1 Evacuation Pause) 3625M->1458M(4096M) 121.903ms
[4626.241s][info][gc,cpu         ] GC(1388) User=0.72s Sys=0.00s Real=0.12s
..[4628.261s][info][gc,start       ] GC(1389) Pause Young (Mixed) (G1 Evacuation Pause)
[4628.261s][info][gc,task        ] GC(1389) Using 6 workers of 6 for evacuation
[4628.395s][info][gc,phases      ] GC(1389)   Pre Evacuate Collection Set: 0.36ms
[4628.395s][info][gc,phases      ] GC(1389)   Merge Heap Roots: 0.68ms
[4628.395s][info][gc,phases      ] GC(1389)   Evacuate Collection Set: 132.15ms
[4628.395s][info][gc,phases      ] GC(1389)   Post Evacuate Collection Set: 0.94ms
[4628.395s][info][gc,phases      ] GC(1389)   Other: 0.08ms
[4628.395s][info][gc,heap        ] GC(1389) Eden regions: 1101->0(1117)
[4628.395s][info][gc,heap        ] GC(1389) Survivor regions: 114->111(152)
[4628.395s][info][gc,heap        ] GC(1389) Old regions: 536->475
[4628.395s][info][gc,heap        ] GC(1389) Humongous regions: 80->80
[4628.395s][info][gc,metaspace   ] GC(1389) Metaspace: 28962K(29376K)->28962K(29376K) NonClass: 24091K(24256K)->24091K(24256K) Class: 4870K(5120K)->4870K(5120K)
[4628.395s][info][gc             ] GC(1389) Pause Young (Mixed) (G1 Evacuation Pause) 3660M->1330M(4096M) 134.333ms
[4628.395s][info][gc,cpu         ] GC(1389) User=0.80s Sys=0.00s Real=0.14s
..[4630.501s][info][gc,start       ] GC(1390) Pause Young (Concurrent Start) (G1 Evacuation Pause)
[4630.501s][info][gc,task        ] GC(1390) Using 6 workers of 6 for evacuation
[4630.621s][info][gc,phases      ] GC(1390)   Pre Evacuate Collection Set: 0.40ms
[4630.621s][info][gc,phases      ] GC(1390)   Merge Heap Roots: 0.56ms
[4630.621s][info][gc,phases      ] GC(1390)   Evacuate Collection Set: 117.39ms
[4630.621s][info][gc,phases      ] GC(1390)   Post Evacuate Collection Set: 0.89ms
[4630.621s][info][gc,phases      ] GC(1390)   Other: 0.12ms
[4630.621s][info][gc,heap        ] GC(1390) Eden regions: 1117->0(1117)
[4630.621s][info][gc,heap        ] GC(1390) Survivor regions: 111->111(154)
[4630.621s][info][gc,heap        ] GC(1390) Old regions: 475->507
[4630.621s][info][gc,heap        ] GC(1390) Humongous regions: 80->80
[4630.621s][info][gc,metaspace   ] GC(1390) Metaspace: 28962K(29376K)->28962K(29376K) NonClass: 24091K(24256K)->24091K(24256K) Class: 4870K(5120K)->4870K(5120K)
[4630.621s][info][gc             ] GC(1390) Pause Young (Concurrent Start) (G1 Evacuation Pause) 3564M->1395M(4096M) 119.489ms
[4630.621s][info][gc             ] GC(1391) Concurrent Mark Cycle
[4630.621s][info][gc,marking     ] GC(1391) Concurrent Scan Root Regions
[4630.621s][info][gc,cpu         ] GC(1390) User=0.71s Sys=0.00s Real=0.12s
.[4630.872s][info][gc,marking     ] GC(1391) Concurrent Scan Root Regions 250.860ms
[4630.872s][info][gc,marking     ] GC(1391) Concurrent Mark
[4630.872s][info][gc,marking     ] GC(1391) Concurrent Mark From Roots
[4630.872s][info][gc,task        ] GC(1391) Using 2 workers of 2 for marking
[4631.941s][info][gc,marking     ] GC(1391) Concurrent Mark From Roots 1069.647ms
[4631.941s][info][gc,marking     ] GC(1391) Concurrent Preclean
[4631.942s][info][gc,marking     ] GC(1391) Concurrent Preclean 0.146ms
[4631.942s][info][gc,start       ] GC(1391) Pause Remark
[4631.949s][info][gc             ] GC(1391) Pause Remark 2662M->2662M(4096M) 7.650ms
[4631.949s][info][gc,cpu         ] GC(1391) User=0.04s Sys=0.00s Real=0.01s
[4631.954s][info][gc,marking     ] GC(1391) Concurrent Mark 1081.993ms
[4631.954s][info][gc,marking     ] GC(1391) Concurrent Rebuild Remembered Sets and Scrub Regions
.[4632.246s][info][gc,marking     ] GC(1391) Concurrent Rebuild Remembered Sets and Scrub Regions 292.061ms
[4632.246s][info][gc,start       ] GC(1391) Pause Cleanup
[4632.247s][info][gc             ] GC(1391) Pause Cleanup 2985M->2985M(4096M) 0.115ms
[4632.247s][info][gc,cpu         ] GC(1391) User=0.00s Sys=0.00s Real=0.00s
[4632.247s][info][gc,marking     ] GC(1391) Concurrent Clear Claimed Marks
[4632.247s][info][gc,marking     ] GC(1391) Concurrent Clear Claimed Marks 0.026ms
[4632.247s][info][gc,marking     ] GC(1391) Concurrent Cleanup for Next Mark
[4632.252s][info][gc,marking     ] GC(1391) Concurrent Cleanup for Next Mark 5.231ms
[4632.252s][info][gc             ] GC(1391) Concurrent Mark Cycle 1631.138ms
[4632.718s][info][gc,start       ] GC(1392) Pause Young (Prepare Mixed) (G1 Evacuation Pause)
[4632.718s][info][gc,task        ] GC(1392) Using 6 workers of 6 for evacuation
[4632.832s][info][gc,phases      ] GC(1392)   Pre Evacuate Collection Set: 0.34ms
[4632.832s][info][gc,phases      ] GC(1392)   Merge Heap Roots: 0.51ms
[4632.832s][info][gc,phases      ] GC(1392)   Evacuate Collection Set: 112.87ms
[4632.832s][info][gc,phases      ] GC(1392)   Post Evacuate Collection Set: 0.91ms
[4632.832s][info][gc,phases      ] GC(1392)   Other: 0.08ms
[4632.832s][info][gc,heap        ] GC(1392) Eden regions: 1117->0(1109)
[4632.832s][info][gc,heap        ] GC(1392) Survivor regions: 111->108(154)
[4632.832s][info][gc,heap        ] GC(1392) Old regions: 507->540
[4632.832s][info][gc,heap        ] GC(1392) Humongous regions: 80->80
[4632.832s][info][gc,metaspace   ] GC(1392) Metaspace: 28962K(29376K)->28962K(29376K) NonClass: 24091K(24256K)->24091K(24256K) Class: 4870K(5120K)->4870K(5120K)
[4632.833s][info][gc             ] GC(1392) Pause Young (Prepare Mixed) (G1 Evacuation Pause) 3629M->1453M(4096M) 114.838ms
[4632.833s][info][gc,cpu         ] GC(1392) User=0.68s Sys=0.00s Real=0.11s
..[4634.997s][info][gc,start       ] GC(1393) Pause Young (Mixed) (G1 Evacuation Pause)
[4634.997s][info][gc,task        ] GC(1393) Using 6 workers of 6 for evacuation
[4635.128s][info][gc,phases      ] GC(1393)   Pre Evacuate Collection Set: 0.40ms
[4635.128s][info][gc,phases      ] GC(1393)   Merge Heap Roots: 0.74ms
[4635.128s][info][gc,phases      ] GC(1393)   Evacuate Collection Set: 128.72ms
[4635.128s][info][gc,phases      ] GC(1393)   Post Evacuate Collection Set: 0.97ms
[4635.128s][info][gc,phases      ] GC(1393)   Other: 0.88ms
[4635.128s][info][gc,heap        ] GC(1393) Eden regions: 1109->0(1120)
[4635.128s][info][gc,heap        ] GC(1393) Survivor regions: 108->108(153)
[4635.128s][info][gc,heap        ] GC(1393) Old regions: 540->476
[4635.128s][info][gc,heap        ] GC(1393) Humongous regions: 80->80
[4635.128s][info][gc,metaspace   ] GC(1393) Metaspace: 28962K(29376K)->28962K(29376K) NonClass: 24091K(24256K)->24091K(24256K) Class: 4870K(5120K)->4870K(5120K)
[4635.128s][info][gc             ] GC(1393) Pause Young (Mixed) (G1 Evacuation Pause) 3671M->1325M(4096M) 131.837ms
[4635.128s][info][gc,cpu         ] GC(1393) User=0.78s Sys=0.00s Real=0.13s
...[4637.253s][info][gc,start       ] GC(1394) Pause Young (Concurrent Start) (G1 Evacuation Pause)
[4637.253s][info][gc,task        ] GC(1394) Using 6 workers of 6 for evacuation
[4637.372s][info][gc,phases      ] GC(1394)   Pre Evacuate Collection Set: 0.39ms
[4637.372s][info][gc,phases      ] GC(1394)   Merge Heap Roots: 0.51ms
[4637.372s][info][gc,phases      ] GC(1394)   Evacuate Collection Set: 116.41ms
[4637.372s][info][gc,phases      ] GC(1394)   Post Evacuate Collection Set: 0.85ms
[4637.372s][info][gc,phases      ] GC(1394)   Other: 0.13ms
[4637.372s][info][gc,heap        ] GC(1394) Eden regions: 1120->0(1117)
[4637.372s][info][gc,heap        ] GC(1394) Survivor regions: 108->111(154)
[4637.372s][info][gc,heap        ] GC(1394) Old regions: 476->507
[4637.372s][info][gc,heap        ] GC(1394) Humongous regions: 80->80
[4637.372s][info][gc,metaspace   ] GC(1394) Metaspace: 28962K(29376K)->28962K(29376K) NonClass: 24091K(24256K)->24091K(24256K) Class: 4870K(5120K)->4870K(5120K)
[4637.372s][info][gc             ] GC(1394) Pause Young (Concurrent Start) (G1 Evacuation Pause) 3565M->1394M(4096M) 118.426ms
[4637.372s][info][gc             ] GC(1395) Concurrent Mark Cycle
[4637.372s][info][gc,marking     ] GC(1395) Concurrent Scan Root Regions
[4637.372s][info][gc,cpu         ] GC(1394) User=0.70s Sys=0.00s Real=0.12s
[4637.542s][info][gc,marking     ] GC(1395) Concurrent Scan Root Regions 170.716ms
[4637.542s][info][gc,marking     ] GC(1395) Concurrent Mark
[4637.542s][info][gc,marking     ] GC(1395) Concurrent Mark From Roots
[4637.542s][info][gc,task        ] GC(1395) Using 2 workers of 2 for marking
.[4638.526s][info][gc,marking     ] GC(1395) Concurrent Mark From Roots 983.316ms
[4638.526s][info][gc,marking     ] GC(1395) Concurrent Preclean
[4638.526s][info][gc,marking     ] GC(1395) Concurrent Preclean 0.159ms
[4638.526s][info][gc,start       ] GC(1395) Pause Remark
[4638.532s][info][gc             ] GC(1395) Pause Remark 2515M->2515M(4096M) 5.899ms
[4638.532s][info][gc,cpu         ] GC(1395) User=0.03s Sys=0.00s Real=0.00s
[4638.534s][info][gc,marking     ] GC(1395) Concurrent Mark 991.885ms
[4638.534s][info][gc,marking     ] GC(1395) Concurrent Rebuild Remembered Sets and Scrub Regions
[4638.937s][info][gc,marking     ] GC(1395) Concurrent Rebuild Remembered Sets and Scrub Regions 402.995ms
[4638.938s][info][gc,start       ] GC(1395) Pause Cleanup
[4638.938s][info][gc             ] GC(1395) Pause Cleanup 2928M->2928M(4096M) 0.112ms
[4638.938s][info][gc,cpu         ] GC(1395) User=0.00s Sys=0.00s Real=0.00s
[4638.938s][info][gc,marking     ] GC(1395) Concurrent Clear Claimed Marks
[4638.938s][info][gc,marking     ] GC(1395) Concurrent Clear Claimed Marks 0.027ms
[4638.938s][info][gc,marking     ] GC(1395) Concurrent Cleanup for Next Mark
[4638.942s][info][gc,marking     ] GC(1395) Concurrent Cleanup for Next Mark 4.708ms
[4638.943s][info][gc             ] GC(1395) Concurrent Mark Cycle 1570.866ms
.[4639.617s][info][gc,start       ] GC(1396) Pause Young (Prepare Mixed) (G1 Evacuation Pause)
[4639.617s][info][gc,task        ] GC(1396) Using 6 workers of 6 for evacuation
[4639.739s][info][gc,phases      ] GC(1396)   Pre Evacuate Collection Set: 0.30ms
[4639.739s][info][gc,phases      ] GC(1396)   Merge Heap Roots: 0.49ms
[4639.739s][info][gc,phases      ] GC(1396)   Evacuate Collection Set: 120.50ms
[4639.739s][info][gc,phases      ] GC(1396)   Post Evacuate Collection Set: 0.93ms
[4639.739s][info][gc,phases      ] GC(1396)   Other: 0.09ms
[4639.739s][info][gc,heap        ] GC(1396) Eden regions: 1117->0(1098)
[4639.739s][info][gc,heap        ] GC(1396) Survivor regions: 111->114(154)
[4639.739s][info][gc,heap        ] GC(1396) Old regions: 507->539
[4639.739s][info][gc,heap        ] GC(1396) Humongous regions: 80->80
[4639.739s][info][gc,metaspace   ] GC(1396) Metaspace: 28962K(29376K)->28962K(29376K) NonClass: 24091K(24256K)->24091K(24256K) Class: 4870K(5120K)->4870K(5120K)
[4639.739s][info][gc             ] GC(1396) Pause Young (Prepare Mixed) (G1 Evacuation Pause) 3628M->1464M(4096M) 122.438ms
[4639.739s][info][gc,cpu         ] GC(1396) User=0.72s Sys=0.00s Real=0.12s
..[4641.635s][info][gc,start       ] GC(1397) Pause Young (Mixed) (G1 Evacuation Pause)
[4641.635s][info][gc,task        ] GC(1397) Using 6 workers of 6 for evacuation
[4641.770s][info][gc,phases      ] GC(1397)   Pre Evacuate Collection Set: 0.35ms
[4641.770s][info][gc,phases      ] GC(1397)   Merge Heap Roots: 0.63ms
[4641.770s][info][gc,phases      ] GC(1397)   Evacuate Collection Set: 132.82ms
[4641.770s][info][gc,phases      ] GC(1397)   Post Evacuate Collection Set: 0.93ms
[4641.770s][info][gc,phases      ] GC(1397)   Other: 0.09ms
[4641.770s][info][gc,heap        ] GC(1397) Eden regions: 1098->0(1116)
[4641.770s][info][gc,heap        ] GC(1397) Survivor regions: 114->112(152)
[4641.770s][info][gc,heap        ] GC(1397) Old regions: 539->474
[4641.770s][info][gc,heap        ] GC(1397) Humongous regions: 80->80
[4641.770s][info][gc,metaspace   ] GC(1397) Metaspace: 28962K(29376K)->28962K(29376K) NonClass: 24091K(24256K)->24091K(24256K) Class: 4870K(5120K)->4870K(5120K)
[4641.770s][info][gc             ] GC(1397) Pause Young (Mixed) (G1 Evacuation Pause) 3660M->1330M(4096M) 134.947ms
[4641.770s][info][gc,cpu         ] GC(1397) User=0.80s Sys=0.00s Real=0.13s
.|.[4643.827s][info][gc,start       ] GC(1398) Pause Young (Concurrent Start) (G1 Evacuation Pause)
[4643.827s][info][gc,task        ] GC(1398) Using 6 workers of 6 for evacuation
[4643.942s][info][gc,phases      ] GC(1398)   Pre Evacuate Collection Set: 0.38ms
[4643.942s][info][gc,phases      ] GC(1398)   Merge Heap Roots: 0.46ms
[4643.942s][info][gc,phases      ] GC(1398)   Evacuate Collection Set: 113.78ms
[4643.942s][info][gc,phases      ] GC(1398)   Post Evacuate Collection Set: 0.87ms
[4643.942s][info][gc,phases      ] GC(1398)   Other: 0.10ms
[4643.942s][info][gc,heap        ] GC(1398) Eden regions: 1116->0(1120)
[4643.942s][info][gc,heap        ] GC(1398) Survivor regions: 112->108(154)
[4643.942s][info][gc,heap        ] GC(1398) Old regions: 474->506
[4643.942s][info][gc,heap        ] GC(1398) Humongous regions: 80->80
[4643.942s][info][gc,metaspace   ] GC(1398) Metaspace: 28962K(29376K)->28962K(29376K) NonClass: 24091K(24256K)->24091K(24256K) Class: 4870K(5120K)->4870K(5120K)
[4643.942s][info][gc             ] GC(1398) Pause Young (Concurrent Start) (G1 Evacuation Pause) 3562M->1387M(4096M) 115.735ms
[4643.942s][info][gc             ] GC(1399) Concurrent Mark Cycle
[4643.942s][info][gc,marking     ] GC(1399) Concurrent Scan Root Regions
[4643.942s][info][gc,cpu         ] GC(1398) User=0.69s Sys=0.00s Real=0.11s
[4644.123s][info][gc,marking     ] GC(1399) Concurrent Scan Root Regions 180.409ms
[4644.123s][info][gc,marking     ] GC(1399) Concurrent Mark
[4644.123s][info][gc,marking     ] GC(1399) Concurrent Mark From Roots
[4644.123s][info][gc,task        ] GC(1399) Using 2 workers of 2 for marking
.[4645.140s][info][gc,marking     ] GC(1399) Concurrent Mark From Roots 1016.789ms
[4645.140s][info][gc,marking     ] GC(1399) Concurrent Preclean
[4645.140s][info][gc,marking     ] GC(1399) Concurrent Preclean 0.164ms
[4645.140s][info][gc,start       ] GC(1399) Pause Remark
[4645.145s][info][gc             ] GC(1399) Pause Remark 2530M->2530M(4096M) 4.609ms
[4645.145s][info][gc,cpu         ] GC(1399) User=0.03s Sys=0.00s Real=0.01s
[4645.146s][info][gc,marking     ] GC(1399) Concurrent Mark 1023.330ms
[4645.146s][info][gc,marking     ] GC(1399) Concurrent Rebuild Remembered Sets and Scrub Regions
.[4645.510s][info][gc,marking     ] GC(1399) Concurrent Rebuild Remembered Sets and Scrub Regions 363.473ms
[4645.511s][info][gc,start       ] GC(1399) Pause Cleanup
[4645.511s][info][gc             ] GC(1399) Pause Cleanup 2945M->2945M(4096M) 0.132ms
[4645.511s][info][gc,cpu         ] GC(1399) User=0.00s Sys=0.00s Real=0.00s
[4645.513s][info][gc,marking     ] GC(1399) Concurrent Clear Claimed Marks
[4645.513s][info][gc,marking     ] GC(1399) Concurrent Clear Claimed Marks 0.046ms
[4645.513s][info][gc,marking     ] GC(1399) Concurrent Cleanup for Next Mark
[4645.523s][info][gc,marking     ] GC(1399) Concurrent Cleanup for Next Mark 10.457ms
[4645.523s][info][gc             ] GC(1399) Concurrent Mark Cycle 1580.732ms
[4646.107s][info][gc,start       ] GC(1400) Pause Young (Prepare Mixed) (G1 Evacuation Pause)
[4646.107s][info][gc,task        ] GC(1400) Using 6 workers of 6 for evacuation
[4646.222s][info][gc,phases      ] GC(1400)   Pre Evacuate Collection Set: 0.35ms
[4646.222s][info][gc,phases      ] GC(1400)   Merge Heap Roots: 0.47ms
[4646.222s][info][gc,phases      ] GC(1400)   Evacuate Collection Set: 113.19ms
[4646.222s][info][gc,phases      ] GC(1400)   Post Evacuate Collection Set: 0.89ms
[4646.222s][info][gc,phases      ] GC(1400)   Other: 0.08ms
[4646.222s][info][gc,heap        ] GC(1400) Eden regions: 1120->0(1112)
[4646.222s][info][gc,heap        ] GC(1400) Survivor regions: 108->108(154)
[4646.222s][info][gc,heap        ] GC(1400) Old regions: 506->537
[4646.222s][info][gc,heap        ] GC(1400) Humongous regions: 80->80
[4646.222s][info][gc,metaspace   ] GC(1400) Metaspace: 28962K(29376K)->28962K(29376K) NonClass: 24091K(24256K)->24091K(24256K) Class: 4870K(5120K)->4870K(5120K)
[4646.223s][info][gc             ] GC(1400) Pause Young (Prepare Mixed) (G1 Evacuation Pause) 3627M->1448M(4096M) 115.105ms
[4646.223s][info][gc,cpu         ] GC(1400) User=0.68s Sys=0.00s Real=0.11s
..[4648.314s][info][gc,start       ] GC(1401) Pause Young (Mixed) (G1 Evacuation Pause)
[4648.315s][info][gc,task        ] GC(1401) Using 6 workers of 6 for evacuation
[4648.448s][info][gc,phases      ] GC(1401)   Pre Evacuate Collection Set: 0.35ms
[4648.448s][info][gc,phases      ] GC(1401)   Merge Heap Roots: 0.64ms
[4648.448s][info][gc,phases      ] GC(1401)   Evacuate Collection Set: 131.45ms
[4648.448s][info][gc,phases      ] GC(1401)   Post Evacuate Collection Set: 0.95ms
[4648.448s][info][gc,phases      ] GC(1401)   Other: 0.10ms
[4648.448s][info][gc,heap        ] GC(1401) Eden regions: 1112->0(1117)
[4648.448s][info][gc,heap        ] GC(1401) Survivor regions: 108->111(153)
[4648.448s][info][gc,heap        ] GC(1401) Old regions: 537->474
[4648.448s][info][gc,heap        ] GC(1401) Humongous regions: 80->80
[4648.448s][info][gc,metaspace   ] GC(1401) Metaspace: 28962K(29376K)->28962K(29376K) NonClass: 24091K(24256K)->24091K(24256K) Class: 4870K(5120K)->4870K(5120K)
[4648.448s][info][gc             ] GC(1401) Pause Young (Mixed) (G1 Evacuation Pause) 3672M->1327M(4096M) 133.629ms
[4648.448s][info][gc,cpu         ] GC(1401) User=0.79s Sys=0.00s Real=0.13s
...[4650.550s][info][gc,start       ] GC(1402) Pause Young (Concurrent Start) (G1 Evacuation Pause)
[4650.550s][info][gc,task        ] GC(1402) Using 6 workers of 6 for evacuation
[4650.668s][info][gc,phases      ] GC(1402)   Pre Evacuate Collection Set: 0.40ms
[4650.668s][info][gc,phases      ] GC(1402)   Merge Heap Roots: 0.50ms
[4650.668s][info][gc,phases      ] GC(1402)   Evacuate Collection Set: 115.55ms
[4650.668s][info][gc,phases      ] GC(1402)   Post Evacuate Collection Set: 0.87ms
[4650.668s][info][gc,phases      ] GC(1402)   Other: 0.11ms
[4650.668s][info][gc,heap        ] GC(1402) Eden regions: 1117->0(1116)
[4650.668s][info][gc,heap        ] GC(1402) Survivor regions: 111->112(154)
[4650.668s][info][gc,heap        ] GC(1402) Old regions: 474->504
[4650.668s][info][gc,heap        ] GC(1402) Humongous regions: 80->80
[4650.668s][info][gc,metaspace   ] GC(1402) Metaspace: 28962K(29376K)->28962K(29376K) NonClass: 24091K(24256K)->24091K(24256K) Class: 4870K(5120K)->4870K(5120K)
[4650.668s][info][gc             ] GC(1402) Pause Young (Concurrent Start) (G1 Evacuation Pause) 3561M->1390M(4096M) 117.558ms
[4650.668s][info][gc             ] GC(1403) Concurrent Mark Cycle
[4650.668s][info][gc,marking     ] GC(1403) Concurrent Scan Root Regions
[4650.668s][info][gc,cpu         ] GC(1402) User=0.70s Sys=0.00s Real=0.12s
[4650.828s][info][gc,marking     ] GC(1403) Concurrent Scan Root Regions 160.330ms
[4650.828s][info][gc,marking     ] GC(1403) Concurrent Mark
[4650.828s][info][gc,marking     ] GC(1403) Concurrent Mark From Roots
[4650.828s][info][gc,task        ] GC(1403) Using 2 workers of 2 for marking
.[4651.640s][info][gc,marking     ] GC(1403) Concurrent Mark From Roots 811.704ms
[4651.640s][info][gc,marking     ] GC(1403) Concurrent Preclean
[4651.640s][info][gc,marking     ] GC(1403) Concurrent Preclean 0.169ms
[4651.641s][info][gc,start       ] GC(1403) Pause Remark
[4651.647s][info][gc             ] GC(1403) Pause Remark 2328M->2328M(4096M) 5.650ms
[4651.647s][info][gc,cpu         ] GC(1403) User=0.04s Sys=0.00s Real=0.01s
[4651.647s][info][gc,marking     ] GC(1403) Concurrent Mark 818.873ms
[4651.647s][info][gc,marking     ] GC(1403) Concurrent Rebuild Remembered Sets and Scrub Regions
[4651.981s][info][gc,marking     ] GC(1403) Concurrent Rebuild Remembered Sets and Scrub Regions 333.646ms
[4651.981s][info][gc,start       ] GC(1403) Pause Cleanup
[4651.981s][info][gc             ] GC(1403) Pause Cleanup 2633M->2633M(4096M) 0.111ms
[4651.981s][info][gc,cpu         ] GC(1403) User=0.00s Sys=0.00s Real=0.00s
[4651.981s][info][gc,marking     ] GC(1403) Concurrent Clear Claimed Marks
[4651.981s][info][gc,marking     ] GC(1403) Concurrent Clear Claimed Marks 0.023ms
[4651.981s][info][gc,marking     ] GC(1403) Concurrent Cleanup for Next Mark
[4651.986s][info][gc,marking     ] GC(1403) Concurrent Cleanup for Next Mark 4.768ms
[4651.986s][info][gc             ] GC(1403) Concurrent Mark Cycle 1318.081ms
.[4652.828s][info][gc,start       ] GC(1404) Pause Young (Prepare Mixed) (G1 Evacuation Pause)
[4652.828s][info][gc,task        ] GC(1404) Using 6 workers of 6 for evacuation
[4652.942s][info][gc,phases      ] GC(1404)   Pre Evacuate Collection Set: 0.31ms
[4652.942s][info][gc,phases      ] GC(1404)   Merge Heap Roots: 0.55ms
[4652.942s][info][gc,phases      ] GC(1404)   Evacuate Collection Set: 112.60ms
[4652.942s][info][gc,phases      ] GC(1404)   Post Evacuate Collection Set: 0.91ms
[4652.942s][info][gc,phases      ] GC(1404)   Other: 0.09ms
[4652.942s][info][gc,heap        ] GC(1404) Eden regions: 1116->0(1114)
[4652.942s][info][gc,heap        ] GC(1404) Survivor regions: 112->108(154)
[4652.942s][info][gc,heap        ] GC(1404) Old regions: 504->535
[4652.942s][info][gc,heap        ] GC(1404) Humongous regions: 80->80
[4652.942s][info][gc,metaspace   ] GC(1404) Metaspace: 28962K(29376K)->28962K(29376K) NonClass: 24091K(24256K)->24091K(24256K) Class: 4870K(5120K)->4870K(5120K)
[4652.942s][info][gc             ] GC(1404) Pause Young (Prepare Mixed) (G1 Evacuation Pause) 3622M->1445M(4096M) 114.608ms
[4652.942s][info][gc,cpu         ] GC(1404) User=0.68s Sys=0.00s Real=0.11s
..[4654.976s][info][gc,start       ] GC(1405) Pause Young (Mixed) (G1 Evacuation Pause)
[4654.976s][info][gc,task        ] GC(1405) Using 6 workers of 6 for evacuation
[4655.109s][info][gc,phases      ] GC(1405)   Pre Evacuate Collection Set: 0.38ms
[4655.109s][info][gc,phases      ] GC(1405)   Merge Heap Roots: 0.64ms
[4655.109s][info][gc,phases      ] GC(1405)   Evacuate Collection Set: 130.67ms
[4655.109s][info][gc,phases      ] GC(1405)   Post Evacuate Collection Set: 0.87ms
[4655.109s][info][gc,phases      ] GC(1405)   Other: 0.09ms
[4655.109s][info][gc,heap        ] GC(1405) Eden regions: 1114->0(1120)
[4655.109s][info][gc,heap        ] GC(1405) Survivor regions: 108->108(153)
[4655.109s][info][gc,heap        ] GC(1405) Old regions: 535->471
[4655.109s][info][gc,heap        ] GC(1405) Humongous regions: 80->80
[4655.109s][info][gc,metaspace   ] GC(1405) Metaspace: 28962K(29376K)->28962K(29376K) NonClass: 24091K(24256K)->24091K(24256K) Class: 4870K(5120K)->4870K(5120K)
[4655.109s][info][gc             ] GC(1405) Pause Young (Mixed) (G1 Evacuation Pause) 3673M->1316M(4096M) 132.773ms
[4655.109s][info][gc,cpu         ] GC(1405) User=0.79s Sys=0.00s Real=0.13s
..[4657.119s][info][gc,start       ] GC(1406) Pause Young (Concurrent Start) (G1 Evacuation Pause)
[4657.119s][info][gc,task        ] GC(1406) Using 6 workers of 6 for evacuation
[4657.235s][info][gc,phases      ] GC(1406)   Pre Evacuate Collection Set: 0.35ms
[4657.235s][info][gc,phases      ] GC(1406)   Merge Heap Roots: 0.45ms
[4657.235s][info][gc,phases      ] GC(1406)   Evacuate Collection Set: 114.37ms
[4657.235s][info][gc,phases      ] GC(1406)   Post Evacuate Collection Set: 0.85ms
[4657.235s][info][gc,phases      ] GC(1406)   Other: 0.10ms
[4657.235s][info][gc,heap        ] GC(1406) Eden regions: 1120->0(1119)
[4657.235s][info][gc,heap        ] GC(1406) Survivor regions: 108->109(154)
[4657.235s][info][gc,heap        ] GC(1406) Old regions: 471->503
[4657.235s][info][gc,heap        ] GC(1406) Humongous regions: 80->80
[4657.235s][info][gc,metaspace   ] GC(1406) Metaspace: 28962K(29376K)->28962K(29376K) NonClass: 24091K(24256K)->24091K(24256K) Class: 4870K(5120K)->4870K(5120K)
[4657.235s][info][gc             ] GC(1406) Pause Young (Concurrent Start) (G1 Evacuation Pause) 3556M->1382M(4096M) 116.261ms
[4657.235s][info][gc             ] GC(1407) Concurrent Mark Cycle
[4657.235s][info][gc,marking     ] GC(1407) Concurrent Scan Root Regions
[4657.235s][info][gc,cpu         ] GC(1406) User=0.69s Sys=0.00s Real=0.12s
[4657.377s][info][gc,marking     ] GC(1407) Concurrent Scan Root Regions 141.902ms
[4657.377s][info][gc,marking     ] GC(1407) Concurrent Mark
[4657.377s][info][gc,marking     ] GC(1407) Concurrent Mark From Roots
[4657.377s][info][gc,task        ] GC(1407) Using 2 workers of 2 for marking
.[4658.098s][info][gc,marking     ] GC(1407) Concurrent Mark From Roots 721.013ms
[4658.099s][info][gc,marking     ] GC(1407) Concurrent Preclean
[4658.099s][info][gc,marking     ] GC(1407) Concurrent Preclean 0.166ms
[4658.101s][info][gc,start       ] GC(1407) Pause Remark
[4658.106s][info][gc             ] GC(1407) Pause Remark 2212M->2212M(4096M) 5.166ms
[4658.106s][info][gc,cpu         ] GC(1407) User=0.03s Sys=0.00s Real=0.01s
[4658.107s][info][gc,marking     ] GC(1407) Concurrent Mark 729.345ms
[4658.107s][info][gc,marking     ] GC(1407) Concurrent Rebuild Remembered Sets and Scrub Regions
[4658.383s][info][gc,marking     ] GC(1407) Concurrent Rebuild Remembered Sets and Scrub Regions 276.475ms
[4658.385s][info][gc,start       ] GC(1407) Pause Cleanup
[4658.385s][info][gc             ] GC(1407) Pause Cleanup 2498M->2498M(4096M) 0.140ms
[4658.385s][info][gc,cpu         ] GC(1407) User=0.00s Sys=0.00s Real=0.00s
[4658.385s][info][gc,marking     ] GC(1407) Concurrent Clear Claimed Marks
[4658.385s][info][gc,marking     ] GC(1407) Concurrent Clear Claimed Marks 0.027ms
[4658.385s][info][gc,marking     ] GC(1407) Concurrent Cleanup for Next Mark
[4658.393s][info][gc,marking     ] GC(1407) Concurrent Cleanup for Next Mark 7.597ms
[4658.393s][info][gc             ] GC(1407) Concurrent Mark Cycle 1157.544ms
.[4659.352s][info][gc,start       ] GC(1408) Pause Young (Prepare Mixed) (G1 Evacuation Pause)
[4659.352s][info][gc,task        ] GC(1408) Using 6 workers of 6 for evacuation
[4659.472s][info][gc,phases      ] GC(1408)   Pre Evacuate Collection Set: 0.33ms
[4659.472s][info][gc,phases      ] GC(1408)   Merge Heap Roots: 0.47ms
[4659.472s][info][gc,phases      ] GC(1408)   Evacuate Collection Set: 118.04ms
[4659.472s][info][gc,phases      ] GC(1408)   Post Evacuate Collection Set: 0.91ms
[4659.472s][info][gc,phases      ] GC(1408)   Other: 0.08ms
[4659.472s][info][gc,heap        ] GC(1408) Eden regions: 1119->0(1106)
[4659.472s][info][gc,heap        ] GC(1408) Survivor regions: 109->112(154)
[4659.472s][info][gc,heap        ] GC(1408) Old regions: 503->535
[4659.472s][info][gc,heap        ] GC(1408) Humongous regions: 80->80
[4659.472s][info][gc,metaspace   ] GC(1408) Metaspace: 28962K(29376K)->28962K(29376K) NonClass: 24091K(24256K)->24091K(24256K) Class: 4870K(5120K)->4870K(5120K)
[4659.472s][info][gc             ] GC(1408) Pause Young (Prepare Mixed) (G1 Evacuation Pause) 3620M->1453M(4096M) 119.963ms
[4659.472s][info][gc,cpu         ] GC(1408) User=0.72s Sys=0.00s Real=0.12s
..[4661.500s][info][gc,start       ] GC(1409) Pause Young (Mixed) (G1 Evacuation Pause)
[4661.500s][info][gc,task        ] GC(1409) Using 6 workers of 6 for evacuation
[4661.635s][info][gc,phases      ] GC(1409)   Pre Evacuate Collection Set: 0.34ms
[4661.635s][info][gc,phases      ] GC(1409)   Merge Heap Roots: 0.60ms
[4661.635s][info][gc,phases      ] GC(1409)   Evacuate Collection Set: 132.24ms
[4661.635s][info][gc,phases      ] GC(1409)   Post Evacuate Collection Set: 0.95ms
[4661.635s][info][gc,phases      ] GC(1409)   Other: 0.09ms
[4661.635s][info][gc,heap        ] GC(1409) Eden regions: 1106->0(1116)
[4661.635s][info][gc,heap        ] GC(1409) Survivor regions: 112->112(153)
[4661.635s][info][gc,heap        ] GC(1409) Old regions: 535->477
[4661.635s][info][gc,heap        ] GC(1409) Humongous regions: 80->80
[4661.635s][info][gc,metaspace   ] GC(1409) Metaspace: 28962K(29376K)->28962K(29376K) NonClass: 24091K(24256K)->24091K(24256K) Class: 4870K(5120K)->4870K(5120K)
[4661.635s][info][gc             ] GC(1409) Pause Young (Mixed) (G1 Evacuation Pause) 3665M->1335M(4096M) 134.358ms
[4661.635s][info][gc,cpu         ] GC(1409) User=0.80s Sys=0.00s Real=0.14s
...[4663.789s][info][gc,start       ] GC(1410) Pause Young (Concurrent Start) (G1 Evacuation Pause)
[4663.789s][info][gc,task        ] GC(1410) Using 6 workers of 6 for evacuation
[4663.904s][info][gc,phases      ] GC(1410)   Pre Evacuate Collection Set: 0.36ms
[4663.904s][info][gc,phases      ] GC(1410)   Merge Heap Roots: 0.46ms
[4663.904s][info][gc,phases      ] GC(1410)   Evacuate Collection Set: 113.10ms
[4663.904s][info][gc,phases      ] GC(1410)   Post Evacuate Collection Set: 0.87ms
[4663.904s][info][gc,phases      ] GC(1410)   Other: 0.11ms
[4663.904s][info][gc,heap        ] GC(1410) Eden regions: 1116->0(1121)
[4663.904s][info][gc,heap        ] GC(1410) Survivor regions: 112->107(154)
[4663.904s][info][gc,heap        ] GC(1410) Old regions: 477->509
[4663.904s][info][gc,heap        ] GC(1410) Humongous regions: 80->80
[4663.904s][info][gc,metaspace   ] GC(1410) Metaspace: 28962K(29376K)->28962K(29376K) NonClass: 24091K(24256K)->24091K(24256K) Class: 4870K(5120K)->4870K(5120K)
[4663.904s][info][gc             ] GC(1410) Pause Young (Concurrent Start) (G1 Evacuation Pause) 3567M->1389M(4096M) 115.041ms
[4663.904s][info][gc             ] GC(1411) Concurrent Mark Cycle
[4663.904s][info][gc,marking     ] GC(1411) Concurrent Scan Root Regions
[4663.904s][info][gc,cpu         ] GC(1410) User=0.69s Sys=0.00s Real=0.12s
[4664.051s][info][gc,marking     ] GC(1411) Concurrent Scan Root Regions 146.915ms
[4664.051s][info][gc,marking     ] GC(1411) Concurrent Mark
[4664.051s][info][gc,marking     ] GC(1411) Concurrent Mark From Roots
[4664.051s][info][gc,task        ] GC(1411) Using 2 workers of 2 for marking
.[4664.863s][info][gc,marking     ] GC(1411) Concurrent Mark From Roots 811.581ms
[4664.863s][info][gc,marking     ] GC(1411) Concurrent Preclean
[4664.863s][info][gc,marking     ] GC(1411) Concurrent Preclean 0.160ms
[4664.864s][info][gc,start       ] GC(1411) Pause Remark
[4664.871s][info][gc             ] GC(1411) Pause Remark 2259M->2259M(4096M) 6.849ms
[4664.871s][info][gc,cpu         ] GC(1411) User=0.04s Sys=0.00s Real=0.00s
[4664.871s][info][gc,marking     ] GC(1411) Concurrent Mark 819.849ms
[4664.871s][info][gc,marking     ] GC(1411) Concurrent Rebuild Remembered Sets and Scrub Regions
[4665.143s][info][gc,marking     ] GC(1411) Concurrent Rebuild Remembered Sets and Scrub Regions 271.884ms
[4665.144s][info][gc,start       ] GC(1411) Pause Cleanup
[4665.144s][info][gc             ] GC(1411) Pause Cleanup 2551M->2551M(4096M) 0.121ms
[4665.144s][info][gc,cpu         ] GC(1411) User=0.00s Sys=0.00s Real=0.00s
[4665.146s][info][gc,marking     ] GC(1411) Concurrent Clear Claimed Marks
[4665.146s][info][gc,marking     ] GC(1411) Concurrent Clear Claimed Marks 0.055ms
[4665.146s][info][gc,marking     ] GC(1411) Concurrent Cleanup for Next Mark
[4665.153s][info][gc,marking     ] GC(1411) Concurrent Cleanup for Next Mark 6.527ms
[4665.153s][info][gc             ] GC(1411) Concurrent Mark Cycle 1248.290ms
.[4666.056s][info][gc,start       ] GC(1412) Pause Young (Prepare Mixed) (G1 Evacuation Pause)
[4666.056s][info][gc,task        ] GC(1412) Using 6 workers of 6 for evacuation
[4666.173s][info][gc,phases      ] GC(1412)   Pre Evacuate Collection Set: 0.32ms
[4666.173s][info][gc,phases      ] GC(1412)   Merge Heap Roots: 0.48ms
[4666.173s][info][gc,phases      ] GC(1412)   Evacuate Collection Set: 114.78ms
[4666.173s][info][gc,phases      ] GC(1412)   Post Evacuate Collection Set: 0.92ms
[4666.173s][info][gc,phases      ] GC(1412)   Other: 0.09ms
[4666.173s][info][gc,heap        ] GC(1412) Eden regions: 1121->0(1106)
[4666.173s][info][gc,heap        ] GC(1412) Survivor regions: 107->110(154)
[4666.173s][info][gc,heap        ] GC(1412) Old regions: 509->539
[4666.173s][info][gc,heap        ] GC(1412) Humongous regions: 80->80
[4666.173s][info][gc,metaspace   ] GC(1412) Metaspace: 28962K(29376K)->28962K(29376K) NonClass: 24091K(24256K)->24091K(24256K) Class: 4870K(5120K)->4870K(5120K)
[4666.173s][info][gc             ] GC(1412) Pause Young (Prepare Mixed) (G1 Evacuation Pause) 3631M->1457M(4096M) 116.744ms
[4666.173s][info][gc,cpu         ] GC(1412) User=0.69s Sys=0.00s Real=0.11s
..[4668.292s][info][gc,start       ] GC(1413) Pause Young (Mixed) (G1 Evacuation Pause)
[4668.292s][info][gc,task        ] GC(1413) Using 6 workers of 6 for evacuation
[4668.424s][info][gc,phases      ] GC(1413)   Pre Evacuate Collection Set: 0.35ms
[4668.424s][info][gc,phases      ] GC(1413)   Merge Heap Roots: 0.70ms
[4668.424s][info][gc,phases      ] GC(1413)   Evacuate Collection Set: 129.68ms
[4668.424s][info][gc,phases      ] GC(1413)   Post Evacuate Collection Set: 0.92ms
[4668.424s][info][gc,phases      ] GC(1413)   Other: 0.08ms
[4668.424s][info][gc,heap        ] GC(1413) Eden regions: 1106->0(1118)
[4668.424s][info][gc,heap        ] GC(1413) Survivor regions: 110->110(152)
[4668.424s][info][gc,heap        ] GC(1413) Old regions: 539->473
[4668.424s][info][gc,heap        ] GC(1413) Humongous regions: 80->80
[4668.424s][info][gc,metaspace   ] GC(1413) Metaspace: 28962K(29376K)->28962K(29376K) NonClass: 24091K(24256K)->24091K(24256K) Class: 4870K(5120K)->4870K(5120K)
[4668.424s][info][gc             ] GC(1413) Pause Young (Mixed) (G1 Evacuation Pause) 3669M->1323M(4096M) 131.893ms
[4668.424s][info][gc,cpu         ] GC(1413) User=0.78s Sys=0.00s Real=0.14s
..[4670.431s][info][gc,start       ] GC(1414) Pause Young (Concurrent Start) (G1 Evacuation Pause)
[4670.432s][info][gc,task        ] GC(1414) Using 6 workers of 6 for evacuation
[4670.551s][info][gc,phases      ] GC(1414)   Pre Evacuate Collection Set: 0.33ms
[4670.551s][info][gc,phases      ] GC(1414)   Merge Heap Roots: 0.47ms
[4670.551s][info][gc,phases      ] GC(1414)   Evacuate Collection Set: 117.77ms
[4670.551s][info][gc,phases      ] GC(1414)   Post Evacuate Collection Set: 0.86ms
[4670.551s][info][gc,phases      ] GC(1414)   Other: 0.10ms
[4670.551s][info][gc,heap        ] GC(1414) Eden regions: 1118->0(1114)
[4670.551s][info][gc,heap        ] GC(1414) Survivor regions: 110->114(154)
[4670.551s][info][gc,heap        ] GC(1414) Old regions: 473->505
[4670.551s][info][gc,heap        ] GC(1414) Humongous regions: 80->80
[4670.551s][info][gc,metaspace   ] GC(1414) Metaspace: 28962K(29376K)->28962K(29376K) NonClass: 24091K(24256K)->24091K(24256K) Class: 4870K(5120K)->4870K(5120K)
[4670.551s][info][gc             ] GC(1414) Pause Young (Concurrent Start) (G1 Evacuation Pause) 3559M->1395M(4096M) 119.656ms
[4670.551s][info][gc             ] GC(1415) Concurrent Mark Cycle
[4670.551s][info][gc,marking     ] GC(1415) Concurrent Scan Root Regions
[4670.551s][info][gc,cpu         ] GC(1414) User=0.72s Sys=0.00s Real=0.12s
[4670.768s][info][gc,marking     ] GC(1415) Concurrent Scan Root Regions 216.934ms
[4670.768s][info][gc,marking     ] GC(1415) Concurrent Mark
[4670.768s][info][gc,marking     ] GC(1415) Concurrent Mark From Roots
[4670.768s][info][gc,task        ] GC(1415) Using 2 workers of 2 for marking
.[4671.540s][info][gc,marking     ] GC(1415) Concurrent Mark From Roots 771.346ms
[4671.540s][info][gc,marking     ] GC(1415) Concurrent Preclean
[4671.540s][info][gc,marking     ] GC(1415) Concurrent Preclean 0.114ms
[4671.543s][info][gc,start       ] GC(1415) Pause Remark
[4671.550s][info][gc             ] GC(1415) Pause Remark 2351M->2351M(4096M) 6.434ms
[4671.550s][info][gc,cpu         ] GC(1415) User=0.04s Sys=0.00s Real=0.00s
[4671.550s][info][gc,marking     ] GC(1415) Concurrent Mark 781.612ms
[4671.550s][info][gc,marking     ] GC(1415) Concurrent Rebuild Remembered Sets and Scrub Regions
[4671.820s][info][gc,marking     ] GC(1415) Concurrent Rebuild Remembered Sets and Scrub Regions 270.607ms
[4671.822s][info][gc,start       ] GC(1415) Pause Cleanup
[4671.822s][info][gc             ] GC(1415) Pause Cleanup 2553M->2553M(4096M) 0.124ms
[4671.822s][info][gc,cpu         ] GC(1415) User=0.00s Sys=0.00s Real=0.00s
[4671.823s][info][gc,marking     ] GC(1415) Concurrent Clear Claimed Marks
[4671.823s][info][gc,marking     ] GC(1415) Concurrent Clear Claimed Marks 0.036ms
[4671.823s][info][gc,marking     ] GC(1415) Concurrent Cleanup for Next Mark
[4671.827s][info][gc,marking     ] GC(1415) Concurrent Cleanup for Next Mark 4.518ms
[4671.827s][info][gc             ] GC(1415) Concurrent Mark Cycle 1275.971ms
.[4672.734s][info][gc,start       ] GC(1416) Pause Young (Prepare Mixed) (G1 Evacuation Pause)
[4672.735s][info][gc,task        ] GC(1416) Using 6 workers of 6 for evacuation
[4672.856s][info][gc,phases      ] GC(1416)   Pre Evacuate Collection Set: 0.31ms
[4672.856s][info][gc,phases      ] GC(1416)   Merge Heap Roots: 0.50ms
[4672.856s][info][gc,phases      ] GC(1416)   Evacuate Collection Set: 119.57ms
[4672.856s][info][gc,phases      ] GC(1416)   Post Evacuate Collection Set: 0.91ms
[4672.856s][info][gc,phases      ] GC(1416)   Other: 0.09ms
[4672.856s][info][gc,heap        ] GC(1416) Eden regions: 1114->0(1102)
[4672.856s][info][gc,heap        ] GC(1416) Survivor regions: 114->113(154)
[4672.856s][info][gc,heap        ] GC(1416) Old regions: 505->537
[4672.856s][info][gc,heap        ] GC(1416) Humongous regions: 80->80
[4672.856s][info][gc,metaspace   ] GC(1416) Metaspace: 28962K(29376K)->28962K(29376K) NonClass: 24091K(24256K)->24091K(24256K) Class: 4870K(5120K)->4870K(5120K)
[4672.856s][info][gc             ] GC(1416) Pause Young (Prepare Mixed) (G1 Evacuation Pause) 3623M->1459M(4096M) 121.527ms
[4672.856s][info][gc,cpu         ] GC(1416) User=0.73s Sys=0.00s Real=0.12s
..[4674.865s][info][gc,start       ] GC(1417) Pause Young (Mixed) (G1 Evacuation Pause)
[4674.865s][info][gc,task        ] GC(1417) Using 6 workers of 6 for evacuation
[4674.999s][info][gc,phases      ] GC(1417)   Pre Evacuate Collection Set: 0.37ms
[4674.999s][info][gc,phases      ] GC(1417)   Merge Heap Roots: 0.64ms
[4674.999s][info][gc,phases      ] GC(1417)   Evacuate Collection Set: 131.51ms
[4674.999s][info][gc,phases      ] GC(1417)   Post Evacuate Collection Set: 0.91ms
[4674.999s][info][gc,phases      ] GC(1417)   Other: 0.08ms
[4674.999s][info][gc,heap        ] GC(1417) Eden regions: 1102->0(1117)
[4674.999s][info][gc,heap        ] GC(1417) Survivor regions: 113->111(152)
[4674.999s][info][gc,heap        ] GC(1417) Old regions: 537->476
[4674.999s][info][gc,heap        ] GC(1417) Humongous regions: 80->80
[4674.999s][info][gc,metaspace   ] GC(1417) Metaspace: 28962K(29376K)->28962K(29376K) NonClass: 24091K(24256K)->24091K(24256K) Class: 4870K(5120K)->4870K(5120K)
[4674.999s][info][gc             ] GC(1417) Pause Young (Mixed) (G1 Evacuation Pause) 3663M->1331M(4096M) 133.656ms
[4674.999s][info][gc,cpu         ] GC(1417) User=0.79s Sys=0.00s Real=0.13s
...[4677.162s][info][gc,start       ] GC(1418) Pause Young (Concurrent Start) (G1 Evacuation Pause)
[4677.162s][info][gc,task        ] GC(1418) Using 6 workers of 6 for evacuation
[4677.277s][info][gc,phases      ] GC(1418)   Pre Evacuate Collection Set: 0.36ms
[4677.277s][info][gc,phases      ] GC(1418)   Merge Heap Roots: 0.46ms
[4677.277s][info][gc,phases      ] GC(1418)   Evacuate Collection Set: 113.56ms
[4677.277s][info][gc,phases      ] GC(1418)   Post Evacuate Collection Set: 0.87ms
[4677.277s][info][gc,phases      ] GC(1418)   Other: 0.11ms
[4677.277s][info][gc,heap        ] GC(1418) Eden regions: 1117->0(1120)
[4677.277s][info][gc,heap        ] GC(1418) Survivor regions: 111->108(154)
[4677.277s][info][gc,heap        ] GC(1418) Old regions: 476->509
[4677.277s][info][gc,heap        ] GC(1418) Humongous regions: 80->80
[4677.277s][info][gc,metaspace   ] GC(1418) Metaspace: 28962K(29376K)->28962K(29376K) NonClass: 24091K(24256K)->24091K(24256K) Class: 4870K(5120K)->4870K(5120K)
[4677.277s][info][gc             ] GC(1418) Pause Young (Concurrent Start) (G1 Evacuation Pause) 3565M->1392M(4096M) 115.491ms
[4677.277s][info][gc             ] GC(1419) Concurrent Mark Cycle
[4677.277s][info][gc,marking     ] GC(1419) Concurrent Scan Root Regions
[4677.277s][info][gc,cpu         ] GC(1418) User=0.69s Sys=0.00s Real=0.12s
[4677.461s][info][gc,marking     ] GC(1419) Concurrent Scan Root Regions 183.775ms
[4677.461s][info][gc,marking     ] GC(1419) Concurrent Mark
[4677.461s][info][gc,marking     ] GC(1419) Concurrent Mark From Roots
[4677.461s][info][gc,task        ] GC(1419) Using 2 workers of 2 for marking
.[4678.541s][info][gc,marking     ] GC(1419) Concurrent Mark From Roots 1079.536ms
[4678.541s][info][gc,marking     ] GC(1419) Concurrent Preclean
[4678.541s][info][gc,marking     ] GC(1419) Concurrent Preclean 0.172ms
[4678.542s][info][gc,start       ] GC(1419) Pause Remark
[4678.546s][info][gc             ] GC(1419) Pause Remark 2656M->2656M(4096M) 4.518ms
[4678.546s][info][gc,cpu         ] GC(1419) User=0.02s Sys=0.00s Real=0.01s
[4678.547s][info][gc,marking     ] GC(1419) Concurrent Mark 1085.909ms
[4678.547s][info][gc,marking     ] GC(1419) Concurrent Rebuild Remembered Sets and Scrub Regions
[4679.002s][info][gc,marking     ] GC(1419) Concurrent Rebuild Remembered Sets and Scrub Regions 455.390ms
[4679.003s][info][gc,start       ] GC(1419) Pause Cleanup
[4679.004s][info][gc             ] GC(1419) Pause Cleanup 3147M->3147M(4096M) 0.136ms
[4679.004s][info][gc,cpu         ] GC(1419) User=0.00s Sys=0.00s Real=0.00s
[4679.004s][info][gc,marking     ] GC(1419) Concurrent Clear Claimed Marks
[4679.005s][info][gc,marking     ] GC(1419) Concurrent Clear Claimed Marks 0.035ms
[4679.005s][info][gc,marking     ] GC(1419) Concurrent Cleanup for Next Mark
[4679.010s][info][gc,marking     ] GC(1419) Concurrent Cleanup for Next Mark 5.146ms
[4679.010s][info][gc             ] GC(1419) Concurrent Mark Cycle 1732.501ms
.[4679.400s][info][gc,start       ] GC(1420) Pause Young (Prepare Mixed) (G1 Evacuation Pause)
[4679.400s][info][gc,task        ] GC(1420) Using 6 workers of 6 for evacuation
[4679.516s][info][gc,phases      ] GC(1420)   Pre Evacuate Collection Set: 0.32ms
[4679.516s][info][gc,phases      ] GC(1420)   Merge Heap Roots: 0.49ms
[4679.516s][info][gc,phases      ] GC(1420)   Evacuate Collection Set: 114.40ms
[4679.516s][info][gc,phases      ] GC(1420)   Post Evacuate Collection Set: 0.89ms
[4679.516s][info][gc,phases      ] GC(1420)   Other: 0.08ms
[4679.516s][info][gc,heap        ] GC(1420) Eden regions: 1120->0(1105)
[4679.516s][info][gc,heap        ] GC(1420) Survivor regions: 108->110(154)
[4679.516s][info][gc,heap        ] GC(1420) Old regions: 509->540
[4679.516s][info][gc,heap        ] GC(1420) Humongous regions: 80->80
[4679.516s][info][gc,metaspace   ] GC(1420) Metaspace: 28962K(29376K)->28962K(29376K) NonClass: 24091K(24256K)->24091K(24256K) Class: 4870K(5120K)->4870K(5120K)
[4679.516s][info][gc             ] GC(1420) Pause Young (Prepare Mixed) (G1 Evacuation Pause) 3632M->1458M(4096M) 116.309ms
[4679.516s][info][gc,cpu         ] GC(1420) User=0.70s Sys=0.00s Real=0.12s
..[4681.588s][info][gc,start       ] GC(1421) Pause Young (Mixed) (G1 Evacuation Pause)
[4681.588s][info][gc,task        ] GC(1421) Using 6 workers of 6 for evacuation
[4681.724s][info][gc,phases      ] GC(1421)   Pre Evacuate Collection Set: 0.36ms
[4681.724s][info][gc,phases      ] GC(1421)   Merge Heap Roots: 0.63ms
[4681.724s][info][gc,phases      ] GC(1421)   Evacuate Collection Set: 133.35ms
[4681.724s][info][gc,phases      ] GC(1421)   Post Evacuate Collection Set: 0.92ms
[4681.724s][info][gc,phases      ] GC(1421)   Other: 0.09ms
[4681.724s][info][gc,heap        ] GC(1421) Eden regions: 1105->0(1114)
[4681.724s][info][gc,heap        ] GC(1421) Survivor regions: 110->114(152)
[4681.724s][info][gc,heap        ] GC(1421) Old regions: 540->476
[4681.724s][info][gc,heap        ] GC(1421) Humongous regions: 80->80
[4681.724s][info][gc,metaspace   ] GC(1421) Metaspace: 28962K(29376K)->28962K(29376K) NonClass: 24091K(24256K)->24091K(24256K) Class: 4870K(5120K)->4870K(5120K)
[4681.724s][info][gc             ] GC(1421) Pause Young (Mixed) (G1 Evacuation Pause) 3668M->1338M(4096M) 135.469ms
[4681.724s][info][gc,cpu         ] GC(1421) User=0.80s Sys=0.01s Real=0.14s
..[4683.791s][info][gc,start       ] GC(1422) Pause Young (Concurrent Start) (G1 Evacuation Pause)
[4683.791s][info][gc,task        ] GC(1422) Using 6 workers of 6 for evacuation
[4683.905s][info][gc,phases      ] GC(1422)   Pre Evacuate Collection Set: 0.37ms
[4683.905s][info][gc,phases      ] GC(1422)   Merge Heap Roots: 0.49ms
[4683.905s][info][gc,phases      ] GC(1422)   Evacuate Collection Set: 112.57ms
[4683.905s][info][gc,phases      ] GC(1422)   Post Evacuate Collection Set: 0.89ms
[4683.905s][info][gc,phases      ] GC(1422)   Other: 0.11ms
[4683.905s][info][gc,heap        ] GC(1422) Eden regions: 1114->0(1119)
[4683.905s][info][gc,heap        ] GC(1422) Survivor regions: 114->109(154)
[4683.905s][info][gc,heap        ] GC(1422) Old regions: 476->508
[4683.905s][info][gc,heap        ] GC(1422) Humongous regions: 80->80
[4683.905s][info][gc,metaspace   ] GC(1422) Metaspace: 28962K(29376K)->28962K(29376K) NonClass: 24091K(24256K)->24091K(24256K) Class: 4870K(5120K)->4870K(5120K)
[4683.905s][info][gc             ] GC(1422) Pause Young (Concurrent Start) (G1 Evacuation Pause) 3566M->1392M(4096M) 114.568ms
[4683.905s][info][gc             ] GC(1423) Concurrent Mark Cycle
[4683.905s][info][gc,marking     ] GC(1423) Concurrent Scan Root Regions
[4683.905s][info][gc,cpu         ] GC(1422) User=0.68s Sys=0.01s Real=0.12s
[4684.090s][info][gc,marking     ] GC(1423) Concurrent Scan Root Regions 184.463ms
[4684.090s][info][gc,marking     ] GC(1423) Concurrent Mark
[4684.090s][info][gc,marking     ] GC(1423) Concurrent Mark From Roots
[4684.090s][info][gc,task        ] GC(1423) Using 2 workers of 2 for marking
.[4685.144s][info][gc,marking     ] GC(1423) Concurrent Mark From Roots 1054.600ms
[4685.145s][info][gc,marking     ] GC(1423) Concurrent Preclean
[4685.145s][info][gc,marking     ] GC(1423) Concurrent Preclean 0.127ms
[4685.148s][info][gc,start       ] GC(1423) Pause Remark
[4685.153s][info][gc             ] GC(1423) Pause Remark 2622M->2622M(4096M) 5.232ms
[4685.153s][info][gc,cpu         ] GC(1423) User=0.03s Sys=0.00s Real=0.00s
[4685.153s][info][gc,marking     ] GC(1423) Concurrent Mark 1063.182ms
[4685.153s][info][gc,marking     ] GC(1423) Concurrent Rebuild Remembered Sets and Scrub Regions
.[4685.521s][info][gc,marking     ] GC(1423) Concurrent Rebuild Remembered Sets and Scrub Regions 367.604ms
[4685.521s][info][gc,start       ] GC(1423) Pause Cleanup
[4685.521s][info][gc             ] GC(1423) Pause Cleanup 3022M->3022M(4096M) 0.119ms
[4685.521s][info][gc,cpu         ] GC(1423) User=0.00s Sys=0.00s Real=0.00s
[4685.521s][info][gc,marking     ] GC(1423) Concurrent Clear Claimed Marks
[4685.521s][info][gc,marking     ] GC(1423) Concurrent Clear Claimed Marks 0.026ms
[4685.521s][info][gc,marking     ] GC(1423) Concurrent Cleanup for Next Mark
[4685.533s][info][gc,marking     ] GC(1423) Concurrent Cleanup for Next Mark 12.396ms
[4685.534s][info][gc             ] GC(1423) Concurrent Mark Cycle 1628.247ms
[4686.019s][info][gc,start       ] GC(1424) Pause Young (Prepare Mixed) (G1 Evacuation Pause)
[4686.019s][info][gc,task        ] GC(1424) Using 6 workers of 6 for evacuation
[4686.133s][info][gc,phases      ] GC(1424)   Pre Evacuate Collection Set: 0.34ms
[4686.133s][info][gc,phases      ] GC(1424)   Merge Heap Roots: 0.50ms
[4686.133s][info][gc,phases      ] GC(1424)   Evacuate Collection Set: 112.20ms
[4686.133s][info][gc,phases      ] GC(1424)   Post Evacuate Collection Set: 0.90ms
[4686.133s][info][gc,phases      ] GC(1424)   Other: 0.08ms
[4686.133s][info][gc,heap        ] GC(1424) Eden regions: 1119->0(1109)
[4686.133s][info][gc,heap        ] GC(1424) Survivor regions: 109->108(154)
[4686.133s][info][gc,heap        ] GC(1424) Old regions: 508->540
[4686.133s][info][gc,heap        ] GC(1424) Humongous regions: 80->80
[4686.133s][info][gc,metaspace   ] GC(1424) Metaspace: 28962K(29376K)->28962K(29376K) NonClass: 24091K(24256K)->24091K(24256K) Class: 4870K(5120K)->4870K(5120K)
[4686.133s][info][gc             ] GC(1424) Pause Young (Prepare Mixed) (G1 Evacuation Pause) 3630M->1454M(4096M) 114.155ms
[4686.133s][info][gc,cpu         ] GC(1424) User=0.68s Sys=0.00s Real=0.11s
..[4688.202s][info][gc,start       ] GC(1425) Pause Young (Mixed) (G1 Evacuation Pause)
[4688.202s][info][gc,task        ] GC(1425) Using 6 workers of 6 for evacuation
[4688.334s][info][gc,phases      ] GC(1425)   Pre Evacuate Collection Set: 0.37ms
[4688.334s][info][gc,phases      ] GC(1425)   Merge Heap Roots: 0.68ms
[4688.334s][info][gc,phases      ] GC(1425)   Evacuate Collection Set: 130.55ms
[4688.334s][info][gc,phases      ] GC(1425)   Post Evacuate Collection Set: 0.94ms
[4688.334s][info][gc,phases      ] GC(1425)   Other: 0.09ms
[4688.334s][info][gc,heap        ] GC(1425) Eden regions: 1109->0(1117)
[4688.334s][info][gc,heap        ] GC(1425) Survivor regions: 108->111(153)
[4688.334s][info][gc,heap        ] GC(1425) Old regions: 540->474
[4688.334s][info][gc,heap        ] GC(1425) Humongous regions: 80->80
[4688.334s][info][gc,metaspace   ] GC(1425) Metaspace: 28962K(29376K)->28962K(29376K) NonClass: 24091K(24256K)->24091K(24256K) Class: 4870K(5120K)->4870K(5120K)
[4688.334s][info][gc             ] GC(1425) Pause Young (Mixed) (G1 Evacuation Pause) 3672M->1329M(4096M) 132.778ms
[4688.334s][info][gc,cpu         ] GC(1425) User=0.79s Sys=0.00s Real=0.14s
...[4690.400s][info][gc,start       ] GC(1426) Pause Young (Concurrent Start) (G1 Evacuation Pause)
[4690.401s][info][gc,task        ] GC(1426) Using 6 workers of 6 for evacuation
[4690.516s][info][gc,phases      ] GC(1426)   Pre Evacuate Collection Set: 0.37ms
[4690.516s][info][gc,phases      ] GC(1426)   Merge Heap Roots: 0.45ms
[4690.516s][info][gc,phases      ] GC(1426)   Evacuate Collection Set: 113.42ms
[4690.516s][info][gc,phases      ] GC(1426)   Post Evacuate Collection Set: 0.88ms
[4690.516s][info][gc,phases      ] GC(1426)   Other: 0.15ms
[4690.516s][info][gc,heap        ] GC(1426) Eden regions: 1117->0(1119)
[4690.516s][info][gc,heap        ] GC(1426) Survivor regions: 111->109(154)
[4690.516s][info][gc,heap        ] GC(1426) Old regions: 474->506
[4690.516s][info][gc,heap        ] GC(1426) Humongous regions: 80->80
[4690.516s][info][gc,metaspace   ] GC(1426) Metaspace: 28962K(29376K)->28962K(29376K) NonClass: 24091K(24256K)->24091K(24256K) Class: 4870K(5120K)->4870K(5120K)
[4690.516s][info][gc             ] GC(1426) Pause Young (Concurrent Start) (G1 Evacuation Pause) 3563M->1389M(4096M) 115.389ms
[4690.516s][info][gc             ] GC(1427) Concurrent Mark Cycle
[4690.516s][info][gc,marking     ] GC(1427) Concurrent Scan Root Regions
[4690.516s][info][gc,cpu         ] GC(1426) User=0.68s Sys=0.00s Real=0.12s
[4690.697s][info][gc,marking     ] GC(1427) Concurrent Scan Root Regions 181.353ms
[4690.697s][info][gc,marking     ] GC(1427) Concurrent Mark
[4690.697s][info][gc,marking     ] GC(1427) Concurrent Mark From Roots
[4690.697s][info][gc,task        ] GC(1427) Using 2 workers of 2 for marking
.[4691.658s][info][gc,marking     ] GC(1427) Concurrent Mark From Roots 960.386ms
[4691.658s][info][gc,marking     ] GC(1427) Concurrent Preclean
[4691.658s][info][gc,marking     ] GC(1427) Concurrent Preclean 0.128ms
[4691.660s][info][gc,start       ] GC(1427) Pause Remark
[4691.666s][info][gc             ] GC(1427) Pause Remark 2499M->2499M(4096M) 6.383ms
[4691.666s][info][gc,cpu         ] GC(1427) User=0.04s Sys=0.00s Real=0.01s
[4691.667s][info][gc,marking     ] GC(1427) Concurrent Mark 969.491ms
[4691.667s][info][gc,marking     ] GC(1427) Concurrent Rebuild Remembered Sets and Scrub Regions
[4692.109s][info][gc,marking     ] GC(1427) Concurrent Rebuild Remembered Sets and Scrub Regions 442.230ms
[4692.112s][info][gc,start       ] GC(1427) Pause Cleanup
[4692.112s][info][gc             ] GC(1427) Pause Cleanup 3003M->3003M(4096M) 0.132ms
[4692.112s][info][gc,cpu         ] GC(1427) User=0.00s Sys=0.00s Real=0.00s
[4692.112s][info][gc,marking     ] GC(1427) Concurrent Clear Claimed Marks
[4692.112s][info][gc,marking     ] GC(1427) Concurrent Clear Claimed Marks 0.039ms
[4692.112s][info][gc,marking     ] GC(1427) Concurrent Cleanup for Next Mark
[4692.117s][info][gc,marking     ] GC(1427) Concurrent Cleanup for Next Mark 4.348ms
[4692.117s][info][gc             ] GC(1427) Concurrent Mark Cycle 1600.777ms
.[4692.653s][info][gc,start       ] GC(1428) Pause Young (Prepare Mixed) (G1 Evacuation Pause)
[4692.653s][info][gc,task        ] GC(1428) Using 6 workers of 6 for evacuation
[4692.772s][info][gc,phases      ] GC(1428)   Pre Evacuate Collection Set: 0.33ms
[4692.772s][info][gc,phases      ] GC(1428)   Merge Heap Roots: 0.50ms
[4692.772s][info][gc,phases      ] GC(1428)   Evacuate Collection Set: 117.00ms
[4692.772s][info][gc,phases      ] GC(1428)   Post Evacuate Collection Set: 0.92ms
[4692.772s][info][gc,phases      ] GC(1428)   Other: 0.08ms
[4692.772s][info][gc,heap        ] GC(1428) Eden regions: 1119->0(1104)
[4692.772s][info][gc,heap        ] GC(1428) Survivor regions: 109->111(154)
[4692.772s][info][gc,heap        ] GC(1428) Old regions: 506->539
[4692.772s][info][gc,heap        ] GC(1428) Humongous regions: 80->80
[4692.772s][info][gc,metaspace   ] GC(1428) Metaspace: 28962K(29376K)->28962K(29376K) NonClass: 24091K(24256K)->24091K(24256K) Class: 4870K(5120K)->4870K(5120K)
[4692.772s][info][gc             ] GC(1428) Pause Young (Prepare Mixed) (G1 Evacuation Pause) 3627M->1458M(4096M) 118.965ms
[4692.772s][info][gc,cpu         ] GC(1428) User=0.71s Sys=0.00s Real=0.12s
..[4694.797s][info][gc,start       ] GC(1429) Pause Young (Mixed) (G1 Evacuation Pause)
[4694.797s][info][gc,task        ] GC(1429) Using 6 workers of 6 for evacuation
[4694.924s][info][gc,phases      ] GC(1429)   Pre Evacuate Collection Set: 0.37ms
[4694.924s][info][gc,phases      ] GC(1429)   Merge Heap Roots: 0.64ms
[4694.924s][info][gc,phases      ] GC(1429)   Evacuate Collection Set: 124.83ms
[4694.924s][info][gc,phases      ] GC(1429)   Post Evacuate Collection Set: 0.95ms
[4694.924s][info][gc,phases      ] GC(1429)   Other: 0.09ms
[4694.924s][info][gc,heap        ] GC(1429) Eden regions: 1104->0(1122)
[4694.924s][info][gc,heap        ] GC(1429) Survivor regions: 111->106(152)
[4694.924s][info][gc,heap        ] GC(1429) Old regions: 539->474
